[0.008s][info][gc] Using Parallel
[0.011s][info][gc,init] Version: 17.0.12+7-adhoc..jdk17u (release)
[0.011s][info][gc,init] CPUs: 6 total, 6 available
[0.011s][info][gc,init] Memory: 15591M
[0.011s][info][gc,init] Large Page Support: Disabled
[0.011s][info][gc,init] NUMA Support: Disabled
[0.011s][info][gc,init] Compressed Oops: Enabled (32-bit)
[0.011s][info][gc,init] Alignments: Space 512K, Generation 512K, Heap 2M
[0.011s][info][gc,init] Heap Min Capacity: 1G
[0.011s][info][gc,init] Heap Initial Capacity: 1G
[0.011s][info][gc,init] Heap Max Capacity: 1G
[0.011s][info][gc,init] Pre-touch: Disabled
[0.012s][info][gc,init] Parallel Workers: 6
[0.020s][info][gc,metaspace] CDS archive(s) mapped at: [0x000001de0f000000-0x000001de0fbc0000-0x000001de0fbc0000), size 12320768, SharedBaseAddress: 0x000001de0f000000, ArchiveRelocationMode: 1.
[0.020s][info][gc,metaspace] Compressed class space mapped at: 0x000001de10000000-0x000001de50000000, reserved size: 1073741824
[0.020s][info][gc,metaspace] Narrow klass base: 0x000001de0f000000, Narrow klass shift: 0, Narrow klass range: 0x100000000
[3.258s][info][gc,start    ] GC(0) Pause Young (Allocation Failure)
[3.264s][info][gc,heap     ] GC(0) PSYoungGen: 262144K(305664K)->13180K(305664K) Eden: 262144K(262144K)->0K(262144K) From: 0K(43520K)->13180K(43520K)
[3.264s][info][gc,heap     ] GC(0) ParOldGen: 0K(699392K)->24K(699392K)
[3.264s][info][gc,metaspace] GC(0) Metaspace: 14441K(14656K)->14441K(14656K) NonClass: 12795K(12928K)->12795K(12928K) Class: 1645K(1728K)->1645K(1728K)
[3.264s][info][gc          ] GC(0) Pause Young (Allocation Failure) 256M->12M(981M) 5.270ms
[3.264s][info][gc,cpu      ] GC(0) User=0.00s Sys=0.00s Real=0.01s
[3.360s][info][gc,start    ] GC(1) Pause Young (Allocation Failure)
[3.365s][info][gc,heap     ] GC(1) PSYoungGen: 275324K(305664K)->13203K(305664K) Eden: 262144K(262144K)->0K(262144K) From: 13180K(43520K)->13203K(43520K)
[3.365s][info][gc,heap     ] GC(1) ParOldGen: 24K(699392K)->32K(699392K)
[3.365s][info][gc,metaspace] GC(1) Metaspace: 14443K(14656K)->14443K(14656K) NonClass: 12797K(12928K)->12797K(12928K) Class: 1645K(1728K)->1645K(1728K)
[3.365s][info][gc          ] GC(1) Pause Young (Allocation Failure) 268M->12M(981M) 4.864ms
[3.365s][info][gc,cpu      ] GC(1) User=0.00s Sys=0.00s Real=0.00s
[3.450s][info][gc,start    ] GC(2) Pause Young (Allocation Failure)
[3.453s][info][gc,heap     ] GC(2) PSYoungGen: 275347K(305664K)->13133K(305664K) Eden: 262144K(262144K)->0K(262144K) From: 13203K(43520K)->13133K(43520K)
[3.453s][info][gc,heap     ] GC(2) ParOldGen: 32K(699392K)->40K(699392K)
[3.453s][info][gc,metaspace] GC(2) Metaspace: 14443K(14656K)->14443K(14656K) NonClass: 12797K(12928K)->12797K(12928K) Class: 1645K(1728K)->1645K(1728K)
[3.453s][info][gc          ] GC(2) Pause Young (Allocation Failure) 268M->12M(981M) 3.293ms
[3.453s][info][gc,cpu      ] GC(2) User=0.02s Sys=0.03s Real=0.01s
[3.540s][info][gc,start    ] GC(3) Pause Young (Allocation Failure)
[3.543s][info][gc,heap     ] GC(3) PSYoungGen: 275277K(305664K)->13185K(305664K) Eden: 262144K(262144K)->0K(262144K) From: 13133K(43520K)->13185K(43520K)
[3.543s][info][gc,heap     ] GC(3) ParOldGen: 40K(699392K)->48K(699392K)
[3.543s][info][gc,metaspace] GC(3) Metaspace: 14443K(14656K)->14443K(14656K) NonClass: 12797K(12928K)->12797K(12928K) Class: 1645K(1728K)->1645K(1728K)
[3.544s][info][gc          ] GC(3) Pause Young (Allocation Failure) 268M->12M(981M) 3.539ms
[3.544s][info][gc,cpu      ] GC(3) User=0.00s Sys=0.00s Real=0.00s
[3.617s][info][gc,start    ] GC(4) Pause Young (Allocation Failure)
[3.620s][info][gc,heap     ] GC(4) PSYoungGen: 275329K(305664K)->13149K(305664K) Eden: 262144K(262144K)->0K(262144K) From: 13185K(43520K)->13149K(43520K)
[3.620s][info][gc,heap     ] GC(4) ParOldGen: 48K(699392K)->1080K(699392K)
[3.620s][info][gc,metaspace] GC(4) Metaspace: 14445K(14656K)->14445K(14656K) NonClass: 12799K(12928K)->12799K(12928K) Class: 1645K(1728K)->1645K(1728K)
[3.620s][info][gc          ] GC(4) Pause Young (Allocation Failure) 268M->13M(981M) 3.505ms
[3.620s][info][gc,cpu      ] GC(4) User=0.00s Sys=0.00s Real=0.00s
[3.694s][info][gc,start    ] GC(5) Pause Young (Allocation Failure)
[3.697s][info][gc,heap     ] GC(5) PSYoungGen: 275293K(305664K)->12154K(334848K) Eden: 262144K(262144K)->0K(321536K) From: 13149K(43520K)->12154K(13312K)
[3.697s][info][gc,heap     ] GC(5) ParOldGen: 1080K(699392K)->1080K(699392K)
[3.697s][info][gc,metaspace] GC(5) Metaspace: 14445K(14656K)->14445K(14656K) NonClass: 12799K(12928K)->12799K(12928K) Class: 1645K(1728K)->1645K(1728K)
[3.697s][info][gc          ] GC(5) Pause Young (Allocation Failure) 269M->12M(1010M) 3.749ms
[3.697s][info][gc,cpu      ] GC(5) User=0.00s Sys=0.00s Real=0.00s
[3.787s][info][gc,start    ] GC(6) Pause Young (Allocation Failure)
[3.792s][info][gc,heap     ] GC(6) PSYoungGen: 333690K(334848K)->64K(322048K) Eden: 321536K(321536K)->0K(321536K) From: 12154K(13312K)->64K(512K)
[3.792s][info][gc,heap     ] GC(6) ParOldGen: 1080K(699392K)->13113K(699392K)
[3.792s][info][gc,metaspace] GC(6) Metaspace: 14445K(14656K)->14445K(14656K) NonClass: 12799K(12928K)->12799K(12928K) Class: 1645K(1728K)->1645K(1728K)
[3.792s][info][gc          ] GC(6) Pause Young (Allocation Failure) 326M->12M(997M) 5.550ms
[3.792s][info][gc,cpu      ] GC(6) User=0.00s Sys=0.00s Real=0.02s
[3.880s][info][gc,start    ] GC(7) Pause Young (Allocation Failure)
[3.880s][info][gc,heap     ] GC(7) PSYoungGen: 321600K(322048K)->192K(329728K) Eden: 321536K(321536K)->0K(313344K) From: 64K(512K)->192K(16384K)
[3.880s][info][gc,heap     ] GC(7) ParOldGen: 13113K(699392K)->13113K(699392K)
[3.880s][info][gc,metaspace] GC(7) Metaspace: 14445K(14656K)->14445K(14656K) NonClass: 12799K(12928K)->12799K(12928K) Class: 1645K(1728K)->1645K(1728K)
[3.880s][info][gc          ] GC(7) Pause Young (Allocation Failure) 326M->12M(1005M) 0.803ms
[3.880s][info][gc,cpu      ] GC(7) User=0.00s Sys=0.00s Real=0.00s
[3.967s][info][gc,start    ] GC(8) Pause Young (Allocation Failure)
[3.968s][info][gc,heap     ] GC(8) PSYoungGen: 313536K(329728K)->128K(313856K) Eden: 313344K(313344K)->0K(313344K) From: 192K(16384K)->128K(512K)
[3.968s][info][gc,heap     ] GC(8) ParOldGen: 13113K(699392K)->13153K(699392K)
[3.968s][info][gc,metaspace] GC(8) Metaspace: 14445K(14656K)->14445K(14656K) NonClass: 12799K(12928K)->12799K(12928K) Class: 1645K(1728K)->1645K(1728K)
[3.968s][info][gc          ] GC(8) Pause Young (Allocation Failure) 318M->12M(989M) 0.969ms
[3.968s][info][gc,cpu      ] GC(8) User=0.00s Sys=0.00s Real=0.00s
[4.054s][info][gc,start    ] GC(9) Pause Young (Allocation Failure)
[4.055s][info][gc,heap     ] GC(9) PSYoungGen: 313472K(313856K)->128K(329216K) Eden: 313344K(313344K)->0K(310272K) From: 128K(512K)->128K(18944K)
[4.055s][info][gc,heap     ] GC(9) ParOldGen: 13153K(699392K)->13153K(699392K)
[4.055s][info][gc,metaspace] GC(9) Metaspace: 14445K(14656K)->14445K(14656K) NonClass: 12799K(12928K)->12799K(12928K) Class: 1645K(1728K)->1645K(1728K)
[4.055s][info][gc          ] GC(9) Pause Young (Allocation Failure) 318M->12M(1004M) 0.880ms
[4.055s][info][gc,cpu      ] GC(9) User=0.00s Sys=0.00s Real=0.00s
[4.142s][info][gc,start    ] GC(10) Pause Young (Allocation Failure)
[4.142s][info][gc,heap     ] GC(10) PSYoungGen: 310400K(329216K)->128K(329728K) Eden: 310272K(310272K)->0K(310272K) From: 128K(18944K)->128K(19456K)
[4.142s][info][gc,heap     ] GC(10) ParOldGen: 13153K(699392K)->13153K(699392K)
[4.142s][info][gc,metaspace] GC(10) Metaspace: 14445K(14656K)->14445K(14656K) NonClass: 12799K(12928K)->12799K(12928K) Class: 1645K(1728K)->1645K(1728K)
[4.142s][info][gc          ] GC(10) Pause Young (Allocation Failure) 315M->12M(1005M) 0.478ms
[4.142s][info][gc,cpu      ] GC(10) User=0.00s Sys=0.00s Real=0.00s
[4.226s][info][gc,start    ] GC(11) Pause Young (Allocation Failure)
[4.227s][info][gc,heap     ] GC(11) PSYoungGen: 310400K(329728K)->96K(329728K) Eden: 310272K(310272K)->0K(310272K) From: 128K(19456K)->96K(19456K)
[4.227s][info][gc,heap     ] GC(11) ParOldGen: 13153K(699392K)->13153K(699392K)
[4.227s][info][gc,metaspace] GC(11) Metaspace: 14445K(14656K)->14445K(14656K) NonClass: 12799K(12928K)->12799K(12928K) Class: 1645K(1728K)->1645K(1728K)
[4.227s][info][gc          ] GC(11) Pause Young (Allocation Failure) 315M->12M(1005M) 0.888ms
[4.227s][info][gc,cpu      ] GC(11) User=0.00s Sys=0.00s Real=0.00s
[4.310s][info][gc,start    ] GC(12) Pause Young (Allocation Failure)
[4.311s][info][gc,heap     ] GC(12) PSYoungGen: 310368K(329728K)->192K(329728K) Eden: 310272K(310272K)->0K(310272K) From: 96K(19456K)->192K(19456K)
[4.311s][info][gc,heap     ] GC(12) ParOldGen: 13153K(699392K)->13153K(699392K)
[4.311s][info][gc,metaspace] GC(12) Metaspace: 14445K(14656K)->14445K(14656K) NonClass: 12799K(12928K)->12799K(12928K) Class: 1645K(1728K)->1645K(1728K)
[4.311s][info][gc          ] GC(12) Pause Young (Allocation Failure) 315M->13M(1005M) 0.551ms
[4.311s][info][gc,cpu      ] GC(12) User=0.00s Sys=0.00s Real=0.00s
[4.408s][info][gc,start    ] GC(13) Pause Young (Allocation Failure)
[4.409s][info][gc,heap     ] GC(13) PSYoungGen: 310464K(329728K)->192K(330240K) Eden: 310272K(310272K)->0K(310784K) From: 192K(19456K)->192K(19456K)
[4.409s][info][gc,heap     ] GC(13) ParOldGen: 13153K(699392K)->13153K(699392K)
[4.409s][info][gc,metaspace] GC(13) Metaspace: 14445K(14656K)->14445K(14656K) NonClass: 12799K(12928K)->12799K(12928K) Class: 1645K(1728K)->1645K(1728K)
[4.409s][info][gc          ] GC(13) Pause Young (Allocation Failure) 316M->13M(1005M) 0.422ms
[4.409s][info][gc,cpu      ] GC(13) User=0.00s Sys=0.00s Real=0.00s
[4.510s][info][gc,start    ] GC(14) Pause Young (Allocation Failure)
[4.511s][info][gc,heap     ] GC(14) PSYoungGen: 310976K(330240K)->192K(329728K) Eden: 310784K(310784K)->0K(310784K) From: 192K(19456K)->192K(18944K)
[4.511s][info][gc,heap     ] GC(14) ParOldGen: 13153K(699392K)->13193K(699392K)
[4.511s][info][gc,metaspace] GC(14) Metaspace: 14445K(14656K)->14445K(14656K) NonClass: 12799K(12928K)->12799K(12928K) Class: 1645K(1728K)->1645K(1728K)
[4.511s][info][gc          ] GC(14) Pause Young (Allocation Failure) 316M->13M(1005M) 0.781ms
[4.511s][info][gc,cpu      ] GC(14) User=0.00s Sys=0.00s Real=0.00s
[4.628s][info][gc,start    ] GC(15) Pause Young (Allocation Failure)
[4.629s][info][gc,heap     ] GC(15) PSYoungGen: 310976K(329728K)->160K(331264K) Eden: 310784K(310784K)->0K(312832K) From: 192K(18944K)->160K(18432K)
[4.629s][info][gc,heap     ] GC(15) ParOldGen: 13193K(699392K)->13225K(699392K)
[4.629s][info][gc,metaspace] GC(15) Metaspace: 14446K(14656K)->14446K(14656K) NonClass: 12800K(12928K)->12800K(12928K) Class: 1645K(1728K)->1645K(1728K)
[4.629s][info][gc          ] GC(15) Pause Young (Allocation Failure) 316M->13M(1006M) 0.924ms
[4.629s][info][gc,cpu      ] GC(15) User=0.00s Sys=0.00s Real=0.02s
[4.765s][info][gc,start    ] GC(16) Pause Young (Allocation Failure)
[4.765s][info][gc,heap     ] GC(16) PSYoungGen: 312992K(331264K)->128K(330752K) Eden: 312832K(312832K)->0K(312832K) From: 160K(18432K)->128K(17920K)
[4.765s][info][gc,heap     ] GC(16) ParOldGen: 13225K(699392K)->13265K(699392K)
[4.765s][info][gc,metaspace] GC(16) Metaspace: 14446K(14656K)->14446K(14656K) NonClass: 12800K(12928K)->12800K(12928K) Class: 1645K(1728K)->1645K(1728K)
[4.766s][info][gc          ] GC(16) Pause Young (Allocation Failure) 318M->13M(1006M) 0.797ms
[4.766s][info][gc,cpu      ] GC(16) User=0.00s Sys=0.02s Real=0.00s
[4.901s][info][gc,start    ] GC(17) Pause Young (Allocation Failure)
[4.901s][info][gc,heap     ] GC(17) PSYoungGen: 312960K(330752K)->192K(332288K) Eden: 312832K(312832K)->0K(314880K) From: 128K(17920K)->192K(17408K)
[4.902s][info][gc,heap     ] GC(17) ParOldGen: 13265K(699392K)->13289K(699392K)
[4.902s][info][gc,metaspace] GC(17) Metaspace: 14446K(14656K)->14446K(14656K) NonClass: 12801K(12928K)->12801K(12928K) Class: 1645K(1728K)->1645K(1728K)
[4.902s][info][gc          ] GC(17) Pause Young (Allocation Failure) 318M->13M(1007M) 0.693ms
[4.902s][info][gc,cpu      ] GC(17) User=0.00s Sys=0.00s Real=0.00s
[5.007s][info][gc,start    ] GC(18) Pause Young (Allocation Failure)
[5.007s][info][gc,heap     ] GC(18) PSYoungGen: 315072K(332288K)->160K(331776K) Eden: 314880K(314880K)->0K(314880K) From: 192K(17408K)->160K(16896K)
[5.008s][info][gc,heap     ] GC(18) ParOldGen: 13289K(699392K)->13329K(699392K)
[5.008s][info][gc,metaspace] GC(18) Metaspace: 14446K(14656K)->14446K(14656K) NonClass: 12801K(12928K)->12801K(12928K) Class: 1645K(1728K)->1645K(1728K)
[5.008s][info][gc          ] GC(18) Pause Young (Allocation Failure) 320M->13M(1007M) 0.802ms
[5.008s][info][gc,cpu      ] GC(18) User=0.00s Sys=0.00s Real=0.00s
[5.103s][info][gc,start    ] GC(19) Pause Young (Allocation Failure)
[5.104s][info][gc,heap     ] GC(19) PSYoungGen: 315040K(331776K)->192K(333824K) Eden: 314880K(314880K)->0K(317952K) From: 160K(16896K)->192K(15872K)
[5.104s][info][gc,heap     ] GC(19) ParOldGen: 13329K(699392K)->13353K(699392K)
[5.104s][info][gc,metaspace] GC(19) Metaspace: 14446K(14656K)->14446K(14656K) NonClass: 12801K(12928K)->12801K(12928K) Class: 1645K(1728K)->1645K(1728K)
[5.104s][info][gc          ] GC(19) Pause Young (Allocation Failure) 320M->13M(1009M) 0.758ms
[5.104s][info][gc,cpu      ] GC(19) User=0.00s Sys=0.00s Real=0.01s
[5.219s][info][gc,start    ] GC(20) Pause Young (Allocation Failure)
[5.219s][info][gc,heap     ] GC(20) PSYoungGen: 318144K(333824K)->192K(333312K) Eden: 317952K(317952K)->0K(317952K) From: 192K(15872K)->192K(15360K)
[5.219s][info][gc,heap     ] GC(20) ParOldGen: 13353K(699392K)->13393K(699392K)
[5.219s][info][gc,metaspace] GC(20) Metaspace: 14446K(14656K)->14446K(14656K) NonClass: 12801K(12928K)->12801K(12928K) Class: 1645K(1728K)->1645K(1728K)
[5.219s][info][gc          ] GC(20) Pause Young (Allocation Failure) 323M->13M(1008M) 0.600ms
[5.219s][info][gc,cpu      ] GC(20) User=0.00s Sys=0.00s Real=0.00s
[5.337s][info][gc,start    ] GC(21) Pause Young (Allocation Failure)
[5.338s][info][gc,heap     ] GC(21) PSYoungGen: 318144K(333312K)->192K(335360K) Eden: 317952K(317952K)->0K(321024K) From: 192K(15360K)->192K(14336K)
[5.338s][info][gc,heap     ] GC(21) ParOldGen: 13393K(699392K)->13425K(699392K)
[5.338s][info][gc,metaspace] GC(21) Metaspace: 14446K(14656K)->14446K(14656K) NonClass: 12801K(12928K)->12801K(12928K) Class: 1645K(1728K)->1645K(1728K)
[5.338s][info][gc          ] GC(21) Pause Young (Allocation Failure) 323M->13M(1010M) 0.752ms
[5.338s][info][gc,cpu      ] GC(21) User=0.00s Sys=0.00s Real=0.00s
[5.452s][info][gc,start    ] GC(22) Pause Young (Allocation Failure)
[5.452s][info][gc,heap     ] GC(22) PSYoungGen: 321216K(335360K)->160K(334848K) Eden: 321024K(321024K)->0K(321024K) From: 192K(14336K)->160K(13824K)
[5.452s][info][gc,heap     ] GC(22) ParOldGen: 13425K(699392K)->13465K(699392K)
[5.452s][info][gc,metaspace] GC(22) Metaspace: 14446K(14656K)->14446K(14656K) NonClass: 12801K(12928K)->12801K(12928K) Class: 1645K(1728K)->1645K(1728K)
[5.453s][info][gc          ] GC(22) Pause Young (Allocation Failure) 326M->13M(1010M) 0.599ms
[5.453s][info][gc,cpu      ] GC(22) User=0.00s Sys=0.00s Real=0.00s
[5.574s][info][gc,start    ] GC(23) Pause Young (Allocation Failure)
[5.575s][info][gc,heap     ] GC(23) PSYoungGen: 321184K(334848K)->160K(336896K) Eden: 321024K(321024K)->0K(324096K) From: 160K(13824K)->160K(12800K)
[5.575s][info][gc,heap     ] GC(23) ParOldGen: 13465K(699392K)->13505K(699392K)
[5.575s][info][gc,metaspace] GC(23) Metaspace: 14448K(14656K)->14448K(14656K) NonClass: 12802K(12928K)->12802K(12928K) Class: 1645K(1728K)->1645K(1728K)
[5.575s][info][gc          ] GC(23) Pause Young (Allocation Failure) 326M->13M(1012M) 0.942ms
[5.575s][info][gc,cpu      ] GC(23) User=0.00s Sys=0.00s Real=0.00s
[5.696s][info][gc,start    ] GC(24) Pause Young (Allocation Failure)
[5.697s][info][gc,heap     ] GC(24) PSYoungGen: 324256K(336896K)->160K(336384K) Eden: 324096K(324096K)->0K(324096K) From: 160K(12800K)->160K(12288K)
[5.697s][info][gc,heap     ] GC(24) ParOldGen: 13505K(699392K)->13537K(699392K)
[5.697s][info][gc,metaspace] GC(24) Metaspace: 14450K(14656K)->14450K(14656K) NonClass: 12804K(12928K)->12804K(12928K) Class: 1645K(1728K)->1645K(1728K)
[5.697s][info][gc          ] GC(24) Pause Young (Allocation Failure) 329M->13M(1011M) 0.502ms
[5.697s][info][gc,cpu      ] GC(24) User=0.00s Sys=0.00s Real=0.00s
[5.818s][info][gc,start    ] GC(25) Pause Young (Allocation Failure)
[5.819s][info][gc,heap     ] GC(25) PSYoungGen: 324256K(336384K)->160K(338432K) Eden: 324096K(324096K)->0K(326656K) From: 160K(12288K)->160K(11776K)
[5.819s][info][gc,heap     ] GC(25) ParOldGen: 13537K(699392K)->13577K(699392K)
[5.819s][info][gc,metaspace] GC(25) Metaspace: 14450K(14656K)->14450K(14656K) NonClass: 12804K(12928K)->12804K(12928K) Class: 1645K(1728K)->1645K(1728K)
[5.819s][info][gc          ] GC(25) Pause Young (Allocation Failure) 329M->13M(1013M) 0.943ms
[5.819s][info][gc,cpu      ] GC(25) User=0.00s Sys=0.00s Real=0.00s
[5.925s][info][gc,start    ] GC(26) Pause Young (Allocation Failure)
[5.925s][info][gc,heap     ] GC(26) PSYoungGen: 326816K(338432K)->192K(337408K) Eden: 326656K(326656K)->0K(326656K) From: 160K(11776K)->192K(10752K)
[5.925s][info][gc,heap     ] GC(26) ParOldGen: 13577K(699392K)->13593K(699392K)
[5.925s][info][gc,metaspace] GC(26) Metaspace: 14450K(14656K)->14450K(14656K) NonClass: 12804K(12928K)->12804K(12928K) Class: 1645K(1728K)->1645K(1728K)
[5.925s][info][gc          ] GC(26) Pause Young (Allocation Failure) 332M->13M(1012M) 0.762ms
[5.925s][info][gc,cpu      ] GC(26) User=0.00s Sys=0.00s Real=0.00s
[6.034s][info][gc,start    ] GC(27) Pause Young (Allocation Failure)
[6.034s][info][gc,heap     ] GC(27) PSYoungGen: 326848K(337408K)->160K(339456K) Eden: 326656K(326656K)->0K(329216K) From: 192K(10752K)->160K(10240K)
[6.034s][info][gc,heap     ] GC(27) ParOldGen: 13593K(699392K)->13633K(699392K)
[6.034s][info][gc,metaspace] GC(27) Metaspace: 14450K(14656K)->14450K(14656K) NonClass: 12804K(12928K)->12804K(12928K) Class: 1645K(1728K)->1645K(1728K)
[6.034s][info][gc          ] GC(27) Pause Young (Allocation Failure) 332M->13M(1014M) 0.529ms
[6.034s][info][gc,cpu      ] GC(27) User=0.00s Sys=0.00s Real=0.00s
[6.613s][info][gc,start    ] GC(28) Pause Young (Metadata GC Threshold)
[6.615s][info][gc,heap     ] GC(28) PSYoungGen: 106542K(339456K)->5842K(338944K) Eden: 106382K(329216K)->0K(329216K) From: 160K(10240K)->5842K(9728K)
[6.615s][info][gc,heap     ] GC(28) ParOldGen: 13633K(699392K)->13649K(699392K)
[6.615s][info][gc,metaspace] GC(28) Metaspace: 21271K(21504K)->21271K(21504K) NonClass: 18771K(18880K)->18771K(18880K) Class: 2499K(2624K)->2499K(2624K)
[6.615s][info][gc          ] GC(28) Pause Young (Metadata GC Threshold) 117M->19M(1014M) 2.257ms
[6.615s][info][gc,cpu      ] GC(28) User=0.00s Sys=0.00s Real=0.01s
[6.615s][info][gc,start    ] GC(29) Pause Full (Metadata GC Threshold)
[6.615s][info][gc,phases,start] GC(29) Marking Phase
[6.619s][info][gc,phases      ] GC(29) Marking Phase 4.482ms
[6.619s][info][gc,phases,start] GC(29) Summary Phase
[6.619s][info][gc,phases      ] GC(29) Summary Phase 0.022ms
[6.619s][info][gc,phases,start] GC(29) Adjust Roots
[6.622s][info][gc,phases      ] GC(29) Adjust Roots 2.321ms
[6.622s][info][gc,phases,start] GC(29) Compaction Phase
[6.626s][info][gc,phases      ] GC(29) Compaction Phase 3.813ms
[6.626s][info][gc,phases,start] GC(29) Post Compact
[6.627s][info][gc,phases      ] GC(29) Post Compact 1.040ms
[6.627s][info][gc,heap        ] GC(29) PSYoungGen: 5842K(338944K)->0K(338944K) Eden: 0K(329216K)->0K(329216K) From: 5842K(9728K)->0K(9728K)
[6.627s][info][gc,heap        ] GC(29) ParOldGen: 13649K(699392K)->18788K(699392K)
[6.627s][info][gc,metaspace   ] GC(29) Metaspace: 21271K(21504K)->21271K(21504K) NonClass: 18771K(18880K)->18771K(18880K) Class: 2499K(2624K)->2499K(2624K)
[6.627s][info][gc             ] GC(29) Pause Full (Metadata GC Threshold) 19M->18M(1014M) 11.922ms
[6.627s][info][gc,cpu         ] GC(29) User=0.03s Sys=0.03s Real=0.01s
[8.223s][info][gc,start       ] GC(30) Pause Young (Metadata GC Threshold)
[8.231s][info][gc,heap        ] GC(30) PSYoungGen: 303606K(338944K)->10238K(328704K) Eden: 303606K(329216K)->0K(318464K) From: 0K(9728K)->10238K(10240K)
[8.231s][info][gc,heap        ] GC(30) ParOldGen: 18788K(699392K)->25972K(699392K)
[8.231s][info][gc,metaspace   ] GC(30) Metaspace: 35555K(35840K)->35555K(35840K) NonClass: 31413K(31616K)->31413K(31616K) Class: 4142K(4224K)->4142K(4224K)
[8.231s][info][gc             ] GC(30) Pause Young (Metadata GC Threshold) 314M->35M(1004M) 7.920ms
[8.231s][info][gc,cpu         ] GC(30) User=0.00s Sys=0.00s Real=0.01s
[8.231s][info][gc,start       ] GC(31) Pause Full (Metadata GC Threshold)
[8.231s][info][gc,phases,start] GC(31) Marking Phase
[8.240s][info][gc,phases      ] GC(31) Marking Phase 9.710ms
[8.240s][info][gc,phases,start] GC(31) Summary Phase
[8.240s][info][gc,phases      ] GC(31) Summary Phase 0.011ms
[8.241s][info][gc,phases,start] GC(31) Adjust Roots
[8.245s][info][gc,phases      ] GC(31) Adjust Roots 4.468ms
[8.245s][info][gc,phases,start] GC(31) Compaction Phase
[8.257s][info][gc,phases      ] GC(31) Compaction Phase 11.825ms
[8.257s][info][gc,phases,start] GC(31) Post Compact
[8.258s][info][gc,phases      ] GC(31) Post Compact 0.607ms
[8.258s][info][gc,heap        ] GC(31) PSYoungGen: 10238K(328704K)->0K(328704K) Eden: 0K(318464K)->0K(318464K) From: 10238K(10240K)->0K(10240K)
[8.258s][info][gc,heap        ] GC(31) ParOldGen: 25972K(699392K)->35718K(699392K)
[8.258s][info][gc,metaspace   ] GC(31) Metaspace: 35555K(35840K)->35555K(35840K) NonClass: 31413K(31616K)->31413K(31616K) Class: 4142K(4224K)->4142K(4224K)
[8.258s][info][gc             ] GC(31) Pause Full (Metadata GC Threshold) 35M->34M(1004M) 26.912ms
[8.258s][info][gc,cpu         ] GC(31) User=0.19s Sys=0.00s Real=0.02s
[8.705s][info][gc,start       ] GC(32) Pause Young (Allocation Failure)
[8.711s][info][gc,heap        ] GC(32) PSYoungGen: 318464K(328704K)->9996K(328704K) Eden: 318464K(318464K)->0K(318464K) From: 0K(10240K)->9996K(10240K)
[8.711s][info][gc,heap        ] GC(32) ParOldGen: 35718K(699392K)->35726K(699392K)
[8.711s][info][gc,metaspace   ] GC(32) Metaspace: 35682K(36032K)->35682K(36032K) NonClass: 31534K(31744K)->31534K(31744K) Class: 4148K(4288K)->4148K(4288K)
[8.711s][info][gc             ] GC(32) Pause Young (Allocation Failure) 345M->44M(1004M) 6.583ms
[8.711s][info][gc,cpu         ] GC(32) User=0.02s Sys=0.00s Real=0.01s
[9.103s][info][gc,start       ] GC(33) Pause Young (Allocation Failure)
[9.109s][info][gc,heap        ] GC(33) PSYoungGen: 325277K(328704K)->14640K(327168K) Eden: 315280K(318464K)->0K(310272K) From: 9996K(10240K)->14640K(16896K)
[9.109s][info][gc,heap        ] GC(33) ParOldGen: 35726K(699392K)->36163K(699392K)
[9.109s][info][gc,metaspace   ] GC(33) Metaspace: 35723K(36032K)->35723K(36032K) NonClass: 31575K(31744K)->31575K(31744K) Class: 4148K(4288K)->4148K(4288K)
[9.109s][info][gc             ] GC(33) Pause Young (Allocation Failure) 352M->49M(1002M) 6.214ms
[9.109s][info][gc,cpu         ] GC(33) User=0.00s Sys=0.00s Real=0.01s
[9.472s][info][gc,start       ] GC(34) Pause Young (Allocation Failure)
[9.478s][info][gc,heap        ] GC(34) PSYoungGen: 324912K(327168K)->11761K(322048K) Eden: 310272K(310272K)->0K(310272K) From: 14640K(16896K)->11761K(11776K)
[9.478s][info][gc,heap        ] GC(34) ParOldGen: 36163K(699392K)->36578K(699392K)
[9.478s][info][gc,metaspace   ] GC(34) Metaspace: 35728K(36032K)->35728K(36032K) NonClass: 31580K(31744K)->31580K(31744K) Class: 4148K(4288K)->4148K(4288K)
[9.478s][info][gc             ] GC(34) Pause Young (Allocation Failure) 352M->47M(997M) 6.316ms
[9.478s][info][gc,cpu         ] GC(34) User=0.00s Sys=0.00s Real=0.01s
[9.787s][info][gc,start       ] GC(35) Pause Young (Allocation Failure)
[9.793s][info][gc,heap        ] GC(35) PSYoungGen: 319896K(322048K)->13664K(325632K) Eden: 308135K(310272K)->0K(305152K) From: 11761K(11776K)->13664K(20480K)
[9.793s][info][gc,heap        ] GC(35) ParOldGen: 36578K(699392K)->37900K(699392K)
[9.793s][info][gc,metaspace   ] GC(35) Metaspace: 35740K(36032K)->35740K(36032K) NonClass: 31592K(31744K)->31592K(31744K) Class: 4148K(4288K)->4148K(4288K)
[9.793s][info][gc             ] GC(35) Pause Young (Allocation Failure) 348M->50M(1001M) 5.484ms
[9.793s][info][gc,cpu         ] GC(35) User=0.00s Sys=0.00s Real=0.01s
[10.080s][info][gc,start       ] GC(36) Pause Young (Allocation Failure)
[10.086s][info][gc,heap        ] GC(36) PSYoungGen: 318816K(325632K)->11296K(327168K) Eden: 305152K(305152K)->0K(305152K) From: 13664K(20480K)->11296K(22016K)
[10.086s][info][gc,heap        ] GC(36) ParOldGen: 37900K(699392K)->38308K(699392K)
[10.086s][info][gc,metaspace   ] GC(36) Metaspace: 35743K(36032K)->35743K(36032K) NonClass: 31595K(31744K)->31595K(31744K) Class: 4148K(4288K)->4148K(4288K)
[10.086s][info][gc             ] GC(36) Pause Young (Allocation Failure) 348M->48M(1002M) 5.414ms
[10.086s][info][gc,cpu         ] GC(36) User=0.00s Sys=0.00s Real=0.01s
[10.245s][info][gc,start       ] GC(37) Pause Young (System.gc())
[10.249s][info][gc,heap        ] GC(37) PSYoungGen: 171983K(327168K)->7937K(328192K) Eden: 160687K(305152K)->0K(306176K) From: 11296K(22016K)->7937K(22016K)
[10.249s][info][gc,heap        ] GC(37) ParOldGen: 38308K(699392K)->38785K(699392K)
[10.249s][info][gc,metaspace   ] GC(37) Metaspace: 35751K(36032K)->35751K(36032K) NonClass: 31602K(31744K)->31602K(31744K) Class: 4148K(4288K)->4148K(4288K)
[10.249s][info][gc             ] GC(37) Pause Young (System.gc()) 205M->45M(1003M) 4.768ms
[10.249s][info][gc,cpu         ] GC(37) User=0.00s Sys=0.00s Real=0.01s
[10.249s][info][gc,start       ] GC(38) Pause Full (System.gc())
[10.249s][info][gc,phases,start] GC(38) Marking Phase
[10.259s][info][gc,phases      ] GC(38) Marking Phase 9.763ms
[10.259s][info][gc,phases,start] GC(38) Summary Phase
[10.259s][info][gc,phases      ] GC(38) Summary Phase 0.010ms
[10.259s][info][gc,phases,start] GC(38) Adjust Roots
[10.263s][info][gc,phases      ] GC(38) Adjust Roots 3.321ms
[10.263s][info][gc,phases,start] GC(38) Compaction Phase
[10.271s][info][gc,phases      ] GC(38) Compaction Phase 7.883ms
[10.271s][info][gc,phases,start] GC(38) Post Compact
[10.271s][info][gc,phases      ] GC(38) Post Compact 0.290ms
[10.271s][info][gc,heap        ] GC(38) PSYoungGen: 7937K(328192K)->0K(328192K) Eden: 0K(306176K)->0K(306176K) From: 7937K(22016K)->0K(22016K)
[10.271s][info][gc,heap        ] GC(38) ParOldGen: 38785K(699392K)->36272K(699392K)
[10.271s][info][gc,metaspace   ] GC(38) Metaspace: 35751K(36032K)->35751K(36032K) NonClass: 31602K(31744K)->31602K(31744K) Class: 4148K(4288K)->4148K(4288K)
[10.271s][info][gc             ] GC(38) Pause Full (System.gc()) 45M->35M(1003M) 21.549ms
[10.271s][info][gc,cpu         ] GC(38) User=0.17s Sys=0.00s Real=0.02s
[10.471s][info][gc,start       ] GC(39) Pause Young (Allocation Failure)
[10.472s][info][gc,heap        ] GC(39) PSYoungGen: 306176K(328192K)->224K(327168K) Eden: 306176K(306176K)->0K(306176K) From: 0K(22016K)->224K(20992K)
[10.472s][info][gc,heap        ] GC(39) ParOldGen: 36272K(699392K)->36272K(699392K)
[10.472s][info][gc,metaspace   ] GC(39) Metaspace: 35815K(36096K)->35815K(36096K) NonClass: 31660K(31808K)->31660K(31808K) Class: 4154K(4288K)->4154K(4288K)
[10.472s][info][gc             ] GC(39) Pause Young (Allocation Failure) 334M->35M(1002M) 0.739ms
[10.472s][info][gc,cpu         ] GC(39) User=0.00s Sys=0.00s Real=0.00s
[10.569s][info][gc,start       ] GC(40) Pause Young (Allocation Failure)
[10.570s][info][gc,heap        ] GC(40) PSYoungGen: 306400K(327168K)->160K(328704K) Eden: 306176K(306176K)->0K(307712K) From: 224K(20992K)->160K(20992K)
[10.570s][info][gc,heap        ] GC(40) ParOldGen: 36272K(699392K)->36336K(699392K)
[10.570s][info][gc,metaspace   ] GC(40) Metaspace: 35817K(36096K)->35817K(36096K) NonClass: 31662K(31808K)->31662K(31808K) Class: 4154K(4288K)->4154K(4288K)
[10.570s][info][gc             ] GC(40) Pause Young (Allocation Failure) 334M->35M(1004M) 0.367ms
[10.570s][info][gc,cpu         ] GC(40) User=0.00s Sys=0.00s Real=0.00s
[10.657s][info][gc,start       ] GC(41) Pause Young (Allocation Failure)
[10.658s][info][gc,heap        ] GC(41) PSYoungGen: 307872K(328704K)->128K(328192K) Eden: 307712K(307712K)->0K(307712K) From: 160K(20992K)->128K(20480K)
[10.658s][info][gc,heap        ] GC(41) ParOldGen: 36336K(699392K)->36336K(699392K)
[10.658s][info][gc,metaspace   ] GC(41) Metaspace: 35817K(36096K)->35817K(36096K) NonClass: 31662K(31808K)->31662K(31808K) Class: 4154K(4288K)->4154K(4288K)
[10.658s][info][gc             ] GC(41) Pause Young (Allocation Failure) 336M->35M(1003M) 0.496ms
[10.658s][info][gc,cpu         ] GC(41) User=0.00s Sys=0.00s Real=0.00s
[10.702s][info][gc,start       ] GC(42) Pause Young (Allocation Failure)
[10.703s][info][gc,heap        ] GC(42) PSYoungGen: 307840K(328192K)->192K(329728K) Eden: 307712K(307712K)->0K(309760K) From: 128K(20480K)->192K(19968K)
[10.703s][info][gc,heap        ] GC(42) ParOldGen: 36336K(699392K)->36336K(699392K)
[10.703s][info][gc,metaspace   ] GC(42) Metaspace: 35817K(36096K)->35817K(36096K) NonClass: 31662K(31808K)->31662K(31808K) Class: 4154K(4288K)->4154K(4288K)
[10.703s][info][gc             ] GC(42) Pause Young (Allocation Failure) 336M->35M(1005M) 0.475ms
[10.703s][info][gc,cpu         ] GC(42) User=0.00s Sys=0.00s Real=0.00s
[10.747s][info][gc,start       ] GC(43) Pause Young (Allocation Failure)
[10.747s][info][gc,heap        ] GC(43) PSYoungGen: 309952K(329728K)->192K(329216K) Eden: 309760K(309760K)->0K(309760K) From: 192K(19968K)->192K(19456K)
[10.747s][info][gc,heap        ] GC(43) ParOldGen: 36336K(699392K)->36336K(699392K)
[10.747s][info][gc,metaspace   ] GC(43) Metaspace: 35817K(36096K)->35817K(36096K) NonClass: 31662K(31808K)->31662K(31808K) Class: 4154K(4288K)->4154K(4288K)
[10.747s][info][gc             ] GC(43) Pause Young (Allocation Failure) 338M->35M(1004M) 0.338ms
[10.747s][info][gc,cpu         ] GC(43) User=0.00s Sys=0.00s Real=0.00s
[10.792s][info][gc,start       ] GC(44) Pause Young (Allocation Failure)
[10.793s][info][gc,heap        ] GC(44) PSYoungGen: 309952K(329216K)->192K(331264K) Eden: 309760K(309760K)->0K(312320K) From: 192K(19456K)->192K(18944K)
[10.793s][info][gc,heap        ] GC(44) ParOldGen: 36336K(699392K)->36336K(699392K)
[10.793s][info][gc,metaspace   ] GC(44) Metaspace: 35817K(36096K)->35817K(36096K) NonClass: 31662K(31808K)->31662K(31808K) Class: 4154K(4288K)->4154K(4288K)
[10.793s][info][gc             ] GC(44) Pause Young (Allocation Failure) 338M->35M(1006M) 0.433ms
[10.793s][info][gc,cpu         ] GC(44) User=0.00s Sys=0.00s Real=0.00s
[10.834s][info][gc,start       ] GC(45) Pause Young (Allocation Failure)
[10.835s][info][gc,heap        ] GC(45) PSYoungGen: 312512K(331264K)->192K(330240K) Eden: 312320K(312320K)->0K(312320K) From: 192K(18944K)->192K(17920K)
[10.835s][info][gc,heap        ] GC(45) ParOldGen: 36336K(699392K)->36336K(699392K)
[10.835s][info][gc,metaspace   ] GC(45) Metaspace: 35817K(36096K)->35817K(36096K) NonClass: 31662K(31808K)->31662K(31808K) Class: 4154K(4288K)->4154K(4288K)
[10.835s][info][gc             ] GC(45) Pause Young (Allocation Failure) 340M->35M(1005M) 0.378ms
[10.835s][info][gc,cpu         ] GC(45) User=0.00s Sys=0.00s Real=0.00s
[10.878s][info][gc,start       ] GC(46) Pause Young (Allocation Failure)
[10.879s][info][gc,heap        ] GC(46) PSYoungGen: 312512K(330240K)->192K(332800K) Eden: 312320K(312320K)->0K(315392K) From: 192K(17920K)->192K(17408K)
[10.879s][info][gc,heap        ] GC(46) ParOldGen: 36336K(699392K)->36336K(699392K)
[10.879s][info][gc,metaspace   ] GC(46) Metaspace: 35817K(36096K)->35817K(36096K) NonClass: 31662K(31808K)->31662K(31808K) Class: 4154K(4288K)->4154K(4288K)
[10.879s][info][gc             ] GC(46) Pause Young (Allocation Failure) 340M->35M(1008M) 0.341ms
[10.879s][info][gc,cpu         ] GC(46) User=0.00s Sys=0.00s Real=0.00s
[10.922s][info][gc,start       ] GC(47) Pause Young (Allocation Failure)
[10.922s][info][gc,heap        ] GC(47) PSYoungGen: 315584K(332800K)->160K(331776K) Eden: 315392K(315392K)->0K(315392K) From: 192K(17408K)->160K(16384K)
[10.922s][info][gc,heap        ] GC(47) ParOldGen: 36336K(699392K)->36336K(699392K)
[10.922s][info][gc,metaspace   ] GC(47) Metaspace: 35817K(36096K)->35817K(36096K) NonClass: 31662K(31808K)->31662K(31808K) Class: 4154K(4288K)->4154K(4288K)
[10.922s][info][gc             ] GC(47) Pause Young (Allocation Failure) 343M->35M(1007M) 0.332ms
[10.922s][info][gc,cpu         ] GC(47) User=0.00s Sys=0.00s Real=0.00s
[10.966s][info][gc,start       ] GC(48) Pause Young (Allocation Failure)
[10.966s][info][gc,heap        ] GC(48) PSYoungGen: 315552K(331776K)->192K(334336K) Eden: 315392K(315392K)->0K(318464K) From: 160K(16384K)->192K(15872K)
[10.966s][info][gc,heap        ] GC(48) ParOldGen: 36336K(699392K)->36336K(699392K)
[10.966s][info][gc,metaspace   ] GC(48) Metaspace: 35817K(36096K)->35817K(36096K) NonClass: 31662K(31808K)->31662K(31808K) Class: 4154K(4288K)->4154K(4288K)
[10.966s][info][gc             ] GC(48) Pause Young (Allocation Failure) 343M->35M(1009M) 0.341ms
[10.966s][info][gc,cpu         ] GC(48) User=0.00s Sys=0.00s Real=0.00s
[11.011s][info][gc,start       ] GC(49) Pause Young (Allocation Failure)
[11.012s][info][gc,heap        ] GC(49) PSYoungGen: 318656K(334336K)->160K(333312K) Eden: 318464K(318464K)->0K(318464K) From: 192K(15872K)->160K(14848K)
[11.012s][info][gc,heap        ] GC(49) ParOldGen: 36336K(699392K)->36336K(699392K)
[11.012s][info][gc,metaspace   ] GC(49) Metaspace: 35817K(36096K)->35817K(36096K) NonClass: 31662K(31808K)->31662K(31808K) Class: 4154K(4288K)->4154K(4288K)
[11.012s][info][gc             ] GC(49) Pause Young (Allocation Failure) 346M->35M(1008M) 0.413ms
[11.012s][info][gc,cpu         ] GC(49) User=0.00s Sys=0.00s Real=0.00s
[11.057s][info][gc,start       ] GC(50) Pause Young (Allocation Failure)
[11.057s][info][gc,heap        ] GC(50) PSYoungGen: 318624K(333312K)->192K(335872K) Eden: 318464K(318464K)->0K(322048K) From: 160K(14848K)->192K(13824K)
[11.057s][info][gc,heap        ] GC(50) ParOldGen: 36336K(699392K)->36336K(699392K)
[11.057s][info][gc,metaspace   ] GC(50) Metaspace: 35817K(36096K)->35817K(36096K) NonClass: 31662K(31808K)->31662K(31808K) Class: 4154K(4288K)->4154K(4288K)
[11.057s][info][gc             ] GC(50) Pause Young (Allocation Failure) 346M->35M(1011M) 0.368ms
[11.057s][info][gc,cpu         ] GC(50) User=0.00s Sys=0.00s Real=0.00s
[11.102s][info][gc,start       ] GC(51) Pause Young (Allocation Failure)
[11.102s][info][gc,heap        ] GC(51) PSYoungGen: 322240K(335872K)->192K(335360K) Eden: 322048K(322048K)->0K(322048K) From: 192K(13824K)->192K(13312K)
[11.102s][info][gc,heap        ] GC(51) ParOldGen: 36336K(699392K)->36336K(699392K)
[11.102s][info][gc,metaspace   ] GC(51) Metaspace: 35817K(36096K)->35817K(36096K) NonClass: 31662K(31808K)->31662K(31808K) Class: 4154K(4288K)->4154K(4288K)
[11.102s][info][gc             ] GC(51) Pause Young (Allocation Failure) 350M->35M(1010M) 0.319ms
[11.102s][info][gc,cpu         ] GC(51) User=0.00s Sys=0.00s Real=0.00s
[11.150s][info][gc,start       ] GC(52) Pause Young (Allocation Failure)
[11.150s][info][gc,heap        ] GC(52) PSYoungGen: 322240K(335360K)->192K(337408K) Eden: 322048K(322048K)->0K(325120K) From: 192K(13312K)->192K(12288K)
[11.150s][info][gc,heap        ] GC(52) ParOldGen: 36336K(699392K)->36336K(699392K)
[11.150s][info][gc,metaspace   ] GC(52) Metaspace: 35817K(36096K)->35817K(36096K) NonClass: 31662K(31808K)->31662K(31808K) Class: 4154K(4288K)->4154K(4288K)
[11.150s][info][gc             ] GC(52) Pause Young (Allocation Failure) 350M->35M(1012M) 0.369ms
[11.150s][info][gc,cpu         ] GC(52) User=0.00s Sys=0.00s Real=0.00s
[11.265s][info][gc,start       ] GC(53) Pause Young (Allocation Failure)
[11.266s][info][gc,heap        ] GC(53) PSYoungGen: 325312K(337408K)->128K(336896K) Eden: 325120K(325120K)->0K(325120K) From: 192K(12288K)->128K(11776K)
[11.266s][info][gc,heap        ] GC(53) ParOldGen: 36336K(699392K)->36336K(699392K)
[11.266s][info][gc,metaspace   ] GC(53) Metaspace: 35831K(36160K)->35831K(36160K) NonClass: 31675K(31872K)->31675K(31872K) Class: 4156K(4288K)->4156K(4288K)
[11.266s][info][gc             ] GC(53) Pause Young (Allocation Failure) 353M->35M(1012M) 0.624ms
[11.266s][info][gc,cpu         ] GC(53) User=0.05s Sys=0.00s Real=0.00s
[11.345s][info][gc,start       ] GC(54) Pause Young (Allocation Failure)
[11.346s][info][gc,heap        ] GC(54) PSYoungGen: 325248K(336896K)->96K(338944K) Eden: 325120K(325120K)->0K(327680K) From: 128K(11776K)->96K(11264K)
[11.346s][info][gc,heap        ] GC(54) ParOldGen: 36336K(699392K)->36376K(699392K)
[11.346s][info][gc,metaspace   ] GC(54) Metaspace: 35833K(36160K)->35833K(36160K) NonClass: 31677K(31872K)->31677K(31872K) Class: 4156K(4288K)->4156K(4288K)
[11.346s][info][gc             ] GC(54) Pause Young (Allocation Failure) 353M->35M(1014M) 0.531ms
[11.346s][info][gc,cpu         ] GC(54) User=0.00s Sys=0.00s Real=0.00s
[11.421s][info][gc,start       ] GC(55) Pause Young (Allocation Failure)
[11.421s][info][gc,heap        ] GC(55) PSYoungGen: 327776K(338944K)->192K(337920K) Eden: 327680K(327680K)->0K(327680K) From: 96K(11264K)->192K(10240K)
[11.421s][info][gc,heap        ] GC(55) ParOldGen: 36376K(699392K)->36376K(699392K)
[11.421s][info][gc,metaspace   ] GC(55) Metaspace: 35833K(36160K)->35833K(36160K) NonClass: 31677K(31872K)->31677K(31872K) Class: 4156K(4288K)->4156K(4288K)
[11.421s][info][gc             ] GC(55) Pause Young (Allocation Failure) 355M->35M(1013M) 0.361ms
[11.421s][info][gc,cpu         ] GC(55) User=0.00s Sys=0.00s Real=0.00s
[11.494s][info][gc,start       ] GC(56) Pause Young (Allocation Failure)
[11.494s][info][gc,heap        ] GC(56) PSYoungGen: 327872K(337920K)->160K(339968K) Eden: 327680K(327680K)->0K(330240K) From: 192K(10240K)->160K(9728K)
[11.494s][info][gc,heap        ] GC(56) ParOldGen: 36376K(699392K)->36376K(699392K)
[11.494s][info][gc,metaspace   ] GC(56) Metaspace: 35834K(36160K)->35834K(36160K) NonClass: 31678K(31872K)->31678K(31872K) Class: 4156K(4288K)->4156K(4288K)
[11.494s][info][gc             ] GC(56) Pause Young (Allocation Failure) 355M->35M(1015M) 0.451ms
[11.494s][info][gc,cpu         ] GC(56) User=0.00s Sys=0.00s Real=0.00s
[11.567s][info][gc,start       ] GC(57) Pause Young (Allocation Failure)
[11.568s][info][gc,heap        ] GC(57) PSYoungGen: 330400K(339968K)->192K(339456K) Eden: 330240K(330240K)->0K(330240K) From: 160K(9728K)->192K(9216K)
[11.568s][info][gc,heap        ] GC(57) ParOldGen: 36376K(699392K)->36376K(699392K)
[11.568s][info][gc,metaspace   ] GC(57) Metaspace: 35834K(36160K)->35834K(36160K) NonClass: 31678K(31872K)->31678K(31872K) Class: 4156K(4288K)->4156K(4288K)
[11.568s][info][gc             ] GC(57) Pause Young (Allocation Failure) 358M->35M(1014M) 0.325ms
[11.568s][info][gc,cpu         ] GC(57) User=0.00s Sys=0.00s Real=0.00s
[11.643s][info][gc,start       ] GC(58) Pause Young (Allocation Failure)
[11.643s][info][gc,heap        ] GC(58) PSYoungGen: 330432K(339456K)->128K(340992K) Eden: 330240K(330240K)->0K(332288K) From: 192K(9216K)->128K(8704K)
[11.643s][info][gc,heap        ] GC(58) ParOldGen: 36376K(699392K)->36376K(699392K)
[11.643s][info][gc,metaspace   ] GC(58) Metaspace: 35834K(36160K)->35834K(36160K) NonClass: 31678K(31872K)->31678K(31872K) Class: 4156K(4288K)->4156K(4288K)
[11.643s][info][gc             ] GC(58) Pause Young (Allocation Failure) 358M->35M(1016M) 0.506ms
[11.643s][info][gc,cpu         ] GC(58) User=0.00s Sys=0.00s Real=0.00s
[11.718s][info][gc,start       ] GC(59) Pause Young (Allocation Failure)
[11.718s][info][gc,heap        ] GC(59) PSYoungGen: 332416K(340992K)->192K(340480K) Eden: 332288K(332288K)->0K(332288K) From: 128K(8704K)->192K(8192K)
[11.718s][info][gc,heap        ] GC(59) ParOldGen: 36376K(699392K)->36376K(699392K)
[11.718s][info][gc,metaspace   ] GC(59) Metaspace: 35834K(36160K)->35834K(36160K) NonClass: 31678K(31872K)->31678K(31872K) Class: 4156K(4288K)->4156K(4288K)
[11.718s][info][gc             ] GC(59) Pause Young (Allocation Failure) 360M->35M(1015M) 0.297ms
[11.718s][info][gc,cpu         ] GC(59) User=0.00s Sys=0.00s Real=0.00s
[11.793s][info][gc,start       ] GC(60) Pause Young (Allocation Failure)
[11.793s][info][gc,heap        ] GC(60) PSYoungGen: 332480K(340480K)->160K(342016K) Eden: 332288K(332288K)->0K(334336K) From: 192K(8192K)->160K(7680K)
[11.793s][info][gc,heap        ] GC(60) ParOldGen: 36376K(699392K)->36376K(699392K)
[11.793s][info][gc,metaspace   ] GC(60) Metaspace: 35834K(36160K)->35834K(36160K) NonClass: 31678K(31872K)->31678K(31872K) Class: 4156K(4288K)->4156K(4288K)
[11.793s][info][gc             ] GC(60) Pause Young (Allocation Failure) 360M->35M(1017M) 0.334ms
[11.793s][info][gc,cpu         ] GC(60) User=0.00s Sys=0.00s Real=0.00s
[11.868s][info][gc,start       ] GC(61) Pause Young (Allocation Failure)
[11.868s][info][gc,heap        ] GC(61) PSYoungGen: 334496K(342016K)->192K(341504K) Eden: 334336K(334336K)->0K(334336K) From: 160K(7680K)->192K(7168K)
[11.868s][info][gc,heap        ] GC(61) ParOldGen: 36376K(699392K)->36376K(699392K)
[11.868s][info][gc,metaspace   ] GC(61) Metaspace: 35834K(36160K)->35834K(36160K) NonClass: 31678K(31872K)->31678K(31872K) Class: 4156K(4288K)->4156K(4288K)
[11.868s][info][gc             ] GC(61) Pause Young (Allocation Failure) 362M->35M(1016M) 0.336ms
[11.868s][info][gc,cpu         ] GC(61) User=0.00s Sys=0.00s Real=0.00s
[11.943s][info][gc,start       ] GC(62) Pause Young (Allocation Failure)
[11.943s][info][gc,heap        ] GC(62) PSYoungGen: 334528K(341504K)->192K(343040K) Eden: 334336K(334336K)->0K(336384K) From: 192K(7168K)->192K(6656K)
[11.943s][info][gc,heap        ] GC(62) ParOldGen: 36376K(699392K)->36376K(699392K)
[11.943s][info][gc,metaspace   ] GC(62) Metaspace: 35834K(36160K)->35834K(36160K) NonClass: 31678K(31872K)->31678K(31872K) Class: 4156K(4288K)->4156K(4288K)
[11.943s][info][gc             ] GC(62) Pause Young (Allocation Failure) 362M->35M(1018M) 0.372ms
[11.943s][info][gc,cpu         ] GC(62) User=0.00s Sys=0.00s Real=0.00s
[12.019s][info][gc,start       ] GC(63) Pause Young (Allocation Failure)
[12.019s][info][gc,heap        ] GC(63) PSYoungGen: 336576K(343040K)->192K(342528K) Eden: 336384K(336384K)->0K(336384K) From: 192K(6656K)->192K(6144K)
[12.019s][info][gc,heap        ] GC(63) ParOldGen: 36376K(699392K)->36376K(699392K)
[12.019s][info][gc,metaspace   ] GC(63) Metaspace: 35834K(36160K)->35834K(36160K) NonClass: 31678K(31872K)->31678K(31872K) Class: 4156K(4288K)->4156K(4288K)
[12.020s][info][gc             ] GC(63) Pause Young (Allocation Failure) 364M->35M(1017M) 0.405ms
[12.020s][info][gc,cpu         ] GC(63) User=0.00s Sys=0.00s Real=0.00s
[12.094s][info][gc,start       ] GC(64) Pause Young (Allocation Failure)
[12.095s][info][gc,heap        ] GC(64) PSYoungGen: 336576K(342528K)->192K(344064K) Eden: 336384K(336384K)->0K(338432K) From: 192K(6144K)->192K(5632K)
[12.095s][info][gc,heap        ] GC(64) ParOldGen: 36376K(699392K)->36376K(699392K)
[12.095s][info][gc,metaspace   ] GC(64) Metaspace: 35834K(36160K)->35834K(36160K) NonClass: 31678K(31872K)->31678K(31872K) Class: 4156K(4288K)->4156K(4288K)
[12.095s][info][gc             ] GC(64) Pause Young (Allocation Failure) 364M->35M(1019M) 0.322ms
[12.095s][info][gc,cpu         ] GC(64) User=0.00s Sys=0.00s Real=0.00s
[12.172s][info][gc,start       ] GC(65) Pause Young (Allocation Failure)
[12.173s][info][gc,heap        ] GC(65) PSYoungGen: 338624K(344064K)->192K(343552K) Eden: 338432K(338432K)->0K(338432K) From: 192K(5632K)->192K(5120K)
[12.173s][info][gc,heap        ] GC(65) ParOldGen: 36376K(699392K)->36376K(699392K)
[12.173s][info][gc,metaspace   ] GC(65) Metaspace: 35834K(36160K)->35834K(36160K) NonClass: 31678K(31872K)->31678K(31872K) Class: 4156K(4288K)->4156K(4288K)
[12.173s][info][gc             ] GC(65) Pause Young (Allocation Failure) 366M->35M(1018M) 0.319ms
[12.173s][info][gc,cpu         ] GC(65) User=0.00s Sys=0.00s Real=0.00s
[12.250s][info][gc,start       ] GC(66) Pause Young (Allocation Failure)
[12.251s][info][gc,heap        ] GC(66) PSYoungGen: 338624K(343552K)->192K(344576K) Eden: 338432K(338432K)->0K(339456K) From: 192K(5120K)->192K(5120K)
[12.251s][info][gc,heap        ] GC(66) ParOldGen: 36376K(699392K)->36376K(699392K)
[12.251s][info][gc,metaspace   ] GC(66) Metaspace: 35834K(36160K)->35834K(36160K) NonClass: 31678K(31872K)->31678K(31872K) Class: 4156K(4288K)->4156K(4288K)
[12.251s][info][gc             ] GC(66) Pause Young (Allocation Failure) 366M->35M(1019M) 0.311ms
[12.251s][info][gc,cpu         ] GC(66) User=0.00s Sys=0.00s Real=0.00s
[12.329s][info][gc,start       ] GC(67) Pause Young (Allocation Failure)
[12.329s][info][gc,heap        ] GC(67) PSYoungGen: 339648K(344576K)->192K(344064K) Eden: 339456K(339456K)->0K(339456K) From: 192K(5120K)->192K(4608K)
[12.329s][info][gc,heap        ] GC(67) ParOldGen: 36376K(699392K)->36376K(699392K)
[12.329s][info][gc,metaspace   ] GC(67) Metaspace: 35834K(36160K)->35834K(36160K) NonClass: 31678K(31872K)->31678K(31872K) Class: 4156K(4288K)->4156K(4288K)
[12.329s][info][gc             ] GC(67) Pause Young (Allocation Failure) 367M->35M(1019M) 0.312ms
[12.329s][info][gc,cpu         ] GC(67) User=0.00s Sys=0.00s Real=0.00s
[12.422s][info][gc,start       ] GC(68) Pause Young (Allocation Failure)
[12.423s][info][gc,heap        ] GC(68) PSYoungGen: 339648K(344064K)->192K(345088K) Eden: 339456K(339456K)->0K(340992K) From: 192K(4608K)->192K(4096K)
[12.423s][info][gc,heap        ] GC(68) ParOldGen: 36376K(699392K)->36400K(699392K)
[12.423s][info][gc,metaspace   ] GC(68) Metaspace: 35834K(36160K)->35834K(36160K) NonClass: 31678K(31872K)->31678K(31872K) Class: 4156K(4288K)->4156K(4288K)
[12.423s][info][gc             ] GC(68) Pause Young (Allocation Failure) 367M->35M(1020M) 0.346ms
[12.423s][info][gc,cpu         ] GC(68) User=0.00s Sys=0.00s Real=0.00s
[12.514s][info][gc,start       ] GC(69) Pause Young (Allocation Failure)
[12.515s][info][gc,heap        ] GC(69) PSYoungGen: 341184K(345088K)->192K(345088K) Eden: 340992K(340992K)->0K(340992K) From: 192K(4096K)->192K(4096K)
[12.515s][info][gc,heap        ] GC(69) ParOldGen: 36400K(699392K)->36432K(699392K)
[12.515s][info][gc,metaspace   ] GC(69) Metaspace: 35834K(36160K)->35834K(36160K) NonClass: 31678K(31872K)->31678K(31872K) Class: 4156K(4288K)->4156K(4288K)
[12.515s][info][gc             ] GC(69) Pause Young (Allocation Failure) 368M->35M(1020M) 0.382ms
[12.515s][info][gc,cpu         ] GC(69) User=0.00s Sys=0.00s Real=0.00s
[12.607s][info][gc,start       ] GC(70) Pause Young (Allocation Failure)
[12.607s][info][gc,heap        ] GC(70) PSYoungGen: 341184K(345088K)->192K(345600K) Eden: 340992K(340992K)->0K(342016K) From: 192K(4096K)->192K(3584K)
[12.607s][info][gc,heap        ] GC(70) ParOldGen: 36432K(699392K)->36448K(699392K)
[12.607s][info][gc,metaspace   ] GC(70) Metaspace: 35834K(36160K)->35834K(36160K) NonClass: 31678K(31872K)->31678K(31872K) Class: 4156K(4288K)->4156K(4288K)
[12.607s][info][gc             ] GC(70) Pause Young (Allocation Failure) 368M->35M(1020M) 0.349ms
[12.607s][info][gc,cpu         ] GC(70) User=0.00s Sys=0.00s Real=0.00s
[12.718s][info][gc,start       ] GC(71) Pause Young (Allocation Failure)
[12.719s][info][gc,heap        ] GC(71) PSYoungGen: 342208K(345600K)->192K(345600K) Eden: 342016K(342016K)->0K(342016K) From: 192K(3584K)->192K(3584K)
[12.719s][info][gc,heap        ] GC(71) ParOldGen: 36448K(699392K)->36472K(699392K)
[12.719s][info][gc,metaspace   ] GC(71) Metaspace: 35834K(36160K)->35834K(36160K) NonClass: 31678K(31872K)->31678K(31872K) Class: 4156K(4288K)->4156K(4288K)
[12.719s][info][gc             ] GC(71) Pause Young (Allocation Failure) 369M->35M(1020M) 0.322ms
[12.719s][info][gc,cpu         ] GC(71) User=0.09s Sys=0.00s Real=0.00s
[12.812s][info][gc,start       ] GC(72) Pause Young (Allocation Failure)
[12.813s][info][gc,heap        ] GC(72) PSYoungGen: 342208K(345600K)->192K(346112K) Eden: 342016K(342016K)->0K(343040K) From: 192K(3584K)->192K(3072K)
[12.813s][info][gc,heap        ] GC(72) ParOldGen: 36472K(699392K)->36512K(699392K)
[12.813s][info][gc,metaspace   ] GC(72) Metaspace: 35834K(36160K)->35834K(36160K) NonClass: 31678K(31872K)->31678K(31872K) Class: 4156K(4288K)->4156K(4288K)
[12.813s][info][gc             ] GC(72) Pause Young (Allocation Failure) 369M->35M(1021M) 0.359ms
[12.813s][info][gc,cpu         ] GC(72) User=0.00s Sys=0.00s Real=0.00s
[12.905s][info][gc,start       ] GC(73) Pause Young (Allocation Failure)
[12.905s][info][gc,heap        ] GC(73) PSYoungGen: 343232K(346112K)->192K(346112K) Eden: 343040K(343040K)->0K(343040K) From: 192K(3072K)->192K(3072K)
[12.905s][info][gc,heap        ] GC(73) ParOldGen: 36512K(699392K)->36560K(699392K)
[12.905s][info][gc,metaspace   ] GC(73) Metaspace: 35834K(36160K)->35834K(36160K) NonClass: 31678K(31872K)->31678K(31872K) Class: 4156K(4288K)->4156K(4288K)
[12.905s][info][gc             ] GC(73) Pause Young (Allocation Failure) 370M->35M(1021M) 0.356ms
[12.905s][info][gc,cpu         ] GC(73) User=0.00s Sys=0.00s Real=0.00s
[13.012s][info][gc,start       ] GC(74) Pause Young (Allocation Failure)
[13.012s][info][gc,heap        ] GC(74) PSYoungGen: 343232K(346112K)->192K(346624K) Eden: 343040K(343040K)->0K(344064K) From: 192K(3072K)->192K(2560K)
[13.012s][info][gc,heap        ] GC(74) ParOldGen: 36560K(699392K)->36584K(699392K)
[13.012s][info][gc,metaspace   ] GC(74) Metaspace: 35834K(36160K)->35834K(36160K) NonClass: 31678K(31872K)->31678K(31872K) Class: 4156K(4288K)->4156K(4288K)
[13.012s][info][gc             ] GC(74) Pause Young (Allocation Failure) 370M->35M(1021M) 0.460ms
[13.012s][info][gc,cpu         ] GC(74) User=0.00s Sys=0.00s Real=0.00s
[13.113s][info][gc,start       ] GC(75) Pause Young (Allocation Failure)
[13.113s][info][gc,heap        ] GC(75) PSYoungGen: 344256K(346624K)->192K(346624K) Eden: 344064K(344064K)->0K(344064K) From: 192K(2560K)->192K(2560K)
[13.113s][info][gc,heap        ] GC(75) ParOldGen: 36584K(699392K)->36616K(699392K)
[13.113s][info][gc,metaspace   ] GC(75) Metaspace: 35836K(36160K)->35836K(36160K) NonClass: 31680K(31872K)->31680K(31872K) Class: 4156K(4288K)->4156K(4288K)
[13.113s][info][gc             ] GC(75) Pause Young (Allocation Failure) 371M->35M(1021M) 0.348ms
[13.113s][info][gc,cpu         ] GC(75) User=0.00s Sys=0.00s Real=0.00s
[13.201s][info][gc,start       ] GC(76) Pause Young (Allocation Failure)
[13.201s][info][gc,heap        ] GC(76) PSYoungGen: 344256K(346624K)->192K(347136K) Eden: 344064K(344064K)->0K(344576K) From: 192K(2560K)->192K(2560K)
[13.201s][info][gc,heap        ] GC(76) ParOldGen: 36616K(699392K)->36648K(699392K)
[13.201s][info][gc,metaspace   ] GC(76) Metaspace: 35840K(36160K)->35840K(36160K) NonClass: 31684K(31872K)->31684K(31872K) Class: 4156K(4288K)->4156K(4288K)
[13.201s][info][gc             ] GC(76) Pause Young (Allocation Failure) 371M->35M(1022M) 0.340ms
[13.201s][info][gc,cpu         ] GC(76) User=0.00s Sys=0.00s Real=0.01s
[13.292s][info][gc,start       ] GC(77) Pause Young (Allocation Failure)
[13.292s][info][gc,heap        ] GC(77) PSYoungGen: 344768K(347136K)->192K(346624K) Eden: 344576K(344576K)->0K(344576K) From: 192K(2560K)->192K(2048K)
[13.292s][info][gc,heap        ] GC(77) ParOldGen: 36648K(699392K)->36680K(699392K)
[13.292s][info][gc,metaspace   ] GC(77) Metaspace: 35841K(36160K)->35841K(36160K) NonClass: 31685K(31872K)->31685K(31872K) Class: 4156K(4288K)->4156K(4288K)
[13.292s][info][gc             ] GC(77) Pause Young (Allocation Failure) 372M->36M(1021M) 0.354ms
[13.292s][info][gc,cpu         ] GC(77) User=0.00s Sys=0.00s Real=0.00s
[13.493s][info][gc,start       ] GC(78) Pause Young (Allocation Failure)
[13.493s][info][gc,heap        ] GC(78) PSYoungGen: 344768K(346624K)->192K(347136K) Eden: 344576K(344576K)->0K(345088K) From: 192K(2048K)->192K(2048K)
[13.493s][info][gc,heap        ] GC(78) ParOldGen: 36680K(699392K)->36712K(699392K)
[13.493s][info][gc,metaspace   ] GC(78) Metaspace: 35898K(36224K)->35898K(36224K) NonClass: 31740K(31936K)->31740K(31936K) Class: 4158K(4288K)->4158K(4288K)
[13.493s][info][gc             ] GC(78) Pause Young (Allocation Failure) 372M->36M(1022M) 0.350ms
[13.493s][info][gc,cpu         ] GC(78) User=0.00s Sys=0.00s Real=0.00s
[13.827s][info][gc,start       ] GC(79) Pause Young (Allocation Failure)
[13.840s][info][gc,heap        ] GC(79) PSYoungGen: 345280K(347136K)->2048K(347136K) Eden: 345088K(345088K)->0K(345088K) From: 192K(2048K)->2048K(2048K)
[13.840s][info][gc,heap        ] GC(79) ParOldGen: 36712K(699392K)->70060K(699392K)
[13.840s][info][gc,metaspace   ] GC(79) Metaspace: 35912K(36224K)->35912K(36224K) NonClass: 31752K(31936K)->31752K(31936K) Class: 4159K(4288K)->4159K(4288K)
[13.840s][info][gc             ] GC(79) Pause Young (Allocation Failure) 373M->70M(1022M) 13.037ms
[13.840s][info][gc,cpu         ] GC(79) User=0.09s Sys=0.00s Real=0.02s
[14.319s][info][gc,start       ] GC(80) Pause Young (Allocation Failure)
[14.353s][info][gc,heap        ] GC(80) PSYoungGen: 342812K(347136K)->2048K(273408K) Eden: 340764K(345088K)->0K(271360K) From: 2048K(2048K)->2048K(2048K)
[14.353s][info][gc,heap        ] GC(80) ParOldGen: 70060K(699392K)->140424K(699392K)
[14.353s][info][gc,metaspace   ] GC(80) Metaspace: 35936K(36288K)->35936K(36288K) NonClass: 31773K(32000K)->31773K(32000K) Class: 4162K(4288K)->4162K(4288K)
[14.353s][info][gc             ] GC(80) Pause Young (Allocation Failure) 403M->139M(950M) 33.487ms
[14.353s][info][gc,cpu         ] GC(80) User=0.19s Sys=0.00s Real=0.03s
[14.619s][info][gc,start       ] GC(81) Pause Young (Allocation Failure)
[14.626s][info][gc,heap        ] GC(81) PSYoungGen: 273300K(273408K)->24018K(295424K) Eden: 271252K(271360K)->0K(271360K) From: 2048K(2048K)->24018K(24064K)
[14.626s][info][gc,heap        ] GC(81) ParOldGen: 140424K(699392K)->142512K(699392K)
[14.627s][info][gc,metaspace   ] GC(81) Metaspace: 35938K(36288K)->35938K(36288K) NonClass: 31776K(32000K)->31776K(32000K) Class: 4162K(4288K)->4162K(4288K)
[14.627s][info][gc             ] GC(81) Pause Young (Allocation Failure) 404M->162M(971M) 7.160ms
[14.627s][info][gc,cpu         ] GC(81) User=0.09s Sys=0.00s Real=0.01s
[14.870s][info][gc,start       ] GC(82) Pause Young (Allocation Failure)
[14.877s][info][gc,heap        ] GC(82) PSYoungGen: 295378K(295424K)->14269K(309760K) Eden: 271360K(271360K)->0K(268288K) From: 24018K(24064K)->14269K(41472K)
[14.877s][info][gc,heap        ] GC(82) ParOldGen: 142512K(699392K)->151999K(699392K)
[14.877s][info][gc,metaspace   ] GC(82) Metaspace: 35948K(36288K)->35948K(36288K) NonClass: 31785K(32000K)->31785K(32000K) Class: 4162K(4288K)->4162K(4288K)
[14.877s][info][gc             ] GC(82) Pause Young (Allocation Failure) 427M->162M(985M) 7.676ms
[14.877s][info][gc,cpu         ] GC(82) User=0.06s Sys=0.03s Real=0.01s
[15.125s][info][gc,start       ] GC(83) Pause Young (Allocation Failure)
[15.134s][info][gc,heap        ] GC(83) PSYoungGen: 281216K(309760K)->24051K(307712K) Eden: 266947K(268288K)->0K(268288K) From: 14269K(41472K)->24051K(39424K)
[15.134s][info][gc,heap        ] GC(83) ParOldGen: 151999K(699392K)->153023K(699392K)
[15.134s][info][gc,metaspace   ] GC(83) Metaspace: 35948K(36288K)->35948K(36288K) NonClass: 31786K(32000K)->31786K(32000K) Class: 4162K(4288K)->4162K(4288K)
[15.134s][info][gc             ] GC(83) Pause Young (Allocation Failure) 423M->172M(983M) 8.689ms
[15.134s][info][gc,cpu         ] GC(83) User=0.00s Sys=0.00s Real=0.01s
[15.379s][info][gc,start       ] GC(84) Pause Young (Allocation Failure)
[15.388s][info][gc,heap        ] GC(84) PSYoungGen: 291814K(307712K)->19743K(308736K) Eden: 267763K(268288K)->0K(267776K) From: 24051K(39424K)->19743K(40960K)
[15.388s][info][gc,heap        ] GC(84) ParOldGen: 153023K(699392K)->160005K(699392K)
[15.388s][info][gc,metaspace   ] GC(84) Metaspace: 35950K(36288K)->35950K(36288K) NonClass: 31787K(32000K)->31787K(32000K) Class: 4162K(4288K)->4162K(4288K)
[15.388s][info][gc             ] GC(84) Pause Young (Allocation Failure) 434M->175M(984M) 8.866ms
[15.388s][info][gc,cpu         ] GC(84) User=0.00s Sys=0.00s Real=0.01s
[15.614s][info][gc,start       ] GC(85) Pause Young (Allocation Failure)
[15.620s][info][gc,heap        ] GC(85) PSYoungGen: 285333K(308736K)->13036K(308224K) Eden: 265590K(267776K)->0K(267776K) From: 19743K(40960K)->13036K(40448K)
[15.620s][info][gc,heap        ] GC(85) ParOldGen: 160005K(699392K)->163078K(699392K)
[15.620s][info][gc,metaspace   ] GC(85) Metaspace: 35952K(36288K)->35952K(36288K) NonClass: 31790K(32000K)->31790K(32000K) Class: 4162K(4288K)->4162K(4288K)
[15.620s][info][gc             ] GC(85) Pause Young (Allocation Failure) 434M->171M(984M) 6.720ms
[15.620s][info][gc,cpu         ] GC(85) User=0.00s Sys=0.00s Real=0.01s
[15.873s][info][gc,start       ] GC(86) Pause Young (Allocation Failure)
[15.879s][info][gc,heap        ] GC(86) PSYoungGen: 278705K(308224K)->11818K(313344K) Eden: 265668K(267776K)->0K(275456K) From: 13036K(40448K)->11818K(37888K)
[15.879s][info][gc,heap        ] GC(86) ParOldGen: 163078K(699392K)->164497K(699392K)
[15.879s][info][gc,metaspace   ] GC(86) Metaspace: 35955K(36288K)->35955K(36288K) NonClass: 31792K(32000K)->31792K(32000K) Class: 4162K(4288K)->4162K(4288K)
[15.879s][info][gc             ] GC(86) Pause Young (Allocation Failure) 431M->172M(989M) 5.964ms
[15.879s][info][gc,cpu         ] GC(86) User=0.09s Sys=0.00s Real=0.02s
[15.888s][info][gc,start       ] GC(87) Pause Young (System.gc())
[15.891s][info][gc,heap        ] GC(87) PSYoungGen: 16925K(313344K)->3456K(311296K) Eden: 5107K(275456K)->0K(275456K) From: 11818K(37888K)->3456K(35840K)
[15.891s][info][gc,heap        ] GC(87) ParOldGen: 164497K(699392K)->171951K(699392K)
[15.891s][info][gc,metaspace   ] GC(87) Metaspace: 35968K(36288K)->35968K(36288K) NonClass: 31803K(32000K)->31803K(32000K) Class: 4164K(4288K)->4164K(4288K)
[15.891s][info][gc             ] GC(87) Pause Young (System.gc()) 177M->171M(987M) 3.510ms
[15.891s][info][gc,cpu         ] GC(87) User=0.09s Sys=0.00s Real=0.01s
[15.891s][info][gc,start       ] GC(88) Pause Full (System.gc())
[15.891s][info][gc,phases,start] GC(88) Marking Phase
[15.907s][info][gc,phases      ] GC(88) Marking Phase 15.738ms
[15.907s][info][gc,phases,start] GC(88) Summary Phase
[15.907s][info][gc,phases      ] GC(88) Summary Phase 0.011ms
[15.907s][info][gc,phases,start] GC(88) Adjust Roots
[15.911s][info][gc,phases      ] GC(88) Adjust Roots 4.076ms
[15.911s][info][gc,phases,start] GC(88) Compaction Phase
[15.930s][info][gc,phases      ] GC(88) Compaction Phase 18.895ms
[15.930s][info][gc,phases,start] GC(88) Post Compact
[15.931s][info][gc,phases      ] GC(88) Post Compact 0.923ms
[15.931s][info][gc,heap        ] GC(88) PSYoungGen: 3456K(311296K)->0K(311296K) Eden: 0K(275456K)->0K(275456K) From: 3456K(35840K)->0K(35840K)
[15.931s][info][gc,heap        ] GC(88) ParOldGen: 171951K(699392K)->106178K(699392K)
[15.931s][info][gc,metaspace   ] GC(88) Metaspace: 35968K(36288K)->35968K(36288K) NonClass: 31803K(32000K)->31803K(32000K) Class: 4164K(4288K)->4164K(4288K)
[15.931s][info][gc             ] GC(88) Pause Full (System.gc()) 171M->103M(987M) 39.950ms
[15.931s][info][gc,cpu         ] GC(88) User=0.06s Sys=0.05s Real=0.04s
[15.979s][info][gc,start       ] GC(89) Pause Young (Allocation Failure)
[15.979s][info][gc,heap        ] GC(89) PSYoungGen: 275456K(311296K)->192K(313856K) Eden: 275456K(275456K)->0K(278528K) From: 0K(35840K)->192K(35328K)
[15.979s][info][gc,heap        ] GC(89) ParOldGen: 106178K(699392K)->106178K(699392K)
[15.979s][info][gc,metaspace   ] GC(89) Metaspace: 35969K(36288K)->35969K(36288K) NonClass: 31804K(32000K)->31804K(32000K) Class: 4164K(4288K)->4164K(4288K)
[15.979s][info][gc             ] GC(89) Pause Young (Allocation Failure) 372M->103M(989M) 0.377ms
[15.979s][info][gc,cpu         ] GC(89) User=0.00s Sys=0.00s Real=0.00s
[16.024s][info][gc,start       ] GC(90) Pause Young (Allocation Failure)
[16.024s][info][gc,heap        ] GC(90) PSYoungGen: 278720K(313856K)->192K(313856K) Eden: 278528K(278528K)->0K(278528K) From: 192K(35328K)->192K(35328K)
[16.024s][info][gc,heap        ] GC(90) ParOldGen: 106178K(699392K)->106226K(699392K)
[16.024s][info][gc,metaspace   ] GC(90) Metaspace: 35969K(36288K)->35969K(36288K) NonClass: 31804K(32000K)->31804K(32000K) Class: 4164K(4288K)->4164K(4288K)
[16.024s][info][gc             ] GC(90) Pause Young (Allocation Failure) 375M->103M(989M) 0.410ms
[16.024s][info][gc,cpu         ] GC(90) User=0.00s Sys=0.00s Real=0.00s
[16.067s][info][gc,start       ] GC(91) Pause Young (Allocation Failure)
[16.067s][info][gc,heap        ] GC(91) PSYoungGen: 278720K(313856K)->192K(314880K) Eden: 278528K(278528K)->0K(280064K) From: 192K(35328K)->192K(34816K)
[16.067s][info][gc,heap        ] GC(91) ParOldGen: 106226K(699392K)->106226K(699392K)
[16.067s][info][gc,metaspace   ] GC(91) Metaspace: 35969K(36288K)->35969K(36288K) NonClass: 31804K(32000K)->31804K(32000K) Class: 4164K(4288K)->4164K(4288K)
[16.067s][info][gc             ] GC(91) Pause Young (Allocation Failure) 375M->103M(990M) 0.355ms
[16.067s][info][gc,cpu         ] GC(91) User=0.00s Sys=0.00s Real=0.00s
[16.111s][info][gc,start       ] GC(92) Pause Young (Allocation Failure)
[16.111s][info][gc,heap        ] GC(92) PSYoungGen: 280256K(314880K)->192K(314368K) Eden: 280064K(280064K)->0K(280064K) From: 192K(34816K)->192K(34304K)
[16.111s][info][gc,heap        ] GC(92) ParOldGen: 106226K(699392K)->106226K(699392K)
[16.111s][info][gc,metaspace   ] GC(92) Metaspace: 35969K(36288K)->35969K(36288K) NonClass: 31804K(32000K)->31804K(32000K) Class: 4164K(4288K)->4164K(4288K)
[16.111s][info][gc             ] GC(92) Pause Young (Allocation Failure) 377M->103M(990M) 0.485ms
[16.111s][info][gc,cpu         ] GC(92) User=0.00s Sys=0.00s Real=0.00s
[16.154s][info][gc,start       ] GC(93) Pause Young (Allocation Failure)
[16.154s][info][gc,heap        ] GC(93) PSYoungGen: 280256K(314368K)->192K(316928K) Eden: 280064K(280064K)->0K(283648K) From: 192K(34304K)->192K(33280K)
[16.154s][info][gc,heap        ] GC(93) ParOldGen: 106226K(699392K)->106226K(699392K)
[16.154s][info][gc,metaspace   ] GC(93) Metaspace: 35969K(36288K)->35969K(36288K) NonClass: 31804K(32000K)->31804K(32000K) Class: 4164K(4288K)->4164K(4288K)
[16.154s][info][gc             ] GC(93) Pause Young (Allocation Failure) 377M->103M(992M) 0.400ms
[16.154s][info][gc,cpu         ] GC(93) User=0.00s Sys=0.00s Real=0.00s
[16.198s][info][gc,start       ] GC(94) Pause Young (Allocation Failure)
[16.198s][info][gc,heap        ] GC(94) PSYoungGen: 283840K(316928K)->160K(315904K) Eden: 283648K(283648K)->0K(283648K) From: 192K(33280K)->160K(32256K)
[16.198s][info][gc,heap        ] GC(94) ParOldGen: 106226K(699392K)->106226K(699392K)
[16.198s][info][gc,metaspace   ] GC(94) Metaspace: 35969K(36288K)->35969K(36288K) NonClass: 31804K(32000K)->31804K(32000K) Class: 4164K(4288K)->4164K(4288K)
[16.198s][info][gc             ] GC(94) Pause Young (Allocation Failure) 380M->103M(991M) 0.344ms
[16.198s][info][gc,cpu         ] GC(94) User=0.00s Sys=0.00s Real=0.00s
[16.242s][info][gc,start       ] GC(95) Pause Young (Allocation Failure)
[16.242s][info][gc,heap        ] GC(95) PSYoungGen: 283808K(315904K)->192K(319488K) Eden: 283648K(283648K)->0K(288256K) From: 160K(32256K)->192K(31232K)
[16.242s][info][gc,heap        ] GC(95) ParOldGen: 106226K(699392K)->106226K(699392K)
[16.242s][info][gc,metaspace   ] GC(95) Metaspace: 35969K(36288K)->35969K(36288K) NonClass: 31804K(32000K)->31804K(32000K) Class: 4164K(4288K)->4164K(4288K)
[16.242s][info][gc             ] GC(95) Pause Young (Allocation Failure) 380M->103M(995M) 0.382ms
[16.242s][info][gc,cpu         ] GC(95) User=0.00s Sys=0.00s Real=0.00s
[16.285s][info][gc,start       ] GC(96) Pause Young (Allocation Failure)
[16.285s][info][gc,heap        ] GC(96) PSYoungGen: 288448K(319488K)->192K(317952K) Eden: 288256K(288256K)->0K(288256K) From: 192K(31232K)->192K(29696K)
[16.285s][info][gc,heap        ] GC(96) ParOldGen: 106226K(699392K)->106226K(699392K)
[16.285s][info][gc,metaspace   ] GC(96) Metaspace: 35969K(36288K)->35969K(36288K) NonClass: 31804K(32000K)->31804K(32000K) Class: 4164K(4288K)->4164K(4288K)
[16.285s][info][gc             ] GC(96) Pause Young (Allocation Failure) 385M->103M(993M) 0.375ms
[16.285s][info][gc,cpu         ] GC(96) User=0.00s Sys=0.00s Real=0.00s
[16.328s][info][gc,start       ] GC(97) Pause Young (Allocation Failure)
[16.328s][info][gc,heap        ] GC(97) PSYoungGen: 288448K(317952K)->192K(322048K) Eden: 288256K(288256K)->0K(293376K) From: 192K(29696K)->192K(28672K)
[16.328s][info][gc,heap        ] GC(97) ParOldGen: 106226K(699392K)->106226K(699392K)
[16.328s][info][gc,metaspace   ] GC(97) Metaspace: 35969K(36288K)->35969K(36288K) NonClass: 31804K(32000K)->31804K(32000K) Class: 4164K(4288K)->4164K(4288K)
[16.328s][info][gc             ] GC(97) Pause Young (Allocation Failure) 385M->103M(997M) 0.389ms
[16.328s][info][gc,cpu         ] GC(97) User=0.00s Sys=0.02s Real=0.00s
[16.373s][info][gc,start       ] GC(98) Pause Young (Allocation Failure)
[16.373s][info][gc,heap        ] GC(98) PSYoungGen: 293568K(322048K)->160K(320512K) Eden: 293376K(293376K)->0K(293376K) From: 192K(28672K)->160K(27136K)
[16.373s][info][gc,heap        ] GC(98) ParOldGen: 106226K(699392K)->106226K(699392K)
[16.373s][info][gc,metaspace   ] GC(98) Metaspace: 35969K(36288K)->35969K(36288K) NonClass: 31804K(32000K)->31804K(32000K) Class: 4164K(4288K)->4164K(4288K)
[16.373s][info][gc             ] GC(98) Pause Young (Allocation Failure) 390M->103M(996M) 0.380ms
[16.373s][info][gc,cpu         ] GC(98) User=0.00s Sys=0.00s Real=0.00s
[16.417s][info][gc,start       ] GC(99) Pause Young (Allocation Failure)
[16.417s][info][gc,heap        ] GC(99) PSYoungGen: 293536K(320512K)->192K(324608K) Eden: 293376K(293376K)->0K(299008K) From: 160K(27136K)->192K(25600K)
[16.417s][info][gc,heap        ] GC(99) ParOldGen: 106226K(699392K)->106226K(699392K)
[16.417s][info][gc,metaspace   ] GC(99) Metaspace: 35969K(36288K)->35969K(36288K) NonClass: 31804K(32000K)->31804K(32000K) Class: 4164K(4288K)->4164K(4288K)
[16.417s][info][gc             ] GC(99) Pause Young (Allocation Failure) 390M->103M(1000M) 0.358ms
[16.417s][info][gc,cpu         ] GC(99) User=0.00s Sys=0.00s Real=0.00s
[16.462s][info][gc,start       ] GC(100) Pause Young (Allocation Failure)
[16.462s][info][gc,heap        ] GC(100) PSYoungGen: 299200K(324608K)->192K(323584K) Eden: 299008K(299008K)->0K(299008K) From: 192K(25600K)->192K(24576K)
[16.462s][info][gc,heap        ] GC(100) ParOldGen: 106226K(699392K)->106226K(699392K)
[16.462s][info][gc,metaspace   ] GC(100) Metaspace: 35969K(36288K)->35969K(36288K) NonClass: 31804K(32000K)->31804K(32000K) Class: 4164K(4288K)->4164K(4288K)
[16.462s][info][gc             ] GC(100) Pause Young (Allocation Failure) 395M->103M(999M) 0.398ms
[16.462s][info][gc,cpu         ] GC(100) User=0.00s Sys=0.00s Real=0.00s
[16.508s][info][gc,start       ] GC(101) Pause Young (Allocation Failure)
[16.508s][info][gc,heap        ] GC(101) PSYoungGen: 299200K(323584K)->192K(327168K) Eden: 299008K(299008K)->0K(304128K) From: 192K(24576K)->192K(23040K)
[16.508s][info][gc,heap        ] GC(101) ParOldGen: 106226K(699392K)->106226K(699392K)
[16.508s][info][gc,metaspace   ] GC(101) Metaspace: 35969K(36288K)->35969K(36288K) NonClass: 31804K(32000K)->31804K(32000K) Class: 4164K(4288K)->4164K(4288K)
[16.508s][info][gc             ] GC(101) Pause Young (Allocation Failure) 395M->103M(1002M) 0.381ms
[16.508s][info][gc,cpu         ] GC(101) User=0.00s Sys=0.00s Real=0.00s
[16.555s][info][gc,start       ] GC(102) Pause Young (Allocation Failure)
[16.555s][info][gc,heap        ] GC(102) PSYoungGen: 304320K(327168K)->192K(326144K) Eden: 304128K(304128K)->0K(304128K) From: 192K(23040K)->192K(22016K)
[16.555s][info][gc,heap        ] GC(102) ParOldGen: 106226K(699392K)->106226K(699392K)
[16.555s][info][gc,metaspace   ] GC(102) Metaspace: 35969K(36288K)->35969K(36288K) NonClass: 31804K(32000K)->31804K(32000K) Class: 4164K(4288K)->4164K(4288K)
[16.555s][info][gc             ] GC(102) Pause Young (Allocation Failure) 400M->103M(1001M) 0.344ms
[16.555s][info][gc,cpu         ] GC(102) User=0.00s Sys=0.00s Real=0.00s
[16.601s][info][gc,start       ] GC(103) Pause Young (Allocation Failure)
[16.602s][info][gc,heap        ] GC(103) PSYoungGen: 304320K(326144K)->192K(329728K) Eden: 304128K(304128K)->0K(309248K) From: 192K(22016K)->192K(20480K)
[16.602s][info][gc,heap        ] GC(103) ParOldGen: 106226K(699392K)->106226K(699392K)
[16.602s][info][gc,metaspace   ] GC(103) Metaspace: 35969K(36288K)->35969K(36288K) NonClass: 31804K(32000K)->31804K(32000K) Class: 4164K(4288K)->4164K(4288K)
[16.602s][info][gc             ] GC(103) Pause Young (Allocation Failure) 400M->103M(1005M) 0.412ms
[16.602s][info][gc,cpu         ] GC(103) User=0.00s Sys=0.00s Real=0.00s
[16.667s][info][gc,start       ] GC(104) Pause Young (Allocation Failure)
[16.667s][info][gc,heap        ] GC(104) PSYoungGen: 309440K(329728K)->128K(328704K) Eden: 309248K(309248K)->0K(309248K) From: 192K(20480K)->128K(19456K)
[16.667s][info][gc,heap        ] GC(104) ParOldGen: 106226K(699392K)->106226K(699392K)
[16.667s][info][gc,metaspace   ] GC(104) Metaspace: 35970K(36288K)->35970K(36288K) NonClass: 31805K(32000K)->31805K(32000K) Class: 4164K(4288K)->4164K(4288K)
[16.667s][info][gc             ] GC(104) Pause Young (Allocation Failure) 405M->103M(1004M) 0.562ms
[16.667s][info][gc,cpu         ] GC(104) User=0.00s Sys=0.00s Real=0.00s
[16.731s][info][gc,start       ] GC(105) Pause Young (Allocation Failure)
[16.731s][info][gc,heap        ] GC(105) PSYoungGen: 309376K(328704K)->160K(332288K) Eden: 309248K(309248K)->0K(314368K) From: 128K(19456K)->160K(17920K)
[16.731s][info][gc,heap        ] GC(105) ParOldGen: 106226K(699392K)->106274K(699392K)
[16.731s][info][gc,metaspace   ] GC(105) Metaspace: 35970K(36288K)->35970K(36288K) NonClass: 31805K(32000K)->31805K(32000K) Class: 4164K(4288K)->4164K(4288K)
[16.731s][info][gc             ] GC(105) Pause Young (Allocation Failure) 405M->103M(1007M) 0.384ms
[16.731s][info][gc,cpu         ] GC(105) User=0.00s Sys=0.00s Real=0.00s
[16.795s][info][gc,start       ] GC(106) Pause Young (Allocation Failure)
[16.796s][info][gc,heap        ] GC(106) PSYoungGen: 314528K(332288K)->160K(331264K) Eden: 314368K(314368K)->0K(314368K) From: 160K(17920K)->160K(16896K)
[16.796s][info][gc,heap        ] GC(106) ParOldGen: 106274K(699392K)->106274K(699392K)
[16.796s][info][gc,metaspace   ] GC(106) Metaspace: 35970K(36288K)->35970K(36288K) NonClass: 31805K(32000K)->31805K(32000K) Class: 4164K(4288K)->4164K(4288K)
[16.796s][info][gc             ] GC(106) Pause Young (Allocation Failure) 410M->103M(1006M) 0.526ms
[16.796s][info][gc,cpu         ] GC(106) User=0.00s Sys=0.00s Real=0.00s
[16.862s][info][gc,start       ] GC(107) Pause Young (Allocation Failure)
[16.862s][info][gc,heap        ] GC(107) PSYoungGen: 314528K(331264K)->192K(334336K) Eden: 314368K(314368K)->0K(318464K) From: 160K(16896K)->192K(15872K)
[16.862s][info][gc,heap        ] GC(107) ParOldGen: 106274K(699392K)->106274K(699392K)
[16.862s][info][gc,metaspace   ] GC(107) Metaspace: 35970K(36288K)->35970K(36288K) NonClass: 31805K(32000K)->31805K(32000K) Class: 4164K(4288K)->4164K(4288K)
[16.862s][info][gc             ] GC(107) Pause Young (Allocation Failure) 410M->103M(1009M) 0.415ms
[16.862s][info][gc,cpu         ] GC(107) User=0.00s Sys=0.00s Real=0.00s
[16.927s][info][gc,start       ] GC(108) Pause Young (Allocation Failure)
[16.928s][info][gc,heap        ] GC(108) PSYoungGen: 318656K(334336K)->192K(333312K) Eden: 318464K(318464K)->0K(318464K) From: 192K(15872K)->192K(14848K)
[16.928s][info][gc,heap        ] GC(108) ParOldGen: 106274K(699392K)->106274K(699392K)
[16.928s][info][gc,metaspace   ] GC(108) Metaspace: 35970K(36288K)->35970K(36288K) NonClass: 31805K(32000K)->31805K(32000K) Class: 4164K(4288K)->4164K(4288K)
[16.928s][info][gc             ] GC(108) Pause Young (Allocation Failure) 414M->103M(1008M) 0.417ms
[16.928s][info][gc,cpu         ] GC(108) User=0.00s Sys=0.00s Real=0.00s
[16.993s][info][gc,start       ] GC(109) Pause Young (Allocation Failure)
[16.994s][info][gc,heap        ] GC(109) PSYoungGen: 318656K(333312K)->192K(336384K) Eden: 318464K(318464K)->0K(322560K) From: 192K(14848K)->192K(13824K)
[16.994s][info][gc,heap        ] GC(109) ParOldGen: 106274K(699392K)->106274K(699392K)
[16.994s][info][gc,metaspace   ] GC(109) Metaspace: 35970K(36288K)->35970K(36288K) NonClass: 31805K(32000K)->31805K(32000K) Class: 4164K(4288K)->4164K(4288K)
[16.994s][info][gc             ] GC(109) Pause Young (Allocation Failure) 414M->103M(1011M) 0.501ms
[16.994s][info][gc,cpu         ] GC(109) User=0.00s Sys=0.00s Real=0.00s
[17.058s][info][gc,start       ] GC(110) Pause Young (Allocation Failure)
[17.059s][info][gc,heap        ] GC(110) PSYoungGen: 322752K(336384K)->160K(335360K) Eden: 322560K(322560K)->0K(322560K) From: 192K(13824K)->160K(12800K)
[17.059s][info][gc,heap        ] GC(110) ParOldGen: 106274K(699392K)->106274K(699392K)
[17.059s][info][gc,metaspace   ] GC(110) Metaspace: 35970K(36288K)->35970K(36288K) NonClass: 31805K(32000K)->31805K(32000K) Class: 4164K(4288K)->4164K(4288K)
[17.059s][info][gc             ] GC(110) Pause Young (Allocation Failure) 418M->103M(1010M) 0.589ms
[17.059s][info][gc,cpu         ] GC(110) User=0.00s Sys=0.00s Real=0.00s
[17.122s][info][gc,start       ] GC(111) Pause Young (Allocation Failure)
[17.123s][info][gc,heap        ] GC(111) PSYoungGen: 322720K(335360K)->160K(337920K) Eden: 322560K(322560K)->0K(325632K) From: 160K(12800K)->160K(12288K)
[17.123s][info][gc,heap        ] GC(111) ParOldGen: 106274K(699392K)->106274K(699392K)
[17.123s][info][gc,metaspace   ] GC(111) Metaspace: 35970K(36288K)->35970K(36288K) NonClass: 31805K(32000K)->31805K(32000K) Class: 4164K(4288K)->4164K(4288K)
[17.123s][info][gc             ] GC(111) Pause Young (Allocation Failure) 418M->103M(1013M) 0.541ms
[17.123s][info][gc,cpu         ] GC(111) User=0.00s Sys=0.00s Real=0.00s
[17.185s][info][gc,start       ] GC(112) Pause Young (Allocation Failure)
[17.185s][info][gc,heap        ] GC(112) PSYoungGen: 325792K(337920K)->192K(336896K) Eden: 325632K(325632K)->0K(325632K) From: 160K(12288K)->192K(11264K)
[17.185s][info][gc,heap        ] GC(112) ParOldGen: 106274K(699392K)->106282K(699392K)
[17.185s][info][gc,metaspace   ] GC(112) Metaspace: 35970K(36288K)->35970K(36288K) NonClass: 31805K(32000K)->31805K(32000K) Class: 4164K(4288K)->4164K(4288K)
[17.185s][info][gc             ] GC(112) Pause Young (Allocation Failure) 421M->103M(1012M) 0.378ms
[17.185s][info][gc,cpu         ] GC(112) User=0.00s Sys=0.00s Real=0.00s
[17.249s][info][gc,start       ] GC(113) Pause Young (Allocation Failure)
[17.249s][info][gc,heap        ] GC(113) PSYoungGen: 325824K(336896K)->192K(339456K) Eden: 325632K(325632K)->0K(329216K) From: 192K(11264K)->192K(10240K)
[17.249s][info][gc,heap        ] GC(113) ParOldGen: 106282K(699392K)->106282K(699392K)
[17.249s][info][gc,metaspace   ] GC(113) Metaspace: 35970K(36288K)->35970K(36288K) NonClass: 31805K(32000K)->31805K(32000K) Class: 4164K(4288K)->4164K(4288K)
[17.249s][info][gc             ] GC(113) Pause Young (Allocation Failure) 421M->103M(1014M) 0.369ms
[17.249s][info][gc,cpu         ] GC(113) User=0.00s Sys=0.00s Real=0.00s
[17.314s][info][gc,start       ] GC(114) Pause Young (Allocation Failure)
[17.315s][info][gc,heap        ] GC(114) PSYoungGen: 329408K(339456K)->192K(338944K) Eden: 329216K(329216K)->0K(329216K) From: 192K(10240K)->192K(9728K)
[17.315s][info][gc,heap        ] GC(114) ParOldGen: 106282K(699392K)->106282K(699392K)
[17.315s][info][gc,metaspace   ] GC(114) Metaspace: 35970K(36288K)->35970K(36288K) NonClass: 31805K(32000K)->31805K(32000K) Class: 4164K(4288K)->4164K(4288K)
[17.315s][info][gc             ] GC(114) Pause Young (Allocation Failure) 425M->103M(1014M) 0.558ms
[17.315s][info][gc,cpu         ] GC(114) User=0.00s Sys=0.00s Real=0.00s
[17.380s][info][gc,start       ] GC(115) Pause Young (Allocation Failure)
[17.380s][info][gc,heap        ] GC(115) PSYoungGen: 329408K(338944K)->160K(340992K) Eden: 329216K(329216K)->0K(331776K) From: 192K(9728K)->160K(9216K)
[17.380s][info][gc,heap        ] GC(115) ParOldGen: 106282K(699392K)->106282K(699392K)
[17.380s][info][gc,metaspace   ] GC(115) Metaspace: 35970K(36288K)->35970K(36288K) NonClass: 31805K(32000K)->31805K(32000K) Class: 4164K(4288K)->4164K(4288K)
[17.380s][info][gc             ] GC(115) Pause Young (Allocation Failure) 425M->103M(1016M) 0.621ms
[17.380s][info][gc,cpu         ] GC(115) User=0.00s Sys=0.00s Real=0.00s
[17.446s][info][gc,start       ] GC(116) Pause Young (Allocation Failure)
[17.446s][info][gc,heap        ] GC(116) PSYoungGen: 331936K(340992K)->192K(339968K) Eden: 331776K(331776K)->0K(331776K) From: 160K(9216K)->192K(8192K)
[17.446s][info][gc,heap        ] GC(116) ParOldGen: 106282K(699392K)->106282K(699392K)
[17.446s][info][gc,metaspace   ] GC(116) Metaspace: 35970K(36288K)->35970K(36288K) NonClass: 31805K(32000K)->31805K(32000K) Class: 4164K(4288K)->4164K(4288K)
[17.446s][info][gc             ] GC(116) Pause Young (Allocation Failure) 427M->103M(1015M) 0.434ms
[17.446s][info][gc,cpu         ] GC(116) User=0.00s Sys=0.00s Real=0.00s
[17.511s][info][gc,start       ] GC(117) Pause Young (Allocation Failure)
[17.511s][info][gc,heap        ] GC(117) PSYoungGen: 331968K(339968K)->160K(342016K) Eden: 331776K(331776K)->0K(334336K) From: 192K(8192K)->160K(7680K)
[17.511s][info][gc,heap        ] GC(117) ParOldGen: 106282K(699392K)->106282K(699392K)
[17.511s][info][gc,metaspace   ] GC(117) Metaspace: 35970K(36288K)->35970K(36288K) NonClass: 31805K(32000K)->31805K(32000K) Class: 4164K(4288K)->4164K(4288K)
[17.511s][info][gc             ] GC(117) Pause Young (Allocation Failure) 427M->103M(1017M) 0.438ms
[17.511s][info][gc,cpu         ] GC(117) User=0.00s Sys=0.00s Real=0.00s
[17.579s][info][gc,start       ] GC(118) Pause Young (Allocation Failure)
[17.579s][info][gc,heap        ] GC(118) PSYoungGen: 334496K(342016K)->160K(341504K) Eden: 334336K(334336K)->0K(334336K) From: 160K(7680K)->160K(7168K)
[17.579s][info][gc,heap        ] GC(118) ParOldGen: 106282K(699392K)->106282K(699392K)
[17.579s][info][gc,metaspace   ] GC(118) Metaspace: 35970K(36288K)->35970K(36288K) NonClass: 31805K(32000K)->31805K(32000K) Class: 4164K(4288K)->4164K(4288K)
[17.579s][info][gc             ] GC(118) Pause Young (Allocation Failure) 430M->103M(1016M) 0.610ms
[17.579s][info][gc,cpu         ] GC(118) User=0.02s Sys=0.00s Real=0.00s
[17.646s][info][gc,start       ] GC(119) Pause Young (Allocation Failure)
[17.647s][info][gc,heap        ] GC(119) PSYoungGen: 334496K(341504K)->96K(343040K) Eden: 334336K(334336K)->0K(336384K) From: 160K(7168K)->96K(6656K)
[17.647s][info][gc,heap        ] GC(119) ParOldGen: 106282K(699392K)->106282K(699392K)
[17.647s][info][gc,metaspace   ] GC(119) Metaspace: 35970K(36288K)->35970K(36288K) NonClass: 31805K(32000K)->31805K(32000K) Class: 4164K(4288K)->4164K(4288K)
[17.647s][info][gc             ] GC(119) Pause Young (Allocation Failure) 430M->103M(1018M) 1.110ms
[17.647s][info][gc,cpu         ] GC(119) User=0.00s Sys=0.00s Real=0.00s
[17.714s][info][gc,start       ] GC(120) Pause Young (Allocation Failure)
[17.715s][info][gc,heap        ] GC(120) PSYoungGen: 336480K(343040K)->192K(342528K) Eden: 336384K(336384K)->0K(336384K) From: 96K(6656K)->192K(6144K)
[17.715s][info][gc,heap        ] GC(120) ParOldGen: 106282K(699392K)->106282K(699392K)
[17.715s][info][gc,metaspace   ] GC(120) Metaspace: 35970K(36288K)->35970K(36288K) NonClass: 31805K(32000K)->31805K(32000K) Class: 4164K(4288K)->4164K(4288K)
[17.715s][info][gc             ] GC(120) Pause Young (Allocation Failure) 432M->103M(1017M) 0.386ms
[17.715s][info][gc,cpu         ] GC(120) User=0.00s Sys=0.00s Real=0.00s
[17.779s][info][gc,start       ] GC(121) Pause Young (Allocation Failure)
[17.780s][info][gc,heap        ] GC(121) PSYoungGen: 336576K(342528K)->192K(344064K) Eden: 336384K(336384K)->0K(338432K) From: 192K(6144K)->192K(5632K)
[17.780s][info][gc,heap        ] GC(121) ParOldGen: 106282K(699392K)->106282K(699392K)
[17.780s][info][gc,metaspace   ] GC(121) Metaspace: 35970K(36288K)->35970K(36288K) NonClass: 31805K(32000K)->31805K(32000K) Class: 4164K(4288K)->4164K(4288K)
[17.780s][info][gc             ] GC(121) Pause Young (Allocation Failure) 432M->103M(1019M) 0.393ms
[17.780s][info][gc,cpu         ] GC(121) User=0.00s Sys=0.00s Real=0.00s
[17.845s][info][gc,start       ] GC(122) Pause Young (Allocation Failure)
[17.845s][info][gc,heap        ] GC(122) PSYoungGen: 338624K(344064K)->192K(343552K) Eden: 338432K(338432K)->0K(338432K) From: 192K(5632K)->192K(5120K)
[17.845s][info][gc,heap        ] GC(122) ParOldGen: 106282K(699392K)->106282K(699392K)
[17.845s][info][gc,metaspace   ] GC(122) Metaspace: 35996K(36352K)->35996K(36352K) NonClass: 31828K(32000K)->31828K(32000K) Class: 4168K(4352K)->4168K(4352K)
[17.845s][info][gc             ] GC(122) Pause Young (Allocation Failure) 434M->103M(1018M) 0.393ms
[17.845s][info][gc,cpu         ] GC(122) User=0.00s Sys=0.00s Real=0.00s
[17.911s][info][gc,start       ] GC(123) Pause Young (Allocation Failure)
[17.911s][info][gc,heap        ] GC(123) PSYoungGen: 338624K(343552K)->160K(344576K) Eden: 338432K(338432K)->0K(339456K) From: 192K(5120K)->160K(5120K)
[17.911s][info][gc,heap        ] GC(123) ParOldGen: 106282K(699392K)->106322K(699392K)
[17.911s][info][gc,metaspace   ] GC(123) Metaspace: 35996K(36352K)->35996K(36352K) NonClass: 31828K(32000K)->31828K(32000K) Class: 4168K(4352K)->4168K(4352K)
[17.911s][info][gc             ] GC(123) Pause Young (Allocation Failure) 434M->103M(1019M) 0.470ms
[17.911s][info][gc,cpu         ] GC(123) User=0.00s Sys=0.00s Real=0.00s
[17.977s][info][gc,start       ] GC(124) Pause Young (Allocation Failure)
[17.977s][info][gc,heap        ] GC(124) PSYoungGen: 339616K(344576K)->192K(344064K) Eden: 339456K(339456K)->0K(339456K) From: 160K(5120K)->192K(4608K)
[17.977s][info][gc,heap        ] GC(124) ParOldGen: 106322K(699392K)->106322K(699392K)
[17.977s][info][gc,metaspace   ] GC(124) Metaspace: 35996K(36352K)->35996K(36352K) NonClass: 31828K(32000K)->31828K(32000K) Class: 4168K(4352K)->4168K(4352K)
[17.977s][info][gc             ] GC(124) Pause Young (Allocation Failure) 435M->104M(1019M) 0.444ms
[17.977s][info][gc,cpu         ] GC(124) User=0.00s Sys=0.00s Real=0.00s
[18.041s][info][gc,start       ] GC(125) Pause Young (Allocation Failure)
[18.041s][info][gc,heap        ] GC(125) PSYoungGen: 339648K(344064K)->192K(345088K) Eden: 339456K(339456K)->0K(340992K) From: 192K(4608K)->192K(4096K)
[18.041s][info][gc,heap        ] GC(125) ParOldGen: 106322K(699392K)->106322K(699392K)
[18.041s][info][gc,metaspace   ] GC(125) Metaspace: 35996K(36352K)->35996K(36352K) NonClass: 31828K(32000K)->31828K(32000K) Class: 4168K(4352K)->4168K(4352K)
[18.041s][info][gc             ] GC(125) Pause Young (Allocation Failure) 435M->104M(1020M) 0.423ms
[18.041s][info][gc,cpu         ] GC(125) User=0.00s Sys=0.00s Real=0.00s
[18.108s][info][gc,start       ] GC(126) Pause Young (Allocation Failure)
[18.108s][info][gc,heap        ] GC(126) PSYoungGen: 341184K(345088K)->128K(345088K) Eden: 340992K(340992K)->0K(340992K) From: 192K(4096K)->128K(4096K)
[18.108s][info][gc,heap        ] GC(126) ParOldGen: 106322K(699392K)->106322K(699392K)
[18.108s][info][gc,metaspace   ] GC(126) Metaspace: 35996K(36352K)->35996K(36352K) NonClass: 31828K(32000K)->31828K(32000K) Class: 4168K(4352K)->4168K(4352K)
[18.108s][info][gc             ] GC(126) Pause Young (Allocation Failure) 437M->103M(1020M) 0.507ms
[18.108s][info][gc,cpu         ] GC(126) User=0.00s Sys=0.00s Real=0.02s
[18.175s][info][gc,start       ] GC(127) Pause Young (Allocation Failure)
[18.175s][info][gc,heap        ] GC(127) PSYoungGen: 341120K(345088K)->192K(345600K) Eden: 340992K(340992K)->0K(342016K) From: 128K(4096K)->192K(3584K)
[18.175s][info][gc,heap        ] GC(127) ParOldGen: 106322K(699392K)->106322K(699392K)
[18.175s][info][gc,metaspace   ] GC(127) Metaspace: 35996K(36352K)->35996K(36352K) NonClass: 31828K(32000K)->31828K(32000K) Class: 4168K(4352K)->4168K(4352K)
[18.175s][info][gc             ] GC(127) Pause Young (Allocation Failure) 436M->104M(1020M) 0.387ms
[18.175s][info][gc,cpu         ] GC(127) User=0.00s Sys=0.00s Real=0.00s
[18.242s][info][gc,start       ] GC(128) Pause Young (Allocation Failure)
[18.242s][info][gc,heap        ] GC(128) PSYoungGen: 342208K(345600K)->192K(345600K) Eden: 342016K(342016K)->0K(342016K) From: 192K(3584K)->192K(3584K)
[18.242s][info][gc,heap        ] GC(128) ParOldGen: 106322K(699392K)->106322K(699392K)
[18.242s][info][gc,metaspace   ] GC(128) Metaspace: 35996K(36352K)->35996K(36352K) NonClass: 31828K(32000K)->31828K(32000K) Class: 4168K(4352K)->4168K(4352K)
[18.242s][info][gc             ] GC(128) Pause Young (Allocation Failure) 438M->104M(1020M) 0.437ms
[18.242s][info][gc,cpu         ] GC(128) User=0.00s Sys=0.00s Real=0.00s
[18.307s][info][gc,start       ] GC(129) Pause Young (Allocation Failure)
[18.308s][info][gc,heap        ] GC(129) PSYoungGen: 342208K(345600K)->192K(346112K) Eden: 342016K(342016K)->0K(343040K) From: 192K(3584K)->192K(3072K)
[18.308s][info][gc,heap        ] GC(129) ParOldGen: 106322K(699392K)->106322K(699392K)
[18.308s][info][gc,metaspace   ] GC(129) Metaspace: 35996K(36352K)->35996K(36352K) NonClass: 31828K(32000K)->31828K(32000K) Class: 4168K(4352K)->4168K(4352K)
[18.308s][info][gc             ] GC(129) Pause Young (Allocation Failure) 438M->104M(1021M) 0.420ms
[18.308s][info][gc,cpu         ] GC(129) User=0.00s Sys=0.00s Real=0.00s
[18.373s][info][gc,start       ] GC(130) Pause Young (Allocation Failure)
[18.374s][info][gc,heap        ] GC(130) PSYoungGen: 343232K(346112K)->192K(346112K) Eden: 343040K(343040K)->0K(343040K) From: 192K(3072K)->192K(3072K)
[18.374s][info][gc,heap        ] GC(130) ParOldGen: 106322K(699392K)->106322K(699392K)
[18.374s][info][gc,metaspace   ] GC(130) Metaspace: 35996K(36352K)->35996K(36352K) NonClass: 31828K(32000K)->31828K(32000K) Class: 4168K(4352K)->4168K(4352K)
[18.374s][info][gc             ] GC(130) Pause Young (Allocation Failure) 439M->104M(1021M) 0.444ms
[18.374s][info][gc,cpu         ] GC(130) User=0.00s Sys=0.00s Real=0.00s
[18.685s][info][gc,start       ] GC(131) Pause Young (Allocation Failure)
[18.686s][info][gc,heap        ] GC(131) PSYoungGen: 343232K(346112K)->160K(346624K) Eden: 343040K(343040K)->0K(344064K) From: 192K(3072K)->160K(2560K)
[18.686s][info][gc,heap        ] GC(131) ParOldGen: 106322K(699392K)->106322K(699392K)
[18.686s][info][gc,metaspace   ] GC(131) Metaspace: 36017K(36352K)->36017K(36352K) NonClass: 31849K(32000K)->31849K(32000K) Class: 4168K(4352K)->4168K(4352K)
[18.686s][info][gc             ] GC(131) Pause Young (Allocation Failure) 439M->103M(1021M) 0.804ms
[18.686s][info][gc,cpu         ] GC(131) User=0.00s Sys=0.00s Real=0.00s
[19.041s][info][gc,start       ] GC(132) Pause Young (Allocation Failure)
[19.058s][info][gc,heap        ] GC(132) PSYoungGen: 344224K(346624K)->2560K(346624K) Eden: 344064K(344064K)->0K(344064K) From: 160K(2560K)->2560K(2560K)
[19.058s][info][gc,heap        ] GC(132) ParOldGen: 106322K(699392K)->145514K(699392K)
[19.058s][info][gc,metaspace   ] GC(132) Metaspace: 36023K(36352K)->36023K(36352K) NonClass: 31855K(32000K)->31855K(32000K) Class: 4168K(4352K)->4168K(4352K)
[19.058s][info][gc             ] GC(132) Pause Young (Allocation Failure) 439M->144M(1021M) 17.099ms
[19.058s][info][gc,cpu         ] GC(132) User=0.08s Sys=0.02s Real=0.02s
[19.372s][info][gc,start       ] GC(133) Pause Young (Allocation Failure)
[19.389s][info][gc,heap        ] GC(133) PSYoungGen: 345349K(346624K)->2537K(287232K) Eden: 342789K(344064K)->0K(284672K) From: 2560K(2560K)->2537K(2560K)
[19.389s][info][gc,heap        ] GC(133) ParOldGen: 145514K(699392K)->190931K(699392K)
[19.389s][info][gc,metaspace   ] GC(133) Metaspace: 36026K(36352K)->36026K(36352K) NonClass: 31858K(32000K)->31858K(32000K) Class: 4168K(4352K)->4168K(4352K)
[19.389s][info][gc             ] GC(133) Pause Young (Allocation Failure) 479M->188M(963M) 16.913ms
[19.389s][info][gc,cpu         ] GC(133) User=0.09s Sys=0.00s Real=0.02s
[19.646s][info][gc,start       ] GC(134) Pause Young (Allocation Failure)
[19.657s][info][gc,heap        ] GC(134) PSYoungGen: 284857K(287232K)->31124K(315904K) Eden: 282319K(284672K)->0K(284672K) From: 2537K(2560K)->31124K(31232K)
[19.657s][info][gc,heap        ] GC(134) ParOldGen: 190931K(699392K)->192698K(699392K)
[19.657s][info][gc,metaspace   ] GC(134) Metaspace: 36027K(36352K)->36027K(36352K) NonClass: 31858K(32000K)->31858K(32000K) Class: 4168K(4352K)->4168K(4352K)
[19.657s][info][gc             ] GC(134) Pause Young (Allocation Failure) 464M->218M(991M) 10.443ms
[19.657s][info][gc,cpu         ] GC(134) User=0.06s Sys=0.00s Real=0.01s
[19.904s][info][gc,start       ] GC(135) Pause Young (Allocation Failure)
[19.913s][info][gc,heap        ] GC(135) PSYoungGen: 315796K(315904K)->20639K(303616K) Eden: 284672K(284672K)->0K(270336K) From: 31124K(31232K)->20639K(33280K)
[19.913s][info][gc,heap        ] GC(135) ParOldGen: 192698K(699392K)->208313K(699392K)
[19.913s][info][gc,metaspace   ] GC(135) Metaspace: 36028K(36352K)->36028K(36352K) NonClass: 31859K(32000K)->31859K(32000K) Class: 4168K(4352K)->4168K(4352K)
[19.913s][info][gc             ] GC(135) Pause Young (Allocation Failure) 496M->223M(979M) 8.849ms
[19.913s][info][gc,cpu         ] GC(135) User=0.08s Sys=0.00s Real=0.01s
[20.152s][info][gc,start       ] GC(136) Pause Young (Allocation Failure)
[20.160s][info][gc,heap        ] GC(136) PSYoungGen: 290883K(303616K)->13506K(309760K) Eden: 270243K(270336K)->0K(270336K) From: 20639K(33280K)->13506K(39424K)
[20.160s][info][gc,heap        ] GC(136) ParOldGen: 208313K(699392K)->213218K(699392K)
[20.160s][info][gc,metaspace   ] GC(136) Metaspace: 36028K(36352K)->36028K(36352K) NonClass: 31859K(32000K)->31859K(32000K) Class: 4168K(4352K)->4168K(4352K)
[20.160s][info][gc             ] GC(136) Pause Young (Allocation Failure) 487M->221M(985M) 7.207ms
[20.160s][info][gc,cpu         ] GC(136) User=0.09s Sys=0.00s Real=0.01s
[20.376s][info][gc,start       ] GC(137) Pause Young (Allocation Failure)
[20.383s][info][gc,heap        ] GC(137) PSYoungGen: 279402K(309760K)->19058K(311296K) Eden: 265896K(270336K)->0K(274432K) From: 13506K(39424K)->19058K(36864K)
[20.383s][info][gc,heap        ] GC(137) ParOldGen: 213218K(699392K)->215278K(699392K)
[20.383s][info][gc,metaspace   ] GC(137) Metaspace: 36028K(36352K)->36028K(36352K) NonClass: 31859K(32000K)->31859K(32000K) Class: 4168K(4352K)->4168K(4352K)
[20.383s][info][gc             ] GC(137) Pause Young (Allocation Failure) 481M->228M(987M) 6.479ms
[20.383s][info][gc,cpu         ] GC(137) User=0.00s Sys=0.00s Real=0.00s
[20.611s][info][gc,start       ] GC(138) Pause Young (Allocation Failure)
[20.617s][info][gc,heap        ] GC(138) PSYoungGen: 293490K(311296K)->15326K(311808K) Eden: 274432K(274432K)->0K(274432K) From: 19058K(36864K)->15326K(37376K)
[20.617s][info][gc,heap        ] GC(138) ParOldGen: 215278K(699392K)->217554K(699392K)
[20.617s][info][gc,metaspace   ] GC(138) Metaspace: 36028K(36352K)->36028K(36352K) NonClass: 31859K(32000K)->31859K(32000K) Class: 4168K(4352K)->4168K(4352K)
[20.617s][info][gc             ] GC(138) Pause Young (Allocation Failure) 496M->227M(987M) 6.225ms
[20.617s][info][gc,cpu         ] GC(138) User=0.00s Sys=0.00s Real=0.00s
[20.863s][info][gc,start       ] GC(139) Pause Young (Allocation Failure)
[20.870s][info][gc,heap        ] GC(139) PSYoungGen: 289758K(311808K)->20074K(313344K) Eden: 274432K(274432K)->0K(277504K) From: 15326K(37376K)->20074K(35840K)
[20.870s][info][gc,heap        ] GC(139) ParOldGen: 217554K(699392K)->218973K(699392K)
[20.870s][info][gc,metaspace   ] GC(139) Metaspace: 36028K(36352K)->36028K(36352K) NonClass: 31859K(32000K)->31859K(32000K) Class: 4168K(4352K)->4168K(4352K)
[20.870s][info][gc             ] GC(139) Pause Young (Allocation Failure) 495M->233M(989M) 6.903ms
[20.870s][info][gc,cpu         ] GC(139) User=0.00s Sys=0.00s Real=0.01s
[21.103s][info][gc,start       ] GC(140) Pause Young (Allocation Failure)
[21.111s][info][gc,heap        ] GC(140) PSYoungGen: 296957K(313344K)->17782K(313344K) Eden: 276882K(277504K)->0K(277504K) From: 20074K(35840K)->17782K(35840K)
[21.111s][info][gc,heap        ] GC(140) ParOldGen: 218973K(699392K)->221344K(699392K)
[21.111s][info][gc,metaspace   ] GC(140) Metaspace: 36028K(36352K)->36028K(36352K) NonClass: 31859K(32000K)->31859K(32000K) Class: 4168K(4352K)->4168K(4352K)
[21.111s][info][gc             ] GC(140) Pause Young (Allocation Failure) 503M->233M(989M) 7.832ms
[21.111s][info][gc,cpu         ] GC(140) User=0.09s Sys=0.00s Real=0.01s
[21.369s][info][gc,start       ] GC(141) Pause Young (Allocation Failure)
[21.377s][info][gc,heap        ] GC(141) PSYoungGen: 294876K(313344K)->18388K(314368K) Eden: 277094K(277504K)->0K(279040K) From: 17782K(35840K)->18388K(35328K)
[21.378s][info][gc,heap        ] GC(141) ParOldGen: 221344K(699392K)->224613K(699392K)
[21.378s][info][gc,metaspace   ] GC(141) Metaspace: 36028K(36352K)->36028K(36352K) NonClass: 31859K(32000K)->31859K(32000K) Class: 4168K(4352K)->4168K(4352K)
[21.378s][info][gc             ] GC(141) Pause Young (Allocation Failure) 504M->237M(990M) 9.003ms
[21.378s][info][gc,cpu         ] GC(141) User=0.08s Sys=0.00s Real=0.01s
[21.617s][info][gc,start       ] GC(142) Pause Young (Allocation Failure)
[21.625s][info][gc,heap        ] GC(142) PSYoungGen: 290640K(314368K)->21181K(313856K) Eden: 272251K(279040K)->0K(279040K) From: 18388K(35328K)->21181K(34816K)
[21.625s][info][gc,heap        ] GC(142) ParOldGen: 224613K(699392K)->229180K(699392K)
[21.625s][info][gc,metaspace   ] GC(142) Metaspace: 36029K(36352K)->36029K(36352K) NonClass: 31861K(32000K)->31861K(32000K) Class: 4168K(4352K)->4168K(4352K)
[21.625s][info][gc             ] GC(142) Pause Young (Allocation Failure) 503M->244M(989M) 8.150ms
[21.625s][info][gc,cpu         ] GC(142) User=0.09s Sys=0.00s Real=0.01s
[21.855s][info][gc,start       ] GC(143) Pause Young (System.gc())
[21.860s][info][gc,heap        ] GC(143) PSYoungGen: 294688K(313856K)->8503K(314880K) Eden: 273506K(279040K)->0K(279552K) From: 21181K(34816K)->8503K(35328K)
[21.861s][info][gc,heap        ] GC(143) ParOldGen: 229180K(699392K)->232416K(699392K)
[21.861s][info][gc,metaspace   ] GC(143) Metaspace: 36029K(36352K)->36029K(36352K) NonClass: 31861K(32000K)->31861K(32000K) Class: 4168K(4352K)->4168K(4352K)
[21.861s][info][gc             ] GC(143) Pause Young (System.gc()) 511M->235M(990M) 5.599ms
[21.861s][info][gc,cpu         ] GC(143) User=0.08s Sys=0.00s Real=0.01s
[21.861s][info][gc,start       ] GC(144) Pause Full (System.gc())
[21.861s][info][gc,phases,start] GC(144) Marking Phase
[21.875s][info][gc,phases      ] GC(144) Marking Phase 14.782ms
[21.875s][info][gc,phases,start] GC(144) Summary Phase
[21.875s][info][gc,phases      ] GC(144) Summary Phase 0.012ms
[21.875s][info][gc,phases,start] GC(144) Adjust Roots
[21.879s][info][gc,phases      ] GC(144) Adjust Roots 3.296ms
[21.879s][info][gc,phases,start] GC(144) Compaction Phase
[21.895s][info][gc,phases      ] GC(144) Compaction Phase 15.672ms
[21.895s][info][gc,phases,start] GC(144) Post Compact
[21.896s][info][gc,phases      ] GC(144) Post Compact 1.183ms
[21.896s][info][gc,heap        ] GC(144) PSYoungGen: 8503K(314880K)->0K(314880K) Eden: 0K(279552K)->0K(279552K) From: 8503K(35328K)->0K(35328K)
[21.896s][info][gc,heap        ] GC(144) ParOldGen: 232416K(699392K)->109005K(699392K)
[21.896s][info][gc,metaspace   ] GC(144) Metaspace: 36029K(36352K)->36029K(36352K) NonClass: 31861K(32000K)->31861K(32000K) Class: 4168K(4352K)->4168K(4352K)
[21.896s][info][gc             ] GC(144) Pause Full (System.gc()) 235M->106M(990M) 35.233ms
[21.896s][info][gc,cpu         ] GC(144) User=0.09s Sys=0.02s Real=0.03s
[21.942s][info][gc,start       ] GC(145) Pause Young (Allocation Failure)
[21.942s][info][gc,heap        ] GC(145) PSYoungGen: 279552K(314880K)->160K(313856K) Eden: 279552K(279552K)->0K(279552K) From: 0K(35328K)->160K(34304K)
[21.943s][info][gc,heap        ] GC(145) ParOldGen: 109005K(699392K)->109005K(699392K)
[21.943s][info][gc,metaspace   ] GC(145) Metaspace: 36030K(36352K)->36030K(36352K) NonClass: 31861K(32000K)->31861K(32000K) Class: 4168K(4352K)->4168K(4352K)
[21.943s][info][gc             ] GC(145) Pause Young (Allocation Failure) 379M->106M(989M) 0.495ms
[21.943s][info][gc,cpu         ] GC(145) User=0.00s Sys=0.00s Real=0.00s
[21.985s][info][gc,start       ] GC(146) Pause Young (Allocation Failure)
[21.985s][info][gc,heap        ] GC(146) PSYoungGen: 279712K(313856K)->160K(314368K) Eden: 279552K(279552K)->0K(279552K) From: 160K(34304K)->160K(34816K)
[21.985s][info][gc,heap        ] GC(146) ParOldGen: 109005K(699392K)->109053K(699392K)
[21.985s][info][gc,metaspace   ] GC(146) Metaspace: 36030K(36352K)->36030K(36352K) NonClass: 31861K(32000K)->31861K(32000K) Class: 4168K(4352K)->4168K(4352K)
[21.985s][info][gc             ] GC(146) Pause Young (Allocation Failure) 379M->106M(990M) 0.386ms
[21.985s][info][gc,cpu         ] GC(146) User=0.00s Sys=0.00s Real=0.00s
[22.029s][info][gc,start       ] GC(147) Pause Young (Allocation Failure)
[22.029s][info][gc,heap        ] GC(147) PSYoungGen: 279712K(314368K)->192K(314368K) Eden: 279552K(279552K)->0K(279552K) From: 160K(34816K)->192K(34816K)
[22.029s][info][gc,heap        ] GC(147) ParOldGen: 109053K(699392K)->109053K(699392K)
[22.029s][info][gc,metaspace   ] GC(147) Metaspace: 36030K(36352K)->36030K(36352K) NonClass: 31861K(32000K)->31861K(32000K) Class: 4168K(4352K)->4168K(4352K)
[22.029s][info][gc             ] GC(147) Pause Young (Allocation Failure) 379M->106M(990M) 0.386ms
[22.029s][info][gc,cpu         ] GC(147) User=0.00s Sys=0.00s Real=0.00s
[22.073s][info][gc,start       ] GC(148) Pause Young (Allocation Failure)
[22.073s][info][gc,heap        ] GC(148) PSYoungGen: 279744K(314368K)->192K(314880K) Eden: 279552K(279552K)->0K(280064K) From: 192K(34816K)->192K(34816K)
[22.073s][info][gc,heap        ] GC(148) ParOldGen: 109053K(699392K)->109053K(699392K)
[22.073s][info][gc,metaspace   ] GC(148) Metaspace: 36030K(36352K)->36030K(36352K) NonClass: 31861K(32000K)->31861K(32000K) Class: 4168K(4352K)->4168K(4352K)
[22.073s][info][gc             ] GC(148) Pause Young (Allocation Failure) 379M->106M(990M) 0.387ms
[22.073s][info][gc,cpu         ] GC(148) User=0.00s Sys=0.00s Real=0.00s
[22.116s][info][gc,start       ] GC(149) Pause Young (Allocation Failure)
[22.116s][info][gc,heap        ] GC(149) PSYoungGen: 280256K(314880K)->192K(314368K) Eden: 280064K(280064K)->0K(280064K) From: 192K(34816K)->192K(34304K)
[22.116s][info][gc,heap        ] GC(149) ParOldGen: 109053K(699392K)->109053K(699392K)
[22.116s][info][gc,metaspace   ] GC(149) Metaspace: 36030K(36352K)->36030K(36352K) NonClass: 31861K(32000K)->31861K(32000K) Class: 4168K(4352K)->4168K(4352K)
[22.116s][info][gc             ] GC(149) Pause Young (Allocation Failure) 380M->106M(990M) 0.379ms
[22.116s][info][gc,cpu         ] GC(149) User=0.00s Sys=0.00s Real=0.00s
[22.159s][info][gc,start       ] GC(150) Pause Young (Allocation Failure)
[22.159s][info][gc,heap        ] GC(150) PSYoungGen: 280256K(314368K)->192K(316928K) Eden: 280064K(280064K)->0K(283648K) From: 192K(34304K)->192K(33280K)
[22.159s][info][gc,heap        ] GC(150) ParOldGen: 109053K(699392K)->109053K(699392K)
[22.159s][info][gc,metaspace   ] GC(150) Metaspace: 36030K(36352K)->36030K(36352K) NonClass: 31861K(32000K)->31861K(32000K) Class: 4168K(4352K)->4168K(4352K)
[22.159s][info][gc             ] GC(150) Pause Young (Allocation Failure) 380M->106M(992M) 0.386ms
[22.159s][info][gc,cpu         ] GC(150) User=0.00s Sys=0.00s Real=0.00s
[22.203s][info][gc,start       ] GC(151) Pause Young (Allocation Failure)
[22.204s][info][gc,heap        ] GC(151) PSYoungGen: 283840K(316928K)->192K(315904K) Eden: 283648K(283648K)->0K(283648K) From: 192K(33280K)->192K(32256K)
[22.204s][info][gc,heap        ] GC(151) ParOldGen: 109053K(699392K)->109053K(699392K)
[22.204s][info][gc,metaspace   ] GC(151) Metaspace: 36030K(36352K)->36030K(36352K) NonClass: 31861K(32000K)->31861K(32000K) Class: 4168K(4352K)->4168K(4352K)
[22.204s][info][gc             ] GC(151) Pause Young (Allocation Failure) 383M->106M(991M) 0.366ms
[22.204s][info][gc,cpu         ] GC(151) User=0.00s Sys=0.00s Real=0.00s
[22.248s][info][gc,start       ] GC(152) Pause Young (Allocation Failure)
[22.248s][info][gc,heap        ] GC(152) PSYoungGen: 283840K(315904K)->160K(319488K) Eden: 283648K(283648K)->0K(288256K) From: 192K(32256K)->160K(31232K)
[22.249s][info][gc,heap        ] GC(152) ParOldGen: 109053K(699392K)->109053K(699392K)
[22.249s][info][gc,metaspace   ] GC(152) Metaspace: 36030K(36352K)->36030K(36352K) NonClass: 31861K(32000K)->31861K(32000K) Class: 4168K(4352K)->4168K(4352K)
[22.249s][info][gc             ] GC(152) Pause Young (Allocation Failure) 383M->106M(995M) 0.449ms
[22.249s][info][gc,cpu         ] GC(152) User=0.00s Sys=0.00s Real=0.00s
[22.292s][info][gc,start       ] GC(153) Pause Young (Allocation Failure)
[22.292s][info][gc,heap        ] GC(153) PSYoungGen: 288416K(319488K)->160K(317952K) Eden: 288256K(288256K)->0K(288256K) From: 160K(31232K)->160K(29696K)
[22.292s][info][gc,heap        ] GC(153) ParOldGen: 109053K(699392K)->109053K(699392K)
[22.292s][info][gc,metaspace   ] GC(153) Metaspace: 36030K(36352K)->36030K(36352K) NonClass: 31861K(32000K)->31861K(32000K) Class: 4168K(4352K)->4168K(4352K)
[22.292s][info][gc             ] GC(153) Pause Young (Allocation Failure) 388M->106M(993M) 0.374ms
[22.292s][info][gc,cpu         ] GC(153) User=0.00s Sys=0.00s Real=0.00s
[22.337s][info][gc,start       ] GC(154) Pause Young (Allocation Failure)
[22.337s][info][gc,heap        ] GC(154) PSYoungGen: 288416K(317952K)->192K(322048K) Eden: 288256K(288256K)->0K(293376K) From: 160K(29696K)->192K(28672K)
[22.337s][info][gc,heap        ] GC(154) ParOldGen: 109053K(699392K)->109053K(699392K)
[22.337s][info][gc,metaspace   ] GC(154) Metaspace: 36030K(36352K)->36030K(36352K) NonClass: 31861K(32000K)->31861K(32000K) Class: 4168K(4352K)->4168K(4352K)
[22.337s][info][gc             ] GC(154) Pause Young (Allocation Failure) 388M->106M(997M) 0.368ms
[22.337s][info][gc,cpu         ] GC(154) User=0.00s Sys=0.00s Real=0.00s
[22.382s][info][gc,start       ] GC(155) Pause Young (Allocation Failure)
[22.382s][info][gc,heap        ] GC(155) PSYoungGen: 293568K(322048K)->192K(320512K) Eden: 293376K(293376K)->0K(293376K) From: 192K(28672K)->192K(27136K)
[22.382s][info][gc,heap        ] GC(155) ParOldGen: 109053K(699392K)->109053K(699392K)
[22.382s][info][gc,metaspace   ] GC(155) Metaspace: 36030K(36352K)->36030K(36352K) NonClass: 31861K(32000K)->31861K(32000K) Class: 4168K(4352K)->4168K(4352K)
[22.382s][info][gc             ] GC(155) Pause Young (Allocation Failure) 393M->106M(996M) 0.393ms
[22.382s][info][gc,cpu         ] GC(155) User=0.00s Sys=0.00s Real=0.00s
[22.427s][info][gc,start       ] GC(156) Pause Young (Allocation Failure)
[22.427s][info][gc,heap        ] GC(156) PSYoungGen: 293568K(320512K)->192K(324608K) Eden: 293376K(293376K)->0K(298496K) From: 192K(27136K)->192K(26112K)
[22.427s][info][gc,heap        ] GC(156) ParOldGen: 109053K(699392K)->109053K(699392K)
[22.427s][info][gc,metaspace   ] GC(156) Metaspace: 36030K(36352K)->36030K(36352K) NonClass: 31861K(32000K)->31861K(32000K) Class: 4168K(4352K)->4168K(4352K)
[22.427s][info][gc             ] GC(156) Pause Young (Allocation Failure) 393M->106M(1000M) 0.361ms
[22.427s][info][gc,cpu         ] GC(156) User=0.00s Sys=0.00s Real=0.00s
[22.473s][info][gc,start       ] GC(157) Pause Young (Allocation Failure)
[22.473s][info][gc,heap        ] GC(157) PSYoungGen: 298688K(324608K)->192K(323072K) Eden: 298496K(298496K)->0K(298496K) From: 192K(26112K)->192K(24576K)
[22.473s][info][gc,heap        ] GC(157) ParOldGen: 109053K(699392K)->109053K(699392K)
[22.473s][info][gc,metaspace   ] GC(157) Metaspace: 36030K(36352K)->36030K(36352K) NonClass: 31861K(32000K)->31861K(32000K) Class: 4168K(4352K)->4168K(4352K)
[22.473s][info][gc             ] GC(157) Pause Young (Allocation Failure) 398M->106M(998M) 0.392ms
[22.473s][info][gc,cpu         ] GC(157) User=0.00s Sys=0.00s Real=0.00s
[22.519s][info][gc,start       ] GC(158) Pause Young (Allocation Failure)
[22.520s][info][gc,heap        ] GC(158) PSYoungGen: 298688K(323072K)->160K(327168K) Eden: 298496K(298496K)->0K(303616K) From: 192K(24576K)->160K(23552K)
[22.520s][info][gc,heap        ] GC(158) ParOldGen: 109053K(699392K)->109053K(699392K)
[22.520s][info][gc,metaspace   ] GC(158) Metaspace: 36030K(36352K)->36030K(36352K) NonClass: 31861K(32000K)->31861K(32000K) Class: 4168K(4352K)->4168K(4352K)
[22.520s][info][gc             ] GC(158) Pause Young (Allocation Failure) 398M->106M(1002M) 0.386ms
[22.520s][info][gc,cpu         ] GC(158) User=0.00s Sys=0.00s Real=0.00s
[22.567s][info][gc,start       ] GC(159) Pause Young (Allocation Failure)
[22.567s][info][gc,heap        ] GC(159) PSYoungGen: 303776K(327168K)->192K(325632K) Eden: 303616K(303616K)->0K(303616K) From: 160K(23552K)->192K(22016K)
[22.567s][info][gc,heap        ] GC(159) ParOldGen: 109053K(699392K)->109053K(699392K)
[22.567s][info][gc,metaspace   ] GC(159) Metaspace: 36030K(36352K)->36030K(36352K) NonClass: 31861K(32000K)->31861K(32000K) Class: 4168K(4352K)->4168K(4352K)
[22.567s][info][gc             ] GC(159) Pause Young (Allocation Failure) 403M->106M(1001M) 0.390ms
[22.567s][info][gc,cpu         ] GC(159) User=0.00s Sys=0.00s Real=0.00s
[22.631s][info][gc,start       ] GC(160) Pause Young (Allocation Failure)
[22.632s][info][gc,heap        ] GC(160) PSYoungGen: 303808K(325632K)->192K(329728K) Eden: 303616K(303616K)->0K(308736K) From: 192K(22016K)->192K(20992K)
[22.632s][info][gc,heap        ] GC(160) ParOldGen: 109053K(699392K)->109053K(699392K)
[22.632s][info][gc,metaspace   ] GC(160) Metaspace: 36030K(36352K)->36030K(36352K) NonClass: 31862K(32000K)->31862K(32000K) Class: 4168K(4352K)->4168K(4352K)
[22.632s][info][gc             ] GC(160) Pause Young (Allocation Failure) 403M->106M(1005M) 0.461ms
[22.632s][info][gc,cpu         ] GC(160) User=0.00s Sys=0.00s Real=0.00s
[22.695s][info][gc,start       ] GC(161) Pause Young (Allocation Failure)
[22.695s][info][gc,heap        ] GC(161) PSYoungGen: 308928K(329728K)->160K(328192K) Eden: 308736K(308736K)->0K(308736K) From: 192K(20992K)->160K(19456K)
[22.695s][info][gc,heap        ] GC(161) ParOldGen: 109053K(699392K)->109101K(699392K)
[22.695s][info][gc,metaspace   ] GC(161) Metaspace: 36030K(36352K)->36030K(36352K) NonClass: 31862K(32000K)->31862K(32000K) Class: 4168K(4352K)->4168K(4352K)
[22.695s][info][gc             ] GC(161) Pause Young (Allocation Failure) 408M->106M(1003M) 0.412ms
[22.695s][info][gc,cpu         ] GC(161) User=0.00s Sys=0.00s Real=0.00s
[22.755s][info][gc,start       ] GC(162) Pause Young (Allocation Failure)
[22.755s][info][gc,heap        ] GC(162) PSYoungGen: 308896K(328192K)->192K(331776K) Eden: 308736K(308736K)->0K(313344K) From: 160K(19456K)->192K(18432K)
[22.755s][info][gc,heap        ] GC(162) ParOldGen: 109101K(699392K)->109101K(699392K)
[22.755s][info][gc,metaspace   ] GC(162) Metaspace: 36030K(36352K)->36030K(36352K) NonClass: 31862K(32000K)->31862K(32000K) Class: 4168K(4352K)->4168K(4352K)
[22.755s][info][gc             ] GC(162) Pause Young (Allocation Failure) 408M->106M(1007M) 0.424ms
[22.755s][info][gc,cpu         ] GC(162) User=0.00s Sys=0.00s Real=0.00s
[22.816s][info][gc,start       ] GC(163) Pause Young (Allocation Failure)
[22.816s][info][gc,heap        ] GC(163) PSYoungGen: 313536K(331776K)->192K(330752K) Eden: 313344K(313344K)->0K(313344K) From: 192K(18432K)->192K(17408K)
[22.816s][info][gc,heap        ] GC(163) ParOldGen: 109101K(699392K)->109101K(699392K)
[22.816s][info][gc,metaspace   ] GC(163) Metaspace: 36030K(36352K)->36030K(36352K) NonClass: 31862K(32000K)->31862K(32000K) Class: 4168K(4352K)->4168K(4352K)
[22.816s][info][gc             ] GC(163) Pause Young (Allocation Failure) 412M->106M(1006M) 0.416ms
[22.816s][info][gc,cpu         ] GC(163) User=0.00s Sys=0.00s Real=0.00s
[22.876s][info][gc,start       ] GC(164) Pause Young (Allocation Failure)
[22.877s][info][gc,heap        ] GC(164) PSYoungGen: 313536K(330752K)->192K(334336K) Eden: 313344K(313344K)->0K(318464K) From: 192K(17408K)->192K(15872K)
[22.877s][info][gc,heap        ] GC(164) ParOldGen: 109101K(699392K)->109101K(699392K)
[22.877s][info][gc,metaspace   ] GC(164) Metaspace: 36030K(36352K)->36030K(36352K) NonClass: 31862K(32000K)->31862K(32000K) Class: 4168K(4352K)->4168K(4352K)
[22.877s][info][gc             ] GC(164) Pause Young (Allocation Failure) 412M->106M(1009M) 0.413ms
[22.877s][info][gc,cpu         ] GC(164) User=0.00s Sys=0.00s Real=0.00s
[22.937s][info][gc,start       ] GC(165) Pause Young (Allocation Failure)
[22.938s][info][gc,heap        ] GC(165) PSYoungGen: 318656K(334336K)->192K(333312K) Eden: 318464K(318464K)->0K(318464K) From: 192K(15872K)->192K(14848K)
[22.938s][info][gc,heap        ] GC(165) ParOldGen: 109101K(699392K)->109101K(699392K)
[22.938s][info][gc,metaspace   ] GC(165) Metaspace: 36030K(36352K)->36030K(36352K) NonClass: 31862K(32000K)->31862K(32000K) Class: 4168K(4352K)->4168K(4352K)
[22.938s][info][gc             ] GC(165) Pause Young (Allocation Failure) 417M->106M(1008M) 0.422ms
[22.938s][info][gc,cpu         ] GC(165) User=0.02s Sys=0.00s Real=0.00s
[22.995s][info][gc,start       ] GC(166) Pause Young (Allocation Failure)
[22.996s][info][gc,heap        ] GC(166) PSYoungGen: 318656K(333312K)->192K(335872K) Eden: 318464K(318464K)->0K(321536K) From: 192K(14848K)->192K(14336K)
[22.996s][info][gc,heap        ] GC(166) ParOldGen: 109101K(699392K)->109101K(699392K)
[22.996s][info][gc,metaspace   ] GC(166) Metaspace: 36030K(36352K)->36030K(36352K) NonClass: 31862K(32000K)->31862K(32000K) Class: 4168K(4352K)->4168K(4352K)
[22.996s][info][gc             ] GC(166) Pause Young (Allocation Failure) 417M->106M(1011M) 0.456ms
[22.996s][info][gc,cpu         ] GC(166) User=0.00s Sys=0.00s Real=0.00s
[23.056s][info][gc,start       ] GC(167) Pause Young (Allocation Failure)
[23.057s][info][gc,heap        ] GC(167) PSYoungGen: 321728K(335872K)->192K(334848K) Eden: 321536K(321536K)->0K(321536K) From: 192K(14336K)->192K(13312K)
[23.057s][info][gc,heap        ] GC(167) ParOldGen: 109101K(699392K)->109101K(699392K)
[23.057s][info][gc,metaspace   ] GC(167) Metaspace: 36030K(36352K)->36030K(36352K) NonClass: 31862K(32000K)->31862K(32000K) Class: 4168K(4352K)->4168K(4352K)
[23.057s][info][gc             ] GC(167) Pause Young (Allocation Failure) 420M->106M(1010M) 0.410ms
[23.057s][info][gc,cpu         ] GC(167) User=0.00s Sys=0.00s Real=0.00s
[23.118s][info][gc,start       ] GC(168) Pause Young (Allocation Failure)
[23.119s][info][gc,heap        ] GC(168) PSYoungGen: 321728K(334848K)->192K(337920K) Eden: 321536K(321536K)->0K(325632K) From: 192K(13312K)->192K(12288K)
[23.119s][info][gc,heap        ] GC(168) ParOldGen: 109101K(699392K)->109101K(699392K)
[23.119s][info][gc,metaspace   ] GC(168) Metaspace: 36030K(36352K)->36030K(36352K) NonClass: 31862K(32000K)->31862K(32000K) Class: 4168K(4352K)->4168K(4352K)
[23.119s][info][gc             ] GC(168) Pause Young (Allocation Failure) 420M->106M(1013M) 0.410ms
[23.119s][info][gc,cpu         ] GC(168) User=0.00s Sys=0.00s Real=0.00s
[23.180s][info][gc,start       ] GC(169) Pause Young (Allocation Failure)
[23.181s][info][gc,heap        ] GC(169) PSYoungGen: 325824K(337920K)->192K(336896K) Eden: 325632K(325632K)->0K(325632K) From: 192K(12288K)->192K(11264K)
[23.181s][info][gc,heap        ] GC(169) ParOldGen: 109101K(699392K)->109101K(699392K)
[23.181s][info][gc,metaspace   ] GC(169) Metaspace: 36030K(36352K)->36030K(36352K) NonClass: 31862K(32000K)->31862K(32000K) Class: 4168K(4352K)->4168K(4352K)
[23.181s][info][gc             ] GC(169) Pause Young (Allocation Failure) 424M->106M(1012M) 0.395ms
[23.181s][info][gc,cpu         ] GC(169) User=0.00s Sys=0.00s Real=0.00s
[23.243s][info][gc,start       ] GC(170) Pause Young (Allocation Failure)
[23.243s][info][gc,heap        ] GC(170) PSYoungGen: 325824K(336896K)->192K(339456K) Eden: 325632K(325632K)->0K(328704K) From: 192K(11264K)->192K(10752K)
[23.243s][info][gc,heap        ] GC(170) ParOldGen: 109101K(699392K)->109101K(699392K)
[23.243s][info][gc,metaspace   ] GC(170) Metaspace: 36030K(36352K)->36030K(36352K) NonClass: 31862K(32000K)->31862K(32000K) Class: 4168K(4352K)->4168K(4352K)
[23.243s][info][gc             ] GC(170) Pause Young (Allocation Failure) 424M->106M(1014M) 0.404ms
[23.243s][info][gc,cpu         ] GC(170) User=0.00s Sys=0.00s Real=0.00s
[23.305s][info][gc,start       ] GC(171) Pause Young (Allocation Failure)
[23.305s][info][gc,heap        ] GC(171) PSYoungGen: 328896K(339456K)->192K(338432K) Eden: 328704K(328704K)->0K(328704K) From: 192K(10752K)->192K(9728K)
[23.305s][info][gc,heap        ] GC(171) ParOldGen: 109101K(699392K)->109101K(699392K)
[23.305s][info][gc,metaspace   ] GC(171) Metaspace: 36030K(36352K)->36030K(36352K) NonClass: 31862K(32000K)->31862K(32000K) Class: 4168K(4352K)->4168K(4352K)
[23.305s][info][gc             ] GC(171) Pause Young (Allocation Failure) 427M->106M(1013M) 0.423ms
[23.305s][info][gc,cpu         ] GC(171) User=0.00s Sys=0.00s Real=0.00s
[23.367s][info][gc,start       ] GC(172) Pause Young (Allocation Failure)
[23.367s][info][gc,heap        ] GC(172) PSYoungGen: 328896K(338432K)->192K(340480K) Eden: 328704K(328704K)->0K(331264K) From: 192K(9728K)->192K(9216K)
[23.367s][info][gc,heap        ] GC(172) ParOldGen: 109101K(699392K)->109101K(699392K)
[23.367s][info][gc,metaspace   ] GC(172) Metaspace: 36030K(36352K)->36030K(36352K) NonClass: 31862K(32000K)->31862K(32000K) Class: 4168K(4352K)->4168K(4352K)
[23.367s][info][gc             ] GC(172) Pause Young (Allocation Failure) 427M->106M(1015M) 0.410ms
[23.367s][info][gc,cpu         ] GC(172) User=0.00s Sys=0.00s Real=0.00s
[23.428s][info][gc,start       ] GC(173) Pause Young (Allocation Failure)
[23.429s][info][gc,heap        ] GC(173) PSYoungGen: 331456K(340480K)->192K(339968K) Eden: 331264K(331264K)->0K(331264K) From: 192K(9216K)->192K(8704K)
[23.429s][info][gc,heap        ] GC(173) ParOldGen: 109101K(699392K)->109101K(699392K)
[23.429s][info][gc,metaspace   ] GC(173) Metaspace: 36030K(36352K)->36030K(36352K) NonClass: 31862K(32000K)->31862K(32000K) Class: 4168K(4352K)->4168K(4352K)
[23.429s][info][gc             ] GC(173) Pause Young (Allocation Failure) 430M->106M(1015M) 0.383ms
[23.429s][info][gc,cpu         ] GC(173) User=0.00s Sys=0.00s Real=0.00s
[23.492s][info][gc,start       ] GC(174) Pause Young (Allocation Failure)
[23.492s][info][gc,heap        ] GC(174) PSYoungGen: 331456K(339968K)->192K(342016K) Eden: 331264K(331264K)->0K(333824K) From: 192K(8704K)->192K(8192K)
[23.492s][info][gc,heap        ] GC(174) ParOldGen: 109101K(699392K)->109101K(699392K)
[23.492s][info][gc,metaspace   ] GC(174) Metaspace: 36030K(36352K)->36030K(36352K) NonClass: 31862K(32000K)->31862K(32000K) Class: 4168K(4352K)->4168K(4352K)
[23.492s][info][gc             ] GC(174) Pause Young (Allocation Failure) 430M->106M(1017M) 0.391ms
[23.492s][info][gc,cpu         ] GC(174) User=0.00s Sys=0.00s Real=0.00s
[23.555s][info][gc,start       ] GC(175) Pause Young (Allocation Failure)
[23.555s][info][gc,heap        ] GC(175) PSYoungGen: 334016K(342016K)->192K(340992K) Eden: 333824K(333824K)->0K(333824K) From: 192K(8192K)->192K(7168K)
[23.555s][info][gc,heap        ] GC(175) ParOldGen: 109101K(699392K)->109101K(699392K)
[23.555s][info][gc,metaspace   ] GC(175) Metaspace: 36030K(36352K)->36030K(36352K) NonClass: 31862K(32000K)->31862K(32000K) Class: 4168K(4352K)->4168K(4352K)
[23.555s][info][gc             ] GC(175) Pause Young (Allocation Failure) 432M->106M(1016M) 0.422ms
[23.555s][info][gc,cpu         ] GC(175) User=0.00s Sys=0.00s Real=0.00s
[23.617s][info][gc,start       ] GC(176) Pause Young (Allocation Failure)
[23.618s][info][gc,heap        ] GC(176) PSYoungGen: 334016K(340992K)->192K(343040K) Eden: 333824K(333824K)->0K(336384K) From: 192K(7168K)->192K(6656K)
[23.618s][info][gc,heap        ] GC(176) ParOldGen: 109101K(699392K)->109101K(699392K)
[23.618s][info][gc,metaspace   ] GC(176) Metaspace: 36030K(36352K)->36030K(36352K) NonClass: 31862K(32000K)->31862K(32000K) Class: 4168K(4352K)->4168K(4352K)
[23.618s][info][gc             ] GC(176) Pause Young (Allocation Failure) 432M->106M(1018M) 0.397ms
[23.618s][info][gc,cpu         ] GC(176) User=0.00s Sys=0.00s Real=0.00s
[23.683s][info][gc,start       ] GC(177) Pause Young (Allocation Failure)
[23.684s][info][gc,heap        ] GC(177) PSYoungGen: 336576K(343040K)->160K(342528K) Eden: 336384K(336384K)->0K(336384K) From: 192K(6656K)->160K(6144K)
[23.684s][info][gc,heap        ] GC(177) ParOldGen: 109101K(699392K)->109101K(699392K)
[23.684s][info][gc,metaspace   ] GC(177) Metaspace: 36030K(36352K)->36030K(36352K) NonClass: 31862K(32000K)->31862K(32000K) Class: 4168K(4352K)->4168K(4352K)
[23.684s][info][gc             ] GC(177) Pause Young (Allocation Failure) 435M->106M(1017M) 0.498ms
[23.684s][info][gc,cpu         ] GC(177) User=0.00s Sys=0.00s Real=0.00s
[23.747s][info][gc,start       ] GC(178) Pause Young (Allocation Failure)
[23.748s][info][gc,heap        ] GC(178) PSYoungGen: 336544K(342528K)->192K(343552K) Eden: 336384K(336384K)->0K(337408K) From: 160K(6144K)->192K(6144K)
[23.748s][info][gc,heap        ] GC(178) ParOldGen: 109101K(699392K)->109101K(699392K)
[23.748s][info][gc,metaspace   ] GC(178) Metaspace: 36030K(36352K)->36030K(36352K) NonClass: 31862K(32000K)->31862K(32000K) Class: 4168K(4352K)->4168K(4352K)
[23.748s][info][gc             ] GC(178) Pause Young (Allocation Failure) 435M->106M(1018M) 0.420ms
[23.748s][info][gc,cpu         ] GC(178) User=0.00s Sys=0.00s Real=0.00s
[23.812s][info][gc,start       ] GC(179) Pause Young (Allocation Failure)
[23.813s][info][gc,heap        ] GC(179) PSYoungGen: 337600K(343552K)->192K(343040K) Eden: 337408K(337408K)->0K(337408K) From: 192K(6144K)->192K(5632K)
[23.813s][info][gc,heap        ] GC(179) ParOldGen: 109101K(699392K)->109101K(699392K)
[23.813s][info][gc,metaspace   ] GC(179) Metaspace: 36030K(36352K)->36030K(36352K) NonClass: 31862K(32000K)->31862K(32000K) Class: 4168K(4352K)->4168K(4352K)
[23.813s][info][gc             ] GC(179) Pause Young (Allocation Failure) 436M->106M(1018M) 0.443ms
[23.813s][info][gc,cpu         ] GC(179) User=0.02s Sys=0.00s Real=0.00s
[23.878s][info][gc,start       ] GC(180) Pause Young (Allocation Failure)
[23.878s][info][gc,heap        ] GC(180) PSYoungGen: 337600K(343040K)->192K(344576K) Eden: 337408K(337408K)->0K(339456K) From: 192K(5632K)->192K(5120K)
[23.878s][info][gc,heap        ] GC(180) ParOldGen: 109101K(699392K)->109101K(699392K)
[23.878s][info][gc,metaspace   ] GC(180) Metaspace: 36030K(36352K)->36030K(36352K) NonClass: 31862K(32000K)->31862K(32000K) Class: 4168K(4352K)->4168K(4352K)
[23.878s][info][gc             ] GC(180) Pause Young (Allocation Failure) 436M->106M(1019M) 0.338ms
[23.878s][info][gc,cpu         ] GC(180) User=0.00s Sys=0.00s Real=0.00s
[23.942s][info][gc,start       ] GC(181) Pause Young (Allocation Failure)
[23.942s][info][gc,heap        ] GC(181) PSYoungGen: 339648K(344576K)->192K(344064K) Eden: 339456K(339456K)->0K(339456K) From: 192K(5120K)->192K(4608K)
[23.942s][info][gc,heap        ] GC(181) ParOldGen: 109101K(699392K)->109101K(699392K)
[23.942s][info][gc,metaspace   ] GC(181) Metaspace: 36030K(36352K)->36030K(36352K) NonClass: 31862K(32000K)->31862K(32000K) Class: 4168K(4352K)->4168K(4352K)
[23.942s][info][gc             ] GC(181) Pause Young (Allocation Failure) 438M->106M(1019M) 0.365ms
[23.942s][info][gc,cpu         ] GC(181) User=0.00s Sys=0.00s Real=0.00s
[24.008s][info][gc,start       ] GC(182) Pause Young (Allocation Failure)
[24.009s][info][gc,heap        ] GC(182) PSYoungGen: 339648K(344064K)->192K(345088K) Eden: 339456K(339456K)->0K(340480K) From: 192K(4608K)->192K(4608K)
[24.009s][info][gc,heap        ] GC(182) ParOldGen: 109101K(699392K)->109101K(699392K)
[24.009s][info][gc,metaspace   ] GC(182) Metaspace: 36030K(36352K)->36030K(36352K) NonClass: 31862K(32000K)->31862K(32000K) Class: 4168K(4352K)->4168K(4352K)
[24.009s][info][gc             ] GC(182) Pause Young (Allocation Failure) 438M->106M(1020M) 0.384ms
[24.009s][info][gc,cpu         ] GC(182) User=0.00s Sys=0.00s Real=0.00s
[24.074s][info][gc,start       ] GC(183) Pause Young (Allocation Failure)
[24.074s][info][gc,heap        ] GC(183) PSYoungGen: 340672K(345088K)->192K(344576K) Eden: 340480K(340480K)->0K(340480K) From: 192K(4608K)->192K(4096K)
[24.074s][info][gc,heap        ] GC(183) ParOldGen: 109101K(699392K)->109101K(699392K)
[24.074s][info][gc,metaspace   ] GC(183) Metaspace: 36030K(36352K)->36030K(36352K) NonClass: 31862K(32000K)->31862K(32000K) Class: 4168K(4352K)->4168K(4352K)
[24.074s][info][gc             ] GC(183) Pause Young (Allocation Failure) 439M->106M(1019M) 0.437ms
[24.074s][info][gc,cpu         ] GC(183) User=0.00s Sys=0.00s Real=0.00s
[24.139s][info][gc,start       ] GC(184) Pause Young (Allocation Failure)
[24.139s][info][gc,heap        ] GC(184) PSYoungGen: 340672K(344576K)->192K(345600K) Eden: 340480K(340480K)->0K(342016K) From: 192K(4096K)->192K(3584K)
[24.139s][info][gc,heap        ] GC(184) ParOldGen: 109101K(699392K)->109101K(699392K)
[24.139s][info][gc,metaspace   ] GC(184) Metaspace: 36030K(36352K)->36030K(36352K) NonClass: 31862K(32000K)->31862K(32000K) Class: 4168K(4352K)->4168K(4352K)
[24.139s][info][gc             ] GC(184) Pause Young (Allocation Failure) 439M->106M(1020M) 0.456ms
[24.139s][info][gc,cpu         ] GC(184) User=0.00s Sys=0.00s Real=0.00s
[24.204s][info][gc,start       ] GC(185) Pause Young (Allocation Failure)
[24.205s][info][gc,heap        ] GC(185) PSYoungGen: 342208K(345600K)->160K(345600K) Eden: 342016K(342016K)->0K(342016K) From: 192K(3584K)->160K(3584K)
[24.205s][info][gc,heap        ] GC(185) ParOldGen: 109101K(699392K)->109101K(699392K)
[24.205s][info][gc,metaspace   ] GC(185) Metaspace: 36030K(36352K)->36030K(36352K) NonClass: 31862K(32000K)->31862K(32000K) Class: 4168K(4352K)->4168K(4352K)
[24.205s][info][gc             ] GC(185) Pause Young (Allocation Failure) 440M->106M(1020M) 0.455ms
[24.205s][info][gc,cpu         ] GC(185) User=0.00s Sys=0.00s Real=0.00s
[24.271s][info][gc,start       ] GC(186) Pause Young (Allocation Failure)
[24.271s][info][gc,heap        ] GC(186) PSYoungGen: 342176K(345600K)->192K(346112K) Eden: 342016K(342016K)->0K(343040K) From: 160K(3584K)->192K(3072K)
[24.271s][info][gc,heap        ] GC(186) ParOldGen: 109101K(699392K)->109101K(699392K)
[24.271s][info][gc,metaspace   ] GC(186) Metaspace: 36030K(36352K)->36030K(36352K) NonClass: 31862K(32000K)->31862K(32000K) Class: 4168K(4352K)->4168K(4352K)
[24.271s][info][gc             ] GC(186) Pause Young (Allocation Failure) 440M->106M(1021M) 0.409ms
[24.271s][info][gc,cpu         ] GC(186) User=0.00s Sys=0.00s Real=0.00s
[24.362s][info][gc,start       ] GC(187) Pause Young (Allocation Failure)
[24.362s][info][gc,heap        ] GC(187) PSYoungGen: 343232K(346112K)->192K(346112K) Eden: 343040K(343040K)->0K(343040K) From: 192K(3072K)->192K(3072K)
[24.362s][info][gc,heap        ] GC(187) ParOldGen: 109101K(699392K)->109101K(699392K)
[24.362s][info][gc,metaspace   ] GC(187) Metaspace: 36032K(36352K)->36032K(36352K) NonClass: 31863K(32000K)->31863K(32000K) Class: 4168K(4352K)->4168K(4352K)
[24.362s][info][gc             ] GC(187) Pause Young (Allocation Failure) 441M->106M(1021M) 0.476ms
[24.363s][info][gc,cpu         ] GC(187) User=0.00s Sys=0.00s Real=0.00s
[24.662s][info][gc,start       ] GC(188) Pause Young (Allocation Failure)
[24.677s][info][gc,heap        ] GC(188) PSYoungGen: 343232K(346112K)->2560K(315904K) Eden: 343040K(343040K)->0K(313344K) From: 192K(3072K)->2560K(2560K)
[24.677s][info][gc,heap        ] GC(188) ParOldGen: 109101K(699392K)->148396K(699392K)
[24.677s][info][gc,metaspace   ] GC(188) Metaspace: 36032K(36352K)->36032K(36352K) NonClass: 31864K(32000K)->31864K(32000K) Class: 4168K(4352K)->4168K(4352K)
[24.677s][info][gc             ] GC(188) Pause Young (Allocation Failure) 441M->147M(991M) 14.981ms
[24.677s][info][gc,cpu         ] GC(188) User=0.09s Sys=0.00s Real=0.01s
[24.964s][info][gc,start       ] GC(189) Pause Young (Allocation Failure)
[24.971s][info][gc,heap        ] GC(189) PSYoungGen: 315904K(315904K)->17903K(331264K) Eden: 313344K(313344K)->0K(313344K) From: 2560K(2560K)->17903K(17920K)
[24.971s][info][gc,heap        ] GC(189) ParOldGen: 148396K(699392K)->151236K(699392K)
[24.971s][info][gc,metaspace   ] GC(189) Metaspace: 36041K(36352K)->36041K(36352K) NonClass: 31872K(32000K)->31872K(32000K) Class: 4168K(4352K)->4168K(4352K)
[24.971s][info][gc             ] GC(189) Pause Young (Allocation Failure) 453M->165M(1006M) 6.851ms
[24.971s][info][gc,cpu         ] GC(189) User=0.09s Sys=0.00s Real=0.01s
[25.257s][info][gc,start       ] GC(190) Pause Young (Allocation Failure)
[25.265s][info][gc,heap        ] GC(190) PSYoungGen: 331196K(331264K)->14564K(318976K) Eden: 313292K(313344K)->0K(301056K) From: 17903K(17920K)->14564K(17920K)
[25.265s][info][gc,heap        ] GC(190) ParOldGen: 151236K(699392K)->163985K(699392K)
[25.265s][info][gc,metaspace   ] GC(190) Metaspace: 36055K(36416K)->36055K(36416K) NonClass: 31886K(32064K)->31886K(32064K) Class: 4168K(4352K)->4168K(4352K)
[25.265s][info][gc             ] GC(190) Pause Young (Allocation Failure) 471M->174M(994M) 7.380ms
[25.265s][info][gc,cpu         ] GC(190) User=0.00s Sys=0.00s Real=0.01s
[25.546s][info][gc,start       ] GC(191) Pause Young (Allocation Failure)
[25.552s][info][gc,heap        ] GC(191) PSYoungGen: 315620K(318976K)->10684K(325120K) Eden: 301056K(301056K)->0K(301056K) From: 14564K(17920K)->10684K(24064K)
[25.552s][info][gc,heap        ] GC(191) ParOldGen: 163985K(699392K)->164414K(699392K)
[25.552s][info][gc,metaspace   ] GC(191) Metaspace: 36060K(36416K)->36060K(36416K) NonClass: 31891K(32064K)->31891K(32064K) Class: 4168K(4352K)->4168K(4352K)
[25.552s][info][gc             ] GC(191) Pause Young (Allocation Failure) 468M->170M(1000M) 5.099ms
[25.552s][info][gc,cpu         ] GC(191) User=0.09s Sys=0.00s Real=0.01s
[25.821s][info][gc,start       ] GC(192) Pause Young (Allocation Failure)
[25.826s][info][gc,heap        ] GC(192) PSYoungGen: 311740K(325120K)->11456K(325632K) Eden: 301056K(301056K)->0K(301568K) From: 10684K(24064K)->11456K(24064K)
[25.826s][info][gc,heap        ] GC(192) ParOldGen: 164414K(699392K)->164862K(699392K)
[25.827s][info][gc,metaspace   ] GC(192) Metaspace: 36063K(36416K)->36063K(36416K) NonClass: 31894K(32064K)->31894K(32064K) Class: 4168K(4352K)->4168K(4352K)
[25.827s][info][gc             ] GC(192) Pause Young (Allocation Failure) 464M->172M(1001M) 5.324ms
[25.827s][info][gc,cpu         ] GC(192) User=0.00s Sys=0.00s Real=0.00s
[26.096s][info][gc,start       ] GC(193) Pause Young (Allocation Failure)
[26.102s][info][gc,heap        ] GC(193) PSYoungGen: 311789K(325632K)->14400K(316416K) Eden: 300333K(301568K)->0K(301568K) From: 11456K(24064K)->14400K(14848K)
[26.102s][info][gc,heap        ] GC(193) ParOldGen: 164862K(699392K)->165244K(699392K)
[26.102s][info][gc,metaspace   ] GC(193) Metaspace: 36063K(36416K)->36063K(36416K) NonClass: 31894K(32064K)->31894K(32064K) Class: 4168K(4352K)->4168K(4352K)
[26.102s][info][gc             ] GC(193) Pause Young (Allocation Failure) 465M->175M(992M) 6.221ms
[26.102s][info][gc,cpu         ] GC(193) User=0.00s Sys=0.00s Real=0.00s
[26.362s][info][gc,start       ] GC(194) Pause Young (Allocation Failure)
[26.367s][info][gc,heap        ] GC(194) PSYoungGen: 315968K(316416K)->10294K(325632K) Eden: 301568K(301568K)->0K(301056K) From: 14400K(14848K)->10294K(24576K)
[26.367s][info][gc,heap        ] GC(194) ParOldGen: 165244K(699392K)->167225K(699392K)
[26.367s][info][gc,metaspace   ] GC(194) Metaspace: 36063K(36416K)->36063K(36416K) NonClass: 31894K(32064K)->31894K(32064K) Class: 4168K(4352K)->4168K(4352K)
[26.367s][info][gc             ] GC(194) Pause Young (Allocation Failure) 469M->173M(1001M) 5.693ms
[26.367s][info][gc,cpu         ] GC(194) User=0.00s Sys=0.00s Real=0.01s
[26.637s][info][gc,start       ] GC(195) Pause Young (Allocation Failure)
[26.645s][info][gc,heap        ] GC(195) PSYoungGen: 311350K(325632K)->13430K(324608K) Eden: 301056K(301056K)->0K(301056K) From: 10294K(24576K)->13430K(23552K)
[26.645s][info][gc,heap        ] GC(195) ParOldGen: 167225K(699392K)->168269K(699392K)
[26.645s][info][gc,metaspace   ] GC(195) Metaspace: 36063K(36416K)->36063K(36416K) NonClass: 31894K(32064K)->31894K(32064K) Class: 4168K(4352K)->4168K(4352K)
[26.645s][info][gc             ] GC(195) Pause Young (Allocation Failure) 467M->177M(1000M) 7.284ms
[26.645s][info][gc,cpu         ] GC(195) User=0.09s Sys=0.00s Real=0.01s
[26.911s][info][gc,start       ] GC(196) Pause Young (Allocation Failure)
[26.919s][info][gc,heap        ] GC(196) PSYoungGen: 310776K(324608K)->17296K(322048K) Eden: 297346K(301056K)->0K(297984K) From: 13430K(23552K)->17296K(24064K)
[26.919s][info][gc,heap        ] GC(196) ParOldGen: 168269K(699392K)->172309K(699392K)
[26.919s][info][gc,metaspace   ] GC(196) Metaspace: 36065K(36416K)->36065K(36416K) NonClass: 31896K(32064K)->31896K(32064K) Class: 4168K(4352K)->4168K(4352K)
[26.919s][info][gc             ] GC(196) Pause Young (Allocation Failure) 467M->185M(997M) 7.787ms
[26.919s][info][gc,cpu         ] GC(196) User=0.00s Sys=0.00s Real=0.01s
[27.175s][info][gc,start       ] GC(197) Pause Young (Allocation Failure)
[27.180s][info][gc,heap        ] GC(197) PSYoungGen: 314946K(322048K)->10725K(323584K) Eden: 297649K(297984K)->0K(297984K) From: 17296K(24064K)->10725K(25600K)
[27.180s][info][gc,heap        ] GC(197) ParOldGen: 172309K(699392K)->174229K(699392K)
[27.180s][info][gc,metaspace   ] GC(197) Metaspace: 36065K(36416K)->36065K(36416K) NonClass: 31896K(32064K)->31896K(32064K) Class: 4168K(4352K)->4168K(4352K)
[27.180s][info][gc             ] GC(197) Pause Young (Allocation Failure) 475M->180M(999M) 5.667ms
[27.180s][info][gc,cpu         ] GC(197) User=0.00s Sys=0.00s Real=0.01s
[27.427s][info][gc,start       ] GC(198) Pause Young (Allocation Failure)
[27.432s][info][gc,heap        ] GC(198) PSYoungGen: 308709K(323584K)->10518K(326144K) Eden: 297984K(297984K)->0K(301568K) From: 10725K(25600K)->10518K(24576K)
[27.432s][info][gc,heap        ] GC(198) ParOldGen: 174229K(699392K)->175258K(699392K)
[27.432s][info][gc,metaspace   ] GC(198) Metaspace: 36067K(36416K)->36067K(36416K) NonClass: 31898K(32064K)->31898K(32064K) Class: 4168K(4352K)->4168K(4352K)
[27.432s][info][gc             ] GC(198) Pause Young (Allocation Failure) 471M->181M(1001M) 5.264ms
[27.432s][info][gc,cpu         ] GC(198) User=0.00s Sys=0.00s Real=0.01s
[27.686s][info][gc,start       ] GC(199) Pause Young (Allocation Failure)
[27.693s][info][gc,heap        ] GC(199) PSYoungGen: 310001K(326144K)->17939K(324608K) Eden: 299483K(301568K)->0K(301568K) From: 10518K(24576K)->17939K(23040K)
[27.693s][info][gc,heap        ] GC(199) ParOldGen: 175258K(699392K)->175983K(699392K)
[27.693s][info][gc,metaspace   ] GC(199) Metaspace: 36067K(36416K)->36067K(36416K) NonClass: 31898K(32064K)->31898K(32064K) Class: 4168K(4352K)->4168K(4352K)
[27.693s][info][gc             ] GC(199) Pause Young (Allocation Failure) 473M->189M(1000M) 7.633ms
[27.693s][info][gc,cpu         ] GC(199) User=0.09s Sys=0.00s Real=0.01s
[27.904s][info][gc,start       ] GC(200) Pause Young (System.gc())
[27.910s][info][gc,heap        ] GC(200) PSYoungGen: 271383K(324608K)->9479K(325632K) Eden: 253444K(301568K)->0K(301056K) From: 17939K(23040K)->9479K(24576K)
[27.910s][info][gc,heap        ] GC(200) ParOldGen: 175983K(699392K)->180854K(699392K)
[27.910s][info][gc,metaspace   ] GC(200) Metaspace: 36067K(36416K)->36067K(36416K) NonClass: 31898K(32064K)->31898K(32064K) Class: 4168K(4352K)->4168K(4352K)
[27.910s][info][gc             ] GC(200) Pause Young (System.gc()) 436M->185M(1001M) 5.798ms
[27.910s][info][gc,cpu         ] GC(200) User=0.08s Sys=0.00s Real=0.02s
[27.910s][info][gc,start       ] GC(201) Pause Full (System.gc())
[27.910s][info][gc,phases,start] GC(201) Marking Phase
[27.926s][info][gc,phases      ] GC(201) Marking Phase 16.051ms
[27.926s][info][gc,phases,start] GC(201) Summary Phase
[27.926s][info][gc,phases      ] GC(201) Summary Phase 0.012ms
[27.926s][info][gc,phases,start] GC(201) Adjust Roots
[27.929s][info][gc,phases      ] GC(201) Adjust Roots 3.358ms
[27.929s][info][gc,phases,start] GC(201) Compaction Phase
[27.947s][info][gc,phases      ] GC(201) Compaction Phase 17.977ms
[27.947s][info][gc,phases,start] GC(201) Post Compact
[27.948s][info][gc,phases      ] GC(201) Post Compact 0.768ms
[27.948s][info][gc,heap        ] GC(201) PSYoungGen: 9479K(325632K)->0K(325632K) Eden: 0K(301056K)->0K(301056K) From: 9479K(24576K)->0K(24576K)
[27.948s][info][gc,heap        ] GC(201) ParOldGen: 180854K(699392K)->116861K(699392K)
[27.948s][info][gc,metaspace   ] GC(201) Metaspace: 36067K(36416K)->36067K(36416K) NonClass: 31898K(32064K)->31898K(32064K) Class: 4168K(4352K)->4168K(4352K)
[27.948s][info][gc             ] GC(201) Pause Full (System.gc()) 185M->114M(1001M) 38.431ms
[27.948s][info][gc,cpu         ] GC(201) User=0.09s Sys=0.00s Real=0.04s
[27.997s][info][gc,start       ] GC(202) Pause Young (Allocation Failure)
[27.997s][info][gc,heap        ] GC(202) PSYoungGen: 301056K(325632K)->192K(324608K) Eden: 301056K(301056K)->0K(301056K) From: 0K(24576K)->192K(23552K)
[27.998s][info][gc,heap        ] GC(202) ParOldGen: 116861K(699392K)->116861K(699392K)
[27.998s][info][gc,metaspace   ] GC(202) Metaspace: 36067K(36416K)->36067K(36416K) NonClass: 31898K(32064K)->31898K(32064K) Class: 4168K(4352K)->4168K(4352K)
[27.998s][info][gc             ] GC(202) Pause Young (Allocation Failure) 408M->114M(1000M) 0.420ms
[27.998s][info][gc,cpu         ] GC(202) User=0.00s Sys=0.00s Real=0.00s
[28.044s][info][gc,start       ] GC(203) Pause Young (Allocation Failure)
[28.044s][info][gc,heap        ] GC(203) PSYoungGen: 301248K(324608K)->160K(324096K) Eden: 301056K(301056K)->0K(300032K) From: 192K(23552K)->160K(24064K)
[28.044s][info][gc,heap        ] GC(203) ParOldGen: 116861K(699392K)->116909K(699392K)
[28.044s][info][gc,metaspace   ] GC(203) Metaspace: 36067K(36416K)->36067K(36416K) NonClass: 31898K(32064K)->31898K(32064K) Class: 4168K(4352K)->4168K(4352K)
[28.044s][info][gc             ] GC(203) Pause Young (Allocation Failure) 408M->114M(999M) 0.397ms
[28.044s][info][gc,cpu         ] GC(203) User=0.00s Sys=0.00s Real=0.00s
[28.090s][info][gc,start       ] GC(204) Pause Young (Allocation Failure)
[28.090s][info][gc,heap        ] GC(204) PSYoungGen: 300192K(324096K)->192K(324608K) Eden: 300032K(300032K)->0K(300032K) From: 160K(24064K)->192K(24576K)
[28.090s][info][gc,heap        ] GC(204) ParOldGen: 116909K(699392K)->116909K(699392K)
[28.090s][info][gc,metaspace   ] GC(204) Metaspace: 36067K(36416K)->36067K(36416K) NonClass: 31898K(32064K)->31898K(32064K) Class: 4168K(4352K)->4168K(4352K)
[28.090s][info][gc             ] GC(204) Pause Young (Allocation Failure) 407M->114M(1000M) 0.365ms
[28.090s][info][gc,cpu         ] GC(204) User=0.00s Sys=0.00s Real=0.00s
[28.136s][info][gc,start       ] GC(205) Pause Young (Allocation Failure)
[28.136s][info][gc,heap        ] GC(205) PSYoungGen: 300224K(324608K)->192K(325120K) Eden: 300032K(300032K)->0K(301056K) From: 192K(24576K)->192K(24064K)
[28.136s][info][gc,heap        ] GC(205) ParOldGen: 116909K(699392K)->116909K(699392K)
[28.136s][info][gc,metaspace   ] GC(205) Metaspace: 36067K(36416K)->36067K(36416K) NonClass: 31898K(32064K)->31898K(32064K) Class: 4168K(4352K)->4168K(4352K)
[28.136s][info][gc             ] GC(205) Pause Young (Allocation Failure) 407M->114M(1000M) 0.365ms
[28.136s][info][gc,cpu         ] GC(205) User=0.00s Sys=0.00s Real=0.00s
[28.182s][info][gc,start       ] GC(206) Pause Young (Allocation Failure)
[28.182s][info][gc,heap        ] GC(206) PSYoungGen: 301248K(325120K)->192K(325120K) Eden: 301056K(301056K)->0K(301056K) From: 192K(24064K)->192K(24064K)
[28.182s][info][gc,heap        ] GC(206) ParOldGen: 116909K(699392K)->116909K(699392K)
[28.182s][info][gc,metaspace   ] GC(206) Metaspace: 36067K(36416K)->36067K(36416K) NonClass: 31898K(32064K)->31898K(32064K) Class: 4168K(4352K)->4168K(4352K)
[28.182s][info][gc             ] GC(206) Pause Young (Allocation Failure) 408M->114M(1000M) 0.374ms
[28.182s][info][gc,cpu         ] GC(206) User=0.00s Sys=0.00s Real=0.00s
[28.228s][info][gc,start       ] GC(207) Pause Young (Allocation Failure)
[28.228s][info][gc,heap        ] GC(207) PSYoungGen: 301248K(325120K)->192K(326144K) Eden: 301056K(301056K)->0K(302592K) From: 192K(24064K)->192K(23552K)
[28.228s][info][gc,heap        ] GC(207) ParOldGen: 116909K(699392K)->116909K(699392K)
[28.228s][info][gc,metaspace   ] GC(207) Metaspace: 36067K(36416K)->36067K(36416K) NonClass: 31898K(32064K)->31898K(32064K) Class: 4168K(4352K)->4168K(4352K)
[28.228s][info][gc             ] GC(207) Pause Young (Allocation Failure) 408M->114M(1001M) 0.374ms
[28.228s][info][gc,cpu         ] GC(207) User=0.00s Sys=0.00s Real=0.00s
[28.273s][info][gc,start       ] GC(208) Pause Young (Allocation Failure)
[28.273s][info][gc,heap        ] GC(208) PSYoungGen: 302784K(326144K)->192K(325632K) Eden: 302592K(302592K)->0K(302592K) From: 192K(23552K)->192K(23040K)
[28.274s][info][gc,heap        ] GC(208) ParOldGen: 116909K(699392K)->116909K(699392K)
[28.274s][info][gc,metaspace   ] GC(208) Metaspace: 36067K(36416K)->36067K(36416K) NonClass: 31898K(32064K)->31898K(32064K) Class: 4168K(4352K)->4168K(4352K)
[28.274s][info][gc             ] GC(208) Pause Young (Allocation Failure) 409M->114M(1001M) 0.377ms
[28.274s][info][gc,cpu         ] GC(208) User=0.00s Sys=0.00s Real=0.00s
[28.319s][info][gc,start       ] GC(209) Pause Young (Allocation Failure)
[28.319s][info][gc,heap        ] GC(209) PSYoungGen: 302784K(325632K)->192K(327680K) Eden: 302592K(302592K)->0K(305664K) From: 192K(23040K)->192K(22016K)
[28.319s][info][gc,heap        ] GC(209) ParOldGen: 116909K(699392K)->116909K(699392K)
[28.319s][info][gc,metaspace   ] GC(209) Metaspace: 36067K(36416K)->36067K(36416K) NonClass: 31898K(32064K)->31898K(32064K) Class: 4168K(4352K)->4168K(4352K)
[28.319s][info][gc             ] GC(209) Pause Young (Allocation Failure) 409M->114M(1003M) 0.432ms
[28.319s][info][gc,cpu         ] GC(209) User=0.00s Sys=0.00s Real=0.00s
[28.365s][info][gc,start       ] GC(210) Pause Young (Allocation Failure)
[28.366s][info][gc,heap        ] GC(210) PSYoungGen: 305856K(327680K)->192K(327168K) Eden: 305664K(305664K)->0K(305664K) From: 192K(22016K)->192K(21504K)
[28.366s][info][gc,heap        ] GC(210) ParOldGen: 116909K(699392K)->116909K(699392K)
[28.366s][info][gc,metaspace   ] GC(210) Metaspace: 36067K(36416K)->36067K(36416K) NonClass: 31898K(32064K)->31898K(32064K) Class: 4168K(4352K)->4168K(4352K)
[28.366s][info][gc             ] GC(210) Pause Young (Allocation Failure) 412M->114M(1002M) 0.368ms
[28.366s][info][gc,cpu         ] GC(210) User=0.00s Sys=0.00s Real=0.00s
[28.412s][info][gc,start       ] GC(211) Pause Young (Allocation Failure)
[28.413s][info][gc,heap        ] GC(211) PSYoungGen: 305856K(327168K)->192K(329728K) Eden: 305664K(305664K)->0K(309248K) From: 192K(21504K)->192K(20480K)
[28.413s][info][gc,heap        ] GC(211) ParOldGen: 116909K(699392K)->116909K(699392K)
[28.413s][info][gc,metaspace   ] GC(211) Metaspace: 36067K(36416K)->36067K(36416K) NonClass: 31898K(32064K)->31898K(32064K) Class: 4168K(4352K)->4168K(4352K)
[28.413s][info][gc             ] GC(211) Pause Young (Allocation Failure) 412M->114M(1005M) 0.405ms
[28.413s][info][gc,cpu         ] GC(211) User=0.00s Sys=0.00s Real=0.00s
[28.459s][info][gc,start       ] GC(212) Pause Young (Allocation Failure)
[28.459s][info][gc,heap        ] GC(212) PSYoungGen: 309440K(329728K)->192K(328704K) Eden: 309248K(309248K)->0K(309248K) From: 192K(20480K)->192K(19456K)
[28.459s][info][gc,heap        ] GC(212) ParOldGen: 116909K(699392K)->116909K(699392K)
[28.459s][info][gc,metaspace   ] GC(212) Metaspace: 36067K(36416K)->36067K(36416K) NonClass: 31898K(32064K)->31898K(32064K) Class: 4168K(4352K)->4168K(4352K)
[28.459s][info][gc             ] GC(212) Pause Young (Allocation Failure) 416M->114M(1004M) 0.415ms
[28.459s][info][gc,cpu         ] GC(212) User=0.00s Sys=0.00s Real=0.00s
[28.507s][info][gc,start       ] GC(213) Pause Young (Allocation Failure)
[28.507s][info][gc,heap        ] GC(213) PSYoungGen: 309440K(328704K)->192K(331264K) Eden: 309248K(309248K)->0K(312832K) From: 192K(19456K)->192K(18432K)
[28.507s][info][gc,heap        ] GC(213) ParOldGen: 116909K(699392K)->116909K(699392K)
[28.507s][info][gc,metaspace   ] GC(213) Metaspace: 36067K(36416K)->36067K(36416K) NonClass: 31898K(32064K)->31898K(32064K) Class: 4168K(4352K)->4168K(4352K)
[28.507s][info][gc             ] GC(213) Pause Young (Allocation Failure) 416M->114M(1006M) 0.426ms
[28.507s][info][gc,cpu         ] GC(213) User=0.00s Sys=0.00s Real=0.00s
[28.555s][info][gc,start       ] GC(214) Pause Young (Allocation Failure)
[28.555s][info][gc,heap        ] GC(214) PSYoungGen: 313024K(331264K)->192K(330752K) Eden: 312832K(312832K)->0K(312832K) From: 192K(18432K)->192K(17920K)
[28.555s][info][gc,heap        ] GC(214) ParOldGen: 116909K(699392K)->116909K(699392K)
[28.555s][info][gc,metaspace   ] GC(214) Metaspace: 36067K(36416K)->36067K(36416K) NonClass: 31898K(32064K)->31898K(32064K) Class: 4168K(4352K)->4168K(4352K)
[28.555s][info][gc             ] GC(214) Pause Young (Allocation Failure) 419M->114M(1006M) 0.363ms
[28.555s][info][gc,cpu         ] GC(214) User=0.00s Sys=0.00s Real=0.00s
[28.603s][info][gc,start       ] GC(215) Pause Young (Allocation Failure)
[28.603s][info][gc,heap        ] GC(215) PSYoungGen: 313024K(330752K)->192K(333312K) Eden: 312832K(312832K)->0K(316416K) From: 192K(17920K)->192K(16896K)
[28.603s][info][gc,heap        ] GC(215) ParOldGen: 116909K(699392K)->116909K(699392K)
[28.603s][info][gc,metaspace   ] GC(215) Metaspace: 36067K(36416K)->36067K(36416K) NonClass: 31898K(32064K)->31898K(32064K) Class: 4168K(4352K)->4168K(4352K)
[28.603s][info][gc             ] GC(215) Pause Young (Allocation Failure) 419M->114M(1008M) 0.436ms
[28.603s][info][gc,cpu         ] GC(215) User=0.00s Sys=0.00s Real=0.00s
[28.661s][info][gc,start       ] GC(216) Pause Young (Allocation Failure)
[28.661s][info][gc,heap        ] GC(216) PSYoungGen: 316608K(333312K)->192K(332288K) Eden: 316416K(316416K)->0K(316416K) From: 192K(16896K)->192K(15872K)
[28.661s][info][gc,heap        ] GC(216) ParOldGen: 116909K(699392K)->116909K(699392K)
[28.661s][info][gc,metaspace   ] GC(216) Metaspace: 36067K(36416K)->36067K(36416K) NonClass: 31898K(32064K)->31898K(32064K) Class: 4168K(4352K)->4168K(4352K)
[28.661s][info][gc             ] GC(216) Pause Young (Allocation Failure) 423M->114M(1007M) 0.481ms
[28.662s][info][gc,cpu         ] GC(216) User=0.00s Sys=0.00s Real=0.00s
[28.723s][info][gc,start       ] GC(217) Pause Young (Allocation Failure)
[28.723s][info][gc,heap        ] GC(217) PSYoungGen: 316608K(332288K)->192K(334848K) Eden: 316416K(316416K)->0K(320000K) From: 192K(15872K)->192K(14848K)
[28.723s][info][gc,heap        ] GC(217) ParOldGen: 116909K(699392K)->116957K(699392K)
[28.723s][info][gc,metaspace   ] GC(217) Metaspace: 36067K(36416K)->36067K(36416K) NonClass: 31898K(32064K)->31898K(32064K) Class: 4168K(4352K)->4168K(4352K)
[28.723s][info][gc             ] GC(217) Pause Young (Allocation Failure) 423M->114M(1010M) 0.438ms
[28.723s][info][gc,cpu         ] GC(217) User=0.00s Sys=0.00s Real=0.00s
[28.786s][info][gc,start       ] GC(218) Pause Young (Allocation Failure)
[28.786s][info][gc,heap        ] GC(218) PSYoungGen: 320192K(334848K)->192K(334336K) Eden: 320000K(320000K)->0K(320000K) From: 192K(14848K)->192K(14336K)
[28.786s][info][gc,heap        ] GC(218) ParOldGen: 116957K(699392K)->116957K(699392K)
[28.786s][info][gc,metaspace   ] GC(218) Metaspace: 36067K(36416K)->36067K(36416K) NonClass: 31898K(32064K)->31898K(32064K) Class: 4168K(4352K)->4168K(4352K)
[28.786s][info][gc             ] GC(218) Pause Young (Allocation Failure) 426M->114M(1009M) 0.429ms
[28.786s][info][gc,cpu         ] GC(218) User=0.00s Sys=0.00s Real=0.00s
[28.849s][info][gc,start       ] GC(219) Pause Young (Allocation Failure)
[28.849s][info][gc,heap        ] GC(219) PSYoungGen: 320192K(334336K)->160K(336896K) Eden: 320000K(320000K)->0K(323584K) From: 192K(14336K)->160K(13312K)
[28.849s][info][gc,heap        ] GC(219) ParOldGen: 116957K(699392K)->116957K(699392K)
[28.849s][info][gc,metaspace   ] GC(219) Metaspace: 36067K(36416K)->36067K(36416K) NonClass: 31898K(32064K)->31898K(32064K) Class: 4168K(4352K)->4168K(4352K)
[28.849s][info][gc             ] GC(219) Pause Young (Allocation Failure) 426M->114M(1012M) 0.412ms
[28.849s][info][gc,cpu         ] GC(219) User=0.00s Sys=0.00s Real=0.00s
[28.912s][info][gc,start       ] GC(220) Pause Young (Allocation Failure)
[28.913s][info][gc,heap        ] GC(220) PSYoungGen: 323744K(336896K)->192K(335872K) Eden: 323584K(323584K)->0K(323584K) From: 160K(13312K)->192K(12288K)
[28.913s][info][gc,heap        ] GC(220) ParOldGen: 116957K(699392K)->116957K(699392K)
[28.913s][info][gc,metaspace   ] GC(220) Metaspace: 36067K(36416K)->36067K(36416K) NonClass: 31898K(32064K)->31898K(32064K) Class: 4168K(4352K)->4168K(4352K)
[28.913s][info][gc             ] GC(220) Pause Young (Allocation Failure) 430M->114M(1011M) 0.429ms
[28.913s][info][gc,cpu         ] GC(220) User=0.00s Sys=0.00s Real=0.00s
[28.977s][info][gc,start       ] GC(221) Pause Young (Allocation Failure)
[28.977s][info][gc,heap        ] GC(221) PSYoungGen: 323776K(335872K)->160K(338432K) Eden: 323584K(323584K)->0K(326656K) From: 192K(12288K)->160K(11776K)
[28.977s][info][gc,heap        ] GC(221) ParOldGen: 116957K(699392K)->116957K(699392K)
[28.977s][info][gc,metaspace   ] GC(221) Metaspace: 36067K(36416K)->36067K(36416K) NonClass: 31898K(32064K)->31898K(32064K) Class: 4168K(4352K)->4168K(4352K)
[28.977s][info][gc             ] GC(221) Pause Young (Allocation Failure) 430M->114M(1013M) 0.431ms
[28.977s][info][gc,cpu         ] GC(221) User=0.00s Sys=0.00s Real=0.00s
[29.040s][info][gc,start       ] GC(222) Pause Young (Allocation Failure)
[29.041s][info][gc,heap        ] GC(222) PSYoungGen: 326816K(338432K)->192K(337408K) Eden: 326656K(326656K)->0K(326656K) From: 160K(11776K)->192K(10752K)
[29.041s][info][gc,heap        ] GC(222) ParOldGen: 116957K(699392K)->116957K(699392K)
[29.041s][info][gc,metaspace   ] GC(222) Metaspace: 36067K(36416K)->36067K(36416K) NonClass: 31898K(32064K)->31898K(32064K) Class: 4168K(4352K)->4168K(4352K)
[29.041s][info][gc             ] GC(222) Pause Young (Allocation Failure) 433M->114M(1012M) 0.425ms
[29.041s][info][gc,cpu         ] GC(222) User=0.00s Sys=0.00s Real=0.00s
[29.103s][info][gc,start       ] GC(223) Pause Young (Allocation Failure)
[29.104s][info][gc,heap        ] GC(223) PSYoungGen: 326848K(337408K)->160K(339456K) Eden: 326656K(326656K)->0K(329216K) From: 192K(10752K)->160K(10240K)
[29.104s][info][gc,heap        ] GC(223) ParOldGen: 116957K(699392K)->116957K(699392K)
[29.104s][info][gc,metaspace   ] GC(223) Metaspace: 36067K(36416K)->36067K(36416K) NonClass: 31898K(32064K)->31898K(32064K) Class: 4168K(4352K)->4168K(4352K)
[29.104s][info][gc             ] GC(223) Pause Young (Allocation Failure) 433M->114M(1014M) 0.426ms
[29.104s][info][gc,cpu         ] GC(223) User=0.00s Sys=0.00s Real=0.00s
[29.166s][info][gc,start       ] GC(224) Pause Young (Allocation Failure)
[29.166s][info][gc,heap        ] GC(224) PSYoungGen: 329376K(339456K)->160K(338944K) Eden: 329216K(329216K)->0K(329216K) From: 160K(10240K)->160K(9728K)
[29.166s][info][gc,heap        ] GC(224) ParOldGen: 116957K(699392K)->116957K(699392K)
[29.166s][info][gc,metaspace   ] GC(224) Metaspace: 36067K(36416K)->36067K(36416K) NonClass: 31898K(32064K)->31898K(32064K) Class: 4168K(4352K)->4168K(4352K)
[29.166s][info][gc             ] GC(224) Pause Young (Allocation Failure) 435M->114M(1014M) 0.555ms
[29.166s][info][gc,cpu         ] GC(224) User=0.00s Sys=0.00s Real=0.00s
[29.229s][info][gc,start       ] GC(225) Pause Young (Allocation Failure)
[29.229s][info][gc,heap        ] GC(225) PSYoungGen: 329376K(338944K)->160K(340992K) Eden: 329216K(329216K)->0K(332288K) From: 160K(9728K)->160K(8704K)
[29.229s][info][gc,heap        ] GC(225) ParOldGen: 116957K(699392K)->116957K(699392K)
[29.229s][info][gc,metaspace   ] GC(225) Metaspace: 36067K(36416K)->36067K(36416K) NonClass: 31898K(32064K)->31898K(32064K) Class: 4168K(4352K)->4168K(4352K)
[29.229s][info][gc             ] GC(225) Pause Young (Allocation Failure) 435M->114M(1016M) 0.393ms
[29.229s][info][gc,cpu         ] GC(225) User=0.00s Sys=0.00s Real=0.00s
[29.293s][info][gc,start       ] GC(226) Pause Young (Allocation Failure)
[29.293s][info][gc,heap        ] GC(226) PSYoungGen: 332448K(340992K)->160K(340480K) Eden: 332288K(332288K)->0K(332288K) From: 160K(8704K)->160K(8192K)
[29.293s][info][gc,heap        ] GC(226) ParOldGen: 116957K(699392K)->116957K(699392K)
[29.293s][info][gc,metaspace   ] GC(226) Metaspace: 36067K(36416K)->36067K(36416K) NonClass: 31898K(32064K)->31898K(32064K) Class: 4168K(4352K)->4168K(4352K)
[29.294s][info][gc             ] GC(226) Pause Young (Allocation Failure) 438M->114M(1015M) 0.436ms
[29.294s][info][gc,cpu         ] GC(226) User=0.00s Sys=0.00s Real=0.00s
[29.358s][info][gc,start       ] GC(227) Pause Young (Allocation Failure)
[29.359s][info][gc,heap        ] GC(227) PSYoungGen: 332448K(340480K)->192K(342016K) Eden: 332288K(332288K)->0K(334336K) From: 160K(8192K)->192K(7680K)
[29.359s][info][gc,heap        ] GC(227) ParOldGen: 116957K(699392K)->116957K(699392K)
[29.359s][info][gc,metaspace   ] GC(227) Metaspace: 36067K(36416K)->36067K(36416K) NonClass: 31898K(32064K)->31898K(32064K) Class: 4168K(4352K)->4168K(4352K)
[29.359s][info][gc             ] GC(227) Pause Young (Allocation Failure) 438M->114M(1017M) 0.419ms
[29.359s][info][gc,cpu         ] GC(227) User=0.00s Sys=0.00s Real=0.00s
[29.422s][info][gc,start       ] GC(228) Pause Young (Allocation Failure)
[29.422s][info][gc,heap        ] GC(228) PSYoungGen: 334528K(342016K)->192K(341504K) Eden: 334336K(334336K)->0K(334336K) From: 192K(7680K)->192K(7168K)
[29.422s][info][gc,heap        ] GC(228) ParOldGen: 116957K(699392K)->116957K(699392K)
[29.422s][info][gc,metaspace   ] GC(228) Metaspace: 36067K(36416K)->36067K(36416K) NonClass: 31898K(32064K)->31898K(32064K) Class: 4168K(4352K)->4168K(4352K)
[29.422s][info][gc             ] GC(228) Pause Young (Allocation Failure) 440M->114M(1016M) 0.443ms
[29.422s][info][gc,cpu         ] GC(228) User=0.02s Sys=0.00s Real=0.00s
[29.485s][info][gc,start       ] GC(229) Pause Young (Allocation Failure)
[29.486s][info][gc,heap        ] GC(229) PSYoungGen: 334528K(341504K)->192K(343040K) Eden: 334336K(334336K)->0K(336384K) From: 192K(7168K)->192K(6656K)
[29.486s][info][gc,heap        ] GC(229) ParOldGen: 116957K(699392K)->116957K(699392K)
[29.486s][info][gc,metaspace   ] GC(229) Metaspace: 36067K(36416K)->36067K(36416K) NonClass: 31898K(32064K)->31898K(32064K) Class: 4168K(4352K)->4168K(4352K)
[29.486s][info][gc             ] GC(229) Pause Young (Allocation Failure) 440M->114M(1018M) 0.422ms
[29.486s][info][gc,cpu         ] GC(229) User=0.00s Sys=0.00s Real=0.00s
[29.549s][info][gc,start       ] GC(230) Pause Young (Allocation Failure)
[29.549s][info][gc,heap        ] GC(230) PSYoungGen: 336576K(343040K)->192K(342528K) Eden: 336384K(336384K)->0K(336384K) From: 192K(6656K)->192K(6144K)
[29.549s][info][gc,heap        ] GC(230) ParOldGen: 116957K(699392K)->116957K(699392K)
[29.549s][info][gc,metaspace   ] GC(230) Metaspace: 36067K(36416K)->36067K(36416K) NonClass: 31898K(32064K)->31898K(32064K) Class: 4168K(4352K)->4168K(4352K)
[29.549s][info][gc             ] GC(230) Pause Young (Allocation Failure) 442M->114M(1017M) 0.428ms
[29.549s][info][gc,cpu         ] GC(230) User=0.00s Sys=0.00s Real=0.00s
[29.614s][info][gc,start       ] GC(231) Pause Young (Allocation Failure)
[29.614s][info][gc,heap        ] GC(231) PSYoungGen: 336576K(342528K)->192K(343552K) Eden: 336384K(336384K)->0K(337920K) From: 192K(6144K)->192K(5632K)
[29.614s][info][gc,heap        ] GC(231) ParOldGen: 116957K(699392K)->116957K(699392K)
[29.614s][info][gc,metaspace   ] GC(231) Metaspace: 36067K(36416K)->36067K(36416K) NonClass: 31898K(32064K)->31898K(32064K) Class: 4168K(4352K)->4168K(4352K)
[29.614s][info][gc             ] GC(231) Pause Young (Allocation Failure) 442M->114M(1018M) 0.438ms
[29.614s][info][gc,cpu         ] GC(231) User=0.00s Sys=0.00s Real=0.00s
[29.680s][info][gc,start       ] GC(232) Pause Young (Allocation Failure)
[29.680s][info][gc,heap        ] GC(232) PSYoungGen: 338112K(343552K)->192K(343552K) Eden: 337920K(337920K)->0K(337920K) From: 192K(5632K)->192K(5632K)
[29.680s][info][gc,heap        ] GC(232) ParOldGen: 116957K(699392K)->116957K(699392K)
[29.680s][info][gc,metaspace   ] GC(232) Metaspace: 36067K(36416K)->36067K(36416K) NonClass: 31898K(32064K)->31898K(32064K) Class: 4168K(4352K)->4168K(4352K)
[29.680s][info][gc             ] GC(232) Pause Young (Allocation Failure) 444M->114M(1018M) 0.463ms
[29.680s][info][gc,cpu         ] GC(232) User=0.00s Sys=0.00s Real=0.00s
[29.745s][info][gc,start       ] GC(233) Pause Young (Allocation Failure)
[29.745s][info][gc,heap        ] GC(233) PSYoungGen: 338112K(343552K)->192K(344576K) Eden: 337920K(337920K)->0K(339456K) From: 192K(5632K)->192K(5120K)
[29.745s][info][gc,heap        ] GC(233) ParOldGen: 116957K(699392K)->116957K(699392K)
[29.745s][info][gc,metaspace   ] GC(233) Metaspace: 36067K(36416K)->36067K(36416K) NonClass: 31898K(32064K)->31898K(32064K) Class: 4168K(4352K)->4168K(4352K)
[29.745s][info][gc             ] GC(233) Pause Young (Allocation Failure) 444M->114M(1019M) 0.586ms
[29.745s][info][gc,cpu         ] GC(233) User=0.00s Sys=0.00s Real=0.01s
[29.810s][info][gc,start       ] GC(234) Pause Young (Allocation Failure)
[29.810s][info][gc,heap        ] GC(234) PSYoungGen: 339648K(344576K)->192K(344064K) Eden: 339456K(339456K)->0K(339456K) From: 192K(5120K)->192K(4608K)
[29.810s][info][gc,heap        ] GC(234) ParOldGen: 116957K(699392K)->116957K(699392K)
[29.810s][info][gc,metaspace   ] GC(234) Metaspace: 36067K(36416K)->36067K(36416K) NonClass: 31898K(32064K)->31898K(32064K) Class: 4168K(4352K)->4168K(4352K)
[29.810s][info][gc             ] GC(234) Pause Young (Allocation Failure) 445M->114M(1019M) 0.453ms
[29.810s][info][gc,cpu         ] GC(234) User=0.00s Sys=0.00s Real=0.00s
[29.876s][info][gc,start       ] GC(235) Pause Young (Allocation Failure)
[29.876s][info][gc,heap        ] GC(235) PSYoungGen: 339648K(344064K)->192K(345088K) Eden: 339456K(339456K)->0K(340480K) From: 192K(4608K)->192K(4608K)
[29.876s][info][gc,heap        ] GC(235) ParOldGen: 116957K(699392K)->116957K(699392K)
[29.876s][info][gc,metaspace   ] GC(235) Metaspace: 36067K(36416K)->36067K(36416K) NonClass: 31898K(32064K)->31898K(32064K) Class: 4168K(4352K)->4168K(4352K)
[29.876s][info][gc             ] GC(235) Pause Young (Allocation Failure) 445M->114M(1020M) 0.422ms
[29.876s][info][gc,cpu         ] GC(235) User=0.00s Sys=0.00s Real=0.00s
[29.943s][info][gc,start       ] GC(236) Pause Young (Allocation Failure)
[29.943s][info][gc,heap        ] GC(236) PSYoungGen: 340672K(345088K)->192K(344576K) Eden: 340480K(340480K)->0K(340480K) From: 192K(4608K)->192K(4096K)
[29.943s][info][gc,heap        ] GC(236) ParOldGen: 116957K(699392K)->116957K(699392K)
[29.943s][info][gc,metaspace   ] GC(236) Metaspace: 36067K(36416K)->36067K(36416K) NonClass: 31898K(32064K)->31898K(32064K) Class: 4168K(4352K)->4168K(4352K)
[29.943s][info][gc             ] GC(236) Pause Young (Allocation Failure) 446M->114M(1019M) 0.418ms
[29.943s][info][gc,cpu         ] GC(236) User=0.00s Sys=0.00s Real=0.00s
[30.008s][info][gc,start       ] GC(237) Pause Young (Allocation Failure)
[30.008s][info][gc,heap        ] GC(237) PSYoungGen: 340672K(344576K)->192K(345600K) Eden: 340480K(340480K)->0K(342016K) From: 192K(4096K)->192K(3584K)
[30.008s][info][gc,heap        ] GC(237) ParOldGen: 116957K(699392K)->116957K(699392K)
[30.008s][info][gc,metaspace   ] GC(237) Metaspace: 36067K(36416K)->36067K(36416K) NonClass: 31898K(32064K)->31898K(32064K) Class: 4168K(4352K)->4168K(4352K)
[30.008s][info][gc             ] GC(237) Pause Young (Allocation Failure) 446M->114M(1020M) 0.429ms
[30.008s][info][gc,cpu         ] GC(237) User=0.00s Sys=0.00s Real=0.00s
[30.073s][info][gc,start       ] GC(238) Pause Young (Allocation Failure)
[30.074s][info][gc,heap        ] GC(238) PSYoungGen: 342208K(345600K)->192K(345600K) Eden: 342016K(342016K)->0K(342016K) From: 192K(3584K)->192K(3584K)
[30.074s][info][gc,heap        ] GC(238) ParOldGen: 116957K(699392K)->116957K(699392K)
[30.074s][info][gc,metaspace   ] GC(238) Metaspace: 36067K(36416K)->36067K(36416K) NonClass: 31898K(32064K)->31898K(32064K) Class: 4168K(4352K)->4168K(4352K)
[30.074s][info][gc             ] GC(238) Pause Young (Allocation Failure) 448M->114M(1020M) 0.487ms
[30.074s][info][gc,cpu         ] GC(238) User=0.00s Sys=0.00s Real=0.02s
[30.138s][info][gc,start       ] GC(239) Pause Young (Allocation Failure)
[30.139s][info][gc,heap        ] GC(239) PSYoungGen: 342208K(345600K)->192K(346112K) Eden: 342016K(342016K)->0K(343040K) From: 192K(3584K)->192K(3072K)
[30.139s][info][gc,heap        ] GC(239) ParOldGen: 116957K(699392K)->116957K(699392K)
[30.139s][info][gc,metaspace   ] GC(239) Metaspace: 36067K(36416K)->36067K(36416K) NonClass: 31898K(32064K)->31898K(32064K) Class: 4168K(4352K)->4168K(4352K)
[30.139s][info][gc             ] GC(239) Pause Young (Allocation Failure) 448M->114M(1021M) 0.396ms
[30.139s][info][gc,cpu         ] GC(239) User=0.00s Sys=0.00s Real=0.00s
[30.205s][info][gc,start       ] GC(240) Pause Young (Allocation Failure)
[30.205s][info][gc,heap        ] GC(240) PSYoungGen: 343232K(346112K)->160K(346112K) Eden: 343040K(343040K)->0K(343040K) From: 192K(3072K)->160K(3072K)
[30.205s][info][gc,heap        ] GC(240) ParOldGen: 116957K(699392K)->116957K(699392K)
[30.205s][info][gc,metaspace   ] GC(240) Metaspace: 36067K(36416K)->36067K(36416K) NonClass: 31898K(32064K)->31898K(32064K) Class: 4168K(4352K)->4168K(4352K)
[30.205s][info][gc             ] GC(240) Pause Young (Allocation Failure) 449M->114M(1021M) 0.441ms
[30.205s][info][gc,cpu         ] GC(240) User=0.00s Sys=0.00s Real=0.00s
[30.272s][info][gc,start       ] GC(241) Pause Young (Allocation Failure)
[30.272s][info][gc,heap        ] GC(241) PSYoungGen: 343200K(346112K)->192K(346624K) Eden: 343040K(343040K)->0K(343552K) From: 160K(3072K)->192K(3072K)
[30.272s][info][gc,heap        ] GC(241) ParOldGen: 116957K(699392K)->116957K(699392K)
[30.272s][info][gc,metaspace   ] GC(241) Metaspace: 36067K(36416K)->36067K(36416K) NonClass: 31898K(32064K)->31898K(32064K) Class: 4168K(4352K)->4168K(4352K)
[30.272s][info][gc             ] GC(241) Pause Young (Allocation Failure) 449M->114M(1021M) 0.460ms
[30.272s][info][gc,cpu         ] GC(241) User=0.00s Sys=0.00s Real=0.00s
[30.338s][info][gc,start       ] GC(242) Pause Young (Allocation Failure)
[30.339s][info][gc,heap        ] GC(242) PSYoungGen: 343744K(346624K)->160K(346112K) Eden: 343552K(343552K)->0K(343552K) From: 192K(3072K)->160K(2560K)
[30.339s][info][gc,heap        ] GC(242) ParOldGen: 116957K(699392K)->116957K(699392K)
[30.339s][info][gc,metaspace   ] GC(242) Metaspace: 36067K(36416K)->36067K(36416K) NonClass: 31898K(32064K)->31898K(32064K) Class: 4168K(4352K)->4168K(4352K)
[30.339s][info][gc             ] GC(242) Pause Young (Allocation Failure) 449M->114M(1021M) 0.426ms
[30.339s][info][gc,cpu         ] GC(242) User=0.00s Sys=0.00s Real=0.00s
[30.432s][info][gc,start       ] GC(243) Pause Young (Allocation Failure)
[30.432s][info][gc,heap        ] GC(243) PSYoungGen: 343712K(346112K)->192K(346624K) Eden: 343552K(343552K)->0K(344064K) From: 160K(2560K)->192K(2560K)
[30.432s][info][gc,heap        ] GC(243) ParOldGen: 116957K(699392K)->116957K(699392K)
[30.432s][info][gc,metaspace   ] GC(243) Metaspace: 36068K(36480K)->36068K(36480K) NonClass: 31900K(32128K)->31900K(32128K) Class: 4168K(4352K)->4168K(4352K)
[30.432s][info][gc             ] GC(243) Pause Young (Allocation Failure) 449M->114M(1021M) 0.426ms
[30.432s][info][gc,cpu         ] GC(243) User=0.00s Sys=0.00s Real=0.00s
[30.790s][info][gc,start       ] GC(244) Pause Young (Allocation Failure)
[30.805s][info][gc,heap        ] GC(244) PSYoungGen: 342581K(346624K)->2556K(346624K) Eden: 342389K(344064K)->0K(344064K) From: 192K(2560K)->2556K(2560K)
[30.805s][info][gc,heap        ] GC(244) ParOldGen: 116957K(699392K)->153139K(699392K)
[30.805s][info][gc,metaspace   ] GC(244) Metaspace: 36068K(36480K)->36068K(36480K) NonClass: 31900K(32128K)->31900K(32128K) Class: 4168K(4352K)->4168K(4352K)
[30.805s][info][gc             ] GC(244) Pause Young (Allocation Failure) 448M->152M(1021M) 14.838ms
[30.805s][info][gc,cpu         ] GC(244) User=0.09s Sys=0.00s Real=0.02s
[31.121s][info][gc,start       ] GC(245) Pause Young (Allocation Failure)
[31.136s][info][gc,heap        ] GC(245) PSYoungGen: 346620K(346624K)->2550K(295424K) Eden: 344064K(344064K)->0K(292864K) From: 2556K(2560K)->2550K(2560K)
[31.136s][info][gc,heap        ] GC(245) ParOldGen: 153139K(699392K)->189830K(699392K)
[31.136s][info][gc,metaspace   ] GC(245) Metaspace: 36081K(36480K)->36081K(36480K) NonClass: 31913K(32128K)->31913K(32128K) Class: 4168K(4352K)->4168K(4352K)
[31.136s][info][gc             ] GC(245) Pause Young (Allocation Failure) 488M->187M(971M) 15.149ms
[31.136s][info][gc,cpu         ] GC(245) User=0.09s Sys=0.00s Real=0.02s
[31.419s][info][gc,start       ] GC(246) Pause Young (Allocation Failure)
[31.427s][info][gc,heap        ] GC(246) PSYoungGen: 295414K(295424K)->19325K(312320K) Eden: 292864K(292864K)->0K(292864K) From: 2550K(2560K)->19325K(19456K)
[31.427s][info][gc,heap        ] GC(246) ParOldGen: 189830K(699392K)->191595K(699392K)
[31.427s][info][gc,metaspace   ] GC(246) Metaspace: 36081K(36480K)->36081K(36480K) NonClass: 31913K(32128K)->31913K(32128K) Class: 4168K(4352K)->4168K(4352K)
[31.427s][info][gc             ] GC(246) Pause Young (Allocation Failure) 473M->205M(988M) 7.377ms
[31.427s][info][gc,cpu         ] GC(246) User=0.09s Sys=0.00s Real=0.01s
[31.696s][info][gc,start       ] GC(247) Pause Young (Allocation Failure)
[31.704s][info][gc,heap        ] GC(247) PSYoungGen: 309709K(312320K)->16260K(316928K) Eden: 290384K(292864K)->0K(286720K) From: 19325K(19456K)->16260K(30208K)
[31.704s][info][gc,heap        ] GC(247) ParOldGen: 191595K(699392K)->200855K(699392K)
[31.704s][info][gc,metaspace   ] GC(247) Metaspace: 36084K(36480K)->36084K(36480K) NonClass: 31915K(32128K)->31915K(32128K) Class: 4168K(4352K)->4168K(4352K)
[31.704s][info][gc             ] GC(247) Pause Young (Allocation Failure) 489M->212M(992M) 7.744ms
[31.704s][info][gc,cpu         ] GC(247) User=0.09s Sys=0.00s Real=0.01s
[31.957s][info][gc,start       ] GC(248) Pause Young (Allocation Failure)
[31.963s][info][gc,heap        ] GC(248) PSYoungGen: 302855K(316928K)->13134K(317952K) Eden: 286594K(286720K)->0K(286720K) From: 16260K(30208K)->13134K(31232K)
[31.963s][info][gc,heap        ] GC(248) ParOldGen: 200855K(699392K)->202704K(699392K)
[31.963s][info][gc,metaspace   ] GC(248) Metaspace: 36084K(36480K)->36084K(36480K) NonClass: 31915K(32128K)->31915K(32128K) Class: 4168K(4352K)->4168K(4352K)
[31.963s][info][gc             ] GC(248) Pause Young (Allocation Failure) 491M->210M(993M) 6.297ms
[31.963s][info][gc,cpu         ] GC(248) User=0.00s Sys=0.00s Real=0.01s
[32.207s][info][gc,start       ] GC(249) Pause Young (Allocation Failure)
[32.213s][info][gc,heap        ] GC(249) PSYoungGen: 298828K(317952K)->14588K(318976K) Eden: 285694K(286720K)->0K(288768K) From: 13134K(31232K)->14588K(30208K)
[32.213s][info][gc,heap        ] GC(249) ParOldGen: 202704K(699392K)->203771K(699392K)
[32.213s][info][gc,metaspace   ] GC(249) Metaspace: 36084K(36480K)->36084K(36480K) NonClass: 31915K(32128K)->31915K(32128K) Class: 4168K(4352K)->4168K(4352K)
[32.213s][info][gc             ] GC(249) Pause Young (Allocation Failure) 489M->213M(994M) 5.939ms
[32.213s][info][gc,cpu         ] GC(249) User=0.00s Sys=0.00s Real=0.01s
[32.457s][info][gc,start       ] GC(250) Pause Young (Allocation Failure)
[32.464s][info][gc,heap        ] GC(250) PSYoungGen: 298795K(318976K)->17373K(306176K) Eden: 284207K(288768K)->0K(288768K) From: 14588K(30208K)->17373K(17408K)
[32.464s][info][gc,heap        ] GC(250) ParOldGen: 203771K(699392K)->204511K(699392K)
[32.464s][info][gc,metaspace   ] GC(250) Metaspace: 36084K(36480K)->36084K(36480K) NonClass: 31915K(32128K)->31915K(32128K) Class: 4168K(4352K)->4168K(4352K)
[32.464s][info][gc             ] GC(250) Pause Young (Allocation Failure) 490M->216M(982M) 7.246ms
[32.464s][info][gc,cpu         ] GC(250) User=0.00s Sys=0.00s Real=0.01s
[32.717s][info][gc,start       ] GC(251) Pause Young (Allocation Failure)
[32.726s][info][gc,heap        ] GC(251) PSYoungGen: 306053K(306176K)->17336K(317440K) Eden: 288680K(288768K)->0K(286720K) From: 17373K(17408K)->17336K(30720K)
[32.726s][info][gc,heap        ] GC(251) ParOldGen: 204511K(699392K)->209302K(699392K)
[32.726s][info][gc,metaspace   ] GC(251) Metaspace: 36084K(36480K)->36084K(36480K) NonClass: 31915K(32128K)->31915K(32128K) Class: 4168K(4352K)->4168K(4352K)
[32.726s][info][gc             ] GC(251) Pause Young (Allocation Failure) 498M->221M(993M) 8.195ms
[32.726s][info][gc,cpu         ] GC(251) User=0.09s Sys=0.00s Real=0.01s
[32.978s][info][gc,start       ] GC(252) Pause Young (Allocation Failure)
[32.984s][info][gc,heap        ] GC(252) PSYoungGen: 304056K(317440K)->11128K(317952K) Eden: 286720K(286720K)->0K(286720K) From: 17336K(30720K)->11128K(31232K)
[32.984s][info][gc,heap        ] GC(252) ParOldGen: 209302K(699392K)->213786K(699392K)
[32.984s][info][gc,metaspace   ] GC(252) Metaspace: 36084K(36480K)->36084K(36480K) NonClass: 31915K(32128K)->31915K(32128K) Class: 4168K(4352K)->4168K(4352K)
[32.984s][info][gc             ] GC(252) Pause Young (Allocation Failure) 501M->219M(993M) 6.877ms
[32.984s][info][gc,cpu         ] GC(252) User=0.03s Sys=0.00s Real=0.01s
[33.212s][info][gc,start       ] GC(253) Pause Young (Allocation Failure)
[33.218s][info][gc,heap        ] GC(253) PSYoungGen: 296767K(317952K)->15074K(320512K) Eden: 285639K(286720K)->0K(291328K) From: 11128K(31232K)->15074K(29184K)
[33.218s][info][gc,heap        ] GC(253) ParOldGen: 213786K(699392K)->215568K(699392K)
[33.218s][info][gc,metaspace   ] GC(253) Metaspace: 36084K(36480K)->36084K(36480K) NonClass: 31915K(32128K)->31915K(32128K) Class: 4168K(4352K)->4168K(4352K)
[33.218s][info][gc             ] GC(253) Pause Young (Allocation Failure) 498M->225M(996M) 6.377ms
[33.218s][info][gc,cpu         ] GC(253) User=0.00s Sys=0.00s Real=0.01s
[33.449s][info][gc,start       ] GC(254) Pause Young (Allocation Failure)
[33.456s][info][gc,heap        ] GC(254) PSYoungGen: 306402K(320512K)->12245K(320000K) Eden: 291328K(291328K)->0K(291328K) From: 15074K(29184K)->12245K(28672K)
[33.456s][info][gc,heap        ] GC(254) ParOldGen: 215568K(699392K)->217742K(699392K)
[33.456s][info][gc,metaspace   ] GC(254) Metaspace: 36084K(36480K)->36084K(36480K) NonClass: 31915K(32128K)->31915K(32128K) Class: 4168K(4352K)->4168K(4352K)
[33.456s][info][gc             ] GC(254) Pause Young (Allocation Failure) 509M->224M(995M) 6.894ms
[33.456s][info][gc,cpu         ] GC(254) User=0.09s Sys=0.00s Real=0.01s
[33.708s][info][gc,start       ] GC(255) Pause Young (Allocation Failure)
[33.715s][info][gc,heap        ] GC(255) PSYoungGen: 302836K(320000K)->15213K(322560K) Eden: 290591K(291328K)->0K(295424K) From: 12245K(28672K)->15213K(27136K)
[33.715s][info][gc,heap        ] GC(255) ParOldGen: 217742K(699392K)->220579K(699392K)
[33.715s][info][gc,metaspace   ] GC(255) Metaspace: 36084K(36480K)->36084K(36480K) NonClass: 31915K(32128K)->31915K(32128K) Class: 4168K(4352K)->4168K(4352K)
[33.715s][info][gc             ] GC(255) Pause Young (Allocation Failure) 508M->230M(998M) 7.093ms
[33.715s][info][gc,cpu         ] GC(255) User=0.00s Sys=0.00s Real=0.01s
[33.849s][info][gc,start       ] GC(256) Pause Young (System.gc())
[33.854s][info][gc,heap        ] GC(256) PSYoungGen: 173932K(322560K)->9114K(322048K) Eden: 158718K(295424K)->0K(295424K) From: 15213K(27136K)->9114K(26624K)
[33.854s][info][gc,heap        ] GC(256) ParOldGen: 220579K(699392K)->224356K(699392K)
[33.854s][info][gc,metaspace   ] GC(256) Metaspace: 36086K(36480K)->36086K(36480K) NonClass: 31917K(32128K)->31917K(32128K) Class: 4168K(4352K)->4168K(4352K)
[33.854s][info][gc             ] GC(256) Pause Young (System.gc()) 385M->227M(997M) 4.629ms
[33.854s][info][gc,cpu         ] GC(256) User=0.00s Sys=0.00s Real=0.01s
[33.854s][info][gc,start       ] GC(257) Pause Full (System.gc())
[33.854s][info][gc,phases,start] GC(257) Marking Phase
[33.870s][info][gc,phases      ] GC(257) Marking Phase 15.545ms
[33.870s][info][gc,phases,start] GC(257) Summary Phase
[33.870s][info][gc,phases      ] GC(257) Summary Phase 0.012ms
[33.870s][info][gc,phases,start] GC(257) Adjust Roots
[33.873s][info][gc,phases      ] GC(257) Adjust Roots 3.687ms
[33.873s][info][gc,phases,start] GC(257) Compaction Phase
[33.884s][info][gc,phases      ] GC(257) Compaction Phase 10.520ms
[33.884s][info][gc,phases,start] GC(257) Post Compact
[33.885s][info][gc,phases      ] GC(257) Post Compact 1.032ms
[33.885s][info][gc,heap        ] GC(257) PSYoungGen: 9114K(322048K)->0K(322048K) Eden: 0K(295424K)->0K(295424K) From: 9114K(26624K)->0K(26624K)
[33.885s][info][gc,heap        ] GC(257) ParOldGen: 224356K(699392K)->114598K(699392K)
[33.885s][info][gc,metaspace   ] GC(257) Metaspace: 36086K(36480K)->36086K(36480K) NonClass: 31917K(32128K)->31917K(32128K) Class: 4168K(4352K)->4168K(4352K)
[33.885s][info][gc             ] GC(257) Pause Full (System.gc()) 227M->111M(997M) 31.106ms
[33.885s][info][gc,cpu         ] GC(257) User=0.19s Sys=0.00s Real=0.03s
[33.935s][info][gc,start       ] GC(258) Pause Young (Allocation Failure)
[33.935s][info][gc,heap        ] GC(258) PSYoungGen: 295424K(322048K)->192K(322048K) Eden: 295424K(295424K)->0K(295936K) From: 0K(26624K)->192K(26112K)
[33.935s][info][gc,heap        ] GC(258) ParOldGen: 114598K(699392K)->114598K(699392K)
[33.935s][info][gc,metaspace   ] GC(258) Metaspace: 36087K(36480K)->36087K(36480K) NonClass: 31919K(32128K)->31919K(32128K) Class: 4168K(4352K)->4168K(4352K)
[33.936s][info][gc             ] GC(258) Pause Young (Allocation Failure) 400M->112M(997M) 0.384ms
[33.936s][info][gc,cpu         ] GC(258) User=0.00s Sys=0.00s Real=0.00s
[33.980s][info][gc,start       ] GC(259) Pause Young (Allocation Failure)
[33.981s][info][gc,heap        ] GC(259) PSYoungGen: 296128K(322048K)->160K(296448K) Eden: 295936K(295936K)->0K(295936K) From: 192K(26112K)->160K(512K)
[33.981s][info][gc,heap        ] GC(259) ParOldGen: 114598K(699392K)->114646K(699392K)
[33.981s][info][gc,metaspace   ] GC(259) Metaspace: 36087K(36480K)->36087K(36480K) NonClass: 31919K(32128K)->31919K(32128K) Class: 4168K(4352K)->4168K(4352K)
[33.981s][info][gc             ] GC(259) Pause Young (Allocation Failure) 401M->112M(972M) 0.426ms
[33.981s][info][gc,cpu         ] GC(259) User=0.00s Sys=0.00s Real=0.00s
[34.026s][info][gc,start       ] GC(260) Pause Young (Allocation Failure)
[34.027s][info][gc,heap        ] GC(260) PSYoungGen: 296096K(296448K)->192K(322560K) Eden: 295936K(295936K)->0K(295424K) From: 160K(512K)->192K(27136K)
[34.027s][info][gc,heap        ] GC(260) ParOldGen: 114646K(699392K)->114646K(699392K)
[34.027s][info][gc,metaspace   ] GC(260) Metaspace: 36087K(36480K)->36087K(36480K) NonClass: 31919K(32128K)->31919K(32128K) Class: 4168K(4352K)->4168K(4352K)
[34.027s][info][gc             ] GC(260) Pause Young (Allocation Failure) 401M->112M(998M) 0.427ms
[34.027s][info][gc,cpu         ] GC(260) User=0.00s Sys=0.00s Real=0.00s
[34.072s][info][gc,start       ] GC(261) Pause Young (Allocation Failure)
[34.072s][info][gc,heap        ] GC(261) PSYoungGen: 295616K(322560K)->192K(322048K) Eden: 295424K(295424K)->0K(295424K) From: 192K(27136K)->192K(26624K)
[34.072s][info][gc,heap        ] GC(261) ParOldGen: 114646K(699392K)->114646K(699392K)
[34.072s][info][gc,metaspace   ] GC(261) Metaspace: 36087K(36480K)->36087K(36480K) NonClass: 31919K(32128K)->31919K(32128K) Class: 4168K(4352K)->4168K(4352K)
[34.072s][info][gc             ] GC(261) Pause Young (Allocation Failure) 400M->112M(997M) 0.396ms
[34.072s][info][gc,cpu         ] GC(261) User=0.00s Sys=0.00s Real=0.00s
[34.116s][info][gc,start       ] GC(262) Pause Young (Allocation Failure)
[34.117s][info][gc,heap        ] GC(262) PSYoungGen: 295616K(322048K)->192K(323072K) Eden: 295424K(295424K)->0K(296448K) From: 192K(26624K)->192K(26624K)
[34.117s][info][gc,heap        ] GC(262) ParOldGen: 114646K(699392K)->114646K(699392K)
[34.117s][info][gc,metaspace   ] GC(262) Metaspace: 36087K(36480K)->36087K(36480K) NonClass: 31919K(32128K)->31919K(32128K) Class: 4168K(4352K)->4168K(4352K)
[34.117s][info][gc             ] GC(262) Pause Young (Allocation Failure) 400M->112M(998M) 0.372ms
[34.117s][info][gc,cpu         ] GC(262) User=0.00s Sys=0.00s Real=0.00s
[34.162s][info][gc,start       ] GC(263) Pause Young (Allocation Failure)
[34.163s][info][gc,heap        ] GC(263) PSYoungGen: 296640K(323072K)->192K(322560K) Eden: 296448K(296448K)->0K(296448K) From: 192K(26624K)->192K(26112K)
[34.163s][info][gc,heap        ] GC(263) ParOldGen: 114646K(699392K)->114646K(699392K)
[34.163s][info][gc,metaspace   ] GC(263) Metaspace: 36087K(36480K)->36087K(36480K) NonClass: 31919K(32128K)->31919K(32128K) Class: 4168K(4352K)->4168K(4352K)
[34.163s][info][gc             ] GC(263) Pause Young (Allocation Failure) 401M->112M(998M) 0.409ms
[34.163s][info][gc,cpu         ] GC(263) User=0.00s Sys=0.00s Real=0.00s
[34.209s][info][gc,start       ] GC(264) Pause Young (Allocation Failure)
[34.209s][info][gc,heap        ] GC(264) PSYoungGen: 296640K(322560K)->192K(324608K) Eden: 296448K(296448K)->0K(299520K) From: 192K(26112K)->192K(25088K)
[34.209s][info][gc,heap        ] GC(264) ParOldGen: 114646K(699392K)->114646K(699392K)
[34.209s][info][gc,metaspace   ] GC(264) Metaspace: 36087K(36480K)->36087K(36480K) NonClass: 31919K(32128K)->31919K(32128K) Class: 4168K(4352K)->4168K(4352K)
[34.209s][info][gc             ] GC(264) Pause Young (Allocation Failure) 401M->112M(1000M) 0.364ms
[34.209s][info][gc,cpu         ] GC(264) User=0.00s Sys=0.00s Real=0.00s
[34.254s][info][gc,start       ] GC(265) Pause Young (Allocation Failure)
[34.254s][info][gc,heap        ] GC(265) PSYoungGen: 299712K(324608K)->192K(324096K) Eden: 299520K(299520K)->0K(299520K) From: 192K(25088K)->192K(24576K)
[34.254s][info][gc,heap        ] GC(265) ParOldGen: 114646K(699392K)->114646K(699392K)
[34.254s][info][gc,metaspace   ] GC(265) Metaspace: 36087K(36480K)->36087K(36480K) NonClass: 31919K(32128K)->31919K(32128K) Class: 4168K(4352K)->4168K(4352K)
[34.254s][info][gc             ] GC(265) Pause Young (Allocation Failure) 404M->112M(999M) 0.396ms
[34.255s][info][gc,cpu         ] GC(265) User=0.00s Sys=0.00s Real=0.00s
[34.299s][info][gc,start       ] GC(266) Pause Young (Allocation Failure)
[34.300s][info][gc,heap        ] GC(266) PSYoungGen: 299712K(324096K)->192K(326656K) Eden: 299520K(299520K)->0K(303104K) From: 192K(24576K)->192K(23552K)
[34.300s][info][gc,heap        ] GC(266) ParOldGen: 114646K(699392K)->114646K(699392K)
[34.300s][info][gc,metaspace   ] GC(266) Metaspace: 36087K(36480K)->36087K(36480K) NonClass: 31919K(32128K)->31919K(32128K) Class: 4168K(4352K)->4168K(4352K)
[34.300s][info][gc             ] GC(266) Pause Young (Allocation Failure) 404M->112M(1002M) 0.358ms
[34.300s][info][gc,cpu         ] GC(266) User=0.00s Sys=0.00s Real=0.00s
[34.345s][info][gc,start       ] GC(267) Pause Young (Allocation Failure)
[34.345s][info][gc,heap        ] GC(267) PSYoungGen: 303296K(326656K)->192K(325632K) Eden: 303104K(303104K)->0K(303104K) From: 192K(23552K)->192K(22528K)
[34.345s][info][gc,heap        ] GC(267) ParOldGen: 114646K(699392K)->114646K(699392K)
[34.345s][info][gc,metaspace   ] GC(267) Metaspace: 36087K(36480K)->36087K(36480K) NonClass: 31919K(32128K)->31919K(32128K) Class: 4168K(4352K)->4168K(4352K)
[34.345s][info][gc             ] GC(267) Pause Young (Allocation Failure) 408M->112M(1001M) 0.383ms
[34.345s][info][gc,cpu         ] GC(267) User=0.00s Sys=0.00s Real=0.00s
[34.391s][info][gc,start       ] GC(268) Pause Young (Allocation Failure)
[34.392s][info][gc,heap        ] GC(268) PSYoungGen: 303296K(325632K)->192K(328704K) Eden: 303104K(303104K)->0K(307200K) From: 192K(22528K)->192K(21504K)
[34.392s][info][gc,heap        ] GC(268) ParOldGen: 114646K(699392K)->114646K(699392K)
[34.392s][info][gc,metaspace   ] GC(268) Metaspace: 36087K(36480K)->36087K(36480K) NonClass: 31919K(32128K)->31919K(32128K) Class: 4168K(4352K)->4168K(4352K)
[34.392s][info][gc             ] GC(268) Pause Young (Allocation Failure) 408M->112M(1004M) 0.387ms
[34.392s][info][gc,cpu         ] GC(268) User=0.00s Sys=0.00s Real=0.00s
[34.439s][info][gc,start       ] GC(269) Pause Young (Allocation Failure)
[34.440s][info][gc,heap        ] GC(269) PSYoungGen: 307392K(328704K)->160K(327680K) Eden: 307200K(307200K)->0K(307200K) From: 192K(21504K)->160K(20480K)
[34.440s][info][gc,heap        ] GC(269) ParOldGen: 114646K(699392K)->114646K(699392K)
[34.440s][info][gc,metaspace   ] GC(269) Metaspace: 36087K(36480K)->36087K(36480K) NonClass: 31919K(32128K)->31919K(32128K) Class: 4168K(4352K)->4168K(4352K)
[34.440s][info][gc             ] GC(269) Pause Young (Allocation Failure) 412M->112M(1003M) 0.382ms
[34.440s][info][gc,cpu         ] GC(269) User=0.00s Sys=0.00s Real=0.00s
[34.489s][info][gc,start       ] GC(270) Pause Young (Allocation Failure)
[34.489s][info][gc,heap        ] GC(270) PSYoungGen: 307360K(327680K)->192K(330752K) Eden: 307200K(307200K)->0K(311296K) From: 160K(20480K)->192K(19456K)
[34.489s][info][gc,heap        ] GC(270) ParOldGen: 114646K(699392K)->114646K(699392K)
[34.489s][info][gc,metaspace   ] GC(270) Metaspace: 36087K(36480K)->36087K(36480K) NonClass: 31919K(32128K)->31919K(32128K) Class: 4168K(4352K)->4168K(4352K)
[34.489s][info][gc             ] GC(270) Pause Young (Allocation Failure) 412M->112M(1006M) 0.362ms
[34.489s][info][gc,cpu         ] GC(270) User=0.00s Sys=0.00s Real=0.00s
[34.537s][info][gc,start       ] GC(271) Pause Young (Allocation Failure)
[34.537s][info][gc,heap        ] GC(271) PSYoungGen: 311488K(330752K)->160K(329728K) Eden: 311296K(311296K)->0K(311296K) From: 192K(19456K)->160K(18432K)
[34.537s][info][gc,heap        ] GC(271) ParOldGen: 114646K(699392K)->114646K(699392K)
[34.537s][info][gc,metaspace   ] GC(271) Metaspace: 36087K(36480K)->36087K(36480K) NonClass: 31919K(32128K)->31919K(32128K) Class: 4168K(4352K)->4168K(4352K)
[34.537s][info][gc             ] GC(271) Pause Young (Allocation Failure) 416M->112M(1005M) 0.495ms
[34.537s][info][gc,cpu         ] GC(271) User=0.00s Sys=0.00s Real=0.00s
[34.594s][info][gc,start       ] GC(272) Pause Young (Allocation Failure)
[34.594s][info][gc,heap        ] GC(272) PSYoungGen: 311456K(329728K)->192K(332288K) Eden: 311296K(311296K)->0K(314880K) From: 160K(18432K)->192K(17408K)
[34.594s][info][gc,heap        ] GC(272) ParOldGen: 114646K(699392K)->114646K(699392K)
[34.594s][info][gc,metaspace   ] GC(272) Metaspace: 36087K(36480K)->36087K(36480K) NonClass: 31919K(32128K)->31919K(32128K) Class: 4168K(4352K)->4168K(4352K)
[34.594s][info][gc             ] GC(272) Pause Young (Allocation Failure) 416M->112M(1007M) 0.467ms
[34.594s][info][gc,cpu         ] GC(272) User=0.00s Sys=0.00s Real=0.00s
[34.657s][info][gc,start       ] GC(273) Pause Young (Allocation Failure)
[34.657s][info][gc,heap        ] GC(273) PSYoungGen: 315072K(332288K)->192K(331776K) Eden: 314880K(314880K)->0K(314880K) From: 192K(17408K)->192K(16896K)
[34.657s][info][gc,heap        ] GC(273) ParOldGen: 114646K(699392K)->114694K(699392K)
[34.657s][info][gc,metaspace   ] GC(273) Metaspace: 36087K(36480K)->36087K(36480K) NonClass: 31919K(32128K)->31919K(32128K) Class: 4168K(4352K)->4168K(4352K)
[34.657s][info][gc             ] GC(273) Pause Young (Allocation Failure) 419M->112M(1007M) 0.412ms
[34.657s][info][gc,cpu         ] GC(273) User=0.00s Sys=0.00s Real=0.00s
[34.718s][info][gc,start       ] GC(274) Pause Young (Allocation Failure)
[34.719s][info][gc,heap        ] GC(274) PSYoungGen: 315072K(331776K)->192K(334336K) Eden: 314880K(314880K)->0K(318464K) From: 192K(16896K)->192K(15872K)
[34.719s][info][gc,heap        ] GC(274) ParOldGen: 114694K(699392K)->114694K(699392K)
[34.719s][info][gc,metaspace   ] GC(274) Metaspace: 36087K(36480K)->36087K(36480K) NonClass: 31919K(32128K)->31919K(32128K) Class: 4168K(4352K)->4168K(4352K)
[34.719s][info][gc             ] GC(274) Pause Young (Allocation Failure) 419M->112M(1009M) 0.391ms
[34.719s][info][gc,cpu         ] GC(274) User=0.02s Sys=0.00s Real=0.00s
[34.781s][info][gc,start       ] GC(275) Pause Young (Allocation Failure)
[34.781s][info][gc,heap        ] GC(275) PSYoungGen: 318656K(334336K)->192K(333312K) Eden: 318464K(318464K)->0K(318464K) From: 192K(15872K)->192K(14848K)
[34.781s][info][gc,heap        ] GC(275) ParOldGen: 114694K(699392K)->114694K(699392K)
[34.781s][info][gc,metaspace   ] GC(275) Metaspace: 36087K(36480K)->36087K(36480K) NonClass: 31919K(32128K)->31919K(32128K) Class: 4168K(4352K)->4168K(4352K)
[34.781s][info][gc             ] GC(275) Pause Young (Allocation Failure) 423M->112M(1008M) 0.424ms
[34.781s][info][gc,cpu         ] GC(275) User=0.09s Sys=0.00s Real=0.00s
[34.842s][info][gc,start       ] GC(276) Pause Young (Allocation Failure)
[34.842s][info][gc,heap        ] GC(276) PSYoungGen: 318656K(333312K)->192K(336384K) Eden: 318464K(318464K)->0K(322560K) From: 192K(14848K)->192K(13824K)
[34.842s][info][gc,heap        ] GC(276) ParOldGen: 114694K(699392K)->114694K(699392K)
[34.842s][info][gc,metaspace   ] GC(276) Metaspace: 36087K(36480K)->36087K(36480K) NonClass: 31919K(32128K)->31919K(32128K) Class: 4168K(4352K)->4168K(4352K)
[34.842s][info][gc             ] GC(276) Pause Young (Allocation Failure) 423M->112M(1011M) 0.415ms
[34.842s][info][gc,cpu         ] GC(276) User=0.00s Sys=0.00s Real=0.00s
[34.906s][info][gc,start       ] GC(277) Pause Young (Allocation Failure)
[34.906s][info][gc,heap        ] GC(277) PSYoungGen: 322752K(336384K)->192K(335360K) Eden: 322560K(322560K)->0K(322560K) From: 192K(13824K)->192K(12800K)
[34.906s][info][gc,heap        ] GC(277) ParOldGen: 114694K(699392K)->114694K(699392K)
[34.906s][info][gc,metaspace   ] GC(277) Metaspace: 36087K(36480K)->36087K(36480K) NonClass: 31919K(32128K)->31919K(32128K) Class: 4168K(4352K)->4168K(4352K)
[34.906s][info][gc             ] GC(277) Pause Young (Allocation Failure) 427M->112M(1010M) 0.421ms
[34.906s][info][gc,cpu         ] GC(277) User=0.02s Sys=0.00s Real=0.00s
[34.966s][info][gc,start       ] GC(278) Pause Young (Allocation Failure)
[34.967s][info][gc,heap        ] GC(278) PSYoungGen: 322752K(335360K)->160K(337920K) Eden: 322560K(322560K)->0K(325632K) From: 192K(12800K)->160K(12288K)
[34.967s][info][gc,heap        ] GC(278) ParOldGen: 114694K(699392K)->114694K(699392K)
[34.967s][info][gc,metaspace   ] GC(278) Metaspace: 36087K(36480K)->36087K(36480K) NonClass: 31919K(32128K)->31919K(32128K) Class: 4168K(4352K)->4168K(4352K)
[34.967s][info][gc             ] GC(278) Pause Young (Allocation Failure) 427M->112M(1013M) 0.559ms
[34.967s][info][gc,cpu         ] GC(278) User=0.00s Sys=0.00s Real=0.00s
[35.028s][info][gc,start       ] GC(279) Pause Young (Allocation Failure)
[35.028s][info][gc,heap        ] GC(279) PSYoungGen: 325792K(337920K)->192K(336896K) Eden: 325632K(325632K)->0K(325632K) From: 160K(12288K)->192K(11264K)
[35.028s][info][gc,heap        ] GC(279) ParOldGen: 114694K(699392K)->114694K(699392K)
[35.028s][info][gc,metaspace   ] GC(279) Metaspace: 36087K(36480K)->36087K(36480K) NonClass: 31919K(32128K)->31919K(32128K) Class: 4168K(4352K)->4168K(4352K)
[35.028s][info][gc             ] GC(279) Pause Young (Allocation Failure) 430M->112M(1012M) 0.416ms
[35.028s][info][gc,cpu         ] GC(279) User=0.00s Sys=0.00s Real=0.00s
[35.088s][info][gc,start       ] GC(280) Pause Young (Allocation Failure)
[35.089s][info][gc,heap        ] GC(280) PSYoungGen: 325824K(336896K)->160K(339456K) Eden: 325632K(325632K)->0K(328704K) From: 192K(11264K)->160K(10752K)
[35.089s][info][gc,heap        ] GC(280) ParOldGen: 114694K(699392K)->114694K(699392K)
[35.089s][info][gc,metaspace   ] GC(280) Metaspace: 36087K(36480K)->36087K(36480K) NonClass: 31919K(32128K)->31919K(32128K) Class: 4168K(4352K)->4168K(4352K)
[35.089s][info][gc             ] GC(280) Pause Young (Allocation Failure) 430M->112M(1014M) 0.554ms
[35.089s][info][gc,cpu         ] GC(280) User=0.00s Sys=0.00s Real=0.00s
[35.151s][info][gc,start       ] GC(281) Pause Young (Allocation Failure)
[35.151s][info][gc,heap        ] GC(281) PSYoungGen: 328864K(339456K)->192K(338432K) Eden: 328704K(328704K)->0K(328704K) From: 160K(10752K)->192K(9728K)
[35.151s][info][gc,heap        ] GC(281) ParOldGen: 114694K(699392K)->114694K(699392K)
[35.151s][info][gc,metaspace   ] GC(281) Metaspace: 36087K(36480K)->36087K(36480K) NonClass: 31919K(32128K)->31919K(32128K) Class: 4168K(4352K)->4168K(4352K)
[35.151s][info][gc             ] GC(281) Pause Young (Allocation Failure) 433M->112M(1013M) 0.387ms
[35.151s][info][gc,cpu         ] GC(281) User=0.00s Sys=0.00s Real=0.00s
[35.213s][info][gc,start       ] GC(282) Pause Young (Allocation Failure)
[35.213s][info][gc,heap        ] GC(282) PSYoungGen: 328896K(338432K)->192K(340480K) Eden: 328704K(328704K)->0K(331264K) From: 192K(9728K)->192K(9216K)
[35.213s][info][gc,heap        ] GC(282) ParOldGen: 114694K(699392K)->114694K(699392K)
[35.213s][info][gc,metaspace   ] GC(282) Metaspace: 36087K(36480K)->36087K(36480K) NonClass: 31919K(32128K)->31919K(32128K) Class: 4168K(4352K)->4168K(4352K)
[35.213s][info][gc             ] GC(282) Pause Young (Allocation Failure) 433M->112M(1015M) 0.372ms
[35.213s][info][gc,cpu         ] GC(282) User=0.00s Sys=0.00s Real=0.00s
[35.278s][info][gc,start       ] GC(283) Pause Young (Allocation Failure)
[35.278s][info][gc,heap        ] GC(283) PSYoungGen: 331456K(340480K)->192K(339968K) Eden: 331264K(331264K)->0K(331264K) From: 192K(9216K)->192K(8704K)
[35.278s][info][gc,heap        ] GC(283) ParOldGen: 114694K(699392K)->114694K(699392K)
[35.278s][info][gc,metaspace   ] GC(283) Metaspace: 36087K(36480K)->36087K(36480K) NonClass: 31919K(32128K)->31919K(32128K) Class: 4168K(4352K)->4168K(4352K)
[35.278s][info][gc             ] GC(283) Pause Young (Allocation Failure) 435M->112M(1015M) 0.422ms
[35.278s][info][gc,cpu         ] GC(283) User=0.00s Sys=0.00s Real=0.00s
[35.339s][info][gc,start       ] GC(284) Pause Young (Allocation Failure)
[35.339s][info][gc,heap        ] GC(284) PSYoungGen: 331456K(339968K)->160K(341504K) Eden: 331264K(331264K)->0K(333312K) From: 192K(8704K)->160K(8192K)
[35.339s][info][gc,heap        ] GC(284) ParOldGen: 114694K(699392K)->114694K(699392K)
[35.339s][info][gc,metaspace   ] GC(284) Metaspace: 36087K(36480K)->36087K(36480K) NonClass: 31919K(32128K)->31919K(32128K) Class: 4168K(4352K)->4168K(4352K)
[35.339s][info][gc             ] GC(284) Pause Young (Allocation Failure) 435M->112M(1016M) 0.398ms
[35.339s][info][gc,cpu         ] GC(284) User=0.00s Sys=0.00s Real=0.00s
[35.402s][info][gc,start       ] GC(285) Pause Young (Allocation Failure)
[35.402s][info][gc,heap        ] GC(285) PSYoungGen: 333472K(341504K)->192K(340992K) Eden: 333312K(333312K)->0K(333312K) From: 160K(8192K)->192K(7680K)
[35.402s][info][gc,heap        ] GC(285) ParOldGen: 114694K(699392K)->114694K(699392K)
[35.402s][info][gc,metaspace   ] GC(285) Metaspace: 36087K(36480K)->36087K(36480K) NonClass: 31919K(32128K)->31919K(32128K) Class: 4168K(4352K)->4168K(4352K)
[35.402s][info][gc             ] GC(285) Pause Young (Allocation Failure) 437M->112M(1016M) 0.431ms
[35.402s][info][gc,cpu         ] GC(285) User=0.00s Sys=0.00s Real=0.00s
[35.465s][info][gc,start       ] GC(286) Pause Young (Allocation Failure)
[35.465s][info][gc,heap        ] GC(286) PSYoungGen: 333504K(340992K)->160K(342528K) Eden: 333312K(333312K)->0K(335360K) From: 192K(7680K)->160K(7168K)
[35.465s][info][gc,heap        ] GC(286) ParOldGen: 114694K(699392K)->114694K(699392K)
[35.465s][info][gc,metaspace   ] GC(286) Metaspace: 36087K(36480K)->36087K(36480K) NonClass: 31919K(32128K)->31919K(32128K) Class: 4168K(4352K)->4168K(4352K)
[35.465s][info][gc             ] GC(286) Pause Young (Allocation Failure) 437M->112M(1017M) 0.392ms
[35.465s][info][gc,cpu         ] GC(286) User=0.00s Sys=0.00s Real=0.00s
[35.530s][info][gc,start       ] GC(287) Pause Young (Allocation Failure)
[35.530s][info][gc,heap        ] GC(287) PSYoungGen: 335520K(342528K)->192K(342016K) Eden: 335360K(335360K)->0K(335360K) From: 160K(7168K)->192K(6656K)
[35.530s][info][gc,heap        ] GC(287) ParOldGen: 114694K(699392K)->114694K(699392K)
[35.530s][info][gc,metaspace   ] GC(287) Metaspace: 36087K(36480K)->36087K(36480K) NonClass: 31919K(32128K)->31919K(32128K) Class: 4168K(4352K)->4168K(4352K)
[35.530s][info][gc             ] GC(287) Pause Young (Allocation Failure) 439M->112M(1017M) 0.433ms
[35.530s][info][gc,cpu         ] GC(287) User=0.00s Sys=0.00s Real=0.00s
[35.594s][info][gc,start       ] GC(288) Pause Young (Allocation Failure)
[35.594s][info][gc,heap        ] GC(288) PSYoungGen: 335552K(342016K)->192K(343552K) Eden: 335360K(335360K)->0K(337408K) From: 192K(6656K)->192K(6144K)
[35.594s][info][gc,heap        ] GC(288) ParOldGen: 114694K(699392K)->114694K(699392K)
[35.594s][info][gc,metaspace   ] GC(288) Metaspace: 36087K(36480K)->36087K(36480K) NonClass: 31919K(32128K)->31919K(32128K) Class: 4168K(4352K)->4168K(4352K)
[35.594s][info][gc             ] GC(288) Pause Young (Allocation Failure) 439M->112M(1018M) 0.458ms
[35.594s][info][gc,cpu         ] GC(288) User=0.00s Sys=0.00s Real=0.00s
[35.660s][info][gc,start       ] GC(289) Pause Young (Allocation Failure)
[35.660s][info][gc,heap        ] GC(289) PSYoungGen: 337600K(343552K)->192K(343040K) Eden: 337408K(337408K)->0K(337408K) From: 192K(6144K)->192K(5632K)
[35.660s][info][gc,heap        ] GC(289) ParOldGen: 114694K(699392K)->114694K(699392K)
[35.660s][info][gc,metaspace   ] GC(289) Metaspace: 36087K(36480K)->36087K(36480K) NonClass: 31919K(32128K)->31919K(32128K) Class: 4168K(4352K)->4168K(4352K)
[35.660s][info][gc             ] GC(289) Pause Young (Allocation Failure) 441M->112M(1018M) 0.393ms
[35.660s][info][gc,cpu         ] GC(289) User=0.00s Sys=0.00s Real=0.00s
[35.725s][info][gc,start       ] GC(290) Pause Young (Allocation Failure)
[35.725s][info][gc,heap        ] GC(290) PSYoungGen: 337600K(343040K)->192K(344576K) Eden: 337408K(337408K)->0K(339456K) From: 192K(5632K)->192K(5120K)
[35.725s][info][gc,heap        ] GC(290) ParOldGen: 114694K(699392K)->114694K(699392K)
[35.725s][info][gc,metaspace   ] GC(290) Metaspace: 36087K(36480K)->36087K(36480K) NonClass: 31919K(32128K)->31919K(32128K) Class: 4168K(4352K)->4168K(4352K)
[35.725s][info][gc             ] GC(290) Pause Young (Allocation Failure) 441M->112M(1019M) 0.426ms
[35.725s][info][gc,cpu         ] GC(290) User=0.00s Sys=0.00s Real=0.00s
[35.789s][info][gc,start       ] GC(291) Pause Young (Allocation Failure)
[35.789s][info][gc,heap        ] GC(291) PSYoungGen: 339648K(344576K)->160K(344064K) Eden: 339456K(339456K)->0K(339456K) From: 192K(5120K)->160K(4608K)
[35.789s][info][gc,heap        ] GC(291) ParOldGen: 114694K(699392K)->114694K(699392K)
[35.789s][info][gc,metaspace   ] GC(291) Metaspace: 36087K(36480K)->36087K(36480K) NonClass: 31919K(32128K)->31919K(32128K) Class: 4168K(4352K)->4168K(4352K)
[35.789s][info][gc             ] GC(291) Pause Young (Allocation Failure) 443M->112M(1019M) 0.458ms
[35.789s][info][gc,cpu         ] GC(291) User=0.00s Sys=0.00s Real=0.00s
[35.855s][info][gc,start       ] GC(292) Pause Young (Allocation Failure)
[35.855s][info][gc,heap        ] GC(292) PSYoungGen: 339616K(344064K)->192K(345088K) Eden: 339456K(339456K)->0K(340480K) From: 160K(4608K)->192K(4608K)
[35.855s][info][gc,heap        ] GC(292) ParOldGen: 114694K(699392K)->114694K(699392K)
[35.855s][info][gc,metaspace   ] GC(292) Metaspace: 36087K(36480K)->36087K(36480K) NonClass: 31919K(32128K)->31919K(32128K) Class: 4168K(4352K)->4168K(4352K)
[35.855s][info][gc             ] GC(292) Pause Young (Allocation Failure) 443M->112M(1020M) 0.382ms
[35.855s][info][gc,cpu         ] GC(292) User=0.00s Sys=0.00s Real=0.00s
[35.919s][info][gc,start       ] GC(293) Pause Young (Allocation Failure)
[35.920s][info][gc,heap        ] GC(293) PSYoungGen: 340672K(345088K)->192K(344576K) Eden: 340480K(340480K)->0K(340480K) From: 192K(4608K)->192K(4096K)
[35.920s][info][gc,heap        ] GC(293) ParOldGen: 114694K(699392K)->114694K(699392K)
[35.920s][info][gc,metaspace   ] GC(293) Metaspace: 36087K(36480K)->36087K(36480K) NonClass: 31919K(32128K)->31919K(32128K) Class: 4168K(4352K)->4168K(4352K)
[35.920s][info][gc             ] GC(293) Pause Young (Allocation Failure) 444M->112M(1019M) 0.426ms
[35.920s][info][gc,cpu         ] GC(293) User=0.00s Sys=0.00s Real=0.00s
[35.986s][info][gc,start       ] GC(294) Pause Young (Allocation Failure)
[35.986s][info][gc,heap        ] GC(294) PSYoungGen: 340672K(344576K)->192K(345600K) Eden: 340480K(340480K)->0K(341504K) From: 192K(4096K)->192K(4096K)
[35.986s][info][gc,heap        ] GC(294) ParOldGen: 114694K(699392K)->114694K(699392K)
[35.987s][info][gc,metaspace   ] GC(294) Metaspace: 36087K(36480K)->36087K(36480K) NonClass: 31919K(32128K)->31919K(32128K) Class: 4168K(4352K)->4168K(4352K)
[35.987s][info][gc             ] GC(294) Pause Young (Allocation Failure) 444M->112M(1020M) 0.425ms
[35.987s][info][gc,cpu         ] GC(294) User=0.00s Sys=0.00s Real=0.00s
[36.051s][info][gc,start       ] GC(295) Pause Young (Allocation Failure)
[36.051s][info][gc,heap        ] GC(295) PSYoungGen: 341696K(345600K)->192K(345088K) Eden: 341504K(341504K)->0K(341504K) From: 192K(4096K)->192K(3584K)
[36.051s][info][gc,heap        ] GC(295) ParOldGen: 114694K(699392K)->114694K(699392K)
[36.051s][info][gc,metaspace   ] GC(295) Metaspace: 36087K(36480K)->36087K(36480K) NonClass: 31919K(32128K)->31919K(32128K) Class: 4168K(4352K)->4168K(4352K)
[36.052s][info][gc             ] GC(295) Pause Young (Allocation Failure) 445M->112M(1020M) 0.466ms
[36.052s][info][gc,cpu         ] GC(295) User=0.00s Sys=0.00s Real=0.00s
[36.117s][info][gc,start       ] GC(296) Pause Young (Allocation Failure)
[36.118s][info][gc,heap        ] GC(296) PSYoungGen: 341696K(345088K)->160K(346112K) Eden: 341504K(341504K)->0K(342528K) From: 192K(3584K)->160K(3584K)
[36.118s][info][gc,heap        ] GC(296) ParOldGen: 114694K(699392K)->114694K(699392K)
[36.118s][info][gc,metaspace   ] GC(296) Metaspace: 36087K(36480K)->36087K(36480K) NonClass: 31919K(32128K)->31919K(32128K) Class: 4168K(4352K)->4168K(4352K)
[36.118s][info][gc             ] GC(296) Pause Young (Allocation Failure) 445M->112M(1021M) 0.464ms
[36.118s][info][gc,cpu         ] GC(296) User=0.00s Sys=0.00s Real=0.00s
[36.184s][info][gc,start       ] GC(297) Pause Young (Allocation Failure)
[36.185s][info][gc,heap        ] GC(297) PSYoungGen: 342688K(346112K)->192K(345600K) Eden: 342528K(342528K)->0K(342528K) From: 160K(3584K)->192K(3072K)
[36.185s][info][gc,heap        ] GC(297) ParOldGen: 114694K(699392K)->114694K(699392K)
[36.185s][info][gc,metaspace   ] GC(297) Metaspace: 36087K(36480K)->36087K(36480K) NonClass: 31919K(32128K)->31919K(32128K) Class: 4168K(4352K)->4168K(4352K)
[36.185s][info][gc             ] GC(297) Pause Young (Allocation Failure) 446M->112M(1020M) 0.364ms
[36.185s][info][gc,cpu         ] GC(297) User=0.00s Sys=0.00s Real=0.00s
[36.253s][info][gc,start       ] GC(298) Pause Young (Allocation Failure)
[36.253s][info][gc,heap        ] GC(298) PSYoungGen: 342720K(345600K)->160K(346624K) Eden: 342528K(342528K)->0K(343552K) From: 192K(3072K)->160K(3072K)
[36.253s][info][gc,heap        ] GC(298) ParOldGen: 114694K(699392K)->114694K(699392K)
[36.253s][info][gc,metaspace   ] GC(298) Metaspace: 36087K(36480K)->36087K(36480K) NonClass: 31919K(32128K)->31919K(32128K) Class: 4168K(4352K)->4168K(4352K)
[36.253s][info][gc             ] GC(298) Pause Young (Allocation Failure) 446M->112M(1021M) 0.480ms
[36.253s][info][gc,cpu         ] GC(298) User=0.00s Sys=0.00s Real=0.00s
[36.335s][info][gc,start       ] GC(299) Pause Young (Allocation Failure)
[36.335s][info][gc,heap        ] GC(299) PSYoungGen: 343712K(346624K)->192K(346112K) Eden: 343552K(343552K)->0K(343552K) From: 160K(3072K)->192K(2560K)
[36.335s][info][gc,heap        ] GC(299) ParOldGen: 114694K(699392K)->114694K(699392K)
[36.335s][info][gc,metaspace   ] GC(299) Metaspace: 36088K(36480K)->36088K(36480K) NonClass: 31919K(32128K)->31919K(32128K) Class: 4168K(4352K)->4168K(4352K)
[36.335s][info][gc             ] GC(299) Pause Young (Allocation Failure) 447M->112M(1021M) 0.426ms
[36.335s][info][gc,cpu         ] GC(299) User=0.00s Sys=0.00s Real=0.00s
[36.629s][info][gc,start       ] GC(300) Pause Young (Allocation Failure)
[36.639s][info][gc,heap        ] GC(300) PSYoungGen: 338695K(346112K)->2560K(324096K) Eden: 338503K(343552K)->0K(321536K) From: 192K(2560K)->2560K(2560K)
[36.639s][info][gc,heap        ] GC(300) ParOldGen: 114694K(699392K)->143153K(699392K)
[36.639s][info][gc,metaspace   ] GC(300) Metaspace: 36088K(36480K)->36088K(36480K) NonClass: 31919K(32128K)->31919K(32128K) Class: 4168K(4352K)->4168K(4352K)
[36.639s][info][gc             ] GC(300) Pause Young (Allocation Failure) 442M->142M(999M) 9.927ms
[36.639s][info][gc,cpu         ] GC(300) User=0.00s Sys=0.00s Real=0.01s
[36.935s][info][gc,start       ] GC(301) Pause Young (Allocation Failure)
[36.943s][info][gc,heap        ] GC(301) PSYoungGen: 322668K(324096K)->13811K(335360K) Eden: 320108K(321536K)->0K(321536K) From: 2560K(2560K)->13811K(13824K)
[36.943s][info][gc,heap        ] GC(301) ParOldGen: 143153K(699392K)->155576K(699392K)
[36.943s][info][gc,metaspace   ] GC(301) Metaspace: 36088K(36480K)->36088K(36480K) NonClass: 31919K(32128K)->31919K(32128K) Class: 4168K(4352K)->4168K(4352K)
[36.943s][info][gc             ] GC(301) Pause Young (Allocation Failure) 454M->165M(1010M) 8.503ms
[36.943s][info][gc,cpu         ] GC(301) User=0.09s Sys=0.00s Real=0.01s
[37.230s][info][gc,start       ] GC(302) Pause Young (Allocation Failure)
[37.243s][info][gc,heap        ] GC(302) PSYoungGen: 328698K(335360K)->13824K(293376K) Eden: 314887K(321536K)->0K(279552K) From: 13811K(13824K)->13824K(13824K)
[37.243s][info][gc,heap        ] GC(302) ParOldGen: 155576K(699392K)->188127K(699392K)
[37.243s][info][gc,metaspace   ] GC(302) Metaspace: 36089K(36480K)->36089K(36480K) NonClass: 31920K(32128K)->31920K(32128K) Class: 4168K(4352K)->4168K(4352K)
[37.243s][info][gc             ] GC(302) Pause Young (Allocation Failure) 472M->197M(969M) 13.865ms
[37.243s][info][gc,cpu         ] GC(302) User=0.09s Sys=0.00s Real=0.02s
[37.503s][info][gc,start       ] GC(303) Pause Young (Allocation Failure)
[37.512s][info][gc,heap        ] GC(303) PSYoungGen: 289760K(293376K)->20335K(300032K) Eden: 275936K(279552K)->0K(279552K) From: 13824K(13824K)->20335K(20480K)
[37.512s][info][gc,heap        ] GC(303) ParOldGen: 188127K(699392K)->197703K(699392K)
[37.513s][info][gc,metaspace   ] GC(303) Metaspace: 36105K(36480K)->36105K(36480K) NonClass: 31936K(32128K)->31936K(32128K) Class: 4168K(4352K)->4168K(4352K)
[37.513s][info][gc             ] GC(303) Pause Young (Allocation Failure) 466M->212M(976M) 9.455ms
[37.513s][info][gc,cpu         ] GC(303) User=0.00s Sys=0.00s Real=0.01s
[37.749s][info][gc,start       ] GC(304) Pause Young (Allocation Failure)
[37.756s][info][gc,heap        ] GC(304) PSYoungGen: 294255K(300032K)->20184K(311808K) Eden: 273919K(279552K)->0K(275456K) From: 20335K(20480K)->20184K(36352K)
[37.756s][info][gc,heap        ] GC(304) ParOldGen: 197703K(699392K)->202081K(699392K)
[37.756s][info][gc,metaspace   ] GC(304) Metaspace: 36105K(36480K)->36105K(36480K) NonClass: 31936K(32128K)->31936K(32128K) Class: 4168K(4352K)->4168K(4352K)
[37.756s][info][gc             ] GC(304) Pause Young (Allocation Failure) 480M->217M(987M) 7.440ms
[37.756s][info][gc,cpu         ] GC(304) User=0.09s Sys=0.00s Real=0.01s
[38.005s][info][gc,start       ] GC(305) Pause Young (Allocation Failure)
[38.011s][info][gc,heap        ] GC(305) PSYoungGen: 291468K(311808K)->16127K(312320K) Eden: 271283K(275456K)->0K(275456K) From: 20184K(36352K)->16127K(36864K)
[38.011s][info][gc,heap        ] GC(305) ParOldGen: 202081K(699392K)->203001K(699392K)
[38.011s][info][gc,metaspace   ] GC(305) Metaspace: 36105K(36480K)->36105K(36480K) NonClass: 31936K(32128K)->31936K(32128K) Class: 4168K(4352K)->4168K(4352K)
[38.011s][info][gc             ] GC(305) Pause Young (Allocation Failure) 481M->213M(988M) 6.472ms
[38.011s][info][gc,cpu         ] GC(305) User=0.00s Sys=0.00s Real=0.01s
[38.252s][info][gc,start       ] GC(306) Pause Young (Allocation Failure)
[38.258s][info][gc,heap        ] GC(306) PSYoungGen: 289157K(312320K)->14587K(314368K) Eden: 273029K(275456K)->0K(278016K) From: 16127K(36864K)->14587K(36352K)
[38.258s][info][gc,heap        ] GC(306) ParOldGen: 203001K(699392K)->204015K(699392K)
[38.258s][info][gc,metaspace   ] GC(306) Metaspace: 36105K(36480K)->36105K(36480K) NonClass: 31936K(32128K)->31936K(32128K) Class: 4168K(4352K)->4168K(4352K)
[38.258s][info][gc             ] GC(306) Pause Young (Allocation Failure) 480M->213M(990M) 5.891ms
[38.258s][info][gc,cpu         ] GC(306) User=0.00s Sys=0.00s Real=0.01s
[38.502s][info][gc,start       ] GC(307) Pause Young (Allocation Failure)
[38.509s][info][gc,heap        ] GC(307) PSYoungGen: 292603K(314368K)->17389K(312832K) Eden: 278016K(278016K)->0K(278016K) From: 14587K(36352K)->17389K(34816K)
[38.509s][info][gc,heap        ] GC(307) ParOldGen: 204015K(699392K)->204497K(699392K)
[38.509s][info][gc,metaspace   ] GC(307) Metaspace: 36105K(36480K)->36105K(36480K) NonClass: 31936K(32128K)->31936K(32128K) Class: 4168K(4352K)->4168K(4352K)
[38.509s][info][gc             ] GC(307) Pause Young (Allocation Failure) 484M->216M(988M) 6.463ms
[38.509s][info][gc,cpu         ] GC(307) User=0.00s Sys=0.00s Real=0.01s
[38.751s][info][gc,start       ] GC(308) Pause Young (Allocation Failure)
[38.757s][info][gc,heap        ] GC(308) PSYoungGen: 294105K(312832K)->19868K(313856K) Eden: 276716K(278016K)->0K(279552K) From: 17389K(34816K)->19868K(34304K)
[38.757s][info][gc,heap        ] GC(308) ParOldGen: 204497K(699392K)->204832K(699392K)
[38.757s][info][gc,metaspace   ] GC(308) Metaspace: 36105K(36480K)->36105K(36480K) NonClass: 31936K(32128K)->31936K(32128K) Class: 4168K(4352K)->4168K(4352K)
[38.757s][info][gc             ] GC(308) Pause Young (Allocation Failure) 486M->219M(989M) 6.750ms
[38.757s][info][gc,cpu         ] GC(308) User=0.00s Sys=0.00s Real=0.01s
[39.014s][info][gc,start       ] GC(309) Pause Young (Allocation Failure)
[39.019s][info][gc,heap        ] GC(309) PSYoungGen: 299420K(313856K)->9805K(314368K) Eden: 279552K(279552K)->0K(279552K) From: 19868K(34304K)->9805K(34816K)
[39.019s][info][gc,heap        ] GC(309) ParOldGen: 204832K(699392K)->205108K(699392K)
[39.019s][info][gc,metaspace   ] GC(309) Metaspace: 36105K(36480K)->36105K(36480K) NonClass: 31936K(32128K)->31936K(32128K) Class: 4168K(4352K)->4168K(4352K)
[39.019s][info][gc             ] GC(309) Pause Young (Allocation Failure) 492M->209M(990M) 4.935ms
[39.019s][info][gc,cpu         ] GC(309) User=0.09s Sys=0.00s Real=0.01s
[39.280s][info][gc,start       ] GC(310) Pause Young (Allocation Failure)
[39.285s][info][gc,heap        ] GC(310) PSYoungGen: 289357K(314368K)->10066K(317440K) Eden: 279552K(279552K)->0K(284160K) From: 9805K(34816K)->10066K(33280K)
[39.285s][info][gc,heap        ] GC(310) ParOldGen: 205108K(699392K)->205439K(699392K)
[39.285s][info][gc,metaspace   ] GC(310) Metaspace: 36105K(36480K)->36105K(36480K) NonClass: 31936K(32128K)->31936K(32128K) Class: 4168K(4352K)->4168K(4352K)
[39.285s][info][gc             ] GC(310) Pause Young (Allocation Failure) 482M->210M(993M) 5.005ms
[39.285s][info][gc,cpu         ] GC(310) User=0.09s Sys=0.00s Real=0.01s
[39.537s][info][gc,start       ] GC(311) Pause Young (Allocation Failure)
[39.543s][info][gc,heap        ] GC(311) PSYoungGen: 293347K(317440K)->12826K(315904K) Eden: 283280K(284160K)->0K(284160K) From: 10066K(33280K)->12826K(31744K)
[39.543s][info][gc,heap        ] GC(311) ParOldGen: 205439K(699392K)->206140K(699392K)
[39.543s][info][gc,metaspace   ] GC(311) Metaspace: 36105K(36480K)->36105K(36480K) NonClass: 31936K(32128K)->31936K(32128K) Class: 4168K(4352K)->4168K(4352K)
[39.543s][info][gc             ] GC(311) Pause Young (Allocation Failure) 487M->213M(991M) 5.999ms
[39.543s][info][gc,cpu         ] GC(311) User=0.00s Sys=0.00s Real=0.01s
[39.781s][info][gc,start       ] GC(312) Pause Young (Allocation Failure)
[39.787s][info][gc,heap        ] GC(312) PSYoungGen: 291609K(315904K)->19867K(317952K) Eden: 278782K(284160K)->0K(287744K) From: 12826K(31744K)->19867K(30208K)
[39.787s][info][gc,heap        ] GC(312) ParOldGen: 206140K(699392K)->206592K(699392K)
[39.787s][info][gc,metaspace   ] GC(312) Metaspace: 36105K(36480K)->36105K(36480K) NonClass: 31936K(32128K)->31936K(32128K) Class: 4168K(4352K)->4168K(4352K)
[39.787s][info][gc             ] GC(312) Pause Young (Allocation Failure) 486M->221M(993M) 6.216ms
[39.787s][info][gc,cpu         ] GC(312) User=0.09s Sys=0.00s Real=0.01s
[40.036s][info][gc,start       ] GC(313) Pause Young (Allocation Failure)
[40.042s][info][gc,heap        ] GC(313) PSYoungGen: 307611K(317952K)->14145K(318464K) Eden: 287744K(287744K)->0K(287744K) From: 19867K(30208K)->14145K(30720K)
[40.042s][info][gc,heap        ] GC(313) ParOldGen: 206592K(699392K)->207554K(699392K)
[40.042s][info][gc,metaspace   ] GC(313) Metaspace: 36105K(36480K)->36105K(36480K) NonClass: 31936K(32128K)->31936K(32128K) Class: 4168K(4352K)->4168K(4352K)
[40.042s][info][gc             ] GC(313) Pause Young (Allocation Failure) 502M->216M(994M) 5.753ms
[40.042s][info][gc,cpu         ] GC(313) User=0.00s Sys=0.00s Real=0.01s
[40.291s][info][gc,start       ] GC(314) Pause Young (Allocation Failure)
[40.298s][info][gc,heap        ] GC(314) PSYoungGen: 295316K(318464K)->20165K(317952K) Eden: 281171K(287744K)->0K(288768K) From: 14145K(30720K)->20165K(29184K)
[40.298s][info][gc,heap        ] GC(314) ParOldGen: 207554K(699392K)->207943K(699392K)
[40.298s][info][gc,metaspace   ] GC(314) Metaspace: 36105K(36480K)->36105K(36480K) NonClass: 31936K(32128K)->31936K(32128K) Class: 4168K(4352K)->4168K(4352K)
[40.298s][info][gc             ] GC(314) Pause Young (Allocation Failure) 491M->222M(993M) 6.690ms
[40.298s][info][gc,cpu         ] GC(314) User=0.05s Sys=0.00s Real=0.01s
[40.550s][info][gc,start       ] GC(315) Pause Young (Allocation Failure)
[40.557s][info][gc,heap        ] GC(315) PSYoungGen: 308901K(317952K)->13533K(318976K) Eden: 288735K(288768K)->0K(288768K) From: 20165K(29184K)->13533K(30208K)
[40.557s][info][gc,heap        ] GC(315) ParOldGen: 207943K(699392K)->210127K(699392K)
[40.557s][info][gc,metaspace   ] GC(315) Metaspace: 36105K(36480K)->36105K(36480K) NonClass: 31936K(32128K)->31936K(32128K) Class: 4168K(4352K)->4168K(4352K)
[40.557s][info][gc             ] GC(315) Pause Young (Allocation Failure) 504M->218M(994M) 6.794ms
[40.557s][info][gc,cpu         ] GC(315) User=0.00s Sys=0.00s Real=0.01s
[40.603s][info][gc,start       ] GC(316) Pause Young (System.gc())
[40.607s][info][gc,heap        ] GC(316) PSYoungGen: 49207K(318976K)->6930K(320512K) Eden: 35673K(288768K)->0K(291840K) From: 13533K(30208K)->6930K(28672K)
[40.607s][info][gc,heap        ] GC(316) ParOldGen: 210127K(699392K)->216955K(699392K)
[40.607s][info][gc,metaspace   ] GC(316) Metaspace: 36106K(36480K)->36106K(36480K) NonClass: 31937K(32128K)->31937K(32128K) Class: 4168K(4352K)->4168K(4352K)
[40.607s][info][gc             ] GC(316) Pause Young (System.gc()) 253M->218M(996M) 4.270ms
[40.607s][info][gc,cpu         ] GC(316) User=0.00s Sys=0.00s Real=0.01s
[40.607s][info][gc,start       ] GC(317) Pause Full (System.gc())
[40.607s][info][gc,phases,start] GC(317) Marking Phase
[40.623s][info][gc,phases      ] GC(317) Marking Phase 15.734ms
[40.623s][info][gc,phases,start] GC(317) Summary Phase
[40.623s][info][gc,phases      ] GC(317) Summary Phase 0.012ms
[40.623s][info][gc,phases,start] GC(317) Adjust Roots
[40.626s][info][gc,phases      ] GC(317) Adjust Roots 3.021ms
[40.626s][info][gc,phases,start] GC(317) Compaction Phase
[40.636s][info][gc,phases      ] GC(317) Compaction Phase 10.068ms
[40.636s][info][gc,phases,start] GC(317) Post Compact
[40.637s][info][gc,phases      ] GC(317) Post Compact 0.893ms
[40.637s][info][gc,heap        ] GC(317) PSYoungGen: 6930K(320512K)->0K(320512K) Eden: 0K(291840K)->0K(291840K) From: 6930K(28672K)->0K(28672K)
[40.637s][info][gc,heap        ] GC(317) ParOldGen: 216955K(699392K)->113715K(699392K)
[40.637s][info][gc,metaspace   ] GC(317) Metaspace: 36106K(36480K)->36106K(36480K) NonClass: 31937K(32128K)->31937K(32128K) Class: 4168K(4352K)->4168K(4352K)
[40.637s][info][gc             ] GC(317) Pause Full (System.gc()) 218M->111M(996M) 29.989ms
[40.637s][info][gc,cpu         ] GC(317) User=0.11s Sys=0.00s Real=0.03s
[40.687s][info][gc,start       ] GC(318) Pause Young (Allocation Failure)
[40.688s][info][gc,heap        ] GC(318) PSYoungGen: 291840K(320512K)->160K(292352K) Eden: 291840K(291840K)->0K(291840K) From: 0K(28672K)->160K(512K)
[40.688s][info][gc,heap        ] GC(318) ParOldGen: 113715K(699392K)->113715K(699392K)
[40.688s][info][gc,metaspace   ] GC(318) Metaspace: 36106K(36480K)->36106K(36480K) NonClass: 31937K(32128K)->31937K(32128K) Class: 4168K(4352K)->4168K(4352K)
[40.688s][info][gc             ] GC(318) Pause Young (Allocation Failure) 396M->111M(968M) 1.217ms
[40.688s][info][gc,cpu         ] GC(318) User=0.08s Sys=0.00s Real=0.00s
[40.734s][info][gc,start       ] GC(319) Pause Young (Allocation Failure)
[40.734s][info][gc,heap        ] GC(319) PSYoungGen: 292000K(292352K)->128K(318976K) Eden: 291840K(291840K)->0K(289792K) From: 160K(512K)->128K(29184K)
[40.734s][info][gc,heap        ] GC(319) ParOldGen: 113715K(699392K)->113755K(699392K)
[40.734s][info][gc,metaspace   ] GC(319) Metaspace: 36106K(36480K)->36106K(36480K) NonClass: 31937K(32128K)->31937K(32128K) Class: 4168K(4352K)->4168K(4352K)
[40.734s][info][gc             ] GC(319) Pause Young (Allocation Failure) 396M->111M(994M) 0.452ms
[40.734s][info][gc,cpu         ] GC(319) User=0.00s Sys=0.00s Real=0.00s
[40.781s][info][gc,start       ] GC(320) Pause Young (Allocation Failure)
[40.781s][info][gc,heap        ] GC(320) PSYoungGen: 289920K(318976K)->192K(319488K) Eden: 289792K(289792K)->0K(289792K) From: 128K(29184K)->192K(29696K)
[40.781s][info][gc,heap        ] GC(320) ParOldGen: 113755K(699392K)->113755K(699392K)
[40.781s][info][gc,metaspace   ] GC(320) Metaspace: 36106K(36480K)->36106K(36480K) NonClass: 31937K(32128K)->31937K(32128K) Class: 4168K(4352K)->4168K(4352K)
[40.781s][info][gc             ] GC(320) Pause Young (Allocation Failure) 394M->111M(995M) 0.336ms
[40.781s][info][gc,cpu         ] GC(320) User=0.02s Sys=0.00s Real=0.00s
[40.825s][info][gc,start       ] GC(321) Pause Young (Allocation Failure)
[40.825s][info][gc,heap        ] GC(321) PSYoungGen: 289984K(319488K)->192K(320000K) Eden: 289792K(289792K)->0K(290304K) From: 192K(29696K)->192K(29696K)
[40.825s][info][gc,heap        ] GC(321) ParOldGen: 113755K(699392K)->113755K(699392K)
[40.825s][info][gc,metaspace   ] GC(321) Metaspace: 36106K(36480K)->36106K(36480K) NonClass: 31937K(32128K)->31937K(32128K) Class: 4168K(4352K)->4168K(4352K)
[40.825s][info][gc             ] GC(321) Pause Young (Allocation Failure) 394M->111M(995M) 0.379ms
[40.825s][info][gc,cpu         ] GC(321) User=0.00s Sys=0.00s Real=0.00s
[40.868s][info][gc,start       ] GC(322) Pause Young (Allocation Failure)
[40.869s][info][gc,heap        ] GC(322) PSYoungGen: 290496K(320000K)->192K(319488K) Eden: 290304K(290304K)->0K(290304K) From: 192K(29696K)->192K(29184K)
[40.869s][info][gc,heap        ] GC(322) ParOldGen: 113755K(699392K)->113755K(699392K)
[40.869s][info][gc,metaspace   ] GC(322) Metaspace: 36106K(36480K)->36106K(36480K) NonClass: 31937K(32128K)->31937K(32128K) Class: 4168K(4352K)->4168K(4352K)
[40.869s][info][gc             ] GC(322) Pause Young (Allocation Failure) 394M->111M(995M) 0.400ms
[40.869s][info][gc,cpu         ] GC(322) User=0.00s Sys=0.00s Real=0.00s
[40.912s][info][gc,start       ] GC(323) Pause Young (Allocation Failure)
[40.912s][info][gc,heap        ] GC(323) PSYoungGen: 290496K(319488K)->192K(321024K) Eden: 290304K(290304K)->0K(292352K) From: 192K(29184K)->192K(28672K)
[40.912s][info][gc,heap        ] GC(323) ParOldGen: 113755K(699392K)->113755K(699392K)
[40.912s][info][gc,metaspace   ] GC(323) Metaspace: 36106K(36480K)->36106K(36480K) NonClass: 31937K(32128K)->31937K(32128K) Class: 4168K(4352K)->4168K(4352K)
[40.912s][info][gc             ] GC(323) Pause Young (Allocation Failure) 394M->111M(996M) 0.367ms
[40.912s][info][gc,cpu         ] GC(323) User=0.00s Sys=0.00s Real=0.00s
[40.956s][info][gc,start       ] GC(324) Pause Young (Allocation Failure)
[40.956s][info][gc,heap        ] GC(324) PSYoungGen: 292544K(321024K)->192K(320512K) Eden: 292352K(292352K)->0K(292352K) From: 192K(28672K)->192K(28160K)
[40.957s][info][gc,heap        ] GC(324) ParOldGen: 113755K(699392K)->113755K(699392K)
[40.957s][info][gc,metaspace   ] GC(324) Metaspace: 36106K(36480K)->36106K(36480K) NonClass: 31937K(32128K)->31937K(32128K) Class: 4168K(4352K)->4168K(4352K)
[40.957s][info][gc             ] GC(324) Pause Young (Allocation Failure) 396M->111M(996M) 0.393ms
[40.957s][info][gc,cpu         ] GC(324) User=0.00s Sys=0.00s Real=0.00s
[41.000s][info][gc,start       ] GC(325) Pause Young (Allocation Failure)
[41.000s][info][gc,heap        ] GC(325) PSYoungGen: 292544K(320512K)->160K(323072K) Eden: 292352K(292352K)->0K(295936K) From: 192K(28160K)->160K(27136K)
[41.000s][info][gc,heap        ] GC(325) ParOldGen: 113755K(699392K)->113755K(699392K)
[41.000s][info][gc,metaspace   ] GC(325) Metaspace: 36106K(36480K)->36106K(36480K) NonClass: 31937K(32128K)->31937K(32128K) Class: 4168K(4352K)->4168K(4352K)
[41.000s][info][gc             ] GC(325) Pause Young (Allocation Failure) 396M->111M(998M) 0.379ms
[41.000s][info][gc,cpu         ] GC(325) User=0.00s Sys=0.00s Real=0.00s
[41.045s][info][gc,start       ] GC(326) Pause Young (Allocation Failure)
[41.046s][info][gc,heap        ] GC(326) PSYoungGen: 296096K(323072K)->192K(322048K) Eden: 295936K(295936K)->0K(295936K) From: 160K(27136K)->192K(26112K)
[41.046s][info][gc,heap        ] GC(326) ParOldGen: 113755K(699392K)->113755K(699392K)
[41.046s][info][gc,metaspace   ] GC(326) Metaspace: 36106K(36480K)->36106K(36480K) NonClass: 31937K(32128K)->31937K(32128K) Class: 4168K(4352K)->4168K(4352K)
[41.046s][info][gc             ] GC(326) Pause Young (Allocation Failure) 400M->111M(997M) 0.360ms
[41.046s][info][gc,cpu         ] GC(326) User=0.00s Sys=0.00s Real=0.00s
[41.090s][info][gc,start       ] GC(327) Pause Young (Allocation Failure)
[41.091s][info][gc,heap        ] GC(327) PSYoungGen: 296128K(322048K)->192K(325120K) Eden: 295936K(295936K)->0K(300032K) From: 192K(26112K)->192K(25088K)
[41.091s][info][gc,heap        ] GC(327) ParOldGen: 113755K(699392K)->113755K(699392K)
[41.091s][info][gc,metaspace   ] GC(327) Metaspace: 36106K(36480K)->36106K(36480K) NonClass: 31937K(32128K)->31937K(32128K) Class: 4168K(4352K)->4168K(4352K)
[41.091s][info][gc             ] GC(327) Pause Young (Allocation Failure) 400M->111M(1000M) 0.409ms
[41.091s][info][gc,cpu         ] GC(327) User=0.00s Sys=0.00s Real=0.00s
[41.137s][info][gc,start       ] GC(328) Pause Young (Allocation Failure)
[41.137s][info][gc,heap        ] GC(328) PSYoungGen: 300224K(325120K)->192K(324096K) Eden: 300032K(300032K)->0K(300032K) From: 192K(25088K)->192K(24064K)
[41.137s][info][gc,heap        ] GC(328) ParOldGen: 113755K(699392K)->113755K(699392K)
[41.137s][info][gc,metaspace   ] GC(328) Metaspace: 36106K(36480K)->36106K(36480K) NonClass: 31937K(32128K)->31937K(32128K) Class: 4168K(4352K)->4168K(4352K)
[41.137s][info][gc             ] GC(328) Pause Young (Allocation Failure) 404M->111M(999M) 0.380ms
[41.137s][info][gc,cpu         ] GC(328) User=0.00s Sys=0.00s Real=0.00s
[41.184s][info][gc,start       ] GC(329) Pause Young (Allocation Failure)
[41.184s][info][gc,heap        ] GC(329) PSYoungGen: 300224K(324096K)->192K(327168K) Eden: 300032K(300032K)->0K(304128K) From: 192K(24064K)->192K(23040K)
[41.184s][info][gc,heap        ] GC(329) ParOldGen: 113755K(699392K)->113755K(699392K)
[41.184s][info][gc,metaspace   ] GC(329) Metaspace: 36106K(36480K)->36106K(36480K) NonClass: 31937K(32128K)->31937K(32128K) Class: 4168K(4352K)->4168K(4352K)
[41.184s][info][gc             ] GC(329) Pause Young (Allocation Failure) 404M->111M(1002M) 0.344ms
[41.184s][info][gc,cpu         ] GC(329) User=0.00s Sys=0.00s Real=0.00s
[41.231s][info][gc,start       ] GC(330) Pause Young (Allocation Failure)
[41.232s][info][gc,heap        ] GC(330) PSYoungGen: 304320K(327168K)->160K(326144K) Eden: 304128K(304128K)->0K(304128K) From: 192K(23040K)->160K(22016K)
[41.232s][info][gc,heap        ] GC(330) ParOldGen: 113755K(699392K)->113755K(699392K)
[41.232s][info][gc,metaspace   ] GC(330) Metaspace: 36106K(36480K)->36106K(36480K) NonClass: 31937K(32128K)->31937K(32128K) Class: 4168K(4352K)->4168K(4352K)
[41.232s][info][gc             ] GC(330) Pause Young (Allocation Failure) 408M->111M(1001M) 0.453ms
[41.232s][info][gc,cpu         ] GC(330) User=0.00s Sys=0.00s Real=0.00s
[41.278s][info][gc,start       ] GC(331) Pause Young (Allocation Failure)
[41.279s][info][gc,heap        ] GC(331) PSYoungGen: 304288K(326144K)->160K(329728K) Eden: 304128K(304128K)->0K(308736K) From: 160K(22016K)->160K(20992K)
[41.279s][info][gc,heap        ] GC(331) ParOldGen: 113755K(699392K)->113755K(699392K)
[41.279s][info][gc,metaspace   ] GC(331) Metaspace: 36106K(36480K)->36106K(36480K) NonClass: 31937K(32128K)->31937K(32128K) Class: 4168K(4352K)->4168K(4352K)
[41.279s][info][gc             ] GC(331) Pause Young (Allocation Failure) 408M->111M(1005M) 0.457ms
[41.279s][info][gc,cpu         ] GC(331) User=0.00s Sys=0.00s Real=0.00s
[41.333s][info][gc,start       ] GC(332) Pause Young (Allocation Failure)
[41.334s][info][gc,heap        ] GC(332) PSYoungGen: 308896K(329728K)->96K(328192K) Eden: 308736K(308736K)->0K(308736K) From: 160K(20992K)->96K(19456K)
[41.334s][info][gc,heap        ] GC(332) ParOldGen: 113755K(699392K)->113755K(699392K)
[41.334s][info][gc,metaspace   ] GC(332) Metaspace: 36106K(36480K)->36106K(36480K) NonClass: 31937K(32128K)->31937K(32128K) Class: 4168K(4352K)->4168K(4352K)
[41.334s][info][gc             ] GC(332) Pause Young (Allocation Failure) 412M->111M(1003M) 0.502ms
[41.334s][info][gc,cpu         ] GC(332) User=0.00s Sys=0.00s Real=0.00s
[41.399s][info][gc,start       ] GC(333) Pause Young (Allocation Failure)
[41.399s][info][gc,heap        ] GC(333) PSYoungGen: 308832K(328192K)->192K(331776K) Eden: 308736K(308736K)->0K(313344K) From: 96K(19456K)->192K(18432K)
[41.399s][info][gc,heap        ] GC(333) ParOldGen: 113755K(699392K)->113771K(699392K)
[41.399s][info][gc,metaspace   ] GC(333) Metaspace: 36106K(36480K)->36106K(36480K) NonClass: 31937K(32128K)->31937K(32128K) Class: 4168K(4352K)->4168K(4352K)
[41.399s][info][gc             ] GC(333) Pause Young (Allocation Failure) 412M->111M(1007M) 0.457ms
[41.399s][info][gc,cpu         ] GC(333) User=0.00s Sys=0.00s Real=0.00s
[41.459s][info][gc,start       ] GC(334) Pause Young (Allocation Failure)
[41.460s][info][gc,heap        ] GC(334) PSYoungGen: 313536K(331776K)->192K(330752K) Eden: 313344K(313344K)->0K(313344K) From: 192K(18432K)->192K(17408K)
[41.460s][info][gc,heap        ] GC(334) ParOldGen: 113771K(699392K)->113819K(699392K)
[41.460s][info][gc,metaspace   ] GC(334) Metaspace: 36106K(36480K)->36106K(36480K) NonClass: 31937K(32128K)->31937K(32128K) Class: 4168K(4352K)->4168K(4352K)
[41.460s][info][gc             ] GC(334) Pause Young (Allocation Failure) 417M->111M(1006M) 0.566ms
[41.460s][info][gc,cpu         ] GC(334) User=0.00s Sys=0.00s Real=0.00s
[41.519s][info][gc,start       ] GC(335) Pause Young (Allocation Failure)
[41.519s][info][gc,heap        ] GC(335) PSYoungGen: 313536K(330752K)->192K(333824K) Eden: 313344K(313344K)->0K(317440K) From: 192K(17408K)->192K(16384K)
[41.519s][info][gc,heap        ] GC(335) ParOldGen: 113819K(699392K)->113819K(699392K)
[41.519s][info][gc,metaspace   ] GC(335) Metaspace: 36106K(36480K)->36106K(36480K) NonClass: 31937K(32128K)->31937K(32128K) Class: 4168K(4352K)->4168K(4352K)
[41.519s][info][gc             ] GC(335) Pause Young (Allocation Failure) 417M->111M(1009M) 0.427ms
[41.519s][info][gc,cpu         ] GC(335) User=0.00s Sys=0.00s Real=0.00s
[41.580s][info][gc,start       ] GC(336) Pause Young (Allocation Failure)
[41.580s][info][gc,heap        ] GC(336) PSYoungGen: 317632K(333824K)->192K(332800K) Eden: 317440K(317440K)->0K(317440K) From: 192K(16384K)->192K(15360K)
[41.580s][info][gc,heap        ] GC(336) ParOldGen: 113819K(699392K)->113819K(699392K)
[41.580s][info][gc,metaspace   ] GC(336) Metaspace: 36106K(36480K)->36106K(36480K) NonClass: 31937K(32128K)->31937K(32128K) Class: 4168K(4352K)->4168K(4352K)
[41.580s][info][gc             ] GC(336) Pause Young (Allocation Failure) 421M->111M(1008M) 0.462ms
[41.580s][info][gc,cpu         ] GC(336) User=0.00s Sys=0.00s Real=0.00s
[41.643s][info][gc,start       ] GC(337) Pause Young (Allocation Failure)
[41.644s][info][gc,heap        ] GC(337) PSYoungGen: 317632K(332800K)->160K(335360K) Eden: 317440K(317440K)->0K(321024K) From: 192K(15360K)->160K(14336K)
[41.644s][info][gc,heap        ] GC(337) ParOldGen: 113819K(699392K)->113819K(699392K)
[41.644s][info][gc,metaspace   ] GC(337) Metaspace: 36106K(36480K)->36106K(36480K) NonClass: 31937K(32128K)->31937K(32128K) Class: 4168K(4352K)->4168K(4352K)
[41.644s][info][gc             ] GC(337) Pause Young (Allocation Failure) 421M->111M(1010M) 0.402ms
[41.644s][info][gc,cpu         ] GC(337) User=0.00s Sys=0.00s Real=0.00s
[41.710s][info][gc,start       ] GC(338) Pause Young (Allocation Failure)
[41.711s][info][gc,heap        ] GC(338) PSYoungGen: 321184K(335360K)->192K(334848K) Eden: 321024K(321024K)->0K(321024K) From: 160K(14336K)->192K(13824K)
[41.711s][info][gc,heap        ] GC(338) ParOldGen: 113819K(699392K)->113819K(699392K)
[41.711s][info][gc,metaspace   ] GC(338) Metaspace: 36106K(36480K)->36106K(36480K) NonClass: 31937K(32128K)->31937K(32128K) Class: 4168K(4352K)->4168K(4352K)
[41.711s][info][gc             ] GC(338) Pause Young (Allocation Failure) 424M->111M(1010M) 0.416ms
[41.711s][info][gc,cpu         ] GC(338) User=0.00s Sys=0.00s Real=0.00s
[41.777s][info][gc,start       ] GC(339) Pause Young (Allocation Failure)
[41.778s][info][gc,heap        ] GC(339) PSYoungGen: 321216K(334848K)->160K(337408K) Eden: 321024K(321024K)->0K(324608K) From: 192K(13824K)->160K(12800K)
[41.778s][info][gc,heap        ] GC(339) ParOldGen: 113819K(699392K)->113819K(699392K)
[41.778s][info][gc,metaspace   ] GC(339) Metaspace: 36106K(36480K)->36106K(36480K) NonClass: 31937K(32128K)->31937K(32128K) Class: 4168K(4352K)->4168K(4352K)
[41.778s][info][gc             ] GC(339) Pause Young (Allocation Failure) 424M->111M(1012M) 0.502ms
[41.778s][info][gc,cpu         ] GC(339) User=0.00s Sys=0.00s Real=0.00s
[41.843s][info][gc,start       ] GC(340) Pause Young (Allocation Failure)
[41.844s][info][gc,heap        ] GC(340) PSYoungGen: 324768K(337408K)->160K(336384K) Eden: 324608K(324608K)->0K(324608K) From: 160K(12800K)->160K(11776K)
[41.844s][info][gc,heap        ] GC(340) ParOldGen: 113819K(699392K)->113819K(699392K)
[41.844s][info][gc,metaspace   ] GC(340) Metaspace: 36106K(36480K)->36106K(36480K) NonClass: 31937K(32128K)->31937K(32128K) Class: 4168K(4352K)->4168K(4352K)
[41.844s][info][gc             ] GC(340) Pause Young (Allocation Failure) 428M->111M(1011M) 0.465ms
[41.844s][info][gc,cpu         ] GC(340) User=0.06s Sys=0.00s Real=0.00s
[41.909s][info][gc,start       ] GC(341) Pause Young (Allocation Failure)
[41.909s][info][gc,heap        ] GC(341) PSYoungGen: 324768K(336384K)->160K(338944K) Eden: 324608K(324608K)->0K(327680K) From: 160K(11776K)->160K(11264K)
[41.909s][info][gc,heap        ] GC(341) ParOldGen: 113819K(699392K)->113819K(699392K)
[41.910s][info][gc,metaspace   ] GC(341) Metaspace: 36106K(36480K)->36106K(36480K) NonClass: 31937K(32128K)->31937K(32128K) Class: 4168K(4352K)->4168K(4352K)
[41.910s][info][gc             ] GC(341) Pause Young (Allocation Failure) 428M->111M(1014M) 0.521ms
[41.910s][info][gc,cpu         ] GC(341) User=0.00s Sys=0.00s Real=0.00s
[41.974s][info][gc,start       ] GC(342) Pause Young (Allocation Failure)
[41.975s][info][gc,heap        ] GC(342) PSYoungGen: 327840K(338944K)->192K(337920K) Eden: 327680K(327680K)->0K(327680K) From: 160K(11264K)->192K(10240K)
[41.975s][info][gc,heap        ] GC(342) ParOldGen: 113819K(699392K)->113819K(699392K)
[41.975s][info][gc,metaspace   ] GC(342) Metaspace: 36106K(36480K)->36106K(36480K) NonClass: 31937K(32128K)->31937K(32128K) Class: 4168K(4352K)->4168K(4352K)
[41.975s][info][gc             ] GC(342) Pause Young (Allocation Failure) 431M->111M(1013M) 0.361ms
[41.975s][info][gc,cpu         ] GC(342) User=0.00s Sys=0.00s Real=0.00s
[42.040s][info][gc,start       ] GC(343) Pause Young (Allocation Failure)
[42.041s][info][gc,heap        ] GC(343) PSYoungGen: 327872K(337920K)->192K(339968K) Eden: 327680K(327680K)->0K(330240K) From: 192K(10240K)->192K(9728K)
[42.041s][info][gc,heap        ] GC(343) ParOldGen: 113819K(699392K)->113819K(699392K)
[42.041s][info][gc,metaspace   ] GC(343) Metaspace: 36106K(36480K)->36106K(36480K) NonClass: 31937K(32128K)->31937K(32128K) Class: 4168K(4352K)->4168K(4352K)
[42.041s][info][gc             ] GC(343) Pause Young (Allocation Failure) 431M->111M(1015M) 0.362ms
[42.041s][info][gc,cpu         ] GC(343) User=0.00s Sys=0.00s Real=0.00s
[42.106s][info][gc,start       ] GC(344) Pause Young (Allocation Failure)
[42.106s][info][gc,heap        ] GC(344) PSYoungGen: 330432K(339968K)->192K(339456K) Eden: 330240K(330240K)->0K(330240K) From: 192K(9728K)->192K(9216K)
[42.106s][info][gc,heap        ] GC(344) ParOldGen: 113819K(699392K)->113819K(699392K)
[42.106s][info][gc,metaspace   ] GC(344) Metaspace: 36106K(36480K)->36106K(36480K) NonClass: 31937K(32128K)->31937K(32128K) Class: 4168K(4352K)->4168K(4352K)
[42.106s][info][gc             ] GC(344) Pause Young (Allocation Failure) 433M->111M(1014M) 0.380ms
[42.106s][info][gc,cpu         ] GC(344) User=0.00s Sys=0.00s Real=0.00s
[42.168s][info][gc,start       ] GC(345) Pause Young (Allocation Failure)
[42.169s][info][gc,heap        ] GC(345) PSYoungGen: 330432K(339456K)->160K(341504K) Eden: 330240K(330240K)->0K(333312K) From: 192K(9216K)->160K(8192K)
[42.169s][info][gc,heap        ] GC(345) ParOldGen: 113819K(699392K)->113819K(699392K)
[42.169s][info][gc,metaspace   ] GC(345) Metaspace: 36106K(36480K)->36106K(36480K) NonClass: 31937K(32128K)->31937K(32128K) Class: 4168K(4352K)->4168K(4352K)
[42.169s][info][gc             ] GC(345) Pause Young (Allocation Failure) 433M->111M(1016M) 0.563ms
[42.169s][info][gc,cpu         ] GC(345) User=0.00s Sys=0.00s Real=0.00s
[42.233s][info][gc,start       ] GC(346) Pause Young (Allocation Failure)
[42.233s][info][gc,heap        ] GC(346) PSYoungGen: 333472K(341504K)->192K(340992K) Eden: 333312K(333312K)->0K(333312K) From: 160K(8192K)->192K(7680K)
[42.233s][info][gc,heap        ] GC(346) ParOldGen: 113819K(699392K)->113819K(699392K)
[42.233s][info][gc,metaspace   ] GC(346) Metaspace: 36106K(36480K)->36106K(36480K) NonClass: 31937K(32128K)->31937K(32128K) Class: 4168K(4352K)->4168K(4352K)
[42.233s][info][gc             ] GC(346) Pause Young (Allocation Failure) 436M->111M(1016M) 0.439ms
[42.233s][info][gc,cpu         ] GC(346) User=0.00s Sys=0.00s Real=0.00s
[42.297s][info][gc,start       ] GC(347) Pause Young (Allocation Failure)
[42.297s][info][gc,heap        ] GC(347) PSYoungGen: 333504K(340992K)->192K(342528K) Eden: 333312K(333312K)->0K(335360K) From: 192K(7680K)->192K(7168K)
[42.297s][info][gc,heap        ] GC(347) ParOldGen: 113819K(699392K)->113819K(699392K)
[42.297s][info][gc,metaspace   ] GC(347) Metaspace: 36106K(36480K)->36106K(36480K) NonClass: 31937K(32128K)->31937K(32128K) Class: 4168K(4352K)->4168K(4352K)
[42.297s][info][gc             ] GC(347) Pause Young (Allocation Failure) 436M->111M(1017M) 0.423ms
[42.297s][info][gc,cpu         ] GC(347) User=0.00s Sys=0.00s Real=0.01s
[42.361s][info][gc,start       ] GC(348) Pause Young (Allocation Failure)
[42.362s][info][gc,heap        ] GC(348) PSYoungGen: 335552K(342528K)->160K(342016K) Eden: 335360K(335360K)->0K(335360K) From: 192K(7168K)->160K(6656K)
[42.362s][info][gc,heap        ] GC(348) ParOldGen: 113819K(699392K)->113819K(699392K)
[42.362s][info][gc,metaspace   ] GC(348) Metaspace: 36106K(36480K)->36106K(36480K) NonClass: 31937K(32128K)->31937K(32128K) Class: 4168K(4352K)->4168K(4352K)
[42.362s][info][gc             ] GC(348) Pause Young (Allocation Failure) 438M->111M(1017M) 0.420ms
[42.362s][info][gc,cpu         ] GC(348) User=0.00s Sys=0.00s Real=0.00s
[42.426s][info][gc,start       ] GC(349) Pause Young (Allocation Failure)
[42.426s][info][gc,heap        ] GC(349) PSYoungGen: 335520K(342016K)->192K(343552K) Eden: 335360K(335360K)->0K(337408K) From: 160K(6656K)->192K(6144K)
[42.426s][info][gc,heap        ] GC(349) ParOldGen: 113819K(699392K)->113819K(699392K)
[42.426s][info][gc,metaspace   ] GC(349) Metaspace: 36106K(36480K)->36106K(36480K) NonClass: 31937K(32128K)->31937K(32128K) Class: 4168K(4352K)->4168K(4352K)
[42.426s][info][gc             ] GC(349) Pause Young (Allocation Failure) 438M->111M(1018M) 0.434ms
[42.426s][info][gc,cpu         ] GC(349) User=0.00s Sys=0.00s Real=0.00s
[42.489s][info][gc,start       ] GC(350) Pause Young (Allocation Failure)
[42.490s][info][gc,heap        ] GC(350) PSYoungGen: 337600K(343552K)->192K(343040K) Eden: 337408K(337408K)->0K(337408K) From: 192K(6144K)->192K(5632K)
[42.490s][info][gc,heap        ] GC(350) ParOldGen: 113819K(699392K)->113819K(699392K)
[42.490s][info][gc,metaspace   ] GC(350) Metaspace: 36106K(36480K)->36106K(36480K) NonClass: 31937K(32128K)->31937K(32128K) Class: 4168K(4352K)->4168K(4352K)
[42.490s][info][gc             ] GC(350) Pause Young (Allocation Failure) 440M->111M(1018M) 0.421ms
[42.490s][info][gc,cpu         ] GC(350) User=0.00s Sys=0.00s Real=0.00s
[42.553s][info][gc,start       ] GC(351) Pause Young (Allocation Failure)
[42.553s][info][gc,heap        ] GC(351) PSYoungGen: 337600K(343040K)->160K(344064K) Eden: 337408K(337408K)->0K(338944K) From: 192K(5632K)->160K(5120K)
[42.553s][info][gc,heap        ] GC(351) ParOldGen: 113819K(699392K)->113819K(699392K)
[42.553s][info][gc,metaspace   ] GC(351) Metaspace: 36106K(36480K)->36106K(36480K) NonClass: 31937K(32128K)->31937K(32128K) Class: 4168K(4352K)->4168K(4352K)
[42.553s][info][gc             ] GC(351) Pause Young (Allocation Failure) 440M->111M(1019M) 0.416ms
[42.553s][info][gc,cpu         ] GC(351) User=0.00s Sys=0.00s Real=0.00s
[42.619s][info][gc,start       ] GC(352) Pause Young (Allocation Failure)
[42.620s][info][gc,heap        ] GC(352) PSYoungGen: 339104K(344064K)->160K(344064K) Eden: 338944K(338944K)->0K(338944K) From: 160K(5120K)->160K(5120K)
[42.620s][info][gc,heap        ] GC(352) ParOldGen: 113819K(699392K)->113819K(699392K)
[42.620s][info][gc,metaspace   ] GC(352) Metaspace: 36106K(36480K)->36106K(36480K) NonClass: 31937K(32128K)->31937K(32128K) Class: 4168K(4352K)->4168K(4352K)
[42.620s][info][gc             ] GC(352) Pause Young (Allocation Failure) 442M->111M(1019M) 0.421ms
[42.620s][info][gc,cpu         ] GC(352) User=0.00s Sys=0.00s Real=0.00s
[42.685s][info][gc,start       ] GC(353) Pause Young (Allocation Failure)
[42.686s][info][gc,heap        ] GC(353) PSYoungGen: 339104K(344064K)->192K(345088K) Eden: 338944K(338944K)->0K(340480K) From: 160K(5120K)->192K(4608K)
[42.686s][info][gc,heap        ] GC(353) ParOldGen: 113819K(699392K)->113819K(699392K)
[42.686s][info][gc,metaspace   ] GC(353) Metaspace: 36106K(36480K)->36106K(36480K) NonClass: 31937K(32128K)->31937K(32128K) Class: 4168K(4352K)->4168K(4352K)
[42.686s][info][gc             ] GC(353) Pause Young (Allocation Failure) 442M->111M(1020M) 0.422ms
[42.686s][info][gc,cpu         ] GC(353) User=0.00s Sys=0.00s Real=0.00s
[42.751s][info][gc,start       ] GC(354) Pause Young (Allocation Failure)
[42.751s][info][gc,heap        ] GC(354) PSYoungGen: 340672K(345088K)->192K(344576K) Eden: 340480K(340480K)->0K(340480K) From: 192K(4608K)->192K(4096K)
[42.751s][info][gc,heap        ] GC(354) ParOldGen: 113819K(699392K)->113819K(699392K)
[42.751s][info][gc,metaspace   ] GC(354) Metaspace: 36106K(36480K)->36106K(36480K) NonClass: 31937K(32128K)->31937K(32128K) Class: 4168K(4352K)->4168K(4352K)
[42.751s][info][gc             ] GC(354) Pause Young (Allocation Failure) 443M->111M(1019M) 0.441ms
[42.751s][info][gc,cpu         ] GC(354) User=0.00s Sys=0.00s Real=0.00s
[42.817s][info][gc,start       ] GC(355) Pause Young (Allocation Failure)
[42.818s][info][gc,heap        ] GC(355) PSYoungGen: 340672K(344576K)->192K(345600K) Eden: 340480K(340480K)->0K(341504K) From: 192K(4096K)->192K(4096K)
[42.818s][info][gc,heap        ] GC(355) ParOldGen: 113819K(699392K)->113819K(699392K)
[42.818s][info][gc,metaspace   ] GC(355) Metaspace: 36106K(36480K)->36106K(36480K) NonClass: 31937K(32128K)->31937K(32128K) Class: 4168K(4352K)->4168K(4352K)
[42.818s][info][gc             ] GC(355) Pause Young (Allocation Failure) 443M->111M(1020M) 0.418ms
[42.818s][info][gc,cpu         ] GC(355) User=0.00s Sys=0.00s Real=0.00s
[42.883s][info][gc,start       ] GC(356) Pause Young (Allocation Failure)
[42.884s][info][gc,heap        ] GC(356) PSYoungGen: 341696K(345600K)->160K(345088K) Eden: 341504K(341504K)->0K(341504K) From: 192K(4096K)->160K(3584K)
[42.884s][info][gc,heap        ] GC(356) ParOldGen: 113819K(699392K)->113819K(699392K)
[42.884s][info][gc,metaspace   ] GC(356) Metaspace: 36106K(36480K)->36106K(36480K) NonClass: 31937K(32128K)->31937K(32128K) Class: 4168K(4352K)->4168K(4352K)
[42.884s][info][gc             ] GC(356) Pause Young (Allocation Failure) 444M->111M(1020M) 0.424ms
[42.884s][info][gc,cpu         ] GC(356) User=0.00s Sys=0.00s Real=0.00s
[42.949s][info][gc,start       ] GC(357) Pause Young (Allocation Failure)
[42.950s][info][gc,heap        ] GC(357) PSYoungGen: 341664K(345088K)->192K(346112K) Eden: 341504K(341504K)->0K(342528K) From: 160K(3584K)->192K(3584K)
[42.950s][info][gc,heap        ] GC(357) ParOldGen: 113819K(699392K)->113819K(699392K)
[42.950s][info][gc,metaspace   ] GC(357) Metaspace: 36106K(36480K)->36106K(36480K) NonClass: 31937K(32128K)->31937K(32128K) Class: 4168K(4352K)->4168K(4352K)
[42.950s][info][gc             ] GC(357) Pause Young (Allocation Failure) 444M->111M(1021M) 0.493ms
[42.950s][info][gc,cpu         ] GC(357) User=0.00s Sys=0.00s Real=0.00s
[43.017s][info][gc,start       ] GC(358) Pause Young (Allocation Failure)
[43.017s][info][gc,heap        ] GC(358) PSYoungGen: 342720K(346112K)->192K(345600K) Eden: 342528K(342528K)->0K(342528K) From: 192K(3584K)->192K(3072K)
[43.017s][info][gc,heap        ] GC(358) ParOldGen: 113819K(699392K)->113819K(699392K)
[43.017s][info][gc,metaspace   ] GC(358) Metaspace: 36106K(36480K)->36106K(36480K) NonClass: 31937K(32128K)->31937K(32128K) Class: 4168K(4352K)->4168K(4352K)
[43.017s][info][gc             ] GC(358) Pause Young (Allocation Failure) 445M->111M(1020M) 0.403ms
[43.017s][info][gc,cpu         ] GC(358) User=0.00s Sys=0.00s Real=0.00s
[43.084s][info][gc,start       ] GC(359) Pause Young (Allocation Failure)
[43.084s][info][gc,heap        ] GC(359) PSYoungGen: 342720K(345600K)->192K(346624K) Eden: 342528K(342528K)->0K(343552K) From: 192K(3072K)->192K(3072K)
[43.084s][info][gc,heap        ] GC(359) ParOldGen: 113819K(699392K)->113819K(699392K)
[43.084s][info][gc,metaspace   ] GC(359) Metaspace: 36106K(36480K)->36106K(36480K) NonClass: 31937K(32128K)->31937K(32128K) Class: 4168K(4352K)->4168K(4352K)
[43.084s][info][gc             ] GC(359) Pause Young (Allocation Failure) 445M->111M(1021M) 0.541ms
[43.084s][info][gc,cpu         ] GC(359) User=0.00s Sys=0.00s Real=0.00s
[43.189s][info][gc,start       ] GC(360) Pause Young (Allocation Failure)
[43.189s][info][gc,heap        ] GC(360) PSYoungGen: 343744K(346624K)->192K(346112K) Eden: 343552K(343552K)->0K(343552K) From: 192K(3072K)->192K(2560K)
[43.189s][info][gc,heap        ] GC(360) ParOldGen: 113819K(699392K)->113827K(699392K)
[43.189s][info][gc,metaspace   ] GC(360) Metaspace: 36109K(36480K)->36109K(36480K) NonClass: 31941K(32128K)->31941K(32128K) Class: 4168K(4352K)->4168K(4352K)
[43.189s][info][gc             ] GC(360) Pause Young (Allocation Failure) 446M->111M(1021M) 0.463ms
[43.189s][info][gc,cpu         ] GC(360) User=0.00s Sys=0.00s Real=0.00s
[43.614s][info][gc,start       ] GC(361) Pause Young (Allocation Failure)
[43.630s][info][gc,heap        ] GC(361) PSYoungGen: 343744K(346112K)->2539K(317952K) Eden: 343552K(343552K)->0K(315392K) From: 192K(2560K)->2539K(2560K)
[43.630s][info][gc,heap        ] GC(361) ParOldGen: 113827K(699392K)->150198K(699392K)
[43.630s][info][gc,metaspace   ] GC(361) Metaspace: 36114K(36480K)->36114K(36480K) NonClass: 31945K(32128K)->31945K(32128K) Class: 4168K(4352K)->4168K(4352K)
[43.630s][info][gc             ] GC(361) Pause Young (Allocation Failure) 446M->149M(993M) 15.372ms
[43.630s][info][gc,cpu         ] GC(361) User=0.09s Sys=0.00s Real=0.01s
[43.920s][info][gc,start       ] GC(362) Pause Young (Allocation Failure)
[43.937s][info][gc,heap        ] GC(362) PSYoungGen: 317387K(317952K)->16877K(332288K) Eden: 314847K(315392K)->0K(315392K) From: 2539K(2560K)->16877K(16896K)
[43.937s][info][gc,heap        ] GC(362) ParOldGen: 150198K(699392K)->189087K(699392K)
[43.937s][info][gc,metaspace   ] GC(362) Metaspace: 36114K(36480K)->36114K(36480K) NonClass: 31945K(32128K)->31945K(32128K) Class: 4168K(4352K)->4168K(4352K)
[43.937s][info][gc             ] GC(362) Pause Young (Allocation Failure) 456M->201M(1007M) 17.115ms
[43.937s][info][gc,cpu         ] GC(362) User=0.09s Sys=0.00s Real=0.02s
[44.221s][info][gc,start       ] GC(363) Pause Young (Allocation Failure)
[44.230s][info][gc,heap        ] GC(363) PSYoungGen: 332269K(332288K)->16886K(282112K) Eden: 315392K(315392K)->0K(265216K) From: 16877K(16896K)->16886K(16896K)
[44.231s][info][gc,heap        ] GC(363) ParOldGen: 189087K(699392K)->208878K(699392K)
[44.231s][info][gc,metaspace   ] GC(363) Metaspace: 36114K(36480K)->36114K(36480K) NonClass: 31945K(32128K)->31945K(32128K) Class: 4168K(4352K)->4168K(4352K)
[44.231s][info][gc             ] GC(363) Pause Young (Allocation Failure) 509M->220M(958M) 9.936ms
[44.231s][info][gc,cpu         ] GC(363) User=0.00s Sys=0.00s Real=0.01s
[44.475s][info][gc,start       ] GC(364) Pause Young (Allocation Failure)
[44.483s][info][gc,heap        ] GC(364) PSYoungGen: 281251K(282112K)->20881K(286208K) Eden: 264364K(265216K)->0K(265216K) From: 16886K(16896K)->20881K(20992K)
[44.483s][info][gc,heap        ] GC(364) ParOldGen: 208878K(699392K)->218245K(699392K)
[44.483s][info][gc,metaspace   ] GC(364) Metaspace: 36114K(36480K)->36114K(36480K) NonClass: 31945K(32128K)->31945K(32128K) Class: 4168K(4352K)->4168K(4352K)
[44.483s][info][gc             ] GC(364) Pause Young (Allocation Failure) 478M->233M(962M) 8.280ms
[44.483s][info][gc,cpu         ] GC(364) User=0.00s Sys=0.00s Real=0.01s
[44.730s][info][gc,start       ] GC(365) Pause Young (Allocation Failure)
[44.735s][info][gc,heap        ] GC(365) PSYoungGen: 286036K(286208K)->13583K(309248K) Eden: 265155K(265216K)->0K(266752K) From: 20881K(20992K)->13583K(42496K)
[44.735s][info][gc,heap        ] GC(365) ParOldGen: 218245K(699392K)->219600K(699392K)
[44.735s][info][gc,metaspace   ] GC(365) Metaspace: 36114K(36480K)->36114K(36480K) NonClass: 31945K(32128K)->31945K(32128K) Class: 4168K(4352K)->4168K(4352K)
[44.735s][info][gc             ] GC(365) Pause Young (Allocation Failure) 492M->227M(985M) 5.793ms
[44.735s][info][gc,cpu         ] GC(365) User=0.09s Sys=0.00s Real=0.00s
[44.989s][info][gc,start       ] GC(366) Pause Young (Allocation Failure)
[44.994s][info][gc,heap        ] GC(366) PSYoungGen: 280335K(309248K)->9257K(306688K) Eden: 266752K(266752K)->0K(266752K) From: 13583K(42496K)->9257K(39936K)
[44.994s][info][gc,heap        ] GC(366) ParOldGen: 219600K(699392K)->220894K(699392K)
[44.994s][info][gc,metaspace   ] GC(366) Metaspace: 36116K(36480K)->36116K(36480K) NonClass: 31947K(32128K)->31947K(32128K) Class: 4168K(4352K)->4168K(4352K)
[44.994s][info][gc             ] GC(366) Pause Young (Allocation Failure) 488M->224M(982M) 4.911ms
[44.994s][info][gc,cpu         ] GC(366) User=0.00s Sys=0.00s Real=0.01s
[45.230s][info][gc,start       ] GC(367) Pause Young (Allocation Failure)
[45.235s][info][gc,heap        ] GC(367) PSYoungGen: 276009K(306688K)->10036K(313344K) Eden: 266752K(266752K)->0K(275456K) From: 9257K(39936K)->10036K(37888K)
[45.235s][info][gc,heap        ] GC(367) ParOldGen: 220894K(699392K)->221262K(699392K)
[45.235s][info][gc,metaspace   ] GC(367) Metaspace: 36116K(36480K)->36116K(36480K) NonClass: 31947K(32128K)->31947K(32128K) Class: 4168K(4352K)->4168K(4352K)
[45.235s][info][gc             ] GC(367) Pause Young (Allocation Failure) 485M->225M(989M) 4.789ms
[45.235s][info][gc,cpu         ] GC(367) User=0.09s Sys=0.00s Real=0.01s
[45.484s][info][gc,start       ] GC(368) Pause Young (Allocation Failure)
[45.489s][info][gc,heap        ] GC(368) PSYoungGen: 285492K(313344K)->10999K(311296K) Eden: 275456K(275456K)->0K(275456K) From: 10036K(37888K)->10999K(35840K)
[45.489s][info][gc,heap        ] GC(368) ParOldGen: 221262K(699392K)->221565K(699392K)
[45.489s][info][gc,metaspace   ] GC(368) Metaspace: 36116K(36480K)->36116K(36480K) NonClass: 31947K(32128K)->31947K(32128K) Class: 4168K(4352K)->4168K(4352K)
[45.489s][info][gc             ] GC(368) Pause Young (Allocation Failure) 494M->227M(987M) 4.807ms
[45.489s][info][gc,cpu         ] GC(368) User=0.09s Sys=0.00s Real=0.01s
[45.738s][info][gc,start       ] GC(369) Pause Young (Allocation Failure)
[45.744s][info][gc,heap        ] GC(369) PSYoungGen: 286338K(311296K)->11110K(317440K) Eden: 275339K(275456K)->0K(283648K) From: 10999K(35840K)->11110K(33792K)
[45.744s][info][gc,heap        ] GC(369) ParOldGen: 221565K(699392K)->221878K(699392K)
[45.744s][info][gc,metaspace   ] GC(369) Metaspace: 36116K(36480K)->36116K(36480K) NonClass: 31947K(32128K)->31947K(32128K) Class: 4168K(4352K)->4168K(4352K)
[45.744s][info][gc             ] GC(369) Pause Young (Allocation Failure) 496M->227M(993M) 5.342ms
[45.744s][info][gc,cpu         ] GC(369) User=0.00s Sys=0.00s Real=0.02s
[45.999s][info][gc,start       ] GC(370) Pause Young (Allocation Failure)
[46.005s][info][gc,heap        ] GC(370) PSYoungGen: 293333K(317440K)->13951K(315392K) Eden: 282222K(283648K)->0K(283648K) From: 11110K(33792K)->13951K(31744K)
[46.005s][info][gc,heap        ] GC(370) ParOldGen: 221878K(699392K)->222210K(699392K)
[46.005s][info][gc,metaspace   ] GC(370) Metaspace: 36116K(36480K)->36116K(36480K) NonClass: 31947K(32128K)->31947K(32128K) Class: 4168K(4352K)->4168K(4352K)
[46.005s][info][gc             ] GC(370) Pause Young (Allocation Failure) 503M->230M(991M) 5.558ms
[46.005s][info][gc,cpu         ] GC(370) User=0.09s Sys=0.00s Real=0.00s
[46.251s][info][gc,start       ] GC(371) Pause Young (Allocation Failure)
[46.258s][info][gc,heap        ] GC(371) PSYoungGen: 293681K(315392K)->21988K(314880K) Eden: 279729K(283648K)->0K(284672K) From: 13951K(31744K)->21988K(30208K)
[46.259s][info][gc,heap        ] GC(371) ParOldGen: 222210K(699392K)->222986K(699392K)
[46.259s][info][gc,metaspace   ] GC(371) Metaspace: 36116K(36480K)->36116K(36480K) NonClass: 31947K(32128K)->31947K(32128K) Class: 4168K(4352K)->4168K(4352K)
[46.259s][info][gc             ] GC(371) Pause Young (Allocation Failure) 503M->239M(990M) 7.424ms
[46.259s][info][gc,cpu         ] GC(371) User=0.00s Sys=0.00s Real=0.01s
[46.516s][info][gc,start       ] GC(372) Pause Young (Allocation Failure)
[46.523s][info][gc,heap        ] GC(372) PSYoungGen: 305383K(314880K)->13237K(316928K) Eden: 283394K(284672K)->0K(284672K) From: 21988K(30208K)->13237K(32256K)
[46.523s][info][gc,heap        ] GC(372) ParOldGen: 222986K(699392K)->225511K(699392K)
[46.523s][info][gc,metaspace   ] GC(372) Metaspace: 36116K(36480K)->36116K(36480K) NonClass: 31947K(32128K)->31947K(32128K) Class: 4168K(4352K)->4168K(4352K)
[46.523s][info][gc             ] GC(372) Pause Young (Allocation Failure) 515M->233M(992M) 7.238ms
[46.523s][info][gc,cpu         ] GC(372) User=0.00s Sys=0.00s Real=0.01s
[46.769s][info][gc,start       ] GC(373) Pause Young (Allocation Failure)
[46.775s][info][gc,heap        ] GC(373) PSYoungGen: 293546K(316928K)->15363K(319488K) Eden: 280308K(284672K)->0K(289280K) From: 13237K(32256K)->15363K(30208K)
[46.775s][info][gc,heap        ] GC(373) ParOldGen: 225511K(699392K)->226973K(699392K)
[46.775s][info][gc,metaspace   ] GC(373) Metaspace: 36120K(36480K)->36120K(36480K) NonClass: 31952K(32128K)->31952K(32128K) Class: 4168K(4352K)->4168K(4352K)
[46.775s][info][gc             ] GC(373) Pause Young (Allocation Failure) 506M->236M(995M) 6.022ms
[46.775s][info][gc,cpu         ] GC(373) User=0.00s Sys=0.00s Real=0.01s
[47.038s][info][gc,start       ] GC(374) Pause Young (Allocation Failure)
[47.045s][info][gc,heap        ] GC(374) PSYoungGen: 300728K(319488K)->22409K(311808K) Eden: 285365K(289280K)->0K(289280K) From: 15363K(30208K)->22409K(22528K)
[47.045s][info][gc,heap        ] GC(374) ParOldGen: 226973K(699392K)->227814K(699392K)
[47.045s][info][gc,metaspace   ] GC(374) Metaspace: 36122K(36480K)->36122K(36480K) NonClass: 31954K(32128K)->31954K(32128K) Class: 4168K(4352K)->4168K(4352K)
[47.045s][info][gc             ] GC(374) Pause Young (Allocation Failure) 515M->244M(987M) 7.530ms
[47.045s][info][gc,cpu         ] GC(374) User=0.00s Sys=0.00s Real=0.01s
[47.310s][info][gc,start       ] GC(375) Pause Young (Allocation Failure)
[47.319s][info][gc,heap        ] GC(375) PSYoungGen: 310611K(311808K)->23659K(314880K) Eden: 288201K(289280K)->0K(283648K) From: 22409K(22528K)->23659K(31232K)
[47.319s][info][gc,heap        ] GC(375) ParOldGen: 227814K(699392K)->230242K(699392K)
[47.319s][info][gc,metaspace   ] GC(375) Metaspace: 36122K(36480K)->36122K(36480K) NonClass: 31954K(32128K)->31954K(32128K) Class: 4168K(4352K)->4168K(4352K)
[47.319s][info][gc             ] GC(375) Pause Young (Allocation Failure) 525M->247M(990M) 8.554ms
[47.319s][info][gc,cpu         ] GC(375) User=0.09s Sys=0.00s Real=0.01s
[47.449s][info][gc,start       ] GC(376) Pause Young (System.gc())
[47.457s][info][gc,heap        ] GC(376) PSYoungGen: 153921K(314880K)->9206K(316416K) Eden: 130262K(283648K)->0K(283648K) From: 23659K(31232K)->9206K(32768K)
[47.457s][info][gc,heap        ] GC(376) ParOldGen: 230242K(699392K)->239521K(699392K)
[47.457s][info][gc,metaspace   ] GC(376) Metaspace: 36126K(36480K)->36126K(36480K) NonClass: 31958K(32128K)->31958K(32128K) Class: 4168K(4352K)->4168K(4352K)
[47.457s][info][gc             ] GC(376) Pause Young (System.gc()) 375M->242M(992M) 7.843ms
[47.457s][info][gc,cpu         ] GC(376) User=0.08s Sys=0.00s Real=0.02s
[47.457s][info][gc,start       ] GC(377) Pause Full (System.gc())
[47.457s][info][gc,phases,start] GC(377) Marking Phase
[47.474s][info][gc,phases      ] GC(377) Marking Phase 16.747ms
[47.474s][info][gc,phases,start] GC(377) Summary Phase
[47.474s][info][gc,phases      ] GC(377) Summary Phase 0.012ms
[47.474s][info][gc,phases,start] GC(377) Adjust Roots
[47.477s][info][gc,phases      ] GC(377) Adjust Roots 3.006ms
[47.477s][info][gc,phases,start] GC(377) Compaction Phase
[47.487s][info][gc,phases      ] GC(377) Compaction Phase 10.332ms
[47.487s][info][gc,phases,start] GC(377) Post Compact
[47.488s][info][gc,phases      ] GC(377) Post Compact 1.214ms
[47.489s][info][gc,heap        ] GC(377) PSYoungGen: 9206K(316416K)->0K(316416K) Eden: 0K(283648K)->0K(283648K) From: 9206K(32768K)->0K(32768K)
[47.489s][info][gc,heap        ] GC(377) ParOldGen: 239521K(699392K)->114818K(699392K)
[47.489s][info][gc,metaspace   ] GC(377) Metaspace: 36126K(36480K)->36126K(36480K) NonClass: 31958K(32128K)->31958K(32128K) Class: 4168K(4352K)->4168K(4352K)
[47.489s][info][gc             ] GC(377) Pause Full (System.gc()) 242M->112M(992M) 31.615ms
[47.489s][info][gc,cpu         ] GC(377) User=0.12s Sys=0.00s Real=0.03s
[47.537s][info][gc,start       ] GC(378) Pause Young (Allocation Failure)
[47.537s][info][gc,heap        ] GC(378) PSYoungGen: 283648K(316416K)->192K(315904K) Eden: 283648K(283648K)->0K(283648K) From: 0K(32768K)->192K(32256K)
[47.537s][info][gc,heap        ] GC(378) ParOldGen: 114818K(699392K)->114818K(699392K)
[47.537s][info][gc,metaspace   ] GC(378) Metaspace: 36129K(36480K)->36129K(36480K) NonClass: 31960K(32128K)->31960K(32128K) Class: 4168K(4352K)->4168K(4352K)
[47.537s][info][gc             ] GC(378) Pause Young (Allocation Failure) 389M->112M(991M) 0.393ms
[47.537s][info][gc,cpu         ] GC(378) User=0.00s Sys=0.00s Real=0.00s
[47.579s][info][gc,start       ] GC(379) Pause Young (Allocation Failure)
[47.580s][info][gc,heap        ] GC(379) PSYoungGen: 283840K(315904K)->160K(284160K) Eden: 283648K(283648K)->0K(283648K) From: 192K(32256K)->160K(512K)
[47.580s][info][gc,heap        ] GC(379) ParOldGen: 114818K(699392K)->114866K(699392K)
[47.580s][info][gc,metaspace   ] GC(379) Metaspace: 36129K(36480K)->36129K(36480K) NonClass: 31960K(32128K)->31960K(32128K) Class: 4168K(4352K)->4168K(4352K)
[47.580s][info][gc             ] GC(379) Pause Young (Allocation Failure) 389M->112M(960M) 0.427ms
[47.580s][info][gc,cpu         ] GC(379) User=0.00s Sys=0.00s Real=0.00s
[47.624s][info][gc,start       ] GC(380) Pause Young (Allocation Failure)
[47.624s][info][gc,heap        ] GC(380) PSYoungGen: 283808K(284160K)->192K(315904K) Eden: 283648K(283648K)->0K(282624K) From: 160K(512K)->192K(33280K)
[47.624s][info][gc,heap        ] GC(380) ParOldGen: 114866K(699392K)->114866K(699392K)
[47.624s][info][gc,metaspace   ] GC(380) Metaspace: 36129K(36480K)->36129K(36480K) NonClass: 31960K(32128K)->31960K(32128K) Class: 4168K(4352K)->4168K(4352K)
[47.624s][info][gc             ] GC(380) Pause Young (Allocation Failure) 389M->112M(991M) 0.388ms
[47.624s][info][gc,cpu         ] GC(380) User=0.00s Sys=0.00s Real=0.00s
[47.671s][info][gc,start       ] GC(381) Pause Young (Allocation Failure)
[47.673s][info][gc,heap        ] GC(381) PSYoungGen: 282816K(315904K)->192K(315904K) Eden: 282624K(282624K)->0K(282624K) From: 192K(33280K)->192K(33280K)
[47.673s][info][gc,heap        ] GC(381) ParOldGen: 114866K(699392K)->114866K(699392K)
[47.673s][info][gc,metaspace   ] GC(381) Metaspace: 36129K(36480K)->36129K(36480K) NonClass: 31960K(32128K)->31960K(32128K) Class: 4168K(4352K)->4168K(4352K)
[47.673s][info][gc             ] GC(381) Pause Young (Allocation Failure) 388M->112M(991M) 1.773ms
[47.673s][info][gc,cpu         ] GC(381) User=0.08s Sys=0.00s Real=0.00s
[47.715s][info][gc,start       ] GC(382) Pause Young (Allocation Failure)
[47.716s][info][gc,heap        ] GC(382) PSYoungGen: 282816K(315904K)->192K(316928K) Eden: 282624K(282624K)->0K(284160K) From: 192K(33280K)->192K(32768K)
[47.716s][info][gc,heap        ] GC(382) ParOldGen: 114866K(699392K)->114866K(699392K)
[47.716s][info][gc,metaspace   ] GC(382) Metaspace: 36129K(36480K)->36129K(36480K) NonClass: 31960K(32128K)->31960K(32128K) Class: 4168K(4352K)->4168K(4352K)
[47.716s][info][gc             ] GC(382) Pause Young (Allocation Failure) 388M->112M(992M) 0.393ms
[47.716s][info][gc,cpu         ] GC(382) User=0.00s Sys=0.00s Real=0.00s
[47.759s][info][gc,start       ] GC(383) Pause Young (Allocation Failure)
[47.759s][info][gc,heap        ] GC(383) PSYoungGen: 284352K(316928K)->160K(316416K) Eden: 284160K(284160K)->0K(284160K) From: 192K(32768K)->160K(32256K)
[47.759s][info][gc,heap        ] GC(383) ParOldGen: 114866K(699392K)->114866K(699392K)
[47.759s][info][gc,metaspace   ] GC(383) Metaspace: 36129K(36480K)->36129K(36480K) NonClass: 31960K(32128K)->31960K(32128K) Class: 4168K(4352K)->4168K(4352K)
[47.759s][info][gc             ] GC(383) Pause Young (Allocation Failure) 389M->112M(992M) 0.462ms
[47.759s][info][gc,cpu         ] GC(383) User=0.00s Sys=0.00s Real=0.00s
[47.803s][info][gc,start       ] GC(384) Pause Young (Allocation Failure)
[47.804s][info][gc,heap        ] GC(384) PSYoungGen: 284320K(316416K)->192K(318976K) Eden: 284160K(284160K)->0K(287744K) From: 160K(32256K)->192K(31232K)
[47.804s][info][gc,heap        ] GC(384) ParOldGen: 114866K(699392K)->114866K(699392K)
[47.804s][info][gc,metaspace   ] GC(384) Metaspace: 36129K(36480K)->36129K(36480K) NonClass: 31960K(32128K)->31960K(32128K) Class: 4168K(4352K)->4168K(4352K)
[47.804s][info][gc             ] GC(384) Pause Young (Allocation Failure) 389M->112M(994M) 0.375ms
[47.804s][info][gc,cpu         ] GC(384) User=0.00s Sys=0.00s Real=0.00s
[47.846s][info][gc,start       ] GC(385) Pause Young (Allocation Failure)
[47.846s][info][gc,heap        ] GC(385) PSYoungGen: 287936K(318976K)->192K(317952K) Eden: 287744K(287744K)->0K(287744K) From: 192K(31232K)->192K(30208K)
[47.846s][info][gc,heap        ] GC(385) ParOldGen: 114866K(699392K)->114866K(699392K)
[47.846s][info][gc,metaspace   ] GC(385) Metaspace: 36129K(36480K)->36129K(36480K) NonClass: 31960K(32128K)->31960K(32128K) Class: 4168K(4352K)->4168K(4352K)
[47.846s][info][gc             ] GC(385) Pause Young (Allocation Failure) 393M->112M(993M) 0.392ms
[47.846s][info][gc,cpu         ] GC(385) User=0.00s Sys=0.00s Real=0.00s
[47.889s][info][gc,start       ] GC(386) Pause Young (Allocation Failure)
[47.889s][info][gc,heap        ] GC(386) PSYoungGen: 287936K(317952K)->192K(321024K) Eden: 287744K(287744K)->0K(291840K) From: 192K(30208K)->192K(29184K)
[47.889s][info][gc,heap        ] GC(386) ParOldGen: 114866K(699392K)->114866K(699392K)
[47.889s][info][gc,metaspace   ] GC(386) Metaspace: 36129K(36480K)->36129K(36480K) NonClass: 31960K(32128K)->31960K(32128K) Class: 4168K(4352K)->4168K(4352K)
[47.889s][info][gc             ] GC(386) Pause Young (Allocation Failure) 393M->112M(996M) 0.383ms
[47.889s][info][gc,cpu         ] GC(386) User=0.00s Sys=0.00s Real=0.00s
[47.933s][info][gc,start       ] GC(387) Pause Young (Allocation Failure)
[47.933s][info][gc,heap        ] GC(387) PSYoungGen: 292032K(321024K)->192K(320000K) Eden: 291840K(291840K)->0K(291840K) From: 192K(29184K)->192K(28160K)
[47.934s][info][gc,heap        ] GC(387) ParOldGen: 114866K(699392K)->114866K(699392K)
[47.934s][info][gc,metaspace   ] GC(387) Metaspace: 36129K(36480K)->36129K(36480K) NonClass: 31960K(32128K)->31960K(32128K) Class: 4168K(4352K)->4168K(4352K)
[47.934s][info][gc             ] GC(387) Pause Young (Allocation Failure) 397M->112M(995M) 0.370ms
[47.934s][info][gc,cpu         ] GC(387) User=0.00s Sys=0.00s Real=0.00s
[47.977s][info][gc,start       ] GC(388) Pause Young (Allocation Failure)
[47.977s][info][gc,heap        ] GC(388) PSYoungGen: 292032K(320000K)->192K(323584K) Eden: 291840K(291840K)->0K(296960K) From: 192K(28160K)->192K(26624K)
[47.977s][info][gc,heap        ] GC(388) ParOldGen: 114866K(699392K)->114866K(699392K)
[47.977s][info][gc,metaspace   ] GC(388) Metaspace: 36129K(36480K)->36129K(36480K) NonClass: 31960K(32128K)->31960K(32128K) Class: 4168K(4352K)->4168K(4352K)
[47.977s][info][gc             ] GC(388) Pause Young (Allocation Failure) 397M->112M(999M) 0.386ms
[47.977s][info][gc,cpu         ] GC(388) User=0.00s Sys=0.00s Real=0.00s
[48.022s][info][gc,start       ] GC(389) Pause Young (Allocation Failure)
[48.023s][info][gc,heap        ] GC(389) PSYoungGen: 297152K(323584K)->160K(322560K) Eden: 296960K(296960K)->0K(296960K) From: 192K(26624K)->160K(25600K)
[48.023s][info][gc,heap        ] GC(389) ParOldGen: 114866K(699392K)->114866K(699392K)
[48.023s][info][gc,metaspace   ] GC(389) Metaspace: 36129K(36480K)->36129K(36480K) NonClass: 31960K(32128K)->31960K(32128K) Class: 4168K(4352K)->4168K(4352K)
[48.023s][info][gc             ] GC(389) Pause Young (Allocation Failure) 402M->112M(998M) 0.496ms
[48.023s][info][gc,cpu         ] GC(389) User=0.00s Sys=0.00s Real=0.00s
[48.068s][info][gc,start       ] GC(390) Pause Young (Allocation Failure)
[48.068s][info][gc,heap        ] GC(390) PSYoungGen: 297120K(322560K)->160K(326144K) Eden: 296960K(296960K)->0K(302080K) From: 160K(25600K)->160K(24064K)
[48.068s][info][gc,heap        ] GC(390) ParOldGen: 114866K(699392K)->114866K(699392K)
[48.068s][info][gc,metaspace   ] GC(390) Metaspace: 36129K(36480K)->36129K(36480K) NonClass: 31960K(32128K)->31960K(32128K) Class: 4168K(4352K)->4168K(4352K)
[48.068s][info][gc             ] GC(390) Pause Young (Allocation Failure) 402M->112M(1001M) 0.447ms
[48.069s][info][gc,cpu         ] GC(390) User=0.00s Sys=0.00s Real=0.00s
[48.114s][info][gc,start       ] GC(391) Pause Young (Allocation Failure)
[48.115s][info][gc,heap        ] GC(391) PSYoungGen: 302240K(326144K)->192K(325120K) Eden: 302080K(302080K)->0K(302080K) From: 160K(24064K)->192K(23040K)
[48.115s][info][gc,heap        ] GC(391) ParOldGen: 114866K(699392K)->114866K(699392K)
[48.115s][info][gc,metaspace   ] GC(391) Metaspace: 36129K(36480K)->36129K(36480K) NonClass: 31960K(32128K)->31960K(32128K) Class: 4168K(4352K)->4168K(4352K)
[48.115s][info][gc             ] GC(391) Pause Young (Allocation Failure) 407M->112M(1000M) 0.414ms
[48.115s][info][gc,cpu         ] GC(391) User=0.00s Sys=0.00s Real=0.00s
[48.161s][info][gc,start       ] GC(392) Pause Young (Allocation Failure)
[48.161s][info][gc,heap        ] GC(392) PSYoungGen: 302272K(325120K)->192K(328704K) Eden: 302080K(302080K)->0K(307200K) From: 192K(23040K)->192K(21504K)
[48.161s][info][gc,heap        ] GC(392) ParOldGen: 114866K(699392K)->114866K(699392K)
[48.161s][info][gc,metaspace   ] GC(392) Metaspace: 36129K(36480K)->36129K(36480K) NonClass: 31960K(32128K)->31960K(32128K) Class: 4168K(4352K)->4168K(4352K)
[48.161s][info][gc             ] GC(392) Pause Young (Allocation Failure) 407M->112M(1004M) 0.372ms
[48.161s][info][gc,cpu         ] GC(392) User=0.00s Sys=0.00s Real=0.00s
[48.224s][info][gc,start       ] GC(393) Pause Young (Allocation Failure)
[48.225s][info][gc,heap        ] GC(393) PSYoungGen: 307392K(328704K)->192K(327680K) Eden: 307200K(307200K)->0K(307200K) From: 192K(21504K)->192K(20480K)
[48.225s][info][gc,heap        ] GC(393) ParOldGen: 114866K(699392K)->114874K(699392K)
[48.225s][info][gc,metaspace   ] GC(393) Metaspace: 36133K(36480K)->36133K(36480K) NonClass: 31964K(32128K)->31964K(32128K) Class: 4168K(4352K)->4168K(4352K)
[48.225s][info][gc             ] GC(393) Pause Young (Allocation Failure) 412M->112M(1003M) 0.464ms
[48.225s][info][gc,cpu         ] GC(393) User=0.00s Sys=0.00s Real=0.00s
[48.284s][info][gc,start       ] GC(394) Pause Young (Allocation Failure)
[48.285s][info][gc,heap        ] GC(394) PSYoungGen: 307392K(327680K)->192K(331264K) Eden: 307200K(307200K)->0K(311808K) From: 192K(20480K)->192K(19456K)
[48.285s][info][gc,heap        ] GC(394) ParOldGen: 114874K(699392K)->114922K(699392K)
[48.285s][info][gc,metaspace   ] GC(394) Metaspace: 36133K(36480K)->36133K(36480K) NonClass: 31964K(32128K)->31964K(32128K) Class: 4168K(4352K)->4168K(4352K)
[48.285s][info][gc             ] GC(394) Pause Young (Allocation Failure) 412M->112M(1006M) 0.419ms
[48.285s][info][gc,cpu         ] GC(394) User=0.00s Sys=0.00s Real=0.00s
[48.344s][info][gc,start       ] GC(395) Pause Young (Allocation Failure)
[48.344s][info][gc,heap        ] GC(395) PSYoungGen: 312000K(331264K)->192K(329728K) Eden: 311808K(311808K)->0K(311808K) From: 192K(19456K)->192K(17920K)
[48.344s][info][gc,heap        ] GC(395) ParOldGen: 114922K(699392K)->114922K(699392K)
[48.344s][info][gc,metaspace   ] GC(395) Metaspace: 36133K(36480K)->36133K(36480K) NonClass: 31964K(32128K)->31964K(32128K) Class: 4168K(4352K)->4168K(4352K)
[48.344s][info][gc             ] GC(395) Pause Young (Allocation Failure) 416M->112M(1005M) 0.535ms
[48.344s][info][gc,cpu         ] GC(395) User=0.00s Sys=0.00s Real=0.00s
[48.404s][info][gc,start       ] GC(396) Pause Young (Allocation Failure)
[48.404s][info][gc,heap        ] GC(396) PSYoungGen: 312000K(329728K)->192K(333312K) Eden: 311808K(311808K)->0K(316416K) From: 192K(17920K)->192K(16896K)
[48.404s][info][gc,heap        ] GC(396) ParOldGen: 114922K(699392K)->114922K(699392K)
[48.404s][info][gc,metaspace   ] GC(396) Metaspace: 36133K(36480K)->36133K(36480K) NonClass: 31964K(32128K)->31964K(32128K) Class: 4168K(4352K)->4168K(4352K)
[48.404s][info][gc             ] GC(396) Pause Young (Allocation Failure) 416M->112M(1008M) 0.555ms
[48.404s][info][gc,cpu         ] GC(396) User=0.00s Sys=0.00s Real=0.01s
[48.466s][info][gc,start       ] GC(397) Pause Young (Allocation Failure)
[48.466s][info][gc,heap        ] GC(397) PSYoungGen: 316608K(333312K)->192K(332288K) Eden: 316416K(316416K)->0K(316416K) From: 192K(16896K)->192K(15872K)
[48.466s][info][gc,heap        ] GC(397) ParOldGen: 114922K(699392K)->114922K(699392K)
[48.466s][info][gc,metaspace   ] GC(397) Metaspace: 36133K(36480K)->36133K(36480K) NonClass: 31964K(32128K)->31964K(32128K) Class: 4168K(4352K)->4168K(4352K)
[48.466s][info][gc             ] GC(397) Pause Young (Allocation Failure) 421M->112M(1007M) 0.409ms
[48.466s][info][gc,cpu         ] GC(397) User=0.00s Sys=0.00s Real=0.00s
[48.525s][info][gc,start       ] GC(398) Pause Young (Allocation Failure)
[48.526s][info][gc,heap        ] GC(398) PSYoungGen: 316608K(332288K)->192K(335360K) Eden: 316416K(316416K)->0K(320512K) From: 192K(15872K)->192K(14848K)
[48.526s][info][gc,heap        ] GC(398) ParOldGen: 114922K(699392K)->114922K(699392K)
[48.526s][info][gc,metaspace   ] GC(398) Metaspace: 36133K(36480K)->36133K(36480K) NonClass: 31964K(32128K)->31964K(32128K) Class: 4168K(4352K)->4168K(4352K)
[48.526s][info][gc             ] GC(398) Pause Young (Allocation Failure) 421M->112M(1010M) 0.405ms
[48.526s][info][gc,cpu         ] GC(398) User=0.00s Sys=0.00s Real=0.00s
[48.586s][info][gc,start       ] GC(399) Pause Young (Allocation Failure)
[48.586s][info][gc,heap        ] GC(399) PSYoungGen: 320704K(335360K)->192K(334336K) Eden: 320512K(320512K)->0K(320512K) From: 192K(14848K)->192K(13824K)
[48.586s][info][gc,heap        ] GC(399) ParOldGen: 114922K(699392K)->114922K(699392K)
[48.586s][info][gc,metaspace   ] GC(399) Metaspace: 36133K(36480K)->36133K(36480K) NonClass: 31964K(32128K)->31964K(32128K) Class: 4168K(4352K)->4168K(4352K)
[48.586s][info][gc             ] GC(399) Pause Young (Allocation Failure) 425M->112M(1009M) 0.402ms
[48.586s][info][gc,cpu         ] GC(399) User=0.00s Sys=0.00s Real=0.00s
[48.648s][info][gc,start       ] GC(400) Pause Young (Allocation Failure)
[48.648s][info][gc,heap        ] GC(400) PSYoungGen: 320704K(334336K)->192K(336896K) Eden: 320512K(320512K)->0K(324096K) From: 192K(13824K)->192K(12800K)
[48.648s][info][gc,heap        ] GC(400) ParOldGen: 114922K(699392K)->114922K(699392K)
[48.648s][info][gc,metaspace   ] GC(400) Metaspace: 36133K(36480K)->36133K(36480K) NonClass: 31964K(32128K)->31964K(32128K) Class: 4168K(4352K)->4168K(4352K)
[48.648s][info][gc             ] GC(400) Pause Young (Allocation Failure) 425M->112M(1012M) 0.408ms
[48.648s][info][gc,cpu         ] GC(400) User=0.00s Sys=0.00s Real=0.00s
[48.711s][info][gc,start       ] GC(401) Pause Young (Allocation Failure)
[48.711s][info][gc,heap        ] GC(401) PSYoungGen: 324288K(336896K)->192K(336384K) Eden: 324096K(324096K)->0K(324096K) From: 192K(12800K)->192K(12288K)
[48.711s][info][gc,heap        ] GC(401) ParOldGen: 114922K(699392K)->114922K(699392K)
[48.711s][info][gc,metaspace   ] GC(401) Metaspace: 36133K(36480K)->36133K(36480K) NonClass: 31964K(32128K)->31964K(32128K) Class: 4168K(4352K)->4168K(4352K)
[48.711s][info][gc             ] GC(401) Pause Young (Allocation Failure) 428M->112M(1011M) 0.430ms
[48.711s][info][gc,cpu         ] GC(401) User=0.00s Sys=0.00s Real=0.00s
[48.773s][info][gc,start       ] GC(402) Pause Young (Allocation Failure)
[48.773s][info][gc,heap        ] GC(402) PSYoungGen: 324288K(336384K)->192K(338432K) Eden: 324096K(324096K)->0K(327168K) From: 192K(12288K)->192K(11264K)
[48.773s][info][gc,heap        ] GC(402) ParOldGen: 114922K(699392K)->114922K(699392K)
[48.773s][info][gc,metaspace   ] GC(402) Metaspace: 36133K(36480K)->36133K(36480K) NonClass: 31964K(32128K)->31964K(32128K) Class: 4168K(4352K)->4168K(4352K)
[48.773s][info][gc             ] GC(402) Pause Young (Allocation Failure) 428M->112M(1013M) 0.439ms
[48.773s][info][gc,cpu         ] GC(402) User=0.00s Sys=0.00s Real=0.00s
[48.836s][info][gc,start       ] GC(403) Pause Young (Allocation Failure)
[48.837s][info][gc,heap        ] GC(403) PSYoungGen: 327360K(338432K)->192K(337920K) Eden: 327168K(327168K)->0K(327168K) From: 192K(11264K)->192K(10752K)
[48.837s][info][gc,heap        ] GC(403) ParOldGen: 114922K(699392K)->114922K(699392K)
[48.837s][info][gc,metaspace   ] GC(403) Metaspace: 36133K(36480K)->36133K(36480K) NonClass: 31964K(32128K)->31964K(32128K) Class: 4168K(4352K)->4168K(4352K)
[48.837s][info][gc             ] GC(403) Pause Young (Allocation Failure) 431M->112M(1013M) 0.455ms
[48.837s][info][gc,cpu         ] GC(403) User=0.00s Sys=0.00s Real=0.00s
[48.899s][info][gc,start       ] GC(404) Pause Young (Allocation Failure)
[48.900s][info][gc,heap        ] GC(404) PSYoungGen: 327360K(337920K)->192K(339968K) Eden: 327168K(327168K)->0K(330240K) From: 192K(10752K)->192K(9728K)
[48.900s][info][gc,heap        ] GC(404) ParOldGen: 114922K(699392K)->114922K(699392K)
[48.900s][info][gc,metaspace   ] GC(404) Metaspace: 36133K(36480K)->36133K(36480K) NonClass: 31964K(32128K)->31964K(32128K) Class: 4168K(4352K)->4168K(4352K)
[48.900s][info][gc             ] GC(404) Pause Young (Allocation Failure) 431M->112M(1015M) 0.419ms
[48.900s][info][gc,cpu         ] GC(404) User=0.00s Sys=0.00s Real=0.00s
[48.961s][info][gc,start       ] GC(405) Pause Young (Allocation Failure)
[48.961s][info][gc,heap        ] GC(405) PSYoungGen: 330432K(339968K)->192K(339456K) Eden: 330240K(330240K)->0K(330240K) From: 192K(9728K)->192K(9216K)
[48.961s][info][gc,heap        ] GC(405) ParOldGen: 114922K(699392K)->114922K(699392K)
[48.961s][info][gc,metaspace   ] GC(405) Metaspace: 36133K(36480K)->36133K(36480K) NonClass: 31964K(32128K)->31964K(32128K) Class: 4168K(4352K)->4168K(4352K)
[48.961s][info][gc             ] GC(405) Pause Young (Allocation Failure) 434M->112M(1014M) 0.412ms
[48.961s][info][gc,cpu         ] GC(405) User=0.00s Sys=0.00s Real=0.00s
[49.024s][info][gc,start       ] GC(406) Pause Young (Allocation Failure)
[49.024s][info][gc,heap        ] GC(406) PSYoungGen: 330432K(339456K)->192K(341504K) Eden: 330240K(330240K)->0K(332800K) From: 192K(9216K)->192K(8704K)
[49.024s][info][gc,heap        ] GC(406) ParOldGen: 114922K(699392K)->114922K(699392K)
[49.024s][info][gc,metaspace   ] GC(406) Metaspace: 36133K(36480K)->36133K(36480K) NonClass: 31964K(32128K)->31964K(32128K) Class: 4168K(4352K)->4168K(4352K)
[49.024s][info][gc             ] GC(406) Pause Young (Allocation Failure) 434M->112M(1016M) 0.426ms
[49.024s][info][gc,cpu         ] GC(406) User=0.00s Sys=0.00s Real=0.00s
[49.085s][info][gc,start       ] GC(407) Pause Young (Allocation Failure)
[49.086s][info][gc,heap        ] GC(407) PSYoungGen: 332992K(341504K)->192K(340480K) Eden: 332800K(332800K)->0K(332800K) From: 192K(8704K)->192K(7680K)
[49.086s][info][gc,heap        ] GC(407) ParOldGen: 114922K(699392K)->114922K(699392K)
[49.086s][info][gc,metaspace   ] GC(407) Metaspace: 36133K(36480K)->36133K(36480K) NonClass: 31964K(32128K)->31964K(32128K) Class: 4168K(4352K)->4168K(4352K)
[49.086s][info][gc             ] GC(407) Pause Young (Allocation Failure) 437M->112M(1015M) 0.423ms
[49.086s][info][gc,cpu         ] GC(407) User=0.00s Sys=0.00s Real=0.00s
[49.146s][info][gc,start       ] GC(408) Pause Young (Allocation Failure)
[49.147s][info][gc,heap        ] GC(408) PSYoungGen: 332992K(340480K)->192K(342528K) Eden: 332800K(332800K)->0K(335360K) From: 192K(7680K)->192K(7168K)
[49.147s][info][gc,heap        ] GC(408) ParOldGen: 114922K(699392K)->114922K(699392K)
[49.147s][info][gc,metaspace   ] GC(408) Metaspace: 36133K(36480K)->36133K(36480K) NonClass: 31964K(32128K)->31964K(32128K) Class: 4168K(4352K)->4168K(4352K)
[49.147s][info][gc             ] GC(408) Pause Young (Allocation Failure) 437M->112M(1017M) 0.446ms
[49.147s][info][gc,cpu         ] GC(408) User=0.00s Sys=0.00s Real=0.00s
[49.209s][info][gc,start       ] GC(409) Pause Young (Allocation Failure)
[49.210s][info][gc,heap        ] GC(409) PSYoungGen: 335552K(342528K)->192K(342016K) Eden: 335360K(335360K)->0K(335360K) From: 192K(7168K)->192K(6656K)
[49.210s][info][gc,heap        ] GC(409) ParOldGen: 114922K(699392K)->114922K(699392K)
[49.210s][info][gc,metaspace   ] GC(409) Metaspace: 36133K(36480K)->36133K(36480K) NonClass: 31964K(32128K)->31964K(32128K) Class: 4168K(4352K)->4168K(4352K)
[49.210s][info][gc             ] GC(409) Pause Young (Allocation Failure) 439M->112M(1017M) 0.459ms
[49.210s][info][gc,cpu         ] GC(409) User=0.00s Sys=0.00s Real=0.00s
[49.273s][info][gc,start       ] GC(410) Pause Young (Allocation Failure)
[49.274s][info][gc,heap        ] GC(410) PSYoungGen: 335552K(342016K)->160K(343552K) Eden: 335360K(335360K)->0K(337408K) From: 192K(6656K)->160K(6144K)
[49.274s][info][gc,heap        ] GC(410) ParOldGen: 114922K(699392K)->114922K(699392K)
[49.274s][info][gc,metaspace   ] GC(410) Metaspace: 36133K(36480K)->36133K(36480K) NonClass: 31964K(32128K)->31964K(32128K) Class: 4168K(4352K)->4168K(4352K)
[49.274s][info][gc             ] GC(410) Pause Young (Allocation Failure) 439M->112M(1018M) 0.464ms
[49.274s][info][gc,cpu         ] GC(410) User=0.00s Sys=0.00s Real=0.00s
[49.338s][info][gc,start       ] GC(411) Pause Young (Allocation Failure)
[49.338s][info][gc,heap        ] GC(411) PSYoungGen: 337568K(343552K)->192K(343040K) Eden: 337408K(337408K)->0K(337408K) From: 160K(6144K)->192K(5632K)
[49.338s][info][gc,heap        ] GC(411) ParOldGen: 114922K(699392K)->114922K(699392K)
[49.338s][info][gc,metaspace   ] GC(411) Metaspace: 36133K(36480K)->36133K(36480K) NonClass: 31964K(32128K)->31964K(32128K) Class: 4168K(4352K)->4168K(4352K)
[49.338s][info][gc             ] GC(411) Pause Young (Allocation Failure) 441M->112M(1018M) 0.458ms
[49.338s][info][gc,cpu         ] GC(411) User=0.00s Sys=0.00s Real=0.00s
[49.403s][info][gc,start       ] GC(412) Pause Young (Allocation Failure)
[49.404s][info][gc,heap        ] GC(412) PSYoungGen: 337600K(343040K)->160K(344064K) Eden: 337408K(337408K)->0K(338432K) From: 192K(5632K)->160K(5632K)
[49.404s][info][gc,heap        ] GC(412) ParOldGen: 114922K(699392K)->114922K(699392K)
[49.404s][info][gc,metaspace   ] GC(412) Metaspace: 36133K(36480K)->36133K(36480K) NonClass: 31964K(32128K)->31964K(32128K) Class: 4168K(4352K)->4168K(4352K)
[49.404s][info][gc             ] GC(412) Pause Young (Allocation Failure) 441M->112M(1019M) 0.505ms
[49.404s][info][gc,cpu         ] GC(412) User=0.00s Sys=0.00s Real=0.00s
[49.469s][info][gc,start       ] GC(413) Pause Young (Allocation Failure)
[49.469s][info][gc,heap        ] GC(413) PSYoungGen: 338592K(344064K)->192K(343552K) Eden: 338432K(338432K)->0K(338432K) From: 160K(5632K)->192K(5120K)
[49.469s][info][gc,heap        ] GC(413) ParOldGen: 114922K(699392K)->114922K(699392K)
[49.469s][info][gc,metaspace   ] GC(413) Metaspace: 36133K(36480K)->36133K(36480K) NonClass: 31964K(32128K)->31964K(32128K) Class: 4168K(4352K)->4168K(4352K)
[49.469s][info][gc             ] GC(413) Pause Young (Allocation Failure) 442M->112M(1018M) 0.435ms
[49.469s][info][gc,cpu         ] GC(413) User=0.02s Sys=0.00s Real=0.00s
[49.533s][info][gc,start       ] GC(414) Pause Young (Allocation Failure)
[49.533s][info][gc,heap        ] GC(414) PSYoungGen: 338624K(343552K)->192K(344576K) Eden: 338432K(338432K)->0K(339968K) From: 192K(5120K)->192K(4608K)
[49.533s][info][gc,heap        ] GC(414) ParOldGen: 114922K(699392K)->114922K(699392K)
[49.533s][info][gc,metaspace   ] GC(414) Metaspace: 36133K(36480K)->36133K(36480K) NonClass: 31964K(32128K)->31964K(32128K) Class: 4168K(4352K)->4168K(4352K)
[49.533s][info][gc             ] GC(414) Pause Young (Allocation Failure) 442M->112M(1019M) 0.453ms
[49.533s][info][gc,cpu         ] GC(414) User=0.00s Sys=0.00s Real=0.00s
[49.600s][info][gc,start       ] GC(415) Pause Young (Allocation Failure)
[49.601s][info][gc,heap        ] GC(415) PSYoungGen: 340160K(344576K)->192K(344576K) Eden: 339968K(339968K)->0K(339968K) From: 192K(4608K)->192K(4608K)
[49.601s][info][gc,heap        ] GC(415) ParOldGen: 114922K(699392K)->114922K(699392K)
[49.601s][info][gc,metaspace   ] GC(415) Metaspace: 36133K(36480K)->36133K(36480K) NonClass: 31964K(32128K)->31964K(32128K) Class: 4168K(4352K)->4168K(4352K)
[49.601s][info][gc             ] GC(415) Pause Young (Allocation Failure) 444M->112M(1019M) 0.397ms
[49.601s][info][gc,cpu         ] GC(415) User=0.00s Sys=0.00s Real=0.00s
[49.666s][info][gc,start       ] GC(416) Pause Young (Allocation Failure)
[49.667s][info][gc,heap        ] GC(416) PSYoungGen: 340160K(344576K)->128K(345600K) Eden: 339968K(339968K)->0K(341504K) From: 192K(4608K)->128K(4096K)
[49.667s][info][gc,heap        ] GC(416) ParOldGen: 114922K(699392K)->114922K(699392K)
[49.667s][info][gc,metaspace   ] GC(416) Metaspace: 36133K(36480K)->36133K(36480K) NonClass: 31964K(32128K)->31964K(32128K) Class: 4168K(4352K)->4168K(4352K)
[49.667s][info][gc             ] GC(416) Pause Young (Allocation Failure) 444M->112M(1020M) 0.562ms
[49.667s][info][gc,cpu         ] GC(416) User=0.00s Sys=0.00s Real=0.00s
[49.734s][info][gc,start       ] GC(417) Pause Young (Allocation Failure)
[49.734s][info][gc,heap        ] GC(417) PSYoungGen: 341632K(345600K)->192K(345088K) Eden: 341504K(341504K)->0K(341504K) From: 128K(4096K)->192K(3584K)
[49.734s][info][gc,heap        ] GC(417) ParOldGen: 114922K(699392K)->114922K(699392K)
[49.735s][info][gc,metaspace   ] GC(417) Metaspace: 36133K(36480K)->36133K(36480K) NonClass: 31964K(32128K)->31964K(32128K) Class: 4168K(4352K)->4168K(4352K)
[49.735s][info][gc             ] GC(417) Pause Young (Allocation Failure) 445M->112M(1020M) 0.445ms
[49.735s][info][gc,cpu         ] GC(417) User=0.00s Sys=0.02s Real=0.00s
[49.800s][info][gc,start       ] GC(418) Pause Young (Allocation Failure)
[49.800s][info][gc,heap        ] GC(418) PSYoungGen: 341696K(345088K)->192K(346112K) Eden: 341504K(341504K)->0K(342528K) From: 192K(3584K)->192K(3584K)
[49.800s][info][gc,heap        ] GC(418) ParOldGen: 114922K(699392K)->114922K(699392K)
[49.800s][info][gc,metaspace   ] GC(418) Metaspace: 36133K(36480K)->36133K(36480K) NonClass: 31964K(32128K)->31964K(32128K) Class: 4168K(4352K)->4168K(4352K)
[49.800s][info][gc             ] GC(418) Pause Young (Allocation Failure) 445M->112M(1021M) 0.423ms
[49.800s][info][gc,cpu         ] GC(418) User=0.00s Sys=0.00s Real=0.00s
[49.866s][info][gc,start       ] GC(419) Pause Young (Allocation Failure)
[49.867s][info][gc,heap        ] GC(419) PSYoungGen: 342720K(346112K)->160K(345600K) Eden: 342528K(342528K)->0K(342528K) From: 192K(3584K)->160K(3072K)
[49.867s][info][gc,heap        ] GC(419) ParOldGen: 114922K(699392K)->114922K(699392K)
[49.867s][info][gc,metaspace   ] GC(419) Metaspace: 36133K(36480K)->36133K(36480K) NonClass: 31964K(32128K)->31964K(32128K) Class: 4168K(4352K)->4168K(4352K)
[49.867s][info][gc             ] GC(419) Pause Young (Allocation Failure) 446M->112M(1020M) 0.389ms
[49.867s][info][gc,cpu         ] GC(419) User=0.00s Sys=0.00s Real=0.00s
[49.952s][info][gc,start       ] GC(420) Pause Young (Allocation Failure)
[49.953s][info][gc,heap        ] GC(420) PSYoungGen: 342688K(345600K)->192K(346624K) Eden: 342528K(342528K)->0K(343552K) From: 160K(3072K)->192K(3072K)
[49.953s][info][gc,heap        ] GC(420) ParOldGen: 114922K(699392K)->114922K(699392K)
[49.953s][info][gc,metaspace   ] GC(420) Metaspace: 36134K(36480K)->36134K(36480K) NonClass: 31966K(32128K)->31966K(32128K) Class: 4168K(4352K)->4168K(4352K)
[49.953s][info][gc             ] GC(420) Pause Young (Allocation Failure) 446M->112M(1021M) 0.470ms
[49.953s][info][gc,cpu         ] GC(420) User=0.00s Sys=0.00s Real=0.00s
[50.290s][info][gc,start       ] GC(421) Pause Young (Allocation Failure)
[50.304s][info][gc,heap        ] GC(421) PSYoungGen: 343714K(346624K)->2555K(346112K) Eden: 343522K(343552K)->0K(343552K) From: 192K(3072K)->2555K(2560K)
[50.304s][info][gc,heap        ] GC(421) ParOldGen: 114922K(699392K)->151029K(699392K)
[50.304s][info][gc,metaspace   ] GC(421) Metaspace: 36136K(36480K)->36136K(36480K) NonClass: 31967K(32128K)->31967K(32128K) Class: 4168K(4352K)->4168K(4352K)
[50.304s][info][gc             ] GC(421) Pause Young (Allocation Failure) 447M->149M(1021M) 14.325ms
[50.304s][info][gc,cpu         ] GC(421) User=0.09s Sys=0.00s Real=0.02s
[50.639s][info][gc,start       ] GC(422) Pause Young (Allocation Failure)
[50.654s][info][gc,heap        ] GC(422) PSYoungGen: 346107K(346112K)->3062K(299008K) Eden: 343552K(343552K)->0K(295936K) From: 2555K(2560K)->3062K(3072K)
[50.654s][info][gc,heap        ] GC(422) ParOldGen: 151029K(699392K)->182549K(699392K)
[50.654s][info][gc,metaspace   ] GC(422) Metaspace: 36136K(36480K)->36136K(36480K) NonClass: 31967K(32128K)->31967K(32128K) Class: 4168K(4352K)->4168K(4352K)
[50.654s][info][gc             ] GC(422) Pause Young (Allocation Failure) 485M->181M(975M) 14.202ms
[50.654s][info][gc,cpu         ] GC(422) User=0.09s Sys=0.00s Real=0.02s
[50.921s][info][gc,start       ] GC(423) Pause Young (Allocation Failure)
[50.927s][info][gc,heap        ] GC(423) PSYoungGen: 298998K(299008K)->10755K(322560K) Eden: 295936K(295936K)->0K(295936K) From: 3062K(3072K)->10755K(26624K)
[50.927s][info][gc,heap        ] GC(423) ParOldGen: 182549K(699392K)->184297K(699392K)
[50.927s][info][gc,metaspace   ] GC(423) Metaspace: 36136K(36480K)->36136K(36480K) NonClass: 31967K(32128K)->31967K(32128K) Class: 4168K(4352K)->4168K(4352K)
[50.927s][info][gc             ] GC(423) Pause Young (Allocation Failure) 470M->190M(998M) 6.176ms
[50.927s][info][gc,cpu         ] GC(423) User=0.09s Sys=0.00s Real=0.01s
[51.196s][info][gc,start       ] GC(424) Pause Young (Allocation Failure)
[51.203s][info][gc,heap        ] GC(424) PSYoungGen: 306691K(322560K)->20550K(316928K) Eden: 295936K(295936K)->0K(290816K) From: 10755K(26624K)->20550K(26112K)
[51.203s][info][gc,heap        ] GC(424) ParOldGen: 184297K(699392K)->186132K(699392K)
[51.203s][info][gc,metaspace   ] GC(424) Metaspace: 36136K(36480K)->36136K(36480K) NonClass: 31967K(32128K)->31967K(32128K) Class: 4168K(4352K)->4168K(4352K)
[51.203s][info][gc             ] GC(424) Pause Young (Allocation Failure) 479M->201M(992M) 6.924ms
[51.203s][info][gc,cpu         ] GC(424) User=0.08s Sys=0.02s Real=0.01s
[51.462s][info][gc,start       ] GC(425) Pause Young (Allocation Failure)
[51.468s][info][gc,heap        ] GC(425) PSYoungGen: 311366K(316928K)->8886K(320000K) Eden: 290816K(290816K)->0K(290816K) From: 20550K(26112K)->8886K(29184K)
[51.468s][info][gc,heap        ] GC(425) ParOldGen: 186132K(699392K)->188151K(699392K)
[51.468s][info][gc,metaspace   ] GC(425) Metaspace: 36136K(36480K)->36136K(36480K) NonClass: 31967K(32128K)->31967K(32128K) Class: 4168K(4352K)->4168K(4352K)
[51.468s][info][gc             ] GC(425) Pause Young (Allocation Failure) 485M->192M(995M) 5.163ms
[51.468s][info][gc,cpu         ] GC(425) User=0.00s Sys=0.00s Real=0.00s
[51.723s][info][gc,start       ] GC(426) Pause Young (Allocation Failure)
[51.729s][info][gc,heap        ] GC(426) PSYoungGen: 295654K(320000K)->14325K(322048K) Eden: 286768K(290816K)->0K(294912K) From: 8886K(29184K)->14325K(27136K)
[51.729s][info][gc,heap        ] GC(426) ParOldGen: 188151K(699392K)->188959K(699392K)
[51.729s][info][gc,metaspace   ] GC(426) Metaspace: 36136K(36480K)->36136K(36480K) NonClass: 31967K(32128K)->31967K(32128K) Class: 4168K(4352K)->4168K(4352K)
[51.729s][info][gc             ] GC(426) Pause Young (Allocation Failure) 472M->198M(997M) 5.716ms
[51.729s][info][gc,cpu         ] GC(426) User=0.00s Sys=0.00s Real=0.01s
[51.980s][info][gc,start       ] GC(427) Pause Young (Allocation Failure)
[51.986s][info][gc,heap        ] GC(427) PSYoungGen: 309237K(322048K)->14564K(309760K) Eden: 294912K(294912K)->0K(294912K) From: 14325K(27136K)->14564K(14848K)
[51.986s][info][gc,heap        ] GC(427) ParOldGen: 188959K(699392K)->189806K(699392K)
[51.986s][info][gc,metaspace   ] GC(427) Metaspace: 36136K(36480K)->36136K(36480K) NonClass: 31967K(32128K)->31967K(32128K) Class: 4168K(4352K)->4168K(4352K)
[51.987s][info][gc             ] GC(427) Pause Young (Allocation Failure) 486M->199M(985M) 6.031ms
[51.987s][info][gc,cpu         ] GC(427) User=0.09s Sys=0.00s Real=0.01s
[52.239s][info][gc,start       ] GC(428) Pause Young (Allocation Failure)
[52.246s][info][gc,heap        ] GC(428) PSYoungGen: 307641K(309760K)->16695K(320512K) Eden: 293076K(294912K)->0K(292864K) From: 14564K(14848K)->16695K(27648K)
[52.246s][info][gc,heap        ] GC(428) ParOldGen: 189806K(699392K)->190172K(699392K)
[52.246s][info][gc,metaspace   ] GC(428) Metaspace: 36136K(36480K)->36136K(36480K) NonClass: 31967K(32128K)->31967K(32128K) Class: 4168K(4352K)->4168K(4352K)
[52.246s][info][gc             ] GC(428) Pause Young (Allocation Failure) 485M->202M(996M) 7.090ms
[52.246s][info][gc,cpu         ] GC(428) User=0.00s Sys=0.00s Real=0.01s
[52.497s][info][gc,start       ] GC(429) Pause Young (Allocation Failure)
[52.505s][info][gc,heap        ] GC(429) PSYoungGen: 309559K(320512K)->13374K(321024K) Eden: 292864K(292864K)->0K(292864K) From: 16695K(27648K)->13374K(28160K)
[52.505s][info][gc,heap        ] GC(429) ParOldGen: 190172K(699392K)->194445K(699392K)
[52.505s][info][gc,metaspace   ] GC(429) Metaspace: 36136K(36480K)->36136K(36480K) NonClass: 31967K(32128K)->31967K(32128K) Class: 4168K(4352K)->4168K(4352K)
[52.505s][info][gc             ] GC(429) Pause Young (Allocation Failure) 488M->202M(996M) 8.086ms
[52.505s][info][gc,cpu         ] GC(429) User=0.09s Sys=0.00s Real=0.01s
[52.757s][info][gc,start       ] GC(430) Pause Young (Allocation Failure)
[52.764s][info][gc,heap        ] GC(430) PSYoungGen: 303479K(321024K)->14642K(322048K) Eden: 290104K(292864K)->0K(294400K) From: 13374K(28160K)->14642K(27648K)
[52.764s][info][gc,heap        ] GC(430) ParOldGen: 194445K(699392K)->198387K(699392K)
[52.764s][info][gc,metaspace   ] GC(430) Metaspace: 36136K(36480K)->36136K(36480K) NonClass: 31967K(32128K)->31967K(32128K) Class: 4168K(4352K)->4168K(4352K)
[52.764s][info][gc             ] GC(430) Pause Young (Allocation Failure) 486M->208M(997M) 7.141ms
[52.764s][info][gc,cpu         ] GC(430) User=0.00s Sys=0.00s Real=0.01s
[53.006s][info][gc,start       ] GC(431) Pause Young (Allocation Failure)
[53.014s][info][gc,heap        ] GC(431) PSYoungGen: 305220K(322048K)->20293K(314880K) Eden: 290577K(294400K)->0K(294400K) From: 14642K(27648K)->20293K(20480K)
[53.014s][info][gc,heap        ] GC(431) ParOldGen: 198387K(699392K)->202146K(699392K)
[53.014s][info][gc,metaspace   ] GC(431) Metaspace: 36136K(36480K)->36136K(36480K) NonClass: 31967K(32128K)->31967K(32128K) Class: 4168K(4352K)->4168K(4352K)
[53.014s][info][gc             ] GC(431) Pause Young (Allocation Failure) 491M->217M(990M) 7.318ms
[53.014s][info][gc,cpu         ] GC(431) User=0.00s Sys=0.00s Real=0.01s
[53.273s][info][gc,start       ] GC(432) Pause Young (Allocation Failure)
[53.280s][info][gc,heap        ] GC(432) PSYoungGen: 314693K(314880K)->12355K(321536K) Eden: 294400K(294400K)->0K(292352K) From: 20293K(20480K)->12355K(29184K)
[53.280s][info][gc,heap        ] GC(432) ParOldGen: 202146K(699392K)->205832K(699392K)
[53.280s][info][gc,metaspace   ] GC(432) Metaspace: 36138K(36480K)->36138K(36480K) NonClass: 31970K(32128K)->31970K(32128K) Class: 4168K(4352K)->4168K(4352K)
[53.280s][info][gc             ] GC(432) Pause Young (Allocation Failure) 504M->213M(997M) 6.948ms
[53.280s][info][gc,cpu         ] GC(432) User=0.00s Sys=0.00s Real=0.01s
[53.461s][info][gc,start       ] GC(433) Pause Young (System.gc())
[53.467s][info][gc,heap        ] GC(433) PSYoungGen: 214376K(321536K)->6057K(320000K) Eden: 202021K(292352K)->0K(292352K) From: 12355K(29184K)->6057K(27648K)
[53.467s][info][gc,heap        ] GC(433) ParOldGen: 205832K(699392K)->208135K(699392K)
[53.467s][info][gc,metaspace   ] GC(433) Metaspace: 36140K(36480K)->36140K(36480K) NonClass: 31971K(32128K)->31971K(32128K) Class: 4168K(4352K)->4168K(4352K)
[53.467s][info][gc             ] GC(433) Pause Young (System.gc()) 410M->209M(995M) 5.881ms
[53.467s][info][gc,cpu         ] GC(433) User=0.00s Sys=0.00s Real=0.01s
[53.467s][info][gc,start       ] GC(434) Pause Full (System.gc())
[53.467s][info][gc,phases,start] GC(434) Marking Phase
[53.487s][info][gc,phases      ] GC(434) Marking Phase 20.082ms
[53.487s][info][gc,phases,start] GC(434) Summary Phase
[53.487s][info][gc,phases      ] GC(434) Summary Phase 0.012ms
[53.487s][info][gc,phases,start] GC(434) Adjust Roots
[53.490s][info][gc,phases      ] GC(434) Adjust Roots 3.057ms
[53.490s][info][gc,phases,start] GC(434) Compaction Phase
[53.500s][info][gc,phases      ] GC(434) Compaction Phase 9.858ms
[53.500s][info][gc,phases,start] GC(434) Post Compact
[53.501s][info][gc,phases      ] GC(434) Post Compact 1.228ms
[53.502s][info][gc,heap        ] GC(434) PSYoungGen: 6057K(320000K)->0K(320000K) Eden: 0K(292352K)->0K(292352K) From: 6057K(27648K)->0K(27648K)
[53.502s][info][gc,heap        ] GC(434) ParOldGen: 208135K(699392K)->112151K(699392K)
[53.502s][info][gc,metaspace   ] GC(434) Metaspace: 36140K(36480K)->36140K(36480K) NonClass: 31971K(32128K)->31971K(32128K) Class: 4168K(4352K)->4168K(4352K)
[53.502s][info][gc             ] GC(434) Pause Full (System.gc()) 209M->109M(995M) 34.539ms
[53.502s][info][gc,cpu         ] GC(434) User=0.12s Sys=0.03s Real=0.03s
[53.553s][info][gc,start       ] GC(435) Pause Young (Allocation Failure)
[53.553s][info][gc,heap        ] GC(435) PSYoungGen: 292352K(320000K)->192K(321024K) Eden: 292352K(292352K)->0K(293888K) From: 0K(27648K)->192K(27136K)
[53.553s][info][gc,heap        ] GC(435) ParOldGen: 112151K(699392K)->112151K(699392K)
[53.553s][info][gc,metaspace   ] GC(435) Metaspace: 36143K(36480K)->36143K(36480K) NonClass: 31975K(32128K)->31975K(32128K) Class: 4168K(4352K)->4168K(4352K)
[53.553s][info][gc             ] GC(435) Pause Young (Allocation Failure) 395M->109M(996M) 0.378ms
[53.553s][info][gc,cpu         ] GC(435) User=0.00s Sys=0.00s Real=0.00s
[53.598s][info][gc,start       ] GC(436) Pause Young (Allocation Failure)
[53.598s][info][gc,heap        ] GC(436) PSYoungGen: 294080K(321024K)->192K(321536K) Eden: 293888K(293888K)->0K(293888K) From: 192K(27136K)->192K(27648K)
[53.598s][info][gc,heap        ] GC(436) ParOldGen: 112151K(699392K)->112199K(699392K)
[53.598s][info][gc,metaspace   ] GC(436) Metaspace: 36143K(36480K)->36143K(36480K) NonClass: 31975K(32128K)->31975K(32128K) Class: 4168K(4352K)->4168K(4352K)
[53.598s][info][gc             ] GC(436) Pause Young (Allocation Failure) 396M->109M(997M) 0.387ms
[53.598s][info][gc,cpu         ] GC(436) User=0.00s Sys=0.00s Real=0.00s
[53.643s][info][gc,start       ] GC(437) Pause Young (Allocation Failure)
[53.644s][info][gc,heap        ] GC(437) PSYoungGen: 294080K(321536K)->192K(322048K) Eden: 293888K(293888K)->0K(294400K) From: 192K(27648K)->192K(27648K)
[53.644s][info][gc,heap        ] GC(437) ParOldGen: 112199K(699392K)->112199K(699392K)
[53.644s][info][gc,metaspace   ] GC(437) Metaspace: 36143K(36480K)->36143K(36480K) NonClass: 31975K(32128K)->31975K(32128K) Class: 4168K(4352K)->4168K(4352K)
[53.644s][info][gc             ] GC(437) Pause Young (Allocation Failure) 396M->109M(997M) 0.379ms
[53.644s][info][gc,cpu         ] GC(437) User=0.00s Sys=0.00s Real=0.00s
[53.692s][info][gc,start       ] GC(438) Pause Young (Allocation Failure)
[53.692s][info][gc,heap        ] GC(438) PSYoungGen: 294592K(322048K)->128K(321536K) Eden: 294400K(294400K)->0K(294400K) From: 192K(27648K)->128K(27136K)
[53.692s][info][gc,heap        ] GC(438) ParOldGen: 112199K(699392K)->112199K(699392K)
[53.692s][info][gc,metaspace   ] GC(438) Metaspace: 36143K(36480K)->36143K(36480K) NonClass: 31975K(32128K)->31975K(32128K) Class: 4168K(4352K)->4168K(4352K)
[53.692s][info][gc             ] GC(438) Pause Young (Allocation Failure) 397M->109M(997M) 0.640ms
[53.692s][info][gc,cpu         ] GC(438) User=0.00s Sys=0.00s Real=0.00s
[53.739s][info][gc,start       ] GC(439) Pause Young (Allocation Failure)
[53.739s][info][gc,heap        ] GC(439) PSYoungGen: 294528K(321536K)->128K(323072K) Eden: 294400K(294400K)->0K(296448K) From: 128K(27136K)->128K(26624K)
[53.739s][info][gc,heap        ] GC(439) ParOldGen: 112199K(699392K)->112199K(699392K)
[53.739s][info][gc,metaspace   ] GC(439) Metaspace: 36143K(36480K)->36143K(36480K) NonClass: 31975K(32128K)->31975K(32128K) Class: 4168K(4352K)->4168K(4352K)
[53.739s][info][gc             ] GC(439) Pause Young (Allocation Failure) 397M->109M(998M) 0.481ms
[53.739s][info][gc,cpu         ] GC(439) User=0.00s Sys=0.00s Real=0.00s
[53.784s][info][gc,start       ] GC(440) Pause Young (Allocation Failure)
[53.784s][info][gc,heap        ] GC(440) PSYoungGen: 296576K(323072K)->160K(322560K) Eden: 296448K(296448K)->0K(296448K) From: 128K(26624K)->160K(26112K)
[53.784s][info][gc,heap        ] GC(440) ParOldGen: 112199K(699392K)->112199K(699392K)
[53.784s][info][gc,metaspace   ] GC(440) Metaspace: 36143K(36480K)->36143K(36480K) NonClass: 31975K(32128K)->31975K(32128K) Class: 4168K(4352K)->4168K(4352K)
[53.784s][info][gc             ] GC(440) Pause Young (Allocation Failure) 399M->109M(998M) 0.437ms
[53.784s][info][gc,cpu         ] GC(440) User=0.00s Sys=0.00s Real=0.00s
[53.829s][info][gc,start       ] GC(441) Pause Young (Allocation Failure)
[53.829s][info][gc,heap        ] GC(441) PSYoungGen: 296608K(322560K)->160K(324608K) Eden: 296448K(296448K)->0K(299008K) From: 160K(26112K)->160K(25600K)
[53.829s][info][gc,heap        ] GC(441) ParOldGen: 112199K(699392K)->112199K(699392K)
[53.829s][info][gc,metaspace   ] GC(441) Metaspace: 36143K(36480K)->36143K(36480K) NonClass: 31975K(32128K)->31975K(32128K) Class: 4168K(4352K)->4168K(4352K)
[53.829s][info][gc             ] GC(441) Pause Young (Allocation Failure) 399M->109M(1000M) 0.379ms
[53.829s][info][gc,cpu         ] GC(441) User=0.00s Sys=0.00s Real=0.00s
[53.875s][info][gc,start       ] GC(442) Pause Young (Allocation Failure)
[53.875s][info][gc,heap        ] GC(442) PSYoungGen: 299168K(324608K)->192K(323584K) Eden: 299008K(299008K)->0K(299008K) From: 160K(25600K)->192K(24576K)
[53.875s][info][gc,heap        ] GC(442) ParOldGen: 112199K(699392K)->112199K(699392K)
[53.875s][info][gc,metaspace   ] GC(442) Metaspace: 36143K(36480K)->36143K(36480K) NonClass: 31975K(32128K)->31975K(32128K) Class: 4168K(4352K)->4168K(4352K)
[53.875s][info][gc             ] GC(442) Pause Young (Allocation Failure) 401M->109M(999M) 0.406ms
[53.875s][info][gc,cpu         ] GC(442) User=0.09s Sys=0.00s Real=0.00s
[53.919s][info][gc,start       ] GC(443) Pause Young (Allocation Failure)
[53.920s][info][gc,heap        ] GC(443) PSYoungGen: 299200K(323584K)->192K(326656K) Eden: 299008K(299008K)->0K(303104K) From: 192K(24576K)->192K(23552K)
[53.920s][info][gc,heap        ] GC(443) ParOldGen: 112199K(699392K)->112199K(699392K)
[53.920s][info][gc,metaspace   ] GC(443) Metaspace: 36143K(36480K)->36143K(36480K) NonClass: 31975K(32128K)->31975K(32128K) Class: 4168K(4352K)->4168K(4352K)
[53.920s][info][gc             ] GC(443) Pause Young (Allocation Failure) 401M->109M(1002M) 0.364ms
[53.920s][info][gc,cpu         ] GC(443) User=0.00s Sys=0.00s Real=0.00s
[53.965s][info][gc,start       ] GC(444) Pause Young (Allocation Failure)
[53.965s][info][gc,heap        ] GC(444) PSYoungGen: 303296K(326656K)->192K(325632K) Eden: 303104K(303104K)->0K(303104K) From: 192K(23552K)->192K(22528K)
[53.965s][info][gc,heap        ] GC(444) ParOldGen: 112199K(699392K)->112199K(699392K)
[53.965s][info][gc,metaspace   ] GC(444) Metaspace: 36143K(36480K)->36143K(36480K) NonClass: 31975K(32128K)->31975K(32128K) Class: 4168K(4352K)->4168K(4352K)
[53.965s][info][gc             ] GC(444) Pause Young (Allocation Failure) 405M->109M(1001M) 0.387ms
[53.965s][info][gc,cpu         ] GC(444) User=0.00s Sys=0.00s Real=0.00s
[54.011s][info][gc,start       ] GC(445) Pause Young (Allocation Failure)
[54.011s][info][gc,heap        ] GC(445) PSYoungGen: 303296K(325632K)->160K(328704K) Eden: 303104K(303104K)->0K(307200K) From: 192K(22528K)->160K(21504K)
[54.011s][info][gc,heap        ] GC(445) ParOldGen: 112199K(699392K)->112199K(699392K)
[54.011s][info][gc,metaspace   ] GC(445) Metaspace: 36143K(36480K)->36143K(36480K) NonClass: 31975K(32128K)->31975K(32128K) Class: 4168K(4352K)->4168K(4352K)
[54.011s][info][gc             ] GC(445) Pause Young (Allocation Failure) 405M->109M(1004M) 0.414ms
[54.011s][info][gc,cpu         ] GC(445) User=0.00s Sys=0.00s Real=0.00s
[54.058s][info][gc,start       ] GC(446) Pause Young (Allocation Failure)
[54.058s][info][gc,heap        ] GC(446) PSYoungGen: 307360K(328704K)->192K(327680K) Eden: 307200K(307200K)->0K(307200K) From: 160K(21504K)->192K(20480K)
[54.058s][info][gc,heap        ] GC(446) ParOldGen: 112199K(699392K)->112199K(699392K)
[54.058s][info][gc,metaspace   ] GC(446) Metaspace: 36143K(36480K)->36143K(36480K) NonClass: 31975K(32128K)->31975K(32128K) Class: 4168K(4352K)->4168K(4352K)
[54.058s][info][gc             ] GC(446) Pause Young (Allocation Failure) 409M->109M(1003M) 0.371ms
[54.058s][info][gc,cpu         ] GC(446) User=0.00s Sys=0.00s Real=0.00s
[54.105s][info][gc,start       ] GC(447) Pause Young (Allocation Failure)
[54.106s][info][gc,heap        ] GC(447) PSYoungGen: 307392K(327680K)->160K(330752K) Eden: 307200K(307200K)->0K(311296K) From: 192K(20480K)->160K(19456K)
[54.106s][info][gc,heap        ] GC(447) ParOldGen: 112199K(699392K)->112199K(699392K)
[54.106s][info][gc,metaspace   ] GC(447) Metaspace: 36143K(36480K)->36143K(36480K) NonClass: 31975K(32128K)->31975K(32128K) Class: 4168K(4352K)->4168K(4352K)
[54.106s][info][gc             ] GC(447) Pause Young (Allocation Failure) 409M->109M(1006M) 0.617ms
[54.106s][info][gc,cpu         ] GC(447) User=0.00s Sys=0.00s Real=0.00s
[54.153s][info][gc,start       ] GC(448) Pause Young (Allocation Failure)
[54.154s][info][gc,heap        ] GC(448) PSYoungGen: 311456K(330752K)->192K(329728K) Eden: 311296K(311296K)->0K(311296K) From: 160K(19456K)->192K(18432K)
[54.154s][info][gc,heap        ] GC(448) ParOldGen: 112199K(699392K)->112199K(699392K)
[54.154s][info][gc,metaspace   ] GC(448) Metaspace: 36143K(36480K)->36143K(36480K) NonClass: 31975K(32128K)->31975K(32128K) Class: 4168K(4352K)->4168K(4352K)
[54.154s][info][gc             ] GC(448) Pause Young (Allocation Failure) 413M->109M(1005M) 0.372ms
[54.154s][info][gc,cpu         ] GC(448) User=0.00s Sys=0.00s Real=0.00s
[54.210s][info][gc,start       ] GC(449) Pause Young (Allocation Failure)
[54.210s][info][gc,heap        ] GC(449) PSYoungGen: 311488K(329728K)->192K(332800K) Eden: 311296K(311296K)->0K(315392K) From: 192K(18432K)->192K(17408K)
[54.210s][info][gc,heap        ] GC(449) ParOldGen: 112199K(699392K)->112199K(699392K)
[54.210s][info][gc,metaspace   ] GC(449) Metaspace: 36143K(36480K)->36143K(36480K) NonClass: 31975K(32128K)->31975K(32128K) Class: 4168K(4352K)->4168K(4352K)
[54.210s][info][gc             ] GC(449) Pause Young (Allocation Failure) 413M->109M(1008M) 0.462ms
[54.210s][info][gc,cpu         ] GC(449) User=0.00s Sys=0.00s Real=0.00s
[54.271s][info][gc,start       ] GC(450) Pause Young (Allocation Failure)
[54.272s][info][gc,heap        ] GC(450) PSYoungGen: 315584K(332800K)->160K(331776K) Eden: 315392K(315392K)->0K(315392K) From: 192K(17408K)->160K(16384K)
[54.272s][info][gc,heap        ] GC(450) ParOldGen: 112199K(699392K)->112247K(699392K)
[54.272s][info][gc,metaspace   ] GC(450) Metaspace: 36143K(36480K)->36143K(36480K) NonClass: 31975K(32128K)->31975K(32128K) Class: 4168K(4352K)->4168K(4352K)
[54.272s][info][gc             ] GC(450) Pause Young (Allocation Failure) 417M->109M(1007M) 0.462ms
[54.272s][info][gc,cpu         ] GC(450) User=0.00s Sys=0.00s Real=0.00s
[54.332s][info][gc,start       ] GC(451) Pause Young (Allocation Failure)
[54.333s][info][gc,heap        ] GC(451) PSYoungGen: 315552K(331776K)->160K(334848K) Eden: 315392K(315392K)->0K(319488K) From: 160K(16384K)->160K(15360K)
[54.333s][info][gc,heap        ] GC(451) ParOldGen: 112247K(699392K)->112247K(699392K)
[54.333s][info][gc,metaspace   ] GC(451) Metaspace: 36143K(36480K)->36143K(36480K) NonClass: 31975K(32128K)->31975K(32128K) Class: 4168K(4352K)->4168K(4352K)
[54.333s][info][gc             ] GC(451) Pause Young (Allocation Failure) 417M->109M(1010M) 0.405ms
[54.333s][info][gc,cpu         ] GC(451) User=0.00s Sys=0.00s Real=0.00s
[54.394s][info][gc,start       ] GC(452) Pause Young (Allocation Failure)
[54.394s][info][gc,heap        ] GC(452) PSYoungGen: 319648K(334848K)->160K(333824K) Eden: 319488K(319488K)->0K(319488K) From: 160K(15360K)->160K(14336K)
[54.394s][info][gc,heap        ] GC(452) ParOldGen: 112247K(699392K)->112247K(699392K)
[54.394s][info][gc,metaspace   ] GC(452) Metaspace: 36143K(36480K)->36143K(36480K) NonClass: 31975K(32128K)->31975K(32128K) Class: 4168K(4352K)->4168K(4352K)
[54.394s][info][gc             ] GC(452) Pause Young (Allocation Failure) 421M->109M(1009M) 0.409ms
[54.394s][info][gc,cpu         ] GC(452) User=0.00s Sys=0.00s Real=0.00s
[54.455s][info][gc,start       ] GC(453) Pause Young (Allocation Failure)
[54.455s][info][gc,heap        ] GC(453) PSYoungGen: 319648K(333824K)->192K(336384K) Eden: 319488K(319488K)->0K(322560K) From: 160K(14336K)->192K(13824K)
[54.455s][info][gc,heap        ] GC(453) ParOldGen: 112247K(699392K)->112247K(699392K)
[54.455s][info][gc,metaspace   ] GC(453) Metaspace: 36143K(36480K)->36143K(36480K) NonClass: 31975K(32128K)->31975K(32128K) Class: 4168K(4352K)->4168K(4352K)
[54.455s][info][gc             ] GC(453) Pause Young (Allocation Failure) 421M->109M(1011M) 0.389ms
[54.455s][info][gc,cpu         ] GC(453) User=0.00s Sys=0.00s Real=0.00s
[54.517s][info][gc,start       ] GC(454) Pause Young (Allocation Failure)
[54.517s][info][gc,heap        ] GC(454) PSYoungGen: 322752K(336384K)->160K(335360K) Eden: 322560K(322560K)->0K(322560K) From: 192K(13824K)->160K(12800K)
[54.517s][info][gc,heap        ] GC(454) ParOldGen: 112247K(699392K)->112247K(699392K)
[54.517s][info][gc,metaspace   ] GC(454) Metaspace: 36143K(36480K)->36143K(36480K) NonClass: 31975K(32128K)->31975K(32128K) Class: 4168K(4352K)->4168K(4352K)
[54.517s][info][gc             ] GC(454) Pause Young (Allocation Failure) 424M->109M(1010M) 0.385ms
[54.517s][info][gc,cpu         ] GC(454) User=0.00s Sys=0.00s Real=0.00s
[54.576s][info][gc,start       ] GC(455) Pause Young (Allocation Failure)
[54.577s][info][gc,heap        ] GC(455) PSYoungGen: 322720K(335360K)->160K(337920K) Eden: 322560K(322560K)->0K(326144K) From: 160K(12800K)->160K(11776K)
[54.577s][info][gc,heap        ] GC(455) ParOldGen: 112247K(699392K)->112247K(699392K)
[54.577s][info][gc,metaspace   ] GC(455) Metaspace: 36143K(36480K)->36143K(36480K) NonClass: 31975K(32128K)->31975K(32128K) Class: 4168K(4352K)->4168K(4352K)
[54.577s][info][gc             ] GC(455) Pause Young (Allocation Failure) 424M->109M(1013M) 0.426ms
[54.577s][info][gc,cpu         ] GC(455) User=0.00s Sys=0.00s Real=0.00s
[54.639s][info][gc,start       ] GC(456) Pause Young (Allocation Failure)
[54.639s][info][gc,heap        ] GC(456) PSYoungGen: 326304K(337920K)->192K(337408K) Eden: 326144K(326144K)->0K(326144K) From: 160K(11776K)->192K(11264K)
[54.639s][info][gc,heap        ] GC(456) ParOldGen: 112247K(699392K)->112247K(699392K)
[54.639s][info][gc,metaspace   ] GC(456) Metaspace: 36143K(36480K)->36143K(36480K) NonClass: 31975K(32128K)->31975K(32128K) Class: 4168K(4352K)->4168K(4352K)
[54.639s][info][gc             ] GC(456) Pause Young (Allocation Failure) 428M->109M(1012M) 0.409ms
[54.639s][info][gc,cpu         ] GC(456) User=0.00s Sys=0.00s Real=0.00s
[54.703s][info][gc,start       ] GC(457) Pause Young (Allocation Failure)
[54.703s][info][gc,heap        ] GC(457) PSYoungGen: 326336K(337408K)->192K(339456K) Eden: 326144K(326144K)->0K(329216K) From: 192K(11264K)->192K(10240K)
[54.703s][info][gc,heap        ] GC(457) ParOldGen: 112247K(699392K)->112247K(699392K)
[54.703s][info][gc,metaspace   ] GC(457) Metaspace: 36143K(36480K)->36143K(36480K) NonClass: 31975K(32128K)->31975K(32128K) Class: 4168K(4352K)->4168K(4352K)
[54.703s][info][gc             ] GC(457) Pause Young (Allocation Failure) 428M->109M(1014M) 0.407ms
[54.703s][info][gc,cpu         ] GC(457) User=0.02s Sys=0.00s Real=0.00s
[54.767s][info][gc,start       ] GC(458) Pause Young (Allocation Failure)
[54.768s][info][gc,heap        ] GC(458) PSYoungGen: 329408K(339456K)->192K(338944K) Eden: 329216K(329216K)->0K(329216K) From: 192K(10240K)->192K(9728K)
[54.768s][info][gc,heap        ] GC(458) ParOldGen: 112247K(699392K)->112247K(699392K)
[54.768s][info][gc,metaspace   ] GC(458) Metaspace: 36143K(36480K)->36143K(36480K) NonClass: 31975K(32128K)->31975K(32128K) Class: 4168K(4352K)->4168K(4352K)
[54.768s][info][gc             ] GC(458) Pause Young (Allocation Failure) 431M->109M(1014M) 0.364ms
[54.768s][info][gc,cpu         ] GC(458) User=0.00s Sys=0.00s Real=0.00s
[54.831s][info][gc,start       ] GC(459) Pause Young (Allocation Failure)
[54.832s][info][gc,heap        ] GC(459) PSYoungGen: 329408K(338944K)->160K(340480K) Eden: 329216K(329216K)->0K(331264K) From: 192K(9728K)->160K(9216K)
[54.832s][info][gc,heap        ] GC(459) ParOldGen: 112247K(699392K)->112247K(699392K)
[54.832s][info][gc,metaspace   ] GC(459) Metaspace: 36143K(36480K)->36143K(36480K) NonClass: 31975K(32128K)->31975K(32128K) Class: 4168K(4352K)->4168K(4352K)
[54.832s][info][gc             ] GC(459) Pause Young (Allocation Failure) 431M->109M(1015M) 0.431ms
[54.832s][info][gc,cpu         ] GC(459) User=0.00s Sys=0.00s Real=0.00s
[54.896s][info][gc,start       ] GC(460) Pause Young (Allocation Failure)
[54.897s][info][gc,heap        ] GC(460) PSYoungGen: 331424K(340480K)->192K(339968K) Eden: 331264K(331264K)->0K(331264K) From: 160K(9216K)->192K(8704K)
[54.897s][info][gc,heap        ] GC(460) ParOldGen: 112247K(699392K)->112247K(699392K)
[54.897s][info][gc,metaspace   ] GC(460) Metaspace: 36143K(36480K)->36143K(36480K) NonClass: 31975K(32128K)->31975K(32128K) Class: 4168K(4352K)->4168K(4352K)
[54.897s][info][gc             ] GC(460) Pause Young (Allocation Failure) 433M->109M(1015M) 0.423ms
[54.897s][info][gc,cpu         ] GC(460) User=0.00s Sys=0.00s Real=0.00s
[54.959s][info][gc,start       ] GC(461) Pause Young (Allocation Failure)
[54.959s][info][gc,heap        ] GC(461) PSYoungGen: 331456K(339968K)->160K(342016K) Eden: 331264K(331264K)->0K(334336K) From: 192K(8704K)->160K(7680K)
[54.959s][info][gc,heap        ] GC(461) ParOldGen: 112247K(699392K)->112247K(699392K)
[54.959s][info][gc,metaspace   ] GC(461) Metaspace: 36143K(36480K)->36143K(36480K) NonClass: 31975K(32128K)->31975K(32128K) Class: 4168K(4352K)->4168K(4352K)
[54.959s][info][gc             ] GC(461) Pause Young (Allocation Failure) 433M->109M(1017M) 0.412ms
[54.959s][info][gc,cpu         ] GC(461) User=0.00s Sys=0.00s Real=0.00s
[55.021s][info][gc,start       ] GC(462) Pause Young (Allocation Failure)
[55.021s][info][gc,heap        ] GC(462) PSYoungGen: 334496K(342016K)->192K(341504K) Eden: 334336K(334336K)->0K(334336K) From: 160K(7680K)->192K(7168K)
[55.021s][info][gc,heap        ] GC(462) ParOldGen: 112247K(699392K)->112247K(699392K)
[55.021s][info][gc,metaspace   ] GC(462) Metaspace: 36143K(36480K)->36143K(36480K) NonClass: 31975K(32128K)->31975K(32128K) Class: 4168K(4352K)->4168K(4352K)
[55.021s][info][gc             ] GC(462) Pause Young (Allocation Failure) 436M->109M(1016M) 0.407ms
[55.021s][info][gc,cpu         ] GC(462) User=0.00s Sys=0.00s Real=0.00s
[55.086s][info][gc,start       ] GC(463) Pause Young (Allocation Failure)
[55.087s][info][gc,heap        ] GC(463) PSYoungGen: 334528K(341504K)->192K(343040K) Eden: 334336K(334336K)->0K(336384K) From: 192K(7168K)->192K(6656K)
[55.087s][info][gc,heap        ] GC(463) ParOldGen: 112247K(699392K)->112247K(699392K)
[55.087s][info][gc,metaspace   ] GC(463) Metaspace: 36143K(36480K)->36143K(36480K) NonClass: 31975K(32128K)->31975K(32128K) Class: 4168K(4352K)->4168K(4352K)
[55.087s][info][gc             ] GC(463) Pause Young (Allocation Failure) 436M->109M(1018M) 0.447ms
[55.087s][info][gc,cpu         ] GC(463) User=0.00s Sys=0.00s Real=0.00s
[55.151s][info][gc,start       ] GC(464) Pause Young (Allocation Failure)
[55.151s][info][gc,heap        ] GC(464) PSYoungGen: 336576K(343040K)->160K(342528K) Eden: 336384K(336384K)->0K(336384K) From: 192K(6656K)->160K(6144K)
[55.151s][info][gc,heap        ] GC(464) ParOldGen: 112247K(699392K)->112247K(699392K)
[55.151s][info][gc,metaspace   ] GC(464) Metaspace: 36143K(36480K)->36143K(36480K) NonClass: 31975K(32128K)->31975K(32128K) Class: 4168K(4352K)->4168K(4352K)
[55.151s][info][gc             ] GC(464) Pause Young (Allocation Failure) 438M->109M(1017M) 0.412ms
[55.151s][info][gc,cpu         ] GC(464) User=0.00s Sys=0.00s Real=0.00s
[55.215s][info][gc,start       ] GC(465) Pause Young (Allocation Failure)
[55.215s][info][gc,heap        ] GC(465) PSYoungGen: 336544K(342528K)->192K(343552K) Eden: 336384K(336384K)->0K(337408K) From: 160K(6144K)->192K(6144K)
[55.215s][info][gc,heap        ] GC(465) ParOldGen: 112247K(699392K)->112247K(699392K)
[55.215s][info][gc,metaspace   ] GC(465) Metaspace: 36143K(36480K)->36143K(36480K) NonClass: 31975K(32128K)->31975K(32128K) Class: 4168K(4352K)->4168K(4352K)
[55.215s][info][gc             ] GC(465) Pause Young (Allocation Failure) 438M->109M(1018M) 0.419ms
[55.215s][info][gc,cpu         ] GC(465) User=0.00s Sys=0.00s Real=0.00s
[55.279s][info][gc,start       ] GC(466) Pause Young (Allocation Failure)
[55.279s][info][gc,heap        ] GC(466) PSYoungGen: 337600K(343552K)->160K(343040K) Eden: 337408K(337408K)->0K(337408K) From: 192K(6144K)->160K(5632K)
[55.279s][info][gc,heap        ] GC(466) ParOldGen: 112247K(699392K)->112247K(699392K)
[55.279s][info][gc,metaspace   ] GC(466) Metaspace: 36143K(36480K)->36143K(36480K) NonClass: 31975K(32128K)->31975K(32128K) Class: 4168K(4352K)->4168K(4352K)
[55.279s][info][gc             ] GC(466) Pause Young (Allocation Failure) 439M->109M(1018M) 0.451ms
[55.279s][info][gc,cpu         ] GC(466) User=0.00s Sys=0.00s Real=0.00s
[55.342s][info][gc,start       ] GC(467) Pause Young (Allocation Failure)
[55.342s][info][gc,heap        ] GC(467) PSYoungGen: 337568K(343040K)->160K(344576K) Eden: 337408K(337408K)->0K(339456K) From: 160K(5632K)->160K(5120K)
[55.342s][info][gc,heap        ] GC(467) ParOldGen: 112247K(699392K)->112247K(699392K)
[55.342s][info][gc,metaspace   ] GC(467) Metaspace: 36143K(36480K)->36143K(36480K) NonClass: 31975K(32128K)->31975K(32128K) Class: 4168K(4352K)->4168K(4352K)
[55.342s][info][gc             ] GC(467) Pause Young (Allocation Failure) 439M->109M(1019M) 0.416ms
[55.342s][info][gc,cpu         ] GC(467) User=0.00s Sys=0.00s Real=0.00s
[55.406s][info][gc,start       ] GC(468) Pause Young (Allocation Failure)
[55.407s][info][gc,heap        ] GC(468) PSYoungGen: 339616K(344576K)->160K(344064K) Eden: 339456K(339456K)->0K(339456K) From: 160K(5120K)->160K(4608K)
[55.407s][info][gc,heap        ] GC(468) ParOldGen: 112247K(699392K)->112247K(699392K)
[55.407s][info][gc,metaspace   ] GC(468) Metaspace: 36143K(36480K)->36143K(36480K) NonClass: 31975K(32128K)->31975K(32128K) Class: 4168K(4352K)->4168K(4352K)
[55.407s][info][gc             ] GC(468) Pause Young (Allocation Failure) 441M->109M(1019M) 0.444ms
[55.407s][info][gc,cpu         ] GC(468) User=0.00s Sys=0.00s Real=0.00s
[55.472s][info][gc,start       ] GC(469) Pause Young (Allocation Failure)
[55.472s][info][gc,heap        ] GC(469) PSYoungGen: 339616K(344064K)->192K(345088K) Eden: 339456K(339456K)->0K(340480K) From: 160K(4608K)->192K(4608K)
[55.472s][info][gc,heap        ] GC(469) ParOldGen: 112247K(699392K)->112247K(699392K)
[55.472s][info][gc,metaspace   ] GC(469) Metaspace: 36143K(36480K)->36143K(36480K) NonClass: 31975K(32128K)->31975K(32128K) Class: 4168K(4352K)->4168K(4352K)
[55.472s][info][gc             ] GC(469) Pause Young (Allocation Failure) 441M->109M(1020M) 0.397ms
[55.472s][info][gc,cpu         ] GC(469) User=0.00s Sys=0.00s Real=0.00s
[55.538s][info][gc,start       ] GC(470) Pause Young (Allocation Failure)
[55.538s][info][gc,heap        ] GC(470) PSYoungGen: 340672K(345088K)->192K(344576K) Eden: 340480K(340480K)->0K(340480K) From: 192K(4608K)->192K(4096K)
[55.538s][info][gc,heap        ] GC(470) ParOldGen: 112247K(699392K)->112247K(699392K)
[55.538s][info][gc,metaspace   ] GC(470) Metaspace: 36143K(36480K)->36143K(36480K) NonClass: 31975K(32128K)->31975K(32128K) Class: 4168K(4352K)->4168K(4352K)
[55.538s][info][gc             ] GC(470) Pause Young (Allocation Failure) 442M->109M(1019M) 0.402ms
[55.538s][info][gc,cpu         ] GC(470) User=0.00s Sys=0.00s Real=0.00s
[55.602s][info][gc,start       ] GC(471) Pause Young (Allocation Failure)
[55.603s][info][gc,heap        ] GC(471) PSYoungGen: 340672K(344576K)->160K(345600K) Eden: 340480K(340480K)->0K(342016K) From: 192K(4096K)->160K(3584K)
[55.603s][info][gc,heap        ] GC(471) ParOldGen: 112247K(699392K)->112247K(699392K)
[55.603s][info][gc,metaspace   ] GC(471) Metaspace: 36143K(36480K)->36143K(36480K) NonClass: 31975K(32128K)->31975K(32128K) Class: 4168K(4352K)->4168K(4352K)
[55.603s][info][gc             ] GC(471) Pause Young (Allocation Failure) 442M->109M(1020M) 0.436ms
[55.603s][info][gc,cpu         ] GC(471) User=0.00s Sys=0.00s Real=0.00s
[55.668s][info][gc,start       ] GC(472) Pause Young (Allocation Failure)
[55.670s][info][gc,heap        ] GC(472) PSYoungGen: 342176K(345600K)->128K(345600K) Eden: 342016K(342016K)->0K(342016K) From: 160K(3584K)->128K(3584K)
[55.670s][info][gc,heap        ] GC(472) ParOldGen: 112247K(699392K)->112247K(699392K)
[55.670s][info][gc,metaspace   ] GC(472) Metaspace: 36143K(36480K)->36143K(36480K) NonClass: 31975K(32128K)->31975K(32128K) Class: 4168K(4352K)->4168K(4352K)
[55.670s][info][gc             ] GC(472) Pause Young (Allocation Failure) 443M->109M(1020M) 1.336ms
[55.670s][info][gc,cpu         ] GC(472) User=0.00s Sys=0.00s Real=0.00s
[55.736s][info][gc,start       ] GC(473) Pause Young (Allocation Failure)
[55.736s][info][gc,heap        ] GC(473) PSYoungGen: 342144K(345600K)->160K(346112K) Eden: 342016K(342016K)->0K(343040K) From: 128K(3584K)->160K(3072K)
[55.736s][info][gc,heap        ] GC(473) ParOldGen: 112247K(699392K)->112247K(699392K)
[55.736s][info][gc,metaspace   ] GC(473) Metaspace: 36143K(36480K)->36143K(36480K) NonClass: 31975K(32128K)->31975K(32128K) Class: 4168K(4352K)->4168K(4352K)
[55.736s][info][gc             ] GC(473) Pause Young (Allocation Failure) 443M->109M(1021M) 0.404ms
[55.736s][info][gc,cpu         ] GC(473) User=0.00s Sys=0.00s Real=0.00s
[55.802s][info][gc,start       ] GC(474) Pause Young (Allocation Failure)
[55.803s][info][gc,heap        ] GC(474) PSYoungGen: 343200K(346112K)->192K(346112K) Eden: 343040K(343040K)->0K(343040K) From: 160K(3072K)->192K(3072K)
[55.803s][info][gc,heap        ] GC(474) ParOldGen: 112247K(699392K)->112247K(699392K)
[55.803s][info][gc,metaspace   ] GC(474) Metaspace: 36143K(36480K)->36143K(36480K) NonClass: 31975K(32128K)->31975K(32128K) Class: 4168K(4352K)->4168K(4352K)
[55.803s][info][gc             ] GC(474) Pause Young (Allocation Failure) 444M->109M(1021M) 0.388ms
[55.803s][info][gc,cpu         ] GC(474) User=0.00s Sys=0.00s Real=0.00s
[55.870s][info][gc,start       ] GC(475) Pause Young (Allocation Failure)
[55.871s][info][gc,heap        ] GC(475) PSYoungGen: 343232K(346112K)->160K(346624K) Eden: 343040K(343040K)->0K(343552K) From: 192K(3072K)->160K(3072K)
[55.871s][info][gc,heap        ] GC(475) ParOldGen: 112247K(699392K)->112247K(699392K)
[55.871s][info][gc,metaspace   ] GC(475) Metaspace: 36143K(36480K)->36143K(36480K) NonClass: 31975K(32128K)->31975K(32128K) Class: 4168K(4352K)->4168K(4352K)
[55.871s][info][gc             ] GC(475) Pause Young (Allocation Failure) 444M->109M(1021M) 0.451ms
[55.871s][info][gc,cpu         ] GC(475) User=0.00s Sys=0.00s Real=0.00s
[55.974s][info][gc,start       ] GC(476) Pause Young (Allocation Failure)
[55.975s][info][gc,heap        ] GC(476) PSYoungGen: 343712K(346624K)->192K(346112K) Eden: 343552K(343552K)->0K(343552K) From: 160K(3072K)->192K(2560K)
[55.975s][info][gc,heap        ] GC(476) ParOldGen: 112247K(699392K)->112247K(699392K)
[55.975s][info][gc,metaspace   ] GC(476) Metaspace: 36145K(36480K)->36145K(36480K) NonClass: 31976K(32128K)->31976K(32128K) Class: 4168K(4352K)->4168K(4352K)
[55.975s][info][gc             ] GC(476) Pause Young (Allocation Failure) 445M->109M(1021M) 0.405ms
[55.975s][info][gc,cpu         ] GC(476) User=0.00s Sys=0.00s Real=0.00s
[56.264s][info][gc,start       ] GC(477) Pause Young (Allocation Failure)
[56.272s][info][gc,heap        ] GC(477) PSYoungGen: 339582K(346112K)->2560K(332288K) Eden: 339390K(343552K)->0K(329728K) From: 192K(2560K)->2560K(2560K)
[56.272s][info][gc,heap        ] GC(477) ParOldGen: 112247K(699392K)->130587K(699392K)
[56.272s][info][gc,metaspace   ] GC(477) Metaspace: 36145K(36480K)->36145K(36480K) NonClass: 31976K(32128K)->31976K(32128K) Class: 4168K(4352K)->4168K(4352K)
[56.272s][info][gc             ] GC(477) Pause Young (Allocation Failure) 441M->130M(1007M) 8.563ms
[56.272s][info][gc,cpu         ] GC(477) User=0.09s Sys=0.00s Real=0.01s
[56.591s][info][gc,start       ] GC(478) Pause Young (Allocation Failure)
[56.607s][info][gc,heap        ] GC(478) PSYoungGen: 332288K(332288K)->9718K(339456K) Eden: 329728K(329728K)->0K(329728K) From: 2560K(2560K)->9718K(9728K)
[56.607s][info][gc,heap        ] GC(478) ParOldGen: 130587K(699392K)->170376K(699392K)
[56.607s][info][gc,metaspace   ] GC(478) Metaspace: 36145K(36480K)->36145K(36480K) NonClass: 31976K(32128K)->31976K(32128K) Class: 4168K(4352K)->4168K(4352K)
[56.607s][info][gc             ] GC(478) Pause Young (Allocation Failure) 452M->175M(1014M) 15.862ms
[56.607s][info][gc,cpu         ] GC(478) User=0.09s Sys=0.00s Real=0.02s
[56.902s][info][gc,start       ] GC(479) Pause Young (Allocation Failure)
[56.916s][info][gc,heap        ] GC(479) PSYoungGen: 339446K(339456K)->9713K(286208K) Eden: 329728K(329728K)->0K(276480K) From: 9718K(9728K)->9713K(9728K)
[56.916s][info][gc,heap        ] GC(479) ParOldGen: 170376K(699392K)->199648K(699392K)
[56.916s][info][gc,metaspace   ] GC(479) Metaspace: 36145K(36480K)->36145K(36480K) NonClass: 31976K(32128K)->31976K(32128K) Class: 4168K(4352K)->4168K(4352K)
[56.916s][info][gc             ] GC(479) Pause Young (Allocation Failure) 497M->204M(962M) 13.821ms
[56.916s][info][gc,cpu         ] GC(479) User=0.08s Sys=0.02s Real=0.02s
[57.183s][info][gc,start       ] GC(480) Pause Young (Allocation Failure)
[57.192s][info][gc,heap        ] GC(480) PSYoungGen: 286193K(286208K)->11772K(312832K) Eden: 276480K(276480K)->0K(276480K) From: 9713K(9728K)->11772K(36352K)
[57.192s][info][gc,heap        ] GC(480) ParOldGen: 199648K(699392K)->207394K(699392K)
[57.192s][info][gc,metaspace   ] GC(480) Metaspace: 36145K(36480K)->36145K(36480K) NonClass: 31976K(32128K)->31976K(32128K) Class: 4168K(4352K)->4168K(4352K)
[57.192s][info][gc             ] GC(480) Pause Young (Allocation Failure) 474M->214M(988M) 8.539ms
[57.192s][info][gc,cpu         ] GC(480) User=0.09s Sys=0.00s Real=0.01s
[57.430s][info][gc,start       ] GC(481) Pause Young (Allocation Failure)
[57.436s][info][gc,heap        ] GC(481) PSYoungGen: 286117K(312832K)->14186K(315904K) Eden: 274345K(276480K)->0K(281600K) From: 11772K(36352K)->14186K(34304K)
[57.436s][info][gc,heap        ] GC(481) ParOldGen: 207394K(699392K)->210723K(699392K)
[57.436s][info][gc,metaspace   ] GC(481) Metaspace: 36145K(36480K)->36145K(36480K) NonClass: 31976K(32128K)->31976K(32128K) Class: 4168K(4352K)->4168K(4352K)
[57.436s][info][gc             ] GC(481) Pause Young (Allocation Failure) 481M->219M(991M) 6.322ms
[57.436s][info][gc,cpu         ] GC(481) User=0.00s Sys=0.00s Real=0.01s
[57.685s][info][gc,start       ] GC(482) Pause Young (Allocation Failure)
[57.692s][info][gc,heap        ] GC(482) PSYoungGen: 289816K(315904K)->20601K(302592K) Eden: 275630K(281600K)->0K(281600K) From: 14186K(34304K)->20601K(20992K)
[57.692s][info][gc,heap        ] GC(482) ParOldGen: 210723K(699392K)->212780K(699392K)
[57.692s][info][gc,metaspace   ] GC(482) Metaspace: 36145K(36480K)->36145K(36480K) NonClass: 31976K(32128K)->31976K(32128K) Class: 4168K(4352K)->4168K(4352K)
[57.692s][info][gc             ] GC(482) Pause Young (Allocation Failure) 488M->227M(978M) 6.851ms
[57.692s][info][gc,cpu         ] GC(482) User=0.09s Sys=0.00s Real=0.01s
[57.928s][info][gc,start       ] GC(483) Pause Young (Allocation Failure)
[57.934s][info][gc,heap        ] GC(483) PSYoungGen: 299545K(302592K)->15304K(315392K) Eden: 278944K(281600K)->0K(280576K) From: 20601K(20992K)->15304K(34816K)
[57.934s][info][gc,heap        ] GC(483) ParOldGen: 212780K(699392K)->213120K(699392K)
[57.934s][info][gc,metaspace   ] GC(483) Metaspace: 36145K(36480K)->36145K(36480K) NonClass: 31976K(32128K)->31976K(32128K) Class: 4168K(4352K)->4168K(4352K)
[57.934s][info][gc             ] GC(483) Pause Young (Allocation Failure) 500M->223M(991M) 6.031ms
[57.934s][info][gc,cpu         ] GC(483) User=0.00s Sys=0.00s Real=0.01s
[58.176s][info][gc,start       ] GC(484) Pause Young (Allocation Failure)
[58.182s][info][gc,heap        ] GC(484) PSYoungGen: 293484K(315392K)->13737K(314368K) Eden: 278179K(280576K)->0K(280576K) From: 15304K(34816K)->13737K(33792K)
[58.182s][info][gc,heap        ] GC(484) ParOldGen: 213120K(699392K)->213489K(699392K)
[58.182s][info][gc,metaspace   ] GC(484) Metaspace: 36145K(36480K)->36145K(36480K) NonClass: 31976K(32128K)->31976K(32128K) Class: 4168K(4352K)->4168K(4352K)
[58.182s][info][gc             ] GC(484) Pause Young (Allocation Failure) 494M->221M(990M) 5.950ms
[58.182s][info][gc,cpu         ] GC(484) User=0.00s Sys=0.00s Real=0.00s
[58.416s][info][gc,start       ] GC(485) Pause Young (Allocation Failure)
[58.424s][info][gc,heap        ] GC(485) PSYoungGen: 288386K(314368K)->23277K(312832K) Eden: 274649K(280576K)->0K(280576K) From: 13737K(33792K)->23277K(32256K)
[58.424s][info][gc,heap        ] GC(485) ParOldGen: 213489K(699392K)->213913K(699392K)
[58.424s][info][gc,metaspace   ] GC(485) Metaspace: 36145K(36480K)->36145K(36480K) NonClass: 31976K(32128K)->31976K(32128K) Class: 4168K(4352K)->4168K(4352K)
[58.424s][info][gc             ] GC(485) Pause Young (Allocation Failure) 490M->231M(988M) 8.278ms
[58.424s][info][gc,cpu         ] GC(485) User=0.09s Sys=0.00s Real=0.01s
[58.667s][info][gc,start       ] GC(486) Pause Young (Allocation Failure)
[58.675s][info][gc,heap        ] GC(486) PSYoungGen: 300526K(312832K)->14895K(314880K) Eden: 277248K(280576K)->0K(280576K) From: 23277K(32256K)->14895K(34304K)
[58.675s][info][gc,heap        ] GC(486) ParOldGen: 213913K(699392K)->219010K(699392K)
[58.675s][info][gc,metaspace   ] GC(486) Metaspace: 36145K(36480K)->36145K(36480K) NonClass: 31976K(32128K)->31976K(32128K) Class: 4168K(4352K)->4168K(4352K)
[58.675s][info][gc             ] GC(486) Pause Young (Allocation Failure) 502M->228M(990M) 7.705ms
[58.675s][info][gc,cpu         ] GC(486) User=0.09s Sys=0.00s Real=0.01s
[58.917s][info][gc,start       ] GC(487) Pause Young (Allocation Failure)
[58.923s][info][gc,heap        ] GC(487) PSYoungGen: 293484K(314880K)->14206K(317952K) Eden: 278589K(280576K)->0K(285184K) From: 14895K(34304K)->14206K(32768K)
[58.923s][info][gc,heap        ] GC(487) ParOldGen: 219010K(699392K)->222165K(699392K)
[58.923s][info][gc,metaspace   ] GC(487) Metaspace: 36145K(36480K)->36145K(36480K) NonClass: 31976K(32128K)->31976K(32128K) Class: 4168K(4352K)->4168K(4352K)
[58.923s][info][gc             ] GC(487) Pause Young (Allocation Failure) 500M->230M(993M) 6.330ms
[58.923s][info][gc,cpu         ] GC(487) User=0.09s Sys=0.00s Real=0.01s
[59.158s][info][gc,start       ] GC(488) Pause Young (Allocation Failure)
[59.163s][info][gc,heap        ] GC(488) PSYoungGen: 295026K(317952K)->14938K(316416K) Eden: 280820K(285184K)->0K(285184K) From: 14206K(32768K)->14938K(31232K)
[59.164s][info][gc,heap        ] GC(488) ParOldGen: 222165K(699392K)->222919K(699392K)
[59.164s][info][gc,metaspace   ] GC(488) Metaspace: 36145K(36480K)->36145K(36480K) NonClass: 31976K(32128K)->31976K(32128K) Class: 4168K(4352K)->4168K(4352K)
[59.164s][info][gc             ] GC(488) Pause Young (Allocation Failure) 505M->232M(992M) 5.997ms
[59.164s][info][gc,cpu         ] GC(488) User=0.00s Sys=0.00s Real=0.01s
[59.417s][info][gc,start       ] GC(489) Pause Young (Allocation Failure)
[59.425s][info][gc,heap        ] GC(489) PSYoungGen: 299585K(316416K)->13405K(320512K) Eden: 284647K(285184K)->0K(290304K) From: 14938K(31232K)->13405K(30208K)
[59.425s][info][gc,heap        ] GC(489) ParOldGen: 222919K(699392K)->225912K(699392K)
[59.425s][info][gc,metaspace   ] GC(489) Metaspace: 36145K(36480K)->36145K(36480K) NonClass: 31977K(32128K)->31977K(32128K) Class: 4168K(4352K)->4168K(4352K)
[59.425s][info][gc             ] GC(489) Pause Young (Allocation Failure) 510M->233M(996M) 8.712ms
[59.425s][info][gc,cpu         ] GC(489) User=0.09s Sys=0.00s Real=0.01s
[59.675s][info][gc,start       ] GC(490) Pause Young (Allocation Failure)
[59.681s][info][gc,heap        ] GC(490) PSYoungGen: 300834K(320512K)->13041K(318976K) Eden: 287428K(290304K)->0K(290304K) From: 13405K(30208K)->13041K(28672K)
[59.681s][info][gc,heap        ] GC(490) ParOldGen: 225912K(699392K)->228077K(699392K)
[59.681s][info][gc,metaspace   ] GC(490) Metaspace: 36145K(36480K)->36145K(36480K) NonClass: 31977K(32128K)->31977K(32128K) Class: 4168K(4352K)->4168K(4352K)
[59.681s][info][gc             ] GC(490) Pause Young (Allocation Failure) 514M->235M(994M) 6.409ms
[59.681s][info][gc,cpu         ] GC(490) User=0.00s Sys=0.00s Real=0.00s
[59.743s][info][gc,start       ] GC(491) Pause Young (System.gc())
[59.747s][info][gc,heap        ] GC(491) PSYoungGen: 81504K(318976K)->4229K(322048K) Eden: 68462K(290304K)->0K(294912K) From: 13041K(28672K)->4229K(27136K)
[59.747s][info][gc,heap        ] GC(491) ParOldGen: 228077K(699392K)->232787K(699392K)
[59.747s][info][gc,metaspace   ] GC(491) Metaspace: 36145K(36480K)->36145K(36480K) NonClass: 31977K(32128K)->31977K(32128K) Class: 4168K(4352K)->4168K(4352K)
[59.747s][info][gc             ] GC(491) Pause Young (System.gc()) 302M->231M(997M) 4.036ms
[59.747s][info][gc,cpu         ] GC(491) User=0.00s Sys=0.00s Real=0.00s
[59.748s][info][gc,start       ] GC(492) Pause Full (System.gc())
[59.748s][info][gc,phases,start] GC(492) Marking Phase
[59.763s][info][gc,phases      ] GC(492) Marking Phase 15.442ms
[59.763s][info][gc,phases,start] GC(492) Summary Phase
[59.763s][info][gc,phases      ] GC(492) Summary Phase 0.012ms
[59.763s][info][gc,phases,start] GC(492) Adjust Roots
[59.767s][info][gc,phases      ] GC(492) Adjust Roots 3.806ms
[59.767s][info][gc,phases,start] GC(492) Compaction Phase
[59.776s][info][gc,phases      ] GC(492) Compaction Phase 8.610ms
[59.776s][info][gc,phases,start] GC(492) Post Compact
[59.777s][info][gc,phases      ] GC(492) Post Compact 0.900ms
[59.777s][info][gc,heap        ] GC(492) PSYoungGen: 4229K(322048K)->0K(322048K) Eden: 0K(294912K)->0K(294912K) From: 4229K(27136K)->0K(27136K)
[59.777s][info][gc,heap        ] GC(492) ParOldGen: 232787K(699392K)->111236K(699392K)
[59.777s][info][gc,metaspace   ] GC(492) Metaspace: 36145K(36480K)->36145K(36480K) NonClass: 31977K(32128K)->31977K(32128K) Class: 4168K(4352K)->4168K(4352K)
[59.777s][info][gc             ] GC(492) Pause Full (System.gc()) 231M->108M(997M) 29.077ms
[59.777s][info][gc,cpu         ] GC(492) User=0.11s Sys=0.00s Real=0.03s
[59.825s][info][gc,start       ] GC(493) Pause Young (Allocation Failure)
[59.826s][info][gc,heap        ] GC(493) PSYoungGen: 294912K(322048K)->192K(295424K) Eden: 294912K(294912K)->0K(294912K) From: 0K(27136K)->192K(512K)
[59.826s][info][gc,heap        ] GC(493) ParOldGen: 111236K(699392K)->111236K(699392K)
[59.826s][info][gc,metaspace   ] GC(493) Metaspace: 36145K(36480K)->36145K(36480K) NonClass: 31977K(32128K)->31977K(32128K) Class: 4168K(4352K)->4168K(4352K)
[59.826s][info][gc             ] GC(493) Pause Young (Allocation Failure) 396M->108M(971M) 0.359ms
[59.826s][info][gc,cpu         ] GC(493) User=0.00s Sys=0.00s Real=0.00s
[59.871s][info][gc,start       ] GC(494) Pause Young (Allocation Failure)
[59.872s][info][gc,heap        ] GC(494) PSYoungGen: 295104K(295424K)->160K(321024K) Eden: 294912K(294912K)->0K(292864K) From: 192K(512K)->160K(28160K)
[59.872s][info][gc,heap        ] GC(494) ParOldGen: 111236K(699392K)->111284K(699392K)
[59.872s][info][gc,metaspace   ] GC(494) Metaspace: 36145K(36480K)->36145K(36480K) NonClass: 31977K(32128K)->31977K(32128K) Class: 4168K(4352K)->4168K(4352K)
[59.872s][info][gc             ] GC(494) Pause Young (Allocation Failure) 396M->108M(996M) 0.390ms
[59.872s][info][gc,cpu         ] GC(494) User=0.00s Sys=0.00s Real=0.00s
[59.916s][info][gc,start       ] GC(495) Pause Young (Allocation Failure)
[59.917s][info][gc,heap        ] GC(495) PSYoungGen: 293024K(321024K)->160K(321024K) Eden: 292864K(292864K)->0K(292864K) From: 160K(28160K)->160K(28160K)
[59.917s][info][gc,heap        ] GC(495) ParOldGen: 111284K(699392K)->111284K(699392K)
[59.917s][info][gc,metaspace   ] GC(495) Metaspace: 36145K(36480K)->36145K(36480K) NonClass: 31977K(32128K)->31977K(32128K) Class: 4168K(4352K)->4168K(4352K)
[59.917s][info][gc             ] GC(495) Pause Young (Allocation Failure) 394M->108M(996M) 0.372ms
[59.917s][info][gc,cpu         ] GC(495) User=0.00s Sys=0.00s Real=0.00s
[59.961s][info][gc,start       ] GC(496) Pause Young (Allocation Failure)
[59.961s][info][gc,heap        ] GC(496) PSYoungGen: 293024K(321024K)->160K(321024K) Eden: 292864K(292864K)->0K(292864K) From: 160K(28160K)->160K(28160K)
[59.961s][info][gc,heap        ] GC(496) ParOldGen: 111284K(699392K)->111284K(699392K)
[59.961s][info][gc,metaspace   ] GC(496) Metaspace: 36145K(36480K)->36145K(36480K) NonClass: 31977K(32128K)->31977K(32128K) Class: 4168K(4352K)->4168K(4352K)
[59.961s][info][gc             ] GC(496) Pause Young (Allocation Failure) 394M->108M(996M) 0.388ms
[59.961s][info][gc,cpu         ] GC(496) User=0.00s Sys=0.00s Real=0.00s
[60.005s][info][gc,start       ] GC(497) Pause Young (Allocation Failure)
[60.005s][info][gc,heap        ] GC(497) PSYoungGen: 293024K(321024K)->160K(321024K) Eden: 292864K(292864K)->0K(292864K) From: 160K(28160K)->160K(28160K)
[60.006s][info][gc,heap        ] GC(497) ParOldGen: 111284K(699392K)->111284K(699392K)
[60.006s][info][gc,metaspace   ] GC(497) Metaspace: 36145K(36480K)->36145K(36480K) NonClass: 31977K(32128K)->31977K(32128K) Class: 4168K(4352K)->4168K(4352K)
[60.006s][info][gc             ] GC(497) Pause Young (Allocation Failure) 394M->108M(996M) 0.523ms
[60.006s][info][gc,cpu         ] GC(497) User=0.00s Sys=0.00s Real=0.00s
[60.049s][info][gc,start       ] GC(498) Pause Young (Allocation Failure)
[60.049s][info][gc,heap        ] GC(498) PSYoungGen: 293024K(321024K)->160K(322560K) Eden: 292864K(292864K)->0K(294912K) From: 160K(28160K)->160K(27648K)
[60.050s][info][gc,heap        ] GC(498) ParOldGen: 111284K(699392K)->111284K(699392K)
[60.050s][info][gc,metaspace   ] GC(498) Metaspace: 36145K(36480K)->36145K(36480K) NonClass: 31977K(32128K)->31977K(32128K) Class: 4168K(4352K)->4168K(4352K)
[60.050s][info][gc             ] GC(498) Pause Young (Allocation Failure) 394M->108M(998M) 0.403ms
[60.050s][info][gc,cpu         ] GC(498) User=0.00s Sys=0.00s Real=0.00s
[60.094s][info][gc,start       ] GC(499) Pause Young (Allocation Failure)
[60.094s][info][gc,heap        ] GC(499) PSYoungGen: 295072K(322560K)->160K(321536K) Eden: 294912K(294912K)->0K(294912K) From: 160K(27648K)->160K(26624K)
[60.094s][info][gc,heap        ] GC(499) ParOldGen: 111284K(699392K)->111284K(699392K)
[60.094s][info][gc,metaspace   ] GC(499) Metaspace: 36145K(36480K)->36145K(36480K) NonClass: 31977K(32128K)->31977K(32128K) Class: 4168K(4352K)->4168K(4352K)
[60.094s][info][gc             ] GC(499) Pause Young (Allocation Failure) 396M->108M(997M) 0.407ms
[60.095s][info][gc,cpu         ] GC(499) User=0.00s Sys=0.00s Real=0.00s
[60.138s][info][gc,start       ] GC(500) Pause Young (Allocation Failure)
[60.139s][info][gc,heap        ] GC(500) PSYoungGen: 295072K(321536K)->160K(324096K) Eden: 294912K(294912K)->0K(297984K) From: 160K(26624K)->160K(26112K)
[60.139s][info][gc,heap        ] GC(500) ParOldGen: 111284K(699392K)->111284K(699392K)
[60.139s][info][gc,metaspace   ] GC(500) Metaspace: 36145K(36480K)->36145K(36480K) NonClass: 31977K(32128K)->31977K(32128K) Class: 4168K(4352K)->4168K(4352K)
[60.139s][info][gc             ] GC(500) Pause Young (Allocation Failure) 396M->108M(999M) 0.585ms
[60.139s][info][gc,cpu         ] GC(500) User=0.00s Sys=0.00s Real=0.00s
[60.184s][info][gc,start       ] GC(501) Pause Young (Allocation Failure)
[60.184s][info][gc,heap        ] GC(501) PSYoungGen: 298144K(324096K)->160K(323072K) Eden: 297984K(297984K)->0K(297984K) From: 160K(26112K)->160K(25088K)
[60.184s][info][gc,heap        ] GC(501) ParOldGen: 111284K(699392K)->111284K(699392K)
[60.184s][info][gc,metaspace   ] GC(501) Metaspace: 36145K(36480K)->36145K(36480K) NonClass: 31977K(32128K)->31977K(32128K) Class: 4168K(4352K)->4168K(4352K)
[60.184s][info][gc             ] GC(501) Pause Young (Allocation Failure) 399M->108M(998M) 0.375ms
[60.184s][info][gc,cpu         ] GC(501) User=0.00s Sys=0.00s Real=0.00s
[60.229s][info][gc,start       ] GC(502) Pause Young (Allocation Failure)
[60.229s][info][gc,heap        ] GC(502) PSYoungGen: 298144K(323072K)->160K(326144K) Eden: 297984K(297984K)->0K(302080K) From: 160K(25088K)->160K(24064K)
[60.229s][info][gc,heap        ] GC(502) ParOldGen: 111284K(699392K)->111284K(699392K)
[60.229s][info][gc,metaspace   ] GC(502) Metaspace: 36145K(36480K)->36145K(36480K) NonClass: 31977K(32128K)->31977K(32128K) Class: 4168K(4352K)->4168K(4352K)
[60.229s][info][gc             ] GC(502) Pause Young (Allocation Failure) 399M->108M(1001M) 0.401ms
[60.229s][info][gc,cpu         ] GC(502) User=0.00s Sys=0.00s Real=0.00s
[60.274s][info][gc,start       ] GC(503) Pause Young (Allocation Failure)
[60.274s][info][gc,heap        ] GC(503) PSYoungGen: 302240K(326144K)->160K(325120K) Eden: 302080K(302080K)->0K(302080K) From: 160K(24064K)->160K(23040K)
[60.274s][info][gc,heap        ] GC(503) ParOldGen: 111284K(699392K)->111284K(699392K)
[60.274s][info][gc,metaspace   ] GC(503) Metaspace: 36145K(36480K)->36145K(36480K) NonClass: 31977K(32128K)->31977K(32128K) Class: 4168K(4352K)->4168K(4352K)
[60.274s][info][gc             ] GC(503) Pause Young (Allocation Failure) 403M->108M(1000M) 0.492ms
[60.274s][info][gc,cpu         ] GC(503) User=0.00s Sys=0.00s Real=0.00s
[60.320s][info][gc,start       ] GC(504) Pause Young (Allocation Failure)
[60.320s][info][gc,heap        ] GC(504) PSYoungGen: 302240K(325120K)->160K(328192K) Eden: 302080K(302080K)->0K(306176K) From: 160K(23040K)->160K(22016K)
[60.320s][info][gc,heap        ] GC(504) ParOldGen: 111284K(699392K)->111284K(699392K)
[60.320s][info][gc,metaspace   ] GC(504) Metaspace: 36145K(36480K)->36145K(36480K) NonClass: 31977K(32128K)->31977K(32128K) Class: 4168K(4352K)->4168K(4352K)
[60.321s][info][gc             ] GC(504) Pause Young (Allocation Failure) 403M->108M(1003M) 0.374ms
[60.321s][info][gc,cpu         ] GC(504) User=0.00s Sys=0.00s Real=0.00s
[60.369s][info][gc,start       ] GC(505) Pause Young (Allocation Failure)
[60.369s][info][gc,heap        ] GC(505) PSYoungGen: 306336K(328192K)->160K(327168K) Eden: 306176K(306176K)->0K(306176K) From: 160K(22016K)->160K(20992K)
[60.369s][info][gc,heap        ] GC(505) ParOldGen: 111284K(699392K)->111284K(699392K)
[60.369s][info][gc,metaspace   ] GC(505) Metaspace: 36145K(36480K)->36145K(36480K) NonClass: 31977K(32128K)->31977K(32128K) Class: 4168K(4352K)->4168K(4352K)
[60.369s][info][gc             ] GC(505) Pause Young (Allocation Failure) 407M->108M(1002M) 0.404ms
[60.369s][info][gc,cpu         ] GC(505) User=0.00s Sys=0.00s Real=0.00s
[60.416s][info][gc,start       ] GC(506) Pause Young (Allocation Failure)
[60.416s][info][gc,heap        ] GC(506) PSYoungGen: 306336K(327168K)->160K(330752K) Eden: 306176K(306176K)->0K(311296K) From: 160K(20992K)->160K(19456K)
[60.416s][info][gc,heap        ] GC(506) ParOldGen: 111284K(699392K)->111284K(699392K)
[60.416s][info][gc,metaspace   ] GC(506) Metaspace: 36145K(36480K)->36145K(36480K) NonClass: 31977K(32128K)->31977K(32128K) Class: 4168K(4352K)->4168K(4352K)
[60.416s][info][gc             ] GC(506) Pause Young (Allocation Failure) 407M->108M(1006M) 0.386ms
[60.416s][info][gc,cpu         ] GC(506) User=0.00s Sys=0.00s Real=0.00s
[60.470s][info][gc,start       ] GC(507) Pause Young (Allocation Failure)
[60.471s][info][gc,heap        ] GC(507) PSYoungGen: 311456K(330752K)->192K(329728K) Eden: 311296K(311296K)->0K(311296K) From: 160K(19456K)->192K(18432K)
[60.471s][info][gc,heap        ] GC(507) ParOldGen: 111284K(699392K)->111284K(699392K)
[60.471s][info][gc,metaspace   ] GC(507) Metaspace: 36145K(36480K)->36145K(36480K) NonClass: 31977K(32128K)->31977K(32128K) Class: 4168K(4352K)->4168K(4352K)
[60.471s][info][gc             ] GC(507) Pause Young (Allocation Failure) 412M->108M(1005M) 0.395ms
[60.471s][info][gc,cpu         ] GC(507) User=0.00s Sys=0.00s Real=0.00s
[60.531s][info][gc,start       ] GC(508) Pause Young (Allocation Failure)
[60.532s][info][gc,heap        ] GC(508) PSYoungGen: 311488K(329728K)->192K(332800K) Eden: 311296K(311296K)->0K(315392K) From: 192K(18432K)->192K(17408K)
[60.532s][info][gc,heap        ] GC(508) ParOldGen: 111284K(699392K)->111332K(699392K)
[60.532s][info][gc,metaspace   ] GC(508) Metaspace: 36145K(36480K)->36145K(36480K) NonClass: 31977K(32128K)->31977K(32128K) Class: 4168K(4352K)->4168K(4352K)
[60.532s][info][gc             ] GC(508) Pause Young (Allocation Failure) 412M->108M(1008M) 0.412ms
[60.532s][info][gc,cpu         ] GC(508) User=0.00s Sys=0.00s Real=0.00s
[60.592s][info][gc,start       ] GC(509) Pause Young (Allocation Failure)
[60.592s][info][gc,heap        ] GC(509) PSYoungGen: 315584K(332800K)->160K(331776K) Eden: 315392K(315392K)->0K(315392K) From: 192K(17408K)->160K(16384K)
[60.592s][info][gc,heap        ] GC(509) ParOldGen: 111332K(699392K)->111332K(699392K)
[60.592s][info][gc,metaspace   ] GC(509) Metaspace: 36145K(36480K)->36145K(36480K) NonClass: 31977K(32128K)->31977K(32128K) Class: 4168K(4352K)->4168K(4352K)
[60.592s][info][gc             ] GC(509) Pause Young (Allocation Failure) 416M->108M(1007M) 0.431ms
[60.592s][info][gc,cpu         ] GC(509) User=0.00s Sys=0.00s Real=0.00s
[60.654s][info][gc,start       ] GC(510) Pause Young (Allocation Failure)
[60.654s][info][gc,heap        ] GC(510) PSYoungGen: 315552K(331776K)->128K(334336K) Eden: 315392K(315392K)->0K(318976K) From: 160K(16384K)->128K(15360K)
[60.654s][info][gc,heap        ] GC(510) ParOldGen: 111332K(699392K)->111332K(699392K)
[60.654s][info][gc,metaspace   ] GC(510) Metaspace: 36145K(36480K)->36145K(36480K) NonClass: 31977K(32128K)->31977K(32128K) Class: 4168K(4352K)->4168K(4352K)
[60.654s][info][gc             ] GC(510) Pause Young (Allocation Failure) 416M->108M(1009M) 0.644ms
[60.654s][info][gc,cpu         ] GC(510) User=0.00s Sys=0.00s Real=0.00s
[60.718s][info][gc,start       ] GC(511) Pause Young (Allocation Failure)
[60.718s][info][gc,heap        ] GC(511) PSYoungGen: 319104K(334336K)->192K(333824K) Eden: 318976K(318976K)->0K(318976K) From: 128K(15360K)->192K(14848K)
[60.718s][info][gc,heap        ] GC(511) ParOldGen: 111332K(699392K)->111332K(699392K)
[60.718s][info][gc,metaspace   ] GC(511) Metaspace: 36145K(36480K)->36145K(36480K) NonClass: 31977K(32128K)->31977K(32128K) Class: 4168K(4352K)->4168K(4352K)
[60.718s][info][gc             ] GC(511) Pause Young (Allocation Failure) 420M->108M(1009M) 0.405ms
[60.718s][info][gc,cpu         ] GC(511) User=0.00s Sys=0.00s Real=0.00s
[60.782s][info][gc,start       ] GC(512) Pause Young (Allocation Failure)
[60.782s][info][gc,heap        ] GC(512) PSYoungGen: 319168K(333824K)->160K(336384K) Eden: 318976K(318976K)->0K(322560K) From: 192K(14848K)->160K(13824K)
[60.782s][info][gc,heap        ] GC(512) ParOldGen: 111332K(699392K)->111332K(699392K)
[60.782s][info][gc,metaspace   ] GC(512) Metaspace: 36145K(36480K)->36145K(36480K) NonClass: 31977K(32128K)->31977K(32128K) Class: 4168K(4352K)->4168K(4352K)
[60.782s][info][gc             ] GC(512) Pause Young (Allocation Failure) 420M->108M(1011M) 0.412ms
[60.782s][info][gc,cpu         ] GC(512) User=0.00s Sys=0.00s Real=0.00s
[60.844s][info][gc,start       ] GC(513) Pause Young (Allocation Failure)
[60.844s][info][gc,heap        ] GC(513) PSYoungGen: 322720K(336384K)->160K(335360K) Eden: 322560K(322560K)->0K(322560K) From: 160K(13824K)->160K(12800K)
[60.844s][info][gc,heap        ] GC(513) ParOldGen: 111332K(699392K)->111332K(699392K)
[60.844s][info][gc,metaspace   ] GC(513) Metaspace: 36145K(36480K)->36145K(36480K) NonClass: 31977K(32128K)->31977K(32128K) Class: 4168K(4352K)->4168K(4352K)
[60.844s][info][gc             ] GC(513) Pause Young (Allocation Failure) 423M->108M(1010M) 0.408ms
[60.844s][info][gc,cpu         ] GC(513) User=0.00s Sys=0.00s Real=0.00s
[60.906s][info][gc,start       ] GC(514) Pause Young (Allocation Failure)
[60.906s][info][gc,heap        ] GC(514) PSYoungGen: 322720K(335360K)->192K(337920K) Eden: 322560K(322560K)->0K(326144K) From: 160K(12800K)->192K(11776K)
[60.906s][info][gc,heap        ] GC(514) ParOldGen: 111332K(699392K)->111332K(699392K)
[60.906s][info][gc,metaspace   ] GC(514) Metaspace: 36145K(36480K)->36145K(36480K) NonClass: 31977K(32128K)->31977K(32128K) Class: 4168K(4352K)->4168K(4352K)
[60.906s][info][gc             ] GC(514) Pause Young (Allocation Failure) 423M->108M(1013M) 0.402ms
[60.906s][info][gc,cpu         ] GC(514) User=0.00s Sys=0.02s Real=0.00s
[60.967s][info][gc,start       ] GC(515) Pause Young (Allocation Failure)
[60.967s][info][gc,heap        ] GC(515) PSYoungGen: 326336K(337920K)->160K(337408K) Eden: 326144K(326144K)->0K(326144K) From: 192K(11776K)->160K(11264K)
[60.968s][info][gc,heap        ] GC(515) ParOldGen: 111332K(699392K)->111332K(699392K)
[60.968s][info][gc,metaspace   ] GC(515) Metaspace: 36145K(36480K)->36145K(36480K) NonClass: 31977K(32128K)->31977K(32128K) Class: 4168K(4352K)->4168K(4352K)
[60.968s][info][gc             ] GC(515) Pause Young (Allocation Failure) 427M->108M(1012M) 0.382ms
[60.968s][info][gc,cpu         ] GC(515) User=0.00s Sys=0.00s Real=0.00s
[61.028s][info][gc,start       ] GC(516) Pause Young (Allocation Failure)
[61.028s][info][gc,heap        ] GC(516) PSYoungGen: 326304K(337408K)->160K(339456K) Eden: 326144K(326144K)->0K(329216K) From: 160K(11264K)->160K(10240K)
[61.028s][info][gc,heap        ] GC(516) ParOldGen: 111332K(699392K)->111332K(699392K)
[61.028s][info][gc,metaspace   ] GC(516) Metaspace: 36145K(36480K)->36145K(36480K) NonClass: 31977K(32128K)->31977K(32128K) Class: 4168K(4352K)->4168K(4352K)
[61.028s][info][gc             ] GC(516) Pause Young (Allocation Failure) 427M->108M(1014M) 0.446ms
[61.028s][info][gc,cpu         ] GC(516) User=0.00s Sys=0.00s Real=0.00s
[61.091s][info][gc,start       ] GC(517) Pause Young (Allocation Failure)
[61.091s][info][gc,heap        ] GC(517) PSYoungGen: 329376K(339456K)->192K(338944K) Eden: 329216K(329216K)->0K(329216K) From: 160K(10240K)->192K(9728K)
[61.091s][info][gc,heap        ] GC(517) ParOldGen: 111332K(699392K)->111332K(699392K)
[61.091s][info][gc,metaspace   ] GC(517) Metaspace: 36145K(36480K)->36145K(36480K) NonClass: 31977K(32128K)->31977K(32128K) Class: 4168K(4352K)->4168K(4352K)
[61.091s][info][gc             ] GC(517) Pause Young (Allocation Failure) 430M->108M(1014M) 0.458ms
[61.091s][info][gc,cpu         ] GC(517) User=0.00s Sys=0.00s Real=0.02s
[61.154s][info][gc,start       ] GC(518) Pause Young (Allocation Failure)
[61.154s][info][gc,heap        ] GC(518) PSYoungGen: 329408K(338944K)->160K(340480K) Eden: 329216K(329216K)->0K(331264K) From: 192K(9728K)->160K(9216K)
[61.154s][info][gc,heap        ] GC(518) ParOldGen: 111332K(699392K)->111332K(699392K)
[61.154s][info][gc,metaspace   ] GC(518) Metaspace: 36145K(36480K)->36145K(36480K) NonClass: 31977K(32128K)->31977K(32128K) Class: 4168K(4352K)->4168K(4352K)
[61.154s][info][gc             ] GC(518) Pause Young (Allocation Failure) 430M->108M(1015M) 0.549ms
[61.154s][info][gc,cpu         ] GC(518) User=0.00s Sys=0.00s Real=0.02s
[61.218s][info][gc,start       ] GC(519) Pause Young (Allocation Failure)
[61.218s][info][gc,heap        ] GC(519) PSYoungGen: 331424K(340480K)->192K(339968K) Eden: 331264K(331264K)->0K(331264K) From: 160K(9216K)->192K(8704K)
[61.218s][info][gc,heap        ] GC(519) ParOldGen: 111332K(699392K)->111332K(699392K)
[61.218s][info][gc,metaspace   ] GC(519) Metaspace: 36145K(36480K)->36145K(36480K) NonClass: 31977K(32128K)->31977K(32128K) Class: 4168K(4352K)->4168K(4352K)
[61.218s][info][gc             ] GC(519) Pause Young (Allocation Failure) 432M->108M(1015M) 0.390ms
[61.218s][info][gc,cpu         ] GC(519) User=0.00s Sys=0.00s Real=0.00s
[61.280s][info][gc,start       ] GC(520) Pause Young (Allocation Failure)
[61.281s][info][gc,heap        ] GC(520) PSYoungGen: 331456K(339968K)->192K(342016K) Eden: 331264K(331264K)->0K(334336K) From: 192K(8704K)->192K(7680K)
[61.281s][info][gc,heap        ] GC(520) ParOldGen: 111332K(699392K)->111332K(699392K)
[61.281s][info][gc,metaspace   ] GC(520) Metaspace: 36145K(36480K)->36145K(36480K) NonClass: 31977K(32128K)->31977K(32128K) Class: 4168K(4352K)->4168K(4352K)
[61.281s][info][gc             ] GC(520) Pause Young (Allocation Failure) 432M->108M(1017M) 0.383ms
[61.281s][info][gc,cpu         ] GC(520) User=0.00s Sys=0.00s Real=0.00s
[61.345s][info][gc,start       ] GC(521) Pause Young (Allocation Failure)
[61.345s][info][gc,heap        ] GC(521) PSYoungGen: 334528K(342016K)->160K(341504K) Eden: 334336K(334336K)->0K(334336K) From: 192K(7680K)->160K(7168K)
[61.345s][info][gc,heap        ] GC(521) ParOldGen: 111332K(699392K)->111332K(699392K)
[61.345s][info][gc,metaspace   ] GC(521) Metaspace: 36145K(36480K)->36145K(36480K) NonClass: 31977K(32128K)->31977K(32128K) Class: 4168K(4352K)->4168K(4352K)
[61.345s][info][gc             ] GC(521) Pause Young (Allocation Failure) 435M->108M(1016M) 0.376ms
[61.345s][info][gc,cpu         ] GC(521) User=0.00s Sys=0.00s Real=0.00s
[61.408s][info][gc,start       ] GC(522) Pause Young (Allocation Failure)
[61.409s][info][gc,heap        ] GC(522) PSYoungGen: 334496K(341504K)->160K(343040K) Eden: 334336K(334336K)->0K(336384K) From: 160K(7168K)->160K(6656K)
[61.409s][info][gc,heap        ] GC(522) ParOldGen: 111332K(699392K)->111332K(699392K)
[61.409s][info][gc,metaspace   ] GC(522) Metaspace: 36145K(36480K)->36145K(36480K) NonClass: 31977K(32128K)->31977K(32128K) Class: 4168K(4352K)->4168K(4352K)
[61.409s][info][gc             ] GC(522) Pause Young (Allocation Failure) 435M->108M(1018M) 0.388ms
[61.409s][info][gc,cpu         ] GC(522) User=0.00s Sys=0.00s Real=0.00s
[61.473s][info][gc,start       ] GC(523) Pause Young (Allocation Failure)
[61.474s][info][gc,heap        ] GC(523) PSYoungGen: 336544K(343040K)->160K(342528K) Eden: 336384K(336384K)->0K(336384K) From: 160K(6656K)->160K(6144K)
[61.474s][info][gc,heap        ] GC(523) ParOldGen: 111332K(699392K)->111332K(699392K)
[61.474s][info][gc,metaspace   ] GC(523) Metaspace: 36145K(36480K)->36145K(36480K) NonClass: 31977K(32128K)->31977K(32128K) Class: 4168K(4352K)->4168K(4352K)
[61.474s][info][gc             ] GC(523) Pause Young (Allocation Failure) 437M->108M(1017M) 0.447ms
[61.474s][info][gc,cpu         ] GC(523) User=0.00s Sys=0.00s Real=0.00s
[61.535s][info][gc,start       ] GC(524) Pause Young (Allocation Failure)
[61.536s][info][gc,heap        ] GC(524) PSYoungGen: 336544K(342528K)->192K(343552K) Eden: 336384K(336384K)->0K(337408K) From: 160K(6144K)->192K(6144K)
[61.536s][info][gc,heap        ] GC(524) ParOldGen: 111332K(699392K)->111332K(699392K)
[61.536s][info][gc,metaspace   ] GC(524) Metaspace: 36145K(36480K)->36145K(36480K) NonClass: 31977K(32128K)->31977K(32128K) Class: 4168K(4352K)->4168K(4352K)
[61.536s][info][gc             ] GC(524) Pause Young (Allocation Failure) 437M->108M(1018M) 0.421ms
[61.536s][info][gc,cpu         ] GC(524) User=0.00s Sys=0.00s Real=0.00s
[61.599s][info][gc,start       ] GC(525) Pause Young (Allocation Failure)
[61.599s][info][gc,heap        ] GC(525) PSYoungGen: 337600K(343552K)->160K(343040K) Eden: 337408K(337408K)->0K(337408K) From: 192K(6144K)->160K(5632K)
[61.599s][info][gc,heap        ] GC(525) ParOldGen: 111332K(699392K)->111332K(699392K)
[61.599s][info][gc,metaspace   ] GC(525) Metaspace: 36145K(36480K)->36145K(36480K) NonClass: 31977K(32128K)->31977K(32128K) Class: 4168K(4352K)->4168K(4352K)
[61.599s][info][gc             ] GC(525) Pause Young (Allocation Failure) 438M->108M(1018M) 0.465ms
[61.599s][info][gc,cpu         ] GC(525) User=0.00s Sys=0.00s Real=0.00s
[61.663s][info][gc,start       ] GC(526) Pause Young (Allocation Failure)
[61.663s][info][gc,heap        ] GC(526) PSYoungGen: 337568K(343040K)->192K(344576K) Eden: 337408K(337408K)->0K(339456K) From: 160K(5632K)->192K(5120K)
[61.663s][info][gc,heap        ] GC(526) ParOldGen: 111332K(699392K)->111332K(699392K)
[61.663s][info][gc,metaspace   ] GC(526) Metaspace: 36145K(36480K)->36145K(36480K) NonClass: 31977K(32128K)->31977K(32128K) Class: 4168K(4352K)->4168K(4352K)
[61.663s][info][gc             ] GC(526) Pause Young (Allocation Failure) 438M->108M(1019M) 0.592ms
[61.663s][info][gc,cpu         ] GC(526) User=0.00s Sys=0.00s Real=0.00s
[61.729s][info][gc,start       ] GC(527) Pause Young (Allocation Failure)
[61.730s][info][gc,heap        ] GC(527) PSYoungGen: 339648K(344576K)->192K(344064K) Eden: 339456K(339456K)->0K(339456K) From: 192K(5120K)->192K(4608K)
[61.730s][info][gc,heap        ] GC(527) ParOldGen: 111332K(699392K)->111332K(699392K)
[61.730s][info][gc,metaspace   ] GC(527) Metaspace: 36145K(36480K)->36145K(36480K) NonClass: 31977K(32128K)->31977K(32128K) Class: 4168K(4352K)->4168K(4352K)
[61.730s][info][gc             ] GC(527) Pause Young (Allocation Failure) 440M->108M(1019M) 0.400ms
[61.730s][info][gc,cpu         ] GC(527) User=0.00s Sys=0.00s Real=0.00s
[61.796s][info][gc,start       ] GC(528) Pause Young (Allocation Failure)
[61.796s][info][gc,heap        ] GC(528) PSYoungGen: 339648K(344064K)->160K(345088K) Eden: 339456K(339456K)->0K(340480K) From: 192K(4608K)->160K(4608K)
[61.796s][info][gc,heap        ] GC(528) ParOldGen: 111332K(699392K)->111332K(699392K)
[61.796s][info][gc,metaspace   ] GC(528) Metaspace: 36145K(36480K)->36145K(36480K) NonClass: 31977K(32128K)->31977K(32128K) Class: 4168K(4352K)->4168K(4352K)
[61.796s][info][gc             ] GC(528) Pause Young (Allocation Failure) 440M->108M(1020M) 0.403ms
[61.796s][info][gc,cpu         ] GC(528) User=0.00s Sys=0.00s Real=0.00s
[61.862s][info][gc,start       ] GC(529) Pause Young (Allocation Failure)
[61.863s][info][gc,heap        ] GC(529) PSYoungGen: 340640K(345088K)->192K(344576K) Eden: 340480K(340480K)->0K(340480K) From: 160K(4608K)->192K(4096K)
[61.863s][info][gc,heap        ] GC(529) ParOldGen: 111332K(699392K)->111332K(699392K)
[61.863s][info][gc,metaspace   ] GC(529) Metaspace: 36145K(36480K)->36145K(36480K) NonClass: 31977K(32128K)->31977K(32128K) Class: 4168K(4352K)->4168K(4352K)
[61.863s][info][gc             ] GC(529) Pause Young (Allocation Failure) 441M->108M(1019M) 0.435ms
[61.863s][info][gc,cpu         ] GC(529) User=0.00s Sys=0.00s Real=0.00s
[61.929s][info][gc,start       ] GC(530) Pause Young (Allocation Failure)
[61.930s][info][gc,heap        ] GC(530) PSYoungGen: 340672K(344576K)->192K(345600K) Eden: 340480K(340480K)->0K(342016K) From: 192K(4096K)->192K(3584K)
[61.930s][info][gc,heap        ] GC(530) ParOldGen: 111332K(699392K)->111332K(699392K)
[61.930s][info][gc,metaspace   ] GC(530) Metaspace: 36145K(36480K)->36145K(36480K) NonClass: 31977K(32128K)->31977K(32128K) Class: 4168K(4352K)->4168K(4352K)
[61.930s][info][gc             ] GC(530) Pause Young (Allocation Failure) 441M->108M(1020M) 0.407ms
[61.930s][info][gc,cpu         ] GC(530) User=0.00s Sys=0.00s Real=0.00s
[61.996s][info][gc,start       ] GC(531) Pause Young (Allocation Failure)
[61.996s][info][gc,heap        ] GC(531) PSYoungGen: 342208K(345600K)->160K(345600K) Eden: 342016K(342016K)->0K(342016K) From: 192K(3584K)->160K(3584K)
[61.996s][info][gc,heap        ] GC(531) ParOldGen: 111332K(699392K)->111332K(699392K)
[61.996s][info][gc,metaspace   ] GC(531) Metaspace: 36145K(36480K)->36145K(36480K) NonClass: 31977K(32128K)->31977K(32128K) Class: 4168K(4352K)->4168K(4352K)
[61.996s][info][gc             ] GC(531) Pause Young (Allocation Failure) 442M->108M(1020M) 0.438ms
[61.996s][info][gc,cpu         ] GC(531) User=0.00s Sys=0.00s Real=0.00s
[62.062s][info][gc,start       ] GC(532) Pause Young (Allocation Failure)
[62.063s][info][gc,heap        ] GC(532) PSYoungGen: 342176K(345600K)->160K(346112K) Eden: 342016K(342016K)->0K(343040K) From: 160K(3584K)->160K(3072K)
[62.063s][info][gc,heap        ] GC(532) ParOldGen: 111332K(699392K)->111332K(699392K)
[62.063s][info][gc,metaspace   ] GC(532) Metaspace: 36145K(36480K)->36145K(36480K) NonClass: 31977K(32128K)->31977K(32128K) Class: 4168K(4352K)->4168K(4352K)
[62.063s][info][gc             ] GC(532) Pause Young (Allocation Failure) 442M->108M(1021M) 0.673ms
[62.063s][info][gc,cpu         ] GC(532) User=0.00s Sys=0.00s Real=0.02s
[62.129s][info][gc,start       ] GC(533) Pause Young (Allocation Failure)
[62.130s][info][gc,heap        ] GC(533) PSYoungGen: 343200K(346112K)->160K(346112K) Eden: 343040K(343040K)->0K(343040K) From: 160K(3072K)->160K(3072K)
[62.130s][info][gc,heap        ] GC(533) ParOldGen: 111332K(699392K)->111332K(699392K)
[62.130s][info][gc,metaspace   ] GC(533) Metaspace: 36145K(36480K)->36145K(36480K) NonClass: 31977K(32128K)->31977K(32128K) Class: 4168K(4352K)->4168K(4352K)
[62.130s][info][gc             ] GC(533) Pause Young (Allocation Failure) 443M->108M(1021M) 0.439ms
[62.130s][info][gc,cpu         ] GC(533) User=0.00s Sys=0.00s Real=0.00s
[62.202s][info][gc,start       ] GC(534) Pause Young (Allocation Failure)
[62.202s][info][gc,heap        ] GC(534) PSYoungGen: 343200K(346112K)->192K(346624K) Eden: 343040K(343040K)->0K(343552K) From: 160K(3072K)->192K(3072K)
[62.202s][info][gc,heap        ] GC(534) ParOldGen: 111332K(699392K)->111332K(699392K)
[62.202s][info][gc,metaspace   ] GC(534) Metaspace: 36145K(36480K)->36145K(36480K) NonClass: 31977K(32128K)->31977K(32128K) Class: 4168K(4352K)->4168K(4352K)
[62.202s][info][gc             ] GC(534) Pause Young (Allocation Failure) 443M->108M(1021M) 0.379ms
[62.202s][info][gc,cpu         ] GC(534) User=0.00s Sys=0.00s Real=0.00s
[62.448s][info][gc,start       ] GC(535) Pause Young (Allocation Failure)
[62.453s][info][gc,heap        ] GC(535) PSYoungGen: 339433K(346624K)->2560K(346112K) Eden: 339241K(343552K)->0K(343552K) From: 192K(3072K)->2560K(2560K)
[62.453s][info][gc,heap        ] GC(535) ParOldGen: 111332K(699392K)->121380K(699392K)
[62.453s][info][gc,metaspace   ] GC(535) Metaspace: 36145K(36480K)->36145K(36480K) NonClass: 31977K(32128K)->31977K(32128K) Class: 4168K(4352K)->4168K(4352K)
[62.453s][info][gc             ] GC(535) Pause Young (Allocation Failure) 440M->121M(1021M) 5.420ms
[62.453s][info][gc,cpu         ] GC(535) User=0.09s Sys=0.00s Real=0.01s
[62.754s][info][gc,start       ] GC(536) Pause Young (Allocation Failure)
[62.769s][info][gc,heap        ] GC(536) PSYoungGen: 345402K(346112K)->3069K(303104K) Eden: 342842K(343552K)->0K(300032K) From: 2560K(2560K)->3069K(3072K)
[62.769s][info][gc,heap        ] GC(536) ParOldGen: 121380K(699392K)->168365K(699392K)
[62.769s][info][gc,metaspace   ] GC(536) Metaspace: 36145K(36480K)->36145K(36480K) NonClass: 31977K(32128K)->31977K(32128K) Class: 4168K(4352K)->4168K(4352K)
[62.769s][info][gc             ] GC(536) Pause Young (Allocation Failure) 455M->167M(979M) 15.741ms
[62.769s][info][gc,cpu         ] GC(536) User=0.09s Sys=0.00s Real=0.01s
[63.040s][info][gc,start       ] GC(537) Pause Young (Allocation Failure)
[63.049s][info][gc,heap        ] GC(537) PSYoungGen: 297359K(303104K)->24545K(324608K) Eden: 294289K(300032K)->0K(300032K) From: 3069K(3072K)->24545K(24576K)
[63.049s][info][gc,heap        ] GC(537) ParOldGen: 168365K(699392K)->178430K(699392K)
[63.049s][info][gc,metaspace   ] GC(537) Metaspace: 36145K(36480K)->36145K(36480K) NonClass: 31977K(32128K)->31977K(32128K) Class: 4168K(4352K)->4168K(4352K)
[63.049s][info][gc             ] GC(537) Pause Young (Allocation Failure) 454M->198M(1000M) 9.175ms
[63.049s][info][gc,cpu         ] GC(537) User=0.09s Sys=0.00s Real=0.01s
[63.317s][info][gc,start       ] GC(538) Pause Young (Allocation Failure)
[63.324s][info][gc,heap        ] GC(538) PSYoungGen: 320352K(324608K)->15960K(307200K) Eden: 295807K(300032K)->0K(282624K) From: 24545K(24576K)->15960K(24576K)
[63.325s][info][gc,heap        ] GC(538) ParOldGen: 178430K(699392K)->191412K(699392K)
[63.325s][info][gc,metaspace   ] GC(538) Metaspace: 36145K(36480K)->36145K(36480K) NonClass: 31977K(32128K)->31977K(32128K) Class: 4168K(4352K)->4168K(4352K)
[63.325s][info][gc             ] GC(538) Pause Young (Allocation Failure) 487M->202M(983M) 7.244ms
[63.325s][info][gc,cpu         ] GC(538) User=0.00s Sys=0.00s Real=0.01s
[63.579s][info][gc,start       ] GC(539) Pause Young (Allocation Failure)
[63.585s][info][gc,heap        ] GC(539) PSYoungGen: 294184K(307200K)->15200K(315904K) Eden: 278223K(282624K)->0K(282624K) From: 15960K(24576K)->15200K(33280K)
[63.585s][info][gc,heap        ] GC(539) ParOldGen: 191412K(699392K)->193347K(699392K)
[63.585s][info][gc,metaspace   ] GC(539) Metaspace: 36145K(36480K)->36145K(36480K) NonClass: 31977K(32128K)->31977K(32128K) Class: 4168K(4352K)->4168K(4352K)
[63.585s][info][gc             ] GC(539) Pause Young (Allocation Failure) 474M->203M(991M) 5.992ms
[63.585s][info][gc,cpu         ] GC(539) User=0.00s Sys=0.00s Real=0.01s
[63.841s][info][gc,start       ] GC(540) Pause Young (Allocation Failure)
[63.846s][info][gc,heap        ] GC(540) PSYoungGen: 297824K(315904K)->10695K(318464K) Eden: 282624K(282624K)->0K(285696K) From: 15200K(33280K)->10695K(32768K)
[63.846s][info][gc,heap        ] GC(540) ParOldGen: 193347K(699392K)->194271K(699392K)
[63.846s][info][gc,metaspace   ] GC(540) Metaspace: 36145K(36480K)->36145K(36480K) NonClass: 31977K(32128K)->31977K(32128K) Class: 4168K(4352K)->4168K(4352K)
[63.846s][info][gc             ] GC(540) Pause Young (Allocation Failure) 479M->200M(994M) 5.142ms
[63.846s][info][gc,cpu         ] GC(540) User=0.09s Sys=0.00s Real=0.01s
[64.090s][info][gc,start       ] GC(541) Pause Young (Allocation Failure)
[64.096s][info][gc,heap        ] GC(541) PSYoungGen: 292511K(318464K)->15244K(316416K) Eden: 281816K(285696K)->0K(285696K) From: 10695K(32768K)->15244K(30720K)
[64.096s][info][gc,heap        ] GC(541) ParOldGen: 194271K(699392K)->194605K(699392K)
[64.096s][info][gc,metaspace   ] GC(541) Metaspace: 36145K(36480K)->36145K(36480K) NonClass: 31977K(32128K)->31977K(32128K) Class: 4168K(4352K)->4168K(4352K)
[64.096s][info][gc             ] GC(541) Pause Young (Allocation Failure) 475M->204M(992M) 5.911ms
[64.096s][info][gc,cpu         ] GC(541) User=0.09s Sys=0.00s Real=0.01s
[64.350s][info][gc,start       ] GC(542) Pause Young (Allocation Failure)
[64.355s][info][gc,heap        ] GC(542) PSYoungGen: 300940K(316416K)->11189K(320512K) Eden: 285696K(285696K)->0K(289792K) From: 15244K(30720K)->11189K(30720K)
[64.355s][info][gc,heap        ] GC(542) ParOldGen: 194605K(699392K)->194988K(699392K)
[64.355s][info][gc,metaspace   ] GC(542) Metaspace: 36146K(36480K)->36146K(36480K) NonClass: 31977K(32128K)->31977K(32128K) Class: 4168K(4352K)->4168K(4352K)
[64.355s][info][gc             ] GC(542) Pause Young (Allocation Failure) 483M->201M(996M) 5.465ms
[64.355s][info][gc,cpu         ] GC(542) User=0.00s Sys=0.00s Real=0.01s
[64.607s][info][gc,start       ] GC(543) Pause Young (Allocation Failure)
[64.613s][info][gc,heap        ] GC(543) PSYoungGen: 297482K(320512K)->16333K(318464K) Eden: 286293K(289792K)->0K(289792K) From: 11189K(30720K)->16333K(28672K)
[64.613s][info][gc,heap        ] GC(543) ParOldGen: 194988K(699392K)->195367K(699392K)
[64.613s][info][gc,metaspace   ] GC(543) Metaspace: 36146K(36480K)->36146K(36480K) NonClass: 31977K(32128K)->31977K(32128K) Class: 4168K(4352K)->4168K(4352K)
[64.613s][info][gc             ] GC(543) Pause Young (Allocation Failure) 480M->206M(994M) 6.144ms
[64.613s][info][gc,cpu         ] GC(543) User=0.09s Sys=0.00s Real=0.01s
[64.865s][info][gc,start       ] GC(544) Pause Young (Allocation Failure)
[64.872s][info][gc,heap        ] GC(544) PSYoungGen: 302245K(318464K)->20855K(316416K) Eden: 285911K(289792K)->0K(287744K) From: 16333K(28672K)->20855K(28672K)
[64.872s][info][gc,heap        ] GC(544) ParOldGen: 195367K(699392K)->195754K(699392K)
[64.872s][info][gc,metaspace   ] GC(544) Metaspace: 36146K(36480K)->36146K(36480K) NonClass: 31977K(32128K)->31977K(32128K) Class: 4168K(4352K)->4168K(4352K)
[64.872s][info][gc             ] GC(544) Pause Young (Allocation Failure) 485M->211M(992M) 7.200ms
[64.872s][info][gc,cpu         ] GC(544) User=0.00s Sys=0.00s Real=0.01s
[65.138s][info][gc,start       ] GC(545) Pause Young (Allocation Failure)
[65.143s][info][gc,heap        ] GC(545) PSYoungGen: 308599K(316416K)->9613K(318464K) Eden: 287744K(287744K)->0K(287744K) From: 20855K(28672K)->9613K(30720K)
[65.143s][info][gc,heap        ] GC(545) ParOldGen: 195754K(699392K)->196118K(699392K)
[65.143s][info][gc,metaspace   ] GC(545) Metaspace: 36146K(36480K)->36146K(36480K) NonClass: 31977K(32128K)->31977K(32128K) Class: 4168K(4352K)->4168K(4352K)
[65.143s][info][gc             ] GC(545) Pause Young (Allocation Failure) 492M->200M(994M) 5.351ms
[65.143s][info][gc,cpu         ] GC(545) User=0.09s Sys=0.00s Real=0.01s
[65.398s][info][gc,start       ] GC(546) Pause Young (Allocation Failure)
[65.404s][info][gc,heap        ] GC(546) PSYoungGen: 296819K(318464K)->15619K(320000K) Eden: 287206K(287744K)->0K(290816K) From: 9613K(30720K)->15619K(29184K)
[65.404s][info][gc,heap        ] GC(546) ParOldGen: 196118K(699392K)->196484K(699392K)
[65.404s][info][gc,metaspace   ] GC(546) Metaspace: 36146K(36480K)->36146K(36480K) NonClass: 31977K(32128K)->31977K(32128K) Class: 4168K(4352K)->4168K(4352K)
[65.404s][info][gc             ] GC(546) Pause Young (Allocation Failure) 481M->207M(995M) 6.318ms
[65.404s][info][gc,cpu         ] GC(546) User=0.00s Sys=0.00s Real=0.01s
[65.676s][info][gc,start       ] GC(547) Pause Young (Allocation Failure)
[65.683s][info][gc,heap        ] GC(547) PSYoungGen: 303662K(320000K)->13920K(320000K) Eden: 288042K(290816K)->0K(290816K) From: 15619K(29184K)->13920K(29184K)
[65.683s][info][gc,heap        ] GC(547) ParOldGen: 196484K(699392K)->196885K(699392K)
[65.683s][info][gc,metaspace   ] GC(547) Metaspace: 36147K(36480K)->36147K(36480K) NonClass: 31978K(32128K)->31978K(32128K) Class: 4168K(4352K)->4168K(4352K)
[65.683s][info][gc             ] GC(547) Pause Young (Allocation Failure) 488M->205M(995M) 6.343ms
[65.683s][info][gc,cpu         ] GC(547) User=0.00s Sys=0.00s Real=0.01s
[65.928s][info][gc,start       ] GC(548) Pause Young (Allocation Failure)
[65.934s][info][gc,heap        ] GC(548) PSYoungGen: 301291K(320000K)->19360K(319488K) Eden: 287371K(290816K)->0K(291840K) From: 13920K(29184K)->19360K(27648K)
[65.934s][info][gc,heap        ] GC(548) ParOldGen: 196885K(699392K)->197999K(699392K)
[65.934s][info][gc,metaspace   ] GC(548) Metaspace: 36147K(36480K)->36147K(36480K) NonClass: 31978K(32128K)->31978K(32128K) Class: 4168K(4352K)->4168K(4352K)
[65.934s][info][gc             ] GC(548) Pause Young (Allocation Failure) 486M->212M(995M) 6.457ms
[65.934s][info][gc,cpu         ] GC(548) User=0.00s Sys=0.00s Real=0.01s
[66.188s][info][gc,start       ] GC(549) Pause Young (Allocation Failure)
[66.194s][info][gc,heap        ] GC(549) PSYoungGen: 310247K(319488K)->11881K(320512K) Eden: 290887K(291840K)->0K(291840K) From: 19360K(27648K)->11881K(28672K)
[66.194s][info][gc,heap        ] GC(549) ParOldGen: 197999K(699392K)->199037K(699392K)
[66.194s][info][gc,metaspace   ] GC(549) Metaspace: 36147K(36480K)->36147K(36480K) NonClass: 31978K(32128K)->31978K(32128K) Class: 4168K(4352K)->4168K(4352K)
[66.194s][info][gc             ] GC(549) Pause Young (Allocation Failure) 496M->205M(996M) 6.180ms
[66.194s][info][gc,cpu         ] GC(549) User=0.00s Sys=0.00s Real=0.01s
[66.405s][info][gc,start       ] GC(550) Pause Young (System.gc())
[66.411s][info][gc,heap        ] GC(550) PSYoungGen: 252387K(320512K)->10909K(322560K) Eden: 240505K(291840K)->0K(294912K) From: 11881K(28672K)->10909K(27648K)
[66.411s][info][gc,heap        ] GC(550) ParOldGen: 199037K(699392K)->199919K(699392K)
[66.411s][info][gc,metaspace   ] GC(550) Metaspace: 36147K(36480K)->36147K(36480K) NonClass: 31978K(32128K)->31978K(32128K) Class: 4168K(4352K)->4168K(4352K)
[66.411s][info][gc             ] GC(550) Pause Young (System.gc()) 440M->205M(998M) 6.285ms
[66.411s][info][gc,cpu         ] GC(550) User=0.09s Sys=0.00s Real=0.01s
[66.411s][info][gc,start       ] GC(551) Pause Full (System.gc())
[66.411s][info][gc,phases,start] GC(551) Marking Phase
[66.427s][info][gc,phases      ] GC(551) Marking Phase 15.901ms
[66.427s][info][gc,phases,start] GC(551) Summary Phase
[66.427s][info][gc,phases      ] GC(551) Summary Phase 0.011ms
[66.427s][info][gc,phases,start] GC(551) Adjust Roots
[66.430s][info][gc,phases      ] GC(551) Adjust Roots 3.488ms
[66.431s][info][gc,phases,start] GC(551) Compaction Phase
[66.439s][info][gc,phases      ] GC(551) Compaction Phase 8.569ms
[66.439s][info][gc,phases,start] GC(551) Post Compact
[66.440s][info][gc,phases      ] GC(551) Post Compact 0.930ms
[66.440s][info][gc,heap        ] GC(551) PSYoungGen: 10909K(322560K)->0K(322560K) Eden: 0K(294912K)->0K(294912K) From: 10909K(27648K)->0K(27648K)
[66.440s][info][gc,heap        ] GC(551) ParOldGen: 199919K(699392K)->112569K(699392K)
[66.440s][info][gc,metaspace   ] GC(551) Metaspace: 36147K(36480K)->36147K(36480K) NonClass: 31978K(32128K)->31978K(32128K) Class: 4168K(4352K)->4168K(4352K)
[66.440s][info][gc             ] GC(551) Pause Full (System.gc()) 205M->109M(998M) 29.191ms
[66.440s][info][gc,cpu         ] GC(551) User=0.17s Sys=0.02s Real=0.03s
[66.488s][info][gc,start       ] GC(552) Pause Young (Allocation Failure)
[66.489s][info][gc,heap        ] GC(552) PSYoungGen: 294912K(322560K)->192K(321536K) Eden: 294912K(294912K)->0K(294912K) From: 0K(27648K)->192K(26624K)
[66.489s][info][gc,heap        ] GC(552) ParOldGen: 112569K(699392K)->112569K(699392K)
[66.489s][info][gc,metaspace   ] GC(552) Metaspace: 36147K(36480K)->36147K(36480K) NonClass: 31978K(32128K)->31978K(32128K) Class: 4168K(4352K)->4168K(4352K)
[66.489s][info][gc             ] GC(552) Pause Young (Allocation Failure) 397M->110M(997M) 0.424ms
[66.489s][info][gc,cpu         ] GC(552) User=0.00s Sys=0.00s Real=0.00s
[66.534s][info][gc,start       ] GC(553) Pause Young (Allocation Failure)
[66.534s][info][gc,heap        ] GC(553) PSYoungGen: 295104K(321536K)->160K(321024K) Eden: 294912K(294912K)->0K(293888K) From: 192K(26624K)->160K(27136K)
[66.534s][info][gc,heap        ] GC(553) ParOldGen: 112569K(699392K)->112617K(699392K)
[66.534s][info][gc,metaspace   ] GC(553) Metaspace: 36147K(36480K)->36147K(36480K) NonClass: 31978K(32128K)->31978K(32128K) Class: 4168K(4352K)->4168K(4352K)
[66.534s][info][gc             ] GC(553) Pause Young (Allocation Failure) 398M->110M(996M) 0.343ms
[66.534s][info][gc,cpu         ] GC(553) User=0.00s Sys=0.00s Real=0.00s
[66.579s][info][gc,start       ] GC(554) Pause Young (Allocation Failure)
[66.580s][info][gc,heap        ] GC(554) PSYoungGen: 294048K(321024K)->160K(321536K) Eden: 293888K(293888K)->0K(293888K) From: 160K(27136K)->160K(27648K)
[66.580s][info][gc,heap        ] GC(554) ParOldGen: 112617K(699392K)->112617K(699392K)
[66.580s][info][gc,metaspace   ] GC(554) Metaspace: 36147K(36480K)->36147K(36480K) NonClass: 31978K(32128K)->31978K(32128K) Class: 4168K(4352K)->4168K(4352K)
[66.580s][info][gc             ] GC(554) Pause Young (Allocation Failure) 397M->110M(997M) 0.407ms
[66.580s][info][gc,cpu         ] GC(554) User=0.00s Sys=0.00s Real=0.00s
[66.624s][info][gc,start       ] GC(555) Pause Young (Allocation Failure)
[66.624s][info][gc,heap        ] GC(555) PSYoungGen: 294048K(321536K)->160K(321536K) Eden: 293888K(293888K)->0K(293888K) From: 160K(27648K)->160K(27648K)
[66.624s][info][gc,heap        ] GC(555) ParOldGen: 112617K(699392K)->112617K(699392K)
[66.624s][info][gc,metaspace   ] GC(555) Metaspace: 36147K(36480K)->36147K(36480K) NonClass: 31978K(32128K)->31978K(32128K) Class: 4168K(4352K)->4168K(4352K)
[66.624s][info][gc             ] GC(555) Pause Young (Allocation Failure) 397M->110M(997M) 0.400ms
[66.624s][info][gc,cpu         ] GC(555) User=0.00s Sys=0.00s Real=0.00s
[66.670s][info][gc,start       ] GC(556) Pause Young (Allocation Failure)
[66.671s][info][gc,heap        ] GC(556) PSYoungGen: 294048K(321536K)->160K(321536K) Eden: 293888K(293888K)->0K(293888K) From: 160K(27648K)->160K(27648K)
[66.671s][info][gc,heap        ] GC(556) ParOldGen: 112617K(699392K)->112617K(699392K)
[66.672s][info][gc,metaspace   ] GC(556) Metaspace: 36147K(36480K)->36147K(36480K) NonClass: 31978K(32128K)->31978K(32128K) Class: 4168K(4352K)->4168K(4352K)
[66.672s][info][gc             ] GC(556) Pause Young (Allocation Failure) 397M->110M(997M) 1.277ms
[66.672s][info][gc,cpu         ] GC(556) User=0.00s Sys=0.00s Real=0.00s
[66.716s][info][gc,start       ] GC(557) Pause Young (Allocation Failure)
[66.716s][info][gc,heap        ] GC(557) PSYoungGen: 294048K(321536K)->160K(322560K) Eden: 293888K(293888K)->0K(295424K) From: 160K(27648K)->160K(27136K)
[66.716s][info][gc,heap        ] GC(557) ParOldGen: 112617K(699392K)->112617K(699392K)
[66.716s][info][gc,metaspace   ] GC(557) Metaspace: 36147K(36480K)->36147K(36480K) NonClass: 31978K(32128K)->31978K(32128K) Class: 4168K(4352K)->4168K(4352K)
[66.716s][info][gc             ] GC(557) Pause Young (Allocation Failure) 397M->110M(998M) 0.352ms
[66.716s][info][gc,cpu         ] GC(557) User=0.00s Sys=0.00s Real=0.00s
[66.761s][info][gc,start       ] GC(558) Pause Young (Allocation Failure)
[66.761s][info][gc,heap        ] GC(558) PSYoungGen: 295584K(322560K)->160K(322048K) Eden: 295424K(295424K)->0K(295424K) From: 160K(27136K)->160K(26624K)
[66.761s][info][gc,heap        ] GC(558) ParOldGen: 112617K(699392K)->112617K(699392K)
[66.761s][info][gc,metaspace   ] GC(558) Metaspace: 36147K(36480K)->36147K(36480K) NonClass: 31978K(32128K)->31978K(32128K) Class: 4168K(4352K)->4168K(4352K)
[66.761s][info][gc             ] GC(558) Pause Young (Allocation Failure) 398M->110M(997M) 0.382ms
[66.761s][info][gc,cpu         ] GC(558) User=0.00s Sys=0.00s Real=0.00s
[66.806s][info][gc,start       ] GC(559) Pause Young (Allocation Failure)
[66.807s][info][gc,heap        ] GC(559) PSYoungGen: 295584K(322048K)->192K(324096K) Eden: 295424K(295424K)->0K(298496K) From: 160K(26624K)->192K(25600K)
[66.807s][info][gc,heap        ] GC(559) ParOldGen: 112617K(699392K)->112617K(699392K)
[66.807s][info][gc,metaspace   ] GC(559) Metaspace: 36147K(36480K)->36147K(36480K) NonClass: 31978K(32128K)->31978K(32128K) Class: 4168K(4352K)->4168K(4352K)
[66.807s][info][gc             ] GC(559) Pause Young (Allocation Failure) 398M->110M(999M) 0.364ms
[66.807s][info][gc,cpu         ] GC(559) User=0.00s Sys=0.00s Real=0.00s
[66.851s][info][gc,start       ] GC(560) Pause Young (Allocation Failure)
[66.852s][info][gc,heap        ] GC(560) PSYoungGen: 298688K(324096K)->160K(323584K) Eden: 298496K(298496K)->0K(298496K) From: 192K(25600K)->160K(25088K)
[66.852s][info][gc,heap        ] GC(560) ParOldGen: 112617K(699392K)->112617K(699392K)
[66.852s][info][gc,metaspace   ] GC(560) Metaspace: 36147K(36480K)->36147K(36480K) NonClass: 31978K(32128K)->31978K(32128K) Class: 4168K(4352K)->4168K(4352K)
[66.852s][info][gc             ] GC(560) Pause Young (Allocation Failure) 401M->110M(999M) 0.385ms
[66.852s][info][gc,cpu         ] GC(560) User=0.00s Sys=0.00s Real=0.00s
[66.896s][info][gc,start       ] GC(561) Pause Young (Allocation Failure)
[66.897s][info][gc,heap        ] GC(561) PSYoungGen: 298656K(323584K)->160K(326144K) Eden: 298496K(298496K)->0K(302080K) From: 160K(25088K)->160K(24064K)
[66.897s][info][gc,heap        ] GC(561) ParOldGen: 112617K(699392K)->112617K(699392K)
[66.897s][info][gc,metaspace   ] GC(561) Metaspace: 36147K(36480K)->36147K(36480K) NonClass: 31978K(32128K)->31978K(32128K) Class: 4168K(4352K)->4168K(4352K)
[66.897s][info][gc             ] GC(561) Pause Young (Allocation Failure) 401M->110M(1001M) 0.348ms
[66.897s][info][gc,cpu         ] GC(561) User=0.00s Sys=0.00s Real=0.00s
[66.943s][info][gc,start       ] GC(562) Pause Young (Allocation Failure)
[66.943s][info][gc,heap        ] GC(562) PSYoungGen: 302240K(326144K)->160K(325120K) Eden: 302080K(302080K)->0K(302080K) From: 160K(24064K)->160K(23040K)
[66.943s][info][gc,heap        ] GC(562) ParOldGen: 112617K(699392K)->112617K(699392K)
[66.943s][info][gc,metaspace   ] GC(562) Metaspace: 36147K(36480K)->36147K(36480K) NonClass: 31978K(32128K)->31978K(32128K) Class: 4168K(4352K)->4168K(4352K)
[66.943s][info][gc             ] GC(562) Pause Young (Allocation Failure) 405M->110M(1000M) 0.426ms
[66.943s][info][gc,cpu         ] GC(562) User=0.00s Sys=0.00s Real=0.00s
[66.989s][info][gc,start       ] GC(563) Pause Young (Allocation Failure)
[66.990s][info][gc,heap        ] GC(563) PSYoungGen: 302240K(325120K)->160K(328192K) Eden: 302080K(302080K)->0K(306176K) From: 160K(23040K)->160K(22016K)
[66.990s][info][gc,heap        ] GC(563) ParOldGen: 112617K(699392K)->112617K(699392K)
[66.990s][info][gc,metaspace   ] GC(563) Metaspace: 36147K(36480K)->36147K(36480K) NonClass: 31978K(32128K)->31978K(32128K) Class: 4168K(4352K)->4168K(4352K)
[66.990s][info][gc             ] GC(563) Pause Young (Allocation Failure) 405M->110M(1003M) 0.460ms
[66.990s][info][gc,cpu         ] GC(563) User=0.00s Sys=0.00s Real=0.00s
[67.038s][info][gc,start       ] GC(564) Pause Young (Allocation Failure)
[67.038s][info][gc,heap        ] GC(564) PSYoungGen: 306336K(328192K)->160K(327168K) Eden: 306176K(306176K)->0K(306176K) From: 160K(22016K)->160K(20992K)
[67.038s][info][gc,heap        ] GC(564) ParOldGen: 112617K(699392K)->112617K(699392K)
[67.038s][info][gc,metaspace   ] GC(564) Metaspace: 36147K(36480K)->36147K(36480K) NonClass: 31978K(32128K)->31978K(32128K) Class: 4168K(4352K)->4168K(4352K)
[67.038s][info][gc             ] GC(564) Pause Young (Allocation Failure) 409M->110M(1002M) 0.383ms
[67.038s][info][gc,cpu         ] GC(564) User=0.00s Sys=0.00s Real=0.00s
[67.084s][info][gc,start       ] GC(565) Pause Young (Allocation Failure)
[67.085s][info][gc,heap        ] GC(565) PSYoungGen: 306336K(327168K)->192K(330752K) Eden: 306176K(306176K)->0K(310784K) From: 160K(20992K)->192K(19968K)
[67.085s][info][gc,heap        ] GC(565) ParOldGen: 112617K(699392K)->112617K(699392K)
[67.085s][info][gc,metaspace   ] GC(565) Metaspace: 36147K(36480K)->36147K(36480K) NonClass: 31978K(32128K)->31978K(32128K) Class: 4168K(4352K)->4168K(4352K)
[67.085s][info][gc             ] GC(565) Pause Young (Allocation Failure) 409M->110M(1006M) 0.504ms
[67.085s][info][gc,cpu         ] GC(565) User=0.00s Sys=0.00s Real=0.00s
[67.140s][info][gc,start       ] GC(566) Pause Young (Allocation Failure)
[67.141s][info][gc,heap        ] GC(566) PSYoungGen: 310976K(330752K)->160K(329216K) Eden: 310784K(310784K)->0K(310784K) From: 192K(19968K)->160K(18432K)
[67.141s][info][gc,heap        ] GC(566) ParOldGen: 112617K(699392K)->112617K(699392K)
[67.141s][info][gc,metaspace   ] GC(566) Metaspace: 36147K(36480K)->36147K(36480K) NonClass: 31978K(32128K)->31978K(32128K) Class: 4168K(4352K)->4168K(4352K)
[67.141s][info][gc             ] GC(566) Pause Young (Allocation Failure) 413M->110M(1004M) 0.610ms
[67.141s][info][gc,cpu         ] GC(566) User=0.05s Sys=0.00s Real=0.01s
[67.202s][info][gc,start       ] GC(567) Pause Young (Allocation Failure)
[67.202s][info][gc,heap        ] GC(567) PSYoungGen: 310944K(329216K)->160K(332800K) Eden: 310784K(310784K)->0K(315392K) From: 160K(18432K)->160K(17408K)
[67.202s][info][gc,heap        ] GC(567) ParOldGen: 112617K(699392K)->112665K(699392K)
[67.202s][info][gc,metaspace   ] GC(567) Metaspace: 36147K(36480K)->36147K(36480K) NonClass: 31978K(32128K)->31978K(32128K) Class: 4168K(4352K)->4168K(4352K)
[67.202s][info][gc             ] GC(567) Pause Young (Allocation Failure) 413M->110M(1008M) 0.454ms
[67.202s][info][gc,cpu         ] GC(567) User=0.00s Sys=0.00s Real=0.00s
[67.263s][info][gc,start       ] GC(568) Pause Young (Allocation Failure)
[67.263s][info][gc,heap        ] GC(568) PSYoungGen: 315552K(332800K)->192K(331776K) Eden: 315392K(315392K)->0K(315392K) From: 160K(17408K)->192K(16384K)
[67.263s][info][gc,heap        ] GC(568) ParOldGen: 112665K(699392K)->112665K(699392K)
[67.263s][info][gc,metaspace   ] GC(568) Metaspace: 36147K(36480K)->36147K(36480K) NonClass: 31978K(32128K)->31978K(32128K) Class: 4168K(4352K)->4168K(4352K)
[67.263s][info][gc             ] GC(568) Pause Young (Allocation Failure) 418M->110M(1007M) 0.440ms
[67.263s][info][gc,cpu         ] GC(568) User=0.00s Sys=0.00s Real=0.00s
[67.324s][info][gc,start       ] GC(569) Pause Young (Allocation Failure)
[67.324s][info][gc,heap        ] GC(569) PSYoungGen: 315584K(331776K)->192K(334336K) Eden: 315392K(315392K)->0K(318464K) From: 192K(16384K)->192K(15872K)
[67.324s][info][gc,heap        ] GC(569) ParOldGen: 112665K(699392K)->112665K(699392K)
[67.324s][info][gc,metaspace   ] GC(569) Metaspace: 36147K(36480K)->36147K(36480K) NonClass: 31978K(32128K)->31978K(32128K) Class: 4168K(4352K)->4168K(4352K)
[67.324s][info][gc             ] GC(569) Pause Young (Allocation Failure) 418M->110M(1009M) 0.448ms
[67.324s][info][gc,cpu         ] GC(569) User=0.00s Sys=0.00s Real=0.00s
[67.386s][info][gc,start       ] GC(570) Pause Young (Allocation Failure)
[67.386s][info][gc,heap        ] GC(570) PSYoungGen: 318656K(334336K)->160K(333312K) Eden: 318464K(318464K)->0K(318464K) From: 192K(15872K)->160K(14848K)
[67.386s][info][gc,heap        ] GC(570) ParOldGen: 112665K(699392K)->112665K(699392K)
[67.386s][info][gc,metaspace   ] GC(570) Metaspace: 36147K(36480K)->36147K(36480K) NonClass: 31978K(32128K)->31978K(32128K) Class: 4168K(4352K)->4168K(4352K)
[67.386s][info][gc             ] GC(570) Pause Young (Allocation Failure) 421M->110M(1008M) 0.430ms
[67.386s][info][gc,cpu         ] GC(570) User=0.00s Sys=0.00s Real=0.00s
[67.448s][info][gc,start       ] GC(571) Pause Young (Allocation Failure)
[67.448s][info][gc,heap        ] GC(571) PSYoungGen: 318624K(333312K)->192K(336384K) Eden: 318464K(318464K)->0K(322560K) From: 160K(14848K)->192K(13824K)
[67.448s][info][gc,heap        ] GC(571) ParOldGen: 112665K(699392K)->112665K(699392K)
[67.448s][info][gc,metaspace   ] GC(571) Metaspace: 36147K(36480K)->36147K(36480K) NonClass: 31978K(32128K)->31978K(32128K) Class: 4168K(4352K)->4168K(4352K)
[67.449s][info][gc             ] GC(571) Pause Young (Allocation Failure) 421M->110M(1011M) 0.420ms
[67.449s][info][gc,cpu         ] GC(571) User=0.00s Sys=0.00s Real=0.00s
[67.508s][info][gc,start       ] GC(572) Pause Young (Allocation Failure)
[67.508s][info][gc,heap        ] GC(572) PSYoungGen: 322752K(336384K)->192K(335360K) Eden: 322560K(322560K)->0K(322560K) From: 192K(13824K)->192K(12800K)
[67.508s][info][gc,heap        ] GC(572) ParOldGen: 112665K(699392K)->112665K(699392K)
[67.508s][info][gc,metaspace   ] GC(572) Metaspace: 36147K(36480K)->36147K(36480K) NonClass: 31978K(32128K)->31978K(32128K) Class: 4168K(4352K)->4168K(4352K)
[67.508s][info][gc             ] GC(572) Pause Young (Allocation Failure) 425M->110M(1010M) 0.399ms
[67.508s][info][gc,cpu         ] GC(572) User=0.00s Sys=0.00s Real=0.00s
[67.570s][info][gc,start       ] GC(573) Pause Young (Allocation Failure)
[67.571s][info][gc,heap        ] GC(573) PSYoungGen: 322752K(335360K)->160K(337920K) Eden: 322560K(322560K)->0K(325632K) From: 192K(12800K)->160K(12288K)
[67.571s][info][gc,heap        ] GC(573) ParOldGen: 112665K(699392K)->112665K(699392K)
[67.571s][info][gc,metaspace   ] GC(573) Metaspace: 36147K(36480K)->36147K(36480K) NonClass: 31978K(32128K)->31978K(32128K) Class: 4168K(4352K)->4168K(4352K)
[67.571s][info][gc             ] GC(573) Pause Young (Allocation Failure) 425M->110M(1013M) 0.436ms
[67.571s][info][gc,cpu         ] GC(573) User=0.00s Sys=0.00s Real=0.00s
[67.633s][info][gc,start       ] GC(574) Pause Young (Allocation Failure)
[67.633s][info][gc,heap        ] GC(574) PSYoungGen: 325792K(337920K)->160K(336896K) Eden: 325632K(325632K)->0K(325632K) From: 160K(12288K)->160K(11264K)
[67.633s][info][gc,heap        ] GC(574) ParOldGen: 112665K(699392K)->112665K(699392K)
[67.633s][info][gc,metaspace   ] GC(574) Metaspace: 36147K(36480K)->36147K(36480K) NonClass: 31978K(32128K)->31978K(32128K) Class: 4168K(4352K)->4168K(4352K)
[67.633s][info][gc             ] GC(574) Pause Young (Allocation Failure) 428M->110M(1012M) 0.423ms
[67.633s][info][gc,cpu         ] GC(574) User=0.00s Sys=0.00s Real=0.00s
[67.698s][info][gc,start       ] GC(575) Pause Young (Allocation Failure)
[67.699s][info][gc,heap        ] GC(575) PSYoungGen: 325792K(336896K)->160K(339456K) Eden: 325632K(325632K)->0K(328704K) From: 160K(11264K)->160K(10752K)
[67.699s][info][gc,heap        ] GC(575) ParOldGen: 112665K(699392K)->112665K(699392K)
[67.699s][info][gc,metaspace   ] GC(575) Metaspace: 36147K(36480K)->36147K(36480K) NonClass: 31978K(32128K)->31978K(32128K) Class: 4168K(4352K)->4168K(4352K)
[67.699s][info][gc             ] GC(575) Pause Young (Allocation Failure) 428M->110M(1014M) 0.503ms
[67.699s][info][gc,cpu         ] GC(575) User=0.00s Sys=0.00s Real=0.00s
[67.761s][info][gc,start       ] GC(576) Pause Young (Allocation Failure)
[67.762s][info][gc,heap        ] GC(576) PSYoungGen: 328864K(339456K)->160K(338432K) Eden: 328704K(328704K)->0K(328704K) From: 160K(10752K)->160K(9728K)
[67.762s][info][gc,heap        ] GC(576) ParOldGen: 112665K(699392K)->112665K(699392K)
[67.762s][info][gc,metaspace   ] GC(576) Metaspace: 36147K(36480K)->36147K(36480K) NonClass: 31978K(32128K)->31978K(32128K) Class: 4168K(4352K)->4168K(4352K)
[67.762s][info][gc             ] GC(576) Pause Young (Allocation Failure) 431M->110M(1013M) 0.428ms
[67.762s][info][gc,cpu         ] GC(576) User=0.00s Sys=0.00s Real=0.00s
[67.825s][info][gc,start       ] GC(577) Pause Young (Allocation Failure)
[67.825s][info][gc,heap        ] GC(577) PSYoungGen: 328864K(338432K)->160K(340480K) Eden: 328704K(328704K)->0K(331264K) From: 160K(9728K)->160K(9216K)
[67.825s][info][gc,heap        ] GC(577) ParOldGen: 112665K(699392K)->112665K(699392K)
[67.825s][info][gc,metaspace   ] GC(577) Metaspace: 36147K(36480K)->36147K(36480K) NonClass: 31978K(32128K)->31978K(32128K) Class: 4168K(4352K)->4168K(4352K)
[67.825s][info][gc             ] GC(577) Pause Young (Allocation Failure) 431M->110M(1015M) 0.431ms
[67.825s][info][gc,cpu         ] GC(577) User=0.00s Sys=0.00s Real=0.00s
[67.886s][info][gc,start       ] GC(578) Pause Young (Allocation Failure)
[67.886s][info][gc,heap        ] GC(578) PSYoungGen: 331424K(340480K)->192K(339968K) Eden: 331264K(331264K)->0K(331264K) From: 160K(9216K)->192K(8704K)
[67.886s][info][gc,heap        ] GC(578) ParOldGen: 112665K(699392K)->112665K(699392K)
[67.886s][info][gc,metaspace   ] GC(578) Metaspace: 36147K(36480K)->36147K(36480K) NonClass: 31978K(32128K)->31978K(32128K) Class: 4168K(4352K)->4168K(4352K)
[67.886s][info][gc             ] GC(578) Pause Young (Allocation Failure) 433M->110M(1015M) 0.418ms
[67.886s][info][gc,cpu         ] GC(578) User=0.00s Sys=0.00s Real=0.00s
[67.948s][info][gc,start       ] GC(579) Pause Young (Allocation Failure)
[67.949s][info][gc,heap        ] GC(579) PSYoungGen: 331456K(339968K)->192K(342016K) Eden: 331264K(331264K)->0K(333824K) From: 192K(8704K)->192K(8192K)
[67.949s][info][gc,heap        ] GC(579) ParOldGen: 112665K(699392K)->112665K(699392K)
[67.949s][info][gc,metaspace   ] GC(579) Metaspace: 36147K(36480K)->36147K(36480K) NonClass: 31978K(32128K)->31978K(32128K) Class: 4168K(4352K)->4168K(4352K)
[67.949s][info][gc             ] GC(579) Pause Young (Allocation Failure) 433M->110M(1017M) 0.424ms
[67.949s][info][gc,cpu         ] GC(579) User=0.00s Sys=0.00s Real=0.00s
[68.013s][info][gc,start       ] GC(580) Pause Young (Allocation Failure)
[68.013s][info][gc,heap        ] GC(580) PSYoungGen: 334016K(342016K)->192K(340992K) Eden: 333824K(333824K)->0K(333824K) From: 192K(8192K)->192K(7168K)
[68.013s][info][gc,heap        ] GC(580) ParOldGen: 112665K(699392K)->112665K(699392K)
[68.013s][info][gc,metaspace   ] GC(580) Metaspace: 36147K(36480K)->36147K(36480K) NonClass: 31978K(32128K)->31978K(32128K) Class: 4168K(4352K)->4168K(4352K)
[68.013s][info][gc             ] GC(580) Pause Young (Allocation Failure) 436M->110M(1016M) 0.458ms
[68.013s][info][gc,cpu         ] GC(580) User=0.00s Sys=0.00s Real=0.00s
[68.076s][info][gc,start       ] GC(581) Pause Young (Allocation Failure)
[68.076s][info][gc,heap        ] GC(581) PSYoungGen: 334016K(340992K)->192K(343040K) Eden: 333824K(333824K)->0K(336384K) From: 192K(7168K)->192K(6656K)
[68.076s][info][gc,heap        ] GC(581) ParOldGen: 112665K(699392K)->112665K(699392K)
[68.076s][info][gc,metaspace   ] GC(581) Metaspace: 36147K(36480K)->36147K(36480K) NonClass: 31978K(32128K)->31978K(32128K) Class: 4168K(4352K)->4168K(4352K)
[68.076s][info][gc             ] GC(581) Pause Young (Allocation Failure) 436M->110M(1018M) 0.431ms
[68.076s][info][gc,cpu         ] GC(581) User=0.00s Sys=0.00s Real=0.00s
[68.141s][info][gc,start       ] GC(582) Pause Young (Allocation Failure)
[68.141s][info][gc,heap        ] GC(582) PSYoungGen: 336576K(343040K)->192K(342528K) Eden: 336384K(336384K)->0K(336384K) From: 192K(6656K)->192K(6144K)
[68.141s][info][gc,heap        ] GC(582) ParOldGen: 112665K(699392K)->112665K(699392K)
[68.141s][info][gc,metaspace   ] GC(582) Metaspace: 36147K(36480K)->36147K(36480K) NonClass: 31978K(32128K)->31978K(32128K) Class: 4168K(4352K)->4168K(4352K)
[68.141s][info][gc             ] GC(582) Pause Young (Allocation Failure) 438M->110M(1017M) 0.407ms
[68.141s][info][gc,cpu         ] GC(582) User=0.00s Sys=0.00s Real=0.00s
[68.205s][info][gc,start       ] GC(583) Pause Young (Allocation Failure)
[68.205s][info][gc,heap        ] GC(583) PSYoungGen: 336576K(342528K)->160K(343552K) Eden: 336384K(336384K)->0K(337408K) From: 192K(6144K)->160K(6144K)
[68.205s][info][gc,heap        ] GC(583) ParOldGen: 112665K(699392K)->112665K(699392K)
[68.205s][info][gc,metaspace   ] GC(583) Metaspace: 36147K(36480K)->36147K(36480K) NonClass: 31978K(32128K)->31978K(32128K) Class: 4168K(4352K)->4168K(4352K)
[68.205s][info][gc             ] GC(583) Pause Young (Allocation Failure) 438M->110M(1018M) 0.481ms
[68.205s][info][gc,cpu         ] GC(583) User=0.00s Sys=0.00s Real=0.00s
[68.269s][info][gc,start       ] GC(584) Pause Young (Allocation Failure)
[68.269s][info][gc,heap        ] GC(584) PSYoungGen: 337568K(343552K)->160K(343040K) Eden: 337408K(337408K)->0K(337408K) From: 160K(6144K)->160K(5632K)
[68.269s][info][gc,heap        ] GC(584) ParOldGen: 112665K(699392K)->112665K(699392K)
[68.269s][info][gc,metaspace   ] GC(584) Metaspace: 36147K(36480K)->36147K(36480K) NonClass: 31978K(32128K)->31978K(32128K) Class: 4168K(4352K)->4168K(4352K)
[68.269s][info][gc             ] GC(584) Pause Young (Allocation Failure) 439M->110M(1018M) 0.428ms
[68.269s][info][gc,cpu         ] GC(584) User=0.00s Sys=0.00s Real=0.00s
[68.333s][info][gc,start       ] GC(585) Pause Young (Allocation Failure)
[68.333s][info][gc,heap        ] GC(585) PSYoungGen: 337568K(343040K)->192K(344576K) Eden: 337408K(337408K)->0K(339456K) From: 160K(5632K)->192K(5120K)
[68.333s][info][gc,heap        ] GC(585) ParOldGen: 112665K(699392K)->112665K(699392K)
[68.333s][info][gc,metaspace   ] GC(585) Metaspace: 36147K(36480K)->36147K(36480K) NonClass: 31978K(32128K)->31978K(32128K) Class: 4168K(4352K)->4168K(4352K)
[68.333s][info][gc             ] GC(585) Pause Young (Allocation Failure) 439M->110M(1019M) 0.382ms
[68.333s][info][gc,cpu         ] GC(585) User=0.00s Sys=0.00s Real=0.00s
[68.397s][info][gc,start       ] GC(586) Pause Young (Allocation Failure)
[68.398s][info][gc,heap        ] GC(586) PSYoungGen: 339648K(344576K)->160K(344064K) Eden: 339456K(339456K)->0K(339456K) From: 192K(5120K)->160K(4608K)
[68.398s][info][gc,heap        ] GC(586) ParOldGen: 112665K(699392K)->112665K(699392K)
[68.398s][info][gc,metaspace   ] GC(586) Metaspace: 36147K(36480K)->36147K(36480K) NonClass: 31978K(32128K)->31978K(32128K) Class: 4168K(4352K)->4168K(4352K)
[68.398s][info][gc             ] GC(586) Pause Young (Allocation Failure) 441M->110M(1019M) 0.434ms
[68.398s][info][gc,cpu         ] GC(586) User=0.00s Sys=0.00s Real=0.00s
[68.462s][info][gc,start       ] GC(587) Pause Young (Allocation Failure)
[68.462s][info][gc,heap        ] GC(587) PSYoungGen: 339616K(344064K)->160K(345088K) Eden: 339456K(339456K)->0K(340480K) From: 160K(4608K)->160K(4608K)
[68.462s][info][gc,heap        ] GC(587) ParOldGen: 112665K(699392K)->112665K(699392K)
[68.462s][info][gc,metaspace   ] GC(587) Metaspace: 36147K(36480K)->36147K(36480K) NonClass: 31978K(32128K)->31978K(32128K) Class: 4168K(4352K)->4168K(4352K)
[68.462s][info][gc             ] GC(587) Pause Young (Allocation Failure) 441M->110M(1020M) 0.440ms
[68.462s][info][gc,cpu         ] GC(587) User=0.00s Sys=0.00s Real=0.00s
[68.527s][info][gc,start       ] GC(588) Pause Young (Allocation Failure)
[68.528s][info][gc,heap        ] GC(588) PSYoungGen: 340640K(345088K)->160K(344576K) Eden: 340480K(340480K)->0K(340480K) From: 160K(4608K)->160K(4096K)
[68.528s][info][gc,heap        ] GC(588) ParOldGen: 112665K(699392K)->112665K(699392K)
[68.528s][info][gc,metaspace   ] GC(588) Metaspace: 36147K(36480K)->36147K(36480K) NonClass: 31978K(32128K)->31978K(32128K) Class: 4168K(4352K)->4168K(4352K)
[68.528s][info][gc             ] GC(588) Pause Young (Allocation Failure) 442M->110M(1019M) 0.406ms
[68.528s][info][gc,cpu         ] GC(588) User=0.00s Sys=0.00s Real=0.00s
[68.594s][info][gc,start       ] GC(589) Pause Young (Allocation Failure)
[68.594s][info][gc,heap        ] GC(589) PSYoungGen: 340640K(344576K)->160K(345600K) Eden: 340480K(340480K)->0K(342016K) From: 160K(4096K)->160K(3584K)
[68.594s][info][gc,heap        ] GC(589) ParOldGen: 112665K(699392K)->112665K(699392K)
[68.594s][info][gc,metaspace   ] GC(589) Metaspace: 36147K(36480K)->36147K(36480K) NonClass: 31978K(32128K)->31978K(32128K) Class: 4168K(4352K)->4168K(4352K)
[68.594s][info][gc             ] GC(589) Pause Young (Allocation Failure) 442M->110M(1020M) 0.404ms
[68.594s][info][gc,cpu         ] GC(589) User=0.00s Sys=0.00s Real=0.00s
[68.659s][info][gc,start       ] GC(590) Pause Young (Allocation Failure)
[68.659s][info][gc,heap        ] GC(590) PSYoungGen: 342176K(345600K)->192K(345600K) Eden: 342016K(342016K)->0K(342016K) From: 160K(3584K)->192K(3584K)
[68.659s][info][gc,heap        ] GC(590) ParOldGen: 112665K(699392K)->112665K(699392K)
[68.659s][info][gc,metaspace   ] GC(590) Metaspace: 36147K(36480K)->36147K(36480K) NonClass: 31978K(32128K)->31978K(32128K) Class: 4168K(4352K)->4168K(4352K)
[68.659s][info][gc             ] GC(590) Pause Young (Allocation Failure) 444M->110M(1020M) 0.386ms
[68.659s][info][gc,cpu         ] GC(590) User=0.00s Sys=0.00s Real=0.00s
[68.726s][info][gc,start       ] GC(591) Pause Young (Allocation Failure)
[68.727s][info][gc,heap        ] GC(591) PSYoungGen: 342208K(345600K)->160K(346112K) Eden: 342016K(342016K)->0K(343040K) From: 192K(3584K)->160K(3072K)
[68.727s][info][gc,heap        ] GC(591) ParOldGen: 112665K(699392K)->112665K(699392K)
[68.727s][info][gc,metaspace   ] GC(591) Metaspace: 36147K(36480K)->36147K(36480K) NonClass: 31978K(32128K)->31978K(32128K) Class: 4168K(4352K)->4168K(4352K)
[68.727s][info][gc             ] GC(591) Pause Young (Allocation Failure) 444M->110M(1021M) 0.399ms
[68.727s][info][gc,cpu         ] GC(591) User=0.00s Sys=0.00s Real=0.00s
[68.794s][info][gc,start       ] GC(592) Pause Young (Allocation Failure)
[68.794s][info][gc,heap        ] GC(592) PSYoungGen: 343200K(346112K)->160K(346112K) Eden: 343040K(343040K)->0K(343040K) From: 160K(3072K)->160K(3072K)
[68.794s][info][gc,heap        ] GC(592) ParOldGen: 112665K(699392K)->112665K(699392K)
[68.794s][info][gc,metaspace   ] GC(592) Metaspace: 36147K(36480K)->36147K(36480K) NonClass: 31978K(32128K)->31978K(32128K) Class: 4168K(4352K)->4168K(4352K)
[68.794s][info][gc             ] GC(592) Pause Young (Allocation Failure) 445M->110M(1021M) 0.417ms
[68.794s][info][gc,cpu         ] GC(592) User=0.00s Sys=0.00s Real=0.00s
[68.871s][info][gc,start       ] GC(593) Pause Young (Allocation Failure)
[68.872s][info][gc,heap        ] GC(593) PSYoungGen: 343200K(346112K)->192K(346624K) Eden: 343040K(343040K)->0K(343552K) From: 160K(3072K)->192K(3072K)
[68.872s][info][gc,heap        ] GC(593) ParOldGen: 112665K(699392K)->112673K(699392K)
[68.872s][info][gc,metaspace   ] GC(593) Metaspace: 36150K(36480K)->36150K(36480K) NonClass: 31982K(32128K)->31982K(32128K) Class: 4168K(4352K)->4168K(4352K)
[68.872s][info][gc             ] GC(593) Pause Young (Allocation Failure) 445M->110M(1021M) 0.462ms
[68.872s][info][gc,cpu         ] GC(593) User=0.00s Sys=0.00s Real=0.00s
[69.126s][info][gc,start       ] GC(594) Pause Young (Allocation Failure)
[69.130s][info][gc,heap        ] GC(594) PSYoungGen: 343744K(346624K)->2544K(346112K) Eden: 343552K(343552K)->0K(343552K) From: 192K(3072K)->2544K(2560K)
[69.130s][info][gc,heap        ] GC(594) ParOldGen: 112673K(699392K)->119169K(699392K)
[69.130s][info][gc,metaspace   ] GC(594) Metaspace: 36152K(36480K)->36152K(36480K) NonClass: 31984K(32128K)->31984K(32128K) Class: 4168K(4352K)->4168K(4352K)
[69.130s][info][gc             ] GC(594) Pause Young (Allocation Failure) 445M->118M(1021M) 4.790ms
[69.130s][info][gc,cpu         ] GC(594) User=0.00s Sys=0.00s Real=0.00s
[69.439s][info][gc,start       ] GC(595) Pause Young (Allocation Failure)
[69.453s][info][gc,heap        ] GC(595) PSYoungGen: 345908K(346112K)->3041K(316416K) Eden: 343364K(343552K)->0K(313344K) From: 2544K(2560K)->3041K(3072K)
[69.453s][info][gc,heap        ] GC(595) ParOldGen: 119169K(699392K)->151858K(699392K)
[69.453s][info][gc,metaspace   ] GC(595) Metaspace: 36153K(36480K)->36153K(36480K) NonClass: 31984K(32128K)->31984K(32128K) Class: 4168K(4352K)->4168K(4352K)
[69.453s][info][gc             ] GC(595) Pause Young (Allocation Failure) 454M->151M(992M) 13.768ms
[69.453s][info][gc,cpu         ] GC(595) User=0.00s Sys=0.00s Real=0.01s
[69.750s][info][gc,start       ] GC(596) Pause Young (Allocation Failure)
[69.763s][info][gc,heap        ] GC(596) PSYoungGen: 316385K(316416K)->17914K(331264K) Eden: 313344K(313344K)->0K(313344K) From: 3041K(3072K)->17914K(17920K)
[69.763s][info][gc,heap        ] GC(596) ParOldGen: 151858K(699392K)->176159K(699392K)
[69.763s][info][gc,metaspace   ] GC(596) Metaspace: 36153K(36480K)->36153K(36480K) NonClass: 31984K(32128K)->31984K(32128K) Class: 4168K(4352K)->4168K(4352K)
[69.763s][info][gc             ] GC(596) Pause Young (Allocation Failure) 457M->189M(1006M) 13.397ms
[69.763s][info][gc,cpu         ] GC(596) User=0.09s Sys=0.00s Real=0.01s
[70.042s][info][gc,start       ] GC(597) Pause Young (Allocation Failure)
[70.053s][info][gc,heap        ] GC(597) PSYoungGen: 328814K(331264K)->14762K(305664K) Eden: 310899K(313344K)->0K(287744K) From: 17914K(17920K)->14762K(17920K)
[70.053s][info][gc,heap        ] GC(597) ParOldGen: 176159K(699392K)->191207K(699392K)
[70.053s][info][gc,metaspace   ] GC(597) Metaspace: 36153K(36480K)->36153K(36480K) NonClass: 31984K(32128K)->31984K(32128K) Class: 4168K(4352K)->4168K(4352K)
[70.053s][info][gc             ] GC(597) Pause Young (Allocation Failure) 493M->201M(981M) 10.239ms
[70.053s][info][gc,cpu         ] GC(597) User=0.09s Sys=0.00s Real=0.02s
[70.309s][info][gc,start       ] GC(598) Pause Young (Allocation Failure)
[70.315s][info][gc,heap        ] GC(598) PSYoungGen: 302506K(305664K)->10902K(318464K) Eden: 287744K(287744K)->0K(287744K) From: 14762K(17920K)->10902K(30720K)
[70.315s][info][gc,heap        ] GC(598) ParOldGen: 191207K(699392K)->195117K(699392K)
[70.315s][info][gc,metaspace   ] GC(598) Metaspace: 36153K(36480K)->36153K(36480K) NonClass: 31984K(32128K)->31984K(32128K) Class: 4168K(4352K)->4168K(4352K)
[70.315s][info][gc             ] GC(598) Pause Young (Allocation Failure) 482M->201M(994M) 6.172ms
[70.315s][info][gc,cpu         ] GC(598) User=0.09s Sys=0.00s Real=0.01s
[70.564s][info][gc,start       ] GC(599) Pause Young (Allocation Failure)
[70.569s][info][gc,heap        ] GC(599) PSYoungGen: 297763K(318464K)->11330K(321024K) Eden: 286860K(287744K)->0K(291840K) From: 10902K(30720K)->11330K(29184K)
[70.570s][info][gc,heap        ] GC(599) ParOldGen: 195117K(699392K)->196173K(699392K)
[70.570s][info][gc,metaspace   ] GC(599) Metaspace: 36153K(36480K)->36153K(36480K) NonClass: 31984K(32128K)->31984K(32128K) Class: 4168K(4352K)->4168K(4352K)
[70.570s][info][gc             ] GC(599) Pause Young (Allocation Failure) 481M->202M(996M) 5.838ms
[70.570s][info][gc,cpu         ] GC(599) User=0.00s Sys=0.00s Real=0.01s
[70.805s][info][gc,start       ] GC(600) Pause Young (Allocation Failure)
[70.811s][info][gc,heap        ] GC(600) PSYoungGen: 300535K(321024K)->20208K(312320K) Eden: 289204K(291840K)->0K(291840K) From: 11330K(29184K)->20208K(20480K)
[70.811s][info][gc,heap        ] GC(600) ParOldGen: 196173K(699392K)->196583K(699392K)
[70.811s][info][gc,metaspace   ] GC(600) Metaspace: 36153K(36480K)->36153K(36480K) NonClass: 31984K(32128K)->31984K(32128K) Class: 4168K(4352K)->4168K(4352K)
[70.811s][info][gc             ] GC(600) Pause Young (Allocation Failure) 485M->211M(988M) 6.173ms
[70.811s][info][gc,cpu         ] GC(600) User=0.00s Sys=0.00s Real=0.01s
[71.065s][info][gc,start       ] GC(601) Pause Young (Allocation Failure)
[71.071s][info][gc,heap        ] GC(601) PSYoungGen: 312048K(312320K)->11476K(320512K) Eden: 291840K(291840K)->0K(290304K) From: 20208K(20480K)->11476K(30208K)
[71.071s][info][gc,heap        ] GC(601) ParOldGen: 196583K(699392K)->197021K(699392K)
[71.071s][info][gc,metaspace   ] GC(601) Metaspace: 36154K(36480K)->36154K(36480K) NonClass: 31985K(32128K)->31985K(32128K) Class: 4168K(4352K)->4168K(4352K)
[71.071s][info][gc             ] GC(601) Pause Young (Allocation Failure) 496M->203M(996M) 6.326ms
[71.071s][info][gc,cpu         ] GC(601) User=0.00s Sys=0.00s Real=0.00s
[71.314s][info][gc,start       ] GC(602) Pause Young (Allocation Failure)
[71.321s][info][gc,heap        ] GC(602) PSYoungGen: 298453K(320512K)->21392K(311808K) Eden: 286976K(290304K)->0K(290304K) From: 11476K(30208K)->21392K(21504K)
[71.321s][info][gc,heap        ] GC(602) ParOldGen: 197021K(699392K)->197480K(699392K)
[71.321s][info][gc,metaspace   ] GC(602) Metaspace: 36154K(36480K)->36154K(36480K) NonClass: 31985K(32128K)->31985K(32128K) Class: 4168K(4352K)->4168K(4352K)
[71.321s][info][gc             ] GC(602) Pause Young (Allocation Failure) 483M->213M(987M) 7.356ms
[71.321s][info][gc,cpu         ] GC(602) User=0.00s Sys=0.00s Real=0.01s
[71.588s][info][gc,start       ] GC(603) Pause Young (Allocation Failure)
[71.594s][info][gc,heap        ] GC(603) PSYoungGen: 311696K(311808K)->14194K(319488K) Eden: 290304K(290304K)->0K(288768K) From: 21392K(21504K)->14194K(30720K)
[71.594s][info][gc,heap        ] GC(603) ParOldGen: 197480K(699392K)->199483K(699392K)
[71.594s][info][gc,metaspace   ] GC(603) Metaspace: 36154K(36480K)->36154K(36480K) NonClass: 31985K(32128K)->31985K(32128K) Class: 4168K(4352K)->4168K(4352K)
[71.594s][info][gc             ] GC(603) Pause Young (Allocation Failure) 497M->208M(995M) 6.156ms
[71.594s][info][gc,cpu         ] GC(603) User=0.08s Sys=0.00s Real=0.01s
[71.849s][info][gc,start       ] GC(604) Pause Young (Allocation Failure)
[71.854s][info][gc,heap        ] GC(604) PSYoungGen: 302962K(319488K)->11881K(318464K) Eden: 288768K(288768K)->0K(288768K) From: 14194K(30720K)->11881K(29696K)
[71.855s][info][gc,heap        ] GC(604) ParOldGen: 199483K(699392K)->200404K(699392K)
[71.855s][info][gc,metaspace   ] GC(604) Metaspace: 36154K(36480K)->36154K(36480K) NonClass: 31985K(32128K)->31985K(32128K) Class: 4168K(4352K)->4168K(4352K)
[71.855s][info][gc             ] GC(604) Pause Young (Allocation Failure) 490M->207M(994M) 5.586ms
[71.855s][info][gc,cpu         ] GC(604) User=0.00s Sys=0.00s Real=0.01s
[72.093s][info][gc,start       ] GC(605) Pause Young (Allocation Failure)
[72.099s][info][gc,heap        ] GC(605) PSYoungGen: 298562K(318464K)->16416K(321024K) Eden: 286680K(288768K)->0K(292864K) From: 11881K(29696K)->16416K(28160K)
[72.099s][info][gc,heap        ] GC(605) ParOldGen: 200404K(699392K)->200787K(699392K)
[72.099s][info][gc,metaspace   ] GC(605) Metaspace: 36154K(36480K)->36154K(36480K) NonClass: 31985K(32128K)->31985K(32128K) Class: 4168K(4352K)->4168K(4352K)
[72.099s][info][gc             ] GC(605) Pause Young (Allocation Failure) 487M->212M(996M) 6.038ms
[72.099s][info][gc,cpu         ] GC(605) User=0.09s Sys=0.00s Real=0.01s
[72.343s][info][gc,start       ] GC(606) Pause Young (Allocation Failure)
[72.349s][info][gc,heap        ] GC(606) PSYoungGen: 305640K(321024K)->20257K(313344K) Eden: 289223K(292864K)->0K(292864K) From: 16416K(28160K)->20257K(20480K)
[72.350s][info][gc,heap        ] GC(606) ParOldGen: 200787K(699392K)->202438K(699392K)
[72.350s][info][gc,metaspace   ] GC(606) Metaspace: 36155K(36480K)->36155K(36480K) NonClass: 31986K(32128K)->31986K(32128K) Class: 4168K(4352K)->4168K(4352K)
[72.350s][info][gc             ] GC(606) Pause Young (Allocation Failure) 494M->217M(989M) 6.537ms
[72.350s][info][gc,cpu         ] GC(606) User=0.08s Sys=0.02s Real=0.01s
[72.558s][info][gc,start       ] GC(607) Pause Young (System.gc())
[72.565s][info][gc,heap        ] GC(607) PSYoungGen: 257119K(313344K)->13108K(321024K) Eden: 236862K(292864K)->0K(291328K) From: 20257K(20480K)->13108K(29696K)
[72.565s][info][gc,heap        ] GC(607) ParOldGen: 202438K(699392K)->204340K(699392K)
[72.565s][info][gc,metaspace   ] GC(607) Metaspace: 36155K(36480K)->36155K(36480K) NonClass: 31986K(32128K)->31986K(32128K) Class: 4168K(4352K)->4168K(4352K)
[72.565s][info][gc             ] GC(607) Pause Young (System.gc()) 448M->212M(996M) 6.821ms
[72.565s][info][gc,cpu         ] GC(607) User=0.08s Sys=0.00s Real=0.01s
[72.565s][info][gc,start       ] GC(608) Pause Full (System.gc())
[72.565s][info][gc,phases,start] GC(608) Marking Phase
[72.582s][info][gc,phases      ] GC(608) Marking Phase 16.549ms
[72.582s][info][gc,phases,start] GC(608) Summary Phase
[72.582s][info][gc,phases      ] GC(608) Summary Phase 0.012ms
[72.582s][info][gc,phases,start] GC(608) Adjust Roots
[72.585s][info][gc,phases      ] GC(608) Adjust Roots 3.097ms
[72.585s][info][gc,phases,start] GC(608) Compaction Phase
[72.594s][info][gc,phases      ] GC(608) Compaction Phase 9.072ms
[72.594s][info][gc,phases,start] GC(608) Post Compact
[72.595s][info][gc,phases      ] GC(608) Post Compact 0.807ms
[72.595s][info][gc,heap        ] GC(608) PSYoungGen: 13108K(321024K)->0K(321024K) Eden: 0K(291328K)->0K(291328K) From: 13108K(29696K)->0K(29696K)
[72.595s][info][gc,heap        ] GC(608) ParOldGen: 204340K(699392K)->115561K(699392K)
[72.595s][info][gc,metaspace   ] GC(608) Metaspace: 36155K(36480K)->36155K(36480K) NonClass: 31986K(32128K)->31986K(32128K) Class: 4168K(4352K)->4168K(4352K)
[72.595s][info][gc             ] GC(608) Pause Full (System.gc()) 212M->112M(996M) 29.794ms
[72.595s][info][gc,cpu         ] GC(608) User=0.06s Sys=0.00s Real=0.03s
[72.643s][info][gc,start       ] GC(609) Pause Young (Allocation Failure)
[72.643s][info][gc,heap        ] GC(609) PSYoungGen: 291328K(321024K)->128K(319488K) Eden: 291328K(291328K)->0K(291328K) From: 0K(29696K)->128K(28160K)
[72.643s][info][gc,heap        ] GC(609) ParOldGen: 115561K(699392K)->115561K(699392K)
[72.643s][info][gc,metaspace   ] GC(609) Metaspace: 36158K(36480K)->36158K(36480K) NonClass: 31989K(32128K)->31989K(32128K) Class: 4168K(4352K)->4168K(4352K)
[72.643s][info][gc             ] GC(609) Pause Young (Allocation Failure) 397M->112M(995M) 0.518ms
[72.643s][info][gc,cpu         ] GC(609) User=0.00s Sys=0.00s Real=0.00s
[72.690s][info][gc,start       ] GC(610) Pause Young (Allocation Failure)
[72.691s][info][gc,heap        ] GC(610) PSYoungGen: 291456K(319488K)->160K(319488K) Eden: 291328K(291328K)->0K(290816K) From: 128K(28160K)->160K(28672K)
[72.691s][info][gc,heap        ] GC(610) ParOldGen: 115561K(699392K)->115601K(699392K)
[72.691s][info][gc,metaspace   ] GC(610) Metaspace: 36158K(36480K)->36158K(36480K) NonClass: 31989K(32128K)->31989K(32128K) Class: 4168K(4352K)->4168K(4352K)
[72.691s][info][gc             ] GC(610) Pause Young (Allocation Failure) 397M->113M(995M) 1.260ms
[72.691s][info][gc,cpu         ] GC(610) User=0.00s Sys=0.00s Real=0.00s
[72.736s][info][gc,start       ] GC(611) Pause Young (Allocation Failure)
[72.737s][info][gc,heap        ] GC(611) PSYoungGen: 290976K(319488K)->128K(320000K) Eden: 290816K(290816K)->0K(290816K) From: 160K(28672K)->128K(29184K)
[72.737s][info][gc,heap        ] GC(611) ParOldGen: 115601K(699392K)->115601K(699392K)
[72.737s][info][gc,metaspace   ] GC(611) Metaspace: 36158K(36480K)->36158K(36480K) NonClass: 31989K(32128K)->31989K(32128K) Class: 4168K(4352K)->4168K(4352K)
[72.737s][info][gc             ] GC(611) Pause Young (Allocation Failure) 397M->113M(995M) 0.409ms
[72.737s][info][gc,cpu         ] GC(611) User=0.00s Sys=0.00s Real=0.00s
[72.782s][info][gc,start       ] GC(612) Pause Young (Allocation Failure)
[72.783s][info][gc,heap        ] GC(612) PSYoungGen: 290944K(320000K)->192K(320512K) Eden: 290816K(290816K)->0K(291328K) From: 128K(29184K)->192K(29184K)
[72.783s][info][gc,heap        ] GC(612) ParOldGen: 115601K(699392K)->115601K(699392K)
[72.783s][info][gc,metaspace   ] GC(612) Metaspace: 36158K(36480K)->36158K(36480K) NonClass: 31989K(32128K)->31989K(32128K) Class: 4168K(4352K)->4168K(4352K)
[72.783s][info][gc             ] GC(612) Pause Young (Allocation Failure) 397M->113M(996M) 0.417ms
[72.783s][info][gc,cpu         ] GC(612) User=0.00s Sys=0.00s Real=0.00s
[72.827s][info][gc,start       ] GC(613) Pause Young (Allocation Failure)
[72.827s][info][gc,heap        ] GC(613) PSYoungGen: 291520K(320512K)->160K(320000K) Eden: 291328K(291328K)->0K(291328K) From: 192K(29184K)->160K(28672K)
[72.827s][info][gc,heap        ] GC(613) ParOldGen: 115601K(699392K)->115601K(699392K)
[72.827s][info][gc,metaspace   ] GC(613) Metaspace: 36158K(36480K)->36158K(36480K) NonClass: 31989K(32128K)->31989K(32128K) Class: 4168K(4352K)->4168K(4352K)
[72.827s][info][gc             ] GC(613) Pause Young (Allocation Failure) 397M->113M(995M) 0.383ms
[72.827s][info][gc,cpu         ] GC(613) User=0.00s Sys=0.00s Real=0.00s
[72.870s][info][gc,start       ] GC(614) Pause Young (Allocation Failure)
[72.871s][info][gc,heap        ] GC(614) PSYoungGen: 291488K(320000K)->160K(321536K) Eden: 291328K(291328K)->0K(293376K) From: 160K(28672K)->160K(28160K)
[72.871s][info][gc,heap        ] GC(614) ParOldGen: 115601K(699392K)->115601K(699392K)
[72.871s][info][gc,metaspace   ] GC(614) Metaspace: 36158K(36480K)->36158K(36480K) NonClass: 31989K(32128K)->31989K(32128K) Class: 4168K(4352K)->4168K(4352K)
[72.871s][info][gc             ] GC(614) Pause Young (Allocation Failure) 397M->113M(997M) 0.389ms
[72.871s][info][gc,cpu         ] GC(614) User=0.00s Sys=0.00s Real=0.00s
[72.914s][info][gc,start       ] GC(615) Pause Young (Allocation Failure)
[72.915s][info][gc,heap        ] GC(615) PSYoungGen: 293536K(321536K)->160K(321024K) Eden: 293376K(293376K)->0K(293376K) From: 160K(28160K)->160K(27648K)
[72.915s][info][gc,heap        ] GC(615) ParOldGen: 115601K(699392K)->115601K(699392K)
[72.915s][info][gc,metaspace   ] GC(615) Metaspace: 36158K(36480K)->36158K(36480K) NonClass: 31989K(32128K)->31989K(32128K) Class: 4168K(4352K)->4168K(4352K)
[72.915s][info][gc             ] GC(615) Pause Young (Allocation Failure) 399M->113M(996M) 0.354ms
[72.915s][info][gc,cpu         ] GC(615) User=0.00s Sys=0.00s Real=0.00s
[72.958s][info][gc,start       ] GC(616) Pause Young (Allocation Failure)
[72.958s][info][gc,heap        ] GC(616) PSYoungGen: 293536K(321024K)->192K(323584K) Eden: 293376K(293376K)->0K(296960K) From: 160K(27648K)->192K(26624K)
[72.958s][info][gc,heap        ] GC(616) ParOldGen: 115601K(699392K)->115601K(699392K)
[72.958s][info][gc,metaspace   ] GC(616) Metaspace: 36158K(36480K)->36158K(36480K) NonClass: 31989K(32128K)->31989K(32128K) Class: 4168K(4352K)->4168K(4352K)
[72.958s][info][gc             ] GC(616) Pause Young (Allocation Failure) 399M->113M(999M) 0.383ms
[72.958s][info][gc,cpu         ] GC(616) User=0.00s Sys=0.00s Real=0.00s
[73.003s][info][gc,start       ] GC(617) Pause Young (Allocation Failure)
[73.003s][info][gc,heap        ] GC(617) PSYoungGen: 297152K(323584K)->192K(322560K) Eden: 296960K(296960K)->0K(296960K) From: 192K(26624K)->192K(25600K)
[73.003s][info][gc,heap        ] GC(617) ParOldGen: 115601K(699392K)->115601K(699392K)
[73.003s][info][gc,metaspace   ] GC(617) Metaspace: 36158K(36480K)->36158K(36480K) NonClass: 31989K(32128K)->31989K(32128K) Class: 4168K(4352K)->4168K(4352K)
[73.003s][info][gc             ] GC(617) Pause Young (Allocation Failure) 403M->113M(998M) 0.405ms
[73.003s][info][gc,cpu         ] GC(617) User=0.00s Sys=0.00s Real=0.00s
[73.048s][info][gc,start       ] GC(618) Pause Young (Allocation Failure)
[73.048s][info][gc,heap        ] GC(618) PSYoungGen: 297152K(322560K)->160K(325632K) Eden: 296960K(296960K)->0K(301056K) From: 192K(25600K)->160K(24576K)
[73.048s][info][gc,heap        ] GC(618) ParOldGen: 115601K(699392K)->115601K(699392K)
[73.048s][info][gc,metaspace   ] GC(618) Metaspace: 36158K(36480K)->36158K(36480K) NonClass: 31989K(32128K)->31989K(32128K) Class: 4168K(4352K)->4168K(4352K)
[73.048s][info][gc             ] GC(618) Pause Young (Allocation Failure) 403M->113M(1001M) 0.393ms
[73.048s][info][gc,cpu         ] GC(618) User=0.00s Sys=0.00s Real=0.00s
[73.095s][info][gc,start       ] GC(619) Pause Young (Allocation Failure)
[73.095s][info][gc,heap        ] GC(619) PSYoungGen: 301216K(325632K)->160K(324608K) Eden: 301056K(301056K)->0K(301056K) From: 160K(24576K)->160K(23552K)
[73.095s][info][gc,heap        ] GC(619) ParOldGen: 115601K(699392K)->115601K(699392K)
[73.095s][info][gc,metaspace   ] GC(619) Metaspace: 36158K(36480K)->36158K(36480K) NonClass: 31989K(32128K)->31989K(32128K) Class: 4168K(4352K)->4168K(4352K)
[73.095s][info][gc             ] GC(619) Pause Young (Allocation Failure) 407M->113M(1000M) 0.438ms
[73.095s][info][gc,cpu         ] GC(619) User=0.00s Sys=0.00s Real=0.00s
[73.141s][info][gc,start       ] GC(620) Pause Young (Allocation Failure)
[73.142s][info][gc,heap        ] GC(620) PSYoungGen: 301216K(324608K)->160K(327680K) Eden: 301056K(301056K)->0K(305152K) From: 160K(23552K)->160K(22528K)
[73.142s][info][gc,heap        ] GC(620) ParOldGen: 115601K(699392K)->115601K(699392K)
[73.142s][info][gc,metaspace   ] GC(620) Metaspace: 36158K(36480K)->36158K(36480K) NonClass: 31989K(32128K)->31989K(32128K) Class: 4168K(4352K)->4168K(4352K)
[73.142s][info][gc             ] GC(620) Pause Young (Allocation Failure) 407M->113M(1003M) 0.399ms
[73.142s][info][gc,cpu         ] GC(620) User=0.00s Sys=0.00s Real=0.00s
[73.190s][info][gc,start       ] GC(621) Pause Young (Allocation Failure)
[73.190s][info][gc,heap        ] GC(621) PSYoungGen: 305312K(327680K)->160K(326656K) Eden: 305152K(305152K)->0K(305152K) From: 160K(22528K)->160K(21504K)
[73.190s][info][gc,heap        ] GC(621) ParOldGen: 115601K(699392K)->115601K(699392K)
[73.190s][info][gc,metaspace   ] GC(621) Metaspace: 36158K(36480K)->36158K(36480K) NonClass: 31989K(32128K)->31989K(32128K) Class: 4168K(4352K)->4168K(4352K)
[73.190s][info][gc             ] GC(621) Pause Young (Allocation Failure) 411M->113M(1002M) 0.383ms
[73.190s][info][gc,cpu         ] GC(621) User=0.00s Sys=0.00s Real=0.00s
[73.236s][info][gc,start       ] GC(622) Pause Young (Allocation Failure)
[73.236s][info][gc,heap        ] GC(622) PSYoungGen: 305312K(326656K)->160K(329728K) Eden: 305152K(305152K)->0K(309248K) From: 160K(21504K)->160K(20480K)
[73.236s][info][gc,heap        ] GC(622) ParOldGen: 115601K(699392K)->115601K(699392K)
[73.236s][info][gc,metaspace   ] GC(622) Metaspace: 36158K(36480K)->36158K(36480K) NonClass: 31989K(32128K)->31989K(32128K) Class: 4168K(4352K)->4168K(4352K)
[73.236s][info][gc             ] GC(622) Pause Young (Allocation Failure) 411M->113M(1005M) 0.380ms
[73.236s][info][gc,cpu         ] GC(622) User=0.00s Sys=0.00s Real=0.00s
[73.287s][info][gc,start       ] GC(623) Pause Young (Allocation Failure)
[73.287s][info][gc,heap        ] GC(623) PSYoungGen: 309408K(329728K)->128K(328704K) Eden: 309248K(309248K)->0K(309248K) From: 160K(20480K)->128K(19456K)
[73.287s][info][gc,heap        ] GC(623) ParOldGen: 115601K(699392K)->115601K(699392K)
[73.287s][info][gc,metaspace   ] GC(623) Metaspace: 36158K(36480K)->36158K(36480K) NonClass: 31989K(32128K)->31989K(32128K) Class: 4168K(4352K)->4168K(4352K)
[73.287s][info][gc             ] GC(623) Pause Young (Allocation Failure) 415M->113M(1004M) 0.342ms
[73.287s][info][gc,cpu         ] GC(623) User=0.00s Sys=0.00s Real=0.00s
[73.349s][info][gc,start       ] GC(624) Pause Young (Allocation Failure)
[73.349s][info][gc,heap        ] GC(624) PSYoungGen: 309376K(328704K)->192K(332288K) Eden: 309248K(309248K)->0K(314368K) From: 128K(19456K)->192K(17920K)
[73.349s][info][gc,heap        ] GC(624) ParOldGen: 115601K(699392K)->115617K(699392K)
[73.349s][info][gc,metaspace   ] GC(624) Metaspace: 36158K(36480K)->36158K(36480K) NonClass: 31989K(32128K)->31989K(32128K) Class: 4168K(4352K)->4168K(4352K)
[73.349s][info][gc             ] GC(624) Pause Young (Allocation Failure) 415M->113M(1007M) 0.477ms
[73.349s][info][gc,cpu         ] GC(624) User=0.00s Sys=0.00s Real=0.00s
[73.408s][info][gc,start       ] GC(625) Pause Young (Allocation Failure)
[73.409s][info][gc,heap        ] GC(625) PSYoungGen: 314560K(332288K)->160K(331264K) Eden: 314368K(314368K)->0K(314368K) From: 192K(17920K)->160K(16896K)
[73.409s][info][gc,heap        ] GC(625) ParOldGen: 115617K(699392K)->115665K(699392K)
[73.409s][info][gc,metaspace   ] GC(625) Metaspace: 36158K(36480K)->36158K(36480K) NonClass: 31989K(32128K)->31989K(32128K) Class: 4168K(4352K)->4168K(4352K)
[73.409s][info][gc             ] GC(625) Pause Young (Allocation Failure) 420M->113M(1006M) 0.463ms
[73.409s][info][gc,cpu         ] GC(625) User=0.00s Sys=0.00s Real=0.00s
[73.467s][info][gc,start       ] GC(626) Pause Young (Allocation Failure)
[73.467s][info][gc,heap        ] GC(626) PSYoungGen: 314528K(331264K)->192K(334336K) Eden: 314368K(314368K)->0K(318464K) From: 160K(16896K)->192K(15872K)
[73.467s][info][gc,heap        ] GC(626) ParOldGen: 115665K(699392K)->115665K(699392K)
[73.467s][info][gc,metaspace   ] GC(626) Metaspace: 36158K(36480K)->36158K(36480K) NonClass: 31989K(32128K)->31989K(32128K) Class: 4168K(4352K)->4168K(4352K)
[73.467s][info][gc             ] GC(626) Pause Young (Allocation Failure) 420M->113M(1009M) 0.454ms
[73.467s][info][gc,cpu         ] GC(626) User=0.00s Sys=0.00s Real=0.00s
[73.527s][info][gc,start       ] GC(627) Pause Young (Allocation Failure)
[73.528s][info][gc,heap        ] GC(627) PSYoungGen: 318656K(334336K)->192K(333312K) Eden: 318464K(318464K)->0K(318464K) From: 192K(15872K)->192K(14848K)
[73.528s][info][gc,heap        ] GC(627) ParOldGen: 115665K(699392K)->115665K(699392K)
[73.528s][info][gc,metaspace   ] GC(627) Metaspace: 36158K(36480K)->36158K(36480K) NonClass: 31989K(32128K)->31989K(32128K) Class: 4168K(4352K)->4168K(4352K)
[73.528s][info][gc             ] GC(627) Pause Young (Allocation Failure) 424M->113M(1008M) 0.400ms
[73.528s][info][gc,cpu         ] GC(627) User=0.00s Sys=0.00s Real=0.00s
[73.589s][info][gc,start       ] GC(628) Pause Young (Allocation Failure)
[73.590s][info][gc,heap        ] GC(628) PSYoungGen: 318656K(333312K)->160K(335872K) Eden: 318464K(318464K)->0K(321536K) From: 192K(14848K)->160K(14336K)
[73.590s][info][gc,heap        ] GC(628) ParOldGen: 115665K(699392K)->115665K(699392K)
[73.590s][info][gc,metaspace   ] GC(628) Metaspace: 36158K(36480K)->36158K(36480K) NonClass: 31989K(32128K)->31989K(32128K) Class: 4168K(4352K)->4168K(4352K)
[73.590s][info][gc             ] GC(628) Pause Young (Allocation Failure) 424M->113M(1011M) 0.509ms
[73.590s][info][gc,cpu         ] GC(628) User=0.00s Sys=0.00s Real=0.00s
[73.649s][info][gc,start       ] GC(629) Pause Young (Allocation Failure)
[73.649s][info][gc,heap        ] GC(629) PSYoungGen: 321696K(335872K)->160K(334848K) Eden: 321536K(321536K)->0K(321536K) From: 160K(14336K)->160K(13312K)
[73.649s][info][gc,heap        ] GC(629) ParOldGen: 115665K(699392K)->115665K(699392K)
[73.649s][info][gc,metaspace   ] GC(629) Metaspace: 36158K(36480K)->36158K(36480K) NonClass: 31989K(32128K)->31989K(32128K) Class: 4168K(4352K)->4168K(4352K)
[73.649s][info][gc             ] GC(629) Pause Young (Allocation Failure) 427M->113M(1010M) 0.512ms
[73.649s][info][gc,cpu         ] GC(629) User=0.00s Sys=0.00s Real=0.02s
[73.712s][info][gc,start       ] GC(630) Pause Young (Allocation Failure)
[73.712s][info][gc,heap        ] GC(630) PSYoungGen: 321696K(334848K)->192K(337408K) Eden: 321536K(321536K)->0K(325120K) From: 160K(13312K)->192K(12288K)
[73.712s][info][gc,heap        ] GC(630) ParOldGen: 115665K(699392K)->115665K(699392K)
[73.712s][info][gc,metaspace   ] GC(630) Metaspace: 36158K(36480K)->36158K(36480K) NonClass: 31989K(32128K)->31989K(32128K) Class: 4168K(4352K)->4168K(4352K)
[73.712s][info][gc             ] GC(630) Pause Young (Allocation Failure) 427M->113M(1012M) 0.534ms
[73.712s][info][gc,cpu         ] GC(630) User=0.00s Sys=0.00s Real=0.00s
[73.772s][info][gc,start       ] GC(631) Pause Young (Allocation Failure)
[73.773s][info][gc,heap        ] GC(631) PSYoungGen: 325312K(337408K)->192K(336896K) Eden: 325120K(325120K)->0K(325120K) From: 192K(12288K)->192K(11776K)
[73.773s][info][gc,heap        ] GC(631) ParOldGen: 115665K(699392K)->115665K(699392K)
[73.773s][info][gc,metaspace   ] GC(631) Metaspace: 36158K(36480K)->36158K(36480K) NonClass: 31989K(32128K)->31989K(32128K) Class: 4168K(4352K)->4168K(4352K)
[73.773s][info][gc             ] GC(631) Pause Young (Allocation Failure) 430M->113M(1012M) 0.422ms
[73.773s][info][gc,cpu         ] GC(631) User=0.00s Sys=0.00s Real=0.00s
[73.833s][info][gc,start       ] GC(632) Pause Young (Allocation Failure)
[73.833s][info][gc,heap        ] GC(632) PSYoungGen: 325312K(336896K)->160K(338944K) Eden: 325120K(325120K)->0K(328192K) From: 192K(11776K)->160K(10752K)
[73.833s][info][gc,heap        ] GC(632) ParOldGen: 115665K(699392K)->115665K(699392K)
[73.833s][info][gc,metaspace   ] GC(632) Metaspace: 36158K(36480K)->36158K(36480K) NonClass: 31989K(32128K)->31989K(32128K) Class: 4168K(4352K)->4168K(4352K)
[73.833s][info][gc             ] GC(632) Pause Young (Allocation Failure) 430M->113M(1014M) 0.438ms
[73.833s][info][gc,cpu         ] GC(632) User=0.00s Sys=0.00s Real=0.00s
[73.897s][info][gc,start       ] GC(633) Pause Young (Allocation Failure)
[73.897s][info][gc,heap        ] GC(633) PSYoungGen: 328352K(338944K)->192K(338432K) Eden: 328192K(328192K)->0K(328192K) From: 160K(10752K)->192K(10240K)
[73.897s][info][gc,heap        ] GC(633) ParOldGen: 115665K(699392K)->115665K(699392K)
[73.897s][info][gc,metaspace   ] GC(633) Metaspace: 36158K(36480K)->36158K(36480K) NonClass: 31989K(32128K)->31989K(32128K) Class: 4168K(4352K)->4168K(4352K)
[73.897s][info][gc             ] GC(633) Pause Young (Allocation Failure) 433M->113M(1013M) 0.383ms
[73.897s][info][gc,cpu         ] GC(633) User=0.00s Sys=0.00s Real=0.00s
[73.960s][info][gc,start       ] GC(634) Pause Young (Allocation Failure)
[73.960s][info][gc,heap        ] GC(634) PSYoungGen: 328384K(338432K)->192K(340480K) Eden: 328192K(328192K)->0K(331264K) From: 192K(10240K)->192K(9216K)
[73.960s][info][gc,heap        ] GC(634) ParOldGen: 115665K(699392K)->115665K(699392K)
[73.960s][info][gc,metaspace   ] GC(634) Metaspace: 36158K(36480K)->36158K(36480K) NonClass: 31989K(32128K)->31989K(32128K) Class: 4168K(4352K)->4168K(4352K)
[73.960s][info][gc             ] GC(634) Pause Young (Allocation Failure) 433M->113M(1015M) 0.454ms
[73.960s][info][gc,cpu         ] GC(634) User=0.00s Sys=0.00s Real=0.00s
[74.020s][info][gc,start       ] GC(635) Pause Young (Allocation Failure)
[74.021s][info][gc,heap        ] GC(635) PSYoungGen: 331456K(340480K)->160K(339968K) Eden: 331264K(331264K)->0K(331264K) From: 192K(9216K)->160K(8704K)
[74.021s][info][gc,heap        ] GC(635) ParOldGen: 115665K(699392K)->115665K(699392K)
[74.021s][info][gc,metaspace   ] GC(635) Metaspace: 36158K(36480K)->36158K(36480K) NonClass: 31989K(32128K)->31989K(32128K) Class: 4168K(4352K)->4168K(4352K)
[74.021s][info][gc             ] GC(635) Pause Young (Allocation Failure) 436M->113M(1015M) 0.431ms
[74.021s][info][gc,cpu         ] GC(635) User=0.00s Sys=0.00s Real=0.00s
[74.080s][info][gc,start       ] GC(636) Pause Young (Allocation Failure)
[74.080s][info][gc,heap        ] GC(636) PSYoungGen: 331424K(339968K)->192K(341504K) Eden: 331264K(331264K)->0K(333312K) From: 160K(8704K)->192K(8192K)
[74.080s][info][gc,heap        ] GC(636) ParOldGen: 115665K(699392K)->115665K(699392K)
[74.080s][info][gc,metaspace   ] GC(636) Metaspace: 36158K(36480K)->36158K(36480K) NonClass: 31989K(32128K)->31989K(32128K) Class: 4168K(4352K)->4168K(4352K)
[74.080s][info][gc             ] GC(636) Pause Young (Allocation Failure) 436M->113M(1016M) 0.410ms
[74.080s][info][gc,cpu         ] GC(636) User=0.00s Sys=0.00s Real=0.00s
[74.142s][info][gc,start       ] GC(637) Pause Young (Allocation Failure)
[74.143s][info][gc,heap        ] GC(637) PSYoungGen: 333504K(341504K)->192K(340992K) Eden: 333312K(333312K)->0K(333312K) From: 192K(8192K)->192K(7680K)
[74.143s][info][gc,heap        ] GC(637) ParOldGen: 115665K(699392K)->115665K(699392K)
[74.143s][info][gc,metaspace   ] GC(637) Metaspace: 36158K(36480K)->36158K(36480K) NonClass: 31989K(32128K)->31989K(32128K) Class: 4168K(4352K)->4168K(4352K)
[74.143s][info][gc             ] GC(637) Pause Young (Allocation Failure) 438M->113M(1016M) 0.410ms
[74.143s][info][gc,cpu         ] GC(637) User=0.00s Sys=0.00s Real=0.00s
[74.207s][info][gc,start       ] GC(638) Pause Young (Allocation Failure)
[74.207s][info][gc,heap        ] GC(638) PSYoungGen: 333504K(340992K)->192K(342528K) Eden: 333312K(333312K)->0K(335360K) From: 192K(7680K)->192K(7168K)
[74.207s][info][gc,heap        ] GC(638) ParOldGen: 115665K(699392K)->115665K(699392K)
[74.207s][info][gc,metaspace   ] GC(638) Metaspace: 36158K(36480K)->36158K(36480K) NonClass: 31989K(32128K)->31989K(32128K) Class: 4168K(4352K)->4168K(4352K)
[74.207s][info][gc             ] GC(638) Pause Young (Allocation Failure) 438M->113M(1017M) 0.451ms
[74.207s][info][gc,cpu         ] GC(638) User=0.00s Sys=0.00s Real=0.00s
[74.270s][info][gc,start       ] GC(639) Pause Young (Allocation Failure)
[74.271s][info][gc,heap        ] GC(639) PSYoungGen: 335552K(342528K)->192K(342016K) Eden: 335360K(335360K)->0K(335360K) From: 192K(7168K)->192K(6656K)
[74.271s][info][gc,heap        ] GC(639) ParOldGen: 115665K(699392K)->115665K(699392K)
[74.271s][info][gc,metaspace   ] GC(639) Metaspace: 36158K(36480K)->36158K(36480K) NonClass: 31989K(32128K)->31989K(32128K) Class: 4168K(4352K)->4168K(4352K)
[74.271s][info][gc             ] GC(639) Pause Young (Allocation Failure) 440M->113M(1017M) 0.449ms
[74.271s][info][gc,cpu         ] GC(639) User=0.00s Sys=0.00s Real=0.00s
[74.334s][info][gc,start       ] GC(640) Pause Young (Allocation Failure)
[74.334s][info][gc,heap        ] GC(640) PSYoungGen: 335552K(342016K)->192K(343552K) Eden: 335360K(335360K)->0K(337408K) From: 192K(6656K)->192K(6144K)
[74.334s][info][gc,heap        ] GC(640) ParOldGen: 115665K(699392K)->115665K(699392K)
[74.335s][info][gc,metaspace   ] GC(640) Metaspace: 36158K(36480K)->36158K(36480K) NonClass: 31989K(32128K)->31989K(32128K) Class: 4168K(4352K)->4168K(4352K)
[74.335s][info][gc             ] GC(640) Pause Young (Allocation Failure) 440M->113M(1018M) 0.431ms
[74.335s][info][gc,cpu         ] GC(640) User=0.00s Sys=0.00s Real=0.00s
[74.397s][info][gc,start       ] GC(641) Pause Young (Allocation Failure)
[74.398s][info][gc,heap        ] GC(641) PSYoungGen: 337600K(343552K)->192K(343040K) Eden: 337408K(337408K)->0K(337408K) From: 192K(6144K)->192K(5632K)
[74.398s][info][gc,heap        ] GC(641) ParOldGen: 115665K(699392K)->115665K(699392K)
[74.398s][info][gc,metaspace   ] GC(641) Metaspace: 36158K(36480K)->36158K(36480K) NonClass: 31989K(32128K)->31989K(32128K) Class: 4168K(4352K)->4168K(4352K)
[74.398s][info][gc             ] GC(641) Pause Young (Allocation Failure) 442M->113M(1018M) 0.435ms
[74.398s][info][gc,cpu         ] GC(641) User=0.00s Sys=0.00s Real=0.00s
[74.460s][info][gc,start       ] GC(642) Pause Young (Allocation Failure)
[74.461s][info][gc,heap        ] GC(642) PSYoungGen: 337600K(343040K)->160K(344064K) Eden: 337408K(337408K)->0K(338944K) From: 192K(5632K)->160K(5120K)
[74.461s][info][gc,heap        ] GC(642) ParOldGen: 115665K(699392K)->115665K(699392K)
[74.461s][info][gc,metaspace   ] GC(642) Metaspace: 36158K(36480K)->36158K(36480K) NonClass: 31989K(32128K)->31989K(32128K) Class: 4168K(4352K)->4168K(4352K)
[74.461s][info][gc             ] GC(642) Pause Young (Allocation Failure) 442M->113M(1019M) 0.427ms
[74.461s][info][gc,cpu         ] GC(642) User=0.00s Sys=0.00s Real=0.00s
[74.524s][info][gc,start       ] GC(643) Pause Young (Allocation Failure)
[74.525s][info][gc,heap        ] GC(643) PSYoungGen: 339104K(344064K)->160K(344064K) Eden: 338944K(338944K)->0K(338944K) From: 160K(5120K)->160K(5120K)
[74.525s][info][gc,heap        ] GC(643) ParOldGen: 115665K(699392K)->115665K(699392K)
[74.525s][info][gc,metaspace   ] GC(643) Metaspace: 36158K(36480K)->36158K(36480K) NonClass: 31989K(32128K)->31989K(32128K) Class: 4168K(4352K)->4168K(4352K)
[74.525s][info][gc             ] GC(643) Pause Young (Allocation Failure) 444M->113M(1019M) 0.435ms
[74.525s][info][gc,cpu         ] GC(643) User=0.00s Sys=0.00s Real=0.00s
[74.589s][info][gc,start       ] GC(644) Pause Young (Allocation Failure)
[74.589s][info][gc,heap        ] GC(644) PSYoungGen: 339104K(344064K)->160K(345088K) Eden: 338944K(338944K)->0K(340480K) From: 160K(5120K)->160K(4608K)
[74.589s][info][gc,heap        ] GC(644) ParOldGen: 115665K(699392K)->115665K(699392K)
[74.589s][info][gc,metaspace   ] GC(644) Metaspace: 36158K(36480K)->36158K(36480K) NonClass: 31989K(32128K)->31989K(32128K) Class: 4168K(4352K)->4168K(4352K)
[74.589s][info][gc             ] GC(644) Pause Young (Allocation Failure) 444M->113M(1020M) 0.470ms
[74.589s][info][gc,cpu         ] GC(644) User=0.00s Sys=0.00s Real=0.00s
[74.651s][info][gc,start       ] GC(645) Pause Young (Allocation Failure)
[74.652s][info][gc,heap        ] GC(645) PSYoungGen: 340640K(345088K)->160K(344576K) Eden: 340480K(340480K)->0K(340480K) From: 160K(4608K)->160K(4096K)
[74.652s][info][gc,heap        ] GC(645) ParOldGen: 115665K(699392K)->115665K(699392K)
[74.652s][info][gc,metaspace   ] GC(645) Metaspace: 36158K(36480K)->36158K(36480K) NonClass: 31989K(32128K)->31989K(32128K) Class: 4168K(4352K)->4168K(4352K)
[74.652s][info][gc             ] GC(645) Pause Young (Allocation Failure) 445M->113M(1019M) 0.437ms
[74.652s][info][gc,cpu         ] GC(645) User=0.00s Sys=0.00s Real=0.00s
[74.719s][info][gc,start       ] GC(646) Pause Young (Allocation Failure)
[74.719s][info][gc,heap        ] GC(646) PSYoungGen: 340640K(344576K)->192K(345600K) Eden: 340480K(340480K)->0K(341504K) From: 160K(4096K)->192K(4096K)
[74.719s][info][gc,heap        ] GC(646) ParOldGen: 115665K(699392K)->115665K(699392K)
[74.719s][info][gc,metaspace   ] GC(646) Metaspace: 36158K(36480K)->36158K(36480K) NonClass: 31989K(32128K)->31989K(32128K) Class: 4168K(4352K)->4168K(4352K)
[74.719s][info][gc             ] GC(646) Pause Young (Allocation Failure) 445M->113M(1020M) 0.357ms
[74.719s][info][gc,cpu         ] GC(646) User=0.00s Sys=0.00s Real=0.00s
[74.785s][info][gc,start       ] GC(647) Pause Young (Allocation Failure)
[74.785s][info][gc,heap        ] GC(647) PSYoungGen: 341696K(345600K)->160K(345088K) Eden: 341504K(341504K)->0K(341504K) From: 192K(4096K)->160K(3584K)
[74.785s][info][gc,heap        ] GC(647) ParOldGen: 115665K(699392K)->115665K(699392K)
[74.785s][info][gc,metaspace   ] GC(647) Metaspace: 36158K(36480K)->36158K(36480K) NonClass: 31989K(32128K)->31989K(32128K) Class: 4168K(4352K)->4168K(4352K)
[74.785s][info][gc             ] GC(647) Pause Young (Allocation Failure) 446M->113M(1020M) 0.398ms
[74.785s][info][gc,cpu         ] GC(647) User=0.00s Sys=0.00s Real=0.00s
[74.851s][info][gc,start       ] GC(648) Pause Young (Allocation Failure)
[74.851s][info][gc,heap        ] GC(648) PSYoungGen: 341664K(345088K)->160K(346112K) Eden: 341504K(341504K)->0K(342528K) From: 160K(3584K)->160K(3584K)
[74.851s][info][gc,heap        ] GC(648) ParOldGen: 115665K(699392K)->115665K(699392K)
[74.851s][info][gc,metaspace   ] GC(648) Metaspace: 36158K(36480K)->36158K(36480K) NonClass: 31989K(32128K)->31989K(32128K) Class: 4168K(4352K)->4168K(4352K)
[74.851s][info][gc             ] GC(648) Pause Young (Allocation Failure) 446M->113M(1021M) 0.421ms
[74.851s][info][gc,cpu         ] GC(648) User=0.00s Sys=0.00s Real=0.00s
[74.917s][info][gc,start       ] GC(649) Pause Young (Allocation Failure)
[74.917s][info][gc,heap        ] GC(649) PSYoungGen: 342688K(346112K)->192K(345600K) Eden: 342528K(342528K)->0K(342528K) From: 160K(3584K)->192K(3072K)
[74.917s][info][gc,heap        ] GC(649) ParOldGen: 115665K(699392K)->115665K(699392K)
[74.917s][info][gc,metaspace   ] GC(649) Metaspace: 36158K(36480K)->36158K(36480K) NonClass: 31989K(32128K)->31989K(32128K) Class: 4168K(4352K)->4168K(4352K)
[74.917s][info][gc             ] GC(649) Pause Young (Allocation Failure) 447M->113M(1020M) 0.405ms
[74.917s][info][gc,cpu         ] GC(649) User=0.00s Sys=0.00s Real=0.00s
[74.985s][info][gc,start       ] GC(650) Pause Young (Allocation Failure)
[74.986s][info][gc,heap        ] GC(650) PSYoungGen: 342720K(345600K)->160K(346624K) Eden: 342528K(342528K)->0K(343552K) From: 192K(3072K)->160K(3072K)
[74.986s][info][gc,heap        ] GC(650) ParOldGen: 115665K(699392K)->115665K(699392K)
[74.986s][info][gc,metaspace   ] GC(650) Metaspace: 36161K(36480K)->36161K(36480K) NonClass: 31993K(32128K)->31993K(32128K) Class: 4168K(4352K)->4168K(4352K)
[74.986s][info][gc             ] GC(650) Pause Young (Allocation Failure) 447M->113M(1021M) 0.429ms
[74.986s][info][gc,cpu         ] GC(650) User=0.00s Sys=0.00s Real=0.00s
[75.143s][info][gc,start       ] GC(651) Pause Young (Allocation Failure)
[75.145s][info][gc,heap        ] GC(651) PSYoungGen: 343712K(346624K)->608K(346112K) Eden: 343552K(343552K)->0K(343552K) From: 160K(3072K)->608K(2560K)
[75.145s][info][gc,heap        ] GC(651) ParOldGen: 115665K(699392K)->115697K(699392K)
[75.145s][info][gc,metaspace   ] GC(651) Metaspace: 36161K(36480K)->36161K(36480K) NonClass: 31993K(32128K)->31993K(32128K) Class: 4168K(4352K)->4168K(4352K)
[75.145s][info][gc             ] GC(651) Pause Young (Allocation Failure) 448M->113M(1021M) 1.899ms
[75.145s][info][gc,cpu         ] GC(651) User=0.00s Sys=0.00s Real=0.00s
[75.523s][info][gc,start       ] GC(652) Pause Young (Allocation Failure)
[75.539s][info][gc,heap        ] GC(652) PSYoungGen: 337879K(346112K)->2551K(311808K) Eden: 337271K(343552K)->0K(309248K) From: 608K(2560K)->2551K(2560K)
[75.539s][info][gc,heap        ] GC(652) ParOldGen: 115697K(699392K)->160637K(699392K)
[75.539s][info][gc,metaspace   ] GC(652) Metaspace: 36161K(36480K)->36161K(36480K) NonClass: 31993K(32128K)->31993K(32128K) Class: 4168K(4352K)->4168K(4352K)
[75.539s][info][gc             ] GC(652) Pause Young (Allocation Failure) 442M->159M(987M) 16.506ms
[75.539s][info][gc,cpu         ] GC(652) User=0.09s Sys=0.00s Real=0.02s
[75.818s][info][gc,start       ] GC(653) Pause Young (Allocation Failure)
[75.830s][info][gc,heap        ] GC(653) PSYoungGen: 309092K(311808K)->19961K(329216K) Eden: 306540K(309248K)->0K(309248K) From: 2551K(2560K)->19961K(19968K)
[75.830s][info][gc,heap        ] GC(653) ParOldGen: 160637K(699392K)->176793K(699392K)
[75.830s][info][gc,metaspace   ] GC(653) Metaspace: 36162K(36480K)->36162K(36480K) NonClass: 31993K(32128K)->31993K(32128K) Class: 4168K(4352K)->4168K(4352K)
[75.830s][info][gc             ] GC(653) Pause Young (Allocation Failure) 458M->192M(1004M) 11.853ms
[75.830s][info][gc,cpu         ] GC(653) User=0.09s Sys=0.00s Real=0.01s
[76.110s][info][gc,start       ] GC(654) Pause Young (Allocation Failure)
[76.119s][info][gc,heap        ] GC(654) PSYoungGen: 325471K(329216K)->15798K(307712K) Eden: 305510K(309248K)->0K(287744K) From: 19961K(19968K)->15798K(19968K)
[76.119s][info][gc,heap        ] GC(654) ParOldGen: 176793K(699392K)->192452K(699392K)
[76.119s][info][gc,metaspace   ] GC(654) Metaspace: 36162K(36480K)->36162K(36480K) NonClass: 31993K(32128K)->31993K(32128K) Class: 4168K(4352K)->4168K(4352K)
[76.119s][info][gc             ] GC(654) Pause Young (Allocation Failure) 490M->203M(983M) 9.084ms
[76.119s][info][gc,cpu         ] GC(654) User=0.00s Sys=0.00s Real=0.01s
[76.373s][info][gc,start       ] GC(655) Pause Young (Allocation Failure)
[76.380s][info][gc,heap        ] GC(655) PSYoungGen: 301210K(307712K)->20866K(308736K) Eden: 285411K(287744K)->0K(287744K) From: 15798K(19968K)->20866K(20992K)
[76.381s][info][gc,heap        ] GC(655) ParOldGen: 192452K(699392K)->196319K(699392K)
[76.381s][info][gc,metaspace   ] GC(655) Metaspace: 36166K(36480K)->36166K(36480K) NonClass: 31997K(32128K)->31997K(32128K) Class: 4168K(4352K)->4168K(4352K)
[76.381s][info][gc             ] GC(655) Pause Young (Allocation Failure) 482M->212M(984M) 7.308ms
[76.381s][info][gc,cpu         ] GC(655) User=0.09s Sys=0.00s Real=0.01s
[76.639s][info][gc,start       ] GC(656) Pause Young (Allocation Failure)
[76.646s][info][gc,heap        ] GC(656) PSYoungGen: 304382K(308736K)->20664K(313344K) Eden: 283516K(287744K)->0K(280576K) From: 20866K(20992K)->20664K(32768K)
[76.646s][info][gc,heap        ] GC(656) ParOldGen: 196319K(699392K)->197402K(699392K)
[76.646s][info][gc,metaspace   ] GC(656) Metaspace: 36166K(36480K)->36166K(36480K) NonClass: 31997K(32128K)->31997K(32128K) Class: 4168K(4352K)->4168K(4352K)
[76.646s][info][gc             ] GC(656) Pause Young (Allocation Failure) 488M->212M(989M) 7.227ms
[76.646s][info][gc,cpu         ] GC(656) User=0.06s Sys=0.02s Real=0.01s
[76.900s][info][gc,start       ] GC(657) Pause Young (Allocation Failure)
[76.906s][info][gc,heap        ] GC(657) PSYoungGen: 300302K(313344K)->14475K(314880K) Eden: 279638K(280576K)->0K(280576K) From: 20664K(32768K)->14475K(34304K)
[76.906s][info][gc,heap        ] GC(657) ParOldGen: 197402K(699392K)->199631K(699392K)
[76.906s][info][gc,metaspace   ] GC(657) Metaspace: 36166K(36480K)->36166K(36480K) NonClass: 31997K(32128K)->31997K(32128K) Class: 4168K(4352K)->4168K(4352K)
[76.906s][info][gc             ] GC(657) Pause Young (Allocation Failure) 486M->209M(990M) 6.350ms
[76.906s][info][gc,cpu         ] GC(657) User=0.00s Sys=0.00s Real=0.01s
[77.145s][info][gc,start       ] GC(658) Pause Young (Allocation Failure)
[77.151s][info][gc,heap        ] GC(658) PSYoungGen: 295051K(314880K)->12767K(317440K) Eden: 280576K(280576K)->0K(284160K) From: 14475K(34304K)->12767K(33280K)
[77.151s][info][gc,heap        ] GC(658) ParOldGen: 199631K(699392K)->201763K(699392K)
[77.151s][info][gc,metaspace   ] GC(658) Metaspace: 36166K(36480K)->36166K(36480K) NonClass: 31997K(32128K)->31997K(32128K) Class: 4168K(4352K)->4168K(4352K)
[77.151s][info][gc             ] GC(658) Pause Young (Allocation Failure) 483M->209M(993M) 6.134ms
[77.151s][info][gc,cpu         ] GC(658) User=0.00s Sys=0.00s Real=0.01s
[77.387s][info][gc,start       ] GC(659) Pause Young (Allocation Failure)
[77.393s][info][gc,heap        ] GC(659) PSYoungGen: 296051K(317440K)->13738K(315904K) Eden: 283283K(284160K)->0K(284160K) From: 12767K(33280K)->13738K(31744K)
[77.393s][info][gc,heap        ] GC(659) ParOldGen: 201763K(699392K)->202526K(699392K)
[77.393s][info][gc,metaspace   ] GC(659) Metaspace: 36166K(36480K)->36166K(36480K) NonClass: 31997K(32128K)->31997K(32128K) Class: 4168K(4352K)->4168K(4352K)
[77.393s][info][gc             ] GC(659) Pause Young (Allocation Failure) 486M->211M(991M) 5.730ms
[77.393s][info][gc,cpu         ] GC(659) User=0.09s Sys=0.00s Real=0.00s
[77.618s][info][gc,start       ] GC(660) Pause Young (Allocation Failure)
[77.625s][info][gc,heap        ] GC(660) PSYoungGen: 294027K(315904K)->20774K(316416K) Eden: 280289K(284160K)->0K(285696K) From: 13738K(31744K)->20774K(30720K)
[77.625s][info][gc,heap        ] GC(660) ParOldGen: 202526K(699392K)->203220K(699392K)
[77.625s][info][gc,metaspace   ] GC(660) Metaspace: 36166K(36480K)->36166K(36480K) NonClass: 31997K(32128K)->31997K(32128K) Class: 4168K(4352K)->4168K(4352K)
[77.625s][info][gc             ] GC(660) Pause Young (Allocation Failure) 484M->218M(992M) 7.224ms
[77.625s][info][gc,cpu         ] GC(660) User=0.00s Sys=0.00s Real=0.01s
[77.864s][info][gc,start       ] GC(661) Pause Young (Allocation Failure)
[77.872s][info][gc,heap        ] GC(661) PSYoungGen: 306470K(316416K)->14579K(317440K) Eden: 285696K(285696K)->0K(285696K) From: 20774K(30720K)->14579K(31744K)
[77.872s][info][gc,heap        ] GC(661) ParOldGen: 203220K(699392K)->205574K(699392K)
[77.872s][info][gc,metaspace   ] GC(661) Metaspace: 36166K(36480K)->36166K(36480K) NonClass: 31997K(32128K)->31997K(32128K) Class: 4168K(4352K)->4168K(4352K)
[77.872s][info][gc             ] GC(661) Pause Young (Allocation Failure) 497M->214M(993M) 7.596ms
[77.872s][info][gc,cpu         ] GC(661) User=0.00s Sys=0.00s Real=0.01s
[78.105s][info][gc,start       ] GC(662) Pause Young (Allocation Failure)
[78.113s][info][gc,heap        ] GC(662) PSYoungGen: 298355K(317440K)->15738K(318976K) Eden: 283775K(285696K)->0K(288256K) From: 14579K(31744K)->15738K(30720K)
[78.113s][info][gc,heap        ] GC(662) ParOldGen: 205574K(699392K)->210702K(699392K)
[78.113s][info][gc,metaspace   ] GC(662) Metaspace: 36166K(36480K)->36166K(36480K) NonClass: 31998K(32128K)->31998K(32128K) Class: 4168K(4352K)->4168K(4352K)
[78.113s][info][gc             ] GC(662) Pause Young (Allocation Failure) 492M->221M(994M) 7.625ms
[78.113s][info][gc,cpu         ] GC(662) User=0.09s Sys=0.00s Real=0.01s
[78.347s][info][gc,start       ] GC(663) Pause Young (System.gc())
[78.351s][info][gc,heap        ] GC(663) PSYoungGen: 287623K(318976K)->9432K(318464K) Eden: 271885K(288256K)->0K(288256K) From: 15738K(30720K)->9432K(30208K)
[78.352s][info][gc,heap        ] GC(663) ParOldGen: 210702K(699392K)->212598K(699392K)
[78.352s][info][gc,metaspace   ] GC(663) Metaspace: 36170K(36480K)->36170K(36480K) NonClass: 32001K(32128K)->32001K(32128K) Class: 4168K(4352K)->4168K(4352K)
[78.352s][info][gc             ] GC(663) Pause Young (System.gc()) 486M->216M(994M) 4.701ms
[78.352s][info][gc,cpu         ] GC(663) User=0.00s Sys=0.00s Real=0.01s
[78.352s][info][gc,start       ] GC(664) Pause Full (System.gc())
[78.352s][info][gc,phases,start] GC(664) Marking Phase
[78.367s][info][gc,phases      ] GC(664) Marking Phase 15.514ms
[78.367s][info][gc,phases,start] GC(664) Summary Phase
[78.367s][info][gc,phases      ] GC(664) Summary Phase 0.011ms
[78.367s][info][gc,phases,start] GC(664) Adjust Roots
[78.370s][info][gc,phases      ] GC(664) Adjust Roots 3.115ms
[78.370s][info][gc,phases,start] GC(664) Compaction Phase
[78.380s][info][gc,phases      ] GC(664) Compaction Phase 9.538ms
[78.380s][info][gc,phases,start] GC(664) Post Compact
[78.381s][info][gc,phases      ] GC(664) Post Compact 0.956ms
[78.381s][info][gc,heap        ] GC(664) PSYoungGen: 9432K(318464K)->0K(318464K) Eden: 0K(288256K)->0K(288256K) From: 9432K(30208K)->0K(30208K)
[78.381s][info][gc,heap        ] GC(664) ParOldGen: 212598K(699392K)->115313K(699392K)
[78.381s][info][gc,metaspace   ] GC(664) Metaspace: 36170K(36480K)->36170K(36480K) NonClass: 32001K(32128K)->32001K(32128K) Class: 4168K(4352K)->4168K(4352K)
[78.381s][info][gc             ] GC(664) Pause Full (System.gc()) 216M->112M(994M) 29.390ms
[78.381s][info][gc,cpu         ] GC(664) User=0.19s Sys=0.00s Real=0.03s
[78.427s][info][gc,start       ] GC(665) Pause Young (Allocation Failure)
[78.428s][info][gc,heap        ] GC(665) PSYoungGen: 288256K(318464K)->192K(318976K) Eden: 288256K(288256K)->0K(289792K) From: 0K(30208K)->192K(29184K)
[78.428s][info][gc,heap        ] GC(665) ParOldGen: 115313K(699392K)->115313K(699392K)
[78.428s][info][gc,metaspace   ] GC(665) Metaspace: 36171K(36480K)->36171K(36480K) NonClass: 32002K(32128K)->32002K(32128K) Class: 4168K(4352K)->4168K(4352K)
[78.428s][info][gc             ] GC(665) Pause Young (Allocation Failure) 394M->112M(994M) 0.366ms
[78.428s][info][gc,cpu         ] GC(665) User=0.00s Sys=0.00s Real=0.00s
[78.471s][info][gc,start       ] GC(666) Pause Young (Allocation Failure)
[78.472s][info][gc,heap        ] GC(666) PSYoungGen: 289984K(318976K)->160K(319488K) Eden: 289792K(289792K)->0K(289792K) From: 192K(29184K)->160K(29696K)
[78.472s][info][gc,heap        ] GC(666) ParOldGen: 115313K(699392K)->115361K(699392K)
[78.472s][info][gc,metaspace   ] GC(666) Metaspace: 36171K(36480K)->36171K(36480K) NonClass: 32002K(32128K)->32002K(32128K) Class: 4168K(4352K)->4168K(4352K)
[78.472s][info][gc             ] GC(666) Pause Young (Allocation Failure) 395M->112M(995M) 0.384ms
[78.472s][info][gc,cpu         ] GC(666) User=0.00s Sys=0.00s Real=0.00s
[78.516s][info][gc,start       ] GC(667) Pause Young (Allocation Failure)
[78.516s][info][gc,heap        ] GC(667) PSYoungGen: 289952K(319488K)->160K(319488K) Eden: 289792K(289792K)->0K(289792K) From: 160K(29696K)->160K(29696K)
[78.516s][info][gc,heap        ] GC(667) ParOldGen: 115361K(699392K)->115361K(699392K)
[78.516s][info][gc,metaspace   ] GC(667) Metaspace: 36171K(36480K)->36171K(36480K) NonClass: 32002K(32128K)->32002K(32128K) Class: 4168K(4352K)->4168K(4352K)
[78.516s][info][gc             ] GC(667) Pause Young (Allocation Failure) 395M->112M(995M) 0.398ms
[78.516s][info][gc,cpu         ] GC(667) User=0.00s Sys=0.00s Real=0.00s
[78.560s][info][gc,start       ] GC(668) Pause Young (Allocation Failure)
[78.561s][info][gc,heap        ] GC(668) PSYoungGen: 289952K(319488K)->160K(319488K) Eden: 289792K(289792K)->0K(289792K) From: 160K(29696K)->160K(29696K)
[78.561s][info][gc,heap        ] GC(668) ParOldGen: 115361K(699392K)->115361K(699392K)
[78.561s][info][gc,metaspace   ] GC(668) Metaspace: 36171K(36480K)->36171K(36480K) NonClass: 32002K(32128K)->32002K(32128K) Class: 4168K(4352K)->4168K(4352K)
[78.561s][info][gc             ] GC(668) Pause Young (Allocation Failure) 395M->112M(995M) 0.355ms
[78.561s][info][gc,cpu         ] GC(668) User=0.00s Sys=0.00s Real=0.00s
[78.604s][info][gc,start       ] GC(669) Pause Young (Allocation Failure)
[78.604s][info][gc,heap        ] GC(669) PSYoungGen: 289952K(319488K)->160K(320512K) Eden: 289792K(289792K)->0K(291328K) From: 160K(29696K)->160K(29184K)
[78.604s][info][gc,heap        ] GC(669) ParOldGen: 115361K(699392K)->115361K(699392K)
[78.604s][info][gc,metaspace   ] GC(669) Metaspace: 36171K(36480K)->36171K(36480K) NonClass: 32002K(32128K)->32002K(32128K) Class: 4168K(4352K)->4168K(4352K)
[78.604s][info][gc             ] GC(669) Pause Young (Allocation Failure) 395M->112M(996M) 0.443ms
[78.604s][info][gc,cpu         ] GC(669) User=0.00s Sys=0.00s Real=0.00s
[78.648s][info][gc,start       ] GC(670) Pause Young (Allocation Failure)
[78.649s][info][gc,heap        ] GC(670) PSYoungGen: 291488K(320512K)->160K(320000K) Eden: 291328K(291328K)->0K(291328K) From: 160K(29184K)->160K(28672K)
[78.649s][info][gc,heap        ] GC(670) ParOldGen: 115361K(699392K)->115361K(699392K)
[78.649s][info][gc,metaspace   ] GC(670) Metaspace: 36171K(36480K)->36171K(36480K) NonClass: 32002K(32128K)->32002K(32128K) Class: 4168K(4352K)->4168K(4352K)
[78.649s][info][gc             ] GC(670) Pause Young (Allocation Failure) 397M->112M(995M) 0.374ms
[78.649s][info][gc,cpu         ] GC(670) User=0.00s Sys=0.00s Real=0.00s
[78.696s][info][gc,start       ] GC(671) Pause Young (Allocation Failure)
[78.697s][info][gc,heap        ] GC(671) PSYoungGen: 291488K(320000K)->160K(322560K) Eden: 291328K(291328K)->0K(294912K) From: 160K(28672K)->160K(27648K)
[78.697s][info][gc,heap        ] GC(671) ParOldGen: 115361K(699392K)->115361K(699392K)
[78.697s][info][gc,metaspace   ] GC(671) Metaspace: 36171K(36480K)->36171K(36480K) NonClass: 32002K(32128K)->32002K(32128K) Class: 4168K(4352K)->4168K(4352K)
[78.697s][info][gc             ] GC(671) Pause Young (Allocation Failure) 397M->112M(998M) 0.693ms
[78.697s][info][gc,cpu         ] GC(671) User=0.00s Sys=0.00s Real=0.00s
[78.741s][info][gc,start       ] GC(672) Pause Young (Allocation Failure)
[78.741s][info][gc,heap        ] GC(672) PSYoungGen: 295072K(322560K)->160K(321536K) Eden: 294912K(294912K)->0K(294912K) From: 160K(27648K)->160K(26624K)
[78.741s][info][gc,heap        ] GC(672) ParOldGen: 115361K(699392K)->115361K(699392K)
[78.741s][info][gc,metaspace   ] GC(672) Metaspace: 36171K(36480K)->36171K(36480K) NonClass: 32002K(32128K)->32002K(32128K) Class: 4168K(4352K)->4168K(4352K)
[78.741s][info][gc             ] GC(672) Pause Young (Allocation Failure) 400M->112M(997M) 0.354ms
[78.741s][info][gc,cpu         ] GC(672) User=0.00s Sys=0.00s Real=0.00s
[78.787s][info][gc,start       ] GC(673) Pause Young (Allocation Failure)
[78.787s][info][gc,heap        ] GC(673) PSYoungGen: 295072K(321536K)->160K(324608K) Eden: 294912K(294912K)->0K(299008K) From: 160K(26624K)->160K(25600K)
[78.787s][info][gc,heap        ] GC(673) ParOldGen: 115361K(699392K)->115361K(699392K)
[78.787s][info][gc,metaspace   ] GC(673) Metaspace: 36171K(36480K)->36171K(36480K) NonClass: 32002K(32128K)->32002K(32128K) Class: 4168K(4352K)->4168K(4352K)
[78.787s][info][gc             ] GC(673) Pause Young (Allocation Failure) 400M->112M(1000M) 0.414ms
[78.787s][info][gc,cpu         ] GC(673) User=0.00s Sys=0.00s Real=0.00s
[78.833s][info][gc,start       ] GC(674) Pause Young (Allocation Failure)
[78.833s][info][gc,heap        ] GC(674) PSYoungGen: 299168K(324608K)->160K(323584K) Eden: 299008K(299008K)->0K(299008K) From: 160K(25600K)->160K(24576K)
[78.833s][info][gc,heap        ] GC(674) ParOldGen: 115361K(699392K)->115361K(699392K)
[78.833s][info][gc,metaspace   ] GC(674) Metaspace: 36171K(36480K)->36171K(36480K) NonClass: 32002K(32128K)->32002K(32128K) Class: 4168K(4352K)->4168K(4352K)
[78.833s][info][gc             ] GC(674) Pause Young (Allocation Failure) 404M->112M(999M) 0.407ms
[78.833s][info][gc,cpu         ] GC(674) User=0.00s Sys=0.00s Real=0.00s
[78.879s][info][gc,start       ] GC(675) Pause Young (Allocation Failure)
[78.879s][info][gc,heap        ] GC(675) PSYoungGen: 299168K(323584K)->160K(326656K) Eden: 299008K(299008K)->0K(303104K) From: 160K(24576K)->160K(23552K)
[78.879s][info][gc,heap        ] GC(675) ParOldGen: 115361K(699392K)->115361K(699392K)
[78.879s][info][gc,metaspace   ] GC(675) Metaspace: 36171K(36480K)->36171K(36480K) NonClass: 32002K(32128K)->32002K(32128K) Class: 4168K(4352K)->4168K(4352K)
[78.879s][info][gc             ] GC(675) Pause Young (Allocation Failure) 404M->112M(1002M) 0.396ms
[78.879s][info][gc,cpu         ] GC(675) User=0.00s Sys=0.00s Real=0.00s
[78.925s][info][gc,start       ] GC(676) Pause Young (Allocation Failure)
[78.925s][info][gc,heap        ] GC(676) PSYoungGen: 303264K(326656K)->192K(325632K) Eden: 303104K(303104K)->0K(303104K) From: 160K(23552K)->192K(22528K)
[78.925s][info][gc,heap        ] GC(676) ParOldGen: 115361K(699392K)->115361K(699392K)
[78.925s][info][gc,metaspace   ] GC(676) Metaspace: 36171K(36480K)->36171K(36480K) NonClass: 32002K(32128K)->32002K(32128K) Class: 4168K(4352K)->4168K(4352K)
[78.925s][info][gc             ] GC(676) Pause Young (Allocation Failure) 408M->112M(1001M) 0.365ms
[78.925s][info][gc,cpu         ] GC(676) User=0.00s Sys=0.00s Real=0.00s
[78.972s][info][gc,start       ] GC(677) Pause Young (Allocation Failure)
[78.972s][info][gc,heap        ] GC(677) PSYoungGen: 303296K(325632K)->160K(328704K) Eden: 303104K(303104K)->0K(307200K) From: 192K(22528K)->160K(21504K)
[78.972s][info][gc,heap        ] GC(677) ParOldGen: 115361K(699392K)->115361K(699392K)
[78.972s][info][gc,metaspace   ] GC(677) Metaspace: 36171K(36480K)->36171K(36480K) NonClass: 32002K(32128K)->32002K(32128K) Class: 4168K(4352K)->4168K(4352K)
[78.972s][info][gc             ] GC(677) Pause Young (Allocation Failure) 408M->112M(1004M) 0.399ms
[78.972s][info][gc,cpu         ] GC(677) User=0.00s Sys=0.00s Real=0.00s
[79.018s][info][gc,start       ] GC(678) Pause Young (Allocation Failure)
[79.019s][info][gc,heap        ] GC(678) PSYoungGen: 307360K(328704K)->160K(327680K) Eden: 307200K(307200K)->0K(307200K) From: 160K(21504K)->160K(20480K)
[79.019s][info][gc,heap        ] GC(678) ParOldGen: 115361K(699392K)->115361K(699392K)
[79.019s][info][gc,metaspace   ] GC(678) Metaspace: 36171K(36480K)->36171K(36480K) NonClass: 32002K(32128K)->32002K(32128K) Class: 4168K(4352K)->4168K(4352K)
[79.019s][info][gc             ] GC(678) Pause Young (Allocation Failure) 412M->112M(1003M) 0.395ms
[79.019s][info][gc,cpu         ] GC(678) User=0.00s Sys=0.00s Real=0.00s
[79.067s][info][gc,start       ] GC(679) Pause Young (Allocation Failure)
[79.067s][info][gc,heap        ] GC(679) PSYoungGen: 307360K(327680K)->128K(331264K) Eden: 307200K(307200K)->0K(312320K) From: 160K(20480K)->128K(18944K)
[79.067s][info][gc,heap        ] GC(679) ParOldGen: 115361K(699392K)->115361K(699392K)
[79.067s][info][gc,metaspace   ] GC(679) Metaspace: 36171K(36480K)->36171K(36480K) NonClass: 32002K(32128K)->32002K(32128K) Class: 4168K(4352K)->4168K(4352K)
[79.067s][info][gc             ] GC(679) Pause Young (Allocation Failure) 412M->112M(1006M) 0.374ms
[79.067s][info][gc,cpu         ] GC(679) User=0.00s Sys=0.00s Real=0.00s
[79.131s][info][gc,start       ] GC(680) Pause Young (Allocation Failure)
[79.132s][info][gc,heap        ] GC(680) PSYoungGen: 312448K(331264K)->192K(330240K) Eden: 312320K(312320K)->0K(312320K) From: 128K(18944K)->192K(17920K)
[79.132s][info][gc,heap        ] GC(680) ParOldGen: 115361K(699392K)->115361K(699392K)
[79.132s][info][gc,metaspace   ] GC(680) Metaspace: 36171K(36480K)->36171K(36480K) NonClass: 32002K(32128K)->32002K(32128K) Class: 4168K(4352K)->4168K(4352K)
[79.132s][info][gc             ] GC(680) Pause Young (Allocation Failure) 417M->112M(1005M) 0.431ms
[79.132s][info][gc,cpu         ] GC(680) User=0.00s Sys=0.00s Real=0.00s
[79.192s][info][gc,start       ] GC(681) Pause Young (Allocation Failure)
[79.193s][info][gc,heap        ] GC(681) PSYoungGen: 312512K(330240K)->160K(333312K) Eden: 312320K(312320K)->0K(316416K) From: 192K(17920K)->160K(16896K)
[79.193s][info][gc,heap        ] GC(681) ParOldGen: 115361K(699392K)->115409K(699392K)
[79.193s][info][gc,metaspace   ] GC(681) Metaspace: 36171K(36480K)->36171K(36480K) NonClass: 32002K(32128K)->32002K(32128K) Class: 4168K(4352K)->4168K(4352K)
[79.193s][info][gc             ] GC(681) Pause Young (Allocation Failure) 417M->112M(1008M) 0.402ms
[79.193s][info][gc,cpu         ] GC(681) User=0.00s Sys=0.00s Real=0.00s
[79.253s][info][gc,start       ] GC(682) Pause Young (Allocation Failure)
[79.254s][info][gc,heap        ] GC(682) PSYoungGen: 316576K(333312K)->160K(332288K) Eden: 316416K(316416K)->0K(316416K) From: 160K(16896K)->160K(15872K)
[79.254s][info][gc,heap        ] GC(682) ParOldGen: 115409K(699392K)->115409K(699392K)
[79.254s][info][gc,metaspace   ] GC(682) Metaspace: 36171K(36480K)->36171K(36480K) NonClass: 32002K(32128K)->32002K(32128K) Class: 4168K(4352K)->4168K(4352K)
[79.254s][info][gc             ] GC(682) Pause Young (Allocation Failure) 421M->112M(1007M) 0.406ms
[79.254s][info][gc,cpu         ] GC(682) User=0.00s Sys=0.00s Real=0.00s
[79.317s][info][gc,start       ] GC(683) Pause Young (Allocation Failure)
[79.317s][info][gc,heap        ] GC(683) PSYoungGen: 316576K(332288K)->192K(335360K) Eden: 316416K(316416K)->0K(320512K) From: 160K(15872K)->192K(14848K)
[79.317s][info][gc,heap        ] GC(683) ParOldGen: 115409K(699392K)->115409K(699392K)
[79.317s][info][gc,metaspace   ] GC(683) Metaspace: 36171K(36480K)->36171K(36480K) NonClass: 32002K(32128K)->32002K(32128K) Class: 4168K(4352K)->4168K(4352K)
[79.317s][info][gc             ] GC(683) Pause Young (Allocation Failure) 421M->112M(1010M) 0.397ms
[79.317s][info][gc,cpu         ] GC(683) User=0.00s Sys=0.00s Real=0.00s
[79.377s][info][gc,start       ] GC(684) Pause Young (Allocation Failure)
[79.377s][info][gc,heap        ] GC(684) PSYoungGen: 320704K(335360K)->192K(334336K) Eden: 320512K(320512K)->0K(320512K) From: 192K(14848K)->192K(13824K)
[79.377s][info][gc,heap        ] GC(684) ParOldGen: 115409K(699392K)->115409K(699392K)
[79.377s][info][gc,metaspace   ] GC(684) Metaspace: 36171K(36480K)->36171K(36480K) NonClass: 32002K(32128K)->32002K(32128K) Class: 4168K(4352K)->4168K(4352K)
[79.377s][info][gc             ] GC(684) Pause Young (Allocation Failure) 425M->112M(1009M) 0.386ms
[79.377s][info][gc,cpu         ] GC(684) User=0.00s Sys=0.00s Real=0.00s
[79.435s][info][gc,start       ] GC(685) Pause Young (Allocation Failure)
[79.436s][info][gc,heap        ] GC(685) PSYoungGen: 320704K(334336K)->192K(336896K) Eden: 320512K(320512K)->0K(323584K) From: 192K(13824K)->192K(13312K)
[79.436s][info][gc,heap        ] GC(685) ParOldGen: 115409K(699392K)->115409K(699392K)
[79.436s][info][gc,metaspace   ] GC(685) Metaspace: 36171K(36480K)->36171K(36480K) NonClass: 32002K(32128K)->32002K(32128K) Class: 4168K(4352K)->4168K(4352K)
[79.436s][info][gc             ] GC(685) Pause Young (Allocation Failure) 425M->112M(1012M) 0.414ms
[79.436s][info][gc,cpu         ] GC(685) User=0.00s Sys=0.00s Real=0.00s
[79.495s][info][gc,start       ] GC(686) Pause Young (Allocation Failure)
[79.495s][info][gc,heap        ] GC(686) PSYoungGen: 323776K(336896K)->160K(335872K) Eden: 323584K(323584K)->0K(323584K) From: 192K(13312K)->160K(12288K)
[79.495s][info][gc,heap        ] GC(686) ParOldGen: 115409K(699392K)->115409K(699392K)
[79.495s][info][gc,metaspace   ] GC(686) Metaspace: 36171K(36480K)->36171K(36480K) NonClass: 32002K(32128K)->32002K(32128K) Class: 4168K(4352K)->4168K(4352K)
[79.495s][info][gc             ] GC(686) Pause Young (Allocation Failure) 428M->112M(1011M) 0.424ms
[79.495s][info][gc,cpu         ] GC(686) User=0.00s Sys=0.00s Real=0.00s
[79.555s][info][gc,start       ] GC(687) Pause Young (Allocation Failure)
[79.555s][info][gc,heap        ] GC(687) PSYoungGen: 323744K(335872K)->192K(338432K) Eden: 323584K(323584K)->0K(327168K) From: 160K(12288K)->192K(11264K)
[79.555s][info][gc,heap        ] GC(687) ParOldGen: 115409K(699392K)->115409K(699392K)
[79.555s][info][gc,metaspace   ] GC(687) Metaspace: 36171K(36480K)->36171K(36480K) NonClass: 32002K(32128K)->32002K(32128K) Class: 4168K(4352K)->4168K(4352K)
[79.555s][info][gc             ] GC(687) Pause Young (Allocation Failure) 428M->112M(1013M) 0.443ms
[79.555s][info][gc,cpu         ] GC(687) User=0.00s Sys=0.00s Real=0.00s
[79.615s][info][gc,start       ] GC(688) Pause Young (Allocation Failure)
[79.616s][info][gc,heap        ] GC(688) PSYoungGen: 327360K(338432K)->160K(337920K) Eden: 327168K(327168K)->0K(327168K) From: 192K(11264K)->160K(10752K)
[79.616s][info][gc,heap        ] GC(688) ParOldGen: 115409K(699392K)->115409K(699392K)
[79.616s][info][gc,metaspace   ] GC(688) Metaspace: 36171K(36480K)->36171K(36480K) NonClass: 32002K(32128K)->32002K(32128K) Class: 4168K(4352K)->4168K(4352K)
[79.616s][info][gc             ] GC(688) Pause Young (Allocation Failure) 432M->112M(1013M) 0.447ms
[79.616s][info][gc,cpu         ] GC(688) User=0.00s Sys=0.00s Real=0.00s
[79.677s][info][gc,start       ] GC(689) Pause Young (Allocation Failure)
[79.678s][info][gc,heap        ] GC(689) PSYoungGen: 327328K(337920K)->128K(339968K) Eden: 327168K(327168K)->0K(330240K) From: 160K(10752K)->128K(9728K)
[79.678s][info][gc,heap        ] GC(689) ParOldGen: 115409K(699392K)->115409K(699392K)
[79.678s][info][gc,metaspace   ] GC(689) Metaspace: 36171K(36480K)->36171K(36480K) NonClass: 32002K(32128K)->32002K(32128K) Class: 4168K(4352K)->4168K(4352K)
[79.678s][info][gc             ] GC(689) Pause Young (Allocation Failure) 432M->112M(1015M) 0.513ms
[79.678s][info][gc,cpu         ] GC(689) User=0.00s Sys=0.00s Real=0.00s
[79.740s][info][gc,start       ] GC(690) Pause Young (Allocation Failure)
[79.741s][info][gc,heap        ] GC(690) PSYoungGen: 330368K(339968K)->160K(339456K) Eden: 330240K(330240K)->0K(330240K) From: 128K(9728K)->160K(9216K)
[79.741s][info][gc,heap        ] GC(690) ParOldGen: 115409K(699392K)->115409K(699392K)
[79.741s][info][gc,metaspace   ] GC(690) Metaspace: 36171K(36480K)->36171K(36480K) NonClass: 32002K(32128K)->32002K(32128K) Class: 4168K(4352K)->4168K(4352K)
[79.741s][info][gc             ] GC(690) Pause Young (Allocation Failure) 435M->112M(1014M) 0.409ms
[79.741s][info][gc,cpu         ] GC(690) User=0.00s Sys=0.00s Real=0.00s
[79.803s][info][gc,start       ] GC(691) Pause Young (Allocation Failure)
[79.803s][info][gc,heap        ] GC(691) PSYoungGen: 330400K(339456K)->160K(340992K) Eden: 330240K(330240K)->0K(332288K) From: 160K(9216K)->160K(8704K)
[79.803s][info][gc,heap        ] GC(691) ParOldGen: 115409K(699392K)->115409K(699392K)
[79.803s][info][gc,metaspace   ] GC(691) Metaspace: 36171K(36480K)->36171K(36480K) NonClass: 32002K(32128K)->32002K(32128K) Class: 4168K(4352K)->4168K(4352K)
[79.803s][info][gc             ] GC(691) Pause Young (Allocation Failure) 435M->112M(1016M) 0.458ms
[79.803s][info][gc,cpu         ] GC(691) User=0.00s Sys=0.00s Real=0.00s
[79.865s][info][gc,start       ] GC(692) Pause Young (Allocation Failure)
[79.865s][info][gc,heap        ] GC(692) PSYoungGen: 332448K(340992K)->160K(340480K) Eden: 332288K(332288K)->0K(332288K) From: 160K(8704K)->160K(8192K)
[79.866s][info][gc,heap        ] GC(692) ParOldGen: 115409K(699392K)->115409K(699392K)
[79.866s][info][gc,metaspace   ] GC(692) Metaspace: 36171K(36480K)->36171K(36480K) NonClass: 32002K(32128K)->32002K(32128K) Class: 4168K(4352K)->4168K(4352K)
[79.866s][info][gc             ] GC(692) Pause Young (Allocation Failure) 437M->112M(1015M) 0.526ms
[79.866s][info][gc,cpu         ] GC(692) User=0.00s Sys=0.00s Real=0.00s
[79.927s][info][gc,start       ] GC(693) Pause Young (Allocation Failure)
[79.928s][info][gc,heap        ] GC(693) PSYoungGen: 332448K(340480K)->192K(342016K) Eden: 332288K(332288K)->0K(334336K) From: 160K(8192K)->192K(7680K)
[79.928s][info][gc,heap        ] GC(693) ParOldGen: 115409K(699392K)->115409K(699392K)
[79.928s][info][gc,metaspace   ] GC(693) Metaspace: 36171K(36480K)->36171K(36480K) NonClass: 32002K(32128K)->32002K(32128K) Class: 4168K(4352K)->4168K(4352K)
[79.928s][info][gc             ] GC(693) Pause Young (Allocation Failure) 437M->112M(1017M) 0.427ms
[79.928s][info][gc,cpu         ] GC(693) User=0.00s Sys=0.00s Real=0.00s
[79.991s][info][gc,start       ] GC(694) Pause Young (Allocation Failure)
[79.991s][info][gc,heap        ] GC(694) PSYoungGen: 334528K(342016K)->160K(341504K) Eden: 334336K(334336K)->0K(334336K) From: 192K(7680K)->160K(7168K)
[79.991s][info][gc,heap        ] GC(694) ParOldGen: 115409K(699392K)->115409K(699392K)
[79.991s][info][gc,metaspace   ] GC(694) Metaspace: 36171K(36480K)->36171K(36480K) NonClass: 32002K(32128K)->32002K(32128K) Class: 4168K(4352K)->4168K(4352K)
[79.991s][info][gc             ] GC(694) Pause Young (Allocation Failure) 439M->112M(1016M) 0.421ms
[79.991s][info][gc,cpu         ] GC(694) User=0.00s Sys=0.00s Real=0.00s
[80.053s][info][gc,start       ] GC(695) Pause Young (Allocation Failure)
[80.053s][info][gc,heap        ] GC(695) PSYoungGen: 334496K(341504K)->192K(343040K) Eden: 334336K(334336K)->0K(336384K) From: 160K(7168K)->192K(6656K)
[80.053s][info][gc,heap        ] GC(695) ParOldGen: 115409K(699392K)->115409K(699392K)
[80.053s][info][gc,metaspace   ] GC(695) Metaspace: 36171K(36480K)->36171K(36480K) NonClass: 32002K(32128K)->32002K(32128K) Class: 4168K(4352K)->4168K(4352K)
[80.053s][info][gc             ] GC(695) Pause Young (Allocation Failure) 439M->112M(1018M) 0.430ms
[80.053s][info][gc,cpu         ] GC(695) User=0.00s Sys=0.00s Real=0.00s
[80.117s][info][gc,start       ] GC(696) Pause Young (Allocation Failure)
[80.117s][info][gc,heap        ] GC(696) PSYoungGen: 336576K(343040K)->160K(342528K) Eden: 336384K(336384K)->0K(336384K) From: 192K(6656K)->160K(6144K)
[80.117s][info][gc,heap        ] GC(696) ParOldGen: 115409K(699392K)->115409K(699392K)
[80.117s][info][gc,metaspace   ] GC(696) Metaspace: 36171K(36480K)->36171K(36480K) NonClass: 32002K(32128K)->32002K(32128K) Class: 4168K(4352K)->4168K(4352K)
[80.117s][info][gc             ] GC(696) Pause Young (Allocation Failure) 441M->112M(1017M) 0.448ms
[80.117s][info][gc,cpu         ] GC(696) User=0.00s Sys=0.00s Real=0.00s
[80.182s][info][gc,start       ] GC(697) Pause Young (Allocation Failure)
[80.182s][info][gc,heap        ] GC(697) PSYoungGen: 336544K(342528K)->160K(344064K) Eden: 336384K(336384K)->0K(338432K) From: 160K(6144K)->160K(5632K)
[80.182s][info][gc,heap        ] GC(697) ParOldGen: 115409K(699392K)->115409K(699392K)
[80.182s][info][gc,metaspace   ] GC(697) Metaspace: 36171K(36480K)->36171K(36480K) NonClass: 32002K(32128K)->32002K(32128K) Class: 4168K(4352K)->4168K(4352K)
[80.182s][info][gc             ] GC(697) Pause Young (Allocation Failure) 441M->112M(1019M) 0.410ms
[80.182s][info][gc,cpu         ] GC(697) User=0.00s Sys=0.00s Real=0.00s
[80.247s][info][gc,start       ] GC(698) Pause Young (Allocation Failure)
[80.247s][info][gc,heap        ] GC(698) PSYoungGen: 338592K(344064K)->160K(343552K) Eden: 338432K(338432K)->0K(338432K) From: 160K(5632K)->160K(5120K)
[80.247s][info][gc,heap        ] GC(698) ParOldGen: 115409K(699392K)->115409K(699392K)
[80.247s][info][gc,metaspace   ] GC(698) Metaspace: 36171K(36480K)->36171K(36480K) NonClass: 32002K(32128K)->32002K(32128K) Class: 4168K(4352K)->4168K(4352K)
[80.247s][info][gc             ] GC(698) Pause Young (Allocation Failure) 443M->112M(1018M) 0.434ms
[80.247s][info][gc,cpu         ] GC(698) User=0.00s Sys=0.00s Real=0.00s
[80.313s][info][gc,start       ] GC(699) Pause Young (Allocation Failure)
[80.313s][info][gc,heap        ] GC(699) PSYoungGen: 338592K(343552K)->160K(344576K) Eden: 338432K(338432K)->0K(339968K) From: 160K(5120K)->160K(4608K)
[80.313s][info][gc,heap        ] GC(699) ParOldGen: 115409K(699392K)->115409K(699392K)
[80.313s][info][gc,metaspace   ] GC(699) Metaspace: 36171K(36480K)->36171K(36480K) NonClass: 32002K(32128K)->32002K(32128K) Class: 4168K(4352K)->4168K(4352K)
[80.313s][info][gc             ] GC(699) Pause Young (Allocation Failure) 443M->112M(1019M) 0.443ms
[80.313s][info][gc,cpu         ] GC(699) User=0.00s Sys=0.00s Real=0.01s
[80.377s][info][gc,start       ] GC(700) Pause Young (Allocation Failure)
[80.378s][info][gc,heap        ] GC(700) PSYoungGen: 340128K(344576K)->160K(344576K) Eden: 339968K(339968K)->0K(339968K) From: 160K(4608K)->160K(4608K)
[80.378s][info][gc,heap        ] GC(700) ParOldGen: 115409K(699392K)->115409K(699392K)
[80.378s][info][gc,metaspace   ] GC(700) Metaspace: 36171K(36480K)->36171K(36480K) NonClass: 32002K(32128K)->32002K(32128K) Class: 4168K(4352K)->4168K(4352K)
[80.378s][info][gc             ] GC(700) Pause Young (Allocation Failure) 444M->112M(1019M) 0.413ms
[80.378s][info][gc,cpu         ] GC(700) User=0.00s Sys=0.00s Real=0.00s
[80.443s][info][gc,start       ] GC(701) Pause Young (Allocation Failure)
[80.443s][info][gc,heap        ] GC(701) PSYoungGen: 340128K(344576K)->160K(345088K) Eden: 339968K(339968K)->0K(340992K) From: 160K(4608K)->160K(4096K)
[80.443s][info][gc,heap        ] GC(701) ParOldGen: 115409K(699392K)->115409K(699392K)
[80.443s][info][gc,metaspace   ] GC(701) Metaspace: 36171K(36480K)->36171K(36480K) NonClass: 32002K(32128K)->32002K(32128K) Class: 4168K(4352K)->4168K(4352K)
[80.443s][info][gc             ] GC(701) Pause Young (Allocation Failure) 444M->112M(1020M) 0.411ms
[80.443s][info][gc,cpu         ] GC(701) User=0.00s Sys=0.00s Real=0.00s
[80.509s][info][gc,start       ] GC(702) Pause Young (Allocation Failure)
[80.509s][info][gc,heap        ] GC(702) PSYoungGen: 341152K(345088K)->160K(345088K) Eden: 340992K(340992K)->0K(340992K) From: 160K(4096K)->160K(4096K)
[80.509s][info][gc,heap        ] GC(702) ParOldGen: 115409K(699392K)->115409K(699392K)
[80.509s][info][gc,metaspace   ] GC(702) Metaspace: 36171K(36480K)->36171K(36480K) NonClass: 32002K(32128K)->32002K(32128K) Class: 4168K(4352K)->4168K(4352K)
[80.509s][info][gc             ] GC(702) Pause Young (Allocation Failure) 445M->112M(1020M) 0.443ms
[80.509s][info][gc,cpu         ] GC(702) User=0.00s Sys=0.00s Real=0.00s
[80.573s][info][gc,start       ] GC(703) Pause Young (Allocation Failure)
[80.573s][info][gc,heap        ] GC(703) PSYoungGen: 341152K(345088K)->160K(345600K) Eden: 340992K(340992K)->0K(342016K) From: 160K(4096K)->160K(3584K)
[80.574s][info][gc,heap        ] GC(703) ParOldGen: 115409K(699392K)->115409K(699392K)
[80.574s][info][gc,metaspace   ] GC(703) Metaspace: 36171K(36480K)->36171K(36480K) NonClass: 32002K(32128K)->32002K(32128K) Class: 4168K(4352K)->4168K(4352K)
[80.574s][info][gc             ] GC(703) Pause Young (Allocation Failure) 445M->112M(1020M) 0.451ms
[80.574s][info][gc,cpu         ] GC(703) User=0.00s Sys=0.00s Real=0.00s
[80.638s][info][gc,start       ] GC(704) Pause Young (Allocation Failure)
[80.638s][info][gc,heap        ] GC(704) PSYoungGen: 342176K(345600K)->160K(345600K) Eden: 342016K(342016K)->0K(342016K) From: 160K(3584K)->160K(3584K)
[80.638s][info][gc,heap        ] GC(704) ParOldGen: 115409K(699392K)->115409K(699392K)
[80.638s][info][gc,metaspace   ] GC(704) Metaspace: 36171K(36480K)->36171K(36480K) NonClass: 32002K(32128K)->32002K(32128K) Class: 4168K(4352K)->4168K(4352K)
[80.638s][info][gc             ] GC(704) Pause Young (Allocation Failure) 446M->112M(1020M) 0.427ms
[80.638s][info][gc,cpu         ] GC(704) User=0.00s Sys=0.00s Real=0.00s
[80.707s][info][gc,start       ] GC(705) Pause Young (Allocation Failure)
[80.707s][info][gc,heap        ] GC(705) PSYoungGen: 342176K(345600K)->160K(346112K) Eden: 342016K(342016K)->0K(343040K) From: 160K(3584K)->160K(3072K)
[80.707s][info][gc,heap        ] GC(705) ParOldGen: 115409K(699392K)->115409K(699392K)
[80.707s][info][gc,metaspace   ] GC(705) Metaspace: 36171K(36480K)->36171K(36480K) NonClass: 32002K(32128K)->32002K(32128K) Class: 4168K(4352K)->4168K(4352K)
[80.707s][info][gc             ] GC(705) Pause Young (Allocation Failure) 446M->112M(1021M) 0.400ms
[80.707s][info][gc,cpu         ] GC(705) User=0.00s Sys=0.00s Real=0.00s
[80.772s][info][gc,start       ] GC(706) Pause Young (Allocation Failure)
[80.772s][info][gc,heap        ] GC(706) PSYoungGen: 343200K(346112K)->192K(346112K) Eden: 343040K(343040K)->0K(343040K) From: 160K(3072K)->192K(3072K)
[80.772s][info][gc,heap        ] GC(706) ParOldGen: 115409K(699392K)->115409K(699392K)
[80.772s][info][gc,metaspace   ] GC(706) Metaspace: 36171K(36480K)->36171K(36480K) NonClass: 32002K(32128K)->32002K(32128K) Class: 4168K(4352K)->4168K(4352K)
[80.772s][info][gc             ] GC(706) Pause Young (Allocation Failure) 447M->112M(1021M) 0.473ms
[80.772s][info][gc,cpu         ] GC(706) User=0.00s Sys=0.00s Real=0.00s
[80.893s][info][gc,start       ] GC(707) Pause Young (Allocation Failure)
[80.895s][info][gc,heap        ] GC(707) PSYoungGen: 343232K(346112K)->576K(346624K) Eden: 343040K(343040K)->0K(344064K) From: 192K(3072K)->576K(2560K)
[80.895s][info][gc,heap        ] GC(707) ParOldGen: 115409K(699392K)->115425K(699392K)
[80.895s][info][gc,metaspace   ] GC(707) Metaspace: 36171K(36480K)->36171K(36480K) NonClass: 32002K(32128K)->32002K(32128K) Class: 4168K(4352K)->4168K(4352K)
[80.895s][info][gc             ] GC(707) Pause Young (Allocation Failure) 447M->113M(1021M) 1.775ms
[80.895s][info][gc,cpu         ] GC(707) User=0.00s Sys=0.00s Real=0.00s
[81.312s][info][gc,start       ] GC(708) Pause Young (Allocation Failure)
[81.327s][info][gc,heap        ] GC(708) PSYoungGen: 344640K(346624K)->2559K(346624K) Eden: 344064K(344064K)->0K(344064K) From: 576K(2560K)->2559K(2560K)
[81.327s][info][gc,heap        ] GC(708) ParOldGen: 115425K(699392K)->153434K(699392K)
[81.327s][info][gc,metaspace   ] GC(708) Metaspace: 36171K(36480K)->36171K(36480K) NonClass: 32002K(32128K)->32002K(32128K) Class: 4168K(4352K)->4168K(4352K)
[81.327s][info][gc             ] GC(708) Pause Young (Allocation Failure) 449M->152M(1021M) 15.489ms
[81.327s][info][gc,cpu         ] GC(708) User=0.09s Sys=0.00s Real=0.03s
[81.638s][info][gc,start       ] GC(709) Pause Young (Allocation Failure)
[81.656s][info][gc,heap        ] GC(709) PSYoungGen: 344202K(346624K)->2531K(290304K) Eden: 341642K(344064K)->0K(287744K) From: 2559K(2560K)->2531K(2560K)
[81.656s][info][gc,heap        ] GC(709) ParOldGen: 153434K(699392K)->195177K(699392K)
[81.656s][info][gc,metaspace   ] GC(709) Metaspace: 36171K(36480K)->36171K(36480K) NonClass: 32002K(32128K)->32002K(32128K) Class: 4168K(4352K)->4168K(4352K)
[81.656s][info][gc             ] GC(709) Pause Young (Allocation Failure) 485M->193M(966M) 18.003ms
[81.656s][info][gc,cpu         ] GC(709) User=0.09s Sys=0.00s Real=0.02s
[81.896s][info][gc,start       ] GC(710) Pause Young (Allocation Failure)
[81.904s][info][gc,heap        ] GC(710) PSYoungGen: 287514K(290304K)->30678K(318464K) Eden: 284983K(287744K)->0K(287744K) From: 2531K(2560K)->30678K(30720K)
[81.904s][info][gc,heap        ] GC(710) ParOldGen: 195177K(699392K)->197326K(699392K)
[81.904s][info][gc,metaspace   ] GC(710) Metaspace: 36171K(36480K)->36171K(36480K) NonClass: 32002K(32128K)->32002K(32128K) Class: 4168K(4352K)->4168K(4352K)
[81.904s][info][gc             ] GC(710) Pause Young (Allocation Failure) 471M->222M(994M) 8.268ms
[81.904s][info][gc,cpu         ] GC(710) User=0.00s Sys=0.00s Real=0.01s
[82.158s][info][gc,start       ] GC(711) Pause Young (Allocation Failure)
[82.165s][info][gc,heap        ] GC(711) PSYoungGen: 318422K(318464K)->10198K(311296K) Eden: 287744K(287744K)->0K(280576K) From: 30678K(30720K)->10198K(30720K)
[82.165s][info][gc,heap        ] GC(711) ParOldGen: 197326K(699392K)->212555K(699392K)
[82.165s][info][gc,metaspace   ] GC(711) Metaspace: 36171K(36480K)->36171K(36480K) NonClass: 32002K(32128K)->32002K(32128K) Class: 4168K(4352K)->4168K(4352K)
[82.165s][info][gc             ] GC(711) Pause Young (Allocation Failure) 503M->217M(987M) 7.030ms
[82.165s][info][gc,cpu         ] GC(711) User=0.00s Sys=0.00s Real=0.01s
[82.409s][info][gc,start       ] GC(712) Pause Young (Allocation Failure)
[82.415s][info][gc,heap        ] GC(712) PSYoungGen: 287713K(311296K)->20703K(301568K) Eden: 277515K(280576K)->0K(280576K) From: 10198K(30720K)->20703K(20992K)
[82.415s][info][gc,heap        ] GC(712) ParOldGen: 212555K(699392K)->213978K(699392K)
[82.415s][info][gc,metaspace   ] GC(712) Metaspace: 36173K(36480K)->36173K(36480K) NonClass: 32005K(32128K)->32005K(32128K) Class: 4168K(4352K)->4168K(4352K)
[82.415s][info][gc             ] GC(712) Pause Young (Allocation Failure) 488M->229M(977M) 6.580ms
[82.415s][info][gc,cpu         ] GC(712) User=0.00s Sys=0.00s Real=0.01s
[82.659s][info][gc,start       ] GC(713) Pause Young (Allocation Failure)
[82.667s][info][gc,heap        ] GC(713) PSYoungGen: 298136K(301568K)->15285K(314368K) Eden: 277433K(280576K)->0K(278528K) From: 20703K(20992K)->15285K(35840K)
[82.667s][info][gc,heap        ] GC(713) ParOldGen: 213978K(699392K)->215825K(699392K)
[82.667s][info][gc,metaspace   ] GC(713) Metaspace: 36173K(36480K)->36173K(36480K) NonClass: 32005K(32128K)->32005K(32128K) Class: 4168K(4352K)->4168K(4352K)
[82.667s][info][gc             ] GC(713) Pause Young (Allocation Failure) 500M->225M(990M) 7.576ms
[82.667s][info][gc,cpu         ] GC(713) User=0.00s Sys=0.00s Real=0.01s
[82.904s][info][gc,start       ] GC(714) Pause Young (Allocation Failure)
[82.910s][info][gc,heap        ] GC(714) PSYoungGen: 290605K(314368K)->19488K(313344K) Eden: 275320K(278528K)->0K(278528K) From: 15285K(35840K)->19488K(34816K)
[82.910s][info][gc,heap        ] GC(714) ParOldGen: 215825K(699392K)->216165K(699392K)
[82.910s][info][gc,metaspace   ] GC(714) Metaspace: 36173K(36480K)->36173K(36480K) NonClass: 32005K(32128K)->32005K(32128K) Class: 4168K(4352K)->4168K(4352K)
[82.910s][info][gc             ] GC(714) Pause Young (Allocation Failure) 494M->230M(989M) 6.607ms
[82.910s][info][gc,cpu         ] GC(714) User=0.09s Sys=0.00s Real=0.01s
[83.154s][info][gc,start       ] GC(715) Pause Young (Allocation Failure)
[83.160s][info][gc,heap        ] GC(715) PSYoungGen: 298016K(313344K)->11522K(315904K) Eden: 278528K(278528K)->0K(280576K) From: 19488K(34816K)->11522K(35328K)
[83.161s][info][gc,heap        ] GC(715) ParOldGen: 216165K(699392K)->216941K(699392K)
[83.161s][info][gc,metaspace   ] GC(715) Metaspace: 36173K(36480K)->36173K(36480K) NonClass: 32005K(32128K)->32005K(32128K) Class: 4168K(4352K)->4168K(4352K)
[83.161s][info][gc             ] GC(715) Pause Young (Allocation Failure) 502M->223M(991M) 6.142ms
[83.161s][info][gc,cpu         ] GC(715) User=0.08s Sys=0.00s Real=0.01s
[83.386s][info][gc,start       ] GC(716) Pause Young (Allocation Failure)
[83.392s][info][gc,heap        ] GC(716) PSYoungGen: 292098K(315904K)->12404K(313856K) Eden: 280576K(280576K)->0K(280576K) From: 11522K(35328K)->12404K(33280K)
[83.392s][info][gc,heap        ] GC(716) ParOldGen: 216941K(699392K)->218464K(699392K)
[83.392s][info][gc,metaspace   ] GC(716) Metaspace: 36174K(36480K)->36174K(36480K) NonClass: 32005K(32128K)->32005K(32128K) Class: 4168K(4352K)->4168K(4352K)
[83.392s][info][gc             ] GC(716) Pause Young (Allocation Failure) 497M->225M(989M) 6.384ms
[83.392s][info][gc,cpu         ] GC(716) User=0.09s Sys=0.00s Real=0.01s
[83.624s][info][gc,start       ] GC(717) Pause Young (Allocation Failure)
[83.631s][info][gc,heap        ] GC(717) PSYoungGen: 292980K(313856K)->16022K(318464K) Eden: 280576K(280576K)->0K(287232K) From: 12404K(33280K)->16022K(31232K)
[83.631s][info][gc,heap        ] GC(717) ParOldGen: 218464K(699392K)->220010K(699392K)
[83.631s][info][gc,metaspace   ] GC(717) Metaspace: 36174K(36480K)->36174K(36480K) NonClass: 32005K(32128K)->32005K(32128K) Class: 4168K(4352K)->4168K(4352K)
[83.631s][info][gc             ] GC(717) Pause Young (Allocation Failure) 499M->230M(994M) 7.356ms
[83.631s][info][gc,cpu         ] GC(717) User=0.09s Sys=0.00s Real=0.01s
[83.871s][info][gc,start       ] GC(718) Pause Young (Allocation Failure)
[83.877s][info][gc,heap        ] GC(718) PSYoungGen: 301546K(318464K)->14573K(317952K) Eden: 285524K(287232K)->0K(287232K) From: 16022K(31232K)->14573K(30720K)
[83.877s][info][gc,heap        ] GC(718) ParOldGen: 220010K(699392K)->222262K(699392K)
[83.877s][info][gc,metaspace   ] GC(718) Metaspace: 36174K(36480K)->36174K(36480K) NonClass: 32005K(32128K)->32005K(32128K) Class: 4168K(4352K)->4168K(4352K)
[83.877s][info][gc             ] GC(718) Pause Young (Allocation Failure) 509M->231M(993M) 6.062ms
[83.877s][info][gc,cpu         ] GC(718) User=0.09s Sys=0.00s Real=0.01s
[84.126s][info][gc,start       ] GC(719) Pause Young (Allocation Failure)
[84.133s][info][gc,heap        ] GC(719) PSYoungGen: 301805K(317952K)->15034K(320512K) Eden: 287232K(287232K)->0K(290816K) From: 14573K(30720K)->15034K(29696K)
[84.133s][info][gc,heap        ] GC(719) ParOldGen: 222262K(699392K)->223094K(699392K)
[84.133s][info][gc,metaspace   ] GC(719) Metaspace: 36174K(36480K)->36174K(36480K) NonClass: 32005K(32128K)->32005K(32128K) Class: 4168K(4352K)->4168K(4352K)
[84.133s][info][gc             ] GC(719) Pause Young (Allocation Failure) 511M->232M(996M) 7.317ms
[84.133s][info][gc,cpu         ] GC(719) User=0.00s Sys=0.00s Real=0.01s
[84.212s][info][gc,start       ] GC(720) Pause Young (System.gc())
[84.216s][info][gc,heap        ] GC(720) PSYoungGen: 108642K(320512K)->7093K(319488K) Eden: 93608K(290816K)->0K(290816K) From: 15034K(29696K)->7093K(28672K)
[84.216s][info][gc,heap        ] GC(720) ParOldGen: 223094K(699392K)->228702K(699392K)
[84.216s][info][gc,metaspace   ] GC(720) Metaspace: 36174K(36480K)->36174K(36480K) NonClass: 32006K(32128K)->32006K(32128K) Class: 4168K(4352K)->4168K(4352K)
[84.216s][info][gc             ] GC(720) Pause Young (System.gc()) 323M->230M(995M) 4.833ms
[84.216s][info][gc,cpu         ] GC(720) User=0.00s Sys=0.00s Real=0.01s
[84.217s][info][gc,start       ] GC(721) Pause Full (System.gc())
[84.217s][info][gc,phases,start] GC(721) Marking Phase
[84.232s][info][gc,phases      ] GC(721) Marking Phase 15.793ms
[84.232s][info][gc,phases,start] GC(721) Summary Phase
[84.232s][info][gc,phases      ] GC(721) Summary Phase 0.011ms
[84.232s][info][gc,phases,start] GC(721) Adjust Roots
[84.236s][info][gc,phases      ] GC(721) Adjust Roots 3.742ms
[84.236s][info][gc,phases,start] GC(721) Compaction Phase
[84.245s][info][gc,phases      ] GC(721) Compaction Phase 8.960ms
[84.245s][info][gc,phases,start] GC(721) Post Compact
[84.246s][info][gc,phases      ] GC(721) Post Compact 0.872ms
[84.246s][info][gc,heap        ] GC(721) PSYoungGen: 7093K(319488K)->0K(319488K) Eden: 0K(290816K)->0K(290816K) From: 7093K(28672K)->0K(28672K)
[84.246s][info][gc,heap        ] GC(721) ParOldGen: 228702K(699392K)->113758K(699392K)
[84.246s][info][gc,metaspace   ] GC(721) Metaspace: 36174K(36480K)->36174K(36480K) NonClass: 32006K(32128K)->32006K(32128K) Class: 4168K(4352K)->4168K(4352K)
[84.246s][info][gc             ] GC(721) Pause Full (System.gc()) 230M->111M(995M) 29.672ms
[84.246s][info][gc,cpu         ] GC(721) User=0.11s Sys=0.00s Real=0.03s
[84.293s][info][gc,start       ] GC(722) Pause Young (Allocation Failure)
[84.294s][info][gc,heap        ] GC(722) PSYoungGen: 290816K(319488K)->192K(320000K) Eden: 290816K(290816K)->0K(291840K) From: 0K(28672K)->192K(28160K)
[84.294s][info][gc,heap        ] GC(722) ParOldGen: 113758K(699392K)->113758K(699392K)
[84.294s][info][gc,metaspace   ] GC(722) Metaspace: 36178K(36544K)->36178K(36544K) NonClass: 32009K(32192K)->32009K(32192K) Class: 4168K(4352K)->4168K(4352K)
[84.294s][info][gc             ] GC(722) Pause Young (Allocation Failure) 395M->111M(995M) 0.464ms
[84.294s][info][gc,cpu         ] GC(722) User=0.00s Sys=0.00s Real=0.00s
[84.338s][info][gc,start       ] GC(723) Pause Young (Allocation Failure)
[84.338s][info][gc,heap        ] GC(723) PSYoungGen: 292032K(320000K)->160K(292352K) Eden: 291840K(291840K)->0K(291840K) From: 192K(28160K)->160K(512K)
[84.338s][info][gc,heap        ] GC(723) ParOldGen: 113758K(699392K)->113806K(699392K)
[84.338s][info][gc,metaspace   ] GC(723) Metaspace: 36178K(36544K)->36178K(36544K) NonClass: 32009K(32192K)->32009K(32192K) Class: 4168K(4352K)->4168K(4352K)
[84.338s][info][gc             ] GC(723) Pause Young (Allocation Failure) 396M->111M(968M) 0.419ms
[84.338s][info][gc,cpu         ] GC(723) User=0.00s Sys=0.00s Real=0.00s
[84.383s][info][gc,start       ] GC(724) Pause Young (Allocation Failure)
[84.383s][info][gc,heap        ] GC(724) PSYoungGen: 292000K(292352K)->160K(320512K) Eden: 291840K(291840K)->0K(291328K) From: 160K(512K)->160K(29184K)
[84.383s][info][gc,heap        ] GC(724) ParOldGen: 113806K(699392K)->113806K(699392K)
[84.383s][info][gc,metaspace   ] GC(724) Metaspace: 36178K(36544K)->36178K(36544K) NonClass: 32009K(32192K)->32009K(32192K) Class: 4168K(4352K)->4168K(4352K)
[84.383s][info][gc             ] GC(724) Pause Young (Allocation Failure) 396M->111M(996M) 0.407ms
[84.384s][info][gc,cpu         ] GC(724) User=0.00s Sys=0.00s Real=0.00s
[84.427s][info][gc,start       ] GC(725) Pause Young (Allocation Failure)
[84.428s][info][gc,heap        ] GC(725) PSYoungGen: 291488K(320512K)->160K(320000K) Eden: 291328K(291328K)->0K(291328K) From: 160K(29184K)->160K(28672K)
[84.428s][info][gc,heap        ] GC(725) ParOldGen: 113806K(699392K)->113806K(699392K)
[84.428s][info][gc,metaspace   ] GC(725) Metaspace: 36178K(36544K)->36178K(36544K) NonClass: 32009K(32192K)->32009K(32192K) Class: 4168K(4352K)->4168K(4352K)
[84.428s][info][gc             ] GC(725) Pause Young (Allocation Failure) 395M->111M(995M) 0.362ms
[84.428s][info][gc,cpu         ] GC(725) User=0.00s Sys=0.00s Real=0.00s
[84.471s][info][gc,start       ] GC(726) Pause Young (Allocation Failure)
[84.472s][info][gc,heap        ] GC(726) PSYoungGen: 291488K(320000K)->160K(321536K) Eden: 291328K(291328K)->0K(292864K) From: 160K(28672K)->160K(28672K)
[84.472s][info][gc,heap        ] GC(726) ParOldGen: 113806K(699392K)->113806K(699392K)
[84.472s][info][gc,metaspace   ] GC(726) Metaspace: 36178K(36544K)->36178K(36544K) NonClass: 32009K(32192K)->32009K(32192K) Class: 4168K(4352K)->4168K(4352K)
[84.472s][info][gc             ] GC(726) Pause Young (Allocation Failure) 395M->111M(997M) 0.378ms
[84.472s][info][gc,cpu         ] GC(726) User=0.00s Sys=0.00s Real=0.00s
[84.516s][info][gc,start       ] GC(727) Pause Young (Allocation Failure)
[84.516s][info][gc,heap        ] GC(727) PSYoungGen: 293024K(321536K)->160K(320512K) Eden: 292864K(292864K)->0K(292864K) From: 160K(28672K)->160K(27648K)
[84.516s][info][gc,heap        ] GC(727) ParOldGen: 113806K(699392K)->113806K(699392K)
[84.516s][info][gc,metaspace   ] GC(727) Metaspace: 36178K(36544K)->36178K(36544K) NonClass: 32009K(32192K)->32009K(32192K) Class: 4168K(4352K)->4168K(4352K)
[84.516s][info][gc             ] GC(727) Pause Young (Allocation Failure) 397M->111M(996M) 0.383ms
[84.516s][info][gc,cpu         ] GC(727) User=0.00s Sys=0.00s Real=0.00s
[84.560s][info][gc,start       ] GC(728) Pause Young (Allocation Failure)
[84.560s][info][gc,heap        ] GC(728) PSYoungGen: 293024K(320512K)->160K(323072K) Eden: 292864K(292864K)->0K(295936K) From: 160K(27648K)->160K(27136K)
[84.560s][info][gc,heap        ] GC(728) ParOldGen: 113806K(699392K)->113806K(699392K)
[84.560s][info][gc,metaspace   ] GC(728) Metaspace: 36178K(36544K)->36178K(36544K) NonClass: 32009K(32192K)->32009K(32192K) Class: 4168K(4352K)->4168K(4352K)
[84.560s][info][gc             ] GC(728) Pause Young (Allocation Failure) 397M->111M(998M) 0.401ms
[84.560s][info][gc,cpu         ] GC(728) User=0.00s Sys=0.00s Real=0.00s
[84.604s][info][gc,start       ] GC(729) Pause Young (Allocation Failure)
[84.604s][info][gc,heap        ] GC(729) PSYoungGen: 296096K(323072K)->192K(322048K) Eden: 295936K(295936K)->0K(295936K) From: 160K(27136K)->192K(26112K)
[84.604s][info][gc,heap        ] GC(729) ParOldGen: 113806K(699392K)->113806K(699392K)
[84.604s][info][gc,metaspace   ] GC(729) Metaspace: 36178K(36544K)->36178K(36544K) NonClass: 32009K(32192K)->32009K(32192K) Class: 4168K(4352K)->4168K(4352K)
[84.604s][info][gc             ] GC(729) Pause Young (Allocation Failure) 400M->111M(997M) 0.352ms
[84.604s][info][gc,cpu         ] GC(729) User=0.00s Sys=0.00s Real=0.00s
[84.648s][info][gc,start       ] GC(730) Pause Young (Allocation Failure)
[84.649s][info][gc,heap        ] GC(730) PSYoungGen: 296128K(322048K)->192K(325120K) Eden: 295936K(295936K)->0K(300032K) From: 192K(26112K)->192K(25088K)
[84.649s][info][gc,heap        ] GC(730) ParOldGen: 113806K(699392K)->113806K(699392K)
[84.649s][info][gc,metaspace   ] GC(730) Metaspace: 36178K(36544K)->36178K(36544K) NonClass: 32009K(32192K)->32009K(32192K) Class: 4168K(4352K)->4168K(4352K)
[84.649s][info][gc             ] GC(730) Pause Young (Allocation Failure) 400M->111M(1000M) 0.356ms
[84.649s][info][gc,cpu         ] GC(730) User=0.00s Sys=0.00s Real=0.00s
[84.697s][info][gc,start       ] GC(731) Pause Young (Allocation Failure)
[84.698s][info][gc,heap        ] GC(731) PSYoungGen: 300224K(325120K)->160K(324096K) Eden: 300032K(300032K)->0K(300032K) From: 192K(25088K)->160K(24064K)
[84.698s][info][gc,heap        ] GC(731) ParOldGen: 113806K(699392K)->113806K(699392K)
[84.698s][info][gc,metaspace   ] GC(731) Metaspace: 36178K(36544K)->36178K(36544K) NonClass: 32009K(32192K)->32009K(32192K) Class: 4168K(4352K)->4168K(4352K)
[84.698s][info][gc             ] GC(731) Pause Young (Allocation Failure) 404M->111M(999M) 0.774ms
[84.698s][info][gc,cpu         ] GC(731) User=0.00s Sys=0.00s Real=0.00s
[84.744s][info][gc,start       ] GC(732) Pause Young (Allocation Failure)
[84.744s][info][gc,heap        ] GC(732) PSYoungGen: 300192K(324096K)->160K(327168K) Eden: 300032K(300032K)->0K(304128K) From: 160K(24064K)->160K(23040K)
[84.744s][info][gc,heap        ] GC(732) ParOldGen: 113806K(699392K)->113806K(699392K)
[84.744s][info][gc,metaspace   ] GC(732) Metaspace: 36178K(36544K)->36178K(36544K) NonClass: 32009K(32192K)->32009K(32192K) Class: 4168K(4352K)->4168K(4352K)
[84.744s][info][gc             ] GC(732) Pause Young (Allocation Failure) 404M->111M(1002M) 0.486ms
[84.744s][info][gc,cpu         ] GC(732) User=0.00s Sys=0.00s Real=0.00s
[84.793s][info][gc,start       ] GC(733) Pause Young (Allocation Failure)
[84.793s][info][gc,heap        ] GC(733) PSYoungGen: 304288K(327168K)->160K(326144K) Eden: 304128K(304128K)->0K(304128K) From: 160K(23040K)->160K(22016K)
[84.793s][info][gc,heap        ] GC(733) ParOldGen: 113806K(699392K)->113806K(699392K)
[84.793s][info][gc,metaspace   ] GC(733) Metaspace: 36178K(36544K)->36178K(36544K) NonClass: 32009K(32192K)->32009K(32192K) Class: 4168K(4352K)->4168K(4352K)
[84.793s][info][gc             ] GC(733) Pause Young (Allocation Failure) 408M->111M(1001M) 0.530ms
[84.793s][info][gc,cpu         ] GC(733) User=0.00s Sys=0.00s Real=0.00s
[84.839s][info][gc,start       ] GC(734) Pause Young (Allocation Failure)
[84.840s][info][gc,heap        ] GC(734) PSYoungGen: 304288K(326144K)->192K(329216K) Eden: 304128K(304128K)->0K(308224K) From: 160K(22016K)->192K(20992K)
[84.840s][info][gc,heap        ] GC(734) ParOldGen: 113806K(699392K)->113806K(699392K)
[84.840s][info][gc,metaspace   ] GC(734) Metaspace: 36178K(36544K)->36178K(36544K) NonClass: 32009K(32192K)->32009K(32192K) Class: 4168K(4352K)->4168K(4352K)
[84.840s][info][gc             ] GC(734) Pause Young (Allocation Failure) 408M->111M(1004M) 0.409ms
[84.840s][info][gc,cpu         ] GC(734) User=0.00s Sys=0.00s Real=0.00s
[84.887s][info][gc,start       ] GC(735) Pause Young (Allocation Failure)
[84.887s][info][gc,heap        ] GC(735) PSYoungGen: 308416K(329216K)->192K(328192K) Eden: 308224K(308224K)->0K(308224K) From: 192K(20992K)->192K(19968K)
[84.887s][info][gc,heap        ] GC(735) ParOldGen: 113806K(699392K)->113806K(699392K)
[84.887s][info][gc,metaspace   ] GC(735) Metaspace: 36178K(36544K)->36178K(36544K) NonClass: 32009K(32192K)->32009K(32192K) Class: 4168K(4352K)->4168K(4352K)
[84.887s][info][gc             ] GC(735) Pause Young (Allocation Failure) 412M->111M(1003M) 0.415ms
[84.887s][info][gc,cpu         ] GC(735) User=0.00s Sys=0.00s Real=0.00s
[84.941s][info][gc,start       ] GC(736) Pause Young (Allocation Failure)
[84.941s][info][gc,heap        ] GC(736) PSYoungGen: 308416K(328192K)->192K(331264K) Eden: 308224K(308224K)->0K(312320K) From: 192K(19968K)->192K(18944K)
[84.941s][info][gc,heap        ] GC(736) ParOldGen: 113806K(699392K)->113806K(699392K)
[84.941s][info][gc,metaspace   ] GC(736) Metaspace: 36178K(36544K)->36178K(36544K) NonClass: 32009K(32192K)->32009K(32192K) Class: 4168K(4352K)->4168K(4352K)
[84.941s][info][gc             ] GC(736) Pause Young (Allocation Failure) 412M->111M(1006M) 0.456ms
[84.941s][info][gc,cpu         ] GC(736) User=0.00s Sys=0.00s Real=0.00s
[85.004s][info][gc,start       ] GC(737) Pause Young (Allocation Failure)
[85.004s][info][gc,heap        ] GC(737) PSYoungGen: 312512K(331264K)->160K(330240K) Eden: 312320K(312320K)->0K(312320K) From: 192K(18944K)->160K(17920K)
[85.004s][info][gc,heap        ] GC(737) ParOldGen: 113806K(699392K)->113854K(699392K)
[85.004s][info][gc,metaspace   ] GC(737) Metaspace: 36178K(36544K)->36178K(36544K) NonClass: 32009K(32192K)->32009K(32192K) Class: 4168K(4352K)->4168K(4352K)
[85.004s][info][gc             ] GC(737) Pause Young (Allocation Failure) 416M->111M(1005M) 0.429ms
[85.004s][info][gc,cpu         ] GC(737) User=0.00s Sys=0.00s Real=0.00s
[85.064s][info][gc,start       ] GC(738) Pause Young (Allocation Failure)
[85.065s][info][gc,heap        ] GC(738) PSYoungGen: 312480K(330240K)->192K(333312K) Eden: 312320K(312320K)->0K(316416K) From: 160K(17920K)->192K(16896K)
[85.065s][info][gc,heap        ] GC(738) ParOldGen: 113854K(699392K)->113854K(699392K)
[85.065s][info][gc,metaspace   ] GC(738) Metaspace: 36178K(36544K)->36178K(36544K) NonClass: 32009K(32192K)->32009K(32192K) Class: 4168K(4352K)->4168K(4352K)
[85.065s][info][gc             ] GC(738) Pause Young (Allocation Failure) 416M->111M(1008M) 0.410ms
[85.065s][info][gc,cpu         ] GC(738) User=0.00s Sys=0.00s Real=0.00s
[85.127s][info][gc,start       ] GC(739) Pause Young (Allocation Failure)
[85.127s][info][gc,heap        ] GC(739) PSYoungGen: 316608K(333312K)->192K(332288K) Eden: 316416K(316416K)->0K(316416K) From: 192K(16896K)->192K(15872K)
[85.127s][info][gc,heap        ] GC(739) ParOldGen: 113854K(699392K)->113854K(699392K)
[85.127s][info][gc,metaspace   ] GC(739) Metaspace: 36178K(36544K)->36178K(36544K) NonClass: 32009K(32192K)->32009K(32192K) Class: 4168K(4352K)->4168K(4352K)
[85.127s][info][gc             ] GC(739) Pause Young (Allocation Failure) 420M->111M(1007M) 0.421ms
[85.127s][info][gc,cpu         ] GC(739) User=0.00s Sys=0.00s Real=0.00s
[85.189s][info][gc,start       ] GC(740) Pause Young (Allocation Failure)
[85.189s][info][gc,heap        ] GC(740) PSYoungGen: 316608K(332288K)->160K(335360K) Eden: 316416K(316416K)->0K(320512K) From: 192K(15872K)->160K(14848K)
[85.189s][info][gc,heap        ] GC(740) ParOldGen: 113854K(699392K)->113854K(699392K)
[85.189s][info][gc,metaspace   ] GC(740) Metaspace: 36178K(36544K)->36178K(36544K) NonClass: 32009K(32192K)->32009K(32192K) Class: 4168K(4352K)->4168K(4352K)
[85.189s][info][gc             ] GC(740) Pause Young (Allocation Failure) 420M->111M(1010M) 0.395ms
[85.189s][info][gc,cpu         ] GC(740) User=0.00s Sys=0.00s Real=0.00s
[85.253s][info][gc,start       ] GC(741) Pause Young (Allocation Failure)
[85.253s][info][gc,heap        ] GC(741) PSYoungGen: 320672K(335360K)->160K(334336K) Eden: 320512K(320512K)->0K(320512K) From: 160K(14848K)->160K(13824K)
[85.253s][info][gc,heap        ] GC(741) ParOldGen: 113854K(699392K)->113854K(699392K)
[85.253s][info][gc,metaspace   ] GC(741) Metaspace: 36178K(36544K)->36178K(36544K) NonClass: 32009K(32192K)->32009K(32192K) Class: 4168K(4352K)->4168K(4352K)
[85.253s][info][gc             ] GC(741) Pause Young (Allocation Failure) 424M->111M(1009M) 0.447ms
[85.253s][info][gc,cpu         ] GC(741) User=0.00s Sys=0.00s Real=0.00s
[85.313s][info][gc,start       ] GC(742) Pause Young (Allocation Failure)
[85.314s][info][gc,heap        ] GC(742) PSYoungGen: 320672K(334336K)->160K(336896K) Eden: 320512K(320512K)->0K(324096K) From: 160K(13824K)->160K(12800K)
[85.314s][info][gc,heap        ] GC(742) ParOldGen: 113854K(699392K)->113854K(699392K)
[85.314s][info][gc,metaspace   ] GC(742) Metaspace: 36178K(36544K)->36178K(36544K) NonClass: 32009K(32192K)->32009K(32192K) Class: 4168K(4352K)->4168K(4352K)
[85.314s][info][gc             ] GC(742) Pause Young (Allocation Failure) 424M->111M(1012M) 0.402ms
[85.314s][info][gc,cpu         ] GC(742) User=0.00s Sys=0.00s Real=0.00s
[85.375s][info][gc,start       ] GC(743) Pause Young (Allocation Failure)
[85.375s][info][gc,heap        ] GC(743) PSYoungGen: 324256K(336896K)->160K(336384K) Eden: 324096K(324096K)->0K(324096K) From: 160K(12800K)->160K(12288K)
[85.375s][info][gc,heap        ] GC(743) ParOldGen: 113854K(699392K)->113854K(699392K)
[85.375s][info][gc,metaspace   ] GC(743) Metaspace: 36178K(36544K)->36178K(36544K) NonClass: 32009K(32192K)->32009K(32192K) Class: 4168K(4352K)->4168K(4352K)
[85.375s][info][gc             ] GC(743) Pause Young (Allocation Failure) 427M->111M(1011M) 0.438ms
[85.375s][info][gc,cpu         ] GC(743) User=0.02s Sys=0.00s Real=0.00s
[85.437s][info][gc,start       ] GC(744) Pause Young (Allocation Failure)
[85.437s][info][gc,heap        ] GC(744) PSYoungGen: 324256K(336384K)->160K(338432K) Eden: 324096K(324096K)->0K(327168K) From: 160K(12288K)->160K(11264K)
[85.437s][info][gc,heap        ] GC(744) ParOldGen: 113854K(699392K)->113854K(699392K)
[85.437s][info][gc,metaspace   ] GC(744) Metaspace: 36178K(36544K)->36178K(36544K) NonClass: 32009K(32192K)->32009K(32192K) Class: 4168K(4352K)->4168K(4352K)
[85.437s][info][gc             ] GC(744) Pause Young (Allocation Failure) 427M->111M(1013M) 0.596ms
[85.437s][info][gc,cpu         ] GC(744) User=0.00s Sys=0.00s Real=0.02s
[85.499s][info][gc,start       ] GC(745) Pause Young (Allocation Failure)
[85.499s][info][gc,heap        ] GC(745) PSYoungGen: 327328K(338432K)->160K(337920K) Eden: 327168K(327168K)->0K(327168K) From: 160K(11264K)->160K(10752K)
[85.499s][info][gc,heap        ] GC(745) ParOldGen: 113854K(699392K)->113854K(699392K)
[85.499s][info][gc,metaspace   ] GC(745) Metaspace: 36178K(36544K)->36178K(36544K) NonClass: 32009K(32192K)->32009K(32192K) Class: 4168K(4352K)->4168K(4352K)
[85.499s][info][gc             ] GC(745) Pause Young (Allocation Failure) 430M->111M(1013M) 0.441ms
[85.499s][info][gc,cpu         ] GC(745) User=0.00s Sys=0.00s Real=0.00s
[85.561s][info][gc,start       ] GC(746) Pause Young (Allocation Failure)
[85.562s][info][gc,heap        ] GC(746) PSYoungGen: 327328K(337920K)->160K(339968K) Eden: 327168K(327168K)->0K(330240K) From: 160K(10752K)->160K(9728K)
[85.562s][info][gc,heap        ] GC(746) ParOldGen: 113854K(699392K)->113854K(699392K)
[85.562s][info][gc,metaspace   ] GC(746) Metaspace: 36178K(36544K)->36178K(36544K) NonClass: 32009K(32192K)->32009K(32192K) Class: 4168K(4352K)->4168K(4352K)
[85.562s][info][gc             ] GC(746) Pause Young (Allocation Failure) 430M->111M(1015M) 0.432ms
[85.562s][info][gc,cpu         ] GC(746) User=0.00s Sys=0.00s Real=0.00s
[85.626s][info][gc,start       ] GC(747) Pause Young (Allocation Failure)
[85.626s][info][gc,heap        ] GC(747) PSYoungGen: 330400K(339968K)->192K(339456K) Eden: 330240K(330240K)->0K(330240K) From: 160K(9728K)->192K(9216K)
[85.626s][info][gc,heap        ] GC(747) ParOldGen: 113854K(699392K)->113854K(699392K)
[85.626s][info][gc,metaspace   ] GC(747) Metaspace: 36178K(36544K)->36178K(36544K) NonClass: 32009K(32192K)->32009K(32192K) Class: 4168K(4352K)->4168K(4352K)
[85.626s][info][gc             ] GC(747) Pause Young (Allocation Failure) 433M->111M(1014M) 0.418ms
[85.626s][info][gc,cpu         ] GC(747) User=0.00s Sys=0.00s Real=0.00s
[85.688s][info][gc,start       ] GC(748) Pause Young (Allocation Failure)
[85.689s][info][gc,heap        ] GC(748) PSYoungGen: 330432K(339456K)->128K(341504K) Eden: 330240K(330240K)->0K(332800K) From: 192K(9216K)->128K(8704K)
[85.689s][info][gc,heap        ] GC(748) ParOldGen: 113854K(699392K)->113854K(699392K)
[85.689s][info][gc,metaspace   ] GC(748) Metaspace: 36178K(36544K)->36178K(36544K) NonClass: 32009K(32192K)->32009K(32192K) Class: 4168K(4352K)->4168K(4352K)
[85.689s][info][gc             ] GC(748) Pause Young (Allocation Failure) 433M->111M(1016M) 0.706ms
[85.689s][info][gc,cpu         ] GC(748) User=0.00s Sys=0.00s Real=0.00s
[85.752s][info][gc,start       ] GC(749) Pause Young (Allocation Failure)
[85.752s][info][gc,heap        ] GC(749) PSYoungGen: 332928K(341504K)->160K(340480K) Eden: 332800K(332800K)->0K(332800K) From: 128K(8704K)->160K(7680K)
[85.752s][info][gc,heap        ] GC(749) ParOldGen: 113854K(699392K)->113854K(699392K)
[85.752s][info][gc,metaspace   ] GC(749) Metaspace: 36178K(36544K)->36178K(36544K) NonClass: 32009K(32192K)->32009K(32192K) Class: 4168K(4352K)->4168K(4352K)
[85.752s][info][gc             ] GC(749) Pause Young (Allocation Failure) 436M->111M(1015M) 0.426ms
[85.752s][info][gc,cpu         ] GC(749) User=0.00s Sys=0.00s Real=0.00s
[85.817s][info][gc,start       ] GC(750) Pause Young (Allocation Failure)
[85.817s][info][gc,heap        ] GC(750) PSYoungGen: 332960K(340480K)->160K(342528K) Eden: 332800K(332800K)->0K(335360K) From: 160K(7680K)->160K(7168K)
[85.818s][info][gc,heap        ] GC(750) ParOldGen: 113854K(699392K)->113854K(699392K)
[85.818s][info][gc,metaspace   ] GC(750) Metaspace: 36178K(36544K)->36178K(36544K) NonClass: 32009K(32192K)->32009K(32192K) Class: 4168K(4352K)->4168K(4352K)
[85.818s][info][gc             ] GC(750) Pause Young (Allocation Failure) 436M->111M(1017M) 0.403ms
[85.818s][info][gc,cpu         ] GC(750) User=0.00s Sys=0.00s Real=0.00s
[85.880s][info][gc,start       ] GC(751) Pause Young (Allocation Failure)
[85.881s][info][gc,heap        ] GC(751) PSYoungGen: 335520K(342528K)->160K(342016K) Eden: 335360K(335360K)->0K(335360K) From: 160K(7168K)->160K(6656K)
[85.881s][info][gc,heap        ] GC(751) ParOldGen: 113854K(699392K)->113854K(699392K)
[85.881s][info][gc,metaspace   ] GC(751) Metaspace: 36178K(36544K)->36178K(36544K) NonClass: 32009K(32192K)->32009K(32192K) Class: 4168K(4352K)->4168K(4352K)
[85.881s][info][gc             ] GC(751) Pause Young (Allocation Failure) 438M->111M(1017M) 0.454ms
[85.881s][info][gc,cpu         ] GC(751) User=0.00s Sys=0.00s Real=0.00s
[85.943s][info][gc,start       ] GC(752) Pause Young (Allocation Failure)
[85.944s][info][gc,heap        ] GC(752) PSYoungGen: 335520K(342016K)->160K(343040K) Eden: 335360K(335360K)->0K(336896K) From: 160K(6656K)->160K(6144K)
[85.944s][info][gc,heap        ] GC(752) ParOldGen: 113854K(699392K)->113854K(699392K)
[85.944s][info][gc,metaspace   ] GC(752) Metaspace: 36178K(36544K)->36178K(36544K) NonClass: 32009K(32192K)->32009K(32192K) Class: 4168K(4352K)->4168K(4352K)
[85.944s][info][gc             ] GC(752) Pause Young (Allocation Failure) 438M->111M(1018M) 0.437ms
[85.944s][info][gc,cpu         ] GC(752) User=0.00s Sys=0.00s Real=0.00s
[86.007s][info][gc,start       ] GC(753) Pause Young (Allocation Failure)
[86.007s][info][gc,heap        ] GC(753) PSYoungGen: 337056K(343040K)->160K(343040K) Eden: 336896K(336896K)->0K(336896K) From: 160K(6144K)->160K(6144K)
[86.007s][info][gc,heap        ] GC(753) ParOldGen: 113854K(699392K)->113854K(699392K)
[86.007s][info][gc,metaspace   ] GC(753) Metaspace: 36178K(36544K)->36178K(36544K) NonClass: 32009K(32192K)->32009K(32192K) Class: 4168K(4352K)->4168K(4352K)
[86.007s][info][gc             ] GC(753) Pause Young (Allocation Failure) 440M->111M(1018M) 0.413ms
[86.007s][info][gc,cpu         ] GC(753) User=0.00s Sys=0.00s Real=0.00s
[86.070s][info][gc,start       ] GC(754) Pause Young (Allocation Failure)
[86.070s][info][gc,heap        ] GC(754) PSYoungGen: 337056K(343040K)->160K(344064K) Eden: 336896K(336896K)->0K(338432K) From: 160K(6144K)->160K(5632K)
[86.070s][info][gc,heap        ] GC(754) ParOldGen: 113854K(699392K)->113854K(699392K)
[86.070s][info][gc,metaspace   ] GC(754) Metaspace: 36178K(36544K)->36178K(36544K) NonClass: 32009K(32192K)->32009K(32192K) Class: 4168K(4352K)->4168K(4352K)
[86.070s][info][gc             ] GC(754) Pause Young (Allocation Failure) 440M->111M(1019M) 0.446ms
[86.070s][info][gc,cpu         ] GC(754) User=0.00s Sys=0.00s Real=0.00s
[86.135s][info][gc,start       ] GC(755) Pause Young (Allocation Failure)
[86.135s][info][gc,heap        ] GC(755) PSYoungGen: 338592K(344064K)->160K(343552K) Eden: 338432K(338432K)->0K(338432K) From: 160K(5632K)->160K(5120K)
[86.135s][info][gc,heap        ] GC(755) ParOldGen: 113854K(699392K)->113854K(699392K)
[86.135s][info][gc,metaspace   ] GC(755) Metaspace: 36178K(36544K)->36178K(36544K) NonClass: 32009K(32192K)->32009K(32192K) Class: 4168K(4352K)->4168K(4352K)
[86.135s][info][gc             ] GC(755) Pause Young (Allocation Failure) 441M->111M(1018M) 0.432ms
[86.135s][info][gc,cpu         ] GC(755) User=0.00s Sys=0.00s Real=0.00s
[86.201s][info][gc,start       ] GC(756) Pause Young (Allocation Failure)
[86.202s][info][gc,heap        ] GC(756) PSYoungGen: 338592K(343552K)->160K(344576K) Eden: 338432K(338432K)->0K(339968K) From: 160K(5120K)->160K(4608K)
[86.202s][info][gc,heap        ] GC(756) ParOldGen: 113854K(699392K)->113854K(699392K)
[86.202s][info][gc,metaspace   ] GC(756) Metaspace: 36178K(36544K)->36178K(36544K) NonClass: 32009K(32192K)->32009K(32192K) Class: 4168K(4352K)->4168K(4352K)
[86.202s][info][gc             ] GC(756) Pause Young (Allocation Failure) 441M->111M(1019M) 0.428ms
[86.202s][info][gc,cpu         ] GC(756) User=0.00s Sys=0.00s Real=0.00s
[86.266s][info][gc,start       ] GC(757) Pause Young (Allocation Failure)
[86.267s][info][gc,heap        ] GC(757) PSYoungGen: 340128K(344576K)->160K(344576K) Eden: 339968K(339968K)->0K(339968K) From: 160K(4608K)->160K(4608K)
[86.267s][info][gc,heap        ] GC(757) ParOldGen: 113854K(699392K)->113854K(699392K)
[86.267s][info][gc,metaspace   ] GC(757) Metaspace: 36178K(36544K)->36178K(36544K) NonClass: 32009K(32192K)->32009K(32192K) Class: 4168K(4352K)->4168K(4352K)
[86.267s][info][gc             ] GC(757) Pause Young (Allocation Failure) 443M->111M(1019M) 0.479ms
[86.267s][info][gc,cpu         ] GC(757) User=0.00s Sys=0.00s Real=0.00s
[86.332s][info][gc,start       ] GC(758) Pause Young (Allocation Failure)
[86.332s][info][gc,heap        ] GC(758) PSYoungGen: 340128K(344576K)->192K(345600K) Eden: 339968K(339968K)->0K(341504K) From: 160K(4608K)->192K(4096K)
[86.332s][info][gc,heap        ] GC(758) ParOldGen: 113854K(699392K)->113854K(699392K)
[86.332s][info][gc,metaspace   ] GC(758) Metaspace: 36178K(36544K)->36178K(36544K) NonClass: 32009K(32192K)->32009K(32192K) Class: 4168K(4352K)->4168K(4352K)
[86.332s][info][gc             ] GC(758) Pause Young (Allocation Failure) 443M->111M(1020M) 0.393ms
[86.332s][info][gc,cpu         ] GC(758) User=0.00s Sys=0.00s Real=0.00s
[86.401s][info][gc,start       ] GC(759) Pause Young (Allocation Failure)
[86.401s][info][gc,heap        ] GC(759) PSYoungGen: 341696K(345600K)->160K(345088K) Eden: 341504K(341504K)->0K(341504K) From: 192K(4096K)->160K(3584K)
[86.401s][info][gc,heap        ] GC(759) ParOldGen: 113854K(699392K)->113854K(699392K)
[86.401s][info][gc,metaspace   ] GC(759) Metaspace: 36178K(36544K)->36178K(36544K) NonClass: 32009K(32192K)->32009K(32192K) Class: 4168K(4352K)->4168K(4352K)
[86.401s][info][gc             ] GC(759) Pause Young (Allocation Failure) 444M->111M(1020M) 0.434ms
[86.401s][info][gc,cpu         ] GC(759) User=0.00s Sys=0.00s Real=0.00s
[86.465s][info][gc,start       ] GC(760) Pause Young (Allocation Failure)
[86.465s][info][gc,heap        ] GC(760) PSYoungGen: 341664K(345088K)->160K(346112K) Eden: 341504K(341504K)->0K(342528K) From: 160K(3584K)->160K(3584K)
[86.465s][info][gc,heap        ] GC(760) ParOldGen: 113854K(699392K)->113854K(699392K)
[86.465s][info][gc,metaspace   ] GC(760) Metaspace: 36178K(36544K)->36178K(36544K) NonClass: 32009K(32192K)->32009K(32192K) Class: 4168K(4352K)->4168K(4352K)
[86.465s][info][gc             ] GC(760) Pause Young (Allocation Failure) 444M->111M(1021M) 0.425ms
[86.465s][info][gc,cpu         ] GC(760) User=0.00s Sys=0.00s Real=0.00s
[86.529s][info][gc,start       ] GC(761) Pause Young (Allocation Failure)
[86.529s][info][gc,heap        ] GC(761) PSYoungGen: 342688K(346112K)->160K(345600K) Eden: 342528K(342528K)->0K(342528K) From: 160K(3584K)->160K(3072K)
[86.529s][info][gc,heap        ] GC(761) ParOldGen: 113854K(699392K)->113854K(699392K)
[86.529s][info][gc,metaspace   ] GC(761) Metaspace: 36178K(36544K)->36178K(36544K) NonClass: 32009K(32192K)->32009K(32192K) Class: 4168K(4352K)->4168K(4352K)
[86.529s][info][gc             ] GC(761) Pause Young (Allocation Failure) 445M->111M(1020M) 0.423ms
[86.529s][info][gc,cpu         ] GC(761) User=0.00s Sys=0.00s Real=0.00s
[86.597s][info][gc,start       ] GC(762) Pause Young (Allocation Failure)
[86.598s][info][gc,heap        ] GC(762) PSYoungGen: 342688K(345600K)->160K(346112K) Eden: 342528K(342528K)->0K(343040K) From: 160K(3072K)->160K(3072K)
[86.598s][info][gc,heap        ] GC(762) ParOldGen: 113854K(699392K)->113854K(699392K)
[86.598s][info][gc,metaspace   ] GC(762) Metaspace: 36178K(36544K)->36178K(36544K) NonClass: 32009K(32192K)->32009K(32192K) Class: 4168K(4352K)->4168K(4352K)
[86.598s][info][gc             ] GC(762) Pause Young (Allocation Failure) 445M->111M(1021M) 0.397ms
[86.598s][info][gc,cpu         ] GC(762) User=0.00s Sys=0.00s Real=0.00s
[86.670s][info][gc,start       ] GC(763) Pause Young (Allocation Failure)
[86.670s][info][gc,heap        ] GC(763) PSYoungGen: 343200K(346112K)->192K(346112K) Eden: 343040K(343040K)->0K(343040K) From: 160K(3072K)->192K(3072K)
[86.671s][info][gc,heap        ] GC(763) ParOldGen: 113854K(699392K)->113854K(699392K)
[86.671s][info][gc,metaspace   ] GC(763) Metaspace: 36178K(36544K)->36178K(36544K) NonClass: 32009K(32192K)->32009K(32192K) Class: 4168K(4352K)->4168K(4352K)
[86.671s][info][gc             ] GC(763) Pause Young (Allocation Failure) 446M->111M(1021M) 0.474ms
[86.671s][info][gc,cpu         ] GC(763) User=0.00s Sys=0.00s Real=0.00s
[86.915s][info][gc,start       ] GC(764) Pause Young (Allocation Failure)
[86.918s][info][gc,heap        ] GC(764) PSYoungGen: 343232K(346112K)->2560K(343552K) Eden: 343040K(343040K)->0K(340992K) From: 192K(3072K)->2560K(2560K)
[86.918s][info][gc,heap        ] GC(764) ParOldGen: 113854K(699392K)->115942K(699392K)
[86.918s][info][gc,metaspace   ] GC(764) Metaspace: 36178K(36544K)->36178K(36544K) NonClass: 32009K(32192K)->32009K(32192K) Class: 4168K(4352K)->4168K(4352K)
[86.918s][info][gc             ] GC(764) Pause Young (Allocation Failure) 446M->115M(1018M) 3.106ms
[86.918s][info][gc,cpu         ] GC(764) User=0.00s Sys=0.00s Real=0.01s
[87.214s][info][gc,start       ] GC(765) Pause Young (Allocation Failure)
[87.230s][info][gc,heap        ] GC(765) PSYoungGen: 337303K(343552K)->4095K(345088K) Eden: 334743K(340992K)->0K(340992K) From: 2560K(2560K)->4095K(4096K)
[87.230s][info][gc,heap        ] GC(765) ParOldGen: 115942K(699392K)->161247K(699392K)
[87.230s][info][gc,metaspace   ] GC(765) Metaspace: 36178K(36544K)->36178K(36544K) NonClass: 32009K(32192K)->32009K(32192K) Class: 4168K(4352K)->4168K(4352K)
[87.230s][info][gc             ] GC(765) Pause Young (Allocation Failure) 442M->161M(1020M) 15.262ms
[87.230s][info][gc,cpu         ] GC(765) User=0.09s Sys=0.00s Real=0.02s
[87.535s][info][gc,start       ] GC(766) Pause Young (Allocation Failure)
[87.551s][info][gc,heap        ] GC(766) PSYoungGen: 338232K(345088K)->4089K(277504K) Eden: 334136K(340992K)->0K(273408K) From: 4095K(4096K)->4089K(4096K)
[87.551s][info][gc,heap        ] GC(766) ParOldGen: 161247K(699392K)->210162K(699392K)
[87.551s][info][gc,metaspace   ] GC(766) Metaspace: 36178K(36544K)->36178K(36544K) NonClass: 32009K(32192K)->32009K(32192K) Class: 4168K(4352K)->4168K(4352K)
[87.551s][info][gc             ] GC(766) Pause Young (Allocation Failure) 487M->209M(954M) 16.697ms
[87.551s][info][gc,cpu         ] GC(766) User=0.09s Sys=0.00s Real=0.02s
[87.800s][info][gc,start       ] GC(767) Pause Young (Allocation Failure)
[87.807s][info][gc,heap        ] GC(767) PSYoungGen: 277497K(277504K)->17778K(311296K) Eden: 273408K(273408K)->0K(273408K) From: 4089K(4096K)->17778K(37888K)
[87.807s][info][gc,heap        ] GC(767) ParOldGen: 210162K(699392K)->213365K(699392K)
[87.807s][info][gc,metaspace   ] GC(767) Metaspace: 36178K(36544K)->36178K(36544K) NonClass: 32009K(32192K)->32009K(32192K) Class: 4168K(4352K)->4168K(4352K)
[87.807s][info][gc             ] GC(767) Pause Young (Allocation Failure) 476M->225M(987M) 7.290ms
[87.807s][info][gc,cpu         ] GC(767) User=0.00s Sys=0.00s Real=0.01s
[88.052s][info][gc,start       ] GC(768) Pause Young (Allocation Failure)
[88.059s][info][gc,heap        ] GC(768) PSYoungGen: 291186K(311296K)->13540K(313344K) Eden: 273408K(273408K)->0K(275456K) From: 17778K(37888K)->13540K(37888K)
[88.059s][info][gc,heap        ] GC(768) ParOldGen: 213365K(699392K)->221253K(699392K)
[88.059s][info][gc,metaspace   ] GC(768) Metaspace: 36178K(36544K)->36178K(36544K) NonClass: 32009K(32192K)->32009K(32192K) Class: 4168K(4352K)->4168K(4352K)
[88.059s][info][gc             ] GC(768) Pause Young (Allocation Failure) 492M->229M(989M) 6.962ms
[88.059s][info][gc,cpu         ] GC(768) User=0.00s Sys=0.00s Real=0.01s
[88.297s][info][gc,start       ] GC(769) Pause Young (Allocation Failure)
[88.304s][info][gc,heap        ] GC(769) PSYoungGen: 284646K(313344K)->20579K(311296K) Eden: 271106K(275456K)->0K(275456K) From: 13540K(37888K)->20579K(35840K)
[88.304s][info][gc,heap        ] GC(769) ParOldGen: 221253K(699392K)->224107K(699392K)
[88.304s][info][gc,metaspace   ] GC(769) Metaspace: 36178K(36544K)->36178K(36544K) NonClass: 32009K(32192K)->32009K(32192K) Class: 4168K(4352K)->4168K(4352K)
[88.304s][info][gc             ] GC(769) Pause Young (Allocation Failure) 494M->238M(987M) 6.895ms
[88.304s][info][gc,cpu         ] GC(769) User=0.00s Sys=0.00s Real=0.01s
[88.554s][info][gc,start       ] GC(770) Pause Young (Allocation Failure)
[88.560s][info][gc,heap        ] GC(770) PSYoungGen: 295072K(311296K)->14550K(313856K) Eden: 274492K(275456K)->0K(276992K) From: 20579K(35840K)->14550K(36864K)
[88.560s][info][gc,heap        ] GC(770) ParOldGen: 224107K(699392K)->227260K(699392K)
[88.560s][info][gc,metaspace   ] GC(770) Metaspace: 36178K(36544K)->36178K(36544K) NonClass: 32009K(32192K)->32009K(32192K) Class: 4168K(4352K)->4168K(4352K)
[88.560s][info][gc             ] GC(770) Pause Young (Allocation Failure) 507M->236M(989M) 6.247ms
[88.560s][info][gc,cpu         ] GC(770) User=0.00s Sys=0.00s Real=0.01s
[88.793s][info][gc,start       ] GC(771) Pause Young (Allocation Failure)
[88.799s][info][gc,heap        ] GC(771) PSYoungGen: 291499K(313856K)->20508K(312320K) Eden: 276948K(276992K)->0K(276992K) From: 14550K(36864K)->20508K(35328K)
[88.799s][info][gc,heap        ] GC(771) ParOldGen: 227260K(699392K)->228367K(699392K)
[88.799s][info][gc,metaspace   ] GC(771) Metaspace: 36178K(36544K)->36178K(36544K) NonClass: 32009K(32192K)->32009K(32192K) Class: 4168K(4352K)->4168K(4352K)
[88.799s][info][gc             ] GC(771) Pause Young (Allocation Failure) 506M->243M(988M) 6.463ms
[88.799s][info][gc,cpu         ] GC(771) User=0.09s Sys=0.00s Real=0.01s
[89.037s][info][gc,start       ] GC(772) Pause Young (Allocation Failure)
[89.043s][info][gc,heap        ] GC(772) PSYoungGen: 297500K(312320K)->20379K(312320K) Eden: 276992K(276992K)->0K(276480K) From: 20508K(35328K)->20379K(35840K)
[89.043s][info][gc,heap        ] GC(772) ParOldGen: 228367K(699392K)->228740K(699392K)
[89.043s][info][gc,metaspace   ] GC(772) Metaspace: 36178K(36544K)->36178K(36544K) NonClass: 32009K(32192K)->32009K(32192K) Class: 4168K(4352K)->4168K(4352K)
[89.043s][info][gc             ] GC(772) Pause Young (Allocation Failure) 513M->243M(988M) 6.674ms
[89.043s][info][gc,cpu         ] GC(772) User=0.00s Sys=0.00s Real=0.01s
[89.281s][info][gc,start       ] GC(773) Pause Young (Allocation Failure)
[89.287s][info][gc,heap        ] GC(773) PSYoungGen: 296442K(312320K)->15602K(312832K) Eden: 276062K(276480K)->0K(276480K) From: 20379K(35840K)->15602K(36352K)
[89.287s][info][gc,heap        ] GC(773) ParOldGen: 228740K(699392K)->229143K(699392K)
[89.287s][info][gc,metaspace   ] GC(773) Metaspace: 36182K(36544K)->36182K(36544K) NonClass: 32014K(32192K)->32014K(32192K) Class: 4168K(4352K)->4168K(4352K)
[89.287s][info][gc             ] GC(773) Pause Young (Allocation Failure) 512M->239M(988M) 6.118ms
[89.287s][info][gc,cpu         ] GC(773) User=0.09s Sys=0.00s Real=0.01s
[89.534s][info][gc,start       ] GC(774) Pause Young (Allocation Failure)
[89.543s][info][gc,heap        ] GC(774) PSYoungGen: 291191K(312832K)->18726K(314880K) Eden: 275588K(276480K)->0K(280064K) From: 15602K(36352K)->18726K(34816K)
[89.543s][info][gc,heap        ] GC(774) ParOldGen: 229143K(699392K)->230094K(699392K)
[89.543s][info][gc,metaspace   ] GC(774) Metaspace: 36182K(36544K)->36182K(36544K) NonClass: 32014K(32192K)->32014K(32192K) Class: 4168K(4352K)->4168K(4352K)
[89.543s][info][gc             ] GC(774) Pause Young (Allocation Failure) 508M->242M(990M) 8.790ms
[89.543s][info][gc,cpu         ] GC(774) User=0.00s Sys=0.00s Real=0.01s
[89.775s][info][gc,start       ] GC(775) Pause Young (Allocation Failure)
[89.783s][info][gc,heap        ] GC(775) PSYoungGen: 298790K(314880K)->21512K(314368K) Eden: 280064K(280064K)->0K(280064K) From: 18726K(34816K)->21512K(34304K)
[89.783s][info][gc,heap        ] GC(775) ParOldGen: 230094K(699392K)->235934K(699392K)
[89.783s][info][gc,metaspace   ] GC(775) Metaspace: 36185K(36544K)->36185K(36544K) NonClass: 32016K(32192K)->32016K(32192K) Class: 4168K(4352K)->4168K(4352K)
[89.783s][info][gc             ] GC(775) Pause Young (Allocation Failure) 516M->251M(990M) 8.356ms
[89.783s][info][gc,cpu         ] GC(775) User=0.09s Sys=0.00s Real=0.01s
[90.018s][info][gc,start       ] GC(776) Pause Young (Allocation Failure)
[90.026s][info][gc,heap        ] GC(776) PSYoungGen: 298239K(314368K)->14004K(315904K) Eden: 276727K(280064K)->0K(281088K) From: 21512K(34304K)->14004K(34816K)
[90.026s][info][gc,heap        ] GC(776) ParOldGen: 235934K(699392K)->242238K(699392K)
[90.026s][info][gc,metaspace   ] GC(776) Metaspace: 36185K(36544K)->36185K(36544K) NonClass: 32016K(32192K)->32016K(32192K) Class: 4168K(4352K)->4168K(4352K)
[90.026s][info][gc             ] GC(776) Pause Young (Allocation Failure) 521M->250M(991M) 7.493ms
[90.026s][info][gc,cpu         ] GC(776) User=0.00s Sys=0.00s Real=0.01s
[90.265s][info][gc,start       ] GC(777) Pause Young (Allocation Failure)
[90.271s][info][gc,heap        ] GC(777) PSYoungGen: 295092K(315904K)->10451K(314368K) Eden: 281088K(281088K)->0K(281088K) From: 14004K(34816K)->10451K(33280K)
[90.271s][info][gc,heap        ] GC(777) ParOldGen: 242238K(699392K)->243498K(699392K)
[90.271s][info][gc,metaspace   ] GC(777) Metaspace: 36187K(36544K)->36187K(36544K) NonClass: 32018K(32192K)->32018K(32192K) Class: 4168K(4352K)->4168K(4352K)
[90.271s][info][gc             ] GC(777) Pause Young (Allocation Failure) 524M->247M(990M) 5.243ms
[90.271s][info][gc,cpu         ] GC(777) User=0.02s Sys=0.00s Real=0.00s
[90.325s][info][gc,start       ] GC(778) Pause Young (System.gc())
[90.328s][info][gc,heap        ] GC(778) PSYoungGen: 73882K(314368K)->5984K(316928K) Eden: 63431K(281088K)->0K(284672K) From: 10451K(33280K)->5984K(32256K)
[90.328s][info][gc,heap        ] GC(778) ParOldGen: 243498K(699392K)->245116K(699392K)
[90.328s][info][gc,metaspace   ] GC(778) Metaspace: 36188K(36544K)->36188K(36544K) NonClass: 32020K(32192K)->32020K(32192K) Class: 4168K(4352K)->4168K(4352K)
[90.328s][info][gc             ] GC(778) Pause Young (System.gc()) 309M->245M(992M) 3.144ms
[90.328s][info][gc,cpu         ] GC(778) User=0.00s Sys=0.00s Real=0.01s
[90.328s][info][gc,start       ] GC(779) Pause Full (System.gc())
[90.328s][info][gc,phases,start] GC(779) Marking Phase
[90.344s][info][gc,phases      ] GC(779) Marking Phase 15.654ms
[90.344s][info][gc,phases,start] GC(779) Summary Phase
[90.344s][info][gc,phases      ] GC(779) Summary Phase 0.017ms
[90.344s][info][gc,phases,start] GC(779) Adjust Roots
[90.347s][info][gc,phases      ] GC(779) Adjust Roots 3.236ms
[90.347s][info][gc,phases,start] GC(779) Compaction Phase
[90.356s][info][gc,phases      ] GC(779) Compaction Phase 8.884ms
[90.356s][info][gc,phases,start] GC(779) Post Compact
[90.357s][info][gc,phases      ] GC(779) Post Compact 1.034ms
[90.357s][info][gc,heap        ] GC(779) PSYoungGen: 5984K(316928K)->0K(316928K) Eden: 0K(284672K)->0K(284672K) From: 5984K(32256K)->0K(32256K)
[90.357s][info][gc,heap        ] GC(779) ParOldGen: 245116K(699392K)->112770K(699392K)
[90.357s][info][gc,metaspace   ] GC(779) Metaspace: 36188K(36544K)->36188K(36544K) NonClass: 32020K(32192K)->32020K(32192K) Class: 4168K(4352K)->4168K(4352K)
[90.357s][info][gc             ] GC(779) Pause Full (System.gc()) 245M->110M(992M) 29.146ms
[90.357s][info][gc,cpu         ] GC(779) User=0.03s Sys=0.00s Real=0.03s
[90.403s][info][gc,start       ] GC(780) Pause Young (Allocation Failure)
[90.403s][info][gc,heap        ] GC(780) PSYoungGen: 284672K(316928K)->192K(285184K) Eden: 284672K(284672K)->0K(284672K) From: 0K(32256K)->192K(512K)
[90.403s][info][gc,heap        ] GC(780) ParOldGen: 112770K(699392K)->112770K(699392K)
[90.404s][info][gc,metaspace   ] GC(780) Metaspace: 36193K(36544K)->36193K(36544K) NonClass: 32024K(32192K)->32024K(32192K) Class: 4168K(4352K)->4168K(4352K)
[90.404s][info][gc             ] GC(780) Pause Young (Allocation Failure) 388M->110M(961M) 0.389ms
[90.404s][info][gc,cpu         ] GC(780) User=0.00s Sys=0.00s Real=0.00s
[90.447s][info][gc,start       ] GC(781) Pause Young (Allocation Failure)
[90.447s][info][gc,heap        ] GC(781) PSYoungGen: 284864K(285184K)->192K(316416K) Eden: 284672K(284672K)->0K(283648K) From: 192K(512K)->192K(32768K)
[90.447s][info][gc,heap        ] GC(781) ParOldGen: 112770K(699392K)->112818K(699392K)
[90.447s][info][gc,metaspace   ] GC(781) Metaspace: 36193K(36544K)->36193K(36544K) NonClass: 32024K(32192K)->32024K(32192K) Class: 4168K(4352K)->4168K(4352K)
[90.447s][info][gc             ] GC(781) Pause Young (Allocation Failure) 388M->110M(992M) 0.392ms
[90.447s][info][gc,cpu         ] GC(781) User=0.00s Sys=0.00s Real=0.00s
[90.491s][info][gc,start       ] GC(782) Pause Young (Allocation Failure)
[90.491s][info][gc,heap        ] GC(782) PSYoungGen: 283840K(316416K)->192K(316416K) Eden: 283648K(283648K)->0K(283648K) From: 192K(32768K)->192K(32768K)
[90.491s][info][gc,heap        ] GC(782) ParOldGen: 112818K(699392K)->112818K(699392K)
[90.491s][info][gc,metaspace   ] GC(782) Metaspace: 36193K(36544K)->36193K(36544K) NonClass: 32024K(32192K)->32024K(32192K) Class: 4168K(4352K)->4168K(4352K)
[90.491s][info][gc             ] GC(782) Pause Young (Allocation Failure) 387M->110M(992M) 0.352ms
[90.491s][info][gc,cpu         ] GC(782) User=0.00s Sys=0.00s Real=0.00s
[90.534s][info][gc,start       ] GC(783) Pause Young (Allocation Failure)
[90.535s][info][gc,heap        ] GC(783) PSYoungGen: 283840K(316416K)->192K(317440K) Eden: 283648K(283648K)->0K(285184K) From: 192K(32768K)->192K(32256K)
[90.535s][info][gc,heap        ] GC(783) ParOldGen: 112818K(699392K)->112818K(699392K)
[90.535s][info][gc,metaspace   ] GC(783) Metaspace: 36193K(36544K)->36193K(36544K) NonClass: 32024K(32192K)->32024K(32192K) Class: 4168K(4352K)->4168K(4352K)
[90.535s][info][gc             ] GC(783) Pause Young (Allocation Failure) 387M->110M(993M) 0.386ms
[90.535s][info][gc,cpu         ] GC(783) User=0.00s Sys=0.00s Real=0.00s
[90.578s][info][gc,start       ] GC(784) Pause Young (Allocation Failure)
[90.578s][info][gc,heap        ] GC(784) PSYoungGen: 285376K(317440K)->160K(316928K) Eden: 285184K(285184K)->0K(285184K) From: 192K(32256K)->160K(31744K)
[90.578s][info][gc,heap        ] GC(784) ParOldGen: 112818K(699392K)->112818K(699392K)
[90.578s][info][gc,metaspace   ] GC(784) Metaspace: 36193K(36544K)->36193K(36544K) NonClass: 32024K(32192K)->32024K(32192K) Class: 4168K(4352K)->4168K(4352K)
[90.578s][info][gc             ] GC(784) Pause Young (Allocation Failure) 388M->110M(992M) 0.371ms
[90.578s][info][gc,cpu         ] GC(784) User=0.00s Sys=0.00s Real=0.00s
[90.620s][info][gc,start       ] GC(785) Pause Young (Allocation Failure)
[90.621s][info][gc,heap        ] GC(785) PSYoungGen: 285344K(316928K)->160K(318976K) Eden: 285184K(285184K)->0K(287744K) From: 160K(31744K)->160K(31232K)
[90.621s][info][gc,heap        ] GC(785) ParOldGen: 112818K(699392K)->112818K(699392K)
[90.621s][info][gc,metaspace   ] GC(785) Metaspace: 36193K(36544K)->36193K(36544K) NonClass: 32024K(32192K)->32024K(32192K) Class: 4168K(4352K)->4168K(4352K)
[90.621s][info][gc             ] GC(785) Pause Young (Allocation Failure) 388M->110M(994M) 0.373ms
[90.621s][info][gc,cpu         ] GC(785) User=0.00s Sys=0.00s Real=0.00s
[90.666s][info][gc,start       ] GC(786) Pause Young (Allocation Failure)
[90.667s][info][gc,heap        ] GC(786) PSYoungGen: 287904K(318976K)->192K(317952K) Eden: 287744K(287744K)->0K(287744K) From: 160K(31232K)->192K(30208K)
[90.667s][info][gc,heap        ] GC(786) ParOldGen: 112818K(699392K)->112818K(699392K)
[90.667s][info][gc,metaspace   ] GC(786) Metaspace: 36193K(36544K)->36193K(36544K) NonClass: 32024K(32192K)->32024K(32192K) Class: 4168K(4352K)->4168K(4352K)
[90.667s][info][gc             ] GC(786) Pause Young (Allocation Failure) 391M->110M(993M) 0.733ms
[90.667s][info][gc,cpu         ] GC(786) User=0.00s Sys=0.00s Real=0.00s
[90.711s][info][gc,start       ] GC(787) Pause Young (Allocation Failure)
[90.711s][info][gc,heap        ] GC(787) PSYoungGen: 287936K(317952K)->160K(321024K) Eden: 287744K(287744K)->0K(291840K) From: 192K(30208K)->160K(29184K)
[90.711s][info][gc,heap        ] GC(787) ParOldGen: 112818K(699392K)->112818K(699392K)
[90.711s][info][gc,metaspace   ] GC(787) Metaspace: 36193K(36544K)->36193K(36544K) NonClass: 32024K(32192K)->32024K(32192K) Class: 4168K(4352K)->4168K(4352K)
[90.711s][info][gc             ] GC(787) Pause Young (Allocation Failure) 391M->110M(996M) 0.352ms
[90.711s][info][gc,cpu         ] GC(787) User=0.00s Sys=0.00s Real=0.00s
[90.755s][info][gc,start       ] GC(788) Pause Young (Allocation Failure)
[90.755s][info][gc,heap        ] GC(788) PSYoungGen: 292000K(321024K)->160K(320000K) Eden: 291840K(291840K)->0K(291840K) From: 160K(29184K)->160K(28160K)
[90.755s][info][gc,heap        ] GC(788) ParOldGen: 112818K(699392K)->112818K(699392K)
[90.755s][info][gc,metaspace   ] GC(788) Metaspace: 36193K(36544K)->36193K(36544K) NonClass: 32024K(32192K)->32024K(32192K) Class: 4168K(4352K)->4168K(4352K)
[90.755s][info][gc             ] GC(788) Pause Young (Allocation Failure) 395M->110M(995M) 0.456ms
[90.755s][info][gc,cpu         ] GC(788) User=0.00s Sys=0.00s Real=0.00s
[90.802s][info][gc,start       ] GC(789) Pause Young (Allocation Failure)
[90.802s][info][gc,heap        ] GC(789) PSYoungGen: 292000K(320000K)->192K(323584K) Eden: 291840K(291840K)->0K(296448K) From: 160K(28160K)->192K(27136K)
[90.802s][info][gc,heap        ] GC(789) ParOldGen: 112818K(699392K)->112818K(699392K)
[90.802s][info][gc,metaspace   ] GC(789) Metaspace: 36193K(36544K)->36193K(36544K) NonClass: 32024K(32192K)->32024K(32192K) Class: 4168K(4352K)->4168K(4352K)
[90.802s][info][gc             ] GC(789) Pause Young (Allocation Failure) 395M->110M(999M) 0.376ms
[90.802s][info][gc,cpu         ] GC(789) User=0.00s Sys=0.00s Real=0.00s
[90.847s][info][gc,start       ] GC(790) Pause Young (Allocation Failure)
[90.847s][info][gc,heap        ] GC(790) PSYoungGen: 296640K(323584K)->160K(322048K) Eden: 296448K(296448K)->0K(296448K) From: 192K(27136K)->160K(25600K)
[90.847s][info][gc,heap        ] GC(790) ParOldGen: 112818K(699392K)->112818K(699392K)
[90.847s][info][gc,metaspace   ] GC(790) Metaspace: 36193K(36544K)->36193K(36544K) NonClass: 32024K(32192K)->32024K(32192K) Class: 4168K(4352K)->4168K(4352K)
[90.847s][info][gc             ] GC(790) Pause Young (Allocation Failure) 399M->110M(997M) 0.431ms
[90.847s][info][gc,cpu         ] GC(790) User=0.00s Sys=0.00s Real=0.00s
[90.892s][info][gc,start       ] GC(791) Pause Young (Allocation Failure)
[90.893s][info][gc,heap        ] GC(791) PSYoungGen: 296608K(322048K)->160K(326144K) Eden: 296448K(296448K)->0K(301568K) From: 160K(25600K)->160K(24576K)
[90.893s][info][gc,heap        ] GC(791) ParOldGen: 112818K(699392K)->112818K(699392K)
[90.893s][info][gc,metaspace   ] GC(791) Metaspace: 36193K(36544K)->36193K(36544K) NonClass: 32024K(32192K)->32024K(32192K) Class: 4168K(4352K)->4168K(4352K)
[90.893s][info][gc             ] GC(791) Pause Young (Allocation Failure) 399M->110M(1001M) 0.409ms
[90.893s][info][gc,cpu         ] GC(791) User=0.00s Sys=0.00s Real=0.00s
[90.939s][info][gc,start       ] GC(792) Pause Young (Allocation Failure)
[90.940s][info][gc,heap        ] GC(792) PSYoungGen: 301728K(326144K)->128K(324608K) Eden: 301568K(301568K)->0K(301568K) From: 160K(24576K)->128K(23040K)
[90.940s][info][gc,heap        ] GC(792) ParOldGen: 112818K(699392K)->112818K(699392K)
[90.940s][info][gc,metaspace   ] GC(792) Metaspace: 36193K(36544K)->36193K(36544K) NonClass: 32024K(32192K)->32024K(32192K) Class: 4168K(4352K)->4168K(4352K)
[90.940s][info][gc             ] GC(792) Pause Young (Allocation Failure) 404M->110M(1000M) 0.407ms
[90.940s][info][gc,cpu         ] GC(792) User=0.00s Sys=0.00s Real=0.00s
[90.988s][info][gc,start       ] GC(793) Pause Young (Allocation Failure)
[90.988s][info][gc,heap        ] GC(793) PSYoungGen: 301696K(324608K)->160K(328192K) Eden: 301568K(301568K)->0K(306176K) From: 128K(23040K)->160K(22016K)
[90.988s][info][gc,heap        ] GC(793) ParOldGen: 112818K(699392K)->112818K(699392K)
[90.988s][info][gc,metaspace   ] GC(793) Metaspace: 36193K(36544K)->36193K(36544K) NonClass: 32024K(32192K)->32024K(32192K) Class: 4168K(4352K)->4168K(4352K)
[90.988s][info][gc             ] GC(793) Pause Young (Allocation Failure) 404M->110M(1003M) 0.405ms
[90.988s][info][gc,cpu         ] GC(793) User=0.00s Sys=0.00s Real=0.00s
[91.036s][info][gc,start       ] GC(794) Pause Young (Allocation Failure)
[91.036s][info][gc,heap        ] GC(794) PSYoungGen: 306336K(328192K)->160K(327168K) Eden: 306176K(306176K)->0K(306176K) From: 160K(22016K)->160K(20992K)
[91.036s][info][gc,heap        ] GC(794) ParOldGen: 112818K(699392K)->112818K(699392K)
[91.036s][info][gc,metaspace   ] GC(794) Metaspace: 36193K(36544K)->36193K(36544K) NonClass: 32024K(32192K)->32024K(32192K) Class: 4168K(4352K)->4168K(4352K)
[91.036s][info][gc             ] GC(794) Pause Young (Allocation Failure) 409M->110M(1002M) 0.385ms
[91.036s][info][gc,cpu         ] GC(794) User=0.00s Sys=0.00s Real=0.00s
[91.099s][info][gc,start       ] GC(795) Pause Young (Allocation Failure)
[91.099s][info][gc,heap        ] GC(795) PSYoungGen: 306336K(327168K)->192K(330752K) Eden: 306176K(306176K)->0K(311296K) From: 160K(20992K)->192K(19456K)
[91.099s][info][gc,heap        ] GC(795) ParOldGen: 112818K(699392K)->112818K(699392K)
[91.099s][info][gc,metaspace   ] GC(795) Metaspace: 36193K(36544K)->36193K(36544K) NonClass: 32024K(32192K)->32024K(32192K) Class: 4168K(4352K)->4168K(4352K)
[91.099s][info][gc             ] GC(795) Pause Young (Allocation Failure) 409M->110M(1006M) 0.441ms
[91.099s][info][gc,cpu         ] GC(795) User=0.00s Sys=0.00s Real=0.00s
[91.160s][info][gc,start       ] GC(796) Pause Young (Allocation Failure)
[91.160s][info][gc,heap        ] GC(796) PSYoungGen: 311488K(330752K)->160K(329728K) Eden: 311296K(311296K)->0K(311296K) From: 192K(19456K)->160K(18432K)
[91.160s][info][gc,heap        ] GC(796) ParOldGen: 112818K(699392K)->112866K(699392K)
[91.160s][info][gc,metaspace   ] GC(796) Metaspace: 36193K(36544K)->36193K(36544K) NonClass: 32024K(32192K)->32024K(32192K) Class: 4168K(4352K)->4168K(4352K)
[91.160s][info][gc             ] GC(796) Pause Young (Allocation Failure) 414M->110M(1005M) 0.460ms
[91.160s][info][gc,cpu         ] GC(796) User=0.00s Sys=0.00s Real=0.00s
[91.218s][info][gc,start       ] GC(797) Pause Young (Allocation Failure)
[91.219s][info][gc,heap        ] GC(797) PSYoungGen: 311456K(329728K)->160K(332800K) Eden: 311296K(311296K)->0K(315392K) From: 160K(18432K)->160K(17408K)
[91.219s][info][gc,heap        ] GC(797) ParOldGen: 112866K(699392K)->112866K(699392K)
[91.219s][info][gc,metaspace   ] GC(797) Metaspace: 36193K(36544K)->36193K(36544K) NonClass: 32024K(32192K)->32024K(32192K) Class: 4168K(4352K)->4168K(4352K)
[91.219s][info][gc             ] GC(797) Pause Young (Allocation Failure) 414M->110M(1008M) 0.420ms
[91.219s][info][gc,cpu         ] GC(797) User=0.02s Sys=0.00s Real=0.00s
[91.278s][info][gc,start       ] GC(798) Pause Young (Allocation Failure)
[91.278s][info][gc,heap        ] GC(798) PSYoungGen: 315552K(332800K)->160K(331776K) Eden: 315392K(315392K)->0K(315392K) From: 160K(17408K)->160K(16384K)
[91.278s][info][gc,heap        ] GC(798) ParOldGen: 112866K(699392K)->112866K(699392K)
[91.278s][info][gc,metaspace   ] GC(798) Metaspace: 36193K(36544K)->36193K(36544K) NonClass: 32024K(32192K)->32024K(32192K) Class: 4168K(4352K)->4168K(4352K)
[91.278s][info][gc             ] GC(798) Pause Young (Allocation Failure) 418M->110M(1007M) 0.400ms
[91.278s][info][gc,cpu         ] GC(798) User=0.00s Sys=0.00s Real=0.00s
[91.336s][info][gc,start       ] GC(799) Pause Young (Allocation Failure)
[91.337s][info][gc,heap        ] GC(799) PSYoungGen: 315552K(331776K)->192K(334848K) Eden: 315392K(315392K)->0K(319488K) From: 160K(16384K)->192K(15360K)
[91.337s][info][gc,heap        ] GC(799) ParOldGen: 112866K(699392K)->112866K(699392K)
[91.337s][info][gc,metaspace   ] GC(799) Metaspace: 36193K(36544K)->36193K(36544K) NonClass: 32024K(32192K)->32024K(32192K) Class: 4168K(4352K)->4168K(4352K)
[91.337s][info][gc             ] GC(799) Pause Young (Allocation Failure) 418M->110M(1010M) 0.537ms
[91.337s][info][gc,cpu         ] GC(799) User=0.00s Sys=0.00s Real=0.00s
[91.397s][info][gc,start       ] GC(800) Pause Young (Allocation Failure)
[91.398s][info][gc,heap        ] GC(800) PSYoungGen: 319680K(334848K)->160K(333824K) Eden: 319488K(319488K)->0K(319488K) From: 192K(15360K)->160K(14336K)
[91.398s][info][gc,heap        ] GC(800) ParOldGen: 112866K(699392K)->112866K(699392K)
[91.398s][info][gc,metaspace   ] GC(800) Metaspace: 36193K(36544K)->36193K(36544K) NonClass: 32024K(32192K)->32024K(32192K) Class: 4168K(4352K)->4168K(4352K)
[91.398s][info][gc             ] GC(800) Pause Young (Allocation Failure) 422M->110M(1009M) 0.459ms
[91.398s][info][gc,cpu         ] GC(800) User=0.00s Sys=0.00s Real=0.00s
[91.456s][info][gc,start       ] GC(801) Pause Young (Allocation Failure)
[91.457s][info][gc,heap        ] GC(801) PSYoungGen: 319648K(333824K)->160K(336896K) Eden: 319488K(319488K)->0K(323584K) From: 160K(14336K)->160K(13312K)
[91.457s][info][gc,heap        ] GC(801) ParOldGen: 112866K(699392K)->112866K(699392K)
[91.457s][info][gc,metaspace   ] GC(801) Metaspace: 36193K(36544K)->36193K(36544K) NonClass: 32024K(32192K)->32024K(32192K) Class: 4168K(4352K)->4168K(4352K)
[91.457s][info][gc             ] GC(801) Pause Young (Allocation Failure) 422M->110M(1012M) 0.436ms
[91.457s][info][gc,cpu         ] GC(801) User=0.00s Sys=0.00s Real=0.00s
[91.518s][info][gc,start       ] GC(802) Pause Young (Allocation Failure)
[91.518s][info][gc,heap        ] GC(802) PSYoungGen: 323744K(336896K)->192K(335872K) Eden: 323584K(323584K)->0K(323584K) From: 160K(13312K)->192K(12288K)
[91.518s][info][gc,heap        ] GC(802) ParOldGen: 112866K(699392K)->112866K(699392K)
[91.518s][info][gc,metaspace   ] GC(802) Metaspace: 36193K(36544K)->36193K(36544K) NonClass: 32024K(32192K)->32024K(32192K) Class: 4168K(4352K)->4168K(4352K)
[91.518s][info][gc             ] GC(802) Pause Young (Allocation Failure) 426M->110M(1011M) 0.444ms
[91.518s][info][gc,cpu         ] GC(802) User=0.00s Sys=0.00s Real=0.00s
[91.579s][info][gc,start       ] GC(803) Pause Young (Allocation Failure)
[91.579s][info][gc,heap        ] GC(803) PSYoungGen: 323776K(335872K)->160K(338432K) Eden: 323584K(323584K)->0K(326656K) From: 192K(12288K)->160K(11776K)
[91.579s][info][gc,heap        ] GC(803) ParOldGen: 112866K(699392K)->112866K(699392K)
[91.579s][info][gc,metaspace   ] GC(803) Metaspace: 36193K(36544K)->36193K(36544K) NonClass: 32024K(32192K)->32024K(32192K) Class: 4168K(4352K)->4168K(4352K)
[91.579s][info][gc             ] GC(803) Pause Young (Allocation Failure) 426M->110M(1013M) 0.415ms
[91.579s][info][gc,cpu         ] GC(803) User=0.00s Sys=0.00s Real=0.00s
[91.641s][info][gc,start       ] GC(804) Pause Young (Allocation Failure)
[91.641s][info][gc,heap        ] GC(804) PSYoungGen: 326816K(338432K)->160K(337408K) Eden: 326656K(326656K)->0K(326656K) From: 160K(11776K)->160K(10752K)
[91.641s][info][gc,heap        ] GC(804) ParOldGen: 112866K(699392K)->112866K(699392K)
[91.641s][info][gc,metaspace   ] GC(804) Metaspace: 36193K(36544K)->36193K(36544K) NonClass: 32024K(32192K)->32024K(32192K) Class: 4168K(4352K)->4168K(4352K)
[91.641s][info][gc             ] GC(804) Pause Young (Allocation Failure) 429M->110M(1012M) 0.429ms
[91.641s][info][gc,cpu         ] GC(804) User=0.00s Sys=0.00s Real=0.00s
[91.707s][info][gc,start       ] GC(805) Pause Young (Allocation Failure)
[91.708s][info][gc,heap        ] GC(805) PSYoungGen: 326816K(337408K)->160K(339968K) Eden: 326656K(326656K)->0K(329728K) From: 160K(10752K)->160K(10240K)
[91.708s][info][gc,heap        ] GC(805) ParOldGen: 112866K(699392K)->112866K(699392K)
[91.708s][info][gc,metaspace   ] GC(805) Metaspace: 36193K(36544K)->36193K(36544K) NonClass: 32024K(32192K)->32024K(32192K) Class: 4168K(4352K)->4168K(4352K)
[91.708s][info][gc             ] GC(805) Pause Young (Allocation Failure) 429M->110M(1015M) 0.401ms
[91.708s][info][gc,cpu         ] GC(805) User=0.00s Sys=0.00s Real=0.00s
[91.770s][info][gc,start       ] GC(806) Pause Young (Allocation Failure)
[91.771s][info][gc,heap        ] GC(806) PSYoungGen: 329888K(339968K)->160K(338944K) Eden: 329728K(329728K)->0K(329728K) From: 160K(10240K)->160K(9216K)
[91.771s][info][gc,heap        ] GC(806) ParOldGen: 112866K(699392K)->112866K(699392K)
[91.771s][info][gc,metaspace   ] GC(806) Metaspace: 36193K(36544K)->36193K(36544K) NonClass: 32024K(32192K)->32024K(32192K) Class: 4168K(4352K)->4168K(4352K)
[91.771s][info][gc             ] GC(806) Pause Young (Allocation Failure) 432M->110M(1014M) 0.414ms
[91.771s][info][gc,cpu         ] GC(806) User=0.00s Sys=0.00s Real=0.00s
[91.830s][info][gc,start       ] GC(807) Pause Young (Allocation Failure)
[91.830s][info][gc,heap        ] GC(807) PSYoungGen: 329888K(338944K)->192K(340992K) Eden: 329728K(329728K)->0K(332288K) From: 160K(9216K)->192K(8704K)
[91.830s][info][gc,heap        ] GC(807) ParOldGen: 112866K(699392K)->112866K(699392K)
[91.830s][info][gc,metaspace   ] GC(807) Metaspace: 36193K(36544K)->36193K(36544K) NonClass: 32024K(32192K)->32024K(32192K) Class: 4168K(4352K)->4168K(4352K)
[91.830s][info][gc             ] GC(807) Pause Young (Allocation Failure) 432M->110M(1016M) 0.405ms
[91.830s][info][gc,cpu         ] GC(807) User=0.00s Sys=0.00s Real=0.00s
[91.892s][info][gc,start       ] GC(808) Pause Young (Allocation Failure)
[91.892s][info][gc,heap        ] GC(808) PSYoungGen: 332480K(340992K)->160K(340480K) Eden: 332288K(332288K)->0K(332288K) From: 192K(8704K)->160K(8192K)
[91.893s][info][gc,heap        ] GC(808) ParOldGen: 112866K(699392K)->112866K(699392K)
[91.893s][info][gc,metaspace   ] GC(808) Metaspace: 36193K(36544K)->36193K(36544K) NonClass: 32024K(32192K)->32024K(32192K) Class: 4168K(4352K)->4168K(4352K)
[91.893s][info][gc             ] GC(808) Pause Young (Allocation Failure) 434M->110M(1015M) 0.434ms
[91.893s][info][gc,cpu         ] GC(808) User=0.00s Sys=0.00s Real=0.00s
[91.955s][info][gc,start       ] GC(809) Pause Young (Allocation Failure)
[91.956s][info][gc,heap        ] GC(809) PSYoungGen: 332448K(340480K)->160K(342016K) Eden: 332288K(332288K)->0K(334336K) From: 160K(8192K)->160K(7680K)
[91.956s][info][gc,heap        ] GC(809) ParOldGen: 112866K(699392K)->112866K(699392K)
[91.956s][info][gc,metaspace   ] GC(809) Metaspace: 36193K(36544K)->36193K(36544K) NonClass: 32024K(32192K)->32024K(32192K) Class: 4168K(4352K)->4168K(4352K)
[91.956s][info][gc             ] GC(809) Pause Young (Allocation Failure) 434M->110M(1017M) 0.427ms
[91.956s][info][gc,cpu         ] GC(809) User=0.00s Sys=0.00s Real=0.00s
[92.018s][info][gc,start       ] GC(810) Pause Young (Allocation Failure)
[92.018s][info][gc,heap        ] GC(810) PSYoungGen: 334496K(342016K)->160K(341504K) Eden: 334336K(334336K)->0K(334336K) From: 160K(7680K)->160K(7168K)
[92.018s][info][gc,heap        ] GC(810) ParOldGen: 112866K(699392K)->112866K(699392K)
[92.018s][info][gc,metaspace   ] GC(810) Metaspace: 36193K(36544K)->36193K(36544K) NonClass: 32024K(32192K)->32024K(32192K) Class: 4168K(4352K)->4168K(4352K)
[92.018s][info][gc             ] GC(810) Pause Young (Allocation Failure) 436M->110M(1016M) 0.413ms
[92.018s][info][gc,cpu         ] GC(810) User=0.00s Sys=0.00s Real=0.00s
[92.080s][info][gc,start       ] GC(811) Pause Young (Allocation Failure)
[92.081s][info][gc,heap        ] GC(811) PSYoungGen: 334496K(341504K)->192K(343040K) Eden: 334336K(334336K)->0K(336384K) From: 160K(7168K)->192K(6656K)
[92.081s][info][gc,heap        ] GC(811) ParOldGen: 112866K(699392K)->112866K(699392K)
[92.081s][info][gc,metaspace   ] GC(811) Metaspace: 36193K(36544K)->36193K(36544K) NonClass: 32024K(32192K)->32024K(32192K) Class: 4168K(4352K)->4168K(4352K)
[92.081s][info][gc             ] GC(811) Pause Young (Allocation Failure) 436M->110M(1018M) 0.391ms
[92.081s][info][gc,cpu         ] GC(811) User=0.00s Sys=0.00s Real=0.00s
[92.144s][info][gc,start       ] GC(812) Pause Young (Allocation Failure)
[92.145s][info][gc,heap        ] GC(812) PSYoungGen: 336576K(343040K)->192K(342528K) Eden: 336384K(336384K)->0K(336384K) From: 192K(6656K)->192K(6144K)
[92.145s][info][gc,heap        ] GC(812) ParOldGen: 112866K(699392K)->112866K(699392K)
[92.145s][info][gc,metaspace   ] GC(812) Metaspace: 36193K(36544K)->36193K(36544K) NonClass: 32024K(32192K)->32024K(32192K) Class: 4168K(4352K)->4168K(4352K)
[92.145s][info][gc             ] GC(812) Pause Young (Allocation Failure) 438M->110M(1017M) 0.439ms
[92.145s][info][gc,cpu         ] GC(812) User=0.00s Sys=0.00s Real=0.00s
[92.207s][info][gc,start       ] GC(813) Pause Young (Allocation Failure)
[92.207s][info][gc,heap        ] GC(813) PSYoungGen: 336576K(342528K)->160K(344064K) Eden: 336384K(336384K)->0K(338432K) From: 192K(6144K)->160K(5632K)
[92.207s][info][gc,heap        ] GC(813) ParOldGen: 112866K(699392K)->112866K(699392K)
[92.207s][info][gc,metaspace   ] GC(813) Metaspace: 36193K(36544K)->36193K(36544K) NonClass: 32024K(32192K)->32024K(32192K) Class: 4168K(4352K)->4168K(4352K)
[92.207s][info][gc             ] GC(813) Pause Young (Allocation Failure) 438M->110M(1019M) 0.417ms
[92.207s][info][gc,cpu         ] GC(813) User=0.00s Sys=0.00s Real=0.00s
[92.272s][info][gc,start       ] GC(814) Pause Young (Allocation Failure)
[92.272s][info][gc,heap        ] GC(814) PSYoungGen: 338592K(344064K)->192K(343552K) Eden: 338432K(338432K)->0K(338432K) From: 160K(5632K)->192K(5120K)
[92.272s][info][gc,heap        ] GC(814) ParOldGen: 112866K(699392K)->112866K(699392K)
[92.272s][info][gc,metaspace   ] GC(814) Metaspace: 36193K(36544K)->36193K(36544K) NonClass: 32024K(32192K)->32024K(32192K) Class: 4168K(4352K)->4168K(4352K)
[92.272s][info][gc             ] GC(814) Pause Young (Allocation Failure) 440M->110M(1018M) 0.408ms
[92.272s][info][gc,cpu         ] GC(814) User=0.00s Sys=0.00s Real=0.00s
[92.339s][info][gc,start       ] GC(815) Pause Young (Allocation Failure)
[92.339s][info][gc,heap        ] GC(815) PSYoungGen: 338624K(343552K)->192K(344576K) Eden: 338432K(338432K)->0K(339968K) From: 192K(5120K)->192K(4608K)
[92.339s][info][gc,heap        ] GC(815) ParOldGen: 112866K(699392K)->112866K(699392K)
[92.339s][info][gc,metaspace   ] GC(815) Metaspace: 36193K(36544K)->36193K(36544K) NonClass: 32024K(32192K)->32024K(32192K) Class: 4168K(4352K)->4168K(4352K)
[92.339s][info][gc             ] GC(815) Pause Young (Allocation Failure) 440M->110M(1019M) 0.419ms
[92.339s][info][gc,cpu         ] GC(815) User=0.00s Sys=0.00s Real=0.00s
[92.403s][info][gc,start       ] GC(816) Pause Young (Allocation Failure)
[92.403s][info][gc,heap        ] GC(816) PSYoungGen: 340160K(344576K)->160K(344576K) Eden: 339968K(339968K)->0K(339968K) From: 192K(4608K)->160K(4608K)
[92.403s][info][gc,heap        ] GC(816) ParOldGen: 112866K(699392K)->112866K(699392K)
[92.403s][info][gc,metaspace   ] GC(816) Metaspace: 36193K(36544K)->36193K(36544K) NonClass: 32024K(32192K)->32024K(32192K) Class: 4168K(4352K)->4168K(4352K)
[92.403s][info][gc             ] GC(816) Pause Young (Allocation Failure) 442M->110M(1019M) 0.442ms
[92.403s][info][gc,cpu         ] GC(816) User=0.00s Sys=0.00s Real=0.00s
[92.468s][info][gc,start       ] GC(817) Pause Young (Allocation Failure)
[92.468s][info][gc,heap        ] GC(817) PSYoungGen: 340128K(344576K)->160K(345088K) Eden: 339968K(339968K)->0K(340992K) From: 160K(4608K)->160K(4096K)
[92.468s][info][gc,heap        ] GC(817) ParOldGen: 112866K(699392K)->112866K(699392K)
[92.468s][info][gc,metaspace   ] GC(817) Metaspace: 36193K(36544K)->36193K(36544K) NonClass: 32024K(32192K)->32024K(32192K) Class: 4168K(4352K)->4168K(4352K)
[92.468s][info][gc             ] GC(817) Pause Young (Allocation Failure) 442M->110M(1020M) 0.429ms
[92.468s][info][gc,cpu         ] GC(817) User=0.00s Sys=0.00s Real=0.00s
[92.532s][info][gc,start       ] GC(818) Pause Young (Allocation Failure)
[92.533s][info][gc,heap        ] GC(818) PSYoungGen: 341152K(345088K)->160K(345088K) Eden: 340992K(340992K)->0K(340992K) From: 160K(4096K)->160K(4096K)
[92.533s][info][gc,heap        ] GC(818) ParOldGen: 112866K(699392K)->112866K(699392K)
[92.533s][info][gc,metaspace   ] GC(818) Metaspace: 36193K(36544K)->36193K(36544K) NonClass: 32024K(32192K)->32024K(32192K) Class: 4168K(4352K)->4168K(4352K)
[92.533s][info][gc             ] GC(818) Pause Young (Allocation Failure) 443M->110M(1020M) 0.398ms
[92.533s][info][gc,cpu         ] GC(818) User=0.00s Sys=0.00s Real=0.00s
[92.598s][info][gc,start       ] GC(819) Pause Young (Allocation Failure)
[92.598s][info][gc,heap        ] GC(819) PSYoungGen: 341152K(345088K)->160K(346112K) Eden: 340992K(340992K)->0K(342528K) From: 160K(4096K)->160K(3584K)
[92.598s][info][gc,heap        ] GC(819) ParOldGen: 112866K(699392K)->112866K(699392K)
[92.598s][info][gc,metaspace   ] GC(819) Metaspace: 36193K(36544K)->36193K(36544K) NonClass: 32024K(32192K)->32024K(32192K) Class: 4168K(4352K)->4168K(4352K)
[92.598s][info][gc             ] GC(819) Pause Young (Allocation Failure) 443M->110M(1021M) 0.382ms
[92.598s][info][gc,cpu         ] GC(819) User=0.00s Sys=0.00s Real=0.00s
[92.666s][info][gc,start       ] GC(820) Pause Young (Allocation Failure)
[92.667s][info][gc,heap        ] GC(820) PSYoungGen: 342688K(346112K)->160K(345600K) Eden: 342528K(342528K)->0K(342528K) From: 160K(3584K)->160K(3072K)
[92.667s][info][gc,heap        ] GC(820) ParOldGen: 112866K(699392K)->112866K(699392K)
[92.667s][info][gc,metaspace   ] GC(820) Metaspace: 36193K(36544K)->36193K(36544K) NonClass: 32024K(32192K)->32024K(32192K) Class: 4168K(4352K)->4168K(4352K)
[92.667s][info][gc             ] GC(820) Pause Young (Allocation Failure) 444M->110M(1020M) 0.486ms
[92.667s][info][gc,cpu         ] GC(820) User=0.00s Sys=0.00s Real=0.00s
[92.733s][info][gc,start       ] GC(821) Pause Young (Allocation Failure)
[92.734s][info][gc,heap        ] GC(821) PSYoungGen: 342688K(345600K)->160K(346112K) Eden: 342528K(342528K)->0K(343040K) From: 160K(3072K)->160K(3072K)
[92.734s][info][gc,heap        ] GC(821) ParOldGen: 112866K(699392K)->112866K(699392K)
[92.734s][info][gc,metaspace   ] GC(821) Metaspace: 36193K(36544K)->36193K(36544K) NonClass: 32024K(32192K)->32024K(32192K) Class: 4168K(4352K)->4168K(4352K)
[92.734s][info][gc             ] GC(821) Pause Young (Allocation Failure) 444M->110M(1021M) 0.422ms
[92.734s][info][gc,cpu         ] GC(821) User=0.00s Sys=0.00s Real=0.00s
[92.822s][info][gc,start       ] GC(822) Pause Young (Allocation Failure)
[92.822s][info][gc,heap        ] GC(822) PSYoungGen: 343200K(346112K)->192K(346112K) Eden: 343040K(343040K)->0K(343040K) From: 160K(3072K)->192K(3072K)
[92.822s][info][gc,heap        ] GC(822) ParOldGen: 112866K(699392K)->112866K(699392K)
[92.822s][info][gc,metaspace   ] GC(822) Metaspace: 36193K(36544K)->36193K(36544K) NonClass: 32024K(32192K)->32024K(32192K) Class: 4168K(4352K)->4168K(4352K)
[92.822s][info][gc             ] GC(822) Pause Young (Allocation Failure) 445M->110M(1021M) 0.488ms
[92.822s][info][gc,cpu         ] GC(822) User=0.00s Sys=0.00s Real=0.00s
[93.180s][info][gc,start       ] GC(823) Pause Young (Allocation Failure)
[93.195s][info][gc,heap        ] GC(823) PSYoungGen: 340067K(346112K)->2538K(312832K) Eden: 339875K(343040K)->0K(310272K) From: 192K(3072K)->2538K(2560K)
[93.195s][info][gc,heap        ] GC(823) ParOldGen: 112866K(699392K)->156621K(699392K)
[93.195s][info][gc,metaspace   ] GC(823) Metaspace: 36193K(36544K)->36193K(36544K) NonClass: 32024K(32192K)->32024K(32192K) Class: 4168K(4352K)->4168K(4352K)
[93.195s][info][gc             ] GC(823) Pause Young (Allocation Failure) 442M->155M(988M) 15.186ms
[93.195s][info][gc,cpu         ] GC(823) User=0.09s Sys=0.00s Real=0.01s
[93.478s][info][gc,start       ] GC(824) Pause Young (Allocation Failure)
[93.487s][info][gc,heap        ] GC(824) PSYoungGen: 308499K(312832K)->19193K(329728K) Eden: 305960K(310272K)->0K(310272K) From: 2538K(2560K)->19193K(19456K)
[93.487s][info][gc,heap        ] GC(824) ParOldGen: 156621K(699392K)->166010K(699392K)
[93.487s][info][gc,metaspace   ] GC(824) Metaspace: 36193K(36544K)->36193K(36544K) NonClass: 32024K(32192K)->32024K(32192K) Class: 4168K(4352K)->4168K(4352K)
[93.487s][info][gc             ] GC(824) Pause Young (Allocation Failure) 454M->180M(1005M) 8.519ms
[93.487s][info][gc,cpu         ] GC(824) User=0.09s Sys=0.00s Real=0.01s
[93.777s][info][gc,start       ] GC(825) Pause Young (Allocation Failure)
[93.783s][info][gc,heap        ] GC(825) PSYoungGen: 329465K(329728K)->10933K(321536K) Eden: 310272K(310272K)->0K(302080K) From: 19193K(19456K)->10933K(19456K)
[93.783s][info][gc,heap        ] GC(825) ParOldGen: 166010K(699392K)->173715K(699392K)
[93.783s][info][gc,metaspace   ] GC(825) Metaspace: 36193K(36544K)->36193K(36544K) NonClass: 32024K(32192K)->32024K(32192K) Class: 4168K(4352K)->4168K(4352K)
[93.783s][info][gc             ] GC(825) Pause Young (Allocation Failure) 483M->180M(997M) 6.140ms
[93.783s][info][gc,cpu         ] GC(825) User=0.09s Sys=0.00s Real=0.01s
[94.054s][info][gc,start       ] GC(826) Pause Young (Allocation Failure)
[94.061s][info][gc,heap        ] GC(826) PSYoungGen: 307717K(321536K)->21606K(324096K) Eden: 296784K(302080K)->0K(302080K) From: 10933K(19456K)->21606K(22016K)
[94.061s][info][gc,heap        ] GC(826) ParOldGen: 173715K(699392K)->174850K(699392K)
[94.061s][info][gc,metaspace   ] GC(826) Metaspace: 36193K(36544K)->36193K(36544K) NonClass: 32024K(32192K)->32024K(32192K) Class: 4168K(4352K)->4168K(4352K)
[94.061s][info][gc             ] GC(826) Pause Young (Allocation Failure) 470M->191M(999M) 7.314ms
[94.061s][info][gc,cpu         ] GC(826) User=0.00s Sys=0.00s Real=0.01s
[94.330s][info][gc,start       ] GC(827) Pause Young (Allocation Failure)
[94.337s][info][gc,heap        ] GC(827) PSYoungGen: 319135K(324096K)->17359K(316928K) Eden: 297529K(302080K)->0K(291840K) From: 21606K(22016K)->17359K(25088K)
[94.337s][info][gc,heap        ] GC(827) ParOldGen: 174850K(699392K)->176447K(699392K)
[94.337s][info][gc,metaspace   ] GC(827) Metaspace: 36193K(36544K)->36193K(36544K) NonClass: 32024K(32192K)->32024K(32192K) Class: 4168K(4352K)->4168K(4352K)
[94.337s][info][gc             ] GC(827) Pause Young (Allocation Failure) 482M->189M(992M) 6.837ms
[94.337s][info][gc,cpu         ] GC(827) User=0.00s Sys=0.00s Real=0.01s
[94.594s][info][gc,start       ] GC(828) Pause Young (Allocation Failure)
[94.602s][info][gc,heap        ] GC(828) PSYoungGen: 308378K(316928K)->14233K(320512K) Eden: 291018K(291840K)->0K(291840K) From: 17359K(25088K)->14233K(28672K)
[94.602s][info][gc,heap        ] GC(828) ParOldGen: 176447K(699392K)->179458K(699392K)
[94.602s][info][gc,metaspace   ] GC(828) Metaspace: 36193K(36544K)->36193K(36544K) NonClass: 32024K(32192K)->32024K(32192K) Class: 4168K(4352K)->4168K(4352K)
[94.602s][info][gc             ] GC(828) Pause Young (Allocation Failure) 473M->189M(996M) 7.290ms
[94.602s][info][gc,cpu         ] GC(828) User=0.00s Sys=0.00s Real=0.01s
[94.844s][info][gc,start       ] GC(829) Pause Young (Allocation Failure)
[94.850s][info][gc,heap        ] GC(829) PSYoungGen: 303288K(320512K)->14668K(320512K) Eden: 289055K(291840K)->0K(291840K) From: 14233K(28672K)->14668K(28672K)
[94.851s][info][gc,heap        ] GC(829) ParOldGen: 179458K(699392K)->181162K(699392K)
[94.851s][info][gc,metaspace   ] GC(829) Metaspace: 36193K(36544K)->36193K(36544K) NonClass: 32024K(32192K)->32024K(32192K) Class: 4168K(4352K)->4168K(4352K)
[94.851s][info][gc             ] GC(829) Pause Young (Allocation Failure) 471M->191M(996M) 6.144ms
[94.851s][info][gc,cpu         ] GC(829) User=0.00s Sys=0.00s Real=0.01s
[95.094s][info][gc,start       ] GC(830) Pause Young (Allocation Failure)
[95.101s][info][gc,heap        ] GC(830) PSYoungGen: 304377K(320512K)->20290K(312320K) Eden: 289709K(291840K)->0K(291840K) From: 14668K(28672K)->20290K(20480K)
[95.101s][info][gc,heap        ] GC(830) ParOldGen: 181162K(699392K)->182734K(699392K)
[95.101s][info][gc,metaspace   ] GC(830) Metaspace: 36193K(36544K)->36193K(36544K) NonClass: 32024K(32192K)->32024K(32192K) Class: 4168K(4352K)->4168K(4352K)
[95.101s][info][gc             ] GC(830) Pause Young (Allocation Failure) 474M->198M(988M) 6.423ms
[95.101s][info][gc,cpu         ] GC(830) User=0.00s Sys=0.00s Real=0.00s
[95.350s][info][gc,start       ] GC(831) Pause Young (Allocation Failure)
[95.357s][info][gc,heap        ] GC(831) PSYoungGen: 310869K(312320K)->18607K(317440K) Eden: 290578K(291840K)->0K(286720K) From: 20290K(20480K)->18607K(30720K)
[95.357s][info][gc,heap        ] GC(831) ParOldGen: 182734K(699392K)->184002K(699392K)
[95.357s][info][gc,metaspace   ] GC(831) Metaspace: 36193K(36544K)->36193K(36544K) NonClass: 32024K(32192K)->32024K(32192K) Class: 4168K(4352K)->4168K(4352K)
[95.357s][info][gc             ] GC(831) Pause Young (Allocation Failure) 482M->197M(993M) 7.800ms
[95.357s][info][gc,cpu         ] GC(831) User=0.00s Sys=0.00s Real=0.01s
[95.598s][info][gc,start       ] GC(832) Pause Young (Allocation Failure)
[95.606s][info][gc,heap        ] GC(832) PSYoungGen: 299266K(317440K)->21343K(308224K) Eden: 280658K(286720K)->0K(286720K) From: 18607K(30720K)->21343K(21504K)
[95.606s][info][gc,heap        ] GC(832) ParOldGen: 184002K(699392K)->188139K(699392K)
[95.606s][info][gc,metaspace   ] GC(832) Metaspace: 36193K(36544K)->36193K(36544K) NonClass: 32024K(32192K)->32024K(32192K) Class: 4168K(4352K)->4168K(4352K)
[95.606s][info][gc             ] GC(832) Pause Young (Allocation Failure) 471M->204M(984M) 8.136ms
[95.606s][info][gc,cpu         ] GC(832) User=0.00s Sys=0.00s Real=0.01s
[95.844s][info][gc,start       ] GC(833) Pause Young (Allocation Failure)
[95.852s][info][gc,heap        ] GC(833) PSYoungGen: 306080K(308224K)->12160K(317952K) Eden: 284737K(286720K)->0K(285184K) From: 21343K(21504K)->12160K(32768K)
[95.852s][info][gc,heap        ] GC(833) ParOldGen: 188139K(699392K)->193546K(699392K)
[95.852s][info][gc,metaspace   ] GC(833) Metaspace: 36193K(36544K)->36193K(36544K) NonClass: 32024K(32192K)->32024K(32192K) Class: 4168K(4352K)->4168K(4352K)
[95.852s][info][gc             ] GC(833) Pause Young (Allocation Failure) 482M->200M(993M) 7.141ms
[95.852s][info][gc,cpu         ] GC(833) User=0.00s Sys=0.00s Real=0.01s
[96.075s][info][gc,start       ] GC(834) Pause Young (Allocation Failure)
[96.082s][info][gc,heap        ] GC(834) PSYoungGen: 295873K(317952K)->14264K(316416K) Eden: 283712K(285184K)->0K(285184K) From: 12160K(32768K)->14264K(31232K)
[96.082s][info][gc,heap        ] GC(834) ParOldGen: 193546K(699392K)->197262K(699392K)
[96.082s][info][gc,metaspace   ] GC(834) Metaspace: 36193K(36544K)->36193K(36544K) NonClass: 32024K(32192K)->32024K(32192K) Class: 4168K(4352K)->4168K(4352K)
[96.082s][info][gc             ] GC(834) Pause Young (Allocation Failure) 477M->206M(992M) 6.919ms
[96.082s][info][gc,cpu         ] GC(834) User=0.09s Sys=0.00s Real=0.01s
[96.317s][info][gc,start       ] GC(835) Pause Young (Allocation Failure)
[96.324s][info][gc,heap        ] GC(835) PSYoungGen: 299448K(316416K)->17377K(319488K) Eden: 285184K(285184K)->0K(289792K) From: 14264K(31232K)->17377K(29696K)
[96.324s][info][gc,heap        ] GC(835) ParOldGen: 197262K(699392K)->198705K(699392K)
[96.324s][info][gc,metaspace   ] GC(835) Metaspace: 36193K(36544K)->36193K(36544K) NonClass: 32024K(32192K)->32024K(32192K) Class: 4168K(4352K)->4168K(4352K)
[96.324s][info][gc             ] GC(835) Pause Young (Allocation Failure) 485M->211M(995M) 6.990ms
[96.324s][info][gc,cpu         ] GC(835) User=0.00s Sys=0.00s Real=0.01s
[96.540s][info][gc,start       ] GC(836) Pause Young (System.gc())
[96.545s][info][gc,heap        ] GC(836) PSYoungGen: 247327K(319488K)->7526K(319488K) Eden: 229950K(289792K)->0K(289792K) From: 17377K(29696K)->7526K(29696K)
[96.546s][info][gc,heap        ] GC(836) ParOldGen: 198705K(699392K)->202563K(699392K)
[96.546s][info][gc,metaspace   ] GC(836) Metaspace: 36194K(36544K)->36194K(36544K) NonClass: 32025K(32192K)->32025K(32192K) Class: 4168K(4352K)->4168K(4352K)
[96.546s][info][gc             ] GC(836) Pause Young (System.gc()) 435M->205M(995M) 5.302ms
[96.546s][info][gc,cpu         ] GC(836) User=0.00s Sys=0.00s Real=0.02s
[96.546s][info][gc,start       ] GC(837) Pause Full (System.gc())
[96.546s][info][gc,phases,start] GC(837) Marking Phase
[96.561s][info][gc,phases      ] GC(837) Marking Phase 15.733ms
[96.561s][info][gc,phases,start] GC(837) Summary Phase
[96.561s][info][gc,phases      ] GC(837) Summary Phase 0.011ms
[96.561s][info][gc,phases,start] GC(837) Adjust Roots
[96.566s][info][gc,phases      ] GC(837) Adjust Roots 4.208ms
[96.566s][info][gc,phases,start] GC(837) Compaction Phase
[96.575s][info][gc,phases      ] GC(837) Compaction Phase 9.104ms
[96.575s][info][gc,phases,start] GC(837) Post Compact
[96.576s][info][gc,phases      ] GC(837) Post Compact 0.782ms
[96.576s][info][gc,heap        ] GC(837) PSYoungGen: 7526K(319488K)->0K(319488K) Eden: 0K(289792K)->0K(289792K) From: 7526K(29696K)->0K(29696K)
[96.576s][info][gc,heap        ] GC(837) ParOldGen: 202563K(699392K)->113481K(699392K)
[96.576s][info][gc,metaspace   ] GC(837) Metaspace: 36194K(36544K)->36194K(36544K) NonClass: 32025K(32192K)->32025K(32192K) Class: 4168K(4352K)->4168K(4352K)
[96.576s][info][gc             ] GC(837) Pause Full (System.gc()) 205M->110M(995M) 30.137ms
[96.576s][info][gc,cpu         ] GC(837) User=0.11s Sys=0.00s Real=0.03s
[96.623s][info][gc,start       ] GC(838) Pause Young (Allocation Failure)
[96.624s][info][gc,heap        ] GC(838) PSYoungGen: 289792K(319488K)->192K(318976K) Eden: 289792K(289792K)->0K(289792K) From: 0K(29696K)->192K(29184K)
[96.624s][info][gc,heap        ] GC(838) ParOldGen: 113481K(699392K)->113481K(699392K)
[96.624s][info][gc,metaspace   ] GC(838) Metaspace: 36194K(36544K)->36194K(36544K) NonClass: 32025K(32192K)->32025K(32192K) Class: 4168K(4352K)->4168K(4352K)
[96.624s][info][gc             ] GC(838) Pause Young (Allocation Failure) 393M->111M(994M) 0.404ms
[96.624s][info][gc,cpu         ] GC(838) User=0.00s Sys=0.00s Real=0.00s
[96.667s][info][gc,start       ] GC(839) Pause Young (Allocation Failure)
[96.667s][info][gc,heap        ] GC(839) PSYoungGen: 289984K(318976K)->192K(319488K) Eden: 289792K(289792K)->0K(289792K) From: 192K(29184K)->192K(29696K)
[96.667s][info][gc,heap        ] GC(839) ParOldGen: 113481K(699392K)->113529K(699392K)
[96.667s][info][gc,metaspace   ] GC(839) Metaspace: 36194K(36544K)->36194K(36544K) NonClass: 32025K(32192K)->32025K(32192K) Class: 4168K(4352K)->4168K(4352K)
[96.667s][info][gc             ] GC(839) Pause Young (Allocation Failure) 394M->111M(995M) 0.399ms
[96.667s][info][gc,cpu         ] GC(839) User=0.00s Sys=0.00s Real=0.00s
[96.715s][info][gc,start       ] GC(840) Pause Young (Allocation Failure)
[96.716s][info][gc,heap        ] GC(840) PSYoungGen: 289984K(319488K)->160K(319488K) Eden: 289792K(289792K)->0K(289792K) From: 192K(29696K)->160K(29696K)
[96.716s][info][gc,heap        ] GC(840) ParOldGen: 113529K(699392K)->113529K(699392K)
[96.716s][info][gc,metaspace   ] GC(840) Metaspace: 36194K(36544K)->36194K(36544K) NonClass: 32025K(32192K)->32025K(32192K) Class: 4168K(4352K)->4168K(4352K)
[96.716s][info][gc             ] GC(840) Pause Young (Allocation Failure) 394M->111M(995M) 1.248ms
[96.716s][info][gc,cpu         ] GC(840) User=0.00s Sys=0.00s Real=0.00s
[96.760s][info][gc,start       ] GC(841) Pause Young (Allocation Failure)
[96.761s][info][gc,heap        ] GC(841) PSYoungGen: 289952K(319488K)->160K(319488K) Eden: 289792K(289792K)->0K(289792K) From: 160K(29696K)->160K(29696K)
[96.761s][info][gc,heap        ] GC(841) ParOldGen: 113529K(699392K)->113529K(699392K)
[96.761s][info][gc,metaspace   ] GC(841) Metaspace: 36194K(36544K)->36194K(36544K) NonClass: 32025K(32192K)->32025K(32192K) Class: 4168K(4352K)->4168K(4352K)
[96.761s][info][gc             ] GC(841) Pause Young (Allocation Failure) 394M->111M(995M) 0.466ms
[96.761s][info][gc,cpu         ] GC(841) User=0.00s Sys=0.00s Real=0.00s
[96.806s][info][gc,start       ] GC(842) Pause Young (Allocation Failure)
[96.806s][info][gc,heap        ] GC(842) PSYoungGen: 289952K(319488K)->160K(320512K) Eden: 289792K(289792K)->0K(291328K) From: 160K(29696K)->160K(29184K)
[96.806s][info][gc,heap        ] GC(842) ParOldGen: 113529K(699392K)->113529K(699392K)
[96.806s][info][gc,metaspace   ] GC(842) Metaspace: 36194K(36544K)->36194K(36544K) NonClass: 32025K(32192K)->32025K(32192K) Class: 4168K(4352K)->4168K(4352K)
[96.806s][info][gc             ] GC(842) Pause Young (Allocation Failure) 394M->111M(996M) 0.380ms
[96.806s][info][gc,cpu         ] GC(842) User=0.00s Sys=0.00s Real=0.00s
[96.850s][info][gc,start       ] GC(843) Pause Young (Allocation Failure)
[96.850s][info][gc,heap        ] GC(843) PSYoungGen: 291488K(320512K)->160K(320000K) Eden: 291328K(291328K)->0K(291328K) From: 160K(29184K)->160K(28672K)
[96.850s][info][gc,heap        ] GC(843) ParOldGen: 113529K(699392K)->113529K(699392K)
[96.850s][info][gc,metaspace   ] GC(843) Metaspace: 36194K(36544K)->36194K(36544K) NonClass: 32025K(32192K)->32025K(32192K) Class: 4168K(4352K)->4168K(4352K)
[96.850s][info][gc             ] GC(843) Pause Young (Allocation Failure) 395M->111M(995M) 0.375ms
[96.850s][info][gc,cpu         ] GC(843) User=0.00s Sys=0.00s Real=0.00s
[96.894s][info][gc,start       ] GC(844) Pause Young (Allocation Failure)
[96.895s][info][gc,heap        ] GC(844) PSYoungGen: 291488K(320000K)->160K(322560K) Eden: 291328K(291328K)->0K(294912K) From: 160K(28672K)->160K(27648K)
[96.895s][info][gc,heap        ] GC(844) ParOldGen: 113529K(699392K)->113529K(699392K)
[96.895s][info][gc,metaspace   ] GC(844) Metaspace: 36194K(36544K)->36194K(36544K) NonClass: 32025K(32192K)->32025K(32192K) Class: 4168K(4352K)->4168K(4352K)
[96.895s][info][gc             ] GC(844) Pause Young (Allocation Failure) 395M->111M(998M) 0.385ms
[96.895s][info][gc,cpu         ] GC(844) User=0.00s Sys=0.00s Real=0.00s
[96.938s][info][gc,start       ] GC(845) Pause Young (Allocation Failure)
[96.938s][info][gc,heap        ] GC(845) PSYoungGen: 295072K(322560K)->160K(321536K) Eden: 294912K(294912K)->0K(294912K) From: 160K(27648K)->160K(26624K)
[96.938s][info][gc,heap        ] GC(845) ParOldGen: 113529K(699392K)->113529K(699392K)
[96.938s][info][gc,metaspace   ] GC(845) Metaspace: 36194K(36544K)->36194K(36544K) NonClass: 32025K(32192K)->32025K(32192K) Class: 4168K(4352K)->4168K(4352K)
[96.938s][info][gc             ] GC(845) Pause Young (Allocation Failure) 399M->111M(997M) 0.444ms
[96.938s][info][gc,cpu         ] GC(845) User=0.00s Sys=0.00s Real=0.00s
[96.983s][info][gc,start       ] GC(846) Pause Young (Allocation Failure)
[96.983s][info][gc,heap        ] GC(846) PSYoungGen: 295072K(321536K)->192K(324608K) Eden: 294912K(294912K)->0K(298496K) From: 160K(26624K)->192K(26112K)
[96.983s][info][gc,heap        ] GC(846) ParOldGen: 113529K(699392K)->113529K(699392K)
[96.983s][info][gc,metaspace   ] GC(846) Metaspace: 36194K(36544K)->36194K(36544K) NonClass: 32025K(32192K)->32025K(32192K) Class: 4168K(4352K)->4168K(4352K)
[96.983s][info][gc             ] GC(846) Pause Young (Allocation Failure) 399M->111M(1000M) 0.389ms
[96.983s][info][gc,cpu         ] GC(846) User=0.00s Sys=0.00s Real=0.00s
[97.028s][info][gc,start       ] GC(847) Pause Young (Allocation Failure)
[97.028s][info][gc,heap        ] GC(847) PSYoungGen: 298688K(324608K)->160K(323072K) Eden: 298496K(298496K)->0K(298496K) From: 192K(26112K)->160K(24576K)
[97.028s][info][gc,heap        ] GC(847) ParOldGen: 113529K(699392K)->113529K(699392K)
[97.028s][info][gc,metaspace   ] GC(847) Metaspace: 36194K(36544K)->36194K(36544K) NonClass: 32025K(32192K)->32025K(32192K) Class: 4168K(4352K)->4168K(4352K)
[97.028s][info][gc             ] GC(847) Pause Young (Allocation Failure) 402M->111M(998M) 0.368ms
[97.028s][info][gc,cpu         ] GC(847) User=0.00s Sys=0.00s Real=0.00s
[97.072s][info][gc,start       ] GC(848) Pause Young (Allocation Failure)
[97.073s][info][gc,heap        ] GC(848) PSYoungGen: 298656K(323072K)->160K(326656K) Eden: 298496K(298496K)->0K(303104K) From: 160K(24576K)->160K(23552K)
[97.073s][info][gc,heap        ] GC(848) ParOldGen: 113529K(699392K)->113529K(699392K)
[97.073s][info][gc,metaspace   ] GC(848) Metaspace: 36194K(36544K)->36194K(36544K) NonClass: 32025K(32192K)->32025K(32192K) Class: 4168K(4352K)->4168K(4352K)
[97.073s][info][gc             ] GC(848) Pause Young (Allocation Failure) 402M->111M(1002M) 0.393ms
[97.073s][info][gc,cpu         ] GC(848) User=0.00s Sys=0.00s Real=0.00s
[97.119s][info][gc,start       ] GC(849) Pause Young (Allocation Failure)
[97.119s][info][gc,heap        ] GC(849) PSYoungGen: 303264K(326656K)->128K(325632K) Eden: 303104K(303104K)->0K(303104K) From: 160K(23552K)->128K(22528K)
[97.119s][info][gc,heap        ] GC(849) ParOldGen: 113529K(699392K)->113529K(699392K)
[97.119s][info][gc,metaspace   ] GC(849) Metaspace: 36194K(36544K)->36194K(36544K) NonClass: 32025K(32192K)->32025K(32192K) Class: 4168K(4352K)->4168K(4352K)
[97.119s][info][gc             ] GC(849) Pause Young (Allocation Failure) 407M->110M(1001M) 0.485ms
[97.119s][info][gc,cpu         ] GC(849) User=0.00s Sys=0.00s Real=0.00s
[97.166s][info][gc,start       ] GC(850) Pause Young (Allocation Failure)
[97.167s][info][gc,heap        ] GC(850) PSYoungGen: 303232K(325632K)->192K(328704K) Eden: 303104K(303104K)->0K(307200K) From: 128K(22528K)->192K(21504K)
[97.167s][info][gc,heap        ] GC(850) ParOldGen: 113529K(699392K)->113529K(699392K)
[97.167s][info][gc,metaspace   ] GC(850) Metaspace: 36194K(36544K)->36194K(36544K) NonClass: 32025K(32192K)->32025K(32192K) Class: 4168K(4352K)->4168K(4352K)
[97.167s][info][gc             ] GC(850) Pause Young (Allocation Failure) 406M->111M(1004M) 0.403ms
[97.167s][info][gc,cpu         ] GC(850) User=0.00s Sys=0.00s Real=0.00s
[97.214s][info][gc,start       ] GC(851) Pause Young (Allocation Failure)
[97.214s][info][gc,heap        ] GC(851) PSYoungGen: 307392K(328704K)->160K(327680K) Eden: 307200K(307200K)->0K(307200K) From: 192K(21504K)->160K(20480K)
[97.214s][info][gc,heap        ] GC(851) ParOldGen: 113529K(699392K)->113529K(699392K)
[97.214s][info][gc,metaspace   ] GC(851) Metaspace: 36194K(36544K)->36194K(36544K) NonClass: 32025K(32192K)->32025K(32192K) Class: 4168K(4352K)->4168K(4352K)
[97.214s][info][gc             ] GC(851) Pause Young (Allocation Failure) 411M->111M(1003M) 0.383ms
[97.214s][info][gc,cpu         ] GC(851) User=0.00s Sys=0.00s Real=0.00s
[97.262s][info][gc,start       ] GC(852) Pause Young (Allocation Failure)
[97.262s][info][gc,heap        ] GC(852) PSYoungGen: 307360K(327680K)->64K(331264K) Eden: 307200K(307200K)->0K(312320K) From: 160K(20480K)->64K(18944K)
[97.262s][info][gc,heap        ] GC(852) ParOldGen: 113529K(699392K)->113529K(699392K)
[97.262s][info][gc,metaspace   ] GC(852) Metaspace: 36194K(36544K)->36194K(36544K) NonClass: 32025K(32192K)->32025K(32192K) Class: 4168K(4352K)->4168K(4352K)
[97.262s][info][gc             ] GC(852) Pause Young (Allocation Failure) 411M->110M(1006M) 0.358ms
[97.262s][info][gc,cpu         ] GC(852) User=0.00s Sys=0.00s Real=0.00s
[97.326s][info][gc,start       ] GC(853) Pause Young (Allocation Failure)
[97.327s][info][gc,heap        ] GC(853) PSYoungGen: 312384K(331264K)->192K(330240K) Eden: 312320K(312320K)->0K(312320K) From: 64K(18944K)->192K(17920K)
[97.327s][info][gc,heap        ] GC(853) ParOldGen: 113529K(699392K)->113529K(699392K)
[97.327s][info][gc,metaspace   ] GC(853) Metaspace: 36194K(36544K)->36194K(36544K) NonClass: 32025K(32192K)->32025K(32192K) Class: 4168K(4352K)->4168K(4352K)
[97.327s][info][gc             ] GC(853) Pause Young (Allocation Failure) 415M->111M(1005M) 0.398ms
[97.327s][info][gc,cpu         ] GC(853) User=0.00s Sys=0.00s Real=0.00s
[97.387s][info][gc,start       ] GC(854) Pause Young (Allocation Failure)
[97.388s][info][gc,heap        ] GC(854) PSYoungGen: 312512K(330240K)->160K(333312K) Eden: 312320K(312320K)->0K(316416K) From: 192K(17920K)->160K(16896K)
[97.388s][info][gc,heap        ] GC(854) ParOldGen: 113529K(699392K)->113577K(699392K)
[97.388s][info][gc,metaspace   ] GC(854) Metaspace: 36194K(36544K)->36194K(36544K) NonClass: 32025K(32192K)->32025K(32192K) Class: 4168K(4352K)->4168K(4352K)
[97.388s][info][gc             ] GC(854) Pause Young (Allocation Failure) 416M->111M(1008M) 0.462ms
[97.388s][info][gc,cpu         ] GC(854) User=0.00s Sys=0.00s Real=0.00s
[97.449s][info][gc,start       ] GC(855) Pause Young (Allocation Failure)
[97.449s][info][gc,heap        ] GC(855) PSYoungGen: 316576K(333312K)->160K(332288K) Eden: 316416K(316416K)->0K(316416K) From: 160K(16896K)->160K(15872K)
[97.449s][info][gc,heap        ] GC(855) ParOldGen: 113577K(699392K)->113577K(699392K)
[97.449s][info][gc,metaspace   ] GC(855) Metaspace: 36194K(36544K)->36194K(36544K) NonClass: 32025K(32192K)->32025K(32192K) Class: 4168K(4352K)->4168K(4352K)
[97.449s][info][gc             ] GC(855) Pause Young (Allocation Failure) 420M->111M(1007M) 0.439ms
[97.449s][info][gc,cpu         ] GC(855) User=0.00s Sys=0.00s Real=0.00s
[97.510s][info][gc,start       ] GC(856) Pause Young (Allocation Failure)
[97.511s][info][gc,heap        ] GC(856) PSYoungGen: 316576K(332288K)->192K(335360K) Eden: 316416K(316416K)->0K(320512K) From: 160K(15872K)->192K(14848K)
[97.511s][info][gc,heap        ] GC(856) ParOldGen: 113577K(699392K)->113577K(699392K)
[97.511s][info][gc,metaspace   ] GC(856) Metaspace: 36194K(36544K)->36194K(36544K) NonClass: 32025K(32192K)->32025K(32192K) Class: 4168K(4352K)->4168K(4352K)
[97.511s][info][gc             ] GC(856) Pause Young (Allocation Failure) 420M->111M(1010M) 0.430ms
[97.511s][info][gc,cpu         ] GC(856) User=0.00s Sys=0.00s Real=0.00s
[97.574s][info][gc,start       ] GC(857) Pause Young (Allocation Failure)
[97.574s][info][gc,heap        ] GC(857) PSYoungGen: 320704K(335360K)->160K(334336K) Eden: 320512K(320512K)->0K(320512K) From: 192K(14848K)->160K(13824K)
[97.574s][info][gc,heap        ] GC(857) ParOldGen: 113577K(699392K)->113577K(699392K)
[97.574s][info][gc,metaspace   ] GC(857) Metaspace: 36194K(36544K)->36194K(36544K) NonClass: 32025K(32192K)->32025K(32192K) Class: 4168K(4352K)->4168K(4352K)
[97.574s][info][gc             ] GC(857) Pause Young (Allocation Failure) 424M->111M(1009M) 0.456ms
[97.574s][info][gc,cpu         ] GC(857) User=0.00s Sys=0.00s Real=0.00s
[97.634s][info][gc,start       ] GC(858) Pause Young (Allocation Failure)
[97.635s][info][gc,heap        ] GC(858) PSYoungGen: 320672K(334336K)->160K(336896K) Eden: 320512K(320512K)->0K(323584K) From: 160K(13824K)->160K(13312K)
[97.635s][info][gc,heap        ] GC(858) ParOldGen: 113577K(699392K)->113577K(699392K)
[97.635s][info][gc,metaspace   ] GC(858) Metaspace: 36194K(36544K)->36194K(36544K) NonClass: 32025K(32192K)->32025K(32192K) Class: 4168K(4352K)->4168K(4352K)
[97.635s][info][gc             ] GC(858) Pause Young (Allocation Failure) 424M->111M(1012M) 0.420ms
[97.635s][info][gc,cpu         ] GC(858) User=0.00s Sys=0.00s Real=0.00s
[97.698s][info][gc,start       ] GC(859) Pause Young (Allocation Failure)
[97.699s][info][gc,heap        ] GC(859) PSYoungGen: 323744K(336896K)->160K(335872K) Eden: 323584K(323584K)->0K(323584K) From: 160K(13312K)->160K(12288K)
[97.699s][info][gc,heap        ] GC(859) ParOldGen: 113577K(699392K)->113577K(699392K)
[97.699s][info][gc,metaspace   ] GC(859) Metaspace: 36194K(36544K)->36194K(36544K) NonClass: 32025K(32192K)->32025K(32192K) Class: 4168K(4352K)->4168K(4352K)
[97.699s][info][gc             ] GC(859) Pause Young (Allocation Failure) 427M->111M(1011M) 0.610ms
[97.699s][info][gc,cpu         ] GC(859) User=0.00s Sys=0.00s Real=0.00s
[97.761s][info][gc,start       ] GC(860) Pause Young (Allocation Failure)
[97.762s][info][gc,heap        ] GC(860) PSYoungGen: 323744K(335872K)->160K(338432K) Eden: 323584K(323584K)->0K(327168K) From: 160K(12288K)->160K(11264K)
[97.762s][info][gc,heap        ] GC(860) ParOldGen: 113577K(699392K)->113577K(699392K)
[97.762s][info][gc,metaspace   ] GC(860) Metaspace: 36194K(36544K)->36194K(36544K) NonClass: 32025K(32192K)->32025K(32192K) Class: 4168K(4352K)->4168K(4352K)
[97.762s][info][gc             ] GC(860) Pause Young (Allocation Failure) 427M->111M(1013M) 0.399ms
[97.762s][info][gc,cpu         ] GC(860) User=0.00s Sys=0.00s Real=0.00s
[97.825s][info][gc,start       ] GC(861) Pause Young (Allocation Failure)
[97.826s][info][gc,heap        ] GC(861) PSYoungGen: 327328K(338432K)->160K(337920K) Eden: 327168K(327168K)->0K(327168K) From: 160K(11264K)->160K(10752K)
[97.826s][info][gc,heap        ] GC(861) ParOldGen: 113577K(699392K)->113577K(699392K)
[97.826s][info][gc,metaspace   ] GC(861) Metaspace: 36194K(36544K)->36194K(36544K) NonClass: 32025K(32192K)->32025K(32192K) Class: 4168K(4352K)->4168K(4352K)
[97.826s][info][gc             ] GC(861) Pause Young (Allocation Failure) 430M->111M(1013M) 0.441ms
[97.826s][info][gc,cpu         ] GC(861) User=0.00s Sys=0.00s Real=0.00s
[97.889s][info][gc,start       ] GC(862) Pause Young (Allocation Failure)
[97.889s][info][gc,heap        ] GC(862) PSYoungGen: 327328K(337920K)->192K(339968K) Eden: 327168K(327168K)->0K(330240K) From: 160K(10752K)->192K(9728K)
[97.889s][info][gc,heap        ] GC(862) ParOldGen: 113577K(699392K)->113577K(699392K)
[97.889s][info][gc,metaspace   ] GC(862) Metaspace: 36194K(36544K)->36194K(36544K) NonClass: 32025K(32192K)->32025K(32192K) Class: 4168K(4352K)->4168K(4352K)
[97.889s][info][gc             ] GC(862) Pause Young (Allocation Failure) 430M->111M(1015M) 0.461ms
[97.889s][info][gc,cpu         ] GC(862) User=0.00s Sys=0.00s Real=0.00s
[97.952s][info][gc,start       ] GC(863) Pause Young (Allocation Failure)
[97.952s][info][gc,heap        ] GC(863) PSYoungGen: 330432K(339968K)->160K(339456K) Eden: 330240K(330240K)->0K(330240K) From: 192K(9728K)->160K(9216K)
[97.952s][info][gc,heap        ] GC(863) ParOldGen: 113577K(699392K)->113577K(699392K)
[97.952s][info][gc,metaspace   ] GC(863) Metaspace: 36194K(36544K)->36194K(36544K) NonClass: 32025K(32192K)->32025K(32192K) Class: 4168K(4352K)->4168K(4352K)
[97.952s][info][gc             ] GC(863) Pause Young (Allocation Failure) 433M->111M(1014M) 0.430ms
[97.952s][info][gc,cpu         ] GC(863) User=0.00s Sys=0.00s Real=0.00s
[98.016s][info][gc,start       ] GC(864) Pause Young (Allocation Failure)
[98.016s][info][gc,heap        ] GC(864) PSYoungGen: 330400K(339456K)->160K(340992K) Eden: 330240K(330240K)->0K(332288K) From: 160K(9216K)->160K(8704K)
[98.016s][info][gc,heap        ] GC(864) ParOldGen: 113577K(699392K)->113577K(699392K)
[98.016s][info][gc,metaspace   ] GC(864) Metaspace: 36194K(36544K)->36194K(36544K) NonClass: 32025K(32192K)->32025K(32192K) Class: 4168K(4352K)->4168K(4352K)
[98.016s][info][gc             ] GC(864) Pause Young (Allocation Failure) 433M->111M(1016M) 0.398ms
[98.016s][info][gc,cpu         ] GC(864) User=0.00s Sys=0.00s Real=0.00s
[98.078s][info][gc,start       ] GC(865) Pause Young (Allocation Failure)
[98.079s][info][gc,heap        ] GC(865) PSYoungGen: 332448K(340992K)->160K(340480K) Eden: 332288K(332288K)->0K(332288K) From: 160K(8704K)->160K(8192K)
[98.079s][info][gc,heap        ] GC(865) ParOldGen: 113577K(699392K)->113577K(699392K)
[98.079s][info][gc,metaspace   ] GC(865) Metaspace: 36194K(36544K)->36194K(36544K) NonClass: 32025K(32192K)->32025K(32192K) Class: 4168K(4352K)->4168K(4352K)
[98.079s][info][gc             ] GC(865) Pause Young (Allocation Failure) 435M->111M(1015M) 0.616ms
[98.079s][info][gc,cpu         ] GC(865) User=0.00s Sys=0.00s Real=0.00s
[98.142s][info][gc,start       ] GC(866) Pause Young (Allocation Failure)
[98.142s][info][gc,heap        ] GC(866) PSYoungGen: 332448K(340480K)->160K(342016K) Eden: 332288K(332288K)->0K(334336K) From: 160K(8192K)->160K(7680K)
[98.142s][info][gc,heap        ] GC(866) ParOldGen: 113577K(699392K)->113577K(699392K)
[98.142s][info][gc,metaspace   ] GC(866) Metaspace: 36194K(36544K)->36194K(36544K) NonClass: 32025K(32192K)->32025K(32192K) Class: 4168K(4352K)->4168K(4352K)
[98.142s][info][gc             ] GC(866) Pause Young (Allocation Failure) 435M->111M(1017M) 0.426ms
[98.142s][info][gc,cpu         ] GC(866) User=0.00s Sys=0.00s Real=0.00s
[98.206s][info][gc,start       ] GC(867) Pause Young (Allocation Failure)
[98.207s][info][gc,heap        ] GC(867) PSYoungGen: 334496K(342016K)->192K(341504K) Eden: 334336K(334336K)->0K(334336K) From: 160K(7680K)->192K(7168K)
[98.207s][info][gc,heap        ] GC(867) ParOldGen: 113577K(699392K)->113577K(699392K)
[98.207s][info][gc,metaspace   ] GC(867) Metaspace: 36194K(36544K)->36194K(36544K) NonClass: 32025K(32192K)->32025K(32192K) Class: 4168K(4352K)->4168K(4352K)
[98.207s][info][gc             ] GC(867) Pause Young (Allocation Failure) 437M->111M(1016M) 0.428ms
[98.207s][info][gc,cpu         ] GC(867) User=0.00s Sys=0.00s Real=0.00s
[98.270s][info][gc,start       ] GC(868) Pause Young (Allocation Failure)
[98.270s][info][gc,heap        ] GC(868) PSYoungGen: 334528K(341504K)->192K(343040K) Eden: 334336K(334336K)->0K(336384K) From: 192K(7168K)->192K(6656K)
[98.270s][info][gc,heap        ] GC(868) ParOldGen: 113577K(699392K)->113577K(699392K)
[98.270s][info][gc,metaspace   ] GC(868) Metaspace: 36194K(36544K)->36194K(36544K) NonClass: 32025K(32192K)->32025K(32192K) Class: 4168K(4352K)->4168K(4352K)
[98.270s][info][gc             ] GC(868) Pause Young (Allocation Failure) 437M->111M(1018M) 0.416ms
[98.270s][info][gc,cpu         ] GC(868) User=0.00s Sys=0.00s Real=0.00s
[98.333s][info][gc,start       ] GC(869) Pause Young (Allocation Failure)
[98.333s][info][gc,heap        ] GC(869) PSYoungGen: 336576K(343040K)->192K(342528K) Eden: 336384K(336384K)->0K(336384K) From: 192K(6656K)->192K(6144K)
[98.333s][info][gc,heap        ] GC(869) ParOldGen: 113577K(699392K)->113577K(699392K)
[98.333s][info][gc,metaspace   ] GC(869) Metaspace: 36194K(36544K)->36194K(36544K) NonClass: 32025K(32192K)->32025K(32192K) Class: 4168K(4352K)->4168K(4352K)
[98.333s][info][gc             ] GC(869) Pause Young (Allocation Failure) 439M->111M(1017M) 0.380ms
[98.333s][info][gc,cpu         ] GC(869) User=0.00s Sys=0.00s Real=0.00s
[98.395s][info][gc,start       ] GC(870) Pause Young (Allocation Failure)
[98.396s][info][gc,heap        ] GC(870) PSYoungGen: 336576K(342528K)->192K(344064K) Eden: 336384K(336384K)->0K(338432K) From: 192K(6144K)->192K(5632K)
[98.396s][info][gc,heap        ] GC(870) ParOldGen: 113577K(699392K)->113577K(699392K)
[98.396s][info][gc,metaspace   ] GC(870) Metaspace: 36194K(36544K)->36194K(36544K) NonClass: 32025K(32192K)->32025K(32192K) Class: 4168K(4352K)->4168K(4352K)
[98.396s][info][gc             ] GC(870) Pause Young (Allocation Failure) 439M->111M(1019M) 0.392ms
[98.396s][info][gc,cpu         ] GC(870) User=0.00s Sys=0.00s Real=0.00s
[98.458s][info][gc,start       ] GC(871) Pause Young (Allocation Failure)
[98.458s][info][gc,heap        ] GC(871) PSYoungGen: 338624K(344064K)->192K(343552K) Eden: 338432K(338432K)->0K(338432K) From: 192K(5632K)->192K(5120K)
[98.458s][info][gc,heap        ] GC(871) ParOldGen: 113577K(699392K)->113577K(699392K)
[98.458s][info][gc,metaspace   ] GC(871) Metaspace: 36194K(36544K)->36194K(36544K) NonClass: 32025K(32192K)->32025K(32192K) Class: 4168K(4352K)->4168K(4352K)
[98.458s][info][gc             ] GC(871) Pause Young (Allocation Failure) 441M->111M(1018M) 0.409ms
[98.458s][info][gc,cpu         ] GC(871) User=0.00s Sys=0.00s Real=0.00s
[98.522s][info][gc,start       ] GC(872) Pause Young (Allocation Failure)
[98.522s][info][gc,heap        ] GC(872) PSYoungGen: 338624K(343552K)->192K(344576K) Eden: 338432K(338432K)->0K(339968K) From: 192K(5120K)->192K(4608K)
[98.522s][info][gc,heap        ] GC(872) ParOldGen: 113577K(699392K)->113577K(699392K)
[98.522s][info][gc,metaspace   ] GC(872) Metaspace: 36194K(36544K)->36194K(36544K) NonClass: 32025K(32192K)->32025K(32192K) Class: 4168K(4352K)->4168K(4352K)
[98.522s][info][gc             ] GC(872) Pause Young (Allocation Failure) 441M->111M(1019M) 0.414ms
[98.522s][info][gc,cpu         ] GC(872) User=0.00s Sys=0.00s Real=0.00s
[98.587s][info][gc,start       ] GC(873) Pause Young (Allocation Failure)
[98.588s][info][gc,heap        ] GC(873) PSYoungGen: 340160K(344576K)->192K(344576K) Eden: 339968K(339968K)->0K(339968K) From: 192K(4608K)->192K(4608K)
[98.588s][info][gc,heap        ] GC(873) ParOldGen: 113577K(699392K)->113577K(699392K)
[98.588s][info][gc,metaspace   ] GC(873) Metaspace: 36194K(36544K)->36194K(36544K) NonClass: 32025K(32192K)->32025K(32192K) Class: 4168K(4352K)->4168K(4352K)
[98.588s][info][gc             ] GC(873) Pause Young (Allocation Failure) 443M->111M(1019M) 0.456ms
[98.588s][info][gc,cpu         ] GC(873) User=0.00s Sys=0.00s Real=0.00s
[98.654s][info][gc,start       ] GC(874) Pause Young (Allocation Failure)
[98.654s][info][gc,heap        ] GC(874) PSYoungGen: 340160K(344576K)->192K(345600K) Eden: 339968K(339968K)->0K(341504K) From: 192K(4608K)->192K(4096K)
[98.654s][info][gc,heap        ] GC(874) ParOldGen: 113577K(699392K)->113577K(699392K)
[98.654s][info][gc,metaspace   ] GC(874) Metaspace: 36194K(36544K)->36194K(36544K) NonClass: 32025K(32192K)->32025K(32192K) Class: 4168K(4352K)->4168K(4352K)
[98.654s][info][gc             ] GC(874) Pause Young (Allocation Failure) 443M->111M(1020M) 0.418ms
[98.654s][info][gc,cpu         ] GC(874) User=0.00s Sys=0.00s Real=0.00s
[98.722s][info][gc,start       ] GC(875) Pause Young (Allocation Failure)
[98.722s][info][gc,heap        ] GC(875) PSYoungGen: 341696K(345600K)->192K(345088K) Eden: 341504K(341504K)->0K(341504K) From: 192K(4096K)->192K(3584K)
[98.722s][info][gc,heap        ] GC(875) ParOldGen: 113577K(699392K)->113577K(699392K)
[98.722s][info][gc,metaspace   ] GC(875) Metaspace: 36194K(36544K)->36194K(36544K) NonClass: 32025K(32192K)->32025K(32192K) Class: 4168K(4352K)->4168K(4352K)
[98.722s][info][gc             ] GC(875) Pause Young (Allocation Failure) 444M->111M(1020M) 0.424ms
[98.723s][info][gc,cpu         ] GC(875) User=0.00s Sys=0.00s Real=0.00s
[98.789s][info][gc,start       ] GC(876) Pause Young (Allocation Failure)
[98.789s][info][gc,heap        ] GC(876) PSYoungGen: 341696K(345088K)->160K(346112K) Eden: 341504K(341504K)->0K(342528K) From: 192K(3584K)->160K(3584K)
[98.789s][info][gc,heap        ] GC(876) ParOldGen: 113577K(699392K)->113577K(699392K)
[98.789s][info][gc,metaspace   ] GC(876) Metaspace: 36194K(36544K)->36194K(36544K) NonClass: 32025K(32192K)->32025K(32192K) Class: 4168K(4352K)->4168K(4352K)
[98.789s][info][gc             ] GC(876) Pause Young (Allocation Failure) 444M->111M(1021M) 0.413ms
[98.789s][info][gc,cpu         ] GC(876) User=0.00s Sys=0.00s Real=0.00s
[98.856s][info][gc,start       ] GC(877) Pause Young (Allocation Failure)
[98.856s][info][gc,heap        ] GC(877) PSYoungGen: 342688K(346112K)->192K(345600K) Eden: 342528K(342528K)->0K(342528K) From: 160K(3584K)->192K(3072K)
[98.856s][info][gc,heap        ] GC(877) ParOldGen: 113577K(699392K)->113577K(699392K)
[98.856s][info][gc,metaspace   ] GC(877) Metaspace: 36194K(36544K)->36194K(36544K) NonClass: 32025K(32192K)->32025K(32192K) Class: 4168K(4352K)->4168K(4352K)
[98.856s][info][gc             ] GC(877) Pause Young (Allocation Failure) 445M->111M(1020M) 0.426ms
[98.856s][info][gc,cpu         ] GC(877) User=0.00s Sys=0.00s Real=0.00s
[98.923s][info][gc,start       ] GC(878) Pause Young (Allocation Failure)
[98.923s][info][gc,heap        ] GC(878) PSYoungGen: 342720K(345600K)->160K(346112K) Eden: 342528K(342528K)->0K(343040K) From: 192K(3072K)->160K(3072K)
[98.923s][info][gc,heap        ] GC(878) ParOldGen: 113577K(699392K)->113577K(699392K)
[98.924s][info][gc,metaspace   ] GC(878) Metaspace: 36194K(36544K)->36194K(36544K) NonClass: 32025K(32192K)->32025K(32192K) Class: 4168K(4352K)->4168K(4352K)
[98.924s][info][gc             ] GC(878) Pause Young (Allocation Failure) 445M->111M(1021M) 0.523ms
[98.924s][info][gc,cpu         ] GC(878) User=0.00s Sys=0.00s Real=0.02s
[98.990s][info][gc,start       ] GC(879) Pause Young (Allocation Failure)
[98.990s][info][gc,heap        ] GC(879) PSYoungGen: 343200K(346112K)->192K(346112K) Eden: 343040K(343040K)->0K(343040K) From: 160K(3072K)->192K(3072K)
[98.990s][info][gc,heap        ] GC(879) ParOldGen: 113577K(699392K)->113577K(699392K)
[98.990s][info][gc,metaspace   ] GC(879) Metaspace: 36194K(36544K)->36194K(36544K) NonClass: 32025K(32192K)->32025K(32192K) Class: 4168K(4352K)->4168K(4352K)
[98.990s][info][gc             ] GC(879) Pause Young (Allocation Failure) 446M->111M(1021M) 0.404ms
[98.990s][info][gc,cpu         ] GC(879) User=0.00s Sys=0.00s Real=0.00s
[99.146s][info][gc,start       ] GC(880) Pause Young (Allocation Failure)
[99.148s][info][gc,heap        ] GC(880) PSYoungGen: 343232K(346112K)->672K(346624K) Eden: 343040K(343040K)->0K(344064K) From: 192K(3072K)->672K(2560K)
[99.148s][info][gc,heap        ] GC(880) ParOldGen: 113577K(699392K)->113601K(699392K)
[99.148s][info][gc,metaspace   ] GC(880) Metaspace: 36194K(36544K)->36194K(36544K) NonClass: 32025K(32192K)->32025K(32192K) Class: 4168K(4352K)->4168K(4352K)
[99.148s][info][gc             ] GC(880) Pause Young (Allocation Failure) 446M->111M(1021M) 2.216ms
[99.148s][info][gc,cpu         ] GC(880) User=0.00s Sys=0.00s Real=0.00s
[99.529s][info][gc,start       ] GC(881) Pause Young (Allocation Failure)
[99.545s][info][gc,heap        ] GC(881) PSYoungGen: 343812K(346624K)->2549K(346624K) Eden: 343140K(344064K)->0K(344064K) From: 672K(2560K)->2549K(2560K)
[99.545s][info][gc,heap        ] GC(881) ParOldGen: 113601K(699392K)->155461K(699392K)
[99.545s][info][gc,metaspace   ] GC(881) Metaspace: 36194K(36544K)->36194K(36544K) NonClass: 32025K(32192K)->32025K(32192K) Class: 4168K(4352K)->4168K(4352K)
[99.545s][info][gc             ] GC(881) Pause Young (Allocation Failure) 446M->154M(1021M) 15.258ms
[99.545s][info][gc,cpu         ] GC(881) User=0.09s Sys=0.00s Real=0.02s
[99.867s][info][gc,start       ] GC(882) Pause Young (Allocation Failure)
[99.889s][info][gc,heap        ] GC(882) PSYoungGen: 344961K(346624K)->2557K(269824K) Eden: 342412K(344064K)->0K(267264K) From: 2549K(2560K)->2557K(2560K)
[99.889s][info][gc,heap        ] GC(882) ParOldGen: 155461K(699392K)->221963K(699392K)
[99.889s][info][gc,metaspace   ] GC(882) Metaspace: 36194K(36544K)->36194K(36544K) NonClass: 32025K(32192K)->32025K(32192K) Class: 4168K(4352K)->4168K(4352K)
[99.889s][info][gc             ] GC(882) Pause Young (Allocation Failure) 488M->219M(946M) 21.938ms
[99.889s][info][gc,cpu         ] GC(882) User=0.09s Sys=0.00s Real=0.02s
[100.124s][info][gc,start       ] GC(883) Pause Young (Allocation Failure)
[100.133s][info][gc,heap        ] GC(883) PSYoungGen: 267095K(269824K)->27388K(294912K) Eden: 264537K(267264K)->0K(267264K) From: 2557K(2560K)->27388K(27648K)
[100.133s][info][gc,heap        ] GC(883) ParOldGen: 221963K(699392K)->224128K(699392K)
[100.133s][info][gc,metaspace   ] GC(883) Metaspace: 36194K(36544K)->36194K(36544K) NonClass: 32025K(32192K)->32025K(32192K) Class: 4168K(4352K)->4168K(4352K)
[100.133s][info][gc             ] GC(883) Pause Young (Allocation Failure) 477M->245M(971M) 8.656ms
[100.133s][info][gc,cpu         ] GC(883) User=0.09s Sys=0.00s Real=0.01s
[100.376s][info][gc,start       ] GC(884) Pause Young (Allocation Failure)
[100.383s][info][gc,heap        ] GC(884) PSYoungGen: 294652K(294912K)->14789K(307200K) Eden: 267264K(267264K)->0K(263168K) From: 27388K(27648K)->14789K(44032K)
[100.383s][info][gc,heap        ] GC(884) ParOldGen: 224128K(699392K)->231908K(699392K)
[100.383s][info][gc,metaspace   ] GC(884) Metaspace: 36194K(36544K)->36194K(36544K) NonClass: 32025K(32192K)->32025K(32192K) Class: 4168K(4352K)->4168K(4352K)
[100.383s][info][gc             ] GC(884) Pause Young (Allocation Failure) 506M->240M(983M) 7.144ms
[100.383s][info][gc,cpu         ] GC(884) User=0.00s Sys=0.00s Real=0.01s
[100.609s][info][gc,start       ] GC(885) Pause Young (Allocation Failure)
[100.616s][info][gc,heap        ] GC(885) PSYoungGen: 277957K(307200K)->12002K(305152K) Eden: 263168K(263168K)->0K(263168K) From: 14789K(44032K)->12002K(41984K)
[100.616s][info][gc,heap        ] GC(885) ParOldGen: 231908K(699392K)->235752K(699392K)
[100.616s][info][gc,metaspace   ] GC(885) Metaspace: 36194K(36544K)->36194K(36544K) NonClass: 32025K(32192K)->32025K(32192K) Class: 4168K(4352K)->4168K(4352K)
[100.616s][info][gc             ] GC(885) Pause Young (Allocation Failure) 497M->241M(981M) 6.771ms
[100.616s][info][gc,cpu         ] GC(885) User=0.02s Sys=0.00s Real=0.01s
[100.837s][info][gc,start       ] GC(886) Pause Young (Allocation Failure)
[100.842s][info][gc,heap        ] GC(886) PSYoungGen: 275170K(305152K)->9482K(312320K) Eden: 263168K(263168K)->0K(273408K) From: 12002K(41984K)->9482K(38912K)
[100.842s][info][gc,heap        ] GC(886) ParOldGen: 235752K(699392K)->237569K(699392K)
[100.842s][info][gc,metaspace   ] GC(886) Metaspace: 36194K(36544K)->36194K(36544K) NonClass: 32025K(32192K)->32025K(32192K) Class: 4168K(4352K)->4168K(4352K)
[100.842s][info][gc             ] GC(886) Pause Young (Allocation Failure) 498M->241M(988M) 5.387ms
[100.842s][info][gc,cpu         ] GC(886) User=0.00s Sys=0.00s Real=0.01s
[101.079s][info][gc,start       ] GC(887) Pause Young (Allocation Failure)
[101.086s][info][gc,heap        ] GC(887) PSYoungGen: 282890K(312320K)->12904K(310272K) Eden: 273408K(273408K)->0K(273408K) From: 9482K(38912K)->12904K(36864K)
[101.086s][info][gc,heap        ] GC(887) ParOldGen: 237569K(699392K)->238252K(699392K)
[101.086s][info][gc,metaspace   ] GC(887) Metaspace: 36194K(36544K)->36194K(36544K) NonClass: 32025K(32192K)->32025K(32192K) Class: 4168K(4352K)->4168K(4352K)
[101.086s][info][gc             ] GC(887) Pause Young (Allocation Failure) 508M->245M(986M) 6.358ms
[101.086s][info][gc,cpu         ] GC(887) User=0.00s Sys=0.00s Real=0.01s
[101.310s][info][gc,start       ] GC(888) Pause Young (Allocation Failure)
[101.317s][info][gc,heap        ] GC(888) PSYoungGen: 286312K(310272K)->12033K(316416K) Eden: 273408K(273408K)->0K(281600K) From: 12904K(36864K)->12033K(34816K)
[101.317s][info][gc,heap        ] GC(888) ParOldGen: 238252K(699392K)->239611K(699392K)
[101.317s][info][gc,metaspace   ] GC(888) Metaspace: 36194K(36544K)->36194K(36544K) NonClass: 32025K(32192K)->32025K(32192K) Class: 4168K(4352K)->4168K(4352K)
[101.317s][info][gc             ] GC(888) Pause Young (Allocation Failure) 512M->245M(992M) 6.626ms
[101.317s][info][gc,cpu         ] GC(888) User=0.08s Sys=0.00s Real=0.01s
[101.563s][info][gc,start       ] GC(889) Pause Young (Allocation Failure)
[101.569s][info][gc,heap        ] GC(889) PSYoungGen: 293633K(316416K)->11470K(314368K) Eden: 281600K(281600K)->0K(281600K) From: 12033K(34816K)->11470K(32768K)
[101.569s][info][gc,heap        ] GC(889) ParOldGen: 239611K(699392K)->241557K(699392K)
[101.569s][info][gc,metaspace   ] GC(889) Metaspace: 36194K(36544K)->36194K(36544K) NonClass: 32025K(32192K)->32025K(32192K) Class: 4168K(4352K)->4168K(4352K)
[101.569s][info][gc             ] GC(889) Pause Young (Allocation Failure) 520M->247M(990M) 6.159ms
[101.569s][info][gc,cpu         ] GC(889) User=0.00s Sys=0.00s Real=0.01s
[101.809s][info][gc,start       ] GC(890) Pause Young (Allocation Failure)
[101.814s][info][gc,heap        ] GC(890) PSYoungGen: 293070K(314368K)->9365K(319488K) Eden: 281600K(281600K)->0K(288768K) From: 11470K(32768K)->9365K(30720K)
[101.814s][info][gc,heap        ] GC(890) ParOldGen: 241557K(699392K)->244375K(699392K)
[101.814s][info][gc,metaspace   ] GC(890) Metaspace: 36194K(36544K)->36194K(36544K) NonClass: 32025K(32192K)->32025K(32192K) Class: 4168K(4352K)->4168K(4352K)
[101.814s][info][gc             ] GC(890) Pause Young (Allocation Failure) 522M->247M(995M) 5.618ms
[101.814s][info][gc,cpu         ] GC(890) User=0.09s Sys=0.00s Real=0.00s
[102.065s][info][gc,start       ] GC(891) Pause Young (Allocation Failure)
[102.073s][info][gc,heap        ] GC(891) PSYoungGen: 295894K(319488K)->16513K(318464K) Eden: 286528K(288768K)->0K(288768K) From: 9365K(30720K)->16513K(29696K)
[102.073s][info][gc,heap        ] GC(891) ParOldGen: 244375K(699392K)->246293K(699392K)
[102.073s][info][gc,metaspace   ] GC(891) Metaspace: 36194K(36544K)->36194K(36544K) NonClass: 32025K(32192K)->32025K(32192K) Class: 4168K(4352K)->4168K(4352K)
[102.073s][info][gc             ] GC(891) Pause Young (Allocation Failure) 527M->256M(994M) 7.228ms
[102.073s][info][gc,cpu         ] GC(891) User=0.00s Sys=0.00s Real=0.01s
[102.316s][info][gc,start       ] GC(892) Pause Young (Allocation Failure)
[102.322s][info][gc,heap        ] GC(892) PSYoungGen: 305281K(318464K)->12304K(321536K) Eden: 288768K(288768K)->0K(291840K) From: 16513K(29696K)->12304K(29696K)
[102.322s][info][gc,heap        ] GC(892) ParOldGen: 246293K(699392K)->248258K(699392K)
[102.322s][info][gc,metaspace   ] GC(892) Metaspace: 36194K(36544K)->36194K(36544K) NonClass: 32025K(32192K)->32025K(32192K) Class: 4168K(4352K)->4168K(4352K)
[102.322s][info][gc             ] GC(892) Pause Young (Allocation Failure) 538M->254M(997M) 6.284ms
[102.322s][info][gc,cpu         ] GC(892) User=0.00s Sys=0.00s Real=0.01s
[102.431s][info][gc,start       ] GC(893) Pause Young (System.gc())
[102.435s][info][gc,heap        ] GC(893) PSYoungGen: 135459K(321536K)->5194K(319488K) Eden: 123154K(291840K)->0K(291840K) From: 12304K(29696K)->5194K(27648K)
[102.435s][info][gc,heap        ] GC(893) ParOldGen: 248258K(699392K)->251775K(699392K)
[102.435s][info][gc,metaspace   ] GC(893) Metaspace: 36196K(36544K)->36196K(36544K) NonClass: 32027K(32192K)->32027K(32192K) Class: 4168K(4352K)->4168K(4352K)
[102.435s][info][gc             ] GC(893) Pause Young (System.gc()) 374M->250M(995M) 4.584ms
[102.435s][info][gc,cpu         ] GC(893) User=0.00s Sys=0.00s Real=0.01s
[102.436s][info][gc,start       ] GC(894) Pause Full (System.gc())
[102.436s][info][gc,phases,start] GC(894) Marking Phase
[102.453s][info][gc,phases      ] GC(894) Marking Phase 17.474ms
[102.453s][info][gc,phases,start] GC(894) Summary Phase
[102.453s][info][gc,phases      ] GC(894) Summary Phase 0.026ms
[102.453s][info][gc,phases,start] GC(894) Adjust Roots
[102.457s][info][gc,phases      ] GC(894) Adjust Roots 3.792ms
[102.457s][info][gc,phases,start] GC(894) Compaction Phase
[102.466s][info][gc,phases      ] GC(894) Compaction Phase 9.364ms
[102.466s][info][gc,phases,start] GC(894) Post Compact
[102.468s][info][gc,phases      ] GC(894) Post Compact 1.369ms
[102.468s][info][gc,heap        ] GC(894) PSYoungGen: 5194K(319488K)->0K(319488K) Eden: 0K(291840K)->0K(291840K) From: 5194K(27648K)->0K(27648K)
[102.468s][info][gc,heap        ] GC(894) ParOldGen: 251775K(699392K)->111895K(699392K)
[102.468s][info][gc,metaspace   ] GC(894) Metaspace: 36196K(36544K)->36196K(36544K) NonClass: 32027K(32192K)->32027K(32192K) Class: 4168K(4352K)->4168K(4352K)
[102.468s][info][gc             ] GC(894) Pause Full (System.gc()) 250M->109M(995M) 32.389ms
[102.468s][info][gc,cpu         ] GC(894) User=0.11s Sys=0.00s Real=0.03s
[102.516s][info][gc,start       ] GC(895) Pause Young (Allocation Failure)
[102.516s][info][gc,heap        ] GC(895) PSYoungGen: 291840K(319488K)->192K(320512K) Eden: 291840K(291840K)->0K(292864K) From: 0K(27648K)->192K(27648K)
[102.516s][info][gc,heap        ] GC(895) ParOldGen: 111895K(699392K)->111895K(699392K)
[102.516s][info][gc,metaspace   ] GC(895) Metaspace: 36196K(36544K)->36196K(36544K) NonClass: 32028K(32192K)->32028K(32192K) Class: 4168K(4352K)->4168K(4352K)
[102.516s][info][gc             ] GC(895) Pause Young (Allocation Failure) 394M->109M(996M) 0.398ms
[102.516s][info][gc,cpu         ] GC(895) User=0.00s Sys=0.00s Real=0.00s
[102.569s][info][gc,start       ] GC(896) Pause Young (Allocation Failure)
[102.570s][info][gc,heap        ] GC(896) PSYoungGen: 293056K(320512K)->160K(321024K) Eden: 292864K(292864K)->0K(292864K) From: 192K(27648K)->160K(28160K)
[102.570s][info][gc,heap        ] GC(896) ParOldGen: 111895K(699392K)->111935K(699392K)
[102.570s][info][gc,metaspace   ] GC(896) Metaspace: 36196K(36544K)->36196K(36544K) NonClass: 32028K(32192K)->32028K(32192K) Class: 4168K(4352K)->4168K(4352K)
[102.570s][info][gc             ] GC(896) Pause Young (Allocation Failure) 395M->109M(996M) 0.645ms
[102.570s][info][gc,cpu         ] GC(896) User=0.00s Sys=0.00s Real=0.00s
[102.615s][info][gc,start       ] GC(897) Pause Young (Allocation Failure)
[102.616s][info][gc,heap        ] GC(897) PSYoungGen: 293024K(321024K)->160K(321536K) Eden: 292864K(292864K)->0K(293376K) From: 160K(28160K)->160K(28160K)
[102.616s][info][gc,heap        ] GC(897) ParOldGen: 111935K(699392K)->111935K(699392K)
[102.616s][info][gc,metaspace   ] GC(897) Metaspace: 36196K(36544K)->36196K(36544K) NonClass: 32028K(32192K)->32028K(32192K) Class: 4168K(4352K)->4168K(4352K)
[102.616s][info][gc             ] GC(897) Pause Young (Allocation Failure) 395M->109M(997M) 0.595ms
[102.616s][info][gc,cpu         ] GC(897) User=0.00s Sys=0.00s Real=0.00s
[102.661s][info][gc,start       ] GC(898) Pause Young (Allocation Failure)
[102.662s][info][gc,heap        ] GC(898) PSYoungGen: 293536K(321536K)->128K(321024K) Eden: 293376K(293376K)->0K(293376K) From: 160K(28160K)->128K(27648K)
[102.662s][info][gc,heap        ] GC(898) ParOldGen: 111935K(699392K)->111935K(699392K)
[102.662s][info][gc,metaspace   ] GC(898) Metaspace: 36196K(36544K)->36196K(36544K) NonClass: 32028K(32192K)->32028K(32192K) Class: 4168K(4352K)->4168K(4352K)
[102.662s][info][gc             ] GC(898) Pause Young (Allocation Failure) 395M->109M(996M) 0.764ms
[102.662s][info][gc,cpu         ] GC(898) User=0.00s Sys=0.00s Real=0.00s
[102.709s][info][gc,start       ] GC(899) Pause Young (Allocation Failure)
[102.709s][info][gc,heap        ] GC(899) PSYoungGen: 293504K(321024K)->192K(322560K) Eden: 293376K(293376K)->0K(294912K) From: 128K(27648K)->192K(27648K)
[102.709s][info][gc,heap        ] GC(899) ParOldGen: 111935K(699392K)->111935K(699392K)
[102.709s][info][gc,metaspace   ] GC(899) Metaspace: 36196K(36544K)->36196K(36544K) NonClass: 32028K(32192K)->32028K(32192K) Class: 4168K(4352K)->4168K(4352K)
[102.709s][info][gc             ] GC(899) Pause Young (Allocation Failure) 395M->109M(998M) 0.752ms
[102.709s][info][gc,cpu         ] GC(899) User=0.00s Sys=0.00s Real=0.00s
[102.755s][info][gc,start       ] GC(900) Pause Young (Allocation Failure)
[102.755s][info][gc,heap        ] GC(900) PSYoungGen: 295104K(322560K)->192K(321536K) Eden: 294912K(294912K)->0K(294912K) From: 192K(27648K)->192K(26624K)
[102.755s][info][gc,heap        ] GC(900) ParOldGen: 111935K(699392K)->111935K(699392K)
[102.755s][info][gc,metaspace   ] GC(900) Metaspace: 36196K(36544K)->36196K(36544K) NonClass: 32028K(32192K)->32028K(32192K) Class: 4168K(4352K)->4168K(4352K)
[102.755s][info][gc             ] GC(900) Pause Young (Allocation Failure) 397M->109M(997M) 0.390ms
[102.755s][info][gc,cpu         ] GC(900) User=0.00s Sys=0.00s Real=0.00s
[102.799s][info][gc,start       ] GC(901) Pause Young (Allocation Failure)
[102.800s][info][gc,heap        ] GC(901) PSYoungGen: 295104K(321536K)->192K(324096K) Eden: 294912K(294912K)->0K(297984K) From: 192K(26624K)->192K(26112K)
[102.800s][info][gc,heap        ] GC(901) ParOldGen: 111935K(699392K)->111935K(699392K)
[102.800s][info][gc,metaspace   ] GC(901) Metaspace: 36196K(36544K)->36196K(36544K) NonClass: 32028K(32192K)->32028K(32192K) Class: 4168K(4352K)->4168K(4352K)
[102.800s][info][gc             ] GC(901) Pause Young (Allocation Failure) 397M->109M(999M) 0.401ms
[102.800s][info][gc,cpu         ] GC(901) User=0.00s Sys=0.00s Real=0.00s
[102.846s][info][gc,start       ] GC(902) Pause Young (Allocation Failure)
[102.847s][info][gc,heap        ] GC(902) PSYoungGen: 298176K(324096K)->192K(323072K) Eden: 297984K(297984K)->0K(297984K) From: 192K(26112K)->192K(25088K)
[102.847s][info][gc,heap        ] GC(902) ParOldGen: 111935K(699392K)->111935K(699392K)
[102.847s][info][gc,metaspace   ] GC(902) Metaspace: 36196K(36544K)->36196K(36544K) NonClass: 32028K(32192K)->32028K(32192K) Class: 4168K(4352K)->4168K(4352K)
[102.847s][info][gc             ] GC(902) Pause Young (Allocation Failure) 400M->109M(998M) 0.429ms
[102.847s][info][gc,cpu         ] GC(902) User=0.00s Sys=0.00s Real=0.00s
[102.891s][info][gc,start       ] GC(903) Pause Young (Allocation Failure)
[102.892s][info][gc,heap        ] GC(903) PSYoungGen: 298176K(323072K)->192K(326144K) Eden: 297984K(297984K)->0K(302080K) From: 192K(25088K)->192K(24064K)
[102.892s][info][gc,heap        ] GC(903) ParOldGen: 111935K(699392K)->111935K(699392K)
[102.892s][info][gc,metaspace   ] GC(903) Metaspace: 36196K(36544K)->36196K(36544K) NonClass: 32028K(32192K)->32028K(32192K) Class: 4168K(4352K)->4168K(4352K)
[102.892s][info][gc             ] GC(903) Pause Young (Allocation Failure) 400M->109M(1001M) 0.411ms
[102.892s][info][gc,cpu         ] GC(903) User=0.00s Sys=0.00s Real=0.00s
[102.937s][info][gc,start       ] GC(904) Pause Young (Allocation Failure)
[102.937s][info][gc,heap        ] GC(904) PSYoungGen: 302272K(326144K)->192K(325120K) Eden: 302080K(302080K)->0K(302080K) From: 192K(24064K)->192K(23040K)
[102.937s][info][gc,heap        ] GC(904) ParOldGen: 111935K(699392K)->111935K(699392K)
[102.937s][info][gc,metaspace   ] GC(904) Metaspace: 36196K(36544K)->36196K(36544K) NonClass: 32028K(32192K)->32028K(32192K) Class: 4168K(4352K)->4168K(4352K)
[102.937s][info][gc             ] GC(904) Pause Young (Allocation Failure) 404M->109M(1000M) 0.368ms
[102.937s][info][gc,cpu         ] GC(904) User=0.09s Sys=0.00s Real=0.00s
[102.983s][info][gc,start       ] GC(905) Pause Young (Allocation Failure)
[102.983s][info][gc,heap        ] GC(905) PSYoungGen: 302272K(325120K)->192K(328192K) Eden: 302080K(302080K)->0K(306176K) From: 192K(23040K)->192K(22016K)
[102.983s][info][gc,heap        ] GC(905) ParOldGen: 111935K(699392K)->111935K(699392K)
[102.983s][info][gc,metaspace   ] GC(905) Metaspace: 36196K(36544K)->36196K(36544K) NonClass: 32028K(32192K)->32028K(32192K) Class: 4168K(4352K)->4168K(4352K)
[102.983s][info][gc             ] GC(905) Pause Young (Allocation Failure) 404M->109M(1003M) 0.360ms
[102.984s][info][gc,cpu         ] GC(905) User=0.00s Sys=0.00s Real=0.00s
[103.031s][info][gc,start       ] GC(906) Pause Young (Allocation Failure)
[103.031s][info][gc,heap        ] GC(906) PSYoungGen: 306368K(328192K)->128K(327168K) Eden: 306176K(306176K)->0K(306176K) From: 192K(22016K)->128K(20992K)
[103.031s][info][gc,heap        ] GC(906) ParOldGen: 111935K(699392K)->111935K(699392K)
[103.031s][info][gc,metaspace   ] GC(906) Metaspace: 36196K(36544K)->36196K(36544K) NonClass: 32028K(32192K)->32028K(32192K) Class: 4168K(4352K)->4168K(4352K)
[103.031s][info][gc             ] GC(906) Pause Young (Allocation Failure) 408M->109M(1002M) 0.426ms
[103.031s][info][gc,cpu         ] GC(906) User=0.08s Sys=0.02s Real=0.00s
[103.078s][info][gc,start       ] GC(907) Pause Young (Allocation Failure)
[103.079s][info][gc,heap        ] GC(907) PSYoungGen: 306304K(327168K)->160K(330240K) Eden: 306176K(306176K)->0K(310272K) From: 128K(20992K)->160K(19968K)
[103.079s][info][gc,heap        ] GC(907) ParOldGen: 111935K(699392K)->111935K(699392K)
[103.079s][info][gc,metaspace   ] GC(907) Metaspace: 36196K(36544K)->36196K(36544K) NonClass: 32028K(32192K)->32028K(32192K) Class: 4168K(4352K)->4168K(4352K)
[103.079s][info][gc             ] GC(907) Pause Young (Allocation Failure) 408M->109M(1005M) 0.413ms
[103.079s][info][gc,cpu         ] GC(907) User=0.00s Sys=0.00s Real=0.00s
[103.126s][info][gc,start       ] GC(908) Pause Young (Allocation Failure)
[103.127s][info][gc,heap        ] GC(908) PSYoungGen: 310432K(330240K)->192K(329216K) Eden: 310272K(310272K)->0K(310272K) From: 160K(19968K)->192K(18944K)
[103.127s][info][gc,heap        ] GC(908) ParOldGen: 111935K(699392K)->111935K(699392K)
[103.127s][info][gc,metaspace   ] GC(908) Metaspace: 36196K(36544K)->36196K(36544K) NonClass: 32028K(32192K)->32028K(32192K) Class: 4168K(4352K)->4168K(4352K)
[103.127s][info][gc             ] GC(908) Pause Young (Allocation Failure) 412M->109M(1004M) 0.383ms
[103.127s][info][gc,cpu         ] GC(908) User=0.00s Sys=0.00s Real=0.00s
[103.182s][info][gc,start       ] GC(909) Pause Young (Allocation Failure)
[103.183s][info][gc,heap        ] GC(909) PSYoungGen: 310464K(329216K)->192K(332288K) Eden: 310272K(310272K)->0K(314368K) From: 192K(18944K)->192K(17920K)
[103.183s][info][gc,heap        ] GC(909) ParOldGen: 111935K(699392K)->111935K(699392K)
[103.183s][info][gc,metaspace   ] GC(909) Metaspace: 36196K(36544K)->36196K(36544K) NonClass: 32028K(32192K)->32028K(32192K) Class: 4168K(4352K)->4168K(4352K)
[103.183s][info][gc             ] GC(909) Pause Young (Allocation Failure) 412M->109M(1007M) 0.392ms
[103.183s][info][gc,cpu         ] GC(909) User=0.00s Sys=0.00s Real=0.00s
[103.243s][info][gc,start       ] GC(910) Pause Young (Allocation Failure)
[103.243s][info][gc,heap        ] GC(910) PSYoungGen: 314560K(332288K)->160K(331264K) Eden: 314368K(314368K)->0K(314368K) From: 192K(17920K)->160K(16896K)
[103.243s][info][gc,heap        ] GC(910) ParOldGen: 111935K(699392K)->111983K(699392K)
[103.243s][info][gc,metaspace   ] GC(910) Metaspace: 36196K(36544K)->36196K(36544K) NonClass: 32028K(32192K)->32028K(32192K) Class: 4168K(4352K)->4168K(4352K)
[103.243s][info][gc             ] GC(910) Pause Young (Allocation Failure) 416M->109M(1006M) 0.454ms
[103.243s][info][gc,cpu         ] GC(910) User=0.00s Sys=0.00s Real=0.00s
[103.305s][info][gc,start       ] GC(911) Pause Young (Allocation Failure)
[103.305s][info][gc,heap        ] GC(911) PSYoungGen: 314528K(331264K)->160K(334336K) Eden: 314368K(314368K)->0K(318464K) From: 160K(16896K)->160K(15872K)
[103.305s][info][gc,heap        ] GC(911) ParOldGen: 111983K(699392K)->111983K(699392K)
[103.305s][info][gc,metaspace   ] GC(911) Metaspace: 36196K(36544K)->36196K(36544K) NonClass: 32028K(32192K)->32028K(32192K) Class: 4168K(4352K)->4168K(4352K)
[103.305s][info][gc             ] GC(911) Pause Young (Allocation Failure) 416M->109M(1009M) 0.458ms
[103.305s][info][gc,cpu         ] GC(911) User=0.00s Sys=0.00s Real=0.00s
[103.368s][info][gc,start       ] GC(912) Pause Young (Allocation Failure)
[103.368s][info][gc,heap        ] GC(912) PSYoungGen: 318624K(334336K)->192K(333312K) Eden: 318464K(318464K)->0K(318464K) From: 160K(15872K)->192K(14848K)
[103.368s][info][gc,heap        ] GC(912) ParOldGen: 111983K(699392K)->111983K(699392K)
[103.368s][info][gc,metaspace   ] GC(912) Metaspace: 36196K(36544K)->36196K(36544K) NonClass: 32028K(32192K)->32028K(32192K) Class: 4168K(4352K)->4168K(4352K)
[103.368s][info][gc             ] GC(912) Pause Young (Allocation Failure) 420M->109M(1008M) 0.402ms
[103.368s][info][gc,cpu         ] GC(912) User=0.00s Sys=0.00s Real=0.00s
[103.430s][info][gc,start       ] GC(913) Pause Young (Allocation Failure)
[103.431s][info][gc,heap        ] GC(913) PSYoungGen: 318656K(333312K)->160K(335872K) Eden: 318464K(318464K)->0K(322048K) From: 192K(14848K)->160K(13824K)
[103.431s][info][gc,heap        ] GC(913) ParOldGen: 111983K(699392K)->111983K(699392K)
[103.431s][info][gc,metaspace   ] GC(913) Metaspace: 36196K(36544K)->36196K(36544K) NonClass: 32028K(32192K)->32028K(32192K) Class: 4168K(4352K)->4168K(4352K)
[103.431s][info][gc             ] GC(913) Pause Young (Allocation Failure) 420M->109M(1011M) 0.442ms
[103.431s][info][gc,cpu         ] GC(913) User=0.00s Sys=0.00s Real=0.00s
[103.494s][info][gc,start       ] GC(914) Pause Young (Allocation Failure)
[103.495s][info][gc,heap        ] GC(914) PSYoungGen: 322208K(335872K)->160K(335360K) Eden: 322048K(322048K)->0K(322048K) From: 160K(13824K)->160K(13312K)
[103.495s][info][gc,heap        ] GC(914) ParOldGen: 111983K(699392K)->111983K(699392K)
[103.495s][info][gc,metaspace   ] GC(914) Metaspace: 36196K(36544K)->36196K(36544K) NonClass: 32028K(32192K)->32028K(32192K) Class: 4168K(4352K)->4168K(4352K)
[103.495s][info][gc             ] GC(914) Pause Young (Allocation Failure) 424M->109M(1010M) 0.402ms
[103.495s][info][gc,cpu         ] GC(914) User=0.00s Sys=0.00s Real=0.00s
[103.555s][info][gc,start       ] GC(915) Pause Young (Allocation Failure)
[103.556s][info][gc,heap        ] GC(915) PSYoungGen: 322208K(335360K)->160K(337920K) Eden: 322048K(322048K)->0K(325632K) From: 160K(13312K)->160K(12288K)
[103.556s][info][gc,heap        ] GC(915) ParOldGen: 111983K(699392K)->111983K(699392K)
[103.556s][info][gc,metaspace   ] GC(915) Metaspace: 36196K(36544K)->36196K(36544K) NonClass: 32028K(32192K)->32028K(32192K) Class: 4168K(4352K)->4168K(4352K)
[103.556s][info][gc             ] GC(915) Pause Young (Allocation Failure) 424M->109M(1013M) 0.418ms
[103.556s][info][gc,cpu         ] GC(915) User=0.00s Sys=0.00s Real=0.00s
[103.617s][info][gc,start       ] GC(916) Pause Young (Allocation Failure)
[103.618s][info][gc,heap        ] GC(916) PSYoungGen: 325792K(337920K)->160K(336896K) Eden: 325632K(325632K)->0K(325632K) From: 160K(12288K)->160K(11264K)
[103.618s][info][gc,heap        ] GC(916) ParOldGen: 111983K(699392K)->111983K(699392K)
[103.618s][info][gc,metaspace   ] GC(916) Metaspace: 36196K(36544K)->36196K(36544K) NonClass: 32028K(32192K)->32028K(32192K) Class: 4168K(4352K)->4168K(4352K)
[103.618s][info][gc             ] GC(916) Pause Young (Allocation Failure) 427M->109M(1012M) 0.458ms
[103.618s][info][gc,cpu         ] GC(916) User=0.00s Sys=0.00s Real=0.00s
[103.680s][info][gc,start       ] GC(917) Pause Young (Allocation Failure)
[103.681s][info][gc,heap        ] GC(917) PSYoungGen: 325792K(336896K)->192K(339456K) Eden: 325632K(325632K)->0K(328704K) From: 160K(11264K)->192K(10752K)
[103.681s][info][gc,heap        ] GC(917) ParOldGen: 111983K(699392K)->111983K(699392K)
[103.681s][info][gc,metaspace   ] GC(917) Metaspace: 36196K(36544K)->36196K(36544K) NonClass: 32028K(32192K)->32028K(32192K) Class: 4168K(4352K)->4168K(4352K)
[103.681s][info][gc             ] GC(917) Pause Young (Allocation Failure) 427M->109M(1014M) 0.386ms
[103.681s][info][gc,cpu         ] GC(917) User=0.00s Sys=0.00s Real=0.00s
[103.743s][info][gc,start       ] GC(918) Pause Young (Allocation Failure)
[103.743s][info][gc,heap        ] GC(918) PSYoungGen: 328896K(339456K)->192K(338432K) Eden: 328704K(328704K)->0K(328704K) From: 192K(10752K)->192K(9728K)
[103.743s][info][gc,heap        ] GC(918) ParOldGen: 111983K(699392K)->111983K(699392K)
[103.743s][info][gc,metaspace   ] GC(918) Metaspace: 36196K(36544K)->36196K(36544K) NonClass: 32028K(32192K)->32028K(32192K) Class: 4168K(4352K)->4168K(4352K)
[103.743s][info][gc             ] GC(918) Pause Young (Allocation Failure) 430M->109M(1013M) 0.519ms
[103.743s][info][gc,cpu         ] GC(918) User=0.00s Sys=0.00s Real=0.00s
[103.806s][info][gc,start       ] GC(919) Pause Young (Allocation Failure)
[103.807s][info][gc,heap        ] GC(919) PSYoungGen: 328896K(338432K)->192K(340480K) Eden: 328704K(328704K)->0K(331264K) From: 192K(9728K)->192K(9216K)
[103.807s][info][gc,heap        ] GC(919) ParOldGen: 111983K(699392K)->111983K(699392K)
[103.807s][info][gc,metaspace   ] GC(919) Metaspace: 36196K(36544K)->36196K(36544K) NonClass: 32028K(32192K)->32028K(32192K) Class: 4168K(4352K)->4168K(4352K)
[103.807s][info][gc             ] GC(919) Pause Young (Allocation Failure) 430M->109M(1015M) 0.417ms
[103.807s][info][gc,cpu         ] GC(919) User=0.00s Sys=0.00s Real=0.00s
[103.869s][info][gc,start       ] GC(920) Pause Young (Allocation Failure)
[103.870s][info][gc,heap        ] GC(920) PSYoungGen: 331456K(340480K)->160K(339968K) Eden: 331264K(331264K)->0K(331264K) From: 192K(9216K)->160K(8704K)
[103.870s][info][gc,heap        ] GC(920) ParOldGen: 111983K(699392K)->111983K(699392K)
[103.870s][info][gc,metaspace   ] GC(920) Metaspace: 36196K(36544K)->36196K(36544K) NonClass: 32028K(32192K)->32028K(32192K) Class: 4168K(4352K)->4168K(4352K)
[103.870s][info][gc             ] GC(920) Pause Young (Allocation Failure) 433M->109M(1015M) 0.398ms
[103.870s][info][gc,cpu         ] GC(920) User=0.00s Sys=0.00s Real=0.00s
[103.931s][info][gc,start       ] GC(921) Pause Young (Allocation Failure)
[103.932s][info][gc,heap        ] GC(921) PSYoungGen: 331424K(339968K)->160K(341504K) Eden: 331264K(331264K)->0K(333312K) From: 160K(8704K)->160K(8192K)
[103.932s][info][gc,heap        ] GC(921) ParOldGen: 111983K(699392K)->111983K(699392K)
[103.932s][info][gc,metaspace   ] GC(921) Metaspace: 36196K(36544K)->36196K(36544K) NonClass: 32028K(32192K)->32028K(32192K) Class: 4168K(4352K)->4168K(4352K)
[103.932s][info][gc             ] GC(921) Pause Young (Allocation Failure) 433M->109M(1016M) 0.410ms
[103.932s][info][gc,cpu         ] GC(921) User=0.00s Sys=0.00s Real=0.00s
[103.994s][info][gc,start       ] GC(922) Pause Young (Allocation Failure)
[103.995s][info][gc,heap        ] GC(922) PSYoungGen: 333472K(341504K)->192K(340992K) Eden: 333312K(333312K)->0K(333312K) From: 160K(8192K)->192K(7680K)
[103.995s][info][gc,heap        ] GC(922) ParOldGen: 111983K(699392K)->111983K(699392K)
[103.995s][info][gc,metaspace   ] GC(922) Metaspace: 36196K(36544K)->36196K(36544K) NonClass: 32028K(32192K)->32028K(32192K) Class: 4168K(4352K)->4168K(4352K)
[103.995s][info][gc             ] GC(922) Pause Young (Allocation Failure) 435M->109M(1016M) 0.414ms
[103.995s][info][gc,cpu         ] GC(922) User=0.00s Sys=0.00s Real=0.00s
[104.058s][info][gc,start       ] GC(923) Pause Young (Allocation Failure)
[104.058s][info][gc,heap        ] GC(923) PSYoungGen: 333504K(340992K)->160K(342528K) Eden: 333312K(333312K)->0K(335360K) From: 192K(7680K)->160K(7168K)
[104.059s][info][gc,heap        ] GC(923) ParOldGen: 111983K(699392K)->111983K(699392K)
[104.059s][info][gc,metaspace   ] GC(923) Metaspace: 36196K(36544K)->36196K(36544K) NonClass: 32028K(32192K)->32028K(32192K) Class: 4168K(4352K)->4168K(4352K)
[104.059s][info][gc             ] GC(923) Pause Young (Allocation Failure) 435M->109M(1017M) 0.549ms
[104.059s][info][gc,cpu         ] GC(923) User=0.00s Sys=0.00s Real=0.02s
[104.122s][info][gc,start       ] GC(924) Pause Young (Allocation Failure)
[104.122s][info][gc,heap        ] GC(924) PSYoungGen: 335520K(342528K)->192K(342016K) Eden: 335360K(335360K)->0K(335360K) From: 160K(7168K)->192K(6656K)
[104.122s][info][gc,heap        ] GC(924) ParOldGen: 111983K(699392K)->111983K(699392K)
[104.122s][info][gc,metaspace   ] GC(924) Metaspace: 36196K(36544K)->36196K(36544K) NonClass: 32028K(32192K)->32028K(32192K) Class: 4168K(4352K)->4168K(4352K)
[104.122s][info][gc             ] GC(924) Pause Young (Allocation Failure) 437M->109M(1017M) 0.432ms
[104.122s][info][gc,cpu         ] GC(924) User=0.00s Sys=0.00s Real=0.00s
[104.187s][info][gc,start       ] GC(925) Pause Young (Allocation Failure)
[104.188s][info][gc,heap        ] GC(925) PSYoungGen: 335552K(342016K)->192K(343552K) Eden: 335360K(335360K)->0K(337408K) From: 192K(6656K)->192K(6144K)
[104.188s][info][gc,heap        ] GC(925) ParOldGen: 111983K(699392K)->111983K(699392K)
[104.188s][info][gc,metaspace   ] GC(925) Metaspace: 36196K(36544K)->36196K(36544K) NonClass: 32028K(32192K)->32028K(32192K) Class: 4168K(4352K)->4168K(4352K)
[104.188s][info][gc             ] GC(925) Pause Young (Allocation Failure) 437M->109M(1018M) 0.444ms
[104.188s][info][gc,cpu         ] GC(925) User=0.00s Sys=0.00s Real=0.00s
[104.253s][info][gc,start       ] GC(926) Pause Young (Allocation Failure)
[104.253s][info][gc,heap        ] GC(926) PSYoungGen: 337600K(343552K)->160K(343040K) Eden: 337408K(337408K)->0K(337408K) From: 192K(6144K)->160K(5632K)
[104.253s][info][gc,heap        ] GC(926) ParOldGen: 111983K(699392K)->111983K(699392K)
[104.253s][info][gc,metaspace   ] GC(926) Metaspace: 36196K(36544K)->36196K(36544K) NonClass: 32028K(32192K)->32028K(32192K) Class: 4168K(4352K)->4168K(4352K)
[104.253s][info][gc             ] GC(926) Pause Young (Allocation Failure) 439M->109M(1018M) 0.463ms
[104.253s][info][gc,cpu         ] GC(926) User=0.00s Sys=0.00s Real=0.00s
[104.315s][info][gc,start       ] GC(927) Pause Young (Allocation Failure)
[104.315s][info][gc,heap        ] GC(927) PSYoungGen: 337568K(343040K)->160K(344576K) Eden: 337408K(337408K)->0K(339456K) From: 160K(5632K)->160K(5120K)
[104.315s][info][gc,heap        ] GC(927) ParOldGen: 111983K(699392K)->111983K(699392K)
[104.315s][info][gc,metaspace   ] GC(927) Metaspace: 36196K(36544K)->36196K(36544K) NonClass: 32028K(32192K)->32028K(32192K) Class: 4168K(4352K)->4168K(4352K)
[104.315s][info][gc             ] GC(927) Pause Young (Allocation Failure) 439M->109M(1019M) 0.460ms
[104.315s][info][gc,cpu         ] GC(927) User=0.00s Sys=0.00s Real=0.00s
[104.379s][info][gc,start       ] GC(928) Pause Young (Allocation Failure)
[104.379s][info][gc,heap        ] GC(928) PSYoungGen: 339616K(344576K)->160K(344064K) Eden: 339456K(339456K)->0K(339456K) From: 160K(5120K)->160K(4608K)
[104.379s][info][gc,heap        ] GC(928) ParOldGen: 111983K(699392K)->111983K(699392K)
[104.379s][info][gc,metaspace   ] GC(928) Metaspace: 36196K(36544K)->36196K(36544K) NonClass: 32028K(32192K)->32028K(32192K) Class: 4168K(4352K)->4168K(4352K)
[104.379s][info][gc             ] GC(928) Pause Young (Allocation Failure) 441M->109M(1019M) 0.445ms
[104.379s][info][gc,cpu         ] GC(928) User=0.00s Sys=0.00s Real=0.00s
[104.444s][info][gc,start       ] GC(929) Pause Young (Allocation Failure)
[104.444s][info][gc,heap        ] GC(929) PSYoungGen: 339616K(344064K)->160K(345088K) Eden: 339456K(339456K)->0K(340480K) From: 160K(4608K)->160K(4608K)
[104.444s][info][gc,heap        ] GC(929) ParOldGen: 111983K(699392K)->111983K(699392K)
[104.444s][info][gc,metaspace   ] GC(929) Metaspace: 36196K(36544K)->36196K(36544K) NonClass: 32028K(32192K)->32028K(32192K) Class: 4168K(4352K)->4168K(4352K)
[104.444s][info][gc             ] GC(929) Pause Young (Allocation Failure) 441M->109M(1020M) 0.416ms
[104.444s][info][gc,cpu         ] GC(929) User=0.00s Sys=0.00s Real=0.00s
[104.509s][info][gc,start       ] GC(930) Pause Young (Allocation Failure)
[104.509s][info][gc,heap        ] GC(930) PSYoungGen: 340640K(345088K)->160K(344576K) Eden: 340480K(340480K)->0K(340480K) From: 160K(4608K)->160K(4096K)
[104.509s][info][gc,heap        ] GC(930) ParOldGen: 111983K(699392K)->111983K(699392K)
[104.509s][info][gc,metaspace   ] GC(930) Metaspace: 36196K(36544K)->36196K(36544K) NonClass: 32028K(32192K)->32028K(32192K) Class: 4168K(4352K)->4168K(4352K)
[104.509s][info][gc             ] GC(930) Pause Young (Allocation Failure) 442M->109M(1019M) 0.452ms
[104.509s][info][gc,cpu         ] GC(930) User=0.00s Sys=0.00s Real=0.00s
[104.574s][info][gc,start       ] GC(931) Pause Young (Allocation Failure)
[104.575s][info][gc,heap        ] GC(931) PSYoungGen: 340640K(344576K)->192K(345600K) Eden: 340480K(340480K)->0K(341504K) From: 160K(4096K)->192K(4096K)
[104.575s][info][gc,heap        ] GC(931) ParOldGen: 111983K(699392K)->111983K(699392K)
[104.575s][info][gc,metaspace   ] GC(931) Metaspace: 36196K(36544K)->36196K(36544K) NonClass: 32028K(32192K)->32028K(32192K) Class: 4168K(4352K)->4168K(4352K)
[104.575s][info][gc             ] GC(931) Pause Young (Allocation Failure) 442M->109M(1020M) 0.424ms
[104.575s][info][gc,cpu         ] GC(931) User=0.00s Sys=0.00s Real=0.00s
[104.640s][info][gc,start       ] GC(932) Pause Young (Allocation Failure)
[104.641s][info][gc,heap        ] GC(932) PSYoungGen: 341696K(345600K)->160K(345088K) Eden: 341504K(341504K)->0K(341504K) From: 192K(4096K)->160K(3584K)
[104.641s][info][gc,heap        ] GC(932) ParOldGen: 111983K(699392K)->111983K(699392K)
[104.641s][info][gc,metaspace   ] GC(932) Metaspace: 36196K(36544K)->36196K(36544K) NonClass: 32028K(32192K)->32028K(32192K) Class: 4168K(4352K)->4168K(4352K)
[104.641s][info][gc             ] GC(932) Pause Young (Allocation Failure) 443M->109M(1020M) 0.416ms
[104.641s][info][gc,cpu         ] GC(932) User=0.09s Sys=0.00s Real=0.00s
[104.708s][info][gc,start       ] GC(933) Pause Young (Allocation Failure)
[104.708s][info][gc,heap        ] GC(933) PSYoungGen: 341664K(345088K)->192K(346112K) Eden: 341504K(341504K)->0K(342528K) From: 160K(3584K)->192K(3584K)
[104.708s][info][gc,heap        ] GC(933) ParOldGen: 111983K(699392K)->111983K(699392K)
[104.708s][info][gc,metaspace   ] GC(933) Metaspace: 36196K(36544K)->36196K(36544K) NonClass: 32028K(32192K)->32028K(32192K) Class: 4168K(4352K)->4168K(4352K)
[104.708s][info][gc             ] GC(933) Pause Young (Allocation Failure) 443M->109M(1021M) 0.480ms
[104.708s][info][gc,cpu         ] GC(933) User=0.00s Sys=0.00s Real=0.00s
[104.775s][info][gc,start       ] GC(934) Pause Young (Allocation Failure)
[104.776s][info][gc,heap        ] GC(934) PSYoungGen: 342720K(346112K)->160K(345600K) Eden: 342528K(342528K)->0K(342528K) From: 192K(3584K)->160K(3072K)
[104.776s][info][gc,heap        ] GC(934) ParOldGen: 111983K(699392K)->111983K(699392K)
[104.776s][info][gc,metaspace   ] GC(934) Metaspace: 36196K(36544K)->36196K(36544K) NonClass: 32028K(32192K)->32028K(32192K) Class: 4168K(4352K)->4168K(4352K)
[104.776s][info][gc             ] GC(934) Pause Young (Allocation Failure) 444M->109M(1020M) 0.406ms
[104.776s][info][gc,cpu         ] GC(934) User=0.00s Sys=0.00s Real=0.00s
[104.843s][info][gc,start       ] GC(935) Pause Young (Allocation Failure)
[104.844s][info][gc,heap        ] GC(935) PSYoungGen: 342688K(345600K)->160K(346624K) Eden: 342528K(342528K)->0K(343552K) From: 160K(3072K)->160K(3072K)
[104.844s][info][gc,heap        ] GC(935) ParOldGen: 111983K(699392K)->111983K(699392K)
[104.844s][info][gc,metaspace   ] GC(935) Metaspace: 36196K(36544K)->36196K(36544K) NonClass: 32028K(32192K)->32028K(32192K) Class: 4168K(4352K)->4168K(4352K)
[104.844s][info][gc             ] GC(935) Pause Young (Allocation Failure) 444M->109M(1021M) 0.398ms
[104.844s][info][gc,cpu         ] GC(935) User=0.09s Sys=0.00s Real=0.00s
[104.921s][info][gc,start       ] GC(936) Pause Young (Allocation Failure)
[104.921s][info][gc,heap        ] GC(936) PSYoungGen: 343712K(346624K)->192K(346112K) Eden: 343552K(343552K)->0K(343552K) From: 160K(3072K)->192K(2560K)
[104.921s][info][gc,heap        ] GC(936) ParOldGen: 111983K(699392K)->111983K(699392K)
[104.921s][info][gc,metaspace   ] GC(936) Metaspace: 36196K(36544K)->36196K(36544K) NonClass: 32028K(32192K)->32028K(32192K) Class: 4168K(4352K)->4168K(4352K)
[104.921s][info][gc             ] GC(936) Pause Young (Allocation Failure) 445M->109M(1021M) 0.354ms
[104.921s][info][gc,cpu         ] GC(936) User=0.00s Sys=0.00s Real=0.00s
[105.181s][info][gc,start       ] GC(937) Pause Young (Allocation Failure)
[105.188s][info][gc,heap        ] GC(937) PSYoungGen: 340723K(346112K)->2547K(334336K) Eden: 340531K(343552K)->0K(331776K) From: 192K(2560K)->2547K(2560K)
[105.188s][info][gc,heap        ] GC(937) ParOldGen: 111983K(699392K)->126438K(699392K)
[105.188s][info][gc,metaspace   ] GC(937) Metaspace: 36197K(36544K)->36197K(36544K) NonClass: 32029K(32192K)->32029K(32192K) Class: 4168K(4352K)->4168K(4352K)
[105.188s][info][gc             ] GC(937) Pause Young (Allocation Failure) 442M->125M(1009M) 6.817ms
[105.188s][info][gc,cpu         ] GC(937) User=0.09s Sys=0.00s Real=0.01s
[105.489s][info][gc,start       ] GC(938) Pause Young (Allocation Failure)
[105.502s][info][gc,heap        ] GC(938) PSYoungGen: 331714K(334336K)->8674K(340480K) Eden: 329166K(331776K)->0K(331776K) From: 2547K(2560K)->8674K(8704K)
[105.502s][info][gc,heap        ] GC(938) ParOldGen: 126438K(699392K)->166655K(699392K)
[105.502s][info][gc,metaspace   ] GC(938) Metaspace: 36197K(36544K)->36197K(36544K) NonClass: 32029K(32192K)->32029K(32192K) Class: 4168K(4352K)->4168K(4352K)
[105.502s][info][gc             ] GC(938) Pause Young (Allocation Failure) 447M->171M(1015M) 13.420ms
[105.502s][info][gc,cpu         ] GC(938) User=0.09s Sys=0.00s Real=0.02s
[105.805s][info][gc,start       ] GC(939) Pause Young (Allocation Failure)
[105.819s][info][gc,heap        ] GC(939) PSYoungGen: 337792K(340480K)->8698K(284160K) Eden: 329118K(331776K)->0K(275456K) From: 8674K(8704K)->8698K(8704K)
[105.819s][info][gc,heap        ] GC(939) ParOldGen: 166655K(699392K)->201408K(699392K)
[105.819s][info][gc,metaspace   ] GC(939) Metaspace: 36197K(36544K)->36197K(36544K) NonClass: 32029K(32192K)->32029K(32192K) Class: 4168K(4352K)->4168K(4352K)
[105.819s][info][gc             ] GC(939) Pause Young (Allocation Failure) 492M->205M(960M) 13.837ms
[105.819s][info][gc,cpu         ] GC(939) User=0.09s Sys=0.00s Real=0.01s
[106.068s][info][gc,start       ] GC(940) Pause Young (Allocation Failure)
[106.078s][info][gc,heap        ] GC(940) PSYoungGen: 283078K(284160K)->24193K(300032K) Eden: 274380K(275456K)->0K(275456K) From: 8698K(8704K)->24193K(24576K)
[106.078s][info][gc,heap        ] GC(940) ParOldGen: 201408K(699392K)->206568K(699392K)
[106.078s][info][gc,metaspace   ] GC(940) Metaspace: 36197K(36544K)->36197K(36544K) NonClass: 32029K(32192K)->32029K(32192K) Class: 4168K(4352K)->4168K(4352K)
[106.078s][info][gc             ] GC(940) Pause Young (Allocation Failure) 473M->225M(976M) 10.123ms
[106.078s][info][gc,cpu         ] GC(940) User=0.02s Sys=0.00s Real=0.02s
[106.327s][info][gc,start       ] GC(941) Pause Young (Allocation Failure)
[106.333s][info][gc,heap        ] GC(941) PSYoungGen: 298307K(300032K)->12468K(312320K) Eden: 274114K(275456K)->0K(272896K) From: 24193K(24576K)->12468K(39424K)
[106.333s][info][gc,heap        ] GC(941) ParOldGen: 206568K(699392K)->219030K(699392K)
[106.333s][info][gc,metaspace   ] GC(941) Metaspace: 36197K(36544K)->36197K(36544K) NonClass: 32029K(32192K)->32029K(32192K) Class: 4168K(4352K)->4168K(4352K)
[106.333s][info][gc             ] GC(941) Pause Young (Allocation Failure) 493M->226M(988M) 6.720ms
[106.333s][info][gc,cpu         ] GC(941) User=0.09s Sys=0.00s Real=0.01s
[106.585s][info][gc,start       ] GC(942) Pause Young (Allocation Failure)
[106.591s][info][gc,heap        ] GC(942) PSYoungGen: 285364K(312320K)->12287K(309760K) Eden: 272896K(272896K)->0K(272896K) From: 12468K(39424K)->12287K(36864K)
[106.591s][info][gc,heap        ] GC(942) ParOldGen: 219030K(699392K)->220130K(699392K)
[106.591s][info][gc,metaspace   ] GC(942) Metaspace: 36197K(36544K)->36197K(36544K) NonClass: 32029K(32192K)->32029K(32192K) Class: 4168K(4352K)->4168K(4352K)
[106.591s][info][gc             ] GC(942) Pause Young (Allocation Failure) 492M->226M(985M) 5.965ms
[106.591s][info][gc,cpu         ] GC(942) User=0.00s Sys=0.00s Real=0.02s
[106.826s][info][gc,start       ] GC(943) Pause Young (Allocation Failure)
[106.832s][info][gc,heap        ] GC(943) PSYoungGen: 285183K(309760K)->9688K(316416K) Eden: 272896K(272896K)->0K(281600K) From: 12287K(36864K)->9688K(34816K)
[106.832s][info][gc,heap        ] GC(943) ParOldGen: 220130K(699392K)->220914K(699392K)
[106.832s][info][gc,metaspace   ] GC(943) Metaspace: 36197K(36544K)->36197K(36544K) NonClass: 32029K(32192K)->32029K(32192K) Class: 4168K(4352K)->4168K(4352K)
[106.832s][info][gc             ] GC(943) Pause Young (Allocation Failure) 493M->225M(992M) 5.170ms
[106.832s][info][gc,cpu         ] GC(943) User=0.09s Sys=0.00s Real=0.01s
[107.086s][info][gc,start       ] GC(944) Pause Young (Allocation Failure)
[107.093s][info][gc,heap        ] GC(944) PSYoungGen: 291288K(316416K)->12991K(314368K) Eden: 281600K(281600K)->0K(281600K) From: 9688K(34816K)->12991K(32768K)
[107.093s][info][gc,heap        ] GC(944) ParOldGen: 220914K(699392K)->221276K(699392K)
[107.093s][info][gc,metaspace   ] GC(944) Metaspace: 36198K(36544K)->36198K(36544K) NonClass: 32029K(32192K)->32029K(32192K) Class: 4168K(4352K)->4168K(4352K)
[107.093s][info][gc             ] GC(944) Pause Young (Allocation Failure) 500M->228M(990M) 6.911ms
[107.093s][info][gc,cpu         ] GC(944) User=0.00s Sys=0.00s Real=0.02s
[107.348s][info][gc,start       ] GC(945) Pause Young (Allocation Failure)
[107.354s][info][gc,heap        ] GC(945) PSYoungGen: 294591K(314368K)->13651K(318976K) Eden: 281600K(281600K)->0K(287744K) From: 12991K(32768K)->13651K(31232K)
[107.354s][info][gc,heap        ] GC(945) ParOldGen: 221276K(699392K)->222492K(699392K)
[107.354s][info][gc,metaspace   ] GC(945) Metaspace: 36198K(36544K)->36198K(36544K) NonClass: 32029K(32192K)->32029K(32192K) Class: 4168K(4352K)->4168K(4352K)
[107.354s][info][gc             ] GC(945) Pause Young (Allocation Failure) 503M->230M(994M) 6.205ms
[107.354s][info][gc,cpu         ] GC(945) User=0.00s Sys=0.00s Real=0.01s
[107.608s][info][gc,start       ] GC(946) Pause Young (Allocation Failure)
[107.614s][info][gc,heap        ] GC(946) PSYoungGen: 299682K(318976K)->16271K(317952K) Eden: 286030K(287744K)->0K(287744K) From: 13651K(31232K)->16271K(30208K)
[107.614s][info][gc,heap        ] GC(946) ParOldGen: 222492K(699392K)->224221K(699392K)
[107.614s][info][gc,metaspace   ] GC(946) Metaspace: 36198K(36544K)->36198K(36544K) NonClass: 32029K(32192K)->32029K(32192K) Class: 4168K(4352K)->4168K(4352K)
[107.614s][info][gc             ] GC(946) Pause Young (Allocation Failure) 509M->234M(993M) 6.370ms
[107.614s][info][gc,cpu         ] GC(946) User=0.09s Sys=0.00s Real=0.01s
[107.874s][info][gc,start       ] GC(947) Pause Young (Allocation Failure)
[107.880s][info][gc,heap        ] GC(947) PSYoungGen: 298113K(317952K)->19714K(317440K) Eden: 281842K(287744K)->0K(287744K) From: 16271K(30208K)->19714K(29696K)
[107.880s][info][gc,heap        ] GC(947) ParOldGen: 224221K(699392K)->225744K(699392K)
[107.880s][info][gc,metaspace   ] GC(947) Metaspace: 36198K(36544K)->36198K(36544K) NonClass: 32029K(32192K)->32029K(32192K) Class: 4168K(4352K)->4168K(4352K)
[107.880s][info][gc             ] GC(947) Pause Young (Allocation Failure) 510M->239M(993M) 6.546ms
[107.880s][info][gc,cpu         ] GC(947) User=0.09s Sys=0.00s Real=0.01s
[108.128s][info][gc,start       ] GC(948) Pause Young (Allocation Failure)
[108.134s][info][gc,heap        ] GC(948) PSYoungGen: 306211K(317440K)->15815K(318464K) Eden: 286497K(287744K)->0K(287744K) From: 19714K(29696K)->15815K(30720K)
[108.134s][info][gc,heap        ] GC(948) ParOldGen: 225744K(699392K)->226115K(699392K)
[108.134s][info][gc,metaspace   ] GC(948) Metaspace: 36198K(36544K)->36198K(36544K) NonClass: 32029K(32192K)->32029K(32192K) Class: 4168K(4352K)->4168K(4352K)
[108.134s][info][gc             ] GC(948) Pause Young (Allocation Failure) 519M->236M(994M) 5.927ms
[108.134s][info][gc,cpu         ] GC(948) User=0.00s Sys=0.00s Real=0.01s
[108.398s][info][gc,start       ] GC(949) Pause Young (Allocation Failure)
[108.404s][info][gc,heap        ] GC(949) PSYoungGen: 303559K(318464K)->9966K(320000K) Eden: 287744K(287744K)->0K(289792K) From: 15815K(30720K)->9966K(30208K)
[108.404s][info][gc,heap        ] GC(949) ParOldGen: 226115K(699392K)->226989K(699392K)
[108.404s][info][gc,metaspace   ] GC(949) Metaspace: 36198K(36544K)->36198K(36544K) NonClass: 32029K(32192K)->32029K(32192K) Class: 4168K(4352K)->4168K(4352K)
[108.404s][info][gc             ] GC(949) Pause Young (Allocation Failure) 517M->231M(995M) 5.262ms
[108.404s][info][gc,cpu         ] GC(949) User=0.00s Sys=0.00s Real=0.01s
[108.662s][info][gc,start       ] GC(950) Pause Young (Allocation Failure)
[108.668s][info][gc,heap        ] GC(950) PSYoungGen: 298025K(320000K)->14567K(318976K) Eden: 288059K(289792K)->0K(289792K) From: 9966K(30208K)->14567K(29184K)
[108.668s][info][gc,heap        ] GC(950) ParOldGen: 226989K(699392K)->227333K(699392K)
[108.668s][info][gc,metaspace   ] GC(950) Metaspace: 36198K(36544K)->36198K(36544K) NonClass: 32029K(32192K)->32029K(32192K) Class: 4168K(4352K)->4168K(4352K)
[108.668s][info][gc             ] GC(950) Pause Young (Allocation Failure) 512M->236M(994M) 5.890ms
[108.668s][info][gc,cpu         ] GC(950) User=0.00s Sys=0.00s Real=0.01s
[108.919s][info][gc,start       ] GC(951) Pause Young (Allocation Failure)
[108.927s][info][gc,heap        ] GC(951) PSYoungGen: 303599K(318976K)->22405K(317952K) Eden: 289032K(289792K)->0K(289792K) From: 14567K(29184K)->22405K(28160K)
[108.927s][info][gc,heap        ] GC(951) ParOldGen: 227333K(699392K)->228586K(699392K)
[108.927s][info][gc,metaspace   ] GC(951) Metaspace: 36198K(36544K)->36198K(36544K) NonClass: 32029K(32192K)->32029K(32192K) Class: 4168K(4352K)->4168K(4352K)
[108.927s][info][gc             ] GC(951) Pause Young (Allocation Failure) 518M->245M(993M) 7.749ms
[108.927s][info][gc,cpu         ] GC(951) User=0.09s Sys=0.00s Real=0.01s
[109.132s][info][gc,start       ] GC(952) Pause Young (System.gc())
[109.138s][info][gc,heap        ] GC(952) PSYoungGen: 258774K(317952K)->11092K(319488K) Eden: 236368K(289792K)->0K(289792K) From: 22405K(28160K)->11092K(29696K)
[109.138s][info][gc,heap        ] GC(952) ParOldGen: 228586K(699392K)->232363K(699392K)
[109.138s][info][gc,metaspace   ] GC(952) Metaspace: 36199K(36544K)->36199K(36544K) NonClass: 32031K(32192K)->32031K(32192K) Class: 4168K(4352K)->4168K(4352K)
[109.138s][info][gc             ] GC(952) Pause Young (System.gc()) 475M->237M(995M) 6.413ms
[109.138s][info][gc,cpu         ] GC(952) User=0.00s Sys=0.00s Real=0.02s
[109.138s][info][gc,start       ] GC(953) Pause Full (System.gc())
[109.138s][info][gc,phases,start] GC(953) Marking Phase
[109.155s][info][gc,phases      ] GC(953) Marking Phase 16.250ms
[109.155s][info][gc,phases,start] GC(953) Summary Phase
[109.155s][info][gc,phases      ] GC(953) Summary Phase 0.012ms
[109.155s][info][gc,phases,start] GC(953) Adjust Roots
[109.159s][info][gc,phases      ] GC(953) Adjust Roots 4.454ms
[109.159s][info][gc,phases,start] GC(953) Compaction Phase
[109.168s][info][gc,phases      ] GC(953) Compaction Phase 8.297ms
[109.168s][info][gc,phases,start] GC(953) Post Compact
[109.169s][info][gc,phases      ] GC(953) Post Compact 1.053ms
[109.169s][info][gc,heap        ] GC(953) PSYoungGen: 11092K(319488K)->0K(319488K) Eden: 0K(289792K)->0K(289792K) From: 11092K(29696K)->0K(29696K)
[109.169s][info][gc,heap        ] GC(953) ParOldGen: 232363K(699392K)->114527K(699392K)
[109.169s][info][gc,metaspace   ] GC(953) Metaspace: 36199K(36544K)->36199K(36544K) NonClass: 32031K(32192K)->32031K(32192K) Class: 4168K(4352K)->4168K(4352K)
[109.169s][info][gc             ] GC(953) Pause Full (System.gc()) 237M->111M(995M) 30.372ms
[109.169s][info][gc,cpu         ] GC(953) User=0.09s Sys=0.00s Real=0.03s
[109.217s][info][gc,start       ] GC(954) Pause Young (Allocation Failure)
[109.217s][info][gc,heap        ] GC(954) PSYoungGen: 289792K(319488K)->192K(318464K) Eden: 289792K(289792K)->0K(289792K) From: 0K(29696K)->192K(28672K)
[109.218s][info][gc,heap        ] GC(954) ParOldGen: 114527K(699392K)->114527K(699392K)
[109.218s][info][gc,metaspace   ] GC(954) Metaspace: 36200K(36544K)->36200K(36544K) NonClass: 32031K(32192K)->32031K(32192K) Class: 4168K(4352K)->4168K(4352K)
[109.218s][info][gc             ] GC(954) Pause Young (Allocation Failure) 394M->112M(994M) 0.416ms
[109.218s][info][gc,cpu         ] GC(954) User=0.00s Sys=0.00s Real=0.00s
[109.262s][info][gc,start       ] GC(955) Pause Young (Allocation Failure)
[109.262s][info][gc,heap        ] GC(955) PSYoungGen: 289984K(318464K)->192K(290304K) Eden: 289792K(289792K)->0K(289792K) From: 192K(28672K)->192K(512K)
[109.262s][info][gc,heap        ] GC(955) ParOldGen: 114527K(699392K)->114575K(699392K)
[109.262s][info][gc,metaspace   ] GC(955) Metaspace: 36200K(36544K)->36200K(36544K) NonClass: 32031K(32192K)->32031K(32192K) Class: 4168K(4352K)->4168K(4352K)
[109.262s][info][gc             ] GC(955) Pause Young (Allocation Failure) 395M->112M(966M) 0.392ms
[109.262s][info][gc,cpu         ] GC(955) User=0.00s Sys=0.00s Real=0.00s
[109.307s][info][gc,start       ] GC(956) Pause Young (Allocation Failure)
[109.307s][info][gc,heap        ] GC(956) PSYoungGen: 289984K(290304K)->160K(318976K) Eden: 289792K(289792K)->0K(288768K) From: 192K(512K)->160K(30208K)
[109.307s][info][gc,heap        ] GC(956) ParOldGen: 114575K(699392K)->114575K(699392K)
[109.307s][info][gc,metaspace   ] GC(956) Metaspace: 36200K(36544K)->36200K(36544K) NonClass: 32031K(32192K)->32031K(32192K) Class: 4168K(4352K)->4168K(4352K)
[109.307s][info][gc             ] GC(956) Pause Young (Allocation Failure) 395M->112M(994M) 0.383ms
[109.307s][info][gc,cpu         ] GC(956) User=0.00s Sys=0.00s Real=0.00s
[109.351s][info][gc,start       ] GC(957) Pause Young (Allocation Failure)
[109.351s][info][gc,heap        ] GC(957) PSYoungGen: 288928K(318976K)->160K(318976K) Eden: 288768K(288768K)->0K(288768K) From: 160K(30208K)->160K(30208K)
[109.351s][info][gc,heap        ] GC(957) ParOldGen: 114575K(699392K)->114575K(699392K)
[109.351s][info][gc,metaspace   ] GC(957) Metaspace: 36200K(36544K)->36200K(36544K) NonClass: 32031K(32192K)->32031K(32192K) Class: 4168K(4352K)->4168K(4352K)
[109.351s][info][gc             ] GC(957) Pause Young (Allocation Failure) 394M->112M(994M) 0.380ms
[109.351s][info][gc,cpu         ] GC(957) User=0.00s Sys=0.00s Real=0.00s
[109.394s][info][gc,start       ] GC(958) Pause Young (Allocation Failure)
[109.395s][info][gc,heap        ] GC(958) PSYoungGen: 288928K(318976K)->192K(320000K) Eden: 288768K(288768K)->0K(290304K) From: 160K(30208K)->192K(29696K)
[109.395s][info][gc,heap        ] GC(958) ParOldGen: 114575K(699392K)->114575K(699392K)
[109.395s][info][gc,metaspace   ] GC(958) Metaspace: 36200K(36544K)->36200K(36544K) NonClass: 32031K(32192K)->32031K(32192K) Class: 4168K(4352K)->4168K(4352K)
[109.395s][info][gc             ] GC(958) Pause Young (Allocation Failure) 394M->112M(995M) 0.380ms
[109.395s][info][gc,cpu         ] GC(958) User=0.00s Sys=0.00s Real=0.00s
[109.438s][info][gc,start       ] GC(959) Pause Young (Allocation Failure)
[109.439s][info][gc,heap        ] GC(959) PSYoungGen: 290496K(320000K)->192K(319488K) Eden: 290304K(290304K)->0K(290304K) From: 192K(29696K)->192K(29184K)
[109.439s][info][gc,heap        ] GC(959) ParOldGen: 114575K(699392K)->114575K(699392K)
[109.439s][info][gc,metaspace   ] GC(959) Metaspace: 36200K(36544K)->36200K(36544K) NonClass: 32031K(32192K)->32031K(32192K) Class: 4168K(4352K)->4168K(4352K)
[109.439s][info][gc             ] GC(959) Pause Young (Allocation Failure) 395M->112M(995M) 0.381ms
[109.439s][info][gc,cpu         ] GC(959) User=0.00s Sys=0.00s Real=0.00s
[109.483s][info][gc,start       ] GC(960) Pause Young (Allocation Failure)
[109.483s][info][gc,heap        ] GC(960) PSYoungGen: 290496K(319488K)->192K(321536K) Eden: 290304K(290304K)->0K(292864K) From: 192K(29184K)->192K(28672K)
[109.483s][info][gc,heap        ] GC(960) ParOldGen: 114575K(699392K)->114575K(699392K)
[109.483s][info][gc,metaspace   ] GC(960) Metaspace: 36200K(36544K)->36200K(36544K) NonClass: 32031K(32192K)->32031K(32192K) Class: 4168K(4352K)->4168K(4352K)
[109.483s][info][gc             ] GC(960) Pause Young (Allocation Failure) 395M->112M(997M) 0.374ms
[109.483s][info][gc,cpu         ] GC(960) User=0.00s Sys=0.00s Real=0.00s
[109.527s][info][gc,start       ] GC(961) Pause Young (Allocation Failure)
[109.527s][info][gc,heap        ] GC(961) PSYoungGen: 293056K(321536K)->128K(320512K) Eden: 292864K(292864K)->0K(292864K) From: 192K(28672K)->128K(27648K)
[109.527s][info][gc,heap        ] GC(961) ParOldGen: 114575K(699392K)->114575K(699392K)
[109.527s][info][gc,metaspace   ] GC(961) Metaspace: 36200K(36544K)->36200K(36544K) NonClass: 32031K(32192K)->32031K(32192K) Class: 4168K(4352K)->4168K(4352K)
[109.527s][info][gc             ] GC(961) Pause Young (Allocation Failure) 398M->112M(996M) 0.404ms
[109.527s][info][gc,cpu         ] GC(961) User=0.00s Sys=0.00s Real=0.00s
[109.571s][info][gc,start       ] GC(962) Pause Young (Allocation Failure)
[109.571s][info][gc,heap        ] GC(962) PSYoungGen: 292992K(320512K)->192K(323584K) Eden: 292864K(292864K)->0K(296960K) From: 128K(27648K)->192K(26624K)
[109.571s][info][gc,heap        ] GC(962) ParOldGen: 114575K(699392K)->114575K(699392K)
[109.571s][info][gc,metaspace   ] GC(962) Metaspace: 36200K(36544K)->36200K(36544K) NonClass: 32031K(32192K)->32031K(32192K) Class: 4168K(4352K)->4168K(4352K)
[109.571s][info][gc             ] GC(962) Pause Young (Allocation Failure) 398M->112M(999M) 0.375ms
[109.571s][info][gc,cpu         ] GC(962) User=0.00s Sys=0.00s Real=0.00s
[109.616s][info][gc,start       ] GC(963) Pause Young (Allocation Failure)
[109.617s][info][gc,heap        ] GC(963) PSYoungGen: 297152K(323584K)->160K(322560K) Eden: 296960K(296960K)->0K(296960K) From: 192K(26624K)->160K(25600K)
[109.617s][info][gc,heap        ] GC(963) ParOldGen: 114575K(699392K)->114575K(699392K)
[109.617s][info][gc,metaspace   ] GC(963) Metaspace: 36200K(36544K)->36200K(36544K) NonClass: 32031K(32192K)->32031K(32192K) Class: 4168K(4352K)->4168K(4352K)
[109.617s][info][gc             ] GC(963) Pause Young (Allocation Failure) 402M->112M(998M) 0.418ms
[109.617s][info][gc,cpu         ] GC(963) User=0.00s Sys=0.00s Real=0.00s
[109.661s][info][gc,start       ] GC(964) Pause Young (Allocation Failure)
[109.662s][info][gc,heap        ] GC(964) PSYoungGen: 297120K(322560K)->160K(325632K) Eden: 296960K(296960K)->0K(301056K) From: 160K(25600K)->160K(24576K)
[109.662s][info][gc,heap        ] GC(964) ParOldGen: 114575K(699392K)->114575K(699392K)
[109.662s][info][gc,metaspace   ] GC(964) Metaspace: 36200K(36544K)->36200K(36544K) NonClass: 32031K(32192K)->32031K(32192K) Class: 4168K(4352K)->4168K(4352K)
[109.662s][info][gc             ] GC(964) Pause Young (Allocation Failure) 402M->112M(1001M) 0.382ms
[109.662s][info][gc,cpu         ] GC(964) User=0.00s Sys=0.00s Real=0.00s
[109.711s][info][gc,start       ] GC(965) Pause Young (Allocation Failure)
[109.711s][info][gc,heap        ] GC(965) PSYoungGen: 301216K(325632K)->192K(324608K) Eden: 301056K(301056K)->0K(301056K) From: 160K(24576K)->192K(23552K)
[109.711s][info][gc,heap        ] GC(965) ParOldGen: 114575K(699392K)->114575K(699392K)
[109.711s][info][gc,metaspace   ] GC(965) Metaspace: 36200K(36544K)->36200K(36544K) NonClass: 32031K(32192K)->32031K(32192K) Class: 4168K(4352K)->4168K(4352K)
[109.711s][info][gc             ] GC(965) Pause Young (Allocation Failure) 406M->112M(1000M) 0.808ms
[109.711s][info][gc,cpu         ] GC(965) User=0.00s Sys=0.00s Real=0.00s
[109.758s][info][gc,start       ] GC(966) Pause Young (Allocation Failure)
[109.759s][info][gc,heap        ] GC(966) PSYoungGen: 301248K(324608K)->192K(328192K) Eden: 301056K(301056K)->0K(305664K) From: 192K(23552K)->192K(22528K)
[109.759s][info][gc,heap        ] GC(966) ParOldGen: 114575K(699392K)->114575K(699392K)
[109.759s][info][gc,metaspace   ] GC(966) Metaspace: 36200K(36544K)->36200K(36544K) NonClass: 32031K(32192K)->32031K(32192K) Class: 4168K(4352K)->4168K(4352K)
[109.759s][info][gc             ] GC(966) Pause Young (Allocation Failure) 406M->112M(1003M) 0.393ms
[109.759s][info][gc,cpu         ] GC(966) User=0.00s Sys=0.00s Real=0.00s
[109.806s][info][gc,start       ] GC(967) Pause Young (Allocation Failure)
[109.806s][info][gc,heap        ] GC(967) PSYoungGen: 305856K(328192K)->160K(326656K) Eden: 305664K(305664K)->0K(305664K) From: 192K(22528K)->160K(20992K)
[109.806s][info][gc,heap        ] GC(967) ParOldGen: 114575K(699392K)->114575K(699392K)
[109.806s][info][gc,metaspace   ] GC(967) Metaspace: 36200K(36544K)->36200K(36544K) NonClass: 32031K(32192K)->32031K(32192K) Class: 4168K(4352K)->4168K(4352K)
[109.806s][info][gc             ] GC(967) Pause Young (Allocation Failure) 410M->112M(1002M) 0.488ms
[109.806s][info][gc,cpu         ] GC(967) User=0.00s Sys=0.00s Real=0.00s
[109.855s][info][gc,start       ] GC(968) Pause Young (Allocation Failure)
[109.856s][info][gc,heap        ] GC(968) PSYoungGen: 305824K(326656K)->192K(330240K) Eden: 305664K(305664K)->0K(310272K) From: 160K(20992K)->192K(19968K)
[109.856s][info][gc,heap        ] GC(968) ParOldGen: 114575K(699392K)->114575K(699392K)
[109.856s][info][gc,metaspace   ] GC(968) Metaspace: 36200K(36544K)->36200K(36544K) NonClass: 32031K(32192K)->32031K(32192K) Class: 4168K(4352K)->4168K(4352K)
[109.856s][info][gc             ] GC(968) Pause Young (Allocation Failure) 410M->112M(1005M) 0.433ms
[109.856s][info][gc,cpu         ] GC(968) User=0.00s Sys=0.00s Real=0.00s
[109.916s][info][gc,start       ] GC(969) Pause Young (Allocation Failure)
[109.916s][info][gc,heap        ] GC(969) PSYoungGen: 310464K(330240K)->192K(329216K) Eden: 310272K(310272K)->0K(310272K) From: 192K(19968K)->192K(18944K)
[109.916s][info][gc,heap        ] GC(969) ParOldGen: 114575K(699392K)->114575K(699392K)
[109.916s][info][gc,metaspace   ] GC(969) Metaspace: 36200K(36544K)->36200K(36544K) NonClass: 32031K(32192K)->32031K(32192K) Class: 4168K(4352K)->4168K(4352K)
[109.916s][info][gc             ] GC(969) Pause Young (Allocation Failure) 415M->112M(1004M) 0.442ms
[109.916s][info][gc,cpu         ] GC(969) User=0.00s Sys=0.00s Real=0.00s
[109.977s][info][gc,start       ] GC(970) Pause Young (Allocation Failure)
[109.977s][info][gc,heap        ] GC(970) PSYoungGen: 310464K(329216K)->160K(332288K) Eden: 310272K(310272K)->0K(314368K) From: 192K(18944K)->160K(17920K)
[109.977s][info][gc,heap        ] GC(970) ParOldGen: 114575K(699392K)->114623K(699392K)
[109.977s][info][gc,metaspace   ] GC(970) Metaspace: 36200K(36544K)->36200K(36544K) NonClass: 32031K(32192K)->32031K(32192K) Class: 4168K(4352K)->4168K(4352K)
[109.977s][info][gc             ] GC(970) Pause Young (Allocation Failure) 415M->112M(1007M) 0.444ms
[109.977s][info][gc,cpu         ] GC(970) User=0.00s Sys=0.00s Real=0.00s
[110.037s][info][gc,start       ] GC(971) Pause Young (Allocation Failure)
[110.038s][info][gc,heap        ] GC(971) PSYoungGen: 314528K(332288K)->160K(331264K) Eden: 314368K(314368K)->0K(314368K) From: 160K(17920K)->160K(16896K)
[110.038s][info][gc,heap        ] GC(971) ParOldGen: 114623K(699392K)->114623K(699392K)
[110.038s][info][gc,metaspace   ] GC(971) Metaspace: 36200K(36544K)->36200K(36544K) NonClass: 32031K(32192K)->32031K(32192K) Class: 4168K(4352K)->4168K(4352K)
[110.038s][info][gc             ] GC(971) Pause Young (Allocation Failure) 419M->112M(1006M) 0.416ms
[110.038s][info][gc,cpu         ] GC(971) User=0.00s Sys=0.00s Real=0.00s
[110.100s][info][gc,start       ] GC(972) Pause Young (Allocation Failure)
[110.101s][info][gc,heap        ] GC(972) PSYoungGen: 314528K(331264K)->160K(334336K) Eden: 314368K(314368K)->0K(318464K) From: 160K(16896K)->160K(15872K)
[110.101s][info][gc,heap        ] GC(972) ParOldGen: 114623K(699392K)->114623K(699392K)
[110.101s][info][gc,metaspace   ] GC(972) Metaspace: 36200K(36544K)->36200K(36544K) NonClass: 32031K(32192K)->32031K(32192K) Class: 4168K(4352K)->4168K(4352K)
[110.101s][info][gc             ] GC(972) Pause Young (Allocation Failure) 419M->112M(1009M) 0.403ms
[110.101s][info][gc,cpu         ] GC(972) User=0.00s Sys=0.00s Real=0.00s
[110.163s][info][gc,start       ] GC(973) Pause Young (Allocation Failure)
[110.163s][info][gc,heap        ] GC(973) PSYoungGen: 318624K(334336K)->160K(333312K) Eden: 318464K(318464K)->0K(318464K) From: 160K(15872K)->160K(14848K)
[110.163s][info][gc,heap        ] GC(973) ParOldGen: 114623K(699392K)->114623K(699392K)
[110.163s][info][gc,metaspace   ] GC(973) Metaspace: 36200K(36544K)->36200K(36544K) NonClass: 32031K(32192K)->32031K(32192K) Class: 4168K(4352K)->4168K(4352K)
[110.163s][info][gc             ] GC(973) Pause Young (Allocation Failure) 423M->112M(1008M) 0.420ms
[110.163s][info][gc,cpu         ] GC(973) User=0.00s Sys=0.00s Real=0.00s
[110.223s][info][gc,start       ] GC(974) Pause Young (Allocation Failure)
[110.223s][info][gc,heap        ] GC(974) PSYoungGen: 318624K(333312K)->192K(336384K) Eden: 318464K(318464K)->0K(322560K) From: 160K(14848K)->192K(13824K)
[110.224s][info][gc,heap        ] GC(974) ParOldGen: 114623K(699392K)->114623K(699392K)
[110.224s][info][gc,metaspace   ] GC(974) Metaspace: 36200K(36544K)->36200K(36544K) NonClass: 32031K(32192K)->32031K(32192K) Class: 4168K(4352K)->4168K(4352K)
[110.224s][info][gc             ] GC(974) Pause Young (Allocation Failure) 423M->112M(1011M) 0.430ms
[110.224s][info][gc,cpu         ] GC(974) User=0.00s Sys=0.00s Real=0.00s
[110.285s][info][gc,start       ] GC(975) Pause Young (Allocation Failure)
[110.286s][info][gc,heap        ] GC(975) PSYoungGen: 322752K(336384K)->160K(335360K) Eden: 322560K(322560K)->0K(322560K) From: 192K(13824K)->160K(12800K)
[110.286s][info][gc,heap        ] GC(975) ParOldGen: 114623K(699392K)->114623K(699392K)
[110.286s][info][gc,metaspace   ] GC(975) Metaspace: 36200K(36544K)->36200K(36544K) NonClass: 32031K(32192K)->32031K(32192K) Class: 4168K(4352K)->4168K(4352K)
[110.286s][info][gc             ] GC(975) Pause Young (Allocation Failure) 427M->112M(1010M) 0.393ms
[110.286s][info][gc,cpu         ] GC(975) User=0.00s Sys=0.00s Real=0.00s
[110.345s][info][gc,start       ] GC(976) Pause Young (Allocation Failure)
[110.345s][info][gc,heap        ] GC(976) PSYoungGen: 322720K(335360K)->192K(337920K) Eden: 322560K(322560K)->0K(325632K) From: 160K(12800K)->192K(12288K)
[110.345s][info][gc,heap        ] GC(976) ParOldGen: 114623K(699392K)->114623K(699392K)
[110.345s][info][gc,metaspace   ] GC(976) Metaspace: 36200K(36544K)->36200K(36544K) NonClass: 32031K(32192K)->32031K(32192K) Class: 4168K(4352K)->4168K(4352K)
[110.345s][info][gc             ] GC(976) Pause Young (Allocation Failure) 427M->112M(1013M) 0.590ms
[110.345s][info][gc,cpu         ] GC(976) User=0.00s Sys=0.00s Real=0.02s
[110.405s][info][gc,start       ] GC(977) Pause Young (Allocation Failure)
[110.406s][info][gc,heap        ] GC(977) PSYoungGen: 325824K(337920K)->192K(336896K) Eden: 325632K(325632K)->0K(325632K) From: 192K(12288K)->192K(11264K)
[110.406s][info][gc,heap        ] GC(977) ParOldGen: 114623K(699392K)->114623K(699392K)
[110.406s][info][gc,metaspace   ] GC(977) Metaspace: 36200K(36544K)->36200K(36544K) NonClass: 32031K(32192K)->32031K(32192K) Class: 4168K(4352K)->4168K(4352K)
[110.406s][info][gc             ] GC(977) Pause Young (Allocation Failure) 430M->112M(1012M) 0.416ms
[110.406s][info][gc,cpu         ] GC(977) User=0.00s Sys=0.00s Real=0.00s
[110.467s][info][gc,start       ] GC(978) Pause Young (Allocation Failure)
[110.467s][info][gc,heap        ] GC(978) PSYoungGen: 325824K(336896K)->192K(339456K) Eden: 325632K(325632K)->0K(328704K) From: 192K(11264K)->192K(10752K)
[110.467s][info][gc,heap        ] GC(978) ParOldGen: 114623K(699392K)->114623K(699392K)
[110.467s][info][gc,metaspace   ] GC(978) Metaspace: 36200K(36544K)->36200K(36544K) NonClass: 32031K(32192K)->32031K(32192K) Class: 4168K(4352K)->4168K(4352K)
[110.467s][info][gc             ] GC(978) Pause Young (Allocation Failure) 430M->112M(1014M) 0.431ms
[110.467s][info][gc,cpu         ] GC(978) User=0.00s Sys=0.00s Real=0.00s
[110.529s][info][gc,start       ] GC(979) Pause Young (Allocation Failure)
[110.529s][info][gc,heap        ] GC(979) PSYoungGen: 328896K(339456K)->160K(338432K) Eden: 328704K(328704K)->0K(328704K) From: 192K(10752K)->160K(9728K)
[110.529s][info][gc,heap        ] GC(979) ParOldGen: 114623K(699392K)->114623K(699392K)
[110.529s][info][gc,metaspace   ] GC(979) Metaspace: 36200K(36544K)->36200K(36544K) NonClass: 32031K(32192K)->32031K(32192K) Class: 4168K(4352K)->4168K(4352K)
[110.529s][info][gc             ] GC(979) Pause Young (Allocation Failure) 433M->112M(1013M) 0.414ms
[110.529s][info][gc,cpu         ] GC(979) User=0.00s Sys=0.00s Real=0.00s
[110.591s][info][gc,start       ] GC(980) Pause Young (Allocation Failure)
[110.592s][info][gc,heap        ] GC(980) PSYoungGen: 328864K(338432K)->160K(340480K) Eden: 328704K(328704K)->0K(331264K) From: 160K(9728K)->160K(9216K)
[110.592s][info][gc,heap        ] GC(980) ParOldGen: 114623K(699392K)->114623K(699392K)
[110.592s][info][gc,metaspace   ] GC(980) Metaspace: 36200K(36544K)->36200K(36544K) NonClass: 32031K(32192K)->32031K(32192K) Class: 4168K(4352K)->4168K(4352K)
[110.592s][info][gc             ] GC(980) Pause Young (Allocation Failure) 433M->112M(1015M) 0.413ms
[110.592s][info][gc,cpu         ] GC(980) User=0.00s Sys=0.00s Real=0.00s
[110.653s][info][gc,start       ] GC(981) Pause Young (Allocation Failure)
[110.653s][info][gc,heap        ] GC(981) PSYoungGen: 331424K(340480K)->192K(339968K) Eden: 331264K(331264K)->0K(331264K) From: 160K(9216K)->192K(8704K)
[110.653s][info][gc,heap        ] GC(981) ParOldGen: 114623K(699392K)->114623K(699392K)
[110.653s][info][gc,metaspace   ] GC(981) Metaspace: 36200K(36544K)->36200K(36544K) NonClass: 32031K(32192K)->32031K(32192K) Class: 4168K(4352K)->4168K(4352K)
[110.653s][info][gc             ] GC(981) Pause Young (Allocation Failure) 435M->112M(1015M) 0.455ms
[110.653s][info][gc,cpu         ] GC(981) User=0.00s Sys=0.00s Real=0.00s
[110.716s][info][gc,start       ] GC(982) Pause Young (Allocation Failure)
[110.717s][info][gc,heap        ] GC(982) PSYoungGen: 331456K(339968K)->160K(342016K) Eden: 331264K(331264K)->0K(334336K) From: 192K(8704K)->160K(7680K)
[110.717s][info][gc,heap        ] GC(982) ParOldGen: 114623K(699392K)->114623K(699392K)
[110.717s][info][gc,metaspace   ] GC(982) Metaspace: 36200K(36544K)->36200K(36544K) NonClass: 32031K(32192K)->32031K(32192K) Class: 4168K(4352K)->4168K(4352K)
[110.717s][info][gc             ] GC(982) Pause Young (Allocation Failure) 435M->112M(1017M) 0.408ms
[110.717s][info][gc,cpu         ] GC(982) User=0.00s Sys=0.00s Real=0.00s
[110.782s][info][gc,start       ] GC(983) Pause Young (Allocation Failure)
[110.782s][info][gc,heap        ] GC(983) PSYoungGen: 334496K(342016K)->192K(341504K) Eden: 334336K(334336K)->0K(334336K) From: 160K(7680K)->192K(7168K)
[110.782s][info][gc,heap        ] GC(983) ParOldGen: 114623K(699392K)->114623K(699392K)
[110.782s][info][gc,metaspace   ] GC(983) Metaspace: 36200K(36544K)->36200K(36544K) NonClass: 32031K(32192K)->32031K(32192K) Class: 4168K(4352K)->4168K(4352K)
[110.782s][info][gc             ] GC(983) Pause Young (Allocation Failure) 438M->112M(1016M) 0.449ms
[110.782s][info][gc,cpu         ] GC(983) User=0.00s Sys=0.00s Real=0.00s
[110.844s][info][gc,start       ] GC(984) Pause Young (Allocation Failure)
[110.844s][info][gc,heap        ] GC(984) PSYoungGen: 334528K(341504K)->192K(343040K) Eden: 334336K(334336K)->0K(336384K) From: 192K(7168K)->192K(6656K)
[110.844s][info][gc,heap        ] GC(984) ParOldGen: 114623K(699392K)->114623K(699392K)
[110.844s][info][gc,metaspace   ] GC(984) Metaspace: 36200K(36544K)->36200K(36544K) NonClass: 32031K(32192K)->32031K(32192K) Class: 4168K(4352K)->4168K(4352K)
[110.844s][info][gc             ] GC(984) Pause Young (Allocation Failure) 438M->112M(1018M) 0.412ms
[110.844s][info][gc,cpu         ] GC(984) User=0.00s Sys=0.00s Real=0.00s
[110.906s][info][gc,start       ] GC(985) Pause Young (Allocation Failure)
[110.906s][info][gc,heap        ] GC(985) PSYoungGen: 336576K(343040K)->160K(342528K) Eden: 336384K(336384K)->0K(336384K) From: 192K(6656K)->160K(6144K)
[110.906s][info][gc,heap        ] GC(985) ParOldGen: 114623K(699392K)->114623K(699392K)
[110.906s][info][gc,metaspace   ] GC(985) Metaspace: 36200K(36544K)->36200K(36544K) NonClass: 32031K(32192K)->32031K(32192K) Class: 4168K(4352K)->4168K(4352K)
[110.906s][info][gc             ] GC(985) Pause Young (Allocation Failure) 440M->112M(1017M) 0.423ms
[110.906s][info][gc,cpu         ] GC(985) User=0.09s Sys=0.00s Real=0.00s
[110.970s][info][gc,start       ] GC(986) Pause Young (Allocation Failure)
[110.970s][info][gc,heap        ] GC(986) PSYoungGen: 336544K(342528K)->192K(343552K) Eden: 336384K(336384K)->0K(337408K) From: 160K(6144K)->192K(6144K)
[110.970s][info][gc,heap        ] GC(986) ParOldGen: 114623K(699392K)->114623K(699392K)
[110.970s][info][gc,metaspace   ] GC(986) Metaspace: 36200K(36544K)->36200K(36544K) NonClass: 32031K(32192K)->32031K(32192K) Class: 4168K(4352K)->4168K(4352K)
[110.970s][info][gc             ] GC(986) Pause Young (Allocation Failure) 440M->112M(1018M) 0.455ms
[110.970s][info][gc,cpu         ] GC(986) User=0.00s Sys=0.00s Real=0.00s
[111.033s][info][gc,start       ] GC(987) Pause Young (Allocation Failure)
[111.033s][info][gc,heap        ] GC(987) PSYoungGen: 337600K(343552K)->160K(343040K) Eden: 337408K(337408K)->0K(337408K) From: 192K(6144K)->160K(5632K)
[111.033s][info][gc,heap        ] GC(987) ParOldGen: 114623K(699392K)->114623K(699392K)
[111.033s][info][gc,metaspace   ] GC(987) Metaspace: 36200K(36544K)->36200K(36544K) NonClass: 32031K(32192K)->32031K(32192K) Class: 4168K(4352K)->4168K(4352K)
[111.033s][info][gc             ] GC(987) Pause Young (Allocation Failure) 441M->112M(1018M) 0.432ms
[111.033s][info][gc,cpu         ] GC(987) User=0.00s Sys=0.00s Real=0.00s
[111.098s][info][gc,start       ] GC(988) Pause Young (Allocation Failure)
[111.098s][info][gc,heap        ] GC(988) PSYoungGen: 337568K(343040K)->160K(344576K) Eden: 337408K(337408K)->0K(339456K) From: 160K(5632K)->160K(5120K)
[111.098s][info][gc,heap        ] GC(988) ParOldGen: 114623K(699392K)->114623K(699392K)
[111.098s][info][gc,metaspace   ] GC(988) Metaspace: 36200K(36544K)->36200K(36544K) NonClass: 32031K(32192K)->32031K(32192K) Class: 4168K(4352K)->4168K(4352K)
[111.098s][info][gc             ] GC(988) Pause Young (Allocation Failure) 441M->112M(1019M) 0.604ms
[111.098s][info][gc,cpu         ] GC(988) User=0.00s Sys=0.00s Real=0.00s
[111.164s][info][gc,start       ] GC(989) Pause Young (Allocation Failure)
[111.164s][info][gc,heap        ] GC(989) PSYoungGen: 339616K(344576K)->192K(344064K) Eden: 339456K(339456K)->0K(339456K) From: 160K(5120K)->192K(4608K)
[111.164s][info][gc,heap        ] GC(989) ParOldGen: 114623K(699392K)->114623K(699392K)
[111.164s][info][gc,metaspace   ] GC(989) Metaspace: 36200K(36544K)->36200K(36544K) NonClass: 32031K(32192K)->32031K(32192K) Class: 4168K(4352K)->4168K(4352K)
[111.164s][info][gc             ] GC(989) Pause Young (Allocation Failure) 443M->112M(1019M) 0.367ms
[111.164s][info][gc,cpu         ] GC(989) User=0.00s Sys=0.00s Real=0.00s
[111.229s][info][gc,start       ] GC(990) Pause Young (Allocation Failure)
[111.229s][info][gc,heap        ] GC(990) PSYoungGen: 339648K(344064K)->192K(345088K) Eden: 339456K(339456K)->0K(340480K) From: 192K(4608K)->192K(4608K)
[111.229s][info][gc,heap        ] GC(990) ParOldGen: 114623K(699392K)->114623K(699392K)
[111.229s][info][gc,metaspace   ] GC(990) Metaspace: 36200K(36544K)->36200K(36544K) NonClass: 32031K(32192K)->32031K(32192K) Class: 4168K(4352K)->4168K(4352K)
[111.229s][info][gc             ] GC(990) Pause Young (Allocation Failure) 443M->112M(1020M) 0.433ms
[111.229s][info][gc,cpu         ] GC(990) User=0.00s Sys=0.00s Real=0.00s
[111.296s][info][gc,start       ] GC(991) Pause Young (Allocation Failure)
[111.296s][info][gc,heap        ] GC(991) PSYoungGen: 340672K(345088K)->160K(344576K) Eden: 340480K(340480K)->0K(340480K) From: 192K(4608K)->160K(4096K)
[111.296s][info][gc,heap        ] GC(991) ParOldGen: 114623K(699392K)->114623K(699392K)
[111.296s][info][gc,metaspace   ] GC(991) Metaspace: 36200K(36544K)->36200K(36544K) NonClass: 32031K(32192K)->32031K(32192K) Class: 4168K(4352K)->4168K(4352K)
[111.296s][info][gc             ] GC(991) Pause Young (Allocation Failure) 444M->112M(1019M) 0.424ms
[111.296s][info][gc,cpu         ] GC(991) User=0.00s Sys=0.00s Real=0.00s
[111.361s][info][gc,start       ] GC(992) Pause Young (Allocation Failure)
[111.362s][info][gc,heap        ] GC(992) PSYoungGen: 340640K(344576K)->192K(345600K) Eden: 340480K(340480K)->0K(342016K) From: 160K(4096K)->192K(3584K)
[111.362s][info][gc,heap        ] GC(992) ParOldGen: 114623K(699392K)->114623K(699392K)
[111.362s][info][gc,metaspace   ] GC(992) Metaspace: 36200K(36544K)->36200K(36544K) NonClass: 32031K(32192K)->32031K(32192K) Class: 4168K(4352K)->4168K(4352K)
[111.362s][info][gc             ] GC(992) Pause Young (Allocation Failure) 444M->112M(1020M) 0.422ms
[111.362s][info][gc,cpu         ] GC(992) User=0.00s Sys=0.00s Real=0.00s
[111.425s][info][gc,start       ] GC(993) Pause Young (Allocation Failure)
[111.426s][info][gc,heap        ] GC(993) PSYoungGen: 342208K(345600K)->160K(345600K) Eden: 342016K(342016K)->0K(342016K) From: 192K(3584K)->160K(3584K)
[111.426s][info][gc,heap        ] GC(993) ParOldGen: 114623K(699392K)->114623K(699392K)
[111.426s][info][gc,metaspace   ] GC(993) Metaspace: 36200K(36544K)->36200K(36544K) NonClass: 32031K(32192K)->32031K(32192K) Class: 4168K(4352K)->4168K(4352K)
[111.426s][info][gc             ] GC(993) Pause Young (Allocation Failure) 446M->112M(1020M) 0.394ms
[111.426s][info][gc,cpu         ] GC(993) User=0.00s Sys=0.00s Real=0.00s
[111.494s][info][gc,start       ] GC(994) Pause Young (Allocation Failure)
[111.495s][info][gc,heap        ] GC(994) PSYoungGen: 342176K(345600K)->160K(346112K) Eden: 342016K(342016K)->0K(343040K) From: 160K(3584K)->160K(3072K)
[111.495s][info][gc,heap        ] GC(994) ParOldGen: 114623K(699392K)->114623K(699392K)
[111.495s][info][gc,metaspace   ] GC(994) Metaspace: 36200K(36544K)->36200K(36544K) NonClass: 32031K(32192K)->32031K(32192K) Class: 4168K(4352K)->4168K(4352K)
[111.495s][info][gc             ] GC(994) Pause Young (Allocation Failure) 446M->112M(1021M) 0.398ms
[111.495s][info][gc,cpu         ] GC(994) User=0.00s Sys=0.00s Real=0.00s
[111.559s][info][gc,start       ] GC(995) Pause Young (Allocation Failure)
[111.560s][info][gc,heap        ] GC(995) PSYoungGen: 343200K(346112K)->192K(346112K) Eden: 343040K(343040K)->0K(343040K) From: 160K(3072K)->192K(3072K)
[111.560s][info][gc,heap        ] GC(995) ParOldGen: 114623K(699392K)->114623K(699392K)
[111.560s][info][gc,metaspace   ] GC(995) Metaspace: 36200K(36544K)->36200K(36544K) NonClass: 32031K(32192K)->32031K(32192K) Class: 4168K(4352K)->4168K(4352K)
[111.560s][info][gc             ] GC(995) Pause Young (Allocation Failure) 447M->112M(1021M) 0.397ms
[111.560s][info][gc,cpu         ] GC(995) User=0.00s Sys=0.00s Real=0.00s
[111.655s][info][gc,start       ] GC(996) Pause Young (Allocation Failure)
[111.656s][info][gc,heap        ] GC(996) PSYoungGen: 343232K(346112K)->192K(346624K) Eden: 343040K(343040K)->0K(343552K) From: 192K(3072K)->192K(3072K)
[111.656s][info][gc,heap        ] GC(996) ParOldGen: 114623K(699392K)->114623K(699392K)
[111.656s][info][gc,metaspace   ] GC(996) Metaspace: 36200K(36544K)->36200K(36544K) NonClass: 32031K(32192K)->32031K(32192K) Class: 4168K(4352K)->4168K(4352K)
[111.656s][info][gc             ] GC(996) Pause Young (Allocation Failure) 447M->112M(1021M) 0.433ms
[111.656s][info][gc,cpu         ] GC(996) User=0.00s Sys=0.00s Real=0.00s
[112.053s][info][gc,start       ] GC(997) Pause Young (Allocation Failure)
[112.071s][info][gc,heap        ] GC(997) PSYoungGen: 342451K(346624K)->2560K(346112K) Eden: 342259K(343552K)->0K(343552K) From: 192K(3072K)->2560K(2560K)
[112.071s][info][gc,heap        ] GC(997) ParOldGen: 114623K(699392K)->162636K(699392K)
[112.071s][info][gc,metaspace   ] GC(997) Metaspace: 36200K(36544K)->36200K(36544K) NonClass: 32031K(32192K)->32031K(32192K) Class: 4168K(4352K)->4168K(4352K)
[112.071s][info][gc             ] GC(997) Pause Young (Allocation Failure) 446M->161M(1021M) 17.879ms
[112.071s][info][gc,cpu         ] GC(997) User=0.09s Sys=0.00s Real=0.02s
[112.368s][info][gc,start       ] GC(998) Pause Young (Allocation Failure)
[112.385s][info][gc,heap        ] GC(998) PSYoungGen: 346112K(346112K)->3071K(281600K) Eden: 343552K(343552K)->0K(278528K) From: 2560K(2560K)->3071K(3072K)
[112.385s][info][gc,heap        ] GC(998) ParOldGen: 162636K(699392K)->207555K(699392K)
[112.385s][info][gc,metaspace   ] GC(998) Metaspace: 36200K(36544K)->36200K(36544K) NonClass: 32031K(32192K)->32031K(32192K) Class: 4168K(4352K)->4168K(4352K)
[112.385s][info][gc             ] GC(998) Pause Young (Allocation Failure) 496M->205M(958M) 16.861ms
[112.385s][info][gc,cpu         ] GC(998) User=0.09s Sys=0.00s Real=0.02s
[112.630s][info][gc,start       ] GC(999) Pause Young (Allocation Failure)
[112.639s][info][gc,heap        ] GC(999) PSYoungGen: 280415K(281600K)->27481K(306176K) Eden: 277344K(278528K)->0K(278528K) From: 3071K(3072K)->27481K(27648K)
[112.639s][info][gc,heap        ] GC(999) ParOldGen: 207555K(699392K)->210045K(699392K)
[112.639s][info][gc,metaspace   ] GC(999) Metaspace: 36200K(36544K)->36200K(36544K) NonClass: 32031K(32192K)->32031K(32192K) Class: 4168K(4352K)->4168K(4352K)
[112.639s][info][gc             ] GC(999) Pause Young (Allocation Failure) 476M->231M(982M) 8.514ms
[112.639s][info][gc,cpu         ] GC(999) User=0.00s Sys=0.00s Real=0.01s
[112.882s][info][gc,start       ] GC(1000) Pause Young (Allocation Failure)
[112.888s][info][gc,heap        ] GC(1000) PSYoungGen: 306009K(306176K)->9883K(312320K) Eden: 278528K(278528K)->0K(272896K) From: 27481K(27648K)->9883K(39424K)
[112.888s][info][gc,heap        ] GC(1000) ParOldGen: 210045K(699392K)->224625K(699392K)
[112.888s][info][gc,metaspace   ] GC(1000) Metaspace: 36200K(36544K)->36200K(36544K) NonClass: 32031K(32192K)->32031K(32192K) Class: 4168K(4352K)->4168K(4352K)
[112.888s][info][gc             ] GC(1000) Pause Young (Allocation Failure) 503M->229M(988M) 6.348ms
[112.888s][info][gc,cpu         ] GC(1000) User=0.00s Sys=0.00s Real=0.01s
[113.117s][info][gc,start       ] GC(1001) Pause Young (Allocation Failure)
[113.123s][info][gc,heap        ] GC(1001) PSYoungGen: 278851K(312320K)->19126K(309760K) Eden: 268968K(272896K)->0K(272896K) From: 9883K(39424K)->19126K(36864K)
[113.123s][info][gc,heap        ] GC(1001) ParOldGen: 224625K(699392K)->225508K(699392K)
[113.123s][info][gc,metaspace   ] GC(1001) Metaspace: 36200K(36544K)->36200K(36544K) NonClass: 32031K(32192K)->32031K(32192K) Class: 4168K(4352K)->4168K(4352K)
[113.123s][info][gc             ] GC(1001) Pause Young (Allocation Failure) 491M->238M(985M) 6.141ms
[113.123s][info][gc,cpu         ] GC(1001) User=0.00s Sys=0.00s Real=0.00s
[113.352s][info][gc,start       ] GC(1002) Pause Young (Allocation Failure)
[113.358s][info][gc,heap        ] GC(1002) PSYoungGen: 290259K(309760K)->13434K(313856K) Eden: 271132K(272896K)->0K(276480K) From: 19126K(36864K)->13434K(37376K)
[113.358s][info][gc,heap        ] GC(1002) ParOldGen: 225508K(699392K)->226430K(699392K)
[113.358s][info][gc,metaspace   ] GC(1002) Metaspace: 36200K(36544K)->36200K(36544K) NonClass: 32031K(32192K)->32031K(32192K) Class: 4168K(4352K)->4168K(4352K)
[113.358s][info][gc             ] GC(1002) Pause Young (Allocation Failure) 503M->234M(989M) 6.106ms
[113.358s][info][gc,cpu         ] GC(1002) User=0.00s Sys=0.00s Real=0.01s
[113.598s][info][gc,start       ] GC(1003) Pause Young (Allocation Failure)
[113.604s][info][gc,heap        ] GC(1003) PSYoungGen: 289914K(313856K)->12174K(311808K) Eden: 276480K(276480K)->0K(276480K) From: 13434K(37376K)->12174K(35328K)
[113.604s][info][gc,heap        ] GC(1003) ParOldGen: 226430K(699392K)->226845K(699392K)
[113.604s][info][gc,metaspace   ] GC(1003) Metaspace: 36200K(36544K)->36200K(36544K) NonClass: 32031K(32192K)->32031K(32192K) Class: 4168K(4352K)->4168K(4352K)
[113.604s][info][gc             ] GC(1003) Pause Young (Allocation Failure) 504M->233M(987M) 6.074ms
[113.604s][info][gc,cpu         ] GC(1003) User=0.00s Sys=0.00s Real=0.01s
[113.851s][info][gc,start       ] GC(1004) Pause Young (Allocation Failure)
[113.856s][info][gc,heap        ] GC(1004) PSYoungGen: 288654K(311808K)->9796K(317952K) Eden: 276480K(276480K)->0K(285184K) From: 12174K(35328K)->9796K(32768K)
[113.856s][info][gc,heap        ] GC(1004) ParOldGen: 226845K(699392K)->228850K(699392K)
[113.856s][info][gc,metaspace   ] GC(1004) Metaspace: 36200K(36544K)->36200K(36544K) NonClass: 32031K(32192K)->32031K(32192K) Class: 4168K(4352K)->4168K(4352K)
[113.856s][info][gc             ] GC(1004) Pause Young (Allocation Failure) 503M->233M(993M) 5.388ms
[113.856s][info][gc,cpu         ] GC(1004) User=0.00s Sys=0.00s Real=0.00s
[114.096s][info][gc,start       ] GC(1005) Pause Young (Allocation Failure)
[114.101s][info][gc,heap        ] GC(1005) PSYoungGen: 294633K(317952K)->11369K(316416K) Eden: 284836K(285184K)->0K(285184K) From: 9796K(32768K)->11369K(31232K)
[114.101s][info][gc,heap        ] GC(1005) ParOldGen: 228850K(699392K)->229842K(699392K)
[114.101s][info][gc,metaspace   ] GC(1005) Metaspace: 36200K(36544K)->36200K(36544K) NonClass: 32031K(32192K)->32031K(32192K) Class: 4168K(4352K)->4168K(4352K)
[114.101s][info][gc             ] GC(1005) Pause Young (Allocation Failure) 511M->235M(992M) 5.647ms
[114.101s][info][gc,cpu         ] GC(1005) User=0.00s Sys=0.00s Real=0.01s
[114.343s][info][gc,start       ] GC(1006) Pause Young (Allocation Failure)
[114.348s][info][gc,heap        ] GC(1006) PSYoungGen: 296268K(316416K)->12750K(321024K) Eden: 284898K(285184K)->0K(291328K) From: 11369K(31232K)->12750K(29696K)
[114.348s][info][gc,heap        ] GC(1006) ParOldGen: 229842K(699392K)->230226K(699392K)
[114.348s][info][gc,metaspace   ] GC(1006) Metaspace: 36200K(36544K)->36200K(36544K) NonClass: 32031K(32192K)->32031K(32192K) Class: 4168K(4352K)->4168K(4352K)
[114.348s][info][gc             ] GC(1006) Pause Young (Allocation Failure) 513M->237M(996M) 5.696ms
[114.348s][info][gc,cpu         ] GC(1006) User=0.09s Sys=0.00s Real=0.01s
[114.580s][info][gc,start       ] GC(1007) Pause Young (Allocation Failure)
[114.586s][info][gc,heap        ] GC(1007) PSYoungGen: 304078K(321024K)->16441K(319488K) Eden: 291328K(291328K)->0K(291328K) From: 12750K(29696K)->16441K(28160K)
[114.586s][info][gc,heap        ] GC(1007) ParOldGen: 230226K(699392K)->231441K(699392K)
[114.586s][info][gc,metaspace   ] GC(1007) Metaspace: 36200K(36544K)->36200K(36544K) NonClass: 32031K(32192K)->32031K(32192K) Class: 4168K(4352K)->4168K(4352K)
[114.586s][info][gc             ] GC(1007) Pause Young (Allocation Failure) 521M->242M(995M) 6.900ms
[114.586s][info][gc,cpu         ] GC(1007) User=0.00s Sys=0.00s Real=0.01s
[114.819s][info][gc,start       ] GC(1008) Pause Young (Allocation Failure)
[114.826s][info][gc,heap        ] GC(1008) PSYoungGen: 307521K(319488K)->15738K(321536K) Eden: 291079K(291328K)->0K(293376K) From: 16441K(28160K)->15738K(28160K)
[114.826s][info][gc,heap        ] GC(1008) ParOldGen: 231441K(699392K)->233171K(699392K)
[114.826s][info][gc,metaspace   ] GC(1008) Metaspace: 36200K(36544K)->36200K(36544K) NonClass: 32031K(32192K)->32031K(32192K) Class: 4168K(4352K)->4168K(4352K)
[114.826s][info][gc             ] GC(1008) Pause Young (Allocation Failure) 526M->243M(997M) 6.798ms
[114.826s][info][gc,cpu         ] GC(1008) User=0.00s Sys=0.00s Real=0.01s
[115.018s][info][gc,start       ] GC(1009) Pause Young (System.gc())
[115.023s][info][gc,heap        ] GC(1009) PSYoungGen: 255586K(321536K)->10332K(321024K) Eden: 239848K(293376K)->0K(293376K) From: 15738K(28160K)->10332K(27648K)
[115.023s][info][gc,heap        ] GC(1009) ParOldGen: 233171K(699392K)->234465K(699392K)
[115.023s][info][gc,metaspace   ] GC(1009) Metaspace: 36204K(36544K)->36204K(36544K) NonClass: 32036K(32192K)->32036K(32192K) Class: 4168K(4352K)->4168K(4352K)
[115.023s][info][gc             ] GC(1009) Pause Young (System.gc()) 477M->239M(996M) 5.509ms
[115.023s][info][gc,cpu         ] GC(1009) User=0.00s Sys=0.00s Real=0.01s
[115.023s][info][gc,start       ] GC(1010) Pause Full (System.gc())
[115.023s][info][gc,phases,start] GC(1010) Marking Phase
[115.039s][info][gc,phases      ] GC(1010) Marking Phase 15.753ms
[115.039s][info][gc,phases,start] GC(1010) Summary Phase
[115.039s][info][gc,phases      ] GC(1010) Summary Phase 0.012ms
[115.039s][info][gc,phases,start] GC(1010) Adjust Roots
[115.043s][info][gc,phases      ] GC(1010) Adjust Roots 3.743ms
[115.043s][info][gc,phases,start] GC(1010) Compaction Phase
[115.051s][info][gc,phases      ] GC(1010) Compaction Phase 7.690ms
[115.051s][info][gc,phases,start] GC(1010) Post Compact
[115.052s][info][gc,phases      ] GC(1010) Post Compact 1.011ms
[115.052s][info][gc,heap        ] GC(1010) PSYoungGen: 10332K(321024K)->0K(321024K) Eden: 0K(293376K)->0K(293376K) From: 10332K(27648K)->0K(27648K)
[115.052s][info][gc,heap        ] GC(1010) ParOldGen: 234465K(699392K)->113930K(699392K)
[115.052s][info][gc,metaspace   ] GC(1010) Metaspace: 36204K(36544K)->36204K(36544K) NonClass: 32036K(32192K)->32036K(32192K) Class: 4168K(4352K)->4168K(4352K)
[115.052s][info][gc             ] GC(1010) Pause Full (System.gc()) 239M->111M(996M) 28.510ms
[115.052s][info][gc,cpu         ] GC(1010) User=0.19s Sys=0.00s Real=0.03s
[115.100s][info][gc,start       ] GC(1011) Pause Young (Allocation Failure)
[115.100s][info][gc,heap        ] GC(1011) PSYoungGen: 293376K(321024K)->192K(320512K) Eden: 293376K(293376K)->0K(293888K) From: 0K(27648K)->192K(26624K)
[115.100s][info][gc,heap        ] GC(1011) ParOldGen: 113930K(699392K)->113938K(699392K)
[115.100s][info][gc,metaspace   ] GC(1011) Metaspace: 36206K(36544K)->36206K(36544K) NonClass: 32037K(32192K)->32037K(32192K) Class: 4168K(4352K)->4168K(4352K)
[115.100s][info][gc             ] GC(1011) Pause Young (Allocation Failure) 397M->111M(996M) 0.386ms
[115.100s][info][gc,cpu         ] GC(1011) User=0.00s Sys=0.00s Real=0.00s
[115.145s][info][gc,start       ] GC(1012) Pause Young (Allocation Failure)
[115.145s][info][gc,heap        ] GC(1012) PSYoungGen: 294080K(320512K)->192K(321536K) Eden: 293888K(293888K)->0K(293888K) From: 192K(26624K)->192K(27648K)
[115.145s][info][gc,heap        ] GC(1012) ParOldGen: 113938K(699392K)->113986K(699392K)
[115.145s][info][gc,metaspace   ] GC(1012) Metaspace: 36206K(36544K)->36206K(36544K) NonClass: 32037K(32192K)->32037K(32192K) Class: 4168K(4352K)->4168K(4352K)
[115.145s][info][gc             ] GC(1012) Pause Young (Allocation Failure) 398M->111M(997M) 0.421ms
[115.145s][info][gc,cpu         ] GC(1012) User=0.00s Sys=0.00s Real=0.00s
[115.192s][info][gc,start       ] GC(1013) Pause Young (Allocation Failure)
[115.192s][info][gc,heap        ] GC(1013) PSYoungGen: 294080K(321536K)->160K(321536K) Eden: 293888K(293888K)->0K(293888K) From: 192K(27648K)->160K(27648K)
[115.192s][info][gc,heap        ] GC(1013) ParOldGen: 113986K(699392K)->113986K(699392K)
[115.192s][info][gc,metaspace   ] GC(1013) Metaspace: 36206K(36544K)->36206K(36544K) NonClass: 32037K(32192K)->32037K(32192K) Class: 4168K(4352K)->4168K(4352K)
[115.192s][info][gc             ] GC(1013) Pause Young (Allocation Failure) 398M->111M(997M) 0.411ms
[115.192s][info][gc,cpu         ] GC(1013) User=0.00s Sys=0.00s Real=0.00s
[115.237s][info][gc,start       ] GC(1014) Pause Young (Allocation Failure)
[115.237s][info][gc,heap        ] GC(1014) PSYoungGen: 294048K(321536K)->192K(321536K) Eden: 293888K(293888K)->0K(293888K) From: 160K(27648K)->192K(27648K)
[115.237s][info][gc,heap        ] GC(1014) ParOldGen: 113986K(699392K)->113986K(699392K)
[115.237s][info][gc,metaspace   ] GC(1014) Metaspace: 36206K(36544K)->36206K(36544K) NonClass: 32037K(32192K)->32037K(32192K) Class: 4168K(4352K)->4168K(4352K)
[115.237s][info][gc             ] GC(1014) Pause Young (Allocation Failure) 398M->111M(997M) 0.417ms
[115.237s][info][gc,cpu         ] GC(1014) User=0.00s Sys=0.00s Real=0.00s
[115.281s][info][gc,start       ] GC(1015) Pause Young (Allocation Failure)
[115.282s][info][gc,heap        ] GC(1015) PSYoungGen: 294080K(321536K)->160K(322048K) Eden: 293888K(293888K)->0K(294400K) From: 192K(27648K)->160K(27648K)
[115.282s][info][gc,heap        ] GC(1015) ParOldGen: 113986K(699392K)->113986K(699392K)
[115.282s][info][gc,metaspace   ] GC(1015) Metaspace: 36206K(36544K)->36206K(36544K) NonClass: 32037K(32192K)->32037K(32192K) Class: 4168K(4352K)->4168K(4352K)
[115.282s][info][gc             ] GC(1015) Pause Young (Allocation Failure) 398M->111M(997M) 0.383ms
[115.282s][info][gc,cpu         ] GC(1015) User=0.00s Sys=0.00s Real=0.00s
[115.325s][info][gc,start       ] GC(1016) Pause Young (Allocation Failure)
[115.326s][info][gc,heap        ] GC(1016) PSYoungGen: 294560K(322048K)->160K(321536K) Eden: 294400K(294400K)->0K(294400K) From: 160K(27648K)->160K(27136K)
[115.326s][info][gc,heap        ] GC(1016) ParOldGen: 113986K(699392K)->113986K(699392K)
[115.326s][info][gc,metaspace   ] GC(1016) Metaspace: 36206K(36544K)->36206K(36544K) NonClass: 32037K(32192K)->32037K(32192K) Class: 4168K(4352K)->4168K(4352K)
[115.326s][info][gc             ] GC(1016) Pause Young (Allocation Failure) 398M->111M(997M) 0.391ms
[115.326s][info][gc,cpu         ] GC(1016) User=0.00s Sys=0.00s Real=0.00s
[115.370s][info][gc,start       ] GC(1017) Pause Young (Allocation Failure)
[115.370s][info][gc,heap        ] GC(1017) PSYoungGen: 294560K(321536K)->192K(323584K) Eden: 294400K(294400K)->0K(297472K) From: 160K(27136K)->192K(26112K)
[115.370s][info][gc,heap        ] GC(1017) ParOldGen: 113986K(699392K)->113986K(699392K)
[115.370s][info][gc,metaspace   ] GC(1017) Metaspace: 36206K(36544K)->36206K(36544K) NonClass: 32037K(32192K)->32037K(32192K) Class: 4168K(4352K)->4168K(4352K)
[115.370s][info][gc             ] GC(1017) Pause Young (Allocation Failure) 398M->111M(999M) 0.394ms
[115.370s][info][gc,cpu         ] GC(1017) User=0.00s Sys=0.00s Real=0.00s
[115.414s][info][gc,start       ] GC(1018) Pause Young (Allocation Failure)
[115.414s][info][gc,heap        ] GC(1018) PSYoungGen: 297664K(323584K)->160K(323072K) Eden: 297472K(297472K)->0K(297472K) From: 192K(26112K)->160K(25600K)
[115.414s][info][gc,heap        ] GC(1018) ParOldGen: 113986K(699392K)->113986K(699392K)
[115.414s][info][gc,metaspace   ] GC(1018) Metaspace: 36206K(36544K)->36206K(36544K) NonClass: 32037K(32192K)->32037K(32192K) Class: 4168K(4352K)->4168K(4352K)
[115.414s][info][gc             ] GC(1018) Pause Young (Allocation Failure) 402M->111M(998M) 0.435ms
[115.414s][info][gc,cpu         ] GC(1018) User=0.00s Sys=0.00s Real=0.00s
[115.459s][info][gc,start       ] GC(1019) Pause Young (Allocation Failure)
[115.459s][info][gc,heap        ] GC(1019) PSYoungGen: 297632K(323072K)->192K(325632K) Eden: 297472K(297472K)->0K(301056K) From: 160K(25600K)->192K(24576K)
[115.459s][info][gc,heap        ] GC(1019) ParOldGen: 113986K(699392K)->113986K(699392K)
[115.459s][info][gc,metaspace   ] GC(1019) Metaspace: 36206K(36544K)->36206K(36544K) NonClass: 32037K(32192K)->32037K(32192K) Class: 4168K(4352K)->4168K(4352K)
[115.459s][info][gc             ] GC(1019) Pause Young (Allocation Failure) 401M->111M(1001M) 0.384ms
[115.459s][info][gc,cpu         ] GC(1019) User=0.00s Sys=0.00s Real=0.00s
[115.504s][info][gc,start       ] GC(1020) Pause Young (Allocation Failure)
[115.505s][info][gc,heap        ] GC(1020) PSYoungGen: 301248K(325632K)->160K(324608K) Eden: 301056K(301056K)->0K(301056K) From: 192K(24576K)->160K(23552K)
[115.505s][info][gc,heap        ] GC(1020) ParOldGen: 113986K(699392K)->113986K(699392K)
[115.505s][info][gc,metaspace   ] GC(1020) Metaspace: 36206K(36544K)->36206K(36544K) NonClass: 32037K(32192K)->32037K(32192K) Class: 4168K(4352K)->4168K(4352K)
[115.505s][info][gc             ] GC(1020) Pause Young (Allocation Failure) 405M->111M(1000M) 0.370ms
[115.505s][info][gc,cpu         ] GC(1020) User=0.00s Sys=0.00s Real=0.00s
[115.550s][info][gc,start       ] GC(1021) Pause Young (Allocation Failure)
[115.551s][info][gc,heap        ] GC(1021) PSYoungGen: 301216K(324608K)->160K(327680K) Eden: 301056K(301056K)->0K(305152K) From: 160K(23552K)->160K(22528K)
[115.551s][info][gc,heap        ] GC(1021) ParOldGen: 113986K(699392K)->113986K(699392K)
[115.551s][info][gc,metaspace   ] GC(1021) Metaspace: 36206K(36544K)->36206K(36544K) NonClass: 32037K(32192K)->32037K(32192K) Class: 4168K(4352K)->4168K(4352K)
[115.551s][info][gc             ] GC(1021) Pause Young (Allocation Failure) 405M->111M(1003M) 0.390ms
[115.551s][info][gc,cpu         ] GC(1021) User=0.00s Sys=0.00s Real=0.00s
[115.597s][info][gc,start       ] GC(1022) Pause Young (Allocation Failure)
[115.598s][info][gc,heap        ] GC(1022) PSYoungGen: 305312K(327680K)->192K(326656K) Eden: 305152K(305152K)->0K(305152K) From: 160K(22528K)->192K(21504K)
[115.598s][info][gc,heap        ] GC(1022) ParOldGen: 113986K(699392K)->113986K(699392K)
[115.598s][info][gc,metaspace   ] GC(1022) Metaspace: 36206K(36544K)->36206K(36544K) NonClass: 32037K(32192K)->32037K(32192K) Class: 4168K(4352K)->4168K(4352K)
[115.598s][info][gc             ] GC(1022) Pause Young (Allocation Failure) 409M->111M(1002M) 0.376ms
[115.598s][info][gc,cpu         ] GC(1022) User=0.00s Sys=0.00s Real=0.00s
[115.644s][info][gc,start       ] GC(1023) Pause Young (Allocation Failure)
[115.645s][info][gc,heap        ] GC(1023) PSYoungGen: 305344K(326656K)->160K(329728K) Eden: 305152K(305152K)->0K(309248K) From: 192K(21504K)->160K(20480K)
[115.645s][info][gc,heap        ] GC(1023) ParOldGen: 113986K(699392K)->113986K(699392K)
[115.645s][info][gc,metaspace   ] GC(1023) Metaspace: 36206K(36544K)->36206K(36544K) NonClass: 32037K(32192K)->32037K(32192K) Class: 4168K(4352K)->4168K(4352K)
[115.645s][info][gc             ] GC(1023) Pause Young (Allocation Failure) 409M->111M(1005M) 0.342ms
[115.645s][info][gc,cpu         ] GC(1023) User=0.00s Sys=0.00s Real=0.00s
[115.691s][info][gc,start       ] GC(1024) Pause Young (Allocation Failure)
[115.691s][info][gc,heap        ] GC(1024) PSYoungGen: 309408K(329728K)->128K(328704K) Eden: 309248K(309248K)->0K(309248K) From: 160K(20480K)->128K(19456K)
[115.691s][info][gc,heap        ] GC(1024) ParOldGen: 113986K(699392K)->113986K(699392K)
[115.691s][info][gc,metaspace   ] GC(1024) Metaspace: 36206K(36544K)->36206K(36544K) NonClass: 32037K(32192K)->32037K(32192K) Class: 4168K(4352K)->4168K(4352K)
[115.692s][info][gc             ] GC(1024) Pause Young (Allocation Failure) 413M->111M(1004M) 0.504ms
[115.692s][info][gc,cpu         ] GC(1024) User=0.00s Sys=0.00s Real=0.00s
[115.753s][info][gc,start       ] GC(1025) Pause Young (Allocation Failure)
[115.753s][info][gc,heap        ] GC(1025) PSYoungGen: 309376K(328704K)->192K(331776K) Eden: 309248K(309248K)->0K(313344K) From: 128K(19456K)->192K(18432K)
[115.753s][info][gc,heap        ] GC(1025) ParOldGen: 113986K(699392K)->113986K(699392K)
[115.753s][info][gc,metaspace   ] GC(1025) Metaspace: 36206K(36544K)->36206K(36544K) NonClass: 32037K(32192K)->32037K(32192K) Class: 4168K(4352K)->4168K(4352K)
[115.753s][info][gc             ] GC(1025) Pause Young (Allocation Failure) 413M->111M(1007M) 0.419ms
[115.753s][info][gc,cpu         ] GC(1025) User=0.00s Sys=0.00s Real=0.00s
[115.814s][info][gc,start       ] GC(1026) Pause Young (Allocation Failure)
[115.815s][info][gc,heap        ] GC(1026) PSYoungGen: 313536K(331776K)->160K(330752K) Eden: 313344K(313344K)->0K(313344K) From: 192K(18432K)->160K(17408K)
[115.815s][info][gc,heap        ] GC(1026) ParOldGen: 113986K(699392K)->114034K(699392K)
[115.815s][info][gc,metaspace   ] GC(1026) Metaspace: 36206K(36544K)->36206K(36544K) NonClass: 32037K(32192K)->32037K(32192K) Class: 4168K(4352K)->4168K(4352K)
[115.815s][info][gc             ] GC(1026) Pause Young (Allocation Failure) 417M->111M(1006M) 0.463ms
[115.815s][info][gc,cpu         ] GC(1026) User=0.00s Sys=0.00s Real=0.00s
[115.877s][info][gc,start       ] GC(1027) Pause Young (Allocation Failure)
[115.877s][info][gc,heap        ] GC(1027) PSYoungGen: 313504K(330752K)->160K(333824K) Eden: 313344K(313344K)->0K(317440K) From: 160K(17408K)->160K(16384K)
[115.877s][info][gc,heap        ] GC(1027) ParOldGen: 114034K(699392K)->114034K(699392K)
[115.877s][info][gc,metaspace   ] GC(1027) Metaspace: 36206K(36544K)->36206K(36544K) NonClass: 32037K(32192K)->32037K(32192K) Class: 4168K(4352K)->4168K(4352K)
[115.877s][info][gc             ] GC(1027) Pause Young (Allocation Failure) 417M->111M(1009M) 0.466ms
[115.877s][info][gc,cpu         ] GC(1027) User=0.00s Sys=0.00s Real=0.00s
[115.938s][info][gc,start       ] GC(1028) Pause Young (Allocation Failure)
[115.939s][info][gc,heap        ] GC(1028) PSYoungGen: 317600K(333824K)->160K(332800K) Eden: 317440K(317440K)->0K(317440K) From: 160K(16384K)->160K(15360K)
[115.939s][info][gc,heap        ] GC(1028) ParOldGen: 114034K(699392K)->114034K(699392K)
[115.939s][info][gc,metaspace   ] GC(1028) Metaspace: 36206K(36544K)->36206K(36544K) NonClass: 32037K(32192K)->32037K(32192K) Class: 4168K(4352K)->4168K(4352K)
[115.939s][info][gc             ] GC(1028) Pause Young (Allocation Failure) 421M->111M(1008M) 0.453ms
[115.939s][info][gc,cpu         ] GC(1028) User=0.00s Sys=0.00s Real=0.00s
[116.000s][info][gc,start       ] GC(1029) Pause Young (Allocation Failure)
[116.001s][info][gc,heap        ] GC(1029) PSYoungGen: 317600K(332800K)->192K(335872K) Eden: 317440K(317440K)->0K(321536K) From: 160K(15360K)->192K(14336K)
[116.001s][info][gc,heap        ] GC(1029) ParOldGen: 114034K(699392K)->114034K(699392K)
[116.001s][info][gc,metaspace   ] GC(1029) Metaspace: 36206K(36544K)->36206K(36544K) NonClass: 32037K(32192K)->32037K(32192K) Class: 4168K(4352K)->4168K(4352K)
[116.001s][info][gc             ] GC(1029) Pause Young (Allocation Failure) 421M->111M(1011M) 0.441ms
[116.001s][info][gc,cpu         ] GC(1029) User=0.00s Sys=0.00s Real=0.00s
[116.064s][info][gc,start       ] GC(1030) Pause Young (Allocation Failure)
[116.064s][info][gc,heap        ] GC(1030) PSYoungGen: 321728K(335872K)->192K(334848K) Eden: 321536K(321536K)->0K(321536K) From: 192K(14336K)->192K(13312K)
[116.064s][info][gc,heap        ] GC(1030) ParOldGen: 114034K(699392K)->114034K(699392K)
[116.064s][info][gc,metaspace   ] GC(1030) Metaspace: 36206K(36544K)->36206K(36544K) NonClass: 32037K(32192K)->32037K(32192K) Class: 4168K(4352K)->4168K(4352K)
[116.064s][info][gc             ] GC(1030) Pause Young (Allocation Failure) 425M->111M(1010M) 0.473ms
[116.065s][info][gc,cpu         ] GC(1030) User=0.00s Sys=0.00s Real=0.00s
[116.125s][info][gc,start       ] GC(1031) Pause Young (Allocation Failure)
[116.125s][info][gc,heap        ] GC(1031) PSYoungGen: 321728K(334848K)->160K(337408K) Eden: 321536K(321536K)->0K(324608K) From: 192K(13312K)->160K(12800K)
[116.125s][info][gc,heap        ] GC(1031) ParOldGen: 114034K(699392K)->114034K(699392K)
[116.125s][info][gc,metaspace   ] GC(1031) Metaspace: 36206K(36544K)->36206K(36544K) NonClass: 32037K(32192K)->32037K(32192K) Class: 4168K(4352K)->4168K(4352K)
[116.125s][info][gc             ] GC(1031) Pause Young (Allocation Failure) 425M->111M(1012M) 0.429ms
[116.125s][info][gc,cpu         ] GC(1031) User=0.09s Sys=0.00s Real=0.00s
[116.188s][info][gc,start       ] GC(1032) Pause Young (Allocation Failure)
[116.188s][info][gc,heap        ] GC(1032) PSYoungGen: 324768K(337408K)->160K(336384K) Eden: 324608K(324608K)->0K(324608K) From: 160K(12800K)->160K(11776K)
[116.188s][info][gc,heap        ] GC(1032) ParOldGen: 114034K(699392K)->114034K(699392K)
[116.188s][info][gc,metaspace   ] GC(1032) Metaspace: 36206K(36544K)->36206K(36544K) NonClass: 32037K(32192K)->32037K(32192K) Class: 4168K(4352K)->4168K(4352K)
[116.188s][info][gc             ] GC(1032) Pause Young (Allocation Failure) 428M->111M(1011M) 0.450ms
[116.188s][info][gc,cpu         ] GC(1032) User=0.00s Sys=0.00s Real=0.00s
[116.251s][info][gc,start       ] GC(1033) Pause Young (Allocation Failure)
[116.251s][info][gc,heap        ] GC(1033) PSYoungGen: 324768K(336384K)->160K(338944K) Eden: 324608K(324608K)->0K(327680K) From: 160K(11776K)->160K(11264K)
[116.252s][info][gc,heap        ] GC(1033) ParOldGen: 114034K(699392K)->114034K(699392K)
[116.252s][info][gc,metaspace   ] GC(1033) Metaspace: 36206K(36544K)->36206K(36544K) NonClass: 32037K(32192K)->32037K(32192K) Class: 4168K(4352K)->4168K(4352K)
[116.252s][info][gc             ] GC(1033) Pause Young (Allocation Failure) 428M->111M(1014M) 0.460ms
[116.252s][info][gc,cpu         ] GC(1033) User=0.00s Sys=0.00s Real=0.00s
[116.314s][info][gc,start       ] GC(1034) Pause Young (Allocation Failure)
[116.314s][info][gc,heap        ] GC(1034) PSYoungGen: 327840K(338944K)->160K(337920K) Eden: 327680K(327680K)->0K(327680K) From: 160K(11264K)->160K(10240K)
[116.314s][info][gc,heap        ] GC(1034) ParOldGen: 114034K(699392K)->114034K(699392K)
[116.314s][info][gc,metaspace   ] GC(1034) Metaspace: 36206K(36544K)->36206K(36544K) NonClass: 32037K(32192K)->32037K(32192K) Class: 4168K(4352K)->4168K(4352K)
[116.314s][info][gc             ] GC(1034) Pause Young (Allocation Failure) 431M->111M(1013M) 0.428ms
[116.314s][info][gc,cpu         ] GC(1034) User=0.00s Sys=0.00s Real=0.00s
[116.376s][info][gc,start       ] GC(1035) Pause Young (Allocation Failure)
[116.377s][info][gc,heap        ] GC(1035) PSYoungGen: 327840K(337920K)->192K(340480K) Eden: 327680K(327680K)->0K(330752K) From: 160K(10240K)->192K(9728K)
[116.377s][info][gc,heap        ] GC(1035) ParOldGen: 114034K(699392K)->114034K(699392K)
[116.377s][info][gc,metaspace   ] GC(1035) Metaspace: 36206K(36544K)->36206K(36544K) NonClass: 32037K(32192K)->32037K(32192K) Class: 4168K(4352K)->4168K(4352K)
[116.377s][info][gc             ] GC(1035) Pause Young (Allocation Failure) 431M->111M(1015M) 0.451ms
[116.377s][info][gc,cpu         ] GC(1035) User=0.00s Sys=0.00s Real=0.00s
[116.439s][info][gc,start       ] GC(1036) Pause Young (Allocation Failure)
[116.439s][info][gc,heap        ] GC(1036) PSYoungGen: 330944K(340480K)->160K(339456K) Eden: 330752K(330752K)->0K(330752K) From: 192K(9728K)->160K(8704K)
[116.439s][info][gc,heap        ] GC(1036) ParOldGen: 114034K(699392K)->114034K(699392K)
[116.439s][info][gc,metaspace   ] GC(1036) Metaspace: 36206K(36544K)->36206K(36544K) NonClass: 32037K(32192K)->32037K(32192K) Class: 4168K(4352K)->4168K(4352K)
[116.439s][info][gc             ] GC(1036) Pause Young (Allocation Failure) 434M->111M(1014M) 0.462ms
[116.439s][info][gc,cpu         ] GC(1036) User=0.00s Sys=0.00s Real=0.00s
[116.500s][info][gc,start       ] GC(1037) Pause Young (Allocation Failure)
[116.501s][info][gc,heap        ] GC(1037) PSYoungGen: 330912K(339456K)->160K(341504K) Eden: 330752K(330752K)->0K(333312K) From: 160K(8704K)->160K(8192K)
[116.501s][info][gc,heap        ] GC(1037) ParOldGen: 114034K(699392K)->114034K(699392K)
[116.501s][info][gc,metaspace   ] GC(1037) Metaspace: 36206K(36544K)->36206K(36544K) NonClass: 32037K(32192K)->32037K(32192K) Class: 4168K(4352K)->4168K(4352K)
[116.501s][info][gc             ] GC(1037) Pause Young (Allocation Failure) 434M->111M(1016M) 0.408ms
[116.501s][info][gc,cpu         ] GC(1037) User=0.00s Sys=0.00s Real=0.00s
[116.564s][info][gc,start       ] GC(1038) Pause Young (Allocation Failure)
[116.564s][info][gc,heap        ] GC(1038) PSYoungGen: 333472K(341504K)->160K(340992K) Eden: 333312K(333312K)->0K(333312K) From: 160K(8192K)->160K(7680K)
[116.564s][info][gc,heap        ] GC(1038) ParOldGen: 114034K(699392K)->114034K(699392K)
[116.564s][info][gc,metaspace   ] GC(1038) Metaspace: 36206K(36544K)->36206K(36544K) NonClass: 32037K(32192K)->32037K(32192K) Class: 4168K(4352K)->4168K(4352K)
[116.564s][info][gc             ] GC(1038) Pause Young (Allocation Failure) 437M->111M(1016M) 0.460ms
[116.564s][info][gc,cpu         ] GC(1038) User=0.00s Sys=0.00s Real=0.00s
[116.627s][info][gc,start       ] GC(1039) Pause Young (Allocation Failure)
[116.627s][info][gc,heap        ] GC(1039) PSYoungGen: 333472K(340992K)->192K(342528K) Eden: 333312K(333312K)->0K(335360K) From: 160K(7680K)->192K(7168K)
[116.627s][info][gc,heap        ] GC(1039) ParOldGen: 114034K(699392K)->114034K(699392K)
[116.627s][info][gc,metaspace   ] GC(1039) Metaspace: 36206K(36544K)->36206K(36544K) NonClass: 32037K(32192K)->32037K(32192K) Class: 4168K(4352K)->4168K(4352K)
[116.627s][info][gc             ] GC(1039) Pause Young (Allocation Failure) 437M->111M(1017M) 0.453ms
[116.628s][info][gc,cpu         ] GC(1039) User=0.00s Sys=0.00s Real=0.00s
[116.692s][info][gc,start       ] GC(1040) Pause Young (Allocation Failure)
[116.692s][info][gc,heap        ] GC(1040) PSYoungGen: 335552K(342528K)->160K(342016K) Eden: 335360K(335360K)->0K(335360K) From: 192K(7168K)->160K(6656K)
[116.692s][info][gc,heap        ] GC(1040) ParOldGen: 114034K(699392K)->114034K(699392K)
[116.692s][info][gc,metaspace   ] GC(1040) Metaspace: 36206K(36544K)->36206K(36544K) NonClass: 32037K(32192K)->32037K(32192K) Class: 4168K(4352K)->4168K(4352K)
[116.692s][info][gc             ] GC(1040) Pause Young (Allocation Failure) 439M->111M(1017M) 0.373ms
[116.692s][info][gc,cpu         ] GC(1040) User=0.00s Sys=0.00s Real=0.00s
[116.755s][info][gc,start       ] GC(1041) Pause Young (Allocation Failure)
[116.755s][info][gc,heap        ] GC(1041) PSYoungGen: 335520K(342016K)->192K(343552K) Eden: 335360K(335360K)->0K(337408K) From: 160K(6656K)->192K(6144K)
[116.755s][info][gc,heap        ] GC(1041) ParOldGen: 114034K(699392K)->114034K(699392K)
[116.755s][info][gc,metaspace   ] GC(1041) Metaspace: 36206K(36544K)->36206K(36544K) NonClass: 32037K(32192K)->32037K(32192K) Class: 4168K(4352K)->4168K(4352K)
[116.755s][info][gc             ] GC(1041) Pause Young (Allocation Failure) 439M->111M(1018M) 0.404ms
[116.756s][info][gc,cpu         ] GC(1041) User=0.00s Sys=0.00s Real=0.00s
[116.818s][info][gc,start       ] GC(1042) Pause Young (Allocation Failure)
[116.819s][info][gc,heap        ] GC(1042) PSYoungGen: 337600K(343552K)->160K(343040K) Eden: 337408K(337408K)->0K(337408K) From: 192K(6144K)->160K(5632K)
[116.819s][info][gc,heap        ] GC(1042) ParOldGen: 114034K(699392K)->114034K(699392K)
[116.819s][info][gc,metaspace   ] GC(1042) Metaspace: 36206K(36544K)->36206K(36544K) NonClass: 32037K(32192K)->32037K(32192K) Class: 4168K(4352K)->4168K(4352K)
[116.819s][info][gc             ] GC(1042) Pause Young (Allocation Failure) 441M->111M(1018M) 0.505ms
[116.819s][info][gc,cpu         ] GC(1042) User=0.00s Sys=0.00s Real=0.00s
[116.881s][info][gc,start       ] GC(1043) Pause Young (Allocation Failure)
[116.881s][info][gc,heap        ] GC(1043) PSYoungGen: 337568K(343040K)->192K(344064K) Eden: 337408K(337408K)->0K(338432K) From: 160K(5632K)->192K(5632K)
[116.881s][info][gc,heap        ] GC(1043) ParOldGen: 114034K(699392K)->114034K(699392K)
[116.881s][info][gc,metaspace   ] GC(1043) Metaspace: 36206K(36544K)->36206K(36544K) NonClass: 32037K(32192K)->32037K(32192K) Class: 4168K(4352K)->4168K(4352K)
[116.881s][info][gc             ] GC(1043) Pause Young (Allocation Failure) 441M->111M(1019M) 0.442ms
[116.881s][info][gc,cpu         ] GC(1043) User=0.00s Sys=0.00s Real=0.00s
[116.944s][info][gc,start       ] GC(1044) Pause Young (Allocation Failure)
[116.944s][info][gc,heap        ] GC(1044) PSYoungGen: 338624K(344064K)->192K(343552K) Eden: 338432K(338432K)->0K(338432K) From: 192K(5632K)->192K(5120K)
[116.944s][info][gc,heap        ] GC(1044) ParOldGen: 114034K(699392K)->114034K(699392K)
[116.944s][info][gc,metaspace   ] GC(1044) Metaspace: 36206K(36544K)->36206K(36544K) NonClass: 32037K(32192K)->32037K(32192K) Class: 4168K(4352K)->4168K(4352K)
[116.944s][info][gc             ] GC(1044) Pause Young (Allocation Failure) 442M->111M(1018M) 0.422ms
[116.944s][info][gc,cpu         ] GC(1044) User=0.00s Sys=0.00s Real=0.00s
[117.008s][info][gc,start       ] GC(1045) Pause Young (Allocation Failure)
[117.009s][info][gc,heap        ] GC(1045) PSYoungGen: 338624K(343552K)->192K(345088K) Eden: 338432K(338432K)->0K(340480K) From: 192K(5120K)->192K(4608K)
[117.009s][info][gc,heap        ] GC(1045) ParOldGen: 114034K(699392K)->114034K(699392K)
[117.009s][info][gc,metaspace   ] GC(1045) Metaspace: 36206K(36544K)->36206K(36544K) NonClass: 32037K(32192K)->32037K(32192K) Class: 4168K(4352K)->4168K(4352K)
[117.009s][info][gc             ] GC(1045) Pause Young (Allocation Failure) 442M->111M(1020M) 0.416ms
[117.009s][info][gc,cpu         ] GC(1045) User=0.00s Sys=0.00s Real=0.00s
[117.074s][info][gc,start       ] GC(1046) Pause Young (Allocation Failure)
[117.074s][info][gc,heap        ] GC(1046) PSYoungGen: 340672K(345088K)->160K(344576K) Eden: 340480K(340480K)->0K(340480K) From: 192K(4608K)->160K(4096K)
[117.074s][info][gc,heap        ] GC(1046) ParOldGen: 114034K(699392K)->114034K(699392K)
[117.074s][info][gc,metaspace   ] GC(1046) Metaspace: 36206K(36544K)->36206K(36544K) NonClass: 32037K(32192K)->32037K(32192K) Class: 4168K(4352K)->4168K(4352K)
[117.074s][info][gc             ] GC(1046) Pause Young (Allocation Failure) 444M->111M(1019M) 0.396ms
[117.074s][info][gc,cpu         ] GC(1046) User=0.00s Sys=0.00s Real=0.00s
[117.140s][info][gc,start       ] GC(1047) Pause Young (Allocation Failure)
[117.141s][info][gc,heap        ] GC(1047) PSYoungGen: 340640K(344576K)->160K(345600K) Eden: 340480K(340480K)->0K(341504K) From: 160K(4096K)->160K(4096K)
[117.141s][info][gc,heap        ] GC(1047) ParOldGen: 114034K(699392K)->114034K(699392K)
[117.141s][info][gc,metaspace   ] GC(1047) Metaspace: 36206K(36544K)->36206K(36544K) NonClass: 32037K(32192K)->32037K(32192K) Class: 4168K(4352K)->4168K(4352K)
[117.141s][info][gc             ] GC(1047) Pause Young (Allocation Failure) 444M->111M(1020M) 0.432ms
[117.141s][info][gc,cpu         ] GC(1047) User=0.02s Sys=0.00s Real=0.00s
[117.208s][info][gc,start       ] GC(1048) Pause Young (Allocation Failure)
[117.209s][info][gc,heap        ] GC(1048) PSYoungGen: 341664K(345600K)->192K(345088K) Eden: 341504K(341504K)->0K(341504K) From: 160K(4096K)->192K(3584K)
[117.209s][info][gc,heap        ] GC(1048) ParOldGen: 114034K(699392K)->114034K(699392K)
[117.209s][info][gc,metaspace   ] GC(1048) Metaspace: 36206K(36544K)->36206K(36544K) NonClass: 32037K(32192K)->32037K(32192K) Class: 4168K(4352K)->4168K(4352K)
[117.209s][info][gc             ] GC(1048) Pause Young (Allocation Failure) 445M->111M(1020M) 0.464ms
[117.209s][info][gc,cpu         ] GC(1048) User=0.00s Sys=0.00s Real=0.00s
[117.276s][info][gc,start       ] GC(1049) Pause Young (Allocation Failure)
[117.276s][info][gc,heap        ] GC(1049) PSYoungGen: 341696K(345088K)->160K(346112K) Eden: 341504K(341504K)->0K(342528K) From: 192K(3584K)->160K(3584K)
[117.276s][info][gc,heap        ] GC(1049) ParOldGen: 114034K(699392K)->114034K(699392K)
[117.276s][info][gc,metaspace   ] GC(1049) Metaspace: 36206K(36544K)->36206K(36544K) NonClass: 32037K(32192K)->32037K(32192K) Class: 4168K(4352K)->4168K(4352K)
[117.276s][info][gc             ] GC(1049) Pause Young (Allocation Failure) 445M->111M(1021M) 0.423ms
[117.276s][info][gc,cpu         ] GC(1049) User=0.00s Sys=0.00s Real=0.00s
[117.341s][info][gc,start       ] GC(1050) Pause Young (Allocation Failure)
[117.342s][info][gc,heap        ] GC(1050) PSYoungGen: 342688K(346112K)->160K(345600K) Eden: 342528K(342528K)->0K(342528K) From: 160K(3584K)->160K(3072K)
[117.342s][info][gc,heap        ] GC(1050) ParOldGen: 114034K(699392K)->114034K(699392K)
[117.342s][info][gc,metaspace   ] GC(1050) Metaspace: 36206K(36544K)->36206K(36544K) NonClass: 32037K(32192K)->32037K(32192K) Class: 4168K(4352K)->4168K(4352K)
[117.342s][info][gc             ] GC(1050) Pause Young (Allocation Failure) 446M->111M(1020M) 0.417ms
[117.342s][info][gc,cpu         ] GC(1050) User=0.00s Sys=0.00s Real=0.00s
[117.409s][info][gc,start       ] GC(1051) Pause Young (Allocation Failure)
[117.409s][info][gc,heap        ] GC(1051) PSYoungGen: 342688K(345600K)->160K(346624K) Eden: 342528K(342528K)->0K(343552K) From: 160K(3072K)->160K(3072K)
[117.409s][info][gc,heap        ] GC(1051) ParOldGen: 114034K(699392K)->114034K(699392K)
[117.409s][info][gc,metaspace   ] GC(1051) Metaspace: 36206K(36544K)->36206K(36544K) NonClass: 32037K(32192K)->32037K(32192K) Class: 4168K(4352K)->4168K(4352K)
[117.409s][info][gc             ] GC(1051) Pause Young (Allocation Failure) 446M->111M(1021M) 0.415ms
[117.409s][info][gc,cpu         ] GC(1051) User=0.00s Sys=0.00s Real=0.00s
[117.482s][info][gc,start       ] GC(1052) Pause Young (Allocation Failure)
[117.482s][info][gc,heap        ] GC(1052) PSYoungGen: 343712K(346624K)->192K(346112K) Eden: 343552K(343552K)->0K(343552K) From: 160K(3072K)->192K(2560K)
[117.482s][info][gc,heap        ] GC(1052) ParOldGen: 114034K(699392K)->114034K(699392K)
[117.483s][info][gc,metaspace   ] GC(1052) Metaspace: 36206K(36544K)->36206K(36544K) NonClass: 32037K(32192K)->32037K(32192K) Class: 4168K(4352K)->4168K(4352K)
[117.483s][info][gc             ] GC(1052) Pause Young (Allocation Failure) 447M->111M(1021M) 0.436ms
[117.483s][info][gc,cpu         ] GC(1052) User=0.00s Sys=0.00s Real=0.00s
[117.737s][info][gc,start       ] GC(1053) Pause Young (Allocation Failure)
[117.744s][info][gc,heap        ] GC(1053) PSYoungGen: 342658K(346112K)->2545K(331264K) Eden: 342466K(343552K)->0K(328704K) From: 192K(2560K)->2545K(2560K)
[117.744s][info][gc,heap        ] GC(1053) ParOldGen: 114034K(699392K)->133079K(699392K)
[117.744s][info][gc,metaspace   ] GC(1053) Metaspace: 36206K(36544K)->36206K(36544K) NonClass: 32038K(32192K)->32038K(32192K) Class: 4168K(4352K)->4168K(4352K)
[117.744s][info][gc             ] GC(1053) Pause Young (Allocation Failure) 445M->132M(1006M) 6.533ms
[117.744s][info][gc,cpu         ] GC(1053) User=0.00s Sys=0.00s Real=0.01s
[118.033s][info][gc,start       ] GC(1054) Pause Young (Allocation Failure)
[118.044s][info][gc,heap        ] GC(1054) PSYoungGen: 331180K(331264K)->10211K(338944K) Eden: 328635K(328704K)->0K(328704K) From: 2545K(2560K)->10211K(10240K)
[118.044s][info][gc,heap        ] GC(1054) ParOldGen: 133079K(699392K)->160139K(699392K)
[118.044s][info][gc,metaspace   ] GC(1054) Metaspace: 36206K(36544K)->36206K(36544K) NonClass: 32038K(32192K)->32038K(32192K) Class: 4168K(4352K)->4168K(4352K)
[118.044s][info][gc             ] GC(1054) Pause Young (Allocation Failure) 453M->166M(1014M) 11.437ms
[118.044s][info][gc,cpu         ] GC(1054) User=0.00s Sys=0.00s Real=0.01s
[118.331s][info][gc,start       ] GC(1055) Pause Young (Allocation Failure)
[118.346s][info][gc,heap        ] GC(1055) PSYoungGen: 336636K(338944K)->10210K(283648K) Eden: 326425K(328704K)->0K(273408K) From: 10211K(10240K)->10210K(10240K)
[118.346s][info][gc,heap        ] GC(1055) ParOldGen: 160139K(699392K)->202782K(699392K)
[118.346s][info][gc,metaspace   ] GC(1055) Metaspace: 36206K(36544K)->36206K(36544K) NonClass: 32038K(32192K)->32038K(32192K) Class: 4168K(4352K)->4168K(4352K)
[118.346s][info][gc             ] GC(1055) Pause Young (Allocation Failure) 485M->208M(960M) 15.116ms
[118.346s][info][gc,cpu         ] GC(1055) User=0.09s Sys=0.00s Real=0.02s
[118.595s][info][gc,start       ] GC(1056) Pause Young (Allocation Failure)
[118.605s][info][gc,heap        ] GC(1056) PSYoungGen: 281768K(283648K)->21195K(294912K) Eden: 271557K(273408K)->0K(273408K) From: 10210K(10240K)->21195K(21504K)
[118.605s][info][gc,heap        ] GC(1056) ParOldGen: 202782K(699392K)->211320K(699392K)
[118.605s][info][gc,metaspace   ] GC(1056) Metaspace: 36206K(36544K)->36206K(36544K) NonClass: 32038K(32192K)->32038K(32192K) Class: 4168K(4352K)->4168K(4352K)
[118.605s][info][gc             ] GC(1056) Pause Young (Allocation Failure) 473M->227M(971M) 9.966ms
[118.605s][info][gc,cpu         ] GC(1056) User=0.00s Sys=0.00s Real=0.02s
[118.849s][info][gc,start       ] GC(1057) Pause Young (Allocation Failure)
[118.856s][info][gc,heap        ] GC(1057) PSYoungGen: 294241K(294912K)->11932K(312320K) Eden: 273045K(273408K)->0K(272896K) From: 21195K(21504K)->11932K(39424K)
[118.856s][info][gc,heap        ] GC(1057) ParOldGen: 211320K(699392K)->222398K(699392K)
[118.856s][info][gc,metaspace   ] GC(1057) Metaspace: 36206K(36544K)->36206K(36544K) NonClass: 32038K(32192K)->32038K(32192K) Class: 4168K(4352K)->4168K(4352K)
[118.856s][info][gc             ] GC(1057) Pause Young (Allocation Failure) 493M->228M(988M) 6.782ms
[118.856s][info][gc,cpu         ] GC(1057) User=0.00s Sys=0.00s Real=0.01s
[119.104s][info][gc,start       ] GC(1058) Pause Young (Allocation Failure)
[119.109s][info][gc,heap        ] GC(1058) PSYoungGen: 284828K(312320K)->10690K(309760K) Eden: 272896K(272896K)->0K(272896K) From: 11932K(39424K)->10690K(36864K)
[119.109s][info][gc,heap        ] GC(1058) ParOldGen: 222398K(699392K)->223437K(699392K)
[119.109s][info][gc,metaspace   ] GC(1058) Metaspace: 36206K(36544K)->36206K(36544K) NonClass: 32038K(32192K)->32038K(32192K) Class: 4168K(4352K)->4168K(4352K)
[119.109s][info][gc             ] GC(1058) Pause Young (Allocation Failure) 495M->228M(985M) 5.189ms
[119.109s][info][gc,cpu         ] GC(1058) User=0.00s Sys=0.00s Real=0.01s
[119.338s][info][gc,start       ] GC(1059) Pause Young (Allocation Failure)
[119.345s][info][gc,heap        ] GC(1059) PSYoungGen: 277488K(309760K)->20239K(312832K) Eden: 266797K(272896K)->0K(278528K) From: 10690K(36864K)->20239K(34304K)
[119.345s][info][gc,heap        ] GC(1059) ParOldGen: 223437K(699392K)->223778K(699392K)
[119.345s][info][gc,metaspace   ] GC(1059) Metaspace: 36206K(36544K)->36206K(36544K) NonClass: 32038K(32192K)->32038K(32192K) Class: 4168K(4352K)->4168K(4352K)
[119.345s][info][gc             ] GC(1059) Pause Young (Allocation Failure) 489M->238M(988M) 7.021ms
[119.345s][info][gc,cpu         ] GC(1059) User=0.09s Sys=0.00s Real=0.01s
[119.600s][info][gc,start       ] GC(1060) Pause Young (Allocation Failure)
[119.607s][info][gc,heap        ] GC(1060) PSYoungGen: 297213K(312832K)->13660K(313856K) Eden: 276973K(278528K)->0K(278528K) From: 20239K(34304K)->13660K(35328K)
[119.607s][info][gc,heap        ] GC(1060) ParOldGen: 223778K(699392K)->224153K(699392K)
[119.607s][info][gc,metaspace   ] GC(1060) Metaspace: 36206K(36544K)->36206K(36544K) NonClass: 32038K(32192K)->32038K(32192K) Class: 4168K(4352K)->4168K(4352K)
[119.607s][info][gc             ] GC(1060) Pause Young (Allocation Failure) 508M->232M(989M) 6.270ms
[119.607s][info][gc,cpu         ] GC(1060) User=0.00s Sys=0.00s Real=0.00s
[119.862s][info][gc,start       ] GC(1061) Pause Young (Allocation Failure)
[119.868s][info][gc,heap        ] GC(1061) PSYoungGen: 292188K(313856K)->11595K(317440K) Eden: 278528K(278528K)->0K(284160K) From: 13660K(35328K)->11595K(33280K)
[119.868s][info][gc,heap        ] GC(1061) ParOldGen: 224153K(699392K)->224524K(699392K)
[119.868s][info][gc,metaspace   ] GC(1061) Metaspace: 36206K(36544K)->36206K(36544K) NonClass: 32038K(32192K)->32038K(32192K) Class: 4168K(4352K)->4168K(4352K)
[119.868s][info][gc             ] GC(1061) Pause Young (Allocation Failure) 504M->230M(993M) 5.817ms
[119.868s][info][gc,cpu         ] GC(1061) User=0.00s Sys=0.00s Real=0.01s
[120.122s][info][gc,start       ] GC(1062) Pause Young (Allocation Failure)
[120.128s][info][gc,heap        ] GC(1062) PSYoungGen: 295299K(317440K)->13906K(315904K) Eden: 283703K(284160K)->0K(284160K) From: 11595K(33280K)->13906K(31744K)
[120.128s][info][gc,heap        ] GC(1062) ParOldGen: 224524K(699392K)->224916K(699392K)
[120.128s][info][gc,metaspace   ] GC(1062) Metaspace: 36206K(36544K)->36206K(36544K) NonClass: 32038K(32192K)->32038K(32192K) Class: 4168K(4352K)->4168K(4352K)
[120.128s][info][gc             ] GC(1062) Pause Young (Allocation Failure) 507M->233M(991M) 6.431ms
[120.128s][info][gc,cpu         ] GC(1062) User=0.09s Sys=0.00s Real=0.01s
[120.384s][info][gc,start       ] GC(1063) Pause Young (Allocation Failure)
[120.390s][info][gc,heap        ] GC(1063) PSYoungGen: 297084K(315904K)->14548K(320000K) Eden: 283178K(284160K)->0K(289792K) From: 13906K(31744K)->14548K(30208K)
[120.390s][info][gc,heap        ] GC(1063) ParOldGen: 224916K(699392K)->228178K(699392K)
[120.390s][info][gc,metaspace   ] GC(1063) Metaspace: 36206K(36544K)->36206K(36544K) NonClass: 32038K(32192K)->32038K(32192K) Class: 4168K(4352K)->4168K(4352K)
[120.390s][info][gc             ] GC(1063) Pause Young (Allocation Failure) 509M->237M(995M) 6.523ms
[120.390s][info][gc,cpu         ] GC(1063) User=0.00s Sys=0.00s Real=0.01s
[120.641s][info][gc,start       ] GC(1064) Pause Young (Allocation Failure)
[120.647s][info][gc,heap        ] GC(1064) PSYoungGen: 301085K(320000K)->19207K(318976K) Eden: 286537K(289792K)->0K(289792K) From: 14548K(30208K)->19207K(29184K)
[120.647s][info][gc,heap        ] GC(1064) ParOldGen: 228178K(699392K)->229753K(699392K)
[120.647s][info][gc,metaspace   ] GC(1064) Metaspace: 36206K(36544K)->36206K(36544K) NonClass: 32038K(32192K)->32038K(32192K) Class: 4168K(4352K)->4168K(4352K)
[120.647s][info][gc             ] GC(1064) Pause Young (Allocation Failure) 516M->243M(994M) 6.376ms
[120.647s][info][gc,cpu         ] GC(1064) User=0.00s Sys=0.00s Real=0.01s
[120.907s][info][gc,start       ] GC(1065) Pause Young (Allocation Failure)
[120.913s][info][gc,heap        ] GC(1065) PSYoungGen: 308999K(318976K)->11237K(320512K) Eden: 289792K(289792K)->0K(290304K) From: 19207K(29184K)->11237K(30208K)
[120.913s][info][gc,heap        ] GC(1065) ParOldGen: 229753K(699392K)->230309K(699392K)
[120.913s][info][gc,metaspace   ] GC(1065) Metaspace: 36206K(36544K)->36206K(36544K) NonClass: 32038K(32192K)->32038K(32192K) Class: 4168K(4352K)->4168K(4352K)
[120.913s][info][gc             ] GC(1065) Pause Young (Allocation Failure) 526M->235M(996M) 5.284ms
[120.913s][info][gc,cpu         ] GC(1065) User=0.00s Sys=0.00s Real=0.01s
[121.174s][info][gc,start       ] GC(1066) Pause Young (Allocation Failure)
[121.182s][info][gc,heap        ] GC(1066) PSYoungGen: 301356K(320512K)->17877K(318976K) Eden: 290118K(290304K)->0K(290304K) From: 11237K(30208K)->17877K(28672K)
[121.182s][info][gc,heap        ] GC(1066) ParOldGen: 230309K(699392K)->231030K(699392K)
[121.182s][info][gc,metaspace   ] GC(1066) Metaspace: 36206K(36544K)->36206K(36544K) NonClass: 32038K(32192K)->32038K(32192K) Class: 4168K(4352K)->4168K(4352K)
[121.182s][info][gc             ] GC(1066) Pause Young (Allocation Failure) 519M->243M(994M) 8.117ms
[121.182s][info][gc,cpu         ] GC(1066) User=0.00s Sys=0.00s Real=0.01s
[121.436s][info][gc,start       ] GC(1067) Pause Young (Allocation Failure)
[121.442s][info][gc,heap        ] GC(1067) PSYoungGen: 307034K(318976K)->12092K(321536K) Eden: 289157K(290304K)->0K(292864K) From: 17877K(28672K)->12092K(28672K)
[121.442s][info][gc,heap        ] GC(1067) ParOldGen: 231030K(699392K)->234760K(699392K)
[121.442s][info][gc,metaspace   ] GC(1067) Metaspace: 36206K(36544K)->36206K(36544K) NonClass: 32038K(32192K)->32038K(32192K) Class: 4168K(4352K)->4168K(4352K)
[121.442s][info][gc             ] GC(1067) Pause Young (Allocation Failure) 525M->241M(997M) 6.377ms
[121.442s][info][gc,cpu         ] GC(1067) User=0.09s Sys=0.00s Real=0.01s
[121.627s][info][gc,start       ] GC(1068) Pause Young (System.gc())
[121.633s][info][gc,heap        ] GC(1068) PSYoungGen: 233238K(321536K)->9863K(320512K) Eden: 221146K(292864K)->0K(292864K) From: 12092K(28672K)->9863K(27648K)
[121.633s][info][gc,heap        ] GC(1068) ParOldGen: 234760K(699392K)->238332K(699392K)
[121.633s][info][gc,metaspace   ] GC(1068) Metaspace: 36209K(36544K)->36209K(36544K) NonClass: 32041K(32192K)->32041K(32192K) Class: 4168K(4352K)->4168K(4352K)
[121.633s][info][gc             ] GC(1068) Pause Young (System.gc()) 457M->242M(996M) 5.629ms
[121.633s][info][gc,cpu         ] GC(1068) User=0.00s Sys=0.00s Real=0.02s
[121.633s][info][gc,start       ] GC(1069) Pause Full (System.gc())
[121.633s][info][gc,phases,start] GC(1069) Marking Phase
[121.649s][info][gc,phases      ] GC(1069) Marking Phase 16.258ms
[121.649s][info][gc,phases,start] GC(1069) Summary Phase
[121.649s][info][gc,phases      ] GC(1069) Summary Phase 0.012ms
[121.649s][info][gc,phases,start] GC(1069) Adjust Roots
[121.653s][info][gc,phases      ] GC(1069) Adjust Roots 3.770ms
[121.653s][info][gc,phases,start] GC(1069) Compaction Phase
[121.663s][info][gc,phases      ] GC(1069) Compaction Phase 10.118ms
[121.663s][info][gc,phases,start] GC(1069) Post Compact
[121.664s][info][gc,phases      ] GC(1069) Post Compact 1.001ms
[121.664s][info][gc,heap        ] GC(1069) PSYoungGen: 9863K(320512K)->0K(320512K) Eden: 0K(292864K)->0K(292864K) From: 9863K(27648K)->0K(27648K)
[121.664s][info][gc,heap        ] GC(1069) ParOldGen: 238332K(699392K)->115232K(699392K)
[121.664s][info][gc,metaspace   ] GC(1069) Metaspace: 36209K(36544K)->36209K(36544K) NonClass: 32041K(32192K)->32041K(32192K) Class: 4168K(4352K)->4168K(4352K)
[121.664s][info][gc             ] GC(1069) Pause Full (System.gc()) 242M->112M(996M) 31.472ms
[121.664s][info][gc,cpu         ] GC(1069) User=0.19s Sys=0.00s Real=0.03s
[121.714s][info][gc,start       ] GC(1070) Pause Young (Allocation Failure)
[121.715s][info][gc,heap        ] GC(1070) PSYoungGen: 292864K(320512K)->160K(321024K) Eden: 292864K(292864K)->0K(293888K) From: 0K(27648K)->160K(27136K)
[121.715s][info][gc,heap        ] GC(1070) ParOldGen: 115232K(699392K)->115232K(699392K)
[121.715s][info][gc,metaspace   ] GC(1070) Metaspace: 36209K(36544K)->36209K(36544K) NonClass: 32041K(32192K)->32041K(32192K) Class: 4168K(4352K)->4168K(4352K)
[121.715s][info][gc             ] GC(1070) Pause Young (Allocation Failure) 398M->112M(996M) 1.188ms
[121.715s][info][gc,cpu         ] GC(1070) User=0.00s Sys=0.00s Real=0.00s
[121.761s][info][gc,start       ] GC(1071) Pause Young (Allocation Failure)
[121.761s][info][gc,heap        ] GC(1071) PSYoungGen: 294048K(321024K)->160K(294400K) Eden: 293888K(293888K)->0K(293888K) From: 160K(27136K)->160K(512K)
[121.761s][info][gc,heap        ] GC(1071) ParOldGen: 115232K(699392K)->115280K(699392K)
[121.761s][info][gc,metaspace   ] GC(1071) Metaspace: 36209K(36544K)->36209K(36544K) NonClass: 32041K(32192K)->32041K(32192K) Class: 4168K(4352K)->4168K(4352K)
[121.761s][info][gc             ] GC(1071) Pause Young (Allocation Failure) 399M->112M(970M) 0.415ms
[121.761s][info][gc,cpu         ] GC(1071) User=0.00s Sys=0.00s Real=0.00s
[121.807s][info][gc,start       ] GC(1072) Pause Young (Allocation Failure)
[121.807s][info][gc,heap        ] GC(1072) PSYoungGen: 294048K(294400K)->160K(321024K) Eden: 293888K(293888K)->0K(292864K) From: 160K(512K)->160K(28160K)
[121.807s][info][gc,heap        ] GC(1072) ParOldGen: 115280K(699392K)->115280K(699392K)
[121.807s][info][gc,metaspace   ] GC(1072) Metaspace: 36209K(36544K)->36209K(36544K) NonClass: 32041K(32192K)->32041K(32192K) Class: 4168K(4352K)->4168K(4352K)
[121.807s][info][gc             ] GC(1072) Pause Young (Allocation Failure) 399M->112M(996M) 0.418ms
[121.807s][info][gc,cpu         ] GC(1072) User=0.00s Sys=0.00s Real=0.00s
[121.853s][info][gc,start       ] GC(1073) Pause Young (Allocation Failure)
[121.854s][info][gc,heap        ] GC(1073) PSYoungGen: 293024K(321024K)->160K(321024K) Eden: 292864K(292864K)->0K(292864K) From: 160K(28160K)->160K(28160K)
[121.854s][info][gc,heap        ] GC(1073) ParOldGen: 115280K(699392K)->115280K(699392K)
[121.854s][info][gc,metaspace   ] GC(1073) Metaspace: 36209K(36544K)->36209K(36544K) NonClass: 32041K(32192K)->32041K(32192K) Class: 4168K(4352K)->4168K(4352K)
[121.854s][info][gc             ] GC(1073) Pause Young (Allocation Failure) 398M->112M(996M) 0.391ms
[121.854s][info][gc,cpu         ] GC(1073) User=0.00s Sys=0.00s Real=0.00s
[121.897s][info][gc,start       ] GC(1074) Pause Young (Allocation Failure)
[121.897s][info][gc,heap        ] GC(1074) PSYoungGen: 293024K(321024K)->192K(321536K) Eden: 292864K(292864K)->0K(293376K) From: 160K(28160K)->192K(28160K)
[121.897s][info][gc,heap        ] GC(1074) ParOldGen: 115280K(699392K)->115280K(699392K)
[121.897s][info][gc,metaspace   ] GC(1074) Metaspace: 36209K(36544K)->36209K(36544K) NonClass: 32041K(32192K)->32041K(32192K) Class: 4168K(4352K)->4168K(4352K)
[121.897s][info][gc             ] GC(1074) Pause Young (Allocation Failure) 398M->112M(997M) 0.369ms
[121.897s][info][gc,cpu         ] GC(1074) User=0.00s Sys=0.00s Real=0.00s
[121.941s][info][gc,start       ] GC(1075) Pause Young (Allocation Failure)
[121.942s][info][gc,heap        ] GC(1075) PSYoungGen: 293568K(321536K)->192K(321024K) Eden: 293376K(293376K)->0K(293376K) From: 192K(28160K)->192K(27648K)
[121.942s][info][gc,heap        ] GC(1075) ParOldGen: 115280K(699392K)->115280K(699392K)
[121.942s][info][gc,metaspace   ] GC(1075) Metaspace: 36209K(36544K)->36209K(36544K) NonClass: 32041K(32192K)->32041K(32192K) Class: 4168K(4352K)->4168K(4352K)
[121.942s][info][gc             ] GC(1075) Pause Young (Allocation Failure) 399M->112M(996M) 0.357ms
[121.942s][info][gc,cpu         ] GC(1075) User=0.00s Sys=0.00s Real=0.00s
[121.986s][info][gc,start       ] GC(1076) Pause Young (Allocation Failure)
[121.986s][info][gc,heap        ] GC(1076) PSYoungGen: 293568K(321024K)->160K(323072K) Eden: 293376K(293376K)->0K(295936K) From: 192K(27648K)->160K(27136K)
[121.986s][info][gc,heap        ] GC(1076) ParOldGen: 115280K(699392K)->115280K(699392K)
[121.986s][info][gc,metaspace   ] GC(1076) Metaspace: 36209K(36544K)->36209K(36544K) NonClass: 32041K(32192K)->32041K(32192K) Class: 4168K(4352K)->4168K(4352K)
[121.986s][info][gc             ] GC(1076) Pause Young (Allocation Failure) 399M->112M(998M) 0.382ms
[121.986s][info][gc,cpu         ] GC(1076) User=0.00s Sys=0.00s Real=0.00s
[122.030s][info][gc,start       ] GC(1077) Pause Young (Allocation Failure)
[122.030s][info][gc,heap        ] GC(1077) PSYoungGen: 296096K(323072K)->128K(322048K) Eden: 295936K(295936K)->0K(295936K) From: 160K(27136K)->128K(26112K)
[122.030s][info][gc,heap        ] GC(1077) ParOldGen: 115280K(699392K)->115280K(699392K)
[122.030s][info][gc,metaspace   ] GC(1077) Metaspace: 36209K(36544K)->36209K(36544K) NonClass: 32041K(32192K)->32041K(32192K) Class: 4168K(4352K)->4168K(4352K)
[122.030s][info][gc             ] GC(1077) Pause Young (Allocation Failure) 401M->112M(997M) 0.379ms
[122.030s][info][gc,cpu         ] GC(1077) User=0.00s Sys=0.00s Real=0.00s
[122.074s][info][gc,start       ] GC(1078) Pause Young (Allocation Failure)
[122.074s][info][gc,heap        ] GC(1078) PSYoungGen: 296064K(322048K)->192K(325120K) Eden: 295936K(295936K)->0K(300032K) From: 128K(26112K)->192K(25088K)
[122.074s][info][gc,heap        ] GC(1078) ParOldGen: 115280K(699392K)->115280K(699392K)
[122.074s][info][gc,metaspace   ] GC(1078) Metaspace: 36209K(36544K)->36209K(36544K) NonClass: 32041K(32192K)->32041K(32192K) Class: 4168K(4352K)->4168K(4352K)
[122.074s][info][gc             ] GC(1078) Pause Young (Allocation Failure) 401M->112M(1000M) 0.406ms
[122.074s][info][gc,cpu         ] GC(1078) User=0.00s Sys=0.00s Real=0.00s
[122.119s][info][gc,start       ] GC(1079) Pause Young (Allocation Failure)
[122.120s][info][gc,heap        ] GC(1079) PSYoungGen: 300224K(325120K)->160K(324096K) Eden: 300032K(300032K)->0K(300032K) From: 192K(25088K)->160K(24064K)
[122.120s][info][gc,heap        ] GC(1079) ParOldGen: 115280K(699392K)->115280K(699392K)
[122.120s][info][gc,metaspace   ] GC(1079) Metaspace: 36209K(36544K)->36209K(36544K) NonClass: 32041K(32192K)->32041K(32192K) Class: 4168K(4352K)->4168K(4352K)
[122.120s][info][gc             ] GC(1079) Pause Young (Allocation Failure) 405M->112M(999M) 0.384ms
[122.120s][info][gc,cpu         ] GC(1079) User=0.00s Sys=0.00s Real=0.00s
[122.164s][info][gc,start       ] GC(1080) Pause Young (Allocation Failure)
[122.165s][info][gc,heap        ] GC(1080) PSYoungGen: 300192K(324096K)->160K(327168K) Eden: 300032K(300032K)->0K(304128K) From: 160K(24064K)->160K(23040K)
[122.165s][info][gc,heap        ] GC(1080) ParOldGen: 115280K(699392K)->115280K(699392K)
[122.165s][info][gc,metaspace   ] GC(1080) Metaspace: 36209K(36544K)->36209K(36544K) NonClass: 32041K(32192K)->32041K(32192K) Class: 4168K(4352K)->4168K(4352K)
[122.165s][info][gc             ] GC(1080) Pause Young (Allocation Failure) 405M->112M(1002M) 0.379ms
[122.165s][info][gc,cpu         ] GC(1080) User=0.00s Sys=0.00s Real=0.00s
[122.212s][info][gc,start       ] GC(1081) Pause Young (Allocation Failure)
[122.212s][info][gc,heap        ] GC(1081) PSYoungGen: 304288K(327168K)->192K(326144K) Eden: 304128K(304128K)->0K(304128K) From: 160K(23040K)->192K(22016K)
[122.212s][info][gc,heap        ] GC(1081) ParOldGen: 115280K(699392K)->115280K(699392K)
[122.212s][info][gc,metaspace   ] GC(1081) Metaspace: 36209K(36544K)->36209K(36544K) NonClass: 32041K(32192K)->32041K(32192K) Class: 4168K(4352K)->4168K(4352K)
[122.212s][info][gc             ] GC(1081) Pause Young (Allocation Failure) 409M->112M(1001M) 0.463ms
[122.212s][info][gc,cpu         ] GC(1081) User=0.00s Sys=0.00s Real=0.00s
[122.259s][info][gc,start       ] GC(1082) Pause Young (Allocation Failure)
[122.259s][info][gc,heap        ] GC(1082) PSYoungGen: 304320K(326144K)->160K(329216K) Eden: 304128K(304128K)->0K(308224K) From: 192K(22016K)->160K(20992K)
[122.259s][info][gc,heap        ] GC(1082) ParOldGen: 115280K(699392K)->115280K(699392K)
[122.259s][info][gc,metaspace   ] GC(1082) Metaspace: 36209K(36544K)->36209K(36544K) NonClass: 32041K(32192K)->32041K(32192K) Class: 4168K(4352K)->4168K(4352K)
[122.259s][info][gc             ] GC(1082) Pause Young (Allocation Failure) 409M->112M(1004M) 0.380ms
[122.259s][info][gc,cpu         ] GC(1082) User=0.00s Sys=0.00s Real=0.00s
[122.306s][info][gc,start       ] GC(1083) Pause Young (Allocation Failure)
[122.307s][info][gc,heap        ] GC(1083) PSYoungGen: 308384K(329216K)->160K(328192K) Eden: 308224K(308224K)->0K(308224K) From: 160K(20992K)->160K(19968K)
[122.307s][info][gc,heap        ] GC(1083) ParOldGen: 115280K(699392K)->115280K(699392K)
[122.307s][info][gc,metaspace   ] GC(1083) Metaspace: 36209K(36544K)->36209K(36544K) NonClass: 32041K(32192K)->32041K(32192K) Class: 4168K(4352K)->4168K(4352K)
[122.307s][info][gc             ] GC(1083) Pause Young (Allocation Failure) 413M->112M(1003M) 0.381ms
[122.307s][info][gc,cpu         ] GC(1083) User=0.00s Sys=0.00s Real=0.00s
[122.363s][info][gc,start       ] GC(1084) Pause Young (Allocation Failure)
[122.363s][info][gc,heap        ] GC(1084) PSYoungGen: 308384K(328192K)->192K(331264K) Eden: 308224K(308224K)->0K(312320K) From: 160K(19968K)->192K(18944K)
[122.363s][info][gc,heap        ] GC(1084) ParOldGen: 115280K(699392K)->115280K(699392K)
[122.363s][info][gc,metaspace   ] GC(1084) Metaspace: 36209K(36544K)->36209K(36544K) NonClass: 32041K(32192K)->32041K(32192K) Class: 4168K(4352K)->4168K(4352K)
[122.363s][info][gc             ] GC(1084) Pause Young (Allocation Failure) 413M->112M(1006M) 0.478ms
[122.363s][info][gc,cpu         ] GC(1084) User=0.00s Sys=0.00s Real=0.00s
[122.424s][info][gc,start       ] GC(1085) Pause Young (Allocation Failure)
[122.425s][info][gc,heap        ] GC(1085) PSYoungGen: 312512K(331264K)->160K(330240K) Eden: 312320K(312320K)->0K(312320K) From: 192K(18944K)->160K(17920K)
[122.425s][info][gc,heap        ] GC(1085) ParOldGen: 115280K(699392K)->115328K(699392K)
[122.425s][info][gc,metaspace   ] GC(1085) Metaspace: 36209K(36544K)->36209K(36544K) NonClass: 32041K(32192K)->32041K(32192K) Class: 4168K(4352K)->4168K(4352K)
[122.425s][info][gc             ] GC(1085) Pause Young (Allocation Failure) 417M->112M(1005M) 0.480ms
[122.425s][info][gc,cpu         ] GC(1085) User=0.00s Sys=0.00s Real=0.00s
[122.485s][info][gc,start       ] GC(1086) Pause Young (Allocation Failure)
[122.485s][info][gc,heap        ] GC(1086) PSYoungGen: 312480K(330240K)->160K(333312K) Eden: 312320K(312320K)->0K(316416K) From: 160K(17920K)->160K(16896K)
[122.485s][info][gc,heap        ] GC(1086) ParOldGen: 115328K(699392K)->115328K(699392K)
[122.485s][info][gc,metaspace   ] GC(1086) Metaspace: 36209K(36544K)->36209K(36544K) NonClass: 32041K(32192K)->32041K(32192K) Class: 4168K(4352K)->4168K(4352K)
[122.485s][info][gc             ] GC(1086) Pause Young (Allocation Failure) 417M->112M(1008M) 0.408ms
[122.485s][info][gc,cpu         ] GC(1086) User=0.00s Sys=0.00s Real=0.00s
[122.547s][info][gc,start       ] GC(1087) Pause Young (Allocation Failure)
[122.547s][info][gc,heap        ] GC(1087) PSYoungGen: 316576K(333312K)->192K(332288K) Eden: 316416K(316416K)->0K(316416K) From: 160K(16896K)->192K(15872K)
[122.547s][info][gc,heap        ] GC(1087) ParOldGen: 115328K(699392K)->115328K(699392K)
[122.547s][info][gc,metaspace   ] GC(1087) Metaspace: 36209K(36544K)->36209K(36544K) NonClass: 32041K(32192K)->32041K(32192K) Class: 4168K(4352K)->4168K(4352K)
[122.547s][info][gc             ] GC(1087) Pause Young (Allocation Failure) 421M->112M(1007M) 0.392ms
[122.547s][info][gc,cpu         ] GC(1087) User=0.09s Sys=0.00s Real=0.00s
[122.609s][info][gc,start       ] GC(1088) Pause Young (Allocation Failure)
[122.609s][info][gc,heap        ] GC(1088) PSYoungGen: 316608K(332288K)->160K(335360K) Eden: 316416K(316416K)->0K(320512K) From: 192K(15872K)->160K(14848K)
[122.609s][info][gc,heap        ] GC(1088) ParOldGen: 115328K(699392K)->115328K(699392K)
[122.609s][info][gc,metaspace   ] GC(1088) Metaspace: 36209K(36544K)->36209K(36544K) NonClass: 32041K(32192K)->32041K(32192K) Class: 4168K(4352K)->4168K(4352K)
[122.609s][info][gc             ] GC(1088) Pause Young (Allocation Failure) 421M->112M(1010M) 0.430ms
[122.609s][info][gc,cpu         ] GC(1088) User=0.00s Sys=0.00s Real=0.00s
[122.672s][info][gc,start       ] GC(1089) Pause Young (Allocation Failure)
[122.673s][info][gc,heap        ] GC(1089) PSYoungGen: 320672K(335360K)->160K(334336K) Eden: 320512K(320512K)->0K(320512K) From: 160K(14848K)->160K(13824K)
[122.673s][info][gc,heap        ] GC(1089) ParOldGen: 115328K(699392K)->115328K(699392K)
[122.673s][info][gc,metaspace   ] GC(1089) Metaspace: 36209K(36544K)->36209K(36544K) NonClass: 32041K(32192K)->32041K(32192K) Class: 4168K(4352K)->4168K(4352K)
[122.673s][info][gc             ] GC(1089) Pause Young (Allocation Failure) 425M->112M(1009M) 0.425ms
[122.673s][info][gc,cpu         ] GC(1089) User=0.00s Sys=0.00s Real=0.00s
[122.735s][info][gc,start       ] GC(1090) Pause Young (Allocation Failure)
[122.735s][info][gc,heap        ] GC(1090) PSYoungGen: 320672K(334336K)->192K(336896K) Eden: 320512K(320512K)->0K(323584K) From: 160K(13824K)->192K(13312K)
[122.735s][info][gc,heap        ] GC(1090) ParOldGen: 115328K(699392K)->115328K(699392K)
[122.735s][info][gc,metaspace   ] GC(1090) Metaspace: 36209K(36544K)->36209K(36544K) NonClass: 32041K(32192K)->32041K(32192K) Class: 4168K(4352K)->4168K(4352K)
[122.735s][info][gc             ] GC(1090) Pause Young (Allocation Failure) 425M->112M(1012M) 0.387ms
[122.735s][info][gc,cpu         ] GC(1090) User=0.00s Sys=0.00s Real=0.00s
[122.798s][info][gc,start       ] GC(1091) Pause Young (Allocation Failure)
[122.798s][info][gc,heap        ] GC(1091) PSYoungGen: 323776K(336896K)->192K(335872K) Eden: 323584K(323584K)->0K(323584K) From: 192K(13312K)->192K(12288K)
[122.798s][info][gc,heap        ] GC(1091) ParOldGen: 115328K(699392K)->115328K(699392K)
[122.798s][info][gc,metaspace   ] GC(1091) Metaspace: 36209K(36544K)->36209K(36544K) NonClass: 32041K(32192K)->32041K(32192K) Class: 4168K(4352K)->4168K(4352K)
[122.798s][info][gc             ] GC(1091) Pause Young (Allocation Failure) 428M->112M(1011M) 0.421ms
[122.798s][info][gc,cpu         ] GC(1091) User=0.00s Sys=0.00s Real=0.00s
[122.862s][info][gc,start       ] GC(1092) Pause Young (Allocation Failure)
[122.862s][info][gc,heap        ] GC(1092) PSYoungGen: 323776K(335872K)->192K(338432K) Eden: 323584K(323584K)->0K(327168K) From: 192K(12288K)->192K(11264K)
[122.862s][info][gc,heap        ] GC(1092) ParOldGen: 115328K(699392K)->115328K(699392K)
[122.862s][info][gc,metaspace   ] GC(1092) Metaspace: 36209K(36544K)->36209K(36544K) NonClass: 32041K(32192K)->32041K(32192K) Class: 4168K(4352K)->4168K(4352K)
[122.862s][info][gc             ] GC(1092) Pause Young (Allocation Failure) 428M->112M(1013M) 0.436ms
[122.862s][info][gc,cpu         ] GC(1092) User=0.00s Sys=0.00s Real=0.00s
[122.924s][info][gc,start       ] GC(1093) Pause Young (Allocation Failure)
[122.925s][info][gc,heap        ] GC(1093) PSYoungGen: 327360K(338432K)->160K(337920K) Eden: 327168K(327168K)->0K(327168K) From: 192K(11264K)->160K(10752K)
[122.925s][info][gc,heap        ] GC(1093) ParOldGen: 115328K(699392K)->115328K(699392K)
[122.925s][info][gc,metaspace   ] GC(1093) Metaspace: 36209K(36544K)->36209K(36544K) NonClass: 32041K(32192K)->32041K(32192K) Class: 4168K(4352K)->4168K(4352K)
[122.925s][info][gc             ] GC(1093) Pause Young (Allocation Failure) 432M->112M(1013M) 0.408ms
[122.925s][info][gc,cpu         ] GC(1093) User=0.00s Sys=0.00s Real=0.00s
[122.989s][info][gc,start       ] GC(1094) Pause Young (Allocation Failure)
[122.989s][info][gc,heap        ] GC(1094) PSYoungGen: 327328K(337920K)->192K(339968K) Eden: 327168K(327168K)->0K(329728K) From: 160K(10752K)->192K(10240K)
[122.989s][info][gc,heap        ] GC(1094) ParOldGen: 115328K(699392K)->115328K(699392K)
[122.989s][info][gc,metaspace   ] GC(1094) Metaspace: 36209K(36544K)->36209K(36544K) NonClass: 32041K(32192K)->32041K(32192K) Class: 4168K(4352K)->4168K(4352K)
[122.989s][info][gc             ] GC(1094) Pause Young (Allocation Failure) 432M->112M(1015M) 0.455ms
[122.989s][info][gc,cpu         ] GC(1094) User=0.00s Sys=0.00s Real=0.00s
[123.053s][info][gc,start       ] GC(1095) Pause Young (Allocation Failure)
[123.053s][info][gc,heap        ] GC(1095) PSYoungGen: 329920K(339968K)->160K(338944K) Eden: 329728K(329728K)->0K(329728K) From: 192K(10240K)->160K(9216K)
[123.053s][info][gc,heap        ] GC(1095) ParOldGen: 115328K(699392K)->115328K(699392K)
[123.053s][info][gc,metaspace   ] GC(1095) Metaspace: 36209K(36544K)->36209K(36544K) NonClass: 32041K(32192K)->32041K(32192K) Class: 4168K(4352K)->4168K(4352K)
[123.053s][info][gc             ] GC(1095) Pause Young (Allocation Failure) 434M->112M(1014M) 0.411ms
[123.053s][info][gc,cpu         ] GC(1095) User=0.00s Sys=0.00s Real=0.00s
[123.114s][info][gc,start       ] GC(1096) Pause Young (Allocation Failure)
[123.115s][info][gc,heap        ] GC(1096) PSYoungGen: 329888K(338944K)->192K(340992K) Eden: 329728K(329728K)->0K(332288K) From: 160K(9216K)->192K(8704K)
[123.115s][info][gc,heap        ] GC(1096) ParOldGen: 115328K(699392K)->115328K(699392K)
[123.115s][info][gc,metaspace   ] GC(1096) Metaspace: 36209K(36544K)->36209K(36544K) NonClass: 32041K(32192K)->32041K(32192K) Class: 4168K(4352K)->4168K(4352K)
[123.115s][info][gc             ] GC(1096) Pause Young (Allocation Failure) 434M->112M(1016M) 0.439ms
[123.115s][info][gc,cpu         ] GC(1096) User=0.00s Sys=0.00s Real=0.00s
[123.178s][info][gc,start       ] GC(1097) Pause Young (Allocation Failure)
[123.178s][info][gc,heap        ] GC(1097) PSYoungGen: 332480K(340992K)->160K(340480K) Eden: 332288K(332288K)->0K(332288K) From: 192K(8704K)->160K(8192K)
[123.178s][info][gc,heap        ] GC(1097) ParOldGen: 115328K(699392K)->115328K(699392K)
[123.178s][info][gc,metaspace   ] GC(1097) Metaspace: 36209K(36544K)->36209K(36544K) NonClass: 32041K(32192K)->32041K(32192K) Class: 4168K(4352K)->4168K(4352K)
[123.178s][info][gc             ] GC(1097) Pause Young (Allocation Failure) 437M->112M(1015M) 0.565ms
[123.178s][info][gc,cpu         ] GC(1097) User=0.00s Sys=0.00s Real=0.00s
[123.244s][info][gc,start       ] GC(1098) Pause Young (Allocation Failure)
[123.244s][info][gc,heap        ] GC(1098) PSYoungGen: 332448K(340480K)->160K(342016K) Eden: 332288K(332288K)->0K(334336K) From: 160K(8192K)->160K(7680K)
[123.244s][info][gc,heap        ] GC(1098) ParOldGen: 115328K(699392K)->115328K(699392K)
[123.244s][info][gc,metaspace   ] GC(1098) Metaspace: 36209K(36544K)->36209K(36544K) NonClass: 32041K(32192K)->32041K(32192K) Class: 4168K(4352K)->4168K(4352K)
[123.244s][info][gc             ] GC(1098) Pause Young (Allocation Failure) 437M->112M(1017M) 0.429ms
[123.244s][info][gc,cpu         ] GC(1098) User=0.00s Sys=0.00s Real=0.00s
[123.307s][info][gc,start       ] GC(1099) Pause Young (Allocation Failure)
[123.308s][info][gc,heap        ] GC(1099) PSYoungGen: 334496K(342016K)->160K(341504K) Eden: 334336K(334336K)->0K(334336K) From: 160K(7680K)->160K(7168K)
[123.308s][info][gc,heap        ] GC(1099) ParOldGen: 115328K(699392K)->115328K(699392K)
[123.308s][info][gc,metaspace   ] GC(1099) Metaspace: 36209K(36544K)->36209K(36544K) NonClass: 32041K(32192K)->32041K(32192K) Class: 4168K(4352K)->4168K(4352K)
[123.308s][info][gc             ] GC(1099) Pause Young (Allocation Failure) 439M->112M(1016M) 0.426ms
[123.308s][info][gc,cpu         ] GC(1099) User=0.00s Sys=0.00s Real=0.00s
[123.370s][info][gc,start       ] GC(1100) Pause Young (Allocation Failure)
[123.371s][info][gc,heap        ] GC(1100) PSYoungGen: 334496K(341504K)->192K(343040K) Eden: 334336K(334336K)->0K(336384K) From: 160K(7168K)->192K(6656K)
[123.371s][info][gc,heap        ] GC(1100) ParOldGen: 115328K(699392K)->115328K(699392K)
[123.371s][info][gc,metaspace   ] GC(1100) Metaspace: 36209K(36544K)->36209K(36544K) NonClass: 32041K(32192K)->32041K(32192K) Class: 4168K(4352K)->4168K(4352K)
[123.371s][info][gc             ] GC(1100) Pause Young (Allocation Failure) 439M->112M(1018M) 0.426ms
[123.371s][info][gc,cpu         ] GC(1100) User=0.00s Sys=0.00s Real=0.00s
[123.435s][info][gc,start       ] GC(1101) Pause Young (Allocation Failure)
[123.436s][info][gc,heap        ] GC(1101) PSYoungGen: 336576K(343040K)->192K(342528K) Eden: 336384K(336384K)->0K(336384K) From: 192K(6656K)->192K(6144K)
[123.436s][info][gc,heap        ] GC(1101) ParOldGen: 115328K(699392K)->115328K(699392K)
[123.436s][info][gc,metaspace   ] GC(1101) Metaspace: 36209K(36544K)->36209K(36544K) NonClass: 32041K(32192K)->32041K(32192K) Class: 4168K(4352K)->4168K(4352K)
[123.436s][info][gc             ] GC(1101) Pause Young (Allocation Failure) 441M->112M(1017M) 0.455ms
[123.436s][info][gc,cpu         ] GC(1101) User=0.00s Sys=0.00s Real=0.00s
[123.499s][info][gc,start       ] GC(1102) Pause Young (Allocation Failure)
[123.500s][info][gc,heap        ] GC(1102) PSYoungGen: 336576K(342528K)->160K(344064K) Eden: 336384K(336384K)->0K(338432K) From: 192K(6144K)->160K(5632K)
[123.500s][info][gc,heap        ] GC(1102) ParOldGen: 115328K(699392K)->115328K(699392K)
[123.500s][info][gc,metaspace   ] GC(1102) Metaspace: 36209K(36544K)->36209K(36544K) NonClass: 32041K(32192K)->32041K(32192K) Class: 4168K(4352K)->4168K(4352K)
[123.500s][info][gc             ] GC(1102) Pause Young (Allocation Failure) 441M->112M(1019M) 0.409ms
[123.500s][info][gc,cpu         ] GC(1102) User=0.09s Sys=0.00s Real=0.00s
[123.564s][info][gc,start       ] GC(1103) Pause Young (Allocation Failure)
[123.564s][info][gc,heap        ] GC(1103) PSYoungGen: 338592K(344064K)->192K(343552K) Eden: 338432K(338432K)->0K(338432K) From: 160K(5632K)->192K(5120K)
[123.564s][info][gc,heap        ] GC(1103) ParOldGen: 115328K(699392K)->115328K(699392K)
[123.564s][info][gc,metaspace   ] GC(1103) Metaspace: 36209K(36544K)->36209K(36544K) NonClass: 32041K(32192K)->32041K(32192K) Class: 4168K(4352K)->4168K(4352K)
[123.564s][info][gc             ] GC(1103) Pause Young (Allocation Failure) 443M->112M(1018M) 0.398ms
[123.564s][info][gc,cpu         ] GC(1103) User=0.00s Sys=0.00s Real=0.00s
[123.629s][info][gc,start       ] GC(1104) Pause Young (Allocation Failure)
[123.629s][info][gc,heap        ] GC(1104) PSYoungGen: 338624K(343552K)->192K(344576K) Eden: 338432K(338432K)->0K(339968K) From: 192K(5120K)->192K(4608K)
[123.629s][info][gc,heap        ] GC(1104) ParOldGen: 115328K(699392K)->115328K(699392K)
[123.629s][info][gc,metaspace   ] GC(1104) Metaspace: 36209K(36544K)->36209K(36544K) NonClass: 32041K(32192K)->32041K(32192K) Class: 4168K(4352K)->4168K(4352K)
[123.629s][info][gc             ] GC(1104) Pause Young (Allocation Failure) 443M->112M(1019M) 0.403ms
[123.629s][info][gc,cpu         ] GC(1104) User=0.00s Sys=0.00s Real=0.00s
[123.698s][info][gc,start       ] GC(1105) Pause Young (Allocation Failure)
[123.699s][info][gc,heap        ] GC(1105) PSYoungGen: 340160K(344576K)->128K(344576K) Eden: 339968K(339968K)->0K(339968K) From: 192K(4608K)->128K(4608K)
[123.699s][info][gc,heap        ] GC(1105) ParOldGen: 115328K(699392K)->115328K(699392K)
[123.699s][info][gc,metaspace   ] GC(1105) Metaspace: 36209K(36544K)->36209K(36544K) NonClass: 32041K(32192K)->32041K(32192K) Class: 4168K(4352K)->4168K(4352K)
[123.699s][info][gc             ] GC(1105) Pause Young (Allocation Failure) 444M->112M(1019M) 1.069ms
[123.699s][info][gc,cpu         ] GC(1105) User=0.00s Sys=0.00s Real=0.00s
[123.764s][info][gc,start       ] GC(1106) Pause Young (Allocation Failure)
[123.765s][info][gc,heap        ] GC(1106) PSYoungGen: 340096K(344576K)->160K(345088K) Eden: 339968K(339968K)->0K(340992K) From: 128K(4608K)->160K(4096K)
[123.765s][info][gc,heap        ] GC(1106) ParOldGen: 115328K(699392K)->115328K(699392K)
[123.765s][info][gc,metaspace   ] GC(1106) Metaspace: 36209K(36544K)->36209K(36544K) NonClass: 32041K(32192K)->32041K(32192K) Class: 4168K(4352K)->4168K(4352K)
[123.765s][info][gc             ] GC(1106) Pause Young (Allocation Failure) 444M->112M(1020M) 0.596ms
[123.765s][info][gc,cpu         ] GC(1106) User=0.00s Sys=0.00s Real=0.02s
[123.831s][info][gc,start       ] GC(1107) Pause Young (Allocation Failure)
[123.831s][info][gc,heap        ] GC(1107) PSYoungGen: 341152K(345088K)->192K(345088K) Eden: 340992K(340992K)->0K(340992K) From: 160K(4096K)->192K(4096K)
[123.831s][info][gc,heap        ] GC(1107) ParOldGen: 115328K(699392K)->115328K(699392K)
[123.831s][info][gc,metaspace   ] GC(1107) Metaspace: 36209K(36544K)->36209K(36544K) NonClass: 32041K(32192K)->32041K(32192K) Class: 4168K(4352K)->4168K(4352K)
[123.831s][info][gc             ] GC(1107) Pause Young (Allocation Failure) 445M->112M(1020M) 0.407ms
[123.831s][info][gc,cpu         ] GC(1107) User=0.00s Sys=0.00s Real=0.00s
[123.895s][info][gc,start       ] GC(1108) Pause Young (Allocation Failure)
[123.895s][info][gc,heap        ] GC(1108) PSYoungGen: 341184K(345088K)->192K(345600K) Eden: 340992K(340992K)->0K(342016K) From: 192K(4096K)->192K(3584K)
[123.895s][info][gc,heap        ] GC(1108) ParOldGen: 115328K(699392K)->115328K(699392K)
[123.895s][info][gc,metaspace   ] GC(1108) Metaspace: 36209K(36544K)->36209K(36544K) NonClass: 32041K(32192K)->32041K(32192K) Class: 4168K(4352K)->4168K(4352K)
[123.895s][info][gc             ] GC(1108) Pause Young (Allocation Failure) 445M->112M(1020M) 0.435ms
[123.895s][info][gc,cpu         ] GC(1108) User=0.00s Sys=0.00s Real=0.00s
[123.961s][info][gc,start       ] GC(1109) Pause Young (Allocation Failure)
[123.961s][info][gc,heap        ] GC(1109) PSYoungGen: 342208K(345600K)->192K(345600K) Eden: 342016K(342016K)->0K(342016K) From: 192K(3584K)->192K(3584K)
[123.961s][info][gc,heap        ] GC(1109) ParOldGen: 115328K(699392K)->115328K(699392K)
[123.961s][info][gc,metaspace   ] GC(1109) Metaspace: 36209K(36544K)->36209K(36544K) NonClass: 32041K(32192K)->32041K(32192K) Class: 4168K(4352K)->4168K(4352K)
[123.961s][info][gc             ] GC(1109) Pause Young (Allocation Failure) 446M->112M(1020M) 0.492ms
[123.961s][info][gc,cpu         ] GC(1109) User=0.00s Sys=0.00s Real=0.00s
[124.029s][info][gc,start       ] GC(1110) Pause Young (Allocation Failure)
[124.030s][info][gc,heap        ] GC(1110) PSYoungGen: 342208K(345600K)->192K(346112K) Eden: 342016K(342016K)->0K(343040K) From: 192K(3584K)->192K(3072K)
[124.030s][info][gc,heap        ] GC(1110) ParOldGen: 115328K(699392K)->115328K(699392K)
[124.030s][info][gc,metaspace   ] GC(1110) Metaspace: 36209K(36544K)->36209K(36544K) NonClass: 32041K(32192K)->32041K(32192K) Class: 4168K(4352K)->4168K(4352K)
[124.030s][info][gc             ] GC(1110) Pause Young (Allocation Failure) 446M->112M(1021M) 0.370ms
[124.030s][info][gc,cpu         ] GC(1110) User=0.00s Sys=0.00s Real=0.00s
[124.101s][info][gc,start       ] GC(1111) Pause Young (Allocation Failure)
[124.101s][info][gc,heap        ] GC(1111) PSYoungGen: 343232K(346112K)->192K(346112K) Eden: 343040K(343040K)->0K(343040K) From: 192K(3072K)->192K(3072K)
[124.101s][info][gc,heap        ] GC(1111) ParOldGen: 115328K(699392K)->115328K(699392K)
[124.101s][info][gc,metaspace   ] GC(1111) Metaspace: 36212K(36544K)->36212K(36544K) NonClass: 32043K(32192K)->32043K(32192K) Class: 4168K(4352K)->4168K(4352K)
[124.101s][info][gc             ] GC(1111) Pause Young (Allocation Failure) 447M->112M(1021M) 0.364ms
[124.101s][info][gc,cpu         ] GC(1111) User=0.00s Sys=0.00s Real=0.00s
[124.352s][info][gc,start       ] GC(1112) Pause Young (Allocation Failure)
[124.357s][info][gc,heap        ] GC(1112) PSYoungGen: 341638K(346112K)->2560K(340480K) Eden: 341446K(343040K)->0K(337920K) From: 192K(3072K)->2560K(2560K)
[124.357s][info][gc,heap        ] GC(1112) ParOldGen: 115328K(699392K)->121784K(699392K)
[124.357s][info][gc,metaspace   ] GC(1112) Metaspace: 36212K(36544K)->36212K(36544K) NonClass: 32043K(32192K)->32043K(32192K) Class: 4168K(4352K)->4168K(4352K)
[124.357s][info][gc             ] GC(1112) Pause Young (Allocation Failure) 446M->121M(1015M) 4.796ms
[124.357s][info][gc,cpu         ] GC(1112) User=0.00s Sys=0.00s Real=0.01s
[124.661s][info][gc,start       ] GC(1113) Pause Young (Allocation Failure)
[124.670s][info][gc,heap        ] GC(1113) PSYoungGen: 340480K(340480K)->5622K(343552K) Eden: 337920K(337920K)->0K(337920K) From: 2560K(2560K)->5622K(5632K)
[124.670s][info][gc,heap        ] GC(1113) ParOldGen: 121784K(699392K)->141521K(699392K)
[124.670s][info][gc,metaspace   ] GC(1113) Metaspace: 36212K(36544K)->36212K(36544K) NonClass: 32043K(32192K)->32043K(32192K) Class: 4168K(4352K)->4168K(4352K)
[124.670s][info][gc             ] GC(1113) Pause Young (Allocation Failure) 451M->143M(1018M) 8.855ms
[124.670s][info][gc,cpu         ] GC(1113) User=0.00s Sys=0.00s Real=0.01s
[124.977s][info][gc,start       ] GC(1114) Pause Young (Allocation Failure)
[124.990s][info][gc,heap        ] GC(1114) PSYoungGen: 342574K(343552K)->5632K(306688K) Eden: 336951K(337920K)->0K(301056K) From: 5622K(5632K)->5632K(5632K)
[124.990s][info][gc,heap        ] GC(1114) ParOldGen: 141521K(699392K)->168574K(699392K)
[124.990s][info][gc,metaspace   ] GC(1114) Metaspace: 36212K(36544K)->36212K(36544K) NonClass: 32043K(32192K)->32043K(32192K) Class: 4168K(4352K)->4168K(4352K)
[124.990s][info][gc             ] GC(1114) Pause Young (Allocation Failure) 472M->170M(982M) 12.856ms
[124.990s][info][gc,cpu         ] GC(1114) User=0.08s Sys=0.02s Real=0.03s
[125.252s][info][gc,start       ] GC(1115) Pause Young (Allocation Failure)
[125.261s][info][gc,heap        ] GC(1115) PSYoungGen: 302392K(306688K)->22719K(324096K) Eden: 296760K(301056K)->0K(301056K) From: 5632K(5632K)->22719K(23040K)
[125.261s][info][gc,heap        ] GC(1115) ParOldGen: 168574K(699392K)->180950K(699392K)
[125.261s][info][gc,metaspace   ] GC(1115) Metaspace: 36212K(36544K)->36212K(36544K) NonClass: 32043K(32192K)->32043K(32192K) Class: 4168K(4352K)->4168K(4352K)
[125.261s][info][gc             ] GC(1115) Pause Young (Allocation Failure) 459M->198M(999M) 9.032ms
[125.261s][info][gc,cpu         ] GC(1115) User=0.00s Sys=0.00s Real=0.01s
[125.530s][info][gc,start       ] GC(1116) Pause Young (Allocation Failure)
[125.538s][info][gc,heap        ] GC(1116) PSYoungGen: 320742K(324096K)->15027K(316928K) Eden: 298022K(301056K)->0K(291840K) From: 22719K(23040K)->15027K(25088K)
[125.538s][info][gc,heap        ] GC(1116) ParOldGen: 180950K(699392K)->195248K(699392K)
[125.538s][info][gc,metaspace   ] GC(1116) Metaspace: 36212K(36544K)->36212K(36544K) NonClass: 32043K(32192K)->32043K(32192K) Class: 4168K(4352K)->4168K(4352K)
[125.538s][info][gc             ] GC(1116) Pause Young (Allocation Failure) 489M->205M(992M) 8.190ms
[125.538s][info][gc,cpu         ] GC(1116) User=0.09s Sys=0.00s Real=0.01s
[125.798s][info][gc,start       ] GC(1117) Pause Young (Allocation Failure)
[125.804s][info][gc,heap        ] GC(1117) PSYoungGen: 301748K(316928K)->20114K(312320K) Eden: 286720K(291840K)->0K(291840K) From: 15027K(25088K)->20114K(20480K)
[125.804s][info][gc,heap        ] GC(1117) ParOldGen: 195248K(699392K)->196830K(699392K)
[125.804s][info][gc,metaspace   ] GC(1117) Metaspace: 36212K(36544K)->36212K(36544K) NonClass: 32043K(32192K)->32043K(32192K) Class: 4168K(4352K)->4168K(4352K)
[125.804s][info][gc             ] GC(1117) Pause Young (Allocation Failure) 485M->211M(988M) 6.397ms
[125.804s][info][gc,cpu         ] GC(1117) User=0.00s Sys=0.00s Real=0.00s
[126.073s][info][gc,start       ] GC(1118) Pause Young (Allocation Failure)
[126.078s][info][gc,heap        ] GC(1118) PSYoungGen: 311867K(312320K)->12303K(319488K) Eden: 291752K(291840K)->0K(288256K) From: 20114K(20480K)->12303K(31232K)
[126.078s][info][gc,heap        ] GC(1118) ParOldGen: 196830K(699392K)->197849K(699392K)
[126.078s][info][gc,metaspace   ] GC(1118) Metaspace: 36212K(36544K)->36212K(36544K) NonClass: 32043K(32192K)->32043K(32192K) Class: 4168K(4352K)->4168K(4352K)
[126.078s][info][gc             ] GC(1118) Pause Young (Allocation Failure) 496M->205M(995M) 5.648ms
[126.078s][info][gc,cpu         ] GC(1118) User=0.09s Sys=0.00s Real=0.02s
[126.328s][info][gc,start       ] GC(1119) Pause Young (Allocation Failure)
[126.334s][info][gc,heap        ] GC(1119) PSYoungGen: 300098K(319488K)->21200K(309760K) Eden: 287795K(288256K)->0K(288256K) From: 12303K(31232K)->21200K(21504K)
[126.334s][info][gc,heap        ] GC(1119) ParOldGen: 197849K(699392K)->198257K(699392K)
[126.334s][info][gc,metaspace   ] GC(1119) Metaspace: 36212K(36544K)->36212K(36544K) NonClass: 32043K(32192K)->32043K(32192K) Class: 4168K(4352K)->4168K(4352K)
[126.334s][info][gc             ] GC(1119) Pause Young (Allocation Failure) 486M->214M(985M) 6.692ms
[126.334s][info][gc,cpu         ] GC(1119) User=0.06s Sys=0.00s Real=0.01s
[126.601s][info][gc,start       ] GC(1120) Pause Young (Allocation Failure)
[126.607s][info][gc,heap        ] GC(1120) PSYoungGen: 309456K(309760K)->12551K(318976K) Eden: 288256K(288256K)->0K(287232K) From: 21200K(21504K)->12551K(31744K)
[126.607s][info][gc,heap        ] GC(1120) ParOldGen: 198257K(699392K)->198765K(699392K)
[126.607s][info][gc,metaspace   ] GC(1120) Metaspace: 36212K(36544K)->36212K(36544K) NonClass: 32043K(32192K)->32043K(32192K) Class: 4168K(4352K)->4168K(4352K)
[126.607s][info][gc             ] GC(1120) Pause Young (Allocation Failure) 495M->206M(994M) 5.869ms
[126.607s][info][gc,cpu         ] GC(1120) User=0.00s Sys=0.00s Real=0.02s
[126.869s][info][gc,start       ] GC(1121) Pause Young (Allocation Failure)
[126.875s][info][gc,heap        ] GC(1121) PSYoungGen: 299783K(318976K)->14660K(317440K) Eden: 287232K(287232K)->0K(287232K) From: 12551K(31744K)->14660K(30208K)
[126.875s][info][gc,heap        ] GC(1121) ParOldGen: 198765K(699392K)->199509K(699392K)
[126.875s][info][gc,metaspace   ] GC(1121) Metaspace: 36212K(36544K)->36212K(36544K) NonClass: 32043K(32192K)->32043K(32192K) Class: 4168K(4352K)->4168K(4352K)
[126.875s][info][gc             ] GC(1121) Pause Young (Allocation Failure) 486M->209M(993M) 5.993ms
[126.875s][info][gc,cpu         ] GC(1121) User=0.00s Sys=0.00s Real=0.00s
[127.136s][info][gc,start       ] GC(1122) Pause Young (Allocation Failure)
[127.141s][info][gc,heap        ] GC(1122) PSYoungGen: 301892K(317440K)->9951K(321024K) Eden: 287232K(287232K)->0K(291328K) From: 14660K(30208K)->9951K(29696K)
[127.141s][info][gc,heap        ] GC(1122) ParOldGen: 199509K(699392K)->200370K(699392K)
[127.141s][info][gc,metaspace   ] GC(1122) Metaspace: 36212K(36544K)->36212K(36544K) NonClass: 32043K(32192K)->32043K(32192K) Class: 4168K(4352K)->4168K(4352K)
[127.141s][info][gc             ] GC(1122) Pause Young (Allocation Failure) 489M->205M(996M) 5.180ms
[127.141s][info][gc,cpu         ] GC(1122) User=0.02s Sys=0.00s Real=0.00s
[127.395s][info][gc,start       ] GC(1123) Pause Young (Allocation Failure)
[127.401s][info][gc,heap        ] GC(1123) PSYoungGen: 299828K(321024K)->20600K(319488K) Eden: 289876K(291328K)->0K(291328K) From: 9951K(29696K)->20600K(28160K)
[127.401s][info][gc,heap        ] GC(1123) ParOldGen: 200370K(699392K)->201095K(699392K)
[127.401s][info][gc,metaspace   ] GC(1123) Metaspace: 36212K(36544K)->36212K(36544K) NonClass: 32043K(32192K)->32043K(32192K) Class: 4168K(4352K)->4168K(4352K)
[127.401s][info][gc             ] GC(1123) Pause Young (Allocation Failure) 488M->216M(995M) 6.347ms
[127.401s][info][gc,cpu         ] GC(1123) User=0.00s Sys=0.00s Real=0.01s
[127.667s][info][gc,start       ] GC(1124) Pause Young (Allocation Failure)
[127.672s][info][gc,heap        ] GC(1124) PSYoungGen: 311928K(319488K)->11332K(321024K) Eden: 291328K(291328K)->0K(291328K) From: 20600K(28160K)->11332K(29696K)
[127.672s][info][gc,heap        ] GC(1124) ParOldGen: 201095K(699392K)->201479K(699392K)
[127.672s][info][gc,metaspace   ] GC(1124) Metaspace: 36212K(36544K)->36212K(36544K) NonClass: 32043K(32192K)->32043K(32192K) Class: 4168K(4352K)->4168K(4352K)
[127.672s][info][gc             ] GC(1124) Pause Young (Allocation Failure) 501M->207M(996M) 5.649ms
[127.672s][info][gc,cpu         ] GC(1124) User=0.09s Sys=0.00s Real=0.01s
[127.924s][info][gc,start       ] GC(1125) Pause Young (Allocation Failure)
[127.930s][info][gc,heap        ] GC(1125) PSYoungGen: 300850K(321024K)->15757K(319488K) Eden: 289517K(291328K)->0K(291328K) From: 11332K(29696K)->15757K(28160K)
[127.930s][info][gc,heap        ] GC(1125) ParOldGen: 201479K(699392K)->202329K(699392K)
[127.930s][info][gc,metaspace   ] GC(1125) Metaspace: 36212K(36544K)->36212K(36544K) NonClass: 32043K(32192K)->32043K(32192K) Class: 4168K(4352K)->4168K(4352K)
[127.930s][info][gc             ] GC(1125) Pause Young (Allocation Failure) 490M->212M(995M) 6.001ms
[127.930s][info][gc,cpu         ] GC(1125) User=0.00s Sys=0.00s Real=0.01s
[128.177s][info][gc,start       ] GC(1126) Pause Young (System.gc())
[128.183s][info][gc,heap        ] GC(1126) PSYoungGen: 304101K(319488K)->11612K(322560K) Eden: 288344K(291328K)->0K(294400K) From: 15757K(28160K)->11612K(28160K)
[128.183s][info][gc,heap        ] GC(1126) ParOldGen: 202329K(699392K)->203737K(699392K)
[128.183s][info][gc,metaspace   ] GC(1126) Metaspace: 36212K(36544K)->36212K(36544K) NonClass: 32043K(32192K)->32043K(32192K) Class: 4168K(4352K)->4168K(4352K)
[128.183s][info][gc             ] GC(1126) Pause Young (System.gc()) 494M->210M(998M) 6.496ms
[128.183s][info][gc,cpu         ] GC(1126) User=0.00s Sys=0.00s Real=0.01s
[128.183s][info][gc,start       ] GC(1127) Pause Full (System.gc())
[128.183s][info][gc,phases,start] GC(1127) Marking Phase
[128.200s][info][gc,phases      ] GC(1127) Marking Phase 16.319ms
[128.200s][info][gc,phases,start] GC(1127) Summary Phase
[128.200s][info][gc,phases      ] GC(1127) Summary Phase 0.011ms
[128.200s][info][gc,phases,start] GC(1127) Adjust Roots
[128.204s][info][gc,phases      ] GC(1127) Adjust Roots 3.945ms
[128.204s][info][gc,phases,start] GC(1127) Compaction Phase
[128.212s][info][gc,phases      ] GC(1127) Compaction Phase 8.922ms
[128.213s][info][gc,phases,start] GC(1127) Post Compact
[128.214s][info][gc,phases      ] GC(1127) Post Compact 0.978ms
[128.214s][info][gc,heap        ] GC(1127) PSYoungGen: 11612K(322560K)->0K(322560K) Eden: 0K(294400K)->0K(294400K) From: 11612K(28160K)->0K(28160K)
[128.214s][info][gc,heap        ] GC(1127) ParOldGen: 203737K(699392K)->112964K(699392K)
[128.214s][info][gc,metaspace   ] GC(1127) Metaspace: 36212K(36544K)->36212K(36544K) NonClass: 32043K(32192K)->32043K(32192K) Class: 4168K(4352K)->4168K(4352K)
[128.214s][info][gc             ] GC(1127) Pause Full (System.gc()) 210M->110M(998M) 30.458ms
[128.214s][info][gc,cpu         ] GC(1127) User=0.11s Sys=0.00s Real=0.03s
[128.261s][info][gc,start       ] GC(1128) Pause Young (Allocation Failure)
[128.261s][info][gc,heap        ] GC(1128) PSYoungGen: 294400K(322560K)->192K(321024K) Eden: 294400K(294400K)->0K(294400K) From: 0K(28160K)->192K(26624K)
[128.261s][info][gc,heap        ] GC(1128) ParOldGen: 112964K(699392K)->112964K(699392K)
[128.261s][info][gc,metaspace   ] GC(1128) Metaspace: 36212K(36544K)->36212K(36544K) NonClass: 32043K(32192K)->32043K(32192K) Class: 4168K(4352K)->4168K(4352K)
[128.261s][info][gc             ] GC(1128) Pause Young (Allocation Failure) 397M->110M(996M) 0.384ms
[128.261s][info][gc,cpu         ] GC(1128) User=0.00s Sys=0.00s Real=0.00s
[128.305s][info][gc,start       ] GC(1129) Pause Young (Allocation Failure)
[128.306s][info][gc,heap        ] GC(1129) PSYoungGen: 294592K(321024K)->160K(321536K) Eden: 294400K(294400K)->0K(293888K) From: 192K(26624K)->160K(27648K)
[128.306s][info][gc,heap        ] GC(1129) ParOldGen: 112964K(699392K)->113012K(699392K)
[128.306s][info][gc,metaspace   ] GC(1129) Metaspace: 36212K(36544K)->36212K(36544K) NonClass: 32043K(32192K)->32043K(32192K) Class: 4168K(4352K)->4168K(4352K)
[128.306s][info][gc             ] GC(1129) Pause Young (Allocation Failure) 398M->110M(997M) 0.383ms
[128.306s][info][gc,cpu         ] GC(1129) User=0.00s Sys=0.00s Real=0.00s
[128.351s][info][gc,start       ] GC(1130) Pause Young (Allocation Failure)
[128.351s][info][gc,heap        ] GC(1130) PSYoungGen: 294048K(321536K)->160K(321536K) Eden: 293888K(293888K)->0K(293888K) From: 160K(27648K)->160K(27648K)
[128.351s][info][gc,heap        ] GC(1130) ParOldGen: 113012K(699392K)->113012K(699392K)
[128.351s][info][gc,metaspace   ] GC(1130) Metaspace: 36212K(36544K)->36212K(36544K) NonClass: 32043K(32192K)->32043K(32192K) Class: 4168K(4352K)->4168K(4352K)
[128.351s][info][gc             ] GC(1130) Pause Young (Allocation Failure) 397M->110M(997M) 0.409ms
[128.351s][info][gc,cpu         ] GC(1130) User=0.00s Sys=0.00s Real=0.00s
[128.396s][info][gc,start       ] GC(1131) Pause Young (Allocation Failure)
[128.397s][info][gc,heap        ] GC(1131) PSYoungGen: 294048K(321536K)->160K(321536K) Eden: 293888K(293888K)->0K(293888K) From: 160K(27648K)->160K(27648K)
[128.397s][info][gc,heap        ] GC(1131) ParOldGen: 113012K(699392K)->113012K(699392K)
[128.397s][info][gc,metaspace   ] GC(1131) Metaspace: 36212K(36544K)->36212K(36544K) NonClass: 32043K(32192K)->32043K(32192K) Class: 4168K(4352K)->4168K(4352K)
[128.397s][info][gc             ] GC(1131) Pause Young (Allocation Failure) 397M->110M(997M) 0.389ms
[128.397s][info][gc,cpu         ] GC(1131) User=0.00s Sys=0.00s Real=0.00s
[128.441s][info][gc,start       ] GC(1132) Pause Young (Allocation Failure)
[128.442s][info][gc,heap        ] GC(1132) PSYoungGen: 294048K(321536K)->192K(321536K) Eden: 293888K(293888K)->0K(293888K) From: 160K(27648K)->192K(27648K)
[128.442s][info][gc,heap        ] GC(1132) ParOldGen: 113012K(699392K)->113012K(699392K)
[128.442s][info][gc,metaspace   ] GC(1132) Metaspace: 36212K(36544K)->36212K(36544K) NonClass: 32043K(32192K)->32043K(32192K) Class: 4168K(4352K)->4168K(4352K)
[128.442s][info][gc             ] GC(1132) Pause Young (Allocation Failure) 397M->110M(997M) 0.373ms
[128.442s][info][gc,cpu         ] GC(1132) User=0.00s Sys=0.00s Real=0.00s
[128.486s][info][gc,start       ] GC(1133) Pause Young (Allocation Failure)
[128.486s][info][gc,heap        ] GC(1133) PSYoungGen: 294080K(321536K)->192K(323072K) Eden: 293888K(293888K)->0K(295936K) From: 192K(27648K)->192K(27136K)
[128.486s][info][gc,heap        ] GC(1133) ParOldGen: 113012K(699392K)->113012K(699392K)
[128.486s][info][gc,metaspace   ] GC(1133) Metaspace: 36212K(36544K)->36212K(36544K) NonClass: 32043K(32192K)->32043K(32192K) Class: 4168K(4352K)->4168K(4352K)
[128.486s][info][gc             ] GC(1133) Pause Young (Allocation Failure) 397M->110M(998M) 0.389ms
[128.486s][info][gc,cpu         ] GC(1133) User=0.00s Sys=0.00s Real=0.00s
[128.530s][info][gc,start       ] GC(1134) Pause Young (Allocation Failure)
[128.531s][info][gc,heap        ] GC(1134) PSYoungGen: 296128K(323072K)->160K(322048K) Eden: 295936K(295936K)->0K(295936K) From: 192K(27136K)->160K(26112K)
[128.531s][info][gc,heap        ] GC(1134) ParOldGen: 113012K(699392K)->113012K(699392K)
[128.531s][info][gc,metaspace   ] GC(1134) Metaspace: 36212K(36544K)->36212K(36544K) NonClass: 32043K(32192K)->32043K(32192K) Class: 4168K(4352K)->4168K(4352K)
[128.531s][info][gc             ] GC(1134) Pause Young (Allocation Failure) 399M->110M(997M) 0.345ms
[128.531s][info][gc,cpu         ] GC(1134) User=0.00s Sys=0.00s Real=0.00s
[128.575s][info][gc,start       ] GC(1135) Pause Young (Allocation Failure)
[128.575s][info][gc,heap        ] GC(1135) PSYoungGen: 296096K(322048K)->160K(324608K) Eden: 295936K(295936K)->0K(299008K) From: 160K(26112K)->160K(25600K)
[128.575s][info][gc,heap        ] GC(1135) ParOldGen: 113012K(699392K)->113012K(699392K)
[128.575s][info][gc,metaspace   ] GC(1135) Metaspace: 36212K(36544K)->36212K(36544K) NonClass: 32043K(32192K)->32043K(32192K) Class: 4168K(4352K)->4168K(4352K)
[128.575s][info][gc             ] GC(1135) Pause Young (Allocation Failure) 399M->110M(1000M) 0.414ms
[128.575s][info][gc,cpu         ] GC(1135) User=0.00s Sys=0.00s Real=0.00s
[128.620s][info][gc,start       ] GC(1136) Pause Young (Allocation Failure)
[128.620s][info][gc,heap        ] GC(1136) PSYoungGen: 299168K(324608K)->192K(323584K) Eden: 299008K(299008K)->0K(299008K) From: 160K(25600K)->192K(24576K)
[128.620s][info][gc,heap        ] GC(1136) ParOldGen: 113012K(699392K)->113012K(699392K)
[128.620s][info][gc,metaspace   ] GC(1136) Metaspace: 36212K(36544K)->36212K(36544K) NonClass: 32043K(32192K)->32043K(32192K) Class: 4168K(4352K)->4168K(4352K)
[128.620s][info][gc             ] GC(1136) Pause Young (Allocation Failure) 402M->110M(999M) 0.384ms
[128.620s][info][gc,cpu         ] GC(1136) User=0.00s Sys=0.00s Real=0.00s
[128.665s][info][gc,start       ] GC(1137) Pause Young (Allocation Failure)
[128.665s][info][gc,heap        ] GC(1137) PSYoungGen: 299200K(323584K)->160K(326656K) Eden: 299008K(299008K)->0K(303104K) From: 192K(24576K)->160K(23552K)
[128.665s][info][gc,heap        ] GC(1137) ParOldGen: 113012K(699392K)->113012K(699392K)
[128.665s][info][gc,metaspace   ] GC(1137) Metaspace: 36212K(36544K)->36212K(36544K) NonClass: 32043K(32192K)->32043K(32192K) Class: 4168K(4352K)->4168K(4352K)
[128.665s][info][gc             ] GC(1137) Pause Young (Allocation Failure) 402M->110M(1002M) 0.421ms
[128.665s][info][gc,cpu         ] GC(1137) User=0.00s Sys=0.00s Real=0.00s
[128.713s][info][gc,start       ] GC(1138) Pause Young (Allocation Failure)
[128.713s][info][gc,heap        ] GC(1138) PSYoungGen: 303264K(326656K)->128K(325632K) Eden: 303104K(303104K)->0K(303104K) From: 160K(23552K)->128K(22528K)
[128.714s][info][gc,heap        ] GC(1138) ParOldGen: 113012K(699392K)->113012K(699392K)
[128.714s][info][gc,metaspace   ] GC(1138) Metaspace: 36212K(36544K)->36212K(36544K) NonClass: 32043K(32192K)->32043K(32192K) Class: 4168K(4352K)->4168K(4352K)
[128.714s][info][gc             ] GC(1138) Pause Young (Allocation Failure) 406M->110M(1001M) 0.862ms
[128.714s][info][gc,cpu         ] GC(1138) User=0.00s Sys=0.00s Real=0.00s
[128.760s][info][gc,start       ] GC(1139) Pause Young (Allocation Failure)
[128.761s][info][gc,heap        ] GC(1139) PSYoungGen: 303232K(325632K)->160K(328704K) Eden: 303104K(303104K)->0K(307200K) From: 128K(22528K)->160K(21504K)
[128.761s][info][gc,heap        ] GC(1139) ParOldGen: 113012K(699392K)->113012K(699392K)
[128.761s][info][gc,metaspace   ] GC(1139) Metaspace: 36212K(36544K)->36212K(36544K) NonClass: 32043K(32192K)->32043K(32192K) Class: 4168K(4352K)->4168K(4352K)
[128.761s][info][gc             ] GC(1139) Pause Young (Allocation Failure) 406M->110M(1004M) 0.411ms
[128.761s][info][gc,cpu         ] GC(1139) User=0.00s Sys=0.00s Real=0.00s
[128.808s][info][gc,start       ] GC(1140) Pause Young (Allocation Failure)
[128.808s][info][gc,heap        ] GC(1140) PSYoungGen: 307360K(328704K)->192K(327680K) Eden: 307200K(307200K)->0K(307200K) From: 160K(21504K)->192K(20480K)
[128.808s][info][gc,heap        ] GC(1140) ParOldGen: 113012K(699392K)->113012K(699392K)
[128.808s][info][gc,metaspace   ] GC(1140) Metaspace: 36212K(36544K)->36212K(36544K) NonClass: 32043K(32192K)->32043K(32192K) Class: 4168K(4352K)->4168K(4352K)
[128.808s][info][gc             ] GC(1140) Pause Young (Allocation Failure) 410M->110M(1003M) 0.376ms
[128.808s][info][gc,cpu         ] GC(1140) User=0.00s Sys=0.00s Real=0.00s
[128.855s][info][gc,start       ] GC(1141) Pause Young (Allocation Failure)
[128.856s][info][gc,heap        ] GC(1141) PSYoungGen: 307392K(327680K)->160K(330752K) Eden: 307200K(307200K)->0K(311296K) From: 192K(20480K)->160K(19456K)
[128.856s][info][gc,heap        ] GC(1141) ParOldGen: 113012K(699392K)->113012K(699392K)
[128.856s][info][gc,metaspace   ] GC(1141) Metaspace: 36212K(36544K)->36212K(36544K) NonClass: 32043K(32192K)->32043K(32192K) Class: 4168K(4352K)->4168K(4352K)
[128.856s][info][gc             ] GC(1141) Pause Young (Allocation Failure) 410M->110M(1006M) 0.497ms
[128.856s][info][gc,cpu         ] GC(1141) User=0.00s Sys=0.00s Real=0.00s
[128.917s][info][gc,start       ] GC(1142) Pause Young (Allocation Failure)
[128.917s][info][gc,heap        ] GC(1142) PSYoungGen: 311456K(330752K)->192K(329728K) Eden: 311296K(311296K)->0K(311296K) From: 160K(19456K)->192K(18432K)
[128.917s][info][gc,heap        ] GC(1142) ParOldGen: 113012K(699392K)->113012K(699392K)
[128.917s][info][gc,metaspace   ] GC(1142) Metaspace: 36212K(36544K)->36212K(36544K) NonClass: 32043K(32192K)->32043K(32192K) Class: 4168K(4352K)->4168K(4352K)
[128.917s][info][gc             ] GC(1142) Pause Young (Allocation Failure) 414M->110M(1005M) 0.447ms
[128.917s][info][gc,cpu         ] GC(1142) User=0.00s Sys=0.00s Real=0.00s
[128.977s][info][gc,start       ] GC(1143) Pause Young (Allocation Failure)
[128.977s][info][gc,heap        ] GC(1143) PSYoungGen: 311488K(329728K)->192K(332800K) Eden: 311296K(311296K)->0K(315392K) From: 192K(18432K)->192K(17408K)
[128.977s][info][gc,heap        ] GC(1143) ParOldGen: 113012K(699392K)->113060K(699392K)
[128.977s][info][gc,metaspace   ] GC(1143) Metaspace: 36212K(36544K)->36212K(36544K) NonClass: 32043K(32192K)->32043K(32192K) Class: 4168K(4352K)->4168K(4352K)
[128.977s][info][gc             ] GC(1143) Pause Young (Allocation Failure) 414M->110M(1008M) 0.432ms
[128.977s][info][gc,cpu         ] GC(1143) User=0.00s Sys=0.00s Real=0.00s
[129.038s][info][gc,start       ] GC(1144) Pause Young (Allocation Failure)
[129.038s][info][gc,heap        ] GC(1144) PSYoungGen: 315584K(332800K)->160K(331776K) Eden: 315392K(315392K)->0K(315392K) From: 192K(17408K)->160K(16384K)
[129.038s][info][gc,heap        ] GC(1144) ParOldGen: 113060K(699392K)->113060K(699392K)
[129.038s][info][gc,metaspace   ] GC(1144) Metaspace: 36212K(36544K)->36212K(36544K) NonClass: 32043K(32192K)->32043K(32192K) Class: 4168K(4352K)->4168K(4352K)
[129.038s][info][gc             ] GC(1144) Pause Young (Allocation Failure) 418M->110M(1007M) 0.411ms
[129.038s][info][gc,cpu         ] GC(1144) User=0.00s Sys=0.00s Real=0.01s
[129.099s][info][gc,start       ] GC(1145) Pause Young (Allocation Failure)
[129.099s][info][gc,heap        ] GC(1145) PSYoungGen: 315552K(331776K)->160K(334848K) Eden: 315392K(315392K)->0K(319488K) From: 160K(16384K)->160K(15360K)
[129.099s][info][gc,heap        ] GC(1145) ParOldGen: 113060K(699392K)->113060K(699392K)
[129.099s][info][gc,metaspace   ] GC(1145) Metaspace: 36212K(36544K)->36212K(36544K) NonClass: 32043K(32192K)->32043K(32192K) Class: 4168K(4352K)->4168K(4352K)
[129.099s][info][gc             ] GC(1145) Pause Young (Allocation Failure) 418M->110M(1010M) 0.417ms
[129.099s][info][gc,cpu         ] GC(1145) User=0.00s Sys=0.00s Real=0.00s
[129.163s][info][gc,start       ] GC(1146) Pause Young (Allocation Failure)
[129.163s][info][gc,heap        ] GC(1146) PSYoungGen: 319648K(334848K)->192K(333824K) Eden: 319488K(319488K)->0K(319488K) From: 160K(15360K)->192K(14336K)
[129.163s][info][gc,heap        ] GC(1146) ParOldGen: 113060K(699392K)->113060K(699392K)
[129.163s][info][gc,metaspace   ] GC(1146) Metaspace: 36212K(36544K)->36212K(36544K) NonClass: 32043K(32192K)->32043K(32192K) Class: 4168K(4352K)->4168K(4352K)
[129.163s][info][gc             ] GC(1146) Pause Young (Allocation Failure) 422M->110M(1009M) 0.428ms
[129.163s][info][gc,cpu         ] GC(1146) User=0.00s Sys=0.00s Real=0.00s
[129.225s][info][gc,start       ] GC(1147) Pause Young (Allocation Failure)
[129.226s][info][gc,heap        ] GC(1147) PSYoungGen: 319680K(333824K)->192K(336384K) Eden: 319488K(319488K)->0K(323072K) From: 192K(14336K)->192K(13312K)
[129.226s][info][gc,heap        ] GC(1147) ParOldGen: 113060K(699392K)->113060K(699392K)
[129.226s][info][gc,metaspace   ] GC(1147) Metaspace: 36212K(36544K)->36212K(36544K) NonClass: 32043K(32192K)->32043K(32192K) Class: 4168K(4352K)->4168K(4352K)
[129.226s][info][gc             ] GC(1147) Pause Young (Allocation Failure) 422M->110M(1011M) 0.433ms
[129.226s][info][gc,cpu         ] GC(1147) User=0.00s Sys=0.00s Real=0.00s
[129.284s][info][gc,start       ] GC(1148) Pause Young (Allocation Failure)
[129.285s][info][gc,heap        ] GC(1148) PSYoungGen: 323264K(336384K)->160K(335872K) Eden: 323072K(323072K)->0K(323072K) From: 192K(13312K)->160K(12800K)
[129.285s][info][gc,heap        ] GC(1148) ParOldGen: 113060K(699392K)->113060K(699392K)
[129.285s][info][gc,metaspace   ] GC(1148) Metaspace: 36212K(36544K)->36212K(36544K) NonClass: 32043K(32192K)->32043K(32192K) Class: 4168K(4352K)->4168K(4352K)
[129.285s][info][gc             ] GC(1148) Pause Young (Allocation Failure) 426M->110M(1011M) 0.493ms
[129.285s][info][gc,cpu         ] GC(1148) User=0.00s Sys=0.00s Real=0.02s
[129.345s][info][gc,start       ] GC(1149) Pause Young (Allocation Failure)
[129.346s][info][gc,heap        ] GC(1149) PSYoungGen: 323232K(335872K)->192K(337920K) Eden: 323072K(323072K)->0K(326144K) From: 160K(12800K)->192K(11776K)
[129.346s][info][gc,heap        ] GC(1149) ParOldGen: 113060K(699392K)->113060K(699392K)
[129.346s][info][gc,metaspace   ] GC(1149) Metaspace: 36212K(36544K)->36212K(36544K) NonClass: 32043K(32192K)->32043K(32192K) Class: 4168K(4352K)->4168K(4352K)
[129.346s][info][gc             ] GC(1149) Pause Young (Allocation Failure) 426M->110M(1013M) 0.412ms
[129.346s][info][gc,cpu         ] GC(1149) User=0.00s Sys=0.00s Real=0.00s
[129.408s][info][gc,start       ] GC(1150) Pause Young (Allocation Failure)
[129.408s][info][gc,heap        ] GC(1150) PSYoungGen: 326336K(337920K)->160K(337408K) Eden: 326144K(326144K)->0K(326144K) From: 192K(11776K)->160K(11264K)
[129.408s][info][gc,heap        ] GC(1150) ParOldGen: 113060K(699392K)->113060K(699392K)
[129.408s][info][gc,metaspace   ] GC(1150) Metaspace: 36212K(36544K)->36212K(36544K) NonClass: 32043K(32192K)->32043K(32192K) Class: 4168K(4352K)->4168K(4352K)
[129.408s][info][gc             ] GC(1150) Pause Young (Allocation Failure) 429M->110M(1012M) 0.400ms
[129.408s][info][gc,cpu         ] GC(1150) User=0.00s Sys=0.00s Real=0.00s
[129.469s][info][gc,start       ] GC(1151) Pause Young (Allocation Failure)
[129.470s][info][gc,heap        ] GC(1151) PSYoungGen: 326304K(337408K)->192K(339456K) Eden: 326144K(326144K)->0K(329216K) From: 160K(11264K)->192K(10240K)
[129.470s][info][gc,heap        ] GC(1151) ParOldGen: 113060K(699392K)->113060K(699392K)
[129.470s][info][gc,metaspace   ] GC(1151) Metaspace: 36212K(36544K)->36212K(36544K) NonClass: 32043K(32192K)->32043K(32192K) Class: 4168K(4352K)->4168K(4352K)
[129.470s][info][gc             ] GC(1151) Pause Young (Allocation Failure) 429M->110M(1014M) 0.452ms
[129.470s][info][gc,cpu         ] GC(1151) User=0.00s Sys=0.00s Real=0.00s
[129.532s][info][gc,start       ] GC(1152) Pause Young (Allocation Failure)
[129.532s][info][gc,heap        ] GC(1152) PSYoungGen: 329408K(339456K)->192K(338944K) Eden: 329216K(329216K)->0K(329216K) From: 192K(10240K)->192K(9728K)
[129.532s][info][gc,heap        ] GC(1152) ParOldGen: 113060K(699392K)->113060K(699392K)
[129.532s][info][gc,metaspace   ] GC(1152) Metaspace: 36212K(36544K)->36212K(36544K) NonClass: 32043K(32192K)->32043K(32192K) Class: 4168K(4352K)->4168K(4352K)
[129.532s][info][gc             ] GC(1152) Pause Young (Allocation Failure) 432M->110M(1014M) 0.441ms
[129.532s][info][gc,cpu         ] GC(1152) User=0.00s Sys=0.00s Real=0.00s
[129.596s][info][gc,start       ] GC(1153) Pause Young (Allocation Failure)
[129.596s][info][gc,heap        ] GC(1153) PSYoungGen: 329408K(338944K)->192K(340992K) Eden: 329216K(329216K)->0K(331776K) From: 192K(9728K)->192K(9216K)
[129.596s][info][gc,heap        ] GC(1153) ParOldGen: 113060K(699392K)->113060K(699392K)
[129.596s][info][gc,metaspace   ] GC(1153) Metaspace: 36212K(36544K)->36212K(36544K) NonClass: 32043K(32192K)->32043K(32192K) Class: 4168K(4352K)->4168K(4352K)
[129.597s][info][gc             ] GC(1153) Pause Young (Allocation Failure) 432M->110M(1016M) 0.415ms
[129.597s][info][gc,cpu         ] GC(1153) User=0.00s Sys=0.00s Real=0.00s
[129.659s][info][gc,start       ] GC(1154) Pause Young (Allocation Failure)
[129.660s][info][gc,heap        ] GC(1154) PSYoungGen: 331968K(340992K)->160K(339968K) Eden: 331776K(331776K)->0K(331776K) From: 192K(9216K)->160K(8192K)
[129.660s][info][gc,heap        ] GC(1154) ParOldGen: 113060K(699392K)->113060K(699392K)
[129.660s][info][gc,metaspace   ] GC(1154) Metaspace: 36212K(36544K)->36212K(36544K) NonClass: 32043K(32192K)->32043K(32192K) Class: 4168K(4352K)->4168K(4352K)
[129.660s][info][gc             ] GC(1154) Pause Young (Allocation Failure) 434M->110M(1015M) 0.445ms
[129.660s][info][gc,cpu         ] GC(1154) User=0.00s Sys=0.00s Real=0.00s
[129.723s][info][gc,start       ] GC(1155) Pause Young (Allocation Failure)
[129.723s][info][gc,heap        ] GC(1155) PSYoungGen: 331936K(339968K)->160K(342016K) Eden: 331776K(331776K)->0K(334336K) From: 160K(8192K)->160K(7680K)
[129.723s][info][gc,heap        ] GC(1155) ParOldGen: 113060K(699392K)->113060K(699392K)
[129.723s][info][gc,metaspace   ] GC(1155) Metaspace: 36212K(36544K)->36212K(36544K) NonClass: 32043K(32192K)->32043K(32192K) Class: 4168K(4352K)->4168K(4352K)
[129.723s][info][gc             ] GC(1155) Pause Young (Allocation Failure) 434M->110M(1017M) 0.556ms
[129.723s][info][gc,cpu         ] GC(1155) User=0.00s Sys=0.00s Real=0.00s
[129.788s][info][gc,start       ] GC(1156) Pause Young (Allocation Failure)
[129.788s][info][gc,heap        ] GC(1156) PSYoungGen: 334496K(342016K)->160K(341504K) Eden: 334336K(334336K)->0K(334336K) From: 160K(7680K)->160K(7168K)
[129.788s][info][gc,heap        ] GC(1156) ParOldGen: 113060K(699392K)->113060K(699392K)
[129.788s][info][gc,metaspace   ] GC(1156) Metaspace: 36212K(36544K)->36212K(36544K) NonClass: 32043K(32192K)->32043K(32192K) Class: 4168K(4352K)->4168K(4352K)
[129.788s][info][gc             ] GC(1156) Pause Young (Allocation Failure) 437M->110M(1016M) 0.395ms
[129.788s][info][gc,cpu         ] GC(1156) User=0.00s Sys=0.00s Real=0.00s
[129.849s][info][gc,start       ] GC(1157) Pause Young (Allocation Failure)
[129.849s][info][gc,heap        ] GC(1157) PSYoungGen: 334496K(341504K)->192K(343040K) Eden: 334336K(334336K)->0K(336384K) From: 160K(7168K)->192K(6656K)
[129.849s][info][gc,heap        ] GC(1157) ParOldGen: 113060K(699392K)->113060K(699392K)
[129.849s][info][gc,metaspace   ] GC(1157) Metaspace: 36212K(36544K)->36212K(36544K) NonClass: 32043K(32192K)->32043K(32192K) Class: 4168K(4352K)->4168K(4352K)
[129.849s][info][gc             ] GC(1157) Pause Young (Allocation Failure) 437M->110M(1018M) 0.449ms
[129.849s][info][gc,cpu         ] GC(1157) User=0.00s Sys=0.00s Real=0.00s
[129.911s][info][gc,start       ] GC(1158) Pause Young (Allocation Failure)
[129.912s][info][gc,heap        ] GC(1158) PSYoungGen: 336576K(343040K)->192K(342528K) Eden: 336384K(336384K)->0K(336384K) From: 192K(6656K)->192K(6144K)
[129.912s][info][gc,heap        ] GC(1158) ParOldGen: 113060K(699392K)->113060K(699392K)
[129.912s][info][gc,metaspace   ] GC(1158) Metaspace: 36212K(36544K)->36212K(36544K) NonClass: 32043K(32192K)->32043K(32192K) Class: 4168K(4352K)->4168K(4352K)
[129.912s][info][gc             ] GC(1158) Pause Young (Allocation Failure) 439M->110M(1017M) 0.441ms
[129.912s][info][gc,cpu         ] GC(1158) User=0.00s Sys=0.00s Real=0.00s
[129.973s][info][gc,start       ] GC(1159) Pause Young (Allocation Failure)
[129.974s][info][gc,heap        ] GC(1159) PSYoungGen: 336576K(342528K)->160K(343552K) Eden: 336384K(336384K)->0K(337920K) From: 192K(6144K)->160K(5632K)
[129.974s][info][gc,heap        ] GC(1159) ParOldGen: 113060K(699392K)->113060K(699392K)
[129.974s][info][gc,metaspace   ] GC(1159) Metaspace: 36212K(36544K)->36212K(36544K) NonClass: 32043K(32192K)->32043K(32192K) Class: 4168K(4352K)->4168K(4352K)
[129.974s][info][gc             ] GC(1159) Pause Young (Allocation Failure) 439M->110M(1018M) 0.429ms
[129.974s][info][gc,cpu         ] GC(1159) User=0.00s Sys=0.00s Real=0.00s
[130.036s][info][gc,start       ] GC(1160) Pause Young (Allocation Failure)
[130.036s][info][gc,heap        ] GC(1160) PSYoungGen: 338080K(343552K)->160K(343552K) Eden: 337920K(337920K)->0K(337920K) From: 160K(5632K)->160K(5632K)
[130.036s][info][gc,heap        ] GC(1160) ParOldGen: 113060K(699392K)->113060K(699392K)
[130.036s][info][gc,metaspace   ] GC(1160) Metaspace: 36212K(36544K)->36212K(36544K) NonClass: 32043K(32192K)->32043K(32192K) Class: 4168K(4352K)->4168K(4352K)
[130.036s][info][gc             ] GC(1160) Pause Young (Allocation Failure) 440M->110M(1018M) 0.421ms
[130.036s][info][gc,cpu         ] GC(1160) User=0.00s Sys=0.00s Real=0.00s
[130.099s][info][gc,start       ] GC(1161) Pause Young (Allocation Failure)
[130.100s][info][gc,heap        ] GC(1161) PSYoungGen: 338080K(343552K)->192K(344576K) Eden: 337920K(337920K)->0K(339456K) From: 160K(5632K)->192K(5120K)
[130.100s][info][gc,heap        ] GC(1161) ParOldGen: 113060K(699392K)->113060K(699392K)
[130.100s][info][gc,metaspace   ] GC(1161) Metaspace: 36212K(36544K)->36212K(36544K) NonClass: 32043K(32192K)->32043K(32192K) Class: 4168K(4352K)->4168K(4352K)
[130.100s][info][gc             ] GC(1161) Pause Young (Allocation Failure) 440M->110M(1019M) 0.412ms
[130.100s][info][gc,cpu         ] GC(1161) User=0.00s Sys=0.00s Real=0.00s
[130.165s][info][gc,start       ] GC(1162) Pause Young (Allocation Failure)
[130.165s][info][gc,heap        ] GC(1162) PSYoungGen: 339648K(344576K)->192K(344064K) Eden: 339456K(339456K)->0K(339456K) From: 192K(5120K)->192K(4608K)
[130.165s][info][gc,heap        ] GC(1162) ParOldGen: 113060K(699392K)->113060K(699392K)
[130.165s][info][gc,metaspace   ] GC(1162) Metaspace: 36212K(36544K)->36212K(36544K) NonClass: 32043K(32192K)->32043K(32192K) Class: 4168K(4352K)->4168K(4352K)
[130.165s][info][gc             ] GC(1162) Pause Young (Allocation Failure) 442M->110M(1019M) 0.395ms
[130.165s][info][gc,cpu         ] GC(1162) User=0.00s Sys=0.00s Real=0.00s
[130.230s][info][gc,start       ] GC(1163) Pause Young (Allocation Failure)
[130.230s][info][gc,heap        ] GC(1163) PSYoungGen: 339648K(344064K)->192K(345088K) Eden: 339456K(339456K)->0K(340992K) From: 192K(4608K)->192K(4096K)
[130.230s][info][gc,heap        ] GC(1163) ParOldGen: 113060K(699392K)->113060K(699392K)
[130.230s][info][gc,metaspace   ] GC(1163) Metaspace: 36212K(36544K)->36212K(36544K) NonClass: 32043K(32192K)->32043K(32192K) Class: 4168K(4352K)->4168K(4352K)
[130.230s][info][gc             ] GC(1163) Pause Young (Allocation Failure) 442M->110M(1020M) 0.415ms
[130.230s][info][gc,cpu         ] GC(1163) User=0.00s Sys=0.00s Real=0.00s
[130.296s][info][gc,start       ] GC(1164) Pause Young (Allocation Failure)
[130.296s][info][gc,heap        ] GC(1164) PSYoungGen: 341184K(345088K)->192K(345088K) Eden: 340992K(340992K)->0K(340992K) From: 192K(4096K)->192K(4096K)
[130.296s][info][gc,heap        ] GC(1164) ParOldGen: 113060K(699392K)->113060K(699392K)
[130.296s][info][gc,metaspace   ] GC(1164) Metaspace: 36212K(36544K)->36212K(36544K) NonClass: 32043K(32192K)->32043K(32192K) Class: 4168K(4352K)->4168K(4352K)
[130.296s][info][gc             ] GC(1164) Pause Young (Allocation Failure) 443M->110M(1020M) 0.443ms
[130.296s][info][gc,cpu         ] GC(1164) User=0.00s Sys=0.00s Real=0.00s
[130.362s][info][gc,start       ] GC(1165) Pause Young (Allocation Failure)
[130.362s][info][gc,heap        ] GC(1165) PSYoungGen: 341184K(345088K)->192K(345600K) Eden: 340992K(340992K)->0K(342016K) From: 192K(4096K)->192K(3584K)
[130.362s][info][gc,heap        ] GC(1165) ParOldGen: 113060K(699392K)->113060K(699392K)
[130.362s][info][gc,metaspace   ] GC(1165) Metaspace: 36212K(36544K)->36212K(36544K) NonClass: 32043K(32192K)->32043K(32192K) Class: 4168K(4352K)->4168K(4352K)
[130.362s][info][gc             ] GC(1165) Pause Young (Allocation Failure) 443M->110M(1020M) 0.420ms
[130.362s][info][gc,cpu         ] GC(1165) User=0.00s Sys=0.00s Real=0.00s
[130.427s][info][gc,start       ] GC(1166) Pause Young (Allocation Failure)
[130.427s][info][gc,heap        ] GC(1166) PSYoungGen: 342208K(345600K)->160K(345600K) Eden: 342016K(342016K)->0K(342016K) From: 192K(3584K)->160K(3584K)
[130.427s][info][gc,heap        ] GC(1166) ParOldGen: 113060K(699392K)->113060K(699392K)
[130.427s][info][gc,metaspace   ] GC(1166) Metaspace: 36212K(36544K)->36212K(36544K) NonClass: 32043K(32192K)->32043K(32192K) Class: 4168K(4352K)->4168K(4352K)
[130.427s][info][gc             ] GC(1166) Pause Young (Allocation Failure) 444M->110M(1020M) 0.449ms
[130.427s][info][gc,cpu         ] GC(1166) User=0.00s Sys=0.00s Real=0.00s
[130.494s][info][gc,start       ] GC(1167) Pause Young (Allocation Failure)
[130.494s][info][gc,heap        ] GC(1167) PSYoungGen: 342176K(345600K)->160K(346112K) Eden: 342016K(342016K)->0K(343040K) From: 160K(3584K)->160K(3072K)
[130.494s][info][gc,heap        ] GC(1167) ParOldGen: 113060K(699392K)->113060K(699392K)
[130.494s][info][gc,metaspace   ] GC(1167) Metaspace: 36212K(36544K)->36212K(36544K) NonClass: 32043K(32192K)->32043K(32192K) Class: 4168K(4352K)->4168K(4352K)
[130.494s][info][gc             ] GC(1167) Pause Young (Allocation Failure) 444M->110M(1021M) 0.399ms
[130.494s][info][gc,cpu         ] GC(1167) User=0.00s Sys=0.00s Real=0.00s
[130.561s][info][gc,start       ] GC(1168) Pause Young (Allocation Failure)
[130.561s][info][gc,heap        ] GC(1168) PSYoungGen: 343200K(346112K)->192K(346112K) Eden: 343040K(343040K)->0K(343040K) From: 160K(3072K)->192K(3072K)
[130.561s][info][gc,heap        ] GC(1168) ParOldGen: 113060K(699392K)->113060K(699392K)
[130.561s][info][gc,metaspace   ] GC(1168) Metaspace: 36212K(36544K)->36212K(36544K) NonClass: 32043K(32192K)->32043K(32192K) Class: 4168K(4352K)->4168K(4352K)
[130.561s][info][gc             ] GC(1168) Pause Young (Allocation Failure) 445M->110M(1021M) 0.420ms
[130.561s][info][gc,cpu         ] GC(1168) User=0.00s Sys=0.00s Real=0.00s
[130.636s][info][gc,start       ] GC(1169) Pause Young (Allocation Failure)
[130.636s][info][gc,heap        ] GC(1169) PSYoungGen: 343232K(346112K)->192K(346624K) Eden: 343040K(343040K)->0K(344064K) From: 192K(3072K)->192K(2560K)
[130.636s][info][gc,heap        ] GC(1169) ParOldGen: 113060K(699392K)->113060K(699392K)
[130.636s][info][gc,metaspace   ] GC(1169) Metaspace: 36212K(36544K)->36212K(36544K) NonClass: 32043K(32192K)->32043K(32192K) Class: 4168K(4352K)->4168K(4352K)
[130.636s][info][gc             ] GC(1169) Pause Young (Allocation Failure) 445M->110M(1021M) 0.398ms
[130.636s][info][gc,cpu         ] GC(1169) User=0.00s Sys=0.00s Real=0.00s
[130.899s][info][gc,start       ] GC(1170) Pause Young (Allocation Failure)
[130.906s][info][gc,heap        ] GC(1170) PSYoungGen: 343418K(346624K)->2544K(336896K) Eden: 343226K(344064K)->0K(334336K) From: 192K(2560K)->2544K(2560K)
[130.906s][info][gc,heap        ] GC(1170) ParOldGen: 113060K(699392K)->124516K(699392K)
[130.906s][info][gc,metaspace   ] GC(1170) Metaspace: 36213K(36544K)->36213K(36544K) NonClass: 32044K(32192K)->32044K(32192K) Class: 4168K(4352K)->4168K(4352K)
[130.906s][info][gc             ] GC(1170) Pause Young (Allocation Failure) 445M->124M(1012M) 6.572ms
[130.906s][info][gc,cpu         ] GC(1170) User=0.00s Sys=0.00s Real=0.01s
[131.191s][info][gc,start       ] GC(1171) Pause Young (Allocation Failure)
[131.206s][info][gc,heap        ] GC(1171) PSYoungGen: 336880K(336896K)->2529K(310784K) Eden: 334336K(334336K)->0K(308224K) From: 2544K(2560K)->2529K(2560K)
[131.206s][info][gc,heap        ] GC(1171) ParOldGen: 124516K(699392K)->160987K(699392K)
[131.206s][info][gc,metaspace   ] GC(1171) Metaspace: 36213K(36544K)->36213K(36544K) NonClass: 32044K(32192K)->32044K(32192K) Class: 4168K(4352K)->4168K(4352K)
[131.206s][info][gc             ] GC(1171) Pause Young (Allocation Failure) 450M->159M(986M) 14.706ms
[131.206s][info][gc,cpu         ] GC(1171) User=0.08s Sys=0.00s Real=0.02s
[131.474s][info][gc,start       ] GC(1172) Pause Young (Allocation Failure)
[131.484s][info][gc,heap        ] GC(1172) PSYoungGen: 308244K(310784K)->20460K(328704K) Eden: 305715K(308224K)->0K(308224K) From: 2529K(2560K)->20460K(20480K)
[131.484s][info][gc,heap        ] GC(1172) ParOldGen: 160987K(699392K)->178709K(699392K)
[131.484s][info][gc,metaspace   ] GC(1172) Metaspace: 36213K(36544K)->36213K(36544K) NonClass: 32044K(32192K)->32044K(32192K) Class: 4168K(4352K)->4168K(4352K)
[131.484s][info][gc             ] GC(1172) Pause Young (Allocation Failure) 458M->194M(1004M) 10.346ms
[131.484s][info][gc,cpu         ] GC(1172) User=0.08s Sys=0.00s Real=0.01s
[131.762s][info][gc,start       ] GC(1173) Pause Young (Allocation Failure)
[131.769s][info][gc,heap        ] GC(1173) PSYoungGen: 328684K(328704K)->9717K(310272K) Eden: 308224K(308224K)->0K(289792K) From: 20460K(20480K)->9717K(20480K)
[131.769s][info][gc,heap        ] GC(1173) ParOldGen: 178709K(699392K)->189556K(699392K)
[131.769s][info][gc,metaspace   ] GC(1173) Metaspace: 36213K(36544K)->36213K(36544K) NonClass: 32044K(32192K)->32044K(32192K) Class: 4168K(4352K)->4168K(4352K)
[131.770s][info][gc             ] GC(1173) Pause Young (Allocation Failure) 495M->194M(986M) 7.087ms
[131.770s][info][gc,cpu         ] GC(1173) User=0.09s Sys=0.00s Real=0.01s
[132.026s][info][gc,start       ] GC(1174) Pause Young (Allocation Failure)
[132.032s][info][gc,heap        ] GC(1174) PSYoungGen: 299509K(310272K)->11230K(319488K) Eden: 289792K(289792K)->0K(289792K) From: 9717K(20480K)->11230K(29696K)
[132.032s][info][gc,heap        ] GC(1174) ParOldGen: 189556K(699392K)->192460K(699392K)
[132.032s][info][gc,metaspace   ] GC(1174) Metaspace: 36213K(36544K)->36213K(36544K) NonClass: 32044K(32192K)->32044K(32192K) Class: 4168K(4352K)->4168K(4352K)
[132.032s][info][gc             ] GC(1174) Pause Young (Allocation Failure) 477M->198M(995M) 6.271ms
[132.032s][info][gc,cpu         ] GC(1174) User=0.09s Sys=0.00s Real=0.01s
[132.278s][info][gc,start       ] GC(1175) Pause Young (Allocation Failure)
[132.284s][info][gc,heap        ] GC(1175) PSYoungGen: 294559K(319488K)->19459K(316928K) Eden: 283328K(289792K)->0K(288768K) From: 11230K(29696K)->19459K(28160K)
[132.284s][info][gc,heap        ] GC(1175) ParOldGen: 192460K(699392K)->193277K(699392K)
[132.284s][info][gc,metaspace   ] GC(1175) Metaspace: 36213K(36544K)->36213K(36544K) NonClass: 32044K(32192K)->32044K(32192K) Class: 4168K(4352K)->4168K(4352K)
[132.284s][info][gc             ] GC(1175) Pause Young (Allocation Failure) 475M->207M(992M) 6.400ms
[132.284s][info][gc,cpu         ] GC(1175) User=0.09s Sys=0.00s Real=0.00s
[132.513s][info][gc,start       ] GC(1176) Pause Young (Allocation Failure)
[132.519s][info][gc,heap        ] GC(1176) PSYoungGen: 306579K(316928K)->15749K(318976K) Eden: 287119K(288768K)->0K(288768K) From: 19459K(28160K)->15749K(30208K)
[132.519s][info][gc,heap        ] GC(1176) ParOldGen: 193277K(699392K)->194433K(699392K)
[132.519s][info][gc,metaspace   ] GC(1176) Metaspace: 36213K(36544K)->36213K(36544K) NonClass: 32044K(32192K)->32044K(32192K) Class: 4168K(4352K)->4168K(4352K)
[132.519s][info][gc             ] GC(1176) Pause Young (Allocation Failure) 488M->205M(994M) 6.106ms
[132.519s][info][gc,cpu         ] GC(1176) User=0.09s Sys=0.00s Real=0.01s
[132.761s][info][gc,start       ] GC(1177) Pause Young (Allocation Failure)
[132.768s][info][gc,heap        ] GC(1177) PSYoungGen: 300802K(318976K)->20432K(314880K) Eden: 285053K(288768K)->0K(284672K) From: 15749K(30208K)->20432K(30208K)
[132.768s][info][gc,heap        ] GC(1177) ParOldGen: 194433K(699392K)->194903K(699392K)
[132.768s][info][gc,metaspace   ] GC(1177) Metaspace: 36213K(36544K)->36213K(36544K) NonClass: 32044K(32192K)->32044K(32192K) Class: 4168K(4352K)->4168K(4352K)
[132.768s][info][gc             ] GC(1177) Pause Young (Allocation Failure) 483M->210M(990M) 6.767ms
[132.768s][info][gc,cpu         ] GC(1177) User=0.08s Sys=0.00s Real=0.02s
[133.021s][info][gc,start       ] GC(1178) Pause Young (Allocation Failure)
[133.027s][info][gc,heap        ] GC(1178) PSYoungGen: 305104K(314880K)->12834K(316928K) Eden: 284672K(284672K)->0K(284672K) From: 20432K(30208K)->12834K(32256K)
[133.027s][info][gc,heap        ] GC(1178) ParOldGen: 194903K(699392K)->196114K(699392K)
[133.027s][info][gc,metaspace   ] GC(1178) Metaspace: 36213K(36544K)->36213K(36544K) NonClass: 32044K(32192K)->32044K(32192K) Class: 4168K(4352K)->4168K(4352K)
[133.027s][info][gc             ] GC(1178) Pause Young (Allocation Failure) 488M->204M(992M) 6.633ms
[133.027s][info][gc,cpu         ] GC(1178) User=0.00s Sys=0.00s Real=0.01s
[133.261s][info][gc,start       ] GC(1179) Pause Young (Allocation Failure)
[133.268s][info][gc,heap        ] GC(1179) PSYoungGen: 297506K(316928K)->10584K(320512K) Eden: 284672K(284672K)->0K(289792K) From: 12834K(32256K)->10584K(30720K)
[133.268s][info][gc,heap        ] GC(1179) ParOldGen: 196114K(699392K)->200750K(699392K)
[133.268s][info][gc,metaspace   ] GC(1179) Metaspace: 36213K(36544K)->36213K(36544K) NonClass: 32044K(32192K)->32044K(32192K) Class: 4168K(4352K)->4168K(4352K)
[133.268s][info][gc             ] GC(1179) Pause Young (Allocation Failure) 482M->206M(996M) 6.702ms
[133.268s][info][gc,cpu         ] GC(1179) User=0.09s Sys=0.00s Real=0.01s
[133.517s][info][gc,start       ] GC(1180) Pause Young (Allocation Failure)
[133.524s][info][gc,heap        ] GC(1180) PSYoungGen: 300376K(320512K)->12642K(318464K) Eden: 289792K(289792K)->0K(289792K) From: 10584K(30720K)->12642K(28672K)
[133.524s][info][gc,heap        ] GC(1180) ParOldGen: 200750K(699392K)->202851K(699392K)
[133.524s][info][gc,metaspace   ] GC(1180) Metaspace: 36213K(36544K)->36213K(36544K) NonClass: 32044K(32192K)->32044K(32192K) Class: 4168K(4352K)->4168K(4352K)
[133.524s][info][gc             ] GC(1180) Pause Young (Allocation Failure) 489M->210M(994M) 6.690ms
[133.524s][info][gc,cpu         ] GC(1180) User=0.00s Sys=0.00s Real=0.01s
[133.765s][info][gc,start       ] GC(1181) Pause Young (Allocation Failure)
[133.772s][info][gc,heap        ] GC(1181) PSYoungGen: 301976K(318464K)->19854K(318464K) Eden: 289334K(289792K)->0K(290816K) From: 12642K(28672K)->19854K(27648K)
[133.772s][info][gc,heap        ] GC(1181) ParOldGen: 202851K(699392K)->204467K(699392K)
[133.772s][info][gc,metaspace   ] GC(1181) Metaspace: 36213K(36544K)->36213K(36544K) NonClass: 32044K(32192K)->32044K(32192K) Class: 4168K(4352K)->4168K(4352K)
[133.772s][info][gc             ] GC(1181) Pause Young (Allocation Failure) 492M->219M(994M) 6.667ms
[133.772s][info][gc,cpu         ] GC(1181) User=0.00s Sys=0.02s Real=0.01s
[134.005s][info][gc,start       ] GC(1182) Pause Young (Allocation Failure)
[134.014s][info][gc,heap        ] GC(1182) PSYoungGen: 308095K(318464K)->24378K(315392K) Eden: 288240K(290816K)->0K(290816K) From: 19854K(27648K)->24378K(24576K)
[134.014s][info][gc,heap        ] GC(1182) ParOldGen: 204467K(699392K)->207073K(699392K)
[134.014s][info][gc,metaspace   ] GC(1182) Metaspace: 36213K(36544K)->36213K(36544K) NonClass: 32044K(32192K)->32044K(32192K) Class: 4168K(4352K)->4168K(4352K)
[134.014s][info][gc             ] GC(1182) Pause Young (Allocation Failure) 500M->226M(991M) 8.727ms
[134.014s][info][gc,cpu         ] GC(1182) User=0.00s Sys=0.00s Real=0.01s
[134.088s][info][gc,start       ] GC(1183) Pause Young (System.gc())
[134.094s][info][gc,heap        ] GC(1183) PSYoungGen: 97362K(315392K)->6464K(317952K) Eden: 72983K(290816K)->0K(286208K) From: 24378K(24576K)->6464K(31744K)
[134.094s][info][gc,heap        ] GC(1183) ParOldGen: 207073K(699392K)->218460K(699392K)
[134.094s][info][gc,metaspace   ] GC(1183) Metaspace: 36214K(36544K)->36214K(36544K) NonClass: 32045K(32192K)->32045K(32192K) Class: 4168K(4352K)->4168K(4352K)
[134.094s][info][gc             ] GC(1183) Pause Young (System.gc()) 297M->219M(993M) 6.326ms
[134.094s][info][gc,cpu         ] GC(1183) User=0.08s Sys=0.00s Real=0.01s
[134.094s][info][gc,start       ] GC(1184) Pause Full (System.gc())
[134.094s][info][gc,phases,start] GC(1184) Marking Phase
[134.111s][info][gc,phases      ] GC(1184) Marking Phase 17.402ms
[134.111s][info][gc,phases,start] GC(1184) Summary Phase
[134.111s][info][gc,phases      ] GC(1184) Summary Phase 0.011ms
[134.111s][info][gc,phases,start] GC(1184) Adjust Roots
[134.116s][info][gc,phases      ] GC(1184) Adjust Roots 4.229ms
[134.116s][info][gc,phases,start] GC(1184) Compaction Phase
[134.124s][info][gc,phases      ] GC(1184) Compaction Phase 7.918ms
[134.124s][info][gc,phases,start] GC(1184) Post Compact
[134.125s][info][gc,phases      ] GC(1184) Post Compact 0.879ms
[134.125s][info][gc,heap        ] GC(1184) PSYoungGen: 6464K(317952K)->0K(317952K) Eden: 0K(286208K)->0K(286208K) From: 6464K(31744K)->0K(31744K)
[134.125s][info][gc,heap        ] GC(1184) ParOldGen: 218460K(699392K)->113923K(699392K)
[134.125s][info][gc,metaspace   ] GC(1184) Metaspace: 36214K(36544K)->36214K(36544K) NonClass: 32045K(32192K)->32045K(32192K) Class: 4168K(4352K)->4168K(4352K)
[134.125s][info][gc             ] GC(1184) Pause Full (System.gc()) 219M->111M(993M) 30.749ms
[134.125s][info][gc,cpu         ] GC(1184) User=0.00s Sys=0.02s Real=0.03s
[134.174s][info][gc,start       ] GC(1185) Pause Young (Allocation Failure)
[134.174s][info][gc,heap        ] GC(1185) PSYoungGen: 286208K(317952K)->192K(317440K) Eden: 286208K(286208K)->0K(286208K) From: 0K(31744K)->192K(31232K)
[134.174s][info][gc,heap        ] GC(1185) ParOldGen: 113923K(699392K)->113923K(699392K)
[134.174s][info][gc,metaspace   ] GC(1185) Metaspace: 36224K(36544K)->36224K(36544K) NonClass: 32055K(32192K)->32055K(32192K) Class: 4168K(4352K)->4168K(4352K)
[134.174s][info][gc             ] GC(1185) Pause Young (Allocation Failure) 390M->111M(993M) 0.450ms
[134.174s][info][gc,cpu         ] GC(1185) User=0.00s Sys=0.00s Real=0.00s
[134.217s][info][gc,start       ] GC(1186) Pause Young (Allocation Failure)
[134.217s][info][gc,heap        ] GC(1186) PSYoungGen: 286400K(317440K)->192K(317440K) Eden: 286208K(286208K)->0K(285696K) From: 192K(31232K)->192K(31744K)
[134.217s][info][gc,heap        ] GC(1186) ParOldGen: 113923K(699392K)->113971K(699392K)
[134.217s][info][gc,metaspace   ] GC(1186) Metaspace: 36224K(36544K)->36224K(36544K) NonClass: 32055K(32192K)->32055K(32192K) Class: 4168K(4352K)->4168K(4352K)
[134.217s][info][gc             ] GC(1186) Pause Young (Allocation Failure) 390M->111M(993M) 0.391ms
[134.217s][info][gc,cpu         ] GC(1186) User=0.00s Sys=0.00s Real=0.00s
[134.260s][info][gc,start       ] GC(1187) Pause Young (Allocation Failure)
[134.261s][info][gc,heap        ] GC(1187) PSYoungGen: 285888K(317440K)->192K(317440K) Eden: 285696K(285696K)->0K(285696K) From: 192K(31744K)->192K(31744K)
[134.261s][info][gc,heap        ] GC(1187) ParOldGen: 113971K(699392K)->113971K(699392K)
[134.261s][info][gc,metaspace   ] GC(1187) Metaspace: 36224K(36544K)->36224K(36544K) NonClass: 32055K(32192K)->32055K(32192K) Class: 4168K(4352K)->4168K(4352K)
[134.261s][info][gc             ] GC(1187) Pause Young (Allocation Failure) 390M->111M(993M) 0.382ms
[134.261s][info][gc,cpu         ] GC(1187) User=0.00s Sys=0.00s Real=0.00s
[134.304s][info][gc,start       ] GC(1188) Pause Young (Allocation Failure)
[134.304s][info][gc,heap        ] GC(1188) PSYoungGen: 285888K(317440K)->160K(318464K) Eden: 285696K(285696K)->0K(287232K) From: 192K(31744K)->160K(31232K)
[134.304s][info][gc,heap        ] GC(1188) ParOldGen: 113971K(699392K)->113971K(699392K)
[134.304s][info][gc,metaspace   ] GC(1188) Metaspace: 36224K(36544K)->36224K(36544K) NonClass: 32055K(32192K)->32055K(32192K) Class: 4168K(4352K)->4168K(4352K)
[134.304s][info][gc             ] GC(1188) Pause Young (Allocation Failure) 390M->111M(994M) 0.380ms
[134.304s][info][gc,cpu         ] GC(1188) User=0.00s Sys=0.00s Real=0.00s
[134.347s][info][gc,start       ] GC(1189) Pause Young (Allocation Failure)
[134.347s][info][gc,heap        ] GC(1189) PSYoungGen: 287392K(318464K)->160K(317952K) Eden: 287232K(287232K)->0K(287232K) From: 160K(31232K)->160K(30720K)
[134.347s][info][gc,heap        ] GC(1189) ParOldGen: 113971K(699392K)->113971K(699392K)
[134.347s][info][gc,metaspace   ] GC(1189) Metaspace: 36224K(36544K)->36224K(36544K) NonClass: 32055K(32192K)->32055K(32192K) Class: 4168K(4352K)->4168K(4352K)
[134.347s][info][gc             ] GC(1189) Pause Young (Allocation Failure) 391M->111M(993M) 0.387ms
[134.347s][info][gc,cpu         ] GC(1189) User=0.00s Sys=0.00s Real=0.00s
[134.390s][info][gc,start       ] GC(1190) Pause Young (Allocation Failure)
[134.390s][info][gc,heap        ] GC(1190) PSYoungGen: 287392K(317952K)->160K(320000K) Eden: 287232K(287232K)->0K(289792K) From: 160K(30720K)->160K(30208K)
[134.390s][info][gc,heap        ] GC(1190) ParOldGen: 113971K(699392K)->113971K(699392K)
[134.390s][info][gc,metaspace   ] GC(1190) Metaspace: 36224K(36544K)->36224K(36544K) NonClass: 32055K(32192K)->32055K(32192K) Class: 4168K(4352K)->4168K(4352K)
[134.390s][info][gc             ] GC(1190) Pause Young (Allocation Failure) 391M->111M(995M) 0.377ms
[134.390s][info][gc,cpu         ] GC(1190) User=0.00s Sys=0.00s Real=0.00s
[134.433s][info][gc,start       ] GC(1191) Pause Young (Allocation Failure)
[134.434s][info][gc,heap        ] GC(1191) PSYoungGen: 289952K(320000K)->160K(318976K) Eden: 289792K(289792K)->0K(289792K) From: 160K(30208K)->160K(29184K)
[134.434s][info][gc,heap        ] GC(1191) ParOldGen: 113971K(699392K)->113971K(699392K)
[134.434s][info][gc,metaspace   ] GC(1191) Metaspace: 36224K(36544K)->36224K(36544K) NonClass: 32055K(32192K)->32055K(32192K) Class: 4168K(4352K)->4168K(4352K)
[134.434s][info][gc             ] GC(1191) Pause Young (Allocation Failure) 394M->111M(994M) 0.383ms
[134.434s][info][gc,cpu         ] GC(1191) User=0.00s Sys=0.00s Real=0.00s
[134.477s][info][gc,start       ] GC(1192) Pause Young (Allocation Failure)
[134.477s][info][gc,heap        ] GC(1192) PSYoungGen: 289952K(318976K)->160K(322048K) Eden: 289792K(289792K)->0K(293888K) From: 160K(29184K)->160K(28160K)
[134.477s][info][gc,heap        ] GC(1192) ParOldGen: 113971K(699392K)->113971K(699392K)
[134.477s][info][gc,metaspace   ] GC(1192) Metaspace: 36224K(36544K)->36224K(36544K) NonClass: 32055K(32192K)->32055K(32192K) Class: 4168K(4352K)->4168K(4352K)
[134.477s][info][gc             ] GC(1192) Pause Young (Allocation Failure) 394M->111M(997M) 0.379ms
[134.477s][info][gc,cpu         ] GC(1192) User=0.00s Sys=0.00s Real=0.00s
[134.521s][info][gc,start       ] GC(1193) Pause Young (Allocation Failure)
[134.521s][info][gc,heap        ] GC(1193) PSYoungGen: 294048K(322048K)->192K(321024K) Eden: 293888K(293888K)->0K(293888K) From: 160K(28160K)->192K(27136K)
[134.521s][info][gc,heap        ] GC(1193) ParOldGen: 113971K(699392K)->113971K(699392K)
[134.521s][info][gc,metaspace   ] GC(1193) Metaspace: 36224K(36544K)->36224K(36544K) NonClass: 32055K(32192K)->32055K(32192K) Class: 4168K(4352K)->4168K(4352K)
[134.521s][info][gc             ] GC(1193) Pause Young (Allocation Failure) 398M->111M(996M) 0.357ms
[134.521s][info][gc,cpu         ] GC(1193) User=0.00s Sys=0.00s Real=0.00s
[134.566s][info][gc,start       ] GC(1194) Pause Young (Allocation Failure)
[134.567s][info][gc,heap        ] GC(1194) PSYoungGen: 294080K(321024K)->192K(324608K) Eden: 293888K(293888K)->0K(299008K) From: 192K(27136K)->192K(25600K)
[134.567s][info][gc,heap        ] GC(1194) ParOldGen: 113971K(699392K)->113971K(699392K)
[134.567s][info][gc,metaspace   ] GC(1194) Metaspace: 36224K(36544K)->36224K(36544K) NonClass: 32055K(32192K)->32055K(32192K) Class: 4168K(4352K)->4168K(4352K)
[134.567s][info][gc             ] GC(1194) Pause Young (Allocation Failure) 398M->111M(1000M) 0.429ms
[134.567s][info][gc,cpu         ] GC(1194) User=0.00s Sys=0.00s Real=0.00s
[134.611s][info][gc,start       ] GC(1195) Pause Young (Allocation Failure)
[134.612s][info][gc,heap        ] GC(1195) PSYoungGen: 299200K(324608K)->192K(323584K) Eden: 299008K(299008K)->0K(299008K) From: 192K(25600K)->192K(24576K)
[134.612s][info][gc,heap        ] GC(1195) ParOldGen: 113971K(699392K)->113971K(699392K)
[134.612s][info][gc,metaspace   ] GC(1195) Metaspace: 36224K(36544K)->36224K(36544K) NonClass: 32055K(32192K)->32055K(32192K) Class: 4168K(4352K)->4168K(4352K)
[134.612s][info][gc             ] GC(1195) Pause Young (Allocation Failure) 403M->111M(999M) 0.370ms
[134.612s][info][gc,cpu         ] GC(1195) User=0.00s Sys=0.00s Real=0.00s
[134.656s][info][gc,start       ] GC(1196) Pause Young (Allocation Failure)
[134.657s][info][gc,heap        ] GC(1196) PSYoungGen: 299200K(323584K)->160K(327168K) Eden: 299008K(299008K)->0K(303616K) From: 192K(24576K)->160K(23552K)
[134.657s][info][gc,heap        ] GC(1196) ParOldGen: 113971K(699392K)->113971K(699392K)
[134.657s][info][gc,metaspace   ] GC(1196) Metaspace: 36224K(36544K)->36224K(36544K) NonClass: 32055K(32192K)->32055K(32192K) Class: 4168K(4352K)->4168K(4352K)
[134.657s][info][gc             ] GC(1196) Pause Young (Allocation Failure) 403M->111M(1002M) 0.369ms
[134.657s][info][gc,cpu         ] GC(1196) User=0.00s Sys=0.00s Real=0.00s
[134.703s][info][gc,start       ] GC(1197) Pause Young (Allocation Failure)
[134.703s][info][gc,heap        ] GC(1197) PSYoungGen: 303776K(327168K)->192K(325632K) Eden: 303616K(303616K)->0K(303616K) From: 160K(23552K)->192K(22016K)
[134.703s][info][gc,heap        ] GC(1197) ParOldGen: 113971K(699392K)->113971K(699392K)
[134.703s][info][gc,metaspace   ] GC(1197) Metaspace: 36224K(36544K)->36224K(36544K) NonClass: 32055K(32192K)->32055K(32192K) Class: 4168K(4352K)->4168K(4352K)
[134.703s][info][gc             ] GC(1197) Pause Young (Allocation Failure) 407M->111M(1001M) 0.350ms
[134.703s][info][gc,cpu         ] GC(1197) User=0.00s Sys=0.00s Real=0.00s
[134.752s][info][gc,start       ] GC(1198) Pause Young (Allocation Failure)
[134.753s][info][gc,heap        ] GC(1198) PSYoungGen: 303808K(325632K)->192K(329216K) Eden: 303616K(303616K)->0K(308224K) From: 192K(22016K)->192K(20992K)
[134.753s][info][gc,heap        ] GC(1198) ParOldGen: 113971K(699392K)->113971K(699392K)
[134.753s][info][gc,metaspace   ] GC(1198) Metaspace: 36224K(36544K)->36224K(36544K) NonClass: 32055K(32192K)->32055K(32192K) Class: 4168K(4352K)->4168K(4352K)
[134.753s][info][gc             ] GC(1198) Pause Young (Allocation Failure) 407M->111M(1004M) 0.863ms
[134.753s][info][gc,cpu         ] GC(1198) User=0.00s Sys=0.00s Real=0.00s
[134.801s][info][gc,start       ] GC(1199) Pause Young (Allocation Failure)
[134.801s][info][gc,heap        ] GC(1199) PSYoungGen: 308416K(329216K)->160K(328192K) Eden: 308224K(308224K)->0K(308224K) From: 192K(20992K)->160K(19968K)
[134.801s][info][gc,heap        ] GC(1199) ParOldGen: 113971K(699392K)->113971K(699392K)
[134.801s][info][gc,metaspace   ] GC(1199) Metaspace: 36224K(36544K)->36224K(36544K) NonClass: 32055K(32192K)->32055K(32192K) Class: 4168K(4352K)->4168K(4352K)
[134.801s][info][gc             ] GC(1199) Pause Young (Allocation Failure) 412M->111M(1003M) 0.348ms
[134.801s][info][gc,cpu         ] GC(1199) User=0.00s Sys=0.00s Real=0.00s
[134.862s][info][gc,start       ] GC(1200) Pause Young (Allocation Failure)
[134.862s][info][gc,heap        ] GC(1200) PSYoungGen: 308384K(328192K)->192K(331776K) Eden: 308224K(308224K)->0K(313344K) From: 160K(19968K)->192K(18432K)
[134.862s][info][gc,heap        ] GC(1200) ParOldGen: 113971K(699392K)->113971K(699392K)
[134.862s][info][gc,metaspace   ] GC(1200) Metaspace: 36224K(36544K)->36224K(36544K) NonClass: 32055K(32192K)->32055K(32192K) Class: 4168K(4352K)->4168K(4352K)
[134.862s][info][gc             ] GC(1200) Pause Young (Allocation Failure) 412M->111M(1007M) 0.425ms
[134.862s][info][gc,cpu         ] GC(1200) User=0.00s Sys=0.00s Real=0.00s
[134.923s][info][gc,start       ] GC(1201) Pause Young (Allocation Failure)
[134.923s][info][gc,heap        ] GC(1201) PSYoungGen: 313536K(331776K)->160K(330752K) Eden: 313344K(313344K)->0K(313344K) From: 192K(18432K)->160K(17408K)
[134.923s][info][gc,heap        ] GC(1201) ParOldGen: 113971K(699392K)->114019K(699392K)
[134.923s][info][gc,metaspace   ] GC(1201) Metaspace: 36224K(36544K)->36224K(36544K) NonClass: 32055K(32192K)->32055K(32192K) Class: 4168K(4352K)->4168K(4352K)
[134.923s][info][gc             ] GC(1201) Pause Young (Allocation Failure) 417M->111M(1006M) 0.399ms
[134.923s][info][gc,cpu         ] GC(1201) User=0.00s Sys=0.00s Real=0.00s
[134.982s][info][gc,start       ] GC(1202) Pause Young (Allocation Failure)
[134.982s][info][gc,heap        ] GC(1202) PSYoungGen: 313504K(330752K)->192K(333824K) Eden: 313344K(313344K)->0K(317440K) From: 160K(17408K)->192K(16384K)
[134.982s][info][gc,heap        ] GC(1202) ParOldGen: 114019K(699392K)->114019K(699392K)
[134.982s][info][gc,metaspace   ] GC(1202) Metaspace: 36224K(36544K)->36224K(36544K) NonClass: 32055K(32192K)->32055K(32192K) Class: 4168K(4352K)->4168K(4352K)
[134.982s][info][gc             ] GC(1202) Pause Young (Allocation Failure) 417M->111M(1009M) 0.410ms
[134.982s][info][gc,cpu         ] GC(1202) User=0.00s Sys=0.00s Real=0.00s
[135.043s][info][gc,start       ] GC(1203) Pause Young (Allocation Failure)
[135.043s][info][gc,heap        ] GC(1203) PSYoungGen: 317632K(333824K)->160K(332800K) Eden: 317440K(317440K)->0K(317440K) From: 192K(16384K)->160K(15360K)
[135.043s][info][gc,heap        ] GC(1203) ParOldGen: 114019K(699392K)->114019K(699392K)
[135.043s][info][gc,metaspace   ] GC(1203) Metaspace: 36224K(36544K)->36224K(36544K) NonClass: 32055K(32192K)->32055K(32192K) Class: 4168K(4352K)->4168K(4352K)
[135.043s][info][gc             ] GC(1203) Pause Young (Allocation Failure) 421M->111M(1008M) 0.429ms
[135.043s][info][gc,cpu         ] GC(1203) User=0.00s Sys=0.00s Real=0.00s
[135.106s][info][gc,start       ] GC(1204) Pause Young (Allocation Failure)
[135.106s][info][gc,heap        ] GC(1204) PSYoungGen: 317600K(332800K)->192K(335872K) Eden: 317440K(317440K)->0K(321536K) From: 160K(15360K)->192K(14336K)
[135.106s][info][gc,heap        ] GC(1204) ParOldGen: 114019K(699392K)->114019K(699392K)
[135.106s][info][gc,metaspace   ] GC(1204) Metaspace: 36224K(36544K)->36224K(36544K) NonClass: 32055K(32192K)->32055K(32192K) Class: 4168K(4352K)->4168K(4352K)
[135.106s][info][gc             ] GC(1204) Pause Young (Allocation Failure) 421M->111M(1011M) 0.429ms
[135.106s][info][gc,cpu         ] GC(1204) User=0.00s Sys=0.00s Real=0.00s
[135.167s][info][gc,start       ] GC(1205) Pause Young (Allocation Failure)
[135.167s][info][gc,heap        ] GC(1205) PSYoungGen: 321728K(335872K)->160K(334848K) Eden: 321536K(321536K)->0K(321536K) From: 192K(14336K)->160K(13312K)
[135.167s][info][gc,heap        ] GC(1205) ParOldGen: 114019K(699392K)->114019K(699392K)
[135.167s][info][gc,metaspace   ] GC(1205) Metaspace: 36224K(36544K)->36224K(36544K) NonClass: 32055K(32192K)->32055K(32192K) Class: 4168K(4352K)->4168K(4352K)
[135.167s][info][gc             ] GC(1205) Pause Young (Allocation Failure) 425M->111M(1010M) 0.433ms
[135.167s][info][gc,cpu         ] GC(1205) User=0.00s Sys=0.00s Real=0.00s
[135.228s][info][gc,start       ] GC(1206) Pause Young (Allocation Failure)
[135.228s][info][gc,heap        ] GC(1206) PSYoungGen: 321696K(334848K)->160K(337408K) Eden: 321536K(321536K)->0K(324608K) From: 160K(13312K)->160K(12800K)
[135.228s][info][gc,heap        ] GC(1206) ParOldGen: 114019K(699392K)->114019K(699392K)
[135.228s][info][gc,metaspace   ] GC(1206) Metaspace: 36224K(36544K)->36224K(36544K) NonClass: 32055K(32192K)->32055K(32192K) Class: 4168K(4352K)->4168K(4352K)
[135.228s][info][gc             ] GC(1206) Pause Young (Allocation Failure) 425M->111M(1012M) 0.427ms
[135.228s][info][gc,cpu         ] GC(1206) User=0.00s Sys=0.00s Real=0.00s
[135.290s][info][gc,start       ] GC(1207) Pause Young (Allocation Failure)
[135.290s][info][gc,heap        ] GC(1207) PSYoungGen: 324768K(337408K)->192K(336384K) Eden: 324608K(324608K)->0K(324608K) From: 160K(12800K)->192K(11776K)
[135.290s][info][gc,heap        ] GC(1207) ParOldGen: 114019K(699392K)->114019K(699392K)
[135.290s][info][gc,metaspace   ] GC(1207) Metaspace: 36224K(36544K)->36224K(36544K) NonClass: 32055K(32192K)->32055K(32192K) Class: 4168K(4352K)->4168K(4352K)
[135.290s][info][gc             ] GC(1207) Pause Young (Allocation Failure) 428M->111M(1011M) 0.445ms
[135.290s][info][gc,cpu         ] GC(1207) User=0.00s Sys=0.00s Real=0.00s
[135.351s][info][gc,start       ] GC(1208) Pause Young (Allocation Failure)
[135.352s][info][gc,heap        ] GC(1208) PSYoungGen: 324800K(336384K)->128K(338944K) Eden: 324608K(324608K)->0K(328192K) From: 192K(11776K)->128K(10752K)
[135.352s][info][gc,heap        ] GC(1208) ParOldGen: 114019K(699392K)->114019K(699392K)
[135.352s][info][gc,metaspace   ] GC(1208) Metaspace: 36224K(36544K)->36224K(36544K) NonClass: 32055K(32192K)->32055K(32192K) Class: 4168K(4352K)->4168K(4352K)
[135.352s][info][gc             ] GC(1208) Pause Young (Allocation Failure) 428M->111M(1014M) 0.747ms
[135.352s][info][gc,cpu         ] GC(1208) User=0.00s Sys=0.00s Real=0.00s
[135.414s][info][gc,start       ] GC(1209) Pause Young (Allocation Failure)
[135.414s][info][gc,heap        ] GC(1209) PSYoungGen: 328320K(338944K)->160K(338432K) Eden: 328192K(328192K)->0K(328192K) From: 128K(10752K)->160K(10240K)
[135.414s][info][gc,heap        ] GC(1209) ParOldGen: 114019K(699392K)->114019K(699392K)
[135.414s][info][gc,metaspace   ] GC(1209) Metaspace: 36224K(36544K)->36224K(36544K) NonClass: 32055K(32192K)->32055K(32192K) Class: 4168K(4352K)->4168K(4352K)
[135.414s][info][gc             ] GC(1209) Pause Young (Allocation Failure) 431M->111M(1013M) 0.403ms
[135.414s][info][gc,cpu         ] GC(1209) User=0.00s Sys=0.00s Real=0.00s
[135.478s][info][gc,start       ] GC(1210) Pause Young (Allocation Failure)
[135.479s][info][gc,heap        ] GC(1210) PSYoungGen: 328352K(338432K)->192K(340480K) Eden: 328192K(328192K)->0K(330752K) From: 160K(10240K)->192K(9728K)
[135.479s][info][gc,heap        ] GC(1210) ParOldGen: 114019K(699392K)->114019K(699392K)
[135.479s][info][gc,metaspace   ] GC(1210) Metaspace: 36224K(36544K)->36224K(36544K) NonClass: 32055K(32192K)->32055K(32192K) Class: 4168K(4352K)->4168K(4352K)
[135.479s][info][gc             ] GC(1210) Pause Young (Allocation Failure) 432M->111M(1015M) 0.411ms
[135.479s][info][gc,cpu         ] GC(1210) User=0.00s Sys=0.00s Real=0.00s
[135.540s][info][gc,start       ] GC(1211) Pause Young (Allocation Failure)
[135.541s][info][gc,heap        ] GC(1211) PSYoungGen: 330944K(340480K)->192K(339456K) Eden: 330752K(330752K)->0K(330752K) From: 192K(9728K)->192K(8704K)
[135.541s][info][gc,heap        ] GC(1211) ParOldGen: 114019K(699392K)->114019K(699392K)
[135.541s][info][gc,metaspace   ] GC(1211) Metaspace: 36224K(36544K)->36224K(36544K) NonClass: 32055K(32192K)->32055K(32192K) Class: 4168K(4352K)->4168K(4352K)
[135.541s][info][gc             ] GC(1211) Pause Young (Allocation Failure) 434M->111M(1014M) 0.450ms
[135.541s][info][gc,cpu         ] GC(1211) User=0.00s Sys=0.00s Real=0.00s
[135.603s][info][gc,start       ] GC(1212) Pause Young (Allocation Failure)
[135.603s][info][gc,heap        ] GC(1212) PSYoungGen: 330944K(339456K)->160K(341504K) Eden: 330752K(330752K)->0K(333312K) From: 192K(8704K)->160K(8192K)
[135.603s][info][gc,heap        ] GC(1212) ParOldGen: 114019K(699392K)->114019K(699392K)
[135.603s][info][gc,metaspace   ] GC(1212) Metaspace: 36224K(36544K)->36224K(36544K) NonClass: 32055K(32192K)->32055K(32192K) Class: 4168K(4352K)->4168K(4352K)
[135.603s][info][gc             ] GC(1212) Pause Young (Allocation Failure) 434M->111M(1016M) 0.453ms
[135.603s][info][gc,cpu         ] GC(1212) User=0.00s Sys=0.00s Real=0.00s
[135.667s][info][gc,start       ] GC(1213) Pause Young (Allocation Failure)
[135.668s][info][gc,heap        ] GC(1213) PSYoungGen: 333472K(341504K)->192K(340992K) Eden: 333312K(333312K)->0K(333312K) From: 160K(8192K)->192K(7680K)
[135.668s][info][gc,heap        ] GC(1213) ParOldGen: 114019K(699392K)->114019K(699392K)
[135.668s][info][gc,metaspace   ] GC(1213) Metaspace: 36224K(36544K)->36224K(36544K) NonClass: 32055K(32192K)->32055K(32192K) Class: 4168K(4352K)->4168K(4352K)
[135.668s][info][gc             ] GC(1213) Pause Young (Allocation Failure) 437M->111M(1016M) 0.550ms
[135.668s][info][gc,cpu         ] GC(1213) User=0.00s Sys=0.00s Real=0.00s
[135.731s][info][gc,start       ] GC(1214) Pause Young (Allocation Failure)
[135.732s][info][gc,heap        ] GC(1214) PSYoungGen: 333504K(340992K)->160K(342528K) Eden: 333312K(333312K)->0K(335360K) From: 192K(7680K)->160K(7168K)
[135.732s][info][gc,heap        ] GC(1214) ParOldGen: 114019K(699392K)->114019K(699392K)
[135.732s][info][gc,metaspace   ] GC(1214) Metaspace: 36224K(36544K)->36224K(36544K) NonClass: 32055K(32192K)->32055K(32192K) Class: 4168K(4352K)->4168K(4352K)
[135.732s][info][gc             ] GC(1214) Pause Young (Allocation Failure) 437M->111M(1017M) 0.531ms
[135.732s][info][gc,cpu         ] GC(1214) User=0.00s Sys=0.00s Real=0.00s
[135.795s][info][gc,start       ] GC(1215) Pause Young (Allocation Failure)
[135.795s][info][gc,heap        ] GC(1215) PSYoungGen: 335520K(342528K)->160K(342016K) Eden: 335360K(335360K)->0K(335360K) From: 160K(7168K)->160K(6656K)
[135.795s][info][gc,heap        ] GC(1215) ParOldGen: 114019K(699392K)->114019K(699392K)
[135.795s][info][gc,metaspace   ] GC(1215) Metaspace: 36224K(36544K)->36224K(36544K) NonClass: 32055K(32192K)->32055K(32192K) Class: 4168K(4352K)->4168K(4352K)
[135.795s][info][gc             ] GC(1215) Pause Young (Allocation Failure) 439M->111M(1017M) 0.410ms
[135.795s][info][gc,cpu         ] GC(1215) User=0.00s Sys=0.00s Real=0.00s
[135.860s][info][gc,start       ] GC(1216) Pause Young (Allocation Failure)
[135.860s][info][gc,heap        ] GC(1216) PSYoungGen: 335520K(342016K)->160K(343552K) Eden: 335360K(335360K)->0K(337408K) From: 160K(6656K)->160K(6144K)
[135.860s][info][gc,heap        ] GC(1216) ParOldGen: 114019K(699392K)->114019K(699392K)
[135.860s][info][gc,metaspace   ] GC(1216) Metaspace: 36224K(36544K)->36224K(36544K) NonClass: 32055K(32192K)->32055K(32192K) Class: 4168K(4352K)->4168K(4352K)
[135.860s][info][gc             ] GC(1216) Pause Young (Allocation Failure) 439M->111M(1018M) 0.605ms
[135.860s][info][gc,cpu         ] GC(1216) User=0.00s Sys=0.00s Real=0.01s
[135.925s][info][gc,start       ] GC(1217) Pause Young (Allocation Failure)
[135.925s][info][gc,heap        ] GC(1217) PSYoungGen: 337568K(343552K)->192K(343040K) Eden: 337408K(337408K)->0K(337408K) From: 160K(6144K)->192K(5632K)
[135.925s][info][gc,heap        ] GC(1217) ParOldGen: 114019K(699392K)->114019K(699392K)
[135.925s][info][gc,metaspace   ] GC(1217) Metaspace: 36224K(36544K)->36224K(36544K) NonClass: 32055K(32192K)->32055K(32192K) Class: 4168K(4352K)->4168K(4352K)
[135.925s][info][gc             ] GC(1217) Pause Young (Allocation Failure) 441M->111M(1018M) 0.407ms
[135.925s][info][gc,cpu         ] GC(1217) User=0.00s Sys=0.00s Real=0.00s
[135.988s][info][gc,start       ] GC(1218) Pause Young (Allocation Failure)
[135.988s][info][gc,heap        ] GC(1218) PSYoungGen: 337600K(343040K)->192K(344064K) Eden: 337408K(337408K)->0K(338944K) From: 192K(5632K)->192K(5120K)
[135.988s][info][gc,heap        ] GC(1218) ParOldGen: 114019K(699392K)->114019K(699392K)
[135.988s][info][gc,metaspace   ] GC(1218) Metaspace: 36224K(36544K)->36224K(36544K) NonClass: 32055K(32192K)->32055K(32192K) Class: 4168K(4352K)->4168K(4352K)
[135.988s][info][gc             ] GC(1218) Pause Young (Allocation Failure) 441M->111M(1019M) 0.438ms
[135.988s][info][gc,cpu         ] GC(1218) User=0.00s Sys=0.00s Real=0.00s
[136.052s][info][gc,start       ] GC(1219) Pause Young (Allocation Failure)
[136.053s][info][gc,heap        ] GC(1219) PSYoungGen: 339136K(344064K)->192K(344064K) Eden: 338944K(338944K)->0K(338944K) From: 192K(5120K)->192K(5120K)
[136.053s][info][gc,heap        ] GC(1219) ParOldGen: 114019K(699392K)->114019K(699392K)
[136.053s][info][gc,metaspace   ] GC(1219) Metaspace: 36224K(36544K)->36224K(36544K) NonClass: 32055K(32192K)->32055K(32192K) Class: 4168K(4352K)->4168K(4352K)
[136.053s][info][gc             ] GC(1219) Pause Young (Allocation Failure) 442M->111M(1019M) 0.451ms
[136.053s][info][gc,cpu         ] GC(1219) User=0.00s Sys=0.00s Real=0.00s
[136.117s][info][gc,start       ] GC(1220) Pause Young (Allocation Failure)
[136.118s][info][gc,heap        ] GC(1220) PSYoungGen: 339136K(344064K)->160K(345088K) Eden: 338944K(338944K)->0K(340480K) From: 192K(5120K)->160K(4608K)
[136.118s][info][gc,heap        ] GC(1220) ParOldGen: 114019K(699392K)->114019K(699392K)
[136.118s][info][gc,metaspace   ] GC(1220) Metaspace: 36224K(36544K)->36224K(36544K) NonClass: 32055K(32192K)->32055K(32192K) Class: 4168K(4352K)->4168K(4352K)
[136.118s][info][gc             ] GC(1220) Pause Young (Allocation Failure) 442M->111M(1020M) 0.507ms
[136.118s][info][gc,cpu         ] GC(1220) User=0.00s Sys=0.00s Real=0.00s
[136.182s][info][gc,start       ] GC(1221) Pause Young (Allocation Failure)
[136.182s][info][gc,heap        ] GC(1221) PSYoungGen: 340640K(345088K)->192K(344576K) Eden: 340480K(340480K)->0K(340480K) From: 160K(4608K)->192K(4096K)
[136.182s][info][gc,heap        ] GC(1221) ParOldGen: 114019K(699392K)->114019K(699392K)
[136.182s][info][gc,metaspace   ] GC(1221) Metaspace: 36224K(36544K)->36224K(36544K) NonClass: 32055K(32192K)->32055K(32192K) Class: 4168K(4352K)->4168K(4352K)
[136.182s][info][gc             ] GC(1221) Pause Young (Allocation Failure) 444M->111M(1019M) 0.414ms
[136.182s][info][gc,cpu         ] GC(1221) User=0.00s Sys=0.00s Real=0.00s
[136.248s][info][gc,start       ] GC(1222) Pause Young (Allocation Failure)
[136.249s][info][gc,heap        ] GC(1222) PSYoungGen: 340672K(344576K)->160K(345600K) Eden: 340480K(340480K)->0K(341504K) From: 192K(4096K)->160K(4096K)
[136.249s][info][gc,heap        ] GC(1222) ParOldGen: 114019K(699392K)->114019K(699392K)
[136.249s][info][gc,metaspace   ] GC(1222) Metaspace: 36224K(36544K)->36224K(36544K) NonClass: 32055K(32192K)->32055K(32192K) Class: 4168K(4352K)->4168K(4352K)
[136.249s][info][gc             ] GC(1222) Pause Young (Allocation Failure) 444M->111M(1020M) 0.412ms
[136.249s][info][gc,cpu         ] GC(1222) User=0.00s Sys=0.00s Real=0.00s
[136.313s][info][gc,start       ] GC(1223) Pause Young (Allocation Failure)
[136.314s][info][gc,heap        ] GC(1223) PSYoungGen: 341664K(345600K)->160K(345088K) Eden: 341504K(341504K)->0K(341504K) From: 160K(4096K)->160K(3584K)
[136.314s][info][gc,heap        ] GC(1223) ParOldGen: 114019K(699392K)->114019K(699392K)
[136.314s][info][gc,metaspace   ] GC(1223) Metaspace: 36224K(36544K)->36224K(36544K) NonClass: 32055K(32192K)->32055K(32192K) Class: 4168K(4352K)->4168K(4352K)
[136.314s][info][gc             ] GC(1223) Pause Young (Allocation Failure) 445M->111M(1020M) 0.424ms
[136.314s][info][gc,cpu         ] GC(1223) User=0.00s Sys=0.00s Real=0.00s
[136.378s][info][gc,start       ] GC(1224) Pause Young (Allocation Failure)
[136.378s][info][gc,heap        ] GC(1224) PSYoungGen: 341664K(345088K)->192K(346112K) Eden: 341504K(341504K)->0K(342528K) From: 160K(3584K)->192K(3584K)
[136.378s][info][gc,heap        ] GC(1224) ParOldGen: 114019K(699392K)->114019K(699392K)
[136.378s][info][gc,metaspace   ] GC(1224) Metaspace: 36224K(36544K)->36224K(36544K) NonClass: 32055K(32192K)->32055K(32192K) Class: 4168K(4352K)->4168K(4352K)
[136.378s][info][gc             ] GC(1224) Pause Young (Allocation Failure) 445M->111M(1021M) 0.391ms
[136.378s][info][gc,cpu         ] GC(1224) User=0.00s Sys=0.00s Real=0.00s
[136.442s][info][gc,start       ] GC(1225) Pause Young (Allocation Failure)
[136.443s][info][gc,heap        ] GC(1225) PSYoungGen: 342720K(346112K)->192K(345600K) Eden: 342528K(342528K)->0K(342528K) From: 192K(3584K)->192K(3072K)
[136.443s][info][gc,heap        ] GC(1225) ParOldGen: 114019K(699392K)->114019K(699392K)
[136.443s][info][gc,metaspace   ] GC(1225) Metaspace: 36224K(36544K)->36224K(36544K) NonClass: 32055K(32192K)->32055K(32192K) Class: 4168K(4352K)->4168K(4352K)
[136.443s][info][gc             ] GC(1225) Pause Young (Allocation Failure) 446M->111M(1020M) 0.458ms
[136.443s][info][gc,cpu         ] GC(1225) User=0.00s Sys=0.00s Real=0.00s
[136.507s][info][gc,start       ] GC(1226) Pause Young (Allocation Failure)
[136.508s][info][gc,heap        ] GC(1226) PSYoungGen: 342720K(345600K)->192K(346624K) Eden: 342528K(342528K)->0K(343552K) From: 192K(3072K)->192K(3072K)
[136.508s][info][gc,heap        ] GC(1226) ParOldGen: 114019K(699392K)->114019K(699392K)
[136.508s][info][gc,metaspace   ] GC(1226) Metaspace: 36224K(36544K)->36224K(36544K) NonClass: 32055K(32192K)->32055K(32192K) Class: 4168K(4352K)->4168K(4352K)
[136.508s][info][gc             ] GC(1226) Pause Young (Allocation Failure) 446M->111M(1021M) 0.470ms
[136.508s][info][gc,cpu         ] GC(1226) User=0.00s Sys=0.00s Real=0.00s
[136.605s][info][gc,start       ] GC(1227) Pause Young (Allocation Failure)
[136.605s][info][gc,heap        ] GC(1227) PSYoungGen: 343744K(346624K)->192K(346112K) Eden: 343552K(343552K)->0K(343552K) From: 192K(3072K)->192K(2560K)
[136.605s][info][gc,heap        ] GC(1227) ParOldGen: 114019K(699392K)->114019K(699392K)
[136.605s][info][gc,metaspace   ] GC(1227) Metaspace: 36226K(36544K)->36226K(36544K) NonClass: 32057K(32192K)->32057K(32192K) Class: 4168K(4352K)->4168K(4352K)
[136.605s][info][gc             ] GC(1227) Pause Young (Allocation Failure) 447M->111M(1021M) 0.417ms
[136.605s][info][gc,cpu         ] GC(1227) User=0.00s Sys=0.00s Real=0.00s
[137.018s][info][gc,start       ] GC(1228) Pause Young (Allocation Failure)
[137.034s][info][gc,heap        ] GC(1228) PSYoungGen: 343317K(346112K)->2549K(314880K) Eden: 343125K(343552K)->0K(312320K) From: 192K(2560K)->2549K(2560K)
[137.034s][info][gc,heap        ] GC(1228) ParOldGen: 114019K(699392K)->155707K(699392K)
[137.034s][info][gc,metaspace   ] GC(1228) Metaspace: 36227K(36544K)->36227K(36544K) NonClass: 32058K(32192K)->32058K(32192K) Class: 4168K(4352K)->4168K(4352K)
[137.034s][info][gc             ] GC(1228) Pause Young (Allocation Failure) 446M->154M(990M) 15.766ms
[137.034s][info][gc,cpu         ] GC(1228) User=0.09s Sys=0.00s Real=0.02s
[137.315s][info][gc,start       ] GC(1229) Pause Young (Allocation Failure)
[137.323s][info][gc,heap        ] GC(1229) PSYoungGen: 313516K(314880K)->15633K(328192K) Eden: 310967K(312320K)->0K(312320K) From: 2549K(2560K)->15633K(15872K)
[137.323s][info][gc,heap        ] GC(1229) ParOldGen: 155707K(699392K)->157697K(699392K)
[137.323s][info][gc,metaspace   ] GC(1229) Metaspace: 36227K(36544K)->36227K(36544K) NonClass: 32058K(32192K)->32058K(32192K) Class: 4168K(4352K)->4168K(4352K)
[137.323s][info][gc             ] GC(1229) Pause Young (Allocation Failure) 458M->169M(1003M) 7.999ms
[137.323s][info][gc,cpu         ] GC(1229) User=0.00s Sys=0.00s Real=0.01s
[137.601s][info][gc,start       ] GC(1230) Pause Young (Allocation Failure)
[137.608s][info][gc,heap        ] GC(1230) PSYoungGen: 326644K(328192K)->16403K(323072K) Eden: 311010K(312320K)->0K(302080K) From: 15633K(15872K)->16403K(20992K)
[137.608s][info][gc,heap        ] GC(1230) ParOldGen: 157697K(699392K)->160952K(699392K)
[137.608s][info][gc,metaspace   ] GC(1230) Metaspace: 36227K(36544K)->36227K(36544K) NonClass: 32058K(32192K)->32058K(32192K) Class: 4168K(4352K)->4168K(4352K)
[137.608s][info][gc             ] GC(1230) Pause Young (Allocation Failure) 472M->173M(998M) 6.884ms
[137.608s][info][gc,cpu         ] GC(1230) User=0.00s Sys=0.00s Real=0.01s
[137.858s][info][gc,start       ] GC(1231) Pause Young (Allocation Failure)
[137.865s][info][gc,heap        ] GC(1231) PSYoungGen: 311573K(323072K)->20569K(323072K) Eden: 295170K(302080K)->0K(302080K) From: 16403K(20992K)->20569K(20992K)
[137.865s][info][gc,heap        ] GC(1231) ParOldGen: 160952K(699392K)->161965K(699392K)
[137.865s][info][gc,metaspace   ] GC(1231) Metaspace: 36227K(36544K)->36227K(36544K) NonClass: 32058K(32192K)->32058K(32192K) Class: 4168K(4352K)->4168K(4352K)
[137.865s][info][gc             ] GC(1231) Pause Young (Allocation Failure) 461M->178M(998M) 6.928ms
[137.865s][info][gc,cpu         ] GC(1231) User=0.09s Sys=0.00s Real=0.01s
[138.135s][info][gc,start       ] GC(1232) Pause Young (Allocation Failure)
[138.142s][info][gc,heap        ] GC(1232) PSYoungGen: 322649K(323072K)->16018K(318976K) Eden: 302080K(302080K)->0K(292864K) From: 20569K(20992K)->16018K(26112K)
[138.142s][info][gc,heap        ] GC(1232) ParOldGen: 161965K(699392K)->163356K(699392K)
[138.142s][info][gc,metaspace   ] GC(1232) Metaspace: 36227K(36544K)->36227K(36544K) NonClass: 32058K(32192K)->32058K(32192K) Class: 4168K(4352K)->4168K(4352K)
[138.142s][info][gc             ] GC(1232) Pause Young (Allocation Failure) 473M->175M(994M) 7.298ms
[138.142s][info][gc,cpu         ] GC(1232) User=0.09s Sys=0.00s Real=0.01s
[138.384s][info][gc,start       ] GC(1233) Pause Young (Allocation Failure)
[138.389s][info][gc,heap        ] GC(1233) PSYoungGen: 308882K(318976K)->8782K(321024K) Eden: 292864K(292864K)->0K(292864K) From: 16018K(26112K)->8782K(28160K)
[138.389s][info][gc,heap        ] GC(1233) ParOldGen: 163356K(699392K)->168279K(699392K)
[138.389s][info][gc,metaspace   ] GC(1233) Metaspace: 36227K(36544K)->36227K(36544K) NonClass: 32058K(32192K)->32058K(32192K) Class: 4168K(4352K)->4168K(4352K)
[138.389s][info][gc             ] GC(1233) Pause Young (Allocation Failure) 461M->172M(996M) 5.974ms
[138.389s][info][gc,cpu         ] GC(1233) User=0.00s Sys=0.00s Real=0.01s
[138.634s][info][gc,start       ] GC(1234) Pause Young (Allocation Failure)
[138.643s][info][gc,heap        ] GC(1234) PSYoungGen: 297765K(321024K)->23054K(315904K) Eden: 288982K(292864K)->0K(289792K) From: 8782K(28160K)->23054K(26112K)
[138.643s][info][gc,heap        ] GC(1234) ParOldGen: 168279K(699392K)->169400K(699392K)
[138.643s][info][gc,metaspace   ] GC(1234) Metaspace: 36227K(36544K)->36227K(36544K) NonClass: 32058K(32192K)->32058K(32192K) Class: 4168K(4352K)->4168K(4352K)
[138.643s][info][gc             ] GC(1234) Pause Young (Allocation Failure) 455M->187M(991M) 8.188ms
[138.643s][info][gc,cpu         ] GC(1234) User=0.09s Sys=0.00s Real=0.01s
[138.893s][info][gc,start       ] GC(1235) Pause Young (Allocation Failure)
[138.902s][info][gc,heap        ] GC(1235) PSYoungGen: 310729K(315904K)->15834K(319488K) Eden: 287675K(289792K)->0K(289792K) From: 23054K(26112K)->15834K(29696K)
[138.902s][info][gc,heap        ] GC(1235) ParOldGen: 169400K(699392K)->171968K(699392K)
[138.902s][info][gc,metaspace   ] GC(1235) Metaspace: 36227K(36544K)->36227K(36544K) NonClass: 32058K(32192K)->32058K(32192K) Class: 4168K(4352K)->4168K(4352K)
[138.902s][info][gc             ] GC(1235) Pause Young (Allocation Failure) 468M->183M(995M) 9.041ms
[138.902s][info][gc,cpu         ] GC(1235) User=0.00s Sys=0.00s Real=0.01s
[139.163s][info][gc,start       ] GC(1236) Pause Young (Allocation Failure)
[139.170s][info][gc,heap        ] GC(1236) PSYoungGen: 305626K(319488K)->14277K(320000K) Eden: 289792K(289792K)->0K(290304K) From: 15834K(29696K)->14277K(29696K)
[139.170s][info][gc,heap        ] GC(1236) ParOldGen: 171968K(699392K)->174987K(699392K)
[139.170s][info][gc,metaspace   ] GC(1236) Metaspace: 36227K(36544K)->36227K(36544K) NonClass: 32058K(32192K)->32058K(32192K) Class: 4168K(4352K)->4168K(4352K)
[139.170s][info][gc             ] GC(1236) Pause Young (Allocation Failure) 466M->184M(995M) 6.788ms
[139.170s][info][gc,cpu         ] GC(1236) User=0.00s Sys=0.00s Real=0.01s
[139.418s][info][gc,start       ] GC(1237) Pause Young (Allocation Failure)
[139.425s][info][gc,heap        ] GC(1237) PSYoungGen: 304581K(320000K)->12907K(319488K) Eden: 290304K(290304K)->0K(290304K) From: 14277K(29696K)->12907K(29184K)
[139.425s][info][gc,heap        ] GC(1237) ParOldGen: 174987K(699392K)->176899K(699392K)
[139.425s][info][gc,metaspace   ] GC(1237) Metaspace: 36227K(36544K)->36227K(36544K) NonClass: 32058K(32192K)->32058K(32192K) Class: 4168K(4352K)->4168K(4352K)
[139.425s][info][gc             ] GC(1237) Pause Young (Allocation Failure) 468M->185M(995M) 7.104ms
[139.425s][info][gc,cpu         ] GC(1237) User=0.09s Sys=0.00s Real=0.01s
[139.668s][info][gc,start       ] GC(1238) Pause Young (Allocation Failure)
[139.676s][info][gc,heap        ] GC(1238) PSYoungGen: 303039K(319488K)->20395K(317952K) Eden: 290132K(290304K)->0K(289792K) From: 12907K(29184K)->20395K(28160K)
[139.676s][info][gc,heap        ] GC(1238) ParOldGen: 176899K(699392K)->181037K(699392K)
[139.676s][info][gc,metaspace   ] GC(1238) Metaspace: 36227K(36544K)->36227K(36544K) NonClass: 32058K(32192K)->32058K(32192K) Class: 4168K(4352K)->4168K(4352K)
[139.676s][info][gc             ] GC(1238) Pause Young (Allocation Failure) 468M->196M(993M) 8.041ms
[139.676s][info][gc,cpu         ] GC(1238) User=0.08s Sys=0.00s Real=0.01s
[139.930s][info][gc,start       ] GC(1239) Pause Young (Allocation Failure)
[139.936s][info][gc,heap        ] GC(1239) PSYoungGen: 310187K(317952K)->11245K(319488K) Eden: 289792K(289792K)->0K(289792K) From: 20395K(28160K)->11245K(29696K)
[139.936s][info][gc,heap        ] GC(1239) ParOldGen: 181037K(699392K)->186232K(699392K)
[139.936s][info][gc,metaspace   ] GC(1239) Metaspace: 36227K(36544K)->36227K(36544K) NonClass: 32058K(32192K)->32058K(32192K) Class: 4168K(4352K)->4168K(4352K)
[139.936s][info][gc             ] GC(1239) Pause Young (Allocation Failure) 479M->192M(995M) 6.567ms
[139.936s][info][gc,cpu         ] GC(1239) User=0.00s Sys=0.00s Real=0.01s
[140.115s][info][gc,start       ] GC(1240) Pause Young (System.gc())
[140.119s][info][gc,heap        ] GC(1240) PSYoungGen: 228127K(319488K)->9731K(322048K) Eden: 216882K(289792K)->0K(293888K) From: 11245K(29696K)->9731K(28160K)
[140.120s][info][gc,heap        ] GC(1240) ParOldGen: 186232K(699392K)->187186K(699392K)
[140.120s][info][gc,metaspace   ] GC(1240) Metaspace: 36227K(36544K)->36227K(36544K) NonClass: 32058K(32192K)->32058K(32192K) Class: 4168K(4352K)->4168K(4352K)
[140.120s][info][gc             ] GC(1240) Pause Young (System.gc()) 404M->192M(997M) 4.208ms
[140.120s][info][gc,cpu         ] GC(1240) User=0.00s Sys=0.00s Real=0.00s
[140.120s][info][gc,start       ] GC(1241) Pause Full (System.gc())
[140.120s][info][gc,phases,start] GC(1241) Marking Phase
[140.136s][info][gc,phases      ] GC(1241) Marking Phase 16.399ms
[140.136s][info][gc,phases,start] GC(1241) Summary Phase
[140.136s][info][gc,phases      ] GC(1241) Summary Phase 0.011ms
[140.136s][info][gc,phases,start] GC(1241) Adjust Roots
[140.139s][info][gc,phases      ] GC(1241) Adjust Roots 3.138ms
[140.139s][info][gc,phases,start] GC(1241) Compaction Phase
[140.147s][info][gc,phases      ] GC(1241) Compaction Phase 7.627ms
[140.147s][info][gc,phases,start] GC(1241) Post Compact
[140.148s][info][gc,phases      ] GC(1241) Post Compact 0.809ms
[140.148s][info][gc,heap        ] GC(1241) PSYoungGen: 9731K(322048K)->0K(322048K) Eden: 0K(293888K)->0K(293888K) From: 9731K(28160K)->0K(28160K)
[140.148s][info][gc,heap        ] GC(1241) ParOldGen: 187186K(699392K)->115482K(699392K)
[140.148s][info][gc,metaspace   ] GC(1241) Metaspace: 36227K(36544K)->36227K(36544K) NonClass: 32058K(32192K)->32058K(32192K) Class: 4168K(4352K)->4168K(4352K)
[140.148s][info][gc             ] GC(1241) Pause Full (System.gc()) 192M->112M(997M) 28.267ms
[140.148s][info][gc,cpu         ] GC(1241) User=0.19s Sys=0.00s Real=0.03s
[140.196s][info][gc,start       ] GC(1242) Pause Young (Allocation Failure)
[140.196s][info][gc,heap        ] GC(1242) PSYoungGen: 293888K(322048K)->192K(321024K) Eden: 293888K(293888K)->0K(293888K) From: 0K(28160K)->192K(27136K)
[140.196s][info][gc,heap        ] GC(1242) ParOldGen: 115482K(699392K)->115482K(699392K)
[140.196s][info][gc,metaspace   ] GC(1242) Metaspace: 36227K(36544K)->36227K(36544K) NonClass: 32058K(32192K)->32058K(32192K) Class: 4168K(4352K)->4168K(4352K)
[140.196s][info][gc             ] GC(1242) Pause Young (Allocation Failure) 399M->112M(996M) 0.389ms
[140.196s][info][gc,cpu         ] GC(1242) User=0.00s Sys=0.00s Real=0.00s
[140.242s][info][gc,start       ] GC(1243) Pause Young (Allocation Failure)
[140.242s][info][gc,heap        ] GC(1243) PSYoungGen: 294080K(321024K)->160K(321536K) Eden: 293888K(293888K)->0K(293888K) From: 192K(27136K)->160K(27648K)
[140.242s][info][gc,heap        ] GC(1243) ParOldGen: 115482K(699392K)->115530K(699392K)
[140.242s][info][gc,metaspace   ] GC(1243) Metaspace: 36227K(36544K)->36227K(36544K) NonClass: 32058K(32192K)->32058K(32192K) Class: 4168K(4352K)->4168K(4352K)
[140.242s][info][gc             ] GC(1243) Pause Young (Allocation Failure) 399M->112M(997M) 0.427ms
[140.242s][info][gc,cpu         ] GC(1243) User=0.00s Sys=0.00s Real=0.00s
[140.287s][info][gc,start       ] GC(1244) Pause Young (Allocation Failure)
[140.287s][info][gc,heap        ] GC(1244) PSYoungGen: 294048K(321536K)->160K(321536K) Eden: 293888K(293888K)->0K(293888K) From: 160K(27648K)->160K(27648K)
[140.287s][info][gc,heap        ] GC(1244) ParOldGen: 115530K(699392K)->115530K(699392K)
[140.287s][info][gc,metaspace   ] GC(1244) Metaspace: 36227K(36544K)->36227K(36544K) NonClass: 32058K(32192K)->32058K(32192K) Class: 4168K(4352K)->4168K(4352K)
[140.287s][info][gc             ] GC(1244) Pause Young (Allocation Failure) 399M->112M(997M) 0.410ms
[140.287s][info][gc,cpu         ] GC(1244) User=0.00s Sys=0.00s Real=0.00s
[140.331s][info][gc,start       ] GC(1245) Pause Young (Allocation Failure)
[140.332s][info][gc,heap        ] GC(1245) PSYoungGen: 294048K(321536K)->160K(322048K) Eden: 293888K(293888K)->0K(294400K) From: 160K(27648K)->160K(27648K)
[140.332s][info][gc,heap        ] GC(1245) ParOldGen: 115530K(699392K)->115530K(699392K)
[140.332s][info][gc,metaspace   ] GC(1245) Metaspace: 36227K(36544K)->36227K(36544K) NonClass: 32058K(32192K)->32058K(32192K) Class: 4168K(4352K)->4168K(4352K)
[140.332s][info][gc             ] GC(1245) Pause Young (Allocation Failure) 399M->112M(997M) 0.385ms
[140.332s][info][gc,cpu         ] GC(1245) User=0.00s Sys=0.00s Real=0.00s
[140.375s][info][gc,start       ] GC(1246) Pause Young (Allocation Failure)
[140.376s][info][gc,heap        ] GC(1246) PSYoungGen: 294560K(322048K)->192K(321536K) Eden: 294400K(294400K)->0K(294400K) From: 160K(27648K)->192K(27136K)
[140.376s][info][gc,heap        ] GC(1246) ParOldGen: 115530K(699392K)->115530K(699392K)
[140.376s][info][gc,metaspace   ] GC(1246) Metaspace: 36227K(36544K)->36227K(36544K) NonClass: 32058K(32192K)->32058K(32192K) Class: 4168K(4352K)->4168K(4352K)
[140.376s][info][gc             ] GC(1246) Pause Young (Allocation Failure) 400M->113M(997M) 0.402ms
[140.376s][info][gc,cpu         ] GC(1246) User=0.00s Sys=0.00s Real=0.00s
[140.419s][info][gc,start       ] GC(1247) Pause Young (Allocation Failure)
[140.420s][info][gc,heap        ] GC(1247) PSYoungGen: 294592K(321536K)->160K(323072K) Eden: 294400K(294400K)->0K(296448K) From: 192K(27136K)->160K(26624K)
[140.420s][info][gc,heap        ] GC(1247) ParOldGen: 115530K(699392K)->115530K(699392K)
[140.420s][info][gc,metaspace   ] GC(1247) Metaspace: 36227K(36544K)->36227K(36544K) NonClass: 32058K(32192K)->32058K(32192K) Class: 4168K(4352K)->4168K(4352K)
[140.420s][info][gc             ] GC(1247) Pause Young (Allocation Failure) 400M->112M(998M) 0.370ms
[140.420s][info][gc,cpu         ] GC(1247) User=0.00s Sys=0.00s Real=0.00s
[140.463s][info][gc,start       ] GC(1248) Pause Young (Allocation Failure)
[140.464s][info][gc,heap        ] GC(1248) PSYoungGen: 296608K(323072K)->160K(322560K) Eden: 296448K(296448K)->0K(296448K) From: 160K(26624K)->160K(26112K)
[140.464s][info][gc,heap        ] GC(1248) ParOldGen: 115530K(699392K)->115530K(699392K)
[140.464s][info][gc,metaspace   ] GC(1248) Metaspace: 36227K(36544K)->36227K(36544K) NonClass: 32058K(32192K)->32058K(32192K) Class: 4168K(4352K)->4168K(4352K)
[140.464s][info][gc             ] GC(1248) Pause Young (Allocation Failure) 402M->112M(998M) 0.421ms
[140.464s][info][gc,cpu         ] GC(1248) User=0.00s Sys=0.00s Real=0.00s
[140.507s][info][gc,start       ] GC(1249) Pause Young (Allocation Failure)
[140.508s][info][gc,heap        ] GC(1249) PSYoungGen: 296608K(322560K)->192K(325120K) Eden: 296448K(296448K)->0K(300032K) From: 160K(26112K)->192K(25088K)
[140.508s][info][gc,heap        ] GC(1249) ParOldGen: 115530K(699392K)->115530K(699392K)
[140.508s][info][gc,metaspace   ] GC(1249) Metaspace: 36227K(36544K)->36227K(36544K) NonClass: 32058K(32192K)->32058K(32192K) Class: 4168K(4352K)->4168K(4352K)
[140.508s][info][gc             ] GC(1249) Pause Young (Allocation Failure) 402M->113M(1000M) 0.433ms
[140.508s][info][gc,cpu         ] GC(1249) User=0.00s Sys=0.00s Real=0.00s
[140.553s][info][gc,start       ] GC(1250) Pause Young (Allocation Failure)
[140.553s][info][gc,heap        ] GC(1250) PSYoungGen: 300224K(325120K)->160K(324096K) Eden: 300032K(300032K)->0K(300032K) From: 192K(25088K)->160K(24064K)
[140.553s][info][gc,heap        ] GC(1250) ParOldGen: 115530K(699392K)->115530K(699392K)
[140.553s][info][gc,metaspace   ] GC(1250) Metaspace: 36227K(36544K)->36227K(36544K) NonClass: 32058K(32192K)->32058K(32192K) Class: 4168K(4352K)->4168K(4352K)
[140.553s][info][gc             ] GC(1250) Pause Young (Allocation Failure) 406M->112M(999M) 0.375ms
[140.553s][info][gc,cpu         ] GC(1250) User=0.00s Sys=0.00s Real=0.00s
[140.598s][info][gc,start       ] GC(1251) Pause Young (Allocation Failure)
[140.598s][info][gc,heap        ] GC(1251) PSYoungGen: 300192K(324096K)->160K(327168K) Eden: 300032K(300032K)->0K(304128K) From: 160K(24064K)->160K(23040K)
[140.598s][info][gc,heap        ] GC(1251) ParOldGen: 115530K(699392K)->115530K(699392K)
[140.598s][info][gc,metaspace   ] GC(1251) Metaspace: 36227K(36544K)->36227K(36544K) NonClass: 32058K(32192K)->32058K(32192K) Class: 4168K(4352K)->4168K(4352K)
[140.598s][info][gc             ] GC(1251) Pause Young (Allocation Failure) 405M->112M(1002M) 0.361ms
[140.598s][info][gc,cpu         ] GC(1251) User=0.00s Sys=0.00s Real=0.00s
[140.644s][info][gc,start       ] GC(1252) Pause Young (Allocation Failure)
[140.644s][info][gc,heap        ] GC(1252) PSYoungGen: 304288K(327168K)->160K(326144K) Eden: 304128K(304128K)->0K(304128K) From: 160K(23040K)->160K(22016K)
[140.644s][info][gc,heap        ] GC(1252) ParOldGen: 115530K(699392K)->115530K(699392K)
[140.644s][info][gc,metaspace   ] GC(1252) Metaspace: 36227K(36544K)->36227K(36544K) NonClass: 32058K(32192K)->32058K(32192K) Class: 4168K(4352K)->4168K(4352K)
[140.644s][info][gc             ] GC(1252) Pause Young (Allocation Failure) 409M->112M(1001M) 0.375ms
[140.644s][info][gc,cpu         ] GC(1252) User=0.00s Sys=0.00s Real=0.00s
[140.691s][info][gc,start       ] GC(1253) Pause Young (Allocation Failure)
[140.691s][info][gc,heap        ] GC(1253) PSYoungGen: 304288K(326144K)->160K(329216K) Eden: 304128K(304128K)->0K(308224K) From: 160K(22016K)->160K(20992K)
[140.691s][info][gc,heap        ] GC(1253) ParOldGen: 115530K(699392K)->115530K(699392K)
[140.691s][info][gc,metaspace   ] GC(1253) Metaspace: 36227K(36544K)->36227K(36544K) NonClass: 32058K(32192K)->32058K(32192K) Class: 4168K(4352K)->4168K(4352K)
[140.692s][info][gc             ] GC(1253) Pause Young (Allocation Failure) 409M->112M(1004M) 0.385ms
[140.692s][info][gc,cpu         ] GC(1253) User=0.00s Sys=0.00s Real=0.00s
[140.741s][info][gc,start       ] GC(1254) Pause Young (Allocation Failure)
[140.742s][info][gc,heap        ] GC(1254) PSYoungGen: 308384K(329216K)->192K(328192K) Eden: 308224K(308224K)->0K(308224K) From: 160K(20992K)->192K(19968K)
[140.742s][info][gc,heap        ] GC(1254) ParOldGen: 115530K(699392K)->115530K(699392K)
[140.742s][info][gc,metaspace   ] GC(1254) Metaspace: 36227K(36544K)->36227K(36544K) NonClass: 32058K(32192K)->32058K(32192K) Class: 4168K(4352K)->4168K(4352K)
[140.742s][info][gc             ] GC(1254) Pause Young (Allocation Failure) 413M->113M(1003M) 1.224ms
[140.742s][info][gc,cpu         ] GC(1254) User=0.00s Sys=0.00s Real=0.00s
[140.789s][info][gc,start       ] GC(1255) Pause Young (Allocation Failure)
[140.789s][info][gc,heap        ] GC(1255) PSYoungGen: 308416K(328192K)->192K(331264K) Eden: 308224K(308224K)->0K(312320K) From: 192K(19968K)->192K(18944K)
[140.789s][info][gc,heap        ] GC(1255) ParOldGen: 115530K(699392K)->115530K(699392K)
[140.789s][info][gc,metaspace   ] GC(1255) Metaspace: 36227K(36544K)->36227K(36544K) NonClass: 32058K(32192K)->32058K(32192K) Class: 4168K(4352K)->4168K(4352K)
[140.789s][info][gc             ] GC(1255) Pause Young (Allocation Failure) 414M->113M(1006M) 0.407ms
[140.789s][info][gc,cpu         ] GC(1255) User=0.00s Sys=0.00s Real=0.00s
[140.847s][info][gc,start       ] GC(1256) Pause Young (Allocation Failure)
[140.847s][info][gc,heap        ] GC(1256) PSYoungGen: 312512K(331264K)->192K(330240K) Eden: 312320K(312320K)->0K(312320K) From: 192K(18944K)->192K(17920K)
[140.847s][info][gc,heap        ] GC(1256) ParOldGen: 115530K(699392K)->115530K(699392K)
[140.847s][info][gc,metaspace   ] GC(1256) Metaspace: 36227K(36544K)->36227K(36544K) NonClass: 32058K(32192K)->32058K(32192K) Class: 4168K(4352K)->4168K(4352K)
[140.848s][info][gc             ] GC(1256) Pause Young (Allocation Failure) 418M->113M(1005M) 0.654ms
[140.848s][info][gc,cpu         ] GC(1256) User=0.00s Sys=0.00s Real=0.00s
[140.909s][info][gc,start       ] GC(1257) Pause Young (Allocation Failure)
[140.909s][info][gc,heap        ] GC(1257) PSYoungGen: 312512K(330240K)->160K(333312K) Eden: 312320K(312320K)->0K(316416K) From: 192K(17920K)->160K(16896K)
[140.909s][info][gc,heap        ] GC(1257) ParOldGen: 115530K(699392K)->115578K(699392K)
[140.909s][info][gc,metaspace   ] GC(1257) Metaspace: 36227K(36544K)->36227K(36544K) NonClass: 32058K(32192K)->32058K(32192K) Class: 4168K(4352K)->4168K(4352K)
[140.909s][info][gc             ] GC(1257) Pause Young (Allocation Failure) 418M->113M(1008M) 0.402ms
[140.909s][info][gc,cpu         ] GC(1257) User=0.00s Sys=0.00s Real=0.00s
[140.969s][info][gc,start       ] GC(1258) Pause Young (Allocation Failure)
[140.970s][info][gc,heap        ] GC(1258) PSYoungGen: 316576K(333312K)->160K(332288K) Eden: 316416K(316416K)->0K(316416K) From: 160K(16896K)->160K(15872K)
[140.970s][info][gc,heap        ] GC(1258) ParOldGen: 115578K(699392K)->115578K(699392K)
[140.970s][info][gc,metaspace   ] GC(1258) Metaspace: 36227K(36544K)->36227K(36544K) NonClass: 32058K(32192K)->32058K(32192K) Class: 4168K(4352K)->4168K(4352K)
[140.970s][info][gc             ] GC(1258) Pause Young (Allocation Failure) 422M->113M(1007M) 0.639ms
[140.970s][info][gc,cpu         ] GC(1258) User=0.00s Sys=0.00s Real=0.02s
[141.031s][info][gc,start       ] GC(1259) Pause Young (Allocation Failure)
[141.031s][info][gc,heap        ] GC(1259) PSYoungGen: 316576K(332288K)->192K(335360K) Eden: 316416K(316416K)->0K(320512K) From: 160K(15872K)->192K(14848K)
[141.031s][info][gc,heap        ] GC(1259) ParOldGen: 115578K(699392K)->115578K(699392K)
[141.031s][info][gc,metaspace   ] GC(1259) Metaspace: 36227K(36544K)->36227K(36544K) NonClass: 32058K(32192K)->32058K(32192K) Class: 4168K(4352K)->4168K(4352K)
[141.031s][info][gc             ] GC(1259) Pause Young (Allocation Failure) 422M->113M(1010M) 0.446ms
[141.031s][info][gc,cpu         ] GC(1259) User=0.09s Sys=0.00s Real=0.00s
[141.094s][info][gc,start       ] GC(1260) Pause Young (Allocation Failure)
[141.094s][info][gc,heap        ] GC(1260) PSYoungGen: 320704K(335360K)->192K(334336K) Eden: 320512K(320512K)->0K(320512K) From: 192K(14848K)->192K(13824K)
[141.095s][info][gc,heap        ] GC(1260) ParOldGen: 115578K(699392K)->115578K(699392K)
[141.095s][info][gc,metaspace   ] GC(1260) Metaspace: 36227K(36544K)->36227K(36544K) NonClass: 32058K(32192K)->32058K(32192K) Class: 4168K(4352K)->4168K(4352K)
[141.095s][info][gc             ] GC(1260) Pause Young (Allocation Failure) 426M->113M(1009M) 0.444ms
[141.095s][info][gc,cpu         ] GC(1260) User=0.00s Sys=0.00s Real=0.00s
[141.156s][info][gc,start       ] GC(1261) Pause Young (Allocation Failure)
[141.156s][info][gc,heap        ] GC(1261) PSYoungGen: 320704K(334336K)->192K(336896K) Eden: 320512K(320512K)->0K(323584K) From: 192K(13824K)->192K(13312K)
[141.156s][info][gc,heap        ] GC(1261) ParOldGen: 115578K(699392K)->115578K(699392K)
[141.156s][info][gc,metaspace   ] GC(1261) Metaspace: 36227K(36544K)->36227K(36544K) NonClass: 32058K(32192K)->32058K(32192K) Class: 4168K(4352K)->4168K(4352K)
[141.156s][info][gc             ] GC(1261) Pause Young (Allocation Failure) 426M->113M(1012M) 0.473ms
[141.156s][info][gc,cpu         ] GC(1261) User=0.02s Sys=0.00s Real=0.00s
[141.217s][info][gc,start       ] GC(1262) Pause Young (Allocation Failure)
[141.218s][info][gc,heap        ] GC(1262) PSYoungGen: 323776K(336896K)->160K(335872K) Eden: 323584K(323584K)->0K(323584K) From: 192K(13312K)->160K(12288K)
[141.218s][info][gc,heap        ] GC(1262) ParOldGen: 115578K(699392K)->115578K(699392K)
[141.218s][info][gc,metaspace   ] GC(1262) Metaspace: 36227K(36544K)->36227K(36544K) NonClass: 32058K(32192K)->32058K(32192K) Class: 4168K(4352K)->4168K(4352K)
[141.218s][info][gc             ] GC(1262) Pause Young (Allocation Failure) 429M->113M(1011M) 0.389ms
[141.218s][info][gc,cpu         ] GC(1262) User=0.00s Sys=0.00s Real=0.00s
[141.280s][info][gc,start       ] GC(1263) Pause Young (Allocation Failure)
[141.280s][info][gc,heap        ] GC(1263) PSYoungGen: 323744K(335872K)->160K(338432K) Eden: 323584K(323584K)->0K(327168K) From: 160K(12288K)->160K(11264K)
[141.281s][info][gc,heap        ] GC(1263) ParOldGen: 115578K(699392K)->115578K(699392K)
[141.281s][info][gc,metaspace   ] GC(1263) Metaspace: 36227K(36544K)->36227K(36544K) NonClass: 32058K(32192K)->32058K(32192K) Class: 4168K(4352K)->4168K(4352K)
[141.281s][info][gc             ] GC(1263) Pause Young (Allocation Failure) 429M->113M(1013M) 0.417ms
[141.281s][info][gc,cpu         ] GC(1263) User=0.00s Sys=0.00s Real=0.00s
[141.342s][info][gc,start       ] GC(1264) Pause Young (Allocation Failure)
[141.343s][info][gc,heap        ] GC(1264) PSYoungGen: 327328K(338432K)->160K(337920K) Eden: 327168K(327168K)->0K(327168K) From: 160K(11264K)->160K(10752K)
[141.343s][info][gc,heap        ] GC(1264) ParOldGen: 115578K(699392K)->115578K(699392K)
[141.343s][info][gc,metaspace   ] GC(1264) Metaspace: 36227K(36544K)->36227K(36544K) NonClass: 32058K(32192K)->32058K(32192K) Class: 4168K(4352K)->4168K(4352K)
[141.343s][info][gc             ] GC(1264) Pause Young (Allocation Failure) 432M->113M(1013M) 0.428ms
[141.343s][info][gc,cpu         ] GC(1264) User=0.00s Sys=0.00s Real=0.00s
[141.405s][info][gc,start       ] GC(1265) Pause Young (Allocation Failure)
[141.406s][info][gc,heap        ] GC(1265) PSYoungGen: 327328K(337920K)->160K(339968K) Eden: 327168K(327168K)->0K(329728K) From: 160K(10752K)->160K(10240K)
[141.406s][info][gc,heap        ] GC(1265) ParOldGen: 115578K(699392K)->115578K(699392K)
[141.406s][info][gc,metaspace   ] GC(1265) Metaspace: 36227K(36544K)->36227K(36544K) NonClass: 32058K(32192K)->32058K(32192K) Class: 4168K(4352K)->4168K(4352K)
[141.406s][info][gc             ] GC(1265) Pause Young (Allocation Failure) 432M->113M(1015M) 0.453ms
[141.406s][info][gc,cpu         ] GC(1265) User=0.00s Sys=0.00s Real=0.00s
[141.469s][info][gc,start       ] GC(1266) Pause Young (Allocation Failure)
[141.469s][info][gc,heap        ] GC(1266) PSYoungGen: 329888K(339968K)->192K(338944K) Eden: 329728K(329728K)->0K(329728K) From: 160K(10240K)->192K(9216K)
[141.469s][info][gc,heap        ] GC(1266) ParOldGen: 115578K(699392K)->115578K(699392K)
[141.469s][info][gc,metaspace   ] GC(1266) Metaspace: 36227K(36544K)->36227K(36544K) NonClass: 32058K(32192K)->32058K(32192K) Class: 4168K(4352K)->4168K(4352K)
[141.469s][info][gc             ] GC(1266) Pause Young (Allocation Failure) 435M->113M(1014M) 0.404ms
[141.469s][info][gc,cpu         ] GC(1266) User=0.00s Sys=0.00s Real=0.00s
[141.532s][info][gc,start       ] GC(1267) Pause Young (Allocation Failure)
[141.533s][info][gc,heap        ] GC(1267) PSYoungGen: 329920K(338944K)->192K(340992K) Eden: 329728K(329728K)->0K(332288K) From: 192K(9216K)->192K(8704K)
[141.533s][info][gc,heap        ] GC(1267) ParOldGen: 115578K(699392K)->115578K(699392K)
[141.533s][info][gc,metaspace   ] GC(1267) Metaspace: 36227K(36544K)->36227K(36544K) NonClass: 32058K(32192K)->32058K(32192K) Class: 4168K(4352K)->4168K(4352K)
[141.533s][info][gc             ] GC(1267) Pause Young (Allocation Failure) 435M->113M(1016M) 0.443ms
[141.533s][info][gc,cpu         ] GC(1267) User=0.00s Sys=0.00s Real=0.00s
[141.595s][info][gc,start       ] GC(1268) Pause Young (Allocation Failure)
[141.595s][info][gc,heap        ] GC(1268) PSYoungGen: 332480K(340992K)->160K(340480K) Eden: 332288K(332288K)->0K(332288K) From: 192K(8704K)->160K(8192K)
[141.595s][info][gc,heap        ] GC(1268) ParOldGen: 115578K(699392K)->115578K(699392K)
[141.595s][info][gc,metaspace   ] GC(1268) Metaspace: 36227K(36544K)->36227K(36544K) NonClass: 32058K(32192K)->32058K(32192K) Class: 4168K(4352K)->4168K(4352K)
[141.595s][info][gc             ] GC(1268) Pause Young (Allocation Failure) 437M->113M(1015M) 0.454ms
[141.595s][info][gc,cpu         ] GC(1268) User=0.00s Sys=0.00s Real=0.00s
[141.656s][info][gc,start       ] GC(1269) Pause Young (Allocation Failure)
[141.657s][info][gc,heap        ] GC(1269) PSYoungGen: 332448K(340480K)->192K(342016K) Eden: 332288K(332288K)->0K(334336K) From: 160K(8192K)->192K(7680K)
[141.657s][info][gc,heap        ] GC(1269) ParOldGen: 115578K(699392K)->115578K(699392K)
[141.657s][info][gc,metaspace   ] GC(1269) Metaspace: 36227K(36544K)->36227K(36544K) NonClass: 32058K(32192K)->32058K(32192K) Class: 4168K(4352K)->4168K(4352K)
[141.657s][info][gc             ] GC(1269) Pause Young (Allocation Failure) 437M->113M(1017M) 0.456ms
[141.657s][info][gc,cpu         ] GC(1269) User=0.00s Sys=0.00s Real=0.00s
[141.721s][info][gc,start       ] GC(1270) Pause Young (Allocation Failure)
[141.721s][info][gc,heap        ] GC(1270) PSYoungGen: 334528K(342016K)->192K(341504K) Eden: 334336K(334336K)->0K(334336K) From: 192K(7680K)->192K(7168K)
[141.721s][info][gc,heap        ] GC(1270) ParOldGen: 115578K(699392K)->115578K(699392K)
[141.721s][info][gc,metaspace   ] GC(1270) Metaspace: 36227K(36544K)->36227K(36544K) NonClass: 32058K(32192K)->32058K(32192K) Class: 4168K(4352K)->4168K(4352K)
[141.721s][info][gc             ] GC(1270) Pause Young (Allocation Failure) 439M->113M(1016M) 0.458ms
[141.721s][info][gc,cpu         ] GC(1270) User=0.00s Sys=0.00s Real=0.00s
[141.787s][info][gc,start       ] GC(1271) Pause Young (Allocation Failure)
[141.787s][info][gc,heap        ] GC(1271) PSYoungGen: 334528K(341504K)->192K(343040K) Eden: 334336K(334336K)->0K(336384K) From: 192K(7168K)->192K(6656K)
[141.787s][info][gc,heap        ] GC(1271) ParOldGen: 115578K(699392K)->115578K(699392K)
[141.787s][info][gc,metaspace   ] GC(1271) Metaspace: 36227K(36544K)->36227K(36544K) NonClass: 32058K(32192K)->32058K(32192K) Class: 4168K(4352K)->4168K(4352K)
[141.787s][info][gc             ] GC(1271) Pause Young (Allocation Failure) 439M->113M(1018M) 0.393ms
[141.787s][info][gc,cpu         ] GC(1271) User=0.00s Sys=0.00s Real=0.00s
[141.851s][info][gc,start       ] GC(1272) Pause Young (Allocation Failure)
[141.851s][info][gc,heap        ] GC(1272) PSYoungGen: 336576K(343040K)->160K(342528K) Eden: 336384K(336384K)->0K(336384K) From: 192K(6656K)->160K(6144K)
[141.851s][info][gc,heap        ] GC(1272) ParOldGen: 115578K(699392K)->115578K(699392K)
[141.851s][info][gc,metaspace   ] GC(1272) Metaspace: 36227K(36544K)->36227K(36544K) NonClass: 32058K(32192K)->32058K(32192K) Class: 4168K(4352K)->4168K(4352K)
[141.851s][info][gc             ] GC(1272) Pause Young (Allocation Failure) 441M->113M(1017M) 0.400ms
[141.851s][info][gc,cpu         ] GC(1272) User=0.00s Sys=0.00s Real=0.00s
[141.915s][info][gc,start       ] GC(1273) Pause Young (Allocation Failure)
[141.916s][info][gc,heap        ] GC(1273) PSYoungGen: 336544K(342528K)->160K(344064K) Eden: 336384K(336384K)->0K(338432K) From: 160K(6144K)->160K(5632K)
[141.916s][info][gc,heap        ] GC(1273) ParOldGen: 115578K(699392K)->115578K(699392K)
[141.916s][info][gc,metaspace   ] GC(1273) Metaspace: 36227K(36544K)->36227K(36544K) NonClass: 32058K(32192K)->32058K(32192K) Class: 4168K(4352K)->4168K(4352K)
[141.916s][info][gc             ] GC(1273) Pause Young (Allocation Failure) 441M->113M(1019M) 0.459ms
[141.916s][info][gc,cpu         ] GC(1273) User=0.00s Sys=0.00s Real=0.00s
[141.980s][info][gc,start       ] GC(1274) Pause Young (Allocation Failure)
[141.981s][info][gc,heap        ] GC(1274) PSYoungGen: 338592K(344064K)->192K(343552K) Eden: 338432K(338432K)->0K(338432K) From: 160K(5632K)->192K(5120K)
[141.981s][info][gc,heap        ] GC(1274) ParOldGen: 115578K(699392K)->115578K(699392K)
[141.981s][info][gc,metaspace   ] GC(1274) Metaspace: 36227K(36544K)->36227K(36544K) NonClass: 32058K(32192K)->32058K(32192K) Class: 4168K(4352K)->4168K(4352K)
[141.981s][info][gc             ] GC(1274) Pause Young (Allocation Failure) 443M->113M(1018M) 0.442ms
[141.981s][info][gc,cpu         ] GC(1274) User=0.00s Sys=0.00s Real=0.00s
[142.046s][info][gc,start       ] GC(1275) Pause Young (Allocation Failure)
[142.046s][info][gc,heap        ] GC(1275) PSYoungGen: 338624K(343552K)->192K(344576K) Eden: 338432K(338432K)->0K(339968K) From: 192K(5120K)->192K(4608K)
[142.046s][info][gc,heap        ] GC(1275) ParOldGen: 115578K(699392K)->115578K(699392K)
[142.046s][info][gc,metaspace   ] GC(1275) Metaspace: 36227K(36544K)->36227K(36544K) NonClass: 32058K(32192K)->32058K(32192K) Class: 4168K(4352K)->4168K(4352K)
[142.046s][info][gc             ] GC(1275) Pause Young (Allocation Failure) 443M->113M(1019M) 0.410ms
[142.046s][info][gc,cpu         ] GC(1275) User=0.00s Sys=0.00s Real=0.00s
[142.112s][info][gc,start       ] GC(1276) Pause Young (Allocation Failure)
[142.112s][info][gc,heap        ] GC(1276) PSYoungGen: 340160K(344576K)->160K(344576K) Eden: 339968K(339968K)->0K(339968K) From: 192K(4608K)->160K(4608K)
[142.112s][info][gc,heap        ] GC(1276) ParOldGen: 115578K(699392K)->115578K(699392K)
[142.112s][info][gc,metaspace   ] GC(1276) Metaspace: 36227K(36544K)->36227K(36544K) NonClass: 32058K(32192K)->32058K(32192K) Class: 4168K(4352K)->4168K(4352K)
[142.112s][info][gc             ] GC(1276) Pause Young (Allocation Failure) 445M->113M(1019M) 0.450ms
[142.113s][info][gc,cpu         ] GC(1276) User=0.00s Sys=0.00s Real=0.00s
[142.177s][info][gc,start       ] GC(1277) Pause Young (Allocation Failure)
[142.178s][info][gc,heap        ] GC(1277) PSYoungGen: 340128K(344576K)->160K(345088K) Eden: 339968K(339968K)->0K(340992K) From: 160K(4608K)->160K(4096K)
[142.178s][info][gc,heap        ] GC(1277) ParOldGen: 115578K(699392K)->115578K(699392K)
[142.178s][info][gc,metaspace   ] GC(1277) Metaspace: 36227K(36544K)->36227K(36544K) NonClass: 32058K(32192K)->32058K(32192K) Class: 4168K(4352K)->4168K(4352K)
[142.178s][info][gc             ] GC(1277) Pause Young (Allocation Failure) 445M->113M(1020M) 0.418ms
[142.178s][info][gc,cpu         ] GC(1277) User=0.00s Sys=0.00s Real=0.00s
[142.244s][info][gc,start       ] GC(1278) Pause Young (Allocation Failure)
[142.244s][info][gc,heap        ] GC(1278) PSYoungGen: 341152K(345088K)->160K(345088K) Eden: 340992K(340992K)->0K(340992K) From: 160K(4096K)->160K(4096K)
[142.244s][info][gc,heap        ] GC(1278) ParOldGen: 115578K(699392K)->115578K(699392K)
[142.244s][info][gc,metaspace   ] GC(1278) Metaspace: 36227K(36544K)->36227K(36544K) NonClass: 32058K(32192K)->32058K(32192K) Class: 4168K(4352K)->4168K(4352K)
[142.244s][info][gc             ] GC(1278) Pause Young (Allocation Failure) 446M->113M(1020M) 0.424ms
[142.244s][info][gc,cpu         ] GC(1278) User=0.00s Sys=0.00s Real=0.00s
[142.309s][info][gc,start       ] GC(1279) Pause Young (Allocation Failure)
[142.310s][info][gc,heap        ] GC(1279) PSYoungGen: 341152K(345088K)->192K(345600K) Eden: 340992K(340992K)->0K(342016K) From: 160K(4096K)->192K(3584K)
[142.310s][info][gc,heap        ] GC(1279) ParOldGen: 115578K(699392K)->115578K(699392K)
[142.310s][info][gc,metaspace   ] GC(1279) Metaspace: 36227K(36544K)->36227K(36544K) NonClass: 32058K(32192K)->32058K(32192K) Class: 4168K(4352K)->4168K(4352K)
[142.310s][info][gc             ] GC(1279) Pause Young (Allocation Failure) 446M->113M(1020M) 0.417ms
[142.310s][info][gc,cpu         ] GC(1279) User=0.00s Sys=0.00s Real=0.00s
[142.376s][info][gc,start       ] GC(1280) Pause Young (Allocation Failure)
[142.376s][info][gc,heap        ] GC(1280) PSYoungGen: 342208K(345600K)->192K(345600K) Eden: 342016K(342016K)->0K(342016K) From: 192K(3584K)->192K(3584K)
[142.376s][info][gc,heap        ] GC(1280) ParOldGen: 115578K(699392K)->115578K(699392K)
[142.376s][info][gc,metaspace   ] GC(1280) Metaspace: 36227K(36544K)->36227K(36544K) NonClass: 32058K(32192K)->32058K(32192K) Class: 4168K(4352K)->4168K(4352K)
[142.376s][info][gc             ] GC(1280) Pause Young (Allocation Failure) 447M->113M(1020M) 0.505ms
[142.376s][info][gc,cpu         ] GC(1280) User=0.00s Sys=0.00s Real=0.00s
[142.443s][info][gc,start       ] GC(1281) Pause Young (Allocation Failure)
[142.444s][info][gc,heap        ] GC(1281) PSYoungGen: 342208K(345600K)->160K(346112K) Eden: 342016K(342016K)->0K(343040K) From: 192K(3584K)->160K(3072K)
[142.444s][info][gc,heap        ] GC(1281) ParOldGen: 115578K(699392K)->115578K(699392K)
[142.444s][info][gc,metaspace   ] GC(1281) Metaspace: 36227K(36544K)->36227K(36544K) NonClass: 32058K(32192K)->32058K(32192K) Class: 4168K(4352K)->4168K(4352K)
[142.444s][info][gc             ] GC(1281) Pause Young (Allocation Failure) 447M->113M(1021M) 0.564ms
[142.444s][info][gc,cpu         ] GC(1281) User=0.00s Sys=0.00s Real=0.00s
[142.512s][info][gc,start       ] GC(1282) Pause Young (Allocation Failure)
[142.512s][info][gc,heap        ] GC(1282) PSYoungGen: 343200K(346112K)->192K(346112K) Eden: 343040K(343040K)->0K(343040K) From: 160K(3072K)->192K(3072K)
[142.512s][info][gc,heap        ] GC(1282) ParOldGen: 115578K(699392K)->115578K(699392K)
[142.512s][info][gc,metaspace   ] GC(1282) Metaspace: 36227K(36544K)->36227K(36544K) NonClass: 32058K(32192K)->32058K(32192K) Class: 4168K(4352K)->4168K(4352K)
[142.512s][info][gc             ] GC(1282) Pause Young (Allocation Failure) 448M->113M(1021M) 0.423ms
[142.512s][info][gc,cpu         ] GC(1282) User=0.00s Sys=0.00s Real=0.00s
[142.594s][info][gc,start       ] GC(1283) Pause Young (Allocation Failure)
[142.594s][info][gc,heap        ] GC(1283) PSYoungGen: 343232K(346112K)->192K(346624K) Eden: 343040K(343040K)->0K(344064K) From: 192K(3072K)->192K(2560K)
[142.594s][info][gc,heap        ] GC(1283) ParOldGen: 115578K(699392K)->115578K(699392K)
[142.594s][info][gc,metaspace   ] GC(1283) Metaspace: 36231K(36544K)->36231K(36544K) NonClass: 32063K(32192K)->32063K(32192K) Class: 4168K(4352K)->4168K(4352K)
[142.594s][info][gc             ] GC(1283) Pause Young (Allocation Failure) 448M->113M(1021M) 0.377ms
[142.594s][info][gc,cpu         ] GC(1283) User=0.00s Sys=0.00s Real=0.00s
[142.867s][info][gc,start       ] GC(1284) Pause Young (Allocation Failure)
[142.875s][info][gc,heap        ] GC(1284) PSYoungGen: 343863K(346624K)->2560K(346624K) Eden: 343671K(344064K)->0K(344064K) From: 192K(2560K)->2560K(2560K)
[142.875s][info][gc,heap        ] GC(1284) ParOldGen: 115578K(699392K)->136472K(699392K)
[142.875s][info][gc,metaspace   ] GC(1284) Metaspace: 36235K(36544K)->36235K(36544K) NonClass: 32067K(32192K)->32067K(32192K) Class: 4168K(4352K)->4168K(4352K)
[142.875s][info][gc             ] GC(1284) Pause Young (Allocation Failure) 448M->135M(1021M) 8.300ms
[142.875s][info][gc,cpu         ] GC(1284) User=0.02s Sys=0.00s Real=0.01s
[143.180s][info][gc,start       ] GC(1285) Pause Young (Allocation Failure)
[143.194s][info][gc,heap        ] GC(1285) PSYoungGen: 340873K(346624K)->2552K(296448K) Eden: 338313K(344064K)->0K(293888K) From: 2560K(2560K)->2552K(2560K)
[143.194s][info][gc,heap        ] GC(1285) ParOldGen: 136472K(699392K)->184456K(699392K)
[143.195s][info][gc,metaspace   ] GC(1285) Metaspace: 36235K(36544K)->36235K(36544K) NonClass: 32067K(32192K)->32067K(32192K) Class: 4168K(4352K)->4168K(4352K)
[143.195s][info][gc             ] GC(1285) Pause Young (Allocation Failure) 466M->182M(972M) 14.973ms
[143.195s][info][gc,cpu         ] GC(1285) User=0.09s Sys=0.00s Real=0.01s
[143.461s][info][gc,start       ] GC(1286) Pause Young (Allocation Failure)
[143.470s][info][gc,heap        ] GC(1286) PSYoungGen: 294709K(296448K)->23617K(317952K) Eden: 292156K(293888K)->0K(293888K) From: 2552K(2560K)->23617K(24064K)
[143.470s][info][gc,heap        ] GC(1286) ParOldGen: 184456K(699392K)->186228K(699392K)
[143.470s][info][gc,metaspace   ] GC(1286) Metaspace: 36235K(36544K)->36235K(36544K) NonClass: 32067K(32192K)->32067K(32192K) Class: 4168K(4352K)->4168K(4352K)
[143.470s][info][gc             ] GC(1286) Pause Young (Allocation Failure) 467M->204M(993M) 8.482ms
[143.470s][info][gc,cpu         ] GC(1286) User=0.09s Sys=0.00s Real=0.01s
[143.724s][info][gc,start       ] GC(1287) Pause Young (Allocation Failure)
[143.733s][info][gc,heap        ] GC(1287) PSYoungGen: 317505K(317952K)->20075K(312832K) Eden: 293888K(293888K)->0K(281600K) From: 23617K(24064K)->20075K(31232K)
[143.733s][info][gc,heap        ] GC(1287) ParOldGen: 186228K(699392K)->197531K(699392K)
[143.733s][info][gc,metaspace   ] GC(1287) Metaspace: 36235K(36544K)->36235K(36544K) NonClass: 32067K(32192K)->32067K(32192K) Class: 4168K(4352K)->4168K(4352K)
[143.734s][info][gc             ] GC(1287) Pause Young (Allocation Failure) 491M->212M(988M) 9.282ms
[143.734s][info][gc,cpu         ] GC(1287) User=0.00s Sys=0.00s Real=0.01s
[143.975s][info][gc,start       ] GC(1288) Pause Young (Allocation Failure)
[143.981s][info][gc,heap        ] GC(1288) PSYoungGen: 297791K(312832K)->19287K(301056K) Eden: 277715K(281600K)->0K(281600K) From: 20075K(31232K)->19287K(19456K)
[143.981s][info][gc,heap        ] GC(1288) ParOldGen: 197531K(699392K)->199900K(699392K)
[143.981s][info][gc,metaspace   ] GC(1288) Metaspace: 36235K(36544K)->36235K(36544K) NonClass: 32067K(32192K)->32067K(32192K) Class: 4168K(4352K)->4168K(4352K)
[143.981s][info][gc             ] GC(1288) Pause Young (Allocation Failure) 483M->214M(977M) 6.658ms
[143.981s][info][gc,cpu         ] GC(1288) User=0.00s Sys=0.00s Real=0.01s
[144.211s][info][gc,start       ] GC(1289) Pause Young (Allocation Failure)
[144.218s][info][gc,heap        ] GC(1289) PSYoungGen: 297193K(301056K)->19794K(313344K) Eden: 277905K(281600K)->0K(278528K) From: 19287K(19456K)->19794K(34816K)
[144.218s][info][gc,heap        ] GC(1289) ParOldGen: 199900K(699392K)->202228K(699392K)
[144.218s][info][gc,metaspace   ] GC(1289) Metaspace: 36235K(36544K)->36235K(36544K) NonClass: 32067K(32192K)->32067K(32192K) Class: 4168K(4352K)->4168K(4352K)
[144.218s][info][gc             ] GC(1289) Pause Young (Allocation Failure) 485M->216M(989M) 6.993ms
[144.218s][info][gc,cpu         ] GC(1289) User=0.00s Sys=0.00s Real=0.01s
[144.446s][info][gc,start       ] GC(1290) Pause Young (Allocation Failure)
[144.453s][info][gc,heap        ] GC(1290) PSYoungGen: 297958K(313344K)->21666K(300544K) Eden: 278164K(278528K)->0K(278528K) From: 19794K(34816K)->21666K(22016K)
[144.453s][info][gc,heap        ] GC(1290) ParOldGen: 202228K(699392K)->202896K(699392K)
[144.453s][info][gc,metaspace   ] GC(1290) Metaspace: 36235K(36544K)->36235K(36544K) NonClass: 32067K(32192K)->32067K(32192K) Class: 4168K(4352K)->4168K(4352K)
[144.453s][info][gc             ] GC(1290) Pause Young (Allocation Failure) 488M->219M(976M) 7.137ms
[144.453s][info][gc,cpu         ] GC(1290) User=0.08s Sys=0.02s Real=0.01s
[144.690s][info][gc,start       ] GC(1291) Pause Young (Allocation Failure)
[144.696s][info][gc,heap        ] GC(1291) PSYoungGen: 298320K(300544K)->13749K(314368K) Eden: 276654K(278528K)->0K(277504K) From: 21666K(22016K)->13749K(36864K)
[144.696s][info][gc,heap        ] GC(1291) ParOldGen: 202896K(699392K)->205328K(699392K)
[144.696s][info][gc,metaspace   ] GC(1291) Metaspace: 36235K(36544K)->36235K(36544K) NonClass: 32067K(32192K)->32067K(32192K) Class: 4168K(4352K)->4168K(4352K)
[144.696s][info][gc             ] GC(1291) Pause Young (Allocation Failure) 489M->213M(990M) 6.575ms
[144.696s][info][gc,cpu         ] GC(1291) User=0.00s Sys=0.00s Real=0.01s
[144.924s][info][gc,start       ] GC(1292) Pause Young (Allocation Failure)
[144.932s][info][gc,heap        ] GC(1292) PSYoungGen: 291253K(314368K)->22498K(312320K) Eden: 277504K(277504K)->0K(277504K) From: 13749K(36864K)->22498K(34816K)
[144.932s][info][gc,heap        ] GC(1292) ParOldGen: 205328K(699392K)->207180K(699392K)
[144.932s][info][gc,metaspace   ] GC(1292) Metaspace: 36235K(36544K)->36235K(36544K) NonClass: 32067K(32192K)->32067K(32192K) Class: 4168K(4352K)->4168K(4352K)
[144.932s][info][gc             ] GC(1292) Pause Young (Allocation Failure) 484M->224M(988M) 7.776ms
[144.932s][info][gc,cpu         ] GC(1292) User=0.00s Sys=0.00s Real=0.01s
[145.174s][info][gc,start       ] GC(1293) Pause Young (Allocation Failure)
[145.182s][info][gc,heap        ] GC(1293) PSYoungGen: 300002K(312320K)->15057K(314880K) Eden: 277504K(277504K)->0K(278528K) From: 22498K(34816K)->15057K(36352K)
[145.182s][info][gc,heap        ] GC(1293) ParOldGen: 207180K(699392K)->210371K(699392K)
[145.182s][info][gc,metaspace   ] GC(1293) Metaspace: 36235K(36544K)->36235K(36544K) NonClass: 32067K(32192K)->32067K(32192K) Class: 4168K(4352K)->4168K(4352K)
[145.182s][info][gc             ] GC(1293) Pause Young (Allocation Failure) 495M->220M(990M) 8.068ms
[145.182s][info][gc,cpu         ] GC(1293) User=0.00s Sys=0.00s Real=0.01s
[145.413s][info][gc,start       ] GC(1294) Pause Young (Allocation Failure)
[145.420s][info][gc,heap        ] GC(1294) PSYoungGen: 293585K(314880K)->14114K(312832K) Eden: 278528K(278528K)->0K(278528K) From: 15057K(36352K)->14114K(34304K)
[145.420s][info][gc,heap        ] GC(1294) ParOldGen: 210371K(699392K)->214307K(699392K)
[145.420s][info][gc,metaspace   ] GC(1294) Metaspace: 36235K(36544K)->36235K(36544K) NonClass: 32067K(32192K)->32067K(32192K) Class: 4168K(4352K)->4168K(4352K)
[145.420s][info][gc             ] GC(1294) Pause Young (Allocation Failure) 492M->223M(988M) 7.050ms
[145.420s][info][gc,cpu         ] GC(1294) User=0.00s Sys=0.00s Real=0.01s
[145.592s][info][gc,start       ] GC(1295) Pause Young (System.gc())
[145.598s][info][gc,heap        ] GC(1295) PSYoungGen: 212958K(312832K)->9161K(317952K) Eden: 198843K(278528K)->0K(285696K) From: 14114K(34304K)->9161K(32256K)
[145.598s][info][gc,heap        ] GC(1295) ParOldGen: 214307K(699392K)->218787K(699392K)
[145.598s][info][gc,metaspace   ] GC(1295) Metaspace: 36235K(36544K)->36235K(36544K) NonClass: 32067K(32192K)->32067K(32192K) Class: 4168K(4352K)->4168K(4352K)
[145.598s][info][gc             ] GC(1295) Pause Young (System.gc()) 417M->222M(993M) 5.333ms
[145.598s][info][gc,cpu         ] GC(1295) User=0.09s Sys=0.00s Real=0.02s
[145.598s][info][gc,start       ] GC(1296) Pause Full (System.gc())
[145.598s][info][gc,phases,start] GC(1296) Marking Phase
[145.614s][info][gc,phases      ] GC(1296) Marking Phase 16.228ms
[145.614s][info][gc,phases,start] GC(1296) Summary Phase
[145.614s][info][gc,phases      ] GC(1296) Summary Phase 0.011ms
[145.614s][info][gc,phases,start] GC(1296) Adjust Roots
[145.618s][info][gc,phases      ] GC(1296) Adjust Roots 3.766ms
[145.618s][info][gc,phases,start] GC(1296) Compaction Phase
[145.626s][info][gc,phases      ] GC(1296) Compaction Phase 8.442ms
[145.626s][info][gc,phases,start] GC(1296) Post Compact
[145.627s][info][gc,phases      ] GC(1296) Post Compact 1.092ms
[145.628s][info][gc,heap        ] GC(1296) PSYoungGen: 9161K(317952K)->0K(317952K) Eden: 0K(285696K)->0K(285696K) From: 9161K(32256K)->0K(32256K)
[145.628s][info][gc,heap        ] GC(1296) ParOldGen: 218787K(699392K)->115007K(699392K)
[145.628s][info][gc,metaspace   ] GC(1296) Metaspace: 36235K(36544K)->36235K(36544K) NonClass: 32067K(32192K)->32067K(32192K) Class: 4168K(4352K)->4168K(4352K)
[145.628s][info][gc             ] GC(1296) Pause Full (System.gc()) 222M->112M(993M) 29.817ms
[145.628s][info][gc,cpu         ] GC(1296) User=0.11s Sys=0.00s Real=0.03s
[145.673s][info][gc,start       ] GC(1297) Pause Young (Allocation Failure)
[145.673s][info][gc,heap        ] GC(1297) PSYoungGen: 285696K(317952K)->192K(316928K) Eden: 285696K(285696K)->0K(285696K) From: 0K(32256K)->192K(31232K)
[145.674s][info][gc,heap        ] GC(1297) ParOldGen: 115007K(699392K)->115007K(699392K)
[145.674s][info][gc,metaspace   ] GC(1297) Metaspace: 36235K(36544K)->36235K(36544K) NonClass: 32067K(32192K)->32067K(32192K) Class: 4168K(4352K)->4168K(4352K)
[145.674s][info][gc             ] GC(1297) Pause Young (Allocation Failure) 391M->112M(992M) 0.457ms
[145.674s][info][gc,cpu         ] GC(1297) User=0.00s Sys=0.00s Real=0.00s
[145.717s][info][gc,start       ] GC(1298) Pause Young (Allocation Failure)
[145.718s][info][gc,heap        ] GC(1298) PSYoungGen: 285888K(316928K)->160K(316416K) Eden: 285696K(285696K)->0K(284672K) From: 192K(31232K)->160K(31744K)
[145.718s][info][gc,heap        ] GC(1298) ParOldGen: 115007K(699392K)->115055K(699392K)
[145.718s][info][gc,metaspace   ] GC(1298) Metaspace: 36235K(36544K)->36235K(36544K) NonClass: 32067K(32192K)->32067K(32192K) Class: 4168K(4352K)->4168K(4352K)
[145.718s][info][gc             ] GC(1298) Pause Young (Allocation Failure) 391M->112M(992M) 0.387ms
[145.718s][info][gc,cpu         ] GC(1298) User=0.00s Sys=0.00s Real=0.00s
[145.764s][info][gc,start       ] GC(1299) Pause Young (Allocation Failure)
[145.766s][info][gc,heap        ] GC(1299) PSYoungGen: 284832K(316416K)->192K(316928K) Eden: 284672K(284672K)->0K(284672K) From: 160K(31744K)->192K(32256K)
[145.766s][info][gc,heap        ] GC(1299) ParOldGen: 115055K(699392K)->115055K(699392K)
[145.766s][info][gc,metaspace   ] GC(1299) Metaspace: 36235K(36544K)->36235K(36544K) NonClass: 32067K(32192K)->32067K(32192K) Class: 4168K(4352K)->4168K(4352K)
[145.766s][info][gc             ] GC(1299) Pause Young (Allocation Failure) 390M->112M(992M) 1.629ms
[145.766s][info][gc,cpu         ] GC(1299) User=0.00s Sys=0.00s Real=0.00s
[145.809s][info][gc,start       ] GC(1300) Pause Young (Allocation Failure)
[145.810s][info][gc,heap        ] GC(1300) PSYoungGen: 284864K(316928K)->160K(317952K) Eden: 284672K(284672K)->0K(286208K) From: 192K(32256K)->160K(31744K)
[145.810s][info][gc,heap        ] GC(1300) ParOldGen: 115055K(699392K)->115055K(699392K)
[145.810s][info][gc,metaspace   ] GC(1300) Metaspace: 36235K(36544K)->36235K(36544K) NonClass: 32067K(32192K)->32067K(32192K) Class: 4168K(4352K)->4168K(4352K)
[145.810s][info][gc             ] GC(1300) Pause Young (Allocation Failure) 390M->112M(993M) 0.501ms
[145.810s][info][gc,cpu         ] GC(1300) User=0.00s Sys=0.00s Real=0.00s
[145.854s][info][gc,start       ] GC(1301) Pause Young (Allocation Failure)
[145.854s][info][gc,heap        ] GC(1301) PSYoungGen: 286368K(317952K)->192K(317440K) Eden: 286208K(286208K)->0K(286208K) From: 160K(31744K)->192K(31232K)
[145.854s][info][gc,heap        ] GC(1301) ParOldGen: 115055K(699392K)->115055K(699392K)
[145.854s][info][gc,metaspace   ] GC(1301) Metaspace: 36235K(36544K)->36235K(36544K) NonClass: 32067K(32192K)->32067K(32192K) Class: 4168K(4352K)->4168K(4352K)
[145.854s][info][gc             ] GC(1301) Pause Young (Allocation Failure) 392M->112M(993M) 0.363ms
[145.854s][info][gc,cpu         ] GC(1301) User=0.00s Sys=0.00s Real=0.00s
[145.898s][info][gc,start       ] GC(1302) Pause Young (Allocation Failure)
[145.898s][info][gc,heap        ] GC(1302) PSYoungGen: 286400K(317440K)->192K(319488K) Eden: 286208K(286208K)->0K(288768K) From: 192K(31232K)->192K(30720K)
[145.898s][info][gc,heap        ] GC(1302) ParOldGen: 115055K(699392K)->115055K(699392K)
[145.898s][info][gc,metaspace   ] GC(1302) Metaspace: 36235K(36544K)->36235K(36544K) NonClass: 32067K(32192K)->32067K(32192K) Class: 4168K(4352K)->4168K(4352K)
[145.898s][info][gc             ] GC(1302) Pause Young (Allocation Failure) 392M->112M(995M) 0.368ms
[145.898s][info][gc,cpu         ] GC(1302) User=0.00s Sys=0.00s Real=0.00s
[145.941s][info][gc,start       ] GC(1303) Pause Young (Allocation Failure)
[145.942s][info][gc,heap        ] GC(1303) PSYoungGen: 288960K(319488K)->192K(318464K) Eden: 288768K(288768K)->0K(288768K) From: 192K(30720K)->192K(29696K)
[145.942s][info][gc,heap        ] GC(1303) ParOldGen: 115055K(699392K)->115055K(699392K)
[145.942s][info][gc,metaspace   ] GC(1303) Metaspace: 36235K(36544K)->36235K(36544K) NonClass: 32067K(32192K)->32067K(32192K) Class: 4168K(4352K)->4168K(4352K)
[145.942s][info][gc             ] GC(1303) Pause Young (Allocation Failure) 394M->112M(994M) 0.413ms
[145.942s][info][gc,cpu         ] GC(1303) User=0.00s Sys=0.00s Real=0.00s
[145.985s][info][gc,start       ] GC(1304) Pause Young (Allocation Failure)
[145.985s][info][gc,heap        ] GC(1304) PSYoungGen: 288960K(318464K)->160K(321536K) Eden: 288768K(288768K)->0K(292864K) From: 192K(29696K)->160K(28672K)
[145.985s][info][gc,heap        ] GC(1304) ParOldGen: 115055K(699392K)->115055K(699392K)
[145.985s][info][gc,metaspace   ] GC(1304) Metaspace: 36235K(36544K)->36235K(36544K) NonClass: 32067K(32192K)->32067K(32192K) Class: 4168K(4352K)->4168K(4352K)
[145.985s][info][gc             ] GC(1304) Pause Young (Allocation Failure) 394M->112M(997M) 0.406ms
[145.985s][info][gc,cpu         ] GC(1304) User=0.00s Sys=0.00s Real=0.00s
[146.029s][info][gc,start       ] GC(1305) Pause Young (Allocation Failure)
[146.029s][info][gc,heap        ] GC(1305) PSYoungGen: 293024K(321536K)->192K(320512K) Eden: 292864K(292864K)->0K(292864K) From: 160K(28672K)->192K(27648K)
[146.029s][info][gc,heap        ] GC(1305) ParOldGen: 115055K(699392K)->115055K(699392K)
[146.029s][info][gc,metaspace   ] GC(1305) Metaspace: 36235K(36544K)->36235K(36544K) NonClass: 32067K(32192K)->32067K(32192K) Class: 4168K(4352K)->4168K(4352K)
[146.029s][info][gc             ] GC(1305) Pause Young (Allocation Failure) 398M->112M(996M) 0.377ms
[146.029s][info][gc,cpu         ] GC(1305) User=0.00s Sys=0.00s Real=0.00s
[146.074s][info][gc,start       ] GC(1306) Pause Young (Allocation Failure)
[146.074s][info][gc,heap        ] GC(1306) PSYoungGen: 293056K(320512K)->160K(324096K) Eden: 292864K(292864K)->0K(297472K) From: 192K(27648K)->160K(26624K)
[146.074s][info][gc,heap        ] GC(1306) ParOldGen: 115055K(699392K)->115055K(699392K)
[146.074s][info][gc,metaspace   ] GC(1306) Metaspace: 36235K(36544K)->36235K(36544K) NonClass: 32067K(32192K)->32067K(32192K) Class: 4168K(4352K)->4168K(4352K)
[146.074s][info][gc             ] GC(1306) Pause Young (Allocation Failure) 398M->112M(999M) 0.352ms
[146.074s][info][gc,cpu         ] GC(1306) User=0.00s Sys=0.00s Real=0.00s
[146.118s][info][gc,start       ] GC(1307) Pause Young (Allocation Failure)
[146.118s][info][gc,heap        ] GC(1307) PSYoungGen: 297632K(324096K)->160K(322560K) Eden: 297472K(297472K)->0K(297472K) From: 160K(26624K)->160K(25088K)
[146.118s][info][gc,heap        ] GC(1307) ParOldGen: 115055K(699392K)->115055K(699392K)
[146.118s][info][gc,metaspace   ] GC(1307) Metaspace: 36235K(36544K)->36235K(36544K) NonClass: 32067K(32192K)->32067K(32192K) Class: 4168K(4352K)->4168K(4352K)
[146.118s][info][gc             ] GC(1307) Pause Young (Allocation Failure) 403M->112M(998M) 0.376ms
[146.118s][info][gc,cpu         ] GC(1307) User=0.00s Sys=0.00s Real=0.00s
[146.164s][info][gc,start       ] GC(1308) Pause Young (Allocation Failure)
[146.164s][info][gc,heap        ] GC(1308) PSYoungGen: 297632K(322560K)->192K(326144K) Eden: 297472K(297472K)->0K(302080K) From: 160K(25088K)->192K(24064K)
[146.164s][info][gc,heap        ] GC(1308) ParOldGen: 115055K(699392K)->115055K(699392K)
[146.164s][info][gc,metaspace   ] GC(1308) Metaspace: 36235K(36544K)->36235K(36544K) NonClass: 32067K(32192K)->32067K(32192K) Class: 4168K(4352K)->4168K(4352K)
[146.164s][info][gc             ] GC(1308) Pause Young (Allocation Failure) 403M->112M(1001M) 0.404ms
[146.164s][info][gc,cpu         ] GC(1308) User=0.00s Sys=0.00s Real=0.00s
[146.211s][info][gc,start       ] GC(1309) Pause Young (Allocation Failure)
[146.212s][info][gc,heap        ] GC(1309) PSYoungGen: 302272K(326144K)->160K(325120K) Eden: 302080K(302080K)->0K(302080K) From: 192K(24064K)->160K(23040K)
[146.212s][info][gc,heap        ] GC(1309) ParOldGen: 115055K(699392K)->115055K(699392K)
[146.212s][info][gc,metaspace   ] GC(1309) Metaspace: 36235K(36544K)->36235K(36544K) NonClass: 32067K(32192K)->32067K(32192K) Class: 4168K(4352K)->4168K(4352K)
[146.212s][info][gc             ] GC(1309) Pause Young (Allocation Failure) 407M->112M(1000M) 0.411ms
[146.212s][info][gc,cpu         ] GC(1309) User=0.00s Sys=0.00s Real=0.00s
[146.258s][info][gc,start       ] GC(1310) Pause Young (Allocation Failure)
[146.258s][info][gc,heap        ] GC(1310) PSYoungGen: 302240K(325120K)->192K(328704K) Eden: 302080K(302080K)->0K(307200K) From: 160K(23040K)->192K(21504K)
[146.258s][info][gc,heap        ] GC(1310) ParOldGen: 115055K(699392K)->115055K(699392K)
[146.258s][info][gc,metaspace   ] GC(1310) Metaspace: 36235K(36544K)->36235K(36544K) NonClass: 32067K(32192K)->32067K(32192K) Class: 4168K(4352K)->4168K(4352K)
[146.258s][info][gc             ] GC(1310) Pause Young (Allocation Failure) 407M->112M(1004M) 0.397ms
[146.258s][info][gc,cpu         ] GC(1310) User=0.00s Sys=0.00s Real=0.00s
[146.306s][info][gc,start       ] GC(1311) Pause Young (Allocation Failure)
[146.306s][info][gc,heap        ] GC(1311) PSYoungGen: 307392K(328704K)->192K(327680K) Eden: 307200K(307200K)->0K(307200K) From: 192K(21504K)->192K(20480K)
[146.306s][info][gc,heap        ] GC(1311) ParOldGen: 115055K(699392K)->115055K(699392K)
[146.306s][info][gc,metaspace   ] GC(1311) Metaspace: 36235K(36544K)->36235K(36544K) NonClass: 32067K(32192K)->32067K(32192K) Class: 4168K(4352K)->4168K(4352K)
[146.306s][info][gc             ] GC(1311) Pause Young (Allocation Failure) 412M->112M(1003M) 0.422ms
[146.306s][info][gc,cpu         ] GC(1311) User=0.00s Sys=0.00s Real=0.00s
[146.367s][info][gc,start       ] GC(1312) Pause Young (Allocation Failure)
[146.368s][info][gc,heap        ] GC(1312) PSYoungGen: 307392K(327680K)->192K(331264K) Eden: 307200K(307200K)->0K(311808K) From: 192K(20480K)->192K(19456K)
[146.368s][info][gc,heap        ] GC(1312) ParOldGen: 115055K(699392K)->115055K(699392K)
[146.368s][info][gc,metaspace   ] GC(1312) Metaspace: 36235K(36544K)->36235K(36544K) NonClass: 32067K(32192K)->32067K(32192K) Class: 4168K(4352K)->4168K(4352K)
[146.368s][info][gc             ] GC(1312) Pause Young (Allocation Failure) 412M->112M(1006M) 0.450ms
[146.368s][info][gc,cpu         ] GC(1312) User=0.00s Sys=0.00s Real=0.00s
[146.428s][info][gc,start       ] GC(1313) Pause Young (Allocation Failure)
[146.428s][info][gc,heap        ] GC(1313) PSYoungGen: 312000K(331264K)->160K(329728K) Eden: 311808K(311808K)->0K(311808K) From: 192K(19456K)->160K(17920K)
[146.428s][info][gc,heap        ] GC(1313) ParOldGen: 115055K(699392K)->115103K(699392K)
[146.428s][info][gc,metaspace   ] GC(1313) Metaspace: 36235K(36544K)->36235K(36544K) NonClass: 32067K(32192K)->32067K(32192K) Class: 4168K(4352K)->4168K(4352K)
[146.428s][info][gc             ] GC(1313) Pause Young (Allocation Failure) 417M->112M(1005M) 0.422ms
[146.428s][info][gc,cpu         ] GC(1313) User=0.00s Sys=0.00s Real=0.00s
[146.487s][info][gc,start       ] GC(1314) Pause Young (Allocation Failure)
[146.488s][info][gc,heap        ] GC(1314) PSYoungGen: 311968K(329728K)->192K(333312K) Eden: 311808K(311808K)->0K(316416K) From: 160K(17920K)->192K(16896K)
[146.488s][info][gc,heap        ] GC(1314) ParOldGen: 115103K(699392K)->115103K(699392K)
[146.488s][info][gc,metaspace   ] GC(1314) Metaspace: 36235K(36544K)->36235K(36544K) NonClass: 32067K(32192K)->32067K(32192K) Class: 4168K(4352K)->4168K(4352K)
[146.488s][info][gc             ] GC(1314) Pause Young (Allocation Failure) 417M->112M(1008M) 0.404ms
[146.488s][info][gc,cpu         ] GC(1314) User=0.00s Sys=0.00s Real=0.00s
[146.549s][info][gc,start       ] GC(1315) Pause Young (Allocation Failure)
[146.550s][info][gc,heap        ] GC(1315) PSYoungGen: 316608K(333312K)->160K(332288K) Eden: 316416K(316416K)->0K(316416K) From: 192K(16896K)->160K(15872K)
[146.550s][info][gc,heap        ] GC(1315) ParOldGen: 115103K(699392K)->115103K(699392K)
[146.550s][info][gc,metaspace   ] GC(1315) Metaspace: 36235K(36544K)->36235K(36544K) NonClass: 32067K(32192K)->32067K(32192K) Class: 4168K(4352K)->4168K(4352K)
[146.550s][info][gc             ] GC(1315) Pause Young (Allocation Failure) 421M->112M(1007M) 0.464ms
[146.550s][info][gc,cpu         ] GC(1315) User=0.00s Sys=0.00s Real=0.00s
[146.611s][info][gc,start       ] GC(1316) Pause Young (Allocation Failure)
[146.611s][info][gc,heap        ] GC(1316) PSYoungGen: 316576K(332288K)->192K(335360K) Eden: 316416K(316416K)->0K(320512K) From: 160K(15872K)->192K(14848K)
[146.611s][info][gc,heap        ] GC(1316) ParOldGen: 115103K(699392K)->115103K(699392K)
[146.611s][info][gc,metaspace   ] GC(1316) Metaspace: 36235K(36544K)->36235K(36544K) NonClass: 32067K(32192K)->32067K(32192K) Class: 4168K(4352K)->4168K(4352K)
[146.611s][info][gc             ] GC(1316) Pause Young (Allocation Failure) 421M->112M(1010M) 0.443ms
[146.611s][info][gc,cpu         ] GC(1316) User=0.00s Sys=0.00s Real=0.00s
[146.671s][info][gc,start       ] GC(1317) Pause Young (Allocation Failure)
[146.672s][info][gc,heap        ] GC(1317) PSYoungGen: 320704K(335360K)->160K(334336K) Eden: 320512K(320512K)->0K(320512K) From: 192K(14848K)->160K(13824K)
[146.672s][info][gc,heap        ] GC(1317) ParOldGen: 115103K(699392K)->115103K(699392K)
[146.672s][info][gc,metaspace   ] GC(1317) Metaspace: 36235K(36544K)->36235K(36544K) NonClass: 32067K(32192K)->32067K(32192K) Class: 4168K(4352K)->4168K(4352K)
[146.672s][info][gc             ] GC(1317) Pause Young (Allocation Failure) 425M->112M(1009M) 0.425ms
[146.672s][info][gc,cpu         ] GC(1317) User=0.00s Sys=0.00s Real=0.00s
[146.733s][info][gc,start       ] GC(1318) Pause Young (Allocation Failure)
[146.733s][info][gc,heap        ] GC(1318) PSYoungGen: 320672K(334336K)->128K(336896K) Eden: 320512K(320512K)->0K(323584K) From: 160K(13824K)->128K(13312K)
[146.733s][info][gc,heap        ] GC(1318) ParOldGen: 115103K(699392K)->115103K(699392K)
[146.733s][info][gc,metaspace   ] GC(1318) Metaspace: 36235K(36544K)->36235K(36544K) NonClass: 32067K(32192K)->32067K(32192K) Class: 4168K(4352K)->4168K(4352K)
[146.733s][info][gc             ] GC(1318) Pause Young (Allocation Failure) 425M->112M(1012M) 0.483ms
[146.733s][info][gc,cpu         ] GC(1318) User=0.00s Sys=0.00s Real=0.00s
[146.796s][info][gc,start       ] GC(1319) Pause Young (Allocation Failure)
[146.796s][info][gc,heap        ] GC(1319) PSYoungGen: 323712K(336896K)->160K(335872K) Eden: 323584K(323584K)->0K(323584K) From: 128K(13312K)->160K(12288K)
[146.796s][info][gc,heap        ] GC(1319) ParOldGen: 115103K(699392K)->115103K(699392K)
[146.796s][info][gc,metaspace   ] GC(1319) Metaspace: 36235K(36544K)->36235K(36544K) NonClass: 32067K(32192K)->32067K(32192K) Class: 4168K(4352K)->4168K(4352K)
[146.796s][info][gc             ] GC(1319) Pause Young (Allocation Failure) 428M->112M(1011M) 0.553ms
[146.796s][info][gc,cpu         ] GC(1319) User=0.00s Sys=0.00s Real=0.00s
[146.858s][info][gc,start       ] GC(1320) Pause Young (Allocation Failure)
[146.858s][info][gc,heap        ] GC(1320) PSYoungGen: 323744K(335872K)->192K(338432K) Eden: 323584K(323584K)->0K(327168K) From: 160K(12288K)->192K(11264K)
[146.858s][info][gc,heap        ] GC(1320) ParOldGen: 115103K(699392K)->115103K(699392K)
[146.858s][info][gc,metaspace   ] GC(1320) Metaspace: 36235K(36544K)->36235K(36544K) NonClass: 32067K(32192K)->32067K(32192K) Class: 4168K(4352K)->4168K(4352K)
[146.858s][info][gc             ] GC(1320) Pause Young (Allocation Failure) 428M->112M(1013M) 0.421ms
[146.858s][info][gc,cpu         ] GC(1320) User=0.00s Sys=0.00s Real=0.00s
[146.921s][info][gc,start       ] GC(1321) Pause Young (Allocation Failure)
[146.921s][info][gc,heap        ] GC(1321) PSYoungGen: 327360K(338432K)->192K(337920K) Eden: 327168K(327168K)->0K(327168K) From: 192K(11264K)->192K(10752K)
[146.921s][info][gc,heap        ] GC(1321) ParOldGen: 115103K(699392K)->115103K(699392K)
[146.921s][info][gc,metaspace   ] GC(1321) Metaspace: 36235K(36544K)->36235K(36544K) NonClass: 32067K(32192K)->32067K(32192K) Class: 4168K(4352K)->4168K(4352K)
[146.921s][info][gc             ] GC(1321) Pause Young (Allocation Failure) 432M->112M(1013M) 0.407ms
[146.921s][info][gc,cpu         ] GC(1321) User=0.00s Sys=0.00s Real=0.00s
[146.984s][info][gc,start       ] GC(1322) Pause Young (Allocation Failure)
[146.984s][info][gc,heap        ] GC(1322) PSYoungGen: 327360K(337920K)->160K(339968K) Eden: 327168K(327168K)->0K(330240K) From: 192K(10752K)->160K(9728K)
[146.984s][info][gc,heap        ] GC(1322) ParOldGen: 115103K(699392K)->115103K(699392K)
[146.984s][info][gc,metaspace   ] GC(1322) Metaspace: 36235K(36544K)->36235K(36544K) NonClass: 32067K(32192K)->32067K(32192K) Class: 4168K(4352K)->4168K(4352K)
[146.984s][info][gc             ] GC(1322) Pause Young (Allocation Failure) 432M->112M(1015M) 0.407ms
[146.984s][info][gc,cpu         ] GC(1322) User=0.00s Sys=0.00s Real=0.00s
[147.044s][info][gc,start       ] GC(1323) Pause Young (Allocation Failure)
[147.044s][info][gc,heap        ] GC(1323) PSYoungGen: 330400K(339968K)->160K(339456K) Eden: 330240K(330240K)->0K(330240K) From: 160K(9728K)->160K(9216K)
[147.044s][info][gc,heap        ] GC(1323) ParOldGen: 115103K(699392K)->115103K(699392K)
[147.044s][info][gc,metaspace   ] GC(1323) Metaspace: 36235K(36544K)->36235K(36544K) NonClass: 32067K(32192K)->32067K(32192K) Class: 4168K(4352K)->4168K(4352K)
[147.044s][info][gc             ] GC(1323) Pause Young (Allocation Failure) 435M->112M(1014M) 0.388ms
[147.044s][info][gc,cpu         ] GC(1323) User=0.00s Sys=0.00s Real=0.00s
[147.105s][info][gc,start       ] GC(1324) Pause Young (Allocation Failure)
[147.105s][info][gc,heap        ] GC(1324) PSYoungGen: 330400K(339456K)->160K(340992K) Eden: 330240K(330240K)->0K(332288K) From: 160K(9216K)->160K(8704K)
[147.105s][info][gc,heap        ] GC(1324) ParOldGen: 115103K(699392K)->115103K(699392K)
[147.105s][info][gc,metaspace   ] GC(1324) Metaspace: 36235K(36544K)->36235K(36544K) NonClass: 32067K(32192K)->32067K(32192K) Class: 4168K(4352K)->4168K(4352K)
[147.105s][info][gc             ] GC(1324) Pause Young (Allocation Failure) 435M->112M(1016M) 0.431ms
[147.105s][info][gc,cpu         ] GC(1324) User=0.00s Sys=0.00s Real=0.00s
[147.168s][info][gc,start       ] GC(1325) Pause Young (Allocation Failure)
[147.168s][info][gc,heap        ] GC(1325) PSYoungGen: 332448K(340992K)->160K(340480K) Eden: 332288K(332288K)->0K(332288K) From: 160K(8704K)->160K(8192K)
[147.168s][info][gc,heap        ] GC(1325) ParOldGen: 115103K(699392K)->115103K(699392K)
[147.168s][info][gc,metaspace   ] GC(1325) Metaspace: 36235K(36544K)->36235K(36544K) NonClass: 32067K(32192K)->32067K(32192K) Class: 4168K(4352K)->4168K(4352K)
[147.168s][info][gc             ] GC(1325) Pause Young (Allocation Failure) 437M->112M(1015M) 0.424ms
[147.168s][info][gc,cpu         ] GC(1325) User=0.00s Sys=0.00s Real=0.00s
[147.231s][info][gc,start       ] GC(1326) Pause Young (Allocation Failure)
[147.231s][info][gc,heap        ] GC(1326) PSYoungGen: 332448K(340480K)->192K(342528K) Eden: 332288K(332288K)->0K(335360K) From: 160K(8192K)->192K(7168K)
[147.231s][info][gc,heap        ] GC(1326) ParOldGen: 115103K(699392K)->115103K(699392K)
[147.231s][info][gc,metaspace   ] GC(1326) Metaspace: 36235K(36544K)->36235K(36544K) NonClass: 32067K(32192K)->32067K(32192K) Class: 4168K(4352K)->4168K(4352K)
[147.231s][info][gc             ] GC(1326) Pause Young (Allocation Failure) 437M->112M(1017M) 0.448ms
[147.231s][info][gc,cpu         ] GC(1326) User=0.00s Sys=0.00s Real=0.02s
[147.294s][info][gc,start       ] GC(1327) Pause Young (Allocation Failure)
[147.294s][info][gc,heap        ] GC(1327) PSYoungGen: 335552K(342528K)->160K(342016K) Eden: 335360K(335360K)->0K(335360K) From: 192K(7168K)->160K(6656K)
[147.294s][info][gc,heap        ] GC(1327) ParOldGen: 115103K(699392K)->115103K(699392K)
[147.294s][info][gc,metaspace   ] GC(1327) Metaspace: 36235K(36544K)->36235K(36544K) NonClass: 32067K(32192K)->32067K(32192K) Class: 4168K(4352K)->4168K(4352K)
[147.294s][info][gc             ] GC(1327) Pause Young (Allocation Failure) 440M->112M(1017M) 0.481ms
[147.294s][info][gc,cpu         ] GC(1327) User=0.00s Sys=0.00s Real=0.00s
[147.358s][info][gc,start       ] GC(1328) Pause Young (Allocation Failure)
[147.358s][info][gc,heap        ] GC(1328) PSYoungGen: 335520K(342016K)->160K(343040K) Eden: 335360K(335360K)->0K(336896K) From: 160K(6656K)->160K(6144K)
[147.358s][info][gc,heap        ] GC(1328) ParOldGen: 115103K(699392K)->115103K(699392K)
[147.358s][info][gc,metaspace   ] GC(1328) Metaspace: 36235K(36544K)->36235K(36544K) NonClass: 32067K(32192K)->32067K(32192K) Class: 4168K(4352K)->4168K(4352K)
[147.358s][info][gc             ] GC(1328) Pause Young (Allocation Failure) 440M->112M(1018M) 0.401ms
[147.358s][info][gc,cpu         ] GC(1328) User=0.00s Sys=0.00s Real=0.00s
[147.422s][info][gc,start       ] GC(1329) Pause Young (Allocation Failure)
[147.422s][info][gc,heap        ] GC(1329) PSYoungGen: 337056K(343040K)->192K(343040K) Eden: 336896K(336896K)->0K(336896K) From: 160K(6144K)->192K(6144K)
[147.422s][info][gc,heap        ] GC(1329) ParOldGen: 115103K(699392K)->115103K(699392K)
[147.422s][info][gc,metaspace   ] GC(1329) Metaspace: 36235K(36544K)->36235K(36544K) NonClass: 32067K(32192K)->32067K(32192K) Class: 4168K(4352K)->4168K(4352K)
[147.422s][info][gc             ] GC(1329) Pause Young (Allocation Failure) 441M->112M(1018M) 0.422ms
[147.422s][info][gc,cpu         ] GC(1329) User=0.00s Sys=0.00s Real=0.00s
[147.484s][info][gc,start       ] GC(1330) Pause Young (Allocation Failure)
[147.484s][info][gc,heap        ] GC(1330) PSYoungGen: 337088K(343040K)->160K(344064K) Eden: 336896K(336896K)->0K(338432K) From: 192K(6144K)->160K(5632K)
[147.484s][info][gc,heap        ] GC(1330) ParOldGen: 115103K(699392K)->115103K(699392K)
[147.484s][info][gc,metaspace   ] GC(1330) Metaspace: 36235K(36544K)->36235K(36544K) NonClass: 32067K(32192K)->32067K(32192K) Class: 4168K(4352K)->4168K(4352K)
[147.484s][info][gc             ] GC(1330) Pause Young (Allocation Failure) 441M->112M(1019M) 0.394ms
[147.484s][info][gc,cpu         ] GC(1330) User=0.09s Sys=0.00s Real=0.00s
[147.550s][info][gc,start       ] GC(1331) Pause Young (Allocation Failure)
[147.550s][info][gc,heap        ] GC(1331) PSYoungGen: 338592K(344064K)->192K(343552K) Eden: 338432K(338432K)->0K(338432K) From: 160K(5632K)->192K(5120K)
[147.550s][info][gc,heap        ] GC(1331) ParOldGen: 115103K(699392K)->115103K(699392K)
[147.550s][info][gc,metaspace   ] GC(1331) Metaspace: 36235K(36544K)->36235K(36544K) NonClass: 32067K(32192K)->32067K(32192K) Class: 4168K(4352K)->4168K(4352K)
[147.550s][info][gc             ] GC(1331) Pause Young (Allocation Failure) 443M->112M(1018M) 0.454ms
[147.550s][info][gc,cpu         ] GC(1331) User=0.00s Sys=0.00s Real=0.00s
[147.614s][info][gc,start       ] GC(1332) Pause Young (Allocation Failure)
[147.614s][info][gc,heap        ] GC(1332) PSYoungGen: 338624K(343552K)->160K(344576K) Eden: 338432K(338432K)->0K(339968K) From: 192K(5120K)->160K(4608K)
[147.614s][info][gc,heap        ] GC(1332) ParOldGen: 115103K(699392K)->115103K(699392K)
[147.614s][info][gc,metaspace   ] GC(1332) Metaspace: 36235K(36544K)->36235K(36544K) NonClass: 32067K(32192K)->32067K(32192K) Class: 4168K(4352K)->4168K(4352K)
[147.614s][info][gc             ] GC(1332) Pause Young (Allocation Failure) 443M->112M(1019M) 0.407ms
[147.614s][info][gc,cpu         ] GC(1332) User=0.00s Sys=0.00s Real=0.00s
[147.676s][info][gc,start       ] GC(1333) Pause Young (Allocation Failure)
[147.676s][info][gc,heap        ] GC(1333) PSYoungGen: 340128K(344576K)->160K(344576K) Eden: 339968K(339968K)->0K(339968K) From: 160K(4608K)->160K(4608K)
[147.676s][info][gc,heap        ] GC(1333) ParOldGen: 115103K(699392K)->115103K(699392K)
[147.676s][info][gc,metaspace   ] GC(1333) Metaspace: 36235K(36544K)->36235K(36544K) NonClass: 32067K(32192K)->32067K(32192K) Class: 4168K(4352K)->4168K(4352K)
[147.676s][info][gc             ] GC(1333) Pause Young (Allocation Failure) 444M->112M(1019M) 0.457ms
[147.676s][info][gc,cpu         ] GC(1333) User=0.00s Sys=0.00s Real=0.00s
[147.741s][info][gc,start       ] GC(1334) Pause Young (Allocation Failure)
[147.741s][info][gc,heap        ] GC(1334) PSYoungGen: 340128K(344576K)->192K(345600K) Eden: 339968K(339968K)->0K(341504K) From: 160K(4608K)->192K(4096K)
[147.741s][info][gc,heap        ] GC(1334) ParOldGen: 115103K(699392K)->115103K(699392K)
[147.741s][info][gc,metaspace   ] GC(1334) Metaspace: 36235K(36544K)->36235K(36544K) NonClass: 32067K(32192K)->32067K(32192K) Class: 4168K(4352K)->4168K(4352K)
[147.742s][info][gc             ] GC(1334) Pause Young (Allocation Failure) 444M->112M(1020M) 0.450ms
[147.742s][info][gc,cpu         ] GC(1334) User=0.00s Sys=0.00s Real=0.00s
[147.807s][info][gc,start       ] GC(1335) Pause Young (Allocation Failure)
[147.808s][info][gc,heap        ] GC(1335) PSYoungGen: 341696K(345600K)->160K(345088K) Eden: 341504K(341504K)->0K(341504K) From: 192K(4096K)->160K(3584K)
[147.808s][info][gc,heap        ] GC(1335) ParOldGen: 115103K(699392K)->115103K(699392K)
[147.808s][info][gc,metaspace   ] GC(1335) Metaspace: 36235K(36544K)->36235K(36544K) NonClass: 32067K(32192K)->32067K(32192K) Class: 4168K(4352K)->4168K(4352K)
[147.808s][info][gc             ] GC(1335) Pause Young (Allocation Failure) 446M->112M(1020M) 0.437ms
[147.808s][info][gc,cpu         ] GC(1335) User=0.00s Sys=0.00s Real=0.00s
[147.874s][info][gc,start       ] GC(1336) Pause Young (Allocation Failure)
[147.875s][info][gc,heap        ] GC(1336) PSYoungGen: 341664K(345088K)->160K(346112K) Eden: 341504K(341504K)->0K(342528K) From: 160K(3584K)->160K(3584K)
[147.875s][info][gc,heap        ] GC(1336) ParOldGen: 115103K(699392K)->115103K(699392K)
[147.875s][info][gc,metaspace   ] GC(1336) Metaspace: 36235K(36544K)->36235K(36544K) NonClass: 32067K(32192K)->32067K(32192K) Class: 4168K(4352K)->4168K(4352K)
[147.875s][info][gc             ] GC(1336) Pause Young (Allocation Failure) 446M->112M(1021M) 0.499ms
[147.875s][info][gc,cpu         ] GC(1336) User=0.00s Sys=0.00s Real=0.00s
[147.942s][info][gc,start       ] GC(1337) Pause Young (Allocation Failure)
[147.942s][info][gc,heap        ] GC(1337) PSYoungGen: 342688K(346112K)->160K(345600K) Eden: 342528K(342528K)->0K(342528K) From: 160K(3584K)->160K(3072K)
[147.942s][info][gc,heap        ] GC(1337) ParOldGen: 115103K(699392K)->115103K(699392K)
[147.942s][info][gc,metaspace   ] GC(1337) Metaspace: 36235K(36544K)->36235K(36544K) NonClass: 32067K(32192K)->32067K(32192K) Class: 4168K(4352K)->4168K(4352K)
[147.942s][info][gc             ] GC(1337) Pause Young (Allocation Failure) 447M->112M(1020M) 0.416ms
[147.942s][info][gc,cpu         ] GC(1337) User=0.00s Sys=0.00s Real=0.00s
[148.008s][info][gc,start       ] GC(1338) Pause Young (Allocation Failure)
[148.008s][info][gc,heap        ] GC(1338) PSYoungGen: 342688K(345600K)->160K(346112K) Eden: 342528K(342528K)->0K(343040K) From: 160K(3072K)->160K(3072K)
[148.008s][info][gc,heap        ] GC(1338) ParOldGen: 115103K(699392K)->115103K(699392K)
[148.008s][info][gc,metaspace   ] GC(1338) Metaspace: 36235K(36544K)->36235K(36544K) NonClass: 32067K(32192K)->32067K(32192K) Class: 4168K(4352K)->4168K(4352K)
[148.008s][info][gc             ] GC(1338) Pause Young (Allocation Failure) 447M->112M(1021M) 0.507ms
[148.008s][info][gc,cpu         ] GC(1338) User=0.00s Sys=0.00s Real=0.00s
[148.099s][info][gc,start       ] GC(1339) Pause Young (Allocation Failure)
[148.100s][info][gc,heap        ] GC(1339) PSYoungGen: 343200K(346112K)->192K(346112K) Eden: 343040K(343040K)->0K(343040K) From: 160K(3072K)->192K(3072K)
[148.100s][info][gc,heap        ] GC(1339) ParOldGen: 115103K(699392K)->115103K(699392K)
[148.100s][info][gc,metaspace   ] GC(1339) Metaspace: 36236K(36544K)->36236K(36544K) NonClass: 32067K(32192K)->32067K(32192K) Class: 4168K(4352K)->4168K(4352K)
[148.100s][info][gc             ] GC(1339) Pause Young (Allocation Failure) 447M->112M(1021M) 0.423ms
[148.100s][info][gc,cpu         ] GC(1339) User=0.00s Sys=0.00s Real=0.00s
[148.480s][info][gc,start       ] GC(1340) Pause Young (Allocation Failure)
[148.496s][info][gc,heap        ] GC(1340) PSYoungGen: 342185K(346112K)->2560K(312832K) Eden: 341993K(343040K)->0K(310272K) From: 192K(3072K)->2560K(2560K)
[148.496s][info][gc,heap        ] GC(1340) ParOldGen: 115103K(699392K)->158888K(699392K)
[148.496s][info][gc,metaspace   ] GC(1340) Metaspace: 36237K(36544K)->36237K(36544K) NonClass: 32068K(32192K)->32068K(32192K) Class: 4168K(4352K)->4168K(4352K)
[148.496s][info][gc             ] GC(1340) Pause Young (Allocation Failure) 446M->157M(988M) 16.201ms
[148.496s][info][gc,cpu         ] GC(1340) User=0.09s Sys=0.00s Real=0.02s
[148.765s][info][gc,start       ] GC(1341) Pause Young (Allocation Failure)
[148.773s][info][gc,heap        ] GC(1341) PSYoungGen: 306134K(312832K)->19441K(329728K) Eden: 303574K(310272K)->0K(310272K) From: 2560K(2560K)->19441K(19456K)
[148.774s][info][gc,heap        ] GC(1341) ParOldGen: 158888K(699392K)->169121K(699392K)
[148.774s][info][gc,metaspace   ] GC(1341) Metaspace: 36237K(36544K)->36237K(36544K) NonClass: 32068K(32192K)->32068K(32192K) Class: 4168K(4352K)->4168K(4352K)
[148.774s][info][gc             ] GC(1341) Pause Young (Allocation Failure) 454M->184M(1005M) 8.568ms
[148.774s][info][gc,cpu         ] GC(1341) User=0.09s Sys=0.00s Real=0.01s
[149.060s][info][gc,start       ] GC(1342) Pause Young (Allocation Failure)
[149.066s][info][gc,heap        ] GC(1342) PSYoungGen: 329713K(329728K)->12111K(314368K) Eden: 310272K(310272K)->0K(294912K) From: 19441K(19456K)->12111K(19456K)
[149.066s][info][gc,heap        ] GC(1342) ParOldGen: 169121K(699392K)->178717K(699392K)
[149.066s][info][gc,metaspace   ] GC(1342) Metaspace: 36237K(36544K)->36237K(36544K) NonClass: 32068K(32192K)->32068K(32192K) Class: 4168K(4352K)->4168K(4352K)
[149.066s][info][gc             ] GC(1342) Pause Young (Allocation Failure) 487M->186M(990M) 6.800ms
[149.067s][info][gc,cpu         ] GC(1342) User=0.09s Sys=0.00s Real=0.01s
[149.315s][info][gc,start       ] GC(1343) Pause Young (Allocation Failure)
[149.323s][info][gc,heap        ] GC(1343) PSYoungGen: 300142K(314368K)->22333K(317440K) Eden: 288031K(294912K)->0K(294912K) From: 12111K(19456K)->22333K(22528K)
[149.323s][info][gc,heap        ] GC(1343) ParOldGen: 178717K(699392K)->180163K(699392K)
[149.323s][info][gc,metaspace   ] GC(1343) Metaspace: 36237K(36544K)->36237K(36544K) NonClass: 32068K(32192K)->32068K(32192K) Class: 4168K(4352K)->4168K(4352K)
[149.323s][info][gc             ] GC(1343) Pause Young (Allocation Failure) 467M->197M(993M) 8.097ms
[149.323s][info][gc,cpu         ] GC(1343) User=0.00s Sys=0.00s Real=0.01s
[149.572s][info][gc,start       ] GC(1344) Pause Young (Allocation Failure)
[149.579s][info][gc,heap        ] GC(1344) PSYoungGen: 317245K(317440K)->18482K(315904K) Eden: 294912K(294912K)->0K(285696K) From: 22333K(22528K)->18482K(30208K)
[149.579s][info][gc,heap        ] GC(1344) ParOldGen: 180163K(699392K)->184955K(699392K)
[149.579s][info][gc,metaspace   ] GC(1344) Metaspace: 36237K(36544K)->36237K(36544K) NonClass: 32068K(32192K)->32068K(32192K) Class: 4168K(4352K)->4168K(4352K)
[149.579s][info][gc             ] GC(1344) Pause Young (Allocation Failure) 485M->198M(991M) 7.691ms
[149.579s][info][gc,cpu         ] GC(1344) User=0.09s Sys=0.00s Real=0.01s
[149.810s][info][gc,start       ] GC(1345) Pause Young (Allocation Failure)
[149.817s][info][gc,heap        ] GC(1345) PSYoungGen: 304178K(315904K)->9760K(317440K) Eden: 285696K(285696K)->0K(285696K) From: 18482K(30208K)->9760K(31744K)
[149.817s][info][gc,heap        ] GC(1345) ParOldGen: 184955K(699392K)->189573K(699392K)
[149.817s][info][gc,metaspace   ] GC(1345) Metaspace: 36237K(36544K)->36237K(36544K) NonClass: 32068K(32192K)->32068K(32192K) Class: 4168K(4352K)->4168K(4352K)
[149.817s][info][gc             ] GC(1345) Pause Young (Allocation Failure) 477M->194M(993M) 6.198ms
[149.817s][info][gc,cpu         ] GC(1345) User=0.08s Sys=0.00s Real=0.01s
[150.071s][info][gc,start       ] GC(1346) Pause Young (Allocation Failure)
[150.078s][info][gc,heap        ] GC(1346) PSYoungGen: 295456K(317440K)->16656K(318464K) Eden: 285696K(285696K)->0K(288768K) From: 9760K(31744K)->16656K(29696K)
[150.078s][info][gc,heap        ] GC(1346) ParOldGen: 189573K(699392K)->190560K(699392K)
[150.078s][info][gc,metaspace   ] GC(1346) Metaspace: 36237K(36544K)->36237K(36544K) NonClass: 32068K(32192K)->32068K(32192K) Class: 4168K(4352K)->4168K(4352K)
[150.078s][info][gc             ] GC(1346) Pause Young (Allocation Failure) 473M->202M(994M) 6.771ms
[150.078s][info][gc,cpu         ] GC(1346) User=0.06s Sys=0.02s Real=0.01s
[150.326s][info][gc,start       ] GC(1347) Pause Young (Allocation Failure)
[150.332s][info][gc,heap        ] GC(1347) PSYoungGen: 304933K(318464K)->19104K(308224K) Eden: 288277K(288768K)->0K(288768K) From: 16656K(29696K)->19104K(19456K)
[150.332s][info][gc,heap        ] GC(1347) ParOldGen: 190560K(699392K)->192622K(699392K)
[150.332s][info][gc,metaspace   ] GC(1347) Metaspace: 36237K(36544K)->36237K(36544K) NonClass: 32068K(32192K)->32068K(32192K) Class: 4168K(4352K)->4168K(4352K)
[150.332s][info][gc             ] GC(1347) Pause Young (Allocation Failure) 483M->206M(984M) 6.755ms
[150.332s][info][gc,cpu         ] GC(1347) User=0.09s Sys=0.00s Real=0.01s
[150.572s][info][gc,start       ] GC(1348) Pause Young (Allocation Failure)
[150.577s][info][gc,heap        ] GC(1348) PSYoungGen: 307872K(308224K)->9981K(319488K) Eden: 288768K(288768K)->0K(288256K) From: 19104K(19456K)->9981K(31232K)
[150.577s][info][gc,heap        ] GC(1348) ParOldGen: 192622K(699392K)->194790K(699392K)
[150.577s][info][gc,metaspace   ] GC(1348) Metaspace: 36237K(36544K)->36237K(36544K) NonClass: 32068K(32192K)->32068K(32192K) Class: 4168K(4352K)->4168K(4352K)
[150.577s][info][gc             ] GC(1348) Pause Young (Allocation Failure) 488M->199M(995M) 5.643ms
[150.578s][info][gc,cpu         ] GC(1348) User=0.00s Sys=0.00s Real=0.01s
[150.807s][info][gc,start       ] GC(1349) Pause Young (Allocation Failure)
[150.813s][info][gc,heap        ] GC(1349) PSYoungGen: 295857K(319488K)->20125K(317952K) Eden: 285876K(288256K)->0K(288256K) From: 9981K(31232K)->20125K(29696K)
[150.813s][info][gc,heap        ] GC(1349) ParOldGen: 194790K(699392K)->195988K(699392K)
[150.813s][info][gc,metaspace   ] GC(1349) Metaspace: 36237K(36544K)->36237K(36544K) NonClass: 32068K(32192K)->32068K(32192K) Class: 4168K(4352K)->4168K(4352K)
[150.813s][info][gc             ] GC(1349) Pause Young (Allocation Failure) 479M->211M(993M) 6.572ms
[150.813s][info][gc,cpu         ] GC(1349) User=0.09s Sys=0.00s Real=0.01s
[151.056s][info][gc,start       ] GC(1350) Pause Young (Allocation Failure)
[151.062s][info][gc,heap        ] GC(1350) PSYoungGen: 308381K(317952K)->15818K(318464K) Eden: 288256K(288256K)->0K(287232K) From: 20125K(29696K)->15818K(31232K)
[151.062s][info][gc,heap        ] GC(1350) ParOldGen: 195988K(699392K)->196903K(699392K)
[151.062s][info][gc,metaspace   ] GC(1350) Metaspace: 36237K(36544K)->36237K(36544K) NonClass: 32068K(32192K)->32068K(32192K) Class: 4168K(4352K)->4168K(4352K)
[151.062s][info][gc             ] GC(1350) Pause Young (Allocation Failure) 492M->207M(994M) 6.477ms
[151.062s][info][gc,cpu         ] GC(1350) User=0.02s Sys=0.00s Real=0.01s
[151.309s][info][gc,start       ] GC(1351) Pause Young (Allocation Failure)
[151.316s][info][gc,heap        ] GC(1351) PSYoungGen: 303050K(318464K)->11529K(317952K) Eden: 287232K(287232K)->0K(287232K) From: 15818K(31232K)->11529K(30720K)
[151.316s][info][gc,heap        ] GC(1351) ParOldGen: 196903K(699392K)->198563K(699392K)
[151.316s][info][gc,metaspace   ] GC(1351) Metaspace: 36237K(36544K)->36237K(36544K) NonClass: 32068K(32192K)->32068K(32192K) Class: 4168K(4352K)->4168K(4352K)
[151.316s][info][gc             ] GC(1351) Pause Young (Allocation Failure) 488M->205M(993M) 6.618ms
[151.316s][info][gc,cpu         ] GC(1351) User=0.09s Sys=0.00s Real=0.00s
[151.344s][info][gc,start       ] GC(1352) Pause Young (System.gc())
[151.348s][info][gc,heap        ] GC(1352) PSYoungGen: 38179K(317952K)->3616K(320512K) Eden: 26650K(287232K)->0K(291328K) From: 11529K(30720K)->3616K(29184K)
[151.348s][info][gc,heap        ] GC(1352) ParOldGen: 198563K(699392K)->206299K(699392K)
[151.348s][info][gc,metaspace   ] GC(1352) Metaspace: 36237K(36544K)->36237K(36544K) NonClass: 32068K(32192K)->32068K(32192K) Class: 4168K(4352K)->4168K(4352K)
[151.348s][info][gc             ] GC(1352) Pause Young (System.gc()) 231M->204M(996M) 4.265ms
[151.348s][info][gc,cpu         ] GC(1352) User=0.00s Sys=0.00s Real=0.01s
[151.349s][info][gc,start       ] GC(1353) Pause Full (System.gc())
[151.349s][info][gc,phases,start] GC(1353) Marking Phase
[151.365s][info][gc,phases      ] GC(1353) Marking Phase 16.080ms
[151.365s][info][gc,phases,start] GC(1353) Summary Phase
[151.365s][info][gc,phases      ] GC(1353) Summary Phase 0.012ms
[151.365s][info][gc,phases,start] GC(1353) Adjust Roots
[151.369s][info][gc,phases      ] GC(1353) Adjust Roots 3.905ms
[151.369s][info][gc,phases,start] GC(1353) Compaction Phase
[151.378s][info][gc,phases      ] GC(1353) Compaction Phase 9.477ms
[151.378s][info][gc,phases,start] GC(1353) Post Compact
[151.379s][info][gc,phases      ] GC(1353) Post Compact 0.808ms
[151.379s][info][gc,heap        ] GC(1353) PSYoungGen: 3616K(320512K)->0K(320512K) Eden: 0K(291328K)->0K(291328K) From: 3616K(29184K)->0K(29184K)
[151.379s][info][gc,heap        ] GC(1353) ParOldGen: 206299K(699392K)->112265K(699392K)
[151.379s][info][gc,metaspace   ] GC(1353) Metaspace: 36237K(36544K)->36237K(36544K) NonClass: 32068K(32192K)->32068K(32192K) Class: 4168K(4352K)->4168K(4352K)
[151.379s][info][gc             ] GC(1353) Pause Full (System.gc()) 204M->109M(996M) 30.568ms
[151.379s][info][gc,cpu         ] GC(1353) User=0.19s Sys=0.00s Real=0.03s
[151.427s][info][gc,start       ] GC(1354) Pause Young (Allocation Failure)
[151.427s][info][gc,heap        ] GC(1354) PSYoungGen: 291328K(320512K)->192K(320000K) Eden: 291328K(291328K)->0K(291328K) From: 0K(29184K)->192K(28672K)
[151.427s][info][gc,heap        ] GC(1354) ParOldGen: 112265K(699392K)->112265K(699392K)
[151.427s][info][gc,metaspace   ] GC(1354) Metaspace: 36237K(36544K)->36237K(36544K) NonClass: 32068K(32192K)->32068K(32192K) Class: 4168K(4352K)->4168K(4352K)
[151.427s][info][gc             ] GC(1354) Pause Young (Allocation Failure) 394M->109M(995M) 0.384ms
[151.427s][info][gc,cpu         ] GC(1354) User=0.00s Sys=0.00s Real=0.00s
[151.471s][info][gc,start       ] GC(1355) Pause Young (Allocation Failure)
[151.471s][info][gc,heap        ] GC(1355) PSYoungGen: 291520K(320000K)->160K(320000K) Eden: 291328K(291328K)->0K(290816K) From: 192K(28672K)->160K(29184K)
[151.471s][info][gc,heap        ] GC(1355) ParOldGen: 112265K(699392K)->112313K(699392K)
[151.471s][info][gc,metaspace   ] GC(1355) Metaspace: 36237K(36544K)->36237K(36544K) NonClass: 32068K(32192K)->32068K(32192K) Class: 4168K(4352K)->4168K(4352K)
[151.471s][info][gc             ] GC(1355) Pause Young (Allocation Failure) 394M->109M(995M) 0.403ms
[151.471s][info][gc,cpu         ] GC(1355) User=0.00s Sys=0.00s Real=0.00s
[151.516s][info][gc,start       ] GC(1356) Pause Young (Allocation Failure)
[151.516s][info][gc,heap        ] GC(1356) PSYoungGen: 290976K(320000K)->192K(320000K) Eden: 290816K(290816K)->0K(290816K) From: 160K(29184K)->192K(29184K)
[151.516s][info][gc,heap        ] GC(1356) ParOldGen: 112313K(699392K)->112313K(699392K)
[151.516s][info][gc,metaspace   ] GC(1356) Metaspace: 36237K(36544K)->36237K(36544K) NonClass: 32068K(32192K)->32068K(32192K) Class: 4168K(4352K)->4168K(4352K)
[151.516s][info][gc             ] GC(1356) Pause Young (Allocation Failure) 393M->109M(995M) 0.345ms
[151.516s][info][gc,cpu         ] GC(1356) User=0.00s Sys=0.00s Real=0.00s
[151.560s][info][gc,start       ] GC(1357) Pause Young (Allocation Failure)
[151.560s][info][gc,heap        ] GC(1357) PSYoungGen: 291008K(320000K)->192K(321024K) Eden: 290816K(290816K)->0K(292352K) From: 192K(29184K)->192K(28672K)
[151.560s][info][gc,heap        ] GC(1357) ParOldGen: 112313K(699392K)->112313K(699392K)
[151.560s][info][gc,metaspace   ] GC(1357) Metaspace: 36237K(36544K)->36237K(36544K) NonClass: 32068K(32192K)->32068K(32192K) Class: 4168K(4352K)->4168K(4352K)
[151.560s][info][gc             ] GC(1357) Pause Young (Allocation Failure) 393M->109M(996M) 0.350ms
[151.560s][info][gc,cpu         ] GC(1357) User=0.00s Sys=0.00s Real=0.00s
[151.604s][info][gc,start       ] GC(1358) Pause Young (Allocation Failure)
[151.604s][info][gc,heap        ] GC(1358) PSYoungGen: 292544K(321024K)->160K(320512K) Eden: 292352K(292352K)->0K(292352K) From: 192K(28672K)->160K(28160K)
[151.604s][info][gc,heap        ] GC(1358) ParOldGen: 112313K(699392K)->112313K(699392K)
[151.604s][info][gc,metaspace   ] GC(1358) Metaspace: 36237K(36544K)->36237K(36544K) NonClass: 32068K(32192K)->32068K(32192K) Class: 4168K(4352K)->4168K(4352K)
[151.604s][info][gc             ] GC(1358) Pause Young (Allocation Failure) 395M->109M(996M) 0.401ms
[151.604s][info][gc,cpu         ] GC(1358) User=0.00s Sys=0.00s Real=0.00s
[151.647s][info][gc,start       ] GC(1359) Pause Young (Allocation Failure)
[151.648s][info][gc,heap        ] GC(1359) PSYoungGen: 292512K(320512K)->160K(322560K) Eden: 292352K(292352K)->0K(294912K) From: 160K(28160K)->160K(27648K)
[151.648s][info][gc,heap        ] GC(1359) ParOldGen: 112313K(699392K)->112313K(699392K)
[151.648s][info][gc,metaspace   ] GC(1359) Metaspace: 36237K(36544K)->36237K(36544K) NonClass: 32068K(32192K)->32068K(32192K) Class: 4168K(4352K)->4168K(4352K)
[151.648s][info][gc             ] GC(1359) Pause Young (Allocation Failure) 395M->109M(998M) 0.411ms
[151.648s][info][gc,cpu         ] GC(1359) User=0.00s Sys=0.00s Real=0.00s
[151.692s][info][gc,start       ] GC(1360) Pause Young (Allocation Failure)
[151.693s][info][gc,heap        ] GC(1360) PSYoungGen: 295072K(322560K)->192K(321536K) Eden: 294912K(294912K)->0K(294912K) From: 160K(27648K)->192K(26624K)
[151.693s][info][gc,heap        ] GC(1360) ParOldGen: 112313K(699392K)->112313K(699392K)
[151.693s][info][gc,metaspace   ] GC(1360) Metaspace: 36237K(36544K)->36237K(36544K) NonClass: 32068K(32192K)->32068K(32192K) Class: 4168K(4352K)->4168K(4352K)
[151.693s][info][gc             ] GC(1360) Pause Young (Allocation Failure) 397M->109M(997M) 0.430ms
[151.693s][info][gc,cpu         ] GC(1360) User=0.00s Sys=0.00s Real=0.00s
[151.739s][info][gc,start       ] GC(1361) Pause Young (Allocation Failure)
[151.739s][info][gc,heap        ] GC(1361) PSYoungGen: 295104K(321536K)->128K(324608K) Eden: 294912K(294912K)->0K(299008K) From: 192K(26624K)->128K(25600K)
[151.739s][info][gc,heap        ] GC(1361) ParOldGen: 112313K(699392K)->112313K(699392K)
[151.739s][info][gc,metaspace   ] GC(1361) Metaspace: 36237K(36544K)->36237K(36544K) NonClass: 32068K(32192K)->32068K(32192K) Class: 4168K(4352K)->4168K(4352K)
[151.739s][info][gc             ] GC(1361) Pause Young (Allocation Failure) 397M->109M(1000M) 0.840ms
[151.739s][info][gc,cpu         ] GC(1361) User=0.00s Sys=0.00s Real=0.00s
[151.785s][info][gc,start       ] GC(1362) Pause Young (Allocation Failure)
[151.785s][info][gc,heap        ] GC(1362) PSYoungGen: 299136K(324608K)->192K(323584K) Eden: 299008K(299008K)->0K(299008K) From: 128K(25600K)->192K(24576K)
[151.785s][info][gc,heap        ] GC(1362) ParOldGen: 112313K(699392K)->112313K(699392K)
[151.785s][info][gc,metaspace   ] GC(1362) Metaspace: 36237K(36544K)->36237K(36544K) NonClass: 32068K(32192K)->32068K(32192K) Class: 4168K(4352K)->4168K(4352K)
[151.785s][info][gc             ] GC(1362) Pause Young (Allocation Failure) 401M->109M(999M) 0.407ms
[151.785s][info][gc,cpu         ] GC(1362) User=0.00s Sys=0.00s Real=0.00s
[151.831s][info][gc,start       ] GC(1363) Pause Young (Allocation Failure)
[151.832s][info][gc,heap        ] GC(1363) PSYoungGen: 299200K(323584K)->160K(326656K) Eden: 299008K(299008K)->0K(303104K) From: 192K(24576K)->160K(23552K)
[151.832s][info][gc,heap        ] GC(1363) ParOldGen: 112313K(699392K)->112313K(699392K)
[151.832s][info][gc,metaspace   ] GC(1363) Metaspace: 36237K(36544K)->36237K(36544K) NonClass: 32068K(32192K)->32068K(32192K) Class: 4168K(4352K)->4168K(4352K)
[151.832s][info][gc             ] GC(1363) Pause Young (Allocation Failure) 401M->109M(1002M) 0.360ms
[151.832s][info][gc,cpu         ] GC(1363) User=0.00s Sys=0.00s Real=0.00s
[151.878s][info][gc,start       ] GC(1364) Pause Young (Allocation Failure)
[151.879s][info][gc,heap        ] GC(1364) PSYoungGen: 303264K(326656K)->160K(325632K) Eden: 303104K(303104K)->0K(303104K) From: 160K(23552K)->160K(22528K)
[151.879s][info][gc,heap        ] GC(1364) ParOldGen: 112313K(699392K)->112313K(699392K)
[151.879s][info][gc,metaspace   ] GC(1364) Metaspace: 36237K(36544K)->36237K(36544K) NonClass: 32068K(32192K)->32068K(32192K) Class: 4168K(4352K)->4168K(4352K)
[151.879s][info][gc             ] GC(1364) Pause Young (Allocation Failure) 405M->109M(1001M) 0.388ms
[151.879s][info][gc,cpu         ] GC(1364) User=0.00s Sys=0.00s Real=0.00s
[151.926s][info][gc,start       ] GC(1365) Pause Young (Allocation Failure)
[151.926s][info][gc,heap        ] GC(1365) PSYoungGen: 303264K(325632K)->160K(329216K) Eden: 303104K(303104K)->0K(307712K) From: 160K(22528K)->160K(21504K)
[151.926s][info][gc,heap        ] GC(1365) ParOldGen: 112313K(699392K)->112313K(699392K)
[151.926s][info][gc,metaspace   ] GC(1365) Metaspace: 36237K(36544K)->36237K(36544K) NonClass: 32068K(32192K)->32068K(32192K) Class: 4168K(4352K)->4168K(4352K)
[151.926s][info][gc             ] GC(1365) Pause Young (Allocation Failure) 405M->109M(1004M) 0.364ms
[151.926s][info][gc,cpu         ] GC(1365) User=0.00s Sys=0.00s Real=0.00s
[151.973s][info][gc,start       ] GC(1366) Pause Young (Allocation Failure)
[151.973s][info][gc,heap        ] GC(1366) PSYoungGen: 307872K(329216K)->192K(327680K) Eden: 307712K(307712K)->0K(307712K) From: 160K(21504K)->192K(19968K)
[151.973s][info][gc,heap        ] GC(1366) ParOldGen: 112313K(699392K)->112313K(699392K)
[151.973s][info][gc,metaspace   ] GC(1366) Metaspace: 36237K(36544K)->36237K(36544K) NonClass: 32068K(32192K)->32068K(32192K) Class: 4168K(4352K)->4168K(4352K)
[151.973s][info][gc             ] GC(1366) Pause Young (Allocation Failure) 410M->109M(1003M) 0.384ms
[151.973s][info][gc,cpu         ] GC(1366) User=0.00s Sys=0.00s Real=0.00s
[152.020s][info][gc,start       ] GC(1367) Pause Young (Allocation Failure)
[152.020s][info][gc,heap        ] GC(1367) PSYoungGen: 307904K(327680K)->160K(331264K) Eden: 307712K(307712K)->0K(312320K) From: 192K(19968K)->160K(18944K)
[152.020s][info][gc,heap        ] GC(1367) ParOldGen: 112313K(699392K)->112313K(699392K)
[152.020s][info][gc,metaspace   ] GC(1367) Metaspace: 36237K(36544K)->36237K(36544K) NonClass: 32068K(32192K)->32068K(32192K) Class: 4168K(4352K)->4168K(4352K)
[152.020s][info][gc             ] GC(1367) Pause Young (Allocation Failure) 410M->109M(1006M) 0.506ms
[152.020s][info][gc,cpu         ] GC(1367) User=0.00s Sys=0.00s Real=0.00s
[152.073s][info][gc,start       ] GC(1368) Pause Young (Allocation Failure)
[152.073s][info][gc,heap        ] GC(1368) PSYoungGen: 312480K(331264K)->192K(330240K) Eden: 312320K(312320K)->0K(312320K) From: 160K(18944K)->192K(17920K)
[152.073s][info][gc,heap        ] GC(1368) ParOldGen: 112313K(699392K)->112313K(699392K)
[152.073s][info][gc,metaspace   ] GC(1368) Metaspace: 36237K(36544K)->36237K(36544K) NonClass: 32068K(32192K)->32068K(32192K) Class: 4168K(4352K)->4168K(4352K)
[152.073s][info][gc             ] GC(1368) Pause Young (Allocation Failure) 414M->109M(1005M) 0.391ms
[152.073s][info][gc,cpu         ] GC(1368) User=0.00s Sys=0.00s Real=0.00s
[152.134s][info][gc,start       ] GC(1369) Pause Young (Allocation Failure)
[152.135s][info][gc,heap        ] GC(1369) PSYoungGen: 312512K(330240K)->128K(333312K) Eden: 312320K(312320K)->0K(316416K) From: 192K(17920K)->128K(16896K)
[152.135s][info][gc,heap        ] GC(1369) ParOldGen: 112313K(699392K)->112361K(699392K)
[152.135s][info][gc,metaspace   ] GC(1369) Metaspace: 36237K(36544K)->36237K(36544K) NonClass: 32068K(32192K)->32068K(32192K) Class: 4168K(4352K)->4168K(4352K)
[152.135s][info][gc             ] GC(1369) Pause Young (Allocation Failure) 414M->109M(1008M) 0.443ms
[152.135s][info][gc,cpu         ] GC(1369) User=0.00s Sys=0.00s Real=0.00s
[152.195s][info][gc,start       ] GC(1370) Pause Young (Allocation Failure)
[152.196s][info][gc,heap        ] GC(1370) PSYoungGen: 316544K(333312K)->192K(332288K) Eden: 316416K(316416K)->0K(316416K) From: 128K(16896K)->192K(15872K)
[152.196s][info][gc,heap        ] GC(1370) ParOldGen: 112361K(699392K)->112361K(699392K)
[152.196s][info][gc,metaspace   ] GC(1370) Metaspace: 36237K(36544K)->36237K(36544K) NonClass: 32068K(32192K)->32068K(32192K) Class: 4168K(4352K)->4168K(4352K)
[152.196s][info][gc             ] GC(1370) Pause Young (Allocation Failure) 418M->109M(1007M) 0.447ms
[152.196s][info][gc,cpu         ] GC(1370) User=0.00s Sys=0.00s Real=0.00s
[152.257s][info][gc,start       ] GC(1371) Pause Young (Allocation Failure)
[152.258s][info][gc,heap        ] GC(1371) PSYoungGen: 316608K(332288K)->192K(335360K) Eden: 316416K(316416K)->0K(320512K) From: 192K(15872K)->192K(14848K)
[152.258s][info][gc,heap        ] GC(1371) ParOldGen: 112361K(699392K)->112361K(699392K)
[152.258s][info][gc,metaspace   ] GC(1371) Metaspace: 36237K(36544K)->36237K(36544K) NonClass: 32068K(32192K)->32068K(32192K) Class: 4168K(4352K)->4168K(4352K)
[152.258s][info][gc             ] GC(1371) Pause Young (Allocation Failure) 418M->109M(1010M) 0.420ms
[152.258s][info][gc,cpu         ] GC(1371) User=0.00s Sys=0.00s Real=0.00s
[152.318s][info][gc,start       ] GC(1372) Pause Young (Allocation Failure)
[152.319s][info][gc,heap        ] GC(1372) PSYoungGen: 320704K(335360K)->160K(334336K) Eden: 320512K(320512K)->0K(320512K) From: 192K(14848K)->160K(13824K)
[152.319s][info][gc,heap        ] GC(1372) ParOldGen: 112361K(699392K)->112361K(699392K)
[152.319s][info][gc,metaspace   ] GC(1372) Metaspace: 36237K(36544K)->36237K(36544K) NonClass: 32068K(32192K)->32068K(32192K) Class: 4168K(4352K)->4168K(4352K)
[152.319s][info][gc             ] GC(1372) Pause Young (Allocation Failure) 422M->109M(1009M) 0.419ms
[152.319s][info][gc,cpu         ] GC(1372) User=0.00s Sys=0.00s Real=0.00s
[152.381s][info][gc,start       ] GC(1373) Pause Young (Allocation Failure)
[152.381s][info][gc,heap        ] GC(1373) PSYoungGen: 320672K(334336K)->192K(336896K) Eden: 320512K(320512K)->0K(323584K) From: 160K(13824K)->192K(13312K)
[152.381s][info][gc,heap        ] GC(1373) ParOldGen: 112361K(699392K)->112361K(699392K)
[152.381s][info][gc,metaspace   ] GC(1373) Metaspace: 36237K(36544K)->36237K(36544K) NonClass: 32068K(32192K)->32068K(32192K) Class: 4168K(4352K)->4168K(4352K)
[152.381s][info][gc             ] GC(1373) Pause Young (Allocation Failure) 422M->109M(1012M) 0.383ms
[152.381s][info][gc,cpu         ] GC(1373) User=0.00s Sys=0.00s Real=0.00s
[152.441s][info][gc,start       ] GC(1374) Pause Young (Allocation Failure)
[152.441s][info][gc,heap        ] GC(1374) PSYoungGen: 323776K(336896K)->192K(335872K) Eden: 323584K(323584K)->0K(323584K) From: 192K(13312K)->192K(12288K)
[152.441s][info][gc,heap        ] GC(1374) ParOldGen: 112361K(699392K)->112361K(699392K)
[152.441s][info][gc,metaspace   ] GC(1374) Metaspace: 36237K(36544K)->36237K(36544K) NonClass: 32068K(32192K)->32068K(32192K) Class: 4168K(4352K)->4168K(4352K)
[152.441s][info][gc             ] GC(1374) Pause Young (Allocation Failure) 425M->109M(1011M) 0.414ms
[152.441s][info][gc,cpu         ] GC(1374) User=0.00s Sys=0.00s Real=0.00s
[152.503s][info][gc,start       ] GC(1375) Pause Young (Allocation Failure)
[152.504s][info][gc,heap        ] GC(1375) PSYoungGen: 323776K(335872K)->192K(338432K) Eden: 323584K(323584K)->0K(327168K) From: 192K(12288K)->192K(11264K)
[152.504s][info][gc,heap        ] GC(1375) ParOldGen: 112361K(699392K)->112361K(699392K)
[152.504s][info][gc,metaspace   ] GC(1375) Metaspace: 36237K(36544K)->36237K(36544K) NonClass: 32068K(32192K)->32068K(32192K) Class: 4168K(4352K)->4168K(4352K)
[152.504s][info][gc             ] GC(1375) Pause Young (Allocation Failure) 425M->109M(1013M) 0.434ms
[152.504s][info][gc,cpu         ] GC(1375) User=0.00s Sys=0.00s Real=0.00s
[152.568s][info][gc,start       ] GC(1376) Pause Young (Allocation Failure)
[152.568s][info][gc,heap        ] GC(1376) PSYoungGen: 327360K(338432K)->192K(337920K) Eden: 327168K(327168K)->0K(327168K) From: 192K(11264K)->192K(10752K)
[152.568s][info][gc,heap        ] GC(1376) ParOldGen: 112361K(699392K)->112361K(699392K)
[152.568s][info][gc,metaspace   ] GC(1376) Metaspace: 36237K(36544K)->36237K(36544K) NonClass: 32068K(32192K)->32068K(32192K) Class: 4168K(4352K)->4168K(4352K)
[152.568s][info][gc             ] GC(1376) Pause Young (Allocation Failure) 429M->109M(1013M) 0.410ms
[152.568s][info][gc,cpu         ] GC(1376) User=0.00s Sys=0.00s Real=0.00s
[152.629s][info][gc,start       ] GC(1377) Pause Young (Allocation Failure)
[152.629s][info][gc,heap        ] GC(1377) PSYoungGen: 327360K(337920K)->192K(339968K) Eden: 327168K(327168K)->0K(330240K) From: 192K(10752K)->192K(9728K)
[152.629s][info][gc,heap        ] GC(1377) ParOldGen: 112361K(699392K)->112361K(699392K)
[152.629s][info][gc,metaspace   ] GC(1377) Metaspace: 36237K(36544K)->36237K(36544K) NonClass: 32068K(32192K)->32068K(32192K) Class: 4168K(4352K)->4168K(4352K)
[152.629s][info][gc             ] GC(1377) Pause Young (Allocation Failure) 429M->109M(1015M) 0.434ms
[152.629s][info][gc,cpu         ] GC(1377) User=0.00s Sys=0.00s Real=0.00s
[152.691s][info][gc,start       ] GC(1378) Pause Young (Allocation Failure)
[152.692s][info][gc,heap        ] GC(1378) PSYoungGen: 330432K(339968K)->192K(339456K) Eden: 330240K(330240K)->0K(330240K) From: 192K(9728K)->192K(9216K)
[152.692s][info][gc,heap        ] GC(1378) ParOldGen: 112361K(699392K)->112361K(699392K)
[152.692s][info][gc,metaspace   ] GC(1378) Metaspace: 36237K(36544K)->36237K(36544K) NonClass: 32068K(32192K)->32068K(32192K) Class: 4168K(4352K)->4168K(4352K)
[152.692s][info][gc             ] GC(1378) Pause Young (Allocation Failure) 432M->109M(1014M) 0.417ms
[152.692s][info][gc,cpu         ] GC(1378) User=0.00s Sys=0.00s Real=0.00s
[152.757s][info][gc,start       ] GC(1379) Pause Young (Allocation Failure)
[152.757s][info][gc,heap        ] GC(1379) PSYoungGen: 330432K(339456K)->192K(340992K) Eden: 330240K(330240K)->0K(332288K) From: 192K(9216K)->192K(8704K)
[152.757s][info][gc,heap        ] GC(1379) ParOldGen: 112361K(699392K)->112361K(699392K)
[152.757s][info][gc,metaspace   ] GC(1379) Metaspace: 36237K(36544K)->36237K(36544K) NonClass: 32068K(32192K)->32068K(32192K) Class: 4168K(4352K)->4168K(4352K)
[152.757s][info][gc             ] GC(1379) Pause Young (Allocation Failure) 432M->109M(1016M) 0.385ms
[152.757s][info][gc,cpu         ] GC(1379) User=0.00s Sys=0.00s Real=0.00s
[152.819s][info][gc,start       ] GC(1380) Pause Young (Allocation Failure)
[152.820s][info][gc,heap        ] GC(1380) PSYoungGen: 332480K(340992K)->192K(340480K) Eden: 332288K(332288K)->0K(332288K) From: 192K(8704K)->192K(8192K)
[152.820s][info][gc,heap        ] GC(1380) ParOldGen: 112361K(699392K)->112361K(699392K)
[152.820s][info][gc,metaspace   ] GC(1380) Metaspace: 36237K(36544K)->36237K(36544K) NonClass: 32068K(32192K)->32068K(32192K) Class: 4168K(4352K)->4168K(4352K)
[152.820s][info][gc             ] GC(1380) Pause Young (Allocation Failure) 434M->109M(1015M) 0.411ms
[152.820s][info][gc,cpu         ] GC(1380) User=0.00s Sys=0.00s Real=0.00s
[152.881s][info][gc,start       ] GC(1381) Pause Young (Allocation Failure)
[152.881s][info][gc,heap        ] GC(1381) PSYoungGen: 332480K(340480K)->160K(342016K) Eden: 332288K(332288K)->0K(334336K) From: 192K(8192K)->160K(7680K)
[152.881s][info][gc,heap        ] GC(1381) ParOldGen: 112361K(699392K)->112361K(699392K)
[152.881s][info][gc,metaspace   ] GC(1381) Metaspace: 36237K(36544K)->36237K(36544K) NonClass: 32068K(32192K)->32068K(32192K) Class: 4168K(4352K)->4168K(4352K)
[152.881s][info][gc             ] GC(1381) Pause Young (Allocation Failure) 434M->109M(1017M) 0.406ms
[152.881s][info][gc,cpu         ] GC(1381) User=0.00s Sys=0.00s Real=0.00s
[152.945s][info][gc,start       ] GC(1382) Pause Young (Allocation Failure)
[152.946s][info][gc,heap        ] GC(1382) PSYoungGen: 334496K(342016K)->160K(341504K) Eden: 334336K(334336K)->0K(334336K) From: 160K(7680K)->160K(7168K)
[152.946s][info][gc,heap        ] GC(1382) ParOldGen: 112361K(699392K)->112361K(699392K)
[152.946s][info][gc,metaspace   ] GC(1382) Metaspace: 36237K(36544K)->36237K(36544K) NonClass: 32068K(32192K)->32068K(32192K) Class: 4168K(4352K)->4168K(4352K)
[152.946s][info][gc             ] GC(1382) Pause Young (Allocation Failure) 436M->109M(1016M) 0.416ms
[152.946s][info][gc,cpu         ] GC(1382) User=0.00s Sys=0.00s Real=0.00s
[153.007s][info][gc,start       ] GC(1383) Pause Young (Allocation Failure)
[153.008s][info][gc,heap        ] GC(1383) PSYoungGen: 334496K(341504K)->192K(343040K) Eden: 334336K(334336K)->0K(336384K) From: 160K(7168K)->192K(6656K)
[153.008s][info][gc,heap        ] GC(1383) ParOldGen: 112361K(699392K)->112361K(699392K)
[153.008s][info][gc,metaspace   ] GC(1383) Metaspace: 36237K(36544K)->36237K(36544K) NonClass: 32068K(32192K)->32068K(32192K) Class: 4168K(4352K)->4168K(4352K)
[153.008s][info][gc             ] GC(1383) Pause Young (Allocation Failure) 436M->109M(1018M) 0.429ms
[153.008s][info][gc,cpu         ] GC(1383) User=0.00s Sys=0.00s Real=0.00s
[153.068s][info][gc,start       ] GC(1384) Pause Young (Allocation Failure)
[153.069s][info][gc,heap        ] GC(1384) PSYoungGen: 336576K(343040K)->192K(342528K) Eden: 336384K(336384K)->0K(336384K) From: 192K(6656K)->192K(6144K)
[153.069s][info][gc,heap        ] GC(1384) ParOldGen: 112361K(699392K)->112361K(699392K)
[153.069s][info][gc,metaspace   ] GC(1384) Metaspace: 36237K(36544K)->36237K(36544K) NonClass: 32068K(32192K)->32068K(32192K) Class: 4168K(4352K)->4168K(4352K)
[153.069s][info][gc             ] GC(1384) Pause Young (Allocation Failure) 438M->109M(1017M) 0.560ms
[153.069s][info][gc,cpu         ] GC(1384) User=0.00s Sys=0.00s Real=0.00s
[153.132s][info][gc,start       ] GC(1385) Pause Young (Allocation Failure)
[153.133s][info][gc,heap        ] GC(1385) PSYoungGen: 336576K(342528K)->160K(344064K) Eden: 336384K(336384K)->0K(338432K) From: 192K(6144K)->160K(5632K)
[153.133s][info][gc,heap        ] GC(1385) ParOldGen: 112361K(699392K)->112361K(699392K)
[153.133s][info][gc,metaspace   ] GC(1385) Metaspace: 36237K(36544K)->36237K(36544K) NonClass: 32068K(32192K)->32068K(32192K) Class: 4168K(4352K)->4168K(4352K)
[153.133s][info][gc             ] GC(1385) Pause Young (Allocation Failure) 438M->109M(1019M) 0.400ms
[153.133s][info][gc,cpu         ] GC(1385) User=0.00s Sys=0.00s Real=0.00s
[153.197s][info][gc,start       ] GC(1386) Pause Young (Allocation Failure)
[153.197s][info][gc,heap        ] GC(1386) PSYoungGen: 338592K(344064K)->160K(343552K) Eden: 338432K(338432K)->0K(338432K) From: 160K(5632K)->160K(5120K)
[153.197s][info][gc,heap        ] GC(1386) ParOldGen: 112361K(699392K)->112361K(699392K)
[153.197s][info][gc,metaspace   ] GC(1386) Metaspace: 36237K(36544K)->36237K(36544K) NonClass: 32068K(32192K)->32068K(32192K) Class: 4168K(4352K)->4168K(4352K)
[153.197s][info][gc             ] GC(1386) Pause Young (Allocation Failure) 440M->109M(1018M) 0.393ms
[153.197s][info][gc,cpu         ] GC(1386) User=0.00s Sys=0.00s Real=0.00s
[153.261s][info][gc,start       ] GC(1387) Pause Young (Allocation Failure)
[153.261s][info][gc,heap        ] GC(1387) PSYoungGen: 338592K(343552K)->192K(344576K) Eden: 338432K(338432K)->0K(339968K) From: 160K(5120K)->192K(4608K)
[153.261s][info][gc,heap        ] GC(1387) ParOldGen: 112361K(699392K)->112361K(699392K)
[153.261s][info][gc,metaspace   ] GC(1387) Metaspace: 36237K(36544K)->36237K(36544K) NonClass: 32068K(32192K)->32068K(32192K) Class: 4168K(4352K)->4168K(4352K)
[153.261s][info][gc             ] GC(1387) Pause Young (Allocation Failure) 440M->109M(1019M) 0.436ms
[153.261s][info][gc,cpu         ] GC(1387) User=0.00s Sys=0.00s Real=0.00s
[153.326s][info][gc,start       ] GC(1388) Pause Young (Allocation Failure)
[153.326s][info][gc,heap        ] GC(1388) PSYoungGen: 340160K(344576K)->192K(344576K) Eden: 339968K(339968K)->0K(339968K) From: 192K(4608K)->192K(4608K)
[153.326s][info][gc,heap        ] GC(1388) ParOldGen: 112361K(699392K)->112361K(699392K)
[153.326s][info][gc,metaspace   ] GC(1388) Metaspace: 36237K(36544K)->36237K(36544K) NonClass: 32068K(32192K)->32068K(32192K) Class: 4168K(4352K)->4168K(4352K)
[153.326s][info][gc             ] GC(1388) Pause Young (Allocation Failure) 441M->109M(1019M) 0.413ms
[153.326s][info][gc,cpu         ] GC(1388) User=0.00s Sys=0.00s Real=0.00s
[153.390s][info][gc,start       ] GC(1389) Pause Young (Allocation Failure)
[153.390s][info][gc,heap        ] GC(1389) PSYoungGen: 340160K(344576K)->160K(345088K) Eden: 339968K(339968K)->0K(340992K) From: 192K(4608K)->160K(4096K)
[153.390s][info][gc,heap        ] GC(1389) ParOldGen: 112361K(699392K)->112361K(699392K)
[153.390s][info][gc,metaspace   ] GC(1389) Metaspace: 36237K(36544K)->36237K(36544K) NonClass: 32068K(32192K)->32068K(32192K) Class: 4168K(4352K)->4168K(4352K)
[153.390s][info][gc             ] GC(1389) Pause Young (Allocation Failure) 441M->109M(1020M) 0.434ms
[153.390s][info][gc,cpu         ] GC(1389) User=0.00s Sys=0.00s Real=0.00s
[153.455s][info][gc,start       ] GC(1390) Pause Young (Allocation Failure)
[153.455s][info][gc,heap        ] GC(1390) PSYoungGen: 341152K(345088K)->160K(345088K) Eden: 340992K(340992K)->0K(340992K) From: 160K(4096K)->160K(4096K)
[153.455s][info][gc,heap        ] GC(1390) ParOldGen: 112361K(699392K)->112361K(699392K)
[153.455s][info][gc,metaspace   ] GC(1390) Metaspace: 36237K(36544K)->36237K(36544K) NonClass: 32068K(32192K)->32068K(32192K) Class: 4168K(4352K)->4168K(4352K)
[153.455s][info][gc             ] GC(1390) Pause Young (Allocation Failure) 442M->109M(1020M) 0.438ms
[153.455s][info][gc,cpu         ] GC(1390) User=0.00s Sys=0.00s Real=0.00s
[153.522s][info][gc,start       ] GC(1391) Pause Young (Allocation Failure)
[153.523s][info][gc,heap        ] GC(1391) PSYoungGen: 341152K(345088K)->192K(345600K) Eden: 340992K(340992K)->0K(342016K) From: 160K(4096K)->192K(3584K)
[153.523s][info][gc,heap        ] GC(1391) ParOldGen: 112361K(699392K)->112361K(699392K)
[153.523s][info][gc,metaspace   ] GC(1391) Metaspace: 36237K(36544K)->36237K(36544K) NonClass: 32068K(32192K)->32068K(32192K) Class: 4168K(4352K)->4168K(4352K)
[153.523s][info][gc             ] GC(1391) Pause Young (Allocation Failure) 442M->109M(1020M) 0.386ms
[153.523s][info][gc,cpu         ] GC(1391) User=0.00s Sys=0.00s Real=0.00s
[153.586s][info][gc,start       ] GC(1392) Pause Young (Allocation Failure)
[153.587s][info][gc,heap        ] GC(1392) PSYoungGen: 342207K(345600K)->192K(345600K) Eden: 342015K(342016K)->0K(342016K) From: 192K(3584K)->192K(3584K)
[153.587s][info][gc,heap        ] GC(1392) ParOldGen: 112361K(699392K)->112361K(699392K)
[153.587s][info][gc,metaspace   ] GC(1392) Metaspace: 36237K(36544K)->36237K(36544K) NonClass: 32068K(32192K)->32068K(32192K) Class: 4168K(4352K)->4168K(4352K)
[153.587s][info][gc             ] GC(1392) Pause Young (Allocation Failure) 443M->109M(1020M) 0.384ms
[153.587s][info][gc,cpu         ] GC(1392) User=0.00s Sys=0.00s Real=0.00s
[153.652s][info][gc,start       ] GC(1393) Pause Young (Allocation Failure)
[153.652s][info][gc,heap        ] GC(1393) PSYoungGen: 342208K(345600K)->160K(346112K) Eden: 342016K(342016K)->0K(343040K) From: 192K(3584K)->160K(3072K)
[153.652s][info][gc,heap        ] GC(1393) ParOldGen: 112361K(699392K)->112361K(699392K)
[153.652s][info][gc,metaspace   ] GC(1393) Metaspace: 36237K(36544K)->36237K(36544K) NonClass: 32068K(32192K)->32068K(32192K) Class: 4168K(4352K)->4168K(4352K)
[153.652s][info][gc             ] GC(1393) Pause Young (Allocation Failure) 443M->109M(1021M) 0.409ms
[153.652s][info][gc,cpu         ] GC(1393) User=0.00s Sys=0.00s Real=0.00s
[153.721s][info][gc,start       ] GC(1394) Pause Young (Allocation Failure)
[153.721s][info][gc,heap        ] GC(1394) PSYoungGen: 343200K(346112K)->192K(346112K) Eden: 343040K(343040K)->0K(343040K) From: 160K(3072K)->192K(3072K)
[153.721s][info][gc,heap        ] GC(1394) ParOldGen: 112361K(699392K)->112361K(699392K)
[153.721s][info][gc,metaspace   ] GC(1394) Metaspace: 36237K(36544K)->36237K(36544K) NonClass: 32068K(32192K)->32068K(32192K) Class: 4168K(4352K)->4168K(4352K)
[153.721s][info][gc             ] GC(1394) Pause Young (Allocation Failure) 444M->109M(1021M) 0.383ms
[153.721s][info][gc,cpu         ] GC(1394) User=0.00s Sys=0.00s Real=0.00s
[153.797s][info][gc,start       ] GC(1395) Pause Young (Allocation Failure)
[153.798s][info][gc,heap        ] GC(1395) PSYoungGen: 343232K(346112K)->192K(346624K) Eden: 343040K(343040K)->0K(344064K) From: 192K(3072K)->192K(2560K)
[153.798s][info][gc,heap        ] GC(1395) ParOldGen: 112361K(699392K)->112361K(699392K)
[153.798s][info][gc,metaspace   ] GC(1395) Metaspace: 36237K(36544K)->36237K(36544K) NonClass: 32068K(32192K)->32068K(32192K) Class: 4168K(4352K)->4168K(4352K)
[153.798s][info][gc             ] GC(1395) Pause Young (Allocation Failure) 444M->109M(1021M) 0.418ms
[153.798s][info][gc,cpu         ] GC(1395) User=0.00s Sys=0.00s Real=0.00s
[154.045s][info][gc,start       ] GC(1396) Pause Young (Allocation Failure)
[154.050s][info][gc,heap        ] GC(1396) PSYoungGen: 341039K(346624K)->2560K(346624K) Eden: 340847K(344064K)->0K(344064K) From: 192K(2560K)->2560K(2560K)
[154.050s][info][gc,heap        ] GC(1396) ParOldGen: 112361K(699392K)->122320K(699392K)
[154.050s][info][gc,metaspace   ] GC(1396) Metaspace: 36237K(36544K)->36237K(36544K) NonClass: 32068K(32192K)->32068K(32192K) Class: 4168K(4352K)->4168K(4352K)
[154.050s][info][gc             ] GC(1396) Pause Young (Allocation Failure) 442M->121M(1021M) 5.406ms
[154.051s][info][gc,cpu         ] GC(1396) User=0.09s Sys=0.00s Real=0.01s
[154.358s][info][gc,start       ] GC(1397) Pause Young (Allocation Failure)
[154.371s][info][gc,heap        ] GC(1397) PSYoungGen: 346088K(346624K)->2557K(311808K) Eden: 343528K(344064K)->0K(309248K) From: 2560K(2560K)->2557K(2560K)
[154.371s][info][gc,heap        ] GC(1397) ParOldGen: 122320K(699392K)->157503K(699392K)
[154.371s][info][gc,metaspace   ] GC(1397) Metaspace: 36237K(36544K)->36237K(36544K) NonClass: 32068K(32192K)->32068K(32192K) Class: 4168K(4352K)->4168K(4352K)
[154.371s][info][gc             ] GC(1397) Pause Young (Allocation Failure) 457M->156M(987M) 13.213ms
[154.371s][info][gc,cpu         ] GC(1397) User=0.09s Sys=0.00s Real=0.02s
[154.655s][info][gc,start       ] GC(1398) Pause Young (Allocation Failure)
[154.667s][info][gc,heap        ] GC(1398) PSYoungGen: 311805K(311808K)->19950K(329216K) Eden: 309248K(309248K)->0K(309248K) From: 2557K(2560K)->19950K(19968K)
[154.667s][info][gc,heap        ] GC(1398) ParOldGen: 157503K(699392K)->174930K(699392K)
[154.667s][info][gc,metaspace   ] GC(1398) Metaspace: 36237K(36544K)->36237K(36544K) NonClass: 32068K(32192K)->32068K(32192K) Class: 4168K(4352K)->4168K(4352K)
[154.667s][info][gc             ] GC(1398) Pause Young (Allocation Failure) 458M->190M(1004M) 12.461ms
[154.667s][info][gc,cpu         ] GC(1398) User=0.09s Sys=0.00s Real=0.02s
[154.940s][info][gc,start       ] GC(1399) Pause Young (Allocation Failure)
[154.949s][info][gc,heap        ] GC(1399) PSYoungGen: 329198K(329216K)->12099K(310784K) Eden: 309248K(309248K)->0K(290816K) From: 19950K(19968K)->12099K(19968K)
[154.949s][info][gc,heap        ] GC(1399) ParOldGen: 174930K(699392K)->192811K(699392K)
[154.949s][info][gc,metaspace   ] GC(1399) Metaspace: 36237K(36544K)->36237K(36544K) NonClass: 32068K(32192K)->32068K(32192K) Class: 4168K(4352K)->4168K(4352K)
[154.949s][info][gc             ] GC(1399) Pause Young (Allocation Failure) 492M->200M(986M) 8.939ms
[154.949s][info][gc,cpu         ] GC(1399) User=0.00s Sys=0.00s Real=0.01s
[155.211s][info][gc,start       ] GC(1400) Pause Young (Allocation Failure)
[155.217s][info][gc,heap        ] GC(1400) PSYoungGen: 302915K(310784K)->14543K(305664K) Eden: 290816K(290816K)->0K(290816K) From: 12099K(19968K)->14543K(14848K)
[155.217s][info][gc,heap        ] GC(1400) ParOldGen: 192811K(699392K)->194699K(699392K)
[155.217s][info][gc,metaspace   ] GC(1400) Metaspace: 36237K(36544K)->36237K(36544K) NonClass: 32068K(32192K)->32068K(32192K) Class: 4168K(4352K)->4168K(4352K)
[155.217s][info][gc             ] GC(1400) Pause Young (Allocation Failure) 484M->204M(981M) 6.557ms
[155.217s][info][gc,cpu         ] GC(1400) User=0.00s Sys=0.00s Real=0.01s
[155.450s][info][gc,start       ] GC(1401) Pause Young (Allocation Failure)
[155.457s][info][gc,heap        ] GC(1401) PSYoungGen: 300049K(305664K)->20795K(315392K) Eden: 285505K(290816K)->0K(285696K) From: 14543K(14848K)->20795K(29696K)
[155.457s][info][gc,heap        ] GC(1401) ParOldGen: 194699K(699392K)->196976K(699392K)
[155.457s][info][gc,metaspace   ] GC(1401) Metaspace: 36237K(36544K)->36237K(36544K) NonClass: 32068K(32192K)->32068K(32192K) Class: 4168K(4352K)->4168K(4352K)
[155.457s][info][gc             ] GC(1401) Pause Young (Allocation Failure) 483M->212M(991M) 6.647ms
[155.457s][info][gc,cpu         ] GC(1401) User=0.09s Sys=0.00s Real=0.01s
[155.700s][info][gc,start       ] GC(1402) Pause Young (Allocation Failure)
[155.706s][info][gc,heap        ] GC(1402) PSYoungGen: 305737K(315392K)->11481K(317440K) Eden: 284942K(285696K)->0K(285696K) From: 20795K(29696K)->11481K(31744K)
[155.706s][info][gc,heap        ] GC(1402) ParOldGen: 196976K(699392K)->197444K(699392K)
[155.706s][info][gc,metaspace   ] GC(1402) Metaspace: 36237K(36544K)->36237K(36544K) NonClass: 32068K(32192K)->32068K(32192K) Class: 4168K(4352K)->4168K(4352K)
[155.706s][info][gc             ] GC(1402) Pause Young (Allocation Failure) 490M->204M(993M) 5.878ms
[155.706s][info][gc,cpu         ] GC(1402) User=0.08s Sys=0.00s Real=0.01s
[155.937s][info][gc,start       ] GC(1403) Pause Young (Allocation Failure)
[155.944s][info][gc,heap        ] GC(1403) PSYoungGen: 292617K(317440K)->20290K(315904K) Eden: 281135K(285696K)->0K(285696K) From: 11481K(31744K)->20290K(30208K)
[155.944s][info][gc,heap        ] GC(1403) ParOldGen: 197444K(699392K)->198238K(699392K)
[155.944s][info][gc,metaspace   ] GC(1403) Metaspace: 36237K(36544K)->36237K(36544K) NonClass: 32068K(32192K)->32068K(32192K) Class: 4168K(4352K)->4168K(4352K)
[155.944s][info][gc             ] GC(1403) Pause Young (Allocation Failure) 478M->213M(991M) 7.032ms
[155.944s][info][gc,cpu         ] GC(1403) User=0.06s Sys=0.00s Real=0.01s
[156.185s][info][gc,start       ] GC(1404) Pause Young (Allocation Failure)
[156.193s][info][gc,heap        ] GC(1404) PSYoungGen: 305986K(315904K)->14034K(317440K) Eden: 285696K(285696K)->0K(285696K) From: 20290K(30208K)->14034K(31744K)
[156.193s][info][gc,heap        ] GC(1404) ParOldGen: 198238K(699392K)->203058K(699392K)
[156.193s][info][gc,metaspace   ] GC(1404) Metaspace: 36237K(36544K)->36237K(36544K) NonClass: 32068K(32192K)->32068K(32192K) Class: 4168K(4352K)->4168K(4352K)
[156.193s][info][gc             ] GC(1404) Pause Young (Allocation Failure) 492M->212M(993M) 8.132ms
[156.193s][info][gc,cpu         ] GC(1404) User=0.09s Sys=0.00s Real=0.01s
[156.431s][info][gc,start       ] GC(1405) Pause Young (Allocation Failure)
[156.437s][info][gc,heap        ] GC(1405) PSYoungGen: 299730K(317440K)->11667K(320512K) Eden: 285696K(285696K)->0K(289792K) From: 14034K(31744K)->11667K(30720K)
[156.437s][info][gc,heap        ] GC(1405) ParOldGen: 203058K(699392K)->207054K(699392K)
[156.438s][info][gc,metaspace   ] GC(1405) Metaspace: 36237K(36544K)->36237K(36544K) NonClass: 32068K(32192K)->32068K(32192K) Class: 4168K(4352K)->4168K(4352K)
[156.438s][info][gc             ] GC(1405) Pause Young (Allocation Failure) 491M->213M(996M) 6.661ms
[156.438s][info][gc,cpu         ] GC(1405) User=0.06s Sys=0.00s Real=0.01s
[156.688s][info][gc,start       ] GC(1406) Pause Young (Allocation Failure)
[156.694s][info][gc,heap        ] GC(1406) PSYoungGen: 301459K(320512K)->19693K(318464K) Eden: 289792K(289792K)->0K(289792K) From: 11667K(30720K)->19693K(28672K)
[156.694s][info][gc,heap        ] GC(1406) ParOldGen: 207054K(699392K)->209860K(699392K)
[156.694s][info][gc,metaspace   ] GC(1406) Metaspace: 36237K(36544K)->36237K(36544K) NonClass: 32068K(32192K)->32068K(32192K) Class: 4168K(4352K)->4168K(4352K)
[156.694s][info][gc             ] GC(1406) Pause Young (Allocation Failure) 496M->224M(994M) 6.887ms
[156.694s][info][gc,cpu         ] GC(1406) User=0.00s Sys=0.00s Real=0.01s
[156.949s][info][gc,start       ] GC(1407) Pause Young (Allocation Failure)
[156.954s][info][gc,heap        ] GC(1407) PSYoungGen: 309485K(318464K)->11266K(320512K) Eden: 289792K(289792K)->0K(290304K) From: 19693K(28672K)->11266K(30208K)
[156.955s][info][gc,heap        ] GC(1407) ParOldGen: 209860K(699392K)->211622K(699392K)
[156.955s][info][gc,metaspace   ] GC(1407) Metaspace: 36237K(36544K)->36237K(36544K) NonClass: 32068K(32192K)->32068K(32192K) Class: 4168K(4352K)->4168K(4352K)
[156.955s][info][gc             ] GC(1407) Pause Young (Allocation Failure) 507M->217M(996M) 5.875ms
[156.955s][info][gc,cpu         ] GC(1407) User=0.08s Sys=0.02s Real=0.00s
[157.194s][info][gc,start       ] GC(1408) Pause Young (Allocation Failure)
[157.199s][info][gc,heap        ] GC(1408) PSYoungGen: 299024K(320512K)->11477K(318976K) Eden: 287757K(290304K)->0K(290304K) From: 11266K(30208K)->11477K(28672K)
[157.199s][info][gc,heap        ] GC(1408) ParOldGen: 211622K(699392K)->213589K(699392K)
[157.199s][info][gc,metaspace   ] GC(1408) Metaspace: 36237K(36544K)->36237K(36544K) NonClass: 32068K(32192K)->32068K(32192K) Class: 4168K(4352K)->4168K(4352K)
[157.199s][info][gc             ] GC(1408) Pause Young (Allocation Failure) 498M->219M(994M) 5.615ms
[157.199s][info][gc,cpu         ] GC(1408) User=0.00s Sys=0.00s Real=0.02s
[157.309s][info][gc,start       ] GC(1409) Pause Young (System.gc())
[157.313s][info][gc,heap        ] GC(1409) PSYoungGen: 126118K(318976K)->6946K(322560K) Eden: 114641K(290304K)->0K(295424K) From: 11477K(28672K)->6946K(27136K)
[157.313s][info][gc,heap        ] GC(1409) ParOldGen: 213589K(699392K)->216128K(699392K)
[157.313s][info][gc,metaspace   ] GC(1409) Metaspace: 36237K(36544K)->36237K(36544K) NonClass: 32068K(32192K)->32068K(32192K) Class: 4168K(4352K)->4168K(4352K)
[157.313s][info][gc             ] GC(1409) Pause Young (System.gc()) 331M->217M(998M) 3.768ms
[157.313s][info][gc,cpu         ] GC(1409) User=0.09s Sys=0.00s Real=0.01s
[157.313s][info][gc,start       ] GC(1410) Pause Full (System.gc())
[157.313s][info][gc,phases,start] GC(1410) Marking Phase
[157.329s][info][gc,phases      ] GC(1410) Marking Phase 16.140ms
[157.330s][info][gc,phases,start] GC(1410) Summary Phase
[157.330s][info][gc,phases      ] GC(1410) Summary Phase 0.012ms
[157.330s][info][gc,phases,start] GC(1410) Adjust Roots
[157.333s][info][gc,phases      ] GC(1410) Adjust Roots 3.655ms
[157.333s][info][gc,phases,start] GC(1410) Compaction Phase
[157.341s][info][gc,phases      ] GC(1410) Compaction Phase 8.125ms
[157.341s][info][gc,phases,start] GC(1410) Post Compact
[157.342s][info][gc,phases      ] GC(1410) Post Compact 0.853ms
[157.342s][info][gc,heap        ] GC(1410) PSYoungGen: 6946K(322560K)->0K(322560K) Eden: 0K(295424K)->0K(295424K) From: 6946K(27136K)->0K(27136K)
[157.342s][info][gc,heap        ] GC(1410) ParOldGen: 216128K(699392K)->113500K(699392K)
[157.342s][info][gc,metaspace   ] GC(1410) Metaspace: 36237K(36544K)->36237K(36544K) NonClass: 32068K(32192K)->32068K(32192K) Class: 4168K(4352K)->4168K(4352K)
[157.342s][info][gc             ] GC(1410) Pause Full (System.gc()) 217M->110M(998M) 29.085ms
[157.342s][info][gc,cpu         ] GC(1410) User=0.00s Sys=0.02s Real=0.03s
[157.391s][info][gc,start       ] GC(1411) Pause Young (Allocation Failure)
[157.391s][info][gc,heap        ] GC(1411) PSYoungGen: 295424K(322560K)->192K(322048K) Eden: 295424K(295424K)->0K(295424K) From: 0K(27136K)->192K(26624K)
[157.391s][info][gc,heap        ] GC(1411) ParOldGen: 113500K(699392K)->113500K(699392K)
[157.391s][info][gc,metaspace   ] GC(1411) Metaspace: 36237K(36544K)->36237K(36544K) NonClass: 32068K(32192K)->32068K(32192K) Class: 4168K(4352K)->4168K(4352K)
[157.391s][info][gc             ] GC(1411) Pause Young (Allocation Failure) 399M->111M(997M) 0.377ms
[157.391s][info][gc,cpu         ] GC(1411) User=0.00s Sys=0.00s Real=0.00s
[157.436s][info][gc,start       ] GC(1412) Pause Young (Allocation Failure)
[157.436s][info][gc,heap        ] GC(1412) PSYoungGen: 295616K(322048K)->192K(322048K) Eden: 295424K(295424K)->0K(294912K) From: 192K(26624K)->192K(27136K)
[157.436s][info][gc,heap        ] GC(1412) ParOldGen: 113500K(699392K)->113548K(699392K)
[157.436s][info][gc,metaspace   ] GC(1412) Metaspace: 36237K(36544K)->36237K(36544K) NonClass: 32068K(32192K)->32068K(32192K) Class: 4168K(4352K)->4168K(4352K)
[157.436s][info][gc             ] GC(1412) Pause Young (Allocation Failure) 399M->111M(997M) 0.397ms
[157.436s][info][gc,cpu         ] GC(1412) User=0.00s Sys=0.00s Real=0.00s
[157.482s][info][gc,start       ] GC(1413) Pause Young (Allocation Failure)
[157.482s][info][gc,heap        ] GC(1413) PSYoungGen: 295104K(322048K)->160K(322048K) Eden: 294912K(294912K)->0K(294912K) From: 192K(27136K)->160K(27136K)
[157.482s][info][gc,heap        ] GC(1413) ParOldGen: 113548K(699392K)->113548K(699392K)
[157.482s][info][gc,metaspace   ] GC(1413) Metaspace: 36237K(36544K)->36237K(36544K) NonClass: 32068K(32192K)->32068K(32192K) Class: 4168K(4352K)->4168K(4352K)
[157.482s][info][gc             ] GC(1413) Pause Young (Allocation Failure) 399M->111M(997M) 0.402ms
[157.482s][info][gc,cpu         ] GC(1413) User=0.00s Sys=0.00s Real=0.00s
[157.528s][info][gc,start       ] GC(1414) Pause Young (Allocation Failure)
[157.529s][info][gc,heap        ] GC(1414) PSYoungGen: 295072K(322048K)->192K(322560K) Eden: 294912K(294912K)->0K(295424K) From: 160K(27136K)->192K(27136K)
[157.529s][info][gc,heap        ] GC(1414) ParOldGen: 113548K(699392K)->113548K(699392K)
[157.529s][info][gc,metaspace   ] GC(1414) Metaspace: 36237K(36544K)->36237K(36544K) NonClass: 32068K(32192K)->32068K(32192K) Class: 4168K(4352K)->4168K(4352K)
[157.529s][info][gc             ] GC(1414) Pause Young (Allocation Failure) 399M->111M(998M) 0.369ms
[157.529s][info][gc,cpu         ] GC(1414) User=0.00s Sys=0.00s Real=0.00s
[157.573s][info][gc,start       ] GC(1415) Pause Young (Allocation Failure)
[157.574s][info][gc,heap        ] GC(1415) PSYoungGen: 295616K(322560K)->192K(322048K) Eden: 295424K(295424K)->0K(295424K) From: 192K(27136K)->192K(26624K)
[157.574s][info][gc,heap        ] GC(1415) ParOldGen: 113548K(699392K)->113548K(699392K)
[157.574s][info][gc,metaspace   ] GC(1415) Metaspace: 36237K(36544K)->36237K(36544K) NonClass: 32068K(32192K)->32068K(32192K) Class: 4168K(4352K)->4168K(4352K)
[157.574s][info][gc             ] GC(1415) Pause Young (Allocation Failure) 399M->111M(997M) 0.375ms
[157.574s][info][gc,cpu         ] GC(1415) User=0.00s Sys=0.00s Real=0.00s
[157.618s][info][gc,start       ] GC(1416) Pause Young (Allocation Failure)
[157.618s][info][gc,heap        ] GC(1416) PSYoungGen: 295616K(322048K)->192K(323584K) Eden: 295424K(295424K)->0K(297472K) From: 192K(26624K)->192K(26112K)
[157.618s][info][gc,heap        ] GC(1416) ParOldGen: 113548K(699392K)->113548K(699392K)
[157.618s][info][gc,metaspace   ] GC(1416) Metaspace: 36237K(36544K)->36237K(36544K) NonClass: 32068K(32192K)->32068K(32192K) Class: 4168K(4352K)->4168K(4352K)
[157.619s][info][gc             ] GC(1416) Pause Young (Allocation Failure) 399M->111M(999M) 0.378ms
[157.619s][info][gc,cpu         ] GC(1416) User=0.00s Sys=0.00s Real=0.00s
[157.663s][info][gc,start       ] GC(1417) Pause Young (Allocation Failure)
[157.663s][info][gc,heap        ] GC(1417) PSYoungGen: 297664K(323584K)->160K(323072K) Eden: 297472K(297472K)->0K(297472K) From: 192K(26112K)->160K(25600K)
[157.663s][info][gc,heap        ] GC(1417) ParOldGen: 113548K(699392K)->113548K(699392K)
[157.663s][info][gc,metaspace   ] GC(1417) Metaspace: 36237K(36544K)->36237K(36544K) NonClass: 32068K(32192K)->32068K(32192K) Class: 4168K(4352K)->4168K(4352K)
[157.663s][info][gc             ] GC(1417) Pause Young (Allocation Failure) 401M->111M(998M) 0.371ms
[157.663s][info][gc,cpu         ] GC(1417) User=0.00s Sys=0.00s Real=0.00s
[157.707s][info][gc,start       ] GC(1418) Pause Young (Allocation Failure)
[157.708s][info][gc,heap        ] GC(1418) PSYoungGen: 297632K(323072K)->160K(325632K) Eden: 297472K(297472K)->0K(301056K) From: 160K(25600K)->160K(24576K)
[157.708s][info][gc,heap        ] GC(1418) ParOldGen: 113548K(699392K)->113548K(699392K)
[157.708s][info][gc,metaspace   ] GC(1418) Metaspace: 36237K(36544K)->36237K(36544K) NonClass: 32068K(32192K)->32068K(32192K) Class: 4168K(4352K)->4168K(4352K)
[157.708s][info][gc             ] GC(1418) Pause Young (Allocation Failure) 401M->111M(1001M) 0.416ms
[157.708s][info][gc,cpu         ] GC(1418) User=0.00s Sys=0.00s Real=0.00s
[157.756s][info][gc,start       ] GC(1419) Pause Young (Allocation Failure)
[157.757s][info][gc,heap        ] GC(1419) PSYoungGen: 301216K(325632K)->160K(324608K) Eden: 301056K(301056K)->0K(301056K) From: 160K(24576K)->160K(23552K)
[157.757s][info][gc,heap        ] GC(1419) ParOldGen: 113548K(699392K)->113548K(699392K)
[157.757s][info][gc,metaspace   ] GC(1419) Metaspace: 36237K(36544K)->36237K(36544K) NonClass: 32068K(32192K)->32068K(32192K) Class: 4168K(4352K)->4168K(4352K)
[157.757s][info][gc             ] GC(1419) Pause Young (Allocation Failure) 405M->111M(1000M) 0.927ms
[157.757s][info][gc,cpu         ] GC(1419) User=0.00s Sys=0.00s Real=0.00s
[157.804s][info][gc,start       ] GC(1420) Pause Young (Allocation Failure)
[157.804s][info][gc,heap        ] GC(1420) PSYoungGen: 301216K(324608K)->192K(327680K) Eden: 301056K(301056K)->0K(305152K) From: 160K(23552K)->192K(22528K)
[157.804s][info][gc,heap        ] GC(1420) ParOldGen: 113548K(699392K)->113548K(699392K)
[157.804s][info][gc,metaspace   ] GC(1420) Metaspace: 36237K(36544K)->36237K(36544K) NonClass: 32068K(32192K)->32068K(32192K) Class: 4168K(4352K)->4168K(4352K)
[157.804s][info][gc             ] GC(1420) Pause Young (Allocation Failure) 405M->111M(1003M) 0.384ms
[157.804s][info][gc,cpu         ] GC(1420) User=0.00s Sys=0.00s Real=0.00s
[157.853s][info][gc,start       ] GC(1421) Pause Young (Allocation Failure)
[157.853s][info][gc,heap        ] GC(1421) PSYoungGen: 305344K(327680K)->128K(326656K) Eden: 305152K(305152K)->0K(305152K) From: 192K(22528K)->128K(21504K)
[157.853s][info][gc,heap        ] GC(1421) ParOldGen: 113548K(699392K)->113548K(699392K)
[157.853s][info][gc,metaspace   ] GC(1421) Metaspace: 36237K(36544K)->36237K(36544K) NonClass: 32068K(32192K)->32068K(32192K) Class: 4168K(4352K)->4168K(4352K)
[157.853s][info][gc             ] GC(1421) Pause Young (Allocation Failure) 409M->111M(1002M) 0.385ms
[157.853s][info][gc,cpu         ] GC(1421) User=0.00s Sys=0.00s Real=0.00s
[157.899s][info][gc,start       ] GC(1422) Pause Young (Allocation Failure)
[157.900s][info][gc,heap        ] GC(1422) PSYoungGen: 305280K(326656K)->192K(329728K) Eden: 305152K(305152K)->0K(309248K) From: 128K(21504K)->192K(20480K)
[157.900s][info][gc,heap        ] GC(1422) ParOldGen: 113548K(699392K)->113548K(699392K)
[157.900s][info][gc,metaspace   ] GC(1422) Metaspace: 36237K(36544K)->36237K(36544K) NonClass: 32068K(32192K)->32068K(32192K) Class: 4168K(4352K)->4168K(4352K)
[157.900s][info][gc             ] GC(1422) Pause Young (Allocation Failure) 409M->111M(1005M) 0.372ms
[157.900s][info][gc,cpu         ] GC(1422) User=0.00s Sys=0.00s Real=0.00s
[157.948s][info][gc,start       ] GC(1423) Pause Young (Allocation Failure)
[157.949s][info][gc,heap        ] GC(1423) PSYoungGen: 309440K(329728K)->160K(328704K) Eden: 309248K(309248K)->0K(309248K) From: 192K(20480K)->160K(19456K)
[157.949s][info][gc,heap        ] GC(1423) ParOldGen: 113548K(699392K)->113548K(699392K)
[157.949s][info][gc,metaspace   ] GC(1423) Metaspace: 36237K(36544K)->36237K(36544K) NonClass: 32068K(32192K)->32068K(32192K) Class: 4168K(4352K)->4168K(4352K)
[157.949s][info][gc             ] GC(1423) Pause Young (Allocation Failure) 413M->111M(1004M) 0.385ms
[157.949s][info][gc,cpu         ] GC(1423) User=0.00s Sys=0.00s Real=0.00s
[157.996s][info][gc,start       ] GC(1424) Pause Young (Allocation Failure)
[157.996s][info][gc,heap        ] GC(1424) PSYoungGen: 309408K(328704K)->192K(331776K) Eden: 309248K(309248K)->0K(313344K) From: 160K(19456K)->192K(18432K)
[157.996s][info][gc,heap        ] GC(1424) ParOldGen: 113548K(699392K)->113548K(699392K)
[157.996s][info][gc,metaspace   ] GC(1424) Metaspace: 36237K(36544K)->36237K(36544K) NonClass: 32068K(32192K)->32068K(32192K) Class: 4168K(4352K)->4168K(4352K)
[157.996s][info][gc             ] GC(1424) Pause Young (Allocation Failure) 413M->111M(1007M) 0.397ms
[157.996s][info][gc,cpu         ] GC(1424) User=0.00s Sys=0.00s Real=0.00s
[158.055s][info][gc,start       ] GC(1425) Pause Young (Allocation Failure)
[158.055s][info][gc,heap        ] GC(1425) PSYoungGen: 313536K(331776K)->192K(330752K) Eden: 313344K(313344K)->0K(313344K) From: 192K(18432K)->192K(17408K)
[158.055s][info][gc,heap        ] GC(1425) ParOldGen: 113548K(699392K)->113548K(699392K)
[158.055s][info][gc,metaspace   ] GC(1425) Metaspace: 36237K(36544K)->36237K(36544K) NonClass: 32068K(32192K)->32068K(32192K) Class: 4168K(4352K)->4168K(4352K)
[158.055s][info][gc             ] GC(1425) Pause Young (Allocation Failure) 417M->111M(1006M) 0.457ms
[158.055s][info][gc,cpu         ] GC(1425) User=0.00s Sys=0.00s Real=0.00s
[158.116s][info][gc,start       ] GC(1426) Pause Young (Allocation Failure)
[158.117s][info][gc,heap        ] GC(1426) PSYoungGen: 313536K(330752K)->192K(333312K) Eden: 313344K(313344K)->0K(316928K) From: 192K(17408K)->192K(16384K)
[158.117s][info][gc,heap        ] GC(1426) ParOldGen: 113548K(699392K)->113596K(699392K)
[158.117s][info][gc,metaspace   ] GC(1426) Metaspace: 36237K(36544K)->36237K(36544K) NonClass: 32068K(32192K)->32068K(32192K) Class: 4168K(4352K)->4168K(4352K)
[158.117s][info][gc             ] GC(1426) Pause Young (Allocation Failure) 417M->111M(1008M) 0.577ms
[158.117s][info][gc,cpu         ] GC(1426) User=0.00s Sys=0.00s Real=0.00s
[158.176s][info][gc,start       ] GC(1427) Pause Young (Allocation Failure)
[158.176s][info][gc,heap        ] GC(1427) PSYoungGen: 317120K(333312K)->160K(332800K) Eden: 316928K(316928K)->0K(316928K) From: 192K(16384K)->160K(15872K)
[158.176s][info][gc,heap        ] GC(1427) ParOldGen: 113596K(699392K)->113596K(699392K)
[158.176s][info][gc,metaspace   ] GC(1427) Metaspace: 36237K(36544K)->36237K(36544K) NonClass: 32068K(32192K)->32068K(32192K) Class: 4168K(4352K)->4168K(4352K)
[158.176s][info][gc             ] GC(1427) Pause Young (Allocation Failure) 420M->111M(1008M) 0.428ms
[158.176s][info][gc,cpu         ] GC(1427) User=0.00s Sys=0.00s Real=0.00s
[158.237s][info][gc,start       ] GC(1428) Pause Young (Allocation Failure)
[158.238s][info][gc,heap        ] GC(1428) PSYoungGen: 317088K(332800K)->192K(335360K) Eden: 316928K(316928K)->0K(320512K) From: 160K(15872K)->192K(14848K)
[158.238s][info][gc,heap        ] GC(1428) ParOldGen: 113596K(699392K)->113596K(699392K)
[158.238s][info][gc,metaspace   ] GC(1428) Metaspace: 36237K(36544K)->36237K(36544K) NonClass: 32068K(32192K)->32068K(32192K) Class: 4168K(4352K)->4168K(4352K)
[158.238s][info][gc             ] GC(1428) Pause Young (Allocation Failure) 420M->111M(1010M) 0.425ms
[158.238s][info][gc,cpu         ] GC(1428) User=0.00s Sys=0.00s Real=0.00s
[158.299s][info][gc,start       ] GC(1429) Pause Young (Allocation Failure)
[158.299s][info][gc,heap        ] GC(1429) PSYoungGen: 320704K(335360K)->192K(334336K) Eden: 320512K(320512K)->0K(320512K) From: 192K(14848K)->192K(13824K)
[158.299s][info][gc,heap        ] GC(1429) ParOldGen: 113596K(699392K)->113596K(699392K)
[158.299s][info][gc,metaspace   ] GC(1429) Metaspace: 36237K(36544K)->36237K(36544K) NonClass: 32068K(32192K)->32068K(32192K) Class: 4168K(4352K)->4168K(4352K)
[158.299s][info][gc             ] GC(1429) Pause Young (Allocation Failure) 424M->111M(1009M) 0.394ms
[158.299s][info][gc,cpu         ] GC(1429) User=0.00s Sys=0.00s Real=0.00s
[158.359s][info][gc,start       ] GC(1430) Pause Young (Allocation Failure)
[158.360s][info][gc,heap        ] GC(1430) PSYoungGen: 320704K(334336K)->192K(336896K) Eden: 320512K(320512K)->0K(324096K) From: 192K(13824K)->192K(12800K)
[158.360s][info][gc,heap        ] GC(1430) ParOldGen: 113596K(699392K)->113596K(699392K)
[158.360s][info][gc,metaspace   ] GC(1430) Metaspace: 36237K(36544K)->36237K(36544K) NonClass: 32068K(32192K)->32068K(32192K) Class: 4168K(4352K)->4168K(4352K)
[158.360s][info][gc             ] GC(1430) Pause Young (Allocation Failure) 424M->111M(1012M) 0.451ms
[158.360s][info][gc,cpu         ] GC(1430) User=0.00s Sys=0.00s Real=0.00s
[158.418s][info][gc,start       ] GC(1431) Pause Young (Allocation Failure)
[158.418s][info][gc,heap        ] GC(1431) PSYoungGen: 324288K(336896K)->160K(336384K) Eden: 324096K(324096K)->0K(324096K) From: 192K(12800K)->160K(12288K)
[158.418s][info][gc,heap        ] GC(1431) ParOldGen: 113596K(699392K)->113596K(699392K)
[158.418s][info][gc,metaspace   ] GC(1431) Metaspace: 36237K(36544K)->36237K(36544K) NonClass: 32068K(32192K)->32068K(32192K) Class: 4168K(4352K)->4168K(4352K)
[158.418s][info][gc             ] GC(1431) Pause Young (Allocation Failure) 427M->111M(1011M) 0.396ms
[158.418s][info][gc,cpu         ] GC(1431) User=0.00s Sys=0.00s Real=0.00s
[158.481s][info][gc,start       ] GC(1432) Pause Young (Allocation Failure)
[158.481s][info][gc,heap        ] GC(1432) PSYoungGen: 324256K(336384K)->160K(338432K) Eden: 324096K(324096K)->0K(327168K) From: 160K(12288K)->160K(11264K)
[158.481s][info][gc,heap        ] GC(1432) ParOldGen: 113596K(699392K)->113596K(699392K)
[158.481s][info][gc,metaspace   ] GC(1432) Metaspace: 36237K(36544K)->36237K(36544K) NonClass: 32068K(32192K)->32068K(32192K) Class: 4168K(4352K)->4168K(4352K)
[158.481s][info][gc             ] GC(1432) Pause Young (Allocation Failure) 427M->111M(1013M) 0.415ms
[158.481s][info][gc,cpu         ] GC(1432) User=0.00s Sys=0.00s Real=0.00s
[158.543s][info][gc,start       ] GC(1433) Pause Young (Allocation Failure)
[158.543s][info][gc,heap        ] GC(1433) PSYoungGen: 327328K(338432K)->160K(337920K) Eden: 327168K(327168K)->0K(327168K) From: 160K(11264K)->160K(10752K)
[158.543s][info][gc,heap        ] GC(1433) ParOldGen: 113596K(699392K)->113596K(699392K)
[158.543s][info][gc,metaspace   ] GC(1433) Metaspace: 36237K(36544K)->36237K(36544K) NonClass: 32068K(32192K)->32068K(32192K) Class: 4168K(4352K)->4168K(4352K)
[158.543s][info][gc             ] GC(1433) Pause Young (Allocation Failure) 430M->111M(1013M) 0.416ms
[158.543s][info][gc,cpu         ] GC(1433) User=0.00s Sys=0.00s Real=0.00s
[158.605s][info][gc,start       ] GC(1434) Pause Young (Allocation Failure)
[158.605s][info][gc,heap        ] GC(1434) PSYoungGen: 327328K(337920K)->192K(339968K) Eden: 327168K(327168K)->0K(330240K) From: 160K(10752K)->192K(9728K)
[158.605s][info][gc,heap        ] GC(1434) ParOldGen: 113596K(699392K)->113596K(699392K)
[158.605s][info][gc,metaspace   ] GC(1434) Metaspace: 36237K(36544K)->36237K(36544K) NonClass: 32068K(32192K)->32068K(32192K) Class: 4168K(4352K)->4168K(4352K)
[158.605s][info][gc             ] GC(1434) Pause Young (Allocation Failure) 430M->111M(1015M) 0.421ms
[158.605s][info][gc,cpu         ] GC(1434) User=0.00s Sys=0.00s Real=0.00s
[158.667s][info][gc,start       ] GC(1435) Pause Young (Allocation Failure)
[158.667s][info][gc,heap        ] GC(1435) PSYoungGen: 330432K(339968K)->192K(339456K) Eden: 330240K(330240K)->0K(330240K) From: 192K(9728K)->192K(9216K)
[158.668s][info][gc,heap        ] GC(1435) ParOldGen: 113596K(699392K)->113596K(699392K)
[158.668s][info][gc,metaspace   ] GC(1435) Metaspace: 36237K(36544K)->36237K(36544K) NonClass: 32068K(32192K)->32068K(32192K) Class: 4168K(4352K)->4168K(4352K)
[158.668s][info][gc             ] GC(1435) Pause Young (Allocation Failure) 433M->111M(1014M) 0.456ms
[158.668s][info][gc,cpu         ] GC(1435) User=0.00s Sys=0.00s Real=0.00s
[158.731s][info][gc,start       ] GC(1436) Pause Young (Allocation Failure)
[158.731s][info][gc,heap        ] GC(1436) PSYoungGen: 330432K(339456K)->128K(340992K) Eden: 330240K(330240K)->0K(332288K) From: 192K(9216K)->128K(8704K)
[158.731s][info][gc,heap        ] GC(1436) ParOldGen: 113596K(699392K)->113596K(699392K)
[158.731s][info][gc,metaspace   ] GC(1436) Metaspace: 36237K(36544K)->36237K(36544K) NonClass: 32068K(32192K)->32068K(32192K) Class: 4168K(4352K)->4168K(4352K)
[158.731s][info][gc             ] GC(1436) Pause Young (Allocation Failure) 433M->111M(1016M) 0.800ms
[158.731s][info][gc,cpu         ] GC(1436) User=0.00s Sys=0.00s Real=0.00s
[158.794s][info][gc,start       ] GC(1437) Pause Young (Allocation Failure)
[158.794s][info][gc,heap        ] GC(1437) PSYoungGen: 332416K(340992K)->160K(340480K) Eden: 332288K(332288K)->0K(332288K) From: 128K(8704K)->160K(8192K)
[158.794s][info][gc,heap        ] GC(1437) ParOldGen: 113596K(699392K)->113596K(699392K)
[158.794s][info][gc,metaspace   ] GC(1437) Metaspace: 36237K(36544K)->36237K(36544K) NonClass: 32068K(32192K)->32068K(32192K) Class: 4168K(4352K)->4168K(4352K)
[158.794s][info][gc             ] GC(1437) Pause Young (Allocation Failure) 435M->111M(1015M) 0.434ms
[158.794s][info][gc,cpu         ] GC(1437) User=0.00s Sys=0.00s Real=0.00s
[158.856s][info][gc,start       ] GC(1438) Pause Young (Allocation Failure)
[158.856s][info][gc,heap        ] GC(1438) PSYoungGen: 332448K(340480K)->192K(342016K) Eden: 332288K(332288K)->0K(334336K) From: 160K(8192K)->192K(7680K)
[158.856s][info][gc,heap        ] GC(1438) ParOldGen: 113596K(699392K)->113596K(699392K)
[158.856s][info][gc,metaspace   ] GC(1438) Metaspace: 36237K(36544K)->36237K(36544K) NonClass: 32068K(32192K)->32068K(32192K) Class: 4168K(4352K)->4168K(4352K)
[158.856s][info][gc             ] GC(1438) Pause Young (Allocation Failure) 435M->111M(1017M) 0.449ms
[158.856s][info][gc,cpu         ] GC(1438) User=0.00s Sys=0.00s Real=0.00s
[158.919s][info][gc,start       ] GC(1439) Pause Young (Allocation Failure)
[158.919s][info][gc,heap        ] GC(1439) PSYoungGen: 334528K(342016K)->192K(341504K) Eden: 334336K(334336K)->0K(334336K) From: 192K(7680K)->192K(7168K)
[158.919s][info][gc,heap        ] GC(1439) ParOldGen: 113596K(699392K)->113596K(699392K)
[158.919s][info][gc,metaspace   ] GC(1439) Metaspace: 36237K(36544K)->36237K(36544K) NonClass: 32068K(32192K)->32068K(32192K) Class: 4168K(4352K)->4168K(4352K)
[158.919s][info][gc             ] GC(1439) Pause Young (Allocation Failure) 437M->111M(1016M) 0.412ms
[158.919s][info][gc,cpu         ] GC(1439) User=0.00s Sys=0.00s Real=0.00s
[158.980s][info][gc,start       ] GC(1440) Pause Young (Allocation Failure)
[158.981s][info][gc,heap        ] GC(1440) PSYoungGen: 334528K(341504K)->192K(343040K) Eden: 334336K(334336K)->0K(336384K) From: 192K(7168K)->192K(6656K)
[158.981s][info][gc,heap        ] GC(1440) ParOldGen: 113596K(699392K)->113596K(699392K)
[158.981s][info][gc,metaspace   ] GC(1440) Metaspace: 36237K(36544K)->36237K(36544K) NonClass: 32068K(32192K)->32068K(32192K) Class: 4168K(4352K)->4168K(4352K)
[158.981s][info][gc             ] GC(1440) Pause Young (Allocation Failure) 437M->111M(1018M) 0.417ms
[158.981s][info][gc,cpu         ] GC(1440) User=0.00s Sys=0.00s Real=0.00s
[159.045s][info][gc,start       ] GC(1441) Pause Young (Allocation Failure)
[159.045s][info][gc,heap        ] GC(1441) PSYoungGen: 336576K(343040K)->160K(342528K) Eden: 336384K(336384K)->0K(336384K) From: 192K(6656K)->160K(6144K)
[159.045s][info][gc,heap        ] GC(1441) ParOldGen: 113596K(699392K)->113596K(699392K)
[159.045s][info][gc,metaspace   ] GC(1441) Metaspace: 36237K(36544K)->36237K(36544K) NonClass: 32068K(32192K)->32068K(32192K) Class: 4168K(4352K)->4168K(4352K)
[159.045s][info][gc             ] GC(1441) Pause Young (Allocation Failure) 439M->111M(1017M) 0.437ms
[159.045s][info][gc,cpu         ] GC(1441) User=0.00s Sys=0.00s Real=0.00s
[159.109s][info][gc,start       ] GC(1442) Pause Young (Allocation Failure)
[159.109s][info][gc,heap        ] GC(1442) PSYoungGen: 336544K(342528K)->192K(344064K) Eden: 336384K(336384K)->0K(338432K) From: 160K(6144K)->192K(5632K)
[159.109s][info][gc,heap        ] GC(1442) ParOldGen: 113596K(699392K)->113596K(699392K)
[159.109s][info][gc,metaspace   ] GC(1442) Metaspace: 36237K(36544K)->36237K(36544K) NonClass: 32068K(32192K)->32068K(32192K) Class: 4168K(4352K)->4168K(4352K)
[159.109s][info][gc             ] GC(1442) Pause Young (Allocation Failure) 439M->111M(1019M) 0.419ms
[159.109s][info][gc,cpu         ] GC(1442) User=0.09s Sys=0.00s Real=0.00s
[159.173s][info][gc,start       ] GC(1443) Pause Young (Allocation Failure)
[159.173s][info][gc,heap        ] GC(1443) PSYoungGen: 338624K(344064K)->192K(343552K) Eden: 338432K(338432K)->0K(338432K) From: 192K(5632K)->192K(5120K)
[159.173s][info][gc,heap        ] GC(1443) ParOldGen: 113596K(699392K)->113596K(699392K)
[159.173s][info][gc,metaspace   ] GC(1443) Metaspace: 36237K(36544K)->36237K(36544K) NonClass: 32068K(32192K)->32068K(32192K) Class: 4168K(4352K)->4168K(4352K)
[159.173s][info][gc             ] GC(1443) Pause Young (Allocation Failure) 441M->111M(1018M) 0.437ms
[159.173s][info][gc,cpu         ] GC(1443) User=0.00s Sys=0.00s Real=0.00s
[159.237s][info][gc,start       ] GC(1444) Pause Young (Allocation Failure)
[159.237s][info][gc,heap        ] GC(1444) PSYoungGen: 338624K(343552K)->160K(344576K) Eden: 338432K(338432K)->0K(339968K) From: 192K(5120K)->160K(4608K)
[159.237s][info][gc,heap        ] GC(1444) ParOldGen: 113596K(699392K)->113596K(699392K)
[159.237s][info][gc,metaspace   ] GC(1444) Metaspace: 36237K(36544K)->36237K(36544K) NonClass: 32068K(32192K)->32068K(32192K) Class: 4168K(4352K)->4168K(4352K)
[159.237s][info][gc             ] GC(1444) Pause Young (Allocation Failure) 441M->111M(1019M) 0.474ms
[159.237s][info][gc,cpu         ] GC(1444) User=0.00s Sys=0.00s Real=0.00s
[159.302s][info][gc,start       ] GC(1445) Pause Young (Allocation Failure)
[159.303s][info][gc,heap        ] GC(1445) PSYoungGen: 340128K(344576K)->160K(344576K) Eden: 339968K(339968K)->0K(339968K) From: 160K(4608K)->160K(4608K)
[159.303s][info][gc,heap        ] GC(1445) ParOldGen: 113596K(699392K)->113596K(699392K)
[159.303s][info][gc,metaspace   ] GC(1445) Metaspace: 36237K(36544K)->36237K(36544K) NonClass: 32068K(32192K)->32068K(32192K) Class: 4168K(4352K)->4168K(4352K)
[159.303s][info][gc             ] GC(1445) Pause Young (Allocation Failure) 443M->111M(1019M) 0.427ms
[159.303s][info][gc,cpu         ] GC(1445) User=0.00s Sys=0.00s Real=0.00s
[159.367s][info][gc,start       ] GC(1446) Pause Young (Allocation Failure)
[159.368s][info][gc,heap        ] GC(1446) PSYoungGen: 340128K(344576K)->192K(345088K) Eden: 339968K(339968K)->0K(340992K) From: 160K(4608K)->192K(4096K)
[159.368s][info][gc,heap        ] GC(1446) ParOldGen: 113596K(699392K)->113596K(699392K)
[159.368s][info][gc,metaspace   ] GC(1446) Metaspace: 36237K(36544K)->36237K(36544K) NonClass: 32068K(32192K)->32068K(32192K) Class: 4168K(4352K)->4168K(4352K)
[159.368s][info][gc             ] GC(1446) Pause Young (Allocation Failure) 443M->111M(1020M) 0.434ms
[159.368s][info][gc,cpu         ] GC(1446) User=0.00s Sys=0.00s Real=0.00s
[159.432s][info][gc,start       ] GC(1447) Pause Young (Allocation Failure)
[159.433s][info][gc,heap        ] GC(1447) PSYoungGen: 341184K(345088K)->160K(345088K) Eden: 340992K(340992K)->0K(340992K) From: 192K(4096K)->160K(4096K)
[159.433s][info][gc,heap        ] GC(1447) ParOldGen: 113596K(699392K)->113596K(699392K)
[159.433s][info][gc,metaspace   ] GC(1447) Metaspace: 36237K(36544K)->36237K(36544K) NonClass: 32068K(32192K)->32068K(32192K) Class: 4168K(4352K)->4168K(4352K)
[159.433s][info][gc             ] GC(1447) Pause Young (Allocation Failure) 444M->111M(1020M) 0.414ms
[159.433s][info][gc,cpu         ] GC(1447) User=0.00s Sys=0.00s Real=0.00s
[159.498s][info][gc,start       ] GC(1448) Pause Young (Allocation Failure)
[159.498s][info][gc,heap        ] GC(1448) PSYoungGen: 341152K(345088K)->160K(345600K) Eden: 340992K(340992K)->0K(342016K) From: 160K(4096K)->160K(3584K)
[159.498s][info][gc,heap        ] GC(1448) ParOldGen: 113596K(699392K)->113596K(699392K)
[159.498s][info][gc,metaspace   ] GC(1448) Metaspace: 36237K(36544K)->36237K(36544K) NonClass: 32068K(32192K)->32068K(32192K) Class: 4168K(4352K)->4168K(4352K)
[159.498s][info][gc             ] GC(1448) Pause Young (Allocation Failure) 444M->111M(1020M) 0.446ms
[159.498s][info][gc,cpu         ] GC(1448) User=0.00s Sys=0.00s Real=0.00s
[159.563s][info][gc,start       ] GC(1449) Pause Young (Allocation Failure)
[159.563s][info][gc,heap        ] GC(1449) PSYoungGen: 342176K(345600K)->192K(345600K) Eden: 342016K(342016K)->0K(342016K) From: 160K(3584K)->192K(3584K)
[159.564s][info][gc,heap        ] GC(1449) ParOldGen: 113596K(699392K)->113596K(699392K)
[159.564s][info][gc,metaspace   ] GC(1449) Metaspace: 36237K(36544K)->36237K(36544K) NonClass: 32068K(32192K)->32068K(32192K) Class: 4168K(4352K)->4168K(4352K)
[159.564s][info][gc             ] GC(1449) Pause Young (Allocation Failure) 445M->111M(1020M) 0.454ms
[159.564s][info][gc,cpu         ] GC(1449) User=0.00s Sys=0.00s Real=0.00s
[159.630s][info][gc,start       ] GC(1450) Pause Young (Allocation Failure)
[159.631s][info][gc,heap        ] GC(1450) PSYoungGen: 342208K(345600K)->192K(346112K) Eden: 342016K(342016K)->0K(343040K) From: 192K(3584K)->192K(3072K)
[159.631s][info][gc,heap        ] GC(1450) ParOldGen: 113596K(699392K)->113596K(699392K)
[159.631s][info][gc,metaspace   ] GC(1450) Metaspace: 36237K(36544K)->36237K(36544K) NonClass: 32068K(32192K)->32068K(32192K) Class: 4168K(4352K)->4168K(4352K)
[159.631s][info][gc             ] GC(1450) Pause Young (Allocation Failure) 445M->111M(1021M) 0.400ms
[159.631s][info][gc,cpu         ] GC(1450) User=0.00s Sys=0.00s Real=0.00s
[159.696s][info][gc,start       ] GC(1451) Pause Young (Allocation Failure)
[159.697s][info][gc,heap        ] GC(1451) PSYoungGen: 343232K(346112K)->160K(346112K) Eden: 343040K(343040K)->0K(343040K) From: 192K(3072K)->160K(3072K)
[159.697s][info][gc,heap        ] GC(1451) ParOldGen: 113596K(699392K)->113596K(699392K)
[159.697s][info][gc,metaspace   ] GC(1451) Metaspace: 36237K(36544K)->36237K(36544K) NonClass: 32068K(32192K)->32068K(32192K) Class: 4168K(4352K)->4168K(4352K)
[159.697s][info][gc             ] GC(1451) Pause Young (Allocation Failure) 446M->111M(1021M) 0.424ms
[159.697s][info][gc,cpu         ] GC(1451) User=0.00s Sys=0.00s Real=0.00s
[159.780s][info][gc,start       ] GC(1452) Pause Young (Allocation Failure)
[159.780s][info][gc,heap        ] GC(1452) PSYoungGen: 343200K(346112K)->192K(346624K) Eden: 343040K(343040K)->0K(344064K) From: 160K(3072K)->192K(2560K)
[159.780s][info][gc,heap        ] GC(1452) ParOldGen: 113596K(699392K)->113596K(699392K)
[159.780s][info][gc,metaspace   ] GC(1452) Metaspace: 36237K(36544K)->36237K(36544K) NonClass: 32068K(32192K)->32068K(32192K) Class: 4168K(4352K)->4168K(4352K)
[159.780s][info][gc             ] GC(1452) Pause Young (Allocation Failure) 446M->111M(1021M) 0.435ms
[159.780s][info][gc,cpu         ] GC(1452) User=0.00s Sys=0.00s Real=0.00s
[160.085s][info][gc,start       ] GC(1453) Pause Young (Allocation Failure)
[160.094s][info][gc,heap        ] GC(1453) PSYoungGen: 344256K(346624K)->2534K(346624K) Eden: 344064K(344064K)->0K(344064K) From: 192K(2560K)->2534K(2560K)
[160.094s][info][gc,heap        ] GC(1453) ParOldGen: 113596K(699392K)->137092K(699392K)
[160.094s][info][gc,metaspace   ] GC(1453) Metaspace: 36237K(36544K)->36237K(36544K) NonClass: 32068K(32192K)->32068K(32192K) Class: 4168K(4352K)->4168K(4352K)
[160.094s][info][gc             ] GC(1453) Pause Young (Allocation Failure) 447M->136M(1021M) 8.991ms
[160.094s][info][gc,cpu         ] GC(1453) User=0.09s Sys=0.00s Real=0.02s
[160.411s][info][gc,start       ] GC(1454) Pause Young (Allocation Failure)
[160.426s][info][gc,heap        ] GC(1454) PSYoungGen: 346598K(346624K)->2549K(304640K) Eden: 344064K(344064K)->0K(302080K) From: 2534K(2560K)->2549K(2560K)
[160.426s][info][gc,heap        ] GC(1454) ParOldGen: 137092K(699392K)->171478K(699392K)
[160.426s][info][gc,metaspace   ] GC(1454) Metaspace: 36237K(36544K)->36237K(36544K) NonClass: 32068K(32192K)->32068K(32192K) Class: 4168K(4352K)->4168K(4352K)
[160.426s][info][gc             ] GC(1454) Pause Young (Allocation Failure) 472M->169M(980M) 15.601ms
[160.427s][info][gc,cpu         ] GC(1454) User=0.09s Sys=0.00s Real=0.03s
[160.696s][info][gc,start       ] GC(1455) Pause Young (Allocation Failure)
[160.704s][info][gc,heap        ] GC(1455) PSYoungGen: 304629K(304640K)->23390K(325632K) Eden: 302080K(302080K)->0K(302080K) From: 2549K(2560K)->23390K(23552K)
[160.704s][info][gc,heap        ] GC(1455) ParOldGen: 171478K(699392K)->173288K(699392K)
[160.704s][info][gc,metaspace   ] GC(1455) Metaspace: 36237K(36544K)->36237K(36544K) NonClass: 32068K(32192K)->32068K(32192K) Class: 4168K(4352K)->4168K(4352K)
[160.704s][info][gc             ] GC(1455) Pause Young (Allocation Failure) 464M->192M(1001M) 7.603ms
[160.704s][info][gc,cpu         ] GC(1455) User=0.09s Sys=0.00s Real=0.01s
[160.967s][info][gc,start       ] GC(1456) Pause Young (Allocation Failure)
[160.975s][info][gc,heap        ] GC(1456) PSYoungGen: 321758K(325632K)->21449K(310272K) Eden: 298368K(302080K)->0K(286720K) From: 23390K(23552K)->21449K(23552K)
[160.975s][info][gc,heap        ] GC(1456) ParOldGen: 173288K(699392K)->187505K(699392K)
[160.975s][info][gc,metaspace   ] GC(1456) Metaspace: 36237K(36544K)->36237K(36544K) NonClass: 32068K(32192K)->32068K(32192K) Class: 4168K(4352K)->4168K(4352K)
[160.975s][info][gc             ] GC(1456) Pause Young (Allocation Failure) 483M->204M(986M) 8.079ms
[160.975s][info][gc,cpu         ] GC(1456) User=0.09s Sys=0.00s Real=0.01s
[161.232s][info][gc,start       ] GC(1457) Pause Young (Allocation Failure)
[161.237s][info][gc,heap        ] GC(1457) PSYoungGen: 308169K(310272K)->12055K(317952K) Eden: 286720K(286720K)->0K(286720K) From: 21449K(23552K)->12055K(31232K)
[161.238s][info][gc,heap        ] GC(1457) ParOldGen: 187505K(699392K)->189423K(699392K)
[161.238s][info][gc,metaspace   ] GC(1457) Metaspace: 36237K(36544K)->36237K(36544K) NonClass: 32068K(32192K)->32068K(32192K) Class: 4168K(4352K)->4168K(4352K)
[161.238s][info][gc             ] GC(1457) Pause Young (Allocation Failure) 484M->196M(993M) 5.880ms
[161.238s][info][gc,cpu         ] GC(1457) User=0.09s Sys=0.00s Real=0.02s
[161.496s][info][gc,start       ] GC(1458) Pause Young (Allocation Failure)
[161.502s][info][gc,heap        ] GC(1458) PSYoungGen: 296838K(317952K)->14918K(318976K) Eden: 284782K(286720K)->0K(288768K) From: 12055K(31232K)->14918K(30208K)
[161.502s][info][gc,heap        ] GC(1458) ParOldGen: 189423K(699392K)->190473K(699392K)
[161.502s][info][gc,metaspace   ] GC(1458) Metaspace: 36237K(36544K)->36237K(36544K) NonClass: 32068K(32192K)->32068K(32192K) Class: 4168K(4352K)->4168K(4352K)
[161.502s][info][gc             ] GC(1458) Pause Young (Allocation Failure) 474M->200M(994M) 5.994ms
[161.502s][info][gc,cpu         ] GC(1458) User=0.09s Sys=0.00s Real=0.01s
[161.760s][info][gc,start       ] GC(1459) Pause Young (Allocation Failure)
[161.765s][info][gc,heap        ] GC(1459) PSYoungGen: 303686K(318976K)->12193K(318976K) Eden: 288768K(288768K)->0K(288768K) From: 14918K(30208K)->12193K(30208K)
[161.765s][info][gc,heap        ] GC(1459) ParOldGen: 190473K(699392K)->190848K(699392K)
[161.765s][info][gc,metaspace   ] GC(1459) Metaspace: 36237K(36544K)->36237K(36544K) NonClass: 32068K(32192K)->32068K(32192K) Class: 4168K(4352K)->4168K(4352K)
[161.765s][info][gc             ] GC(1459) Pause Young (Allocation Failure) 482M->198M(994M) 5.946ms
[161.766s][info][gc,cpu         ] GC(1459) User=0.08s Sys=0.00s Real=0.01s
[162.004s][info][gc,start       ] GC(1460) Pause Young (Allocation Failure)
[162.010s][info][gc,heap        ] GC(1460) PSYoungGen: 296626K(318976K)->16037K(319488K) Eden: 284433K(288768K)->0K(290816K) From: 12193K(30208K)->16037K(28672K)
[162.010s][info][gc,heap        ] GC(1460) ParOldGen: 190848K(699392K)->191180K(699392K)
[162.010s][info][gc,metaspace   ] GC(1460) Metaspace: 36237K(36544K)->36237K(36544K) NonClass: 32068K(32192K)->32068K(32192K) Class: 4168K(4352K)->4168K(4352K)
[162.010s][info][gc             ] GC(1460) Pause Young (Allocation Failure) 476M->202M(995M) 5.934ms
[162.010s][info][gc,cpu         ] GC(1460) User=0.00s Sys=0.00s Real=0.01s
[162.273s][info][gc,start       ] GC(1461) Pause Young (Allocation Failure)
[162.278s][info][gc,heap        ] GC(1461) PSYoungGen: 306853K(319488K)->11125K(320000K) Eden: 290816K(290816K)->0K(290816K) From: 16037K(28672K)->11125K(29184K)
[162.278s][info][gc,heap        ] GC(1461) ParOldGen: 191180K(699392K)->191682K(699392K)
[162.278s][info][gc,metaspace   ] GC(1461) Metaspace: 36237K(36544K)->36237K(36544K) NonClass: 32068K(32192K)->32068K(32192K) Class: 4168K(4352K)->4168K(4352K)
[162.278s][info][gc             ] GC(1461) Pause Young (Allocation Failure) 486M->198M(995M) 5.638ms
[162.278s][info][gc,cpu         ] GC(1461) User=0.00s Sys=0.00s Real=0.00s
[162.540s][info][gc,start       ] GC(1462) Pause Young (Allocation Failure)
[162.547s][info][gc,heap        ] GC(1462) PSYoungGen: 299725K(320000K)->13706K(322560K) Eden: 288599K(290816K)->0K(295424K) From: 11125K(29184K)->13706K(27136K)
[162.547s][info][gc,heap        ] GC(1462) ParOldGen: 191682K(699392K)->192371K(699392K)
[162.547s][info][gc,metaspace   ] GC(1462) Metaspace: 36237K(36544K)->36237K(36544K) NonClass: 32068K(32192K)->32068K(32192K) Class: 4168K(4352K)->4168K(4352K)
[162.547s][info][gc             ] GC(1462) Pause Young (Allocation Failure) 479M->201M(998M) 6.215ms
[162.547s][info][gc,cpu         ] GC(1462) User=0.00s Sys=0.00s Real=0.02s
[162.794s][info][gc,start       ] GC(1463) Pause Young (Allocation Failure)
[162.801s][info][gc,heap        ] GC(1463) PSYoungGen: 302568K(322560K)->20924K(316416K) Eden: 288862K(295424K)->0K(295424K) From: 13706K(27136K)->20924K(20992K)
[162.801s][info][gc,heap        ] GC(1463) ParOldGen: 192371K(699392K)->193142K(699392K)
[162.801s][info][gc,metaspace   ] GC(1463) Metaspace: 36237K(36544K)->36237K(36544K) NonClass: 32068K(32192K)->32068K(32192K) Class: 4168K(4352K)->4168K(4352K)
[162.801s][info][gc             ] GC(1463) Pause Young (Allocation Failure) 483M->209M(992M) 7.075ms
[162.801s][info][gc,cpu         ] GC(1463) User=0.08s Sys=0.00s Real=0.01s
[163.072s][info][gc,start       ] GC(1464) Pause Young (Allocation Failure)
[163.077s][info][gc,heap        ] GC(1464) PSYoungGen: 316228K(316416K)->11902K(322048K) Eden: 295303K(295424K)->0K(293376K) From: 20924K(20992K)->11902K(28672K)
[163.077s][info][gc,heap        ] GC(1464) ParOldGen: 193142K(699392K)->193429K(699392K)
[163.077s][info][gc,metaspace   ] GC(1464) Metaspace: 36237K(36544K)->36237K(36544K) NonClass: 32068K(32192K)->32068K(32192K) Class: 4168K(4352K)->4168K(4352K)
[163.077s][info][gc             ] GC(1464) Pause Young (Allocation Failure) 497M->200M(997M) 5.450ms
[163.077s][info][gc,cpu         ] GC(1464) User=0.00s Sys=0.00s Real=0.02s
[163.329s][info][gc,start       ] GC(1465) Pause Young (Allocation Failure)
[163.334s][info][gc,heap        ] GC(1465) PSYoungGen: 305278K(322048K)->9967K(320512K) Eden: 293376K(293376K)->0K(293376K) From: 11902K(28672K)->9967K(27136K)
[163.334s][info][gc,heap        ] GC(1465) ParOldGen: 193429K(699392K)->193801K(699392K)
[163.334s][info][gc,metaspace   ] GC(1465) Metaspace: 36237K(36544K)->36237K(36544K) NonClass: 32068K(32192K)->32068K(32192K) Class: 4168K(4352K)->4168K(4352K)
[163.334s][info][gc             ] GC(1465) Pause Young (Allocation Failure) 487M->198M(996M) 5.108ms
[163.334s][info][gc,cpu         ] GC(1465) User=0.00s Sys=0.00s Real=0.01s
[163.591s][info][gc,start       ] GC(1466) Pause Young (Allocation Failure)
[163.597s][info][gc,heap        ] GC(1466) PSYoungGen: 300133K(320512K)->16051K(323072K) Eden: 290166K(293376K)->0K(296960K) From: 9967K(27136K)->16051K(26112K)
[163.597s][info][gc,heap        ] GC(1466) ParOldGen: 193801K(699392K)->194480K(699392K)
[163.597s][info][gc,metaspace   ] GC(1466) Metaspace: 36237K(36544K)->36237K(36544K) NonClass: 32068K(32192K)->32068K(32192K) Class: 4168K(4352K)->4168K(4352K)
[163.597s][info][gc             ] GC(1466) Pause Young (Allocation Failure) 482M->205M(998M) 6.004ms
[163.597s][info][gc,cpu         ] GC(1466) User=0.09s Sys=0.00s Real=0.01s
[163.856s][info][gc,start       ] GC(1467) Pause Young (Allocation Failure)
[163.861s][info][gc,heap        ] GC(1467) PSYoungGen: 311264K(323072K)->13785K(323072K) Eden: 295212K(296960K)->0K(296960K) From: 16051K(26112K)->13785K(26112K)
[163.861s][info][gc,heap        ] GC(1467) ParOldGen: 194480K(699392K)->194802K(699392K)
[163.861s][info][gc,metaspace   ] GC(1467) Metaspace: 36237K(36544K)->36237K(36544K) NonClass: 32068K(32192K)->32068K(32192K) Class: 4168K(4352K)->4168K(4352K)
[163.861s][info][gc             ] GC(1467) Pause Young (Allocation Failure) 493M->203M(998M) 5.326ms
[163.861s][info][gc,cpu         ] GC(1467) User=0.09s Sys=0.00s Real=0.01s
[163.971s][info][gc,start       ] GC(1468) Pause Young (System.gc())
[163.975s][info][gc,heap        ] GC(1468) PSYoungGen: 124223K(323072K)->8435K(324096K) Eden: 110437K(296960K)->0K(298496K) From: 13785K(26112K)->8435K(25600K)
[163.975s][info][gc,heap        ] GC(1468) ParOldGen: 194802K(699392K)->198406K(699392K)
[163.975s][info][gc,metaspace   ] GC(1468) Metaspace: 36241K(36544K)->36241K(36544K) NonClass: 32072K(32192K)->32072K(32192K) Class: 4168K(4352K)->4168K(4352K)
[163.975s][info][gc             ] GC(1468) Pause Young (System.gc()) 311M->201M(999M) 4.581ms
[163.975s][info][gc,cpu         ] GC(1468) User=0.00s Sys=0.00s Real=0.01s
[163.975s][info][gc,start       ] GC(1469) Pause Full (System.gc())
[163.975s][info][gc,phases,start] GC(1469) Marking Phase
[163.991s][info][gc,phases      ] GC(1469) Marking Phase 15.896ms
[163.991s][info][gc,phases,start] GC(1469) Summary Phase
[163.991s][info][gc,phases      ] GC(1469) Summary Phase 0.011ms
[163.991s][info][gc,phases,start] GC(1469) Adjust Roots
[163.995s][info][gc,phases      ] GC(1469) Adjust Roots 3.869ms
[163.995s][info][gc,phases,start] GC(1469) Compaction Phase
[164.003s][info][gc,phases      ] GC(1469) Compaction Phase 8.013ms
[164.003s][info][gc,phases,start] GC(1469) Post Compact
[164.004s][info][gc,phases      ] GC(1469) Post Compact 0.822ms
[164.004s][info][gc,heap        ] GC(1469) PSYoungGen: 8435K(324096K)->0K(324096K) Eden: 0K(298496K)->0K(298496K) From: 8435K(25600K)->0K(25600K)
[164.004s][info][gc,heap        ] GC(1469) ParOldGen: 198406K(699392K)->114710K(699392K)
[164.004s][info][gc,metaspace   ] GC(1469) Metaspace: 36241K(36544K)->36241K(36544K) NonClass: 32072K(32192K)->32072K(32192K) Class: 4168K(4352K)->4168K(4352K)
[164.004s][info][gc             ] GC(1469) Pause Full (System.gc()) 201M->112M(999M) 28.914ms
[164.004s][info][gc,cpu         ] GC(1469) User=0.19s Sys=0.00s Real=0.03s
[164.052s][info][gc,start       ] GC(1470) Pause Young (Allocation Failure)
[164.052s][info][gc,heap        ] GC(1470) PSYoungGen: 298496K(324096K)->192K(323584K) Eden: 298496K(298496K)->0K(298496K) From: 0K(25600K)->192K(25088K)
[164.052s][info][gc,heap        ] GC(1470) ParOldGen: 114710K(699392K)->114710K(699392K)
[164.052s][info][gc,metaspace   ] GC(1470) Metaspace: 36242K(36544K)->36242K(36544K) NonClass: 32073K(32192K)->32073K(32192K) Class: 4168K(4352K)->4168K(4352K)
[164.052s][info][gc             ] GC(1470) Pause Young (Allocation Failure) 403M->112M(999M) 0.389ms
[164.052s][info][gc,cpu         ] GC(1470) User=0.00s Sys=0.00s Real=0.00s
[164.097s][info][gc,start       ] GC(1471) Pause Young (Allocation Failure)
[164.098s][info][gc,heap        ] GC(1471) PSYoungGen: 298688K(323584K)->192K(322560K) Eden: 298496K(298496K)->0K(296960K) From: 192K(25088K)->192K(25600K)
[164.098s][info][gc,heap        ] GC(1471) ParOldGen: 114710K(699392K)->114758K(699392K)
[164.098s][info][gc,metaspace   ] GC(1471) Metaspace: 36242K(36544K)->36242K(36544K) NonClass: 32073K(32192K)->32073K(32192K) Class: 4168K(4352K)->4168K(4352K)
[164.098s][info][gc             ] GC(1471) Pause Young (Allocation Failure) 403M->112M(998M) 0.382ms
[164.098s][info][gc,cpu         ] GC(1471) User=0.00s Sys=0.00s Real=0.00s
[164.143s][info][gc,start       ] GC(1472) Pause Young (Allocation Failure)
[164.144s][info][gc,heap        ] GC(1472) PSYoungGen: 297152K(322560K)->160K(323072K) Eden: 296960K(296960K)->0K(296960K) From: 192K(25600K)->160K(26112K)
[164.144s][info][gc,heap        ] GC(1472) ParOldGen: 114758K(699392K)->114758K(699392K)
[164.144s][info][gc,metaspace   ] GC(1472) Metaspace: 36242K(36544K)->36242K(36544K) NonClass: 32073K(32192K)->32073K(32192K) Class: 4168K(4352K)->4168K(4352K)
[164.144s][info][gc             ] GC(1472) Pause Young (Allocation Failure) 402M->112M(998M) 0.383ms
[164.144s][info][gc,cpu         ] GC(1472) User=0.00s Sys=0.00s Real=0.00s
[164.191s][info][gc,start       ] GC(1473) Pause Young (Allocation Failure)
[164.191s][info][gc,heap        ] GC(1473) PSYoungGen: 297120K(323072K)->192K(323584K) Eden: 296960K(296960K)->0K(297472K) From: 160K(26112K)->192K(26112K)
[164.191s][info][gc,heap        ] GC(1473) ParOldGen: 114758K(699392K)->114758K(699392K)
[164.191s][info][gc,metaspace   ] GC(1473) Metaspace: 36242K(36544K)->36242K(36544K) NonClass: 32073K(32192K)->32073K(32192K) Class: 4168K(4352K)->4168K(4352K)
[164.191s][info][gc             ] GC(1473) Pause Young (Allocation Failure) 402M->112M(999M) 0.387ms
[164.191s][info][gc,cpu         ] GC(1473) User=0.00s Sys=0.00s Real=0.00s
[164.235s][info][gc,start       ] GC(1474) Pause Young (Allocation Failure)
[164.235s][info][gc,heap        ] GC(1474) PSYoungGen: 297664K(323584K)->160K(323072K) Eden: 297472K(297472K)->0K(297472K) From: 192K(26112K)->160K(25600K)
[164.235s][info][gc,heap        ] GC(1474) ParOldGen: 114758K(699392K)->114758K(699392K)
[164.235s][info][gc,metaspace   ] GC(1474) Metaspace: 36242K(36544K)->36242K(36544K) NonClass: 32073K(32192K)->32073K(32192K) Class: 4168K(4352K)->4168K(4352K)
[164.235s][info][gc             ] GC(1474) Pause Young (Allocation Failure) 402M->112M(998M) 0.407ms
[164.236s][info][gc,cpu         ] GC(1474) User=0.00s Sys=0.00s Real=0.00s
[164.280s][info][gc,start       ] GC(1475) Pause Young (Allocation Failure)
[164.280s][info][gc,heap        ] GC(1475) PSYoungGen: 297632K(323072K)->160K(324608K) Eden: 297472K(297472K)->0K(299008K) From: 160K(25600K)->160K(25600K)
[164.280s][info][gc,heap        ] GC(1475) ParOldGen: 114758K(699392K)->114758K(699392K)
[164.280s][info][gc,metaspace   ] GC(1475) Metaspace: 36242K(36544K)->36242K(36544K) NonClass: 32073K(32192K)->32073K(32192K) Class: 4168K(4352K)->4168K(4352K)
[164.280s][info][gc             ] GC(1475) Pause Young (Allocation Failure) 402M->112M(1000M) 0.381ms
[164.280s][info][gc,cpu         ] GC(1475) User=0.00s Sys=0.00s Real=0.00s
[164.325s][info][gc,start       ] GC(1476) Pause Young (Allocation Failure)
[164.325s][info][gc,heap        ] GC(1476) PSYoungGen: 299168K(324608K)->160K(323584K) Eden: 299008K(299008K)->0K(299008K) From: 160K(25600K)->160K(24576K)
[164.325s][info][gc,heap        ] GC(1476) ParOldGen: 114758K(699392K)->114758K(699392K)
[164.325s][info][gc,metaspace   ] GC(1476) Metaspace: 36242K(36544K)->36242K(36544K) NonClass: 32073K(32192K)->32073K(32192K) Class: 4168K(4352K)->4168K(4352K)
[164.325s][info][gc             ] GC(1476) Pause Young (Allocation Failure) 404M->112M(999M) 0.439ms
[164.325s][info][gc,cpu         ] GC(1476) User=0.00s Sys=0.00s Real=0.00s
[164.369s][info][gc,start       ] GC(1477) Pause Young (Allocation Failure)
[164.370s][info][gc,heap        ] GC(1477) PSYoungGen: 299168K(323584K)->160K(326144K) Eden: 299008K(299008K)->0K(302080K) From: 160K(24576K)->160K(24064K)
[164.370s][info][gc,heap        ] GC(1477) ParOldGen: 114758K(699392K)->114758K(699392K)
[164.370s][info][gc,metaspace   ] GC(1477) Metaspace: 36242K(36544K)->36242K(36544K) NonClass: 32073K(32192K)->32073K(32192K) Class: 4168K(4352K)->4168K(4352K)
[164.370s][info][gc             ] GC(1477) Pause Young (Allocation Failure) 404M->112M(1001M) 0.385ms
[164.370s][info][gc,cpu         ] GC(1477) User=0.00s Sys=0.00s Real=0.00s
[164.415s][info][gc,start       ] GC(1478) Pause Young (Allocation Failure)
[164.415s][info][gc,heap        ] GC(1478) PSYoungGen: 302240K(326144K)->192K(325120K) Eden: 302080K(302080K)->0K(302080K) From: 160K(24064K)->192K(23040K)
[164.415s][info][gc,heap        ] GC(1478) ParOldGen: 114758K(699392K)->114758K(699392K)
[164.415s][info][gc,metaspace   ] GC(1478) Metaspace: 36242K(36544K)->36242K(36544K) NonClass: 32073K(32192K)->32073K(32192K) Class: 4168K(4352K)->4168K(4352K)
[164.415s][info][gc             ] GC(1478) Pause Young (Allocation Failure) 407M->112M(1000M) 0.406ms
[164.415s][info][gc,cpu         ] GC(1478) User=0.00s Sys=0.00s Real=0.00s
[164.460s][info][gc,start       ] GC(1479) Pause Young (Allocation Failure)
[164.460s][info][gc,heap        ] GC(1479) PSYoungGen: 302272K(325120K)->160K(327680K) Eden: 302080K(302080K)->0K(305152K) From: 192K(23040K)->160K(22528K)
[164.460s][info][gc,heap        ] GC(1479) ParOldGen: 114758K(699392K)->114758K(699392K)
[164.460s][info][gc,metaspace   ] GC(1479) Metaspace: 36242K(36544K)->36242K(36544K) NonClass: 32073K(32192K)->32073K(32192K) Class: 4168K(4352K)->4168K(4352K)
[164.460s][info][gc             ] GC(1479) Pause Young (Allocation Failure) 407M->112M(1003M) 0.373ms
[164.460s][info][gc,cpu         ] GC(1479) User=0.00s Sys=0.00s Real=0.00s
[164.506s][info][gc,start       ] GC(1480) Pause Young (Allocation Failure)
[164.506s][info][gc,heap        ] GC(1480) PSYoungGen: 305312K(327680K)->192K(326656K) Eden: 305152K(305152K)->0K(305152K) From: 160K(22528K)->192K(21504K)
[164.506s][info][gc,heap        ] GC(1480) ParOldGen: 114758K(699392K)->114758K(699392K)
[164.506s][info][gc,metaspace   ] GC(1480) Metaspace: 36242K(36544K)->36242K(36544K) NonClass: 32073K(32192K)->32073K(32192K) Class: 4168K(4352K)->4168K(4352K)
[164.506s][info][gc             ] GC(1480) Pause Young (Allocation Failure) 410M->112M(1002M) 0.401ms
[164.506s][info][gc,cpu         ] GC(1480) User=0.00s Sys=0.00s Real=0.00s
[164.553s][info][gc,start       ] GC(1481) Pause Young (Allocation Failure)
[164.553s][info][gc,heap        ] GC(1481) PSYoungGen: 305344K(326656K)->160K(329728K) Eden: 305152K(305152K)->0K(309248K) From: 192K(21504K)->160K(20480K)
[164.553s][info][gc,heap        ] GC(1481) ParOldGen: 114758K(699392K)->114758K(699392K)
[164.553s][info][gc,metaspace   ] GC(1481) Metaspace: 36242K(36544K)->36242K(36544K) NonClass: 32073K(32192K)->32073K(32192K) Class: 4168K(4352K)->4168K(4352K)
[164.554s][info][gc             ] GC(1481) Pause Young (Allocation Failure) 410M->112M(1005M) 0.382ms
[164.554s][info][gc,cpu         ] GC(1481) User=0.00s Sys=0.00s Real=0.00s
[164.601s][info][gc,start       ] GC(1482) Pause Young (Allocation Failure)
[164.601s][info][gc,heap        ] GC(1482) PSYoungGen: 309408K(329728K)->160K(328704K) Eden: 309248K(309248K)->0K(309248K) From: 160K(20480K)->160K(19456K)
[164.601s][info][gc,heap        ] GC(1482) ParOldGen: 114758K(699392K)->114758K(699392K)
[164.601s][info][gc,metaspace   ] GC(1482) Metaspace: 36242K(36544K)->36242K(36544K) NonClass: 32073K(32192K)->32073K(32192K) Class: 4168K(4352K)->4168K(4352K)
[164.601s][info][gc             ] GC(1482) Pause Young (Allocation Failure) 414M->112M(1004M) 0.382ms
[164.601s][info][gc,cpu         ] GC(1482) User=0.00s Sys=0.00s Real=0.00s
[164.648s][info][gc,start       ] GC(1483) Pause Young (Allocation Failure)
[164.648s][info][gc,heap        ] GC(1483) PSYoungGen: 309408K(328704K)->192K(331776K) Eden: 309248K(309248K)->0K(313344K) From: 160K(19456K)->192K(18432K)
[164.648s][info][gc,heap        ] GC(1483) ParOldGen: 114758K(699392K)->114758K(699392K)
[164.648s][info][gc,metaspace   ] GC(1483) Metaspace: 36242K(36544K)->36242K(36544K) NonClass: 32073K(32192K)->32073K(32192K) Class: 4168K(4352K)->4168K(4352K)
[164.648s][info][gc             ] GC(1483) Pause Young (Allocation Failure) 414M->112M(1007M) 0.389ms
[164.648s][info][gc,cpu         ] GC(1483) User=0.00s Sys=0.00s Real=0.00s
[164.703s][info][gc,start       ] GC(1484) Pause Young (Allocation Failure)
[164.703s][info][gc,heap        ] GC(1484) PSYoungGen: 313536K(331776K)->192K(330752K) Eden: 313344K(313344K)->0K(313344K) From: 192K(18432K)->192K(17408K)
[164.703s][info][gc,heap        ] GC(1484) ParOldGen: 114758K(699392K)->114758K(699392K)
[164.703s][info][gc,metaspace   ] GC(1484) Metaspace: 36242K(36544K)->36242K(36544K) NonClass: 32073K(32192K)->32073K(32192K) Class: 4168K(4352K)->4168K(4352K)
[164.703s][info][gc             ] GC(1484) Pause Young (Allocation Failure) 418M->112M(1006M) 0.434ms
[164.703s][info][gc,cpu         ] GC(1484) User=0.00s Sys=0.00s Real=0.00s
[164.764s][info][gc,start       ] GC(1485) Pause Young (Allocation Failure)
[164.764s][info][gc,heap        ] GC(1485) PSYoungGen: 313536K(330752K)->160K(333824K) Eden: 313344K(313344K)->0K(317440K) From: 192K(17408K)->160K(16384K)
[164.764s][info][gc,heap        ] GC(1485) ParOldGen: 114758K(699392K)->114798K(699392K)
[164.764s][info][gc,metaspace   ] GC(1485) Metaspace: 36242K(36544K)->36242K(36544K) NonClass: 32073K(32192K)->32073K(32192K) Class: 4168K(4352K)->4168K(4352K)
[164.764s][info][gc             ] GC(1485) Pause Young (Allocation Failure) 418M->112M(1009M) 0.587ms
[164.764s][info][gc,cpu         ] GC(1485) User=0.00s Sys=0.00s Real=0.02s
[164.825s][info][gc,start       ] GC(1486) Pause Young (Allocation Failure)
[164.825s][info][gc,heap        ] GC(1486) PSYoungGen: 317600K(333824K)->192K(332800K) Eden: 317440K(317440K)->0K(317440K) From: 160K(16384K)->192K(15360K)
[164.825s][info][gc,heap        ] GC(1486) ParOldGen: 114798K(699392K)->114798K(699392K)
[164.825s][info][gc,metaspace   ] GC(1486) Metaspace: 36242K(36544K)->36242K(36544K) NonClass: 32073K(32192K)->32073K(32192K) Class: 4168K(4352K)->4168K(4352K)
[164.825s][info][gc             ] GC(1486) Pause Young (Allocation Failure) 422M->112M(1008M) 0.438ms
[164.825s][info][gc,cpu         ] GC(1486) User=0.00s Sys=0.00s Real=0.00s
[164.886s][info][gc,start       ] GC(1487) Pause Young (Allocation Failure)
[164.886s][info][gc,heap        ] GC(1487) PSYoungGen: 317632K(332800K)->160K(335360K) Eden: 317440K(317440K)->0K(320512K) From: 192K(15360K)->160K(14848K)
[164.886s][info][gc,heap        ] GC(1487) ParOldGen: 114798K(699392K)->114798K(699392K)
[164.886s][info][gc,metaspace   ] GC(1487) Metaspace: 36242K(36544K)->36242K(36544K) NonClass: 32073K(32192K)->32073K(32192K) Class: 4168K(4352K)->4168K(4352K)
[164.886s][info][gc             ] GC(1487) Pause Young (Allocation Failure) 422M->112M(1010M) 0.423ms
[164.887s][info][gc,cpu         ] GC(1487) User=0.00s Sys=0.00s Real=0.00s
[164.947s][info][gc,start       ] GC(1488) Pause Young (Allocation Failure)
[164.947s][info][gc,heap        ] GC(1488) PSYoungGen: 320672K(335360K)->192K(334336K) Eden: 320512K(320512K)->0K(320512K) From: 160K(14848K)->192K(13824K)
[164.947s][info][gc,heap        ] GC(1488) ParOldGen: 114798K(699392K)->114798K(699392K)
[164.947s][info][gc,metaspace   ] GC(1488) Metaspace: 36242K(36544K)->36242K(36544K) NonClass: 32073K(32192K)->32073K(32192K) Class: 4168K(4352K)->4168K(4352K)
[164.947s][info][gc             ] GC(1488) Pause Young (Allocation Failure) 425M->112M(1009M) 0.417ms
[164.947s][info][gc,cpu         ] GC(1488) User=0.00s Sys=0.00s Real=0.00s
[165.010s][info][gc,start       ] GC(1489) Pause Young (Allocation Failure)
[165.010s][info][gc,heap        ] GC(1489) PSYoungGen: 320704K(334336K)->192K(336896K) Eden: 320512K(320512K)->0K(324096K) From: 192K(13824K)->192K(12800K)
[165.010s][info][gc,heap        ] GC(1489) ParOldGen: 114798K(699392K)->114798K(699392K)
[165.010s][info][gc,metaspace   ] GC(1489) Metaspace: 36242K(36544K)->36242K(36544K) NonClass: 32073K(32192K)->32073K(32192K) Class: 4168K(4352K)->4168K(4352K)
[165.010s][info][gc             ] GC(1489) Pause Young (Allocation Failure) 425M->112M(1012M) 0.397ms
[165.010s][info][gc,cpu         ] GC(1489) User=0.00s Sys=0.00s Real=0.00s
[165.071s][info][gc,start       ] GC(1490) Pause Young (Allocation Failure)
[165.072s][info][gc,heap        ] GC(1490) PSYoungGen: 324288K(336896K)->192K(336384K) Eden: 324096K(324096K)->0K(324096K) From: 192K(12800K)->192K(12288K)
[165.072s][info][gc,heap        ] GC(1490) ParOldGen: 114798K(699392K)->114798K(699392K)
[165.072s][info][gc,metaspace   ] GC(1490) Metaspace: 36242K(36544K)->36242K(36544K) NonClass: 32073K(32192K)->32073K(32192K) Class: 4168K(4352K)->4168K(4352K)
[165.072s][info][gc             ] GC(1490) Pause Young (Allocation Failure) 428M->112M(1011M) 0.433ms
[165.072s][info][gc,cpu         ] GC(1490) User=0.00s Sys=0.00s Real=0.00s
[165.134s][info][gc,start       ] GC(1491) Pause Young (Allocation Failure)
[165.134s][info][gc,heap        ] GC(1491) PSYoungGen: 324288K(336384K)->160K(338432K) Eden: 324096K(324096K)->0K(327168K) From: 192K(12288K)->160K(11264K)
[165.134s][info][gc,heap        ] GC(1491) ParOldGen: 114798K(699392K)->114798K(699392K)
[165.134s][info][gc,metaspace   ] GC(1491) Metaspace: 36242K(36544K)->36242K(36544K) NonClass: 32073K(32192K)->32073K(32192K) Class: 4168K(4352K)->4168K(4352K)
[165.134s][info][gc             ] GC(1491) Pause Young (Allocation Failure) 428M->112M(1013M) 0.430ms
[165.134s][info][gc,cpu         ] GC(1491) User=0.00s Sys=0.00s Real=0.00s
[165.197s][info][gc,start       ] GC(1492) Pause Young (Allocation Failure)
[165.198s][info][gc,heap        ] GC(1492) PSYoungGen: 327328K(338432K)->160K(337920K) Eden: 327168K(327168K)->0K(327168K) From: 160K(11264K)->160K(10752K)
[165.198s][info][gc,heap        ] GC(1492) ParOldGen: 114798K(699392K)->114798K(699392K)
[165.198s][info][gc,metaspace   ] GC(1492) Metaspace: 36242K(36544K)->36242K(36544K) NonClass: 32073K(32192K)->32073K(32192K) Class: 4168K(4352K)->4168K(4352K)
[165.198s][info][gc             ] GC(1492) Pause Young (Allocation Failure) 431M->112M(1013M) 0.434ms
[165.198s][info][gc,cpu         ] GC(1492) User=0.00s Sys=0.00s Real=0.00s
[165.260s][info][gc,start       ] GC(1493) Pause Young (Allocation Failure)
[165.261s][info][gc,heap        ] GC(1493) PSYoungGen: 327328K(337920K)->160K(339968K) Eden: 327168K(327168K)->0K(330240K) From: 160K(10752K)->160K(9728K)
[165.261s][info][gc,heap        ] GC(1493) ParOldGen: 114798K(699392K)->114798K(699392K)
[165.261s][info][gc,metaspace   ] GC(1493) Metaspace: 36242K(36544K)->36242K(36544K) NonClass: 32073K(32192K)->32073K(32192K) Class: 4168K(4352K)->4168K(4352K)
[165.261s][info][gc             ] GC(1493) Pause Young (Allocation Failure) 431M->112M(1015M) 0.418ms
[165.261s][info][gc,cpu         ] GC(1493) User=0.00s Sys=0.00s Real=0.00s
[165.324s][info][gc,start       ] GC(1494) Pause Young (Allocation Failure)
[165.324s][info][gc,heap        ] GC(1494) PSYoungGen: 330400K(339968K)->160K(339456K) Eden: 330240K(330240K)->0K(330240K) From: 160K(9728K)->160K(9216K)
[165.324s][info][gc,heap        ] GC(1494) ParOldGen: 114798K(699392K)->114798K(699392K)
[165.324s][info][gc,metaspace   ] GC(1494) Metaspace: 36242K(36544K)->36242K(36544K) NonClass: 32073K(32192K)->32073K(32192K) Class: 4168K(4352K)->4168K(4352K)
[165.324s][info][gc             ] GC(1494) Pause Young (Allocation Failure) 434M->112M(1014M) 0.413ms
[165.324s][info][gc,cpu         ] GC(1494) User=0.00s Sys=0.00s Real=0.00s
[165.387s][info][gc,start       ] GC(1495) Pause Young (Allocation Failure)
[165.387s][info][gc,heap        ] GC(1495) PSYoungGen: 330400K(339456K)->192K(340992K) Eden: 330240K(330240K)->0K(332288K) From: 160K(9216K)->192K(8704K)
[165.387s][info][gc,heap        ] GC(1495) ParOldGen: 114798K(699392K)->114798K(699392K)
[165.387s][info][gc,metaspace   ] GC(1495) Metaspace: 36242K(36544K)->36242K(36544K) NonClass: 32073K(32192K)->32073K(32192K) Class: 4168K(4352K)->4168K(4352K)
[165.387s][info][gc             ] GC(1495) Pause Young (Allocation Failure) 434M->112M(1016M) 0.460ms
[165.387s][info][gc,cpu         ] GC(1495) User=0.00s Sys=0.00s Real=0.00s
[165.447s][info][gc,start       ] GC(1496) Pause Young (Allocation Failure)
[165.447s][info][gc,heap        ] GC(1496) PSYoungGen: 332480K(340992K)->192K(340480K) Eden: 332288K(332288K)->0K(332288K) From: 192K(8704K)->192K(8192K)
[165.447s][info][gc,heap        ] GC(1496) ParOldGen: 114798K(699392K)->114798K(699392K)
[165.447s][info][gc,metaspace   ] GC(1496) Metaspace: 36242K(36544K)->36242K(36544K) NonClass: 32073K(32192K)->32073K(32192K) Class: 4168K(4352K)->4168K(4352K)
[165.447s][info][gc             ] GC(1496) Pause Young (Allocation Failure) 436M->112M(1015M) 0.439ms
[165.447s][info][gc,cpu         ] GC(1496) User=0.00s Sys=0.00s Real=0.00s
[165.509s][info][gc,start       ] GC(1497) Pause Young (Allocation Failure)
[165.509s][info][gc,heap        ] GC(1497) PSYoungGen: 332480K(340480K)->192K(342016K) Eden: 332288K(332288K)->0K(334336K) From: 192K(8192K)->192K(7680K)
[165.509s][info][gc,heap        ] GC(1497) ParOldGen: 114798K(699392K)->114798K(699392K)
[165.509s][info][gc,metaspace   ] GC(1497) Metaspace: 36242K(36544K)->36242K(36544K) NonClass: 32073K(32192K)->32073K(32192K) Class: 4168K(4352K)->4168K(4352K)
[165.509s][info][gc             ] GC(1497) Pause Young (Allocation Failure) 436M->112M(1017M) 0.418ms
[165.509s][info][gc,cpu         ] GC(1497) User=0.00s Sys=0.00s Real=0.00s
[165.572s][info][gc,start       ] GC(1498) Pause Young (Allocation Failure)
[165.572s][info][gc,heap        ] GC(1498) PSYoungGen: 334528K(342016K)->160K(341504K) Eden: 334336K(334336K)->0K(334336K) From: 192K(7680K)->160K(7168K)
[165.572s][info][gc,heap        ] GC(1498) ParOldGen: 114798K(699392K)->114798K(699392K)
[165.572s][info][gc,metaspace   ] GC(1498) Metaspace: 36242K(36544K)->36242K(36544K) NonClass: 32073K(32192K)->32073K(32192K) Class: 4168K(4352K)->4168K(4352K)
[165.572s][info][gc             ] GC(1498) Pause Young (Allocation Failure) 438M->112M(1016M) 0.415ms
[165.572s][info][gc,cpu         ] GC(1498) User=0.00s Sys=0.00s Real=0.00s
[165.634s][info][gc,start       ] GC(1499) Pause Young (Allocation Failure)
[165.635s][info][gc,heap        ] GC(1499) PSYoungGen: 334496K(341504K)->192K(343040K) Eden: 334336K(334336K)->0K(336384K) From: 160K(7168K)->192K(6656K)
[165.635s][info][gc,heap        ] GC(1499) ParOldGen: 114798K(699392K)->114798K(699392K)
[165.635s][info][gc,metaspace   ] GC(1499) Metaspace: 36242K(36544K)->36242K(36544K) NonClass: 32073K(32192K)->32073K(32192K) Class: 4168K(4352K)->4168K(4352K)
[165.635s][info][gc             ] GC(1499) Pause Young (Allocation Failure) 438M->112M(1018M) 0.427ms
[165.635s][info][gc,cpu         ] GC(1499) User=0.00s Sys=0.00s Real=0.00s
[165.698s][info][gc,start       ] GC(1500) Pause Young (Allocation Failure)
[165.698s][info][gc,heap        ] GC(1500) PSYoungGen: 336576K(343040K)->192K(342528K) Eden: 336384K(336384K)->0K(336384K) From: 192K(6656K)->192K(6144K)
[165.698s][info][gc,heap        ] GC(1500) ParOldGen: 114798K(699392K)->114798K(699392K)
[165.698s][info][gc,metaspace   ] GC(1500) Metaspace: 36242K(36544K)->36242K(36544K) NonClass: 32073K(32192K)->32073K(32192K) Class: 4168K(4352K)->4168K(4352K)
[165.698s][info][gc             ] GC(1500) Pause Young (Allocation Failure) 440M->112M(1017M) 0.447ms
[165.698s][info][gc,cpu         ] GC(1500) User=0.00s Sys=0.00s Real=0.00s
[165.761s][info][gc,start       ] GC(1501) Pause Young (Allocation Failure)
[165.762s][info][gc,heap        ] GC(1501) PSYoungGen: 336576K(342528K)->160K(344064K) Eden: 336384K(336384K)->0K(338432K) From: 192K(6144K)->160K(5632K)
[165.762s][info][gc,heap        ] GC(1501) ParOldGen: 114798K(699392K)->114798K(699392K)
[165.762s][info][gc,metaspace   ] GC(1501) Metaspace: 36242K(36544K)->36242K(36544K) NonClass: 32073K(32192K)->32073K(32192K) Class: 4168K(4352K)->4168K(4352K)
[165.762s][info][gc             ] GC(1501) Pause Young (Allocation Failure) 440M->112M(1019M) 0.446ms
[165.762s][info][gc,cpu         ] GC(1501) User=0.00s Sys=0.00s Real=0.00s
[165.826s][info][gc,start       ] GC(1502) Pause Young (Allocation Failure)
[165.826s][info][gc,heap        ] GC(1502) PSYoungGen: 338592K(344064K)->192K(343552K) Eden: 338432K(338432K)->0K(338432K) From: 160K(5632K)->192K(5120K)
[165.826s][info][gc,heap        ] GC(1502) ParOldGen: 114798K(699392K)->114798K(699392K)
[165.826s][info][gc,metaspace   ] GC(1502) Metaspace: 36242K(36544K)->36242K(36544K) NonClass: 32073K(32192K)->32073K(32192K) Class: 4168K(4352K)->4168K(4352K)
[165.826s][info][gc             ] GC(1502) Pause Young (Allocation Failure) 442M->112M(1018M) 0.435ms
[165.826s][info][gc,cpu         ] GC(1502) User=0.00s Sys=0.00s Real=0.00s
[165.890s][info][gc,start       ] GC(1503) Pause Young (Allocation Failure)
[165.891s][info][gc,heap        ] GC(1503) PSYoungGen: 338624K(343552K)->160K(344576K) Eden: 338432K(338432K)->0K(339968K) From: 192K(5120K)->160K(4608K)
[165.891s][info][gc,heap        ] GC(1503) ParOldGen: 114798K(699392K)->114798K(699392K)
[165.891s][info][gc,metaspace   ] GC(1503) Metaspace: 36242K(36544K)->36242K(36544K) NonClass: 32073K(32192K)->32073K(32192K) Class: 4168K(4352K)->4168K(4352K)
[165.891s][info][gc             ] GC(1503) Pause Young (Allocation Failure) 442M->112M(1019M) 0.422ms
[165.891s][info][gc,cpu         ] GC(1503) User=0.02s Sys=0.00s Real=0.00s
[165.956s][info][gc,start       ] GC(1504) Pause Young (Allocation Failure)
[165.956s][info][gc,heap        ] GC(1504) PSYoungGen: 340128K(344576K)->160K(344576K) Eden: 339968K(339968K)->0K(339968K) From: 160K(4608K)->160K(4608K)
[165.956s][info][gc,heap        ] GC(1504) ParOldGen: 114798K(699392K)->114798K(699392K)
[165.956s][info][gc,metaspace   ] GC(1504) Metaspace: 36242K(36544K)->36242K(36544K) NonClass: 32073K(32192K)->32073K(32192K) Class: 4168K(4352K)->4168K(4352K)
[165.956s][info][gc             ] GC(1504) Pause Young (Allocation Failure) 444M->112M(1019M) 0.413ms
[165.956s][info][gc,cpu         ] GC(1504) User=0.00s Sys=0.00s Real=0.00s
[166.021s][info][gc,start       ] GC(1505) Pause Young (Allocation Failure)
[166.021s][info][gc,heap        ] GC(1505) PSYoungGen: 340128K(344576K)->192K(345088K) Eden: 339968K(339968K)->0K(340992K) From: 160K(4608K)->192K(4096K)
[166.021s][info][gc,heap        ] GC(1505) ParOldGen: 114798K(699392K)->114798K(699392K)
[166.021s][info][gc,metaspace   ] GC(1505) Metaspace: 36242K(36544K)->36242K(36544K) NonClass: 32073K(32192K)->32073K(32192K) Class: 4168K(4352K)->4168K(4352K)
[166.021s][info][gc             ] GC(1505) Pause Young (Allocation Failure) 444M->112M(1020M) 0.426ms
[166.021s][info][gc,cpu         ] GC(1505) User=0.00s Sys=0.00s Real=0.00s
[166.084s][info][gc,start       ] GC(1506) Pause Young (Allocation Failure)
[166.085s][info][gc,heap        ] GC(1506) PSYoungGen: 341184K(345088K)->192K(345088K) Eden: 340992K(340992K)->0K(340992K) From: 192K(4096K)->192K(4096K)
[166.085s][info][gc,heap        ] GC(1506) ParOldGen: 114798K(699392K)->114798K(699392K)
[166.085s][info][gc,metaspace   ] GC(1506) Metaspace: 36242K(36544K)->36242K(36544K) NonClass: 32073K(32192K)->32073K(32192K) Class: 4168K(4352K)->4168K(4352K)
[166.085s][info][gc             ] GC(1506) Pause Young (Allocation Failure) 445M->112M(1020M) 0.437ms
[166.085s][info][gc,cpu         ] GC(1506) User=0.00s Sys=0.00s Real=0.00s
[166.148s][info][gc,start       ] GC(1507) Pause Young (Allocation Failure)
[166.148s][info][gc,heap        ] GC(1507) PSYoungGen: 341184K(345088K)->160K(345600K) Eden: 340992K(340992K)->0K(342016K) From: 192K(4096K)->160K(3584K)
[166.148s][info][gc,heap        ] GC(1507) ParOldGen: 114798K(699392K)->114798K(699392K)
[166.148s][info][gc,metaspace   ] GC(1507) Metaspace: 36242K(36544K)->36242K(36544K) NonClass: 32073K(32192K)->32073K(32192K) Class: 4168K(4352K)->4168K(4352K)
[166.148s][info][gc             ] GC(1507) Pause Young (Allocation Failure) 445M->112M(1020M) 0.419ms
[166.148s][info][gc,cpu         ] GC(1507) User=0.00s Sys=0.00s Real=0.01s
[166.215s][info][gc,start       ] GC(1508) Pause Young (Allocation Failure)
[166.215s][info][gc,heap        ] GC(1508) PSYoungGen: 342176K(345600K)->192K(345600K) Eden: 342016K(342016K)->0K(342016K) From: 160K(3584K)->192K(3584K)
[166.215s][info][gc,heap        ] GC(1508) ParOldGen: 114798K(699392K)->114798K(699392K)
[166.215s][info][gc,metaspace   ] GC(1508) Metaspace: 36242K(36544K)->36242K(36544K) NonClass: 32073K(32192K)->32073K(32192K) Class: 4168K(4352K)->4168K(4352K)
[166.215s][info][gc             ] GC(1508) Pause Young (Allocation Failure) 446M->112M(1020M) 0.401ms
[166.215s][info][gc,cpu         ] GC(1508) User=0.00s Sys=0.00s Real=0.00s
[166.280s][info][gc,start       ] GC(1509) Pause Young (Allocation Failure)
[166.281s][info][gc,heap        ] GC(1509) PSYoungGen: 342208K(345600K)->192K(346112K) Eden: 342016K(342016K)->0K(343040K) From: 192K(3584K)->192K(3072K)
[166.281s][info][gc,heap        ] GC(1509) ParOldGen: 114798K(699392K)->114798K(699392K)
[166.281s][info][gc,metaspace   ] GC(1509) Metaspace: 36242K(36544K)->36242K(36544K) NonClass: 32073K(32192K)->32073K(32192K) Class: 4168K(4352K)->4168K(4352K)
[166.281s][info][gc             ] GC(1509) Pause Young (Allocation Failure) 446M->112M(1021M) 0.421ms
[166.281s][info][gc,cpu         ] GC(1509) User=0.00s Sys=0.00s Real=0.00s
[166.349s][info][gc,start       ] GC(1510) Pause Young (Allocation Failure)
[166.349s][info][gc,heap        ] GC(1510) PSYoungGen: 343232K(346112K)->192K(346112K) Eden: 343040K(343040K)->0K(343040K) From: 192K(3072K)->192K(3072K)
[166.349s][info][gc,heap        ] GC(1510) ParOldGen: 114798K(699392K)->114798K(699392K)
[166.349s][info][gc,metaspace   ] GC(1510) Metaspace: 36242K(36544K)->36242K(36544K) NonClass: 32073K(32192K)->32073K(32192K) Class: 4168K(4352K)->4168K(4352K)
[166.349s][info][gc             ] GC(1510) Pause Young (Allocation Failure) 447M->112M(1021M) 0.425ms
[166.349s][info][gc,cpu         ] GC(1510) User=0.00s Sys=0.00s Real=0.00s
[166.432s][info][gc,start       ] GC(1511) Pause Young (Allocation Failure)
[166.432s][info][gc,heap        ] GC(1511) PSYoungGen: 343232K(346112K)->192K(346624K) Eden: 343040K(343040K)->0K(344064K) From: 192K(3072K)->192K(2560K)
[166.432s][info][gc,heap        ] GC(1511) ParOldGen: 114798K(699392K)->114798K(699392K)
[166.432s][info][gc,metaspace   ] GC(1511) Metaspace: 36242K(36544K)->36242K(36544K) NonClass: 32073K(32192K)->32073K(32192K) Class: 4168K(4352K)->4168K(4352K)
[166.432s][info][gc             ] GC(1511) Pause Young (Allocation Failure) 447M->112M(1021M) 0.468ms
[166.432s][info][gc,cpu         ] GC(1511) User=0.00s Sys=0.00s Real=0.00s
[166.739s][info][gc,start       ] GC(1512) Pause Young (Allocation Failure)
[166.751s][info][gc,heap        ] GC(1512) PSYoungGen: 344256K(346624K)->2538K(346624K) Eden: 344064K(344064K)->0K(344064K) From: 192K(2560K)->2538K(2560K)
[166.751s][info][gc,heap        ] GC(1512) ParOldGen: 114798K(699392K)->142950K(699392K)
[166.751s][info][gc,metaspace   ] GC(1512) Metaspace: 36242K(36544K)->36242K(36544K) NonClass: 32073K(32192K)->32073K(32192K) Class: 4168K(4352K)->4168K(4352K)
[166.751s][info][gc             ] GC(1512) Pause Young (Allocation Failure) 448M->142M(1021M) 11.727ms
[166.751s][info][gc,cpu         ] GC(1512) User=0.09s Sys=0.00s Real=0.02s
[167.050s][info][gc,start       ] GC(1513) Pause Young (Allocation Failure)
[167.067s][info][gc,heap        ] GC(1513) PSYoungGen: 342374K(346624K)->2560K(289280K) Eden: 339835K(344064K)->0K(286720K) From: 2538K(2560K)->2560K(2560K)
[167.067s][info][gc,heap        ] GC(1513) ParOldGen: 142950K(699392K)->194638K(699392K)
[167.067s][info][gc,metaspace   ] GC(1513) Metaspace: 36242K(36544K)->36242K(36544K) NonClass: 32073K(32192K)->32073K(32192K) Class: 4168K(4352K)->4168K(4352K)
[167.067s][info][gc             ] GC(1513) Pause Young (Allocation Failure) 473M->192M(965M) 16.836ms
[167.067s][info][gc,cpu         ] GC(1513) User=0.09s Sys=0.00s Real=0.02s
[167.318s][info][gc,start       ] GC(1514) Pause Young (Allocation Failure)
[167.327s][info][gc,heap        ] GC(1514) PSYoungGen: 289280K(289280K)->20968K(307712K) Eden: 286720K(286720K)->0K(286720K) From: 2560K(2560K)->20968K(20992K)
[167.327s][info][gc,heap        ] GC(1514) ParOldGen: 194638K(699392K)->196510K(699392K)
[167.327s][info][gc,metaspace   ] GC(1514) Metaspace: 36242K(36544K)->36242K(36544K) NonClass: 32073K(32192K)->32073K(32192K) Class: 4168K(4352K)->4168K(4352K)
[167.327s][info][gc             ] GC(1514) Pause Young (Allocation Failure) 472M->212M(983M) 8.673ms
[167.327s][info][gc,cpu         ] GC(1514) User=0.00s Sys=0.00s Real=0.01s
[167.582s][info][gc,start       ] GC(1515) Pause Young (Allocation Failure)
[167.589s][info][gc,heap        ] GC(1515) PSYoungGen: 303820K(307712K)->15792K(315392K) Eden: 282851K(286720K)->0K(281600K) From: 20968K(20992K)->15792K(33792K)
[167.589s][info][gc,heap        ] GC(1515) ParOldGen: 196510K(699392K)->207958K(699392K)
[167.589s][info][gc,metaspace   ] GC(1515) Metaspace: 36242K(36544K)->36242K(36544K) NonClass: 32073K(32192K)->32073K(32192K) Class: 4168K(4352K)->4168K(4352K)
[167.589s][info][gc             ] GC(1515) Pause Young (Allocation Failure) 488M->218M(991M) 7.731ms
[167.589s][info][gc,cpu         ] GC(1515) User=0.00s Sys=0.00s Real=0.01s
[167.843s][info][gc,start       ] GC(1516) Pause Young (Allocation Failure)
[167.850s][info][gc,heap        ] GC(1516) PSYoungGen: 297124K(315392K)->20037K(302080K) Eden: 281331K(281600K)->0K(281600K) From: 15792K(33792K)->20037K(20480K)
[167.850s][info][gc,heap        ] GC(1516) ParOldGen: 207958K(699392K)->211346K(699392K)
[167.850s][info][gc,metaspace   ] GC(1516) Metaspace: 36242K(36544K)->36242K(36544K) NonClass: 32073K(32192K)->32073K(32192K) Class: 4168K(4352K)->4168K(4352K)
[167.850s][info][gc             ] GC(1516) Pause Young (Allocation Failure) 493M->225M(978M) 6.880ms
[167.850s][info][gc,cpu         ] GC(1516) User=0.09s Sys=0.00s Real=0.01s
[168.107s][info][gc,start       ] GC(1517) Pause Young (Allocation Failure)
[168.112s][info][gc,heap        ] GC(1517) PSYoungGen: 301637K(302080K)->9998K(316416K) Eden: 281600K(281600K)->0K(281600K) From: 20037K(20480K)->9998K(34816K)
[168.112s][info][gc,heap        ] GC(1517) ParOldGen: 211346K(699392K)->212352K(699392K)
[168.112s][info][gc,metaspace   ] GC(1517) Metaspace: 36242K(36544K)->36242K(36544K) NonClass: 32073K(32192K)->32073K(32192K) Class: 4168K(4352K)->4168K(4352K)
[168.112s][info][gc             ] GC(1517) Pause Young (Allocation Failure) 500M->217M(992M) 4.978ms
[168.112s][info][gc,cpu         ] GC(1517) User=0.09s Sys=0.00s Real=0.01s
[168.344s][info][gc,start       ] GC(1518) Pause Young (Allocation Failure)
[168.350s][info][gc,heap        ] GC(1518) PSYoungGen: 290465K(316416K)->16222K(314368K) Eden: 280467K(281600K)->0K(281600K) From: 9998K(34816K)->16222K(32768K)
[168.350s][info][gc,heap        ] GC(1518) ParOldGen: 212352K(699392K)->213071K(699392K)
[168.350s][info][gc,metaspace   ] GC(1518) Metaspace: 36242K(36544K)->36242K(36544K) NonClass: 32073K(32192K)->32073K(32192K) Class: 4168K(4352K)->4168K(4352K)
[168.350s][info][gc             ] GC(1518) Pause Young (Allocation Failure) 491M->223M(990M) 5.831ms
[168.350s][info][gc,cpu         ] GC(1518) User=0.00s Sys=0.00s Real=0.01s
[168.594s][info][gc,start       ] GC(1519) Pause Young (Allocation Failure)
[168.600s][info][gc,heap        ] GC(1519) PSYoungGen: 293163K(314368K)->18710K(315392K) Eden: 276940K(281600K)->0K(282624K) From: 16222K(32768K)->18710K(32768K)
[168.600s][info][gc,heap        ] GC(1519) ParOldGen: 213071K(699392K)->213449K(699392K)
[168.600s][info][gc,metaspace   ] GC(1519) Metaspace: 36242K(36544K)->36242K(36544K) NonClass: 32073K(32192K)->32073K(32192K) Class: 4168K(4352K)->4168K(4352K)
[168.600s][info][gc             ] GC(1519) Pause Young (Allocation Failure) 494M->226M(991M) 6.020ms
[168.600s][info][gc,cpu         ] GC(1519) User=0.00s Sys=0.00s Real=0.01s
[168.847s][info][gc,start       ] GC(1520) Pause Young (Allocation Failure)
[168.853s][info][gc,heap        ] GC(1520) PSYoungGen: 300260K(315392K)->12586K(315904K) Eden: 281549K(282624K)->0K(282624K) From: 18710K(32768K)->12586K(33280K)
[168.853s][info][gc,heap        ] GC(1520) ParOldGen: 213449K(699392K)->213779K(699392K)
[168.853s][info][gc,metaspace   ] GC(1520) Metaspace: 36242K(36544K)->36242K(36544K) NonClass: 32073K(32192K)->32073K(32192K) Class: 4168K(4352K)->4168K(4352K)
[168.853s][info][gc             ] GC(1520) Pause Young (Allocation Failure) 501M->221M(991M) 5.900ms
[168.853s][info][gc,cpu         ] GC(1520) User=0.00s Sys=0.00s Real=0.01s
[169.112s][info][gc,start       ] GC(1521) Pause Young (Allocation Failure)
[169.118s][info][gc,heap        ] GC(1521) PSYoungGen: 294595K(315904K)->13148K(319488K) Eden: 282009K(282624K)->0K(288256K) From: 12586K(33280K)->13148K(31232K)
[169.118s][info][gc,heap        ] GC(1521) ParOldGen: 213779K(699392K)->214179K(699392K)
[169.118s][info][gc,metaspace   ] GC(1521) Metaspace: 36242K(36544K)->36242K(36544K) NonClass: 32073K(32192K)->32073K(32192K) Class: 4168K(4352K)->4168K(4352K)
[169.118s][info][gc             ] GC(1521) Pause Young (Allocation Failure) 496M->221M(995M) 5.787ms
[169.118s][info][gc,cpu         ] GC(1521) User=0.00s Sys=0.00s Real=0.01s
[169.386s][info][gc,start       ] GC(1522) Pause Young (Allocation Failure)
[169.392s][info][gc,heap        ] GC(1522) PSYoungGen: 301404K(319488K)->11246K(317952K) Eden: 288256K(288256K)->0K(288256K) From: 13148K(31232K)->11246K(29696K)
[169.392s][info][gc,heap        ] GC(1522) ParOldGen: 214179K(699392K)->214574K(699392K)
[169.392s][info][gc,metaspace   ] GC(1522) Metaspace: 36242K(36544K)->36242K(36544K) NonClass: 32073K(32192K)->32073K(32192K) Class: 4168K(4352K)->4168K(4352K)
[169.392s][info][gc             ] GC(1522) Pause Young (Allocation Failure) 503M->220M(993M) 5.689ms
[169.392s][info][gc,cpu         ] GC(1522) User=0.08s Sys=0.00s Real=0.01s
[169.652s][info][gc,start       ] GC(1523) Pause Young (Allocation Failure)
[169.657s][info][gc,heap        ] GC(1523) PSYoungGen: 299502K(317952K)->15175K(321536K) Eden: 288256K(288256K)->0K(293376K) From: 11246K(29696K)->15175K(28160K)
[169.657s][info][gc,heap        ] GC(1523) ParOldGen: 214574K(699392K)->214966K(699392K)
[169.657s][info][gc,metaspace   ] GC(1523) Metaspace: 36242K(36544K)->36242K(36544K) NonClass: 32073K(32192K)->32073K(32192K) Class: 4168K(4352K)->4168K(4352K)
[169.657s][info][gc             ] GC(1523) Pause Young (Allocation Failure) 502M->224M(997M) 5.891ms
[169.657s][info][gc,cpu         ] GC(1523) User=0.09s Sys=0.00s Real=0.01s
[169.920s][info][gc,start       ] GC(1524) Pause Young (Allocation Failure)
[169.925s][info][gc,heap        ] GC(1524) PSYoungGen: 308551K(321536K)->11856K(321024K) Eden: 293376K(293376K)->0K(293376K) From: 15175K(28160K)->11856K(27648K)
[169.925s][info][gc,heap        ] GC(1524) ParOldGen: 214966K(699392K)->215346K(699392K)
[169.925s][info][gc,metaspace   ] GC(1524) Metaspace: 36242K(36544K)->36242K(36544K) NonClass: 32073K(32192K)->32073K(32192K) Class: 4168K(4352K)->4168K(4352K)
[169.925s][info][gc             ] GC(1524) Pause Young (Allocation Failure) 511M->221M(996M) 5.702ms
[169.925s][info][gc,cpu         ] GC(1524) User=0.09s Sys=0.00s Real=0.00s
[170.184s][info][gc,start       ] GC(1525) Pause Young (Allocation Failure)
[170.189s][info][gc,heap        ] GC(1525) PSYoungGen: 305232K(321024K)->9784K(323584K) Eden: 293376K(293376K)->0K(297472K) From: 11856K(27648K)->9784K(26112K)
[170.189s][info][gc,heap        ] GC(1525) ParOldGen: 215346K(699392K)->215703K(699392K)
[170.189s][info][gc,metaspace   ] GC(1525) Metaspace: 36242K(36544K)->36242K(36544K) NonClass: 32073K(32192K)->32073K(32192K) Class: 4168K(4352K)->4168K(4352K)
[170.189s][info][gc             ] GC(1525) Pause Young (Allocation Failure) 508M->220M(999M) 4.813ms
[170.189s][info][gc,cpu         ] GC(1525) User=0.09s Sys=0.00s Real=0.00s
[170.453s][info][gc,start       ] GC(1526) Pause Young (Allocation Failure)
[170.461s][info][gc,heap        ] GC(1526) PSYoungGen: 304898K(323584K)->22507K(320000K) Eden: 295114K(297472K)->0K(297472K) From: 9784K(26112K)->22507K(22528K)
[170.461s][info][gc,heap        ] GC(1526) ParOldGen: 215703K(699392K)->216096K(699392K)
[170.461s][info][gc,metaspace   ] GC(1526) Metaspace: 36242K(36544K)->36242K(36544K) NonClass: 32073K(32192K)->32073K(32192K) Class: 4168K(4352K)->4168K(4352K)
[170.461s][info][gc             ] GC(1526) Pause Young (Allocation Failure) 508M->233M(995M) 7.539ms
[170.461s][info][gc,cpu         ] GC(1526) User=0.00s Sys=0.00s Real=0.01s
[170.686s][info][gc,start       ] GC(1527) Pause Young (System.gc())
[170.692s][info][gc,heap        ] GC(1527) PSYoungGen: 274719K(320000K)->10180K(322048K) Eden: 252212K(297472K)->0K(294400K) From: 22507K(22528K)->10180K(27648K)
[170.692s][info][gc,heap        ] GC(1527) ParOldGen: 216096K(699392K)->220063K(699392K)
[170.692s][info][gc,metaspace   ] GC(1527) Metaspace: 36242K(36544K)->36242K(36544K) NonClass: 32073K(32192K)->32073K(32192K) Class: 4168K(4352K)->4168K(4352K)
[170.692s][info][gc             ] GC(1527) Pause Young (System.gc()) 479M->224M(997M) 6.122ms
[170.692s][info][gc,cpu         ] GC(1527) User=0.09s Sys=0.00s Real=0.01s
[170.692s][info][gc,start       ] GC(1528) Pause Full (System.gc())
[170.692s][info][gc,phases,start] GC(1528) Marking Phase
[170.708s][info][gc,phases      ] GC(1528) Marking Phase 15.715ms
[170.708s][info][gc,phases,start] GC(1528) Summary Phase
[170.708s][info][gc,phases      ] GC(1528) Summary Phase 0.012ms
[170.708s][info][gc,phases,start] GC(1528) Adjust Roots
[170.711s][info][gc,phases      ] GC(1528) Adjust Roots 3.446ms
[170.712s][info][gc,phases,start] GC(1528) Compaction Phase
[170.720s][info][gc,phases      ] GC(1528) Compaction Phase 8.060ms
[170.720s][info][gc,phases,start] GC(1528) Post Compact
[170.721s][info][gc,phases      ] GC(1528) Post Compact 0.876ms
[170.721s][info][gc,heap        ] GC(1528) PSYoungGen: 10180K(322048K)->0K(322048K) Eden: 0K(294400K)->0K(294400K) From: 10180K(27648K)->0K(27648K)
[170.721s][info][gc,heap        ] GC(1528) ParOldGen: 220063K(699392K)->115037K(699392K)
[170.721s][info][gc,metaspace   ] GC(1528) Metaspace: 36242K(36544K)->36242K(36544K) NonClass: 32073K(32192K)->32073K(32192K) Class: 4168K(4352K)->4168K(4352K)
[170.721s][info][gc             ] GC(1528) Pause Full (System.gc()) 224M->112M(997M) 28.425ms
[170.721s][info][gc,cpu         ] GC(1528) User=0.09s Sys=0.00s Real=0.03s
[170.768s][info][gc,start       ] GC(1529) Pause Young (Allocation Failure)
[170.769s][info][gc,heap        ] GC(1529) PSYoungGen: 294400K(322048K)->192K(321536K) Eden: 294400K(294400K)->0K(294400K) From: 0K(27648K)->192K(27136K)
[170.769s][info][gc,heap        ] GC(1529) ParOldGen: 115037K(699392K)->115037K(699392K)
[170.769s][info][gc,metaspace   ] GC(1529) Metaspace: 36242K(36544K)->36242K(36544K) NonClass: 32073K(32192K)->32073K(32192K) Class: 4168K(4352K)->4168K(4352K)
[170.769s][info][gc             ] GC(1529) Pause Young (Allocation Failure) 399M->112M(997M) 0.429ms
[170.769s][info][gc,cpu         ] GC(1529) User=0.00s Sys=0.00s Real=0.00s
[170.816s][info][gc,start       ] GC(1530) Pause Young (Allocation Failure)
[170.818s][info][gc,heap        ] GC(1530) PSYoungGen: 294592K(321536K)->160K(320512K) Eden: 294400K(294400K)->0K(292864K) From: 192K(27136K)->160K(27648K)
[170.818s][info][gc,heap        ] GC(1530) ParOldGen: 115037K(699392K)->115077K(699392K)
[170.818s][info][gc,metaspace   ] GC(1530) Metaspace: 36242K(36544K)->36242K(36544K) NonClass: 32073K(32192K)->32073K(32192K) Class: 4168K(4352K)->4168K(4352K)
[170.818s][info][gc             ] GC(1530) Pause Young (Allocation Failure) 400M->112M(996M) 1.652ms
[170.818s][info][gc,cpu         ] GC(1530) User=0.00s Sys=0.00s Real=0.00s
[170.863s][info][gc,start       ] GC(1531) Pause Young (Allocation Failure)
[170.864s][info][gc,heap        ] GC(1531) PSYoungGen: 293024K(320512K)->160K(321024K) Eden: 292864K(292864K)->0K(292864K) From: 160K(27648K)->160K(28160K)
[170.864s][info][gc,heap        ] GC(1531) ParOldGen: 115077K(699392K)->115077K(699392K)
[170.864s][info][gc,metaspace   ] GC(1531) Metaspace: 36242K(36544K)->36242K(36544K) NonClass: 32073K(32192K)->32073K(32192K) Class: 4168K(4352K)->4168K(4352K)
[170.864s][info][gc             ] GC(1531) Pause Young (Allocation Failure) 398M->112M(996M) 0.337ms
[170.864s][info][gc,cpu         ] GC(1531) User=0.00s Sys=0.00s Real=0.00s
[170.910s][info][gc,start       ] GC(1532) Pause Young (Allocation Failure)
[170.910s][info][gc,heap        ] GC(1532) PSYoungGen: 293024K(321024K)->160K(321024K) Eden: 292864K(292864K)->0K(292864K) From: 160K(28160K)->160K(28160K)
[170.911s][info][gc,heap        ] GC(1532) ParOldGen: 115077K(699392K)->115077K(699392K)
[170.911s][info][gc,metaspace   ] GC(1532) Metaspace: 36242K(36544K)->36242K(36544K) NonClass: 32073K(32192K)->32073K(32192K) Class: 4168K(4352K)->4168K(4352K)
[170.911s][info][gc             ] GC(1532) Pause Young (Allocation Failure) 398M->112M(996M) 0.354ms
[170.911s][info][gc,cpu         ] GC(1532) User=0.00s Sys=0.00s Real=0.00s
[170.955s][info][gc,start       ] GC(1533) Pause Young (Allocation Failure)
[170.955s][info][gc,heap        ] GC(1533) PSYoungGen: 293024K(321024K)->160K(321024K) Eden: 292864K(292864K)->0K(292864K) From: 160K(28160K)->160K(28160K)
[170.955s][info][gc,heap        ] GC(1533) ParOldGen: 115077K(699392K)->115077K(699392K)
[170.955s][info][gc,metaspace   ] GC(1533) Metaspace: 36242K(36544K)->36242K(36544K) NonClass: 32073K(32192K)->32073K(32192K) Class: 4168K(4352K)->4168K(4352K)
[170.955s][info][gc             ] GC(1533) Pause Young (Allocation Failure) 398M->112M(996M) 0.403ms
[170.955s][info][gc,cpu         ] GC(1533) User=0.00s Sys=0.00s Real=0.00s
[170.999s][info][gc,start       ] GC(1534) Pause Young (Allocation Failure)
[171.000s][info][gc,heap        ] GC(1534) PSYoungGen: 293024K(321024K)->160K(322560K) Eden: 292864K(292864K)->0K(294912K) From: 160K(28160K)->160K(27648K)
[171.000s][info][gc,heap        ] GC(1534) ParOldGen: 115077K(699392K)->115077K(699392K)
[171.000s][info][gc,metaspace   ] GC(1534) Metaspace: 36242K(36544K)->36242K(36544K) NonClass: 32073K(32192K)->32073K(32192K) Class: 4168K(4352K)->4168K(4352K)
[171.000s][info][gc             ] GC(1534) Pause Young (Allocation Failure) 398M->112M(998M) 0.417ms
[171.000s][info][gc,cpu         ] GC(1534) User=0.09s Sys=0.00s Real=0.00s
[171.044s][info][gc,start       ] GC(1535) Pause Young (Allocation Failure)
[171.044s][info][gc,heap        ] GC(1535) PSYoungGen: 295072K(322560K)->192K(321536K) Eden: 294912K(294912K)->0K(294912K) From: 160K(27648K)->192K(26624K)
[171.044s][info][gc,heap        ] GC(1535) ParOldGen: 115077K(699392K)->115077K(699392K)
[171.044s][info][gc,metaspace   ] GC(1535) Metaspace: 36242K(36544K)->36242K(36544K) NonClass: 32073K(32192K)->32073K(32192K) Class: 4168K(4352K)->4168K(4352K)
[171.044s][info][gc             ] GC(1535) Pause Young (Allocation Failure) 400M->112M(997M) 0.365ms
[171.044s][info][gc,cpu         ] GC(1535) User=0.00s Sys=0.00s Real=0.00s
[171.088s][info][gc,start       ] GC(1536) Pause Young (Allocation Failure)
[171.088s][info][gc,heap        ] GC(1536) PSYoungGen: 295104K(321536K)->160K(324096K) Eden: 294912K(294912K)->0K(297984K) From: 192K(26624K)->160K(26112K)
[171.088s][info][gc,heap        ] GC(1536) ParOldGen: 115077K(699392K)->115077K(699392K)
[171.088s][info][gc,metaspace   ] GC(1536) Metaspace: 36242K(36544K)->36242K(36544K) NonClass: 32073K(32192K)->32073K(32192K) Class: 4168K(4352K)->4168K(4352K)
[171.088s][info][gc             ] GC(1536) Pause Young (Allocation Failure) 400M->112M(999M) 0.367ms
[171.088s][info][gc,cpu         ] GC(1536) User=0.00s Sys=0.00s Real=0.00s
[171.133s][info][gc,start       ] GC(1537) Pause Young (Allocation Failure)
[171.133s][info][gc,heap        ] GC(1537) PSYoungGen: 298144K(324096K)->192K(323072K) Eden: 297984K(297984K)->0K(297984K) From: 160K(26112K)->192K(25088K)
[171.133s][info][gc,heap        ] GC(1537) ParOldGen: 115077K(699392K)->115077K(699392K)
[171.133s][info][gc,metaspace   ] GC(1537) Metaspace: 36242K(36544K)->36242K(36544K) NonClass: 32073K(32192K)->32073K(32192K) Class: 4168K(4352K)->4168K(4352K)
[171.133s][info][gc             ] GC(1537) Pause Young (Allocation Failure) 403M->112M(998M) 0.401ms
[171.133s][info][gc,cpu         ] GC(1537) User=0.00s Sys=0.00s Real=0.00s
[171.179s][info][gc,start       ] GC(1538) Pause Young (Allocation Failure)
[171.179s][info][gc,heap        ] GC(1538) PSYoungGen: 298176K(323072K)->192K(326144K) Eden: 297984K(297984K)->0K(302080K) From: 192K(25088K)->192K(24064K)
[171.179s][info][gc,heap        ] GC(1538) ParOldGen: 115077K(699392K)->115077K(699392K)
[171.179s][info][gc,metaspace   ] GC(1538) Metaspace: 36242K(36544K)->36242K(36544K) NonClass: 32073K(32192K)->32073K(32192K) Class: 4168K(4352K)->4168K(4352K)
[171.179s][info][gc             ] GC(1538) Pause Young (Allocation Failure) 403M->112M(1001M) 0.395ms
[171.179s][info][gc,cpu         ] GC(1538) User=0.00s Sys=0.00s Real=0.00s
[171.225s][info][gc,start       ] GC(1539) Pause Young (Allocation Failure)
[171.225s][info][gc,heap        ] GC(1539) PSYoungGen: 302272K(326144K)->160K(325120K) Eden: 302080K(302080K)->0K(302080K) From: 192K(24064K)->160K(23040K)
[171.225s][info][gc,heap        ] GC(1539) ParOldGen: 115077K(699392K)->115077K(699392K)
[171.225s][info][gc,metaspace   ] GC(1539) Metaspace: 36242K(36544K)->36242K(36544K) NonClass: 32073K(32192K)->32073K(32192K) Class: 4168K(4352K)->4168K(4352K)
[171.225s][info][gc             ] GC(1539) Pause Young (Allocation Failure) 407M->112M(1000M) 0.388ms
[171.225s][info][gc,cpu         ] GC(1539) User=0.00s Sys=0.00s Real=0.00s
[171.271s][info][gc,start       ] GC(1540) Pause Young (Allocation Failure)
[171.271s][info][gc,heap        ] GC(1540) PSYoungGen: 302240K(325120K)->160K(328192K) Eden: 302080K(302080K)->0K(306176K) From: 160K(23040K)->160K(22016K)
[171.271s][info][gc,heap        ] GC(1540) ParOldGen: 115077K(699392K)->115077K(699392K)
[171.271s][info][gc,metaspace   ] GC(1540) Metaspace: 36242K(36544K)->36242K(36544K) NonClass: 32073K(32192K)->32073K(32192K) Class: 4168K(4352K)->4168K(4352K)
[171.271s][info][gc             ] GC(1540) Pause Young (Allocation Failure) 407M->112M(1003M) 0.375ms
[171.271s][info][gc,cpu         ] GC(1540) User=0.00s Sys=0.00s Real=0.00s
[171.320s][info][gc,start       ] GC(1541) Pause Young (Allocation Failure)
[171.320s][info][gc,heap        ] GC(1541) PSYoungGen: 306336K(328192K)->160K(327168K) Eden: 306176K(306176K)->0K(306176K) From: 160K(22016K)->160K(20992K)
[171.320s][info][gc,heap        ] GC(1541) ParOldGen: 115077K(699392K)->115077K(699392K)
[171.320s][info][gc,metaspace   ] GC(1541) Metaspace: 36242K(36544K)->36242K(36544K) NonClass: 32073K(32192K)->32073K(32192K) Class: 4168K(4352K)->4168K(4352K)
[171.320s][info][gc             ] GC(1541) Pause Young (Allocation Failure) 411M->112M(1002M) 0.377ms
[171.320s][info][gc,cpu         ] GC(1541) User=0.00s Sys=0.00s Real=0.00s
[171.366s][info][gc,start       ] GC(1542) Pause Young (Allocation Failure)
[171.367s][info][gc,heap        ] GC(1542) PSYoungGen: 306336K(327168K)->160K(330240K) Eden: 306176K(306176K)->0K(310272K) From: 160K(20992K)->160K(19968K)
[171.367s][info][gc,heap        ] GC(1542) ParOldGen: 115077K(699392K)->115077K(699392K)
[171.367s][info][gc,metaspace   ] GC(1542) Metaspace: 36242K(36544K)->36242K(36544K) NonClass: 32073K(32192K)->32073K(32192K) Class: 4168K(4352K)->4168K(4352K)
[171.367s][info][gc             ] GC(1542) Pause Young (Allocation Failure) 411M->112M(1005M) 0.362ms
[171.367s][info][gc,cpu         ] GC(1542) User=0.00s Sys=0.00s Real=0.00s
[171.424s][info][gc,start       ] GC(1543) Pause Young (Allocation Failure)
[171.424s][info][gc,heap        ] GC(1543) PSYoungGen: 310432K(330240K)->192K(329216K) Eden: 310272K(310272K)->0K(310272K) From: 160K(19968K)->192K(18944K)
[171.424s][info][gc,heap        ] GC(1543) ParOldGen: 115077K(699392K)->115077K(699392K)
[171.424s][info][gc,metaspace   ] GC(1543) Metaspace: 36242K(36544K)->36242K(36544K) NonClass: 32073K(32192K)->32073K(32192K) Class: 4168K(4352K)->4168K(4352K)
[171.424s][info][gc             ] GC(1543) Pause Young (Allocation Failure) 415M->112M(1004M) 0.407ms
[171.424s][info][gc,cpu         ] GC(1543) User=0.00s Sys=0.00s Real=0.00s
[171.485s][info][gc,start       ] GC(1544) Pause Young (Allocation Failure)
[171.485s][info][gc,heap        ] GC(1544) PSYoungGen: 310464K(329216K)->160K(332288K) Eden: 310272K(310272K)->0K(314368K) From: 192K(18944K)->160K(17920K)
[171.485s][info][gc,heap        ] GC(1544) ParOldGen: 115077K(699392K)->115125K(699392K)
[171.485s][info][gc,metaspace   ] GC(1544) Metaspace: 36242K(36544K)->36242K(36544K) NonClass: 32073K(32192K)->32073K(32192K) Class: 4168K(4352K)->4168K(4352K)
[171.485s][info][gc             ] GC(1544) Pause Young (Allocation Failure) 415M->112M(1007M) 0.462ms
[171.485s][info][gc,cpu         ] GC(1544) User=0.00s Sys=0.00s Real=0.01s
[171.545s][info][gc,start       ] GC(1545) Pause Young (Allocation Failure)
[171.545s][info][gc,heap        ] GC(1545) PSYoungGen: 314528K(332288K)->160K(331264K) Eden: 314368K(314368K)->0K(314368K) From: 160K(17920K)->160K(16896K)
[171.545s][info][gc,heap        ] GC(1545) ParOldGen: 115125K(699392K)->115125K(699392K)
[171.545s][info][gc,metaspace   ] GC(1545) Metaspace: 36242K(36544K)->36242K(36544K) NonClass: 32073K(32192K)->32073K(32192K) Class: 4168K(4352K)->4168K(4352K)
[171.545s][info][gc             ] GC(1545) Pause Young (Allocation Failure) 419M->112M(1006M) 0.438ms
[171.545s][info][gc,cpu         ] GC(1545) User=0.00s Sys=0.00s Real=0.00s
[171.607s][info][gc,start       ] GC(1546) Pause Young (Allocation Failure)
[171.607s][info][gc,heap        ] GC(1546) PSYoungGen: 314528K(331264K)->192K(334336K) Eden: 314368K(314368K)->0K(318464K) From: 160K(16896K)->192K(15872K)
[171.607s][info][gc,heap        ] GC(1546) ParOldGen: 115125K(699392K)->115125K(699392K)
[171.607s][info][gc,metaspace   ] GC(1546) Metaspace: 36242K(36544K)->36242K(36544K) NonClass: 32073K(32192K)->32073K(32192K) Class: 4168K(4352K)->4168K(4352K)
[171.607s][info][gc             ] GC(1546) Pause Young (Allocation Failure) 419M->112M(1009M) 0.429ms
[171.607s][info][gc,cpu         ] GC(1546) User=0.00s Sys=0.00s Real=0.00s
[171.668s][info][gc,start       ] GC(1547) Pause Young (Allocation Failure)
[171.668s][info][gc,heap        ] GC(1547) PSYoungGen: 318656K(334336K)->192K(333312K) Eden: 318464K(318464K)->0K(318464K) From: 192K(15872K)->192K(14848K)
[171.668s][info][gc,heap        ] GC(1547) ParOldGen: 115125K(699392K)->115125K(699392K)
[171.668s][info][gc,metaspace   ] GC(1547) Metaspace: 36242K(36544K)->36242K(36544K) NonClass: 32073K(32192K)->32073K(32192K) Class: 4168K(4352K)->4168K(4352K)
[171.668s][info][gc             ] GC(1547) Pause Young (Allocation Failure) 423M->112M(1008M) 0.403ms
[171.668s][info][gc,cpu         ] GC(1547) User=0.00s Sys=0.00s Real=0.00s
[171.731s][info][gc,start       ] GC(1548) Pause Young (Allocation Failure)
[171.731s][info][gc,heap        ] GC(1548) PSYoungGen: 318656K(333312K)->160K(336384K) Eden: 318464K(318464K)->0K(322560K) From: 192K(14848K)->160K(13824K)
[171.731s][info][gc,heap        ] GC(1548) ParOldGen: 115125K(699392K)->115125K(699392K)
[171.731s][info][gc,metaspace   ] GC(1548) Metaspace: 36242K(36544K)->36242K(36544K) NonClass: 32073K(32192K)->32073K(32192K) Class: 4168K(4352K)->4168K(4352K)
[171.731s][info][gc             ] GC(1548) Pause Young (Allocation Failure) 423M->112M(1011M) 0.400ms
[171.731s][info][gc,cpu         ] GC(1548) User=0.00s Sys=0.00s Real=0.00s
[171.792s][info][gc,start       ] GC(1549) Pause Young (Allocation Failure)
[171.792s][info][gc,heap        ] GC(1549) PSYoungGen: 322720K(336384K)->160K(335360K) Eden: 322560K(322560K)->0K(322560K) From: 160K(13824K)->160K(12800K)
[171.792s][info][gc,heap        ] GC(1549) ParOldGen: 115125K(699392K)->115125K(699392K)
[171.792s][info][gc,metaspace   ] GC(1549) Metaspace: 36242K(36544K)->36242K(36544K) NonClass: 32073K(32192K)->32073K(32192K) Class: 4168K(4352K)->4168K(4352K)
[171.792s][info][gc             ] GC(1549) Pause Young (Allocation Failure) 427M->112M(1010M) 0.497ms
[171.792s][info][gc,cpu         ] GC(1549) User=0.00s Sys=0.00s Real=0.00s
[171.855s][info][gc,start       ] GC(1550) Pause Young (Allocation Failure)
[171.855s][info][gc,heap        ] GC(1550) PSYoungGen: 322720K(335360K)->160K(337920K) Eden: 322560K(322560K)->0K(325632K) From: 160K(12800K)->160K(12288K)
[171.855s][info][gc,heap        ] GC(1550) ParOldGen: 115125K(699392K)->115125K(699392K)
[171.855s][info][gc,metaspace   ] GC(1550) Metaspace: 36242K(36544K)->36242K(36544K) NonClass: 32073K(32192K)->32073K(32192K) Class: 4168K(4352K)->4168K(4352K)
[171.855s][info][gc             ] GC(1550) Pause Young (Allocation Failure) 427M->112M(1013M) 0.440ms
[171.855s][info][gc,cpu         ] GC(1550) User=0.00s Sys=0.00s Real=0.00s
[171.919s][info][gc,start       ] GC(1551) Pause Young (Allocation Failure)
[171.919s][info][gc,heap        ] GC(1551) PSYoungGen: 325792K(337920K)->192K(336896K) Eden: 325632K(325632K)->0K(325632K) From: 160K(12288K)->192K(11264K)
[171.919s][info][gc,heap        ] GC(1551) ParOldGen: 115125K(699392K)->115125K(699392K)
[171.919s][info][gc,metaspace   ] GC(1551) Metaspace: 36242K(36544K)->36242K(36544K) NonClass: 32073K(32192K)->32073K(32192K) Class: 4168K(4352K)->4168K(4352K)
[171.919s][info][gc             ] GC(1551) Pause Young (Allocation Failure) 430M->112M(1012M) 0.423ms
[171.919s][info][gc,cpu         ] GC(1551) User=0.00s Sys=0.00s Real=0.00s
[171.980s][info][gc,start       ] GC(1552) Pause Young (Allocation Failure)
[171.981s][info][gc,heap        ] GC(1552) PSYoungGen: 325824K(336896K)->160K(339456K) Eden: 325632K(325632K)->0K(328704K) From: 192K(11264K)->160K(10752K)
[171.981s][info][gc,heap        ] GC(1552) ParOldGen: 115125K(699392K)->115125K(699392K)
[171.981s][info][gc,metaspace   ] GC(1552) Metaspace: 36242K(36544K)->36242K(36544K) NonClass: 32073K(32192K)->32073K(32192K) Class: 4168K(4352K)->4168K(4352K)
[171.981s][info][gc             ] GC(1552) Pause Young (Allocation Failure) 430M->112M(1014M) 0.382ms
[171.981s][info][gc,cpu         ] GC(1552) User=0.00s Sys=0.00s Real=0.00s
[172.041s][info][gc,start       ] GC(1553) Pause Young (Allocation Failure)
[172.042s][info][gc,heap        ] GC(1553) PSYoungGen: 328864K(339456K)->160K(338432K) Eden: 328704K(328704K)->0K(328704K) From: 160K(10752K)->160K(9728K)
[172.042s][info][gc,heap        ] GC(1553) ParOldGen: 115125K(699392K)->115125K(699392K)
[172.042s][info][gc,metaspace   ] GC(1553) Metaspace: 36242K(36544K)->36242K(36544K) NonClass: 32073K(32192K)->32073K(32192K) Class: 4168K(4352K)->4168K(4352K)
[172.042s][info][gc             ] GC(1553) Pause Young (Allocation Failure) 433M->112M(1013M) 0.491ms
[172.042s][info][gc,cpu         ] GC(1553) User=0.00s Sys=0.00s Real=0.02s
[172.103s][info][gc,start       ] GC(1554) Pause Young (Allocation Failure)
[172.103s][info][gc,heap        ] GC(1554) PSYoungGen: 328864K(338432K)->160K(340480K) Eden: 328704K(328704K)->0K(331264K) From: 160K(9728K)->160K(9216K)
[172.103s][info][gc,heap        ] GC(1554) ParOldGen: 115125K(699392K)->115125K(699392K)
[172.103s][info][gc,metaspace   ] GC(1554) Metaspace: 36242K(36544K)->36242K(36544K) NonClass: 32073K(32192K)->32073K(32192K) Class: 4168K(4352K)->4168K(4352K)
[172.103s][info][gc             ] GC(1554) Pause Young (Allocation Failure) 433M->112M(1015M) 0.411ms
[172.103s][info][gc,cpu         ] GC(1554) User=0.00s Sys=0.00s Real=0.00s
[172.164s][info][gc,start       ] GC(1555) Pause Young (Allocation Failure)
[172.165s][info][gc,heap        ] GC(1555) PSYoungGen: 331424K(340480K)->192K(339968K) Eden: 331264K(331264K)->0K(331264K) From: 160K(9216K)->192K(8704K)
[172.165s][info][gc,heap        ] GC(1555) ParOldGen: 115125K(699392K)->115125K(699392K)
[172.165s][info][gc,metaspace   ] GC(1555) Metaspace: 36242K(36544K)->36242K(36544K) NonClass: 32073K(32192K)->32073K(32192K) Class: 4168K(4352K)->4168K(4352K)
[172.165s][info][gc             ] GC(1555) Pause Young (Allocation Failure) 436M->112M(1015M) 0.431ms
[172.165s][info][gc,cpu         ] GC(1555) User=0.00s Sys=0.00s Real=0.00s
[172.226s][info][gc,start       ] GC(1556) Pause Young (Allocation Failure)
[172.227s][info][gc,heap        ] GC(1556) PSYoungGen: 331456K(339968K)->160K(341504K) Eden: 331264K(331264K)->0K(333312K) From: 192K(8704K)->160K(8192K)
[172.227s][info][gc,heap        ] GC(1556) ParOldGen: 115125K(699392K)->115125K(699392K)
[172.227s][info][gc,metaspace   ] GC(1556) Metaspace: 36242K(36544K)->36242K(36544K) NonClass: 32073K(32192K)->32073K(32192K) Class: 4168K(4352K)->4168K(4352K)
[172.227s][info][gc             ] GC(1556) Pause Young (Allocation Failure) 436M->112M(1016M) 0.434ms
[172.227s][info][gc,cpu         ] GC(1556) User=0.00s Sys=0.00s Real=0.00s
[172.291s][info][gc,start       ] GC(1557) Pause Young (Allocation Failure)
[172.291s][info][gc,heap        ] GC(1557) PSYoungGen: 333472K(341504K)->160K(340992K) Eden: 333312K(333312K)->0K(333312K) From: 160K(8192K)->160K(7680K)
[172.291s][info][gc,heap        ] GC(1557) ParOldGen: 115125K(699392K)->115125K(699392K)
[172.291s][info][gc,metaspace   ] GC(1557) Metaspace: 36242K(36544K)->36242K(36544K) NonClass: 32073K(32192K)->32073K(32192K) Class: 4168K(4352K)->4168K(4352K)
[172.291s][info][gc             ] GC(1557) Pause Young (Allocation Failure) 438M->112M(1016M) 0.550ms
[172.291s][info][gc,cpu         ] GC(1557) User=0.00s Sys=0.00s Real=0.00s
[172.355s][info][gc,start       ] GC(1558) Pause Young (Allocation Failure)
[172.356s][info][gc,heap        ] GC(1558) PSYoungGen: 333472K(340992K)->192K(342528K) Eden: 333312K(333312K)->0K(335360K) From: 160K(7680K)->192K(7168K)
[172.356s][info][gc,heap        ] GC(1558) ParOldGen: 115125K(699392K)->115125K(699392K)
[172.356s][info][gc,metaspace   ] GC(1558) Metaspace: 36242K(36544K)->36242K(36544K) NonClass: 32073K(32192K)->32073K(32192K) Class: 4168K(4352K)->4168K(4352K)
[172.356s][info][gc             ] GC(1558) Pause Young (Allocation Failure) 438M->112M(1017M) 0.561ms
[172.356s][info][gc,cpu         ] GC(1558) User=0.00s Sys=0.00s Real=0.01s
[172.418s][info][gc,start       ] GC(1559) Pause Young (Allocation Failure)
[172.418s][info][gc,heap        ] GC(1559) PSYoungGen: 335552K(342528K)->192K(342016K) Eden: 335360K(335360K)->0K(335360K) From: 192K(7168K)->192K(6656K)
[172.418s][info][gc,heap        ] GC(1559) ParOldGen: 115125K(699392K)->115125K(699392K)
[172.418s][info][gc,metaspace   ] GC(1559) Metaspace: 36242K(36544K)->36242K(36544K) NonClass: 32073K(32192K)->32073K(32192K) Class: 4168K(4352K)->4168K(4352K)
[172.418s][info][gc             ] GC(1559) Pause Young (Allocation Failure) 440M->112M(1017M) 0.506ms
[172.418s][info][gc,cpu         ] GC(1559) User=0.00s Sys=0.00s Real=0.02s
[172.482s][info][gc,start       ] GC(1560) Pause Young (Allocation Failure)
[172.482s][info][gc,heap        ] GC(1560) PSYoungGen: 335552K(342016K)->192K(343552K) Eden: 335360K(335360K)->0K(337408K) From: 192K(6656K)->192K(6144K)
[172.482s][info][gc,heap        ] GC(1560) ParOldGen: 115125K(699392K)->115125K(699392K)
[172.482s][info][gc,metaspace   ] GC(1560) Metaspace: 36242K(36544K)->36242K(36544K) NonClass: 32073K(32192K)->32073K(32192K) Class: 4168K(4352K)->4168K(4352K)
[172.482s][info][gc             ] GC(1560) Pause Young (Allocation Failure) 440M->112M(1018M) 0.424ms
[172.482s][info][gc,cpu         ] GC(1560) User=0.00s Sys=0.00s Real=0.00s
[172.547s][info][gc,start       ] GC(1561) Pause Young (Allocation Failure)
[172.547s][info][gc,heap        ] GC(1561) PSYoungGen: 337600K(343552K)->192K(343040K) Eden: 337408K(337408K)->0K(337408K) From: 192K(6144K)->192K(5632K)
[172.547s][info][gc,heap        ] GC(1561) ParOldGen: 115125K(699392K)->115125K(699392K)
[172.547s][info][gc,metaspace   ] GC(1561) Metaspace: 36242K(36544K)->36242K(36544K) NonClass: 32073K(32192K)->32073K(32192K) Class: 4168K(4352K)->4168K(4352K)
[172.547s][info][gc             ] GC(1561) Pause Young (Allocation Failure) 442M->112M(1018M) 0.384ms
[172.547s][info][gc,cpu         ] GC(1561) User=0.09s Sys=0.00s Real=0.00s
[172.610s][info][gc,start       ] GC(1562) Pause Young (Allocation Failure)
[172.610s][info][gc,heap        ] GC(1562) PSYoungGen: 337600K(343040K)->192K(344576K) Eden: 337408K(337408K)->0K(339456K) From: 192K(5632K)->192K(5120K)
[172.610s][info][gc,heap        ] GC(1562) ParOldGen: 115125K(699392K)->115125K(699392K)
[172.610s][info][gc,metaspace   ] GC(1562) Metaspace: 36242K(36544K)->36242K(36544K) NonClass: 32073K(32192K)->32073K(32192K) Class: 4168K(4352K)->4168K(4352K)
[172.610s][info][gc             ] GC(1562) Pause Young (Allocation Failure) 442M->112M(1019M) 0.415ms
[172.610s][info][gc,cpu         ] GC(1562) User=0.00s Sys=0.00s Real=0.00s
[172.674s][info][gc,start       ] GC(1563) Pause Young (Allocation Failure)
[172.674s][info][gc,heap        ] GC(1563) PSYoungGen: 339648K(344576K)->160K(344064K) Eden: 339456K(339456K)->0K(339456K) From: 192K(5120K)->160K(4608K)
[172.674s][info][gc,heap        ] GC(1563) ParOldGen: 115125K(699392K)->115125K(699392K)
[172.674s][info][gc,metaspace   ] GC(1563) Metaspace: 36242K(36544K)->36242K(36544K) NonClass: 32073K(32192K)->32073K(32192K) Class: 4168K(4352K)->4168K(4352K)
[172.674s][info][gc             ] GC(1563) Pause Young (Allocation Failure) 444M->112M(1019M) 0.462ms
[172.674s][info][gc,cpu         ] GC(1563) User=0.00s Sys=0.00s Real=0.00s
[172.739s][info][gc,start       ] GC(1564) Pause Young (Allocation Failure)
[172.739s][info][gc,heap        ] GC(1564) PSYoungGen: 339616K(344064K)->160K(345088K) Eden: 339456K(339456K)->0K(340480K) From: 160K(4608K)->160K(4608K)
[172.739s][info][gc,heap        ] GC(1564) ParOldGen: 115125K(699392K)->115125K(699392K)
[172.739s][info][gc,metaspace   ] GC(1564) Metaspace: 36242K(36544K)->36242K(36544K) NonClass: 32073K(32192K)->32073K(32192K) Class: 4168K(4352K)->4168K(4352K)
[172.739s][info][gc             ] GC(1564) Pause Young (Allocation Failure) 444M->112M(1020M) 0.457ms
[172.739s][info][gc,cpu         ] GC(1564) User=0.00s Sys=0.00s Real=0.00s
[172.805s][info][gc,start       ] GC(1565) Pause Young (Allocation Failure)
[172.806s][info][gc,heap        ] GC(1565) PSYoungGen: 340640K(345088K)->160K(344576K) Eden: 340480K(340480K)->0K(340480K) From: 160K(4608K)->160K(4096K)
[172.806s][info][gc,heap        ] GC(1565) ParOldGen: 115125K(699392K)->115125K(699392K)
[172.806s][info][gc,metaspace   ] GC(1565) Metaspace: 36242K(36544K)->36242K(36544K) NonClass: 32073K(32192K)->32073K(32192K) Class: 4168K(4352K)->4168K(4352K)
[172.806s][info][gc             ] GC(1565) Pause Young (Allocation Failure) 445M->112M(1019M) 0.597ms
[172.806s][info][gc,cpu         ] GC(1565) User=0.00s Sys=0.00s Real=0.00s
[172.871s][info][gc,start       ] GC(1566) Pause Young (Allocation Failure)
[172.872s][info][gc,heap        ] GC(1566) PSYoungGen: 340640K(344576K)->160K(345600K) Eden: 340480K(340480K)->0K(341504K) From: 160K(4096K)->160K(4096K)
[172.872s][info][gc,heap        ] GC(1566) ParOldGen: 115125K(699392K)->115125K(699392K)
[172.872s][info][gc,metaspace   ] GC(1566) Metaspace: 36242K(36544K)->36242K(36544K) NonClass: 32073K(32192K)->32073K(32192K) Class: 4168K(4352K)->4168K(4352K)
[172.872s][info][gc             ] GC(1566) Pause Young (Allocation Failure) 445M->112M(1020M) 0.516ms
[172.872s][info][gc,cpu         ] GC(1566) User=0.00s Sys=0.00s Real=0.00s
[172.938s][info][gc,start       ] GC(1567) Pause Young (Allocation Failure)
[172.939s][info][gc,heap        ] GC(1567) PSYoungGen: 341664K(345600K)->160K(345088K) Eden: 341504K(341504K)->0K(341504K) From: 160K(4096K)->160K(3584K)
[172.939s][info][gc,heap        ] GC(1567) ParOldGen: 115125K(699392K)->115125K(699392K)
[172.939s][info][gc,metaspace   ] GC(1567) Metaspace: 36242K(36544K)->36242K(36544K) NonClass: 32073K(32192K)->32073K(32192K) Class: 4168K(4352K)->4168K(4352K)
[172.939s][info][gc             ] GC(1567) Pause Young (Allocation Failure) 446M->112M(1020M) 0.417ms
[172.939s][info][gc,cpu         ] GC(1567) User=0.00s Sys=0.00s Real=0.00s
[173.005s][info][gc,start       ] GC(1568) Pause Young (Allocation Failure)
[173.005s][info][gc,heap        ] GC(1568) PSYoungGen: 341664K(345088K)->160K(346112K) Eden: 341504K(341504K)->0K(342528K) From: 160K(3584K)->160K(3584K)
[173.005s][info][gc,heap        ] GC(1568) ParOldGen: 115125K(699392K)->115125K(699392K)
[173.005s][info][gc,metaspace   ] GC(1568) Metaspace: 36242K(36544K)->36242K(36544K) NonClass: 32073K(32192K)->32073K(32192K) Class: 4168K(4352K)->4168K(4352K)
[173.005s][info][gc             ] GC(1568) Pause Young (Allocation Failure) 446M->112M(1021M) 0.389ms
[173.005s][info][gc,cpu         ] GC(1568) User=0.00s Sys=0.00s Real=0.00s
[173.072s][info][gc,start       ] GC(1569) Pause Young (Allocation Failure)
[173.072s][info][gc,heap        ] GC(1569) PSYoungGen: 342688K(346112K)->192K(345600K) Eden: 342528K(342528K)->0K(342528K) From: 160K(3584K)->192K(3072K)
[173.072s][info][gc,heap        ] GC(1569) ParOldGen: 115125K(699392K)->115125K(699392K)
[173.072s][info][gc,metaspace   ] GC(1569) Metaspace: 36242K(36544K)->36242K(36544K) NonClass: 32073K(32192K)->32073K(32192K) Class: 4168K(4352K)->4168K(4352K)
[173.072s][info][gc             ] GC(1569) Pause Young (Allocation Failure) 447M->112M(1020M) 0.418ms
[173.072s][info][gc,cpu         ] GC(1569) User=0.00s Sys=0.00s Real=0.00s
[173.147s][info][gc,start       ] GC(1570) Pause Young (Allocation Failure)
[173.147s][info][gc,heap        ] GC(1570) PSYoungGen: 342720K(345600K)->192K(346624K) Eden: 342528K(342528K)->0K(343552K) From: 192K(3072K)->192K(3072K)
[173.147s][info][gc,heap        ] GC(1570) ParOldGen: 115125K(699392K)->115125K(699392K)
[173.147s][info][gc,metaspace   ] GC(1570) Metaspace: 36242K(36544K)->36242K(36544K) NonClass: 32073K(32192K)->32073K(32192K) Class: 4168K(4352K)->4168K(4352K)
[173.147s][info][gc             ] GC(1570) Pause Young (Allocation Failure) 447M->112M(1021M) 0.377ms
[173.147s][info][gc,cpu         ] GC(1570) User=0.00s Sys=0.00s Real=0.00s
[173.396s][info][gc,start       ] GC(1571) Pause Young (Allocation Failure)
[173.401s][info][gc,heap        ] GC(1571) PSYoungGen: 343744K(346624K)->2560K(346112K) Eden: 343552K(343552K)->0K(343552K) From: 192K(3072K)->2560K(2560K)
[173.401s][info][gc,heap        ] GC(1571) ParOldGen: 115125K(699392K)->120314K(699392K)
[173.401s][info][gc,metaspace   ] GC(1571) Metaspace: 36242K(36544K)->36242K(36544K) NonClass: 32073K(32192K)->32073K(32192K) Class: 4168K(4352K)->4168K(4352K)
[173.401s][info][gc             ] GC(1571) Pause Young (Allocation Failure) 448M->119M(1021M) 4.417ms
[173.401s][info][gc,cpu         ] GC(1571) User=0.00s Sys=0.00s Real=0.01s
[173.726s][info][gc,start       ] GC(1572) Pause Young (Allocation Failure)
[173.741s][info][gc,heap        ] GC(1572) PSYoungGen: 346112K(346112K)->3062K(311296K) Eden: 343552K(343552K)->0K(308224K) From: 2560K(2560K)->3062K(3072K)
[173.741s][info][gc,heap        ] GC(1572) ParOldGen: 120314K(699392K)->160705K(699392K)
[173.741s][info][gc,metaspace   ] GC(1572) Metaspace: 36242K(36544K)->36242K(36544K) NonClass: 32073K(32192K)->32073K(32192K) Class: 4168K(4352K)->4168K(4352K)
[173.741s][info][gc             ] GC(1572) Pause Young (Allocation Failure) 455M->159M(987M) 15.063ms
[173.741s][info][gc,cpu         ] GC(1572) User=0.09s Sys=0.00s Real=0.02s
[174.030s][info][gc,start       ] GC(1573) Pause Young (Allocation Failure)
[174.043s][info][gc,heap        ] GC(1573) PSYoungGen: 311286K(311296K)->20468K(328704K) Eden: 308224K(308224K)->0K(308224K) From: 3062K(3072K)->20468K(20480K)
[174.043s][info][gc,heap        ] GC(1573) ParOldGen: 160705K(699392K)->180611K(699392K)
[174.043s][info][gc,metaspace   ] GC(1573) Metaspace: 36242K(36544K)->36242K(36544K) NonClass: 32073K(32192K)->32073K(32192K) Class: 4168K(4352K)->4168K(4352K)
[174.043s][info][gc             ] GC(1573) Pause Young (Allocation Failure) 460M->196M(1004M) 13.572ms
[174.043s][info][gc,cpu         ] GC(1573) User=0.09s Sys=0.00s Real=0.02s
[174.314s][info][gc,start       ] GC(1574) Pause Young (Allocation Failure)
[174.323s][info][gc,heap        ] GC(1574) PSYoungGen: 326433K(328704K)->14995K(306176K) Eden: 305965K(308224K)->0K(285696K) From: 20468K(20480K)->14995K(20480K)
[174.323s][info][gc,heap        ] GC(1574) ParOldGen: 180611K(699392K)->198082K(699392K)
[174.323s][info][gc,metaspace   ] GC(1574) Metaspace: 36242K(36544K)->36242K(36544K) NonClass: 32073K(32192K)->32073K(32192K) Class: 4168K(4352K)->4168K(4352K)
[174.323s][info][gc             ] GC(1574) Pause Young (Allocation Failure) 495M->208M(982M) 9.282ms
[174.323s][info][gc,cpu         ] GC(1574) User=0.00s Sys=0.00s Real=0.01s
[174.570s][info][gc,start       ] GC(1575) Pause Young (Allocation Failure)
[174.577s][info][gc,heap        ] GC(1575) PSYoungGen: 299365K(306176K)->20545K(306688K) Eden: 284369K(285696K)->0K(285696K) From: 14995K(20480K)->20545K(20992K)
[174.577s][info][gc,heap        ] GC(1575) ParOldGen: 198082K(699392K)->201906K(699392K)
[174.577s][info][gc,metaspace   ] GC(1575) Metaspace: 36242K(36544K)->36242K(36544K) NonClass: 32073K(32192K)->32073K(32192K) Class: 4168K(4352K)->4168K(4352K)
[174.577s][info][gc             ] GC(1575) Pause Young (Allocation Failure) 485M->217M(982M) 7.873ms
[174.577s][info][gc,cpu         ] GC(1575) User=0.00s Sys=0.00s Real=0.01s
[174.831s][info][gc,start       ] GC(1576) Pause Young (Allocation Failure)
[174.838s][info][gc,heap        ] GC(1576) PSYoungGen: 306241K(306688K)->15074K(315904K) Eden: 285696K(285696K)->0K(282112K) From: 20545K(20992K)->15074K(33792K)
[174.838s][info][gc,heap        ] GC(1576) ParOldGen: 201906K(699392K)->203514K(699392K)
[174.838s][info][gc,metaspace   ] GC(1576) Metaspace: 36242K(36544K)->36242K(36544K) NonClass: 32073K(32192K)->32073K(32192K) Class: 4168K(4352K)->4168K(4352K)
[174.838s][info][gc             ] GC(1576) Pause Young (Allocation Failure) 496M->213M(991M) 6.839ms
[174.838s][info][gc,cpu         ] GC(1576) User=0.00s Sys=0.00s Real=0.01s
[175.077s][info][gc,start       ] GC(1577) Pause Young (Allocation Failure)
[175.084s][info][gc,heap        ] GC(1577) PSYoungGen: 295051K(315904K)->14584K(315392K) Eden: 279976K(282112K)->0K(282112K) From: 15074K(33792K)->14584K(33280K)
[175.084s][info][gc,heap        ] GC(1577) ParOldGen: 203514K(699392K)->204501K(699392K)
[175.084s][info][gc,metaspace   ] GC(1577) Metaspace: 36242K(36544K)->36242K(36544K) NonClass: 32073K(32192K)->32073K(32192K) Class: 4168K(4352K)->4168K(4352K)
[175.084s][info][gc             ] GC(1577) Pause Young (Allocation Failure) 486M->213M(991M) 6.649ms
[175.084s][info][gc,cpu         ] GC(1577) User=0.08s Sys=0.02s Real=0.01s
[175.311s][info][gc,start       ] GC(1578) Pause Young (Allocation Failure)
[175.316s][info][gc,heap        ] GC(1578) PSYoungGen: 296696K(315392K)->9503K(318464K) Eden: 282112K(282112K)->0K(286208K) From: 14584K(33280K)->9503K(32256K)
[175.316s][info][gc,heap        ] GC(1578) ParOldGen: 204501K(699392K)->205871K(699392K)
[175.316s][info][gc,metaspace   ] GC(1578) Metaspace: 36242K(36544K)->36242K(36544K) NonClass: 32073K(32192K)->32073K(32192K) Class: 4168K(4352K)->4168K(4352K)
[175.316s][info][gc             ] GC(1578) Pause Young (Allocation Failure) 489M->210M(994M) 5.235ms
[175.316s][info][gc,cpu         ] GC(1578) User=0.09s Sys=0.00s Real=0.00s
[175.568s][info][gc,start       ] GC(1579) Pause Young (Allocation Failure)
[175.574s][info][gc,heap        ] GC(1579) PSYoungGen: 295711K(318464K)->11853K(316928K) Eden: 286208K(286208K)->0K(286208K) From: 9503K(32256K)->11853K(30720K)
[175.574s][info][gc,heap        ] GC(1579) ParOldGen: 205871K(699392K)->207213K(699392K)
[175.574s][info][gc,metaspace   ] GC(1579) Metaspace: 36242K(36544K)->36242K(36544K) NonClass: 32073K(32192K)->32073K(32192K) Class: 4168K(4352K)->4168K(4352K)
[175.574s][info][gc             ] GC(1579) Pause Young (Allocation Failure) 489M->213M(992M) 5.948ms
[175.574s][info][gc,cpu         ] GC(1579) User=0.00s Sys=0.00s Real=0.01s
[175.799s][info][gc,start       ] GC(1580) Pause Young (Allocation Failure)
[175.807s][info][gc,heap        ] GC(1580) PSYoungGen: 295925K(316928K)->22828K(315904K) Eden: 284072K(286208K)->0K(286720K) From: 11853K(30720K)->22828K(29184K)
[175.807s][info][gc,heap        ] GC(1580) ParOldGen: 207213K(699392K)->208270K(699392K)
[175.807s][info][gc,metaspace   ] GC(1580) Metaspace: 36242K(36544K)->36242K(36544K) NonClass: 32073K(32192K)->32073K(32192K) Class: 4168K(4352K)->4168K(4352K)
[175.807s][info][gc             ] GC(1580) Pause Young (Allocation Failure) 491M->225M(991M) 7.842ms
[175.807s][info][gc,cpu         ] GC(1580) User=0.00s Sys=0.00s Real=0.01s
[176.052s][info][gc,start       ] GC(1581) Pause Young (Allocation Failure)
[176.059s][info][gc,heap        ] GC(1581) PSYoungGen: 306556K(315904K)->16071K(317952K) Eden: 283728K(286720K)->0K(286720K) From: 22828K(29184K)->16071K(31232K)
[176.059s][info][gc,heap        ] GC(1581) ParOldGen: 208270K(699392K)->210218K(699392K)
[176.059s][info][gc,metaspace   ] GC(1581) Metaspace: 36242K(36544K)->36242K(36544K) NonClass: 32073K(32192K)->32073K(32192K) Class: 4168K(4352K)->4168K(4352K)
[176.059s][info][gc             ] GC(1581) Pause Young (Allocation Failure) 502M->220M(993M) 6.820ms
[176.059s][info][gc,cpu         ] GC(1581) User=0.00s Sys=0.00s Real=0.01s
[176.302s][info][gc,start       ] GC(1582) Pause Young (Allocation Failure)
[176.308s][info][gc,heap        ] GC(1582) PSYoungGen: 299297K(317952K)->16179K(318976K) Eden: 283225K(286720K)->0K(288256K) From: 16071K(31232K)->16179K(30720K)
[176.308s][info][gc,heap        ] GC(1582) ParOldGen: 210218K(699392K)->212100K(699392K)
[176.308s][info][gc,metaspace   ] GC(1582) Metaspace: 36242K(36544K)->36242K(36544K) NonClass: 32073K(32192K)->32073K(32192K) Class: 4168K(4352K)->4168K(4352K)
[176.308s][info][gc             ] GC(1582) Pause Young (Allocation Failure) 497M->222M(994M) 6.931ms
[176.309s][info][gc,cpu         ] GC(1582) User=0.00s Sys=0.00s Real=0.01s
[176.554s][info][gc,start       ] GC(1583) Pause Young (Allocation Failure)
[176.559s][info][gc,heap        ] GC(1583) PSYoungGen: 304435K(318976K)->8158K(318464K) Eden: 288256K(288256K)->0K(288256K) From: 16179K(30720K)->8158K(30208K)
[176.559s][info][gc,heap        ] GC(1583) ParOldGen: 212100K(699392K)->214131K(699392K)
[176.559s][info][gc,metaspace   ] GC(1583) Metaspace: 36242K(36544K)->36242K(36544K) NonClass: 32073K(32192K)->32073K(32192K) Class: 4168K(4352K)->4168K(4352K)
[176.559s][info][gc             ] GC(1583) Pause Young (Allocation Failure) 504M->217M(994M) 4.779ms
[176.559s][info][gc,cpu         ] GC(1583) User=0.00s Sys=0.00s Real=0.00s
[176.629s][info][gc,start       ] GC(1584) Pause Young (System.gc())
[176.632s][info][gc,heap        ] GC(1584) PSYoungGen: 81970K(318464K)->4912K(320000K) Eden: 73811K(288256K)->0K(290304K) From: 8158K(30208K)->4912K(29696K)
[176.632s][info][gc,heap        ] GC(1584) ParOldGen: 214131K(699392K)->215937K(699392K)
[176.632s][info][gc,metaspace   ] GC(1584) Metaspace: 36242K(36544K)->36242K(36544K) NonClass: 32073K(32192K)->32073K(32192K) Class: 4168K(4352K)->4168K(4352K)
[176.632s][info][gc             ] GC(1584) Pause Young (System.gc()) 289M->215M(995M) 3.033ms
[176.632s][info][gc,cpu         ] GC(1584) User=0.00s Sys=0.00s Real=0.01s
[176.632s][info][gc,start       ] GC(1585) Pause Full (System.gc())
[176.632s][info][gc,phases,start] GC(1585) Marking Phase
[176.648s][info][gc,phases      ] GC(1585) Marking Phase 15.871ms
[176.648s][info][gc,phases,start] GC(1585) Summary Phase
[176.648s][info][gc,phases      ] GC(1585) Summary Phase 0.011ms
[176.648s][info][gc,phases,start] GC(1585) Adjust Roots
[176.652s][info][gc,phases      ] GC(1585) Adjust Roots 3.604ms
[176.652s][info][gc,phases,start] GC(1585) Compaction Phase
[176.659s][info][gc,phases      ] GC(1585) Compaction Phase 7.607ms
[176.659s][info][gc,phases,start] GC(1585) Post Compact
[176.660s][info][gc,phases      ] GC(1585) Post Compact 0.838ms
[176.660s][info][gc,heap        ] GC(1585) PSYoungGen: 4912K(320000K)->0K(320000K) Eden: 0K(290304K)->0K(290304K) From: 4912K(29696K)->0K(29696K)
[176.660s][info][gc,heap        ] GC(1585) ParOldGen: 215937K(699392K)->111168K(699392K)
[176.660s][info][gc,metaspace   ] GC(1585) Metaspace: 36242K(36544K)->36242K(36544K) NonClass: 32073K(32192K)->32073K(32192K) Class: 4168K(4352K)->4168K(4352K)
[176.660s][info][gc             ] GC(1585) Pause Full (System.gc()) 215M->108M(995M) 28.231ms
[176.660s][info][gc,cpu         ] GC(1585) User=0.19s Sys=0.00s Real=0.03s
[176.707s][info][gc,start       ] GC(1586) Pause Young (Allocation Failure)
[176.707s][info][gc,heap        ] GC(1586) PSYoungGen: 290304K(320000K)->192K(319488K) Eden: 290304K(290304K)->0K(290304K) From: 0K(29696K)->192K(29184K)
[176.707s][info][gc,heap        ] GC(1586) ParOldGen: 111168K(699392K)->111168K(699392K)
[176.707s][info][gc,metaspace   ] GC(1586) Metaspace: 36244K(36544K)->36244K(36544K) NonClass: 32076K(32192K)->32076K(32192K) Class: 4168K(4352K)->4168K(4352K)
[176.707s][info][gc             ] GC(1586) Pause Young (Allocation Failure) 392M->108M(995M) 0.422ms
[176.707s][info][gc,cpu         ] GC(1586) User=0.00s Sys=0.00s Real=0.00s
[176.751s][info][gc,start       ] GC(1587) Pause Young (Allocation Failure)
[176.752s][info][gc,heap        ] GC(1587) PSYoungGen: 290496K(319488K)->160K(320000K) Eden: 290304K(290304K)->0K(290304K) From: 192K(29184K)->160K(29696K)
[176.752s][info][gc,heap        ] GC(1587) ParOldGen: 111168K(699392K)->111216K(699392K)
[176.752s][info][gc,metaspace   ] GC(1587) Metaspace: 36244K(36544K)->36244K(36544K) NonClass: 32076K(32192K)->32076K(32192K) Class: 4168K(4352K)->4168K(4352K)
[176.752s][info][gc             ] GC(1587) Pause Young (Allocation Failure) 392M->108M(995M) 0.434ms
[176.752s][info][gc,cpu         ] GC(1587) User=0.00s Sys=0.00s Real=0.00s
[176.796s][info][gc,start       ] GC(1588) Pause Young (Allocation Failure)
[176.796s][info][gc,heap        ] GC(1588) PSYoungGen: 290464K(320000K)->160K(319488K) Eden: 290304K(290304K)->0K(290304K) From: 160K(29696K)->160K(29184K)
[176.796s][info][gc,heap        ] GC(1588) ParOldGen: 111216K(699392K)->111216K(699392K)
[176.796s][info][gc,metaspace   ] GC(1588) Metaspace: 36244K(36544K)->36244K(36544K) NonClass: 32076K(32192K)->32076K(32192K) Class: 4168K(4352K)->4168K(4352K)
[176.796s][info][gc             ] GC(1588) Pause Young (Allocation Failure) 392M->108M(995M) 0.404ms
[176.796s][info][gc,cpu         ] GC(1588) User=0.00s Sys=0.00s Real=0.00s
[176.844s][info][gc,start       ] GC(1589) Pause Young (Allocation Failure)
[176.844s][info][gc,heap        ] GC(1589) PSYoungGen: 290464K(319488K)->160K(320512K) Eden: 290304K(290304K)->0K(291328K) From: 160K(29184K)->160K(29184K)
[176.844s][info][gc,heap        ] GC(1589) ParOldGen: 111216K(699392K)->111216K(699392K)
[176.844s][info][gc,metaspace   ] GC(1589) Metaspace: 36244K(36544K)->36244K(36544K) NonClass: 32076K(32192K)->32076K(32192K) Class: 4168K(4352K)->4168K(4352K)
[176.844s][info][gc             ] GC(1589) Pause Young (Allocation Failure) 392M->108M(996M) 0.515ms
[176.844s][info][gc,cpu         ] GC(1589) User=0.02s Sys=0.00s Real=0.00s
[176.888s][info][gc,start       ] GC(1590) Pause Young (Allocation Failure)
[176.888s][info][gc,heap        ] GC(1590) PSYoungGen: 291488K(320512K)->160K(320000K) Eden: 291328K(291328K)->0K(291328K) From: 160K(29184K)->160K(28672K)
[176.888s][info][gc,heap        ] GC(1590) ParOldGen: 111216K(699392K)->111216K(699392K)
[176.888s][info][gc,metaspace   ] GC(1590) Metaspace: 36244K(36544K)->36244K(36544K) NonClass: 32076K(32192K)->32076K(32192K) Class: 4168K(4352K)->4168K(4352K)
[176.888s][info][gc             ] GC(1590) Pause Young (Allocation Failure) 393M->108M(995M) 0.386ms
[176.889s][info][gc,cpu         ] GC(1590) User=0.00s Sys=0.00s Real=0.00s
[176.933s][info][gc,start       ] GC(1591) Pause Young (Allocation Failure)
[176.934s][info][gc,heap        ] GC(1591) PSYoungGen: 291488K(320000K)->160K(322048K) Eden: 291328K(291328K)->0K(294400K) From: 160K(28672K)->160K(27648K)
[176.934s][info][gc,heap        ] GC(1591) ParOldGen: 111216K(699392K)->111216K(699392K)
[176.934s][info][gc,metaspace   ] GC(1591) Metaspace: 36244K(36544K)->36244K(36544K) NonClass: 32076K(32192K)->32076K(32192K) Class: 4168K(4352K)->4168K(4352K)
[176.934s][info][gc             ] GC(1591) Pause Young (Allocation Failure) 393M->108M(997M) 0.515ms
[176.934s][info][gc,cpu         ] GC(1591) User=0.00s Sys=0.00s Real=0.00s
[176.980s][info][gc,start       ] GC(1592) Pause Young (Allocation Failure)
[176.980s][info][gc,heap        ] GC(1592) PSYoungGen: 294560K(322048K)->160K(321536K) Eden: 294400K(294400K)->0K(294400K) From: 160K(27648K)->160K(27136K)
[176.980s][info][gc,heap        ] GC(1592) ParOldGen: 111216K(699392K)->111216K(699392K)
[176.980s][info][gc,metaspace   ] GC(1592) Metaspace: 36244K(36544K)->36244K(36544K) NonClass: 32076K(32192K)->32076K(32192K) Class: 4168K(4352K)->4168K(4352K)
[176.980s][info][gc             ] GC(1592) Pause Young (Allocation Failure) 396M->108M(997M) 0.407ms
[176.980s][info][gc,cpu         ] GC(1592) User=0.00s Sys=0.00s Real=0.00s
[177.024s][info][gc,start       ] GC(1593) Pause Young (Allocation Failure)
[177.024s][info][gc,heap        ] GC(1593) PSYoungGen: 294560K(321536K)->192K(324096K) Eden: 294400K(294400K)->0K(297984K) From: 160K(27136K)->192K(26112K)
[177.024s][info][gc,heap        ] GC(1593) ParOldGen: 111216K(699392K)->111216K(699392K)
[177.024s][info][gc,metaspace   ] GC(1593) Metaspace: 36244K(36544K)->36244K(36544K) NonClass: 32076K(32192K)->32076K(32192K) Class: 4168K(4352K)->4168K(4352K)
[177.024s][info][gc             ] GC(1593) Pause Young (Allocation Failure) 396M->108M(999M) 0.382ms
[177.024s][info][gc,cpu         ] GC(1593) User=0.00s Sys=0.00s Real=0.00s
[177.069s][info][gc,start       ] GC(1594) Pause Young (Allocation Failure)
[177.070s][info][gc,heap        ] GC(1594) PSYoungGen: 298176K(324096K)->160K(323072K) Eden: 297984K(297984K)->0K(297984K) From: 192K(26112K)->160K(25088K)
[177.070s][info][gc,heap        ] GC(1594) ParOldGen: 111216K(699392K)->111216K(699392K)
[177.070s][info][gc,metaspace   ] GC(1594) Metaspace: 36244K(36544K)->36244K(36544K) NonClass: 32076K(32192K)->32076K(32192K) Class: 4168K(4352K)->4168K(4352K)
[177.070s][info][gc             ] GC(1594) Pause Young (Allocation Failure) 399M->108M(998M) 0.373ms
[177.070s][info][gc,cpu         ] GC(1594) User=0.00s Sys=0.00s Real=0.00s
[177.114s][info][gc,start       ] GC(1595) Pause Young (Allocation Failure)
[177.115s][info][gc,heap        ] GC(1595) PSYoungGen: 298144K(323072K)->160K(326656K) Eden: 297984K(297984K)->0K(303104K) From: 160K(25088K)->160K(23552K)
[177.115s][info][gc,heap        ] GC(1595) ParOldGen: 111216K(699392K)->111216K(699392K)
[177.115s][info][gc,metaspace   ] GC(1595) Metaspace: 36244K(36544K)->36244K(36544K) NonClass: 32076K(32192K)->32076K(32192K) Class: 4168K(4352K)->4168K(4352K)
[177.115s][info][gc             ] GC(1595) Pause Young (Allocation Failure) 399M->108M(1002M) 0.408ms
[177.115s][info][gc,cpu         ] GC(1595) User=0.00s Sys=0.00s Real=0.00s
[177.160s][info][gc,start       ] GC(1596) Pause Young (Allocation Failure)
[177.161s][info][gc,heap        ] GC(1596) PSYoungGen: 303264K(326656K)->160K(325632K) Eden: 303104K(303104K)->0K(303104K) From: 160K(23552K)->160K(22528K)
[177.161s][info][gc,heap        ] GC(1596) ParOldGen: 111216K(699392K)->111216K(699392K)
[177.161s][info][gc,metaspace   ] GC(1596) Metaspace: 36244K(36544K)->36244K(36544K) NonClass: 32076K(32192K)->32076K(32192K) Class: 4168K(4352K)->4168K(4352K)
[177.161s][info][gc             ] GC(1596) Pause Young (Allocation Failure) 404M->108M(1001M) 0.526ms
[177.161s][info][gc,cpu         ] GC(1596) User=0.00s Sys=0.00s Real=0.00s
[177.207s][info][gc,start       ] GC(1597) Pause Young (Allocation Failure)
[177.208s][info][gc,heap        ] GC(1597) PSYoungGen: 303264K(325632K)->192K(328704K) Eden: 303104K(303104K)->0K(307200K) From: 160K(22528K)->192K(21504K)
[177.208s][info][gc,heap        ] GC(1597) ParOldGen: 111216K(699392K)->111216K(699392K)
[177.208s][info][gc,metaspace   ] GC(1597) Metaspace: 36244K(36544K)->36244K(36544K) NonClass: 32076K(32192K)->32076K(32192K) Class: 4168K(4352K)->4168K(4352K)
[177.208s][info][gc             ] GC(1597) Pause Young (Allocation Failure) 404M->108M(1004M) 0.399ms
[177.208s][info][gc,cpu         ] GC(1597) User=0.00s Sys=0.00s Real=0.00s
[177.254s][info][gc,start       ] GC(1598) Pause Young (Allocation Failure)
[177.255s][info][gc,heap        ] GC(1598) PSYoungGen: 307392K(328704K)->160K(327680K) Eden: 307200K(307200K)->0K(307200K) From: 192K(21504K)->160K(20480K)
[177.255s][info][gc,heap        ] GC(1598) ParOldGen: 111216K(699392K)->111216K(699392K)
[177.255s][info][gc,metaspace   ] GC(1598) Metaspace: 36244K(36544K)->36244K(36544K) NonClass: 32076K(32192K)->32076K(32192K) Class: 4168K(4352K)->4168K(4352K)
[177.255s][info][gc             ] GC(1598) Pause Young (Allocation Failure) 408M->108M(1003M) 0.356ms
[177.255s][info][gc,cpu         ] GC(1598) User=0.00s Sys=0.00s Real=0.00s
[177.302s][info][gc,start       ] GC(1599) Pause Young (Allocation Failure)
[177.302s][info][gc,heap        ] GC(1599) PSYoungGen: 307360K(327680K)->160K(330752K) Eden: 307200K(307200K)->0K(311296K) From: 160K(20480K)->160K(19456K)
[177.302s][info][gc,heap        ] GC(1599) ParOldGen: 111216K(699392K)->111216K(699392K)
[177.302s][info][gc,metaspace   ] GC(1599) Metaspace: 36244K(36544K)->36244K(36544K) NonClass: 32076K(32192K)->32076K(32192K) Class: 4168K(4352K)->4168K(4352K)
[177.302s][info][gc             ] GC(1599) Pause Young (Allocation Failure) 408M->108M(1006M) 0.382ms
[177.302s][info][gc,cpu         ] GC(1599) User=0.00s Sys=0.00s Real=0.00s
[177.355s][info][gc,start       ] GC(1600) Pause Young (Allocation Failure)
[177.355s][info][gc,heap        ] GC(1600) PSYoungGen: 311456K(330752K)->192K(329728K) Eden: 311296K(311296K)->0K(311296K) From: 160K(19456K)->192K(18432K)
[177.355s][info][gc,heap        ] GC(1600) ParOldGen: 111216K(699392K)->111216K(699392K)
[177.355s][info][gc,metaspace   ] GC(1600) Metaspace: 36244K(36544K)->36244K(36544K) NonClass: 32076K(32192K)->32076K(32192K) Class: 4168K(4352K)->4168K(4352K)
[177.355s][info][gc             ] GC(1600) Pause Young (Allocation Failure) 412M->108M(1005M) 0.450ms
[177.355s][info][gc,cpu         ] GC(1600) User=0.00s Sys=0.00s Real=0.00s
[177.414s][info][gc,start       ] GC(1601) Pause Young (Allocation Failure)
[177.415s][info][gc,heap        ] GC(1601) PSYoungGen: 311488K(329728K)->192K(332800K) Eden: 311296K(311296K)->0K(315392K) From: 192K(18432K)->192K(17408K)
[177.415s][info][gc,heap        ] GC(1601) ParOldGen: 111216K(699392K)->111264K(699392K)
[177.415s][info][gc,metaspace   ] GC(1601) Metaspace: 36244K(36544K)->36244K(36544K) NonClass: 32076K(32192K)->32076K(32192K) Class: 4168K(4352K)->4168K(4352K)
[177.415s][info][gc             ] GC(1601) Pause Young (Allocation Failure) 412M->108M(1008M) 0.421ms
[177.415s][info][gc,cpu         ] GC(1601) User=0.00s Sys=0.00s Real=0.00s
[177.475s][info][gc,start       ] GC(1602) Pause Young (Allocation Failure)
[177.476s][info][gc,heap        ] GC(1602) PSYoungGen: 315584K(332800K)->192K(331776K) Eden: 315392K(315392K)->0K(315392K) From: 192K(17408K)->192K(16384K)
[177.476s][info][gc,heap        ] GC(1602) ParOldGen: 111264K(699392K)->111296K(699392K)
[177.476s][info][gc,metaspace   ] GC(1602) Metaspace: 36244K(36544K)->36244K(36544K) NonClass: 32076K(32192K)->32076K(32192K) Class: 4168K(4352K)->4168K(4352K)
[177.476s][info][gc             ] GC(1602) Pause Young (Allocation Failure) 416M->108M(1007M) 0.488ms
[177.476s][info][gc,cpu         ] GC(1602) User=0.00s Sys=0.00s Real=0.02s
[177.537s][info][gc,start       ] GC(1603) Pause Young (Allocation Failure)
[177.537s][info][gc,heap        ] GC(1603) PSYoungGen: 315584K(331776K)->160K(334848K) Eden: 315392K(315392K)->0K(319488K) From: 192K(16384K)->160K(15360K)
[177.537s][info][gc,heap        ] GC(1603) ParOldGen: 111296K(699392K)->111296K(699392K)
[177.537s][info][gc,metaspace   ] GC(1603) Metaspace: 36244K(36544K)->36244K(36544K) NonClass: 32076K(32192K)->32076K(32192K) Class: 4168K(4352K)->4168K(4352K)
[177.537s][info][gc             ] GC(1603) Pause Young (Allocation Failure) 416M->108M(1010M) 0.498ms
[177.537s][info][gc,cpu         ] GC(1603) User=0.00s Sys=0.00s Real=0.00s
[177.600s][info][gc,start       ] GC(1604) Pause Young (Allocation Failure)
[177.600s][info][gc,heap        ] GC(1604) PSYoungGen: 319648K(334848K)->192K(333824K) Eden: 319488K(319488K)->0K(319488K) From: 160K(15360K)->192K(14336K)
[177.600s][info][gc,heap        ] GC(1604) ParOldGen: 111296K(699392K)->111296K(699392K)
[177.600s][info][gc,metaspace   ] GC(1604) Metaspace: 36244K(36544K)->36244K(36544K) NonClass: 32076K(32192K)->32076K(32192K) Class: 4168K(4352K)->4168K(4352K)
[177.600s][info][gc             ] GC(1604) Pause Young (Allocation Failure) 420M->108M(1009M) 0.446ms
[177.600s][info][gc,cpu         ] GC(1604) User=0.00s Sys=0.00s Real=0.00s
[177.663s][info][gc,start       ] GC(1605) Pause Young (Allocation Failure)
[177.663s][info][gc,heap        ] GC(1605) PSYoungGen: 319680K(333824K)->160K(336896K) Eden: 319488K(319488K)->0K(323584K) From: 192K(14336K)->160K(13312K)
[177.663s][info][gc,heap        ] GC(1605) ParOldGen: 111296K(699392K)->111296K(699392K)
[177.663s][info][gc,metaspace   ] GC(1605) Metaspace: 36244K(36544K)->36244K(36544K) NonClass: 32076K(32192K)->32076K(32192K) Class: 4168K(4352K)->4168K(4352K)
[177.663s][info][gc             ] GC(1605) Pause Young (Allocation Failure) 420M->108M(1012M) 0.423ms
[177.663s][info][gc,cpu         ] GC(1605) User=0.00s Sys=0.00s Real=0.00s
[177.724s][info][gc,start       ] GC(1606) Pause Young (Allocation Failure)
[177.724s][info][gc,heap        ] GC(1606) PSYoungGen: 323744K(336896K)->160K(335872K) Eden: 323584K(323584K)->0K(323584K) From: 160K(13312K)->160K(12288K)
[177.724s][info][gc,heap        ] GC(1606) ParOldGen: 111296K(699392K)->111296K(699392K)
[177.724s][info][gc,metaspace   ] GC(1606) Metaspace: 36244K(36544K)->36244K(36544K) NonClass: 32076K(32192K)->32076K(32192K) Class: 4168K(4352K)->4168K(4352K)
[177.724s][info][gc             ] GC(1606) Pause Young (Allocation Failure) 424M->108M(1011M) 0.447ms
[177.724s][info][gc,cpu         ] GC(1606) User=0.00s Sys=0.00s Real=0.00s
[177.786s][info][gc,start       ] GC(1607) Pause Young (Allocation Failure)
[177.786s][info][gc,heap        ] GC(1607) PSYoungGen: 323744K(335872K)->192K(338432K) Eden: 323584K(323584K)->0K(326656K) From: 160K(12288K)->192K(11776K)
[177.787s][info][gc,heap        ] GC(1607) ParOldGen: 111296K(699392K)->111296K(699392K)
[177.787s][info][gc,metaspace   ] GC(1607) Metaspace: 36244K(36544K)->36244K(36544K) NonClass: 32076K(32192K)->32076K(32192K) Class: 4168K(4352K)->4168K(4352K)
[177.787s][info][gc             ] GC(1607) Pause Young (Allocation Failure) 424M->108M(1013M) 0.464ms
[177.787s][info][gc,cpu         ] GC(1607) User=0.00s Sys=0.00s Real=0.00s
[177.851s][info][gc,start       ] GC(1608) Pause Young (Allocation Failure)
[177.852s][info][gc,heap        ] GC(1608) PSYoungGen: 326848K(338432K)->160K(337408K) Eden: 326656K(326656K)->0K(326656K) From: 192K(11776K)->160K(10752K)
[177.852s][info][gc,heap        ] GC(1608) ParOldGen: 111296K(699392K)->111296K(699392K)
[177.852s][info][gc,metaspace   ] GC(1608) Metaspace: 36244K(36544K)->36244K(36544K) NonClass: 32076K(32192K)->32076K(32192K) Class: 4168K(4352K)->4168K(4352K)
[177.852s][info][gc             ] GC(1608) Pause Young (Allocation Failure) 427M->108M(1012M) 0.629ms
[177.852s][info][gc,cpu         ] GC(1608) User=0.00s Sys=0.00s Real=0.02s
[177.914s][info][gc,start       ] GC(1609) Pause Young (Allocation Failure)
[177.914s][info][gc,heap        ] GC(1609) PSYoungGen: 326816K(337408K)->160K(339968K) Eden: 326656K(326656K)->0K(329728K) From: 160K(10752K)->160K(10240K)
[177.914s][info][gc,heap        ] GC(1609) ParOldGen: 111296K(699392K)->111296K(699392K)
[177.914s][info][gc,metaspace   ] GC(1609) Metaspace: 36244K(36544K)->36244K(36544K) NonClass: 32076K(32192K)->32076K(32192K) Class: 4168K(4352K)->4168K(4352K)
[177.914s][info][gc             ] GC(1609) Pause Young (Allocation Failure) 427M->108M(1015M) 0.407ms
[177.914s][info][gc,cpu         ] GC(1609) User=0.00s Sys=0.00s Real=0.00s
[177.976s][info][gc,start       ] GC(1610) Pause Young (Allocation Failure)
[177.976s][info][gc,heap        ] GC(1610) PSYoungGen: 329888K(339968K)->192K(338944K) Eden: 329728K(329728K)->0K(329728K) From: 160K(10240K)->192K(9216K)
[177.976s][info][gc,heap        ] GC(1610) ParOldGen: 111296K(699392K)->111296K(699392K)
[177.976s][info][gc,metaspace   ] GC(1610) Metaspace: 36244K(36544K)->36244K(36544K) NonClass: 32076K(32192K)->32076K(32192K) Class: 4168K(4352K)->4168K(4352K)
[177.976s][info][gc             ] GC(1610) Pause Young (Allocation Failure) 430M->108M(1014M) 0.421ms
[177.976s][info][gc,cpu         ] GC(1610) User=0.00s Sys=0.00s Real=0.00s
[178.038s][info][gc,start       ] GC(1611) Pause Young (Allocation Failure)
[178.039s][info][gc,heap        ] GC(1611) PSYoungGen: 329920K(338944K)->192K(340992K) Eden: 329728K(329728K)->0K(332288K) From: 192K(9216K)->192K(8704K)
[178.039s][info][gc,heap        ] GC(1611) ParOldGen: 111296K(699392K)->111296K(699392K)
[178.039s][info][gc,metaspace   ] GC(1611) Metaspace: 36244K(36544K)->36244K(36544K) NonClass: 32076K(32192K)->32076K(32192K) Class: 4168K(4352K)->4168K(4352K)
[178.039s][info][gc             ] GC(1611) Pause Young (Allocation Failure) 430M->108M(1016M) 0.420ms
[178.039s][info][gc,cpu         ] GC(1611) User=0.00s Sys=0.00s Real=0.00s
[178.100s][info][gc,start       ] GC(1612) Pause Young (Allocation Failure)
[178.101s][info][gc,heap        ] GC(1612) PSYoungGen: 332480K(340992K)->192K(340480K) Eden: 332288K(332288K)->0K(332288K) From: 192K(8704K)->192K(8192K)
[178.101s][info][gc,heap        ] GC(1612) ParOldGen: 111296K(699392K)->111296K(699392K)
[178.101s][info][gc,metaspace   ] GC(1612) Metaspace: 36244K(36544K)->36244K(36544K) NonClass: 32076K(32192K)->32076K(32192K) Class: 4168K(4352K)->4168K(4352K)
[178.101s][info][gc             ] GC(1612) Pause Young (Allocation Failure) 433M->108M(1015M) 0.527ms
[178.101s][info][gc,cpu         ] GC(1612) User=0.00s Sys=0.00s Real=0.00s
[178.163s][info][gc,start       ] GC(1613) Pause Young (Allocation Failure)
[178.163s][info][gc,heap        ] GC(1613) PSYoungGen: 332480K(340480K)->192K(342016K) Eden: 332288K(332288K)->0K(334336K) From: 192K(8192K)->192K(7680K)
[178.163s][info][gc,heap        ] GC(1613) ParOldGen: 111296K(699392K)->111296K(699392K)
[178.163s][info][gc,metaspace   ] GC(1613) Metaspace: 36244K(36544K)->36244K(36544K) NonClass: 32076K(32192K)->32076K(32192K) Class: 4168K(4352K)->4168K(4352K)
[178.163s][info][gc             ] GC(1613) Pause Young (Allocation Failure) 433M->108M(1017M) 0.420ms
[178.163s][info][gc,cpu         ] GC(1613) User=0.00s Sys=0.00s Real=0.00s
[178.227s][info][gc,start       ] GC(1614) Pause Young (Allocation Failure)
[178.228s][info][gc,heap        ] GC(1614) PSYoungGen: 334528K(342016K)->160K(341504K) Eden: 334336K(334336K)->0K(334336K) From: 192K(7680K)->160K(7168K)
[178.228s][info][gc,heap        ] GC(1614) ParOldGen: 111296K(699392K)->111296K(699392K)
[178.228s][info][gc,metaspace   ] GC(1614) Metaspace: 36244K(36544K)->36244K(36544K) NonClass: 32076K(32192K)->32076K(32192K) Class: 4168K(4352K)->4168K(4352K)
[178.228s][info][gc             ] GC(1614) Pause Young (Allocation Failure) 435M->108M(1016M) 0.465ms
[178.228s][info][gc,cpu         ] GC(1614) User=0.00s Sys=0.00s Real=0.00s
[178.291s][info][gc,start       ] GC(1615) Pause Young (Allocation Failure)
[178.291s][info][gc,heap        ] GC(1615) PSYoungGen: 334496K(341504K)->192K(343040K) Eden: 334336K(334336K)->0K(336384K) From: 160K(7168K)->192K(6656K)
[178.291s][info][gc,heap        ] GC(1615) ParOldGen: 111296K(699392K)->111296K(699392K)
[178.291s][info][gc,metaspace   ] GC(1615) Metaspace: 36244K(36544K)->36244K(36544K) NonClass: 32076K(32192K)->32076K(32192K) Class: 4168K(4352K)->4168K(4352K)
[178.292s][info][gc             ] GC(1615) Pause Young (Allocation Failure) 435M->108M(1018M) 0.599ms
[178.292s][info][gc,cpu         ] GC(1615) User=0.00s Sys=0.00s Real=0.00s
[178.355s][info][gc,start       ] GC(1616) Pause Young (Allocation Failure)
[178.355s][info][gc,heap        ] GC(1616) PSYoungGen: 336576K(343040K)->160K(342528K) Eden: 336384K(336384K)->0K(336384K) From: 192K(6656K)->160K(6144K)
[178.355s][info][gc,heap        ] GC(1616) ParOldGen: 111296K(699392K)->111296K(699392K)
[178.355s][info][gc,metaspace   ] GC(1616) Metaspace: 36244K(36544K)->36244K(36544K) NonClass: 32076K(32192K)->32076K(32192K) Class: 4168K(4352K)->4168K(4352K)
[178.355s][info][gc             ] GC(1616) Pause Young (Allocation Failure) 437M->108M(1017M) 0.374ms
[178.355s][info][gc,cpu         ] GC(1616) User=0.00s Sys=0.00s Real=0.00s
[178.420s][info][gc,start       ] GC(1617) Pause Young (Allocation Failure)
[178.420s][info][gc,heap        ] GC(1617) PSYoungGen: 336544K(342528K)->160K(344064K) Eden: 336384K(336384K)->0K(338432K) From: 160K(6144K)->160K(5632K)
[178.420s][info][gc,heap        ] GC(1617) ParOldGen: 111296K(699392K)->111296K(699392K)
[178.420s][info][gc,metaspace   ] GC(1617) Metaspace: 36244K(36544K)->36244K(36544K) NonClass: 32076K(32192K)->32076K(32192K) Class: 4168K(4352K)->4168K(4352K)
[178.420s][info][gc             ] GC(1617) Pause Young (Allocation Failure) 437M->108M(1019M) 0.382ms
[178.420s][info][gc,cpu         ] GC(1617) User=0.00s Sys=0.00s Real=0.00s
[178.484s][info][gc,start       ] GC(1618) Pause Young (Allocation Failure)
[178.484s][info][gc,heap        ] GC(1618) PSYoungGen: 338592K(344064K)->192K(343552K) Eden: 338432K(338432K)->0K(338432K) From: 160K(5632K)->192K(5120K)
[178.484s][info][gc,heap        ] GC(1618) ParOldGen: 111296K(699392K)->111296K(699392K)
[178.484s][info][gc,metaspace   ] GC(1618) Metaspace: 36244K(36544K)->36244K(36544K) NonClass: 32076K(32192K)->32076K(32192K) Class: 4168K(4352K)->4168K(4352K)
[178.484s][info][gc             ] GC(1618) Pause Young (Allocation Failure) 439M->108M(1018M) 0.433ms
[178.484s][info][gc,cpu         ] GC(1618) User=0.00s Sys=0.00s Real=0.00s
[178.547s][info][gc,start       ] GC(1619) Pause Young (Allocation Failure)
[178.548s][info][gc,heap        ] GC(1619) PSYoungGen: 338624K(343552K)->192K(344576K) Eden: 338432K(338432K)->0K(339456K) From: 192K(5120K)->192K(5120K)
[178.548s][info][gc,heap        ] GC(1619) ParOldGen: 111296K(699392K)->111296K(699392K)
[178.548s][info][gc,metaspace   ] GC(1619) Metaspace: 36244K(36544K)->36244K(36544K) NonClass: 32076K(32192K)->32076K(32192K) Class: 4168K(4352K)->4168K(4352K)
[178.548s][info][gc             ] GC(1619) Pause Young (Allocation Failure) 439M->108M(1019M) 0.413ms
[178.548s][info][gc,cpu         ] GC(1619) User=0.00s Sys=0.00s Real=0.00s
[178.613s][info][gc,start       ] GC(1620) Pause Young (Allocation Failure)
[178.614s][info][gc,heap        ] GC(1620) PSYoungGen: 339648K(344576K)->160K(344064K) Eden: 339456K(339456K)->0K(339456K) From: 192K(5120K)->160K(4608K)
[178.614s][info][gc,heap        ] GC(1620) ParOldGen: 111296K(699392K)->111296K(699392K)
[178.614s][info][gc,metaspace   ] GC(1620) Metaspace: 36244K(36544K)->36244K(36544K) NonClass: 32076K(32192K)->32076K(32192K) Class: 4168K(4352K)->4168K(4352K)
[178.614s][info][gc             ] GC(1620) Pause Young (Allocation Failure) 440M->108M(1019M) 0.435ms
[178.614s][info][gc,cpu         ] GC(1620) User=0.00s Sys=0.00s Real=0.00s
[178.679s][info][gc,start       ] GC(1621) Pause Young (Allocation Failure)
[178.679s][info][gc,heap        ] GC(1621) PSYoungGen: 339616K(344064K)->160K(345088K) Eden: 339456K(339456K)->0K(340992K) From: 160K(4608K)->160K(4096K)
[178.679s][info][gc,heap        ] GC(1621) ParOldGen: 111296K(699392K)->111296K(699392K)
[178.679s][info][gc,metaspace   ] GC(1621) Metaspace: 36244K(36544K)->36244K(36544K) NonClass: 32076K(32192K)->32076K(32192K) Class: 4168K(4352K)->4168K(4352K)
[178.679s][info][gc             ] GC(1621) Pause Young (Allocation Failure) 440M->108M(1020M) 0.437ms
[178.679s][info][gc,cpu         ] GC(1621) User=0.00s Sys=0.00s Real=0.00s
[178.745s][info][gc,start       ] GC(1622) Pause Young (Allocation Failure)
[178.745s][info][gc,heap        ] GC(1622) PSYoungGen: 341152K(345088K)->160K(345088K) Eden: 340992K(340992K)->0K(340992K) From: 160K(4096K)->160K(4096K)
[178.745s][info][gc,heap        ] GC(1622) ParOldGen: 111296K(699392K)->111296K(699392K)
[178.745s][info][gc,metaspace   ] GC(1622) Metaspace: 36244K(36544K)->36244K(36544K) NonClass: 32076K(32192K)->32076K(32192K) Class: 4168K(4352K)->4168K(4352K)
[178.745s][info][gc             ] GC(1622) Pause Young (Allocation Failure) 441M->108M(1020M) 0.441ms
[178.745s][info][gc,cpu         ] GC(1622) User=0.00s Sys=0.00s Real=0.02s
[178.813s][info][gc,start       ] GC(1623) Pause Young (Allocation Failure)
[178.813s][info][gc,heap        ] GC(1623) PSYoungGen: 341152K(345088K)->192K(345600K) Eden: 340992K(340992K)->0K(342016K) From: 160K(4096K)->192K(3584K)
[178.813s][info][gc,heap        ] GC(1623) ParOldGen: 111296K(699392K)->111296K(699392K)
[178.813s][info][gc,metaspace   ] GC(1623) Metaspace: 36244K(36544K)->36244K(36544K) NonClass: 32076K(32192K)->32076K(32192K) Class: 4168K(4352K)->4168K(4352K)
[178.813s][info][gc             ] GC(1623) Pause Young (Allocation Failure) 441M->108M(1020M) 0.430ms
[178.813s][info][gc,cpu         ] GC(1623) User=0.00s Sys=0.00s Real=0.00s
[178.880s][info][gc,start       ] GC(1624) Pause Young (Allocation Failure)
[178.881s][info][gc,heap        ] GC(1624) PSYoungGen: 342208K(345600K)->192K(345600K) Eden: 342016K(342016K)->0K(342016K) From: 192K(3584K)->192K(3584K)
[178.881s][info][gc,heap        ] GC(1624) ParOldGen: 111296K(699392K)->111296K(699392K)
[178.881s][info][gc,metaspace   ] GC(1624) Metaspace: 36244K(36544K)->36244K(36544K) NonClass: 32076K(32192K)->32076K(32192K) Class: 4168K(4352K)->4168K(4352K)
[178.881s][info][gc             ] GC(1624) Pause Young (Allocation Failure) 442M->108M(1020M) 0.468ms
[178.881s][info][gc,cpu         ] GC(1624) User=0.00s Sys=0.00s Real=0.00s
[178.948s][info][gc,start       ] GC(1625) Pause Young (Allocation Failure)
[178.949s][info][gc,heap        ] GC(1625) PSYoungGen: 342208K(345600K)->128K(346112K) Eden: 342016K(342016K)->0K(343040K) From: 192K(3584K)->128K(3072K)
[178.949s][info][gc,heap        ] GC(1625) ParOldGen: 111296K(699392K)->111296K(699392K)
[178.949s][info][gc,metaspace   ] GC(1625) Metaspace: 36244K(36544K)->36244K(36544K) NonClass: 32076K(32192K)->32076K(32192K) Class: 4168K(4352K)->4168K(4352K)
[178.949s][info][gc             ] GC(1625) Pause Young (Allocation Failure) 442M->108M(1021M) 0.511ms
[178.949s][info][gc,cpu         ] GC(1625) User=0.00s Sys=0.00s Real=0.02s
[179.016s][info][gc,start       ] GC(1626) Pause Young (Allocation Failure)
[179.016s][info][gc,heap        ] GC(1626) PSYoungGen: 343168K(346112K)->192K(346112K) Eden: 343040K(343040K)->0K(343040K) From: 128K(3072K)->192K(3072K)
[179.016s][info][gc,heap        ] GC(1626) ParOldGen: 111296K(699392K)->111296K(699392K)
[179.016s][info][gc,metaspace   ] GC(1626) Metaspace: 36244K(36544K)->36244K(36544K) NonClass: 32076K(32192K)->32076K(32192K) Class: 4168K(4352K)->4168K(4352K)
[179.016s][info][gc             ] GC(1626) Pause Young (Allocation Failure) 443M->108M(1021M) 0.423ms
[179.016s][info][gc,cpu         ] GC(1626) User=0.00s Sys=0.00s Real=0.00s
[179.089s][info][gc,start       ] GC(1627) Pause Young (Allocation Failure)
[179.089s][info][gc,heap        ] GC(1627) PSYoungGen: 343232K(346112K)->192K(346624K) Eden: 343040K(343040K)->0K(344064K) From: 192K(3072K)->192K(2560K)
[179.089s][info][gc,heap        ] GC(1627) ParOldGen: 111296K(699392K)->111296K(699392K)
[179.089s][info][gc,metaspace   ] GC(1627) Metaspace: 36244K(36544K)->36244K(36544K) NonClass: 32076K(32192K)->32076K(32192K) Class: 4168K(4352K)->4168K(4352K)
[179.089s][info][gc             ] GC(1627) Pause Young (Allocation Failure) 443M->108M(1021M) 0.376ms
[179.089s][info][gc,cpu         ] GC(1627) User=0.00s Sys=0.00s Real=0.00s
[179.333s][info][gc,start       ] GC(1628) Pause Young (Allocation Failure)
[179.337s][info][gc,heap        ] GC(1628) PSYoungGen: 344256K(346624K)->2560K(346624K) Eden: 344064K(344064K)->0K(344064K) From: 192K(2560K)->2560K(2560K)
[179.337s][info][gc,heap        ] GC(1628) ParOldGen: 111296K(699392K)->116144K(699392K)
[179.337s][info][gc,metaspace   ] GC(1628) Metaspace: 36244K(36544K)->36244K(36544K) NonClass: 32076K(32192K)->32076K(32192K) Class: 4168K(4352K)->4168K(4352K)
[179.337s][info][gc             ] GC(1628) Pause Young (Allocation Failure) 444M->115M(1021M) 4.056ms
[179.337s][info][gc,cpu         ] GC(1628) User=0.00s Sys=0.00s Real=0.01s
[179.646s][info][gc,start       ] GC(1629) Pause Young (Allocation Failure)
[179.659s][info][gc,heap        ] GC(1629) PSYoungGen: 346577K(346624K)->2556K(318976K) Eden: 344017K(344064K)->0K(316416K) From: 2560K(2560K)->2556K(2560K)
[179.659s][info][gc,heap        ] GC(1629) ParOldGen: 116144K(699392K)->146737K(699392K)
[179.659s][info][gc,metaspace   ] GC(1629) Metaspace: 36244K(36544K)->36244K(36544K) NonClass: 32076K(32192K)->32076K(32192K) Class: 4168K(4352K)->4168K(4352K)
[179.659s][info][gc             ] GC(1629) Pause Young (Allocation Failure) 451M->145M(994M) 13.065ms
[179.659s][info][gc,cpu         ] GC(1629) User=0.09s Sys=0.00s Real=0.02s
[179.947s][info][gc,start       ] GC(1630) Pause Young (Allocation Failure)
[179.961s][info][gc,heap        ] GC(1630) PSYoungGen: 318972K(318976K)->16364K(332800K) Eden: 316416K(316416K)->0K(316416K) From: 2556K(2560K)->16364K(16384K)
[179.961s][info][gc,heap        ] GC(1630) ParOldGen: 146737K(699392K)->173549K(699392K)
[179.961s][info][gc,metaspace   ] GC(1630) Metaspace: 36244K(36544K)->36244K(36544K) NonClass: 32076K(32192K)->32076K(32192K) Class: 4168K(4352K)->4168K(4352K)
[179.961s][info][gc             ] GC(1630) Pause Young (Allocation Failure) 454M->185M(1008M) 13.686ms
[179.961s][info][gc,cpu         ] GC(1630) User=0.09s Sys=0.00s Real=0.01s
[180.255s][info][gc,start       ] GC(1631) Pause Young (Allocation Failure)
[180.263s][info][gc,heap        ] GC(1631) PSYoungGen: 332780K(332800K)->10465K(308224K) Eden: 316416K(316416K)->0K(291840K) From: 16364K(16384K)->10465K(16384K)
[180.263s][info][gc,heap        ] GC(1631) ParOldGen: 173549K(699392K)->187244K(699392K)
[180.263s][info][gc,metaspace   ] GC(1631) Metaspace: 36244K(36544K)->36244K(36544K) NonClass: 32076K(32192K)->32076K(32192K) Class: 4168K(4352K)->4168K(4352K)
[180.263s][info][gc             ] GC(1631) Pause Young (Allocation Failure) 494M->193M(984M) 8.551ms
[180.264s][info][gc,cpu         ] GC(1631) User=0.00s Sys=0.00s Real=0.01s
[180.525s][info][gc,start       ] GC(1632) Pause Young (Allocation Failure)
[180.532s][info][gc,heap        ] GC(1632) PSYoungGen: 301045K(308224K)->15984K(308224K) Eden: 290579K(291840K)->0K(291840K) From: 10465K(16384K)->15984K(16384K)
[180.532s][info][gc,heap        ] GC(1632) ParOldGen: 187244K(699392K)->190227K(699392K)
[180.532s][info][gc,metaspace   ] GC(1632) Metaspace: 36244K(36544K)->36244K(36544K) NonClass: 32076K(32192K)->32076K(32192K) Class: 4168K(4352K)->4168K(4352K)
[180.532s][info][gc             ] GC(1632) Pause Young (Allocation Failure) 476M->201M(984M) 7.356ms
[180.532s][info][gc,cpu         ] GC(1632) User=0.08s Sys=0.02s Real=0.01s
[180.797s][info][gc,start       ] GC(1633) Pause Young (Allocation Failure)
[180.803s][info][gc,heap        ] GC(1633) PSYoungGen: 306272K(308224K)->12504K(320512K) Eden: 290287K(291840K)->0K(291328K) From: 15984K(16384K)->12504K(29184K)
[180.803s][info][gc,heap        ] GC(1633) ParOldGen: 190227K(699392K)->191881K(699392K)
[180.803s][info][gc,metaspace   ] GC(1633) Metaspace: 36244K(36544K)->36244K(36544K) NonClass: 32076K(32192K)->32076K(32192K) Class: 4168K(4352K)->4168K(4352K)
[180.803s][info][gc             ] GC(1633) Pause Young (Allocation Failure) 484M->199M(996M) 6.049ms
[180.803s][info][gc,cpu         ] GC(1633) User=0.00s Sys=0.00s Real=0.01s
[181.055s][info][gc,start       ] GC(1634) Pause Young (Allocation Failure)
[181.060s][info][gc,heap        ] GC(1634) PSYoungGen: 303832K(320512K)->10071K(320000K) Eden: 291328K(291328K)->0K(291328K) From: 12504K(29184K)->10071K(28672K)
[181.060s][info][gc,heap        ] GC(1634) ParOldGen: 191881K(699392K)->192480K(699392K)
[181.060s][info][gc,metaspace   ] GC(1634) Metaspace: 36244K(36544K)->36244K(36544K) NonClass: 32076K(32192K)->32076K(32192K) Class: 4168K(4352K)->4168K(4352K)
[181.060s][info][gc             ] GC(1634) Pause Young (Allocation Failure) 484M->197M(995M) 4.894ms
[181.060s][info][gc,cpu         ] GC(1634) User=0.00s Sys=0.00s Real=0.01s
[181.325s][info][gc,start       ] GC(1635) Pause Young (Allocation Failure)
[181.331s][info][gc,heap        ] GC(1635) PSYoungGen: 301399K(320000K)->15865K(320512K) Eden: 291328K(291328K)->0K(293888K) From: 10071K(28672K)->15865K(26624K)
[181.331s][info][gc,heap        ] GC(1635) ParOldGen: 192480K(699392K)->193101K(699392K)
[181.331s][info][gc,metaspace   ] GC(1635) Metaspace: 36244K(36544K)->36244K(36544K) NonClass: 32076K(32192K)->32076K(32192K) Class: 4168K(4352K)->4168K(4352K)
[181.331s][info][gc             ] GC(1635) Pause Young (Allocation Failure) 482M->204M(996M) 6.207ms
[181.331s][info][gc,cpu         ] GC(1635) User=0.09s Sys=0.00s Real=0.01s
[181.602s][info][gc,start       ] GC(1636) Pause Young (Allocation Failure)
[181.608s][info][gc,heap        ] GC(1636) PSYoungGen: 309753K(320512K)->11642K(321536K) Eden: 293888K(293888K)->0K(293888K) From: 15865K(26624K)->11642K(27648K)
[181.608s][info][gc,heap        ] GC(1636) ParOldGen: 193101K(699392K)->193495K(699392K)
[181.608s][info][gc,metaspace   ] GC(1636) Metaspace: 36244K(36544K)->36244K(36544K) NonClass: 32076K(32192K)->32076K(32192K) Class: 4168K(4352K)->4168K(4352K)
[181.608s][info][gc             ] GC(1636) Pause Young (Allocation Failure) 491M->200M(997M) 5.648ms
[181.608s][info][gc,cpu         ] GC(1636) User=0.00s Sys=0.00s Real=0.01s
[181.866s][info][gc,start       ] GC(1637) Pause Young (Allocation Failure)
[181.873s][info][gc,heap        ] GC(1637) PSYoungGen: 303428K(321536K)->20696K(317952K) Eden: 291786K(293888K)->0K(291840K) From: 11642K(27648K)->20696K(26112K)
[181.873s][info][gc,heap        ] GC(1637) ParOldGen: 193495K(699392K)->194630K(699392K)
[181.873s][info][gc,metaspace   ] GC(1637) Metaspace: 36244K(36544K)->36244K(36544K) NonClass: 32076K(32192K)->32076K(32192K) Class: 4168K(4352K)->4168K(4352K)
[181.873s][info][gc             ] GC(1637) Pause Young (Allocation Failure) 485M->210M(993M) 6.852ms
[181.873s][info][gc,cpu         ] GC(1637) User=0.00s Sys=0.00s Real=0.01s
[182.145s][info][gc,start       ] GC(1638) Pause Young (Allocation Failure)
[182.151s][info][gc,heap        ] GC(1638) PSYoungGen: 312536K(317952K)->16502K(320512K) Eden: 291840K(291840K)->0K(291840K) From: 20696K(26112K)->16502K(28672K)
[182.151s][info][gc,heap        ] GC(1638) ParOldGen: 194630K(699392K)->195621K(699392K)
[182.151s][info][gc,metaspace   ] GC(1638) Metaspace: 36244K(36544K)->36244K(36544K) NonClass: 32076K(32192K)->32076K(32192K) Class: 4168K(4352K)->4168K(4352K)
[182.151s][info][gc             ] GC(1638) Pause Young (Allocation Failure) 495M->207M(996M) 6.318ms
[182.152s][info][gc,cpu         ] GC(1638) User=0.00s Sys=0.00s Real=0.01s
[182.417s][info][gc,start       ] GC(1639) Pause Young (Allocation Failure)
[182.423s][info][gc,heap        ] GC(1639) PSYoungGen: 304741K(320512K)->16383K(320512K) Eden: 288239K(291840K)->0K(291840K) From: 16502K(28672K)->16383K(28672K)
[182.423s][info][gc,heap        ] GC(1639) ParOldGen: 195621K(699392K)->197421K(699392K)
[182.423s][info][gc,metaspace   ] GC(1639) Metaspace: 36244K(36544K)->36244K(36544K) NonClass: 32076K(32192K)->32076K(32192K) Class: 4168K(4352K)->4168K(4352K)
[182.423s][info][gc             ] GC(1639) Pause Young (Allocation Failure) 488M->208M(996M) 6.425ms
[182.423s][info][gc,cpu         ] GC(1639) User=0.09s Sys=0.00s Real=0.01s
[182.684s][info][gc,start       ] GC(1640) Pause Young (Allocation Failure)
[182.689s][info][gc,heap        ] GC(1640) PSYoungGen: 308164K(320512K)->10865K(320512K) Eden: 291780K(291840K)->0K(291840K) From: 16383K(28672K)->10865K(28672K)
[182.689s][info][gc,heap        ] GC(1640) ParOldGen: 197421K(699392K)->198361K(699392K)
[182.689s][info][gc,metaspace   ] GC(1640) Metaspace: 36244K(36544K)->36244K(36544K) NonClass: 32076K(32192K)->32076K(32192K) Class: 4168K(4352K)->4168K(4352K)
[182.689s][info][gc             ] GC(1640) Pause Young (Allocation Failure) 493M->204M(996M) 5.019ms
[182.689s][info][gc,cpu         ] GC(1640) User=0.09s Sys=0.00s Real=0.01s
[182.948s][info][gc,start       ] GC(1641) Pause Young (Allocation Failure)
[182.955s][info][gc,heap        ] GC(1641) PSYoungGen: 301489K(320512K)->20341K(318464K) Eden: 290623K(291840K)->0K(290816K) From: 10865K(28672K)->20341K(27648K)
[182.955s][info][gc,heap        ] GC(1641) ParOldGen: 198361K(699392K)->198723K(699392K)
[182.955s][info][gc,metaspace   ] GC(1641) Metaspace: 36244K(36544K)->36244K(36544K) NonClass: 32076K(32192K)->32076K(32192K) Class: 4168K(4352K)->4168K(4352K)
[182.955s][info][gc             ] GC(1641) Pause Young (Allocation Failure) 488M->213M(994M) 7.472ms
[182.955s][info][gc,cpu         ] GC(1641) User=0.09s Sys=0.00s Real=0.02s
[183.216s][info][gc,start       ] GC(1642) Pause Young (Allocation Failure)
[183.223s][info][gc,heap        ] GC(1642) PSYoungGen: 311157K(318464K)->12427K(320000K) Eden: 290816K(290816K)->0K(290816K) From: 20341K(27648K)->12427K(29184K)
[183.223s][info][gc,heap        ] GC(1642) ParOldGen: 198723K(699392K)->202761K(699392K)
[183.223s][info][gc,metaspace   ] GC(1642) Metaspace: 36244K(36544K)->36244K(36544K) NonClass: 32076K(32192K)->32076K(32192K) Class: 4168K(4352K)->4168K(4352K)
[183.223s][info][gc             ] GC(1642) Pause Young (Allocation Failure) 497M->210M(995M) 6.406ms
[183.223s][info][gc,cpu         ] GC(1642) User=0.09s Sys=0.00s Real=0.01s
[183.378s][info][gc,start       ] GC(1643) Pause Young (System.gc())
[183.383s][info][gc,heap        ] GC(1643) PSYoungGen: 171635K(320000K)->7956K(322048K) Eden: 159208K(290816K)->0K(294400K) From: 12427K(29184K)->7956K(27648K)
[183.383s][info][gc,heap        ] GC(1643) ParOldGen: 202761K(699392K)->206602K(699392K)
[183.383s][info][gc,metaspace   ] GC(1643) Metaspace: 36244K(36544K)->36244K(36544K) NonClass: 32076K(32192K)->32076K(32192K) Class: 4168K(4352K)->4168K(4352K)
[183.383s][info][gc             ] GC(1643) Pause Young (System.gc()) 365M->209M(997M) 5.371ms
[183.383s][info][gc,cpu         ] GC(1643) User=0.00s Sys=0.00s Real=0.00s
[183.383s][info][gc,start       ] GC(1644) Pause Full (System.gc())
[183.383s][info][gc,phases,start] GC(1644) Marking Phase
[183.399s][info][gc,phases      ] GC(1644) Marking Phase 15.768ms
[183.399s][info][gc,phases,start] GC(1644) Summary Phase
[183.399s][info][gc,phases      ] GC(1644) Summary Phase 0.013ms
[183.399s][info][gc,phases,start] GC(1644) Adjust Roots
[183.403s][info][gc,phases      ] GC(1644) Adjust Roots 3.316ms
[183.403s][info][gc,phases,start] GC(1644) Compaction Phase
[183.412s][info][gc,phases      ] GC(1644) Compaction Phase 9.161ms
[183.412s][info][gc,phases,start] GC(1644) Post Compact
[183.413s][info][gc,phases      ] GC(1644) Post Compact 0.818ms
[183.413s][info][gc,heap        ] GC(1644) PSYoungGen: 7956K(322048K)->0K(322048K) Eden: 0K(294400K)->0K(294400K) From: 7956K(27648K)->0K(27648K)
[183.413s][info][gc,heap        ] GC(1644) ParOldGen: 206602K(699392K)->114153K(699392K)
[183.413s][info][gc,metaspace   ] GC(1644) Metaspace: 36244K(36544K)->36244K(36544K) NonClass: 32076K(32192K)->32076K(32192K) Class: 4168K(4352K)->4168K(4352K)
[183.413s][info][gc             ] GC(1644) Pause Full (System.gc()) 209M->111M(997M) 29.381ms
[183.413s][info][gc,cpu         ] GC(1644) User=0.19s Sys=0.00s Real=0.03s
[183.461s][info][gc,start       ] GC(1645) Pause Young (Allocation Failure)
[183.461s][info][gc,heap        ] GC(1645) PSYoungGen: 294400K(322048K)->160K(321536K) Eden: 294400K(294400K)->0K(294400K) From: 0K(27648K)->160K(27136K)
[183.461s][info][gc,heap        ] GC(1645) ParOldGen: 114153K(699392K)->114153K(699392K)
[183.461s][info][gc,metaspace   ] GC(1645) Metaspace: 36245K(36544K)->36245K(36544K) NonClass: 32076K(32192K)->32076K(32192K) Class: 4168K(4352K)->4168K(4352K)
[183.461s][info][gc             ] GC(1645) Pause Young (Allocation Failure) 398M->111M(997M) 0.408ms
[183.461s][info][gc,cpu         ] GC(1645) User=0.00s Sys=0.00s Real=0.00s
[183.505s][info][gc,start       ] GC(1646) Pause Young (Allocation Failure)
[183.506s][info][gc,heap        ] GC(1646) PSYoungGen: 294560K(321536K)->192K(321536K) Eden: 294400K(294400K)->0K(293888K) From: 160K(27136K)->192K(27648K)
[183.506s][info][gc,heap        ] GC(1646) ParOldGen: 114153K(699392K)->114201K(699392K)
[183.506s][info][gc,metaspace   ] GC(1646) Metaspace: 36245K(36544K)->36245K(36544K) NonClass: 32076K(32192K)->32076K(32192K) Class: 4168K(4352K)->4168K(4352K)
[183.506s][info][gc             ] GC(1646) Pause Young (Allocation Failure) 399M->111M(997M) 0.381ms
[183.506s][info][gc,cpu         ] GC(1646) User=0.00s Sys=0.00s Real=0.00s
[183.551s][info][gc,start       ] GC(1647) Pause Young (Allocation Failure)
[183.551s][info][gc,heap        ] GC(1647) PSYoungGen: 294080K(321536K)->160K(321536K) Eden: 293888K(293888K)->0K(293888K) From: 192K(27648K)->160K(27648K)
[183.551s][info][gc,heap        ] GC(1647) ParOldGen: 114201K(699392K)->114201K(699392K)
[183.551s][info][gc,metaspace   ] GC(1647) Metaspace: 36245K(36544K)->36245K(36544K) NonClass: 32076K(32192K)->32076K(32192K) Class: 4168K(4352K)->4168K(4352K)
[183.551s][info][gc             ] GC(1647) Pause Young (Allocation Failure) 398M->111M(997M) 0.456ms
[183.551s][info][gc,cpu         ] GC(1647) User=0.00s Sys=0.00s Real=0.00s
[183.596s][info][gc,start       ] GC(1648) Pause Young (Allocation Failure)
[183.597s][info][gc,heap        ] GC(1648) PSYoungGen: 294048K(321536K)->160K(321536K) Eden: 293888K(293888K)->0K(293888K) From: 160K(27648K)->160K(27648K)
[183.597s][info][gc,heap        ] GC(1648) ParOldGen: 114201K(699392K)->114201K(699392K)
[183.597s][info][gc,metaspace   ] GC(1648) Metaspace: 36245K(36544K)->36245K(36544K) NonClass: 32076K(32192K)->32076K(32192K) Class: 4168K(4352K)->4168K(4352K)
[183.597s][info][gc             ] GC(1648) Pause Young (Allocation Failure) 398M->111M(997M) 0.402ms
[183.597s][info][gc,cpu         ] GC(1648) User=0.00s Sys=0.00s Real=0.00s
[183.641s][info][gc,start       ] GC(1649) Pause Young (Allocation Failure)
[183.641s][info][gc,heap        ] GC(1649) PSYoungGen: 294048K(321536K)->160K(321536K) Eden: 293888K(293888K)->0K(293888K) From: 160K(27648K)->160K(27648K)
[183.641s][info][gc,heap        ] GC(1649) ParOldGen: 114201K(699392K)->114201K(699392K)
[183.641s][info][gc,metaspace   ] GC(1649) Metaspace: 36245K(36544K)->36245K(36544K) NonClass: 32076K(32192K)->32076K(32192K) Class: 4168K(4352K)->4168K(4352K)
[183.641s][info][gc             ] GC(1649) Pause Young (Allocation Failure) 398M->111M(997M) 0.392ms
[183.641s][info][gc,cpu         ] GC(1649) User=0.00s Sys=0.00s Real=0.00s
[183.685s][info][gc,start       ] GC(1650) Pause Young (Allocation Failure)
[183.685s][info][gc,heap        ] GC(1650) PSYoungGen: 294048K(321536K)->192K(323072K) Eden: 293888K(293888K)->0K(295936K) From: 160K(27648K)->192K(27136K)
[183.685s][info][gc,heap        ] GC(1650) ParOldGen: 114201K(699392K)->114201K(699392K)
[183.685s][info][gc,metaspace   ] GC(1650) Metaspace: 36245K(36544K)->36245K(36544K) NonClass: 32076K(32192K)->32076K(32192K) Class: 4168K(4352K)->4168K(4352K)
[183.685s][info][gc             ] GC(1650) Pause Young (Allocation Failure) 398M->111M(998M) 0.437ms
[183.685s][info][gc,cpu         ] GC(1650) User=0.00s Sys=0.00s Real=0.00s
[183.730s][info][gc,start       ] GC(1651) Pause Young (Allocation Failure)
[183.730s][info][gc,heap        ] GC(1651) PSYoungGen: 296128K(323072K)->160K(322048K) Eden: 295936K(295936K)->0K(295936K) From: 192K(27136K)->160K(26112K)
[183.730s][info][gc,heap        ] GC(1651) ParOldGen: 114201K(699392K)->114201K(699392K)
[183.730s][info][gc,metaspace   ] GC(1651) Metaspace: 36245K(36544K)->36245K(36544K) NonClass: 32076K(32192K)->32076K(32192K) Class: 4168K(4352K)->4168K(4352K)
[183.730s][info][gc             ] GC(1651) Pause Young (Allocation Failure) 400M->111M(997M) 0.372ms
[183.730s][info][gc,cpu         ] GC(1651) User=0.00s Sys=0.00s Real=0.00s
[183.774s][info][gc,start       ] GC(1652) Pause Young (Allocation Failure)
[183.774s][info][gc,heap        ] GC(1652) PSYoungGen: 296096K(322048K)->160K(324608K) Eden: 295936K(295936K)->0K(299008K) From: 160K(26112K)->160K(25600K)
[183.774s][info][gc,heap        ] GC(1652) ParOldGen: 114201K(699392K)->114201K(699392K)
[183.774s][info][gc,metaspace   ] GC(1652) Metaspace: 36245K(36544K)->36245K(36544K) NonClass: 32076K(32192K)->32076K(32192K) Class: 4168K(4352K)->4168K(4352K)
[183.774s][info][gc             ] GC(1652) Pause Young (Allocation Failure) 400M->111M(1000M) 0.346ms
[183.774s][info][gc,cpu         ] GC(1652) User=0.00s Sys=0.00s Real=0.00s
[183.822s][info][gc,start       ] GC(1653) Pause Young (Allocation Failure)
[183.823s][info][gc,heap        ] GC(1653) PSYoungGen: 299168K(324608K)->192K(323584K) Eden: 299008K(299008K)->0K(299008K) From: 160K(25600K)->192K(24576K)
[183.823s][info][gc,heap        ] GC(1653) ParOldGen: 114201K(699392K)->114201K(699392K)
[183.823s][info][gc,metaspace   ] GC(1653) Metaspace: 36245K(36544K)->36245K(36544K) NonClass: 32076K(32192K)->32076K(32192K) Class: 4168K(4352K)->4168K(4352K)
[183.823s][info][gc             ] GC(1653) Pause Young (Allocation Failure) 403M->111M(999M) 0.686ms
[183.823s][info][gc,cpu         ] GC(1653) User=0.00s Sys=0.00s Real=0.00s
[183.869s][info][gc,start       ] GC(1654) Pause Young (Allocation Failure)
[183.869s][info][gc,heap        ] GC(1654) PSYoungGen: 299200K(323584K)->192K(326656K) Eden: 299008K(299008K)->0K(303104K) From: 192K(24576K)->192K(23552K)
[183.869s][info][gc,heap        ] GC(1654) ParOldGen: 114201K(699392K)->114201K(699392K)
[183.869s][info][gc,metaspace   ] GC(1654) Metaspace: 36245K(36544K)->36245K(36544K) NonClass: 32076K(32192K)->32076K(32192K) Class: 4168K(4352K)->4168K(4352K)
[183.869s][info][gc             ] GC(1654) Pause Young (Allocation Failure) 403M->111M(1002M) 0.356ms
[183.869s][info][gc,cpu         ] GC(1654) User=0.00s Sys=0.00s Real=0.00s
[183.915s][info][gc,start       ] GC(1655) Pause Young (Allocation Failure)
[183.915s][info][gc,heap        ] GC(1655) PSYoungGen: 303296K(326656K)->128K(325632K) Eden: 303104K(303104K)->0K(303104K) From: 192K(23552K)->128K(22528K)
[183.915s][info][gc,heap        ] GC(1655) ParOldGen: 114201K(699392K)->114201K(699392K)
[183.915s][info][gc,metaspace   ] GC(1655) Metaspace: 36245K(36544K)->36245K(36544K) NonClass: 32076K(32192K)->32076K(32192K) Class: 4168K(4352K)->4168K(4352K)
[183.915s][info][gc             ] GC(1655) Pause Young (Allocation Failure) 407M->111M(1001M) 0.593ms
[183.915s][info][gc,cpu         ] GC(1655) User=0.00s Sys=0.00s Real=0.00s
[183.963s][info][gc,start       ] GC(1656) Pause Young (Allocation Failure)
[183.963s][info][gc,heap        ] GC(1656) PSYoungGen: 303232K(325632K)->192K(328704K) Eden: 303104K(303104K)->0K(307200K) From: 128K(22528K)->192K(21504K)
[183.963s][info][gc,heap        ] GC(1656) ParOldGen: 114201K(699392K)->114201K(699392K)
[183.963s][info][gc,metaspace   ] GC(1656) Metaspace: 36245K(36544K)->36245K(36544K) NonClass: 32076K(32192K)->32076K(32192K) Class: 4168K(4352K)->4168K(4352K)
[183.963s][info][gc             ] GC(1656) Pause Young (Allocation Failure) 407M->111M(1004M) 0.376ms
[183.963s][info][gc,cpu         ] GC(1656) User=0.00s Sys=0.00s Real=0.00s
[184.011s][info][gc,start       ] GC(1657) Pause Young (Allocation Failure)
[184.011s][info][gc,heap        ] GC(1657) PSYoungGen: 307392K(328704K)->192K(327680K) Eden: 307200K(307200K)->0K(307200K) From: 192K(21504K)->192K(20480K)
[184.011s][info][gc,heap        ] GC(1657) ParOldGen: 114201K(699392K)->114201K(699392K)
[184.011s][info][gc,metaspace   ] GC(1657) Metaspace: 36245K(36544K)->36245K(36544K) NonClass: 32076K(32192K)->32076K(32192K) Class: 4168K(4352K)->4168K(4352K)
[184.011s][info][gc             ] GC(1657) Pause Young (Allocation Failure) 411M->111M(1003M) 0.360ms
[184.011s][info][gc,cpu         ] GC(1657) User=0.00s Sys=0.00s Real=0.00s
[184.058s][info][gc,start       ] GC(1658) Pause Young (Allocation Failure)
[184.058s][info][gc,heap        ] GC(1658) PSYoungGen: 307392K(327680K)->160K(330752K) Eden: 307200K(307200K)->0K(311296K) From: 192K(20480K)->160K(19456K)
[184.058s][info][gc,heap        ] GC(1658) ParOldGen: 114201K(699392K)->114201K(699392K)
[184.058s][info][gc,metaspace   ] GC(1658) Metaspace: 36245K(36544K)->36245K(36544K) NonClass: 32076K(32192K)->32076K(32192K) Class: 4168K(4352K)->4168K(4352K)
[184.058s][info][gc             ] GC(1658) Pause Young (Allocation Failure) 411M->111M(1006M) 0.360ms
[184.058s][info][gc,cpu         ] GC(1658) User=0.00s Sys=0.00s Real=0.00s
[184.116s][info][gc,start       ] GC(1659) Pause Young (Allocation Failure)
[184.116s][info][gc,heap        ] GC(1659) PSYoungGen: 311456K(330752K)->192K(329728K) Eden: 311296K(311296K)->0K(311296K) From: 160K(19456K)->192K(18432K)
[184.116s][info][gc,heap        ] GC(1659) ParOldGen: 114201K(699392K)->114201K(699392K)
[184.116s][info][gc,metaspace   ] GC(1659) Metaspace: 36245K(36544K)->36245K(36544K) NonClass: 32076K(32192K)->32076K(32192K) Class: 4168K(4352K)->4168K(4352K)
[184.116s][info][gc             ] GC(1659) Pause Young (Allocation Failure) 415M->111M(1005M) 0.454ms
[184.116s][info][gc,cpu         ] GC(1659) User=0.00s Sys=0.00s Real=0.00s
[184.177s][info][gc,start       ] GC(1660) Pause Young (Allocation Failure)
[184.178s][info][gc,heap        ] GC(1660) PSYoungGen: 311488K(329728K)->160K(332800K) Eden: 311296K(311296K)->0K(315392K) From: 192K(18432K)->160K(17408K)
[184.178s][info][gc,heap        ] GC(1660) ParOldGen: 114201K(699392K)->114249K(699392K)
[184.178s][info][gc,metaspace   ] GC(1660) Metaspace: 36245K(36544K)->36245K(36544K) NonClass: 32076K(32192K)->32076K(32192K) Class: 4168K(4352K)->4168K(4352K)
[184.178s][info][gc             ] GC(1660) Pause Young (Allocation Failure) 415M->111M(1008M) 0.419ms
[184.178s][info][gc,cpu         ] GC(1660) User=0.00s Sys=0.00s Real=0.00s
[184.237s][info][gc,start       ] GC(1661) Pause Young (Allocation Failure)
[184.238s][info][gc,heap        ] GC(1661) PSYoungGen: 315552K(332800K)->192K(331776K) Eden: 315392K(315392K)->0K(315392K) From: 160K(17408K)->192K(16384K)
[184.238s][info][gc,heap        ] GC(1661) ParOldGen: 114249K(699392K)->114249K(699392K)
[184.238s][info][gc,metaspace   ] GC(1661) Metaspace: 36245K(36544K)->36245K(36544K) NonClass: 32076K(32192K)->32076K(32192K) Class: 4168K(4352K)->4168K(4352K)
[184.238s][info][gc             ] GC(1661) Pause Young (Allocation Failure) 419M->111M(1007M) 0.426ms
[184.238s][info][gc,cpu         ] GC(1661) User=0.00s Sys=0.00s Real=0.00s
[184.299s][info][gc,start       ] GC(1662) Pause Young (Allocation Failure)
[184.299s][info][gc,heap        ] GC(1662) PSYoungGen: 315584K(331776K)->160K(334848K) Eden: 315392K(315392K)->0K(319488K) From: 192K(16384K)->160K(15360K)
[184.299s][info][gc,heap        ] GC(1662) ParOldGen: 114249K(699392K)->114249K(699392K)
[184.299s][info][gc,metaspace   ] GC(1662) Metaspace: 36245K(36544K)->36245K(36544K) NonClass: 32076K(32192K)->32076K(32192K) Class: 4168K(4352K)->4168K(4352K)
[184.299s][info][gc             ] GC(1662) Pause Young (Allocation Failure) 419M->111M(1010M) 0.444ms
[184.299s][info][gc,cpu         ] GC(1662) User=0.00s Sys=0.00s Real=0.00s
[184.363s][info][gc,start       ] GC(1663) Pause Young (Allocation Failure)
[184.363s][info][gc,heap        ] GC(1663) PSYoungGen: 319648K(334848K)->160K(333824K) Eden: 319488K(319488K)->0K(319488K) From: 160K(15360K)->160K(14336K)
[184.363s][info][gc,heap        ] GC(1663) ParOldGen: 114249K(699392K)->114249K(699392K)
[184.363s][info][gc,metaspace   ] GC(1663) Metaspace: 36245K(36544K)->36245K(36544K) NonClass: 32076K(32192K)->32076K(32192K) Class: 4168K(4352K)->4168K(4352K)
[184.363s][info][gc             ] GC(1663) Pause Young (Allocation Failure) 423M->111M(1009M) 0.387ms
[184.363s][info][gc,cpu         ] GC(1663) User=0.00s Sys=0.00s Real=0.00s
[184.425s][info][gc,start       ] GC(1664) Pause Young (Allocation Failure)
[184.426s][info][gc,heap        ] GC(1664) PSYoungGen: 319648K(333824K)->192K(336384K) Eden: 319488K(319488K)->0K(323072K) From: 160K(14336K)->192K(13312K)
[184.426s][info][gc,heap        ] GC(1664) ParOldGen: 114249K(699392K)->114249K(699392K)
[184.426s][info][gc,metaspace   ] GC(1664) Metaspace: 36245K(36544K)->36245K(36544K) NonClass: 32076K(32192K)->32076K(32192K) Class: 4168K(4352K)->4168K(4352K)
[184.426s][info][gc             ] GC(1664) Pause Young (Allocation Failure) 423M->111M(1011M) 0.448ms
[184.426s][info][gc,cpu         ] GC(1664) User=0.00s Sys=0.00s Real=0.00s
[184.486s][info][gc,start       ] GC(1665) Pause Young (Allocation Failure)
[184.486s][info][gc,heap        ] GC(1665) PSYoungGen: 323264K(336384K)->192K(335872K) Eden: 323072K(323072K)->0K(323072K) From: 192K(13312K)->192K(12800K)
[184.486s][info][gc,heap        ] GC(1665) ParOldGen: 114249K(699392K)->114249K(699392K)
[184.486s][info][gc,metaspace   ] GC(1665) Metaspace: 36245K(36544K)->36245K(36544K) NonClass: 32076K(32192K)->32076K(32192K) Class: 4168K(4352K)->4168K(4352K)
[184.486s][info][gc             ] GC(1665) Pause Young (Allocation Failure) 427M->111M(1011M) 0.425ms
[184.486s][info][gc,cpu         ] GC(1665) User=0.00s Sys=0.00s Real=0.00s
[184.547s][info][gc,start       ] GC(1666) Pause Young (Allocation Failure)
[184.548s][info][gc,heap        ] GC(1666) PSYoungGen: 323264K(335872K)->160K(338432K) Eden: 323072K(323072K)->0K(326656K) From: 192K(12800K)->160K(11776K)
[184.548s][info][gc,heap        ] GC(1666) ParOldGen: 114249K(699392K)->114249K(699392K)
[184.548s][info][gc,metaspace   ] GC(1666) Metaspace: 36245K(36544K)->36245K(36544K) NonClass: 32076K(32192K)->32076K(32192K) Class: 4168K(4352K)->4168K(4352K)
[184.548s][info][gc             ] GC(1666) Pause Young (Allocation Failure) 427M->111M(1013M) 0.396ms
[184.548s][info][gc,cpu         ] GC(1666) User=0.00s Sys=0.00s Real=0.00s
[184.610s][info][gc,start       ] GC(1667) Pause Young (Allocation Failure)
[184.610s][info][gc,heap        ] GC(1667) PSYoungGen: 326816K(338432K)->160K(337408K) Eden: 326656K(326656K)->0K(326656K) From: 160K(11776K)->160K(10752K)
[184.610s][info][gc,heap        ] GC(1667) ParOldGen: 114249K(699392K)->114249K(699392K)
[184.611s][info][gc,metaspace   ] GC(1667) Metaspace: 36245K(36544K)->36245K(36544K) NonClass: 32076K(32192K)->32076K(32192K) Class: 4168K(4352K)->4168K(4352K)
[184.611s][info][gc             ] GC(1667) Pause Young (Allocation Failure) 430M->111M(1012M) 0.390ms
[184.611s][info][gc,cpu         ] GC(1667) User=0.00s Sys=0.00s Real=0.00s
[184.674s][info][gc,start       ] GC(1668) Pause Young (Allocation Failure)
[184.674s][info][gc,heap        ] GC(1668) PSYoungGen: 326816K(337408K)->192K(339456K) Eden: 326656K(326656K)->0K(329216K) From: 160K(10752K)->192K(10240K)
[184.674s][info][gc,heap        ] GC(1668) ParOldGen: 114249K(699392K)->114249K(699392K)
[184.674s][info][gc,metaspace   ] GC(1668) Metaspace: 36245K(36544K)->36245K(36544K) NonClass: 32076K(32192K)->32076K(32192K) Class: 4168K(4352K)->4168K(4352K)
[184.674s][info][gc             ] GC(1668) Pause Young (Allocation Failure) 430M->111M(1014M) 0.468ms
[184.674s][info][gc,cpu         ] GC(1668) User=0.00s Sys=0.00s Real=0.00s
[184.737s][info][gc,start       ] GC(1669) Pause Young (Allocation Failure)
[184.737s][info][gc,heap        ] GC(1669) PSYoungGen: 329408K(339456K)->192K(338944K) Eden: 329216K(329216K)->0K(329216K) From: 192K(10240K)->192K(9728K)
[184.737s][info][gc,heap        ] GC(1669) ParOldGen: 114249K(699392K)->114249K(699392K)
[184.737s][info][gc,metaspace   ] GC(1669) Metaspace: 36245K(36544K)->36245K(36544K) NonClass: 32076K(32192K)->32076K(32192K) Class: 4168K(4352K)->4168K(4352K)
[184.737s][info][gc             ] GC(1669) Pause Young (Allocation Failure) 433M->111M(1014M) 0.417ms
[184.737s][info][gc,cpu         ] GC(1669) User=0.00s Sys=0.00s Real=0.00s
[184.800s][info][gc,start       ] GC(1670) Pause Young (Allocation Failure)
[184.801s][info][gc,heap        ] GC(1670) PSYoungGen: 329408K(338944K)->160K(340992K) Eden: 329216K(329216K)->0K(332288K) From: 192K(9728K)->160K(8704K)
[184.801s][info][gc,heap        ] GC(1670) ParOldGen: 114249K(699392K)->114249K(699392K)
[184.801s][info][gc,metaspace   ] GC(1670) Metaspace: 36245K(36544K)->36245K(36544K) NonClass: 32076K(32192K)->32076K(32192K) Class: 4168K(4352K)->4168K(4352K)
[184.801s][info][gc             ] GC(1670) Pause Young (Allocation Failure) 433M->111M(1016M) 0.556ms
[184.801s][info][gc,cpu         ] GC(1670) User=0.00s Sys=0.00s Real=0.00s
[184.864s][info][gc,start       ] GC(1671) Pause Young (Allocation Failure)
[184.864s][info][gc,heap        ] GC(1671) PSYoungGen: 332448K(340992K)->160K(340480K) Eden: 332288K(332288K)->0K(332288K) From: 160K(8704K)->160K(8192K)
[184.864s][info][gc,heap        ] GC(1671) ParOldGen: 114249K(699392K)->114249K(699392K)
[184.864s][info][gc,metaspace   ] GC(1671) Metaspace: 36245K(36544K)->36245K(36544K) NonClass: 32076K(32192K)->32076K(32192K) Class: 4168K(4352K)->4168K(4352K)
[184.864s][info][gc             ] GC(1671) Pause Young (Allocation Failure) 436M->111M(1015M) 0.400ms
[184.864s][info][gc,cpu         ] GC(1671) User=0.00s Sys=0.00s Real=0.00s
[184.926s][info][gc,start       ] GC(1672) Pause Young (Allocation Failure)
[184.927s][info][gc,heap        ] GC(1672) PSYoungGen: 332448K(340480K)->160K(342016K) Eden: 332288K(332288K)->0K(334336K) From: 160K(8192K)->160K(7680K)
[184.927s][info][gc,heap        ] GC(1672) ParOldGen: 114249K(699392K)->114249K(699392K)
[184.927s][info][gc,metaspace   ] GC(1672) Metaspace: 36245K(36544K)->36245K(36544K) NonClass: 32076K(32192K)->32076K(32192K) Class: 4168K(4352K)->4168K(4352K)
[184.927s][info][gc             ] GC(1672) Pause Young (Allocation Failure) 436M->111M(1017M) 0.400ms
[184.927s][info][gc,cpu         ] GC(1672) User=0.00s Sys=0.00s Real=0.00s
[184.991s][info][gc,start       ] GC(1673) Pause Young (Allocation Failure)
[184.991s][info][gc,heap        ] GC(1673) PSYoungGen: 334496K(342016K)->192K(341504K) Eden: 334336K(334336K)->0K(334336K) From: 160K(7680K)->192K(7168K)
[184.991s][info][gc,heap        ] GC(1673) ParOldGen: 114249K(699392K)->114249K(699392K)
[184.991s][info][gc,metaspace   ] GC(1673) Metaspace: 36245K(36544K)->36245K(36544K) NonClass: 32076K(32192K)->32076K(32192K) Class: 4168K(4352K)->4168K(4352K)
[184.991s][info][gc             ] GC(1673) Pause Young (Allocation Failure) 438M->111M(1016M) 0.426ms
[184.991s][info][gc,cpu         ] GC(1673) User=0.00s Sys=0.00s Real=0.00s
[185.054s][info][gc,start       ] GC(1674) Pause Young (Allocation Failure)
[185.055s][info][gc,heap        ] GC(1674) PSYoungGen: 334528K(341504K)->160K(343040K) Eden: 334336K(334336K)->0K(336384K) From: 192K(7168K)->160K(6656K)
[185.055s][info][gc,heap        ] GC(1674) ParOldGen: 114249K(699392K)->114249K(699392K)
[185.055s][info][gc,metaspace   ] GC(1674) Metaspace: 36245K(36544K)->36245K(36544K) NonClass: 32076K(32192K)->32076K(32192K) Class: 4168K(4352K)->4168K(4352K)
[185.055s][info][gc             ] GC(1674) Pause Young (Allocation Failure) 438M->111M(1018M) 0.421ms
[185.055s][info][gc,cpu         ] GC(1674) User=0.00s Sys=0.00s Real=0.00s
[185.119s][info][gc,start       ] GC(1675) Pause Young (Allocation Failure)
[185.119s][info][gc,heap        ] GC(1675) PSYoungGen: 336544K(343040K)->160K(342528K) Eden: 336384K(336384K)->0K(336384K) From: 160K(6656K)->160K(6144K)
[185.119s][info][gc,heap        ] GC(1675) ParOldGen: 114249K(699392K)->114249K(699392K)
[185.119s][info][gc,metaspace   ] GC(1675) Metaspace: 36245K(36544K)->36245K(36544K) NonClass: 32076K(32192K)->32076K(32192K) Class: 4168K(4352K)->4168K(4352K)
[185.119s][info][gc             ] GC(1675) Pause Young (Allocation Failure) 440M->111M(1017M) 0.425ms
[185.119s][info][gc,cpu         ] GC(1675) User=0.00s Sys=0.00s Real=0.00s
[185.183s][info][gc,start       ] GC(1676) Pause Young (Allocation Failure)
[185.183s][info][gc,heap        ] GC(1676) PSYoungGen: 336544K(342528K)->160K(343552K) Eden: 336384K(336384K)->0K(337920K) From: 160K(6144K)->160K(5632K)
[185.183s][info][gc,heap        ] GC(1676) ParOldGen: 114249K(699392K)->114249K(699392K)
[185.183s][info][gc,metaspace   ] GC(1676) Metaspace: 36245K(36544K)->36245K(36544K) NonClass: 32076K(32192K)->32076K(32192K) Class: 4168K(4352K)->4168K(4352K)
[185.183s][info][gc             ] GC(1676) Pause Young (Allocation Failure) 440M->111M(1018M) 0.361ms
[185.183s][info][gc,cpu         ] GC(1676) User=0.00s Sys=0.00s Real=0.00s
[185.247s][info][gc,start       ] GC(1677) Pause Young (Allocation Failure)
[185.248s][info][gc,heap        ] GC(1677) PSYoungGen: 338080K(343552K)->192K(343552K) Eden: 337920K(337920K)->0K(337920K) From: 160K(5632K)->192K(5632K)
[185.248s][info][gc,heap        ] GC(1677) ParOldGen: 114249K(699392K)->114249K(699392K)
[185.248s][info][gc,metaspace   ] GC(1677) Metaspace: 36245K(36544K)->36245K(36544K) NonClass: 32076K(32192K)->32076K(32192K) Class: 4168K(4352K)->4168K(4352K)
[185.248s][info][gc             ] GC(1677) Pause Young (Allocation Failure) 441M->111M(1018M) 0.386ms
[185.248s][info][gc,cpu         ] GC(1677) User=0.00s Sys=0.00s Real=0.00s
[185.311s][info][gc,start       ] GC(1678) Pause Young (Allocation Failure)
[185.312s][info][gc,heap        ] GC(1678) PSYoungGen: 338112K(343552K)->192K(344576K) Eden: 337920K(337920K)->0K(339456K) From: 192K(5632K)->192K(5120K)
[185.312s][info][gc,heap        ] GC(1678) ParOldGen: 114249K(699392K)->114249K(699392K)
[185.312s][info][gc,metaspace   ] GC(1678) Metaspace: 36245K(36544K)->36245K(36544K) NonClass: 32076K(32192K)->32076K(32192K) Class: 4168K(4352K)->4168K(4352K)
[185.312s][info][gc             ] GC(1678) Pause Young (Allocation Failure) 441M->111M(1019M) 0.483ms
[185.312s][info][gc,cpu         ] GC(1678) User=0.00s Sys=0.00s Real=0.00s
[185.377s][info][gc,start       ] GC(1679) Pause Young (Allocation Failure)
[185.377s][info][gc,heap        ] GC(1679) PSYoungGen: 339648K(344576K)->192K(344064K) Eden: 339456K(339456K)->0K(339456K) From: 192K(5120K)->192K(4608K)
[185.377s][info][gc,heap        ] GC(1679) ParOldGen: 114249K(699392K)->114249K(699392K)
[185.377s][info][gc,metaspace   ] GC(1679) Metaspace: 36245K(36544K)->36245K(36544K) NonClass: 32076K(32192K)->32076K(32192K) Class: 4168K(4352K)->4168K(4352K)
[185.377s][info][gc             ] GC(1679) Pause Young (Allocation Failure) 443M->111M(1019M) 0.444ms
[185.377s][info][gc,cpu         ] GC(1679) User=0.00s Sys=0.00s Real=0.00s
[185.442s][info][gc,start       ] GC(1680) Pause Young (Allocation Failure)
[185.443s][info][gc,heap        ] GC(1680) PSYoungGen: 339648K(344064K)->192K(345088K) Eden: 339456K(339456K)->0K(340992K) From: 192K(4608K)->192K(4096K)
[185.443s][info][gc,heap        ] GC(1680) ParOldGen: 114249K(699392K)->114249K(699392K)
[185.443s][info][gc,metaspace   ] GC(1680) Metaspace: 36245K(36544K)->36245K(36544K) NonClass: 32076K(32192K)->32076K(32192K) Class: 4168K(4352K)->4168K(4352K)
[185.443s][info][gc             ] GC(1680) Pause Young (Allocation Failure) 443M->111M(1020M) 0.444ms
[185.443s][info][gc,cpu         ] GC(1680) User=0.00s Sys=0.00s Real=0.00s
[185.508s][info][gc,start       ] GC(1681) Pause Young (Allocation Failure)
[185.509s][info][gc,heap        ] GC(1681) PSYoungGen: 341184K(345088K)->192K(345088K) Eden: 340992K(340992K)->0K(340992K) From: 192K(4096K)->192K(4096K)
[185.509s][info][gc,heap        ] GC(1681) ParOldGen: 114249K(699392K)->114249K(699392K)
[185.509s][info][gc,metaspace   ] GC(1681) Metaspace: 36245K(36544K)->36245K(36544K) NonClass: 32076K(32192K)->32076K(32192K) Class: 4168K(4352K)->4168K(4352K)
[185.509s][info][gc             ] GC(1681) Pause Young (Allocation Failure) 444M->111M(1020M) 0.456ms
[185.509s][info][gc,cpu         ] GC(1681) User=0.00s Sys=0.00s Real=0.00s
[185.574s][info][gc,start       ] GC(1682) Pause Young (Allocation Failure)
[185.575s][info][gc,heap        ] GC(1682) PSYoungGen: 341184K(345088K)->160K(345600K) Eden: 340992K(340992K)->0K(342016K) From: 192K(4096K)->160K(3584K)
[185.575s][info][gc,heap        ] GC(1682) ParOldGen: 114249K(699392K)->114249K(699392K)
[185.575s][info][gc,metaspace   ] GC(1682) Metaspace: 36245K(36544K)->36245K(36544K) NonClass: 32076K(32192K)->32076K(32192K) Class: 4168K(4352K)->4168K(4352K)
[185.575s][info][gc             ] GC(1682) Pause Young (Allocation Failure) 444M->111M(1020M) 0.424ms
[185.575s][info][gc,cpu         ] GC(1682) User=0.00s Sys=0.00s Real=0.00s
[185.640s][info][gc,start       ] GC(1683) Pause Young (Allocation Failure)
[185.640s][info][gc,heap        ] GC(1683) PSYoungGen: 342176K(345600K)->160K(345600K) Eden: 342016K(342016K)->0K(342016K) From: 160K(3584K)->160K(3584K)
[185.640s][info][gc,heap        ] GC(1683) ParOldGen: 114249K(699392K)->114249K(699392K)
[185.640s][info][gc,metaspace   ] GC(1683) Metaspace: 36245K(36544K)->36245K(36544K) NonClass: 32076K(32192K)->32076K(32192K) Class: 4168K(4352K)->4168K(4352K)
[185.640s][info][gc             ] GC(1683) Pause Young (Allocation Failure) 445M->111M(1020M) 0.389ms
[185.640s][info][gc,cpu         ] GC(1683) User=0.06s Sys=0.00s Real=0.00s
[185.706s][info][gc,start       ] GC(1684) Pause Young (Allocation Failure)
[185.707s][info][gc,heap        ] GC(1684) PSYoungGen: 342176K(345600K)->160K(346112K) Eden: 342016K(342016K)->0K(343040K) From: 160K(3584K)->160K(3072K)
[185.707s][info][gc,heap        ] GC(1684) ParOldGen: 114249K(699392K)->114249K(699392K)
[185.707s][info][gc,metaspace   ] GC(1684) Metaspace: 36245K(36544K)->36245K(36544K) NonClass: 32076K(32192K)->32076K(32192K) Class: 4168K(4352K)->4168K(4352K)
[185.707s][info][gc             ] GC(1684) Pause Young (Allocation Failure) 445M->111M(1021M) 0.382ms
[185.707s][info][gc,cpu         ] GC(1684) User=0.00s Sys=0.00s Real=0.00s
[185.773s][info][gc,start       ] GC(1685) Pause Young (Allocation Failure)
[185.773s][info][gc,heap        ] GC(1685) PSYoungGen: 343200K(346112K)->192K(346112K) Eden: 343040K(343040K)->0K(343040K) From: 160K(3072K)->192K(3072K)
[185.773s][info][gc,heap        ] GC(1685) ParOldGen: 114249K(699392K)->114249K(699392K)
[185.773s][info][gc,metaspace   ] GC(1685) Metaspace: 36245K(36544K)->36245K(36544K) NonClass: 32076K(32192K)->32076K(32192K) Class: 4168K(4352K)->4168K(4352K)
[185.773s][info][gc             ] GC(1685) Pause Young (Allocation Failure) 446M->111M(1021M) 0.411ms
[185.773s][info][gc,cpu         ] GC(1685) User=0.00s Sys=0.00s Real=0.00s
[185.850s][info][gc,start       ] GC(1686) Pause Young (Allocation Failure)
[185.851s][info][gc,heap        ] GC(1686) PSYoungGen: 343232K(346112K)->192K(346624K) Eden: 343040K(343040K)->0K(344064K) From: 192K(3072K)->192K(2560K)
[185.851s][info][gc,heap        ] GC(1686) ParOldGen: 114249K(699392K)->114249K(699392K)
[185.851s][info][gc,metaspace   ] GC(1686) Metaspace: 36245K(36544K)->36245K(36544K) NonClass: 32076K(32192K)->32076K(32192K) Class: 4168K(4352K)->4168K(4352K)
[185.851s][info][gc             ] GC(1686) Pause Young (Allocation Failure) 446M->111M(1021M) 0.394ms
[185.851s][info][gc,cpu         ] GC(1686) User=0.00s Sys=0.00s Real=0.00s
[186.107s][info][gc,start       ] GC(1687) Pause Young (Allocation Failure)
[186.114s][info][gc,heap        ] GC(1687) PSYoungGen: 344256K(346624K)->2560K(346624K) Eden: 344064K(344064K)->0K(344064K) From: 192K(2560K)->2560K(2560K)
[186.114s][info][gc,heap        ] GC(1687) ParOldGen: 114249K(699392K)->135514K(699392K)
[186.114s][info][gc,metaspace   ] GC(1687) Metaspace: 36245K(36544K)->36245K(36544K) NonClass: 32076K(32192K)->32076K(32192K) Class: 4168K(4352K)->4168K(4352K)
[186.114s][info][gc             ] GC(1687) Pause Young (Allocation Failure) 447M->134M(1021M) 7.464ms
[186.114s][info][gc,cpu         ] GC(1687) User=0.09s Sys=0.00s Real=0.01s
[186.422s][info][gc,start       ] GC(1688) Pause Young (Allocation Failure)
[186.439s][info][gc,heap        ] GC(1688) PSYoungGen: 340948K(346624K)->2542K(291328K) Eden: 338388K(344064K)->0K(288768K) From: 2560K(2560K)->2542K(2560K)
[186.439s][info][gc,heap        ] GC(1688) ParOldGen: 135514K(699392K)->189003K(699392K)
[186.439s][info][gc,metaspace   ] GC(1688) Metaspace: 36245K(36544K)->36245K(36544K) NonClass: 32076K(32192K)->32076K(32192K) Class: 4168K(4352K)->4168K(4352K)
[186.439s][info][gc             ] GC(1688) Pause Young (Allocation Failure) 465M->187M(967M) 16.672ms
[186.439s][info][gc,cpu         ] GC(1688) User=0.09s Sys=0.00s Real=0.01s
[186.709s][info][gc,start       ] GC(1689) Pause Young (Allocation Failure)
[186.717s][info][gc,heap        ] GC(1689) PSYoungGen: 291310K(291328K)->18547K(307712K) Eden: 288768K(288768K)->0K(288768K) From: 2542K(2560K)->18547K(18944K)
[186.717s][info][gc,heap        ] GC(1689) ParOldGen: 189003K(699392K)->191011K(699392K)
[186.717s][info][gc,metaspace   ] GC(1689) Metaspace: 36245K(36544K)->36245K(36544K) NonClass: 32076K(32192K)->32076K(32192K) Class: 4168K(4352K)->4168K(4352K)
[186.717s][info][gc             ] GC(1689) Pause Young (Allocation Failure) 469M->204M(983M) 7.942ms
[186.717s][info][gc,cpu         ] GC(1689) User=0.00s Sys=0.00s Real=0.01s
[186.986s][info][gc,start       ] GC(1690) Pause Young (Allocation Failure)
[186.993s][info][gc,heap        ] GC(1690) PSYoungGen: 306962K(307712K)->14219K(317952K) Eden: 288414K(288768K)->0K(286208K) From: 18547K(18944K)->14219K(31744K)
[186.993s][info][gc,heap        ] GC(1690) ParOldGen: 191011K(699392K)->200016K(699392K)
[186.993s][info][gc,metaspace   ] GC(1690) Metaspace: 36245K(36544K)->36245K(36544K) NonClass: 32076K(32192K)->32076K(32192K) Class: 4168K(4352K)->4168K(4352K)
[186.993s][info][gc             ] GC(1690) Pause Young (Allocation Failure) 486M->209M(993M) 7.070ms
[186.993s][info][gc,cpu         ] GC(1690) User=0.00s Sys=0.00s Real=0.01s
[187.243s][info][gc,start       ] GC(1691) Pause Young (Allocation Failure)
[187.250s][info][gc,heap        ] GC(1691) PSYoungGen: 295854K(317952K)->20661K(307200K) Eden: 281634K(286208K)->0K(286208K) From: 14219K(31744K)->20661K(20992K)
[187.250s][info][gc,heap        ] GC(1691) ParOldGen: 200016K(699392K)->202394K(699392K)
[187.250s][info][gc,metaspace   ] GC(1691) Metaspace: 36245K(36544K)->36245K(36544K) NonClass: 32076K(32192K)->32076K(32192K) Class: 4168K(4352K)->4168K(4352K)
[187.250s][info][gc             ] GC(1691) Pause Young (Allocation Failure) 484M->217M(983M) 6.957ms
[187.250s][info][gc,cpu         ] GC(1691) User=0.00s Sys=0.00s Real=0.01s
[187.520s][info][gc,start       ] GC(1692) Pause Young (Allocation Failure)
[187.526s][info][gc,heap        ] GC(1692) PSYoungGen: 306869K(307200K)->13537K(316928K) Eden: 286208K(286208K)->0K(283648K) From: 20661K(20992K)->13537K(33280K)
[187.526s][info][gc,heap        ] GC(1692) ParOldGen: 202394K(699392K)->203547K(699392K)
[187.526s][info][gc,metaspace   ] GC(1692) Metaspace: 36245K(36544K)->36245K(36544K) NonClass: 32076K(32192K)->32076K(32192K) Class: 4168K(4352K)->4168K(4352K)
[187.526s][info][gc             ] GC(1692) Pause Young (Allocation Failure) 497M->211M(992M) 5.956ms
[187.526s][info][gc,cpu         ] GC(1692) User=0.00s Sys=0.00s Real=0.02s
[187.770s][info][gc,start       ] GC(1693) Pause Young (Allocation Failure)
[187.776s][info][gc,heap        ] GC(1693) PSYoungGen: 297185K(316928K)->11574K(315904K) Eden: 283648K(283648K)->0K(283648K) From: 13537K(33280K)->11574K(32256K)
[187.776s][info][gc,heap        ] GC(1693) ParOldGen: 203547K(699392K)->204847K(699392K)
[187.776s][info][gc,metaspace   ] GC(1693) Metaspace: 36245K(36544K)->36245K(36544K) NonClass: 32076K(32192K)->32076K(32192K) Class: 4168K(4352K)->4168K(4352K)
[187.776s][info][gc             ] GC(1693) Pause Young (Allocation Failure) 488M->211M(991M) 5.837ms
[187.776s][info][gc,cpu         ] GC(1693) User=0.00s Sys=0.00s Real=0.01s
[188.018s][info][gc,start       ] GC(1694) Pause Young (Allocation Failure)
[188.024s][info][gc,heap        ] GC(1694) PSYoungGen: 294902K(315904K)->14181K(319488K) Eden: 283328K(283648K)->0K(289280K) From: 11574K(32256K)->14181K(30208K)
[188.024s][info][gc,heap        ] GC(1694) ParOldGen: 204847K(699392K)->205661K(699392K)
[188.024s][info][gc,metaspace   ] GC(1694) Metaspace: 36245K(36544K)->36245K(36544K) NonClass: 32076K(32192K)->32076K(32192K) Class: 4168K(4352K)->4168K(4352K)
[188.024s][info][gc             ] GC(1694) Pause Young (Allocation Failure) 488M->214M(995M) 5.998ms
[188.024s][info][gc,cpu         ] GC(1694) User=0.00s Sys=0.00s Real=0.01s
[188.274s][info][gc,start       ] GC(1695) Pause Young (Allocation Failure)
[188.280s][info][gc,heap        ] GC(1695) PSYoungGen: 303461K(319488K)->14468K(318976K) Eden: 289280K(289280K)->0K(289280K) From: 14181K(30208K)->14468K(29696K)
[188.280s][info][gc,heap        ] GC(1695) ParOldGen: 205661K(699392K)->206058K(699392K)
[188.280s][info][gc,metaspace   ] GC(1695) Metaspace: 36245K(36544K)->36245K(36544K) NonClass: 32076K(32192K)->32076K(32192K) Class: 4168K(4352K)->4168K(4352K)
[188.280s][info][gc             ] GC(1695) Pause Young (Allocation Failure) 497M->215M(994M) 5.762ms
[188.280s][info][gc,cpu         ] GC(1695) User=0.00s Sys=0.00s Real=0.00s
[188.537s][info][gc,start       ] GC(1696) Pause Young (Allocation Failure)
[188.543s][info][gc,heap        ] GC(1696) PSYoungGen: 303748K(318976K)->12925K(321536K) Eden: 289280K(289280K)->0K(292864K) From: 14468K(29696K)->12925K(28672K)
[188.543s][info][gc,heap        ] GC(1696) ParOldGen: 206058K(699392K)->206520K(699392K)
[188.543s][info][gc,metaspace   ] GC(1696) Metaspace: 36245K(36544K)->36245K(36544K) NonClass: 32076K(32192K)->32076K(32192K) Class: 4168K(4352K)->4168K(4352K)
[188.543s][info][gc             ] GC(1696) Pause Young (Allocation Failure) 497M->214M(997M) 5.978ms
[188.543s][info][gc,cpu         ] GC(1696) User=0.00s Sys=0.00s Real=0.00s
[188.793s][info][gc,start       ] GC(1697) Pause Young (Allocation Failure)
[188.800s][info][gc,heap        ] GC(1697) PSYoungGen: 305327K(321536K)->12494K(320512K) Eden: 292402K(292864K)->0K(292864K) From: 12925K(28672K)->12494K(27648K)
[188.800s][info][gc,heap        ] GC(1697) ParOldGen: 206520K(699392K)->208451K(699392K)
[188.800s][info][gc,metaspace   ] GC(1697) Metaspace: 36245K(36544K)->36245K(36544K) NonClass: 32076K(32192K)->32076K(32192K) Class: 4168K(4352K)->4168K(4352K)
[188.800s][info][gc             ] GC(1697) Pause Young (Allocation Failure) 499M->215M(996M) 6.802ms
[188.800s][info][gc,cpu         ] GC(1697) User=0.08s Sys=0.00s Real=0.00s
[189.059s][info][gc,start       ] GC(1698) Pause Young (Allocation Failure)
[189.064s][info][gc,heap        ] GC(1698) PSYoungGen: 305358K(320512K)->10900K(324096K) Eden: 292864K(292864K)->0K(297472K) From: 12494K(27648K)->10900K(26624K)
[189.064s][info][gc,heap        ] GC(1698) ParOldGen: 208451K(699392K)->209944K(699392K)
[189.064s][info][gc,metaspace   ] GC(1698) Metaspace: 36245K(36544K)->36245K(36544K) NonClass: 32076K(32192K)->32076K(32192K) Class: 4168K(4352K)->4168K(4352K)
[189.064s][info][gc             ] GC(1698) Pause Young (Allocation Failure) 501M->215M(999M) 5.447ms
[189.064s][info][gc,cpu         ] GC(1698) User=0.09s Sys=0.00s Real=0.01s
[189.320s][info][gc,start       ] GC(1699) Pause Young (Allocation Failure)
[189.326s][info][gc,heap        ] GC(1699) PSYoungGen: 308372K(324096K)->15173K(322560K) Eden: 297472K(297472K)->0K(297472K) From: 10900K(26624K)->15173K(25088K)
[189.326s][info][gc,heap        ] GC(1699) ParOldGen: 209944K(699392K)->210748K(699392K)
[189.326s][info][gc,metaspace   ] GC(1699) Metaspace: 36245K(36544K)->36245K(36544K) NonClass: 32076K(32192K)->32076K(32192K) Class: 4168K(4352K)->4168K(4352K)
[189.326s][info][gc             ] GC(1699) Pause Young (Allocation Failure) 506M->220M(998M) 6.039ms
[189.326s][info][gc,cpu         ] GC(1699) User=0.00s Sys=0.00s Real=0.01s
[189.578s][info][gc,start       ] GC(1700) Pause Young (Allocation Failure)
[189.585s][info][gc,heap        ] GC(1700) PSYoungGen: 310863K(322560K)->21552K(320000K) Eden: 295690K(297472K)->0K(294912K) From: 15173K(25088K)->21552K(25088K)
[189.585s][info][gc,heap        ] GC(1700) ParOldGen: 210748K(699392K)->212057K(699392K)
[189.585s][info][gc,metaspace   ] GC(1700) Metaspace: 36245K(36544K)->36245K(36544K) NonClass: 32076K(32192K)->32076K(32192K) Class: 4168K(4352K)->4168K(4352K)
[189.585s][info][gc             ] GC(1700) Pause Young (Allocation Failure) 509M->228M(995M) 7.167ms
[189.585s][info][gc,cpu         ] GC(1700) User=0.09s Sys=0.00s Real=0.01s
[189.796s][info][gc,start       ] GC(1701) Pause Young (System.gc())
[189.802s][info][gc,heap        ] GC(1701) PSYoungGen: 259943K(320000K)->9259K(322048K) Eden: 238390K(294912K)->0K(294912K) From: 21552K(25088K)->9259K(27136K)
[189.802s][info][gc,heap        ] GC(1701) ParOldGen: 212057K(699392K)->214546K(699392K)
[189.802s][info][gc,metaspace   ] GC(1701) Metaspace: 36245K(36544K)->36245K(36544K) NonClass: 32076K(32192K)->32076K(32192K) Class: 4168K(4352K)->4168K(4352K)
[189.802s][info][gc             ] GC(1701) Pause Young (System.gc()) 460M->218M(997M) 5.473ms
[189.802s][info][gc,cpu         ] GC(1701) User=0.08s Sys=0.00s Real=0.02s
[189.802s][info][gc,start       ] GC(1702) Pause Full (System.gc())
[189.802s][info][gc,phases,start] GC(1702) Marking Phase
[189.819s][info][gc,phases      ] GC(1702) Marking Phase 17.041ms
[189.819s][info][gc,phases,start] GC(1702) Summary Phase
[189.819s][info][gc,phases      ] GC(1702) Summary Phase 0.012ms
[189.819s][info][gc,phases,start] GC(1702) Adjust Roots
[189.822s][info][gc,phases      ] GC(1702) Adjust Roots 3.484ms
[189.822s][info][gc,phases,start] GC(1702) Compaction Phase
[189.831s][info][gc,phases      ] GC(1702) Compaction Phase 8.183ms
[189.831s][info][gc,phases,start] GC(1702) Post Compact
[189.832s][info][gc,phases      ] GC(1702) Post Compact 0.888ms
[189.832s][info][gc,heap        ] GC(1702) PSYoungGen: 9259K(322048K)->0K(322048K) Eden: 0K(294912K)->0K(294912K) From: 9259K(27136K)->0K(27136K)
[189.832s][info][gc,heap        ] GC(1702) ParOldGen: 214546K(699392K)->115146K(699392K)
[189.832s][info][gc,metaspace   ] GC(1702) Metaspace: 36245K(36544K)->36245K(36544K) NonClass: 32076K(32192K)->32076K(32192K) Class: 4168K(4352K)->4168K(4352K)
[189.832s][info][gc             ] GC(1702) Pause Full (System.gc()) 218M->112M(997M) 29.907ms
[189.832s][info][gc,cpu         ] GC(1702) User=0.19s Sys=0.00s Real=0.03s
[189.881s][info][gc,start       ] GC(1703) Pause Young (Allocation Failure)
[189.881s][info][gc,heap        ] GC(1703) PSYoungGen: 294912K(322048K)->192K(321536K) Eden: 294912K(294912K)->0K(294912K) From: 0K(27136K)->192K(26624K)
[189.881s][info][gc,heap        ] GC(1703) ParOldGen: 115146K(699392K)->115146K(699392K)
[189.881s][info][gc,metaspace   ] GC(1703) Metaspace: 36245K(36544K)->36245K(36544K) NonClass: 32076K(32192K)->32076K(32192K) Class: 4168K(4352K)->4168K(4352K)
[189.881s][info][gc             ] GC(1703) Pause Young (Allocation Failure) 400M->112M(997M) 0.364ms
[189.881s][info][gc,cpu         ] GC(1703) User=0.00s Sys=0.00s Real=0.00s
[189.925s][info][gc,start       ] GC(1704) Pause Young (Allocation Failure)
[189.925s][info][gc,heap        ] GC(1704) PSYoungGen: 295104K(321536K)->160K(295424K) Eden: 294912K(294912K)->0K(294912K) From: 192K(26624K)->160K(512K)
[189.925s][info][gc,heap        ] GC(1704) ParOldGen: 115146K(699392K)->115194K(699392K)
[189.925s][info][gc,metaspace   ] GC(1704) Metaspace: 36245K(36544K)->36245K(36544K) NonClass: 32076K(32192K)->32076K(32192K) Class: 4168K(4352K)->4168K(4352K)
[189.925s][info][gc             ] GC(1704) Pause Young (Allocation Failure) 400M->112M(971M) 0.398ms
[189.925s][info][gc,cpu         ] GC(1704) User=0.00s Sys=0.00s Real=0.00s
[189.970s][info][gc,start       ] GC(1705) Pause Young (Allocation Failure)
[189.971s][info][gc,heap        ] GC(1705) PSYoungGen: 295072K(295424K)->192K(321536K) Eden: 294912K(294912K)->0K(293888K) From: 160K(512K)->192K(27648K)
[189.971s][info][gc,heap        ] GC(1705) ParOldGen: 115194K(699392K)->115194K(699392K)
[189.971s][info][gc,metaspace   ] GC(1705) Metaspace: 36245K(36544K)->36245K(36544K) NonClass: 32076K(32192K)->32076K(32192K) Class: 4168K(4352K)->4168K(4352K)
[189.971s][info][gc             ] GC(1705) Pause Young (Allocation Failure) 400M->112M(997M) 0.381ms
[189.971s][info][gc,cpu         ] GC(1705) User=0.00s Sys=0.00s Real=0.00s
[190.015s][info][gc,start       ] GC(1706) Pause Young (Allocation Failure)
[190.016s][info][gc,heap        ] GC(1706) PSYoungGen: 294080K(321536K)->160K(321536K) Eden: 293888K(293888K)->0K(293888K) From: 192K(27648K)->160K(27648K)
[190.016s][info][gc,heap        ] GC(1706) ParOldGen: 115194K(699392K)->115194K(699392K)
[190.016s][info][gc,metaspace   ] GC(1706) Metaspace: 36245K(36544K)->36245K(36544K) NonClass: 32076K(32192K)->32076K(32192K) Class: 4168K(4352K)->4168K(4352K)
[190.016s][info][gc             ] GC(1706) Pause Young (Allocation Failure) 399M->112M(997M) 0.375ms
[190.016s][info][gc,cpu         ] GC(1706) User=0.09s Sys=0.00s Real=0.00s
[190.060s][info][gc,start       ] GC(1707) Pause Young (Allocation Failure)
[190.060s][info][gc,heap        ] GC(1707) PSYoungGen: 294048K(321536K)->192K(322048K) Eden: 293888K(293888K)->0K(294400K) From: 160K(27648K)->192K(27648K)
[190.060s][info][gc,heap        ] GC(1707) ParOldGen: 115194K(699392K)->115194K(699392K)
[190.060s][info][gc,metaspace   ] GC(1707) Metaspace: 36245K(36544K)->36245K(36544K) NonClass: 32076K(32192K)->32076K(32192K) Class: 4168K(4352K)->4168K(4352K)
[190.060s][info][gc             ] GC(1707) Pause Young (Allocation Failure) 399M->112M(997M) 0.368ms
[190.060s][info][gc,cpu         ] GC(1707) User=0.00s Sys=0.00s Real=0.00s
[190.104s][info][gc,start       ] GC(1708) Pause Young (Allocation Failure)
[190.105s][info][gc,heap        ] GC(1708) PSYoungGen: 294592K(322048K)->192K(321536K) Eden: 294400K(294400K)->0K(294400K) From: 192K(27648K)->192K(27136K)
[190.105s][info][gc,heap        ] GC(1708) ParOldGen: 115194K(699392K)->115194K(699392K)
[190.105s][info][gc,metaspace   ] GC(1708) Metaspace: 36245K(36544K)->36245K(36544K) NonClass: 32076K(32192K)->32076K(32192K) Class: 4168K(4352K)->4168K(4352K)
[190.105s][info][gc             ] GC(1708) Pause Young (Allocation Failure) 400M->112M(997M) 0.356ms
[190.105s][info][gc,cpu         ] GC(1708) User=0.00s Sys=0.00s Real=0.00s
[190.149s][info][gc,start       ] GC(1709) Pause Young (Allocation Failure)
[190.150s][info][gc,heap        ] GC(1709) PSYoungGen: 294592K(321536K)->192K(323584K) Eden: 294400K(294400K)->0K(297472K) From: 192K(27136K)->192K(26112K)
[190.150s][info][gc,heap        ] GC(1709) ParOldGen: 115194K(699392K)->115194K(699392K)
[190.150s][info][gc,metaspace   ] GC(1709) Metaspace: 36245K(36544K)->36245K(36544K) NonClass: 32076K(32192K)->32076K(32192K) Class: 4168K(4352K)->4168K(4352K)
[190.150s][info][gc             ] GC(1709) Pause Young (Allocation Failure) 400M->112M(999M) 0.418ms
[190.150s][info][gc,cpu         ] GC(1709) User=0.00s Sys=0.00s Real=0.00s
[190.195s][info][gc,start       ] GC(1710) Pause Young (Allocation Failure)
[190.196s][info][gc,heap        ] GC(1710) PSYoungGen: 297664K(323584K)->192K(323072K) Eden: 297472K(297472K)->0K(297472K) From: 192K(26112K)->192K(25600K)
[190.196s][info][gc,heap        ] GC(1710) ParOldGen: 115194K(699392K)->115194K(699392K)
[190.196s][info][gc,metaspace   ] GC(1710) Metaspace: 36245K(36544K)->36245K(36544K) NonClass: 32076K(32192K)->32076K(32192K) Class: 4168K(4352K)->4168K(4352K)
[190.196s][info][gc             ] GC(1710) Pause Young (Allocation Failure) 403M->112M(998M) 0.398ms
[190.196s][info][gc,cpu         ] GC(1710) User=0.00s Sys=0.00s Real=0.00s
[190.240s][info][gc,start       ] GC(1711) Pause Young (Allocation Failure)
[190.241s][info][gc,heap        ] GC(1711) PSYoungGen: 297664K(323072K)->160K(325632K) Eden: 297472K(297472K)->0K(301056K) From: 192K(25600K)->160K(24576K)
[190.241s][info][gc,heap        ] GC(1711) ParOldGen: 115194K(699392K)->115194K(699392K)
[190.241s][info][gc,metaspace   ] GC(1711) Metaspace: 36245K(36544K)->36245K(36544K) NonClass: 32076K(32192K)->32076K(32192K) Class: 4168K(4352K)->4168K(4352K)
[190.241s][info][gc             ] GC(1711) Pause Young (Allocation Failure) 403M->112M(1001M) 0.429ms
[190.241s][info][gc,cpu         ] GC(1711) User=0.00s Sys=0.00s Real=0.00s
[190.286s][info][gc,start       ] GC(1712) Pause Young (Allocation Failure)
[190.287s][info][gc,heap        ] GC(1712) PSYoungGen: 301216K(325632K)->192K(324608K) Eden: 301056K(301056K)->0K(301056K) From: 160K(24576K)->192K(23552K)
[190.287s][info][gc,heap        ] GC(1712) ParOldGen: 115194K(699392K)->115194K(699392K)
[190.287s][info][gc,metaspace   ] GC(1712) Metaspace: 36245K(36544K)->36245K(36544K) NonClass: 32076K(32192K)->32076K(32192K) Class: 4168K(4352K)->4168K(4352K)
[190.287s][info][gc             ] GC(1712) Pause Young (Allocation Failure) 406M->112M(1000M) 0.379ms
[190.287s][info][gc,cpu         ] GC(1712) User=0.00s Sys=0.00s Real=0.00s
[190.332s][info][gc,start       ] GC(1713) Pause Young (Allocation Failure)
[190.332s][info][gc,heap        ] GC(1713) PSYoungGen: 301248K(324608K)->160K(327680K) Eden: 301056K(301056K)->0K(305152K) From: 192K(23552K)->160K(22528K)
[190.332s][info][gc,heap        ] GC(1713) ParOldGen: 115194K(699392K)->115194K(699392K)
[190.332s][info][gc,metaspace   ] GC(1713) Metaspace: 36245K(36544K)->36245K(36544K) NonClass: 32076K(32192K)->32076K(32192K) Class: 4168K(4352K)->4168K(4352K)
[190.332s][info][gc             ] GC(1713) Pause Young (Allocation Failure) 406M->112M(1003M) 0.343ms
[190.332s][info][gc,cpu         ] GC(1713) User=0.00s Sys=0.00s Real=0.00s
[190.378s][info][gc,start       ] GC(1714) Pause Young (Allocation Failure)
[190.379s][info][gc,heap        ] GC(1714) PSYoungGen: 305312K(327680K)->192K(326656K) Eden: 305152K(305152K)->0K(305152K) From: 160K(22528K)->192K(21504K)
[190.379s][info][gc,heap        ] GC(1714) ParOldGen: 115194K(699392K)->115194K(699392K)
[190.379s][info][gc,metaspace   ] GC(1714) Metaspace: 36245K(36544K)->36245K(36544K) NonClass: 32076K(32192K)->32076K(32192K) Class: 4168K(4352K)->4168K(4352K)
[190.379s][info][gc             ] GC(1714) Pause Young (Allocation Failure) 410M->112M(1002M) 0.374ms
[190.379s][info][gc,cpu         ] GC(1714) User=0.00s Sys=0.00s Real=0.00s
[190.425s][info][gc,start       ] GC(1715) Pause Young (Allocation Failure)
[190.425s][info][gc,heap        ] GC(1715) PSYoungGen: 305344K(326656K)->192K(329728K) Eden: 305152K(305152K)->0K(309248K) From: 192K(21504K)->192K(20480K)
[190.425s][info][gc,heap        ] GC(1715) ParOldGen: 115194K(699392K)->115194K(699392K)
[190.425s][info][gc,metaspace   ] GC(1715) Metaspace: 36245K(36544K)->36245K(36544K) NonClass: 32076K(32192K)->32076K(32192K) Class: 4168K(4352K)->4168K(4352K)
[190.425s][info][gc             ] GC(1715) Pause Young (Allocation Failure) 410M->112M(1005M) 0.367ms
[190.425s][info][gc,cpu         ] GC(1715) User=0.00s Sys=0.00s Real=0.00s
[190.472s][info][gc,start       ] GC(1716) Pause Young (Allocation Failure)
[190.472s][info][gc,heap        ] GC(1716) PSYoungGen: 309440K(329728K)->160K(328704K) Eden: 309248K(309248K)->0K(309248K) From: 192K(20480K)->160K(19456K)
[190.472s][info][gc,heap        ] GC(1716) ParOldGen: 115194K(699392K)->115194K(699392K)
[190.472s][info][gc,metaspace   ] GC(1716) Metaspace: 36245K(36544K)->36245K(36544K) NonClass: 32076K(32192K)->32076K(32192K) Class: 4168K(4352K)->4168K(4352K)
[190.472s][info][gc             ] GC(1716) Pause Young (Allocation Failure) 414M->112M(1004M) 0.386ms
[190.472s][info][gc,cpu         ] GC(1716) User=0.00s Sys=0.00s Real=0.00s
[190.523s][info][gc,start       ] GC(1717) Pause Young (Allocation Failure)
[190.524s][info][gc,heap        ] GC(1717) PSYoungGen: 309408K(328704K)->192K(331776K) Eden: 309248K(309248K)->0K(313344K) From: 160K(19456K)->192K(18432K)
[190.524s][info][gc,heap        ] GC(1717) ParOldGen: 115194K(699392K)->115194K(699392K)
[190.524s][info][gc,metaspace   ] GC(1717) Metaspace: 36245K(36544K)->36245K(36544K) NonClass: 32076K(32192K)->32076K(32192K) Class: 4168K(4352K)->4168K(4352K)
[190.524s][info][gc             ] GC(1717) Pause Young (Allocation Failure) 414M->112M(1007M) 0.446ms
[190.524s][info][gc,cpu         ] GC(1717) User=0.00s Sys=0.00s Real=0.00s
[190.584s][info][gc,start       ] GC(1718) Pause Young (Allocation Failure)
[190.585s][info][gc,heap        ] GC(1718) PSYoungGen: 313536K(331776K)->160K(330752K) Eden: 313344K(313344K)->0K(313344K) From: 192K(18432K)->160K(17408K)
[190.585s][info][gc,heap        ] GC(1718) ParOldGen: 115194K(699392K)->115242K(699392K)
[190.585s][info][gc,metaspace   ] GC(1718) Metaspace: 36245K(36544K)->36245K(36544K) NonClass: 32076K(32192K)->32076K(32192K) Class: 4168K(4352K)->4168K(4352K)
[190.585s][info][gc             ] GC(1718) Pause Young (Allocation Failure) 418M->112M(1006M) 0.424ms
[190.585s][info][gc,cpu         ] GC(1718) User=0.00s Sys=0.00s Real=0.00s
[190.645s][info][gc,start       ] GC(1719) Pause Young (Allocation Failure)
[190.645s][info][gc,heap        ] GC(1719) PSYoungGen: 313504K(330752K)->192K(333824K) Eden: 313344K(313344K)->0K(317440K) From: 160K(17408K)->192K(16384K)
[190.645s][info][gc,heap        ] GC(1719) ParOldGen: 115242K(699392K)->115242K(699392K)
[190.645s][info][gc,metaspace   ] GC(1719) Metaspace: 36245K(36544K)->36245K(36544K) NonClass: 32076K(32192K)->32076K(32192K) Class: 4168K(4352K)->4168K(4352K)
[190.645s][info][gc             ] GC(1719) Pause Young (Allocation Failure) 418M->112M(1009M) 0.426ms
[190.645s][info][gc,cpu         ] GC(1719) User=0.00s Sys=0.00s Real=0.00s
[190.706s][info][gc,start       ] GC(1720) Pause Young (Allocation Failure)
[190.707s][info][gc,heap        ] GC(1720) PSYoungGen: 317632K(333824K)->192K(332800K) Eden: 317440K(317440K)->0K(317440K) From: 192K(16384K)->192K(15360K)
[190.707s][info][gc,heap        ] GC(1720) ParOldGen: 115242K(699392K)->115242K(699392K)
[190.707s][info][gc,metaspace   ] GC(1720) Metaspace: 36245K(36544K)->36245K(36544K) NonClass: 32076K(32192K)->32076K(32192K) Class: 4168K(4352K)->4168K(4352K)
[190.707s][info][gc             ] GC(1720) Pause Young (Allocation Failure) 422M->112M(1008M) 0.439ms
[190.707s][info][gc,cpu         ] GC(1720) User=0.00s Sys=0.00s Real=0.00s
[190.768s][info][gc,start       ] GC(1721) Pause Young (Allocation Failure)
[190.768s][info][gc,heap        ] GC(1721) PSYoungGen: 317632K(332800K)->192K(335360K) Eden: 317440K(317440K)->0K(321024K) From: 192K(15360K)->192K(14336K)
[190.768s][info][gc,heap        ] GC(1721) ParOldGen: 115242K(699392K)->115242K(699392K)
[190.768s][info][gc,metaspace   ] GC(1721) Metaspace: 36245K(36544K)->36245K(36544K) NonClass: 32076K(32192K)->32076K(32192K) Class: 4168K(4352K)->4168K(4352K)
[190.768s][info][gc             ] GC(1721) Pause Young (Allocation Failure) 422M->112M(1010M) 0.407ms
[190.768s][info][gc,cpu         ] GC(1721) User=0.00s Sys=0.00s Real=0.00s
[190.831s][info][gc,start       ] GC(1722) Pause Young (Allocation Failure)
[190.832s][info][gc,heap        ] GC(1722) PSYoungGen: 321216K(335360K)->160K(334848K) Eden: 321024K(321024K)->0K(321024K) From: 192K(14336K)->160K(13824K)
[190.832s][info][gc,heap        ] GC(1722) ParOldGen: 115242K(699392K)->115242K(699392K)
[190.832s][info][gc,metaspace   ] GC(1722) Metaspace: 36245K(36544K)->36245K(36544K) NonClass: 32076K(32192K)->32076K(32192K) Class: 4168K(4352K)->4168K(4352K)
[190.832s][info][gc             ] GC(1722) Pause Young (Allocation Failure) 426M->112M(1010M) 0.422ms
[190.832s][info][gc,cpu         ] GC(1722) User=0.00s Sys=0.00s Real=0.00s
[190.891s][info][gc,start       ] GC(1723) Pause Young (Allocation Failure)
[190.892s][info][gc,heap        ] GC(1723) PSYoungGen: 321184K(334848K)->192K(337408K) Eden: 321024K(321024K)->0K(324608K) From: 160K(13824K)->192K(12800K)
[190.892s][info][gc,heap        ] GC(1723) ParOldGen: 115242K(699392K)->115242K(699392K)
[190.892s][info][gc,metaspace   ] GC(1723) Metaspace: 36245K(36544K)->36245K(36544K) NonClass: 32076K(32192K)->32076K(32192K) Class: 4168K(4352K)->4168K(4352K)
[190.892s][info][gc             ] GC(1723) Pause Young (Allocation Failure) 426M->112M(1012M) 0.417ms
[190.892s][info][gc,cpu         ] GC(1723) User=0.00s Sys=0.00s Real=0.00s
[190.953s][info][gc,start       ] GC(1724) Pause Young (Allocation Failure)
[190.953s][info][gc,heap        ] GC(1724) PSYoungGen: 324800K(337408K)->192K(336384K) Eden: 324608K(324608K)->0K(324608K) From: 192K(12800K)->192K(11776K)
[190.953s][info][gc,heap        ] GC(1724) ParOldGen: 115242K(699392K)->115242K(699392K)
[190.953s][info][gc,metaspace   ] GC(1724) Metaspace: 36245K(36544K)->36245K(36544K) NonClass: 32076K(32192K)->32076K(32192K) Class: 4168K(4352K)->4168K(4352K)
[190.953s][info][gc             ] GC(1724) Pause Young (Allocation Failure) 429M->112M(1011M) 0.394ms
[190.953s][info][gc,cpu         ] GC(1724) User=0.09s Sys=0.00s Real=0.00s
[191.012s][info][gc,start       ] GC(1725) Pause Young (Allocation Failure)
[191.012s][info][gc,heap        ] GC(1725) PSYoungGen: 324800K(336384K)->160K(338944K) Eden: 324608K(324608K)->0K(327680K) From: 192K(11776K)->160K(11264K)
[191.012s][info][gc,heap        ] GC(1725) ParOldGen: 115242K(699392K)->115242K(699392K)
[191.012s][info][gc,metaspace   ] GC(1725) Metaspace: 36245K(36544K)->36245K(36544K) NonClass: 32076K(32192K)->32076K(32192K) Class: 4168K(4352K)->4168K(4352K)
[191.012s][info][gc             ] GC(1725) Pause Young (Allocation Failure) 429M->112M(1014M) 0.423ms
[191.012s][info][gc,cpu         ] GC(1725) User=0.00s Sys=0.00s Real=0.00s
[191.073s][info][gc,start       ] GC(1726) Pause Young (Allocation Failure)
[191.073s][info][gc,heap        ] GC(1726) PSYoungGen: 327840K(338944K)->192K(337920K) Eden: 327680K(327680K)->0K(327680K) From: 160K(11264K)->192K(10240K)
[191.073s][info][gc,heap        ] GC(1726) ParOldGen: 115242K(699392K)->115242K(699392K)
[191.073s][info][gc,metaspace   ] GC(1726) Metaspace: 36245K(36544K)->36245K(36544K) NonClass: 32076K(32192K)->32076K(32192K) Class: 4168K(4352K)->4168K(4352K)
[191.073s][info][gc             ] GC(1726) Pause Young (Allocation Failure) 432M->112M(1013M) 0.409ms
[191.073s][info][gc,cpu         ] GC(1726) User=0.00s Sys=0.00s Real=0.00s
[191.139s][info][gc,start       ] GC(1727) Pause Young (Allocation Failure)
[191.139s][info][gc,heap        ] GC(1727) PSYoungGen: 327872K(337920K)->192K(339968K) Eden: 327680K(327680K)->0K(330240K) From: 192K(10240K)->192K(9728K)
[191.139s][info][gc,heap        ] GC(1727) ParOldGen: 115242K(699392K)->115242K(699392K)
[191.139s][info][gc,metaspace   ] GC(1727) Metaspace: 36245K(36544K)->36245K(36544K) NonClass: 32076K(32192K)->32076K(32192K) Class: 4168K(4352K)->4168K(4352K)
[191.139s][info][gc             ] GC(1727) Pause Young (Allocation Failure) 432M->112M(1015M) 0.438ms
[191.139s][info][gc,cpu         ] GC(1727) User=0.00s Sys=0.00s Real=0.00s
[191.203s][info][gc,start       ] GC(1728) Pause Young (Allocation Failure)
[191.203s][info][gc,heap        ] GC(1728) PSYoungGen: 330432K(339968K)->192K(339456K) Eden: 330240K(330240K)->0K(330240K) From: 192K(9728K)->192K(9216K)
[191.203s][info][gc,heap        ] GC(1728) ParOldGen: 115242K(699392K)->115242K(699392K)
[191.203s][info][gc,metaspace   ] GC(1728) Metaspace: 36245K(36544K)->36245K(36544K) NonClass: 32076K(32192K)->32076K(32192K) Class: 4168K(4352K)->4168K(4352K)
[191.203s][info][gc             ] GC(1728) Pause Young (Allocation Failure) 435M->112M(1014M) 0.389ms
[191.203s][info][gc,cpu         ] GC(1728) User=0.02s Sys=0.00s Real=0.00s
[191.265s][info][gc,start       ] GC(1729) Pause Young (Allocation Failure)
[191.265s][info][gc,heap        ] GC(1729) PSYoungGen: 330432K(339456K)->192K(341504K) Eden: 330240K(330240K)->0K(333312K) From: 192K(9216K)->192K(8192K)
[191.265s][info][gc,heap        ] GC(1729) ParOldGen: 115242K(699392K)->115242K(699392K)
[191.266s][info][gc,metaspace   ] GC(1729) Metaspace: 36245K(36544K)->36245K(36544K) NonClass: 32076K(32192K)->32076K(32192K) Class: 4168K(4352K)->4168K(4352K)
[191.266s][info][gc             ] GC(1729) Pause Young (Allocation Failure) 435M->112M(1016M) 0.448ms
[191.266s][info][gc,cpu         ] GC(1729) User=0.06s Sys=0.00s Real=0.00s
[191.328s][info][gc,start       ] GC(1730) Pause Young (Allocation Failure)
[191.328s][info][gc,heap        ] GC(1730) PSYoungGen: 333504K(341504K)->192K(340992K) Eden: 333312K(333312K)->0K(333312K) From: 192K(8192K)->192K(7680K)
[191.329s][info][gc,heap        ] GC(1730) ParOldGen: 115242K(699392K)->115242K(699392K)
[191.329s][info][gc,metaspace   ] GC(1730) Metaspace: 36245K(36544K)->36245K(36544K) NonClass: 32076K(32192K)->32076K(32192K) Class: 4168K(4352K)->4168K(4352K)
[191.329s][info][gc             ] GC(1730) Pause Young (Allocation Failure) 438M->112M(1016M) 0.397ms
[191.329s][info][gc,cpu         ] GC(1730) User=0.00s Sys=0.00s Real=0.00s
[191.392s][info][gc,start       ] GC(1731) Pause Young (Allocation Failure)
[191.392s][info][gc,heap        ] GC(1731) PSYoungGen: 333504K(340992K)->160K(342528K) Eden: 333312K(333312K)->0K(335360K) From: 192K(7680K)->160K(7168K)
[191.392s][info][gc,heap        ] GC(1731) ParOldGen: 115242K(699392K)->115242K(699392K)
[191.392s][info][gc,metaspace   ] GC(1731) Metaspace: 36245K(36544K)->36245K(36544K) NonClass: 32076K(32192K)->32076K(32192K) Class: 4168K(4352K)->4168K(4352K)
[191.392s][info][gc             ] GC(1731) Pause Young (Allocation Failure) 438M->112M(1017M) 0.402ms
[191.392s][info][gc,cpu         ] GC(1731) User=0.00s Sys=0.00s Real=0.00s
[191.456s][info][gc,start       ] GC(1732) Pause Young (Allocation Failure)
[191.456s][info][gc,heap        ] GC(1732) PSYoungGen: 335520K(342528K)->160K(342016K) Eden: 335360K(335360K)->0K(335360K) From: 160K(7168K)->160K(6656K)
[191.456s][info][gc,heap        ] GC(1732) ParOldGen: 115242K(699392K)->115242K(699392K)
[191.456s][info][gc,metaspace   ] GC(1732) Metaspace: 36245K(36544K)->36245K(36544K) NonClass: 32076K(32192K)->32076K(32192K) Class: 4168K(4352K)->4168K(4352K)
[191.456s][info][gc             ] GC(1732) Pause Young (Allocation Failure) 440M->112M(1017M) 0.458ms
[191.456s][info][gc,cpu         ] GC(1732) User=0.00s Sys=0.00s Real=0.00s
[191.520s][info][gc,start       ] GC(1733) Pause Young (Allocation Failure)
[191.521s][info][gc,heap        ] GC(1733) PSYoungGen: 335520K(342016K)->192K(343552K) Eden: 335360K(335360K)->0K(337408K) From: 160K(6656K)->192K(6144K)
[191.521s][info][gc,heap        ] GC(1733) ParOldGen: 115242K(699392K)->115242K(699392K)
[191.521s][info][gc,metaspace   ] GC(1733) Metaspace: 36245K(36544K)->36245K(36544K) NonClass: 32076K(32192K)->32076K(32192K) Class: 4168K(4352K)->4168K(4352K)
[191.521s][info][gc             ] GC(1733) Pause Young (Allocation Failure) 440M->112M(1018M) 0.451ms
[191.521s][info][gc,cpu         ] GC(1733) User=0.00s Sys=0.00s Real=0.00s
[191.582s][info][gc,start       ] GC(1734) Pause Young (Allocation Failure)
[191.583s][info][gc,heap        ] GC(1734) PSYoungGen: 337600K(343552K)->192K(343040K) Eden: 337408K(337408K)->0K(337408K) From: 192K(6144K)->192K(5632K)
[191.583s][info][gc,heap        ] GC(1734) ParOldGen: 115242K(699392K)->115242K(699392K)
[191.583s][info][gc,metaspace   ] GC(1734) Metaspace: 36245K(36544K)->36245K(36544K) NonClass: 32076K(32192K)->32076K(32192K) Class: 4168K(4352K)->4168K(4352K)
[191.583s][info][gc             ] GC(1734) Pause Young (Allocation Failure) 442M->112M(1018M) 0.408ms
[191.583s][info][gc,cpu         ] GC(1734) User=0.00s Sys=0.00s Real=0.00s
[191.644s][info][gc,start       ] GC(1735) Pause Young (Allocation Failure)
[191.645s][info][gc,heap        ] GC(1735) PSYoungGen: 337600K(343040K)->192K(344064K) Eden: 337408K(337408K)->0K(338432K) From: 192K(5632K)->192K(5632K)
[191.645s][info][gc,heap        ] GC(1735) ParOldGen: 115242K(699392K)->115242K(699392K)
[191.645s][info][gc,metaspace   ] GC(1735) Metaspace: 36245K(36544K)->36245K(36544K) NonClass: 32076K(32192K)->32076K(32192K) Class: 4168K(4352K)->4168K(4352K)
[191.645s][info][gc             ] GC(1735) Pause Young (Allocation Failure) 442M->112M(1019M) 0.425ms
[191.645s][info][gc,cpu         ] GC(1735) User=0.00s Sys=0.00s Real=0.00s
[191.708s][info][gc,start       ] GC(1736) Pause Young (Allocation Failure)
[191.708s][info][gc,heap        ] GC(1736) PSYoungGen: 338624K(344064K)->192K(343552K) Eden: 338432K(338432K)->0K(338432K) From: 192K(5632K)->192K(5120K)
[191.708s][info][gc,heap        ] GC(1736) ParOldGen: 115242K(699392K)->115242K(699392K)
[191.708s][info][gc,metaspace   ] GC(1736) Metaspace: 36245K(36544K)->36245K(36544K) NonClass: 32076K(32192K)->32076K(32192K) Class: 4168K(4352K)->4168K(4352K)
[191.708s][info][gc             ] GC(1736) Pause Young (Allocation Failure) 443M->112M(1018M) 0.579ms
[191.708s][info][gc,cpu         ] GC(1736) User=0.00s Sys=0.00s Real=0.00s
[191.772s][info][gc,start       ] GC(1737) Pause Young (Allocation Failure)
[191.772s][info][gc,heap        ] GC(1737) PSYoungGen: 338624K(343552K)->160K(344576K) Eden: 338432K(338432K)->0K(339968K) From: 192K(5120K)->160K(4608K)
[191.772s][info][gc,heap        ] GC(1737) ParOldGen: 115242K(699392K)->115242K(699392K)
[191.772s][info][gc,metaspace   ] GC(1737) Metaspace: 36245K(36544K)->36245K(36544K) NonClass: 32076K(32192K)->32076K(32192K) Class: 4168K(4352K)->4168K(4352K)
[191.772s][info][gc             ] GC(1737) Pause Young (Allocation Failure) 443M->112M(1019M) 0.440ms
[191.772s][info][gc,cpu         ] GC(1737) User=0.00s Sys=0.00s Real=0.00s
[191.838s][info][gc,start       ] GC(1738) Pause Young (Allocation Failure)
[191.838s][info][gc,heap        ] GC(1738) PSYoungGen: 340128K(344576K)->192K(344576K) Eden: 339968K(339968K)->0K(339968K) From: 160K(4608K)->192K(4608K)
[191.838s][info][gc,heap        ] GC(1738) ParOldGen: 115242K(699392K)->115242K(699392K)
[191.838s][info][gc,metaspace   ] GC(1738) Metaspace: 36245K(36544K)->36245K(36544K) NonClass: 32076K(32192K)->32076K(32192K) Class: 4168K(4352K)->4168K(4352K)
[191.838s][info][gc             ] GC(1738) Pause Young (Allocation Failure) 444M->112M(1019M) 0.429ms
[191.838s][info][gc,cpu         ] GC(1738) User=0.00s Sys=0.00s Real=0.00s
[191.904s][info][gc,start       ] GC(1739) Pause Young (Allocation Failure)
[191.904s][info][gc,heap        ] GC(1739) PSYoungGen: 340160K(344576K)->192K(345600K) Eden: 339968K(339968K)->0K(341504K) From: 192K(4608K)->192K(4096K)
[191.904s][info][gc,heap        ] GC(1739) ParOldGen: 115242K(699392K)->115242K(699392K)
[191.904s][info][gc,metaspace   ] GC(1739) Metaspace: 36245K(36544K)->36245K(36544K) NonClass: 32076K(32192K)->32076K(32192K) Class: 4168K(4352K)->4168K(4352K)
[191.904s][info][gc             ] GC(1739) Pause Young (Allocation Failure) 444M->112M(1020M) 0.407ms
[191.904s][info][gc,cpu         ] GC(1739) User=0.00s Sys=0.00s Real=0.00s
[191.970s][info][gc,start       ] GC(1740) Pause Young (Allocation Failure)
[191.970s][info][gc,heap        ] GC(1740) PSYoungGen: 341696K(345600K)->192K(345088K) Eden: 341504K(341504K)->0K(341504K) From: 192K(4096K)->192K(3584K)
[191.970s][info][gc,heap        ] GC(1740) ParOldGen: 115242K(699392K)->115242K(699392K)
[191.970s][info][gc,metaspace   ] GC(1740) Metaspace: 36245K(36544K)->36245K(36544K) NonClass: 32076K(32192K)->32076K(32192K) Class: 4168K(4352K)->4168K(4352K)
[191.970s][info][gc             ] GC(1740) Pause Young (Allocation Failure) 446M->112M(1020M) 0.375ms
[191.970s][info][gc,cpu         ] GC(1740) User=0.00s Sys=0.00s Real=0.00s
[192.035s][info][gc,start       ] GC(1741) Pause Young (Allocation Failure)
[192.035s][info][gc,heap        ] GC(1741) PSYoungGen: 341696K(345088K)->160K(346112K) Eden: 341504K(341504K)->0K(342528K) From: 192K(3584K)->160K(3584K)
[192.035s][info][gc,heap        ] GC(1741) ParOldGen: 115242K(699392K)->115242K(699392K)
[192.035s][info][gc,metaspace   ] GC(1741) Metaspace: 36245K(36544K)->36245K(36544K) NonClass: 32076K(32192K)->32076K(32192K) Class: 4168K(4352K)->4168K(4352K)
[192.035s][info][gc             ] GC(1741) Pause Young (Allocation Failure) 446M->112M(1021M) 0.412ms
[192.035s][info][gc,cpu         ] GC(1741) User=0.00s Sys=0.00s Real=0.00s
[192.100s][info][gc,start       ] GC(1742) Pause Young (Allocation Failure)
[192.100s][info][gc,heap        ] GC(1742) PSYoungGen: 342688K(346112K)->192K(345600K) Eden: 342528K(342528K)->0K(342528K) From: 160K(3584K)->192K(3072K)
[192.100s][info][gc,heap        ] GC(1742) ParOldGen: 115242K(699392K)->115242K(699392K)
[192.100s][info][gc,metaspace   ] GC(1742) Metaspace: 36245K(36544K)->36245K(36544K) NonClass: 32076K(32192K)->32076K(32192K) Class: 4168K(4352K)->4168K(4352K)
[192.100s][info][gc             ] GC(1742) Pause Young (Allocation Failure) 447M->112M(1020M) 0.407ms
[192.100s][info][gc,cpu         ] GC(1742) User=0.00s Sys=0.00s Real=0.00s
[192.166s][info][gc,start       ] GC(1743) Pause Young (Allocation Failure)
[192.167s][info][gc,heap        ] GC(1743) PSYoungGen: 342720K(345600K)->192K(346112K) Eden: 342528K(342528K)->0K(343040K) From: 192K(3072K)->192K(3072K)
[192.167s][info][gc,heap        ] GC(1743) ParOldGen: 115242K(699392K)->115242K(699392K)
[192.167s][info][gc,metaspace   ] GC(1743) Metaspace: 36245K(36544K)->36245K(36544K) NonClass: 32076K(32192K)->32076K(32192K) Class: 4168K(4352K)->4168K(4352K)
[192.167s][info][gc             ] GC(1743) Pause Young (Allocation Failure) 447M->112M(1021M) 0.448ms
[192.167s][info][gc,cpu         ] GC(1743) User=0.00s Sys=0.00s Real=0.00s
[192.241s][info][gc,start       ] GC(1744) Pause Young (Allocation Failure)
[192.241s][info][gc,heap        ] GC(1744) PSYoungGen: 343232K(346112K)->192K(346112K) Eden: 343040K(343040K)->0K(343040K) From: 192K(3072K)->192K(3072K)
[192.241s][info][gc,heap        ] GC(1744) ParOldGen: 115242K(699392K)->115242K(699392K)
[192.242s][info][gc,metaspace   ] GC(1744) Metaspace: 36245K(36544K)->36245K(36544K) NonClass: 32076K(32192K)->32076K(32192K) Class: 4168K(4352K)->4168K(4352K)
[192.242s][info][gc             ] GC(1744) Pause Young (Allocation Failure) 447M->112M(1021M) 0.433ms
[192.242s][info][gc,cpu         ] GC(1744) User=0.00s Sys=0.00s Real=0.00s
[192.503s][info][gc,start       ] GC(1745) Pause Young (Allocation Failure)
[192.510s][info][gc,heap        ] GC(1745) PSYoungGen: 343232K(346112K)->2545K(335360K) Eden: 343040K(343040K)->0K(332800K) From: 192K(3072K)->2545K(2560K)
[192.510s][info][gc,heap        ] GC(1745) ParOldGen: 115242K(699392K)->128787K(699392K)
[192.510s][info][gc,metaspace   ] GC(1745) Metaspace: 36245K(36544K)->36245K(36544K) NonClass: 32076K(32192K)->32076K(32192K) Class: 4168K(4352K)->4168K(4352K)
[192.510s][info][gc             ] GC(1745) Pause Young (Allocation Failure) 447M->128M(1010M) 6.668ms
[192.510s][info][gc,cpu         ] GC(1745) User=0.00s Sys=0.00s Real=0.01s
[192.805s][info][gc,start       ] GC(1746) Pause Young (Allocation Failure)
[192.812s][info][gc,heap        ] GC(1746) PSYoungGen: 335345K(335360K)->8175K(340992K) Eden: 332800K(332800K)->0K(332800K) From: 2545K(2560K)->8175K(8192K)
[192.812s][info][gc,heap        ] GC(1746) ParOldGen: 128787K(699392K)->131316K(699392K)
[192.812s][info][gc,metaspace   ] GC(1746) Metaspace: 36245K(36544K)->36245K(36544K) NonClass: 32076K(32192K)->32076K(32192K) Class: 4168K(4352K)->4168K(4352K)
[192.812s][info][gc             ] GC(1746) Pause Young (Allocation Failure) 453M->136M(1016M) 6.412ms
[192.812s][info][gc,cpu         ] GC(1746) User=0.00s Sys=0.00s Real=0.01s
[193.109s][info][gc,start       ] GC(1747) Pause Young (Allocation Failure)
[193.119s][info][gc,heap        ] GC(1747) PSYoungGen: 340975K(340992K)->8174K(319488K) Eden: 332800K(332800K)->0K(311296K) From: 8175K(8192K)->8174K(8192K)
[193.120s][info][gc,heap        ] GC(1747) ParOldGen: 131316K(699392K)->149978K(699392K)
[193.120s][info][gc,metaspace   ] GC(1747) Metaspace: 36245K(36544K)->36245K(36544K) NonClass: 32076K(32192K)->32076K(32192K) Class: 4168K(4352K)->4168K(4352K)
[193.120s][info][gc             ] GC(1747) Pause Young (Allocation Failure) 461M->154M(995M) 10.867ms
[193.120s][info][gc,cpu         ] GC(1747) User=0.09s Sys=0.00s Real=0.01s
[193.386s][info][gc,start       ] GC(1748) Pause Young (Allocation Failure)
[193.394s][info][gc,heap        ] GC(1748) PSYoungGen: 315908K(319488K)->16216K(327680K) Eden: 307733K(311296K)->0K(311296K) From: 8174K(8192K)->16216K(16384K)
[193.394s][info][gc,heap        ] GC(1748) ParOldGen: 149978K(699392K)->155294K(699392K)
[193.394s][info][gc,metaspace   ] GC(1748) Metaspace: 36245K(36544K)->36245K(36544K) NonClass: 32076K(32192K)->32076K(32192K) Class: 4168K(4352K)->4168K(4352K)
[193.394s][info][gc             ] GC(1748) Pause Young (Allocation Failure) 454M->167M(1003M) 8.184ms
[193.394s][info][gc,cpu         ] GC(1748) User=0.09s Sys=0.00s Real=0.01s
[193.664s][info][gc,start       ] GC(1749) Pause Young (Allocation Failure)
[193.671s][info][gc,heap        ] GC(1749) PSYoungGen: 324059K(327680K)->18217K(321536K) Eden: 307843K(311296K)->0K(300032K) From: 16216K(16384K)->18217K(21504K)
[193.671s][info][gc,heap        ] GC(1749) ParOldGen: 155294K(699392K)->157813K(699392K)
[193.671s][info][gc,metaspace   ] GC(1749) Metaspace: 36245K(36544K)->36245K(36544K) NonClass: 32076K(32192K)->32076K(32192K) Class: 4168K(4352K)->4168K(4352K)
[193.671s][info][gc             ] GC(1749) Pause Young (Allocation Failure) 468M->171M(997M) 7.775ms
[193.671s][info][gc,cpu         ] GC(1749) User=0.00s Sys=0.00s Real=0.01s
[193.938s][info][gc,start       ] GC(1750) Pause Young (Allocation Failure)
[193.945s][info][gc,heap        ] GC(1750) PSYoungGen: 318249K(321536K)->10671K(324608K) Eden: 300032K(300032K)->0K(300032K) From: 18217K(21504K)->10671K(24576K)
[193.945s][info][gc,heap        ] GC(1750) ParOldGen: 157813K(699392K)->162187K(699392K)
[193.945s][info][gc,metaspace   ] GC(1750) Metaspace: 36245K(36544K)->36245K(36544K) NonClass: 32076K(32192K)->32076K(32192K) Class: 4168K(4352K)->4168K(4352K)
[193.945s][info][gc             ] GC(1750) Pause Young (Allocation Failure) 464M->168M(1000M) 6.828ms
[193.945s][info][gc,cpu         ] GC(1750) User=0.00s Sys=0.00s Real=0.01s
[194.194s][info][gc,start       ] GC(1751) Pause Young (Allocation Failure)
[194.200s][info][gc,heap        ] GC(1751) PSYoungGen: 310703K(324608K)->14627K(323072K) Eden: 300032K(300032K)->0K(299008K) From: 10671K(24576K)->14627K(24064K)
[194.200s][info][gc,heap        ] GC(1751) ParOldGen: 162187K(699392K)->163309K(699392K)
[194.200s][info][gc,metaspace   ] GC(1751) Metaspace: 36245K(36544K)->36245K(36544K) NonClass: 32076K(32192K)->32076K(32192K) Class: 4168K(4352K)->4168K(4352K)
[194.200s][info][gc             ] GC(1751) Pause Young (Allocation Failure) 461M->173M(998M) 6.296ms
[194.200s][info][gc,cpu         ] GC(1751) User=0.00s Sys=0.00s Real=0.01s
[194.457s][info][gc,start       ] GC(1752) Pause Young (Allocation Failure)
[194.464s][info][gc,heap        ] GC(1752) PSYoungGen: 311259K(323072K)->16871K(315904K) Eden: 296631K(299008K)->0K(299008K) From: 14627K(24064K)->16871K(16896K)
[194.464s][info][gc,heap        ] GC(1752) ParOldGen: 163309K(699392K)->164554K(699392K)
[194.464s][info][gc,metaspace   ] GC(1752) Metaspace: 36245K(36544K)->36245K(36544K) NonClass: 32076K(32192K)->32076K(32192K) Class: 4168K(4352K)->4168K(4352K)
[194.464s][info][gc             ] GC(1752) Pause Young (Allocation Failure) 463M->177M(991M) 7.115ms
[194.464s][info][gc,cpu         ] GC(1752) User=0.00s Sys=0.00s Real=0.01s
[194.718s][info][gc,start       ] GC(1753) Pause Young (Allocation Failure)
[194.724s][info][gc,heap        ] GC(1753) PSYoungGen: 315729K(315904K)->11015K(323584K) Eden: 298858K(299008K)->0K(296960K) From: 16871K(16896K)->11015K(26624K)
[194.724s][info][gc,heap        ] GC(1753) ParOldGen: 164554K(699392K)->167994K(699392K)
[194.724s][info][gc,metaspace   ] GC(1753) Metaspace: 36245K(36544K)->36245K(36544K) NonClass: 32076K(32192K)->32076K(32192K) Class: 4168K(4352K)->4168K(4352K)
[194.724s][info][gc             ] GC(1753) Pause Young (Allocation Failure) 469M->174M(999M) 6.287ms
[194.724s][info][gc,cpu         ] GC(1753) User=0.09s Sys=0.00s Real=0.01s
[194.981s][info][gc,start       ] GC(1754) Pause Young (Allocation Failure)
[194.988s][info][gc,heap        ] GC(1754) PSYoungGen: 306422K(323584K)->15786K(322560K) Eden: 295407K(296960K)->0K(296960K) From: 11015K(26624K)->15786K(25600K)
[194.988s][info][gc,heap        ] GC(1754) ParOldGen: 167994K(699392K)->170514K(699392K)
[194.988s][info][gc,metaspace   ] GC(1754) Metaspace: 36245K(36544K)->36245K(36544K) NonClass: 32076K(32192K)->32076K(32192K) Class: 4168K(4352K)->4168K(4352K)
[194.988s][info][gc             ] GC(1754) Pause Young (Allocation Failure) 463M->181M(998M) 7.223ms
[194.988s][info][gc,cpu         ] GC(1754) User=0.09s Sys=0.00s Real=0.01s
[195.234s][info][gc,start       ] GC(1755) Pause Young (Allocation Failure)
[195.241s][info][gc,heap        ] GC(1755) PSYoungGen: 310633K(322560K)->20717K(317952K) Eden: 294846K(296960K)->0K(291840K) From: 15786K(25600K)->20717K(26112K)
[195.241s][info][gc,heap        ] GC(1755) ParOldGen: 170514K(699392K)->172064K(699392K)
[195.241s][info][gc,metaspace   ] GC(1755) Metaspace: 36245K(36544K)->36245K(36544K) NonClass: 32076K(32192K)->32076K(32192K) Class: 4168K(4352K)->4168K(4352K)
[195.241s][info][gc             ] GC(1755) Pause Young (Allocation Failure) 469M->188M(993M) 7.186ms
[195.241s][info][gc,cpu         ] GC(1755) User=0.00s Sys=0.00s Real=0.01s
[195.483s][info][gc,start       ] GC(1756) Pause Young (Allocation Failure)
[195.489s][info][gc,heap        ] GC(1756) PSYoungGen: 312557K(317952K)->10780K(320512K) Eden: 291840K(291840K)->0K(291840K) From: 20717K(26112K)->10780K(28672K)
[195.489s][info][gc,heap        ] GC(1756) ParOldGen: 172064K(699392K)->173034K(699392K)
[195.489s][info][gc,metaspace   ] GC(1756) Metaspace: 36245K(36544K)->36245K(36544K) NonClass: 32076K(32192K)->32076K(32192K) Class: 4168K(4352K)->4168K(4352K)
[195.489s][info][gc             ] GC(1756) Pause Young (Allocation Failure) 473M->179M(996M) 5.710ms
[195.489s][info][gc,cpu         ] GC(1756) User=0.08s Sys=0.00s Real=0.01s
[195.561s][info][gc,start       ] GC(1757) Pause Young (System.gc())
[195.564s][info][gc,heap        ] GC(1757) PSYoungGen: 86235K(320512K)->7970K(323072K) Eden: 75454K(291840K)->0K(295936K) From: 10780K(28672K)->7970K(27136K)
[195.564s][info][gc,heap        ] GC(1757) ParOldGen: 173034K(699392K)->174869K(699392K)
[195.564s][info][gc,metaspace   ] GC(1757) Metaspace: 36245K(36544K)->36245K(36544K) NonClass: 32076K(32192K)->32076K(32192K) Class: 4168K(4352K)->4168K(4352K)
[195.564s][info][gc             ] GC(1757) Pause Young (System.gc()) 253M->178M(998M) 3.272ms
[195.564s][info][gc,cpu         ] GC(1757) User=0.09s Sys=0.00s Real=0.00s
[195.564s][info][gc,start       ] GC(1758) Pause Full (System.gc())
[195.564s][info][gc,phases,start] GC(1758) Marking Phase
[195.580s][info][gc,phases      ] GC(1758) Marking Phase 15.784ms
[195.580s][info][gc,phases,start] GC(1758) Summary Phase
[195.580s][info][gc,phases      ] GC(1758) Summary Phase 0.011ms
[195.580s][info][gc,phases,start] GC(1758) Adjust Roots
[195.585s][info][gc,phases      ] GC(1758) Adjust Roots 4.399ms
[195.585s][info][gc,phases,start] GC(1758) Compaction Phase
[195.593s][info][gc,phases      ] GC(1758) Compaction Phase 8.101ms
[195.593s][info][gc,phases,start] GC(1758) Post Compact
[195.594s][info][gc,phases      ] GC(1758) Post Compact 0.705ms
[195.594s][info][gc,heap        ] GC(1758) PSYoungGen: 7970K(323072K)->0K(323072K) Eden: 0K(295936K)->0K(295936K) From: 7970K(27136K)->0K(27136K)
[195.594s][info][gc,heap        ] GC(1758) ParOldGen: 174869K(699392K)->114265K(699392K)
[195.594s][info][gc,metaspace   ] GC(1758) Metaspace: 36245K(36544K)->36245K(36544K) NonClass: 32076K(32192K)->32076K(32192K) Class: 4168K(4352K)->4168K(4352K)
[195.594s][info][gc             ] GC(1758) Pause Full (System.gc()) 178M->111M(998M) 29.273ms
[195.594s][info][gc,cpu         ] GC(1758) User=0.00s Sys=0.02s Real=0.03s
[195.642s][info][gc,start       ] GC(1759) Pause Young (Allocation Failure)
[195.642s][info][gc,heap        ] GC(1759) PSYoungGen: 295936K(323072K)->192K(322048K) Eden: 295936K(295936K)->0K(295936K) From: 0K(27136K)->192K(26112K)
[195.642s][info][gc,heap        ] GC(1759) ParOldGen: 114265K(699392K)->114265K(699392K)
[195.642s][info][gc,metaspace   ] GC(1759) Metaspace: 36245K(36544K)->36245K(36544K) NonClass: 32076K(32192K)->32076K(32192K) Class: 4168K(4352K)->4168K(4352K)
[195.642s][info][gc             ] GC(1759) Pause Young (Allocation Failure) 400M->111M(997M) 0.394ms
[195.642s][info][gc,cpu         ] GC(1759) User=0.00s Sys=0.00s Real=0.00s
[195.686s][info][gc,start       ] GC(1760) Pause Young (Allocation Failure)
[195.686s][info][gc,heap        ] GC(1760) PSYoungGen: 296128K(322048K)->160K(323072K) Eden: 295936K(295936K)->0K(296960K) From: 192K(26112K)->160K(26112K)
[195.686s][info][gc,heap        ] GC(1760) ParOldGen: 114265K(699392K)->114313K(699392K)
[195.686s][info][gc,metaspace   ] GC(1760) Metaspace: 36245K(36544K)->36245K(36544K) NonClass: 32076K(32192K)->32076K(32192K) Class: 4168K(4352K)->4168K(4352K)
[195.687s][info][gc             ] GC(1760) Pause Young (Allocation Failure) 400M->111M(998M) 0.421ms
[195.687s][info][gc,cpu         ] GC(1760) User=0.00s Sys=0.00s Real=0.00s
[195.732s][info][gc,start       ] GC(1761) Pause Young (Allocation Failure)
[195.732s][info][gc,heap        ] GC(1761) PSYoungGen: 297120K(323072K)->192K(323072K) Eden: 296960K(296960K)->0K(296960K) From: 160K(26112K)->192K(26112K)
[195.732s][info][gc,heap        ] GC(1761) ParOldGen: 114313K(699392K)->114313K(699392K)
[195.732s][info][gc,metaspace   ] GC(1761) Metaspace: 36245K(36544K)->36245K(36544K) NonClass: 32076K(32192K)->32076K(32192K) Class: 4168K(4352K)->4168K(4352K)
[195.732s][info][gc             ] GC(1761) Pause Young (Allocation Failure) 401M->111M(998M) 0.400ms
[195.732s][info][gc,cpu         ] GC(1761) User=0.00s Sys=0.00s Real=0.00s
[195.777s][info][gc,start       ] GC(1762) Pause Young (Allocation Failure)
[195.777s][info][gc,heap        ] GC(1762) PSYoungGen: 297152K(323072K)->160K(323584K) Eden: 296960K(296960K)->0K(297472K) From: 192K(26112K)->160K(26112K)
[195.777s][info][gc,heap        ] GC(1762) ParOldGen: 114313K(699392K)->114313K(699392K)
[195.777s][info][gc,metaspace   ] GC(1762) Metaspace: 36245K(36544K)->36245K(36544K) NonClass: 32076K(32192K)->32076K(32192K) Class: 4168K(4352K)->4168K(4352K)
[195.777s][info][gc             ] GC(1762) Pause Young (Allocation Failure) 401M->111M(999M) 0.379ms
[195.777s][info][gc,cpu         ] GC(1762) User=0.00s Sys=0.00s Real=0.00s
[195.824s][info][gc,start       ] GC(1763) Pause Young (Allocation Failure)
[195.826s][info][gc,heap        ] GC(1763) PSYoungGen: 297632K(323584K)->160K(323072K) Eden: 297472K(297472K)->0K(297472K) From: 160K(26112K)->160K(25600K)
[195.826s][info][gc,heap        ] GC(1763) ParOldGen: 114313K(699392K)->114313K(699392K)
[195.826s][info][gc,metaspace   ] GC(1763) Metaspace: 36245K(36544K)->36245K(36544K) NonClass: 32076K(32192K)->32076K(32192K) Class: 4168K(4352K)->4168K(4352K)
[195.826s][info][gc             ] GC(1763) Pause Young (Allocation Failure) 402M->111M(998M) 1.654ms
[195.826s][info][gc,cpu         ] GC(1763) User=0.00s Sys=0.00s Real=0.00s
[195.871s][info][gc,start       ] GC(1764) Pause Young (Allocation Failure)
[195.871s][info][gc,heap        ] GC(1764) PSYoungGen: 297631K(323072K)->192K(325120K) Eden: 297471K(297472K)->0K(300032K) From: 160K(25600K)->192K(25088K)
[195.871s][info][gc,heap        ] GC(1764) ParOldGen: 114313K(699392K)->114313K(699392K)
[195.871s][info][gc,metaspace   ] GC(1764) Metaspace: 36245K(36544K)->36245K(36544K) NonClass: 32076K(32192K)->32076K(32192K) Class: 4168K(4352K)->4168K(4352K)
[195.871s][info][gc             ] GC(1764) Pause Young (Allocation Failure) 402M->111M(1000M) 0.349ms
[195.871s][info][gc,cpu         ] GC(1764) User=0.00s Sys=0.00s Real=0.00s
[195.918s][info][gc,start       ] GC(1765) Pause Young (Allocation Failure)
[195.918s][info][gc,heap        ] GC(1765) PSYoungGen: 300224K(325120K)->160K(324096K) Eden: 300032K(300032K)->0K(300032K) From: 192K(25088K)->160K(24064K)
[195.918s][info][gc,heap        ] GC(1765) ParOldGen: 114313K(699392K)->114313K(699392K)
[195.919s][info][gc,metaspace   ] GC(1765) Metaspace: 36245K(36544K)->36245K(36544K) NonClass: 32076K(32192K)->32076K(32192K) Class: 4168K(4352K)->4168K(4352K)
[195.919s][info][gc             ] GC(1765) Pause Young (Allocation Failure) 404M->111M(999M) 0.460ms
[195.919s][info][gc,cpu         ] GC(1765) User=0.00s Sys=0.00s Real=0.00s
[195.963s][info][gc,start       ] GC(1766) Pause Young (Allocation Failure)
[195.963s][info][gc,heap        ] GC(1766) PSYoungGen: 300192K(324096K)->160K(326656K) Eden: 300032K(300032K)->0K(303104K) From: 160K(24064K)->160K(23552K)
[195.963s][info][gc,heap        ] GC(1766) ParOldGen: 114313K(699392K)->114313K(699392K)
[195.963s][info][gc,metaspace   ] GC(1766) Metaspace: 36245K(36544K)->36245K(36544K) NonClass: 32076K(32192K)->32076K(32192K) Class: 4168K(4352K)->4168K(4352K)
[195.963s][info][gc             ] GC(1766) Pause Young (Allocation Failure) 404M->111M(1002M) 0.382ms
[195.963s][info][gc,cpu         ] GC(1766) User=0.00s Sys=0.00s Real=0.00s
[196.009s][info][gc,start       ] GC(1767) Pause Young (Allocation Failure)
[196.009s][info][gc,heap        ] GC(1767) PSYoungGen: 303264K(326656K)->160K(325632K) Eden: 303104K(303104K)->0K(303104K) From: 160K(23552K)->160K(22528K)
[196.009s][info][gc,heap        ] GC(1767) ParOldGen: 114313K(699392K)->114313K(699392K)
[196.009s][info][gc,metaspace   ] GC(1767) Metaspace: 36245K(36544K)->36245K(36544K) NonClass: 32076K(32192K)->32076K(32192K) Class: 4168K(4352K)->4168K(4352K)
[196.009s][info][gc             ] GC(1767) Pause Young (Allocation Failure) 407M->111M(1001M) 0.386ms
[196.009s][info][gc,cpu         ] GC(1767) User=0.00s Sys=0.00s Real=0.00s
[196.054s][info][gc,start       ] GC(1768) Pause Young (Allocation Failure)
[196.054s][info][gc,heap        ] GC(1768) PSYoungGen: 303264K(325632K)->160K(328704K) Eden: 303104K(303104K)->0K(307200K) From: 160K(22528K)->160K(21504K)
[196.054s][info][gc,heap        ] GC(1768) ParOldGen: 114313K(699392K)->114313K(699392K)
[196.054s][info][gc,metaspace   ] GC(1768) Metaspace: 36245K(36544K)->36245K(36544K) NonClass: 32076K(32192K)->32076K(32192K) Class: 4168K(4352K)->4168K(4352K)
[196.054s][info][gc             ] GC(1768) Pause Young (Allocation Failure) 407M->111M(1004M) 0.371ms
[196.054s][info][gc,cpu         ] GC(1768) User=0.00s Sys=0.00s Real=0.00s
[196.100s][info][gc,start       ] GC(1769) Pause Young (Allocation Failure)
[196.100s][info][gc,heap        ] GC(1769) PSYoungGen: 307360K(328704K)->160K(327680K) Eden: 307200K(307200K)->0K(307200K) From: 160K(21504K)->160K(20480K)
[196.100s][info][gc,heap        ] GC(1769) ParOldGen: 114313K(699392K)->114313K(699392K)
[196.100s][info][gc,metaspace   ] GC(1769) Metaspace: 36245K(36544K)->36245K(36544K) NonClass: 32076K(32192K)->32076K(32192K) Class: 4168K(4352K)->4168K(4352K)
[196.100s][info][gc             ] GC(1769) Pause Young (Allocation Failure) 411M->111M(1003M) 0.393ms
[196.100s][info][gc,cpu         ] GC(1769) User=0.00s Sys=0.00s Real=0.00s
[196.147s][info][gc,start       ] GC(1770) Pause Young (Allocation Failure)
[196.148s][info][gc,heap        ] GC(1770) PSYoungGen: 307360K(327680K)->160K(330752K) Eden: 307200K(307200K)->0K(311296K) From: 160K(20480K)->160K(19456K)
[196.148s][info][gc,heap        ] GC(1770) ParOldGen: 114313K(699392K)->114313K(699392K)
[196.148s][info][gc,metaspace   ] GC(1770) Metaspace: 36245K(36544K)->36245K(36544K) NonClass: 32076K(32192K)->32076K(32192K) Class: 4168K(4352K)->4168K(4352K)
[196.148s][info][gc             ] GC(1770) Pause Young (Allocation Failure) 411M->111M(1006M) 0.380ms
[196.148s][info][gc,cpu         ] GC(1770) User=0.00s Sys=0.00s Real=0.00s
[196.196s][info][gc,start       ] GC(1771) Pause Young (Allocation Failure)
[196.197s][info][gc,heap        ] GC(1771) PSYoungGen: 311456K(330752K)->160K(329728K) Eden: 311296K(311296K)->0K(311296K) From: 160K(19456K)->160K(18432K)
[196.197s][info][gc,heap        ] GC(1771) ParOldGen: 114313K(699392K)->114313K(699392K)
[196.197s][info][gc,metaspace   ] GC(1771) Metaspace: 36245K(36544K)->36245K(36544K) NonClass: 32076K(32192K)->32076K(32192K) Class: 4168K(4352K)->4168K(4352K)
[196.197s][info][gc             ] GC(1771) Pause Young (Allocation Failure) 415M->111M(1005M) 0.420ms
[196.197s][info][gc,cpu         ] GC(1771) User=0.00s Sys=0.00s Real=0.00s
[196.244s][info][gc,start       ] GC(1772) Pause Young (Allocation Failure)
[196.244s][info][gc,heap        ] GC(1772) PSYoungGen: 311456K(329728K)->160K(332800K) Eden: 311296K(311296K)->0K(315392K) From: 160K(18432K)->160K(17408K)
[196.244s][info][gc,heap        ] GC(1772) ParOldGen: 114313K(699392K)->114313K(699392K)
[196.244s][info][gc,metaspace   ] GC(1772) Metaspace: 36245K(36544K)->36245K(36544K) NonClass: 32076K(32192K)->32076K(32192K) Class: 4168K(4352K)->4168K(4352K)
[196.244s][info][gc             ] GC(1772) Pause Young (Allocation Failure) 415M->111M(1008M) 0.517ms
[196.244s][info][gc,cpu         ] GC(1772) User=0.00s Sys=0.00s Real=0.00s
[196.302s][info][gc,start       ] GC(1773) Pause Young (Allocation Failure)
[196.302s][info][gc,heap        ] GC(1773) PSYoungGen: 315552K(332800K)->160K(331776K) Eden: 315392K(315392K)->0K(315392K) From: 160K(17408K)->160K(16384K)
[196.302s][info][gc,heap        ] GC(1773) ParOldGen: 114313K(699392K)->114313K(699392K)
[196.302s][info][gc,metaspace   ] GC(1773) Metaspace: 36245K(36544K)->36245K(36544K) NonClass: 32076K(32192K)->32076K(32192K) Class: 4168K(4352K)->4168K(4352K)
[196.302s][info][gc             ] GC(1773) Pause Young (Allocation Failure) 419M->111M(1007M) 0.577ms
[196.302s][info][gc,cpu         ] GC(1773) User=0.00s Sys=0.00s Real=0.02s
[196.362s][info][gc,start       ] GC(1774) Pause Young (Allocation Failure)
[196.362s][info][gc,heap        ] GC(1774) PSYoungGen: 315552K(331776K)->160K(334336K) Eden: 315392K(315392K)->0K(318976K) From: 160K(16384K)->160K(15360K)
[196.362s][info][gc,heap        ] GC(1774) ParOldGen: 114313K(699392K)->114361K(699392K)
[196.362s][info][gc,metaspace   ] GC(1774) Metaspace: 36245K(36544K)->36245K(36544K) NonClass: 32076K(32192K)->32076K(32192K) Class: 4168K(4352K)->4168K(4352K)
[196.362s][info][gc             ] GC(1774) Pause Young (Allocation Failure) 419M->111M(1009M) 0.437ms
[196.362s][info][gc,cpu         ] GC(1774) User=0.00s Sys=0.00s Real=0.00s
[196.423s][info][gc,start       ] GC(1775) Pause Young (Allocation Failure)
[196.424s][info][gc,heap        ] GC(1775) PSYoungGen: 319136K(334336K)->192K(333824K) Eden: 318976K(318976K)->0K(318976K) From: 160K(15360K)->192K(14848K)
[196.424s][info][gc,heap        ] GC(1775) ParOldGen: 114361K(699392K)->114361K(699392K)
[196.424s][info][gc,metaspace   ] GC(1775) Metaspace: 36245K(36544K)->36245K(36544K) NonClass: 32076K(32192K)->32076K(32192K) Class: 4168K(4352K)->4168K(4352K)
[196.424s][info][gc             ] GC(1775) Pause Young (Allocation Failure) 423M->111M(1009M) 0.408ms
[196.424s][info][gc,cpu         ] GC(1775) User=0.00s Sys=0.00s Real=0.00s
[196.485s][info][gc,start       ] GC(1776) Pause Young (Allocation Failure)
[196.485s][info][gc,heap        ] GC(1776) PSYoungGen: 319168K(333824K)->192K(336384K) Eden: 318976K(318976K)->0K(322560K) From: 192K(14848K)->192K(13824K)
[196.485s][info][gc,heap        ] GC(1776) ParOldGen: 114361K(699392K)->114361K(699392K)
[196.485s][info][gc,metaspace   ] GC(1776) Metaspace: 36245K(36544K)->36245K(36544K) NonClass: 32076K(32192K)->32076K(32192K) Class: 4168K(4352K)->4168K(4352K)
[196.485s][info][gc             ] GC(1776) Pause Young (Allocation Failure) 423M->111M(1011M) 0.430ms
[196.485s][info][gc,cpu         ] GC(1776) User=0.00s Sys=0.00s Real=0.00s
[196.547s][info][gc,start       ] GC(1777) Pause Young (Allocation Failure)
[196.547s][info][gc,heap        ] GC(1777) PSYoungGen: 322752K(336384K)->192K(335360K) Eden: 322560K(322560K)->0K(322560K) From: 192K(13824K)->192K(12800K)
[196.547s][info][gc,heap        ] GC(1777) ParOldGen: 114361K(699392K)->114361K(699392K)
[196.547s][info][gc,metaspace   ] GC(1777) Metaspace: 36245K(36544K)->36245K(36544K) NonClass: 32076K(32192K)->32076K(32192K) Class: 4168K(4352K)->4168K(4352K)
[196.547s][info][gc             ] GC(1777) Pause Young (Allocation Failure) 426M->111M(1010M) 0.454ms
[196.547s][info][gc,cpu         ] GC(1777) User=0.09s Sys=0.00s Real=0.00s
[196.610s][info][gc,start       ] GC(1778) Pause Young (Allocation Failure)
[196.610s][info][gc,heap        ] GC(1778) PSYoungGen: 322752K(335360K)->160K(337920K) Eden: 322560K(322560K)->0K(325632K) From: 192K(12800K)->160K(12288K)
[196.610s][info][gc,heap        ] GC(1778) ParOldGen: 114361K(699392K)->114361K(699392K)
[196.610s][info][gc,metaspace   ] GC(1778) Metaspace: 36245K(36544K)->36245K(36544K) NonClass: 32076K(32192K)->32076K(32192K) Class: 4168K(4352K)->4168K(4352K)
[196.610s][info][gc             ] GC(1778) Pause Young (Allocation Failure) 426M->111M(1013M) 0.423ms
[196.610s][info][gc,cpu         ] GC(1778) User=0.00s Sys=0.00s Real=0.00s
[196.671s][info][gc,start       ] GC(1779) Pause Young (Allocation Failure)
[196.671s][info][gc,heap        ] GC(1779) PSYoungGen: 325792K(337920K)->192K(336896K) Eden: 325632K(325632K)->0K(325632K) From: 160K(12288K)->192K(11264K)
[196.671s][info][gc,heap        ] GC(1779) ParOldGen: 114361K(699392K)->114361K(699392K)
[196.671s][info][gc,metaspace   ] GC(1779) Metaspace: 36245K(36544K)->36245K(36544K) NonClass: 32076K(32192K)->32076K(32192K) Class: 4168K(4352K)->4168K(4352K)
[196.671s][info][gc             ] GC(1779) Pause Young (Allocation Failure) 429M->111M(1012M) 0.429ms
[196.671s][info][gc,cpu         ] GC(1779) User=0.00s Sys=0.00s Real=0.00s
[196.732s][info][gc,start       ] GC(1780) Pause Young (Allocation Failure)
[196.733s][info][gc,heap        ] GC(1780) PSYoungGen: 325824K(336896K)->160K(339456K) Eden: 325632K(325632K)->0K(328704K) From: 192K(11264K)->160K(10752K)
[196.733s][info][gc,heap        ] GC(1780) ParOldGen: 114361K(699392K)->114361K(699392K)
[196.733s][info][gc,metaspace   ] GC(1780) Metaspace: 36245K(36544K)->36245K(36544K) NonClass: 32076K(32192K)->32076K(32192K) Class: 4168K(4352K)->4168K(4352K)
[196.733s][info][gc             ] GC(1780) Pause Young (Allocation Failure) 429M->111M(1014M) 0.405ms
[196.733s][info][gc,cpu         ] GC(1780) User=0.00s Sys=0.00s Real=0.00s
[196.794s][info][gc,start       ] GC(1781) Pause Young (Allocation Failure)
[196.794s][info][gc,heap        ] GC(1781) PSYoungGen: 328864K(339456K)->160K(338432K) Eden: 328704K(328704K)->0K(328704K) From: 160K(10752K)->160K(9728K)
[196.794s][info][gc,heap        ] GC(1781) ParOldGen: 114361K(699392K)->114361K(699392K)
[196.794s][info][gc,metaspace   ] GC(1781) Metaspace: 36245K(36544K)->36245K(36544K) NonClass: 32076K(32192K)->32076K(32192K) Class: 4168K(4352K)->4168K(4352K)
[196.794s][info][gc             ] GC(1781) Pause Young (Allocation Failure) 432M->111M(1013M) 0.450ms
[196.795s][info][gc,cpu         ] GC(1781) User=0.00s Sys=0.00s Real=0.00s
[196.860s][info][gc,start       ] GC(1782) Pause Young (Allocation Failure)
[196.861s][info][gc,heap        ] GC(1782) PSYoungGen: 328864K(338432K)->192K(340480K) Eden: 328704K(328704K)->0K(331264K) From: 160K(9728K)->192K(9216K)
[196.861s][info][gc,heap        ] GC(1782) ParOldGen: 114361K(699392K)->114361K(699392K)
[196.861s][info][gc,metaspace   ] GC(1782) Metaspace: 36245K(36544K)->36245K(36544K) NonClass: 32076K(32192K)->32076K(32192K) Class: 4168K(4352K)->4168K(4352K)
[196.861s][info][gc             ] GC(1782) Pause Young (Allocation Failure) 432M->111M(1015M) 0.425ms
[196.861s][info][gc,cpu         ] GC(1782) User=0.00s Sys=0.00s Real=0.00s
[196.922s][info][gc,start       ] GC(1783) Pause Young (Allocation Failure)
[196.922s][info][gc,heap        ] GC(1783) PSYoungGen: 331456K(340480K)->160K(339968K) Eden: 331264K(331264K)->0K(331264K) From: 192K(9216K)->160K(8704K)
[196.923s][info][gc,heap        ] GC(1783) ParOldGen: 114361K(699392K)->114361K(699392K)
[196.923s][info][gc,metaspace   ] GC(1783) Metaspace: 36245K(36544K)->36245K(36544K) NonClass: 32076K(32192K)->32076K(32192K) Class: 4168K(4352K)->4168K(4352K)
[196.923s][info][gc             ] GC(1783) Pause Young (Allocation Failure) 435M->111M(1015M) 0.405ms
[196.923s][info][gc,cpu         ] GC(1783) User=0.00s Sys=0.00s Real=0.00s
[196.984s][info][gc,start       ] GC(1784) Pause Young (Allocation Failure)
[196.985s][info][gc,heap        ] GC(1784) PSYoungGen: 331424K(339968K)->192K(341504K) Eden: 331264K(331264K)->0K(333312K) From: 160K(8704K)->192K(8192K)
[196.985s][info][gc,heap        ] GC(1784) ParOldGen: 114361K(699392K)->114361K(699392K)
[196.985s][info][gc,metaspace   ] GC(1784) Metaspace: 36245K(36544K)->36245K(36544K) NonClass: 32076K(32192K)->32076K(32192K) Class: 4168K(4352K)->4168K(4352K)
[196.985s][info][gc             ] GC(1784) Pause Young (Allocation Failure) 435M->111M(1016M) 0.457ms
[196.985s][info][gc,cpu         ] GC(1784) User=0.00s Sys=0.00s Real=0.00s
[197.045s][info][gc,start       ] GC(1785) Pause Young (Allocation Failure)
[197.045s][info][gc,heap        ] GC(1785) PSYoungGen: 333504K(341504K)->192K(340992K) Eden: 333312K(333312K)->0K(333312K) From: 192K(8192K)->192K(7680K)
[197.045s][info][gc,heap        ] GC(1785) ParOldGen: 114361K(699392K)->114361K(699392K)
[197.045s][info][gc,metaspace   ] GC(1785) Metaspace: 36245K(36544K)->36245K(36544K) NonClass: 32076K(32192K)->32076K(32192K) Class: 4168K(4352K)->4168K(4352K)
[197.045s][info][gc             ] GC(1785) Pause Young (Allocation Failure) 437M->111M(1016M) 0.422ms
[197.045s][info][gc,cpu         ] GC(1785) User=0.00s Sys=0.00s Real=0.00s
[197.108s][info][gc,start       ] GC(1786) Pause Young (Allocation Failure)
[197.108s][info][gc,heap        ] GC(1786) PSYoungGen: 333504K(340992K)->192K(342528K) Eden: 333312K(333312K)->0K(335360K) From: 192K(7680K)->192K(7168K)
[197.108s][info][gc,heap        ] GC(1786) ParOldGen: 114361K(699392K)->114361K(699392K)
[197.108s][info][gc,metaspace   ] GC(1786) Metaspace: 36245K(36544K)->36245K(36544K) NonClass: 32076K(32192K)->32076K(32192K) Class: 4168K(4352K)->4168K(4352K)
[197.108s][info][gc             ] GC(1786) Pause Young (Allocation Failure) 437M->111M(1017M) 0.436ms
[197.108s][info][gc,cpu         ] GC(1786) User=0.00s Sys=0.00s Real=0.00s
[197.173s][info][gc,start       ] GC(1787) Pause Young (Allocation Failure)
[197.173s][info][gc,heap        ] GC(1787) PSYoungGen: 335552K(342528K)->192K(342016K) Eden: 335360K(335360K)->0K(335360K) From: 192K(7168K)->192K(6656K)
[197.174s][info][gc,heap        ] GC(1787) ParOldGen: 114361K(699392K)->114361K(699392K)
[197.174s][info][gc,metaspace   ] GC(1787) Metaspace: 36245K(36544K)->36245K(36544K) NonClass: 32076K(32192K)->32076K(32192K) Class: 4168K(4352K)->4168K(4352K)
[197.174s][info][gc             ] GC(1787) Pause Young (Allocation Failure) 439M->111M(1017M) 0.391ms
[197.174s][info][gc,cpu         ] GC(1787) User=0.00s Sys=0.00s Real=0.00s
[197.238s][info][gc,start       ] GC(1788) Pause Young (Allocation Failure)
[197.239s][info][gc,heap        ] GC(1788) PSYoungGen: 335552K(342016K)->160K(343552K) Eden: 335360K(335360K)->0K(337408K) From: 192K(6656K)->160K(6144K)
[197.239s][info][gc,heap        ] GC(1788) ParOldGen: 114361K(699392K)->114361K(699392K)
[197.239s][info][gc,metaspace   ] GC(1788) Metaspace: 36245K(36544K)->36245K(36544K) NonClass: 32076K(32192K)->32076K(32192K) Class: 4168K(4352K)->4168K(4352K)
[197.239s][info][gc             ] GC(1788) Pause Young (Allocation Failure) 439M->111M(1018M) 0.394ms
[197.239s][info][gc,cpu         ] GC(1788) User=0.00s Sys=0.00s Real=0.00s
[197.302s][info][gc,start       ] GC(1789) Pause Young (Allocation Failure)
[197.302s][info][gc,heap        ] GC(1789) PSYoungGen: 337568K(343552K)->192K(343040K) Eden: 337408K(337408K)->0K(337408K) From: 160K(6144K)->192K(5632K)
[197.302s][info][gc,heap        ] GC(1789) ParOldGen: 114361K(699392K)->114361K(699392K)
[197.302s][info][gc,metaspace   ] GC(1789) Metaspace: 36245K(36544K)->36245K(36544K) NonClass: 32076K(32192K)->32076K(32192K) Class: 4168K(4352K)->4168K(4352K)
[197.302s][info][gc             ] GC(1789) Pause Young (Allocation Failure) 441M->111M(1018M) 0.447ms
[197.302s][info][gc,cpu         ] GC(1789) User=0.00s Sys=0.00s Real=0.00s
[197.367s][info][gc,start       ] GC(1790) Pause Young (Allocation Failure)
[197.367s][info][gc,heap        ] GC(1790) PSYoungGen: 337600K(343040K)->160K(344576K) Eden: 337408K(337408K)->0K(339456K) From: 192K(5632K)->160K(5120K)
[197.368s][info][gc,heap        ] GC(1790) ParOldGen: 114361K(699392K)->114361K(699392K)
[197.368s][info][gc,metaspace   ] GC(1790) Metaspace: 36245K(36544K)->36245K(36544K) NonClass: 32076K(32192K)->32076K(32192K) Class: 4168K(4352K)->4168K(4352K)
[197.368s][info][gc             ] GC(1790) Pause Young (Allocation Failure) 441M->111M(1019M) 0.479ms
[197.368s][info][gc,cpu         ] GC(1790) User=0.00s Sys=0.00s Real=0.02s
[197.432s][info][gc,start       ] GC(1791) Pause Young (Allocation Failure)
[197.432s][info][gc,heap        ] GC(1791) PSYoungGen: 339616K(344576K)->160K(344064K) Eden: 339456K(339456K)->0K(339456K) From: 160K(5120K)->160K(4608K)
[197.432s][info][gc,heap        ] GC(1791) ParOldGen: 114361K(699392K)->114361K(699392K)
[197.432s][info][gc,metaspace   ] GC(1791) Metaspace: 36245K(36544K)->36245K(36544K) NonClass: 32076K(32192K)->32076K(32192K) Class: 4168K(4352K)->4168K(4352K)
[197.432s][info][gc             ] GC(1791) Pause Young (Allocation Failure) 443M->111M(1019M) 0.416ms
[197.432s][info][gc,cpu         ] GC(1791) User=0.00s Sys=0.00s Real=0.00s
[197.497s][info][gc,start       ] GC(1792) Pause Young (Allocation Failure)
[197.497s][info][gc,heap        ] GC(1792) PSYoungGen: 339616K(344064K)->160K(345088K) Eden: 339456K(339456K)->0K(340480K) From: 160K(4608K)->160K(4608K)
[197.497s][info][gc,heap        ] GC(1792) ParOldGen: 114361K(699392K)->114361K(699392K)
[197.497s][info][gc,metaspace   ] GC(1792) Metaspace: 36245K(36544K)->36245K(36544K) NonClass: 32076K(32192K)->32076K(32192K) Class: 4168K(4352K)->4168K(4352K)
[197.497s][info][gc             ] GC(1792) Pause Young (Allocation Failure) 443M->111M(1020M) 0.434ms
[197.497s][info][gc,cpu         ] GC(1792) User=0.00s Sys=0.00s Real=0.00s
[197.562s][info][gc,start       ] GC(1793) Pause Young (Allocation Failure)
[197.562s][info][gc,heap        ] GC(1793) PSYoungGen: 340640K(345088K)->192K(344576K) Eden: 340480K(340480K)->0K(340480K) From: 160K(4608K)->192K(4096K)
[197.562s][info][gc,heap        ] GC(1793) ParOldGen: 114361K(699392K)->114361K(699392K)
[197.562s][info][gc,metaspace   ] GC(1793) Metaspace: 36245K(36544K)->36245K(36544K) NonClass: 32076K(32192K)->32076K(32192K) Class: 4168K(4352K)->4168K(4352K)
[197.562s][info][gc             ] GC(1793) Pause Young (Allocation Failure) 444M->111M(1019M) 0.398ms
[197.562s][info][gc,cpu         ] GC(1793) User=0.03s Sys=0.00s Real=0.00s
[197.625s][info][gc,start       ] GC(1794) Pause Young (Allocation Failure)
[197.625s][info][gc,heap        ] GC(1794) PSYoungGen: 340672K(344576K)->192K(345600K) Eden: 340480K(340480K)->0K(341504K) From: 192K(4096K)->192K(4096K)
[197.625s][info][gc,heap        ] GC(1794) ParOldGen: 114361K(699392K)->114361K(699392K)
[197.625s][info][gc,metaspace   ] GC(1794) Metaspace: 36245K(36544K)->36245K(36544K) NonClass: 32076K(32192K)->32076K(32192K) Class: 4168K(4352K)->4168K(4352K)
[197.625s][info][gc             ] GC(1794) Pause Young (Allocation Failure) 444M->111M(1020M) 0.422ms
[197.625s][info][gc,cpu         ] GC(1794) User=0.00s Sys=0.02s Real=0.00s
[197.690s][info][gc,start       ] GC(1795) Pause Young (Allocation Failure)
[197.691s][info][gc,heap        ] GC(1795) PSYoungGen: 341696K(345600K)->160K(345088K) Eden: 341504K(341504K)->0K(341504K) From: 192K(4096K)->160K(3584K)
[197.691s][info][gc,heap        ] GC(1795) ParOldGen: 114361K(699392K)->114361K(699392K)
[197.691s][info][gc,metaspace   ] GC(1795) Metaspace: 36245K(36544K)->36245K(36544K) NonClass: 32076K(32192K)->32076K(32192K) Class: 4168K(4352K)->4168K(4352K)
[197.691s][info][gc             ] GC(1795) Pause Young (Allocation Failure) 445M->111M(1020M) 0.423ms
[197.691s][info][gc,cpu         ] GC(1795) User=0.00s Sys=0.00s Real=0.00s
[197.755s][info][gc,start       ] GC(1796) Pause Young (Allocation Failure)
[197.755s][info][gc,heap        ] GC(1796) PSYoungGen: 341664K(345088K)->192K(346112K) Eden: 341504K(341504K)->0K(342528K) From: 160K(3584K)->192K(3584K)
[197.755s][info][gc,heap        ] GC(1796) ParOldGen: 114361K(699392K)->114361K(699392K)
[197.755s][info][gc,metaspace   ] GC(1796) Metaspace: 36245K(36544K)->36245K(36544K) NonClass: 32076K(32192K)->32076K(32192K) Class: 4168K(4352K)->4168K(4352K)
[197.755s][info][gc             ] GC(1796) Pause Young (Allocation Failure) 445M->111M(1021M) 0.442ms
[197.755s][info][gc,cpu         ] GC(1796) User=0.00s Sys=0.00s Real=0.00s
[197.824s][info][gc,start       ] GC(1797) Pause Young (Allocation Failure)
[197.824s][info][gc,heap        ] GC(1797) PSYoungGen: 342720K(346112K)->160K(345600K) Eden: 342528K(342528K)->0K(342528K) From: 192K(3584K)->160K(3072K)
[197.824s][info][gc,heap        ] GC(1797) ParOldGen: 114361K(699392K)->114361K(699392K)
[197.824s][info][gc,metaspace   ] GC(1797) Metaspace: 36245K(36544K)->36245K(36544K) NonClass: 32076K(32192K)->32076K(32192K) Class: 4168K(4352K)->4168K(4352K)
[197.824s][info][gc             ] GC(1797) Pause Young (Allocation Failure) 446M->111M(1020M) 0.393ms
[197.824s][info][gc,cpu         ] GC(1797) User=0.00s Sys=0.00s Real=0.00s
[197.891s][info][gc,start       ] GC(1798) Pause Young (Allocation Failure)
[197.892s][info][gc,heap        ] GC(1798) PSYoungGen: 342688K(345600K)->192K(346624K) Eden: 342528K(342528K)->0K(343552K) From: 160K(3072K)->192K(3072K)
[197.892s][info][gc,heap        ] GC(1798) ParOldGen: 114361K(699392K)->114361K(699392K)
[197.892s][info][gc,metaspace   ] GC(1798) Metaspace: 36245K(36544K)->36245K(36544K) NonClass: 32076K(32192K)->32076K(32192K) Class: 4168K(4352K)->4168K(4352K)
[197.892s][info][gc             ] GC(1798) Pause Young (Allocation Failure) 446M->111M(1021M) 0.483ms
[197.892s][info][gc,cpu         ] GC(1798) User=0.00s Sys=0.00s Real=0.00s
[197.959s][info][gc,start       ] GC(1799) Pause Young (Allocation Failure)
[197.959s][info][gc,heap        ] GC(1799) PSYoungGen: 343744K(346624K)->192K(346112K) Eden: 343552K(343552K)->0K(343552K) From: 192K(3072K)->192K(2560K)
[197.959s][info][gc,heap        ] GC(1799) ParOldGen: 114361K(699392K)->114361K(699392K)
[197.959s][info][gc,metaspace   ] GC(1799) Metaspace: 36245K(36544K)->36245K(36544K) NonClass: 32076K(32192K)->32076K(32192K) Class: 4168K(4352K)->4168K(4352K)
[197.959s][info][gc             ] GC(1799) Pause Young (Allocation Failure) 447M->111M(1021M) 0.453ms
[197.959s][info][gc,cpu         ] GC(1799) User=0.00s Sys=0.00s Real=0.00s
[198.045s][info][gc,start       ] GC(1800) Pause Young (Allocation Failure)
[198.045s][info][gc,heap        ] GC(1800) PSYoungGen: 343744K(346112K)->192K(346624K) Eden: 343552K(343552K)->0K(344064K) From: 192K(2560K)->192K(2560K)
[198.045s][info][gc,heap        ] GC(1800) ParOldGen: 114361K(699392K)->114361K(699392K)
[198.045s][info][gc,metaspace   ] GC(1800) Metaspace: 36245K(36544K)->36245K(36544K) NonClass: 32076K(32192K)->32076K(32192K) Class: 4168K(4352K)->4168K(4352K)
[198.045s][info][gc             ] GC(1800) Pause Young (Allocation Failure) 447M->111M(1021M) 0.426ms
[198.045s][info][gc,cpu         ] GC(1800) User=0.00s Sys=0.00s Real=0.00s
[198.369s][info][gc,start       ] GC(1801) Pause Young (Allocation Failure)
[198.383s][info][gc,heap        ] GC(1801) PSYoungGen: 341344K(346624K)->2560K(346624K) Eden: 341152K(344064K)->0K(344064K) From: 192K(2560K)->2560K(2560K)
[198.383s][info][gc,heap        ] GC(1801) ParOldGen: 114361K(699392K)->152621K(699392K)
[198.383s][info][gc,metaspace   ] GC(1801) Metaspace: 36245K(36544K)->36245K(36544K) NonClass: 32076K(32192K)->32076K(32192K) Class: 4168K(4352K)->4168K(4352K)
[198.383s][info][gc             ] GC(1801) Pause Young (Allocation Failure) 445M->151M(1021M) 13.696ms
[198.383s][info][gc,cpu         ] GC(1801) User=0.09s Sys=0.00s Real=0.01s
[198.696s][info][gc,start       ] GC(1802) Pause Young (Allocation Failure)
[198.711s][info][gc,heap        ] GC(1802) PSYoungGen: 346624K(346624K)->2553K(292352K) Eden: 344064K(344064K)->0K(289792K) From: 2560K(2560K)->2553K(2560K)
[198.711s][info][gc,heap        ] GC(1802) ParOldGen: 152621K(699392K)->192107K(699392K)
[198.711s][info][gc,metaspace   ] GC(1802) Metaspace: 36245K(36544K)->36245K(36544K) NonClass: 32076K(32192K)->32076K(32192K) Class: 4168K(4352K)->4168K(4352K)
[198.711s][info][gc             ] GC(1802) Pause Young (Allocation Failure) 487M->190M(968M) 15.414ms
[198.711s][info][gc,cpu         ] GC(1802) User=0.09s Sys=0.00s Real=0.02s
[198.968s][info][gc,start       ] GC(1803) Pause Young (Allocation Failure)
[198.975s][info][gc,heap        ] GC(1803) PSYoungGen: 290512K(292352K)->15571K(305664K) Eden: 287959K(289792K)->0K(289792K) From: 2553K(2560K)->15571K(15872K)
[198.975s][info][gc,heap        ] GC(1803) ParOldGen: 192107K(699392K)->193593K(699392K)
[198.975s][info][gc,metaspace   ] GC(1803) Metaspace: 36245K(36544K)->36245K(36544K) NonClass: 32076K(32192K)->32076K(32192K) Class: 4168K(4352K)->4168K(4352K)
[198.975s][info][gc             ] GC(1803) Pause Young (Allocation Failure) 471M->204M(981M) 7.348ms
[198.975s][info][gc,cpu         ] GC(1803) User=0.09s Sys=0.00s Real=0.01s
[199.235s][info][gc,start       ] GC(1804) Pause Young (Allocation Failure)
[199.240s][info][gc,heap        ] GC(1804) PSYoungGen: 305363K(305664K)->9138K(321024K) Eden: 289792K(289792K)->0K(290816K) From: 15571K(15872K)->9138K(30208K)
[199.240s][info][gc,heap        ] GC(1804) ParOldGen: 193593K(699392K)->195442K(699392K)
[199.240s][info][gc,metaspace   ] GC(1804) Metaspace: 36245K(36544K)->36245K(36544K) NonClass: 32076K(32192K)->32076K(32192K) Class: 4168K(4352K)->4168K(4352K)
[199.240s][info][gc             ] GC(1804) Pause Young (Allocation Failure) 487M->199M(996M) 5.316ms
[199.240s][info][gc,cpu         ] GC(1804) User=0.00s Sys=0.00s Real=0.01s
[199.489s][info][gc,start       ] GC(1805) Pause Young (Allocation Failure)
[199.495s][info][gc,heap        ] GC(1805) PSYoungGen: 297854K(321024K)->16514K(318976K) Eden: 288716K(290816K)->0K(290816K) From: 9138K(30208K)->16514K(28160K)
[199.495s][info][gc,heap        ] GC(1805) ParOldGen: 195442K(699392K)->196451K(699392K)
[199.495s][info][gc,metaspace   ] GC(1805) Metaspace: 36245K(36544K)->36245K(36544K) NonClass: 32076K(32192K)->32076K(32192K) Class: 4168K(4352K)->4168K(4352K)
[199.495s][info][gc             ] GC(1805) Pause Young (Allocation Failure) 481M->207M(994M) 6.392ms
[199.495s][info][gc,cpu         ] GC(1805) User=0.00s Sys=0.00s Real=0.02s
[199.754s][info][gc,start       ] GC(1806) Pause Young (Allocation Failure)
[199.759s][info][gc,heap        ] GC(1806) PSYoungGen: 307330K(318976K)->10034K(321536K) Eden: 290816K(290816K)->0K(292352K) From: 16514K(28160K)->10034K(29184K)
[199.759s][info][gc,heap        ] GC(1806) ParOldGen: 196451K(699392K)->197287K(699392K)
[199.759s][info][gc,metaspace   ] GC(1806) Metaspace: 36245K(36544K)->36245K(36544K) NonClass: 32076K(32192K)->32076K(32192K) Class: 4168K(4352K)->4168K(4352K)
[199.759s][info][gc             ] GC(1806) Pause Young (Allocation Failure) 491M->202M(997M) 5.148ms
[199.759s][info][gc,cpu         ] GC(1806) User=0.00s Sys=0.00s Real=0.01s
[200.011s][info][gc,start       ] GC(1807) Pause Young (Allocation Failure)
[200.017s][info][gc,heap        ] GC(1807) PSYoungGen: 301353K(321536K)->13174K(320000K) Eden: 291318K(292352K)->0K(292352K) From: 10034K(29184K)->13174K(27648K)
[200.017s][info][gc,heap        ] GC(1807) ParOldGen: 197287K(699392K)->197960K(699392K)
[200.017s][info][gc,metaspace   ] GC(1807) Metaspace: 36245K(36544K)->36245K(36544K) NonClass: 32076K(32192K)->32076K(32192K) Class: 4168K(4352K)->4168K(4352K)
[200.017s][info][gc             ] GC(1807) Pause Young (Allocation Failure) 486M->206M(995M) 5.779ms
[200.017s][info][gc,cpu         ] GC(1807) User=0.09s Sys=0.00s Real=0.02s
[200.271s][info][gc,start       ] GC(1808) Pause Young (Allocation Failure)
[200.276s][info][gc,heap        ] GC(1808) PSYoungGen: 305526K(320000K)->8902K(323584K) Eden: 292352K(292352K)->0K(296448K) From: 13174K(27648K)->8902K(27136K)
[200.276s][info][gc,heap        ] GC(1808) ParOldGen: 197960K(699392K)->198387K(699392K)
[200.276s][info][gc,metaspace   ] GC(1808) Metaspace: 36245K(36544K)->36245K(36544K) NonClass: 32076K(32192K)->32076K(32192K) Class: 4168K(4352K)->4168K(4352K)
[200.276s][info][gc             ] GC(1808) Pause Young (Allocation Failure) 491M->202M(999M) 4.626ms
[200.276s][info][gc,cpu         ] GC(1808) User=0.00s Sys=0.00s Real=0.01s
[200.554s][info][gc,start       ] GC(1809) Pause Young (Allocation Failure)
[200.560s][info][gc,heap        ] GC(1809) PSYoungGen: 304685K(323584K)->12773K(322048K) Eden: 295782K(296448K)->0K(296448K) From: 8902K(27136K)->12773K(25600K)
[200.560s][info][gc,heap        ] GC(1809) ParOldGen: 198387K(699392K)->198775K(699392K)
[200.560s][info][gc,metaspace   ] GC(1809) Metaspace: 36245K(36544K)->36245K(36544K) NonClass: 32076K(32192K)->32076K(32192K) Class: 4168K(4352K)->4168K(4352K)
[200.560s][info][gc             ] GC(1809) Pause Young (Allocation Failure) 491M->206M(997M) 5.804ms
[200.560s][info][gc,cpu         ] GC(1809) User=0.00s Sys=0.00s Real=0.01s
[200.824s][info][gc,start       ] GC(1810) Pause Young (Allocation Failure)
[200.829s][info][gc,heap        ] GC(1810) PSYoungGen: 309221K(322048K)->10118K(325632K) Eden: 296448K(296448K)->0K(300544K) From: 12773K(25600K)->10118K(25088K)
[200.829s][info][gc,heap        ] GC(1810) ParOldGen: 198775K(699392K)->199589K(699392K)
[200.829s][info][gc,metaspace   ] GC(1810) Metaspace: 36245K(36544K)->36245K(36544K) NonClass: 32076K(32192K)->32076K(32192K) Class: 4168K(4352K)->4168K(4352K)
[200.829s][info][gc             ] GC(1810) Pause Young (Allocation Failure) 496M->204M(1001M) 5.082ms
[200.829s][info][gc,cpu         ] GC(1810) User=0.09s Sys=0.00s Real=0.01s
[201.094s][info][gc,start       ] GC(1811) Pause Young (Allocation Failure)
[201.100s][info][gc,heap        ] GC(1811) PSYoungGen: 310085K(325632K)->15831K(324096K) Eden: 299967K(300544K)->0K(300544K) From: 10118K(25088K)->15831K(23552K)
[201.100s][info][gc,heap        ] GC(1811) ParOldGen: 199589K(699392K)->200244K(699392K)
[201.100s][info][gc,metaspace   ] GC(1811) Metaspace: 36245K(36544K)->36245K(36544K) NonClass: 32076K(32192K)->32076K(32192K) Class: 4168K(4352K)->4168K(4352K)
[201.100s][info][gc             ] GC(1811) Pause Young (Allocation Failure) 497M->211M(999M) 6.275ms
[201.100s][info][gc,cpu         ] GC(1811) User=0.02s Sys=0.00s Real=0.01s
[201.375s][info][gc,start       ] GC(1812) Pause Young (Allocation Failure)
[201.381s][info][gc,heap        ] GC(1812) PSYoungGen: 315159K(324096K)->13966K(325120K) Eden: 299327K(300544K)->0K(300544K) From: 15831K(23552K)->13966K(24576K)
[201.381s][info][gc,heap        ] GC(1812) ParOldGen: 200244K(699392K)->200695K(699392K)
[201.381s][info][gc,metaspace   ] GC(1812) Metaspace: 36245K(36544K)->36245K(36544K) NonClass: 32076K(32192K)->32076K(32192K) Class: 4168K(4352K)->4168K(4352K)
[201.381s][info][gc             ] GC(1812) Pause Young (Allocation Failure) 503M->209M(1000M) 5.983ms
[201.381s][info][gc,cpu         ] GC(1812) User=0.00s Sys=0.00s Real=0.02s
[201.647s][info][gc,start       ] GC(1813) Pause Young (Allocation Failure)
[201.653s][info][gc,heap        ] GC(1813) PSYoungGen: 314510K(325120K)->8856K(324608K) Eden: 300544K(300544K)->0K(300544K) From: 13966K(24576K)->8856K(24064K)
[201.653s][info][gc,heap        ] GC(1813) ParOldGen: 200695K(699392K)->201529K(699392K)
[201.653s][info][gc,metaspace   ] GC(1813) Metaspace: 36245K(36544K)->36245K(36544K) NonClass: 32076K(32192K)->32076K(32192K) Class: 4168K(4352K)->4168K(4352K)
[201.653s][info][gc             ] GC(1813) Pause Young (Allocation Failure) 503M->205M(1000M) 5.697ms
[201.653s][info][gc,cpu         ] GC(1813) User=0.00s Sys=0.00s Real=0.00s
[201.928s][info][gc,start       ] GC(1814) Pause Young (Allocation Failure)
[201.935s][info][gc,heap        ] GC(1814) PSYoungGen: 307863K(324608K)->17399K(323584K) Eden: 299006K(300544K)->0K(300032K) From: 8856K(24064K)->17399K(23552K)
[201.935s][info][gc,heap        ] GC(1814) ParOldGen: 201529K(699392K)->202245K(699392K)
[201.935s][info][gc,metaspace   ] GC(1814) Metaspace: 36245K(36544K)->36245K(36544K) NonClass: 32076K(32192K)->32076K(32192K) Class: 4168K(4352K)->4168K(4352K)
[201.935s][info][gc             ] GC(1814) Pause Young (Allocation Failure) 497M->214M(999M) 7.153ms
[201.935s][info][gc,cpu         ] GC(1814) User=0.00s Sys=0.00s Real=0.01s
[202.203s][info][gc,start       ] GC(1815) Pause Young (Allocation Failure)
[202.209s][info][gc,heap        ] GC(1815) PSYoungGen: 317431K(323584K)->11865K(324608K) Eden: 300032K(300032K)->0K(300032K) From: 17399K(23552K)->11865K(24576K)
[202.209s][info][gc,heap        ] GC(1815) ParOldGen: 202245K(699392K)->205225K(699392K)
[202.209s][info][gc,metaspace   ] GC(1815) Metaspace: 36245K(36544K)->36245K(36544K) NonClass: 32076K(32192K)->32076K(32192K) Class: 4168K(4352K)->4168K(4352K)
[202.210s][info][gc             ] GC(1815) Pause Young (Allocation Failure) 507M->212M(1000M) 6.717ms
[202.210s][info][gc,cpu         ] GC(1815) User=0.09s Sys=0.00s Real=0.01s
[202.241s][info][gc,start       ] GC(1816) Pause Young (System.gc())
[202.245s][info][gc,heap        ] GC(1816) PSYoungGen: 45019K(324608K)->6528K(326144K) Eden: 33154K(300032K)->0K(302592K) From: 11865K(24576K)->6528K(23552K)
[202.245s][info][gc,heap        ] GC(1816) ParOldGen: 205225K(699392K)->210422K(699392K)
[202.245s][info][gc,metaspace   ] GC(1816) Metaspace: 36245K(36544K)->36245K(36544K) NonClass: 32076K(32192K)->32076K(32192K) Class: 4168K(4352K)->4168K(4352K)
[202.245s][info][gc             ] GC(1816) Pause Young (System.gc()) 244M->211M(1001M) 3.786ms
[202.245s][info][gc,cpu         ] GC(1816) User=0.00s Sys=0.00s Real=0.01s
[202.245s][info][gc,start       ] GC(1817) Pause Full (System.gc())
[202.245s][info][gc,phases,start] GC(1817) Marking Phase
[202.261s][info][gc,phases      ] GC(1817) Marking Phase 16.155ms
[202.261s][info][gc,phases,start] GC(1817) Summary Phase
[202.261s][info][gc,phases      ] GC(1817) Summary Phase 0.012ms
[202.261s][info][gc,phases,start] GC(1817) Adjust Roots
[202.265s][info][gc,phases      ] GC(1817) Adjust Roots 4.046ms
[202.265s][info][gc,phases,start] GC(1817) Compaction Phase
[202.274s][info][gc,phases      ] GC(1817) Compaction Phase 8.867ms
[202.274s][info][gc,phases,start] GC(1817) Post Compact
[202.275s][info][gc,phases      ] GC(1817) Post Compact 0.852ms
[202.275s][info][gc,heap        ] GC(1817) PSYoungGen: 6528K(326144K)->0K(326144K) Eden: 0K(302592K)->0K(302592K) From: 6528K(23552K)->0K(23552K)
[202.275s][info][gc,heap        ] GC(1817) ParOldGen: 210422K(699392K)->113751K(699392K)
[202.275s][info][gc,metaspace   ] GC(1817) Metaspace: 36245K(36544K)->36245K(36544K) NonClass: 32076K(32192K)->32076K(32192K) Class: 4168K(4352K)->4168K(4352K)
[202.275s][info][gc             ] GC(1817) Pause Full (System.gc()) 211M->111M(1001M) 30.226ms
[202.275s][info][gc,cpu         ] GC(1817) User=0.09s Sys=0.00s Real=0.03s
[202.324s][info][gc,start       ] GC(1818) Pause Young (Allocation Failure)
[202.324s][info][gc,heap        ] GC(1818) PSYoungGen: 302592K(326144K)->192K(325632K) Eden: 302592K(302592K)->0K(302592K) From: 0K(23552K)->192K(23040K)
[202.324s][info][gc,heap        ] GC(1818) ParOldGen: 113751K(699392K)->113751K(699392K)
[202.324s][info][gc,metaspace   ] GC(1818) Metaspace: 36245K(36544K)->36245K(36544K) NonClass: 32076K(32192K)->32076K(32192K) Class: 4168K(4352K)->4168K(4352K)
[202.324s][info][gc             ] GC(1818) Pause Young (Allocation Failure) 406M->111M(1001M) 0.390ms
[202.324s][info][gc,cpu         ] GC(1818) User=0.00s Sys=0.00s Real=0.00s
[202.370s][info][gc,start       ] GC(1819) Pause Young (Allocation Failure)
[202.370s][info][gc,heap        ] GC(1819) PSYoungGen: 302784K(325632K)->160K(324608K) Eden: 302592K(302592K)->0K(301056K) From: 192K(23040K)->160K(23552K)
[202.370s][info][gc,heap        ] GC(1819) ParOldGen: 113751K(699392K)->113799K(699392K)
[202.370s][info][gc,metaspace   ] GC(1819) Metaspace: 36245K(36544K)->36245K(36544K) NonClass: 32076K(32192K)->32076K(32192K) Class: 4168K(4352K)->4168K(4352K)
[202.370s][info][gc             ] GC(1819) Pause Young (Allocation Failure) 406M->111M(1000M) 0.355ms
[202.370s][info][gc,cpu         ] GC(1819) User=0.00s Sys=0.00s Real=0.00s
[202.416s][info][gc,start       ] GC(1820) Pause Young (Allocation Failure)
[202.416s][info][gc,heap        ] GC(1820) PSYoungGen: 301216K(324608K)->192K(325120K) Eden: 301056K(301056K)->0K(301056K) From: 160K(23552K)->192K(24064K)
[202.416s][info][gc,heap        ] GC(1820) ParOldGen: 113799K(699392K)->113799K(699392K)
[202.416s][info][gc,metaspace   ] GC(1820) Metaspace: 36245K(36544K)->36245K(36544K) NonClass: 32076K(32192K)->32076K(32192K) Class: 4168K(4352K)->4168K(4352K)
[202.416s][info][gc             ] GC(1820) Pause Young (Allocation Failure) 405M->111M(1000M) 0.395ms
[202.416s][info][gc,cpu         ] GC(1820) User=0.00s Sys=0.00s Real=0.00s
[202.462s][info][gc,start       ] GC(1821) Pause Young (Allocation Failure)
[202.462s][info][gc,heap        ] GC(1821) PSYoungGen: 301248K(325120K)->160K(325120K) Eden: 301056K(301056K)->0K(301056K) From: 192K(24064K)->160K(24064K)
[202.463s][info][gc,heap        ] GC(1821) ParOldGen: 113799K(699392K)->113799K(699392K)
[202.463s][info][gc,metaspace   ] GC(1821) Metaspace: 36245K(36544K)->36245K(36544K) NonClass: 32076K(32192K)->32076K(32192K) Class: 4168K(4352K)->4168K(4352K)
[202.463s][info][gc             ] GC(1821) Pause Young (Allocation Failure) 405M->111M(1000M) 0.415ms
[202.463s][info][gc,cpu         ] GC(1821) User=0.00s Sys=0.00s Real=0.00s
[202.507s][info][gc,start       ] GC(1822) Pause Young (Allocation Failure)
[202.507s][info][gc,heap        ] GC(1822) PSYoungGen: 301216K(325120K)->160K(325120K) Eden: 301056K(301056K)->0K(301056K) From: 160K(24064K)->160K(24064K)
[202.507s][info][gc,heap        ] GC(1822) ParOldGen: 113799K(699392K)->113799K(699392K)
[202.507s][info][gc,metaspace   ] GC(1822) Metaspace: 36245K(36544K)->36245K(36544K) NonClass: 32076K(32192K)->32076K(32192K) Class: 4168K(4352K)->4168K(4352K)
[202.507s][info][gc             ] GC(1822) Pause Young (Allocation Failure) 405M->111M(1000M) 0.379ms
[202.507s][info][gc,cpu         ] GC(1822) User=0.00s Sys=0.00s Real=0.00s
[202.552s][info][gc,start       ] GC(1823) Pause Young (Allocation Failure)
[202.552s][info][gc,heap        ] GC(1823) PSYoungGen: 301216K(325120K)->192K(326144K) Eden: 301056K(301056K)->0K(302592K) From: 160K(24064K)->192K(23552K)
[202.552s][info][gc,heap        ] GC(1823) ParOldGen: 113799K(699392K)->113799K(699392K)
[202.552s][info][gc,metaspace   ] GC(1823) Metaspace: 36245K(36544K)->36245K(36544K) NonClass: 32076K(32192K)->32076K(32192K) Class: 4168K(4352K)->4168K(4352K)
[202.552s][info][gc             ] GC(1823) Pause Young (Allocation Failure) 405M->111M(1001M) 0.380ms
[202.553s][info][gc,cpu         ] GC(1823) User=0.00s Sys=0.00s Real=0.00s
[202.597s][info][gc,start       ] GC(1824) Pause Young (Allocation Failure)
[202.597s][info][gc,heap        ] GC(1824) PSYoungGen: 302784K(326144K)->192K(325632K) Eden: 302592K(302592K)->0K(302592K) From: 192K(23552K)->192K(23040K)
[202.597s][info][gc,heap        ] GC(1824) ParOldGen: 113799K(699392K)->113799K(699392K)
[202.597s][info][gc,metaspace   ] GC(1824) Metaspace: 36245K(36544K)->36245K(36544K) NonClass: 32076K(32192K)->32076K(32192K) Class: 4168K(4352K)->4168K(4352K)
[202.597s][info][gc             ] GC(1824) Pause Young (Allocation Failure) 406M->111M(1001M) 0.340ms
[202.597s][info][gc,cpu         ] GC(1824) User=0.00s Sys=0.00s Real=0.00s
[202.642s][info][gc,start       ] GC(1825) Pause Young (Allocation Failure)
[202.642s][info][gc,heap        ] GC(1825) PSYoungGen: 302784K(325632K)->160K(327680K) Eden: 302592K(302592K)->0K(305664K) From: 192K(23040K)->160K(22016K)
[202.642s][info][gc,heap        ] GC(1825) ParOldGen: 113799K(699392K)->113799K(699392K)
[202.642s][info][gc,metaspace   ] GC(1825) Metaspace: 36245K(36544K)->36245K(36544K) NonClass: 32076K(32192K)->32076K(32192K) Class: 4168K(4352K)->4168K(4352K)
[202.642s][info][gc             ] GC(1825) Pause Young (Allocation Failure) 406M->111M(1003M) 0.381ms
[202.642s][info][gc,cpu         ] GC(1825) User=0.00s Sys=0.00s Real=0.00s
[202.689s][info][gc,start       ] GC(1826) Pause Young (Allocation Failure)
[202.689s][info][gc,heap        ] GC(1826) PSYoungGen: 305824K(327680K)->160K(327168K) Eden: 305664K(305664K)->0K(305664K) From: 160K(22016K)->160K(21504K)
[202.689s][info][gc,heap        ] GC(1826) ParOldGen: 113799K(699392K)->113799K(699392K)
[202.689s][info][gc,metaspace   ] GC(1826) Metaspace: 36245K(36544K)->36245K(36544K) NonClass: 32076K(32192K)->32076K(32192K) Class: 4168K(4352K)->4168K(4352K)
[202.689s][info][gc             ] GC(1826) Pause Young (Allocation Failure) 409M->111M(1002M) 0.379ms
[202.689s][info][gc,cpu         ] GC(1826) User=0.00s Sys=0.00s Real=0.00s
[202.735s][info][gc,start       ] GC(1827) Pause Young (Allocation Failure)
[202.735s][info][gc,heap        ] GC(1827) PSYoungGen: 305824K(327168K)->192K(329728K) Eden: 305664K(305664K)->0K(309248K) From: 160K(21504K)->192K(20480K)
[202.735s][info][gc,heap        ] GC(1827) ParOldGen: 113799K(699392K)->113799K(699392K)
[202.735s][info][gc,metaspace   ] GC(1827) Metaspace: 36245K(36544K)->36245K(36544K) NonClass: 32076K(32192K)->32076K(32192K) Class: 4168K(4352K)->4168K(4352K)
[202.735s][info][gc             ] GC(1827) Pause Young (Allocation Failure) 409M->111M(1005M) 0.383ms
[202.735s][info][gc,cpu         ] GC(1827) User=0.00s Sys=0.00s Real=0.00s
[202.781s][info][gc,start       ] GC(1828) Pause Young (Allocation Failure)
[202.782s][info][gc,heap        ] GC(1828) PSYoungGen: 309440K(329728K)->192K(328704K) Eden: 309248K(309248K)->0K(309248K) From: 192K(20480K)->192K(19456K)
[202.782s][info][gc,heap        ] GC(1828) ParOldGen: 113799K(699392K)->113799K(699392K)
[202.782s][info][gc,metaspace   ] GC(1828) Metaspace: 36245K(36544K)->36245K(36544K) NonClass: 32076K(32192K)->32076K(32192K) Class: 4168K(4352K)->4168K(4352K)
[202.782s][info][gc             ] GC(1828) Pause Young (Allocation Failure) 413M->111M(1004M) 0.360ms
[202.782s][info][gc,cpu         ] GC(1828) User=0.00s Sys=0.00s Real=0.00s
[202.832s][info][gc,start       ] GC(1829) Pause Young (Allocation Failure)
[202.832s][info][gc,heap        ] GC(1829) PSYoungGen: 309440K(328704K)->160K(331264K) Eden: 309248K(309248K)->0K(312320K) From: 192K(19456K)->160K(18944K)
[202.833s][info][gc,heap        ] GC(1829) ParOldGen: 113799K(699392K)->113799K(699392K)
[202.833s][info][gc,metaspace   ] GC(1829) Metaspace: 36245K(36544K)->36245K(36544K) NonClass: 32076K(32192K)->32076K(32192K) Class: 4168K(4352K)->4168K(4352K)
[202.833s][info][gc             ] GC(1829) Pause Young (Allocation Failure) 413M->111M(1006M) 0.398ms
[202.833s][info][gc,cpu         ] GC(1829) User=0.00s Sys=0.00s Real=0.00s
[202.881s][info][gc,start       ] GC(1830) Pause Young (Allocation Failure)
[202.881s][info][gc,heap        ] GC(1830) PSYoungGen: 312480K(331264K)->160K(330240K) Eden: 312320K(312320K)->0K(312320K) From: 160K(18944K)->160K(17920K)
[202.881s][info][gc,heap        ] GC(1830) ParOldGen: 113799K(699392K)->113799K(699392K)
[202.881s][info][gc,metaspace   ] GC(1830) Metaspace: 36245K(36544K)->36245K(36544K) NonClass: 32076K(32192K)->32076K(32192K) Class: 4168K(4352K)->4168K(4352K)
[202.881s][info][gc             ] GC(1830) Pause Young (Allocation Failure) 416M->111M(1005M) 0.499ms
[202.881s][info][gc,cpu         ] GC(1830) User=0.00s Sys=0.00s Real=0.00s
[202.928s][info][gc,start       ] GC(1831) Pause Young (Allocation Failure)
[202.929s][info][gc,heap        ] GC(1831) PSYoungGen: 312480K(330240K)->160K(333312K) Eden: 312320K(312320K)->0K(316416K) From: 160K(17920K)->160K(16896K)
[202.929s][info][gc,heap        ] GC(1831) ParOldGen: 113799K(699392K)->113799K(699392K)
[202.929s][info][gc,metaspace   ] GC(1831) Metaspace: 36245K(36544K)->36245K(36544K) NonClass: 32076K(32192K)->32076K(32192K) Class: 4168K(4352K)->4168K(4352K)
[202.929s][info][gc             ] GC(1831) Pause Young (Allocation Failure) 416M->111M(1008M) 0.350ms
[202.929s][info][gc,cpu         ] GC(1831) User=0.00s Sys=0.00s Real=0.00s
[202.987s][info][gc,start       ] GC(1832) Pause Young (Allocation Failure)
[202.987s][info][gc,heap        ] GC(1832) PSYoungGen: 316576K(333312K)->192K(332288K) Eden: 316416K(316416K)->0K(316416K) From: 160K(16896K)->192K(15872K)
[202.987s][info][gc,heap        ] GC(1832) ParOldGen: 113799K(699392K)->113799K(699392K)
[202.987s][info][gc,metaspace   ] GC(1832) Metaspace: 36245K(36544K)->36245K(36544K) NonClass: 32076K(32192K)->32076K(32192K) Class: 4168K(4352K)->4168K(4352K)
[202.987s][info][gc             ] GC(1832) Pause Young (Allocation Failure) 420M->111M(1007M) 0.491ms
[202.987s][info][gc,cpu         ] GC(1832) User=0.00s Sys=0.00s Real=0.01s
[203.048s][info][gc,start       ] GC(1833) Pause Young (Allocation Failure)
[203.049s][info][gc,heap        ] GC(1833) PSYoungGen: 316608K(332288K)->160K(334848K) Eden: 316416K(316416K)->0K(319488K) From: 192K(15872K)->160K(15360K)
[203.049s][info][gc,heap        ] GC(1833) ParOldGen: 113799K(699392K)->113847K(699392K)
[203.049s][info][gc,metaspace   ] GC(1833) Metaspace: 36245K(36544K)->36245K(36544K) NonClass: 32076K(32192K)->32076K(32192K) Class: 4168K(4352K)->4168K(4352K)
[203.049s][info][gc             ] GC(1833) Pause Young (Allocation Failure) 420M->111M(1010M) 0.447ms
[203.049s][info][gc,cpu         ] GC(1833) User=0.00s Sys=0.00s Real=0.00s
[203.110s][info][gc,start       ] GC(1834) Pause Young (Allocation Failure)
[203.110s][info][gc,heap        ] GC(1834) PSYoungGen: 319648K(334848K)->192K(333824K) Eden: 319488K(319488K)->0K(319488K) From: 160K(15360K)->192K(14336K)
[203.110s][info][gc,heap        ] GC(1834) ParOldGen: 113847K(699392K)->113847K(699392K)
[203.110s][info][gc,metaspace   ] GC(1834) Metaspace: 36245K(36544K)->36245K(36544K) NonClass: 32076K(32192K)->32076K(32192K) Class: 4168K(4352K)->4168K(4352K)
[203.110s][info][gc             ] GC(1834) Pause Young (Allocation Failure) 423M->111M(1009M) 0.422ms
[203.110s][info][gc,cpu         ] GC(1834) User=0.00s Sys=0.00s Real=0.00s
[203.172s][info][gc,start       ] GC(1835) Pause Young (Allocation Failure)
[203.173s][info][gc,heap        ] GC(1835) PSYoungGen: 319680K(333824K)->160K(336384K) Eden: 319488K(319488K)->0K(323072K) From: 192K(14336K)->160K(13312K)
[203.173s][info][gc,heap        ] GC(1835) ParOldGen: 113847K(699392K)->113847K(699392K)
[203.173s][info][gc,metaspace   ] GC(1835) Metaspace: 36245K(36544K)->36245K(36544K) NonClass: 32076K(32192K)->32076K(32192K) Class: 4168K(4352K)->4168K(4352K)
[203.173s][info][gc             ] GC(1835) Pause Young (Allocation Failure) 423M->111M(1011M) 0.410ms
[203.173s][info][gc,cpu         ] GC(1835) User=0.00s Sys=0.00s Real=0.00s
[203.236s][info][gc,start       ] GC(1836) Pause Young (Allocation Failure)
[203.237s][info][gc,heap        ] GC(1836) PSYoungGen: 323232K(336384K)->192K(335872K) Eden: 323072K(323072K)->0K(323072K) From: 160K(13312K)->192K(12800K)
[203.237s][info][gc,heap        ] GC(1836) ParOldGen: 113847K(699392K)->113847K(699392K)
[203.237s][info][gc,metaspace   ] GC(1836) Metaspace: 36245K(36544K)->36245K(36544K) NonClass: 32076K(32192K)->32076K(32192K) Class: 4168K(4352K)->4168K(4352K)
[203.237s][info][gc             ] GC(1836) Pause Young (Allocation Failure) 426M->111M(1011M) 0.440ms
[203.237s][info][gc,cpu         ] GC(1836) User=0.00s Sys=0.00s Real=0.00s
[203.298s][info][gc,start       ] GC(1837) Pause Young (Allocation Failure)
[203.299s][info][gc,heap        ] GC(1837) PSYoungGen: 323264K(335872K)->160K(337920K) Eden: 323072K(323072K)->0K(326144K) From: 192K(12800K)->160K(11776K)
[203.299s][info][gc,heap        ] GC(1837) ParOldGen: 113847K(699392K)->113847K(699392K)
[203.299s][info][gc,metaspace   ] GC(1837) Metaspace: 36245K(36544K)->36245K(36544K) NonClass: 32076K(32192K)->32076K(32192K) Class: 4168K(4352K)->4168K(4352K)
[203.299s][info][gc             ] GC(1837) Pause Young (Allocation Failure) 426M->111M(1013M) 0.413ms
[203.299s][info][gc,cpu         ] GC(1837) User=0.00s Sys=0.00s Real=0.00s
[203.360s][info][gc,start       ] GC(1838) Pause Young (Allocation Failure)
[203.361s][info][gc,heap        ] GC(1838) PSYoungGen: 326304K(337920K)->192K(337408K) Eden: 326144K(326144K)->0K(326144K) From: 160K(11776K)->192K(11264K)
[203.361s][info][gc,heap        ] GC(1838) ParOldGen: 113847K(699392K)->113847K(699392K)
[203.361s][info][gc,metaspace   ] GC(1838) Metaspace: 36245K(36544K)->36245K(36544K) NonClass: 32076K(32192K)->32076K(32192K) Class: 4168K(4352K)->4168K(4352K)
[203.361s][info][gc             ] GC(1838) Pause Young (Allocation Failure) 429M->111M(1012M) 0.470ms
[203.361s][info][gc,cpu         ] GC(1838) User=0.00s Sys=0.00s Real=0.00s
[203.425s][info][gc,start       ] GC(1839) Pause Young (Allocation Failure)
[203.425s][info][gc,heap        ] GC(1839) PSYoungGen: 326336K(337408K)->160K(339456K) Eden: 326144K(326144K)->0K(329216K) From: 192K(11264K)->160K(10240K)
[203.425s][info][gc,heap        ] GC(1839) ParOldGen: 113847K(699392K)->113847K(699392K)
[203.425s][info][gc,metaspace   ] GC(1839) Metaspace: 36245K(36544K)->36245K(36544K) NonClass: 32076K(32192K)->32076K(32192K) Class: 4168K(4352K)->4168K(4352K)
[203.425s][info][gc             ] GC(1839) Pause Young (Allocation Failure) 429M->111M(1014M) 0.437ms
[203.425s][info][gc,cpu         ] GC(1839) User=0.00s Sys=0.00s Real=0.00s
[203.487s][info][gc,start       ] GC(1840) Pause Young (Allocation Failure)
[203.487s][info][gc,heap        ] GC(1840) PSYoungGen: 329376K(339456K)->160K(338944K) Eden: 329216K(329216K)->0K(329216K) From: 160K(10240K)->160K(9728K)
[203.487s][info][gc,heap        ] GC(1840) ParOldGen: 113847K(699392K)->113847K(699392K)
[203.487s][info][gc,metaspace   ] GC(1840) Metaspace: 36245K(36544K)->36245K(36544K) NonClass: 32076K(32192K)->32076K(32192K) Class: 4168K(4352K)->4168K(4352K)
[203.487s][info][gc             ] GC(1840) Pause Young (Allocation Failure) 432M->111M(1014M) 0.454ms
[203.487s][info][gc,cpu         ] GC(1840) User=0.00s Sys=0.00s Real=0.00s
[203.550s][info][gc,start       ] GC(1841) Pause Young (Allocation Failure)
[203.550s][info][gc,heap        ] GC(1841) PSYoungGen: 329376K(338944K)->160K(340480K) Eden: 329216K(329216K)->0K(331264K) From: 160K(9728K)->160K(9216K)
[203.550s][info][gc,heap        ] GC(1841) ParOldGen: 113847K(699392K)->113847K(699392K)
[203.550s][info][gc,metaspace   ] GC(1841) Metaspace: 36245K(36544K)->36245K(36544K) NonClass: 32076K(32192K)->32076K(32192K) Class: 4168K(4352K)->4168K(4352K)
[203.550s][info][gc             ] GC(1841) Pause Young (Allocation Failure) 432M->111M(1015M) 0.449ms
[203.550s][info][gc,cpu         ] GC(1841) User=0.00s Sys=0.00s Real=0.00s
[203.614s][info][gc,start       ] GC(1842) Pause Young (Allocation Failure)
[203.614s][info][gc,heap        ] GC(1842) PSYoungGen: 331424K(340480K)->192K(339968K) Eden: 331264K(331264K)->0K(331264K) From: 160K(9216K)->192K(8704K)
[203.615s][info][gc,heap        ] GC(1842) ParOldGen: 113847K(699392K)->113847K(699392K)
[203.615s][info][gc,metaspace   ] GC(1842) Metaspace: 36245K(36544K)->36245K(36544K) NonClass: 32076K(32192K)->32076K(32192K) Class: 4168K(4352K)->4168K(4352K)
[203.615s][info][gc             ] GC(1842) Pause Young (Allocation Failure) 434M->111M(1015M) 0.489ms
[203.615s][info][gc,cpu         ] GC(1842) User=0.00s Sys=0.00s Real=0.00s
[203.678s][info][gc,start       ] GC(1843) Pause Young (Allocation Failure)
[203.678s][info][gc,heap        ] GC(1843) PSYoungGen: 331456K(339968K)->160K(342016K) Eden: 331264K(331264K)->0K(334336K) From: 192K(8704K)->160K(7680K)
[203.678s][info][gc,heap        ] GC(1843) ParOldGen: 113847K(699392K)->113847K(699392K)
[203.678s][info][gc,metaspace   ] GC(1843) Metaspace: 36245K(36544K)->36245K(36544K) NonClass: 32076K(32192K)->32076K(32192K) Class: 4168K(4352K)->4168K(4352K)
[203.678s][info][gc             ] GC(1843) Pause Young (Allocation Failure) 434M->111M(1017M) 0.523ms
[203.678s][info][gc,cpu         ] GC(1843) User=0.00s Sys=0.00s Real=0.00s
[203.740s][info][gc,start       ] GC(1844) Pause Young (Allocation Failure)
[203.741s][info][gc,heap        ] GC(1844) PSYoungGen: 334496K(342016K)->192K(341504K) Eden: 334336K(334336K)->0K(334336K) From: 160K(7680K)->192K(7168K)
[203.741s][info][gc,heap        ] GC(1844) ParOldGen: 113847K(699392K)->113847K(699392K)
[203.741s][info][gc,metaspace   ] GC(1844) Metaspace: 36245K(36544K)->36245K(36544K) NonClass: 32076K(32192K)->32076K(32192K) Class: 4168K(4352K)->4168K(4352K)
[203.741s][info][gc             ] GC(1844) Pause Young (Allocation Failure) 437M->111M(1016M) 0.403ms
[203.741s][info][gc,cpu         ] GC(1844) User=0.00s Sys=0.00s Real=0.00s
[203.804s][info][gc,start       ] GC(1845) Pause Young (Allocation Failure)
[203.805s][info][gc,heap        ] GC(1845) PSYoungGen: 334528K(341504K)->128K(342528K) Eden: 334336K(334336K)->0K(335872K) From: 192K(7168K)->128K(6656K)
[203.805s][info][gc,heap        ] GC(1845) ParOldGen: 113847K(699392K)->113847K(699392K)
[203.805s][info][gc,metaspace   ] GC(1845) Metaspace: 36245K(36544K)->36245K(36544K) NonClass: 32076K(32192K)->32076K(32192K) Class: 4168K(4352K)->4168K(4352K)
[203.805s][info][gc             ] GC(1845) Pause Young (Allocation Failure) 437M->111M(1017M) 0.636ms
[203.805s][info][gc,cpu         ] GC(1845) User=0.00s Sys=0.00s Real=0.00s
[203.868s][info][gc,start       ] GC(1846) Pause Young (Allocation Failure)
[203.869s][info][gc,heap        ] GC(1846) PSYoungGen: 336000K(342528K)->192K(342528K) Eden: 335872K(335872K)->0K(335872K) From: 128K(6656K)->192K(6656K)
[203.869s][info][gc,heap        ] GC(1846) ParOldGen: 113847K(699392K)->113847K(699392K)
[203.869s][info][gc,metaspace   ] GC(1846) Metaspace: 36245K(36544K)->36245K(36544K) NonClass: 32076K(32192K)->32076K(32192K) Class: 4168K(4352K)->4168K(4352K)
[203.869s][info][gc             ] GC(1846) Pause Young (Allocation Failure) 439M->111M(1017M) 0.433ms
[203.869s][info][gc,cpu         ] GC(1846) User=0.00s Sys=0.00s Real=0.00s
[203.933s][info][gc,start       ] GC(1847) Pause Young (Allocation Failure)
[203.933s][info][gc,heap        ] GC(1847) PSYoungGen: 336064K(342528K)->192K(343552K) Eden: 335872K(335872K)->0K(337408K) From: 192K(6656K)->192K(6144K)
[203.933s][info][gc,heap        ] GC(1847) ParOldGen: 113847K(699392K)->113847K(699392K)
[203.933s][info][gc,metaspace   ] GC(1847) Metaspace: 36245K(36544K)->36245K(36544K) NonClass: 32076K(32192K)->32076K(32192K) Class: 4168K(4352K)->4168K(4352K)
[203.933s][info][gc             ] GC(1847) Pause Young (Allocation Failure) 439M->111M(1018M) 0.445ms
[203.933s][info][gc,cpu         ] GC(1847) User=0.00s Sys=0.00s Real=0.00s
[203.997s][info][gc,start       ] GC(1848) Pause Young (Allocation Failure)
[203.997s][info][gc,heap        ] GC(1848) PSYoungGen: 337600K(343552K)->192K(343040K) Eden: 337408K(337408K)->0K(337408K) From: 192K(6144K)->192K(5632K)
[203.997s][info][gc,heap        ] GC(1848) ParOldGen: 113847K(699392K)->113847K(699392K)
[203.997s][info][gc,metaspace   ] GC(1848) Metaspace: 36245K(36544K)->36245K(36544K) NonClass: 32076K(32192K)->32076K(32192K) Class: 4168K(4352K)->4168K(4352K)
[203.997s][info][gc             ] GC(1848) Pause Young (Allocation Failure) 440M->111M(1018M) 0.410ms
[203.997s][info][gc,cpu         ] GC(1848) User=0.00s Sys=0.00s Real=0.00s
[204.061s][info][gc,start       ] GC(1849) Pause Young (Allocation Failure)
[204.061s][info][gc,heap        ] GC(1849) PSYoungGen: 337600K(343040K)->160K(344576K) Eden: 337408K(337408K)->0K(339456K) From: 192K(5632K)->160K(5120K)
[204.061s][info][gc,heap        ] GC(1849) ParOldGen: 113847K(699392K)->113847K(699392K)
[204.061s][info][gc,metaspace   ] GC(1849) Metaspace: 36245K(36544K)->36245K(36544K) NonClass: 32076K(32192K)->32076K(32192K) Class: 4168K(4352K)->4168K(4352K)
[204.061s][info][gc             ] GC(1849) Pause Young (Allocation Failure) 440M->111M(1019M) 0.414ms
[204.061s][info][gc,cpu         ] GC(1849) User=0.00s Sys=0.00s Real=0.00s
[204.123s][info][gc,start       ] GC(1850) Pause Young (Allocation Failure)
[204.124s][info][gc,heap        ] GC(1850) PSYoungGen: 339616K(344576K)->192K(344064K) Eden: 339456K(339456K)->0K(339456K) From: 160K(5120K)->192K(4608K)
[204.124s][info][gc,heap        ] GC(1850) ParOldGen: 113847K(699392K)->113847K(699392K)
[204.124s][info][gc,metaspace   ] GC(1850) Metaspace: 36245K(36544K)->36245K(36544K) NonClass: 32076K(32192K)->32076K(32192K) Class: 4168K(4352K)->4168K(4352K)
[204.124s][info][gc             ] GC(1850) Pause Young (Allocation Failure) 442M->111M(1019M) 0.444ms
[204.124s][info][gc,cpu         ] GC(1850) User=0.00s Sys=0.00s Real=0.00s
[204.189s][info][gc,start       ] GC(1851) Pause Young (Allocation Failure)
[204.189s][info][gc,heap        ] GC(1851) PSYoungGen: 339648K(344064K)->192K(345088K) Eden: 339456K(339456K)->0K(340480K) From: 192K(4608K)->192K(4608K)
[204.189s][info][gc,heap        ] GC(1851) ParOldGen: 113847K(699392K)->113847K(699392K)
[204.189s][info][gc,metaspace   ] GC(1851) Metaspace: 36245K(36544K)->36245K(36544K) NonClass: 32076K(32192K)->32076K(32192K) Class: 4168K(4352K)->4168K(4352K)
[204.189s][info][gc             ] GC(1851) Pause Young (Allocation Failure) 442M->111M(1020M) 0.439ms
[204.189s][info][gc,cpu         ] GC(1851) User=0.00s Sys=0.00s Real=0.00s
[204.254s][info][gc,start       ] GC(1852) Pause Young (Allocation Failure)
[204.255s][info][gc,heap        ] GC(1852) PSYoungGen: 340672K(345088K)->192K(344576K) Eden: 340480K(340480K)->0K(340480K) From: 192K(4608K)->192K(4096K)
[204.255s][info][gc,heap        ] GC(1852) ParOldGen: 113847K(699392K)->113847K(699392K)
[204.255s][info][gc,metaspace   ] GC(1852) Metaspace: 36245K(36544K)->36245K(36544K) NonClass: 32076K(32192K)->32076K(32192K) Class: 4168K(4352K)->4168K(4352K)
[204.255s][info][gc             ] GC(1852) Pause Young (Allocation Failure) 443M->111M(1019M) 0.401ms
[204.255s][info][gc,cpu         ] GC(1852) User=0.00s Sys=0.00s Real=0.00s
[204.318s][info][gc,start       ] GC(1853) Pause Young (Allocation Failure)
[204.319s][info][gc,heap        ] GC(1853) PSYoungGen: 340672K(344576K)->192K(345600K) Eden: 340480K(340480K)->0K(341504K) From: 192K(4096K)->192K(4096K)
[204.319s][info][gc,heap        ] GC(1853) ParOldGen: 113847K(699392K)->113847K(699392K)
[204.319s][info][gc,metaspace   ] GC(1853) Metaspace: 36245K(36544K)->36245K(36544K) NonClass: 32076K(32192K)->32076K(32192K) Class: 4168K(4352K)->4168K(4352K)
[204.319s][info][gc             ] GC(1853) Pause Young (Allocation Failure) 443M->111M(1020M) 0.445ms
[204.319s][info][gc,cpu         ] GC(1853) User=0.00s Sys=0.00s Real=0.00s
[204.385s][info][gc,start       ] GC(1854) Pause Young (Allocation Failure)
[204.386s][info][gc,heap        ] GC(1854) PSYoungGen: 341696K(345600K)->192K(345088K) Eden: 341504K(341504K)->0K(341504K) From: 192K(4096K)->192K(3584K)
[204.386s][info][gc,heap        ] GC(1854) ParOldGen: 113847K(699392K)->113847K(699392K)
[204.386s][info][gc,metaspace   ] GC(1854) Metaspace: 36245K(36544K)->36245K(36544K) NonClass: 32076K(32192K)->32076K(32192K) Class: 4168K(4352K)->4168K(4352K)
[204.386s][info][gc             ] GC(1854) Pause Young (Allocation Failure) 444M->111M(1020M) 0.433ms
[204.386s][info][gc,cpu         ] GC(1854) User=0.00s Sys=0.00s Real=0.00s
[204.451s][info][gc,start       ] GC(1855) Pause Young (Allocation Failure)
[204.451s][info][gc,heap        ] GC(1855) PSYoungGen: 341696K(345088K)->160K(346112K) Eden: 341504K(341504K)->0K(343040K) From: 192K(3584K)->160K(3072K)
[204.451s][info][gc,heap        ] GC(1855) ParOldGen: 113847K(699392K)->113847K(699392K)
[204.451s][info][gc,metaspace   ] GC(1855) Metaspace: 36245K(36544K)->36245K(36544K) NonClass: 32076K(32192K)->32076K(32192K) Class: 4168K(4352K)->4168K(4352K)
[204.451s][info][gc             ] GC(1855) Pause Young (Allocation Failure) 444M->111M(1021M) 0.388ms
[204.451s][info][gc,cpu         ] GC(1855) User=0.00s Sys=0.00s Real=0.00s
[204.518s][info][gc,start       ] GC(1856) Pause Young (Allocation Failure)
[204.518s][info][gc,heap        ] GC(1856) PSYoungGen: 343200K(346112K)->160K(346112K) Eden: 343040K(343040K)->0K(343040K) From: 160K(3072K)->160K(3072K)
[204.518s][info][gc,heap        ] GC(1856) ParOldGen: 113847K(699392K)->113847K(699392K)
[204.518s][info][gc,metaspace   ] GC(1856) Metaspace: 36245K(36544K)->36245K(36544K) NonClass: 32076K(32192K)->32076K(32192K) Class: 4168K(4352K)->4168K(4352K)
[204.518s][info][gc             ] GC(1856) Pause Young (Allocation Failure) 446M->111M(1021M) 0.460ms
[204.518s][info][gc,cpu         ] GC(1856) User=0.00s Sys=0.00s Real=0.00s
[204.585s][info][gc,start       ] GC(1857) Pause Young (Allocation Failure)
[204.585s][info][gc,heap        ] GC(1857) PSYoungGen: 343200K(346112K)->160K(346624K) Eden: 343040K(343040K)->0K(343552K) From: 160K(3072K)->160K(3072K)
[204.585s][info][gc,heap        ] GC(1857) ParOldGen: 113847K(699392K)->113847K(699392K)
[204.585s][info][gc,metaspace   ] GC(1857) Metaspace: 36245K(36544K)->36245K(36544K) NonClass: 32076K(32192K)->32076K(32192K) Class: 4168K(4352K)->4168K(4352K)
[204.585s][info][gc             ] GC(1857) Pause Young (Allocation Failure) 446M->111M(1021M) 0.443ms
[204.585s][info][gc,cpu         ] GC(1857) User=0.00s Sys=0.00s Real=0.00s
[204.650s][info][gc,start       ] GC(1858) Pause Young (Allocation Failure)
[204.650s][info][gc,heap        ] GC(1858) PSYoungGen: 343712K(346624K)->192K(346112K) Eden: 343552K(343552K)->0K(343552K) From: 160K(3072K)->192K(2560K)
[204.650s][info][gc,heap        ] GC(1858) ParOldGen: 113847K(699392K)->113847K(699392K)
[204.650s][info][gc,metaspace   ] GC(1858) Metaspace: 36245K(36544K)->36245K(36544K) NonClass: 32076K(32192K)->32076K(32192K) Class: 4168K(4352K)->4168K(4352K)
[204.650s][info][gc             ] GC(1858) Pause Young (Allocation Failure) 446M->111M(1021M) 0.414ms
[204.650s][info][gc,cpu         ] GC(1858) User=0.00s Sys=0.00s Real=0.00s
[204.742s][info][gc,start       ] GC(1859) Pause Young (Allocation Failure)
[204.742s][info][gc,heap        ] GC(1859) PSYoungGen: 343744K(346112K)->192K(346624K) Eden: 343552K(343552K)->0K(344064K) From: 192K(2560K)->192K(2560K)
[204.742s][info][gc,heap        ] GC(1859) ParOldGen: 113847K(699392K)->113855K(699392K)
[204.742s][info][gc,metaspace   ] GC(1859) Metaspace: 36254K(36608K)->36254K(36608K) NonClass: 32085K(32256K)->32085K(32256K) Class: 4168K(4352K)->4168K(4352K)
[204.742s][info][gc             ] GC(1859) Pause Young (Allocation Failure) 446M->111M(1021M) 0.412ms
[204.742s][info][gc,cpu         ] GC(1859) User=0.00s Sys=0.00s Real=0.00s
[205.094s][info][gc,start       ] GC(1860) Pause Young (Allocation Failure)
[205.107s][info][gc,heap        ] GC(1860) PSYoungGen: 344067K(346624K)->2538K(346624K) Eden: 343875K(344064K)->0K(344064K) From: 192K(2560K)->2538K(2560K)
[205.107s][info][gc,heap        ] GC(1860) ParOldGen: 113855K(699392K)->147407K(699392K)
[205.107s][info][gc,metaspace   ] GC(1860) Metaspace: 36255K(36608K)->36255K(36608K) NonClass: 32086K(32256K)->32086K(32256K) Class: 4168K(4352K)->4168K(4352K)
[205.107s][info][gc             ] GC(1860) Pause Young (Allocation Failure) 447M->146M(1021M) 13.709ms
[205.107s][info][gc,cpu         ] GC(1860) User=0.00s Sys=0.00s Real=0.02s
[205.413s][info][gc,start       ] GC(1861) Pause Young (Allocation Failure)
[205.428s][info][gc,heap        ] GC(1861) PSYoungGen: 344691K(346624K)->2547K(291328K) Eden: 342153K(344064K)->0K(288768K) From: 2538K(2560K)->2547K(2560K)
[205.428s][info][gc,heap        ] GC(1861) ParOldGen: 147407K(699392K)->192063K(699392K)
[205.428s][info][gc,metaspace   ] GC(1861) Metaspace: 36255K(36608K)->36255K(36608K) NonClass: 32086K(32256K)->32086K(32256K) Class: 4168K(4352K)->4168K(4352K)
[205.428s][info][gc             ] GC(1861) Pause Young (Allocation Failure) 480M->190M(967M) 15.180ms
[205.428s][info][gc,cpu         ] GC(1861) User=0.09s Sys=0.00s Real=0.01s
[205.676s][info][gc,start       ] GC(1862) Pause Young (Allocation Failure)
[205.684s][info][gc,heap        ] GC(1862) PSYoungGen: 291315K(291328K)->22032K(311296K) Eden: 288768K(288768K)->0K(288768K) From: 2547K(2560K)->22032K(22528K)
[205.684s][info][gc,heap        ] GC(1862) ParOldGen: 192063K(699392K)->193941K(699392K)
[205.684s][info][gc,metaspace   ] GC(1862) Metaspace: 36255K(36608K)->36255K(36608K) NonClass: 32086K(32256K)->32086K(32256K) Class: 4168K(4352K)->4168K(4352K)
[205.684s][info][gc             ] GC(1862) Pause Young (Allocation Failure) 472M->210M(987M) 7.493ms
[205.684s][info][gc,cpu         ] GC(1862) User=0.00s Sys=0.00s Real=0.01s
[205.951s][info][gc,start       ] GC(1863) Pause Young (Allocation Failure)
[205.958s][info][gc,heap        ] GC(1863) PSYoungGen: 310695K(311296K)->12969K(316928K) Eden: 288663K(288768K)->0K(283648K) From: 22032K(22528K)->12969K(33280K)
[205.958s][info][gc,heap        ] GC(1863) ParOldGen: 193941K(699392K)->206430K(699392K)
[205.958s][info][gc,metaspace   ] GC(1863) Metaspace: 36255K(36608K)->36255K(36608K) NonClass: 32086K(32256K)->32086K(32256K) Class: 4168K(4352K)->4168K(4352K)
[205.958s][info][gc             ] GC(1863) Pause Young (Allocation Failure) 492M->214M(992M) 6.947ms
[205.958s][info][gc,cpu         ] GC(1863) User=0.08s Sys=0.00s Real=0.02s
[206.210s][info][gc,start       ] GC(1864) Pause Young (Allocation Failure)
[206.216s][info][gc,heap        ] GC(1864) PSYoungGen: 294950K(316928K)->13376K(315904K) Eden: 281981K(283648K)->0K(283648K) From: 12969K(33280K)->13376K(32256K)
[206.216s][info][gc,heap        ] GC(1864) ParOldGen: 206430K(699392K)->206856K(699392K)
[206.216s][info][gc,metaspace   ] GC(1864) Metaspace: 36255K(36608K)->36255K(36608K) NonClass: 32086K(32256K)->32086K(32256K) Class: 4168K(4352K)->4168K(4352K)
[206.216s][info][gc             ] GC(1864) Pause Young (Allocation Failure) 489M->215M(991M) 5.804ms
[206.216s][info][gc,cpu         ] GC(1864) User=0.00s Sys=0.00s Real=0.02s
[206.473s][info][gc,start       ] GC(1865) Pause Young (Allocation Failure)
[206.479s][info][gc,heap        ] GC(1865) PSYoungGen: 296213K(315904K)->14069K(318464K) Eden: 282837K(283648K)->0K(287232K) From: 13376K(32256K)->14069K(31232K)
[206.479s][info][gc,heap        ] GC(1865) ParOldGen: 206856K(699392K)->207243K(699392K)
[206.479s][info][gc,metaspace   ] GC(1865) Metaspace: 36255K(36608K)->36255K(36608K) NonClass: 32086K(32256K)->32086K(32256K) Class: 4168K(4352K)->4168K(4352K)
[206.479s][info][gc             ] GC(1865) Pause Young (Allocation Failure) 491M->216M(994M) 5.608ms
[206.479s][info][gc,cpu         ] GC(1865) User=0.00s Sys=0.00s Real=0.01s
[206.733s][info][gc,start       ] GC(1866) Pause Young (Allocation Failure)
[206.738s][info][gc,heap        ] GC(1866) PSYoungGen: 301301K(318464K)->12393K(317952K) Eden: 287232K(287232K)->0K(287232K) From: 14069K(31232K)->12393K(30720K)
[206.739s][info][gc,heap        ] GC(1866) ParOldGen: 207243K(699392K)->207633K(699392K)
[206.739s][info][gc,metaspace   ] GC(1866) Metaspace: 36255K(36608K)->36255K(36608K) NonClass: 32086K(32256K)->32086K(32256K) Class: 4168K(4352K)->4168K(4352K)
[206.739s][info][gc             ] GC(1866) Pause Young (Allocation Failure) 496M->214M(993M) 5.539ms
[206.739s][info][gc,cpu         ] GC(1866) User=0.09s Sys=0.00s Real=0.01s
[206.998s][info][gc,start       ] GC(1867) Pause Young (Allocation Failure)
[207.004s][info][gc,heap        ] GC(1867) PSYoungGen: 298100K(317952K)->13780K(320512K) Eden: 285706K(287232K)->0K(291328K) From: 12393K(30720K)->13780K(29184K)
[207.004s][info][gc,heap        ] GC(1867) ParOldGen: 207633K(699392K)->207991K(699392K)
[207.004s][info][gc,metaspace   ] GC(1867) Metaspace: 36255K(36608K)->36255K(36608K) NonClass: 32086K(32256K)->32086K(32256K) Class: 4168K(4352K)->4168K(4352K)
[207.004s][info][gc             ] GC(1867) Pause Young (Allocation Failure) 493M->216M(996M) 5.908ms
[207.004s][info][gc,cpu         ] GC(1867) User=0.09s Sys=0.00s Real=0.00s
[207.262s][info][gc,start       ] GC(1868) Pause Young (Allocation Failure)
[207.269s][info][gc,heap        ] GC(1868) PSYoungGen: 303217K(320512K)->20577K(312320K) Eden: 289436K(291328K)->0K(291328K) From: 13780K(29184K)->20577K(20992K)
[207.269s][info][gc,heap        ] GC(1868) ParOldGen: 207991K(699392K)->208323K(699392K)
[207.269s][info][gc,metaspace   ] GC(1868) Metaspace: 36255K(36608K)->36255K(36608K) NonClass: 32086K(32256K)->32086K(32256K) Class: 4168K(4352K)->4168K(4352K)
[207.269s][info][gc             ] GC(1868) Pause Young (Allocation Failure) 499M->223M(988M) 7.138ms
[207.269s][info][gc,cpu         ] GC(1868) User=0.09s Sys=0.00s Real=0.01s
[207.534s][info][gc,start       ] GC(1869) Pause Young (Allocation Failure)
[207.540s][info][gc,heap        ] GC(1869) PSYoungGen: 311905K(312320K)->10932K(320512K) Eden: 291328K(291328K)->0K(290304K) From: 20577K(20992K)->10932K(30208K)
[207.540s][info][gc,heap        ] GC(1869) ParOldGen: 208323K(699392K)->208696K(699392K)
[207.540s][info][gc,metaspace   ] GC(1869) Metaspace: 36255K(36608K)->36255K(36608K) NonClass: 32086K(32256K)->32086K(32256K) Class: 4168K(4352K)->4168K(4352K)
[207.540s][info][gc             ] GC(1869) Pause Young (Allocation Failure) 508M->214M(996M) 5.309ms
[207.540s][info][gc,cpu         ] GC(1869) User=0.00s Sys=0.00s Real=0.01s
[207.797s][info][gc,start       ] GC(1870) Pause Young (Allocation Failure)
[207.803s][info][gc,heap        ] GC(1870) PSYoungGen: 299817K(320512K)->14141K(318976K) Eden: 288884K(290304K)->0K(290304K) From: 10932K(30208K)->14141K(28672K)
[207.803s][info][gc,heap        ] GC(1870) ParOldGen: 208696K(699392K)->209111K(699392K)
[207.803s][info][gc,metaspace   ] GC(1870) Metaspace: 36255K(36608K)->36255K(36608K) NonClass: 32086K(32256K)->32086K(32256K) Class: 4168K(4352K)->4168K(4352K)
[207.803s][info][gc             ] GC(1870) Pause Young (Allocation Failure) 496M->218M(994M) 6.086ms
[207.803s][info][gc,cpu         ] GC(1870) User=0.05s Sys=0.00s Real=0.01s
[208.057s][info][gc,start       ] GC(1871) Pause Young (Allocation Failure)
[208.061s][info][gc,heap        ] GC(1871) PSYoungGen: 304445K(318976K)->9859K(322560K) Eden: 290304K(290304K)->0K(294912K) From: 14141K(28672K)->9859K(27648K)
[208.061s][info][gc,heap        ] GC(1871) ParOldGen: 209111K(699392K)->209503K(699392K)
[208.061s][info][gc,metaspace   ] GC(1871) Metaspace: 36255K(36608K)->36255K(36608K) NonClass: 32086K(32256K)->32086K(32256K) Class: 4168K(4352K)->4168K(4352K)
[208.062s][info][gc             ] GC(1871) Pause Young (Allocation Failure) 501M->214M(998M) 4.943ms
[208.062s][info][gc,cpu         ] GC(1871) User=0.00s Sys=0.00s Real=0.01s
[208.330s][info][gc,start       ] GC(1872) Pause Young (Allocation Failure)
[208.336s][info][gc,heap        ] GC(1872) PSYoungGen: 300451K(322560K)->15013K(321536K) Eden: 290591K(294912K)->0K(294912K) From: 9859K(27648K)->15013K(26624K)
[208.336s][info][gc,heap        ] GC(1872) ParOldGen: 209503K(699392K)->209902K(699392K)
[208.336s][info][gc,metaspace   ] GC(1872) Metaspace: 36255K(36608K)->36255K(36608K) NonClass: 32086K(32256K)->32086K(32256K) Class: 4168K(4352K)->4168K(4352K)
[208.336s][info][gc             ] GC(1872) Pause Young (Allocation Failure) 498M->219M(997M) 5.964ms
[208.336s][info][gc,cpu         ] GC(1872) User=0.00s Sys=0.00s Real=0.01s
[208.583s][info][gc,start       ] GC(1873) Pause Young (Allocation Failure)
[208.590s][info][gc,heap        ] GC(1873) PSYoungGen: 309925K(321536K)->17599K(321536K) Eden: 294912K(294912K)->0K(294912K) From: 15013K(26624K)->17599K(26624K)
[208.590s][info][gc,heap        ] GC(1873) ParOldGen: 209902K(699392K)->210258K(699392K)
[208.590s][info][gc,metaspace   ] GC(1873) Metaspace: 36255K(36608K)->36255K(36608K) NonClass: 32086K(32256K)->32086K(32256K) Class: 4168K(4352K)->4168K(4352K)
[208.590s][info][gc             ] GC(1873) Pause Young (Allocation Failure) 507M->222M(997M) 7.092ms
[208.590s][info][gc,cpu         ] GC(1873) User=0.00s Sys=0.00s Real=0.01s
[208.842s][info][gc,start       ] GC(1874) Pause Young (Allocation Failure)
[208.849s][info][gc,heap        ] GC(1874) PSYoungGen: 310154K(321536K)->11492K(322048K) Eden: 292555K(294912K)->0K(294912K) From: 17599K(26624K)->11492K(27136K)
[208.849s][info][gc,heap        ] GC(1874) ParOldGen: 210258K(699392K)->215442K(699392K)
[208.849s][info][gc,metaspace   ] GC(1874) Metaspace: 36255K(36608K)->36255K(36608K) NonClass: 32086K(32256K)->32086K(32256K) Class: 4168K(4352K)->4168K(4352K)
[208.849s][info][gc             ] GC(1874) Pause Young (Allocation Failure) 508M->221M(997M) 7.221ms
[208.849s][info][gc,cpu         ] GC(1874) User=0.06s Sys=0.00s Real=0.01s
[208.877s][info][gc,start       ] GC(1875) Pause Young (System.gc())
[208.880s][info][gc,heap        ] GC(1875) PSYoungGen: 29056K(322048K)->6144K(323584K) Eden: 17564K(294912K)->0K(297984K) From: 11492K(27136K)->6144K(25600K)
[208.880s][info][gc,heap        ] GC(1875) ParOldGen: 215442K(699392K)->219162K(699392K)
[208.880s][info][gc,metaspace   ] GC(1875) Metaspace: 36257K(36608K)->36257K(36608K) NonClass: 32089K(32256K)->32089K(32256K) Class: 4168K(4352K)->4168K(4352K)
[208.880s][info][gc             ] GC(1875) Pause Young (System.gc()) 238M->220M(999M) 3.230ms
[208.880s][info][gc,cpu         ] GC(1875) User=0.00s Sys=0.00s Real=0.00s
[208.880s][info][gc,start       ] GC(1876) Pause Full (System.gc())
[208.880s][info][gc,phases,start] GC(1876) Marking Phase
[208.897s][info][gc,phases      ] GC(1876) Marking Phase 16.550ms
[208.897s][info][gc,phases,start] GC(1876) Summary Phase
[208.897s][info][gc,phases      ] GC(1876) Summary Phase 0.011ms
[208.897s][info][gc,phases,start] GC(1876) Adjust Roots
[208.900s][info][gc,phases      ] GC(1876) Adjust Roots 3.478ms
[208.900s][info][gc,phases,start] GC(1876) Compaction Phase
[208.908s][info][gc,phases      ] GC(1876) Compaction Phase 7.313ms
[208.908s][info][gc,phases,start] GC(1876) Post Compact
[208.909s][info][gc,phases      ] GC(1876) Post Compact 0.859ms
[208.909s][info][gc,heap        ] GC(1876) PSYoungGen: 6144K(323584K)->0K(323584K) Eden: 0K(297984K)->0K(297984K) From: 6144K(25600K)->0K(25600K)
[208.909s][info][gc,heap        ] GC(1876) ParOldGen: 219162K(699392K)->113710K(699392K)
[208.909s][info][gc,metaspace   ] GC(1876) Metaspace: 36257K(36608K)->36257K(36608K) NonClass: 32089K(32256K)->32089K(32256K) Class: 4168K(4352K)->4168K(4352K)
[208.909s][info][gc             ] GC(1876) Pause Full (System.gc()) 220M->111M(999M) 28.467ms
[208.909s][info][gc,cpu         ] GC(1876) User=0.19s Sys=0.00s Real=0.03s
[208.956s][info][gc,start       ] GC(1877) Pause Young (Allocation Failure)
[208.957s][info][gc,heap        ] GC(1877) PSYoungGen: 297984K(323584K)->192K(298496K) Eden: 297984K(297984K)->0K(297984K) From: 0K(25600K)->192K(512K)
[208.957s][info][gc,heap        ] GC(1877) ParOldGen: 113710K(699392K)->113710K(699392K)
[208.957s][info][gc,metaspace   ] GC(1877) Metaspace: 36257K(36608K)->36257K(36608K) NonClass: 32089K(32256K)->32089K(32256K) Class: 4168K(4352K)->4168K(4352K)
[208.957s][info][gc             ] GC(1877) Pause Young (Allocation Failure) 402M->111M(974M) 0.380ms
[208.957s][info][gc,cpu         ] GC(1877) User=0.00s Sys=0.00s Real=0.00s
[209.001s][info][gc,start       ] GC(1878) Pause Young (Allocation Failure)
[209.002s][info][gc,heap        ] GC(1878) PSYoungGen: 298176K(298496K)->192K(322048K) Eden: 297984K(297984K)->0K(295936K) From: 192K(512K)->192K(26112K)
[209.002s][info][gc,heap        ] GC(1878) ParOldGen: 113710K(699392K)->113758K(699392K)
[209.002s][info][gc,metaspace   ] GC(1878) Metaspace: 36257K(36608K)->36257K(36608K) NonClass: 32089K(32256K)->32089K(32256K) Class: 4168K(4352K)->4168K(4352K)
[209.002s][info][gc             ] GC(1878) Pause Young (Allocation Failure) 402M->111M(997M) 0.364ms
[209.002s][info][gc,cpu         ] GC(1878) User=0.00s Sys=0.00s Real=0.00s
[209.047s][info][gc,start       ] GC(1879) Pause Young (Allocation Failure)
[209.048s][info][gc,heap        ] GC(1879) PSYoungGen: 296128K(322048K)->160K(322560K) Eden: 295936K(295936K)->0K(295936K) From: 192K(26112K)->160K(26624K)
[209.048s][info][gc,heap        ] GC(1879) ParOldGen: 113758K(699392K)->113758K(699392K)
[209.048s][info][gc,metaspace   ] GC(1879) Metaspace: 36257K(36608K)->36257K(36608K) NonClass: 32089K(32256K)->32089K(32256K) Class: 4168K(4352K)->4168K(4352K)
[209.048s][info][gc             ] GC(1879) Pause Young (Allocation Failure) 400M->111M(998M) 0.367ms
[209.048s][info][gc,cpu         ] GC(1879) User=0.00s Sys=0.00s Real=0.00s
[209.092s][info][gc,start       ] GC(1880) Pause Young (Allocation Failure)
[209.093s][info][gc,heap        ] GC(1880) PSYoungGen: 296096K(322560K)->160K(323072K) Eden: 295936K(295936K)->0K(296448K) From: 160K(26624K)->160K(26624K)
[209.093s][info][gc,heap        ] GC(1880) ParOldGen: 113758K(699392K)->113758K(699392K)
[209.093s][info][gc,metaspace   ] GC(1880) Metaspace: 36257K(36608K)->36257K(36608K) NonClass: 32089K(32256K)->32089K(32256K) Class: 4168K(4352K)->4168K(4352K)
[209.093s][info][gc             ] GC(1880) Pause Young (Allocation Failure) 400M->111M(998M) 0.591ms
[209.093s][info][gc,cpu         ] GC(1880) User=0.00s Sys=0.00s Real=0.00s
[209.138s][info][gc,start       ] GC(1881) Pause Young (Allocation Failure)
[209.138s][info][gc,heap        ] GC(1881) PSYoungGen: 296608K(323072K)->160K(322560K) Eden: 296448K(296448K)->0K(296448K) From: 160K(26624K)->160K(26112K)
[209.138s][info][gc,heap        ] GC(1881) ParOldGen: 113758K(699392K)->113758K(699392K)
[209.138s][info][gc,metaspace   ] GC(1881) Metaspace: 36257K(36608K)->36257K(36608K) NonClass: 32089K(32256K)->32089K(32256K) Class: 4168K(4352K)->4168K(4352K)
[209.138s][info][gc             ] GC(1881) Pause Young (Allocation Failure) 400M->111M(998M) 0.403ms
[209.138s][info][gc,cpu         ] GC(1881) User=0.00s Sys=0.00s Real=0.00s
[209.184s][info][gc,start       ] GC(1882) Pause Young (Allocation Failure)
[209.184s][info][gc,heap        ] GC(1882) PSYoungGen: 296608K(322560K)->192K(324096K) Eden: 296448K(296448K)->0K(298496K) From: 160K(26112K)->192K(25600K)
[209.184s][info][gc,heap        ] GC(1882) ParOldGen: 113758K(699392K)->113758K(699392K)
[209.184s][info][gc,metaspace   ] GC(1882) Metaspace: 36257K(36608K)->36257K(36608K) NonClass: 32089K(32256K)->32089K(32256K) Class: 4168K(4352K)->4168K(4352K)
[209.184s][info][gc             ] GC(1882) Pause Young (Allocation Failure) 400M->111M(999M) 0.474ms
[209.184s][info][gc,cpu         ] GC(1882) User=0.00s Sys=0.00s Real=0.00s
[209.229s][info][gc,start       ] GC(1883) Pause Young (Allocation Failure)
[209.229s][info][gc,heap        ] GC(1883) PSYoungGen: 298688K(324096K)->160K(323584K) Eden: 298496K(298496K)->0K(298496K) From: 192K(25600K)->160K(25088K)
[209.229s][info][gc,heap        ] GC(1883) ParOldGen: 113758K(699392K)->113758K(699392K)
[209.229s][info][gc,metaspace   ] GC(1883) Metaspace: 36257K(36608K)->36257K(36608K) NonClass: 32089K(32256K)->32089K(32256K) Class: 4168K(4352K)->4168K(4352K)
[209.229s][info][gc             ] GC(1883) Pause Young (Allocation Failure) 402M->111M(999M) 0.415ms
[209.229s][info][gc,cpu         ] GC(1883) User=0.00s Sys=0.00s Real=0.00s
[209.273s][info][gc,start       ] GC(1884) Pause Young (Allocation Failure)
[209.274s][info][gc,heap        ] GC(1884) PSYoungGen: 298656K(323584K)->160K(325632K) Eden: 298496K(298496K)->0K(301056K) From: 160K(25088K)->160K(24576K)
[209.274s][info][gc,heap        ] GC(1884) ParOldGen: 113758K(699392K)->113758K(699392K)
[209.274s][info][gc,metaspace   ] GC(1884) Metaspace: 36257K(36608K)->36257K(36608K) NonClass: 32089K(32256K)->32089K(32256K) Class: 4168K(4352K)->4168K(4352K)
[209.274s][info][gc             ] GC(1884) Pause Young (Allocation Failure) 402M->111M(1001M) 0.416ms
[209.274s][info][gc,cpu         ] GC(1884) User=0.00s Sys=0.00s Real=0.00s
[209.319s][info][gc,start       ] GC(1885) Pause Young (Allocation Failure)
[209.320s][info][gc,heap        ] GC(1885) PSYoungGen: 301216K(325632K)->192K(324608K) Eden: 301056K(301056K)->0K(301056K) From: 160K(24576K)->192K(23552K)
[209.320s][info][gc,heap        ] GC(1885) ParOldGen: 113758K(699392K)->113758K(699392K)
[209.320s][info][gc,metaspace   ] GC(1885) Metaspace: 36257K(36608K)->36257K(36608K) NonClass: 32089K(32256K)->32089K(32256K) Class: 4168K(4352K)->4168K(4352K)
[209.320s][info][gc             ] GC(1885) Pause Young (Allocation Failure) 405M->111M(1000M) 0.384ms
[209.320s][info][gc,cpu         ] GC(1885) User=0.00s Sys=0.00s Real=0.00s
[209.365s][info][gc,start       ] GC(1886) Pause Young (Allocation Failure)
[209.365s][info][gc,heap        ] GC(1886) PSYoungGen: 301248K(324608K)->160K(327680K) Eden: 301056K(301056K)->0K(305152K) From: 192K(23552K)->160K(22528K)
[209.365s][info][gc,heap        ] GC(1886) ParOldGen: 113758K(699392K)->113758K(699392K)
[209.365s][info][gc,metaspace   ] GC(1886) Metaspace: 36257K(36608K)->36257K(36608K) NonClass: 32089K(32256K)->32089K(32256K) Class: 4168K(4352K)->4168K(4352K)
[209.365s][info][gc             ] GC(1886) Pause Young (Allocation Failure) 405M->111M(1003M) 0.402ms
[209.365s][info][gc,cpu         ] GC(1886) User=0.00s Sys=0.00s Real=0.00s
[209.411s][info][gc,start       ] GC(1887) Pause Young (Allocation Failure)
[209.411s][info][gc,heap        ] GC(1887) PSYoungGen: 305312K(327680K)->160K(326656K) Eden: 305152K(305152K)->0K(305152K) From: 160K(22528K)->160K(21504K)
[209.411s][info][gc,heap        ] GC(1887) ParOldGen: 113758K(699392K)->113758K(699392K)
[209.411s][info][gc,metaspace   ] GC(1887) Metaspace: 36257K(36608K)->36257K(36608K) NonClass: 32089K(32256K)->32089K(32256K) Class: 4168K(4352K)->4168K(4352K)
[209.411s][info][gc             ] GC(1887) Pause Young (Allocation Failure) 409M->111M(1002M) 0.472ms
[209.411s][info][gc,cpu         ] GC(1887) User=0.00s Sys=0.00s Real=0.00s
[209.457s][info][gc,start       ] GC(1888) Pause Young (Allocation Failure)
[209.458s][info][gc,heap        ] GC(1888) PSYoungGen: 305312K(326656K)->160K(329728K) Eden: 305152K(305152K)->0K(309248K) From: 160K(21504K)->160K(20480K)
[209.458s][info][gc,heap        ] GC(1888) ParOldGen: 113758K(699392K)->113758K(699392K)
[209.458s][info][gc,metaspace   ] GC(1888) Metaspace: 36257K(36608K)->36257K(36608K) NonClass: 32089K(32256K)->32089K(32256K) Class: 4168K(4352K)->4168K(4352K)
[209.458s][info][gc             ] GC(1888) Pause Young (Allocation Failure) 409M->111M(1005M) 0.357ms
[209.458s][info][gc,cpu         ] GC(1888) User=0.00s Sys=0.00s Real=0.00s
[209.505s][info][gc,start       ] GC(1889) Pause Young (Allocation Failure)
[209.506s][info][gc,heap        ] GC(1889) PSYoungGen: 309408K(329728K)->192K(328704K) Eden: 309248K(309248K)->0K(309248K) From: 160K(20480K)->192K(19456K)
[209.506s][info][gc,heap        ] GC(1889) ParOldGen: 113758K(699392K)->113758K(699392K)
[209.506s][info][gc,metaspace   ] GC(1889) Metaspace: 36257K(36608K)->36257K(36608K) NonClass: 32089K(32256K)->32089K(32256K) Class: 4168K(4352K)->4168K(4352K)
[209.506s][info][gc             ] GC(1889) Pause Young (Allocation Failure) 413M->111M(1004M) 0.443ms
[209.506s][info][gc,cpu         ] GC(1889) User=0.00s Sys=0.00s Real=0.00s
[209.554s][info][gc,start       ] GC(1890) Pause Young (Allocation Failure)
[209.554s][info][gc,heap        ] GC(1890) PSYoungGen: 309440K(328704K)->160K(331776K) Eden: 309248K(309248K)->0K(313344K) From: 192K(19456K)->160K(18432K)
[209.554s][info][gc,heap        ] GC(1890) ParOldGen: 113758K(699392K)->113758K(699392K)
[209.554s][info][gc,metaspace   ] GC(1890) Metaspace: 36257K(36608K)->36257K(36608K) NonClass: 32089K(32256K)->32089K(32256K) Class: 4168K(4352K)->4168K(4352K)
[209.554s][info][gc             ] GC(1890) Pause Young (Allocation Failure) 413M->111M(1007M) 0.389ms
[209.554s][info][gc,cpu         ] GC(1890) User=0.00s Sys=0.00s Real=0.00s
[209.608s][info][gc,start       ] GC(1891) Pause Young (Allocation Failure)
[209.608s][info][gc,heap        ] GC(1891) PSYoungGen: 313504K(331776K)->192K(330752K) Eden: 313344K(313344K)->0K(313344K) From: 160K(18432K)->192K(17408K)
[209.608s][info][gc,heap        ] GC(1891) ParOldGen: 113758K(699392K)->113758K(699392K)
[209.608s][info][gc,metaspace   ] GC(1891) Metaspace: 36257K(36608K)->36257K(36608K) NonClass: 32089K(32256K)->32089K(32256K) Class: 4168K(4352K)->4168K(4352K)
[209.608s][info][gc             ] GC(1891) Pause Young (Allocation Failure) 417M->111M(1006M) 0.436ms
[209.608s][info][gc,cpu         ] GC(1891) User=0.00s Sys=0.00s Real=0.00s
[209.669s][info][gc,start       ] GC(1892) Pause Young (Allocation Failure)
[209.669s][info][gc,heap        ] GC(1892) PSYoungGen: 313536K(330752K)->160K(333312K) Eden: 313344K(313344K)->0K(316928K) From: 192K(17408K)->160K(16384K)
[209.669s][info][gc,heap        ] GC(1892) ParOldGen: 113758K(699392K)->113806K(699392K)
[209.669s][info][gc,metaspace   ] GC(1892) Metaspace: 36257K(36608K)->36257K(36608K) NonClass: 32089K(32256K)->32089K(32256K) Class: 4168K(4352K)->4168K(4352K)
[209.669s][info][gc             ] GC(1892) Pause Young (Allocation Failure) 417M->111M(1008M) 0.448ms
[209.669s][info][gc,cpu         ] GC(1892) User=0.00s Sys=0.00s Real=0.00s
[209.730s][info][gc,start       ] GC(1893) Pause Young (Allocation Failure)
[209.731s][info][gc,heap        ] GC(1893) PSYoungGen: 317088K(333312K)->192K(332800K) Eden: 316928K(316928K)->0K(316928K) From: 160K(16384K)->192K(15872K)
[209.731s][info][gc,heap        ] GC(1893) ParOldGen: 113806K(699392K)->113806K(699392K)
[209.731s][info][gc,metaspace   ] GC(1893) Metaspace: 36257K(36608K)->36257K(36608K) NonClass: 32089K(32256K)->32089K(32256K) Class: 4168K(4352K)->4168K(4352K)
[209.731s][info][gc             ] GC(1893) Pause Young (Allocation Failure) 420M->111M(1008M) 0.482ms
[209.731s][info][gc,cpu         ] GC(1893) User=0.00s Sys=0.00s Real=0.00s
[209.792s][info][gc,start       ] GC(1894) Pause Young (Allocation Failure)
[209.793s][info][gc,heap        ] GC(1894) PSYoungGen: 317120K(332800K)->160K(335360K) Eden: 316928K(316928K)->0K(320512K) From: 192K(15872K)->160K(14848K)
[209.793s][info][gc,heap        ] GC(1894) ParOldGen: 113806K(699392K)->113806K(699392K)
[209.793s][info][gc,metaspace   ] GC(1894) Metaspace: 36257K(36608K)->36257K(36608K) NonClass: 32089K(32256K)->32089K(32256K) Class: 4168K(4352K)->4168K(4352K)
[209.793s][info][gc             ] GC(1894) Pause Young (Allocation Failure) 420M->111M(1010M) 0.452ms
[209.793s][info][gc,cpu         ] GC(1894) User=0.00s Sys=0.00s Real=0.00s
[209.855s][info][gc,start       ] GC(1895) Pause Young (Allocation Failure)
[209.856s][info][gc,heap        ] GC(1895) PSYoungGen: 320672K(335360K)->192K(334336K) Eden: 320512K(320512K)->0K(320512K) From: 160K(14848K)->192K(13824K)
[209.856s][info][gc,heap        ] GC(1895) ParOldGen: 113806K(699392K)->113806K(699392K)
[209.856s][info][gc,metaspace   ] GC(1895) Metaspace: 36257K(36608K)->36257K(36608K) NonClass: 32089K(32256K)->32089K(32256K) Class: 4168K(4352K)->4168K(4352K)
[209.856s][info][gc             ] GC(1895) Pause Young (Allocation Failure) 424M->111M(1009M) 0.413ms
[209.856s][info][gc,cpu         ] GC(1895) User=0.00s Sys=0.00s Real=0.00s
[209.918s][info][gc,start       ] GC(1896) Pause Young (Allocation Failure)
[209.919s][info][gc,heap        ] GC(1896) PSYoungGen: 320704K(334336K)->192K(336896K) Eden: 320512K(320512K)->0K(324096K) From: 192K(13824K)->192K(12800K)
[209.919s][info][gc,heap        ] GC(1896) ParOldGen: 113806K(699392K)->113806K(699392K)
[209.919s][info][gc,metaspace   ] GC(1896) Metaspace: 36257K(36608K)->36257K(36608K) NonClass: 32089K(32256K)->32089K(32256K) Class: 4168K(4352K)->4168K(4352K)
[209.919s][info][gc             ] GC(1896) Pause Young (Allocation Failure) 424M->111M(1012M) 0.418ms
[209.919s][info][gc,cpu         ] GC(1896) User=0.00s Sys=0.00s Real=0.00s
[209.979s][info][gc,start       ] GC(1897) Pause Young (Allocation Failure)
[209.979s][info][gc,heap        ] GC(1897) PSYoungGen: 324288K(336896K)->160K(336384K) Eden: 324096K(324096K)->0K(324096K) From: 192K(12800K)->160K(12288K)
[209.979s][info][gc,heap        ] GC(1897) ParOldGen: 113806K(699392K)->113806K(699392K)
[209.979s][info][gc,metaspace   ] GC(1897) Metaspace: 36257K(36608K)->36257K(36608K) NonClass: 32089K(32256K)->32089K(32256K) Class: 4168K(4352K)->4168K(4352K)
[209.979s][info][gc             ] GC(1897) Pause Young (Allocation Failure) 427M->111M(1011M) 0.387ms
[209.980s][info][gc,cpu         ] GC(1897) User=0.00s Sys=0.00s Real=0.00s
[210.042s][info][gc,start       ] GC(1898) Pause Young (Allocation Failure)
[210.042s][info][gc,heap        ] GC(1898) PSYoungGen: 324256K(336384K)->192K(338432K) Eden: 324096K(324096K)->0K(327168K) From: 160K(12288K)->192K(11264K)
[210.042s][info][gc,heap        ] GC(1898) ParOldGen: 113806K(699392K)->113806K(699392K)
[210.042s][info][gc,metaspace   ] GC(1898) Metaspace: 36257K(36608K)->36257K(36608K) NonClass: 32089K(32256K)->32089K(32256K) Class: 4168K(4352K)->4168K(4352K)
[210.042s][info][gc             ] GC(1898) Pause Young (Allocation Failure) 427M->111M(1013M) 0.552ms
[210.042s][info][gc,cpu         ] GC(1898) User=0.00s Sys=0.00s Real=0.00s
[210.104s][info][gc,start       ] GC(1899) Pause Young (Allocation Failure)
[210.104s][info][gc,heap        ] GC(1899) PSYoungGen: 327360K(338432K)->192K(337920K) Eden: 327168K(327168K)->0K(327168K) From: 192K(11264K)->192K(10752K)
[210.104s][info][gc,heap        ] GC(1899) ParOldGen: 113806K(699392K)->113806K(699392K)
[210.104s][info][gc,metaspace   ] GC(1899) Metaspace: 36257K(36608K)->36257K(36608K) NonClass: 32089K(32256K)->32089K(32256K) Class: 4168K(4352K)->4168K(4352K)
[210.104s][info][gc             ] GC(1899) Pause Young (Allocation Failure) 430M->111M(1013M) 0.487ms
[210.104s][info][gc,cpu         ] GC(1899) User=0.00s Sys=0.00s Real=0.00s
[210.168s][info][gc,start       ] GC(1900) Pause Young (Allocation Failure)
[210.168s][info][gc,heap        ] GC(1900) PSYoungGen: 327360K(337920K)->192K(339968K) Eden: 327168K(327168K)->0K(330240K) From: 192K(10752K)->192K(9728K)
[210.168s][info][gc,heap        ] GC(1900) ParOldGen: 113806K(699392K)->113806K(699392K)
[210.168s][info][gc,metaspace   ] GC(1900) Metaspace: 36257K(36608K)->36257K(36608K) NonClass: 32089K(32256K)->32089K(32256K) Class: 4168K(4352K)->4168K(4352K)
[210.168s][info][gc             ] GC(1900) Pause Young (Allocation Failure) 430M->111M(1015M) 0.427ms
[210.168s][info][gc,cpu         ] GC(1900) User=0.00s Sys=0.00s Real=0.00s
[210.232s][info][gc,start       ] GC(1901) Pause Young (Allocation Failure)
[210.233s][info][gc,heap        ] GC(1901) PSYoungGen: 330432K(339968K)->160K(339456K) Eden: 330240K(330240K)->0K(330240K) From: 192K(9728K)->160K(9216K)
[210.233s][info][gc,heap        ] GC(1901) ParOldGen: 113806K(699392K)->113806K(699392K)
[210.233s][info][gc,metaspace   ] GC(1901) Metaspace: 36257K(36608K)->36257K(36608K) NonClass: 32089K(32256K)->32089K(32256K) Class: 4168K(4352K)->4168K(4352K)
[210.233s][info][gc             ] GC(1901) Pause Young (Allocation Failure) 433M->111M(1014M) 0.439ms
[210.233s][info][gc,cpu         ] GC(1901) User=0.00s Sys=0.00s Real=0.00s
[210.297s][info][gc,start       ] GC(1902) Pause Young (Allocation Failure)
[210.297s][info][gc,heap        ] GC(1902) PSYoungGen: 330400K(339456K)->192K(340992K) Eden: 330240K(330240K)->0K(332288K) From: 160K(9216K)->192K(8704K)
[210.297s][info][gc,heap        ] GC(1902) ParOldGen: 113806K(699392K)->113806K(699392K)
[210.297s][info][gc,metaspace   ] GC(1902) Metaspace: 36257K(36608K)->36257K(36608K) NonClass: 32089K(32256K)->32089K(32256K) Class: 4168K(4352K)->4168K(4352K)
[210.297s][info][gc             ] GC(1902) Pause Young (Allocation Failure) 433M->111M(1016M) 0.434ms
[210.297s][info][gc,cpu         ] GC(1902) User=0.02s Sys=0.00s Real=0.00s
[210.357s][info][gc,start       ] GC(1903) Pause Young (Allocation Failure)
[210.358s][info][gc,heap        ] GC(1903) PSYoungGen: 332480K(340992K)->192K(340480K) Eden: 332288K(332288K)->0K(332288K) From: 192K(8704K)->192K(8192K)
[210.358s][info][gc,heap        ] GC(1903) ParOldGen: 113806K(699392K)->113806K(699392K)
[210.358s][info][gc,metaspace   ] GC(1903) Metaspace: 36257K(36608K)->36257K(36608K) NonClass: 32089K(32256K)->32089K(32256K) Class: 4168K(4352K)->4168K(4352K)
[210.358s][info][gc             ] GC(1903) Pause Young (Allocation Failure) 435M->111M(1015M) 0.439ms
[210.358s][info][gc,cpu         ] GC(1903) User=0.00s Sys=0.00s Real=0.00s
[210.420s][info][gc,start       ] GC(1904) Pause Young (Allocation Failure)
[210.421s][info][gc,heap        ] GC(1904) PSYoungGen: 332480K(340480K)->160K(342016K) Eden: 332288K(332288K)->0K(334336K) From: 192K(8192K)->160K(7680K)
[210.421s][info][gc,heap        ] GC(1904) ParOldGen: 113806K(699392K)->113806K(699392K)
[210.421s][info][gc,metaspace   ] GC(1904) Metaspace: 36257K(36608K)->36257K(36608K) NonClass: 32089K(32256K)->32089K(32256K) Class: 4168K(4352K)->4168K(4352K)
[210.421s][info][gc             ] GC(1904) Pause Young (Allocation Failure) 435M->111M(1017M) 0.425ms
[210.421s][info][gc,cpu         ] GC(1904) User=0.00s Sys=0.00s Real=0.00s
[210.485s][info][gc,start       ] GC(1905) Pause Young (Allocation Failure)
[210.485s][info][gc,heap        ] GC(1905) PSYoungGen: 334496K(342016K)->192K(341504K) Eden: 334336K(334336K)->0K(334336K) From: 160K(7680K)->192K(7168K)
[210.485s][info][gc,heap        ] GC(1905) ParOldGen: 113806K(699392K)->113806K(699392K)
[210.485s][info][gc,metaspace   ] GC(1905) Metaspace: 36257K(36608K)->36257K(36608K) NonClass: 32089K(32256K)->32089K(32256K) Class: 4168K(4352K)->4168K(4352K)
[210.485s][info][gc             ] GC(1905) Pause Young (Allocation Failure) 437M->111M(1016M) 0.468ms
[210.485s][info][gc,cpu         ] GC(1905) User=0.00s Sys=0.00s Real=0.00s
[210.549s][info][gc,start       ] GC(1906) Pause Young (Allocation Failure)
[210.549s][info][gc,heap        ] GC(1906) PSYoungGen: 334528K(341504K)->160K(343040K) Eden: 334336K(334336K)->0K(336384K) From: 192K(7168K)->160K(6656K)
[210.549s][info][gc,heap        ] GC(1906) ParOldGen: 113806K(699392K)->113806K(699392K)
[210.549s][info][gc,metaspace   ] GC(1906) Metaspace: 36257K(36608K)->36257K(36608K) NonClass: 32089K(32256K)->32089K(32256K) Class: 4168K(4352K)->4168K(4352K)
[210.549s][info][gc             ] GC(1906) Pause Young (Allocation Failure) 437M->111M(1018M) 0.415ms
[210.549s][info][gc,cpu         ] GC(1906) User=0.00s Sys=0.00s Real=0.00s
[210.612s][info][gc,start       ] GC(1907) Pause Young (Allocation Failure)
[210.613s][info][gc,heap        ] GC(1907) PSYoungGen: 336544K(343040K)->160K(342528K) Eden: 336384K(336384K)->0K(336384K) From: 160K(6656K)->160K(6144K)
[210.613s][info][gc,heap        ] GC(1907) ParOldGen: 113806K(699392K)->113806K(699392K)
[210.613s][info][gc,metaspace   ] GC(1907) Metaspace: 36257K(36608K)->36257K(36608K) NonClass: 32089K(32256K)->32089K(32256K) Class: 4168K(4352K)->4168K(4352K)
[210.613s][info][gc             ] GC(1907) Pause Young (Allocation Failure) 439M->111M(1017M) 0.522ms
[210.613s][info][gc,cpu         ] GC(1907) User=0.00s Sys=0.00s Real=0.02s
[210.674s][info][gc,start       ] GC(1908) Pause Young (Allocation Failure)
[210.675s][info][gc,heap        ] GC(1908) PSYoungGen: 336544K(342528K)->192K(344064K) Eden: 336384K(336384K)->0K(338432K) From: 160K(6144K)->192K(5632K)
[210.675s][info][gc,heap        ] GC(1908) ParOldGen: 113806K(699392K)->113806K(699392K)
[210.675s][info][gc,metaspace   ] GC(1908) Metaspace: 36257K(36608K)->36257K(36608K) NonClass: 32089K(32256K)->32089K(32256K) Class: 4168K(4352K)->4168K(4352K)
[210.675s][info][gc             ] GC(1908) Pause Young (Allocation Failure) 439M->111M(1019M) 0.498ms
[210.675s][info][gc,cpu         ] GC(1908) User=0.00s Sys=0.00s Real=0.00s
[210.738s][info][gc,start       ] GC(1909) Pause Young (Allocation Failure)
[210.738s][info][gc,heap        ] GC(1909) PSYoungGen: 338624K(344064K)->192K(343552K) Eden: 338432K(338432K)->0K(338432K) From: 192K(5632K)->192K(5120K)
[210.738s][info][gc,heap        ] GC(1909) ParOldGen: 113806K(699392K)->113806K(699392K)
[210.738s][info][gc,metaspace   ] GC(1909) Metaspace: 36257K(36608K)->36257K(36608K) NonClass: 32089K(32256K)->32089K(32256K) Class: 4168K(4352K)->4168K(4352K)
[210.738s][info][gc             ] GC(1909) Pause Young (Allocation Failure) 441M->111M(1018M) 0.500ms
[210.738s][info][gc,cpu         ] GC(1909) User=0.00s Sys=0.00s Real=0.01s
[210.804s][info][gc,start       ] GC(1910) Pause Young (Allocation Failure)
[210.804s][info][gc,heap        ] GC(1910) PSYoungGen: 338624K(343552K)->128K(344576K) Eden: 338432K(338432K)->0K(339968K) From: 192K(5120K)->128K(4608K)
[210.804s][info][gc,heap        ] GC(1910) ParOldGen: 113806K(699392K)->113806K(699392K)
[210.804s][info][gc,metaspace   ] GC(1910) Metaspace: 36257K(36608K)->36257K(36608K) NonClass: 32089K(32256K)->32089K(32256K) Class: 4168K(4352K)->4168K(4352K)
[210.804s][info][gc             ] GC(1910) Pause Young (Allocation Failure) 441M->111M(1019M) 0.540ms
[210.804s][info][gc,cpu         ] GC(1910) User=0.00s Sys=0.00s Real=0.00s
[210.871s][info][gc,start       ] GC(1911) Pause Young (Allocation Failure)
[210.871s][info][gc,heap        ] GC(1911) PSYoungGen: 340096K(344576K)->160K(344576K) Eden: 339968K(339968K)->0K(339968K) From: 128K(4608K)->160K(4608K)
[210.871s][info][gc,heap        ] GC(1911) ParOldGen: 113806K(699392K)->113806K(699392K)
[210.871s][info][gc,metaspace   ] GC(1911) Metaspace: 36257K(36608K)->36257K(36608K) NonClass: 32089K(32256K)->32089K(32256K) Class: 4168K(4352K)->4168K(4352K)
[210.871s][info][gc             ] GC(1911) Pause Young (Allocation Failure) 443M->111M(1019M) 0.433ms
[210.871s][info][gc,cpu         ] GC(1911) User=0.00s Sys=0.00s Real=0.00s
[210.935s][info][gc,start       ] GC(1912) Pause Young (Allocation Failure)
[210.936s][info][gc,heap        ] GC(1912) PSYoungGen: 340128K(344576K)->192K(345088K) Eden: 339968K(339968K)->0K(340992K) From: 160K(4608K)->192K(4096K)
[210.936s][info][gc,heap        ] GC(1912) ParOldGen: 113806K(699392K)->113806K(699392K)
[210.936s][info][gc,metaspace   ] GC(1912) Metaspace: 36257K(36608K)->36257K(36608K) NonClass: 32089K(32256K)->32089K(32256K) Class: 4168K(4352K)->4168K(4352K)
[210.936s][info][gc             ] GC(1912) Pause Young (Allocation Failure) 443M->111M(1020M) 0.456ms
[210.936s][info][gc,cpu         ] GC(1912) User=0.00s Sys=0.00s Real=0.00s
[211.002s][info][gc,start       ] GC(1913) Pause Young (Allocation Failure)
[211.002s][info][gc,heap        ] GC(1913) PSYoungGen: 341184K(345088K)->160K(345088K) Eden: 340992K(340992K)->0K(340992K) From: 192K(4096K)->160K(4096K)
[211.002s][info][gc,heap        ] GC(1913) ParOldGen: 113806K(699392K)->113806K(699392K)
[211.002s][info][gc,metaspace   ] GC(1913) Metaspace: 36257K(36608K)->36257K(36608K) NonClass: 32089K(32256K)->32089K(32256K) Class: 4168K(4352K)->4168K(4352K)
[211.002s][info][gc             ] GC(1913) Pause Young (Allocation Failure) 444M->111M(1020M) 0.438ms
[211.002s][info][gc,cpu         ] GC(1913) User=0.00s Sys=0.00s Real=0.00s
[211.067s][info][gc,start       ] GC(1914) Pause Young (Allocation Failure)
[211.068s][info][gc,heap        ] GC(1914) PSYoungGen: 341152K(345088K)->192K(345600K) Eden: 340992K(340992K)->0K(342016K) From: 160K(4096K)->192K(3584K)
[211.068s][info][gc,heap        ] GC(1914) ParOldGen: 113806K(699392K)->113806K(699392K)
[211.068s][info][gc,metaspace   ] GC(1914) Metaspace: 36257K(36608K)->36257K(36608K) NonClass: 32089K(32256K)->32089K(32256K) Class: 4168K(4352K)->4168K(4352K)
[211.068s][info][gc             ] GC(1914) Pause Young (Allocation Failure) 444M->111M(1020M) 0.561ms
[211.068s][info][gc,cpu         ] GC(1914) User=0.00s Sys=0.00s Real=0.00s
[211.134s][info][gc,start       ] GC(1915) Pause Young (Allocation Failure)
[211.135s][info][gc,heap        ] GC(1915) PSYoungGen: 342208K(345600K)->192K(345600K) Eden: 342016K(342016K)->0K(342016K) From: 192K(3584K)->192K(3584K)
[211.135s][info][gc,heap        ] GC(1915) ParOldGen: 113806K(699392K)->113806K(699392K)
[211.135s][info][gc,metaspace   ] GC(1915) Metaspace: 36257K(36608K)->36257K(36608K) NonClass: 32089K(32256K)->32089K(32256K) Class: 4168K(4352K)->4168K(4352K)
[211.135s][info][gc             ] GC(1915) Pause Young (Allocation Failure) 445M->111M(1020M) 0.452ms
[211.135s][info][gc,cpu         ] GC(1915) User=0.00s Sys=0.00s Real=0.00s
[211.202s][info][gc,start       ] GC(1916) Pause Young (Allocation Failure)
[211.202s][info][gc,heap        ] GC(1916) PSYoungGen: 342208K(345600K)->192K(346112K) Eden: 342016K(342016K)->0K(343040K) From: 192K(3584K)->192K(3072K)
[211.202s][info][gc,heap        ] GC(1916) ParOldGen: 113806K(699392K)->113806K(699392K)
[211.202s][info][gc,metaspace   ] GC(1916) Metaspace: 36257K(36608K)->36257K(36608K) NonClass: 32089K(32256K)->32089K(32256K) Class: 4168K(4352K)->4168K(4352K)
[211.202s][info][gc             ] GC(1916) Pause Young (Allocation Failure) 445M->111M(1021M) 0.435ms
[211.202s][info][gc,cpu         ] GC(1916) User=0.00s Sys=0.00s Real=0.00s
[211.269s][info][gc,start       ] GC(1917) Pause Young (Allocation Failure)
[211.270s][info][gc,heap        ] GC(1917) PSYoungGen: 343232K(346112K)->160K(346112K) Eden: 343040K(343040K)->0K(343040K) From: 192K(3072K)->160K(3072K)
[211.270s][info][gc,heap        ] GC(1917) ParOldGen: 113806K(699392K)->113806K(699392K)
[211.270s][info][gc,metaspace   ] GC(1917) Metaspace: 36257K(36608K)->36257K(36608K) NonClass: 32089K(32256K)->32089K(32256K) Class: 4168K(4352K)->4168K(4352K)
[211.270s][info][gc             ] GC(1917) Pause Young (Allocation Failure) 446M->111M(1021M) 0.412ms
[211.270s][info][gc,cpu         ] GC(1917) User=0.00s Sys=0.00s Real=0.00s
[211.352s][info][gc,start       ] GC(1918) Pause Young (Allocation Failure)
[211.352s][info][gc,heap        ] GC(1918) PSYoungGen: 343200K(346112K)->192K(346624K) Eden: 343040K(343040K)->0K(344064K) From: 160K(3072K)->192K(2560K)
[211.352s][info][gc,heap        ] GC(1918) ParOldGen: 113806K(699392K)->113806K(699392K)
[211.352s][info][gc,metaspace   ] GC(1918) Metaspace: 36260K(36608K)->36260K(36608K) NonClass: 32091K(32256K)->32091K(32256K) Class: 4168K(4352K)->4168K(4352K)
[211.352s][info][gc             ] GC(1918) Pause Young (Allocation Failure) 446M->111M(1021M) 0.479ms
[211.352s][info][gc,cpu         ] GC(1918) User=0.00s Sys=0.00s Real=0.00s
[211.646s][info][gc,start       ] GC(1919) Pause Young (Allocation Failure)
[211.657s][info][gc,heap        ] GC(1919) PSYoungGen: 341813K(346624K)->2536K(346624K) Eden: 341621K(344064K)->0K(344064K) From: 192K(2560K)->2536K(2560K)
[211.657s][info][gc,heap        ] GC(1919) ParOldGen: 113806K(699392K)->141294K(699392K)
[211.657s][info][gc,metaspace   ] GC(1919) Metaspace: 36260K(36608K)->36260K(36608K) NonClass: 32091K(32256K)->32091K(32256K) Class: 4168K(4352K)->4168K(4352K)
[211.657s][info][gc             ] GC(1919) Pause Young (Allocation Failure) 444M->140M(1021M) 10.573ms
[211.657s][info][gc,cpu         ] GC(1919) User=0.09s Sys=0.00s Real=0.02s
[211.967s][info][gc,start       ] GC(1920) Pause Young (Allocation Failure)
[211.983s][info][gc,heap        ] GC(1920) PSYoungGen: 346600K(346624K)->2543K(288256K) Eden: 344064K(344064K)->0K(285696K) From: 2536K(2560K)->2543K(2560K)
[211.983s][info][gc,heap        ] GC(1920) ParOldGen: 141294K(699392K)->193870K(699392K)
[211.983s][info][gc,metaspace   ] GC(1920) Metaspace: 36260K(36608K)->36260K(36608K) NonClass: 32091K(32256K)->32091K(32256K) Class: 4168K(4352K)->4168K(4352K)
[211.983s][info][gc             ] GC(1920) Pause Young (Allocation Failure) 476M->191M(964M) 16.409ms
[211.983s][info][gc,cpu         ] GC(1920) User=0.08s Sys=0.00s Real=0.02s
[212.248s][info][gc,start       ] GC(1921) Pause Young (Allocation Failure)
[212.256s][info][gc,heap        ] GC(1921) PSYoungGen: 288239K(288256K)->20077K(306176K) Eden: 285696K(285696K)->0K(285696K) From: 2543K(2560K)->20077K(20480K)
[212.256s][info][gc,heap        ] GC(1921) ParOldGen: 193870K(699392K)->195623K(699392K)
[212.256s][info][gc,metaspace   ] GC(1921) Metaspace: 36260K(36608K)->36260K(36608K) NonClass: 32091K(32256K)->32091K(32256K) Class: 4168K(4352K)->4168K(4352K)
[212.256s][info][gc             ] GC(1921) Pause Young (Allocation Failure) 470M->210M(982M) 7.960ms
[212.256s][info][gc,cpu         ] GC(1921) User=0.09s Sys=0.00s Real=0.01s
[212.516s][info][gc,start       ] GC(1922) Pause Young (Allocation Failure)
[212.524s][info][gc,heap        ] GC(1922) PSYoungGen: 303583K(306176K)->14456K(316416K) Eden: 283505K(285696K)->0K(283136K) From: 20077K(20480K)->14456K(33280K)
[212.524s][info][gc,heap        ] GC(1922) ParOldGen: 195623K(699392K)->206744K(699392K)
[212.524s][info][gc,metaspace   ] GC(1922) Metaspace: 36260K(36608K)->36260K(36608K) NonClass: 32091K(32256K)->32091K(32256K) Class: 4168K(4352K)->4168K(4352K)
[212.524s][info][gc             ] GC(1922) Pause Young (Allocation Failure) 487M->216M(992M) 7.582ms
[212.524s][info][gc,cpu         ] GC(1922) User=0.00s Sys=0.00s Real=0.01s
[212.769s][info][gc,start       ] GC(1923) Pause Young (Allocation Failure)
[212.776s][info][gc,heap        ] GC(1923) PSYoungGen: 296093K(316416K)->16804K(315904K) Eden: 281637K(283136K)->0K(283136K) From: 14456K(33280K)->16804K(32768K)
[212.776s][info][gc,heap        ] GC(1923) ParOldGen: 206744K(699392K)->209968K(699392K)
[212.776s][info][gc,metaspace   ] GC(1923) Metaspace: 36260K(36608K)->36260K(36608K) NonClass: 32091K(32256K)->32091K(32256K) Class: 4168K(4352K)->4168K(4352K)
[212.776s][info][gc             ] GC(1923) Pause Young (Allocation Failure) 491M->221M(991M) 7.033ms
[212.776s][info][gc,cpu         ] GC(1923) User=0.00s Sys=0.00s Real=0.01s
[213.033s][info][gc,start       ] GC(1924) Pause Young (Allocation Failure)
[213.039s][info][gc,heap        ] GC(1924) PSYoungGen: 295921K(315904K)->20980K(312832K) Eden: 279117K(283136K)->0K(279552K) From: 16804K(32768K)->20980K(33280K)
[213.039s][info][gc,heap        ] GC(1924) ParOldGen: 209968K(699392K)->210696K(699392K)
[213.039s][info][gc,metaspace   ] GC(1924) Metaspace: 36260K(36608K)->36260K(36608K) NonClass: 32091K(32256K)->32091K(32256K) Class: 4168K(4352K)->4168K(4352K)
[213.039s][info][gc             ] GC(1924) Pause Young (Allocation Failure) 494M->226M(988M) 6.875ms
[213.039s][info][gc,cpu         ] GC(1924) User=0.00s Sys=0.00s Real=0.01s
[213.289s][info][gc,start       ] GC(1925) Pause Young (Allocation Failure)
[213.294s][info][gc,heap        ] GC(1925) PSYoungGen: 300532K(312832K)->8577K(314368K) Eden: 279552K(279552K)->0K(279552K) From: 20980K(33280K)->8577K(34816K)
[213.294s][info][gc,heap        ] GC(1925) ParOldGen: 210696K(699392K)->212028K(699392K)
[213.294s][info][gc,metaspace   ] GC(1925) Metaspace: 36260K(36608K)->36260K(36608K) NonClass: 32091K(32256K)->32091K(32256K) Class: 4168K(4352K)->4168K(4352K)
[213.295s][info][gc             ] GC(1925) Pause Young (Allocation Failure) 499M->215M(990M) 5.321ms
[213.295s][info][gc,cpu         ] GC(1925) User=0.00s Sys=0.00s Real=0.01s
[213.537s][info][gc,start       ] GC(1926) Pause Young (Allocation Failure)
[213.542s][info][gc,heap        ] GC(1926) PSYoungGen: 288129K(314368K)->10255K(317952K) Eden: 279552K(279552K)->0K(285184K) From: 8577K(34816K)->10255K(32768K)
[213.542s][info][gc,heap        ] GC(1926) ParOldGen: 212028K(699392K)->212993K(699392K)
[213.542s][info][gc,metaspace   ] GC(1926) Metaspace: 36260K(36608K)->36260K(36608K) NonClass: 32091K(32256K)->32091K(32256K) Class: 4168K(4352K)->4168K(4352K)
[213.542s][info][gc             ] GC(1926) Pause Young (Allocation Failure) 488M->218M(993M) 5.159ms
[213.542s][info][gc,cpu         ] GC(1926) User=0.00s Sys=0.00s Real=0.00s
[213.772s][info][gc,start       ] GC(1927) Pause Young (Allocation Failure)
[213.778s][info][gc,heap        ] GC(1927) PSYoungGen: 295439K(317952K)->10514K(316416K) Eden: 285184K(285184K)->0K(285184K) From: 10255K(32768K)->10514K(31232K)
[213.778s][info][gc,heap        ] GC(1927) ParOldGen: 212993K(699392K)->213478K(699392K)
[213.778s][info][gc,metaspace   ] GC(1927) Metaspace: 36260K(36608K)->36260K(36608K) NonClass: 32091K(32256K)->32091K(32256K) Class: 4168K(4352K)->4168K(4352K)
[213.778s][info][gc             ] GC(1927) Pause Young (Allocation Failure) 496M->218M(992M) 5.724ms
[213.778s][info][gc,cpu         ] GC(1927) User=0.00s Sys=0.00s Real=0.01s
[214.020s][info][gc,start       ] GC(1928) Pause Young (Allocation Failure)
[214.026s][info][gc,heap        ] GC(1928) PSYoungGen: 291956K(316416K)->13118K(321024K) Eden: 281441K(285184K)->0K(291840K) From: 10514K(31232K)->13118K(29184K)
[214.026s][info][gc,heap        ] GC(1928) ParOldGen: 213478K(699392K)->215511K(699392K)
[214.026s][info][gc,metaspace   ] GC(1928) Metaspace: 36260K(36608K)->36260K(36608K) NonClass: 32091K(32256K)->32091K(32256K) Class: 4168K(4352K)->4168K(4352K)
[214.026s][info][gc             ] GC(1928) Pause Young (Allocation Failure) 493M->223M(996M) 5.929ms
[214.026s][info][gc,cpu         ] GC(1928) User=0.00s Sys=0.00s Real=0.01s
[214.274s][info][gc,start       ] GC(1929) Pause Young (Allocation Failure)
[214.283s][info][gc,heap        ] GC(1929) PSYoungGen: 303658K(321024K)->23069K(315392K) Eden: 290539K(291840K)->0K(291840K) From: 13118K(29184K)->23069K(23552K)
[214.283s][info][gc,heap        ] GC(1929) ParOldGen: 215511K(699392K)->217560K(699392K)
[214.283s][info][gc,metaspace   ] GC(1929) Metaspace: 36260K(36608K)->36260K(36608K) NonClass: 32091K(32256K)->32091K(32256K) Class: 4168K(4352K)->4168K(4352K)
[214.283s][info][gc             ] GC(1929) Pause Young (Allocation Failure) 507M->234M(991M) 8.374ms
[214.283s][info][gc,cpu         ] GC(1929) User=0.09s Sys=0.00s Real=0.01s
[214.515s][info][gc,start       ] GC(1930) Pause Young (Allocation Failure)
[214.522s][info][gc,heap        ] GC(1930) PSYoungGen: 314909K(315392K)->18527K(317440K) Eden: 291840K(291840K)->0K(286720K) From: 23069K(23552K)->18527K(30720K)
[214.522s][info][gc,heap        ] GC(1930) ParOldGen: 217560K(699392K)->221842K(699392K)
[214.522s][info][gc,metaspace   ] GC(1930) Metaspace: 36260K(36608K)->36260K(36608K) NonClass: 32091K(32256K)->32091K(32256K) Class: 4168K(4352K)->4168K(4352K)
[214.522s][info][gc             ] GC(1930) Pause Young (Allocation Failure) 519M->234M(993M) 7.164ms
[214.522s][info][gc,cpu         ] GC(1930) User=0.09s Sys=0.00s Real=0.01s
[214.757s][info][gc,start       ] GC(1931) Pause Young (Allocation Failure)
[214.764s][info][gc,heap        ] GC(1931) PSYoungGen: 302960K(317440K)->13910K(317952K) Eden: 284433K(286720K)->0K(286720K) From: 18527K(30720K)->13910K(31232K)
[214.764s][info][gc,heap        ] GC(1931) ParOldGen: 221842K(699392K)->224562K(699392K)
[214.764s][info][gc,metaspace   ] GC(1931) Metaspace: 36260K(36608K)->36260K(36608K) NonClass: 32091K(32256K)->32091K(32256K) Class: 4168K(4352K)->4168K(4352K)
[214.764s][info][gc             ] GC(1931) Pause Young (Allocation Failure) 512M->232M(993M) 6.262ms
[214.764s][info][gc,cpu         ] GC(1931) User=0.00s Sys=0.00s Real=0.01s
[215.006s][info][gc,start       ] GC(1932) Pause Young (Allocation Failure)
[215.013s][info][gc,heap        ] GC(1932) PSYoungGen: 299335K(317952K)->13140K(321024K) Eden: 285424K(286720K)->0K(291328K) From: 13910K(31232K)->13140K(29696K)
[215.013s][info][gc,heap        ] GC(1932) ParOldGen: 224562K(699392K)->225924K(699392K)
[215.013s][info][gc,metaspace   ] GC(1932) Metaspace: 36260K(36608K)->36260K(36608K) NonClass: 32091K(32256K)->32091K(32256K) Class: 4168K(4352K)->4168K(4352K)
[215.013s][info][gc             ] GC(1932) Pause Young (Allocation Failure) 511M->233M(996M) 6.373ms
[215.013s][info][gc,cpu         ] GC(1932) User=0.00s Sys=0.00s Real=0.01s
[215.019s][info][gc,start       ] GC(1933) Pause Young (System.gc())
[215.023s][info][gc,heap        ] GC(1933) PSYoungGen: 17377K(321024K)->3424K(319488K) Eden: 4237K(291328K)->0K(291328K) From: 13140K(29696K)->3424K(28160K)
[215.023s][info][gc,heap        ] GC(1933) ParOldGen: 225924K(699392K)->235090K(699392K)
[215.023s][info][gc,metaspace   ] GC(1933) Metaspace: 36260K(36608K)->36260K(36608K) NonClass: 32091K(32256K)->32091K(32256K) Class: 4168K(4352K)->4168K(4352K)
[215.023s][info][gc             ] GC(1933) Pause Young (System.gc()) 237M->232M(995M) 4.036ms
[215.023s][info][gc,cpu         ] GC(1933) User=0.00s Sys=0.00s Real=0.01s
[215.024s][info][gc,start       ] GC(1934) Pause Full (System.gc())
[215.024s][info][gc,phases,start] GC(1934) Marking Phase
[215.039s][info][gc,phases      ] GC(1934) Marking Phase 15.643ms
[215.039s][info][gc,phases,start] GC(1934) Summary Phase
[215.039s][info][gc,phases      ] GC(1934) Summary Phase 0.012ms
[215.039s][info][gc,phases,start] GC(1934) Adjust Roots
[215.043s][info][gc,phases      ] GC(1934) Adjust Roots 3.412ms
[215.043s][info][gc,phases,start] GC(1934) Compaction Phase
[215.050s][info][gc,phases      ] GC(1934) Compaction Phase 7.233ms
[215.050s][info][gc,phases,start] GC(1934) Post Compact
[215.051s][info][gc,phases      ] GC(1934) Post Compact 0.904ms
[215.051s][info][gc,heap        ] GC(1934) PSYoungGen: 3424K(319488K)->0K(319488K) Eden: 0K(291328K)->0K(291328K) From: 3424K(28160K)->0K(28160K)
[215.051s][info][gc,heap        ] GC(1934) ParOldGen: 235090K(699392K)->113917K(699392K)
[215.051s][info][gc,metaspace   ] GC(1934) Metaspace: 36260K(36608K)->36260K(36608K) NonClass: 32091K(32256K)->32091K(32256K) Class: 4168K(4352K)->4168K(4352K)
[215.051s][info][gc             ] GC(1934) Pause Full (System.gc()) 232M->111M(995M) 27.514ms
[215.051s][info][gc,cpu         ] GC(1934) User=0.19s Sys=0.00s Real=0.03s
[215.097s][info][gc,start       ] GC(1935) Pause Young (Allocation Failure)
[215.098s][info][gc,heap        ] GC(1935) PSYoungGen: 291328K(319488K)->192K(320000K) Eden: 291328K(291328K)->0K(291840K) From: 0K(28160K)->192K(28160K)
[215.098s][info][gc,heap        ] GC(1935) ParOldGen: 113917K(699392K)->113917K(699392K)
[215.098s][info][gc,metaspace   ] GC(1935) Metaspace: 36263K(36672K)->36263K(36672K) NonClass: 32095K(32320K)->32095K(32320K) Class: 4168K(4352K)->4168K(4352K)
[215.098s][info][gc             ] GC(1935) Pause Young (Allocation Failure) 395M->111M(995M) 0.421ms
[215.098s][info][gc,cpu         ] GC(1935) User=0.00s Sys=0.00s Real=0.00s
[215.142s][info][gc,start       ] GC(1936) Pause Young (Allocation Failure)
[215.142s][info][gc,heap        ] GC(1936) PSYoungGen: 292032K(320000K)->160K(320512K) Eden: 291840K(291840K)->0K(291840K) From: 192K(28160K)->160K(28672K)
[215.142s][info][gc,heap        ] GC(1936) ParOldGen: 113917K(699392K)->113965K(699392K)
[215.142s][info][gc,metaspace   ] GC(1936) Metaspace: 36263K(36672K)->36263K(36672K) NonClass: 32095K(32320K)->32095K(32320K) Class: 4168K(4352K)->4168K(4352K)
[215.142s][info][gc             ] GC(1936) Pause Young (Allocation Failure) 396M->111M(996M) 0.394ms
[215.142s][info][gc,cpu         ] GC(1936) User=0.00s Sys=0.00s Real=0.00s
[215.188s][info][gc,start       ] GC(1937) Pause Young (Allocation Failure)
[215.188s][info][gc,heap        ] GC(1937) PSYoungGen: 292000K(320512K)->160K(320512K) Eden: 291840K(291840K)->0K(291840K) From: 160K(28672K)->160K(28672K)
[215.188s][info][gc,heap        ] GC(1937) ParOldGen: 113965K(699392K)->113965K(699392K)
[215.188s][info][gc,metaspace   ] GC(1937) Metaspace: 36263K(36672K)->36263K(36672K) NonClass: 32095K(32320K)->32095K(32320K) Class: 4168K(4352K)->4168K(4352K)
[215.188s][info][gc             ] GC(1937) Pause Young (Allocation Failure) 396M->111M(996M) 0.535ms
[215.188s][info][gc,cpu         ] GC(1937) User=0.00s Sys=0.00s Real=0.00s
[215.232s][info][gc,start       ] GC(1938) Pause Young (Allocation Failure)
[215.232s][info][gc,heap        ] GC(1938) PSYoungGen: 292000K(320512K)->160K(320512K) Eden: 291840K(291840K)->0K(291840K) From: 160K(28672K)->160K(28672K)
[215.232s][info][gc,heap        ] GC(1938) ParOldGen: 113965K(699392K)->113965K(699392K)
[215.232s][info][gc,metaspace   ] GC(1938) Metaspace: 36263K(36672K)->36263K(36672K) NonClass: 32095K(32320K)->32095K(32320K) Class: 4168K(4352K)->4168K(4352K)
[215.233s][info][gc             ] GC(1938) Pause Young (Allocation Failure) 396M->111M(996M) 0.384ms
[215.233s][info][gc,cpu         ] GC(1938) User=0.00s Sys=0.00s Real=0.00s
[215.276s][info][gc,start       ] GC(1939) Pause Young (Allocation Failure)
[215.276s][info][gc,heap        ] GC(1939) PSYoungGen: 292000K(320512K)->160K(321536K) Eden: 291840K(291840K)->0K(293376K) From: 160K(28672K)->160K(28160K)
[215.276s][info][gc,heap        ] GC(1939) ParOldGen: 113965K(699392K)->113965K(699392K)
[215.276s][info][gc,metaspace   ] GC(1939) Metaspace: 36263K(36672K)->36263K(36672K) NonClass: 32095K(32320K)->32095K(32320K) Class: 4168K(4352K)->4168K(4352K)
[215.276s][info][gc             ] GC(1939) Pause Young (Allocation Failure) 396M->111M(997M) 0.361ms
[215.276s][info][gc,cpu         ] GC(1939) User=0.00s Sys=0.00s Real=0.00s
[215.320s][info][gc,start       ] GC(1940) Pause Young (Allocation Failure)
[215.321s][info][gc,heap        ] GC(1940) PSYoungGen: 293536K(321536K)->192K(321024K) Eden: 293376K(293376K)->0K(293376K) From: 160K(28160K)->192K(27648K)
[215.321s][info][gc,heap        ] GC(1940) ParOldGen: 113965K(699392K)->113965K(699392K)
[215.321s][info][gc,metaspace   ] GC(1940) Metaspace: 36263K(36672K)->36263K(36672K) NonClass: 32095K(32320K)->32095K(32320K) Class: 4168K(4352K)->4168K(4352K)
[215.321s][info][gc             ] GC(1940) Pause Young (Allocation Failure) 397M->111M(996M) 0.420ms
[215.321s][info][gc,cpu         ] GC(1940) User=0.00s Sys=0.00s Real=0.00s
[215.365s][info][gc,start       ] GC(1941) Pause Young (Allocation Failure)
[215.365s][info][gc,heap        ] GC(1941) PSYoungGen: 293568K(321024K)->160K(323072K) Eden: 293376K(293376K)->0K(296448K) From: 192K(27648K)->160K(26624K)
[215.365s][info][gc,heap        ] GC(1941) ParOldGen: 113965K(699392K)->113965K(699392K)
[215.365s][info][gc,metaspace   ] GC(1941) Metaspace: 36263K(36672K)->36263K(36672K) NonClass: 32095K(32320K)->32095K(32320K) Class: 4168K(4352K)->4168K(4352K)
[215.365s][info][gc             ] GC(1941) Pause Young (Allocation Failure) 397M->111M(998M) 0.402ms
[215.365s][info][gc,cpu         ] GC(1941) User=0.00s Sys=0.00s Real=0.00s
[215.408s][info][gc,start       ] GC(1942) Pause Young (Allocation Failure)
[215.409s][info][gc,heap        ] GC(1942) PSYoungGen: 296608K(323072K)->192K(322560K) Eden: 296448K(296448K)->0K(296448K) From: 160K(26624K)->192K(26112K)
[215.409s][info][gc,heap        ] GC(1942) ParOldGen: 113965K(699392K)->113965K(699392K)
[215.409s][info][gc,metaspace   ] GC(1942) Metaspace: 36263K(36672K)->36263K(36672K) NonClass: 32095K(32320K)->32095K(32320K) Class: 4168K(4352K)->4168K(4352K)
[215.409s][info][gc             ] GC(1942) Pause Young (Allocation Failure) 400M->111M(998M) 0.378ms
[215.409s][info][gc,cpu         ] GC(1942) User=0.00s Sys=0.00s Real=0.00s
[215.453s][info][gc,start       ] GC(1943) Pause Young (Allocation Failure)
[215.453s][info][gc,heap        ] GC(1943) PSYoungGen: 296640K(322560K)->160K(325120K) Eden: 296448K(296448K)->0K(300032K) From: 192K(26112K)->160K(25088K)
[215.453s][info][gc,heap        ] GC(1943) ParOldGen: 113965K(699392K)->113965K(699392K)
[215.453s][info][gc,metaspace   ] GC(1943) Metaspace: 36263K(36672K)->36263K(36672K) NonClass: 32095K(32320K)->32095K(32320K) Class: 4168K(4352K)->4168K(4352K)
[215.453s][info][gc             ] GC(1943) Pause Young (Allocation Failure) 400M->111M(1000M) 0.400ms
[215.453s][info][gc,cpu         ] GC(1943) User=0.02s Sys=0.00s Real=0.00s
[215.499s][info][gc,start       ] GC(1944) Pause Young (Allocation Failure)
[215.499s][info][gc,heap        ] GC(1944) PSYoungGen: 300192K(325120K)->192K(324096K) Eden: 300032K(300032K)->0K(300032K) From: 160K(25088K)->192K(24064K)
[215.499s][info][gc,heap        ] GC(1944) ParOldGen: 113965K(699392K)->113965K(699392K)
[215.499s][info][gc,metaspace   ] GC(1944) Metaspace: 36263K(36672K)->36263K(36672K) NonClass: 32095K(32320K)->32095K(32320K) Class: 4168K(4352K)->4168K(4352K)
[215.499s][info][gc             ] GC(1944) Pause Young (Allocation Failure) 404M->111M(999M) 0.378ms
[215.499s][info][gc,cpu         ] GC(1944) User=0.00s Sys=0.00s Real=0.00s
[215.544s][info][gc,start       ] GC(1945) Pause Young (Allocation Failure)
[215.545s][info][gc,heap        ] GC(1945) PSYoungGen: 300224K(324096K)->160K(327680K) Eden: 300032K(300032K)->0K(304640K) From: 192K(24064K)->160K(23040K)
[215.545s][info][gc,heap        ] GC(1945) ParOldGen: 113965K(699392K)->113965K(699392K)
[215.545s][info][gc,metaspace   ] GC(1945) Metaspace: 36263K(36672K)->36263K(36672K) NonClass: 32095K(32320K)->32095K(32320K) Class: 4168K(4352K)->4168K(4352K)
[215.545s][info][gc             ] GC(1945) Pause Young (Allocation Failure) 404M->111M(1003M) 0.384ms
[215.545s][info][gc,cpu         ] GC(1945) User=0.00s Sys=0.00s Real=0.00s
[215.591s][info][gc,start       ] GC(1946) Pause Young (Allocation Failure)
[215.591s][info][gc,heap        ] GC(1946) PSYoungGen: 304800K(327680K)->192K(326144K) Eden: 304640K(304640K)->0K(304640K) From: 160K(23040K)->192K(21504K)
[215.591s][info][gc,heap        ] GC(1946) ParOldGen: 113965K(699392K)->113965K(699392K)
[215.591s][info][gc,metaspace   ] GC(1946) Metaspace: 36263K(36672K)->36263K(36672K) NonClass: 32095K(32320K)->32095K(32320K) Class: 4168K(4352K)->4168K(4352K)
[215.591s][info][gc             ] GC(1946) Pause Young (Allocation Failure) 408M->111M(1001M) 0.434ms
[215.591s][info][gc,cpu         ] GC(1946) User=0.00s Sys=0.00s Real=0.00s
[215.639s][info][gc,start       ] GC(1947) Pause Young (Allocation Failure)
[215.639s][info][gc,heap        ] GC(1947) PSYoungGen: 304832K(326144K)->192K(329728K) Eden: 304640K(304640K)->0K(309248K) From: 192K(21504K)->192K(20480K)
[215.639s][info][gc,heap        ] GC(1947) ParOldGen: 113965K(699392K)->113965K(699392K)
[215.639s][info][gc,metaspace   ] GC(1947) Metaspace: 36263K(36672K)->36263K(36672K) NonClass: 32095K(32320K)->32095K(32320K) Class: 4168K(4352K)->4168K(4352K)
[215.639s][info][gc             ] GC(1947) Pause Young (Allocation Failure) 408M->111M(1005M) 0.379ms
[215.639s][info][gc,cpu         ] GC(1947) User=0.00s Sys=0.00s Real=0.00s
[215.686s][info][gc,start       ] GC(1948) Pause Young (Allocation Failure)
[215.687s][info][gc,heap        ] GC(1948) PSYoungGen: 309440K(329728K)->160K(328704K) Eden: 309248K(309248K)->0K(309248K) From: 192K(20480K)->160K(19456K)
[215.687s][info][gc,heap        ] GC(1948) ParOldGen: 113965K(699392K)->113965K(699392K)
[215.687s][info][gc,metaspace   ] GC(1948) Metaspace: 36263K(36672K)->36263K(36672K) NonClass: 32095K(32320K)->32095K(32320K) Class: 4168K(4352K)->4168K(4352K)
[215.687s][info][gc             ] GC(1948) Pause Young (Allocation Failure) 413M->111M(1004M) 0.385ms
[215.687s][info][gc,cpu         ] GC(1948) User=0.00s Sys=0.00s Real=0.00s
[215.738s][info][gc,start       ] GC(1949) Pause Young (Allocation Failure)
[215.739s][info][gc,heap        ] GC(1949) PSYoungGen: 309408K(328704K)->192K(331776K) Eden: 309248K(309248K)->0K(313344K) From: 160K(19456K)->192K(18432K)
[215.739s][info][gc,heap        ] GC(1949) ParOldGen: 113965K(699392K)->113965K(699392K)
[215.739s][info][gc,metaspace   ] GC(1949) Metaspace: 36263K(36672K)->36263K(36672K) NonClass: 32095K(32320K)->32095K(32320K) Class: 4168K(4352K)->4168K(4352K)
[215.739s][info][gc             ] GC(1949) Pause Young (Allocation Failure) 413M->111M(1007M) 0.445ms
[215.739s][info][gc,cpu         ] GC(1949) User=0.00s Sys=0.00s Real=0.00s
[215.799s][info][gc,start       ] GC(1950) Pause Young (Allocation Failure)
[215.799s][info][gc,heap        ] GC(1950) PSYoungGen: 313536K(331776K)->192K(330752K) Eden: 313344K(313344K)->0K(313344K) From: 192K(18432K)->192K(17408K)
[215.799s][info][gc,heap        ] GC(1950) ParOldGen: 113965K(699392K)->114013K(699392K)
[215.799s][info][gc,metaspace   ] GC(1950) Metaspace: 36263K(36672K)->36263K(36672K) NonClass: 32095K(32320K)->32095K(32320K) Class: 4168K(4352K)->4168K(4352K)
[215.799s][info][gc             ] GC(1950) Pause Young (Allocation Failure) 417M->111M(1006M) 0.421ms
[215.799s][info][gc,cpu         ] GC(1950) User=0.00s Sys=0.00s Real=0.00s
[215.861s][info][gc,start       ] GC(1951) Pause Young (Allocation Failure)
[215.862s][info][gc,heap        ] GC(1951) PSYoungGen: 313536K(330752K)->160K(333824K) Eden: 313344K(313344K)->0K(317440K) From: 192K(17408K)->160K(16384K)
[215.862s][info][gc,heap        ] GC(1951) ParOldGen: 114013K(699392K)->114013K(699392K)
[215.862s][info][gc,metaspace   ] GC(1951) Metaspace: 36263K(36672K)->36263K(36672K) NonClass: 32095K(32320K)->32095K(32320K) Class: 4168K(4352K)->4168K(4352K)
[215.862s][info][gc             ] GC(1951) Pause Young (Allocation Failure) 417M->111M(1009M) 0.407ms
[215.862s][info][gc,cpu         ] GC(1951) User=0.00s Sys=0.00s Real=0.00s
[215.922s][info][gc,start       ] GC(1952) Pause Young (Allocation Failure)
[215.922s][info][gc,heap        ] GC(1952) PSYoungGen: 317600K(333824K)->192K(332800K) Eden: 317440K(317440K)->0K(317440K) From: 160K(16384K)->192K(15360K)
[215.922s][info][gc,heap        ] GC(1952) ParOldGen: 114013K(699392K)->114013K(699392K)
[215.922s][info][gc,metaspace   ] GC(1952) Metaspace: 36263K(36672K)->36263K(36672K) NonClass: 32095K(32320K)->32095K(32320K) Class: 4168K(4352K)->4168K(4352K)
[215.922s][info][gc             ] GC(1952) Pause Young (Allocation Failure) 421M->111M(1008M) 0.432ms
[215.922s][info][gc,cpu         ] GC(1952) User=0.02s Sys=0.00s Real=0.00s
[215.981s][info][gc,start       ] GC(1953) Pause Young (Allocation Failure)
[215.982s][info][gc,heap        ] GC(1953) PSYoungGen: 317632K(332800K)->192K(335872K) Eden: 317440K(317440K)->0K(321536K) From: 192K(15360K)->192K(14336K)
[215.982s][info][gc,heap        ] GC(1953) ParOldGen: 114013K(699392K)->114013K(699392K)
[215.982s][info][gc,metaspace   ] GC(1953) Metaspace: 36263K(36672K)->36263K(36672K) NonClass: 32095K(32320K)->32095K(32320K) Class: 4168K(4352K)->4168K(4352K)
[215.982s][info][gc             ] GC(1953) Pause Young (Allocation Failure) 421M->111M(1011M) 0.419ms
[215.982s][info][gc,cpu         ] GC(1953) User=0.00s Sys=0.00s Real=0.00s
[216.043s][info][gc,start       ] GC(1954) Pause Young (Allocation Failure)
[216.043s][info][gc,heap        ] GC(1954) PSYoungGen: 321728K(335872K)->160K(334848K) Eden: 321536K(321536K)->0K(321536K) From: 192K(14336K)->160K(13312K)
[216.043s][info][gc,heap        ] GC(1954) ParOldGen: 114013K(699392K)->114013K(699392K)
[216.043s][info][gc,metaspace   ] GC(1954) Metaspace: 36263K(36672K)->36263K(36672K) NonClass: 32095K(32320K)->32095K(32320K) Class: 4168K(4352K)->4168K(4352K)
[216.043s][info][gc             ] GC(1954) Pause Young (Allocation Failure) 425M->111M(1010M) 0.433ms
[216.043s][info][gc,cpu         ] GC(1954) User=0.00s Sys=0.00s Real=0.00s
[216.103s][info][gc,start       ] GC(1955) Pause Young (Allocation Failure)
[216.103s][info][gc,heap        ] GC(1955) PSYoungGen: 321696K(334848K)->192K(337408K) Eden: 321536K(321536K)->0K(324608K) From: 160K(13312K)->192K(12800K)
[216.103s][info][gc,heap        ] GC(1955) ParOldGen: 114013K(699392K)->114013K(699392K)
[216.103s][info][gc,metaspace   ] GC(1955) Metaspace: 36263K(36672K)->36263K(36672K) NonClass: 32095K(32320K)->32095K(32320K) Class: 4168K(4352K)->4168K(4352K)
[216.103s][info][gc             ] GC(1955) Pause Young (Allocation Failure) 425M->111M(1012M) 0.443ms
[216.104s][info][gc,cpu         ] GC(1955) User=0.00s Sys=0.00s Real=0.00s
[216.165s][info][gc,start       ] GC(1956) Pause Young (Allocation Failure)
[216.166s][info][gc,heap        ] GC(1956) PSYoungGen: 324800K(337408K)->160K(336384K) Eden: 324608K(324608K)->0K(324608K) From: 192K(12800K)->160K(11776K)
[216.166s][info][gc,heap        ] GC(1956) ParOldGen: 114013K(699392K)->114013K(699392K)
[216.166s][info][gc,metaspace   ] GC(1956) Metaspace: 36263K(36672K)->36263K(36672K) NonClass: 32095K(32320K)->32095K(32320K) Class: 4168K(4352K)->4168K(4352K)
[216.166s][info][gc             ] GC(1956) Pause Young (Allocation Failure) 428M->111M(1011M) 0.393ms
[216.166s][info][gc,cpu         ] GC(1956) User=0.00s Sys=0.00s Real=0.00s
[216.227s][info][gc,start       ] GC(1957) Pause Young (Allocation Failure)
[216.227s][info][gc,heap        ] GC(1957) PSYoungGen: 324768K(336384K)->160K(338944K) Eden: 324608K(324608K)->0K(327680K) From: 160K(11776K)->160K(11264K)
[216.227s][info][gc,heap        ] GC(1957) ParOldGen: 114013K(699392K)->114013K(699392K)
[216.227s][info][gc,metaspace   ] GC(1957) Metaspace: 36263K(36672K)->36263K(36672K) NonClass: 32095K(32320K)->32095K(32320K) Class: 4168K(4352K)->4168K(4352K)
[216.227s][info][gc             ] GC(1957) Pause Young (Allocation Failure) 428M->111M(1014M) 0.442ms
[216.227s][info][gc,cpu         ] GC(1957) User=0.00s Sys=0.00s Real=0.00s
[216.291s][info][gc,start       ] GC(1958) Pause Young (Allocation Failure)
[216.291s][info][gc,heap        ] GC(1958) PSYoungGen: 327840K(338944K)->160K(337920K) Eden: 327680K(327680K)->0K(327680K) From: 160K(11264K)->160K(10240K)
[216.291s][info][gc,heap        ] GC(1958) ParOldGen: 114013K(699392K)->114013K(699392K)
[216.291s][info][gc,metaspace   ] GC(1958) Metaspace: 36263K(36672K)->36263K(36672K) NonClass: 32095K(32320K)->32095K(32320K) Class: 4168K(4352K)->4168K(4352K)
[216.291s][info][gc             ] GC(1958) Pause Young (Allocation Failure) 431M->111M(1013M) 0.409ms
[216.291s][info][gc,cpu         ] GC(1958) User=0.00s Sys=0.00s Real=0.00s
[216.352s][info][gc,start       ] GC(1959) Pause Young (Allocation Failure)
[216.352s][info][gc,heap        ] GC(1959) PSYoungGen: 327840K(337920K)->192K(340480K) Eden: 327680K(327680K)->0K(330752K) From: 160K(10240K)->192K(9728K)
[216.352s][info][gc,heap        ] GC(1959) ParOldGen: 114013K(699392K)->114013K(699392K)
[216.352s][info][gc,metaspace   ] GC(1959) Metaspace: 36263K(36672K)->36263K(36672K) NonClass: 32095K(32320K)->32095K(32320K) Class: 4168K(4352K)->4168K(4352K)
[216.352s][info][gc             ] GC(1959) Pause Young (Allocation Failure) 431M->111M(1015M) 0.389ms
[216.352s][info][gc,cpu         ] GC(1959) User=0.00s Sys=0.00s Real=0.00s
[216.414s][info][gc,start       ] GC(1960) Pause Young (Allocation Failure)
[216.414s][info][gc,heap        ] GC(1960) PSYoungGen: 330944K(340480K)->192K(339456K) Eden: 330752K(330752K)->0K(330752K) From: 192K(9728K)->192K(8704K)
[216.415s][info][gc,heap        ] GC(1960) ParOldGen: 114013K(699392K)->114013K(699392K)
[216.415s][info][gc,metaspace   ] GC(1960) Metaspace: 36263K(36672K)->36263K(36672K) NonClass: 32095K(32320K)->32095K(32320K) Class: 4168K(4352K)->4168K(4352K)
[216.415s][info][gc             ] GC(1960) Pause Young (Allocation Failure) 434M->111M(1014M) 0.552ms
[216.415s][info][gc,cpu         ] GC(1960) User=0.00s Sys=0.00s Real=0.00s
[216.476s][info][gc,start       ] GC(1961) Pause Young (Allocation Failure)
[216.476s][info][gc,heap        ] GC(1961) PSYoungGen: 330944K(339456K)->160K(341504K) Eden: 330752K(330752K)->0K(333312K) From: 192K(8704K)->160K(8192K)
[216.476s][info][gc,heap        ] GC(1961) ParOldGen: 114013K(699392K)->114013K(699392K)
[216.476s][info][gc,metaspace   ] GC(1961) Metaspace: 36263K(36672K)->36263K(36672K) NonClass: 32095K(32320K)->32095K(32320K) Class: 4168K(4352K)->4168K(4352K)
[216.476s][info][gc             ] GC(1961) Pause Young (Allocation Failure) 434M->111M(1016M) 0.419ms
[216.476s][info][gc,cpu         ] GC(1961) User=0.00s Sys=0.00s Real=0.00s
[216.535s][info][gc,start       ] GC(1962) Pause Young (Allocation Failure)
[216.535s][info][gc,heap        ] GC(1962) PSYoungGen: 333472K(341504K)->160K(340992K) Eden: 333312K(333312K)->0K(333312K) From: 160K(8192K)->160K(7680K)
[216.535s][info][gc,heap        ] GC(1962) ParOldGen: 114013K(699392K)->114013K(699392K)
[216.535s][info][gc,metaspace   ] GC(1962) Metaspace: 36263K(36672K)->36263K(36672K) NonClass: 32095K(32320K)->32095K(32320K) Class: 4168K(4352K)->4168K(4352K)
[216.535s][info][gc             ] GC(1962) Pause Young (Allocation Failure) 436M->111M(1016M) 0.447ms
[216.535s][info][gc,cpu         ] GC(1962) User=0.00s Sys=0.00s Real=0.00s
[216.598s][info][gc,start       ] GC(1963) Pause Young (Allocation Failure)
[216.598s][info][gc,heap        ] GC(1963) PSYoungGen: 333472K(340992K)->192K(342528K) Eden: 333312K(333312K)->0K(335360K) From: 160K(7680K)->192K(7168K)
[216.598s][info][gc,heap        ] GC(1963) ParOldGen: 114013K(699392K)->114013K(699392K)
[216.598s][info][gc,metaspace   ] GC(1963) Metaspace: 36263K(36672K)->36263K(36672K) NonClass: 32095K(32320K)->32095K(32320K) Class: 4168K(4352K)->4168K(4352K)
[216.598s][info][gc             ] GC(1963) Pause Young (Allocation Failure) 436M->111M(1017M) 0.454ms
[216.598s][info][gc,cpu         ] GC(1963) User=0.00s Sys=0.00s Real=0.00s
[216.662s][info][gc,start       ] GC(1964) Pause Young (Allocation Failure)
[216.663s][info][gc,heap        ] GC(1964) PSYoungGen: 335552K(342528K)->192K(342016K) Eden: 335360K(335360K)->0K(335360K) From: 192K(7168K)->192K(6656K)
[216.663s][info][gc,heap        ] GC(1964) ParOldGen: 114013K(699392K)->114013K(699392K)
[216.663s][info][gc,metaspace   ] GC(1964) Metaspace: 36263K(36672K)->36263K(36672K) NonClass: 32095K(32320K)->32095K(32320K) Class: 4168K(4352K)->4168K(4352K)
[216.663s][info][gc             ] GC(1964) Pause Young (Allocation Failure) 439M->111M(1017M) 0.414ms
[216.663s][info][gc,cpu         ] GC(1964) User=0.00s Sys=0.00s Real=0.00s
[216.724s][info][gc,start       ] GC(1965) Pause Young (Allocation Failure)
[216.724s][info][gc,heap        ] GC(1965) PSYoungGen: 335552K(342016K)->160K(343552K) Eden: 335360K(335360K)->0K(337408K) From: 192K(6656K)->160K(6144K)
[216.724s][info][gc,heap        ] GC(1965) ParOldGen: 114013K(699392K)->114013K(699392K)
[216.724s][info][gc,metaspace   ] GC(1965) Metaspace: 36263K(36672K)->36263K(36672K) NonClass: 32095K(32320K)->32095K(32320K) Class: 4168K(4352K)->4168K(4352K)
[216.724s][info][gc             ] GC(1965) Pause Young (Allocation Failure) 439M->111M(1018M) 0.491ms
[216.724s][info][gc,cpu         ] GC(1965) User=0.00s Sys=0.00s Real=0.01s
[216.788s][info][gc,start       ] GC(1966) Pause Young (Allocation Failure)
[216.789s][info][gc,heap        ] GC(1966) PSYoungGen: 337568K(343552K)->128K(343040K) Eden: 337408K(337408K)->0K(337408K) From: 160K(6144K)->128K(5632K)
[216.789s][info][gc,heap        ] GC(1966) ParOldGen: 114013K(699392K)->114013K(699392K)
[216.789s][info][gc,metaspace   ] GC(1966) Metaspace: 36263K(36672K)->36263K(36672K) NonClass: 32095K(32320K)->32095K(32320K) Class: 4168K(4352K)->4168K(4352K)
[216.789s][info][gc             ] GC(1966) Pause Young (Allocation Failure) 440M->111M(1018M) 0.552ms
[216.789s][info][gc,cpu         ] GC(1966) User=0.00s Sys=0.00s Real=0.00s
[216.855s][info][gc,start       ] GC(1967) Pause Young (Allocation Failure)
[216.855s][info][gc,heap        ] GC(1967) PSYoungGen: 337536K(343040K)->160K(344064K) Eden: 337408K(337408K)->0K(338432K) From: 128K(5632K)->160K(5632K)
[216.855s][info][gc,heap        ] GC(1967) ParOldGen: 114013K(699392K)->114013K(699392K)
[216.855s][info][gc,metaspace   ] GC(1967) Metaspace: 36263K(36672K)->36263K(36672K) NonClass: 32095K(32320K)->32095K(32320K) Class: 4168K(4352K)->4168K(4352K)
[216.855s][info][gc             ] GC(1967) Pause Young (Allocation Failure) 440M->111M(1019M) 0.415ms
[216.855s][info][gc,cpu         ] GC(1967) User=0.00s Sys=0.00s Real=0.00s
[216.919s][info][gc,start       ] GC(1968) Pause Young (Allocation Failure)
[216.920s][info][gc,heap        ] GC(1968) PSYoungGen: 338592K(344064K)->160K(343552K) Eden: 338432K(338432K)->0K(338432K) From: 160K(5632K)->160K(5120K)
[216.920s][info][gc,heap        ] GC(1968) ParOldGen: 114013K(699392K)->114013K(699392K)
[216.920s][info][gc,metaspace   ] GC(1968) Metaspace: 36263K(36672K)->36263K(36672K) NonClass: 32095K(32320K)->32095K(32320K) Class: 4168K(4352K)->4168K(4352K)
[216.920s][info][gc             ] GC(1968) Pause Young (Allocation Failure) 441M->111M(1018M) 0.525ms
[216.920s][info][gc,cpu         ] GC(1968) User=0.00s Sys=0.00s Real=0.00s
[216.985s][info][gc,start       ] GC(1969) Pause Young (Allocation Failure)
[216.985s][info][gc,heap        ] GC(1969) PSYoungGen: 338592K(343552K)->160K(345088K) Eden: 338432K(338432K)->0K(340480K) From: 160K(5120K)->160K(4608K)
[216.985s][info][gc,heap        ] GC(1969) ParOldGen: 114013K(699392K)->114013K(699392K)
[216.985s][info][gc,metaspace   ] GC(1969) Metaspace: 36263K(36672K)->36263K(36672K) NonClass: 32095K(32320K)->32095K(32320K) Class: 4168K(4352K)->4168K(4352K)
[216.985s][info][gc             ] GC(1969) Pause Young (Allocation Failure) 441M->111M(1020M) 0.421ms
[216.985s][info][gc,cpu         ] GC(1969) User=0.00s Sys=0.00s Real=0.00s
[217.050s][info][gc,start       ] GC(1970) Pause Young (Allocation Failure)
[217.050s][info][gc,heap        ] GC(1970) PSYoungGen: 340640K(345088K)->160K(344576K) Eden: 340480K(340480K)->0K(340480K) From: 160K(4608K)->160K(4096K)
[217.050s][info][gc,heap        ] GC(1970) ParOldGen: 114013K(699392K)->114013K(699392K)
[217.050s][info][gc,metaspace   ] GC(1970) Metaspace: 36263K(36672K)->36263K(36672K) NonClass: 32095K(32320K)->32095K(32320K) Class: 4168K(4352K)->4168K(4352K)
[217.050s][info][gc             ] GC(1970) Pause Young (Allocation Failure) 443M->111M(1019M) 0.451ms
[217.050s][info][gc,cpu         ] GC(1970) User=0.00s Sys=0.00s Real=0.00s
[217.113s][info][gc,start       ] GC(1971) Pause Young (Allocation Failure)
[217.114s][info][gc,heap        ] GC(1971) PSYoungGen: 340640K(344576K)->160K(345600K) Eden: 340480K(340480K)->0K(341504K) From: 160K(4096K)->160K(4096K)
[217.114s][info][gc,heap        ] GC(1971) ParOldGen: 114013K(699392K)->114013K(699392K)
[217.114s][info][gc,metaspace   ] GC(1971) Metaspace: 36263K(36672K)->36263K(36672K) NonClass: 32095K(32320K)->32095K(32320K) Class: 4168K(4352K)->4168K(4352K)
[217.114s][info][gc             ] GC(1971) Pause Young (Allocation Failure) 443M->111M(1020M) 0.409ms
[217.114s][info][gc,cpu         ] GC(1971) User=0.00s Sys=0.00s Real=0.00s
[217.178s][info][gc,start       ] GC(1972) Pause Young (Allocation Failure)
[217.178s][info][gc,heap        ] GC(1972) PSYoungGen: 341664K(345600K)->160K(345088K) Eden: 341504K(341504K)->0K(341504K) From: 160K(4096K)->160K(3584K)
[217.178s][info][gc,heap        ] GC(1972) ParOldGen: 114013K(699392K)->114013K(699392K)
[217.178s][info][gc,metaspace   ] GC(1972) Metaspace: 36263K(36672K)->36263K(36672K) NonClass: 32095K(32320K)->32095K(32320K) Class: 4168K(4352K)->4168K(4352K)
[217.178s][info][gc             ] GC(1972) Pause Young (Allocation Failure) 444M->111M(1020M) 0.461ms
[217.178s][info][gc,cpu         ] GC(1972) User=0.00s Sys=0.00s Real=0.00s
[217.243s][info][gc,start       ] GC(1973) Pause Young (Allocation Failure)
[217.244s][info][gc,heap        ] GC(1973) PSYoungGen: 341664K(345088K)->192K(346112K) Eden: 341504K(341504K)->0K(342528K) From: 160K(3584K)->192K(3584K)
[217.244s][info][gc,heap        ] GC(1973) ParOldGen: 114013K(699392K)->114013K(699392K)
[217.244s][info][gc,metaspace   ] GC(1973) Metaspace: 36263K(36672K)->36263K(36672K) NonClass: 32095K(32320K)->32095K(32320K) Class: 4168K(4352K)->4168K(4352K)
[217.244s][info][gc             ] GC(1973) Pause Young (Allocation Failure) 444M->111M(1021M) 0.401ms
[217.244s][info][gc,cpu         ] GC(1973) User=0.00s Sys=0.00s Real=0.00s
[217.308s][info][gc,start       ] GC(1974) Pause Young (Allocation Failure)
[217.309s][info][gc,heap        ] GC(1974) PSYoungGen: 342720K(346112K)->160K(345600K) Eden: 342528K(342528K)->0K(342528K) From: 192K(3584K)->160K(3072K)
[217.309s][info][gc,heap        ] GC(1974) ParOldGen: 114013K(699392K)->114013K(699392K)
[217.309s][info][gc,metaspace   ] GC(1974) Metaspace: 36263K(36672K)->36263K(36672K) NonClass: 32095K(32320K)->32095K(32320K) Class: 4168K(4352K)->4168K(4352K)
[217.309s][info][gc             ] GC(1974) Pause Young (Allocation Failure) 446M->111M(1020M) 0.402ms
[217.309s][info][gc,cpu         ] GC(1974) User=0.00s Sys=0.00s Real=0.00s
[217.374s][info][gc,start       ] GC(1975) Pause Young (Allocation Failure)
[217.374s][info][gc,heap        ] GC(1975) PSYoungGen: 342688K(345600K)->160K(346624K) Eden: 342528K(342528K)->0K(343552K) From: 160K(3072K)->160K(3072K)
[217.374s][info][gc,heap        ] GC(1975) ParOldGen: 114013K(699392K)->114013K(699392K)
[217.374s][info][gc,metaspace   ] GC(1975) Metaspace: 36263K(36672K)->36263K(36672K) NonClass: 32095K(32320K)->32095K(32320K) Class: 4168K(4352K)->4168K(4352K)
[217.374s][info][gc             ] GC(1975) Pause Young (Allocation Failure) 445M->111M(1021M) 0.435ms
[217.374s][info][gc,cpu         ] GC(1975) User=0.00s Sys=0.00s Real=0.00s
[217.449s][info][gc,start       ] GC(1976) Pause Young (Allocation Failure)
[217.450s][info][gc,heap        ] GC(1976) PSYoungGen: 343712K(346624K)->192K(346112K) Eden: 343552K(343552K)->0K(343552K) From: 160K(3072K)->192K(2560K)
[217.450s][info][gc,heap        ] GC(1976) ParOldGen: 114013K(699392K)->114013K(699392K)
[217.450s][info][gc,metaspace   ] GC(1976) Metaspace: 36263K(36672K)->36263K(36672K) NonClass: 32095K(32320K)->32095K(32320K) Class: 4168K(4352K)->4168K(4352K)
[217.450s][info][gc             ] GC(1976) Pause Young (Allocation Failure) 446M->111M(1021M) 0.401ms
[217.450s][info][gc,cpu         ] GC(1976) User=0.00s Sys=0.00s Real=0.00s
[217.696s][info][gc,start       ] GC(1977) Pause Young (Allocation Failure)
[217.700s][info][gc,heap        ] GC(1977) PSYoungGen: 339192K(346112K)->2560K(341504K) Eden: 339000K(343552K)->0K(338944K) From: 192K(2560K)->2560K(2560K)
[217.700s][info][gc,heap        ] GC(1977) ParOldGen: 114013K(699392K)->119789K(699392K)
[217.700s][info][gc,metaspace   ] GC(1977) Metaspace: 36263K(36672K)->36263K(36672K) NonClass: 32095K(32320K)->32095K(32320K) Class: 4168K(4352K)->4168K(4352K)
[217.700s][info][gc             ] GC(1977) Pause Young (Allocation Failure) 442M->119M(1016M) 4.444ms
[217.700s][info][gc,cpu         ] GC(1977) User=0.00s Sys=0.00s Real=0.00s
[218.004s][info][gc,start       ] GC(1978) Pause Young (Allocation Failure)
[218.014s][info][gc,heap        ] GC(1978) PSYoungGen: 341504K(341504K)->5112K(344064K) Eden: 338944K(338944K)->0K(338944K) From: 2560K(2560K)->5112K(5120K)
[218.014s][info][gc,heap        ] GC(1978) ParOldGen: 119789K(699392K)->143127K(699392K)
[218.014s][info][gc,metaspace   ] GC(1978) Metaspace: 36263K(36672K)->36263K(36672K) NonClass: 32095K(32320K)->32095K(32320K) Class: 4168K(4352K)->4168K(4352K)
[218.014s][info][gc             ] GC(1978) Pause Young (Allocation Failure) 450M->144M(1019M) 9.873ms
[218.014s][info][gc,cpu         ] GC(1978) User=0.00s Sys=0.00s Real=0.01s
[218.332s][info][gc,start       ] GC(1979) Pause Young (Allocation Failure)
[218.345s][info][gc,heap        ] GC(1979) PSYoungGen: 343884K(344064K)->5094K(305152K) Eden: 338772K(338944K)->0K(300032K) From: 5112K(5120K)->5094K(5120K)
[218.345s][info][gc,heap        ] GC(1979) ParOldGen: 143127K(699392K)->170389K(699392K)
[218.345s][info][gc,metaspace   ] GC(1979) Metaspace: 36263K(36672K)->36263K(36672K) NonClass: 32095K(32320K)->32095K(32320K) Class: 4168K(4352K)->4168K(4352K)
[218.345s][info][gc             ] GC(1979) Pause Young (Allocation Failure) 475M->171M(981M) 12.908ms
[218.345s][info][gc,cpu         ] GC(1979) User=0.09s Sys=0.00s Real=0.01s
[218.616s][info][gc,start       ] GC(1980) Pause Young (Allocation Failure)
[218.624s][info][gc,heap        ] GC(1980) PSYoungGen: 304209K(305152K)->24575K(324608K) Eden: 299115K(300032K)->0K(300032K) From: 5094K(5120K)->24575K(24576K)
[218.624s][info][gc,heap        ] GC(1980) ParOldGen: 170389K(699392K)->174270K(699392K)
[218.624s][info][gc,metaspace   ] GC(1980) Metaspace: 36263K(36672K)->36263K(36672K) NonClass: 32095K(32320K)->32095K(32320K) Class: 4168K(4352K)->4168K(4352K)
[218.625s][info][gc             ] GC(1980) Pause Young (Allocation Failure) 463M->194M(1000M) 8.045ms
[218.625s][info][gc,cpu         ] GC(1980) User=0.00s Sys=0.00s Real=0.01s
[218.881s][info][gc,start       ] GC(1981) Pause Young (Allocation Failure)
[218.888s][info][gc,heap        ] GC(1981) PSYoungGen: 322248K(324608K)->13867K(315392K) Eden: 297673K(300032K)->0K(290816K) From: 24575K(24576K)->13867K(24576K)
[218.888s][info][gc,heap        ] GC(1981) ParOldGen: 174270K(699392K)->188815K(699392K)
[218.888s][info][gc,metaspace   ] GC(1981) Metaspace: 36263K(36672K)->36263K(36672K) NonClass: 32095K(32320K)->32095K(32320K) Class: 4168K(4352K)->4168K(4352K)
[218.888s][info][gc             ] GC(1981) Pause Young (Allocation Failure) 484M->197M(991M) 7.523ms
[218.888s][info][gc,cpu         ] GC(1981) User=0.00s Sys=0.00s Real=0.01s
[219.136s][info][gc,start       ] GC(1982) Pause Young (Allocation Failure)
[219.143s][info][gc,heap        ] GC(1982) PSYoungGen: 303857K(315392K)->17035K(308224K) Eden: 289990K(290816K)->0K(290816K) From: 13867K(24576K)->17035K(17408K)
[219.143s][info][gc,heap        ] GC(1982) ParOldGen: 188815K(699392K)->191362K(699392K)
[219.143s][info][gc,metaspace   ] GC(1982) Metaspace: 36263K(36672K)->36263K(36672K) NonClass: 32095K(32320K)->32095K(32320K) Class: 4168K(4352K)->4168K(4352K)
[219.143s][info][gc             ] GC(1982) Pause Young (Allocation Failure) 481M->203M(984M) 6.738ms
[219.143s][info][gc,cpu         ] GC(1982) User=0.09s Sys=0.00s Real=0.01s
[219.385s][info][gc,start       ] GC(1983) Pause Young (Allocation Failure)
[219.391s][info][gc,heap        ] GC(1983) PSYoungGen: 305279K(308224K)->19985K(314880K) Eden: 288244K(290816K)->0K(284672K) From: 17035K(17408K)->19985K(30208K)
[219.391s][info][gc,heap        ] GC(1983) ParOldGen: 191362K(699392K)->192340K(699392K)
[219.391s][info][gc,metaspace   ] GC(1983) Metaspace: 36263K(36672K)->36263K(36672K) NonClass: 32095K(32320K)->32095K(32320K) Class: 4168K(4352K)->4168K(4352K)
[219.391s][info][gc             ] GC(1983) Pause Young (Allocation Failure) 485M->207M(990M) 6.620ms
[219.391s][info][gc,cpu         ] GC(1983) User=0.03s Sys=0.00s Real=0.01s
[219.636s][info][gc,start       ] GC(1984) Pause Young (Allocation Failure)
[219.643s][info][gc,heap        ] GC(1984) PSYoungGen: 301859K(314880K)->20252K(305152K) Eden: 281873K(284672K)->0K(284672K) From: 19985K(30208K)->20252K(20480K)
[219.643s][info][gc,heap        ] GC(1984) ParOldGen: 192340K(699392K)->193054K(699392K)
[219.643s][info][gc,metaspace   ] GC(1984) Metaspace: 36263K(36672K)->36263K(36672K) NonClass: 32095K(32320K)->32095K(32320K) Class: 4168K(4352K)->4168K(4352K)
[219.643s][info][gc             ] GC(1984) Pause Young (Allocation Failure) 482M->208M(981M) 6.886ms
[219.643s][info][gc,cpu         ] GC(1984) User=0.09s Sys=0.00s Real=0.01s
[219.896s][info][gc,start       ] GC(1985) Pause Young (Allocation Failure)
[219.903s][info][gc,heap        ] GC(1985) PSYoungGen: 302836K(305152K)->20734K(312832K) Eden: 282583K(284672K)->0K(279552K) From: 20252K(20480K)->20734K(33280K)
[219.903s][info][gc,heap        ] GC(1985) ParOldGen: 193054K(699392K)->195038K(699392K)
[219.903s][info][gc,metaspace   ] GC(1985) Metaspace: 36263K(36672K)->36263K(36672K) NonClass: 32095K(32320K)->32095K(32320K) Class: 4168K(4352K)->4168K(4352K)
[219.903s][info][gc             ] GC(1985) Pause Young (Allocation Failure) 484M->210M(988M) 7.261ms
[219.903s][info][gc,cpu         ] GC(1985) User=0.00s Sys=0.00s Real=0.01s
[220.141s][info][gc,start       ] GC(1986) Pause Young (Allocation Failure)
[220.147s][info][gc,heap        ] GC(1986) PSYoungGen: 300118K(312832K)->20286K(300032K) Eden: 279384K(279552K)->0K(279552K) From: 20734K(33280K)->20286K(20480K)
[220.147s][info][gc,heap        ] GC(1986) ParOldGen: 195038K(699392K)->197496K(699392K)
[220.147s][info][gc,metaspace   ] GC(1986) Metaspace: 36263K(36672K)->36263K(36672K) NonClass: 32095K(32320K)->32095K(32320K) Class: 4168K(4352K)->4168K(4352K)
[220.147s][info][gc             ] GC(1986) Pause Young (Allocation Failure) 483M->212M(976M) 6.697ms
[220.147s][info][gc,cpu         ] GC(1986) User=0.00s Sys=0.00s Real=0.01s
[220.386s][info][gc,start       ] GC(1987) Pause Young (Allocation Failure)
[220.392s][info][gc,heap        ] GC(1987) PSYoungGen: 299551K(300032K)->10885K(315904K) Eden: 279264K(279552K)->0K(280576K) From: 20286K(20480K)->10885K(35328K)
[220.392s][info][gc,heap        ] GC(1987) ParOldGen: 197496K(699392K)->197875K(699392K)
[220.392s][info][gc,metaspace   ] GC(1987) Metaspace: 36263K(36672K)->36263K(36672K) NonClass: 32095K(32320K)->32095K(32320K) Class: 4168K(4352K)->4168K(4352K)
[220.392s][info][gc             ] GC(1987) Pause Young (Allocation Failure) 485M->203M(991M) 5.450ms
[220.392s][info][gc,cpu         ] GC(1987) User=0.09s Sys=0.00s Real=0.00s
[220.624s][info][gc,start       ] GC(1988) Pause Young (Allocation Failure)
[220.630s][info][gc,heap        ] GC(1988) PSYoungGen: 290860K(315904K)->16540K(313856K) Eden: 279974K(280576K)->0K(280576K) From: 10885K(35328K)->16540K(33280K)
[220.630s][info][gc,heap        ] GC(1988) ParOldGen: 197875K(699392K)->198427K(699392K)
[220.630s][info][gc,metaspace   ] GC(1988) Metaspace: 36263K(36672K)->36263K(36672K) NonClass: 32095K(32320K)->32095K(32320K) Class: 4168K(4352K)->4168K(4352K)
[220.630s][info][gc             ] GC(1988) Pause Young (Allocation Failure) 477M->209M(989M) 6.441ms
[220.630s][info][gc,cpu         ] GC(1988) User=0.09s Sys=0.00s Real=0.01s
[220.862s][info][gc,start       ] GC(1989) Pause Young (Allocation Failure)
[220.869s][info][gc,heap        ] GC(1989) PSYoungGen: 293562K(313856K)->21231K(314368K) Eden: 277022K(280576K)->0K(281600K) From: 16540K(33280K)->21231K(32768K)
[220.869s][info][gc,heap        ] GC(1989) ParOldGen: 198427K(699392K)->200497K(699392K)
[220.869s][info][gc,metaspace   ] GC(1989) Metaspace: 36263K(36672K)->36263K(36672K) NonClass: 32095K(32320K)->32095K(32320K) Class: 4168K(4352K)->4168K(4352K)
[220.869s][info][gc             ] GC(1989) Pause Young (Allocation Failure) 480M->216M(990M) 7.053ms
[220.869s][info][gc,cpu         ] GC(1989) User=0.00s Sys=0.00s Real=0.01s
[221.053s][info][gc,start       ] GC(1990) Pause Young (System.gc())
[221.059s][info][gc,heap        ] GC(1990) PSYoungGen: 224569K(314368K)->10872K(315392K) Eden: 203338K(281600K)->0K(281600K) From: 21231K(32768K)->10872K(33792K)
[221.059s][info][gc,heap        ] GC(1990) ParOldGen: 200497K(699392K)->204528K(699392K)
[221.059s][info][gc,metaspace   ] GC(1990) Metaspace: 36272K(36672K)->36272K(36672K) NonClass: 32103K(32320K)->32103K(32320K) Class: 4168K(4352K)->4168K(4352K)
[221.059s][info][gc             ] GC(1990) Pause Young (System.gc()) 415M->210M(991M) 6.313ms
[221.059s][info][gc,cpu         ] GC(1990) User=0.00s Sys=0.00s Real=0.01s
[221.059s][info][gc,start       ] GC(1991) Pause Full (System.gc())
[221.059s][info][gc,phases,start] GC(1991) Marking Phase
[221.075s][info][gc,phases      ] GC(1991) Marking Phase 16.433ms
[221.075s][info][gc,phases,start] GC(1991) Summary Phase
[221.075s][info][gc,phases      ] GC(1991) Summary Phase 0.013ms
[221.075s][info][gc,phases,start] GC(1991) Adjust Roots
[221.079s][info][gc,phases      ] GC(1991) Adjust Roots 3.601ms
[221.079s][info][gc,phases,start] GC(1991) Compaction Phase
[221.087s][info][gc,phases      ] GC(1991) Compaction Phase 8.274ms
[221.087s][info][gc,phases,start] GC(1991) Post Compact
[221.088s][info][gc,phases      ] GC(1991) Post Compact 0.845ms
[221.088s][info][gc,heap        ] GC(1991) PSYoungGen: 10872K(315392K)->0K(315392K) Eden: 0K(281600K)->0K(281600K) From: 10872K(33792K)->0K(33792K)
[221.088s][info][gc,heap        ] GC(1991) ParOldGen: 204528K(699392K)->115662K(699392K)
[221.088s][info][gc,metaspace   ] GC(1991) Metaspace: 36272K(36672K)->36272K(36672K) NonClass: 32103K(32320K)->32103K(32320K) Class: 4168K(4352K)->4168K(4352K)
[221.088s][info][gc             ] GC(1991) Pause Full (System.gc()) 210M->112M(991M) 29.449ms
[221.088s][info][gc,cpu         ] GC(1991) User=0.11s Sys=0.00s Real=0.03s
[221.134s][info][gc,start       ] GC(1992) Pause Young (Allocation Failure)
[221.134s][info][gc,heap        ] GC(1992) PSYoungGen: 281600K(315392K)->160K(315904K) Eden: 281600K(281600K)->0K(283648K) From: 0K(33792K)->160K(32256K)
[221.134s][info][gc,heap        ] GC(1992) ParOldGen: 115662K(699392K)->115662K(699392K)
[221.134s][info][gc,metaspace   ] GC(1992) Metaspace: 36272K(36672K)->36272K(36672K) NonClass: 32104K(32320K)->32104K(32320K) Class: 4168K(4352K)->4168K(4352K)
[221.134s][info][gc             ] GC(1992) Pause Young (Allocation Failure) 387M->113M(991M) 0.465ms
[221.134s][info][gc,cpu         ] GC(1992) User=0.00s Sys=0.00s Real=0.00s
[221.177s][info][gc,start       ] GC(1993) Pause Young (Allocation Failure)
[221.177s][info][gc,heap        ] GC(1993) PSYoungGen: 283808K(315904K)->160K(316416K) Eden: 283648K(283648K)->0K(283648K) From: 160K(32256K)->160K(32768K)
[221.177s][info][gc,heap        ] GC(1993) ParOldGen: 115662K(699392K)->115710K(699392K)
[221.177s][info][gc,metaspace   ] GC(1993) Metaspace: 36272K(36672K)->36272K(36672K) NonClass: 32104K(32320K)->32104K(32320K) Class: 4168K(4352K)->4168K(4352K)
[221.177s][info][gc             ] GC(1993) Pause Young (Allocation Failure) 390M->113M(992M) 0.381ms
[221.177s][info][gc,cpu         ] GC(1993) User=0.00s Sys=0.00s Real=0.00s
[221.222s][info][gc,start       ] GC(1994) Pause Young (Allocation Failure)
[221.222s][info][gc,heap        ] GC(1994) PSYoungGen: 283808K(316416K)->160K(316416K) Eden: 283648K(283648K)->0K(283648K) From: 160K(32768K)->160K(32768K)
[221.222s][info][gc,heap        ] GC(1994) ParOldGen: 115710K(699392K)->115710K(699392K)
[221.222s][info][gc,metaspace   ] GC(1994) Metaspace: 36272K(36672K)->36272K(36672K) NonClass: 32104K(32320K)->32104K(32320K) Class: 4168K(4352K)->4168K(4352K)
[221.222s][info][gc             ] GC(1994) Pause Young (Allocation Failure) 390M->113M(992M) 0.388ms
[221.222s][info][gc,cpu         ] GC(1994) User=0.00s Sys=0.00s Real=0.00s
[221.265s][info][gc,start       ] GC(1995) Pause Young (Allocation Failure)
[221.265s][info][gc,heap        ] GC(1995) PSYoungGen: 283808K(316416K)->160K(316416K) Eden: 283648K(283648K)->0K(283648K) From: 160K(32768K)->160K(32768K)
[221.265s][info][gc,heap        ] GC(1995) ParOldGen: 115710K(699392K)->115710K(699392K)
[221.265s][info][gc,metaspace   ] GC(1995) Metaspace: 36272K(36672K)->36272K(36672K) NonClass: 32104K(32320K)->32104K(32320K) Class: 4168K(4352K)->4168K(4352K)
[221.265s][info][gc             ] GC(1995) Pause Young (Allocation Failure) 390M->113M(992M) 0.406ms
[221.265s][info][gc,cpu         ] GC(1995) User=0.00s Sys=0.00s Real=0.00s
[221.308s][info][gc,start       ] GC(1996) Pause Young (Allocation Failure)
[221.308s][info][gc,heap        ] GC(1996) PSYoungGen: 283808K(316416K)->192K(317440K) Eden: 283648K(283648K)->0K(285184K) From: 160K(32768K)->192K(32256K)
[221.308s][info][gc,heap        ] GC(1996) ParOldGen: 115710K(699392K)->115710K(699392K)
[221.308s][info][gc,metaspace   ] GC(1996) Metaspace: 36272K(36672K)->36272K(36672K) NonClass: 32104K(32320K)->32104K(32320K) Class: 4168K(4352K)->4168K(4352K)
[221.308s][info][gc             ] GC(1996) Pause Young (Allocation Failure) 390M->113M(993M) 0.405ms
[221.308s][info][gc,cpu         ] GC(1996) User=0.00s Sys=0.00s Real=0.00s
[221.350s][info][gc,start       ] GC(1997) Pause Young (Allocation Failure)
[221.351s][info][gc,heap        ] GC(1997) PSYoungGen: 285376K(317440K)->160K(316928K) Eden: 285184K(285184K)->0K(285184K) From: 192K(32256K)->160K(31744K)
[221.351s][info][gc,heap        ] GC(1997) ParOldGen: 115710K(699392K)->115710K(699392K)
[221.351s][info][gc,metaspace   ] GC(1997) Metaspace: 36272K(36672K)->36272K(36672K) NonClass: 32104K(32320K)->32104K(32320K) Class: 4168K(4352K)->4168K(4352K)
[221.351s][info][gc             ] GC(1997) Pause Young (Allocation Failure) 391M->113M(992M) 0.387ms
[221.351s][info][gc,cpu         ] GC(1997) User=0.00s Sys=0.00s Real=0.00s
[221.394s][info][gc,start       ] GC(1998) Pause Young (Allocation Failure)
[221.394s][info][gc,heap        ] GC(1998) PSYoungGen: 285344K(316928K)->192K(319488K) Eden: 285184K(285184K)->0K(288768K) From: 160K(31744K)->192K(30720K)
[221.394s][info][gc,heap        ] GC(1998) ParOldGen: 115710K(699392K)->115710K(699392K)
[221.394s][info][gc,metaspace   ] GC(1998) Metaspace: 36272K(36672K)->36272K(36672K) NonClass: 32104K(32320K)->32104K(32320K) Class: 4168K(4352K)->4168K(4352K)
[221.394s][info][gc             ] GC(1998) Pause Young (Allocation Failure) 391M->113M(995M) 0.374ms
[221.394s][info][gc,cpu         ] GC(1998) User=0.00s Sys=0.00s Real=0.00s
[221.437s][info][gc,start       ] GC(1999) Pause Young (Allocation Failure)
[221.438s][info][gc,heap        ] GC(1999) PSYoungGen: 288960K(319488K)->160K(318464K) Eden: 288768K(288768K)->0K(288768K) From: 192K(30720K)->160K(29696K)
[221.438s][info][gc,heap        ] GC(1999) ParOldGen: 115710K(699392K)->115710K(699392K)
[221.438s][info][gc,metaspace   ] GC(1999) Metaspace: 36272K(36672K)->36272K(36672K) NonClass: 32104K(32320K)->32104K(32320K) Class: 4168K(4352K)->4168K(4352K)
[221.438s][info][gc             ] GC(1999) Pause Young (Allocation Failure) 395M->113M(994M) 0.381ms
[221.438s][info][gc,cpu         ] GC(1999) User=0.02s Sys=0.00s Real=0.00s
[221.481s][info][gc,start       ] GC(2000) Pause Young (Allocation Failure)
[221.481s][info][gc,heap        ] GC(2000) PSYoungGen: 288928K(318464K)->192K(322048K) Eden: 288768K(288768K)->0K(293888K) From: 160K(29696K)->192K(28160K)
[221.481s][info][gc,heap        ] GC(2000) ParOldGen: 115710K(699392K)->115710K(699392K)
[221.481s][info][gc,metaspace   ] GC(2000) Metaspace: 36272K(36672K)->36272K(36672K) NonClass: 32104K(32320K)->32104K(32320K) Class: 4168K(4352K)->4168K(4352K)
[221.481s][info][gc             ] GC(2000) Pause Young (Allocation Failure) 395M->113M(997M) 0.368ms
[221.481s][info][gc,cpu         ] GC(2000) User=0.00s Sys=0.00s Real=0.00s
[221.526s][info][gc,start       ] GC(2001) Pause Young (Allocation Failure)
[221.526s][info][gc,heap        ] GC(2001) PSYoungGen: 294080K(322048K)->160K(321024K) Eden: 293888K(293888K)->0K(293888K) From: 192K(28160K)->160K(27136K)
[221.526s][info][gc,heap        ] GC(2001) ParOldGen: 115710K(699392K)->115710K(699392K)
[221.526s][info][gc,metaspace   ] GC(2001) Metaspace: 36272K(36672K)->36272K(36672K) NonClass: 32104K(32320K)->32104K(32320K) Class: 4168K(4352K)->4168K(4352K)
[221.526s][info][gc             ] GC(2001) Pause Young (Allocation Failure) 400M->113M(996M) 0.367ms
[221.526s][info][gc,cpu         ] GC(2001) User=0.00s Sys=0.00s Real=0.00s
[221.570s][info][gc,start       ] GC(2002) Pause Young (Allocation Failure)
[221.570s][info][gc,heap        ] GC(2002) PSYoungGen: 294048K(321024K)->160K(324608K) Eden: 293888K(293888K)->0K(298496K) From: 160K(27136K)->160K(26112K)
[221.570s][info][gc,heap        ] GC(2002) ParOldGen: 115710K(699392K)->115710K(699392K)
[221.570s][info][gc,metaspace   ] GC(2002) Metaspace: 36272K(36672K)->36272K(36672K) NonClass: 32104K(32320K)->32104K(32320K) Class: 4168K(4352K)->4168K(4352K)
[221.570s][info][gc             ] GC(2002) Pause Young (Allocation Failure) 400M->113M(1000M) 0.427ms
[221.570s][info][gc,cpu         ] GC(2002) User=0.00s Sys=0.00s Real=0.00s
[221.616s][info][gc,start       ] GC(2003) Pause Young (Allocation Failure)
[221.617s][info][gc,heap        ] GC(2003) PSYoungGen: 298656K(324608K)->192K(323072K) Eden: 298496K(298496K)->0K(298496K) From: 160K(26112K)->192K(24576K)
[221.617s][info][gc,heap        ] GC(2003) ParOldGen: 115710K(699392K)->115710K(699392K)
[221.617s][info][gc,metaspace   ] GC(2003) Metaspace: 36272K(36672K)->36272K(36672K) NonClass: 32104K(32320K)->32104K(32320K) Class: 4168K(4352K)->4168K(4352K)
[221.617s][info][gc             ] GC(2003) Pause Young (Allocation Failure) 404M->113M(998M) 0.376ms
[221.617s][info][gc,cpu         ] GC(2003) User=0.00s Sys=0.00s Real=0.00s
[221.662s][info][gc,start       ] GC(2004) Pause Young (Allocation Failure)
[221.663s][info][gc,heap        ] GC(2004) PSYoungGen: 298688K(323072K)->128K(327168K) Eden: 298496K(298496K)->0K(303616K) From: 192K(24576K)->128K(23552K)
[221.663s][info][gc,heap        ] GC(2004) ParOldGen: 115710K(699392K)->115710K(699392K)
[221.663s][info][gc,metaspace   ] GC(2004) Metaspace: 36272K(36672K)->36272K(36672K) NonClass: 32104K(32320K)->32104K(32320K) Class: 4168K(4352K)->4168K(4352K)
[221.663s][info][gc             ] GC(2004) Pause Young (Allocation Failure) 404M->113M(1002M) 0.488ms
[221.663s][info][gc,cpu         ] GC(2004) User=0.00s Sys=0.00s Real=0.00s
[221.710s][info][gc,start       ] GC(2005) Pause Young (Allocation Failure)
[221.710s][info][gc,heap        ] GC(2005) PSYoungGen: 303744K(327168K)->160K(325632K) Eden: 303616K(303616K)->0K(303616K) From: 128K(23552K)->160K(22016K)
[221.710s][info][gc,heap        ] GC(2005) ParOldGen: 115710K(699392K)->115710K(699392K)
[221.710s][info][gc,metaspace   ] GC(2005) Metaspace: 36272K(36672K)->36272K(36672K) NonClass: 32104K(32320K)->32104K(32320K) Class: 4168K(4352K)->4168K(4352K)
[221.710s][info][gc             ] GC(2005) Pause Young (Allocation Failure) 409M->113M(1001M) 0.378ms
[221.710s][info][gc,cpu         ] GC(2005) User=0.00s Sys=0.00s Real=0.00s
[221.757s][info][gc,start       ] GC(2006) Pause Young (Allocation Failure)
[221.757s][info][gc,heap        ] GC(2006) PSYoungGen: 303776K(325632K)->192K(329216K) Eden: 303616K(303616K)->0K(308224K) From: 160K(22016K)->192K(20992K)
[221.757s][info][gc,heap        ] GC(2006) ParOldGen: 115710K(699392K)->115710K(699392K)
[221.757s][info][gc,metaspace   ] GC(2006) Metaspace: 36272K(36672K)->36272K(36672K) NonClass: 32104K(32320K)->32104K(32320K) Class: 4168K(4352K)->4168K(4352K)
[221.757s][info][gc             ] GC(2006) Pause Young (Allocation Failure) 409M->113M(1004M) 0.400ms
[221.757s][info][gc,cpu         ] GC(2006) User=0.00s Sys=0.00s Real=0.00s
[221.818s][info][gc,start       ] GC(2007) Pause Young (Allocation Failure)
[221.818s][info][gc,heap        ] GC(2007) PSYoungGen: 308416K(329216K)->160K(328192K) Eden: 308224K(308224K)->0K(308224K) From: 192K(20992K)->160K(19968K)
[221.818s][info][gc,heap        ] GC(2007) ParOldGen: 115710K(699392K)->115710K(699392K)
[221.818s][info][gc,metaspace   ] GC(2007) Metaspace: 36272K(36672K)->36272K(36672K) NonClass: 32104K(32320K)->32104K(32320K) Class: 4168K(4352K)->4168K(4352K)
[221.818s][info][gc             ] GC(2007) Pause Young (Allocation Failure) 414M->113M(1003M) 0.521ms
[221.818s][info][gc,cpu         ] GC(2007) User=0.00s Sys=0.00s Real=0.00s
[221.877s][info][gc,start       ] GC(2008) Pause Young (Allocation Failure)
[221.877s][info][gc,heap        ] GC(2008) PSYoungGen: 308384K(328192K)->192K(331776K) Eden: 308224K(308224K)->0K(313344K) From: 160K(19968K)->192K(18432K)
[221.877s][info][gc,heap        ] GC(2008) ParOldGen: 115710K(699392K)->115758K(699392K)
[221.877s][info][gc,metaspace   ] GC(2008) Metaspace: 36272K(36672K)->36272K(36672K) NonClass: 32104K(32320K)->32104K(32320K) Class: 4168K(4352K)->4168K(4352K)
[221.878s][info][gc             ] GC(2008) Pause Young (Allocation Failure) 414M->113M(1007M) 0.408ms
[221.878s][info][gc,cpu         ] GC(2008) User=0.00s Sys=0.00s Real=0.00s
[221.937s][info][gc,start       ] GC(2009) Pause Young (Allocation Failure)
[221.937s][info][gc,heap        ] GC(2009) PSYoungGen: 313536K(331776K)->160K(330752K) Eden: 313344K(313344K)->0K(313344K) From: 192K(18432K)->160K(17408K)
[221.937s][info][gc,heap        ] GC(2009) ParOldGen: 115758K(699392K)->115758K(699392K)
[221.937s][info][gc,metaspace   ] GC(2009) Metaspace: 36272K(36672K)->36272K(36672K) NonClass: 32104K(32320K)->32104K(32320K) Class: 4168K(4352K)->4168K(4352K)
[221.937s][info][gc             ] GC(2009) Pause Young (Allocation Failure) 419M->113M(1006M) 0.375ms
[221.937s][info][gc,cpu         ] GC(2009) User=0.09s Sys=0.00s Real=0.00s
[221.997s][info][gc,start       ] GC(2010) Pause Young (Allocation Failure)
[221.997s][info][gc,heap        ] GC(2010) PSYoungGen: 313504K(330752K)->160K(333824K) Eden: 313344K(313344K)->0K(317440K) From: 160K(17408K)->160K(16384K)
[221.997s][info][gc,heap        ] GC(2010) ParOldGen: 115758K(699392K)->115758K(699392K)
[221.997s][info][gc,metaspace   ] GC(2010) Metaspace: 36272K(36672K)->36272K(36672K) NonClass: 32104K(32320K)->32104K(32320K) Class: 4168K(4352K)->4168K(4352K)
[221.997s][info][gc             ] GC(2010) Pause Young (Allocation Failure) 419M->113M(1009M) 0.448ms
[221.997s][info][gc,cpu         ] GC(2010) User=0.00s Sys=0.00s Real=0.00s
[222.058s][info][gc,start       ] GC(2011) Pause Young (Allocation Failure)
[222.058s][info][gc,heap        ] GC(2011) PSYoungGen: 317600K(333824K)->160K(332800K) Eden: 317440K(317440K)->0K(317440K) From: 160K(16384K)->160K(15360K)
[222.058s][info][gc,heap        ] GC(2011) ParOldGen: 115758K(699392K)->115758K(699392K)
[222.058s][info][gc,metaspace   ] GC(2011) Metaspace: 36272K(36672K)->36272K(36672K) NonClass: 32104K(32320K)->32104K(32320K) Class: 4168K(4352K)->4168K(4352K)
[222.058s][info][gc             ] GC(2011) Pause Young (Allocation Failure) 423M->113M(1008M) 0.413ms
[222.058s][info][gc,cpu         ] GC(2011) User=0.00s Sys=0.00s Real=0.00s
[222.118s][info][gc,start       ] GC(2012) Pause Young (Allocation Failure)
[222.118s][info][gc,heap        ] GC(2012) PSYoungGen: 317600K(332800K)->192K(335872K) Eden: 317440K(317440K)->0K(321536K) From: 160K(15360K)->192K(14336K)
[222.118s][info][gc,heap        ] GC(2012) ParOldGen: 115758K(699392K)->115758K(699392K)
[222.118s][info][gc,metaspace   ] GC(2012) Metaspace: 36272K(36672K)->36272K(36672K) NonClass: 32104K(32320K)->32104K(32320K) Class: 4168K(4352K)->4168K(4352K)
[222.118s][info][gc             ] GC(2012) Pause Young (Allocation Failure) 423M->113M(1011M) 0.457ms
[222.118s][info][gc,cpu         ] GC(2012) User=0.00s Sys=0.00s Real=0.00s
[222.179s][info][gc,start       ] GC(2013) Pause Young (Allocation Failure)
[222.179s][info][gc,heap        ] GC(2013) PSYoungGen: 321728K(335872K)->160K(334848K) Eden: 321536K(321536K)->0K(321536K) From: 192K(14336K)->160K(13312K)
[222.179s][info][gc,heap        ] GC(2013) ParOldGen: 115758K(699392K)->115758K(699392K)
[222.179s][info][gc,metaspace   ] GC(2013) Metaspace: 36272K(36672K)->36272K(36672K) NonClass: 32104K(32320K)->32104K(32320K) Class: 4168K(4352K)->4168K(4352K)
[222.179s][info][gc             ] GC(2013) Pause Young (Allocation Failure) 427M->113M(1010M) 0.424ms
[222.179s][info][gc,cpu         ] GC(2013) User=0.00s Sys=0.00s Real=0.00s
[222.241s][info][gc,start       ] GC(2014) Pause Young (Allocation Failure)
[222.242s][info][gc,heap        ] GC(2014) PSYoungGen: 321696K(334848K)->192K(337408K) Eden: 321536K(321536K)->0K(325120K) From: 160K(13312K)->192K(12288K)
[222.242s][info][gc,heap        ] GC(2014) ParOldGen: 115758K(699392K)->115758K(699392K)
[222.242s][info][gc,metaspace   ] GC(2014) Metaspace: 36272K(36672K)->36272K(36672K) NonClass: 32104K(32320K)->32104K(32320K) Class: 4168K(4352K)->4168K(4352K)
[222.242s][info][gc             ] GC(2014) Pause Young (Allocation Failure) 427M->113M(1012M) 0.427ms
[222.242s][info][gc,cpu         ] GC(2014) User=0.00s Sys=0.00s Real=0.00s
[222.303s][info][gc,start       ] GC(2015) Pause Young (Allocation Failure)
[222.303s][info][gc,heap        ] GC(2015) PSYoungGen: 325312K(337408K)->192K(336896K) Eden: 325120K(325120K)->0K(325120K) From: 192K(12288K)->192K(11776K)
[222.304s][info][gc,heap        ] GC(2015) ParOldGen: 115758K(699392K)->115758K(699392K)
[222.304s][info][gc,metaspace   ] GC(2015) Metaspace: 36272K(36672K)->36272K(36672K) NonClass: 32104K(32320K)->32104K(32320K) Class: 4168K(4352K)->4168K(4352K)
[222.304s][info][gc             ] GC(2015) Pause Young (Allocation Failure) 430M->113M(1012M) 0.450ms
[222.304s][info][gc,cpu         ] GC(2015) User=0.00s Sys=0.00s Real=0.00s
[222.365s][info][gc,start       ] GC(2016) Pause Young (Allocation Failure)
[222.366s][info][gc,heap        ] GC(2016) PSYoungGen: 325312K(336896K)->160K(338944K) Eden: 325120K(325120K)->0K(328192K) From: 192K(11776K)->160K(10752K)
[222.366s][info][gc,heap        ] GC(2016) ParOldGen: 115758K(699392K)->115758K(699392K)
[222.366s][info][gc,metaspace   ] GC(2016) Metaspace: 36272K(36672K)->36272K(36672K) NonClass: 32104K(32320K)->32104K(32320K) Class: 4168K(4352K)->4168K(4352K)
[222.366s][info][gc             ] GC(2016) Pause Young (Allocation Failure) 430M->113M(1014M) 0.435ms
[222.366s][info][gc,cpu         ] GC(2016) User=0.00s Sys=0.00s Real=0.00s
[222.429s][info][gc,start       ] GC(2017) Pause Young (Allocation Failure)
[222.429s][info][gc,heap        ] GC(2017) PSYoungGen: 328352K(338944K)->160K(338432K) Eden: 328192K(328192K)->0K(328192K) From: 160K(10752K)->160K(10240K)
[222.429s][info][gc,heap        ] GC(2017) ParOldGen: 115758K(699392K)->115758K(699392K)
[222.429s][info][gc,metaspace   ] GC(2017) Metaspace: 36272K(36672K)->36272K(36672K) NonClass: 32104K(32320K)->32104K(32320K) Class: 4168K(4352K)->4168K(4352K)
[222.429s][info][gc             ] GC(2017) Pause Young (Allocation Failure) 433M->113M(1013M) 0.410ms
[222.429s][info][gc,cpu         ] GC(2017) User=0.00s Sys=0.00s Real=0.00s
[222.489s][info][gc,start       ] GC(2018) Pause Young (Allocation Failure)
[222.490s][info][gc,heap        ] GC(2018) PSYoungGen: 328352K(338432K)->160K(340480K) Eden: 328192K(328192K)->0K(331264K) From: 160K(10240K)->160K(9216K)
[222.490s][info][gc,heap        ] GC(2018) ParOldGen: 115758K(699392K)->115758K(699392K)
[222.490s][info][gc,metaspace   ] GC(2018) Metaspace: 36272K(36672K)->36272K(36672K) NonClass: 32104K(32320K)->32104K(32320K) Class: 4168K(4352K)->4168K(4352K)
[222.490s][info][gc             ] GC(2018) Pause Young (Allocation Failure) 433M->113M(1015M) 0.415ms
[222.490s][info][gc,cpu         ] GC(2018) User=0.00s Sys=0.00s Real=0.00s
[222.550s][info][gc,start       ] GC(2019) Pause Young (Allocation Failure)
[222.550s][info][gc,heap        ] GC(2019) PSYoungGen: 331424K(340480K)->160K(339968K) Eden: 331264K(331264K)->0K(331264K) From: 160K(9216K)->160K(8704K)
[222.550s][info][gc,heap        ] GC(2019) ParOldGen: 115758K(699392K)->115758K(699392K)
[222.550s][info][gc,metaspace   ] GC(2019) Metaspace: 36272K(36672K)->36272K(36672K) NonClass: 32104K(32320K)->32104K(32320K) Class: 4168K(4352K)->4168K(4352K)
[222.550s][info][gc             ] GC(2019) Pause Young (Allocation Failure) 436M->113M(1015M) 0.391ms
[222.550s][info][gc,cpu         ] GC(2019) User=0.00s Sys=0.00s Real=0.00s
[222.612s][info][gc,start       ] GC(2020) Pause Young (Allocation Failure)
[222.612s][info][gc,heap        ] GC(2020) PSYoungGen: 331424K(339968K)->192K(341504K) Eden: 331264K(331264K)->0K(333312K) From: 160K(8704K)->192K(8192K)
[222.612s][info][gc,heap        ] GC(2020) ParOldGen: 115758K(699392K)->115758K(699392K)
[222.613s][info][gc,metaspace   ] GC(2020) Metaspace: 36272K(36672K)->36272K(36672K) NonClass: 32104K(32320K)->32104K(32320K) Class: 4168K(4352K)->4168K(4352K)
[222.613s][info][gc             ] GC(2020) Pause Young (Allocation Failure) 436M->113M(1016M) 0.406ms
[222.613s][info][gc,cpu         ] GC(2020) User=0.00s Sys=0.00s Real=0.00s
[222.675s][info][gc,start       ] GC(2021) Pause Young (Allocation Failure)
[222.675s][info][gc,heap        ] GC(2021) PSYoungGen: 333504K(341504K)->192K(340992K) Eden: 333312K(333312K)->0K(333312K) From: 192K(8192K)->192K(7680K)
[222.675s][info][gc,heap        ] GC(2021) ParOldGen: 115758K(699392K)->115758K(699392K)
[222.675s][info][gc,metaspace   ] GC(2021) Metaspace: 36272K(36672K)->36272K(36672K) NonClass: 32104K(32320K)->32104K(32320K) Class: 4168K(4352K)->4168K(4352K)
[222.675s][info][gc             ] GC(2021) Pause Young (Allocation Failure) 438M->113M(1016M) 0.381ms
[222.675s][info][gc,cpu         ] GC(2021) User=0.00s Sys=0.00s Real=0.00s
[222.742s][info][gc,start       ] GC(2022) Pause Young (Allocation Failure)
[222.743s][info][gc,heap        ] GC(2022) PSYoungGen: 333504K(340992K)->192K(342528K) Eden: 333312K(333312K)->0K(335360K) From: 192K(7680K)->192K(7168K)
[222.743s][info][gc,heap        ] GC(2022) ParOldGen: 115758K(699392K)->115758K(699392K)
[222.743s][info][gc,metaspace   ] GC(2022) Metaspace: 36272K(36672K)->36272K(36672K) NonClass: 32104K(32320K)->32104K(32320K) Class: 4168K(4352K)->4168K(4352K)
[222.743s][info][gc             ] GC(2022) Pause Young (Allocation Failure) 438M->113M(1017M) 0.373ms
[222.743s][info][gc,cpu         ] GC(2022) User=0.00s Sys=0.00s Real=0.00s
[222.810s][info][gc,start       ] GC(2023) Pause Young (Allocation Failure)
[222.810s][info][gc,heap        ] GC(2023) PSYoungGen: 335552K(342528K)->96K(342016K) Eden: 335360K(335360K)->0K(335360K) From: 192K(7168K)->96K(6656K)
[222.810s][info][gc,heap        ] GC(2023) ParOldGen: 115758K(699392K)->115758K(699392K)
[222.810s][info][gc,metaspace   ] GC(2023) Metaspace: 36272K(36672K)->36272K(36672K) NonClass: 32104K(32320K)->32104K(32320K) Class: 4168K(4352K)->4168K(4352K)
[222.810s][info][gc             ] GC(2023) Pause Young (Allocation Failure) 440M->113M(1017M) 0.502ms
[222.810s][info][gc,cpu         ] GC(2023) User=0.00s Sys=0.00s Real=0.00s
[222.879s][info][gc,start       ] GC(2024) Pause Young (Allocation Failure)
[222.879s][info][gc,heap        ] GC(2024) PSYoungGen: 335456K(342016K)->192K(343552K) Eden: 335360K(335360K)->0K(337408K) From: 96K(6656K)->192K(6144K)
[222.879s][info][gc,heap        ] GC(2024) ParOldGen: 115758K(699392K)->115758K(699392K)
[222.879s][info][gc,metaspace   ] GC(2024) Metaspace: 36272K(36672K)->36272K(36672K) NonClass: 32104K(32320K)->32104K(32320K) Class: 4168K(4352K)->4168K(4352K)
[222.879s][info][gc             ] GC(2024) Pause Young (Allocation Failure) 440M->113M(1018M) 0.354ms
[222.879s][info][gc,cpu         ] GC(2024) User=0.00s Sys=0.00s Real=0.00s
[222.945s][info][gc,start       ] GC(2025) Pause Young (Allocation Failure)
[222.946s][info][gc,heap        ] GC(2025) PSYoungGen: 337600K(343552K)->160K(343040K) Eden: 337408K(337408K)->0K(337408K) From: 192K(6144K)->160K(5632K)
[222.946s][info][gc,heap        ] GC(2025) ParOldGen: 115758K(699392K)->115758K(699392K)
[222.946s][info][gc,metaspace   ] GC(2025) Metaspace: 36272K(36672K)->36272K(36672K) NonClass: 32104K(32320K)->32104K(32320K) Class: 4168K(4352K)->4168K(4352K)
[222.946s][info][gc             ] GC(2025) Pause Young (Allocation Failure) 442M->113M(1018M) 0.492ms
[222.946s][info][gc,cpu         ] GC(2025) User=0.00s Sys=0.00s Real=0.00s
[223.013s][info][gc,start       ] GC(2026) Pause Young (Allocation Failure)
[223.014s][info][gc,heap        ] GC(2026) PSYoungGen: 337568K(343040K)->192K(344576K) Eden: 337408K(337408K)->0K(339456K) From: 160K(5632K)->192K(5120K)
[223.014s][info][gc,heap        ] GC(2026) ParOldGen: 115758K(699392K)->115758K(699392K)
[223.014s][info][gc,metaspace   ] GC(2026) Metaspace: 36272K(36672K)->36272K(36672K) NonClass: 32104K(32320K)->32104K(32320K) Class: 4168K(4352K)->4168K(4352K)
[223.014s][info][gc             ] GC(2026) Pause Young (Allocation Failure) 442M->113M(1019M) 0.377ms
[223.014s][info][gc,cpu         ] GC(2026) User=0.00s Sys=0.00s Real=0.00s
[223.084s][info][gc,start       ] GC(2027) Pause Young (Allocation Failure)
[223.084s][info][gc,heap        ] GC(2027) PSYoungGen: 339648K(344576K)->192K(344064K) Eden: 339456K(339456K)->0K(339456K) From: 192K(5120K)->192K(4608K)
[223.084s][info][gc,heap        ] GC(2027) ParOldGen: 115758K(699392K)->115758K(699392K)
[223.084s][info][gc,metaspace   ] GC(2027) Metaspace: 36272K(36672K)->36272K(36672K) NonClass: 32104K(32320K)->32104K(32320K) Class: 4168K(4352K)->4168K(4352K)
[223.084s][info][gc             ] GC(2027) Pause Young (Allocation Failure) 444M->113M(1019M) 0.386ms
[223.084s][info][gc,cpu         ] GC(2027) User=0.00s Sys=0.00s Real=0.00s
[223.151s][info][gc,start       ] GC(2028) Pause Young (Allocation Failure)
[223.151s][info][gc,heap        ] GC(2028) PSYoungGen: 339648K(344064K)->192K(345088K) Eden: 339456K(339456K)->0K(340480K) From: 192K(4608K)->192K(4608K)
[223.151s][info][gc,heap        ] GC(2028) ParOldGen: 115758K(699392K)->115758K(699392K)
[223.151s][info][gc,metaspace   ] GC(2028) Metaspace: 36272K(36672K)->36272K(36672K) NonClass: 32104K(32320K)->32104K(32320K) Class: 4168K(4352K)->4168K(4352K)
[223.151s][info][gc             ] GC(2028) Pause Young (Allocation Failure) 444M->113M(1020M) 0.393ms
[223.151s][info][gc,cpu         ] GC(2028) User=0.00s Sys=0.00s Real=0.00s
[223.219s][info][gc,start       ] GC(2029) Pause Young (Allocation Failure)
[223.219s][info][gc,heap        ] GC(2029) PSYoungGen: 340672K(345088K)->192K(344576K) Eden: 340480K(340480K)->0K(340480K) From: 192K(4608K)->192K(4096K)
[223.219s][info][gc,heap        ] GC(2029) ParOldGen: 115758K(699392K)->115758K(699392K)
[223.219s][info][gc,metaspace   ] GC(2029) Metaspace: 36272K(36672K)->36272K(36672K) NonClass: 32104K(32320K)->32104K(32320K) Class: 4168K(4352K)->4168K(4352K)
[223.219s][info][gc             ] GC(2029) Pause Young (Allocation Failure) 445M->113M(1019M) 0.466ms
[223.219s][info][gc,cpu         ] GC(2029) User=0.02s Sys=0.00s Real=0.00s
[223.285s][info][gc,start       ] GC(2030) Pause Young (Allocation Failure)
[223.286s][info][gc,heap        ] GC(2030) PSYoungGen: 340672K(344576K)->192K(345600K) Eden: 340480K(340480K)->0K(341504K) From: 192K(4096K)->192K(4096K)
[223.286s][info][gc,heap        ] GC(2030) ParOldGen: 115758K(699392K)->115758K(699392K)
[223.286s][info][gc,metaspace   ] GC(2030) Metaspace: 36272K(36672K)->36272K(36672K) NonClass: 32104K(32320K)->32104K(32320K) Class: 4168K(4352K)->4168K(4352K)
[223.286s][info][gc             ] GC(2030) Pause Young (Allocation Failure) 445M->113M(1020M) 0.485ms
[223.286s][info][gc,cpu         ] GC(2030) User=0.00s Sys=0.00s Real=0.02s
[223.351s][info][gc,start       ] GC(2031) Pause Young (Allocation Failure)
[223.352s][info][gc,heap        ] GC(2031) PSYoungGen: 341696K(345600K)->160K(345088K) Eden: 341504K(341504K)->0K(341504K) From: 192K(4096K)->160K(3584K)
[223.352s][info][gc,heap        ] GC(2031) ParOldGen: 115758K(699392K)->115758K(699392K)
[223.352s][info][gc,metaspace   ] GC(2031) Metaspace: 36272K(36672K)->36272K(36672K) NonClass: 32104K(32320K)->32104K(32320K) Class: 4168K(4352K)->4168K(4352K)
[223.352s][info][gc             ] GC(2031) Pause Young (Allocation Failure) 446M->113M(1020M) 0.412ms
[223.352s][info][gc,cpu         ] GC(2031) User=0.00s Sys=0.00s Real=0.00s
[223.418s][info][gc,start       ] GC(2032) Pause Young (Allocation Failure)
[223.418s][info][gc,heap        ] GC(2032) PSYoungGen: 341664K(345088K)->192K(346112K) Eden: 341504K(341504K)->0K(342528K) From: 160K(3584K)->192K(3584K)
[223.418s][info][gc,heap        ] GC(2032) ParOldGen: 115758K(699392K)->115758K(699392K)
[223.418s][info][gc,metaspace   ] GC(2032) Metaspace: 36272K(36672K)->36272K(36672K) NonClass: 32104K(32320K)->32104K(32320K) Class: 4168K(4352K)->4168K(4352K)
[223.418s][info][gc             ] GC(2032) Pause Young (Allocation Failure) 446M->113M(1021M) 0.447ms
[223.418s][info][gc,cpu         ] GC(2032) User=0.00s Sys=0.00s Real=0.00s
[223.484s][info][gc,start       ] GC(2033) Pause Young (Allocation Failure)
[223.484s][info][gc,heap        ] GC(2033) PSYoungGen: 342720K(346112K)->160K(345600K) Eden: 342528K(342528K)->0K(342528K) From: 192K(3584K)->160K(3072K)
[223.484s][info][gc,heap        ] GC(2033) ParOldGen: 115758K(699392K)->115758K(699392K)
[223.484s][info][gc,metaspace   ] GC(2033) Metaspace: 36272K(36672K)->36272K(36672K) NonClass: 32104K(32320K)->32104K(32320K) Class: 4168K(4352K)->4168K(4352K)
[223.484s][info][gc             ] GC(2033) Pause Young (Allocation Failure) 447M->113M(1020M) 0.466ms
[223.484s][info][gc,cpu         ] GC(2033) User=0.00s Sys=0.00s Real=0.00s
[223.574s][info][gc,start       ] GC(2034) Pause Young (Allocation Failure)
[223.574s][info][gc,heap        ] GC(2034) PSYoungGen: 342688K(345600K)->192K(346624K) Eden: 342528K(342528K)->0K(343552K) From: 160K(3072K)->192K(3072K)
[223.574s][info][gc,heap        ] GC(2034) ParOldGen: 115758K(699392K)->115758K(699392K)
[223.574s][info][gc,metaspace   ] GC(2034) Metaspace: 36272K(36672K)->36272K(36672K) NonClass: 32104K(32320K)->32104K(32320K) Class: 4168K(4352K)->4168K(4352K)
[223.574s][info][gc             ] GC(2034) Pause Young (Allocation Failure) 447M->113M(1021M) 0.442ms
[223.574s][info][gc,cpu         ] GC(2034) User=0.00s Sys=0.00s Real=0.00s
[223.922s][info][gc,start       ] GC(2035) Pause Young (Allocation Failure)
[223.937s][info][gc,heap        ] GC(2035) PSYoungGen: 343744K(346624K)->2538K(346112K) Eden: 343552K(343552K)->0K(343552K) From: 192K(3072K)->2538K(2560K)
[223.937s][info][gc,heap        ] GC(2035) ParOldGen: 115758K(699392K)->152990K(699392K)
[223.937s][info][gc,metaspace   ] GC(2035) Metaspace: 36272K(36672K)->36272K(36672K) NonClass: 32104K(32320K)->32104K(32320K) Class: 4168K(4352K)->4168K(4352K)
[223.937s][info][gc             ] GC(2035) Pause Young (Allocation Failure) 448M->151M(1021M) 15.098ms
[223.937s][info][gc,cpu         ] GC(2035) User=0.08s Sys=0.00s Real=0.02s
[224.243s][info][gc,start       ] GC(2036) Pause Young (Allocation Failure)
[224.259s][info][gc,heap        ] GC(2036) PSYoungGen: 343481K(346112K)->3065K(286720K) Eden: 340942K(343552K)->0K(283648K) From: 2538K(2560K)->3065K(3072K)
[224.260s][info][gc,heap        ] GC(2036) ParOldGen: 152990K(699392K)->199769K(699392K)
[224.260s][info][gc,metaspace   ] GC(2036) Metaspace: 36272K(36672K)->36272K(36672K) NonClass: 32104K(32320K)->32104K(32320K) Class: 4168K(4352K)->4168K(4352K)
[224.260s][info][gc             ] GC(2036) Pause Young (Allocation Failure) 484M->198M(963M) 16.106ms
[224.260s][info][gc,cpu         ] GC(2036) User=0.09s Sys=0.00s Real=0.02s
[224.512s][info][gc,start       ] GC(2037) Pause Young (Allocation Failure)
[224.521s][info][gc,heap        ] GC(2037) PSYoungGen: 285187K(286720K)->29033K(312832K) Eden: 282121K(283648K)->0K(283648K) From: 3065K(3072K)->29033K(29184K)
[224.521s][info][gc,heap        ] GC(2037) ParOldGen: 199769K(699392K)->202497K(699392K)
[224.521s][info][gc,metaspace   ] GC(2037) Metaspace: 36272K(36672K)->36272K(36672K) NonClass: 32104K(32320K)->32104K(32320K) Class: 4168K(4352K)->4168K(4352K)
[224.521s][info][gc             ] GC(2037) Pause Young (Allocation Failure) 473M->226M(988M) 8.697ms
[224.521s][info][gc,cpu         ] GC(2037) User=0.09s Sys=0.00s Real=0.01s
[224.785s][info][gc,start       ] GC(2038) Pause Young (Allocation Failure)
[224.792s][info][gc,heap        ] GC(2038) PSYoungGen: 312451K(312832K)->15898K(311808K) Eden: 283417K(283648K)->0K(275456K) From: 29033K(29184K)->15898K(36352K)
[224.792s][info][gc,heap        ] GC(2038) ParOldGen: 202497K(699392K)->216917K(699392K)
[224.793s][info][gc,metaspace   ] GC(2038) Metaspace: 36272K(36672K)->36272K(36672K) NonClass: 32104K(32320K)->32104K(32320K) Class: 4168K(4352K)->4168K(4352K)
[224.793s][info][gc             ] GC(2038) Pause Young (Allocation Failure) 502M->227M(987M) 7.726ms
[224.793s][info][gc,cpu         ] GC(2038) User=0.00s Sys=0.00s Real=0.01s
[225.037s][info][gc,start       ] GC(2039) Pause Young (Allocation Failure)
[225.044s][info][gc,heap        ] GC(2039) PSYoungGen: 285050K(311808K)->20269K(295936K) Eden: 269152K(275456K)->0K(275456K) From: 15898K(36352K)->20269K(20480K)
[225.044s][info][gc,heap        ] GC(2039) ParOldGen: 216917K(699392K)->219401K(699392K)
[225.044s][info][gc,metaspace   ] GC(2039) Metaspace: 36272K(36672K)->36272K(36672K) NonClass: 32104K(32320K)->32104K(32320K) Class: 4168K(4352K)->4168K(4352K)
[225.044s][info][gc             ] GC(2039) Pause Young (Allocation Failure) 490M->234M(972M) 7.184ms
[225.044s][info][gc,cpu         ] GC(2039) User=0.00s Sys=0.00s Real=0.01s
[225.297s][info][gc,start       ] GC(2040) Pause Young (Allocation Failure)
[225.303s][info][gc,heap        ] GC(2040) PSYoungGen: 293099K(295936K)->15933K(312832K) Eden: 272830K(275456K)->0K(274944K) From: 20269K(20480K)->15933K(37888K)
[225.303s][info][gc,heap        ] GC(2040) ParOldGen: 219401K(699392K)->220448K(699392K)
[225.303s][info][gc,metaspace   ] GC(2040) Metaspace: 36272K(36672K)->36272K(36672K) NonClass: 32104K(32320K)->32104K(32320K) Class: 4168K(4352K)->4168K(4352K)
[225.303s][info][gc             ] GC(2040) Pause Young (Allocation Failure) 500M->230M(988M) 6.092ms
[225.303s][info][gc,cpu         ] GC(2040) User=0.00s Sys=0.00s Real=0.01s
[225.550s][info][gc,start       ] GC(2041) Pause Young (Allocation Failure)
[225.556s][info][gc,heap        ] GC(2041) PSYoungGen: 287941K(312832K)->14424K(311296K) Eden: 272007K(274944K)->0K(274944K) From: 15933K(37888K)->14424K(36352K)
[225.556s][info][gc,heap        ] GC(2041) ParOldGen: 220448K(699392K)->221352K(699392K)
[225.556s][info][gc,metaspace   ] GC(2041) Metaspace: 36272K(36672K)->36272K(36672K) NonClass: 32104K(32320K)->32104K(32320K) Class: 4168K(4352K)->4168K(4352K)
[225.556s][info][gc             ] GC(2041) Pause Young (Allocation Failure) 496M->230M(987M) 5.936ms
[225.556s][info][gc,cpu         ] GC(2041) User=0.00s Sys=0.00s Real=0.01s
[225.806s][info][gc,start       ] GC(2042) Pause Young (Allocation Failure)
[225.812s][info][gc,heap        ] GC(2042) PSYoungGen: 289133K(311296K)->12142K(316416K) Eden: 274708K(274944K)->0K(281600K) From: 14424K(36352K)->12142K(34816K)
[225.812s][info][gc,heap        ] GC(2042) ParOldGen: 221352K(699392K)->221771K(699392K)
[225.812s][info][gc,metaspace   ] GC(2042) Metaspace: 36272K(36672K)->36272K(36672K) NonClass: 32104K(32320K)->32104K(32320K) Class: 4168K(4352K)->4168K(4352K)
[225.812s][info][gc             ] GC(2042) Pause Young (Allocation Failure) 498M->228M(992M) 5.964ms
[225.812s][info][gc,cpu         ] GC(2042) User=0.00s Sys=0.00s Real=0.02s
[226.050s][info][gc,start       ] GC(2043) Pause Young (Allocation Failure)
[226.056s][info][gc,heap        ] GC(2043) PSYoungGen: 292277K(316416K)->16524K(314368K) Eden: 280134K(281600K)->0K(281600K) From: 12142K(34816K)->16524K(32768K)
[226.056s][info][gc,heap        ] GC(2043) ParOldGen: 221771K(699392K)->222565K(699392K)
[226.056s][info][gc,metaspace   ] GC(2043) Metaspace: 36272K(36672K)->36272K(36672K) NonClass: 32104K(32320K)->32104K(32320K) Class: 4168K(4352K)->4168K(4352K)
[226.056s][info][gc             ] GC(2043) Pause Young (Allocation Failure) 502M->233M(990M) 6.365ms
[226.056s][info][gc,cpu         ] GC(2043) User=0.00s Sys=0.00s Real=0.01s
[226.310s][info][gc,start       ] GC(2044) Pause Young (Allocation Failure)
[226.316s][info][gc,heap        ] GC(2044) PSYoungGen: 295495K(314368K)->16111K(317952K) Eden: 278971K(281600K)->0K(285696K) From: 16524K(32768K)->16111K(32256K)
[226.316s][info][gc,heap        ] GC(2044) ParOldGen: 222565K(699392K)->223422K(699392K)
[226.316s][info][gc,metaspace   ] GC(2044) Metaspace: 36272K(36672K)->36272K(36672K) NonClass: 32104K(32320K)->32104K(32320K) Class: 4168K(4352K)->4168K(4352K)
[226.316s][info][gc             ] GC(2044) Pause Young (Allocation Failure) 505M->233M(993M) 6.515ms
[226.316s][info][gc,cpu         ] GC(2044) User=0.09s Sys=0.00s Real=0.01s
[226.579s][info][gc,start       ] GC(2045) Pause Young (Allocation Failure)
[226.586s][info][gc,heap        ] GC(2045) PSYoungGen: 299340K(317952K)->18277K(316928K) Eden: 283228K(285696K)->0K(285696K) From: 16111K(32256K)->18277K(31232K)
[226.586s][info][gc,heap        ] GC(2045) ParOldGen: 223422K(699392K)->223775K(699392K)
[226.586s][info][gc,metaspace   ] GC(2045) Metaspace: 36272K(36672K)->36272K(36672K) NonClass: 32104K(32320K)->32104K(32320K) Class: 4168K(4352K)->4168K(4352K)
[226.586s][info][gc             ] GC(2045) Pause Young (Allocation Failure) 510M->236M(992M) 6.973ms
[226.586s][info][gc,cpu         ] GC(2045) User=0.00s Sys=0.00s Real=0.01s
[226.840s][info][gc,start       ] GC(2046) Pause Young (Allocation Failure)
[226.848s][info][gc,heap        ] GC(2046) PSYoungGen: 299597K(316928K)->16859K(318464K) Eden: 281320K(285696K)->0K(287232K) From: 18277K(31232K)->16859K(31232K)
[226.848s][info][gc,heap        ] GC(2046) ParOldGen: 223775K(699392K)->227063K(699392K)
[226.848s][info][gc,metaspace   ] GC(2046) Metaspace: 36272K(36672K)->36272K(36672K) NonClass: 32104K(32320K)->32104K(32320K) Class: 4168K(4352K)->4168K(4352K)
[226.848s][info][gc             ] GC(2046) Pause Young (Allocation Failure) 511M->238M(994M) 8.018ms
[226.848s][info][gc,cpu         ] GC(2046) User=0.09s Sys=0.00s Real=0.01s
[227.097s][info][gc,start       ] GC(2047) Pause Young (Allocation Failure)
[227.103s][info][gc,heap        ] GC(2047) PSYoungGen: 297257K(318464K)->20155K(317952K) Eden: 280397K(287232K)->0K(287232K) From: 16859K(31232K)->20155K(30720K)
[227.103s][info][gc,heap        ] GC(2047) ParOldGen: 227063K(699392K)->229150K(699392K)
[227.103s][info][gc,metaspace   ] GC(2047) Metaspace: 36272K(36672K)->36272K(36672K) NonClass: 32104K(32320K)->32104K(32320K) Class: 4168K(4352K)->4168K(4352K)
[227.103s][info][gc             ] GC(2047) Pause Young (Allocation Failure) 512M->243M(993M) 6.793ms
[227.103s][info][gc,cpu         ] GC(2047) User=0.00s Sys=0.00s Real=0.01s
[227.369s][info][gc,start       ] GC(2048) Pause Young (Allocation Failure)
[227.375s][info][gc,heap        ] GC(2048) PSYoungGen: 307387K(317952K)->10537K(318464K) Eden: 287232K(287232K)->0K(287232K) From: 20155K(30720K)->10537K(31232K)
[227.375s][info][gc,heap        ] GC(2048) ParOldGen: 229150K(699392K)->230172K(699392K)
[227.375s][info][gc,metaspace   ] GC(2048) Metaspace: 36272K(36672K)->36272K(36672K) NonClass: 32104K(32320K)->32104K(32320K) Class: 4168K(4352K)->4168K(4352K)
[227.375s][info][gc             ] GC(2048) Pause Young (Allocation Failure) 523M->235M(994M) 5.696ms
[227.375s][info][gc,cpu         ] GC(2048) User=0.00s Sys=0.00s Real=0.01s
[227.627s][info][gc,start       ] GC(2049) Pause Young (Allocation Failure)
[227.633s][info][gc,heap        ] GC(2049) PSYoungGen: 297769K(318464K)->15280K(317952K) Eden: 287232K(287232K)->0K(287232K) From: 10537K(31232K)->15280K(30720K)
[227.633s][info][gc,heap        ] GC(2049) ParOldGen: 230172K(699392K)->230648K(699392K)
[227.633s][info][gc,metaspace   ] GC(2049) Metaspace: 36272K(36672K)->36272K(36672K) NonClass: 32104K(32320K)->32104K(32320K) Class: 4168K(4352K)->4168K(4352K)
[227.633s][info][gc             ] GC(2049) Pause Young (Allocation Failure) 515M->240M(993M) 5.983ms
[227.633s][info][gc,cpu         ] GC(2049) User=0.00s Sys=0.00s Real=0.01s
[227.757s][info][gc,start       ] GC(2050) Pause Young (System.gc())
[227.761s][info][gc,heap        ] GC(2050) PSYoungGen: 141841K(317952K)->8674K(320512K) Eden: 126561K(287232K)->0K(291328K) From: 15280K(30720K)->8674K(29184K)
[227.761s][info][gc,heap        ] GC(2050) ParOldGen: 230648K(699392K)->234224K(699392K)
[227.761s][info][gc,metaspace   ] GC(2050) Metaspace: 36272K(36672K)->36272K(36672K) NonClass: 32104K(32320K)->32104K(32320K) Class: 4168K(4352K)->4168K(4352K)
[227.761s][info][gc             ] GC(2050) Pause Young (System.gc()) 363M->237M(996M) 4.971ms
[227.761s][info][gc,cpu         ] GC(2050) User=0.00s Sys=0.00s Real=0.01s
[227.762s][info][gc,start       ] GC(2051) Pause Full (System.gc())
[227.762s][info][gc,phases,start] GC(2051) Marking Phase
[227.778s][info][gc,phases      ] GC(2051) Marking Phase 16.191ms
[227.778s][info][gc,phases,start] GC(2051) Summary Phase
[227.778s][info][gc,phases      ] GC(2051) Summary Phase 0.012ms
[227.778s][info][gc,phases,start] GC(2051) Adjust Roots
[227.781s][info][gc,phases      ] GC(2051) Adjust Roots 3.416ms
[227.781s][info][gc,phases,start] GC(2051) Compaction Phase
[227.789s][info][gc,phases      ] GC(2051) Compaction Phase 8.127ms
[227.789s][info][gc,phases,start] GC(2051) Post Compact
[227.790s][info][gc,phases      ] GC(2051) Post Compact 0.900ms
[227.790s][info][gc,heap        ] GC(2051) PSYoungGen: 8674K(320512K)->0K(320512K) Eden: 0K(291328K)->0K(291328K) From: 8674K(29184K)->0K(29184K)
[227.790s][info][gc,heap        ] GC(2051) ParOldGen: 234224K(699392K)->115437K(699392K)
[227.790s][info][gc,metaspace   ] GC(2051) Metaspace: 36272K(36672K)->36272K(36672K) NonClass: 32104K(32320K)->32104K(32320K) Class: 4168K(4352K)->4168K(4352K)
[227.790s][info][gc             ] GC(2051) Pause Full (System.gc()) 237M->112M(996M) 28.951ms
[227.791s][info][gc,cpu         ] GC(2051) User=0.11s Sys=0.00s Real=0.03s
[227.840s][info][gc,start       ] GC(2052) Pause Young (Allocation Failure)
[227.841s][info][gc,heap        ] GC(2052) PSYoungGen: 291328K(320512K)->192K(291840K) Eden: 291328K(291328K)->0K(291328K) From: 0K(29184K)->192K(512K)
[227.841s][info][gc,heap        ] GC(2052) ParOldGen: 115437K(699392K)->115437K(699392K)
[227.841s][info][gc,metaspace   ] GC(2052) Metaspace: 36274K(36672K)->36274K(36672K) NonClass: 32105K(32320K)->32105K(32320K) Class: 4168K(4352K)->4168K(4352K)
[227.841s][info][gc             ] GC(2052) Pause Young (Allocation Failure) 397M->112M(968M) 1.272ms
[227.841s][info][gc,cpu         ] GC(2052) User=0.00s Sys=0.00s Real=0.00s
[227.886s][info][gc,start       ] GC(2053) Pause Young (Allocation Failure)
[227.886s][info][gc,heap        ] GC(2053) PSYoungGen: 291520K(291840K)->160K(318464K) Eden: 291328K(291328K)->0K(288768K) From: 192K(512K)->160K(29696K)
[227.886s][info][gc,heap        ] GC(2053) ParOldGen: 115437K(699392K)->115477K(699392K)
[227.886s][info][gc,metaspace   ] GC(2053) Metaspace: 36274K(36672K)->36274K(36672K) NonClass: 32105K(32320K)->32105K(32320K) Class: 4168K(4352K)->4168K(4352K)
[227.886s][info][gc             ] GC(2053) Pause Young (Allocation Failure) 397M->112M(994M) 0.509ms
[227.886s][info][gc,cpu         ] GC(2053) User=0.00s Sys=0.00s Real=0.00s
[227.932s][info][gc,start       ] GC(2054) Pause Young (Allocation Failure)
[227.933s][info][gc,heap        ] GC(2054) PSYoungGen: 288928K(318464K)->192K(318976K) Eden: 288768K(288768K)->0K(288768K) From: 160K(29696K)->192K(30208K)
[227.933s][info][gc,heap        ] GC(2054) ParOldGen: 115477K(699392K)->115477K(699392K)
[227.933s][info][gc,metaspace   ] GC(2054) Metaspace: 36274K(36672K)->36274K(36672K) NonClass: 32105K(32320K)->32105K(32320K) Class: 4168K(4352K)->4168K(4352K)
[227.933s][info][gc             ] GC(2054) Pause Young (Allocation Failure) 394M->112M(994M) 0.481ms
[227.933s][info][gc,cpu         ] GC(2054) User=0.00s Sys=0.00s Real=0.00s
[227.977s][info][gc,start       ] GC(2055) Pause Young (Allocation Failure)
[227.977s][info][gc,heap        ] GC(2055) PSYoungGen: 288960K(318976K)->160K(319488K) Eden: 288768K(288768K)->0K(289280K) From: 192K(30208K)->160K(30208K)
[227.977s][info][gc,heap        ] GC(2055) ParOldGen: 115477K(699392K)->115477K(699392K)
[227.977s][info][gc,metaspace   ] GC(2055) Metaspace: 36274K(36672K)->36274K(36672K) NonClass: 32105K(32320K)->32105K(32320K) Class: 4168K(4352K)->4168K(4352K)
[227.977s][info][gc             ] GC(2055) Pause Young (Allocation Failure) 394M->112M(995M) 0.381ms
[227.977s][info][gc,cpu         ] GC(2055) User=0.00s Sys=0.00s Real=0.00s
[228.021s][info][gc,start       ] GC(2056) Pause Young (Allocation Failure)
[228.022s][info][gc,heap        ] GC(2056) PSYoungGen: 289440K(319488K)->160K(318976K) Eden: 289280K(289280K)->0K(289280K) From: 160K(30208K)->160K(29696K)
[228.022s][info][gc,heap        ] GC(2056) ParOldGen: 115477K(699392K)->115477K(699392K)
[228.022s][info][gc,metaspace   ] GC(2056) Metaspace: 36274K(36672K)->36274K(36672K) NonClass: 32105K(32320K)->32105K(32320K) Class: 4168K(4352K)->4168K(4352K)
[228.022s][info][gc             ] GC(2056) Pause Young (Allocation Failure) 395M->112M(994M) 0.417ms
[228.022s][info][gc,cpu         ] GC(2056) User=0.00s Sys=0.00s Real=0.00s
[228.065s][info][gc,start       ] GC(2057) Pause Young (Allocation Failure)
[228.065s][info][gc,heap        ] GC(2057) PSYoungGen: 289440K(318976K)->192K(320512K) Eden: 289280K(289280K)->0K(291328K) From: 160K(29696K)->192K(29184K)
[228.065s][info][gc,heap        ] GC(2057) ParOldGen: 115477K(699392K)->115477K(699392K)
[228.065s][info][gc,metaspace   ] GC(2057) Metaspace: 36274K(36672K)->36274K(36672K) NonClass: 32105K(32320K)->32105K(32320K) Class: 4168K(4352K)->4168K(4352K)
[228.065s][info][gc             ] GC(2057) Pause Young (Allocation Failure) 395M->112M(996M) 0.427ms
[228.065s][info][gc,cpu         ] GC(2057) User=0.00s Sys=0.00s Real=0.00s
[228.109s][info][gc,start       ] GC(2058) Pause Young (Allocation Failure)
[228.109s][info][gc,heap        ] GC(2058) PSYoungGen: 291520K(320512K)->160K(320000K) Eden: 291328K(291328K)->0K(291328K) From: 192K(29184K)->160K(28672K)
[228.109s][info][gc,heap        ] GC(2058) ParOldGen: 115477K(699392K)->115477K(699392K)
[228.109s][info][gc,metaspace   ] GC(2058) Metaspace: 36274K(36672K)->36274K(36672K) NonClass: 32105K(32320K)->32105K(32320K) Class: 4168K(4352K)->4168K(4352K)
[228.109s][info][gc             ] GC(2058) Pause Young (Allocation Failure) 397M->112M(995M) 0.413ms
[228.109s][info][gc,cpu         ] GC(2058) User=0.09s Sys=0.00s Real=0.00s
[228.152s][info][gc,start       ] GC(2059) Pause Young (Allocation Failure)
[228.152s][info][gc,heap        ] GC(2059) PSYoungGen: 291488K(320000K)->160K(322560K) Eden: 291328K(291328K)->0K(294912K) From: 160K(28672K)->160K(27648K)
[228.152s][info][gc,heap        ] GC(2059) ParOldGen: 115477K(699392K)->115477K(699392K)
[228.152s][info][gc,metaspace   ] GC(2059) Metaspace: 36274K(36672K)->36274K(36672K) NonClass: 32105K(32320K)->32105K(32320K) Class: 4168K(4352K)->4168K(4352K)
[228.152s][info][gc             ] GC(2059) Pause Young (Allocation Failure) 397M->112M(998M) 0.383ms
[228.152s][info][gc,cpu         ] GC(2059) User=0.00s Sys=0.00s Real=0.00s
[228.198s][info][gc,start       ] GC(2060) Pause Young (Allocation Failure)
[228.198s][info][gc,heap        ] GC(2060) PSYoungGen: 295072K(322560K)->160K(321536K) Eden: 294912K(294912K)->0K(294912K) From: 160K(27648K)->160K(26624K)
[228.198s][info][gc,heap        ] GC(2060) ParOldGen: 115477K(699392K)->115477K(699392K)
[228.198s][info][gc,metaspace   ] GC(2060) Metaspace: 36274K(36672K)->36274K(36672K) NonClass: 32105K(32320K)->32105K(32320K) Class: 4168K(4352K)->4168K(4352K)
[228.198s][info][gc             ] GC(2060) Pause Young (Allocation Failure) 400M->112M(997M) 0.395ms
[228.198s][info][gc,cpu         ] GC(2060) User=0.00s Sys=0.00s Real=0.00s
[228.243s][info][gc,start       ] GC(2061) Pause Young (Allocation Failure)
[228.243s][info][gc,heap        ] GC(2061) PSYoungGen: 295072K(321536K)->192K(324608K) Eden: 294912K(294912K)->0K(299008K) From: 160K(26624K)->192K(25600K)
[228.243s][info][gc,heap        ] GC(2061) ParOldGen: 115477K(699392K)->115477K(699392K)
[228.244s][info][gc,metaspace   ] GC(2061) Metaspace: 36274K(36672K)->36274K(36672K) NonClass: 32105K(32320K)->32105K(32320K) Class: 4168K(4352K)->4168K(4352K)
[228.244s][info][gc             ] GC(2061) Pause Young (Allocation Failure) 400M->112M(1000M) 0.414ms
[228.244s][info][gc,cpu         ] GC(2061) User=0.00s Sys=0.00s Real=0.00s
[228.288s][info][gc,start       ] GC(2062) Pause Young (Allocation Failure)
[228.289s][info][gc,heap        ] GC(2062) PSYoungGen: 299200K(324608K)->192K(323584K) Eden: 299008K(299008K)->0K(299008K) From: 192K(25600K)->192K(24576K)
[228.289s][info][gc,heap        ] GC(2062) ParOldGen: 115477K(699392K)->115477K(699392K)
[228.289s][info][gc,metaspace   ] GC(2062) Metaspace: 36274K(36672K)->36274K(36672K) NonClass: 32105K(32320K)->32105K(32320K) Class: 4168K(4352K)->4168K(4352K)
[228.289s][info][gc             ] GC(2062) Pause Young (Allocation Failure) 404M->112M(999M) 0.413ms
[228.289s][info][gc,cpu         ] GC(2062) User=0.00s Sys=0.00s Real=0.00s
[228.334s][info][gc,start       ] GC(2063) Pause Young (Allocation Failure)
[228.334s][info][gc,heap        ] GC(2063) PSYoungGen: 299200K(323584K)->160K(326656K) Eden: 299008K(299008K)->0K(303104K) From: 192K(24576K)->160K(23552K)
[228.334s][info][gc,heap        ] GC(2063) ParOldGen: 115477K(699392K)->115477K(699392K)
[228.334s][info][gc,metaspace   ] GC(2063) Metaspace: 36274K(36672K)->36274K(36672K) NonClass: 32105K(32320K)->32105K(32320K) Class: 4168K(4352K)->4168K(4352K)
[228.334s][info][gc             ] GC(2063) Pause Young (Allocation Failure) 404M->112M(1002M) 0.399ms
[228.334s][info][gc,cpu         ] GC(2063) User=0.00s Sys=0.00s Real=0.00s
[228.381s][info][gc,start       ] GC(2064) Pause Young (Allocation Failure)
[228.381s][info][gc,heap        ] GC(2064) PSYoungGen: 303264K(326656K)->160K(325632K) Eden: 303104K(303104K)->0K(303104K) From: 160K(23552K)->160K(22528K)
[228.381s][info][gc,heap        ] GC(2064) ParOldGen: 115477K(699392K)->115477K(699392K)
[228.381s][info][gc,metaspace   ] GC(2064) Metaspace: 36274K(36672K)->36274K(36672K) NonClass: 32105K(32320K)->32105K(32320K) Class: 4168K(4352K)->4168K(4352K)
[228.381s][info][gc             ] GC(2064) Pause Young (Allocation Failure) 408M->112M(1001M) 0.381ms
[228.381s][info][gc,cpu         ] GC(2064) User=0.00s Sys=0.00s Real=0.00s
[228.427s][info][gc,start       ] GC(2065) Pause Young (Allocation Failure)
[228.427s][info][gc,heap        ] GC(2065) PSYoungGen: 303264K(325632K)->160K(329216K) Eden: 303104K(303104K)->0K(308224K) From: 160K(22528K)->160K(20992K)
[228.427s][info][gc,heap        ] GC(2065) ParOldGen: 115477K(699392K)->115477K(699392K)
[228.427s][info][gc,metaspace   ] GC(2065) Metaspace: 36274K(36672K)->36274K(36672K) NonClass: 32105K(32320K)->32105K(32320K) Class: 4168K(4352K)->4168K(4352K)
[228.427s][info][gc             ] GC(2065) Pause Young (Allocation Failure) 408M->112M(1004M) 0.422ms
[228.427s][info][gc,cpu         ] GC(2065) User=0.00s Sys=0.00s Real=0.00s
[228.475s][info][gc,start       ] GC(2066) Pause Young (Allocation Failure)
[228.475s][info][gc,heap        ] GC(2066) PSYoungGen: 308384K(329216K)->160K(328192K) Eden: 308224K(308224K)->0K(308224K) From: 160K(20992K)->160K(19968K)
[228.476s][info][gc,heap        ] GC(2066) ParOldGen: 115477K(699392K)->115477K(699392K)
[228.476s][info][gc,metaspace   ] GC(2066) Metaspace: 36274K(36672K)->36274K(36672K) NonClass: 32105K(32320K)->32105K(32320K) Class: 4168K(4352K)->4168K(4352K)
[228.476s][info][gc             ] GC(2066) Pause Young (Allocation Failure) 413M->112M(1003M) 0.388ms
[228.476s][info][gc,cpu         ] GC(2066) User=0.00s Sys=0.00s Real=0.00s
[228.538s][info][gc,start       ] GC(2067) Pause Young (Allocation Failure)
[228.538s][info][gc,heap        ] GC(2067) PSYoungGen: 308384K(328192K)->192K(331264K) Eden: 308224K(308224K)->0K(312320K) From: 160K(19968K)->192K(18944K)
[228.538s][info][gc,heap        ] GC(2067) ParOldGen: 115477K(699392K)->115477K(699392K)
[228.538s][info][gc,metaspace   ] GC(2067) Metaspace: 36274K(36672K)->36274K(36672K) NonClass: 32105K(32320K)->32105K(32320K) Class: 4168K(4352K)->4168K(4352K)
[228.538s][info][gc             ] GC(2067) Pause Young (Allocation Failure) 413M->112M(1006M) 0.473ms
[228.538s][info][gc,cpu         ] GC(2067) User=0.00s Sys=0.00s Real=0.00s
[228.598s][info][gc,start       ] GC(2068) Pause Young (Allocation Failure)
[228.598s][info][gc,heap        ] GC(2068) PSYoungGen: 312512K(331264K)->160K(330240K) Eden: 312320K(312320K)->0K(312320K) From: 192K(18944K)->160K(17920K)
[228.598s][info][gc,heap        ] GC(2068) ParOldGen: 115477K(699392K)->115525K(699392K)
[228.598s][info][gc,metaspace   ] GC(2068) Metaspace: 36274K(36672K)->36274K(36672K) NonClass: 32105K(32320K)->32105K(32320K) Class: 4168K(4352K)->4168K(4352K)
[228.598s][info][gc             ] GC(2068) Pause Young (Allocation Failure) 417M->112M(1005M) 0.417ms
[228.598s][info][gc,cpu         ] GC(2068) User=0.00s Sys=0.00s Real=0.00s
[228.658s][info][gc,start       ] GC(2069) Pause Young (Allocation Failure)
[228.659s][info][gc,heap        ] GC(2069) PSYoungGen: 312480K(330240K)->192K(333312K) Eden: 312320K(312320K)->0K(316416K) From: 160K(17920K)->192K(16896K)
[228.659s][info][gc,heap        ] GC(2069) ParOldGen: 115525K(699392K)->115525K(699392K)
[228.659s][info][gc,metaspace   ] GC(2069) Metaspace: 36274K(36672K)->36274K(36672K) NonClass: 32105K(32320K)->32105K(32320K) Class: 4168K(4352K)->4168K(4352K)
[228.659s][info][gc             ] GC(2069) Pause Young (Allocation Failure) 417M->113M(1008M) 0.397ms
[228.659s][info][gc,cpu         ] GC(2069) User=0.00s Sys=0.00s Real=0.00s
[228.719s][info][gc,start       ] GC(2070) Pause Young (Allocation Failure)
[228.719s][info][gc,heap        ] GC(2070) PSYoungGen: 316608K(333312K)->192K(332288K) Eden: 316416K(316416K)->0K(316416K) From: 192K(16896K)->192K(15872K)
[228.719s][info][gc,heap        ] GC(2070) ParOldGen: 115525K(699392K)->115525K(699392K)
[228.722s][info][gc,metaspace   ] GC(2070) Metaspace: 36274K(36672K)->36274K(36672K) NonClass: 32105K(32320K)->32105K(32320K) Class: 4168K(4352K)->4168K(4352K)
[228.722s][info][gc             ] GC(2070) Pause Young (Allocation Failure) 422M->113M(1007M) 3.109ms
[228.722s][info][gc,cpu         ] GC(2070) User=0.00s Sys=0.00s Real=0.02s
[228.786s][info][gc,start       ] GC(2071) Pause Young (Allocation Failure)
[228.786s][info][gc,heap        ] GC(2071) PSYoungGen: 316608K(332288K)->160K(335360K) Eden: 316416K(316416K)->0K(320512K) From: 192K(15872K)->160K(14848K)
[228.786s][info][gc,heap        ] GC(2071) ParOldGen: 115525K(699392K)->115525K(699392K)
[228.786s][info][gc,metaspace   ] GC(2071) Metaspace: 36274K(36672K)->36274K(36672K) NonClass: 32105K(32320K)->32105K(32320K) Class: 4168K(4352K)->4168K(4352K)
[228.786s][info][gc             ] GC(2071) Pause Young (Allocation Failure) 422M->112M(1010M) 0.427ms
[228.786s][info][gc,cpu         ] GC(2071) User=0.00s Sys=0.00s Real=0.00s
[228.850s][info][gc,start       ] GC(2072) Pause Young (Allocation Failure)
[228.850s][info][gc,heap        ] GC(2072) PSYoungGen: 320672K(335360K)->192K(334336K) Eden: 320512K(320512K)->0K(320512K) From: 160K(14848K)->192K(13824K)
[228.850s][info][gc,heap        ] GC(2072) ParOldGen: 115525K(699392K)->115525K(699392K)
[228.850s][info][gc,metaspace   ] GC(2072) Metaspace: 36274K(36672K)->36274K(36672K) NonClass: 32105K(32320K)->32105K(32320K) Class: 4168K(4352K)->4168K(4352K)
[228.850s][info][gc             ] GC(2072) Pause Young (Allocation Failure) 425M->113M(1009M) 0.417ms
[228.850s][info][gc,cpu         ] GC(2072) User=0.00s Sys=0.00s Real=0.00s
[228.911s][info][gc,start       ] GC(2073) Pause Young (Allocation Failure)
[228.912s][info][gc,heap        ] GC(2073) PSYoungGen: 320704K(334336K)->160K(336896K) Eden: 320512K(320512K)->0K(324096K) From: 192K(13824K)->160K(12800K)
[228.912s][info][gc,heap        ] GC(2073) ParOldGen: 115525K(699392K)->115525K(699392K)
[228.912s][info][gc,metaspace   ] GC(2073) Metaspace: 36274K(36672K)->36274K(36672K) NonClass: 32105K(32320K)->32105K(32320K) Class: 4168K(4352K)->4168K(4352K)
[228.912s][info][gc             ] GC(2073) Pause Young (Allocation Failure) 426M->112M(1012M) 0.421ms
[228.912s][info][gc,cpu         ] GC(2073) User=0.00s Sys=0.00s Real=0.00s
[228.973s][info][gc,start       ] GC(2074) Pause Young (Allocation Failure)
[228.973s][info][gc,heap        ] GC(2074) PSYoungGen: 324256K(336896K)->192K(336384K) Eden: 324096K(324096K)->0K(324096K) From: 160K(12800K)->192K(12288K)
[228.973s][info][gc,heap        ] GC(2074) ParOldGen: 115525K(699392K)->115525K(699392K)
[228.973s][info][gc,metaspace   ] GC(2074) Metaspace: 36274K(36672K)->36274K(36672K) NonClass: 32105K(32320K)->32105K(32320K) Class: 4168K(4352K)->4168K(4352K)
[228.973s][info][gc             ] GC(2074) Pause Young (Allocation Failure) 429M->113M(1011M) 0.391ms
[228.973s][info][gc,cpu         ] GC(2074) User=0.00s Sys=0.00s Real=0.00s
[229.033s][info][gc,start       ] GC(2075) Pause Young (Allocation Failure)
[229.034s][info][gc,heap        ] GC(2075) PSYoungGen: 324288K(336384K)->160K(338432K) Eden: 324096K(324096K)->0K(327168K) From: 192K(12288K)->160K(11264K)
[229.034s][info][gc,heap        ] GC(2075) ParOldGen: 115525K(699392K)->115525K(699392K)
[229.034s][info][gc,metaspace   ] GC(2075) Metaspace: 36274K(36672K)->36274K(36672K) NonClass: 32105K(32320K)->32105K(32320K) Class: 4168K(4352K)->4168K(4352K)
[229.034s][info][gc             ] GC(2075) Pause Young (Allocation Failure) 429M->112M(1013M) 0.425ms
[229.034s][info][gc,cpu         ] GC(2075) User=0.00s Sys=0.00s Real=0.00s
[229.094s][info][gc,start       ] GC(2076) Pause Young (Allocation Failure)
[229.094s][info][gc,heap        ] GC(2076) PSYoungGen: 327328K(338432K)->192K(337920K) Eden: 327168K(327168K)->0K(327168K) From: 160K(11264K)->192K(10752K)
[229.094s][info][gc,heap        ] GC(2076) ParOldGen: 115525K(699392K)->115525K(699392K)
[229.094s][info][gc,metaspace   ] GC(2076) Metaspace: 36274K(36672K)->36274K(36672K) NonClass: 32105K(32320K)->32105K(32320K) Class: 4168K(4352K)->4168K(4352K)
[229.094s][info][gc             ] GC(2076) Pause Young (Allocation Failure) 432M->113M(1013M) 0.400ms
[229.094s][info][gc,cpu         ] GC(2076) User=0.00s Sys=0.00s Real=0.00s
[229.156s][info][gc,start       ] GC(2077) Pause Young (Allocation Failure)
[229.156s][info][gc,heap        ] GC(2077) PSYoungGen: 327360K(337920K)->160K(339968K) Eden: 327168K(327168K)->0K(330240K) From: 192K(10752K)->160K(9728K)
[229.156s][info][gc,heap        ] GC(2077) ParOldGen: 115525K(699392K)->115525K(699392K)
[229.156s][info][gc,metaspace   ] GC(2077) Metaspace: 36274K(36672K)->36274K(36672K) NonClass: 32105K(32320K)->32105K(32320K) Class: 4168K(4352K)->4168K(4352K)
[229.156s][info][gc             ] GC(2077) Pause Young (Allocation Failure) 432M->112M(1015M) 0.422ms
[229.156s][info][gc,cpu         ] GC(2077) User=0.09s Sys=0.00s Real=0.00s
[229.218s][info][gc,start       ] GC(2078) Pause Young (Allocation Failure)
[229.218s][info][gc,heap        ] GC(2078) PSYoungGen: 330400K(339968K)->192K(339456K) Eden: 330240K(330240K)->0K(330240K) From: 160K(9728K)->192K(9216K)
[229.218s][info][gc,heap        ] GC(2078) ParOldGen: 115525K(699392K)->115525K(699392K)
[229.218s][info][gc,metaspace   ] GC(2078) Metaspace: 36274K(36672K)->36274K(36672K) NonClass: 32105K(32320K)->32105K(32320K) Class: 4168K(4352K)->4168K(4352K)
[229.218s][info][gc             ] GC(2078) Pause Young (Allocation Failure) 435M->113M(1014M) 0.445ms
[229.218s][info][gc,cpu         ] GC(2078) User=0.00s Sys=0.00s Real=0.00s
[229.280s][info][gc,start       ] GC(2079) Pause Young (Allocation Failure)
[229.280s][info][gc,heap        ] GC(2079) PSYoungGen: 330432K(339456K)->160K(340992K) Eden: 330240K(330240K)->0K(332288K) From: 192K(9216K)->160K(8704K)
[229.280s][info][gc,heap        ] GC(2079) ParOldGen: 115525K(699392K)->115525K(699392K)
[229.280s][info][gc,metaspace   ] GC(2079) Metaspace: 36274K(36672K)->36274K(36672K) NonClass: 32105K(32320K)->32105K(32320K) Class: 4168K(4352K)->4168K(4352K)
[229.280s][info][gc             ] GC(2079) Pause Young (Allocation Failure) 435M->112M(1016M) 0.459ms
[229.280s][info][gc,cpu         ] GC(2079) User=0.00s Sys=0.00s Real=0.00s
[229.344s][info][gc,start       ] GC(2080) Pause Young (Allocation Failure)
[229.344s][info][gc,heap        ] GC(2080) PSYoungGen: 332448K(340992K)->160K(340480K) Eden: 332288K(332288K)->0K(332288K) From: 160K(8704K)->160K(8192K)
[229.344s][info][gc,heap        ] GC(2080) ParOldGen: 115525K(699392K)->115525K(699392K)
[229.344s][info][gc,metaspace   ] GC(2080) Metaspace: 36274K(36672K)->36274K(36672K) NonClass: 32105K(32320K)->32105K(32320K) Class: 4168K(4352K)->4168K(4352K)
[229.344s][info][gc             ] GC(2080) Pause Young (Allocation Failure) 437M->112M(1015M) 0.397ms
[229.344s][info][gc,cpu         ] GC(2080) User=0.00s Sys=0.00s Real=0.00s
[229.407s][info][gc,start       ] GC(2081) Pause Young (Allocation Failure)
[229.407s][info][gc,heap        ] GC(2081) PSYoungGen: 332448K(340480K)->192K(342528K) Eden: 332288K(332288K)->0K(335360K) From: 160K(8192K)->192K(7168K)
[229.407s][info][gc,heap        ] GC(2081) ParOldGen: 115525K(699392K)->115525K(699392K)
[229.407s][info][gc,metaspace   ] GC(2081) Metaspace: 36274K(36672K)->36274K(36672K) NonClass: 32105K(32320K)->32105K(32320K) Class: 4168K(4352K)->4168K(4352K)
[229.407s][info][gc             ] GC(2081) Pause Young (Allocation Failure) 437M->113M(1017M) 0.415ms
[229.407s][info][gc,cpu         ] GC(2081) User=0.00s Sys=0.00s Real=0.00s
[229.469s][info][gc,start       ] GC(2082) Pause Young (Allocation Failure)
[229.470s][info][gc,heap        ] GC(2082) PSYoungGen: 335552K(342528K)->160K(342016K) Eden: 335360K(335360K)->0K(335360K) From: 192K(7168K)->160K(6656K)
[229.470s][info][gc,heap        ] GC(2082) ParOldGen: 115525K(699392K)->115525K(699392K)
[229.470s][info][gc,metaspace   ] GC(2082) Metaspace: 36274K(36672K)->36274K(36672K) NonClass: 32105K(32320K)->32105K(32320K) Class: 4168K(4352K)->4168K(4352K)
[229.470s][info][gc             ] GC(2082) Pause Young (Allocation Failure) 440M->112M(1017M) 0.417ms
[229.470s][info][gc,cpu         ] GC(2082) User=0.00s Sys=0.00s Real=0.00s
[229.534s][info][gc,start       ] GC(2083) Pause Young (Allocation Failure)
[229.534s][info][gc,heap        ] GC(2083) PSYoungGen: 335520K(342016K)->192K(343040K) Eden: 335360K(335360K)->0K(336896K) From: 160K(6656K)->192K(6144K)
[229.534s][info][gc,heap        ] GC(2083) ParOldGen: 115525K(699392K)->115525K(699392K)
[229.534s][info][gc,metaspace   ] GC(2083) Metaspace: 36274K(36672K)->36274K(36672K) NonClass: 32105K(32320K)->32105K(32320K) Class: 4168K(4352K)->4168K(4352K)
[229.534s][info][gc             ] GC(2083) Pause Young (Allocation Failure) 440M->113M(1018M) 0.406ms
[229.534s][info][gc,cpu         ] GC(2083) User=0.00s Sys=0.00s Real=0.00s
[229.596s][info][gc,start       ] GC(2084) Pause Young (Allocation Failure)
[229.596s][info][gc,heap        ] GC(2084) PSYoungGen: 337088K(343040K)->160K(343040K) Eden: 336896K(336896K)->0K(336896K) From: 192K(6144K)->160K(6144K)
[229.596s][info][gc,heap        ] GC(2084) ParOldGen: 115525K(699392K)->115525K(699392K)
[229.596s][info][gc,metaspace   ] GC(2084) Metaspace: 36274K(36672K)->36274K(36672K) NonClass: 32105K(32320K)->32105K(32320K) Class: 4168K(4352K)->4168K(4352K)
[229.596s][info][gc             ] GC(2084) Pause Young (Allocation Failure) 442M->112M(1018M) 0.420ms
[229.596s][info][gc,cpu         ] GC(2084) User=0.00s Sys=0.00s Real=0.00s
[229.657s][info][gc,start       ] GC(2085) Pause Young (Allocation Failure)
[229.658s][info][gc,heap        ] GC(2085) PSYoungGen: 337056K(343040K)->192K(344064K) Eden: 336896K(336896K)->0K(338432K) From: 160K(6144K)->192K(5632K)
[229.658s][info][gc,heap        ] GC(2085) ParOldGen: 115525K(699392K)->115525K(699392K)
[229.658s][info][gc,metaspace   ] GC(2085) Metaspace: 36274K(36672K)->36274K(36672K) NonClass: 32105K(32320K)->32105K(32320K) Class: 4168K(4352K)->4168K(4352K)
[229.658s][info][gc             ] GC(2085) Pause Young (Allocation Failure) 441M->113M(1019M) 0.429ms
[229.658s][info][gc,cpu         ] GC(2085) User=0.00s Sys=0.00s Real=0.00s
[229.722s][info][gc,start       ] GC(2086) Pause Young (Allocation Failure)
[229.722s][info][gc,heap        ] GC(2086) PSYoungGen: 338624K(344064K)->160K(343552K) Eden: 338432K(338432K)->0K(338432K) From: 192K(5632K)->160K(5120K)
[229.722s][info][gc,heap        ] GC(2086) ParOldGen: 115525K(699392K)->115525K(699392K)
[229.722s][info][gc,metaspace   ] GC(2086) Metaspace: 36274K(36672K)->36274K(36672K) NonClass: 32105K(32320K)->32105K(32320K) Class: 4168K(4352K)->4168K(4352K)
[229.722s][info][gc             ] GC(2086) Pause Young (Allocation Failure) 443M->112M(1018M) 0.423ms
[229.722s][info][gc,cpu         ] GC(2086) User=0.00s Sys=0.00s Real=0.02s
[229.785s][info][gc,start       ] GC(2087) Pause Young (Allocation Failure)
[229.786s][info][gc,heap        ] GC(2087) PSYoungGen: 338592K(343552K)->192K(344576K) Eden: 338432K(338432K)->0K(339968K) From: 160K(5120K)->192K(4608K)
[229.786s][info][gc,heap        ] GC(2087) ParOldGen: 115525K(699392K)->115525K(699392K)
[229.786s][info][gc,metaspace   ] GC(2087) Metaspace: 36274K(36672K)->36274K(36672K) NonClass: 32105K(32320K)->32105K(32320K) Class: 4168K(4352K)->4168K(4352K)
[229.786s][info][gc             ] GC(2087) Pause Young (Allocation Failure) 443M->113M(1019M) 0.393ms
[229.786s][info][gc,cpu         ] GC(2087) User=0.00s Sys=0.00s Real=0.00s
[229.852s][info][gc,start       ] GC(2088) Pause Young (Allocation Failure)
[229.852s][info][gc,heap        ] GC(2088) PSYoungGen: 340160K(344576K)->192K(344576K) Eden: 339968K(339968K)->0K(339968K) From: 192K(4608K)->192K(4608K)
[229.852s][info][gc,heap        ] GC(2088) ParOldGen: 115525K(699392K)->115525K(699392K)
[229.852s][info][gc,metaspace   ] GC(2088) Metaspace: 36274K(36672K)->36274K(36672K) NonClass: 32105K(32320K)->32105K(32320K) Class: 4168K(4352K)->4168K(4352K)
[229.852s][info][gc             ] GC(2088) Pause Young (Allocation Failure) 445M->113M(1019M) 0.422ms
[229.852s][info][gc,cpu         ] GC(2088) User=0.00s Sys=0.00s Real=0.00s
[229.917s][info][gc,start       ] GC(2089) Pause Young (Allocation Failure)
[229.918s][info][gc,heap        ] GC(2089) PSYoungGen: 340160K(344576K)->192K(345600K) Eden: 339968K(339968K)->0K(341504K) From: 192K(4608K)->192K(4096K)
[229.918s][info][gc,heap        ] GC(2089) ParOldGen: 115525K(699392K)->115525K(699392K)
[229.918s][info][gc,metaspace   ] GC(2089) Metaspace: 36274K(36672K)->36274K(36672K) NonClass: 32105K(32320K)->32105K(32320K) Class: 4168K(4352K)->4168K(4352K)
[229.918s][info][gc             ] GC(2089) Pause Young (Allocation Failure) 445M->113M(1020M) 0.441ms
[229.918s][info][gc,cpu         ] GC(2089) User=0.00s Sys=0.00s Real=0.00s
[229.983s][info][gc,start       ] GC(2090) Pause Young (Allocation Failure)
[229.984s][info][gc,heap        ] GC(2090) PSYoungGen: 341696K(345600K)->160K(345088K) Eden: 341504K(341504K)->0K(341504K) From: 192K(4096K)->160K(3584K)
[229.984s][info][gc,heap        ] GC(2090) ParOldGen: 115525K(699392K)->115525K(699392K)
[229.984s][info][gc,metaspace   ] GC(2090) Metaspace: 36274K(36672K)->36274K(36672K) NonClass: 32105K(32320K)->32105K(32320K) Class: 4168K(4352K)->4168K(4352K)
[229.984s][info][gc             ] GC(2090) Pause Young (Allocation Failure) 446M->112M(1020M) 0.463ms
[229.984s][info][gc,cpu         ] GC(2090) User=0.00s Sys=0.00s Real=0.00s
[230.049s][info][gc,start       ] GC(2091) Pause Young (Allocation Failure)
[230.050s][info][gc,heap        ] GC(2091) PSYoungGen: 341664K(345088K)->192K(346112K) Eden: 341504K(341504K)->0K(342528K) From: 160K(3584K)->192K(3584K)
[230.050s][info][gc,heap        ] GC(2091) ParOldGen: 115525K(699392K)->115525K(699392K)
[230.050s][info][gc,metaspace   ] GC(2091) Metaspace: 36274K(36672K)->36274K(36672K) NonClass: 32105K(32320K)->32105K(32320K) Class: 4168K(4352K)->4168K(4352K)
[230.050s][info][gc             ] GC(2091) Pause Young (Allocation Failure) 446M->113M(1021M) 0.400ms
[230.050s][info][gc,cpu         ] GC(2091) User=0.00s Sys=0.00s Real=0.00s
[230.117s][info][gc,start       ] GC(2092) Pause Young (Allocation Failure)
[230.118s][info][gc,heap        ] GC(2092) PSYoungGen: 342720K(346112K)->192K(345600K) Eden: 342528K(342528K)->0K(342528K) From: 192K(3584K)->192K(3072K)
[230.118s][info][gc,heap        ] GC(2092) ParOldGen: 115525K(699392K)->115525K(699392K)
[230.118s][info][gc,metaspace   ] GC(2092) Metaspace: 36274K(36672K)->36274K(36672K) NonClass: 32105K(32320K)->32105K(32320K) Class: 4168K(4352K)->4168K(4352K)
[230.118s][info][gc             ] GC(2092) Pause Young (Allocation Failure) 447M->113M(1020M) 0.412ms
[230.118s][info][gc,cpu         ] GC(2092) User=0.00s Sys=0.00s Real=0.00s
[230.182s][info][gc,start       ] GC(2093) Pause Young (Allocation Failure)
[230.182s][info][gc,heap        ] GC(2093) PSYoungGen: 342720K(345600K)->192K(346112K) Eden: 342528K(342528K)->0K(343040K) From: 192K(3072K)->192K(3072K)
[230.182s][info][gc,heap        ] GC(2093) ParOldGen: 115525K(699392K)->115525K(699392K)
[230.182s][info][gc,metaspace   ] GC(2093) Metaspace: 36274K(36672K)->36274K(36672K) NonClass: 32105K(32320K)->32105K(32320K) Class: 4168K(4352K)->4168K(4352K)
[230.182s][info][gc             ] GC(2093) Pause Young (Allocation Failure) 447M->113M(1021M) 0.438ms
[230.182s][info][gc,cpu         ] GC(2093) User=0.00s Sys=0.00s Real=0.00s
[230.279s][info][gc,start       ] GC(2094) Pause Young (Allocation Failure)
[230.279s][info][gc,heap        ] GC(2094) PSYoungGen: 343232K(346112K)->192K(346112K) Eden: 343040K(343040K)->0K(343040K) From: 192K(3072K)->192K(3072K)
[230.279s][info][gc,heap        ] GC(2094) ParOldGen: 115525K(699392K)->115525K(699392K)
[230.279s][info][gc,metaspace   ] GC(2094) Metaspace: 36274K(36672K)->36274K(36672K) NonClass: 32105K(32320K)->32105K(32320K) Class: 4168K(4352K)->4168K(4352K)
[230.279s][info][gc             ] GC(2094) Pause Young (Allocation Failure) 448M->113M(1021M) 0.498ms
[230.279s][info][gc,cpu         ] GC(2094) User=0.00s Sys=0.00s Real=0.00s
[230.696s][info][gc,start       ] GC(2095) Pause Young (Allocation Failure)
[230.713s][info][gc,heap        ] GC(2095) PSYoungGen: 343232K(346112K)->2533K(316928K) Eden: 343040K(343040K)->0K(314368K) From: 192K(3072K)->2533K(2560K)
[230.713s][info][gc,heap        ] GC(2095) ParOldGen: 115525K(699392K)->154169K(699392K)
[230.713s][info][gc,metaspace   ] GC(2095) Metaspace: 36274K(36672K)->36274K(36672K) NonClass: 32105K(32320K)->32105K(32320K) Class: 4168K(4352K)->4168K(4352K)
[230.713s][info][gc             ] GC(2095) Pause Young (Allocation Failure) 448M->153M(992M) 16.556ms
[230.713s][info][gc,cpu         ] GC(2095) User=0.09s Sys=0.00s Real=0.03s
[230.993s][info][gc,start       ] GC(2096) Pause Young (Allocation Failure)
[231.003s][info][gc,heap        ] GC(2096) PSYoungGen: 315565K(316928K)->17389K(331776K) Eden: 313031K(314368K)->0K(314368K) From: 2533K(2560K)->17389K(17408K)
[231.003s][info][gc,heap        ] GC(2096) ParOldGen: 154169K(699392K)->169079K(699392K)
[231.003s][info][gc,metaspace   ] GC(2096) Metaspace: 36274K(36672K)->36274K(36672K) NonClass: 32105K(32320K)->32105K(32320K) Class: 4168K(4352K)->4168K(4352K)
[231.003s][info][gc             ] GC(2096) Pause Young (Allocation Failure) 458M->182M(1007M) 9.781ms
[231.003s][info][gc,cpu         ] GC(2096) User=0.09s Sys=0.00s Real=0.01s
[231.298s][info][gc,start       ] GC(2097) Pause Young (Allocation Failure)
[231.307s][info][gc,heap        ] GC(2097) PSYoungGen: 329489K(331776K)->16187K(310272K) Eden: 312100K(314368K)->0K(292864K) From: 17389K(17408K)->16187K(17408K)
[231.307s][info][gc,heap        ] GC(2097) ParOldGen: 169079K(699392K)->180100K(699392K)
[231.307s][info][gc,metaspace   ] GC(2097) Metaspace: 36274K(36672K)->36274K(36672K) NonClass: 32105K(32320K)->32105K(32320K) Class: 4168K(4352K)->4168K(4352K)
[231.307s][info][gc             ] GC(2097) Pause Young (Allocation Failure) 486M->191M(986M) 8.412ms
[231.307s][info][gc,cpu         ] GC(2097) User=0.00s Sys=0.00s Real=0.01s
[231.581s][info][gc,start       ] GC(2098) Pause Young (Allocation Failure)
[231.585s][info][gc,heap        ] GC(2098) PSYoungGen: 309051K(310272K)->9589K(321024K) Eden: 292864K(292864K)->0K(292864K) From: 16187K(17408K)->9589K(28160K)
[231.585s][info][gc,heap        ] GC(2098) ParOldGen: 180100K(699392K)->180814K(699392K)
[231.585s][info][gc,metaspace   ] GC(2098) Metaspace: 36274K(36672K)->36274K(36672K) NonClass: 32105K(32320K)->32105K(32320K) Class: 4168K(4352K)->4168K(4352K)
[231.585s][info][gc             ] GC(2098) Pause Young (Allocation Failure) 477M->185M(996M) 4.894ms
[231.585s][info][gc,cpu         ] GC(2098) User=0.00s Sys=0.00s Real=0.01s
[231.853s][info][gc,start       ] GC(2099) Pause Young (Allocation Failure)
[231.859s][info][gc,heap        ] GC(2099) PSYoungGen: 302453K(321024K)->14787K(321536K) Eden: 292864K(292864K)->0K(294912K) From: 9589K(28160K)->14787K(26624K)
[231.859s][info][gc,heap        ] GC(2099) ParOldGen: 180814K(699392K)->181206K(699392K)
[231.859s][info][gc,metaspace   ] GC(2099) Metaspace: 36274K(36672K)->36274K(36672K) NonClass: 32105K(32320K)->32105K(32320K) Class: 4168K(4352K)->4168K(4352K)
[231.859s][info][gc             ] GC(2099) Pause Young (Allocation Failure) 471M->191M(997M) 6.002ms
[231.859s][info][gc,cpu         ] GC(2099) User=0.00s Sys=0.00s Real=0.01s
[232.123s][info][gc,start       ] GC(2100) Pause Young (Allocation Failure)
[232.128s][info][gc,heap        ] GC(2100) PSYoungGen: 309699K(321536K)->9467K(322048K) Eden: 294912K(294912K)->0K(294912K) From: 14787K(26624K)->9467K(27136K)
[232.128s][info][gc,heap        ] GC(2100) ParOldGen: 181206K(699392K)->181545K(699392K)
[232.128s][info][gc,metaspace   ] GC(2100) Metaspace: 36274K(36672K)->36274K(36672K) NonClass: 32105K(32320K)->32105K(32320K) Class: 4168K(4352K)->4168K(4352K)
[232.128s][info][gc             ] GC(2100) Pause Young (Allocation Failure) 479M->186M(997M) 4.822ms
[232.128s][info][gc,cpu         ] GC(2100) User=0.09s Sys=0.00s Real=0.01s
[232.383s][info][gc,start       ] GC(2101) Pause Young (Allocation Failure)
[232.389s][info][gc,heap        ] GC(2101) PSYoungGen: 300704K(322048K)->20806K(318464K) Eden: 291236K(294912K)->0K(292864K) From: 9467K(27136K)->20806K(25600K)
[232.389s][info][gc,heap        ] GC(2101) ParOldGen: 181545K(699392K)->181929K(699392K)
[232.389s][info][gc,metaspace   ] GC(2101) Metaspace: 36274K(36672K)->36274K(36672K) NonClass: 32105K(32320K)->32105K(32320K) Class: 4168K(4352K)->4168K(4352K)
[232.389s][info][gc             ] GC(2101) Pause Young (Allocation Failure) 470M->197M(994M) 6.725ms
[232.389s][info][gc,cpu         ] GC(2101) User=0.00s Sys=0.00s Real=0.01s
[232.649s][info][gc,start       ] GC(2102) Pause Young (Allocation Failure)
[232.655s][info][gc,heap        ] GC(2102) PSYoungGen: 312591K(318464K)->20413K(313344K) Eden: 291785K(292864K)->0K(292864K) From: 20806K(25600K)->20413K(20480K)
[232.656s][info][gc,heap        ] GC(2102) ParOldGen: 181929K(699392K)->182729K(699392K)
[232.656s][info][gc,metaspace   ] GC(2102) Metaspace: 36274K(36672K)->36274K(36672K) NonClass: 32105K(32320K)->32105K(32320K) Class: 4168K(4352K)->4168K(4352K)
[232.656s][info][gc             ] GC(2102) Pause Young (Allocation Failure) 482M->198M(989M) 6.342ms
[232.656s][info][gc,cpu         ] GC(2102) User=0.00s Sys=0.00s Real=0.00s
[232.916s][info][gc,start       ] GC(2103) Pause Young (Allocation Failure)
[232.922s][info][gc,heap        ] GC(2103) PSYoungGen: 313277K(313344K)->14849K(319488K) Eden: 292864K(292864K)->0K(289280K) From: 20413K(20480K)->14849K(30208K)
[232.922s][info][gc,heap        ] GC(2103) ParOldGen: 182729K(699392K)->183067K(699392K)
[232.922s][info][gc,metaspace   ] GC(2103) Metaspace: 36274K(36672K)->36274K(36672K) NonClass: 32105K(32320K)->32105K(32320K) Class: 4168K(4352K)->4168K(4352K)
[232.922s][info][gc             ] GC(2103) Pause Young (Allocation Failure) 484M->193M(995M) 5.748ms
[232.922s][info][gc,cpu         ] GC(2103) User=0.09s Sys=0.00s Real=0.01s
[233.181s][info][gc,start       ] GC(2104) Pause Young (Allocation Failure)
[233.186s][info][gc,heap        ] GC(2104) PSYoungGen: 304129K(319488K)->10015K(318976K) Eden: 289280K(289280K)->0K(289280K) From: 14849K(30208K)->10015K(29696K)
[233.186s][info][gc,heap        ] GC(2104) ParOldGen: 183067K(699392K)->183418K(699392K)
[233.186s][info][gc,metaspace   ] GC(2104) Metaspace: 36274K(36672K)->36274K(36672K) NonClass: 32105K(32320K)->32105K(32320K) Class: 4168K(4352K)->4168K(4352K)
[233.186s][info][gc             ] GC(2104) Pause Young (Allocation Failure) 475M->188M(994M) 5.013ms
[233.186s][info][gc,cpu         ] GC(2104) User=0.00s Sys=0.00s Real=0.01s
[233.453s][info][gc,start       ] GC(2105) Pause Young (Allocation Failure)
[233.459s][info][gc,heap        ] GC(2105) PSYoungGen: 299295K(318976K)->12085K(322560K) Eden: 289280K(289280K)->0K(294400K) From: 10015K(29696K)->12085K(28160K)
[233.459s][info][gc,heap        ] GC(2105) ParOldGen: 183418K(699392K)->184228K(699392K)
[233.459s][info][gc,metaspace   ] GC(2105) Metaspace: 36274K(36672K)->36274K(36672K) NonClass: 32105K(32320K)->32105K(32320K) Class: 4168K(4352K)->4168K(4352K)
[233.459s][info][gc             ] GC(2105) Pause Young (Allocation Failure) 471M->191M(998M) 5.761ms
[233.459s][info][gc,cpu         ] GC(2105) User=0.00s Sys=0.00s Real=0.02s
[233.723s][info][gc,start       ] GC(2106) Pause Young (Allocation Failure)
[233.729s][info][gc,heap        ] GC(2106) PSYoungGen: 304669K(322560K)->15378K(321024K) Eden: 292584K(294400K)->0K(294400K) From: 12085K(28160K)->15378K(26624K)
[233.729s][info][gc,heap        ] GC(2106) ParOldGen: 184228K(699392K)->184623K(699392K)
[233.729s][info][gc,metaspace   ] GC(2106) Metaspace: 36274K(36672K)->36274K(36672K) NonClass: 32105K(32320K)->32105K(32320K) Class: 4168K(4352K)->4168K(4352K)
[233.729s][info][gc             ] GC(2106) Pause Young (Allocation Failure) 477M->195M(996M) 5.805ms
[233.729s][info][gc,cpu         ] GC(2106) User=0.00s Sys=0.00s Real=0.01s
[233.996s][info][gc,start       ] GC(2107) Pause Young (Allocation Failure)
[234.002s][info][gc,heap        ] GC(2107) PSYoungGen: 309686K(321024K)->11831K(324096K) Eden: 294307K(294400K)->0K(297472K) From: 15378K(26624K)->11831K(26624K)
[234.002s][info][gc,heap        ] GC(2107) ParOldGen: 184623K(699392K)->184966K(699392K)
[234.002s][info][gc,metaspace   ] GC(2107) Metaspace: 36274K(36672K)->36274K(36672K) NonClass: 32105K(32320K)->32105K(32320K) Class: 4168K(4352K)->4168K(4352K)
[234.002s][info][gc             ] GC(2107) Pause Young (Allocation Failure) 482M->192M(999M) 5.795ms
[234.002s][info][gc,cpu         ] GC(2107) User=0.08s Sys=0.00s Real=0.02s
[234.256s][info][gc,start       ] GC(2108) Pause Young (Allocation Failure)
[234.263s][info][gc,heap        ] GC(2108) PSYoungGen: 306752K(324096K)->20635K(318464K) Eden: 294920K(297472K)->0K(297472K) From: 11831K(26624K)->20635K(20992K)
[234.263s][info][gc,heap        ] GC(2108) ParOldGen: 184966K(699392K)->185370K(699392K)
[234.263s][info][gc,metaspace   ] GC(2108) Metaspace: 36274K(36672K)->36274K(36672K) NonClass: 32105K(32320K)->32105K(32320K) Class: 4168K(4352K)->4168K(4352K)
[234.263s][info][gc             ] GC(2108) Pause Young (Allocation Failure) 480M->201M(994M) 6.853ms
[234.263s][info][gc,cpu         ] GC(2108) User=0.00s Sys=0.00s Real=0.01s
[234.444s][info][gc,start       ] GC(2109) Pause Young (System.gc())
[234.449s][info][gc,heap        ] GC(2109) PSYoungGen: 202937K(318464K)->8374K(322560K) Eden: 182302K(297472K)->0K(295424K) From: 20635K(20992K)->8374K(27136K)
[234.449s][info][gc,heap        ] GC(2109) ParOldGen: 185370K(699392K)->187171K(699392K)
[234.449s][info][gc,metaspace   ] GC(2109) Metaspace: 36274K(36672K)->36274K(36672K) NonClass: 32105K(32320K)->32105K(32320K) Class: 4168K(4352K)->4168K(4352K)
[234.449s][info][gc             ] GC(2109) Pause Young (System.gc()) 379M->190M(998M) 5.006ms
[234.449s][info][gc,cpu         ] GC(2109) User=0.00s Sys=0.00s Real=0.02s
[234.449s][info][gc,start       ] GC(2110) Pause Full (System.gc())
[234.449s][info][gc,phases,start] GC(2110) Marking Phase
[234.465s][info][gc,phases      ] GC(2110) Marking Phase 16.096ms
[234.465s][info][gc,phases,start] GC(2110) Summary Phase
[234.465s][info][gc,phases      ] GC(2110) Summary Phase 0.012ms
[234.465s][info][gc,phases,start] GC(2110) Adjust Roots
[234.469s][info][gc,phases      ] GC(2110) Adjust Roots 3.901ms
[234.469s][info][gc,phases,start] GC(2110) Compaction Phase
[234.478s][info][gc,phases      ] GC(2110) Compaction Phase 8.869ms
[234.478s][info][gc,phases,start] GC(2110) Post Compact
[234.479s][info][gc,phases      ] GC(2110) Post Compact 0.845ms
[234.479s][info][gc,heap        ] GC(2110) PSYoungGen: 8374K(322560K)->0K(322560K) Eden: 0K(295424K)->0K(295424K) From: 8374K(27136K)->0K(27136K)
[234.479s][info][gc,heap        ] GC(2110) ParOldGen: 187171K(699392K)->112946K(699392K)
[234.479s][info][gc,metaspace   ] GC(2110) Metaspace: 36274K(36672K)->36274K(36672K) NonClass: 32105K(32320K)->32105K(32320K) Class: 4168K(4352K)->4168K(4352K)
[234.479s][info][gc             ] GC(2110) Pause Full (System.gc()) 190M->110M(998M) 30.031ms
[234.479s][info][gc,cpu         ] GC(2110) User=0.11s Sys=0.00s Real=0.03s
[234.527s][info][gc,start       ] GC(2111) Pause Young (Allocation Failure)
[234.528s][info][gc,heap        ] GC(2111) PSYoungGen: 295424K(322560K)->192K(322048K) Eden: 295424K(295424K)->0K(295424K) From: 0K(27136K)->192K(26624K)
[234.528s][info][gc,heap        ] GC(2111) ParOldGen: 112946K(699392K)->112946K(699392K)
[234.528s][info][gc,metaspace   ] GC(2111) Metaspace: 36275K(36672K)->36275K(36672K) NonClass: 32106K(32320K)->32106K(32320K) Class: 4168K(4352K)->4168K(4352K)
[234.528s][info][gc             ] GC(2111) Pause Young (Allocation Failure) 398M->110M(997M) 0.357ms
[234.528s][info][gc,cpu         ] GC(2111) User=0.00s Sys=0.00s Real=0.00s
[234.572s][info][gc,start       ] GC(2112) Pause Young (Allocation Failure)
[234.572s][info][gc,heap        ] GC(2112) PSYoungGen: 295616K(322048K)->160K(321024K) Eden: 295424K(295424K)->0K(293888K) From: 192K(26624K)->160K(27136K)
[234.572s][info][gc,heap        ] GC(2112) ParOldGen: 112946K(699392K)->112994K(699392K)
[234.572s][info][gc,metaspace   ] GC(2112) Metaspace: 36275K(36672K)->36275K(36672K) NonClass: 32106K(32320K)->32106K(32320K) Class: 4168K(4352K)->4168K(4352K)
[234.572s][info][gc             ] GC(2112) Pause Young (Allocation Failure) 398M->110M(996M) 0.480ms
[234.572s][info][gc,cpu         ] GC(2112) User=0.00s Sys=0.00s Real=0.00s
[234.618s][info][gc,start       ] GC(2113) Pause Young (Allocation Failure)
[234.618s][info][gc,heap        ] GC(2113) PSYoungGen: 294048K(321024K)->160K(321536K) Eden: 293888K(293888K)->0K(293888K) From: 160K(27136K)->160K(27648K)
[234.618s][info][gc,heap        ] GC(2113) ParOldGen: 112994K(699392K)->112994K(699392K)
[234.618s][info][gc,metaspace   ] GC(2113) Metaspace: 36275K(36672K)->36275K(36672K) NonClass: 32106K(32320K)->32106K(32320K) Class: 4168K(4352K)->4168K(4352K)
[234.618s][info][gc             ] GC(2113) Pause Young (Allocation Failure) 397M->110M(997M) 0.382ms
[234.618s][info][gc,cpu         ] GC(2113) User=0.00s Sys=0.00s Real=0.00s
[234.662s][info][gc,start       ] GC(2114) Pause Young (Allocation Failure)
[234.663s][info][gc,heap        ] GC(2114) PSYoungGen: 294048K(321536K)->160K(322048K) Eden: 293888K(293888K)->0K(294400K) From: 160K(27648K)->160K(27648K)
[234.663s][info][gc,heap        ] GC(2114) ParOldGen: 112994K(699392K)->112994K(699392K)
[234.663s][info][gc,metaspace   ] GC(2114) Metaspace: 36275K(36672K)->36275K(36672K) NonClass: 32106K(32320K)->32106K(32320K) Class: 4168K(4352K)->4168K(4352K)
[234.663s][info][gc             ] GC(2114) Pause Young (Allocation Failure) 397M->110M(997M) 0.419ms
[234.663s][info][gc,cpu         ] GC(2114) User=0.00s Sys=0.00s Real=0.00s
[234.707s][info][gc,start       ] GC(2115) Pause Young (Allocation Failure)
[234.707s][info][gc,heap        ] GC(2115) PSYoungGen: 294560K(322048K)->192K(321536K) Eden: 294400K(294400K)->0K(294400K) From: 160K(27648K)->192K(27136K)
[234.707s][info][gc,heap        ] GC(2115) ParOldGen: 112994K(699392K)->112994K(699392K)
[234.707s][info][gc,metaspace   ] GC(2115) Metaspace: 36275K(36672K)->36275K(36672K) NonClass: 32106K(32320K)->32106K(32320K) Class: 4168K(4352K)->4168K(4352K)
[234.707s][info][gc             ] GC(2115) Pause Young (Allocation Failure) 398M->110M(997M) 0.371ms
[234.707s][info][gc,cpu         ] GC(2115) User=0.00s Sys=0.00s Real=0.00s
[234.751s][info][gc,start       ] GC(2116) Pause Young (Allocation Failure)
[234.751s][info][gc,heap        ] GC(2116) PSYoungGen: 294592K(321536K)->160K(323072K) Eden: 294400K(294400K)->0K(296448K) From: 192K(27136K)->160K(26624K)
[234.751s][info][gc,heap        ] GC(2116) ParOldGen: 112994K(699392K)->112994K(699392K)
[234.751s][info][gc,metaspace   ] GC(2116) Metaspace: 36275K(36672K)->36275K(36672K) NonClass: 32106K(32320K)->32106K(32320K) Class: 4168K(4352K)->4168K(4352K)
[234.751s][info][gc             ] GC(2116) Pause Young (Allocation Failure) 398M->110M(998M) 0.364ms
[234.751s][info][gc,cpu         ] GC(2116) User=0.00s Sys=0.00s Real=0.00s
[234.796s][info][gc,start       ] GC(2117) Pause Young (Allocation Failure)
[234.796s][info][gc,heap        ] GC(2117) PSYoungGen: 296608K(323072K)->160K(322560K) Eden: 296448K(296448K)->0K(296448K) From: 160K(26624K)->160K(26112K)
[234.796s][info][gc,heap        ] GC(2117) ParOldGen: 112994K(699392K)->112994K(699392K)
[234.796s][info][gc,metaspace   ] GC(2117) Metaspace: 36275K(36672K)->36275K(36672K) NonClass: 32106K(32320K)->32106K(32320K) Class: 4168K(4352K)->4168K(4352K)
[234.796s][info][gc             ] GC(2117) Pause Young (Allocation Failure) 400M->110M(998M) 0.374ms
[234.796s][info][gc,cpu         ] GC(2117) User=0.00s Sys=0.00s Real=0.00s
[234.844s][info][gc,start       ] GC(2118) Pause Young (Allocation Failure)
[234.845s][info][gc,heap        ] GC(2118) PSYoungGen: 296608K(322560K)->160K(325120K) Eden: 296448K(296448K)->0K(300032K) From: 160K(26112K)->160K(25088K)
[234.845s][info][gc,heap        ] GC(2118) ParOldGen: 112994K(699392K)->112994K(699392K)
[234.845s][info][gc,metaspace   ] GC(2118) Metaspace: 36275K(36672K)->36275K(36672K) NonClass: 32106K(32320K)->32106K(32320K) Class: 4168K(4352K)->4168K(4352K)
[234.845s][info][gc             ] GC(2118) Pause Young (Allocation Failure) 400M->110M(1000M) 1.592ms
[234.845s][info][gc,cpu         ] GC(2118) User=0.00s Sys=0.00s Real=0.00s
[234.891s][info][gc,start       ] GC(2119) Pause Young (Allocation Failure)
[234.891s][info][gc,heap        ] GC(2119) PSYoungGen: 300192K(325120K)->160K(324096K) Eden: 300032K(300032K)->0K(300032K) From: 160K(25088K)->160K(24064K)
[234.891s][info][gc,heap        ] GC(2119) ParOldGen: 112994K(699392K)->112994K(699392K)
[234.891s][info][gc,metaspace   ] GC(2119) Metaspace: 36275K(36672K)->36275K(36672K) NonClass: 32106K(32320K)->32106K(32320K) Class: 4168K(4352K)->4168K(4352K)
[234.891s][info][gc             ] GC(2119) Pause Young (Allocation Failure) 403M->110M(999M) 0.350ms
[234.891s][info][gc,cpu         ] GC(2119) User=0.00s Sys=0.00s Real=0.00s
[234.938s][info][gc,start       ] GC(2120) Pause Young (Allocation Failure)
[234.938s][info][gc,heap        ] GC(2120) PSYoungGen: 300192K(324096K)->192K(327168K) Eden: 300032K(300032K)->0K(304128K) From: 160K(24064K)->192K(23040K)
[234.938s][info][gc,heap        ] GC(2120) ParOldGen: 112994K(699392K)->112994K(699392K)
[234.938s][info][gc,metaspace   ] GC(2120) Metaspace: 36275K(36672K)->36275K(36672K) NonClass: 32106K(32320K)->32106K(32320K) Class: 4168K(4352K)->4168K(4352K)
[234.938s][info][gc             ] GC(2120) Pause Young (Allocation Failure) 403M->110M(1002M) 0.472ms
[234.938s][info][gc,cpu         ] GC(2120) User=0.00s Sys=0.00s Real=0.00s
[234.985s][info][gc,start       ] GC(2121) Pause Young (Allocation Failure)
[234.985s][info][gc,heap        ] GC(2121) PSYoungGen: 304320K(327168K)->192K(326144K) Eden: 304128K(304128K)->0K(304128K) From: 192K(23040K)->192K(22016K)
[234.985s][info][gc,heap        ] GC(2121) ParOldGen: 112994K(699392K)->112994K(699392K)
[234.985s][info][gc,metaspace   ] GC(2121) Metaspace: 36275K(36672K)->36275K(36672K) NonClass: 32106K(32320K)->32106K(32320K) Class: 4168K(4352K)->4168K(4352K)
[234.985s][info][gc             ] GC(2121) Pause Young (Allocation Failure) 407M->110M(1001M) 0.361ms
[234.985s][info][gc,cpu         ] GC(2121) User=0.00s Sys=0.00s Real=0.00s
[235.032s][info][gc,start       ] GC(2122) Pause Young (Allocation Failure)
[235.033s][info][gc,heap        ] GC(2122) PSYoungGen: 304320K(326144K)->160K(329216K) Eden: 304128K(304128K)->0K(308224K) From: 192K(22016K)->160K(20992K)
[235.033s][info][gc,heap        ] GC(2122) ParOldGen: 112994K(699392K)->112994K(699392K)
[235.033s][info][gc,metaspace   ] GC(2122) Metaspace: 36275K(36672K)->36275K(36672K) NonClass: 32106K(32320K)->32106K(32320K) Class: 4168K(4352K)->4168K(4352K)
[235.033s][info][gc             ] GC(2122) Pause Young (Allocation Failure) 407M->110M(1004M) 0.358ms
[235.033s][info][gc,cpu         ] GC(2122) User=0.00s Sys=0.00s Real=0.00s
[235.080s][info][gc,start       ] GC(2123) Pause Young (Allocation Failure)
[235.080s][info][gc,heap        ] GC(2123) PSYoungGen: 308384K(329216K)->192K(328192K) Eden: 308224K(308224K)->0K(308224K) From: 160K(20992K)->192K(19968K)
[235.080s][info][gc,heap        ] GC(2123) ParOldGen: 112994K(699392K)->112994K(699392K)
[235.080s][info][gc,metaspace   ] GC(2123) Metaspace: 36275K(36672K)->36275K(36672K) NonClass: 32106K(32320K)->32106K(32320K) Class: 4168K(4352K)->4168K(4352K)
[235.080s][info][gc             ] GC(2123) Pause Young (Allocation Failure) 411M->110M(1003M) 0.342ms
[235.080s][info][gc,cpu         ] GC(2123) User=0.00s Sys=0.00s Real=0.00s
[235.127s][info][gc,start       ] GC(2124) Pause Young (Allocation Failure)
[235.128s][info][gc,heap        ] GC(2124) PSYoungGen: 308416K(328192K)->160K(331264K) Eden: 308224K(308224K)->0K(312320K) From: 192K(19968K)->160K(18944K)
[235.128s][info][gc,heap        ] GC(2124) ParOldGen: 112994K(699392K)->112994K(699392K)
[235.128s][info][gc,metaspace   ] GC(2124) Metaspace: 36275K(36672K)->36275K(36672K) NonClass: 32106K(32320K)->32106K(32320K) Class: 4168K(4352K)->4168K(4352K)
[235.128s][info][gc             ] GC(2124) Pause Young (Allocation Failure) 411M->110M(1006M) 0.413ms
[235.128s][info][gc,cpu         ] GC(2124) User=0.00s Sys=0.00s Real=0.00s
[235.183s][info][gc,start       ] GC(2125) Pause Young (Allocation Failure)
[235.183s][info][gc,heap        ] GC(2125) PSYoungGen: 312480K(331264K)->192K(330240K) Eden: 312320K(312320K)->0K(312320K) From: 160K(18944K)->192K(17920K)
[235.183s][info][gc,heap        ] GC(2125) ParOldGen: 112994K(699392K)->112994K(699392K)
[235.183s][info][gc,metaspace   ] GC(2125) Metaspace: 36275K(36672K)->36275K(36672K) NonClass: 32106K(32320K)->32106K(32320K) Class: 4168K(4352K)->4168K(4352K)
[235.183s][info][gc             ] GC(2125) Pause Young (Allocation Failure) 415M->110M(1005M) 0.469ms
[235.183s][info][gc,cpu         ] GC(2125) User=0.00s Sys=0.00s Real=0.00s
[235.243s][info][gc,start       ] GC(2126) Pause Young (Allocation Failure)
[235.243s][info][gc,heap        ] GC(2126) PSYoungGen: 312512K(330240K)->192K(333312K) Eden: 312320K(312320K)->0K(316416K) From: 192K(17920K)->192K(16896K)
[235.243s][info][gc,heap        ] GC(2126) ParOldGen: 112994K(699392K)->113042K(699392K)
[235.243s][info][gc,metaspace   ] GC(2126) Metaspace: 36275K(36672K)->36275K(36672K) NonClass: 32106K(32320K)->32106K(32320K) Class: 4168K(4352K)->4168K(4352K)
[235.243s][info][gc             ] GC(2126) Pause Young (Allocation Failure) 415M->110M(1008M) 0.414ms
[235.243s][info][gc,cpu         ] GC(2126) User=0.00s Sys=0.00s Real=0.00s
[235.306s][info][gc,start       ] GC(2127) Pause Young (Allocation Failure)
[235.307s][info][gc,heap        ] GC(2127) PSYoungGen: 316608K(333312K)->192K(332288K) Eden: 316416K(316416K)->0K(316416K) From: 192K(16896K)->192K(15872K)
[235.307s][info][gc,heap        ] GC(2127) ParOldGen: 113042K(699392K)->113042K(699392K)
[235.307s][info][gc,metaspace   ] GC(2127) Metaspace: 36275K(36672K)->36275K(36672K) NonClass: 32106K(32320K)->32106K(32320K) Class: 4168K(4352K)->4168K(4352K)
[235.307s][info][gc             ] GC(2127) Pause Young (Allocation Failure) 419M->110M(1007M) 0.523ms
[235.307s][info][gc,cpu         ] GC(2127) User=0.00s Sys=0.00s Real=0.00s
[235.370s][info][gc,start       ] GC(2128) Pause Young (Allocation Failure)
[235.370s][info][gc,heap        ] GC(2128) PSYoungGen: 316608K(332288K)->192K(334848K) Eden: 316416K(316416K)->0K(320000K) From: 192K(15872K)->192K(14848K)
[235.370s][info][gc,heap        ] GC(2128) ParOldGen: 113042K(699392K)->113042K(699392K)
[235.370s][info][gc,metaspace   ] GC(2128) Metaspace: 36275K(36672K)->36275K(36672K) NonClass: 32106K(32320K)->32106K(32320K) Class: 4168K(4352K)->4168K(4352K)
[235.370s][info][gc             ] GC(2128) Pause Young (Allocation Failure) 419M->110M(1010M) 0.428ms
[235.370s][info][gc,cpu         ] GC(2128) User=0.00s Sys=0.00s Real=0.00s
[235.433s][info][gc,start       ] GC(2129) Pause Young (Allocation Failure)
[235.433s][info][gc,heap        ] GC(2129) PSYoungGen: 320192K(334848K)->160K(334336K) Eden: 320000K(320000K)->0K(320000K) From: 192K(14848K)->160K(14336K)
[235.433s][info][gc,heap        ] GC(2129) ParOldGen: 113042K(699392K)->113042K(699392K)
[235.433s][info][gc,metaspace   ] GC(2129) Metaspace: 36275K(36672K)->36275K(36672K) NonClass: 32106K(32320K)->32106K(32320K) Class: 4168K(4352K)->4168K(4352K)
[235.433s][info][gc             ] GC(2129) Pause Young (Allocation Failure) 423M->110M(1009M) 0.453ms
[235.433s][info][gc,cpu         ] GC(2129) User=0.00s Sys=0.00s Real=0.00s
[235.495s][info][gc,start       ] GC(2130) Pause Young (Allocation Failure)
[235.496s][info][gc,heap        ] GC(2130) PSYoungGen: 320160K(334336K)->160K(336896K) Eden: 320000K(320000K)->0K(323584K) From: 160K(14336K)->160K(13312K)
[235.496s][info][gc,heap        ] GC(2130) ParOldGen: 113042K(699392K)->113042K(699392K)
[235.496s][info][gc,metaspace   ] GC(2130) Metaspace: 36275K(36672K)->36275K(36672K) NonClass: 32106K(32320K)->32106K(32320K) Class: 4168K(4352K)->4168K(4352K)
[235.496s][info][gc             ] GC(2130) Pause Young (Allocation Failure) 423M->110M(1012M) 0.440ms
[235.496s][info][gc,cpu         ] GC(2130) User=0.00s Sys=0.00s Real=0.00s
[235.556s][info][gc,start       ] GC(2131) Pause Young (Allocation Failure)
[235.556s][info][gc,heap        ] GC(2131) PSYoungGen: 323744K(336896K)->192K(335872K) Eden: 323584K(323584K)->0K(323584K) From: 160K(13312K)->192K(12288K)
[235.556s][info][gc,heap        ] GC(2131) ParOldGen: 113042K(699392K)->113042K(699392K)
[235.556s][info][gc,metaspace   ] GC(2131) Metaspace: 36275K(36672K)->36275K(36672K) NonClass: 32106K(32320K)->32106K(32320K) Class: 4168K(4352K)->4168K(4352K)
[235.556s][info][gc             ] GC(2131) Pause Young (Allocation Failure) 426M->110M(1011M) 0.429ms
[235.557s][info][gc,cpu         ] GC(2131) User=0.00s Sys=0.00s Real=0.01s
[235.618s][info][gc,start       ] GC(2132) Pause Young (Allocation Failure)
[235.618s][info][gc,heap        ] GC(2132) PSYoungGen: 323776K(335872K)->160K(338432K) Eden: 323584K(323584K)->0K(326656K) From: 192K(12288K)->160K(11776K)
[235.618s][info][gc,heap        ] GC(2132) ParOldGen: 113042K(699392K)->113042K(699392K)
[235.618s][info][gc,metaspace   ] GC(2132) Metaspace: 36275K(36672K)->36275K(36672K) NonClass: 32106K(32320K)->32106K(32320K) Class: 4168K(4352K)->4168K(4352K)
[235.618s][info][gc             ] GC(2132) Pause Young (Allocation Failure) 426M->110M(1013M) 0.404ms
[235.618s][info][gc,cpu         ] GC(2132) User=0.00s Sys=0.00s Real=0.00s
[235.680s][info][gc,start       ] GC(2133) Pause Young (Allocation Failure)
[235.681s][info][gc,heap        ] GC(2133) PSYoungGen: 326816K(338432K)->192K(337408K) Eden: 326656K(326656K)->0K(326656K) From: 160K(11776K)->192K(10752K)
[235.681s][info][gc,heap        ] GC(2133) ParOldGen: 113042K(699392K)->113042K(699392K)
[235.681s][info][gc,metaspace   ] GC(2133) Metaspace: 36275K(36672K)->36275K(36672K) NonClass: 32106K(32320K)->32106K(32320K) Class: 4168K(4352K)->4168K(4352K)
[235.681s][info][gc             ] GC(2133) Pause Young (Allocation Failure) 429M->110M(1012M) 0.449ms
[235.681s][info][gc,cpu         ] GC(2133) User=0.00s Sys=0.00s Real=0.00s
[235.743s][info][gc,start       ] GC(2134) Pause Young (Allocation Failure)
[235.743s][info][gc,heap        ] GC(2134) PSYoungGen: 326848K(337408K)->192K(339968K) Eden: 326656K(326656K)->0K(329728K) From: 192K(10752K)->192K(10240K)
[235.743s][info][gc,heap        ] GC(2134) ParOldGen: 113042K(699392K)->113042K(699392K)
[235.743s][info][gc,metaspace   ] GC(2134) Metaspace: 36275K(36672K)->36275K(36672K) NonClass: 32106K(32320K)->32106K(32320K) Class: 4168K(4352K)->4168K(4352K)
[235.743s][info][gc             ] GC(2134) Pause Young (Allocation Failure) 429M->110M(1015M) 0.449ms
[235.743s][info][gc,cpu         ] GC(2134) User=0.00s Sys=0.00s Real=0.00s
[235.806s][info][gc,start       ] GC(2135) Pause Young (Allocation Failure)
[235.807s][info][gc,heap        ] GC(2135) PSYoungGen: 329920K(339968K)->192K(338944K) Eden: 329728K(329728K)->0K(329728K) From: 192K(10240K)->192K(9216K)
[235.807s][info][gc,heap        ] GC(2135) ParOldGen: 113042K(699392K)->113042K(699392K)
[235.807s][info][gc,metaspace   ] GC(2135) Metaspace: 36275K(36672K)->36275K(36672K) NonClass: 32106K(32320K)->32106K(32320K) Class: 4168K(4352K)->4168K(4352K)
[235.807s][info][gc             ] GC(2135) Pause Young (Allocation Failure) 432M->110M(1014M) 0.419ms
[235.807s][info][gc,cpu         ] GC(2135) User=0.00s Sys=0.00s Real=0.00s
[235.871s][info][gc,start       ] GC(2136) Pause Young (Allocation Failure)
[235.872s][info][gc,heap        ] GC(2136) PSYoungGen: 329920K(338944K)->160K(340992K) Eden: 329728K(329728K)->0K(332288K) From: 192K(9216K)->160K(8704K)
[235.872s][info][gc,heap        ] GC(2136) ParOldGen: 113042K(699392K)->113042K(699392K)
[235.872s][info][gc,metaspace   ] GC(2136) Metaspace: 36275K(36672K)->36275K(36672K) NonClass: 32106K(32320K)->32106K(32320K) Class: 4168K(4352K)->4168K(4352K)
[235.872s][info][gc             ] GC(2136) Pause Young (Allocation Failure) 432M->110M(1016M) 0.618ms
[235.872s][info][gc,cpu         ] GC(2136) User=0.00s Sys=0.00s Real=0.00s
[235.933s][info][gc,start       ] GC(2137) Pause Young (Allocation Failure)
[235.934s][info][gc,heap        ] GC(2137) PSYoungGen: 332448K(340992K)->160K(340480K) Eden: 332288K(332288K)->0K(332288K) From: 160K(8704K)->160K(8192K)
[235.934s][info][gc,heap        ] GC(2137) ParOldGen: 113042K(699392K)->113042K(699392K)
[235.934s][info][gc,metaspace   ] GC(2137) Metaspace: 36275K(36672K)->36275K(36672K) NonClass: 32106K(32320K)->32106K(32320K) Class: 4168K(4352K)->4168K(4352K)
[235.934s][info][gc             ] GC(2137) Pause Young (Allocation Failure) 435M->110M(1015M) 0.435ms
[235.934s][info][gc,cpu         ] GC(2137) User=0.00s Sys=0.00s Real=0.00s
[235.997s][info][gc,start       ] GC(2138) Pause Young (Allocation Failure)
[235.997s][info][gc,heap        ] GC(2138) PSYoungGen: 332448K(340480K)->160K(342016K) Eden: 332288K(332288K)->0K(334336K) From: 160K(8192K)->160K(7680K)
[235.997s][info][gc,heap        ] GC(2138) ParOldGen: 113042K(699392K)->113042K(699392K)
[235.997s][info][gc,metaspace   ] GC(2138) Metaspace: 36275K(36672K)->36275K(36672K) NonClass: 32106K(32320K)->32106K(32320K) Class: 4168K(4352K)->4168K(4352K)
[235.997s][info][gc             ] GC(2138) Pause Young (Allocation Failure) 435M->110M(1017M) 0.442ms
[235.997s][info][gc,cpu         ] GC(2138) User=0.00s Sys=0.00s Real=0.00s
[236.062s][info][gc,start       ] GC(2139) Pause Young (Allocation Failure)
[236.063s][info][gc,heap        ] GC(2139) PSYoungGen: 334496K(342016K)->192K(341504K) Eden: 334336K(334336K)->0K(334336K) From: 160K(7680K)->192K(7168K)
[236.063s][info][gc,heap        ] GC(2139) ParOldGen: 113042K(699392K)->113042K(699392K)
[236.063s][info][gc,metaspace   ] GC(2139) Metaspace: 36275K(36672K)->36275K(36672K) NonClass: 32106K(32320K)->32106K(32320K) Class: 4168K(4352K)->4168K(4352K)
[236.063s][info][gc             ] GC(2139) Pause Young (Allocation Failure) 437M->110M(1016M) 0.422ms
[236.063s][info][gc,cpu         ] GC(2139) User=0.02s Sys=0.00s Real=0.00s
[236.126s][info][gc,start       ] GC(2140) Pause Young (Allocation Failure)
[236.126s][info][gc,heap        ] GC(2140) PSYoungGen: 334528K(341504K)->160K(343040K) Eden: 334336K(334336K)->0K(336384K) From: 192K(7168K)->160K(6656K)
[236.127s][info][gc,heap        ] GC(2140) ParOldGen: 113042K(699392K)->113042K(699392K)
[236.127s][info][gc,metaspace   ] GC(2140) Metaspace: 36275K(36672K)->36275K(36672K) NonClass: 32106K(32320K)->32106K(32320K) Class: 4168K(4352K)->4168K(4352K)
[236.127s][info][gc             ] GC(2140) Pause Young (Allocation Failure) 437M->110M(1018M) 0.415ms
[236.127s][info][gc,cpu         ] GC(2140) User=0.00s Sys=0.00s Real=0.00s
[236.190s][info][gc,start       ] GC(2141) Pause Young (Allocation Failure)
[236.191s][info][gc,heap        ] GC(2141) PSYoungGen: 336544K(343040K)->160K(342528K) Eden: 336384K(336384K)->0K(336384K) From: 160K(6656K)->160K(6144K)
[236.191s][info][gc,heap        ] GC(2141) ParOldGen: 113042K(699392K)->113042K(699392K)
[236.191s][info][gc,metaspace   ] GC(2141) Metaspace: 36275K(36672K)->36275K(36672K) NonClass: 32106K(32320K)->32106K(32320K) Class: 4168K(4352K)->4168K(4352K)
[236.191s][info][gc             ] GC(2141) Pause Young (Allocation Failure) 439M->110M(1017M) 0.715ms
[236.191s][info][gc,cpu         ] GC(2141) User=0.00s Sys=0.00s Real=0.00s
[236.255s][info][gc,start       ] GC(2142) Pause Young (Allocation Failure)
[236.255s][info][gc,heap        ] GC(2142) PSYoungGen: 336544K(342528K)->192K(344064K) Eden: 336384K(336384K)->0K(338432K) From: 160K(6144K)->192K(5632K)
[236.255s][info][gc,heap        ] GC(2142) ParOldGen: 113042K(699392K)->113042K(699392K)
[236.255s][info][gc,metaspace   ] GC(2142) Metaspace: 36275K(36672K)->36275K(36672K) NonClass: 32106K(32320K)->32106K(32320K) Class: 4168K(4352K)->4168K(4352K)
[236.255s][info][gc             ] GC(2142) Pause Young (Allocation Failure) 439M->110M(1019M) 0.469ms
[236.255s][info][gc,cpu         ] GC(2142) User=0.00s Sys=0.00s Real=0.01s
[236.320s][info][gc,start       ] GC(2143) Pause Young (Allocation Failure)
[236.321s][info][gc,heap        ] GC(2143) PSYoungGen: 338624K(344064K)->160K(343552K) Eden: 338432K(338432K)->0K(338432K) From: 192K(5632K)->160K(5120K)
[236.321s][info][gc,heap        ] GC(2143) ParOldGen: 113042K(699392K)->113042K(699392K)
[236.321s][info][gc,metaspace   ] GC(2143) Metaspace: 36275K(36672K)->36275K(36672K) NonClass: 32106K(32320K)->32106K(32320K) Class: 4168K(4352K)->4168K(4352K)
[236.321s][info][gc             ] GC(2143) Pause Young (Allocation Failure) 441M->110M(1018M) 0.429ms
[236.321s][info][gc,cpu         ] GC(2143) User=0.00s Sys=0.00s Real=0.00s
[236.385s][info][gc,start       ] GC(2144) Pause Young (Allocation Failure)
[236.385s][info][gc,heap        ] GC(2144) PSYoungGen: 338592K(343552K)->160K(344576K) Eden: 338432K(338432K)->0K(339456K) From: 160K(5120K)->160K(5120K)
[236.385s][info][gc,heap        ] GC(2144) ParOldGen: 113042K(699392K)->113042K(699392K)
[236.385s][info][gc,metaspace   ] GC(2144) Metaspace: 36275K(36672K)->36275K(36672K) NonClass: 32106K(32320K)->32106K(32320K) Class: 4168K(4352K)->4168K(4352K)
[236.385s][info][gc             ] GC(2144) Pause Young (Allocation Failure) 441M->110M(1019M) 0.413ms
[236.385s][info][gc,cpu         ] GC(2144) User=0.00s Sys=0.00s Real=0.00s
[236.450s][info][gc,start       ] GC(2145) Pause Young (Allocation Failure)
[236.451s][info][gc,heap        ] GC(2145) PSYoungGen: 339616K(344576K)->160K(344064K) Eden: 339456K(339456K)->0K(339456K) From: 160K(5120K)->160K(4608K)
[236.451s][info][gc,heap        ] GC(2145) ParOldGen: 113042K(699392K)->113042K(699392K)
[236.451s][info][gc,metaspace   ] GC(2145) Metaspace: 36275K(36672K)->36275K(36672K) NonClass: 32106K(32320K)->32106K(32320K) Class: 4168K(4352K)->4168K(4352K)
[236.451s][info][gc             ] GC(2145) Pause Young (Allocation Failure) 442M->110M(1019M) 0.432ms
[236.451s][info][gc,cpu         ] GC(2145) User=0.00s Sys=0.00s Real=0.00s
[236.514s][info][gc,start       ] GC(2146) Pause Young (Allocation Failure)
[236.515s][info][gc,heap        ] GC(2146) PSYoungGen: 339616K(344064K)->192K(345088K) Eden: 339456K(339456K)->0K(340992K) From: 160K(4608K)->192K(4096K)
[236.515s][info][gc,heap        ] GC(2146) ParOldGen: 113042K(699392K)->113042K(699392K)
[236.515s][info][gc,metaspace   ] GC(2146) Metaspace: 36275K(36672K)->36275K(36672K) NonClass: 32106K(32320K)->32106K(32320K) Class: 4168K(4352K)->4168K(4352K)
[236.515s][info][gc             ] GC(2146) Pause Young (Allocation Failure) 442M->110M(1020M) 0.409ms
[236.515s][info][gc,cpu         ] GC(2146) User=0.00s Sys=0.00s Real=0.00s
[236.580s][info][gc,start       ] GC(2147) Pause Young (Allocation Failure)
[236.581s][info][gc,heap        ] GC(2147) PSYoungGen: 341184K(345088K)->192K(345088K) Eden: 340992K(340992K)->0K(340992K) From: 192K(4096K)->192K(4096K)
[236.581s][info][gc,heap        ] GC(2147) ParOldGen: 113042K(699392K)->113042K(699392K)
[236.581s][info][gc,metaspace   ] GC(2147) Metaspace: 36275K(36672K)->36275K(36672K) NonClass: 32106K(32320K)->32106K(32320K) Class: 4168K(4352K)->4168K(4352K)
[236.581s][info][gc             ] GC(2147) Pause Young (Allocation Failure) 443M->110M(1020M) 0.457ms
[236.581s][info][gc,cpu         ] GC(2147) User=0.00s Sys=0.00s Real=0.00s
[236.647s][info][gc,start       ] GC(2148) Pause Young (Allocation Failure)
[236.647s][info][gc,heap        ] GC(2148) PSYoungGen: 341184K(345088K)->160K(345600K) Eden: 340992K(340992K)->0K(342016K) From: 192K(4096K)->160K(3584K)
[236.648s][info][gc,heap        ] GC(2148) ParOldGen: 113042K(699392K)->113042K(699392K)
[236.648s][info][gc,metaspace   ] GC(2148) Metaspace: 36275K(36672K)->36275K(36672K) NonClass: 32106K(32320K)->32106K(32320K) Class: 4168K(4352K)->4168K(4352K)
[236.648s][info][gc             ] GC(2148) Pause Young (Allocation Failure) 443M->110M(1020M) 0.427ms
[236.648s][info][gc,cpu         ] GC(2148) User=0.00s Sys=0.00s Real=0.00s
[236.712s][info][gc,start       ] GC(2149) Pause Young (Allocation Failure)
[236.712s][info][gc,heap        ] GC(2149) PSYoungGen: 342176K(345600K)->160K(345600K) Eden: 342016K(342016K)->0K(342016K) From: 160K(3584K)->160K(3584K)
[236.712s][info][gc,heap        ] GC(2149) ParOldGen: 113042K(699392K)->113042K(699392K)
[236.712s][info][gc,metaspace   ] GC(2149) Metaspace: 36275K(36672K)->36275K(36672K) NonClass: 32106K(32320K)->32106K(32320K) Class: 4168K(4352K)->4168K(4352K)
[236.712s][info][gc             ] GC(2149) Pause Young (Allocation Failure) 444M->110M(1020M) 0.457ms
[236.712s][info][gc,cpu         ] GC(2149) User=0.00s Sys=0.00s Real=0.00s
[236.779s][info][gc,start       ] GC(2150) Pause Young (Allocation Failure)
[236.779s][info][gc,heap        ] GC(2150) PSYoungGen: 342176K(345600K)->192K(346112K) Eden: 342016K(342016K)->0K(343040K) From: 160K(3584K)->192K(3072K)
[236.779s][info][gc,heap        ] GC(2150) ParOldGen: 113042K(699392K)->113042K(699392K)
[236.779s][info][gc,metaspace   ] GC(2150) Metaspace: 36275K(36672K)->36275K(36672K) NonClass: 32106K(32320K)->32106K(32320K) Class: 4168K(4352K)->4168K(4352K)
[236.779s][info][gc             ] GC(2150) Pause Young (Allocation Failure) 444M->110M(1021M) 0.451ms
[236.779s][info][gc,cpu         ] GC(2150) User=0.00s Sys=0.00s Real=0.00s
[236.848s][info][gc,start       ] GC(2151) Pause Young (Allocation Failure)
[236.849s][info][gc,heap        ] GC(2151) PSYoungGen: 343232K(346112K)->192K(346112K) Eden: 343040K(343040K)->0K(343040K) From: 192K(3072K)->192K(3072K)
[236.849s][info][gc,heap        ] GC(2151) ParOldGen: 113042K(699392K)->113042K(699392K)
[236.849s][info][gc,metaspace   ] GC(2151) Metaspace: 36275K(36672K)->36275K(36672K) NonClass: 32106K(32320K)->32106K(32320K) Class: 4168K(4352K)->4168K(4352K)
[236.849s][info][gc             ] GC(2151) Pause Young (Allocation Failure) 445M->110M(1021M) 0.450ms
[236.849s][info][gc,cpu         ] GC(2151) User=0.00s Sys=0.00s Real=0.00s
[236.926s][info][gc,start       ] GC(2152) Pause Young (Allocation Failure)
[236.926s][info][gc,heap        ] GC(2152) PSYoungGen: 343232K(346112K)->192K(346624K) Eden: 343040K(343040K)->0K(344064K) From: 192K(3072K)->192K(2560K)
[236.926s][info][gc,heap        ] GC(2152) ParOldGen: 113042K(699392K)->113042K(699392K)
[236.926s][info][gc,metaspace   ] GC(2152) Metaspace: 36275K(36672K)->36275K(36672K) NonClass: 32106K(32320K)->32106K(32320K) Class: 4168K(4352K)->4168K(4352K)
[236.926s][info][gc             ] GC(2152) Pause Young (Allocation Failure) 445M->110M(1021M) 0.327ms
[236.926s][info][gc,cpu         ] GC(2152) User=0.00s Sys=0.00s Real=0.00s
[237.205s][info][gc,start       ] GC(2153) Pause Young (Allocation Failure)
[237.213s][info][gc,heap        ] GC(2153) PSYoungGen: 342926K(346624K)->2547K(346624K) Eden: 342734K(344064K)->0K(344064K) From: 192K(2560K)->2547K(2560K)
[237.213s][info][gc,heap        ] GC(2153) ParOldGen: 113042K(699392K)->135586K(699392K)
[237.213s][info][gc,metaspace   ] GC(2153) Metaspace: 36275K(36672K)->36275K(36672K) NonClass: 32106K(32320K)->32106K(32320K) Class: 4168K(4352K)->4168K(4352K)
[237.213s][info][gc             ] GC(2153) Pause Young (Allocation Failure) 445M->134M(1021M) 8.329ms
[237.213s][info][gc,cpu         ] GC(2153) User=0.00s Sys=0.00s Real=0.01s
[237.522s][info][gc,start       ] GC(2154) Pause Young (Allocation Failure)
[237.539s][info][gc,heap        ] GC(2154) PSYoungGen: 346196K(346624K)->2558K(294400K) Eden: 343649K(344064K)->0K(291840K) From: 2547K(2560K)->2558K(2560K)
[237.539s][info][gc,heap        ] GC(2154) ParOldGen: 135586K(699392K)->185013K(699392K)
[237.539s][info][gc,metaspace   ] GC(2154) Metaspace: 36275K(36672K)->36275K(36672K) NonClass: 32106K(32320K)->32106K(32320K) Class: 4168K(4352K)->4168K(4352K)
[237.539s][info][gc             ] GC(2154) Pause Young (Allocation Failure) 470M->183M(970M) 16.807ms
[237.539s][info][gc,cpu         ] GC(2154) User=0.09s Sys=0.00s Real=0.02s
[237.796s][info][gc,start       ] GC(2155) Pause Young (Allocation Failure)
[237.806s][info][gc,heap        ] GC(2155) PSYoungGen: 290029K(294400K)->28121K(320000K) Eden: 287471K(291840K)->0K(291840K) From: 2558K(2560K)->28121K(28160K)
[237.806s][info][gc,heap        ] GC(2155) ParOldGen: 185013K(699392K)->186859K(699392K)
[237.806s][info][gc,metaspace   ] GC(2155) Metaspace: 36275K(36672K)->36275K(36672K) NonClass: 32106K(32320K)->32106K(32320K) Class: 4168K(4352K)->4168K(4352K)
[237.806s][info][gc             ] GC(2155) Pause Young (Allocation Failure) 463M->209M(995M) 9.514ms
[237.806s][info][gc,cpu         ] GC(2155) User=0.09s Sys=0.00s Real=0.01s
[238.061s][info][gc,start       ] GC(2156) Pause Young (Allocation Failure)
[238.070s][info][gc,heap        ] GC(2156) PSYoungGen: 315744K(320000K)->16614K(309760K) Eden: 287623K(291840K)->0K(280576K) From: 28121K(28160K)->16614K(29184K)
[238.070s][info][gc,heap        ] GC(2156) ParOldGen: 186859K(699392K)->200700K(699392K)
[238.070s][info][gc,metaspace   ] GC(2156) Metaspace: 36275K(36672K)->36275K(36672K) NonClass: 32106K(32320K)->32106K(32320K) Class: 4168K(4352K)->4168K(4352K)
[238.070s][info][gc             ] GC(2156) Pause Young (Allocation Failure) 490M->212M(985M) 8.723ms
[238.070s][info][gc,cpu         ] GC(2156) User=0.09s Sys=0.00s Real=0.01s
[238.303s][info][gc,start       ] GC(2157) Pause Young (Allocation Failure)
[238.311s][info][gc,heap        ] GC(2157) PSYoungGen: 293386K(309760K)->21003K(302080K) Eden: 276772K(280576K)->0K(280576K) From: 16614K(29184K)->21003K(21504K)
[238.311s][info][gc,heap        ] GC(2157) ParOldGen: 200700K(699392K)->205152K(699392K)
[238.311s][info][gc,metaspace   ] GC(2157) Metaspace: 36275K(36672K)->36275K(36672K) NonClass: 32106K(32320K)->32106K(32320K) Class: 4168K(4352K)->4168K(4352K)
[238.311s][info][gc             ] GC(2157) Pause Young (Allocation Failure) 482M->220M(978M) 7.796ms
[238.311s][info][gc,cpu         ] GC(2157) User=0.00s Sys=0.00s Real=0.01s
[238.552s][info][gc,start       ] GC(2158) Pause Young (Allocation Failure)
[238.558s][info][gc,heap        ] GC(2158) PSYoungGen: 300017K(302080K)->12441K(315392K) Eden: 279013K(280576K)->0K(279552K) From: 21003K(21504K)->12441K(35840K)
[238.558s][info][gc,heap        ] GC(2158) ParOldGen: 205152K(699392K)->208518K(699392K)
[238.558s][info][gc,metaspace   ] GC(2158) Metaspace: 36275K(36672K)->36275K(36672K) NonClass: 32106K(32320K)->32106K(32320K) Class: 4168K(4352K)->4168K(4352K)
[238.558s][info][gc             ] GC(2158) Pause Young (Allocation Failure) 493M->215M(991M) 6.093ms
[238.558s][info][gc,cpu         ] GC(2158) User=0.00s Sys=0.00s Real=0.01s
[238.800s][info][gc,start       ] GC(2159) Pause Young (Allocation Failure)
[238.807s][info][gc,heap        ] GC(2159) PSYoungGen: 290312K(315392K)->13693K(313344K) Eden: 277870K(279552K)->0K(279552K) From: 12441K(35840K)->13693K(33792K)
[238.807s][info][gc,heap        ] GC(2159) ParOldGen: 208518K(699392K)->211623K(699392K)
[238.807s][info][gc,metaspace   ] GC(2159) Metaspace: 36275K(36672K)->36275K(36672K) NonClass: 32106K(32320K)->32106K(32320K) Class: 4168K(4352K)->4168K(4352K)
[238.807s][info][gc             ] GC(2159) Pause Young (Allocation Failure) 487M->220M(989M) 6.954ms
[238.807s][info][gc,cpu         ] GC(2159) User=0.00s Sys=0.00s Real=0.01s
[239.042s][info][gc,start       ] GC(2160) Pause Young (Allocation Failure)
[239.048s][info][gc,heap        ] GC(2160) PSYoungGen: 293245K(313344K)->15303K(317440K) Eden: 279552K(279552K)->0K(285184K) From: 13693K(33792K)->15303K(32256K)
[239.048s][info][gc,heap        ] GC(2160) ParOldGen: 211623K(699392K)->213065K(699392K)
[239.048s][info][gc,metaspace   ] GC(2160) Metaspace: 36275K(36672K)->36275K(36672K) NonClass: 32106K(32320K)->32106K(32320K) Class: 4168K(4352K)->4168K(4352K)
[239.048s][info][gc             ] GC(2160) Pause Young (Allocation Failure) 493M->223M(993M) 6.739ms
[239.048s][info][gc,cpu         ] GC(2160) User=0.09s Sys=0.00s Real=0.01s
[239.285s][info][gc,start       ] GC(2161) Pause Young (Allocation Failure)
[239.292s][info][gc,heap        ] GC(2161) PSYoungGen: 299359K(317440K)->13478K(316928K) Eden: 284056K(285184K)->0K(285184K) From: 15303K(32256K)->13478K(31744K)
[239.292s][info][gc,heap        ] GC(2161) ParOldGen: 213065K(699392K)->215917K(699392K)
[239.292s][info][gc,metaspace   ] GC(2161) Metaspace: 36275K(36672K)->36275K(36672K) NonClass: 32106K(32320K)->32106K(32320K) Class: 4168K(4352K)->4168K(4352K)
[239.292s][info][gc             ] GC(2161) Pause Young (Allocation Failure) 500M->224M(992M) 6.692ms
[239.292s][info][gc,cpu         ] GC(2161) User=0.00s Sys=0.00s Real=0.01s
[239.531s][info][gc,start       ] GC(2162) Pause Young (Allocation Failure)
[239.537s][info][gc,heap        ] GC(2162) PSYoungGen: 298662K(316928K)->13977K(320000K) Eden: 285184K(285184K)->0K(289792K) From: 13478K(31744K)->13977K(30208K)
[239.537s][info][gc,heap        ] GC(2162) ParOldGen: 215917K(699392K)->217964K(699392K)
[239.537s][info][gc,metaspace   ] GC(2162) Metaspace: 36275K(36672K)->36275K(36672K) NonClass: 32106K(32320K)->32106K(32320K) Class: 4168K(4352K)->4168K(4352K)
[239.537s][info][gc             ] GC(2162) Pause Young (Allocation Failure) 502M->226M(995M) 6.020ms
[239.537s][info][gc,cpu         ] GC(2162) User=0.00s Sys=0.00s Real=0.01s
[239.793s][info][gc,start       ] GC(2163) Pause Young (Allocation Failure)
[239.800s][info][gc,heap        ] GC(2163) PSYoungGen: 303407K(320000K)->16467K(318976K) Eden: 289429K(289792K)->0K(289792K) From: 13977K(30208K)->16467K(29184K)
[239.800s][info][gc,heap        ] GC(2163) ParOldGen: 217964K(699392K)->219330K(699392K)
[239.800s][info][gc,metaspace   ] GC(2163) Metaspace: 36275K(36672K)->36275K(36672K) NonClass: 32106K(32320K)->32106K(32320K) Class: 4168K(4352K)->4168K(4352K)
[239.800s][info][gc             ] GC(2163) Pause Young (Allocation Failure) 509M->230M(994M) 6.770ms
[239.800s][info][gc,cpu         ] GC(2163) User=0.09s Sys=0.00s Real=0.01s
[240.021s][info][gc,start       ] GC(2164) Pause Young (System.gc())
[240.026s][info][gc,heap        ] GC(2164) PSYoungGen: 284163K(318976K)->9999K(321536K) Eden: 267696K(289792K)->0K(292352K) From: 16467K(29184K)->9999K(29184K)
[240.027s][info][gc,heap        ] GC(2164) ParOldGen: 219330K(699392K)->222734K(699392K)
[240.027s][info][gc,metaspace   ] GC(2164) Metaspace: 36275K(36672K)->36275K(36672K) NonClass: 32106K(32320K)->32106K(32320K) Class: 4168K(4352K)->4168K(4352K)
[240.027s][info][gc             ] GC(2164) Pause Young (System.gc()) 491M->227M(997M) 5.191ms
[240.027s][info][gc,cpu         ] GC(2164) User=0.00s Sys=0.00s Real=0.01s
[240.027s][info][gc,start       ] GC(2165) Pause Full (System.gc())
[240.027s][info][gc,phases,start] GC(2165) Marking Phase
[240.043s][info][gc,phases      ] GC(2165) Marking Phase 15.914ms
[240.043s][info][gc,phases,start] GC(2165) Summary Phase
[240.043s][info][gc,phases      ] GC(2165) Summary Phase 0.013ms
[240.043s][info][gc,phases,start] GC(2165) Adjust Roots
[240.047s][info][gc,phases      ] GC(2165) Adjust Roots 3.892ms
[240.047s][info][gc,phases,start] GC(2165) Compaction Phase
[240.055s][info][gc,phases      ] GC(2165) Compaction Phase 8.199ms
[240.055s][info][gc,phases,start] GC(2165) Post Compact
[240.056s][info][gc,phases      ] GC(2165) Post Compact 0.899ms
[240.056s][info][gc,heap        ] GC(2165) PSYoungGen: 9999K(321536K)->0K(321536K) Eden: 0K(292352K)->0K(292352K) From: 9999K(29184K)->0K(29184K)
[240.056s][info][gc,heap        ] GC(2165) ParOldGen: 222734K(699392K)->115486K(699392K)
[240.056s][info][gc,metaspace   ] GC(2165) Metaspace: 36275K(36672K)->36275K(36672K) NonClass: 32106K(32320K)->32106K(32320K) Class: 4168K(4352K)->4168K(4352K)
[240.056s][info][gc             ] GC(2165) Pause Full (System.gc()) 227M->112M(997M) 29.185ms
[240.056s][info][gc,cpu         ] GC(2165) User=0.11s Sys=0.00s Real=0.03s
[240.103s][info][gc,start       ] GC(2166) Pause Young (Allocation Failure)
[240.103s][info][gc,heap        ] GC(2166) PSYoungGen: 292352K(321536K)->192K(320000K) Eden: 292352K(292352K)->0K(292352K) From: 0K(29184K)->192K(27648K)
[240.103s][info][gc,heap        ] GC(2166) ParOldGen: 115486K(699392K)->115486K(699392K)
[240.103s][info][gc,metaspace   ] GC(2166) Metaspace: 36275K(36672K)->36275K(36672K) NonClass: 32106K(32320K)->32106K(32320K) Class: 4168K(4352K)->4168K(4352K)
[240.103s][info][gc             ] GC(2166) Pause Young (Allocation Failure) 398M->112M(995M) 0.407ms
[240.103s][info][gc,cpu         ] GC(2166) User=0.00s Sys=0.00s Real=0.00s
[240.149s][info][gc,start       ] GC(2167) Pause Young (Allocation Failure)
[240.149s][info][gc,heap        ] GC(2167) PSYoungGen: 292544K(320000K)->160K(320512K) Eden: 292352K(292352K)->0K(291840K) From: 192K(27648K)->160K(28672K)
[240.149s][info][gc,heap        ] GC(2167) ParOldGen: 115486K(699392K)->115534K(699392K)
[240.149s][info][gc,metaspace   ] GC(2167) Metaspace: 36275K(36672K)->36275K(36672K) NonClass: 32106K(32320K)->32106K(32320K) Class: 4168K(4352K)->4168K(4352K)
[240.149s][info][gc             ] GC(2167) Pause Young (Allocation Failure) 398M->112M(996M) 0.366ms
[240.149s][info][gc,cpu         ] GC(2167) User=0.00s Sys=0.00s Real=0.00s
[240.194s][info][gc,start       ] GC(2168) Pause Young (Allocation Failure)
[240.195s][info][gc,heap        ] GC(2168) PSYoungGen: 292000K(320512K)->192K(320512K) Eden: 291840K(291840K)->0K(291840K) From: 160K(28672K)->192K(28672K)
[240.195s][info][gc,heap        ] GC(2168) ParOldGen: 115534K(699392K)->115534K(699392K)
[240.195s][info][gc,metaspace   ] GC(2168) Metaspace: 36275K(36672K)->36275K(36672K) NonClass: 32106K(32320K)->32106K(32320K) Class: 4168K(4352K)->4168K(4352K)
[240.195s][info][gc             ] GC(2168) Pause Young (Allocation Failure) 397M->113M(996M) 0.377ms
[240.195s][info][gc,cpu         ] GC(2168) User=0.00s Sys=0.00s Real=0.00s
[240.239s][info][gc,start       ] GC(2169) Pause Young (Allocation Failure)
[240.239s][info][gc,heap        ] GC(2169) PSYoungGen: 292032K(320512K)->160K(321024K) Eden: 291840K(291840K)->0K(292352K) From: 192K(28672K)->160K(28672K)
[240.239s][info][gc,heap        ] GC(2169) ParOldGen: 115534K(699392K)->115534K(699392K)
[240.239s][info][gc,metaspace   ] GC(2169) Metaspace: 36275K(36672K)->36275K(36672K) NonClass: 32106K(32320K)->32106K(32320K) Class: 4168K(4352K)->4168K(4352K)
[240.239s][info][gc             ] GC(2169) Pause Young (Allocation Failure) 398M->112M(996M) 0.375ms
[240.239s][info][gc,cpu         ] GC(2169) User=0.00s Sys=0.00s Real=0.00s
[240.283s][info][gc,start       ] GC(2170) Pause Young (Allocation Failure)
[240.283s][info][gc,heap        ] GC(2170) PSYoungGen: 292512K(321024K)->160K(320512K) Eden: 292352K(292352K)->0K(292352K) From: 160K(28672K)->160K(28160K)
[240.283s][info][gc,heap        ] GC(2170) ParOldGen: 115534K(699392K)->115534K(699392K)
[240.283s][info][gc,metaspace   ] GC(2170) Metaspace: 36275K(36672K)->36275K(36672K) NonClass: 32106K(32320K)->32106K(32320K) Class: 4168K(4352K)->4168K(4352K)
[240.283s][info][gc             ] GC(2170) Pause Young (Allocation Failure) 398M->112M(996M) 0.397ms
[240.283s][info][gc,cpu         ] GC(2170) User=0.00s Sys=0.00s Real=0.00s
[240.327s][info][gc,start       ] GC(2171) Pause Young (Allocation Failure)
[240.327s][info][gc,heap        ] GC(2171) PSYoungGen: 292512K(320512K)->192K(322560K) Eden: 292352K(292352K)->0K(294912K) From: 160K(28160K)->192K(27648K)
[240.327s][info][gc,heap        ] GC(2171) ParOldGen: 115534K(699392K)->115534K(699392K)
[240.327s][info][gc,metaspace   ] GC(2171) Metaspace: 36275K(36672K)->36275K(36672K) NonClass: 32106K(32320K)->32106K(32320K) Class: 4168K(4352K)->4168K(4352K)
[240.327s][info][gc             ] GC(2171) Pause Young (Allocation Failure) 398M->113M(998M) 0.452ms
[240.327s][info][gc,cpu         ] GC(2171) User=0.00s Sys=0.00s Real=0.00s
[240.371s][info][gc,start       ] GC(2172) Pause Young (Allocation Failure)
[240.371s][info][gc,heap        ] GC(2172) PSYoungGen: 295104K(322560K)->192K(321536K) Eden: 294912K(294912K)->0K(294912K) From: 192K(27648K)->192K(26624K)
[240.372s][info][gc,heap        ] GC(2172) ParOldGen: 115534K(699392K)->115534K(699392K)
[240.372s][info][gc,metaspace   ] GC(2172) Metaspace: 36275K(36672K)->36275K(36672K) NonClass: 32106K(32320K)->32106K(32320K) Class: 4168K(4352K)->4168K(4352K)
[240.372s][info][gc             ] GC(2172) Pause Young (Allocation Failure) 401M->113M(997M) 0.395ms
[240.372s][info][gc,cpu         ] GC(2172) User=0.00s Sys=0.00s Real=0.00s
[240.415s][info][gc,start       ] GC(2173) Pause Young (Allocation Failure)
[240.415s][info][gc,heap        ] GC(2173) PSYoungGen: 295104K(321536K)->192K(324096K) Eden: 294912K(294912K)->0K(297984K) From: 192K(26624K)->192K(26112K)
[240.415s][info][gc,heap        ] GC(2173) ParOldGen: 115534K(699392K)->115534K(699392K)
[240.415s][info][gc,metaspace   ] GC(2173) Metaspace: 36275K(36672K)->36275K(36672K) NonClass: 32106K(32320K)->32106K(32320K) Class: 4168K(4352K)->4168K(4352K)
[240.415s][info][gc             ] GC(2173) Pause Young (Allocation Failure) 401M->113M(999M) 0.356ms
[240.415s][info][gc,cpu         ] GC(2173) User=0.00s Sys=0.00s Real=0.00s
[240.460s][info][gc,start       ] GC(2174) Pause Young (Allocation Failure)
[240.460s][info][gc,heap        ] GC(2174) PSYoungGen: 298176K(324096K)->192K(323072K) Eden: 297984K(297984K)->0K(297984K) From: 192K(26112K)->192K(25088K)
[240.460s][info][gc,heap        ] GC(2174) ParOldGen: 115534K(699392K)->115534K(699392K)
[240.460s][info][gc,metaspace   ] GC(2174) Metaspace: 36275K(36672K)->36275K(36672K) NonClass: 32106K(32320K)->32106K(32320K) Class: 4168K(4352K)->4168K(4352K)
[240.460s][info][gc             ] GC(2174) Pause Young (Allocation Failure) 404M->113M(998M) 0.422ms
[240.460s][info][gc,cpu         ] GC(2174) User=0.00s Sys=0.00s Real=0.00s
[240.505s][info][gc,start       ] GC(2175) Pause Young (Allocation Failure)
[240.505s][info][gc,heap        ] GC(2175) PSYoungGen: 298176K(323072K)->160K(326144K) Eden: 297984K(297984K)->0K(302080K) From: 192K(25088K)->160K(24064K)
[240.505s][info][gc,heap        ] GC(2175) ParOldGen: 115534K(699392K)->115534K(699392K)
[240.505s][info][gc,metaspace   ] GC(2175) Metaspace: 36275K(36672K)->36275K(36672K) NonClass: 32106K(32320K)->32106K(32320K) Class: 4168K(4352K)->4168K(4352K)
[240.505s][info][gc             ] GC(2175) Pause Young (Allocation Failure) 404M->112M(1001M) 0.383ms
[240.505s][info][gc,cpu         ] GC(2175) User=0.00s Sys=0.00s Real=0.00s
[240.550s][info][gc,start       ] GC(2176) Pause Young (Allocation Failure)
[240.550s][info][gc,heap        ] GC(2176) PSYoungGen: 302240K(326144K)->128K(325120K) Eden: 302080K(302080K)->0K(302080K) From: 160K(24064K)->128K(23040K)
[240.550s][info][gc,heap        ] GC(2176) ParOldGen: 115534K(699392K)->115534K(699392K)
[240.550s][info][gc,metaspace   ] GC(2176) Metaspace: 36275K(36672K)->36275K(36672K) NonClass: 32106K(32320K)->32106K(32320K) Class: 4168K(4352K)->4168K(4352K)
[240.550s][info][gc             ] GC(2176) Pause Young (Allocation Failure) 407M->112M(1000M) 0.387ms
[240.550s][info][gc,cpu         ] GC(2176) User=0.00s Sys=0.00s Real=0.00s
[240.596s][info][gc,start       ] GC(2177) Pause Young (Allocation Failure)
[240.596s][info][gc,heap        ] GC(2177) PSYoungGen: 302208K(325120K)->160K(328192K) Eden: 302080K(302080K)->0K(306176K) From: 128K(23040K)->160K(22016K)
[240.596s][info][gc,heap        ] GC(2177) ParOldGen: 115534K(699392K)->115534K(699392K)
[240.596s][info][gc,metaspace   ] GC(2177) Metaspace: 36275K(36672K)->36275K(36672K) NonClass: 32106K(32320K)->32106K(32320K) Class: 4168K(4352K)->4168K(4352K)
[240.596s][info][gc             ] GC(2177) Pause Young (Allocation Failure) 407M->112M(1003M) 0.434ms
[240.596s][info][gc,cpu         ] GC(2177) User=0.00s Sys=0.00s Real=0.00s
[240.646s][info][gc,start       ] GC(2178) Pause Young (Allocation Failure)
[240.646s][info][gc,heap        ] GC(2178) PSYoungGen: 306336K(328192K)->192K(327168K) Eden: 306176K(306176K)->0K(306176K) From: 160K(22016K)->192K(20992K)
[240.646s][info][gc,heap        ] GC(2178) ParOldGen: 115534K(699392K)->115534K(699392K)
[240.646s][info][gc,metaspace   ] GC(2178) Metaspace: 36275K(36672K)->36275K(36672K) NonClass: 32106K(32320K)->32106K(32320K) Class: 4168K(4352K)->4168K(4352K)
[240.646s][info][gc             ] GC(2178) Pause Young (Allocation Failure) 411M->113M(1002M) 0.400ms
[240.646s][info][gc,cpu         ] GC(2178) User=0.00s Sys=0.00s Real=0.00s
[240.693s][info][gc,start       ] GC(2179) Pause Young (Allocation Failure)
[240.694s][info][gc,heap        ] GC(2179) PSYoungGen: 306368K(327168K)->160K(330752K) Eden: 306176K(306176K)->0K(311296K) From: 192K(20992K)->160K(19456K)
[240.694s][info][gc,heap        ] GC(2179) ParOldGen: 115534K(699392K)->115534K(699392K)
[240.694s][info][gc,metaspace   ] GC(2179) Metaspace: 36275K(36672K)->36275K(36672K) NonClass: 32106K(32320K)->32106K(32320K) Class: 4168K(4352K)->4168K(4352K)
[240.694s][info][gc             ] GC(2179) Pause Young (Allocation Failure) 412M->112M(1006M) 0.388ms
[240.694s][info][gc,cpu         ] GC(2179) User=0.00s Sys=0.00s Real=0.00s
[240.748s][info][gc,start       ] GC(2180) Pause Young (Allocation Failure)
[240.748s][info][gc,heap        ] GC(2180) PSYoungGen: 311456K(330752K)->192K(329728K) Eden: 311296K(311296K)->0K(311296K) From: 160K(19456K)->192K(18432K)
[240.748s][info][gc,heap        ] GC(2180) ParOldGen: 115534K(699392K)->115534K(699392K)
[240.748s][info][gc,metaspace   ] GC(2180) Metaspace: 36275K(36672K)->36275K(36672K) NonClass: 32106K(32320K)->32106K(32320K) Class: 4168K(4352K)->4168K(4352K)
[240.748s][info][gc             ] GC(2180) Pause Young (Allocation Failure) 416M->113M(1005M) 0.381ms
[240.748s][info][gc,cpu         ] GC(2180) User=0.00s Sys=0.00s Real=0.00s
[240.808s][info][gc,start       ] GC(2181) Pause Young (Allocation Failure)
[240.808s][info][gc,heap        ] GC(2181) PSYoungGen: 311488K(329728K)->160K(332800K) Eden: 311296K(311296K)->0K(315392K) From: 192K(18432K)->160K(17408K)
[240.808s][info][gc,heap        ] GC(2181) ParOldGen: 115534K(699392K)->115582K(699392K)
[240.809s][info][gc,metaspace   ] GC(2181) Metaspace: 36275K(36672K)->36275K(36672K) NonClass: 32106K(32320K)->32106K(32320K) Class: 4168K(4352K)->4168K(4352K)
[240.809s][info][gc             ] GC(2181) Pause Young (Allocation Failure) 417M->113M(1008M) 0.461ms
[240.809s][info][gc,cpu         ] GC(2181) User=0.00s Sys=0.00s Real=0.00s
[240.870s][info][gc,start       ] GC(2182) Pause Young (Allocation Failure)
[240.871s][info][gc,heap        ] GC(2182) PSYoungGen: 315552K(332800K)->192K(331776K) Eden: 315392K(315392K)->0K(315392K) From: 160K(17408K)->192K(16384K)
[240.871s][info][gc,heap        ] GC(2182) ParOldGen: 115582K(699392K)->115582K(699392K)
[240.871s][info][gc,metaspace   ] GC(2182) Metaspace: 36275K(36672K)->36275K(36672K) NonClass: 32106K(32320K)->32106K(32320K) Class: 4168K(4352K)->4168K(4352K)
[240.871s][info][gc             ] GC(2182) Pause Young (Allocation Failure) 421M->113M(1007M) 0.384ms
[240.871s][info][gc,cpu         ] GC(2182) User=0.00s Sys=0.00s Real=0.00s
[240.931s][info][gc,start       ] GC(2183) Pause Young (Allocation Failure)
[240.931s][info][gc,heap        ] GC(2183) PSYoungGen: 315584K(331776K)->192K(334336K) Eden: 315392K(315392K)->0K(318976K) From: 192K(16384K)->192K(15360K)
[240.931s][info][gc,heap        ] GC(2183) ParOldGen: 115582K(699392K)->115582K(699392K)
[240.931s][info][gc,metaspace   ] GC(2183) Metaspace: 36275K(36672K)->36275K(36672K) NonClass: 32106K(32320K)->32106K(32320K) Class: 4168K(4352K)->4168K(4352K)
[240.931s][info][gc             ] GC(2183) Pause Young (Allocation Failure) 421M->113M(1009M) 0.430ms
[240.931s][info][gc,cpu         ] GC(2183) User=0.00s Sys=0.00s Real=0.00s
[240.992s][info][gc,start       ] GC(2184) Pause Young (Allocation Failure)
[240.993s][info][gc,heap        ] GC(2184) PSYoungGen: 319168K(334336K)->192K(333824K) Eden: 318976K(318976K)->0K(318976K) From: 192K(15360K)->192K(14848K)
[240.993s][info][gc,heap        ] GC(2184) ParOldGen: 115582K(699392K)->115582K(699392K)
[240.993s][info][gc,metaspace   ] GC(2184) Metaspace: 36275K(36672K)->36275K(36672K) NonClass: 32106K(32320K)->32106K(32320K) Class: 4168K(4352K)->4168K(4352K)
[240.993s][info][gc             ] GC(2184) Pause Young (Allocation Failure) 424M->113M(1009M) 0.446ms
[240.993s][info][gc,cpu         ] GC(2184) User=0.00s Sys=0.00s Real=0.00s
[241.054s][info][gc,start       ] GC(2185) Pause Young (Allocation Failure)
[241.055s][info][gc,heap        ] GC(2185) PSYoungGen: 319168K(333824K)->192K(336384K) Eden: 318976K(318976K)->0K(322560K) From: 192K(14848K)->192K(13824K)
[241.055s][info][gc,heap        ] GC(2185) ParOldGen: 115582K(699392K)->115582K(699392K)
[241.055s][info][gc,metaspace   ] GC(2185) Metaspace: 36275K(36672K)->36275K(36672K) NonClass: 32106K(32320K)->32106K(32320K) Class: 4168K(4352K)->4168K(4352K)
[241.055s][info][gc             ] GC(2185) Pause Young (Allocation Failure) 424M->113M(1011M) 0.414ms
[241.055s][info][gc,cpu         ] GC(2185) User=0.00s Sys=0.00s Real=0.00s
[241.115s][info][gc,start       ] GC(2186) Pause Young (Allocation Failure)
[241.115s][info][gc,heap        ] GC(2186) PSYoungGen: 322752K(336384K)->192K(335360K) Eden: 322560K(322560K)->0K(322560K) From: 192K(13824K)->192K(12800K)
[241.115s][info][gc,heap        ] GC(2186) ParOldGen: 115582K(699392K)->115582K(699392K)
[241.115s][info][gc,metaspace   ] GC(2186) Metaspace: 36275K(36672K)->36275K(36672K) NonClass: 32106K(32320K)->32106K(32320K) Class: 4168K(4352K)->4168K(4352K)
[241.115s][info][gc             ] GC(2186) Pause Young (Allocation Failure) 428M->113M(1010M) 0.391ms
[241.115s][info][gc,cpu         ] GC(2186) User=0.00s Sys=0.00s Real=0.00s
[241.178s][info][gc,start       ] GC(2187) Pause Young (Allocation Failure)
[241.178s][info][gc,heap        ] GC(2187) PSYoungGen: 322752K(335360K)->192K(337920K) Eden: 322560K(322560K)->0K(326144K) From: 192K(12800K)->192K(11776K)
[241.178s][info][gc,heap        ] GC(2187) ParOldGen: 115582K(699392K)->115582K(699392K)
[241.178s][info][gc,metaspace   ] GC(2187) Metaspace: 36275K(36672K)->36275K(36672K) NonClass: 32106K(32320K)->32106K(32320K) Class: 4168K(4352K)->4168K(4352K)
[241.178s][info][gc             ] GC(2187) Pause Young (Allocation Failure) 428M->113M(1013M) 0.398ms
[241.178s][info][gc,cpu         ] GC(2187) User=0.00s Sys=0.00s Real=0.00s
[241.240s][info][gc,start       ] GC(2188) Pause Young (Allocation Failure)
[241.240s][info][gc,heap        ] GC(2188) PSYoungGen: 326336K(337920K)->192K(337408K) Eden: 326144K(326144K)->0K(326144K) From: 192K(11776K)->192K(11264K)
[241.240s][info][gc,heap        ] GC(2188) ParOldGen: 115582K(699392K)->115582K(699392K)
[241.240s][info][gc,metaspace   ] GC(2188) Metaspace: 36275K(36672K)->36275K(36672K) NonClass: 32106K(32320K)->32106K(32320K) Class: 4168K(4352K)->4168K(4352K)
[241.240s][info][gc             ] GC(2188) Pause Young (Allocation Failure) 431M->113M(1012M) 0.395ms
[241.240s][info][gc,cpu         ] GC(2188) User=0.00s Sys=0.00s Real=0.00s
[241.303s][info][gc,start       ] GC(2189) Pause Young (Allocation Failure)
[241.303s][info][gc,heap        ] GC(2189) PSYoungGen: 326336K(337408K)->192K(339456K) Eden: 326144K(326144K)->0K(329216K) From: 192K(11264K)->192K(10240K)
[241.303s][info][gc,heap        ] GC(2189) ParOldGen: 115582K(699392K)->115582K(699392K)
[241.303s][info][gc,metaspace   ] GC(2189) Metaspace: 36275K(36672K)->36275K(36672K) NonClass: 32106K(32320K)->32106K(32320K) Class: 4168K(4352K)->4168K(4352K)
[241.303s][info][gc             ] GC(2189) Pause Young (Allocation Failure) 431M->113M(1014M) 0.386ms
[241.303s][info][gc,cpu         ] GC(2189) User=0.00s Sys=0.00s Real=0.00s
[241.366s][info][gc,start       ] GC(2190) Pause Young (Allocation Failure)
[241.366s][info][gc,heap        ] GC(2190) PSYoungGen: 329408K(339456K)->192K(338944K) Eden: 329216K(329216K)->0K(329216K) From: 192K(10240K)->192K(9728K)
[241.366s][info][gc,heap        ] GC(2190) ParOldGen: 115582K(699392K)->115582K(699392K)
[241.366s][info][gc,metaspace   ] GC(2190) Metaspace: 36275K(36672K)->36275K(36672K) NonClass: 32106K(32320K)->32106K(32320K) Class: 4168K(4352K)->4168K(4352K)
[241.366s][info][gc             ] GC(2190) Pause Young (Allocation Failure) 434M->113M(1014M) 0.399ms
[241.366s][info][gc,cpu         ] GC(2190) User=0.00s Sys=0.00s Real=0.00s
[241.429s][info][gc,start       ] GC(2191) Pause Young (Allocation Failure)
[241.430s][info][gc,heap        ] GC(2191) PSYoungGen: 329408K(338944K)->192K(340992K) Eden: 329216K(329216K)->0K(331776K) From: 192K(9728K)->192K(9216K)
[241.430s][info][gc,heap        ] GC(2191) ParOldGen: 115582K(699392K)->115582K(699392K)
[241.430s][info][gc,metaspace   ] GC(2191) Metaspace: 36275K(36672K)->36275K(36672K) NonClass: 32106K(32320K)->32106K(32320K) Class: 4168K(4352K)->4168K(4352K)
[241.430s][info][gc             ] GC(2191) Pause Young (Allocation Failure) 434M->113M(1016M) 0.426ms
[241.430s][info][gc,cpu         ] GC(2191) User=0.00s Sys=0.00s Real=0.00s
[241.490s][info][gc,start       ] GC(2192) Pause Young (Allocation Failure)
[241.491s][info][gc,heap        ] GC(2192) PSYoungGen: 331968K(340992K)->192K(339968K) Eden: 331776K(331776K)->0K(331776K) From: 192K(9216K)->192K(8192K)
[241.491s][info][gc,heap        ] GC(2192) ParOldGen: 115582K(699392K)->115582K(699392K)
[241.491s][info][gc,metaspace   ] GC(2192) Metaspace: 36275K(36672K)->36275K(36672K) NonClass: 32106K(32320K)->32106K(32320K) Class: 4168K(4352K)->4168K(4352K)
[241.491s][info][gc             ] GC(2192) Pause Young (Allocation Failure) 437M->113M(1015M) 0.410ms
[241.491s][info][gc,cpu         ] GC(2192) User=0.00s Sys=0.00s Real=0.00s
[241.551s][info][gc,start       ] GC(2193) Pause Young (Allocation Failure)
[241.552s][info][gc,heap        ] GC(2193) PSYoungGen: 331968K(339968K)->160K(342016K) Eden: 331776K(331776K)->0K(334336K) From: 192K(8192K)->160K(7680K)
[241.552s][info][gc,heap        ] GC(2193) ParOldGen: 115582K(699392K)->115582K(699392K)
[241.552s][info][gc,metaspace   ] GC(2193) Metaspace: 36275K(36672K)->36275K(36672K) NonClass: 32106K(32320K)->32106K(32320K) Class: 4168K(4352K)->4168K(4352K)
[241.552s][info][gc             ] GC(2193) Pause Young (Allocation Failure) 437M->113M(1017M) 0.482ms
[241.552s][info][gc,cpu         ] GC(2193) User=0.00s Sys=0.00s Real=0.02s
[241.615s][info][gc,start       ] GC(2194) Pause Young (Allocation Failure)
[241.616s][info][gc,heap        ] GC(2194) PSYoungGen: 334496K(342016K)->160K(341504K) Eden: 334336K(334336K)->0K(334336K) From: 160K(7680K)->160K(7168K)
[241.616s][info][gc,heap        ] GC(2194) ParOldGen: 115582K(699392K)->115582K(699392K)
[241.616s][info][gc,metaspace   ] GC(2194) Metaspace: 36275K(36672K)->36275K(36672K) NonClass: 32106K(32320K)->32106K(32320K) Class: 4168K(4352K)->4168K(4352K)
[241.616s][info][gc             ] GC(2194) Pause Young (Allocation Failure) 439M->113M(1016M) 0.427ms
[241.616s][info][gc,cpu         ] GC(2194) User=0.00s Sys=0.00s Real=0.00s
[241.679s][info][gc,start       ] GC(2195) Pause Young (Allocation Failure)
[241.679s][info][gc,heap        ] GC(2195) PSYoungGen: 334496K(341504K)->192K(343040K) Eden: 334336K(334336K)->0K(336384K) From: 160K(7168K)->192K(6656K)
[241.679s][info][gc,heap        ] GC(2195) ParOldGen: 115582K(699392K)->115582K(699392K)
[241.679s][info][gc,metaspace   ] GC(2195) Metaspace: 36275K(36672K)->36275K(36672K) NonClass: 32106K(32320K)->32106K(32320K) Class: 4168K(4352K)->4168K(4352K)
[241.679s][info][gc             ] GC(2195) Pause Young (Allocation Failure) 439M->113M(1018M) 0.423ms
[241.679s][info][gc,cpu         ] GC(2195) User=0.00s Sys=0.00s Real=0.00s
[241.742s][info][gc,start       ] GC(2196) Pause Young (Allocation Failure)
[241.742s][info][gc,heap        ] GC(2196) PSYoungGen: 336576K(343040K)->192K(342528K) Eden: 336384K(336384K)->0K(336384K) From: 192K(6656K)->192K(6144K)
[241.742s][info][gc,heap        ] GC(2196) ParOldGen: 115582K(699392K)->115582K(699392K)
[241.742s][info][gc,metaspace   ] GC(2196) Metaspace: 36275K(36672K)->36275K(36672K) NonClass: 32106K(32320K)->32106K(32320K) Class: 4168K(4352K)->4168K(4352K)
[241.742s][info][gc             ] GC(2196) Pause Young (Allocation Failure) 441M->113M(1017M) 0.380ms
[241.742s][info][gc,cpu         ] GC(2196) User=0.00s Sys=0.00s Real=0.00s
[241.805s][info][gc,start       ] GC(2197) Pause Young (Allocation Failure)
[241.806s][info][gc,heap        ] GC(2197) PSYoungGen: 336576K(342528K)->128K(343552K) Eden: 336384K(336384K)->0K(337920K) From: 192K(6144K)->128K(5632K)
[241.806s][info][gc,heap        ] GC(2197) ParOldGen: 115582K(699392K)->115582K(699392K)
[241.806s][info][gc,metaspace   ] GC(2197) Metaspace: 36275K(36672K)->36275K(36672K) NonClass: 32106K(32320K)->32106K(32320K) Class: 4168K(4352K)->4168K(4352K)
[241.806s][info][gc             ] GC(2197) Pause Young (Allocation Failure) 441M->112M(1018M) 0.517ms
[241.806s][info][gc,cpu         ] GC(2197) User=0.00s Sys=0.00s Real=0.00s
[241.871s][info][gc,start       ] GC(2198) Pause Young (Allocation Failure)
[241.871s][info][gc,heap        ] GC(2198) PSYoungGen: 338048K(343552K)->192K(343552K) Eden: 337920K(337920K)->0K(337920K) From: 128K(5632K)->192K(5632K)
[241.871s][info][gc,heap        ] GC(2198) ParOldGen: 115582K(699392K)->115582K(699392K)
[241.871s][info][gc,metaspace   ] GC(2198) Metaspace: 36275K(36672K)->36275K(36672K) NonClass: 32106K(32320K)->32106K(32320K) Class: 4168K(4352K)->4168K(4352K)
[241.871s][info][gc             ] GC(2198) Pause Young (Allocation Failure) 442M->113M(1018M) 0.449ms
[241.871s][info][gc,cpu         ] GC(2198) User=0.00s Sys=0.00s Real=0.00s
[241.934s][info][gc,start       ] GC(2199) Pause Young (Allocation Failure)
[241.935s][info][gc,heap        ] GC(2199) PSYoungGen: 338112K(343552K)->192K(344576K) Eden: 337920K(337920K)->0K(339456K) From: 192K(5632K)->192K(5120K)
[241.935s][info][gc,heap        ] GC(2199) ParOldGen: 115582K(699392K)->115582K(699392K)
[241.935s][info][gc,metaspace   ] GC(2199) Metaspace: 36275K(36672K)->36275K(36672K) NonClass: 32106K(32320K)->32106K(32320K) Class: 4168K(4352K)->4168K(4352K)
[241.935s][info][gc             ] GC(2199) Pause Young (Allocation Failure) 443M->113M(1019M) 0.403ms
[241.935s][info][gc,cpu         ] GC(2199) User=0.00s Sys=0.00s Real=0.00s
[242.001s][info][gc,start       ] GC(2200) Pause Young (Allocation Failure)
[242.002s][info][gc,heap        ] GC(2200) PSYoungGen: 339648K(344576K)->192K(344064K) Eden: 339456K(339456K)->0K(339456K) From: 192K(5120K)->192K(4608K)
[242.002s][info][gc,heap        ] GC(2200) ParOldGen: 115582K(699392K)->115582K(699392K)
[242.002s][info][gc,metaspace   ] GC(2200) Metaspace: 36275K(36672K)->36275K(36672K) NonClass: 32106K(32320K)->32106K(32320K) Class: 4168K(4352K)->4168K(4352K)
[242.002s][info][gc             ] GC(2200) Pause Young (Allocation Failure) 444M->113M(1019M) 0.452ms
[242.002s][info][gc,cpu         ] GC(2200) User=0.00s Sys=0.00s Real=0.00s
[242.064s][info][gc,start       ] GC(2201) Pause Young (Allocation Failure)
[242.064s][info][gc,heap        ] GC(2201) PSYoungGen: 339648K(344064K)->160K(345088K) Eden: 339456K(339456K)->0K(340480K) From: 192K(4608K)->160K(4608K)
[242.064s][info][gc,heap        ] GC(2201) ParOldGen: 115582K(699392K)->115582K(699392K)
[242.064s][info][gc,metaspace   ] GC(2201) Metaspace: 36275K(36672K)->36275K(36672K) NonClass: 32106K(32320K)->32106K(32320K) Class: 4168K(4352K)->4168K(4352K)
[242.064s][info][gc             ] GC(2201) Pause Young (Allocation Failure) 444M->113M(1020M) 0.454ms
[242.065s][info][gc,cpu         ] GC(2201) User=0.00s Sys=0.00s Real=0.00s
[242.129s][info][gc,start       ] GC(2202) Pause Young (Allocation Failure)
[242.129s][info][gc,heap        ] GC(2202) PSYoungGen: 340640K(345088K)->192K(344576K) Eden: 340480K(340480K)->0K(340480K) From: 160K(4608K)->192K(4096K)
[242.129s][info][gc,heap        ] GC(2202) ParOldGen: 115582K(699392K)->115582K(699392K)
[242.129s][info][gc,metaspace   ] GC(2202) Metaspace: 36275K(36672K)->36275K(36672K) NonClass: 32106K(32320K)->32106K(32320K) Class: 4168K(4352K)->4168K(4352K)
[242.129s][info][gc             ] GC(2202) Pause Young (Allocation Failure) 445M->113M(1019M) 0.423ms
[242.129s][info][gc,cpu         ] GC(2202) User=0.00s Sys=0.00s Real=0.00s
[242.196s][info][gc,start       ] GC(2203) Pause Young (Allocation Failure)
[242.196s][info][gc,heap        ] GC(2203) PSYoungGen: 340672K(344576K)->192K(345600K) Eden: 340480K(340480K)->0K(342016K) From: 192K(4096K)->192K(3584K)
[242.196s][info][gc,heap        ] GC(2203) ParOldGen: 115582K(699392K)->115582K(699392K)
[242.196s][info][gc,metaspace   ] GC(2203) Metaspace: 36275K(36672K)->36275K(36672K) NonClass: 32106K(32320K)->32106K(32320K) Class: 4168K(4352K)->4168K(4352K)
[242.196s][info][gc             ] GC(2203) Pause Young (Allocation Failure) 445M->113M(1020M) 0.409ms
[242.196s][info][gc,cpu         ] GC(2203) User=0.00s Sys=0.00s Real=0.00s
[242.261s][info][gc,start       ] GC(2204) Pause Young (Allocation Failure)
[242.261s][info][gc,heap        ] GC(2204) PSYoungGen: 342208K(345600K)->192K(345600K) Eden: 342016K(342016K)->0K(342016K) From: 192K(3584K)->192K(3584K)
[242.261s][info][gc,heap        ] GC(2204) ParOldGen: 115582K(699392K)->115582K(699392K)
[242.261s][info][gc,metaspace   ] GC(2204) Metaspace: 36275K(36672K)->36275K(36672K) NonClass: 32106K(32320K)->32106K(32320K) Class: 4168K(4352K)->4168K(4352K)
[242.261s][info][gc             ] GC(2204) Pause Young (Allocation Failure) 447M->113M(1020M) 0.424ms
[242.261s][info][gc,cpu         ] GC(2204) User=0.00s Sys=0.00s Real=0.00s
[242.327s][info][gc,start       ] GC(2205) Pause Young (Allocation Failure)
[242.327s][info][gc,heap        ] GC(2205) PSYoungGen: 342208K(345600K)->160K(346112K) Eden: 342016K(342016K)->0K(343040K) From: 192K(3584K)->160K(3072K)
[242.327s][info][gc,heap        ] GC(2205) ParOldGen: 115582K(699392K)->115582K(699392K)
[242.327s][info][gc,metaspace   ] GC(2205) Metaspace: 36275K(36672K)->36275K(36672K) NonClass: 32106K(32320K)->32106K(32320K) Class: 4168K(4352K)->4168K(4352K)
[242.327s][info][gc             ] GC(2205) Pause Young (Allocation Failure) 447M->113M(1021M) 0.455ms
[242.327s][info][gc,cpu         ] GC(2205) User=0.00s Sys=0.00s Real=0.00s
[242.394s][info][gc,start       ] GC(2206) Pause Young (Allocation Failure)
[242.394s][info][gc,heap        ] GC(2206) PSYoungGen: 343200K(346112K)->192K(346112K) Eden: 343040K(343040K)->0K(343040K) From: 160K(3072K)->192K(3072K)
[242.394s][info][gc,heap        ] GC(2206) ParOldGen: 115582K(699392K)->115582K(699392K)
[242.394s][info][gc,metaspace   ] GC(2206) Metaspace: 36275K(36672K)->36275K(36672K) NonClass: 32106K(32320K)->32106K(32320K) Class: 4168K(4352K)->4168K(4352K)
[242.394s][info][gc             ] GC(2206) Pause Young (Allocation Failure) 448M->113M(1021M) 0.460ms
[242.394s][info][gc,cpu         ] GC(2206) User=0.00s Sys=0.00s Real=0.00s
[242.467s][info][gc,start       ] GC(2207) Pause Young (Allocation Failure)
[242.468s][info][gc,heap        ] GC(2207) PSYoungGen: 343232K(346112K)->192K(346624K) Eden: 343040K(343040K)->0K(343552K) From: 192K(3072K)->192K(3072K)
[242.468s][info][gc,heap        ] GC(2207) ParOldGen: 115582K(699392K)->115582K(699392K)
[242.468s][info][gc,metaspace   ] GC(2207) Metaspace: 36275K(36672K)->36275K(36672K) NonClass: 32106K(32320K)->32106K(32320K) Class: 4168K(4352K)->4168K(4352K)
[242.468s][info][gc             ] GC(2207) Pause Young (Allocation Failure) 448M->113M(1021M) 0.376ms
[242.468s][info][gc,cpu         ] GC(2207) User=0.00s Sys=0.00s Real=0.00s
[242.719s][info][gc,start       ] GC(2208) Pause Young (Allocation Failure)
[242.725s][info][gc,heap        ] GC(2208) PSYoungGen: 343744K(346624K)->2544K(346112K) Eden: 343552K(343552K)->0K(343552K) From: 192K(3072K)->2544K(2560K)
[242.725s][info][gc,heap        ] GC(2208) ParOldGen: 115582K(699392K)->127390K(699392K)
[242.725s][info][gc,metaspace   ] GC(2208) Metaspace: 36275K(36672K)->36275K(36672K) NonClass: 32106K(32320K)->32106K(32320K) Class: 4168K(4352K)->4168K(4352K)
[242.725s][info][gc             ] GC(2208) Pause Young (Allocation Failure) 448M->126M(1021M) 5.384ms
[242.725s][info][gc,cpu         ] GC(2208) User=0.00s Sys=0.00s Real=0.01s
[243.031s][info][gc,start       ] GC(2209) Pause Young (Allocation Failure)
[243.044s][info][gc,heap        ] GC(2209) PSYoungGen: 346096K(346112K)->3070K(315392K) Eden: 343552K(343552K)->0K(312320K) From: 2544K(2560K)->3070K(3072K)
[243.044s][info][gc,heap        ] GC(2209) ParOldGen: 127390K(699392K)->156671K(699392K)
[243.044s][info][gc,metaspace   ] GC(2209) Metaspace: 36275K(36672K)->36275K(36672K) NonClass: 32106K(32320K)->32106K(32320K) Class: 4168K(4352K)->4168K(4352K)
[243.044s][info][gc             ] GC(2209) Pause Young (Allocation Failure) 462M->155M(991M) 12.757ms
[243.044s][info][gc,cpu         ] GC(2209) User=0.02s Sys=0.00s Real=0.02s
[243.342s][info][gc,start       ] GC(2210) Pause Young (Allocation Failure)
[243.350s][info][gc,heap        ] GC(2210) PSYoungGen: 315390K(315392K)->14103K(326656K) Eden: 312320K(312320K)->0K(312320K) From: 3070K(3072K)->14103K(14336K)
[243.350s][info][gc,heap        ] GC(2210) ParOldGen: 156671K(699392K)->158661K(699392K)
[243.350s][info][gc,metaspace   ] GC(2210) Metaspace: 36275K(36672K)->36275K(36672K) NonClass: 32106K(32320K)->32106K(32320K) Class: 4168K(4352K)->4168K(4352K)
[243.350s][info][gc             ] GC(2210) Pause Young (Allocation Failure) 460M->168M(1002M) 8.082ms
[243.350s][info][gc,cpu         ] GC(2210) User=0.05s Sys=0.00s Real=0.02s
[243.639s][info][gc,start       ] GC(2211) Pause Young (Allocation Failure)
[243.645s][info][gc,heap        ] GC(2211) PSYoungGen: 326069K(326656K)->12901K(326656K) Eden: 311966K(312320K)->0K(306176K) From: 14103K(14336K)->12901K(20480K)
[243.645s][info][gc,heap        ] GC(2211) ParOldGen: 158661K(699392K)->161936K(699392K)
[243.645s][info][gc,metaspace   ] GC(2211) Metaspace: 36275K(36672K)->36275K(36672K) NonClass: 32106K(32320K)->32106K(32320K) Class: 4168K(4352K)->4168K(4352K)
[243.645s][info][gc             ] GC(2211) Pause Young (Allocation Failure) 473M->170M(1002M) 6.502ms
[243.645s][info][gc,cpu         ] GC(2211) User=0.09s Sys=0.00s Real=0.02s
[243.915s][info][gc,start       ] GC(2212) Pause Young (Allocation Failure)
[243.920s][info][gc,heap        ] GC(2212) PSYoungGen: 319077K(326656K)->12189K(318464K) Eden: 306176K(306176K)->0K(306176K) From: 12901K(20480K)->12189K(12288K)
[243.920s][info][gc,heap        ] GC(2212) ParOldGen: 161936K(699392K)->162721K(699392K)
[243.920s][info][gc,metaspace   ] GC(2212) Metaspace: 36275K(36672K)->36275K(36672K) NonClass: 32106K(32320K)->32106K(32320K) Class: 4168K(4352K)->4168K(4352K)
[243.921s][info][gc             ] GC(2212) Pause Young (Allocation Failure) 469M->170M(994M) 5.671ms
[243.921s][info][gc,cpu         ] GC(2212) User=0.00s Sys=0.00s Real=0.02s
[244.194s][info][gc,start       ] GC(2213) Pause Young (Allocation Failure)
[244.200s][info][gc,heap        ] GC(2213) PSYoungGen: 316804K(318464K)->13051K(325632K) Eden: 304614K(306176K)->0K(303104K) From: 12189K(12288K)->13051K(22528K)
[244.200s][info][gc,heap        ] GC(2213) ParOldGen: 162721K(699392K)->163514K(699392K)
[244.200s][info][gc,metaspace   ] GC(2213) Metaspace: 36275K(36672K)->36275K(36672K) NonClass: 32106K(32320K)->32106K(32320K) Class: 4168K(4352K)->4168K(4352K)
[244.200s][info][gc             ] GC(2213) Pause Young (Allocation Failure) 468M->172M(1001M) 5.720ms
[244.200s][info][gc,cpu         ] GC(2213) User=0.00s Sys=0.00s Real=0.02s
[244.476s][info][gc,start       ] GC(2214) Pause Young (Allocation Failure)
[244.481s][info][gc,heap        ] GC(2214) PSYoungGen: 316155K(325632K)->11411K(326144K) Eden: 303104K(303104K)->0K(303104K) From: 13051K(22528K)->11411K(23040K)
[244.481s][info][gc,heap        ] GC(2214) ParOldGen: 163514K(699392K)->163892K(699392K)
[244.481s][info][gc,metaspace   ] GC(2214) Metaspace: 36275K(36672K)->36275K(36672K) NonClass: 32106K(32320K)->32106K(32320K) Class: 4168K(4352K)->4168K(4352K)
[244.481s][info][gc             ] GC(2214) Pause Young (Allocation Failure) 468M->171M(1001M) 5.315ms
[244.481s][info][gc,cpu         ] GC(2214) User=0.00s Sys=0.00s Real=0.01s
[244.745s][info][gc,start       ] GC(2215) Pause Young (Allocation Failure)
[244.751s][info][gc,heap        ] GC(2215) PSYoungGen: 311635K(326144K)->20498K(320000K) Eden: 300224K(303104K)->0K(296960K) From: 11411K(23040K)->20498K(23040K)
[244.751s][info][gc,heap        ] GC(2215) ParOldGen: 163892K(699392K)->164273K(699392K)
[244.751s][info][gc,metaspace   ] GC(2215) Metaspace: 36275K(36672K)->36275K(36672K) NonClass: 32106K(32320K)->32106K(32320K) Class: 4168K(4352K)->4168K(4352K)
[244.751s][info][gc             ] GC(2215) Pause Young (Allocation Failure) 464M->180M(995M) 6.701ms
[244.751s][info][gc,cpu         ] GC(2215) User=0.09s Sys=0.00s Real=0.01s
[245.016s][info][gc,start       ] GC(2216) Pause Young (Allocation Failure)
[245.023s][info][gc,heap        ] GC(2216) PSYoungGen: 317458K(320000K)->14945K(312320K) Eden: 296960K(296960K)->0K(296960K) From: 20498K(23040K)->14945K(15360K)
[245.023s][info][gc,heap        ] GC(2216) ParOldGen: 164273K(699392K)->165561K(699392K)
[245.023s][info][gc,metaspace   ] GC(2216) Metaspace: 36275K(36672K)->36275K(36672K) NonClass: 32106K(32320K)->32106K(32320K) Class: 4168K(4352K)->4168K(4352K)
[245.023s][info][gc             ] GC(2216) Pause Young (Allocation Failure) 470M->176M(988M) 7.423ms
[245.023s][info][gc,cpu         ] GC(2216) User=0.00s Sys=0.00s Real=0.01s
[245.275s][info][gc,start       ] GC(2217) Pause Young (Allocation Failure)
[245.283s][info][gc,heap        ] GC(2217) PSYoungGen: 310353K(312320K)->19421K(318464K) Eden: 295408K(296960K)->0K(291840K) From: 14945K(15360K)->19421K(26624K)
[245.283s][info][gc,heap        ] GC(2217) ParOldGen: 165561K(699392K)->170599K(699392K)
[245.283s][info][gc,metaspace   ] GC(2217) Metaspace: 36275K(36672K)->36275K(36672K) NonClass: 32106K(32320K)->32106K(32320K) Class: 4168K(4352K)->4168K(4352K)
[245.283s][info][gc             ] GC(2217) Pause Young (Allocation Failure) 464M->185M(994M) 7.822ms
[245.283s][info][gc,cpu         ] GC(2217) User=0.08s Sys=0.00s Real=0.01s
[245.536s][info][gc,start       ] GC(2218) Pause Young (Allocation Failure)
[245.542s][info][gc,heap        ] GC(2218) PSYoungGen: 311261K(318464K)->10395K(320512K) Eden: 291840K(291840K)->0K(291840K) From: 19421K(26624K)->10395K(28672K)
[245.542s][info][gc,heap        ] GC(2218) ParOldGen: 170599K(699392K)->175423K(699392K)
[245.542s][info][gc,metaspace   ] GC(2218) Metaspace: 36275K(36672K)->36275K(36672K) NonClass: 32106K(32320K)->32106K(32320K) Class: 4168K(4352K)->4168K(4352K)
[245.542s][info][gc             ] GC(2218) Pause Young (Allocation Failure) 470M->181M(996M) 6.265ms
[245.542s][info][gc,cpu         ] GC(2218) User=0.00s Sys=0.00s Real=0.01s
[245.787s][info][gc,start       ] GC(2219) Pause Young (Allocation Failure)
[245.793s][info][gc,heap        ] GC(2219) PSYoungGen: 302235K(320512K)->11052K(324096K) Eden: 291840K(291840K)->0K(297472K) From: 10395K(28672K)->11052K(26624K)
[245.793s][info][gc,heap        ] GC(2219) ParOldGen: 175423K(699392K)->177231K(699392K)
[245.793s][info][gc,metaspace   ] GC(2219) Metaspace: 36275K(36672K)->36275K(36672K) NonClass: 32106K(32320K)->32106K(32320K) Class: 4168K(4352K)->4168K(4352K)
[245.793s][info][gc             ] GC(2219) Pause Young (Allocation Failure) 466M->183M(999M) 6.018ms
[245.793s][info][gc,cpu         ] GC(2219) User=0.00s Sys=0.00s Real=0.00s
[246.045s][info][gc,start       ] GC(2220) Pause Young (Allocation Failure)
[246.051s][info][gc,heap        ] GC(2220) PSYoungGen: 308524K(324096K)->20003K(317952K) Eden: 297472K(297472K)->0K(297472K) From: 11052K(26624K)->20003K(20480K)
[246.051s][info][gc,heap        ] GC(2220) ParOldGen: 177231K(699392K)->177795K(699392K)
[246.051s][info][gc,metaspace   ] GC(2220) Metaspace: 36275K(36672K)->36275K(36672K) NonClass: 32106K(32320K)->32106K(32320K) Class: 4168K(4352K)->4168K(4352K)
[246.051s][info][gc             ] GC(2220) Pause Young (Allocation Failure) 474M->193M(993M) 6.466ms
[246.051s][info][gc,cpu         ] GC(2220) User=0.09s Sys=0.00s Real=0.01s
[246.259s][info][gc,start       ] GC(2221) Pause Young (System.gc())
[246.266s][info][gc,heap        ] GC(2221) PSYoungGen: 261326K(317952K)->9850K(323072K) Eden: 241322K(297472K)->0K(295936K) From: 20003K(20480K)->9850K(27136K)
[246.266s][info][gc,heap        ] GC(2221) ParOldGen: 177795K(699392K)->180519K(699392K)
[246.266s][info][gc,metaspace   ] GC(2221) Metaspace: 36278K(36672K)->36278K(36672K) NonClass: 32110K(32320K)->32110K(32320K) Class: 4168K(4352K)->4168K(4352K)
[246.266s][info][gc             ] GC(2221) Pause Young (System.gc()) 428M->185M(998M) 6.655ms
[246.266s][info][gc,cpu         ] GC(2221) User=0.09s Sys=0.00s Real=0.01s
[246.266s][info][gc,start       ] GC(2222) Pause Full (System.gc())
[246.266s][info][gc,phases,start] GC(2222) Marking Phase
[246.282s][info][gc,phases      ] GC(2222) Marking Phase 16.343ms
[246.282s][info][gc,phases,start] GC(2222) Summary Phase
[246.282s][info][gc,phases      ] GC(2222) Summary Phase 0.013ms
[246.282s][info][gc,phases,start] GC(2222) Adjust Roots
[246.286s][info][gc,phases      ] GC(2222) Adjust Roots 3.772ms
[246.286s][info][gc,phases,start] GC(2222) Compaction Phase
[246.294s][info][gc,phases      ] GC(2222) Compaction Phase 7.679ms
[246.294s][info][gc,phases,start] GC(2222) Post Compact
[246.295s][info][gc,phases      ] GC(2222) Post Compact 0.729ms
[246.295s][info][gc,heap        ] GC(2222) PSYoungGen: 9850K(323072K)->0K(323072K) Eden: 0K(295936K)->0K(295936K) From: 9850K(27136K)->0K(27136K)
[246.295s][info][gc,heap        ] GC(2222) ParOldGen: 180519K(699392K)->112665K(699392K)
[246.295s][info][gc,metaspace   ] GC(2222) Metaspace: 36278K(36672K)->36278K(36672K) NonClass: 32110K(32320K)->32110K(32320K) Class: 4168K(4352K)->4168K(4352K)
[246.295s][info][gc             ] GC(2222) Pause Full (System.gc()) 185M->110M(998M) 28.811ms
[246.295s][info][gc,cpu         ] GC(2222) User=0.02s Sys=0.00s Real=0.03s
[246.342s][info][gc,start       ] GC(2223) Pause Young (Allocation Failure)
[246.342s][info][gc,heap        ] GC(2223) PSYoungGen: 295936K(323072K)->192K(322048K) Eden: 295936K(295936K)->0K(295936K) From: 0K(27136K)->192K(26112K)
[246.343s][info][gc,heap        ] GC(2223) ParOldGen: 112665K(699392K)->112665K(699392K)
[246.343s][info][gc,metaspace   ] GC(2223) Metaspace: 36279K(36672K)->36279K(36672K) NonClass: 32110K(32320K)->32110K(32320K) Class: 4168K(4352K)->4168K(4352K)
[246.343s][info][gc             ] GC(2223) Pause Young (Allocation Failure) 399M->110M(997M) 0.408ms
[246.343s][info][gc,cpu         ] GC(2223) User=0.00s Sys=0.00s Real=0.00s
[246.387s][info][gc,start       ] GC(2224) Pause Young (Allocation Failure)
[246.387s][info][gc,heap        ] GC(2224) PSYoungGen: 296128K(322048K)->160K(322560K) Eden: 295936K(295936K)->0K(295936K) From: 192K(26112K)->160K(26624K)
[246.387s][info][gc,heap        ] GC(2224) ParOldGen: 112665K(699392K)->112713K(699392K)
[246.387s][info][gc,metaspace   ] GC(2224) Metaspace: 36279K(36672K)->36279K(36672K) NonClass: 32110K(32320K)->32110K(32320K) Class: 4168K(4352K)->4168K(4352K)
[246.387s][info][gc             ] GC(2224) Pause Young (Allocation Failure) 399M->110M(998M) 0.372ms
[246.387s][info][gc,cpu         ] GC(2224) User=0.00s Sys=0.00s Real=0.00s
[246.432s][info][gc,start       ] GC(2225) Pause Young (Allocation Failure)
[246.433s][info][gc,heap        ] GC(2225) PSYoungGen: 296096K(322560K)->192K(322560K) Eden: 295936K(295936K)->0K(295936K) From: 160K(26624K)->192K(26624K)
[246.433s][info][gc,heap        ] GC(2225) ParOldGen: 112713K(699392K)->112713K(699392K)
[246.433s][info][gc,metaspace   ] GC(2225) Metaspace: 36279K(36672K)->36279K(36672K) NonClass: 32110K(32320K)->32110K(32320K) Class: 4168K(4352K)->4168K(4352K)
[246.433s][info][gc             ] GC(2225) Pause Young (Allocation Failure) 399M->110M(998M) 0.358ms
[246.433s][info][gc,cpu         ] GC(2225) User=0.00s Sys=0.00s Real=0.00s
[246.477s][info][gc,start       ] GC(2226) Pause Young (Allocation Failure)
[246.478s][info][gc,heap        ] GC(2226) PSYoungGen: 296128K(322560K)->192K(323072K) Eden: 295936K(295936K)->0K(296448K) From: 192K(26624K)->192K(26624K)
[246.478s][info][gc,heap        ] GC(2226) ParOldGen: 112713K(699392K)->112713K(699392K)
[246.478s][info][gc,metaspace   ] GC(2226) Metaspace: 36279K(36672K)->36279K(36672K) NonClass: 32110K(32320K)->32110K(32320K) Class: 4168K(4352K)->4168K(4352K)
[246.478s][info][gc             ] GC(2226) Pause Young (Allocation Failure) 399M->110M(998M) 0.387ms
[246.478s][info][gc,cpu         ] GC(2226) User=0.00s Sys=0.00s Real=0.00s
[246.522s][info][gc,start       ] GC(2227) Pause Young (Allocation Failure)
[246.522s][info][gc,heap        ] GC(2227) PSYoungGen: 296640K(323072K)->160K(322560K) Eden: 296448K(296448K)->0K(296448K) From: 192K(26624K)->160K(26112K)
[246.522s][info][gc,heap        ] GC(2227) ParOldGen: 112713K(699392K)->112713K(699392K)
[246.522s][info][gc,metaspace   ] GC(2227) Metaspace: 36279K(36672K)->36279K(36672K) NonClass: 32110K(32320K)->32110K(32320K) Class: 4168K(4352K)->4168K(4352K)
[246.522s][info][gc             ] GC(2227) Pause Young (Allocation Failure) 399M->110M(998M) 0.399ms
[246.522s][info][gc,cpu         ] GC(2227) User=0.00s Sys=0.00s Real=0.00s
[246.567s][info][gc,start       ] GC(2228) Pause Young (Allocation Failure)
[246.567s][info][gc,heap        ] GC(2228) PSYoungGen: 296608K(322560K)->192K(324096K) Eden: 296448K(296448K)->0K(298496K) From: 160K(26112K)->192K(25600K)
[246.567s][info][gc,heap        ] GC(2228) ParOldGen: 112713K(699392K)->112713K(699392K)
[246.567s][info][gc,metaspace   ] GC(2228) Metaspace: 36279K(36672K)->36279K(36672K) NonClass: 32110K(32320K)->32110K(32320K) Class: 4168K(4352K)->4168K(4352K)
[246.567s][info][gc             ] GC(2228) Pause Young (Allocation Failure) 399M->110M(999M) 0.359ms
[246.567s][info][gc,cpu         ] GC(2228) User=0.00s Sys=0.00s Real=0.00s
[246.612s][info][gc,start       ] GC(2229) Pause Young (Allocation Failure)
[246.612s][info][gc,heap        ] GC(2229) PSYoungGen: 298688K(324096K)->160K(323584K) Eden: 298496K(298496K)->0K(298496K) From: 192K(25600K)->160K(25088K)
[246.612s][info][gc,heap        ] GC(2229) ParOldGen: 112713K(699392K)->112713K(699392K)
[246.612s][info][gc,metaspace   ] GC(2229) Metaspace: 36279K(36672K)->36279K(36672K) NonClass: 32110K(32320K)->32110K(32320K) Class: 4168K(4352K)->4168K(4352K)
[246.612s][info][gc             ] GC(2229) Pause Young (Allocation Failure) 401M->110M(999M) 0.406ms
[246.612s][info][gc,cpu         ] GC(2229) User=0.00s Sys=0.00s Real=0.00s
[246.656s][info][gc,start       ] GC(2230) Pause Young (Allocation Failure)
[246.656s][info][gc,heap        ] GC(2230) PSYoungGen: 298656K(323584K)->160K(326144K) Eden: 298496K(298496K)->0K(302080K) From: 160K(25088K)->160K(24064K)
[246.656s][info][gc,heap        ] GC(2230) ParOldGen: 112713K(699392K)->112713K(699392K)
[246.656s][info][gc,metaspace   ] GC(2230) Metaspace: 36279K(36672K)->36279K(36672K) NonClass: 32110K(32320K)->32110K(32320K) Class: 4168K(4352K)->4168K(4352K)
[246.656s][info][gc             ] GC(2230) Pause Young (Allocation Failure) 401M->110M(1001M) 0.423ms
[246.656s][info][gc,cpu         ] GC(2230) User=0.00s Sys=0.00s Real=0.00s
[246.701s][info][gc,start       ] GC(2231) Pause Young (Allocation Failure)
[246.701s][info][gc,heap        ] GC(2231) PSYoungGen: 302240K(326144K)->192K(325120K) Eden: 302080K(302080K)->0K(302080K) From: 160K(24064K)->192K(23040K)
[246.701s][info][gc,heap        ] GC(2231) ParOldGen: 112713K(699392K)->112713K(699392K)
[246.701s][info][gc,metaspace   ] GC(2231) Metaspace: 36279K(36672K)->36279K(36672K) NonClass: 32110K(32320K)->32110K(32320K) Class: 4168K(4352K)->4168K(4352K)
[246.701s][info][gc             ] GC(2231) Pause Young (Allocation Failure) 405M->110M(1000M) 0.343ms
[246.701s][info][gc,cpu         ] GC(2231) User=0.00s Sys=0.00s Real=0.00s
[246.746s][info][gc,start       ] GC(2232) Pause Young (Allocation Failure)
[246.746s][info][gc,heap        ] GC(2232) PSYoungGen: 302272K(325120K)->160K(328192K) Eden: 302080K(302080K)->0K(306176K) From: 192K(23040K)->160K(22016K)
[246.746s][info][gc,heap        ] GC(2232) ParOldGen: 112713K(699392K)->112713K(699392K)
[246.746s][info][gc,metaspace   ] GC(2232) Metaspace: 36279K(36672K)->36279K(36672K) NonClass: 32110K(32320K)->32110K(32320K) Class: 4168K(4352K)->4168K(4352K)
[246.746s][info][gc             ] GC(2232) Pause Young (Allocation Failure) 405M->110M(1003M) 0.370ms
[246.746s][info][gc,cpu         ] GC(2232) User=0.00s Sys=0.00s Real=0.00s
[246.792s][info][gc,start       ] GC(2233) Pause Young (Allocation Failure)
[246.792s][info][gc,heap        ] GC(2233) PSYoungGen: 306336K(328192K)->160K(327168K) Eden: 306176K(306176K)->0K(306176K) From: 160K(22016K)->160K(20992K)
[246.792s][info][gc,heap        ] GC(2233) ParOldGen: 112713K(699392K)->112713K(699392K)
[246.792s][info][gc,metaspace   ] GC(2233) Metaspace: 36279K(36672K)->36279K(36672K) NonClass: 32110K(32320K)->32110K(32320K) Class: 4168K(4352K)->4168K(4352K)
[246.792s][info][gc             ] GC(2233) Pause Young (Allocation Failure) 409M->110M(1002M) 0.389ms
[246.792s][info][gc,cpu         ] GC(2233) User=0.00s Sys=0.00s Real=0.00s
[246.841s][info][gc,start       ] GC(2234) Pause Young (Allocation Failure)
[246.842s][info][gc,heap        ] GC(2234) PSYoungGen: 306336K(327168K)->160K(329728K) Eden: 306176K(306176K)->0K(309760K) From: 160K(20992K)->160K(19968K)
[246.842s][info][gc,heap        ] GC(2234) ParOldGen: 112713K(699392K)->112713K(699392K)
[246.842s][info][gc,metaspace   ] GC(2234) Metaspace: 36279K(36672K)->36279K(36672K) NonClass: 32110K(32320K)->32110K(32320K) Class: 4168K(4352K)->4168K(4352K)
[246.842s][info][gc             ] GC(2234) Pause Young (Allocation Failure) 409M->110M(1005M) 1.137ms
[246.842s][info][gc,cpu         ] GC(2234) User=0.00s Sys=0.00s Real=0.00s
[246.890s][info][gc,start       ] GC(2235) Pause Young (Allocation Failure)
[246.891s][info][gc,heap        ] GC(2235) PSYoungGen: 309920K(329728K)->192K(329216K) Eden: 309760K(309760K)->0K(309760K) From: 160K(19968K)->192K(19456K)
[246.891s][info][gc,heap        ] GC(2235) ParOldGen: 112713K(699392K)->112713K(699392K)
[246.891s][info][gc,metaspace   ] GC(2235) Metaspace: 36279K(36672K)->36279K(36672K) NonClass: 32110K(32320K)->32110K(32320K) Class: 4168K(4352K)->4168K(4352K)
[246.891s][info][gc             ] GC(2235) Pause Young (Allocation Failure) 412M->110M(1004M) 0.517ms
[246.891s][info][gc,cpu         ] GC(2235) User=0.08s Sys=0.00s Real=0.00s
[246.939s][info][gc,start       ] GC(2236) Pause Young (Allocation Failure)
[246.939s][info][gc,heap        ] GC(2236) PSYoungGen: 309952K(329216K)->192K(331776K) Eden: 309760K(309760K)->0K(313344K) From: 192K(19456K)->192K(18432K)
[246.939s][info][gc,heap        ] GC(2236) ParOldGen: 112713K(699392K)->112713K(699392K)
[246.939s][info][gc,metaspace   ] GC(2236) Metaspace: 36279K(36672K)->36279K(36672K) NonClass: 32110K(32320K)->32110K(32320K) Class: 4168K(4352K)->4168K(4352K)
[246.939s][info][gc             ] GC(2236) Pause Young (Allocation Failure) 412M->110M(1007M) 0.406ms
[246.939s][info][gc,cpu         ] GC(2236) User=0.00s Sys=0.00s Real=0.00s
[246.991s][info][gc,start       ] GC(2237) Pause Young (Allocation Failure)
[246.992s][info][gc,heap        ] GC(2237) PSYoungGen: 313536K(331776K)->192K(330752K) Eden: 313344K(313344K)->0K(313344K) From: 192K(18432K)->192K(17408K)
[246.992s][info][gc,heap        ] GC(2237) ParOldGen: 112713K(699392K)->112713K(699392K)
[246.992s][info][gc,metaspace   ] GC(2237) Metaspace: 36279K(36672K)->36279K(36672K) NonClass: 32110K(32320K)->32110K(32320K) Class: 4168K(4352K)->4168K(4352K)
[246.992s][info][gc             ] GC(2237) Pause Young (Allocation Failure) 416M->110M(1006M) 0.435ms
[246.992s][info][gc,cpu         ] GC(2237) User=0.00s Sys=0.00s Real=0.00s
[247.052s][info][gc,start       ] GC(2238) Pause Young (Allocation Failure)
[247.052s][info][gc,heap        ] GC(2238) PSYoungGen: 313536K(330752K)->192K(333824K) Eden: 313344K(313344K)->0K(317440K) From: 192K(17408K)->192K(16384K)
[247.052s][info][gc,heap        ] GC(2238) ParOldGen: 112713K(699392K)->112761K(699392K)
[247.052s][info][gc,metaspace   ] GC(2238) Metaspace: 36279K(36672K)->36279K(36672K) NonClass: 32110K(32320K)->32110K(32320K) Class: 4168K(4352K)->4168K(4352K)
[247.052s][info][gc             ] GC(2238) Pause Young (Allocation Failure) 416M->110M(1009M) 0.427ms
[247.052s][info][gc,cpu         ] GC(2238) User=0.00s Sys=0.00s Real=0.00s
[247.113s][info][gc,start       ] GC(2239) Pause Young (Allocation Failure)
[247.113s][info][gc,heap        ] GC(2239) PSYoungGen: 317632K(333824K)->192K(332800K) Eden: 317440K(317440K)->0K(317440K) From: 192K(16384K)->192K(15360K)
[247.113s][info][gc,heap        ] GC(2239) ParOldGen: 112761K(699392K)->112761K(699392K)
[247.113s][info][gc,metaspace   ] GC(2239) Metaspace: 36279K(36672K)->36279K(36672K) NonClass: 32110K(32320K)->32110K(32320K) Class: 4168K(4352K)->4168K(4352K)
[247.113s][info][gc             ] GC(2239) Pause Young (Allocation Failure) 420M->110M(1008M) 0.401ms
[247.113s][info][gc,cpu         ] GC(2239) User=0.00s Sys=0.00s Real=0.00s
[247.174s][info][gc,start       ] GC(2240) Pause Young (Allocation Failure)
[247.174s][info][gc,heap        ] GC(2240) PSYoungGen: 317632K(332800K)->192K(335872K) Eden: 317440K(317440K)->0K(321536K) From: 192K(15360K)->192K(14336K)
[247.174s][info][gc,heap        ] GC(2240) ParOldGen: 112761K(699392K)->112761K(699392K)
[247.174s][info][gc,metaspace   ] GC(2240) Metaspace: 36279K(36672K)->36279K(36672K) NonClass: 32110K(32320K)->32110K(32320K) Class: 4168K(4352K)->4168K(4352K)
[247.174s][info][gc             ] GC(2240) Pause Young (Allocation Failure) 420M->110M(1011M) 0.430ms
[247.174s][info][gc,cpu         ] GC(2240) User=0.00s Sys=0.00s Real=0.00s
[247.237s][info][gc,start       ] GC(2241) Pause Young (Allocation Failure)
[247.237s][info][gc,heap        ] GC(2241) PSYoungGen: 321728K(335872K)->160K(334848K) Eden: 321536K(321536K)->0K(321536K) From: 192K(14336K)->160K(13312K)
[247.237s][info][gc,heap        ] GC(2241) ParOldGen: 112761K(699392K)->112761K(699392K)
[247.237s][info][gc,metaspace   ] GC(2241) Metaspace: 36279K(36672K)->36279K(36672K) NonClass: 32110K(32320K)->32110K(32320K) Class: 4168K(4352K)->4168K(4352K)
[247.237s][info][gc             ] GC(2241) Pause Young (Allocation Failure) 424M->110M(1010M) 0.595ms
[247.237s][info][gc,cpu         ] GC(2241) User=0.00s Sys=0.00s Real=0.00s
[247.301s][info][gc,start       ] GC(2242) Pause Young (Allocation Failure)
[247.301s][info][gc,heap        ] GC(2242) PSYoungGen: 321696K(334848K)->192K(337408K) Eden: 321536K(321536K)->0K(324608K) From: 160K(13312K)->192K(12800K)
[247.301s][info][gc,heap        ] GC(2242) ParOldGen: 112761K(699392K)->112761K(699392K)
[247.301s][info][gc,metaspace   ] GC(2242) Metaspace: 36279K(36672K)->36279K(36672K) NonClass: 32110K(32320K)->32110K(32320K) Class: 4168K(4352K)->4168K(4352K)
[247.301s][info][gc             ] GC(2242) Pause Young (Allocation Failure) 424M->110M(1012M) 0.402ms
[247.301s][info][gc,cpu         ] GC(2242) User=0.00s Sys=0.00s Real=0.00s
[247.361s][info][gc,start       ] GC(2243) Pause Young (Allocation Failure)
[247.362s][info][gc,heap        ] GC(2243) PSYoungGen: 324800K(337408K)->160K(336384K) Eden: 324608K(324608K)->0K(324608K) From: 192K(12800K)->160K(11776K)
[247.362s][info][gc,heap        ] GC(2243) ParOldGen: 112761K(699392K)->112761K(699392K)
[247.362s][info][gc,metaspace   ] GC(2243) Metaspace: 36279K(36672K)->36279K(36672K) NonClass: 32110K(32320K)->32110K(32320K) Class: 4168K(4352K)->4168K(4352K)
[247.362s][info][gc             ] GC(2243) Pause Young (Allocation Failure) 427M->110M(1011M) 0.406ms
[247.362s][info][gc,cpu         ] GC(2243) User=0.00s Sys=0.00s Real=0.00s
[247.421s][info][gc,start       ] GC(2244) Pause Young (Allocation Failure)
[247.421s][info][gc,heap        ] GC(2244) PSYoungGen: 324768K(336384K)->192K(338944K) Eden: 324608K(324608K)->0K(327680K) From: 160K(11776K)->192K(11264K)
[247.421s][info][gc,heap        ] GC(2244) ParOldGen: 112761K(699392K)->112761K(699392K)
[247.421s][info][gc,metaspace   ] GC(2244) Metaspace: 36279K(36672K)->36279K(36672K) NonClass: 32110K(32320K)->32110K(32320K) Class: 4168K(4352K)->4168K(4352K)
[247.421s][info][gc             ] GC(2244) Pause Young (Allocation Failure) 427M->110M(1014M) 0.417ms
[247.421s][info][gc,cpu         ] GC(2244) User=0.00s Sys=0.00s Real=0.00s
[247.482s][info][gc,start       ] GC(2245) Pause Young (Allocation Failure)
[247.482s][info][gc,heap        ] GC(2245) PSYoungGen: 327872K(338944K)->160K(337920K) Eden: 327680K(327680K)->0K(327680K) From: 192K(11264K)->160K(10240K)
[247.482s][info][gc,heap        ] GC(2245) ParOldGen: 112761K(699392K)->112761K(699392K)
[247.482s][info][gc,metaspace   ] GC(2245) Metaspace: 36279K(36672K)->36279K(36672K) NonClass: 32110K(32320K)->32110K(32320K) Class: 4168K(4352K)->4168K(4352K)
[247.482s][info][gc             ] GC(2245) Pause Young (Allocation Failure) 430M->110M(1013M) 0.419ms
[247.482s][info][gc,cpu         ] GC(2245) User=0.00s Sys=0.00s Real=0.00s
[247.545s][info][gc,start       ] GC(2246) Pause Young (Allocation Failure)
[247.545s][info][gc,heap        ] GC(2246) PSYoungGen: 327840K(337920K)->192K(339968K) Eden: 327680K(327680K)->0K(330240K) From: 160K(10240K)->192K(9728K)
[247.545s][info][gc,heap        ] GC(2246) ParOldGen: 112761K(699392K)->112761K(699392K)
[247.545s][info][gc,metaspace   ] GC(2246) Metaspace: 36279K(36672K)->36279K(36672K) NonClass: 32110K(32320K)->32110K(32320K) Class: 4168K(4352K)->4168K(4352K)
[247.545s][info][gc             ] GC(2246) Pause Young (Allocation Failure) 430M->110M(1015M) 0.565ms
[247.545s][info][gc,cpu         ] GC(2246) User=0.00s Sys=0.00s Real=0.00s
[247.609s][info][gc,start       ] GC(2247) Pause Young (Allocation Failure)
[247.609s][info][gc,heap        ] GC(2247) PSYoungGen: 330432K(339968K)->192K(339456K) Eden: 330240K(330240K)->0K(330240K) From: 192K(9728K)->192K(9216K)
[247.609s][info][gc,heap        ] GC(2247) ParOldGen: 112761K(699392K)->112761K(699392K)
[247.609s][info][gc,metaspace   ] GC(2247) Metaspace: 36279K(36672K)->36279K(36672K) NonClass: 32110K(32320K)->32110K(32320K) Class: 4168K(4352K)->4168K(4352K)
[247.609s][info][gc             ] GC(2247) Pause Young (Allocation Failure) 432M->110M(1014M) 0.417ms
[247.609s][info][gc,cpu         ] GC(2247) User=0.00s Sys=0.00s Real=0.00s
[247.671s][info][gc,start       ] GC(2248) Pause Young (Allocation Failure)
[247.672s][info][gc,heap        ] GC(2248) PSYoungGen: 330432K(339456K)->160K(341504K) Eden: 330240K(330240K)->0K(333312K) From: 192K(9216K)->160K(8192K)
[247.672s][info][gc,heap        ] GC(2248) ParOldGen: 112761K(699392K)->112761K(699392K)
[247.672s][info][gc,metaspace   ] GC(2248) Metaspace: 36279K(36672K)->36279K(36672K) NonClass: 32110K(32320K)->32110K(32320K) Class: 4168K(4352K)->4168K(4352K)
[247.672s][info][gc             ] GC(2248) Pause Young (Allocation Failure) 432M->110M(1016M) 0.419ms
[247.672s][info][gc,cpu         ] GC(2248) User=0.02s Sys=0.00s Real=0.00s
[247.733s][info][gc,start       ] GC(2249) Pause Young (Allocation Failure)
[247.734s][info][gc,heap        ] GC(2249) PSYoungGen: 333472K(341504K)->160K(340992K) Eden: 333312K(333312K)->0K(333312K) From: 160K(8192K)->160K(7680K)
[247.734s][info][gc,heap        ] GC(2249) ParOldGen: 112761K(699392K)->112761K(699392K)
[247.734s][info][gc,metaspace   ] GC(2249) Metaspace: 36279K(36672K)->36279K(36672K) NonClass: 32110K(32320K)->32110K(32320K) Class: 4168K(4352K)->4168K(4352K)
[247.734s][info][gc             ] GC(2249) Pause Young (Allocation Failure) 435M->110M(1016M) 0.422ms
[247.734s][info][gc,cpu         ] GC(2249) User=0.00s Sys=0.00s Real=0.00s
[247.797s][info][gc,start       ] GC(2250) Pause Young (Allocation Failure)
[247.797s][info][gc,heap        ] GC(2250) PSYoungGen: 333472K(340992K)->192K(342528K) Eden: 333312K(333312K)->0K(335360K) From: 160K(7680K)->192K(7168K)
[247.797s][info][gc,heap        ] GC(2250) ParOldGen: 112761K(699392K)->112761K(699392K)
[247.797s][info][gc,metaspace   ] GC(2250) Metaspace: 36279K(36672K)->36279K(36672K) NonClass: 32110K(32320K)->32110K(32320K) Class: 4168K(4352K)->4168K(4352K)
[247.797s][info][gc             ] GC(2250) Pause Young (Allocation Failure) 435M->110M(1017M) 0.395ms
[247.797s][info][gc,cpu         ] GC(2250) User=0.02s Sys=0.00s Real=0.00s
[247.863s][info][gc,start       ] GC(2251) Pause Young (Allocation Failure)
[247.863s][info][gc,heap        ] GC(2251) PSYoungGen: 335552K(342528K)->192K(342016K) Eden: 335360K(335360K)->0K(335360K) From: 192K(7168K)->192K(6656K)
[247.863s][info][gc,heap        ] GC(2251) ParOldGen: 112761K(699392K)->112761K(699392K)
[247.863s][info][gc,metaspace   ] GC(2251) Metaspace: 36279K(36672K)->36279K(36672K) NonClass: 32110K(32320K)->32110K(32320K) Class: 4168K(4352K)->4168K(4352K)
[247.863s][info][gc             ] GC(2251) Pause Young (Allocation Failure) 437M->110M(1017M) 0.453ms
[247.863s][info][gc,cpu         ] GC(2251) User=0.00s Sys=0.00s Real=0.00s
[247.927s][info][gc,start       ] GC(2252) Pause Young (Allocation Failure)
[247.927s][info][gc,heap        ] GC(2252) PSYoungGen: 335552K(342016K)->192K(343552K) Eden: 335360K(335360K)->0K(337408K) From: 192K(6656K)->192K(6144K)
[247.927s][info][gc,heap        ] GC(2252) ParOldGen: 112761K(699392K)->112761K(699392K)
[247.927s][info][gc,metaspace   ] GC(2252) Metaspace: 36279K(36672K)->36279K(36672K) NonClass: 32110K(32320K)->32110K(32320K) Class: 4168K(4352K)->4168K(4352K)
[247.927s][info][gc             ] GC(2252) Pause Young (Allocation Failure) 437M->110M(1018M) 0.408ms
[247.927s][info][gc,cpu         ] GC(2252) User=0.00s Sys=0.00s Real=0.00s
[247.989s][info][gc,start       ] GC(2253) Pause Young (Allocation Failure)
[247.990s][info][gc,heap        ] GC(2253) PSYoungGen: 337600K(343552K)->192K(343040K) Eden: 337408K(337408K)->0K(337408K) From: 192K(6144K)->192K(5632K)
[247.990s][info][gc,heap        ] GC(2253) ParOldGen: 112761K(699392K)->112761K(699392K)
[247.990s][info][gc,metaspace   ] GC(2253) Metaspace: 36279K(36672K)->36279K(36672K) NonClass: 32110K(32320K)->32110K(32320K) Class: 4168K(4352K)->4168K(4352K)
[247.990s][info][gc             ] GC(2253) Pause Young (Allocation Failure) 439M->110M(1018M) 0.391ms
[247.990s][info][gc,cpu         ] GC(2253) User=0.00s Sys=0.00s Real=0.00s
[248.053s][info][gc,start       ] GC(2254) Pause Young (Allocation Failure)
[248.053s][info][gc,heap        ] GC(2254) PSYoungGen: 337600K(343040K)->160K(344064K) Eden: 337408K(337408K)->0K(338432K) From: 192K(5632K)->160K(5632K)
[248.053s][info][gc,heap        ] GC(2254) ParOldGen: 112761K(699392K)->112761K(699392K)
[248.053s][info][gc,metaspace   ] GC(2254) Metaspace: 36279K(36672K)->36279K(36672K) NonClass: 32110K(32320K)->32110K(32320K) Class: 4168K(4352K)->4168K(4352K)
[248.053s][info][gc             ] GC(2254) Pause Young (Allocation Failure) 439M->110M(1019M) 0.391ms
[248.053s][info][gc,cpu         ] GC(2254) User=0.00s Sys=0.00s Real=0.00s
[248.117s][info][gc,start       ] GC(2255) Pause Young (Allocation Failure)
[248.117s][info][gc,heap        ] GC(2255) PSYoungGen: 338592K(344064K)->160K(343552K) Eden: 338432K(338432K)->0K(338432K) From: 160K(5632K)->160K(5120K)
[248.117s][info][gc,heap        ] GC(2255) ParOldGen: 112761K(699392K)->112761K(699392K)
[248.117s][info][gc,metaspace   ] GC(2255) Metaspace: 36279K(36672K)->36279K(36672K) NonClass: 32110K(32320K)->32110K(32320K) Class: 4168K(4352K)->4168K(4352K)
[248.117s][info][gc             ] GC(2255) Pause Young (Allocation Failure) 440M->110M(1018M) 0.412ms
[248.117s][info][gc,cpu         ] GC(2255) User=0.00s Sys=0.00s Real=0.00s
[248.182s][info][gc,start       ] GC(2256) Pause Young (Allocation Failure)
[248.183s][info][gc,heap        ] GC(2256) PSYoungGen: 338592K(343552K)->160K(344576K) Eden: 338432K(338432K)->0K(339968K) From: 160K(5120K)->160K(4608K)
[248.183s][info][gc,heap        ] GC(2256) ParOldGen: 112761K(699392K)->112761K(699392K)
[248.183s][info][gc,metaspace   ] GC(2256) Metaspace: 36279K(36672K)->36279K(36672K) NonClass: 32110K(32320K)->32110K(32320K) Class: 4168K(4352K)->4168K(4352K)
[248.183s][info][gc             ] GC(2256) Pause Young (Allocation Failure) 440M->110M(1019M) 0.378ms
[248.183s][info][gc,cpu         ] GC(2256) User=0.00s Sys=0.00s Real=0.00s
[248.247s][info][gc,start       ] GC(2257) Pause Young (Allocation Failure)
[248.248s][info][gc,heap        ] GC(2257) PSYoungGen: 340128K(344576K)->192K(344576K) Eden: 339968K(339968K)->0K(339968K) From: 160K(4608K)->192K(4608K)
[248.248s][info][gc,heap        ] GC(2257) ParOldGen: 112761K(699392K)->112761K(699392K)
[248.248s][info][gc,metaspace   ] GC(2257) Metaspace: 36279K(36672K)->36279K(36672K) NonClass: 32110K(32320K)->32110K(32320K) Class: 4168K(4352K)->4168K(4352K)
[248.248s][info][gc             ] GC(2257) Pause Young (Allocation Failure) 442M->110M(1019M) 0.459ms
[248.248s][info][gc,cpu         ] GC(2257) User=0.00s Sys=0.00s Real=0.00s
[248.312s][info][gc,start       ] GC(2258) Pause Young (Allocation Failure)
[248.313s][info][gc,heap        ] GC(2258) PSYoungGen: 340160K(344576K)->160K(345600K) Eden: 339968K(339968K)->0K(341504K) From: 192K(4608K)->160K(4096K)
[248.313s][info][gc,heap        ] GC(2258) ParOldGen: 112761K(699392K)->112761K(699392K)
[248.313s][info][gc,metaspace   ] GC(2258) Metaspace: 36279K(36672K)->36279K(36672K) NonClass: 32110K(32320K)->32110K(32320K) Class: 4168K(4352K)->4168K(4352K)
[248.313s][info][gc             ] GC(2258) Pause Young (Allocation Failure) 442M->110M(1020M) 0.432ms
[248.313s][info][gc,cpu         ] GC(2258) User=0.00s Sys=0.00s Real=0.00s
[248.379s][info][gc,start       ] GC(2259) Pause Young (Allocation Failure)
[248.380s][info][gc,heap        ] GC(2259) PSYoungGen: 341664K(345600K)->192K(345088K) Eden: 341504K(341504K)->0K(341504K) From: 160K(4096K)->192K(3584K)
[248.380s][info][gc,heap        ] GC(2259) ParOldGen: 112761K(699392K)->112761K(699392K)
[248.380s][info][gc,metaspace   ] GC(2259) Metaspace: 36279K(36672K)->36279K(36672K) NonClass: 32110K(32320K)->32110K(32320K) Class: 4168K(4352K)->4168K(4352K)
[248.380s][info][gc             ] GC(2259) Pause Young (Allocation Failure) 443M->110M(1020M) 0.451ms
[248.380s][info][gc,cpu         ] GC(2259) User=0.00s Sys=0.00s Real=0.00s
[248.444s][info][gc,start       ] GC(2260) Pause Young (Allocation Failure)
[248.445s][info][gc,heap        ] GC(2260) PSYoungGen: 341696K(345088K)->160K(346112K) Eden: 341504K(341504K)->0K(342528K) From: 192K(3584K)->160K(3584K)
[248.445s][info][gc,heap        ] GC(2260) ParOldGen: 112761K(699392K)->112761K(699392K)
[248.445s][info][gc,metaspace   ] GC(2260) Metaspace: 36279K(36672K)->36279K(36672K) NonClass: 32110K(32320K)->32110K(32320K) Class: 4168K(4352K)->4168K(4352K)
[248.445s][info][gc             ] GC(2260) Pause Young (Allocation Failure) 443M->110M(1021M) 0.387ms
[248.445s][info][gc,cpu         ] GC(2260) User=0.00s Sys=0.00s Real=0.00s
[248.511s][info][gc,start       ] GC(2261) Pause Young (Allocation Failure)
[248.512s][info][gc,heap        ] GC(2261) PSYoungGen: 342688K(346112K)->160K(345600K) Eden: 342528K(342528K)->0K(342528K) From: 160K(3584K)->160K(3072K)
[248.512s][info][gc,heap        ] GC(2261) ParOldGen: 112761K(699392K)->112761K(699392K)
[248.512s][info][gc,metaspace   ] GC(2261) Metaspace: 36279K(36672K)->36279K(36672K) NonClass: 32110K(32320K)->32110K(32320K) Class: 4168K(4352K)->4168K(4352K)
[248.512s][info][gc             ] GC(2261) Pause Young (Allocation Failure) 444M->110M(1020M) 0.379ms
[248.512s][info][gc,cpu         ] GC(2261) User=0.00s Sys=0.00s Real=0.00s
[248.577s][info][gc,start       ] GC(2262) Pause Young (Allocation Failure)
[248.577s][info][gc,heap        ] GC(2262) PSYoungGen: 342687K(345600K)->160K(346112K) Eden: 342527K(342528K)->0K(343040K) From: 160K(3072K)->160K(3072K)
[248.577s][info][gc,heap        ] GC(2262) ParOldGen: 112761K(699392K)->112761K(699392K)
[248.577s][info][gc,metaspace   ] GC(2262) Metaspace: 36279K(36672K)->36279K(36672K) NonClass: 32110K(32320K)->32110K(32320K) Class: 4168K(4352K)->4168K(4352K)
[248.577s][info][gc             ] GC(2262) Pause Young (Allocation Failure) 444M->110M(1021M) 0.431ms
[248.577s][info][gc,cpu         ] GC(2262) User=0.00s Sys=0.00s Real=0.00s
[248.644s][info][gc,start       ] GC(2263) Pause Young (Allocation Failure)
[248.644s][info][gc,heap        ] GC(2263) PSYoungGen: 343200K(346112K)->192K(346112K) Eden: 343040K(343040K)->0K(343040K) From: 160K(3072K)->192K(3072K)
[248.644s][info][gc,heap        ] GC(2263) ParOldGen: 112761K(699392K)->112761K(699392K)
[248.644s][info][gc,metaspace   ] GC(2263) Metaspace: 36279K(36672K)->36279K(36672K) NonClass: 32110K(32320K)->32110K(32320K) Class: 4168K(4352K)->4168K(4352K)
[248.644s][info][gc             ] GC(2263) Pause Young (Allocation Failure) 445M->110M(1021M) 0.455ms
[248.644s][info][gc,cpu         ] GC(2263) User=0.00s Sys=0.00s Real=0.00s
[248.727s][info][gc,start       ] GC(2264) Pause Young (Allocation Failure)
[248.727s][info][gc,heap        ] GC(2264) PSYoungGen: 343232K(346112K)->192K(346624K) Eden: 343040K(343040K)->0K(344064K) From: 192K(3072K)->192K(2560K)
[248.727s][info][gc,heap        ] GC(2264) ParOldGen: 112761K(699392K)->112761K(699392K)
[248.727s][info][gc,metaspace   ] GC(2264) Metaspace: 36279K(36672K)->36279K(36672K) NonClass: 32110K(32320K)->32110K(32320K) Class: 4168K(4352K)->4168K(4352K)
[248.727s][info][gc             ] GC(2264) Pause Young (Allocation Failure) 445M->110M(1021M) 0.475ms
[248.727s][info][gc,cpu         ] GC(2264) User=0.00s Sys=0.00s Real=0.00s
[249.037s][info][gc,start       ] GC(2265) Pause Young (Allocation Failure)
[249.047s][info][gc,heap        ] GC(2265) PSYoungGen: 343076K(346624K)->2534K(346624K) Eden: 342884K(344064K)->0K(344064K) From: 192K(2560K)->2534K(2560K)
[249.047s][info][gc,heap        ] GC(2265) ParOldGen: 112761K(699392K)->140629K(699392K)
[249.047s][info][gc,metaspace   ] GC(2265) Metaspace: 36279K(36672K)->36279K(36672K) NonClass: 32110K(32320K)->32110K(32320K) Class: 4168K(4352K)->4168K(4352K)
[249.047s][info][gc             ] GC(2265) Pause Young (Allocation Failure) 445M->139M(1021M) 10.947ms
[249.047s][info][gc,cpu         ] GC(2265) User=0.09s Sys=0.00s Real=0.01s
[249.367s][info][gc,start       ] GC(2266) Pause Young (Allocation Failure)
[249.381s][info][gc,heap        ] GC(2266) PSYoungGen: 346598K(346624K)->2530K(298496K) Eden: 344064K(344064K)->0K(295936K) From: 2534K(2560K)->2530K(2560K)
[249.381s][info][gc,heap        ] GC(2266) ParOldGen: 140629K(699392K)->179872K(699392K)
[249.381s][info][gc,metaspace   ] GC(2266) Metaspace: 36279K(36672K)->36279K(36672K) NonClass: 32110K(32320K)->32110K(32320K) Class: 4168K(4352K)->4168K(4352K)
[249.381s][info][gc             ] GC(2266) Pause Young (Allocation Failure) 475M->178M(974M) 14.339ms
[249.381s][info][gc,cpu         ] GC(2266) User=0.08s Sys=0.02s Real=0.02s
[249.649s][info][gc,start       ] GC(2267) Pause Young (Allocation Failure)
[249.658s][info][gc,heap        ] GC(2267) PSYoungGen: 293974K(298496K)->25655K(322048K) Eden: 291443K(295936K)->0K(295936K) From: 2530K(2560K)->25655K(26112K)
[249.658s][info][gc,heap        ] GC(2267) ParOldGen: 179872K(699392K)->187104K(699392K)
[249.658s][info][gc,metaspace   ] GC(2267) Metaspace: 36279K(36672K)->36279K(36672K) NonClass: 32110K(32320K)->32110K(32320K) Class: 4168K(4352K)->4168K(4352K)
[249.658s][info][gc             ] GC(2267) Pause Young (Allocation Failure) 462M->207M(997M) 8.762ms
[249.658s][info][gc,cpu         ] GC(2267) User=0.09s Sys=0.00s Real=0.01s
[249.929s][info][gc,start       ] GC(2268) Pause Young (Allocation Failure)
[249.937s][info][gc,heap        ] GC(2268) PSYoungGen: 320233K(322048K)->14206K(313856K) Eden: 294577K(295936K)->0K(286720K) From: 25655K(26112K)->14206K(27136K)
[249.937s][info][gc,heap        ] GC(2268) ParOldGen: 187104K(699392K)->199306K(699392K)
[249.937s][info][gc,metaspace   ] GC(2268) Metaspace: 36279K(36672K)->36279K(36672K) NonClass: 32110K(32320K)->32110K(32320K) Class: 4168K(4352K)->4168K(4352K)
[249.937s][info][gc             ] GC(2268) Pause Young (Allocation Failure) 495M->208M(989M) 7.824ms
[249.937s][info][gc,cpu         ] GC(2268) User=0.00s Sys=0.00s Real=0.01s
[250.186s][info][gc,start       ] GC(2269) Pause Young (Allocation Failure)
[250.193s][info][gc,heap        ] GC(2269) PSYoungGen: 300414K(313856K)->20483K(307712K) Eden: 286207K(286720K)->0K(286720K) From: 14206K(27136K)->20483K(20992K)
[250.193s][info][gc,heap        ] GC(2269) ParOldGen: 199306K(699392K)->200542K(699392K)
[250.193s][info][gc,metaspace   ] GC(2269) Metaspace: 36279K(36672K)->36279K(36672K) NonClass: 32110K(32320K)->32110K(32320K) Class: 4168K(4352K)->4168K(4352K)
[250.193s][info][gc             ] GC(2269) Pause Young (Allocation Failure) 488M->215M(983M) 7.025ms
[250.193s][info][gc,cpu         ] GC(2269) User=0.09s Sys=0.00s Real=0.01s
[250.455s][info][gc,start       ] GC(2270) Pause Young (Allocation Failure)
[250.460s][info][gc,heap        ] GC(2270) PSYoungGen: 307203K(307712K)->10445K(318464K) Eden: 286720K(286720K)->0K(285184K) From: 20483K(20992K)->10445K(33280K)
[250.461s][info][gc,heap        ] GC(2270) ParOldGen: 200542K(699392K)->201261K(699392K)
[250.461s][info][gc,metaspace   ] GC(2270) Metaspace: 36279K(36672K)->36279K(36672K) NonClass: 32110K(32320K)->32110K(32320K) Class: 4168K(4352K)->4168K(4352K)
[250.461s][info][gc             ] GC(2270) Pause Young (Allocation Failure) 495M->206M(994M) 5.376ms
[250.461s][info][gc,cpu         ] GC(2270) User=0.00s Sys=0.00s Real=0.01s
[250.712s][info][gc,start       ] GC(2271) Pause Young (Allocation Failure)
[250.717s][info][gc,heap        ] GC(2271) PSYoungGen: 293903K(318464K)->13369K(315904K) Eden: 283457K(285184K)->0K(285184K) From: 10445K(33280K)->13369K(30720K)
[250.717s][info][gc,heap        ] GC(2271) ParOldGen: 201261K(699392K)->202158K(699392K)
[250.717s][info][gc,metaspace   ] GC(2271) Metaspace: 36279K(36672K)->36279K(36672K) NonClass: 32110K(32320K)->32110K(32320K) Class: 4168K(4352K)->4168K(4352K)
[250.717s][info][gc             ] GC(2271) Pause Young (Allocation Failure) 483M->210M(991M) 5.546ms
[250.717s][info][gc,cpu         ] GC(2271) User=0.00s Sys=0.00s Real=0.01s
[250.970s][info][gc,start       ] GC(2272) Pause Young (Allocation Failure)
[250.975s][info][gc,heap        ] GC(2272) PSYoungGen: 298553K(315904K)->11260K(321024K) Eden: 285184K(285184K)->0K(290816K) From: 13369K(30720K)->11260K(30208K)
[250.975s][info][gc,heap        ] GC(2272) ParOldGen: 202158K(699392K)->202480K(699392K)
[250.975s][info][gc,metaspace   ] GC(2272) Metaspace: 36279K(36672K)->36279K(36672K) NonClass: 32110K(32320K)->32110K(32320K) Class: 4168K(4352K)->4168K(4352K)
[250.975s][info][gc             ] GC(2272) Pause Young (Allocation Failure) 488M->208M(996M) 5.462ms
[250.975s][info][gc,cpu         ] GC(2272) User=0.00s Sys=0.00s Real=0.01s
[251.227s][info][gc,start       ] GC(2273) Pause Young (Allocation Failure)
[251.233s][info][gc,heap        ] GC(2273) PSYoungGen: 298562K(321024K)->15388K(318976K) Eden: 287301K(290816K)->0K(290816K) From: 11260K(30208K)->15388K(28160K)
[251.233s][info][gc,heap        ] GC(2273) ParOldGen: 202480K(699392K)->202892K(699392K)
[251.233s][info][gc,metaspace   ] GC(2273) Metaspace: 36279K(36672K)->36279K(36672K) NonClass: 32110K(32320K)->32110K(32320K) Class: 4168K(4352K)->4168K(4352K)
[251.233s][info][gc             ] GC(2273) Pause Young (Allocation Failure) 489M->213M(994M) 5.789ms
[251.233s][info][gc,cpu         ] GC(2273) User=0.00s Sys=0.00s Real=0.01s
[251.492s][info][gc,start       ] GC(2274) Pause Young (Allocation Failure)
[251.500s][info][gc,heap        ] GC(2274) PSYoungGen: 301603K(318976K)->22730K(315904K) Eden: 286214K(290816K)->0K(287744K) From: 15388K(28160K)->22730K(28160K)
[251.500s][info][gc,heap        ] GC(2274) ParOldGen: 202892K(699392K)->203340K(699392K)
[251.500s][info][gc,metaspace   ] GC(2274) Metaspace: 36279K(36672K)->36279K(36672K) NonClass: 32110K(32320K)->32110K(32320K) Class: 4168K(4352K)->4168K(4352K)
[251.500s][info][gc             ] GC(2274) Pause Young (Allocation Failure) 492M->220M(991M) 8.264ms
[251.500s][info][gc,cpu         ] GC(2274) User=0.00s Sys=0.00s Real=0.01s
[251.758s][info][gc,start       ] GC(2275) Pause Young (Allocation Failure)
[251.764s][info][gc,heap        ] GC(2275) PSYoungGen: 309589K(315904K)->13637K(318464K) Eden: 286858K(287744K)->0K(287744K) From: 22730K(28160K)->13637K(30720K)
[251.764s][info][gc,heap        ] GC(2275) ParOldGen: 203340K(699392K)->205731K(699392K)
[251.764s][info][gc,metaspace   ] GC(2275) Metaspace: 36279K(36672K)->36279K(36672K) NonClass: 32110K(32320K)->32110K(32320K) Class: 4168K(4352K)->4168K(4352K)
[251.764s][info][gc             ] GC(2275) Pause Young (Allocation Failure) 500M->214M(994M) 6.074ms
[251.764s][info][gc,cpu         ] GC(2275) User=0.00s Sys=0.00s Real=0.01s
[252.022s][info][gc,start       ] GC(2276) Pause Young (Allocation Failure)
[252.029s][info][gc,heap        ] GC(2276) PSYoungGen: 301381K(318464K)->16295K(320000K) Eden: 287744K(287744K)->0K(290816K) From: 13637K(30720K)->16295K(29184K)
[252.029s][info][gc,heap        ] GC(2276) ParOldGen: 205731K(699392K)->207230K(699392K)
[252.029s][info][gc,metaspace   ] GC(2276) Metaspace: 36279K(36672K)->36279K(36672K) NonClass: 32110K(32320K)->32110K(32320K) Class: 4168K(4352K)->4168K(4352K)
[252.029s][info][gc             ] GC(2276) Pause Young (Allocation Failure) 495M->218M(995M) 7.094ms
[252.029s][info][gc,cpu         ] GC(2276) User=0.00s Sys=0.00s Real=0.01s
[252.295s][info][gc,start       ] GC(2277) Pause Young (Allocation Failure)
[252.301s][info][gc,heap        ] GC(2277) PSYoungGen: 307111K(320000K)->11730K(320000K) Eden: 290816K(290816K)->0K(290816K) From: 16295K(29184K)->11730K(29184K)
[252.301s][info][gc,heap        ] GC(2277) ParOldGen: 207230K(699392K)->208983K(699392K)
[252.301s][info][gc,metaspace   ] GC(2277) Metaspace: 36279K(36672K)->36279K(36672K) NonClass: 32110K(32320K)->32110K(32320K) Class: 4168K(4352K)->4168K(4352K)
[252.301s][info][gc             ] GC(2277) Pause Young (Allocation Failure) 502M->215M(995M) 5.600ms
[252.301s][info][gc,cpu         ] GC(2277) User=0.09s Sys=0.00s Real=0.01s
[252.559s][info][gc,start       ] GC(2278) Pause Young (Allocation Failure)
[252.564s][info][gc,heap        ] GC(2278) PSYoungGen: 300504K(320000K)->13704K(322560K) Eden: 288774K(290816K)->0K(294912K) From: 11730K(29184K)->13704K(27648K)
[252.564s][info][gc,heap        ] GC(2278) ParOldGen: 208983K(699392K)->209382K(699392K)
[252.564s][info][gc,metaspace   ] GC(2278) Metaspace: 36279K(36672K)->36279K(36672K) NonClass: 32110K(32320K)->32110K(32320K) Class: 4168K(4352K)->4168K(4352K)
[252.564s][info][gc             ] GC(2278) Pause Young (Allocation Failure) 497M->217M(998M) 5.629ms
[252.564s][info][gc,cpu         ] GC(2278) User=0.06s Sys=0.02s Real=0.01s
[252.826s][info][gc,start       ] GC(2279) Pause Young (Allocation Failure)
[252.831s][info][gc,heap        ] GC(2279) PSYoungGen: 308378K(322560K)->11189K(321536K) Eden: 294673K(294912K)->0K(294912K) From: 13704K(27648K)->11189K(26624K)
[252.831s][info][gc,heap        ] GC(2279) ParOldGen: 209382K(699392K)->209762K(699392K)
[252.831s][info][gc,metaspace   ] GC(2279) Metaspace: 36279K(36672K)->36279K(36672K) NonClass: 32110K(32320K)->32110K(32320K) Class: 4168K(4352K)->4168K(4352K)
[252.831s][info][gc             ] GC(2279) Pause Young (Allocation Failure) 505M->215M(997M) 5.474ms
[252.831s][info][gc,cpu         ] GC(2279) User=0.09s Sys=0.00s Real=0.01s
[252.988s][info][gc,start       ] GC(2280) Pause Young (System.gc())
[252.994s][info][gc,heap        ] GC(2280) PSYoungGen: 186152K(321536K)->11629K(324608K) Eden: 174962K(294912K)->0K(299008K) From: 11189K(26624K)->11629K(25600K)
[252.994s][info][gc,heap        ] GC(2280) ParOldGen: 209762K(699392K)->211409K(699392K)
[252.995s][info][gc,metaspace   ] GC(2280) Metaspace: 36281K(36672K)->36281K(36672K) NonClass: 32112K(32320K)->32112K(32320K) Class: 4168K(4352K)->4168K(4352K)
[252.995s][info][gc             ] GC(2280) Pause Young (System.gc()) 386M->217M(1000M) 6.155ms
[252.995s][info][gc,cpu         ] GC(2280) User=0.00s Sys=0.00s Real=0.02s
[252.995s][info][gc,start       ] GC(2281) Pause Full (System.gc())
[252.995s][info][gc,phases,start] GC(2281) Marking Phase
[253.011s][info][gc,phases      ] GC(2281) Marking Phase 16.091ms
[253.011s][info][gc,phases,start] GC(2281) Summary Phase
[253.011s][info][gc,phases      ] GC(2281) Summary Phase 0.011ms
[253.011s][info][gc,phases,start] GC(2281) Adjust Roots
[253.014s][info][gc,phases      ] GC(2281) Adjust Roots 3.320ms
[253.014s][info][gc,phases,start] GC(2281) Compaction Phase
[253.022s][info][gc,phases      ] GC(2281) Compaction Phase 8.094ms
[253.022s][info][gc,phases,start] GC(2281) Post Compact
[253.023s][info][gc,phases      ] GC(2281) Post Compact 0.849ms
[253.023s][info][gc,heap        ] GC(2281) PSYoungGen: 11629K(324608K)->0K(324608K) Eden: 0K(299008K)->0K(299008K) From: 11629K(25600K)->0K(25600K)
[253.023s][info][gc,heap        ] GC(2281) ParOldGen: 211409K(699392K)->114483K(699392K)
[253.023s][info][gc,metaspace   ] GC(2281) Metaspace: 36281K(36672K)->36281K(36672K) NonClass: 32112K(32320K)->32112K(32320K) Class: 4168K(4352K)->4168K(4352K)
[253.023s][info][gc             ] GC(2281) Pause Full (System.gc()) 217M->111M(1000M) 28.675ms
[253.023s][info][gc,cpu         ] GC(2281) User=0.19s Sys=0.00s Real=0.03s
[253.072s][info][gc,start       ] GC(2282) Pause Young (Allocation Failure)
[253.072s][info][gc,heap        ] GC(2282) PSYoungGen: 299008K(324608K)->192K(323584K) Eden: 299008K(299008K)->0K(299008K) From: 0K(25600K)->192K(24576K)
[253.072s][info][gc,heap        ] GC(2282) ParOldGen: 114483K(699392K)->114483K(699392K)
[253.072s][info][gc,metaspace   ] GC(2282) Metaspace: 36284K(36672K)->36284K(36672K) NonClass: 32115K(32320K)->32115K(32320K) Class: 4168K(4352K)->4168K(4352K)
[253.072s][info][gc             ] GC(2282) Pause Young (Allocation Failure) 403M->111M(999M) 0.383ms
[253.072s][info][gc,cpu         ] GC(2282) User=0.00s Sys=0.00s Real=0.00s
[253.117s][info][gc,start       ] GC(2283) Pause Young (Allocation Failure)
[253.117s][info][gc,heap        ] GC(2283) PSYoungGen: 299200K(323584K)->160K(322560K) Eden: 299008K(299008K)->0K(296960K) From: 192K(24576K)->160K(25600K)
[253.117s][info][gc,heap        ] GC(2283) ParOldGen: 114483K(699392K)->114531K(699392K)
[253.117s][info][gc,metaspace   ] GC(2283) Metaspace: 36284K(36672K)->36284K(36672K) NonClass: 32115K(32320K)->32115K(32320K) Class: 4168K(4352K)->4168K(4352K)
[253.117s][info][gc             ] GC(2283) Pause Young (Allocation Failure) 403M->112M(998M) 0.337ms
[253.117s][info][gc,cpu         ] GC(2283) User=0.00s Sys=0.00s Real=0.00s
[253.164s][info][gc,start       ] GC(2284) Pause Young (Allocation Failure)
[253.165s][info][gc,heap        ] GC(2284) PSYoungGen: 297120K(322560K)->160K(323072K) Eden: 296960K(296960K)->0K(296960K) From: 160K(25600K)->160K(26112K)
[253.165s][info][gc,heap        ] GC(2284) ParOldGen: 114531K(699392K)->114531K(699392K)
[253.165s][info][gc,metaspace   ] GC(2284) Metaspace: 36284K(36672K)->36284K(36672K) NonClass: 32115K(32320K)->32115K(32320K) Class: 4168K(4352K)->4168K(4352K)
[253.165s][info][gc             ] GC(2284) Pause Young (Allocation Failure) 402M->112M(998M) 0.487ms
[253.165s][info][gc,cpu         ] GC(2284) User=0.00s Sys=0.00s Real=0.00s
[253.210s][info][gc,start       ] GC(2285) Pause Young (Allocation Failure)
[253.210s][info][gc,heap        ] GC(2285) PSYoungGen: 297120K(323072K)->192K(323072K) Eden: 296960K(296960K)->0K(296960K) From: 160K(26112K)->192K(26112K)
[253.210s][info][gc,heap        ] GC(2285) ParOldGen: 114531K(699392K)->114531K(699392K)
[253.210s][info][gc,metaspace   ] GC(2285) Metaspace: 36284K(36672K)->36284K(36672K) NonClass: 32115K(32320K)->32115K(32320K) Class: 4168K(4352K)->4168K(4352K)
[253.210s][info][gc             ] GC(2285) Pause Young (Allocation Failure) 402M->112M(998M) 0.371ms
[253.210s][info][gc,cpu         ] GC(2285) User=0.00s Sys=0.00s Real=0.00s
[253.254s][info][gc,start       ] GC(2286) Pause Young (Allocation Failure)
[253.254s][info][gc,heap        ] GC(2286) PSYoungGen: 297152K(323072K)->192K(323072K) Eden: 296960K(296960K)->0K(296960K) From: 192K(26112K)->192K(26112K)
[253.254s][info][gc,heap        ] GC(2286) ParOldGen: 114531K(699392K)->114531K(699392K)
[253.254s][info][gc,metaspace   ] GC(2286) Metaspace: 36284K(36672K)->36284K(36672K) NonClass: 32115K(32320K)->32115K(32320K) Class: 4168K(4352K)->4168K(4352K)
[253.254s][info][gc             ] GC(2286) Pause Young (Allocation Failure) 402M->112M(998M) 0.383ms
[253.254s][info][gc,cpu         ] GC(2286) User=0.00s Sys=0.00s Real=0.00s
[253.299s][info][gc,start       ] GC(2287) Pause Young (Allocation Failure)
[253.300s][info][gc,heap        ] GC(2287) PSYoungGen: 297152K(323072K)->192K(324096K) Eden: 296960K(296960K)->0K(298496K) From: 192K(26112K)->192K(25600K)
[253.300s][info][gc,heap        ] GC(2287) ParOldGen: 114531K(699392K)->114531K(699392K)
[253.300s][info][gc,metaspace   ] GC(2287) Metaspace: 36284K(36672K)->36284K(36672K) NonClass: 32115K(32320K)->32115K(32320K) Class: 4168K(4352K)->4168K(4352K)
[253.300s][info][gc             ] GC(2287) Pause Young (Allocation Failure) 402M->112M(999M) 0.421ms
[253.300s][info][gc,cpu         ] GC(2287) User=0.00s Sys=0.00s Real=0.00s
[253.345s][info][gc,start       ] GC(2288) Pause Young (Allocation Failure)
[253.345s][info][gc,heap        ] GC(2288) PSYoungGen: 298688K(324096K)->192K(323584K) Eden: 298496K(298496K)->0K(298496K) From: 192K(25600K)->192K(25088K)
[253.345s][info][gc,heap        ] GC(2288) ParOldGen: 114531K(699392K)->114531K(699392K)
[253.345s][info][gc,metaspace   ] GC(2288) Metaspace: 36284K(36672K)->36284K(36672K) NonClass: 32115K(32320K)->32115K(32320K) Class: 4168K(4352K)->4168K(4352K)
[253.345s][info][gc             ] GC(2288) Pause Young (Allocation Failure) 403M->112M(999M) 0.441ms
[253.345s][info][gc,cpu         ] GC(2288) User=0.00s Sys=0.00s Real=0.00s
[253.390s][info][gc,start       ] GC(2289) Pause Young (Allocation Failure)
[253.390s][info][gc,heap        ] GC(2289) PSYoungGen: 298688K(323584K)->160K(325632K) Eden: 298496K(298496K)->0K(301056K) From: 192K(25088K)->160K(24576K)
[253.390s][info][gc,heap        ] GC(2289) ParOldGen: 114531K(699392K)->114531K(699392K)
[253.390s][info][gc,metaspace   ] GC(2289) Metaspace: 36284K(36672K)->36284K(36672K) NonClass: 32115K(32320K)->32115K(32320K) Class: 4168K(4352K)->4168K(4352K)
[253.390s][info][gc             ] GC(2289) Pause Young (Allocation Failure) 403M->112M(1001M) 0.387ms
[253.390s][info][gc,cpu         ] GC(2289) User=0.00s Sys=0.00s Real=0.00s
[253.435s][info][gc,start       ] GC(2290) Pause Young (Allocation Failure)
[253.436s][info][gc,heap        ] GC(2290) PSYoungGen: 301216K(325632K)->192K(324608K) Eden: 301056K(301056K)->0K(301056K) From: 160K(24576K)->192K(23552K)
[253.436s][info][gc,heap        ] GC(2290) ParOldGen: 114531K(699392K)->114531K(699392K)
[253.436s][info][gc,metaspace   ] GC(2290) Metaspace: 36284K(36672K)->36284K(36672K) NonClass: 32115K(32320K)->32115K(32320K) Class: 4168K(4352K)->4168K(4352K)
[253.436s][info][gc             ] GC(2290) Pause Young (Allocation Failure) 406M->112M(1000M) 0.390ms
[253.436s][info][gc,cpu         ] GC(2290) User=0.00s Sys=0.00s Real=0.00s
[253.480s][info][gc,start       ] GC(2291) Pause Young (Allocation Failure)
[253.481s][info][gc,heap        ] GC(2291) PSYoungGen: 301248K(324608K)->192K(327168K) Eden: 301056K(301056K)->0K(304128K) From: 192K(23552K)->192K(23040K)
[253.481s][info][gc,heap        ] GC(2291) ParOldGen: 114531K(699392K)->114531K(699392K)
[253.481s][info][gc,metaspace   ] GC(2291) Metaspace: 36284K(36672K)->36284K(36672K) NonClass: 32115K(32320K)->32115K(32320K) Class: 4168K(4352K)->4168K(4352K)
[253.481s][info][gc             ] GC(2291) Pause Young (Allocation Failure) 406M->112M(1002M) 0.371ms
[253.481s][info][gc,cpu         ] GC(2291) User=0.00s Sys=0.00s Real=0.00s
[253.526s][info][gc,start       ] GC(2292) Pause Young (Allocation Failure)
[253.526s][info][gc,heap        ] GC(2292) PSYoungGen: 304320K(327168K)->160K(326144K) Eden: 304128K(304128K)->0K(304128K) From: 192K(23040K)->160K(22016K)
[253.526s][info][gc,heap        ] GC(2292) ParOldGen: 114531K(699392K)->114531K(699392K)
[253.526s][info][gc,metaspace   ] GC(2292) Metaspace: 36284K(36672K)->36284K(36672K) NonClass: 32115K(32320K)->32115K(32320K) Class: 4168K(4352K)->4168K(4352K)
[253.526s][info][gc             ] GC(2292) Pause Young (Allocation Failure) 409M->112M(1001M) 0.395ms
[253.526s][info][gc,cpu         ] GC(2292) User=0.00s Sys=0.00s Real=0.00s
[253.573s][info][gc,start       ] GC(2293) Pause Young (Allocation Failure)
[253.573s][info][gc,heap        ] GC(2293) PSYoungGen: 304288K(326144K)->192K(329216K) Eden: 304128K(304128K)->0K(308224K) From: 160K(22016K)->192K(20992K)
[253.573s][info][gc,heap        ] GC(2293) ParOldGen: 114531K(699392K)->114531K(699392K)
[253.573s][info][gc,metaspace   ] GC(2293) Metaspace: 36284K(36672K)->36284K(36672K) NonClass: 32115K(32320K)->32115K(32320K) Class: 4168K(4352K)->4168K(4352K)
[253.573s][info][gc             ] GC(2293) Pause Young (Allocation Failure) 409M->112M(1004M) 0.403ms
[253.573s][info][gc,cpu         ] GC(2293) User=0.00s Sys=0.00s Real=0.00s
[253.620s][info][gc,start       ] GC(2294) Pause Young (Allocation Failure)
[253.620s][info][gc,heap        ] GC(2294) PSYoungGen: 308416K(329216K)->160K(328192K) Eden: 308224K(308224K)->0K(308224K) From: 192K(20992K)->160K(19968K)
[253.620s][info][gc,heap        ] GC(2294) ParOldGen: 114531K(699392K)->114531K(699392K)
[253.621s][info][gc,metaspace   ] GC(2294) Metaspace: 36284K(36672K)->36284K(36672K) NonClass: 32115K(32320K)->32115K(32320K) Class: 4168K(4352K)->4168K(4352K)
[253.621s][info][gc             ] GC(2294) Pause Young (Allocation Failure) 413M->112M(1003M) 0.391ms
[253.621s][info][gc,cpu         ] GC(2294) User=0.00s Sys=0.00s Real=0.00s
[253.667s][info][gc,start       ] GC(2295) Pause Young (Allocation Failure)
[253.667s][info][gc,heap        ] GC(2295) PSYoungGen: 308384K(328192K)->160K(331264K) Eden: 308224K(308224K)->0K(312320K) From: 160K(19968K)->160K(18944K)
[253.667s][info][gc,heap        ] GC(2295) ParOldGen: 114531K(699392K)->114531K(699392K)
[253.667s][info][gc,metaspace   ] GC(2295) Metaspace: 36284K(36672K)->36284K(36672K) NonClass: 32115K(32320K)->32115K(32320K) Class: 4168K(4352K)->4168K(4352K)
[253.667s][info][gc             ] GC(2295) Pause Young (Allocation Failure) 413M->112M(1006M) 0.389ms
[253.667s][info][gc,cpu         ] GC(2295) User=0.00s Sys=0.00s Real=0.00s
[253.722s][info][gc,start       ] GC(2296) Pause Young (Allocation Failure)
[253.722s][info][gc,heap        ] GC(2296) PSYoungGen: 312480K(331264K)->192K(330240K) Eden: 312320K(312320K)->0K(312320K) From: 160K(18944K)->192K(17920K)
[253.723s][info][gc,heap        ] GC(2296) ParOldGen: 114531K(699392K)->114531K(699392K)
[253.723s][info][gc,metaspace   ] GC(2296) Metaspace: 36284K(36672K)->36284K(36672K) NonClass: 32115K(32320K)->32115K(32320K) Class: 4168K(4352K)->4168K(4352K)
[253.723s][info][gc             ] GC(2296) Pause Young (Allocation Failure) 417M->112M(1005M) 0.467ms
[253.723s][info][gc,cpu         ] GC(2296) User=0.00s Sys=0.00s Real=0.00s
[253.783s][info][gc,start       ] GC(2297) Pause Young (Allocation Failure)
[253.784s][info][gc,heap        ] GC(2297) PSYoungGen: 312512K(330240K)->192K(333312K) Eden: 312320K(312320K)->0K(316416K) From: 192K(17920K)->192K(16896K)
[253.784s][info][gc,heap        ] GC(2297) ParOldGen: 114531K(699392K)->114579K(699392K)
[253.784s][info][gc,metaspace   ] GC(2297) Metaspace: 36284K(36672K)->36284K(36672K) NonClass: 32115K(32320K)->32115K(32320K) Class: 4168K(4352K)->4168K(4352K)
[253.784s][info][gc             ] GC(2297) Pause Young (Allocation Failure) 417M->112M(1008M) 0.455ms
[253.784s][info][gc,cpu         ] GC(2297) User=0.00s Sys=0.00s Real=0.00s
[253.845s][info][gc,start       ] GC(2298) Pause Young (Allocation Failure)
[253.846s][info][gc,heap        ] GC(2298) PSYoungGen: 316608K(333312K)->192K(332288K) Eden: 316416K(316416K)->0K(316416K) From: 192K(16896K)->192K(15872K)
[253.846s][info][gc,heap        ] GC(2298) ParOldGen: 114579K(699392K)->114579K(699392K)
[253.846s][info][gc,metaspace   ] GC(2298) Metaspace: 36284K(36672K)->36284K(36672K) NonClass: 32115K(32320K)->32115K(32320K) Class: 4168K(4352K)->4168K(4352K)
[253.846s][info][gc             ] GC(2298) Pause Young (Allocation Failure) 421M->112M(1007M) 0.433ms
[253.846s][info][gc,cpu         ] GC(2298) User=0.00s Sys=0.00s Real=0.00s
[253.906s][info][gc,start       ] GC(2299) Pause Young (Allocation Failure)
[253.906s][info][gc,heap        ] GC(2299) PSYoungGen: 316608K(332288K)->192K(334848K) Eden: 316416K(316416K)->0K(320000K) From: 192K(15872K)->192K(14848K)
[253.907s][info][gc,heap        ] GC(2299) ParOldGen: 114579K(699392K)->114579K(699392K)
[253.907s][info][gc,metaspace   ] GC(2299) Metaspace: 36284K(36672K)->36284K(36672K) NonClass: 32115K(32320K)->32115K(32320K) Class: 4168K(4352K)->4168K(4352K)
[253.907s][info][gc             ] GC(2299) Pause Young (Allocation Failure) 421M->112M(1010M) 0.448ms
[253.907s][info][gc,cpu         ] GC(2299) User=0.02s Sys=0.00s Real=0.00s
[253.967s][info][gc,start       ] GC(2300) Pause Young (Allocation Failure)
[253.967s][info][gc,heap        ] GC(2300) PSYoungGen: 320192K(334848K)->192K(334336K) Eden: 320000K(320000K)->0K(320000K) From: 192K(14848K)->192K(14336K)
[253.967s][info][gc,heap        ] GC(2300) ParOldGen: 114579K(699392K)->114579K(699392K)
[253.967s][info][gc,metaspace   ] GC(2300) Metaspace: 36284K(36672K)->36284K(36672K) NonClass: 32115K(32320K)->32115K(32320K) Class: 4168K(4352K)->4168K(4352K)
[253.967s][info][gc             ] GC(2300) Pause Young (Allocation Failure) 424M->112M(1009M) 0.470ms
[253.967s][info][gc,cpu         ] GC(2300) User=0.00s Sys=0.00s Real=0.00s
[254.029s][info][gc,start       ] GC(2301) Pause Young (Allocation Failure)
[254.030s][info][gc,heap        ] GC(2301) PSYoungGen: 320192K(334336K)->192K(336896K) Eden: 320000K(320000K)->0K(323584K) From: 192K(14336K)->192K(13312K)
[254.030s][info][gc,heap        ] GC(2301) ParOldGen: 114579K(699392K)->114579K(699392K)
[254.030s][info][gc,metaspace   ] GC(2301) Metaspace: 36284K(36672K)->36284K(36672K) NonClass: 32115K(32320K)->32115K(32320K) Class: 4168K(4352K)->4168K(4352K)
[254.030s][info][gc             ] GC(2301) Pause Young (Allocation Failure) 424M->112M(1012M) 0.438ms
[254.030s][info][gc,cpu         ] GC(2301) User=0.00s Sys=0.00s Real=0.00s
[254.090s][info][gc,start       ] GC(2302) Pause Young (Allocation Failure)
[254.090s][info][gc,heap        ] GC(2302) PSYoungGen: 323776K(336896K)->160K(335872K) Eden: 323584K(323584K)->0K(323584K) From: 192K(13312K)->160K(12288K)
[254.090s][info][gc,heap        ] GC(2302) ParOldGen: 114579K(699392K)->114579K(699392K)
[254.090s][info][gc,metaspace   ] GC(2302) Metaspace: 36284K(36672K)->36284K(36672K) NonClass: 32115K(32320K)->32115K(32320K) Class: 4168K(4352K)->4168K(4352K)
[254.090s][info][gc             ] GC(2302) Pause Young (Allocation Failure) 428M->112M(1011M) 0.412ms
[254.090s][info][gc,cpu         ] GC(2302) User=0.00s Sys=0.00s Real=0.00s
[254.151s][info][gc,start       ] GC(2303) Pause Young (Allocation Failure)
[254.152s][info][gc,heap        ] GC(2303) PSYoungGen: 323744K(335872K)->160K(338432K) Eden: 323584K(323584K)->0K(326656K) From: 160K(12288K)->160K(11776K)
[254.152s][info][gc,heap        ] GC(2303) ParOldGen: 114579K(699392K)->114579K(699392K)
[254.152s][info][gc,metaspace   ] GC(2303) Metaspace: 36284K(36672K)->36284K(36672K) NonClass: 32115K(32320K)->32115K(32320K) Class: 4168K(4352K)->4168K(4352K)
[254.152s][info][gc             ] GC(2303) Pause Young (Allocation Failure) 428M->112M(1013M) 0.398ms
[254.152s][info][gc,cpu         ] GC(2303) User=0.00s Sys=0.00s Real=0.00s
[254.215s][info][gc,start       ] GC(2304) Pause Young (Allocation Failure)
[254.215s][info][gc,heap        ] GC(2304) PSYoungGen: 326816K(338432K)->160K(337408K) Eden: 326656K(326656K)->0K(326656K) From: 160K(11776K)->160K(10752K)
[254.215s][info][gc,heap        ] GC(2304) ParOldGen: 114579K(699392K)->114579K(699392K)
[254.215s][info][gc,metaspace   ] GC(2304) Metaspace: 36284K(36672K)->36284K(36672K) NonClass: 32115K(32320K)->32115K(32320K) Class: 4168K(4352K)->4168K(4352K)
[254.215s][info][gc             ] GC(2304) Pause Young (Allocation Failure) 431M->112M(1012M) 0.389ms
[254.215s][info][gc,cpu         ] GC(2304) User=0.00s Sys=0.00s Real=0.00s
[254.278s][info][gc,start       ] GC(2305) Pause Young (Allocation Failure)
[254.278s][info][gc,heap        ] GC(2305) PSYoungGen: 326816K(337408K)->192K(339456K) Eden: 326656K(326656K)->0K(329216K) From: 160K(10752K)->192K(10240K)
[254.278s][info][gc,heap        ] GC(2305) ParOldGen: 114579K(699392K)->114579K(699392K)
[254.278s][info][gc,metaspace   ] GC(2305) Metaspace: 36284K(36672K)->36284K(36672K) NonClass: 32115K(32320K)->32115K(32320K) Class: 4168K(4352K)->4168K(4352K)
[254.278s][info][gc             ] GC(2305) Pause Young (Allocation Failure) 431M->112M(1014M) 0.465ms
[254.278s][info][gc,cpu         ] GC(2305) User=0.00s Sys=0.00s Real=0.00s
[254.345s][info][gc,start       ] GC(2306) Pause Young (Allocation Failure)
[254.345s][info][gc,heap        ] GC(2306) PSYoungGen: 329408K(339456K)->160K(338944K) Eden: 329216K(329216K)->0K(329216K) From: 192K(10240K)->160K(9728K)
[254.345s][info][gc,heap        ] GC(2306) ParOldGen: 114579K(699392K)->114579K(699392K)
[254.345s][info][gc,metaspace   ] GC(2306) Metaspace: 36284K(36672K)->36284K(36672K) NonClass: 32115K(32320K)->32115K(32320K) Class: 4168K(4352K)->4168K(4352K)
[254.345s][info][gc             ] GC(2306) Pause Young (Allocation Failure) 433M->112M(1014M) 0.413ms
[254.345s][info][gc,cpu         ] GC(2306) User=0.00s Sys=0.00s Real=0.00s
[254.409s][info][gc,start       ] GC(2307) Pause Young (Allocation Failure)
[254.409s][info][gc,heap        ] GC(2307) PSYoungGen: 329376K(338944K)->160K(340992K) Eden: 329216K(329216K)->0K(332288K) From: 160K(9728K)->160K(8704K)
[254.409s][info][gc,heap        ] GC(2307) ParOldGen: 114579K(699392K)->114579K(699392K)
[254.409s][info][gc,metaspace   ] GC(2307) Metaspace: 36284K(36672K)->36284K(36672K) NonClass: 32115K(32320K)->32115K(32320K) Class: 4168K(4352K)->4168K(4352K)
[254.409s][info][gc             ] GC(2307) Pause Young (Allocation Failure) 433M->112M(1016M) 0.402ms
[254.409s][info][gc,cpu         ] GC(2307) User=0.00s Sys=0.00s Real=0.00s
[254.471s][info][gc,start       ] GC(2308) Pause Young (Allocation Failure)
[254.472s][info][gc,heap        ] GC(2308) PSYoungGen: 332448K(340992K)->192K(340480K) Eden: 332288K(332288K)->0K(332288K) From: 160K(8704K)->192K(8192K)
[254.472s][info][gc,heap        ] GC(2308) ParOldGen: 114579K(699392K)->114579K(699392K)
[254.472s][info][gc,metaspace   ] GC(2308) Metaspace: 36284K(36672K)->36284K(36672K) NonClass: 32115K(32320K)->32115K(32320K) Class: 4168K(4352K)->4168K(4352K)
[254.472s][info][gc             ] GC(2308) Pause Young (Allocation Failure) 436M->112M(1015M) 0.423ms
[254.472s][info][gc,cpu         ] GC(2308) User=0.00s Sys=0.00s Real=0.00s
[254.532s][info][gc,start       ] GC(2309) Pause Young (Allocation Failure)
[254.533s][info][gc,heap        ] GC(2309) PSYoungGen: 332480K(340480K)->192K(342016K) Eden: 332288K(332288K)->0K(334336K) From: 192K(8192K)->192K(7680K)
[254.533s][info][gc,heap        ] GC(2309) ParOldGen: 114579K(699392K)->114579K(699392K)
[254.533s][info][gc,metaspace   ] GC(2309) Metaspace: 36284K(36672K)->36284K(36672K) NonClass: 32115K(32320K)->32115K(32320K) Class: 4168K(4352K)->4168K(4352K)
[254.533s][info][gc             ] GC(2309) Pause Young (Allocation Failure) 436M->112M(1017M) 0.418ms
[254.533s][info][gc,cpu         ] GC(2309) User=0.00s Sys=0.00s Real=0.00s
[254.596s][info][gc,start       ] GC(2310) Pause Young (Allocation Failure)
[254.596s][info][gc,heap        ] GC(2310) PSYoungGen: 334528K(342016K)->192K(341504K) Eden: 334336K(334336K)->0K(334336K) From: 192K(7680K)->192K(7168K)
[254.596s][info][gc,heap        ] GC(2310) ParOldGen: 114579K(699392K)->114579K(699392K)
[254.596s][info][gc,metaspace   ] GC(2310) Metaspace: 36284K(36672K)->36284K(36672K) NonClass: 32115K(32320K)->32115K(32320K) Class: 4168K(4352K)->4168K(4352K)
[254.596s][info][gc             ] GC(2310) Pause Young (Allocation Failure) 438M->112M(1016M) 0.459ms
[254.596s][info][gc,cpu         ] GC(2310) User=0.00s Sys=0.00s Real=0.00s
[254.658s][info][gc,start       ] GC(2311) Pause Young (Allocation Failure)
[254.658s][info][gc,heap        ] GC(2311) PSYoungGen: 334528K(341504K)->160K(343040K) Eden: 334336K(334336K)->0K(336384K) From: 192K(7168K)->160K(6656K)
[254.658s][info][gc,heap        ] GC(2311) ParOldGen: 114579K(699392K)->114579K(699392K)
[254.658s][info][gc,metaspace   ] GC(2311) Metaspace: 36284K(36672K)->36284K(36672K) NonClass: 32115K(32320K)->32115K(32320K) Class: 4168K(4352K)->4168K(4352K)
[254.658s][info][gc             ] GC(2311) Pause Young (Allocation Failure) 438M->112M(1018M) 0.433ms
[254.658s][info][gc,cpu         ] GC(2311) User=0.00s Sys=0.00s Real=0.00s
[254.721s][info][gc,start       ] GC(2312) Pause Young (Allocation Failure)
[254.721s][info][gc,heap        ] GC(2312) PSYoungGen: 336544K(343040K)->192K(342528K) Eden: 336384K(336384K)->0K(336384K) From: 160K(6656K)->192K(6144K)
[254.721s][info][gc,heap        ] GC(2312) ParOldGen: 114579K(699392K)->114579K(699392K)
[254.721s][info][gc,metaspace   ] GC(2312) Metaspace: 36284K(36672K)->36284K(36672K) NonClass: 32115K(32320K)->32115K(32320K) Class: 4168K(4352K)->4168K(4352K)
[254.721s][info][gc             ] GC(2312) Pause Young (Allocation Failure) 440M->112M(1017M) 0.463ms
[254.721s][info][gc,cpu         ] GC(2312) User=0.00s Sys=0.00s Real=0.00s
[254.785s][info][gc,start       ] GC(2313) Pause Young (Allocation Failure)
[254.785s][info][gc,heap        ] GC(2313) PSYoungGen: 336576K(342528K)->160K(344064K) Eden: 336384K(336384K)->0K(338432K) From: 192K(6144K)->160K(5632K)
[254.785s][info][gc,heap        ] GC(2313) ParOldGen: 114579K(699392K)->114579K(699392K)
[254.785s][info][gc,metaspace   ] GC(2313) Metaspace: 36284K(36672K)->36284K(36672K) NonClass: 32115K(32320K)->32115K(32320K) Class: 4168K(4352K)->4168K(4352K)
[254.785s][info][gc             ] GC(2313) Pause Young (Allocation Failure) 440M->112M(1019M) 0.424ms
[254.785s][info][gc,cpu         ] GC(2313) User=0.00s Sys=0.00s Real=0.00s
[254.852s][info][gc,start       ] GC(2314) Pause Young (Allocation Failure)
[254.852s][info][gc,heap        ] GC(2314) PSYoungGen: 338592K(344064K)->160K(343552K) Eden: 338432K(338432K)->0K(338432K) From: 160K(5632K)->160K(5120K)
[254.852s][info][gc,heap        ] GC(2314) ParOldGen: 114579K(699392K)->114579K(699392K)
[254.852s][info][gc,metaspace   ] GC(2314) Metaspace: 36284K(36672K)->36284K(36672K) NonClass: 32115K(32320K)->32115K(32320K) Class: 4168K(4352K)->4168K(4352K)
[254.852s][info][gc             ] GC(2314) Pause Young (Allocation Failure) 442M->112M(1018M) 0.406ms
[254.852s][info][gc,cpu         ] GC(2314) User=0.00s Sys=0.00s Real=0.00s
[254.917s][info][gc,start       ] GC(2315) Pause Young (Allocation Failure)
[254.918s][info][gc,heap        ] GC(2315) PSYoungGen: 338592K(343552K)->160K(344576K) Eden: 338432K(338432K)->0K(339456K) From: 160K(5120K)->160K(5120K)
[254.918s][info][gc,heap        ] GC(2315) ParOldGen: 114579K(699392K)->114579K(699392K)
[254.918s][info][gc,metaspace   ] GC(2315) Metaspace: 36284K(36672K)->36284K(36672K) NonClass: 32115K(32320K)->32115K(32320K) Class: 4168K(4352K)->4168K(4352K)
[254.918s][info][gc             ] GC(2315) Pause Young (Allocation Failure) 442M->112M(1019M) 0.456ms
[254.918s][info][gc,cpu         ] GC(2315) User=0.00s Sys=0.00s Real=0.00s
[254.984s][info][gc,start       ] GC(2316) Pause Young (Allocation Failure)
[254.984s][info][gc,heap        ] GC(2316) PSYoungGen: 339616K(344576K)->192K(344064K) Eden: 339456K(339456K)->0K(339456K) From: 160K(5120K)->192K(4608K)
[254.984s][info][gc,heap        ] GC(2316) ParOldGen: 114579K(699392K)->114579K(699392K)
[254.984s][info][gc,metaspace   ] GC(2316) Metaspace: 36284K(36672K)->36284K(36672K) NonClass: 32115K(32320K)->32115K(32320K) Class: 4168K(4352K)->4168K(4352K)
[254.984s][info][gc             ] GC(2316) Pause Young (Allocation Failure) 443M->112M(1019M) 0.462ms
[254.984s][info][gc,cpu         ] GC(2316) User=0.00s Sys=0.00s Real=0.00s
[255.050s][info][gc,start       ] GC(2317) Pause Young (Allocation Failure)
[255.051s][info][gc,heap        ] GC(2317) PSYoungGen: 339648K(344064K)->160K(345088K) Eden: 339456K(339456K)->0K(340992K) From: 192K(4608K)->160K(4096K)
[255.051s][info][gc,heap        ] GC(2317) ParOldGen: 114579K(699392K)->114579K(699392K)
[255.051s][info][gc,metaspace   ] GC(2317) Metaspace: 36284K(36672K)->36284K(36672K) NonClass: 32115K(32320K)->32115K(32320K) Class: 4168K(4352K)->4168K(4352K)
[255.051s][info][gc             ] GC(2317) Pause Young (Allocation Failure) 443M->112M(1020M) 0.428ms
[255.051s][info][gc,cpu         ] GC(2317) User=0.00s Sys=0.00s Real=0.00s
[255.115s][info][gc,start       ] GC(2318) Pause Young (Allocation Failure)
[255.116s][info][gc,heap        ] GC(2318) PSYoungGen: 341152K(345088K)->192K(345088K) Eden: 340992K(340992K)->0K(340992K) From: 160K(4096K)->192K(4096K)
[255.116s][info][gc,heap        ] GC(2318) ParOldGen: 114579K(699392K)->114579K(699392K)
[255.116s][info][gc,metaspace   ] GC(2318) Metaspace: 36284K(36672K)->36284K(36672K) NonClass: 32115K(32320K)->32115K(32320K) Class: 4168K(4352K)->4168K(4352K)
[255.116s][info][gc             ] GC(2318) Pause Young (Allocation Failure) 445M->112M(1020M) 0.397ms
[255.116s][info][gc,cpu         ] GC(2318) User=0.00s Sys=0.00s Real=0.00s
[255.180s][info][gc,start       ] GC(2319) Pause Young (Allocation Failure)
[255.180s][info][gc,heap        ] GC(2319) PSYoungGen: 341184K(345088K)->160K(345600K) Eden: 340992K(340992K)->0K(342016K) From: 192K(4096K)->160K(3584K)
[255.180s][info][gc,heap        ] GC(2319) ParOldGen: 114579K(699392K)->114579K(699392K)
[255.180s][info][gc,metaspace   ] GC(2319) Metaspace: 36284K(36672K)->36284K(36672K) NonClass: 32115K(32320K)->32115K(32320K) Class: 4168K(4352K)->4168K(4352K)
[255.180s][info][gc             ] GC(2319) Pause Young (Allocation Failure) 445M->112M(1020M) 0.430ms
[255.180s][info][gc,cpu         ] GC(2319) User=0.00s Sys=0.00s Real=0.00s
[255.246s][info][gc,start       ] GC(2320) Pause Young (Allocation Failure)
[255.247s][info][gc,heap        ] GC(2320) PSYoungGen: 342176K(345600K)->192K(345600K) Eden: 342016K(342016K)->0K(342016K) From: 160K(3584K)->192K(3584K)
[255.247s][info][gc,heap        ] GC(2320) ParOldGen: 114579K(699392K)->114579K(699392K)
[255.247s][info][gc,metaspace   ] GC(2320) Metaspace: 36284K(36672K)->36284K(36672K) NonClass: 32115K(32320K)->32115K(32320K) Class: 4168K(4352K)->4168K(4352K)
[255.247s][info][gc             ] GC(2320) Pause Young (Allocation Failure) 446M->112M(1020M) 0.411ms
[255.247s][info][gc,cpu         ] GC(2320) User=0.00s Sys=0.00s Real=0.00s
[255.314s][info][gc,start       ] GC(2321) Pause Young (Allocation Failure)
[255.314s][info][gc,heap        ] GC(2321) PSYoungGen: 342208K(345600K)->160K(346112K) Eden: 342016K(342016K)->0K(343040K) From: 192K(3584K)->160K(3072K)
[255.314s][info][gc,heap        ] GC(2321) ParOldGen: 114579K(699392K)->114579K(699392K)
[255.314s][info][gc,metaspace   ] GC(2321) Metaspace: 36284K(36672K)->36284K(36672K) NonClass: 32115K(32320K)->32115K(32320K) Class: 4168K(4352K)->4168K(4352K)
[255.314s][info][gc             ] GC(2321) Pause Young (Allocation Failure) 446M->112M(1021M) 0.416ms
[255.314s][info][gc,cpu         ] GC(2321) User=0.00s Sys=0.00s Real=0.00s
[255.383s][info][gc,start       ] GC(2322) Pause Young (Allocation Failure)
[255.384s][info][gc,heap        ] GC(2322) PSYoungGen: 343200K(346112K)->192K(346112K) Eden: 343040K(343040K)->0K(343040K) From: 160K(3072K)->192K(3072K)
[255.384s][info][gc,heap        ] GC(2322) ParOldGen: 114579K(699392K)->114579K(699392K)
[255.384s][info][gc,metaspace   ] GC(2322) Metaspace: 36284K(36672K)->36284K(36672K) NonClass: 32115K(32320K)->32115K(32320K) Class: 4168K(4352K)->4168K(4352K)
[255.384s][info][gc             ] GC(2322) Pause Young (Allocation Failure) 447M->112M(1021M) 0.448ms
[255.384s][info][gc,cpu         ] GC(2322) User=0.00s Sys=0.00s Real=0.00s
[255.464s][info][gc,start       ] GC(2323) Pause Young (Allocation Failure)
[255.464s][info][gc,heap        ] GC(2323) PSYoungGen: 343232K(346112K)->192K(346624K) Eden: 343040K(343040K)->0K(344064K) From: 192K(3072K)->192K(2560K)
[255.464s][info][gc,heap        ] GC(2323) ParOldGen: 114579K(699392K)->114579K(699392K)
[255.464s][info][gc,metaspace   ] GC(2323) Metaspace: 36284K(36672K)->36284K(36672K) NonClass: 32115K(32320K)->32115K(32320K) Class: 4168K(4352K)->4168K(4352K)
[255.464s][info][gc             ] GC(2323) Pause Young (Allocation Failure) 447M->112M(1021M) 0.434ms
[255.464s][info][gc,cpu         ] GC(2323) User=0.00s Sys=0.00s Real=0.00s
[255.770s][info][gc,start       ] GC(2324) Pause Young (Allocation Failure)
[255.780s][info][gc,heap        ] GC(2324) PSYoungGen: 344256K(346624K)->2538K(346624K) Eden: 344064K(344064K)->0K(344064K) From: 192K(2560K)->2538K(2560K)
[255.780s][info][gc,heap        ] GC(2324) ParOldGen: 114579K(699392K)->140267K(699392K)
[255.780s][info][gc,metaspace   ] GC(2324) Metaspace: 36284K(36672K)->36284K(36672K) NonClass: 32115K(32320K)->32115K(32320K) Class: 4168K(4352K)->4168K(4352K)
[255.780s][info][gc             ] GC(2324) Pause Young (Allocation Failure) 448M->139M(1021M) 9.753ms
[255.780s][info][gc,cpu         ] GC(2324) User=0.00s Sys=0.00s Real=0.01s
[256.091s][info][gc,start       ] GC(2325) Pause Young (Allocation Failure)
[256.106s][info][gc,heap        ] GC(2325) PSYoungGen: 343539K(346624K)->2530K(301568K) Eden: 341000K(344064K)->0K(299008K) From: 2538K(2560K)->2530K(2560K)
[256.106s][info][gc,heap        ] GC(2325) ParOldGen: 140267K(699392K)->176319K(699392K)
[256.106s][info][gc,metaspace   ] GC(2325) Metaspace: 36284K(36672K)->36284K(36672K) NonClass: 32115K(32320K)->32115K(32320K) Class: 4168K(4352K)->4168K(4352K)
[256.106s][info][gc             ] GC(2325) Pause Young (Allocation Failure) 472M->174M(977M) 15.267ms
[256.106s][info][gc,cpu         ] GC(2325) User=0.09s Sys=0.00s Real=0.01s
[256.382s][info][gc,start       ] GC(2326) Pause Young (Allocation Failure)
[256.390s][info][gc,heap        ] GC(2326) PSYoungGen: 301538K(301568K)->22215K(321536K) Eden: 299008K(299008K)->0K(299008K) From: 2530K(2560K)->22215K(22528K)
[256.390s][info][gc,heap        ] GC(2326) ParOldGen: 176319K(699392K)->178229K(699392K)
[256.390s][info][gc,metaspace   ] GC(2326) Metaspace: 36284K(36672K)->36284K(36672K) NonClass: 32115K(32320K)->32115K(32320K) Class: 4168K(4352K)->4168K(4352K)
[256.390s][info][gc             ] GC(2326) Pause Young (Allocation Failure) 466M->195M(997M) 7.625ms
[256.390s][info][gc,cpu         ] GC(2326) User=0.00s Sys=0.00s Real=0.01s
[256.656s][info][gc,start       ] GC(2327) Pause Young (Allocation Failure)
[256.664s][info][gc,heap        ] GC(2327) PSYoungGen: 317795K(321536K)->20965K(313344K) Eden: 295580K(299008K)->0K(285696K) From: 22215K(22528K)->20965K(27648K)
[256.664s][info][gc,heap        ] GC(2327) ParOldGen: 178229K(699392K)->189889K(699392K)
[256.664s][info][gc,metaspace   ] GC(2327) Metaspace: 36284K(36672K)->36284K(36672K) NonClass: 32115K(32320K)->32115K(32320K) Class: 4168K(4352K)->4168K(4352K)
[256.664s][info][gc             ] GC(2327) Pause Young (Allocation Failure) 484M->205M(989M) 8.215ms
[256.664s][info][gc,cpu         ] GC(2327) User=0.08s Sys=0.02s Real=0.01s
[256.923s][info][gc,start       ] GC(2328) Pause Young (Allocation Failure)
[256.928s][info][gc,heap        ] GC(2328) PSYoungGen: 306661K(313344K)->11244K(317440K) Eden: 285696K(285696K)->0K(285696K) From: 20965K(27648K)->11244K(31744K)
[256.928s][info][gc,heap        ] GC(2328) ParOldGen: 189889K(699392K)->191775K(699392K)
[256.928s][info][gc,metaspace   ] GC(2328) Metaspace: 36284K(36672K)->36284K(36672K) NonClass: 32115K(32320K)->32115K(32320K) Class: 4168K(4352K)->4168K(4352K)
[256.928s][info][gc             ] GC(2328) Pause Young (Allocation Failure) 484M->198M(993M) 5.720ms
[256.928s][info][gc,cpu         ] GC(2328) User=0.00s Sys=0.00s Real=0.01s
[257.188s][info][gc,start       ] GC(2329) Pause Young (Allocation Failure)
[257.195s][info][gc,heap        ] GC(2329) PSYoungGen: 296940K(317440K)->14381K(319488K) Eden: 285696K(285696K)->0K(289280K) From: 11244K(31744K)->14381K(30208K)
[257.195s][info][gc,heap        ] GC(2329) ParOldGen: 191775K(699392K)->192548K(699392K)
[257.195s][info][gc,metaspace   ] GC(2329) Metaspace: 36284K(36672K)->36284K(36672K) NonClass: 32115K(32320K)->32115K(32320K) Class: 4168K(4352K)->4168K(4352K)
[257.195s][info][gc             ] GC(2329) Pause Young (Allocation Failure) 477M->202M(995M) 7.021ms
[257.195s][info][gc,cpu         ] GC(2329) User=0.02s Sys=0.00s Real=0.01s
[257.439s][info][gc,start       ] GC(2330) Pause Young (Allocation Failure)
[257.446s][info][gc,heap        ] GC(2330) PSYoungGen: 302839K(319488K)->20750K(310272K) Eden: 288457K(289280K)->0K(289280K) From: 14381K(30208K)->20750K(20992K)
[257.446s][info][gc,heap        ] GC(2330) ParOldGen: 192548K(699392K)->196452K(699392K)
[257.446s][info][gc,metaspace   ] GC(2330) Metaspace: 36284K(36672K)->36284K(36672K) NonClass: 32115K(32320K)->32115K(32320K) Class: 4168K(4352K)->4168K(4352K)
[257.446s][info][gc             ] GC(2330) Pause Young (Allocation Failure) 483M->212M(986M) 7.307ms
[257.446s][info][gc,cpu         ] GC(2330) User=0.00s Sys=0.00s Real=0.01s
[257.715s][info][gc,start       ] GC(2331) Pause Young (Allocation Failure)
[257.720s][info][gc,heap        ] GC(2331) PSYoungGen: 310030K(310272K)->9962K(319488K) Eden: 289280K(289280K)->0K(287744K) From: 20750K(20992K)->9962K(31744K)
[257.720s][info][gc,heap        ] GC(2331) ParOldGen: 196452K(699392K)->199542K(699392K)
[257.720s][info][gc,metaspace   ] GC(2331) Metaspace: 36284K(36672K)->36284K(36672K) NonClass: 32115K(32320K)->32115K(32320K) Class: 4168K(4352K)->4168K(4352K)
[257.720s][info][gc             ] GC(2331) Pause Young (Allocation Failure) 494M->204M(995M) 5.451ms
[257.720s][info][gc,cpu         ] GC(2331) User=0.09s Sys=0.00s Real=0.01s
[257.959s][info][gc,start       ] GC(2332) Pause Young (Allocation Failure)
[257.966s][info][gc,heap        ] GC(2332) PSYoungGen: 295137K(319488K)->20319K(317440K) Eden: 285175K(287744K)->0K(287744K) From: 9962K(31744K)->20319K(29696K)
[257.966s][info][gc,heap        ] GC(2332) ParOldGen: 199542K(699392K)->200610K(699392K)
[257.966s][info][gc,metaspace   ] GC(2332) Metaspace: 36284K(36672K)->36284K(36672K) NonClass: 32115K(32320K)->32115K(32320K) Class: 4168K(4352K)->4168K(4352K)
[257.966s][info][gc             ] GC(2332) Pause Young (Allocation Failure) 483M->215M(993M) 6.598ms
[257.966s][info][gc,cpu         ] GC(2332) User=0.00s Sys=0.00s Real=0.00s
[258.229s][info][gc,start       ] GC(2333) Pause Young (Allocation Failure)
[258.234s][info][gc,heap        ] GC(2333) PSYoungGen: 308063K(317440K)->9107K(318976K) Eden: 287744K(287744K)->0K(287744K) From: 20319K(29696K)->9107K(31232K)
[258.234s][info][gc,heap        ] GC(2333) ParOldGen: 200610K(699392K)->200974K(699392K)
[258.234s][info][gc,metaspace   ] GC(2333) Metaspace: 36284K(36672K)->36284K(36672K) NonClass: 32115K(32320K)->32115K(32320K) Class: 4168K(4352K)->4168K(4352K)
[258.234s][info][gc             ] GC(2333) Pause Young (Allocation Failure) 496M->205M(994M) 4.601ms
[258.234s][info][gc,cpu         ] GC(2333) User=0.00s Sys=0.00s Real=0.00s
[258.487s][info][gc,start       ] GC(2334) Pause Young (Allocation Failure)
[258.493s][info][gc,heap        ] GC(2334) PSYoungGen: 293654K(318976K)->15278K(317952K) Eden: 284546K(287744K)->0K(287744K) From: 9107K(31232K)->15278K(30208K)
[258.493s][info][gc,heap        ] GC(2334) ParOldGen: 200974K(699392K)->201382K(699392K)
[258.493s][info][gc,metaspace   ] GC(2334) Metaspace: 36284K(36672K)->36284K(36672K) NonClass: 32115K(32320K)->32115K(32320K) Class: 4168K(4352K)->4168K(4352K)
[258.493s][info][gc             ] GC(2334) Pause Young (Allocation Failure) 483M->211M(993M) 6.091ms
[258.493s][info][gc,cpu         ] GC(2334) User=0.00s Sys=0.00s Real=0.00s
[258.749s][info][gc,start       ] GC(2335) Pause Young (Allocation Failure)
[258.755s][info][gc,heap        ] GC(2335) PSYoungGen: 303009K(317952K)->13825K(320512K) Eden: 287730K(287744K)->0K(290816K) From: 15278K(30208K)->13825K(29696K)
[258.755s][info][gc,heap        ] GC(2335) ParOldGen: 201382K(699392K)->202165K(699392K)
[258.755s][info][gc,metaspace   ] GC(2335) Metaspace: 36284K(36672K)->36284K(36672K) NonClass: 32115K(32320K)->32115K(32320K) Class: 4168K(4352K)->4168K(4352K)
[258.755s][info][gc             ] GC(2335) Pause Young (Allocation Failure) 492M->210M(996M) 5.844ms
[258.755s][info][gc,cpu         ] GC(2335) User=0.09s Sys=0.00s Real=0.01s
[259.008s][info][gc,start       ] GC(2336) Pause Young (Allocation Failure)
[259.015s][info][gc,heap        ] GC(2336) PSYoungGen: 304641K(320512K)->16257K(319488K) Eden: 290816K(290816K)->0K(290816K) From: 13825K(29696K)->16257K(28672K)
[259.015s][info][gc,heap        ] GC(2336) ParOldGen: 202165K(699392K)->203122K(699392K)
[259.015s][info][gc,metaspace   ] GC(2336) Metaspace: 36284K(36672K)->36284K(36672K) NonClass: 32115K(32320K)->32115K(32320K) Class: 4168K(4352K)->4168K(4352K)
[259.015s][info][gc             ] GC(2336) Pause Young (Allocation Failure) 494M->214M(995M) 6.506ms
[259.015s][info][gc,cpu         ] GC(2336) User=0.00s Sys=0.00s Real=0.01s
[259.278s][info][gc,start       ] GC(2337) Pause Young (Allocation Failure)
[259.286s][info][gc,heap        ] GC(2337) PSYoungGen: 307073K(319488K)->16628K(321024K) Eden: 290816K(290816K)->0K(292864K) From: 16257K(28672K)->16628K(28160K)
[259.286s][info][gc,heap        ] GC(2337) ParOldGen: 203122K(699392K)->203906K(699392K)
[259.286s][info][gc,metaspace   ] GC(2337) Metaspace: 36284K(36672K)->36284K(36672K) NonClass: 32115K(32320K)->32115K(32320K) Class: 4168K(4352K)->4168K(4352K)
[259.286s][info][gc             ] GC(2337) Pause Young (Allocation Failure) 498M->215M(996M) 7.681ms
[259.286s][info][gc,cpu         ] GC(2337) User=0.08s Sys=0.00s Real=0.01s
[259.550s][info][gc,start       ] GC(2338) Pause Young (System.gc())
[259.556s][info][gc,heap        ] GC(2338) PSYoungGen: 309004K(321024K)->10767K(321024K) Eden: 292375K(292864K)->0K(292864K) From: 16628K(28160K)->10767K(28160K)
[259.556s][info][gc,heap        ] GC(2338) ParOldGen: 203906K(699392K)->208113K(699392K)
[259.556s][info][gc,metaspace   ] GC(2338) Metaspace: 36284K(36672K)->36284K(36672K) NonClass: 32115K(32320K)->32115K(32320K) Class: 4168K(4352K)->4168K(4352K)
[259.556s][info][gc             ] GC(2338) Pause Young (System.gc()) 500M->213M(996M) 6.610ms
[259.556s][info][gc,cpu         ] GC(2338) User=0.00s Sys=0.00s Real=0.01s
[259.556s][info][gc,start       ] GC(2339) Pause Full (System.gc())
[259.556s][info][gc,phases,start] GC(2339) Marking Phase
[259.572s][info][gc,phases      ] GC(2339) Marking Phase 16.057ms
[259.572s][info][gc,phases,start] GC(2339) Summary Phase
[259.572s][info][gc,phases      ] GC(2339) Summary Phase 0.011ms
[259.572s][info][gc,phases,start] GC(2339) Adjust Roots
[259.577s][info][gc,phases      ] GC(2339) Adjust Roots 4.159ms
[259.577s][info][gc,phases,start] GC(2339) Compaction Phase
[259.584s][info][gc,phases      ] GC(2339) Compaction Phase 7.846ms
[259.584s][info][gc,phases,start] GC(2339) Post Compact
[259.585s][info][gc,phases      ] GC(2339) Post Compact 0.840ms
[259.585s][info][gc,heap        ] GC(2339) PSYoungGen: 10767K(321024K)->0K(321024K) Eden: 0K(292864K)->0K(292864K) From: 10767K(28160K)->0K(28160K)
[259.585s][info][gc,heap        ] GC(2339) ParOldGen: 208113K(699392K)->115266K(699392K)
[259.585s][info][gc,metaspace   ] GC(2339) Metaspace: 36284K(36672K)->36284K(36672K) NonClass: 32115K(32320K)->32115K(32320K) Class: 4168K(4352K)->4168K(4352K)
[259.585s][info][gc             ] GC(2339) Pause Full (System.gc()) 213M->112M(996M) 29.161ms
[259.585s][info][gc,cpu         ] GC(2339) User=0.19s Sys=0.00s Real=0.03s
[259.632s][info][gc,start       ] GC(2340) Pause Young (Allocation Failure)
[259.632s][info][gc,heap        ] GC(2340) PSYoungGen: 292864K(321024K)->192K(320000K) Eden: 292864K(292864K)->0K(292864K) From: 0K(28160K)->192K(27136K)
[259.632s][info][gc,heap        ] GC(2340) ParOldGen: 115266K(699392K)->115266K(699392K)
[259.632s][info][gc,metaspace   ] GC(2340) Metaspace: 36284K(36672K)->36284K(36672K) NonClass: 32115K(32320K)->32115K(32320K) Class: 4168K(4352K)->4168K(4352K)
[259.632s][info][gc             ] GC(2340) Pause Young (Allocation Failure) 398M->112M(995M) 0.380ms
[259.632s][info][gc,cpu         ] GC(2340) User=0.00s Sys=0.00s Real=0.00s
[259.676s][info][gc,start       ] GC(2341) Pause Young (Allocation Failure)
[259.676s][info][gc,heap        ] GC(2341) PSYoungGen: 293056K(320000K)->160K(321024K) Eden: 292864K(292864K)->0K(292864K) From: 192K(27136K)->160K(28160K)
[259.676s][info][gc,heap        ] GC(2341) ParOldGen: 115266K(699392K)->115314K(699392K)
[259.676s][info][gc,metaspace   ] GC(2341) Metaspace: 36284K(36672K)->36284K(36672K) NonClass: 32115K(32320K)->32115K(32320K) Class: 4168K(4352K)->4168K(4352K)
[259.676s][info][gc             ] GC(2341) Pause Young (Allocation Failure) 398M->112M(996M) 0.391ms
[259.676s][info][gc,cpu         ] GC(2341) User=0.00s Sys=0.00s Real=0.00s
[259.721s][info][gc,start       ] GC(2342) Pause Young (Allocation Failure)
[259.722s][info][gc,heap        ] GC(2342) PSYoungGen: 293024K(321024K)->160K(321024K) Eden: 292864K(292864K)->0K(292864K) From: 160K(28160K)->160K(28160K)
[259.722s][info][gc,heap        ] GC(2342) ParOldGen: 115314K(699392K)->115314K(699392K)
[259.722s][info][gc,metaspace   ] GC(2342) Metaspace: 36284K(36672K)->36284K(36672K) NonClass: 32115K(32320K)->32115K(32320K) Class: 4168K(4352K)->4168K(4352K)
[259.722s][info][gc             ] GC(2342) Pause Young (Allocation Failure) 398M->112M(996M) 0.448ms
[259.722s][info][gc,cpu         ] GC(2342) User=0.00s Sys=0.00s Real=0.00s
[259.766s][info][gc,start       ] GC(2343) Pause Young (Allocation Failure)
[259.766s][info][gc,heap        ] GC(2343) PSYoungGen: 293024K(321024K)->192K(321024K) Eden: 292864K(292864K)->0K(292864K) From: 160K(28160K)->192K(28160K)
[259.766s][info][gc,heap        ] GC(2343) ParOldGen: 115314K(699392K)->115314K(699392K)
[259.766s][info][gc,metaspace   ] GC(2343) Metaspace: 36284K(36672K)->36284K(36672K) NonClass: 32115K(32320K)->32115K(32320K) Class: 4168K(4352K)->4168K(4352K)
[259.766s][info][gc             ] GC(2343) Pause Young (Allocation Failure) 398M->112M(996M) 0.367ms
[259.766s][info][gc,cpu         ] GC(2343) User=0.00s Sys=0.00s Real=0.00s
[259.810s][info][gc,start       ] GC(2344) Pause Young (Allocation Failure)
[259.811s][info][gc,heap        ] GC(2344) PSYoungGen: 293056K(321024K)->192K(321536K) Eden: 292864K(292864K)->0K(293376K) From: 192K(28160K)->192K(28160K)
[259.811s][info][gc,heap        ] GC(2344) ParOldGen: 115314K(699392K)->115314K(699392K)
[259.811s][info][gc,metaspace   ] GC(2344) Metaspace: 36284K(36672K)->36284K(36672K) NonClass: 32115K(32320K)->32115K(32320K) Class: 4168K(4352K)->4168K(4352K)
[259.811s][info][gc             ] GC(2344) Pause Young (Allocation Failure) 398M->112M(997M) 0.415ms
[259.811s][info][gc,cpu         ] GC(2344) User=0.00s Sys=0.00s Real=0.00s
[259.857s][info][gc,start       ] GC(2345) Pause Young (Allocation Failure)
[259.858s][info][gc,heap        ] GC(2345) PSYoungGen: 293568K(321536K)->192K(321024K) Eden: 293376K(293376K)->0K(293376K) From: 192K(28160K)->192K(27648K)
[259.858s][info][gc,heap        ] GC(2345) ParOldGen: 115314K(699392K)->115314K(699392K)
[259.858s][info][gc,metaspace   ] GC(2345) Metaspace: 36284K(36672K)->36284K(36672K) NonClass: 32115K(32320K)->32115K(32320K) Class: 4168K(4352K)->4168K(4352K)
[259.858s][info][gc             ] GC(2345) Pause Young (Allocation Failure) 399M->112M(996M) 0.702ms
[259.858s][info][gc,cpu         ] GC(2345) User=0.00s Sys=0.00s Real=0.00s
[259.902s][info][gc,start       ] GC(2346) Pause Young (Allocation Failure)
[259.902s][info][gc,heap        ] GC(2346) PSYoungGen: 293568K(321024K)->192K(323072K) Eden: 293376K(293376K)->0K(296448K) From: 192K(27648K)->192K(26624K)
[259.903s][info][gc,heap        ] GC(2346) ParOldGen: 115314K(699392K)->115314K(699392K)
[259.903s][info][gc,metaspace   ] GC(2346) Metaspace: 36284K(36672K)->36284K(36672K) NonClass: 32115K(32320K)->32115K(32320K) Class: 4168K(4352K)->4168K(4352K)
[259.903s][info][gc             ] GC(2346) Pause Young (Allocation Failure) 399M->112M(998M) 0.357ms
[259.903s][info][gc,cpu         ] GC(2346) User=0.00s Sys=0.00s Real=0.00s
[259.948s][info][gc,start       ] GC(2347) Pause Young (Allocation Failure)
[259.948s][info][gc,heap        ] GC(2347) PSYoungGen: 296640K(323072K)->192K(322560K) Eden: 296448K(296448K)->0K(296448K) From: 192K(26624K)->192K(26112K)
[259.948s][info][gc,heap        ] GC(2347) ParOldGen: 115314K(699392K)->115314K(699392K)
[259.948s][info][gc,metaspace   ] GC(2347) Metaspace: 36284K(36672K)->36284K(36672K) NonClass: 32115K(32320K)->32115K(32320K) Class: 4168K(4352K)->4168K(4352K)
[259.948s][info][gc             ] GC(2347) Pause Young (Allocation Failure) 402M->112M(998M) 0.463ms
[259.948s][info][gc,cpu         ] GC(2347) User=0.00s Sys=0.00s Real=0.00s
[259.994s][info][gc,start       ] GC(2348) Pause Young (Allocation Failure)
[259.994s][info][gc,heap        ] GC(2348) PSYoungGen: 296640K(322560K)->192K(325120K) Eden: 296448K(296448K)->0K(300032K) From: 192K(26112K)->192K(25088K)
[259.994s][info][gc,heap        ] GC(2348) ParOldGen: 115314K(699392K)->115314K(699392K)
[259.994s][info][gc,metaspace   ] GC(2348) Metaspace: 36284K(36672K)->36284K(36672K) NonClass: 32115K(32320K)->32115K(32320K) Class: 4168K(4352K)->4168K(4352K)
[259.994s][info][gc             ] GC(2348) Pause Young (Allocation Failure) 402M->112M(1000M) 0.503ms
[259.994s][info][gc,cpu         ] GC(2348) User=0.00s Sys=0.00s Real=0.00s
[260.039s][info][gc,start       ] GC(2349) Pause Young (Allocation Failure)
[260.039s][info][gc,heap        ] GC(2349) PSYoungGen: 300224K(325120K)->160K(324096K) Eden: 300032K(300032K)->0K(300032K) From: 192K(25088K)->160K(24064K)
[260.039s][info][gc,heap        ] GC(2349) ParOldGen: 115314K(699392K)->115314K(699392K)
[260.039s][info][gc,metaspace   ] GC(2349) Metaspace: 36284K(36672K)->36284K(36672K) NonClass: 32115K(32320K)->32115K(32320K) Class: 4168K(4352K)->4168K(4352K)
[260.039s][info][gc             ] GC(2349) Pause Young (Allocation Failure) 405M->112M(999M) 0.363ms
[260.039s][info][gc,cpu         ] GC(2349) User=0.00s Sys=0.00s Real=0.00s
[260.084s][info][gc,start       ] GC(2350) Pause Young (Allocation Failure)
[260.084s][info][gc,heap        ] GC(2350) PSYoungGen: 300192K(324096K)->160K(327168K) Eden: 300032K(300032K)->0K(304128K) From: 160K(24064K)->160K(23040K)
[260.084s][info][gc,heap        ] GC(2350) ParOldGen: 115314K(699392K)->115314K(699392K)
[260.084s][info][gc,metaspace   ] GC(2350) Metaspace: 36284K(36672K)->36284K(36672K) NonClass: 32115K(32320K)->32115K(32320K) Class: 4168K(4352K)->4168K(4352K)
[260.084s][info][gc             ] GC(2350) Pause Young (Allocation Failure) 405M->112M(1002M) 0.374ms
[260.084s][info][gc,cpu         ] GC(2350) User=0.00s Sys=0.00s Real=0.00s
[260.130s][info][gc,start       ] GC(2351) Pause Young (Allocation Failure)
[260.130s][info][gc,heap        ] GC(2351) PSYoungGen: 304288K(327168K)->192K(326144K) Eden: 304128K(304128K)->0K(304128K) From: 160K(23040K)->192K(22016K)
[260.130s][info][gc,heap        ] GC(2351) ParOldGen: 115314K(699392K)->115314K(699392K)
[260.130s][info][gc,metaspace   ] GC(2351) Metaspace: 36284K(36672K)->36284K(36672K) NonClass: 32115K(32320K)->32115K(32320K) Class: 4168K(4352K)->4168K(4352K)
[260.130s][info][gc             ] GC(2351) Pause Young (Allocation Failure) 409M->112M(1001M) 0.381ms
[260.130s][info][gc,cpu         ] GC(2351) User=0.00s Sys=0.00s Real=0.00s
[260.178s][info][gc,start       ] GC(2352) Pause Young (Allocation Failure)
[260.178s][info][gc,heap        ] GC(2352) PSYoungGen: 304320K(326144K)->160K(329216K) Eden: 304128K(304128K)->0K(308224K) From: 192K(22016K)->160K(20992K)
[260.178s][info][gc,heap        ] GC(2352) ParOldGen: 115314K(699392K)->115314K(699392K)
[260.178s][info][gc,metaspace   ] GC(2352) Metaspace: 36284K(36672K)->36284K(36672K) NonClass: 32115K(32320K)->32115K(32320K) Class: 4168K(4352K)->4168K(4352K)
[260.178s][info][gc             ] GC(2352) Pause Young (Allocation Failure) 409M->112M(1004M) 0.358ms
[260.178s][info][gc,cpu         ] GC(2352) User=0.00s Sys=0.00s Real=0.00s
[260.225s][info][gc,start       ] GC(2353) Pause Young (Allocation Failure)
[260.225s][info][gc,heap        ] GC(2353) PSYoungGen: 308384K(329216K)->160K(328192K) Eden: 308224K(308224K)->0K(308224K) From: 160K(20992K)->160K(19968K)
[260.225s][info][gc,heap        ] GC(2353) ParOldGen: 115314K(699392K)->115314K(699392K)
[260.225s][info][gc,metaspace   ] GC(2353) Metaspace: 36284K(36672K)->36284K(36672K) NonClass: 32115K(32320K)->32115K(32320K) Class: 4168K(4352K)->4168K(4352K)
[260.225s][info][gc             ] GC(2353) Pause Young (Allocation Failure) 413M->112M(1003M) 0.377ms
[260.225s][info][gc,cpu         ] GC(2353) User=0.00s Sys=0.00s Real=0.00s
[260.283s][info][gc,start       ] GC(2354) Pause Young (Allocation Failure)
[260.284s][info][gc,heap        ] GC(2354) PSYoungGen: 308384K(328192K)->192K(331776K) Eden: 308224K(308224K)->0K(312832K) From: 160K(19968K)->192K(18944K)
[260.284s][info][gc,heap        ] GC(2354) ParOldGen: 115314K(699392K)->115314K(699392K)
[260.284s][info][gc,metaspace   ] GC(2354) Metaspace: 36284K(36672K)->36284K(36672K) NonClass: 32115K(32320K)->32115K(32320K) Class: 4168K(4352K)->4168K(4352K)
[260.284s][info][gc             ] GC(2354) Pause Young (Allocation Failure) 413M->112M(1007M) 0.417ms
[260.284s][info][gc,cpu         ] GC(2354) User=0.00s Sys=0.00s Real=0.00s
[260.345s][info][gc,start       ] GC(2355) Pause Young (Allocation Failure)
[260.346s][info][gc,heap        ] GC(2355) PSYoungGen: 313024K(331776K)->160K(330240K) Eden: 312832K(312832K)->0K(312832K) From: 192K(18944K)->160K(17408K)
[260.346s][info][gc,heap        ] GC(2355) ParOldGen: 115314K(699392K)->115362K(699392K)
[260.346s][info][gc,metaspace   ] GC(2355) Metaspace: 36284K(36672K)->36284K(36672K) NonClass: 32115K(32320K)->32115K(32320K) Class: 4168K(4352K)->4168K(4352K)
[260.346s][info][gc             ] GC(2355) Pause Young (Allocation Failure) 418M->112M(1005M) 0.416ms
[260.346s][info][gc,cpu         ] GC(2355) User=0.00s Sys=0.00s Real=0.00s
[260.406s][info][gc,start       ] GC(2356) Pause Young (Allocation Failure)
[260.407s][info][gc,heap        ] GC(2356) PSYoungGen: 312992K(330240K)->192K(333312K) Eden: 312832K(312832K)->0K(316928K) From: 160K(17408K)->192K(16384K)
[260.407s][info][gc,heap        ] GC(2356) ParOldGen: 115362K(699392K)->115362K(699392K)
[260.407s][info][gc,metaspace   ] GC(2356) Metaspace: 36284K(36672K)->36284K(36672K) NonClass: 32115K(32320K)->32115K(32320K) Class: 4168K(4352K)->4168K(4352K)
[260.407s][info][gc             ] GC(2356) Pause Young (Allocation Failure) 418M->112M(1008M) 0.442ms
[260.407s][info][gc,cpu         ] GC(2356) User=0.00s Sys=0.00s Real=0.00s
[260.468s][info][gc,start       ] GC(2357) Pause Young (Allocation Failure)
[260.468s][info][gc,heap        ] GC(2357) PSYoungGen: 317120K(333312K)->160K(332800K) Eden: 316928K(316928K)->0K(316928K) From: 192K(16384K)->160K(15872K)
[260.468s][info][gc,heap        ] GC(2357) ParOldGen: 115362K(699392K)->115362K(699392K)
[260.468s][info][gc,metaspace   ] GC(2357) Metaspace: 36284K(36672K)->36284K(36672K) NonClass: 32115K(32320K)->32115K(32320K) Class: 4168K(4352K)->4168K(4352K)
[260.468s][info][gc             ] GC(2357) Pause Young (Allocation Failure) 422M->112M(1008M) 0.500ms
[260.468s][info][gc,cpu         ] GC(2357) User=0.00s Sys=0.00s Real=0.00s
[260.527s][info][gc,start       ] GC(2358) Pause Young (Allocation Failure)
[260.527s][info][gc,heap        ] GC(2358) PSYoungGen: 317088K(332800K)->192K(335360K) Eden: 316928K(316928K)->0K(320512K) From: 160K(15872K)->192K(14848K)
[260.527s][info][gc,heap        ] GC(2358) ParOldGen: 115362K(699392K)->115362K(699392K)
[260.527s][info][gc,metaspace   ] GC(2358) Metaspace: 36284K(36672K)->36284K(36672K) NonClass: 32115K(32320K)->32115K(32320K) Class: 4168K(4352K)->4168K(4352K)
[260.527s][info][gc             ] GC(2358) Pause Young (Allocation Failure) 422M->112M(1010M) 0.433ms
[260.528s][info][gc,cpu         ] GC(2358) User=0.00s Sys=0.00s Real=0.00s
[260.588s][info][gc,start       ] GC(2359) Pause Young (Allocation Failure)
[260.589s][info][gc,heap        ] GC(2359) PSYoungGen: 320704K(335360K)->192K(334336K) Eden: 320512K(320512K)->0K(320512K) From: 192K(14848K)->192K(13824K)
[260.589s][info][gc,heap        ] GC(2359) ParOldGen: 115362K(699392K)->115362K(699392K)
[260.589s][info][gc,metaspace   ] GC(2359) Metaspace: 36284K(36672K)->36284K(36672K) NonClass: 32115K(32320K)->32115K(32320K) Class: 4168K(4352K)->4168K(4352K)
[260.589s][info][gc             ] GC(2359) Pause Young (Allocation Failure) 425M->112M(1009M) 0.434ms
[260.589s][info][gc,cpu         ] GC(2359) User=0.00s Sys=0.00s Real=0.00s
[260.650s][info][gc,start       ] GC(2360) Pause Young (Allocation Failure)
[260.650s][info][gc,heap        ] GC(2360) PSYoungGen: 320704K(334336K)->160K(336896K) Eden: 320512K(320512K)->0K(324096K) From: 192K(13824K)->160K(12800K)
[260.650s][info][gc,heap        ] GC(2360) ParOldGen: 115362K(699392K)->115362K(699392K)
[260.650s][info][gc,metaspace   ] GC(2360) Metaspace: 36284K(36672K)->36284K(36672K) NonClass: 32115K(32320K)->32115K(32320K) Class: 4168K(4352K)->4168K(4352K)
[260.650s][info][gc             ] GC(2360) Pause Young (Allocation Failure) 425M->112M(1012M) 0.433ms
[260.650s][info][gc,cpu         ] GC(2360) User=0.00s Sys=0.00s Real=0.00s
[260.712s][info][gc,start       ] GC(2361) Pause Young (Allocation Failure)
[260.713s][info][gc,heap        ] GC(2361) PSYoungGen: 324256K(336896K)->160K(336384K) Eden: 324096K(324096K)->0K(324096K) From: 160K(12800K)->160K(12288K)
[260.713s][info][gc,heap        ] GC(2361) ParOldGen: 115362K(699392K)->115362K(699392K)
[260.713s][info][gc,metaspace   ] GC(2361) Metaspace: 36284K(36672K)->36284K(36672K) NonClass: 32115K(32320K)->32115K(32320K) Class: 4168K(4352K)->4168K(4352K)
[260.713s][info][gc             ] GC(2361) Pause Young (Allocation Failure) 429M->112M(1011M) 0.422ms
[260.713s][info][gc,cpu         ] GC(2361) User=0.00s Sys=0.00s Real=0.00s
[260.775s][info][gc,start       ] GC(2362) Pause Young (Allocation Failure)
[260.775s][info][gc,heap        ] GC(2362) PSYoungGen: 324256K(336384K)->192K(338432K) Eden: 324096K(324096K)->0K(327168K) From: 160K(12288K)->192K(11264K)
[260.775s][info][gc,heap        ] GC(2362) ParOldGen: 115362K(699392K)->115362K(699392K)
[260.775s][info][gc,metaspace   ] GC(2362) Metaspace: 36284K(36672K)->36284K(36672K) NonClass: 32115K(32320K)->32115K(32320K) Class: 4168K(4352K)->4168K(4352K)
[260.775s][info][gc             ] GC(2362) Pause Young (Allocation Failure) 429M->112M(1013M) 0.430ms
[260.775s][info][gc,cpu         ] GC(2362) User=0.00s Sys=0.00s Real=0.00s
[260.840s][info][gc,start       ] GC(2363) Pause Young (Allocation Failure)
[260.840s][info][gc,heap        ] GC(2363) PSYoungGen: 327360K(338432K)->160K(337920K) Eden: 327168K(327168K)->0K(327168K) From: 192K(11264K)->160K(10752K)
[260.840s][info][gc,heap        ] GC(2363) ParOldGen: 115362K(699392K)->115362K(699392K)
[260.840s][info][gc,metaspace   ] GC(2363) Metaspace: 36284K(36672K)->36284K(36672K) NonClass: 32115K(32320K)->32115K(32320K) Class: 4168K(4352K)->4168K(4352K)
[260.840s][info][gc             ] GC(2363) Pause Young (Allocation Failure) 432M->112M(1013M) 0.536ms
[260.840s][info][gc,cpu         ] GC(2363) User=0.00s Sys=0.00s Real=0.00s
[260.904s][info][gc,start       ] GC(2364) Pause Young (Allocation Failure)
[260.904s][info][gc,heap        ] GC(2364) PSYoungGen: 327328K(337920K)->192K(339968K) Eden: 327168K(327168K)->0K(330240K) From: 160K(10752K)->192K(9728K)
[260.904s][info][gc,heap        ] GC(2364) ParOldGen: 115362K(699392K)->115362K(699392K)
[260.904s][info][gc,metaspace   ] GC(2364) Metaspace: 36284K(36672K)->36284K(36672K) NonClass: 32115K(32320K)->32115K(32320K) Class: 4168K(4352K)->4168K(4352K)
[260.904s][info][gc             ] GC(2364) Pause Young (Allocation Failure) 432M->112M(1015M) 0.406ms
[260.904s][info][gc,cpu         ] GC(2364) User=0.00s Sys=0.00s Real=0.00s
[260.966s][info][gc,start       ] GC(2365) Pause Young (Allocation Failure)
[260.967s][info][gc,heap        ] GC(2365) PSYoungGen: 330432K(339968K)->192K(339456K) Eden: 330240K(330240K)->0K(330240K) From: 192K(9728K)->192K(9216K)
[260.967s][info][gc,heap        ] GC(2365) ParOldGen: 115362K(699392K)->115362K(699392K)
[260.967s][info][gc,metaspace   ] GC(2365) Metaspace: 36284K(36672K)->36284K(36672K) NonClass: 32115K(32320K)->32115K(32320K) Class: 4168K(4352K)->4168K(4352K)
[260.967s][info][gc             ] GC(2365) Pause Young (Allocation Failure) 435M->112M(1014M) 0.465ms
[260.967s][info][gc,cpu         ] GC(2365) User=0.00s Sys=0.00s Real=0.02s
[261.029s][info][gc,start       ] GC(2366) Pause Young (Allocation Failure)
[261.029s][info][gc,heap        ] GC(2366) PSYoungGen: 330432K(339456K)->192K(340992K) Eden: 330240K(330240K)->0K(332288K) From: 192K(9216K)->192K(8704K)
[261.029s][info][gc,heap        ] GC(2366) ParOldGen: 115362K(699392K)->115362K(699392K)
[261.029s][info][gc,metaspace   ] GC(2366) Metaspace: 36284K(36672K)->36284K(36672K) NonClass: 32115K(32320K)->32115K(32320K) Class: 4168K(4352K)->4168K(4352K)
[261.029s][info][gc             ] GC(2366) Pause Young (Allocation Failure) 435M->112M(1016M) 0.434ms
[261.029s][info][gc,cpu         ] GC(2366) User=0.00s Sys=0.00s Real=0.00s
[261.090s][info][gc,start       ] GC(2367) Pause Young (Allocation Failure)
[261.091s][info][gc,heap        ] GC(2367) PSYoungGen: 332480K(340992K)->160K(340480K) Eden: 332288K(332288K)->0K(332288K) From: 192K(8704K)->160K(8192K)
[261.091s][info][gc,heap        ] GC(2367) ParOldGen: 115362K(699392K)->115362K(699392K)
[261.091s][info][gc,metaspace   ] GC(2367) Metaspace: 36284K(36672K)->36284K(36672K) NonClass: 32115K(32320K)->32115K(32320K) Class: 4168K(4352K)->4168K(4352K)
[261.091s][info][gc             ] GC(2367) Pause Young (Allocation Failure) 437M->112M(1015M) 0.410ms
[261.091s][info][gc,cpu         ] GC(2367) User=0.00s Sys=0.00s Real=0.00s
[261.152s][info][gc,start       ] GC(2368) Pause Young (Allocation Failure)
[261.152s][info][gc,heap        ] GC(2368) PSYoungGen: 332448K(340480K)->160K(342528K) Eden: 332288K(332288K)->0K(335360K) From: 160K(8192K)->160K(7168K)
[261.152s][info][gc,heap        ] GC(2368) ParOldGen: 115362K(699392K)->115362K(699392K)
[261.152s][info][gc,metaspace   ] GC(2368) Metaspace: 36284K(36672K)->36284K(36672K) NonClass: 32115K(32320K)->32115K(32320K) Class: 4168K(4352K)->4168K(4352K)
[261.152s][info][gc             ] GC(2368) Pause Young (Allocation Failure) 437M->112M(1017M) 0.417ms
[261.152s][info][gc,cpu         ] GC(2368) User=0.00s Sys=0.00s Real=0.00s
[261.215s][info][gc,start       ] GC(2369) Pause Young (Allocation Failure)
[261.216s][info][gc,heap        ] GC(2369) PSYoungGen: 335520K(342528K)->160K(342016K) Eden: 335360K(335360K)->0K(335360K) From: 160K(7168K)->160K(6656K)
[261.216s][info][gc,heap        ] GC(2369) ParOldGen: 115362K(699392K)->115362K(699392K)
[261.216s][info][gc,metaspace   ] GC(2369) Metaspace: 36284K(36672K)->36284K(36672K) NonClass: 32115K(32320K)->32115K(32320K) Class: 4168K(4352K)->4168K(4352K)
[261.216s][info][gc             ] GC(2369) Pause Young (Allocation Failure) 440M->112M(1017M) 0.408ms
[261.216s][info][gc,cpu         ] GC(2369) User=0.00s Sys=0.00s Real=0.00s
[261.278s][info][gc,start       ] GC(2370) Pause Young (Allocation Failure)
[261.279s][info][gc,heap        ] GC(2370) PSYoungGen: 335520K(342016K)->192K(343040K) Eden: 335360K(335360K)->0K(336896K) From: 160K(6656K)->192K(6144K)
[261.279s][info][gc,heap        ] GC(2370) ParOldGen: 115362K(699392K)->115362K(699392K)
[261.279s][info][gc,metaspace   ] GC(2370) Metaspace: 36284K(36672K)->36284K(36672K) NonClass: 32115K(32320K)->32115K(32320K) Class: 4168K(4352K)->4168K(4352K)
[261.279s][info][gc             ] GC(2370) Pause Young (Allocation Failure) 440M->112M(1018M) 0.432ms
[261.279s][info][gc,cpu         ] GC(2370) User=0.00s Sys=0.00s Real=0.00s
[261.342s][info][gc,start       ] GC(2371) Pause Young (Allocation Failure)
[261.342s][info][gc,heap        ] GC(2371) PSYoungGen: 337088K(343040K)->192K(343040K) Eden: 336896K(336896K)->0K(336896K) From: 192K(6144K)->192K(6144K)
[261.342s][info][gc,heap        ] GC(2371) ParOldGen: 115362K(699392K)->115362K(699392K)
[261.342s][info][gc,metaspace   ] GC(2371) Metaspace: 36284K(36672K)->36284K(36672K) NonClass: 32115K(32320K)->32115K(32320K) Class: 4168K(4352K)->4168K(4352K)
[261.342s][info][gc             ] GC(2371) Pause Young (Allocation Failure) 441M->112M(1018M) 0.423ms
[261.342s][info][gc,cpu         ] GC(2371) User=0.00s Sys=0.00s Real=0.00s
[261.405s][info][gc,start       ] GC(2372) Pause Young (Allocation Failure)
[261.406s][info][gc,heap        ] GC(2372) PSYoungGen: 337088K(343040K)->192K(344064K) Eden: 336896K(336896K)->0K(338432K) From: 192K(6144K)->192K(5632K)
[261.406s][info][gc,heap        ] GC(2372) ParOldGen: 115362K(699392K)->115362K(699392K)
[261.406s][info][gc,metaspace   ] GC(2372) Metaspace: 36284K(36672K)->36284K(36672K) NonClass: 32115K(32320K)->32115K(32320K) Class: 4168K(4352K)->4168K(4352K)
[261.406s][info][gc             ] GC(2372) Pause Young (Allocation Failure) 441M->112M(1019M) 0.424ms
[261.406s][info][gc,cpu         ] GC(2372) User=0.00s Sys=0.00s Real=0.00s
[261.470s][info][gc,start       ] GC(2373) Pause Young (Allocation Failure)
[261.471s][info][gc,heap        ] GC(2373) PSYoungGen: 338624K(344064K)->192K(343552K) Eden: 338432K(338432K)->0K(338432K) From: 192K(5632K)->192K(5120K)
[261.471s][info][gc,heap        ] GC(2373) ParOldGen: 115362K(699392K)->115362K(699392K)
[261.471s][info][gc,metaspace   ] GC(2373) Metaspace: 36284K(36672K)->36284K(36672K) NonClass: 32115K(32320K)->32115K(32320K) Class: 4168K(4352K)->4168K(4352K)
[261.471s][info][gc             ] GC(2373) Pause Young (Allocation Failure) 443M->112M(1018M) 0.440ms
[261.471s][info][gc,cpu         ] GC(2373) User=0.00s Sys=0.00s Real=0.00s
[261.536s][info][gc,start       ] GC(2374) Pause Young (Allocation Failure)
[261.537s][info][gc,heap        ] GC(2374) PSYoungGen: 338624K(343552K)->192K(344576K) Eden: 338432K(338432K)->0K(339968K) From: 192K(5120K)->192K(4608K)
[261.537s][info][gc,heap        ] GC(2374) ParOldGen: 115362K(699392K)->115362K(699392K)
[261.537s][info][gc,metaspace   ] GC(2374) Metaspace: 36284K(36672K)->36284K(36672K) NonClass: 32115K(32320K)->32115K(32320K) Class: 4168K(4352K)->4168K(4352K)
[261.537s][info][gc             ] GC(2374) Pause Young (Allocation Failure) 443M->112M(1019M) 0.402ms
[261.537s][info][gc,cpu         ] GC(2374) User=0.00s Sys=0.00s Real=0.00s
[261.602s][info][gc,start       ] GC(2375) Pause Young (Allocation Failure)
[261.602s][info][gc,heap        ] GC(2375) PSYoungGen: 340160K(344576K)->160K(344576K) Eden: 339968K(339968K)->0K(339968K) From: 192K(4608K)->160K(4608K)
[261.602s][info][gc,heap        ] GC(2375) ParOldGen: 115362K(699392K)->115362K(699392K)
[261.602s][info][gc,metaspace   ] GC(2375) Metaspace: 36284K(36672K)->36284K(36672K) NonClass: 32115K(32320K)->32115K(32320K) Class: 4168K(4352K)->4168K(4352K)
[261.602s][info][gc             ] GC(2375) Pause Young (Allocation Failure) 444M->112M(1019M) 0.447ms
[261.602s][info][gc,cpu         ] GC(2375) User=0.00s Sys=0.00s Real=0.00s
[261.666s][info][gc,start       ] GC(2376) Pause Young (Allocation Failure)
[261.666s][info][gc,heap        ] GC(2376) PSYoungGen: 340128K(344576K)->160K(345600K) Eden: 339968K(339968K)->0K(341504K) From: 160K(4608K)->160K(4096K)
[261.666s][info][gc,heap        ] GC(2376) ParOldGen: 115362K(699392K)->115362K(699392K)
[261.666s][info][gc,metaspace   ] GC(2376) Metaspace: 36284K(36672K)->36284K(36672K) NonClass: 32115K(32320K)->32115K(32320K) Class: 4168K(4352K)->4168K(4352K)
[261.666s][info][gc             ] GC(2376) Pause Young (Allocation Failure) 444M->112M(1020M) 0.437ms
[261.666s][info][gc,cpu         ] GC(2376) User=0.00s Sys=0.00s Real=0.00s
[261.730s][info][gc,start       ] GC(2377) Pause Young (Allocation Failure)
[261.730s][info][gc,heap        ] GC(2377) PSYoungGen: 341664K(345600K)->192K(345088K) Eden: 341504K(341504K)->0K(341504K) From: 160K(4096K)->192K(3584K)
[261.730s][info][gc,heap        ] GC(2377) ParOldGen: 115362K(699392K)->115362K(699392K)
[261.730s][info][gc,metaspace   ] GC(2377) Metaspace: 36284K(36672K)->36284K(36672K) NonClass: 32115K(32320K)->32115K(32320K) Class: 4168K(4352K)->4168K(4352K)
[261.730s][info][gc             ] GC(2377) Pause Young (Allocation Failure) 446M->112M(1020M) 0.428ms
[261.730s][info][gc,cpu         ] GC(2377) User=0.00s Sys=0.00s Real=0.00s
[261.796s][info][gc,start       ] GC(2378) Pause Young (Allocation Failure)
[261.796s][info][gc,heap        ] GC(2378) PSYoungGen: 341696K(345088K)->160K(346112K) Eden: 341504K(341504K)->0K(342528K) From: 192K(3584K)->160K(3584K)
[261.796s][info][gc,heap        ] GC(2378) ParOldGen: 115362K(699392K)->115362K(699392K)
[261.796s][info][gc,metaspace   ] GC(2378) Metaspace: 36284K(36672K)->36284K(36672K) NonClass: 32115K(32320K)->32115K(32320K) Class: 4168K(4352K)->4168K(4352K)
[261.796s][info][gc             ] GC(2378) Pause Young (Allocation Failure) 446M->112M(1021M) 0.450ms
[261.796s][info][gc,cpu         ] GC(2378) User=0.00s Sys=0.00s Real=0.00s
[261.862s][info][gc,start       ] GC(2379) Pause Young (Allocation Failure)
[261.862s][info][gc,heap        ] GC(2379) PSYoungGen: 342688K(346112K)->192K(345600K) Eden: 342528K(342528K)->0K(342528K) From: 160K(3584K)->192K(3072K)
[261.862s][info][gc,heap        ] GC(2379) ParOldGen: 115362K(699392K)->115362K(699392K)
[261.862s][info][gc,metaspace   ] GC(2379) Metaspace: 36284K(36672K)->36284K(36672K) NonClass: 32115K(32320K)->32115K(32320K) Class: 4168K(4352K)->4168K(4352K)
[261.862s][info][gc             ] GC(2379) Pause Young (Allocation Failure) 447M->112M(1020M) 0.398ms
[261.862s][info][gc,cpu         ] GC(2379) User=0.00s Sys=0.00s Real=0.00s
[261.930s][info][gc,start       ] GC(2380) Pause Young (Allocation Failure)
[261.930s][info][gc,heap        ] GC(2380) PSYoungGen: 342720K(345600K)->160K(346112K) Eden: 342528K(342528K)->0K(343040K) From: 192K(3072K)->160K(3072K)
[261.930s][info][gc,heap        ] GC(2380) ParOldGen: 115362K(699392K)->115362K(699392K)
[261.930s][info][gc,metaspace   ] GC(2380) Metaspace: 36284K(36672K)->36284K(36672K) NonClass: 32115K(32320K)->32115K(32320K) Class: 4168K(4352K)->4168K(4352K)
[261.930s][info][gc             ] GC(2380) Pause Young (Allocation Failure) 447M->112M(1021M) 0.429ms
[261.930s][info][gc,cpu         ] GC(2380) User=0.00s Sys=0.00s Real=0.00s
[262.005s][info][gc,start       ] GC(2381) Pause Young (Allocation Failure)
[262.005s][info][gc,heap        ] GC(2381) PSYoungGen: 343200K(346112K)->192K(346112K) Eden: 343040K(343040K)->0K(343040K) From: 160K(3072K)->192K(3072K)
[262.006s][info][gc,heap        ] GC(2381) ParOldGen: 115362K(699392K)->115362K(699392K)
[262.006s][info][gc,metaspace   ] GC(2381) Metaspace: 36284K(36672K)->36284K(36672K) NonClass: 32115K(32320K)->32115K(32320K) Class: 4168K(4352K)->4168K(4352K)
[262.006s][info][gc             ] GC(2381) Pause Young (Allocation Failure) 447M->112M(1021M) 0.366ms
[262.006s][info][gc,cpu         ] GC(2381) User=0.00s Sys=0.00s Real=0.00s
[262.245s][info][gc,start       ] GC(2382) Pause Young (Allocation Failure)
[262.250s][info][gc,heap        ] GC(2382) PSYoungGen: 338791K(346112K)->2560K(340480K) Eden: 338599K(343040K)->0K(337920K) From: 192K(3072K)->2560K(2560K)
[262.250s][info][gc,heap        ] GC(2382) ParOldGen: 115362K(699392K)->121105K(699392K)
[262.250s][info][gc,metaspace   ] GC(2382) Metaspace: 36284K(36672K)->36284K(36672K) NonClass: 32115K(32320K)->32115K(32320K) Class: 4168K(4352K)->4168K(4352K)
[262.250s][info][gc             ] GC(2382) Pause Young (Allocation Failure) 443M->120M(1015M) 4.521ms
[262.250s][info][gc,cpu         ] GC(2382) User=0.03s Sys=0.00s Real=0.00s
[262.556s][info][gc,start       ] GC(2383) Pause Young (Allocation Failure)
[262.570s][info][gc,heap        ] GC(2383) PSYoungGen: 340480K(340480K)->5624K(343552K) Eden: 337920K(337920K)->0K(337920K) From: 2560K(2560K)->5624K(5632K)
[262.570s][info][gc,heap        ] GC(2383) ParOldGen: 121105K(699392K)->155548K(699392K)
[262.570s][info][gc,metaspace   ] GC(2383) Metaspace: 36284K(36672K)->36284K(36672K) NonClass: 32115K(32320K)->32115K(32320K) Class: 4168K(4352K)->4168K(4352K)
[262.570s][info][gc             ] GC(2383) Pause Young (Allocation Failure) 450M->157M(1018M) 14.716ms
[262.570s][info][gc,cpu         ] GC(2383) User=0.09s Sys=0.00s Real=0.02s
[262.871s][info][gc,start       ] GC(2384) Pause Young (Allocation Failure)
[262.888s][info][gc,heap        ] GC(2384) PSYoungGen: 342515K(343552K)->5614K(289280K) Eden: 336890K(337920K)->0K(283648K) From: 5624K(5632K)->5614K(5632K)
[262.888s][info][gc,heap        ] GC(2384) ParOldGen: 155548K(699392K)->195324K(699392K)
[262.888s][info][gc,metaspace   ] GC(2384) Metaspace: 36284K(36672K)->36284K(36672K) NonClass: 32115K(32320K)->32115K(32320K) Class: 4168K(4352K)->4168K(4352K)
[262.888s][info][gc             ] GC(2384) Pause Young (Allocation Failure) 486M->196M(965M) 16.778ms
[262.888s][info][gc,cpu         ] GC(2384) User=0.09s Sys=0.00s Real=0.02s
[263.139s][info][gc,start       ] GC(2385) Pause Young (Allocation Failure)
[263.147s][info][gc,heap        ] GC(2385) PSYoungGen: 289262K(289280K)->21833K(305664K) Eden: 283648K(283648K)->0K(283648K) From: 5614K(5632K)->21833K(22016K)
[263.147s][info][gc,heap        ] GC(2385) ParOldGen: 195324K(699392K)->200070K(699392K)
[263.148s][info][gc,metaspace   ] GC(2385) Metaspace: 36284K(36672K)->36284K(36672K) NonClass: 32115K(32320K)->32115K(32320K) Class: 4168K(4352K)->4168K(4352K)
[263.148s][info][gc             ] GC(2385) Pause Young (Allocation Failure) 473M->216M(981M) 8.203ms
[263.148s][info][gc,cpu         ] GC(2385) User=0.09s Sys=0.00s Real=0.01s
[263.394s][info][gc,start       ] GC(2386) Pause Young (Allocation Failure)
[263.400s][info][gc,heap        ] GC(2386) PSYoungGen: 305481K(305664K)->12425K(315392K) Eden: 283648K(283648K)->0K(280064K) From: 21833K(22016K)->12425K(35328K)
[263.400s][info][gc,heap        ] GC(2386) ParOldGen: 200070K(699392K)->211652K(699392K)
[263.400s][info][gc,metaspace   ] GC(2386) Metaspace: 36284K(36672K)->36284K(36672K) NonClass: 32115K(32320K)->32115K(32320K) Class: 4168K(4352K)->4168K(4352K)
[263.400s][info][gc             ] GC(2386) Pause Young (Allocation Failure) 493M->218M(991M) 6.885ms
[263.400s][info][gc,cpu         ] GC(2386) User=0.00s Sys=0.00s Real=0.01s
[263.640s][info][gc,start       ] GC(2387) Pause Young (Allocation Failure)
[263.646s][info][gc,heap        ] GC(2387) PSYoungGen: 291282K(315392K)->12435K(313856K) Eden: 278856K(280064K)->0K(280064K) From: 12425K(35328K)->12435K(33792K)
[263.646s][info][gc,heap        ] GC(2387) ParOldGen: 211652K(699392K)->214579K(699392K)
[263.646s][info][gc,metaspace   ] GC(2387) Metaspace: 36284K(36672K)->36284K(36672K) NonClass: 32115K(32320K)->32115K(32320K) Class: 4168K(4352K)->4168K(4352K)
[263.646s][info][gc             ] GC(2387) Pause Young (Allocation Failure) 491M->221M(989M) 6.162ms
[263.646s][info][gc,cpu         ] GC(2387) User=0.09s Sys=0.00s Real=0.01s
[263.883s][info][gc,start       ] GC(2388) Pause Young (Allocation Failure)
[263.890s][info][gc,heap        ] GC(2388) PSYoungGen: 287438K(313856K)->20500K(314880K) Eden: 275002K(280064K)->0K(282624K) From: 12435K(33792K)->20500K(32256K)
[263.890s][info][gc,heap        ] GC(2388) ParOldGen: 214579K(699392K)->215343K(699392K)
[263.890s][info][gc,metaspace   ] GC(2388) Metaspace: 36284K(36672K)->36284K(36672K) NonClass: 32115K(32320K)->32115K(32320K) Class: 4168K(4352K)->4168K(4352K)
[263.890s][info][gc             ] GC(2388) Pause Young (Allocation Failure) 490M->230M(990M) 6.900ms
[263.890s][info][gc,cpu         ] GC(2388) User=0.00s Sys=0.00s Real=0.01s
[264.146s][info][gc,start       ] GC(2389) Pause Young (Allocation Failure)
[264.151s][info][gc,heap        ] GC(2389) PSYoungGen: 303124K(314880K)->8687K(315904K) Eden: 282624K(282624K)->0K(282624K) From: 20500K(32256K)->8687K(33280K)
[264.151s][info][gc,heap        ] GC(2389) ParOldGen: 215343K(699392K)->218660K(699392K)
[264.151s][info][gc,metaspace   ] GC(2389) Metaspace: 36284K(36672K)->36284K(36672K) NonClass: 32115K(32320K)->32115K(32320K) Class: 4168K(4352K)->4168K(4352K)
[264.151s][info][gc             ] GC(2389) Pause Young (Allocation Failure) 506M->222M(991M) 5.302ms
[264.151s][info][gc,cpu         ] GC(2389) User=0.00s Sys=0.00s Real=0.01s
[264.382s][info][gc,start       ] GC(2390) Pause Young (Allocation Failure)
[264.388s][info][gc,heap        ] GC(2390) PSYoungGen: 291299K(315904K)->14178K(318464K) Eden: 282611K(282624K)->0K(286720K) From: 8687K(33280K)->14178K(31744K)
[264.388s][info][gc,heap        ] GC(2390) ParOldGen: 218660K(699392K)->219652K(699392K)
[264.388s][info][gc,metaspace   ] GC(2390) Metaspace: 36284K(36672K)->36284K(36672K) NonClass: 32115K(32320K)->32115K(32320K) Class: 4168K(4352K)->4168K(4352K)
[264.388s][info][gc             ] GC(2390) Pause Young (Allocation Failure) 498M->228M(994M) 6.270ms
[264.388s][info][gc,cpu         ] GC(2390) User=0.00s Sys=0.00s Real=0.01s
[264.634s][info][gc,start       ] GC(2391) Pause Young (Allocation Failure)
[264.641s][info][gc,heap        ] GC(2391) PSYoungGen: 300898K(318464K)->12514K(317440K) Eden: 286720K(286720K)->0K(286720K) From: 14178K(31744K)->12514K(30720K)
[264.641s][info][gc,heap        ] GC(2391) ParOldGen: 219652K(699392K)->221139K(699392K)
[264.641s][info][gc,metaspace   ] GC(2391) Metaspace: 36284K(36672K)->36284K(36672K) NonClass: 32115K(32320K)->32115K(32320K) Class: 4168K(4352K)->4168K(4352K)
[264.641s][info][gc             ] GC(2391) Pause Young (Allocation Failure) 508M->228M(993M) 6.402ms
[264.641s][info][gc,cpu         ] GC(2391) User=0.08s Sys=0.00s Real=0.01s
[264.870s][info][gc,start       ] GC(2392) Pause Young (Allocation Failure)
[264.877s][info][gc,heap        ] GC(2392) PSYoungGen: 295833K(317440K)->16698K(320000K) Eden: 283319K(286720K)->0K(290816K) From: 12514K(30720K)->16698K(29184K)
[264.877s][info][gc,heap        ] GC(2392) ParOldGen: 221139K(699392K)->224847K(699392K)
[264.877s][info][gc,metaspace   ] GC(2392) Metaspace: 36284K(36672K)->36284K(36672K) NonClass: 32115K(32320K)->32115K(32320K) Class: 4168K(4352K)->4168K(4352K)
[264.877s][info][gc             ] GC(2392) Pause Young (Allocation Failure) 504M->235M(995M) 7.397ms
[264.877s][info][gc,cpu         ] GC(2392) User=0.09s Sys=0.00s Real=0.01s
[265.115s][info][gc,start       ] GC(2393) Pause Young (Allocation Failure)
[265.122s][info][gc,heap        ] GC(2393) PSYoungGen: 304872K(320000K)->15030K(320000K) Eden: 288173K(290816K)->0K(290816K) From: 16698K(29184K)->15030K(29184K)
[265.122s][info][gc,heap        ] GC(2393) ParOldGen: 224847K(699392K)->229127K(699392K)
[265.122s][info][gc,metaspace   ] GC(2393) Metaspace: 36284K(36672K)->36284K(36672K) NonClass: 32115K(32320K)->32115K(32320K) Class: 4168K(4352K)->4168K(4352K)
[265.122s][info][gc             ] GC(2393) Pause Young (Allocation Failure) 517M->238M(995M) 7.126ms
[265.122s][info][gc,cpu         ] GC(2393) User=0.00s Sys=0.00s Real=0.01s
[265.373s][info][gc,start       ] GC(2394) Pause Young (Allocation Failure)
[265.378s][info][gc,heap        ] GC(2394) PSYoungGen: 305846K(320000K)->9299K(321536K) Eden: 290816K(290816K)->0K(292864K) From: 15030K(29184K)->9299K(28672K)
[265.378s][info][gc,heap        ] GC(2394) ParOldGen: 229127K(699392K)->231957K(699392K)
[265.378s][info][gc,metaspace   ] GC(2394) Metaspace: 36284K(36672K)->36284K(36672K) NonClass: 32115K(32320K)->32115K(32320K) Class: 4168K(4352K)->4168K(4352K)
[265.378s][info][gc             ] GC(2394) Pause Young (Allocation Failure) 522M->235M(997M) 5.305ms
[265.378s][info][gc,cpu         ] GC(2394) User=0.09s Sys=0.00s Real=0.01s
[265.507s][info][gc,start       ] GC(2395) Pause Young (System.gc())
[265.511s][info][gc,heap        ] GC(2395) PSYoungGen: 155515K(321536K)->6208K(320512K) Eden: 146216K(292864K)->0K(292864K) From: 9299K(28672K)->6208K(27648K)
[265.511s][info][gc,heap        ] GC(2395) ParOldGen: 231957K(699392K)->234147K(699392K)
[265.511s][info][gc,metaspace   ] GC(2395) Metaspace: 36284K(36672K)->36284K(36672K) NonClass: 32115K(32320K)->32115K(32320K) Class: 4168K(4352K)->4168K(4352K)
[265.511s][info][gc             ] GC(2395) Pause Young (System.gc()) 378M->234M(996M) 4.327ms
[265.511s][info][gc,cpu         ] GC(2395) User=0.00s Sys=0.00s Real=0.02s
[265.511s][info][gc,start       ] GC(2396) Pause Full (System.gc())
[265.511s][info][gc,phases,start] GC(2396) Marking Phase
[265.527s][info][gc,phases      ] GC(2396) Marking Phase 16.192ms
[265.527s][info][gc,phases,start] GC(2396) Summary Phase
[265.527s][info][gc,phases      ] GC(2396) Summary Phase 0.011ms
[265.527s][info][gc,phases,start] GC(2396) Adjust Roots
[265.532s][info][gc,phases      ] GC(2396) Adjust Roots 4.371ms
[265.532s][info][gc,phases,start] GC(2396) Compaction Phase
[265.539s][info][gc,phases      ] GC(2396) Compaction Phase 7.410ms
[265.539s][info][gc,phases,start] GC(2396) Post Compact
[265.540s][info][gc,phases      ] GC(2396) Post Compact 1.079ms
[265.540s][info][gc,heap        ] GC(2396) PSYoungGen: 6208K(320512K)->0K(320512K) Eden: 0K(292864K)->0K(292864K) From: 6208K(27648K)->0K(27648K)
[265.540s][info][gc,heap        ] GC(2396) ParOldGen: 234147K(699392K)->112660K(699392K)
[265.540s][info][gc,metaspace   ] GC(2396) Metaspace: 36284K(36672K)->36284K(36672K) NonClass: 32115K(32320K)->32115K(32320K) Class: 4168K(4352K)->4168K(4352K)
[265.541s][info][gc             ] GC(2396) Pause Full (System.gc()) 234M->110M(996M) 29.333ms
[265.541s][info][gc,cpu         ] GC(2396) User=0.09s Sys=0.02s Real=0.03s
[265.588s][info][gc,start       ] GC(2397) Pause Young (Allocation Failure)
[265.588s][info][gc,heap        ] GC(2397) PSYoungGen: 292864K(320512K)->192K(321024K) Eden: 292864K(292864K)->0K(293888K) From: 0K(27648K)->192K(27136K)
[265.588s][info][gc,heap        ] GC(2397) ParOldGen: 112660K(699392K)->112660K(699392K)
[265.588s][info][gc,metaspace   ] GC(2397) Metaspace: 36284K(36672K)->36284K(36672K) NonClass: 32115K(32320K)->32115K(32320K) Class: 4168K(4352K)->4168K(4352K)
[265.588s][info][gc             ] GC(2397) Pause Young (Allocation Failure) 396M->110M(996M) 0.407ms
[265.588s][info][gc,cpu         ] GC(2397) User=0.00s Sys=0.00s Real=0.00s
[265.632s][info][gc,start       ] GC(2398) Pause Young (Allocation Failure)
[265.633s][info][gc,heap        ] GC(2398) PSYoungGen: 294080K(321024K)->192K(321536K) Eden: 293888K(293888K)->0K(293888K) From: 192K(27136K)->192K(27648K)
[265.633s][info][gc,heap        ] GC(2398) ParOldGen: 112660K(699392K)->112708K(699392K)
[265.633s][info][gc,metaspace   ] GC(2398) Metaspace: 36284K(36672K)->36284K(36672K) NonClass: 32115K(32320K)->32115K(32320K) Class: 4168K(4352K)->4168K(4352K)
[265.633s][info][gc             ] GC(2398) Pause Young (Allocation Failure) 397M->110M(997M) 0.384ms
[265.633s][info][gc,cpu         ] GC(2398) User=0.00s Sys=0.00s Real=0.00s
[265.677s][info][gc,start       ] GC(2399) Pause Young (Allocation Failure)
[265.678s][info][gc,heap        ] GC(2399) PSYoungGen: 294080K(321536K)->160K(321536K) Eden: 293888K(293888K)->0K(293888K) From: 192K(27648K)->160K(27648K)
[265.678s][info][gc,heap        ] GC(2399) ParOldGen: 112708K(699392K)->112708K(699392K)
[265.678s][info][gc,metaspace   ] GC(2399) Metaspace: 36284K(36672K)->36284K(36672K) NonClass: 32115K(32320K)->32115K(32320K) Class: 4168K(4352K)->4168K(4352K)
[265.678s][info][gc             ] GC(2399) Pause Young (Allocation Failure) 397M->110M(997M) 0.370ms
[265.678s][info][gc,cpu         ] GC(2399) User=0.00s Sys=0.00s Real=0.00s
[265.722s][info][gc,start       ] GC(2400) Pause Young (Allocation Failure)
[265.722s][info][gc,heap        ] GC(2400) PSYoungGen: 294048K(321536K)->160K(321536K) Eden: 293888K(293888K)->0K(293888K) From: 160K(27648K)->160K(27648K)
[265.722s][info][gc,heap        ] GC(2400) ParOldGen: 112708K(699392K)->112708K(699392K)
[265.722s][info][gc,metaspace   ] GC(2400) Metaspace: 36284K(36672K)->36284K(36672K) NonClass: 32115K(32320K)->32115K(32320K) Class: 4168K(4352K)->4168K(4352K)
[265.722s][info][gc             ] GC(2400) Pause Young (Allocation Failure) 397M->110M(997M) 0.377ms
[265.722s][info][gc,cpu         ] GC(2400) User=0.00s Sys=0.00s Real=0.00s
[265.766s][info][gc,start       ] GC(2401) Pause Young (Allocation Failure)
[265.766s][info][gc,heap        ] GC(2401) PSYoungGen: 294048K(321536K)->160K(322560K) Eden: 293888K(293888K)->0K(295424K) From: 160K(27648K)->160K(27136K)
[265.766s][info][gc,heap        ] GC(2401) ParOldGen: 112708K(699392K)->112708K(699392K)
[265.766s][info][gc,metaspace   ] GC(2401) Metaspace: 36284K(36672K)->36284K(36672K) NonClass: 32115K(32320K)->32115K(32320K) Class: 4168K(4352K)->4168K(4352K)
[265.766s][info][gc             ] GC(2401) Pause Young (Allocation Failure) 397M->110M(998M) 0.372ms
[265.766s][info][gc,cpu         ] GC(2401) User=0.00s Sys=0.00s Real=0.00s
[265.811s][info][gc,start       ] GC(2402) Pause Young (Allocation Failure)
[265.811s][info][gc,heap        ] GC(2402) PSYoungGen: 295584K(322560K)->160K(322048K) Eden: 295424K(295424K)->0K(295424K) From: 160K(27136K)->160K(26624K)
[265.811s][info][gc,heap        ] GC(2402) ParOldGen: 112708K(699392K)->112708K(699392K)
[265.811s][info][gc,metaspace   ] GC(2402) Metaspace: 36284K(36672K)->36284K(36672K) NonClass: 32115K(32320K)->32115K(32320K) Class: 4168K(4352K)->4168K(4352K)
[265.811s][info][gc             ] GC(2402) Pause Young (Allocation Failure) 398M->110M(997M) 0.514ms
[265.811s][info][gc,cpu         ] GC(2402) User=0.00s Sys=0.00s Real=0.00s
[265.858s][info][gc,start       ] GC(2403) Pause Young (Allocation Failure)
[265.859s][info][gc,heap        ] GC(2403) PSYoungGen: 295584K(322048K)->192K(324608K) Eden: 295424K(295424K)->0K(299008K) From: 160K(26624K)->192K(25600K)
[265.859s][info][gc,heap        ] GC(2403) ParOldGen: 112708K(699392K)->112708K(699392K)
[265.859s][info][gc,metaspace   ] GC(2403) Metaspace: 36284K(36672K)->36284K(36672K) NonClass: 32115K(32320K)->32115K(32320K) Class: 4168K(4352K)->4168K(4352K)
[265.859s][info][gc             ] GC(2403) Pause Young (Allocation Failure) 398M->110M(1000M) 0.831ms
[265.859s][info][gc,cpu         ] GC(2403) User=0.00s Sys=0.00s Real=0.00s
[265.904s][info][gc,start       ] GC(2404) Pause Young (Allocation Failure)
[265.904s][info][gc,heap        ] GC(2404) PSYoungGen: 299200K(324608K)->160K(323584K) Eden: 299008K(299008K)->0K(299008K) From: 192K(25600K)->160K(24576K)
[265.904s][info][gc,heap        ] GC(2404) ParOldGen: 112708K(699392K)->112708K(699392K)
[265.904s][info][gc,metaspace   ] GC(2404) Metaspace: 36284K(36672K)->36284K(36672K) NonClass: 32115K(32320K)->32115K(32320K) Class: 4168K(4352K)->4168K(4352K)
[265.904s][info][gc             ] GC(2404) Pause Young (Allocation Failure) 402M->110M(999M) 0.373ms
[265.904s][info][gc,cpu         ] GC(2404) User=0.00s Sys=0.00s Real=0.00s
[265.951s][info][gc,start       ] GC(2405) Pause Young (Allocation Failure)
[265.952s][info][gc,heap        ] GC(2405) PSYoungGen: 299168K(323584K)->160K(326656K) Eden: 299008K(299008K)->0K(303104K) From: 160K(24576K)->160K(23552K)
[265.952s][info][gc,heap        ] GC(2405) ParOldGen: 112708K(699392K)->112708K(699392K)
[265.952s][info][gc,metaspace   ] GC(2405) Metaspace: 36284K(36672K)->36284K(36672K) NonClass: 32115K(32320K)->32115K(32320K) Class: 4168K(4352K)->4168K(4352K)
[265.952s][info][gc             ] GC(2405) Pause Young (Allocation Failure) 402M->110M(1002M) 0.366ms
[265.952s][info][gc,cpu         ] GC(2405) User=0.00s Sys=0.00s Real=0.00s
[265.997s][info][gc,start       ] GC(2406) Pause Young (Allocation Failure)
[265.997s][info][gc,heap        ] GC(2406) PSYoungGen: 303264K(326656K)->192K(325632K) Eden: 303104K(303104K)->0K(303104K) From: 160K(23552K)->192K(22528K)
[265.997s][info][gc,heap        ] GC(2406) ParOldGen: 112708K(699392K)->112708K(699392K)
[265.997s][info][gc,metaspace   ] GC(2406) Metaspace: 36284K(36672K)->36284K(36672K) NonClass: 32115K(32320K)->32115K(32320K) Class: 4168K(4352K)->4168K(4352K)
[265.997s][info][gc             ] GC(2406) Pause Young (Allocation Failure) 406M->110M(1001M) 0.420ms
[265.997s][info][gc,cpu         ] GC(2406) User=0.00s Sys=0.00s Real=0.00s
[266.042s][info][gc,start       ] GC(2407) Pause Young (Allocation Failure)
[266.042s][info][gc,heap        ] GC(2407) PSYoungGen: 303296K(325632K)->160K(328704K) Eden: 303104K(303104K)->0K(307200K) From: 192K(22528K)->160K(21504K)
[266.042s][info][gc,heap        ] GC(2407) ParOldGen: 112708K(699392K)->112708K(699392K)
[266.042s][info][gc,metaspace   ] GC(2407) Metaspace: 36284K(36672K)->36284K(36672K) NonClass: 32115K(32320K)->32115K(32320K) Class: 4168K(4352K)->4168K(4352K)
[266.042s][info][gc             ] GC(2407) Pause Young (Allocation Failure) 406M->110M(1004M) 0.373ms
[266.042s][info][gc,cpu         ] GC(2407) User=0.00s Sys=0.00s Real=0.00s
[266.089s][info][gc,start       ] GC(2408) Pause Young (Allocation Failure)
[266.089s][info][gc,heap        ] GC(2408) PSYoungGen: 307360K(328704K)->192K(327680K) Eden: 307200K(307200K)->0K(307200K) From: 160K(21504K)->192K(20480K)
[266.089s][info][gc,heap        ] GC(2408) ParOldGen: 112708K(699392K)->112708K(699392K)
[266.089s][info][gc,metaspace   ] GC(2408) Metaspace: 36284K(36672K)->36284K(36672K) NonClass: 32115K(32320K)->32115K(32320K) Class: 4168K(4352K)->4168K(4352K)
[266.089s][info][gc             ] GC(2408) Pause Young (Allocation Failure) 410M->110M(1003M) 0.385ms
[266.089s][info][gc,cpu         ] GC(2408) User=0.00s Sys=0.00s Real=0.00s
[266.136s][info][gc,start       ] GC(2409) Pause Young (Allocation Failure)
[266.136s][info][gc,heap        ] GC(2409) PSYoungGen: 307392K(327680K)->192K(330752K) Eden: 307200K(307200K)->0K(311296K) From: 192K(20480K)->192K(19456K)
[266.136s][info][gc,heap        ] GC(2409) ParOldGen: 112708K(699392K)->112708K(699392K)
[266.136s][info][gc,metaspace   ] GC(2409) Metaspace: 36284K(36672K)->36284K(36672K) NonClass: 32115K(32320K)->32115K(32320K) Class: 4168K(4352K)->4168K(4352K)
[266.136s][info][gc             ] GC(2409) Pause Young (Allocation Failure) 410M->110M(1006M) 0.374ms
[266.136s][info][gc,cpu         ] GC(2409) User=0.00s Sys=0.00s Real=0.00s
[266.184s][info][gc,start       ] GC(2410) Pause Young (Allocation Failure)
[266.184s][info][gc,heap        ] GC(2410) PSYoungGen: 311488K(330752K)->160K(329728K) Eden: 311296K(311296K)->0K(311296K) From: 192K(19456K)->160K(18432K)
[266.184s][info][gc,heap        ] GC(2410) ParOldGen: 112708K(699392K)->112708K(699392K)
[266.184s][info][gc,metaspace   ] GC(2410) Metaspace: 36284K(36672K)->36284K(36672K) NonClass: 32115K(32320K)->32115K(32320K) Class: 4168K(4352K)->4168K(4352K)
[266.184s][info][gc             ] GC(2410) Pause Young (Allocation Failure) 414M->110M(1005M) 0.404ms
[266.184s][info][gc,cpu         ] GC(2410) User=0.00s Sys=0.00s Real=0.00s
[266.237s][info][gc,start       ] GC(2411) Pause Young (Allocation Failure)
[266.237s][info][gc,heap        ] GC(2411) PSYoungGen: 311456K(329728K)->192K(332800K) Eden: 311296K(311296K)->0K(315392K) From: 160K(18432K)->192K(17408K)
[266.237s][info][gc,heap        ] GC(2411) ParOldGen: 112708K(699392K)->112708K(699392K)
[266.237s][info][gc,metaspace   ] GC(2411) Metaspace: 36284K(36672K)->36284K(36672K) NonClass: 32115K(32320K)->32115K(32320K) Class: 4168K(4352K)->4168K(4352K)
[266.237s][info][gc             ] GC(2411) Pause Young (Allocation Failure) 414M->110M(1008M) 0.440ms
[266.237s][info][gc,cpu         ] GC(2411) User=0.00s Sys=0.00s Real=0.00s
[266.299s][info][gc,start       ] GC(2412) Pause Young (Allocation Failure)
[266.299s][info][gc,heap        ] GC(2412) PSYoungGen: 315584K(332800K)->192K(331776K) Eden: 315392K(315392K)->0K(315392K) From: 192K(17408K)->192K(16384K)
[266.299s][info][gc,heap        ] GC(2412) ParOldGen: 112708K(699392K)->112756K(699392K)
[266.299s][info][gc,metaspace   ] GC(2412) Metaspace: 36284K(36672K)->36284K(36672K) NonClass: 32115K(32320K)->32115K(32320K) Class: 4168K(4352K)->4168K(4352K)
[266.299s][info][gc             ] GC(2412) Pause Young (Allocation Failure) 418M->110M(1007M) 0.405ms
[266.299s][info][gc,cpu         ] GC(2412) User=0.00s Sys=0.00s Real=0.00s
[266.360s][info][gc,start       ] GC(2413) Pause Young (Allocation Failure)
[266.361s][info][gc,heap        ] GC(2413) PSYoungGen: 315584K(331776K)->160K(334336K) Eden: 315392K(315392K)->0K(318976K) From: 192K(16384K)->160K(15360K)
[266.361s][info][gc,heap        ] GC(2413) ParOldGen: 112756K(699392K)->112756K(699392K)
[266.361s][info][gc,metaspace   ] GC(2413) Metaspace: 36284K(36672K)->36284K(36672K) NonClass: 32115K(32320K)->32115K(32320K) Class: 4168K(4352K)->4168K(4352K)
[266.361s][info][gc             ] GC(2413) Pause Young (Allocation Failure) 418M->110M(1009M) 0.537ms
[266.361s][info][gc,cpu         ] GC(2413) User=0.00s Sys=0.00s Real=0.02s
[266.422s][info][gc,start       ] GC(2414) Pause Young (Allocation Failure)
[266.422s][info][gc,heap        ] GC(2414) PSYoungGen: 319136K(334336K)->160K(333824K) Eden: 318976K(318976K)->0K(318976K) From: 160K(15360K)->160K(14848K)
[266.422s][info][gc,heap        ] GC(2414) ParOldGen: 112756K(699392K)->112756K(699392K)
[266.422s][info][gc,metaspace   ] GC(2414) Metaspace: 36284K(36672K)->36284K(36672K) NonClass: 32115K(32320K)->32115K(32320K) Class: 4168K(4352K)->4168K(4352K)
[266.422s][info][gc             ] GC(2414) Pause Young (Allocation Failure) 421M->110M(1009M) 0.425ms
[266.422s][info][gc,cpu         ] GC(2414) User=0.00s Sys=0.02s Real=0.00s
[266.484s][info][gc,start       ] GC(2415) Pause Young (Allocation Failure)
[266.484s][info][gc,heap        ] GC(2415) PSYoungGen: 319136K(333824K)->192K(336384K) Eden: 318976K(318976K)->0K(322560K) From: 160K(14848K)->192K(13824K)
[266.484s][info][gc,heap        ] GC(2415) ParOldGen: 112756K(699392K)->112756K(699392K)
[266.484s][info][gc,metaspace   ] GC(2415) Metaspace: 36284K(36672K)->36284K(36672K) NonClass: 32115K(32320K)->32115K(32320K) Class: 4168K(4352K)->4168K(4352K)
[266.484s][info][gc             ] GC(2415) Pause Young (Allocation Failure) 421M->110M(1011M) 0.462ms
[266.484s][info][gc,cpu         ] GC(2415) User=0.09s Sys=0.00s Real=0.00s
[266.548s][info][gc,start       ] GC(2416) Pause Young (Allocation Failure)
[266.548s][info][gc,heap        ] GC(2416) PSYoungGen: 322752K(336384K)->192K(335360K) Eden: 322560K(322560K)->0K(322560K) From: 192K(13824K)->192K(12800K)
[266.548s][info][gc,heap        ] GC(2416) ParOldGen: 112756K(699392K)->112756K(699392K)
[266.548s][info][gc,metaspace   ] GC(2416) Metaspace: 36284K(36672K)->36284K(36672K) NonClass: 32115K(32320K)->32115K(32320K) Class: 4168K(4352K)->4168K(4352K)
[266.548s][info][gc             ] GC(2416) Pause Young (Allocation Failure) 425M->110M(1010M) 0.430ms
[266.548s][info][gc,cpu         ] GC(2416) User=0.00s Sys=0.00s Real=0.00s
[266.608s][info][gc,start       ] GC(2417) Pause Young (Allocation Failure)
[266.609s][info][gc,heap        ] GC(2417) PSYoungGen: 322752K(335360K)->160K(337920K) Eden: 322560K(322560K)->0K(326144K) From: 192K(12800K)->160K(11776K)
[266.609s][info][gc,heap        ] GC(2417) ParOldGen: 112756K(699392K)->112756K(699392K)
[266.609s][info][gc,metaspace   ] GC(2417) Metaspace: 36284K(36672K)->36284K(36672K) NonClass: 32115K(32320K)->32115K(32320K) Class: 4168K(4352K)->4168K(4352K)
[266.609s][info][gc             ] GC(2417) Pause Young (Allocation Failure) 425M->110M(1013M) 0.446ms
[266.609s][info][gc,cpu         ] GC(2417) User=0.00s Sys=0.00s Real=0.00s
[266.672s][info][gc,start       ] GC(2418) Pause Young (Allocation Failure)
[266.672s][info][gc,heap        ] GC(2418) PSYoungGen: 326304K(337920K)->192K(337408K) Eden: 326144K(326144K)->0K(326144K) From: 160K(11776K)->192K(11264K)
[266.672s][info][gc,heap        ] GC(2418) ParOldGen: 112756K(699392K)->112756K(699392K)
[266.672s][info][gc,metaspace   ] GC(2418) Metaspace: 36284K(36672K)->36284K(36672K) NonClass: 32115K(32320K)->32115K(32320K) Class: 4168K(4352K)->4168K(4352K)
[266.672s][info][gc             ] GC(2418) Pause Young (Allocation Failure) 428M->110M(1012M) 0.440ms
[266.672s][info][gc,cpu         ] GC(2418) User=0.00s Sys=0.00s Real=0.00s
[266.734s][info][gc,start       ] GC(2419) Pause Young (Allocation Failure)
[266.734s][info][gc,heap        ] GC(2419) PSYoungGen: 326336K(337408K)->192K(339456K) Eden: 326144K(326144K)->0K(328704K) From: 192K(11264K)->192K(10752K)
[266.734s][info][gc,heap        ] GC(2419) ParOldGen: 112756K(699392K)->112756K(699392K)
[266.734s][info][gc,metaspace   ] GC(2419) Metaspace: 36284K(36672K)->36284K(36672K) NonClass: 32115K(32320K)->32115K(32320K) Class: 4168K(4352K)->4168K(4352K)
[266.734s][info][gc             ] GC(2419) Pause Young (Allocation Failure) 428M->110M(1014M) 0.422ms
[266.734s][info][gc,cpu         ] GC(2419) User=0.09s Sys=0.00s Real=0.00s
[266.797s][info][gc,start       ] GC(2420) Pause Young (Allocation Failure)
[266.798s][info][gc,heap        ] GC(2420) PSYoungGen: 328896K(339456K)->160K(338432K) Eden: 328704K(328704K)->0K(328704K) From: 192K(10752K)->160K(9728K)
[266.798s][info][gc,heap        ] GC(2420) ParOldGen: 112756K(699392K)->112756K(699392K)
[266.798s][info][gc,metaspace   ] GC(2420) Metaspace: 36284K(36672K)->36284K(36672K) NonClass: 32115K(32320K)->32115K(32320K) Class: 4168K(4352K)->4168K(4352K)
[266.798s][info][gc             ] GC(2420) Pause Young (Allocation Failure) 431M->110M(1013M) 0.456ms
[266.798s][info][gc,cpu         ] GC(2420) User=0.00s Sys=0.00s Real=0.00s
[266.864s][info][gc,start       ] GC(2421) Pause Young (Allocation Failure)
[266.864s][info][gc,heap        ] GC(2421) PSYoungGen: 328864K(338432K)->160K(340480K) Eden: 328704K(328704K)->0K(331264K) From: 160K(9728K)->160K(9216K)
[266.864s][info][gc,heap        ] GC(2421) ParOldGen: 112756K(699392K)->112756K(699392K)
[266.864s][info][gc,metaspace   ] GC(2421) Metaspace: 36284K(36672K)->36284K(36672K) NonClass: 32115K(32320K)->32115K(32320K) Class: 4168K(4352K)->4168K(4352K)
[266.864s][info][gc             ] GC(2421) Pause Young (Allocation Failure) 431M->110M(1015M) 0.554ms
[266.864s][info][gc,cpu         ] GC(2421) User=0.00s Sys=0.00s Real=0.00s
[266.928s][info][gc,start       ] GC(2422) Pause Young (Allocation Failure)
[266.928s][info][gc,heap        ] GC(2422) PSYoungGen: 331424K(340480K)->192K(339968K) Eden: 331264K(331264K)->0K(331264K) From: 160K(9216K)->192K(8704K)
[266.928s][info][gc,heap        ] GC(2422) ParOldGen: 112756K(699392K)->112756K(699392K)
[266.928s][info][gc,metaspace   ] GC(2422) Metaspace: 36284K(36672K)->36284K(36672K) NonClass: 32115K(32320K)->32115K(32320K) Class: 4168K(4352K)->4168K(4352K)
[266.928s][info][gc             ] GC(2422) Pause Young (Allocation Failure) 433M->110M(1015M) 0.393ms
[266.928s][info][gc,cpu         ] GC(2422) User=0.00s Sys=0.00s Real=0.00s
[266.990s][info][gc,start       ] GC(2423) Pause Young (Allocation Failure)
[266.990s][info][gc,heap        ] GC(2423) PSYoungGen: 331456K(339968K)->192K(342016K) Eden: 331264K(331264K)->0K(334336K) From: 192K(8704K)->192K(7680K)
[266.991s][info][gc,heap        ] GC(2423) ParOldGen: 112756K(699392K)->112764K(699392K)
[266.991s][info][gc,metaspace   ] GC(2423) Metaspace: 36284K(36672K)->36284K(36672K) NonClass: 32115K(32320K)->32115K(32320K) Class: 4168K(4352K)->4168K(4352K)
[266.991s][info][gc             ] GC(2423) Pause Young (Allocation Failure) 433M->110M(1017M) 0.397ms
[266.991s][info][gc,cpu         ] GC(2423) User=0.00s Sys=0.00s Real=0.00s
[267.052s][info][gc,start       ] GC(2424) Pause Young (Allocation Failure)
[267.053s][info][gc,heap        ] GC(2424) PSYoungGen: 334528K(342016K)->192K(341504K) Eden: 334336K(334336K)->0K(334336K) From: 192K(7680K)->192K(7168K)
[267.053s][info][gc,heap        ] GC(2424) ParOldGen: 112764K(699392K)->112764K(699392K)
[267.053s][info][gc,metaspace   ] GC(2424) Metaspace: 36284K(36672K)->36284K(36672K) NonClass: 32115K(32320K)->32115K(32320K) Class: 4168K(4352K)->4168K(4352K)
[267.053s][info][gc             ] GC(2424) Pause Young (Allocation Failure) 436M->110M(1016M) 0.389ms
[267.053s][info][gc,cpu         ] GC(2424) User=0.00s Sys=0.00s Real=0.00s
[267.115s][info][gc,start       ] GC(2425) Pause Young (Allocation Failure)
[267.116s][info][gc,heap        ] GC(2425) PSYoungGen: 334528K(341504K)->192K(343040K) Eden: 334336K(334336K)->0K(336384K) From: 192K(7168K)->192K(6656K)
[267.116s][info][gc,heap        ] GC(2425) ParOldGen: 112764K(699392K)->112764K(699392K)
[267.116s][info][gc,metaspace   ] GC(2425) Metaspace: 36284K(36672K)->36284K(36672K) NonClass: 32115K(32320K)->32115K(32320K) Class: 4168K(4352K)->4168K(4352K)
[267.116s][info][gc             ] GC(2425) Pause Young (Allocation Failure) 436M->110M(1018M) 0.404ms
[267.116s][info][gc,cpu         ] GC(2425) User=0.00s Sys=0.00s Real=0.00s
[267.179s][info][gc,start       ] GC(2426) Pause Young (Allocation Failure)
[267.180s][info][gc,heap        ] GC(2426) PSYoungGen: 336576K(343040K)->160K(342528K) Eden: 336384K(336384K)->0K(336384K) From: 192K(6656K)->160K(6144K)
[267.180s][info][gc,heap        ] GC(2426) ParOldGen: 112764K(699392K)->112764K(699392K)
[267.180s][info][gc,metaspace   ] GC(2426) Metaspace: 36284K(36672K)->36284K(36672K) NonClass: 32115K(32320K)->32115K(32320K) Class: 4168K(4352K)->4168K(4352K)
[267.180s][info][gc             ] GC(2426) Pause Young (Allocation Failure) 438M->110M(1017M) 0.502ms
[267.180s][info][gc,cpu         ] GC(2426) User=0.00s Sys=0.00s Real=0.00s
[267.243s][info][gc,start       ] GC(2427) Pause Young (Allocation Failure)
[267.243s][info][gc,heap        ] GC(2427) PSYoungGen: 336544K(342528K)->160K(343552K) Eden: 336384K(336384K)->0K(337408K) From: 160K(6144K)->160K(6144K)
[267.243s][info][gc,heap        ] GC(2427) ParOldGen: 112764K(699392K)->112764K(699392K)
[267.243s][info][gc,metaspace   ] GC(2427) Metaspace: 36284K(36672K)->36284K(36672K) NonClass: 32115K(32320K)->32115K(32320K) Class: 4168K(4352K)->4168K(4352K)
[267.243s][info][gc             ] GC(2427) Pause Young (Allocation Failure) 438M->110M(1018M) 0.449ms
[267.243s][info][gc,cpu         ] GC(2427) User=0.00s Sys=0.00s Real=0.00s
[267.308s][info][gc,start       ] GC(2428) Pause Young (Allocation Failure)
[267.308s][info][gc,heap        ] GC(2428) PSYoungGen: 337568K(343552K)->160K(343040K) Eden: 337408K(337408K)->0K(337408K) From: 160K(6144K)->160K(5632K)
[267.308s][info][gc,heap        ] GC(2428) ParOldGen: 112764K(699392K)->112764K(699392K)
[267.308s][info][gc,metaspace   ] GC(2428) Metaspace: 36284K(36672K)->36284K(36672K) NonClass: 32115K(32320K)->32115K(32320K) Class: 4168K(4352K)->4168K(4352K)
[267.308s][info][gc             ] GC(2428) Pause Young (Allocation Failure) 439M->110M(1018M) 0.479ms
[267.308s][info][gc,cpu         ] GC(2428) User=0.00s Sys=0.00s Real=0.00s
[267.372s][info][gc,start       ] GC(2429) Pause Young (Allocation Failure)
[267.372s][info][gc,heap        ] GC(2429) PSYoungGen: 337568K(343040K)->192K(344576K) Eden: 337408K(337408K)->0K(339456K) From: 160K(5632K)->192K(5120K)
[267.372s][info][gc,heap        ] GC(2429) ParOldGen: 112764K(699392K)->112764K(699392K)
[267.372s][info][gc,metaspace   ] GC(2429) Metaspace: 36284K(36672K)->36284K(36672K) NonClass: 32115K(32320K)->32115K(32320K) Class: 4168K(4352K)->4168K(4352K)
[267.372s][info][gc             ] GC(2429) Pause Young (Allocation Failure) 439M->110M(1019M) 0.431ms
[267.372s][info][gc,cpu         ] GC(2429) User=0.00s Sys=0.00s Real=0.00s
[267.436s][info][gc,start       ] GC(2430) Pause Young (Allocation Failure)
[267.437s][info][gc,heap        ] GC(2430) PSYoungGen: 339648K(344576K)->160K(344064K) Eden: 339456K(339456K)->0K(339456K) From: 192K(5120K)->160K(4608K)
[267.437s][info][gc,heap        ] GC(2430) ParOldGen: 112764K(699392K)->112764K(699392K)
[267.437s][info][gc,metaspace   ] GC(2430) Metaspace: 36284K(36672K)->36284K(36672K) NonClass: 32115K(32320K)->32115K(32320K) Class: 4168K(4352K)->4168K(4352K)
[267.437s][info][gc             ] GC(2430) Pause Young (Allocation Failure) 441M->110M(1019M) 0.426ms
[267.437s][info][gc,cpu         ] GC(2430) User=0.00s Sys=0.00s Real=0.00s
[267.503s][info][gc,start       ] GC(2431) Pause Young (Allocation Failure)
[267.503s][info][gc,heap        ] GC(2431) PSYoungGen: 339616K(344064K)->160K(345088K) Eden: 339456K(339456K)->0K(340480K) From: 160K(4608K)->160K(4608K)
[267.503s][info][gc,heap        ] GC(2431) ParOldGen: 112764K(699392K)->112764K(699392K)
[267.503s][info][gc,metaspace   ] GC(2431) Metaspace: 36284K(36672K)->36284K(36672K) NonClass: 32115K(32320K)->32115K(32320K) Class: 4168K(4352K)->4168K(4352K)
[267.503s][info][gc             ] GC(2431) Pause Young (Allocation Failure) 441M->110M(1020M) 0.417ms
[267.503s][info][gc,cpu         ] GC(2431) User=0.00s Sys=0.00s Real=0.00s
[267.569s][info][gc,start       ] GC(2432) Pause Young (Allocation Failure)
[267.569s][info][gc,heap        ] GC(2432) PSYoungGen: 340640K(345088K)->192K(344576K) Eden: 340480K(340480K)->0K(340480K) From: 160K(4608K)->192K(4096K)
[267.569s][info][gc,heap        ] GC(2432) ParOldGen: 112764K(699392K)->112764K(699392K)
[267.569s][info][gc,metaspace   ] GC(2432) Metaspace: 36284K(36672K)->36284K(36672K) NonClass: 32115K(32320K)->32115K(32320K) Class: 4168K(4352K)->4168K(4352K)
[267.569s][info][gc             ] GC(2432) Pause Young (Allocation Failure) 442M->110M(1019M) 0.408ms
[267.569s][info][gc,cpu         ] GC(2432) User=0.00s Sys=0.00s Real=0.00s
[267.636s][info][gc,start       ] GC(2433) Pause Young (Allocation Failure)
[267.636s][info][gc,heap        ] GC(2433) PSYoungGen: 340672K(344576K)->192K(345600K) Eden: 340480K(340480K)->0K(342016K) From: 192K(4096K)->192K(3584K)
[267.636s][info][gc,heap        ] GC(2433) ParOldGen: 112764K(699392K)->112764K(699392K)
[267.636s][info][gc,metaspace   ] GC(2433) Metaspace: 36284K(36672K)->36284K(36672K) NonClass: 32115K(32320K)->32115K(32320K) Class: 4168K(4352K)->4168K(4352K)
[267.636s][info][gc             ] GC(2433) Pause Young (Allocation Failure) 442M->110M(1020M) 0.425ms
[267.636s][info][gc,cpu         ] GC(2433) User=0.00s Sys=0.00s Real=0.00s
[267.703s][info][gc,start       ] GC(2434) Pause Young (Allocation Failure)
[267.703s][info][gc,heap        ] GC(2434) PSYoungGen: 342208K(345600K)->160K(345600K) Eden: 342016K(342016K)->0K(342016K) From: 192K(3584K)->160K(3584K)
[267.703s][info][gc,heap        ] GC(2434) ParOldGen: 112764K(699392K)->112764K(699392K)
[267.703s][info][gc,metaspace   ] GC(2434) Metaspace: 36284K(36672K)->36284K(36672K) NonClass: 32115K(32320K)->32115K(32320K) Class: 4168K(4352K)->4168K(4352K)
[267.703s][info][gc             ] GC(2434) Pause Young (Allocation Failure) 444M->110M(1020M) 0.446ms
[267.703s][info][gc,cpu         ] GC(2434) User=0.00s Sys=0.02s Real=0.00s
[267.768s][info][gc,start       ] GC(2435) Pause Young (Allocation Failure)
[267.768s][info][gc,heap        ] GC(2435) PSYoungGen: 342176K(345600K)->192K(346112K) Eden: 342016K(342016K)->0K(343040K) From: 160K(3584K)->192K(3072K)
[267.769s][info][gc,heap        ] GC(2435) ParOldGen: 112764K(699392K)->112764K(699392K)
[267.769s][info][gc,metaspace   ] GC(2435) Metaspace: 36284K(36672K)->36284K(36672K) NonClass: 32115K(32320K)->32115K(32320K) Class: 4168K(4352K)->4168K(4352K)
[267.769s][info][gc             ] GC(2435) Pause Young (Allocation Failure) 444M->110M(1021M) 0.431ms
[267.769s][info][gc,cpu         ] GC(2435) User=0.00s Sys=0.00s Real=0.00s
[267.836s][info][gc,start       ] GC(2436) Pause Young (Allocation Failure)
[267.836s][info][gc,heap        ] GC(2436) PSYoungGen: 343232K(346112K)->192K(346112K) Eden: 343040K(343040K)->0K(343040K) From: 192K(3072K)->192K(3072K)
[267.836s][info][gc,heap        ] GC(2436) ParOldGen: 112764K(699392K)->112764K(699392K)
[267.836s][info][gc,metaspace   ] GC(2436) Metaspace: 36284K(36672K)->36284K(36672K) NonClass: 32115K(32320K)->32115K(32320K) Class: 4168K(4352K)->4168K(4352K)
[267.836s][info][gc             ] GC(2436) Pause Young (Allocation Failure) 445M->110M(1021M) 0.382ms
[267.836s][info][gc,cpu         ] GC(2436) User=0.00s Sys=0.00s Real=0.00s
[267.903s][info][gc,start       ] GC(2437) Pause Young (Allocation Failure)
[267.904s][info][gc,heap        ] GC(2437) PSYoungGen: 343232K(346112K)->160K(346624K) Eden: 343040K(343040K)->0K(343552K) From: 192K(3072K)->160K(3072K)
[267.904s][info][gc,heap        ] GC(2437) ParOldGen: 112764K(699392K)->112764K(699392K)
[267.904s][info][gc,metaspace   ] GC(2437) Metaspace: 36284K(36672K)->36284K(36672K) NonClass: 32115K(32320K)->32115K(32320K) Class: 4168K(4352K)->4168K(4352K)
[267.904s][info][gc             ] GC(2437) Pause Young (Allocation Failure) 445M->110M(1021M) 0.451ms
[267.904s][info][gc,cpu         ] GC(2437) User=0.00s Sys=0.00s Real=0.00s
[267.982s][info][gc,start       ] GC(2438) Pause Young (Allocation Failure)
[267.983s][info][gc,heap        ] GC(2438) PSYoungGen: 343712K(346624K)->192K(346112K) Eden: 343552K(343552K)->0K(343552K) From: 160K(3072K)->192K(2560K)
[267.983s][info][gc,heap        ] GC(2438) ParOldGen: 112764K(699392K)->112764K(699392K)
[267.983s][info][gc,metaspace   ] GC(2438) Metaspace: 36284K(36672K)->36284K(36672K) NonClass: 32115K(32320K)->32115K(32320K) Class: 4168K(4352K)->4168K(4352K)
[267.983s][info][gc             ] GC(2438) Pause Young (Allocation Failure) 445M->110M(1021M) 0.416ms
[267.983s][info][gc,cpu         ] GC(2438) User=0.00s Sys=0.00s Real=0.00s
[268.271s][info][gc,start       ] GC(2439) Pause Young (Allocation Failure)
[268.280s][info][gc,heap        ] GC(2439) PSYoungGen: 343744K(346112K)->2532K(328192K) Eden: 343552K(343552K)->0K(325632K) From: 192K(2560K)->2532K(2560K)
[268.280s][info][gc,heap        ] GC(2439) ParOldGen: 112764K(699392K)->135796K(699392K)
[268.280s][info][gc,metaspace   ] GC(2439) Metaspace: 36284K(36672K)->36284K(36672K) NonClass: 32115K(32320K)->32115K(32320K) Class: 4168K(4352K)->4168K(4352K)
[268.280s][info][gc             ] GC(2439) Pause Young (Allocation Failure) 445M->135M(1003M) 8.860ms
[268.280s][info][gc,cpu         ] GC(2439) User=0.00s Sys=0.00s Real=0.02s
[268.565s][info][gc,start       ] GC(2440) Pause Young (Allocation Failure)
[268.571s][info][gc,heap        ] GC(2440) PSYoungGen: 328164K(328192K)->11226K(336896K) Eden: 325632K(325632K)->0K(325632K) From: 2532K(2560K)->11226K(11264K)
[268.571s][info][gc,heap        ] GC(2440) ParOldGen: 135796K(699392K)->137671K(699392K)
[268.571s][info][gc,metaspace   ] GC(2440) Metaspace: 36284K(36672K)->36284K(36672K) NonClass: 32115K(32320K)->32115K(32320K) Class: 4168K(4352K)->4168K(4352K)
[268.571s][info][gc             ] GC(2440) Pause Young (Allocation Failure) 453M->145M(1012M) 6.266ms
[268.571s][info][gc,cpu         ] GC(2440) User=0.00s Sys=0.00s Real=0.01s
[268.854s][info][gc,start       ] GC(2441) Pause Young (Allocation Failure)
[268.866s][info][gc,heap        ] GC(2441) PSYoungGen: 336483K(336896K)->12270K(317440K) Eden: 325257K(325632K)->0K(305152K) From: 11226K(11264K)->12270K(12288K)
[268.866s][info][gc,heap        ] GC(2441) ParOldGen: 137671K(699392K)->154099K(699392K)
[268.866s][info][gc,metaspace   ] GC(2441) Metaspace: 36284K(36672K)->36284K(36672K) NonClass: 32115K(32320K)->32115K(32320K) Class: 4168K(4352K)->4168K(4352K)
[268.866s][info][gc             ] GC(2441) Pause Young (Allocation Failure) 463M->162M(993M) 11.960ms
[268.866s][info][gc,cpu         ] GC(2441) User=0.09s Sys=0.00s Real=0.01s
[269.130s][info][gc,start       ] GC(2442) Pause Young (Allocation Failure)
[269.140s][info][gc,heap        ] GC(2442) PSYoungGen: 315422K(317440K)->17072K(322560K) Eden: 303152K(305152K)->0K(305152K) From: 12270K(12288K)->17072K(17408K)
[269.140s][info][gc,heap        ] GC(2442) ParOldGen: 154099K(699392K)->163471K(699392K)
[269.140s][info][gc,metaspace   ] GC(2442) Metaspace: 36284K(36672K)->36284K(36672K) NonClass: 32115K(32320K)->32115K(32320K) Class: 4168K(4352K)->4168K(4352K)
[269.140s][info][gc             ] GC(2442) Pause Young (Allocation Failure) 458M->176M(998M) 10.088ms
[269.140s][info][gc,cpu         ] GC(2442) User=0.00s Sys=0.00s Real=0.01s
[269.403s][info][gc,start       ] GC(2443) Pause Young (Allocation Failure)
[269.410s][info][gc,heap        ] GC(2443) PSYoungGen: 322224K(322560K)->9517K(325632K) Eden: 305152K(305152K)->0K(301056K) From: 17072K(17408K)->9517K(24576K)
[269.410s][info][gc,heap        ] GC(2443) ParOldGen: 163471K(699392K)->168781K(699392K)
[269.410s][info][gc,metaspace   ] GC(2443) Metaspace: 36284K(36672K)->36284K(36672K) NonClass: 32115K(32320K)->32115K(32320K) Class: 4168K(4352K)->4168K(4352K)
[269.410s][info][gc             ] GC(2443) Pause Young (Allocation Failure) 474M->174M(1001M) 7.022ms
[269.410s][info][gc,cpu         ] GC(2443) User=0.09s Sys=0.00s Real=0.01s
[269.666s][info][gc,start       ] GC(2444) Pause Young (Allocation Failure)
[269.673s][info][gc,heap        ] GC(2444) PSYoungGen: 307667K(325632K)->20022K(321536K) Eden: 298150K(301056K)->0K(301056K) From: 9517K(24576K)->20022K(20480K)
[269.673s][info][gc,heap        ] GC(2444) ParOldGen: 168781K(699392K)->170896K(699392K)
[269.673s][info][gc,metaspace   ] GC(2444) Metaspace: 36284K(36672K)->36284K(36672K) NonClass: 32115K(32320K)->32115K(32320K) Class: 4168K(4352K)->4168K(4352K)
[269.673s][info][gc             ] GC(2444) Pause Young (Allocation Failure) 465M->186M(997M) 6.774ms
[269.673s][info][gc,cpu         ] GC(2444) User=0.09s Sys=0.00s Real=0.01s
[269.924s][info][gc,start       ] GC(2445) Pause Young (Allocation Failure)
[269.930s][info][gc,heap        ] GC(2445) PSYoungGen: 319877K(321536K)->12832K(322560K) Eden: 299854K(301056K)->0K(295936K) From: 20022K(20480K)->12832K(26624K)
[269.930s][info][gc,heap        ] GC(2445) ParOldGen: 170896K(699392K)->171600K(699392K)
[269.930s][info][gc,metaspace   ] GC(2445) Metaspace: 36284K(36672K)->36284K(36672K) NonClass: 32115K(32320K)->32115K(32320K) Class: 4168K(4352K)->4168K(4352K)
[269.930s][info][gc             ] GC(2445) Pause Young (Allocation Failure) 479M->180M(998M) 6.329ms
[269.930s][info][gc,cpu         ] GC(2445) User=0.00s Sys=0.00s Real=0.01s
[270.189s][info][gc,start       ] GC(2446) Pause Young (Allocation Failure)
[270.195s][info][gc,heap        ] GC(2446) PSYoungGen: 308768K(322560K)->11342K(322560K) Eden: 295936K(295936K)->0K(295936K) From: 12832K(26624K)->11342K(26624K)
[270.195s][info][gc,heap        ] GC(2446) ParOldGen: 171600K(699392K)->173192K(699392K)
[270.195s][info][gc,metaspace   ] GC(2446) Metaspace: 36284K(36672K)->36284K(36672K) NonClass: 32115K(32320K)->32115K(32320K) Class: 4168K(4352K)->4168K(4352K)
[270.195s][info][gc             ] GC(2446) Pause Young (Allocation Failure) 469M->180M(998M) 6.220ms
[270.195s][info][gc,cpu         ] GC(2446) User=0.00s Sys=0.00s Real=0.01s
[270.443s][info][gc,start       ] GC(2447) Pause Young (Allocation Failure)
[270.451s][info][gc,heap        ] GC(2447) PSYoungGen: 306572K(322560K)->22564K(317440K) Eden: 295230K(295936K)->0K(291840K) From: 11342K(26624K)->22564K(25600K)
[270.451s][info][gc,heap        ] GC(2447) ParOldGen: 173192K(699392K)->175479K(699392K)
[270.451s][info][gc,metaspace   ] GC(2447) Metaspace: 36284K(36672K)->36284K(36672K) NonClass: 32115K(32320K)->32115K(32320K) Class: 4168K(4352K)->4168K(4352K)
[270.451s][info][gc             ] GC(2447) Pause Young (Allocation Failure) 468M->193M(993M) 8.255ms
[270.451s][info][gc,cpu         ] GC(2447) User=0.00s Sys=0.00s Real=0.01s
[270.696s][info][gc,start       ] GC(2448) Pause Young (Allocation Failure)
[270.703s][info][gc,heap        ] GC(2448) PSYoungGen: 313865K(317440K)->19110K(311296K) Eden: 291300K(291840K)->0K(291840K) From: 22564K(25600K)->19110K(19456K)
[270.703s][info][gc,heap        ] GC(2448) ParOldGen: 175479K(699392K)->179382K(699392K)
[270.703s][info][gc,metaspace   ] GC(2448) Metaspace: 36284K(36672K)->36284K(36672K) NonClass: 32115K(32320K)->32115K(32320K) Class: 4168K(4352K)->4168K(4352K)
[270.703s][info][gc             ] GC(2448) Pause Young (Allocation Failure) 477M->193M(987M) 6.865ms
[270.703s][info][gc,cpu         ] GC(2448) User=0.00s Sys=0.00s Real=0.01s
[270.979s][info][gc,start       ] GC(2449) Pause Young (Allocation Failure)
[270.986s][info][gc,heap        ] GC(2449) PSYoungGen: 310950K(311296K)->11540K(321024K) Eden: 291840K(291840K)->0K(290816K) From: 19110K(19456K)->11540K(30208K)
[270.986s][info][gc,heap        ] GC(2449) ParOldGen: 179382K(699392K)->184595K(699392K)
[270.986s][info][gc,metaspace   ] GC(2449) Metaspace: 36284K(36672K)->36284K(36672K) NonClass: 32115K(32320K)->32115K(32320K) Class: 4168K(4352K)->4168K(4352K)
[270.986s][info][gc             ] GC(2449) Pause Young (Allocation Failure) 478M->191M(996M) 7.196ms
[270.986s][info][gc,cpu         ] GC(2449) User=0.09s Sys=0.00s Real=0.01s
[271.130s][info][gc,start       ] GC(2450) Pause Young (System.gc())
[271.134s][info][gc,heap        ] GC(2450) PSYoungGen: 198916K(321024K)->8586K(318976K) Eden: 187375K(290816K)->0K(290816K) From: 11540K(30208K)->8586K(28160K)
[271.134s][info][gc,heap        ] GC(2450) ParOldGen: 184595K(699392K)->186667K(699392K)
[271.134s][info][gc,metaspace   ] GC(2450) Metaspace: 36284K(36672K)->36284K(36672K) NonClass: 32115K(32320K)->32115K(32320K) Class: 4168K(4352K)->4168K(4352K)
[271.134s][info][gc             ] GC(2450) Pause Young (System.gc()) 374M->190M(994M) 4.447ms
[271.134s][info][gc,cpu         ] GC(2450) User=0.00s Sys=0.00s Real=0.00s
[271.134s][info][gc,start       ] GC(2451) Pause Full (System.gc())
[271.134s][info][gc,phases,start] GC(2451) Marking Phase
[271.150s][info][gc,phases      ] GC(2451) Marking Phase 15.975ms
[271.150s][info][gc,phases,start] GC(2451) Summary Phase
[271.150s][info][gc,phases      ] GC(2451) Summary Phase 0.012ms
[271.150s][info][gc,phases,start] GC(2451) Adjust Roots
[271.154s][info][gc,phases      ] GC(2451) Adjust Roots 3.495ms
[271.154s][info][gc,phases,start] GC(2451) Compaction Phase
[271.163s][info][gc,phases      ] GC(2451) Compaction Phase 9.250ms
[271.163s][info][gc,phases,start] GC(2451) Post Compact
[271.164s][info][gc,phases      ] GC(2451) Post Compact 0.866ms
[271.164s][info][gc,heap        ] GC(2451) PSYoungGen: 8586K(318976K)->0K(318976K) Eden: 0K(290816K)->0K(290816K) From: 8586K(28160K)->0K(28160K)
[271.164s][info][gc,heap        ] GC(2451) ParOldGen: 186667K(699392K)->114380K(699392K)
[271.164s][info][gc,metaspace   ] GC(2451) Metaspace: 36284K(36672K)->36284K(36672K) NonClass: 32115K(32320K)->32115K(32320K) Class: 4168K(4352K)->4168K(4352K)
[271.164s][info][gc             ] GC(2451) Pause Full (System.gc()) 190M->111M(994M) 29.916ms
[271.165s][info][gc,cpu         ] GC(2451) User=0.19s Sys=0.00s Real=0.03s
[271.212s][info][gc,start       ] GC(2452) Pause Young (Allocation Failure)
[271.212s][info][gc,heap        ] GC(2452) PSYoungGen: 290816K(318976K)->192K(321024K) Eden: 290816K(290816K)->0K(293888K) From: 0K(28160K)->192K(27136K)
[271.212s][info][gc,heap        ] GC(2452) ParOldGen: 114380K(699392K)->114380K(699392K)
[271.212s][info][gc,metaspace   ] GC(2452) Metaspace: 36284K(36672K)->36284K(36672K) NonClass: 32115K(32320K)->32115K(32320K) Class: 4168K(4352K)->4168K(4352K)
[271.212s][info][gc             ] GC(2452) Pause Young (Allocation Failure) 395M->111M(996M) 0.394ms
[271.212s][info][gc,cpu         ] GC(2452) User=0.00s Sys=0.00s Real=0.00s
[271.256s][info][gc,start       ] GC(2453) Pause Young (Allocation Failure)
[271.257s][info][gc,heap        ] GC(2453) PSYoungGen: 294080K(321024K)->160K(321536K) Eden: 293888K(293888K)->0K(293888K) From: 192K(27136K)->160K(27648K)
[271.257s][info][gc,heap        ] GC(2453) ParOldGen: 114380K(699392K)->114428K(699392K)
[271.257s][info][gc,metaspace   ] GC(2453) Metaspace: 36284K(36672K)->36284K(36672K) NonClass: 32115K(32320K)->32115K(32320K) Class: 4168K(4352K)->4168K(4352K)
[271.257s][info][gc             ] GC(2453) Pause Young (Allocation Failure) 398M->111M(997M) 0.407ms
[271.257s][info][gc,cpu         ] GC(2453) User=0.00s Sys=0.00s Real=0.00s
[271.302s][info][gc,start       ] GC(2454) Pause Young (Allocation Failure)
[271.303s][info][gc,heap        ] GC(2454) PSYoungGen: 294048K(321536K)->160K(322048K) Eden: 293888K(293888K)->0K(294400K) From: 160K(27648K)->160K(27648K)
[271.303s][info][gc,heap        ] GC(2454) ParOldGen: 114428K(699392K)->114428K(699392K)
[271.303s][info][gc,metaspace   ] GC(2454) Metaspace: 36284K(36672K)->36284K(36672K) NonClass: 32115K(32320K)->32115K(32320K) Class: 4168K(4352K)->4168K(4352K)
[271.303s][info][gc             ] GC(2454) Pause Young (Allocation Failure) 398M->111M(997M) 0.412ms
[271.303s][info][gc,cpu         ] GC(2454) User=0.00s Sys=0.00s Real=0.00s
[271.347s][info][gc,start       ] GC(2455) Pause Young (Allocation Failure)
[271.347s][info][gc,heap        ] GC(2455) PSYoungGen: 294560K(322048K)->160K(321536K) Eden: 294400K(294400K)->0K(294400K) From: 160K(27648K)->160K(27136K)
[271.347s][info][gc,heap        ] GC(2455) ParOldGen: 114428K(699392K)->114428K(699392K)
[271.347s][info][gc,metaspace   ] GC(2455) Metaspace: 36284K(36672K)->36284K(36672K) NonClass: 32115K(32320K)->32115K(32320K) Class: 4168K(4352K)->4168K(4352K)
[271.347s][info][gc             ] GC(2455) Pause Young (Allocation Failure) 399M->111M(997M) 0.359ms
[271.347s][info][gc,cpu         ] GC(2455) User=0.00s Sys=0.00s Real=0.00s
[271.392s][info][gc,start       ] GC(2456) Pause Young (Allocation Failure)
[271.392s][info][gc,heap        ] GC(2456) PSYoungGen: 294560K(321536K)->160K(323072K) Eden: 294400K(294400K)->0K(296448K) From: 160K(27136K)->160K(26624K)
[271.392s][info][gc,heap        ] GC(2456) ParOldGen: 114428K(699392K)->114428K(699392K)
[271.392s][info][gc,metaspace   ] GC(2456) Metaspace: 36284K(36672K)->36284K(36672K) NonClass: 32115K(32320K)->32115K(32320K) Class: 4168K(4352K)->4168K(4352K)
[271.392s][info][gc             ] GC(2456) Pause Young (Allocation Failure) 399M->111M(998M) 0.386ms
[271.392s][info][gc,cpu         ] GC(2456) User=0.00s Sys=0.00s Real=0.00s
[271.436s][info][gc,start       ] GC(2457) Pause Young (Allocation Failure)
[271.437s][info][gc,heap        ] GC(2457) PSYoungGen: 296608K(323072K)->160K(322560K) Eden: 296448K(296448K)->0K(296448K) From: 160K(26624K)->160K(26112K)
[271.437s][info][gc,heap        ] GC(2457) ParOldGen: 114428K(699392K)->114428K(699392K)
[271.437s][info][gc,metaspace   ] GC(2457) Metaspace: 36284K(36672K)->36284K(36672K) NonClass: 32115K(32320K)->32115K(32320K) Class: 4168K(4352K)->4168K(4352K)
[271.437s][info][gc             ] GC(2457) Pause Young (Allocation Failure) 401M->111M(998M) 0.376ms
[271.437s][info][gc,cpu         ] GC(2457) User=0.00s Sys=0.00s Real=0.00s
[271.481s][info][gc,start       ] GC(2458) Pause Young (Allocation Failure)
[271.481s][info][gc,heap        ] GC(2458) PSYoungGen: 296608K(322560K)->160K(324608K) Eden: 296448K(296448K)->0K(299520K) From: 160K(26112K)->160K(25088K)
[271.481s][info][gc,heap        ] GC(2458) ParOldGen: 114428K(699392K)->114428K(699392K)
[271.481s][info][gc,metaspace   ] GC(2458) Metaspace: 36284K(36672K)->36284K(36672K) NonClass: 32115K(32320K)->32115K(32320K) Class: 4168K(4352K)->4168K(4352K)
[271.481s][info][gc             ] GC(2458) Pause Young (Allocation Failure) 401M->111M(1000M) 0.386ms
[271.481s][info][gc,cpu         ] GC(2458) User=0.00s Sys=0.00s Real=0.00s
[271.525s][info][gc,start       ] GC(2459) Pause Young (Allocation Failure)
[271.526s][info][gc,heap        ] GC(2459) PSYoungGen: 299680K(324608K)->160K(324096K) Eden: 299520K(299520K)->0K(299520K) From: 160K(25088K)->160K(24576K)
[271.526s][info][gc,heap        ] GC(2459) ParOldGen: 114428K(699392K)->114428K(699392K)
[271.526s][info][gc,metaspace   ] GC(2459) Metaspace: 36284K(36672K)->36284K(36672K) NonClass: 32115K(32320K)->32115K(32320K) Class: 4168K(4352K)->4168K(4352K)
[271.526s][info][gc             ] GC(2459) Pause Young (Allocation Failure) 404M->111M(999M) 0.353ms
[271.526s][info][gc,cpu         ] GC(2459) User=0.00s Sys=0.00s Real=0.00s
[271.571s][info][gc,start       ] GC(2460) Pause Young (Allocation Failure)
[271.571s][info][gc,heap        ] GC(2460) PSYoungGen: 299680K(324096K)->160K(326656K) Eden: 299520K(299520K)->0K(303104K) From: 160K(24576K)->160K(23552K)
[271.571s][info][gc,heap        ] GC(2460) ParOldGen: 114428K(699392K)->114428K(699392K)
[271.571s][info][gc,metaspace   ] GC(2460) Metaspace: 36284K(36672K)->36284K(36672K) NonClass: 32115K(32320K)->32115K(32320K) Class: 4168K(4352K)->4168K(4352K)
[271.571s][info][gc             ] GC(2460) Pause Young (Allocation Failure) 404M->111M(1002M) 0.415ms
[271.571s][info][gc,cpu         ] GC(2460) User=0.00s Sys=0.00s Real=0.00s
[271.618s][info][gc,start       ] GC(2461) Pause Young (Allocation Failure)
[271.618s][info][gc,heap        ] GC(2461) PSYoungGen: 303264K(326656K)->160K(325632K) Eden: 303104K(303104K)->0K(303104K) From: 160K(23552K)->160K(22528K)
[271.618s][info][gc,heap        ] GC(2461) ParOldGen: 114428K(699392K)->114428K(699392K)
[271.618s][info][gc,metaspace   ] GC(2461) Metaspace: 36284K(36672K)->36284K(36672K) NonClass: 32115K(32320K)->32115K(32320K) Class: 4168K(4352K)->4168K(4352K)
[271.618s][info][gc             ] GC(2461) Pause Young (Allocation Failure) 407M->111M(1001M) 0.391ms
[271.618s][info][gc,cpu         ] GC(2461) User=0.00s Sys=0.00s Real=0.00s
[271.664s][info][gc,start       ] GC(2462) Pause Young (Allocation Failure)
[271.664s][info][gc,heap        ] GC(2462) PSYoungGen: 303264K(325632K)->192K(328704K) Eden: 303104K(303104K)->0K(307200K) From: 160K(22528K)->192K(21504K)
[271.664s][info][gc,heap        ] GC(2462) ParOldGen: 114428K(699392K)->114428K(699392K)
[271.664s][info][gc,metaspace   ] GC(2462) Metaspace: 36284K(36672K)->36284K(36672K) NonClass: 32115K(32320K)->32115K(32320K) Class: 4168K(4352K)->4168K(4352K)
[271.664s][info][gc             ] GC(2462) Pause Young (Allocation Failure) 407M->111M(1004M) 0.369ms
[271.664s][info][gc,cpu         ] GC(2462) User=0.00s Sys=0.00s Real=0.00s
[271.711s][info][gc,start       ] GC(2463) Pause Young (Allocation Failure)
[271.711s][info][gc,heap        ] GC(2463) PSYoungGen: 307392K(328704K)->160K(327680K) Eden: 307200K(307200K)->0K(307200K) From: 192K(21504K)->160K(20480K)
[271.712s][info][gc,heap        ] GC(2463) ParOldGen: 114428K(699392K)->114428K(699392K)
[271.712s][info][gc,metaspace   ] GC(2463) Metaspace: 36284K(36672K)->36284K(36672K) NonClass: 32115K(32320K)->32115K(32320K) Class: 4168K(4352K)->4168K(4352K)
[271.712s][info][gc             ] GC(2463) Pause Young (Allocation Failure) 411M->111M(1003M) 0.408ms
[271.712s][info][gc,cpu         ] GC(2463) User=0.00s Sys=0.00s Real=0.00s
[271.758s][info][gc,start       ] GC(2464) Pause Young (Allocation Failure)
[271.759s][info][gc,heap        ] GC(2464) PSYoungGen: 307360K(327680K)->128K(330752K) Eden: 307200K(307200K)->0K(311296K) From: 160K(20480K)->128K(19456K)
[271.759s][info][gc,heap        ] GC(2464) ParOldGen: 114428K(699392K)->114428K(699392K)
[271.759s][info][gc,metaspace   ] GC(2464) Metaspace: 36284K(36672K)->36284K(36672K) NonClass: 32115K(32320K)->32115K(32320K) Class: 4168K(4352K)->4168K(4352K)
[271.759s][info][gc             ] GC(2464) Pause Young (Allocation Failure) 411M->111M(1006M) 0.451ms
[271.759s][info][gc,cpu         ] GC(2464) User=0.00s Sys=0.00s Real=0.00s
[271.805s][info][gc,start       ] GC(2465) Pause Young (Allocation Failure)
[271.806s][info][gc,heap        ] GC(2465) PSYoungGen: 311424K(330752K)->160K(329728K) Eden: 311296K(311296K)->0K(311296K) From: 128K(19456K)->160K(18432K)
[271.806s][info][gc,heap        ] GC(2465) ParOldGen: 114428K(699392K)->114428K(699392K)
[271.806s][info][gc,metaspace   ] GC(2465) Metaspace: 36284K(36672K)->36284K(36672K) NonClass: 32115K(32320K)->32115K(32320K) Class: 4168K(4352K)->4168K(4352K)
[271.806s][info][gc             ] GC(2465) Pause Young (Allocation Failure) 415M->111M(1005M) 0.416ms
[271.806s][info][gc,cpu         ] GC(2465) User=0.00s Sys=0.00s Real=0.00s
[271.863s][info][gc,start       ] GC(2466) Pause Young (Allocation Failure)
[271.863s][info][gc,heap        ] GC(2466) PSYoungGen: 311456K(329728K)->192K(332800K) Eden: 311296K(311296K)->0K(315392K) From: 160K(18432K)->192K(17408K)
[271.863s][info][gc,heap        ] GC(2466) ParOldGen: 114428K(699392K)->114428K(699392K)
[271.863s][info][gc,metaspace   ] GC(2466) Metaspace: 36286K(36672K)->36286K(36672K) NonClass: 32117K(32320K)->32117K(32320K) Class: 4168K(4352K)->4168K(4352K)
[271.863s][info][gc             ] GC(2466) Pause Young (Allocation Failure) 415M->111M(1008M) 0.410ms
[271.863s][info][gc,cpu         ] GC(2466) User=0.00s Sys=0.00s Real=0.00s
[271.924s][info][gc,start       ] GC(2467) Pause Young (Allocation Failure)
[271.925s][info][gc,heap        ] GC(2467) PSYoungGen: 315584K(332800K)->160K(331776K) Eden: 315392K(315392K)->0K(315392K) From: 192K(17408K)->160K(16384K)
[271.925s][info][gc,heap        ] GC(2467) ParOldGen: 114428K(699392K)->114476K(699392K)
[271.925s][info][gc,metaspace   ] GC(2467) Metaspace: 36286K(36672K)->36286K(36672K) NonClass: 32117K(32320K)->32117K(32320K) Class: 4168K(4352K)->4168K(4352K)
[271.925s][info][gc             ] GC(2467) Pause Young (Allocation Failure) 419M->111M(1007M) 0.419ms
[271.925s][info][gc,cpu         ] GC(2467) User=0.00s Sys=0.00s Real=0.00s
[271.985s][info][gc,start       ] GC(2468) Pause Young (Allocation Failure)
[271.986s][info][gc,heap        ] GC(2468) PSYoungGen: 315552K(331776K)->160K(334848K) Eden: 315392K(315392K)->0K(319488K) From: 160K(16384K)->160K(15360K)
[271.986s][info][gc,heap        ] GC(2468) ParOldGen: 114476K(699392K)->114476K(699392K)
[271.986s][info][gc,metaspace   ] GC(2468) Metaspace: 36286K(36672K)->36286K(36672K) NonClass: 32117K(32320K)->32117K(32320K) Class: 4168K(4352K)->4168K(4352K)
[271.986s][info][gc             ] GC(2468) Pause Young (Allocation Failure) 419M->111M(1010M) 0.415ms
[271.986s][info][gc,cpu         ] GC(2468) User=0.00s Sys=0.00s Real=0.00s
[272.048s][info][gc,start       ] GC(2469) Pause Young (Allocation Failure)
[272.048s][info][gc,heap        ] GC(2469) PSYoungGen: 319648K(334848K)->192K(333824K) Eden: 319488K(319488K)->0K(319488K) From: 160K(15360K)->192K(14336K)
[272.048s][info][gc,heap        ] GC(2469) ParOldGen: 114476K(699392K)->114476K(699392K)
[272.048s][info][gc,metaspace   ] GC(2469) Metaspace: 36286K(36672K)->36286K(36672K) NonClass: 32117K(32320K)->32117K(32320K) Class: 4168K(4352K)->4168K(4352K)
[272.048s][info][gc             ] GC(2469) Pause Young (Allocation Failure) 423M->111M(1009M) 0.407ms
[272.048s][info][gc,cpu         ] GC(2469) User=0.00s Sys=0.00s Real=0.00s
[272.110s][info][gc,start       ] GC(2470) Pause Young (Allocation Failure)
[272.110s][info][gc,heap        ] GC(2470) PSYoungGen: 319680K(333824K)->192K(336384K) Eden: 319488K(319488K)->0K(323072K) From: 192K(14336K)->192K(13312K)
[272.110s][info][gc,heap        ] GC(2470) ParOldGen: 114476K(699392K)->114476K(699392K)
[272.110s][info][gc,metaspace   ] GC(2470) Metaspace: 36286K(36672K)->36286K(36672K) NonClass: 32117K(32320K)->32117K(32320K) Class: 4168K(4352K)->4168K(4352K)
[272.110s][info][gc             ] GC(2470) Pause Young (Allocation Failure) 423M->111M(1011M) 0.429ms
[272.111s][info][gc,cpu         ] GC(2470) User=0.00s Sys=0.00s Real=0.00s
[272.174s][info][gc,start       ] GC(2471) Pause Young (Allocation Failure)
[272.174s][info][gc,heap        ] GC(2471) PSYoungGen: 323264K(336384K)->192K(335872K) Eden: 323072K(323072K)->0K(323072K) From: 192K(13312K)->192K(12800K)
[272.174s][info][gc,heap        ] GC(2471) ParOldGen: 114476K(699392K)->114476K(699392K)
[272.174s][info][gc,metaspace   ] GC(2471) Metaspace: 36286K(36672K)->36286K(36672K) NonClass: 32117K(32320K)->32117K(32320K) Class: 4168K(4352K)->4168K(4352K)
[272.174s][info][gc             ] GC(2471) Pause Young (Allocation Failure) 427M->111M(1011M) 0.394ms
[272.174s][info][gc,cpu         ] GC(2471) User=0.00s Sys=0.00s Real=0.00s
[272.235s][info][gc,start       ] GC(2472) Pause Young (Allocation Failure)
[272.235s][info][gc,heap        ] GC(2472) PSYoungGen: 323264K(335872K)->160K(338432K) Eden: 323072K(323072K)->0K(326656K) From: 192K(12800K)->160K(11776K)
[272.235s][info][gc,heap        ] GC(2472) ParOldGen: 114476K(699392K)->114476K(699392K)
[272.235s][info][gc,metaspace   ] GC(2472) Metaspace: 36286K(36672K)->36286K(36672K) NonClass: 32117K(32320K)->32117K(32320K) Class: 4168K(4352K)->4168K(4352K)
[272.236s][info][gc             ] GC(2472) Pause Young (Allocation Failure) 427M->111M(1013M) 0.417ms
[272.236s][info][gc,cpu         ] GC(2472) User=0.00s Sys=0.00s Real=0.00s
[272.298s][info][gc,start       ] GC(2473) Pause Young (Allocation Failure)
[272.298s][info][gc,heap        ] GC(2473) PSYoungGen: 326816K(338432K)->160K(337408K) Eden: 326656K(326656K)->0K(326656K) From: 160K(11776K)->160K(10752K)
[272.298s][info][gc,heap        ] GC(2473) ParOldGen: 114476K(699392K)->114476K(699392K)
[272.298s][info][gc,metaspace   ] GC(2473) Metaspace: 36286K(36672K)->36286K(36672K) NonClass: 32117K(32320K)->32117K(32320K) Class: 4168K(4352K)->4168K(4352K)
[272.298s][info][gc             ] GC(2473) Pause Young (Allocation Failure) 430M->111M(1012M) 0.423ms
[272.298s][info][gc,cpu         ] GC(2473) User=0.00s Sys=0.00s Real=0.00s
[272.361s][info][gc,start       ] GC(2474) Pause Young (Allocation Failure)
[272.361s][info][gc,heap        ] GC(2474) PSYoungGen: 326816K(337408K)->160K(339456K) Eden: 326656K(326656K)->0K(329216K) From: 160K(10752K)->160K(10240K)
[272.361s][info][gc,heap        ] GC(2474) ParOldGen: 114476K(699392K)->114476K(699392K)
[272.361s][info][gc,metaspace   ] GC(2474) Metaspace: 36286K(36672K)->36286K(36672K) NonClass: 32117K(32320K)->32117K(32320K) Class: 4168K(4352K)->4168K(4352K)
[272.361s][info][gc             ] GC(2474) Pause Young (Allocation Failure) 430M->111M(1014M) 0.409ms
[272.361s][info][gc,cpu         ] GC(2474) User=0.00s Sys=0.00s Real=0.00s
[272.423s][info][gc,start       ] GC(2475) Pause Young (Allocation Failure)
[272.424s][info][gc,heap        ] GC(2475) PSYoungGen: 329376K(339456K)->192K(338944K) Eden: 329216K(329216K)->0K(329216K) From: 160K(10240K)->192K(9728K)
[272.424s][info][gc,heap        ] GC(2475) ParOldGen: 114476K(699392K)->114476K(699392K)
[272.424s][info][gc,metaspace   ] GC(2475) Metaspace: 36286K(36672K)->36286K(36672K) NonClass: 32117K(32320K)->32117K(32320K) Class: 4168K(4352K)->4168K(4352K)
[272.424s][info][gc             ] GC(2475) Pause Young (Allocation Failure) 433M->111M(1014M) 0.417ms
[272.424s][info][gc,cpu         ] GC(2475) User=0.00s Sys=0.00s Real=0.00s
[272.487s][info][gc,start       ] GC(2476) Pause Young (Allocation Failure)
[272.487s][info][gc,heap        ] GC(2476) PSYoungGen: 329408K(338944K)->192K(340992K) Eden: 329216K(329216K)->0K(332288K) From: 192K(9728K)->192K(8704K)
[272.487s][info][gc,heap        ] GC(2476) ParOldGen: 114476K(699392K)->114476K(699392K)
[272.487s][info][gc,metaspace   ] GC(2476) Metaspace: 36286K(36672K)->36286K(36672K) NonClass: 32117K(32320K)->32117K(32320K) Class: 4168K(4352K)->4168K(4352K)
[272.487s][info][gc             ] GC(2476) Pause Young (Allocation Failure) 433M->111M(1016M) 0.462ms
[272.487s][info][gc,cpu         ] GC(2476) User=0.00s Sys=0.00s Real=0.00s
[272.551s][info][gc,start       ] GC(2477) Pause Young (Allocation Failure)
[272.552s][info][gc,heap        ] GC(2477) PSYoungGen: 332480K(340992K)->192K(340480K) Eden: 332288K(332288K)->0K(332288K) From: 192K(8704K)->192K(8192K)
[272.552s][info][gc,heap        ] GC(2477) ParOldGen: 114476K(699392K)->114476K(699392K)
[272.552s][info][gc,metaspace   ] GC(2477) Metaspace: 36286K(36672K)->36286K(36672K) NonClass: 32117K(32320K)->32117K(32320K) Class: 4168K(4352K)->4168K(4352K)
[272.552s][info][gc             ] GC(2477) Pause Young (Allocation Failure) 436M->111M(1015M) 0.406ms
[272.552s][info][gc,cpu         ] GC(2477) User=0.00s Sys=0.00s Real=0.00s
[272.613s][info][gc,start       ] GC(2478) Pause Young (Allocation Failure)
[272.614s][info][gc,heap        ] GC(2478) PSYoungGen: 332480K(340480K)->192K(342016K) Eden: 332288K(332288K)->0K(334336K) From: 192K(8192K)->192K(7680K)
[272.614s][info][gc,heap        ] GC(2478) ParOldGen: 114476K(699392K)->114476K(699392K)
[272.614s][info][gc,metaspace   ] GC(2478) Metaspace: 36286K(36672K)->36286K(36672K) NonClass: 32117K(32320K)->32117K(32320K) Class: 4168K(4352K)->4168K(4352K)
[272.614s][info][gc             ] GC(2478) Pause Young (Allocation Failure) 436M->111M(1017M) 0.449ms
[272.614s][info][gc,cpu         ] GC(2478) User=0.00s Sys=0.00s Real=0.00s
[272.678s][info][gc,start       ] GC(2479) Pause Young (Allocation Failure)
[272.678s][info][gc,heap        ] GC(2479) PSYoungGen: 334528K(342016K)->160K(341504K) Eden: 334336K(334336K)->0K(334336K) From: 192K(7680K)->160K(7168K)
[272.678s][info][gc,heap        ] GC(2479) ParOldGen: 114476K(699392K)->114476K(699392K)
[272.678s][info][gc,metaspace   ] GC(2479) Metaspace: 36286K(36672K)->36286K(36672K) NonClass: 32117K(32320K)->32117K(32320K) Class: 4168K(4352K)->4168K(4352K)
[272.678s][info][gc             ] GC(2479) Pause Young (Allocation Failure) 438M->111M(1016M) 0.420ms
[272.678s][info][gc,cpu         ] GC(2479) User=0.00s Sys=0.00s Real=0.00s
[272.742s][info][gc,start       ] GC(2480) Pause Young (Allocation Failure)
[272.742s][info][gc,heap        ] GC(2480) PSYoungGen: 334496K(341504K)->192K(343040K) Eden: 334336K(334336K)->0K(336384K) From: 160K(7168K)->192K(6656K)
[272.742s][info][gc,heap        ] GC(2480) ParOldGen: 114476K(699392K)->114476K(699392K)
[272.742s][info][gc,metaspace   ] GC(2480) Metaspace: 36286K(36672K)->36286K(36672K) NonClass: 32117K(32320K)->32117K(32320K) Class: 4168K(4352K)->4168K(4352K)
[272.742s][info][gc             ] GC(2480) Pause Young (Allocation Failure) 438M->111M(1018M) 0.442ms
[272.742s][info][gc,cpu         ] GC(2480) User=0.00s Sys=0.00s Real=0.00s
[272.807s][info][gc,start       ] GC(2481) Pause Young (Allocation Failure)
[272.807s][info][gc,heap        ] GC(2481) PSYoungGen: 336576K(343040K)->192K(342528K) Eden: 336384K(336384K)->0K(336384K) From: 192K(6656K)->192K(6144K)
[272.807s][info][gc,heap        ] GC(2481) ParOldGen: 114476K(699392K)->114476K(699392K)
[272.807s][info][gc,metaspace   ] GC(2481) Metaspace: 36286K(36672K)->36286K(36672K) NonClass: 32117K(32320K)->32117K(32320K) Class: 4168K(4352K)->4168K(4352K)
[272.807s][info][gc             ] GC(2481) Pause Young (Allocation Failure) 440M->111M(1017M) 0.448ms
[272.807s][info][gc,cpu         ] GC(2481) User=0.00s Sys=0.00s Real=0.00s
[272.871s][info][gc,start       ] GC(2482) Pause Young (Allocation Failure)
[272.871s][info][gc,heap        ] GC(2482) PSYoungGen: 336576K(342528K)->192K(344064K) Eden: 336384K(336384K)->0K(338432K) From: 192K(6144K)->192K(5632K)
[272.871s][info][gc,heap        ] GC(2482) ParOldGen: 114476K(699392K)->114476K(699392K)
[272.871s][info][gc,metaspace   ] GC(2482) Metaspace: 36286K(36672K)->36286K(36672K) NonClass: 32117K(32320K)->32117K(32320K) Class: 4168K(4352K)->4168K(4352K)
[272.871s][info][gc             ] GC(2482) Pause Young (Allocation Failure) 440M->111M(1019M) 0.443ms
[272.871s][info][gc,cpu         ] GC(2482) User=0.00s Sys=0.00s Real=0.00s
[272.934s][info][gc,start       ] GC(2483) Pause Young (Allocation Failure)
[272.935s][info][gc,heap        ] GC(2483) PSYoungGen: 338624K(344064K)->160K(343552K) Eden: 338432K(338432K)->0K(338432K) From: 192K(5632K)->160K(5120K)
[272.935s][info][gc,heap        ] GC(2483) ParOldGen: 114476K(699392K)->114476K(699392K)
[272.935s][info][gc,metaspace   ] GC(2483) Metaspace: 36286K(36672K)->36286K(36672K) NonClass: 32117K(32320K)->32117K(32320K) Class: 4168K(4352K)->4168K(4352K)
[272.935s][info][gc             ] GC(2483) Pause Young (Allocation Failure) 442M->111M(1018M) 0.467ms
[272.935s][info][gc,cpu         ] GC(2483) User=0.00s Sys=0.00s Real=0.00s
[272.997s][info][gc,start       ] GC(2484) Pause Young (Allocation Failure)
[272.997s][info][gc,heap        ] GC(2484) PSYoungGen: 338592K(343552K)->160K(344576K) Eden: 338432K(338432K)->0K(339456K) From: 160K(5120K)->160K(5120K)
[272.997s][info][gc,heap        ] GC(2484) ParOldGen: 114476K(699392K)->114476K(699392K)
[272.997s][info][gc,metaspace   ] GC(2484) Metaspace: 36286K(36672K)->36286K(36672K) NonClass: 32117K(32320K)->32117K(32320K) Class: 4168K(4352K)->4168K(4352K)
[272.997s][info][gc             ] GC(2484) Pause Young (Allocation Failure) 442M->111M(1019M) 0.453ms
[272.997s][info][gc,cpu         ] GC(2484) User=0.00s Sys=0.00s Real=0.00s
[273.060s][info][gc,start       ] GC(2485) Pause Young (Allocation Failure)
[273.060s][info][gc,heap        ] GC(2485) PSYoungGen: 339616K(344576K)->160K(344064K) Eden: 339456K(339456K)->0K(339456K) From: 160K(5120K)->160K(4608K)
[273.060s][info][gc,heap        ] GC(2485) ParOldGen: 114476K(699392K)->114476K(699392K)
[273.060s][info][gc,metaspace   ] GC(2485) Metaspace: 36286K(36672K)->36286K(36672K) NonClass: 32117K(32320K)->32117K(32320K) Class: 4168K(4352K)->4168K(4352K)
[273.060s][info][gc             ] GC(2485) Pause Young (Allocation Failure) 443M->111M(1019M) 0.360ms
[273.060s][info][gc,cpu         ] GC(2485) User=0.00s Sys=0.00s Real=0.00s
[273.126s][info][gc,start       ] GC(2486) Pause Young (Allocation Failure)
[273.126s][info][gc,heap        ] GC(2486) PSYoungGen: 339616K(344064K)->192K(345088K) Eden: 339456K(339456K)->0K(340992K) From: 160K(4608K)->192K(4096K)
[273.126s][info][gc,heap        ] GC(2486) ParOldGen: 114476K(699392K)->114476K(699392K)
[273.126s][info][gc,metaspace   ] GC(2486) Metaspace: 36286K(36672K)->36286K(36672K) NonClass: 32117K(32320K)->32117K(32320K) Class: 4168K(4352K)->4168K(4352K)
[273.126s][info][gc             ] GC(2486) Pause Young (Allocation Failure) 443M->111M(1020M) 0.486ms
[273.126s][info][gc,cpu         ] GC(2486) User=0.00s Sys=0.00s Real=0.00s
[273.191s][info][gc,start       ] GC(2487) Pause Young (Allocation Failure)
[273.192s][info][gc,heap        ] GC(2487) PSYoungGen: 341184K(345088K)->192K(345088K) Eden: 340992K(340992K)->0K(340992K) From: 192K(4096K)->192K(4096K)
[273.192s][info][gc,heap        ] GC(2487) ParOldGen: 114476K(699392K)->114476K(699392K)
[273.192s][info][gc,metaspace   ] GC(2487) Metaspace: 36286K(36672K)->36286K(36672K) NonClass: 32117K(32320K)->32117K(32320K) Class: 4168K(4352K)->4168K(4352K)
[273.192s][info][gc             ] GC(2487) Pause Young (Allocation Failure) 444M->111M(1020M) 0.532ms
[273.192s][info][gc,cpu         ] GC(2487) User=0.00s Sys=0.00s Real=0.00s
[273.256s][info][gc,start       ] GC(2488) Pause Young (Allocation Failure)
[273.256s][info][gc,heap        ] GC(2488) PSYoungGen: 341184K(345088K)->192K(345600K) Eden: 340992K(340992K)->0K(342016K) From: 192K(4096K)->192K(3584K)
[273.257s][info][gc,heap        ] GC(2488) ParOldGen: 114476K(699392K)->114476K(699392K)
[273.257s][info][gc,metaspace   ] GC(2488) Metaspace: 36286K(36672K)->36286K(36672K) NonClass: 32117K(32320K)->32117K(32320K) Class: 4168K(4352K)->4168K(4352K)
[273.257s][info][gc             ] GC(2488) Pause Young (Allocation Failure) 444M->111M(1020M) 0.460ms
[273.257s][info][gc,cpu         ] GC(2488) User=0.00s Sys=0.00s Real=0.00s
[273.323s][info][gc,start       ] GC(2489) Pause Young (Allocation Failure)
[273.323s][info][gc,heap        ] GC(2489) PSYoungGen: 342208K(345600K)->192K(345600K) Eden: 342016K(342016K)->0K(342016K) From: 192K(3584K)->192K(3584K)
[273.323s][info][gc,heap        ] GC(2489) ParOldGen: 114476K(699392K)->114476K(699392K)
[273.323s][info][gc,metaspace   ] GC(2489) Metaspace: 36286K(36672K)->36286K(36672K) NonClass: 32117K(32320K)->32117K(32320K) Class: 4168K(4352K)->4168K(4352K)
[273.323s][info][gc             ] GC(2489) Pause Young (Allocation Failure) 445M->111M(1020M) 0.414ms
[273.323s][info][gc,cpu         ] GC(2489) User=0.00s Sys=0.00s Real=0.00s
[273.389s][info][gc,start       ] GC(2490) Pause Young (Allocation Failure)
[273.389s][info][gc,heap        ] GC(2490) PSYoungGen: 342208K(345600K)->192K(346112K) Eden: 342016K(342016K)->0K(343040K) From: 192K(3584K)->192K(3072K)
[273.389s][info][gc,heap        ] GC(2490) ParOldGen: 114476K(699392K)->114476K(699392K)
[273.389s][info][gc,metaspace   ] GC(2490) Metaspace: 36286K(36672K)->36286K(36672K) NonClass: 32117K(32320K)->32117K(32320K) Class: 4168K(4352K)->4168K(4352K)
[273.389s][info][gc             ] GC(2490) Pause Young (Allocation Failure) 445M->111M(1021M) 0.453ms
[273.389s][info][gc,cpu         ] GC(2490) User=0.00s Sys=0.00s Real=0.00s
[273.456s][info][gc,start       ] GC(2491) Pause Young (Allocation Failure)
[273.457s][info][gc,heap        ] GC(2491) PSYoungGen: 343232K(346112K)->160K(346112K) Eden: 343040K(343040K)->0K(343040K) From: 192K(3072K)->160K(3072K)
[273.457s][info][gc,heap        ] GC(2491) ParOldGen: 114476K(699392K)->114476K(699392K)
[273.457s][info][gc,metaspace   ] GC(2491) Metaspace: 36286K(36672K)->36286K(36672K) NonClass: 32117K(32320K)->32117K(32320K) Class: 4168K(4352K)->4168K(4352K)
[273.457s][info][gc             ] GC(2491) Pause Young (Allocation Failure) 446M->111M(1021M) 0.468ms
[273.457s][info][gc,cpu         ] GC(2491) User=0.00s Sys=0.00s Real=0.00s
[273.522s][info][gc,start       ] GC(2492) Pause Young (Allocation Failure)
[273.522s][info][gc,heap        ] GC(2492) PSYoungGen: 343200K(346112K)->192K(346624K) Eden: 343040K(343040K)->0K(344064K) From: 160K(3072K)->192K(2560K)
[273.522s][info][gc,heap        ] GC(2492) ParOldGen: 114476K(699392K)->114476K(699392K)
[273.522s][info][gc,metaspace   ] GC(2492) Metaspace: 36286K(36672K)->36286K(36672K) NonClass: 32117K(32320K)->32117K(32320K) Class: 4168K(4352K)->4168K(4352K)
[273.522s][info][gc             ] GC(2492) Pause Young (Allocation Failure) 446M->111M(1021M) 0.394ms
[273.522s][info][gc,cpu         ] GC(2492) User=0.00s Sys=0.00s Real=0.00s
[273.602s][info][gc,start       ] GC(2493) Pause Young (Allocation Failure)
[273.602s][info][gc,heap        ] GC(2493) PSYoungGen: 344256K(346624K)->192K(346624K) Eden: 344064K(344064K)->0K(344064K) From: 192K(2560K)->192K(2560K)
[273.602s][info][gc,heap        ] GC(2493) ParOldGen: 114476K(699392K)->114476K(699392K)
[273.602s][info][gc,metaspace   ] GC(2493) Metaspace: 36286K(36672K)->36286K(36672K) NonClass: 32118K(32320K)->32118K(32320K) Class: 4168K(4352K)->4168K(4352K)
[273.602s][info][gc             ] GC(2493) Pause Young (Allocation Failure) 447M->111M(1021M) 0.435ms
[273.602s][info][gc,cpu         ] GC(2493) User=0.00s Sys=0.00s Real=0.00s
[273.908s][info][gc,start       ] GC(2494) Pause Young (Allocation Failure)
[273.919s][info][gc,heap        ] GC(2494) PSYoungGen: 341055K(346624K)->2553K(323072K) Eden: 340863K(344064K)->0K(320512K) From: 192K(2560K)->2553K(2560K)
[273.919s][info][gc,heap        ] GC(2494) ParOldGen: 114476K(699392K)->144400K(699392K)
[273.919s][info][gc,metaspace   ] GC(2494) Metaspace: 36287K(36672K)->36287K(36672K) NonClass: 32118K(32320K)->32118K(32320K) Class: 4168K(4352K)->4168K(4352K)
[273.919s][info][gc             ] GC(2494) Pause Young (Allocation Failure) 444M->143M(998M) 10.718ms
[273.919s][info][gc,cpu         ] GC(2494) User=0.00s Sys=0.00s Real=0.01s
[274.215s][info][gc,start       ] GC(2495) Pause Young (Allocation Failure)
[274.223s][info][gc,heap        ] GC(2495) PSYoungGen: 323065K(323072K)->14314K(334848K) Eden: 320512K(320512K)->0K(320512K) From: 2553K(2560K)->14314K(14336K)
[274.223s][info][gc,heap        ] GC(2495) ParOldGen: 144400K(699392K)->160082K(699392K)
[274.223s][info][gc,metaspace   ] GC(2495) Metaspace: 36287K(36672K)->36287K(36672K) NonClass: 32118K(32320K)->32118K(32320K) Class: 4168K(4352K)->4168K(4352K)
[274.223s][info][gc             ] GC(2495) Pause Young (Allocation Failure) 456M->170M(1010M) 8.000ms
[274.223s][info][gc,cpu         ] GC(2495) User=0.09s Sys=0.00s Real=0.01s
[274.512s][info][gc,start       ] GC(2496) Pause Young (Allocation Failure)
[274.520s][info][gc,heap        ] GC(2496) PSYoungGen: 329939K(334848K)->13129K(315392K) Eden: 315624K(320512K)->0K(301056K) From: 14314K(14336K)->13129K(14336K)
[274.520s][info][gc,heap        ] GC(2496) ParOldGen: 160082K(699392K)->176412K(699392K)
[274.520s][info][gc,metaspace   ] GC(2496) Metaspace: 36287K(36672K)->36287K(36672K) NonClass: 32118K(32320K)->32118K(32320K) Class: 4168K(4352K)->4168K(4352K)
[274.520s][info][gc             ] GC(2496) Pause Young (Allocation Failure) 478M->185M(991M) 8.075ms
[274.520s][info][gc,cpu         ] GC(2496) User=0.09s Sys=0.00s Real=0.01s
[274.793s][info][gc,start       ] GC(2497) Pause Young (Allocation Failure)
[274.799s][info][gc,heap        ] GC(2497) PSYoungGen: 312666K(315392K)->20527K(322048K) Eden: 299536K(301056K)->0K(301056K) From: 13129K(14336K)->20527K(20992K)
[274.799s][info][gc,heap        ] GC(2497) ParOldGen: 176412K(699392K)->177145K(699392K)
[274.799s][info][gc,metaspace   ] GC(2497) Metaspace: 36287K(36672K)->36287K(36672K) NonClass: 32118K(32320K)->32118K(32320K) Class: 4168K(4352K)->4168K(4352K)
[274.799s][info][gc             ] GC(2497) Pause Young (Allocation Failure) 477M->193M(997M) 6.908ms
[274.799s][info][gc,cpu         ] GC(2497) User=0.09s Sys=0.00s Real=0.01s
[275.071s][info][gc,start       ] GC(2498) Pause Young (Allocation Failure)
[275.078s][info][gc,heap        ] GC(2498) PSYoungGen: 319520K(322048K)->15293K(320000K) Eden: 298992K(301056K)->0K(292864K) From: 20527K(20992K)->15293K(27136K)
[275.078s][info][gc,heap        ] GC(2498) ParOldGen: 177145K(699392K)->178274K(699392K)
[275.078s][info][gc,metaspace   ] GC(2498) Metaspace: 36287K(36672K)->36287K(36672K) NonClass: 32118K(32320K)->32118K(32320K) Class: 4168K(4352K)->4168K(4352K)
[275.078s][info][gc             ] GC(2498) Pause Young (Allocation Failure) 485M->189M(995M) 6.431ms
[275.078s][info][gc,cpu         ] GC(2498) User=0.00s Sys=0.00s Real=0.01s
[275.344s][info][gc,start       ] GC(2499) Pause Young (Allocation Failure)
[275.349s][info][gc,heap        ] GC(2499) PSYoungGen: 308157K(320000K)->10504K(321024K) Eden: 292864K(292864K)->0K(292864K) From: 15293K(27136K)->10504K(28160K)
[275.350s][info][gc,heap        ] GC(2499) ParOldGen: 178274K(699392K)->179131K(699392K)
[275.350s][info][gc,metaspace   ] GC(2499) Metaspace: 36287K(36672K)->36287K(36672K) NonClass: 32118K(32320K)->32118K(32320K) Class: 4168K(4352K)->4168K(4352K)
[275.350s][info][gc             ] GC(2499) Pause Young (Allocation Failure) 475M->185M(996M) 5.230ms
[275.350s][info][gc,cpu         ] GC(2499) User=0.00s Sys=0.00s Real=0.01s
[275.601s][info][gc,start       ] GC(2500) Pause Young (Allocation Failure)
[275.607s][info][gc,heap        ] GC(2500) PSYoungGen: 299062K(321024K)->19875K(318464K) Eden: 288558K(292864K)->0K(291840K) From: 10504K(28160K)->19875K(26624K)
[275.607s][info][gc,heap        ] GC(2500) ParOldGen: 179131K(699392K)->179831K(699392K)
[275.607s][info][gc,metaspace   ] GC(2500) Metaspace: 36287K(36672K)->36287K(36672K) NonClass: 32118K(32320K)->32118K(32320K) Class: 4168K(4352K)->4168K(4352K)
[275.607s][info][gc             ] GC(2500) Pause Young (Allocation Failure) 466M->195M(994M) 6.613ms
[275.607s][info][gc,cpu         ] GC(2500) User=0.00s Sys=0.00s Real=0.01s
[275.871s][info][gc,start       ] GC(2501) Pause Young (Allocation Failure)
[275.876s][info][gc,heap        ] GC(2501) PSYoungGen: 310909K(318464K)->12486K(320512K) Eden: 291034K(291840K)->0K(291840K) From: 19875K(26624K)->12486K(28672K)
[275.876s][info][gc,heap        ] GC(2501) ParOldGen: 179831K(699392K)->180166K(699392K)
[275.876s][info][gc,metaspace   ] GC(2501) Metaspace: 36287K(36672K)->36287K(36672K) NonClass: 32118K(32320K)->32118K(32320K) Class: 4168K(4352K)->4168K(4352K)
[275.876s][info][gc             ] GC(2501) Pause Young (Allocation Failure) 479M->188M(996M) 5.488ms
[275.876s][info][gc,cpu         ] GC(2501) User=0.08s Sys=0.00s Real=0.01s
[276.140s][info][gc,start       ] GC(2502) Pause Young (Allocation Failure)
[276.147s][info][gc,heap        ] GC(2502) PSYoungGen: 303769K(320512K)->16059K(321024K) Eden: 291283K(291840K)->0K(292864K) From: 12486K(28672K)->16059K(28160K)
[276.147s][info][gc,heap        ] GC(2502) ParOldGen: 180166K(699392K)->180931K(699392K)
[276.147s][info][gc,metaspace   ] GC(2502) Metaspace: 36287K(36672K)->36287K(36672K) NonClass: 32118K(32320K)->32118K(32320K) Class: 4168K(4352K)->4168K(4352K)
[276.147s][info][gc             ] GC(2502) Pause Young (Allocation Failure) 472M->192M(996M) 6.375ms
[276.147s][info][gc,cpu         ] GC(2502) User=0.02s Sys=0.00s Real=0.01s
[276.411s][info][gc,start       ] GC(2503) Pause Young (Allocation Failure)
[276.418s][info][gc,heap        ] GC(2503) PSYoungGen: 307447K(321024K)->21187K(314368K) Eden: 291388K(292864K)->0K(292864K) From: 16059K(28160K)->21187K(21504K)
[276.418s][info][gc,heap        ] GC(2503) ParOldGen: 180931K(699392K)->181859K(699392K)
[276.418s][info][gc,metaspace   ] GC(2503) Metaspace: 36287K(36672K)->36287K(36672K) NonClass: 32118K(32320K)->32118K(32320K) Class: 4168K(4352K)->4168K(4352K)
[276.418s][info][gc             ] GC(2503) Pause Young (Allocation Failure) 476M->198M(990M) 6.735ms
[276.418s][info][gc,cpu         ] GC(2503) User=0.00s Sys=0.00s Real=0.01s
[276.682s][info][gc,start       ] GC(2504) Pause Young (Allocation Failure)
[276.688s][info][gc,heap        ] GC(2504) PSYoungGen: 314051K(314368K)->15803K(319488K) Eden: 292864K(292864K)->0K(289280K) From: 21187K(21504K)->15803K(30208K)
[276.688s][info][gc,heap        ] GC(2504) ParOldGen: 181859K(699392K)->182284K(699392K)
[276.688s][info][gc,metaspace   ] GC(2504) Metaspace: 36287K(36672K)->36287K(36672K) NonClass: 32118K(32320K)->32118K(32320K) Class: 4168K(4352K)->4168K(4352K)
[276.688s][info][gc             ] GC(2504) Pause Young (Allocation Failure) 484M->193M(995M) 6.637ms
[276.688s][info][gc,cpu         ] GC(2504) User=0.09s Sys=0.00s Real=0.01s
[276.936s][info][gc,start       ] GC(2505) Pause Young (Allocation Failure)
[276.943s][info][gc,heap        ] GC(2505) PSYoungGen: 298397K(319488K)->20248K(309760K) Eden: 282593K(289280K)->0K(289280K) From: 15803K(30208K)->20248K(20480K)
[276.943s][info][gc,heap        ] GC(2505) ParOldGen: 182284K(699392K)->185150K(699392K)
[276.943s][info][gc,metaspace   ] GC(2505) Metaspace: 36287K(36672K)->36287K(36672K) NonClass: 32118K(32320K)->32118K(32320K) Class: 4168K(4352K)->4168K(4352K)
[276.943s][info][gc             ] GC(2505) Pause Young (Allocation Failure) 469M->200M(985M) 7.181ms
[276.943s][info][gc,cpu         ] GC(2505) User=0.09s Sys=0.00s Real=0.01s
[277.206s][info][gc,start       ] GC(2506) Pause Young (Allocation Failure)
[277.212s][info][gc,heap        ] GC(2506) PSYoungGen: 309528K(309760K)->9740K(319488K) Eden: 289280K(289280K)->0K(288256K) From: 20248K(20480K)->9740K(31232K)
[277.212s][info][gc,heap        ] GC(2506) ParOldGen: 185150K(699392K)->187243K(699392K)
[277.212s][info][gc,metaspace   ] GC(2506) Metaspace: 36287K(36672K)->36287K(36672K) NonClass: 32118K(32320K)->32118K(32320K) Class: 4168K(4352K)->4168K(4352K)
[277.212s][info][gc             ] GC(2506) Pause Young (Allocation Failure) 483M->192M(995M) 5.860ms
[277.212s][info][gc,cpu         ] GC(2506) User=0.00s Sys=0.00s Real=0.01s
[277.458s][info][gc,start       ] GC(2507) Pause Young (Allocation Failure)
[277.464s][info][gc,heap        ] GC(2507) PSYoungGen: 295414K(319488K)->14319K(317952K) Eden: 285673K(288256K)->0K(288256K) From: 9740K(31232K)->14319K(29696K)
[277.464s][info][gc,heap        ] GC(2507) ParOldGen: 187243K(699392K)->187818K(699392K)
[277.464s][info][gc,metaspace   ] GC(2507) Metaspace: 36287K(36672K)->36287K(36672K) NonClass: 32118K(32320K)->32118K(32320K) Class: 4168K(4352K)->4168K(4352K)
[277.464s][info][gc             ] GC(2507) Pause Young (Allocation Failure) 471M->197M(993M) 5.667ms
[277.464s][info][gc,cpu         ] GC(2507) User=0.00s Sys=0.00s Real=0.00s
[277.718s][info][gc,start       ] GC(2508) Pause Young (Allocation Failure)
[277.724s][info][gc,heap        ] GC(2508) PSYoungGen: 301806K(317952K)->19593K(318464K) Eden: 287486K(288256K)->0K(289792K) From: 14319K(29696K)->19593K(28672K)
[277.724s][info][gc,heap        ] GC(2508) ParOldGen: 187818K(699392K)->188203K(699392K)
[277.724s][info][gc,metaspace   ] GC(2508) Metaspace: 36287K(36672K)->36287K(36672K) NonClass: 32118K(32320K)->32118K(32320K) Class: 4168K(4352K)->4168K(4352K)
[277.724s][info][gc             ] GC(2508) Pause Young (Allocation Failure) 478M->202M(994M) 6.161ms
[277.724s][info][gc,cpu         ] GC(2508) User=0.09s Sys=0.00s Real=0.00s
[277.856s][info][gc,start       ] GC(2509) Pause Young (System.gc())
[277.861s][info][gc,heap        ] GC(2509) PSYoungGen: 153681K(318464K)->9540K(319488K) Eden: 134087K(289792K)->0K(289792K) From: 19593K(28672K)->9540K(29696K)
[277.861s][info][gc,heap        ] GC(2509) ParOldGen: 188203K(699392K)->192242K(699392K)
[277.861s][info][gc,metaspace   ] GC(2509) Metaspace: 36288K(36672K)->36288K(36672K) NonClass: 32119K(32320K)->32119K(32320K) Class: 4168K(4352K)->4168K(4352K)
[277.861s][info][gc             ] GC(2509) Pause Young (System.gc()) 333M->197M(995M) 5.761ms
[277.861s][info][gc,cpu         ] GC(2509) User=0.09s Sys=0.00s Real=0.01s
[277.861s][info][gc,start       ] GC(2510) Pause Full (System.gc())
[277.861s][info][gc,phases,start] GC(2510) Marking Phase
[277.878s][info][gc,phases      ] GC(2510) Marking Phase 16.313ms
[277.878s][info][gc,phases,start] GC(2510) Summary Phase
[277.878s][info][gc,phases      ] GC(2510) Summary Phase 0.011ms
[277.878s][info][gc,phases,start] GC(2510) Adjust Roots
[277.881s][info][gc,phases      ] GC(2510) Adjust Roots 3.655ms
[277.882s][info][gc,phases,start] GC(2510) Compaction Phase
[277.890s][info][gc,phases      ] GC(2510) Compaction Phase 8.003ms
[277.890s][info][gc,phases,start] GC(2510) Post Compact
[277.890s][info][gc,phases      ] GC(2510) Post Compact 0.790ms
[277.890s][info][gc,heap        ] GC(2510) PSYoungGen: 9540K(319488K)->0K(319488K) Eden: 0K(289792K)->0K(289792K) From: 9540K(29696K)->0K(29696K)
[277.890s][info][gc,heap        ] GC(2510) ParOldGen: 192242K(699392K)->113941K(699392K)
[277.890s][info][gc,metaspace   ] GC(2510) Metaspace: 36288K(36672K)->36288K(36672K) NonClass: 32119K(32320K)->32119K(32320K) Class: 4168K(4352K)->4168K(4352K)
[277.890s][info][gc             ] GC(2510) Pause Full (System.gc()) 197M->111M(995M) 29.076ms
[277.890s][info][gc,cpu         ] GC(2510) User=0.02s Sys=0.00s Real=0.03s
[277.938s][info][gc,start       ] GC(2511) Pause Young (Allocation Failure)
[277.938s][info][gc,heap        ] GC(2511) PSYoungGen: 289792K(319488K)->192K(318464K) Eden: 289792K(289792K)->0K(289792K) From: 0K(29696K)->192K(28672K)
[277.938s][info][gc,heap        ] GC(2511) ParOldGen: 113941K(699392K)->113941K(699392K)
[277.938s][info][gc,metaspace   ] GC(2511) Metaspace: 36288K(36672K)->36288K(36672K) NonClass: 32119K(32320K)->32119K(32320K) Class: 4168K(4352K)->4168K(4352K)
[277.938s][info][gc             ] GC(2511) Pause Young (Allocation Failure) 394M->111M(994M) 0.458ms
[277.938s][info][gc,cpu         ] GC(2511) User=0.00s Sys=0.00s Real=0.00s
[277.983s][info][gc,start       ] GC(2512) Pause Young (Allocation Failure)
[277.983s][info][gc,heap        ] GC(2512) PSYoungGen: 289984K(318464K)->160K(319488K) Eden: 289792K(289792K)->0K(289792K) From: 192K(28672K)->160K(29696K)
[277.983s][info][gc,heap        ] GC(2512) ParOldGen: 113941K(699392K)->113989K(699392K)
[277.983s][info][gc,metaspace   ] GC(2512) Metaspace: 36288K(36672K)->36288K(36672K) NonClass: 32119K(32320K)->32119K(32320K) Class: 4168K(4352K)->4168K(4352K)
[277.983s][info][gc             ] GC(2512) Pause Young (Allocation Failure) 394M->111M(995M) 0.435ms
[277.983s][info][gc,cpu         ] GC(2512) User=0.00s Sys=0.00s Real=0.00s
[278.028s][info][gc,start       ] GC(2513) Pause Young (Allocation Failure)
[278.028s][info][gc,heap        ] GC(2513) PSYoungGen: 289952K(319488K)->160K(319488K) Eden: 289792K(289792K)->0K(289792K) From: 160K(29696K)->160K(29696K)
[278.028s][info][gc,heap        ] GC(2513) ParOldGen: 113989K(699392K)->113989K(699392K)
[278.028s][info][gc,metaspace   ] GC(2513) Metaspace: 36288K(36672K)->36288K(36672K) NonClass: 32119K(32320K)->32119K(32320K) Class: 4168K(4352K)->4168K(4352K)
[278.028s][info][gc             ] GC(2513) Pause Young (Allocation Failure) 394M->111M(995M) 0.386ms
[278.028s][info][gc,cpu         ] GC(2513) User=0.00s Sys=0.00s Real=0.00s
[278.073s][info][gc,start       ] GC(2514) Pause Young (Allocation Failure)
[278.073s][info][gc,heap        ] GC(2514) PSYoungGen: 289952K(319488K)->128K(319488K) Eden: 289792K(289792K)->0K(289792K) From: 160K(29696K)->128K(29696K)
[278.073s][info][gc,heap        ] GC(2514) ParOldGen: 113989K(699392K)->113989K(699392K)
[278.073s][info][gc,metaspace   ] GC(2514) Metaspace: 36288K(36672K)->36288K(36672K) NonClass: 32119K(32320K)->32119K(32320K) Class: 4168K(4352K)->4168K(4352K)
[278.073s][info][gc             ] GC(2514) Pause Young (Allocation Failure) 394M->111M(995M) 0.367ms
[278.073s][info][gc,cpu         ] GC(2514) User=0.00s Sys=0.00s Real=0.00s
[278.116s][info][gc,start       ] GC(2515) Pause Young (Allocation Failure)
[278.117s][info][gc,heap        ] GC(2515) PSYoungGen: 289920K(319488K)->192K(320512K) Eden: 289792K(289792K)->0K(291328K) From: 128K(29696K)->192K(29184K)
[278.117s][info][gc,heap        ] GC(2515) ParOldGen: 113989K(699392K)->113989K(699392K)
[278.117s][info][gc,metaspace   ] GC(2515) Metaspace: 36288K(36672K)->36288K(36672K) NonClass: 32119K(32320K)->32119K(32320K) Class: 4168K(4352K)->4168K(4352K)
[278.117s][info][gc             ] GC(2515) Pause Young (Allocation Failure) 394M->111M(996M) 0.365ms
[278.117s][info][gc,cpu         ] GC(2515) User=0.00s Sys=0.00s Real=0.00s
[278.160s][info][gc,start       ] GC(2516) Pause Young (Allocation Failure)
[278.161s][info][gc,heap        ] GC(2516) PSYoungGen: 291520K(320512K)->160K(320000K) Eden: 291328K(291328K)->0K(291328K) From: 192K(29184K)->160K(28672K)
[278.161s][info][gc,heap        ] GC(2516) ParOldGen: 113989K(699392K)->113989K(699392K)
[278.161s][info][gc,metaspace   ] GC(2516) Metaspace: 36288K(36672K)->36288K(36672K) NonClass: 32119K(32320K)->32119K(32320K) Class: 4168K(4352K)->4168K(4352K)
[278.161s][info][gc             ] GC(2516) Pause Young (Allocation Failure) 396M->111M(995M) 0.465ms
[278.161s][info][gc,cpu         ] GC(2516) User=0.00s Sys=0.00s Real=0.00s
[278.205s][info][gc,start       ] GC(2517) Pause Young (Allocation Failure)
[278.206s][info][gc,heap        ] GC(2517) PSYoungGen: 291488K(320000K)->160K(322048K) Eden: 291328K(291328K)->0K(293888K) From: 160K(28672K)->160K(28160K)
[278.206s][info][gc,heap        ] GC(2517) ParOldGen: 113989K(699392K)->113989K(699392K)
[278.206s][info][gc,metaspace   ] GC(2517) Metaspace: 36288K(36672K)->36288K(36672K) NonClass: 32119K(32320K)->32119K(32320K) Class: 4168K(4352K)->4168K(4352K)
[278.206s][info][gc             ] GC(2517) Pause Young (Allocation Failure) 395M->111M(997M) 0.487ms
[278.206s][info][gc,cpu         ] GC(2517) User=0.00s Sys=0.00s Real=0.00s
[278.249s][info][gc,start       ] GC(2518) Pause Young (Allocation Failure)
[278.250s][info][gc,heap        ] GC(2518) PSYoungGen: 294048K(322048K)->192K(321024K) Eden: 293888K(293888K)->0K(293888K) From: 160K(28160K)->192K(27136K)
[278.250s][info][gc,heap        ] GC(2518) ParOldGen: 113989K(699392K)->113989K(699392K)
[278.250s][info][gc,metaspace   ] GC(2518) Metaspace: 36288K(36672K)->36288K(36672K) NonClass: 32119K(32320K)->32119K(32320K) Class: 4168K(4352K)->4168K(4352K)
[278.250s][info][gc             ] GC(2518) Pause Young (Allocation Failure) 398M->111M(996M) 0.392ms
[278.250s][info][gc,cpu         ] GC(2518) User=0.00s Sys=0.00s Real=0.00s
[278.294s][info][gc,start       ] GC(2519) Pause Young (Allocation Failure)
[278.294s][info][gc,heap        ] GC(2519) PSYoungGen: 294080K(321024K)->192K(324096K) Eden: 293888K(293888K)->0K(297984K) From: 192K(27136K)->192K(26112K)
[278.294s][info][gc,heap        ] GC(2519) ParOldGen: 113989K(699392K)->113989K(699392K)
[278.294s][info][gc,metaspace   ] GC(2519) Metaspace: 36288K(36672K)->36288K(36672K) NonClass: 32119K(32320K)->32119K(32320K) Class: 4168K(4352K)->4168K(4352K)
[278.294s][info][gc             ] GC(2519) Pause Young (Allocation Failure) 398M->111M(999M) 0.405ms
[278.294s][info][gc,cpu         ] GC(2519) User=0.00s Sys=0.00s Real=0.00s
[278.339s][info][gc,start       ] GC(2520) Pause Young (Allocation Failure)
[278.339s][info][gc,heap        ] GC(2520) PSYoungGen: 298176K(324096K)->160K(323072K) Eden: 297984K(297984K)->0K(297984K) From: 192K(26112K)->160K(25088K)
[278.339s][info][gc,heap        ] GC(2520) ParOldGen: 113989K(699392K)->113989K(699392K)
[278.339s][info][gc,metaspace   ] GC(2520) Metaspace: 36288K(36672K)->36288K(36672K) NonClass: 32119K(32320K)->32119K(32320K) Class: 4168K(4352K)->4168K(4352K)
[278.339s][info][gc             ] GC(2520) Pause Young (Allocation Failure) 402M->111M(998M) 0.387ms
[278.339s][info][gc,cpu         ] GC(2520) User=0.00s Sys=0.00s Real=0.00s
[278.384s][info][gc,start       ] GC(2521) Pause Young (Allocation Failure)
[278.385s][info][gc,heap        ] GC(2521) PSYoungGen: 298144K(323072K)->160K(326144K) Eden: 297984K(297984K)->0K(302080K) From: 160K(25088K)->160K(24064K)
[278.385s][info][gc,heap        ] GC(2521) ParOldGen: 113989K(699392K)->113989K(699392K)
[278.385s][info][gc,metaspace   ] GC(2521) Metaspace: 36288K(36672K)->36288K(36672K) NonClass: 32119K(32320K)->32119K(32320K) Class: 4168K(4352K)->4168K(4352K)
[278.385s][info][gc             ] GC(2521) Pause Young (Allocation Failure) 402M->111M(1001M) 0.374ms
[278.385s][info][gc,cpu         ] GC(2521) User=0.00s Sys=0.00s Real=0.00s
[278.430s][info][gc,start       ] GC(2522) Pause Young (Allocation Failure)
[278.431s][info][gc,heap        ] GC(2522) PSYoungGen: 302240K(326144K)->192K(325120K) Eden: 302080K(302080K)->0K(302080K) From: 160K(24064K)->192K(23040K)
[278.431s][info][gc,heap        ] GC(2522) ParOldGen: 113989K(699392K)->113989K(699392K)
[278.431s][info][gc,metaspace   ] GC(2522) Metaspace: 36288K(36672K)->36288K(36672K) NonClass: 32119K(32320K)->32119K(32320K) Class: 4168K(4352K)->4168K(4352K)
[278.431s][info][gc             ] GC(2522) Pause Young (Allocation Failure) 406M->111M(1000M) 0.375ms
[278.431s][info][gc,cpu         ] GC(2522) User=0.00s Sys=0.00s Real=0.00s
[278.477s][info][gc,start       ] GC(2523) Pause Young (Allocation Failure)
[278.477s][info][gc,heap        ] GC(2523) PSYoungGen: 302272K(325120K)->160K(328704K) Eden: 302080K(302080K)->0K(307200K) From: 192K(23040K)->160K(21504K)
[278.477s][info][gc,heap        ] GC(2523) ParOldGen: 113989K(699392K)->113989K(699392K)
[278.477s][info][gc,metaspace   ] GC(2523) Metaspace: 36288K(36672K)->36288K(36672K) NonClass: 32119K(32320K)->32119K(32320K) Class: 4168K(4352K)->4168K(4352K)
[278.477s][info][gc             ] GC(2523) Pause Young (Allocation Failure) 406M->111M(1004M) 0.374ms
[278.477s][info][gc,cpu         ] GC(2523) User=0.00s Sys=0.00s Real=0.00s
[278.524s][info][gc,start       ] GC(2524) Pause Young (Allocation Failure)
[278.525s][info][gc,heap        ] GC(2524) PSYoungGen: 307360K(328704K)->192K(327680K) Eden: 307200K(307200K)->0K(307200K) From: 160K(21504K)->192K(20480K)
[278.525s][info][gc,heap        ] GC(2524) ParOldGen: 113989K(699392K)->113989K(699392K)
[278.525s][info][gc,metaspace   ] GC(2524) Metaspace: 36288K(36672K)->36288K(36672K) NonClass: 32119K(32320K)->32119K(32320K) Class: 4168K(4352K)->4168K(4352K)
[278.525s][info][gc             ] GC(2524) Pause Young (Allocation Failure) 411M->111M(1003M) 0.384ms
[278.525s][info][gc,cpu         ] GC(2524) User=0.00s Sys=0.00s Real=0.00s
[278.572s][info][gc,start       ] GC(2525) Pause Young (Allocation Failure)
[278.573s][info][gc,heap        ] GC(2525) PSYoungGen: 307392K(327680K)->192K(330752K) Eden: 307200K(307200K)->0K(311296K) From: 192K(20480K)->192K(19456K)
[278.573s][info][gc,heap        ] GC(2525) ParOldGen: 113989K(699392K)->113989K(699392K)
[278.573s][info][gc,metaspace   ] GC(2525) Metaspace: 36288K(36672K)->36288K(36672K) NonClass: 32119K(32320K)->32119K(32320K) Class: 4168K(4352K)->4168K(4352K)
[278.573s][info][gc             ] GC(2525) Pause Young (Allocation Failure) 411M->111M(1006M) 0.389ms
[278.573s][info][gc,cpu         ] GC(2525) User=0.00s Sys=0.00s Real=0.00s
[278.635s][info][gc,start       ] GC(2526) Pause Young (Allocation Failure)
[278.635s][info][gc,heap        ] GC(2526) PSYoungGen: 311488K(330752K)->192K(329728K) Eden: 311296K(311296K)->0K(311296K) From: 192K(19456K)->192K(18432K)
[278.636s][info][gc,heap        ] GC(2526) ParOldGen: 113989K(699392K)->113989K(699392K)
[278.636s][info][gc,metaspace   ] GC(2526) Metaspace: 36288K(36672K)->36288K(36672K) NonClass: 32119K(32320K)->32119K(32320K) Class: 4168K(4352K)->4168K(4352K)
[278.636s][info][gc             ] GC(2526) Pause Young (Allocation Failure) 415M->111M(1005M) 0.443ms
[278.636s][info][gc,cpu         ] GC(2526) User=0.00s Sys=0.00s Real=0.00s
[278.696s][info][gc,start       ] GC(2527) Pause Young (Allocation Failure)
[278.697s][info][gc,heap        ] GC(2527) PSYoungGen: 311488K(329728K)->160K(332800K) Eden: 311296K(311296K)->0K(315392K) From: 192K(18432K)->160K(17408K)
[278.697s][info][gc,heap        ] GC(2527) ParOldGen: 113989K(699392K)->114037K(699392K)
[278.697s][info][gc,metaspace   ] GC(2527) Metaspace: 36288K(36672K)->36288K(36672K) NonClass: 32119K(32320K)->32119K(32320K) Class: 4168K(4352K)->4168K(4352K)
[278.697s][info][gc             ] GC(2527) Pause Young (Allocation Failure) 415M->111M(1008M) 0.402ms
[278.697s][info][gc,cpu         ] GC(2527) User=0.00s Sys=0.00s Real=0.00s
[278.757s][info][gc,start       ] GC(2528) Pause Young (Allocation Failure)
[278.757s][info][gc,heap        ] GC(2528) PSYoungGen: 315552K(332800K)->192K(331776K) Eden: 315392K(315392K)->0K(315392K) From: 160K(17408K)->192K(16384K)
[278.757s][info][gc,heap        ] GC(2528) ParOldGen: 114037K(699392K)->114037K(699392K)
[278.757s][info][gc,metaspace   ] GC(2528) Metaspace: 36288K(36672K)->36288K(36672K) NonClass: 32119K(32320K)->32119K(32320K) Class: 4168K(4352K)->4168K(4352K)
[278.757s][info][gc             ] GC(2528) Pause Young (Allocation Failure) 419M->111M(1007M) 0.392ms
[278.757s][info][gc,cpu         ] GC(2528) User=0.00s Sys=0.00s Real=0.00s
[278.819s][info][gc,start       ] GC(2529) Pause Young (Allocation Failure)
[278.819s][info][gc,heap        ] GC(2529) PSYoungGen: 315584K(331776K)->160K(334848K) Eden: 315392K(315392K)->0K(319488K) From: 192K(16384K)->160K(15360K)
[278.819s][info][gc,heap        ] GC(2529) ParOldGen: 114037K(699392K)->114037K(699392K)
[278.819s][info][gc,metaspace   ] GC(2529) Metaspace: 36288K(36672K)->36288K(36672K) NonClass: 32119K(32320K)->32119K(32320K) Class: 4168K(4352K)->4168K(4352K)
[278.819s][info][gc             ] GC(2529) Pause Young (Allocation Failure) 419M->111M(1010M) 0.466ms
[278.819s][info][gc,cpu         ] GC(2529) User=0.00s Sys=0.00s Real=0.00s
[278.882s][info][gc,start       ] GC(2530) Pause Young (Allocation Failure)
[278.882s][info][gc,heap        ] GC(2530) PSYoungGen: 319648K(334848K)->192K(333824K) Eden: 319488K(319488K)->0K(319488K) From: 160K(15360K)->192K(14336K)
[278.882s][info][gc,heap        ] GC(2530) ParOldGen: 114037K(699392K)->114037K(699392K)
[278.882s][info][gc,metaspace   ] GC(2530) Metaspace: 36288K(36672K)->36288K(36672K) NonClass: 32119K(32320K)->32119K(32320K) Class: 4168K(4352K)->4168K(4352K)
[278.882s][info][gc             ] GC(2530) Pause Young (Allocation Failure) 423M->111M(1009M) 0.514ms
[278.882s][info][gc,cpu         ] GC(2530) User=0.00s Sys=0.00s Real=0.01s
[278.942s][info][gc,start       ] GC(2531) Pause Young (Allocation Failure)
[278.943s][info][gc,heap        ] GC(2531) PSYoungGen: 319680K(333824K)->160K(336896K) Eden: 319488K(319488K)->0K(323584K) From: 192K(14336K)->160K(13312K)
[278.943s][info][gc,heap        ] GC(2531) ParOldGen: 114037K(699392K)->114037K(699392K)
[278.943s][info][gc,metaspace   ] GC(2531) Metaspace: 36288K(36672K)->36288K(36672K) NonClass: 32119K(32320K)->32119K(32320K) Class: 4168K(4352K)->4168K(4352K)
[278.943s][info][gc             ] GC(2531) Pause Young (Allocation Failure) 423M->111M(1012M) 0.436ms
[278.943s][info][gc,cpu         ] GC(2531) User=0.00s Sys=0.00s Real=0.00s
[279.006s][info][gc,start       ] GC(2532) Pause Young (Allocation Failure)
[279.006s][info][gc,heap        ] GC(2532) PSYoungGen: 323744K(336896K)->192K(335872K) Eden: 323584K(323584K)->0K(323584K) From: 160K(13312K)->192K(12288K)
[279.006s][info][gc,heap        ] GC(2532) ParOldGen: 114037K(699392K)->114037K(699392K)
[279.006s][info][gc,metaspace   ] GC(2532) Metaspace: 36288K(36672K)->36288K(36672K) NonClass: 32119K(32320K)->32119K(32320K) Class: 4168K(4352K)->4168K(4352K)
[279.006s][info][gc             ] GC(2532) Pause Young (Allocation Failure) 427M->111M(1011M) 0.429ms
[279.006s][info][gc,cpu         ] GC(2532) User=0.00s Sys=0.00s Real=0.00s
[279.067s][info][gc,start       ] GC(2533) Pause Young (Allocation Failure)
[279.068s][info][gc,heap        ] GC(2533) PSYoungGen: 323776K(335872K)->192K(338432K) Eden: 323584K(323584K)->0K(326656K) From: 192K(12288K)->192K(11776K)
[279.068s][info][gc,heap        ] GC(2533) ParOldGen: 114037K(699392K)->114037K(699392K)
[279.068s][info][gc,metaspace   ] GC(2533) Metaspace: 36288K(36672K)->36288K(36672K) NonClass: 32119K(32320K)->32119K(32320K) Class: 4168K(4352K)->4168K(4352K)
[279.068s][info][gc             ] GC(2533) Pause Young (Allocation Failure) 427M->111M(1013M) 0.452ms
[279.068s][info][gc,cpu         ] GC(2533) User=0.00s Sys=0.00s Real=0.00s
[279.130s][info][gc,start       ] GC(2534) Pause Young (Allocation Failure)
[279.131s][info][gc,heap        ] GC(2534) PSYoungGen: 326848K(338432K)->160K(337408K) Eden: 326656K(326656K)->0K(326656K) From: 192K(11776K)->160K(10752K)
[279.131s][info][gc,heap        ] GC(2534) ParOldGen: 114037K(699392K)->114037K(699392K)
[279.131s][info][gc,metaspace   ] GC(2534) Metaspace: 36288K(36672K)->36288K(36672K) NonClass: 32119K(32320K)->32119K(32320K) Class: 4168K(4352K)->4168K(4352K)
[279.131s][info][gc             ] GC(2534) Pause Young (Allocation Failure) 430M->111M(1012M) 0.447ms
[279.131s][info][gc,cpu         ] GC(2534) User=0.00s Sys=0.00s Real=0.00s
[279.194s][info][gc,start       ] GC(2535) Pause Young (Allocation Failure)
[279.194s][info][gc,heap        ] GC(2535) PSYoungGen: 326816K(337408K)->192K(339456K) Eden: 326656K(326656K)->0K(329216K) From: 160K(10752K)->192K(10240K)
[279.194s][info][gc,heap        ] GC(2535) ParOldGen: 114037K(699392K)->114037K(699392K)
[279.194s][info][gc,metaspace   ] GC(2535) Metaspace: 36288K(36672K)->36288K(36672K) NonClass: 32119K(32320K)->32119K(32320K) Class: 4168K(4352K)->4168K(4352K)
[279.194s][info][gc             ] GC(2535) Pause Young (Allocation Failure) 430M->111M(1014M) 0.445ms
[279.194s][info][gc,cpu         ] GC(2535) User=0.00s Sys=0.00s Real=0.00s
[279.258s][info][gc,start       ] GC(2536) Pause Young (Allocation Failure)
[279.259s][info][gc,heap        ] GC(2536) PSYoungGen: 329408K(339456K)->192K(338944K) Eden: 329216K(329216K)->0K(329216K) From: 192K(10240K)->192K(9728K)
[279.259s][info][gc,heap        ] GC(2536) ParOldGen: 114037K(699392K)->114037K(699392K)
[279.259s][info][gc,metaspace   ] GC(2536) Metaspace: 36288K(36672K)->36288K(36672K) NonClass: 32119K(32320K)->32119K(32320K) Class: 4168K(4352K)->4168K(4352K)
[279.259s][info][gc             ] GC(2536) Pause Young (Allocation Failure) 433M->111M(1014M) 0.506ms
[279.259s][info][gc,cpu         ] GC(2536) User=0.00s Sys=0.00s Real=0.02s
[279.321s][info][gc,start       ] GC(2537) Pause Young (Allocation Failure)
[279.322s][info][gc,heap        ] GC(2537) PSYoungGen: 329408K(338944K)->160K(340992K) Eden: 329216K(329216K)->0K(332288K) From: 192K(9728K)->160K(8704K)
[279.322s][info][gc,heap        ] GC(2537) ParOldGen: 114037K(699392K)->114037K(699392K)
[279.322s][info][gc,metaspace   ] GC(2537) Metaspace: 36288K(36672K)->36288K(36672K) NonClass: 32119K(32320K)->32119K(32320K) Class: 4168K(4352K)->4168K(4352K)
[279.322s][info][gc             ] GC(2537) Pause Young (Allocation Failure) 433M->111M(1016M) 0.438ms
[279.322s][info][gc,cpu         ] GC(2537) User=0.00s Sys=0.00s Real=0.00s
[279.384s][info][gc,start       ] GC(2538) Pause Young (Allocation Failure)
[279.385s][info][gc,heap        ] GC(2538) PSYoungGen: 332448K(340992K)->160K(340480K) Eden: 332288K(332288K)->0K(332288K) From: 160K(8704K)->160K(8192K)
[279.385s][info][gc,heap        ] GC(2538) ParOldGen: 114037K(699392K)->114037K(699392K)
[279.385s][info][gc,metaspace   ] GC(2538) Metaspace: 36288K(36672K)->36288K(36672K) NonClass: 32119K(32320K)->32119K(32320K) Class: 4168K(4352K)->4168K(4352K)
[279.385s][info][gc             ] GC(2538) Pause Young (Allocation Failure) 436M->111M(1015M) 0.495ms
[279.385s][info][gc,cpu         ] GC(2538) User=0.00s Sys=0.00s Real=0.00s
[279.447s][info][gc,start       ] GC(2539) Pause Young (Allocation Failure)
[279.447s][info][gc,heap        ] GC(2539) PSYoungGen: 332448K(340480K)->160K(342016K) Eden: 332288K(332288K)->0K(334336K) From: 160K(8192K)->160K(7680K)
[279.447s][info][gc,heap        ] GC(2539) ParOldGen: 114037K(699392K)->114037K(699392K)
[279.447s][info][gc,metaspace   ] GC(2539) Metaspace: 36288K(36672K)->36288K(36672K) NonClass: 32119K(32320K)->32119K(32320K) Class: 4168K(4352K)->4168K(4352K)
[279.447s][info][gc             ] GC(2539) Pause Young (Allocation Failure) 436M->111M(1017M) 0.437ms
[279.447s][info][gc,cpu         ] GC(2539) User=0.00s Sys=0.00s Real=0.00s
[279.510s][info][gc,start       ] GC(2540) Pause Young (Allocation Failure)
[279.510s][info][gc,heap        ] GC(2540) PSYoungGen: 334496K(342016K)->160K(341504K) Eden: 334336K(334336K)->0K(334336K) From: 160K(7680K)->160K(7168K)
[279.510s][info][gc,heap        ] GC(2540) ParOldGen: 114037K(699392K)->114037K(699392K)
[279.510s][info][gc,metaspace   ] GC(2540) Metaspace: 36288K(36672K)->36288K(36672K) NonClass: 32119K(32320K)->32119K(32320K) Class: 4168K(4352K)->4168K(4352K)
[279.510s][info][gc             ] GC(2540) Pause Young (Allocation Failure) 438M->111M(1016M) 0.438ms
[279.510s][info][gc,cpu         ] GC(2540) User=0.00s Sys=0.00s Real=0.00s
[279.573s][info][gc,start       ] GC(2541) Pause Young (Allocation Failure)
[279.573s][info][gc,heap        ] GC(2541) PSYoungGen: 334496K(341504K)->192K(343040K) Eden: 334336K(334336K)->0K(336384K) From: 160K(7168K)->192K(6656K)
[279.573s][info][gc,heap        ] GC(2541) ParOldGen: 114037K(699392K)->114037K(699392K)
[279.573s][info][gc,metaspace   ] GC(2541) Metaspace: 36288K(36672K)->36288K(36672K) NonClass: 32119K(32320K)->32119K(32320K) Class: 4168K(4352K)->4168K(4352K)
[279.573s][info][gc             ] GC(2541) Pause Young (Allocation Failure) 438M->111M(1018M) 0.414ms
[279.573s][info][gc,cpu         ] GC(2541) User=0.00s Sys=0.00s Real=0.00s
[279.636s][info][gc,start       ] GC(2542) Pause Young (Allocation Failure)
[279.636s][info][gc,heap        ] GC(2542) PSYoungGen: 336576K(343040K)->160K(342528K) Eden: 336384K(336384K)->0K(336384K) From: 192K(6656K)->160K(6144K)
[279.636s][info][gc,heap        ] GC(2542) ParOldGen: 114037K(699392K)->114037K(699392K)
[279.636s][info][gc,metaspace   ] GC(2542) Metaspace: 36288K(36672K)->36288K(36672K) NonClass: 32119K(32320K)->32119K(32320K) Class: 4168K(4352K)->4168K(4352K)
[279.636s][info][gc             ] GC(2542) Pause Young (Allocation Failure) 440M->111M(1017M) 0.432ms
[279.636s][info][gc,cpu         ] GC(2542) User=0.00s Sys=0.00s Real=0.00s
[279.700s][info][gc,start       ] GC(2543) Pause Young (Allocation Failure)
[279.700s][info][gc,heap        ] GC(2543) PSYoungGen: 336544K(342528K)->192K(344064K) Eden: 336384K(336384K)->0K(338432K) From: 160K(6144K)->192K(5632K)
[279.700s][info][gc,heap        ] GC(2543) ParOldGen: 114037K(699392K)->114037K(699392K)
[279.700s][info][gc,metaspace   ] GC(2543) Metaspace: 36288K(36672K)->36288K(36672K) NonClass: 32119K(32320K)->32119K(32320K) Class: 4168K(4352K)->4168K(4352K)
[279.700s][info][gc             ] GC(2543) Pause Young (Allocation Failure) 440M->111M(1019M) 0.431ms
[279.700s][info][gc,cpu         ] GC(2543) User=0.00s Sys=0.00s Real=0.00s
[279.764s][info][gc,start       ] GC(2544) Pause Young (Allocation Failure)
[279.764s][info][gc,heap        ] GC(2544) PSYoungGen: 338624K(344064K)->192K(343552K) Eden: 338432K(338432K)->0K(338432K) From: 192K(5632K)->192K(5120K)
[279.764s][info][gc,heap        ] GC(2544) ParOldGen: 114037K(699392K)->114037K(699392K)
[279.764s][info][gc,metaspace   ] GC(2544) Metaspace: 36288K(36672K)->36288K(36672K) NonClass: 32119K(32320K)->32119K(32320K) Class: 4168K(4352K)->4168K(4352K)
[279.764s][info][gc             ] GC(2544) Pause Young (Allocation Failure) 442M->111M(1018M) 0.454ms
[279.764s][info][gc,cpu         ] GC(2544) User=0.00s Sys=0.00s Real=0.00s
[279.832s][info][gc,start       ] GC(2545) Pause Young (Allocation Failure)
[279.832s][info][gc,heap        ] GC(2545) PSYoungGen: 338624K(343552K)->192K(344576K) Eden: 338432K(338432K)->0K(339456K) From: 192K(5120K)->192K(5120K)
[279.832s][info][gc,heap        ] GC(2545) ParOldGen: 114037K(699392K)->114037K(699392K)
[279.832s][info][gc,metaspace   ] GC(2545) Metaspace: 36288K(36672K)->36288K(36672K) NonClass: 32119K(32320K)->32119K(32320K) Class: 4168K(4352K)->4168K(4352K)
[279.832s][info][gc             ] GC(2545) Pause Young (Allocation Failure) 442M->111M(1019M) 0.414ms
[279.832s][info][gc,cpu         ] GC(2545) User=0.00s Sys=0.00s Real=0.00s
[279.897s][info][gc,start       ] GC(2546) Pause Young (Allocation Failure)
[279.898s][info][gc,heap        ] GC(2546) PSYoungGen: 339648K(344576K)->192K(344064K) Eden: 339456K(339456K)->0K(339456K) From: 192K(5120K)->192K(4608K)
[279.898s][info][gc,heap        ] GC(2546) ParOldGen: 114037K(699392K)->114037K(699392K)
[279.898s][info][gc,metaspace   ] GC(2546) Metaspace: 36288K(36672K)->36288K(36672K) NonClass: 32119K(32320K)->32119K(32320K) Class: 4168K(4352K)->4168K(4352K)
[279.898s][info][gc             ] GC(2546) Pause Young (Allocation Failure) 443M->111M(1019M) 0.425ms
[279.898s][info][gc,cpu         ] GC(2546) User=0.00s Sys=0.00s Real=0.00s
[279.963s][info][gc,start       ] GC(2547) Pause Young (Allocation Failure)
[279.964s][info][gc,heap        ] GC(2547) PSYoungGen: 339648K(344064K)->160K(345088K) Eden: 339456K(339456K)->0K(340992K) From: 192K(4608K)->160K(4096K)
[279.964s][info][gc,heap        ] GC(2547) ParOldGen: 114037K(699392K)->114037K(699392K)
[279.964s][info][gc,metaspace   ] GC(2547) Metaspace: 36288K(36672K)->36288K(36672K) NonClass: 32119K(32320K)->32119K(32320K) Class: 4168K(4352K)->4168K(4352K)
[279.964s][info][gc             ] GC(2547) Pause Young (Allocation Failure) 443M->111M(1020M) 0.433ms
[279.964s][info][gc,cpu         ] GC(2547) User=0.00s Sys=0.00s Real=0.00s
[280.029s][info][gc,start       ] GC(2548) Pause Young (Allocation Failure)
[280.029s][info][gc,heap        ] GC(2548) PSYoungGen: 341152K(345088K)->192K(345088K) Eden: 340992K(340992K)->0K(340992K) From: 160K(4096K)->192K(4096K)
[280.030s][info][gc,heap        ] GC(2548) ParOldGen: 114037K(699392K)->114037K(699392K)
[280.030s][info][gc,metaspace   ] GC(2548) Metaspace: 36288K(36672K)->36288K(36672K) NonClass: 32119K(32320K)->32119K(32320K) Class: 4168K(4352K)->4168K(4352K)
[280.030s][info][gc             ] GC(2548) Pause Young (Allocation Failure) 444M->111M(1020M) 0.435ms
[280.030s][info][gc,cpu         ] GC(2548) User=0.00s Sys=0.00s Real=0.00s
[280.093s][info][gc,start       ] GC(2549) Pause Young (Allocation Failure)
[280.093s][info][gc,heap        ] GC(2549) PSYoungGen: 341184K(345088K)->192K(345600K) Eden: 340992K(340992K)->0K(342016K) From: 192K(4096K)->192K(3584K)
[280.093s][info][gc,heap        ] GC(2549) ParOldGen: 114037K(699392K)->114037K(699392K)
[280.093s][info][gc,metaspace   ] GC(2549) Metaspace: 36288K(36672K)->36288K(36672K) NonClass: 32119K(32320K)->32119K(32320K) Class: 4168K(4352K)->4168K(4352K)
[280.093s][info][gc             ] GC(2549) Pause Young (Allocation Failure) 444M->111M(1020M) 0.431ms
[280.093s][info][gc,cpu         ] GC(2549) User=0.00s Sys=0.00s Real=0.00s
[280.159s][info][gc,start       ] GC(2550) Pause Young (Allocation Failure)
[280.159s][info][gc,heap        ] GC(2550) PSYoungGen: 342208K(345600K)->192K(345600K) Eden: 342016K(342016K)->0K(342016K) From: 192K(3584K)->192K(3584K)
[280.159s][info][gc,heap        ] GC(2550) ParOldGen: 114037K(699392K)->114037K(699392K)
[280.159s][info][gc,metaspace   ] GC(2550) Metaspace: 36288K(36672K)->36288K(36672K) NonClass: 32119K(32320K)->32119K(32320K) Class: 4168K(4352K)->4168K(4352K)
[280.159s][info][gc             ] GC(2550) Pause Young (Allocation Failure) 445M->111M(1020M) 0.388ms
[280.159s][info][gc,cpu         ] GC(2550) User=0.00s Sys=0.00s Real=0.00s
[280.226s][info][gc,start       ] GC(2551) Pause Young (Allocation Failure)
[280.226s][info][gc,heap        ] GC(2551) PSYoungGen: 342208K(345600K)->160K(346112K) Eden: 342016K(342016K)->0K(343040K) From: 192K(3584K)->160K(3072K)
[280.226s][info][gc,heap        ] GC(2551) ParOldGen: 114037K(699392K)->114037K(699392K)
[280.226s][info][gc,metaspace   ] GC(2551) Metaspace: 36288K(36672K)->36288K(36672K) NonClass: 32119K(32320K)->32119K(32320K) Class: 4168K(4352K)->4168K(4352K)
[280.226s][info][gc             ] GC(2551) Pause Young (Allocation Failure) 445M->111M(1021M) 0.438ms
[280.226s][info][gc,cpu         ] GC(2551) User=0.00s Sys=0.00s Real=0.00s
[280.292s][info][gc,start       ] GC(2552) Pause Young (Allocation Failure)
[280.293s][info][gc,heap        ] GC(2552) PSYoungGen: 343200K(346112K)->192K(346112K) Eden: 343040K(343040K)->0K(343040K) From: 160K(3072K)->192K(3072K)
[280.293s][info][gc,heap        ] GC(2552) ParOldGen: 114037K(699392K)->114037K(699392K)
[280.293s][info][gc,metaspace   ] GC(2552) Metaspace: 36288K(36672K)->36288K(36672K) NonClass: 32119K(32320K)->32119K(32320K) Class: 4168K(4352K)->4168K(4352K)
[280.293s][info][gc             ] GC(2552) Pause Young (Allocation Failure) 446M->111M(1021M) 0.660ms
[280.293s][info][gc,cpu         ] GC(2552) User=0.00s Sys=0.00s Real=0.00s
[280.392s][info][gc,start       ] GC(2553) Pause Young (Allocation Failure)
[280.392s][info][gc,heap        ] GC(2553) PSYoungGen: 343232K(346112K)->192K(346624K) Eden: 343040K(343040K)->0K(344064K) From: 192K(3072K)->192K(2560K)
[280.392s][info][gc,heap        ] GC(2553) ParOldGen: 114037K(699392K)->114037K(699392K)
[280.392s][info][gc,metaspace   ] GC(2553) Metaspace: 36288K(36672K)->36288K(36672K) NonClass: 32119K(32320K)->32119K(32320K) Class: 4168K(4352K)->4168K(4352K)
[280.392s][info][gc             ] GC(2553) Pause Young (Allocation Failure) 446M->111M(1021M) 0.400ms
[280.392s][info][gc,cpu         ] GC(2553) User=0.00s Sys=0.00s Real=0.00s
[280.807s][info][gc,start       ] GC(2554) Pause Young (Allocation Failure)
[280.824s][info][gc,heap        ] GC(2554) PSYoungGen: 344256K(346624K)->2560K(346624K) Eden: 344064K(344064K)->0K(344064K) From: 192K(2560K)->2560K(2560K)
[280.824s][info][gc,heap        ] GC(2554) ParOldGen: 114037K(699392K)->161201K(699392K)
[280.824s][info][gc,metaspace   ] GC(2554) Metaspace: 36288K(36672K)->36288K(36672K) NonClass: 32119K(32320K)->32119K(32320K) Class: 4168K(4352K)->4168K(4352K)
[280.824s][info][gc             ] GC(2554) Pause Young (Allocation Failure) 447M->159M(1021M) 17.434ms
[280.824s][info][gc,cpu         ] GC(2554) User=0.09s Sys=0.00s Real=0.03s
[281.125s][info][gc,start       ] GC(2555) Pause Young (Allocation Failure)
[281.145s][info][gc,heap        ] GC(2555) PSYoungGen: 345882K(346624K)->2554K(271872K) Eden: 343322K(344064K)->0K(269312K) From: 2560K(2560K)->2554K(2560K)
[281.145s][info][gc,heap        ] GC(2555) ParOldGen: 161201K(699392K)->219985K(699392K)
[281.145s][info][gc,metaspace   ] GC(2555) Metaspace: 36288K(36672K)->36288K(36672K) NonClass: 32119K(32320K)->32119K(32320K) Class: 4168K(4352K)->4168K(4352K)
[281.145s][info][gc             ] GC(2555) Pause Young (Allocation Failure) 495M->217M(948M) 19.733ms
[281.145s][info][gc,cpu         ] GC(2555) User=0.09s Sys=0.00s Real=0.02s
[281.391s][info][gc,start       ] GC(2556) Pause Young (Allocation Failure)
[281.399s][info][gc,heap        ] GC(2556) PSYoungGen: 271866K(271872K)->26255K(295936K) Eden: 269312K(269312K)->0K(269312K) From: 2554K(2560K)->26255K(26624K)
[281.399s][info][gc,heap        ] GC(2556) ParOldGen: 219985K(699392K)->222187K(699392K)
[281.399s][info][gc,metaspace   ] GC(2556) Metaspace: 36288K(36672K)->36288K(36672K) NonClass: 32119K(32320K)->32119K(32320K) Class: 4168K(4352K)->4168K(4352K)
[281.399s][info][gc             ] GC(2556) Pause Young (Allocation Failure) 480M->242M(972M) 7.973ms
[281.399s][info][gc,cpu         ] GC(2556) User=0.00s Sys=0.00s Real=0.01s
[281.643s][info][gc,start       ] GC(2557) Pause Young (Allocation Failure)
[281.650s][info][gc,heap        ] GC(2557) PSYoungGen: 295567K(295936K)->13091K(309248K) Eden: 269312K(269312K)->0K(266752K) From: 26255K(26624K)->13091K(42496K)
[281.650s][info][gc,heap        ] GC(2557) ParOldGen: 222187K(699392K)->237299K(699392K)
[281.650s][info][gc,metaspace   ] GC(2557) Metaspace: 36288K(36672K)->36288K(36672K) NonClass: 32119K(32320K)->32119K(32320K) Class: 4168K(4352K)->4168K(4352K)
[281.650s][info][gc             ] GC(2557) Pause Young (Allocation Failure) 505M->244M(985M) 7.198ms
[281.650s][info][gc,cpu         ] GC(2557) User=0.00s Sys=0.00s Real=0.02s
[281.891s][info][gc,start       ] GC(2558) Pause Young (Allocation Failure)
[281.896s][info][gc,heap        ] GC(2558) PSYoungGen: 279843K(309248K)->11745K(306688K) Eden: 266752K(266752K)->0K(266752K) From: 13091K(42496K)->11745K(39936K)
[281.896s][info][gc,heap        ] GC(2558) ParOldGen: 237299K(699392K)->238661K(699392K)
[281.896s][info][gc,metaspace   ] GC(2558) Metaspace: 36290K(36672K)->36290K(36672K) NonClass: 32121K(32320K)->32121K(32320K) Class: 4168K(4352K)->4168K(4352K)
[281.896s][info][gc             ] GC(2558) Pause Young (Allocation Failure) 505M->244M(982M) 5.669ms
[281.896s][info][gc,cpu         ] GC(2558) User=0.00s Sys=0.00s Real=0.01s
[282.131s][info][gc,start       ] GC(2559) Pause Young (Allocation Failure)
[282.137s][info][gc,heap        ] GC(2559) PSYoungGen: 278497K(306688K)->12237K(314368K) Eden: 266752K(266752K)->0K(276992K) From: 11745K(39936K)->12237K(37376K)
[282.137s][info][gc,heap        ] GC(2559) ParOldGen: 238661K(699392K)->239850K(699392K)
[282.137s][info][gc,metaspace   ] GC(2559) Metaspace: 36290K(36672K)->36290K(36672K) NonClass: 32121K(32320K)->32121K(32320K) Class: 4168K(4352K)->4168K(4352K)
[282.137s][info][gc             ] GC(2559) Pause Young (Allocation Failure) 505M->246M(990M) 5.672ms
[282.137s][info][gc,cpu         ] GC(2559) User=0.00s Sys=0.00s Real=0.02s
[282.376s][info][gc,start       ] GC(2560) Pause Young (Allocation Failure)
[282.381s][info][gc,heap        ] GC(2560) PSYoungGen: 288553K(314368K)->13925K(311808K) Eden: 276316K(276992K)->0K(276992K) From: 12237K(37376K)->13925K(34816K)
[282.381s][info][gc,heap        ] GC(2560) ParOldGen: 239850K(699392K)->240369K(699392K)
[282.381s][info][gc,metaspace   ] GC(2560) Metaspace: 36290K(36672K)->36290K(36672K) NonClass: 32121K(32320K)->32121K(32320K) Class: 4168K(4352K)->4168K(4352K)
[282.381s][info][gc             ] GC(2560) Pause Young (Allocation Failure) 516M->248M(987M) 5.679ms
[282.381s][info][gc,cpu         ] GC(2560) User=0.00s Sys=0.00s Real=0.02s
[282.623s][info][gc,start       ] GC(2561) Pause Young (Allocation Failure)
[282.629s][info][gc,heap        ] GC(2561) PSYoungGen: 288029K(311808K)->14671K(317440K) Eden: 274104K(276992K)->0K(284160K) From: 13925K(34816K)->14671K(33280K)
[282.629s][info][gc,heap        ] GC(2561) ParOldGen: 240369K(699392K)->240804K(699392K)
[282.630s][info][gc,metaspace   ] GC(2561) Metaspace: 36290K(36672K)->36290K(36672K) NonClass: 32121K(32320K)->32121K(32320K) Class: 4168K(4352K)->4168K(4352K)
[282.630s][info][gc             ] GC(2561) Pause Young (Allocation Failure) 516M->249M(993M) 6.130ms
[282.630s][info][gc,cpu         ] GC(2561) User=0.09s Sys=0.00s Real=0.02s
[282.889s][info][gc,start       ] GC(2562) Pause Young (Allocation Failure)
[282.895s][info][gc,heap        ] GC(2562) PSYoungGen: 297523K(317440K)->15563K(315904K) Eden: 282851K(284160K)->0K(284160K) From: 14671K(33280K)->15563K(31744K)
[282.895s][info][gc,heap        ] GC(2562) ParOldGen: 240804K(699392K)->241215K(699392K)
[282.895s][info][gc,metaspace   ] GC(2562) Metaspace: 36290K(36672K)->36290K(36672K) NonClass: 32121K(32320K)->32121K(32320K) Class: 4168K(4352K)->4168K(4352K)
[282.895s][info][gc             ] GC(2562) Pause Young (Allocation Failure) 525M->250M(991M) 6.484ms
[282.895s][info][gc,cpu         ] GC(2562) User=0.09s Sys=0.00s Real=0.02s
[283.149s][info][gc,start       ] GC(2563) Pause Young (Allocation Failure)
[283.154s][info][gc,heap        ] GC(2563) PSYoungGen: 298602K(315904K)->13315K(319488K) Eden: 283038K(284160K)->0K(288256K) From: 15563K(31744K)->13315K(31232K)
[283.155s][info][gc,heap        ] GC(2563) ParOldGen: 241215K(699392K)->242426K(699392K)
[283.155s][info][gc,metaspace   ] GC(2563) Metaspace: 36290K(36672K)->36290K(36672K) NonClass: 32121K(32320K)->32121K(32320K) Class: 4168K(4352K)->4168K(4352K)
[283.155s][info][gc             ] GC(2563) Pause Young (Allocation Failure) 527M->249M(995M) 6.015ms
[283.155s][info][gc,cpu         ] GC(2563) User=0.00s Sys=0.00s Real=0.02s
[283.419s][info][gc,start       ] GC(2564) Pause Young (Allocation Failure)
[283.425s][info][gc,heap        ] GC(2564) PSYoungGen: 300828K(319488K)->14762K(317952K) Eden: 287512K(288256K)->0K(288256K) From: 13315K(31232K)->14762K(29696K)
[283.425s][info][gc,heap        ] GC(2564) ParOldGen: 242426K(699392K)->243575K(699392K)
[283.425s][info][gc,metaspace   ] GC(2564) Metaspace: 36290K(36672K)->36290K(36672K) NonClass: 32121K(32320K)->32121K(32320K) Class: 4168K(4352K)->4168K(4352K)
[283.425s][info][gc             ] GC(2564) Pause Young (Allocation Failure) 530M->252M(993M) 6.236ms
[283.425s][info][gc,cpu         ] GC(2564) User=0.09s Sys=0.00s Real=0.01s
[283.663s][info][gc,start       ] GC(2565) Pause Young (Allocation Failure)
[283.669s][info][gc,heap        ] GC(2565) PSYoungGen: 303018K(317952K)->10788K(322048K) Eden: 288256K(288256K)->0K(293376K) From: 14762K(29696K)->10788K(28672K)
[283.669s][info][gc,heap        ] GC(2565) ParOldGen: 243575K(699392K)->244853K(699392K)
[283.669s][info][gc,metaspace   ] GC(2565) Metaspace: 36290K(36672K)->36290K(36672K) NonClass: 32121K(32320K)->32121K(32320K) Class: 4168K(4352K)->4168K(4352K)
[283.669s][info][gc             ] GC(2565) Pause Young (Allocation Failure) 533M->249M(997M) 5.816ms
[283.669s][info][gc,cpu         ] GC(2565) User=0.00s Sys=0.00s Real=0.01s
[283.923s][info][gc,start       ] GC(2566) Pause Young (Allocation Failure)
[283.930s][info][gc,heap        ] GC(2566) PSYoungGen: 300802K(322048K)->20609K(320512K) Eden: 290014K(293376K)->0K(293376K) From: 10788K(28672K)->20609K(27136K)
[283.930s][info][gc,heap        ] GC(2566) ParOldGen: 244853K(699392K)->245228K(699392K)
[283.930s][info][gc,metaspace   ] GC(2566) Metaspace: 36290K(36672K)->36290K(36672K) NonClass: 32121K(32320K)->32121K(32320K) Class: 4168K(4352K)->4168K(4352K)
[283.930s][info][gc             ] GC(2566) Pause Young (Allocation Failure) 532M->259M(996M) 6.627ms
[283.930s][info][gc,cpu         ] GC(2566) User=0.00s Sys=0.00s Real=0.01s
[284.192s][info][gc,start       ] GC(2567) Pause Young (Allocation Failure)
[284.198s][info][gc,heap        ] GC(2567) PSYoungGen: 312129K(320512K)->14374K(321536K) Eden: 291520K(293376K)->0K(292864K) From: 20609K(27136K)->14374K(28672K)
[284.198s][info][gc,heap        ] GC(2567) ParOldGen: 245228K(699392K)->245562K(699392K)
[284.198s][info][gc,metaspace   ] GC(2567) Metaspace: 36290K(36672K)->36290K(36672K) NonClass: 32121K(32320K)->32121K(32320K) Class: 4168K(4352K)->4168K(4352K)
[284.198s][info][gc             ] GC(2567) Pause Young (Allocation Failure) 544M->253M(997M) 6.266ms
[284.198s][info][gc,cpu         ] GC(2567) User=0.00s Sys=0.00s Real=0.02s
[284.451s][info][gc,start       ] GC(2568) Pause Young (Allocation Failure)
[284.457s][info][gc,heap        ] GC(2568) PSYoungGen: 304866K(321536K)->14287K(320512K) Eden: 290492K(292864K)->0K(292864K) From: 14374K(28672K)->14287K(27648K)
[284.457s][info][gc,heap        ] GC(2568) ParOldGen: 245562K(699392K)->246659K(699392K)
[284.457s][info][gc,metaspace   ] GC(2568) Metaspace: 36290K(36672K)->36290K(36672K) NonClass: 32121K(32320K)->32121K(32320K) Class: 4168K(4352K)->4168K(4352K)
[284.457s][info][gc             ] GC(2568) Pause Young (Allocation Failure) 537M->254M(996M) 6.097ms
[284.457s][info][gc,cpu         ] GC(2568) User=0.06s Sys=0.00s Real=0.01s
[284.520s][info][gc,start       ] GC(2569) Pause Young (System.gc())
[284.524s][info][gc,heap        ] GC(2569) PSYoungGen: 90692K(320512K)->5632K(322560K) Eden: 76404K(292864K)->0K(295936K) From: 14287K(27648K)->5632K(26624K)
[284.524s][info][gc,heap        ] GC(2569) ParOldGen: 246659K(699392K)->250329K(699392K)
[284.524s][info][gc,metaspace   ] GC(2569) Metaspace: 36290K(36672K)->36290K(36672K) NonClass: 32121K(32320K)->32121K(32320K) Class: 4168K(4352K)->4168K(4352K)
[284.524s][info][gc             ] GC(2569) Pause Young (System.gc()) 329M->249M(998M) 3.601ms
[284.524s][info][gc,cpu         ] GC(2569) User=0.00s Sys=0.00s Real=0.01s
[284.524s][info][gc,start       ] GC(2570) Pause Full (System.gc())
[284.524s][info][gc,phases,start] GC(2570) Marking Phase
[284.540s][info][gc,phases      ] GC(2570) Marking Phase 16.340ms
[284.540s][info][gc,phases,start] GC(2570) Summary Phase
[284.540s][info][gc,phases      ] GC(2570) Summary Phase 0.012ms
[284.540s][info][gc,phases,start] GC(2570) Adjust Roots
[284.544s][info][gc,phases      ] GC(2570) Adjust Roots 3.450ms
[284.544s][info][gc,phases,start] GC(2570) Compaction Phase
[284.552s][info][gc,phases      ] GC(2570) Compaction Phase 8.286ms
[284.552s][info][gc,phases,start] GC(2570) Post Compact
[284.553s][info][gc,phases      ] GC(2570) Post Compact 1.020ms
[284.553s][info][gc,heap        ] GC(2570) PSYoungGen: 5632K(322560K)->0K(322560K) Eden: 0K(295936K)->0K(295936K) From: 5632K(26624K)->0K(26624K)
[284.553s][info][gc,heap        ] GC(2570) ParOldGen: 250329K(699392K)->116934K(699392K)
[284.553s][info][gc,metaspace   ] GC(2570) Metaspace: 36290K(36672K)->36290K(36672K) NonClass: 32121K(32320K)->32121K(32320K) Class: 4168K(4352K)->4168K(4352K)
[284.553s][info][gc             ] GC(2570) Pause Full (System.gc()) 249M->114M(998M) 29.380ms
[284.553s][info][gc,cpu         ] GC(2570) User=0.19s Sys=0.00s Real=0.03s
[284.602s][info][gc,start       ] GC(2571) Pause Young (Allocation Failure)
[284.602s][info][gc,heap        ] GC(2571) PSYoungGen: 295936K(322560K)->192K(296448K) Eden: 295936K(295936K)->0K(295936K) From: 0K(26624K)->192K(512K)
[284.602s][info][gc,heap        ] GC(2571) ParOldGen: 116934K(699392K)->116934K(699392K)
[284.602s][info][gc,metaspace   ] GC(2571) Metaspace: 36290K(36672K)->36290K(36672K) NonClass: 32121K(32320K)->32121K(32320K) Class: 4168K(4352K)->4168K(4352K)
[284.602s][info][gc             ] GC(2571) Pause Young (Allocation Failure) 403M->114M(972M) 0.398ms
[284.602s][info][gc,cpu         ] GC(2571) User=0.00s Sys=0.00s Real=0.00s
[284.647s][info][gc,start       ] GC(2572) Pause Young (Allocation Failure)
[284.647s][info][gc,heap        ] GC(2572) PSYoungGen: 296128K(296448K)->192K(321536K) Eden: 295936K(295936K)->0K(293888K) From: 192K(512K)->192K(27648K)
[284.647s][info][gc,heap        ] GC(2572) ParOldGen: 116934K(699392K)->116982K(699392K)
[284.647s][info][gc,metaspace   ] GC(2572) Metaspace: 36290K(36672K)->36290K(36672K) NonClass: 32121K(32320K)->32121K(32320K) Class: 4168K(4352K)->4168K(4352K)
[284.647s][info][gc             ] GC(2572) Pause Young (Allocation Failure) 403M->114M(997M) 0.405ms
[284.647s][info][gc,cpu         ] GC(2572) User=0.00s Sys=0.00s Real=0.00s
[284.693s][info][gc,start       ] GC(2573) Pause Young (Allocation Failure)
[284.693s][info][gc,heap        ] GC(2573) PSYoungGen: 294080K(321536K)->160K(294400K) Eden: 293888K(293888K)->0K(293888K) From: 192K(27648K)->160K(512K)
[284.693s][info][gc,heap        ] GC(2573) ParOldGen: 116982K(699392K)->116982K(699392K)
[284.693s][info][gc,metaspace   ] GC(2573) Metaspace: 36290K(36672K)->36290K(36672K) NonClass: 32121K(32320K)->32121K(32320K) Class: 4168K(4352K)->4168K(4352K)
[284.693s][info][gc             ] GC(2573) Pause Young (Allocation Failure) 401M->114M(970M) 0.426ms
[284.693s][info][gc,cpu         ] GC(2573) User=0.00s Sys=0.00s Real=0.00s
[284.738s][info][gc,start       ] GC(2574) Pause Young (Allocation Failure)
[284.738s][info][gc,heap        ] GC(2574) PSYoungGen: 294048K(294400K)->160K(321536K) Eden: 293888K(293888K)->0K(293376K) From: 160K(512K)->160K(28160K)
[284.738s][info][gc,heap        ] GC(2574) ParOldGen: 116982K(699392K)->116982K(699392K)
[284.738s][info][gc,metaspace   ] GC(2574) Metaspace: 36290K(36672K)->36290K(36672K) NonClass: 32121K(32320K)->32121K(32320K) Class: 4168K(4352K)->4168K(4352K)
[284.738s][info][gc             ] GC(2574) Pause Young (Allocation Failure) 401M->114M(997M) 0.395ms
[284.738s][info][gc,cpu         ] GC(2574) User=0.00s Sys=0.00s Real=0.00s
[284.783s][info][gc,start       ] GC(2575) Pause Young (Allocation Failure)
[284.783s][info][gc,heap        ] GC(2575) PSYoungGen: 293536K(321536K)->160K(321024K) Eden: 293376K(293376K)->0K(293376K) From: 160K(28160K)->160K(27648K)
[284.783s][info][gc,heap        ] GC(2575) ParOldGen: 116982K(699392K)->116982K(699392K)
[284.783s][info][gc,metaspace   ] GC(2575) Metaspace: 36290K(36672K)->36290K(36672K) NonClass: 32121K(32320K)->32121K(32320K) Class: 4168K(4352K)->4168K(4352K)
[284.783s][info][gc             ] GC(2575) Pause Young (Allocation Failure) 400M->114M(996M) 0.419ms
[284.783s][info][gc,cpu         ] GC(2575) User=0.00s Sys=0.00s Real=0.00s
[284.830s][info][gc,start       ] GC(2576) Pause Young (Allocation Failure)
[284.831s][info][gc,heap        ] GC(2576) PSYoungGen: 293536K(321024K)->192K(322560K) Eden: 293376K(293376K)->0K(295424K) From: 160K(27648K)->192K(27136K)
[284.831s][info][gc,heap        ] GC(2576) ParOldGen: 116982K(699392K)->116982K(699392K)
[284.831s][info][gc,metaspace   ] GC(2576) Metaspace: 36290K(36672K)->36290K(36672K) NonClass: 32121K(32320K)->32121K(32320K) Class: 4168K(4352K)->4168K(4352K)
[284.831s][info][gc             ] GC(2576) Pause Young (Allocation Failure) 400M->114M(998M) 1.282ms
[284.831s][info][gc,cpu         ] GC(2576) User=0.00s Sys=0.00s Real=0.00s
[284.876s][info][gc,start       ] GC(2577) Pause Young (Allocation Failure)
[284.877s][info][gc,heap        ] GC(2577) PSYoungGen: 295616K(322560K)->160K(322048K) Eden: 295424K(295424K)->0K(295424K) From: 192K(27136K)->160K(26624K)
[284.877s][info][gc,heap        ] GC(2577) ParOldGen: 116982K(699392K)->116982K(699392K)
[284.877s][info][gc,metaspace   ] GC(2577) Metaspace: 36290K(36672K)->36290K(36672K) NonClass: 32121K(32320K)->32121K(32320K) Class: 4168K(4352K)->4168K(4352K)
[284.877s][info][gc             ] GC(2577) Pause Young (Allocation Failure) 402M->114M(997M) 0.446ms
[284.877s][info][gc,cpu         ] GC(2577) User=0.00s Sys=0.00s Real=0.00s
[284.922s][info][gc,start       ] GC(2578) Pause Young (Allocation Failure)
[284.923s][info][gc,heap        ] GC(2578) PSYoungGen: 295584K(322048K)->192K(324096K) Eden: 295424K(295424K)->0K(298496K) From: 160K(26624K)->192K(25600K)
[284.923s][info][gc,heap        ] GC(2578) ParOldGen: 116982K(699392K)->116982K(699392K)
[284.923s][info][gc,metaspace   ] GC(2578) Metaspace: 36290K(36672K)->36290K(36672K) NonClass: 32121K(32320K)->32121K(32320K) Class: 4168K(4352K)->4168K(4352K)
[284.923s][info][gc             ] GC(2578) Pause Young (Allocation Failure) 402M->114M(999M) 0.382ms
[284.923s][info][gc,cpu         ] GC(2578) User=0.00s Sys=0.00s Real=0.00s
[284.968s][info][gc,start       ] GC(2579) Pause Young (Allocation Failure)
[284.968s][info][gc,heap        ] GC(2579) PSYoungGen: 298688K(324096K)->160K(323584K) Eden: 298496K(298496K)->0K(298496K) From: 192K(25600K)->160K(25088K)
[284.968s][info][gc,heap        ] GC(2579) ParOldGen: 116982K(699392K)->116982K(699392K)
[284.968s][info][gc,metaspace   ] GC(2579) Metaspace: 36290K(36672K)->36290K(36672K) NonClass: 32121K(32320K)->32121K(32320K) Class: 4168K(4352K)->4168K(4352K)
[284.968s][info][gc             ] GC(2579) Pause Young (Allocation Failure) 405M->114M(999M) 0.393ms
[284.968s][info][gc,cpu         ] GC(2579) User=0.00s Sys=0.00s Real=0.00s
[285.014s][info][gc,start       ] GC(2580) Pause Young (Allocation Failure)
[285.015s][info][gc,heap        ] GC(2580) PSYoungGen: 298656K(323584K)->192K(326144K) Eden: 298496K(298496K)->0K(302080K) From: 160K(25088K)->192K(24064K)
[285.015s][info][gc,heap        ] GC(2580) ParOldGen: 116982K(699392K)->116982K(699392K)
[285.015s][info][gc,metaspace   ] GC(2580) Metaspace: 36290K(36672K)->36290K(36672K) NonClass: 32121K(32320K)->32121K(32320K) Class: 4168K(4352K)->4168K(4352K)
[285.015s][info][gc             ] GC(2580) Pause Young (Allocation Failure) 405M->114M(1001M) 0.404ms
[285.015s][info][gc,cpu         ] GC(2580) User=0.00s Sys=0.00s Real=0.00s
[285.060s][info][gc,start       ] GC(2581) Pause Young (Allocation Failure)
[285.060s][info][gc,heap        ] GC(2581) PSYoungGen: 302272K(326144K)->160K(325120K) Eden: 302080K(302080K)->0K(302080K) From: 192K(24064K)->160K(23040K)
[285.060s][info][gc,heap        ] GC(2581) ParOldGen: 116982K(699392K)->116982K(699392K)
[285.060s][info][gc,metaspace   ] GC(2581) Metaspace: 36290K(36672K)->36290K(36672K) NonClass: 32121K(32320K)->32121K(32320K) Class: 4168K(4352K)->4168K(4352K)
[285.060s][info][gc             ] GC(2581) Pause Young (Allocation Failure) 409M->114M(1000M) 0.426ms
[285.060s][info][gc,cpu         ] GC(2581) User=0.00s Sys=0.00s Real=0.00s
[285.106s][info][gc,start       ] GC(2582) Pause Young (Allocation Failure)
[285.106s][info][gc,heap        ] GC(2582) PSYoungGen: 302240K(325120K)->192K(328192K) Eden: 302080K(302080K)->0K(306176K) From: 160K(23040K)->192K(22016K)
[285.106s][info][gc,heap        ] GC(2582) ParOldGen: 116982K(699392K)->116982K(699392K)
[285.106s][info][gc,metaspace   ] GC(2582) Metaspace: 36290K(36672K)->36290K(36672K) NonClass: 32121K(32320K)->32121K(32320K) Class: 4168K(4352K)->4168K(4352K)
[285.106s][info][gc             ] GC(2582) Pause Young (Allocation Failure) 409M->114M(1003M) 0.381ms
[285.106s][info][gc,cpu         ] GC(2582) User=0.00s Sys=0.00s Real=0.00s
[285.153s][info][gc,start       ] GC(2583) Pause Young (Allocation Failure)
[285.153s][info][gc,heap        ] GC(2583) PSYoungGen: 306368K(328192K)->160K(327168K) Eden: 306176K(306176K)->0K(306176K) From: 192K(22016K)->160K(20992K)
[285.153s][info][gc,heap        ] GC(2583) ParOldGen: 116982K(699392K)->116982K(699392K)
[285.153s][info][gc,metaspace   ] GC(2583) Metaspace: 36290K(36672K)->36290K(36672K) NonClass: 32121K(32320K)->32121K(32320K) Class: 4168K(4352K)->4168K(4352K)
[285.153s][info][gc             ] GC(2583) Pause Young (Allocation Failure) 413M->114M(1002M) 0.390ms
[285.153s][info][gc,cpu         ] GC(2583) User=0.00s Sys=0.00s Real=0.00s
[285.200s][info][gc,start       ] GC(2584) Pause Young (Allocation Failure)
[285.201s][info][gc,heap        ] GC(2584) PSYoungGen: 306336K(327168K)->160K(330240K) Eden: 306176K(306176K)->0K(310272K) From: 160K(20992K)->160K(19968K)
[285.201s][info][gc,heap        ] GC(2584) ParOldGen: 116982K(699392K)->116982K(699392K)
[285.201s][info][gc,metaspace   ] GC(2584) Metaspace: 36290K(36672K)->36290K(36672K) NonClass: 32121K(32320K)->32121K(32320K) Class: 4168K(4352K)->4168K(4352K)
[285.201s][info][gc             ] GC(2584) Pause Young (Allocation Failure) 413M->114M(1005M) 0.532ms
[285.201s][info][gc,cpu         ] GC(2584) User=0.00s Sys=0.00s Real=0.00s
[285.254s][info][gc,start       ] GC(2585) Pause Young (Allocation Failure)
[285.254s][info][gc,heap        ] GC(2585) PSYoungGen: 310432K(330240K)->192K(329216K) Eden: 310272K(310272K)->0K(310272K) From: 160K(19968K)->192K(18944K)
[285.254s][info][gc,heap        ] GC(2585) ParOldGen: 116982K(699392K)->116982K(699392K)
[285.254s][info][gc,metaspace   ] GC(2585) Metaspace: 36290K(36672K)->36290K(36672K) NonClass: 32121K(32320K)->32121K(32320K) Class: 4168K(4352K)->4168K(4352K)
[285.254s][info][gc             ] GC(2585) Pause Young (Allocation Failure) 417M->114M(1004M) 0.430ms
[285.254s][info][gc,cpu         ] GC(2585) User=0.00s Sys=0.00s Real=0.00s
[285.314s][info][gc,start       ] GC(2586) Pause Young (Allocation Failure)
[285.315s][info][gc,heap        ] GC(2586) PSYoungGen: 310464K(329216K)->192K(332288K) Eden: 310272K(310272K)->0K(314368K) From: 192K(18944K)->192K(17920K)
[285.315s][info][gc,heap        ] GC(2586) ParOldGen: 116982K(699392K)->117030K(699392K)
[285.315s][info][gc,metaspace   ] GC(2586) Metaspace: 36290K(36672K)->36290K(36672K) NonClass: 32121K(32320K)->32121K(32320K) Class: 4168K(4352K)->4168K(4352K)
[285.315s][info][gc             ] GC(2586) Pause Young (Allocation Failure) 417M->114M(1007M) 0.387ms
[285.315s][info][gc,cpu         ] GC(2586) User=0.00s Sys=0.00s Real=0.00s
[285.374s][info][gc,start       ] GC(2587) Pause Young (Allocation Failure)
[285.375s][info][gc,heap        ] GC(2587) PSYoungGen: 314560K(332288K)->192K(331264K) Eden: 314368K(314368K)->0K(314368K) From: 192K(17920K)->192K(16896K)
[285.375s][info][gc,heap        ] GC(2587) ParOldGen: 117030K(699392K)->117030K(699392K)
[285.375s][info][gc,metaspace   ] GC(2587) Metaspace: 36290K(36672K)->36290K(36672K) NonClass: 32121K(32320K)->32121K(32320K) Class: 4168K(4352K)->4168K(4352K)
[285.375s][info][gc             ] GC(2587) Pause Young (Allocation Failure) 421M->114M(1006M) 0.427ms
[285.375s][info][gc,cpu         ] GC(2587) User=0.00s Sys=0.00s Real=0.00s
[285.434s][info][gc,start       ] GC(2588) Pause Young (Allocation Failure)
[285.434s][info][gc,heap        ] GC(2588) PSYoungGen: 314560K(331264K)->192K(334336K) Eden: 314368K(314368K)->0K(318464K) From: 192K(16896K)->192K(15872K)
[285.435s][info][gc,heap        ] GC(2588) ParOldGen: 117030K(699392K)->117030K(699392K)
[285.435s][info][gc,metaspace   ] GC(2588) Metaspace: 36290K(36672K)->36290K(36672K) NonClass: 32121K(32320K)->32121K(32320K) Class: 4168K(4352K)->4168K(4352K)
[285.435s][info][gc             ] GC(2588) Pause Young (Allocation Failure) 421M->114M(1009M) 0.410ms
[285.435s][info][gc,cpu         ] GC(2588) User=0.00s Sys=0.00s Real=0.00s
[285.495s][info][gc,start       ] GC(2589) Pause Young (Allocation Failure)
[285.495s][info][gc,heap        ] GC(2589) PSYoungGen: 318656K(334336K)->160K(333312K) Eden: 318464K(318464K)->0K(318464K) From: 192K(15872K)->160K(14848K)
[285.495s][info][gc,heap        ] GC(2589) ParOldGen: 117030K(699392K)->117030K(699392K)
[285.495s][info][gc,metaspace   ] GC(2589) Metaspace: 36290K(36672K)->36290K(36672K) NonClass: 32121K(32320K)->32121K(32320K) Class: 4168K(4352K)->4168K(4352K)
[285.495s][info][gc             ] GC(2589) Pause Young (Allocation Failure) 425M->114M(1008M) 0.428ms
[285.495s][info][gc,cpu         ] GC(2589) User=0.00s Sys=0.00s Real=0.00s
[285.558s][info][gc,start       ] GC(2590) Pause Young (Allocation Failure)
[285.558s][info][gc,heap        ] GC(2590) PSYoungGen: 318624K(333312K)->192K(336384K) Eden: 318464K(318464K)->0K(322560K) From: 160K(14848K)->192K(13824K)
[285.558s][info][gc,heap        ] GC(2590) ParOldGen: 117030K(699392K)->117030K(699392K)
[285.558s][info][gc,metaspace   ] GC(2590) Metaspace: 36290K(36672K)->36290K(36672K) NonClass: 32121K(32320K)->32121K(32320K) Class: 4168K(4352K)->4168K(4352K)
[285.558s][info][gc             ] GC(2590) Pause Young (Allocation Failure) 425M->114M(1011M) 0.450ms
[285.558s][info][gc,cpu         ] GC(2590) User=0.00s Sys=0.00s Real=0.00s
[285.620s][info][gc,start       ] GC(2591) Pause Young (Allocation Failure)
[285.620s][info][gc,heap        ] GC(2591) PSYoungGen: 322752K(336384K)->192K(335360K) Eden: 322560K(322560K)->0K(322560K) From: 192K(13824K)->192K(12800K)
[285.620s][info][gc,heap        ] GC(2591) ParOldGen: 117030K(699392K)->117030K(699392K)
[285.620s][info][gc,metaspace   ] GC(2591) Metaspace: 36290K(36672K)->36290K(36672K) NonClass: 32121K(32320K)->32121K(32320K) Class: 4168K(4352K)->4168K(4352K)
[285.620s][info][gc             ] GC(2591) Pause Young (Allocation Failure) 429M->114M(1010M) 0.428ms
[285.620s][info][gc,cpu         ] GC(2591) User=0.00s Sys=0.00s Real=0.00s
[285.683s][info][gc,start       ] GC(2592) Pause Young (Allocation Failure)
[285.683s][info][gc,heap        ] GC(2592) PSYoungGen: 322752K(335360K)->192K(337920K) Eden: 322560K(322560K)->0K(325632K) From: 192K(12800K)->192K(12288K)
[285.683s][info][gc,heap        ] GC(2592) ParOldGen: 117030K(699392K)->117030K(699392K)
[285.683s][info][gc,metaspace   ] GC(2592) Metaspace: 36290K(36672K)->36290K(36672K) NonClass: 32121K(32320K)->32121K(32320K) Class: 4168K(4352K)->4168K(4352K)
[285.683s][info][gc             ] GC(2592) Pause Young (Allocation Failure) 429M->114M(1013M) 0.448ms
[285.683s][info][gc,cpu         ] GC(2592) User=0.00s Sys=0.00s Real=0.00s
[285.746s][info][gc,start       ] GC(2593) Pause Young (Allocation Failure)
[285.746s][info][gc,heap        ] GC(2593) PSYoungGen: 325824K(337920K)->192K(336896K) Eden: 325632K(325632K)->0K(325632K) From: 192K(12288K)->192K(11264K)
[285.746s][info][gc,heap        ] GC(2593) ParOldGen: 117030K(699392K)->117030K(699392K)
[285.746s][info][gc,metaspace   ] GC(2593) Metaspace: 36290K(36672K)->36290K(36672K) NonClass: 32121K(32320K)->32121K(32320K) Class: 4168K(4352K)->4168K(4352K)
[285.746s][info][gc             ] GC(2593) Pause Young (Allocation Failure) 432M->114M(1012M) 0.427ms
[285.746s][info][gc,cpu         ] GC(2593) User=0.00s Sys=0.00s Real=0.00s
[285.809s][info][gc,start       ] GC(2594) Pause Young (Allocation Failure)
[285.809s][info][gc,heap        ] GC(2594) PSYoungGen: 325824K(336896K)->160K(339456K) Eden: 325632K(325632K)->0K(328704K) From: 192K(11264K)->160K(10752K)
[285.809s][info][gc,heap        ] GC(2594) ParOldGen: 117030K(699392K)->117030K(699392K)
[285.809s][info][gc,metaspace   ] GC(2594) Metaspace: 36290K(36672K)->36290K(36672K) NonClass: 32121K(32320K)->32121K(32320K) Class: 4168K(4352K)->4168K(4352K)
[285.809s][info][gc             ] GC(2594) Pause Young (Allocation Failure) 432M->114M(1014M) 0.455ms
[285.809s][info][gc,cpu         ] GC(2594) User=0.00s Sys=0.00s Real=0.00s
[285.873s][info][gc,start       ] GC(2595) Pause Young (Allocation Failure)
[285.874s][info][gc,heap        ] GC(2595) PSYoungGen: 328864K(339456K)->160K(338432K) Eden: 328704K(328704K)->0K(328704K) From: 160K(10752K)->160K(9728K)
[285.874s][info][gc,heap        ] GC(2595) ParOldGen: 117030K(699392K)->117030K(699392K)
[285.874s][info][gc,metaspace   ] GC(2595) Metaspace: 36290K(36672K)->36290K(36672K) NonClass: 32121K(32320K)->32121K(32320K) Class: 4168K(4352K)->4168K(4352K)
[285.874s][info][gc             ] GC(2595) Pause Young (Allocation Failure) 435M->114M(1013M) 0.453ms
[285.874s][info][gc,cpu         ] GC(2595) User=0.00s Sys=0.00s Real=0.00s
[285.936s][info][gc,start       ] GC(2596) Pause Young (Allocation Failure)
[285.936s][info][gc,heap        ] GC(2596) PSYoungGen: 328864K(338432K)->192K(340480K) Eden: 328704K(328704K)->0K(331264K) From: 160K(9728K)->192K(9216K)
[285.936s][info][gc,heap        ] GC(2596) ParOldGen: 117030K(699392K)->117030K(699392K)
[285.936s][info][gc,metaspace   ] GC(2596) Metaspace: 36290K(36672K)->36290K(36672K) NonClass: 32121K(32320K)->32121K(32320K) Class: 4168K(4352K)->4168K(4352K)
[285.936s][info][gc             ] GC(2596) Pause Young (Allocation Failure) 435M->114M(1015M) 0.467ms
[285.936s][info][gc,cpu         ] GC(2596) User=0.00s Sys=0.00s Real=0.00s
[285.997s][info][gc,start       ] GC(2597) Pause Young (Allocation Failure)
[285.997s][info][gc,heap        ] GC(2597) PSYoungGen: 331456K(340480K)->160K(339968K) Eden: 331264K(331264K)->0K(331264K) From: 192K(9216K)->160K(8704K)
[285.997s][info][gc,heap        ] GC(2597) ParOldGen: 117030K(699392K)->117030K(699392K)
[285.997s][info][gc,metaspace   ] GC(2597) Metaspace: 36290K(36672K)->36290K(36672K) NonClass: 32121K(32320K)->32121K(32320K) Class: 4168K(4352K)->4168K(4352K)
[285.997s][info][gc             ] GC(2597) Pause Young (Allocation Failure) 437M->114M(1015M) 0.454ms
[285.997s][info][gc,cpu         ] GC(2597) User=0.00s Sys=0.00s Real=0.00s
[286.057s][info][gc,start       ] GC(2598) Pause Young (Allocation Failure)
[286.058s][info][gc,heap        ] GC(2598) PSYoungGen: 331424K(339968K)->160K(341504K) Eden: 331264K(331264K)->0K(333312K) From: 160K(8704K)->160K(8192K)
[286.058s][info][gc,heap        ] GC(2598) ParOldGen: 117030K(699392K)->117030K(699392K)
[286.058s][info][gc,metaspace   ] GC(2598) Metaspace: 36290K(36672K)->36290K(36672K) NonClass: 32121K(32320K)->32121K(32320K) Class: 4168K(4352K)->4168K(4352K)
[286.058s][info][gc             ] GC(2598) Pause Young (Allocation Failure) 437M->114M(1016M) 0.449ms
[286.058s][info][gc,cpu         ] GC(2598) User=0.00s Sys=0.00s Real=0.00s
[286.119s][info][gc,start       ] GC(2599) Pause Young (Allocation Failure)
[286.119s][info][gc,heap        ] GC(2599) PSYoungGen: 333472K(341504K)->160K(340992K) Eden: 333312K(333312K)->0K(333312K) From: 160K(8192K)->160K(7680K)
[286.119s][info][gc,heap        ] GC(2599) ParOldGen: 117030K(699392K)->117030K(699392K)
[286.119s][info][gc,metaspace   ] GC(2599) Metaspace: 36290K(36672K)->36290K(36672K) NonClass: 32121K(32320K)->32121K(32320K) Class: 4168K(4352K)->4168K(4352K)
[286.119s][info][gc             ] GC(2599) Pause Young (Allocation Failure) 439M->114M(1016M) 0.424ms
[286.119s][info][gc,cpu         ] GC(2599) User=0.00s Sys=0.00s Real=0.00s
[286.182s][info][gc,start       ] GC(2600) Pause Young (Allocation Failure)
[286.182s][info][gc,heap        ] GC(2600) PSYoungGen: 333472K(340992K)->160K(342528K) Eden: 333312K(333312K)->0K(335360K) From: 160K(7680K)->160K(7168K)
[286.182s][info][gc,heap        ] GC(2600) ParOldGen: 117030K(699392K)->117030K(699392K)
[286.182s][info][gc,metaspace   ] GC(2600) Metaspace: 36290K(36672K)->36290K(36672K) NonClass: 32121K(32320K)->32121K(32320K) Class: 4168K(4352K)->4168K(4352K)
[286.182s][info][gc             ] GC(2600) Pause Young (Allocation Failure) 439M->114M(1017M) 0.587ms
[286.182s][info][gc,cpu         ] GC(2600) User=0.00s Sys=0.00s Real=0.00s
[286.245s][info][gc,start       ] GC(2601) Pause Young (Allocation Failure)
[286.245s][info][gc,heap        ] GC(2601) PSYoungGen: 335520K(342528K)->192K(342016K) Eden: 335360K(335360K)->0K(335360K) From: 160K(7168K)->192K(6656K)
[286.245s][info][gc,heap        ] GC(2601) ParOldGen: 117030K(699392K)->117030K(699392K)
[286.245s][info][gc,metaspace   ] GC(2601) Metaspace: 36290K(36672K)->36290K(36672K) NonClass: 32121K(32320K)->32121K(32320K) Class: 4168K(4352K)->4168K(4352K)
[286.245s][info][gc             ] GC(2601) Pause Young (Allocation Failure) 441M->114M(1017M) 0.435ms
[286.245s][info][gc,cpu         ] GC(2601) User=0.00s Sys=0.00s Real=0.00s
[286.308s][info][gc,start       ] GC(2602) Pause Young (Allocation Failure)
[286.309s][info][gc,heap        ] GC(2602) PSYoungGen: 335552K(342016K)->160K(343552K) Eden: 335360K(335360K)->0K(337408K) From: 192K(6656K)->160K(6144K)
[286.309s][info][gc,heap        ] GC(2602) ParOldGen: 117030K(699392K)->117030K(699392K)
[286.309s][info][gc,metaspace   ] GC(2602) Metaspace: 36290K(36672K)->36290K(36672K) NonClass: 32121K(32320K)->32121K(32320K) Class: 4168K(4352K)->4168K(4352K)
[286.309s][info][gc             ] GC(2602) Pause Young (Allocation Failure) 441M->114M(1018M) 0.429ms
[286.309s][info][gc,cpu         ] GC(2602) User=0.00s Sys=0.00s Real=0.00s
[286.372s][info][gc,start       ] GC(2603) Pause Young (Allocation Failure)
[286.372s][info][gc,heap        ] GC(2603) PSYoungGen: 337568K(343552K)->192K(343040K) Eden: 337408K(337408K)->0K(337408K) From: 160K(6144K)->192K(5632K)
[286.372s][info][gc,heap        ] GC(2603) ParOldGen: 117030K(699392K)->117030K(699392K)
[286.372s][info][gc,metaspace   ] GC(2603) Metaspace: 36290K(36672K)->36290K(36672K) NonClass: 32121K(32320K)->32121K(32320K) Class: 4168K(4352K)->4168K(4352K)
[286.372s][info][gc             ] GC(2603) Pause Young (Allocation Failure) 443M->114M(1018M) 0.425ms
[286.372s][info][gc,cpu         ] GC(2603) User=0.00s Sys=0.00s Real=0.00s
[286.436s][info][gc,start       ] GC(2604) Pause Young (Allocation Failure)
[286.436s][info][gc,heap        ] GC(2604) PSYoungGen: 337600K(343040K)->160K(344576K) Eden: 337408K(337408K)->0K(339456K) From: 192K(5632K)->160K(5120K)
[286.436s][info][gc,heap        ] GC(2604) ParOldGen: 117030K(699392K)->117030K(699392K)
[286.436s][info][gc,metaspace   ] GC(2604) Metaspace: 36290K(36672K)->36290K(36672K) NonClass: 32121K(32320K)->32121K(32320K) Class: 4168K(4352K)->4168K(4352K)
[286.436s][info][gc             ] GC(2604) Pause Young (Allocation Failure) 443M->114M(1019M) 0.442ms
[286.436s][info][gc,cpu         ] GC(2604) User=0.00s Sys=0.00s Real=0.00s
[286.501s][info][gc,start       ] GC(2605) Pause Young (Allocation Failure)
[286.502s][info][gc,heap        ] GC(2605) PSYoungGen: 339616K(344576K)->160K(344064K) Eden: 339456K(339456K)->0K(339456K) From: 160K(5120K)->160K(4608K)
[286.502s][info][gc,heap        ] GC(2605) ParOldGen: 117030K(699392K)->117030K(699392K)
[286.502s][info][gc,metaspace   ] GC(2605) Metaspace: 36290K(36672K)->36290K(36672K) NonClass: 32121K(32320K)->32121K(32320K) Class: 4168K(4352K)->4168K(4352K)
[286.502s][info][gc             ] GC(2605) Pause Young (Allocation Failure) 445M->114M(1019M) 0.415ms
[286.502s][info][gc,cpu         ] GC(2605) User=0.00s Sys=0.00s Real=0.00s
[286.566s][info][gc,start       ] GC(2606) Pause Young (Allocation Failure)
[286.566s][info][gc,heap        ] GC(2606) PSYoungGen: 339616K(344064K)->192K(345088K) Eden: 339456K(339456K)->0K(340480K) From: 160K(4608K)->192K(4608K)
[286.566s][info][gc,heap        ] GC(2606) ParOldGen: 117030K(699392K)->117030K(699392K)
[286.566s][info][gc,metaspace   ] GC(2606) Metaspace: 36290K(36672K)->36290K(36672K) NonClass: 32121K(32320K)->32121K(32320K) Class: 4168K(4352K)->4168K(4352K)
[286.566s][info][gc             ] GC(2606) Pause Young (Allocation Failure) 445M->114M(1020M) 0.446ms
[286.566s][info][gc,cpu         ] GC(2606) User=0.00s Sys=0.00s Real=0.00s
[286.630s][info][gc,start       ] GC(2607) Pause Young (Allocation Failure)
[286.631s][info][gc,heap        ] GC(2607) PSYoungGen: 340672K(345088K)->192K(344576K) Eden: 340480K(340480K)->0K(340480K) From: 192K(4608K)->192K(4096K)
[286.631s][info][gc,heap        ] GC(2607) ParOldGen: 117030K(699392K)->117030K(699392K)
[286.631s][info][gc,metaspace   ] GC(2607) Metaspace: 36290K(36672K)->36290K(36672K) NonClass: 32121K(32320K)->32121K(32320K) Class: 4168K(4352K)->4168K(4352K)
[286.631s][info][gc             ] GC(2607) Pause Young (Allocation Failure) 446M->114M(1019M) 0.409ms
[286.631s][info][gc,cpu         ] GC(2607) User=0.00s Sys=0.00s Real=0.00s
[286.695s][info][gc,start       ] GC(2608) Pause Young (Allocation Failure)
[286.695s][info][gc,heap        ] GC(2608) PSYoungGen: 340672K(344576K)->160K(345600K) Eden: 340480K(340480K)->0K(341504K) From: 192K(4096K)->160K(4096K)
[286.695s][info][gc,heap        ] GC(2608) ParOldGen: 117030K(699392K)->117030K(699392K)
[286.695s][info][gc,metaspace   ] GC(2608) Metaspace: 36290K(36672K)->36290K(36672K) NonClass: 32121K(32320K)->32121K(32320K) Class: 4168K(4352K)->4168K(4352K)
[286.695s][info][gc             ] GC(2608) Pause Young (Allocation Failure) 446M->114M(1020M) 0.444ms
[286.695s][info][gc,cpu         ] GC(2608) User=0.00s Sys=0.00s Real=0.00s
[286.759s][info][gc,start       ] GC(2609) Pause Young (Allocation Failure)
[286.759s][info][gc,heap        ] GC(2609) PSYoungGen: 341664K(345600K)->160K(345088K) Eden: 341504K(341504K)->0K(341504K) From: 160K(4096K)->160K(3584K)
[286.760s][info][gc,heap        ] GC(2609) ParOldGen: 117030K(699392K)->117030K(699392K)
[286.760s][info][gc,metaspace   ] GC(2609) Metaspace: 36290K(36672K)->36290K(36672K) NonClass: 32121K(32320K)->32121K(32320K) Class: 4168K(4352K)->4168K(4352K)
[286.760s][info][gc             ] GC(2609) Pause Young (Allocation Failure) 447M->114M(1020M) 0.426ms
[286.760s][info][gc,cpu         ] GC(2609) User=0.00s Sys=0.00s Real=0.00s
[286.825s][info][gc,start       ] GC(2610) Pause Young (Allocation Failure)
[286.825s][info][gc,heap        ] GC(2610) PSYoungGen: 341664K(345088K)->96K(346112K) Eden: 341504K(341504K)->0K(342528K) From: 160K(3584K)->96K(3584K)
[286.825s][info][gc,heap        ] GC(2610) ParOldGen: 117030K(699392K)->117030K(699392K)
[286.825s][info][gc,metaspace   ] GC(2610) Metaspace: 36290K(36672K)->36290K(36672K) NonClass: 32121K(32320K)->32121K(32320K) Class: 4168K(4352K)->4168K(4352K)
[286.825s][info][gc             ] GC(2610) Pause Young (Allocation Failure) 447M->114M(1021M) 0.581ms
[286.825s][info][gc,cpu         ] GC(2610) User=0.00s Sys=0.00s Real=0.00s
[286.895s][info][gc,start       ] GC(2611) Pause Young (Allocation Failure)
[286.895s][info][gc,heap        ] GC(2611) PSYoungGen: 342624K(346112K)->192K(345600K) Eden: 342528K(342528K)->0K(342528K) From: 96K(3584K)->192K(3072K)
[286.895s][info][gc,heap        ] GC(2611) ParOldGen: 117030K(699392K)->117030K(699392K)
[286.895s][info][gc,metaspace   ] GC(2611) Metaspace: 36290K(36672K)->36290K(36672K) NonClass: 32121K(32320K)->32121K(32320K) Class: 4168K(4352K)->4168K(4352K)
[286.895s][info][gc             ] GC(2611) Pause Young (Allocation Failure) 448M->114M(1020M) 0.418ms
[286.895s][info][gc,cpu         ] GC(2611) User=0.00s Sys=0.00s Real=0.00s
[286.966s][info][gc,start       ] GC(2612) Pause Young (Allocation Failure)
[286.967s][info][gc,heap        ] GC(2612) PSYoungGen: 342720K(345600K)->192K(346624K) Eden: 342528K(342528K)->0K(343552K) From: 192K(3072K)->192K(3072K)
[286.967s][info][gc,heap        ] GC(2612) ParOldGen: 117030K(699392K)->117030K(699392K)
[286.967s][info][gc,metaspace   ] GC(2612) Metaspace: 36290K(36672K)->36290K(36672K) NonClass: 32121K(32320K)->32121K(32320K) Class: 4168K(4352K)->4168K(4352K)
[286.967s][info][gc             ] GC(2612) Pause Young (Allocation Failure) 448M->114M(1021M) 0.416ms
[286.967s][info][gc,cpu         ] GC(2612) User=0.00s Sys=0.00s Real=0.00s
[287.219s][info][gc,start       ] GC(2613) Pause Young (Allocation Failure)
[287.225s][info][gc,heap        ] GC(2613) PSYoungGen: 341881K(346624K)->2544K(336384K) Eden: 341689K(343552K)->0K(333824K) From: 192K(3072K)->2544K(2560K)
[287.225s][info][gc,heap        ] GC(2613) ParOldGen: 117030K(699392K)->133450K(699392K)
[287.225s][info][gc,metaspace   ] GC(2613) Metaspace: 36290K(36672K)->36290K(36672K) NonClass: 32121K(32320K)->32121K(32320K) Class: 4168K(4352K)->4168K(4352K)
[287.225s][info][gc             ] GC(2613) Pause Young (Allocation Failure) 448M->132M(1011M) 6.242ms
[287.225s][info][gc,cpu         ] GC(2613) User=0.00s Sys=0.00s Real=0.00s
[287.518s][info][gc,start       ] GC(2614) Pause Young (Allocation Failure)
[287.532s][info][gc,heap        ] GC(2614) PSYoungGen: 336368K(336384K)->3066K(305152K) Eden: 333824K(333824K)->0K(302080K) From: 2544K(2560K)->3066K(3072K)
[287.532s][info][gc,heap        ] GC(2614) ParOldGen: 133450K(699392K)->173421K(699392K)
[287.532s][info][gc,metaspace   ] GC(2614) Metaspace: 36290K(36672K)->36290K(36672K) NonClass: 32121K(32320K)->32121K(32320K) Class: 4168K(4352K)->4168K(4352K)
[287.532s][info][gc             ] GC(2614) Pause Young (Allocation Failure) 458M->172M(981M) 13.474ms
[287.532s][info][gc,cpu         ] GC(2614) User=0.05s Sys=0.00s Real=0.01s
[287.795s][info][gc,start       ] GC(2615) Pause Young (Allocation Failure)
[287.804s][info][gc,heap        ] GC(2615) PSYoungGen: 305146K(305152K)->23089K(325632K) Eden: 302080K(302080K)->0K(302080K) From: 3066K(3072K)->23089K(23552K)
[287.804s][info][gc,heap        ] GC(2615) ParOldGen: 173421K(699392K)->178124K(699392K)
[287.804s][info][gc,metaspace   ] GC(2615) Metaspace: 36290K(36672K)->36290K(36672K) NonClass: 32121K(32320K)->32121K(32320K) Class: 4168K(4352K)->4168K(4352K)
[287.804s][info][gc             ] GC(2615) Pause Young (Allocation Failure) 467M->196M(1001M) 8.534ms
[287.804s][info][gc,cpu         ] GC(2615) User=0.09s Sys=0.00s Real=0.01s
[288.081s][info][gc,start       ] GC(2616) Pause Young (Allocation Failure)
[288.087s][info][gc,heap        ] GC(2616) PSYoungGen: 325169K(325632K)->9939K(318464K) Eden: 302080K(302080K)->0K(294912K) From: 23089K(23552K)->9939K(23552K)
[288.087s][info][gc,heap        ] GC(2616) ParOldGen: 178124K(699392K)->187786K(699392K)
[288.087s][info][gc,metaspace   ] GC(2616) Metaspace: 36290K(36672K)->36290K(36672K) NonClass: 32121K(32320K)->32121K(32320K) Class: 4168K(4352K)->4168K(4352K)
[288.087s][info][gc             ] GC(2616) Pause Young (Allocation Failure) 491M->193M(994M) 6.128ms
[288.087s][info][gc,cpu         ] GC(2616) User=0.00s Sys=0.00s Real=0.01s
[288.367s][info][gc,start       ] GC(2617) Pause Young (Allocation Failure)
[288.373s][info][gc,heap        ] GC(2617) PSYoungGen: 304851K(318464K)->10595K(322048K) Eden: 294912K(294912K)->0K(294912K) From: 9939K(23552K)->10595K(27136K)
[288.373s][info][gc,heap        ] GC(2617) ParOldGen: 187786K(699392K)->189217K(699392K)
[288.373s][info][gc,metaspace   ] GC(2617) Metaspace: 36290K(36672K)->36290K(36672K) NonClass: 32121K(32320K)->32121K(32320K) Class: 4168K(4352K)->4168K(4352K)
[288.373s][info][gc             ] GC(2617) Pause Young (Allocation Failure) 481M->195M(997M) 5.918ms
[288.373s][info][gc,cpu         ] GC(2617) User=0.00s Sys=0.00s Real=0.01s
[288.633s][info][gc,start       ] GC(2618) Pause Young (Allocation Failure)
[288.639s][info][gc,heap        ] GC(2618) PSYoungGen: 300990K(322048K)->15101K(322048K) Eden: 290395K(294912K)->0K(295936K) From: 10595K(27136K)->15101K(26112K)
[288.639s][info][gc,heap        ] GC(2618) ParOldGen: 189217K(699392K)->190356K(699392K)
[288.639s][info][gc,metaspace   ] GC(2618) Metaspace: 36290K(36672K)->36290K(36672K) NonClass: 32121K(32320K)->32121K(32320K) Class: 4168K(4352K)->4168K(4352K)
[288.639s][info][gc             ] GC(2618) Pause Young (Allocation Failure) 478M->200M(997M) 5.967ms
[288.639s][info][gc,cpu         ] GC(2618) User=0.00s Sys=0.00s Real=0.02s
[288.908s][info][gc,start       ] GC(2619) Pause Young (Allocation Failure)
[288.913s][info][gc,heap        ] GC(2619) PSYoungGen: 311037K(322048K)->9144K(322560K) Eden: 295936K(295936K)->0K(295936K) From: 15101K(26112K)->9144K(26624K)
[288.913s][info][gc,heap        ] GC(2619) ParOldGen: 190356K(699392K)->190788K(699392K)
[288.913s][info][gc,metaspace   ] GC(2619) Metaspace: 36290K(36672K)->36290K(36672K) NonClass: 32121K(32320K)->32121K(32320K) Class: 4168K(4352K)->4168K(4352K)
[288.913s][info][gc             ] GC(2619) Pause Young (Allocation Failure) 489M->195M(998M) 4.556ms
[288.913s][info][gc,cpu         ] GC(2619) User=0.00s Sys=0.00s Real=0.00s
[289.168s][info][gc,start       ] GC(2620) Pause Young (Allocation Failure)
[289.175s][info][gc,heap        ] GC(2620) PSYoungGen: 304878K(322560K)->21254K(317952K) Eden: 295734K(295936K)->0K(292864K) From: 9144K(26624K)->21254K(25088K)
[289.175s][info][gc,heap        ] GC(2620) ParOldGen: 190788K(699392K)->191194K(699392K)
[289.175s][info][gc,metaspace   ] GC(2620) Metaspace: 36290K(36672K)->36290K(36672K) NonClass: 32121K(32320K)->32121K(32320K) Class: 4168K(4352K)->4168K(4352K)
[289.175s][info][gc             ] GC(2620) Pause Young (Allocation Failure) 484M->207M(993M) 7.236ms
[289.175s][info][gc,cpu         ] GC(2620) User=0.09s Sys=0.00s Real=0.01s
[289.430s][info][gc,start       ] GC(2621) Pause Young (Allocation Failure)
[289.437s][info][gc,heap        ] GC(2621) PSYoungGen: 310771K(317952K)->22150K(315392K) Eden: 289517K(292864K)->0K(292864K) From: 21254K(25088K)->22150K(22528K)
[289.437s][info][gc,heap        ] GC(2621) ParOldGen: 191194K(699392K)->192331K(699392K)
[289.437s][info][gc,metaspace   ] GC(2621) Metaspace: 36290K(36672K)->36290K(36672K) NonClass: 32121K(32320K)->32121K(32320K) Class: 4168K(4352K)->4168K(4352K)
[289.437s][info][gc             ] GC(2621) Pause Young (Allocation Failure) 490M->209M(991M) 7.344ms
[289.437s][info][gc,cpu         ] GC(2621) User=0.02s Sys=0.00s Real=0.01s
[289.707s][info][gc,start       ] GC(2622) Pause Young (Allocation Failure)
[289.714s][info][gc,heap        ] GC(2622) PSYoungGen: 315014K(315392K)->14019K(319488K) Eden: 292864K(292864K)->0K(288768K) From: 22150K(22528K)->14019K(30720K)
[289.714s][info][gc,heap        ] GC(2622) ParOldGen: 192331K(699392K)->194462K(699392K)
[289.714s][info][gc,metaspace   ] GC(2622) Metaspace: 36290K(36672K)->36290K(36672K) NonClass: 32121K(32320K)->32121K(32320K) Class: 4168K(4352K)->4168K(4352K)
[289.714s][info][gc             ] GC(2622) Pause Young (Allocation Failure) 495M->203M(995M) 7.006ms
[289.714s][info][gc,cpu         ] GC(2622) User=0.00s Sys=0.00s Real=0.01s
[289.946s][info][gc,start       ] GC(2623) Pause Young (Allocation Failure)
[289.953s][info][gc,heap        ] GC(2623) PSYoungGen: 298624K(319488K)->19231K(318464K) Eden: 284605K(288768K)->0K(288768K) From: 14019K(30720K)->19231K(29696K)
[289.953s][info][gc,heap        ] GC(2623) ParOldGen: 194462K(699392K)->197996K(699392K)
[289.953s][info][gc,metaspace   ] GC(2623) Metaspace: 36290K(36672K)->36290K(36672K) NonClass: 32121K(32320K)->32121K(32320K) Class: 4168K(4352K)->4168K(4352K)
[289.953s][info][gc             ] GC(2623) Pause Young (Allocation Failure) 481M->212M(994M) 6.482ms
[289.953s][info][gc,cpu         ] GC(2623) User=0.00s Sys=0.00s Real=0.01s
[290.219s][info][gc,start       ] GC(2624) Pause Young (Allocation Failure)
[290.224s][info][gc,heap        ] GC(2624) PSYoungGen: 307999K(318464K)->10932K(320000K) Eden: 288768K(288768K)->0K(289280K) From: 19231K(29696K)->10932K(30720K)
[290.224s][info][gc,heap        ] GC(2624) ParOldGen: 197996K(699392K)->200311K(699392K)
[290.224s][info][gc,metaspace   ] GC(2624) Metaspace: 36290K(36672K)->36290K(36672K) NonClass: 32121K(32320K)->32121K(32320K) Class: 4168K(4352K)->4168K(4352K)
[290.225s][info][gc             ] GC(2624) Pause Young (Allocation Failure) 494M->206M(995M) 5.844ms
[290.225s][info][gc,cpu         ] GC(2624) User=0.00s Sys=0.00s Real=0.01s
[290.463s][info][gc,start       ] GC(2625) Pause Young (Allocation Failure)
[290.470s][info][gc,heap        ] GC(2625) PSYoungGen: 300212K(320000K)->21483K(318464K) Eden: 289280K(289280K)->0K(289280K) From: 10932K(30720K)->21483K(29184K)
[290.470s][info][gc,heap        ] GC(2625) ParOldGen: 200311K(699392K)->200698K(699392K)
[290.470s][info][gc,metaspace   ] GC(2625) Metaspace: 36290K(36672K)->36290K(36672K) NonClass: 32121K(32320K)->32121K(32320K) Class: 4168K(4352K)->4168K(4352K)
[290.470s][info][gc             ] GC(2625) Pause Young (Allocation Failure) 488M->216M(994M) 7.433ms
[290.470s][info][gc,cpu         ] GC(2625) User=0.08s Sys=0.02s Real=0.01s
[290.716s][info][gc,start       ] GC(2626) Pause Young (Allocation Failure)
[290.723s][info][gc,heap        ] GC(2626) PSYoungGen: 306153K(318464K)->18831K(317440K) Eden: 284670K(289280K)->0K(286720K) From: 21483K(29184K)->18831K(30720K)
[290.723s][info][gc,heap        ] GC(2626) ParOldGen: 200698K(699392K)->204996K(699392K)
[290.723s][info][gc,metaspace   ] GC(2626) Metaspace: 36290K(36672K)->36290K(36672K) NonClass: 32121K(32320K)->32121K(32320K) Class: 4168K(4352K)->4168K(4352K)
[290.723s][info][gc             ] GC(2626) Pause Young (Allocation Failure) 494M->218M(993M) 7.591ms
[290.723s][info][gc,cpu         ] GC(2626) User=0.08s Sys=0.00s Real=0.01s
[290.866s][info][gc,start       ] GC(2627) Pause Young (System.gc())
[290.870s][info][gc,heap        ] GC(2627) PSYoungGen: 173561K(317440K)->7386K(317952K) Eden: 154729K(286720K)->0K(286720K) From: 18831K(30720K)->7386K(31232K)
[290.870s][info][gc,heap        ] GC(2627) ParOldGen: 204996K(699392K)->208287K(699392K)
[290.870s][info][gc,metaspace   ] GC(2627) Metaspace: 36290K(36672K)->36290K(36672K) NonClass: 32121K(32320K)->32121K(32320K) Class: 4168K(4352K)->4168K(4352K)
[290.870s][info][gc             ] GC(2627) Pause Young (System.gc()) 369M->210M(993M) 4.224ms
[290.870s][info][gc,cpu         ] GC(2627) User=0.00s Sys=0.00s Real=0.00s
[290.870s][info][gc,start       ] GC(2628) Pause Full (System.gc())
[290.870s][info][gc,phases,start] GC(2628) Marking Phase
[290.887s][info][gc,phases      ] GC(2628) Marking Phase 16.544ms
[290.887s][info][gc,phases,start] GC(2628) Summary Phase
[290.887s][info][gc,phases      ] GC(2628) Summary Phase 0.012ms
[290.887s][info][gc,phases,start] GC(2628) Adjust Roots
[290.891s][info][gc,phases      ] GC(2628) Adjust Roots 3.713ms
[290.891s][info][gc,phases,start] GC(2628) Compaction Phase
[290.899s][info][gc,phases      ] GC(2628) Compaction Phase 8.626ms
[290.899s][info][gc,phases,start] GC(2628) Post Compact
[290.900s][info][gc,phases      ] GC(2628) Post Compact 0.849ms
[290.900s][info][gc,heap        ] GC(2628) PSYoungGen: 7386K(317952K)->0K(317952K) Eden: 0K(286720K)->0K(286720K) From: 7386K(31232K)->0K(31232K)
[290.900s][info][gc,heap        ] GC(2628) ParOldGen: 208287K(699392K)->118222K(699392K)
[290.900s][info][gc,metaspace   ] GC(2628) Metaspace: 36290K(36672K)->36290K(36672K) NonClass: 32121K(32320K)->32121K(32320K) Class: 4168K(4352K)->4168K(4352K)
[290.900s][info][gc             ] GC(2628) Pause Full (System.gc()) 210M->115M(993M) 30.038ms
[290.900s][info][gc,cpu         ] GC(2628) User=0.11s Sys=0.00s Real=0.03s
[290.947s][info][gc,start       ] GC(2629) Pause Young (Allocation Failure)
[290.948s][info][gc,heap        ] GC(2629) PSYoungGen: 286720K(317952K)->192K(317440K) Eden: 286720K(286720K)->0K(286720K) From: 0K(31232K)->192K(30720K)
[290.948s][info][gc,heap        ] GC(2629) ParOldGen: 118222K(699392K)->118222K(699392K)
[290.948s][info][gc,metaspace   ] GC(2629) Metaspace: 36290K(36672K)->36290K(36672K) NonClass: 32121K(32320K)->32121K(32320K) Class: 4168K(4352K)->4168K(4352K)
[290.948s][info][gc             ] GC(2629) Pause Young (Allocation Failure) 395M->115M(993M) 0.418ms
[290.948s][info][gc,cpu         ] GC(2629) User=0.00s Sys=0.00s Real=0.00s
[290.991s][info][gc,start       ] GC(2630) Pause Young (Allocation Failure)
[290.991s][info][gc,heap        ] GC(2630) PSYoungGen: 286912K(317440K)->160K(317952K) Eden: 286720K(286720K)->0K(286720K) From: 192K(30720K)->160K(31232K)
[290.991s][info][gc,heap        ] GC(2630) ParOldGen: 118222K(699392K)->118270K(699392K)
[290.991s][info][gc,metaspace   ] GC(2630) Metaspace: 36290K(36672K)->36290K(36672K) NonClass: 32121K(32320K)->32121K(32320K) Class: 4168K(4352K)->4168K(4352K)
[290.991s][info][gc             ] GC(2630) Pause Young (Allocation Failure) 395M->115M(993M) 0.384ms
[290.991s][info][gc,cpu         ] GC(2630) User=0.00s Sys=0.00s Real=0.00s
[291.036s][info][gc,start       ] GC(2631) Pause Young (Allocation Failure)
[291.036s][info][gc,heap        ] GC(2631) PSYoungGen: 286880K(317952K)->160K(318464K) Eden: 286720K(286720K)->0K(287232K) From: 160K(31232K)->160K(31232K)
[291.036s][info][gc,heap        ] GC(2631) ParOldGen: 118270K(699392K)->118270K(699392K)
[291.036s][info][gc,metaspace   ] GC(2631) Metaspace: 36290K(36672K)->36290K(36672K) NonClass: 32121K(32320K)->32121K(32320K) Class: 4168K(4352K)->4168K(4352K)
[291.036s][info][gc             ] GC(2631) Pause Young (Allocation Failure) 395M->115M(994M) 0.404ms
[291.036s][info][gc,cpu         ] GC(2631) User=0.00s Sys=0.00s Real=0.00s
[291.079s][info][gc,start       ] GC(2632) Pause Young (Allocation Failure)
[291.080s][info][gc,heap        ] GC(2632) PSYoungGen: 287392K(318464K)->128K(317952K) Eden: 287232K(287232K)->0K(287232K) From: 160K(31232K)->128K(30720K)
[291.080s][info][gc,heap        ] GC(2632) ParOldGen: 118270K(699392K)->118270K(699392K)
[291.080s][info][gc,metaspace   ] GC(2632) Metaspace: 36290K(36672K)->36290K(36672K) NonClass: 32121K(32320K)->32121K(32320K) Class: 4168K(4352K)->4168K(4352K)
[291.080s][info][gc             ] GC(2632) Pause Young (Allocation Failure) 396M->115M(993M) 0.437ms
[291.080s][info][gc,cpu         ] GC(2632) User=0.00s Sys=0.00s Real=0.00s
[291.123s][info][gc,start       ] GC(2633) Pause Young (Allocation Failure)
[291.123s][info][gc,heap        ] GC(2633) PSYoungGen: 287360K(317952K)->128K(319488K) Eden: 287232K(287232K)->0K(289280K) From: 128K(30720K)->128K(30208K)
[291.123s][info][gc,heap        ] GC(2633) ParOldGen: 118270K(699392K)->118270K(699392K)
[291.123s][info][gc,metaspace   ] GC(2633) Metaspace: 36290K(36672K)->36290K(36672K) NonClass: 32121K(32320K)->32121K(32320K) Class: 4168K(4352K)->4168K(4352K)
[291.123s][info][gc             ] GC(2633) Pause Young (Allocation Failure) 396M->115M(995M) 0.393ms
[291.123s][info][gc,cpu         ] GC(2633) User=0.00s Sys=0.00s Real=0.00s
[291.167s][info][gc,start       ] GC(2634) Pause Young (Allocation Failure)
[291.168s][info][gc,heap        ] GC(2634) PSYoungGen: 289408K(319488K)->192K(318976K) Eden: 289280K(289280K)->0K(289280K) From: 128K(30208K)->192K(29696K)
[291.168s][info][gc,heap        ] GC(2634) ParOldGen: 118270K(699392K)->118270K(699392K)
[291.168s][info][gc,metaspace   ] GC(2634) Metaspace: 36290K(36672K)->36290K(36672K) NonClass: 32121K(32320K)->32121K(32320K) Class: 4168K(4352K)->4168K(4352K)
[291.168s][info][gc             ] GC(2634) Pause Young (Allocation Failure) 398M->115M(994M) 0.386ms
[291.168s][info][gc,cpu         ] GC(2634) User=0.00s Sys=0.00s Real=0.00s
[291.212s][info][gc,start       ] GC(2635) Pause Young (Allocation Failure)
[291.213s][info][gc,heap        ] GC(2635) PSYoungGen: 289472K(318976K)->192K(321024K) Eden: 289280K(289280K)->0K(292352K) From: 192K(29696K)->192K(28672K)
[291.213s][info][gc,heap        ] GC(2635) ParOldGen: 118270K(699392K)->118270K(699392K)
[291.213s][info][gc,metaspace   ] GC(2635) Metaspace: 36290K(36672K)->36290K(36672K) NonClass: 32121K(32320K)->32121K(32320K) Class: 4168K(4352K)->4168K(4352K)
[291.213s][info][gc             ] GC(2635) Pause Young (Allocation Failure) 398M->115M(996M) 0.393ms
[291.213s][info][gc,cpu         ] GC(2635) User=0.00s Sys=0.00s Real=0.00s
[291.256s][info][gc,start       ] GC(2636) Pause Young (Allocation Failure)
[291.256s][info][gc,heap        ] GC(2636) PSYoungGen: 292544K(321024K)->160K(320512K) Eden: 292352K(292352K)->0K(292352K) From: 192K(28672K)->160K(28160K)
[291.256s][info][gc,heap        ] GC(2636) ParOldGen: 118270K(699392K)->118270K(699392K)
[291.256s][info][gc,metaspace   ] GC(2636) Metaspace: 36290K(36672K)->36290K(36672K) NonClass: 32121K(32320K)->32121K(32320K) Class: 4168K(4352K)->4168K(4352K)
[291.256s][info][gc             ] GC(2636) Pause Young (Allocation Failure) 401M->115M(996M) 0.383ms
[291.256s][info][gc,cpu         ] GC(2636) User=0.00s Sys=0.00s Real=0.00s
[291.300s][info][gc,start       ] GC(2637) Pause Young (Allocation Failure)
[291.301s][info][gc,heap        ] GC(2637) PSYoungGen: 292512K(320512K)->160K(323584K) Eden: 292352K(292352K)->0K(296960K) From: 160K(28160K)->160K(26624K)
[291.301s][info][gc,heap        ] GC(2637) ParOldGen: 118270K(699392K)->118270K(699392K)
[291.301s][info][gc,metaspace   ] GC(2637) Metaspace: 36290K(36672K)->36290K(36672K) NonClass: 32121K(32320K)->32121K(32320K) Class: 4168K(4352K)->4168K(4352K)
[291.301s][info][gc             ] GC(2637) Pause Young (Allocation Failure) 401M->115M(999M) 0.351ms
[291.301s][info][gc,cpu         ] GC(2637) User=0.00s Sys=0.00s Real=0.00s
[291.346s][info][gc,start       ] GC(2638) Pause Young (Allocation Failure)
[291.346s][info][gc,heap        ] GC(2638) PSYoungGen: 297120K(323584K)->192K(322560K) Eden: 296960K(296960K)->0K(296960K) From: 160K(26624K)->192K(25600K)
[291.346s][info][gc,heap        ] GC(2638) ParOldGen: 118270K(699392K)->118270K(699392K)
[291.346s][info][gc,metaspace   ] GC(2638) Metaspace: 36290K(36672K)->36290K(36672K) NonClass: 32121K(32320K)->32121K(32320K) Class: 4168K(4352K)->4168K(4352K)
[291.346s][info][gc             ] GC(2638) Pause Young (Allocation Failure) 405M->115M(998M) 0.395ms
[291.346s][info][gc,cpu         ] GC(2638) User=0.00s Sys=0.00s Real=0.00s
[291.391s][info][gc,start       ] GC(2639) Pause Young (Allocation Failure)
[291.391s][info][gc,heap        ] GC(2639) PSYoungGen: 297152K(322560K)->192K(325632K) Eden: 296960K(296960K)->0K(301056K) From: 192K(25600K)->192K(24576K)
[291.391s][info][gc,heap        ] GC(2639) ParOldGen: 118270K(699392K)->118270K(699392K)
[291.391s][info][gc,metaspace   ] GC(2639) Metaspace: 36290K(36672K)->36290K(36672K) NonClass: 32121K(32320K)->32121K(32320K) Class: 4168K(4352K)->4168K(4352K)
[291.391s][info][gc             ] GC(2639) Pause Young (Allocation Failure) 405M->115M(1001M) 0.384ms
[291.391s][info][gc,cpu         ] GC(2639) User=0.00s Sys=0.00s Real=0.00s
[291.437s][info][gc,start       ] GC(2640) Pause Young (Allocation Failure)
[291.437s][info][gc,heap        ] GC(2640) PSYoungGen: 301248K(325632K)->192K(324608K) Eden: 301056K(301056K)->0K(301056K) From: 192K(24576K)->192K(23552K)
[291.437s][info][gc,heap        ] GC(2640) ParOldGen: 118270K(699392K)->118270K(699392K)
[291.437s][info][gc,metaspace   ] GC(2640) Metaspace: 36290K(36672K)->36290K(36672K) NonClass: 32121K(32320K)->32121K(32320K) Class: 4168K(4352K)->4168K(4352K)
[291.437s][info][gc             ] GC(2640) Pause Young (Allocation Failure) 409M->115M(1000M) 0.466ms
[291.437s][info][gc,cpu         ] GC(2640) User=0.00s Sys=0.00s Real=0.00s
[291.484s][info][gc,start       ] GC(2641) Pause Young (Allocation Failure)
[291.484s][info][gc,heap        ] GC(2641) PSYoungGen: 301248K(324608K)->160K(328192K) Eden: 301056K(301056K)->0K(306176K) From: 192K(23552K)->160K(22016K)
[291.484s][info][gc,heap        ] GC(2641) ParOldGen: 118270K(699392K)->118270K(699392K)
[291.484s][info][gc,metaspace   ] GC(2641) Metaspace: 36290K(36672K)->36290K(36672K) NonClass: 32121K(32320K)->32121K(32320K) Class: 4168K(4352K)->4168K(4352K)
[291.484s][info][gc             ] GC(2641) Pause Young (Allocation Failure) 409M->115M(1003M) 0.423ms
[291.484s][info][gc,cpu         ] GC(2641) User=0.00s Sys=0.00s Real=0.00s
[291.530s][info][gc,start       ] GC(2642) Pause Young (Allocation Failure)
[291.531s][info][gc,heap        ] GC(2642) PSYoungGen: 306336K(328192K)->192K(327168K) Eden: 306176K(306176K)->0K(306176K) From: 160K(22016K)->192K(20992K)
[291.531s][info][gc,heap        ] GC(2642) ParOldGen: 118270K(699392K)->118270K(699392K)
[291.531s][info][gc,metaspace   ] GC(2642) Metaspace: 36290K(36672K)->36290K(36672K) NonClass: 32121K(32320K)->32121K(32320K) Class: 4168K(4352K)->4168K(4352K)
[291.531s][info][gc             ] GC(2642) Pause Young (Allocation Failure) 414M->115M(1002M) 0.388ms
[291.531s][info][gc,cpu         ] GC(2642) User=0.00s Sys=0.00s Real=0.00s
[291.578s][info][gc,start       ] GC(2643) Pause Young (Allocation Failure)
[291.578s][info][gc,heap        ] GC(2643) PSYoungGen: 306368K(327168K)->192K(330752K) Eden: 306176K(306176K)->0K(310784K) From: 192K(20992K)->192K(19968K)
[291.578s][info][gc,heap        ] GC(2643) ParOldGen: 118270K(699392K)->118270K(699392K)
[291.578s][info][gc,metaspace   ] GC(2643) Metaspace: 36290K(36672K)->36290K(36672K) NonClass: 32121K(32320K)->32121K(32320K) Class: 4168K(4352K)->4168K(4352K)
[291.578s][info][gc             ] GC(2643) Pause Young (Allocation Failure) 414M->115M(1006M) 0.420ms
[291.578s][info][gc,cpu         ] GC(2643) User=0.09s Sys=0.00s Real=0.00s
[291.639s][info][gc,start       ] GC(2644) Pause Young (Allocation Failure)
[291.640s][info][gc,heap        ] GC(2644) PSYoungGen: 310976K(330752K)->192K(329216K) Eden: 310784K(310784K)->0K(310784K) From: 192K(19968K)->192K(18432K)
[291.640s][info][gc,heap        ] GC(2644) ParOldGen: 118270K(699392K)->118270K(699392K)
[291.640s][info][gc,metaspace   ] GC(2644) Metaspace: 36290K(36672K)->36290K(36672K) NonClass: 32121K(32320K)->32121K(32320K) Class: 4168K(4352K)->4168K(4352K)
[291.640s][info][gc             ] GC(2644) Pause Young (Allocation Failure) 419M->115M(1004M) 0.480ms
[291.640s][info][gc,cpu         ] GC(2644) User=0.00s Sys=0.00s Real=0.00s
[291.699s][info][gc,start       ] GC(2645) Pause Young (Allocation Failure)
[291.699s][info][gc,heap        ] GC(2645) PSYoungGen: 310976K(329216K)->192K(332800K) Eden: 310784K(310784K)->0K(315392K) From: 192K(18432K)->192K(17408K)
[291.699s][info][gc,heap        ] GC(2645) ParOldGen: 118270K(699392K)->118318K(699392K)
[291.699s][info][gc,metaspace   ] GC(2645) Metaspace: 36290K(36672K)->36290K(36672K) NonClass: 32121K(32320K)->32121K(32320K) Class: 4168K(4352K)->4168K(4352K)
[291.699s][info][gc             ] GC(2645) Pause Young (Allocation Failure) 419M->115M(1008M) 0.425ms
[291.699s][info][gc,cpu         ] GC(2645) User=0.00s Sys=0.00s Real=0.00s
[291.759s][info][gc,start       ] GC(2646) Pause Young (Allocation Failure)
[291.759s][info][gc,heap        ] GC(2646) PSYoungGen: 315584K(332800K)->192K(331776K) Eden: 315392K(315392K)->0K(315392K) From: 192K(17408K)->192K(16384K)
[291.759s][info][gc,heap        ] GC(2646) ParOldGen: 118318K(699392K)->118318K(699392K)
[291.759s][info][gc,metaspace   ] GC(2646) Metaspace: 36290K(36672K)->36290K(36672K) NonClass: 32121K(32320K)->32121K(32320K) Class: 4168K(4352K)->4168K(4352K)
[291.759s][info][gc             ] GC(2646) Pause Young (Allocation Failure) 423M->115M(1007M) 0.446ms
[291.759s][info][gc,cpu         ] GC(2646) User=0.00s Sys=0.00s Real=0.00s
[291.820s][info][gc,start       ] GC(2647) Pause Young (Allocation Failure)
[291.821s][info][gc,heap        ] GC(2647) PSYoungGen: 315584K(331776K)->160K(334848K) Eden: 315392K(315392K)->0K(319488K) From: 192K(16384K)->160K(15360K)
[291.821s][info][gc,heap        ] GC(2647) ParOldGen: 118318K(699392K)->118318K(699392K)
[291.821s][info][gc,metaspace   ] GC(2647) Metaspace: 36290K(36672K)->36290K(36672K) NonClass: 32121K(32320K)->32121K(32320K) Class: 4168K(4352K)->4168K(4352K)
[291.821s][info][gc             ] GC(2647) Pause Young (Allocation Failure) 423M->115M(1010M) 0.380ms
[291.821s][info][gc,cpu         ] GC(2647) User=0.00s Sys=0.00s Real=0.00s
[291.884s][info][gc,start       ] GC(2648) Pause Young (Allocation Failure)
[291.884s][info][gc,heap        ] GC(2648) PSYoungGen: 319648K(334848K)->192K(333824K) Eden: 319488K(319488K)->0K(319488K) From: 160K(15360K)->192K(14336K)
[291.884s][info][gc,heap        ] GC(2648) ParOldGen: 118318K(699392K)->118318K(699392K)
[291.884s][info][gc,metaspace   ] GC(2648) Metaspace: 36290K(36672K)->36290K(36672K) NonClass: 32121K(32320K)->32121K(32320K) Class: 4168K(4352K)->4168K(4352K)
[291.884s][info][gc             ] GC(2648) Pause Young (Allocation Failure) 427M->115M(1009M) 0.421ms
[291.884s][info][gc,cpu         ] GC(2648) User=0.00s Sys=0.00s Real=0.00s
[291.944s][info][gc,start       ] GC(2649) Pause Young (Allocation Failure)
[291.945s][info][gc,heap        ] GC(2649) PSYoungGen: 319680K(333824K)->160K(336384K) Eden: 319488K(319488K)->0K(323072K) From: 192K(14336K)->160K(13312K)
[291.945s][info][gc,heap        ] GC(2649) ParOldGen: 118318K(699392K)->118318K(699392K)
[291.945s][info][gc,metaspace   ] GC(2649) Metaspace: 36290K(36672K)->36290K(36672K) NonClass: 32121K(32320K)->32121K(32320K) Class: 4168K(4352K)->4168K(4352K)
[291.945s][info][gc             ] GC(2649) Pause Young (Allocation Failure) 427M->115M(1011M) 0.464ms
[291.945s][info][gc,cpu         ] GC(2649) User=0.00s Sys=0.00s Real=0.02s
[292.006s][info][gc,start       ] GC(2650) Pause Young (Allocation Failure)
[292.006s][info][gc,heap        ] GC(2650) PSYoungGen: 323232K(336384K)->160K(335872K) Eden: 323072K(323072K)->0K(323072K) From: 160K(13312K)->160K(12800K)
[292.006s][info][gc,heap        ] GC(2650) ParOldGen: 118318K(699392K)->118318K(699392K)
[292.006s][info][gc,metaspace   ] GC(2650) Metaspace: 36290K(36672K)->36290K(36672K) NonClass: 32121K(32320K)->32121K(32320K) Class: 4168K(4352K)->4168K(4352K)
[292.006s][info][gc             ] GC(2650) Pause Young (Allocation Failure) 431M->115M(1011M) 0.470ms
[292.006s][info][gc,cpu         ] GC(2650) User=0.00s Sys=0.00s Real=0.00s
[292.068s][info][gc,start       ] GC(2651) Pause Young (Allocation Failure)
[292.069s][info][gc,heap        ] GC(2651) PSYoungGen: 323232K(335872K)->160K(337920K) Eden: 323072K(323072K)->0K(326144K) From: 160K(12800K)->160K(11776K)
[292.069s][info][gc,heap        ] GC(2651) ParOldGen: 118318K(699392K)->118318K(699392K)
[292.069s][info][gc,metaspace   ] GC(2651) Metaspace: 36290K(36672K)->36290K(36672K) NonClass: 32121K(32320K)->32121K(32320K) Class: 4168K(4352K)->4168K(4352K)
[292.069s][info][gc             ] GC(2651) Pause Young (Allocation Failure) 431M->115M(1013M) 0.418ms
[292.069s][info][gc,cpu         ] GC(2651) User=0.00s Sys=0.00s Real=0.00s
[292.130s][info][gc,start       ] GC(2652) Pause Young (Allocation Failure)
[292.131s][info][gc,heap        ] GC(2652) PSYoungGen: 326304K(337920K)->160K(337408K) Eden: 326144K(326144K)->0K(326144K) From: 160K(11776K)->160K(11264K)
[292.131s][info][gc,heap        ] GC(2652) ParOldGen: 118318K(699392K)->118318K(699392K)
[292.131s][info][gc,metaspace   ] GC(2652) Metaspace: 36290K(36672K)->36290K(36672K) NonClass: 32121K(32320K)->32121K(32320K) Class: 4168K(4352K)->4168K(4352K)
[292.131s][info][gc             ] GC(2652) Pause Young (Allocation Failure) 434M->115M(1012M) 0.438ms
[292.131s][info][gc,cpu         ] GC(2652) User=0.00s Sys=0.00s Real=0.00s
[292.192s][info][gc,start       ] GC(2653) Pause Young (Allocation Failure)
[292.193s][info][gc,heap        ] GC(2653) PSYoungGen: 326304K(337408K)->192K(339456K) Eden: 326144K(326144K)->0K(329216K) From: 160K(11264K)->192K(10240K)
[292.193s][info][gc,heap        ] GC(2653) ParOldGen: 118318K(699392K)->118318K(699392K)
[292.193s][info][gc,metaspace   ] GC(2653) Metaspace: 36290K(36672K)->36290K(36672K) NonClass: 32121K(32320K)->32121K(32320K) Class: 4168K(4352K)->4168K(4352K)
[292.193s][info][gc             ] GC(2653) Pause Young (Allocation Failure) 434M->115M(1014M) 0.421ms
[292.193s][info][gc,cpu         ] GC(2653) User=0.00s Sys=0.00s Real=0.00s
[292.256s][info][gc,start       ] GC(2654) Pause Young (Allocation Failure)
[292.257s][info][gc,heap        ] GC(2654) PSYoungGen: 329408K(339456K)->160K(338944K) Eden: 329216K(329216K)->0K(329216K) From: 192K(10240K)->160K(9728K)
[292.257s][info][gc,heap        ] GC(2654) ParOldGen: 118318K(699392K)->118318K(699392K)
[292.257s][info][gc,metaspace   ] GC(2654) Metaspace: 36290K(36672K)->36290K(36672K) NonClass: 32121K(32320K)->32121K(32320K) Class: 4168K(4352K)->4168K(4352K)
[292.257s][info][gc             ] GC(2654) Pause Young (Allocation Failure) 437M->115M(1014M) 0.422ms
[292.257s][info][gc,cpu         ] GC(2654) User=0.00s Sys=0.00s Real=0.00s
[292.319s][info][gc,start       ] GC(2655) Pause Young (Allocation Failure)
[292.319s][info][gc,heap        ] GC(2655) PSYoungGen: 329376K(338944K)->192K(340992K) Eden: 329216K(329216K)->0K(332288K) From: 160K(9728K)->192K(8704K)
[292.319s][info][gc,heap        ] GC(2655) ParOldGen: 118318K(699392K)->118318K(699392K)
[292.319s][info][gc,metaspace   ] GC(2655) Metaspace: 36290K(36672K)->36290K(36672K) NonClass: 32121K(32320K)->32121K(32320K) Class: 4168K(4352K)->4168K(4352K)
[292.320s][info][gc             ] GC(2655) Pause Young (Allocation Failure) 437M->115M(1016M) 0.411ms
[292.320s][info][gc,cpu         ] GC(2655) User=0.00s Sys=0.00s Real=0.00s
[292.382s][info][gc,start       ] GC(2656) Pause Young (Allocation Failure)
[292.383s][info][gc,heap        ] GC(2656) PSYoungGen: 332480K(340992K)->160K(340480K) Eden: 332288K(332288K)->0K(332288K) From: 192K(8704K)->160K(8192K)
[292.383s][info][gc,heap        ] GC(2656) ParOldGen: 118318K(699392K)->118318K(699392K)
[292.383s][info][gc,metaspace   ] GC(2656) Metaspace: 36290K(36672K)->36290K(36672K) NonClass: 32121K(32320K)->32121K(32320K) Class: 4168K(4352K)->4168K(4352K)
[292.383s][info][gc             ] GC(2656) Pause Young (Allocation Failure) 440M->115M(1015M) 0.415ms
[292.383s][info][gc,cpu         ] GC(2656) User=0.00s Sys=0.00s Real=0.00s
[292.446s][info][gc,start       ] GC(2657) Pause Young (Allocation Failure)
[292.447s][info][gc,heap        ] GC(2657) PSYoungGen: 332448K(340480K)->160K(342016K) Eden: 332288K(332288K)->0K(334336K) From: 160K(8192K)->160K(7680K)
[292.447s][info][gc,heap        ] GC(2657) ParOldGen: 118318K(699392K)->118318K(699392K)
[292.447s][info][gc,metaspace   ] GC(2657) Metaspace: 36290K(36672K)->36290K(36672K) NonClass: 32121K(32320K)->32121K(32320K) Class: 4168K(4352K)->4168K(4352K)
[292.447s][info][gc             ] GC(2657) Pause Young (Allocation Failure) 440M->115M(1017M) 0.485ms
[292.447s][info][gc,cpu         ] GC(2657) User=0.00s Sys=0.00s Real=0.02s
[292.509s][info][gc,start       ] GC(2658) Pause Young (Allocation Failure)
[292.509s][info][gc,heap        ] GC(2658) PSYoungGen: 334496K(342016K)->192K(341504K) Eden: 334336K(334336K)->0K(334336K) From: 160K(7680K)->192K(7168K)
[292.509s][info][gc,heap        ] GC(2658) ParOldGen: 118318K(699392K)->118318K(699392K)
[292.509s][info][gc,metaspace   ] GC(2658) Metaspace: 36290K(36672K)->36290K(36672K) NonClass: 32121K(32320K)->32121K(32320K) Class: 4168K(4352K)->4168K(4352K)
[292.509s][info][gc             ] GC(2658) Pause Young (Allocation Failure) 442M->115M(1016M) 0.419ms
[292.509s][info][gc,cpu         ] GC(2658) User=0.00s Sys=0.00s Real=0.00s
[292.571s][info][gc,start       ] GC(2659) Pause Young (Allocation Failure)
[292.572s][info][gc,heap        ] GC(2659) PSYoungGen: 334528K(341504K)->160K(343040K) Eden: 334336K(334336K)->0K(336384K) From: 192K(7168K)->160K(6656K)
[292.572s][info][gc,heap        ] GC(2659) ParOldGen: 118318K(699392K)->118318K(699392K)
[292.572s][info][gc,metaspace   ] GC(2659) Metaspace: 36290K(36672K)->36290K(36672K) NonClass: 32121K(32320K)->32121K(32320K) Class: 4168K(4352K)->4168K(4352K)
[292.572s][info][gc             ] GC(2659) Pause Young (Allocation Failure) 442M->115M(1018M) 0.427ms
[292.572s][info][gc,cpu         ] GC(2659) User=0.00s Sys=0.00s Real=0.00s
[292.636s][info][gc,start       ] GC(2660) Pause Young (Allocation Failure)
[292.636s][info][gc,heap        ] GC(2660) PSYoungGen: 336544K(343040K)->192K(342528K) Eden: 336384K(336384K)->0K(336384K) From: 160K(6656K)->192K(6144K)
[292.636s][info][gc,heap        ] GC(2660) ParOldGen: 118318K(699392K)->118318K(699392K)
[292.636s][info][gc,metaspace   ] GC(2660) Metaspace: 36290K(36672K)->36290K(36672K) NonClass: 32121K(32320K)->32121K(32320K) Class: 4168K(4352K)->4168K(4352K)
[292.636s][info][gc             ] GC(2660) Pause Young (Allocation Failure) 444M->115M(1017M) 0.394ms
[292.636s][info][gc,cpu         ] GC(2660) User=0.00s Sys=0.00s Real=0.00s
[292.700s][info][gc,start       ] GC(2661) Pause Young (Allocation Failure)
[292.700s][info][gc,heap        ] GC(2661) PSYoungGen: 336576K(342528K)->192K(344064K) Eden: 336384K(336384K)->0K(338432K) From: 192K(6144K)->192K(5632K)
[292.700s][info][gc,heap        ] GC(2661) ParOldGen: 118318K(699392K)->118318K(699392K)
[292.700s][info][gc,metaspace   ] GC(2661) Metaspace: 36290K(36672K)->36290K(36672K) NonClass: 32121K(32320K)->32121K(32320K) Class: 4168K(4352K)->4168K(4352K)
[292.700s][info][gc             ] GC(2661) Pause Young (Allocation Failure) 444M->115M(1019M) 0.408ms
[292.700s][info][gc,cpu         ] GC(2661) User=0.00s Sys=0.00s Real=0.00s
[292.763s][info][gc,start       ] GC(2662) Pause Young (Allocation Failure)
[292.764s][info][gc,heap        ] GC(2662) PSYoungGen: 338624K(344064K)->192K(343552K) Eden: 338432K(338432K)->0K(338432K) From: 192K(5632K)->192K(5120K)
[292.764s][info][gc,heap        ] GC(2662) ParOldGen: 118318K(699392K)->118318K(699392K)
[292.764s][info][gc,metaspace   ] GC(2662) Metaspace: 36290K(36672K)->36290K(36672K) NonClass: 32121K(32320K)->32121K(32320K) Class: 4168K(4352K)->4168K(4352K)
[292.764s][info][gc             ] GC(2662) Pause Young (Allocation Failure) 446M->115M(1018M) 0.409ms
[292.764s][info][gc,cpu         ] GC(2662) User=0.00s Sys=0.00s Real=0.00s
[292.830s][info][gc,start       ] GC(2663) Pause Young (Allocation Failure)
[292.830s][info][gc,heap        ] GC(2663) PSYoungGen: 338624K(343552K)->160K(344576K) Eden: 338432K(338432K)->0K(339456K) From: 192K(5120K)->160K(5120K)
[292.830s][info][gc,heap        ] GC(2663) ParOldGen: 118318K(699392K)->118318K(699392K)
[292.830s][info][gc,metaspace   ] GC(2663) Metaspace: 36290K(36672K)->36290K(36672K) NonClass: 32121K(32320K)->32121K(32320K) Class: 4168K(4352K)->4168K(4352K)
[292.830s][info][gc             ] GC(2663) Pause Young (Allocation Failure) 446M->115M(1019M) 0.539ms
[292.830s][info][gc,cpu         ] GC(2663) User=0.00s Sys=0.00s Real=0.00s
[292.897s][info][gc,start       ] GC(2664) Pause Young (Allocation Failure)
[292.897s][info][gc,heap        ] GC(2664) PSYoungGen: 339616K(344576K)->160K(344064K) Eden: 339456K(339456K)->0K(339456K) From: 160K(5120K)->160K(4608K)
[292.897s][info][gc,heap        ] GC(2664) ParOldGen: 118318K(699392K)->118318K(699392K)
[292.897s][info][gc,metaspace   ] GC(2664) Metaspace: 36290K(36672K)->36290K(36672K) NonClass: 32121K(32320K)->32121K(32320K) Class: 4168K(4352K)->4168K(4352K)
[292.897s][info][gc             ] GC(2664) Pause Young (Allocation Failure) 447M->115M(1019M) 0.462ms
[292.897s][info][gc,cpu         ] GC(2664) User=0.00s Sys=0.00s Real=0.00s
[292.962s][info][gc,start       ] GC(2665) Pause Young (Allocation Failure)
[292.962s][info][gc,heap        ] GC(2665) PSYoungGen: 339616K(344064K)->192K(345088K) Eden: 339456K(339456K)->0K(340992K) From: 160K(4608K)->192K(4096K)
[292.962s][info][gc,heap        ] GC(2665) ParOldGen: 118318K(699392K)->118318K(699392K)
[292.962s][info][gc,metaspace   ] GC(2665) Metaspace: 36290K(36672K)->36290K(36672K) NonClass: 32121K(32320K)->32121K(32320K) Class: 4168K(4352K)->4168K(4352K)
[292.962s][info][gc             ] GC(2665) Pause Young (Allocation Failure) 447M->115M(1020M) 0.424ms
[292.962s][info][gc,cpu         ] GC(2665) User=0.00s Sys=0.00s Real=0.00s
[293.029s][info][gc,start       ] GC(2666) Pause Young (Allocation Failure)
[293.029s][info][gc,heap        ] GC(2666) PSYoungGen: 341184K(345088K)->192K(345088K) Eden: 340992K(340992K)->0K(340992K) From: 192K(4096K)->192K(4096K)
[293.029s][info][gc,heap        ] GC(2666) ParOldGen: 118318K(699392K)->118318K(699392K)
[293.029s][info][gc,metaspace   ] GC(2666) Metaspace: 36290K(36672K)->36290K(36672K) NonClass: 32121K(32320K)->32121K(32320K) Class: 4168K(4352K)->4168K(4352K)
[293.029s][info][gc             ] GC(2666) Pause Young (Allocation Failure) 448M->115M(1020M) 0.393ms
[293.029s][info][gc,cpu         ] GC(2666) User=0.00s Sys=0.00s Real=0.00s
[293.094s][info][gc,start       ] GC(2667) Pause Young (Allocation Failure)
[293.094s][info][gc,heap        ] GC(2667) PSYoungGen: 341184K(345088K)->160K(345600K) Eden: 340992K(340992K)->0K(342016K) From: 192K(4096K)->160K(3584K)
[293.095s][info][gc,heap        ] GC(2667) ParOldGen: 118318K(699392K)->118318K(699392K)
[293.095s][info][gc,metaspace   ] GC(2667) Metaspace: 36290K(36672K)->36290K(36672K) NonClass: 32121K(32320K)->32121K(32320K) Class: 4168K(4352K)->4168K(4352K)
[293.095s][info][gc             ] GC(2667) Pause Young (Allocation Failure) 448M->115M(1020M) 0.425ms
[293.095s][info][gc,cpu         ] GC(2667) User=0.00s Sys=0.00s Real=0.00s
[293.159s][info][gc,start       ] GC(2668) Pause Young (Allocation Failure)
[293.160s][info][gc,heap        ] GC(2668) PSYoungGen: 342176K(345600K)->192K(345600K) Eden: 342016K(342016K)->0K(342016K) From: 160K(3584K)->192K(3584K)
[293.160s][info][gc,heap        ] GC(2668) ParOldGen: 118318K(699392K)->118318K(699392K)
[293.160s][info][gc,metaspace   ] GC(2668) Metaspace: 36290K(36672K)->36290K(36672K) NonClass: 32121K(32320K)->32121K(32320K) Class: 4168K(4352K)->4168K(4352K)
[293.160s][info][gc             ] GC(2668) Pause Young (Allocation Failure) 449M->115M(1020M) 0.449ms
[293.160s][info][gc,cpu         ] GC(2668) User=0.00s Sys=0.00s Real=0.00s
[293.227s][info][gc,start       ] GC(2669) Pause Young (Allocation Failure)
[293.228s][info][gc,heap        ] GC(2669) PSYoungGen: 342208K(345600K)->160K(346112K) Eden: 342016K(342016K)->0K(343040K) From: 192K(3584K)->160K(3072K)
[293.228s][info][gc,heap        ] GC(2669) ParOldGen: 118318K(699392K)->118318K(699392K)
[293.228s][info][gc,metaspace   ] GC(2669) Metaspace: 36290K(36672K)->36290K(36672K) NonClass: 32121K(32320K)->32121K(32320K) Class: 4168K(4352K)->4168K(4352K)
[293.228s][info][gc             ] GC(2669) Pause Young (Allocation Failure) 449M->115M(1021M) 0.447ms
[293.228s][info][gc,cpu         ] GC(2669) User=0.00s Sys=0.00s Real=0.00s
[293.293s][info][gc,start       ] GC(2670) Pause Young (Allocation Failure)
[293.294s][info][gc,heap        ] GC(2670) PSYoungGen: 343200K(346112K)->160K(346112K) Eden: 343040K(343040K)->0K(343040K) From: 160K(3072K)->160K(3072K)
[293.294s][info][gc,heap        ] GC(2670) ParOldGen: 118318K(699392K)->118318K(699392K)
[293.294s][info][gc,metaspace   ] GC(2670) Metaspace: 36290K(36672K)->36290K(36672K) NonClass: 32121K(32320K)->32121K(32320K) Class: 4168K(4352K)->4168K(4352K)
[293.294s][info][gc             ] GC(2670) Pause Young (Allocation Failure) 450M->115M(1021M) 0.423ms
[293.294s][info][gc,cpu         ] GC(2670) User=0.00s Sys=0.00s Real=0.00s
[293.395s][info][gc,start       ] GC(2671) Pause Young (Allocation Failure)
[293.395s][info][gc,heap        ] GC(2671) PSYoungGen: 343200K(346112K)->192K(346624K) Eden: 343040K(343040K)->0K(344064K) From: 160K(3072K)->192K(2560K)
[293.395s][info][gc,heap        ] GC(2671) ParOldGen: 118318K(699392K)->118318K(699392K)
[293.395s][info][gc,metaspace   ] GC(2671) Metaspace: 36290K(36672K)->36290K(36672K) NonClass: 32121K(32320K)->32121K(32320K) Class: 4168K(4352K)->4168K(4352K)
[293.396s][info][gc             ] GC(2671) Pause Young (Allocation Failure) 450M->115M(1021M) 0.463ms
[293.396s][info][gc,cpu         ] GC(2671) User=0.00s Sys=0.00s Real=0.00s
[293.802s][info][gc,start       ] GC(2672) Pause Young (Allocation Failure)
[293.816s][info][gc,heap        ] GC(2672) PSYoungGen: 344256K(346624K)->2539K(346624K) Eden: 344064K(344064K)->0K(344064K) From: 192K(2560K)->2539K(2560K)
[293.816s][info][gc,heap        ] GC(2672) ParOldGen: 118318K(699392K)->154166K(699392K)
[293.816s][info][gc,metaspace   ] GC(2672) Metaspace: 36290K(36672K)->36290K(36672K) NonClass: 32121K(32320K)->32121K(32320K) Class: 4168K(4352K)->4168K(4352K)
[293.816s][info][gc             ] GC(2672) Pause Young (Allocation Failure) 451M->153M(1021M) 13.906ms
[293.816s][info][gc,cpu         ] GC(2672) User=0.09s Sys=0.00s Real=0.01s
[294.129s][info][gc,start       ] GC(2673) Pause Young (Allocation Failure)
[294.146s][info][gc,heap        ] GC(2673) PSYoungGen: 346603K(346624K)->2545K(292352K) Eden: 344064K(344064K)->0K(289792K) From: 2539K(2560K)->2545K(2560K)
[294.146s][info][gc,heap        ] GC(2673) ParOldGen: 154166K(699392K)->194234K(699392K)
[294.146s][info][gc,metaspace   ] GC(2673) Metaspace: 36290K(36672K)->36290K(36672K) NonClass: 32121K(32320K)->32121K(32320K) Class: 4168K(4352K)->4168K(4352K)
[294.146s][info][gc             ] GC(2673) Pause Young (Allocation Failure) 489M->192M(968M) 16.683ms
[294.146s][info][gc,cpu         ] GC(2673) User=0.09s Sys=0.00s Real=0.02s
[294.407s][info][gc,start       ] GC(2674) Pause Young (Allocation Failure)
[294.414s][info][gc,heap        ] GC(2674) PSYoungGen: 292337K(292352K)->21596K(311808K) Eden: 289792K(289792K)->0K(289792K) From: 2545K(2560K)->21596K(22016K)
[294.414s][info][gc,heap        ] GC(2674) ParOldGen: 194234K(699392K)->196163K(699392K)
[294.414s][info][gc,metaspace   ] GC(2674) Metaspace: 36290K(36672K)->36290K(36672K) NonClass: 32121K(32320K)->32121K(32320K) Class: 4168K(4352K)->4168K(4352K)
[294.414s][info][gc             ] GC(2674) Pause Young (Allocation Failure) 475M->212M(987M) 7.438ms
[294.414s][info][gc,cpu         ] GC(2674) User=0.00s Sys=0.00s Real=0.02s
[294.668s][info][gc,start       ] GC(2675) Pause Young (Allocation Failure)
[294.676s][info][gc,heap        ] GC(2675) PSYoungGen: 304715K(311808K)->21056K(312832K) Eden: 283119K(289792K)->0K(280576K) From: 21596K(22016K)->21056K(32256K)
[294.676s][info][gc,heap        ] GC(2675) ParOldGen: 196163K(699392K)->208302K(699392K)
[294.676s][info][gc,metaspace   ] GC(2675) Metaspace: 36290K(36672K)->36290K(36672K) NonClass: 32121K(32320K)->32121K(32320K) Class: 4168K(4352K)->4168K(4352K)
[294.676s][info][gc             ] GC(2675) Pause Young (Allocation Failure) 489M->223M(988M) 8.015ms
[294.676s][info][gc,cpu         ] GC(2675) User=0.09s Sys=0.00s Real=0.01s
[294.939s][info][gc,start       ] GC(2676) Pause Young (Allocation Failure)
[294.944s][info][gc,heap        ] GC(2676) PSYoungGen: 301632K(312832K)->9658K(314880K) Eden: 280576K(280576K)->0K(280576K) From: 21056K(32256K)->9658K(34304K)
[294.944s][info][gc,heap        ] GC(2676) ParOldGen: 208302K(699392K)->209366K(699392K)
[294.944s][info][gc,metaspace   ] GC(2676) Metaspace: 36290K(36672K)->36290K(36672K) NonClass: 32121K(32320K)->32121K(32320K) Class: 4168K(4352K)->4168K(4352K)
[294.944s][info][gc             ] GC(2676) Pause Young (Allocation Failure) 497M->213M(990M) 4.978ms
[294.944s][info][gc,cpu         ] GC(2676) User=0.00s Sys=0.00s Real=0.01s
[295.187s][info][gc,start       ] GC(2677) Pause Young (Allocation Failure)
[295.194s][info][gc,heap        ] GC(2677) PSYoungGen: 286730K(314880K)->21205K(312832K) Eden: 277071K(280576K)->0K(280576K) From: 9658K(34304K)->21205K(32256K)
[295.194s][info][gc,heap        ] GC(2677) ParOldGen: 209366K(699392K)->210026K(699392K)
[295.194s][info][gc,metaspace   ] GC(2677) Metaspace: 36290K(36672K)->36290K(36672K) NonClass: 32121K(32320K)->32121K(32320K) Class: 4168K(4352K)->4168K(4352K)
[295.194s][info][gc             ] GC(2677) Pause Young (Allocation Failure) 484M->225M(988M) 6.941ms
[295.194s][info][gc,cpu         ] GC(2677) User=0.02s Sys=0.00s Real=0.01s
[295.444s][info][gc,start       ] GC(2678) Pause Young (Allocation Failure)
[295.450s][info][gc,heap        ] GC(2678) PSYoungGen: 300909K(312832K)->14610K(314880K) Eden: 279704K(280576K)->0K(280576K) From: 21205K(32256K)->14610K(34304K)
[295.450s][info][gc,heap        ] GC(2678) ParOldGen: 210026K(699392K)->211092K(699392K)
[295.450s][info][gc,metaspace   ] GC(2678) Metaspace: 36290K(36672K)->36290K(36672K) NonClass: 32121K(32320K)->32121K(32320K) Class: 4168K(4352K)->4168K(4352K)
[295.450s][info][gc             ] GC(2678) Pause Young (Allocation Failure) 498M->220M(990M) 5.891ms
[295.450s][info][gc,cpu         ] GC(2678) User=0.00s Sys=0.00s Real=0.01s
[295.690s][info][gc,start       ] GC(2679) Pause Young (Allocation Failure)
[295.696s][info][gc,heap        ] GC(2679) PSYoungGen: 291125K(314880K)->19598K(314368K) Eden: 276515K(280576K)->0K(281600K) From: 14610K(34304K)->19598K(32768K)
[295.696s][info][gc,heap        ] GC(2679) ParOldGen: 211092K(699392K)->211486K(699392K)
[295.696s][info][gc,metaspace   ] GC(2679) Metaspace: 36290K(36672K)->36290K(36672K) NonClass: 32121K(32320K)->32121K(32320K) Class: 4168K(4352K)->4168K(4352K)
[295.696s][info][gc             ] GC(2679) Pause Young (Allocation Failure) 490M->225M(990M) 6.504ms
[295.696s][info][gc,cpu         ] GC(2679) User=0.00s Sys=0.00s Real=0.01s
[295.954s][info][gc,start       ] GC(2680) Pause Young (Allocation Failure)
[295.961s][info][gc,heap        ] GC(2680) PSYoungGen: 298664K(314368K)->20322K(302080K) Eden: 279066K(281600K)->0K(281600K) From: 19598K(32768K)->20322K(20480K)
[295.961s][info][gc,heap        ] GC(2680) ParOldGen: 211486K(699392K)->211900K(699392K)
[295.961s][info][gc,metaspace   ] GC(2680) Metaspace: 36290K(36672K)->36290K(36672K) NonClass: 32121K(32320K)->32121K(32320K) Class: 4168K(4352K)->4168K(4352K)
[295.961s][info][gc             ] GC(2680) Pause Young (Allocation Failure) 498M->226M(978M) 6.880ms
[295.961s][info][gc,cpu         ] GC(2680) User=0.00s Sys=0.00s Real=0.01s
[296.220s][info][gc,start       ] GC(2681) Pause Young (Allocation Failure)
[296.226s][info][gc,heap        ] GC(2681) PSYoungGen: 300909K(302080K)->19547K(313856K) Eden: 280587K(281600K)->0K(279552K) From: 20322K(20480K)->19547K(34304K)
[296.226s][info][gc,heap        ] GC(2681) ParOldGen: 211900K(699392K)->212202K(699392K)
[296.226s][info][gc,metaspace   ] GC(2681) Metaspace: 36290K(36672K)->36290K(36672K) NonClass: 32121K(32320K)->32121K(32320K) Class: 4168K(4352K)->4168K(4352K)
[296.226s][info][gc             ] GC(2681) Pause Young (Allocation Failure) 500M->226M(989M) 6.648ms
[296.226s][info][gc,cpu         ] GC(2681) User=0.00s Sys=0.00s Real=0.01s
[296.472s][info][gc,start       ] GC(2682) Pause Young (Allocation Failure)
[296.478s][info][gc,heap        ] GC(2682) PSYoungGen: 297031K(313856K)->15908K(314368K) Eden: 277483K(279552K)->0K(279552K) From: 19547K(34304K)->15908K(34816K)
[296.478s][info][gc,heap        ] GC(2682) ParOldGen: 212202K(699392K)->212612K(699392K)
[296.478s][info][gc,metaspace   ] GC(2682) Metaspace: 36290K(36672K)->36290K(36672K) NonClass: 32121K(32320K)->32121K(32320K) Class: 4168K(4352K)->4168K(4352K)
[296.478s][info][gc             ] GC(2682) Pause Young (Allocation Failure) 497M->223M(990M) 6.109ms
[296.478s][info][gc,cpu         ] GC(2682) User=0.00s Sys=0.00s Real=0.01s
[296.719s][info][gc,start       ] GC(2683) Pause Young (Allocation Failure)
[296.726s][info][gc,heap        ] GC(2683) PSYoungGen: 295106K(314368K)->20907K(314880K) Eden: 279198K(279552K)->0K(281600K) From: 15908K(34816K)->20907K(33280K)
[296.726s][info][gc,heap        ] GC(2683) ParOldGen: 212612K(699392K)->213031K(699392K)
[296.726s][info][gc,metaspace   ] GC(2683) Metaspace: 36290K(36672K)->36290K(36672K) NonClass: 32121K(32320K)->32121K(32320K) Class: 4168K(4352K)->4168K(4352K)
[296.726s][info][gc             ] GC(2683) Pause Young (Allocation Failure) 495M->228M(990M) 6.580ms
[296.726s][info][gc,cpu         ] GC(2683) User=0.00s Sys=0.00s Real=0.01s
[296.981s][info][gc,start       ] GC(2684) Pause Young (Allocation Failure)
[296.987s][info][gc,heap        ] GC(2684) PSYoungGen: 298899K(314880K)->16090K(315392K) Eden: 277992K(281600K)->0K(281600K) From: 20907K(33280K)->16090K(33792K)
[296.987s][info][gc,heap        ] GC(2684) ParOldGen: 213031K(699392K)->213368K(699392K)
[296.987s][info][gc,metaspace   ] GC(2684) Metaspace: 36290K(36672K)->36290K(36672K) NonClass: 32121K(32320K)->32121K(32320K) Class: 4168K(4352K)->4168K(4352K)
[296.987s][info][gc             ] GC(2684) Pause Young (Allocation Failure) 499M->224M(991M) 6.073ms
[296.987s][info][gc,cpu         ] GC(2684) User=0.09s Sys=0.00s Real=0.01s
[297.238s][info][gc,start       ] GC(2685) Pause Young (Allocation Failure)
[297.244s][info][gc,heap        ] GC(2685) PSYoungGen: 293715K(315392K)->19566K(316416K) Eden: 277625K(281600K)->0K(283648K) From: 16090K(33792K)->19566K(32768K)
[297.244s][info][gc,heap        ] GC(2685) ParOldGen: 213368K(699392K)->214153K(699392K)
[297.244s][info][gc,metaspace   ] GC(2685) Metaspace: 36290K(36672K)->36290K(36672K) NonClass: 32121K(32320K)->32121K(32320K) Class: 4168K(4352K)->4168K(4352K)
[297.244s][info][gc             ] GC(2685) Pause Young (Allocation Failure) 495M->228M(992M) 6.579ms
[297.244s][info][gc,cpu         ] GC(2685) User=0.00s Sys=0.00s Real=0.01s
[297.502s][info][gc,start       ] GC(2686) Pause Young (Allocation Failure)
[297.507s][info][gc,heap        ] GC(2686) PSYoungGen: 302360K(316416K)->11894K(316416K) Eden: 282794K(283648K)->0K(283648K) From: 19566K(32768K)->11894K(32768K)
[297.507s][info][gc,heap        ] GC(2686) ParOldGen: 214153K(699392K)->214540K(699392K)
[297.507s][info][gc,metaspace   ] GC(2686) Metaspace: 36290K(36672K)->36290K(36672K) NonClass: 32121K(32320K)->32121K(32320K) Class: 4168K(4352K)->4168K(4352K)
[297.507s][info][gc             ] GC(2686) Pause Young (Allocation Failure) 504M->221M(992M) 5.430ms
[297.507s][info][gc,cpu         ] GC(2686) User=0.00s Sys=0.00s Real=0.00s
[297.589s][info][gc,start       ] GC(2687) Pause Young (System.gc())
[297.593s][info][gc,heap        ] GC(2687) PSYoungGen: 92358K(316416K)->7043K(317952K) Eden: 80463K(283648K)->0K(286720K) From: 11894K(32768K)->7043K(31232K)
[297.593s][info][gc,heap        ] GC(2687) ParOldGen: 214540K(699392K)->218416K(699392K)
[297.593s][info][gc,metaspace   ] GC(2687) Metaspace: 36290K(36672K)->36290K(36672K) NonClass: 32121K(32320K)->32121K(32320K) Class: 4168K(4352K)->4168K(4352K)
[297.593s][info][gc             ] GC(2687) Pause Young (System.gc()) 299M->220M(993M) 4.363ms
[297.593s][info][gc,cpu         ] GC(2687) User=0.00s Sys=0.00s Real=0.01s
[297.593s][info][gc,start       ] GC(2688) Pause Full (System.gc())
[297.593s][info][gc,phases,start] GC(2688) Marking Phase
[297.609s][info][gc,phases      ] GC(2688) Marking Phase 16.049ms
[297.609s][info][gc,phases,start] GC(2688) Summary Phase
[297.609s][info][gc,phases      ] GC(2688) Summary Phase 0.011ms
[297.609s][info][gc,phases,start] GC(2688) Adjust Roots
[297.614s][info][gc,phases      ] GC(2688) Adjust Roots 4.509ms
[297.614s][info][gc,phases,start] GC(2688) Compaction Phase
[297.622s][info][gc,phases      ] GC(2688) Compaction Phase 8.320ms
[297.622s][info][gc,phases,start] GC(2688) Post Compact
[297.623s][info][gc,phases      ] GC(2688) Post Compact 1.154ms
[297.623s][info][gc,heap        ] GC(2688) PSYoungGen: 7043K(317952K)->0K(317952K) Eden: 0K(286720K)->0K(286720K) From: 7043K(31232K)->0K(31232K)
[297.623s][info][gc,heap        ] GC(2688) ParOldGen: 218416K(699392K)->118105K(699392K)
[297.623s][info][gc,metaspace   ] GC(2688) Metaspace: 36290K(36672K)->36290K(36672K) NonClass: 32121K(32320K)->32121K(32320K) Class: 4168K(4352K)->4168K(4352K)
[297.623s][info][gc             ] GC(2688) Pause Full (System.gc()) 220M->115M(993M) 30.375ms
[297.623s][info][gc,cpu         ] GC(2688) User=0.11s Sys=0.00s Real=0.03s
[297.669s][info][gc,start       ] GC(2689) Pause Young (Allocation Failure)
[297.669s][info][gc,heap        ] GC(2689) PSYoungGen: 286720K(317952K)->192K(287232K) Eden: 286720K(286720K)->0K(286720K) From: 0K(31232K)->192K(512K)
[297.669s][info][gc,heap        ] GC(2689) ParOldGen: 118105K(699392K)->118105K(699392K)
[297.669s][info][gc,metaspace   ] GC(2689) Metaspace: 36290K(36672K)->36290K(36672K) NonClass: 32121K(32320K)->32121K(32320K) Class: 4168K(4352K)->4168K(4352K)
[297.669s][info][gc             ] GC(2689) Pause Young (Allocation Failure) 395M->115M(963M) 0.398ms
[297.669s][info][gc,cpu         ] GC(2689) User=0.00s Sys=0.00s Real=0.00s
[297.712s][info][gc,start       ] GC(2690) Pause Young (Allocation Failure)
[297.713s][info][gc,heap        ] GC(2690) PSYoungGen: 286912K(287232K)->160K(316416K) Eden: 286720K(286720K)->0K(284672K) From: 192K(512K)->160K(31744K)
[297.713s][info][gc,heap        ] GC(2690) ParOldGen: 118105K(699392K)->118153K(699392K)
[297.713s][info][gc,metaspace   ] GC(2690) Metaspace: 36290K(36672K)->36290K(36672K) NonClass: 32121K(32320K)->32121K(32320K) Class: 4168K(4352K)->4168K(4352K)
[297.713s][info][gc             ] GC(2690) Pause Young (Allocation Failure) 395M->115M(992M) 0.374ms
[297.713s][info][gc,cpu         ] GC(2690) User=0.00s Sys=0.00s Real=0.00s
[297.756s][info][gc,start       ] GC(2691) Pause Young (Allocation Failure)
[297.756s][info][gc,heap        ] GC(2691) PSYoungGen: 284832K(316416K)->160K(316928K) Eden: 284672K(284672K)->0K(284672K) From: 160K(31744K)->160K(32256K)
[297.756s][info][gc,heap        ] GC(2691) ParOldGen: 118153K(699392K)->118153K(699392K)
[297.756s][info][gc,metaspace   ] GC(2691) Metaspace: 36290K(36672K)->36290K(36672K) NonClass: 32121K(32320K)->32121K(32320K) Class: 4168K(4352K)->4168K(4352K)
[297.757s][info][gc             ] GC(2691) Pause Young (Allocation Failure) 393M->115M(992M) 0.372ms
[297.757s][info][gc,cpu         ] GC(2691) User=0.00s Sys=0.00s Real=0.00s
[297.800s][info][gc,start       ] GC(2692) Pause Young (Allocation Failure)
[297.800s][info][gc,heap        ] GC(2692) PSYoungGen: 284832K(316928K)->192K(317440K) Eden: 284672K(284672K)->0K(285184K) From: 160K(32256K)->192K(32256K)
[297.800s][info][gc,heap        ] GC(2692) ParOldGen: 118153K(699392K)->118153K(699392K)
[297.800s][info][gc,metaspace   ] GC(2692) Metaspace: 36290K(36672K)->36290K(36672K) NonClass: 32121K(32320K)->32121K(32320K) Class: 4168K(4352K)->4168K(4352K)
[297.800s][info][gc             ] GC(2692) Pause Young (Allocation Failure) 393M->115M(993M) 0.398ms
[297.800s][info][gc,cpu         ] GC(2692) User=0.00s Sys=0.00s Real=0.00s
[297.845s][info][gc,start       ] GC(2693) Pause Young (Allocation Failure)
[297.846s][info][gc,heap        ] GC(2693) PSYoungGen: 285376K(317440K)->192K(316928K) Eden: 285184K(285184K)->0K(285184K) From: 192K(32256K)->192K(31744K)
[297.846s][info][gc,heap        ] GC(2693) ParOldGen: 118153K(699392K)->118153K(699392K)
[297.846s][info][gc,metaspace   ] GC(2693) Metaspace: 36290K(36672K)->36290K(36672K) NonClass: 32121K(32320K)->32121K(32320K) Class: 4168K(4352K)->4168K(4352K)
[297.846s][info][gc             ] GC(2693) Pause Young (Allocation Failure) 394M->115M(992M) 1.575ms
[297.846s][info][gc,cpu         ] GC(2693) User=0.00s Sys=0.00s Real=0.00s
[297.890s][info][gc,start       ] GC(2694) Pause Young (Allocation Failure)
[297.890s][info][gc,heap        ] GC(2694) PSYoungGen: 285376K(316928K)->160K(318976K) Eden: 285184K(285184K)->0K(287744K) From: 192K(31744K)->160K(31232K)
[297.890s][info][gc,heap        ] GC(2694) ParOldGen: 118153K(699392K)->118153K(699392K)
[297.890s][info][gc,metaspace   ] GC(2694) Metaspace: 36290K(36672K)->36290K(36672K) NonClass: 32121K(32320K)->32121K(32320K) Class: 4168K(4352K)->4168K(4352K)
[297.890s][info][gc             ] GC(2694) Pause Young (Allocation Failure) 394M->115M(994M) 0.457ms
[297.890s][info][gc,cpu         ] GC(2694) User=0.00s Sys=0.00s Real=0.00s
[297.935s][info][gc,start       ] GC(2695) Pause Young (Allocation Failure)
[297.936s][info][gc,heap        ] GC(2695) PSYoungGen: 287904K(318976K)->192K(317952K) Eden: 287744K(287744K)->0K(287744K) From: 160K(31232K)->192K(30208K)
[297.936s][info][gc,heap        ] GC(2695) ParOldGen: 118153K(699392K)->118153K(699392K)
[297.936s][info][gc,metaspace   ] GC(2695) Metaspace: 36290K(36672K)->36290K(36672K) NonClass: 32121K(32320K)->32121K(32320K) Class: 4168K(4352K)->4168K(4352K)
[297.936s][info][gc             ] GC(2695) Pause Young (Allocation Failure) 396M->115M(993M) 0.385ms
[297.936s][info][gc,cpu         ] GC(2695) User=0.00s Sys=0.00s Real=0.00s
[297.979s][info][gc,start       ] GC(2696) Pause Young (Allocation Failure)
[297.979s][info][gc,heap        ] GC(2696) PSYoungGen: 287936K(317952K)->160K(321024K) Eden: 287744K(287744K)->0K(291840K) From: 192K(30208K)->160K(29184K)
[297.979s][info][gc,heap        ] GC(2696) ParOldGen: 118153K(699392K)->118153K(699392K)
[297.979s][info][gc,metaspace   ] GC(2696) Metaspace: 36290K(36672K)->36290K(36672K) NonClass: 32121K(32320K)->32121K(32320K) Class: 4168K(4352K)->4168K(4352K)
[297.979s][info][gc             ] GC(2696) Pause Young (Allocation Failure) 396M->115M(996M) 0.386ms
[297.979s][info][gc,cpu         ] GC(2696) User=0.00s Sys=0.00s Real=0.00s
[298.023s][info][gc,start       ] GC(2697) Pause Young (Allocation Failure)
[298.024s][info][gc,heap        ] GC(2697) PSYoungGen: 292000K(321024K)->160K(320000K) Eden: 291840K(291840K)->0K(291840K) From: 160K(29184K)->160K(28160K)
[298.024s][info][gc,heap        ] GC(2697) ParOldGen: 118153K(699392K)->118153K(699392K)
[298.024s][info][gc,metaspace   ] GC(2697) Metaspace: 36290K(36672K)->36290K(36672K) NonClass: 32121K(32320K)->32121K(32320K) Class: 4168K(4352K)->4168K(4352K)
[298.024s][info][gc             ] GC(2697) Pause Young (Allocation Failure) 400M->115M(995M) 0.363ms
[298.024s][info][gc,cpu         ] GC(2697) User=0.00s Sys=0.00s Real=0.00s
[298.068s][info][gc,start       ] GC(2698) Pause Young (Allocation Failure)
[298.068s][info][gc,heap        ] GC(2698) PSYoungGen: 292000K(320000K)->160K(323072K) Eden: 291840K(291840K)->0K(295936K) From: 160K(28160K)->160K(27136K)
[298.068s][info][gc,heap        ] GC(2698) ParOldGen: 118153K(699392K)->118153K(699392K)
[298.068s][info][gc,metaspace   ] GC(2698) Metaspace: 36290K(36672K)->36290K(36672K) NonClass: 32121K(32320K)->32121K(32320K) Class: 4168K(4352K)->4168K(4352K)
[298.068s][info][gc             ] GC(2698) Pause Young (Allocation Failure) 400M->115M(998M) 0.422ms
[298.068s][info][gc,cpu         ] GC(2698) User=0.00s Sys=0.00s Real=0.00s
[298.112s][info][gc,start       ] GC(2699) Pause Young (Allocation Failure)
[298.112s][info][gc,heap        ] GC(2699) PSYoungGen: 296096K(323072K)->160K(322048K) Eden: 295936K(295936K)->0K(295936K) From: 160K(27136K)->160K(26112K)
[298.112s][info][gc,heap        ] GC(2699) ParOldGen: 118153K(699392K)->118153K(699392K)
[298.112s][info][gc,metaspace   ] GC(2699) Metaspace: 36290K(36672K)->36290K(36672K) NonClass: 32121K(32320K)->32121K(32320K) Class: 4168K(4352K)->4168K(4352K)
[298.112s][info][gc             ] GC(2699) Pause Young (Allocation Failure) 404M->115M(997M) 0.379ms
[298.112s][info][gc,cpu         ] GC(2699) User=0.00s Sys=0.00s Real=0.00s
[298.157s][info][gc,start       ] GC(2700) Pause Young (Allocation Failure)
[298.157s][info][gc,heap        ] GC(2700) PSYoungGen: 296096K(322048K)->192K(325632K) Eden: 295936K(295936K)->0K(301056K) From: 160K(26112K)->192K(24576K)
[298.157s][info][gc,heap        ] GC(2700) ParOldGen: 118153K(699392K)->118153K(699392K)
[298.157s][info][gc,metaspace   ] GC(2700) Metaspace: 36290K(36672K)->36290K(36672K) NonClass: 32121K(32320K)->32121K(32320K) Class: 4168K(4352K)->4168K(4352K)
[298.157s][info][gc             ] GC(2700) Pause Young (Allocation Failure) 404M->115M(1001M) 0.393ms
[298.157s][info][gc,cpu         ] GC(2700) User=0.00s Sys=0.00s Real=0.00s
[298.205s][info][gc,start       ] GC(2701) Pause Young (Allocation Failure)
[298.205s][info][gc,heap        ] GC(2701) PSYoungGen: 301248K(325632K)->192K(324608K) Eden: 301056K(301056K)->0K(301056K) From: 192K(24576K)->192K(23552K)
[298.205s][info][gc,heap        ] GC(2701) ParOldGen: 118153K(699392K)->118153K(699392K)
[298.205s][info][gc,metaspace   ] GC(2701) Metaspace: 36290K(36672K)->36290K(36672K) NonClass: 32121K(32320K)->32121K(32320K) Class: 4168K(4352K)->4168K(4352K)
[298.205s][info][gc             ] GC(2701) Pause Young (Allocation Failure) 409M->115M(1000M) 0.505ms
[298.205s][info][gc,cpu         ] GC(2701) User=0.00s Sys=0.00s Real=0.00s
[298.251s][info][gc,start       ] GC(2702) Pause Young (Allocation Failure)
[298.251s][info][gc,heap        ] GC(2702) PSYoungGen: 301248K(324608K)->160K(328192K) Eden: 301056K(301056K)->0K(306176K) From: 192K(23552K)->160K(22016K)
[298.251s][info][gc,heap        ] GC(2702) ParOldGen: 118153K(699392K)->118153K(699392K)
[298.251s][info][gc,metaspace   ] GC(2702) Metaspace: 36290K(36672K)->36290K(36672K) NonClass: 32121K(32320K)->32121K(32320K) Class: 4168K(4352K)->4168K(4352K)
[298.251s][info][gc             ] GC(2702) Pause Young (Allocation Failure) 409M->115M(1003M) 0.415ms
[298.251s][info][gc,cpu         ] GC(2702) User=0.00s Sys=0.00s Real=0.00s
[298.299s][info][gc,start       ] GC(2703) Pause Young (Allocation Failure)
[298.299s][info][gc,heap        ] GC(2703) PSYoungGen: 306336K(328192K)->128K(327168K) Eden: 306176K(306176K)->0K(306176K) From: 160K(22016K)->128K(20992K)
[298.299s][info][gc,heap        ] GC(2703) ParOldGen: 118153K(699392K)->118153K(699392K)
[298.299s][info][gc,metaspace   ] GC(2703) Metaspace: 36290K(36672K)->36290K(36672K) NonClass: 32121K(32320K)->32121K(32320K) Class: 4168K(4352K)->4168K(4352K)
[298.299s][info][gc             ] GC(2703) Pause Young (Allocation Failure) 414M->115M(1002M) 0.386ms
[298.299s][info][gc,cpu         ] GC(2703) User=0.00s Sys=0.00s Real=0.00s
[298.361s][info][gc,start       ] GC(2704) Pause Young (Allocation Failure)
[298.361s][info][gc,heap        ] GC(2704) PSYoungGen: 306304K(327168K)->192K(330752K) Eden: 306176K(306176K)->0K(310784K) From: 128K(20992K)->192K(19968K)
[298.361s][info][gc,heap        ] GC(2704) ParOldGen: 118153K(699392K)->118153K(699392K)
[298.361s][info][gc,metaspace   ] GC(2704) Metaspace: 36290K(36672K)->36290K(36672K) NonClass: 32121K(32320K)->32121K(32320K) Class: 4168K(4352K)->4168K(4352K)
[298.361s][info][gc             ] GC(2704) Pause Young (Allocation Failure) 414M->115M(1006M) 0.459ms
[298.361s][info][gc,cpu         ] GC(2704) User=0.00s Sys=0.00s Real=0.00s
[298.421s][info][gc,start       ] GC(2705) Pause Young (Allocation Failure)
[298.422s][info][gc,heap        ] GC(2705) PSYoungGen: 310976K(330752K)->160K(329216K) Eden: 310784K(310784K)->0K(310784K) From: 192K(19968K)->160K(18432K)
[298.422s][info][gc,heap        ] GC(2705) ParOldGen: 118153K(699392K)->118201K(699392K)
[298.422s][info][gc,metaspace   ] GC(2705) Metaspace: 36290K(36672K)->36290K(36672K) NonClass: 32121K(32320K)->32121K(32320K) Class: 4168K(4352K)->4168K(4352K)
[298.422s][info][gc             ] GC(2705) Pause Young (Allocation Failure) 419M->115M(1004M) 0.456ms
[298.422s][info][gc,cpu         ] GC(2705) User=0.09s Sys=0.00s Real=0.00s
[298.480s][info][gc,start       ] GC(2706) Pause Young (Allocation Failure)
[298.480s][info][gc,heap        ] GC(2706) PSYoungGen: 310944K(329216K)->160K(332800K) Eden: 310784K(310784K)->0K(315392K) From: 160K(18432K)->160K(17408K)
[298.480s][info][gc,heap        ] GC(2706) ParOldGen: 118201K(699392K)->118201K(699392K)
[298.480s][info][gc,metaspace   ] GC(2706) Metaspace: 36290K(36672K)->36290K(36672K) NonClass: 32121K(32320K)->32121K(32320K) Class: 4168K(4352K)->4168K(4352K)
[298.480s][info][gc             ] GC(2706) Pause Young (Allocation Failure) 419M->115M(1008M) 0.443ms
[298.480s][info][gc,cpu         ] GC(2706) User=0.00s Sys=0.00s Real=0.00s
[298.540s][info][gc,start       ] GC(2707) Pause Young (Allocation Failure)
[298.540s][info][gc,heap        ] GC(2707) PSYoungGen: 315552K(332800K)->160K(331776K) Eden: 315392K(315392K)->0K(315392K) From: 160K(17408K)->160K(16384K)
[298.540s][info][gc,heap        ] GC(2707) ParOldGen: 118201K(699392K)->118201K(699392K)
[298.540s][info][gc,metaspace   ] GC(2707) Metaspace: 36290K(36672K)->36290K(36672K) NonClass: 32121K(32320K)->32121K(32320K) Class: 4168K(4352K)->4168K(4352K)
[298.540s][info][gc             ] GC(2707) Pause Young (Allocation Failure) 423M->115M(1007M) 0.400ms
[298.540s][info][gc,cpu         ] GC(2707) User=0.00s Sys=0.00s Real=0.00s
[298.602s][info][gc,start       ] GC(2708) Pause Young (Allocation Failure)
[298.602s][info][gc,heap        ] GC(2708) PSYoungGen: 315552K(331776K)->160K(334848K) Eden: 315392K(315392K)->0K(319488K) From: 160K(16384K)->160K(15360K)
[298.602s][info][gc,heap        ] GC(2708) ParOldGen: 118201K(699392K)->118201K(699392K)
[298.602s][info][gc,metaspace   ] GC(2708) Metaspace: 36290K(36672K)->36290K(36672K) NonClass: 32121K(32320K)->32121K(32320K) Class: 4168K(4352K)->4168K(4352K)
[298.602s][info][gc             ] GC(2708) Pause Young (Allocation Failure) 423M->115M(1010M) 0.377ms
[298.602s][info][gc,cpu         ] GC(2708) User=0.00s Sys=0.00s Real=0.00s
[298.666s][info][gc,start       ] GC(2709) Pause Young (Allocation Failure)
[298.666s][info][gc,heap        ] GC(2709) PSYoungGen: 319648K(334848K)->192K(333824K) Eden: 319488K(319488K)->0K(319488K) From: 160K(15360K)->192K(14336K)
[298.666s][info][gc,heap        ] GC(2709) ParOldGen: 118201K(699392K)->118201K(699392K)
[298.666s][info][gc,metaspace   ] GC(2709) Metaspace: 36290K(36672K)->36290K(36672K) NonClass: 32121K(32320K)->32121K(32320K) Class: 4168K(4352K)->4168K(4352K)
[298.666s][info][gc             ] GC(2709) Pause Young (Allocation Failure) 427M->115M(1009M) 0.403ms
[298.666s][info][gc,cpu         ] GC(2709) User=0.00s Sys=0.00s Real=0.00s
[298.727s][info][gc,start       ] GC(2710) Pause Young (Allocation Failure)
[298.727s][info][gc,heap        ] GC(2710) PSYoungGen: 319680K(333824K)->192K(336384K) Eden: 319488K(319488K)->0K(323072K) From: 192K(14336K)->192K(13312K)
[298.728s][info][gc,heap        ] GC(2710) ParOldGen: 118201K(699392K)->118201K(699392K)
[298.728s][info][gc,metaspace   ] GC(2710) Metaspace: 36290K(36672K)->36290K(36672K) NonClass: 32121K(32320K)->32121K(32320K) Class: 4168K(4352K)->4168K(4352K)
[298.728s][info][gc             ] GC(2710) Pause Young (Allocation Failure) 427M->115M(1011M) 0.386ms
[298.728s][info][gc,cpu         ] GC(2710) User=0.00s Sys=0.00s Real=0.00s
[298.790s][info][gc,start       ] GC(2711) Pause Young (Allocation Failure)
[298.790s][info][gc,heap        ] GC(2711) PSYoungGen: 323264K(336384K)->160K(335872K) Eden: 323072K(323072K)->0K(323072K) From: 192K(13312K)->160K(12800K)
[298.790s][info][gc,heap        ] GC(2711) ParOldGen: 118201K(699392K)->118201K(699392K)
[298.790s][info][gc,metaspace   ] GC(2711) Metaspace: 36290K(36672K)->36290K(36672K) NonClass: 32121K(32320K)->32121K(32320K) Class: 4168K(4352K)->4168K(4352K)
[298.790s][info][gc             ] GC(2711) Pause Young (Allocation Failure) 431M->115M(1011M) 0.414ms
[298.791s][info][gc,cpu         ] GC(2711) User=0.00s Sys=0.00s Real=0.00s
[298.853s][info][gc,start       ] GC(2712) Pause Young (Allocation Failure)
[298.853s][info][gc,heap        ] GC(2712) PSYoungGen: 323232K(335872K)->192K(338432K) Eden: 323072K(323072K)->0K(326656K) From: 160K(12800K)->192K(11776K)
[298.854s][info][gc,heap        ] GC(2712) ParOldGen: 118201K(699392K)->118201K(699392K)
[298.854s][info][gc,metaspace   ] GC(2712) Metaspace: 36290K(36672K)->36290K(36672K) NonClass: 32121K(32320K)->32121K(32320K) Class: 4168K(4352K)->4168K(4352K)
[298.854s][info][gc             ] GC(2712) Pause Young (Allocation Failure) 431M->115M(1013M) 0.403ms
[298.854s][info][gc,cpu         ] GC(2712) User=0.00s Sys=0.00s Real=0.00s
[298.916s][info][gc,start       ] GC(2713) Pause Young (Allocation Failure)
[298.916s][info][gc,heap        ] GC(2713) PSYoungGen: 326848K(338432K)->192K(337408K) Eden: 326656K(326656K)->0K(326656K) From: 192K(11776K)->192K(10752K)
[298.916s][info][gc,heap        ] GC(2713) ParOldGen: 118201K(699392K)->118201K(699392K)
[298.916s][info][gc,metaspace   ] GC(2713) Metaspace: 36290K(36672K)->36290K(36672K) NonClass: 32121K(32320K)->32121K(32320K) Class: 4168K(4352K)->4168K(4352K)
[298.916s][info][gc             ] GC(2713) Pause Young (Allocation Failure) 434M->115M(1012M) 0.450ms
[298.916s][info][gc,cpu         ] GC(2713) User=0.00s Sys=0.00s Real=0.00s
[298.979s][info][gc,start       ] GC(2714) Pause Young (Allocation Failure)
[298.980s][info][gc,heap        ] GC(2714) PSYoungGen: 326848K(337408K)->192K(339456K) Eden: 326656K(326656K)->0K(329216K) From: 192K(10752K)->192K(10240K)
[298.980s][info][gc,heap        ] GC(2714) ParOldGen: 118201K(699392K)->118201K(699392K)
[298.980s][info][gc,metaspace   ] GC(2714) Metaspace: 36290K(36672K)->36290K(36672K) NonClass: 32121K(32320K)->32121K(32320K) Class: 4168K(4352K)->4168K(4352K)
[298.980s][info][gc             ] GC(2714) Pause Young (Allocation Failure) 434M->115M(1014M) 0.385ms
[298.980s][info][gc,cpu         ] GC(2714) User=0.00s Sys=0.00s Real=0.00s
[299.041s][info][gc,start       ] GC(2715) Pause Young (Allocation Failure)
[299.041s][info][gc,heap        ] GC(2715) PSYoungGen: 329408K(339456K)->192K(338944K) Eden: 329216K(329216K)->0K(329216K) From: 192K(10240K)->192K(9728K)
[299.041s][info][gc,heap        ] GC(2715) ParOldGen: 118201K(699392K)->118201K(699392K)
[299.041s][info][gc,metaspace   ] GC(2715) Metaspace: 36290K(36672K)->36290K(36672K) NonClass: 32121K(32320K)->32121K(32320K) Class: 4168K(4352K)->4168K(4352K)
[299.041s][info][gc             ] GC(2715) Pause Young (Allocation Failure) 437M->115M(1014M) 0.410ms
[299.041s][info][gc,cpu         ] GC(2715) User=0.00s Sys=0.00s Real=0.00s
[299.100s][info][gc,start       ] GC(2716) Pause Young (Allocation Failure)
[299.100s][info][gc,heap        ] GC(2716) PSYoungGen: 329408K(338944K)->192K(340992K) Eden: 329216K(329216K)->0K(332288K) From: 192K(9728K)->192K(8704K)
[299.100s][info][gc,heap        ] GC(2716) ParOldGen: 118201K(699392K)->118201K(699392K)
[299.100s][info][gc,metaspace   ] GC(2716) Metaspace: 36290K(36672K)->36290K(36672K) NonClass: 32121K(32320K)->32121K(32320K) Class: 4168K(4352K)->4168K(4352K)
[299.100s][info][gc             ] GC(2716) Pause Young (Allocation Failure) 437M->115M(1016M) 0.430ms
[299.100s][info][gc,cpu         ] GC(2716) User=0.00s Sys=0.00s Real=0.00s
[299.162s][info][gc,start       ] GC(2717) Pause Young (Allocation Failure)
[299.162s][info][gc,heap        ] GC(2717) PSYoungGen: 332480K(340992K)->192K(340480K) Eden: 332288K(332288K)->0K(332288K) From: 192K(8704K)->192K(8192K)
[299.162s][info][gc,heap        ] GC(2717) ParOldGen: 118201K(699392K)->118201K(699392K)
[299.162s][info][gc,metaspace   ] GC(2717) Metaspace: 36290K(36672K)->36290K(36672K) NonClass: 32121K(32320K)->32121K(32320K) Class: 4168K(4352K)->4168K(4352K)
[299.162s][info][gc             ] GC(2717) Pause Young (Allocation Failure) 440M->115M(1015M) 0.437ms
[299.162s][info][gc,cpu         ] GC(2717) User=0.00s Sys=0.00s Real=0.00s
[299.226s][info][gc,start       ] GC(2718) Pause Young (Allocation Failure)
[299.227s][info][gc,heap        ] GC(2718) PSYoungGen: 332480K(340480K)->192K(342016K) Eden: 332288K(332288K)->0K(334336K) From: 192K(8192K)->192K(7680K)
[299.227s][info][gc,heap        ] GC(2718) ParOldGen: 118201K(699392K)->118201K(699392K)
[299.227s][info][gc,metaspace   ] GC(2718) Metaspace: 36290K(36672K)->36290K(36672K) NonClass: 32121K(32320K)->32121K(32320K) Class: 4168K(4352K)->4168K(4352K)
[299.227s][info][gc             ] GC(2718) Pause Young (Allocation Failure) 440M->115M(1017M) 0.411ms
[299.227s][info][gc,cpu         ] GC(2718) User=0.00s Sys=0.00s Real=0.00s
[299.290s][info][gc,start       ] GC(2719) Pause Young (Allocation Failure)
[299.290s][info][gc,heap        ] GC(2719) PSYoungGen: 334528K(342016K)->160K(341504K) Eden: 334336K(334336K)->0K(334336K) From: 192K(7680K)->160K(7168K)
[299.290s][info][gc,heap        ] GC(2719) ParOldGen: 118201K(699392K)->118201K(699392K)
[299.291s][info][gc,metaspace   ] GC(2719) Metaspace: 36290K(36672K)->36290K(36672K) NonClass: 32121K(32320K)->32121K(32320K) Class: 4168K(4352K)->4168K(4352K)
[299.291s][info][gc             ] GC(2719) Pause Young (Allocation Failure) 442M->115M(1016M) 0.443ms
[299.291s][info][gc,cpu         ] GC(2719) User=0.00s Sys=0.00s Real=0.00s
[299.354s][info][gc,start       ] GC(2720) Pause Young (Allocation Failure)
[299.354s][info][gc,heap        ] GC(2720) PSYoungGen: 334496K(341504K)->160K(343040K) Eden: 334336K(334336K)->0K(336384K) From: 160K(7168K)->160K(6656K)
[299.354s][info][gc,heap        ] GC(2720) ParOldGen: 118201K(699392K)->118201K(699392K)
[299.354s][info][gc,metaspace   ] GC(2720) Metaspace: 36290K(36672K)->36290K(36672K) NonClass: 32121K(32320K)->32121K(32320K) Class: 4168K(4352K)->4168K(4352K)
[299.354s][info][gc             ] GC(2720) Pause Young (Allocation Failure) 442M->115M(1018M) 0.485ms
[299.354s][info][gc,cpu         ] GC(2720) User=0.00s Sys=0.00s Real=0.00s
[299.419s][info][gc,start       ] GC(2721) Pause Young (Allocation Failure)
[299.420s][info][gc,heap        ] GC(2721) PSYoungGen: 336544K(343040K)->160K(342528K) Eden: 336384K(336384K)->0K(336384K) From: 160K(6656K)->160K(6144K)
[299.420s][info][gc,heap        ] GC(2721) ParOldGen: 118201K(699392K)->118201K(699392K)
[299.420s][info][gc,metaspace   ] GC(2721) Metaspace: 36290K(36672K)->36290K(36672K) NonClass: 32121K(32320K)->32121K(32320K) Class: 4168K(4352K)->4168K(4352K)
[299.420s][info][gc             ] GC(2721) Pause Young (Allocation Failure) 444M->115M(1017M) 0.408ms
[299.420s][info][gc,cpu         ] GC(2721) User=0.00s Sys=0.00s Real=0.00s
[299.481s][info][gc,start       ] GC(2722) Pause Young (Allocation Failure)
[299.482s][info][gc,heap        ] GC(2722) PSYoungGen: 336544K(342528K)->192K(344064K) Eden: 336384K(336384K)->0K(338432K) From: 160K(6144K)->192K(5632K)
[299.482s][info][gc,heap        ] GC(2722) ParOldGen: 118201K(699392K)->118201K(699392K)
[299.482s][info][gc,metaspace   ] GC(2722) Metaspace: 36290K(36672K)->36290K(36672K) NonClass: 32121K(32320K)->32121K(32320K) Class: 4168K(4352K)->4168K(4352K)
[299.482s][info][gc             ] GC(2722) Pause Young (Allocation Failure) 444M->115M(1019M) 0.419ms
[299.482s][info][gc,cpu         ] GC(2722) User=0.00s Sys=0.00s Real=0.00s
[299.546s][info][gc,start       ] GC(2723) Pause Young (Allocation Failure)
[299.546s][info][gc,heap        ] GC(2723) PSYoungGen: 338624K(344064K)->160K(343552K) Eden: 338432K(338432K)->0K(338432K) From: 192K(5632K)->160K(5120K)
[299.546s][info][gc,heap        ] GC(2723) ParOldGen: 118201K(699392K)->118201K(699392K)
[299.546s][info][gc,metaspace   ] GC(2723) Metaspace: 36290K(36672K)->36290K(36672K) NonClass: 32121K(32320K)->32121K(32320K) Class: 4168K(4352K)->4168K(4352K)
[299.546s][info][gc             ] GC(2723) Pause Young (Allocation Failure) 446M->115M(1018M) 0.425ms
[299.546s][info][gc,cpu         ] GC(2723) User=0.00s Sys=0.00s Real=0.00s
[299.611s][info][gc,start       ] GC(2724) Pause Young (Allocation Failure)
[299.612s][info][gc,heap        ] GC(2724) PSYoungGen: 338592K(343552K)->160K(344576K) Eden: 338432K(338432K)->0K(339456K) From: 160K(5120K)->160K(5120K)
[299.612s][info][gc,heap        ] GC(2724) ParOldGen: 118201K(699392K)->118201K(699392K)
[299.612s][info][gc,metaspace   ] GC(2724) Metaspace: 36290K(36672K)->36290K(36672K) NonClass: 32121K(32320K)->32121K(32320K) Class: 4168K(4352K)->4168K(4352K)
[299.612s][info][gc             ] GC(2724) Pause Young (Allocation Failure) 446M->115M(1019M) 0.433ms
[299.612s][info][gc,cpu         ] GC(2724) User=0.00s Sys=0.00s Real=0.00s
[299.675s][info][gc,start       ] GC(2725) Pause Young (Allocation Failure)
[299.675s][info][gc,heap        ] GC(2725) PSYoungGen: 339616K(344576K)->192K(344064K) Eden: 339456K(339456K)->0K(339456K) From: 160K(5120K)->192K(4608K)
[299.675s][info][gc,heap        ] GC(2725) ParOldGen: 118201K(699392K)->118201K(699392K)
[299.675s][info][gc,metaspace   ] GC(2725) Metaspace: 36290K(36672K)->36290K(36672K) NonClass: 32121K(32320K)->32121K(32320K) Class: 4168K(4352K)->4168K(4352K)
[299.675s][info][gc             ] GC(2725) Pause Young (Allocation Failure) 447M->115M(1019M) 0.398ms
[299.675s][info][gc,cpu         ] GC(2725) User=0.00s Sys=0.00s Real=0.00s
[299.740s][info][gc,start       ] GC(2726) Pause Young (Allocation Failure)
[299.740s][info][gc,heap        ] GC(2726) PSYoungGen: 339648K(344064K)->192K(345088K) Eden: 339456K(339456K)->0K(340992K) From: 192K(4608K)->192K(4096K)
[299.740s][info][gc,heap        ] GC(2726) ParOldGen: 118201K(699392K)->118201K(699392K)
[299.740s][info][gc,metaspace   ] GC(2726) Metaspace: 36290K(36672K)->36290K(36672K) NonClass: 32121K(32320K)->32121K(32320K) Class: 4168K(4352K)->4168K(4352K)
[299.740s][info][gc             ] GC(2726) Pause Young (Allocation Failure) 447M->115M(1020M) 0.432ms
[299.740s][info][gc,cpu         ] GC(2726) User=0.00s Sys=0.00s Real=0.00s
[299.804s][info][gc,start       ] GC(2727) Pause Young (Allocation Failure)
[299.805s][info][gc,heap        ] GC(2727) PSYoungGen: 341184K(345088K)->160K(345088K) Eden: 340992K(340992K)->0K(340992K) From: 192K(4096K)->160K(4096K)
[299.805s][info][gc,heap        ] GC(2727) ParOldGen: 118201K(699392K)->118201K(699392K)
[299.805s][info][gc,metaspace   ] GC(2727) Metaspace: 36290K(36672K)->36290K(36672K) NonClass: 32121K(32320K)->32121K(32320K) Class: 4168K(4352K)->4168K(4352K)
[299.805s][info][gc             ] GC(2727) Pause Young (Allocation Failure) 448M->115M(1020M) 0.421ms
[299.805s][info][gc,cpu         ] GC(2727) User=0.00s Sys=0.00s Real=0.00s
[299.872s][info][gc,start       ] GC(2728) Pause Young (Allocation Failure)
[299.872s][info][gc,heap        ] GC(2728) PSYoungGen: 341152K(345088K)->160K(345600K) Eden: 340992K(340992K)->0K(342016K) From: 160K(4096K)->160K(3584K)
[299.872s][info][gc,heap        ] GC(2728) ParOldGen: 118201K(699392K)->118201K(699392K)
[299.872s][info][gc,metaspace   ] GC(2728) Metaspace: 36290K(36672K)->36290K(36672K) NonClass: 32121K(32320K)->32121K(32320K) Class: 4168K(4352K)->4168K(4352K)
[299.872s][info][gc             ] GC(2728) Pause Young (Allocation Failure) 448M->115M(1020M) 0.434ms
[299.872s][info][gc,cpu         ] GC(2728) User=0.00s Sys=0.00s Real=0.00s
[299.937s][info][gc,start       ] GC(2729) Pause Young (Allocation Failure)
[299.938s][info][gc,heap        ] GC(2729) PSYoungGen: 342176K(345600K)->160K(345600K) Eden: 342016K(342016K)->0K(342016K) From: 160K(3584K)->160K(3584K)
[299.938s][info][gc,heap        ] GC(2729) ParOldGen: 118201K(699392K)->118201K(699392K)
[299.938s][info][gc,metaspace   ] GC(2729) Metaspace: 36290K(36672K)->36290K(36672K) NonClass: 32121K(32320K)->32121K(32320K) Class: 4168K(4352K)->4168K(4352K)
[299.938s][info][gc             ] GC(2729) Pause Young (Allocation Failure) 449M->115M(1020M) 0.418ms
[299.938s][info][gc,cpu         ] GC(2729) User=0.00s Sys=0.00s Real=0.00s
[300.006s][info][gc,start       ] GC(2730) Pause Young (Allocation Failure)
[300.006s][info][gc,heap        ] GC(2730) PSYoungGen: 342176K(345600K)->160K(346112K) Eden: 342016K(342016K)->0K(343040K) From: 160K(3584K)->160K(3072K)
[300.006s][info][gc,heap        ] GC(2730) ParOldGen: 118201K(699392K)->118201K(699392K)
[300.006s][info][gc,metaspace   ] GC(2730) Metaspace: 36290K(36672K)->36290K(36672K) NonClass: 32121K(32320K)->32121K(32320K) Class: 4168K(4352K)->4168K(4352K)
[300.006s][info][gc             ] GC(2730) Pause Young (Allocation Failure) 449M->115M(1021M) 0.448ms
[300.006s][info][gc,cpu         ] GC(2730) User=0.00s Sys=0.00s Real=0.00s
[300.096s][info][gc,start       ] GC(2731) Pause Young (Allocation Failure)
[300.096s][info][gc,heap        ] GC(2731) PSYoungGen: 343200K(346112K)->192K(346112K) Eden: 343040K(343040K)->0K(343040K) From: 160K(3072K)->192K(3072K)
[300.096s][info][gc,heap        ] GC(2731) ParOldGen: 118201K(699392K)->118201K(699392K)
[300.096s][info][gc,metaspace   ] GC(2731) Metaspace: 36290K(36672K)->36290K(36672K) NonClass: 32121K(32320K)->32121K(32320K) Class: 4168K(4352K)->4168K(4352K)
[300.096s][info][gc             ] GC(2731) Pause Young (Allocation Failure) 450M->115M(1021M) 0.433ms
[300.096s][info][gc,cpu         ] GC(2731) User=0.00s Sys=0.00s Real=0.00s
[300.454s][info][gc,start       ] GC(2732) Pause Young (Allocation Failure)
[300.470s][info][gc,heap        ] GC(2732) PSYoungGen: 339857K(346112K)->2552K(311808K) Eden: 339665K(343040K)->0K(309248K) From: 192K(3072K)->2552K(2560K)
[300.470s][info][gc,heap        ] GC(2732) ParOldGen: 118201K(699392K)->163660K(699392K)
[300.470s][info][gc,metaspace   ] GC(2732) Metaspace: 36290K(36672K)->36290K(36672K) NonClass: 32121K(32320K)->32121K(32320K) Class: 4168K(4352K)->4168K(4352K)
[300.470s][info][gc             ] GC(2732) Pause Young (Allocation Failure) 447M->162M(987M) 15.728ms
[300.470s][info][gc,cpu         ] GC(2732) User=0.09s Sys=0.00s Real=0.02s
[300.748s][info][gc,start       ] GC(2733) Pause Young (Allocation Failure)
[300.755s][info][gc,heap        ] GC(2733) PSYoungGen: 311800K(311808K)->16539K(326144K) Eden: 309248K(309248K)->0K(309248K) From: 2552K(2560K)->16539K(16896K)
[300.755s][info][gc,heap        ] GC(2733) ParOldGen: 163660K(699392K)->165430K(699392K)
[300.755s][info][gc,metaspace   ] GC(2733) Metaspace: 36290K(36672K)->36290K(36672K) NonClass: 32121K(32320K)->32121K(32320K) Class: 4168K(4352K)->4168K(4352K)
[300.755s][info][gc             ] GC(2733) Pause Young (Allocation Failure) 464M->177M(1001M) 6.448ms
[300.755s][info][gc,cpu         ] GC(2733) User=0.09s Sys=0.00s Real=0.01s
[301.031s][info][gc,start       ] GC(2734) Pause Young (Allocation Failure)
[301.039s][info][gc,heap        ] GC(2734) PSYoungGen: 325787K(326144K)->15781K(323072K) Eden: 309248K(309248K)->0K(300032K) From: 16539K(16896K)->15781K(23040K)
[301.039s][info][gc,heap        ] GC(2734) ParOldGen: 165430K(699392K)->172809K(699392K)
[301.039s][info][gc,metaspace   ] GC(2734) Metaspace: 36290K(36672K)->36290K(36672K) NonClass: 32121K(32320K)->32121K(32320K) Class: 4168K(4352K)->4168K(4352K)
[301.039s][info][gc             ] GC(2734) Pause Young (Allocation Failure) 479M->184M(998M) 8.210ms
[301.039s][info][gc,cpu         ] GC(2734) User=0.09s Sys=0.00s Real=0.01s
[301.310s][info][gc,start       ] GC(2735) Pause Young (Allocation Failure)
[301.317s][info][gc,heap        ] GC(2735) PSYoungGen: 313949K(323072K)->12730K(312832K) Eden: 298167K(300032K)->0K(300032K) From: 15781K(23040K)->12730K(12800K)
[301.317s][info][gc,heap        ] GC(2735) ParOldGen: 172809K(699392K)->177674K(699392K)
[301.317s][info][gc,metaspace   ] GC(2735) Metaspace: 36290K(36672K)->36290K(36672K) NonClass: 32121K(32320K)->32121K(32320K) Class: 4168K(4352K)->4168K(4352K)
[301.317s][info][gc             ] GC(2735) Pause Young (Allocation Failure) 475M->185M(988M) 7.385ms
[301.317s][info][gc,cpu         ] GC(2735) User=0.09s Sys=0.00s Real=0.01s
[301.566s][info][gc,start       ] GC(2736) Pause Young (Allocation Failure)
[301.572s][info][gc,heap        ] GC(2736) PSYoungGen: 312760K(312832K)->13331K(323072K) Eden: 300029K(300032K)->0K(297984K) From: 12730K(12800K)->13331K(25088K)
[301.572s][info][gc,heap        ] GC(2736) ParOldGen: 177674K(699392K)->181202K(699392K)
[301.572s][info][gc,metaspace   ] GC(2736) Metaspace: 36290K(36672K)->36290K(36672K) NonClass: 32121K(32320K)->32121K(32320K) Class: 4168K(4352K)->4168K(4352K)
[301.572s][info][gc             ] GC(2736) Pause Young (Allocation Failure) 478M->189M(998M) 6.257ms
[301.572s][info][gc,cpu         ] GC(2736) User=0.00s Sys=0.00s Real=0.01s
[301.824s][info][gc,start       ] GC(2737) Pause Young (Allocation Failure)
[301.831s][info][gc,heap        ] GC(2737) PSYoungGen: 306024K(323072K)->20625K(318976K) Eden: 292693K(297984K)->0K(297984K) From: 13331K(25088K)->20625K(20992K)
[301.831s][info][gc,heap        ] GC(2737) ParOldGen: 181202K(699392K)->182123K(699392K)
[301.831s][info][gc,metaspace   ] GC(2737) Metaspace: 36290K(36672K)->36290K(36672K) NonClass: 32121K(32320K)->32121K(32320K) Class: 4168K(4352K)->4168K(4352K)
[301.831s][info][gc             ] GC(2737) Pause Young (Allocation Failure) 475M->197M(994M) 6.861ms
[301.831s][info][gc,cpu         ] GC(2737) User=0.09s Sys=0.00s Real=0.01s
[302.091s][info][gc,start       ] GC(2738) Pause Young (Allocation Failure)
[302.097s][info][gc,heap        ] GC(2738) PSYoungGen: 318609K(318976K)->13342K(321536K) Eden: 297984K(297984K)->0K(293376K) From: 20625K(20992K)->13342K(28160K)
[302.097s][info][gc,heap        ] GC(2738) ParOldGen: 182123K(699392K)->184226K(699392K)
[302.097s][info][gc,metaspace   ] GC(2738) Metaspace: 36290K(36672K)->36290K(36672K) NonClass: 32121K(32320K)->32121K(32320K) Class: 4168K(4352K)->4168K(4352K)
[302.097s][info][gc             ] GC(2738) Pause Young (Allocation Failure) 488M->192M(997M) 6.110ms
[302.097s][info][gc,cpu         ] GC(2738) User=0.09s Sys=0.00s Real=0.01s
[302.340s][info][gc,start       ] GC(2739) Pause Young (Allocation Failure)
[302.347s][info][gc,heap        ] GC(2739) PSYoungGen: 306498K(321536K)->20191K(313856K) Eden: 293156K(293376K)->0K(293376K) From: 13342K(28160K)->20191K(20480K)
[302.347s][info][gc,heap        ] GC(2739) ParOldGen: 184226K(699392K)->186409K(699392K)
[302.347s][info][gc,metaspace   ] GC(2739) Metaspace: 36290K(36672K)->36290K(36672K) NonClass: 32121K(32320K)->32121K(32320K) Class: 4168K(4352K)->4168K(4352K)
[302.347s][info][gc             ] GC(2739) Pause Young (Allocation Failure) 479M->201M(989M) 6.882ms
[302.347s][info][gc,cpu         ] GC(2739) User=0.08s Sys=0.02s Real=0.01s
[302.597s][info][gc,start       ] GC(2740) Pause Young (Allocation Failure)
[302.603s][info][gc,heap        ] GC(2740) PSYoungGen: 313567K(313856K)->14740K(319488K) Eden: 293376K(293376K)->0K(289792K) From: 20191K(20480K)->14740K(29696K)
[302.603s][info][gc,heap        ] GC(2740) ParOldGen: 186409K(699392K)->186898K(699392K)
[302.603s][info][gc,metaspace   ] GC(2740) Metaspace: 36290K(36672K)->36290K(36672K) NonClass: 32121K(32320K)->32121K(32320K) Class: 4168K(4352K)->4168K(4352K)
[302.603s][info][gc             ] GC(2740) Pause Young (Allocation Failure) 488M->196M(995M) 6.352ms
[302.603s][info][gc,cpu         ] GC(2740) User=0.00s Sys=0.00s Real=0.01s
[302.834s][info][gc,start       ] GC(2741) Pause Young (Allocation Failure)
[302.841s][info][gc,heap        ] GC(2741) PSYoungGen: 303511K(319488K)->14555K(319488K) Eden: 288771K(289792K)->0K(289792K) From: 14740K(29696K)->14555K(29696K)
[302.841s][info][gc,heap        ] GC(2741) ParOldGen: 186898K(699392K)->188593K(699392K)
[302.841s][info][gc,metaspace   ] GC(2741) Metaspace: 36290K(36672K)->36290K(36672K) NonClass: 32121K(32320K)->32121K(32320K) Class: 4168K(4352K)->4168K(4352K)
[302.841s][info][gc             ] GC(2741) Pause Young (Allocation Failure) 478M->198M(995M) 7.475ms
[302.842s][info][gc,cpu         ] GC(2741) User=0.00s Sys=0.00s Real=0.01s
[303.095s][info][gc,start       ] GC(2742) Pause Young (Allocation Failure)
[303.102s][info][gc,heap        ] GC(2742) PSYoungGen: 304347K(319488K)->12690K(321536K) Eden: 289792K(289792K)->0K(292864K) From: 14555K(29696K)->12690K(28672K)
[303.102s][info][gc,heap        ] GC(2742) ParOldGen: 188593K(699392K)->191913K(699392K)
[303.102s][info][gc,metaspace   ] GC(2742) Metaspace: 36290K(36672K)->36290K(36672K) NonClass: 32121K(32320K)->32121K(32320K) Class: 4168K(4352K)->4168K(4352K)
[303.102s][info][gc             ] GC(2742) Pause Young (Allocation Failure) 481M->199M(997M) 6.948ms
[303.102s][info][gc,cpu         ] GC(2742) User=0.00s Sys=0.00s Real=0.01s
[303.343s][info][gc,start       ] GC(2743) Pause Young (Allocation Failure)
[303.349s][info][gc,heap        ] GC(2743) PSYoungGen: 305554K(321536K)->11598K(320512K) Eden: 292864K(292864K)->0K(292864K) From: 12690K(28672K)->11598K(27648K)
[303.349s][info][gc,heap        ] GC(2743) ParOldGen: 191913K(699392K)->194991K(699392K)
[303.349s][info][gc,metaspace   ] GC(2743) Metaspace: 36290K(36672K)->36290K(36672K) NonClass: 32121K(32320K)->32121K(32320K) Class: 4168K(4352K)->4168K(4352K)
[303.349s][info][gc             ] GC(2743) Pause Young (Allocation Failure) 485M->201M(996M) 5.885ms
[303.349s][info][gc,cpu         ] GC(2743) User=0.09s Sys=0.00s Real=0.01s
[303.363s][info][gc,start       ] GC(2744) Pause Young (System.gc())
[303.366s][info][gc,heap        ] GC(2744) PSYoungGen: 22602K(320512K)->992K(322048K) Eden: 11003K(292864K)->0K(295936K) From: 11598K(27648K)->992K(26112K)
[303.366s][info][gc,heap        ] GC(2744) ParOldGen: 194991K(699392K)->199889K(699392K)
[303.366s][info][gc,metaspace   ] GC(2744) Metaspace: 36290K(36672K)->36290K(36672K) NonClass: 32121K(32320K)->32121K(32320K) Class: 4168K(4352K)->4168K(4352K)
[303.366s][info][gc             ] GC(2744) Pause Young (System.gc()) 212M->196M(997M) 2.474ms
[303.366s][info][gc,cpu         ] GC(2744) User=0.00s Sys=0.00s Real=0.01s
[303.366s][info][gc,start       ] GC(2745) Pause Full (System.gc())
[303.366s][info][gc,phases,start] GC(2745) Marking Phase
[303.382s][info][gc,phases      ] GC(2745) Marking Phase 16.499ms
[303.382s][info][gc,phases,start] GC(2745) Summary Phase
[303.382s][info][gc,phases      ] GC(2745) Summary Phase 0.012ms
[303.382s][info][gc,phases,start] GC(2745) Adjust Roots
[303.386s][info][gc,phases      ] GC(2745) Adjust Roots 3.421ms
[303.386s][info][gc,phases,start] GC(2745) Compaction Phase
[303.393s][info][gc,phases      ] GC(2745) Compaction Phase 7.253ms
[303.393s][info][gc,phases,start] GC(2745) Post Compact
[303.394s][info][gc,phases      ] GC(2745) Post Compact 0.797ms
[303.394s][info][gc,heap        ] GC(2745) PSYoungGen: 992K(322048K)->0K(322048K) Eden: 0K(295936K)->0K(295936K) From: 992K(26112K)->0K(26112K)
[303.394s][info][gc,heap        ] GC(2745) ParOldGen: 199889K(699392K)->115486K(699392K)
[303.394s][info][gc,metaspace   ] GC(2745) Metaspace: 36290K(36672K)->36290K(36672K) NonClass: 32121K(32320K)->32121K(32320K) Class: 4168K(4352K)->4168K(4352K)
[303.394s][info][gc             ] GC(2745) Pause Full (System.gc()) 196M->112M(997M) 28.249ms
[303.394s][info][gc,cpu         ] GC(2745) User=0.19s Sys=0.00s Real=0.03s
[303.442s][info][gc,start       ] GC(2746) Pause Young (Allocation Failure)
[303.443s][info][gc,heap        ] GC(2746) PSYoungGen: 295936K(322048K)->192K(322560K) Eden: 295936K(295936K)->0K(295936K) From: 0K(26112K)->192K(26624K)
[303.443s][info][gc,heap        ] GC(2746) ParOldGen: 115486K(699392K)->115486K(699392K)
[303.443s][info][gc,metaspace   ] GC(2746) Metaspace: 36304K(36672K)->36304K(36672K) NonClass: 32136K(32320K)->32136K(32320K) Class: 4168K(4352K)->4168K(4352K)
[303.443s][info][gc             ] GC(2746) Pause Young (Allocation Failure) 401M->112M(998M) 0.378ms
[303.443s][info][gc,cpu         ] GC(2746) User=0.00s Sys=0.00s Real=0.00s
[303.487s][info][gc,start       ] GC(2747) Pause Young (Allocation Failure)
[303.488s][info][gc,heap        ] GC(2747) PSYoungGen: 296128K(322560K)->192K(322560K) Eden: 295936K(295936K)->0K(295936K) From: 192K(26624K)->192K(26624K)
[303.488s][info][gc,heap        ] GC(2747) ParOldGen: 115486K(699392K)->115534K(699392K)
[303.488s][info][gc,metaspace   ] GC(2747) Metaspace: 36304K(36672K)->36304K(36672K) NonClass: 32136K(32320K)->32136K(32320K) Class: 4168K(4352K)->4168K(4352K)
[303.488s][info][gc             ] GC(2747) Pause Young (Allocation Failure) 401M->113M(998M) 0.367ms
[303.488s][info][gc,cpu         ] GC(2747) User=0.00s Sys=0.00s Real=0.00s
[303.533s][info][gc,start       ] GC(2748) Pause Young (Allocation Failure)
[303.534s][info][gc,heap        ] GC(2748) PSYoungGen: 296128K(322560K)->192K(322560K) Eden: 295936K(295936K)->0K(295936K) From: 192K(26624K)->192K(26624K)
[303.534s][info][gc,heap        ] GC(2748) ParOldGen: 115534K(699392K)->115534K(699392K)
[303.534s][info][gc,metaspace   ] GC(2748) Metaspace: 36304K(36672K)->36304K(36672K) NonClass: 32136K(32320K)->32136K(32320K) Class: 4168K(4352K)->4168K(4352K)
[303.534s][info][gc             ] GC(2748) Pause Young (Allocation Failure) 402M->113M(998M) 0.380ms
[303.534s][info][gc,cpu         ] GC(2748) User=0.00s Sys=0.00s Real=0.00s
[303.579s][info][gc,start       ] GC(2749) Pause Young (Allocation Failure)
[303.579s][info][gc,heap        ] GC(2749) PSYoungGen: 296128K(322560K)->192K(323584K) Eden: 295936K(295936K)->0K(297472K) From: 192K(26624K)->192K(26112K)
[303.579s][info][gc,heap        ] GC(2749) ParOldGen: 115534K(699392K)->115534K(699392K)
[303.579s][info][gc,metaspace   ] GC(2749) Metaspace: 36304K(36672K)->36304K(36672K) NonClass: 32136K(32320K)->32136K(32320K) Class: 4168K(4352K)->4168K(4352K)
[303.579s][info][gc             ] GC(2749) Pause Young (Allocation Failure) 402M->113M(999M) 0.356ms
[303.579s][info][gc,cpu         ] GC(2749) User=0.00s Sys=0.00s Real=0.00s
[303.623s][info][gc,start       ] GC(2750) Pause Young (Allocation Failure)
[303.624s][info][gc,heap        ] GC(2750) PSYoungGen: 297664K(323584K)->160K(323072K) Eden: 297472K(297472K)->0K(297472K) From: 192K(26112K)->160K(25600K)
[303.624s][info][gc,heap        ] GC(2750) ParOldGen: 115534K(699392K)->115534K(699392K)
[303.624s][info][gc,metaspace   ] GC(2750) Metaspace: 36304K(36672K)->36304K(36672K) NonClass: 32136K(32320K)->32136K(32320K) Class: 4168K(4352K)->4168K(4352K)
[303.624s][info][gc             ] GC(2750) Pause Young (Allocation Failure) 403M->112M(998M) 0.396ms
[303.624s][info][gc,cpu         ] GC(2750) User=0.00s Sys=0.00s Real=0.00s
[303.668s][info][gc,start       ] GC(2751) Pause Young (Allocation Failure)
[303.668s][info][gc,heap        ] GC(2751) PSYoungGen: 297632K(323072K)->160K(325120K) Eden: 297472K(297472K)->0K(300032K) From: 160K(25600K)->160K(25088K)
[303.668s][info][gc,heap        ] GC(2751) ParOldGen: 115534K(699392K)->115534K(699392K)
[303.668s][info][gc,metaspace   ] GC(2751) Metaspace: 36304K(36672K)->36304K(36672K) NonClass: 32136K(32320K)->32136K(32320K) Class: 4168K(4352K)->4168K(4352K)
[303.668s][info][gc             ] GC(2751) Pause Young (Allocation Failure) 403M->112M(1000M) 0.353ms
[303.668s][info][gc,cpu         ] GC(2751) User=0.00s Sys=0.00s Real=0.00s
[303.713s][info][gc,start       ] GC(2752) Pause Young (Allocation Failure)
[303.714s][info][gc,heap        ] GC(2752) PSYoungGen: 300192K(325120K)->160K(324096K) Eden: 300032K(300032K)->0K(300032K) From: 160K(25088K)->160K(24064K)
[303.714s][info][gc,heap        ] GC(2752) ParOldGen: 115534K(699392K)->115534K(699392K)
[303.714s][info][gc,metaspace   ] GC(2752) Metaspace: 36304K(36672K)->36304K(36672K) NonClass: 32136K(32320K)->32136K(32320K) Class: 4168K(4352K)->4168K(4352K)
[303.714s][info][gc             ] GC(2752) Pause Young (Allocation Failure) 405M->112M(999M) 0.381ms
[303.714s][info][gc,cpu         ] GC(2752) User=0.00s Sys=0.00s Real=0.00s
[303.758s][info][gc,start       ] GC(2753) Pause Young (Allocation Failure)
[303.759s][info][gc,heap        ] GC(2753) PSYoungGen: 300192K(324096K)->160K(326656K) Eden: 300032K(300032K)->0K(303104K) From: 160K(24064K)->160K(23552K)
[303.759s][info][gc,heap        ] GC(2753) ParOldGen: 115534K(699392K)->115534K(699392K)
[303.759s][info][gc,metaspace   ] GC(2753) Metaspace: 36304K(36672K)->36304K(36672K) NonClass: 32136K(32320K)->32136K(32320K) Class: 4168K(4352K)->4168K(4352K)
[303.759s][info][gc             ] GC(2753) Pause Young (Allocation Failure) 405M->112M(1002M) 0.368ms
[303.759s][info][gc,cpu         ] GC(2753) User=0.00s Sys=0.00s Real=0.00s
[303.804s][info][gc,start       ] GC(2754) Pause Young (Allocation Failure)
[303.804s][info][gc,heap        ] GC(2754) PSYoungGen: 303264K(326656K)->160K(325632K) Eden: 303104K(303104K)->0K(303104K) From: 160K(23552K)->160K(22528K)
[303.804s][info][gc,heap        ] GC(2754) ParOldGen: 115534K(699392K)->115534K(699392K)
[303.804s][info][gc,metaspace   ] GC(2754) Metaspace: 36304K(36672K)->36304K(36672K) NonClass: 32136K(32320K)->32136K(32320K) Class: 4168K(4352K)->4168K(4352K)
[303.804s][info][gc             ] GC(2754) Pause Young (Allocation Failure) 408M->112M(1001M) 0.370ms
[303.804s][info][gc,cpu         ] GC(2754) User=0.00s Sys=0.00s Real=0.00s
[303.852s][info][gc,start       ] GC(2755) Pause Young (Allocation Failure)
[303.853s][info][gc,heap        ] GC(2755) PSYoungGen: 303264K(325632K)->192K(328704K) Eden: 303104K(303104K)->0K(307200K) From: 160K(22528K)->192K(21504K)
[303.853s][info][gc,heap        ] GC(2755) ParOldGen: 115534K(699392K)->115534K(699392K)
[303.853s][info][gc,metaspace   ] GC(2755) Metaspace: 36304K(36672K)->36304K(36672K) NonClass: 32136K(32320K)->32136K(32320K) Class: 4168K(4352K)->4168K(4352K)
[303.853s][info][gc             ] GC(2755) Pause Young (Allocation Failure) 408M->113M(1004M) 0.824ms
[303.853s][info][gc,cpu         ] GC(2755) User=0.00s Sys=0.00s Real=0.00s
[303.900s][info][gc,start       ] GC(2756) Pause Young (Allocation Failure)
[303.900s][info][gc,heap        ] GC(2756) PSYoungGen: 307392K(328704K)->160K(327680K) Eden: 307200K(307200K)->0K(307200K) From: 192K(21504K)->160K(20480K)
[303.900s][info][gc,heap        ] GC(2756) ParOldGen: 115534K(699392K)->115534K(699392K)
[303.900s][info][gc,metaspace   ] GC(2756) Metaspace: 36304K(36672K)->36304K(36672K) NonClass: 32136K(32320K)->32136K(32320K) Class: 4168K(4352K)->4168K(4352K)
[303.900s][info][gc             ] GC(2756) Pause Young (Allocation Failure) 413M->112M(1003M) 0.529ms
[303.900s][info][gc,cpu         ] GC(2756) User=0.00s Sys=0.00s Real=0.00s
[303.949s][info][gc,start       ] GC(2757) Pause Young (Allocation Failure)
[303.950s][info][gc,heap        ] GC(2757) PSYoungGen: 307360K(327680K)->160K(330752K) Eden: 307200K(307200K)->0K(311296K) From: 160K(20480K)->160K(19456K)
[303.950s][info][gc,heap        ] GC(2757) ParOldGen: 115534K(699392K)->115534K(699392K)
[303.950s][info][gc,metaspace   ] GC(2757) Metaspace: 36304K(36672K)->36304K(36672K) NonClass: 32136K(32320K)->32136K(32320K) Class: 4168K(4352K)->4168K(4352K)
[303.950s][info][gc             ] GC(2757) Pause Young (Allocation Failure) 412M->112M(1006M) 0.420ms
[303.950s][info][gc,cpu         ] GC(2757) User=0.00s Sys=0.00s Real=0.00s
[303.998s][info][gc,start       ] GC(2758) Pause Young (Allocation Failure)
[303.998s][info][gc,heap        ] GC(2758) PSYoungGen: 311456K(330752K)->160K(329728K) Eden: 311296K(311296K)->0K(311296K) From: 160K(19456K)->160K(18432K)
[303.998s][info][gc,heap        ] GC(2758) ParOldGen: 115534K(699392K)->115534K(699392K)
[303.998s][info][gc,metaspace   ] GC(2758) Metaspace: 36304K(36672K)->36304K(36672K) NonClass: 32136K(32320K)->32136K(32320K) Class: 4168K(4352K)->4168K(4352K)
[303.998s][info][gc             ] GC(2758) Pause Young (Allocation Failure) 416M->112M(1005M) 0.391ms
[303.998s][info][gc,cpu         ] GC(2758) User=0.00s Sys=0.00s Real=0.00s
[304.046s][info][gc,start       ] GC(2759) Pause Young (Allocation Failure)
[304.046s][info][gc,heap        ] GC(2759) PSYoungGen: 311456K(329728K)->192K(332800K) Eden: 311296K(311296K)->0K(315392K) From: 160K(18432K)->192K(17408K)
[304.046s][info][gc,heap        ] GC(2759) ParOldGen: 115534K(699392K)->115534K(699392K)
[304.046s][info][gc,metaspace   ] GC(2759) Metaspace: 36304K(36672K)->36304K(36672K) NonClass: 32136K(32320K)->32136K(32320K) Class: 4168K(4352K)->4168K(4352K)
[304.046s][info][gc             ] GC(2759) Pause Young (Allocation Failure) 416M->113M(1008M) 0.418ms
[304.046s][info][gc,cpu         ] GC(2759) User=0.00s Sys=0.00s Real=0.00s
[304.101s][info][gc,start       ] GC(2760) Pause Young (Allocation Failure)
[304.102s][info][gc,heap        ] GC(2760) PSYoungGen: 315584K(332800K)->192K(331776K) Eden: 315392K(315392K)->0K(315392K) From: 192K(17408K)->192K(16384K)
[304.102s][info][gc,heap        ] GC(2760) ParOldGen: 115534K(699392K)->115534K(699392K)
[304.102s][info][gc,metaspace   ] GC(2760) Metaspace: 36304K(36672K)->36304K(36672K) NonClass: 32136K(32320K)->32136K(32320K) Class: 4168K(4352K)->4168K(4352K)
[304.102s][info][gc             ] GC(2760) Pause Young (Allocation Failure) 421M->113M(1007M) 0.445ms
[304.102s][info][gc,cpu         ] GC(2760) User=0.00s Sys=0.00s Real=0.00s
[304.162s][info][gc,start       ] GC(2761) Pause Young (Allocation Failure)
[304.163s][info][gc,heap        ] GC(2761) PSYoungGen: 315584K(331776K)->160K(334848K) Eden: 315392K(315392K)->0K(319488K) From: 192K(16384K)->160K(15360K)
[304.163s][info][gc,heap        ] GC(2761) ParOldGen: 115534K(699392K)->115574K(699392K)
[304.163s][info][gc,metaspace   ] GC(2761) Metaspace: 36304K(36672K)->36304K(36672K) NonClass: 32136K(32320K)->32136K(32320K) Class: 4168K(4352K)->4168K(4352K)
[304.163s][info][gc             ] GC(2761) Pause Young (Allocation Failure) 421M->113M(1010M) 0.536ms
[304.163s][info][gc,cpu         ] GC(2761) User=0.00s Sys=0.00s Real=0.00s
[304.223s][info][gc,start       ] GC(2762) Pause Young (Allocation Failure)
[304.224s][info][gc,heap        ] GC(2762) PSYoungGen: 319648K(334848K)->160K(333824K) Eden: 319488K(319488K)->0K(319488K) From: 160K(15360K)->160K(14336K)
[304.224s][info][gc,heap        ] GC(2762) ParOldGen: 115574K(699392K)->115574K(699392K)
[304.224s][info][gc,metaspace   ] GC(2762) Metaspace: 36304K(36672K)->36304K(36672K) NonClass: 32136K(32320K)->32136K(32320K) Class: 4168K(4352K)->4168K(4352K)
[304.224s][info][gc             ] GC(2762) Pause Young (Allocation Failure) 425M->113M(1009M) 0.424ms
[304.224s][info][gc,cpu         ] GC(2762) User=0.00s Sys=0.00s Real=0.00s
[304.286s][info][gc,start       ] GC(2763) Pause Young (Allocation Failure)
[304.287s][info][gc,heap        ] GC(2763) PSYoungGen: 319648K(333824K)->160K(336384K) Eden: 319488K(319488K)->0K(322560K) From: 160K(14336K)->160K(13824K)
[304.287s][info][gc,heap        ] GC(2763) ParOldGen: 115574K(699392K)->115574K(699392K)
[304.287s][info][gc,metaspace   ] GC(2763) Metaspace: 36304K(36672K)->36304K(36672K) NonClass: 32136K(32320K)->32136K(32320K) Class: 4168K(4352K)->4168K(4352K)
[304.287s][info][gc             ] GC(2763) Pause Young (Allocation Failure) 425M->113M(1011M) 0.409ms
[304.287s][info][gc,cpu         ] GC(2763) User=0.00s Sys=0.00s Real=0.00s
[304.350s][info][gc,start       ] GC(2764) Pause Young (Allocation Failure)
[304.351s][info][gc,heap        ] GC(2764) PSYoungGen: 322720K(336384K)->192K(335360K) Eden: 322560K(322560K)->0K(322560K) From: 160K(13824K)->192K(12800K)
[304.351s][info][gc,heap        ] GC(2764) ParOldGen: 115574K(699392K)->115574K(699392K)
[304.351s][info][gc,metaspace   ] GC(2764) Metaspace: 36304K(36672K)->36304K(36672K) NonClass: 32136K(32320K)->32136K(32320K) Class: 4168K(4352K)->4168K(4352K)
[304.351s][info][gc             ] GC(2764) Pause Young (Allocation Failure) 428M->113M(1010M) 0.395ms
[304.351s][info][gc,cpu         ] GC(2764) User=0.00s Sys=0.00s Real=0.00s
[304.412s][info][gc,start       ] GC(2765) Pause Young (Allocation Failure)
[304.412s][info][gc,heap        ] GC(2765) PSYoungGen: 322752K(335360K)->160K(337920K) Eden: 322560K(322560K)->0K(326144K) From: 192K(12800K)->160K(11776K)
[304.412s][info][gc,heap        ] GC(2765) ParOldGen: 115574K(699392K)->115574K(699392K)
[304.412s][info][gc,metaspace   ] GC(2765) Metaspace: 36304K(36672K)->36304K(36672K) NonClass: 32136K(32320K)->32136K(32320K) Class: 4168K(4352K)->4168K(4352K)
[304.412s][info][gc             ] GC(2765) Pause Young (Allocation Failure) 428M->113M(1013M) 0.408ms
[304.412s][info][gc,cpu         ] GC(2765) User=0.00s Sys=0.00s Real=0.00s
[304.472s][info][gc,start       ] GC(2766) Pause Young (Allocation Failure)
[304.473s][info][gc,heap        ] GC(2766) PSYoungGen: 326304K(337920K)->192K(337408K) Eden: 326144K(326144K)->0K(326144K) From: 160K(11776K)->192K(11264K)
[304.473s][info][gc,heap        ] GC(2766) ParOldGen: 115574K(699392K)->115574K(699392K)
[304.473s][info][gc,metaspace   ] GC(2766) Metaspace: 36304K(36672K)->36304K(36672K) NonClass: 32136K(32320K)->32136K(32320K) Class: 4168K(4352K)->4168K(4352K)
[304.473s][info][gc             ] GC(2766) Pause Young (Allocation Failure) 431M->113M(1012M) 0.435ms
[304.473s][info][gc,cpu         ] GC(2766) User=0.00s Sys=0.00s Real=0.00s
[304.534s][info][gc,start       ] GC(2767) Pause Young (Allocation Failure)
[304.534s][info][gc,heap        ] GC(2767) PSYoungGen: 326336K(337408K)->160K(339456K) Eden: 326144K(326144K)->0K(328704K) From: 192K(11264K)->160K(10752K)
[304.534s][info][gc,heap        ] GC(2767) ParOldGen: 115574K(699392K)->115574K(699392K)
[304.534s][info][gc,metaspace   ] GC(2767) Metaspace: 36304K(36672K)->36304K(36672K) NonClass: 32136K(32320K)->32136K(32320K) Class: 4168K(4352K)->4168K(4352K)
[304.534s][info][gc             ] GC(2767) Pause Young (Allocation Failure) 431M->113M(1014M) 0.430ms
[304.534s][info][gc,cpu         ] GC(2767) User=0.00s Sys=0.00s Real=0.00s
[304.596s][info][gc,start       ] GC(2768) Pause Young (Allocation Failure)
[304.596s][info][gc,heap        ] GC(2768) PSYoungGen: 328864K(339456K)->192K(338432K) Eden: 328704K(328704K)->0K(328704K) From: 160K(10752K)->192K(9728K)
[304.596s][info][gc,heap        ] GC(2768) ParOldGen: 115574K(699392K)->115574K(699392K)
[304.596s][info][gc,metaspace   ] GC(2768) Metaspace: 36304K(36672K)->36304K(36672K) NonClass: 32136K(32320K)->32136K(32320K) Class: 4168K(4352K)->4168K(4352K)
[304.596s][info][gc             ] GC(2768) Pause Young (Allocation Failure) 434M->113M(1013M) 0.421ms
[304.596s][info][gc,cpu         ] GC(2768) User=0.00s Sys=0.00s Real=0.00s
[304.658s][info][gc,start       ] GC(2769) Pause Young (Allocation Failure)
[304.659s][info][gc,heap        ] GC(2769) PSYoungGen: 328896K(338432K)->192K(340480K) Eden: 328704K(328704K)->0K(331264K) From: 192K(9728K)->192K(9216K)
[304.659s][info][gc,heap        ] GC(2769) ParOldGen: 115574K(699392K)->115574K(699392K)
[304.659s][info][gc,metaspace   ] GC(2769) Metaspace: 36304K(36672K)->36304K(36672K) NonClass: 32136K(32320K)->32136K(32320K) Class: 4168K(4352K)->4168K(4352K)
[304.659s][info][gc             ] GC(2769) Pause Young (Allocation Failure) 434M->113M(1015M) 0.447ms
[304.659s][info][gc,cpu         ] GC(2769) User=0.00s Sys=0.00s Real=0.00s
[304.722s][info][gc,start       ] GC(2770) Pause Young (Allocation Failure)
[304.723s][info][gc,heap        ] GC(2770) PSYoungGen: 331456K(340480K)->192K(339968K) Eden: 331264K(331264K)->0K(331264K) From: 192K(9216K)->192K(8704K)
[304.723s][info][gc,heap        ] GC(2770) ParOldGen: 115574K(699392K)->115574K(699392K)
[304.723s][info][gc,metaspace   ] GC(2770) Metaspace: 36304K(36672K)->36304K(36672K) NonClass: 32136K(32320K)->32136K(32320K) Class: 4168K(4352K)->4168K(4352K)
[304.723s][info][gc             ] GC(2770) Pause Young (Allocation Failure) 436M->113M(1015M) 0.415ms
[304.723s][info][gc,cpu         ] GC(2770) User=0.00s Sys=0.00s Real=0.00s
[304.786s][info][gc,start       ] GC(2771) Pause Young (Allocation Failure)
[304.786s][info][gc,heap        ] GC(2771) PSYoungGen: 331456K(339968K)->160K(342016K) Eden: 331264K(331264K)->0K(333824K) From: 192K(8704K)->160K(8192K)
[304.786s][info][gc,heap        ] GC(2771) ParOldGen: 115574K(699392K)->115574K(699392K)
[304.786s][info][gc,metaspace   ] GC(2771) Metaspace: 36304K(36672K)->36304K(36672K) NonClass: 32136K(32320K)->32136K(32320K) Class: 4168K(4352K)->4168K(4352K)
[304.786s][info][gc             ] GC(2771) Pause Young (Allocation Failure) 436M->113M(1017M) 0.450ms
[304.786s][info][gc,cpu         ] GC(2771) User=0.00s Sys=0.00s Real=0.00s
[304.847s][info][gc,start       ] GC(2772) Pause Young (Allocation Failure)
[304.848s][info][gc,heap        ] GC(2772) PSYoungGen: 333984K(342016K)->192K(340992K) Eden: 333824K(333824K)->0K(333824K) From: 160K(8192K)->192K(7168K)
[304.848s][info][gc,heap        ] GC(2772) ParOldGen: 115574K(699392K)->115574K(699392K)
[304.848s][info][gc,metaspace   ] GC(2772) Metaspace: 36304K(36672K)->36304K(36672K) NonClass: 32136K(32320K)->32136K(32320K) Class: 4168K(4352K)->4168K(4352K)
[304.848s][info][gc             ] GC(2772) Pause Young (Allocation Failure) 439M->113M(1016M) 0.433ms
[304.848s][info][gc,cpu         ] GC(2772) User=0.00s Sys=0.00s Real=0.00s
[304.912s][info][gc,start       ] GC(2773) Pause Young (Allocation Failure)
[304.912s][info][gc,heap        ] GC(2773) PSYoungGen: 334016K(340992K)->192K(343040K) Eden: 333824K(333824K)->0K(336384K) From: 192K(7168K)->192K(6656K)
[304.912s][info][gc,heap        ] GC(2773) ParOldGen: 115574K(699392K)->115574K(699392K)
[304.912s][info][gc,metaspace   ] GC(2773) Metaspace: 36304K(36672K)->36304K(36672K) NonClass: 32136K(32320K)->32136K(32320K) Class: 4168K(4352K)->4168K(4352K)
[304.912s][info][gc             ] GC(2773) Pause Young (Allocation Failure) 439M->113M(1018M) 0.451ms
[304.912s][info][gc,cpu         ] GC(2773) User=0.00s Sys=0.00s Real=0.00s
[304.976s][info][gc,start       ] GC(2774) Pause Young (Allocation Failure)
[304.977s][info][gc,heap        ] GC(2774) PSYoungGen: 336576K(343040K)->160K(342528K) Eden: 336384K(336384K)->0K(336384K) From: 192K(6656K)->160K(6144K)
[304.977s][info][gc,heap        ] GC(2774) ParOldGen: 115574K(699392K)->115574K(699392K)
[304.977s][info][gc,metaspace   ] GC(2774) Metaspace: 36304K(36672K)->36304K(36672K) NonClass: 32136K(32320K)->32136K(32320K) Class: 4168K(4352K)->4168K(4352K)
[304.977s][info][gc             ] GC(2774) Pause Young (Allocation Failure) 441M->113M(1017M) 0.473ms
[304.977s][info][gc,cpu         ] GC(2774) User=0.00s Sys=0.00s Real=0.00s
[305.039s][info][gc,start       ] GC(2775) Pause Young (Allocation Failure)
[305.040s][info][gc,heap        ] GC(2775) PSYoungGen: 336544K(342528K)->192K(343552K) Eden: 336384K(336384K)->0K(337408K) From: 160K(6144K)->192K(6144K)
[305.040s][info][gc,heap        ] GC(2775) ParOldGen: 115574K(699392K)->115574K(699392K)
[305.040s][info][gc,metaspace   ] GC(2775) Metaspace: 36304K(36672K)->36304K(36672K) NonClass: 32136K(32320K)->32136K(32320K) Class: 4168K(4352K)->4168K(4352K)
[305.040s][info][gc             ] GC(2775) Pause Young (Allocation Failure) 441M->113M(1018M) 0.405ms
[305.040s][info][gc,cpu         ] GC(2775) User=0.00s Sys=0.00s Real=0.00s
[305.102s][info][gc,start       ] GC(2776) Pause Young (Allocation Failure)
[305.102s][info][gc,heap        ] GC(2776) PSYoungGen: 337600K(343552K)->192K(343040K) Eden: 337408K(337408K)->0K(337408K) From: 192K(6144K)->192K(5632K)
[305.102s][info][gc,heap        ] GC(2776) ParOldGen: 115574K(699392K)->115574K(699392K)
[305.102s][info][gc,metaspace   ] GC(2776) Metaspace: 36304K(36672K)->36304K(36672K) NonClass: 32136K(32320K)->32136K(32320K) Class: 4168K(4352K)->4168K(4352K)
[305.102s][info][gc             ] GC(2776) Pause Young (Allocation Failure) 442M->113M(1018M) 0.379ms
[305.102s][info][gc,cpu         ] GC(2776) User=0.00s Sys=0.00s Real=0.00s
[305.166s][info][gc,start       ] GC(2777) Pause Young (Allocation Failure)
[305.167s][info][gc,heap        ] GC(2777) PSYoungGen: 337600K(343040K)->128K(344576K) Eden: 337408K(337408K)->0K(339456K) From: 192K(5632K)->128K(5120K)
[305.167s][info][gc,heap        ] GC(2777) ParOldGen: 115574K(699392K)->115574K(699392K)
[305.167s][info][gc,metaspace   ] GC(2777) Metaspace: 36304K(36672K)->36304K(36672K) NonClass: 32136K(32320K)->32136K(32320K) Class: 4168K(4352K)->4168K(4352K)
[305.167s][info][gc             ] GC(2777) Pause Young (Allocation Failure) 442M->112M(1019M) 0.567ms
[305.167s][info][gc,cpu         ] GC(2777) User=0.00s Sys=0.00s Real=0.00s
[305.231s][info][gc,start       ] GC(2778) Pause Young (Allocation Failure)
[305.231s][info][gc,heap        ] GC(2778) PSYoungGen: 339584K(344576K)->160K(344064K) Eden: 339456K(339456K)->0K(339456K) From: 128K(5120K)->160K(4608K)
[305.231s][info][gc,heap        ] GC(2778) ParOldGen: 115574K(699392K)->115574K(699392K)
[305.231s][info][gc,metaspace   ] GC(2778) Metaspace: 36304K(36672K)->36304K(36672K) NonClass: 32136K(32320K)->32136K(32320K) Class: 4168K(4352K)->4168K(4352K)
[305.231s][info][gc             ] GC(2778) Pause Young (Allocation Failure) 444M->113M(1019M) 0.443ms
[305.231s][info][gc,cpu         ] GC(2778) User=0.00s Sys=0.00s Real=0.00s
[305.295s][info][gc,start       ] GC(2779) Pause Young (Allocation Failure)
[305.295s][info][gc,heap        ] GC(2779) PSYoungGen: 339616K(344064K)->192K(345088K) Eden: 339456K(339456K)->0K(340480K) From: 160K(4608K)->192K(4608K)
[305.295s][info][gc,heap        ] GC(2779) ParOldGen: 115574K(699392K)->115574K(699392K)
[305.295s][info][gc,metaspace   ] GC(2779) Metaspace: 36304K(36672K)->36304K(36672K) NonClass: 32136K(32320K)->32136K(32320K) Class: 4168K(4352K)->4168K(4352K)
[305.295s][info][gc             ] GC(2779) Pause Young (Allocation Failure) 444M->113M(1020M) 0.448ms
[305.296s][info][gc,cpu         ] GC(2779) User=0.00s Sys=0.00s Real=0.00s
[305.361s][info][gc,start       ] GC(2780) Pause Young (Allocation Failure)
[305.361s][info][gc,heap        ] GC(2780) PSYoungGen: 340672K(345088K)->192K(344576K) Eden: 340480K(340480K)->0K(340480K) From: 192K(4608K)->192K(4096K)
[305.361s][info][gc,heap        ] GC(2780) ParOldGen: 115574K(699392K)->115574K(699392K)
[305.361s][info][gc,metaspace   ] GC(2780) Metaspace: 36304K(36672K)->36304K(36672K) NonClass: 32136K(32320K)->32136K(32320K) Class: 4168K(4352K)->4168K(4352K)
[305.361s][info][gc             ] GC(2780) Pause Young (Allocation Failure) 445M->113M(1019M) 0.427ms
[305.361s][info][gc,cpu         ] GC(2780) User=0.00s Sys=0.00s Real=0.00s
[305.425s][info][gc,start       ] GC(2781) Pause Young (Allocation Failure)
[305.425s][info][gc,heap        ] GC(2781) PSYoungGen: 340672K(344576K)->160K(345600K) Eden: 340480K(340480K)->0K(342016K) From: 192K(4096K)->160K(3584K)
[305.425s][info][gc,heap        ] GC(2781) ParOldGen: 115574K(699392K)->115574K(699392K)
[305.425s][info][gc,metaspace   ] GC(2781) Metaspace: 36304K(36672K)->36304K(36672K) NonClass: 32136K(32320K)->32136K(32320K) Class: 4168K(4352K)->4168K(4352K)
[305.425s][info][gc             ] GC(2781) Pause Young (Allocation Failure) 445M->113M(1020M) 0.418ms
[305.425s][info][gc,cpu         ] GC(2781) User=0.00s Sys=0.00s Real=0.00s
[305.492s][info][gc,start       ] GC(2782) Pause Young (Allocation Failure)
[305.492s][info][gc,heap        ] GC(2782) PSYoungGen: 342176K(345600K)->160K(345600K) Eden: 342016K(342016K)->0K(342016K) From: 160K(3584K)->160K(3584K)
[305.492s][info][gc,heap        ] GC(2782) ParOldGen: 115574K(699392K)->115574K(699392K)
[305.492s][info][gc,metaspace   ] GC(2782) Metaspace: 36304K(36672K)->36304K(36672K) NonClass: 32136K(32320K)->32136K(32320K) Class: 4168K(4352K)->4168K(4352K)
[305.492s][info][gc             ] GC(2782) Pause Young (Allocation Failure) 447M->113M(1020M) 0.421ms
[305.492s][info][gc,cpu         ] GC(2782) User=0.00s Sys=0.00s Real=0.02s
[305.556s][info][gc,start       ] GC(2783) Pause Young (Allocation Failure)
[305.557s][info][gc,heap        ] GC(2783) PSYoungGen: 342176K(345600K)->192K(346112K) Eden: 342016K(342016K)->0K(343040K) From: 160K(3584K)->192K(3072K)
[305.557s][info][gc,heap        ] GC(2783) ParOldGen: 115574K(699392K)->115574K(699392K)
[305.557s][info][gc,metaspace   ] GC(2783) Metaspace: 36304K(36672K)->36304K(36672K) NonClass: 32136K(32320K)->32136K(32320K) Class: 4168K(4352K)->4168K(4352K)
[305.557s][info][gc             ] GC(2783) Pause Young (Allocation Failure) 447M->113M(1021M) 0.383ms
[305.557s][info][gc,cpu         ] GC(2783) User=0.00s Sys=0.00s Real=0.00s
[305.621s][info][gc,start       ] GC(2784) Pause Young (Allocation Failure)
[305.621s][info][gc,heap        ] GC(2784) PSYoungGen: 343232K(346112K)->192K(346112K) Eden: 343040K(343040K)->0K(343040K) From: 192K(3072K)->192K(3072K)
[305.621s][info][gc,heap        ] GC(2784) ParOldGen: 115574K(699392K)->115574K(699392K)
[305.621s][info][gc,metaspace   ] GC(2784) Metaspace: 36304K(36672K)->36304K(36672K) NonClass: 32136K(32320K)->32136K(32320K) Class: 4168K(4352K)->4168K(4352K)
[305.621s][info][gc             ] GC(2784) Pause Young (Allocation Failure) 448M->113M(1021M) 0.439ms
[305.621s][info][gc,cpu         ] GC(2784) User=0.00s Sys=0.00s Real=0.00s
[305.688s][info][gc,start       ] GC(2785) Pause Young (Allocation Failure)
[305.688s][info][gc,heap        ] GC(2785) PSYoungGen: 343232K(346112K)->192K(346624K) Eden: 343040K(343040K)->0K(343552K) From: 192K(3072K)->192K(3072K)
[305.688s][info][gc,heap        ] GC(2785) ParOldGen: 115574K(699392K)->115574K(699392K)
[305.688s][info][gc,metaspace   ] GC(2785) Metaspace: 36304K(36672K)->36304K(36672K) NonClass: 32136K(32320K)->32136K(32320K) Class: 4168K(4352K)->4168K(4352K)
[305.688s][info][gc             ] GC(2785) Pause Young (Allocation Failure) 448M->113M(1021M) 0.408ms
[305.688s][info][gc,cpu         ] GC(2785) User=0.00s Sys=0.00s Real=0.00s
[305.756s][info][gc,start       ] GC(2786) Pause Young (Allocation Failure)
[305.757s][info][gc,heap        ] GC(2786) PSYoungGen: 343744K(346624K)->192K(346112K) Eden: 343552K(343552K)->0K(343552K) From: 192K(3072K)->192K(2560K)
[305.757s][info][gc,heap        ] GC(2786) ParOldGen: 115574K(699392K)->115574K(699392K)
[305.757s][info][gc,metaspace   ] GC(2786) Metaspace: 36304K(36672K)->36304K(36672K) NonClass: 32136K(32320K)->32136K(32320K) Class: 4168K(4352K)->4168K(4352K)
[305.757s][info][gc             ] GC(2786) Pause Young (Allocation Failure) 448M->113M(1021M) 0.421ms
[305.757s][info][gc,cpu         ] GC(2786) User=0.00s Sys=0.00s Real=0.00s
[305.842s][info][gc,start       ] GC(2787) Pause Young (Allocation Failure)
[305.842s][info][gc,heap        ] GC(2787) PSYoungGen: 343744K(346112K)->128K(346624K) Eden: 343552K(343552K)->0K(344064K) From: 192K(2560K)->128K(2560K)
[305.842s][info][gc,heap        ] GC(2787) ParOldGen: 115574K(699392K)->115574K(699392K)
[305.842s][info][gc,metaspace   ] GC(2787) Metaspace: 36304K(36672K)->36304K(36672K) NonClass: 32136K(32320K)->32136K(32320K) Class: 4168K(4352K)->4168K(4352K)
[305.842s][info][gc             ] GC(2787) Pause Young (Allocation Failure) 448M->112M(1021M) 0.559ms
[305.842s][info][gc,cpu         ] GC(2787) User=0.00s Sys=0.00s Real=0.00s
[306.180s][info][gc,start       ] GC(2788) Pause Young (Allocation Failure)
[306.193s][info][gc,heap        ] GC(2788) PSYoungGen: 343724K(346624K)->2537K(346624K) Eden: 343596K(344064K)->0K(344064K) From: 128K(2560K)->2537K(2560K)
[306.193s][info][gc,heap        ] GC(2788) ParOldGen: 115574K(699392K)->142102K(699392K)
[306.193s][info][gc,metaspace   ] GC(2788) Metaspace: 36304K(36672K)->36304K(36672K) NonClass: 32136K(32320K)->32136K(32320K) Class: 4168K(4352K)->4168K(4352K)
[306.193s][info][gc             ] GC(2788) Pause Young (Allocation Failure) 448M->141M(1021M) 12.932ms
[306.193s][info][gc,cpu         ] GC(2788) User=0.08s Sys=0.00s Real=0.01s
[306.488s][info][gc,start       ] GC(2789) Pause Young (Allocation Failure)
[306.506s][info][gc,heap        ] GC(2789) PSYoungGen: 340963K(346624K)->2528K(287232K) Eden: 338426K(344064K)->0K(284672K) From: 2537K(2560K)->2528K(2560K)
[306.506s][info][gc,heap        ] GC(2789) ParOldGen: 142102K(699392K)->198025K(699392K)
[306.506s][info][gc,metaspace   ] GC(2789) Metaspace: 36304K(36672K)->36304K(36672K) NonClass: 32136K(32320K)->32136K(32320K) Class: 4168K(4352K)->4168K(4352K)
[306.506s][info][gc             ] GC(2789) Pause Young (Allocation Failure) 471M->195M(963M) 17.850ms
[306.506s][info][gc,cpu         ] GC(2789) User=0.05s Sys=0.00s Real=0.02s
[306.754s][info][gc,start       ] GC(2790) Pause Young (Allocation Failure)
[306.763s][info][gc,heap        ] GC(2790) PSYoungGen: 284151K(287232K)->29448K(314368K) Eden: 281622K(284672K)->0K(284672K) From: 2528K(2560K)->29448K(29696K)
[306.764s][info][gc,heap        ] GC(2790) ParOldGen: 198025K(699392K)->199994K(699392K)
[306.764s][info][gc,metaspace   ] GC(2790) Metaspace: 36304K(36672K)->36304K(36672K) NonClass: 32136K(32320K)->32136K(32320K) Class: 4168K(4352K)->4168K(4352K)
[306.764s][info][gc             ] GC(2790) Pause Young (Allocation Failure) 470M->224M(990M) 9.323ms
[306.764s][info][gc,cpu         ] GC(2790) User=0.00s Sys=0.00s Real=0.01s
[307.016s][info][gc,start       ] GC(2791) Pause Young (Allocation Failure)
[307.023s][info][gc,heap        ] GC(2791) PSYoungGen: 314120K(314368K)->11162K(313344K) Eden: 284672K(284672K)->0K(278528K) From: 29448K(29696K)->11162K(34816K)
[307.023s][info][gc,heap        ] GC(2791) ParOldGen: 199994K(699392K)->210561K(699392K)
[307.023s][info][gc,metaspace   ] GC(2791) Metaspace: 36304K(36672K)->36304K(36672K) NonClass: 32136K(32320K)->32136K(32320K) Class: 4168K(4352K)->4168K(4352K)
[307.023s][info][gc             ] GC(2791) Pause Young (Allocation Failure) 502M->216M(989M) 7.393ms
[307.023s][info][gc,cpu         ] GC(2791) User=0.00s Sys=0.00s Real=0.01s
[307.266s][info][gc,start       ] GC(2792) Pause Young (Allocation Failure)
[307.273s][info][gc,heap        ] GC(2792) PSYoungGen: 288225K(313344K)->13370K(313856K) Eden: 277062K(278528K)->0K(278528K) From: 11162K(34816K)->13370K(35328K)
[307.273s][info][gc,heap        ] GC(2792) ParOldGen: 210561K(699392K)->211765K(699392K)
[307.273s][info][gc,metaspace   ] GC(2792) Metaspace: 36304K(36672K)->36304K(36672K) NonClass: 32136K(32320K)->32136K(32320K) Class: 4168K(4352K)->4168K(4352K)
[307.273s][info][gc             ] GC(2792) Pause Young (Allocation Failure) 487M->219M(989M) 6.310ms
[307.273s][info][gc,cpu         ] GC(2792) User=0.00s Sys=0.00s Real=0.01s
[307.518s][info][gc,start       ] GC(2793) Pause Young (Allocation Failure)
[307.524s][info][gc,heap        ] GC(2793) PSYoungGen: 291898K(313856K)->9926K(317440K) Eden: 278528K(278528K)->0K(283648K) From: 13370K(35328K)->9926K(33792K)
[307.524s][info][gc,heap        ] GC(2793) ParOldGen: 211765K(699392K)->212985K(699392K)
[307.524s][info][gc,metaspace   ] GC(2793) Metaspace: 36304K(36672K)->36304K(36672K) NonClass: 32136K(32320K)->32136K(32320K) Class: 4168K(4352K)->4168K(4352K)
[307.524s][info][gc             ] GC(2793) Pause Young (Allocation Failure) 491M->217M(993M) 5.383ms
[307.524s][info][gc,cpu         ] GC(2793) User=0.00s Sys=0.00s Real=0.00s
[307.758s][info][gc,start       ] GC(2794) Pause Young (Allocation Failure)
[307.764s][info][gc,heap        ] GC(2794) PSYoungGen: 291661K(317440K)->12659K(315392K) Eden: 281735K(283648K)->0K(283648K) From: 9926K(33792K)->12659K(31744K)
[307.764s][info][gc,heap        ] GC(2794) ParOldGen: 212985K(699392K)->213690K(699392K)
[307.764s][info][gc,metaspace   ] GC(2794) Metaspace: 36304K(36672K)->36304K(36672K) NonClass: 32136K(32320K)->32136K(32320K) Class: 4168K(4352K)->4168K(4352K)
[307.764s][info][gc             ] GC(2794) Pause Young (Allocation Failure) 492M->221M(991M) 5.896ms
[307.764s][info][gc,cpu         ] GC(2794) User=0.00s Sys=0.00s Real=0.01s
[308.009s][info][gc,start       ] GC(2795) Pause Young (Allocation Failure)
[308.015s][info][gc,heap        ] GC(2795) PSYoungGen: 295890K(315392K)->15779K(318976K) Eden: 283230K(283648K)->0K(288768K) From: 12659K(31744K)->15779K(30208K)
[308.015s][info][gc,heap        ] GC(2795) ParOldGen: 213690K(699392K)->214433K(699392K)
[308.015s][info][gc,metaspace   ] GC(2795) Metaspace: 36304K(36672K)->36304K(36672K) NonClass: 32136K(32320K)->32136K(32320K) Class: 4168K(4352K)->4168K(4352K)
[308.015s][info][gc             ] GC(2795) Pause Young (Allocation Failure) 497M->224M(994M) 6.312ms
[308.015s][info][gc,cpu         ] GC(2795) User=0.00s Sys=0.00s Real=0.01s
[308.263s][info][gc,start       ] GC(2796) Pause Young (Allocation Failure)
[308.268s][info][gc,heap        ] GC(2796) PSYoungGen: 304547K(318976K)->8202K(318976K) Eden: 288768K(288768K)->0K(288768K) From: 15779K(30208K)->8202K(30208K)
[308.268s][info][gc,heap        ] GC(2796) ParOldGen: 214433K(699392K)->215770K(699392K)
[308.268s][info][gc,metaspace   ] GC(2796) Metaspace: 36304K(36672K)->36304K(36672K) NonClass: 32136K(32320K)->32136K(32320K) Class: 4168K(4352K)->4168K(4352K)
[308.268s][info][gc             ] GC(2796) Pause Young (Allocation Failure) 506M->218M(994M) 5.417ms
[308.268s][info][gc,cpu         ] GC(2796) User=0.09s Sys=0.00s Real=0.01s
[308.511s][info][gc,start       ] GC(2797) Pause Young (Allocation Failure)
[308.519s][info][gc,heap        ] GC(2797) PSYoungGen: 296970K(318976K)->17831K(318464K) Eden: 288768K(288768K)->0K(289792K) From: 8202K(30208K)->17831K(28672K)
[308.519s][info][gc,heap        ] GC(2797) ParOldGen: 215770K(699392K)->216251K(699392K)
[308.519s][info][gc,metaspace   ] GC(2797) Metaspace: 36304K(36672K)->36304K(36672K) NonClass: 32136K(32320K)->32136K(32320K) Class: 4168K(4352K)->4168K(4352K)
[308.519s][info][gc             ] GC(2797) Pause Young (Allocation Failure) 500M->228M(994M) 7.887ms
[308.519s][info][gc,cpu         ] GC(2797) User=0.09s Sys=0.00s Real=0.01s
[308.758s][info][gc,start       ] GC(2798) Pause Young (Allocation Failure)
[308.766s][info][gc,heap        ] GC(2798) PSYoungGen: 306236K(318464K)->11941K(319488K) Eden: 288405K(289792K)->0K(289792K) From: 17831K(28672K)->11941K(29696K)
[308.766s][info][gc,heap        ] GC(2798) ParOldGen: 216251K(699392K)->221789K(699392K)
[308.766s][info][gc,metaspace   ] GC(2798) Metaspace: 36304K(36672K)->36304K(36672K) NonClass: 32136K(32320K)->32136K(32320K) Class: 4168K(4352K)->4168K(4352K)
[308.766s][info][gc             ] GC(2798) Pause Young (Allocation Failure) 510M->228M(995M) 7.664ms
[308.766s][info][gc,cpu         ] GC(2798) User=0.00s Sys=0.02s Real=0.01s
[309.004s][info][gc,start       ] GC(2799) Pause Young (System.gc())
[309.009s][info][gc,heap        ] GC(2799) PSYoungGen: 292368K(319488K)->8712K(322560K) Eden: 280427K(289792K)->0K(294912K) From: 11941K(29696K)->8712K(27648K)
[309.009s][info][gc,heap        ] GC(2799) ParOldGen: 221789K(699392K)->225561K(699392K)
[309.009s][info][gc,metaspace   ] GC(2799) Metaspace: 36304K(36672K)->36304K(36672K) NonClass: 32136K(32320K)->32136K(32320K) Class: 4168K(4352K)->4168K(4352K)
[309.009s][info][gc             ] GC(2799) Pause Young (System.gc()) 502M->228M(998M) 5.060ms
[309.009s][info][gc,cpu         ] GC(2799) User=0.00s Sys=0.00s Real=0.01s
[309.009s][info][gc,start       ] GC(2800) Pause Full (System.gc())
[309.009s][info][gc,phases,start] GC(2800) Marking Phase
[309.026s][info][gc,phases      ] GC(2800) Marking Phase 16.887ms
[309.026s][info][gc,phases,start] GC(2800) Summary Phase
[309.026s][info][gc,phases      ] GC(2800) Summary Phase 0.011ms
[309.026s][info][gc,phases,start] GC(2800) Adjust Roots
[309.030s][info][gc,phases      ] GC(2800) Adjust Roots 4.581ms
[309.030s][info][gc,phases,start] GC(2800) Compaction Phase
[309.039s][info][gc,phases      ] GC(2800) Compaction Phase 9.132ms
[309.039s][info][gc,phases,start] GC(2800) Post Compact
[309.040s][info][gc,phases      ] GC(2800) Post Compact 0.936ms
[309.040s][info][gc,heap        ] GC(2800) PSYoungGen: 8712K(322560K)->0K(322560K) Eden: 0K(294912K)->0K(294912K) From: 8712K(27648K)->0K(27648K)
[309.040s][info][gc,heap        ] GC(2800) ParOldGen: 225561K(699392K)->118575K(699392K)
[309.040s][info][gc,metaspace   ] GC(2800) Metaspace: 36304K(36672K)->36304K(36672K) NonClass: 32136K(32320K)->32136K(32320K) Class: 4168K(4352K)->4168K(4352K)
[309.040s][info][gc             ] GC(2800) Pause Full (System.gc()) 228M->115M(998M) 31.830ms
[309.040s][info][gc,cpu         ] GC(2800) User=0.17s Sys=0.02s Real=0.03s
[309.088s][info][gc,start       ] GC(2801) Pause Young (Allocation Failure)
[309.088s][info][gc,heap        ] GC(2801) PSYoungGen: 294912K(322560K)->192K(321536K) Eden: 294912K(294912K)->0K(294912K) From: 0K(27648K)->192K(26624K)
[309.088s][info][gc,heap        ] GC(2801) ParOldGen: 118575K(699392K)->118575K(699392K)
[309.088s][info][gc,metaspace   ] GC(2801) Metaspace: 36304K(36672K)->36304K(36672K) NonClass: 32136K(32320K)->32136K(32320K) Class: 4168K(4352K)->4168K(4352K)
[309.088s][info][gc             ] GC(2801) Pause Young (Allocation Failure) 403M->115M(997M) 0.395ms
[309.088s][info][gc,cpu         ] GC(2801) User=0.00s Sys=0.00s Real=0.00s
[309.133s][info][gc,start       ] GC(2802) Pause Young (Allocation Failure)
[309.133s][info][gc,heap        ] GC(2802) PSYoungGen: 295104K(321536K)->160K(322048K) Eden: 294912K(294912K)->0K(294912K) From: 192K(26624K)->160K(27136K)
[309.133s][info][gc,heap        ] GC(2802) ParOldGen: 118575K(699392K)->118623K(699392K)
[309.133s][info][gc,metaspace   ] GC(2802) Metaspace: 36304K(36672K)->36304K(36672K) NonClass: 32136K(32320K)->32136K(32320K) Class: 4168K(4352K)->4168K(4352K)
[309.133s][info][gc             ] GC(2802) Pause Young (Allocation Failure) 403M->115M(997M) 0.396ms
[309.133s][info][gc,cpu         ] GC(2802) User=0.00s Sys=0.00s Real=0.00s
[309.178s][info][gc,start       ] GC(2803) Pause Young (Allocation Failure)
[309.179s][info][gc,heap        ] GC(2803) PSYoungGen: 295072K(322048K)->160K(322048K) Eden: 294912K(294912K)->0K(294912K) From: 160K(27136K)->160K(27136K)
[309.179s][info][gc,heap        ] GC(2803) ParOldGen: 118623K(699392K)->118623K(699392K)
[309.179s][info][gc,metaspace   ] GC(2803) Metaspace: 36304K(36672K)->36304K(36672K) NonClass: 32136K(32320K)->32136K(32320K) Class: 4168K(4352K)->4168K(4352K)
[309.179s][info][gc             ] GC(2803) Pause Young (Allocation Failure) 403M->115M(997M) 0.507ms
[309.179s][info][gc,cpu         ] GC(2803) User=0.00s Sys=0.00s Real=0.00s
[309.223s][info][gc,start       ] GC(2804) Pause Young (Allocation Failure)
[309.224s][info][gc,heap        ] GC(2804) PSYoungGen: 295072K(322048K)->192K(322560K) Eden: 294912K(294912K)->0K(295424K) From: 160K(27136K)->192K(27136K)
[309.224s][info][gc,heap        ] GC(2804) ParOldGen: 118623K(699392K)->118623K(699392K)
[309.224s][info][gc,metaspace   ] GC(2804) Metaspace: 36304K(36672K)->36304K(36672K) NonClass: 32136K(32320K)->32136K(32320K) Class: 4168K(4352K)->4168K(4352K)
[309.224s][info][gc             ] GC(2804) Pause Young (Allocation Failure) 403M->116M(998M) 0.393ms
[309.224s][info][gc,cpu         ] GC(2804) User=0.00s Sys=0.00s Real=0.00s
[309.268s][info][gc,start       ] GC(2805) Pause Young (Allocation Failure)
[309.268s][info][gc,heap        ] GC(2805) PSYoungGen: 295616K(322560K)->192K(322048K) Eden: 295424K(295424K)->0K(295424K) From: 192K(27136K)->192K(26624K)
[309.268s][info][gc,heap        ] GC(2805) ParOldGen: 118623K(699392K)->118623K(699392K)
[309.268s][info][gc,metaspace   ] GC(2805) Metaspace: 36304K(36672K)->36304K(36672K) NonClass: 32136K(32320K)->32136K(32320K) Class: 4168K(4352K)->4168K(4352K)
[309.268s][info][gc             ] GC(2805) Pause Young (Allocation Failure) 404M->116M(997M) 0.369ms
[309.268s][info][gc,cpu         ] GC(2805) User=0.00s Sys=0.00s Real=0.00s
[309.312s][info][gc,start       ] GC(2806) Pause Young (Allocation Failure)
[309.312s][info][gc,heap        ] GC(2806) PSYoungGen: 295616K(322048K)->160K(323584K) Eden: 295424K(295424K)->0K(297472K) From: 192K(26624K)->160K(26112K)
[309.312s][info][gc,heap        ] GC(2806) ParOldGen: 118623K(699392K)->118623K(699392K)
[309.312s][info][gc,metaspace   ] GC(2806) Metaspace: 36304K(36672K)->36304K(36672K) NonClass: 32136K(32320K)->32136K(32320K) Class: 4168K(4352K)->4168K(4352K)
[309.312s][info][gc             ] GC(2806) Pause Young (Allocation Failure) 404M->115M(999M) 0.418ms
[309.312s][info][gc,cpu         ] GC(2806) User=0.02s Sys=0.00s Real=0.00s
[309.356s][info][gc,start       ] GC(2807) Pause Young (Allocation Failure)
[309.357s][info][gc,heap        ] GC(2807) PSYoungGen: 297632K(323584K)->192K(323072K) Eden: 297472K(297472K)->0K(297472K) From: 160K(26112K)->192K(25600K)
[309.357s][info][gc,heap        ] GC(2807) ParOldGen: 118623K(699392K)->118623K(699392K)
[309.357s][info][gc,metaspace   ] GC(2807) Metaspace: 36304K(36672K)->36304K(36672K) NonClass: 32136K(32320K)->32136K(32320K) Class: 4168K(4352K)->4168K(4352K)
[309.357s][info][gc             ] GC(2807) Pause Young (Allocation Failure) 406M->116M(998M) 0.422ms
[309.357s][info][gc,cpu         ] GC(2807) User=0.00s Sys=0.00s Real=0.00s
[309.401s][info][gc,start       ] GC(2808) Pause Young (Allocation Failure)
[309.401s][info][gc,heap        ] GC(2808) PSYoungGen: 297664K(323072K)->160K(325632K) Eden: 297472K(297472K)->0K(301056K) From: 192K(25600K)->160K(24576K)
[309.401s][info][gc,heap        ] GC(2808) ParOldGen: 118623K(699392K)->118623K(699392K)
[309.401s][info][gc,metaspace   ] GC(2808) Metaspace: 36304K(36672K)->36304K(36672K) NonClass: 32136K(32320K)->32136K(32320K) Class: 4168K(4352K)->4168K(4352K)
[309.401s][info][gc             ] GC(2808) Pause Young (Allocation Failure) 406M->115M(1001M) 0.389ms
[309.401s][info][gc,cpu         ] GC(2808) User=0.00s Sys=0.00s Real=0.00s
[309.447s][info][gc,start       ] GC(2809) Pause Young (Allocation Failure)
[309.447s][info][gc,heap        ] GC(2809) PSYoungGen: 301216K(325632K)->192K(324608K) Eden: 301056K(301056K)->0K(301056K) From: 160K(24576K)->192K(23552K)
[309.448s][info][gc,heap        ] GC(2809) ParOldGen: 118623K(699392K)->118623K(699392K)
[309.448s][info][gc,metaspace   ] GC(2809) Metaspace: 36304K(36672K)->36304K(36672K) NonClass: 32136K(32320K)->32136K(32320K) Class: 4168K(4352K)->4168K(4352K)
[309.448s][info][gc             ] GC(2809) Pause Young (Allocation Failure) 409M->116M(1000M) 0.462ms
[309.448s][info][gc,cpu         ] GC(2809) User=0.00s Sys=0.00s Real=0.00s
[309.493s][info][gc,start       ] GC(2810) Pause Young (Allocation Failure)
[309.493s][info][gc,heap        ] GC(2810) PSYoungGen: 301248K(324608K)->192K(327680K) Eden: 301056K(301056K)->0K(305152K) From: 192K(23552K)->192K(22528K)
[309.493s][info][gc,heap        ] GC(2810) ParOldGen: 118623K(699392K)->118623K(699392K)
[309.493s][info][gc,metaspace   ] GC(2810) Metaspace: 36304K(36672K)->36304K(36672K) NonClass: 32136K(32320K)->32136K(32320K) Class: 4168K(4352K)->4168K(4352K)
[309.493s][info][gc             ] GC(2810) Pause Young (Allocation Failure) 410M->116M(1003M) 0.382ms
[309.493s][info][gc,cpu         ] GC(2810) User=0.00s Sys=0.00s Real=0.00s
[309.539s][info][gc,start       ] GC(2811) Pause Young (Allocation Failure)
[309.539s][info][gc,heap        ] GC(2811) PSYoungGen: 305344K(327680K)->192K(326656K) Eden: 305152K(305152K)->0K(305152K) From: 192K(22528K)->192K(21504K)
[309.539s][info][gc,heap        ] GC(2811) ParOldGen: 118623K(699392K)->118623K(699392K)
[309.539s][info][gc,metaspace   ] GC(2811) Metaspace: 36304K(36672K)->36304K(36672K) NonClass: 32136K(32320K)->32136K(32320K) Class: 4168K(4352K)->4168K(4352K)
[309.539s][info][gc             ] GC(2811) Pause Young (Allocation Failure) 414M->116M(1002M) 0.372ms
[309.539s][info][gc,cpu         ] GC(2811) User=0.00s Sys=0.00s Real=0.00s
[309.586s][info][gc,start       ] GC(2812) Pause Young (Allocation Failure)
[309.586s][info][gc,heap        ] GC(2812) PSYoungGen: 305344K(326656K)->192K(329728K) Eden: 305152K(305152K)->0K(309248K) From: 192K(21504K)->192K(20480K)
[309.586s][info][gc,heap        ] GC(2812) ParOldGen: 118623K(699392K)->118623K(699392K)
[309.586s][info][gc,metaspace   ] GC(2812) Metaspace: 36304K(36672K)->36304K(36672K) NonClass: 32136K(32320K)->32136K(32320K) Class: 4168K(4352K)->4168K(4352K)
[309.586s][info][gc             ] GC(2812) Pause Young (Allocation Failure) 414M->116M(1005M) 0.383ms
[309.586s][info][gc,cpu         ] GC(2812) User=0.00s Sys=0.00s Real=0.00s
[309.633s][info][gc,start       ] GC(2813) Pause Young (Allocation Failure)
[309.634s][info][gc,heap        ] GC(2813) PSYoungGen: 309440K(329728K)->192K(328704K) Eden: 309248K(309248K)->0K(309248K) From: 192K(20480K)->192K(19456K)
[309.634s][info][gc,heap        ] GC(2813) ParOldGen: 118623K(699392K)->118623K(699392K)
[309.634s][info][gc,metaspace   ] GC(2813) Metaspace: 36304K(36672K)->36304K(36672K) NonClass: 32136K(32320K)->32136K(32320K) Class: 4168K(4352K)->4168K(4352K)
[309.634s][info][gc             ] GC(2813) Pause Young (Allocation Failure) 418M->116M(1004M) 0.392ms
[309.634s][info][gc,cpu         ] GC(2813) User=0.00s Sys=0.00s Real=0.00s
[309.680s][info][gc,start       ] GC(2814) Pause Young (Allocation Failure)
[309.680s][info][gc,heap        ] GC(2814) PSYoungGen: 309440K(328704K)->192K(331776K) Eden: 309248K(309248K)->0K(313344K) From: 192K(19456K)->192K(18432K)
[309.680s][info][gc,heap        ] GC(2814) ParOldGen: 118623K(699392K)->118623K(699392K)
[309.680s][info][gc,metaspace   ] GC(2814) Metaspace: 36304K(36672K)->36304K(36672K) NonClass: 32136K(32320K)->32136K(32320K) Class: 4168K(4352K)->4168K(4352K)
[309.680s][info][gc             ] GC(2814) Pause Young (Allocation Failure) 418M->116M(1007M) 0.358ms
[309.680s][info][gc,cpu         ] GC(2814) User=0.00s Sys=0.00s Real=0.00s
[309.736s][info][gc,start       ] GC(2815) Pause Young (Allocation Failure)
[309.736s][info][gc,heap        ] GC(2815) PSYoungGen: 313536K(331776K)->192K(330752K) Eden: 313344K(313344K)->0K(313344K) From: 192K(18432K)->192K(17408K)
[309.736s][info][gc,heap        ] GC(2815) ParOldGen: 118623K(699392K)->118623K(699392K)
[309.736s][info][gc,metaspace   ] GC(2815) Metaspace: 36304K(36672K)->36304K(36672K) NonClass: 32136K(32320K)->32136K(32320K) Class: 4168K(4352K)->4168K(4352K)
[309.736s][info][gc             ] GC(2815) Pause Young (Allocation Failure) 422M->116M(1006M) 0.446ms
[309.736s][info][gc,cpu         ] GC(2815) User=0.00s Sys=0.00s Real=0.00s
[309.798s][info][gc,start       ] GC(2816) Pause Young (Allocation Failure)
[309.798s][info][gc,heap        ] GC(2816) PSYoungGen: 313536K(330752K)->160K(333824K) Eden: 313344K(313344K)->0K(317440K) From: 192K(17408K)->160K(16384K)
[309.798s][info][gc,heap        ] GC(2816) ParOldGen: 118623K(699392K)->118671K(699392K)
[309.798s][info][gc,metaspace   ] GC(2816) Metaspace: 36304K(36672K)->36304K(36672K) NonClass: 32136K(32320K)->32136K(32320K) Class: 4168K(4352K)->4168K(4352K)
[309.798s][info][gc             ] GC(2816) Pause Young (Allocation Failure) 422M->116M(1009M) 0.400ms
[309.798s][info][gc,cpu         ] GC(2816) User=0.00s Sys=0.00s Real=0.00s
[309.861s][info][gc,start       ] GC(2817) Pause Young (Allocation Failure)
[309.861s][info][gc,heap        ] GC(2817) PSYoungGen: 317600K(333824K)->192K(332800K) Eden: 317440K(317440K)->0K(317440K) From: 160K(16384K)->192K(15360K)
[309.861s][info][gc,heap        ] GC(2817) ParOldGen: 118671K(699392K)->118671K(699392K)
[309.861s][info][gc,metaspace   ] GC(2817) Metaspace: 36304K(36672K)->36304K(36672K) NonClass: 32136K(32320K)->32136K(32320K) Class: 4168K(4352K)->4168K(4352K)
[309.861s][info][gc             ] GC(2817) Pause Young (Allocation Failure) 426M->116M(1008M) 0.419ms
[309.861s][info][gc,cpu         ] GC(2817) User=0.00s Sys=0.00s Real=0.00s
[309.924s][info][gc,start       ] GC(2818) Pause Young (Allocation Failure)
[309.924s][info][gc,heap        ] GC(2818) PSYoungGen: 317632K(332800K)->192K(335360K) Eden: 317440K(317440K)->0K(321024K) From: 192K(15360K)->192K(14336K)
[309.924s][info][gc,heap        ] GC(2818) ParOldGen: 118671K(699392K)->118671K(699392K)
[309.924s][info][gc,metaspace   ] GC(2818) Metaspace: 36304K(36672K)->36304K(36672K) NonClass: 32136K(32320K)->32136K(32320K) Class: 4168K(4352K)->4168K(4352K)
[309.924s][info][gc             ] GC(2818) Pause Young (Allocation Failure) 426M->116M(1010M) 0.459ms
[309.924s][info][gc,cpu         ] GC(2818) User=0.00s Sys=0.00s Real=0.00s
[309.987s][info][gc,start       ] GC(2819) Pause Young (Allocation Failure)
[309.987s][info][gc,heap        ] GC(2819) PSYoungGen: 321216K(335360K)->192K(334848K) Eden: 321024K(321024K)->0K(321024K) From: 192K(14336K)->192K(13824K)
[309.987s][info][gc,heap        ] GC(2819) ParOldGen: 118671K(699392K)->118671K(699392K)
[309.987s][info][gc,metaspace   ] GC(2819) Metaspace: 36304K(36672K)->36304K(36672K) NonClass: 32136K(32320K)->32136K(32320K) Class: 4168K(4352K)->4168K(4352K)
[309.987s][info][gc             ] GC(2819) Pause Young (Allocation Failure) 429M->116M(1010M) 0.419ms
[309.987s][info][gc,cpu         ] GC(2819) User=0.00s Sys=0.00s Real=0.00s
[310.051s][info][gc,start       ] GC(2820) Pause Young (Allocation Failure)
[310.051s][info][gc,heap        ] GC(2820) PSYoungGen: 321216K(334848K)->160K(337408K) Eden: 321024K(321024K)->0K(324608K) From: 192K(13824K)->160K(12800K)
[310.051s][info][gc,heap        ] GC(2820) ParOldGen: 118671K(699392K)->118671K(699392K)
[310.051s][info][gc,metaspace   ] GC(2820) Metaspace: 36304K(36672K)->36304K(36672K) NonClass: 32136K(32320K)->32136K(32320K) Class: 4168K(4352K)->4168K(4352K)
[310.051s][info][gc             ] GC(2820) Pause Young (Allocation Failure) 429M->116M(1012M) 0.465ms
[310.051s][info][gc,cpu         ] GC(2820) User=0.00s Sys=0.00s Real=0.00s
[310.113s][info][gc,start       ] GC(2821) Pause Young (Allocation Failure)
[310.113s][info][gc,heap        ] GC(2821) PSYoungGen: 324768K(337408K)->192K(336384K) Eden: 324608K(324608K)->0K(324608K) From: 160K(12800K)->192K(11776K)
[310.113s][info][gc,heap        ] GC(2821) ParOldGen: 118671K(699392K)->118671K(699392K)
[310.113s][info][gc,metaspace   ] GC(2821) Metaspace: 36304K(36672K)->36304K(36672K) NonClass: 32136K(32320K)->32136K(32320K) Class: 4168K(4352K)->4168K(4352K)
[310.113s][info][gc             ] GC(2821) Pause Young (Allocation Failure) 433M->116M(1011M) 0.399ms
[310.113s][info][gc,cpu         ] GC(2821) User=0.00s Sys=0.00s Real=0.00s
[310.176s][info][gc,start       ] GC(2822) Pause Young (Allocation Failure)
[310.177s][info][gc,heap        ] GC(2822) PSYoungGen: 324800K(336384K)->160K(338944K) Eden: 324608K(324608K)->0K(327680K) From: 192K(11776K)->160K(11264K)
[310.177s][info][gc,heap        ] GC(2822) ParOldGen: 118671K(699392K)->118671K(699392K)
[310.177s][info][gc,metaspace   ] GC(2822) Metaspace: 36304K(36672K)->36304K(36672K) NonClass: 32136K(32320K)->32136K(32320K) Class: 4168K(4352K)->4168K(4352K)
[310.177s][info][gc             ] GC(2822) Pause Young (Allocation Failure) 433M->116M(1014M) 0.453ms
[310.177s][info][gc,cpu         ] GC(2822) User=0.00s Sys=0.00s Real=0.00s
[310.238s][info][gc,start       ] GC(2823) Pause Young (Allocation Failure)
[310.239s][info][gc,heap        ] GC(2823) PSYoungGen: 327840K(338944K)->160K(337920K) Eden: 327680K(327680K)->0K(327680K) From: 160K(11264K)->160K(10240K)
[310.239s][info][gc,heap        ] GC(2823) ParOldGen: 118671K(699392K)->118671K(699392K)
[310.239s][info][gc,metaspace   ] GC(2823) Metaspace: 36304K(36672K)->36304K(36672K) NonClass: 32136K(32320K)->32136K(32320K) Class: 4168K(4352K)->4168K(4352K)
[310.239s][info][gc             ] GC(2823) Pause Young (Allocation Failure) 436M->116M(1013M) 0.435ms
[310.239s][info][gc,cpu         ] GC(2823) User=0.00s Sys=0.00s Real=0.00s
[310.301s][info][gc,start       ] GC(2824) Pause Young (Allocation Failure)
[310.302s][info][gc,heap        ] GC(2824) PSYoungGen: 327840K(337920K)->160K(339968K) Eden: 327680K(327680K)->0K(330240K) From: 160K(10240K)->160K(9728K)
[310.302s][info][gc,heap        ] GC(2824) ParOldGen: 118671K(699392K)->118671K(699392K)
[310.302s][info][gc,metaspace   ] GC(2824) Metaspace: 36304K(36672K)->36304K(36672K) NonClass: 32136K(32320K)->32136K(32320K) Class: 4168K(4352K)->4168K(4352K)
[310.302s][info][gc             ] GC(2824) Pause Young (Allocation Failure) 436M->116M(1015M) 0.419ms
[310.302s][info][gc,cpu         ] GC(2824) User=0.00s Sys=0.00s Real=0.00s
[310.364s][info][gc,start       ] GC(2825) Pause Young (Allocation Failure)
[310.365s][info][gc,heap        ] GC(2825) PSYoungGen: 330400K(339968K)->192K(339456K) Eden: 330240K(330240K)->0K(330240K) From: 160K(9728K)->192K(9216K)
[310.365s][info][gc,heap        ] GC(2825) ParOldGen: 118671K(699392K)->118671K(699392K)
[310.365s][info][gc,metaspace   ] GC(2825) Metaspace: 36304K(36672K)->36304K(36672K) NonClass: 32136K(32320K)->32136K(32320K) Class: 4168K(4352K)->4168K(4352K)
[310.365s][info][gc             ] GC(2825) Pause Young (Allocation Failure) 438M->116M(1014M) 0.405ms
[310.365s][info][gc,cpu         ] GC(2825) User=0.00s Sys=0.00s Real=0.00s
[310.428s][info][gc,start       ] GC(2826) Pause Young (Allocation Failure)
[310.429s][info][gc,heap        ] GC(2826) PSYoungGen: 330432K(339456K)->160K(341504K) Eden: 330240K(330240K)->0K(332800K) From: 192K(9216K)->160K(8704K)
[310.429s][info][gc,heap        ] GC(2826) ParOldGen: 118671K(699392K)->118671K(699392K)
[310.429s][info][gc,metaspace   ] GC(2826) Metaspace: 36304K(36672K)->36304K(36672K) NonClass: 32136K(32320K)->32136K(32320K) Class: 4168K(4352K)->4168K(4352K)
[310.429s][info][gc             ] GC(2826) Pause Young (Allocation Failure) 438M->116M(1016M) 0.464ms
[310.429s][info][gc,cpu         ] GC(2826) User=0.00s Sys=0.00s Real=0.00s
[310.491s][info][gc,start       ] GC(2827) Pause Young (Allocation Failure)
[310.491s][info][gc,heap        ] GC(2827) PSYoungGen: 332960K(341504K)->192K(340480K) Eden: 332800K(332800K)->0K(332800K) From: 160K(8704K)->192K(7680K)
[310.491s][info][gc,heap        ] GC(2827) ParOldGen: 118671K(699392K)->118671K(699392K)
[310.491s][info][gc,metaspace   ] GC(2827) Metaspace: 36304K(36672K)->36304K(36672K) NonClass: 32136K(32320K)->32136K(32320K) Class: 4168K(4352K)->4168K(4352K)
[310.491s][info][gc             ] GC(2827) Pause Young (Allocation Failure) 441M->116M(1015M) 0.425ms
[310.491s][info][gc,cpu         ] GC(2827) User=0.00s Sys=0.00s Real=0.00s
[310.555s][info][gc,start       ] GC(2828) Pause Young (Allocation Failure)
[310.555s][info][gc,heap        ] GC(2828) PSYoungGen: 332992K(340480K)->160K(342528K) Eden: 332800K(332800K)->0K(335360K) From: 192K(7680K)->160K(7168K)
[310.555s][info][gc,heap        ] GC(2828) ParOldGen: 118671K(699392K)->118671K(699392K)
[310.555s][info][gc,metaspace   ] GC(2828) Metaspace: 36304K(36672K)->36304K(36672K) NonClass: 32136K(32320K)->32136K(32320K) Class: 4168K(4352K)->4168K(4352K)
[310.555s][info][gc             ] GC(2828) Pause Young (Allocation Failure) 441M->116M(1017M) 0.531ms
[310.555s][info][gc,cpu         ] GC(2828) User=0.00s Sys=0.00s Real=0.00s
[310.619s][info][gc,start       ] GC(2829) Pause Young (Allocation Failure)
[310.620s][info][gc,heap        ] GC(2829) PSYoungGen: 335520K(342528K)->160K(342016K) Eden: 335360K(335360K)->0K(335360K) From: 160K(7168K)->160K(6656K)
[310.620s][info][gc,heap        ] GC(2829) ParOldGen: 118671K(699392K)->118671K(699392K)
[310.620s][info][gc,metaspace   ] GC(2829) Metaspace: 36304K(36672K)->36304K(36672K) NonClass: 32136K(32320K)->32136K(32320K) Class: 4168K(4352K)->4168K(4352K)
[310.620s][info][gc             ] GC(2829) Pause Young (Allocation Failure) 443M->116M(1017M) 0.396ms
[310.620s][info][gc,cpu         ] GC(2829) User=0.00s Sys=0.00s Real=0.00s
[310.683s][info][gc,start       ] GC(2830) Pause Young (Allocation Failure)
[310.683s][info][gc,heap        ] GC(2830) PSYoungGen: 335520K(342016K)->192K(343040K) Eden: 335360K(335360K)->0K(336896K) From: 160K(6656K)->192K(6144K)
[310.683s][info][gc,heap        ] GC(2830) ParOldGen: 118671K(699392K)->118671K(699392K)
[310.683s][info][gc,metaspace   ] GC(2830) Metaspace: 36304K(36672K)->36304K(36672K) NonClass: 32136K(32320K)->32136K(32320K) Class: 4168K(4352K)->4168K(4352K)
[310.683s][info][gc             ] GC(2830) Pause Young (Allocation Failure) 443M->116M(1018M) 0.421ms
[310.683s][info][gc,cpu         ] GC(2830) User=0.00s Sys=0.00s Real=0.00s
[310.747s][info][gc,start       ] GC(2831) Pause Young (Allocation Failure)
[310.747s][info][gc,heap        ] GC(2831) PSYoungGen: 337088K(343040K)->192K(343040K) Eden: 336896K(336896K)->0K(336896K) From: 192K(6144K)->192K(6144K)
[310.747s][info][gc,heap        ] GC(2831) ParOldGen: 118671K(699392K)->118671K(699392K)
[310.748s][info][gc,metaspace   ] GC(2831) Metaspace: 36304K(36672K)->36304K(36672K) NonClass: 32136K(32320K)->32136K(32320K) Class: 4168K(4352K)->4168K(4352K)
[310.748s][info][gc             ] GC(2831) Pause Young (Allocation Failure) 445M->116M(1018M) 0.410ms
[310.748s][info][gc,cpu         ] GC(2831) User=0.00s Sys=0.00s Real=0.00s
[310.811s][info][gc,start       ] GC(2832) Pause Young (Allocation Failure)
[310.812s][info][gc,heap        ] GC(2832) PSYoungGen: 337088K(343040K)->192K(344064K) Eden: 336896K(336896K)->0K(338432K) From: 192K(6144K)->192K(5632K)
[310.812s][info][gc,heap        ] GC(2832) ParOldGen: 118671K(699392K)->118671K(699392K)
[310.812s][info][gc,metaspace   ] GC(2832) Metaspace: 36304K(36672K)->36304K(36672K) NonClass: 32136K(32320K)->32136K(32320K) Class: 4168K(4352K)->4168K(4352K)
[310.812s][info][gc             ] GC(2832) Pause Young (Allocation Failure) 445M->116M(1019M) 0.472ms
[310.812s][info][gc,cpu         ] GC(2832) User=0.00s Sys=0.00s Real=0.00s
[310.878s][info][gc,start       ] GC(2833) Pause Young (Allocation Failure)
[310.879s][info][gc,heap        ] GC(2833) PSYoungGen: 338624K(344064K)->160K(343552K) Eden: 338432K(338432K)->0K(338432K) From: 192K(5632K)->160K(5120K)
[310.879s][info][gc,heap        ] GC(2833) ParOldGen: 118671K(699392K)->118671K(699392K)
[310.879s][info][gc,metaspace   ] GC(2833) Metaspace: 36304K(36672K)->36304K(36672K) NonClass: 32136K(32320K)->32136K(32320K) Class: 4168K(4352K)->4168K(4352K)
[310.879s][info][gc             ] GC(2833) Pause Young (Allocation Failure) 446M->116M(1018M) 0.642ms
[310.879s][info][gc,cpu         ] GC(2833) User=0.00s Sys=0.00s Real=0.00s
[310.942s][info][gc,start       ] GC(2834) Pause Young (Allocation Failure)
[310.943s][info][gc,heap        ] GC(2834) PSYoungGen: 338592K(343552K)->192K(344576K) Eden: 338432K(338432K)->0K(339968K) From: 160K(5120K)->192K(4608K)
[310.943s][info][gc,heap        ] GC(2834) ParOldGen: 118671K(699392K)->118671K(699392K)
[310.943s][info][gc,metaspace   ] GC(2834) Metaspace: 36304K(36672K)->36304K(36672K) NonClass: 32136K(32320K)->32136K(32320K) Class: 4168K(4352K)->4168K(4352K)
[310.943s][info][gc             ] GC(2834) Pause Young (Allocation Failure) 446M->116M(1019M) 0.454ms
[310.943s][info][gc,cpu         ] GC(2834) User=0.00s Sys=0.00s Real=0.00s
[311.007s][info][gc,start       ] GC(2835) Pause Young (Allocation Failure)
[311.008s][info][gc,heap        ] GC(2835) PSYoungGen: 340160K(344576K)->160K(344576K) Eden: 339968K(339968K)->0K(339968K) From: 192K(4608K)->160K(4608K)
[311.008s][info][gc,heap        ] GC(2835) ParOldGen: 118671K(699392K)->118671K(699392K)
[311.008s][info][gc,metaspace   ] GC(2835) Metaspace: 36304K(36672K)->36304K(36672K) NonClass: 32136K(32320K)->32136K(32320K) Class: 4168K(4352K)->4168K(4352K)
[311.008s][info][gc             ] GC(2835) Pause Young (Allocation Failure) 448M->116M(1019M) 0.508ms
[311.008s][info][gc,cpu         ] GC(2835) User=0.00s Sys=0.00s Real=0.00s
[311.072s][info][gc,start       ] GC(2836) Pause Young (Allocation Failure)
[311.072s][info][gc,heap        ] GC(2836) PSYoungGen: 340128K(344576K)->192K(345600K) Eden: 339968K(339968K)->0K(341504K) From: 160K(4608K)->192K(4096K)
[311.072s][info][gc,heap        ] GC(2836) ParOldGen: 118671K(699392K)->118671K(699392K)
[311.072s][info][gc,metaspace   ] GC(2836) Metaspace: 36304K(36672K)->36304K(36672K) NonClass: 32136K(32320K)->32136K(32320K) Class: 4168K(4352K)->4168K(4352K)
[311.072s][info][gc             ] GC(2836) Pause Young (Allocation Failure) 448M->116M(1020M) 0.438ms
[311.072s][info][gc,cpu         ] GC(2836) User=0.00s Sys=0.00s Real=0.00s
[311.140s][info][gc,start       ] GC(2837) Pause Young (Allocation Failure)
[311.141s][info][gc,heap        ] GC(2837) PSYoungGen: 341696K(345600K)->192K(345088K) Eden: 341504K(341504K)->0K(341504K) From: 192K(4096K)->192K(3584K)
[311.141s][info][gc,heap        ] GC(2837) ParOldGen: 118671K(699392K)->118671K(699392K)
[311.141s][info][gc,metaspace   ] GC(2837) Metaspace: 36304K(36672K)->36304K(36672K) NonClass: 32136K(32320K)->32136K(32320K) Class: 4168K(4352K)->4168K(4352K)
[311.141s][info][gc             ] GC(2837) Pause Young (Allocation Failure) 449M->116M(1020M) 0.426ms
[311.141s][info][gc,cpu         ] GC(2837) User=0.02s Sys=0.00s Real=0.00s
[311.207s][info][gc,start       ] GC(2838) Pause Young (Allocation Failure)
[311.207s][info][gc,heap        ] GC(2838) PSYoungGen: 341696K(345088K)->160K(346112K) Eden: 341504K(341504K)->0K(342528K) From: 192K(3584K)->160K(3584K)
[311.207s][info][gc,heap        ] GC(2838) ParOldGen: 118671K(699392K)->118671K(699392K)
[311.207s][info][gc,metaspace   ] GC(2838) Metaspace: 36304K(36672K)->36304K(36672K) NonClass: 32136K(32320K)->32136K(32320K) Class: 4168K(4352K)->4168K(4352K)
[311.207s][info][gc             ] GC(2838) Pause Young (Allocation Failure) 449M->116M(1021M) 0.413ms
[311.207s][info][gc,cpu         ] GC(2838) User=0.00s Sys=0.00s Real=0.00s
[311.275s][info][gc,start       ] GC(2839) Pause Young (Allocation Failure)
[311.275s][info][gc,heap        ] GC(2839) PSYoungGen: 342688K(346112K)->192K(345600K) Eden: 342528K(342528K)->0K(342528K) From: 160K(3584K)->192K(3072K)
[311.275s][info][gc,heap        ] GC(2839) ParOldGen: 118671K(699392K)->118671K(699392K)
[311.275s][info][gc,metaspace   ] GC(2839) Metaspace: 36304K(36672K)->36304K(36672K) NonClass: 32136K(32320K)->32136K(32320K) Class: 4168K(4352K)->4168K(4352K)
[311.275s][info][gc             ] GC(2839) Pause Young (Allocation Failure) 450M->116M(1020M) 0.434ms
[311.275s][info][gc,cpu         ] GC(2839) User=0.00s Sys=0.00s Real=0.02s
[311.341s][info][gc,start       ] GC(2840) Pause Young (Allocation Failure)
[311.342s][info][gc,heap        ] GC(2840) PSYoungGen: 342720K(345600K)->160K(346112K) Eden: 342528K(342528K)->0K(343040K) From: 192K(3072K)->160K(3072K)
[311.342s][info][gc,heap        ] GC(2840) ParOldGen: 118671K(699392K)->118671K(699392K)
[311.342s][info][gc,metaspace   ] GC(2840) Metaspace: 36304K(36672K)->36304K(36672K) NonClass: 32136K(32320K)->32136K(32320K) Class: 4168K(4352K)->4168K(4352K)
[311.342s][info][gc             ] GC(2840) Pause Young (Allocation Failure) 450M->116M(1021M) 0.448ms
[311.342s][info][gc,cpu         ] GC(2840) User=0.00s Sys=0.00s Real=0.00s
[311.409s][info][gc,start       ] GC(2841) Pause Young (Allocation Failure)
[311.410s][info][gc,heap        ] GC(2841) PSYoungGen: 343200K(346112K)->192K(346112K) Eden: 343040K(343040K)->0K(343040K) From: 160K(3072K)->192K(3072K)
[311.410s][info][gc,heap        ] GC(2841) ParOldGen: 118671K(699392K)->118671K(699392K)
[311.410s][info][gc,metaspace   ] GC(2841) Metaspace: 36304K(36672K)->36304K(36672K) NonClass: 32136K(32320K)->32136K(32320K) Class: 4168K(4352K)->4168K(4352K)
[311.410s][info][gc             ] GC(2841) Pause Young (Allocation Failure) 451M->116M(1021M) 0.428ms
[311.410s][info][gc,cpu         ] GC(2841) User=0.00s Sys=0.00s Real=0.00s
[311.494s][info][gc,start       ] GC(2842) Pause Young (Allocation Failure)
[311.495s][info][gc,heap        ] GC(2842) PSYoungGen: 343232K(346112K)->192K(346624K) Eden: 343040K(343040K)->0K(344064K) From: 192K(3072K)->192K(2560K)
[311.495s][info][gc,heap        ] GC(2842) ParOldGen: 118671K(699392K)->118671K(699392K)
[311.495s][info][gc,metaspace   ] GC(2842) Metaspace: 36304K(36672K)->36304K(36672K) NonClass: 32136K(32320K)->32136K(32320K) Class: 4168K(4352K)->4168K(4352K)
[311.495s][info][gc             ] GC(2842) Pause Young (Allocation Failure) 451M->116M(1021M) 0.427ms
[311.495s][info][gc,cpu         ] GC(2842) User=0.00s Sys=0.00s Real=0.00s
[311.772s][info][gc,start       ] GC(2843) Pause Young (Allocation Failure)
[311.783s][info][gc,heap        ] GC(2843) PSYoungGen: 338729K(346624K)->2534K(346624K) Eden: 338537K(344064K)->0K(344064K) From: 192K(2560K)->2534K(2560K)
[311.783s][info][gc,heap        ] GC(2843) ParOldGen: 118671K(699392K)->156298K(699392K)
[311.783s][info][gc,metaspace   ] GC(2843) Metaspace: 36304K(36672K)->36304K(36672K) NonClass: 32136K(32320K)->32136K(32320K) Class: 4168K(4352K)->4168K(4352K)
[311.783s][info][gc             ] GC(2843) Pause Young (Allocation Failure) 446M->155M(1021M) 11.415ms
[311.783s][info][gc,cpu         ] GC(2843) User=0.09s Sys=0.00s Real=0.01s
[312.090s][info][gc,start       ] GC(2844) Pause Young (Allocation Failure)
[312.104s][info][gc,heap        ] GC(2844) PSYoungGen: 346598K(346624K)->2544K(292352K) Eden: 344064K(344064K)->0K(289792K) From: 2534K(2560K)->2544K(2560K)
[312.104s][info][gc,heap        ] GC(2844) ParOldGen: 156298K(699392K)->195663K(699392K)
[312.104s][info][gc,metaspace   ] GC(2844) Metaspace: 36304K(36672K)->36304K(36672K) NonClass: 32136K(32320K)->32136K(32320K) Class: 4168K(4352K)->4168K(4352K)
[312.104s][info][gc             ] GC(2844) Pause Young (Allocation Failure) 491M->193M(968M) 14.590ms
[312.104s][info][gc,cpu         ] GC(2844) User=0.09s Sys=0.00s Real=0.01s
[312.360s][info][gc,start       ] GC(2845) Pause Young (Allocation Failure)
[312.369s][info][gc,heap        ] GC(2845) PSYoungGen: 292336K(292352K)->26651K(316928K) Eden: 289792K(289792K)->0K(289792K) From: 2544K(2560K)->26651K(27136K)
[312.369s][info][gc,heap        ] GC(2845) ParOldGen: 195663K(699392K)->197305K(699392K)
[312.369s][info][gc,metaspace   ] GC(2845) Metaspace: 36304K(36672K)->36304K(36672K) NonClass: 32136K(32320K)->32136K(32320K) Class: 4168K(4352K)->4168K(4352K)
[312.369s][info][gc             ] GC(2845) Pause Young (Allocation Failure) 476M->218M(992M) 8.635ms
[312.369s][info][gc,cpu         ] GC(2845) User=0.00s Sys=0.00s Real=0.01s
[312.619s][info][gc,start       ] GC(2846) Pause Young (Allocation Failure)
[312.626s][info][gc,heap        ] GC(2846) PSYoungGen: 316443K(316928K)->13886K(314880K) Eden: 289792K(289792K)->0K(282624K) From: 26651K(27136K)->13886K(32256K)
[312.626s][info][gc,heap        ] GC(2846) ParOldGen: 197305K(699392K)->213511K(699392K)
[312.627s][info][gc,metaspace   ] GC(2846) Metaspace: 36304K(36672K)->36304K(36672K) NonClass: 32136K(32320K)->32136K(32320K) Class: 4168K(4352K)->4168K(4352K)
[312.627s][info][gc             ] GC(2846) Pause Young (Allocation Failure) 501M->222M(990M) 7.918ms
[312.627s][info][gc,cpu         ] GC(2846) User=0.09s Sys=0.00s Real=0.01s
[312.864s][info][gc,start       ] GC(2847) Pause Young (Allocation Failure)
[312.870s][info][gc,heap        ] GC(2847) PSYoungGen: 296510K(314880K)->10285K(315904K) Eden: 282624K(282624K)->0K(282624K) From: 13886K(32256K)->10285K(33280K)
[312.870s][info][gc,heap        ] GC(2847) ParOldGen: 213511K(699392K)->217574K(699392K)
[312.870s][info][gc,metaspace   ] GC(2847) Metaspace: 36304K(36672K)->36304K(36672K) NonClass: 32136K(32320K)->32136K(32320K) Class: 4168K(4352K)->4168K(4352K)
[312.870s][info][gc             ] GC(2847) Pause Young (Allocation Failure) 498M->222M(991M) 6.405ms
[312.870s][info][gc,cpu         ] GC(2847) User=0.00s Sys=0.00s Real=0.01s
[313.123s][info][gc,start       ] GC(2848) Pause Young (Allocation Failure)
[313.127s][info][gc,heap        ] GC(2848) PSYoungGen: 292909K(315904K)->9327K(320000K) Eden: 282624K(282624K)->0K(288768K) From: 10285K(33280K)->9327K(31232K)
[313.127s][info][gc,heap        ] GC(2848) ParOldGen: 217574K(699392K)->218913K(699392K)
[313.127s][info][gc,metaspace   ] GC(2848) Metaspace: 36304K(36672K)->36304K(36672K) NonClass: 32136K(32320K)->32136K(32320K) Class: 4168K(4352K)->4168K(4352K)
[313.127s][info][gc             ] GC(2848) Pause Young (Allocation Failure) 498M->222M(995M) 4.848ms
[313.127s][info][gc,cpu         ] GC(2848) User=0.09s Sys=0.00s Real=0.01s
[313.369s][info][gc,start       ] GC(2849) Pause Young (Allocation Failure)
[313.375s][info][gc,heap        ] GC(2849) PSYoungGen: 298095K(320000K)->12194K(317952K) Eden: 288768K(288768K)->0K(288768K) From: 9327K(31232K)->12194K(29184K)
[313.375s][info][gc,heap        ] GC(2849) ParOldGen: 218913K(699392K)->219651K(699392K)
[313.375s][info][gc,metaspace   ] GC(2849) Metaspace: 36304K(36672K)->36304K(36672K) NonClass: 32136K(32320K)->32136K(32320K) Class: 4168K(4352K)->4168K(4352K)
[313.375s][info][gc             ] GC(2849) Pause Young (Allocation Failure) 504M->226M(993M) 6.437ms
[313.375s][info][gc,cpu         ] GC(2849) User=0.09s Sys=0.00s Real=0.01s
[313.615s][info][gc,start       ] GC(2850) Pause Young (Allocation Failure)
[313.623s][info][gc,heap        ] GC(2850) PSYoungGen: 299899K(317952K)->23068K(314880K) Eden: 287704K(288768K)->0K(286720K) From: 12194K(29184K)->23068K(28160K)
[313.623s][info][gc,heap        ] GC(2850) ParOldGen: 219651K(699392K)->221190K(699392K)
[313.623s][info][gc,metaspace   ] GC(2850) Metaspace: 36304K(36672K)->36304K(36672K) NonClass: 32136K(32320K)->32136K(32320K) Class: 4168K(4352K)->4168K(4352K)
[313.623s][info][gc             ] GC(2850) Pause Young (Allocation Failure) 507M->238M(990M) 8.274ms
[313.623s][info][gc,cpu         ] GC(2850) User=0.00s Sys=0.00s Real=0.01s
[313.861s][info][gc,start       ] GC(2851) Pause Young (Allocation Failure)
[313.869s][info][gc,heap        ] GC(2851) PSYoungGen: 304643K(314880K)->20146K(307200K) Eden: 281574K(286720K)->0K(286720K) From: 23068K(28160K)->20146K(20480K)
[313.869s][info][gc,heap        ] GC(2851) ParOldGen: 221190K(699392K)->226374K(699392K)
[313.869s][info][gc,metaspace   ] GC(2851) Metaspace: 36304K(36672K)->36304K(36672K) NonClass: 32136K(32320K)->32136K(32320K) Class: 4168K(4352K)->4168K(4352K)
[313.869s][info][gc             ] GC(2851) Pause Young (Allocation Failure) 513M->240M(983M) 8.130ms
[313.869s][info][gc,cpu         ] GC(2851) User=0.00s Sys=0.00s Real=0.01s
[314.094s][info][gc,start       ] GC(2852) Pause Young (Allocation Failure)
[314.101s][info][gc,heap        ] GC(2852) PSYoungGen: 301315K(307200K)->20696K(314880K) Eden: 281169K(286720K)->0K(282624K) From: 20146K(20480K)->20696K(32256K)
[314.102s][info][gc,heap        ] GC(2852) ParOldGen: 226374K(699392K)->231261K(699392K)
[314.102s][info][gc,metaspace   ] GC(2852) Metaspace: 36304K(36672K)->36304K(36672K) NonClass: 32136K(32320K)->32136K(32320K) Class: 4168K(4352K)->4168K(4352K)
[314.102s][info][gc             ] GC(2852) Pause Young (Allocation Failure) 515M->246M(990M) 7.418ms
[314.102s][info][gc,cpu         ] GC(2852) User=0.00s Sys=0.00s Real=0.01s
[314.341s][info][gc,start       ] GC(2853) Pause Young (Allocation Failure)
[314.347s][info][gc,heap        ] GC(2853) PSYoungGen: 303320K(314880K)->10760K(315904K) Eden: 282624K(282624K)->0K(282624K) From: 20696K(32256K)->10760K(33280K)
[314.347s][info][gc,heap        ] GC(2853) ParOldGen: 231261K(699392K)->233433K(699392K)
[314.347s][info][gc,metaspace   ] GC(2853) Metaspace: 36304K(36672K)->36304K(36672K) NonClass: 32136K(32320K)->32136K(32320K) Class: 4168K(4352K)->4168K(4352K)
[314.347s][info][gc             ] GC(2853) Pause Young (Allocation Failure) 522M->238M(991M) 5.798ms
[314.347s][info][gc,cpu         ] GC(2853) User=0.09s Sys=0.00s Real=0.00s
[314.570s][info][gc,start       ] GC(2854) Pause Young (Allocation Failure)
[314.577s][info][gc,heap        ] GC(2854) PSYoungGen: 293384K(315904K)->13587K(318976K) Eden: 282624K(282624K)->0K(287232K) From: 10760K(33280K)->13587K(31744K)
[314.577s][info][gc,heap        ] GC(2854) ParOldGen: 233433K(699392K)->234274K(699392K)
[314.577s][info][gc,metaspace   ] GC(2854) Metaspace: 36304K(36672K)->36304K(36672K) NonClass: 32136K(32320K)->32136K(32320K) Class: 4168K(4352K)->4168K(4352K)
[314.577s][info][gc             ] GC(2854) Pause Young (Allocation Failure) 514M->242M(994M) 6.958ms
[314.577s][info][gc,cpu         ] GC(2854) User=0.00s Sys=0.00s Real=0.01s
[314.674s][info][gc,start       ] GC(2855) Pause Young (System.gc())
[314.679s][info][gc,heap        ] GC(2855) PSYoungGen: 128747K(318976K)->6027K(317440K) Eden: 115160K(287232K)->0K(287232K) From: 13587K(31744K)->6027K(30208K)
[314.679s][info][gc,heap        ] GC(2855) ParOldGen: 234274K(699392K)->240025K(699392K)
[314.679s][info][gc,metaspace   ] GC(2855) Metaspace: 36304K(36672K)->36304K(36672K) NonClass: 32136K(32320K)->32136K(32320K) Class: 4168K(4352K)->4168K(4352K)
[314.679s][info][gc             ] GC(2855) Pause Young (System.gc()) 354M->240M(993M) 5.238ms
[314.679s][info][gc,cpu         ] GC(2855) User=0.00s Sys=0.00s Real=0.01s
[314.679s][info][gc,start       ] GC(2856) Pause Full (System.gc())
[314.679s][info][gc,phases,start] GC(2856) Marking Phase
[314.696s][info][gc,phases      ] GC(2856) Marking Phase 16.808ms
[314.696s][info][gc,phases,start] GC(2856) Summary Phase
[314.696s][info][gc,phases      ] GC(2856) Summary Phase 0.012ms
[314.696s][info][gc,phases,start] GC(2856) Adjust Roots
[314.699s][info][gc,phases      ] GC(2856) Adjust Roots 3.425ms
[314.700s][info][gc,phases,start] GC(2856) Compaction Phase
[314.708s][info][gc,phases      ] GC(2856) Compaction Phase 8.210ms
[314.708s][info][gc,phases,start] GC(2856) Post Compact
[314.709s][info][gc,phases      ] GC(2856) Post Compact 1.004ms
[314.709s][info][gc,heap        ] GC(2856) PSYoungGen: 6027K(317440K)->0K(317440K) Eden: 0K(287232K)->0K(287232K) From: 6027K(30208K)->0K(30208K)
[314.709s][info][gc,heap        ] GC(2856) ParOldGen: 240025K(699392K)->117373K(699392K)
[314.709s][info][gc,metaspace   ] GC(2856) Metaspace: 36304K(36672K)->36304K(36672K) NonClass: 32136K(32320K)->32136K(32320K) Class: 4168K(4352K)->4168K(4352K)
[314.709s][info][gc             ] GC(2856) Pause Full (System.gc()) 240M->114M(993M) 29.756ms
[314.709s][info][gc,cpu         ] GC(2856) User=0.16s Sys=0.00s Real=0.03s
[314.755s][info][gc,start       ] GC(2857) Pause Young (Allocation Failure)
[314.756s][info][gc,heap        ] GC(2857) PSYoungGen: 287232K(317440K)->192K(318464K) Eden: 287232K(287232K)->0K(288768K) From: 0K(30208K)->192K(29696K)
[314.756s][info][gc,heap        ] GC(2857) ParOldGen: 117373K(699392K)->117373K(699392K)
[314.756s][info][gc,metaspace   ] GC(2857) Metaspace: 36304K(36672K)->36304K(36672K) NonClass: 32136K(32320K)->32136K(32320K) Class: 4168K(4352K)->4168K(4352K)
[314.756s][info][gc             ] GC(2857) Pause Young (Allocation Failure) 395M->114M(994M) 0.401ms
[314.756s][info][gc,cpu         ] GC(2857) User=0.00s Sys=0.00s Real=0.00s
[314.799s][info][gc,start       ] GC(2858) Pause Young (Allocation Failure)
[314.799s][info][gc,heap        ] GC(2858) PSYoungGen: 288960K(318464K)->160K(318976K) Eden: 288768K(288768K)->0K(288768K) From: 192K(29696K)->160K(30208K)
[314.799s][info][gc,heap        ] GC(2858) ParOldGen: 117373K(699392K)->117421K(699392K)
[314.799s][info][gc,metaspace   ] GC(2858) Metaspace: 36304K(36672K)->36304K(36672K) NonClass: 32136K(32320K)->32136K(32320K) Class: 4168K(4352K)->4168K(4352K)
[314.799s][info][gc             ] GC(2858) Pause Young (Allocation Failure) 396M->114M(994M) 0.394ms
[314.799s][info][gc,cpu         ] GC(2858) User=0.00s Sys=0.00s Real=0.00s
[314.843s][info][gc,start       ] GC(2859) Pause Young (Allocation Failure)
[314.844s][info][gc,heap        ] GC(2859) PSYoungGen: 288928K(318976K)->160K(319488K) Eden: 288768K(288768K)->0K(289280K) From: 160K(30208K)->160K(30208K)
[314.844s][info][gc,heap        ] GC(2859) ParOldGen: 117421K(699392K)->117421K(699392K)
[314.844s][info][gc,metaspace   ] GC(2859) Metaspace: 36304K(36672K)->36304K(36672K) NonClass: 32136K(32320K)->32136K(32320K) Class: 4168K(4352K)->4168K(4352K)
[314.844s][info][gc             ] GC(2859) Pause Young (Allocation Failure) 396M->114M(995M) 0.381ms
[314.844s][info][gc,cpu         ] GC(2859) User=0.09s Sys=0.00s Real=0.00s
[314.890s][info][gc,start       ] GC(2860) Pause Young (Allocation Failure)
[314.892s][info][gc,heap        ] GC(2860) PSYoungGen: 289440K(319488K)->192K(318976K) Eden: 289280K(289280K)->0K(289280K) From: 160K(30208K)->192K(29696K)
[314.892s][info][gc,heap        ] GC(2860) ParOldGen: 117421K(699392K)->117421K(699392K)
[314.892s][info][gc,metaspace   ] GC(2860) Metaspace: 36304K(36672K)->36304K(36672K) NonClass: 32136K(32320K)->32136K(32320K) Class: 4168K(4352K)->4168K(4352K)
[314.892s][info][gc             ] GC(2860) Pause Young (Allocation Failure) 397M->114M(994M) 1.247ms
[314.892s][info][gc,cpu         ] GC(2860) User=0.00s Sys=0.00s Real=0.00s
[314.935s][info][gc,start       ] GC(2861) Pause Young (Allocation Failure)
[314.935s][info][gc,heap        ] GC(2861) PSYoungGen: 289472K(318976K)->160K(320512K) Eden: 289280K(289280K)->0K(291328K) From: 192K(29696K)->160K(29184K)
[314.936s][info][gc,heap        ] GC(2861) ParOldGen: 117421K(699392K)->117421K(699392K)
[314.936s][info][gc,metaspace   ] GC(2861) Metaspace: 36304K(36672K)->36304K(36672K) NonClass: 32136K(32320K)->32136K(32320K) Class: 4168K(4352K)->4168K(4352K)
[314.936s][info][gc             ] GC(2861) Pause Young (Allocation Failure) 397M->114M(996M) 0.445ms
[314.936s][info][gc,cpu         ] GC(2861) User=0.00s Sys=0.00s Real=0.00s
[314.981s][info][gc,start       ] GC(2862) Pause Young (Allocation Failure)
[314.981s][info][gc,heap        ] GC(2862) PSYoungGen: 291488K(320512K)->192K(320000K) Eden: 291328K(291328K)->0K(291328K) From: 160K(29184K)->192K(28672K)
[314.981s][info][gc,heap        ] GC(2862) ParOldGen: 117421K(699392K)->117421K(699392K)
[314.981s][info][gc,metaspace   ] GC(2862) Metaspace: 36304K(36672K)->36304K(36672K) NonClass: 32136K(32320K)->32136K(32320K) Class: 4168K(4352K)->4168K(4352K)
[314.981s][info][gc             ] GC(2862) Pause Young (Allocation Failure) 399M->114M(995M) 0.398ms
[314.981s][info][gc,cpu         ] GC(2862) User=0.00s Sys=0.00s Real=0.00s
[315.025s][info][gc,start       ] GC(2863) Pause Young (Allocation Failure)
[315.025s][info][gc,heap        ] GC(2863) PSYoungGen: 291520K(320000K)->192K(322560K) Eden: 291328K(291328K)->0K(294912K) From: 192K(28672K)->192K(27648K)
[315.025s][info][gc,heap        ] GC(2863) ParOldGen: 117421K(699392K)->117421K(699392K)
[315.025s][info][gc,metaspace   ] GC(2863) Metaspace: 36304K(36672K)->36304K(36672K) NonClass: 32136K(32320K)->32136K(32320K) Class: 4168K(4352K)->4168K(4352K)
[315.025s][info][gc             ] GC(2863) Pause Young (Allocation Failure) 399M->114M(998M) 0.395ms
[315.025s][info][gc,cpu         ] GC(2863) User=0.00s Sys=0.00s Real=0.00s
[315.069s][info][gc,start       ] GC(2864) Pause Young (Allocation Failure)
[315.069s][info][gc,heap        ] GC(2864) PSYoungGen: 295104K(322560K)->192K(321536K) Eden: 294912K(294912K)->0K(294912K) From: 192K(27648K)->192K(26624K)
[315.069s][info][gc,heap        ] GC(2864) ParOldGen: 117421K(699392K)->117421K(699392K)
[315.069s][info][gc,metaspace   ] GC(2864) Metaspace: 36304K(36672K)->36304K(36672K) NonClass: 32136K(32320K)->32136K(32320K) Class: 4168K(4352K)->4168K(4352K)
[315.069s][info][gc             ] GC(2864) Pause Young (Allocation Failure) 402M->114M(997M) 0.401ms
[315.069s][info][gc,cpu         ] GC(2864) User=0.00s Sys=0.00s Real=0.00s
[315.114s][info][gc,start       ] GC(2865) Pause Young (Allocation Failure)
[315.114s][info][gc,heap        ] GC(2865) PSYoungGen: 295104K(321536K)->160K(324608K) Eden: 294912K(294912K)->0K(299008K) From: 192K(26624K)->160K(25600K)
[315.114s][info][gc,heap        ] GC(2865) ParOldGen: 117421K(699392K)->117421K(699392K)
[315.114s][info][gc,metaspace   ] GC(2865) Metaspace: 36304K(36672K)->36304K(36672K) NonClass: 32136K(32320K)->32136K(32320K) Class: 4168K(4352K)->4168K(4352K)
[315.114s][info][gc             ] GC(2865) Pause Young (Allocation Failure) 402M->114M(1000M) 0.375ms
[315.114s][info][gc,cpu         ] GC(2865) User=0.00s Sys=0.00s Real=0.00s
[315.160s][info][gc,start       ] GC(2866) Pause Young (Allocation Failure)
[315.161s][info][gc,heap        ] GC(2866) PSYoungGen: 299168K(324608K)->128K(323584K) Eden: 299008K(299008K)->0K(299008K) From: 160K(25600K)->128K(24576K)
[315.161s][info][gc,heap        ] GC(2866) ParOldGen: 117421K(699392K)->117421K(699392K)
[315.161s][info][gc,metaspace   ] GC(2866) Metaspace: 36304K(36672K)->36304K(36672K) NonClass: 32136K(32320K)->32136K(32320K) Class: 4168K(4352K)->4168K(4352K)
[315.161s][info][gc             ] GC(2866) Pause Young (Allocation Failure) 406M->114M(999M) 0.506ms
[315.161s][info][gc,cpu         ] GC(2866) User=0.00s Sys=0.00s Real=0.00s
[315.206s][info][gc,start       ] GC(2867) Pause Young (Allocation Failure)
[315.207s][info][gc,heap        ] GC(2867) PSYoungGen: 299136K(323584K)->192K(326656K) Eden: 299008K(299008K)->0K(303104K) From: 128K(24576K)->192K(23552K)
[315.207s][info][gc,heap        ] GC(2867) ParOldGen: 117421K(699392K)->117421K(699392K)
[315.207s][info][gc,metaspace   ] GC(2867) Metaspace: 36304K(36672K)->36304K(36672K) NonClass: 32136K(32320K)->32136K(32320K) Class: 4168K(4352K)->4168K(4352K)
[315.207s][info][gc             ] GC(2867) Pause Young (Allocation Failure) 406M->114M(1002M) 0.414ms
[315.207s][info][gc,cpu         ] GC(2867) User=0.00s Sys=0.00s Real=0.00s
[315.253s][info][gc,start       ] GC(2868) Pause Young (Allocation Failure)
[315.253s][info][gc,heap        ] GC(2868) PSYoungGen: 303296K(326656K)->160K(325632K) Eden: 303104K(303104K)->0K(303104K) From: 192K(23552K)->160K(22528K)
[315.253s][info][gc,heap        ] GC(2868) ParOldGen: 117421K(699392K)->117421K(699392K)
[315.253s][info][gc,metaspace   ] GC(2868) Metaspace: 36304K(36672K)->36304K(36672K) NonClass: 32136K(32320K)->32136K(32320K) Class: 4168K(4352K)->4168K(4352K)
[315.253s][info][gc             ] GC(2868) Pause Young (Allocation Failure) 410M->114M(1001M) 0.422ms
[315.253s][info][gc,cpu         ] GC(2868) User=0.00s Sys=0.00s Real=0.00s
[315.300s][info][gc,start       ] GC(2869) Pause Young (Allocation Failure)
[315.300s][info][gc,heap        ] GC(2869) PSYoungGen: 303264K(325632K)->160K(329216K) Eden: 303104K(303104K)->0K(308224K) From: 160K(22528K)->160K(20992K)
[315.300s][info][gc,heap        ] GC(2869) ParOldGen: 117421K(699392K)->117421K(699392K)
[315.300s][info][gc,metaspace   ] GC(2869) Metaspace: 36304K(36672K)->36304K(36672K) NonClass: 32136K(32320K)->32136K(32320K) Class: 4168K(4352K)->4168K(4352K)
[315.300s][info][gc             ] GC(2869) Pause Young (Allocation Failure) 410M->114M(1004M) 0.418ms
[315.300s][info][gc,cpu         ] GC(2869) User=0.00s Sys=0.00s Real=0.00s
[315.347s][info][gc,start       ] GC(2870) Pause Young (Allocation Failure)
[315.347s][info][gc,heap        ] GC(2870) PSYoungGen: 308384K(329216K)->192K(328192K) Eden: 308224K(308224K)->0K(308224K) From: 160K(20992K)->192K(19968K)
[315.347s][info][gc,heap        ] GC(2870) ParOldGen: 117421K(699392K)->117421K(699392K)
[315.347s][info][gc,metaspace   ] GC(2870) Metaspace: 36304K(36672K)->36304K(36672K) NonClass: 32136K(32320K)->32136K(32320K) Class: 4168K(4352K)->4168K(4352K)
[315.347s][info][gc             ] GC(2870) Pause Young (Allocation Failure) 415M->114M(1003M) 0.421ms
[315.347s][info][gc,cpu         ] GC(2870) User=0.00s Sys=0.00s Real=0.00s
[315.397s][info][gc,start       ] GC(2871) Pause Young (Allocation Failure)
[315.397s][info][gc,heap        ] GC(2871) PSYoungGen: 308416K(328192K)->192K(331264K) Eden: 308224K(308224K)->0K(312320K) From: 192K(19968K)->192K(18944K)
[315.397s][info][gc,heap        ] GC(2871) ParOldGen: 117421K(699392K)->117421K(699392K)
[315.397s][info][gc,metaspace   ] GC(2871) Metaspace: 36304K(36672K)->36304K(36672K) NonClass: 32136K(32320K)->32136K(32320K) Class: 4168K(4352K)->4168K(4352K)
[315.397s][info][gc             ] GC(2871) Pause Young (Allocation Failure) 415M->114M(1006M) 0.407ms
[315.397s][info][gc,cpu         ] GC(2871) User=0.00s Sys=0.00s Real=0.00s
[315.462s][info][gc,start       ] GC(2872) Pause Young (Allocation Failure)
[315.463s][info][gc,heap        ] GC(2872) PSYoungGen: 312512K(331264K)->192K(330240K) Eden: 312320K(312320K)->0K(312320K) From: 192K(18944K)->192K(17920K)
[315.463s][info][gc,heap        ] GC(2872) ParOldGen: 117421K(699392K)->117421K(699392K)
[315.463s][info][gc,metaspace   ] GC(2872) Metaspace: 36304K(36672K)->36304K(36672K) NonClass: 32136K(32320K)->32136K(32320K) Class: 4168K(4352K)->4168K(4352K)
[315.463s][info][gc             ] GC(2872) Pause Young (Allocation Failure) 419M->114M(1005M) 0.454ms
[315.463s][info][gc,cpu         ] GC(2872) User=0.00s Sys=0.00s Real=0.00s
[315.524s][info][gc,start       ] GC(2873) Pause Young (Allocation Failure)
[315.524s][info][gc,heap        ] GC(2873) PSYoungGen: 312512K(330240K)->192K(333312K) Eden: 312320K(312320K)->0K(316416K) From: 192K(17920K)->192K(16896K)
[315.524s][info][gc,heap        ] GC(2873) ParOldGen: 117421K(699392K)->117469K(699392K)
[315.524s][info][gc,metaspace   ] GC(2873) Metaspace: 36304K(36672K)->36304K(36672K) NonClass: 32136K(32320K)->32136K(32320K) Class: 4168K(4352K)->4168K(4352K)
[315.524s][info][gc             ] GC(2873) Pause Young (Allocation Failure) 419M->114M(1008M) 0.435ms
[315.524s][info][gc,cpu         ] GC(2873) User=0.00s Sys=0.00s Real=0.00s
[315.585s][info][gc,start       ] GC(2874) Pause Young (Allocation Failure)
[315.585s][info][gc,heap        ] GC(2874) PSYoungGen: 316608K(333312K)->160K(332288K) Eden: 316416K(316416K)->0K(316416K) From: 192K(16896K)->160K(15872K)
[315.585s][info][gc,heap        ] GC(2874) ParOldGen: 117469K(699392K)->117469K(699392K)
[315.585s][info][gc,metaspace   ] GC(2874) Metaspace: 36304K(36672K)->36304K(36672K) NonClass: 32136K(32320K)->32136K(32320K) Class: 4168K(4352K)->4168K(4352K)
[315.585s][info][gc             ] GC(2874) Pause Young (Allocation Failure) 423M->114M(1007M) 0.420ms
[315.585s][info][gc,cpu         ] GC(2874) User=0.00s Sys=0.00s Real=0.00s
[315.645s][info][gc,start       ] GC(2875) Pause Young (Allocation Failure)
[315.645s][info][gc,heap        ] GC(2875) PSYoungGen: 316576K(332288K)->192K(335360K) Eden: 316416K(316416K)->0K(320512K) From: 160K(15872K)->192K(14848K)
[315.645s][info][gc,heap        ] GC(2875) ParOldGen: 117469K(699392K)->117469K(699392K)
[315.645s][info][gc,metaspace   ] GC(2875) Metaspace: 36304K(36672K)->36304K(36672K) NonClass: 32136K(32320K)->32136K(32320K) Class: 4168K(4352K)->4168K(4352K)
[315.645s][info][gc             ] GC(2875) Pause Young (Allocation Failure) 423M->114M(1010M) 0.425ms
[315.645s][info][gc,cpu         ] GC(2875) User=0.00s Sys=0.00s Real=0.00s
[315.707s][info][gc,start       ] GC(2876) Pause Young (Allocation Failure)
[315.708s][info][gc,heap        ] GC(2876) PSYoungGen: 320704K(335360K)->160K(334336K) Eden: 320512K(320512K)->0K(320512K) From: 192K(14848K)->160K(13824K)
[315.708s][info][gc,heap        ] GC(2876) ParOldGen: 117469K(699392K)->117469K(699392K)
[315.708s][info][gc,metaspace   ] GC(2876) Metaspace: 36304K(36672K)->36304K(36672K) NonClass: 32136K(32320K)->32136K(32320K) Class: 4168K(4352K)->4168K(4352K)
[315.708s][info][gc             ] GC(2876) Pause Young (Allocation Failure) 427M->114M(1009M) 0.564ms
[315.708s][info][gc,cpu         ] GC(2876) User=0.00s Sys=0.00s Real=0.00s
[315.767s][info][gc,start       ] GC(2877) Pause Young (Allocation Failure)
[315.768s][info][gc,heap        ] GC(2877) PSYoungGen: 320672K(334336K)->192K(336896K) Eden: 320512K(320512K)->0K(324096K) From: 160K(13824K)->192K(12800K)
[315.768s][info][gc,heap        ] GC(2877) ParOldGen: 117469K(699392K)->117469K(699392K)
[315.768s][info][gc,metaspace   ] GC(2877) Metaspace: 36304K(36672K)->36304K(36672K) NonClass: 32136K(32320K)->32136K(32320K) Class: 4168K(4352K)->4168K(4352K)
[315.768s][info][gc             ] GC(2877) Pause Young (Allocation Failure) 427M->114M(1012M) 0.433ms
[315.768s][info][gc,cpu         ] GC(2877) User=0.00s Sys=0.00s Real=0.00s
[315.832s][info][gc,start       ] GC(2878) Pause Young (Allocation Failure)
[315.832s][info][gc,heap        ] GC(2878) PSYoungGen: 324288K(336896K)->192K(336384K) Eden: 324096K(324096K)->0K(324096K) From: 192K(12800K)->192K(12288K)
[315.832s][info][gc,heap        ] GC(2878) ParOldGen: 117469K(699392K)->117469K(699392K)
[315.832s][info][gc,metaspace   ] GC(2878) Metaspace: 36304K(36672K)->36304K(36672K) NonClass: 32136K(32320K)->32136K(32320K) Class: 4168K(4352K)->4168K(4352K)
[315.832s][info][gc             ] GC(2878) Pause Young (Allocation Failure) 431M->114M(1011M) 0.445ms
[315.832s][info][gc,cpu         ] GC(2878) User=0.00s Sys=0.00s Real=0.00s
[315.896s][info][gc,start       ] GC(2879) Pause Young (Allocation Failure)
[315.896s][info][gc,heap        ] GC(2879) PSYoungGen: 324288K(336384K)->160K(338432K) Eden: 324096K(324096K)->0K(327168K) From: 192K(12288K)->160K(11264K)
[315.896s][info][gc,heap        ] GC(2879) ParOldGen: 117469K(699392K)->117469K(699392K)
[315.896s][info][gc,metaspace   ] GC(2879) Metaspace: 36304K(36672K)->36304K(36672K) NonClass: 32136K(32320K)->32136K(32320K) Class: 4168K(4352K)->4168K(4352K)
[315.896s][info][gc             ] GC(2879) Pause Young (Allocation Failure) 431M->114M(1013M) 0.416ms
[315.896s][info][gc,cpu         ] GC(2879) User=0.00s Sys=0.00s Real=0.00s
[315.959s][info][gc,start       ] GC(2880) Pause Young (Allocation Failure)
[315.959s][info][gc,heap        ] GC(2880) PSYoungGen: 327328K(338432K)->160K(337920K) Eden: 327168K(327168K)->0K(327168K) From: 160K(11264K)->160K(10752K)
[315.959s][info][gc,heap        ] GC(2880) ParOldGen: 117469K(699392K)->117469K(699392K)
[315.959s][info][gc,metaspace   ] GC(2880) Metaspace: 36304K(36672K)->36304K(36672K) NonClass: 32136K(32320K)->32136K(32320K) Class: 4168K(4352K)->4168K(4352K)
[315.959s][info][gc             ] GC(2880) Pause Young (Allocation Failure) 434M->114M(1013M) 0.399ms
[315.959s][info][gc,cpu         ] GC(2880) User=0.00s Sys=0.00s Real=0.00s
[316.022s][info][gc,start       ] GC(2881) Pause Young (Allocation Failure)
[316.023s][info][gc,heap        ] GC(2881) PSYoungGen: 327328K(337920K)->192K(339968K) Eden: 327168K(327168K)->0K(330240K) From: 160K(10752K)->192K(9728K)
[316.023s][info][gc,heap        ] GC(2881) ParOldGen: 117469K(699392K)->117469K(699392K)
[316.023s][info][gc,metaspace   ] GC(2881) Metaspace: 36304K(36672K)->36304K(36672K) NonClass: 32136K(32320K)->32136K(32320K) Class: 4168K(4352K)->4168K(4352K)
[316.023s][info][gc             ] GC(2881) Pause Young (Allocation Failure) 434M->114M(1015M) 0.453ms
[316.023s][info][gc,cpu         ] GC(2881) User=0.00s Sys=0.00s Real=0.00s
[316.088s][info][gc,start       ] GC(2882) Pause Young (Allocation Failure)
[316.088s][info][gc,heap        ] GC(2882) PSYoungGen: 330432K(339968K)->160K(339456K) Eden: 330240K(330240K)->0K(330240K) From: 192K(9728K)->160K(9216K)
[316.088s][info][gc,heap        ] GC(2882) ParOldGen: 117469K(699392K)->117469K(699392K)
[316.088s][info][gc,metaspace   ] GC(2882) Metaspace: 36304K(36672K)->36304K(36672K) NonClass: 32136K(32320K)->32136K(32320K) Class: 4168K(4352K)->4168K(4352K)
[316.088s][info][gc             ] GC(2882) Pause Young (Allocation Failure) 437M->114M(1014M) 0.382ms
[316.088s][info][gc,cpu         ] GC(2882) User=0.00s Sys=0.00s Real=0.00s
[316.151s][info][gc,start       ] GC(2883) Pause Young (Allocation Failure)
[316.151s][info][gc,heap        ] GC(2883) PSYoungGen: 330400K(339456K)->160K(341504K) Eden: 330240K(330240K)->0K(332800K) From: 160K(9216K)->160K(8704K)
[316.151s][info][gc,heap        ] GC(2883) ParOldGen: 117469K(699392K)->117469K(699392K)
[316.151s][info][gc,metaspace   ] GC(2883) Metaspace: 36304K(36672K)->36304K(36672K) NonClass: 32136K(32320K)->32136K(32320K) Class: 4168K(4352K)->4168K(4352K)
[316.151s][info][gc             ] GC(2883) Pause Young (Allocation Failure) 437M->114M(1016M) 0.411ms
[316.151s][info][gc,cpu         ] GC(2883) User=0.00s Sys=0.00s Real=0.00s
[316.214s][info][gc,start       ] GC(2884) Pause Young (Allocation Failure)
[316.214s][info][gc,heap        ] GC(2884) PSYoungGen: 332960K(341504K)->192K(340480K) Eden: 332800K(332800K)->0K(332800K) From: 160K(8704K)->192K(7680K)
[316.214s][info][gc,heap        ] GC(2884) ParOldGen: 117469K(699392K)->117469K(699392K)
[316.214s][info][gc,metaspace   ] GC(2884) Metaspace: 36304K(36672K)->36304K(36672K) NonClass: 32136K(32320K)->32136K(32320K) Class: 4168K(4352K)->4168K(4352K)
[316.214s][info][gc             ] GC(2884) Pause Young (Allocation Failure) 439M->114M(1015M) 0.396ms
[316.214s][info][gc,cpu         ] GC(2884) User=0.00s Sys=0.00s Real=0.00s
[316.277s][info][gc,start       ] GC(2885) Pause Young (Allocation Failure)
[316.277s][info][gc,heap        ] GC(2885) PSYoungGen: 332992K(340480K)->192K(342528K) Eden: 332800K(332800K)->0K(335360K) From: 192K(7680K)->192K(7168K)
[316.277s][info][gc,heap        ] GC(2885) ParOldGen: 117469K(699392K)->117469K(699392K)
[316.277s][info][gc,metaspace   ] GC(2885) Metaspace: 36304K(36672K)->36304K(36672K) NonClass: 32136K(32320K)->32136K(32320K) Class: 4168K(4352K)->4168K(4352K)
[316.277s][info][gc             ] GC(2885) Pause Young (Allocation Failure) 439M->114M(1017M) 0.378ms
[316.277s][info][gc,cpu         ] GC(2885) User=0.00s Sys=0.00s Real=0.00s
[316.341s][info][gc,start       ] GC(2886) Pause Young (Allocation Failure)
[316.341s][info][gc,heap        ] GC(2886) PSYoungGen: 335552K(342528K)->160K(342016K) Eden: 335360K(335360K)->0K(335360K) From: 192K(7168K)->160K(6656K)
[316.341s][info][gc,heap        ] GC(2886) ParOldGen: 117469K(699392K)->117469K(699392K)
[316.341s][info][gc,metaspace   ] GC(2886) Metaspace: 36304K(36672K)->36304K(36672K) NonClass: 32136K(32320K)->32136K(32320K) Class: 4168K(4352K)->4168K(4352K)
[316.341s][info][gc             ] GC(2886) Pause Young (Allocation Failure) 442M->114M(1017M) 0.444ms
[316.341s][info][gc,cpu         ] GC(2886) User=0.00s Sys=0.00s Real=0.00s
[316.404s][info][gc,start       ] GC(2887) Pause Young (Allocation Failure)
[316.405s][info][gc,heap        ] GC(2887) PSYoungGen: 335520K(342016K)->192K(343040K) Eden: 335360K(335360K)->0K(336896K) From: 160K(6656K)->192K(6144K)
[316.405s][info][gc,heap        ] GC(2887) ParOldGen: 117469K(699392K)->117469K(699392K)
[316.405s][info][gc,metaspace   ] GC(2887) Metaspace: 36304K(36672K)->36304K(36672K) NonClass: 32136K(32320K)->32136K(32320K) Class: 4168K(4352K)->4168K(4352K)
[316.405s][info][gc             ] GC(2887) Pause Young (Allocation Failure) 442M->114M(1018M) 0.440ms
[316.405s][info][gc,cpu         ] GC(2887) User=0.00s Sys=0.00s Real=0.00s
[316.468s][info][gc,start       ] GC(2888) Pause Young (Allocation Failure)
[316.469s][info][gc,heap        ] GC(2888) PSYoungGen: 337088K(343040K)->160K(343040K) Eden: 336896K(336896K)->0K(336896K) From: 192K(6144K)->160K(6144K)
[316.469s][info][gc,heap        ] GC(2888) ParOldGen: 117469K(699392K)->117469K(699392K)
[316.469s][info][gc,metaspace   ] GC(2888) Metaspace: 36304K(36672K)->36304K(36672K) NonClass: 32136K(32320K)->32136K(32320K) Class: 4168K(4352K)->4168K(4352K)
[316.469s][info][gc             ] GC(2888) Pause Young (Allocation Failure) 443M->114M(1018M) 0.442ms
[316.469s][info][gc,cpu         ] GC(2888) User=0.00s Sys=0.02s Real=0.00s
[316.533s][info][gc,start       ] GC(2889) Pause Young (Allocation Failure)
[316.534s][info][gc,heap        ] GC(2889) PSYoungGen: 337056K(343040K)->160K(344064K) Eden: 336896K(336896K)->0K(338432K) From: 160K(6144K)->160K(5632K)
[316.534s][info][gc,heap        ] GC(2889) ParOldGen: 117469K(699392K)->117469K(699392K)
[316.534s][info][gc,metaspace   ] GC(2889) Metaspace: 36304K(36672K)->36304K(36672K) NonClass: 32136K(32320K)->32136K(32320K) Class: 4168K(4352K)->4168K(4352K)
[316.534s][info][gc             ] GC(2889) Pause Young (Allocation Failure) 443M->114M(1019M) 0.476ms
[316.534s][info][gc,cpu         ] GC(2889) User=0.00s Sys=0.00s Real=0.00s
[316.598s][info][gc,start       ] GC(2890) Pause Young (Allocation Failure)
[316.599s][info][gc,heap        ] GC(2890) PSYoungGen: 338592K(344064K)->160K(343552K) Eden: 338432K(338432K)->0K(338432K) From: 160K(5632K)->160K(5120K)
[316.599s][info][gc,heap        ] GC(2890) ParOldGen: 117469K(699392K)->117469K(699392K)
[316.599s][info][gc,metaspace   ] GC(2890) Metaspace: 36304K(36672K)->36304K(36672K) NonClass: 32136K(32320K)->32136K(32320K) Class: 4168K(4352K)->4168K(4352K)
[316.599s][info][gc             ] GC(2890) Pause Young (Allocation Failure) 445M->114M(1018M) 0.441ms
[316.599s][info][gc,cpu         ] GC(2890) User=0.00s Sys=0.00s Real=0.00s
[316.664s][info][gc,start       ] GC(2891) Pause Young (Allocation Failure)
[316.664s][info][gc,heap        ] GC(2891) PSYoungGen: 338592K(343552K)->160K(344576K) Eden: 338432K(338432K)->0K(339968K) From: 160K(5120K)->160K(4608K)
[316.664s][info][gc,heap        ] GC(2891) ParOldGen: 117469K(699392K)->117469K(699392K)
[316.664s][info][gc,metaspace   ] GC(2891) Metaspace: 36304K(36672K)->36304K(36672K) NonClass: 32136K(32320K)->32136K(32320K) Class: 4168K(4352K)->4168K(4352K)
[316.664s][info][gc             ] GC(2891) Pause Young (Allocation Failure) 445M->114M(1019M) 0.459ms
[316.664s][info][gc,cpu         ] GC(2891) User=0.00s Sys=0.00s Real=0.00s
[316.729s][info][gc,start       ] GC(2892) Pause Young (Allocation Failure)
[316.730s][info][gc,heap        ] GC(2892) PSYoungGen: 340128K(344576K)->192K(344576K) Eden: 339968K(339968K)->0K(339968K) From: 160K(4608K)->192K(4608K)
[316.730s][info][gc,heap        ] GC(2892) ParOldGen: 117469K(699392K)->117469K(699392K)
[316.730s][info][gc,metaspace   ] GC(2892) Metaspace: 36304K(36672K)->36304K(36672K) NonClass: 32136K(32320K)->32136K(32320K) Class: 4168K(4352K)->4168K(4352K)
[316.730s][info][gc             ] GC(2892) Pause Young (Allocation Failure) 446M->114M(1019M) 0.370ms
[316.730s][info][gc,cpu         ] GC(2892) User=0.00s Sys=0.00s Real=0.00s
[316.794s][info][gc,start       ] GC(2893) Pause Young (Allocation Failure)
[316.795s][info][gc,heap        ] GC(2893) PSYoungGen: 340160K(344576K)->160K(345600K) Eden: 339968K(339968K)->0K(341504K) From: 192K(4608K)->160K(4096K)
[316.795s][info][gc,heap        ] GC(2893) ParOldGen: 117469K(699392K)->117469K(699392K)
[316.795s][info][gc,metaspace   ] GC(2893) Metaspace: 36304K(36672K)->36304K(36672K) NonClass: 32136K(32320K)->32136K(32320K) Class: 4168K(4352K)->4168K(4352K)
[316.795s][info][gc             ] GC(2893) Pause Young (Allocation Failure) 446M->114M(1020M) 0.420ms
[316.795s][info][gc,cpu         ] GC(2893) User=0.00s Sys=0.00s Real=0.00s
[316.862s][info][gc,start       ] GC(2894) Pause Young (Allocation Failure)
[316.862s][info][gc,heap        ] GC(2894) PSYoungGen: 341664K(345600K)->192K(345088K) Eden: 341504K(341504K)->0K(341504K) From: 160K(4096K)->192K(3584K)
[316.862s][info][gc,heap        ] GC(2894) ParOldGen: 117469K(699392K)->117469K(699392K)
[316.862s][info][gc,metaspace   ] GC(2894) Metaspace: 36304K(36672K)->36304K(36672K) NonClass: 32136K(32320K)->32136K(32320K) Class: 4168K(4352K)->4168K(4352K)
[316.862s][info][gc             ] GC(2894) Pause Young (Allocation Failure) 448M->114M(1020M) 0.416ms
[316.862s][info][gc,cpu         ] GC(2894) User=0.00s Sys=0.00s Real=0.00s
[316.928s][info][gc,start       ] GC(2895) Pause Young (Allocation Failure)
[316.928s][info][gc,heap        ] GC(2895) PSYoungGen: 341696K(345088K)->160K(346112K) Eden: 341504K(341504K)->0K(342528K) From: 192K(3584K)->160K(3584K)
[316.928s][info][gc,heap        ] GC(2895) ParOldGen: 117469K(699392K)->117469K(699392K)
[316.928s][info][gc,metaspace   ] GC(2895) Metaspace: 36304K(36672K)->36304K(36672K) NonClass: 32136K(32320K)->32136K(32320K) Class: 4168K(4352K)->4168K(4352K)
[316.928s][info][gc             ] GC(2895) Pause Young (Allocation Failure) 448M->114M(1021M) 0.422ms
[316.928s][info][gc,cpu         ] GC(2895) User=0.00s Sys=0.00s Real=0.00s
[316.995s][info][gc,start       ] GC(2896) Pause Young (Allocation Failure)
[316.995s][info][gc,heap        ] GC(2896) PSYoungGen: 342688K(346112K)->192K(345600K) Eden: 342528K(342528K)->0K(342528K) From: 160K(3584K)->192K(3072K)
[316.995s][info][gc,heap        ] GC(2896) ParOldGen: 117469K(699392K)->117469K(699392K)
[316.995s][info][gc,metaspace   ] GC(2896) Metaspace: 36304K(36672K)->36304K(36672K) NonClass: 32136K(32320K)->32136K(32320K) Class: 4168K(4352K)->4168K(4352K)
[316.995s][info][gc             ] GC(2896) Pause Young (Allocation Failure) 449M->114M(1020M) 0.412ms
[316.995s][info][gc,cpu         ] GC(2896) User=0.00s Sys=0.00s Real=0.00s
[317.063s][info][gc,start       ] GC(2897) Pause Young (Allocation Failure)
[317.064s][info][gc,heap        ] GC(2897) PSYoungGen: 342720K(345600K)->192K(346112K) Eden: 342528K(342528K)->0K(343040K) From: 192K(3072K)->192K(3072K)
[317.064s][info][gc,heap        ] GC(2897) ParOldGen: 117469K(699392K)->117469K(699392K)
[317.064s][info][gc,metaspace   ] GC(2897) Metaspace: 36304K(36672K)->36304K(36672K) NonClass: 32136K(32320K)->32136K(32320K) Class: 4168K(4352K)->4168K(4352K)
[317.064s][info][gc             ] GC(2897) Pause Young (Allocation Failure) 449M->114M(1021M) 0.425ms
[317.064s][info][gc,cpu         ] GC(2897) User=0.00s Sys=0.00s Real=0.00s
[317.133s][info][gc,start       ] GC(2898) Pause Young (Allocation Failure)
[317.133s][info][gc,heap        ] GC(2898) PSYoungGen: 343232K(346112K)->192K(346112K) Eden: 343040K(343040K)->0K(343040K) From: 192K(3072K)->192K(3072K)
[317.133s][info][gc,heap        ] GC(2898) ParOldGen: 117469K(699392K)->117469K(699392K)
[317.133s][info][gc,metaspace   ] GC(2898) Metaspace: 36304K(36672K)->36304K(36672K) NonClass: 32136K(32320K)->32136K(32320K) Class: 4168K(4352K)->4168K(4352K)
[317.133s][info][gc             ] GC(2898) Pause Young (Allocation Failure) 449M->114M(1021M) 0.380ms
[317.133s][info][gc,cpu         ] GC(2898) User=0.00s Sys=0.00s Real=0.00s
[317.363s][info][gc,start       ] GC(2899) Pause Young (Allocation Failure)
[317.365s][info][gc,heap        ] GC(2899) PSYoungGen: 343232K(346112K)->192K(346624K) Eden: 343040K(343040K)->0K(344064K) From: 192K(3072K)->192K(2560K)
[317.365s][info][gc,heap        ] GC(2899) ParOldGen: 117469K(699392K)->117517K(699392K)
[317.365s][info][gc,metaspace   ] GC(2899) Metaspace: 36304K(36672K)->36304K(36672K) NonClass: 32136K(32320K)->32136K(32320K) Class: 4168K(4352K)->4168K(4352K)
[317.365s][info][gc             ] GC(2899) Pause Young (Allocation Failure) 449M->114M(1021M) 1.658ms
[317.365s][info][gc,cpu         ] GC(2899) User=0.00s Sys=0.00s Real=0.00s
[318.177s][info][gc,start       ] GC(2900) Pause Young (Allocation Failure)
[318.192s][info][gc,heap        ] GC(2900) PSYoungGen: 343779K(346624K)->2552K(336896K) Eden: 343587K(344064K)->0K(334336K) From: 192K(2560K)->2552K(2560K)
[318.192s][info][gc,heap        ] GC(2900) ParOldGen: 117517K(699392K)->160325K(699392K)
[318.192s][info][gc,metaspace   ] GC(2900) Metaspace: 36304K(36672K)->36304K(36672K) NonClass: 32136K(32320K)->32136K(32320K) Class: 4168K(4352K)->4168K(4352K)
[318.192s][info][gc             ] GC(2900) Pause Young (Allocation Failure) 450M->159M(1012M) 14.893ms
[318.192s][info][gc,cpu         ] GC(2900) User=0.09s Sys=0.00s Real=0.02s
[318.486s][info][gc,start       ] GC(2901) Pause Young (Allocation Failure)
[318.505s][info][gc,heap        ] GC(2901) PSYoungGen: 335255K(336896K)->2544K(276992K) Eden: 332703K(334336K)->0K(274432K) From: 2552K(2560K)->2544K(2560K)
[318.507s][info][gc,heap        ] GC(2901) ParOldGen: 160325K(699392K)->215726K(699392K)
[318.508s][info][gc,metaspace   ] GC(2901) Metaspace: 36304K(36672K)->36304K(36672K) NonClass: 32136K(32320K)->32136K(32320K) Class: 4168K(4352K)->4168K(4352K)
[318.508s][info][gc             ] GC(2901) Pause Young (Allocation Failure) 483M->213M(953M) 21.969ms
[318.508s][info][gc,cpu         ] GC(2901) User=0.09s Sys=0.00s Real=0.02s
[318.753s][info][gc,start       ] GC(2902) Pause Young (Allocation Failure)
[318.761s][info][gc,heap        ] GC(2902) PSYoungGen: 275311K(276992K)->25856K(300544K) Eden: 272767K(274432K)->0K(274432K) From: 2544K(2560K)->25856K(26112K)
[318.761s][info][gc,heap        ] GC(2902) ParOldGen: 215726K(699392K)->217743K(699392K)
[318.761s][info][gc,metaspace   ] GC(2902) Metaspace: 36304K(36672K)->36304K(36672K) NonClass: 32136K(32320K)->32136K(32320K) Class: 4168K(4352K)->4168K(4352K)
[318.761s][info][gc             ] GC(2902) Pause Young (Allocation Failure) 479M->237M(976M) 8.184ms
[318.761s][info][gc,cpu         ] GC(2902) User=0.00s Sys=0.00s Real=0.01s
[319.010s][info][gc,start       ] GC(2903) Pause Young (Allocation Failure)
[319.017s][info][gc,heap        ] GC(2903) PSYoungGen: 300288K(300544K)->11432K(311808K) Eden: 274432K(274432K)->0K(271360K) From: 25856K(26112K)->11432K(40448K)
[319.017s][info][gc,heap        ] GC(2903) ParOldGen: 217743K(699392K)->232188K(699392K)
[319.017s][info][gc,metaspace   ] GC(2903) Metaspace: 36304K(36672K)->36304K(36672K) NonClass: 32136K(32320K)->32136K(32320K) Class: 4168K(4352K)->4168K(4352K)
[319.017s][info][gc             ] GC(2903) Pause Young (Allocation Failure) 505M->237M(987M) 6.813ms
[319.017s][info][gc,cpu         ] GC(2903) User=0.09s Sys=0.00s Real=0.01s
[319.255s][info][gc,start       ] GC(2904) Pause Young (Allocation Failure)
[319.261s][info][gc,heap        ] GC(2904) PSYoungGen: 282564K(311808K)->13320K(308736K) Eden: 271132K(271360K)->0K(271360K) From: 11432K(40448K)->13320K(37376K)
[319.261s][info][gc,heap        ] GC(2904) ParOldGen: 232188K(699392K)->234201K(699392K)
[319.261s][info][gc,metaspace   ] GC(2904) Metaspace: 36304K(36672K)->36304K(36672K) NonClass: 32136K(32320K)->32136K(32320K) Class: 4168K(4352K)->4168K(4352K)
[319.261s][info][gc             ] GC(2904) Pause Young (Allocation Failure) 502M->241M(984M) 6.080ms
[319.261s][info][gc,cpu         ] GC(2904) User=0.00s Sys=0.00s Real=0.01s
[319.493s][info][gc,start       ] GC(2905) Pause Young (Allocation Failure)
[319.499s][info][gc,heap        ] GC(2905) PSYoungGen: 284680K(308736K)->15063K(314880K) Eden: 271360K(271360K)->0K(279040K) From: 13320K(37376K)->15063K(35840K)
[319.499s][info][gc,heap        ] GC(2905) ParOldGen: 234201K(699392K)->235811K(699392K)
[319.499s][info][gc,metaspace   ] GC(2905) Metaspace: 36304K(36672K)->36304K(36672K) NonClass: 32136K(32320K)->32136K(32320K) Class: 4168K(4352K)->4168K(4352K)
[319.499s][info][gc             ] GC(2905) Pause Young (Allocation Failure) 506M->244M(990M) 6.176ms
[319.499s][info][gc,cpu         ] GC(2905) User=0.00s Sys=0.00s Real=0.01s
[319.735s][info][gc,start       ] GC(2906) Pause Young (Allocation Failure)
[319.741s][info][gc,heap        ] GC(2906) PSYoungGen: 291513K(314880K)->14088K(313344K) Eden: 276449K(279040K)->0K(279040K) From: 15063K(35840K)->14088K(34304K)
[319.741s][info][gc,heap        ] GC(2906) ParOldGen: 235811K(699392K)->236700K(699392K)
[319.741s][info][gc,metaspace   ] GC(2906) Metaspace: 36304K(36672K)->36304K(36672K) NonClass: 32136K(32320K)->32136K(32320K) Class: 4168K(4352K)->4168K(4352K)
[319.741s][info][gc             ] GC(2906) Pause Young (Allocation Failure) 514M->244M(989M) 5.989ms
[319.741s][info][gc,cpu         ] GC(2906) User=0.00s Sys=0.00s Real=0.01s
[319.983s][info][gc,start       ] GC(2907) Pause Young (Allocation Failure)
[319.988s][info][gc,heap        ] GC(2907) PSYoungGen: 291375K(313344K)->12080K(318464K) Eden: 277286K(279040K)->0K(285696K) From: 14088K(34304K)->12080K(32768K)
[319.988s][info][gc,heap        ] GC(2907) ParOldGen: 236700K(699392K)->237103K(699392K)
[319.988s][info][gc,metaspace   ] GC(2907) Metaspace: 36304K(36672K)->36304K(36672K) NonClass: 32136K(32320K)->32136K(32320K) Class: 4168K(4352K)->4168K(4352K)
[319.988s][info][gc             ] GC(2907) Pause Young (Allocation Failure) 515M->243M(994M) 5.367ms
[319.988s][info][gc,cpu         ] GC(2907) User=0.09s Sys=0.00s Real=0.01s
[320.236s][info][gc,start       ] GC(2908) Pause Young (Allocation Failure)
[320.242s][info][gc,heap        ] GC(2908) PSYoungGen: 297776K(318464K)->12681K(316416K) Eden: 285696K(285696K)->0K(285696K) From: 12080K(32768K)->12681K(30720K)
[320.242s][info][gc,heap        ] GC(2908) ParOldGen: 237103K(699392K)->237871K(699392K)
[320.242s][info][gc,metaspace   ] GC(2908) Metaspace: 36304K(36672K)->36304K(36672K) NonClass: 32136K(32320K)->32136K(32320K) Class: 4168K(4352K)->4168K(4352K)
[320.242s][info][gc             ] GC(2908) Pause Young (Allocation Failure) 522M->244M(992M) 6.014ms
[320.242s][info][gc,cpu         ] GC(2908) User=0.00s Sys=0.00s Real=0.00s
[320.505s][info][gc,start       ] GC(2909) Pause Young (Allocation Failure)
[320.512s][info][gc,heap        ] GC(2909) PSYoungGen: 298377K(316416K)->14489K(321024K) Eden: 285696K(285696K)->0K(291840K) From: 12681K(30720K)->14489K(29184K)
[320.512s][info][gc,heap        ] GC(2909) ParOldGen: 237871K(699392K)->238214K(699392K)
[320.512s][info][gc,metaspace   ] GC(2909) Metaspace: 36304K(36672K)->36304K(36672K) NonClass: 32136K(32320K)->32136K(32320K) Class: 4168K(4352K)->4168K(4352K)
[320.512s][info][gc             ] GC(2909) Pause Young (Allocation Failure) 523M->246M(996M) 7.190ms
[320.512s][info][gc,cpu         ] GC(2909) User=0.00s Sys=0.00s Real=0.01s
[320.767s][info][gc,start       ] GC(2910) Pause Young (Allocation Failure)
[320.775s][info][gc,heap        ] GC(2910) PSYoungGen: 305271K(321024K)->15678K(320000K) Eden: 290781K(291840K)->0K(291840K) From: 14489K(29184K)->15678K(28160K)
[320.775s][info][gc,heap        ] GC(2910) ParOldGen: 238214K(699392K)->243443K(699392K)
[320.775s][info][gc,metaspace   ] GC(2910) Metaspace: 36304K(36672K)->36304K(36672K) NonClass: 32136K(32320K)->32136K(32320K) Class: 4168K(4352K)->4168K(4352K)
[320.775s][info][gc             ] GC(2910) Pause Young (Allocation Failure) 530M->253M(995M) 7.964ms
[320.775s][info][gc,cpu         ] GC(2910) User=0.00s Sys=0.00s Real=0.01s
[321.016s][info][gc,start       ] GC(2911) Pause Young (Allocation Failure)
[321.024s][info][gc,heap        ] GC(2911) PSYoungGen: 307518K(320000K)->13567K(322560K) Eden: 291840K(291840K)->0K(294400K) From: 15678K(28160K)->13567K(28160K)
[321.024s][info][gc,heap        ] GC(2911) ParOldGen: 243443K(699392K)->248032K(699392K)
[321.024s][info][gc,metaspace   ] GC(2911) Metaspace: 36304K(36672K)->36304K(36672K) NonClass: 32136K(32320K)->32136K(32320K) Class: 4168K(4352K)->4168K(4352K)
[321.024s][info][gc             ] GC(2911) Pause Young (Allocation Failure) 538M->255M(998M) 7.227ms
[321.024s][info][gc,cpu         ] GC(2911) User=0.00s Sys=0.00s Real=0.01s
[321.259s][info][gc,start       ] GC(2912) Pause Young (Allocation Failure)
[321.264s][info][gc,heap        ] GC(2912) PSYoungGen: 307967K(322560K)->9099K(321024K) Eden: 294400K(294400K)->0K(294400K) From: 13567K(28160K)->9099K(26624K)
[321.264s][info][gc,heap        ] GC(2912) ParOldGen: 248032K(699392K)->249918K(699392K)
[321.264s][info][gc,metaspace   ] GC(2912) Metaspace: 36304K(36672K)->36304K(36672K) NonClass: 32136K(32320K)->32136K(32320K) Class: 4168K(4352K)->4168K(4352K)
[321.264s][info][gc             ] GC(2912) Pause Young (Allocation Failure) 542M->252M(996M) 5.361ms
[321.264s][info][gc,cpu         ] GC(2912) User=0.00s Sys=0.00s Real=0.01s
[321.326s][info][gc,start       ] GC(2913) Pause Young (System.gc())
[321.330s][info][gc,heap        ] GC(2913) PSYoungGen: 86369K(321024K)->7188K(323584K) Eden: 77269K(294400K)->0K(297472K) From: 9099K(26624K)->7188K(26112K)
[321.330s][info][gc,heap        ] GC(2913) ParOldGen: 249918K(699392K)->252001K(699392K)
[321.330s][info][gc,metaspace   ] GC(2913) Metaspace: 36304K(36672K)->36304K(36672K) NonClass: 32136K(32320K)->32136K(32320K) Class: 4168K(4352K)->4168K(4352K)
[321.330s][info][gc             ] GC(2913) Pause Young (System.gc()) 328M->253M(999M) 3.442ms
[321.330s][info][gc,cpu         ] GC(2913) User=0.09s Sys=0.00s Real=0.00s
[321.330s][info][gc,start       ] GC(2914) Pause Full (System.gc())
[321.330s][info][gc,phases,start] GC(2914) Marking Phase
[321.346s][info][gc,phases      ] GC(2914) Marking Phase 16.294ms
[321.346s][info][gc,phases,start] GC(2914) Summary Phase
[321.346s][info][gc,phases      ] GC(2914) Summary Phase 0.023ms
[321.346s][info][gc,phases,start] GC(2914) Adjust Roots
[321.350s][info][gc,phases      ] GC(2914) Adjust Roots 4.100ms
[321.350s][info][gc,phases,start] GC(2914) Compaction Phase
[321.359s][info][gc,phases      ] GC(2914) Compaction Phase 8.440ms
[321.359s][info][gc,phases,start] GC(2914) Post Compact
[321.360s][info][gc,phases      ] GC(2914) Post Compact 1.007ms
[321.360s][info][gc,heap        ] GC(2914) PSYoungGen: 7188K(323584K)->0K(323584K) Eden: 0K(297472K)->0K(297472K) From: 7188K(26112K)->0K(26112K)
[321.360s][info][gc,heap        ] GC(2914) ParOldGen: 252001K(699392K)->118372K(699392K)
[321.360s][info][gc,metaspace   ] GC(2914) Metaspace: 36304K(36672K)->36304K(36672K) NonClass: 32136K(32320K)->32136K(32320K) Class: 4168K(4352K)->4168K(4352K)
[321.360s][info][gc             ] GC(2914) Pause Full (System.gc()) 253M->115M(999M) 30.147ms
[321.360s][info][gc,cpu         ] GC(2914) User=0.02s Sys=0.00s Real=0.03s
[321.408s][info][gc,start       ] GC(2915) Pause Young (Allocation Failure)
[321.408s][info][gc,heap        ] GC(2915) PSYoungGen: 297472K(323584K)->192K(323072K) Eden: 297472K(297472K)->0K(297472K) From: 0K(26112K)->192K(25600K)
[321.408s][info][gc,heap        ] GC(2915) ParOldGen: 118372K(699392K)->118372K(699392K)
[321.408s][info][gc,metaspace   ] GC(2915) Metaspace: 36304K(36672K)->36304K(36672K) NonClass: 32136K(32320K)->32136K(32320K) Class: 4168K(4352K)->4168K(4352K)
[321.408s][info][gc             ] GC(2915) Pause Young (Allocation Failure) 406M->115M(998M) 0.386ms
[321.408s][info][gc,cpu         ] GC(2915) User=0.00s Sys=0.00s Real=0.00s
[321.453s][info][gc,start       ] GC(2916) Pause Young (Allocation Failure)
[321.453s][info][gc,heap        ] GC(2916) PSYoungGen: 297664K(323072K)->160K(322048K) Eden: 297472K(297472K)->0K(295936K) From: 192K(25600K)->160K(26112K)
[321.453s][info][gc,heap        ] GC(2916) ParOldGen: 118372K(699392K)->118420K(699392K)
[321.453s][info][gc,metaspace   ] GC(2916) Metaspace: 36304K(36672K)->36304K(36672K) NonClass: 32136K(32320K)->32136K(32320K) Class: 4168K(4352K)->4168K(4352K)
[321.453s][info][gc             ] GC(2916) Pause Young (Allocation Failure) 406M->115M(997M) 0.453ms
[321.453s][info][gc,cpu         ] GC(2916) User=0.09s Sys=0.00s Real=0.00s
[321.498s][info][gc,start       ] GC(2917) Pause Young (Allocation Failure)
[321.499s][info][gc,heap        ] GC(2917) PSYoungGen: 296096K(322048K)->160K(322560K) Eden: 295936K(295936K)->0K(295936K) From: 160K(26112K)->160K(26624K)
[321.499s][info][gc,heap        ] GC(2917) ParOldGen: 118420K(699392K)->118420K(699392K)
[321.499s][info][gc,metaspace   ] GC(2917) Metaspace: 36304K(36672K)->36304K(36672K) NonClass: 32136K(32320K)->32136K(32320K) Class: 4168K(4352K)->4168K(4352K)
[321.499s][info][gc             ] GC(2917) Pause Young (Allocation Failure) 404M->115M(998M) 0.363ms
[321.499s][info][gc,cpu         ] GC(2917) User=0.00s Sys=0.00s Real=0.00s
[321.543s][info][gc,start       ] GC(2918) Pause Young (Allocation Failure)
[321.543s][info][gc,heap        ] GC(2918) PSYoungGen: 296096K(322560K)->192K(323072K) Eden: 295936K(295936K)->0K(296448K) From: 160K(26624K)->192K(26624K)
[321.543s][info][gc,heap        ] GC(2918) ParOldGen: 118420K(699392K)->118420K(699392K)
[321.543s][info][gc,metaspace   ] GC(2918) Metaspace: 36304K(36672K)->36304K(36672K) NonClass: 32136K(32320K)->32136K(32320K) Class: 4168K(4352K)->4168K(4352K)
[321.543s][info][gc             ] GC(2918) Pause Young (Allocation Failure) 404M->115M(998M) 0.366ms
[321.543s][info][gc,cpu         ] GC(2918) User=0.00s Sys=0.00s Real=0.00s
[321.587s][info][gc,start       ] GC(2919) Pause Young (Allocation Failure)
[321.588s][info][gc,heap        ] GC(2919) PSYoungGen: 296640K(323072K)->160K(322560K) Eden: 296448K(296448K)->0K(296448K) From: 192K(26624K)->160K(26112K)
[321.588s][info][gc,heap        ] GC(2919) ParOldGen: 118420K(699392K)->118420K(699392K)
[321.588s][info][gc,metaspace   ] GC(2919) Metaspace: 36304K(36672K)->36304K(36672K) NonClass: 32136K(32320K)->32136K(32320K) Class: 4168K(4352K)->4168K(4352K)
[321.588s][info][gc             ] GC(2919) Pause Young (Allocation Failure) 405M->115M(998M) 0.386ms
[321.588s][info][gc,cpu         ] GC(2919) User=0.00s Sys=0.00s Real=0.00s
[321.632s][info][gc,start       ] GC(2920) Pause Young (Allocation Failure)
[321.633s][info][gc,heap        ] GC(2920) PSYoungGen: 296608K(322560K)->160K(324096K) Eden: 296448K(296448K)->0K(298496K) From: 160K(26112K)->160K(25600K)
[321.633s][info][gc,heap        ] GC(2920) ParOldGen: 118420K(699392K)->118420K(699392K)
[321.633s][info][gc,metaspace   ] GC(2920) Metaspace: 36304K(36672K)->36304K(36672K) NonClass: 32136K(32320K)->32136K(32320K) Class: 4168K(4352K)->4168K(4352K)
[321.633s][info][gc             ] GC(2920) Pause Young (Allocation Failure) 405M->115M(999M) 0.507ms
[321.633s][info][gc,cpu         ] GC(2920) User=0.00s Sys=0.00s Real=0.00s
[321.678s][info][gc,start       ] GC(2921) Pause Young (Allocation Failure)
[321.678s][info][gc,heap        ] GC(2921) PSYoungGen: 298656K(324096K)->160K(323584K) Eden: 298496K(298496K)->0K(298496K) From: 160K(25600K)->160K(25088K)
[321.678s][info][gc,heap        ] GC(2921) ParOldGen: 118420K(699392K)->118420K(699392K)
[321.678s][info][gc,metaspace   ] GC(2921) Metaspace: 36304K(36672K)->36304K(36672K) NonClass: 32136K(32320K)->32136K(32320K) Class: 4168K(4352K)->4168K(4352K)
[321.678s][info][gc             ] GC(2921) Pause Young (Allocation Failure) 407M->115M(999M) 0.394ms
[321.678s][info][gc,cpu         ] GC(2921) User=0.00s Sys=0.00s Real=0.00s
[321.722s][info][gc,start       ] GC(2922) Pause Young (Allocation Failure)
[321.722s][info][gc,heap        ] GC(2922) PSYoungGen: 298656K(323584K)->160K(325632K) Eden: 298496K(298496K)->0K(301056K) From: 160K(25088K)->160K(24576K)
[321.722s][info][gc,heap        ] GC(2922) ParOldGen: 118420K(699392K)->118420K(699392K)
[321.722s][info][gc,metaspace   ] GC(2922) Metaspace: 36304K(36672K)->36304K(36672K) NonClass: 32136K(32320K)->32136K(32320K) Class: 4168K(4352K)->4168K(4352K)
[321.722s][info][gc             ] GC(2922) Pause Young (Allocation Failure) 407M->115M(1001M) 0.372ms
[321.722s][info][gc,cpu         ] GC(2922) User=0.00s Sys=0.00s Real=0.00s
[321.768s][info][gc,start       ] GC(2923) Pause Young (Allocation Failure)
[321.768s][info][gc,heap        ] GC(2923) PSYoungGen: 301216K(325632K)->160K(324608K) Eden: 301056K(301056K)->0K(301056K) From: 160K(24576K)->160K(23552K)
[321.768s][info][gc,heap        ] GC(2923) ParOldGen: 118420K(699392K)->118420K(699392K)
[321.768s][info][gc,metaspace   ] GC(2923) Metaspace: 36304K(36672K)->36304K(36672K) NonClass: 32136K(32320K)->32136K(32320K) Class: 4168K(4352K)->4168K(4352K)
[321.768s][info][gc             ] GC(2923) Pause Young (Allocation Failure) 409M->115M(1000M) 0.381ms
[321.768s][info][gc,cpu         ] GC(2923) User=0.00s Sys=0.00s Real=0.00s
[321.813s][info][gc,start       ] GC(2924) Pause Young (Allocation Failure)
[321.813s][info][gc,heap        ] GC(2924) PSYoungGen: 301216K(324608K)->160K(327680K) Eden: 301056K(301056K)->0K(305152K) From: 160K(23552K)->160K(22528K)
[321.814s][info][gc,heap        ] GC(2924) ParOldGen: 118420K(699392K)->118420K(699392K)
[321.814s][info][gc,metaspace   ] GC(2924) Metaspace: 36304K(36672K)->36304K(36672K) NonClass: 32136K(32320K)->32136K(32320K) Class: 4168K(4352K)->4168K(4352K)
[321.814s][info][gc             ] GC(2924) Pause Young (Allocation Failure) 409M->115M(1003M) 0.398ms
[321.814s][info][gc,cpu         ] GC(2924) User=0.00s Sys=0.00s Real=0.00s
[321.859s][info][gc,start       ] GC(2925) Pause Young (Allocation Failure)
[321.859s][info][gc,heap        ] GC(2925) PSYoungGen: 305312K(327680K)->160K(326656K) Eden: 305152K(305152K)->0K(305152K) From: 160K(22528K)->160K(21504K)
[321.859s][info][gc,heap        ] GC(2925) ParOldGen: 118420K(699392K)->118420K(699392K)
[321.859s][info][gc,metaspace   ] GC(2925) Metaspace: 36304K(36672K)->36304K(36672K) NonClass: 32136K(32320K)->32136K(32320K) Class: 4168K(4352K)->4168K(4352K)
[321.859s][info][gc             ] GC(2925) Pause Young (Allocation Failure) 413M->115M(1002M) 0.512ms
[321.859s][info][gc,cpu         ] GC(2925) User=0.08s Sys=0.00s Real=0.00s
[321.909s][info][gc,start       ] GC(2926) Pause Young (Allocation Failure)
[321.909s][info][gc,heap        ] GC(2926) PSYoungGen: 305312K(326656K)->192K(329728K) Eden: 305152K(305152K)->0K(309248K) From: 160K(21504K)->192K(20480K)
[321.909s][info][gc,heap        ] GC(2926) ParOldGen: 118420K(699392K)->118420K(699392K)
[321.909s][info][gc,metaspace   ] GC(2926) Metaspace: 36304K(36672K)->36304K(36672K) NonClass: 32136K(32320K)->32136K(32320K) Class: 4168K(4352K)->4168K(4352K)
[321.909s][info][gc             ] GC(2926) Pause Young (Allocation Failure) 413M->115M(1005M) 0.653ms
[321.909s][info][gc,cpu         ] GC(2926) User=0.00s Sys=0.00s Real=0.00s
[321.957s][info][gc,start       ] GC(2927) Pause Young (Allocation Failure)
[321.957s][info][gc,heap        ] GC(2927) PSYoungGen: 309440K(329728K)->192K(328704K) Eden: 309248K(309248K)->0K(309248K) From: 192K(20480K)->192K(19456K)
[321.957s][info][gc,heap        ] GC(2927) ParOldGen: 118420K(699392K)->118420K(699392K)
[321.957s][info][gc,metaspace   ] GC(2927) Metaspace: 36304K(36672K)->36304K(36672K) NonClass: 32136K(32320K)->32136K(32320K) Class: 4168K(4352K)->4168K(4352K)
[321.957s][info][gc             ] GC(2927) Pause Young (Allocation Failure) 417M->115M(1004M) 0.366ms
[321.957s][info][gc,cpu         ] GC(2927) User=0.00s Sys=0.00s Real=0.00s
[322.006s][info][gc,start       ] GC(2928) Pause Young (Allocation Failure)
[322.006s][info][gc,heap        ] GC(2928) PSYoungGen: 309440K(328704K)->160K(331776K) Eden: 309248K(309248K)->0K(313344K) From: 192K(19456K)->160K(18432K)
[322.006s][info][gc,heap        ] GC(2928) ParOldGen: 118420K(699392K)->118420K(699392K)
[322.006s][info][gc,metaspace   ] GC(2928) Metaspace: 36304K(36672K)->36304K(36672K) NonClass: 32136K(32320K)->32136K(32320K) Class: 4168K(4352K)->4168K(4352K)
[322.006s][info][gc             ] GC(2928) Pause Young (Allocation Failure) 417M->115M(1007M) 0.405ms
[322.006s][info][gc,cpu         ] GC(2928) User=0.00s Sys=0.00s Real=0.00s
[322.059s][info][gc,start       ] GC(2929) Pause Young (Allocation Failure)
[322.059s][info][gc,heap        ] GC(2929) PSYoungGen: 313504K(331776K)->192K(330752K) Eden: 313344K(313344K)->0K(313344K) From: 160K(18432K)->192K(17408K)
[322.059s][info][gc,heap        ] GC(2929) ParOldGen: 118420K(699392K)->118420K(699392K)
[322.059s][info][gc,metaspace   ] GC(2929) Metaspace: 36304K(36672K)->36304K(36672K) NonClass: 32136K(32320K)->32136K(32320K) Class: 4168K(4352K)->4168K(4352K)
[322.059s][info][gc             ] GC(2929) Pause Young (Allocation Failure) 421M->115M(1006M) 0.472ms
[322.059s][info][gc,cpu         ] GC(2929) User=0.00s Sys=0.00s Real=0.00s
[322.120s][info][gc,start       ] GC(2930) Pause Young (Allocation Failure)
[322.121s][info][gc,heap        ] GC(2930) PSYoungGen: 313536K(330752K)->192K(333312K) Eden: 313344K(313344K)->0K(316928K) From: 192K(17408K)->192K(16384K)
[322.121s][info][gc,heap        ] GC(2930) ParOldGen: 118420K(699392K)->118468K(699392K)
[322.121s][info][gc,metaspace   ] GC(2930) Metaspace: 36304K(36672K)->36304K(36672K) NonClass: 32136K(32320K)->32136K(32320K) Class: 4168K(4352K)->4168K(4352K)
[322.121s][info][gc             ] GC(2930) Pause Young (Allocation Failure) 421M->115M(1008M) 0.416ms
[322.121s][info][gc,cpu         ] GC(2930) User=0.00s Sys=0.00s Real=0.00s
[322.182s][info][gc,start       ] GC(2931) Pause Young (Allocation Failure)
[322.182s][info][gc,heap        ] GC(2931) PSYoungGen: 317120K(333312K)->192K(332800K) Eden: 316928K(316928K)->0K(316928K) From: 192K(16384K)->192K(15872K)
[322.182s][info][gc,heap        ] GC(2931) ParOldGen: 118468K(699392K)->118468K(699392K)
[322.182s][info][gc,metaspace   ] GC(2931) Metaspace: 36304K(36672K)->36304K(36672K) NonClass: 32136K(32320K)->32136K(32320K) Class: 4168K(4352K)->4168K(4352K)
[322.182s][info][gc             ] GC(2931) Pause Young (Allocation Failure) 425M->115M(1008M) 0.463ms
[322.182s][info][gc,cpu         ] GC(2931) User=0.00s Sys=0.00s Real=0.00s
[322.242s][info][gc,start       ] GC(2932) Pause Young (Allocation Failure)
[322.242s][info][gc,heap        ] GC(2932) PSYoungGen: 317120K(332800K)->192K(335360K) Eden: 316928K(316928K)->0K(320512K) From: 192K(15872K)->192K(14848K)
[322.242s][info][gc,heap        ] GC(2932) ParOldGen: 118468K(699392K)->118468K(699392K)
[322.242s][info][gc,metaspace   ] GC(2932) Metaspace: 36304K(36672K)->36304K(36672K) NonClass: 32136K(32320K)->32136K(32320K) Class: 4168K(4352K)->4168K(4352K)
[322.242s][info][gc             ] GC(2932) Pause Young (Allocation Failure) 425M->115M(1010M) 0.418ms
[322.242s][info][gc,cpu         ] GC(2932) User=0.00s Sys=0.00s Real=0.00s
[322.303s][info][gc,start       ] GC(2933) Pause Young (Allocation Failure)
[322.303s][info][gc,heap        ] GC(2933) PSYoungGen: 320704K(335360K)->160K(334336K) Eden: 320512K(320512K)->0K(320512K) From: 192K(14848K)->160K(13824K)
[322.303s][info][gc,heap        ] GC(2933) ParOldGen: 118468K(699392K)->118468K(699392K)
[322.303s][info][gc,metaspace   ] GC(2933) Metaspace: 36304K(36672K)->36304K(36672K) NonClass: 32136K(32320K)->32136K(32320K) Class: 4168K(4352K)->4168K(4352K)
[322.303s][info][gc             ] GC(2933) Pause Young (Allocation Failure) 428M->115M(1009M) 0.426ms
[322.303s][info][gc,cpu         ] GC(2933) User=0.00s Sys=0.00s Real=0.00s
[322.364s][info][gc,start       ] GC(2934) Pause Young (Allocation Failure)
[322.364s][info][gc,heap        ] GC(2934) PSYoungGen: 320672K(334336K)->160K(336896K) Eden: 320512K(320512K)->0K(324096K) From: 160K(13824K)->160K(12800K)
[322.365s][info][gc,heap        ] GC(2934) ParOldGen: 118468K(699392K)->118468K(699392K)
[322.365s][info][gc,metaspace   ] GC(2934) Metaspace: 36304K(36672K)->36304K(36672K) NonClass: 32136K(32320K)->32136K(32320K) Class: 4168K(4352K)->4168K(4352K)
[322.365s][info][gc             ] GC(2934) Pause Young (Allocation Failure) 428M->115M(1012M) 0.435ms
[322.365s][info][gc,cpu         ] GC(2934) User=0.00s Sys=0.00s Real=0.00s
[322.424s][info][gc,start       ] GC(2935) Pause Young (Allocation Failure)
[322.424s][info][gc,heap        ] GC(2935) PSYoungGen: 324256K(336896K)->192K(336384K) Eden: 324096K(324096K)->0K(324096K) From: 160K(12800K)->192K(12288K)
[322.425s][info][gc,heap        ] GC(2935) ParOldGen: 118468K(699392K)->118468K(699392K)
[322.425s][info][gc,metaspace   ] GC(2935) Metaspace: 36304K(36672K)->36304K(36672K) NonClass: 32136K(32320K)->32136K(32320K) Class: 4168K(4352K)->4168K(4352K)
[322.425s][info][gc             ] GC(2935) Pause Young (Allocation Failure) 432M->115M(1011M) 0.396ms
[322.425s][info][gc,cpu         ] GC(2935) User=0.00s Sys=0.00s Real=0.00s
[322.485s][info][gc,start       ] GC(2936) Pause Young (Allocation Failure)
[322.485s][info][gc,heap        ] GC(2936) PSYoungGen: 324288K(336384K)->160K(338432K) Eden: 324096K(324096K)->0K(327168K) From: 192K(12288K)->160K(11264K)
[322.486s][info][gc,heap        ] GC(2936) ParOldGen: 118468K(699392K)->118468K(699392K)
[322.486s][info][gc,metaspace   ] GC(2936) Metaspace: 36304K(36672K)->36304K(36672K) NonClass: 32136K(32320K)->32136K(32320K) Class: 4168K(4352K)->4168K(4352K)
[322.486s][info][gc             ] GC(2936) Pause Young (Allocation Failure) 432M->115M(1013M) 0.522ms
[322.486s][info][gc,cpu         ] GC(2936) User=0.00s Sys=0.00s Real=0.00s
[322.547s][info][gc,start       ] GC(2937) Pause Young (Allocation Failure)
[322.548s][info][gc,heap        ] GC(2937) PSYoungGen: 327328K(338432K)->160K(337920K) Eden: 327168K(327168K)->0K(327168K) From: 160K(11264K)->160K(10752K)
[322.548s][info][gc,heap        ] GC(2937) ParOldGen: 118468K(699392K)->118468K(699392K)
[322.548s][info][gc,metaspace   ] GC(2937) Metaspace: 36304K(36672K)->36304K(36672K) NonClass: 32136K(32320K)->32136K(32320K) Class: 4168K(4352K)->4168K(4352K)
[322.548s][info][gc             ] GC(2937) Pause Young (Allocation Failure) 435M->115M(1013M) 0.434ms
[322.548s][info][gc,cpu         ] GC(2937) User=0.00s Sys=0.00s Real=0.00s
[322.610s][info][gc,start       ] GC(2938) Pause Young (Allocation Failure)
[322.610s][info][gc,heap        ] GC(2938) PSYoungGen: 327328K(337920K)->192K(339968K) Eden: 327168K(327168K)->0K(330240K) From: 160K(10752K)->192K(9728K)
[322.610s][info][gc,heap        ] GC(2938) ParOldGen: 118468K(699392K)->118468K(699392K)
[322.610s][info][gc,metaspace   ] GC(2938) Metaspace: 36304K(36672K)->36304K(36672K) NonClass: 32136K(32320K)->32136K(32320K) Class: 4168K(4352K)->4168K(4352K)
[322.610s][info][gc             ] GC(2938) Pause Young (Allocation Failure) 435M->115M(1015M) 0.473ms
[322.610s][info][gc,cpu         ] GC(2938) User=0.00s Sys=0.00s Real=0.00s
[322.674s][info][gc,start       ] GC(2939) Pause Young (Allocation Failure)
[322.675s][info][gc,heap        ] GC(2939) PSYoungGen: 330432K(339968K)->160K(339456K) Eden: 330240K(330240K)->0K(330240K) From: 192K(9728K)->160K(9216K)
[322.675s][info][gc,heap        ] GC(2939) ParOldGen: 118468K(699392K)->118468K(699392K)
[322.675s][info][gc,metaspace   ] GC(2939) Metaspace: 36304K(36672K)->36304K(36672K) NonClass: 32136K(32320K)->32136K(32320K) Class: 4168K(4352K)->4168K(4352K)
[322.675s][info][gc             ] GC(2939) Pause Young (Allocation Failure) 438M->115M(1014M) 0.526ms
[322.675s][info][gc,cpu         ] GC(2939) User=0.00s Sys=0.00s Real=0.00s
[322.737s][info][gc,start       ] GC(2940) Pause Young (Allocation Failure)
[322.738s][info][gc,heap        ] GC(2940) PSYoungGen: 330400K(339456K)->160K(340992K) Eden: 330240K(330240K)->0K(332288K) From: 160K(9216K)->160K(8704K)
[322.738s][info][gc,heap        ] GC(2940) ParOldGen: 118468K(699392K)->118468K(699392K)
[322.738s][info][gc,metaspace   ] GC(2940) Metaspace: 36304K(36672K)->36304K(36672K) NonClass: 32136K(32320K)->32136K(32320K) Class: 4168K(4352K)->4168K(4352K)
[322.738s][info][gc             ] GC(2940) Pause Young (Allocation Failure) 438M->115M(1016M) 0.396ms
[322.738s][info][gc,cpu         ] GC(2940) User=0.00s Sys=0.00s Real=0.00s
[322.797s][info][gc,start       ] GC(2941) Pause Young (Allocation Failure)
[322.798s][info][gc,heap        ] GC(2941) PSYoungGen: 332448K(340992K)->160K(340480K) Eden: 332288K(332288K)->0K(332288K) From: 160K(8704K)->160K(8192K)
[322.798s][info][gc,heap        ] GC(2941) ParOldGen: 118468K(699392K)->118468K(699392K)
[322.798s][info][gc,metaspace   ] GC(2941) Metaspace: 36304K(36672K)->36304K(36672K) NonClass: 32136K(32320K)->32136K(32320K) Class: 4168K(4352K)->4168K(4352K)
[322.798s][info][gc             ] GC(2941) Pause Young (Allocation Failure) 440M->115M(1015M) 0.446ms
[322.798s][info][gc,cpu         ] GC(2941) User=0.00s Sys=0.00s Real=0.00s
[322.858s][info][gc,start       ] GC(2942) Pause Young (Allocation Failure)
[322.858s][info][gc,heap        ] GC(2942) PSYoungGen: 332448K(340480K)->192K(342016K) Eden: 332288K(332288K)->0K(334336K) From: 160K(8192K)->192K(7680K)
[322.859s][info][gc,heap        ] GC(2942) ParOldGen: 118468K(699392K)->118468K(699392K)
[322.859s][info][gc,metaspace   ] GC(2942) Metaspace: 36304K(36672K)->36304K(36672K) NonClass: 32136K(32320K)->32136K(32320K) Class: 4168K(4352K)->4168K(4352K)
[322.859s][info][gc             ] GC(2942) Pause Young (Allocation Failure) 440M->115M(1017M) 0.446ms
[322.859s][info][gc,cpu         ] GC(2942) User=0.00s Sys=0.00s Real=0.00s
[322.925s][info][gc,start       ] GC(2943) Pause Young (Allocation Failure)
[322.925s][info][gc,heap        ] GC(2943) PSYoungGen: 334528K(342016K)->160K(341504K) Eden: 334336K(334336K)->0K(334336K) From: 192K(7680K)->160K(7168K)
[322.925s][info][gc,heap        ] GC(2943) ParOldGen: 118468K(699392K)->118468K(699392K)
[322.925s][info][gc,metaspace   ] GC(2943) Metaspace: 36304K(36672K)->36304K(36672K) NonClass: 32136K(32320K)->32136K(32320K) Class: 4168K(4352K)->4168K(4352K)
[322.925s][info][gc             ] GC(2943) Pause Young (Allocation Failure) 442M->115M(1016M) 0.469ms
[322.925s][info][gc,cpu         ] GC(2943) User=0.00s Sys=0.00s Real=0.00s
[322.989s][info][gc,start       ] GC(2944) Pause Young (Allocation Failure)
[322.989s][info][gc,heap        ] GC(2944) PSYoungGen: 334496K(341504K)->160K(343040K) Eden: 334336K(334336K)->0K(336384K) From: 160K(7168K)->160K(6656K)
[322.989s][info][gc,heap        ] GC(2944) ParOldGen: 118468K(699392K)->118468K(699392K)
[322.989s][info][gc,metaspace   ] GC(2944) Metaspace: 36304K(36672K)->36304K(36672K) NonClass: 32136K(32320K)->32136K(32320K) Class: 4168K(4352K)->4168K(4352K)
[322.989s][info][gc             ] GC(2944) Pause Young (Allocation Failure) 442M->115M(1018M) 0.391ms
[322.990s][info][gc,cpu         ] GC(2944) User=0.00s Sys=0.00s Real=0.00s
[323.053s][info][gc,start       ] GC(2945) Pause Young (Allocation Failure)
[323.053s][info][gc,heap        ] GC(2945) PSYoungGen: 336544K(343040K)->160K(342528K) Eden: 336384K(336384K)->0K(336384K) From: 160K(6656K)->160K(6144K)
[323.053s][info][gc,heap        ] GC(2945) ParOldGen: 118468K(699392K)->118468K(699392K)
[323.053s][info][gc,metaspace   ] GC(2945) Metaspace: 36304K(36672K)->36304K(36672K) NonClass: 32136K(32320K)->32136K(32320K) Class: 4168K(4352K)->4168K(4352K)
[323.053s][info][gc             ] GC(2945) Pause Young (Allocation Failure) 444M->115M(1017M) 0.423ms
[323.053s][info][gc,cpu         ] GC(2945) User=0.00s Sys=0.00s Real=0.00s
[323.117s][info][gc,start       ] GC(2946) Pause Young (Allocation Failure)
[323.117s][info][gc,heap        ] GC(2946) PSYoungGen: 336544K(342528K)->160K(344064K) Eden: 336384K(336384K)->0K(338432K) From: 160K(6144K)->160K(5632K)
[323.117s][info][gc,heap        ] GC(2946) ParOldGen: 118468K(699392K)->118468K(699392K)
[323.117s][info][gc,metaspace   ] GC(2946) Metaspace: 36304K(36672K)->36304K(36672K) NonClass: 32136K(32320K)->32136K(32320K) Class: 4168K(4352K)->4168K(4352K)
[323.117s][info][gc             ] GC(2946) Pause Young (Allocation Failure) 444M->115M(1019M) 0.432ms
[323.118s][info][gc,cpu         ] GC(2946) User=0.00s Sys=0.00s Real=0.00s
[323.181s][info][gc,start       ] GC(2947) Pause Young (Allocation Failure)
[323.182s][info][gc,heap        ] GC(2947) PSYoungGen: 338592K(344064K)->160K(343552K) Eden: 338432K(338432K)->0K(338432K) From: 160K(5632K)->160K(5120K)
[323.182s][info][gc,heap        ] GC(2947) ParOldGen: 118468K(699392K)->118468K(699392K)
[323.182s][info][gc,metaspace   ] GC(2947) Metaspace: 36304K(36672K)->36304K(36672K) NonClass: 32136K(32320K)->32136K(32320K) Class: 4168K(4352K)->4168K(4352K)
[323.182s][info][gc             ] GC(2947) Pause Young (Allocation Failure) 446M->115M(1018M) 0.429ms
[323.182s][info][gc,cpu         ] GC(2947) User=0.00s Sys=0.00s Real=0.00s
[323.245s][info][gc,start       ] GC(2948) Pause Young (Allocation Failure)
[323.245s][info][gc,heap        ] GC(2948) PSYoungGen: 338592K(343552K)->160K(344576K) Eden: 338432K(338432K)->0K(339968K) From: 160K(5120K)->160K(4608K)
[323.246s][info][gc,heap        ] GC(2948) ParOldGen: 118468K(699392K)->118468K(699392K)
[323.246s][info][gc,metaspace   ] GC(2948) Metaspace: 36304K(36672K)->36304K(36672K) NonClass: 32136K(32320K)->32136K(32320K) Class: 4168K(4352K)->4168K(4352K)
[323.246s][info][gc             ] GC(2948) Pause Young (Allocation Failure) 446M->115M(1019M) 0.408ms
[323.246s][info][gc,cpu         ] GC(2948) User=0.00s Sys=0.00s Real=0.00s
[323.311s][info][gc,start       ] GC(2949) Pause Young (Allocation Failure)
[323.311s][info][gc,heap        ] GC(2949) PSYoungGen: 340128K(344576K)->192K(344576K) Eden: 339968K(339968K)->0K(339968K) From: 160K(4608K)->192K(4608K)
[323.311s][info][gc,heap        ] GC(2949) ParOldGen: 118468K(699392K)->118468K(699392K)
[323.311s][info][gc,metaspace   ] GC(2949) Metaspace: 36304K(36672K)->36304K(36672K) NonClass: 32136K(32320K)->32136K(32320K) Class: 4168K(4352K)->4168K(4352K)
[323.311s][info][gc             ] GC(2949) Pause Young (Allocation Failure) 447M->115M(1019M) 0.417ms
[323.311s][info][gc,cpu         ] GC(2949) User=0.00s Sys=0.00s Real=0.00s
[323.374s][info][gc,start       ] GC(2950) Pause Young (Allocation Failure)
[323.375s][info][gc,heap        ] GC(2950) PSYoungGen: 340160K(344576K)->160K(345088K) Eden: 339968K(339968K)->0K(340992K) From: 192K(4608K)->160K(4096K)
[323.375s][info][gc,heap        ] GC(2950) ParOldGen: 118468K(699392K)->118468K(699392K)
[323.375s][info][gc,metaspace   ] GC(2950) Metaspace: 36304K(36672K)->36304K(36672K) NonClass: 32136K(32320K)->32136K(32320K) Class: 4168K(4352K)->4168K(4352K)
[323.375s][info][gc             ] GC(2950) Pause Young (Allocation Failure) 447M->115M(1020M) 0.430ms
[323.375s][info][gc,cpu         ] GC(2950) User=0.02s Sys=0.00s Real=0.00s
[323.439s][info][gc,start       ] GC(2951) Pause Young (Allocation Failure)
[323.439s][info][gc,heap        ] GC(2951) PSYoungGen: 341152K(345088K)->160K(345088K) Eden: 340992K(340992K)->0K(340992K) From: 160K(4096K)->160K(4096K)
[323.439s][info][gc,heap        ] GC(2951) ParOldGen: 118468K(699392K)->118468K(699392K)
[323.439s][info][gc,metaspace   ] GC(2951) Metaspace: 36304K(36672K)->36304K(36672K) NonClass: 32136K(32320K)->32136K(32320K) Class: 4168K(4352K)->4168K(4352K)
[323.439s][info][gc             ] GC(2951) Pause Young (Allocation Failure) 448M->115M(1020M) 0.425ms
[323.439s][info][gc,cpu         ] GC(2951) User=0.00s Sys=0.00s Real=0.00s
[323.504s][info][gc,start       ] GC(2952) Pause Young (Allocation Failure)
[323.504s][info][gc,heap        ] GC(2952) PSYoungGen: 341152K(345088K)->160K(345600K) Eden: 340992K(340992K)->0K(342016K) From: 160K(4096K)->160K(3584K)
[323.504s][info][gc,heap        ] GC(2952) ParOldGen: 118468K(699392K)->118468K(699392K)
[323.504s][info][gc,metaspace   ] GC(2952) Metaspace: 36304K(36672K)->36304K(36672K) NonClass: 32136K(32320K)->32136K(32320K) Class: 4168K(4352K)->4168K(4352K)
[323.504s][info][gc             ] GC(2952) Pause Young (Allocation Failure) 448M->115M(1020M) 0.567ms
[323.504s][info][gc,cpu         ] GC(2952) User=0.00s Sys=0.00s Real=0.02s
[323.569s][info][gc,start       ] GC(2953) Pause Young (Allocation Failure)
[323.569s][info][gc,heap        ] GC(2953) PSYoungGen: 342176K(345600K)->192K(345600K) Eden: 342016K(342016K)->0K(342016K) From: 160K(3584K)->192K(3584K)
[323.569s][info][gc,heap        ] GC(2953) ParOldGen: 118468K(699392K)->118468K(699392K)
[323.569s][info][gc,metaspace   ] GC(2953) Metaspace: 36304K(36672K)->36304K(36672K) NonClass: 32136K(32320K)->32136K(32320K) Class: 4168K(4352K)->4168K(4352K)
[323.569s][info][gc             ] GC(2953) Pause Young (Allocation Failure) 449M->115M(1020M) 0.438ms
[323.569s][info][gc,cpu         ] GC(2953) User=0.00s Sys=0.00s Real=0.00s
[323.635s][info][gc,start       ] GC(2954) Pause Young (Allocation Failure)
[323.635s][info][gc,heap        ] GC(2954) PSYoungGen: 342208K(345600K)->160K(346112K) Eden: 342016K(342016K)->0K(343040K) From: 192K(3584K)->160K(3072K)
[323.635s][info][gc,heap        ] GC(2954) ParOldGen: 118468K(699392K)->118468K(699392K)
[323.635s][info][gc,metaspace   ] GC(2954) Metaspace: 36304K(36672K)->36304K(36672K) NonClass: 32136K(32320K)->32136K(32320K) Class: 4168K(4352K)->4168K(4352K)
[323.635s][info][gc             ] GC(2954) Pause Young (Allocation Failure) 449M->115M(1021M) 0.416ms
[323.635s][info][gc,cpu         ] GC(2954) User=0.00s Sys=0.00s Real=0.00s
[323.703s][info][gc,start       ] GC(2955) Pause Young (Allocation Failure)
[323.704s][info][gc,heap        ] GC(2955) PSYoungGen: 343200K(346112K)->160K(346112K) Eden: 343040K(343040K)->0K(343040K) From: 160K(3072K)->160K(3072K)
[323.704s][info][gc,heap        ] GC(2955) ParOldGen: 118468K(699392K)->118468K(699392K)
[323.704s][info][gc,metaspace   ] GC(2955) Metaspace: 36304K(36672K)->36304K(36672K) NonClass: 32136K(32320K)->32136K(32320K) Class: 4168K(4352K)->4168K(4352K)
[323.704s][info][gc             ] GC(2955) Pause Young (Allocation Failure) 450M->115M(1021M) 0.416ms
[323.704s][info][gc,cpu         ] GC(2955) User=0.00s Sys=0.00s Real=0.00s
[323.783s][info][gc,start       ] GC(2956) Pause Young (Allocation Failure)
[323.784s][info][gc,heap        ] GC(2956) PSYoungGen: 343200K(346112K)->192K(346624K) Eden: 343040K(343040K)->0K(344064K) From: 160K(3072K)->192K(2560K)
[323.784s][info][gc,heap        ] GC(2956) ParOldGen: 118468K(699392K)->118468K(699392K)
[323.784s][info][gc,metaspace   ] GC(2956) Metaspace: 36304K(36672K)->36304K(36672K) NonClass: 32136K(32320K)->32136K(32320K) Class: 4168K(4352K)->4168K(4352K)
[323.784s][info][gc             ] GC(2956) Pause Young (Allocation Failure) 450M->115M(1021M) 0.479ms
[323.784s][info][gc,cpu         ] GC(2956) User=0.00s Sys=0.00s Real=0.00s
[324.089s][info][gc,start       ] GC(2957) Pause Young (Allocation Failure)
[324.101s][info][gc,heap        ] GC(2957) PSYoungGen: 342549K(346624K)->2535K(346624K) Eden: 342357K(344064K)->0K(344064K) From: 192K(2560K)->2535K(2560K)
[324.101s][info][gc,heap        ] GC(2957) ParOldGen: 118468K(699392K)->152703K(699392K)
[324.101s][info][gc,metaspace   ] GC(2957) Metaspace: 36304K(36672K)->36304K(36672K) NonClass: 32136K(32320K)->32136K(32320K) Class: 4168K(4352K)->4168K(4352K)
[324.101s][info][gc             ] GC(2957) Pause Young (Allocation Failure) 450M->151M(1021M) 12.353ms
[324.101s][info][gc,cpu         ] GC(2957) User=0.08s Sys=0.02s Real=0.02s
[324.404s][info][gc,start       ] GC(2958) Pause Young (Allocation Failure)
[324.421s][info][gc,heap        ] GC(2958) PSYoungGen: 340754K(346624K)->2556K(288256K) Eden: 338219K(344064K)->0K(285696K) From: 2535K(2560K)->2556K(2560K)
[324.421s][info][gc,heap        ] GC(2958) ParOldGen: 152703K(699392K)->200851K(699392K)
[324.421s][info][gc,metaspace   ] GC(2958) Metaspace: 36304K(36672K)->36304K(36672K) NonClass: 32136K(32320K)->32136K(32320K) Class: 4168K(4352K)->4168K(4352K)
[324.421s][info][gc             ] GC(2958) Pause Young (Allocation Failure) 481M->198M(964M) 16.991ms
[324.421s][info][gc,cpu         ] GC(2958) User=0.09s Sys=0.00s Real=0.02s
[324.673s][info][gc,start       ] GC(2959) Pause Young (Allocation Failure)
[324.682s][info][gc,heap        ] GC(2959) PSYoungGen: 285624K(288256K)->23420K(309248K) Eden: 283068K(285696K)->0K(285696K) From: 2556K(2560K)->23420K(23552K)
[324.682s][info][gc,heap        ] GC(2959) ParOldGen: 200851K(699392K)->202779K(699392K)
[324.682s][info][gc,metaspace   ] GC(2959) Metaspace: 36304K(36672K)->36304K(36672K) NonClass: 32136K(32320K)->32136K(32320K) Class: 4168K(4352K)->4168K(4352K)
[324.682s][info][gc             ] GC(2959) Pause Young (Allocation Failure) 475M->220M(985M) 8.870ms
[324.682s][info][gc,cpu         ] GC(2959) User=0.00s Sys=0.00s Real=0.01s
[324.939s][info][gc,start       ] GC(2960) Pause Young (Allocation Failure)
[324.947s][info][gc,heap        ] GC(2960) PSYoungGen: 304511K(309248K)->17255K(313856K) Eden: 281090K(285696K)->0K(278528K) From: 23420K(23552K)->17255K(35328K)
[324.947s][info][gc,heap        ] GC(2960) ParOldGen: 202779K(699392K)->212762K(699392K)
[324.947s][info][gc,metaspace   ] GC(2960) Metaspace: 36304K(36672K)->36304K(36672K) NonClass: 32136K(32320K)->32136K(32320K) Class: 4168K(4352K)->4168K(4352K)
[324.947s][info][gc             ] GC(2960) Pause Young (Allocation Failure) 495M->224M(989M) 8.208ms
[324.947s][info][gc,cpu         ] GC(2960) User=0.00s Sys=0.00s Real=0.01s
[325.188s][info][gc,start       ] GC(2961) Pause Young (Allocation Failure)
[325.194s][info][gc,heap        ] GC(2961) PSYoungGen: 295783K(313856K)->11826K(313856K) Eden: 278528K(278528K)->0K(278528K) From: 17255K(35328K)->11826K(35328K)
[325.194s][info][gc,heap        ] GC(2961) ParOldGen: 212762K(699392K)->216490K(699392K)
[325.194s][info][gc,metaspace   ] GC(2961) Metaspace: 36304K(36672K)->36304K(36672K) NonClass: 32136K(32320K)->32136K(32320K) Class: 4168K(4352K)->4168K(4352K)
[325.194s][info][gc             ] GC(2961) Pause Young (Allocation Failure) 496M->222M(989M) 6.622ms
[325.194s][info][gc,cpu         ] GC(2961) User=0.00s Sys=0.00s Real=0.01s
[325.420s][info][gc,start       ] GC(2962) Pause Young (Allocation Failure)
[325.426s][info][gc,heap        ] GC(2962) PSYoungGen: 286867K(313856K)->20235K(313856K) Eden: 275040K(278528K)->0K(280576K) From: 11826K(35328K)->20235K(33280K)
[325.426s][info][gc,heap        ] GC(2962) ParOldGen: 216490K(699392K)->218026K(699392K)
[325.426s][info][gc,metaspace   ] GC(2962) Metaspace: 36304K(36672K)->36304K(36672K) NonClass: 32136K(32320K)->32136K(32320K) Class: 4168K(4352K)->4168K(4352K)
[325.426s][info][gc             ] GC(2962) Pause Young (Allocation Failure) 491M->232M(989M) 6.571ms
[325.426s][info][gc,cpu         ] GC(2962) User=0.09s Sys=0.00s Real=0.01s
[325.661s][info][gc,start       ] GC(2963) Pause Young (Allocation Failure)
[325.666s][info][gc,heap        ] GC(2963) PSYoungGen: 300811K(313856K)->9995K(314880K) Eden: 280576K(280576K)->0K(280576K) From: 20235K(33280K)->9995K(34304K)
[325.666s][info][gc,heap        ] GC(2963) ParOldGen: 218026K(699392K)->218640K(699392K)
[325.666s][info][gc,metaspace   ] GC(2963) Metaspace: 36304K(36672K)->36304K(36672K) NonClass: 32136K(32320K)->32136K(32320K) Class: 4168K(4352K)->4168K(4352K)
[325.666s][info][gc             ] GC(2963) Pause Young (Allocation Failure) 506M->223M(990M) 5.416ms
[325.666s][info][gc,cpu         ] GC(2963) User=0.00s Sys=0.00s Real=0.00s
[325.896s][info][gc,start       ] GC(2964) Pause Young (Allocation Failure)
[325.903s][info][gc,heap        ] GC(2964) PSYoungGen: 290343K(314880K)->14566K(317440K) Eden: 280347K(280576K)->0K(284672K) From: 9995K(34304K)->14566K(32768K)
[325.903s][info][gc,heap        ] GC(2964) ParOldGen: 218640K(699392K)->219911K(699392K)
[325.903s][info][gc,metaspace   ] GC(2964) Metaspace: 36304K(36672K)->36304K(36672K) NonClass: 32136K(32320K)->32136K(32320K) Class: 4168K(4352K)->4168K(4352K)
[325.903s][info][gc             ] GC(2964) Pause Young (Allocation Failure) 497M->228M(993M) 7.511ms
[325.904s][info][gc,cpu         ] GC(2964) User=0.00s Sys=0.00s Real=0.01s
[326.143s][info][gc,start       ] GC(2965) Pause Young (Allocation Failure)
[326.149s][info][gc,heap        ] GC(2965) PSYoungGen: 299238K(317440K)->13823K(316416K) Eden: 284672K(284672K)->0K(284672K) From: 14566K(32768K)->13823K(31744K)
[326.149s][info][gc,heap        ] GC(2965) ParOldGen: 219911K(699392K)->224641K(699392K)
[326.149s][info][gc,metaspace   ] GC(2965) Metaspace: 36304K(36672K)->36304K(36672K) NonClass: 32136K(32320K)->32136K(32320K) Class: 4168K(4352K)->4168K(4352K)
[326.149s][info][gc             ] GC(2965) Pause Young (Allocation Failure) 506M->232M(992M) 6.792ms
[326.149s][info][gc,cpu         ] GC(2965) User=0.00s Sys=0.00s Real=0.01s
[326.386s][info][gc,start       ] GC(2966) Pause Young (Allocation Failure)
[326.393s][info][gc,heap        ] GC(2966) PSYoungGen: 298431K(316416K)->14648K(319488K) Eden: 284607K(284672K)->0K(289280K) From: 13823K(31744K)->14648K(30208K)
[326.393s][info][gc,heap        ] GC(2966) ParOldGen: 224641K(699392K)->228272K(699392K)
[326.393s][info][gc,metaspace   ] GC(2966) Metaspace: 36304K(36672K)->36304K(36672K) NonClass: 32136K(32320K)->32136K(32320K) Class: 4168K(4352K)->4168K(4352K)
[326.393s][info][gc             ] GC(2966) Pause Young (Allocation Failure) 510M->237M(995M) 6.717ms
[326.393s][info][gc,cpu         ] GC(2966) User=0.09s Sys=0.00s Real=0.01s
[326.614s][info][gc,start       ] GC(2967) Pause Young (Allocation Failure)
[326.621s][info][gc,heap        ] GC(2967) PSYoungGen: 299231K(319488K)->20373K(309760K) Eden: 284582K(289280K)->0K(289280K) From: 14648K(30208K)->20373K(20480K)
[326.621s][info][gc,heap        ] GC(2967) ParOldGen: 228272K(699392K)->229618K(699392K)
[326.621s][info][gc,metaspace   ] GC(2967) Metaspace: 36304K(36672K)->36304K(36672K) NonClass: 32136K(32320K)->32136K(32320K) Class: 4168K(4352K)->4168K(4352K)
[326.621s][info][gc             ] GC(2967) Pause Young (Allocation Failure) 515M->244M(985M) 6.938ms
[326.621s][info][gc,cpu         ] GC(2967) User=0.00s Sys=0.00s Real=0.01s
[326.862s][info][gc,start       ] GC(2968) Pause Young (Allocation Failure)
[326.869s][info][gc,heap        ] GC(2968) PSYoungGen: 309296K(309760K)->12331K(320000K) Eden: 288922K(289280K)->0K(289280K) From: 20373K(20480K)->12331K(30720K)
[326.869s][info][gc,heap        ] GC(2968) ParOldGen: 229618K(699392K)->232047K(699392K)
[326.869s][info][gc,metaspace   ] GC(2968) Metaspace: 36304K(36672K)->36304K(36672K) NonClass: 32136K(32320K)->32136K(32320K) Class: 4168K(4352K)->4168K(4352K)
[326.869s][info][gc             ] GC(2968) Pause Young (Allocation Failure) 526M->238M(995M) 7.376ms
[326.869s][info][gc,cpu         ] GC(2968) User=0.00s Sys=0.00s Real=0.01s
[326.946s][info][gc,start       ] GC(2969) Pause Young (System.gc())
[326.950s][info][gc,heap        ] GC(2969) PSYoungGen: 98606K(320000K)->6961K(318464K) Eden: 86274K(289280K)->0K(289280K) From: 12331K(30720K)->6961K(29184K)
[326.950s][info][gc,heap        ] GC(2969) ParOldGen: 232047K(699392K)->235062K(699392K)
[326.950s][info][gc,metaspace   ] GC(2969) Metaspace: 36304K(36672K)->36304K(36672K) NonClass: 32136K(32320K)->32136K(32320K) Class: 4168K(4352K)->4168K(4352K)
[326.950s][info][gc             ] GC(2969) Pause Young (System.gc()) 322M->236M(994M) 3.805ms
[326.950s][info][gc,cpu         ] GC(2969) User=0.00s Sys=0.00s Real=0.00s
[326.950s][info][gc,start       ] GC(2970) Pause Full (System.gc())
[326.950s][info][gc,phases,start] GC(2970) Marking Phase
[326.966s][info][gc,phases      ] GC(2970) Marking Phase 16.155ms
[326.966s][info][gc,phases,start] GC(2970) Summary Phase
[326.966s][info][gc,phases      ] GC(2970) Summary Phase 0.014ms
[326.966s][info][gc,phases,start] GC(2970) Adjust Roots
[326.970s][info][gc,phases      ] GC(2970) Adjust Roots 4.124ms
[326.970s][info][gc,phases,start] GC(2970) Compaction Phase
[326.978s][info][gc,phases      ] GC(2970) Compaction Phase 7.453ms
[326.978s][info][gc,phases,start] GC(2970) Post Compact
[326.979s][info][gc,phases      ] GC(2970) Post Compact 1.071ms
[326.979s][info][gc,heap        ] GC(2970) PSYoungGen: 6961K(318464K)->0K(318464K) Eden: 0K(289280K)->0K(289280K) From: 6961K(29184K)->0K(29184K)
[326.979s][info][gc,heap        ] GC(2970) ParOldGen: 235062K(699392K)->117849K(699392K)
[326.979s][info][gc,metaspace   ] GC(2970) Metaspace: 36304K(36672K)->36304K(36672K) NonClass: 32136K(32320K)->32136K(32320K) Class: 4168K(4352K)->4168K(4352K)
[326.979s][info][gc             ] GC(2970) Pause Full (System.gc()) 236M->115M(994M) 29.124ms
[326.979s][info][gc,cpu         ] GC(2970) User=0.11s Sys=0.00s Real=0.03s
[327.026s][info][gc,start       ] GC(2971) Pause Young (Allocation Failure)
[327.026s][info][gc,heap        ] GC(2971) PSYoungGen: 289280K(318464K)->192K(319488K) Eden: 289280K(289280K)->0K(290816K) From: 0K(29184K)->192K(28672K)
[327.026s][info][gc,heap        ] GC(2971) ParOldGen: 117849K(699392K)->117849K(699392K)
[327.026s][info][gc,metaspace   ] GC(2971) Metaspace: 36305K(36672K)->36305K(36672K) NonClass: 32136K(32320K)->32136K(32320K) Class: 4168K(4352K)->4168K(4352K)
[327.026s][info][gc             ] GC(2971) Pause Young (Allocation Failure) 397M->115M(995M) 0.377ms
[327.026s][info][gc,cpu         ] GC(2971) User=0.00s Sys=0.00s Real=0.00s
[327.070s][info][gc,start       ] GC(2972) Pause Young (Allocation Failure)
[327.070s][info][gc,heap        ] GC(2972) PSYoungGen: 291008K(319488K)->160K(320000K) Eden: 290816K(290816K)->0K(290816K) From: 192K(28672K)->160K(29184K)
[327.070s][info][gc,heap        ] GC(2972) ParOldGen: 117849K(699392K)->117897K(699392K)
[327.070s][info][gc,metaspace   ] GC(2972) Metaspace: 36305K(36672K)->36305K(36672K) NonClass: 32136K(32320K)->32136K(32320K) Class: 4168K(4352K)->4168K(4352K)
[327.070s][info][gc             ] GC(2972) Pause Young (Allocation Failure) 399M->115M(995M) 0.435ms
[327.070s][info][gc,cpu         ] GC(2972) User=0.00s Sys=0.00s Real=0.00s
[327.115s][info][gc,start       ] GC(2973) Pause Young (Allocation Failure)
[327.115s][info][gc,heap        ] GC(2973) PSYoungGen: 290976K(320000K)->160K(320000K) Eden: 290816K(290816K)->0K(290816K) From: 160K(29184K)->160K(29184K)
[327.115s][info][gc,heap        ] GC(2973) ParOldGen: 117897K(699392K)->117897K(699392K)
[327.115s][info][gc,metaspace   ] GC(2973) Metaspace: 36305K(36672K)->36305K(36672K) NonClass: 32136K(32320K)->32136K(32320K) Class: 4168K(4352K)->4168K(4352K)
[327.115s][info][gc             ] GC(2973) Pause Young (Allocation Failure) 399M->115M(995M) 0.443ms
[327.115s][info][gc,cpu         ] GC(2973) User=0.00s Sys=0.00s Real=0.00s
[327.159s][info][gc,start       ] GC(2974) Pause Young (Allocation Failure)
[327.159s][info][gc,heap        ] GC(2974) PSYoungGen: 290976K(320000K)->192K(320000K) Eden: 290816K(290816K)->0K(290816K) From: 160K(29184K)->192K(29184K)
[327.159s][info][gc,heap        ] GC(2974) ParOldGen: 117897K(699392K)->117897K(699392K)
[327.159s][info][gc,metaspace   ] GC(2974) Metaspace: 36305K(36672K)->36305K(36672K) NonClass: 32136K(32320K)->32136K(32320K) Class: 4168K(4352K)->4168K(4352K)
[327.159s][info][gc             ] GC(2974) Pause Young (Allocation Failure) 399M->115M(995M) 0.357ms
[327.159s][info][gc,cpu         ] GC(2974) User=0.00s Sys=0.00s Real=0.00s
[327.203s][info][gc,start       ] GC(2975) Pause Young (Allocation Failure)
[327.203s][info][gc,heap        ] GC(2975) PSYoungGen: 291008K(320000K)->192K(321024K) Eden: 290816K(290816K)->0K(292352K) From: 192K(29184K)->192K(28672K)
[327.203s][info][gc,heap        ] GC(2975) ParOldGen: 117897K(699392K)->117897K(699392K)
[327.203s][info][gc,metaspace   ] GC(2975) Metaspace: 36305K(36672K)->36305K(36672K) NonClass: 32136K(32320K)->32136K(32320K) Class: 4168K(4352K)->4168K(4352K)
[327.203s][info][gc             ] GC(2975) Pause Young (Allocation Failure) 399M->115M(996M) 0.422ms
[327.203s][info][gc,cpu         ] GC(2975) User=0.09s Sys=0.00s Real=0.00s
[327.248s][info][gc,start       ] GC(2976) Pause Young (Allocation Failure)
[327.248s][info][gc,heap        ] GC(2976) PSYoungGen: 292544K(321024K)->160K(320512K) Eden: 292352K(292352K)->0K(292352K) From: 192K(28672K)->160K(28160K)
[327.248s][info][gc,heap        ] GC(2976) ParOldGen: 117897K(699392K)->117897K(699392K)
[327.248s][info][gc,metaspace   ] GC(2976) Metaspace: 36305K(36672K)->36305K(36672K) NonClass: 32136K(32320K)->32136K(32320K) Class: 4168K(4352K)->4168K(4352K)
[327.248s][info][gc             ] GC(2976) Pause Young (Allocation Failure) 400M->115M(996M) 0.394ms
[327.248s][info][gc,cpu         ] GC(2976) User=0.00s Sys=0.00s Real=0.00s
[327.292s][info][gc,start       ] GC(2977) Pause Young (Allocation Failure)
[327.293s][info][gc,heap        ] GC(2977) PSYoungGen: 292512K(320512K)->160K(323072K) Eden: 292352K(292352K)->0K(295936K) From: 160K(28160K)->160K(27136K)
[327.293s][info][gc,heap        ] GC(2977) ParOldGen: 117897K(699392K)->117897K(699392K)
[327.293s][info][gc,metaspace   ] GC(2977) Metaspace: 36305K(36672K)->36305K(36672K) NonClass: 32136K(32320K)->32136K(32320K) Class: 4168K(4352K)->4168K(4352K)
[327.293s][info][gc             ] GC(2977) Pause Young (Allocation Failure) 400M->115M(998M) 0.499ms
[327.293s][info][gc,cpu         ] GC(2977) User=0.00s Sys=0.00s Real=0.00s
[327.338s][info][gc,start       ] GC(2978) Pause Young (Allocation Failure)
[327.338s][info][gc,heap        ] GC(2978) PSYoungGen: 296096K(323072K)->192K(322048K) Eden: 295936K(295936K)->0K(295936K) From: 160K(27136K)->192K(26112K)
[327.338s][info][gc,heap        ] GC(2978) ParOldGen: 117897K(699392K)->117897K(699392K)
[327.338s][info][gc,metaspace   ] GC(2978) Metaspace: 36305K(36672K)->36305K(36672K) NonClass: 32136K(32320K)->32136K(32320K) Class: 4168K(4352K)->4168K(4352K)
[327.338s][info][gc             ] GC(2978) Pause Young (Allocation Failure) 404M->115M(997M) 0.374ms
[327.338s][info][gc,cpu         ] GC(2978) User=0.00s Sys=0.00s Real=0.00s
[327.382s][info][gc,start       ] GC(2979) Pause Young (Allocation Failure)
[327.382s][info][gc,heap        ] GC(2979) PSYoungGen: 296128K(322048K)->192K(325120K) Eden: 295936K(295936K)->0K(300032K) From: 192K(26112K)->192K(25088K)
[327.382s][info][gc,heap        ] GC(2979) ParOldGen: 117897K(699392K)->117897K(699392K)
[327.382s][info][gc,metaspace   ] GC(2979) Metaspace: 36305K(36672K)->36305K(36672K) NonClass: 32136K(32320K)->32136K(32320K) Class: 4168K(4352K)->4168K(4352K)
[327.382s][info][gc             ] GC(2979) Pause Young (Allocation Failure) 404M->115M(1000M) 0.421ms
[327.382s][info][gc,cpu         ] GC(2979) User=0.00s Sys=0.00s Real=0.00s
[327.427s][info][gc,start       ] GC(2980) Pause Young (Allocation Failure)
[327.427s][info][gc,heap        ] GC(2980) PSYoungGen: 300224K(325120K)->160K(324096K) Eden: 300032K(300032K)->0K(300032K) From: 192K(25088K)->160K(24064K)
[327.428s][info][gc,heap        ] GC(2980) ParOldGen: 117897K(699392K)->117897K(699392K)
[327.428s][info][gc,metaspace   ] GC(2980) Metaspace: 36305K(36672K)->36305K(36672K) NonClass: 32136K(32320K)->32136K(32320K) Class: 4168K(4352K)->4168K(4352K)
[327.428s][info][gc             ] GC(2980) Pause Young (Allocation Failure) 408M->115M(999M) 0.372ms
[327.428s][info][gc,cpu         ] GC(2980) User=0.00s Sys=0.00s Real=0.00s
[327.472s][info][gc,start       ] GC(2981) Pause Young (Allocation Failure)
[327.472s][info][gc,heap        ] GC(2981) PSYoungGen: 300192K(324096K)->192K(327168K) Eden: 300032K(300032K)->0K(304128K) From: 160K(24064K)->192K(23040K)
[327.472s][info][gc,heap        ] GC(2981) ParOldGen: 117897K(699392K)->117897K(699392K)
[327.472s][info][gc,metaspace   ] GC(2981) Metaspace: 36305K(36672K)->36305K(36672K) NonClass: 32136K(32320K)->32136K(32320K) Class: 4168K(4352K)->4168K(4352K)
[327.472s][info][gc             ] GC(2981) Pause Young (Allocation Failure) 408M->115M(1002M) 0.392ms
[327.472s][info][gc,cpu         ] GC(2981) User=0.00s Sys=0.00s Real=0.00s
[327.518s][info][gc,start       ] GC(2982) Pause Young (Allocation Failure)
[327.518s][info][gc,heap        ] GC(2982) PSYoungGen: 304320K(327168K)->160K(326144K) Eden: 304128K(304128K)->0K(304128K) From: 192K(23040K)->160K(22016K)
[327.518s][info][gc,heap        ] GC(2982) ParOldGen: 117897K(699392K)->117897K(699392K)
[327.518s][info][gc,metaspace   ] GC(2982) Metaspace: 36305K(36672K)->36305K(36672K) NonClass: 32136K(32320K)->32136K(32320K) Class: 4168K(4352K)->4168K(4352K)
[327.518s][info][gc             ] GC(2982) Pause Young (Allocation Failure) 412M->115M(1001M) 0.371ms
[327.518s][info][gc,cpu         ] GC(2982) User=0.00s Sys=0.00s Real=0.00s
[327.565s][info][gc,start       ] GC(2983) Pause Young (Allocation Failure)
[327.566s][info][gc,heap        ] GC(2983) PSYoungGen: 304288K(326144K)->160K(329216K) Eden: 304128K(304128K)->0K(308224K) From: 160K(22016K)->160K(20992K)
[327.566s][info][gc,heap        ] GC(2983) ParOldGen: 117897K(699392K)->117897K(699392K)
[327.566s][info][gc,metaspace   ] GC(2983) Metaspace: 36305K(36672K)->36305K(36672K) NonClass: 32136K(32320K)->32136K(32320K) Class: 4168K(4352K)->4168K(4352K)
[327.566s][info][gc             ] GC(2983) Pause Young (Allocation Failure) 412M->115M(1004M) 0.337ms
[327.566s][info][gc,cpu         ] GC(2983) User=0.00s Sys=0.00s Real=0.00s
[327.612s][info][gc,start       ] GC(2984) Pause Young (Allocation Failure)
[327.612s][info][gc,heap        ] GC(2984) PSYoungGen: 308384K(329216K)->160K(328192K) Eden: 308224K(308224K)->0K(308224K) From: 160K(20992K)->160K(19968K)
[327.612s][info][gc,heap        ] GC(2984) ParOldGen: 117897K(699392K)->117897K(699392K)
[327.612s][info][gc,metaspace   ] GC(2984) Metaspace: 36305K(36672K)->36305K(36672K) NonClass: 32136K(32320K)->32136K(32320K) Class: 4168K(4352K)->4168K(4352K)
[327.612s][info][gc             ] GC(2984) Pause Young (Allocation Failure) 416M->115M(1003M) 0.378ms
[327.612s][info][gc,cpu         ] GC(2984) User=0.00s Sys=0.00s Real=0.00s
[327.664s][info][gc,start       ] GC(2985) Pause Young (Allocation Failure)
[327.664s][info][gc,heap        ] GC(2985) PSYoungGen: 308384K(328192K)->192K(331776K) Eden: 308224K(308224K)->0K(312832K) From: 160K(19968K)->192K(18944K)
[327.664s][info][gc,heap        ] GC(2985) ParOldGen: 117897K(699392K)->117897K(699392K)
[327.665s][info][gc,metaspace   ] GC(2985) Metaspace: 36305K(36672K)->36305K(36672K) NonClass: 32136K(32320K)->32136K(32320K) Class: 4168K(4352K)->4168K(4352K)
[327.665s][info][gc             ] GC(2985) Pause Young (Allocation Failure) 416M->115M(1007M) 0.566ms
[327.665s][info][gc,cpu         ] GC(2985) User=0.00s Sys=0.00s Real=0.00s
[327.725s][info][gc,start       ] GC(2986) Pause Young (Allocation Failure)
[327.726s][info][gc,heap        ] GC(2986) PSYoungGen: 313024K(331776K)->192K(330240K) Eden: 312832K(312832K)->0K(312832K) From: 192K(18944K)->192K(17408K)
[327.726s][info][gc,heap        ] GC(2986) ParOldGen: 117897K(699392K)->117945K(699392K)
[327.726s][info][gc,metaspace   ] GC(2986) Metaspace: 36305K(36672K)->36305K(36672K) NonClass: 32136K(32320K)->32136K(32320K) Class: 4168K(4352K)->4168K(4352K)
[327.726s][info][gc             ] GC(2986) Pause Young (Allocation Failure) 420M->115M(1005M) 0.436ms
[327.726s][info][gc,cpu         ] GC(2986) User=0.00s Sys=0.00s Real=0.00s
[327.787s][info][gc,start       ] GC(2987) Pause Young (Allocation Failure)
[327.787s][info][gc,heap        ] GC(2987) PSYoungGen: 313024K(330240K)->192K(333824K) Eden: 312832K(312832K)->0K(317440K) From: 192K(17408K)->192K(16384K)
[327.787s][info][gc,heap        ] GC(2987) ParOldGen: 117945K(699392K)->117977K(699392K)
[327.787s][info][gc,metaspace   ] GC(2987) Metaspace: 36305K(36672K)->36305K(36672K) NonClass: 32136K(32320K)->32136K(32320K) Class: 4168K(4352K)->4168K(4352K)
[327.787s][info][gc             ] GC(2987) Pause Young (Allocation Failure) 420M->115M(1009M) 0.409ms
[327.787s][info][gc,cpu         ] GC(2987) User=0.00s Sys=0.00s Real=0.02s
[327.849s][info][gc,start       ] GC(2988) Pause Young (Allocation Failure)
[327.849s][info][gc,heap        ] GC(2988) PSYoungGen: 317632K(333824K)->160K(332800K) Eden: 317440K(317440K)->0K(317440K) From: 192K(16384K)->160K(15360K)
[327.849s][info][gc,heap        ] GC(2988) ParOldGen: 117977K(699392K)->117977K(699392K)
[327.849s][info][gc,metaspace   ] GC(2988) Metaspace: 36305K(36672K)->36305K(36672K) NonClass: 32136K(32320K)->32136K(32320K) Class: 4168K(4352K)->4168K(4352K)
[327.849s][info][gc             ] GC(2988) Pause Young (Allocation Failure) 425M->115M(1008M) 0.411ms
[327.849s][info][gc,cpu         ] GC(2988) User=0.00s Sys=0.00s Real=0.00s
[327.914s][info][gc,start       ] GC(2989) Pause Young (Allocation Failure)
[327.914s][info][gc,heap        ] GC(2989) PSYoungGen: 317600K(332800K)->160K(335360K) Eden: 317440K(317440K)->0K(320512K) From: 160K(15360K)->160K(14848K)
[327.914s][info][gc,heap        ] GC(2989) ParOldGen: 117977K(699392K)->117977K(699392K)
[327.914s][info][gc,metaspace   ] GC(2989) Metaspace: 36305K(36672K)->36305K(36672K) NonClass: 32136K(32320K)->32136K(32320K) Class: 4168K(4352K)->4168K(4352K)
[327.914s][info][gc             ] GC(2989) Pause Young (Allocation Failure) 425M->115M(1010M) 0.492ms
[327.914s][info][gc,cpu         ] GC(2989) User=0.00s Sys=0.00s Real=0.00s
[327.976s][info][gc,start       ] GC(2990) Pause Young (Allocation Failure)
[327.977s][info][gc,heap        ] GC(2990) PSYoungGen: 320672K(335360K)->160K(334336K) Eden: 320512K(320512K)->0K(320512K) From: 160K(14848K)->160K(13824K)
[327.977s][info][gc,heap        ] GC(2990) ParOldGen: 117977K(699392K)->117977K(699392K)
[327.977s][info][gc,metaspace   ] GC(2990) Metaspace: 36305K(36672K)->36305K(36672K) NonClass: 32136K(32320K)->32136K(32320K) Class: 4168K(4352K)->4168K(4352K)
[327.977s][info][gc             ] GC(2990) Pause Young (Allocation Failure) 428M->115M(1009M) 0.427ms
[327.977s][info][gc,cpu         ] GC(2990) User=0.00s Sys=0.00s Real=0.00s
[328.037s][info][gc,start       ] GC(2991) Pause Young (Allocation Failure)
[328.038s][info][gc,heap        ] GC(2991) PSYoungGen: 320672K(334336K)->160K(337408K) Eden: 320512K(320512K)->0K(324608K) From: 160K(13824K)->160K(12800K)
[328.038s][info][gc,heap        ] GC(2991) ParOldGen: 117977K(699392K)->117977K(699392K)
[328.038s][info][gc,metaspace   ] GC(2991) Metaspace: 36305K(36672K)->36305K(36672K) NonClass: 32136K(32320K)->32136K(32320K) Class: 4168K(4352K)->4168K(4352K)
[328.038s][info][gc             ] GC(2991) Pause Young (Allocation Failure) 428M->115M(1012M) 0.439ms
[328.038s][info][gc,cpu         ] GC(2991) User=0.00s Sys=0.00s Real=0.02s
[328.102s][info][gc,start       ] GC(2992) Pause Young (Allocation Failure)
[328.103s][info][gc,heap        ] GC(2992) PSYoungGen: 324768K(337408K)->192K(336384K) Eden: 324608K(324608K)->0K(324608K) From: 160K(12800K)->192K(11776K)
[328.103s][info][gc,heap        ] GC(2992) ParOldGen: 117977K(699392K)->117977K(699392K)
[328.103s][info][gc,metaspace   ] GC(2992) Metaspace: 36305K(36672K)->36305K(36672K) NonClass: 32136K(32320K)->32136K(32320K) Class: 4168K(4352K)->4168K(4352K)
[328.103s][info][gc             ] GC(2992) Pause Young (Allocation Failure) 432M->115M(1011M) 0.411ms
[328.103s][info][gc,cpu         ] GC(2992) User=0.00s Sys=0.00s Real=0.00s
[328.164s][info][gc,start       ] GC(2993) Pause Young (Allocation Failure)
[328.165s][info][gc,heap        ] GC(2993) PSYoungGen: 324800K(336384K)->128K(338944K) Eden: 324608K(324608K)->0K(327680K) From: 192K(11776K)->128K(11264K)
[328.165s][info][gc,heap        ] GC(2993) ParOldGen: 117977K(699392K)->117977K(699392K)
[328.165s][info][gc,metaspace   ] GC(2993) Metaspace: 36305K(36672K)->36305K(36672K) NonClass: 32136K(32320K)->32136K(32320K) Class: 4168K(4352K)->4168K(4352K)
[328.165s][info][gc             ] GC(2993) Pause Young (Allocation Failure) 432M->115M(1014M) 0.759ms
[328.165s][info][gc,cpu         ] GC(2993) User=0.00s Sys=0.00s Real=0.00s
[328.227s][info][gc,start       ] GC(2994) Pause Young (Allocation Failure)
[328.228s][info][gc,heap        ] GC(2994) PSYoungGen: 327808K(338944K)->192K(337920K) Eden: 327680K(327680K)->0K(327680K) From: 128K(11264K)->192K(10240K)
[328.228s][info][gc,heap        ] GC(2994) ParOldGen: 117977K(699392K)->117977K(699392K)
[328.228s][info][gc,metaspace   ] GC(2994) Metaspace: 36305K(36672K)->36305K(36672K) NonClass: 32136K(32320K)->32136K(32320K) Class: 4168K(4352K)->4168K(4352K)
[328.228s][info][gc             ] GC(2994) Pause Young (Allocation Failure) 435M->115M(1013M) 0.368ms
[328.228s][info][gc,cpu         ] GC(2994) User=0.00s Sys=0.00s Real=0.00s
[328.291s][info][gc,start       ] GC(2995) Pause Young (Allocation Failure)
[328.291s][info][gc,heap        ] GC(2995) PSYoungGen: 327872K(337920K)->160K(339968K) Eden: 327680K(327680K)->0K(330240K) From: 192K(10240K)->160K(9728K)
[328.291s][info][gc,heap        ] GC(2995) ParOldGen: 117977K(699392K)->117977K(699392K)
[328.291s][info][gc,metaspace   ] GC(2995) Metaspace: 36305K(36672K)->36305K(36672K) NonClass: 32136K(32320K)->32136K(32320K) Class: 4168K(4352K)->4168K(4352K)
[328.291s][info][gc             ] GC(2995) Pause Young (Allocation Failure) 435M->115M(1015M) 0.530ms
[328.291s][info][gc,cpu         ] GC(2995) User=0.00s Sys=0.00s Real=0.00s
[328.355s][info][gc,start       ] GC(2996) Pause Young (Allocation Failure)
[328.355s][info][gc,heap        ] GC(2996) PSYoungGen: 330400K(339968K)->192K(339456K) Eden: 330240K(330240K)->0K(330240K) From: 160K(9728K)->192K(9216K)
[328.355s][info][gc,heap        ] GC(2996) ParOldGen: 117977K(699392K)->117977K(699392K)
[328.355s][info][gc,metaspace   ] GC(2996) Metaspace: 36305K(36672K)->36305K(36672K) NonClass: 32136K(32320K)->32136K(32320K) Class: 4168K(4352K)->4168K(4352K)
[328.355s][info][gc             ] GC(2996) Pause Young (Allocation Failure) 437M->115M(1014M) 0.392ms
[328.355s][info][gc,cpu         ] GC(2996) User=0.00s Sys=0.00s Real=0.00s
[328.416s][info][gc,start       ] GC(2997) Pause Young (Allocation Failure)
[328.417s][info][gc,heap        ] GC(2997) PSYoungGen: 330432K(339456K)->160K(341504K) Eden: 330240K(330240K)->0K(332800K) From: 192K(9216K)->160K(8704K)
[328.417s][info][gc,heap        ] GC(2997) ParOldGen: 117977K(699392K)->117977K(699392K)
[328.417s][info][gc,metaspace   ] GC(2997) Metaspace: 36305K(36672K)->36305K(36672K) NonClass: 32136K(32320K)->32136K(32320K) Class: 4168K(4352K)->4168K(4352K)
[328.417s][info][gc             ] GC(2997) Pause Young (Allocation Failure) 437M->115M(1016M) 0.384ms
[328.417s][info][gc,cpu         ] GC(2997) User=0.00s Sys=0.00s Real=0.00s
[328.480s][info][gc,start       ] GC(2998) Pause Young (Allocation Failure)
[328.481s][info][gc,heap        ] GC(2998) PSYoungGen: 332960K(341504K)->160K(340480K) Eden: 332800K(332800K)->0K(332800K) From: 160K(8704K)->160K(7680K)
[328.481s][info][gc,heap        ] GC(2998) ParOldGen: 117977K(699392K)->117977K(699392K)
[328.481s][info][gc,metaspace   ] GC(2998) Metaspace: 36305K(36672K)->36305K(36672K) NonClass: 32136K(32320K)->32136K(32320K) Class: 4168K(4352K)->4168K(4352K)
[328.481s][info][gc             ] GC(2998) Pause Young (Allocation Failure) 440M->115M(1015M) 0.515ms
[328.481s][info][gc,cpu         ] GC(2998) User=0.00s Sys=0.00s Real=0.00s
[328.545s][info][gc,start       ] GC(2999) Pause Young (Allocation Failure)
[328.545s][info][gc,heap        ] GC(2999) PSYoungGen: 332960K(340480K)->192K(342528K) Eden: 332800K(332800K)->0K(335360K) From: 160K(7680K)->192K(7168K)
[328.545s][info][gc,heap        ] GC(2999) ParOldGen: 117977K(699392K)->117977K(699392K)
[328.545s][info][gc,metaspace   ] GC(2999) Metaspace: 36305K(36672K)->36305K(36672K) NonClass: 32136K(32320K)->32136K(32320K) Class: 4168K(4352K)->4168K(4352K)
[328.545s][info][gc             ] GC(2999) Pause Young (Allocation Failure) 440M->115M(1017M) 0.447ms
[328.545s][info][gc,cpu         ] GC(2999) User=0.00s Sys=0.00s Real=0.00s
[328.609s][info][gc,start       ] GC(3000) Pause Young (Allocation Failure)
[328.610s][info][gc,heap        ] GC(3000) PSYoungGen: 335550K(342528K)->192K(342016K) Eden: 335358K(335360K)->0K(335360K) From: 192K(7168K)->192K(6656K)
[328.610s][info][gc,heap        ] GC(3000) ParOldGen: 117977K(699392K)->117977K(699392K)
[328.610s][info][gc,metaspace   ] GC(3000) Metaspace: 36305K(36672K)->36305K(36672K) NonClass: 32136K(32320K)->32136K(32320K) Class: 4168K(4352K)->4168K(4352K)
[328.610s][info][gc             ] GC(3000) Pause Young (Allocation Failure) 442M->115M(1017M) 0.427ms
[328.610s][info][gc,cpu         ] GC(3000) User=0.00s Sys=0.00s Real=0.00s
[328.674s][info][gc,start       ] GC(3001) Pause Young (Allocation Failure)
[328.675s][info][gc,heap        ] GC(3001) PSYoungGen: 335552K(342016K)->192K(343552K) Eden: 335360K(335360K)->0K(337408K) From: 192K(6656K)->192K(6144K)
[328.675s][info][gc,heap        ] GC(3001) ParOldGen: 117977K(699392K)->117977K(699392K)
[328.675s][info][gc,metaspace   ] GC(3001) Metaspace: 36305K(36672K)->36305K(36672K) NonClass: 32136K(32320K)->32136K(32320K) Class: 4168K(4352K)->4168K(4352K)
[328.675s][info][gc             ] GC(3001) Pause Young (Allocation Failure) 442M->115M(1018M) 0.446ms
[328.675s][info][gc,cpu         ] GC(3001) User=0.00s Sys=0.00s Real=0.00s
[328.737s][info][gc,start       ] GC(3002) Pause Young (Allocation Failure)
[328.737s][info][gc,heap        ] GC(3002) PSYoungGen: 337600K(343552K)->160K(343040K) Eden: 337408K(337408K)->0K(337408K) From: 192K(6144K)->160K(5632K)
[328.737s][info][gc,heap        ] GC(3002) ParOldGen: 117977K(699392K)->117977K(699392K)
[328.737s][info][gc,metaspace   ] GC(3002) Metaspace: 36305K(36672K)->36305K(36672K) NonClass: 32136K(32320K)->32136K(32320K) Class: 4168K(4352K)->4168K(4352K)
[328.737s][info][gc             ] GC(3002) Pause Young (Allocation Failure) 444M->115M(1018M) 0.448ms
[328.737s][info][gc,cpu         ] GC(3002) User=0.00s Sys=0.00s Real=0.00s
[328.800s][info][gc,start       ] GC(3003) Pause Young (Allocation Failure)
[328.801s][info][gc,heap        ] GC(3003) PSYoungGen: 337568K(343040K)->160K(344064K) Eden: 337408K(337408K)->0K(338432K) From: 160K(5632K)->160K(5632K)
[328.801s][info][gc,heap        ] GC(3003) ParOldGen: 117977K(699392K)->117977K(699392K)
[328.801s][info][gc,metaspace   ] GC(3003) Metaspace: 36305K(36672K)->36305K(36672K) NonClass: 32136K(32320K)->32136K(32320K) Class: 4168K(4352K)->4168K(4352K)
[328.801s][info][gc             ] GC(3003) Pause Young (Allocation Failure) 444M->115M(1019M) 0.418ms
[328.801s][info][gc,cpu         ] GC(3003) User=0.00s Sys=0.00s Real=0.00s
[328.866s][info][gc,start       ] GC(3004) Pause Young (Allocation Failure)
[328.867s][info][gc,heap        ] GC(3004) PSYoungGen: 338592K(344064K)->160K(343552K) Eden: 338432K(338432K)->0K(338432K) From: 160K(5632K)->160K(5120K)
[328.867s][info][gc,heap        ] GC(3004) ParOldGen: 117977K(699392K)->117977K(699392K)
[328.867s][info][gc,metaspace   ] GC(3004) Metaspace: 36305K(36672K)->36305K(36672K) NonClass: 32136K(32320K)->32136K(32320K) Class: 4168K(4352K)->4168K(4352K)
[328.867s][info][gc             ] GC(3004) Pause Young (Allocation Failure) 445M->115M(1018M) 0.551ms
[328.867s][info][gc,cpu         ] GC(3004) User=0.00s Sys=0.00s Real=0.01s
[328.932s][info][gc,start       ] GC(3005) Pause Young (Allocation Failure)
[328.932s][info][gc,heap        ] GC(3005) PSYoungGen: 338592K(343552K)->160K(344576K) Eden: 338432K(338432K)->0K(339968K) From: 160K(5120K)->160K(4608K)
[328.932s][info][gc,heap        ] GC(3005) ParOldGen: 117977K(699392K)->117977K(699392K)
[328.932s][info][gc,metaspace   ] GC(3005) Metaspace: 36305K(36672K)->36305K(36672K) NonClass: 32136K(32320K)->32136K(32320K) Class: 4168K(4352K)->4168K(4352K)
[328.932s][info][gc             ] GC(3005) Pause Young (Allocation Failure) 445M->115M(1019M) 0.426ms
[328.932s][info][gc,cpu         ] GC(3005) User=0.00s Sys=0.00s Real=0.00s
[328.998s][info][gc,start       ] GC(3006) Pause Young (Allocation Failure)
[328.998s][info][gc,heap        ] GC(3006) PSYoungGen: 340128K(344576K)->192K(344576K) Eden: 339968K(339968K)->0K(339968K) From: 160K(4608K)->192K(4608K)
[328.998s][info][gc,heap        ] GC(3006) ParOldGen: 117977K(699392K)->117977K(699392K)
[328.998s][info][gc,metaspace   ] GC(3006) Metaspace: 36305K(36672K)->36305K(36672K) NonClass: 32136K(32320K)->32136K(32320K) Class: 4168K(4352K)->4168K(4352K)
[328.998s][info][gc             ] GC(3006) Pause Young (Allocation Failure) 447M->115M(1019M) 0.436ms
[328.998s][info][gc,cpu         ] GC(3006) User=0.00s Sys=0.00s Real=0.00s
[329.063s][info][gc,start       ] GC(3007) Pause Young (Allocation Failure)
[329.064s][info][gc,heap        ] GC(3007) PSYoungGen: 340160K(344576K)->160K(345600K) Eden: 339968K(339968K)->0K(341504K) From: 192K(4608K)->160K(4096K)
[329.064s][info][gc,heap        ] GC(3007) ParOldGen: 117977K(699392K)->117977K(699392K)
[329.064s][info][gc,metaspace   ] GC(3007) Metaspace: 36305K(36672K)->36305K(36672K) NonClass: 32136K(32320K)->32136K(32320K) Class: 4168K(4352K)->4168K(4352K)
[329.064s][info][gc             ] GC(3007) Pause Young (Allocation Failure) 447M->115M(1020M) 0.538ms
[329.064s][info][gc,cpu         ] GC(3007) User=0.00s Sys=0.00s Real=0.00s
[329.130s][info][gc,start       ] GC(3008) Pause Young (Allocation Failure)
[329.131s][info][gc,heap        ] GC(3008) PSYoungGen: 341664K(345600K)->160K(345088K) Eden: 341504K(341504K)->0K(341504K) From: 160K(4096K)->160K(3584K)
[329.131s][info][gc,heap        ] GC(3008) ParOldGen: 117977K(699392K)->117977K(699392K)
[329.131s][info][gc,metaspace   ] GC(3008) Metaspace: 36305K(36672K)->36305K(36672K) NonClass: 32136K(32320K)->32136K(32320K) Class: 4168K(4352K)->4168K(4352K)
[329.131s][info][gc             ] GC(3008) Pause Young (Allocation Failure) 448M->115M(1020M) 0.390ms
[329.131s][info][gc,cpu         ] GC(3008) User=0.00s Sys=0.00s Real=0.00s
[329.198s][info][gc,start       ] GC(3009) Pause Young (Allocation Failure)
[329.198s][info][gc,heap        ] GC(3009) PSYoungGen: 341664K(345088K)->160K(346112K) Eden: 341504K(341504K)->0K(342528K) From: 160K(3584K)->160K(3584K)
[329.198s][info][gc,heap        ] GC(3009) ParOldGen: 117977K(699392K)->117977K(699392K)
[329.198s][info][gc,metaspace   ] GC(3009) Metaspace: 36305K(36672K)->36305K(36672K) NonClass: 32136K(32320K)->32136K(32320K) Class: 4168K(4352K)->4168K(4352K)
[329.198s][info][gc             ] GC(3009) Pause Young (Allocation Failure) 448M->115M(1021M) 0.410ms
[329.198s][info][gc,cpu         ] GC(3009) User=0.00s Sys=0.00s Real=0.00s
[329.265s][info][gc,start       ] GC(3010) Pause Young (Allocation Failure)
