[0.008s][info][gc,init] CardTable entry size: 512
[0.008s][info][gc     ] Using G1
[0.020s][info][gc,init] Version: 21.0.4+7-adhoc.Administrator.jdk21u (release)
[0.020s][info][gc,init] CPUs: 6 total, 6 available
[0.020s][info][gc,init] Memory: 15591M
[0.020s][info][gc,init] Large Page Support: Disabled
[0.020s][info][gc,init] NUMA Support: Disabled
[0.020s][info][gc,init] Compressed Oops: Enabled (32-bit)
[0.020s][info][gc,init] Heap Region Size: 1M
[0.020s][info][gc,init] Heap Min Capacity: 2G
[0.020s][info][gc,init] Heap Initial Capacity: 2G
[0.020s][info][gc,init] Heap Max Capacity: 2G
[0.020s][info][gc,init] Pre-touch: Disabled
[0.022s][info][gc,init] Parallel Workers: 6
[0.022s][info][gc,init] Concurrent Workers: 2
[0.022s][info][gc,init] Concurrent Refinement Workers: 6
[0.023s][info][gc,init] Periodic GC: Disabled
[0.032s][info][gc,metaspace] CDS archive(s) mapped at: [0x0000023680000000-0x0000023680c90000-0x0000023680c90000), size 13172736, SharedBaseAddress: 0x0000023680000000, ArchiveRelocationMode: 1.
[0.032s][info][gc,metaspace] Compressed class space mapped at: 0x0000023681000000-0x00000236c1000000, reserved size: 1073741824
[0.032s][info][gc,metaspace] Narrow klass base: 0x0000023680000000, Narrow klass shift: 0, Narrow klass range: 0x100000000
[1.068s][info][gc,start    ] GC(0) Pause Full (System.gc())
[1.069s][info][gc,task     ] GC(0) Using 6 workers of 6 for full compaction
[1.069s][info][gc,phases,start] GC(0) Phase 1: Mark live objects
[1.073s][info][gc,phases      ] GC(0) Phase 1: Mark live objects 3.639ms
[1.073s][info][gc,phases,start] GC(0) Phase 2: Prepare compaction
[1.074s][info][gc,phases      ] GC(0) Phase 2: Prepare compaction 0.880ms
[1.074s][info][gc,phases,start] GC(0) Phase 3: Adjust pointers
[1.075s][info][gc,phases      ] GC(0) Phase 3: Adjust pointers 1.527ms
[1.075s][info][gc,phases,start] GC(0) Phase 4: Compact heap
[1.077s][info][gc,phases      ] GC(0) Phase 4: Compact heap 1.534ms
[1.077s][info][gc,phases,start] GC(0) Phase 5: Reset Metadata
[1.078s][info][gc,phases      ] GC(0) Phase 5: Reset Metadata 0.733ms
[1.084s][info][gc,heap        ] GC(0) Eden regions: 39->0(102)
[1.084s][info][gc,heap        ] GC(0) Survivor regions: 0->0(0)
[1.084s][info][gc,heap        ] GC(0) Old regions: 0->7
[1.084s][info][gc,heap        ] GC(0) Humongous regions: 0->0
[1.084s][info][gc,metaspace   ] GC(0) Metaspace: 14548K(14784K)->14548K(14784K) NonClass: 12480K(12608K)->12480K(12608K) Class: 2067K(2176K)->2067K(2176K)
[1.084s][info][gc             ] GC(0) Pause Full (System.gc()) 38M->4M(2048M) 15.717ms
[1.084s][info][gc,cpu         ] GC(0) User=0.00s Sys=0.00s Real=0.01s
[2.802s][info][gc,start       ] GC(1) Pause Young (Normal) (G1 Evacuation Pause)
[2.802s][info][gc,task        ] GC(1) Using 6 workers of 6 for evacuation
[2.804s][info][gc,phases      ] GC(1)   Pre Evacuate Collection Set: 0.2ms
[2.804s][info][gc,phases      ] GC(1)   Merge Heap Roots: 0.1ms
[2.804s][info][gc,phases      ] GC(1)   Evacuate Collection Set: 0.6ms
[2.804s][info][gc,phases      ] GC(1)   Post Evacuate Collection Set: 0.3ms
[2.804s][info][gc,phases      ] GC(1)   Other: 0.1ms
[2.804s][info][gc,heap        ] GC(1) Eden regions: 102->0(207)
[2.804s][info][gc,heap        ] GC(1) Survivor regions: 0->1(13)
[2.804s][info][gc,heap        ] GC(1) Old regions: 7->7
[2.804s][info][gc,heap        ] GC(1) Humongous regions: 0->0
[2.804s][info][gc,metaspace   ] GC(1) Metaspace: 16077K(16384K)->16077K(16384K) NonClass: 13801K(13952K)->13801K(13952K) Class: 2275K(2432K)->2275K(2432K)
[2.804s][info][gc             ] GC(1) Pause Young (Normal) (G1 Evacuation Pause) 106M->5M(2048M) 1.436ms
[2.804s][info][gc,cpu         ] GC(1) User=0.00s Sys=0.00s Real=0.00s
[3.048s][info][gc,start       ] GC(2) Pause Young (Normal) (G1 Evacuation Pause)
[3.048s][info][gc,task        ] GC(2) Using 6 workers of 6 for evacuation
[3.049s][info][gc,phases      ] GC(2)   Pre Evacuate Collection Set: 0.3ms
[3.049s][info][gc,phases      ] GC(2)   Merge Heap Roots: 0.1ms
[3.049s][info][gc,phases      ] GC(2)   Evacuate Collection Set: 0.7ms
[3.049s][info][gc,phases      ] GC(2)   Post Evacuate Collection Set: 0.3ms
[3.049s][info][gc,phases      ] GC(2)   Other: 0.1ms
[3.049s][info][gc,heap        ] GC(2) Eden regions: 207->0(1227)
[3.050s][info][gc,heap        ] GC(2) Survivor regions: 1->1(26)
[3.050s][info][gc,heap        ] GC(2) Old regions: 7->7
[3.050s][info][gc,heap        ] GC(2) Humongous regions: 0->0
[3.050s][info][gc,metaspace   ] GC(2) Metaspace: 16078K(16384K)->16078K(16384K) NonClass: 13803K(13952K)->13803K(13952K) Class: 2275K(2432K)->2275K(2432K)
[3.050s][info][gc             ] GC(2) Pause Young (Normal) (G1 Evacuation Pause) 212M->5M(2048M) 1.744ms
[3.050s][info][gc,cpu         ] GC(2) User=0.02s Sys=0.00s Real=0.01s
[3.439s][info][gc,start       ] GC(3) Pause Young (Normal) (G1 Evacuation Pause)
[3.440s][info][gc,task        ] GC(3) Using 6 workers of 6 for evacuation
[3.442s][info][gc,phases      ] GC(3)   Pre Evacuate Collection Set: 0.3ms
[3.442s][info][gc,phases      ] GC(3)   Merge Heap Roots: 0.2ms
[3.442s][info][gc,phases      ] GC(3)   Evacuate Collection Set: 0.7ms
[3.442s][info][gc,phases      ] GC(3)   Post Evacuate Collection Set: 0.6ms
[3.442s][info][gc,phases      ] GC(3)   Other: 0.3ms
[3.442s][info][gc,heap        ] GC(3) Eden regions: 1227->0(1227)
[3.442s][info][gc,heap        ] GC(3) Survivor regions: 1->1(154)
[3.442s][info][gc,heap        ] GC(3) Old regions: 7->7
[3.442s][info][gc,heap        ] GC(3) Humongous regions: 0->0
[3.442s][info][gc,metaspace   ] GC(3) Metaspace: 16079K(16384K)->16079K(16384K) NonClass: 13804K(13952K)->13804K(13952K) Class: 2275K(2432K)->2275K(2432K)
[3.442s][info][gc             ] GC(3) Pause Young (Normal) (G1 Evacuation Pause) 1232M->5M(2048M) 2.403ms
[3.442s][info][gc,cpu         ] GC(3) User=0.00s Sys=0.00s Real=0.00s
[3.640s][info][gc,start       ] GC(4) Pause Young (Normal) (G1 Evacuation Pause)
[3.640s][info][gc,task        ] GC(4) Using 6 workers of 6 for evacuation
[3.642s][info][gc,phases      ] GC(4)   Pre Evacuate Collection Set: 0.3ms
[3.642s][info][gc,phases      ] GC(4)   Merge Heap Roots: 0.2ms
[3.642s][info][gc,phases      ] GC(4)   Evacuate Collection Set: 0.6ms
[3.642s][info][gc,phases      ] GC(4)   Post Evacuate Collection Set: 0.5ms
[3.642s][info][gc,phases      ] GC(4)   Other: 0.1ms
[3.642s][info][gc,heap        ] GC(4) Eden regions: 1227->0(1227)
[3.642s][info][gc,heap        ] GC(4) Survivor regions: 1->1(154)
[3.642s][info][gc,heap        ] GC(4) Old regions: 7->7
[3.642s][info][gc,heap        ] GC(4) Humongous regions: 0->0
[3.642s][info][gc,metaspace   ] GC(4) Metaspace: 16080K(16384K)->16080K(16384K) NonClass: 13805K(13952K)->13805K(13952K) Class: 2275K(2432K)->2275K(2432K)
[3.642s][info][gc             ] GC(4) Pause Young (Normal) (G1 Evacuation Pause) 1232M->5M(2048M) 1.822ms
[3.642s][info][gc,cpu         ] GC(4) User=0.00s Sys=0.00s Real=0.00s
[6.864s][info][gc,start       ] GC(5) Pause Young (Normal) (G1 Evacuation Pause)
[6.864s][info][gc,task        ] GC(5) Using 6 workers of 6 for evacuation
[7.153s][info][gc,mmu         ] GC(5) MMU target violated: 201.0ms (200.0ms/201.0ms)
[7.153s][info][gc,phases      ] GC(5)   Pre Evacuate Collection Set: 0.3ms
[7.153s][info][gc,phases      ] GC(5)   Merge Heap Roots: 0.3ms
[7.153s][info][gc,phases      ] GC(5)   Evacuate Collection Set: 286.3ms
[7.153s][info][gc,phases      ] GC(5)   Post Evacuate Collection Set: 2.0ms
[7.153s][info][gc,phases      ] GC(5)   Other: 0.2ms
[7.153s][info][gc,heap        ] GC(5) Eden regions: 1227->0(180)
[7.153s][info][gc,heap        ] GC(5) Survivor regions: 1->154(154)
[7.153s][info][gc,heap        ] GC(5) Old regions: 7->430
[7.153s][info][gc,heap        ] GC(5) Humongous regions: 2->2
[7.153s][info][gc,metaspace   ] GC(5) Metaspace: 16406K(16768K)->16406K(16768K) NonClass: 14078K(14272K)->14078K(14272K) Class: 2328K(2496K)->2328K(2496K)
[7.153s][info][gc             ] GC(5) Pause Young (Normal) (G1 Evacuation Pause) 1234M->583M(2048M) 289.329ms
[7.153s][info][gc,cpu         ] GC(5) User=1.48s Sys=0.19s Real=0.28s
[7.155s][info][gc,start       ] GC(6) Pause Young (Normal) (G1 Evacuation Pause)
[7.155s][info][gc,task        ] GC(6) Using 6 workers of 6 for evacuation
[7.246s][info][gc,phases      ] GC(6)   Pre Evacuate Collection Set: 0.2ms
[7.246s][info][gc,phases      ] GC(6)   Merge Heap Roots: 2.2ms
[7.246s][info][gc,phases      ] GC(6)   Evacuate Collection Set: 87.4ms
[7.246s][info][gc,phases      ] GC(6)   Post Evacuate Collection Set: 0.7ms
[7.246s][info][gc,phases      ] GC(6)   Other: 0.1ms
[7.246s][info][gc,heap        ] GC(6) Eden regions: 3->0(99)
[7.246s][info][gc,heap        ] GC(6) Survivor regions: 154->3(20)
[7.246s][info][gc,heap        ] GC(6) Old regions: 430->586
[7.246s][info][gc,heap        ] GC(6) Humongous regions: 2->2
[7.246s][info][gc,metaspace   ] GC(6) Metaspace: 16409K(16768K)->16409K(16768K) NonClass: 14081K(14272K)->14081K(14272K) Class: 2328K(2496K)->2328K(2496K)
[7.246s][info][gc             ] GC(6) Pause Young (Normal) (G1 Evacuation Pause) 586M->588M(2048M) 90.703ms
[7.246s][info][gc,cpu         ] GC(6) User=0.33s Sys=0.14s Real=0.08s
[7.296s][info][gc,start       ] GC(7) Pause Young (Normal) (G1 Evacuation Pause)
[7.296s][info][gc,task        ] GC(7) Using 6 workers of 6 for evacuation
[7.342s][info][gc,phases      ] GC(7)   Pre Evacuate Collection Set: 0.3ms
[7.342s][info][gc,phases      ] GC(7)   Merge Heap Roots: 0.9ms
[7.342s][info][gc,phases      ] GC(7)   Evacuate Collection Set: 43.3ms
[7.342s][info][gc,phases      ] GC(7)   Post Evacuate Collection Set: 0.9ms
[7.342s][info][gc,phases      ] GC(7)   Other: 0.1ms
[7.342s][info][gc,heap        ] GC(7) Eden regions: 99->0(89)
[7.342s][info][gc,heap        ] GC(7) Survivor regions: 3->13(13)
[7.342s][info][gc,heap        ] GC(7) Old regions: 586->618
[7.342s][info][gc,heap        ] GC(7) Humongous regions: 2->2
[7.342s][info][gc,metaspace   ] GC(7) Metaspace: 16409K(16768K)->16409K(16768K) NonClass: 14081K(14272K)->14081K(14272K) Class: 2328K(2496K)->2328K(2496K)
[7.342s][info][gc             ] GC(7) Pause Young (Normal) (G1 Evacuation Pause) 687M->630M(2048M) 45.723ms
[7.342s][info][gc,cpu         ] GC(7) User=0.16s Sys=0.02s Real=0.05s
[7.390s][info][gc,start       ] GC(8) Pause Young (Normal) (G1 Evacuation Pause)
[7.390s][info][gc,task        ] GC(8) Using 6 workers of 6 for evacuation
[7.440s][info][gc,phases      ] GC(8)   Pre Evacuate Collection Set: 0.3ms
[7.440s][info][gc,phases      ] GC(8)   Merge Heap Roots: 0.9ms
[7.440s][info][gc,phases      ] GC(8)   Evacuate Collection Set: 47.6ms
[7.440s][info][gc,phases      ] GC(8)   Post Evacuate Collection Set: 0.7ms
[7.440s][info][gc,phases      ] GC(8)   Other: 0.1ms
[7.440s][info][gc,heap        ] GC(8) Eden regions: 89->0(89)
[7.440s][info][gc,heap        ] GC(8) Survivor regions: 13->13(13)
[7.440s][info][gc,heap        ] GC(8) Old regions: 618->658
[7.440s][info][gc,heap        ] GC(8) Humongous regions: 2->2
[7.440s][info][gc,metaspace   ] GC(8) Metaspace: 16409K(16768K)->16409K(16768K) NonClass: 14081K(14272K)->14081K(14272K) Class: 2328K(2496K)->2328K(2496K)
[7.440s][info][gc             ] GC(8) Pause Young (Normal) (G1 Evacuation Pause) 719M->670M(2048M) 49.839ms
[7.440s][info][gc,cpu         ] GC(8) User=0.06s Sys=0.00s Real=0.06s
[7.488s][info][gc,start       ] GC(9) Pause Young (Normal) (G1 Evacuation Pause)
[7.488s][info][gc,task        ] GC(9) Using 6 workers of 6 for evacuation
[7.534s][info][gc,phases      ] GC(9)   Pre Evacuate Collection Set: 0.2ms
[7.534s][info][gc,phases      ] GC(9)   Merge Heap Roots: 0.7ms
[7.534s][info][gc,phases      ] GC(9)   Evacuate Collection Set: 44.7ms
[7.534s][info][gc,phases      ] GC(9)   Post Evacuate Collection Set: 0.7ms
[7.534s][info][gc,phases      ] GC(9)   Other: 0.1ms
[7.534s][info][gc,heap        ] GC(9) Eden regions: 89->0(89)
[7.534s][info][gc,heap        ] GC(9) Survivor regions: 13->13(13)
[7.534s][info][gc,heap        ] GC(9) Old regions: 658->698
[7.534s][info][gc,heap        ] GC(9) Humongous regions: 2->2
[7.534s][info][gc,metaspace   ] GC(9) Metaspace: 16409K(16768K)->16409K(16768K) NonClass: 14081K(14272K)->14081K(14272K) Class: 2328K(2496K)->2328K(2496K)
[7.535s][info][gc             ] GC(9) Pause Young (Normal) (G1 Evacuation Pause) 759M->710M(2048M) 46.668ms
[7.535s][info][gc,cpu         ] GC(9) User=0.05s Sys=0.00s Real=0.05s
[7.582s][info][gc,start       ] GC(10) Pause Young (Normal) (G1 Evacuation Pause)
[7.582s][info][gc,task        ] GC(10) Using 6 workers of 6 for evacuation
[7.627s][info][gc,phases      ] GC(10)   Pre Evacuate Collection Set: 0.3ms
[7.631s][info][gc,phases      ] GC(10)   Merge Heap Roots: 0.7ms
[7.631s][info][gc,phases      ] GC(10)   Evacuate Collection Set: 43.3ms
[7.631s][info][gc,phases      ] GC(10)   Post Evacuate Collection Set: 0.7ms
[7.631s][info][gc,phases      ] GC(10)   Other: 0.1ms
[7.631s][info][gc,heap        ] GC(10) Eden regions: 89->0(89)
[7.631s][info][gc,heap        ] GC(10) Survivor regions: 13->13(13)
[7.631s][info][gc,heap        ] GC(10) Old regions: 698->739
[7.631s][info][gc,heap        ] GC(10) Humongous regions: 2->2
[7.631s][info][gc,metaspace   ] GC(10) Metaspace: 16409K(16768K)->16409K(16768K) NonClass: 14081K(14272K)->14081K(14272K) Class: 2328K(2496K)->2328K(2496K)
[7.631s][info][gc             ] GC(10) Pause Young (Normal) (G1 Evacuation Pause) 799M->751M(2048M) 49.066ms
[7.631s][info][gc,cpu         ] GC(10) User=0.05s Sys=0.00s Real=0.05s
[7.680s][info][gc,start       ] GC(11) Pause Young (Normal) (G1 Evacuation Pause)
[7.680s][info][gc,task        ] GC(11) Using 6 workers of 6 for evacuation
[7.724s][info][gc,phases      ] GC(11)   Pre Evacuate Collection Set: 0.4ms
[7.724s][info][gc,phases      ] GC(11)   Merge Heap Roots: 0.8ms
[7.724s][info][gc,phases      ] GC(11)   Evacuate Collection Set: 42.2ms
[7.724s][info][gc,phases      ] GC(11)   Post Evacuate Collection Set: 0.7ms
[7.724s][info][gc,phases      ] GC(11)   Other: 0.1ms
[7.724s][info][gc,heap        ] GC(11) Eden regions: 89->0(89)
[7.724s][info][gc,heap        ] GC(11) Survivor regions: 13->13(13)
[7.724s][info][gc,heap        ] GC(11) Old regions: 739->779
[7.724s][info][gc,heap        ] GC(11) Humongous regions: 2->2
[7.724s][info][gc,metaspace   ] GC(11) Metaspace: 16409K(16768K)->16409K(16768K) NonClass: 14081K(14272K)->14081K(14272K) Class: 2328K(2496K)->2328K(2496K)
[7.724s][info][gc             ] GC(11) Pause Young (Normal) (G1 Evacuation Pause) 840M->791M(2048M) 44.381ms
[7.724s][info][gc,cpu         ] GC(11) User=0.20s Sys=0.00s Real=0.05s
[7.820s][info][gc,start       ] GC(12) Pause Young (Normal) (G1 Evacuation Pause)
[7.820s][info][gc,task        ] GC(12) Using 6 workers of 6 for evacuation
[7.863s][info][gc,phases      ] GC(12)   Pre Evacuate Collection Set: 0.3ms
[7.863s][info][gc,phases      ] GC(12)   Merge Heap Roots: 0.6ms
[7.863s][info][gc,phases      ] GC(12)   Evacuate Collection Set: 41.6ms
[7.863s][info][gc,phases      ] GC(12)   Post Evacuate Collection Set: 0.6ms
[7.863s][info][gc,phases      ] GC(12)   Other: 0.1ms
[7.863s][info][gc,heap        ] GC(12) Eden regions: 89->0(89)
[7.863s][info][gc,heap        ] GC(12) Survivor regions: 13->13(13)
[7.863s][info][gc,heap        ] GC(12) Old regions: 779->819
[7.863s][info][gc,heap        ] GC(12) Humongous regions: 5->5
[7.863s][info][gc,metaspace   ] GC(12) Metaspace: 16419K(16768K)->16419K(16768K) NonClass: 14088K(14272K)->14088K(14272K) Class: 2330K(2496K)->2330K(2496K)
[7.863s][info][gc             ] GC(12) Pause Young (Normal) (G1 Evacuation Pause) 883M->834M(2048M) 43.384ms
[7.863s][info][gc,cpu         ] GC(12) User=0.20s Sys=0.00s Real=0.05s
[8.574s][info][gc,start       ] GC(13) Pause Young (Normal) (G1 Evacuation Pause)
[8.574s][info][gc,task        ] GC(13) Using 6 workers of 6 for evacuation
[8.634s][info][gc,phases      ] GC(13)   Pre Evacuate Collection Set: 0.3ms
[8.634s][info][gc,phases      ] GC(13)   Merge Heap Roots: 2.5ms
[8.634s][info][gc,phases      ] GC(13)   Evacuate Collection Set: 56.5ms
[8.634s][info][gc,phases      ] GC(13)   Post Evacuate Collection Set: 0.8ms
[8.634s][info][gc,phases      ] GC(13)   Other: 0.1ms
[8.634s][info][gc,heap        ] GC(13) Eden regions: 89->0(89)
[8.634s][info][gc,heap        ] GC(13) Survivor regions: 13->13(13)
[8.634s][info][gc,heap        ] GC(13) Old regions: 819->862
[8.634s][info][gc,heap        ] GC(13) Humongous regions: 8->8
[8.634s][info][gc,metaspace   ] GC(13) Metaspace: 16437K(16768K)->16437K(16768K) NonClass: 14103K(14272K)->14103K(14272K) Class: 2334K(2496K)->2334K(2496K)
[8.634s][info][gc             ] GC(13) Pause Young (Normal) (G1 Evacuation Pause) 926M->880M(2048M) 60.547ms
[8.634s][info][gc,cpu         ] GC(13) User=0.30s Sys=0.00s Real=0.06s
[8.797s][info][gc,start       ] GC(14) Pause Young (Normal) (G1 Evacuation Pause)
[8.797s][info][gc,task        ] GC(14) Using 6 workers of 6 for evacuation
[8.818s][info][gc,phases      ] GC(14)   Pre Evacuate Collection Set: 0.3ms
[8.818s][info][gc,phases      ] GC(14)   Merge Heap Roots: 0.9ms
[8.818s][info][gc,phases      ] GC(14)   Evacuate Collection Set: 19.2ms
[8.818s][info][gc,phases      ] GC(14)   Post Evacuate Collection Set: 0.6ms
[8.818s][info][gc,phases      ] GC(14)   Other: 0.1ms
[8.818s][info][gc,heap        ] GC(14) Eden regions: 89->0(96)
[8.818s][info][gc,heap        ] GC(14) Survivor regions: 13->6(13)
[8.818s][info][gc,heap        ] GC(14) Old regions: 862->875
[8.818s][info][gc,heap        ] GC(14) Humongous regions: 8->8
[8.818s][info][gc,metaspace   ] GC(14) Metaspace: 16437K(16768K)->16437K(16768K) NonClass: 14103K(14272K)->14103K(14272K) Class: 2334K(2496K)->2334K(2496K)
[8.818s][info][gc             ] GC(14) Pause Young (Normal) (G1 Evacuation Pause) 969M->885M(2048M) 21.332ms
[8.818s][info][gc,cpu         ] GC(14) User=0.08s Sys=0.00s Real=0.02s
[10.225s][info][gc,start       ] GC(15) Pause Full (System.gc())
[10.225s][info][gc,task        ] GC(15) Using 6 workers of 6 for full compaction
[10.225s][info][gc,phases,start] GC(15) Phase 1: Mark live objects
[10.230s][info][gc,phases      ] GC(15) Phase 1: Mark live objects 4.843ms
[10.230s][info][gc,phases,start] GC(15) Phase 2: Prepare compaction
[10.231s][info][gc,phases      ] GC(15) Phase 2: Prepare compaction 1.333ms
[10.232s][info][gc,phases,start] GC(15) Phase 3: Adjust pointers
[10.235s][info][gc,phases      ] GC(15) Phase 3: Adjust pointers 3.218ms
[10.235s][info][gc,phases,start] GC(15) Phase 4: Compact heap
[10.236s][info][gc,phases      ] GC(15) Phase 4: Compact heap 1.345ms
[10.236s][info][gc,phases,start] GC(15) Phase 5: Reset Metadata
[10.237s][info][gc,phases      ] GC(15) Phase 5: Reset Metadata 0.783ms
[10.243s][info][gc,heap        ] GC(15) Eden regions: 465->0(102)
[10.243s][info][gc,heap        ] GC(15) Survivor regions: 6->0(13)
[10.243s][info][gc,heap        ] GC(15) Old regions: 875->8
[10.243s][info][gc,heap        ] GC(15) Humongous regions: 8->0
[10.243s][info][gc,metaspace   ] GC(15) Metaspace: 16529K(16896K)->16444K(16896K) NonClass: 14172K(14336K)->14112K(14336K) Class: 2356K(2560K)->2331K(2560K)
[10.243s][info][gc             ] GC(15) Pause Full (System.gc()) 1350M->5M(2048M) 18.107ms
[10.243s][info][gc,cpu         ] GC(15) User=0.00s Sys=0.00s Real=0.02s
[11.480s][info][gc,start       ] GC(16) Pause Young (Normal) (G1 Evacuation Pause)
[11.480s][info][gc,task        ] GC(16) Using 6 workers of 6 for evacuation
[11.481s][info][gc,phases      ] GC(16)   Pre Evacuate Collection Set: 0.3ms
[11.481s][info][gc,phases      ] GC(16)   Merge Heap Roots: 0.1ms
[11.481s][info][gc,phases      ] GC(16)   Evacuate Collection Set: 0.3ms
[11.481s][info][gc,phases      ] GC(16)   Post Evacuate Collection Set: 0.5ms
[11.481s][info][gc,phases      ] GC(16)   Other: 0.1ms
[11.481s][info][gc,heap        ] GC(16) Eden regions: 691->0(100)
[11.481s][info][gc,heap        ] GC(16) Survivor regions: 0->2(87)
[11.481s][info][gc,heap        ] GC(16) Old regions: 8->8
[11.481s][info][gc,heap        ] GC(16) Humongous regions: 0->0
[11.481s][info][gc,metaspace   ] GC(16) Metaspace: 16445K(16896K)->16445K(16896K) NonClass: 14114K(14336K)->14114K(14336K) Class: 2331K(2560K)->2331K(2560K)
[11.481s][info][gc             ] GC(16) Pause Young (Normal) (G1 Evacuation Pause) 696M->6M(2048M) 1.470ms
[11.481s][info][gc,cpu         ] GC(16) User=0.00s Sys=0.00s Real=0.00s
[11.630s][info][gc,start       ] GC(17) Pause Young (Normal) (G1 Evacuation Pause)
[11.630s][info][gc,task        ] GC(17) Using 6 workers of 6 for evacuation
[11.632s][info][gc,phases      ] GC(17)   Pre Evacuate Collection Set: 0.3ms
[11.632s][info][gc,phases      ] GC(17)   Merge Heap Roots: 0.1ms
[11.632s][info][gc,phases      ] GC(17)   Evacuate Collection Set: 0.3ms
[11.632s][info][gc,phases      ] GC(17)   Post Evacuate Collection Set: 0.5ms
[11.632s][info][gc,phases      ] GC(17)   Other: 0.1ms
[11.632s][info][gc,heap        ] GC(17) Eden regions: 955->0(155)
[11.632s][info][gc,heap        ] GC(17) Survivor regions: 2->1(120)
[11.632s][info][gc,heap        ] GC(17) Old regions: 8->8
[11.632s][info][gc,heap        ] GC(17) Humongous regions: 0->0
[11.632s][info][gc,metaspace   ] GC(17) Metaspace: 16446K(16896K)->16446K(16896K) NonClass: 14115K(14336K)->14115K(14336K) Class: 2331K(2560K)->2331K(2560K)
[11.632s][info][gc             ] GC(17) Pause Young (Normal) (G1 Evacuation Pause) 961M->5M(2048M) 1.500ms
[11.632s][info][gc,cpu         ] GC(17) User=0.00s Sys=0.00s Real=0.00s
[11.861s][info][gc,start       ] GC(18) Pause Young (Normal) (G1 Evacuation Pause)
[11.861s][info][gc,task        ] GC(18) Using 6 workers of 6 for evacuation
[11.885s][info][gc,phases      ] GC(18)   Pre Evacuate Collection Set: 0.2ms
[11.885s][info][gc,phases      ] GC(18)   Merge Heap Roots: 0.1ms
[11.885s][info][gc,phases      ] GC(18)   Evacuate Collection Set: 22.7ms
[11.885s][info][gc,phases      ] GC(18)   Post Evacuate Collection Set: 0.7ms
[11.885s][info][gc,phases      ] GC(18)   Other: 0.1ms
[11.885s][info][gc,heap        ] GC(18) Eden regions: 1227->0(652)
[11.885s][info][gc,heap        ] GC(18) Survivor regions: 1->54(154)
[11.885s][info][gc,heap        ] GC(18) Old regions: 8->8
[11.885s][info][gc,heap        ] GC(18) Humongous regions: 1->1
[11.885s][info][gc,metaspace   ] GC(18) Metaspace: 16446K(16896K)->16446K(16896K) NonClass: 14115K(14336K)->14115K(14336K) Class: 2331K(2560K)->2331K(2560K)
[11.885s][info][gc             ] GC(18) Pause Young (Normal) (G1 Evacuation Pause) 1233M->59M(2048M) 24.105ms
[11.885s][info][gc,cpu         ] GC(18) User=0.03s Sys=0.00s Real=0.03s
[15.288s][info][gc,start       ] GC(19) Pause Young (Normal) (G1 Evacuation Pause)
[15.289s][info][gc,task        ] GC(19) Using 6 workers of 6 for evacuation
[15.567s][info][gc,mmu         ] GC(19) MMU target violated: 201.0ms (200.0ms/201.0ms)
[15.567s][info][gc,phases      ] GC(19)   Pre Evacuate Collection Set: 0.3ms
[15.567s][info][gc,phases      ] GC(19)   Merge Heap Roots: 0.2ms
[15.567s][info][gc,phases      ] GC(19)   Evacuate Collection Set: 276.0ms
[15.567s][info][gc,phases      ] GC(19)   Post Evacuate Collection Set: 2.0ms
[15.567s][info][gc,phases      ] GC(19)   Other: 0.2ms
[15.567s][info][gc,heap        ] GC(19) Eden regions: 1174->0(417)
[15.567s][info][gc,heap        ] GC(19) Survivor regions: 54->154(154)
[15.567s][info][gc,heap        ] GC(19) Old regions: 8->471
[15.567s][info][gc,heap        ] GC(19) Humongous regions: 2->2
[15.567s][info][gc,metaspace   ] GC(19) Metaspace: 16461K(16896K)->16461K(16896K) NonClass: 14129K(14336K)->14129K(14336K) Class: 2331K(2560K)->2331K(2560K)
[15.567s][info][gc             ] GC(19) Pause Young (Normal) (G1 Evacuation Pause) 1234M->624M(2048M) 278.916ms
[15.567s][info][gc,cpu         ] GC(19) User=1.55s Sys=0.02s Real=0.26s
[15.570s][info][gc,start       ] GC(20) Pause Young (Normal) (G1 Evacuation Pause)
[15.570s][info][gc,task        ] GC(20) Using 6 workers of 6 for evacuation
[15.649s][info][gc,phases      ] GC(20)   Pre Evacuate Collection Set: 0.2ms
[15.649s][info][gc,phases      ] GC(20)   Merge Heap Roots: 2.0ms
[15.649s][info][gc,phases      ] GC(20)   Evacuate Collection Set: 76.3ms
[15.649s][info][gc,phases      ] GC(20)   Post Evacuate Collection Set: 0.8ms
[15.649s][info][gc,phases      ] GC(20)   Other: 0.1ms
[15.649s][info][gc,heap        ] GC(20) Eden regions: 3->0(98)
[15.649s][info][gc,heap        ] GC(20) Survivor regions: 154->4(20)
[15.649s][info][gc,heap        ] GC(20) Old regions: 471->627
[15.649s][info][gc,heap        ] GC(20) Humongous regions: 2->2
[15.649s][info][gc,metaspace   ] GC(20) Metaspace: 16461K(16896K)->16461K(16896K) NonClass: 14129K(14336K)->14129K(14336K) Class: 2331K(2560K)->2331K(2560K)
[15.649s][info][gc             ] GC(20) Pause Young (Normal) (G1 Evacuation Pause) 627M->629M(2048M) 79.625ms
[15.649s][info][gc,cpu         ] GC(20) User=0.38s Sys=0.00s Real=0.08s
[15.873s][info][gc,start       ] GC(21) Pause Young (Normal) (G1 Evacuation Pause)
[15.873s][info][gc,task        ] GC(21) Using 6 workers of 6 for evacuation
[15.977s][info][gc,phases      ] GC(21)   Pre Evacuate Collection Set: 0.4ms
[15.977s][info][gc,phases      ] GC(21)   Merge Heap Roots: 0.7ms
[15.977s][info][gc,phases      ] GC(21)   Evacuate Collection Set: 102.2ms
[15.977s][info][gc,phases      ] GC(21)   Post Evacuate Collection Set: 0.8ms
[15.977s][info][gc,phases      ] GC(21)   Other: 0.1ms
[15.977s][info][gc,heap        ] GC(21) Eden regions: 390->0(52)
[15.977s][info][gc,heap        ] GC(21) Survivor regions: 4->50(50)
[15.977s][info][gc,heap        ] GC(21) Old regions: 627->741
[15.977s][info][gc,heap        ] GC(21) Humongous regions: 2->2
[15.977s][info][gc,metaspace   ] GC(21) Metaspace: 16461K(16896K)->16461K(16896K) NonClass: 14129K(14336K)->14129K(14336K) Class: 2331K(2560K)->2331K(2560K)
[15.977s][info][gc             ] GC(21) Pause Young (Normal) (G1 Evacuation Pause) 1019M->790M(2048M) 104.465ms
[15.977s][info][gc,cpu         ] GC(21) User=0.58s Sys=0.00s Real=0.11s
[16.211s][info][gc,start       ] GC(22) Pause Young (Normal) (G1 Evacuation Pause)
[16.212s][info][gc,task        ] GC(22) Using 6 workers of 6 for evacuation
[16.294s][info][gc,phases      ] GC(22)   Pre Evacuate Collection Set: 0.3ms
[16.294s][info][gc,phases      ] GC(22)   Merge Heap Roots: 2.7ms
[16.294s][info][gc,phases      ] GC(22)   Evacuate Collection Set: 78.0ms
[16.294s][info][gc,phases      ] GC(22)   Post Evacuate Collection Set: 0.9ms
[16.294s][info][gc,phases      ] GC(22)   Other: 0.1ms
[16.294s][info][gc,heap        ] GC(22) Eden regions: 96->0(83)
[16.294s][info][gc,heap        ] GC(22) Survivor regions: 50->19(19)
[16.294s][info][gc,heap        ] GC(22) Old regions: 741->839
[16.294s][info][gc,heap        ] GC(22) Humongous regions: 8->8
[16.294s][info][gc,metaspace   ] GC(22) Metaspace: 16461K(16896K)->16461K(16896K) NonClass: 14129K(14336K)->14129K(14336K) Class: 2331K(2560K)->2331K(2560K)
[16.294s][info][gc             ] GC(22) Pause Young (Normal) (G1 Evacuation Pause) 892M->863M(2048M) 82.197ms
[16.294s][info][gc,cpu         ] GC(22) User=0.41s Sys=0.02s Real=0.08s
[16.968s][info][gc,start       ] GC(23) Pause Young (Normal) (G1 Evacuation Pause)
[16.969s][info][gc,task        ] GC(23) Using 6 workers of 6 for evacuation
[16.995s][info][gc,phases      ] GC(23)   Pre Evacuate Collection Set: 0.4ms
[16.995s][info][gc,phases      ] GC(23)   Merge Heap Roots: 1.3ms
[16.995s][info][gc,phases      ] GC(23)   Evacuate Collection Set: 23.9ms
[16.995s][info][gc,phases      ] GC(23)   Post Evacuate Collection Set: 1.1ms
[16.995s][info][gc,phases      ] GC(23)   Other: 0.1ms
[16.995s][info][gc,heap        ] GC(23) Eden regions: 278->0(259)
[16.995s][info][gc,heap        ] GC(23) Survivor regions: 19->18(38)
[16.995s][info][gc,heap        ] GC(23) Old regions: 839->839
[16.995s][info][gc,heap        ] GC(23) Humongous regions: 8->8
[16.995s][info][gc,metaspace   ] GC(23) Metaspace: 16461K(16896K)->16461K(16896K) NonClass: 14129K(14336K)->14129K(14336K) Class: 2331K(2560K)->2331K(2560K)
[16.995s][info][gc             ] GC(23) Pause Young (Normal) (G1 Evacuation Pause) 1141M->861M(2048M) 27.089ms
[16.995s][info][gc,cpu         ] GC(23) User=0.08s Sys=0.00s Real=0.02s
[18.140s][info][gc,start       ] GC(24) Pause Full (System.gc())
[18.140s][info][gc,task        ] GC(24) Using 6 workers of 6 for full compaction
[18.140s][info][gc,phases,start] GC(24) Phase 1: Mark live objects
[18.144s][info][gc,phases      ] GC(24) Phase 1: Mark live objects 3.481ms
[18.144s][info][gc,phases,start] GC(24) Phase 2: Prepare compaction
[18.146s][info][gc,phases      ] GC(24) Phase 2: Prepare compaction 1.578ms
[18.146s][info][gc,phases,start] GC(24) Phase 3: Adjust pointers
[18.148s][info][gc,phases      ] GC(24) Phase 3: Adjust pointers 2.389ms
[18.148s][info][gc,phases,start] GC(24) Phase 4: Compact heap
[18.149s][info][gc,phases      ] GC(24) Phase 4: Compact heap 1.064ms
[18.149s][info][gc,phases,start] GC(24) Phase 5: Reset Metadata
[18.150s][info][gc,phases      ] GC(24) Phase 5: Reset Metadata 0.786ms
[18.156s][info][gc,heap        ] GC(24) Eden regions: 325->0(300)
[18.156s][info][gc,heap        ] GC(24) Survivor regions: 18->0(38)
[18.156s][info][gc,heap        ] GC(24) Old regions: 839->8
[18.156s][info][gc,heap        ] GC(24) Humongous regions: 8->0
[18.156s][info][gc,metaspace   ] GC(24) Metaspace: 16461K(16896K)->16461K(16896K) NonClass: 14129K(14336K)->14129K(14336K) Class: 2331K(2560K)->2331K(2560K)
[18.156s][info][gc             ] GC(24) Pause Full (System.gc()) 1186M->5M(2048M) 15.728ms
[18.156s][info][gc,cpu         ] GC(24) User=0.00s Sys=0.00s Real=0.02s
[19.360s][info][gc,start       ] GC(25) Pause Young (Normal) (G1 Evacuation Pause)
[19.360s][info][gc,task        ] GC(25) Using 6 workers of 6 for evacuation
[19.361s][info][gc,phases      ] GC(25)   Pre Evacuate Collection Set: 0.4ms
[19.361s][info][gc,phases      ] GC(25)   Merge Heap Roots: 0.1ms
[19.361s][info][gc,phases      ] GC(25)   Evacuate Collection Set: 0.3ms
[19.361s][info][gc,phases      ] GC(25)   Post Evacuate Collection Set: 0.5ms
[19.361s][info][gc,phases      ] GC(25)   Other: 0.1ms
[19.361s][info][gc,heap        ] GC(25) Eden regions: 932->0(539)
[19.361s][info][gc,heap        ] GC(25) Survivor regions: 0->3(117)
[19.361s][info][gc,heap        ] GC(25) Old regions: 8->8
[19.361s][info][gc,heap        ] GC(25) Humongous regions: 0->0
[19.361s][info][gc,metaspace   ] GC(25) Metaspace: 16462K(16896K)->16462K(16896K) NonClass: 14131K(14336K)->14131K(14336K) Class: 2331K(2560K)->2331K(2560K)
[19.361s][info][gc             ] GC(25) Pause Young (Normal) (G1 Evacuation Pause) 937M->8M(2048M) 1.731ms
[19.361s][info][gc,cpu         ] GC(25) User=0.00s Sys=0.00s Real=0.00s
[19.538s][info][gc,start       ] GC(26) Pause Young (Normal) (G1 Evacuation Pause)
[19.538s][info][gc,task        ] GC(26) Using 6 workers of 6 for evacuation
[19.539s][info][gc,phases      ] GC(26)   Pre Evacuate Collection Set: 0.2ms
[19.539s][info][gc,phases      ] GC(26)   Merge Heap Roots: 0.1ms
[19.539s][info][gc,phases      ] GC(26)   Evacuate Collection Set: 0.3ms
[19.539s][info][gc,phases      ] GC(26)   Post Evacuate Collection Set: 0.6ms
[19.539s][info][gc,phases      ] GC(26)   Other: 0.1ms
[19.540s][info][gc,heap        ] GC(26) Eden regions: 1129->0(842)
[19.540s][info][gc,heap        ] GC(26) Survivor regions: 3->1(142)
[19.540s][info][gc,heap        ] GC(26) Old regions: 8->8
[19.540s][info][gc,heap        ] GC(26) Humongous regions: 0->0
[19.540s][info][gc,metaspace   ] GC(26) Metaspace: 16462K(16896K)->16462K(16896K) NonClass: 14131K(14336K)->14131K(14336K) Class: 2331K(2560K)->2331K(2560K)
[19.540s][info][gc             ] GC(26) Pause Young (Normal) (G1 Evacuation Pause) 1137M->6M(2048M) 1.671ms
[19.540s][info][gc,cpu         ] GC(26) User=0.00s Sys=0.00s Real=0.00s
[20.034s][info][gc,start       ] GC(27) Pause Young (Normal) (G1 Evacuation Pause)
[20.035s][info][gc,task        ] GC(27) Using 6 workers of 6 for evacuation
[20.187s][info][gc,phases      ] GC(27)   Pre Evacuate Collection Set: 0.2ms
[20.187s][info][gc,phases      ] GC(27)   Merge Heap Roots: 0.1ms
[20.187s][info][gc,phases      ] GC(27)   Evacuate Collection Set: 150.5ms
[20.187s][info][gc,phases      ] GC(27)   Post Evacuate Collection Set: 1.2ms
[20.187s][info][gc,phases      ] GC(27)   Other: 0.1ms
[20.187s][info][gc,heap        ] GC(27) Eden regions: 1227->0(654)
[20.187s][info][gc,heap        ] GC(27) Survivor regions: 1->154(154)
[20.187s][info][gc,heap        ] GC(27) Old regions: 8->190
[20.187s][info][gc,heap        ] GC(27) Humongous regions: 1->1
[20.187s][info][gc,metaspace   ] GC(27) Metaspace: 16462K(16896K)->16462K(16896K) NonClass: 14131K(14336K)->14131K(14336K) Class: 2331K(2560K)->2331K(2560K)
[20.187s][info][gc             ] GC(27) Pause Young (Normal) (G1 Evacuation Pause) 1234M->342M(2048M) 152.454ms
[20.187s][info][gc,cpu         ] GC(27) User=0.89s Sys=0.00s Real=0.16s
[23.225s][info][gc,start       ] GC(28) Pause Young (Normal) (G1 Evacuation Pause)
[23.225s][info][gc,task        ] GC(28) Using 6 workers of 6 for evacuation
[23.389s][info][gc,phases      ] GC(28)   Pre Evacuate Collection Set: 0.3ms
[23.389s][info][gc,phases      ] GC(28)   Merge Heap Roots: 1.3ms
[23.389s][info][gc,phases      ] GC(28)   Evacuate Collection Set: 160.3ms
[23.389s][info][gc,phases      ] GC(28)   Post Evacuate Collection Set: 1.9ms
[23.389s][info][gc,phases      ] GC(28)   Other: 0.1ms
[23.389s][info][gc,heap        ] GC(28) Eden regions: 476->0(395)
[23.389s][info][gc,heap        ] GC(28) Survivor regions: 154->79(79)
[23.389s][info][gc,heap        ] GC(28) Old regions: 190->452
[23.389s][info][gc,heap        ] GC(28) Humongous regions: 2->2
[23.389s][info][gc,metaspace   ] GC(28) Metaspace: 16463K(16896K)->16463K(16896K) NonClass: 14132K(14336K)->14132K(14336K) Class: 2331K(2560K)->2331K(2560K)
[23.389s][info][gc             ] GC(28) Pause Young (Normal) (G1 Evacuation Pause) 819M->529M(2048M) 164.138ms
[23.389s][info][gc,cpu         ] GC(28) User=1.03s Sys=0.00s Real=0.16s
[23.489s][info][gc,start       ] GC(29) Pause Young (Normal) (G1 Evacuation Pause)
[23.489s][info][gc,task        ] GC(29) Using 6 workers of 6 for evacuation
[23.578s][info][gc,phases      ] GC(29)   Pre Evacuate Collection Set: 0.3ms
[23.578s][info][gc,phases      ] GC(29)   Merge Heap Roots: 1.2ms
[23.578s][info][gc,phases      ] GC(29)   Evacuate Collection Set: 87.0ms
[23.578s][info][gc,phases      ] GC(29)   Post Evacuate Collection Set: 0.8ms
[23.578s][info][gc,phases      ] GC(29)   Other: 0.1ms
[23.578s][info][gc,heap        ] GC(29) Eden regions: 185->0(476)
[23.578s][info][gc,heap        ] GC(29) Survivor regions: 79->33(33)
[23.578s][info][gc,heap        ] GC(29) Old regions: 452->578
[23.578s][info][gc,heap        ] GC(29) Humongous regions: 2->2
[23.578s][info][gc,metaspace   ] GC(29) Metaspace: 16463K(16896K)->16463K(16896K) NonClass: 14132K(14336K)->14132K(14336K) Class: 2331K(2560K)->2331K(2560K)
[23.578s][info][gc             ] GC(29) Pause Young (Normal) (G1 Evacuation Pause) 714M->610M(2048M) 89.586ms
[23.578s][info][gc,cpu         ] GC(29) User=0.47s Sys=0.00s Real=0.08s
[23.951s][info][gc,start       ] GC(30) Pause Young (Normal) (G1 Evacuation Pause)
[23.951s][info][gc,task        ] GC(30) Using 6 workers of 6 for evacuation
[24.108s][info][gc,phases      ] GC(30)   Pre Evacuate Collection Set: 0.4ms
[24.109s][info][gc,phases      ] GC(30)   Merge Heap Roots: 1.4ms
[24.109s][info][gc,phases      ] GC(30)   Evacuate Collection Set: 153.7ms
[24.109s][info][gc,phases      ] GC(30)   Post Evacuate Collection Set: 1.1ms
[24.109s][info][gc,phases      ] GC(30)   Other: 0.1ms
[24.109s][info][gc,heap        ] GC(30) Eden regions: 549->0(405)
[24.109s][info][gc,heap        ] GC(30) Survivor regions: 33->73(73)
[24.109s][info][gc,heap        ] GC(30) Old regions: 578->769
[24.109s][info][gc,heap        ] GC(30) Humongous regions: 5->5
[24.109s][info][gc,metaspace   ] GC(30) Metaspace: 16463K(16896K)->16463K(16896K) NonClass: 14132K(14336K)->14132K(14336K) Class: 2331K(2560K)->2331K(2560K)
[24.109s][info][gc             ] GC(30) Pause Young (Normal) (G1 Evacuation Pause) 1162M->844M(2048M) 158.189ms
[24.109s][info][gc,cpu         ] GC(30) User=0.86s Sys=0.00s Real=0.16s
[24.875s][info][gc,start       ] GC(31) Pause Young (Normal) (G1 Evacuation Pause)
[24.876s][info][gc,task        ] GC(31) Using 6 workers of 6 for evacuation
[24.938s][info][gc,phases      ] GC(31)   Pre Evacuate Collection Set: 0.4ms
[24.938s][info][gc,phases      ] GC(31)   Merge Heap Roots: 1.6ms
[24.938s][info][gc,phases      ] GC(31)   Evacuate Collection Set: 59.8ms
[24.938s][info][gc,phases      ] GC(31)   Post Evacuate Collection Set: 0.9ms
[24.938s][info][gc,phases      ] GC(31)   Other: 0.2ms
[24.938s][info][gc,heap        ] GC(31) Eden regions: 349->0(641)
[24.938s][info][gc,heap        ] GC(31) Survivor regions: 73->25(53)
[24.938s][info][gc,heap        ] GC(31) Old regions: 769->838
[24.938s][info][gc,heap        ] GC(31) Humongous regions: 8->8
[24.938s][info][gc,metaspace   ] GC(31) Metaspace: 16463K(16896K)->16463K(16896K) NonClass: 14132K(14336K)->14132K(14336K) Class: 2331K(2560K)->2331K(2560K)
[24.939s][info][gc             ] GC(31) Pause Young (Normal) (G1 Evacuation Pause) 1196M->867M(2048M) 63.066ms
[24.939s][info][gc,cpu         ] GC(31) User=0.42s Sys=0.00s Real=0.06s
[25.990s][info][gc,start       ] GC(32) Pause Full (System.gc())
[25.990s][info][gc,task        ] GC(32) Using 6 workers of 6 for full compaction
[25.991s][info][gc,phases,start] GC(32) Phase 1: Mark live objects
[25.993s][info][gc,phases      ] GC(32) Phase 1: Mark live objects 2.598ms
[25.993s][info][gc,phases,start] GC(32) Phase 2: Prepare compaction
[25.994s][info][gc,phases      ] GC(32) Phase 2: Prepare compaction 0.956ms
[25.994s][info][gc,phases,start] GC(32) Phase 3: Adjust pointers
[25.997s][info][gc,phases      ] GC(32) Phase 3: Adjust pointers 2.133ms
[25.997s][info][gc,phases,start] GC(32) Phase 4: Compact heap
[25.998s][info][gc,phases      ] GC(32) Phase 4: Compact heap 1.455ms
[25.998s][info][gc,phases,start] GC(32) Phase 5: Reset Metadata
[25.999s][info][gc,phases      ] GC(32) Phase 5: Reset Metadata 0.891ms
[26.005s][info][gc,heap        ] GC(32) Eden regions: 291->0(728)
[26.005s][info][gc,heap        ] GC(32) Survivor regions: 25->0(53)
[26.005s][info][gc,heap        ] GC(32) Old regions: 838->8
[26.005s][info][gc,heap        ] GC(32) Humongous regions: 8->0
[26.005s][info][gc,metaspace   ] GC(32) Metaspace: 16463K(16896K)->16463K(16896K) NonClass: 14132K(14336K)->14132K(14336K) Class: 2331K(2560K)->2331K(2560K)
[26.005s][info][gc             ] GC(32) Pause Full (System.gc()) 1158M->5M(2048M) 14.945ms
[26.005s][info][gc,cpu         ] GC(32) User=0.02s Sys=0.00s Real=0.01s
[27.478s][info][gc,start       ] GC(33) Pause Young (Normal) (G1 Evacuation Pause)
[27.478s][info][gc,task        ] GC(33) Using 6 workers of 6 for evacuation
[27.480s][info][gc,phases      ] GC(33)   Pre Evacuate Collection Set: 0.3ms
[27.480s][info][gc,phases      ] GC(33)   Merge Heap Roots: 0.2ms
[27.480s][info][gc,phases      ] GC(33)   Evacuate Collection Set: 0.5ms
[27.480s][info][gc,phases      ] GC(33)   Post Evacuate Collection Set: 0.6ms
[27.480s][info][gc,phases      ] GC(33)   Other: 0.1ms
[27.480s][info][gc,heap        ] GC(33) Eden regions: 1153->0(996)
[27.480s][info][gc,heap        ] GC(33) Survivor regions: 0->3(145)
[27.480s][info][gc,heap        ] GC(33) Old regions: 8->8
[27.480s][info][gc,heap        ] GC(33) Humongous regions: 0->0
[27.480s][info][gc,metaspace   ] GC(33) Metaspace: 16467K(16896K)->16467K(16896K) NonClass: 14136K(14336K)->14136K(14336K) Class: 2331K(2560K)->2331K(2560K)
[27.480s][info][gc             ] GC(33) Pause Young (Normal) (G1 Evacuation Pause) 1158M->7M(2048M) 1.849ms
[27.480s][info][gc,cpu         ] GC(33) User=0.00s Sys=0.00s Real=0.00s
[27.669s][info][gc,start       ] GC(34) Pause Young (Normal) (G1 Evacuation Pause)
[27.669s][info][gc,task        ] GC(34) Using 6 workers of 6 for evacuation
[27.670s][info][gc,phases      ] GC(34)   Pre Evacuate Collection Set: 0.3ms
[27.670s][info][gc,phases      ] GC(34)   Merge Heap Roots: 0.2ms
[27.670s][info][gc,phases      ] GC(34)   Evacuate Collection Set: 0.3ms
[27.670s][info][gc,phases      ] GC(34)   Post Evacuate Collection Set: 0.5ms
[27.671s][info][gc,phases      ] GC(34)   Other: 0.1ms
[27.671s][info][gc,heap        ] GC(34) Eden regions: 1225->0(1226)
[27.671s][info][gc,heap        ] GC(34) Survivor regions: 3->2(154)
[27.671s][info][gc,heap        ] GC(34) Old regions: 8->8
[27.671s][info][gc,heap        ] GC(34) Humongous regions: 0->0
[27.671s][info][gc,metaspace   ] GC(34) Metaspace: 16467K(16896K)->16467K(16896K) NonClass: 14136K(14336K)->14136K(14336K) Class: 2331K(2560K)->2331K(2560K)
[27.671s][info][gc             ] GC(34) Pause Young (Normal) (G1 Evacuation Pause) 1232M->6M(2048M) 1.692ms
[27.671s][info][gc,cpu         ] GC(34) User=0.00s Sys=0.00s Real=0.00s
[30.786s][info][gc,start       ] GC(35) Pause Young (Normal) (G1 Evacuation Pause)
[30.786s][info][gc,task        ] GC(35) Using 6 workers of 6 for evacuation
[30.975s][info][gc,phases      ] GC(35)   Pre Evacuate Collection Set: 0.4ms
[30.978s][info][gc,phases      ] GC(35)   Merge Heap Roots: 0.2ms
[30.978s][info][gc,phases      ] GC(35)   Evacuate Collection Set: 186.0ms
[30.978s][info][gc,phases      ] GC(35)   Post Evacuate Collection Set: 1.5ms
[30.978s][info][gc,phases      ] GC(35)   Other: 0.2ms
[30.978s][info][gc,heap        ] GC(35) Eden regions: 1226->0(892)
[30.978s][info][gc,heap        ] GC(35) Survivor regions: 2->154(154)
[30.978s][info][gc,heap        ] GC(35) Old regions: 8->291
[30.978s][info][gc,heap        ] GC(35) Humongous regions: 2->2
[30.978s][info][gc,metaspace   ] GC(35) Metaspace: 16475K(16960K)->16475K(16960K) NonClass: 14144K(14400K)->14144K(14400K) Class: 2331K(2560K)->2331K(2560K)
[30.978s][info][gc             ] GC(35) Pause Young (Normal) (G1 Evacuation Pause) 1234M->444M(2048M) 191.576ms
[30.978s][info][gc,cpu         ] GC(35) User=1.03s Sys=0.00s Real=0.19s
[31.398s][info][gc,start       ] GC(36) Pause Young (Normal) (G1 Evacuation Pause)
[31.399s][info][gc,task        ] GC(36) Using 6 workers of 6 for evacuation
[31.617s][info][gc,mmu         ] GC(36) MMU target violated: 201.0ms (200.0ms/201.0ms)
[31.618s][info][gc,phases      ] GC(36)   Pre Evacuate Collection Set: 0.3ms
[31.618s][info][gc,phases      ] GC(36)   Merge Heap Roots: 1.2ms
[31.618s][info][gc,phases      ] GC(36)   Evacuate Collection Set: 216.2ms
[31.618s][info][gc,phases      ] GC(36)   Post Evacuate Collection Set: 1.1ms
[31.618s][info][gc,phases      ] GC(36)   Other: 0.2ms
[31.618s][info][gc,heap        ] GC(36) Eden regions: 754->0(492)
[31.618s][info][gc,heap        ] GC(36) Survivor regions: 154->114(114)
[31.618s][info][gc,heap        ] GC(36) Old regions: 291->644
[31.618s][info][gc,heap        ] GC(36) Humongous regions: 2->2
[31.618s][info][gc,metaspace   ] GC(36) Metaspace: 16475K(16960K)->16475K(16960K) NonClass: 14144K(14400K)->14144K(14400K) Class: 2331K(2560K)->2331K(2560K)
[31.618s][info][gc             ] GC(36) Pause Young (Normal) (G1 Evacuation Pause) 1198M->757M(2048M) 219.183ms
[31.618s][info][gc,cpu         ] GC(36) User=1.23s Sys=0.00s Real=0.22s
[32.233s][info][gc,start       ] GC(37) Pause Young (Normal) (G1 Evacuation Pause)
[32.233s][info][gc,task        ] GC(37) Using 6 workers of 6 for evacuation
[32.354s][info][gc,phases      ] GC(37)   Pre Evacuate Collection Set: 0.3ms
[32.355s][info][gc,phases      ] GC(37)   Merge Heap Roots: 2.3ms
[32.355s][info][gc,phases      ] GC(37)   Evacuate Collection Set: 116.9ms
[32.355s][info][gc,phases      ] GC(37)   Post Evacuate Collection Set: 1.5ms
[32.355s][info][gc,phases      ] GC(37)   Other: 0.1ms
[32.355s][info][gc,heap        ] GC(37) Eden regions: 324->0(584)
[32.355s][info][gc,heap        ] GC(37) Survivor regions: 114->55(55)
[32.355s][info][gc,heap        ] GC(37) Old regions: 644->790
[32.355s][info][gc,heap        ] GC(37) Humongous regions: 8->8
[32.355s][info][gc,metaspace   ] GC(37) Metaspace: 16475K(16960K)->16475K(16960K) NonClass: 14144K(14400K)->14144K(14400K) Class: 2331K(2560K)->2331K(2560K)
[32.355s][info][gc             ] GC(37) Pause Young (Normal) (G1 Evacuation Pause) 1087M->850M(2048M) 122.215ms
[32.355s][info][gc,cpu         ] GC(37) User=0.66s Sys=0.00s Real=0.12s
[33.742s][info][gc,start       ] GC(38) Pause Full (System.gc())
[33.742s][info][gc,task        ] GC(38) Using 6 workers of 6 for full compaction
[33.742s][info][gc,phases,start] GC(38) Phase 1: Mark live objects
[33.745s][info][gc,phases      ] GC(38) Phase 1: Mark live objects 2.692ms
[33.745s][info][gc,phases,start] GC(38) Phase 2: Prepare compaction
[33.746s][info][gc,phases      ] GC(38) Phase 2: Prepare compaction 1.395ms
[33.746s][info][gc,phases,start] GC(38) Phase 3: Adjust pointers
[33.749s][info][gc,phases      ] GC(38) Phase 3: Adjust pointers 2.665ms
[33.749s][info][gc,phases,start] GC(38) Phase 4: Compact heap
[33.750s][info][gc,phases      ] GC(38) Phase 4: Compact heap 0.939ms
[33.750s][info][gc,phases,start] GC(38) Phase 5: Reset Metadata
[33.751s][info][gc,phases      ] GC(38) Phase 5: Reset Metadata 0.748ms
[33.756s][info][gc,heap        ] GC(38) Eden regions: 465->0(709)
[33.756s][info][gc,heap        ] GC(38) Survivor regions: 55->0(55)
[33.756s][info][gc,heap        ] GC(38) Old regions: 790->8
[33.757s][info][gc,heap        ] GC(38) Humongous regions: 8->0
[33.757s][info][gc,metaspace   ] GC(38) Metaspace: 16475K(16960K)->16475K(16960K) NonClass: 14144K(14400K)->14144K(14400K) Class: 2331K(2560K)->2331K(2560K)
[33.757s][info][gc             ] GC(38) Pause Full (System.gc()) 1315M->5M(2048M) 14.673ms
[33.757s][info][gc,cpu         ] GC(38) User=0.00s Sys=0.00s Real=0.01s
[35.308s][info][gc,start       ] GC(39) Pause Young (Normal) (G1 Evacuation Pause)
[35.308s][info][gc,task        ] GC(39) Using 6 workers of 6 for evacuation
[35.310s][info][gc,phases      ] GC(39)   Pre Evacuate Collection Set: 0.3ms
[35.310s][info][gc,phases      ] GC(39)   Merge Heap Roots: 0.2ms
[35.310s][info][gc,phases      ] GC(39)   Evacuate Collection Set: 0.5ms
[35.310s][info][gc,phases      ] GC(39)   Post Evacuate Collection Set: 0.6ms
[35.310s][info][gc,phases      ] GC(39)   Other: 0.1ms
[35.310s][info][gc,heap        ] GC(39) Eden regions: 1004->0(999)
[35.310s][info][gc,heap        ] GC(39) Survivor regions: 0->3(126)
[35.310s][info][gc,heap        ] GC(39) Old regions: 8->8
[35.310s][info][gc,heap        ] GC(39) Humongous regions: 0->0
[35.310s][info][gc,metaspace   ] GC(39) Metaspace: 16477K(16960K)->16477K(16960K) NonClass: 14146K(14400K)->14146K(14400K) Class: 2331K(2560K)->2331K(2560K)
[35.310s][info][gc             ] GC(39) Pause Young (Normal) (G1 Evacuation Pause) 1009M->7M(2048M) 1.959ms
[35.310s][info][gc,cpu         ] GC(39) User=0.00s Sys=0.00s Real=0.00s
[35.504s][info][gc,start       ] GC(40) Pause Young (Normal) (G1 Evacuation Pause)
[35.504s][info][gc,task        ] GC(40) Using 6 workers of 6 for evacuation
[35.505s][info][gc,phases      ] GC(40)   Pre Evacuate Collection Set: 0.3ms
[35.505s][info][gc,phases      ] GC(40)   Merge Heap Roots: 0.2ms
[35.505s][info][gc,phases      ] GC(40)   Evacuate Collection Set: 0.4ms
[35.505s][info][gc,phases      ] GC(40)   Post Evacuate Collection Set: 0.6ms
[35.505s][info][gc,phases      ] GC(40)   Other: 0.1ms
[35.505s][info][gc,heap        ] GC(40) Eden regions: 1203->0(1225)
[35.505s][info][gc,heap        ] GC(40) Survivor regions: 3->3(151)
[35.505s][info][gc,heap        ] GC(40) Old regions: 8->8
[35.505s][info][gc,heap        ] GC(40) Humongous regions: 0->0
[35.505s][info][gc,metaspace   ] GC(40) Metaspace: 16477K(16960K)->16477K(16960K) NonClass: 14146K(14400K)->14146K(14400K) Class: 2331K(2560K)->2331K(2560K)
[35.505s][info][gc             ] GC(40) Pause Young (Normal) (G1 Evacuation Pause) 1210M->8M(2048M) 1.771ms
[35.505s][info][gc,cpu         ] GC(40) User=0.00s Sys=0.00s Real=0.00s
[36.091s][info][gc,start       ] GC(41) Pause Young (Normal) (G1 Evacuation Pause)
[36.091s][info][gc,task        ] GC(41) Using 6 workers of 6 for evacuation
[36.286s][info][gc,phases      ] GC(41)   Pre Evacuate Collection Set: 0.2ms
[36.286s][info][gc,phases      ] GC(41)   Merge Heap Roots: 0.1ms
[36.286s][info][gc,phases      ] GC(41)   Evacuate Collection Set: 192.9ms
[36.286s][info][gc,phases      ] GC(41)   Post Evacuate Collection Set: 1.3ms
[36.286s][info][gc,phases      ] GC(41)   Other: 0.1ms
[36.286s][info][gc,heap        ] GC(41) Eden regions: 1225->0(871)
[36.286s][info][gc,heap        ] GC(41) Survivor regions: 3->154(154)
[36.286s][info][gc,heap        ] GC(41) Old regions: 8->277
[36.286s][info][gc,heap        ] GC(41) Humongous regions: 1->1
[36.286s][info][gc,metaspace   ] GC(41) Metaspace: 16477K(16960K)->16477K(16960K) NonClass: 14146K(14400K)->14146K(14400K) Class: 2331K(2560K)->2331K(2560K)
[36.286s][info][gc             ] GC(41) Pause Young (Normal) (G1 Evacuation Pause) 1234M->429M(2048M) 194.844ms
[36.286s][info][gc,cpu         ] GC(41) User=1.12s Sys=0.00s Real=0.19s
[39.307s][info][gc,start       ] GC(42) Pause Young (Normal) (G1 Evacuation Pause)
[39.307s][info][gc,task        ] GC(42) Using 6 workers of 6 for evacuation
[39.505s][info][gc,phases      ] GC(42)   Pre Evacuate Collection Set: 1.0ms
[39.505s][info][gc,phases      ] GC(42)   Merge Heap Roots: 1.4ms
[39.505s][info][gc,phases      ] GC(42)   Evacuate Collection Set: 194.1ms
[39.505s][info][gc,phases      ] GC(42)   Post Evacuate Collection Set: 1.6ms
[39.506s][info][gc,phases      ] GC(42)   Other: 0.1ms
[39.506s][info][gc,heap        ] GC(42) Eden regions: 608->0(480)
[39.506s][info][gc,heap        ] GC(42) Survivor regions: 154->96(96)
[39.506s][info][gc,heap        ] GC(42) Old regions: 277->548
[39.506s][info][gc,heap        ] GC(42) Humongous regions: 2->2
[39.506s][info][gc,metaspace   ] GC(42) Metaspace: 16479K(16960K)->16479K(16960K) NonClass: 14148K(14400K)->14148K(14400K) Class: 2331K(2560K)->2331K(2560K)
[39.506s][info][gc             ] GC(42) Pause Young (Normal) (G1 Evacuation Pause) 1038M->643M(2048M) 198.360ms
[39.506s][info][gc,cpu         ] GC(42) User=1.11s Sys=0.00s Real=0.19s
[39.749s][info][gc,start       ] GC(43) Pause Young (Normal) (G1 Evacuation Pause)
[39.749s][info][gc,task        ] GC(43) Using 6 workers of 6 for evacuation
[39.899s][info][gc,phases      ] GC(43)   Pre Evacuate Collection Set: 0.4ms
[39.899s][info][gc,phases      ] GC(43)   Merge Heap Roots: 1.7ms
[39.899s][info][gc,phases      ] GC(43)   Evacuate Collection Set: 147.2ms
[39.899s][info][gc,phases      ] GC(43)   Post Evacuate Collection Set: 0.9ms
[39.899s][info][gc,phases      ] GC(43)   Other: 0.2ms
[39.899s][info][gc,heap        ] GC(43) Eden regions: 407->0(538)
[39.899s][info][gc,heap        ] GC(43) Survivor regions: 96->63(63)
[39.899s][info][gc,heap        ] GC(43) Old regions: 548->751
[39.899s][info][gc,heap        ] GC(43) Humongous regions: 2->2
[39.899s][info][gc,metaspace   ] GC(43) Metaspace: 16479K(16960K)->16479K(16960K) NonClass: 14148K(14400K)->14148K(14400K) Class: 2331K(2560K)->2331K(2560K)
[39.899s][info][gc             ] GC(43) Pause Young (Normal) (G1 Evacuation Pause) 1050M->812M(2048M) 150.607ms
[39.899s][info][gc,cpu         ] GC(43) User=0.86s Sys=0.00s Real=0.16s
[40.844s][info][gc,start       ] GC(44) Pause Young (Normal) (G1 Evacuation Pause)
[40.844s][info][gc,task        ] GC(44) Using 6 workers of 6 for evacuation
[40.920s][info][gc,phases      ] GC(44)   Pre Evacuate Collection Set: 0.5ms
[40.920s][info][gc,phases      ] GC(44)   Merge Heap Roots: 2.7ms
[40.920s][info][gc,phases      ] GC(44)   Evacuate Collection Set: 71.4ms
[40.920s][info][gc,phases      ] GC(44)   Post Evacuate Collection Set: 0.9ms
[40.920s][info][gc,phases      ] GC(44)   Other: 0.1ms
[40.920s][info][gc,heap        ] GC(44) Eden regions: 476->0(620)
[40.920s][info][gc,heap        ] GC(44) Survivor regions: 63->46(68)
[40.920s][info][gc,heap        ] GC(44) Old regions: 751->812
[40.920s][info][gc,heap        ] GC(44) Humongous regions: 8->8
[40.920s][info][gc,metaspace   ] GC(44) Metaspace: 16479K(16960K)->16479K(16960K) NonClass: 14148K(14400K)->14148K(14400K) Class: 2331K(2560K)->2331K(2560K)
[40.920s][info][gc             ] GC(44) Pause Young (Normal) (G1 Evacuation Pause) 1294M->862M(2048M) 75.793ms
[40.920s][info][gc,cpu         ] GC(44) User=0.39s Sys=0.00s Real=0.08s
[41.919s][info][gc,start       ] GC(45) Pause Full (System.gc())
[41.919s][info][gc,task        ] GC(45) Using 6 workers of 6 for full compaction
[41.919s][info][gc,phases,start] GC(45) Phase 1: Mark live objects
[41.922s][info][gc,phases      ] GC(45) Phase 1: Mark live objects 2.544ms
[41.922s][info][gc,phases,start] GC(45) Phase 2: Prepare compaction
[41.923s][info][gc,phases      ] GC(45) Phase 2: Prepare compaction 1.405ms
[41.923s][info][gc,phases,start] GC(45) Phase 3: Adjust pointers
[41.926s][info][gc,phases      ] GC(45) Phase 3: Adjust pointers 2.374ms
[41.926s][info][gc,phases,start] GC(45) Phase 4: Compact heap
[41.927s][info][gc,phases      ] GC(45) Phase 4: Compact heap 1.112ms
[41.927s][info][gc,phases,start] GC(45) Phase 5: Reset Metadata
[41.928s][info][gc,phases      ] GC(45) Phase 5: Reset Metadata 0.735ms
[41.933s][info][gc,heap        ] GC(45) Eden regions: 251->0(776)
[41.933s][info][gc,heap        ] GC(45) Survivor regions: 46->0(68)
[41.933s][info][gc,heap        ] GC(45) Old regions: 812->8
[41.933s][info][gc,heap        ] GC(45) Humongous regions: 8->0
[41.933s][info][gc,metaspace   ] GC(45) Metaspace: 16479K(16960K)->16479K(16960K) NonClass: 14148K(14400K)->14148K(14400K) Class: 2331K(2560K)->2331K(2560K)
[41.933s][info][gc             ] GC(45) Pause Full (System.gc()) 1113M->5M(2048M) 14.426ms
[41.933s][info][gc,cpu         ] GC(45) User=0.00s Sys=0.00s Real=0.00s
[43.140s][info][gc,start       ] GC(46) Pause Young (Normal) (G1 Evacuation Pause)
[43.140s][info][gc,task        ] GC(46) Using 6 workers of 6 for evacuation
[43.142s][info][gc,phases      ] GC(46)   Pre Evacuate Collection Set: 0.3ms
[43.142s][info][gc,phases      ] GC(46)   Merge Heap Roots: 0.1ms
[43.142s][info][gc,phases      ] GC(46)   Evacuate Collection Set: 0.3ms
[43.142s][info][gc,phases      ] GC(46)   Post Evacuate Collection Set: 0.5ms
[43.142s][info][gc,phases      ] GC(46)   Other: 0.1ms
[43.142s][info][gc,heap        ] GC(46) Eden regions: 1043->0(1044)
[43.142s][info][gc,heap        ] GC(46) Survivor regions: 0->3(131)
[43.142s][info][gc,heap        ] GC(46) Old regions: 8->8
[43.142s][info][gc,heap        ] GC(46) Humongous regions: 0->0
[43.142s][info][gc,metaspace   ] GC(46) Metaspace: 16479K(16960K)->16479K(16960K) NonClass: 14148K(14400K)->14148K(14400K) Class: 2331K(2560K)->2331K(2560K)
[43.142s][info][gc             ] GC(46) Pause Young (Normal) (G1 Evacuation Pause) 1048M->8M(2048M) 1.615ms
[43.142s][info][gc,cpu         ] GC(46) User=0.00s Sys=0.00s Real=0.00s
[43.334s][info][gc,start       ] GC(47) Pause Young (Normal) (G1 Evacuation Pause)
[43.334s][info][gc,task        ] GC(47) Using 6 workers of 6 for evacuation
[43.336s][info][gc,phases      ] GC(47)   Pre Evacuate Collection Set: 0.3ms
[43.336s][info][gc,phases      ] GC(47)   Merge Heap Roots: 0.2ms
[43.336s][info][gc,phases      ] GC(47)   Evacuate Collection Set: 0.5ms
[43.336s][info][gc,phases      ] GC(47)   Post Evacuate Collection Set: 0.7ms
[43.336s][info][gc,phases      ] GC(47)   Other: 0.1ms
[43.336s][info][gc,heap        ] GC(47) Eden regions: 1201->0(1226)
[43.336s][info][gc,heap        ] GC(47) Survivor regions: 3->2(151)
[43.336s][info][gc,heap        ] GC(47) Old regions: 8->8
[43.336s][info][gc,heap        ] GC(47) Humongous regions: 0->0
[43.336s][info][gc,metaspace   ] GC(47) Metaspace: 16479K(16960K)->16479K(16960K) NonClass: 14148K(14400K)->14148K(14400K) Class: 2331K(2560K)->2331K(2560K)
[43.336s][info][gc             ] GC(47) Pause Young (Normal) (G1 Evacuation Pause) 1209M->6M(2048M) 2.058ms
[43.336s][info][gc,cpu         ] GC(47) User=0.00s Sys=0.00s Real=0.00s
[43.971s][info][gc,start       ] GC(48) Pause Young (Normal) (G1 Evacuation Pause)
[43.972s][info][gc,task        ] GC(48) Using 6 workers of 6 for evacuation
[44.154s][info][gc,phases      ] GC(48)   Pre Evacuate Collection Set: 0.2ms
[44.154s][info][gc,phases      ] GC(48)   Merge Heap Roots: 0.2ms
[44.154s][info][gc,phases      ] GC(48)   Evacuate Collection Set: 180.3ms
[44.154s][info][gc,phases      ] GC(48)   Post Evacuate Collection Set: 1.2ms
[44.154s][info][gc,phases      ] GC(48)   Other: 0.1ms
[44.154s][info][gc,heap        ] GC(48) Eden regions: 1226->0(901)
[44.154s][info][gc,heap        ] GC(48) Survivor regions: 2->154(154)
[44.154s][info][gc,heap        ] GC(48) Old regions: 8->262
[44.154s][info][gc,heap        ] GC(48) Humongous regions: 2->2
[44.154s][info][gc,metaspace   ] GC(48) Metaspace: 16479K(16960K)->16479K(16960K) NonClass: 14148K(14400K)->14148K(14400K) Class: 2331K(2560K)->2331K(2560K)
[44.154s][info][gc             ] GC(48) Pause Young (Normal) (G1 Evacuation Pause) 1234M->414M(2048M) 182.305ms
[44.154s][info][gc,cpu         ] GC(48) User=1.05s Sys=0.00s Real=0.19s
[47.527s][info][gc,start       ] GC(49) Pause Young (Normal) (G1 Evacuation Pause)
[47.527s][info][gc,task        ] GC(49) Using 6 workers of 6 for evacuation
[47.770s][info][gc,mmu         ] GC(49) MMU target violated: 201.0ms (200.0ms/201.0ms)
[47.773s][info][gc,phases      ] GC(49)   Pre Evacuate Collection Set: 0.4ms
[47.773s][info][gc,phases      ] GC(49)   Merge Heap Roots: 1.4ms
[47.773s][info][gc,phases      ] GC(49)   Evacuate Collection Set: 239.7ms
[47.773s][info][gc,phases      ] GC(49)   Post Evacuate Collection Set: 1.9ms
[47.773s][info][gc,phases      ] GC(49)   Other: 2.8ms
[47.773s][info][gc,heap        ] GC(49) Eden regions: 901->0(511)
[47.773s][info][gc,heap        ] GC(49) Survivor regions: 154->132(132)
[47.773s][info][gc,heap        ] GC(49) Old regions: 262->641
[47.773s][info][gc,heap        ] GC(49) Humongous regions: 4->4
[47.773s][info][gc,metaspace   ] GC(49) Metaspace: 16481K(16960K)->16481K(16960K) NonClass: 14150K(14400K)->14150K(14400K) Class: 2331K(2560K)->2331K(2560K)
[47.773s][info][gc             ] GC(49) Pause Young (Normal) (G1 Evacuation Pause) 1317M->773M(2048M) 246.429ms
[47.773s][info][gc,cpu         ] GC(49) User=1.36s Sys=0.00s Real=0.25s
[48.344s][info][gc,start       ] GC(50) Pause Young (Normal) (G1 Evacuation Pause)
[48.344s][info][gc,task        ] GC(50) Using 6 workers of 6 for evacuation
[48.488s][info][gc,phases      ] GC(50)   Pre Evacuate Collection Set: 0.4ms
[48.488s][info][gc,phases      ] GC(50)   Merge Heap Roots: 2.6ms
[48.488s][info][gc,phases      ] GC(50)   Evacuate Collection Set: 139.3ms
[48.488s][info][gc,phases      ] GC(50)   Post Evacuate Collection Set: 1.3ms
[48.488s][info][gc,phases      ] GC(50)   Other: 0.2ms
[48.488s][info][gc,heap        ] GC(50) Eden regions: 285->0(585)
[48.488s][info][gc,heap        ] GC(50) Survivor regions: 132->53(53)
[48.488s][info][gc,heap        ] GC(50) Old regions: 641->816
[48.488s][info][gc,heap        ] GC(50) Humongous regions: 10->10
[48.488s][info][gc,metaspace   ] GC(50) Metaspace: 16481K(16960K)->16481K(16960K) NonClass: 14150K(14400K)->14150K(14400K) Class: 2331K(2560K)->2331K(2560K)
[48.488s][info][gc             ] GC(50) Pause Young (Normal) (G1 Evacuation Pause) 1064M->876M(2048M) 144.224ms
[48.488s][info][gc,cpu         ] GC(50) User=0.80s Sys=0.00s Real=0.16s
[49.977s][info][gc,start       ] GC(51) Pause Full (System.gc())
[49.977s][info][gc,task        ] GC(51) Using 6 workers of 6 for full compaction
[49.978s][info][gc,phases,start] GC(51) Phase 1: Mark live objects
[49.981s][info][gc,phases      ] GC(51) Phase 1: Mark live objects 3.089ms
[49.981s][info][gc,phases,start] GC(51) Phase 2: Prepare compaction
[49.983s][info][gc,phases      ] GC(51) Phase 2: Prepare compaction 1.794ms
[49.983s][info][gc,phases,start] GC(51) Phase 3: Adjust pointers
[49.985s][info][gc,phases      ] GC(51) Phase 3: Adjust pointers 2.429ms
[49.985s][info][gc,phases,start] GC(51) Phase 4: Compact heap
[49.986s][info][gc,phases      ] GC(51) Phase 4: Compact heap 0.966ms
[49.986s][info][gc,phases,start] GC(51) Phase 5: Reset Metadata
[49.987s][info][gc,phases      ] GC(51) Phase 5: Reset Metadata 0.733ms
[49.992s][info][gc,heap        ] GC(51) Eden regions: 519->0(712)
[49.992s][info][gc,heap        ] GC(51) Survivor regions: 53->0(53)
[49.992s][info][gc,heap        ] GC(51) Old regions: 816->8
[49.992s][info][gc,heap        ] GC(51) Humongous regions: 10->2
[49.993s][info][gc,metaspace   ] GC(51) Metaspace: 16482K(16960K)->16482K(16960K) NonClass: 14151K(14400K)->14151K(14400K) Class: 2331K(2560K)->2331K(2560K)
[49.993s][info][gc             ] GC(51) Pause Full (System.gc()) 1395M->7M(2048M) 15.230ms
[49.993s][info][gc,cpu         ] GC(51) User=0.00s Sys=0.02s Real=0.02s
[51.800s][info][gc,start       ] GC(52) Pause Young (Normal) (G1 Evacuation Pause)
[51.801s][info][gc,task        ] GC(52) Using 6 workers of 6 for evacuation
[51.802s][info][gc,phases      ] GC(52)   Pre Evacuate Collection Set: 0.2ms
[51.802s][info][gc,phases      ] GC(52)   Merge Heap Roots: 0.1ms
[51.802s][info][gc,phases      ] GC(52)   Evacuate Collection Set: 0.3ms
[51.802s][info][gc,phases      ] GC(52)   Post Evacuate Collection Set: 0.5ms
[51.802s][info][gc,phases      ] GC(52)   Other: 0.1ms
[51.802s][info][gc,heap        ] GC(52) Eden regions: 1042->0(1095)
[51.802s][info][gc,heap        ] GC(52) Survivor regions: 0->3(131)
[51.802s][info][gc,heap        ] GC(52) Old regions: 8->8
[51.802s][info][gc,heap        ] GC(52) Humongous regions: 2->2
[51.802s][info][gc,metaspace   ] GC(52) Metaspace: 16486K(16960K)->16486K(16960K) NonClass: 14155K(14400K)->14155K(14400K) Class: 2331K(2560K)->2331K(2560K)
[51.802s][info][gc             ] GC(52) Pause Young (Normal) (G1 Evacuation Pause) 1049M->10M(2048M) 1.489ms
[51.802s][info][gc,cpu         ] GC(52) User=0.00s Sys=0.00s Real=0.00s
[51.995s][info][gc,start       ] GC(53) Pause Young (Normal) (G1 Evacuation Pause)
[51.995s][info][gc,task        ] GC(53) Using 6 workers of 6 for evacuation
[51.997s][info][gc,phases      ] GC(53)   Pre Evacuate Collection Set: 0.3ms
[51.997s][info][gc,phases      ] GC(53)   Merge Heap Roots: 0.1ms
[51.997s][info][gc,phases      ] GC(53)   Evacuate Collection Set: 0.3ms
[51.997s][info][gc,phases      ] GC(53)   Post Evacuate Collection Set: 0.5ms
[51.997s][info][gc,phases      ] GC(53)   Other: 0.1ms
[51.997s][info][gc,heap        ] GC(53) Eden regions: 1218->0(1225)
[51.997s][info][gc,heap        ] GC(53) Survivor regions: 3->3(153)
[51.997s][info][gc,heap        ] GC(53) Old regions: 8->8
[51.997s][info][gc,heap        ] GC(53) Humongous regions: 2->2
[51.997s][info][gc,metaspace   ] GC(53) Metaspace: 16486K(16960K)->16486K(16960K) NonClass: 14155K(14400K)->14155K(14400K) Class: 2331K(2560K)->2331K(2560K)
[51.997s][info][gc             ] GC(53) Pause Young (Normal) (G1 Evacuation Pause) 1228M->10M(2048M) 1.580ms
[51.997s][info][gc,cpu         ] GC(53) User=0.00s Sys=0.00s Real=0.00s
[52.664s][info][gc,start       ] GC(54) Pause Young (Normal) (G1 Evacuation Pause)
[52.664s][info][gc,task        ] GC(54) Using 6 workers of 6 for evacuation
[52.839s][info][gc,phases      ] GC(54)   Pre Evacuate Collection Set: 0.2ms
[52.839s][info][gc,phases      ] GC(54)   Merge Heap Roots: 0.2ms
[52.839s][info][gc,phases      ] GC(54)   Evacuate Collection Set: 172.8ms
[52.839s][info][gc,phases      ] GC(54)   Post Evacuate Collection Set: 1.1ms
[52.839s][info][gc,phases      ] GC(54)   Other: 0.1ms
[52.839s][info][gc,heap        ] GC(54) Eden regions: 1225->0(907)
[52.839s][info][gc,heap        ] GC(54) Survivor regions: 3->154(154)
[52.839s][info][gc,heap        ] GC(54) Old regions: 8->254
[52.839s][info][gc,heap        ] GC(54) Humongous regions: 4->4
[52.839s][info][gc,metaspace   ] GC(54) Metaspace: 16486K(16960K)->16486K(16960K) NonClass: 14155K(14400K)->14155K(14400K) Class: 2331K(2560K)->2331K(2560K)
[52.839s][info][gc             ] GC(54) Pause Young (Normal) (G1 Evacuation Pause) 1237M->409M(2048M) 174.667ms
[52.839s][info][gc,cpu         ] GC(54) User=0.97s Sys=0.00s Real=0.18s
[55.478s][info][gc,start       ] GC(55) Pause Young (Normal) (G1 Evacuation Pause)
[55.478s][info][gc,task        ] GC(55) Using 6 workers of 6 for evacuation
[55.726s][info][gc,mmu         ] GC(55) MMU target violated: 201.0ms (200.0ms/201.0ms)
[55.726s][info][gc,phases      ] GC(55)   Pre Evacuate Collection Set: 0.4ms
[55.726s][info][gc,phases      ] GC(55)   Merge Heap Roots: 1.1ms
[55.726s][info][gc,phases      ] GC(55)   Evacuate Collection Set: 244.3ms
[55.726s][info][gc,phases      ] GC(55)   Post Evacuate Collection Set: 1.7ms
[55.726s][info][gc,phases      ] GC(55)   Other: 0.2ms
[55.726s][info][gc,heap        ] GC(55) Eden regions: 907->0(475)
[55.726s][info][gc,heap        ] GC(55) Survivor regions: 154->133(133)
[55.726s][info][gc,heap        ] GC(55) Old regions: 254->641
[55.726s][info][gc,heap        ] GC(55) Humongous regions: 4->4
[55.726s][info][gc,metaspace   ] GC(55) Metaspace: 16489K(16960K)->16489K(16960K) NonClass: 14157K(14400K)->14157K(14400K) Class: 2331K(2560K)->2331K(2560K)
[55.726s][info][gc             ] GC(55) Pause Young (Normal) (G1 Evacuation Pause) 1316M->775M(2048M) 248.005ms
[55.726s][info][gc,cpu         ] GC(55) User=1.42s Sys=0.00s Real=0.25s
[56.206s][info][gc,start       ] GC(56) Pause Young (Normal) (G1 Evacuation Pause)
[56.207s][info][gc,task        ] GC(56) Using 6 workers of 6 for evacuation
[56.348s][info][gc,phases      ] GC(56)   Pre Evacuate Collection Set: 0.4ms
[56.348s][info][gc,phases      ] GC(56)   Merge Heap Roots: 2.3ms
[56.348s][info][gc,phases      ] GC(56)   Evacuate Collection Set: 137.3ms
[56.348s][info][gc,phases      ] GC(56)   Post Evacuate Collection Set: 1.7ms
[56.348s][info][gc,phases      ] GC(56)   Other: 0.1ms
[56.348s][info][gc,heap        ] GC(56) Eden regions: 191->0(546)
[56.348s][info][gc,heap        ] GC(56) Survivor regions: 133->41(41)
[56.348s][info][gc,heap        ] GC(56) Old regions: 641->827
[56.348s][info][gc,heap        ] GC(56) Humongous regions: 10->10
[56.348s][info][gc,metaspace   ] GC(56) Metaspace: 16489K(16960K)->16489K(16960K) NonClass: 14157K(14400K)->14157K(14400K) Class: 2331K(2560K)->2331K(2560K)
[56.348s][info][gc             ] GC(56) Pause Young (Normal) (G1 Evacuation Pause) 972M->874M(2048M) 142.047ms
[56.349s][info][gc,cpu         ] GC(56) User=0.77s Sys=0.00s Real=0.16s
[57.898s][info][gc,start       ] GC(57) Pause Young (Normal) (G1 Evacuation Pause)
[57.898s][info][gc,task        ] GC(57) Using 6 workers of 6 for evacuation
[57.929s][info][gc,phases      ] GC(57)   Pre Evacuate Collection Set: 0.3ms
[57.929s][info][gc,phases      ] GC(57)   Merge Heap Roots: 1.5ms
[57.929s][info][gc,phases      ] GC(57)   Evacuate Collection Set: 28.5ms
[57.929s][info][gc,phases      ] GC(57)   Post Evacuate Collection Set: 0.6ms
[57.929s][info][gc,phases      ] GC(57)   Other: 0.2ms
[57.929s][info][gc,heap        ] GC(57) Eden regions: 574->0(654)
[57.929s][info][gc,heap        ] GC(57) Survivor regions: 41->4(77)
[57.929s][info][gc,heap        ] GC(57) Old regions: 827->837
[57.929s][info][gc,heap        ] GC(57) Humongous regions: 10->10
[57.929s][info][gc,metaspace   ] GC(57) Metaspace: 16489K(16960K)->16489K(16960K) NonClass: 14157K(14400K)->14157K(14400K) Class: 2331K(2560K)->2331K(2560K)
[57.929s][info][gc             ] GC(57) Pause Young (Normal) (G1 Evacuation Pause) 1448M->847M(2048M) 31.277ms
[57.929s][info][gc,cpu         ] GC(57) User=0.11s Sys=0.00s Real=0.04s
[58.030s][info][gc,start       ] GC(58) Pause Full (System.gc())
[58.030s][info][gc,task        ] GC(58) Using 6 workers of 6 for full compaction
[58.031s][info][gc,phases,start] GC(58) Phase 1: Mark live objects
[58.033s][info][gc,phases      ] GC(58) Phase 1: Mark live objects 2.411ms
[58.033s][info][gc,phases,start] GC(58) Phase 2: Prepare compaction
[58.034s][info][gc,phases      ] GC(58) Phase 2: Prepare compaction 0.879ms
[58.034s][info][gc,phases,start] GC(58) Phase 3: Adjust pointers
[58.036s][info][gc,phases      ] GC(58) Phase 3: Adjust pointers 2.077ms
[58.036s][info][gc,phases,start] GC(58) Phase 4: Compact heap
[58.037s][info][gc,phases      ] GC(58) Phase 4: Compact heap 0.870ms
[58.037s][info][gc,phases,start] GC(58) Phase 5: Reset Metadata
[58.038s][info][gc,phases      ] GC(58) Phase 5: Reset Metadata 0.864ms
[58.044s][info][gc,heap        ] GC(58) Eden regions: 15->0(891)
[58.044s][info][gc,heap        ] GC(58) Survivor regions: 4->0(77)
[58.044s][info][gc,heap        ] GC(58) Old regions: 837->8
[58.044s][info][gc,heap        ] GC(58) Humongous regions: 10->2
[58.044s][info][gc,metaspace   ] GC(58) Metaspace: 16491K(16960K)->16491K(16960K) NonClass: 14159K(14400K)->14159K(14400K) Class: 2331K(2560K)->2331K(2560K)
[58.044s][info][gc             ] GC(58) Pause Full (System.gc()) 862M->7M(2048M) 14.028ms
[58.044s][info][gc,cpu         ] GC(58) User=0.02s Sys=0.00s Real=0.02s
[59.413s][info][gc,start       ] GC(59) Pause Young (Normal) (G1 Evacuation Pause)
[59.413s][info][gc,task        ] GC(59) Using 6 workers of 6 for evacuation
[59.414s][info][gc,phases      ] GC(59)   Pre Evacuate Collection Set: 0.3ms
[59.414s][info][gc,phases      ] GC(59)   Merge Heap Roots: 0.1ms
[59.415s][info][gc,phases      ] GC(59)   Evacuate Collection Set: 0.5ms
[59.415s][info][gc,phases      ] GC(59)   Post Evacuate Collection Set: 0.6ms
[59.415s][info][gc,phases      ] GC(59)   Other: 0.1ms
[59.415s][info][gc,heap        ] GC(59) Eden regions: 1209->0(1225)
[59.415s][info][gc,heap        ] GC(59) Survivor regions: 0->3(152)
[59.415s][info][gc,heap        ] GC(59) Old regions: 8->8
[59.415s][info][gc,heap        ] GC(59) Humongous regions: 2->2
[59.415s][info][gc,metaspace   ] GC(59) Metaspace: 16493K(16960K)->16493K(16960K) NonClass: 14162K(14400K)->14162K(14400K) Class: 2331K(2560K)->2331K(2560K)
[59.415s][info][gc             ] GC(59) Pause Young (Normal) (G1 Evacuation Pause) 1216M->9M(2048M) 1.959ms
[59.415s][info][gc,cpu         ] GC(59) User=0.00s Sys=0.00s Real=0.00s
[59.609s][info][gc,start       ] GC(60) Pause Young (Normal) (G1 Evacuation Pause)
[59.609s][info][gc,task        ] GC(60) Using 6 workers of 6 for evacuation
[59.611s][info][gc,phases      ] GC(60)   Pre Evacuate Collection Set: 0.3ms
[59.611s][info][gc,phases      ] GC(60)   Merge Heap Roots: 0.2ms
[59.611s][info][gc,phases      ] GC(60)   Evacuate Collection Set: 0.3ms
[59.611s][info][gc,phases      ] GC(60)   Post Evacuate Collection Set: 0.5ms
[59.611s][info][gc,phases      ] GC(60)   Other: 0.1ms
[59.611s][info][gc,heap        ] GC(60) Eden regions: 1225->0(1227)
[59.611s][info][gc,heap        ] GC(60) Survivor regions: 3->1(154)
[59.611s][info][gc,heap        ] GC(60) Old regions: 8->8
[59.611s][info][gc,heap        ] GC(60) Humongous regions: 2->2
[59.611s][info][gc,metaspace   ] GC(60) Metaspace: 16493K(16960K)->16493K(16960K) NonClass: 14162K(14400K)->14162K(14400K) Class: 2331K(2560K)->2331K(2560K)
[59.611s][info][gc             ] GC(60) Pause Young (Normal) (G1 Evacuation Pause) 1234M->8M(2048M) 1.633ms
[59.611s][info][gc,cpu         ] GC(60) User=0.00s Sys=0.00s Real=0.00s
[63.040s][info][gc,start       ] GC(61) Pause Young (Normal) (G1 Evacuation Pause)
[63.040s][info][gc,task        ] GC(61) Using 6 workers of 6 for evacuation
[63.234s][info][gc,phases      ] GC(61)   Pre Evacuate Collection Set: 0.4ms
[63.234s][info][gc,phases      ] GC(61)   Merge Heap Roots: 0.2ms
[63.234s][info][gc,phases      ] GC(61)   Evacuate Collection Set: 191.9ms
[63.234s][info][gc,phases      ] GC(61)   Post Evacuate Collection Set: 1.4ms
[63.234s][info][gc,phases      ] GC(61)   Other: 0.2ms
[63.234s][info][gc,heap        ] GC(61) Eden regions: 1227->0(879)
[63.234s][info][gc,heap        ] GC(61) Survivor regions: 1->154(154)
[63.234s][info][gc,heap        ] GC(61) Old regions: 8->303
[63.234s][info][gc,heap        ] GC(61) Humongous regions: 4->4
[63.234s][info][gc,metaspace   ] GC(61) Metaspace: 16495K(16960K)->16495K(16960K) NonClass: 14163K(14400K)->14163K(14400K) Class: 2331K(2560K)->2331K(2560K)
[63.234s][info][gc             ] GC(61) Pause Young (Normal) (G1 Evacuation Pause) 1237M->457M(2048M) 194.309ms
[63.235s][info][gc,cpu         ] GC(61) User=1.12s Sys=0.00s Real=0.19s
[63.810s][info][gc,start       ] GC(62) Pause Young (Normal) (G1 Evacuation Pause)
[63.810s][info][gc,task        ] GC(62) Using 6 workers of 6 for evacuation
[64.066s][info][gc,mmu         ] GC(62) MMU target violated: 201.0ms (200.0ms/201.0ms)
[64.066s][info][gc,phases      ] GC(62)   Pre Evacuate Collection Set: 0.3ms
[64.066s][info][gc,phases      ] GC(62)   Merge Heap Roots: 1.3ms
[64.066s][info][gc,phases      ] GC(62)   Evacuate Collection Set: 253.4ms
[64.066s][info][gc,phases      ] GC(62)   Post Evacuate Collection Set: 1.2ms
[64.066s][info][gc,phases      ] GC(62)   Other: 0.2ms
[64.066s][info][gc,heap        ] GC(62) Eden regions: 879->0(520)
[64.066s][info][gc,heap        ] GC(62) Survivor regions: 154->130(130)
[64.066s][info][gc,heap        ] GC(62) Old regions: 303->698
[64.066s][info][gc,heap        ] GC(62) Humongous regions: 7->7
[64.066s][info][gc,metaspace   ] GC(62) Metaspace: 16495K(16960K)->16495K(16960K) NonClass: 14163K(14400K)->14163K(14400K) Class: 2331K(2560K)->2331K(2560K)
[64.066s][info][gc             ] GC(62) Pause Young (Normal) (G1 Evacuation Pause) 1339M->831M(2048M) 256.618ms
[64.066s][info][gc,cpu         ] GC(62) User=1.48s Sys=0.00s Real=0.27s
[64.952s][info][gc,start       ] GC(63) Pause Young (Normal) (G1 Evacuation Pause)
[64.952s][info][gc,task        ] GC(63) Using 6 workers of 6 for evacuation
[65.022s][info][gc,phases      ] GC(63)   Pre Evacuate Collection Set: 0.3ms
[65.022s][info][gc,phases      ] GC(63)   Merge Heap Roots: 1.8ms
[65.022s][info][gc,phases      ] GC(63)   Evacuate Collection Set: 66.5ms
[65.022s][info][gc,phases      ] GC(63)   Post Evacuate Collection Set: 0.8ms
[65.022s][info][gc,phases      ] GC(63)   Other: 0.1ms
[65.022s][info][gc,heap        ] GC(63) Eden regions: 451->0(696)
[65.022s][info][gc,heap        ] GC(63) Survivor regions: 130->15(73)
[65.022s][info][gc,heap        ] GC(63) Old regions: 698->815
[65.022s][info][gc,heap        ] GC(63) Humongous regions: 10->10
[65.022s][info][gc,metaspace   ] GC(63) Metaspace: 16495K(16960K)->16495K(16960K) NonClass: 14163K(14400K)->14163K(14400K) Class: 2331K(2560K)->2331K(2560K)
[65.022s][info][gc             ] GC(63) Pause Young (Normal) (G1 Evacuation Pause) 1285M->836M(2048M) 69.745ms
[65.022s][info][gc,cpu         ] GC(63) User=0.39s Sys=0.00s Real=0.08s
[65.886s][info][gc,start       ] GC(64) Pause Full (System.gc())
[65.886s][info][gc,task        ] GC(64) Using 6 workers of 6 for full compaction
[65.886s][info][gc,phases,start] GC(64) Phase 1: Mark live objects
[65.889s][info][gc,phases      ] GC(64) Phase 1: Mark live objects 2.616ms
[65.889s][info][gc,phases,start] GC(64) Phase 2: Prepare compaction
[65.890s][info][gc,phases      ] GC(64) Phase 2: Prepare compaction 1.327ms
[65.890s][info][gc,phases,start] GC(64) Phase 3: Adjust pointers
[65.892s][info][gc,phases      ] GC(64) Phase 3: Adjust pointers 2.155ms
[65.892s][info][gc,phases,start] GC(64) Phase 4: Compact heap
[65.893s][info][gc,phases      ] GC(64) Phase 4: Compact heap 0.897ms
[65.893s][info][gc,phases,start] GC(64) Phase 5: Reset Metadata
[65.894s][info][gc,phases      ] GC(64) Phase 5: Reset Metadata 0.811ms
[65.900s][info][gc,heap        ] GC(64) Eden regions: 186->0(1213)
[65.900s][info][gc,heap        ] GC(64) Survivor regions: 15->0(73)
[65.900s][info][gc,heap        ] GC(64) Old regions: 815->8
[65.900s][info][gc,heap        ] GC(64) Humongous regions: 10->2
[65.900s][info][gc,metaspace   ] GC(64) Metaspace: 16495K(16960K)->16495K(16960K) NonClass: 14163K(14400K)->14163K(14400K) Class: 2331K(2560K)->2331K(2560K)
[65.900s][info][gc             ] GC(64) Pause Full (System.gc()) 1022M->7M(2048M) 14.060ms
[65.900s][info][gc,cpu         ] GC(64) User=0.00s Sys=0.00s Real=0.01s
[67.129s][info][gc,start       ] GC(65) Pause Young (Normal) (G1 Evacuation Pause)
[67.130s][info][gc,task        ] GC(65) Using 6 workers of 6 for evacuation
[67.131s][info][gc,phases      ] GC(65)   Pre Evacuate Collection Set: 0.3ms
[67.131s][info][gc,phases      ] GC(65)   Merge Heap Roots: 0.2ms
[67.131s][info][gc,phases      ] GC(65)   Evacuate Collection Set: 0.4ms
[67.131s][info][gc,phases      ] GC(65)   Post Evacuate Collection Set: 0.6ms
[67.131s][info][gc,phases      ] GC(65)   Other: 0.1ms
[67.131s][info][gc,heap        ] GC(65) Eden regions: 1228->0(1225)
[67.131s][info][gc,heap        ] GC(65) Survivor regions: 0->3(154)
[67.131s][info][gc,heap        ] GC(65) Old regions: 8->8
[67.131s][info][gc,heap        ] GC(65) Humongous regions: 2->2
[67.131s][info][gc,metaspace   ] GC(65) Metaspace: 16495K(16960K)->16495K(16960K) NonClass: 14164K(14400K)->14164K(14400K) Class: 2331K(2560K)->2331K(2560K)
[67.131s][info][gc             ] GC(65) Pause Young (Normal) (G1 Evacuation Pause) 1235M->10M(2048M) 1.732ms
[67.131s][info][gc,cpu         ] GC(65) User=0.00s Sys=0.00s Real=0.00s
[67.324s][info][gc,start       ] GC(66) Pause Young (Normal) (G1 Evacuation Pause)
[67.324s][info][gc,task        ] GC(66) Using 6 workers of 6 for evacuation
[67.325s][info][gc,phases      ] GC(66)   Pre Evacuate Collection Set: 0.3ms
[67.325s][info][gc,phases      ] GC(66)   Merge Heap Roots: 0.2ms
[67.325s][info][gc,phases      ] GC(66)   Evacuate Collection Set: 0.3ms
[67.325s][info][gc,phases      ] GC(66)   Post Evacuate Collection Set: 0.5ms
[67.325s][info][gc,phases      ] GC(66)   Other: 0.1ms
[67.325s][info][gc,heap        ] GC(66) Eden regions: 1225->0(1226)
[67.325s][info][gc,heap        ] GC(66) Survivor regions: 3->2(154)
[67.325s][info][gc,heap        ] GC(66) Old regions: 8->8
[67.325s][info][gc,heap        ] GC(66) Humongous regions: 2->2
[67.325s][info][gc,metaspace   ] GC(66) Metaspace: 16495K(16960K)->16495K(16960K) NonClass: 14164K(14400K)->14164K(14400K) Class: 2331K(2560K)->2331K(2560K)
[67.325s][info][gc             ] GC(66) Pause Young (Normal) (G1 Evacuation Pause) 1235M->9M(2048M) 1.591ms
[67.325s][info][gc,cpu         ] GC(66) User=0.00s Sys=0.00s Real=0.00s
[70.129s][info][gc,start       ] GC(67) Pause Young (Normal) (G1 Evacuation Pause)
[70.129s][info][gc,task        ] GC(67) Using 6 workers of 6 for evacuation
[70.328s][info][gc,phases      ] GC(67)   Pre Evacuate Collection Set: 0.4ms
[70.328s][info][gc,phases      ] GC(67)   Merge Heap Roots: 0.2ms
[70.328s][info][gc,phases      ] GC(67)   Evacuate Collection Set: 197.3ms
[70.328s][info][gc,phases      ] GC(67)   Post Evacuate Collection Set: 1.4ms
[70.328s][info][gc,phases      ] GC(67)   Other: 0.2ms
[70.328s][info][gc,heap        ] GC(67) Eden regions: 1226->0(882)
[70.328s][info][gc,heap        ] GC(67) Survivor regions: 2->154(154)
[70.328s][info][gc,heap        ] GC(67) Old regions: 8->312
[70.328s][info][gc,heap        ] GC(67) Humongous regions: 4->4
[70.328s][info][gc,metaspace   ] GC(67) Metaspace: 16495K(16960K)->16495K(16960K) NonClass: 14164K(14400K)->14164K(14400K) Class: 2331K(2560K)->2331K(2560K)
[70.328s][info][gc             ] GC(67) Pause Young (Normal) (G1 Evacuation Pause) 1237M->466M(2048M) 199.733ms
[70.328s][info][gc,cpu         ] GC(67) User=1.11s Sys=0.00s Real=0.19s
[70.895s][info][gc,start       ] GC(68) Pause Young (Normal) (G1 Evacuation Pause)
[70.896s][info][gc,task        ] GC(68) Using 6 workers of 6 for evacuation
[71.155s][info][gc,mmu         ] GC(68) MMU target violated: 201.0ms (200.0ms/201.0ms)
[71.155s][info][gc,phases      ] GC(68)   Pre Evacuate Collection Set: 0.6ms
[71.155s][info][gc,phases      ] GC(68)   Merge Heap Roots: 1.3ms
[71.155s][info][gc,phases      ] GC(68)   Evacuate Collection Set: 256.0ms
[71.155s][info][gc,phases      ] GC(68)   Post Evacuate Collection Set: 1.2ms
[71.155s][info][gc,phases      ] GC(68)   Other: 0.2ms
[71.155s][info][gc,heap        ] GC(68) Eden regions: 862->0(533)
[71.155s][info][gc,heap        ] GC(68) Survivor regions: 154->127(127)
[71.155s][info][gc,heap        ] GC(68) Old regions: 312->703
[71.155s][info][gc,heap        ] GC(68) Humongous regions: 7->7
[71.155s][info][gc,metaspace   ] GC(68) Metaspace: 16495K(16960K)->16495K(16960K) NonClass: 14164K(14400K)->14164K(14400K) Class: 2331K(2560K)->2331K(2560K)
[71.155s][info][gc             ] GC(68) Pause Young (Normal) (G1 Evacuation Pause) 1331M->834M(2048M) 259.622ms
[71.155s][info][gc,cpu         ] GC(68) User=1.50s Sys=0.00s Real=0.25s
[72.056s][info][gc,start       ] GC(69) Pause Young (Normal) (G1 Evacuation Pause)
[72.056s][info][gc,task        ] GC(69) Using 6 workers of 6 for evacuation
[72.135s][info][gc,phases      ] GC(69)   Pre Evacuate Collection Set: 0.4ms
[72.135s][info][gc,phases      ] GC(69)   Merge Heap Roots: 1.8ms
[72.135s][info][gc,phases      ] GC(69)   Evacuate Collection Set: 75.4ms
[72.135s][info][gc,phases      ] GC(69)   Post Evacuate Collection Set: 1.1ms
[72.135s][info][gc,phases      ] GC(69)   Other: 0.1ms
[72.135s][info][gc,heap        ] GC(69) Eden regions: 442->0(700)
[72.135s][info][gc,heap        ] GC(69) Survivor regions: 127->16(72)
[72.135s][info][gc,heap        ] GC(69) Old regions: 703->819
[72.135s][info][gc,heap        ] GC(69) Humongous regions: 10->10
[72.135s][info][gc,metaspace   ] GC(69) Metaspace: 16495K(16960K)->16495K(16960K) NonClass: 14164K(14400K)->14164K(14400K) Class: 2331K(2560K)->2331K(2560K)
[72.135s][info][gc             ] GC(69) Pause Young (Normal) (G1 Evacuation Pause) 1279M->841M(2048M) 79.108ms
[72.135s][info][gc,cpu         ] GC(69) User=0.39s Sys=0.00s Real=0.08s
[73.033s][info][gc,start       ] GC(70) Pause Full (System.gc())
[73.033s][info][gc,task        ] GC(70) Using 6 workers of 6 for full compaction
[73.033s][info][gc,phases,start] GC(70) Phase 1: Mark live objects
[73.036s][info][gc,phases      ] GC(70) Phase 1: Mark live objects 2.958ms
[73.036s][info][gc,phases,start] GC(70) Phase 2: Prepare compaction
[73.037s][info][gc,phases      ] GC(70) Phase 2: Prepare compaction 1.182ms
[73.037s][info][gc,phases,start] GC(70) Phase 3: Adjust pointers
[73.040s][info][gc,phases      ] GC(70) Phase 3: Adjust pointers 2.373ms
[73.040s][info][gc,phases,start] GC(70) Phase 4: Compact heap
[73.041s][info][gc,phases      ] GC(70) Phase 4: Compact heap 0.964ms
[73.041s][info][gc,phases,start] GC(70) Phase 5: Reset Metadata
[73.042s][info][gc,phases      ] GC(70) Phase 5: Reset Metadata 0.999ms
[73.048s][info][gc,heap        ] GC(70) Eden regions: 191->0(1228)
[73.048s][info][gc,heap        ] GC(70) Survivor regions: 16->0(72)
[73.048s][info][gc,heap        ] GC(70) Old regions: 819->8
[73.048s][info][gc,heap        ] GC(70) Humongous regions: 10->2
[73.048s][info][gc,metaspace   ] GC(70) Metaspace: 16496K(16960K)->16496K(16960K) NonClass: 14165K(14400K)->14165K(14400K) Class: 2331K(2560K)->2331K(2560K)
[73.048s][info][gc             ] GC(70) Pause Full (System.gc()) 1032M->7M(2048M) 15.105ms
[73.048s][info][gc,cpu         ] GC(70) User=0.05s Sys=0.00s Real=0.01s
[74.454s][info][gc,start       ] GC(71) Pause Young (Normal) (G1 Evacuation Pause)
[74.454s][info][gc,task        ] GC(71) Using 6 workers of 6 for evacuation
[74.455s][info][gc,phases      ] GC(71)   Pre Evacuate Collection Set: 0.3ms
[74.455s][info][gc,phases      ] GC(71)   Merge Heap Roots: 0.1ms
[74.455s][info][gc,phases      ] GC(71)   Evacuate Collection Set: 0.3ms
[74.455s][info][gc,phases      ] GC(71)   Post Evacuate Collection Set: 0.6ms
[74.455s][info][gc,phases      ] GC(71)   Other: 0.1ms
[74.455s][info][gc,heap        ] GC(71) Eden regions: 1228->0(1225)
[74.455s][info][gc,heap        ] GC(71) Survivor regions: 0->3(154)
[74.455s][info][gc,heap        ] GC(71) Old regions: 8->8
[74.455s][info][gc,heap        ] GC(71) Humongous regions: 2->2
[74.455s][info][gc,metaspace   ] GC(71) Metaspace: 16500K(16960K)->16500K(16960K) NonClass: 14169K(14400K)->14169K(14400K) Class: 2331K(2560K)->2331K(2560K)
[74.455s][info][gc             ] GC(71) Pause Young (Normal) (G1 Evacuation Pause) 1235M->10M(2048M) 1.788ms
[74.455s][info][gc,cpu         ] GC(71) User=0.00s Sys=0.00s Real=0.00s
[74.647s][info][gc,start       ] GC(72) Pause Young (Normal) (G1 Evacuation Pause)
[74.647s][info][gc,task        ] GC(72) Using 6 workers of 6 for evacuation
[74.648s][info][gc,phases      ] GC(72)   Pre Evacuate Collection Set: 0.3ms
[74.648s][info][gc,phases      ] GC(72)   Merge Heap Roots: 0.2ms
[74.648s][info][gc,phases      ] GC(72)   Evacuate Collection Set: 0.3ms
[74.648s][info][gc,phases      ] GC(72)   Post Evacuate Collection Set: 0.6ms
[74.648s][info][gc,phases      ] GC(72)   Other: 0.1ms
[74.648s][info][gc,heap        ] GC(72) Eden regions: 1225->0(1226)
[74.648s][info][gc,heap        ] GC(72) Survivor regions: 3->2(154)
[74.648s][info][gc,heap        ] GC(72) Old regions: 8->8
[74.648s][info][gc,heap        ] GC(72) Humongous regions: 2->2
[74.648s][info][gc,metaspace   ] GC(72) Metaspace: 16500K(16960K)->16500K(16960K) NonClass: 14169K(14400K)->14169K(14400K) Class: 2331K(2560K)->2331K(2560K)
[74.648s][info][gc             ] GC(72) Pause Young (Normal) (G1 Evacuation Pause) 1235M->9M(2048M) 1.759ms
[74.648s][info][gc,cpu         ] GC(72) User=0.00s Sys=0.00s Real=0.00s
[78.767s][info][gc,start       ] GC(73) Pause Young (Normal) (G1 Evacuation Pause)
[78.767s][info][gc,task        ] GC(73) Using 6 workers of 6 for evacuation
[78.967s][info][gc,phases      ] GC(73)   Pre Evacuate Collection Set: 0.3ms
[78.967s][info][gc,phases      ] GC(73)   Merge Heap Roots: 0.3ms
[78.967s][info][gc,phases      ] GC(73)   Evacuate Collection Set: 197.2ms
[78.967s][info][gc,phases      ] GC(73)   Post Evacuate Collection Set: 1.4ms
[78.967s][info][gc,phases      ] GC(73)   Other: 0.2ms
[78.967s][info][gc,heap        ] GC(73) Eden regions: 1226->0(886)
[78.967s][info][gc,heap        ] GC(73) Survivor regions: 2->154(154)
[78.967s][info][gc,heap        ] GC(73) Old regions: 8->312
[78.967s][info][gc,heap        ] GC(73) Humongous regions: 4->4
[78.967s][info][gc,metaspace   ] GC(73) Metaspace: 16500K(16960K)->16500K(16960K) NonClass: 14169K(14400K)->14169K(14400K) Class: 2331K(2560K)->2331K(2560K)
[78.967s][info][gc             ] GC(73) Pause Young (Normal) (G1 Evacuation Pause) 1237M->466M(2048M) 199.604ms
[78.967s][info][gc,cpu         ] GC(73) User=1.16s Sys=0.00s Real=0.20s
[79.564s][info][gc,start       ] GC(74) Pause Young (Normal) (G1 Evacuation Pause)
[79.564s][info][gc,task        ] GC(74) Using 6 workers of 6 for evacuation
[79.833s][info][gc,mmu         ] GC(74) MMU target violated: 201.0ms (200.0ms/201.0ms)
[79.833s][info][gc,phases      ] GC(74)   Pre Evacuate Collection Set: 0.4ms
[79.833s][info][gc,phases      ] GC(74)   Merge Heap Roots: 1.4ms
[79.833s][info][gc,phases      ] GC(74)   Evacuate Collection Set: 265.2ms
[79.833s][info][gc,phases      ] GC(74)   Post Evacuate Collection Set: 1.6ms
[79.833s][info][gc,phases      ] GC(74)   Other: 0.2ms
[79.833s][info][gc,heap        ] GC(74) Eden regions: 886->0(538)
[79.833s][info][gc,heap        ] GC(74) Survivor regions: 154->130(130)
[79.833s][info][gc,heap        ] GC(74) Old regions: 312->717
[79.833s][info][gc,heap        ] GC(74) Humongous regions: 7->7
[79.833s][info][gc,metaspace   ] GC(74) Metaspace: 16500K(16960K)->16500K(16960K) NonClass: 14169K(14400K)->14169K(14400K) Class: 2331K(2560K)->2331K(2560K)
[79.833s][info][gc             ] GC(74) Pause Young (Normal) (G1 Evacuation Pause) 1355M->850M(2048M) 268.938ms
[79.833s][info][gc,cpu         ] GC(74) User=1.58s Sys=0.00s Real=0.27s
[80.725s][info][gc,start       ] GC(75) Pause Young (Normal) (G1 Evacuation Pause)
[80.725s][info][gc,task        ] GC(75) Using 6 workers of 6 for evacuation
[80.808s][info][gc,phases      ] GC(75)   Pre Evacuate Collection Set: 0.4ms
[80.808s][info][gc,phases      ] GC(75)   Merge Heap Roots: 1.6ms
[80.808s][info][gc,phases      ] GC(75)   Evacuate Collection Set: 79.5ms
[80.808s][info][gc,phases      ] GC(75)   Post Evacuate Collection Set: 1.3ms
[80.808s][info][gc,phases      ] GC(75)   Other: 0.1ms
[80.808s][info][gc,heap        ] GC(75) Eden regions: 425->0(636)
[80.808s][info][gc,heap        ] GC(75) Survivor regions: 130->9(70)
[80.808s][info][gc,heap        ] GC(75) Old regions: 717->835
[80.808s][info][gc,heap        ] GC(75) Humongous regions: 10->10
[80.808s][info][gc,metaspace   ] GC(75) Metaspace: 16500K(16960K)->16500K(16960K) NonClass: 14169K(14400K)->14169K(14400K) Class: 2331K(2560K)->2331K(2560K)
[80.808s][info][gc             ] GC(75) Pause Young (Normal) (G1 Evacuation Pause) 1278M->850M(2048M) 83.102ms
[80.808s][info][gc,cpu         ] GC(75) User=0.45s Sys=0.00s Real=0.08s
[81.692s][info][gc,start       ] GC(76) Pause Full (System.gc())
[81.692s][info][gc,task        ] GC(76) Using 6 workers of 6 for full compaction
[81.693s][info][gc,phases,start] GC(76) Phase 1: Mark live objects
[81.695s][info][gc,phases      ] GC(76) Phase 1: Mark live objects 2.532ms
[81.695s][info][gc,phases,start] GC(76) Phase 2: Prepare compaction
[81.696s][info][gc,phases      ] GC(76) Phase 2: Prepare compaction 1.367ms
[81.697s][info][gc,phases,start] GC(76) Phase 3: Adjust pointers
[81.699s][info][gc,phases      ] GC(76) Phase 3: Adjust pointers 2.052ms
[81.699s][info][gc,phases,start] GC(76) Phase 4: Compact heap
[81.700s][info][gc,phases      ] GC(76) Phase 4: Compact heap 1.084ms
[81.700s][info][gc,phases,start] GC(76) Phase 5: Reset Metadata
[81.701s][info][gc,phases      ] GC(76) Phase 5: Reset Metadata 0.779ms
[81.706s][info][gc,heap        ] GC(76) Eden regions: 183->0(797)
[81.706s][info][gc,heap        ] GC(76) Survivor regions: 9->0(70)
[81.706s][info][gc,heap        ] GC(76) Old regions: 835->8
[81.706s][info][gc,heap        ] GC(76) Humongous regions: 10->2
[81.706s][info][gc,metaspace   ] GC(76) Metaspace: 16500K(16960K)->16500K(16960K) NonClass: 14169K(14400K)->14169K(14400K) Class: 2331K(2560K)->2331K(2560K)
[81.706s][info][gc             ] GC(76) Pause Full (System.gc()) 1033M->7M(2048M) 14.311ms
[81.706s][info][gc,cpu         ] GC(76) User=0.00s Sys=0.00s Real=0.01s
[82.971s][info][gc,start       ] GC(77) Pause Young (Normal) (G1 Evacuation Pause)
[82.971s][info][gc,task        ] GC(77) Using 6 workers of 6 for evacuation
[82.973s][info][gc,phases      ] GC(77)   Pre Evacuate Collection Set: 0.3ms
[82.973s][info][gc,phases      ] GC(77)   Merge Heap Roots: 0.1ms
[82.973s][info][gc,phases      ] GC(77)   Evacuate Collection Set: 0.3ms
[82.973s][info][gc,phases      ] GC(77)   Post Evacuate Collection Set: 0.5ms
[82.973s][info][gc,phases      ] GC(77)   Other: 0.1ms
[82.973s][info][gc,heap        ] GC(77) Eden regions: 980->0(949)
[82.973s][info][gc,heap        ] GC(77) Survivor regions: 0->3(123)
[82.973s][info][gc,heap        ] GC(77) Old regions: 8->8
[82.973s][info][gc,heap        ] GC(77) Humongous regions: 2->2
[82.973s][info][gc,metaspace   ] GC(77) Metaspace: 16505K(16960K)->16505K(16960K) NonClass: 14174K(14400K)->14174K(14400K) Class: 2331K(2560K)->2331K(2560K)
[82.973s][info][gc             ] GC(77) Pause Young (Normal) (G1 Evacuation Pause) 987M->10M(2048M) 1.506ms
[82.973s][info][gc,cpu         ] GC(77) User=0.00s Sys=0.00s Real=0.00s
[83.146s][info][gc,start       ] GC(78) Pause Young (Normal) (G1 Evacuation Pause)
[83.146s][info][gc,task        ] GC(78) Using 6 workers of 6 for evacuation
[83.147s][info][gc,phases      ] GC(78)   Pre Evacuate Collection Set: 0.3ms
[83.147s][info][gc,phases      ] GC(78)   Merge Heap Roots: 0.1ms
[83.147s][info][gc,phases      ] GC(78)   Evacuate Collection Set: 0.3ms
[83.147s][info][gc,phases      ] GC(78)   Post Evacuate Collection Set: 0.5ms
[83.147s][info][gc,phases      ] GC(78)   Other: 0.1ms
[83.147s][info][gc,heap        ] GC(78) Eden regions: 1117->0(1209)
[83.147s][info][gc,heap        ] GC(78) Survivor regions: 3->2(140)
[83.147s][info][gc,heap        ] GC(78) Old regions: 8->8
[83.147s][info][gc,heap        ] GC(78) Humongous regions: 2->2
[83.147s][info][gc,metaspace   ] GC(78) Metaspace: 16505K(16960K)->16505K(16960K) NonClass: 14174K(14400K)->14174K(14400K) Class: 2331K(2560K)->2331K(2560K)
[83.147s][info][gc             ] GC(78) Pause Young (Normal) (G1 Evacuation Pause) 1127M->8M(2048M) 1.534ms
[83.147s][info][gc,cpu         ] GC(78) User=0.00s Sys=0.00s Real=0.00s
[83.658s][info][gc,start       ] GC(79) Pause Young (Normal) (G1 Evacuation Pause)
[83.658s][info][gc,task        ] GC(79) Using 6 workers of 6 for evacuation
[83.818s][info][gc,phases      ] GC(79)   Pre Evacuate Collection Set: 0.2ms
[83.818s][info][gc,phases      ] GC(79)   Merge Heap Roots: 0.2ms
[83.818s][info][gc,phases      ] GC(79)   Evacuate Collection Set: 158.1ms
[83.818s][info][gc,phases      ] GC(79)   Post Evacuate Collection Set: 1.1ms
[83.818s][info][gc,phases      ] GC(79)   Other: 0.1ms
[83.818s][info][gc,heap        ] GC(79) Eden regions: 1226->0(938)
[83.818s][info][gc,heap        ] GC(79) Survivor regions: 2->154(154)
[83.818s][info][gc,heap        ] GC(79) Old regions: 8->204
[83.818s][info][gc,heap        ] GC(79) Humongous regions: 3->3
[83.818s][info][gc,metaspace   ] GC(79) Metaspace: 16505K(16960K)->16505K(16960K) NonClass: 14174K(14400K)->14174K(14400K) Class: 2331K(2560K)->2331K(2560K)
[83.818s][info][gc             ] GC(79) Pause Young (Normal) (G1 Evacuation Pause) 1235M->358M(2048M) 159.944ms
[83.818s][info][gc,cpu         ] GC(79) User=0.91s Sys=0.00s Real=0.16s
[86.629s][info][gc,start       ] GC(80) Pause Young (Normal) (G1 Evacuation Pause)
[86.629s][info][gc,task        ] GC(80) Using 6 workers of 6 for evacuation
[86.873s][info][gc,mmu         ] GC(80) MMU target violated: 201.0ms (200.0ms/201.0ms)
[86.873s][info][gc,phases      ] GC(80)   Pre Evacuate Collection Set: 0.4ms
[86.873s][info][gc,phases      ] GC(80)   Merge Heap Roots: 1.3ms
[86.873s][info][gc,phases      ] GC(80)   Evacuate Collection Set: 239.4ms
[86.873s][info][gc,phases      ] GC(80)   Post Evacuate Collection Set: 2.0ms
[86.873s][info][gc,phases      ] GC(80)   Other: 0.2ms
[86.873s][info][gc,heap        ] GC(80) Eden regions: 844->0(481)
[86.873s][info][gc,heap        ] GC(80) Survivor regions: 154->125(125)
[86.873s][info][gc,heap        ] GC(80) Old regions: 204->566
[86.873s][info][gc,heap        ] GC(80) Humongous regions: 4->4
[86.873s][info][gc,metaspace   ] GC(80) Metaspace: 16506K(16960K)->16506K(16960K) NonClass: 14175K(14400K)->14175K(14400K) Class: 2331K(2560K)->2331K(2560K)
[86.873s][info][gc             ] GC(80) Pause Young (Normal) (G1 Evacuation Pause) 1203M->692M(2048M) 243.492ms
[86.873s][info][gc,cpu         ] GC(80) User=1.42s Sys=0.00s Real=0.25s
[87.156s][info][gc,start       ] GC(81) Pause Young (Normal) (G1 Evacuation Pause)
[87.156s][info][gc,task        ] GC(81) Using 6 workers of 6 for evacuation
[87.306s][info][gc,phases      ] GC(81)   Pre Evacuate Collection Set: 0.3ms
[87.306s][info][gc,phases      ] GC(81)   Merge Heap Roots: 1.6ms
[87.306s][info][gc,phases      ] GC(81)   Evacuate Collection Set: 147.0ms
[87.306s][info][gc,phases      ] GC(81)   Post Evacuate Collection Set: 0.9ms
[87.306s][info][gc,phases      ] GC(81)   Other: 0.1ms
[87.306s][info][gc,heap        ] GC(81) Eden regions: 353->0(591)
[87.306s][info][gc,heap        ] GC(81) Survivor regions: 125->60(60)
[87.306s][info][gc,heap        ] GC(81) Old regions: 566->781
[87.306s][info][gc,heap        ] GC(81) Humongous regions: 7->7
[87.306s][info][gc,metaspace   ] GC(81) Metaspace: 16506K(16960K)->16506K(16960K) NonClass: 14175K(14400K)->14175K(14400K) Class: 2331K(2560K)->2331K(2560K)
[87.306s][info][gc             ] GC(81) Pause Young (Normal) (G1 Evacuation Pause) 1048M->845M(2048M) 150.135ms
[87.306s][info][gc,cpu         ] GC(81) User=0.84s Sys=0.00s Real=0.14s
[88.606s][info][gc,start       ] GC(82) Pause Young (Normal) (G1 Evacuation Pause)
[88.606s][info][gc,task        ] GC(82) Using 6 workers of 6 for evacuation
[88.653s][info][gc,phases      ] GC(82)   Pre Evacuate Collection Set: 0.3ms
[88.653s][info][gc,phases      ] GC(82)   Merge Heap Roots: 2.0ms
[88.653s][info][gc,phases      ] GC(82)   Evacuate Collection Set: 44.4ms
[88.653s][info][gc,phases      ] GC(82)   Post Evacuate Collection Set: 0.6ms
[88.653s][info][gc,phases      ] GC(82)   Other: 0.1ms
[88.653s][info][gc,heap        ] GC(82) Eden regions: 578->0(669)
[88.653s][info][gc,heap        ] GC(82) Survivor regions: 60->7(80)
[88.653s][info][gc,heap        ] GC(82) Old regions: 781->834
[88.653s][info][gc,heap        ] GC(82) Humongous regions: 10->10
[88.653s][info][gc,metaspace   ] GC(82) Metaspace: 16506K(16960K)->16506K(16960K) NonClass: 14175K(14400K)->14175K(14400K) Class: 2331K(2560K)->2331K(2560K)
[88.653s][info][gc             ] GC(82) Pause Young (Normal) (G1 Evacuation Pause) 1426M->847M(2048M) 47.728ms
[88.653s][info][gc,cpu         ] GC(82) User=0.14s Sys=0.00s Real=0.05s
[89.202s][info][gc,start       ] GC(83) Pause Full (System.gc())
[89.202s][info][gc,task        ] GC(83) Using 6 workers of 6 for full compaction
[89.202s][info][gc,phases,start] GC(83) Phase 1: Mark live objects
[89.205s][info][gc,phases      ] GC(83) Phase 1: Mark live objects 2.903ms
[89.205s][info][gc,phases,start] GC(83) Phase 2: Prepare compaction
[89.206s][info][gc,phases      ] GC(83) Phase 2: Prepare compaction 1.136ms
[89.206s][info][gc,phases,start] GC(83) Phase 3: Adjust pointers
[89.208s][info][gc,phases      ] GC(83) Phase 3: Adjust pointers 2.195ms
[89.209s][info][gc,phases,start] GC(83) Phase 4: Compact heap
[89.210s][info][gc,phases      ] GC(83) Phase 4: Compact heap 1.053ms
[89.210s][info][gc,phases,start] GC(83) Phase 5: Reset Metadata
[89.211s][info][gc,phases      ] GC(83) Phase 5: Reset Metadata 0.922ms
[89.216s][info][gc,heap        ] GC(83) Eden regions: 75->0(1016)
[89.216s][info][gc,heap        ] GC(83) Survivor regions: 7->0(80)
[89.216s][info][gc,heap        ] GC(83) Old regions: 834->8
[89.216s][info][gc,heap        ] GC(83) Humongous regions: 10->2
[89.216s][info][gc,metaspace   ] GC(83) Metaspace: 16507K(16960K)->16507K(16960K) NonClass: 14175K(14400K)->14175K(14400K) Class: 2331K(2560K)->2331K(2560K)
[89.216s][info][gc             ] GC(83) Pause Full (System.gc()) 922M->7M(2048M) 14.411ms
[89.216s][info][gc,cpu         ] GC(83) User=0.00s Sys=0.00s Real=0.01s
[90.664s][info][gc,start       ] GC(84) Pause Young (Normal) (G1 Evacuation Pause)
[90.664s][info][gc,task        ] GC(84) Using 6 workers of 6 for evacuation
[90.666s][info][gc,phases      ] GC(84)   Pre Evacuate Collection Set: 0.3ms
[90.666s][info][gc,phases      ] GC(84)   Merge Heap Roots: 0.1ms
[90.666s][info][gc,phases      ] GC(84)   Evacuate Collection Set: 0.3ms
[90.666s][info][gc,phases      ] GC(84)   Post Evacuate Collection Set: 0.6ms
[90.666s][info][gc,phases      ] GC(84)   Other: 0.1ms
[90.666s][info][gc,heap        ] GC(84) Eden regions: 1179->0(1225)
[90.666s][info][gc,heap        ] GC(84) Survivor regions: 0->3(148)
[90.666s][info][gc,heap        ] GC(84) Old regions: 8->8
[90.666s][info][gc,heap        ] GC(84) Humongous regions: 2->2
[90.666s][info][gc,metaspace   ] GC(84) Metaspace: 16507K(16960K)->16507K(16960K) NonClass: 14175K(14400K)->14175K(14400K) Class: 2331K(2560K)->2331K(2560K)
[90.666s][info][gc             ] GC(84) Pause Young (Normal) (G1 Evacuation Pause) 1186M->10M(2048M) 1.675ms
[90.666s][info][gc,cpu         ] GC(84) User=0.00s Sys=0.00s Real=0.00s
[90.855s][info][gc,start       ] GC(85) Pause Young (Normal) (G1 Evacuation Pause)
[90.855s][info][gc,task        ] GC(85) Using 6 workers of 6 for evacuation
[90.857s][info][gc,phases      ] GC(85)   Pre Evacuate Collection Set: 0.3ms
[90.857s][info][gc,phases      ] GC(85)   Merge Heap Roots: 0.2ms
[90.857s][info][gc,phases      ] GC(85)   Evacuate Collection Set: 0.3ms
[90.857s][info][gc,phases      ] GC(85)   Post Evacuate Collection Set: 0.5ms
[90.857s][info][gc,phases      ] GC(85)   Other: 0.2ms
[90.857s][info][gc,heap        ] GC(85) Eden regions: 1225->0(1227)
[90.857s][info][gc,heap        ] GC(85) Survivor regions: 3->1(154)
[90.857s][info][gc,heap        ] GC(85) Old regions: 8->8
[90.857s][info][gc,heap        ] GC(85) Humongous regions: 2->2
[90.857s][info][gc,metaspace   ] GC(85) Metaspace: 16507K(16960K)->16507K(16960K) NonClass: 14175K(14400K)->14175K(14400K) Class: 2331K(2560K)->2331K(2560K)
[90.857s][info][gc             ] GC(85) Pause Young (Normal) (G1 Evacuation Pause) 1235M->8M(2048M) 1.847ms
[90.857s][info][gc,cpu         ] GC(85) User=0.00s Sys=0.00s Real=0.01s
[94.564s][info][gc,start       ] GC(86) Pause Young (Normal) (G1 Evacuation Pause)
[94.565s][info][gc,task        ] GC(86) Using 6 workers of 6 for evacuation
[94.752s][info][gc,phases      ] GC(86)   Pre Evacuate Collection Set: 0.4ms
[94.752s][info][gc,phases      ] GC(86)   Merge Heap Roots: 0.2ms
[94.752s][info][gc,phases      ] GC(86)   Evacuate Collection Set: 185.4ms
[94.752s][info][gc,phases      ] GC(86)   Post Evacuate Collection Set: 1.5ms
[94.752s][info][gc,phases      ] GC(86)   Other: 0.2ms
[94.752s][info][gc,heap        ] GC(86) Eden regions: 1227->0(899)
[94.752s][info][gc,heap        ] GC(86) Survivor regions: 1->154(154)
[94.752s][info][gc,heap        ] GC(86) Old regions: 8->290
[94.752s][info][gc,heap        ] GC(86) Humongous regions: 4->4
[94.752s][info][gc,metaspace   ] GC(86) Metaspace: 16507K(16960K)->16507K(16960K) NonClass: 14175K(14400K)->14175K(14400K) Class: 2331K(2560K)->2331K(2560K)
[94.752s][info][gc             ] GC(86) Pause Young (Normal) (G1 Evacuation Pause) 1237M->445M(2048M) 187.940ms
[94.752s][info][gc,cpu         ] GC(86) User=1.05s Sys=0.00s Real=0.19s
[95.317s][info][gc,start       ] GC(87) Pause Young (Normal) (G1 Evacuation Pause)
[95.317s][info][gc,task        ] GC(87) Using 6 workers of 6 for evacuation
[95.586s][info][gc,mmu         ] GC(87) MMU target violated: 201.0ms (200.0ms/201.0ms)
[95.586s][info][gc,phases      ] GC(87)   Pre Evacuate Collection Set: 0.3ms
[95.586s][info][gc,phases      ] GC(87)   Merge Heap Roots: 1.3ms
[95.586s][info][gc,phases      ] GC(87)   Evacuate Collection Set: 265.8ms
[95.586s][info][gc,phases      ] GC(87)   Post Evacuate Collection Set: 1.4ms
[95.586s][info][gc,phases      ] GC(87)   Other: 0.2ms
[95.586s][info][gc,heap        ] GC(87) Eden regions: 899->0(508)
[95.586s][info][gc,heap        ] GC(87) Survivor regions: 154->132(132)
[95.586s][info][gc,heap        ] GC(87) Old regions: 290->689
[95.586s][info][gc,heap        ] GC(87) Humongous regions: 7->7
[95.586s][info][gc,metaspace   ] GC(87) Metaspace: 16507K(16960K)->16507K(16960K) NonClass: 14175K(14400K)->14175K(14400K) Class: 2331K(2560K)->2331K(2560K)
[95.586s][info][gc             ] GC(87) Pause Young (Normal) (G1 Evacuation Pause) 1347M->825M(2048M) 269.214ms
[95.586s][info][gc,cpu         ] GC(87) User=1.56s Sys=0.00s Real=0.27s
[96.437s][info][gc,start       ] GC(88) Pause Young (Normal) (G1 Evacuation Pause)
[96.437s][info][gc,task        ] GC(88) Using 6 workers of 6 for evacuation
[96.511s][info][gc,phases      ] GC(88)   Pre Evacuate Collection Set: 0.4ms
[96.511s][info][gc,phases      ] GC(88)   Merge Heap Roots: 1.9ms
[96.511s][info][gc,phases      ] GC(88)   Evacuate Collection Set: 70.6ms
[96.511s][info][gc,phases      ] GC(88)   Post Evacuate Collection Set: 0.9ms
[96.511s][info][gc,phases      ] GC(88)   Other: 0.1ms
[96.511s][info][gc,heap        ] GC(88) Eden regions: 428->0(697)
[96.511s][info][gc,heap        ] GC(88) Survivor regions: 132->18(70)
[96.511s][info][gc,heap        ] GC(88) Old regions: 689->812
[96.511s][info][gc,heap        ] GC(88) Humongous regions: 10->10
[96.511s][info][gc,metaspace   ] GC(88) Metaspace: 16507K(16960K)->16507K(16960K) NonClass: 14175K(14400K)->14175K(14400K) Class: 2331K(2560K)->2331K(2560K)
[96.511s][info][gc             ] GC(88) Pause Young (Normal) (G1 Evacuation Pause) 1256M->836M(2048M) 74.182ms
[96.511s][info][gc,cpu         ] GC(88) User=0.39s Sys=0.00s Real=0.08s
[97.456s][info][gc,start       ] GC(89) Pause Full (System.gc())
[97.456s][info][gc,task        ] GC(89) Using 6 workers of 6 for full compaction
[97.456s][info][gc,phases,start] GC(89) Phase 1: Mark live objects
[97.459s][info][gc,phases      ] GC(89) Phase 1: Mark live objects 2.942ms
[97.459s][info][gc,phases,start] GC(89) Phase 2: Prepare compaction
[97.460s][info][gc,phases      ] GC(89) Phase 2: Prepare compaction 1.216ms
[97.460s][info][gc,phases,start] GC(89) Phase 3: Adjust pointers
[97.463s][info][gc,phases      ] GC(89) Phase 3: Adjust pointers 2.416ms
[97.463s][info][gc,phases,start] GC(89) Phase 4: Compact heap
[97.464s][info][gc,phases      ] GC(89) Phase 4: Compact heap 0.904ms
[97.464s][info][gc,phases,start] GC(89) Phase 5: Reset Metadata
[97.465s][info][gc,phases      ] GC(89) Phase 5: Reset Metadata 0.775ms
[97.470s][info][gc,heap        ] GC(89) Eden regions: 217->0(1181)
[97.470s][info][gc,heap        ] GC(89) Survivor regions: 18->0(70)
[97.470s][info][gc,heap        ] GC(89) Old regions: 812->8
[97.470s][info][gc,heap        ] GC(89) Humongous regions: 10->2
[97.470s][info][gc,metaspace   ] GC(89) Metaspace: 16507K(16960K)->16507K(16960K) NonClass: 14175K(14400K)->14175K(14400K) Class: 2331K(2560K)->2331K(2560K)
[97.470s][info][gc             ] GC(89) Pause Full (System.gc()) 1052M->7M(2048M) 14.646ms
[97.471s][info][gc,cpu         ] GC(89) User=0.02s Sys=0.00s Real=0.02s
[98.827s][info][gc,start       ] GC(90) Pause Young (Normal) (G1 Evacuation Pause)
[98.827s][info][gc,task        ] GC(90) Using 6 workers of 6 for evacuation
[98.828s][info][gc,phases      ] GC(90)   Pre Evacuate Collection Set: 0.3ms
[98.829s][info][gc,phases      ] GC(90)   Merge Heap Roots: 0.2ms
[98.829s][info][gc,phases      ] GC(90)   Evacuate Collection Set: 0.5ms
[98.829s][info][gc,phases      ] GC(90)   Post Evacuate Collection Set: 0.6ms
[98.829s][info][gc,phases      ] GC(90)   Other: 0.1ms
[98.829s][info][gc,heap        ] GC(90) Eden regions: 1228->0(1225)
[98.829s][info][gc,heap        ] GC(90) Survivor regions: 0->3(154)
[98.829s][info][gc,heap        ] GC(90) Old regions: 8->8
[98.829s][info][gc,heap        ] GC(90) Humongous regions: 2->2
[98.829s][info][gc,metaspace   ] GC(90) Metaspace: 16509K(16960K)->16509K(16960K) NonClass: 14178K(14400K)->14178K(14400K) Class: 2331K(2560K)->2331K(2560K)
[98.829s][info][gc             ] GC(90) Pause Young (Normal) (G1 Evacuation Pause) 1235M->9M(2048M) 1.961ms
[98.829s][info][gc,cpu         ] GC(90) User=0.00s Sys=0.00s Real=0.00s
[99.022s][info][gc,start       ] GC(91) Pause Young (Normal) (G1 Evacuation Pause)
[99.022s][info][gc,task        ] GC(91) Using 6 workers of 6 for evacuation
[99.024s][info][gc,phases      ] GC(91)   Pre Evacuate Collection Set: 0.3ms
[99.024s][info][gc,phases      ] GC(91)   Merge Heap Roots: 0.2ms
[99.024s][info][gc,phases      ] GC(91)   Evacuate Collection Set: 0.3ms
[99.024s][info][gc,phases      ] GC(91)   Post Evacuate Collection Set: 0.5ms
[99.024s][info][gc,phases      ] GC(91)   Other: 0.1ms
[99.024s][info][gc,heap        ] GC(91) Eden regions: 1225->0(1226)
[99.024s][info][gc,heap        ] GC(91) Survivor regions: 3->2(154)
[99.024s][info][gc,heap        ] GC(91) Old regions: 8->8
[99.024s][info][gc,heap        ] GC(91) Humongous regions: 2->2
[99.024s][info][gc,metaspace   ] GC(91) Metaspace: 16509K(16960K)->16509K(16960K) NonClass: 14178K(14400K)->14178K(14400K) Class: 2331K(2560K)->2331K(2560K)
[99.024s][info][gc             ] GC(91) Pause Young (Normal) (G1 Evacuation Pause) 1234M->9M(2048M) 1.601ms
[99.024s][info][gc,cpu         ] GC(91) User=0.00s Sys=0.00s Real=0.00s
[101.749s][info][gc,start       ] GC(92) Pause Young (Normal) (G1 Evacuation Pause)
[101.749s][info][gc,task        ] GC(92) Using 6 workers of 6 for evacuation
[101.948s][info][gc,phases      ] GC(92)   Pre Evacuate Collection Set: 0.4ms
[101.948s][info][gc,phases      ] GC(92)   Merge Heap Roots: 0.3ms
[101.948s][info][gc,phases      ] GC(92)   Evacuate Collection Set: 196.9ms
[101.948s][info][gc,phases      ] GC(92)   Post Evacuate Collection Set: 1.5ms
[101.948s][info][gc,phases      ] GC(92)   Other: 0.2ms
[101.948s][info][gc,heap        ] GC(92) Eden regions: 1226->0(883)
[101.948s][info][gc,heap        ] GC(92) Survivor regions: 2->154(154)
[101.948s][info][gc,heap        ] GC(92) Old regions: 8->312
[101.948s][info][gc,heap        ] GC(92) Humongous regions: 4->4
[101.948s][info][gc,metaspace   ] GC(92) Metaspace: 16510K(16960K)->16510K(16960K) NonClass: 14179K(14400K)->14179K(14400K) Class: 2331K(2560K)->2331K(2560K)
[101.949s][info][gc             ] GC(92) Pause Young (Normal) (G1 Evacuation Pause) 1237M->466M(2048M) 199.598ms
[101.949s][info][gc,cpu         ] GC(92) User=1.08s Sys=0.00s Real=0.20s
[102.496s][info][gc,start       ] GC(93) Pause Young (Normal) (G1 Evacuation Pause)
[102.496s][info][gc,task        ] GC(93) Using 6 workers of 6 for evacuation
[102.749s][info][gc,mmu         ] GC(93) MMU target violated: 201.0ms (200.0ms/201.0ms)
[102.749s][info][gc,phases      ] GC(93)   Pre Evacuate Collection Set: 0.4ms
[102.749s][info][gc,phases      ] GC(93)   Merge Heap Roots: 1.5ms
[102.749s][info][gc,phases      ] GC(93)   Evacuate Collection Set: 250.1ms
[102.749s][info][gc,phases      ] GC(93)   Post Evacuate Collection Set: 1.2ms
[102.749s][info][gc,phases      ] GC(93)   Other: 0.2ms
[102.749s][info][gc,heap        ] GC(93) Eden regions: 845->0(532)
[102.749s][info][gc,heap        ] GC(93) Survivor regions: 154->125(125)
[102.749s][info][gc,heap        ] GC(93) Old regions: 312->694
[102.749s][info][gc,heap        ] GC(93) Humongous regions: 7->7
[102.749s][info][gc,metaspace   ] GC(93) Metaspace: 16510K(16960K)->16510K(16960K) NonClass: 14179K(14400K)->14179K(14400K) Class: 2331K(2560K)->2331K(2560K)
[102.749s][info][gc             ] GC(93) Pause Young (Normal) (G1 Evacuation Pause) 1314M->822M(2048M) 253.480ms
[102.749s][info][gc,cpu         ] GC(93) User=1.47s Sys=0.00s Real=0.25s
[103.621s][info][gc,start       ] GC(94) Pause Young (Normal) (G1 Evacuation Pause)
[103.621s][info][gc,task        ] GC(94) Using 6 workers of 6 for evacuation
[103.692s][info][gc,phases      ] GC(94)   Pre Evacuate Collection Set: 0.4ms
[103.693s][info][gc,phases      ] GC(94)   Merge Heap Roots: 1.8ms
[103.693s][info][gc,phases      ] GC(94)   Evacuate Collection Set: 67.8ms
[103.693s][info][gc,phases      ] GC(94)   Post Evacuate Collection Set: 0.8ms
[103.693s][info][gc,phases      ] GC(94)   Other: 0.1ms
[103.693s][info][gc,heap        ] GC(94) Eden regions: 445->0(704)
[103.693s][info][gc,heap        ] GC(94) Survivor regions: 125->17(72)
[103.693s][info][gc,heap        ] GC(94) Old regions: 694->814
[103.693s][info][gc,heap        ] GC(94) Humongous regions: 10->10
[103.693s][info][gc,metaspace   ] GC(94) Metaspace: 16510K(16960K)->16510K(16960K) NonClass: 14179K(14400K)->14179K(14400K) Class: 2331K(2560K)->2331K(2560K)
[103.693s][info][gc             ] GC(94) Pause Young (Normal) (G1 Evacuation Pause) 1270M->837M(2048M) 71.272ms
[103.693s][info][gc,cpu         ] GC(94) User=0.39s Sys=0.00s Real=0.07s
[104.604s][info][gc,start       ] GC(95) Pause Full (System.gc())
[104.604s][info][gc,task        ] GC(95) Using 6 workers of 6 for full compaction
[104.604s][info][gc,phases,start] GC(95) Phase 1: Mark live objects
[104.607s][info][gc,phases      ] GC(95) Phase 1: Mark live objects 2.629ms
[104.607s][info][gc,phases,start] GC(95) Phase 2: Prepare compaction
[104.608s][info][gc,phases      ] GC(95) Phase 2: Prepare compaction 1.213ms
[104.608s][info][gc,phases,start] GC(95) Phase 3: Adjust pointers
[104.610s][info][gc,phases      ] GC(95) Phase 3: Adjust pointers 2.209ms
[104.610s][info][gc,phases,start] GC(95) Phase 4: Compact heap
[104.611s][info][gc,phases      ] GC(95) Phase 4: Compact heap 0.938ms
[104.611s][info][gc,phases,start] GC(95) Phase 5: Reset Metadata
[104.612s][info][gc,phases      ] GC(95) Phase 5: Reset Metadata 0.724ms
[104.618s][info][gc,heap        ] GC(95) Eden regions: 205->0(1188)
[104.618s][info][gc,heap        ] GC(95) Survivor regions: 17->0(72)
[104.618s][info][gc,heap        ] GC(95) Old regions: 814->8
[104.618s][info][gc,heap        ] GC(95) Humongous regions: 10->2
[104.618s][info][gc,metaspace   ] GC(95) Metaspace: 16511K(16960K)->16511K(16960K) NonClass: 14180K(14400K)->14180K(14400K) Class: 2331K(2560K)->2331K(2560K)
[104.618s][info][gc             ] GC(95) Pause Full (System.gc()) 1041M->7M(2048M) 14.123ms
[104.618s][info][gc,cpu         ] GC(95) User=0.00s Sys=0.00s Real=0.02s
[106.019s][info][gc,start       ] GC(96) Pause Young (Normal) (G1 Evacuation Pause)
[106.019s][info][gc,task        ] GC(96) Using 6 workers of 6 for evacuation
[106.020s][info][gc,phases      ] GC(96)   Pre Evacuate Collection Set: 0.3ms
[106.021s][info][gc,phases      ] GC(96)   Merge Heap Roots: 0.1ms
[106.021s][info][gc,phases      ] GC(96)   Evacuate Collection Set: 0.3ms
[106.021s][info][gc,phases      ] GC(96)   Post Evacuate Collection Set: 0.6ms
[106.021s][info][gc,phases      ] GC(96)   Other: 0.1ms
[106.021s][info][gc,heap        ] GC(96) Eden regions: 1228->0(1225)
[106.021s][info][gc,heap        ] GC(96) Survivor regions: 0->3(154)
[106.021s][info][gc,heap        ] GC(96) Old regions: 8->8
[106.021s][info][gc,heap        ] GC(96) Humongous regions: 2->2
[106.021s][info][gc,metaspace   ] GC(96) Metaspace: 16525K(16960K)->16525K(16960K) NonClass: 14194K(14400K)->14194K(14400K) Class: 2331K(2560K)->2331K(2560K)
[106.021s][info][gc             ] GC(96) Pause Young (Normal) (G1 Evacuation Pause) 1235M->10M(2048M) 1.746ms
[106.021s][info][gc,cpu         ] GC(96) User=0.02s Sys=0.00s Real=0.01s
[106.214s][info][gc,start       ] GC(97) Pause Young (Normal) (G1 Evacuation Pause)
[106.214s][info][gc,task        ] GC(97) Using 6 workers of 6 for evacuation
[106.216s][info][gc,phases      ] GC(97)   Pre Evacuate Collection Set: 0.3ms
[106.216s][info][gc,phases      ] GC(97)   Merge Heap Roots: 0.2ms
[106.216s][info][gc,phases      ] GC(97)   Evacuate Collection Set: 0.3ms
[106.216s][info][gc,phases      ] GC(97)   Post Evacuate Collection Set: 0.5ms
[106.216s][info][gc,phases      ] GC(97)   Other: 0.1ms
[106.216s][info][gc,heap        ] GC(97) Eden regions: 1225->0(1226)
[106.216s][info][gc,heap        ] GC(97) Survivor regions: 3->2(154)
[106.216s][info][gc,heap        ] GC(97) Old regions: 8->8
[106.216s][info][gc,heap        ] GC(97) Humongous regions: 2->2
[106.216s][info][gc,metaspace   ] GC(97) Metaspace: 16525K(16960K)->16525K(16960K) NonClass: 14194K(14400K)->14194K(14400K) Class: 2331K(2560K)->2331K(2560K)
[106.216s][info][gc             ] GC(97) Pause Young (Normal) (G1 Evacuation Pause) 1235M->9M(2048M) 1.656ms
[106.216s][info][gc,cpu         ] GC(97) User=0.00s Sys=0.00s Real=0.00s
[109.164s][info][gc,start       ] GC(98) Pause Young (Normal) (G1 Evacuation Pause)
[109.164s][info][gc,task        ] GC(98) Using 6 workers of 6 for evacuation
[109.364s][info][gc,mmu         ] GC(98) MMU target violated: 200.2ms (200.0ms/201.0ms)
[109.365s][info][gc,phases      ] GC(98)   Pre Evacuate Collection Set: 0.4ms
[109.365s][info][gc,phases      ] GC(98)   Merge Heap Roots: 0.2ms
[109.365s][info][gc,phases      ] GC(98)   Evacuate Collection Set: 197.8ms
[109.365s][info][gc,phases      ] GC(98)   Post Evacuate Collection Set: 1.7ms
[109.365s][info][gc,phases      ] GC(98)   Other: 0.2ms
[109.365s][info][gc,heap        ] GC(98) Eden regions: 1226->0(885)
[109.365s][info][gc,heap        ] GC(98) Survivor regions: 2->154(154)
[109.365s][info][gc,heap        ] GC(98) Old regions: 8->312
[109.365s][info][gc,heap        ] GC(98) Humongous regions: 4->4
[109.365s][info][gc,metaspace   ] GC(98) Metaspace: 16529K(16960K)->16529K(16960K) NonClass: 14198K(14400K)->14198K(14400K) Class: 2331K(2560K)->2331K(2560K)
[109.365s][info][gc             ] GC(98) Pause Young (Normal) (G1 Evacuation Pause) 1237M->467M(2048M) 200.427ms
[109.365s][info][gc,cpu         ] GC(98) User=1.23s Sys=0.00s Real=0.20s
[109.873s][info][gc,start       ] GC(99) Pause Young (Normal) (G1 Evacuation Pause)
[109.873s][info][gc,task        ] GC(99) Using 6 workers of 6 for evacuation
[110.125s][info][gc,mmu         ] GC(99) MMU target violated: 201.0ms (200.0ms/201.0ms)
[110.125s][info][gc,phases      ] GC(99)   Pre Evacuate Collection Set: 0.5ms
[110.125s][info][gc,phases      ] GC(99)   Merge Heap Roots: 1.1ms
[110.125s][info][gc,phases      ] GC(99)   Evacuate Collection Set: 248.4ms
[110.125s][info][gc,phases      ] GC(99)   Post Evacuate Collection Set: 1.3ms
[110.125s][info][gc,phases      ] GC(99)   Other: 0.3ms
[110.125s][info][gc,heap        ] GC(99) Eden regions: 836->0(525)
[110.125s][info][gc,heap        ] GC(99) Survivor regions: 154->124(124)
[110.125s][info][gc,heap        ] GC(99) Old regions: 312->689
[110.125s][info][gc,heap        ] GC(99) Humongous regions: 7->7
[110.125s][info][gc,metaspace   ] GC(99) Metaspace: 16529K(16960K)->16529K(16960K) NonClass: 14198K(14400K)->14198K(14400K) Class: 2331K(2560K)->2331K(2560K)
[110.125s][info][gc             ] GC(99) Pause Young (Normal) (G1 Evacuation Pause) 1306M->817M(2048M) 251.854ms
[110.125s][info][gc,cpu         ] GC(99) User=1.42s Sys=0.00s Real=0.26s
[110.941s][info][gc,start       ] GC(100) Pause Young (Normal) (G1 Evacuation Pause)
[110.941s][info][gc,task        ] GC(100) Using 6 workers of 6 for evacuation
[111.013s][info][gc,phases      ] GC(100)   Pre Evacuate Collection Set: 0.4ms
[111.013s][info][gc,phases      ] GC(100)   Merge Heap Roots: 2.1ms
[111.013s][info][gc,phases      ] GC(100)   Evacuate Collection Set: 68.5ms
[111.013s][info][gc,phases      ] GC(100)   Post Evacuate Collection Set: 0.9ms
[111.013s][info][gc,phases      ] GC(100)   Other: 0.1ms
[111.013s][info][gc,heap        ] GC(100) Eden regions: 419->0(704)
[111.013s][info][gc,heap        ] GC(100) Survivor regions: 124->20(68)
[111.013s][info][gc,heap        ] GC(100) Old regions: 689->812
[111.013s][info][gc,heap        ] GC(100) Humongous regions: 10->10
[111.013s][info][gc,metaspace   ] GC(100) Metaspace: 16529K(16960K)->16529K(16960K) NonClass: 14198K(14400K)->14198K(14400K) Class: 2331K(2560K)->2331K(2560K)
[111.013s][info][gc             ] GC(100) Pause Young (Normal) (G1 Evacuation Pause) 1239M->838M(2048M) 72.225ms
[111.013s][info][gc,cpu         ] GC(100) User=0.39s Sys=0.00s Real=0.08s
[111.971s][info][gc,start       ] GC(101) Pause Full (System.gc())
[111.971s][info][gc,task        ] GC(101) Using 6 workers of 6 for full compaction
[111.971s][info][gc,phases,start] GC(101) Phase 1: Mark live objects
[111.974s][info][gc,phases      ] GC(101) Phase 1: Mark live objects 2.713ms
[111.974s][info][gc,phases,start] GC(101) Phase 2: Prepare compaction
[111.975s][info][gc,phases      ] GC(101) Phase 2: Prepare compaction 1.272ms
[111.975s][info][gc,phases,start] GC(101) Phase 3: Adjust pointers
[111.978s][info][gc,phases      ] GC(101) Phase 3: Adjust pointers 2.575ms
[111.978s][info][gc,phases,start] GC(101) Phase 4: Compact heap
[111.979s][info][gc,phases      ] GC(101) Phase 4: Compact heap 1.404ms
[111.979s][info][gc,phases,start] GC(101) Phase 5: Reset Metadata
[111.980s][info][gc,phases      ] GC(101) Phase 5: Reset Metadata 0.766ms
[111.986s][info][gc,heap        ] GC(101) Eden regions: 237->0(1152)
[111.986s][info][gc,heap        ] GC(101) Survivor regions: 20->0(68)
[111.986s][info][gc,heap        ] GC(101) Old regions: 812->8
[111.986s][info][gc,heap        ] GC(101) Humongous regions: 10->2
[111.986s][info][gc,metaspace   ] GC(101) Metaspace: 16530K(16960K)->16530K(16960K) NonClass: 14198K(14400K)->14198K(14400K) Class: 2331K(2560K)->2331K(2560K)
[111.986s][info][gc             ] GC(101) Pause Full (System.gc()) 1075M->7M(2048M) 14.976ms
[111.986s][info][gc,cpu         ] GC(101) User=0.00s Sys=0.00s Real=0.01s
[113.220s][info][gc,start       ] GC(102) Pause Young (Normal) (G1 Evacuation Pause)
[113.220s][info][gc,task        ] GC(102) Using 6 workers of 6 for evacuation
[113.221s][info][gc,phases      ] GC(102)   Pre Evacuate Collection Set: 0.3ms
[113.221s][info][gc,phases      ] GC(102)   Merge Heap Roots: 0.1ms
[113.221s][info][gc,phases      ] GC(102)   Evacuate Collection Set: 0.3ms
[113.221s][info][gc,phases      ] GC(102)   Post Evacuate Collection Set: 0.5ms
[113.221s][info][gc,phases      ] GC(102)   Other: 0.1ms
[113.222s][info][gc,heap        ] GC(102) Eden regions: 1228->0(1225)
[113.222s][info][gc,heap        ] GC(102) Survivor regions: 0->3(154)
[113.222s][info][gc,heap        ] GC(102) Old regions: 8->8
[113.222s][info][gc,heap        ] GC(102) Humongous regions: 2->2
[113.222s][info][gc,metaspace   ] GC(102) Metaspace: 16544K(17024K)->16544K(17024K) NonClass: 14213K(14464K)->14213K(14464K) Class: 2331K(2560K)->2331K(2560K)
[113.222s][info][gc             ] GC(102) Pause Young (Normal) (G1 Evacuation Pause) 1235M->10M(2048M) 1.607ms
[113.222s][info][gc,cpu         ] GC(102) User=0.00s Sys=0.00s Real=0.00s
[113.424s][info][gc,start       ] GC(103) Pause Young (Normal) (G1 Evacuation Pause)
[113.424s][info][gc,task        ] GC(103) Using 6 workers of 6 for evacuation
[113.426s][info][gc,phases      ] GC(103)   Pre Evacuate Collection Set: 0.4ms
[113.426s][info][gc,phases      ] GC(103)   Merge Heap Roots: 0.1ms
[113.426s][info][gc,phases      ] GC(103)   Evacuate Collection Set: 0.5ms
[113.426s][info][gc,phases      ] GC(103)   Post Evacuate Collection Set: 0.5ms
[113.426s][info][gc,phases      ] GC(103)   Other: 0.1ms
[113.426s][info][gc,heap        ] GC(103) Eden regions: 1225->0(1226)
[113.426s][info][gc,heap        ] GC(103) Survivor regions: 3->2(154)
[113.426s][info][gc,heap        ] GC(103) Old regions: 8->8
[113.426s][info][gc,heap        ] GC(103) Humongous regions: 2->2
[113.426s][info][gc,metaspace   ] GC(103) Metaspace: 16544K(17024K)->16544K(17024K) NonClass: 14213K(14464K)->14213K(14464K) Class: 2331K(2560K)->2331K(2560K)
[113.426s][info][gc             ] GC(103) Pause Young (Normal) (G1 Evacuation Pause) 1235M->8M(2048M) 1.940ms
[113.426s][info][gc,cpu         ] GC(103) User=0.00s Sys=0.00s Real=0.00s
[116.150s][info][gc,start       ] GC(104) Pause Young (Normal) (G1 Evacuation Pause)
[116.150s][info][gc,task        ] GC(104) Using 6 workers of 6 for evacuation
[116.350s][info][gc,mmu         ] GC(104) MMU target violated: 200.1ms (200.0ms/201.0ms)
[116.350s][info][gc,phases      ] GC(104)   Pre Evacuate Collection Set: 0.4ms
[116.350s][info][gc,phases      ] GC(104)   Merge Heap Roots: 0.2ms
[116.350s][info][gc,phases      ] GC(104)   Evacuate Collection Set: 197.5ms
[116.350s][info][gc,phases      ] GC(104)   Post Evacuate Collection Set: 1.8ms
[116.350s][info][gc,phases      ] GC(104)   Other: 0.3ms
[116.350s][info][gc,heap        ] GC(104) Eden regions: 1226->0(887)
[116.350s][info][gc,heap        ] GC(104) Survivor regions: 2->154(154)
[116.350s][info][gc,heap        ] GC(104) Old regions: 8->311
[116.350s][info][gc,heap        ] GC(104) Humongous regions: 4->4
[116.350s][info][gc,metaspace   ] GC(104) Metaspace: 16544K(17024K)->16544K(17024K) NonClass: 14213K(14464K)->14213K(14464K) Class: 2331K(2560K)->2331K(2560K)
[116.351s][info][gc             ] GC(104) Pause Young (Normal) (G1 Evacuation Pause) 1236M->465M(2048M) 200.431ms
[116.351s][info][gc,cpu         ] GC(104) User=1.23s Sys=0.00s Real=0.20s
[116.935s][info][gc,start       ] GC(105) Pause Young (Normal) (G1 Evacuation Pause)
[116.935s][info][gc,task        ] GC(105) Using 6 workers of 6 for evacuation
[117.205s][info][gc,mmu         ] GC(105) MMU target violated: 201.0ms (200.0ms/201.0ms)
[117.205s][info][gc,phases      ] GC(105)   Pre Evacuate Collection Set: 0.6ms
[117.205s][info][gc,phases      ] GC(105)   Merge Heap Roots: 1.2ms
[117.205s][info][gc,phases      ] GC(105)   Evacuate Collection Set: 266.3ms
[117.205s][info][gc,phases      ] GC(105)   Post Evacuate Collection Set: 1.5ms
[117.205s][info][gc,phases      ] GC(105)   Other: 0.3ms
[117.205s][info][gc,heap        ] GC(105) Eden regions: 887->0(559)
[117.205s][info][gc,heap        ] GC(105) Survivor regions: 154->131(131)
[117.205s][info][gc,heap        ] GC(105) Old regions: 311->715
[117.205s][info][gc,heap        ] GC(105) Humongous regions: 7->7
[117.205s][info][gc,metaspace   ] GC(105) Metaspace: 16544K(17024K)->16544K(17024K) NonClass: 14213K(14464K)->14213K(14464K) Class: 2331K(2560K)->2331K(2560K)
[117.205s][info][gc             ] GC(105) Pause Young (Normal) (G1 Evacuation Pause) 1355M->850M(2048M) 270.155ms
[117.205s][info][gc,cpu         ] GC(105) User=1.52s Sys=0.00s Real=0.27s
[118.142s][info][gc,start       ] GC(106) Pause Young (Normal) (G1 Evacuation Pause)
[118.142s][info][gc,task        ] GC(106) Using 6 workers of 6 for evacuation
[118.228s][info][gc,phases      ] GC(106)   Pre Evacuate Collection Set: 0.5ms
[118.228s][info][gc,phases      ] GC(106)   Merge Heap Roots: 1.6ms
[118.228s][info][gc,phases      ] GC(106)   Evacuate Collection Set: 82.2ms
[118.228s][info][gc,phases      ] GC(106)   Post Evacuate Collection Set: 1.3ms
[118.228s][info][gc,phases      ] GC(106)   Other: 0.2ms
[118.228s][info][gc,heap        ] GC(106) Eden regions: 447->0(643)
[118.228s][info][gc,heap        ] GC(106) Survivor regions: 131->10(73)
[118.228s][info][gc,heap        ] GC(106) Old regions: 715->830
[118.228s][info][gc,heap        ] GC(106) Humongous regions: 10->10
[118.228s][info][gc,metaspace   ] GC(106) Metaspace: 16544K(17024K)->16544K(17024K) NonClass: 14213K(14464K)->14213K(14464K) Class: 2331K(2560K)->2331K(2560K)
[118.228s][info][gc             ] GC(106) Pause Young (Normal) (G1 Evacuation Pause) 1300M->846M(2048M) 85.991ms
[118.228s][info][gc,cpu         ] GC(106) User=0.42s Sys=0.00s Real=0.08s
[119.075s][info][gc,start       ] GC(107) Pause Full (System.gc())
[119.075s][info][gc,task        ] GC(107) Using 6 workers of 6 for full compaction
[119.075s][info][gc,phases,start] GC(107) Phase 1: Mark live objects
[119.078s][info][gc,phases      ] GC(107) Phase 1: Mark live objects 2.514ms
[119.078s][info][gc,phases,start] GC(107) Phase 2: Prepare compaction
[119.079s][info][gc,phases      ] GC(107) Phase 2: Prepare compaction 1.318ms
[119.079s][info][gc,phases,start] GC(107) Phase 3: Adjust pointers
[119.081s][info][gc,phases      ] GC(107) Phase 3: Adjust pointers 2.088ms
[119.081s][info][gc,phases,start] GC(107) Phase 4: Compact heap
[119.082s][info][gc,phases      ] GC(107) Phase 4: Compact heap 1.159ms
[119.082s][info][gc,phases,start] GC(107) Phase 5: Reset Metadata
[119.083s][info][gc,phases      ] GC(107) Phase 5: Reset Metadata 0.752ms
[119.089s][info][gc,heap        ] GC(107) Eden regions: 162->0(819)
[119.089s][info][gc,heap        ] GC(107) Survivor regions: 10->0(73)
[119.089s][info][gc,heap        ] GC(107) Old regions: 830->8
[119.089s][info][gc,heap        ] GC(107) Humongous regions: 10->2
[119.089s][info][gc,metaspace   ] GC(107) Metaspace: 16546K(17024K)->16546K(17024K) NonClass: 14214K(14464K)->14214K(14464K) Class: 2331K(2560K)->2331K(2560K)
[119.089s][info][gc             ] GC(107) Pause Full (System.gc()) 1008M->7M(2048M) 14.178ms
[119.089s][info][gc,cpu         ] GC(107) User=0.00s Sys=0.00s Real=0.00s
[120.483s][info][gc,start       ] GC(108) Pause Young (Normal) (G1 Evacuation Pause)
[120.483s][info][gc,task        ] GC(108) Using 6 workers of 6 for evacuation
[120.484s][info][gc,phases      ] GC(108)   Pre Evacuate Collection Set: 0.3ms
[120.484s][info][gc,phases      ] GC(108)   Merge Heap Roots: 0.2ms
[120.484s][info][gc,phases      ] GC(108)   Evacuate Collection Set: 0.3ms
[120.484s][info][gc,phases      ] GC(108)   Post Evacuate Collection Set: 0.6ms
[120.484s][info][gc,phases      ] GC(108)   Other: 0.1ms
[120.484s][info][gc,heap        ] GC(108) Eden regions: 1007->0(968)
[120.484s][info][gc,heap        ] GC(108) Survivor regions: 0->3(126)
[120.484s][info][gc,heap        ] GC(108) Old regions: 8->8
[120.484s][info][gc,heap        ] GC(108) Humongous regions: 2->2
[120.484s][info][gc,metaspace   ] GC(108) Metaspace: 16546K(17024K)->16546K(17024K) NonClass: 14214K(14464K)->14214K(14464K) Class: 2331K(2560K)->2331K(2560K)
[120.484s][info][gc             ] GC(108) Pause Young (Normal) (G1 Evacuation Pause) 1014M->10M(2048M) 1.664ms
[120.484s][info][gc,cpu         ] GC(108) User=0.00s Sys=0.00s Real=0.00s
[120.657s][info][gc,start       ] GC(109) Pause Young (Normal) (G1 Evacuation Pause)
[120.657s][info][gc,task        ] GC(109) Using 6 workers of 6 for evacuation
[120.659s][info][gc,phases      ] GC(109)   Pre Evacuate Collection Set: 0.3ms
[120.659s][info][gc,phases      ] GC(109)   Merge Heap Roots: 0.2ms
[120.659s][info][gc,phases      ] GC(109)   Evacuate Collection Set: 0.3ms
[120.659s][info][gc,phases      ] GC(109)   Post Evacuate Collection Set: 0.5ms
[120.659s][info][gc,phases      ] GC(109)   Other: 0.1ms
[120.659s][info][gc,heap        ] GC(109) Eden regions: 1133->0(1226)
[120.659s][info][gc,heap        ] GC(109) Survivor regions: 3->2(142)
[120.659s][info][gc,heap        ] GC(109) Old regions: 8->8
[120.659s][info][gc,heap        ] GC(109) Humongous regions: 2->2
[120.659s][info][gc,metaspace   ] GC(109) Metaspace: 16548K(17024K)->16548K(17024K) NonClass: 14217K(14464K)->14217K(14464K) Class: 2331K(2560K)->2331K(2560K)
[120.659s][info][gc             ] GC(109) Pause Young (Normal) (G1 Evacuation Pause) 1143M->8M(2048M) 1.636ms
[120.659s][info][gc,cpu         ] GC(109) User=0.00s Sys=0.00s Real=0.00s
[121.189s][info][gc,start       ] GC(110) Pause Young (Normal) (G1 Evacuation Pause)
[121.189s][info][gc,task        ] GC(110) Using 6 workers of 6 for evacuation
[121.362s][info][gc,phases      ] GC(110)   Pre Evacuate Collection Set: 0.3ms
[121.362s][info][gc,phases      ] GC(110)   Merge Heap Roots: 0.1ms
[121.362s][info][gc,phases      ] GC(110)   Evacuate Collection Set: 171.5ms
[121.362s][info][gc,phases      ] GC(110)   Post Evacuate Collection Set: 1.4ms
[121.362s][info][gc,phases      ] GC(110)   Other: 0.1ms
[121.362s][info][gc,heap        ] GC(110) Eden regions: 1226->0(906)
[121.362s][info][gc,heap        ] GC(110) Survivor regions: 2->154(154)
[121.362s][info][gc,heap        ] GC(110) Old regions: 8->233
[121.362s][info][gc,heap        ] GC(110) Humongous regions: 3->3
[121.362s][info][gc,metaspace   ] GC(110) Metaspace: 16548K(17024K)->16548K(17024K) NonClass: 14217K(14464K)->14217K(14464K) Class: 2331K(2560K)->2331K(2560K)
[121.362s][info][gc             ] GC(110) Pause Young (Normal) (G1 Evacuation Pause) 1235M->386M(2048M) 173.622ms
[121.363s][info][gc,cpu         ] GC(110) User=0.95s Sys=0.00s Real=0.17s
[124.364s][info][gc,start       ] GC(111) Pause Young (Normal) (G1 Evacuation Pause)
[124.364s][info][gc,task        ] GC(111) Using 6 workers of 6 for evacuation
[124.603s][info][gc,mmu         ] GC(111) MMU target violated: 201.0ms (200.0ms/201.0ms)
[124.603s][info][gc,phases      ] GC(111)   Pre Evacuate Collection Set: 0.4ms
[124.603s][info][gc,phases      ] GC(111)   Merge Heap Roots: 1.8ms
[124.603s][info][gc,phases      ] GC(111)   Evacuate Collection Set: 234.7ms
[124.603s][info][gc,phases      ] GC(111)   Post Evacuate Collection Set: 1.7ms
[124.603s][info][gc,phases      ] GC(111)   Other: 0.2ms
[124.603s][info][gc,heap        ] GC(111) Eden regions: 815->0(495)
[124.603s][info][gc,heap        ] GC(111) Survivor regions: 154->122(122)
[124.603s][info][gc,heap        ] GC(111) Old regions: 233->577
[124.603s][info][gc,heap        ] GC(111) Humongous regions: 4->4
[124.603s][info][gc,metaspace   ] GC(111) Metaspace: 16548K(17024K)->16548K(17024K) NonClass: 14217K(14464K)->14217K(14464K) Class: 2331K(2560K)->2331K(2560K)
[124.603s][info][gc             ] GC(111) Pause Young (Normal) (G1 Evacuation Pause) 1202M->700M(2048M) 238.880ms
[124.603s][info][gc,cpu         ] GC(111) User=1.36s Sys=0.00s Real=0.23s
[124.946s][info][gc,start       ] GC(112) Pause Young (Normal) (G1 Evacuation Pause)
[124.946s][info][gc,task        ] GC(112) Using 6 workers of 6 for evacuation
[125.103s][info][gc,phases      ] GC(112)   Pre Evacuate Collection Set: 0.3ms
[125.103s][info][gc,phases      ] GC(112)   Merge Heap Roots: 2.1ms
[125.103s][info][gc,phases      ] GC(112)   Evacuate Collection Set: 153.6ms
[125.103s][info][gc,phases      ] GC(112)   Post Evacuate Collection Set: 1.0ms
[125.103s][info][gc,phases      ] GC(112)   Other: 0.1ms
[125.103s][info][gc,heap        ] GC(112) Eden regions: 350->0(567)
[125.103s][info][gc,heap        ] GC(112) Survivor regions: 122->59(59)
[125.103s][info][gc,heap        ] GC(112) Old regions: 577->791
[125.103s][info][gc,heap        ] GC(112) Humongous regions: 7->7
[125.103s][info][gc,metaspace   ] GC(112) Metaspace: 16548K(17024K)->16548K(17024K) NonClass: 14217K(14464K)->14217K(14464K) Class: 2331K(2560K)->2331K(2560K)
[125.103s][info][gc             ] GC(112) Pause Young (Normal) (G1 Evacuation Pause) 1053M->854M(2048M) 157.328ms
[125.103s][info][gc,cpu         ] GC(112) User=0.81s Sys=0.00s Real=0.16s
[126.456s][info][gc,start       ] GC(113) Pause Young (Normal) (G1 Evacuation Pause)
[126.456s][info][gc,task        ] GC(113) Using 6 workers of 6 for evacuation
[126.503s][info][gc,phases      ] GC(113)   Pre Evacuate Collection Set: 0.3ms
[126.503s][info][gc,phases      ] GC(113)   Merge Heap Roots: 2.4ms
[126.503s][info][gc,phases      ] GC(113)   Evacuate Collection Set: 43.4ms
[126.503s][info][gc,phases      ] GC(113)   Post Evacuate Collection Set: 0.6ms
[126.503s][info][gc,phases      ] GC(113)   Other: 0.1ms
[126.503s][info][gc,heap        ] GC(113) Eden regions: 569->0(660)
[126.503s][info][gc,heap        ] GC(113) Survivor regions: 59->6(79)
[126.503s][info][gc,heap        ] GC(113) Old regions: 791->838
[126.503s][info][gc,heap        ] GC(113) Humongous regions: 10->10
[126.503s][info][gc,metaspace   ] GC(113) Metaspace: 16548K(17024K)->16548K(17024K) NonClass: 14217K(14464K)->14217K(14464K) Class: 2331K(2560K)->2331K(2560K)
[126.503s][info][gc             ] GC(113) Pause Young (Normal) (G1 Evacuation Pause) 1426M->850M(2048M) 47.052ms
[126.503s][info][gc,cpu         ] GC(113) User=0.11s Sys=0.00s Real=0.04s
[127.049s][info][gc,start       ] GC(114) Pause Full (System.gc())
[127.049s][info][gc,task        ] GC(114) Using 6 workers of 6 for full compaction
[127.050s][info][gc,phases,start] GC(114) Phase 1: Mark live objects
[127.053s][info][gc,phases      ] GC(114) Phase 1: Mark live objects 2.779ms
[127.053s][info][gc,phases,start] GC(114) Phase 2: Prepare compaction
[127.054s][info][gc,phases      ] GC(114) Phase 2: Prepare compaction 1.204ms
[127.054s][info][gc,phases,start] GC(114) Phase 3: Adjust pointers
[127.056s][info][gc,phases      ] GC(114) Phase 3: Adjust pointers 2.202ms
[127.056s][info][gc,phases,start] GC(114) Phase 4: Compact heap
[127.057s][info][gc,phases      ] GC(114) Phase 4: Compact heap 0.821ms
[127.057s][info][gc,phases,start] GC(114) Phase 5: Reset Metadata
[127.058s][info][gc,phases      ] GC(114) Phase 5: Reset Metadata 0.775ms
[127.063s][info][gc,heap        ] GC(114) Eden regions: 74->0(981)
[127.063s][info][gc,heap        ] GC(114) Survivor regions: 6->0(79)
[127.063s][info][gc,heap        ] GC(114) Old regions: 838->8
[127.063s][info][gc,heap        ] GC(114) Humongous regions: 10->2
[127.063s][info][gc,metaspace   ] GC(114) Metaspace: 16548K(17024K)->16548K(17024K) NonClass: 14217K(14464K)->14217K(14464K) Class: 2331K(2560K)->2331K(2560K)
[127.063s][info][gc             ] GC(114) Pause Full (System.gc()) 924M->7M(2048M) 13.794ms
[127.063s][info][gc,cpu         ] GC(114) User=0.00s Sys=0.00s Real=0.01s
[128.309s][info][gc,start       ] GC(115) Pause Young (Normal) (G1 Evacuation Pause)
[128.309s][info][gc,task        ] GC(115) Using 6 workers of 6 for evacuation
[128.311s][info][gc,phases      ] GC(115)   Pre Evacuate Collection Set: 0.3ms
[128.311s][info][gc,phases      ] GC(115)   Merge Heap Roots: 0.1ms
[128.311s][info][gc,phases      ] GC(115)   Evacuate Collection Set: 0.3ms
[128.311s][info][gc,phases      ] GC(115)   Post Evacuate Collection Set: 0.6ms
[128.311s][info][gc,phases      ] GC(115)   Other: 0.1ms
[128.311s][info][gc,heap        ] GC(115) Eden regions: 1176->0(1225)
[128.311s][info][gc,heap        ] GC(115) Survivor regions: 0->3(147)
[128.311s][info][gc,heap        ] GC(115) Old regions: 8->8
[128.311s][info][gc,heap        ] GC(115) Humongous regions: 2->2
[128.311s][info][gc,metaspace   ] GC(115) Metaspace: 16548K(17024K)->16548K(17024K) NonClass: 14217K(14464K)->14217K(14464K) Class: 2331K(2560K)->2331K(2560K)
[128.311s][info][gc             ] GC(115) Pause Young (Normal) (G1 Evacuation Pause) 1183M->10M(2048M) 1.619ms
[128.311s][info][gc,cpu         ] GC(115) User=0.00s Sys=0.00s Real=0.00s
[128.511s][info][gc,start       ] GC(116) Pause Young (Normal) (G1 Evacuation Pause)
[128.511s][info][gc,task        ] GC(116) Using 6 workers of 6 for evacuation
[128.513s][info][gc,phases      ] GC(116)   Pre Evacuate Collection Set: 0.3ms
[128.513s][info][gc,phases      ] GC(116)   Merge Heap Roots: 0.1ms
[128.513s][info][gc,phases      ] GC(116)   Evacuate Collection Set: 0.4ms
[128.513s][info][gc,phases      ] GC(116)   Post Evacuate Collection Set: 0.6ms
[128.513s][info][gc,phases      ] GC(116)   Other: 0.1ms
[128.513s][info][gc,heap        ] GC(116) Eden regions: 1225->0(1227)
[128.513s][info][gc,heap        ] GC(116) Survivor regions: 3->1(154)
[128.513s][info][gc,heap        ] GC(116) Old regions: 8->8
[128.513s][info][gc,heap        ] GC(116) Humongous regions: 2->2
[128.513s][info][gc,metaspace   ] GC(116) Metaspace: 16548K(17024K)->16548K(17024K) NonClass: 14217K(14464K)->14217K(14464K) Class: 2331K(2560K)->2331K(2560K)
[128.513s][info][gc             ] GC(116) Pause Young (Normal) (G1 Evacuation Pause) 1235M->8M(2048M) 1.974ms
[128.513s][info][gc,cpu         ] GC(116) User=0.00s Sys=0.00s Real=0.00s
[131.727s][info][gc,start       ] GC(117) Pause Young (Normal) (G1 Evacuation Pause)
[131.728s][info][gc,task        ] GC(117) Using 6 workers of 6 for evacuation
[131.915s][info][gc,phases      ] GC(117)   Pre Evacuate Collection Set: 0.3ms
[131.915s][info][gc,phases      ] GC(117)   Merge Heap Roots: 0.3ms
[131.915s][info][gc,phases      ] GC(117)   Evacuate Collection Set: 185.2ms
[131.915s][info][gc,phases      ] GC(117)   Post Evacuate Collection Set: 1.4ms
[131.915s][info][gc,phases      ] GC(117)   Other: 0.2ms
[131.915s][info][gc,heap        ] GC(117) Eden regions: 1227->0(902)
[131.915s][info][gc,heap        ] GC(117) Survivor regions: 1->154(154)
[131.915s][info][gc,heap        ] GC(117) Old regions: 8->288
[131.915s][info][gc,heap        ] GC(117) Humongous regions: 4->4
[131.915s][info][gc,metaspace   ] GC(117) Metaspace: 16548K(17024K)->16548K(17024K) NonClass: 14217K(14464K)->14217K(14464K) Class: 2331K(2560K)->2331K(2560K)
[131.915s][info][gc             ] GC(117) Pause Young (Normal) (G1 Evacuation Pause) 1237M->443M(2048M) 187.625ms
[131.915s][info][gc,cpu         ] GC(117) User=1.05s Sys=0.00s Real=0.19s
[132.478s][info][gc,start       ] GC(118) Pause Young (Normal) (G1 Evacuation Pause)
[132.478s][info][gc,task        ] GC(118) Using 6 workers of 6 for evacuation
[132.745s][info][gc,mmu         ] GC(118) MMU target violated: 201.0ms (200.0ms/201.0ms)
[132.745s][info][gc,phases      ] GC(118)   Pre Evacuate Collection Set: 0.4ms
[132.745s][info][gc,phases      ] GC(118)   Merge Heap Roots: 1.3ms
[132.745s][info][gc,phases      ] GC(118)   Evacuate Collection Set: 264.1ms
[132.745s][info][gc,phases      ] GC(118)   Post Evacuate Collection Set: 1.3ms
[132.745s][info][gc,phases      ] GC(118)   Other: 0.3ms
[132.745s][info][gc,heap        ] GC(118) Eden regions: 902->0(512)
[132.745s][info][gc,heap        ] GC(118) Survivor regions: 154->132(132)
[132.745s][info][gc,heap        ] GC(118) Old regions: 288->687
[132.745s][info][gc,heap        ] GC(118) Humongous regions: 7->7
[132.746s][info][gc,metaspace   ] GC(118) Metaspace: 16548K(17024K)->16548K(17024K) NonClass: 14217K(14464K)->14217K(14464K) Class: 2331K(2560K)->2331K(2560K)
[132.746s][info][gc             ] GC(118) Pause Young (Normal) (G1 Evacuation Pause) 1348M->823M(2048M) 267.500ms
[132.746s][info][gc,cpu         ] GC(118) User=1.50s Sys=0.00s Real=0.28s
[133.604s][info][gc,start       ] GC(119) Pause Young (Normal) (G1 Evacuation Pause)
[133.604s][info][gc,task        ] GC(119) Using 6 workers of 6 for evacuation
[133.679s][info][gc,phases      ] GC(119)   Pre Evacuate Collection Set: 0.3ms
[133.679s][info][gc,phases      ] GC(119)   Merge Heap Roots: 2.1ms
[133.679s][info][gc,phases      ] GC(119)   Evacuate Collection Set: 71.7ms
[133.679s][info][gc,phases      ] GC(119)   Post Evacuate Collection Set: 0.9ms
[133.679s][info][gc,phases      ] GC(119)   Other: 0.1ms
[133.679s][info][gc,heap        ] GC(119) Eden regions: 428->0(696)
[133.679s][info][gc,heap        ] GC(119) Survivor regions: 132->19(70)
[133.679s][info][gc,heap        ] GC(119) Old regions: 687->810
[133.679s][info][gc,heap        ] GC(119) Humongous regions: 10->10
[133.679s][info][gc,metaspace   ] GC(119) Metaspace: 16548K(17024K)->16548K(17024K) NonClass: 14217K(14464K)->14217K(14464K) Class: 2331K(2560K)->2331K(2560K)
[133.679s][info][gc             ] GC(119) Pause Young (Normal) (G1 Evacuation Pause) 1254M->835M(2048M) 75.321ms
[133.679s][info][gc,cpu         ] GC(119) User=0.41s Sys=0.00s Real=0.08s
[134.630s][info][gc,start       ] GC(120) Pause Full (System.gc())
[134.630s][info][gc,task        ] GC(120) Using 6 workers of 6 for full compaction
[134.630s][info][gc,phases,start] GC(120) Phase 1: Mark live objects
[134.633s][info][gc,phases      ] GC(120) Phase 1: Mark live objects 2.654ms
[134.633s][info][gc,phases,start] GC(120) Phase 2: Prepare compaction
[134.634s][info][gc,phases      ] GC(120) Phase 2: Prepare compaction 1.214ms
[134.634s][info][gc,phases,start] GC(120) Phase 3: Adjust pointers
[134.636s][info][gc,phases      ] GC(120) Phase 3: Adjust pointers 2.056ms
[134.636s][info][gc,phases,start] GC(120) Phase 4: Compact heap
[134.637s][info][gc,phases      ] GC(120) Phase 4: Compact heap 0.994ms
[134.637s][info][gc,phases,start] GC(120) Phase 5: Reset Metadata
[134.638s][info][gc,phases      ] GC(120) Phase 5: Reset Metadata 0.765ms
[134.644s][info][gc,heap        ] GC(120) Eden regions: 220->0(1186)
[134.644s][info][gc,heap        ] GC(120) Survivor regions: 19->0(70)
[134.644s][info][gc,heap        ] GC(120) Old regions: 810->8
[134.644s][info][gc,heap        ] GC(120) Humongous regions: 10->2
[134.644s][info][gc,metaspace   ] GC(120) Metaspace: 16548K(17024K)->16548K(17024K) NonClass: 14217K(14464K)->14217K(14464K) Class: 2331K(2560K)->2331K(2560K)
[134.644s][info][gc             ] GC(120) Pause Full (System.gc()) 1055M->7M(2048M) 14.255ms
[134.644s][info][gc,cpu         ] GC(120) User=0.00s Sys=0.00s Real=0.01s
[136.052s][info][gc,start       ] GC(121) Pause Young (Normal) (G1 Evacuation Pause)
[136.052s][info][gc,task        ] GC(121) Using 6 workers of 6 for evacuation
[136.054s][info][gc,phases      ] GC(121)   Pre Evacuate Collection Set: 0.3ms
[136.054s][info][gc,phases      ] GC(121)   Merge Heap Roots: 0.2ms
[136.054s][info][gc,phases      ] GC(121)   Evacuate Collection Set: 0.4ms
[136.054s][info][gc,phases      ] GC(121)   Post Evacuate Collection Set: 0.6ms
[136.054s][info][gc,phases      ] GC(121)   Other: 0.1ms
[136.054s][info][gc,heap        ] GC(121) Eden regions: 1228->0(1225)
[136.054s][info][gc,heap        ] GC(121) Survivor regions: 0->3(154)
[136.054s][info][gc,heap        ] GC(121) Old regions: 8->8
[136.054s][info][gc,heap        ] GC(121) Humongous regions: 2->2
[136.054s][info][gc,metaspace   ] GC(121) Metaspace: 16548K(17024K)->16548K(17024K) NonClass: 14217K(14464K)->14217K(14464K) Class: 2331K(2560K)->2331K(2560K)
[136.054s][info][gc             ] GC(121) Pause Young (Normal) (G1 Evacuation Pause) 1235M->10M(2048M) 1.755ms
[136.054s][info][gc,cpu         ] GC(121) User=0.00s Sys=0.00s Real=0.00s
[136.248s][info][gc,start       ] GC(122) Pause Young (Normal) (G1 Evacuation Pause)
[136.248s][info][gc,task        ] GC(122) Using 6 workers of 6 for evacuation
[136.250s][info][gc,phases      ] GC(122)   Pre Evacuate Collection Set: 0.3ms
[136.250s][info][gc,phases      ] GC(122)   Merge Heap Roots: 0.2ms
[136.250s][info][gc,phases      ] GC(122)   Evacuate Collection Set: 0.3ms
[136.250s][info][gc,phases      ] GC(122)   Post Evacuate Collection Set: 0.5ms
[136.250s][info][gc,phases      ] GC(122)   Other: 0.1ms
[136.250s][info][gc,heap        ] GC(122) Eden regions: 1225->0(1226)
[136.250s][info][gc,heap        ] GC(122) Survivor regions: 3->2(154)
[136.250s][info][gc,heap        ] GC(122) Old regions: 8->8
[136.250s][info][gc,heap        ] GC(122) Humongous regions: 2->2
[136.250s][info][gc,metaspace   ] GC(122) Metaspace: 16548K(17024K)->16548K(17024K) NonClass: 14217K(14464K)->14217K(14464K) Class: 2331K(2560K)->2331K(2560K)
[136.250s][info][gc             ] GC(122) Pause Young (Normal) (G1 Evacuation Pause) 1235M->9M(2048M) 1.608ms
[136.250s][info][gc,cpu         ] GC(122) User=0.00s Sys=0.00s Real=0.00s
[140.249s][info][gc,start       ] GC(123) Pause Young (Normal) (G1 Evacuation Pause)
[140.249s][info][gc,task        ] GC(123) Using 6 workers of 6 for evacuation
[140.446s][info][gc,phases      ] GC(123)   Pre Evacuate Collection Set: 0.3ms
[140.446s][info][gc,phases      ] GC(123)   Merge Heap Roots: 0.2ms
[140.446s][info][gc,phases      ] GC(123)   Evacuate Collection Set: 194.6ms
[140.446s][info][gc,phases      ] GC(123)   Post Evacuate Collection Set: 1.8ms
[140.446s][info][gc,phases      ] GC(123)   Other: 0.2ms
[140.446s][info][gc,heap        ] GC(123) Eden regions: 1226->0(887)
[140.446s][info][gc,heap        ] GC(123) Survivor regions: 2->154(154)
[140.446s][info][gc,heap        ] GC(123) Old regions: 8->309
[140.446s][info][gc,heap        ] GC(123) Humongous regions: 4->4
[140.446s][info][gc,metaspace   ] GC(123) Metaspace: 16548K(17024K)->16548K(17024K) NonClass: 14217K(14464K)->14217K(14464K) Class: 2331K(2560K)->2331K(2560K)
[140.446s][info][gc             ] GC(123) Pause Young (Normal) (G1 Evacuation Pause) 1237M->464M(2048M) 197.474ms
[140.446s][info][gc,cpu         ] GC(123) User=1.11s Sys=0.02s Real=0.20s
[140.998s][info][gc,start       ] GC(124) Pause Young (Normal) (G1 Evacuation Pause)
[140.998s][info][gc,task        ] GC(124) Using 6 workers of 6 for evacuation
[141.245s][info][gc,mmu         ] GC(124) MMU target violated: 201.0ms (200.0ms/201.0ms)
[141.245s][info][gc,phases      ] GC(124)   Pre Evacuate Collection Set: 0.4ms
[141.245s][info][gc,phases      ] GC(124)   Merge Heap Roots: 1.6ms
[141.245s][info][gc,phases      ] GC(124)   Evacuate Collection Set: 243.3ms
[141.245s][info][gc,phases      ] GC(124)   Post Evacuate Collection Set: 1.1ms
[141.245s][info][gc,phases      ] GC(124)   Other: 0.2ms
[141.245s][info][gc,heap        ] GC(124) Eden regions: 847->0(538)
[141.245s][info][gc,heap        ] GC(124) Survivor regions: 154->126(126)
[141.245s][info][gc,heap        ] GC(124) Old regions: 309->690
[141.245s][info][gc,heap        ] GC(124) Humongous regions: 7->7
[141.245s][info][gc,metaspace   ] GC(124) Metaspace: 16548K(17024K)->16548K(17024K) NonClass: 14217K(14464K)->14217K(14464K) Class: 2331K(2560K)->2331K(2560K)
[141.245s][info][gc             ] GC(124) Pause Young (Normal) (G1 Evacuation Pause) 1314M->820M(2048M) 246.755ms
[141.245s][info][gc,cpu         ] GC(124) User=1.42s Sys=0.00s Real=0.25s
[142.102s][info][gc,start       ] GC(125) Pause Young (Normal) (G1 Evacuation Pause)
[142.102s][info][gc,task        ] GC(125) Using 6 workers of 6 for evacuation
[142.174s][info][gc,phases      ] GC(125)   Pre Evacuate Collection Set: 0.3ms
[142.174s][info][gc,phases      ] GC(125)   Merge Heap Roots: 1.9ms
[142.174s][info][gc,phases      ] GC(125)   Evacuate Collection Set: 68.0ms
[142.174s][info][gc,phases      ] GC(125)   Post Evacuate Collection Set: 0.8ms
[142.174s][info][gc,phases      ] GC(125)   Other: 0.2ms
[142.174s][info][gc,heap        ] GC(125) Eden regions: 450->0(705)
[142.174s][info][gc,heap        ] GC(125) Survivor regions: 126->16(72)
[142.174s][info][gc,heap        ] GC(125) Old regions: 690->812
[142.174s][info][gc,heap        ] GC(125) Humongous regions: 10->10
[142.174s][info][gc,metaspace   ] GC(125) Metaspace: 16548K(17024K)->16548K(17024K) NonClass: 14217K(14464K)->14217K(14464K) Class: 2331K(2560K)->2331K(2560K)
[142.174s][info][gc             ] GC(125) Pause Young (Normal) (G1 Evacuation Pause) 1273M->835M(2048M) 71.421ms
[142.174s][info][gc,cpu         ] GC(125) User=0.41s Sys=0.00s Real=0.08s
[143.081s][info][gc,start       ] GC(126) Pause Full (System.gc())
[143.081s][info][gc,task        ] GC(126) Using 6 workers of 6 for full compaction
[143.081s][info][gc,phases,start] GC(126) Phase 1: Mark live objects
[143.084s][info][gc,phases      ] GC(126) Phase 1: Mark live objects 3.032ms
[143.084s][info][gc,phases,start] GC(126) Phase 2: Prepare compaction
[143.085s][info][gc,phases      ] GC(126) Phase 2: Prepare compaction 1.250ms
[143.085s][info][gc,phases,start] GC(126) Phase 3: Adjust pointers
[143.088s][info][gc,phases      ] GC(126) Phase 3: Adjust pointers 2.367ms
[143.088s][info][gc,phases,start] GC(126) Phase 4: Compact heap
[143.089s][info][gc,phases      ] GC(126) Phase 4: Compact heap 1.107ms
[143.089s][info][gc,phases,start] GC(126) Phase 5: Reset Metadata
[143.090s][info][gc,phases      ] GC(126) Phase 5: Reset Metadata 0.757ms
[143.095s][info][gc,heap        ] GC(126) Eden regions: 202->0(1210)
[143.095s][info][gc,heap        ] GC(126) Survivor regions: 16->0(72)
[143.095s][info][gc,heap        ] GC(126) Old regions: 812->8
[143.095s][info][gc,heap        ] GC(126) Humongous regions: 10->2
[143.095s][info][gc,metaspace   ] GC(126) Metaspace: 16548K(17024K)->16548K(17024K) NonClass: 14217K(14464K)->14217K(14464K) Class: 2331K(2560K)->2331K(2560K)
[143.095s][info][gc             ] GC(126) Pause Full (System.gc()) 1036M->7M(2048M) 14.632ms
[143.095s][info][gc,cpu         ] GC(126) User=0.00s Sys=0.00s Real=0.01s
[144.449s][info][gc,start       ] GC(127) Pause Young (Normal) (G1 Evacuation Pause)
[144.449s][info][gc,task        ] GC(127) Using 6 workers of 6 for evacuation
[144.450s][info][gc,phases      ] GC(127)   Pre Evacuate Collection Set: 0.3ms
[144.450s][info][gc,phases      ] GC(127)   Merge Heap Roots: 0.2ms
[144.450s][info][gc,phases      ] GC(127)   Evacuate Collection Set: 0.3ms
[144.450s][info][gc,phases      ] GC(127)   Post Evacuate Collection Set: 0.6ms
[144.450s][info][gc,phases      ] GC(127)   Other: 0.1ms
[144.450s][info][gc,heap        ] GC(127) Eden regions: 1228->0(1225)
[144.450s][info][gc,heap        ] GC(127) Survivor regions: 0->3(154)
[144.450s][info][gc,heap        ] GC(127) Old regions: 8->8
[144.450s][info][gc,heap        ] GC(127) Humongous regions: 2->2
[144.450s][info][gc,metaspace   ] GC(127) Metaspace: 16548K(17024K)->16548K(17024K) NonClass: 14217K(14464K)->14217K(14464K) Class: 2331K(2560K)->2331K(2560K)
[144.451s][info][gc             ] GC(127) Pause Young (Normal) (G1 Evacuation Pause) 1235M->10M(2048M) 1.684ms
[144.451s][info][gc,cpu         ] GC(127) User=0.00s Sys=0.00s Real=0.00s
[144.640s][info][gc,start       ] GC(128) Pause Young (Normal) (G1 Evacuation Pause)
[144.641s][info][gc,task        ] GC(128) Using 6 workers of 6 for evacuation
[144.642s][info][gc,phases      ] GC(128)   Pre Evacuate Collection Set: 0.3ms
[144.642s][info][gc,phases      ] GC(128)   Merge Heap Roots: 0.1ms
[144.642s][info][gc,phases      ] GC(128)   Evacuate Collection Set: 0.3ms
[144.642s][info][gc,phases      ] GC(128)   Post Evacuate Collection Set: 0.5ms
[144.642s][info][gc,phases      ] GC(128)   Other: 0.1ms
[144.642s][info][gc,heap        ] GC(128) Eden regions: 1225->0(1226)
[144.642s][info][gc,heap        ] GC(128) Survivor regions: 3->2(154)
[144.642s][info][gc,heap        ] GC(128) Old regions: 8->8
[144.642s][info][gc,heap        ] GC(128) Humongous regions: 2->2
[144.642s][info][gc,metaspace   ] GC(128) Metaspace: 16548K(17024K)->16548K(17024K) NonClass: 14217K(14464K)->14217K(14464K) Class: 2331K(2560K)->2331K(2560K)
[144.642s][info][gc             ] GC(128) Pause Young (Normal) (G1 Evacuation Pause) 1235M->9M(2048M) 1.610ms
[144.642s][info][gc,cpu         ] GC(128) User=0.02s Sys=0.00s Real=0.00s
[148.549s][info][gc,start       ] GC(129) Pause Young (Normal) (G1 Evacuation Pause)
[148.549s][info][gc,task        ] GC(129) Using 6 workers of 6 for evacuation
[148.748s][info][gc,phases      ] GC(129)   Pre Evacuate Collection Set: 0.6ms
[148.748s][info][gc,phases      ] GC(129)   Merge Heap Roots: 0.2ms
[148.748s][info][gc,phases      ] GC(129)   Evacuate Collection Set: 196.5ms
[148.748s][info][gc,phases      ] GC(129)   Post Evacuate Collection Set: 1.5ms
[148.748s][info][gc,phases      ] GC(129)   Other: 0.2ms
[148.748s][info][gc,heap        ] GC(129) Eden regions: 1226->0(884)
[148.748s][info][gc,heap        ] GC(129) Survivor regions: 2->154(154)
[148.748s][info][gc,heap        ] GC(129) Old regions: 8->313
[148.748s][info][gc,heap        ] GC(129) Humongous regions: 4->4
[148.748s][info][gc,metaspace   ] GC(129) Metaspace: 16548K(17024K)->16548K(17024K) NonClass: 14217K(14464K)->14217K(14464K) Class: 2331K(2560K)->2331K(2560K)
[148.748s][info][gc             ] GC(129) Pause Young (Normal) (G1 Evacuation Pause) 1237M->467M(2048M) 199.254ms
[148.748s][info][gc,cpu         ] GC(129) User=1.12s Sys=0.00s Real=0.19s
[149.299s][info][gc,start       ] GC(130) Pause Young (Normal) (G1 Evacuation Pause)
[149.299s][info][gc,task        ] GC(130) Using 6 workers of 6 for evacuation
[149.559s][info][gc,mmu         ] GC(130) MMU target violated: 201.0ms (200.0ms/201.0ms)
[149.559s][info][gc,phases      ] GC(130)   Pre Evacuate Collection Set: 0.5ms
[149.559s][info][gc,phases      ] GC(130)   Merge Heap Roots: 1.4ms
[149.559s][info][gc,phases      ] GC(130)   Evacuate Collection Set: 256.2ms
[149.559s][info][gc,phases      ] GC(130)   Post Evacuate Collection Set: 1.5ms
[149.559s][info][gc,phases      ] GC(130)   Other: 0.3ms
[149.559s][info][gc,heap        ] GC(130) Eden regions: 846->0(533)
[149.559s][info][gc,heap        ] GC(130) Survivor regions: 154->125(125)
[149.559s][info][gc,heap        ] GC(130) Old regions: 313->696
[149.559s][info][gc,heap        ] GC(130) Humongous regions: 7->7
[149.559s][info][gc,metaspace   ] GC(130) Metaspace: 16548K(17024K)->16548K(17024K) NonClass: 14217K(14464K)->14217K(14464K) Class: 2331K(2560K)->2331K(2560K)
[149.559s][info][gc             ] GC(130) Pause Young (Normal) (G1 Evacuation Pause) 1316M->824M(2048M) 260.140ms
[149.559s][info][gc,cpu         ] GC(130) User=1.50s Sys=0.00s Real=0.25s
[150.471s][info][gc,start       ] GC(131) Pause Young (Normal) (G1 Evacuation Pause)
[150.471s][info][gc,task        ] GC(131) Using 6 workers of 6 for evacuation
[150.544s][info][gc,phases      ] GC(131)   Pre Evacuate Collection Set: 0.4ms
[150.544s][info][gc,phases      ] GC(131)   Merge Heap Roots: 2.0ms
[150.544s][info][gc,phases      ] GC(131)   Evacuate Collection Set: 70.1ms
[150.544s][info][gc,phases      ] GC(131)   Post Evacuate Collection Set: 0.9ms
[150.544s][info][gc,phases      ] GC(131)   Other: 0.1ms
[150.544s][info][gc,heap        ] GC(131) Eden regions: 450->0(707)
[150.544s][info][gc,heap        ] GC(131) Survivor regions: 125->16(72)
[150.544s][info][gc,heap        ] GC(131) Old regions: 696->812
[150.544s][info][gc,heap        ] GC(131) Humongous regions: 10->10
[150.544s][info][gc,metaspace   ] GC(131) Metaspace: 16548K(17024K)->16548K(17024K) NonClass: 14217K(14464K)->14217K(14464K) Class: 2331K(2560K)->2331K(2560K)
[150.544s][info][gc             ] GC(131) Pause Young (Normal) (G1 Evacuation Pause) 1277M->834M(2048M) 73.673ms
[150.544s][info][gc,cpu         ] GC(131) User=0.38s Sys=0.00s Real=0.06s
[151.448s][info][gc,start       ] GC(132) Pause Full (System.gc())
[151.448s][info][gc,task        ] GC(132) Using 6 workers of 6 for full compaction
[151.448s][info][gc,phases,start] GC(132) Phase 1: Mark live objects
[151.451s][info][gc,phases      ] GC(132) Phase 1: Mark live objects 2.364ms
[151.451s][info][gc,phases,start] GC(132) Phase 2: Prepare compaction
[151.452s][info][gc,phases      ] GC(132) Phase 2: Prepare compaction 0.916ms
[151.452s][info][gc,phases,start] GC(132) Phase 3: Adjust pointers
[151.454s][info][gc,phases      ] GC(132) Phase 3: Adjust pointers 2.327ms
[151.454s][info][gc,phases,start] GC(132) Phase 4: Compact heap
[151.455s][info][gc,phases      ] GC(132) Phase 4: Compact heap 0.794ms
[151.455s][info][gc,phases,start] GC(132) Phase 5: Reset Metadata
[151.456s][info][gc,phases      ] GC(132) Phase 5: Reset Metadata 0.850ms
[151.461s][info][gc,heap        ] GC(132) Eden regions: 196->0(1177)
[151.461s][info][gc,heap        ] GC(132) Survivor regions: 16->0(72)
[151.461s][info][gc,heap        ] GC(132) Old regions: 812->8
[151.461s][info][gc,heap        ] GC(132) Humongous regions: 10->2
[151.461s][info][gc,metaspace   ] GC(132) Metaspace: 16559K(17024K)->16559K(17024K) NonClass: 14228K(14464K)->14228K(14464K) Class: 2331K(2560K)->2331K(2560K)
[151.461s][info][gc             ] GC(132) Pause Full (System.gc()) 1030M->7M(2048M) 13.294ms
[151.461s][info][gc,cpu         ] GC(132) User=0.00s Sys=0.00s Real=0.02s
[152.839s][info][gc,start       ] GC(133) Pause Young (Normal) (G1 Evacuation Pause)
[152.839s][info][gc,task        ] GC(133) Using 6 workers of 6 for evacuation
[152.841s][info][gc,phases      ] GC(133)   Pre Evacuate Collection Set: 0.3ms
[152.841s][info][gc,phases      ] GC(133)   Merge Heap Roots: 0.1ms
[152.841s][info][gc,phases      ] GC(133)   Evacuate Collection Set: 0.3ms
[152.841s][info][gc,phases      ] GC(133)   Post Evacuate Collection Set: 0.6ms
[152.841s][info][gc,phases      ] GC(133)   Other: 0.1ms
[152.841s][info][gc,heap        ] GC(133) Eden regions: 1228->0(1225)
[152.841s][info][gc,heap        ] GC(133) Survivor regions: 0->3(154)
[152.841s][info][gc,heap        ] GC(133) Old regions: 8->8
[152.841s][info][gc,heap        ] GC(133) Humongous regions: 2->2
[152.841s][info][gc,metaspace   ] GC(133) Metaspace: 16563K(17024K)->16563K(17024K) NonClass: 14231K(14464K)->14231K(14464K) Class: 2331K(2560K)->2331K(2560K)
[152.841s][info][gc             ] GC(133) Pause Young (Normal) (G1 Evacuation Pause) 1235M->10M(2048M) 1.671ms
[152.841s][info][gc,cpu         ] GC(133) User=0.00s Sys=0.00s Real=0.00s
[153.035s][info][gc,start       ] GC(134) Pause Young (Normal) (G1 Evacuation Pause)
[153.035s][info][gc,task        ] GC(134) Using 6 workers of 6 for evacuation
[153.036s][info][gc,phases      ] GC(134)   Pre Evacuate Collection Set: 0.3ms
[153.036s][info][gc,phases      ] GC(134)   Merge Heap Roots: 0.1ms
[153.036s][info][gc,phases      ] GC(134)   Evacuate Collection Set: 0.5ms
[153.036s][info][gc,phases      ] GC(134)   Post Evacuate Collection Set: 0.5ms
[153.037s][info][gc,phases      ] GC(134)   Other: 0.1ms
[153.037s][info][gc,heap        ] GC(134) Eden regions: 1225->0(1226)
[153.037s][info][gc,heap        ] GC(134) Survivor regions: 3->2(154)
[153.037s][info][gc,heap        ] GC(134) Old regions: 8->8
[153.037s][info][gc,heap        ] GC(134) Humongous regions: 2->2
[153.037s][info][gc,metaspace   ] GC(134) Metaspace: 16563K(17024K)->16563K(17024K) NonClass: 14231K(14464K)->14231K(14464K) Class: 2331K(2560K)->2331K(2560K)
[153.037s][info][gc             ] GC(134) Pause Young (Normal) (G1 Evacuation Pause) 1235M->8M(2048M) 1.816ms
[153.037s][info][gc,cpu         ] GC(134) User=0.00s Sys=0.00s Real=0.00s
[156.746s][info][gc,start       ] GC(135) Pause Young (Normal) (G1 Evacuation Pause)
[156.746s][info][gc,task        ] GC(135) Using 6 workers of 6 for evacuation
[156.946s][info][gc,phases      ] GC(135)   Pre Evacuate Collection Set: 0.3ms
[156.946s][info][gc,phases      ] GC(135)   Merge Heap Roots: 0.2ms
[156.946s][info][gc,phases      ] GC(135)   Evacuate Collection Set: 197.6ms
[156.946s][info][gc,phases      ] GC(135)   Post Evacuate Collection Set: 1.4ms
[156.946s][info][gc,phases      ] GC(135)   Other: 0.1ms
[156.946s][info][gc,heap        ] GC(135) Eden regions: 1226->0(884)
[156.946s][info][gc,heap        ] GC(135) Survivor regions: 2->154(154)
[156.946s][info][gc,heap        ] GC(135) Old regions: 8->313
[156.946s][info][gc,heap        ] GC(135) Humongous regions: 4->4
[156.946s][info][gc,metaspace   ] GC(135) Metaspace: 16563K(17024K)->16563K(17024K) NonClass: 14231K(14464K)->14231K(14464K) Class: 2331K(2560K)->2331K(2560K)
[156.946s][info][gc             ] GC(135) Pause Young (Normal) (G1 Evacuation Pause) 1236M->468M(2048M) 199.954ms
[156.946s][info][gc,cpu         ] GC(135) User=1.14s Sys=0.00s Real=0.20s
[157.547s][info][gc,start       ] GC(136) Pause Young (Normal) (G1 Evacuation Pause)
[157.547s][info][gc,task        ] GC(136) Using 6 workers of 6 for evacuation
[157.817s][info][gc,mmu         ] GC(136) MMU target violated: 201.0ms (200.0ms/201.0ms)
[157.817s][info][gc,phases      ] GC(136)   Pre Evacuate Collection Set: 0.6ms
[157.817s][info][gc,phases      ] GC(136)   Merge Heap Roots: 1.3ms
[157.817s][info][gc,phases      ] GC(136)   Evacuate Collection Set: 266.0ms
[157.817s][info][gc,phases      ] GC(136)   Post Evacuate Collection Set: 1.6ms
[157.817s][info][gc,phases      ] GC(136)   Other: 0.3ms
[157.817s][info][gc,heap        ] GC(136) Eden regions: 884->0(545)
[157.817s][info][gc,heap        ] GC(136) Survivor regions: 154->130(130)
[157.817s][info][gc,heap        ] GC(136) Old regions: 313->719
[157.817s][info][gc,heap        ] GC(136) Humongous regions: 7->7
[157.817s][info][gc,metaspace   ] GC(136) Metaspace: 16563K(17024K)->16563K(17024K) NonClass: 14231K(14464K)->14231K(14464K) Class: 2331K(2560K)->2331K(2560K)
[157.817s][info][gc             ] GC(136) Pause Young (Normal) (G1 Evacuation Pause) 1355M->852M(2048M) 269.957ms
[157.817s][info][gc,cpu         ] GC(136) User=1.59s Sys=0.00s Real=0.27s
[158.725s][info][gc,start       ] GC(137) Pause Young (Normal) (G1 Evacuation Pause)
[158.725s][info][gc,task        ] GC(137) Using 6 workers of 6 for evacuation
[158.809s][info][gc,phases      ] GC(137)   Pre Evacuate Collection Set: 0.4ms
[158.809s][info][gc,phases      ] GC(137)   Merge Heap Roots: 1.6ms
[158.809s][info][gc,phases      ] GC(137)   Evacuate Collection Set: 80.6ms
[158.809s][info][gc,phases      ] GC(137)   Post Evacuate Collection Set: 1.3ms
[158.809s][info][gc,phases      ] GC(137)   Other: 0.1ms
[158.809s][info][gc,heap        ] GC(137) Eden regions: 427->0(639)
[158.810s][info][gc,heap        ] GC(137) Survivor regions: 130->9(70)
[158.810s][info][gc,heap        ] GC(137) Old regions: 719->832
[158.810s][info][gc,heap        ] GC(137) Humongous regions: 10->10
[158.810s][info][gc,metaspace   ] GC(137) Metaspace: 16563K(17024K)->16563K(17024K) NonClass: 14231K(14464K)->14231K(14464K) Class: 2331K(2560K)->2331K(2560K)
[158.810s][info][gc             ] GC(137) Pause Young (Normal) (G1 Evacuation Pause) 1282M->847M(2048M) 84.175ms
[158.810s][info][gc,cpu         ] GC(137) User=0.45s Sys=0.00s Real=0.08s
[159.685s][info][gc,start       ] GC(138) Pause Full (System.gc())
[159.685s][info][gc,task        ] GC(138) Using 6 workers of 6 for full compaction
[159.686s][info][gc,phases,start] GC(138) Phase 1: Mark live objects
[159.688s][info][gc,phases      ] GC(138) Phase 1: Mark live objects 2.634ms
[159.689s][info][gc,phases,start] GC(138) Phase 2: Prepare compaction
[159.690s][info][gc,phases      ] GC(138) Phase 2: Prepare compaction 1.338ms
[159.690s][info][gc,phases,start] GC(138) Phase 3: Adjust pointers
[159.692s][info][gc,phases      ] GC(138) Phase 3: Adjust pointers 2.118ms
[159.692s][info][gc,phases,start] GC(138) Phase 4: Compact heap
[159.693s][info][gc,phases      ] GC(138) Phase 4: Compact heap 1.144ms
[159.693s][info][gc,phases,start] GC(138) Phase 5: Reset Metadata
[159.694s][info][gc,phases      ] GC(138) Phase 5: Reset Metadata 0.800ms
[159.700s][info][gc,heap        ] GC(138) Eden regions: 179->0(798)
[159.700s][info][gc,heap        ] GC(138) Survivor regions: 9->0(70)
[159.700s][info][gc,heap        ] GC(138) Old regions: 832->8
[159.700s][info][gc,heap        ] GC(138) Humongous regions: 10->2
[159.700s][info][gc,metaspace   ] GC(138) Metaspace: 16563K(17024K)->16563K(17024K) NonClass: 14231K(14464K)->14231K(14464K) Class: 2331K(2560K)->2331K(2560K)
[159.700s][info][gc             ] GC(138) Pause Full (System.gc()) 1026M->7M(2048M) 14.491ms
[159.700s][info][gc,cpu         ] GC(138) User=0.00s Sys=0.00s Real=0.02s
[160.989s][info][gc,start       ] GC(139) Pause Young (Normal) (G1 Evacuation Pause)
[160.989s][info][gc,task        ] GC(139) Using 6 workers of 6 for evacuation
[160.991s][info][gc,phases      ] GC(139)   Pre Evacuate Collection Set: 0.3ms
[160.991s][info][gc,phases      ] GC(139)   Merge Heap Roots: 0.1ms
[160.991s][info][gc,phases      ] GC(139)   Evacuate Collection Set: 0.3ms
[160.991s][info][gc,phases      ] GC(139)   Post Evacuate Collection Set: 0.5ms
[160.991s][info][gc,phases      ] GC(139)   Other: 0.1ms
[160.991s][info][gc,heap        ] GC(139) Eden regions: 979->0(955)
[160.991s][info][gc,heap        ] GC(139) Survivor regions: 0->3(123)
[160.991s][info][gc,heap        ] GC(139) Old regions: 8->8
[160.991s][info][gc,heap        ] GC(139) Humongous regions: 2->2
[160.991s][info][gc,metaspace   ] GC(139) Metaspace: 16563K(17024K)->16563K(17024K) NonClass: 14231K(14464K)->14231K(14464K) Class: 2331K(2560K)->2331K(2560K)
[160.991s][info][gc             ] GC(139) Pause Young (Normal) (G1 Evacuation Pause) 986M->10M(2048M) 1.481ms
[160.991s][info][gc,cpu         ] GC(139) User=0.00s Sys=0.00s Real=0.00s
[161.165s][info][gc,start       ] GC(140) Pause Young (Normal) (G1 Evacuation Pause)
[161.165s][info][gc,task        ] GC(140) Using 6 workers of 6 for evacuation
[161.166s][info][gc,phases      ] GC(140)   Pre Evacuate Collection Set: 0.3ms
[161.166s][info][gc,phases      ] GC(140)   Merge Heap Roots: 0.1ms
[161.166s][info][gc,phases      ] GC(140)   Evacuate Collection Set: 0.3ms
[161.166s][info][gc,phases      ] GC(140)   Post Evacuate Collection Set: 0.5ms
[161.166s][info][gc,phases      ] GC(140)   Other: 0.1ms
[161.167s][info][gc,heap        ] GC(140) Eden regions: 1122->0(1185)
[161.167s][info][gc,heap        ] GC(140) Survivor regions: 3->2(141)
[161.167s][info][gc,heap        ] GC(140) Old regions: 8->8
[161.167s][info][gc,heap        ] GC(140) Humongous regions: 2->2
[161.167s][info][gc,metaspace   ] GC(140) Metaspace: 16563K(17024K)->16563K(17024K) NonClass: 14231K(14464K)->14231K(14464K) Class: 2331K(2560K)->2331K(2560K)
[161.167s][info][gc             ] GC(140) Pause Young (Normal) (G1 Evacuation Pause) 1132M->8M(2048M) 1.698ms
[161.167s][info][gc,cpu         ] GC(140) User=0.00s Sys=0.00s Real=0.00s
[161.686s][info][gc,start       ] GC(141) Pause Young (Normal) (G1 Evacuation Pause)
[161.686s][info][gc,task        ] GC(141) Using 6 workers of 6 for evacuation
[161.846s][info][gc,phases      ] GC(141)   Pre Evacuate Collection Set: 0.2ms
[161.846s][info][gc,phases      ] GC(141)   Merge Heap Roots: 0.1ms
[161.846s][info][gc,phases      ] GC(141)   Evacuate Collection Set: 158.8ms
[161.846s][info][gc,phases      ] GC(141)   Post Evacuate Collection Set: 1.2ms
[161.846s][info][gc,phases      ] GC(141)   Other: 0.1ms
[161.846s][info][gc,heap        ] GC(141) Eden regions: 1226->0(934)
[161.846s][info][gc,heap        ] GC(141) Survivor regions: 2->154(154)
[161.846s][info][gc,heap        ] GC(141) Old regions: 8->207
[161.846s][info][gc,heap        ] GC(141) Humongous regions: 3->3
[161.846s][info][gc,metaspace   ] GC(141) Metaspace: 16563K(17024K)->16563K(17024K) NonClass: 14231K(14464K)->14231K(14464K) Class: 2331K(2560K)->2331K(2560K)
[161.846s][info][gc             ] GC(141) Pause Young (Normal) (G1 Evacuation Pause) 1235M->361M(2048M) 160.620ms
[161.846s][info][gc,cpu         ] GC(141) User=0.88s Sys=0.00s Real=0.16s
[165.507s][info][gc,start       ] GC(142) Pause Young (Normal) (G1 Evacuation Pause)
[165.507s][info][gc,task        ] GC(142) Using 6 workers of 6 for evacuation
[165.748s][info][gc,mmu         ] GC(142) MMU target violated: 201.0ms (200.0ms/201.0ms)
[165.748s][info][gc,phases      ] GC(142)   Pre Evacuate Collection Set: 0.5ms
[165.748s][info][gc,phases      ] GC(142)   Merge Heap Roots: 1.6ms
[165.748s][info][gc,phases      ] GC(142)   Evacuate Collection Set: 236.7ms
[165.748s][info][gc,phases      ] GC(142)   Post Evacuate Collection Set: 1.8ms
[165.748s][info][gc,phases      ] GC(142)   Other: 0.2ms
[165.748s][info][gc,heap        ] GC(142) Eden regions: 834->0(480)
[165.748s][info][gc,heap        ] GC(142) Survivor regions: 154->124(124)
[165.748s][info][gc,heap        ] GC(142) Old regions: 207->566
[165.748s][info][gc,heap        ] GC(142) Humongous regions: 4->4
[165.748s][info][gc,metaspace   ] GC(142) Metaspace: 16563K(17024K)->16563K(17024K) NonClass: 14231K(14464K)->14231K(14464K) Class: 2331K(2560K)->2331K(2560K)
[165.748s][info][gc             ] GC(142) Pause Young (Normal) (G1 Evacuation Pause) 1196M->690M(2048M) 241.092ms
[165.748s][info][gc,cpu         ] GC(142) User=1.36s Sys=0.00s Real=0.25s
[166.034s][info][gc,start       ] GC(143) Pause Young (Normal) (G1 Evacuation Pause)
[166.034s][info][gc,task        ] GC(143) Using 6 workers of 6 for evacuation
[166.183s][info][gc,phases      ] GC(143)   Pre Evacuate Collection Set: 0.4ms
[166.183s][info][gc,phases      ] GC(143)   Merge Heap Roots: 1.4ms
[166.183s][info][gc,phases      ] GC(143)   Evacuate Collection Set: 146.8ms
[166.183s][info][gc,phases      ] GC(143)   Post Evacuate Collection Set: 1.0ms
[166.183s][info][gc,phases      ] GC(143)   Other: 0.1ms
[166.183s][info][gc,heap        ] GC(143) Eden regions: 359->0(589)
[166.183s][info][gc,heap        ] GC(143) Survivor regions: 124->61(61)
[166.183s][info][gc,heap        ] GC(143) Old regions: 566->781
[166.183s][info][gc,heap        ] GC(143) Humongous regions: 7->7
[166.184s][info][gc,metaspace   ] GC(143) Metaspace: 16563K(17024K)->16563K(17024K) NonClass: 14231K(14464K)->14231K(14464K) Class: 2331K(2560K)->2331K(2560K)
[166.184s][info][gc             ] GC(143) Pause Young (Normal) (G1 Evacuation Pause) 1052M->846M(2048M) 150.030ms
[166.184s][info][gc,cpu         ] GC(143) User=0.84s Sys=0.00s Real=0.14s
[167.439s][info][gc,start       ] GC(144) Pause Young (Normal) (G1 Evacuation Pause)
[167.439s][info][gc,task        ] GC(144) Using 6 workers of 6 for evacuation
[167.487s][info][gc,phases      ] GC(144)   Pre Evacuate Collection Set: 0.5ms
[167.487s][info][gc,phases      ] GC(144)   Merge Heap Roots: 1.9ms
[167.487s][info][gc,phases      ] GC(144)   Evacuate Collection Set: 45.0ms
[167.487s][info][gc,phases      ] GC(144)   Post Evacuate Collection Set: 0.6ms
[167.487s][info][gc,phases      ] GC(144)   Other: 0.1ms
[167.487s][info][gc,heap        ] GC(144) Eden regions: 576->0(669)
[167.487s][info][gc,heap        ] GC(144) Survivor regions: 61->5(80)
[167.487s][info][gc,heap        ] GC(144) Old regions: 781->836
[167.487s][info][gc,heap        ] GC(144) Humongous regions: 10->10
[167.487s][info][gc,metaspace   ] GC(144) Metaspace: 16563K(17024K)->16563K(17024K) NonClass: 14231K(14464K)->14231K(14464K) Class: 2331K(2560K)->2331K(2560K)
[167.487s][info][gc             ] GC(144) Pause Young (Normal) (G1 Evacuation Pause) 1425M->847M(2048M) 48.261ms
[167.487s][info][gc,cpu         ] GC(144) User=0.17s Sys=0.00s Real=0.05s
[168.099s][info][gc,start       ] GC(145) Pause Full (System.gc())
[168.099s][info][gc,task        ] GC(145) Using 6 workers of 6 for full compaction
[168.100s][info][gc,phases,start] GC(145) Phase 1: Mark live objects
[168.103s][info][gc,phases      ] GC(145) Phase 1: Mark live objects 2.919ms
[168.103s][info][gc,phases,start] GC(145) Phase 2: Prepare compaction
[168.104s][info][gc,phases      ] GC(145) Phase 2: Prepare compaction 1.345ms
[168.104s][info][gc,phases,start] GC(145) Phase 3: Adjust pointers
[168.106s][info][gc,phases      ] GC(145) Phase 3: Adjust pointers 2.341ms
[168.106s][info][gc,phases,start] GC(145) Phase 4: Compact heap
[168.107s][info][gc,phases      ] GC(145) Phase 4: Compact heap 1.026ms
[168.108s][info][gc,phases,start] GC(145) Phase 5: Reset Metadata
[168.108s][info][gc,phases      ] GC(145) Phase 5: Reset Metadata 0.840ms
[168.114s][info][gc,heap        ] GC(145) Eden regions: 77->0(1019)
[168.114s][info][gc,heap        ] GC(145) Survivor regions: 5->0(80)
[168.114s][info][gc,heap        ] GC(145) Old regions: 836->8
[168.114s][info][gc,heap        ] GC(145) Humongous regions: 10->2
[168.114s][info][gc,metaspace   ] GC(145) Metaspace: 16563K(17024K)->16563K(17024K) NonClass: 14231K(14464K)->14231K(14464K) Class: 2331K(2560K)->2331K(2560K)
[168.114s][info][gc             ] GC(145) Pause Full (System.gc()) 924M->7M(2048M) 14.485ms
[168.114s][info][gc,cpu         ] GC(145) User=0.00s Sys=0.00s Real=0.02s
[169.338s][info][gc,start       ] GC(146) Pause Young (Normal) (G1 Evacuation Pause)
[169.338s][info][gc,task        ] GC(146) Using 6 workers of 6 for evacuation
[169.340s][info][gc,phases      ] GC(146)   Pre Evacuate Collection Set: 0.3ms
[169.340s][info][gc,phases      ] GC(146)   Merge Heap Roots: 0.1ms
[169.340s][info][gc,phases      ] GC(146)   Evacuate Collection Set: 0.4ms
[169.340s][info][gc,phases      ] GC(146)   Post Evacuate Collection Set: 0.6ms
[169.340s][info][gc,phases      ] GC(146)   Other: 0.1ms
[169.340s][info][gc,heap        ] GC(146) Eden regions: 1178->0(1225)
[169.340s][info][gc,heap        ] GC(146) Survivor regions: 0->3(148)
[169.340s][info][gc,heap        ] GC(146) Old regions: 8->8
[169.340s][info][gc,heap        ] GC(146) Humongous regions: 2->2
[169.340s][info][gc,metaspace   ] GC(146) Metaspace: 16563K(17024K)->16563K(17024K) NonClass: 14232K(14464K)->14232K(14464K) Class: 2331K(2560K)->2331K(2560K)
[169.340s][info][gc             ] GC(146) Pause Young (Normal) (G1 Evacuation Pause) 1185M->10M(2048M) 1.656ms
[169.340s][info][gc,cpu         ] GC(146) User=0.00s Sys=0.00s Real=0.00s
[169.538s][info][gc,start       ] GC(147) Pause Young (Normal) (G1 Evacuation Pause)
[169.539s][info][gc,task        ] GC(147) Using 6 workers of 6 for evacuation
[169.540s][info][gc,phases      ] GC(147)   Pre Evacuate Collection Set: 0.3ms
[169.540s][info][gc,phases      ] GC(147)   Merge Heap Roots: 0.1ms
[169.540s][info][gc,phases      ] GC(147)   Evacuate Collection Set: 0.3ms
[169.540s][info][gc,phases      ] GC(147)   Post Evacuate Collection Set: 0.5ms
[169.540s][info][gc,phases      ] GC(147)   Other: 0.1ms
[169.540s][info][gc,heap        ] GC(147) Eden regions: 1225->0(1227)
[169.540s][info][gc,heap        ] GC(147) Survivor regions: 3->1(154)
[169.540s][info][gc,heap        ] GC(147) Old regions: 8->8
[169.540s][info][gc,heap        ] GC(147) Humongous regions: 2->2
[169.540s][info][gc,metaspace   ] GC(147) Metaspace: 16563K(17024K)->16563K(17024K) NonClass: 14232K(14464K)->14232K(14464K) Class: 2331K(2560K)->2331K(2560K)
[169.540s][info][gc             ] GC(147) Pause Young (Normal) (G1 Evacuation Pause) 1235M->8M(2048M) 1.575ms
[169.540s][info][gc,cpu         ] GC(147) User=0.00s Sys=0.00s Real=0.00s
[173.286s][info][gc,start       ] GC(148) Pause Young (Normal) (G1 Evacuation Pause)
[173.286s][info][gc,task        ] GC(148) Using 6 workers of 6 for evacuation
[173.476s][info][gc,phases      ] GC(148)   Pre Evacuate Collection Set: 0.4ms
[173.477s][info][gc,phases      ] GC(148)   Merge Heap Roots: 0.3ms
[173.477s][info][gc,phases      ] GC(148)   Evacuate Collection Set: 187.6ms
[173.477s][info][gc,phases      ] GC(148)   Post Evacuate Collection Set: 1.5ms
[173.477s][info][gc,phases      ] GC(148)   Other: 0.2ms
[173.477s][info][gc,heap        ] GC(148) Eden regions: 1227->0(902)
[173.477s][info][gc,heap        ] GC(148) Survivor regions: 1->154(154)
[173.477s][info][gc,heap        ] GC(148) Old regions: 8->289
[173.477s][info][gc,heap        ] GC(148) Humongous regions: 4->4
[173.477s][info][gc,metaspace   ] GC(148) Metaspace: 16567K(17024K)->16567K(17024K) NonClass: 14236K(14464K)->14236K(14464K) Class: 2331K(2560K)->2331K(2560K)
[173.477s][info][gc             ] GC(148) Pause Young (Normal) (G1 Evacuation Pause) 1237M->443M(2048M) 190.192ms
[173.477s][info][gc,cpu         ] GC(148) User=1.09s Sys=0.00s Real=0.19s
[174.034s][info][gc,start       ] GC(149) Pause Young (Normal) (G1 Evacuation Pause)
[174.034s][info][gc,task        ] GC(149) Using 6 workers of 6 for evacuation
[174.297s][info][gc,mmu         ] GC(149) MMU target violated: 201.0ms (200.0ms/201.0ms)
[174.297s][info][gc,phases      ] GC(149)   Pre Evacuate Collection Set: 0.4ms
[174.297s][info][gc,phases      ] GC(149)   Merge Heap Roots: 1.1ms
[174.297s][info][gc,phases      ] GC(149)   Evacuate Collection Set: 259.6ms
[174.297s][info][gc,phases      ] GC(149)   Post Evacuate Collection Set: 1.2ms
[174.297s][info][gc,phases      ] GC(149)   Other: 0.2ms
[174.297s][info][gc,heap        ] GC(149) Eden regions: 902->0(525)
[174.297s][info][gc,heap        ] GC(149) Survivor regions: 154->132(132)
[174.297s][info][gc,heap        ] GC(149) Old regions: 289->688
[174.297s][info][gc,heap        ] GC(149) Humongous regions: 7->7
[174.297s][info][gc,metaspace   ] GC(149) Metaspace: 16567K(17024K)->16567K(17024K) NonClass: 14236K(14464K)->14236K(14464K) Class: 2331K(2560K)->2331K(2560K)
[174.297s][info][gc             ] GC(149) Pause Young (Normal) (G1 Evacuation Pause) 1348M->823M(2048M) 262.694ms
[174.297s][info][gc,cpu         ] GC(149) User=1.52s Sys=0.00s Real=0.27s
[175.163s][info][gc,start       ] GC(150) Pause Young (Normal) (G1 Evacuation Pause)
[175.164s][info][gc,task        ] GC(150) Using 6 workers of 6 for evacuation
[175.233s][info][gc,phases      ] GC(150)   Pre Evacuate Collection Set: 0.4ms
[175.233s][info][gc,phases      ] GC(150)   Merge Heap Roots: 2.0ms
[175.233s][info][gc,phases      ] GC(150)   Evacuate Collection Set: 66.5ms
[175.233s][info][gc,phases      ] GC(150)   Post Evacuate Collection Set: 0.8ms
[175.233s][info][gc,phases      ] GC(150)   Other: 0.1ms
[175.233s][info][gc,heap        ] GC(150) Eden regions: 444->0(698)
[175.233s][info][gc,heap        ] GC(150) Survivor regions: 132->17(72)
[175.233s][info][gc,heap        ] GC(150) Old regions: 688->812
[175.233s][info][gc,heap        ] GC(150) Humongous regions: 10->10
[175.233s][info][gc,metaspace   ] GC(150) Metaspace: 16567K(17024K)->16567K(17024K) NonClass: 14236K(14464K)->14236K(14464K) Class: 2331K(2560K)->2331K(2560K)
[175.233s][info][gc             ] GC(150) Pause Young (Normal) (G1 Evacuation Pause) 1270M->835M(2048M) 69.995ms
[175.233s][info][gc,cpu         ] GC(150) User=0.38s Sys=0.00s Real=0.06s
[176.150s][info][gc,start       ] GC(151) Pause Full (System.gc())
[176.150s][info][gc,task        ] GC(151) Using 6 workers of 6 for full compaction
[176.150s][info][gc,phases,start] GC(151) Phase 1: Mark live objects
[176.153s][info][gc,phases      ] GC(151) Phase 1: Mark live objects 2.675ms
[176.153s][info][gc,phases,start] GC(151) Phase 2: Prepare compaction
[176.154s][info][gc,phases      ] GC(151) Phase 2: Prepare compaction 1.196ms
[176.154s][info][gc,phases,start] GC(151) Phase 3: Adjust pointers
[176.156s][info][gc,phases      ] GC(151) Phase 3: Adjust pointers 2.308ms
[176.156s][info][gc,phases,start] GC(151) Phase 4: Compact heap
[176.157s][info][gc,phases      ] GC(151) Phase 4: Compact heap 0.890ms
[176.157s][info][gc,phases,start] GC(151) Phase 5: Reset Metadata
[176.158s][info][gc,phases      ] GC(151) Phase 5: Reset Metadata 0.776ms
[176.164s][info][gc,heap        ] GC(151) Eden regions: 202->0(1228)
[176.164s][info][gc,heap        ] GC(151) Survivor regions: 17->0(72)
[176.164s][info][gc,heap        ] GC(151) Old regions: 812->8
[176.164s][info][gc,heap        ] GC(151) Humongous regions: 10->2
[176.164s][info][gc,metaspace   ] GC(151) Metaspace: 16567K(17024K)->16567K(17024K) NonClass: 14236K(14464K)->14236K(14464K) Class: 2331K(2560K)->2331K(2560K)
[176.164s][info][gc             ] GC(151) Pause Full (System.gc()) 1036M->7M(2048M) 14.546ms
[176.164s][info][gc,cpu         ] GC(151) User=0.00s Sys=0.00s Real=0.02s
[177.517s][info][gc,start       ] GC(152) Pause Young (Normal) (G1 Evacuation Pause)
[177.517s][info][gc,task        ] GC(152) Using 6 workers of 6 for evacuation
[177.518s][info][gc,phases      ] GC(152)   Pre Evacuate Collection Set: 0.3ms
[177.518s][info][gc,phases      ] GC(152)   Merge Heap Roots: 0.1ms
[177.518s][info][gc,phases      ] GC(152)   Evacuate Collection Set: 0.3ms
[177.518s][info][gc,phases      ] GC(152)   Post Evacuate Collection Set: 0.5ms
[177.518s][info][gc,phases      ] GC(152)   Other: 0.1ms
[177.518s][info][gc,heap        ] GC(152) Eden regions: 1228->0(1225)
[177.518s][info][gc,heap        ] GC(152) Survivor regions: 0->3(154)
[177.518s][info][gc,heap        ] GC(152) Old regions: 8->8
[177.518s][info][gc,heap        ] GC(152) Humongous regions: 2->2
[177.518s][info][gc,metaspace   ] GC(152) Metaspace: 16568K(17024K)->16568K(17024K) NonClass: 14236K(14464K)->14236K(14464K) Class: 2331K(2560K)->2331K(2560K)
[177.518s][info][gc             ] GC(152) Pause Young (Normal) (G1 Evacuation Pause) 1235M->10M(2048M) 1.597ms
[177.518s][info][gc,cpu         ] GC(152) User=0.00s Sys=0.00s Real=0.00s
[177.707s][info][gc,start       ] GC(153) Pause Young (Normal) (G1 Evacuation Pause)
[177.707s][info][gc,task        ] GC(153) Using 6 workers of 6 for evacuation
[177.709s][info][gc,phases      ] GC(153)   Pre Evacuate Collection Set: 0.3ms
[177.709s][info][gc,phases      ] GC(153)   Merge Heap Roots: 0.2ms
[177.709s][info][gc,phases      ] GC(153)   Evacuate Collection Set: 0.3ms
[177.709s][info][gc,phases      ] GC(153)   Post Evacuate Collection Set: 0.5ms
[177.709s][info][gc,phases      ] GC(153)   Other: 0.1ms
[177.709s][info][gc,heap        ] GC(153) Eden regions: 1225->0(1226)
[177.709s][info][gc,heap        ] GC(153) Survivor regions: 3->2(154)
[177.709s][info][gc,heap        ] GC(153) Old regions: 8->8
[177.709s][info][gc,heap        ] GC(153) Humongous regions: 2->2
[177.709s][info][gc,metaspace   ] GC(153) Metaspace: 16568K(17024K)->16568K(17024K) NonClass: 14236K(14464K)->14236K(14464K) Class: 2331K(2560K)->2331K(2560K)
[177.709s][info][gc             ] GC(153) Pause Young (Normal) (G1 Evacuation Pause) 1235M->9M(2048M) 1.730ms
[177.709s][info][gc,cpu         ] GC(153) User=0.00s Sys=0.00s Real=0.00s
[180.527s][info][gc,start       ] GC(154) Pause Young (Normal) (G1 Evacuation Pause)
[180.527s][info][gc,task        ] GC(154) Using 6 workers of 6 for evacuation
[180.726s][info][gc,phases      ] GC(154)   Pre Evacuate Collection Set: 0.3ms
[180.727s][info][gc,phases      ] GC(154)   Merge Heap Roots: 0.2ms
[180.727s][info][gc,phases      ] GC(154)   Evacuate Collection Set: 197.5ms
[180.727s][info][gc,phases      ] GC(154)   Post Evacuate Collection Set: 1.4ms
[180.727s][info][gc,phases      ] GC(154)   Other: 0.2ms
[180.727s][info][gc,heap        ] GC(154) Eden regions: 1226->0(883)
[180.727s][info][gc,heap        ] GC(154) Survivor regions: 2->154(154)
[180.727s][info][gc,heap        ] GC(154) Old regions: 8->312
[180.727s][info][gc,heap        ] GC(154) Humongous regions: 4->4
[180.727s][info][gc,metaspace   ] GC(154) Metaspace: 16568K(17024K)->16568K(17024K) NonClass: 14236K(14464K)->14236K(14464K) Class: 2331K(2560K)->2331K(2560K)
[180.727s][info][gc             ] GC(154) Pause Young (Normal) (G1 Evacuation Pause) 1237M->467M(2048M) 199.792ms
[180.727s][info][gc,cpu         ] GC(154) User=1.09s Sys=0.00s Real=0.20s
[181.295s][info][gc,start       ] GC(155) Pause Young (Normal) (G1 Evacuation Pause)
[181.295s][info][gc,task        ] GC(155) Using 6 workers of 6 for evacuation
[181.556s][info][gc,mmu         ] GC(155) MMU target violated: 201.0ms (200.0ms/201.0ms)
[181.556s][info][gc,phases      ] GC(155)   Pre Evacuate Collection Set: 0.4ms
[181.556s][info][gc,phases      ] GC(155)   Merge Heap Roots: 1.3ms
[181.556s][info][gc,phases      ] GC(155)   Evacuate Collection Set: 256.7ms
[181.556s][info][gc,phases      ] GC(155)   Post Evacuate Collection Set: 1.8ms
[181.556s][info][gc,phases      ] GC(155)   Other: 0.3ms
[181.556s][info][gc,heap        ] GC(155) Eden regions: 861->0(536)
[181.556s][info][gc,heap        ] GC(155) Survivor regions: 154->127(127)
[181.556s][info][gc,heap        ] GC(155) Old regions: 312->704
[181.556s][info][gc,heap        ] GC(155) Humongous regions: 7->7
[181.556s][info][gc,metaspace   ] GC(155) Metaspace: 16568K(17024K)->16568K(17024K) NonClass: 14236K(14464K)->14236K(14464K) Class: 2331K(2560K)->2331K(2560K)
[181.556s][info][gc             ] GC(155) Pause Young (Normal) (G1 Evacuation Pause) 1331M->834M(2048M) 260.729ms
[181.556s][info][gc,cpu         ] GC(155) User=1.50s Sys=0.00s Real=0.26s
[182.468s][info][gc,start       ] GC(156) Pause Young (Normal) (G1 Evacuation Pause)
[182.468s][info][gc,task        ] GC(156) Using 6 workers of 6 for evacuation
[182.548s][info][gc,phases      ] GC(156)   Pre Evacuate Collection Set: 0.4ms
[182.548s][info][gc,phases      ] GC(156)   Merge Heap Roots: 2.0ms
[182.548s][info][gc,phases      ] GC(156)   Evacuate Collection Set: 76.5ms
[182.548s][info][gc,phases      ] GC(156)   Post Evacuate Collection Set: 1.1ms
[182.548s][info][gc,phases      ] GC(156)   Other: 0.2ms
[182.548s][info][gc,heap        ] GC(156) Eden regions: 437->0(700)
[182.548s][info][gc,heap        ] GC(156) Survivor regions: 127->16(71)
[182.548s][info][gc,heap        ] GC(156) Old regions: 704->819
[182.548s][info][gc,heap        ] GC(156) Humongous regions: 10->10
[182.548s][info][gc,metaspace   ] GC(156) Metaspace: 16568K(17024K)->16568K(17024K) NonClass: 14236K(14464K)->14236K(14464K) Class: 2331K(2560K)->2331K(2560K)
[182.548s][info][gc             ] GC(156) Pause Young (Normal) (G1 Evacuation Pause) 1274M->841M(2048M) 80.446ms
[182.548s][info][gc,cpu         ] GC(156) User=0.41s Sys=0.00s Real=0.09s
[183.447s][info][gc,start       ] GC(157) Pause Full (System.gc())
[183.447s][info][gc,task        ] GC(157) Using 6 workers of 6 for full compaction
[183.447s][info][gc,phases,start] GC(157) Phase 1: Mark live objects
[183.450s][info][gc,phases      ] GC(157) Phase 1: Mark live objects 2.659ms
[183.450s][info][gc,phases,start] GC(157) Phase 2: Prepare compaction
[183.451s][info][gc,phases      ] GC(157) Phase 2: Prepare compaction 1.473ms
[183.451s][info][gc,phases,start] GC(157) Phase 3: Adjust pointers
[183.454s][info][gc,phases      ] GC(157) Phase 3: Adjust pointers 2.233ms
[183.454s][info][gc,phases,start] GC(157) Phase 4: Compact heap
[183.455s][info][gc,phases      ] GC(157) Phase 4: Compact heap 1.413ms
[183.455s][info][gc,phases,start] GC(157) Phase 5: Reset Metadata
[183.456s][info][gc,phases      ] GC(157) Phase 5: Reset Metadata 0.962ms
[183.462s][info][gc,heap        ] GC(157) Eden regions: 195->0(1170)
[183.462s][info][gc,heap        ] GC(157) Survivor regions: 16->0(71)
[183.462s][info][gc,heap        ] GC(157) Old regions: 819->8
[183.462s][info][gc,heap        ] GC(157) Humongous regions: 10->2
[183.462s][info][gc,metaspace   ] GC(157) Metaspace: 16569K(17024K)->16569K(17024K) NonClass: 14238K(14464K)->14238K(14464K) Class: 2331K(2560K)->2331K(2560K)
[183.462s][info][gc             ] GC(157) Pause Full (System.gc()) 1036M->7M(2048M) 15.087ms
[183.462s][info][gc,cpu         ] GC(157) User=0.00s Sys=0.00s Real=0.02s
[184.847s][info][gc,start       ] GC(158) Pause Young (Normal) (G1 Evacuation Pause)
[184.847s][info][gc,task        ] GC(158) Using 6 workers of 6 for evacuation
[184.849s][info][gc,phases      ] GC(158)   Pre Evacuate Collection Set: 0.3ms
[184.849s][info][gc,phases      ] GC(158)   Merge Heap Roots: 0.1ms
[184.849s][info][gc,phases      ] GC(158)   Evacuate Collection Set: 0.3ms
[184.849s][info][gc,phases      ] GC(158)   Post Evacuate Collection Set: 0.6ms
[184.849s][info][gc,phases      ] GC(158)   Other: 0.1ms
[184.849s][info][gc,heap        ] GC(158) Eden regions: 1228->0(1225)
[184.849s][info][gc,heap        ] GC(158) Survivor regions: 0->3(154)
[184.849s][info][gc,heap        ] GC(158) Old regions: 8->8
[184.849s][info][gc,heap        ] GC(158) Humongous regions: 2->2
[184.849s][info][gc,metaspace   ] GC(158) Metaspace: 16570K(17024K)->16570K(17024K) NonClass: 14239K(14464K)->14239K(14464K) Class: 2331K(2560K)->2331K(2560K)
[184.849s][info][gc             ] GC(158) Pause Young (Normal) (G1 Evacuation Pause) 1235M->10M(2048M) 1.611ms
[184.849s][info][gc,cpu         ] GC(158) User=0.00s Sys=0.00s Real=0.00s
[185.038s][info][gc,start       ] GC(159) Pause Young (Normal) (G1 Evacuation Pause)
[185.038s][info][gc,task        ] GC(159) Using 6 workers of 6 for evacuation
[185.039s][info][gc,phases      ] GC(159)   Pre Evacuate Collection Set: 0.3ms
[185.039s][info][gc,phases      ] GC(159)   Merge Heap Roots: 0.2ms
[185.039s][info][gc,phases      ] GC(159)   Evacuate Collection Set: 0.3ms
[185.039s][info][gc,phases      ] GC(159)   Post Evacuate Collection Set: 0.5ms
[185.039s][info][gc,phases      ] GC(159)   Other: 0.1ms
[185.039s][info][gc,heap        ] GC(159) Eden regions: 1225->0(1226)
[185.039s][info][gc,heap        ] GC(159) Survivor regions: 3->2(154)
[185.039s][info][gc,heap        ] GC(159) Old regions: 8->8
[185.039s][info][gc,heap        ] GC(159) Humongous regions: 2->2
[185.039s][info][gc,metaspace   ] GC(159) Metaspace: 16570K(17024K)->16570K(17024K) NonClass: 14239K(14464K)->14239K(14464K) Class: 2331K(2560K)->2331K(2560K)
[185.040s][info][gc             ] GC(159) Pause Young (Normal) (G1 Evacuation Pause) 1235M->9M(2048M) 1.618ms
[185.040s][info][gc,cpu         ] GC(159) User=0.00s Sys=0.00s Real=0.00s
[187.777s][info][gc,start       ] GC(160) Pause Young (Normal) (G1 Evacuation Pause)
[187.777s][info][gc,task        ] GC(160) Using 6 workers of 6 for evacuation
[187.976s][info][gc,phases      ] GC(160)   Pre Evacuate Collection Set: 0.3ms
[187.976s][info][gc,phases      ] GC(160)   Merge Heap Roots: 0.3ms
[187.976s][info][gc,phases      ] GC(160)   Evacuate Collection Set: 197.0ms
[187.976s][info][gc,phases      ] GC(160)   Post Evacuate Collection Set: 1.4ms
[187.976s][info][gc,phases      ] GC(160)   Other: 0.2ms
[187.976s][info][gc,heap        ] GC(160) Eden regions: 1226->0(885)
[187.976s][info][gc,heap        ] GC(160) Survivor regions: 2->154(154)
[187.976s][info][gc,heap        ] GC(160) Old regions: 8->311
[187.976s][info][gc,heap        ] GC(160) Humongous regions: 4->4
[187.976s][info][gc,metaspace   ] GC(160) Metaspace: 16570K(17024K)->16570K(17024K) NonClass: 14239K(14464K)->14239K(14464K) Class: 2331K(2560K)->2331K(2560K)
[187.976s][info][gc             ] GC(160) Pause Young (Normal) (G1 Evacuation Pause) 1237M->466M(2048M) 199.397ms
[187.976s][info][gc,cpu         ] GC(160) User=1.06s Sys=0.00s Real=0.20s
[188.527s][info][gc,start       ] GC(161) Pause Young (Normal) (G1 Evacuation Pause)
[188.528s][info][gc,task        ] GC(161) Using 6 workers of 6 for evacuation
[188.786s][info][gc,mmu         ] GC(161) MMU target violated: 201.0ms (200.0ms/201.0ms)
[188.786s][info][gc,phases      ] GC(161)   Pre Evacuate Collection Set: 0.4ms
[188.786s][info][gc,phases      ] GC(161)   Merge Heap Roots: 1.5ms
[188.786s][info][gc,phases      ] GC(161)   Evacuate Collection Set: 254.9ms
[188.786s][info][gc,phases      ] GC(161)   Post Evacuate Collection Set: 1.2ms
[188.786s][info][gc,phases      ] GC(161)   Other: 0.2ms
[188.786s][info][gc,heap        ] GC(161) Eden regions: 843->0(529)
[188.786s][info][gc,heap        ] GC(161) Survivor regions: 154->125(125)
[188.786s][info][gc,heap        ] GC(161) Old regions: 311->692
[188.786s][info][gc,heap        ] GC(161) Humongous regions: 7->7
[188.786s][info][gc,metaspace   ] GC(161) Metaspace: 16570K(17024K)->16570K(17024K) NonClass: 14239K(14464K)->14239K(14464K) Class: 2331K(2560K)->2331K(2560K)
[188.786s][info][gc             ] GC(161) Pause Young (Normal) (G1 Evacuation Pause) 1312M->820M(2048M) 258.371ms
[188.786s][info][gc,cpu         ] GC(161) User=1.50s Sys=0.00s Real=0.25s
[189.667s][info][gc,start       ] GC(162) Pause Young (Normal) (G1 Evacuation Pause)
[189.667s][info][gc,task        ] GC(162) Using 6 workers of 6 for evacuation
[189.739s][info][gc,phases      ] GC(162)   Pre Evacuate Collection Set: 0.4ms
[189.739s][info][gc,phases      ] GC(162)   Merge Heap Roots: 2.0ms
[189.739s][info][gc,phases      ] GC(162)   Evacuate Collection Set: 68.9ms
[189.739s][info][gc,phases      ] GC(162)   Post Evacuate Collection Set: 0.8ms
[189.739s][info][gc,phases      ] GC(162)   Other: 0.1ms
[189.739s][info][gc,heap        ] GC(162) Eden regions: 441->0(706)
[189.739s][info][gc,heap        ] GC(162) Survivor regions: 125->18(71)
[189.739s][info][gc,heap        ] GC(162) Old regions: 692->811
[189.739s][info][gc,heap        ] GC(162) Humongous regions: 10->10
[189.739s][info][gc,metaspace   ] GC(162) Metaspace: 16570K(17024K)->16570K(17024K) NonClass: 14239K(14464K)->14239K(14464K) Class: 2331K(2560K)->2331K(2560K)
[189.739s][info][gc             ] GC(162) Pause Young (Normal) (G1 Evacuation Pause) 1264M->835M(2048M) 72.457ms
[189.739s][info][gc,cpu         ] GC(162) User=0.38s Sys=0.00s Real=0.06s
[190.668s][info][gc,start       ] GC(163) Pause Full (System.gc())
[190.668s][info][gc,task        ] GC(163) Using 6 workers of 6 for full compaction
[190.668s][info][gc,phases,start] GC(163) Phase 1: Mark live objects
[190.671s][info][gc,phases      ] GC(163) Phase 1: Mark live objects 2.808ms
[190.671s][info][gc,phases,start] GC(163) Phase 2: Prepare compaction
[190.672s][info][gc,phases      ] GC(163) Phase 2: Prepare compaction 0.900ms
[190.672s][info][gc,phases,start] GC(163) Phase 3: Adjust pointers
[190.674s][info][gc,phases      ] GC(163) Phase 3: Adjust pointers 2.080ms
[190.674s][info][gc,phases,start] GC(163) Phase 4: Compact heap
[190.675s][info][gc,phases      ] GC(163) Phase 4: Compact heap 0.786ms
[190.675s][info][gc,phases,start] GC(163) Phase 5: Reset Metadata
[190.675s][info][gc,phases      ] GC(163) Phase 5: Reset Metadata 0.784ms
[190.681s][info][gc,heap        ] GC(163) Eden regions: 210->0(1172)
[190.681s][info][gc,heap        ] GC(163) Survivor regions: 18->0(71)
[190.681s][info][gc,heap        ] GC(163) Old regions: 811->8
[190.681s][info][gc,heap        ] GC(163) Humongous regions: 10->2
[190.681s][info][gc,metaspace   ] GC(163) Metaspace: 16570K(17024K)->16570K(17024K) NonClass: 14239K(14464K)->14239K(14464K) Class: 2331K(2560K)->2331K(2560K)
[190.681s][info][gc             ] GC(163) Pause Full (System.gc()) 1045M->7M(2048M) 13.770ms
[190.681s][info][gc,cpu         ] GC(163) User=0.00s Sys=0.00s Real=0.00s
[192.092s][info][gc,start       ] GC(164) Pause Young (Normal) (G1 Evacuation Pause)
[192.092s][info][gc,task        ] GC(164) Using 6 workers of 6 for evacuation
[192.093s][info][gc,phases      ] GC(164)   Pre Evacuate Collection Set: 0.2ms
[192.093s][info][gc,phases      ] GC(164)   Merge Heap Roots: 0.1ms
[192.093s][info][gc,phases      ] GC(164)   Evacuate Collection Set: 0.3ms
[192.093s][info][gc,phases      ] GC(164)   Post Evacuate Collection Set: 0.6ms
[192.093s][info][gc,phases      ] GC(164)   Other: 0.1ms
[192.093s][info][gc,heap        ] GC(164) Eden regions: 1228->0(1225)
[192.093s][info][gc,heap        ] GC(164) Survivor regions: 0->3(154)
[192.093s][info][gc,heap        ] GC(164) Old regions: 8->8
[192.093s][info][gc,heap        ] GC(164) Humongous regions: 2->2
[192.093s][info][gc,metaspace   ] GC(164) Metaspace: 16570K(17024K)->16570K(17024K) NonClass: 14239K(14464K)->14239K(14464K) Class: 2331K(2560K)->2331K(2560K)
[192.094s][info][gc             ] GC(164) Pause Young (Normal) (G1 Evacuation Pause) 1235M->10M(2048M) 1.550ms
[192.094s][info][gc,cpu         ] GC(164) User=0.00s Sys=0.00s Real=0.00s
[192.283s][info][gc,start       ] GC(165) Pause Young (Normal) (G1 Evacuation Pause)
[192.283s][info][gc,task        ] GC(165) Using 6 workers of 6 for evacuation
[192.284s][info][gc,phases      ] GC(165)   Pre Evacuate Collection Set: 0.3ms
[192.284s][info][gc,phases      ] GC(165)   Merge Heap Roots: 0.2ms
[192.284s][info][gc,phases      ] GC(165)   Evacuate Collection Set: 0.3ms
[192.284s][info][gc,phases      ] GC(165)   Post Evacuate Collection Set: 0.5ms
[192.284s][info][gc,phases      ] GC(165)   Other: 0.1ms
[192.284s][info][gc,heap        ] GC(165) Eden regions: 1225->0(1226)
[192.284s][info][gc,heap        ] GC(165) Survivor regions: 3->2(154)
[192.284s][info][gc,heap        ] GC(165) Old regions: 8->8
[192.284s][info][gc,heap        ] GC(165) Humongous regions: 2->2
[192.284s][info][gc,metaspace   ] GC(165) Metaspace: 16570K(17024K)->16570K(17024K) NonClass: 14239K(14464K)->14239K(14464K) Class: 2331K(2560K)->2331K(2560K)
[192.284s][info][gc             ] GC(165) Pause Young (Normal) (G1 Evacuation Pause) 1235M->9M(2048M) 1.534ms
[192.284s][info][gc,cpu         ] GC(165) User=0.00s Sys=0.00s Real=0.00s
[195.933s][info][gc,start       ] GC(166) Pause Young (Normal) (G1 Evacuation Pause)
[195.933s][info][gc,task        ] GC(166) Using 6 workers of 6 for evacuation
[196.136s][info][gc,mmu         ] GC(166) MMU target violated: 201.0ms (200.0ms/201.0ms)
[196.137s][info][gc,phases      ] GC(166)   Pre Evacuate Collection Set: 0.3ms
[196.137s][info][gc,phases      ] GC(166)   Merge Heap Roots: 0.2ms
[196.137s][info][gc,phases      ] GC(166)   Evacuate Collection Set: 201.0ms
[196.137s][info][gc,phases      ] GC(166)   Post Evacuate Collection Set: 1.5ms
[196.137s][info][gc,phases      ] GC(166)   Other: 0.2ms
[196.137s][info][gc,heap        ] GC(166) Eden regions: 1226->0(888)
[196.137s][info][gc,heap        ] GC(166) Survivor regions: 2->154(154)
[196.137s][info][gc,heap        ] GC(166) Old regions: 8->310
[196.137s][info][gc,heap        ] GC(166) Humongous regions: 4->4
[196.137s][info][gc,metaspace   ] GC(166) Metaspace: 16570K(17024K)->16570K(17024K) NonClass: 14239K(14464K)->14239K(14464K) Class: 2331K(2560K)->2331K(2560K)
[196.137s][info][gc             ] GC(166) Pause Young (Normal) (G1 Evacuation Pause) 1237M->465M(2048M) 203.417ms
[196.137s][info][gc,cpu         ] GC(166) User=1.11s Sys=0.00s Real=0.20s
[196.728s][info][gc,start       ] GC(167) Pause Young (Normal) (G1 Evacuation Pause)
[196.728s][info][gc,task        ] GC(167) Using 6 workers of 6 for evacuation
[196.986s][info][gc,mmu         ] GC(167) MMU target violated: 201.0ms (200.0ms/201.0ms)
[196.986s][info][gc,phases      ] GC(167)   Pre Evacuate Collection Set: 0.4ms
[196.986s][info][gc,phases      ] GC(167)   Merge Heap Roots: 1.4ms
[196.986s][info][gc,phases      ] GC(167)   Evacuate Collection Set: 254.5ms
[196.986s][info][gc,phases      ] GC(167)   Post Evacuate Collection Set: 1.4ms
[196.986s][info][gc,phases      ] GC(167)   Other: 0.3ms
[196.986s][info][gc,heap        ] GC(167) Eden regions: 874->0(539)
[196.986s][info][gc,heap        ] GC(167) Survivor regions: 154->129(129)
[196.986s][info][gc,heap        ] GC(167) Old regions: 310->707
[196.986s][info][gc,heap        ] GC(167) Humongous regions: 7->7
[196.986s][info][gc,metaspace   ] GC(167) Metaspace: 16570K(17024K)->16570K(17024K) NonClass: 14239K(14464K)->14239K(14464K) Class: 2331K(2560K)->2331K(2560K)
[196.986s][info][gc             ] GC(167) Pause Young (Normal) (G1 Evacuation Pause) 1342M->840M(2048M) 258.233ms
[196.986s][info][gc,cpu         ] GC(167) User=1.52s Sys=0.00s Real=0.27s
[197.866s][info][gc,start       ] GC(168) Pause Young (Normal) (G1 Evacuation Pause)
[197.866s][info][gc,task        ] GC(168) Using 6 workers of 6 for evacuation
[197.948s][info][gc,phases      ] GC(168)   Pre Evacuate Collection Set: 0.3ms
[197.948s][info][gc,phases      ] GC(168)   Merge Heap Roots: 1.9ms
[197.948s][info][gc,phases      ] GC(168)   Evacuate Collection Set: 78.4ms
[197.948s][info][gc,phases      ] GC(168)   Post Evacuate Collection Set: 1.2ms
[197.948s][info][gc,phases      ] GC(168)   Other: 0.1ms
[197.948s][info][gc,heap        ] GC(168) Eden regions: 428->0(698)
[197.948s][info][gc,heap        ] GC(168) Survivor regions: 129->16(70)
[197.948s][info][gc,heap        ] GC(168) Old regions: 707->823
[197.948s][info][gc,heap        ] GC(168) Humongous regions: 10->10
[197.948s][info][gc,metaspace   ] GC(168) Metaspace: 16570K(17024K)->16570K(17024K) NonClass: 14239K(14464K)->14239K(14464K) Class: 2331K(2560K)->2331K(2560K)
[197.948s][info][gc             ] GC(168) Pause Young (Normal) (G1 Evacuation Pause) 1271M->846M(2048M) 82.121ms
[197.948s][info][gc,cpu         ] GC(168) User=0.45s Sys=0.00s Real=0.08s
[198.850s][info][gc,start       ] GC(169) Pause Full (System.gc())
[198.850s][info][gc,task        ] GC(169) Using 6 workers of 6 for full compaction
[198.850s][info][gc,phases,start] GC(169) Phase 1: Mark live objects
[198.853s][info][gc,phases      ] GC(169) Phase 1: Mark live objects 2.897ms
[198.853s][info][gc,phases,start] GC(169) Phase 2: Prepare compaction
[198.854s][info][gc,phases      ] GC(169) Phase 2: Prepare compaction 1.276ms
[198.854s][info][gc,phases,start] GC(169) Phase 3: Adjust pointers
[198.857s][info][gc,phases      ] GC(169) Phase 3: Adjust pointers 2.569ms
[198.857s][info][gc,phases,start] GC(169) Phase 4: Compact heap
[198.858s][info][gc,phases      ] GC(169) Phase 4: Compact heap 1.202ms
[198.858s][info][gc,phases,start] GC(169) Phase 5: Reset Metadata
[198.859s][info][gc,phases      ] GC(169) Phase 5: Reset Metadata 0.963ms
[198.865s][info][gc,heap        ] GC(169) Eden regions: 194->0(1171)
[198.865s][info][gc,heap        ] GC(169) Survivor regions: 16->0(70)
[198.865s][info][gc,heap        ] GC(169) Old regions: 823->8
[198.865s][info][gc,heap        ] GC(169) Humongous regions: 10->2
[198.865s][info][gc,metaspace   ] GC(169) Metaspace: 16570K(17024K)->16570K(17024K) NonClass: 14239K(14464K)->14239K(14464K) Class: 2331K(2560K)->2331K(2560K)
[198.865s][info][gc             ] GC(169) Pause Full (System.gc()) 1040M->7M(2048M) 15.084ms
[198.865s][info][gc,cpu         ] GC(169) User=0.02s Sys=0.00s Real=0.02s
[200.223s][info][gc,start       ] GC(170) Pause Young (Normal) (G1 Evacuation Pause)
[200.223s][info][gc,task        ] GC(170) Using 6 workers of 6 for evacuation
[200.225s][info][gc,phases      ] GC(170)   Pre Evacuate Collection Set: 0.3ms
[200.225s][info][gc,phases      ] GC(170)   Merge Heap Roots: 0.2ms
[200.225s][info][gc,phases      ] GC(170)   Evacuate Collection Set: 0.3ms
[200.225s][info][gc,phases      ] GC(170)   Post Evacuate Collection Set: 0.6ms
[200.225s][info][gc,phases      ] GC(170)   Other: 0.1ms
[200.225s][info][gc,heap        ] GC(170) Eden regions: 1228->0(1225)
[200.225s][info][gc,heap        ] GC(170) Survivor regions: 0->3(154)
[200.225s][info][gc,heap        ] GC(170) Old regions: 8->8
[200.225s][info][gc,heap        ] GC(170) Humongous regions: 2->2
[200.225s][info][gc,metaspace   ] GC(170) Metaspace: 16572K(17024K)->16572K(17024K) NonClass: 14240K(14464K)->14240K(14464K) Class: 2331K(2560K)->2331K(2560K)
[200.225s][info][gc             ] GC(170) Pause Young (Normal) (G1 Evacuation Pause) 1235M->10M(2048M) 1.669ms
[200.225s][info][gc,cpu         ] GC(170) User=0.00s Sys=0.00s Real=0.00s
[200.423s][info][gc,start       ] GC(171) Pause Young (Normal) (G1 Evacuation Pause)
[200.423s][info][gc,task        ] GC(171) Using 6 workers of 6 for evacuation
[200.425s][info][gc,phases      ] GC(171)   Pre Evacuate Collection Set: 0.4ms
[200.425s][info][gc,phases      ] GC(171)   Merge Heap Roots: 0.2ms
[200.425s][info][gc,phases      ] GC(171)   Evacuate Collection Set: 0.5ms
[200.425s][info][gc,phases      ] GC(171)   Post Evacuate Collection Set: 0.6ms
[200.425s][info][gc,phases      ] GC(171)   Other: 0.1ms
[200.425s][info][gc,heap        ] GC(171) Eden regions: 1225->0(1226)
[200.425s][info][gc,heap        ] GC(171) Survivor regions: 3->2(154)
[200.425s][info][gc,heap        ] GC(171) Old regions: 8->8
[200.425s][info][gc,heap        ] GC(171) Humongous regions: 2->2
[200.425s][info][gc,metaspace   ] GC(171) Metaspace: 16572K(17024K)->16572K(17024K) NonClass: 14240K(14464K)->14240K(14464K) Class: 2331K(2560K)->2331K(2560K)
[200.425s][info][gc             ] GC(171) Pause Young (Normal) (G1 Evacuation Pause) 1235M->8M(2048M) 1.896ms
[200.425s][info][gc,cpu         ] GC(171) User=0.00s Sys=0.00s Real=0.00s
[203.580s][info][gc,start       ] GC(172) Pause Young (Normal) (G1 Evacuation Pause)
[203.580s][info][gc,task        ] GC(172) Using 6 workers of 6 for evacuation
[203.778s][info][gc,phases      ] GC(172)   Pre Evacuate Collection Set: 0.3ms
[203.778s][info][gc,phases      ] GC(172)   Merge Heap Roots: 0.2ms
[203.778s][info][gc,phases      ] GC(172)   Evacuate Collection Set: 196.3ms
[203.778s][info][gc,phases      ] GC(172)   Post Evacuate Collection Set: 1.4ms
[203.778s][info][gc,phases      ] GC(172)   Other: 0.2ms
[203.778s][info][gc,heap        ] GC(172) Eden regions: 1226->0(883)
[203.778s][info][gc,heap        ] GC(172) Survivor regions: 2->154(154)
[203.778s][info][gc,heap        ] GC(172) Old regions: 8->313
[203.778s][info][gc,heap        ] GC(172) Humongous regions: 4->4
[203.778s][info][gc,metaspace   ] GC(172) Metaspace: 16574K(17024K)->16574K(17024K) NonClass: 14243K(14464K)->14243K(14464K) Class: 2331K(2560K)->2331K(2560K)
[203.778s][info][gc             ] GC(172) Pause Young (Normal) (G1 Evacuation Pause) 1236M->468M(2048M) 198.692ms
[203.778s][info][gc,cpu         ] GC(172) User=1.12s Sys=0.00s Real=0.19s
[204.380s][info][gc,start       ] GC(173) Pause Young (Normal) (G1 Evacuation Pause)
[204.380s][info][gc,task        ] GC(173) Using 6 workers of 6 for evacuation
[204.653s][info][gc,mmu         ] GC(173) MMU target violated: 201.0ms (200.0ms/201.0ms)
[204.653s][info][gc,phases      ] GC(173)   Pre Evacuate Collection Set: 0.4ms
[204.653s][info][gc,phases      ] GC(173)   Merge Heap Roots: 1.7ms
[204.653s][info][gc,phases      ] GC(173)   Evacuate Collection Set: 269.0ms
[204.653s][info][gc,phases      ] GC(173)   Post Evacuate Collection Set: 1.5ms
[204.653s][info][gc,phases      ] GC(173)   Other: 0.2ms
[204.653s][info][gc,heap        ] GC(173) Eden regions: 883->0(539)
[204.653s][info][gc,heap        ] GC(173) Survivor regions: 154->130(130)
[204.653s][info][gc,heap        ] GC(173) Old regions: 313->718
[204.653s][info][gc,heap        ] GC(173) Humongous regions: 7->7
[204.653s][info][gc,metaspace   ] GC(173) Metaspace: 16574K(17024K)->16574K(17024K) NonClass: 14243K(14464K)->14243K(14464K) Class: 2331K(2560K)->2331K(2560K)
[204.653s][info][gc             ] GC(173) Pause Young (Normal) (G1 Evacuation Pause) 1354M->851M(2048M) 272.963ms
[204.653s][info][gc,cpu         ] GC(173) User=1.67s Sys=0.00s Real=0.28s
[205.558s][info][gc,start       ] GC(174) Pause Young (Normal) (G1 Evacuation Pause)
[205.559s][info][gc,task        ] GC(174) Using 6 workers of 6 for evacuation
[205.643s][info][gc,phases      ] GC(174)   Pre Evacuate Collection Set: 0.5ms
[205.643s][info][gc,phases      ] GC(174)   Merge Heap Roots: 1.9ms
[205.643s][info][gc,phases      ] GC(174)   Evacuate Collection Set: 80.3ms
[205.643s][info][gc,phases      ] GC(174)   Post Evacuate Collection Set: 1.3ms
[205.643s][info][gc,phases      ] GC(174)   Other: 0.1ms
[205.643s][info][gc,heap        ] GC(174) Eden regions: 423->0(637)
[205.643s][info][gc,heap        ] GC(174) Survivor regions: 130->9(70)
[205.643s][info][gc,heap        ] GC(174) Old regions: 718->832
[205.643s][info][gc,heap        ] GC(174) Humongous regions: 10->10
[205.643s][info][gc,metaspace   ] GC(174) Metaspace: 16574K(17024K)->16574K(17024K) NonClass: 14243K(14464K)->14243K(14464K) Class: 2331K(2560K)->2331K(2560K)
[205.643s][info][gc             ] GC(174) Pause Young (Normal) (G1 Evacuation Pause) 1277M->847M(2048M) 84.304ms
[205.643s][info][gc,cpu         ] GC(174) User=0.47s Sys=0.00s Real=0.08s
[206.519s][info][gc,start       ] GC(175) Pause Full (System.gc())
[206.519s][info][gc,task        ] GC(175) Using 6 workers of 6 for full compaction
[206.519s][info][gc,phases,start] GC(175) Phase 1: Mark live objects
[206.522s][info][gc,phases      ] GC(175) Phase 1: Mark live objects 2.752ms
[206.522s][info][gc,phases,start] GC(175) Phase 2: Prepare compaction
[206.523s][info][gc,phases      ] GC(175) Phase 2: Prepare compaction 1.255ms
[206.523s][info][gc,phases,start] GC(175) Phase 3: Adjust pointers
[206.526s][info][gc,phases      ] GC(175) Phase 3: Adjust pointers 2.462ms
[206.526s][info][gc,phases,start] GC(175) Phase 4: Compact heap
[206.527s][info][gc,phases      ] GC(175) Phase 4: Compact heap 0.995ms
[206.527s][info][gc,phases,start] GC(175) Phase 5: Reset Metadata
[206.528s][info][gc,phases      ] GC(175) Phase 5: Reset Metadata 0.760ms
[206.533s][info][gc,heap        ] GC(175) Eden regions: 185->0(795)
[206.533s][info][gc,heap        ] GC(175) Survivor regions: 9->0(70)
[206.533s][info][gc,heap        ] GC(175) Old regions: 832->8
[206.533s][info][gc,heap        ] GC(175) Humongous regions: 10->2
[206.533s][info][gc,metaspace   ] GC(175) Metaspace: 16575K(17024K)->16575K(17024K) NonClass: 14244K(14464K)->14244K(14464K) Class: 2331K(2560K)->2331K(2560K)
[206.533s][info][gc             ] GC(175) Pause Full (System.gc()) 1032M->7M(2048M) 14.423ms
[206.533s][info][gc,cpu         ] GC(175) User=0.02s Sys=0.00s Real=0.02s
[207.791s][info][gc,start       ] GC(176) Pause Young (Normal) (G1 Evacuation Pause)
[207.791s][info][gc,task        ] GC(176) Using 6 workers of 6 for evacuation
[207.792s][info][gc,phases      ] GC(176)   Pre Evacuate Collection Set: 0.3ms
[207.792s][info][gc,phases      ] GC(176)   Merge Heap Roots: 0.1ms
[207.792s][info][gc,phases      ] GC(176)   Evacuate Collection Set: 0.3ms
[207.792s][info][gc,phases      ] GC(176)   Post Evacuate Collection Set: 0.5ms
[207.793s][info][gc,phases      ] GC(176)   Other: 0.1ms
[207.793s][info][gc,heap        ] GC(176) Eden regions: 982->0(940)
[207.793s][info][gc,heap        ] GC(176) Survivor regions: 0->3(123)
[207.793s][info][gc,heap        ] GC(176) Old regions: 8->8
[207.793s][info][gc,heap        ] GC(176) Humongous regions: 2->2
[207.793s][info][gc,metaspace   ] GC(176) Metaspace: 16575K(17024K)->16575K(17024K) NonClass: 14244K(14464K)->14244K(14464K) Class: 2331K(2560K)->2331K(2560K)
[207.793s][info][gc             ] GC(176) Pause Young (Normal) (G1 Evacuation Pause) 989M->10M(2048M) 1.578ms
[207.793s][info][gc,cpu         ] GC(176) User=0.00s Sys=0.00s Real=0.00s
[207.965s][info][gc,start       ] GC(177) Pause Young (Normal) (G1 Evacuation Pause)
[207.965s][info][gc,task        ] GC(177) Using 6 workers of 6 for evacuation
[207.966s][info][gc,phases      ] GC(177)   Pre Evacuate Collection Set: 0.3ms
[207.966s][info][gc,phases      ] GC(177)   Merge Heap Roots: 0.1ms
[207.967s][info][gc,phases      ] GC(177)   Evacuate Collection Set: 0.3ms
[207.967s][info][gc,phases      ] GC(177)   Post Evacuate Collection Set: 0.5ms
[207.967s][info][gc,phases      ] GC(177)   Other: 0.1ms
[207.967s][info][gc,heap        ] GC(177) Eden regions: 1109->0(1154)
[207.967s][info][gc,heap        ] GC(177) Survivor regions: 3->2(139)
[207.967s][info][gc,heap        ] GC(177) Old regions: 8->8
[207.967s][info][gc,heap        ] GC(177) Humongous regions: 2->2
[207.967s][info][gc,metaspace   ] GC(177) Metaspace: 16575K(17024K)->16575K(17024K) NonClass: 14244K(14464K)->14244K(14464K) Class: 2331K(2560K)->2331K(2560K)
[207.967s][info][gc             ] GC(177) Pause Young (Normal) (G1 Evacuation Pause) 1119M->8M(2048M) 1.714ms
[207.967s][info][gc,cpu         ] GC(177) User=0.00s Sys=0.00s Real=0.02s
[208.469s][info][gc,start       ] GC(178) Pause Young (Normal) (G1 Evacuation Pause)
[208.469s][info][gc,task        ] GC(178) Using 6 workers of 6 for evacuation
[208.626s][info][gc,phases      ] GC(178)   Pre Evacuate Collection Set: 0.2ms
[208.626s][info][gc,phases      ] GC(178)   Merge Heap Roots: 0.1ms
[208.626s][info][gc,phases      ] GC(178)   Evacuate Collection Set: 154.6ms
[208.626s][info][gc,phases      ] GC(178)   Post Evacuate Collection Set: 1.1ms
[208.626s][info][gc,phases      ] GC(178)   Other: 0.1ms
[208.626s][info][gc,heap        ] GC(178) Eden regions: 1226->0(940)
[208.626s][info][gc,heap        ] GC(178) Survivor regions: 2->154(154)
[208.626s][info][gc,heap        ] GC(178) Old regions: 8->195
[208.626s][info][gc,heap        ] GC(178) Humongous regions: 3->3
[208.626s][info][gc,metaspace   ] GC(178) Metaspace: 16575K(17024K)->16575K(17024K) NonClass: 14244K(14464K)->14244K(14464K) Class: 2331K(2560K)->2331K(2560K)
[208.626s][info][gc             ] GC(178) Pause Young (Normal) (G1 Evacuation Pause) 1235M->348M(2048M) 156.380ms
[208.626s][info][gc,cpu         ] GC(178) User=0.84s Sys=0.00s Real=0.14s
[211.534s][info][gc,start       ] GC(179) Pause Young (Normal) (G1 Evacuation Pause)
[211.534s][info][gc,task        ] GC(179) Using 6 workers of 6 for evacuation
[211.773s][info][gc,mmu         ] GC(179) MMU target violated: 201.0ms (200.0ms/201.0ms)
[211.773s][info][gc,phases      ] GC(179)   Pre Evacuate Collection Set: 0.3ms
[211.773s][info][gc,phases      ] GC(179)   Merge Heap Roots: 1.5ms
[211.773s][info][gc,phases      ] GC(179)   Evacuate Collection Set: 235.5ms
[211.773s][info][gc,phases      ] GC(179)   Post Evacuate Collection Set: 1.7ms
[211.773s][info][gc,phases      ] GC(179)   Other: 0.2ms
[211.773s][info][gc,heap        ] GC(179) Eden regions: 834->0(471)
[211.773s][info][gc,heap        ] GC(179) Survivor regions: 154->124(124)
[211.773s][info][gc,heap        ] GC(179) Old regions: 195->557
[211.773s][info][gc,heap        ] GC(179) Humongous regions: 4->4
[211.773s][info][gc,metaspace   ] GC(179) Metaspace: 16575K(17024K)->16575K(17024K) NonClass: 14244K(14464K)->14244K(14464K) Class: 2331K(2560K)->2331K(2560K)
[211.773s][info][gc             ] GC(179) Pause Young (Normal) (G1 Evacuation Pause) 1183M->681M(2048M) 239.345ms
[211.773s][info][gc,cpu         ] GC(179) User=1.39s Sys=0.00s Real=0.24s
[211.966s][info][gc,start       ] GC(180) Pause Young (Normal) (G1 Evacuation Pause)
[211.966s][info][gc,task        ] GC(180) Using 6 workers of 6 for evacuation
[212.106s][info][gc,phases      ] GC(180)   Pre Evacuate Collection Set: 0.3ms
[212.106s][info][gc,phases      ] GC(180)   Merge Heap Roots: 1.7ms
[212.106s][info][gc,phases      ] GC(180)   Evacuate Collection Set: 137.2ms
[212.106s][info][gc,phases      ] GC(180)   Post Evacuate Collection Set: 0.9ms
[212.106s][info][gc,phases      ] GC(180)   Other: 0.1ms
[212.106s][info][gc,heap        ] GC(180) Eden regions: 324->0(604)
[212.106s][info][gc,heap        ] GC(180) Survivor regions: 124->56(56)
[212.106s][info][gc,heap        ] GC(180) Old regions: 557->761
[212.106s][info][gc,heap        ] GC(180) Humongous regions: 4->4
[212.106s][info][gc,metaspace   ] GC(180) Metaspace: 16575K(17024K)->16575K(17024K) NonClass: 14244K(14464K)->14244K(14464K) Class: 2331K(2560K)->2331K(2560K)
[212.106s][info][gc             ] GC(180) Pause Young (Normal) (G1 Evacuation Pause) 1005M->818M(2048M) 140.405ms
[212.106s][info][gc,cpu         ] GC(180) User=0.86s Sys=0.00s Real=0.15s
[213.282s][info][gc,start       ] GC(181) Pause Young (Normal) (G1 Evacuation Pause)
[213.282s][info][gc,task        ] GC(181) Using 6 workers of 6 for evacuation
[213.341s][info][gc,phases      ] GC(181)   Pre Evacuate Collection Set: 0.5ms
[213.341s][info][gc,phases      ] GC(181)   Merge Heap Roots: 2.7ms
[213.341s][info][gc,phases      ] GC(181)   Evacuate Collection Set: 54.9ms
[213.341s][info][gc,phases      ] GC(181)   Post Evacuate Collection Set: 0.7ms
[213.341s][info][gc,phases      ] GC(181)   Other: 0.2ms
[213.341s][info][gc,heap        ] GC(181) Eden regions: 582->0(655)
[213.341s][info][gc,heap        ] GC(181) Survivor regions: 56->25(80)
[213.341s][info][gc,heap        ] GC(181) Old regions: 761->815
[213.341s][info][gc,heap        ] GC(181) Humongous regions: 10->10
[213.341s][info][gc,metaspace   ] GC(181) Metaspace: 16575K(17024K)->16575K(17024K) NonClass: 14244K(14464K)->14244K(14464K) Class: 2331K(2560K)->2331K(2560K)
[213.341s][info][gc             ] GC(181) Pause Young (Normal) (G1 Evacuation Pause) 1406M->846M(2048M) 59.245ms
[213.341s][info][gc,cpu         ] GC(181) User=0.30s Sys=0.00s Real=0.06s
[214.105s][info][gc,start       ] GC(182) Pause Full (System.gc())
[214.105s][info][gc,task        ] GC(182) Using 6 workers of 6 for full compaction
[214.105s][info][gc,phases,start] GC(182) Phase 1: Mark live objects
[214.108s][info][gc,phases      ] GC(182) Phase 1: Mark live objects 2.924ms
[214.108s][info][gc,phases,start] GC(182) Phase 2: Prepare compaction
[214.109s][info][gc,phases      ] GC(182) Phase 2: Prepare compaction 1.329ms
[214.109s][info][gc,phases,start] GC(182) Phase 3: Adjust pointers
[214.112s][info][gc,phases      ] GC(182) Phase 3: Adjust pointers 2.485ms
[214.112s][info][gc,phases,start] GC(182) Phase 4: Compact heap
[214.113s][info][gc,phases      ] GC(182) Phase 4: Compact heap 1.257ms
[214.113s][info][gc,phases,start] GC(182) Phase 5: Reset Metadata
[214.114s][info][gc,phases      ] GC(182) Phase 5: Reset Metadata 0.901ms
[214.119s][info][gc,heap        ] GC(182) Eden regions: 123->0(875)
[214.120s][info][gc,heap        ] GC(182) Survivor regions: 25->0(80)
[214.120s][info][gc,heap        ] GC(182) Old regions: 815->8
[214.120s][info][gc,heap        ] GC(182) Humongous regions: 10->2
[214.120s][info][gc,metaspace   ] GC(182) Metaspace: 16575K(17024K)->16575K(17024K) NonClass: 14244K(14464K)->14244K(14464K) Class: 2331K(2560K)->2331K(2560K)
[214.120s][info][gc             ] GC(182) Pause Full (System.gc()) 968M->7M(2048M) 14.900ms
[214.120s][info][gc,cpu         ] GC(182) User=0.02s Sys=0.00s Real=0.02s
[215.333s][info][gc,start       ] GC(183) Pause Young (Normal) (G1 Evacuation Pause)
[215.333s][info][gc,task        ] GC(183) Using 6 workers of 6 for evacuation
[215.335s][info][gc,phases      ] GC(183)   Pre Evacuate Collection Set: 0.3ms
[215.335s][info][gc,phases      ] GC(183)   Merge Heap Roots: 0.1ms
[215.335s][info][gc,phases      ] GC(183)   Evacuate Collection Set: 0.3ms
[215.335s][info][gc,phases      ] GC(183)   Post Evacuate Collection Set: 0.6ms
[215.335s][info][gc,phases      ] GC(183)   Other: 0.1ms
[215.335s][info][gc,heap        ] GC(183) Eden regions: 1099->0(1059)
[215.335s][info][gc,heap        ] GC(183) Survivor regions: 0->3(138)
[215.335s][info][gc,heap        ] GC(183) Old regions: 8->8
[215.335s][info][gc,heap        ] GC(183) Humongous regions: 2->2
[215.335s][info][gc,metaspace   ] GC(183) Metaspace: 16575K(17024K)->16575K(17024K) NonClass: 14244K(14464K)->14244K(14464K) Class: 2331K(2560K)->2331K(2560K)
[215.335s][info][gc             ] GC(183) Pause Young (Normal) (G1 Evacuation Pause) 1106M->10M(2048M) 1.679ms
[215.335s][info][gc,cpu         ] GC(183) User=0.02s Sys=0.00s Real=0.02s
[215.533s][info][gc,start       ] GC(184) Pause Young (Normal) (G1 Evacuation Pause)
[215.533s][info][gc,task        ] GC(184) Using 6 workers of 6 for evacuation
[215.535s][info][gc,phases      ] GC(184)   Pre Evacuate Collection Set: 0.3ms
[215.535s][info][gc,phases      ] GC(184)   Merge Heap Roots: 0.2ms
[215.535s][info][gc,phases      ] GC(184)   Evacuate Collection Set: 0.3ms
[215.535s][info][gc,phases      ] GC(184)   Post Evacuate Collection Set: 0.6ms
[215.535s][info][gc,phases      ] GC(184)   Other: 0.1ms
[215.535s][info][gc,heap        ] GC(184) Eden regions: 1214->0(1226)
[215.535s][info][gc,heap        ] GC(184) Survivor regions: 3->2(153)
[215.535s][info][gc,heap        ] GC(184) Old regions: 8->8
[215.535s][info][gc,heap        ] GC(184) Humongous regions: 2->2
[215.535s][info][gc,metaspace   ] GC(184) Metaspace: 16575K(17024K)->16575K(17024K) NonClass: 14244K(14464K)->14244K(14464K) Class: 2331K(2560K)->2331K(2560K)
[215.535s][info][gc             ] GC(184) Pause Young (Normal) (G1 Evacuation Pause) 1224M->8M(2048M) 1.762ms
[215.535s][info][gc,cpu         ] GC(184) User=0.00s Sys=0.00s Real=0.00s
[218.521s][info][gc,start       ] GC(185) Pause Young (Normal) (G1 Evacuation Pause)
[218.521s][info][gc,task        ] GC(185) Using 6 workers of 6 for evacuation
[218.692s][info][gc,phases      ] GC(185)   Pre Evacuate Collection Set: 0.4ms
[218.692s][info][gc,phases      ] GC(185)   Merge Heap Roots: 0.2ms
[218.692s][info][gc,phases      ] GC(185)   Evacuate Collection Set: 168.1ms
[218.692s][info][gc,phases      ] GC(185)   Post Evacuate Collection Set: 1.5ms
[218.692s][info][gc,phases      ] GC(185)   Other: 0.2ms
[218.692s][info][gc,heap        ] GC(185) Eden regions: 1226->0(924)
[218.692s][info][gc,heap        ] GC(185) Survivor regions: 2->154(154)
[218.692s][info][gc,heap        ] GC(185) Old regions: 8->251
[218.692s][info][gc,heap        ] GC(185) Humongous regions: 4->4
[218.692s][info][gc,metaspace   ] GC(185) Metaspace: 16575K(17024K)->16575K(17024K) NonClass: 14244K(14464K)->14244K(14464K) Class: 2331K(2560K)->2331K(2560K)
[218.692s][info][gc             ] GC(185) Pause Young (Normal) (G1 Evacuation Pause) 1236M->406M(2048M) 170.558ms
[218.692s][info][gc,cpu         ] GC(185) User=0.95s Sys=0.00s Real=0.17s
[219.201s][info][gc,start       ] GC(186) Pause Young (Normal) (G1 Evacuation Pause)
[219.201s][info][gc,task        ] GC(186) Using 6 workers of 6 for evacuation
[219.452s][info][gc,mmu         ] GC(186) MMU target violated: 201.0ms (200.0ms/201.0ms)
[219.452s][info][gc,phases      ] GC(186)   Pre Evacuate Collection Set: 0.4ms
[219.452s][info][gc,phases      ] GC(186)   Merge Heap Roots: 1.0ms
[219.452s][info][gc,phases      ] GC(186)   Evacuate Collection Set: 248.3ms
[219.452s][info][gc,phases      ] GC(186)   Post Evacuate Collection Set: 1.4ms
[219.452s][info][gc,phases      ] GC(186)   Other: 0.3ms
[219.452s][info][gc,heap        ] GC(186) Eden regions: 924->0(521)
[219.452s][info][gc,heap        ] GC(186) Survivor regions: 154->135(135)
[219.452s][info][gc,heap        ] GC(186) Old regions: 251->654
[219.452s][info][gc,heap        ] GC(186) Humongous regions: 4->4
[219.452s][info][gc,metaspace   ] GC(186) Metaspace: 16575K(17024K)->16575K(17024K) NonClass: 14244K(14464K)->14244K(14464K) Class: 2331K(2560K)->2331K(2560K)
[219.452s][info][gc             ] GC(186) Pause Young (Normal) (G1 Evacuation Pause) 1330M->789M(2048M) 251.604ms
[219.452s][info][gc,cpu         ] GC(186) User=1.41s Sys=0.00s Real=0.25s
[220.291s][info][gc,start       ] GC(187) Pause Young (Normal) (G1 Evacuation Pause)
[220.291s][info][gc,task        ] GC(187) Using 6 workers of 6 for evacuation
[220.392s][info][gc,phases      ] GC(187)   Pre Evacuate Collection Set: 0.4ms
[220.392s][info][gc,phases      ] GC(187)   Merge Heap Roots: 2.5ms
[220.392s][info][gc,phases      ] GC(187)   Evacuate Collection Set: 96.0ms
[220.392s][info][gc,phases      ] GC(187)   Post Evacuate Collection Set: 1.2ms
[220.392s][info][gc,phases      ] GC(187)   Other: 0.2ms
[220.392s][info][gc,heap        ] GC(187) Eden regions: 400->0(652)
[220.392s][info][gc,heap        ] GC(187) Survivor regions: 135->44(67)
[220.392s][info][gc,heap        ] GC(187) Old regions: 654->783
[220.392s][info][gc,heap        ] GC(187) Humongous regions: 10->10
[220.392s][info][gc,metaspace   ] GC(187) Metaspace: 16575K(17024K)->16575K(17024K) NonClass: 14244K(14464K)->14244K(14464K) Class: 2331K(2560K)->2331K(2560K)
[220.392s][info][gc             ] GC(187) Pause Young (Normal) (G1 Evacuation Pause) 1195M->833M(2048M) 100.446ms
[220.392s][info][gc,cpu         ] GC(187) User=0.64s Sys=0.00s Real=0.09s
[221.504s][info][gc,start       ] GC(188) Pause Full (System.gc())
[221.504s][info][gc,task        ] GC(188) Using 6 workers of 6 for full compaction
[221.504s][info][gc,phases,start] GC(188) Phase 1: Mark live objects
[221.507s][info][gc,phases      ] GC(188) Phase 1: Mark live objects 2.724ms
[221.507s][info][gc,phases,start] GC(188) Phase 2: Prepare compaction
[221.508s][info][gc,phases      ] GC(188) Phase 2: Prepare compaction 1.459ms
[221.508s][info][gc,phases,start] GC(188) Phase 3: Adjust pointers
[221.511s][info][gc,phases      ] GC(188) Phase 3: Adjust pointers 2.538ms
[221.511s][info][gc,phases,start] GC(188) Phase 4: Compact heap
[221.512s][info][gc,phases      ] GC(188) Phase 4: Compact heap 1.291ms
[221.512s][info][gc,phases,start] GC(188) Phase 5: Reset Metadata
[221.513s][info][gc,phases      ] GC(188) Phase 5: Reset Metadata 0.750ms
[221.519s][info][gc,heap        ] GC(188) Eden regions: 308->0(884)
[221.519s][info][gc,heap        ] GC(188) Survivor regions: 44->0(67)
[221.519s][info][gc,heap        ] GC(188) Old regions: 783->8
[221.519s][info][gc,heap        ] GC(188) Humongous regions: 10->2
[221.519s][info][gc,metaspace   ] GC(188) Metaspace: 16575K(17024K)->16575K(17024K) NonClass: 14244K(14464K)->14244K(14464K) Class: 2331K(2560K)->2331K(2560K)
[221.519s][info][gc             ] GC(188) Pause Full (System.gc()) 1141M->7M(2048M) 15.022ms
[221.519s][info][gc,cpu         ] GC(188) User=0.02s Sys=0.00s Real=0.02s
[222.769s][info][gc,start       ] GC(189) Pause Young (Normal) (G1 Evacuation Pause)
[222.770s][info][gc,task        ] GC(189) Using 6 workers of 6 for evacuation
[222.771s][info][gc,phases      ] GC(189)   Pre Evacuate Collection Set: 0.3ms
[222.771s][info][gc,phases      ] GC(189)   Merge Heap Roots: 0.1ms
[222.771s][info][gc,phases      ] GC(189)   Evacuate Collection Set: 0.3ms
[222.771s][info][gc,phases      ] GC(189)   Post Evacuate Collection Set: 0.6ms
[222.771s][info][gc,phases      ] GC(189)   Other: 0.1ms
[222.771s][info][gc,heap        ] GC(189) Eden regions: 1096->0(1059)
[222.771s][info][gc,heap        ] GC(189) Survivor regions: 0->3(137)
[222.771s][info][gc,heap        ] GC(189) Old regions: 8->8
[222.771s][info][gc,heap        ] GC(189) Humongous regions: 2->2
[222.771s][info][gc,metaspace   ] GC(189) Metaspace: 16577K(17024K)->16577K(17024K) NonClass: 14245K(14464K)->14245K(14464K) Class: 2331K(2560K)->2331K(2560K)
[222.771s][info][gc             ] GC(189) Pause Young (Normal) (G1 Evacuation Pause) 1103M->10M(2048M) 1.608ms
[222.771s][info][gc,cpu         ] GC(189) User=0.00s Sys=0.00s Real=0.00s
[222.961s][info][gc,start       ] GC(190) Pause Young (Normal) (G1 Evacuation Pause)
[222.961s][info][gc,task        ] GC(190) Using 6 workers of 6 for evacuation
[222.962s][info][gc,phases      ] GC(190)   Pre Evacuate Collection Set: 0.4ms
[222.962s][info][gc,phases      ] GC(190)   Merge Heap Roots: 0.2ms
[222.962s][info][gc,phases      ] GC(190)   Evacuate Collection Set: 0.3ms
[222.962s][info][gc,phases      ] GC(190)   Post Evacuate Collection Set: 0.5ms
[222.962s][info][gc,phases      ] GC(190)   Other: 0.1ms
[222.962s][info][gc,heap        ] GC(190) Eden regions: 1222->0(1225)
[222.962s][info][gc,heap        ] GC(190) Survivor regions: 3->3(154)
[222.962s][info][gc,heap        ] GC(190) Old regions: 8->8
[222.962s][info][gc,heap        ] GC(190) Humongous regions: 2->2
[222.962s][info][gc,metaspace   ] GC(190) Metaspace: 16577K(17024K)->16577K(17024K) NonClass: 14245K(14464K)->14245K(14464K) Class: 2331K(2560K)->2331K(2560K)
[222.962s][info][gc             ] GC(190) Pause Young (Normal) (G1 Evacuation Pause) 1232M->10M(2048M) 1.713ms
[222.963s][info][gc,cpu         ] GC(190) User=0.02s Sys=0.00s Real=0.02s
[225.911s][info][gc,start       ] GC(191) Pause Young (Normal) (G1 Evacuation Pause)
[225.911s][info][gc,task        ] GC(191) Using 6 workers of 6 for evacuation
[226.081s][info][gc,phases      ] GC(191)   Pre Evacuate Collection Set: 0.3ms
[226.081s][info][gc,phases      ] GC(191)   Merge Heap Roots: 0.1ms
[226.081s][info][gc,phases      ] GC(191)   Evacuate Collection Set: 167.9ms
[226.081s][info][gc,phases      ] GC(191)   Post Evacuate Collection Set: 1.5ms
[226.081s][info][gc,phases      ] GC(191)   Other: 0.1ms
[226.081s][info][gc,heap        ] GC(191) Eden regions: 1225->0(926)
[226.081s][info][gc,heap        ] GC(191) Survivor regions: 3->154(154)
[226.081s][info][gc,heap        ] GC(191) Old regions: 8->253
[226.081s][info][gc,heap        ] GC(191) Humongous regions: 4->4
[226.081s][info][gc,metaspace   ] GC(191) Metaspace: 16577K(17024K)->16577K(17024K) NonClass: 14245K(14464K)->14245K(14464K) Class: 2331K(2560K)->2331K(2560K)
[226.081s][info][gc             ] GC(191) Pause Young (Normal) (G1 Evacuation Pause) 1237M->408M(2048M) 170.039ms
[226.081s][info][gc,cpu         ] GC(191) User=0.94s Sys=0.00s Real=0.16s
[226.547s][info][gc,start       ] GC(192) Pause Young (Normal) (G1 Evacuation Pause)
[226.547s][info][gc,task        ] GC(192) Using 6 workers of 6 for evacuation
[226.781s][info][gc,mmu         ] GC(192) MMU target violated: 201.0ms (200.0ms/201.0ms)
[226.781s][info][gc,phases      ] GC(192)   Pre Evacuate Collection Set: 0.3ms
[226.781s][info][gc,phases      ] GC(192)   Merge Heap Roots: 1.1ms
[226.781s][info][gc,phases      ] GC(192)   Evacuate Collection Set: 231.7ms
[226.781s][info][gc,phases      ] GC(192)   Post Evacuate Collection Set: 1.0ms
[226.781s][info][gc,phases      ] GC(192)   Other: 0.2ms
[226.781s][info][gc,heap        ] GC(192) Eden regions: 846->0(498)
[226.781s][info][gc,heap        ] GC(192) Survivor regions: 154->125(125)
[226.781s][info][gc,heap        ] GC(192) Old regions: 253->634
[226.781s][info][gc,heap        ] GC(192) Humongous regions: 4->4
[226.781s][info][gc,metaspace   ] GC(192) Metaspace: 16577K(17024K)->16577K(17024K) NonClass: 14245K(14464K)->14245K(14464K) Class: 2331K(2560K)->2331K(2560K)
[226.782s][info][gc             ] GC(192) Pause Young (Normal) (G1 Evacuation Pause) 1254M->760M(2048M) 234.522ms
[226.782s][info][gc,cpu         ] GC(192) User=1.34s Sys=0.00s Real=0.24s
[227.470s][info][gc,start       ] GC(193) Pause Young (Normal) (G1 Evacuation Pause)
[227.470s][info][gc,task        ] GC(193) Using 6 workers of 6 for evacuation
[227.590s][info][gc,phases      ] GC(193)   Pre Evacuate Collection Set: 0.3ms
[227.590s][info][gc,phases      ] GC(193)   Merge Heap Roots: 2.4ms
[227.590s][info][gc,phases      ] GC(193)   Evacuate Collection Set: 115.7ms
[227.590s][info][gc,phases      ] GC(193)   Post Evacuate Collection Set: 1.2ms
[227.590s][info][gc,phases      ] GC(193)   Other: 0.1ms
[227.590s][info][gc,heap        ] GC(193) Eden regions: 348->0(624)
[227.590s][info][gc,heap        ] GC(193) Survivor regions: 125->60(60)
[227.590s][info][gc,heap        ] GC(193) Old regions: 634->779
[227.590s][info][gc,heap        ] GC(193) Humongous regions: 10->10
[227.590s][info][gc,metaspace   ] GC(193) Metaspace: 16577K(17024K)->16577K(17024K) NonClass: 14245K(14464K)->14245K(14464K) Class: 2331K(2560K)->2331K(2560K)
[227.590s][info][gc             ] GC(193) Pause Young (Normal) (G1 Evacuation Pause) 1114M->846M(2048M) 119.897ms
[227.590s][info][gc,cpu         ] GC(193) User=0.66s Sys=0.00s Real=0.11s
[228.900s][info][gc,start       ] GC(194) Pause Full (System.gc())
[228.900s][info][gc,task        ] GC(194) Using 6 workers of 6 for full compaction
[228.901s][info][gc,phases,start] GC(194) Phase 1: Mark live objects
[228.903s][info][gc,phases      ] GC(194) Phase 1: Mark live objects 2.799ms
[228.903s][info][gc,phases,start] GC(194) Phase 2: Prepare compaction
[228.905s][info][gc,phases      ] GC(194) Phase 2: Prepare compaction 1.581ms
[228.905s][info][gc,phases,start] GC(194) Phase 3: Adjust pointers
[228.908s][info][gc,phases      ] GC(194) Phase 3: Adjust pointers 2.466ms
[228.908s][info][gc,phases,start] GC(194) Phase 4: Compact heap
[228.909s][info][gc,phases      ] GC(194) Phase 4: Compact heap 1.111ms
[228.909s][info][gc,phases,start] GC(194) Phase 5: Reset Metadata
[228.910s][info][gc,phases      ] GC(194) Phase 5: Reset Metadata 0.778ms
[228.915s][info][gc,heap        ] GC(194) Eden regions: 435->0(760)
[228.915s][info][gc,heap        ] GC(194) Survivor regions: 60->0(60)
[228.915s][info][gc,heap        ] GC(194) Old regions: 779->8
[228.915s][info][gc,heap        ] GC(194) Humongous regions: 10->2
[228.915s][info][gc,metaspace   ] GC(194) Metaspace: 16578K(17024K)->16578K(17024K) NonClass: 14247K(14464K)->14247K(14464K) Class: 2331K(2560K)->2331K(2560K)
[228.915s][info][gc             ] GC(194) Pause Full (System.gc()) 1280M->7M(2048M) 15.254ms
[228.915s][info][gc,cpu         ] GC(194) User=0.02s Sys=0.00s Real=0.02s
[230.102s][info][gc,start       ] GC(195) Pause Young (Normal) (G1 Evacuation Pause)
[230.102s][info][gc,task        ] GC(195) Using 6 workers of 6 for evacuation
[230.103s][info][gc,phases      ] GC(195)   Pre Evacuate Collection Set: 0.3ms
[230.103s][info][gc,phases      ] GC(195)   Merge Heap Roots: 0.1ms
[230.103s][info][gc,phases      ] GC(195)   Evacuate Collection Set: 0.3ms
[230.103s][info][gc,phases      ] GC(195)   Post Evacuate Collection Set: 0.5ms
[230.103s][info][gc,phases      ] GC(195)   Other: 0.1ms
[230.103s][info][gc,heap        ] GC(195) Eden regions: 1000->0(943)
[230.103s][info][gc,heap        ] GC(195) Survivor regions: 0->3(125)
[230.103s][info][gc,heap        ] GC(195) Old regions: 8->8
[230.103s][info][gc,heap        ] GC(195) Humongous regions: 2->2
[230.103s][info][gc,metaspace   ] GC(195) Metaspace: 16580K(17024K)->16580K(17024K) NonClass: 14249K(14464K)->14249K(14464K) Class: 2331K(2560K)->2331K(2560K)
[230.103s][info][gc             ] GC(195) Pause Young (Normal) (G1 Evacuation Pause) 1007M->10M(2048M) 1.541ms
[230.103s][info][gc,cpu         ] GC(195) User=0.00s Sys=0.00s Real=0.00s
[230.279s][info][gc,start       ] GC(196) Pause Young (Normal) (G1 Evacuation Pause)
[230.279s][info][gc,task        ] GC(196) Using 6 workers of 6 for evacuation
[230.280s][info][gc,phases      ] GC(196)   Pre Evacuate Collection Set: 0.3ms
[230.280s][info][gc,phases      ] GC(196)   Merge Heap Roots: 0.1ms
[230.280s][info][gc,phases      ] GC(196)   Evacuate Collection Set: 0.3ms
[230.280s][info][gc,phases      ] GC(196)   Post Evacuate Collection Set: 0.5ms
[230.280s][info][gc,phases      ] GC(196)   Other: 0.1ms
[230.280s][info][gc,heap        ] GC(196) Eden regions: 1139->0(1225)
[230.280s][info][gc,heap        ] GC(196) Survivor regions: 3->3(143)
[230.280s][info][gc,heap        ] GC(196) Old regions: 8->8
[230.280s][info][gc,heap        ] GC(196) Humongous regions: 2->2
[230.280s][info][gc,metaspace   ] GC(196) Metaspace: 16580K(17024K)->16580K(17024K) NonClass: 14249K(14464K)->14249K(14464K) Class: 2331K(2560K)->2331K(2560K)
[230.280s][info][gc             ] GC(196) Pause Young (Normal) (G1 Evacuation Pause) 1149M->10M(2048M) 1.556ms
[230.281s][info][gc,cpu         ] GC(196) User=0.00s Sys=0.00s Real=0.00s
[230.828s][info][gc,start       ] GC(197) Pause Young (Normal) (G1 Evacuation Pause)
[230.828s][info][gc,task        ] GC(197) Using 6 workers of 6 for evacuation
[231.001s][info][gc,phases      ] GC(197)   Pre Evacuate Collection Set: 0.2ms
[231.001s][info][gc,phases      ] GC(197)   Merge Heap Roots: 0.1ms
[231.001s][info][gc,phases      ] GC(197)   Evacuate Collection Set: 171.7ms
[231.001s][info][gc,phases      ] GC(197)   Post Evacuate Collection Set: 1.2ms
[231.001s][info][gc,phases      ] GC(197)   Other: 0.1ms
[231.001s][info][gc,heap        ] GC(197) Eden regions: 1225->0(932)
[231.001s][info][gc,heap        ] GC(197) Survivor regions: 3->154(154)
[231.001s][info][gc,heap        ] GC(197) Old regions: 8->233
[231.001s][info][gc,heap        ] GC(197) Humongous regions: 3->3
[231.001s][info][gc,metaspace   ] GC(197) Metaspace: 16580K(17024K)->16580K(17024K) NonClass: 14249K(14464K)->14249K(14464K) Class: 2331K(2560K)->2331K(2560K)
[231.001s][info][gc             ] GC(197) Pause Young (Normal) (G1 Evacuation Pause) 1236M->387M(2048M) 173.595ms
[231.001s][info][gc,cpu         ] GC(197) User=0.95s Sys=0.00s Real=0.17s
[234.831s][info][gc,start       ] GC(198) Pause Young (Normal) (G1 Evacuation Pause)
[234.831s][info][gc,task        ] GC(198) Using 6 workers of 6 for evacuation
[235.048s][info][gc,mmu         ] GC(198) MMU target violated: 201.0ms (200.0ms/201.0ms)
[235.048s][info][gc,phases      ] GC(198)   Pre Evacuate Collection Set: 0.4ms
[235.048s][info][gc,phases      ] GC(198)   Merge Heap Roots: 1.5ms
[235.048s][info][gc,phases      ] GC(198)   Evacuate Collection Set: 213.6ms
[235.048s][info][gc,phases      ] GC(198)   Post Evacuate Collection Set: 1.7ms
[235.048s][info][gc,phases      ] GC(198)   Other: 0.2ms
[235.048s][info][gc,heap        ] GC(198) Eden regions: 720->0(468)
[235.048s][info][gc,heap        ] GC(198) Survivor regions: 154->110(110)
[235.048s][info][gc,heap        ] GC(198) Old regions: 233->550
[235.048s][info][gc,heap        ] GC(198) Humongous regions: 4->4
[235.048s][info][gc,metaspace   ] GC(198) Metaspace: 16580K(17024K)->16580K(17024K) NonClass: 14249K(14464K)->14249K(14464K) Class: 2331K(2560K)->2331K(2560K)
[235.048s][info][gc             ] GC(198) Pause Young (Normal) (G1 Evacuation Pause) 1108M->660M(2048M) 217.635ms
[235.048s][info][gc,cpu         ] GC(198) User=1.23s Sys=0.00s Real=0.22s
[235.260s][info][gc,start       ] GC(199) Pause Young (Normal) (G1 Evacuation Pause)
[235.260s][info][gc,task        ] GC(199) Using 6 workers of 6 for evacuation
[235.404s][info][gc,phases      ] GC(199)   Pre Evacuate Collection Set: 0.3ms
[235.404s][info][gc,phases      ] GC(199)   Merge Heap Roots: 1.6ms
[235.404s][info][gc,phases      ] GC(199)   Evacuate Collection Set: 140.4ms
[235.404s][info][gc,phases      ] GC(199)   Post Evacuate Collection Set: 0.9ms
[235.404s][info][gc,phases      ] GC(199)   Other: 0.1ms
[235.404s][info][gc,heap        ] GC(199) Eden regions: 358->0(555)
[235.404s][info][gc,heap        ] GC(199) Survivor regions: 110->59(59)
[235.404s][info][gc,heap        ] GC(199) Old regions: 550->751
[235.404s][info][gc,heap        ] GC(199) Humongous regions: 4->4
[235.404s][info][gc,metaspace   ] GC(199) Metaspace: 16580K(17024K)->16580K(17024K) NonClass: 14249K(14464K)->14249K(14464K) Class: 2331K(2560K)->2331K(2560K)
[235.404s][info][gc             ] GC(199) Pause Young (Normal) (G1 Evacuation Pause) 1018M->810M(2048M) 143.677ms
[235.404s][info][gc,cpu         ] GC(199) User=0.77s Sys=0.00s Real=0.14s
[236.447s][info][gc,start       ] GC(200) Pause Young (Normal) (G1 Evacuation Pause)
[236.447s][info][gc,task        ] GC(200) Using 6 workers of 6 for evacuation
[236.517s][info][gc,phases      ] GC(200)   Pre Evacuate Collection Set: 0.4ms
[236.517s][info][gc,phases      ] GC(200)   Merge Heap Roots: 2.5ms
[236.517s][info][gc,phases      ] GC(200)   Evacuate Collection Set: 66.0ms
[236.517s][info][gc,phases      ] GC(200)   Post Evacuate Collection Set: 0.8ms
[236.517s][info][gc,phases      ] GC(200)   Other: 0.1ms
[236.517s][info][gc,heap        ] GC(200) Eden regions: 529->0(636)
[236.517s][info][gc,heap        ] GC(200) Survivor regions: 59->43(74)
[236.517s][info][gc,heap        ] GC(200) Old regions: 751->806
[236.517s][info][gc,heap        ] GC(200) Humongous regions: 10->10
[236.517s][info][gc,metaspace   ] GC(200) Metaspace: 16580K(17024K)->16580K(17024K) NonClass: 14249K(14464K)->14249K(14464K) Class: 2331K(2560K)->2331K(2560K)
[236.517s][info][gc             ] GC(200) Pause Young (Normal) (G1 Evacuation Pause) 1345M->856M(2048M) 70.033ms
[236.517s][info][gc,cpu         ] GC(200) User=0.38s Sys=0.00s Real=0.06s
[237.422s][info][gc,start       ] GC(201) Pause Full (System.gc())
[237.422s][info][gc,task        ] GC(201) Using 6 workers of 6 for full compaction
[237.423s][info][gc,phases,start] GC(201) Phase 1: Mark live objects
[237.425s][info][gc,phases      ] GC(201) Phase 1: Mark live objects 2.546ms
[237.425s][info][gc,phases,start] GC(201) Phase 2: Prepare compaction
[237.426s][info][gc,phases      ] GC(201) Phase 2: Prepare compaction 0.895ms
[237.426s][info][gc,phases,start] GC(201) Phase 3: Adjust pointers
[237.428s][info][gc,phases      ] GC(201) Phase 3: Adjust pointers 2.209ms
[237.428s][info][gc,phases,start] GC(201) Phase 4: Compact heap
[237.430s][info][gc,phases      ] GC(201) Phase 4: Compact heap 1.301ms
[237.430s][info][gc,phases,start] GC(201) Phase 5: Reset Metadata
[237.431s][info][gc,phases      ] GC(201) Phase 5: Reset Metadata 0.853ms
[237.436s][info][gc,heap        ] GC(201) Eden regions: 200->0(822)
[237.436s][info][gc,heap        ] GC(201) Survivor regions: 43->0(74)
[237.436s][info][gc,heap        ] GC(201) Old regions: 806->8
[237.436s][info][gc,heap        ] GC(201) Humongous regions: 10->2
[237.436s][info][gc,metaspace   ] GC(201) Metaspace: 16585K(17024K)->16585K(17024K) NonClass: 14254K(14464K)->14254K(14464K) Class: 2331K(2560K)->2331K(2560K)
[237.436s][info][gc             ] GC(201) Pause Full (System.gc()) 1055M->7M(2048M) 14.162ms
[237.436s][info][gc,cpu         ] GC(201) User=0.00s Sys=0.00s Real=0.01s
[238.846s][info][gc,start       ] GC(202) Pause Young (Normal) (G1 Evacuation Pause)
[238.846s][info][gc,task        ] GC(202) Using 6 workers of 6 for evacuation
[238.847s][info][gc,phases      ] GC(202)   Pre Evacuate Collection Set: 0.3ms
[238.847s][info][gc,phases      ] GC(202)   Merge Heap Roots: 0.1ms
[238.847s][info][gc,phases      ] GC(202)   Evacuate Collection Set: 0.3ms
[238.847s][info][gc,phases      ] GC(202)   Post Evacuate Collection Set: 0.5ms
[238.847s][info][gc,phases      ] GC(202)   Other: 0.1ms
[238.847s][info][gc,heap        ] GC(202) Eden regions: 1052->0(1046)
[238.847s][info][gc,heap        ] GC(202) Survivor regions: 0->3(132)
[238.847s][info][gc,heap        ] GC(202) Old regions: 8->8
[238.847s][info][gc,heap        ] GC(202) Humongous regions: 2->2
[238.847s][info][gc,metaspace   ] GC(202) Metaspace: 16585K(17024K)->16585K(17024K) NonClass: 14254K(14464K)->14254K(14464K) Class: 2331K(2560K)->2331K(2560K)
[238.847s][info][gc             ] GC(202) Pause Young (Normal) (G1 Evacuation Pause) 1059M->10M(2048M) 1.542ms
[238.847s][info][gc,cpu         ] GC(202) User=0.00s Sys=0.00s Real=0.00s
[239.034s][info][gc,start       ] GC(203) Pause Young (Normal) (G1 Evacuation Pause)
[239.034s][info][gc,task        ] GC(203) Using 6 workers of 6 for evacuation
[239.036s][info][gc,phases      ] GC(203)   Pre Evacuate Collection Set: 0.3ms
[239.036s][info][gc,phases      ] GC(203)   Merge Heap Roots: 0.2ms
[239.036s][info][gc,phases      ] GC(203)   Evacuate Collection Set: 0.3ms
[239.036s][info][gc,phases      ] GC(203)   Post Evacuate Collection Set: 0.5ms
[239.036s][info][gc,phases      ] GC(203)   Other: 0.1ms
[239.036s][info][gc,heap        ] GC(203) Eden regions: 1209->0(1226)
[239.036s][info][gc,heap        ] GC(203) Survivor regions: 3->2(152)
[239.036s][info][gc,heap        ] GC(203) Old regions: 8->8
[239.036s][info][gc,heap        ] GC(203) Humongous regions: 2->2
[239.036s][info][gc,metaspace   ] GC(203) Metaspace: 16585K(17024K)->16585K(17024K) NonClass: 14254K(14464K)->14254K(14464K) Class: 2331K(2560K)->2331K(2560K)
[239.036s][info][gc             ] GC(203) Pause Young (Normal) (G1 Evacuation Pause) 1219M->9M(2048M) 1.596ms
[239.036s][info][gc,cpu         ] GC(203) User=0.00s Sys=0.00s Real=0.00s
[239.698s][info][gc,start       ] GC(204) Pause Young (Normal) (G1 Evacuation Pause)
[239.698s][info][gc,task        ] GC(204) Using 6 workers of 6 for evacuation
[239.876s][info][gc,phases      ] GC(204)   Pre Evacuate Collection Set: 0.2ms
[239.876s][info][gc,phases      ] GC(204)   Merge Heap Roots: 0.1ms
[239.876s][info][gc,phases      ] GC(204)   Evacuate Collection Set: 176.1ms
[239.876s][info][gc,phases      ] GC(204)   Post Evacuate Collection Set: 1.3ms
[239.876s][info][gc,phases      ] GC(204)   Other: 0.1ms
[239.876s][info][gc,heap        ] GC(204) Eden regions: 1226->0(912)
[239.876s][info][gc,heap        ] GC(204) Survivor regions: 2->154(154)
[239.876s][info][gc,heap        ] GC(204) Old regions: 8->256
[239.876s][info][gc,heap        ] GC(204) Humongous regions: 4->4
[239.876s][info][gc,metaspace   ] GC(204) Metaspace: 16585K(17024K)->16585K(17024K) NonClass: 14254K(14464K)->14254K(14464K) Class: 2331K(2560K)->2331K(2560K)
[239.876s][info][gc             ] GC(204) Pause Young (Normal) (G1 Evacuation Pause) 1237M->411M(2048M) 178.132ms
[239.876s][info][gc,cpu         ] GC(204) User=1.03s Sys=0.00s Real=0.18s
[242.976s][info][gc,start       ] GC(205) Pause Young (Normal) (G1 Evacuation Pause)
[242.976s][info][gc,task        ] GC(205) Using 6 workers of 6 for evacuation
[243.217s][info][gc,mmu         ] GC(205) MMU target violated: 201.0ms (200.0ms/201.0ms)
[243.217s][info][gc,phases      ] GC(205)   Pre Evacuate Collection Set: 0.4ms
[243.217s][info][gc,phases      ] GC(205)   Merge Heap Roots: 1.3ms
[243.217s][info][gc,phases      ] GC(205)   Evacuate Collection Set: 236.7ms
[243.217s][info][gc,phases      ] GC(205)   Post Evacuate Collection Set: 1.7ms
[243.217s][info][gc,phases      ] GC(205)   Other: 0.2ms
[243.217s][info][gc,heap        ] GC(205) Eden regions: 885->0(484)
[243.217s][info][gc,heap        ] GC(205) Survivor regions: 154->130(130)
[243.217s][info][gc,heap        ] GC(205) Old regions: 256->636
[243.217s][info][gc,heap        ] GC(205) Humongous regions: 4->4
[243.217s][info][gc,metaspace   ] GC(205) Metaspace: 16585K(17024K)->16585K(17024K) NonClass: 14254K(14464K)->14254K(14464K) Class: 2331K(2560K)->2331K(2560K)
[243.217s][info][gc             ] GC(205) Pause Young (Normal) (G1 Evacuation Pause) 1296M->766M(2048M) 240.636ms
[243.217s][info][gc,cpu         ] GC(205) User=1.41s Sys=0.00s Real=0.23s
[243.844s][info][gc,start       ] GC(206) Pause Young (Normal) (G1 Evacuation Pause)
[243.844s][info][gc,task        ] GC(206) Using 6 workers of 6 for evacuation
[243.984s][info][gc,phases      ] GC(206)   Pre Evacuate Collection Set: 0.3ms
[243.985s][info][gc,phases      ] GC(206)   Merge Heap Roots: 2.2ms
[243.985s][info][gc,phases      ] GC(206)   Evacuate Collection Set: 136.0ms
[243.985s][info][gc,phases      ] GC(206)   Post Evacuate Collection Set: 1.4ms
[243.985s][info][gc,phases      ] GC(206)   Other: 0.1ms
[243.985s][info][gc,heap        ] GC(206) Eden regions: 320->0(591)
[243.985s][info][gc,heap        ] GC(206) Survivor regions: 130->57(57)
[243.985s][info][gc,heap        ] GC(206) Old regions: 636->803
[243.985s][info][gc,heap        ] GC(206) Humongous regions: 10->10
[243.985s][info][gc,metaspace   ] GC(206) Metaspace: 16585K(17024K)->16585K(17024K) NonClass: 14254K(14464K)->14254K(14464K) Class: 2331K(2560K)->2331K(2560K)
[243.985s][info][gc             ] GC(206) Pause Young (Normal) (G1 Evacuation Pause) 1092M->866M(2048M) 140.249ms
[243.985s][info][gc,cpu         ] GC(206) User=0.77s Sys=0.00s Real=0.14s
[245.418s][info][gc,start       ] GC(207) Pause Full (System.gc())
[245.418s][info][gc,task        ] GC(207) Using 6 workers of 6 for full compaction
[245.418s][info][gc,phases,start] GC(207) Phase 1: Mark live objects
[245.421s][info][gc,phases      ] GC(207) Phase 1: Mark live objects 2.678ms
[245.421s][info][gc,phases,start] GC(207) Phase 2: Prepare compaction
[245.423s][info][gc,phases      ] GC(207) Phase 2: Prepare compaction 1.492ms
[245.423s][info][gc,phases,start] GC(207) Phase 3: Adjust pointers
[245.425s][info][gc,phases      ] GC(207) Phase 3: Adjust pointers 2.227ms
[245.425s][info][gc,phases,start] GC(207) Phase 4: Compact heap
[245.426s][info][gc,phases      ] GC(207) Phase 4: Compact heap 1.332ms
[245.426s][info][gc,phases,start] GC(207) Phase 5: Reset Metadata
[245.427s][info][gc,phases      ] GC(207) Phase 5: Reset Metadata 0.785ms
[245.433s][info][gc,heap        ] GC(207) Eden regions: 486->0(728)
[245.433s][info][gc,heap        ] GC(207) Survivor regions: 57->0(57)
[245.433s][info][gc,heap        ] GC(207) Old regions: 803->8
[245.433s][info][gc,heap        ] GC(207) Humongous regions: 10->2
[245.433s][info][gc,metaspace   ] GC(207) Metaspace: 16586K(17024K)->16586K(17024K) NonClass: 14255K(14464K)->14255K(14464K) Class: 2331K(2560K)->2331K(2560K)
[245.433s][info][gc             ] GC(207) Pause Full (System.gc()) 1352M->7M(2048M) 15.140ms
[245.433s][info][gc,cpu         ] GC(207) User=0.02s Sys=0.00s Real=0.02s
[246.620s][info][gc,start       ] GC(208) Pause Young (Normal) (G1 Evacuation Pause)
[246.620s][info][gc,task        ] GC(208) Using 6 workers of 6 for evacuation
[246.621s][info][gc,phases      ] GC(208)   Pre Evacuate Collection Set: 0.3ms
[246.622s][info][gc,phases      ] GC(208)   Merge Heap Roots: 0.1ms
[246.622s][info][gc,phases      ] GC(208)   Evacuate Collection Set: 0.3ms
[246.622s][info][gc,phases      ] GC(208)   Post Evacuate Collection Set: 0.5ms
[246.622s][info][gc,phases      ] GC(208)   Other: 0.1ms
[246.622s][info][gc,heap        ] GC(208) Eden regions: 989->0(1048)
[246.622s][info][gc,heap        ] GC(208) Survivor regions: 0->3(124)
[246.622s][info][gc,heap        ] GC(208) Old regions: 8->8
[246.622s][info][gc,heap        ] GC(208) Humongous regions: 2->2
[246.622s][info][gc,metaspace   ] GC(208) Metaspace: 16586K(17024K)->16586K(17024K) NonClass: 14255K(14464K)->14255K(14464K) Class: 2331K(2560K)->2331K(2560K)
[246.622s][info][gc             ] GC(208) Pause Young (Normal) (G1 Evacuation Pause) 996M->10M(2048M) 1.480ms
[246.622s][info][gc,cpu         ] GC(208) User=0.00s Sys=0.00s Real=0.00s
[246.809s][info][gc,start       ] GC(209) Pause Young (Normal) (G1 Evacuation Pause)
[246.809s][info][gc,task        ] GC(209) Using 6 workers of 6 for evacuation
[246.810s][info][gc,phases      ] GC(209)   Pre Evacuate Collection Set: 0.3ms
[246.810s][info][gc,phases      ] GC(209)   Merge Heap Roots: 0.1ms
[246.810s][info][gc,phases      ] GC(209)   Evacuate Collection Set: 0.3ms
[246.810s][info][gc,phases      ] GC(209)   Post Evacuate Collection Set: 0.5ms
[246.810s][info][gc,phases      ] GC(209)   Other: 0.1ms
[246.810s][info][gc,heap        ] GC(209) Eden regions: 1225->0(1225)
[246.810s][info][gc,heap        ] GC(209) Survivor regions: 3->3(154)
[246.810s][info][gc,heap        ] GC(209) Old regions: 8->8
[246.810s][info][gc,heap        ] GC(209) Humongous regions: 2->2
[246.810s][info][gc,metaspace   ] GC(209) Metaspace: 16586K(17024K)->16586K(17024K) NonClass: 14255K(14464K)->14255K(14464K) Class: 2331K(2560K)->2331K(2560K)
[246.810s][info][gc             ] GC(209) Pause Young (Normal) (G1 Evacuation Pause) 1235M->10M(2048M) 1.608ms
[246.810s][info][gc,cpu         ] GC(209) User=0.00s Sys=0.00s Real=0.00s
[247.424s][info][gc,start       ] GC(210) Pause Young (Normal) (G1 Evacuation Pause)
[247.424s][info][gc,task        ] GC(210) Using 6 workers of 6 for evacuation
[247.618s][info][gc,phases      ] GC(210)   Pre Evacuate Collection Set: 0.3ms
[247.618s][info][gc,phases      ] GC(210)   Merge Heap Roots: 0.1ms
[247.618s][info][gc,phases      ] GC(210)   Evacuate Collection Set: 191.9ms
[247.618s][info][gc,phases      ] GC(210)   Post Evacuate Collection Set: 1.2ms
[247.618s][info][gc,phases      ] GC(210)   Other: 0.1ms
[247.618s][info][gc,heap        ] GC(210) Eden regions: 1225->0(879)
[247.618s][info][gc,heap        ] GC(210) Survivor regions: 3->154(154)
[247.618s][info][gc,heap        ] GC(210) Old regions: 8->273
[247.618s][info][gc,heap        ] GC(210) Humongous regions: 4->4
[247.618s][info][gc,metaspace   ] GC(210) Metaspace: 16586K(17024K)->16586K(17024K) NonClass: 14255K(14464K)->14255K(14464K) Class: 2331K(2560K)->2331K(2560K)
[247.618s][info][gc             ] GC(210) Pause Young (Normal) (G1 Evacuation Pause) 1237M->428M(2048M) 193.840ms
[247.618s][info][gc,cpu         ] GC(210) User=1.12s Sys=0.00s Real=0.19s
[250.163s][info][gc,start       ] GC(211) Pause Young (Normal) (G1 Evacuation Pause)
[250.163s][info][gc,task        ] GC(211) Using 6 workers of 6 for evacuation
[250.390s][info][gc,mmu         ] GC(211) MMU target violated: 201.0ms (200.0ms/201.0ms)
[250.390s][info][gc,phases      ] GC(211)   Pre Evacuate Collection Set: 0.3ms
[250.390s][info][gc,phases      ] GC(211)   Merge Heap Roots: 1.3ms
[250.390s][info][gc,phases      ] GC(211)   Evacuate Collection Set: 223.3ms
[250.390s][info][gc,phases      ] GC(211)   Post Evacuate Collection Set: 2.3ms
[250.390s][info][gc,phases      ] GC(211)   Other: 0.2ms
[250.390s][info][gc,heap        ] GC(211) Eden regions: 808->0(478)
[250.390s][info][gc,heap        ] GC(211) Survivor regions: 154->121(121)
[250.390s][info][gc,heap        ] GC(211) Old regions: 273->613
[250.390s][info][gc,heap        ] GC(211) Humongous regions: 4->4
[250.390s][info][gc,metaspace   ] GC(211) Metaspace: 16586K(17024K)->16586K(17024K) NonClass: 14255K(14464K)->14255K(14464K) Class: 2331K(2560K)->2331K(2560K)
[250.390s][info][gc             ] GC(211) Pause Young (Normal) (G1 Evacuation Pause) 1236M->734M(2048M) 227.611ms
[250.390s][info][gc,cpu         ] GC(211) User=1.30s Sys=0.00s Real=0.22s
[250.865s][info][gc,start       ] GC(212) Pause Young (Normal) (G1 Evacuation Pause)
[250.865s][info][gc,task        ] GC(212) Using 6 workers of 6 for evacuation
[251.027s][info][gc,phases      ] GC(212)   Pre Evacuate Collection Set: 0.3ms
[251.027s][info][gc,phases      ] GC(212)   Merge Heap Roots: 2.3ms
[251.027s][info][gc,phases      ] GC(212)   Evacuate Collection Set: 158.7ms
[251.027s][info][gc,phases      ] GC(212)   Post Evacuate Collection Set: 1.4ms
[251.027s][info][gc,phases      ] GC(212)   Other: 0.1ms
[251.027s][info][gc,heap        ] GC(212) Eden regions: 321->0(555)
[251.027s][info][gc,heap        ] GC(212) Survivor regions: 121->56(56)
[251.027s][info][gc,heap        ] GC(212) Old regions: 613->828
[251.027s][info][gc,heap        ] GC(212) Humongous regions: 10->10
[251.027s][info][gc,metaspace   ] GC(212) Metaspace: 16586K(17024K)->16586K(17024K) NonClass: 14255K(14464K)->14255K(14464K) Class: 2331K(2560K)->2331K(2560K)
[251.027s][info][gc             ] GC(212) Pause Young (Normal) (G1 Evacuation Pause) 1061M->890M(2048M) 162.978ms
[251.028s][info][gc,cpu         ] GC(212) User=0.84s Sys=0.00s Real=0.15s
[252.556s][info][gc,start       ] GC(213) Pause Young (Normal) (G1 Evacuation Pause)
[252.556s][info][gc,task        ] GC(213) Using 6 workers of 6 for evacuation
[252.596s][info][gc,phases      ] GC(213)   Pre Evacuate Collection Set: 0.4ms
[252.596s][info][gc,phases      ] GC(213)   Merge Heap Roots: 1.5ms
[252.596s][info][gc,phases      ] GC(213)   Evacuate Collection Set: 37.5ms
[252.596s][info][gc,phases      ] GC(213)   Post Evacuate Collection Set: 0.6ms
[252.596s][info][gc,phases      ] GC(213)   Other: 0.1ms
[252.596s][info][gc,heap        ] GC(213) Eden regions: 564->0(648)
[252.596s][info][gc,heap        ] GC(213) Survivor regions: 56->6(78)
[252.596s][info][gc,heap        ] GC(213) Old regions: 828->853
[252.596s][info][gc,heap        ] GC(213) Humongous regions: 10->10
[252.596s][info][gc,metaspace   ] GC(213) Metaspace: 16587K(17024K)->16587K(17024K) NonClass: 14256K(14464K)->14256K(14464K) Class: 2331K(2560K)->2331K(2560K)
[252.596s][info][gc             ] GC(213) Pause Young (Normal) (G1 Evacuation Pause) 1454M->865M(2048M) 40.312ms
[252.596s][info][gc,cpu         ] GC(213) User=0.25s Sys=0.00s Real=0.05s
[252.874s][info][gc,start       ] GC(214) Pause Full (System.gc())
[252.874s][info][gc,task        ] GC(214) Using 6 workers of 6 for full compaction
[252.874s][info][gc,phases,start] GC(214) Phase 1: Mark live objects
[252.877s][info][gc,phases      ] GC(214) Phase 1: Mark live objects 2.679ms
[252.877s][info][gc,phases,start] GC(214) Phase 2: Prepare compaction
[252.878s][info][gc,phases      ] GC(214) Phase 2: Prepare compaction 1.133ms
[252.878s][info][gc,phases,start] GC(214) Phase 3: Adjust pointers
[252.880s][info][gc,phases      ] GC(214) Phase 3: Adjust pointers 2.221ms
[252.880s][info][gc,phases,start] GC(214) Phase 4: Compact heap
[252.881s][info][gc,phases      ] GC(214) Phase 4: Compact heap 1.034ms
[252.881s][info][gc,phases,start] GC(214) Phase 5: Reset Metadata
[252.882s][info][gc,phases      ] GC(214) Phase 5: Reset Metadata 1.013ms
[252.888s][info][gc,heap        ] GC(214) Eden regions: 39->0(1086)
[252.888s][info][gc,heap        ] GC(214) Survivor regions: 6->0(78)
[252.888s][info][gc,heap        ] GC(214) Old regions: 853->8
[252.888s][info][gc,heap        ] GC(214) Humongous regions: 10->2
[252.888s][info][gc,metaspace   ] GC(214) Metaspace: 16588K(17024K)->16588K(17024K) NonClass: 14256K(14464K)->14256K(14464K) Class: 2331K(2560K)->2331K(2560K)
[252.888s][info][gc             ] GC(214) Pause Full (System.gc()) 904M->7M(2048M) 14.289ms
[252.888s][info][gc,cpu         ] GC(214) User=0.02s Sys=0.00s Real=0.00s
[254.197s][info][gc,start       ] GC(215) Pause Young (Normal) (G1 Evacuation Pause)
[254.197s][info][gc,task        ] GC(215) Using 6 workers of 6 for evacuation
[254.199s][info][gc,phases      ] GC(215)   Pre Evacuate Collection Set: 0.3ms
[254.199s][info][gc,phases      ] GC(215)   Merge Heap Roots: 0.1ms
[254.199s][info][gc,phases      ] GC(215)   Evacuate Collection Set: 0.3ms
[254.199s][info][gc,phases      ] GC(215)   Post Evacuate Collection Set: 0.6ms
[254.199s][info][gc,phases      ] GC(215)   Other: 0.1ms
[254.199s][info][gc,heap        ] GC(215) Eden regions: 1228->0(1225)
[254.199s][info][gc,heap        ] GC(215) Survivor regions: 0->3(154)
[254.199s][info][gc,heap        ] GC(215) Old regions: 8->8
[254.199s][info][gc,heap        ] GC(215) Humongous regions: 2->2
[254.199s][info][gc,metaspace   ] GC(215) Metaspace: 16588K(17024K)->16588K(17024K) NonClass: 14256K(14464K)->14256K(14464K) Class: 2331K(2560K)->2331K(2560K)
[254.199s][info][gc             ] GC(215) Pause Young (Normal) (G1 Evacuation Pause) 1235M->10M(2048M) 1.588ms
[254.199s][info][gc,cpu         ] GC(215) User=0.00s Sys=0.00s Real=0.00s
[254.391s][info][gc,start       ] GC(216) Pause Young (Normal) (G1 Evacuation Pause)
[254.391s][info][gc,task        ] GC(216) Using 6 workers of 6 for evacuation
[254.393s][info][gc,phases      ] GC(216)   Pre Evacuate Collection Set: 0.3ms
[254.393s][info][gc,phases      ] GC(216)   Merge Heap Roots: 0.1ms
[254.393s][info][gc,phases      ] GC(216)   Evacuate Collection Set: 0.4ms
[254.393s][info][gc,phases      ] GC(216)   Post Evacuate Collection Set: 0.6ms
[254.393s][info][gc,phases      ] GC(216)   Other: 0.1ms
[254.393s][info][gc,heap        ] GC(216) Eden regions: 1225->0(1227)
[254.393s][info][gc,heap        ] GC(216) Survivor regions: 3->1(154)
[254.393s][info][gc,heap        ] GC(216) Old regions: 8->8
[254.393s][info][gc,heap        ] GC(216) Humongous regions: 2->2
[254.393s][info][gc,metaspace   ] GC(216) Metaspace: 16588K(17024K)->16588K(17024K) NonClass: 14256K(14464K)->14256K(14464K) Class: 2331K(2560K)->2331K(2560K)
[254.393s][info][gc             ] GC(216) Pause Young (Normal) (G1 Evacuation Pause) 1235M->8M(2048M) 1.951ms
[254.393s][info][gc,cpu         ] GC(216) User=0.00s Sys=0.00s Real=0.00s
[257.303s][info][gc,start       ] GC(217) Pause Young (Normal) (G1 Evacuation Pause)
[257.303s][info][gc,task        ] GC(217) Using 6 workers of 6 for evacuation
[257.505s][info][gc,mmu         ] GC(217) MMU target violated: 201.0ms (200.0ms/201.0ms)
[257.505s][info][gc,phases      ] GC(217)   Pre Evacuate Collection Set: 0.4ms
[257.505s][info][gc,phases      ] GC(217)   Merge Heap Roots: 0.2ms
[257.505s][info][gc,phases      ] GC(217)   Evacuate Collection Set: 199.9ms
[257.505s][info][gc,phases      ] GC(217)   Post Evacuate Collection Set: 1.8ms
[257.505s][info][gc,phases      ] GC(217)   Other: 0.3ms
[257.505s][info][gc,heap        ] GC(217) Eden regions: 1227->0(874)
[257.505s][info][gc,heap        ] GC(217) Survivor regions: 1->154(154)
[257.505s][info][gc,heap        ] GC(217) Old regions: 8->314
[257.505s][info][gc,heap        ] GC(217) Humongous regions: 4->4
[257.505s][info][gc,metaspace   ] GC(217) Metaspace: 16588K(17024K)->16588K(17024K) NonClass: 14256K(14464K)->14256K(14464K) Class: 2331K(2560K)->2331K(2560K)
[257.506s][info][gc             ] GC(217) Pause Young (Normal) (G1 Evacuation Pause) 1237M->468M(2048M) 202.863ms
[257.506s][info][gc,cpu         ] GC(217) User=1.12s Sys=0.00s Real=0.20s
[258.087s][info][gc,start       ] GC(218) Pause Young (Normal) (G1 Evacuation Pause)
[258.087s][info][gc,task        ] GC(218) Using 6 workers of 6 for evacuation
[258.355s][info][gc,mmu         ] GC(218) MMU target violated: 201.0ms (200.0ms/201.0ms)
[258.355s][info][gc,phases      ] GC(218)   Pre Evacuate Collection Set: 0.6ms
[258.355s][info][gc,phases      ] GC(218)   Merge Heap Roots: 1.4ms
[258.355s][info][gc,phases      ] GC(218)   Evacuate Collection Set: 263.7ms
[258.355s][info][gc,phases      ] GC(218)   Post Evacuate Collection Set: 1.7ms
[258.355s][info][gc,phases      ] GC(218)   Other: 0.3ms
[258.355s][info][gc,heap        ] GC(218) Eden regions: 874->0(543)
[258.355s][info][gc,heap        ] GC(218) Survivor regions: 154->129(129)
[258.355s][info][gc,heap        ] GC(218) Old regions: 314->714
[258.355s][info][gc,heap        ] GC(218) Humongous regions: 7->7
[258.355s][info][gc,metaspace   ] GC(218) Metaspace: 16588K(17024K)->16588K(17024K) NonClass: 14256K(14464K)->14256K(14464K) Class: 2331K(2560K)->2331K(2560K)
[258.355s][info][gc             ] GC(218) Pause Young (Normal) (G1 Evacuation Pause) 1345M->846M(2048M) 267.947ms
[258.355s][info][gc,cpu         ] GC(218) User=1.52s Sys=0.00s Real=0.27s
[259.308s][info][gc,start       ] GC(219) Pause Young (Normal) (G1 Evacuation Pause)
[259.308s][info][gc,task        ] GC(219) Using 6 workers of 6 for evacuation
[259.395s][info][gc,phases      ] GC(219)   Pre Evacuate Collection Set: 0.5ms
[259.395s][info][gc,phases      ] GC(219)   Merge Heap Roots: 1.4ms
[259.395s][info][gc,phases      ] GC(219)   Evacuate Collection Set: 82.9ms
[259.395s][info][gc,phases      ] GC(219)   Post Evacuate Collection Set: 1.7ms
[259.395s][info][gc,phases      ] GC(219)   Other: 0.2ms
[259.395s][info][gc,heap        ] GC(219) Eden regions: 461->0(692)
[259.395s][info][gc,heap        ] GC(219) Survivor regions: 129->13(74)
[259.395s][info][gc,heap        ] GC(219) Old regions: 714->826
[259.395s][info][gc,heap        ] GC(219) Humongous regions: 10->10
[259.395s][info][gc,metaspace   ] GC(219) Metaspace: 16588K(17024K)->16588K(17024K) NonClass: 14256K(14464K)->14256K(14464K) Class: 2331K(2560K)->2331K(2560K)
[259.395s][info][gc             ] GC(219) Pause Young (Normal) (G1 Evacuation Pause) 1310M->845M(2048M) 86.864ms
[259.395s][info][gc,cpu         ] GC(219) User=0.47s Sys=0.00s Real=0.09s
[260.202s][info][gc,start       ] GC(220) Pause Full (System.gc())
[260.202s][info][gc,task        ] GC(220) Using 6 workers of 6 for full compaction
[260.202s][info][gc,phases,start] GC(220) Phase 1: Mark live objects
[260.205s][info][gc,phases      ] GC(220) Phase 1: Mark live objects 2.629ms
[260.205s][info][gc,phases,start] GC(220) Phase 2: Prepare compaction
[260.206s][info][gc,phases      ] GC(220) Phase 2: Prepare compaction 1.254ms
[260.206s][info][gc,phases,start] GC(220) Phase 3: Adjust pointers
[260.208s][info][gc,phases      ] GC(220) Phase 3: Adjust pointers 2.346ms
[260.209s][info][gc,phases,start] GC(220) Phase 4: Compact heap
[260.210s][info][gc,phases      ] GC(220) Phase 4: Compact heap 1.281ms
[260.210s][info][gc,phases,start] GC(220) Phase 5: Reset Metadata
[260.211s][info][gc,phases      ] GC(220) Phase 5: Reset Metadata 1.135ms
[260.217s][info][gc,heap        ] GC(220) Eden regions: 155->0(1200)
[260.217s][info][gc,heap        ] GC(220) Survivor regions: 13->0(74)
[260.217s][info][gc,heap        ] GC(220) Old regions: 826->8
[260.217s][info][gc,heap        ] GC(220) Humongous regions: 10->2
[260.217s][info][gc,metaspace   ] GC(220) Metaspace: 16588K(17024K)->16588K(17024K) NonClass: 14256K(14464K)->14256K(14464K) Class: 2331K(2560K)->2331K(2560K)
[260.217s][info][gc             ] GC(220) Pause Full (System.gc()) 999M->7M(2048M) 14.803ms
[260.217s][info][gc,cpu         ] GC(220) User=0.02s Sys=0.00s Real=0.02s
[261.440s][info][gc,start       ] GC(221) Pause Young (Normal) (G1 Evacuation Pause)
[261.440s][info][gc,task        ] GC(221) Using 6 workers of 6 for evacuation
[261.442s][info][gc,phases      ] GC(221)   Pre Evacuate Collection Set: 0.3ms
[261.442s][info][gc,phases      ] GC(221)   Merge Heap Roots: 0.2ms
[261.442s][info][gc,phases      ] GC(221)   Evacuate Collection Set: 0.5ms
[261.442s][info][gc,phases      ] GC(221)   Post Evacuate Collection Set: 0.7ms
[261.442s][info][gc,phases      ] GC(221)   Other: 0.1ms
[261.442s][info][gc,heap        ] GC(221) Eden regions: 1228->0(1225)
[261.442s][info][gc,heap        ] GC(221) Survivor regions: 0->3(154)
[261.442s][info][gc,heap        ] GC(221) Old regions: 8->8
[261.442s][info][gc,heap        ] GC(221) Humongous regions: 2->2
[261.442s][info][gc,metaspace   ] GC(221) Metaspace: 16588K(17024K)->16588K(17024K) NonClass: 14256K(14464K)->14256K(14464K) Class: 2331K(2560K)->2331K(2560K)
[261.442s][info][gc             ] GC(221) Pause Young (Normal) (G1 Evacuation Pause) 1235M->9M(2048M) 2.035ms
[261.442s][info][gc,cpu         ] GC(221) User=0.02s Sys=0.00s Real=0.00s
[261.633s][info][gc,start       ] GC(222) Pause Young (Normal) (G1 Evacuation Pause)
[261.633s][info][gc,task        ] GC(222) Using 6 workers of 6 for evacuation
[261.634s][info][gc,phases      ] GC(222)   Pre Evacuate Collection Set: 0.3ms
[261.634s][info][gc,phases      ] GC(222)   Merge Heap Roots: 0.2ms
[261.634s][info][gc,phases      ] GC(222)   Evacuate Collection Set: 0.3ms
[261.634s][info][gc,phases      ] GC(222)   Post Evacuate Collection Set: 0.5ms
[261.634s][info][gc,phases      ] GC(222)   Other: 0.1ms
[261.634s][info][gc,heap        ] GC(222) Eden regions: 1225->0(1226)
[261.634s][info][gc,heap        ] GC(222) Survivor regions: 3->2(154)
[261.634s][info][gc,heap        ] GC(222) Old regions: 8->8
[261.634s][info][gc,heap        ] GC(222) Humongous regions: 2->2
[261.634s][info][gc,metaspace   ] GC(222) Metaspace: 16588K(17024K)->16588K(17024K) NonClass: 14256K(14464K)->14256K(14464K) Class: 2331K(2560K)->2331K(2560K)
[261.634s][info][gc             ] GC(222) Pause Young (Normal) (G1 Evacuation Pause) 1234M->9M(2048M) 1.596ms
[261.634s][info][gc,cpu         ] GC(222) User=0.00s Sys=0.00s Real=0.00s
[264.900s][info][gc,start       ] GC(223) Pause Young (Normal) (G1 Evacuation Pause)
[264.900s][info][gc,task        ] GC(223) Using 6 workers of 6 for evacuation
[265.098s][info][gc,phases      ] GC(223)   Pre Evacuate Collection Set: 0.4ms
[265.098s][info][gc,phases      ] GC(223)   Merge Heap Roots: 0.2ms
[265.098s][info][gc,phases      ] GC(223)   Evacuate Collection Set: 195.6ms
[265.098s][info][gc,phases      ] GC(223)   Post Evacuate Collection Set: 1.4ms
[265.098s][info][gc,phases      ] GC(223)   Other: 0.1ms
[265.098s][info][gc,heap        ] GC(223) Eden regions: 1226->0(882)
[265.098s][info][gc,heap        ] GC(223) Survivor regions: 2->154(154)
[265.098s][info][gc,heap        ] GC(223) Old regions: 8->312
[265.098s][info][gc,heap        ] GC(223) Humongous regions: 4->4
[265.098s][info][gc,metaspace   ] GC(223) Metaspace: 16588K(17024K)->16588K(17024K) NonClass: 14256K(14464K)->14256K(14464K) Class: 2331K(2560K)->2331K(2560K)
[265.098s][info][gc             ] GC(223) Pause Young (Normal) (G1 Evacuation Pause) 1237M->467M(2048M) 197.911ms
[265.098s][info][gc,cpu         ] GC(223) User=1.12s Sys=0.00s Real=0.20s
[265.700s][info][gc,start       ] GC(224) Pause Young (Normal) (G1 Evacuation Pause)
[265.700s][info][gc,task        ] GC(224) Using 6 workers of 6 for evacuation
[265.970s][info][gc,mmu         ] GC(224) MMU target violated: 201.0ms (200.0ms/201.0ms)
[265.970s][info][gc,phases      ] GC(224)   Pre Evacuate Collection Set: 0.4ms
[265.971s][info][gc,phases      ] GC(224)   Merge Heap Roots: 1.4ms
[265.971s][info][gc,phases      ] GC(224)   Evacuate Collection Set: 267.1ms
[265.971s][info][gc,phases      ] GC(224)   Post Evacuate Collection Set: 1.5ms
[265.971s][info][gc,phases      ] GC(224)   Other: 0.2ms
[265.971s][info][gc,heap        ] GC(224) Eden regions: 882->0(542)
[265.971s][info][gc,heap        ] GC(224) Survivor regions: 154->130(130)
[265.971s][info][gc,heap        ] GC(224) Old regions: 312->716
[265.971s][info][gc,heap        ] GC(224) Humongous regions: 7->7
[265.971s][info][gc,metaspace   ] GC(224) Metaspace: 16588K(17024K)->16588K(17024K) NonClass: 14256K(14464K)->14256K(14464K) Class: 2331K(2560K)->2331K(2560K)
[265.971s][info][gc             ] GC(224) Pause Young (Normal) (G1 Evacuation Pause) 1352M->849M(2048M) 270.701ms
[265.971s][info][gc,cpu         ] GC(224) User=1.50s Sys=0.03s Real=0.27s
[266.894s][info][gc,start       ] GC(225) Pause Young (Normal) (G1 Evacuation Pause)
[266.894s][info][gc,task        ] GC(225) Using 6 workers of 6 for evacuation
[266.978s][info][gc,phases      ] GC(225)   Pre Evacuate Collection Set: 0.3ms
[266.978s][info][gc,phases      ] GC(225)   Merge Heap Roots: 1.8ms
[266.978s][info][gc,phases      ] GC(225)   Evacuate Collection Set: 80.1ms
[266.978s][info][gc,phases      ] GC(225)   Post Evacuate Collection Set: 1.3ms
[266.978s][info][gc,phases      ] GC(225)   Other: 0.1ms
[266.978s][info][gc,heap        ] GC(225) Eden regions: 436->0(639)
[266.978s][info][gc,heap        ] GC(225) Survivor regions: 130->11(71)
[266.978s][info][gc,heap        ] GC(225) Old regions: 716->830
[266.978s][info][gc,heap        ] GC(225) Humongous regions: 10->10
[266.978s][info][gc,metaspace   ] GC(225) Metaspace: 16588K(17024K)->16588K(17024K) NonClass: 14256K(14464K)->14256K(14464K) Class: 2331K(2560K)->2331K(2560K)
[266.978s][info][gc             ] GC(225) Pause Young (Normal) (G1 Evacuation Pause) 1288M->847M(2048M) 83.797ms
[266.978s][info][gc,cpu         ] GC(225) User=0.45s Sys=0.00s Real=0.08s
[267.853s][info][gc,start       ] GC(226) Pause Full (System.gc())
[267.853s][info][gc,task        ] GC(226) Using 6 workers of 6 for full compaction
[267.853s][info][gc,phases,start] GC(226) Phase 1: Mark live objects
[267.856s][info][gc,phases      ] GC(226) Phase 1: Mark live objects 2.825ms
[267.856s][info][gc,phases,start] GC(226) Phase 2: Prepare compaction
[267.857s][info][gc,phases      ] GC(226) Phase 2: Prepare compaction 1.211ms
[267.857s][info][gc,phases,start] GC(226) Phase 3: Adjust pointers
[267.860s][info][gc,phases      ] GC(226) Phase 3: Adjust pointers 2.326ms
[267.860s][info][gc,phases,start] GC(226) Phase 4: Compact heap
[267.861s][info][gc,phases      ] GC(226) Phase 4: Compact heap 1.076ms
[267.861s][info][gc,phases,start] GC(226) Phase 5: Reset Metadata
[267.862s][info][gc,phases      ] GC(226) Phase 5: Reset Metadata 0.761ms
[267.867s][info][gc,heap        ] GC(226) Eden regions: 175->0(805)
[267.867s][info][gc,heap        ] GC(226) Survivor regions: 11->0(71)
[267.867s][info][gc,heap        ] GC(226) Old regions: 830->8
[267.867s][info][gc,heap        ] GC(226) Humongous regions: 10->2
[267.867s][info][gc,metaspace   ] GC(226) Metaspace: 16588K(17024K)->16588K(17024K) NonClass: 14256K(14464K)->14256K(14464K) Class: 2331K(2560K)->2331K(2560K)
[267.867s][info][gc             ] GC(226) Pause Full (System.gc()) 1022M->7M(2048M) 14.312ms
[267.867s][info][gc,cpu         ] GC(226) User=0.00s Sys=0.00s Real=0.00s
[269.223s][info][gc,start       ] GC(227) Pause Young (Normal) (G1 Evacuation Pause)
[269.224s][info][gc,task        ] GC(227) Using 6 workers of 6 for evacuation
[269.225s][info][gc,phases      ] GC(227)   Pre Evacuate Collection Set: 0.3ms
[269.225s][info][gc,phases      ] GC(227)   Merge Heap Roots: 0.1ms
[269.225s][info][gc,phases      ] GC(227)   Evacuate Collection Set: 0.4ms
[269.225s][info][gc,phases      ] GC(227)   Post Evacuate Collection Set: 0.5ms
[269.225s][info][gc,phases      ] GC(227)   Other: 0.1ms
[269.225s][info][gc,heap        ] GC(227) Eden regions: 989->0(1034)
[269.225s][info][gc,heap        ] GC(227) Survivor regions: 0->3(124)
[269.225s][info][gc,heap        ] GC(227) Old regions: 8->8
[269.225s][info][gc,heap        ] GC(227) Humongous regions: 2->2
[269.225s][info][gc,metaspace   ] GC(227) Metaspace: 16588K(17024K)->16588K(17024K) NonClass: 14256K(14464K)->14256K(14464K) Class: 2331K(2560K)->2331K(2560K)
[269.225s][info][gc             ] GC(227) Pause Young (Normal) (G1 Evacuation Pause) 996M->9M(2048M) 1.729ms
[269.225s][info][gc,cpu         ] GC(227) User=0.00s Sys=0.00s Real=0.00s
[269.431s][info][gc,start       ] GC(228) Pause Young (Normal) (G1 Evacuation Pause)
[269.431s][info][gc,task        ] GC(228) Using 6 workers of 6 for evacuation
[269.433s][info][gc,phases      ] GC(228)   Pre Evacuate Collection Set: 0.4ms
[269.433s][info][gc,phases      ] GC(228)   Merge Heap Roots: 0.1ms
[269.433s][info][gc,phases      ] GC(228)   Evacuate Collection Set: 0.5ms
[269.433s][info][gc,phases      ] GC(228)   Post Evacuate Collection Set: 0.6ms
[269.433s][info][gc,phases      ] GC(228)   Other: 0.1ms
[269.433s][info][gc,heap        ] GC(228) Eden regions: 1147->0(1226)
[269.433s][info][gc,heap        ] GC(228) Survivor regions: 3->2(144)
[269.433s][info][gc,heap        ] GC(228) Old regions: 8->8
[269.433s][info][gc,heap        ] GC(228) Humongous regions: 2->2
[269.433s][info][gc,metaspace   ] GC(228) Metaspace: 16588K(17024K)->16588K(17024K) NonClass: 14256K(14464K)->14256K(14464K) Class: 2331K(2560K)->2331K(2560K)
[269.433s][info][gc             ] GC(228) Pause Young (Normal) (G1 Evacuation Pause) 1156M->8M(2048M) 1.984ms
[269.433s][info][gc,cpu         ] GC(228) User=0.00s Sys=0.00s Real=0.00s
[269.993s][info][gc,start       ] GC(229) Pause Young (Normal) (G1 Evacuation Pause)
[269.993s][info][gc,task        ] GC(229) Using 6 workers of 6 for evacuation
[270.165s][info][gc,phases      ] GC(229)   Pre Evacuate Collection Set: 0.2ms
[270.165s][info][gc,phases      ] GC(229)   Merge Heap Roots: 0.2ms
[270.165s][info][gc,phases      ] GC(229)   Evacuate Collection Set: 170.4ms
[270.165s][info][gc,phases      ] GC(229)   Post Evacuate Collection Set: 1.2ms
[270.165s][info][gc,phases      ] GC(229)   Other: 0.1ms
[270.165s][info][gc,heap        ] GC(229) Eden regions: 1226->0(907)
[270.165s][info][gc,heap        ] GC(229) Survivor regions: 2->154(154)
[270.165s][info][gc,heap        ] GC(229) Old regions: 8->231
[270.165s][info][gc,heap        ] GC(229) Humongous regions: 3->3
[270.165s][info][gc,metaspace   ] GC(229) Metaspace: 16588K(17024K)->16588K(17024K) NonClass: 14256K(14464K)->14256K(14464K) Class: 2331K(2560K)->2331K(2560K)
[270.165s][info][gc             ] GC(229) Pause Young (Normal) (G1 Evacuation Pause) 1235M->385M(2048M) 172.236ms
[270.165s][info][gc,cpu         ] GC(229) User=0.98s Sys=0.00s Real=0.17s
[273.131s][info][gc,start       ] GC(230) Pause Young (Normal) (G1 Evacuation Pause)
[273.131s][info][gc,task        ] GC(230) Using 6 workers of 6 for evacuation
[273.386s][info][gc,mmu         ] GC(230) MMU target violated: 201.0ms (200.0ms/201.0ms)
[273.386s][info][gc,phases      ] GC(230)   Pre Evacuate Collection Set: 0.7ms
[273.386s][info][gc,phases      ] GC(230)   Merge Heap Roots: 1.5ms
[273.386s][info][gc,phases      ] GC(230)   Evacuate Collection Set: 249.8ms
[273.386s][info][gc,phases      ] GC(230)   Post Evacuate Collection Set: 2.9ms
[273.386s][info][gc,phases      ] GC(230)   Other: 0.2ms
[273.386s][info][gc,heap        ] GC(230) Eden regions: 907->0(509)
[273.386s][info][gc,heap        ] GC(230) Survivor regions: 154->133(133)
[273.386s][info][gc,heap        ] GC(230) Old regions: 231->602
[273.386s][info][gc,heap        ] GC(230) Humongous regions: 4->4
[273.386s][info][gc,metaspace   ] GC(230) Metaspace: 16588K(17024K)->16588K(17024K) NonClass: 14256K(14464K)->14256K(14464K) Class: 2331K(2560K)->2331K(2560K)
[273.386s][info][gc             ] GC(230) Pause Young (Normal) (G1 Evacuation Pause) 1293M->736M(2048M) 255.325ms
[273.386s][info][gc,cpu         ] GC(230) User=1.52s Sys=0.00s Real=0.27s
[273.811s][info][gc,start       ] GC(231) Pause Young (Normal) (G1 Evacuation Pause)
[273.811s][info][gc,task        ] GC(231) Using 6 workers of 6 for evacuation
[273.963s][info][gc,phases      ] GC(231)   Pre Evacuate Collection Set: 0.3ms
[273.963s][info][gc,phases      ] GC(231)   Merge Heap Roots: 2.4ms
[273.963s][info][gc,phases      ] GC(231)   Evacuate Collection Set: 148.3ms
[273.963s][info][gc,phases      ] GC(231)   Post Evacuate Collection Set: 1.2ms
[273.963s][info][gc,phases      ] GC(231)   Other: 0.1ms
[273.963s][info][gc,heap        ] GC(231) Eden regions: 281->0(576)
[273.963s][info][gc,heap        ] GC(231) Survivor regions: 133->52(52)
[273.963s][info][gc,heap        ] GC(231) Old regions: 602->813
[273.963s][info][gc,heap        ] GC(231) Humongous regions: 7->7
[273.963s][info][gc,metaspace   ] GC(231) Metaspace: 16588K(17024K)->16588K(17024K) NonClass: 14256K(14464K)->14256K(14464K) Class: 2331K(2560K)->2331K(2560K)
[273.963s][info][gc             ] GC(231) Pause Young (Normal) (G1 Evacuation Pause) 1020M->868M(2048M) 152.561ms
[273.963s][info][gc,cpu         ] GC(231) User=0.84s Sys=0.00s Real=0.14s
[275.514s][info][gc,start       ] GC(232) Pause Young (Normal) (G1 Evacuation Pause)
[275.514s][info][gc,task        ] GC(232) Using 6 workers of 6 for evacuation
[275.552s][info][gc,phases      ] GC(232)   Pre Evacuate Collection Set: 0.4ms
[275.552s][info][gc,phases      ] GC(232)   Merge Heap Roots: 1.5ms
[275.552s][info][gc,phases      ] GC(232)   Evacuate Collection Set: 34.6ms
[275.552s][info][gc,phases      ] GC(232)   Post Evacuate Collection Set: 0.5ms
[275.552s][info][gc,phases      ] GC(232)   Other: 0.2ms
[275.552s][info][gc,heap        ] GC(232) Eden regions: 576->0(657)
[275.552s][info][gc,heap        ] GC(232) Survivor regions: 52->6(79)
[275.552s][info][gc,heap        ] GC(232) Old regions: 813->841
[275.552s][info][gc,heap        ] GC(232) Humongous regions: 10->10
[275.552s][info][gc,metaspace   ] GC(232) Metaspace: 16588K(17024K)->16588K(17024K) NonClass: 14256K(14464K)->14256K(14464K) Class: 2331K(2560K)->2331K(2560K)
[275.552s][info][gc             ] GC(232) Pause Young (Normal) (G1 Evacuation Pause) 1447M->853M(2048M) 37.401ms
[275.552s][info][gc,cpu         ] GC(232) User=0.19s Sys=0.00s Real=0.02s
[275.896s][info][gc,start       ] GC(233) Pause Full (System.gc())
[275.896s][info][gc,task        ] GC(233) Using 6 workers of 6 for full compaction
[275.896s][info][gc,phases,start] GC(233) Phase 1: Mark live objects
[275.899s][info][gc,phases      ] GC(233) Phase 1: Mark live objects 2.431ms
[275.899s][info][gc,phases,start] GC(233) Phase 2: Prepare compaction
[275.902s][info][gc,phases      ] GC(233) Phase 2: Prepare compaction 2.889ms
[275.902s][info][gc,phases,start] GC(233) Phase 3: Adjust pointers
[275.904s][info][gc,phases      ] GC(233) Phase 3: Adjust pointers 2.329ms
[275.904s][info][gc,phases,start] GC(233) Phase 4: Compact heap
[275.905s][info][gc,phases      ] GC(233) Phase 4: Compact heap 0.715ms
[275.905s][info][gc,phases,start] GC(233) Phase 5: Reset Metadata
[275.906s][info][gc,phases      ] GC(233) Phase 5: Reset Metadata 0.948ms
[275.912s][info][gc,heap        ] GC(233) Eden regions: 46->0(973)
[275.912s][info][gc,heap        ] GC(233) Survivor regions: 6->0(79)
[275.912s][info][gc,heap        ] GC(233) Old regions: 841->8
[275.912s][info][gc,heap        ] GC(233) Humongous regions: 10->2
[275.912s][info][gc,metaspace   ] GC(233) Metaspace: 16588K(17024K)->16588K(17024K) NonClass: 14256K(14464K)->14256K(14464K) Class: 2331K(2560K)->2331K(2560K)
[275.912s][info][gc             ] GC(233) Pause Full (System.gc()) 899M->7M(2048M) 16.072ms
[275.912s][info][gc,cpu         ] GC(233) User=0.00s Sys=0.02s Real=0.02s
[277.316s][info][gc,start       ] GC(234) Pause Young (Normal) (G1 Evacuation Pause)
[277.316s][info][gc,task        ] GC(234) Using 6 workers of 6 for evacuation
[277.318s][info][gc,phases      ] GC(234)   Pre Evacuate Collection Set: 0.3ms
[277.318s][info][gc,phases      ] GC(234)   Merge Heap Roots: 0.2ms
[277.318s][info][gc,phases      ] GC(234)   Evacuate Collection Set: 0.4ms
[277.318s][info][gc,phases      ] GC(234)   Post Evacuate Collection Set: 0.6ms
[277.318s][info][gc,phases      ] GC(234)   Other: 0.1ms
[277.318s][info][gc,heap        ] GC(234) Eden regions: 1172->0(1225)
[277.318s][info][gc,heap        ] GC(234) Survivor regions: 0->3(147)
[277.318s][info][gc,heap        ] GC(234) Old regions: 8->8
[277.318s][info][gc,heap        ] GC(234) Humongous regions: 2->2
[277.318s][info][gc,metaspace   ] GC(234) Metaspace: 16590K(17024K)->16590K(17024K) NonClass: 14259K(14464K)->14259K(14464K) Class: 2331K(2560K)->2331K(2560K)
[277.318s][info][gc             ] GC(234) Pause Young (Normal) (G1 Evacuation Pause) 1179M->10M(2048M) 1.805ms
[277.318s][info][gc,cpu         ] GC(234) User=0.00s Sys=0.00s Real=0.00s
[277.514s][info][gc,start       ] GC(235) Pause Young (Normal) (G1 Evacuation Pause)
[277.514s][info][gc,task        ] GC(235) Using 6 workers of 6 for evacuation
[277.515s][info][gc,phases      ] GC(235)   Pre Evacuate Collection Set: 0.3ms
[277.515s][info][gc,phases      ] GC(235)   Merge Heap Roots: 0.1ms
[277.516s][info][gc,phases      ] GC(235)   Evacuate Collection Set: 0.3ms
[277.516s][info][gc,phases      ] GC(235)   Post Evacuate Collection Set: 0.5ms
[277.516s][info][gc,phases      ] GC(235)   Other: 0.1ms
[277.516s][info][gc,heap        ] GC(235) Eden regions: 1225->0(1227)
[277.516s][info][gc,heap        ] GC(235) Survivor regions: 3->1(154)
[277.516s][info][gc,heap        ] GC(235) Old regions: 8->8
[277.516s][info][gc,heap        ] GC(235) Humongous regions: 2->2
[277.516s][info][gc,metaspace   ] GC(235) Metaspace: 16590K(17024K)->16590K(17024K) NonClass: 14259K(14464K)->14259K(14464K) Class: 2331K(2560K)->2331K(2560K)
[277.516s][info][gc             ] GC(235) Pause Young (Normal) (G1 Evacuation Pause) 1235M->8M(2048M) 1.525ms
[277.516s][info][gc,cpu         ] GC(235) User=0.00s Sys=0.00s Real=0.00s
[280.681s][info][gc,start       ] GC(236) Pause Young (Normal) (G1 Evacuation Pause)
[280.681s][info][gc,task        ] GC(236) Using 6 workers of 6 for evacuation
[280.867s][info][gc,phases      ] GC(236)   Pre Evacuate Collection Set: 0.4ms
[280.867s][info][gc,phases      ] GC(236)   Merge Heap Roots: 0.2ms
[280.867s][info][gc,phases      ] GC(236)   Evacuate Collection Set: 184.0ms
[280.867s][info][gc,phases      ] GC(236)   Post Evacuate Collection Set: 1.4ms
[280.867s][info][gc,phases      ] GC(236)   Other: 0.2ms
[280.867s][info][gc,heap        ] GC(236) Eden regions: 1227->0(901)
[280.867s][info][gc,heap        ] GC(236) Survivor regions: 1->154(154)
[280.867s][info][gc,heap        ] GC(236) Old regions: 8->287
[280.867s][info][gc,heap        ] GC(236) Humongous regions: 4->4
[280.867s][info][gc,metaspace   ] GC(236) Metaspace: 16590K(17024K)->16590K(17024K) NonClass: 14259K(14464K)->14259K(14464K) Class: 2331K(2560K)->2331K(2560K)
[280.867s][info][gc             ] GC(236) Pause Young (Normal) (G1 Evacuation Pause) 1237M->442M(2048M) 186.367ms
[280.867s][info][gc,cpu         ] GC(236) User=1.05s Sys=0.00s Real=0.18s
[281.428s][info][gc,start       ] GC(237) Pause Young (Normal) (G1 Evacuation Pause)
[281.428s][info][gc,task        ] GC(237) Using 6 workers of 6 for evacuation
[281.695s][info][gc,mmu         ] GC(237) MMU target violated: 201.0ms (200.0ms/201.0ms)
[281.695s][info][gc,phases      ] GC(237)   Pre Evacuate Collection Set: 0.4ms
[281.695s][info][gc,phases      ] GC(237)   Merge Heap Roots: 1.3ms
[281.695s][info][gc,phases      ] GC(237)   Evacuate Collection Set: 263.8ms
[281.695s][info][gc,phases      ] GC(237)   Post Evacuate Collection Set: 1.4ms
[281.695s][info][gc,phases      ] GC(237)   Other: 0.4ms
[281.695s][info][gc,heap        ] GC(237) Eden regions: 901->0(516)
[281.696s][info][gc,heap        ] GC(237) Survivor regions: 154->132(132)
[281.696s][info][gc,heap        ] GC(237) Old regions: 287->684
[281.696s][info][gc,heap        ] GC(237) Humongous regions: 7->7
[281.696s][info][gc,metaspace   ] GC(237) Metaspace: 16590K(17024K)->16590K(17024K) NonClass: 14259K(14464K)->14259K(14464K) Class: 2331K(2560K)->2331K(2560K)
[281.696s][info][gc             ] GC(237) Pause Young (Normal) (G1 Evacuation Pause) 1346M->819M(2048M) 267.485ms
[281.696s][info][gc,cpu         ] GC(237) User=1.50s Sys=0.02s Real=0.26s
[282.560s][info][gc,start       ] GC(238) Pause Young (Normal) (G1 Evacuation Pause)
[282.560s][info][gc,task        ] GC(238) Using 6 workers of 6 for evacuation
[282.634s][info][gc,phases      ] GC(238)   Pre Evacuate Collection Set: 0.4ms
[282.634s][info][gc,phases      ] GC(238)   Merge Heap Roots: 1.9ms
[282.634s][info][gc,phases      ] GC(238)   Evacuate Collection Set: 70.3ms
[282.634s][info][gc,phases      ] GC(238)   Post Evacuate Collection Set: 0.9ms
[282.634s][info][gc,phases      ] GC(238)   Other: 0.2ms
[282.634s][info][gc,heap        ] GC(238) Eden regions: 448->0(696)
[282.634s][info][gc,heap        ] GC(238) Survivor regions: 132->17(73)
[282.634s][info][gc,heap        ] GC(238) Old regions: 684->812
[282.634s][info][gc,heap        ] GC(238) Humongous regions: 10->10
[282.634s][info][gc,metaspace   ] GC(238) Metaspace: 16590K(17024K)->16590K(17024K) NonClass: 14259K(14464K)->14259K(14464K) Class: 2331K(2560K)->2331K(2560K)
[282.634s][info][gc             ] GC(238) Pause Young (Normal) (G1 Evacuation Pause) 1270M->835M(2048M) 73.943ms
[282.634s][info][gc,cpu         ] GC(238) User=0.38s Sys=0.00s Real=0.07s
[283.545s][info][gc,start       ] GC(239) Pause Full (System.gc())
[283.546s][info][gc,task        ] GC(239) Using 6 workers of 6 for full compaction
[283.546s][info][gc,phases,start] GC(239) Phase 1: Mark live objects
[283.549s][info][gc,phases      ] GC(239) Phase 1: Mark live objects 2.947ms
[283.549s][info][gc,phases,start] GC(239) Phase 2: Prepare compaction
[283.550s][info][gc,phases      ] GC(239) Phase 2: Prepare compaction 1.469ms
[283.550s][info][gc,phases,start] GC(239) Phase 3: Adjust pointers
[283.553s][info][gc,phases      ] GC(239) Phase 3: Adjust pointers 2.567ms
[283.553s][info][gc,phases,start] GC(239) Phase 4: Compact heap
[283.554s][info][gc,phases      ] GC(239) Phase 4: Compact heap 0.754ms
[283.554s][info][gc,phases,start] GC(239) Phase 5: Reset Metadata
[283.554s][info][gc,phases      ] GC(239) Phase 5: Reset Metadata 0.736ms
[283.560s][info][gc,heap        ] GC(239) Eden regions: 205->0(1215)
[283.560s][info][gc,heap        ] GC(239) Survivor regions: 17->0(73)
[283.560s][info][gc,heap        ] GC(239) Old regions: 812->8
[283.560s][info][gc,heap        ] GC(239) Humongous regions: 10->2
[283.560s][info][gc,metaspace   ] GC(239) Metaspace: 16590K(17024K)->16590K(17024K) NonClass: 14259K(14464K)->14259K(14464K) Class: 2331K(2560K)->2331K(2560K)
[283.560s][info][gc             ] GC(239) Pause Full (System.gc()) 1039M->7M(2048M) 14.992ms
[283.560s][info][gc,cpu         ] GC(239) User=0.00s Sys=0.00s Real=0.02s
[284.866s][info][gc,start       ] GC(240) Pause Young (Normal) (G1 Evacuation Pause)
[284.866s][info][gc,task        ] GC(240) Using 6 workers of 6 for evacuation
[284.868s][info][gc,phases      ] GC(240)   Pre Evacuate Collection Set: 0.3ms
[284.868s][info][gc,phases      ] GC(240)   Merge Heap Roots: 0.2ms
[284.868s][info][gc,phases      ] GC(240)   Evacuate Collection Set: 0.3ms
[284.868s][info][gc,phases      ] GC(240)   Post Evacuate Collection Set: 0.6ms
[284.868s][info][gc,phases      ] GC(240)   Other: 0.1ms
[284.868s][info][gc,heap        ] GC(240) Eden regions: 1228->0(1225)
[284.868s][info][gc,heap        ] GC(240) Survivor regions: 0->3(154)
[284.868s][info][gc,heap        ] GC(240) Old regions: 8->8
[284.868s][info][gc,heap        ] GC(240) Humongous regions: 2->2
[284.868s][info][gc,metaspace   ] GC(240) Metaspace: 16591K(17024K)->16591K(17024K) NonClass: 14260K(14464K)->14260K(14464K) Class: 2331K(2560K)->2331K(2560K)
[284.868s][info][gc             ] GC(240) Pause Young (Normal) (G1 Evacuation Pause) 1235M->10M(2048M) 1.667ms
[284.868s][info][gc,cpu         ] GC(240) User=0.00s Sys=0.00s Real=0.00s
[285.060s][info][gc,start       ] GC(241) Pause Young (Normal) (G1 Evacuation Pause)
[285.061s][info][gc,task        ] GC(241) Using 6 workers of 6 for evacuation
[285.062s][info][gc,phases      ] GC(241)   Pre Evacuate Collection Set: 0.3ms
[285.062s][info][gc,phases      ] GC(241)   Merge Heap Roots: 0.2ms
[285.062s][info][gc,phases      ] GC(241)   Evacuate Collection Set: 0.3ms
[285.062s][info][gc,phases      ] GC(241)   Post Evacuate Collection Set: 0.5ms
[285.062s][info][gc,phases      ] GC(241)   Other: 0.1ms
[285.062s][info][gc,heap        ] GC(241) Eden regions: 1225->0(1226)
[285.062s][info][gc,heap        ] GC(241) Survivor regions: 3->2(154)
[285.062s][info][gc,heap        ] GC(241) Old regions: 8->8
[285.062s][info][gc,heap        ] GC(241) Humongous regions: 2->2
[285.062s][info][gc,metaspace   ] GC(241) Metaspace: 16591K(17024K)->16591K(17024K) NonClass: 14260K(14464K)->14260K(14464K) Class: 2331K(2560K)->2331K(2560K)
[285.062s][info][gc             ] GC(241) Pause Young (Normal) (G1 Evacuation Pause) 1235M->9M(2048M) 1.784ms
[285.062s][info][gc,cpu         ] GC(241) User=0.00s Sys=0.00s Real=0.00s
[288.281s][info][gc,start       ] GC(242) Pause Young (Normal) (G1 Evacuation Pause)
[288.281s][info][gc,task        ] GC(242) Using 6 workers of 6 for evacuation
[288.481s][info][gc,mmu         ] GC(242) MMU target violated: 200.2ms (200.0ms/201.0ms)
[288.481s][info][gc,phases      ] GC(242)   Pre Evacuate Collection Set: 0.4ms
[288.481s][info][gc,phases      ] GC(242)   Merge Heap Roots: 0.3ms
[288.481s][info][gc,phases      ] GC(242)   Evacuate Collection Set: 197.7ms
[288.481s][info][gc,phases      ] GC(242)   Post Evacuate Collection Set: 1.6ms
[288.481s][info][gc,phases      ] GC(242)   Other: 0.3ms
[288.481s][info][gc,heap        ] GC(242) Eden regions: 1226->0(886)
[288.481s][info][gc,heap        ] GC(242) Survivor regions: 2->154(154)
[288.481s][info][gc,heap        ] GC(242) Old regions: 8->310
[288.481s][info][gc,heap        ] GC(242) Humongous regions: 4->4
[288.481s][info][gc,metaspace   ] GC(242) Metaspace: 16591K(17024K)->16591K(17024K) NonClass: 14260K(14464K)->14260K(14464K) Class: 2331K(2560K)->2331K(2560K)
[288.481s][info][gc             ] GC(242) Pause Young (Normal) (G1 Evacuation Pause) 1237M->465M(2048M) 200.517ms
[288.481s][info][gc,cpu         ] GC(242) User=1.12s Sys=0.00s Real=0.20s
[289.055s][info][gc,start       ] GC(243) Pause Young (Normal) (G1 Evacuation Pause)
[289.056s][info][gc,task        ] GC(243) Using 6 workers of 6 for evacuation
[289.317s][info][gc,mmu         ] GC(243) MMU target violated: 201.0ms (200.0ms/201.0ms)
[289.317s][info][gc,phases      ] GC(243)   Pre Evacuate Collection Set: 0.6ms
[289.317s][info][gc,phases      ] GC(243)   Merge Heap Roots: 1.2ms
[289.317s][info][gc,phases      ] GC(243)   Evacuate Collection Set: 258.4ms
[289.317s][info][gc,phases      ] GC(243)   Post Evacuate Collection Set: 1.3ms
[289.317s][info][gc,phases      ] GC(243)   Other: 0.3ms
[289.317s][info][gc,heap        ] GC(243) Eden regions: 872->0(532)
[289.317s][info][gc,heap        ] GC(243) Survivor regions: 154->129(129)
[289.317s][info][gc,heap        ] GC(243) Old regions: 310->706
[289.317s][info][gc,heap        ] GC(243) Humongous regions: 7->7
[289.317s][info][gc,metaspace   ] GC(243) Metaspace: 16591K(17024K)->16591K(17024K) NonClass: 14260K(14464K)->14260K(14464K) Class: 2331K(2560K)->2331K(2560K)
[289.317s][info][gc             ] GC(243) Pause Young (Normal) (G1 Evacuation Pause) 1340M->838M(2048M) 261.994ms
[289.317s][info][gc,cpu         ] GC(243) User=1.52s Sys=0.00s Real=0.27s
[290.207s][info][gc,start       ] GC(244) Pause Young (Normal) (G1 Evacuation Pause)
[290.207s][info][gc,task        ] GC(244) Using 6 workers of 6 for evacuation
[290.283s][info][gc,phases      ] GC(244)   Pre Evacuate Collection Set: 0.6ms
[290.283s][info][gc,phases      ] GC(244)   Merge Heap Roots: 1.9ms
[290.283s][info][gc,phases      ] GC(244)   Evacuate Collection Set: 72.4ms
[290.283s][info][gc,phases      ] GC(244)   Post Evacuate Collection Set: 1.0ms
[290.283s][info][gc,phases      ] GC(244)   Other: 0.1ms
[290.283s][info][gc,heap        ] GC(244) Eden regions: 434->0(698)
[290.283s][info][gc,heap        ] GC(244) Survivor regions: 129->16(71)
[290.283s][info][gc,heap        ] GC(244) Old regions: 706->820
[290.283s][info][gc,heap        ] GC(244) Humongous regions: 10->10
[290.283s][info][gc,metaspace   ] GC(244) Metaspace: 16591K(17024K)->16591K(17024K) NonClass: 14260K(14464K)->14260K(14464K) Class: 2331K(2560K)->2331K(2560K)
[290.283s][info][gc             ] GC(244) Pause Young (Normal) (G1 Evacuation Pause) 1275M->842M(2048M) 76.348ms
[290.283s][info][gc,cpu         ] GC(244) User=0.39s Sys=0.00s Real=0.08s
[291.189s][info][gc,start       ] GC(245) Pause Full (System.gc())
[291.189s][info][gc,task        ] GC(245) Using 6 workers of 6 for full compaction
[291.189s][info][gc,phases,start] GC(245) Phase 1: Mark live objects
[291.192s][info][gc,phases      ] GC(245) Phase 1: Mark live objects 2.663ms
[291.192s][info][gc,phases,start] GC(245) Phase 2: Prepare compaction
[291.193s][info][gc,phases      ] GC(245) Phase 2: Prepare compaction 1.196ms
[291.193s][info][gc,phases,start] GC(245) Phase 3: Adjust pointers
[291.196s][info][gc,phases      ] GC(245) Phase 3: Adjust pointers 2.353ms
[291.196s][info][gc,phases,start] GC(245) Phase 4: Compact heap
[291.197s][info][gc,phases      ] GC(245) Phase 4: Compact heap 0.929ms
[291.197s][info][gc,phases,start] GC(245) Phase 5: Reset Metadata
[291.197s][info][gc,phases      ] GC(245) Phase 5: Reset Metadata 0.842ms
[291.204s][info][gc,heap        ] GC(245) Eden regions: 192->0(1182)
[291.204s][info][gc,heap        ] GC(245) Survivor regions: 16->0(71)
[291.204s][info][gc,heap        ] GC(245) Old regions: 820->8
[291.204s][info][gc,heap        ] GC(245) Humongous regions: 10->2
[291.204s][info][gc,metaspace   ] GC(245) Metaspace: 16591K(17024K)->16591K(17024K) NonClass: 14260K(14464K)->14260K(14464K) Class: 2331K(2560K)->2331K(2560K)
[291.204s][info][gc             ] GC(245) Pause Full (System.gc()) 1034M->7M(2048M) 15.055ms
[291.204s][info][gc,cpu         ] GC(245) User=0.02s Sys=0.00s Real=0.01s
[292.480s][info][gc,start       ] GC(246) Pause Young (Normal) (G1 Evacuation Pause)
[292.480s][info][gc,task        ] GC(246) Using 6 workers of 6 for evacuation
[292.482s][info][gc,phases      ] GC(246)   Pre Evacuate Collection Set: 0.3ms
[292.482s][info][gc,phases      ] GC(246)   Merge Heap Roots: 0.2ms
[292.482s][info][gc,phases      ] GC(246)   Evacuate Collection Set: 0.3ms
[292.482s][info][gc,phases      ] GC(246)   Post Evacuate Collection Set: 0.6ms
[292.482s][info][gc,phases      ] GC(246)   Other: 0.1ms
[292.482s][info][gc,heap        ] GC(246) Eden regions: 1228->0(1225)
[292.482s][info][gc,heap        ] GC(246) Survivor regions: 0->3(154)
[292.482s][info][gc,heap        ] GC(246) Old regions: 8->8
[292.482s][info][gc,heap        ] GC(246) Humongous regions: 2->2
[292.482s][info][gc,metaspace   ] GC(246) Metaspace: 16591K(17024K)->16591K(17024K) NonClass: 14260K(14464K)->14260K(14464K) Class: 2331K(2560K)->2331K(2560K)
[292.482s][info][gc             ] GC(246) Pause Young (Normal) (G1 Evacuation Pause) 1235M->10M(2048M) 1.786ms
[292.482s][info][gc,cpu         ] GC(246) User=0.00s Sys=0.00s Real=0.00s
[292.674s][info][gc,start       ] GC(247) Pause Young (Normal) (G1 Evacuation Pause)
[292.674s][info][gc,task        ] GC(247) Using 6 workers of 6 for evacuation
[292.675s][info][gc,phases      ] GC(247)   Pre Evacuate Collection Set: 0.3ms
[292.675s][info][gc,phases      ] GC(247)   Merge Heap Roots: 0.1ms
[292.675s][info][gc,phases      ] GC(247)   Evacuate Collection Set: 0.3ms
[292.675s][info][gc,phases      ] GC(247)   Post Evacuate Collection Set: 0.6ms
[292.675s][info][gc,phases      ] GC(247)   Other: 0.1ms
[292.675s][info][gc,heap        ] GC(247) Eden regions: 1225->0(1226)
[292.675s][info][gc,heap        ] GC(247) Survivor regions: 3->2(154)
[292.675s][info][gc,heap        ] GC(247) Old regions: 8->8
[292.675s][info][gc,heap        ] GC(247) Humongous regions: 2->2
[292.675s][info][gc,metaspace   ] GC(247) Metaspace: 16591K(17024K)->16591K(17024K) NonClass: 14260K(14464K)->14260K(14464K) Class: 2331K(2560K)->2331K(2560K)
[292.675s][info][gc             ] GC(247) Pause Young (Normal) (G1 Evacuation Pause) 1235M->9M(2048M) 1.637ms
[292.675s][info][gc,cpu         ] GC(247) User=0.00s Sys=0.00s Real=0.00s
[295.828s][info][gc,start       ] GC(248) Pause Young (Normal) (G1 Evacuation Pause)
[295.828s][info][gc,task        ] GC(248) Using 6 workers of 6 for evacuation
[296.027s][info][gc,phases      ] GC(248)   Pre Evacuate Collection Set: 0.4ms
[296.027s][info][gc,phases      ] GC(248)   Merge Heap Roots: 0.3ms
[296.027s][info][gc,phases      ] GC(248)   Evacuate Collection Set: 197.3ms
[296.027s][info][gc,phases      ] GC(248)   Post Evacuate Collection Set: 1.4ms
[296.027s][info][gc,phases      ] GC(248)   Other: 0.2ms
[296.027s][info][gc,heap        ] GC(248) Eden regions: 1226->0(884)
[296.027s][info][gc,heap        ] GC(248) Survivor regions: 2->154(154)
[296.027s][info][gc,heap        ] GC(248) Old regions: 8->312
[296.027s][info][gc,heap        ] GC(248) Humongous regions: 4->4
[296.027s][info][gc,metaspace   ] GC(248) Metaspace: 16591K(17024K)->16591K(17024K) NonClass: 14260K(14464K)->14260K(14464K) Class: 2331K(2560K)->2331K(2560K)
[296.027s][info][gc             ] GC(248) Pause Young (Normal) (G1 Evacuation Pause) 1237M->466M(2048M) 199.881ms
[296.027s][info][gc,cpu         ] GC(248) User=1.12s Sys=0.00s Real=0.20s
[296.625s][info][gc,start       ] GC(249) Pause Young (Normal) (G1 Evacuation Pause)
[296.625s][info][gc,task        ] GC(249) Using 6 workers of 6 for evacuation
[296.887s][info][gc,mmu         ] GC(249) MMU target violated: 201.0ms (200.0ms/201.0ms)
[296.887s][info][gc,phases      ] GC(249)   Pre Evacuate Collection Set: 0.3ms
[296.887s][info][gc,phases      ] GC(249)   Merge Heap Roots: 1.4ms
[296.887s][info][gc,phases      ] GC(249)   Evacuate Collection Set: 258.4ms
[296.887s][info][gc,phases      ] GC(249)   Post Evacuate Collection Set: 1.6ms
[296.887s][info][gc,phases      ] GC(249)   Other: 0.2ms
[296.887s][info][gc,heap        ] GC(249) Eden regions: 884->0(546)
[296.887s][info][gc,heap        ] GC(249) Survivor regions: 154->130(130)
[296.887s][info][gc,heap        ] GC(249) Old regions: 312->717
[296.887s][info][gc,heap        ] GC(249) Humongous regions: 7->7
[296.887s][info][gc,metaspace   ] GC(249) Metaspace: 16591K(17024K)->16591K(17024K) NonClass: 14260K(14464K)->14260K(14464K) Class: 2331K(2560K)->2331K(2560K)
[296.887s][info][gc             ] GC(249) Pause Young (Normal) (G1 Evacuation Pause) 1353M->850M(2048M) 261.958ms
[296.887s][info][gc,cpu         ] GC(249) User=1.48s Sys=0.00s Real=0.25s
[297.793s][info][gc,start       ] GC(250) Pause Young (Normal) (G1 Evacuation Pause)
[297.793s][info][gc,task        ] GC(250) Using 6 workers of 6 for evacuation
[297.877s][info][gc,phases      ] GC(250)   Pre Evacuate Collection Set: 0.4ms
[297.877s][info][gc,phases      ] GC(250)   Merge Heap Roots: 1.7ms
[297.877s][info][gc,phases      ] GC(250)   Evacuate Collection Set: 80.1ms
[297.877s][info][gc,phases      ] GC(250)   Post Evacuate Collection Set: 1.3ms
[297.877s][info][gc,phases      ] GC(250)   Other: 0.1ms
[297.877s][info][gc,heap        ] GC(250) Eden regions: 432->0(636)
[297.877s][info][gc,heap        ] GC(250) Survivor regions: 130->11(71)
[297.877s][info][gc,heap        ] GC(250) Old regions: 717->834
[297.877s][info][gc,heap        ] GC(250) Humongous regions: 10->10
[297.877s][info][gc,metaspace   ] GC(250) Metaspace: 16591K(17024K)->16591K(17024K) NonClass: 14260K(14464K)->14260K(14464K) Class: 2331K(2560K)->2331K(2560K)
[297.877s][info][gc             ] GC(250) Pause Young (Normal) (G1 Evacuation Pause) 1285M->851M(2048M) 83.824ms
[297.877s][info][gc,cpu         ] GC(250) User=0.44s Sys=0.00s Real=0.09s
[298.756s][info][gc,start       ] GC(251) Pause Full (System.gc())
[298.756s][info][gc,task        ] GC(251) Using 6 workers of 6 for full compaction
[298.757s][info][gc,phases,start] GC(251) Phase 1: Mark live objects
[298.759s][info][gc,phases      ] GC(251) Phase 1: Mark live objects 2.698ms
[298.759s][info][gc,phases,start] GC(251) Phase 2: Prepare compaction
[298.761s][info][gc,phases      ] GC(251) Phase 2: Prepare compaction 1.351ms
[298.761s][info][gc,phases,start] GC(251) Phase 3: Adjust pointers
[298.763s][info][gc,phases      ] GC(251) Phase 3: Adjust pointers 2.284ms
[298.763s][info][gc,phases,start] GC(251) Phase 4: Compact heap
[298.764s][info][gc,phases      ] GC(251) Phase 4: Compact heap 1.161ms
[298.764s][info][gc,phases,start] GC(251) Phase 5: Reset Metadata
[298.765s][info][gc,phases      ] GC(251) Phase 5: Reset Metadata 0.946ms
[298.771s][info][gc,heap        ] GC(251) Eden regions: 177->0(806)
[298.771s][info][gc,heap        ] GC(251) Survivor regions: 11->0(71)
[298.771s][info][gc,heap        ] GC(251) Old regions: 834->8
[298.771s][info][gc,heap        ] GC(251) Humongous regions: 10->2
[298.771s][info][gc,metaspace   ] GC(251) Metaspace: 16591K(17024K)->16591K(17024K) NonClass: 14260K(14464K)->14260K(14464K) Class: 2331K(2560K)->2331K(2560K)
[298.771s][info][gc             ] GC(251) Pause Full (System.gc()) 1028M->7M(2048M) 15.258ms
[298.771s][info][gc,cpu         ] GC(251) User=0.02s Sys=0.00s Real=0.01s
[300.077s][info][gc,start       ] GC(252) Pause Young (Normal) (G1 Evacuation Pause)
[300.077s][info][gc,task        ] GC(252) Using 6 workers of 6 for evacuation
[300.079s][info][gc,phases      ] GC(252)   Pre Evacuate Collection Set: 0.3ms
[300.079s][info][gc,phases      ] GC(252)   Merge Heap Roots: 0.1ms
[300.079s][info][gc,phases      ] GC(252)   Evacuate Collection Set: 0.4ms
[300.079s][info][gc,phases      ] GC(252)   Post Evacuate Collection Set: 0.5ms
[300.079s][info][gc,phases      ] GC(252)   Other: 0.1ms
[300.079s][info][gc,heap        ] GC(252) Eden regions: 994->0(965)
[300.079s][info][gc,heap        ] GC(252) Survivor regions: 0->3(125)
[300.079s][info][gc,heap        ] GC(252) Old regions: 8->8
[300.079s][info][gc,heap        ] GC(252) Humongous regions: 2->2
[300.079s][info][gc,metaspace   ] GC(252) Metaspace: 16591K(17024K)->16591K(17024K) NonClass: 14260K(14464K)->14260K(14464K) Class: 2331K(2560K)->2331K(2560K)
[300.079s][info][gc             ] GC(252) Pause Young (Normal) (G1 Evacuation Pause) 1001M->10M(2048M) 1.573ms
[300.079s][info][gc,cpu         ] GC(252) User=0.00s Sys=0.00s Real=0.00s
[300.253s][info][gc,start       ] GC(253) Pause Young (Normal) (G1 Evacuation Pause)
[300.253s][info][gc,task        ] GC(253) Using 6 workers of 6 for evacuation
[300.254s][info][gc,phases      ] GC(253)   Pre Evacuate Collection Set: 0.2ms
[300.254s][info][gc,phases      ] GC(253)   Merge Heap Roots: 0.1ms
[300.254s][info][gc,phases      ] GC(253)   Evacuate Collection Set: 0.3ms
[300.254s][info][gc,phases      ] GC(253)   Post Evacuate Collection Set: 0.5ms
[300.254s][info][gc,phases      ] GC(253)   Other: 0.1ms
[300.254s][info][gc,heap        ] GC(253) Eden regions: 1134->0(1226)
[300.254s][info][gc,heap        ] GC(253) Survivor regions: 3->2(143)
[300.254s][info][gc,heap        ] GC(253) Old regions: 8->8
[300.254s][info][gc,heap        ] GC(253) Humongous regions: 2->2
[300.254s][info][gc,metaspace   ] GC(253) Metaspace: 16591K(17024K)->16591K(17024K) NonClass: 14260K(14464K)->14260K(14464K) Class: 2331K(2560K)->2331K(2560K)
[300.254s][info][gc             ] GC(253) Pause Young (Normal) (G1 Evacuation Pause) 1144M->8M(2048M) 1.470ms
[300.254s][info][gc,cpu         ] GC(253) User=0.00s Sys=0.00s Real=0.00s
[300.783s][info][gc,start       ] GC(254) Pause Young (Normal) (G1 Evacuation Pause)
[300.783s][info][gc,task        ] GC(254) Using 6 workers of 6 for evacuation
[300.953s][info][gc,phases      ] GC(254)   Pre Evacuate Collection Set: 0.2ms
[300.953s][info][gc,phases      ] GC(254)   Merge Heap Roots: 0.1ms
[300.953s][info][gc,phases      ] GC(254)   Evacuate Collection Set: 168.2ms
[300.953s][info][gc,phases      ] GC(254)   Post Evacuate Collection Set: 1.2ms
[300.953s][info][gc,phases      ] GC(254)   Other: 0.1ms
[300.953s][info][gc,heap        ] GC(254) Eden regions: 1226->0(911)
[300.953s][info][gc,heap        ] GC(254) Survivor regions: 2->154(154)
[300.953s][info][gc,heap        ] GC(254) Old regions: 8->227
[300.953s][info][gc,heap        ] GC(254) Humongous regions: 3->3
[300.953s][info][gc,metaspace   ] GC(254) Metaspace: 16591K(17024K)->16591K(17024K) NonClass: 14260K(14464K)->14260K(14464K) Class: 2331K(2560K)->2331K(2560K)
[300.953s][info][gc             ] GC(254) Pause Young (Normal) (G1 Evacuation Pause) 1235M->380M(2048M) 170.053ms
[300.953s][info][gc,cpu         ] GC(254) User=1.02s Sys=0.00s Real=0.17s
[304.914s][info][gc,start       ] GC(255) Pause Young (Normal) (G1 Evacuation Pause)
[304.915s][info][gc,task        ] GC(255) Using 6 workers of 6 for evacuation
[305.152s][info][gc,mmu         ] GC(255) MMU target violated: 201.0ms (200.0ms/201.0ms)
[305.152s][info][gc,phases      ] GC(255)   Pre Evacuate Collection Set: 0.4ms
[305.152s][info][gc,phases      ] GC(255)   Merge Heap Roots: 1.7ms
[305.152s][info][gc,phases      ] GC(255)   Evacuate Collection Set: 233.8ms
[305.152s][info][gc,phases      ] GC(255)   Post Evacuate Collection Set: 1.7ms
[305.152s][info][gc,phases      ] GC(255)   Other: 0.2ms
[305.152s][info][gc,heap        ] GC(255) Eden regions: 842->0(501)
[305.152s][info][gc,heap        ] GC(255) Survivor regions: 154->125(125)
[305.152s][info][gc,heap        ] GC(255) Old regions: 227->581
[305.152s][info][gc,heap        ] GC(255) Humongous regions: 4->4
[305.152s][info][gc,metaspace   ] GC(255) Metaspace: 16592K(17024K)->16592K(17024K) NonClass: 14261K(14464K)->14261K(14464K) Class: 2331K(2560K)->2331K(2560K)
[305.152s][info][gc             ] GC(255) Pause Young (Normal) (G1 Evacuation Pause) 1223M->706M(2048M) 238.044ms
[305.152s][info][gc,cpu         ] GC(255) User=1.33s Sys=0.00s Real=0.23s
[305.499s][info][gc,start       ] GC(256) Pause Young (Normal) (G1 Evacuation Pause)
[305.499s][info][gc,task        ] GC(256) Using 6 workers of 6 for evacuation
[305.654s][info][gc,phases      ] GC(256)   Pre Evacuate Collection Set: 0.4ms
[305.654s][info][gc,phases      ] GC(256)   Merge Heap Roots: 2.3ms
[305.654s][info][gc,phases      ] GC(256)   Evacuate Collection Set: 151.5ms
[305.654s][info][gc,phases      ] GC(256)   Post Evacuate Collection Set: 1.1ms
[305.654s][info][gc,phases      ] GC(256)   Other: 0.1ms
[305.654s][info][gc,heap        ] GC(256) Eden regions: 335->0(579)
[305.654s][info][gc,heap        ] GC(256) Survivor regions: 125->58(58)
[305.654s][info][gc,heap        ] GC(256) Old regions: 581->793
[305.654s][info][gc,heap        ] GC(256) Humongous regions: 7->7
[305.654s][info][gc,metaspace   ] GC(256) Metaspace: 16592K(17024K)->16592K(17024K) NonClass: 14261K(14464K)->14261K(14464K) Class: 2331K(2560K)->2331K(2560K)
[305.655s][info][gc             ] GC(256) Pause Young (Normal) (G1 Evacuation Pause) 1044M->855M(2048M) 155.585ms
[305.655s][info][gc,cpu         ] GC(256) User=0.86s Sys=0.00s Real=0.16s
[307.146s][info][gc,start       ] GC(257) Pause Young (Normal) (G1 Evacuation Pause)
[307.146s][info][gc,task        ] GC(257) Using 6 workers of 6 for evacuation
[307.193s][info][gc,phases      ] GC(257)   Pre Evacuate Collection Set: 0.2ms
[307.193s][info][gc,phases      ] GC(257)   Merge Heap Roots: 2.2ms
[307.193s][info][gc,phases      ] GC(257)   Evacuate Collection Set: 43.3ms
[307.193s][info][gc,phases      ] GC(257)   Post Evacuate Collection Set: 0.6ms
[307.193s][info][gc,phases      ] GC(257)   Other: 0.1ms
[307.193s][info][gc,heap        ] GC(257) Eden regions: 585->0(661)
[307.193s][info][gc,heap        ] GC(257) Survivor regions: 58->5(81)
[307.193s][info][gc,heap        ] GC(257) Old regions: 793->838
[307.193s][info][gc,heap        ] GC(257) Humongous regions: 10->10
[307.193s][info][gc,metaspace   ] GC(257) Metaspace: 16592K(17024K)->16592K(17024K) NonClass: 14261K(14464K)->14261K(14464K) Class: 2331K(2560K)->2331K(2560K)
[307.193s][info][gc             ] GC(257) Pause Young (Normal) (G1 Evacuation Pause) 1443M->850M(2048M) 46.637ms
[307.193s][info][gc,cpu         ] GC(257) User=0.12s Sys=0.00s Real=0.05s
[307.606s][info][gc,start       ] GC(258) Pause Full (System.gc())
[307.606s][info][gc,task        ] GC(258) Using 6 workers of 6 for full compaction
[307.607s][info][gc,phases,start] GC(258) Phase 1: Mark live objects
[307.609s][info][gc,phases      ] GC(258) Phase 1: Mark live objects 2.587ms
[307.609s][info][gc,phases,start] GC(258) Phase 2: Prepare compaction
[307.611s][info][gc,phases      ] GC(258) Phase 2: Prepare compaction 1.223ms
[307.611s][info][gc,phases,start] GC(258) Phase 3: Adjust pointers
[307.613s][info][gc,phases      ] GC(258) Phase 3: Adjust pointers 2.126ms
[307.613s][info][gc,phases,start] GC(258) Phase 4: Compact heap
[307.614s][info][gc,phases      ] GC(258) Phase 4: Compact heap 0.871ms
[307.614s][info][gc,phases,start] GC(258) Phase 5: Reset Metadata
[307.614s][info][gc,phases      ] GC(258) Phase 5: Reset Metadata 0.790ms
[307.620s][info][gc,heap        ] GC(258) Eden regions: 55->0(992)
[307.620s][info][gc,heap        ] GC(258) Survivor regions: 5->0(81)
[307.620s][info][gc,heap        ] GC(258) Old regions: 838->8
[307.620s][info][gc,heap        ] GC(258) Humongous regions: 10->2
[307.620s][info][gc,metaspace   ] GC(258) Metaspace: 16593K(17024K)->16593K(17024K) NonClass: 14262K(14464K)->14262K(14464K) Class: 2331K(2560K)->2331K(2560K)
[307.620s][info][gc             ] GC(258) Pause Full (System.gc()) 905M->7M(2048M) 13.934ms
[307.620s][info][gc,cpu         ] GC(258) User=0.02s Sys=0.00s Real=0.01s
[308.832s][info][gc,start       ] GC(259) Pause Young (Normal) (G1 Evacuation Pause)
[308.832s][info][gc,task        ] GC(259) Using 6 workers of 6 for evacuation
[308.833s][info][gc,phases      ] GC(259)   Pre Evacuate Collection Set: 0.3ms
[308.835s][info][gc,phases      ] GC(259)   Merge Heap Roots: 0.2ms
[308.835s][info][gc,phases      ] GC(259)   Evacuate Collection Set: 0.4ms
[308.835s][info][gc,phases      ] GC(259)   Post Evacuate Collection Set: 0.6ms
[308.835s][info][gc,phases      ] GC(259)   Other: 0.1ms
[308.835s][info][gc,heap        ] GC(259) Eden regions: 1175->0(1192)
[308.835s][info][gc,heap        ] GC(259) Survivor regions: 0->3(147)
[308.835s][info][gc,heap        ] GC(259) Old regions: 8->8
[308.835s][info][gc,heap        ] GC(259) Humongous regions: 2->2
[308.835s][info][gc,metaspace   ] GC(259) Metaspace: 16596K(17024K)->16596K(17024K) NonClass: 14265K(14464K)->14265K(14464K) Class: 2331K(2560K)->2331K(2560K)
[308.835s][info][gc             ] GC(259) Pause Young (Normal) (G1 Evacuation Pause) 1182M->10M(2048M) 3.588ms
[308.835s][info][gc,cpu         ] GC(259) User=0.02s Sys=0.00s Real=0.02s
[309.023s][info][gc,start       ] GC(260) Pause Young (Normal) (G1 Evacuation Pause)
[309.023s][info][gc,task        ] GC(260) Using 6 workers of 6 for evacuation
[309.024s][info][gc,phases      ] GC(260)   Pre Evacuate Collection Set: 0.3ms
[309.024s][info][gc,phases      ] GC(260)   Merge Heap Roots: 0.1ms
[309.024s][info][gc,phases      ] GC(260)   Evacuate Collection Set: 0.3ms
[309.024s][info][gc,phases      ] GC(260)   Post Evacuate Collection Set: 0.5ms
[309.024s][info][gc,phases      ] GC(260)   Other: 0.1ms
[309.024s][info][gc,heap        ] GC(260) Eden regions: 1225->0(1227)
[309.024s][info][gc,heap        ] GC(260) Survivor regions: 3->1(154)
[309.024s][info][gc,heap        ] GC(260) Old regions: 8->8
[309.024s][info][gc,heap        ] GC(260) Humongous regions: 2->2
[309.024s][info][gc,metaspace   ] GC(260) Metaspace: 16596K(17024K)->16596K(17024K) NonClass: 14265K(14464K)->14265K(14464K) Class: 2331K(2560K)->2331K(2560K)
[309.024s][info][gc             ] GC(260) Pause Young (Normal) (G1 Evacuation Pause) 1235M->8M(2048M) 1.516ms
[309.024s][info][gc,cpu         ] GC(260) User=0.00s Sys=0.00s Real=0.00s
[311.934s][info][gc,start       ] GC(261) Pause Young (Normal) (G1 Evacuation Pause)
[311.934s][info][gc,task        ] GC(261) Using 6 workers of 6 for evacuation
[312.122s][info][gc,phases      ] GC(261)   Pre Evacuate Collection Set: 0.4ms
[312.122s][info][gc,phases      ] GC(261)   Merge Heap Roots: 0.3ms
[312.122s][info][gc,phases      ] GC(261)   Evacuate Collection Set: 185.5ms
[312.122s][info][gc,phases      ] GC(261)   Post Evacuate Collection Set: 1.4ms
[312.122s][info][gc,phases      ] GC(261)   Other: 0.2ms
[312.122s][info][gc,heap        ] GC(261) Eden regions: 1227->0(898)
[312.122s][info][gc,heap        ] GC(261) Survivor regions: 1->154(154)
[312.122s][info][gc,heap        ] GC(261) Old regions: 8->290
[312.122s][info][gc,heap        ] GC(261) Humongous regions: 4->4
[312.122s][info][gc,metaspace   ] GC(261) Metaspace: 16596K(17024K)->16596K(17024K) NonClass: 14265K(14464K)->14265K(14464K) Class: 2331K(2560K)->2331K(2560K)
[312.122s][info][gc             ] GC(261) Pause Young (Normal) (G1 Evacuation Pause) 1237M->445M(2048M) 187.981ms
[312.122s][info][gc,cpu         ] GC(261) User=1.05s Sys=0.00s Real=0.19s
[312.684s][info][gc,start       ] GC(262) Pause Young (Normal) (G1 Evacuation Pause)
[312.684s][info][gc,task        ] GC(262) Using 6 workers of 6 for evacuation
[312.946s][info][gc,mmu         ] GC(262) MMU target violated: 201.0ms (200.0ms/201.0ms)
[312.946s][info][gc,phases      ] GC(262)   Pre Evacuate Collection Set: 0.4ms
[312.946s][info][gc,phases      ] GC(262)   Merge Heap Roots: 1.4ms
[312.946s][info][gc,phases      ] GC(262)   Evacuate Collection Set: 258.8ms
[312.946s][info][gc,phases      ] GC(262)   Post Evacuate Collection Set: 1.2ms
[312.946s][info][gc,phases      ] GC(262)   Other: 0.2ms
[312.946s][info][gc,heap        ] GC(262) Eden regions: 898->0(505)
[312.946s][info][gc,heap        ] GC(262) Survivor regions: 154->132(132)
[312.946s][info][gc,heap        ] GC(262) Old regions: 290->687
[312.946s][info][gc,heap        ] GC(262) Humongous regions: 7->7
[312.946s][info][gc,metaspace   ] GC(262) Metaspace: 16596K(17024K)->16596K(17024K) NonClass: 14265K(14464K)->14265K(14464K) Class: 2331K(2560K)->2331K(2560K)
[312.946s][info][gc             ] GC(262) Pause Young (Normal) (G1 Evacuation Pause) 1346M->823M(2048M) 262.086ms
[312.946s][info][gc,cpu         ] GC(262) User=1.50s Sys=0.00s Real=0.25s
[313.788s][info][gc,start       ] GC(263) Pause Young (Normal) (G1 Evacuation Pause)
[313.788s][info][gc,task        ] GC(263) Using 6 workers of 6 for evacuation
[313.861s][info][gc,phases      ] GC(263)   Pre Evacuate Collection Set: 0.4ms
[313.861s][info][gc,phases      ] GC(263)   Merge Heap Roots: 1.9ms
[313.861s][info][gc,phases      ] GC(263)   Evacuate Collection Set: 70.0ms
[313.861s][info][gc,phases      ] GC(263)   Post Evacuate Collection Set: 0.9ms
[313.861s][info][gc,phases      ] GC(263)   Other: 0.2ms
[313.861s][info][gc,heap        ] GC(263) Eden regions: 426->0(695)
[313.861s][info][gc,heap        ] GC(263) Survivor regions: 132->19(70)
[313.861s][info][gc,heap        ] GC(263) Old regions: 687->812
[313.861s][info][gc,heap        ] GC(263) Humongous regions: 10->10
[313.861s][info][gc,metaspace   ] GC(263) Metaspace: 16596K(17024K)->16596K(17024K) NonClass: 14265K(14464K)->14265K(14464K) Class: 2331K(2560K)->2331K(2560K)
[313.861s][info][gc             ] GC(263) Pause Young (Normal) (G1 Evacuation Pause) 1252M->837M(2048M) 73.660ms
[313.861s][info][gc,cpu         ] GC(263) User=0.41s Sys=0.00s Real=0.08s
[314.821s][info][gc,start       ] GC(264) Pause Full (System.gc())
[314.821s][info][gc,task        ] GC(264) Using 6 workers of 6 for full compaction
[314.821s][info][gc,phases,start] GC(264) Phase 1: Mark live objects
[314.824s][info][gc,phases      ] GC(264) Phase 1: Mark live objects 3.033ms
[314.824s][info][gc,phases,start] GC(264) Phase 2: Prepare compaction
[314.825s][info][gc,phases      ] GC(264) Phase 2: Prepare compaction 1.204ms
[314.825s][info][gc,phases,start] GC(264) Phase 3: Adjust pointers
[314.828s][info][gc,phases      ] GC(264) Phase 3: Adjust pointers 2.322ms
[314.828s][info][gc,phases,start] GC(264) Phase 4: Compact heap
[314.829s][info][gc,phases      ] GC(264) Phase 4: Compact heap 1.077ms
[314.829s][info][gc,phases,start] GC(264) Phase 5: Reset Metadata
[314.830s][info][gc,phases      ] GC(264) Phase 5: Reset Metadata 1.074ms
[314.836s][info][gc,heap        ] GC(264) Eden regions: 221->0(1182)
[314.836s][info][gc,heap        ] GC(264) Survivor regions: 19->0(70)
[314.836s][info][gc,heap        ] GC(264) Old regions: 812->8
[314.836s][info][gc,heap        ] GC(264) Humongous regions: 10->2
[314.836s][info][gc,metaspace   ] GC(264) Metaspace: 16596K(17024K)->16596K(17024K) NonClass: 14265K(14464K)->14265K(14464K) Class: 2331K(2560K)->2331K(2560K)
[314.836s][info][gc             ] GC(264) Pause Full (System.gc()) 1058M->7M(2048M) 15.376ms
[314.836s][info][gc,cpu         ] GC(264) User=0.00s Sys=0.00s Real=0.02s
[316.130s][info][gc,start       ] GC(265) Pause Young (Normal) (G1 Evacuation Pause)
[316.130s][info][gc,task        ] GC(265) Using 6 workers of 6 for evacuation
[316.132s][info][gc,phases      ] GC(265)   Pre Evacuate Collection Set: 0.3ms
[316.132s][info][gc,phases      ] GC(265)   Merge Heap Roots: 0.1ms
[316.132s][info][gc,phases      ] GC(265)   Evacuate Collection Set: 0.3ms
[316.132s][info][gc,phases      ] GC(265)   Post Evacuate Collection Set: 0.6ms
[316.132s][info][gc,phases      ] GC(265)   Other: 0.1ms
[316.132s][info][gc,heap        ] GC(265) Eden regions: 1228->0(1225)
[316.132s][info][gc,heap        ] GC(265) Survivor regions: 0->3(154)
[316.132s][info][gc,heap        ] GC(265) Old regions: 8->8
[316.132s][info][gc,heap        ] GC(265) Humongous regions: 2->2
[316.132s][info][gc,metaspace   ] GC(265) Metaspace: 16596K(17024K)->16596K(17024K) NonClass: 14265K(14464K)->14265K(14464K) Class: 2331K(2560K)->2331K(2560K)
[316.132s][info][gc             ] GC(265) Pause Young (Normal) (G1 Evacuation Pause) 1235M->10M(2048M) 1.592ms
[316.132s][info][gc,cpu         ] GC(265) User=0.00s Sys=0.00s Real=0.00s
[316.325s][info][gc,start       ] GC(266) Pause Young (Normal) (G1 Evacuation Pause)
[316.325s][info][gc,task        ] GC(266) Using 6 workers of 6 for evacuation
[316.326s][info][gc,phases      ] GC(266)   Pre Evacuate Collection Set: 0.3ms
[316.326s][info][gc,phases      ] GC(266)   Merge Heap Roots: 0.2ms
[316.326s][info][gc,phases      ] GC(266)   Evacuate Collection Set: 0.3ms
[316.326s][info][gc,phases      ] GC(266)   Post Evacuate Collection Set: 0.6ms
[316.326s][info][gc,phases      ] GC(266)   Other: 0.1ms
[316.326s][info][gc,heap        ] GC(266) Eden regions: 1225->0(1226)
[316.326s][info][gc,heap        ] GC(266) Survivor regions: 3->2(154)
[316.326s][info][gc,heap        ] GC(266) Old regions: 8->8
[316.326s][info][gc,heap        ] GC(266) Humongous regions: 2->2
[316.326s][info][gc,metaspace   ] GC(266) Metaspace: 16596K(17024K)->16596K(17024K) NonClass: 14265K(14464K)->14265K(14464K) Class: 2331K(2560K)->2331K(2560K)
[316.326s][info][gc             ] GC(266) Pause Young (Normal) (G1 Evacuation Pause) 1235M->9M(2048M) 1.736ms
[316.326s][info][gc,cpu         ] GC(266) User=0.00s Sys=0.00s Real=0.00s
[319.307s][info][gc,start       ] GC(267) Pause Young (Normal) (G1 Evacuation Pause)
[319.307s][info][gc,task        ] GC(267) Using 6 workers of 6 for evacuation
[319.508s][info][gc,mmu         ] GC(267) MMU target violated: 200.7ms (200.0ms/201.0ms)
[319.508s][info][gc,phases      ] GC(267)   Pre Evacuate Collection Set: 0.4ms
[319.508s][info][gc,phases      ] GC(267)   Merge Heap Roots: 0.3ms
[319.508s][info][gc,phases      ] GC(267)   Evacuate Collection Set: 198.2ms
[319.508s][info][gc,phases      ] GC(267)   Post Evacuate Collection Set: 1.8ms
[319.508s][info][gc,phases      ] GC(267)   Other: 0.2ms
[319.508s][info][gc,heap        ] GC(267) Eden regions: 1226->0(887)
[319.508s][info][gc,heap        ] GC(267) Survivor regions: 2->154(154)
[319.508s][info][gc,heap        ] GC(267) Old regions: 8->309
[319.508s][info][gc,heap        ] GC(267) Humongous regions: 4->4
[319.508s][info][gc,metaspace   ] GC(267) Metaspace: 16596K(17024K)->16596K(17024K) NonClass: 14265K(14464K)->14265K(14464K) Class: 2331K(2560K)->2331K(2560K)
[319.508s][info][gc             ] GC(267) Pause Young (Normal) (G1 Evacuation Pause) 1237M->464M(2048M) 200.994ms
[319.508s][info][gc,cpu         ] GC(267) User=1.06s Sys=0.00s Real=0.20s
[320.082s][info][gc,start       ] GC(268) Pause Young (Normal) (G1 Evacuation Pause)
[320.082s][info][gc,task        ] GC(268) Using 6 workers of 6 for evacuation
[320.351s][info][gc,mmu         ] GC(268) MMU target violated: 201.0ms (200.0ms/201.0ms)
[320.351s][info][gc,phases      ] GC(268)   Pre Evacuate Collection Set: 0.6ms
[320.351s][info][gc,phases      ] GC(268)   Merge Heap Roots: 1.4ms
[320.351s][info][gc,phases      ] GC(268)   Evacuate Collection Set: 265.3ms
[320.351s][info][gc,phases      ] GC(268)   Post Evacuate Collection Set: 1.5ms
[320.351s][info][gc,phases      ] GC(268)   Other: 0.2ms
[320.351s][info][gc,heap        ] GC(268) Eden regions: 887->0(538)
[320.351s][info][gc,heap        ] GC(268) Survivor regions: 154->131(131)
[320.351s][info][gc,heap        ] GC(268) Old regions: 309->713
[320.351s][info][gc,heap        ] GC(268) Humongous regions: 7->7
[320.351s][info][gc,metaspace   ] GC(268) Metaspace: 16596K(17024K)->16596K(17024K) NonClass: 14265K(14464K)->14265K(14464K) Class: 2331K(2560K)->2331K(2560K)
[320.351s][info][gc             ] GC(268) Pause Young (Normal) (G1 Evacuation Pause) 1354M->847M(2048M) 269.199ms
[320.351s][info][gc,cpu         ] GC(268) User=1.53s Sys=0.00s Real=0.27s
[321.244s][info][gc,start       ] GC(269) Pause Young (Normal) (G1 Evacuation Pause)
[321.244s][info][gc,task        ] GC(269) Using 6 workers of 6 for evacuation
[321.328s][info][gc,phases      ] GC(269)   Pre Evacuate Collection Set: 0.4ms
[321.328s][info][gc,phases      ] GC(269)   Merge Heap Roots: 1.7ms
[321.328s][info][gc,phases      ] GC(269)   Evacuate Collection Set: 79.6ms
[321.328s][info][gc,phases      ] GC(269)   Post Evacuate Collection Set: 1.3ms
[321.328s][info][gc,phases      ] GC(269)   Other: 0.1ms
[321.328s][info][gc,heap        ] GC(269) Eden regions: 428->0(636)
[321.328s][info][gc,heap        ] GC(269) Survivor regions: 131->12(70)
[321.328s][info][gc,heap        ] GC(269) Old regions: 713->828
[321.328s][info][gc,heap        ] GC(269) Humongous regions: 10->10
[321.328s][info][gc,metaspace   ] GC(269) Metaspace: 16596K(17024K)->16596K(17024K) NonClass: 14265K(14464K)->14265K(14464K) Class: 2331K(2560K)->2331K(2560K)
[321.328s][info][gc             ] GC(269) Pause Young (Normal) (G1 Evacuation Pause) 1278M->847M(2048M) 83.333ms
[321.328s][info][gc,cpu         ] GC(269) User=0.47s Sys=0.00s Real=0.09s
[322.206s][info][gc,start       ] GC(270) Pause Full (System.gc())
[322.206s][info][gc,task        ] GC(270) Using 6 workers of 6 for full compaction
[322.206s][info][gc,phases,start] GC(270) Phase 1: Mark live objects
[322.209s][info][gc,phases      ] GC(270) Phase 1: Mark live objects 2.711ms
[322.209s][info][gc,phases,start] GC(270) Phase 2: Prepare compaction
[322.210s][info][gc,phases      ] GC(270) Phase 2: Prepare compaction 1.333ms
[322.210s][info][gc,phases,start] GC(270) Phase 3: Adjust pointers
[322.212s][info][gc,phases      ] GC(270) Phase 3: Adjust pointers 2.198ms
[322.213s][info][gc,phases,start] GC(270) Phase 4: Compact heap
[322.214s][info][gc,phases      ] GC(270) Phase 4: Compact heap 1.227ms
[322.214s][info][gc,phases,start] GC(270) Phase 5: Reset Metadata
[322.215s][info][gc,phases      ] GC(270) Phase 5: Reset Metadata 0.786ms
[322.220s][info][gc,heap        ] GC(270) Eden regions: 184->0(801)
[322.220s][info][gc,heap        ] GC(270) Survivor regions: 12->0(70)
[322.220s][info][gc,heap        ] GC(270) Old regions: 828->8
[322.220s][info][gc,heap        ] GC(270) Humongous regions: 10->2
[322.220s][info][gc,metaspace   ] GC(270) Metaspace: 16596K(17024K)->16596K(17024K) NonClass: 14265K(14464K)->14265K(14464K) Class: 2331K(2560K)->2331K(2560K)
[322.220s][info][gc             ] GC(270) Pause Full (System.gc()) 1030M->7M(2048M) 14.551ms
[322.220s][info][gc,cpu         ] GC(270) User=0.00s Sys=0.00s Real=0.02s
[323.447s][info][gc,start       ] GC(271) Pause Young (Normal) (G1 Evacuation Pause)
[323.447s][info][gc,task        ] GC(271) Using 6 workers of 6 for evacuation
[323.449s][info][gc,phases      ] GC(271)   Pre Evacuate Collection Set: 0.3ms
[323.449s][info][gc,phases      ] GC(271)   Merge Heap Roots: 0.1ms
[323.449s][info][gc,phases      ] GC(271)   Evacuate Collection Set: 0.4ms
[323.449s][info][gc,phases      ] GC(271)   Post Evacuate Collection Set: 0.6ms
[323.449s][info][gc,phases      ] GC(271)   Other: 0.1ms
[323.449s][info][gc,heap        ] GC(271) Eden regions: 986->0(1022)
[323.449s][info][gc,heap        ] GC(271) Survivor regions: 0->3(124)
[323.449s][info][gc,heap        ] GC(271) Old regions: 8->8
[323.449s][info][gc,heap        ] GC(271) Humongous regions: 2->2
[323.449s][info][gc,metaspace   ] GC(271) Metaspace: 16605K(17024K)->16605K(17024K) NonClass: 14274K(14464K)->14274K(14464K) Class: 2331K(2560K)->2331K(2560K)
[323.449s][info][gc             ] GC(271) Pause Young (Normal) (G1 Evacuation Pause) 993M->9M(2048M) 1.866ms
[323.449s][info][gc,cpu         ] GC(271) User=0.00s Sys=0.00s Real=0.00s
[323.628s][info][gc,start       ] GC(272) Pause Young (Normal) (G1 Evacuation Pause)
[323.629s][info][gc,task        ] GC(272) Using 6 workers of 6 for evacuation
[323.630s][info][gc,phases      ] GC(272)   Pre Evacuate Collection Set: 0.3ms
[323.630s][info][gc,phases      ] GC(272)   Merge Heap Roots: 0.2ms
[323.630s][info][gc,phases      ] GC(272)   Evacuate Collection Set: 0.3ms
[323.630s][info][gc,phases      ] GC(272)   Post Evacuate Collection Set: 0.5ms
[323.630s][info][gc,phases      ] GC(272)   Other: 0.1ms
[323.630s][info][gc,heap        ] GC(272) Eden regions: 1144->0(1226)
[323.630s][info][gc,heap        ] GC(272) Survivor regions: 3->2(144)
[323.630s][info][gc,heap        ] GC(272) Old regions: 8->8
[323.630s][info][gc,heap        ] GC(272) Humongous regions: 2->2
[323.630s][info][gc,metaspace   ] GC(272) Metaspace: 16605K(17024K)->16605K(17024K) NonClass: 14274K(14464K)->14274K(14464K) Class: 2331K(2560K)->2331K(2560K)
[323.630s][info][gc             ] GC(272) Pause Young (Normal) (G1 Evacuation Pause) 1153M->9M(2048M) 1.586ms
[323.630s][info][gc,cpu         ] GC(272) User=0.00s Sys=0.00s Real=0.00s
[324.143s][info][gc,start       ] GC(273) Pause Young (Normal) (G1 Evacuation Pause)
[324.143s][info][gc,task        ] GC(273) Using 6 workers of 6 for evacuation
[324.314s][info][gc,phases      ] GC(273)   Pre Evacuate Collection Set: 0.2ms
[324.314s][info][gc,phases      ] GC(273)   Merge Heap Roots: 0.2ms
[324.314s][info][gc,phases      ] GC(273)   Evacuate Collection Set: 169.2ms
[324.314s][info][gc,phases      ] GC(273)   Post Evacuate Collection Set: 1.3ms
[324.314s][info][gc,phases      ] GC(273)   Other: 0.1ms
[324.314s][info][gc,heap        ] GC(273) Eden regions: 1226->0(910)
[324.314s][info][gc,heap        ] GC(273) Survivor regions: 2->154(154)
[324.314s][info][gc,heap        ] GC(273) Old regions: 8->228
[324.314s][info][gc,heap        ] GC(273) Humongous regions: 3->3
[324.314s][info][gc,metaspace   ] GC(273) Metaspace: 16605K(17024K)->16605K(17024K) NonClass: 14274K(14464K)->14274K(14464K) Class: 2331K(2560K)->2331K(2560K)
[324.314s][info][gc             ] GC(273) Pause Young (Normal) (G1 Evacuation Pause) 1236M->381M(2048M) 171.135ms
[324.314s][info][gc,cpu         ] GC(273) User=0.95s Sys=0.00s Real=0.17s
[328.049s][info][gc,start       ] GC(274) Pause Young (Normal) (G1 Evacuation Pause)
[328.049s][info][gc,task        ] GC(274) Using 6 workers of 6 for evacuation
[328.292s][info][gc,mmu         ] GC(274) MMU target violated: 201.0ms (200.0ms/201.0ms)
[328.292s][info][gc,phases      ] GC(274)   Pre Evacuate Collection Set: 0.4ms
[328.292s][info][gc,phases      ] GC(274)   Merge Heap Roots: 1.5ms
[328.292s][info][gc,phases      ] GC(274)   Evacuate Collection Set: 238.6ms
[328.292s][info][gc,phases      ] GC(274)   Post Evacuate Collection Set: 1.9ms
[328.292s][info][gc,phases      ] GC(274)   Other: 0.2ms
[328.292s][info][gc,heap        ] GC(274) Eden regions: 850->0(497)
[328.292s][info][gc,heap        ] GC(274) Survivor regions: 154->126(126)
[328.292s][info][gc,heap        ] GC(274) Old regions: 228->584
[328.292s][info][gc,heap        ] GC(274) Humongous regions: 4->4
[328.292s][info][gc,metaspace   ] GC(274) Metaspace: 16605K(17024K)->16605K(17024K) NonClass: 14274K(14464K)->14274K(14464K) Class: 2331K(2560K)->2331K(2560K)
[328.292s][info][gc             ] GC(274) Pause Young (Normal) (G1 Evacuation Pause) 1232M->711M(2048M) 242.959ms
[328.292s][info][gc,cpu         ] GC(274) User=1.41s Sys=0.00s Real=0.23s
[328.678s][info][gc,start       ] GC(275) Pause Young (Normal) (G1 Evacuation Pause)
[328.678s][info][gc,task        ] GC(275) Using 6 workers of 6 for evacuation
[328.833s][info][gc,phases      ] GC(275)   Pre Evacuate Collection Set: 0.6ms
[328.833s][info][gc,phases      ] GC(275)   Merge Heap Roots: 2.1ms
[328.833s][info][gc,phases      ] GC(275)   Evacuate Collection Set: 151.2ms
[328.833s][info][gc,phases      ] GC(275)   Post Evacuate Collection Set: 1.1ms
[328.833s][info][gc,phases      ] GC(275)   Other: 0.1ms
[328.833s][info][gc,heap        ] GC(275) Eden regions: 335->0(562)
[328.833s][info][gc,heap        ] GC(275) Survivor regions: 126->58(58)
[328.833s][info][gc,heap        ] GC(275) Old regions: 584->801
[328.833s][info][gc,heap        ] GC(275) Humongous regions: 7->7
[328.833s][info][gc,metaspace   ] GC(275) Metaspace: 16605K(17024K)->16605K(17024K) NonClass: 14274K(14464K)->14274K(14464K) Class: 2331K(2560K)->2331K(2560K)
[328.833s][info][gc             ] GC(275) Pause Young (Normal) (G1 Evacuation Pause) 1049M->863M(2048M) 155.526ms
[328.833s][info][gc,cpu         ] GC(275) User=0.86s Sys=0.00s Real=0.16s
[330.337s][info][gc,start       ] GC(276) Pause Young (Normal) (G1 Evacuation Pause)
[330.337s][info][gc,task        ] GC(276) Using 6 workers of 6 for evacuation
[330.378s][info][gc,phases      ] GC(276)   Pre Evacuate Collection Set: 0.3ms
[330.378s][info][gc,phases      ] GC(276)   Merge Heap Roots: 1.6ms
[330.378s][info][gc,phases      ] GC(276)   Evacuate Collection Set: 38.3ms
[330.378s][info][gc,phases      ] GC(276)   Post Evacuate Collection Set: 0.6ms
[330.378s][info][gc,phases      ] GC(276)   Other: 0.1ms
[330.378s][info][gc,heap        ] GC(276) Eden regions: 580->0(657)
[330.378s][info][gc,heap        ] GC(276) Survivor regions: 58->6(80)
[330.378s][info][gc,heap        ] GC(276) Old regions: 801->842
[330.378s][info][gc,heap        ] GC(276) Humongous regions: 10->10
[330.378s][info][gc,metaspace   ] GC(276) Metaspace: 16605K(17024K)->16605K(17024K) NonClass: 14274K(14464K)->14274K(14464K) Class: 2331K(2560K)->2331K(2560K)
[330.378s][info][gc             ] GC(276) Pause Young (Normal) (G1 Evacuation Pause) 1446M->854M(2048M) 41.168ms
[330.378s][info][gc,cpu         ] GC(276) User=0.16s Sys=0.00s Real=0.05s
[330.753s][info][gc,start       ] GC(277) Pause Full (System.gc())
[330.753s][info][gc,task        ] GC(277) Using 6 workers of 6 for full compaction
[330.753s][info][gc,phases,start] GC(277) Phase 1: Mark live objects
[330.756s][info][gc,phases      ] GC(277) Phase 1: Mark live objects 2.838ms
[330.756s][info][gc,phases,start] GC(277) Phase 2: Prepare compaction
[330.757s][info][gc,phases      ] GC(277) Phase 2: Prepare compaction 1.197ms
[330.757s][info][gc,phases,start] GC(277) Phase 3: Adjust pointers
[330.760s][info][gc,phases      ] GC(277) Phase 3: Adjust pointers 2.271ms
[330.760s][info][gc,phases,start] GC(277) Phase 4: Compact heap
[330.760s][info][gc,phases      ] GC(277) Phase 4: Compact heap 0.880ms
[330.761s][info][gc,phases,start] GC(277) Phase 5: Reset Metadata
[330.762s][info][gc,phases      ] GC(277) Phase 5: Reset Metadata 1.249ms
[330.767s][info][gc,heap        ] GC(277) Eden regions: 50->0(978)
[330.767s][info][gc,heap        ] GC(277) Survivor regions: 6->0(80)
[330.767s][info][gc,heap        ] GC(277) Old regions: 842->8
[330.767s][info][gc,heap        ] GC(277) Humongous regions: 10->2
[330.767s][info][gc,metaspace   ] GC(277) Metaspace: 16605K(17024K)->16605K(17024K) NonClass: 14274K(14464K)->14274K(14464K) Class: 2331K(2560K)->2331K(2560K)
[330.767s][info][gc             ] GC(277) Pause Full (System.gc()) 904M->7M(2048M) 14.397ms
[330.767s][info][gc,cpu         ] GC(277) User=0.02s Sys=0.00s Real=0.02s
[332.154s][info][gc,start       ] GC(278) Pause Young (Normal) (G1 Evacuation Pause)
[332.154s][info][gc,task        ] GC(278) Using 6 workers of 6 for evacuation
[332.156s][info][gc,phases      ] GC(278)   Pre Evacuate Collection Set: 0.3ms
[332.156s][info][gc,phases      ] GC(278)   Merge Heap Roots: 0.1ms
[332.156s][info][gc,phases      ] GC(278)   Evacuate Collection Set: 0.3ms
[332.156s][info][gc,phases      ] GC(278)   Post Evacuate Collection Set: 0.6ms
[332.156s][info][gc,phases      ] GC(278)   Other: 0.1ms
[332.156s][info][gc,heap        ] GC(278) Eden regions: 1173->0(1225)
[332.156s][info][gc,heap        ] GC(278) Survivor regions: 0->3(147)
[332.156s][info][gc,heap        ] GC(278) Old regions: 8->8
[332.156s][info][gc,heap        ] GC(278) Humongous regions: 2->2
[332.156s][info][gc,metaspace   ] GC(278) Metaspace: 16607K(17024K)->16607K(17024K) NonClass: 14275K(14464K)->14275K(14464K) Class: 2331K(2560K)->2331K(2560K)
[332.156s][info][gc             ] GC(278) Pause Young (Normal) (G1 Evacuation Pause) 1180M->10M(2048M) 1.610ms
[332.156s][info][gc,cpu         ] GC(278) User=0.00s Sys=0.00s Real=0.00s
[332.346s][info][gc,start       ] GC(279) Pause Young (Normal) (G1 Evacuation Pause)
[332.346s][info][gc,task        ] GC(279) Using 6 workers of 6 for evacuation
[332.347s][info][gc,phases      ] GC(279)   Pre Evacuate Collection Set: 0.3ms
[332.347s][info][gc,phases      ] GC(279)   Merge Heap Roots: 0.1ms
[332.347s][info][gc,phases      ] GC(279)   Evacuate Collection Set: 0.3ms
[332.347s][info][gc,phases      ] GC(279)   Post Evacuate Collection Set: 0.5ms
[332.347s][info][gc,phases      ] GC(279)   Other: 0.1ms
[332.347s][info][gc,heap        ] GC(279) Eden regions: 1225->0(1227)
[332.347s][info][gc,heap        ] GC(279) Survivor regions: 3->1(154)
[332.347s][info][gc,heap        ] GC(279) Old regions: 8->8
[332.347s][info][gc,heap        ] GC(279) Humongous regions: 2->2
[332.347s][info][gc,metaspace   ] GC(279) Metaspace: 16607K(17024K)->16607K(17024K) NonClass: 14275K(14464K)->14275K(14464K) Class: 2331K(2560K)->2331K(2560K)
[332.347s][info][gc             ] GC(279) Pause Young (Normal) (G1 Evacuation Pause) 1235M->8M(2048M) 1.523ms
[332.347s][info][gc,cpu         ] GC(279) User=0.00s Sys=0.00s Real=0.00s
[335.026s][info][gc,start       ] GC(280) Pause Young (Normal) (G1 Evacuation Pause)
[335.026s][info][gc,task        ] GC(280) Using 6 workers of 6 for evacuation
[335.213s][info][gc,phases      ] GC(280)   Pre Evacuate Collection Set: 0.3ms
[335.213s][info][gc,phases      ] GC(280)   Merge Heap Roots: 0.2ms
[335.213s][info][gc,phases      ] GC(280)   Evacuate Collection Set: 184.8ms
[335.213s][info][gc,phases      ] GC(280)   Post Evacuate Collection Set: 1.5ms
[335.213s][info][gc,phases      ] GC(280)   Other: 0.1ms
[335.213s][info][gc,heap        ] GC(280) Eden regions: 1227->0(898)
[335.213s][info][gc,heap        ] GC(280) Survivor regions: 1->154(154)
[335.213s][info][gc,heap        ] GC(280) Old regions: 8->290
[335.213s][info][gc,heap        ] GC(280) Humongous regions: 4->4
[335.213s][info][gc,metaspace   ] GC(280) Metaspace: 16607K(17024K)->16607K(17024K) NonClass: 14275K(14464K)->14275K(14464K) Class: 2331K(2560K)->2331K(2560K)
[335.213s][info][gc             ] GC(280) Pause Young (Normal) (G1 Evacuation Pause) 1237M->445M(2048M) 187.019ms
[335.213s][info][gc,cpu         ] GC(280) User=1.05s Sys=0.00s Real=0.19s
[335.779s][info][gc,start       ] GC(281) Pause Young (Normal) (G1 Evacuation Pause)
[335.779s][info][gc,task        ] GC(281) Using 6 workers of 6 for evacuation
[336.044s][info][gc,mmu         ] GC(281) MMU target violated: 201.0ms (200.0ms/201.0ms)
[336.044s][info][gc,phases      ] GC(281)   Pre Evacuate Collection Set: 0.4ms
[336.044s][info][gc,phases      ] GC(281)   Merge Heap Roots: 1.4ms
[336.044s][info][gc,phases      ] GC(281)   Evacuate Collection Set: 261.1ms
[336.044s][info][gc,phases      ] GC(281)   Post Evacuate Collection Set: 1.1ms
[336.044s][info][gc,phases      ] GC(281)   Other: 0.3ms
[336.044s][info][gc,heap        ] GC(281) Eden regions: 898->0(511)
[336.044s][info][gc,heap        ] GC(281) Survivor regions: 154->132(132)
[336.044s][info][gc,heap        ] GC(281) Old regions: 290->687
[336.044s][info][gc,heap        ] GC(281) Humongous regions: 7->7
[336.044s][info][gc,metaspace   ] GC(281) Metaspace: 16607K(17024K)->16607K(17024K) NonClass: 14275K(14464K)->14275K(14464K) Class: 2331K(2560K)->2331K(2560K)
[336.044s][info][gc             ] GC(281) Pause Young (Normal) (G1 Evacuation Pause) 1346M->823M(2048M) 264.599ms
[336.044s][info][gc,cpu         ] GC(281) User=1.50s Sys=0.00s Real=0.25s
[336.903s][info][gc,start       ] GC(282) Pause Young (Normal) (G1 Evacuation Pause)
[336.903s][info][gc,task        ] GC(282) Using 6 workers of 6 for evacuation
[336.976s][info][gc,phases      ] GC(282)   Pre Evacuate Collection Set: 0.5ms
[336.976s][info][gc,phases      ] GC(282)   Merge Heap Roots: 1.9ms
[336.976s][info][gc,phases      ] GC(282)   Evacuate Collection Set: 69.9ms
[336.976s][info][gc,phases      ] GC(282)   Post Evacuate Collection Set: 0.8ms
[336.976s][info][gc,phases      ] GC(282)   Other: 0.1ms
[336.976s][info][gc,heap        ] GC(282) Eden regions: 439->0(697)
[336.976s][info][gc,heap        ] GC(282) Survivor regions: 132->17(72)
[336.976s][info][gc,heap        ] GC(282) Old regions: 687->812
[336.976s][info][gc,heap        ] GC(282) Humongous regions: 10->10
[336.976s][info][gc,metaspace   ] GC(282) Metaspace: 16607K(17024K)->16607K(17024K) NonClass: 14275K(14464K)->14275K(14464K) Class: 2331K(2560K)->2331K(2560K)
[336.976s][info][gc             ] GC(282) Pause Young (Normal) (G1 Evacuation Pause) 1265M->835M(2048M) 73.510ms
[336.976s][info][gc,cpu         ] GC(282) User=0.42s Sys=0.00s Real=0.08s
[337.897s][info][gc,start       ] GC(283) Pause Full (System.gc())
[337.897s][info][gc,task        ] GC(283) Using 6 workers of 6 for full compaction
[337.897s][info][gc,phases,start] GC(283) Phase 1: Mark live objects
[337.900s][info][gc,phases      ] GC(283) Phase 1: Mark live objects 2.764ms
[337.900s][info][gc,phases,start] GC(283) Phase 2: Prepare compaction
[337.901s][info][gc,phases      ] GC(283) Phase 2: Prepare compaction 1.194ms
[337.901s][info][gc,phases,start] GC(283) Phase 3: Adjust pointers
[337.903s][info][gc,phases      ] GC(283) Phase 3: Adjust pointers 2.396ms
[337.903s][info][gc,phases,start] GC(283) Phase 4: Compact heap
[337.905s][info][gc,phases      ] GC(283) Phase 4: Compact heap 1.182ms
[337.905s][info][gc,phases,start] GC(283) Phase 5: Reset Metadata
[337.905s][info][gc,phases      ] GC(283) Phase 5: Reset Metadata 0.772ms
[337.911s][info][gc,heap        ] GC(283) Eden regions: 209->0(1199)
[337.911s][info][gc,heap        ] GC(283) Survivor regions: 17->0(72)
[337.911s][info][gc,heap        ] GC(283) Old regions: 812->8
[337.911s][info][gc,heap        ] GC(283) Humongous regions: 10->2
[337.911s][info][gc,metaspace   ] GC(283) Metaspace: 16607K(17024K)->16607K(17024K) NonClass: 14275K(14464K)->14275K(14464K) Class: 2331K(2560K)->2331K(2560K)
[337.911s][info][gc             ] GC(283) Pause Full (System.gc()) 1043M->7M(2048M) 14.573ms
[337.911s][info][gc,cpu         ] GC(283) User=0.00s Sys=0.00s Real=0.01s
[339.263s][info][gc,start       ] GC(284) Pause Young (Normal) (G1 Evacuation Pause)
[339.263s][info][gc,task        ] GC(284) Using 6 workers of 6 for evacuation
[339.265s][info][gc,phases      ] GC(284)   Pre Evacuate Collection Set: 0.3ms
[339.265s][info][gc,phases      ] GC(284)   Merge Heap Roots: 0.1ms
[339.265s][info][gc,phases      ] GC(284)   Evacuate Collection Set: 0.3ms
[339.265s][info][gc,phases      ] GC(284)   Post Evacuate Collection Set: 0.5ms
[339.265s][info][gc,phases      ] GC(284)   Other: 0.1ms
[339.265s][info][gc,heap        ] GC(284) Eden regions: 1228->0(1225)
[339.265s][info][gc,heap        ] GC(284) Survivor regions: 0->3(154)
[339.265s][info][gc,heap        ] GC(284) Old regions: 8->8
[339.265s][info][gc,heap        ] GC(284) Humongous regions: 2->2
[339.265s][info][gc,metaspace   ] GC(284) Metaspace: 16607K(17024K)->16607K(17024K) NonClass: 14275K(14464K)->14275K(14464K) Class: 2331K(2560K)->2331K(2560K)
[339.265s][info][gc             ] GC(284) Pause Young (Normal) (G1 Evacuation Pause) 1235M->10M(2048M) 1.588ms
[339.265s][info][gc,cpu         ] GC(284) User=0.00s Sys=0.00s Real=0.00s
[339.460s][info][gc,start       ] GC(285) Pause Young (Normal) (G1 Evacuation Pause)
[339.460s][info][gc,task        ] GC(285) Using 6 workers of 6 for evacuation
[339.462s][info][gc,phases      ] GC(285)   Pre Evacuate Collection Set: 0.3ms
[339.462s][info][gc,phases      ] GC(285)   Merge Heap Roots: 0.2ms
[339.462s][info][gc,phases      ] GC(285)   Evacuate Collection Set: 0.5ms
[339.462s][info][gc,phases      ] GC(285)   Post Evacuate Collection Set: 0.8ms
[339.462s][info][gc,phases      ] GC(285)   Other: 0.1ms
[339.462s][info][gc,heap        ] GC(285) Eden regions: 1225->0(1226)
[339.462s][info][gc,heap        ] GC(285) Survivor regions: 3->2(154)
[339.462s][info][gc,heap        ] GC(285) Old regions: 8->8
[339.462s][info][gc,heap        ] GC(285) Humongous regions: 2->2
[339.462s][info][gc,metaspace   ] GC(285) Metaspace: 16607K(17024K)->16607K(17024K) NonClass: 14275K(14464K)->14275K(14464K) Class: 2331K(2560K)->2331K(2560K)
[339.462s][info][gc             ] GC(285) Pause Young (Normal) (G1 Evacuation Pause) 1235M->8M(2048M) 2.243ms
[339.462s][info][gc,cpu         ] GC(285) User=0.00s Sys=0.00s Real=0.00s
[342.497s][info][gc,start       ] GC(286) Pause Young (Normal) (G1 Evacuation Pause)
[342.497s][info][gc,task        ] GC(286) Using 6 workers of 6 for evacuation
[342.694s][info][gc,phases      ] GC(286)   Pre Evacuate Collection Set: 0.3ms
[342.694s][info][gc,phases      ] GC(286)   Merge Heap Roots: 0.2ms
[342.694s][info][gc,phases      ] GC(286)   Evacuate Collection Set: 194.7ms
[342.694s][info][gc,phases      ] GC(286)   Post Evacuate Collection Set: 1.5ms
[342.694s][info][gc,phases      ] GC(286)   Other: 0.1ms
[342.694s][info][gc,heap        ] GC(286) Eden regions: 1226->0(886)
[342.694s][info][gc,heap        ] GC(286) Survivor regions: 2->154(154)
[342.694s][info][gc,heap        ] GC(286) Old regions: 8->310
[342.694s][info][gc,heap        ] GC(286) Humongous regions: 4->4
[342.694s][info][gc,metaspace   ] GC(286) Metaspace: 16607K(17024K)->16607K(17024K) NonClass: 14275K(14464K)->14275K(14464K) Class: 2331K(2560K)->2331K(2560K)
[342.694s][info][gc             ] GC(286) Pause Young (Normal) (G1 Evacuation Pause) 1236M->464M(2048M) 197.018ms
[342.694s][info][gc,cpu         ] GC(286) User=1.12s Sys=0.00s Real=0.19s
[343.286s][info][gc,start       ] GC(287) Pause Young (Normal) (G1 Evacuation Pause)
[343.286s][info][gc,task        ] GC(287) Using 6 workers of 6 for evacuation
[343.559s][info][gc,mmu         ] GC(287) MMU target violated: 201.0ms (200.0ms/201.0ms)
[343.559s][info][gc,phases      ] GC(287)   Pre Evacuate Collection Set: 0.6ms
[343.559s][info][gc,phases      ] GC(287)   Merge Heap Roots: 1.4ms
[343.559s][info][gc,phases      ] GC(287)   Evacuate Collection Set: 268.8ms
[343.559s][info][gc,phases      ] GC(287)   Post Evacuate Collection Set: 2.1ms
[343.559s][info][gc,phases      ] GC(287)   Other: 0.3ms
[343.559s][info][gc,heap        ] GC(287) Eden regions: 886->0(544)
[343.559s][info][gc,heap        ] GC(287) Survivor regions: 154->130(130)
[343.559s][info][gc,heap        ] GC(287) Old regions: 310->714
[343.559s][info][gc,heap        ] GC(287) Humongous regions: 7->7
[343.559s][info][gc,metaspace   ] GC(287) Metaspace: 16607K(17024K)->16607K(17024K) NonClass: 14275K(14464K)->14275K(14464K) Class: 2331K(2560K)->2331K(2560K)
[343.559s][info][gc             ] GC(287) Pause Young (Normal) (G1 Evacuation Pause) 1353M->848M(2048M) 273.418ms
[343.559s][info][gc,cpu         ] GC(287) User=1.56s Sys=0.02s Real=0.28s
[344.501s][info][gc,start       ] GC(288) Pause Young (Normal) (G1 Evacuation Pause)
[344.501s][info][gc,task        ] GC(288) Using 6 workers of 6 for evacuation
[344.589s][info][gc,phases      ] GC(288)   Pre Evacuate Collection Set: 0.6ms
[344.589s][info][gc,phases      ] GC(288)   Merge Heap Roots: 1.8ms
[344.589s][info][gc,phases      ] GC(288)   Evacuate Collection Set: 84.5ms
[344.589s][info][gc,phases      ] GC(288)   Post Evacuate Collection Set: 1.3ms
[344.589s][info][gc,phases      ] GC(288)   Other: 0.1ms
[344.589s][info][gc,heap        ] GC(288) Eden regions: 442->0(638)
[344.589s][info][gc,heap        ] GC(288) Survivor regions: 130->12(72)
[344.589s][info][gc,heap        ] GC(288) Old regions: 714->832
[344.589s][info][gc,heap        ] GC(288) Humongous regions: 10->10
[344.589s][info][gc,metaspace   ] GC(288) Metaspace: 16607K(17024K)->16607K(17024K) NonClass: 14275K(14464K)->14275K(14464K) Class: 2331K(2560K)->2331K(2560K)
[344.589s][info][gc             ] GC(288) Pause Young (Normal) (G1 Evacuation Pause) 1293M->850M(2048M) 88.578ms
[344.589s][info][gc,cpu         ] GC(288) User=0.47s Sys=0.00s Real=0.08s
[345.458s][info][gc,start       ] GC(289) Pause Full (System.gc())
[345.458s][info][gc,task        ] GC(289) Using 6 workers of 6 for full compaction
[345.459s][info][gc,phases,start] GC(289) Phase 1: Mark live objects
[345.461s][info][gc,phases      ] GC(289) Phase 1: Mark live objects 2.534ms
[345.461s][info][gc,phases,start] GC(289) Phase 2: Prepare compaction
[345.462s][info][gc,phases      ] GC(289) Phase 2: Prepare compaction 0.855ms
[345.462s][info][gc,phases,start] GC(289) Phase 3: Adjust pointers
[345.464s][info][gc,phases      ] GC(289) Phase 3: Adjust pointers 2.077ms
[345.464s][info][gc,phases,start] GC(289) Phase 4: Compact heap
[345.465s][info][gc,phases      ] GC(289) Phase 4: Compact heap 0.750ms
[345.465s][info][gc,phases,start] GC(289) Phase 5: Reset Metadata
[345.466s][info][gc,phases      ] GC(289) Phase 5: Reset Metadata 0.846ms
[345.472s][info][gc,heap        ] GC(289) Eden regions: 169->0(807)
[345.472s][info][gc,heap        ] GC(289) Survivor regions: 12->0(72)
[345.472s][info][gc,heap        ] GC(289) Old regions: 832->8
[345.472s][info][gc,heap        ] GC(289) Humongous regions: 10->2
[345.472s][info][gc,metaspace   ] GC(289) Metaspace: 16607K(17024K)->16607K(17024K) NonClass: 14275K(14464K)->14275K(14464K) Class: 2331K(2560K)->2331K(2560K)
[345.472s][info][gc             ] GC(289) Pause Full (System.gc()) 1019M->7M(2048M) 13.471ms
[345.472s][info][gc,cpu         ] GC(289) User=0.00s Sys=0.00s Real=0.02s
[346.852s][info][gc,start       ] GC(290) Pause Young (Normal) (G1 Evacuation Pause)
[346.852s][info][gc,task        ] GC(290) Using 6 workers of 6 for evacuation
[346.853s][info][gc,phases      ] GC(290)   Pre Evacuate Collection Set: 0.3ms
[346.853s][info][gc,phases      ] GC(290)   Merge Heap Roots: 0.1ms
[346.853s][info][gc,phases      ] GC(290)   Evacuate Collection Set: 0.3ms
[346.853s][info][gc,phases      ] GC(290)   Post Evacuate Collection Set: 0.5ms
[346.853s][info][gc,phases      ] GC(290)   Other: 0.1ms
[346.853s][info][gc,heap        ] GC(290) Eden regions: 980->0(973)
[346.853s][info][gc,heap        ] GC(290) Survivor regions: 0->3(123)
[346.853s][info][gc,heap        ] GC(290) Old regions: 8->8
[346.853s][info][gc,heap        ] GC(290) Humongous regions: 2->2
[346.853s][info][gc,metaspace   ] GC(290) Metaspace: 16607K(17024K)->16607K(17024K) NonClass: 14276K(14464K)->14276K(14464K) Class: 2331K(2560K)->2331K(2560K)
[346.853s][info][gc             ] GC(290) Pause Young (Normal) (G1 Evacuation Pause) 987M->10M(2048M) 1.491ms
[346.853s][info][gc,cpu         ] GC(290) User=0.00s Sys=0.00s Real=0.00s
[347.031s][info][gc,start       ] GC(291) Pause Young (Normal) (G1 Evacuation Pause)
[347.031s][info][gc,task        ] GC(291) Using 6 workers of 6 for evacuation
[347.032s][info][gc,phases      ] GC(291)   Pre Evacuate Collection Set: 0.3ms
[347.032s][info][gc,phases      ] GC(291)   Merge Heap Roots: 0.1ms
[347.032s][info][gc,phases      ] GC(291)   Evacuate Collection Set: 0.3ms
[347.032s][info][gc,phases      ] GC(291)   Post Evacuate Collection Set: 0.5ms
[347.032s][info][gc,phases      ] GC(291)   Other: 0.1ms
[347.032s][info][gc,heap        ] GC(291) Eden regions: 1131->0(1209)
[347.032s][info][gc,heap        ] GC(291) Survivor regions: 3->2(142)
[347.032s][info][gc,heap        ] GC(291) Old regions: 8->8
[347.032s][info][gc,heap        ] GC(291) Humongous regions: 2->2
[347.032s][info][gc,metaspace   ] GC(291) Metaspace: 16607K(17024K)->16607K(17024K) NonClass: 14276K(14464K)->14276K(14464K) Class: 2331K(2560K)->2331K(2560K)
[347.032s][info][gc             ] GC(291) Pause Young (Normal) (G1 Evacuation Pause) 1141M->9M(2048M) 1.568ms
[347.032s][info][gc,cpu         ] GC(291) User=0.00s Sys=0.00s Real=0.00s
[347.546s][info][gc,start       ] GC(292) Pause Young (Normal) (G1 Evacuation Pause)
[347.546s][info][gc,task        ] GC(292) Using 6 workers of 6 for evacuation
[347.710s][info][gc,phases      ] GC(292)   Pre Evacuate Collection Set: 0.2ms
[347.710s][info][gc,phases      ] GC(292)   Merge Heap Roots: 0.1ms
[347.710s][info][gc,phases      ] GC(292)   Evacuate Collection Set: 162.8ms
[347.710s][info][gc,phases      ] GC(292)   Post Evacuate Collection Set: 1.2ms
[347.710s][info][gc,phases      ] GC(292)   Other: 0.1ms
[347.710s][info][gc,heap        ] GC(292) Eden regions: 1226->0(929)
[347.710s][info][gc,heap        ] GC(292) Survivor regions: 2->154(154)
[347.710s][info][gc,heap        ] GC(292) Old regions: 8->213
[347.710s][info][gc,heap        ] GC(292) Humongous regions: 3->3
[347.710s][info][gc,metaspace   ] GC(292) Metaspace: 16607K(17024K)->16607K(17024K) NonClass: 14276K(14464K)->14276K(14464K) Class: 2331K(2560K)->2331K(2560K)
[347.710s][info][gc             ] GC(292) Pause Young (Normal) (G1 Evacuation Pause) 1236M->367M(2048M) 164.642ms
[347.710s][info][gc,cpu         ] GC(292) User=0.94s Sys=0.00s Real=0.16s
[350.716s][info][gc,start       ] GC(293) Pause Young (Normal) (G1 Evacuation Pause)
[350.716s][info][gc,task        ] GC(293) Using 6 workers of 6 for evacuation
[350.955s][info][gc,mmu         ] GC(293) MMU target violated: 201.0ms (200.0ms/201.0ms)
[350.955s][info][gc,phases      ] GC(293)   Pre Evacuate Collection Set: 0.4ms
[350.955s][info][gc,phases      ] GC(293)   Merge Heap Roots: 1.4ms
[350.955s][info][gc,phases      ] GC(293)   Evacuate Collection Set: 235.2ms
[350.955s][info][gc,phases      ] GC(293)   Post Evacuate Collection Set: 1.8ms
[350.955s][info][gc,phases      ] GC(293)   Other: 0.2ms
[350.955s][info][gc,heap        ] GC(293) Eden regions: 838->0(487)
[350.955s][info][gc,heap        ] GC(293) Survivor regions: 154->124(124)
[350.955s][info][gc,heap        ] GC(293) Old regions: 213->572
[350.955s][info][gc,heap        ] GC(293) Humongous regions: 4->4
[350.955s][info][gc,metaspace   ] GC(293) Metaspace: 16607K(17024K)->16607K(17024K) NonClass: 14276K(14464K)->14276K(14464K) Class: 2331K(2560K)->2331K(2560K)
[350.955s][info][gc             ] GC(293) Pause Young (Normal) (G1 Evacuation Pause) 1206M->696M(2048M) 239.141ms
[350.955s][info][gc,cpu         ] GC(293) User=1.42s Sys=0.00s Real=0.24s
[351.262s][info][gc,start       ] GC(294) Pause Young (Normal) (G1 Evacuation Pause)
[351.262s][info][gc,task        ] GC(294) Using 6 workers of 6 for evacuation
[351.418s][info][gc,phases      ] GC(294)   Pre Evacuate Collection Set: 0.4ms
[351.418s][info][gc,phases      ] GC(294)   Merge Heap Roots: 2.2ms
[351.418s][info][gc,phases      ] GC(294)   Evacuate Collection Set: 151.7ms
[351.418s][info][gc,phases      ] GC(294)   Post Evacuate Collection Set: 1.1ms
[351.418s][info][gc,phases      ] GC(294)   Other: 0.1ms
[351.418s][info][gc,heap        ] GC(294) Eden regions: 353->0(579)
[351.418s][info][gc,heap        ] GC(294) Survivor regions: 124->60(60)
[351.418s][info][gc,heap        ] GC(294) Old regions: 572->787
[351.418s][info][gc,heap        ] GC(294) Humongous regions: 7->7
[351.418s][info][gc,metaspace   ] GC(294) Metaspace: 16607K(17024K)->16607K(17024K) NonClass: 14276K(14464K)->14276K(14464K) Class: 2331K(2560K)->2331K(2560K)
[351.418s][info][gc             ] GC(294) Pause Young (Normal) (G1 Evacuation Pause) 1052M->851M(2048M) 155.725ms
[351.418s][info][gc,cpu         ] GC(294) User=0.88s Sys=0.00s Real=0.16s
[352.849s][info][gc,start       ] GC(295) Pause Young (Normal) (G1 Evacuation Pause)
[352.849s][info][gc,task        ] GC(295) Using 6 workers of 6 for evacuation
[352.897s][info][gc,phases      ] GC(295)   Pre Evacuate Collection Set: 0.4ms
[352.897s][info][gc,phases      ] GC(295)   Merge Heap Roots: 2.3ms
[352.897s][info][gc,phases      ] GC(295)   Evacuate Collection Set: 44.1ms
[352.897s][info][gc,phases      ] GC(295)   Post Evacuate Collection Set: 0.5ms
[352.897s][info][gc,phases      ] GC(295)   Other: 0.1ms
[352.897s][info][gc,heap        ] GC(295) Eden regions: 584->0(664)
[352.897s][info][gc,heap        ] GC(295) Survivor regions: 60->6(81)
[352.897s][info][gc,heap        ] GC(295) Old regions: 787->838
[352.897s][info][gc,heap        ] GC(295) Humongous regions: 10->10
[352.897s][info][gc,metaspace   ] GC(295) Metaspace: 16607K(17024K)->16607K(17024K) NonClass: 14276K(14464K)->14276K(14464K) Class: 2331K(2560K)->2331K(2560K)
[352.897s][info][gc             ] GC(295) Pause Young (Normal) (G1 Evacuation Pause) 1438M->850M(2048M) 47.761ms
[352.897s][info][gc,cpu         ] GC(295) User=0.14s Sys=0.00s Real=0.05s
[353.355s][info][gc,start       ] GC(296) Pause Full (System.gc())
[353.356s][info][gc,task        ] GC(296) Using 6 workers of 6 for full compaction
[353.356s][info][gc,phases,start] GC(296) Phase 1: Mark live objects
[353.359s][info][gc,phases      ] GC(296) Phase 1: Mark live objects 2.756ms
[353.359s][info][gc,phases,start] GC(296) Phase 2: Prepare compaction
[353.360s][info][gc,phases      ] GC(296) Phase 2: Prepare compaction 1.092ms
[353.360s][info][gc,phases,start] GC(296) Phase 3: Adjust pointers
[353.362s][info][gc,phases      ] GC(296) Phase 3: Adjust pointers 2.345ms
[353.362s][info][gc,phases,start] GC(296) Phase 4: Compact heap
[353.363s][info][gc,phases      ] GC(296) Phase 4: Compact heap 0.832ms
[353.363s][info][gc,phases,start] GC(296) Phase 5: Reset Metadata
[353.364s][info][gc,phases      ] GC(296) Phase 5: Reset Metadata 0.800ms
[353.370s][info][gc,heap        ] GC(296) Eden regions: 62->0(1000)
[353.370s][info][gc,heap        ] GC(296) Survivor regions: 6->0(81)
[353.370s][info][gc,heap        ] GC(296) Old regions: 838->8
[353.370s][info][gc,heap        ] GC(296) Humongous regions: 10->2
[353.370s][info][gc,metaspace   ] GC(296) Metaspace: 16607K(17024K)->16607K(17024K) NonClass: 14276K(14464K)->14276K(14464K) Class: 2331K(2560K)->2331K(2560K)
[353.370s][info][gc             ] GC(296) Pause Full (System.gc()) 911M->7M(2048M) 14.402ms
[353.370s][info][gc,cpu         ] GC(296) User=0.02s Sys=0.00s Real=0.01s
[354.589s][info][gc,start       ] GC(297) Pause Young (Normal) (G1 Evacuation Pause)
[354.589s][info][gc,task        ] GC(297) Using 6 workers of 6 for evacuation
[354.590s][info][gc,phases      ] GC(297)   Pre Evacuate Collection Set: 0.3ms
[354.590s][info][gc,phases      ] GC(297)   Merge Heap Roots: 0.2ms
[354.590s][info][gc,phases      ] GC(297)   Evacuate Collection Set: 0.3ms
[354.590s][info][gc,phases      ] GC(297)   Post Evacuate Collection Set: 0.6ms
[354.590s][info][gc,phases      ] GC(297)   Other: 0.1ms
[354.590s][info][gc,heap        ] GC(297) Eden regions: 1177->0(1225)
[354.590s][info][gc,heap        ] GC(297) Survivor regions: 0->3(148)
[354.590s][info][gc,heap        ] GC(297) Old regions: 8->8
[354.590s][info][gc,heap        ] GC(297) Humongous regions: 2->2
[354.590s][info][gc,metaspace   ] GC(297) Metaspace: 16607K(17024K)->16607K(17024K) NonClass: 14276K(14464K)->14276K(14464K) Class: 2331K(2560K)->2331K(2560K)
[354.590s][info][gc             ] GC(297) Pause Young (Normal) (G1 Evacuation Pause) 1184M->10M(2048M) 1.741ms
[354.590s][info][gc,cpu         ] GC(297) User=0.00s Sys=0.00s Real=0.00s
[354.779s][info][gc,start       ] GC(298) Pause Young (Normal) (G1 Evacuation Pause)
[354.779s][info][gc,task        ] GC(298) Using 6 workers of 6 for evacuation
[354.780s][info][gc,phases      ] GC(298)   Pre Evacuate Collection Set: 0.3ms
[354.780s][info][gc,phases      ] GC(298)   Merge Heap Roots: 0.2ms
[354.780s][info][gc,phases      ] GC(298)   Evacuate Collection Set: 0.3ms
[354.780s][info][gc,phases      ] GC(298)   Post Evacuate Collection Set: 0.5ms
[354.780s][info][gc,phases      ] GC(298)   Other: 0.1ms
[354.780s][info][gc,heap        ] GC(298) Eden regions: 1225->0(1227)
[354.780s][info][gc,heap        ] GC(298) Survivor regions: 3->1(154)
[354.780s][info][gc,heap        ] GC(298) Old regions: 8->8
[354.780s][info][gc,heap        ] GC(298) Humongous regions: 2->2
[354.780s][info][gc,metaspace   ] GC(298) Metaspace: 16607K(17024K)->16607K(17024K) NonClass: 14276K(14464K)->14276K(14464K) Class: 2331K(2560K)->2331K(2560K)
[354.781s][info][gc             ] GC(298) Pause Young (Normal) (G1 Evacuation Pause) 1235M->8M(2048M) 1.675ms
[354.781s][info][gc,cpu         ] GC(298) User=0.00s Sys=0.00s Real=0.00s
[358.537s][info][gc,start       ] GC(299) Pause Young (Normal) (G1 Evacuation Pause)
[358.538s][info][gc,task        ] GC(299) Using 6 workers of 6 for evacuation
[358.727s][info][gc,phases      ] GC(299)   Pre Evacuate Collection Set: 0.4ms
[358.727s][info][gc,phases      ] GC(299)   Merge Heap Roots: 0.3ms
[358.727s][info][gc,phases      ] GC(299)   Evacuate Collection Set: 187.5ms
[358.727s][info][gc,phases      ] GC(299)   Post Evacuate Collection Set: 1.4ms
[358.727s][info][gc,phases      ] GC(299)   Other: 0.2ms
[358.727s][info][gc,heap        ] GC(299) Eden regions: 1227->0(896)
[358.727s][info][gc,heap        ] GC(299) Survivor regions: 1->154(154)
[358.727s][info][gc,heap        ] GC(299) Old regions: 8->293
[358.727s][info][gc,heap        ] GC(299) Humongous regions: 4->4
[358.727s][info][gc,metaspace   ] GC(299) Metaspace: 16607K(17024K)->16607K(17024K) NonClass: 14276K(14464K)->14276K(14464K) Class: 2331K(2560K)->2331K(2560K)
[358.727s][info][gc             ] GC(299) Pause Young (Normal) (G1 Evacuation Pause) 1237M->447M(2048M) 189.908ms
[358.727s][info][gc,cpu         ] GC(299) User=1.08s Sys=0.00s Real=0.19s
[359.291s][info][gc,start       ] GC(300) Pause Young (Normal) (G1 Evacuation Pause)
[359.291s][info][gc,task        ] GC(300) Using 6 workers of 6 for evacuation
[359.556s][info][gc,mmu         ] GC(300) MMU target violated: 201.0ms (200.0ms/201.0ms)
[359.556s][info][gc,phases      ] GC(300)   Pre Evacuate Collection Set: 0.4ms
[359.556s][info][gc,phases      ] GC(300)   Merge Heap Roots: 1.3ms
[359.556s][info][gc,phases      ] GC(300)   Evacuate Collection Set: 262.1ms
[359.556s][info][gc,phases      ] GC(300)   Post Evacuate Collection Set: 1.3ms
[359.556s][info][gc,phases      ] GC(300)   Other: 0.2ms
[359.556s][info][gc,heap        ] GC(300) Eden regions: 896->0(501)
[359.556s][info][gc,heap        ] GC(300) Survivor regions: 154->132(132)
[359.556s][info][gc,heap        ] GC(300) Old regions: 293->691
[359.556s][info][gc,heap        ] GC(300) Humongous regions: 7->7
[359.556s][info][gc,metaspace   ] GC(300) Metaspace: 16607K(17024K)->16607K(17024K) NonClass: 14276K(14464K)->14276K(14464K) Class: 2331K(2560K)->2331K(2560K)
[359.556s][info][gc             ] GC(300) Pause Young (Normal) (G1 Evacuation Pause) 1346M->826M(2048M) 265.517ms
[359.556s][info][gc,cpu         ] GC(300) User=1.52s Sys=0.00s Real=0.27s
[360.402s][info][gc,start       ] GC(301) Pause Young (Normal) (G1 Evacuation Pause)
[360.402s][info][gc,task        ] GC(301) Using 6 workers of 6 for evacuation
[360.474s][info][gc,phases      ] GC(301)   Pre Evacuate Collection Set: 0.4ms
[360.474s][info][gc,phases      ] GC(301)   Merge Heap Roots: 1.9ms
[360.474s][info][gc,phases      ] GC(301)   Evacuate Collection Set: 68.4ms
[360.474s][info][gc,phases      ] GC(301)   Post Evacuate Collection Set: 1.2ms
[360.474s][info][gc,phases      ] GC(301)   Other: 0.2ms
[360.474s][info][gc,heap        ] GC(301) Eden regions: 428->0(695)
[360.474s][info][gc,heap        ] GC(301) Survivor regions: 132->18(70)
[360.474s][info][gc,heap        ] GC(301) Old regions: 691->815
[360.474s][info][gc,heap        ] GC(301) Humongous regions: 10->10
[360.474s][info][gc,metaspace   ] GC(301) Metaspace: 16607K(17024K)->16607K(17024K) NonClass: 14276K(14464K)->14276K(14464K) Class: 2331K(2560K)->2331K(2560K)
[360.475s][info][gc             ] GC(301) Pause Young (Normal) (G1 Evacuation Pause) 1257M->839M(2048M) 72.333ms
[360.475s][info][gc,cpu         ] GC(301) User=0.38s Sys=0.00s Real=0.08s
[361.420s][info][gc,start       ] GC(302) Pause Full (System.gc())
[361.420s][info][gc,task        ] GC(302) Using 6 workers of 6 for full compaction
[361.420s][info][gc,phases,start] GC(302) Phase 1: Mark live objects
[361.423s][info][gc,phases      ] GC(302) Phase 1: Mark live objects 2.643ms
[361.423s][info][gc,phases,start] GC(302) Phase 2: Prepare compaction
[361.424s][info][gc,phases      ] GC(302) Phase 2: Prepare compaction 1.414ms
[361.424s][info][gc,phases,start] GC(302) Phase 3: Adjust pointers
[361.426s][info][gc,phases      ] GC(302) Phase 3: Adjust pointers 2.127ms
[361.427s][info][gc,phases,start] GC(302) Phase 4: Compact heap
[361.428s][info][gc,phases      ] GC(302) Phase 4: Compact heap 1.187ms
[361.428s][info][gc,phases,start] GC(302) Phase 5: Reset Metadata
[361.429s][info][gc,phases      ] GC(302) Phase 5: Reset Metadata 0.903ms
[361.434s][info][gc,heap        ] GC(302) Eden regions: 215->0(1176)
[361.434s][info][gc,heap        ] GC(302) Survivor regions: 18->0(70)
[361.434s][info][gc,heap        ] GC(302) Old regions: 815->8
[361.434s][info][gc,heap        ] GC(302) Humongous regions: 10->2
[361.434s][info][gc,metaspace   ] GC(302) Metaspace: 16607K(17024K)->16607K(17024K) NonClass: 14276K(14464K)->14276K(14464K) Class: 2331K(2560K)->2331K(2560K)
[361.434s][info][gc             ] GC(302) Pause Full (System.gc()) 1053M->7M(2048M) 14.772ms
[361.434s][info][gc,cpu         ] GC(302) User=0.00s Sys=0.00s Real=0.02s
[362.791s][info][gc,start       ] GC(303) Pause Young (Normal) (G1 Evacuation Pause)
[362.791s][info][gc,task        ] GC(303) Using 6 workers of 6 for evacuation
[362.793s][info][gc,phases      ] GC(303)   Pre Evacuate Collection Set: 0.3ms
[362.793s][info][gc,phases      ] GC(303)   Merge Heap Roots: 0.2ms
[362.793s][info][gc,phases      ] GC(303)   Evacuate Collection Set: 0.3ms
[362.793s][info][gc,phases      ] GC(303)   Post Evacuate Collection Set: 0.6ms
[362.793s][info][gc,phases      ] GC(303)   Other: 0.1ms
[362.793s][info][gc,heap        ] GC(303) Eden regions: 1228->0(1225)
[362.793s][info][gc,heap        ] GC(303) Survivor regions: 0->3(154)
[362.793s][info][gc,heap        ] GC(303) Old regions: 8->8
[362.793s][info][gc,heap        ] GC(303) Humongous regions: 2->2
[362.793s][info][gc,metaspace   ] GC(303) Metaspace: 16607K(17024K)->16607K(17024K) NonClass: 14276K(14464K)->14276K(14464K) Class: 2331K(2560K)->2331K(2560K)
[362.793s][info][gc             ] GC(303) Pause Young (Normal) (G1 Evacuation Pause) 1235M->10M(2048M) 1.686ms
[362.793s][info][gc,cpu         ] GC(303) User=0.00s Sys=0.00s Real=0.00s
[362.981s][info][gc,start       ] GC(304) Pause Young (Normal) (G1 Evacuation Pause)
[362.981s][info][gc,task        ] GC(304) Using 6 workers of 6 for evacuation
[362.982s][info][gc,phases      ] GC(304)   Pre Evacuate Collection Set: 0.3ms
[362.982s][info][gc,phases      ] GC(304)   Merge Heap Roots: 0.1ms
[362.982s][info][gc,phases      ] GC(304)   Evacuate Collection Set: 0.3ms
[362.982s][info][gc,phases      ] GC(304)   Post Evacuate Collection Set: 0.6ms
[362.982s][info][gc,phases      ] GC(304)   Other: 0.1ms
[362.982s][info][gc,heap        ] GC(304) Eden regions: 1225->0(1226)
[362.982s][info][gc,heap        ] GC(304) Survivor regions: 3->2(154)
[362.982s][info][gc,heap        ] GC(304) Old regions: 8->8
[362.982s][info][gc,heap        ] GC(304) Humongous regions: 2->2
[362.982s][info][gc,metaspace   ] GC(304) Metaspace: 16607K(17024K)->16607K(17024K) NonClass: 14276K(14464K)->14276K(14464K) Class: 2331K(2560K)->2331K(2560K)
[362.982s][info][gc             ] GC(304) Pause Young (Normal) (G1 Evacuation Pause) 1235M->9M(2048M) 1.662ms
[362.982s][info][gc,cpu         ] GC(304) User=0.00s Sys=0.00s Real=0.00s
[366.181s][info][gc,start       ] GC(305) Pause Young (Normal) (G1 Evacuation Pause)
[366.181s][info][gc,task        ] GC(305) Using 6 workers of 6 for evacuation
[366.384s][info][gc,mmu         ] GC(305) MMU target violated: 201.0ms (200.0ms/201.0ms)
[366.384s][info][gc,phases      ] GC(305)   Pre Evacuate Collection Set: 0.4ms
[366.384s][info][gc,phases      ] GC(305)   Merge Heap Roots: 0.2ms
[366.384s][info][gc,phases      ] GC(305)   Evacuate Collection Set: 199.9ms
[366.384s][info][gc,phases      ] GC(305)   Post Evacuate Collection Set: 1.6ms
[366.384s][info][gc,phases      ] GC(305)   Other: 0.2ms
[366.384s][info][gc,heap        ] GC(305) Eden regions: 1226->0(879)
[366.384s][info][gc,heap        ] GC(305) Survivor regions: 2->154(154)
[366.384s][info][gc,heap        ] GC(305) Old regions: 8->314
[366.384s][info][gc,heap        ] GC(305) Humongous regions: 4->4
[366.384s][info][gc,metaspace   ] GC(305) Metaspace: 16607K(17024K)->16607K(17024K) NonClass: 14276K(14464K)->14276K(14464K) Class: 2331K(2560K)->2331K(2560K)
[366.384s][info][gc             ] GC(305) Pause Young (Normal) (G1 Evacuation Pause) 1237M->469M(2048M) 202.554ms
[366.384s][info][gc,cpu         ] GC(305) User=1.12s Sys=0.00s Real=0.20s
[366.935s][info][gc,start       ] GC(306) Pause Young (Normal) (G1 Evacuation Pause)
[366.935s][info][gc,task        ] GC(306) Using 6 workers of 6 for evacuation
[367.191s][info][gc,mmu         ] GC(306) MMU target violated: 201.0ms (200.0ms/201.0ms)
[367.191s][info][gc,phases      ] GC(306)   Pre Evacuate Collection Set: 0.6ms
[367.191s][info][gc,phases      ] GC(306)   Merge Heap Roots: 1.3ms
[367.191s][info][gc,phases      ] GC(306)   Evacuate Collection Set: 253.1ms
[367.191s][info][gc,phases      ] GC(306)   Post Evacuate Collection Set: 1.2ms
[367.191s][info][gc,phases      ] GC(306)   Other: 0.2ms
[367.191s][info][gc,heap        ] GC(306) Eden regions: 848->0(535)
[367.191s][info][gc,heap        ] GC(306) Survivor regions: 154->126(126)
[367.191s][info][gc,heap        ] GC(306) Old regions: 314->699
[367.191s][info][gc,heap        ] GC(306) Humongous regions: 7->7
[367.191s][info][gc,metaspace   ] GC(306) Metaspace: 16607K(17024K)->16607K(17024K) NonClass: 14276K(14464K)->14276K(14464K) Class: 2331K(2560K)->2331K(2560K)
[367.192s][info][gc             ] GC(306) Pause Young (Normal) (G1 Evacuation Pause) 1320M->828M(2048M) 256.658ms
[367.192s][info][gc,cpu         ] GC(306) User=1.48s Sys=0.00s Real=0.25s
[368.094s][info][gc,start       ] GC(307) Pause Young (Normal) (G1 Evacuation Pause)
[368.094s][info][gc,task        ] GC(307) Using 6 workers of 6 for evacuation
[368.163s][info][gc,phases      ] GC(307)   Pre Evacuate Collection Set: 0.6ms
[368.163s][info][gc,phases      ] GC(307)   Merge Heap Roots: 1.8ms
[368.163s][info][gc,phases      ] GC(307)   Evacuate Collection Set: 64.9ms
[368.163s][info][gc,phases      ] GC(307)   Post Evacuate Collection Set: 0.8ms
[368.163s][info][gc,phases      ] GC(307)   Other: 0.1ms
[368.163s][info][gc,heap        ] GC(307) Eden regions: 455->0(705)
[368.163s][info][gc,heap        ] GC(307) Survivor regions: 126->15(73)
[368.163s][info][gc,heap        ] GC(307) Old regions: 699->814
[368.163s][info][gc,heap        ] GC(307) Humongous regions: 10->10
[368.163s][info][gc,metaspace   ] GC(307) Metaspace: 16607K(17024K)->16607K(17024K) NonClass: 14276K(14464K)->14276K(14464K) Class: 2331K(2560K)->2331K(2560K)
[368.163s][info][gc             ] GC(307) Pause Young (Normal) (G1 Evacuation Pause) 1286M->835M(2048M) 68.501ms
[368.163s][info][gc,cpu         ] GC(307) User=0.39s Sys=0.00s Real=0.08s
[369.045s][info][gc,start       ] GC(308) Pause Full (System.gc())
[369.045s][info][gc,task        ] GC(308) Using 6 workers of 6 for full compaction
[369.046s][info][gc,phases,start] GC(308) Phase 1: Mark live objects
[369.048s][info][gc,phases      ] GC(308) Phase 1: Mark live objects 2.673ms
[369.048s][info][gc,phases,start] GC(308) Phase 2: Prepare compaction
[369.050s][info][gc,phases      ] GC(308) Phase 2: Prepare compaction 1.188ms
[369.050s][info][gc,phases,start] GC(308) Phase 3: Adjust pointers
[369.052s][info][gc,phases      ] GC(308) Phase 3: Adjust pointers 2.342ms
[369.052s][info][gc,phases,start] GC(308) Phase 4: Compact heap
[369.053s][info][gc,phases      ] GC(308) Phase 4: Compact heap 1.094ms
[369.053s][info][gc,phases,start] GC(308) Phase 5: Reset Metadata
[369.054s][info][gc,phases      ] GC(308) Phase 5: Reset Metadata 0.786ms
[369.060s][info][gc,heap        ] GC(308) Eden regions: 185->0(1200)
[369.060s][info][gc,heap        ] GC(308) Survivor regions: 15->0(73)
[369.060s][info][gc,heap        ] GC(308) Old regions: 814->8
[369.060s][info][gc,heap        ] GC(308) Humongous regions: 10->2
[369.060s][info][gc,metaspace   ] GC(308) Metaspace: 16607K(17024K)->16607K(17024K) NonClass: 14276K(14464K)->14276K(14464K) Class: 2331K(2560K)->2331K(2560K)
[369.060s][info][gc             ] GC(308) Pause Full (System.gc()) 1020M->7M(2048M) 15.051ms
[369.060s][info][gc,cpu         ] GC(308) User=0.02s Sys=0.00s Real=0.02s
[370.290s][info][gc,start       ] GC(309) Pause Young (Normal) (G1 Evacuation Pause)
[370.291s][info][gc,task        ] GC(309) Using 6 workers of 6 for evacuation
[370.292s][info][gc,phases      ] GC(309)   Pre Evacuate Collection Set: 0.3ms
[370.292s][info][gc,phases      ] GC(309)   Merge Heap Roots: 0.2ms
[370.292s][info][gc,phases      ] GC(309)   Evacuate Collection Set: 0.3ms
[370.292s][info][gc,phases      ] GC(309)   Post Evacuate Collection Set: 0.6ms
[370.292s][info][gc,phases      ] GC(309)   Other: 0.1ms
[370.292s][info][gc,heap        ] GC(309) Eden regions: 1228->0(1225)
[370.292s][info][gc,heap        ] GC(309) Survivor regions: 0->3(154)
[370.292s][info][gc,heap        ] GC(309) Old regions: 8->8
[370.292s][info][gc,heap        ] GC(309) Humongous regions: 2->2
[370.292s][info][gc,metaspace   ] GC(309) Metaspace: 16607K(17024K)->16607K(17024K) NonClass: 14276K(14464K)->14276K(14464K) Class: 2331K(2560K)->2331K(2560K)
[370.292s][info][gc             ] GC(309) Pause Young (Normal) (G1 Evacuation Pause) 1235M->10M(2048M) 1.669ms
[370.292s][info][gc,cpu         ] GC(309) User=0.00s Sys=0.00s Real=0.00s
[370.491s][info][gc,start       ] GC(310) Pause Young (Normal) (G1 Evacuation Pause)
[370.491s][info][gc,task        ] GC(310) Using 6 workers of 6 for evacuation
[370.492s][info][gc,phases      ] GC(310)   Pre Evacuate Collection Set: 0.4ms
[370.492s][info][gc,phases      ] GC(310)   Merge Heap Roots: 0.2ms
[370.492s][info][gc,phases      ] GC(310)   Evacuate Collection Set: 0.5ms
[370.492s][info][gc,phases      ] GC(310)   Post Evacuate Collection Set: 0.6ms
[370.492s][info][gc,phases      ] GC(310)   Other: 0.1ms
[370.492s][info][gc,heap        ] GC(310) Eden regions: 1225->0(1226)
[370.492s][info][gc,heap        ] GC(310) Survivor regions: 3->2(154)
[370.492s][info][gc,heap        ] GC(310) Old regions: 8->8
[370.492s][info][gc,heap        ] GC(310) Humongous regions: 2->2
[370.492s][info][gc,metaspace   ] GC(310) Metaspace: 16607K(17024K)->16607K(17024K) NonClass: 14276K(14464K)->14276K(14464K) Class: 2331K(2560K)->2331K(2560K)
[370.493s][info][gc             ] GC(310) Pause Young (Normal) (G1 Evacuation Pause) 1235M->8M(2048M) 1.991ms
[370.493s][info][gc,cpu         ] GC(310) User=0.00s Sys=0.00s Real=0.00s
[373.373s][info][gc,start       ] GC(311) Pause Young (Normal) (G1 Evacuation Pause)
[373.373s][info][gc,task        ] GC(311) Using 6 workers of 6 for evacuation
[373.570s][info][gc,phases      ] GC(311)   Pre Evacuate Collection Set: 0.4ms
[373.570s][info][gc,phases      ] GC(311)   Merge Heap Roots: 0.2ms
[373.570s][info][gc,phases      ] GC(311)   Evacuate Collection Set: 194.6ms
[373.570s][info][gc,phases      ] GC(311)   Post Evacuate Collection Set: 1.6ms
[373.570s][info][gc,phases      ] GC(311)   Other: 0.2ms
[373.570s][info][gc,heap        ] GC(311) Eden regions: 1226->0(888)
[373.570s][info][gc,heap        ] GC(311) Survivor regions: 2->154(154)
[373.570s][info][gc,heap        ] GC(311) Old regions: 8->309
[373.570s][info][gc,heap        ] GC(311) Humongous regions: 4->4
[373.570s][info][gc,metaspace   ] GC(311) Metaspace: 16607K(17024K)->16607K(17024K) NonClass: 14276K(14464K)->14276K(14464K) Class: 2331K(2560K)->2331K(2560K)
[373.570s][info][gc             ] GC(311) Pause Young (Normal) (G1 Evacuation Pause) 1236M->464M(2048M) 197.333ms
[373.570s][info][gc,cpu         ] GC(311) User=1.12s Sys=0.00s Real=0.20s
[374.163s][info][gc,start       ] GC(312) Pause Young (Normal) (G1 Evacuation Pause)
[374.163s][info][gc,task        ] GC(312) Using 6 workers of 6 for evacuation
[374.431s][info][gc,mmu         ] GC(312) MMU target violated: 201.0ms (200.0ms/201.0ms)
[374.432s][info][gc,phases      ] GC(312)   Pre Evacuate Collection Set: 0.5ms
[374.432s][info][gc,phases      ] GC(312)   Merge Heap Roots: 1.6ms
[374.432s][info][gc,phases      ] GC(312)   Evacuate Collection Set: 264.1ms
[374.432s][info][gc,phases      ] GC(312)   Post Evacuate Collection Set: 1.6ms
[374.432s][info][gc,phases      ] GC(312)   Other: 0.2ms
[374.432s][info][gc,heap        ] GC(312) Eden regions: 888->0(556)
[374.432s][info][gc,heap        ] GC(312) Survivor regions: 154->131(131)
[374.432s][info][gc,heap        ] GC(312) Old regions: 309->714
[374.432s][info][gc,heap        ] GC(312) Humongous regions: 7->7
[374.432s][info][gc,metaspace   ] GC(312) Metaspace: 16607K(17024K)->16607K(17024K) NonClass: 14276K(14464K)->14276K(14464K) Class: 2331K(2560K)->2331K(2560K)
[374.432s][info][gc             ] GC(312) Pause Young (Normal) (G1 Evacuation Pause) 1355M->848M(2048M) 268.320ms
[374.432s][info][gc,cpu         ] GC(312) User=1.52s Sys=0.00s Real=0.27s
[375.361s][info][gc,start       ] GC(313) Pause Young (Normal) (G1 Evacuation Pause)
[375.361s][info][gc,task        ] GC(313) Using 6 workers of 6 for evacuation
[375.454s][info][gc,phases      ] GC(313)   Pre Evacuate Collection Set: 0.4ms
[375.454s][info][gc,phases      ] GC(313)   Merge Heap Roots: 1.7ms
[375.454s][info][gc,phases      ] GC(313)   Evacuate Collection Set: 89.1ms
[375.454s][info][gc,phases      ] GC(313)   Post Evacuate Collection Set: 1.9ms
[375.454s][info][gc,phases      ] GC(313)   Other: 0.1ms
[375.454s][info][gc,heap        ] GC(313) Eden regions: 441->0(639)
[375.454s][info][gc,heap        ] GC(313) Survivor regions: 131->12(72)
[375.454s][info][gc,heap        ] GC(313) Old regions: 714->832
[375.454s][info][gc,heap        ] GC(313) Humongous regions: 10->10
[375.454s][info][gc,metaspace   ] GC(313) Metaspace: 16607K(17024K)->16607K(17024K) NonClass: 14276K(14464K)->14276K(14464K) Class: 2331K(2560K)->2331K(2560K)
[375.454s][info][gc             ] GC(313) Pause Young (Normal) (G1 Evacuation Pause) 1292M->851M(2048M) 93.447ms
[375.454s][info][gc,cpu         ] GC(313) User=0.48s Sys=0.00s Real=0.09s
[376.325s][info][gc,start       ] GC(314) Pause Full (System.gc())
[376.325s][info][gc,task        ] GC(314) Using 6 workers of 6 for full compaction
[376.325s][info][gc,phases,start] GC(314) Phase 1: Mark live objects
[376.328s][info][gc,phases      ] GC(314) Phase 1: Mark live objects 2.640ms
[376.328s][info][gc,phases,start] GC(314) Phase 2: Prepare compaction
[376.329s][info][gc,phases      ] GC(314) Phase 2: Prepare compaction 0.984ms
[376.329s][info][gc,phases,start] GC(314) Phase 3: Adjust pointers
[376.331s][info][gc,phases      ] GC(314) Phase 3: Adjust pointers 2.140ms
[376.331s][info][gc,phases,start] GC(314) Phase 4: Compact heap
[376.332s][info][gc,phases      ] GC(314) Phase 4: Compact heap 0.857ms
[376.332s][info][gc,phases,start] GC(314) Phase 5: Reset Metadata
[376.333s][info][gc,phases      ] GC(314) Phase 5: Reset Metadata 0.926ms
[376.339s][info][gc,heap        ] GC(314) Eden regions: 171->0(805)
[376.339s][info][gc,heap        ] GC(314) Survivor regions: 12->0(72)
[376.339s][info][gc,heap        ] GC(314) Old regions: 832->8
[376.339s][info][gc,heap        ] GC(314) Humongous regions: 10->2
[376.339s][info][gc,metaspace   ] GC(314) Metaspace: 16617K(17024K)->16617K(17024K) NonClass: 14286K(14464K)->14286K(14464K) Class: 2331K(2560K)->2331K(2560K)
[376.339s][info][gc             ] GC(314) Pause Full (System.gc()) 1021M->7M(2048M) 14.150ms
[376.339s][info][gc,cpu         ] GC(314) User=0.00s Sys=0.00s Real=0.01s
[377.739s][info][gc,start       ] GC(315) Pause Young (Normal) (G1 Evacuation Pause)
[377.739s][info][gc,task        ] GC(315) Using 6 workers of 6 for evacuation
[377.741s][info][gc,phases      ] GC(315)   Pre Evacuate Collection Set: 0.3ms
[377.741s][info][gc,phases      ] GC(315)   Merge Heap Roots: 0.1ms
[377.741s][info][gc,phases      ] GC(315)   Evacuate Collection Set: 0.3ms
[377.741s][info][gc,phases      ] GC(315)   Post Evacuate Collection Set: 0.5ms
[377.741s][info][gc,phases      ] GC(315)   Other: 0.1ms
[377.741s][info][gc,heap        ] GC(315) Eden regions: 982->0(912)
[377.741s][info][gc,heap        ] GC(315) Survivor regions: 0->3(123)
[377.741s][info][gc,heap        ] GC(315) Old regions: 8->8
[377.741s][info][gc,heap        ] GC(315) Humongous regions: 2->2
[377.741s][info][gc,metaspace   ] GC(315) Metaspace: 16617K(17024K)->16617K(17024K) NonClass: 14286K(14464K)->14286K(14464K) Class: 2331K(2560K)->2331K(2560K)
[377.741s][info][gc             ] GC(315) Pause Young (Normal) (G1 Evacuation Pause) 989M->10M(2048M) 1.598ms
[377.741s][info][gc,cpu         ] GC(315) User=0.00s Sys=0.00s Real=0.00s
[377.905s][info][gc,start       ] GC(316) Pause Young (Normal) (G1 Evacuation Pause)
[377.905s][info][gc,task        ] GC(316) Using 6 workers of 6 for evacuation
[377.907s][info][gc,phases      ] GC(316)   Pre Evacuate Collection Set: 0.3ms
[377.907s][info][gc,phases      ] GC(316)   Merge Heap Roots: 0.1ms
[377.907s][info][gc,phases      ] GC(316)   Evacuate Collection Set: 0.3ms
[377.907s][info][gc,phases      ] GC(316)   Post Evacuate Collection Set: 0.5ms
[377.907s][info][gc,phases      ] GC(316)   Other: 0.1ms
[377.907s][info][gc,heap        ] GC(316) Eden regions: 1064->0(1197)
[377.907s][info][gc,heap        ] GC(316) Survivor regions: 3->2(134)
[377.907s][info][gc,heap        ] GC(316) Old regions: 8->8
[377.907s][info][gc,heap        ] GC(316) Humongous regions: 2->2
[377.907s][info][gc,metaspace   ] GC(316) Metaspace: 16617K(17024K)->16617K(17024K) NonClass: 14286K(14464K)->14286K(14464K) Class: 2331K(2560K)->2331K(2560K)
[377.907s][info][gc             ] GC(316) Pause Young (Normal) (G1 Evacuation Pause) 1074M->9M(2048M) 1.555ms
[377.907s][info][gc,cpu         ] GC(316) User=0.00s Sys=0.00s Real=0.00s
[378.366s][info][gc,start       ] GC(317) Pause Young (Normal) (G1 Evacuation Pause)
[378.366s][info][gc,task        ] GC(317) Using 6 workers of 6 for evacuation
[378.508s][info][gc,phases      ] GC(317)   Pre Evacuate Collection Set: 0.2ms
[378.508s][info][gc,phases      ] GC(317)   Merge Heap Roots: 0.1ms
[378.508s][info][gc,phases      ] GC(317)   Evacuate Collection Set: 140.2ms
[378.508s][info][gc,phases      ] GC(317)   Post Evacuate Collection Set: 1.4ms
[378.508s][info][gc,phases      ] GC(317)   Other: 0.1ms
[378.508s][info][gc,heap        ] GC(317) Eden regions: 1226->0(985)
[378.508s][info][gc,heap        ] GC(317) Survivor regions: 2->154(154)
[378.508s][info][gc,heap        ] GC(317) Old regions: 8->166
[378.508s][info][gc,heap        ] GC(317) Humongous regions: 3->3
[378.508s][info][gc,metaspace   ] GC(317) Metaspace: 16617K(17024K)->16617K(17024K) NonClass: 14286K(14464K)->14286K(14464K) Class: 2331K(2560K)->2331K(2560K)
[378.508s][info][gc             ] GC(317) Pause Young (Normal) (G1 Evacuation Pause) 1236M->320M(2048M) 142.298ms
[378.508s][info][gc,cpu         ] GC(317) User=0.78s Sys=0.00s Real=0.14s
[381.872s][info][gc,start       ] GC(318) Pause Young (Normal) (G1 Evacuation Pause)
[381.872s][info][gc,task        ] GC(318) Using 6 workers of 6 for evacuation
[382.135s][info][gc,mmu         ] GC(318) MMU target violated: 201.0ms (200.0ms/201.0ms)
[382.135s][info][gc,phases      ] GC(318)   Pre Evacuate Collection Set: 0.7ms
[382.135s][info][gc,phases      ] GC(318)   Merge Heap Roots: 1.1ms
[382.135s][info][gc,phases      ] GC(318)   Evacuate Collection Set: 259.1ms
[382.135s][info][gc,phases      ] GC(318)   Post Evacuate Collection Set: 1.9ms
[382.135s][info][gc,phases      ] GC(318)   Other: 0.3ms
[382.135s][info][gc,heap        ] GC(318) Eden regions: 942->0(468)
[382.135s][info][gc,heap        ] GC(318) Survivor regions: 154->137(137)
[382.135s][info][gc,heap        ] GC(318) Old regions: 166->567
[382.135s][info][gc,heap        ] GC(318) Humongous regions: 4->4
[382.135s][info][gc,metaspace   ] GC(318) Metaspace: 16617K(17024K)->16617K(17024K) NonClass: 14286K(14464K)->14286K(14464K) Class: 2331K(2560K)->2331K(2560K)
[382.135s][info][gc             ] GC(318) Pause Young (Normal) (G1 Evacuation Pause) 1263M->705M(2048M) 263.237ms
[382.135s][info][gc,cpu         ] GC(318) User=1.52s Sys=0.00s Real=0.27s
[382.416s][info][gc,start       ] GC(319) Pause Young (Normal) (G1 Evacuation Pause)
[382.416s][info][gc,task        ] GC(319) Using 6 workers of 6 for evacuation
[382.563s][info][gc,phases      ] GC(319)   Pre Evacuate Collection Set: 0.4ms
[382.563s][info][gc,phases      ] GC(319)   Merge Heap Roots: 1.5ms
[382.563s][info][gc,phases      ] GC(319)   Evacuate Collection Set: 143.9ms
[382.563s][info][gc,phases      ] GC(319)   Post Evacuate Collection Set: 1.2ms
[382.563s][info][gc,phases      ] GC(319)   Other: 0.1ms
[382.563s][info][gc,heap        ] GC(319) Eden regions: 324->0(600)
[382.563s][info][gc,heap        ] GC(319) Survivor regions: 137->58(58)
[382.563s][info][gc,heap        ] GC(319) Old regions: 567->788
[382.563s][info][gc,heap        ] GC(319) Humongous regions: 7->7
[382.563s][info][gc,metaspace   ] GC(319) Metaspace: 16617K(17024K)->16617K(17024K) NonClass: 14286K(14464K)->14286K(14464K) Class: 2331K(2560K)->2331K(2560K)
[382.564s][info][gc             ] GC(319) Pause Young (Normal) (G1 Evacuation Pause) 1032M->849M(2048M) 147.324ms
[382.564s][info][gc,cpu         ] GC(319) User=0.83s Sys=0.00s Real=0.14s
[384.105s][info][gc,start       ] GC(320) Pause Young (Normal) (G1 Evacuation Pause)
[384.105s][info][gc,task        ] GC(320) Using 6 workers of 6 for evacuation
[384.149s][info][gc,phases      ] GC(320)   Pre Evacuate Collection Set: 0.3ms
[384.149s][info][gc,phases      ] GC(320)   Merge Heap Roots: 1.6ms
[384.149s][info][gc,phases      ] GC(320)   Evacuate Collection Set: 41.5ms
[384.149s][info][gc,phases      ] GC(320)   Post Evacuate Collection Set: 0.5ms
[384.149s][info][gc,phases      ] GC(320)   Other: 0.1ms
[384.149s][info][gc,heap        ] GC(320) Eden regions: 600->0(672)
[384.149s][info][gc,heap        ] GC(320) Survivor regions: 58->5(83)
[384.149s][info][gc,heap        ] GC(320) Old regions: 788->837
[384.149s][info][gc,heap        ] GC(320) Humongous regions: 10->10
[384.149s][info][gc,metaspace   ] GC(320) Metaspace: 16617K(17024K)->16617K(17024K) NonClass: 14286K(14464K)->14286K(14464K) Class: 2331K(2560K)->2331K(2560K)
[384.149s][info][gc             ] GC(320) Pause Young (Normal) (G1 Evacuation Pause) 1452M->848M(2048M) 44.157ms
[384.149s][info][gc,cpu         ] GC(320) User=0.14s Sys=0.00s Real=0.05s
[384.446s][info][gc,start       ] GC(321) Pause Full (System.gc())
[384.447s][info][gc,task        ] GC(321) Using 6 workers of 6 for full compaction
[384.447s][info][gc,phases,start] GC(321) Phase 1: Mark live objects
[384.450s][info][gc,phases      ] GC(321) Phase 1: Mark live objects 3.087ms
[384.450s][info][gc,phases,start] GC(321) Phase 2: Prepare compaction
[384.451s][info][gc,phases      ] GC(321) Phase 2: Prepare compaction 1.228ms
[384.451s][info][gc,phases,start] GC(321) Phase 3: Adjust pointers
[384.453s][info][gc,phases      ] GC(321) Phase 3: Adjust pointers 2.194ms
[384.453s][info][gc,phases,start] GC(321) Phase 4: Compact heap
[384.454s][info][gc,phases      ] GC(321) Phase 4: Compact heap 1.056ms
[384.455s][info][gc,phases,start] GC(321) Phase 5: Reset Metadata
[384.456s][info][gc,phases      ] GC(321) Phase 5: Reset Metadata 1.157ms
[384.461s][info][gc,heap        ] GC(321) Eden regions: 40->0(1013)
[384.461s][info][gc,heap        ] GC(321) Survivor regions: 5->0(83)
[384.461s][info][gc,heap        ] GC(321) Old regions: 837->8
[384.461s][info][gc,heap        ] GC(321) Humongous regions: 10->2
[384.461s][info][gc,metaspace   ] GC(321) Metaspace: 16617K(17024K)->16617K(17024K) NonClass: 14286K(14464K)->14286K(14464K) Class: 2331K(2560K)->2331K(2560K)
[384.461s][info][gc             ] GC(321) Pause Full (System.gc()) 888M->7M(2048M) 15.062ms
[384.462s][info][gc,cpu         ] GC(321) User=0.00s Sys=0.00s Real=0.02s
[385.860s][info][gc,start       ] GC(322) Pause Young (Normal) (G1 Evacuation Pause)
[385.860s][info][gc,task        ] GC(322) Using 6 workers of 6 for evacuation
[385.861s][info][gc,phases      ] GC(322)   Pre Evacuate Collection Set: 0.3ms
[385.861s][info][gc,phases      ] GC(322)   Merge Heap Roots: 0.1ms
[385.861s][info][gc,phases      ] GC(322)   Evacuate Collection Set: 0.5ms
[385.861s][info][gc,phases      ] GC(322)   Post Evacuate Collection Set: 0.6ms
[385.861s][info][gc,phases      ] GC(322)   Other: 0.1ms
[385.861s][info][gc,heap        ] GC(322) Eden regions: 1179->0(1225)
[385.861s][info][gc,heap        ] GC(322) Survivor regions: 0->3(148)
[385.861s][info][gc,heap        ] GC(322) Old regions: 8->8
[385.861s][info][gc,heap        ] GC(322) Humongous regions: 2->2
[385.861s][info][gc,metaspace   ] GC(322) Metaspace: 16617K(17024K)->16617K(17024K) NonClass: 14286K(14464K)->14286K(14464K) Class: 2331K(2560K)->2331K(2560K)
[385.861s][info][gc             ] GC(322) Pause Young (Normal) (G1 Evacuation Pause) 1186M->9M(2048M) 1.759ms
[385.861s][info][gc,cpu         ] GC(322) User=0.00s Sys=0.00s Real=0.00s
[386.052s][info][gc,start       ] GC(323) Pause Young (Normal) (G1 Evacuation Pause)
[386.052s][info][gc,task        ] GC(323) Using 6 workers of 6 for evacuation
[386.053s][info][gc,phases      ] GC(323)   Pre Evacuate Collection Set: 0.3ms
[386.053s][info][gc,phases      ] GC(323)   Merge Heap Roots: 0.2ms
[386.053s][info][gc,phases      ] GC(323)   Evacuate Collection Set: 0.3ms
[386.053s][info][gc,phases      ] GC(323)   Post Evacuate Collection Set: 0.5ms
[386.053s][info][gc,phases      ] GC(323)   Other: 0.1ms
[386.053s][info][gc,heap        ] GC(323) Eden regions: 1225->0(1227)
[386.053s][info][gc,heap        ] GC(323) Survivor regions: 3->1(154)
[386.053s][info][gc,heap        ] GC(323) Old regions: 8->8
[386.053s][info][gc,heap        ] GC(323) Humongous regions: 2->2
[386.053s][info][gc,metaspace   ] GC(323) Metaspace: 16617K(17024K)->16617K(17024K) NonClass: 14286K(14464K)->14286K(14464K) Class: 2331K(2560K)->2331K(2560K)
[386.053s][info][gc             ] GC(323) Pause Young (Normal) (G1 Evacuation Pause) 1234M->8M(2048M) 1.623ms
[386.053s][info][gc,cpu         ] GC(323) User=0.02s Sys=0.00s Real=0.00s
[388.794s][info][gc,start       ] GC(324) Pause Young (Normal) (G1 Evacuation Pause)
[388.794s][info][gc,task        ] GC(324) Using 6 workers of 6 for evacuation
[388.983s][info][gc,phases      ] GC(324)   Pre Evacuate Collection Set: 0.4ms
[388.983s][info][gc,phases      ] GC(324)   Merge Heap Roots: 0.2ms
[388.983s][info][gc,phases      ] GC(324)   Evacuate Collection Set: 186.3ms
[388.983s][info][gc,phases      ] GC(324)   Post Evacuate Collection Set: 1.4ms
[388.983s][info][gc,phases      ] GC(324)   Other: 0.2ms
[388.983s][info][gc,heap        ] GC(324) Eden regions: 1227->0(902)
[388.983s][info][gc,heap        ] GC(324) Survivor regions: 1->154(154)
[388.983s][info][gc,heap        ] GC(324) Old regions: 8->289
[388.983s][info][gc,heap        ] GC(324) Humongous regions: 4->4
[388.983s][info][gc,metaspace   ] GC(324) Metaspace: 16617K(17024K)->16617K(17024K) NonClass: 14286K(14464K)->14286K(14464K) Class: 2331K(2560K)->2331K(2560K)
[388.983s][info][gc             ] GC(324) Pause Young (Normal) (G1 Evacuation Pause) 1237M->443M(2048M) 188.877ms
[388.983s][info][gc,cpu         ] GC(324) User=1.06s Sys=0.00s Real=0.19s
[389.547s][info][gc,start       ] GC(325) Pause Young (Normal) (G1 Evacuation Pause)
[389.547s][info][gc,task        ] GC(325) Using 6 workers of 6 for evacuation
[389.812s][info][gc,mmu         ] GC(325) MMU target violated: 201.0ms (200.0ms/201.0ms)
[389.812s][info][gc,phases      ] GC(325)   Pre Evacuate Collection Set: 0.3ms
[389.812s][info][gc,phases      ] GC(325)   Merge Heap Roots: 1.3ms
[389.812s][info][gc,phases      ] GC(325)   Evacuate Collection Set: 261.0ms
[389.812s][info][gc,phases      ] GC(325)   Post Evacuate Collection Set: 1.3ms
[389.812s][info][gc,phases      ] GC(325)   Other: 0.2ms
[389.812s][info][gc,heap        ] GC(325) Eden regions: 902->0(525)
[389.812s][info][gc,heap        ] GC(325) Survivor regions: 154->132(132)
[389.812s][info][gc,heap        ] GC(325) Old regions: 289->688
[389.812s][info][gc,heap        ] GC(325) Humongous regions: 7->7
[389.812s][info][gc,metaspace   ] GC(325) Metaspace: 16617K(17024K)->16617K(17024K) NonClass: 14286K(14464K)->14286K(14464K) Class: 2331K(2560K)->2331K(2560K)
[389.812s][info][gc             ] GC(325) Pause Young (Normal) (G1 Evacuation Pause) 1348M->824M(2048M) 264.375ms
[389.812s][info][gc,cpu         ] GC(325) User=1.53s Sys=0.00s Real=0.26s
[390.683s][info][gc,start       ] GC(326) Pause Young (Normal) (G1 Evacuation Pause)
[390.683s][info][gc,task        ] GC(326) Using 6 workers of 6 for evacuation
[390.755s][info][gc,phases      ] GC(326)   Pre Evacuate Collection Set: 0.4ms
[390.755s][info][gc,phases      ] GC(326)   Merge Heap Roots: 1.8ms
[390.755s][info][gc,phases      ] GC(326)   Evacuate Collection Set: 68.1ms
[390.755s][info][gc,phases      ] GC(326)   Post Evacuate Collection Set: 0.8ms
[390.755s][info][gc,phases      ] GC(326)   Other: 0.1ms
[390.755s][info][gc,heap        ] GC(326) Eden regions: 445->0(699)
[390.755s][info][gc,heap        ] GC(326) Survivor regions: 132->17(73)
[390.755s][info][gc,heap        ] GC(326) Old regions: 688->812
[390.755s][info][gc,heap        ] GC(326) Humongous regions: 10->10
[390.755s][info][gc,metaspace   ] GC(326) Metaspace: 16617K(17024K)->16617K(17024K) NonClass: 14286K(14464K)->14286K(14464K) Class: 2331K(2560K)->2331K(2560K)
[390.755s][info][gc             ] GC(326) Pause Young (Normal) (G1 Evacuation Pause) 1272M->835M(2048M) 71.457ms
[390.755s][info][gc,cpu         ] GC(326) User=0.38s Sys=0.00s Real=0.06s
[391.657s][info][gc,start       ] GC(327) Pause Full (System.gc())
[391.657s][info][gc,task        ] GC(327) Using 6 workers of 6 for full compaction
[391.657s][info][gc,phases,start] GC(327) Phase 1: Mark live objects
[391.660s][info][gc,phases      ] GC(327) Phase 1: Mark live objects 2.883ms
[391.660s][info][gc,phases,start] GC(327) Phase 2: Prepare compaction
[391.661s][info][gc,phases      ] GC(327) Phase 2: Prepare compaction 1.285ms
[391.661s][info][gc,phases,start] GC(327) Phase 3: Adjust pointers
[391.664s][info][gc,phases      ] GC(327) Phase 3: Adjust pointers 2.305ms
[391.664s][info][gc,phases,start] GC(327) Phase 4: Compact heap
[391.665s][info][gc,phases      ] GC(327) Phase 4: Compact heap 1.056ms
[391.665s][info][gc,phases,start] GC(327) Phase 5: Reset Metadata
[391.666s][info][gc,phases      ] GC(327) Phase 5: Reset Metadata 1.281ms
[391.672s][info][gc,heap        ] GC(327) Eden regions: 199->0(1218)
[391.672s][info][gc,heap        ] GC(327) Survivor regions: 17->0(73)
[391.672s][info][gc,heap        ] GC(327) Old regions: 812->8
[391.672s][info][gc,heap        ] GC(327) Humongous regions: 10->2
[391.672s][info][gc,metaspace   ] GC(327) Metaspace: 16617K(17024K)->16617K(17024K) NonClass: 14286K(14464K)->14286K(14464K) Class: 2331K(2560K)->2331K(2560K)
[391.672s][info][gc             ] GC(327) Pause Full (System.gc()) 1034M->7M(2048M) 15.478ms
[391.672s][info][gc,cpu         ] GC(327) User=0.00s Sys=0.00s Real=0.02s
[392.989s][info][gc,start       ] GC(328) Pause Young (Normal) (G1 Evacuation Pause)
[392.989s][info][gc,task        ] GC(328) Using 6 workers of 6 for evacuation
[392.991s][info][gc,phases      ] GC(328)   Pre Evacuate Collection Set: 0.3ms
[392.991s][info][gc,phases      ] GC(328)   Merge Heap Roots: 0.1ms
[392.991s][info][gc,phases      ] GC(328)   Evacuate Collection Set: 0.3ms
[392.991s][info][gc,phases      ] GC(328)   Post Evacuate Collection Set: 0.6ms
[392.991s][info][gc,phases      ] GC(328)   Other: 0.1ms
[392.991s][info][gc,heap        ] GC(328) Eden regions: 1228->0(1225)
[392.991s][info][gc,heap        ] GC(328) Survivor regions: 0->3(154)
[392.991s][info][gc,heap        ] GC(328) Old regions: 8->8
[392.991s][info][gc,heap        ] GC(328) Humongous regions: 2->2
[392.991s][info][gc,metaspace   ] GC(328) Metaspace: 16617K(17024K)->16617K(17024K) NonClass: 14286K(14464K)->14286K(14464K) Class: 2331K(2560K)->2331K(2560K)
[392.991s][info][gc             ] GC(328) Pause Young (Normal) (G1 Evacuation Pause) 1235M->10M(2048M) 1.662ms
[392.991s][info][gc,cpu         ] GC(328) User=0.00s Sys=0.00s Real=0.00s
[393.181s][info][gc,start       ] GC(329) Pause Young (Normal) (G1 Evacuation Pause)
[393.181s][info][gc,task        ] GC(329) Using 6 workers of 6 for evacuation
[393.182s][info][gc,phases      ] GC(329)   Pre Evacuate Collection Set: 0.3ms
[393.182s][info][gc,phases      ] GC(329)   Merge Heap Roots: 0.2ms
[393.182s][info][gc,phases      ] GC(329)   Evacuate Collection Set: 0.3ms
[393.182s][info][gc,phases      ] GC(329)   Post Evacuate Collection Set: 0.5ms
[393.182s][info][gc,phases      ] GC(329)   Other: 0.1ms
[393.182s][info][gc,heap        ] GC(329) Eden regions: 1225->0(1226)
[393.182s][info][gc,heap        ] GC(329) Survivor regions: 3->2(154)
[393.182s][info][gc,heap        ] GC(329) Old regions: 8->8
[393.182s][info][gc,heap        ] GC(329) Humongous regions: 2->2
[393.182s][info][gc,metaspace   ] GC(329) Metaspace: 16617K(17024K)->16617K(17024K) NonClass: 14286K(14464K)->14286K(14464K) Class: 2331K(2560K)->2331K(2560K)
[393.182s][info][gc             ] GC(329) Pause Young (Normal) (G1 Evacuation Pause) 1235M->9M(2048M) 1.594ms
[393.182s][info][gc,cpu         ] GC(329) User=0.00s Sys=0.00s Real=0.00s
[396.168s][info][gc,start       ] GC(330) Pause Young (Normal) (G1 Evacuation Pause)
[396.168s][info][gc,task        ] GC(330) Using 6 workers of 6 for evacuation
[396.366s][info][gc,phases      ] GC(330)   Pre Evacuate Collection Set: 0.3ms
[396.366s][info][gc,phases      ] GC(330)   Merge Heap Roots: 0.1ms
[396.366s][info][gc,phases      ] GC(330)   Evacuate Collection Set: 195.9ms
[396.366s][info][gc,phases      ] GC(330)   Post Evacuate Collection Set: 1.4ms
[396.366s][info][gc,phases      ] GC(330)   Other: 0.1ms
[396.366s][info][gc,heap        ] GC(330) Eden regions: 1226->0(882)
[396.366s][info][gc,heap        ] GC(330) Survivor regions: 2->154(154)
[396.366s][info][gc,heap        ] GC(330) Old regions: 8->313
[396.366s][info][gc,heap        ] GC(330) Humongous regions: 4->4
[396.366s][info][gc,metaspace   ] GC(330) Metaspace: 16617K(17024K)->16617K(17024K) NonClass: 14286K(14464K)->14286K(14464K) Class: 2331K(2560K)->2331K(2560K)
[396.366s][info][gc             ] GC(330) Pause Young (Normal) (G1 Evacuation Pause) 1237M->467M(2048M) 198.018ms
[396.366s][info][gc,cpu         ] GC(330) User=1.11s Sys=0.00s Real=0.19s
[396.939s][info][gc,start       ] GC(331) Pause Young (Normal) (G1 Evacuation Pause)
[396.939s][info][gc,task        ] GC(331) Using 6 workers of 6 for evacuation
[397.201s][info][gc,mmu         ] GC(331) MMU target violated: 201.0ms (200.0ms/201.0ms)
[397.202s][info][gc,phases      ] GC(331)   Pre Evacuate Collection Set: 0.4ms
[397.202s][info][gc,phases      ] GC(331)   Merge Heap Roots: 1.5ms
[397.202s][info][gc,phases      ] GC(331)   Evacuate Collection Set: 259.1ms
[397.202s][info][gc,phases      ] GC(331)   Post Evacuate Collection Set: 1.4ms
[397.202s][info][gc,phases      ] GC(331)   Other: 0.3ms
[397.202s][info][gc,heap        ] GC(331) Eden regions: 867->0(530)
[397.202s][info][gc,heap        ] GC(331) Survivor regions: 154->128(128)
[397.202s][info][gc,heap        ] GC(331) Old regions: 313->707
[397.202s][info][gc,heap        ] GC(331) Humongous regions: 7->7
[397.202s][info][gc,metaspace   ] GC(331) Metaspace: 16617K(17024K)->16617K(17024K) NonClass: 14286K(14464K)->14286K(14464K) Class: 2331K(2560K)->2331K(2560K)
[397.202s][info][gc             ] GC(331) Pause Young (Normal) (G1 Evacuation Pause) 1337M->839M(2048M) 262.848ms
[397.202s][info][gc,cpu         ] GC(331) User=1.52s Sys=0.00s Real=0.27s
[398.108s][info][gc,start       ] GC(332) Pause Young (Normal) (G1 Evacuation Pause)
[398.109s][info][gc,task        ] GC(332) Using 6 workers of 6 for evacuation
[398.187s][info][gc,phases      ] GC(332)   Pre Evacuate Collection Set: 0.5ms
[398.187s][info][gc,phases      ] GC(332)   Merge Heap Roots: 1.8ms
[398.187s][info][gc,phases      ] GC(332)   Evacuate Collection Set: 75.2ms
[398.188s][info][gc,phases      ] GC(332)   Post Evacuate Collection Set: 1.1ms
[398.188s][info][gc,phases      ] GC(332)   Other: 0.1ms
[398.188s][info][gc,heap        ] GC(332) Eden regions: 434->0(699)
[398.188s][info][gc,heap        ] GC(332) Survivor regions: 128->16(71)
[398.188s][info][gc,heap        ] GC(332) Old regions: 707->820
[398.188s][info][gc,heap        ] GC(332) Humongous regions: 10->10
[398.188s][info][gc,metaspace   ] GC(332) Metaspace: 16617K(17024K)->16617K(17024K) NonClass: 14286K(14464K)->14286K(14464K) Class: 2331K(2560K)->2331K(2560K)
[398.188s][info][gc             ] GC(332) Pause Young (Normal) (G1 Evacuation Pause) 1276M->842M(2048M) 79.181ms
[398.188s][info][gc,cpu         ] GC(332) User=0.39s Sys=0.00s Real=0.09s
[399.088s][info][gc,start       ] GC(333) Pause Full (System.gc())
[399.088s][info][gc,task        ] GC(333) Using 6 workers of 6 for full compaction
[399.088s][info][gc,phases,start] GC(333) Phase 1: Mark live objects
[399.091s][info][gc,phases      ] GC(333) Phase 1: Mark live objects 3.080ms
[399.091s][info][gc,phases,start] GC(333) Phase 2: Prepare compaction
[399.092s][info][gc,phases      ] GC(333) Phase 2: Prepare compaction 1.241ms
[399.092s][info][gc,phases,start] GC(333) Phase 3: Adjust pointers
[399.095s][info][gc,phases      ] GC(333) Phase 3: Adjust pointers 2.522ms
[399.095s][info][gc,phases,start] GC(333) Phase 4: Compact heap
[399.096s][info][gc,phases      ] GC(333) Phase 4: Compact heap 0.776ms
[399.096s][info][gc,phases,start] GC(333) Phase 5: Reset Metadata
[399.097s][info][gc,phases      ] GC(333) Phase 5: Reset Metadata 0.755ms
[399.103s][info][gc,heap        ] GC(333) Eden regions: 191->0(1168)
[399.103s][info][gc,heap        ] GC(333) Survivor regions: 16->0(71)
[399.103s][info][gc,heap        ] GC(333) Old regions: 820->8
[399.103s][info][gc,heap        ] GC(333) Humongous regions: 10->2
[399.103s][info][gc,metaspace   ] GC(333) Metaspace: 16617K(17024K)->16617K(17024K) NonClass: 14286K(14464K)->14286K(14464K) Class: 2331K(2560K)->2331K(2560K)
[399.103s][info][gc             ] GC(333) Pause Full (System.gc()) 1033M->7M(2048M) 15.349ms
[399.103s][info][gc,cpu         ] GC(333) User=0.02s Sys=0.00s Real=0.02s
[400.551s][info][gc,start       ] GC(334) Pause Young (Normal) (G1 Evacuation Pause)
[400.551s][info][gc,task        ] GC(334) Using 6 workers of 6 for evacuation
[400.553s][info][gc,phases      ] GC(334)   Pre Evacuate Collection Set: 0.3ms
[400.553s][info][gc,phases      ] GC(334)   Merge Heap Roots: 0.2ms
[400.553s][info][gc,phases      ] GC(334)   Evacuate Collection Set: 0.5ms
[400.553s][info][gc,phases      ] GC(334)   Post Evacuate Collection Set: 0.5ms
[400.553s][info][gc,phases      ] GC(334)   Other: 0.1ms
[400.553s][info][gc,heap        ] GC(334) Eden regions: 1228->0(1225)
[400.553s][info][gc,heap        ] GC(334) Survivor regions: 0->3(154)
[400.553s][info][gc,heap        ] GC(334) Old regions: 8->8
[400.553s][info][gc,heap        ] GC(334) Humongous regions: 2->2
[400.553s][info][gc,metaspace   ] GC(334) Metaspace: 16617K(17024K)->16617K(17024K) NonClass: 14286K(14464K)->14286K(14464K) Class: 2331K(2560K)->2331K(2560K)
[400.553s][info][gc             ] GC(334) Pause Young (Normal) (G1 Evacuation Pause) 1235M->9M(2048M) 1.835ms
[400.553s][info][gc,cpu         ] GC(334) User=0.00s Sys=0.00s Real=0.00s
[400.742s][info][gc,start       ] GC(335) Pause Young (Normal) (G1 Evacuation Pause)
[400.743s][info][gc,task        ] GC(335) Using 6 workers of 6 for evacuation
[400.744s][info][gc,phases      ] GC(335)   Pre Evacuate Collection Set: 0.3ms
[400.744s][info][gc,phases      ] GC(335)   Merge Heap Roots: 0.2ms
[400.744s][info][gc,phases      ] GC(335)   Evacuate Collection Set: 0.3ms
[400.744s][info][gc,phases      ] GC(335)   Post Evacuate Collection Set: 0.6ms
[400.744s][info][gc,phases      ] GC(335)   Other: 0.1ms
[400.744s][info][gc,heap        ] GC(335) Eden regions: 1225->0(1226)
[400.744s][info][gc,heap        ] GC(335) Survivor regions: 3->2(154)
[400.744s][info][gc,heap        ] GC(335) Old regions: 8->8
[400.744s][info][gc,heap        ] GC(335) Humongous regions: 2->2
[400.744s][info][gc,metaspace   ] GC(335) Metaspace: 16617K(17024K)->16617K(17024K) NonClass: 14286K(14464K)->14286K(14464K) Class: 2331K(2560K)->2331K(2560K)
[400.744s][info][gc             ] GC(335) Pause Young (Normal) (G1 Evacuation Pause) 1234M->9M(2048M) 1.811ms
[400.744s][info][gc,cpu         ] GC(335) User=0.02s Sys=0.00s Real=0.02s
[404.024s][info][gc,start       ] GC(336) Pause Young (Normal) (G1 Evacuation Pause)
[404.024s][info][gc,task        ] GC(336) Using 6 workers of 6 for evacuation
[404.223s][info][gc,phases      ] GC(336)   Pre Evacuate Collection Set: 0.4ms
[404.223s][info][gc,phases      ] GC(336)   Merge Heap Roots: 0.3ms
[404.223s][info][gc,phases      ] GC(336)   Evacuate Collection Set: 196.9ms
[404.223s][info][gc,phases      ] GC(336)   Post Evacuate Collection Set: 1.3ms
[404.223s][info][gc,phases      ] GC(336)   Other: 0.2ms
[404.223s][info][gc,heap        ] GC(336) Eden regions: 1226->0(884)
[404.223s][info][gc,heap        ] GC(336) Survivor regions: 2->154(154)
[404.223s][info][gc,heap        ] GC(336) Old regions: 8->312
[404.223s][info][gc,heap        ] GC(336) Humongous regions: 4->4
[404.223s][info][gc,metaspace   ] GC(336) Metaspace: 16617K(17024K)->16617K(17024K) NonClass: 14286K(14464K)->14286K(14464K) Class: 2331K(2560K)->2331K(2560K)
[404.223s][info][gc             ] GC(336) Pause Young (Normal) (G1 Evacuation Pause) 1237M->467M(2048M) 199.233ms
[404.223s][info][gc,cpu         ] GC(336) User=1.14s Sys=0.00s Real=0.20s
[404.813s][info][gc,start       ] GC(337) Pause Young (Normal) (G1 Evacuation Pause)
[404.813s][info][gc,task        ] GC(337) Using 6 workers of 6 for evacuation
[405.075s][info][gc,mmu         ] GC(337) MMU target violated: 201.0ms (200.0ms/201.0ms)
[405.075s][info][gc,phases      ] GC(337)   Pre Evacuate Collection Set: 0.5ms
[405.075s][info][gc,phases      ] GC(337)   Merge Heap Roots: 1.6ms
[405.075s][info][gc,phases      ] GC(337)   Evacuate Collection Set: 257.9ms
[405.075s][info][gc,phases      ] GC(337)   Post Evacuate Collection Set: 1.6ms
[405.075s][info][gc,phases      ] GC(337)   Other: 0.3ms
[405.075s][info][gc,heap        ] GC(337) Eden regions: 884->0(546)
[405.075s][info][gc,heap        ] GC(337) Survivor regions: 154->130(130)
[405.075s][info][gc,heap        ] GC(337) Old regions: 312->717
[405.075s][info][gc,heap        ] GC(337) Humongous regions: 7->7
[405.075s][info][gc,metaspace   ] GC(337) Metaspace: 16617K(17024K)->16617K(17024K) NonClass: 14286K(14464K)->14286K(14464K) Class: 2331K(2560K)->2331K(2560K)
[405.075s][info][gc             ] GC(337) Pause Young (Normal) (G1 Evacuation Pause) 1354M->850M(2048M) 262.050ms
[405.075s][info][gc,cpu         ] GC(337) User=1.52s Sys=0.00s Real=0.27s
[405.972s][info][gc,start       ] GC(338) Pause Young (Normal) (G1 Evacuation Pause)
[405.972s][info][gc,task        ] GC(338) Using 6 workers of 6 for evacuation
[406.055s][info][gc,phases      ] GC(338)   Pre Evacuate Collection Set: 0.4ms
[406.055s][info][gc,phases      ] GC(338)   Merge Heap Roots: 1.7ms
[406.055s][info][gc,phases      ] GC(338)   Evacuate Collection Set: 80.2ms
[406.055s][info][gc,phases      ] GC(338)   Post Evacuate Collection Set: 1.4ms
[406.055s][info][gc,phases      ] GC(338)   Other: 0.1ms
[406.055s][info][gc,heap        ] GC(338) Eden regions: 431->0(637)
[406.055s][info][gc,heap        ] GC(338) Survivor regions: 130->11(71)
[406.055s][info][gc,heap        ] GC(338) Old regions: 717->833
[406.055s][info][gc,heap        ] GC(338) Humongous regions: 10->10
[406.055s][info][gc,metaspace   ] GC(338) Metaspace: 16617K(17024K)->16617K(17024K) NonClass: 14286K(14464K)->14286K(14464K) Class: 2331K(2560K)->2331K(2560K)
[406.056s][info][gc             ] GC(338) Pause Young (Normal) (G1 Evacuation Pause) 1284M->850M(2048M) 83.914ms
[406.056s][info][gc,cpu         ] GC(338) User=0.47s Sys=0.00s Real=0.08s
[406.931s][info][gc,start       ] GC(339) Pause Full (System.gc())
[406.932s][info][gc,task        ] GC(339) Using 6 workers of 6 for full compaction
[406.932s][info][gc,phases,start] GC(339) Phase 1: Mark live objects
[406.935s][info][gc,phases      ] GC(339) Phase 1: Mark live objects 2.647ms
[406.935s][info][gc,phases,start] GC(339) Phase 2: Prepare compaction
[406.936s][info][gc,phases      ] GC(339) Phase 2: Prepare compaction 1.306ms
[406.936s][info][gc,phases,start] GC(339) Phase 3: Adjust pointers
[406.938s][info][gc,phases      ] GC(339) Phase 3: Adjust pointers 2.248ms
[406.938s][info][gc,phases,start] GC(339) Phase 4: Compact heap
[406.939s][info][gc,phases      ] GC(339) Phase 4: Compact heap 0.836ms
[406.939s][info][gc,phases,start] GC(339) Phase 5: Reset Metadata
[406.940s][info][gc,phases      ] GC(339) Phase 5: Reset Metadata 0.771ms
[406.946s][info][gc,heap        ] GC(339) Eden regions: 178->0(805)
[406.946s][info][gc,heap        ] GC(339) Survivor regions: 11->0(71)
[406.946s][info][gc,heap        ] GC(339) Old regions: 833->8
[406.946s][info][gc,heap        ] GC(339) Humongous regions: 10->2
[406.946s][info][gc,metaspace   ] GC(339) Metaspace: 16617K(17024K)->16617K(17024K) NonClass: 14286K(14464K)->14286K(14464K) Class: 2331K(2560K)->2331K(2560K)
[406.946s][info][gc             ] GC(339) Pause Full (System.gc()) 1028M->7M(2048M) 14.902ms
[406.946s][info][gc,cpu         ] GC(339) User=0.02s Sys=0.00s Real=0.02s
[408.213s][info][gc,start       ] GC(340) Pause Young (Normal) (G1 Evacuation Pause)
[408.213s][info][gc,task        ] GC(340) Using 6 workers of 6 for evacuation
[408.214s][info][gc,phases      ] GC(340)   Pre Evacuate Collection Set: 0.3ms
[408.214s][info][gc,phases      ] GC(340)   Merge Heap Roots: 0.1ms
[408.214s][info][gc,phases      ] GC(340)   Evacuate Collection Set: 0.3ms
[408.214s][info][gc,phases      ] GC(340)   Post Evacuate Collection Set: 0.5ms
[408.214s][info][gc,phases      ] GC(340)   Other: 0.1ms
[408.214s][info][gc,heap        ] GC(340) Eden regions: 989->0(942)
[408.214s][info][gc,heap        ] GC(340) Survivor regions: 0->3(124)
[408.214s][info][gc,heap        ] GC(340) Old regions: 8->8
[408.214s][info][gc,heap        ] GC(340) Humongous regions: 2->2
[408.214s][info][gc,metaspace   ] GC(340) Metaspace: 16617K(17024K)->16617K(17024K) NonClass: 14286K(14464K)->14286K(14464K) Class: 2331K(2560K)->2331K(2560K)
[408.214s][info][gc             ] GC(340) Pause Young (Normal) (G1 Evacuation Pause) 996M->10M(2048M) 1.574ms
[408.214s][info][gc,cpu         ] GC(340) User=0.00s Sys=0.00s Real=0.00s
[408.384s][info][gc,start       ] GC(341) Pause Young (Normal) (G1 Evacuation Pause)
[408.384s][info][gc,task        ] GC(341) Using 6 workers of 6 for evacuation
[408.385s][info][gc,phases      ] GC(341)   Pre Evacuate Collection Set: 0.3ms
[408.385s][info][gc,phases      ] GC(341)   Merge Heap Roots: 0.2ms
[408.385s][info][gc,phases      ] GC(341)   Evacuate Collection Set: 0.3ms
[408.385s][info][gc,phases      ] GC(341)   Post Evacuate Collection Set: 0.5ms
[408.385s][info][gc,phases      ] GC(341)   Other: 0.1ms
[408.385s][info][gc,heap        ] GC(341) Eden regions: 1104->0(1202)
[408.385s][info][gc,heap        ] GC(341) Survivor regions: 3->2(139)
[408.385s][info][gc,heap        ] GC(341) Old regions: 8->8
[408.385s][info][gc,heap        ] GC(341) Humongous regions: 2->2
[408.385s][info][gc,metaspace   ] GC(341) Metaspace: 16617K(17024K)->16617K(17024K) NonClass: 14286K(14464K)->14286K(14464K) Class: 2331K(2560K)->2331K(2560K)
[408.385s][info][gc             ] GC(341) Pause Young (Normal) (G1 Evacuation Pause) 1114M->9M(2048M) 1.571ms
[408.385s][info][gc,cpu         ] GC(341) User=0.00s Sys=0.00s Real=0.00s
[408.899s][info][gc,start       ] GC(342) Pause Young (Normal) (G1 Evacuation Pause)
[408.900s][info][gc,task        ] GC(342) Using 6 workers of 6 for evacuation
[409.059s][info][gc,phases      ] GC(342)   Pre Evacuate Collection Set: 0.3ms
[409.059s][info][gc,phases      ] GC(342)   Merge Heap Roots: 0.1ms
[409.059s][info][gc,phases      ] GC(342)   Evacuate Collection Set: 157.8ms
[409.059s][info][gc,phases      ] GC(342)   Post Evacuate Collection Set: 1.1ms
[409.059s][info][gc,phases      ] GC(342)   Other: 0.1ms
[409.059s][info][gc,heap        ] GC(342) Eden regions: 1226->0(937)
[409.059s][info][gc,heap        ] GC(342) Survivor regions: 2->154(154)
[409.059s][info][gc,heap        ] GC(342) Old regions: 8->205
[409.059s][info][gc,heap        ] GC(342) Humongous regions: 3->3
[409.059s][info][gc,metaspace   ] GC(342) Metaspace: 16617K(17024K)->16617K(17024K) NonClass: 14286K(14464K)->14286K(14464K) Class: 2331K(2560K)->2331K(2560K)
[409.059s][info][gc             ] GC(342) Pause Young (Normal) (G1 Evacuation Pause) 1236M->358M(2048M) 159.637ms
[409.059s][info][gc,cpu         ] GC(342) User=0.94s Sys=0.00s Real=0.16s
[413.128s][info][gc,start       ] GC(343) Pause Young (Normal) (G1 Evacuation Pause)
[413.128s][info][gc,task        ] GC(343) Using 6 workers of 6 for evacuation
[413.370s][info][gc,mmu         ] GC(343) MMU target violated: 201.0ms (200.0ms/201.0ms)
[413.370s][info][gc,phases      ] GC(343)   Pre Evacuate Collection Set: 0.4ms
[413.370s][info][gc,phases      ] GC(343)   Merge Heap Roots: 1.5ms
[413.370s][info][gc,phases      ] GC(343)   Evacuate Collection Set: 238.1ms
[413.370s][info][gc,phases      ] GC(343)   Post Evacuate Collection Set: 1.9ms
[413.370s][info][gc,phases      ] GC(343)   Other: 0.2ms
[413.370s][info][gc,heap        ] GC(343) Eden regions: 850->0(481)
[413.370s][info][gc,heap        ] GC(343) Survivor regions: 154->126(126)
[413.370s][info][gc,heap        ] GC(343) Old regions: 205->567
[413.370s][info][gc,heap        ] GC(343) Humongous regions: 4->4
[413.370s][info][gc,metaspace   ] GC(343) Metaspace: 16617K(17024K)->16617K(17024K) NonClass: 14286K(14464K)->14286K(14464K) Class: 2331K(2560K)->2331K(2560K)
[413.370s][info][gc             ] GC(343) Pause Young (Normal) (G1 Evacuation Pause) 1209M->693M(2048M) 242.263ms
[413.370s][info][gc,cpu         ] GC(343) User=1.41s Sys=0.00s Real=0.24s
[413.578s][info][gc,start       ] GC(344) Pause Young (Normal) (G1 Evacuation Pause)
[413.578s][info][gc,task        ] GC(344) Using 6 workers of 6 for evacuation
[413.723s][info][gc,phases      ] GC(344)   Pre Evacuate Collection Set: 0.4ms
[413.723s][info][gc,phases      ] GC(344)   Merge Heap Roots: 1.7ms
[413.723s][info][gc,phases      ] GC(344)   Evacuate Collection Set: 141.7ms
[413.723s][info][gc,phases      ] GC(344)   Post Evacuate Collection Set: 0.8ms
[413.723s][info][gc,phases      ] GC(344)   Other: 0.1ms
[413.723s][info][gc,heap        ] GC(344) Eden regions: 327->0(605)
[413.723s][info][gc,heap        ] GC(344) Survivor regions: 126->57(57)
[413.723s][info][gc,heap        ] GC(344) Old regions: 567->773
[413.723s][info][gc,heap        ] GC(344) Humongous regions: 4->4
[413.723s][info][gc,metaspace   ] GC(344) Metaspace: 16617K(17024K)->16617K(17024K) NonClass: 14286K(14464K)->14286K(14464K) Class: 2331K(2560K)->2331K(2560K)
[413.723s][info][gc             ] GC(344) Pause Young (Normal) (G1 Evacuation Pause) 1020M->830M(2048M) 145.010ms
[413.723s][info][gc,cpu         ] GC(344) User=0.81s Sys=0.00s Real=0.14s
[414.942s][info][gc,start       ] GC(345) Pause Young (Normal) (G1 Evacuation Pause)
[414.942s][info][gc,task        ] GC(345) Using 6 workers of 6 for evacuation
[414.992s][info][gc,phases      ] GC(345)   Pre Evacuate Collection Set: 0.5ms
[414.992s][info][gc,phases      ] GC(345)   Merge Heap Roots: 2.8ms
[414.992s][info][gc,phases      ] GC(345)   Evacuate Collection Set: 46.3ms
[414.992s][info][gc,phases      ] GC(345)   Post Evacuate Collection Set: 0.6ms
[414.992s][info][gc,phases      ] GC(345)   Other: 0.1ms
[414.992s][info][gc,heap        ] GC(345) Eden regions: 582->0(661)
[414.992s][info][gc,heap        ] GC(345) Survivor regions: 57->9(80)
[414.992s][info][gc,heap        ] GC(345) Old regions: 773->824
[414.992s][info][gc,heap        ] GC(345) Humongous regions: 10->10
[414.992s][info][gc,metaspace   ] GC(345) Metaspace: 16617K(17024K)->16617K(17024K) NonClass: 14286K(14464K)->14286K(14464K) Class: 2331K(2560K)->2331K(2560K)
[414.992s][info][gc             ] GC(345) Pause Young (Normal) (G1 Evacuation Pause) 1418M->840M(2048M) 50.628ms
[414.992s][info][gc,cpu         ] GC(345) User=0.20s Sys=0.00s Real=0.05s
[415.707s][info][gc,start       ] GC(346) Pause Full (System.gc())
[415.707s][info][gc,task        ] GC(346) Using 6 workers of 6 for full compaction
[415.708s][info][gc,phases,start] GC(346) Phase 1: Mark live objects
[415.711s][info][gc,phases      ] GC(346) Phase 1: Mark live objects 2.752ms
[415.711s][info][gc,phases,start] GC(346) Phase 2: Prepare compaction
[415.712s][info][gc,phases      ] GC(346) Phase 2: Prepare compaction 1.260ms
[415.712s][info][gc,phases,start] GC(346) Phase 3: Adjust pointers
[415.714s][info][gc,phases      ] GC(346) Phase 3: Adjust pointers 2.197ms
[415.714s][info][gc,phases,start] GC(346) Phase 4: Compact heap
[415.715s][info][gc,phases      ] GC(346) Phase 4: Compact heap 0.954ms
[415.715s][info][gc,phases,start] GC(346) Phase 5: Reset Metadata
[415.716s][info][gc,phases      ] GC(346) Phase 5: Reset Metadata 0.746ms
[415.722s][info][gc,heap        ] GC(346) Eden regions: 89->0(904)
[415.722s][info][gc,heap        ] GC(346) Survivor regions: 9->0(80)
[415.722s][info][gc,heap        ] GC(346) Old regions: 824->8
[415.722s][info][gc,heap        ] GC(346) Humongous regions: 10->2
[415.722s][info][gc,metaspace   ] GC(346) Metaspace: 16617K(17024K)->16617K(17024K) NonClass: 14286K(14464K)->14286K(14464K) Class: 2331K(2560K)->2331K(2560K)
[415.722s][info][gc             ] GC(346) Pause Full (System.gc()) 928M->7M(2048M) 14.422ms
[415.722s][info][gc,cpu         ] GC(346) User=0.00s Sys=0.00s Real=0.01s
[417.171s][info][gc,start       ] GC(347) Pause Young (Normal) (G1 Evacuation Pause)
[417.171s][info][gc,task        ] GC(347) Using 6 workers of 6 for evacuation
[417.172s][info][gc,phases      ] GC(347)   Pre Evacuate Collection Set: 0.3ms
[417.172s][info][gc,phases      ] GC(347)   Merge Heap Roots: 0.1ms
[417.172s][info][gc,phases      ] GC(347)   Evacuate Collection Set: 0.3ms
[417.172s][info][gc,phases      ] GC(347)   Post Evacuate Collection Set: 0.5ms
[417.172s][info][gc,phases      ] GC(347)   Other: 0.1ms
[417.172s][info][gc,heap        ] GC(347) Eden regions: 1103->0(1079)
[417.172s][info][gc,heap        ] GC(347) Survivor regions: 0->3(138)
[417.172s][info][gc,heap        ] GC(347) Old regions: 8->8
[417.173s][info][gc,heap        ] GC(347) Humongous regions: 2->2
[417.173s][info][gc,metaspace   ] GC(347) Metaspace: 16617K(17024K)->16617K(17024K) NonClass: 14286K(14464K)->14286K(14464K) Class: 2331K(2560K)->2331K(2560K)
[417.173s][info][gc             ] GC(347) Pause Young (Normal) (G1 Evacuation Pause) 1110M->10M(2048M) 1.627ms
[417.173s][info][gc,cpu         ] GC(347) User=0.00s Sys=0.00s Real=0.00s
[417.362s][info][gc,start       ] GC(348) Pause Young (Normal) (G1 Evacuation Pause)
[417.363s][info][gc,task        ] GC(348) Using 6 workers of 6 for evacuation
[417.364s][info][gc,phases      ] GC(348)   Pre Evacuate Collection Set: 0.3ms
[417.364s][info][gc,phases      ] GC(348)   Merge Heap Roots: 0.2ms
[417.364s][info][gc,phases      ] GC(348)   Evacuate Collection Set: 0.3ms
[417.364s][info][gc,phases      ] GC(348)   Post Evacuate Collection Set: 0.5ms
[417.364s][info][gc,phases      ] GC(348)   Other: 0.1ms
[417.364s][info][gc,heap        ] GC(348) Eden regions: 1218->0(1226)
[417.364s][info][gc,heap        ] GC(348) Survivor regions: 3->2(153)
[417.364s][info][gc,heap        ] GC(348) Old regions: 8->8
[417.364s][info][gc,heap        ] GC(348) Humongous regions: 2->2
[417.364s][info][gc,metaspace   ] GC(348) Metaspace: 16617K(17024K)->16617K(17024K) NonClass: 14286K(14464K)->14286K(14464K) Class: 2331K(2560K)->2331K(2560K)
[417.364s][info][gc             ] GC(348) Pause Young (Normal) (G1 Evacuation Pause) 1228M->8M(2048M) 1.643ms
[417.364s][info][gc,cpu         ] GC(348) User=0.00s Sys=0.00s Real=0.00s
[420.905s][info][gc,start       ] GC(349) Pause Young (Normal) (G1 Evacuation Pause)
[420.905s][info][gc,task        ] GC(349) Using 6 workers of 6 for evacuation
[421.077s][info][gc,phases      ] GC(349)   Pre Evacuate Collection Set: 0.3ms
[421.077s][info][gc,phases      ] GC(349)   Merge Heap Roots: 0.3ms
[421.077s][info][gc,phases      ] GC(349)   Evacuate Collection Set: 169.7ms
[421.077s][info][gc,phases      ] GC(349)   Post Evacuate Collection Set: 1.4ms
[421.077s][info][gc,phases      ] GC(349)   Other: 0.2ms
[421.077s][info][gc,heap        ] GC(349) Eden regions: 1226->0(922)
[421.077s][info][gc,heap        ] GC(349) Survivor regions: 2->154(154)
[421.077s][info][gc,heap        ] GC(349) Old regions: 8->255
[421.077s][info][gc,heap        ] GC(349) Humongous regions: 4->4
[421.077s][info][gc,metaspace   ] GC(349) Metaspace: 16617K(17024K)->16617K(17024K) NonClass: 14286K(14464K)->14286K(14464K) Class: 2331K(2560K)->2331K(2560K)
[421.077s][info][gc             ] GC(349) Pause Young (Normal) (G1 Evacuation Pause) 1236M->409M(2048M) 172.125ms
[421.077s][info][gc,cpu         ] GC(349) User=0.97s Sys=0.00s Real=0.17s
[421.589s][info][gc,start       ] GC(350) Pause Young (Normal) (G1 Evacuation Pause)
[421.589s][info][gc,task        ] GC(350) Using 6 workers of 6 for evacuation
[421.841s][info][gc,mmu         ] GC(350) MMU target violated: 201.0ms (200.0ms/201.0ms)
[421.842s][info][gc,phases      ] GC(350)   Pre Evacuate Collection Set: 0.4ms
[421.842s][info][gc,phases      ] GC(350)   Merge Heap Roots: 1.0ms
[421.842s][info][gc,phases      ] GC(350)   Evacuate Collection Set: 249.6ms
[421.842s][info][gc,phases      ] GC(350)   Post Evacuate Collection Set: 1.1ms
[421.842s][info][gc,phases      ] GC(350)   Other: 0.2ms
[421.842s][info][gc,heap        ] GC(350) Eden regions: 922->0(501)
[421.842s][info][gc,heap        ] GC(350) Survivor regions: 154->135(135)
[421.842s][info][gc,heap        ] GC(350) Old regions: 255->656
[421.842s][info][gc,heap        ] GC(350) Humongous regions: 4->4
[421.842s][info][gc,metaspace   ] GC(350) Metaspace: 16617K(17024K)->16617K(17024K) NonClass: 14286K(14464K)->14286K(14464K) Class: 2331K(2560K)->2331K(2560K)
[421.842s][info][gc             ] GC(350) Pause Young (Normal) (G1 Evacuation Pause) 1331M->792M(2048M) 252.510ms
[421.842s][info][gc,cpu         ] GC(350) User=1.45s Sys=0.00s Real=0.25s
[422.680s][info][gc,start       ] GC(351) Pause Young (Normal) (G1 Evacuation Pause)
[422.680s][info][gc,task        ] GC(351) Using 6 workers of 6 for evacuation
[422.782s][info][gc,phases      ] GC(351)   Pre Evacuate Collection Set: 0.3ms
[422.782s][info][gc,phases      ] GC(351)   Merge Heap Roots: 2.7ms
[422.782s][info][gc,phases      ] GC(351)   Evacuate Collection Set: 97.4ms
[422.782s][info][gc,phases      ] GC(351)   Post Evacuate Collection Set: 1.1ms
[422.782s][info][gc,phases      ] GC(351)   Other: 0.1ms
[422.782s][info][gc,heap        ] GC(351) Eden regions: 390->0(652)
[422.782s][info][gc,heap        ] GC(351) Survivor regions: 135->42(66)
[422.782s][info][gc,heap        ] GC(351) Old regions: 656->787
[422.782s][info][gc,heap        ] GC(351) Humongous regions: 10->10
[422.782s][info][gc,metaspace   ] GC(351) Metaspace: 16617K(17024K)->16617K(17024K) NonClass: 14286K(14464K)->14286K(14464K) Class: 2331K(2560K)->2331K(2560K)
[422.782s][info][gc             ] GC(351) Pause Young (Normal) (G1 Evacuation Pause) 1188M->835M(2048M) 101.847ms
[422.782s][info][gc,cpu         ] GC(351) User=0.56s Sys=0.00s Real=0.11s
[423.900s][info][gc,start       ] GC(352) Pause Full (System.gc())
[423.900s][info][gc,task        ] GC(352) Using 6 workers of 6 for full compaction
[423.900s][info][gc,phases,start] GC(352) Phase 1: Mark live objects
[423.903s][info][gc,phases      ] GC(352) Phase 1: Mark live objects 2.559ms
[423.903s][info][gc,phases,start] GC(352) Phase 2: Prepare compaction
[423.904s][info][gc,phases      ] GC(352) Phase 2: Prepare compaction 0.963ms
[423.904s][info][gc,phases,start] GC(352) Phase 3: Adjust pointers
[423.906s][info][gc,phases      ] GC(352) Phase 3: Adjust pointers 2.327ms
[423.906s][info][gc,phases,start] GC(352) Phase 4: Compact heap
[423.907s][info][gc,phases      ] GC(352) Phase 4: Compact heap 0.897ms
[423.907s][info][gc,phases,start] GC(352) Phase 5: Reset Metadata
[423.908s][info][gc,phases      ] GC(352) Phase 5: Reset Metadata 0.771ms
[423.914s][info][gc,heap        ] GC(352) Eden regions: 313->0(861)
[423.914s][info][gc,heap        ] GC(352) Survivor regions: 42->0(66)
[423.914s][info][gc,heap        ] GC(352) Old regions: 787->8
[423.914s][info][gc,heap        ] GC(352) Humongous regions: 10->2
[423.914s][info][gc,metaspace   ] GC(352) Metaspace: 16617K(17024K)->16617K(17024K) NonClass: 14286K(14464K)->14286K(14464K) Class: 2331K(2560K)->2331K(2560K)
[423.914s][info][gc             ] GC(352) Pause Full (System.gc()) 1148M->7M(2048M) 13.917ms
[423.914s][info][gc,cpu         ] GC(352) User=0.00s Sys=0.00s Real=0.01s
[425.183s][info][gc,start       ] GC(353) Pause Young (Normal) (G1 Evacuation Pause)
[425.183s][info][gc,task        ] GC(353) Using 6 workers of 6 for evacuation
[425.185s][info][gc,phases      ] GC(353)   Pre Evacuate Collection Set: 0.3ms
[425.185s][info][gc,phases      ] GC(353)   Merge Heap Roots: 0.1ms
[425.185s][info][gc,phases      ] GC(353)   Evacuate Collection Set: 0.5ms
[425.185s][info][gc,phases      ] GC(353)   Post Evacuate Collection Set: 0.7ms
[425.185s][info][gc,phases      ] GC(353)   Other: 0.1ms
[425.185s][info][gc,heap        ] GC(353) Eden regions: 1079->0(1144)
[425.185s][info][gc,heap        ] GC(353) Survivor regions: 0->3(135)
[425.185s][info][gc,heap        ] GC(353) Old regions: 8->8
[425.185s][info][gc,heap        ] GC(353) Humongous regions: 2->2
[425.185s][info][gc,metaspace   ] GC(353) Metaspace: 16617K(17024K)->16617K(17024K) NonClass: 14286K(14464K)->14286K(14464K) Class: 2331K(2560K)->2331K(2560K)
[425.185s][info][gc             ] GC(353) Pause Young (Normal) (G1 Evacuation Pause) 1086M->9M(2048M) 2.035ms
[425.185s][info][gc,cpu         ] GC(353) User=0.02s Sys=0.00s Real=0.00s
[425.374s][info][gc,start       ] GC(354) Pause Young (Normal) (G1 Evacuation Pause)
[425.374s][info][gc,task        ] GC(354) Using 6 workers of 6 for evacuation
[425.375s][info][gc,phases      ] GC(354)   Pre Evacuate Collection Set: 0.3ms
[425.375s][info][gc,phases      ] GC(354)   Merge Heap Roots: 0.2ms
[425.375s][info][gc,phases      ] GC(354)   Evacuate Collection Set: 0.3ms
[425.375s][info][gc,phases      ] GC(354)   Post Evacuate Collection Set: 0.6ms
[425.375s][info][gc,phases      ] GC(354)   Other: 0.1ms
[425.375s][info][gc,heap        ] GC(354) Eden regions: 1222->0(1225)
[425.375s][info][gc,heap        ] GC(354) Survivor regions: 3->3(154)
[425.375s][info][gc,heap        ] GC(354) Old regions: 8->8
[425.375s][info][gc,heap        ] GC(354) Humongous regions: 2->2
[425.375s][info][gc,metaspace   ] GC(354) Metaspace: 16617K(17024K)->16617K(17024K) NonClass: 14286K(14464K)->14286K(14464K) Class: 2331K(2560K)->2331K(2560K)
[425.375s][info][gc             ] GC(354) Pause Young (Normal) (G1 Evacuation Pause) 1231M->10M(2048M) 1.715ms
[425.375s][info][gc,cpu         ] GC(354) User=0.00s Sys=0.00s Real=0.00s
[429.126s][info][gc,start       ] GC(355) Pause Young (Normal) (G1 Evacuation Pause)
[429.126s][info][gc,task        ] GC(355) Using 6 workers of 6 for evacuation
[429.293s][info][gc,phases      ] GC(355)   Pre Evacuate Collection Set: 0.3ms
[429.293s][info][gc,phases      ] GC(355)   Merge Heap Roots: 0.2ms
[429.293s][info][gc,phases      ] GC(355)   Evacuate Collection Set: 165.4ms
[429.293s][info][gc,phases      ] GC(355)   Post Evacuate Collection Set: 1.4ms
[429.293s][info][gc,phases      ] GC(355)   Other: 0.1ms
[429.293s][info][gc,heap        ] GC(355) Eden regions: 1225->0(932)
[429.293s][info][gc,heap        ] GC(355) Survivor regions: 3->154(154)
[429.293s][info][gc,heap        ] GC(355) Old regions: 8->249
[429.293s][info][gc,heap        ] GC(355) Humongous regions: 4->4
[429.293s][info][gc,metaspace   ] GC(355) Metaspace: 16617K(17024K)->16617K(17024K) NonClass: 14286K(14464K)->14286K(14464K) Class: 2331K(2560K)->2331K(2560K)
[429.293s][info][gc             ] GC(355) Pause Young (Normal) (G1 Evacuation Pause) 1237M->403M(2048M) 167.609ms
[429.293s][info][gc,cpu         ] GC(355) User=0.98s Sys=0.00s Real=0.16s
[429.809s][info][gc,start       ] GC(356) Pause Young (Normal) (G1 Evacuation Pause)
[429.809s][info][gc,task        ] GC(356) Using 6 workers of 6 for evacuation
[430.062s][info][gc,mmu         ] GC(356) MMU target violated: 201.0ms (200.0ms/201.0ms)
[430.063s][info][gc,phases      ] GC(356)   Pre Evacuate Collection Set: 0.4ms
[430.063s][info][gc,phases      ] GC(356)   Merge Heap Roots: 1.1ms
[430.063s][info][gc,phases      ] GC(356)   Evacuate Collection Set: 250.8ms
[430.063s][info][gc,phases      ] GC(356)   Post Evacuate Collection Set: 1.1ms
[430.063s][info][gc,phases      ] GC(356)   Other: 0.2ms
[430.063s][info][gc,heap        ] GC(356) Eden regions: 932->0(548)
[430.063s][info][gc,heap        ] GC(356) Survivor regions: 154->136(136)
[430.063s][info][gc,heap        ] GC(356) Old regions: 249->654
[430.063s][info][gc,heap        ] GC(356) Humongous regions: 4->4
[430.063s][info][gc,metaspace   ] GC(356) Metaspace: 16617K(17024K)->16617K(17024K) NonClass: 14286K(14464K)->14286K(14464K) Class: 2331K(2560K)->2331K(2560K)
[430.063s][info][gc             ] GC(356) Pause Young (Normal) (G1 Evacuation Pause) 1335M->791M(2048M) 253.733ms
[430.063s][info][gc,cpu         ] GC(356) User=1.48s Sys=0.00s Real=0.25s
[430.917s][info][gc,start       ] GC(357) Pause Young (Normal) (G1 Evacuation Pause)
[430.917s][info][gc,task        ] GC(357) Using 6 workers of 6 for evacuation
[431.017s][info][gc,phases      ] GC(357)   Pre Evacuate Collection Set: 0.6ms
[431.017s][info][gc,phases      ] GC(357)   Merge Heap Roots: 2.5ms
[431.017s][info][gc,phases      ] GC(357)   Evacuate Collection Set: 95.3ms
[431.017s][info][gc,phases      ] GC(357)   Post Evacuate Collection Set: 1.0ms
[431.017s][info][gc,phases      ] GC(357)   Other: 0.1ms
[431.017s][info][gc,heap        ] GC(357) Eden regions: 412->0(654)
[431.017s][info][gc,heap        ] GC(357) Survivor regions: 136->43(69)
[431.017s][info][gc,heap        ] GC(357) Old regions: 654->783
[431.017s][info][gc,heap        ] GC(357) Humongous regions: 10->10
[431.017s][info][gc,metaspace   ] GC(357) Metaspace: 16617K(17024K)->16617K(17024K) NonClass: 14286K(14464K)->14286K(14464K) Class: 2331K(2560K)->2331K(2560K)
[431.017s][info][gc             ] GC(357) Pause Young (Normal) (G1 Evacuation Pause) 1209M->832M(2048M) 99.791ms
[431.017s][info][gc,cpu         ] GC(357) User=0.56s Sys=0.00s Real=0.09s
[432.104s][info][gc,start       ] GC(358) Pause Full (System.gc())
[432.104s][info][gc,task        ] GC(358) Using 6 workers of 6 for full compaction
[432.104s][info][gc,phases,start] GC(358) Phase 1: Mark live objects
[432.107s][info][gc,phases      ] GC(358) Phase 1: Mark live objects 2.711ms
[432.107s][info][gc,phases,start] GC(358) Phase 2: Prepare compaction
[432.108s][info][gc,phases      ] GC(358) Phase 2: Prepare compaction 1.441ms
[432.108s][info][gc,phases,start] GC(358) Phase 3: Adjust pointers
[432.111s][info][gc,phases      ] GC(358) Phase 3: Adjust pointers 2.221ms
[432.111s][info][gc,phases,start] GC(358) Phase 4: Compact heap
[432.112s][info][gc,phases      ] GC(358) Phase 4: Compact heap 1.106ms
[432.112s][info][gc,phases,start] GC(358) Phase 5: Reset Metadata
[432.113s][info][gc,phases      ] GC(358) Phase 5: Reset Metadata 0.772ms
[432.118s][info][gc,heap        ] GC(358) Eden regions: 295->0(915)
[432.118s][info][gc,heap        ] GC(358) Survivor regions: 43->0(69)
[432.118s][info][gc,heap        ] GC(358) Old regions: 783->8
[432.118s][info][gc,heap        ] GC(358) Humongous regions: 10->2
[432.118s][info][gc,metaspace   ] GC(358) Metaspace: 16617K(17024K)->16617K(17024K) NonClass: 14286K(14464K)->14286K(14464K) Class: 2331K(2560K)->2331K(2560K)
[432.118s][info][gc             ] GC(358) Pause Full (System.gc()) 1127M->7M(2048M) 14.457ms
[432.118s][info][gc,cpu         ] GC(358) User=0.03s Sys=0.00s Real=0.02s
[433.329s][info][gc,start       ] GC(359) Pause Young (Normal) (G1 Evacuation Pause)
[433.329s][info][gc,task        ] GC(359) Using 6 workers of 6 for evacuation
[433.330s][info][gc,phases      ] GC(359)   Pre Evacuate Collection Set: 0.3ms
[433.330s][info][gc,phases      ] GC(359)   Merge Heap Roots: 0.1ms
[433.330s][info][gc,phases      ] GC(359)   Evacuate Collection Set: 0.3ms
[433.330s][info][gc,phases      ] GC(359)   Post Evacuate Collection Set: 0.6ms
[433.330s][info][gc,phases      ] GC(359)   Other: 0.1ms
[433.330s][info][gc,heap        ] GC(359) Eden regions: 1109->0(1116)
[433.330s][info][gc,heap        ] GC(359) Survivor regions: 0->3(139)
[433.330s][info][gc,heap        ] GC(359) Old regions: 8->8
[433.330s][info][gc,heap        ] GC(359) Humongous regions: 2->2
[433.330s][info][gc,metaspace   ] GC(359) Metaspace: 16617K(17024K)->16617K(17024K) NonClass: 14286K(14464K)->14286K(14464K) Class: 2331K(2560K)->2331K(2560K)
[433.331s][info][gc             ] GC(359) Pause Young (Normal) (G1 Evacuation Pause) 1116M->10M(2048M) 1.600ms
[433.331s][info][gc,cpu         ] GC(359) User=0.00s Sys=0.00s Real=0.00s
[433.525s][info][gc,start       ] GC(360) Pause Young (Normal) (G1 Evacuation Pause)
[433.526s][info][gc,task        ] GC(360) Using 6 workers of 6 for evacuation
[433.527s][info][gc,phases      ] GC(360)   Pre Evacuate Collection Set: 0.3ms
[433.527s][info][gc,phases      ] GC(360)   Merge Heap Roots: 0.1ms
[433.527s][info][gc,phases      ] GC(360)   Evacuate Collection Set: 0.3ms
[433.527s][info][gc,phases      ] GC(360)   Post Evacuate Collection Set: 0.5ms
[433.527s][info][gc,phases      ] GC(360)   Other: 0.1ms
[433.527s][info][gc,heap        ] GC(360) Eden regions: 1225->0(1225)
[433.527s][info][gc,heap        ] GC(360) Survivor regions: 3->3(154)
[433.527s][info][gc,heap        ] GC(360) Old regions: 8->8
[433.527s][info][gc,heap        ] GC(360) Humongous regions: 2->2
[433.527s][info][gc,metaspace   ] GC(360) Metaspace: 16617K(17024K)->16617K(17024K) NonClass: 14286K(14464K)->14286K(14464K) Class: 2331K(2560K)->2331K(2560K)
[433.527s][info][gc             ] GC(360) Pause Young (Normal) (G1 Evacuation Pause) 1235M->10M(2048M) 1.540ms
[433.527s][info][gc,cpu         ] GC(360) User=0.00s Sys=0.00s Real=0.00s
[436.425s][info][gc,start       ] GC(361) Pause Young (Normal) (G1 Evacuation Pause)
[436.425s][info][gc,task        ] GC(361) Using 6 workers of 6 for evacuation
[436.598s][info][gc,phases      ] GC(361)   Pre Evacuate Collection Set: 0.3ms
[436.598s][info][gc,phases      ] GC(361)   Merge Heap Roots: 0.2ms
[436.598s][info][gc,phases      ] GC(361)   Evacuate Collection Set: 171.4ms
[436.598s][info][gc,phases      ] GC(361)   Post Evacuate Collection Set: 1.5ms
[436.598s][info][gc,phases      ] GC(361)   Other: 0.1ms
[436.598s][info][gc,heap        ] GC(361) Eden regions: 1225->0(918)
[436.598s][info][gc,heap        ] GC(361) Survivor regions: 3->154(154)
[436.598s][info][gc,heap        ] GC(361) Old regions: 8->261
[436.598s][info][gc,heap        ] GC(361) Humongous regions: 4->4
[436.598s][info][gc,metaspace   ] GC(361) Metaspace: 16617K(17024K)->16617K(17024K) NonClass: 14286K(14464K)->14286K(14464K) Class: 2331K(2560K)->2331K(2560K)
[436.598s][info][gc             ] GC(361) Pause Young (Normal) (G1 Evacuation Pause) 1237M->415M(2048M) 173.819ms
[436.598s][info][gc,cpu         ] GC(361) User=1.00s Sys=0.00s Real=0.17s
[437.109s][info][gc,start       ] GC(362) Pause Young (Normal) (G1 Evacuation Pause)
[437.109s][info][gc,task        ] GC(362) Using 6 workers of 6 for evacuation
[437.362s][info][gc,mmu         ] GC(362) MMU target violated: 201.0ms (200.0ms/201.0ms)
[437.362s][info][gc,phases      ] GC(362)   Pre Evacuate Collection Set: 0.4ms
[437.362s][info][gc,phases      ] GC(362)   Merge Heap Roots: 1.2ms
[437.362s][info][gc,phases      ] GC(362)   Evacuate Collection Set: 250.5ms
[437.362s][info][gc,phases      ] GC(362)   Post Evacuate Collection Set: 1.4ms
[437.362s][info][gc,phases      ] GC(362)   Other: 0.3ms
[437.362s][info][gc,heap        ] GC(362) Eden regions: 918->0(559)
[437.362s][info][gc,heap        ] GC(362) Survivor regions: 154->134(134)
[437.362s][info][gc,heap        ] GC(362) Old regions: 261->661
[437.362s][info][gc,heap        ] GC(362) Humongous regions: 4->4
[437.362s][info][gc,metaspace   ] GC(362) Metaspace: 16617K(17024K)->16617K(17024K) NonClass: 14286K(14464K)->14286K(14464K) Class: 2331K(2560K)->2331K(2560K)
[437.363s][info][gc             ] GC(362) Pause Young (Normal) (G1 Evacuation Pause) 1333M->796M(2048M) 253.995ms
[437.363s][info][gc,cpu         ] GC(362) User=1.48s Sys=0.00s Real=0.25s
[438.270s][info][gc,start       ] GC(363) Pause Young (Normal) (G1 Evacuation Pause)
[438.270s][info][gc,task        ] GC(363) Using 6 workers of 6 for evacuation
[438.361s][info][gc,phases      ] GC(363)   Pre Evacuate Collection Set: 0.4ms
[438.361s][info][gc,phases      ] GC(363)   Merge Heap Roots: 2.1ms
[438.361s][info][gc,phases      ] GC(363)   Evacuate Collection Set: 87.5ms
[438.361s][info][gc,phases      ] GC(363)   Post Evacuate Collection Set: 0.9ms
[438.361s][info][gc,phases      ] GC(363)   Other: 0.1ms
[438.361s][info][gc,heap        ] GC(363) Eden regions: 441->0(660)
[438.361s][info][gc,heap        ] GC(363) Survivor regions: 134->33(72)
[438.361s][info][gc,heap        ] GC(363) Old regions: 661->794
[438.361s][info][gc,heap        ] GC(363) Humongous regions: 10->10
[438.361s][info][gc,metaspace   ] GC(363) Metaspace: 16617K(17024K)->16617K(17024K) NonClass: 14286K(14464K)->14286K(14464K) Class: 2331K(2560K)->2331K(2560K)
[438.361s][info][gc             ] GC(363) Pause Young (Normal) (G1 Evacuation Pause) 1243M->833M(2048M) 91.386ms
[438.361s][info][gc,cpu         ] GC(363) User=0.47s Sys=0.00s Real=0.08s
[439.377s][info][gc,start       ] GC(364) Pause Full (System.gc())
[439.377s][info][gc,task        ] GC(364) Using 6 workers of 6 for full compaction
[439.378s][info][gc,phases,start] GC(364) Phase 1: Mark live objects
[439.381s][info][gc,phases      ] GC(364) Phase 1: Mark live objects 2.839ms
[439.381s][info][gc,phases,start] GC(364) Phase 2: Prepare compaction
[439.382s][info][gc,phases      ] GC(364) Phase 2: Prepare compaction 1.499ms
[439.382s][info][gc,phases,start] GC(364) Phase 3: Adjust pointers
[439.385s][info][gc,phases      ] GC(364) Phase 3: Adjust pointers 2.344ms
[439.385s][info][gc,phases,start] GC(364) Phase 4: Compact heap
[439.386s][info][gc,phases      ] GC(364) Phase 4: Compact heap 1.270ms
[439.386s][info][gc,phases,start] GC(364) Phase 5: Reset Metadata
[439.387s][info][gc,phases      ] GC(364) Phase 5: Reset Metadata 0.942ms
[439.392s][info][gc,heap        ] GC(364) Eden regions: 252->0(954)
[439.392s][info][gc,heap        ] GC(364) Survivor regions: 33->0(72)
[439.392s][info][gc,heap        ] GC(364) Old regions: 794->8
[439.392s][info][gc,heap        ] GC(364) Humongous regions: 10->2
[439.392s][info][gc,metaspace   ] GC(364) Metaspace: 16617K(17024K)->16617K(17024K) NonClass: 14286K(14464K)->14286K(14464K) Class: 2331K(2560K)->2331K(2560K)
[439.392s][info][gc             ] GC(364) Pause Full (System.gc()) 1085M->7M(2048M) 15.064ms
[439.392s][info][gc,cpu         ] GC(364) User=0.02s Sys=0.00s Real=0.02s
[440.600s][info][gc,start       ] GC(365) Pause Young (Normal) (G1 Evacuation Pause)
[440.600s][info][gc,task        ] GC(365) Using 6 workers of 6 for evacuation
[440.601s][info][gc,phases      ] GC(365)   Pre Evacuate Collection Set: 0.3ms
[440.601s][info][gc,phases      ] GC(365)   Merge Heap Roots: 0.1ms
[440.601s][info][gc,phases      ] GC(365)   Evacuate Collection Set: 0.3ms
[440.601s][info][gc,phases      ] GC(365)   Post Evacuate Collection Set: 0.5ms
[440.601s][info][gc,phases      ] GC(365)   Other: 0.1ms
[440.601s][info][gc,heap        ] GC(365) Eden regions: 1117->0(1167)
[440.601s][info][gc,heap        ] GC(365) Survivor regions: 0->3(140)
[440.601s][info][gc,heap        ] GC(365) Old regions: 8->8
[440.601s][info][gc,heap        ] GC(365) Humongous regions: 2->2
[440.601s][info][gc,metaspace   ] GC(365) Metaspace: 16617K(17024K)->16617K(17024K) NonClass: 14286K(14464K)->14286K(14464K) Class: 2331K(2560K)->2331K(2560K)
[440.601s][info][gc             ] GC(365) Pause Young (Normal) (G1 Evacuation Pause) 1124M->10M(2048M) 1.583ms
[440.601s][info][gc,cpu         ] GC(365) User=0.00s Sys=0.00s Real=0.00s
[440.789s][info][gc,start       ] GC(366) Pause Young (Normal) (G1 Evacuation Pause)
[440.789s][info][gc,task        ] GC(366) Using 6 workers of 6 for evacuation
[440.790s][info][gc,phases      ] GC(366)   Pre Evacuate Collection Set: 0.3ms
[440.790s][info][gc,phases      ] GC(366)   Merge Heap Roots: 0.1ms
[440.790s][info][gc,phases      ] GC(366)   Evacuate Collection Set: 0.3ms
[440.790s][info][gc,phases      ] GC(366)   Post Evacuate Collection Set: 0.5ms
[440.790s][info][gc,phases      ] GC(366)   Other: 0.1ms
[440.790s][info][gc,heap        ] GC(366) Eden regions: 1225->0(1226)
[440.790s][info][gc,heap        ] GC(366) Survivor regions: 3->2(154)
[440.790s][info][gc,heap        ] GC(366) Old regions: 8->8
[440.790s][info][gc,heap        ] GC(366) Humongous regions: 2->2
[440.790s][info][gc,metaspace   ] GC(366) Metaspace: 16617K(17024K)->16617K(17024K) NonClass: 14286K(14464K)->14286K(14464K) Class: 2331K(2560K)->2331K(2560K)
[440.790s][info][gc             ] GC(366) Pause Young (Normal) (G1 Evacuation Pause) 1235M->9M(2048M) 1.615ms
[440.790s][info][gc,cpu         ] GC(366) User=0.00s Sys=0.00s Real=0.00s
[444.242s][info][gc,start       ] GC(367) Pause Young (Normal) (G1 Evacuation Pause)
[444.242s][info][gc,task        ] GC(367) Using 6 workers of 6 for evacuation
[444.419s][info][gc,phases      ] GC(367)   Pre Evacuate Collection Set: 0.4ms
[444.419s][info][gc,phases      ] GC(367)   Merge Heap Roots: 0.2ms
[444.419s][info][gc,phases      ] GC(367)   Evacuate Collection Set: 174.5ms
[444.419s][info][gc,phases      ] GC(367)   Post Evacuate Collection Set: 1.7ms
[444.419s][info][gc,phases      ] GC(367)   Other: 0.2ms
[444.419s][info][gc,heap        ] GC(367) Eden regions: 1226->0(915)
[444.419s][info][gc,heap        ] GC(367) Survivor regions: 2->154(154)
[444.419s][info][gc,heap        ] GC(367) Old regions: 8->266
[444.419s][info][gc,heap        ] GC(367) Humongous regions: 4->4
[444.419s][info][gc,metaspace   ] GC(367) Metaspace: 16617K(17024K)->16617K(17024K) NonClass: 14286K(14464K)->14286K(14464K) Class: 2331K(2560K)->2331K(2560K)
[444.419s][info][gc             ] GC(367) Pause Young (Normal) (G1 Evacuation Pause) 1237M->421M(2048M) 177.268ms
[444.419s][info][gc,cpu         ] GC(367) User=1.03s Sys=0.00s Real=0.17s
[444.931s][info][gc,start       ] GC(368) Pause Young (Normal) (G1 Evacuation Pause)
[444.931s][info][gc,task        ] GC(368) Using 6 workers of 6 for evacuation
[445.185s][info][gc,mmu         ] GC(368) MMU target violated: 201.0ms (200.0ms/201.0ms)
[445.185s][info][gc,phases      ] GC(368)   Pre Evacuate Collection Set: 0.8ms
[445.185s][info][gc,phases      ] GC(368)   Merge Heap Roots: 1.0ms
[445.185s][info][gc,phases      ] GC(368)   Evacuate Collection Set: 250.9ms
[445.185s][info][gc,phases      ] GC(368)   Post Evacuate Collection Set: 1.1ms
[445.185s][info][gc,phases      ] GC(368)   Other: 0.2ms
[445.185s][info][gc,heap        ] GC(368) Eden regions: 915->0(561)
[445.185s][info][gc,heap        ] GC(368) Survivor regions: 154->134(134)
[445.185s][info][gc,heap        ] GC(368) Old regions: 266->666
[445.185s][info][gc,heap        ] GC(368) Humongous regions: 4->4
[445.185s][info][gc,metaspace   ] GC(368) Metaspace: 16617K(17024K)->16617K(17024K) NonClass: 14286K(14464K)->14286K(14464K) Class: 2331K(2560K)->2331K(2560K)
[445.185s][info][gc             ] GC(368) Pause Young (Normal) (G1 Evacuation Pause) 1336M->801M(2048M) 254.241ms
[445.185s][info][gc,cpu         ] GC(368) User=1.52s Sys=0.00s Real=0.27s
[446.099s][info][gc,start       ] GC(369) Pause Young (Normal) (G1 Evacuation Pause)
[446.099s][info][gc,task        ] GC(369) Using 6 workers of 6 for evacuation
[446.190s][info][gc,phases      ] GC(369)   Pre Evacuate Collection Set: 0.4ms
[446.190s][info][gc,phases      ] GC(369)   Merge Heap Roots: 2.4ms
[446.190s][info][gc,phases      ] GC(369)   Evacuate Collection Set: 87.0ms
[446.190s][info][gc,phases      ] GC(369)   Post Evacuate Collection Set: 0.8ms
[446.190s][info][gc,phases      ] GC(369)   Other: 0.1ms
[446.190s][info][gc,heap        ] GC(369) Eden regions: 434->0(664)
[446.190s][info][gc,heap        ] GC(369) Survivor regions: 134->29(71)
[446.190s][info][gc,heap        ] GC(369) Old regions: 666->796
[446.190s][info][gc,heap        ] GC(369) Humongous regions: 10->10
[446.190s][info][gc,metaspace   ] GC(369) Metaspace: 16617K(17024K)->16617K(17024K) NonClass: 14286K(14464K)->14286K(14464K) Class: 2331K(2560K)->2331K(2560K)
[446.190s][info][gc             ] GC(369) Pause Young (Normal) (G1 Evacuation Pause) 1241M->831M(2048M) 91.019ms
[446.190s][info][gc,cpu         ] GC(369) User=0.47s Sys=0.00s Real=0.08s
[447.180s][info][gc,start       ] GC(370) Pause Full (System.gc())
[447.180s][info][gc,task        ] GC(370) Using 6 workers of 6 for full compaction
[447.180s][info][gc,phases,start] GC(370) Phase 1: Mark live objects
[447.183s][info][gc,phases      ] GC(370) Phase 1: Mark live objects 3.096ms
[447.183s][info][gc,phases,start] GC(370) Phase 2: Prepare compaction
[447.185s][info][gc,phases      ] GC(370) Phase 2: Prepare compaction 1.480ms
[447.185s][info][gc,phases,start] GC(370) Phase 3: Adjust pointers
[447.188s][info][gc,phases      ] GC(370) Phase 3: Adjust pointers 2.657ms
[447.188s][info][gc,phases,start] GC(370) Phase 4: Compact heap
[447.189s][info][gc,phases      ] GC(370) Phase 4: Compact heap 1.080ms
[447.189s][info][gc,phases,start] GC(370) Phase 5: Reset Metadata
[447.190s][info][gc,phases      ] GC(370) Phase 5: Reset Metadata 0.891ms
[447.195s][info][gc,heap        ] GC(370) Eden regions: 250->0(947)
[447.195s][info][gc,heap        ] GC(370) Survivor regions: 29->0(71)
[447.195s][info][gc,heap        ] GC(370) Old regions: 796->8
[447.196s][info][gc,heap        ] GC(370) Humongous regions: 10->2
[447.196s][info][gc,metaspace   ] GC(370) Metaspace: 16617K(17024K)->16617K(17024K) NonClass: 14286K(14464K)->14286K(14464K) Class: 2331K(2560K)->2331K(2560K)
[447.196s][info][gc             ] GC(370) Pause Full (System.gc()) 1081M->7M(2048M) 15.708ms
[447.196s][info][gc,cpu         ] GC(370) User=0.02s Sys=0.00s Real=0.01s
[448.414s][info][gc,start       ] GC(371) Pause Young (Normal) (G1 Evacuation Pause)
[448.414s][info][gc,task        ] GC(371) Using 6 workers of 6 for evacuation
[448.415s][info][gc,phases      ] GC(371)   Pre Evacuate Collection Set: 0.3ms
[448.415s][info][gc,phases      ] GC(371)   Merge Heap Roots: 0.1ms
[448.415s][info][gc,phases      ] GC(371)   Evacuate Collection Set: 0.3ms
[448.415s][info][gc,phases      ] GC(371)   Post Evacuate Collection Set: 0.5ms
[448.415s][info][gc,phases      ] GC(371)   Other: 0.1ms
[448.415s][info][gc,heap        ] GC(371) Eden regions: 1119->0(1171)
[448.415s][info][gc,heap        ] GC(371) Survivor regions: 0->3(140)
[448.415s][info][gc,heap        ] GC(371) Old regions: 8->8
[448.415s][info][gc,heap        ] GC(371) Humongous regions: 2->2
[448.415s][info][gc,metaspace   ] GC(371) Metaspace: 16617K(17024K)->16617K(17024K) NonClass: 14286K(14464K)->14286K(14464K) Class: 2331K(2560K)->2331K(2560K)
[448.415s][info][gc             ] GC(371) Pause Young (Normal) (G1 Evacuation Pause) 1126M->10M(2048M) 1.609ms
[448.415s][info][gc,cpu         ] GC(371) User=0.00s Sys=0.00s Real=0.00s
[448.609s][info][gc,start       ] GC(372) Pause Young (Normal) (G1 Evacuation Pause)
[448.609s][info][gc,task        ] GC(372) Using 6 workers of 6 for evacuation
[448.611s][info][gc,phases      ] GC(372)   Pre Evacuate Collection Set: 0.3ms
[448.611s][info][gc,phases      ] GC(372)   Merge Heap Roots: 0.2ms
[448.611s][info][gc,phases      ] GC(372)   Evacuate Collection Set: 0.3ms
[448.611s][info][gc,phases      ] GC(372)   Post Evacuate Collection Set: 0.5ms
[448.611s][info][gc,phases      ] GC(372)   Other: 0.1ms
[448.611s][info][gc,heap        ] GC(372) Eden regions: 1225->0(1226)
[448.611s][info][gc,heap        ] GC(372) Survivor regions: 3->2(154)
[448.611s][info][gc,heap        ] GC(372) Old regions: 8->8
[448.611s][info][gc,heap        ] GC(372) Humongous regions: 2->2
[448.611s][info][gc,metaspace   ] GC(372) Metaspace: 16617K(17024K)->16617K(17024K) NonClass: 14286K(14464K)->14286K(14464K) Class: 2331K(2560K)->2331K(2560K)
[448.611s][info][gc             ] GC(372) Pause Young (Normal) (G1 Evacuation Pause) 1235M->9M(2048M) 1.653ms
[448.611s][info][gc,cpu         ] GC(372) User=0.00s Sys=0.00s Real=0.00s
[452.028s][info][gc,start       ] GC(373) Pause Young (Normal) (G1 Evacuation Pause)
[452.028s][info][gc,task        ] GC(373) Using 6 workers of 6 for evacuation
[452.204s][info][gc,phases      ] GC(373)   Pre Evacuate Collection Set: 0.4ms
[452.204s][info][gc,phases      ] GC(373)   Merge Heap Roots: 0.2ms
[452.204s][info][gc,phases      ] GC(373)   Evacuate Collection Set: 173.9ms
[452.204s][info][gc,phases      ] GC(373)   Post Evacuate Collection Set: 1.5ms
[452.204s][info][gc,phases      ] GC(373)   Other: 0.2ms
[452.204s][info][gc,heap        ] GC(373) Eden regions: 1226->0(916)
[452.204s][info][gc,heap        ] GC(373) Survivor regions: 2->154(154)
[452.204s][info][gc,heap        ] GC(373) Old regions: 8->266
[452.204s][info][gc,heap        ] GC(373) Humongous regions: 4->4
[452.204s][info][gc,metaspace   ] GC(373) Metaspace: 16617K(17024K)->16617K(17024K) NonClass: 14286K(14464K)->14286K(14464K) Class: 2331K(2560K)->2331K(2560K)
[452.204s][info][gc             ] GC(373) Pause Young (Normal) (G1 Evacuation Pause) 1237M->420M(2048M) 176.539ms
[452.204s][info][gc,cpu         ] GC(373) User=1.02s Sys=0.00s Real=0.18s
[452.714s][info][gc,start       ] GC(374) Pause Young (Normal) (G1 Evacuation Pause)
[452.714s][info][gc,task        ] GC(374) Using 6 workers of 6 for evacuation
[452.967s][info][gc,mmu         ] GC(374) MMU target violated: 201.0ms (200.0ms/201.0ms)
[452.967s][info][gc,phases      ] GC(374)   Pre Evacuate Collection Set: 0.4ms
[452.967s][info][gc,phases      ] GC(374)   Merge Heap Roots: 1.2ms
[452.967s][info][gc,phases      ] GC(374)   Evacuate Collection Set: 250.5ms
[452.968s][info][gc,phases      ] GC(374)   Post Evacuate Collection Set: 1.2ms
[452.968s][info][gc,phases      ] GC(374)   Other: 0.2ms
[452.968s][info][gc,heap        ] GC(374) Eden regions: 916->0(548)
[452.968s][info][gc,heap        ] GC(374) Survivor regions: 154->134(134)
[452.968s][info][gc,heap        ] GC(374) Old regions: 266->666
[452.968s][info][gc,heap        ] GC(374) Humongous regions: 4->4
[452.968s][info][gc,metaspace   ] GC(374) Metaspace: 16617K(17024K)->16617K(17024K) NonClass: 14286K(14464K)->14286K(14464K) Class: 2331K(2560K)->2331K(2560K)
[452.968s][info][gc             ] GC(374) Pause Young (Normal) (G1 Evacuation Pause) 1336M->801M(2048M) 253.698ms
[452.968s][info][gc,cpu         ] GC(374) User=1.47s Sys=0.00s Real=0.25s
[453.842s][info][gc,start       ] GC(375) Pause Young (Normal) (G1 Evacuation Pause)
[453.842s][info][gc,task        ] GC(375) Using 6 workers of 6 for evacuation
[453.934s][info][gc,phases      ] GC(375)   Pre Evacuate Collection Set: 0.6ms
[453.934s][info][gc,phases      ] GC(375)   Merge Heap Roots: 2.6ms
[453.934s][info][gc,phases      ] GC(375)   Evacuate Collection Set: 88.1ms
[453.934s][info][gc,phases      ] GC(375)   Post Evacuate Collection Set: 0.9ms
[453.934s][info][gc,phases      ] GC(375)   Other: 0.1ms
[453.934s][info][gc,heap        ] GC(375) Eden regions: 418->0(663)
[453.934s][info][gc,heap        ] GC(375) Survivor regions: 134->30(69)
[453.934s][info][gc,heap        ] GC(375) Old regions: 666->794
[453.934s][info][gc,heap        ] GC(375) Humongous regions: 10->10
[453.934s][info][gc,metaspace   ] GC(375) Metaspace: 16617K(17024K)->16617K(17024K) NonClass: 14286K(14464K)->14286K(14464K) Class: 2331K(2560K)->2331K(2560K)
[453.934s][info][gc             ] GC(375) Pause Young (Normal) (G1 Evacuation Pause) 1225M->831M(2048M) 92.563ms
[453.934s][info][gc,cpu         ] GC(375) User=0.48s Sys=0.00s Real=0.09s
[454.964s][info][gc,start       ] GC(376) Pause Full (System.gc())
[454.964s][info][gc,task        ] GC(376) Using 6 workers of 6 for full compaction
[454.964s][info][gc,phases,start] GC(376) Phase 1: Mark live objects
[454.967s][info][gc,phases      ] GC(376) Phase 1: Mark live objects 2.648ms
[454.967s][info][gc,phases,start] GC(376) Phase 2: Prepare compaction
[454.968s][info][gc,phases      ] GC(376) Phase 2: Prepare compaction 1.252ms
[454.968s][info][gc,phases,start] GC(376) Phase 3: Adjust pointers
[454.970s][info][gc,phases      ] GC(376) Phase 3: Adjust pointers 2.370ms
[454.971s][info][gc,phases,start] GC(376) Phase 4: Compact heap
[454.972s][info][gc,phases      ] GC(376) Phase 4: Compact heap 1.366ms
[454.972s][info][gc,phases,start] GC(376) Phase 5: Reset Metadata
[454.973s][info][gc,phases      ] GC(376) Phase 5: Reset Metadata 0.934ms
[454.979s][info][gc,heap        ] GC(376) Eden regions: 265->0(920)
[454.979s][info][gc,heap        ] GC(376) Survivor regions: 30->0(69)
[454.979s][info][gc,heap        ] GC(376) Old regions: 794->8
[454.979s][info][gc,heap        ] GC(376) Humongous regions: 10->2
[454.979s][info][gc,metaspace   ] GC(376) Metaspace: 16617K(17024K)->16617K(17024K) NonClass: 14286K(14464K)->14286K(14464K) Class: 2331K(2560K)->2331K(2560K)
[454.979s][info][gc             ] GC(376) Pause Full (System.gc()) 1096M->7M(2048M) 14.933ms
[454.979s][info][gc,cpu         ] GC(376) User=0.00s Sys=0.00s Real=0.02s
[456.190s][info][gc,start       ] GC(377) Pause Young (Normal) (G1 Evacuation Pause)
[456.190s][info][gc,task        ] GC(377) Using 6 workers of 6 for evacuation
[456.191s][info][gc,phases      ] GC(377)   Pre Evacuate Collection Set: 0.3ms
[456.191s][info][gc,phases      ] GC(377)   Merge Heap Roots: 0.1ms
[456.191s][info][gc,phases      ] GC(377)   Evacuate Collection Set: 0.3ms
[456.191s][info][gc,phases      ] GC(377)   Post Evacuate Collection Set: 0.5ms
[456.191s][info][gc,phases      ] GC(377)   Other: 0.1ms
[456.191s][info][gc,heap        ] GC(377) Eden regions: 1117->0(1116)
[456.191s][info][gc,heap        ] GC(377) Survivor regions: 0->3(140)
[456.191s][info][gc,heap        ] GC(377) Old regions: 8->8
[456.191s][info][gc,heap        ] GC(377) Humongous regions: 2->2
[456.191s][info][gc,metaspace   ] GC(377) Metaspace: 16617K(17024K)->16617K(17024K) NonClass: 14286K(14464K)->14286K(14464K) Class: 2331K(2560K)->2331K(2560K)
[456.191s][info][gc             ] GC(377) Pause Young (Normal) (G1 Evacuation Pause) 1124M->10M(2048M) 1.634ms
[456.191s][info][gc,cpu         ] GC(377) User=0.00s Sys=0.00s Real=0.00s
[456.384s][info][gc,start       ] GC(378) Pause Young (Normal) (G1 Evacuation Pause)
[456.384s][info][gc,task        ] GC(378) Using 6 workers of 6 for evacuation
[456.386s][info][gc,phases      ] GC(378)   Pre Evacuate Collection Set: 0.3ms
[456.386s][info][gc,phases      ] GC(378)   Merge Heap Roots: 0.2ms
[456.386s][info][gc,phases      ] GC(378)   Evacuate Collection Set: 0.3ms
[456.386s][info][gc,phases      ] GC(378)   Post Evacuate Collection Set: 0.5ms
[456.386s][info][gc,phases      ] GC(378)   Other: 0.1ms
[456.386s][info][gc,heap        ] GC(378) Eden regions: 1225->0(1226)
[456.386s][info][gc,heap        ] GC(378) Survivor regions: 3->2(154)
[456.386s][info][gc,heap        ] GC(378) Old regions: 8->8
[456.386s][info][gc,heap        ] GC(378) Humongous regions: 2->2
[456.386s][info][gc,metaspace   ] GC(378) Metaspace: 16617K(17024K)->16617K(17024K) NonClass: 14286K(14464K)->14286K(14464K) Class: 2331K(2560K)->2331K(2560K)
[456.386s][info][gc             ] GC(378) Pause Young (Normal) (G1 Evacuation Pause) 1235M->9M(2048M) 1.619ms
[456.386s][info][gc,cpu         ] GC(378) User=0.00s Sys=0.00s Real=0.00s
[459.249s][info][gc,start       ] GC(379) Pause Young (Normal) (G1 Evacuation Pause)
[459.250s][info][gc,task        ] GC(379) Using 6 workers of 6 for evacuation
[459.424s][info][gc,phases      ] GC(379)   Pre Evacuate Collection Set: 0.4ms
[459.424s][info][gc,phases      ] GC(379)   Merge Heap Roots: 0.2ms
[459.424s][info][gc,phases      ] GC(379)   Evacuate Collection Set: 172.6ms
[459.424s][info][gc,phases      ] GC(379)   Post Evacuate Collection Set: 1.5ms
[459.424s][info][gc,phases      ] GC(379)   Other: 0.2ms
[459.424s][info][gc,heap        ] GC(379) Eden regions: 1226->0(918)
[459.425s][info][gc,heap        ] GC(379) Survivor regions: 2->154(154)
[459.425s][info][gc,heap        ] GC(379) Old regions: 8->264
[459.425s][info][gc,heap        ] GC(379) Humongous regions: 4->4
[459.425s][info][gc,metaspace   ] GC(379) Metaspace: 16617K(17024K)->16617K(17024K) NonClass: 14286K(14464K)->14286K(14464K) Class: 2331K(2560K)->2331K(2560K)
[459.425s][info][gc             ] GC(379) Pause Young (Normal) (G1 Evacuation Pause) 1237M->418M(2048M) 175.126ms
[459.425s][info][gc,cpu         ] GC(379) User=1.02s Sys=0.00s Real=0.18s
[459.937s][info][gc,start       ] GC(380) Pause Young (Normal) (G1 Evacuation Pause)
[459.937s][info][gc,task        ] GC(380) Using 6 workers of 6 for evacuation
[460.185s][info][gc,mmu         ] GC(380) MMU target violated: 201.0ms (200.0ms/201.0ms)
[460.185s][info][gc,phases      ] GC(380)   Pre Evacuate Collection Set: 0.4ms
[460.185s][info][gc,phases      ] GC(380)   Merge Heap Roots: 1.0ms
[460.185s][info][gc,phases      ] GC(380)   Evacuate Collection Set: 245.7ms
[460.185s][info][gc,phases      ] GC(380)   Post Evacuate Collection Set: 1.2ms
[460.185s][info][gc,phases      ] GC(380)   Other: 0.2ms
[460.185s][info][gc,heap        ] GC(380) Eden regions: 918->0(555)
[460.185s][info][gc,heap        ] GC(380) Survivor regions: 154->134(134)
[460.185s][info][gc,heap        ] GC(380) Old regions: 264->664
[460.185s][info][gc,heap        ] GC(380) Humongous regions: 4->4
[460.185s][info][gc,metaspace   ] GC(380) Metaspace: 16617K(17024K)->16617K(17024K) NonClass: 14286K(14464K)->14286K(14464K) Class: 2331K(2560K)->2331K(2560K)
[460.185s][info][gc             ] GC(380) Pause Young (Normal) (G1 Evacuation Pause) 1336M->799M(2048M) 248.537ms
[460.185s][info][gc,cpu         ] GC(380) User=1.42s Sys=0.00s Real=0.24s
[461.090s][info][gc,start       ] GC(381) Pause Young (Normal) (G1 Evacuation Pause)
[461.091s][info][gc,task        ] GC(381) Using 6 workers of 6 for evacuation
[461.183s][info][gc,phases      ] GC(381)   Pre Evacuate Collection Set: 0.3ms
[461.183s][info][gc,phases      ] GC(381)   Merge Heap Roots: 2.8ms
[461.183s][info][gc,phases      ] GC(381)   Evacuate Collection Set: 88.6ms
[461.183s][info][gc,phases      ] GC(381)   Post Evacuate Collection Set: 0.9ms
[461.183s][info][gc,phases      ] GC(381)   Other: 0.1ms
[461.183s][info][gc,heap        ] GC(381) Eden regions: 428->0(662)
[461.183s][info][gc,heap        ] GC(381) Survivor regions: 134->32(71)
[461.183s][info][gc,heap        ] GC(381) Old regions: 664->793
[461.183s][info][gc,heap        ] GC(381) Humongous regions: 10->10
[461.183s][info][gc,metaspace   ] GC(381) Metaspace: 16617K(17024K)->16617K(17024K) NonClass: 14286K(14464K)->14286K(14464K) Class: 2331K(2560K)->2331K(2560K)
[461.183s][info][gc             ] GC(381) Pause Young (Normal) (G1 Evacuation Pause) 1233M->831M(2048M) 92.904ms
[461.183s][info][gc,cpu         ] GC(381) User=0.48s Sys=0.00s Real=0.09s
[462.207s][info][gc,start       ] GC(382) Pause Full (System.gc())
[462.207s][info][gc,task        ] GC(382) Using 6 workers of 6 for full compaction
[462.207s][info][gc,phases,start] GC(382) Phase 1: Mark live objects
[462.210s][info][gc,phases      ] GC(382) Phase 1: Mark live objects 2.747ms
[462.210s][info][gc,phases,start] GC(382) Phase 2: Prepare compaction
[462.211s][info][gc,phases      ] GC(382) Phase 2: Prepare compaction 1.384ms
[462.211s][info][gc,phases,start] GC(382) Phase 3: Adjust pointers
[462.215s][info][gc,phases      ] GC(382) Phase 3: Adjust pointers 3.185ms
[462.215s][info][gc,phases,start] GC(382) Phase 4: Compact heap
[462.216s][info][gc,phases      ] GC(382) Phase 4: Compact heap 1.128ms
[462.216s][info][gc,phases,start] GC(382) Phase 5: Reset Metadata
[462.217s][info][gc,phases      ] GC(382) Phase 5: Reset Metadata 0.752ms
[462.222s][info][gc,heap        ] GC(382) Eden regions: 261->0(933)
[462.222s][info][gc,heap        ] GC(382) Survivor regions: 32->0(71)
[462.222s][info][gc,heap        ] GC(382) Old regions: 793->8
[462.222s][info][gc,heap        ] GC(382) Humongous regions: 10->2
[462.222s][info][gc,metaspace   ] GC(382) Metaspace: 16617K(17024K)->16617K(17024K) NonClass: 14286K(14464K)->14286K(14464K) Class: 2331K(2560K)->2331K(2560K)
[462.222s][info][gc             ] GC(382) Pause Full (System.gc()) 1092M->7M(2048M) 15.367ms
[462.222s][info][gc,cpu         ] GC(382) User=0.00s Sys=0.00s Real=0.02s
[463.439s][info][gc,start       ] GC(383) Pause Young (Normal) (G1 Evacuation Pause)
[463.439s][info][gc,task        ] GC(383) Using 6 workers of 6 for evacuation
[463.441s][info][gc,phases      ] GC(383)   Pre Evacuate Collection Set: 0.3ms
[463.441s][info][gc,phases      ] GC(383)   Merge Heap Roots: 0.1ms
[463.441s][info][gc,phases      ] GC(383)   Evacuate Collection Set: 0.3ms
[463.441s][info][gc,phases      ] GC(383)   Post Evacuate Collection Set: 0.5ms
[463.441s][info][gc,phases      ] GC(383)   Other: 0.1ms
[463.441s][info][gc,heap        ] GC(383) Eden regions: 1117->0(1128)
[463.441s][info][gc,heap        ] GC(383) Survivor regions: 0->3(140)
[463.441s][info][gc,heap        ] GC(383) Old regions: 8->8
[463.441s][info][gc,heap        ] GC(383) Humongous regions: 2->2
[463.441s][info][gc,metaspace   ] GC(383) Metaspace: 16617K(17024K)->16617K(17024K) NonClass: 14286K(14464K)->14286K(14464K) Class: 2331K(2560K)->2331K(2560K)
[463.441s][info][gc             ] GC(383) Pause Young (Normal) (G1 Evacuation Pause) 1124M->10M(2048M) 1.562ms
[463.441s][info][gc,cpu         ] GC(383) User=0.00s Sys=0.00s Real=0.00s
[463.639s][info][gc,start       ] GC(384) Pause Young (Normal) (G1 Evacuation Pause)
[463.639s][info][gc,task        ] GC(384) Using 6 workers of 6 for evacuation
[463.641s][info][gc,phases      ] GC(384)   Pre Evacuate Collection Set: 0.3ms
[463.641s][info][gc,phases      ] GC(384)   Merge Heap Roots: 0.2ms
[463.641s][info][gc,phases      ] GC(384)   Evacuate Collection Set: 0.5ms
[463.641s][info][gc,phases      ] GC(384)   Post Evacuate Collection Set: 0.6ms
[463.641s][info][gc,phases      ] GC(384)   Other: 0.2ms
[463.641s][info][gc,heap        ] GC(384) Eden regions: 1225->0(1226)
[463.641s][info][gc,heap        ] GC(384) Survivor regions: 3->2(154)
[463.641s][info][gc,heap        ] GC(384) Old regions: 8->8
[463.641s][info][gc,heap        ] GC(384) Humongous regions: 2->2
[463.641s][info][gc,metaspace   ] GC(384) Metaspace: 16617K(17024K)->16617K(17024K) NonClass: 14286K(14464K)->14286K(14464K) Class: 2331K(2560K)->2331K(2560K)
[463.641s][info][gc             ] GC(384) Pause Young (Normal) (G1 Evacuation Pause) 1235M->9M(2048M) 2.025ms
[463.641s][info][gc,cpu         ] GC(384) User=0.00s Sys=0.00s Real=0.01s
[466.562s][info][gc,start       ] GC(385) Pause Young (Normal) (G1 Evacuation Pause)
[466.562s][info][gc,task        ] GC(385) Using 6 workers of 6 for evacuation
[466.736s][info][gc,phases      ] GC(385)   Pre Evacuate Collection Set: 0.4ms
[466.737s][info][gc,phases      ] GC(385)   Merge Heap Roots: 0.2ms
[466.737s][info][gc,phases      ] GC(385)   Evacuate Collection Set: 172.1ms
[466.737s][info][gc,phases      ] GC(385)   Post Evacuate Collection Set: 1.4ms
[466.737s][info][gc,phases      ] GC(385)   Other: 0.1ms
[466.737s][info][gc,heap        ] GC(385) Eden regions: 1226->0(919)
[466.737s][info][gc,heap        ] GC(385) Survivor regions: 2->154(154)
[466.737s][info][gc,heap        ] GC(385) Old regions: 8->263
[466.737s][info][gc,heap        ] GC(385) Humongous regions: 4->4
[466.737s][info][gc,metaspace   ] GC(385) Metaspace: 16617K(17024K)->16617K(17024K) NonClass: 14286K(14464K)->14286K(14464K) Class: 2331K(2560K)->2331K(2560K)
[466.737s][info][gc             ] GC(385) Pause Young (Normal) (G1 Evacuation Pause) 1237M->418M(2048M) 174.494ms
[466.737s][info][gc,cpu         ] GC(385) User=0.97s Sys=0.00s Real=0.18s
[467.245s][info][gc,start       ] GC(386) Pause Young (Normal) (G1 Evacuation Pause)
[467.246s][info][gc,task        ] GC(386) Using 6 workers of 6 for evacuation
[467.496s][info][gc,mmu         ] GC(386) MMU target violated: 201.0ms (200.0ms/201.0ms)
[467.496s][info][gc,phases      ] GC(386)   Pre Evacuate Collection Set: 0.7ms
[467.496s][info][gc,phases      ] GC(386)   Merge Heap Roots: 1.0ms
[467.496s][info][gc,phases      ] GC(386)   Evacuate Collection Set: 247.2ms
[467.496s][info][gc,phases      ] GC(386)   Post Evacuate Collection Set: 1.2ms
[467.496s][info][gc,phases      ] GC(386)   Other: 0.3ms
[467.496s][info][gc,heap        ] GC(386) Eden regions: 919->0(527)
[467.496s][info][gc,heap        ] GC(386) Survivor regions: 154->135(135)
[467.496s][info][gc,heap        ] GC(386) Old regions: 263->663
[467.496s][info][gc,heap        ] GC(386) Humongous regions: 4->4
[467.496s][info][gc,metaspace   ] GC(386) Metaspace: 16617K(17024K)->16617K(17024K) NonClass: 14286K(14464K)->14286K(14464K) Class: 2331K(2560K)->2331K(2560K)
[467.496s][info][gc             ] GC(386) Pause Young (Normal) (G1 Evacuation Pause) 1337M->799M(2048M) 250.616ms
[467.496s][info][gc,cpu         ] GC(386) User=1.33s Sys=0.00s Real=0.26s
[468.376s][info][gc,start       ] GC(387) Pause Young (Normal) (G1 Evacuation Pause)
[468.376s][info][gc,task        ] GC(387) Using 6 workers of 6 for evacuation
[468.470s][info][gc,phases      ] GC(387)   Pre Evacuate Collection Set: 0.2ms
[468.470s][info][gc,phases      ] GC(387)   Merge Heap Roots: 2.4ms
[468.470s][info][gc,phases      ] GC(387)   Evacuate Collection Set: 90.9ms
[468.470s][info][gc,phases      ] GC(387)   Post Evacuate Collection Set: 0.9ms
[468.470s][info][gc,phases      ] GC(387)   Other: 0.1ms
[468.470s][info][gc,heap        ] GC(387) Eden regions: 408->0(659)
[468.470s][info][gc,heap        ] GC(387) Survivor regions: 135->33(68)
[468.471s][info][gc,heap        ] GC(387) Old regions: 663->793
[468.471s][info][gc,heap        ] GC(387) Humongous regions: 10->10
[468.471s][info][gc,metaspace   ] GC(387) Metaspace: 16617K(17024K)->16617K(17024K) NonClass: 14286K(14464K)->14286K(14464K) Class: 2331K(2560K)->2331K(2560K)
[468.471s][info][gc             ] GC(387) Pause Young (Normal) (G1 Evacuation Pause) 1213M->832M(2048M) 94.792ms
[468.471s][info][gc,cpu         ] GC(387) User=0.48s Sys=0.00s Real=0.10s
[469.548s][info][gc,start       ] GC(388) Pause Full (System.gc())
[469.548s][info][gc,task        ] GC(388) Using 6 workers of 6 for full compaction
[469.548s][info][gc,phases,start] GC(388) Phase 1: Mark live objects
[469.551s][info][gc,phases      ] GC(388) Phase 1: Mark live objects 2.635ms
[469.551s][info][gc,phases,start] GC(388) Phase 2: Prepare compaction
[469.552s][info][gc,phases      ] GC(388) Phase 2: Prepare compaction 1.276ms
[469.552s][info][gc,phases,start] GC(388) Phase 3: Adjust pointers
[469.554s][info][gc,phases      ] GC(388) Phase 3: Adjust pointers 2.404ms
[469.555s][info][gc,phases,start] GC(388) Phase 4: Compact heap
[469.555s][info][gc,phases      ] GC(388) Phase 4: Compact heap 0.816ms
[469.555s][info][gc,phases,start] GC(388) Phase 5: Reset Metadata
[469.556s][info][gc,phases      ] GC(388) Phase 5: Reset Metadata 0.747ms
[469.562s][info][gc,heap        ] GC(388) Eden regions: 279->0(900)
[469.562s][info][gc,heap        ] GC(388) Survivor regions: 33->0(68)
[469.562s][info][gc,heap        ] GC(388) Old regions: 793->8
[469.562s][info][gc,heap        ] GC(388) Humongous regions: 10->2
[469.562s][info][gc,metaspace   ] GC(388) Metaspace: 16617K(17024K)->16617K(17024K) NonClass: 14286K(14464K)->14286K(14464K) Class: 2331K(2560K)->2331K(2560K)
[469.562s][info][gc             ] GC(388) Pause Full (System.gc()) 1111M->7M(2048M) 14.660ms
[469.562s][info][gc,cpu         ] GC(388) User=0.02s Sys=0.00s Real=0.01s
[470.839s][info][gc,start       ] GC(389) Pause Young (Normal) (G1 Evacuation Pause)
[470.839s][info][gc,task        ] GC(389) Using 6 workers of 6 for evacuation
[470.840s][info][gc,phases      ] GC(389)   Pre Evacuate Collection Set: 0.3ms
[470.840s][info][gc,phases      ] GC(389)   Merge Heap Roots: 0.1ms
[470.840s][info][gc,phases      ] GC(389)   Evacuate Collection Set: 0.3ms
[470.840s][info][gc,phases      ] GC(389)   Post Evacuate Collection Set: 0.6ms
[470.840s][info][gc,phases      ] GC(389)   Other: 0.1ms
[470.840s][info][gc,heap        ] GC(389) Eden regions: 1106->0(1079)
[470.840s][info][gc,heap        ] GC(389) Survivor regions: 0->3(139)
[470.840s][info][gc,heap        ] GC(389) Old regions: 8->8
[470.840s][info][gc,heap        ] GC(389) Humongous regions: 2->2
[470.840s][info][gc,metaspace   ] GC(389) Metaspace: 16617K(17024K)->16617K(17024K) NonClass: 14286K(14464K)->14286K(14464K) Class: 2331K(2560K)->2331K(2560K)
[470.840s][info][gc             ] GC(389) Pause Young (Normal) (G1 Evacuation Pause) 1113M->10M(2048M) 1.794ms
[470.840s][info][gc,cpu         ] GC(389) User=0.00s Sys=0.00s Real=0.00s
[471.028s][info][gc,start       ] GC(390) Pause Young (Normal) (G1 Evacuation Pause)
[471.028s][info][gc,task        ] GC(390) Using 6 workers of 6 for evacuation
[471.029s][info][gc,phases      ] GC(390)   Pre Evacuate Collection Set: 0.3ms
[471.029s][info][gc,phases      ] GC(390)   Merge Heap Roots: 0.2ms
[471.029s][info][gc,phases      ] GC(390)   Evacuate Collection Set: 0.3ms
[471.029s][info][gc,phases      ] GC(390)   Post Evacuate Collection Set: 0.5ms
[471.029s][info][gc,phases      ] GC(390)   Other: 0.1ms
[471.029s][info][gc,heap        ] GC(390) Eden regions: 1225->0(1226)
[471.029s][info][gc,heap        ] GC(390) Survivor regions: 3->2(154)
[471.029s][info][gc,heap        ] GC(390) Old regions: 8->8
[471.029s][info][gc,heap        ] GC(390) Humongous regions: 2->2
[471.029s][info][gc,metaspace   ] GC(390) Metaspace: 16617K(17024K)->16617K(17024K) NonClass: 14286K(14464K)->14286K(14464K) Class: 2331K(2560K)->2331K(2560K)
[471.029s][info][gc             ] GC(390) Pause Young (Normal) (G1 Evacuation Pause) 1235M->9M(2048M) 1.540ms
[471.029s][info][gc,cpu         ] GC(390) User=0.00s Sys=0.00s Real=0.00s
[474.094s][info][gc,start       ] GC(391) Pause Young (Normal) (G1 Evacuation Pause)
[474.094s][info][gc,task        ] GC(391) Using 6 workers of 6 for evacuation
[474.267s][info][gc,phases      ] GC(391)   Pre Evacuate Collection Set: 0.4ms
[474.267s][info][gc,phases      ] GC(391)   Merge Heap Roots: 0.3ms
[474.267s][info][gc,phases      ] GC(391)   Evacuate Collection Set: 170.7ms
[474.267s][info][gc,phases      ] GC(391)   Post Evacuate Collection Set: 1.4ms
[474.267s][info][gc,phases      ] GC(391)   Other: 0.2ms
[474.267s][info][gc,heap        ] GC(391) Eden regions: 1226->0(923)
[474.267s][info][gc,heap        ] GC(391) Survivor regions: 2->154(154)
[474.267s][info][gc,heap        ] GC(391) Old regions: 8->258
[474.267s][info][gc,heap        ] GC(391) Humongous regions: 4->4
[474.267s][info][gc,metaspace   ] GC(391) Metaspace: 16617K(17024K)->16617K(17024K) NonClass: 14286K(14464K)->14286K(14464K) Class: 2331K(2560K)->2331K(2560K)
[474.267s][info][gc             ] GC(391) Pause Young (Normal) (G1 Evacuation Pause) 1237M->413M(2048M) 173.157ms
[474.267s][info][gc,cpu         ] GC(391) User=0.94s Sys=0.00s Real=0.17s
[474.780s][info][gc,start       ] GC(392) Pause Young (Normal) (G1 Evacuation Pause)
[474.781s][info][gc,task        ] GC(392) Using 6 workers of 6 for evacuation
[475.034s][info][gc,mmu         ] GC(392) MMU target violated: 201.0ms (200.0ms/201.0ms)
[475.034s][info][gc,phases      ] GC(392)   Pre Evacuate Collection Set: 0.3ms
[475.034s][info][gc,phases      ] GC(392)   Merge Heap Roots: 1.1ms
[475.034s][info][gc,phases      ] GC(392)   Evacuate Collection Set: 250.6ms
[475.034s][info][gc,phases      ] GC(392)   Post Evacuate Collection Set: 1.2ms
[475.034s][info][gc,phases      ] GC(392)   Other: 0.2ms
[475.034s][info][gc,heap        ] GC(392) Eden regions: 923->0(523)
[475.034s][info][gc,heap        ] GC(392) Survivor regions: 154->135(135)
[475.034s][info][gc,heap        ] GC(392) Old regions: 258->660
[475.034s][info][gc,heap        ] GC(392) Humongous regions: 4->4
[475.034s][info][gc,metaspace   ] GC(392) Metaspace: 16617K(17024K)->16617K(17024K) NonClass: 14286K(14464K)->14286K(14464K) Class: 2331K(2560K)->2331K(2560K)
[475.034s][info][gc             ] GC(392) Pause Young (Normal) (G1 Evacuation Pause) 1336M->796M(2048M) 253.606ms
[475.034s][info][gc,cpu         ] GC(392) User=1.41s Sys=0.00s Real=0.27s
[475.889s][info][gc,start       ] GC(393) Pause Young (Normal) (G1 Evacuation Pause)
[475.889s][info][gc,task        ] GC(393) Using 6 workers of 6 for evacuation
[475.987s][info][gc,phases      ] GC(393)   Pre Evacuate Collection Set: 0.4ms
[475.987s][info][gc,phases      ] GC(393)   Merge Heap Roots: 2.4ms
[475.987s][info][gc,phases      ] GC(393)   Evacuate Collection Set: 94.0ms
[475.987s][info][gc,phases      ] GC(393)   Post Evacuate Collection Set: 1.0ms
[475.987s][info][gc,phases      ] GC(393)   Other: 0.1ms
[475.987s][info][gc,heap        ] GC(393) Eden regions: 394->0(655)
[475.987s][info][gc,heap        ] GC(393) Survivor regions: 135->37(67)
[475.987s][info][gc,heap        ] GC(393) Old regions: 660->790
[475.987s][info][gc,heap        ] GC(393) Humongous regions: 10->10
[475.987s][info][gc,metaspace   ] GC(393) Metaspace: 16617K(17024K)->16617K(17024K) NonClass: 14286K(14464K)->14286K(14464K) Class: 2331K(2560K)->2331K(2560K)
[475.987s][info][gc             ] GC(393) Pause Young (Normal) (G1 Evacuation Pause) 1196M->833M(2048M) 98.080ms
[475.987s][info][gc,cpu         ] GC(393) User=0.55s Sys=0.00s Real=0.09s
[477.088s][info][gc,start       ] GC(394) Pause Full (System.gc())
[477.088s][info][gc,task        ] GC(394) Using 6 workers of 6 for full compaction
[477.088s][info][gc,phases,start] GC(394) Phase 1: Mark live objects
[477.091s][info][gc,phases      ] GC(394) Phase 1: Mark live objects 2.607ms
[477.091s][info][gc,phases,start] GC(394) Phase 2: Prepare compaction
[477.092s][info][gc,phases      ] GC(394) Phase 2: Prepare compaction 1.303ms
[477.092s][info][gc,phases,start] GC(394) Phase 3: Adjust pointers
[477.095s][info][gc,phases      ] GC(394) Phase 3: Adjust pointers 2.698ms
[477.100s][info][gc,phases,start] GC(394) Phase 4: Compact heap
[477.101s][info][gc,phases      ] GC(394) Phase 4: Compact heap 1.338ms
[477.101s][info][gc,phases,start] GC(394) Phase 5: Reset Metadata
[477.102s][info][gc,phases      ] GC(394) Phase 5: Reset Metadata 0.759ms
[477.108s][info][gc,heap        ] GC(394) Eden regions: 299->0(880)
[477.108s][info][gc,heap        ] GC(394) Survivor regions: 37->0(67)
[477.108s][info][gc,heap        ] GC(394) Old regions: 790->8
[477.108s][info][gc,heap        ] GC(394) Humongous regions: 10->2
[477.108s][info][gc,metaspace   ] GC(394) Metaspace: 16619K(17024K)->16619K(17024K) NonClass: 14288K(14464K)->14288K(14464K) Class: 2331K(2560K)->2331K(2560K)
[477.108s][info][gc             ] GC(394) Pause Full (System.gc()) 1132M->7M(2048M) 20.184ms
[477.108s][info][gc,cpu         ] GC(394) User=0.02s Sys=0.00s Real=0.02s
[478.421s][info][gc,start       ] GC(395) Pause Young (Normal) (G1 Evacuation Pause)
[478.421s][info][gc,task        ] GC(395) Using 6 workers of 6 for evacuation
[478.423s][info][gc,phases      ] GC(395)   Pre Evacuate Collection Set: 0.3ms
[478.423s][info][gc,phases      ] GC(395)   Merge Heap Roots: 0.1ms
[478.423s][info][gc,phases      ] GC(395)   Evacuate Collection Set: 0.3ms
[478.423s][info][gc,phases      ] GC(395)   Post Evacuate Collection Set: 0.6ms
[478.423s][info][gc,phases      ] GC(395)   Other: 0.1ms
[478.423s][info][gc,heap        ] GC(395) Eden regions: 1094->0(1113)
[478.423s][info][gc,heap        ] GC(395) Survivor regions: 0->3(137)
[478.423s][info][gc,heap        ] GC(395) Old regions: 8->8
[478.423s][info][gc,heap        ] GC(395) Humongous regions: 2->2
[478.423s][info][gc,metaspace   ] GC(395) Metaspace: 16622K(17024K)->16622K(17024K) NonClass: 14290K(14464K)->14290K(14464K) Class: 2331K(2560K)->2331K(2560K)
[478.423s][info][gc             ] GC(395) Pause Young (Normal) (G1 Evacuation Pause) 1101M->10M(2048M) 1.660ms
[478.423s][info][gc,cpu         ] GC(395) User=0.02s Sys=0.00s Real=0.02s
[478.620s][info][gc,start       ] GC(396) Pause Young (Normal) (G1 Evacuation Pause)
[478.620s][info][gc,task        ] GC(396) Using 6 workers of 6 for evacuation
[478.621s][info][gc,phases      ] GC(396)   Pre Evacuate Collection Set: 0.3ms
[478.621s][info][gc,phases      ] GC(396)   Merge Heap Roots: 0.2ms
[478.621s][info][gc,phases      ] GC(396)   Evacuate Collection Set: 0.3ms
[478.621s][info][gc,phases      ] GC(396)   Post Evacuate Collection Set: 0.5ms
[478.621s][info][gc,phases      ] GC(396)   Other: 0.1ms
[478.621s][info][gc,heap        ] GC(396) Eden regions: 1225->0(1225)
[478.621s][info][gc,heap        ] GC(396) Survivor regions: 3->3(154)
[478.621s][info][gc,heap        ] GC(396) Old regions: 8->8
[478.621s][info][gc,heap        ] GC(396) Humongous regions: 2->2
[478.621s][info][gc,metaspace   ] GC(396) Metaspace: 16622K(17024K)->16622K(17024K) NonClass: 14290K(14464K)->14290K(14464K) Class: 2331K(2560K)->2331K(2560K)
[478.621s][info][gc             ] GC(396) Pause Young (Normal) (G1 Evacuation Pause) 1235M->10M(2048M) 1.617ms
[478.621s][info][gc,cpu         ] GC(396) User=0.00s Sys=0.00s Real=0.00s
[482.074s][info][gc,start       ] GC(397) Pause Young (Normal) (G1 Evacuation Pause)
[482.074s][info][gc,task        ] GC(397) Using 6 workers of 6 for evacuation
[482.243s][info][gc,phases      ] GC(397)   Pre Evacuate Collection Set: 0.3ms
[482.243s][info][gc,phases      ] GC(397)   Merge Heap Roots: 0.2ms
[482.243s][info][gc,phases      ] GC(397)   Evacuate Collection Set: 166.8ms
[482.243s][info][gc,phases      ] GC(397)   Post Evacuate Collection Set: 1.4ms
[482.243s][info][gc,phases      ] GC(397)   Other: 0.2ms
[482.243s][info][gc,heap        ] GC(397) Eden regions: 1225->0(929)
[482.243s][info][gc,heap        ] GC(397) Survivor regions: 3->154(154)
[482.243s][info][gc,heap        ] GC(397) Old regions: 8->252
[482.243s][info][gc,heap        ] GC(397) Humongous regions: 4->4
[482.243s][info][gc,metaspace   ] GC(397) Metaspace: 16623K(17024K)->16623K(17024K) NonClass: 14291K(14464K)->14291K(14464K) Class: 2331K(2560K)->2331K(2560K)
[482.243s][info][gc             ] GC(397) Pause Young (Normal) (G1 Evacuation Pause) 1237M->407M(2048M) 169.064ms
[482.243s][info][gc,cpu         ] GC(397) User=0.94s Sys=0.00s Real=0.16s
[482.758s][info][gc,start       ] GC(398) Pause Young (Normal) (G1 Evacuation Pause)
[482.758s][info][gc,task        ] GC(398) Using 6 workers of 6 for evacuation
[483.009s][info][gc,mmu         ] GC(398) MMU target violated: 201.0ms (200.0ms/201.0ms)
[483.010s][info][gc,phases      ] GC(398)   Pre Evacuate Collection Set: 0.4ms
[483.010s][info][gc,phases      ] GC(398)   Merge Heap Roots: 1.1ms
[483.010s][info][gc,phases      ] GC(398)   Evacuate Collection Set: 249.1ms
[483.010s][info][gc,phases      ] GC(398)   Post Evacuate Collection Set: 1.1ms
[483.010s][info][gc,phases      ] GC(398)   Other: 0.2ms
[483.010s][info][gc,heap        ] GC(398) Eden regions: 929->0(522)
[483.010s][info][gc,heap        ] GC(398) Survivor regions: 154->136(136)
[483.010s][info][gc,heap        ] GC(398) Old regions: 252->656
[483.010s][info][gc,heap        ] GC(398) Humongous regions: 4->4
[483.010s][info][gc,metaspace   ] GC(398) Metaspace: 16623K(17024K)->16623K(17024K) NonClass: 14291K(14464K)->14291K(14464K) Class: 2331K(2560K)->2331K(2560K)
[483.010s][info][gc             ] GC(398) Pause Young (Normal) (G1 Evacuation Pause) 1336M->792M(2048M) 252.051ms
[483.010s][info][gc,cpu         ] GC(398) User=1.34s Sys=0.00s Real=0.27s
[483.877s][info][gc,start       ] GC(399) Pause Young (Normal) (G1 Evacuation Pause)
[483.877s][info][gc,task        ] GC(399) Using 6 workers of 6 for evacuation
[483.978s][info][gc,phases      ] GC(399)   Pre Evacuate Collection Set: 0.6ms
[483.978s][info][gc,phases      ] GC(399)   Merge Heap Roots: 2.6ms
[483.978s][info][gc,phases      ] GC(399)   Evacuate Collection Set: 96.8ms
[483.978s][info][gc,phases      ] GC(399)   Post Evacuate Collection Set: 1.0ms
[483.978s][info][gc,phases      ] GC(399)   Other: 0.1ms
[483.978s][info][gc,heap        ] GC(399) Eden regions: 393->0(653)
[483.978s][info][gc,heap        ] GC(399) Survivor regions: 136->41(67)
[483.978s][info][gc,heap        ] GC(399) Old regions: 656->785
[483.978s][info][gc,heap        ] GC(399) Humongous regions: 10->10
[483.978s][info][gc,metaspace   ] GC(399) Metaspace: 16623K(17024K)->16623K(17024K) NonClass: 14291K(14464K)->14291K(14464K) Class: 2331K(2560K)->2331K(2560K)
[483.978s][info][gc             ] GC(399) Pause Young (Normal) (G1 Evacuation Pause) 1191M->833M(2048M) 101.278ms
[483.978s][info][gc,cpu         ] GC(399) User=0.56s Sys=0.00s Real=0.09s
[485.097s][info][gc,start       ] GC(400) Pause Full (System.gc())
[485.097s][info][gc,task        ] GC(400) Using 6 workers of 6 for full compaction
[485.097s][info][gc,phases,start] GC(400) Phase 1: Mark live objects
[485.099s][info][gc,phases      ] GC(400) Phase 1: Mark live objects 2.610ms
[485.100s][info][gc,phases,start] GC(400) Phase 2: Prepare compaction
[485.101s][info][gc,phases      ] GC(400) Phase 2: Prepare compaction 1.385ms
[485.101s][info][gc,phases,start] GC(400) Phase 3: Adjust pointers
[485.103s][info][gc,phases      ] GC(400) Phase 3: Adjust pointers 2.463ms
[485.103s][info][gc,phases,start] GC(400) Phase 4: Compact heap
[485.105s][info][gc,phases      ] GC(400) Phase 4: Compact heap 1.056ms
[485.105s][info][gc,phases,start] GC(400) Phase 5: Reset Metadata
[485.105s][info][gc,phases      ] GC(400) Phase 5: Reset Metadata 0.721ms
[485.111s][info][gc,heap        ] GC(400) Eden regions: 308->0(879)
[485.111s][info][gc,heap        ] GC(400) Survivor regions: 41->0(67)
[485.111s][info][gc,heap        ] GC(400) Old regions: 785->8
[485.111s][info][gc,heap        ] GC(400) Humongous regions: 10->2
[485.111s][info][gc,metaspace   ] GC(400) Metaspace: 16627K(17088K)->16627K(17088K) NonClass: 14296K(14528K)->14296K(14528K) Class: 2331K(2560K)->2331K(2560K)
[485.111s][info][gc             ] GC(400) Pause Full (System.gc()) 1141M->7M(2048M) 14.451ms
[485.111s][info][gc,cpu         ] GC(400) User=0.05s Sys=0.00s Real=0.02s
[486.532s][info][gc,start       ] GC(401) Pause Young (Normal) (G1 Evacuation Pause)
[486.532s][info][gc,task        ] GC(401) Using 6 workers of 6 for evacuation
[486.534s][info][gc,phases      ] GC(401)   Pre Evacuate Collection Set: 0.2ms
[486.534s][info][gc,phases      ] GC(401)   Merge Heap Roots: 0.1ms
[486.534s][info][gc,phases      ] GC(401)   Evacuate Collection Set: 0.3ms
[486.534s][info][gc,phases      ] GC(401)   Post Evacuate Collection Set: 0.6ms
[486.534s][info][gc,phases      ] GC(401)   Other: 0.1ms
[486.534s][info][gc,heap        ] GC(401) Eden regions: 1084->0(1110)
[486.534s][info][gc,heap        ] GC(401) Survivor regions: 0->3(136)
[486.534s][info][gc,heap        ] GC(401) Old regions: 8->8
[486.534s][info][gc,heap        ] GC(401) Humongous regions: 2->2
[486.534s][info][gc,metaspace   ] GC(401) Metaspace: 16634K(17088K)->16634K(17088K) NonClass: 14303K(14528K)->14303K(14528K) Class: 2331K(2560K)->2331K(2560K)
[486.534s][info][gc             ] GC(401) Pause Young (Normal) (G1 Evacuation Pause) 1091M->10M(2048M) 1.644ms
[486.534s][info][gc,cpu         ] GC(401) User=0.00s Sys=0.00s Real=0.00s
[486.727s][info][gc,start       ] GC(402) Pause Young (Normal) (G1 Evacuation Pause)
[486.727s][info][gc,task        ] GC(402) Using 6 workers of 6 for evacuation
[486.729s][info][gc,phases      ] GC(402)   Pre Evacuate Collection Set: 0.3ms
[486.729s][info][gc,phases      ] GC(402)   Merge Heap Roots: 0.1ms
[486.729s][info][gc,phases      ] GC(402)   Evacuate Collection Set: 0.3ms
[486.729s][info][gc,phases      ] GC(402)   Post Evacuate Collection Set: 0.5ms
[486.729s][info][gc,phases      ] GC(402)   Other: 0.1ms
[486.729s][info][gc,heap        ] GC(402) Eden regions: 1225->0(1225)
[486.729s][info][gc,heap        ] GC(402) Survivor regions: 3->3(154)
[486.729s][info][gc,heap        ] GC(402) Old regions: 8->8
[486.729s][info][gc,heap        ] GC(402) Humongous regions: 2->2
[486.729s][info][gc,metaspace   ] GC(402) Metaspace: 16634K(17088K)->16634K(17088K) NonClass: 14303K(14528K)->14303K(14528K) Class: 2331K(2560K)->2331K(2560K)
[486.729s][info][gc             ] GC(402) Pause Young (Normal) (G1 Evacuation Pause) 1235M->10M(2048M) 1.562ms
[486.729s][info][gc,cpu         ] GC(402) User=0.00s Sys=0.00s Real=0.00s
[489.466s][info][gc,start       ] GC(403) Pause Young (Normal) (G1 Evacuation Pause)
[489.467s][info][gc,task        ] GC(403) Using 6 workers of 6 for evacuation
[489.635s][info][gc,phases      ] GC(403)   Pre Evacuate Collection Set: 0.5ms
[489.635s][info][gc,phases      ] GC(403)   Merge Heap Roots: 0.3ms
[489.635s][info][gc,phases      ] GC(403)   Evacuate Collection Set: 165.7ms
[489.635s][info][gc,phases      ] GC(403)   Post Evacuate Collection Set: 1.6ms
[489.635s][info][gc,phases      ] GC(403)   Other: 0.2ms
[489.635s][info][gc,heap        ] GC(403) Eden regions: 1225->0(934)
[489.635s][info][gc,heap        ] GC(403) Survivor regions: 3->154(154)
[489.635s][info][gc,heap        ] GC(403) Old regions: 8->248
[489.635s][info][gc,heap        ] GC(403) Humongous regions: 4->4
[489.635s][info][gc,metaspace   ] GC(403) Metaspace: 16636K(17088K)->16636K(17088K) NonClass: 14305K(14528K)->14305K(14528K) Class: 2331K(2560K)->2331K(2560K)
[489.635s][info][gc             ] GC(403) Pause Young (Normal) (G1 Evacuation Pause) 1237M->403M(2048M) 168.494ms
[489.635s][info][gc,cpu         ] GC(403) User=0.91s Sys=0.02s Real=0.17s
[490.153s][info][gc,start       ] GC(404) Pause Young (Normal) (G1 Evacuation Pause)
[490.153s][info][gc,task        ] GC(404) Using 6 workers of 6 for evacuation
[490.403s][info][gc,mmu         ] GC(404) MMU target violated: 201.0ms (200.0ms/201.0ms)
[490.403s][info][gc,phases      ] GC(404)   Pre Evacuate Collection Set: 0.6ms
[490.403s][info][gc,phases      ] GC(404)   Merge Heap Roots: 1.0ms
[490.403s][info][gc,phases      ] GC(404)   Evacuate Collection Set: 247.3ms
[490.403s][info][gc,phases      ] GC(404)   Post Evacuate Collection Set: 1.1ms
[490.403s][info][gc,phases      ] GC(404)   Other: 0.2ms
[490.403s][info][gc,heap        ] GC(404) Eden regions: 934->0(529)
[490.403s][info][gc,heap        ] GC(404) Survivor regions: 154->136(136)
[490.403s][info][gc,heap        ] GC(404) Old regions: 248->655
[490.403s][info][gc,heap        ] GC(404) Humongous regions: 4->4
[490.403s][info][gc,metaspace   ] GC(404) Metaspace: 16636K(17088K)->16636K(17088K) NonClass: 14305K(14528K)->14305K(14528K) Class: 2331K(2560K)->2331K(2560K)
[490.403s][info][gc             ] GC(404) Pause Young (Normal) (G1 Evacuation Pause) 1337M->791M(2048M) 250.406ms
[490.403s][info][gc,cpu         ] GC(404) User=1.42s Sys=0.00s Real=0.25s
[491.306s][info][gc,start       ] GC(405) Pause Young (Normal) (G1 Evacuation Pause)
[491.307s][info][gc,task        ] GC(405) Using 6 workers of 6 for evacuation
[491.407s][info][gc,phases      ] GC(405)   Pre Evacuate Collection Set: 0.6ms
[491.407s][info][gc,phases      ] GC(405)   Merge Heap Roots: 3.0ms
[491.407s][info][gc,phases      ] GC(405)   Evacuate Collection Set: 95.4ms
[491.407s][info][gc,phases      ] GC(405)   Post Evacuate Collection Set: 1.0ms
[491.407s][info][gc,phases      ] GC(405)   Other: 0.1ms
[491.407s][info][gc,heap        ] GC(405) Eden regions: 408->0(653)
[491.407s][info][gc,heap        ] GC(405) Survivor regions: 136->43(68)
[491.407s][info][gc,heap        ] GC(405) Old regions: 655->783
[491.407s][info][gc,heap        ] GC(405) Humongous regions: 10->10
[491.407s][info][gc,metaspace   ] GC(405) Metaspace: 16636K(17088K)->16636K(17088K) NonClass: 14305K(14528K)->14305K(14528K) Class: 2331K(2560K)->2331K(2560K)
[491.407s][info][gc             ] GC(405) Pause Young (Normal) (G1 Evacuation Pause) 1205M->832M(2048M) 100.412ms
[491.407s][info][gc,cpu         ] GC(405) User=0.50s Sys=0.00s Real=0.11s
[492.506s][info][gc,start       ] GC(406) Pause Full (System.gc())
[492.506s][info][gc,task        ] GC(406) Using 6 workers of 6 for full compaction
[492.506s][info][gc,phases,start] GC(406) Phase 1: Mark live objects
[492.509s][info][gc,phases      ] GC(406) Phase 1: Mark live objects 2.856ms
[492.509s][info][gc,phases,start] GC(406) Phase 2: Prepare compaction
[492.511s][info][gc,phases      ] GC(406) Phase 2: Prepare compaction 1.286ms
[492.511s][info][gc,phases,start] GC(406) Phase 3: Adjust pointers
[492.513s][info][gc,phases      ] GC(406) Phase 3: Adjust pointers 2.306ms
[492.513s][info][gc,phases,start] GC(406) Phase 4: Compact heap
[492.514s][info][gc,phases      ] GC(406) Phase 4: Compact heap 0.824ms
[492.514s][info][gc,phases,start] GC(406) Phase 5: Reset Metadata
[492.515s][info][gc,phases      ] GC(406) Phase 5: Reset Metadata 0.722ms
[492.520s][info][gc,heap        ] GC(406) Eden regions: 298->0(899)
[492.520s][info][gc,heap        ] GC(406) Survivor regions: 43->0(68)
[492.520s][info][gc,heap        ] GC(406) Old regions: 783->8
[492.520s][info][gc,heap        ] GC(406) Humongous regions: 10->2
[492.520s][info][gc,metaspace   ] GC(406) Metaspace: 16636K(17088K)->16636K(17088K) NonClass: 14305K(14528K)->14305K(14528K) Class: 2331K(2560K)->2331K(2560K)
[492.520s][info][gc             ] GC(406) Pause Full (System.gc()) 1130M->7M(2048M) 14.336ms
[492.520s][info][gc,cpu         ] GC(406) User=0.00s Sys=0.00s Real=0.02s
[493.978s][info][gc,start       ] GC(407) Pause Young (Normal) (G1 Evacuation Pause)
[493.978s][info][gc,task        ] GC(407) Using 6 workers of 6 for evacuation
[493.980s][info][gc,phases      ] GC(407)   Pre Evacuate Collection Set: 0.3ms
[493.980s][info][gc,phases      ] GC(407)   Merge Heap Roots: 0.1ms
[493.980s][info][gc,phases      ] GC(407)   Evacuate Collection Set: 0.3ms
[493.980s][info][gc,phases      ] GC(407)   Post Evacuate Collection Set: 0.6ms
[493.980s][info][gc,phases      ] GC(407)   Other: 0.1ms
[493.980s][info][gc,heap        ] GC(407) Eden regions: 1094->0(1150)
[493.980s][info][gc,heap        ] GC(407) Survivor regions: 0->3(137)
[493.980s][info][gc,heap        ] GC(407) Old regions: 8->8
[493.980s][info][gc,heap        ] GC(407) Humongous regions: 2->2
[493.980s][info][gc,metaspace   ] GC(407) Metaspace: 16636K(17088K)->16636K(17088K) NonClass: 14305K(14528K)->14305K(14528K) Class: 2331K(2560K)->2331K(2560K)
[493.980s][info][gc             ] GC(407) Pause Young (Normal) (G1 Evacuation Pause) 1101M->10M(2048M) 1.594ms
[493.980s][info][gc,cpu         ] GC(407) User=0.00s Sys=0.00s Real=0.00s
[494.169s][info][gc,start       ] GC(408) Pause Young (Normal) (G1 Evacuation Pause)
[494.170s][info][gc,task        ] GC(408) Using 6 workers of 6 for evacuation
[494.171s][info][gc,phases      ] GC(408)   Pre Evacuate Collection Set: 0.3ms
[494.171s][info][gc,phases      ] GC(408)   Merge Heap Roots: 0.2ms
[494.171s][info][gc,phases      ] GC(408)   Evacuate Collection Set: 0.3ms
[494.171s][info][gc,phases      ] GC(408)   Post Evacuate Collection Set: 0.6ms
[494.171s][info][gc,phases      ] GC(408)   Other: 0.1ms
[494.171s][info][gc,heap        ] GC(408) Eden regions: 1225->0(1225)
[494.171s][info][gc,heap        ] GC(408) Survivor regions: 3->3(154)
[494.171s][info][gc,heap        ] GC(408) Old regions: 8->8
[494.171s][info][gc,heap        ] GC(408) Humongous regions: 2->2
[494.171s][info][gc,metaspace   ] GC(408) Metaspace: 16636K(17088K)->16636K(17088K) NonClass: 14305K(14528K)->14305K(14528K) Class: 2331K(2560K)->2331K(2560K)
[494.171s][info][gc             ] GC(408) Pause Young (Normal) (G1 Evacuation Pause) 1235M->10M(2048M) 1.725ms
[494.171s][info][gc,cpu         ] GC(408) User=0.00s Sys=0.00s Real=0.00s
[497.439s][info][gc,start       ] GC(409) Pause Young (Normal) (G1 Evacuation Pause)
[497.440s][info][gc,task        ] GC(409) Using 6 workers of 6 for evacuation
[497.611s][info][gc,phases      ] GC(409)   Pre Evacuate Collection Set: 0.4ms
[497.611s][info][gc,phases      ] GC(409)   Merge Heap Roots: 0.2ms
[497.611s][info][gc,phases      ] GC(409)   Evacuate Collection Set: 169.0ms
[497.611s][info][gc,phases      ] GC(409)   Post Evacuate Collection Set: 1.7ms
[497.611s][info][gc,phases      ] GC(409)   Other: 0.2ms
[497.611s][info][gc,heap        ] GC(409) Eden regions: 1225->0(929)
[497.611s][info][gc,heap        ] GC(409) Survivor regions: 3->154(154)
[497.611s][info][gc,heap        ] GC(409) Old regions: 8->253
[497.611s][info][gc,heap        ] GC(409) Humongous regions: 4->4
[497.611s][info][gc,metaspace   ] GC(409) Metaspace: 16636K(17088K)->16636K(17088K) NonClass: 14305K(14528K)->14305K(14528K) Class: 2331K(2560K)->2331K(2560K)
[497.611s][info][gc             ] GC(409) Pause Young (Normal) (G1 Evacuation Pause) 1237M->407M(2048M) 171.804ms
[497.611s][info][gc,cpu         ] GC(409) User=0.94s Sys=0.00s Real=0.17s
[498.141s][info][gc,start       ] GC(410) Pause Young (Normal) (G1 Evacuation Pause)
[498.141s][info][gc,task        ] GC(410) Using 6 workers of 6 for evacuation
[498.395s][info][gc,mmu         ] GC(410) MMU target violated: 201.0ms (200.0ms/201.0ms)
[498.396s][info][gc,phases      ] GC(410)   Pre Evacuate Collection Set: 0.4ms
[498.396s][info][gc,phases      ] GC(410)   Merge Heap Roots: 1.0ms
[498.396s][info][gc,phases      ] GC(410)   Evacuate Collection Set: 251.9ms
[498.396s][info][gc,phases      ] GC(410)   Post Evacuate Collection Set: 1.2ms
[498.396s][info][gc,phases      ] GC(410)   Other: 0.2ms
[498.396s][info][gc,heap        ] GC(410) Eden regions: 929->0(536)
[498.396s][info][gc,heap        ] GC(410) Survivor regions: 154->136(136)
[498.396s][info][gc,heap        ] GC(410) Old regions: 253->657
[498.396s][info][gc,heap        ] GC(410) Humongous regions: 4->4
[498.396s][info][gc,metaspace   ] GC(410) Metaspace: 16636K(17088K)->16636K(17088K) NonClass: 14305K(14528K)->14305K(14528K) Class: 2331K(2560K)->2331K(2560K)
[498.396s][info][gc             ] GC(410) Pause Young (Normal) (G1 Evacuation Pause) 1336M->794M(2048M) 254.812ms
[498.396s][info][gc,cpu         ] GC(410) User=1.52s Sys=0.00s Real=0.27s
[499.254s][info][gc,start       ] GC(411) Pause Young (Normal) (G1 Evacuation Pause)
[499.254s][info][gc,task        ] GC(411) Using 6 workers of 6 for evacuation
[499.353s][info][gc,phases      ] GC(411)   Pre Evacuate Collection Set: 0.6ms
[499.353s][info][gc,phases      ] GC(411)   Merge Heap Roots: 2.5ms
[499.353s][info][gc,phases      ] GC(411)   Evacuate Collection Set: 94.2ms
[499.353s][info][gc,phases      ] GC(411)   Post Evacuate Collection Set: 0.9ms
[499.353s][info][gc,phases      ] GC(411)   Other: 0.2ms
[499.353s][info][gc,heap        ] GC(411) Eden regions: 421->0(656)
[499.353s][info][gc,heap        ] GC(411) Survivor regions: 136->38(70)
[499.353s][info][gc,heap        ] GC(411) Old regions: 657->789
[499.353s][info][gc,heap        ] GC(411) Humongous regions: 10->10
[499.353s][info][gc,metaspace   ] GC(411) Metaspace: 16636K(17088K)->16636K(17088K) NonClass: 14305K(14528K)->14305K(14528K) Class: 2331K(2560K)->2331K(2560K)
[499.353s][info][gc             ] GC(411) Pause Young (Normal) (G1 Evacuation Pause) 1221M->834M(2048M) 98.617ms
[499.353s][info][gc,cpu         ] GC(411) User=0.56s Sys=0.00s Real=0.10s
[500.400s][info][gc,start       ] GC(412) Pause Full (System.gc())
[500.400s][info][gc,task        ] GC(412) Using 6 workers of 6 for full compaction
[500.401s][info][gc,phases,start] GC(412) Phase 1: Mark live objects
[500.403s][info][gc,phases      ] GC(412) Phase 1: Mark live objects 2.609ms
[500.403s][info][gc,phases,start] GC(412) Phase 2: Prepare compaction
[500.405s][info][gc,phases      ] GC(412) Phase 2: Prepare compaction 1.488ms
[500.405s][info][gc,phases,start] GC(412) Phase 3: Adjust pointers
[500.407s][info][gc,phases      ] GC(412) Phase 3: Adjust pointers 2.472ms
[500.407s][info][gc,phases,start] GC(412) Phase 4: Compact heap
[500.408s][info][gc,phases      ] GC(412) Phase 4: Compact heap 1.163ms
[500.409s][info][gc,phases,start] GC(412) Phase 5: Reset Metadata
[500.409s][info][gc,phases      ] GC(412) Phase 5: Reset Metadata 0.745ms
[500.415s][info][gc,heap        ] GC(412) Eden regions: 279->0(917)
[500.415s][info][gc,heap        ] GC(412) Survivor regions: 38->0(70)
[500.415s][info][gc,heap        ] GC(412) Old regions: 789->8
[500.415s][info][gc,heap        ] GC(412) Humongous regions: 10->2
[500.415s][info][gc,metaspace   ] GC(412) Metaspace: 16650K(17088K)->16650K(17088K) NonClass: 14319K(14528K)->14319K(14528K) Class: 2331K(2560K)->2331K(2560K)
[500.415s][info][gc             ] GC(412) Pause Full (System.gc()) 1113M->7M(2048M) 14.712ms
[500.415s][info][gc,cpu         ] GC(412) User=0.00s Sys=0.00s Real=0.02s
[501.622s][info][gc,start       ] GC(413) Pause Young (Normal) (G1 Evacuation Pause)
[501.622s][info][gc,task        ] GC(413) Using 6 workers of 6 for evacuation
[501.624s][info][gc,phases      ] GC(413)   Pre Evacuate Collection Set: 0.3ms
[501.624s][info][gc,phases      ] GC(413)   Merge Heap Roots: 0.2ms
[501.624s][info][gc,phases      ] GC(413)   Evacuate Collection Set: 0.5ms
[501.624s][info][gc,phases      ] GC(413)   Post Evacuate Collection Set: 0.5ms
[501.624s][info][gc,phases      ] GC(413)   Other: 0.1ms
[501.624s][info][gc,heap        ] GC(413) Eden regions: 1113->0(1187)
[501.624s][info][gc,heap        ] GC(413) Survivor regions: 0->3(140)
[501.624s][info][gc,heap        ] GC(413) Old regions: 8->8
[501.624s][info][gc,heap        ] GC(413) Humongous regions: 2->2
[501.624s][info][gc,metaspace   ] GC(413) Metaspace: 16650K(17088K)->16650K(17088K) NonClass: 14319K(14528K)->14319K(14528K) Class: 2331K(2560K)->2331K(2560K)
[501.624s][info][gc             ] GC(413) Pause Young (Normal) (G1 Evacuation Pause) 1120M->9M(2048M) 1.834ms
[501.624s][info][gc,cpu         ] GC(413) User=0.00s Sys=0.00s Real=0.00s
[501.810s][info][gc,start       ] GC(414) Pause Young (Normal) (G1 Evacuation Pause)
[501.810s][info][gc,task        ] GC(414) Using 6 workers of 6 for evacuation
[501.812s][info][gc,phases      ] GC(414)   Pre Evacuate Collection Set: 0.4ms
[501.812s][info][gc,phases      ] GC(414)   Merge Heap Roots: 0.2ms
[501.812s][info][gc,phases      ] GC(414)   Evacuate Collection Set: 0.3ms
[501.812s][info][gc,phases      ] GC(414)   Post Evacuate Collection Set: 0.5ms
[501.812s][info][gc,phases      ] GC(414)   Other: 0.2ms
[501.812s][info][gc,heap        ] GC(414) Eden regions: 1225->0(1225)
[501.812s][info][gc,heap        ] GC(414) Survivor regions: 3->3(154)
[501.812s][info][gc,heap        ] GC(414) Old regions: 8->8
[501.812s][info][gc,heap        ] GC(414) Humongous regions: 2->2
[501.812s][info][gc,metaspace   ] GC(414) Metaspace: 16650K(17088K)->16650K(17088K) NonClass: 14319K(14528K)->14319K(14528K) Class: 2331K(2560K)->2331K(2560K)
[501.812s][info][gc             ] GC(414) Pause Young (Normal) (G1 Evacuation Pause) 1234M->10M(2048M) 1.778ms
[501.812s][info][gc,cpu         ] GC(414) User=0.00s Sys=0.00s Real=0.00s
[504.944s][info][gc,start       ] GC(415) Pause Young (Normal) (G1 Evacuation Pause)
[504.944s][info][gc,task        ] GC(415) Using 6 workers of 6 for evacuation
[505.120s][info][gc,phases      ] GC(415)   Pre Evacuate Collection Set: 0.4ms
[505.120s][info][gc,phases      ] GC(415)   Merge Heap Roots: 0.2ms
[505.120s][info][gc,phases      ] GC(415)   Evacuate Collection Set: 173.6ms
[505.120s][info][gc,phases      ] GC(415)   Post Evacuate Collection Set: 1.4ms
[505.120s][info][gc,phases      ] GC(415)   Other: 0.2ms
[505.120s][info][gc,heap        ] GC(415) Eden regions: 1225->0(918)
[505.120s][info][gc,heap        ] GC(415) Survivor regions: 3->154(154)
[505.120s][info][gc,heap        ] GC(415) Old regions: 8->262
[505.120s][info][gc,heap        ] GC(415) Humongous regions: 4->4
[505.120s][info][gc,metaspace   ] GC(415) Metaspace: 16650K(17088K)->16650K(17088K) NonClass: 14319K(14528K)->14319K(14528K) Class: 2331K(2560K)->2331K(2560K)
[505.120s][info][gc             ] GC(415) Pause Young (Normal) (G1 Evacuation Pause) 1237M->417M(2048M) 176.027ms
[505.120s][info][gc,cpu         ] GC(415) User=1.03s Sys=0.00s Real=0.17s
[505.634s][info][gc,start       ] GC(416) Pause Young (Normal) (G1 Evacuation Pause)
[505.634s][info][gc,task        ] GC(416) Using 6 workers of 6 for evacuation
[505.884s][info][gc,mmu         ] GC(416) MMU target violated: 201.0ms (200.0ms/201.0ms)
[505.884s][info][gc,phases      ] GC(416)   Pre Evacuate Collection Set: 0.5ms
[505.884s][info][gc,phases      ] GC(416)   Merge Heap Roots: 1.0ms
[505.884s][info][gc,phases      ] GC(416)   Evacuate Collection Set: 247.0ms
[505.884s][info][gc,phases      ] GC(416)   Post Evacuate Collection Set: 1.1ms
[505.884s][info][gc,phases      ] GC(416)   Other: 0.2ms
[505.884s][info][gc,heap        ] GC(416) Eden regions: 918->0(565)
[505.884s][info][gc,heap        ] GC(416) Survivor regions: 154->134(134)
[505.884s][info][gc,heap        ] GC(416) Old regions: 262->663
[505.884s][info][gc,heap        ] GC(416) Humongous regions: 4->4
[505.884s][info][gc,metaspace   ] GC(416) Metaspace: 16650K(17088K)->16650K(17088K) NonClass: 14319K(14528K)->14319K(14528K) Class: 2331K(2560K)->2331K(2560K)
[505.884s][info][gc             ] GC(416) Pause Young (Normal) (G1 Evacuation Pause) 1335M->798M(2048M) 250.009ms
[505.884s][info][gc,cpu         ] GC(416) User=1.25s Sys=0.00s Real=0.25s
[506.789s][info][gc,start       ] GC(417) Pause Young (Normal) (G1 Evacuation Pause)
[506.789s][info][gc,task        ] GC(417) Using 6 workers of 6 for evacuation
[506.882s][info][gc,phases      ] GC(417)   Pre Evacuate Collection Set: 0.4ms
[506.882s][info][gc,phases      ] GC(417)   Merge Heap Roots: 2.6ms
[506.882s][info][gc,phases      ] GC(417)   Evacuate Collection Set: 88.3ms
[506.882s][info][gc,phases      ] GC(417)   Post Evacuate Collection Set: 1.0ms
[506.882s][info][gc,phases      ] GC(417)   Other: 0.1ms
[506.882s][info][gc,heap        ] GC(417) Eden regions: 429->0(662)
[506.882s][info][gc,heap        ] GC(417) Survivor regions: 134->32(71)
[506.882s][info][gc,heap        ] GC(417) Old regions: 663->792
[506.882s][info][gc,heap        ] GC(417) Humongous regions: 10->10
[506.882s][info][gc,metaspace   ] GC(417) Metaspace: 16650K(17088K)->16650K(17088K) NonClass: 14319K(14528K)->14319K(14528K) Class: 2331K(2560K)->2331K(2560K)
[506.882s][info][gc             ] GC(417) Pause Young (Normal) (G1 Evacuation Pause) 1233M->830M(2048M) 92.658ms
[506.882s][info][gc,cpu         ] GC(417) User=0.48s Sys=0.00s Real=0.09s
[507.909s][info][gc,start       ] GC(418) Pause Full (System.gc())
[507.909s][info][gc,task        ] GC(418) Using 6 workers of 6 for full compaction
[507.910s][info][gc,phases,start] GC(418) Phase 1: Mark live objects
[507.912s][info][gc,phases      ] GC(418) Phase 1: Mark live objects 2.921ms
[507.912s][info][gc,phases,start] GC(418) Phase 2: Prepare compaction
[507.914s][info][gc,phases      ] GC(418) Phase 2: Prepare compaction 1.280ms
[507.914s][info][gc,phases,start] GC(418) Phase 3: Adjust pointers
[507.916s][info][gc,phases      ] GC(418) Phase 3: Adjust pointers 2.544ms
[507.916s][info][gc,phases,start] GC(418) Phase 4: Compact heap
[507.917s][info][gc,phases      ] GC(418) Phase 4: Compact heap 0.959ms
[507.917s][info][gc,phases,start] GC(418) Phase 5: Reset Metadata
[507.918s][info][gc,phases      ] GC(418) Phase 5: Reset Metadata 0.748ms
[507.924s][info][gc,heap        ] GC(418) Eden regions: 260->0(942)
[507.924s][info][gc,heap        ] GC(418) Survivor regions: 32->0(71)
[507.924s][info][gc,heap        ] GC(418) Old regions: 792->8
[507.924s][info][gc,heap        ] GC(418) Humongous regions: 10->2
[507.924s][info][gc,metaspace   ] GC(418) Metaspace: 16650K(17088K)->16650K(17088K) NonClass: 14319K(14528K)->14319K(14528K) Class: 2331K(2560K)->2331K(2560K)
[507.924s][info][gc             ] GC(418) Pause Full (System.gc()) 1089M->7M(2048M) 14.776ms
[507.924s][info][gc,cpu         ] GC(418) User=0.00s Sys=0.00s Real=0.01s
[509.139s][info][gc,start       ] GC(419) Pause Young (Normal) (G1 Evacuation Pause)
[509.139s][info][gc,task        ] GC(419) Using 6 workers of 6 for evacuation
[509.141s][info][gc,phases      ] GC(419)   Pre Evacuate Collection Set: 0.3ms
[509.141s][info][gc,phases      ] GC(419)   Merge Heap Roots: 0.1ms
[509.141s][info][gc,phases      ] GC(419)   Evacuate Collection Set: 0.3ms
[509.141s][info][gc,phases      ] GC(419)   Post Evacuate Collection Set: 0.5ms
[509.141s][info][gc,phases      ] GC(419)   Other: 0.1ms
[509.141s][info][gc,heap        ] GC(419) Eden regions: 1116->0(1192)
[509.141s][info][gc,heap        ] GC(419) Survivor regions: 0->3(140)
[509.141s][info][gc,heap        ] GC(419) Old regions: 8->8
[509.141s][info][gc,heap        ] GC(419) Humongous regions: 2->2
[509.141s][info][gc,metaspace   ] GC(419) Metaspace: 16650K(17088K)->16650K(17088K) NonClass: 14319K(14528K)->14319K(14528K) Class: 2331K(2560K)->2331K(2560K)
[509.141s][info][gc             ] GC(419) Pause Young (Normal) (G1 Evacuation Pause) 1123M->10M(2048M) 1.545ms
[509.141s][info][gc,cpu         ] GC(419) User=0.00s Sys=0.00s Real=0.00s
[509.331s][info][gc,start       ] GC(420) Pause Young (Normal) (G1 Evacuation Pause)
[509.331s][info][gc,task        ] GC(420) Using 6 workers of 6 for evacuation
[509.332s][info][gc,phases      ] GC(420)   Pre Evacuate Collection Set: 0.3ms
[509.332s][info][gc,phases      ] GC(420)   Merge Heap Roots: 0.2ms
[509.332s][info][gc,phases      ] GC(420)   Evacuate Collection Set: 0.3ms
[509.332s][info][gc,phases      ] GC(420)   Post Evacuate Collection Set: 0.5ms
[509.332s][info][gc,phases      ] GC(420)   Other: 0.1ms
[509.332s][info][gc,heap        ] GC(420) Eden regions: 1225->0(1226)
[509.332s][info][gc,heap        ] GC(420) Survivor regions: 3->2(154)
[509.332s][info][gc,heap        ] GC(420) Old regions: 8->8
[509.332s][info][gc,heap        ] GC(420) Humongous regions: 2->2
[509.332s][info][gc,metaspace   ] GC(420) Metaspace: 16650K(17088K)->16650K(17088K) NonClass: 14319K(14528K)->14319K(14528K) Class: 2331K(2560K)->2331K(2560K)
[509.332s][info][gc             ] GC(420) Pause Young (Normal) (G1 Evacuation Pause) 1235M->9M(2048M) 1.654ms
[509.332s][info][gc,cpu         ] GC(420) User=0.02s Sys=0.00s Real=0.00s
[513.264s][info][gc,start       ] GC(421) Pause Young (Normal) (G1 Evacuation Pause)
[513.264s][info][gc,task        ] GC(421) Using 6 workers of 6 for evacuation
[513.438s][info][gc,phases      ] GC(421)   Pre Evacuate Collection Set: 0.4ms
[513.438s][info][gc,phases      ] GC(421)   Merge Heap Roots: 0.2ms
[513.438s][info][gc,phases      ] GC(421)   Evacuate Collection Set: 171.8ms
[513.438s][info][gc,phases      ] GC(421)   Post Evacuate Collection Set: 1.4ms
[513.438s][info][gc,phases      ] GC(421)   Other: 0.2ms
[513.438s][info][gc,heap        ] GC(421) Eden regions: 1226->0(921)
[513.438s][info][gc,heap        ] GC(421) Survivor regions: 2->154(154)
[513.438s][info][gc,heap        ] GC(421) Old regions: 8->261
[513.438s][info][gc,heap        ] GC(421) Humongous regions: 4->4
[513.438s][info][gc,metaspace   ] GC(421) Metaspace: 16650K(17088K)->16650K(17088K) NonClass: 14319K(14528K)->14319K(14528K) Class: 2331K(2560K)->2331K(2560K)
[513.438s][info][gc             ] GC(421) Pause Young (Normal) (G1 Evacuation Pause) 1237M->415M(2048M) 174.255ms
[513.438s][info][gc,cpu         ] GC(421) User=0.98s Sys=0.00s Real=0.17s
[513.950s][info][gc,start       ] GC(422) Pause Young (Normal) (G1 Evacuation Pause)
[513.950s][info][gc,task        ] GC(422) Using 6 workers of 6 for evacuation
[514.200s][info][gc,mmu         ] GC(422) MMU target violated: 201.0ms (200.0ms/201.0ms)
[514.200s][info][gc,phases      ] GC(422)   Pre Evacuate Collection Set: 0.4ms
[514.200s][info][gc,phases      ] GC(422)   Merge Heap Roots: 1.0ms
[514.200s][info][gc,phases      ] GC(422)   Evacuate Collection Set: 247.4ms
[514.200s][info][gc,phases      ] GC(422)   Post Evacuate Collection Set: 1.0ms
[514.200s][info][gc,phases      ] GC(422)   Other: 0.2ms
[514.200s][info][gc,heap        ] GC(422) Eden regions: 921->0(567)
[514.200s][info][gc,heap        ] GC(422) Survivor regions: 154->135(135)
[514.200s][info][gc,heap        ] GC(422) Old regions: 261->661
[514.200s][info][gc,heap        ] GC(422) Humongous regions: 4->4
[514.200s][info][gc,metaspace   ] GC(422) Metaspace: 16650K(17088K)->16650K(17088K) NonClass: 14319K(14528K)->14319K(14528K) Class: 2331K(2560K)->2331K(2560K)
[514.200s][info][gc             ] GC(422) Pause Young (Normal) (G1 Evacuation Pause) 1336M->797M(2048M) 250.173ms
[514.200s][info][gc,cpu         ] GC(422) User=1.34s Sys=0.00s Real=0.23s
[515.103s][info][gc,start       ] GC(423) Pause Young (Normal) (G1 Evacuation Pause)
[515.103s][info][gc,task        ] GC(423) Using 6 workers of 6 for evacuation
[515.198s][info][gc,phases      ] GC(423)   Pre Evacuate Collection Set: 0.4ms
[515.198s][info][gc,phases      ] GC(423)   Merge Heap Roots: 2.5ms
[515.198s][info][gc,phases      ] GC(423)   Evacuate Collection Set: 90.8ms
[515.198s][info][gc,phases      ] GC(423)   Post Evacuate Collection Set: 1.0ms
[515.198s][info][gc,phases      ] GC(423)   Other: 0.1ms
[515.198s][info][gc,heap        ] GC(423) Eden regions: 411->0(661)
[515.198s][info][gc,heap        ] GC(423) Survivor regions: 135->34(69)
[515.198s][info][gc,heap        ] GC(423) Old regions: 661->788
[515.198s][info][gc,heap        ] GC(423) Humongous regions: 10->10
[515.198s][info][gc,metaspace   ] GC(423) Metaspace: 16650K(17088K)->16650K(17088K) NonClass: 14319K(14528K)->14319K(14528K) Class: 2331K(2560K)->2331K(2560K)
[515.198s][info][gc             ] GC(423) Pause Young (Normal) (G1 Evacuation Pause) 1214M->828M(2048M) 95.053ms
[515.198s][info][gc,cpu         ] GC(423) User=0.47s Sys=0.00s Real=0.11s
[516.250s][info][gc,start       ] GC(424) Pause Full (System.gc())
[516.250s][info][gc,task        ] GC(424) Using 6 workers of 6 for full compaction
[516.250s][info][gc,phases,start] GC(424) Phase 1: Mark live objects
[516.254s][info][gc,phases      ] GC(424) Phase 1: Mark live objects 3.178ms
[516.254s][info][gc,phases,start] GC(424) Phase 2: Prepare compaction
[516.255s][info][gc,phases      ] GC(424) Phase 2: Prepare compaction 1.309ms
[516.255s][info][gc,phases,start] GC(424) Phase 3: Adjust pointers
[516.257s][info][gc,phases      ] GC(424) Phase 3: Adjust pointers 2.428ms
[516.257s][info][gc,phases,start] GC(424) Phase 4: Compact heap
[516.259s][info][gc,phases      ] GC(424) Phase 4: Compact heap 1.313ms
[516.259s][info][gc,phases,start] GC(424) Phase 5: Reset Metadata
[516.260s][info][gc,phases      ] GC(424) Phase 5: Reset Metadata 0.751ms
[516.265s][info][gc,heap        ] GC(424) Eden regions: 280->0(924)
[516.265s][info][gc,heap        ] GC(424) Survivor regions: 34->0(69)
[516.265s][info][gc,heap        ] GC(424) Old regions: 788->8
[516.265s][info][gc,heap        ] GC(424) Humongous regions: 10->2
[516.265s][info][gc,metaspace   ] GC(424) Metaspace: 16650K(17088K)->16650K(17088K) NonClass: 14319K(14528K)->14319K(14528K) Class: 2331K(2560K)->2331K(2560K)
[516.265s][info][gc             ] GC(424) Pause Full (System.gc()) 1108M->7M(2048M) 15.299ms
[516.265s][info][gc,cpu         ] GC(424) User=0.02s Sys=0.00s Real=0.01s
[517.469s][info][gc,start       ] GC(425) Pause Young (Normal) (G1 Evacuation Pause)
[517.469s][info][gc,task        ] GC(425) Using 6 workers of 6 for evacuation
[517.471s][info][gc,phases      ] GC(425)   Pre Evacuate Collection Set: 0.3ms
[517.471s][info][gc,phases      ] GC(425)   Merge Heap Roots: 0.2ms
[517.471s][info][gc,phases      ] GC(425)   Evacuate Collection Set: 0.4ms
[517.471s][info][gc,phases      ] GC(425)   Post Evacuate Collection Set: 0.5ms
[517.471s][info][gc,phases      ] GC(425)   Other: 0.1ms
[517.471s][info][gc,heap        ] GC(425) Eden regions: 1114->0(1188)
[517.471s][info][gc,heap        ] GC(425) Survivor regions: 0->3(140)
[517.471s][info][gc,heap        ] GC(425) Old regions: 8->8
[517.471s][info][gc,heap        ] GC(425) Humongous regions: 2->2
[517.471s][info][gc,metaspace   ] GC(425) Metaspace: 16650K(17088K)->16650K(17088K) NonClass: 14319K(14528K)->14319K(14528K) Class: 2331K(2560K)->2331K(2560K)
[517.471s][info][gc             ] GC(425) Pause Young (Normal) (G1 Evacuation Pause) 1121M->10M(2048M) 1.653ms
[517.471s][info][gc,cpu         ] GC(425) User=0.02s Sys=0.00s Real=0.02s
[517.666s][info][gc,start       ] GC(426) Pause Young (Normal) (G1 Evacuation Pause)
[517.666s][info][gc,task        ] GC(426) Using 6 workers of 6 for evacuation
[517.668s][info][gc,phases      ] GC(426)   Pre Evacuate Collection Set: 0.3ms
[517.668s][info][gc,phases      ] GC(426)   Merge Heap Roots: 0.1ms
[517.668s][info][gc,phases      ] GC(426)   Evacuate Collection Set: 0.3ms
[517.668s][info][gc,phases      ] GC(426)   Post Evacuate Collection Set: 0.5ms
[517.668s][info][gc,phases      ] GC(426)   Other: 0.1ms
[517.668s][info][gc,heap        ] GC(426) Eden regions: 1225->0(1225)
[517.668s][info][gc,heap        ] GC(426) Survivor regions: 3->3(154)
[517.668s][info][gc,heap        ] GC(426) Old regions: 8->8
[517.668s][info][gc,heap        ] GC(426) Humongous regions: 2->2
[517.668s][info][gc,metaspace   ] GC(426) Metaspace: 16650K(17088K)->16650K(17088K) NonClass: 14319K(14528K)->14319K(14528K) Class: 2331K(2560K)->2331K(2560K)
[517.668s][info][gc             ] GC(426) Pause Young (Normal) (G1 Evacuation Pause) 1235M->10M(2048M) 1.596ms
[517.668s][info][gc,cpu         ] GC(426) User=0.00s Sys=0.00s Real=0.00s
[521.092s][info][gc,start       ] GC(427) Pause Young (Normal) (G1 Evacuation Pause)
[521.093s][info][gc,task        ] GC(427) Using 6 workers of 6 for evacuation
[521.268s][info][gc,phases      ] GC(427)   Pre Evacuate Collection Set: 0.4ms
[521.268s][info][gc,phases      ] GC(427)   Merge Heap Roots: 0.3ms
[521.268s][info][gc,phases      ] GC(427)   Evacuate Collection Set: 173.0ms
[521.268s][info][gc,phases      ] GC(427)   Post Evacuate Collection Set: 1.4ms
[521.268s][info][gc,phases      ] GC(427)   Other: 0.2ms
[521.268s][info][gc,heap        ] GC(427) Eden regions: 1225->0(919)
[521.268s][info][gc,heap        ] GC(427) Survivor regions: 3->154(154)
[521.268s][info][gc,heap        ] GC(427) Old regions: 8->262
[521.268s][info][gc,heap        ] GC(427) Humongous regions: 4->4
[521.268s][info][gc,metaspace   ] GC(427) Metaspace: 16650K(17088K)->16650K(17088K) NonClass: 14319K(14528K)->14319K(14528K) Class: 2331K(2560K)->2331K(2560K)
[521.268s][info][gc             ] GC(427) Pause Young (Normal) (G1 Evacuation Pause) 1237M->416M(2048M) 175.471ms
[521.268s][info][gc,cpu         ] GC(427) User=0.98s Sys=0.00s Real=0.19s
[521.779s][info][gc,start       ] GC(428) Pause Young (Normal) (G1 Evacuation Pause)
[521.779s][info][gc,task        ] GC(428) Using 6 workers of 6 for evacuation
[522.026s][info][gc,mmu         ] GC(428) MMU target violated: 201.0ms (200.0ms/201.0ms)
[522.026s][info][gc,phases      ] GC(428)   Pre Evacuate Collection Set: 0.4ms
[522.026s][info][gc,phases      ] GC(428)   Merge Heap Roots: 1.0ms
[522.026s][info][gc,phases      ] GC(428)   Evacuate Collection Set: 245.0ms
[522.026s][info][gc,phases      ] GC(428)   Post Evacuate Collection Set: 1.1ms
[522.026s][info][gc,phases      ] GC(428)   Other: 0.2ms
[522.026s][info][gc,heap        ] GC(428) Eden regions: 919->0(541)
[522.026s][info][gc,heap        ] GC(428) Survivor regions: 154->135(135)
[522.026s][info][gc,heap        ] GC(428) Old regions: 262->662
[522.026s][info][gc,heap        ] GC(428) Humongous regions: 4->4
[522.026s][info][gc,metaspace   ] GC(428) Metaspace: 16650K(17088K)->16650K(17088K) NonClass: 14319K(14528K)->14319K(14528K) Class: 2331K(2560K)->2331K(2560K)
[522.026s][info][gc             ] GC(428) Pause Young (Normal) (G1 Evacuation Pause) 1335M->797M(2048M) 247.910ms
[522.026s][info][gc,cpu         ] GC(428) User=1.42s Sys=0.00s Real=0.25s
[522.944s][info][gc,start       ] GC(429) Pause Young (Normal) (G1 Evacuation Pause)
[522.944s][info][gc,task        ] GC(429) Using 6 workers of 6 for evacuation
[523.039s][info][gc,phases      ] GC(429)   Pre Evacuate Collection Set: 0.4ms
[523.039s][info][gc,phases      ] GC(429)   Merge Heap Roots: 2.7ms
[523.039s][info][gc,phases      ] GC(429)   Evacuate Collection Set: 90.6ms
[523.039s][info][gc,phases      ] GC(429)   Post Evacuate Collection Set: 0.9ms
[523.039s][info][gc,phases      ] GC(429)   Other: 0.1ms
[523.039s][info][gc,heap        ] GC(429) Eden regions: 406->0(659)
[523.039s][info][gc,heap        ] GC(429) Survivor regions: 135->34(68)
[523.039s][info][gc,heap        ] GC(429) Old regions: 662->791
[523.039s][info][gc,heap        ] GC(429) Humongous regions: 10->10
[523.039s][info][gc,metaspace   ] GC(429) Metaspace: 16650K(17088K)->16650K(17088K) NonClass: 14319K(14528K)->14319K(14528K) Class: 2331K(2560K)->2331K(2560K)
[523.039s][info][gc             ] GC(429) Pause Young (Normal) (G1 Evacuation Pause) 1209M->831M(2048M) 94.954ms
[523.039s][info][gc,cpu         ] GC(429) User=0.50s Sys=0.00s Real=0.10s
[524.092s][info][gc,start       ] GC(430) Pause Full (System.gc())
[524.092s][info][gc,task        ] GC(430) Using 6 workers of 6 for full compaction
[524.092s][info][gc,phases,start] GC(430) Phase 1: Mark live objects
[524.095s][info][gc,phases      ] GC(430) Phase 1: Mark live objects 2.823ms
[524.095s][info][gc,phases,start] GC(430) Phase 2: Prepare compaction
[524.096s][info][gc,phases      ] GC(430) Phase 2: Prepare compaction 1.366ms
[524.096s][info][gc,phases,start] GC(430) Phase 3: Adjust pointers
[524.099s][info][gc,phases      ] GC(430) Phase 3: Adjust pointers 2.323ms
[524.099s][info][gc,phases,start] GC(430) Phase 4: Compact heap
[524.100s][info][gc,phases      ] GC(430) Phase 4: Compact heap 1.279ms
[524.100s][info][gc,phases,start] GC(430) Phase 5: Reset Metadata
[524.101s][info][gc,phases      ] GC(430) Phase 5: Reset Metadata 0.935ms
[524.106s][info][gc,heap        ] GC(430) Eden regions: 283->0(906)
[524.106s][info][gc,heap        ] GC(430) Survivor regions: 34->0(68)
[524.107s][info][gc,heap        ] GC(430) Old regions: 791->8
[524.107s][info][gc,heap        ] GC(430) Humongous regions: 10->2
[524.107s][info][gc,metaspace   ] GC(430) Metaspace: 16650K(17088K)->16650K(17088K) NonClass: 14319K(14528K)->14319K(14528K) Class: 2331K(2560K)->2331K(2560K)
[524.107s][info][gc             ] GC(430) Pause Full (System.gc()) 1114M->7M(2048M) 14.866ms
[524.107s][info][gc,cpu         ] GC(430) User=0.00s Sys=0.00s Real=0.01s
[525.421s][info][gc,start       ] GC(431) Pause Young (Normal) (G1 Evacuation Pause)
[525.422s][info][gc,task        ] GC(431) Using 6 workers of 6 for evacuation
[525.423s][info][gc,phases      ] GC(431)   Pre Evacuate Collection Set: 0.3ms
[525.423s][info][gc,phases      ] GC(431)   Merge Heap Roots: 0.2ms
[525.423s][info][gc,phases      ] GC(431)   Evacuate Collection Set: 0.3ms
[525.423s][info][gc,phases      ] GC(431)   Post Evacuate Collection Set: 0.5ms
[525.423s][info][gc,phases      ] GC(431)   Other: 0.1ms
[525.423s][info][gc,heap        ] GC(431) Eden regions: 1113->0(1145)
[525.423s][info][gc,heap        ] GC(431) Survivor regions: 0->3(140)
[525.423s][info][gc,heap        ] GC(431) Old regions: 8->8
[525.423s][info][gc,heap        ] GC(431) Humongous regions: 2->2
[525.423s][info][gc,metaspace   ] GC(431) Metaspace: 16650K(17088K)->16650K(17088K) NonClass: 14319K(14528K)->14319K(14528K) Class: 2331K(2560K)->2331K(2560K)
[525.423s][info][gc             ] GC(431) Pause Young (Normal) (G1 Evacuation Pause) 1120M->10M(2048M) 1.625ms
[525.423s][info][gc,cpu         ] GC(431) User=0.00s Sys=0.00s Real=0.00s
[525.618s][info][gc,start       ] GC(432) Pause Young (Normal) (G1 Evacuation Pause)
[525.618s][info][gc,task        ] GC(432) Using 6 workers of 6 for evacuation
[525.619s][info][gc,phases      ] GC(432)   Pre Evacuate Collection Set: 0.3ms
[525.619s][info][gc,phases      ] GC(432)   Merge Heap Roots: 0.2ms
[525.619s][info][gc,phases      ] GC(432)   Evacuate Collection Set: 0.3ms
[525.619s][info][gc,phases      ] GC(432)   Post Evacuate Collection Set: 0.5ms
[525.619s][info][gc,phases      ] GC(432)   Other: 0.1ms
[525.619s][info][gc,heap        ] GC(432) Eden regions: 1225->0(1225)
[525.619s][info][gc,heap        ] GC(432) Survivor regions: 3->3(154)
[525.619s][info][gc,heap        ] GC(432) Old regions: 8->8
[525.619s][info][gc,heap        ] GC(432) Humongous regions: 2->2
[525.619s][info][gc,metaspace   ] GC(432) Metaspace: 16650K(17088K)->16650K(17088K) NonClass: 14319K(14528K)->14319K(14528K) Class: 2331K(2560K)->2331K(2560K)
[525.619s][info][gc             ] GC(432) Pause Young (Normal) (G1 Evacuation Pause) 1235M->9M(2048M) 1.699ms
[525.619s][info][gc,cpu         ] GC(432) User=0.00s Sys=0.00s Real=0.00s
[528.430s][info][gc,start       ] GC(433) Pause Young (Normal) (G1 Evacuation Pause)
[528.430s][info][gc,task        ] GC(433) Using 6 workers of 6 for evacuation
[528.605s][info][gc,phases      ] GC(433)   Pre Evacuate Collection Set: 0.4ms
[528.605s][info][gc,phases      ] GC(433)   Merge Heap Roots: 0.3ms
[528.605s][info][gc,phases      ] GC(433)   Evacuate Collection Set: 172.8ms
[528.605s][info][gc,phases      ] GC(433)   Post Evacuate Collection Set: 1.6ms
[528.605s][info][gc,phases      ] GC(433)   Other: 0.1ms
[528.605s][info][gc,heap        ] GC(433) Eden regions: 1225->0(917)
[528.606s][info][gc,heap        ] GC(433) Survivor regions: 3->154(154)
[528.606s][info][gc,heap        ] GC(433) Old regions: 8->263
[528.606s][info][gc,heap        ] GC(433) Humongous regions: 4->4
[528.606s][info][gc,metaspace   ] GC(433) Metaspace: 16650K(17088K)->16650K(17088K) NonClass: 14319K(14528K)->14319K(14528K) Class: 2331K(2560K)->2331K(2560K)
[528.606s][info][gc             ] GC(433) Pause Young (Normal) (G1 Evacuation Pause) 1236M->417M(2048M) 175.494ms
[528.606s][info][gc,cpu         ] GC(433) User=0.97s Sys=0.00s Real=0.17s
[529.115s][info][gc,start       ] GC(434) Pause Young (Normal) (G1 Evacuation Pause)
[529.115s][info][gc,task        ] GC(434) Using 6 workers of 6 for evacuation
[529.364s][info][gc,mmu         ] GC(434) MMU target violated: 201.0ms (200.0ms/201.0ms)
[529.364s][info][gc,phases      ] GC(434)   Pre Evacuate Collection Set: 0.4ms
[529.364s][info][gc,phases      ] GC(434)   Merge Heap Roots: 1.0ms
[529.364s][info][gc,phases      ] GC(434)   Evacuate Collection Set: 246.0ms
[529.364s][info][gc,phases      ] GC(434)   Post Evacuate Collection Set: 1.3ms
[529.364s][info][gc,phases      ] GC(434)   Other: 0.2ms
[529.364s][info][gc,heap        ] GC(434) Eden regions: 917->0(545)
[529.364s][info][gc,heap        ] GC(434) Survivor regions: 154->134(134)
[529.364s][info][gc,heap        ] GC(434) Old regions: 263->663
[529.364s][info][gc,heap        ] GC(434) Humongous regions: 4->4
[529.364s][info][gc,metaspace   ] GC(434) Metaspace: 16650K(17088K)->16650K(17088K) NonClass: 14319K(14528K)->14319K(14528K) Class: 2331K(2560K)->2331K(2560K)
[529.364s][info][gc             ] GC(434) Pause Young (Normal) (G1 Evacuation Pause) 1334M->797M(2048M) 249.171ms
[529.364s][info][gc,cpu         ] GC(434) User=1.42s Sys=0.00s Real=0.25s
[530.266s][info][gc,start       ] GC(435) Pause Young (Normal) (G1 Evacuation Pause)
[530.266s][info][gc,task        ] GC(435) Using 6 workers of 6 for evacuation
[530.358s][info][gc,phases      ] GC(435)   Pre Evacuate Collection Set: 0.4ms
[530.358s][info][gc,phases      ] GC(435)   Merge Heap Roots: 2.5ms
[530.358s][info][gc,phases      ] GC(435)   Evacuate Collection Set: 87.8ms
[530.358s][info][gc,phases      ] GC(435)   Post Evacuate Collection Set: 0.9ms
[530.358s][info][gc,phases      ] GC(435)   Other: 0.1ms
[530.358s][info][gc,heap        ] GC(435) Eden regions: 413->0(660)
[530.358s][info][gc,heap        ] GC(435) Survivor regions: 134->34(69)
[530.358s][info][gc,heap        ] GC(435) Old regions: 663->791
[530.358s][info][gc,heap        ] GC(435) Humongous regions: 10->10
[530.358s][info][gc,metaspace   ] GC(435) Metaspace: 16650K(17088K)->16650K(17088K) NonClass: 14319K(14528K)->14319K(14528K) Class: 2331K(2560K)->2331K(2560K)
[530.358s][info][gc             ] GC(435) Pause Young (Normal) (G1 Evacuation Pause) 1216M->832M(2048M) 92.119ms
[530.358s][info][gc,cpu         ] GC(435) User=0.56s Sys=0.00s Real=0.09s
[531.404s][info][gc,start       ] GC(436) Pause Full (System.gc())
[531.404s][info][gc,task        ] GC(436) Using 6 workers of 6 for full compaction
[531.404s][info][gc,phases,start] GC(436) Phase 1: Mark live objects
[531.407s][info][gc,phases      ] GC(436) Phase 1: Mark live objects 3.203ms
[531.407s][info][gc,phases,start] GC(436) Phase 2: Prepare compaction
[531.409s][info][gc,phases      ] GC(436) Phase 2: Prepare compaction 1.286ms
[531.409s][info][gc,phases,start] GC(436) Phase 3: Adjust pointers
[531.411s][info][gc,phases      ] GC(436) Phase 3: Adjust pointers 2.559ms
[531.411s][info][gc,phases,start] GC(436) Phase 4: Compact heap
[531.413s][info][gc,phases      ] GC(436) Phase 4: Compact heap 1.270ms
[531.413s][info][gc,phases,start] GC(436) Phase 5: Reset Metadata
[531.413s][info][gc,phases      ] GC(436) Phase 5: Reset Metadata 0.751ms
[531.419s][info][gc,heap        ] GC(436) Eden regions: 278->0(920)
[531.419s][info][gc,heap        ] GC(436) Survivor regions: 34->0(69)
[531.419s][info][gc,heap        ] GC(436) Old regions: 791->8
[531.419s][info][gc,heap        ] GC(436) Humongous regions: 10->2
[531.419s][info][gc,metaspace   ] GC(436) Metaspace: 16650K(17088K)->16650K(17088K) NonClass: 14319K(14528K)->14319K(14528K) Class: 2331K(2560K)->2331K(2560K)
[531.419s][info][gc             ] GC(436) Pause Full (System.gc()) 1109M->7M(2048M) 15.470ms
[531.419s][info][gc,cpu         ] GC(436) User=0.00s Sys=0.00s Real=0.01s
[532.628s][info][gc,start       ] GC(437) Pause Young (Normal) (G1 Evacuation Pause)
[532.628s][info][gc,task        ] GC(437) Using 6 workers of 6 for evacuation
[532.630s][info][gc,phases      ] GC(437)   Pre Evacuate Collection Set: 0.3ms
[532.630s][info][gc,phases      ] GC(437)   Merge Heap Roots: 0.1ms
[532.630s][info][gc,phases      ] GC(437)   Evacuate Collection Set: 0.3ms
[532.630s][info][gc,phases      ] GC(437)   Post Evacuate Collection Set: 0.6ms
[532.630s][info][gc,phases      ] GC(437)   Other: 0.1ms
[532.630s][info][gc,heap        ] GC(437) Eden regions: 1114->0(1120)
[532.630s][info][gc,heap        ] GC(437) Survivor regions: 0->3(140)
[532.630s][info][gc,heap        ] GC(437) Old regions: 8->8
[532.630s][info][gc,heap        ] GC(437) Humongous regions: 2->2
[532.630s][info][gc,metaspace   ] GC(437) Metaspace: 16650K(17088K)->16650K(17088K) NonClass: 14319K(14528K)->14319K(14528K) Class: 2331K(2560K)->2331K(2560K)
[532.630s][info][gc             ] GC(437) Pause Young (Normal) (G1 Evacuation Pause) 1121M->10M(2048M) 1.609ms
[532.630s][info][gc,cpu         ] GC(437) User=0.00s Sys=0.00s Real=0.00s
[532.818s][info][gc,start       ] GC(438) Pause Young (Normal) (G1 Evacuation Pause)
[532.818s][info][gc,task        ] GC(438) Using 6 workers of 6 for evacuation
[532.820s][info][gc,phases      ] GC(438)   Pre Evacuate Collection Set: 0.3ms
[532.820s][info][gc,phases      ] GC(438)   Merge Heap Roots: 0.2ms
[532.820s][info][gc,phases      ] GC(438)   Evacuate Collection Set: 0.3ms
[532.820s][info][gc,phases      ] GC(438)   Post Evacuate Collection Set: 0.6ms
[532.820s][info][gc,phases      ] GC(438)   Other: 0.1ms
[532.820s][info][gc,heap        ] GC(438) Eden regions: 1225->0(1226)
[532.820s][info][gc,heap        ] GC(438) Survivor regions: 3->2(154)
[532.820s][info][gc,heap        ] GC(438) Old regions: 8->8
[532.820s][info][gc,heap        ] GC(438) Humongous regions: 2->2
[532.820s][info][gc,metaspace   ] GC(438) Metaspace: 16650K(17088K)->16650K(17088K) NonClass: 14319K(14528K)->14319K(14528K) Class: 2331K(2560K)->2331K(2560K)
[532.820s][info][gc             ] GC(438) Pause Young (Normal) (G1 Evacuation Pause) 1235M->9M(2048M) 1.802ms
[532.820s][info][gc,cpu         ] GC(438) User=0.00s Sys=0.00s Real=0.00s
[536.361s][info][gc,start       ] GC(439) Pause Young (Normal) (G1 Evacuation Pause)
[536.361s][info][gc,task        ] GC(439) Using 6 workers of 6 for evacuation
[536.536s][info][gc,phases      ] GC(439)   Pre Evacuate Collection Set: 0.4ms
[536.536s][info][gc,phases      ] GC(439)   Merge Heap Roots: 0.2ms
[536.536s][info][gc,phases      ] GC(439)   Evacuate Collection Set: 172.5ms
[536.536s][info][gc,phases      ] GC(439)   Post Evacuate Collection Set: 1.7ms
[536.536s][info][gc,phases      ] GC(439)   Other: 0.2ms
[536.536s][info][gc,heap        ] GC(439) Eden regions: 1226->0(919)
[536.536s][info][gc,heap        ] GC(439) Survivor regions: 2->154(154)
[536.536s][info][gc,heap        ] GC(439) Old regions: 8->262
[536.536s][info][gc,heap        ] GC(439) Humongous regions: 4->4
[536.536s][info][gc,metaspace   ] GC(439) Metaspace: 16650K(17088K)->16650K(17088K) NonClass: 14319K(14528K)->14319K(14528K) Class: 2331K(2560K)->2331K(2560K)
[536.537s][info][gc             ] GC(439) Pause Young (Normal) (G1 Evacuation Pause) 1237M->417M(2048M) 175.379ms
[536.537s][info][gc,cpu         ] GC(439) User=1.02s Sys=0.00s Real=0.17s
[537.047s][info][gc,start       ] GC(440) Pause Young (Normal) (G1 Evacuation Pause)
[537.047s][info][gc,task        ] GC(440) Using 6 workers of 6 for evacuation
[537.298s][info][gc,mmu         ] GC(440) MMU target violated: 201.0ms (200.0ms/201.0ms)
[537.299s][info][gc,phases      ] GC(440)   Pre Evacuate Collection Set: 0.4ms
[537.299s][info][gc,phases      ] GC(440)   Merge Heap Roots: 1.2ms
[537.299s][info][gc,phases      ] GC(440)   Evacuate Collection Set: 248.9ms
[537.299s][info][gc,phases      ] GC(440)   Post Evacuate Collection Set: 1.1ms
[537.299s][info][gc,phases      ] GC(440)   Other: 0.3ms
[537.299s][info][gc,heap        ] GC(440) Eden regions: 919->0(532)
[537.299s][info][gc,heap        ] GC(440) Survivor regions: 154->135(135)
[537.299s][info][gc,heap        ] GC(440) Old regions: 262->662
[537.299s][info][gc,heap        ] GC(440) Humongous regions: 4->4
[537.299s][info][gc,metaspace   ] GC(440) Metaspace: 16650K(17088K)->16650K(17088K) NonClass: 14319K(14528K)->14319K(14528K) Class: 2331K(2560K)->2331K(2560K)
[537.299s][info][gc             ] GC(440) Pause Young (Normal) (G1 Evacuation Pause) 1336M->798M(2048M) 252.065ms
[537.299s][info][gc,cpu         ] GC(440) User=1.42s Sys=0.00s Real=0.25s
[538.173s][info][gc,start       ] GC(441) Pause Young (Normal) (G1 Evacuation Pause)
[538.173s][info][gc,task        ] GC(441) Using 6 workers of 6 for evacuation
[538.269s][info][gc,phases      ] GC(441)   Pre Evacuate Collection Set: 0.3ms
[538.269s][info][gc,phases      ] GC(441)   Merge Heap Roots: 2.2ms
[538.269s][info][gc,phases      ] GC(441)   Evacuate Collection Set: 91.7ms
[538.269s][info][gc,phases      ] GC(441)   Post Evacuate Collection Set: 1.0ms
[538.269s][info][gc,phases      ] GC(441)   Other: 0.2ms
[538.269s][info][gc,heap        ] GC(441) Eden regions: 402->0(657)
[538.269s][info][gc,heap        ] GC(441) Survivor regions: 135->35(68)
[538.269s][info][gc,heap        ] GC(441) Old regions: 662->791
[538.269s][info][gc,heap        ] GC(441) Humongous regions: 10->10
[538.269s][info][gc,metaspace   ] GC(441) Metaspace: 16650K(17088K)->16650K(17088K) NonClass: 14319K(14528K)->14319K(14528K) Class: 2331K(2560K)->2331K(2560K)
[538.269s][info][gc             ] GC(441) Pause Young (Normal) (G1 Evacuation Pause) 1206M->833M(2048M) 95.539ms
[538.269s][info][gc,cpu         ] GC(441) User=0.50s Sys=0.00s Real=0.09s
[539.339s][info][gc,start       ] GC(442) Pause Full (System.gc())
[539.340s][info][gc,task        ] GC(442) Using 6 workers of 6 for full compaction
[539.340s][info][gc,phases,start] GC(442) Phase 1: Mark live objects
[539.343s][info][gc,phases      ] GC(442) Phase 1: Mark live objects 2.847ms
[539.343s][info][gc,phases,start] GC(442) Phase 2: Prepare compaction
[539.344s][info][gc,phases      ] GC(442) Phase 2: Prepare compaction 1.291ms
[539.344s][info][gc,phases,start] GC(442) Phase 3: Adjust pointers
[539.347s][info][gc,phases      ] GC(442) Phase 3: Adjust pointers 2.756ms
[539.347s][info][gc,phases,start] GC(442) Phase 4: Compact heap
[539.348s][info][gc,phases      ] GC(442) Phase 4: Compact heap 0.847ms
[539.348s][info][gc,phases,start] GC(442) Phase 5: Reset Metadata
[539.349s][info][gc,phases      ] GC(442) Phase 5: Reset Metadata 0.774ms
[539.354s][info][gc,heap        ] GC(442) Eden regions: 288->0(896)
[539.355s][info][gc,heap        ] GC(442) Survivor regions: 35->0(68)
[539.355s][info][gc,heap        ] GC(442) Old regions: 791->8
[539.355s][info][gc,heap        ] GC(442) Humongous regions: 10->2
[539.355s][info][gc,metaspace   ] GC(442) Metaspace: 16650K(17088K)->16650K(17088K) NonClass: 14319K(14528K)->14319K(14528K) Class: 2331K(2560K)->2331K(2560K)
[539.355s][info][gc             ] GC(442) Pause Full (System.gc()) 1121M->7M(2048M) 15.280ms
[539.355s][info][gc,cpu         ] GC(442) User=0.02s Sys=0.00s Real=0.02s
[540.629s][info][gc,start       ] GC(443) Pause Young (Normal) (G1 Evacuation Pause)
[540.629s][info][gc,task        ] GC(443) Using 6 workers of 6 for evacuation
[540.631s][info][gc,phases      ] GC(443)   Pre Evacuate Collection Set: 0.3ms
[540.631s][info][gc,phases      ] GC(443)   Merge Heap Roots: 0.1ms
[540.631s][info][gc,phases      ] GC(443)   Evacuate Collection Set: 0.3ms
[540.631s][info][gc,phases      ] GC(443)   Post Evacuate Collection Set: 0.6ms
[540.631s][info][gc,phases      ] GC(443)   Other: 0.1ms
[540.631s][info][gc,heap        ] GC(443) Eden regions: 1112->0(1139)
[540.631s][info][gc,heap        ] GC(443) Survivor regions: 0->3(139)
[540.631s][info][gc,heap        ] GC(443) Old regions: 8->8
[540.631s][info][gc,heap        ] GC(443) Humongous regions: 2->2
[540.631s][info][gc,metaspace   ] GC(443) Metaspace: 16650K(17088K)->16650K(17088K) NonClass: 14319K(14528K)->14319K(14528K) Class: 2331K(2560K)->2331K(2560K)
[540.631s][info][gc             ] GC(443) Pause Young (Normal) (G1 Evacuation Pause) 1119M->10M(2048M) 1.794ms
[540.631s][info][gc,cpu         ] GC(443) User=0.02s Sys=0.00s Real=0.00s
[540.820s][info][gc,start       ] GC(444) Pause Young (Normal) (G1 Evacuation Pause)
[540.820s][info][gc,task        ] GC(444) Using 6 workers of 6 for evacuation
[540.821s][info][gc,phases      ] GC(444)   Pre Evacuate Collection Set: 0.3ms
[540.821s][info][gc,phases      ] GC(444)   Merge Heap Roots: 0.2ms
[540.821s][info][gc,phases      ] GC(444)   Evacuate Collection Set: 0.3ms
[540.821s][info][gc,phases      ] GC(444)   Post Evacuate Collection Set: 0.5ms
[540.821s][info][gc,phases      ] GC(444)   Other: 0.1ms
[540.821s][info][gc,heap        ] GC(444) Eden regions: 1225->0(1225)
[540.821s][info][gc,heap        ] GC(444) Survivor regions: 3->3(154)
[540.821s][info][gc,heap        ] GC(444) Old regions: 8->8
[540.821s][info][gc,heap        ] GC(444) Humongous regions: 2->2
[540.821s][info][gc,metaspace   ] GC(444) Metaspace: 16650K(17088K)->16650K(17088K) NonClass: 14319K(14528K)->14319K(14528K) Class: 2331K(2560K)->2331K(2560K)
[540.821s][info][gc             ] GC(444) Pause Young (Normal) (G1 Evacuation Pause) 1235M->10M(2048M) 1.635ms
[540.821s][info][gc,cpu         ] GC(444) User=0.00s Sys=0.00s Real=0.02s
[544.837s][info][gc,start       ] GC(445) Pause Young (Normal) (G1 Evacuation Pause)
[544.837s][info][gc,task        ] GC(445) Using 6 workers of 6 for evacuation
[545.012s][info][gc,phases      ] GC(445)   Pre Evacuate Collection Set: 0.3ms
[545.012s][info][gc,phases      ] GC(445)   Merge Heap Roots: 0.3ms
[545.012s][info][gc,phases      ] GC(445)   Evacuate Collection Set: 172.4ms
[545.012s][info][gc,phases      ] GC(445)   Post Evacuate Collection Set: 1.5ms
[545.012s][info][gc,phases      ] GC(445)   Other: 0.1ms
[545.012s][info][gc,heap        ] GC(445) Eden regions: 1225->0(918)
[545.012s][info][gc,heap        ] GC(445) Survivor regions: 3->154(154)
[545.012s][info][gc,heap        ] GC(445) Old regions: 8->262
[545.012s][info][gc,heap        ] GC(445) Humongous regions: 4->4
[545.012s][info][gc,metaspace   ] GC(445) Metaspace: 16650K(17088K)->16650K(17088K) NonClass: 14319K(14528K)->14319K(14528K) Class: 2331K(2560K)->2331K(2560K)
[545.012s][info][gc             ] GC(445) Pause Young (Normal) (G1 Evacuation Pause) 1237M->416M(2048M) 174.723ms
[545.012s][info][gc,cpu         ] GC(445) User=0.98s Sys=0.00s Real=0.19s
[545.511s][info][gc,start       ] GC(446) Pause Young (Normal) (G1 Evacuation Pause)
[545.511s][info][gc,task        ] GC(446) Using 6 workers of 6 for evacuation
[545.758s][info][gc,mmu         ] GC(446) MMU target violated: 201.0ms (200.0ms/201.0ms)
[545.758s][info][gc,phases      ] GC(446)   Pre Evacuate Collection Set: 0.4ms
[545.758s][info][gc,phases      ] GC(446)   Merge Heap Roots: 1.2ms
[545.758s][info][gc,phases      ] GC(446)   Evacuate Collection Set: 243.7ms
[545.758s][info][gc,phases      ] GC(446)   Post Evacuate Collection Set: 1.2ms
[545.758s][info][gc,phases      ] GC(446)   Other: 0.3ms
[545.758s][info][gc,heap        ] GC(446) Eden regions: 903->0(518)
[545.758s][info][gc,heap        ] GC(446) Survivor regions: 154->133(133)
[545.758s][info][gc,heap        ] GC(446) Old regions: 262->658
[545.758s][info][gc,heap        ] GC(446) Humongous regions: 4->4
[545.758s][info][gc,metaspace   ] GC(446) Metaspace: 16650K(17088K)->16650K(17088K) NonClass: 14319K(14528K)->14319K(14528K) Class: 2331K(2560K)->2331K(2560K)
[545.758s][info][gc             ] GC(446) Pause Young (Normal) (G1 Evacuation Pause) 1319M->791M(2048M) 247.017ms
[545.758s][info][gc,cpu         ] GC(446) User=1.44s Sys=0.00s Real=0.25s
[546.571s][info][gc,start       ] GC(447) Pause Young (Normal) (G1 Evacuation Pause)
[546.571s][info][gc,task        ] GC(447) Using 6 workers of 6 for evacuation
[546.670s][info][gc,phases      ] GC(447)   Pre Evacuate Collection Set: 0.4ms
[546.670s][info][gc,phases      ] GC(447)   Merge Heap Roots: 2.6ms
[546.670s][info][gc,phases      ] GC(447)   Evacuate Collection Set: 94.9ms
[546.670s][info][gc,phases      ] GC(447)   Post Evacuate Collection Set: 1.0ms
[546.670s][info][gc,phases      ] GC(447)   Other: 0.1ms
[546.670s][info][gc,heap        ] GC(447) Eden regions: 392->0(652)
[546.670s][info][gc,heap        ] GC(447) Survivor regions: 133->43(66)
[546.670s][info][gc,heap        ] GC(447) Old regions: 658->786
[546.670s][info][gc,heap        ] GC(447) Humongous regions: 10->10
[546.670s][info][gc,metaspace   ] GC(447) Metaspace: 16650K(17088K)->16650K(17088K) NonClass: 14319K(14528K)->14319K(14528K) Class: 2331K(2560K)->2331K(2560K)
[546.670s][info][gc             ] GC(447) Pause Young (Normal) (G1 Evacuation Pause) 1189M->835M(2048M) 99.156ms
[546.670s][info][gc,cpu         ] GC(447) User=0.56s Sys=0.00s Real=0.09s
[547.790s][info][gc,start       ] GC(448) Pause Full (System.gc())
[547.790s][info][gc,task        ] GC(448) Using 6 workers of 6 for full compaction
[547.791s][info][gc,phases,start] GC(448) Phase 1: Mark live objects
[547.794s][info][gc,phases      ] GC(448) Phase 1: Mark live objects 3.008ms
[547.794s][info][gc,phases,start] GC(448) Phase 2: Prepare compaction
[547.795s][info][gc,phases      ] GC(448) Phase 2: Prepare compaction 1.313ms
[547.795s][info][gc,phases,start] GC(448) Phase 3: Adjust pointers
[547.798s][info][gc,phases      ] GC(448) Phase 3: Adjust pointers 2.742ms
[547.798s][info][gc,phases,start] GC(448) Phase 4: Compact heap
[547.799s][info][gc,phases      ] GC(448) Phase 4: Compact heap 1.034ms
[547.799s][info][gc,phases,start] GC(448) Phase 5: Reset Metadata
[547.800s][info][gc,phases      ] GC(448) Phase 5: Reset Metadata 0.742ms
[547.805s][info][gc,heap        ] GC(448) Eden regions: 313->0(865)
[547.806s][info][gc,heap        ] GC(448) Survivor regions: 43->0(66)
[547.806s][info][gc,heap        ] GC(448) Old regions: 786->8
[547.806s][info][gc,heap        ] GC(448) Humongous regions: 10->2
[547.806s][info][gc,metaspace   ] GC(448) Metaspace: 16650K(17088K)->16650K(17088K) NonClass: 14319K(14528K)->14319K(14528K) Class: 2331K(2560K)->2331K(2560K)
[547.806s][info][gc             ] GC(448) Pause Full (System.gc()) 1148M->7M(2048M) 15.250ms
[547.806s][info][gc,cpu         ] GC(448) User=0.02s Sys=0.00s Real=0.02s
[549.006s][info][gc,start       ] GC(449) Pause Young (Normal) (G1 Evacuation Pause)
[549.006s][info][gc,task        ] GC(449) Using 6 workers of 6 for evacuation
[549.007s][info][gc,phases      ] GC(449)   Pre Evacuate Collection Set: 0.3ms
[549.007s][info][gc,phases      ] GC(449)   Merge Heap Roots: 0.1ms
[549.007s][info][gc,phases      ] GC(449)   Evacuate Collection Set: 0.3ms
[549.007s][info][gc,phases      ] GC(449)   Post Evacuate Collection Set: 0.6ms
[549.007s][info][gc,phases      ] GC(449)   Other: 0.1ms
[549.007s][info][gc,heap        ] GC(449) Eden regions: 1082->0(1145)
[549.007s][info][gc,heap        ] GC(449) Survivor regions: 0->3(136)
[549.007s][info][gc,heap        ] GC(449) Old regions: 8->8
[549.007s][info][gc,heap        ] GC(449) Humongous regions: 2->2
[549.007s][info][gc,metaspace   ] GC(449) Metaspace: 16650K(17088K)->16650K(17088K) NonClass: 14319K(14528K)->14319K(14528K) Class: 2331K(2560K)->2331K(2560K)
[549.007s][info][gc             ] GC(449) Pause Young (Normal) (G1 Evacuation Pause) 1089M->10M(2048M) 1.616ms
[549.007s][info][gc,cpu         ] GC(449) User=0.00s Sys=0.00s Real=0.00s
[549.199s][info][gc,start       ] GC(450) Pause Young (Normal) (G1 Evacuation Pause)
[549.199s][info][gc,task        ] GC(450) Using 6 workers of 6 for evacuation
[549.200s][info][gc,phases      ] GC(450)   Pre Evacuate Collection Set: 0.3ms
[549.200s][info][gc,phases      ] GC(450)   Merge Heap Roots: 0.2ms
[549.200s][info][gc,phases      ] GC(450)   Evacuate Collection Set: 0.3ms
[549.200s][info][gc,phases      ] GC(450)   Post Evacuate Collection Set: 0.6ms
[549.200s][info][gc,phases      ] GC(450)   Other: 0.1ms
[549.200s][info][gc,heap        ] GC(450) Eden regions: 1225->0(1225)
[549.200s][info][gc,heap        ] GC(450) Survivor regions: 3->3(154)
[549.200s][info][gc,heap        ] GC(450) Old regions: 8->8
[549.200s][info][gc,heap        ] GC(450) Humongous regions: 2->2
[549.200s][info][gc,metaspace   ] GC(450) Metaspace: 16650K(17088K)->16650K(17088K) NonClass: 14319K(14528K)->14319K(14528K) Class: 2331K(2560K)->2331K(2560K)
[549.200s][info][gc             ] GC(450) Pause Young (Normal) (G1 Evacuation Pause) 1235M->10M(2048M) 1.693ms
[549.200s][info][gc,cpu         ] GC(450) User=0.00s Sys=0.00s Real=0.00s
[551.977s][info][gc,start       ] GC(451) Pause Young (Normal) (G1 Evacuation Pause)
[551.977s][info][gc,task        ] GC(451) Using 6 workers of 6 for evacuation
[552.145s][info][gc,phases      ] GC(451)   Pre Evacuate Collection Set: 0.4ms
[552.145s][info][gc,phases      ] GC(451)   Merge Heap Roots: 0.3ms
[552.145s][info][gc,phases      ] GC(451)   Evacuate Collection Set: 165.5ms
[552.145s][info][gc,phases      ] GC(451)   Post Evacuate Collection Set: 1.5ms
[552.145s][info][gc,phases      ] GC(451)   Other: 0.1ms
[552.145s][info][gc,heap        ] GC(451) Eden regions: 1225->0(934)
[552.145s][info][gc,heap        ] GC(451) Survivor regions: 3->154(154)
[552.145s][info][gc,heap        ] GC(451) Old regions: 8->246
[552.145s][info][gc,heap        ] GC(451) Humongous regions: 4->4
[552.145s][info][gc,metaspace   ] GC(451) Metaspace: 16650K(17088K)->16650K(17088K) NonClass: 14319K(14528K)->14319K(14528K) Class: 2331K(2560K)->2331K(2560K)
[552.145s][info][gc             ] GC(451) Pause Young (Normal) (G1 Evacuation Pause) 1237M->401M(2048M) 168.012ms
[552.145s][info][gc,cpu         ] GC(451) User=0.95s Sys=0.00s Real=0.17s
[552.662s][info][gc,start       ] GC(452) Pause Young (Normal) (G1 Evacuation Pause)
[552.662s][info][gc,task        ] GC(452) Using 6 workers of 6 for evacuation
[552.918s][info][gc,mmu         ] GC(452) MMU target violated: 201.0ms (200.0ms/201.0ms)
[552.918s][info][gc,phases      ] GC(452)   Pre Evacuate Collection Set: 0.3ms
[552.918s][info][gc,phases      ] GC(452)   Merge Heap Roots: 1.0ms
[552.918s][info][gc,phases      ] GC(452)   Evacuate Collection Set: 253.4ms
[552.918s][info][gc,phases      ] GC(452)   Post Evacuate Collection Set: 1.1ms
[552.918s][info][gc,phases      ] GC(452)   Other: 0.2ms
[552.918s][info][gc,heap        ] GC(452) Eden regions: 934->0(529)
[552.918s][info][gc,heap        ] GC(452) Survivor regions: 154->136(136)
[552.918s][info][gc,heap        ] GC(452) Old regions: 246->652
[552.918s][info][gc,heap        ] GC(452) Humongous regions: 4->4
[552.918s][info][gc,metaspace   ] GC(452) Metaspace: 16650K(17088K)->16650K(17088K) NonClass: 14319K(14528K)->14319K(14528K) Class: 2331K(2560K)->2331K(2560K)
[552.918s][info][gc             ] GC(452) Pause Young (Normal) (G1 Evacuation Pause) 1335M->789M(2048M) 256.187ms
[552.918s][info][gc,cpu         ] GC(452) User=1.47s Sys=0.00s Real=0.25s
[553.715s][info][gc,start       ] GC(453) Pause Young (Normal) (G1 Evacuation Pause)
[553.715s][info][gc,task        ] GC(453) Using 6 workers of 6 for evacuation
[553.815s][info][gc,phases      ] GC(453)   Pre Evacuate Collection Set: 0.4ms
[553.815s][info][gc,phases      ] GC(453)   Merge Heap Roots: 2.3ms
[553.815s][info][gc,phases      ] GC(453)   Evacuate Collection Set: 95.7ms
[553.815s][info][gc,phases      ] GC(453)   Post Evacuate Collection Set: 1.0ms
[553.815s][info][gc,phases      ] GC(453)   Other: 0.1ms
[553.815s][info][gc,heap        ] GC(453) Eden regions: 390->0(649)
[553.815s][info][gc,heap        ] GC(453) Survivor regions: 136->45(66)
[553.815s][info][gc,heap        ] GC(453) Old regions: 652->783
[553.815s][info][gc,heap        ] GC(453) Humongous regions: 10->10
[553.815s][info][gc,metaspace   ] GC(453) Metaspace: 16650K(17088K)->16650K(17088K) NonClass: 14319K(14528K)->14319K(14528K) Class: 2331K(2560K)->2331K(2560K)
[553.815s][info][gc             ] GC(453) Pause Young (Normal) (G1 Evacuation Pause) 1185M->835M(2048M) 99.713ms
[553.815s][info][gc,cpu         ] GC(453) User=0.56s Sys=0.00s Real=0.09s
[554.934s][info][gc,start       ] GC(454) Pause Full (System.gc())
[554.934s][info][gc,task        ] GC(454) Using 6 workers of 6 for full compaction
[554.934s][info][gc,phases,start] GC(454) Phase 1: Mark live objects
[554.937s][info][gc,phases      ] GC(454) Phase 1: Mark live objects 2.736ms
[554.937s][info][gc,phases,start] GC(454) Phase 2: Prepare compaction
[554.939s][info][gc,phases      ] GC(454) Phase 2: Prepare compaction 1.426ms
[554.939s][info][gc,phases,start] GC(454) Phase 3: Adjust pointers
[554.941s][info][gc,phases      ] GC(454) Phase 3: Adjust pointers 2.251ms
[554.941s][info][gc,phases,start] GC(454) Phase 4: Compact heap
[554.942s][info][gc,phases      ] GC(454) Phase 4: Compact heap 1.262ms
[554.942s][info][gc,phases,start] GC(454) Phase 5: Reset Metadata
[554.943s][info][gc,phases      ] GC(454) Phase 5: Reset Metadata 0.787ms
[554.949s][info][gc,heap        ] GC(454) Eden regions: 320->0(890)
[554.949s][info][gc,heap        ] GC(454) Survivor regions: 45->0(66)
[554.949s][info][gc,heap        ] GC(454) Old regions: 783->8
[554.949s][info][gc,heap        ] GC(454) Humongous regions: 10->2
[554.949s][info][gc,metaspace   ] GC(454) Metaspace: 16650K(17088K)->16650K(17088K) NonClass: 14319K(14528K)->14319K(14528K) Class: 2331K(2560K)->2331K(2560K)
[554.949s][info][gc             ] GC(454) Pause Full (System.gc()) 1155M->7M(2048M) 15.084ms
[554.949s][info][gc,cpu         ] GC(454) User=0.00s Sys=0.00s Real=0.02s
[556.417s][info][gc,start       ] GC(455) Pause Young (Normal) (G1 Evacuation Pause)
[556.417s][info][gc,task        ] GC(455) Using 6 workers of 6 for evacuation
[556.418s][info][gc,phases      ] GC(455)   Pre Evacuate Collection Set: 0.3ms
[556.418s][info][gc,phases      ] GC(455)   Merge Heap Roots: 0.1ms
[556.418s][info][gc,phases      ] GC(455)   Evacuate Collection Set: 0.3ms
[556.418s][info][gc,phases      ] GC(455)   Post Evacuate Collection Set: 0.5ms
[556.418s][info][gc,phases      ] GC(455)   Other: 0.1ms
[556.418s][info][gc,heap        ] GC(455) Eden regions: 1105->0(1088)
[556.418s][info][gc,heap        ] GC(455) Survivor regions: 0->3(139)
[556.418s][info][gc,heap        ] GC(455) Old regions: 8->8
[556.418s][info][gc,heap        ] GC(455) Humongous regions: 2->2
[556.418s][info][gc,metaspace   ] GC(455) Metaspace: 16651K(17088K)->16651K(17088K) NonClass: 14320K(14528K)->14320K(14528K) Class: 2331K(2560K)->2331K(2560K)
[556.419s][info][gc             ] GC(455) Pause Young (Normal) (G1 Evacuation Pause) 1112M->10M(2048M) 1.660ms
[556.419s][info][gc,cpu         ] GC(455) User=0.00s Sys=0.00s Real=0.00s
[556.614s][info][gc,start       ] GC(456) Pause Young (Normal) (G1 Evacuation Pause)
[556.615s][info][gc,task        ] GC(456) Using 6 workers of 6 for evacuation
[556.616s][info][gc,phases      ] GC(456)   Pre Evacuate Collection Set: 0.3ms
[556.616s][info][gc,phases      ] GC(456)   Merge Heap Roots: 0.2ms
[556.616s][info][gc,phases      ] GC(456)   Evacuate Collection Set: 0.3ms
[556.616s][info][gc,phases      ] GC(456)   Post Evacuate Collection Set: 0.5ms
[556.616s][info][gc,phases      ] GC(456)   Other: 0.1ms
[556.616s][info][gc,heap        ] GC(456) Eden regions: 1222->0(1225)
[556.616s][info][gc,heap        ] GC(456) Survivor regions: 3->3(154)
[556.616s][info][gc,heap        ] GC(456) Old regions: 8->8
[556.616s][info][gc,heap        ] GC(456) Humongous regions: 2->2
[556.616s][info][gc,metaspace   ] GC(456) Metaspace: 16651K(17088K)->16651K(17088K) NonClass: 14320K(14528K)->14320K(14528K) Class: 2331K(2560K)->2331K(2560K)
[556.616s][info][gc             ] GC(456) Pause Young (Normal) (G1 Evacuation Pause) 1232M->10M(2048M) 1.602ms
[556.616s][info][gc,cpu         ] GC(456) User=0.00s Sys=0.00s Real=0.00s
[559.538s][info][gc,start       ] GC(457) Pause Young (Normal) (G1 Evacuation Pause)
[559.538s][info][gc,task        ] GC(457) Using 6 workers of 6 for evacuation
[559.712s][info][gc,phases      ] GC(457)   Pre Evacuate Collection Set: 0.3ms
[559.712s][info][gc,phases      ] GC(457)   Merge Heap Roots: 0.2ms
[559.712s][info][gc,phases      ] GC(457)   Evacuate Collection Set: 172.0ms
[559.712s][info][gc,phases      ] GC(457)   Post Evacuate Collection Set: 1.5ms
[559.712s][info][gc,phases      ] GC(457)   Other: 0.1ms
[559.712s][info][gc,heap        ] GC(457) Eden regions: 1225->0(921)
[559.712s][info][gc,heap        ] GC(457) Survivor regions: 3->154(154)
[559.712s][info][gc,heap        ] GC(457) Old regions: 8->257
[559.712s][info][gc,heap        ] GC(457) Humongous regions: 4->4
[559.712s][info][gc,metaspace   ] GC(457) Metaspace: 16651K(17088K)->16651K(17088K) NonClass: 14320K(14528K)->14320K(14528K) Class: 2331K(2560K)->2331K(2560K)
[559.712s][info][gc             ] GC(457) Pause Young (Normal) (G1 Evacuation Pause) 1237M->412M(2048M) 174.373ms
[559.712s][info][gc,cpu         ] GC(457) User=1.00s Sys=0.00s Real=0.17s
[560.228s][info][gc,start       ] GC(458) Pause Young (Normal) (G1 Evacuation Pause)
[560.228s][info][gc,task        ] GC(458) Using 6 workers of 6 for evacuation
[560.484s][info][gc,mmu         ] GC(458) MMU target violated: 201.0ms (200.0ms/201.0ms)
[560.484s][info][gc,phases      ] GC(458)   Pre Evacuate Collection Set: 0.3ms
[560.484s][info][gc,phases      ] GC(458)   Merge Heap Roots: 1.1ms
[560.484s][info][gc,phases      ] GC(458)   Evacuate Collection Set: 253.7ms
[560.484s][info][gc,phases      ] GC(458)   Post Evacuate Collection Set: 1.3ms
[560.484s][info][gc,phases      ] GC(458)   Other: 0.2ms
[560.484s][info][gc,heap        ] GC(458) Eden regions: 921->0(527)
[560.484s][info][gc,heap        ] GC(458) Survivor regions: 154->135(135)
[560.484s][info][gc,heap        ] GC(458) Old regions: 257->658
[560.484s][info][gc,heap        ] GC(458) Humongous regions: 4->4
[560.484s][info][gc,metaspace   ] GC(458) Metaspace: 16651K(17088K)->16651K(17088K) NonClass: 14320K(14528K)->14320K(14528K) Class: 2331K(2560K)->2331K(2560K)
[560.484s][info][gc             ] GC(458) Pause Young (Normal) (G1 Evacuation Pause) 1333M->794M(2048M) 256.723ms
[560.484s][info][gc,cpu         ] GC(458) User=1.50s Sys=0.00s Real=0.27s
[561.325s][info][gc,start       ] GC(459) Pause Young (Normal) (G1 Evacuation Pause)
[561.325s][info][gc,task        ] GC(459) Using 6 workers of 6 for evacuation
[561.425s][info][gc,phases      ] GC(459)   Pre Evacuate Collection Set: 0.4ms
[561.425s][info][gc,phases      ] GC(459)   Merge Heap Roots: 2.3ms
[561.425s][info][gc,phases      ] GC(459)   Evacuate Collection Set: 96.2ms
[561.425s][info][gc,phases      ] GC(459)   Post Evacuate Collection Set: 1.1ms
[561.425s][info][gc,phases      ] GC(459)   Other: 0.1ms
[561.425s][info][gc,heap        ] GC(459) Eden regions: 408->0(653)
[561.425s][info][gc,heap        ] GC(459) Survivor regions: 135->39(68)
[561.425s][info][gc,heap        ] GC(459) Old regions: 658->791
[561.425s][info][gc,heap        ] GC(459) Humongous regions: 10->10
[561.425s][info][gc,metaspace   ] GC(459) Metaspace: 16651K(17088K)->16651K(17088K) NonClass: 14320K(14528K)->14320K(14528K) Class: 2331K(2560K)->2331K(2560K)
[561.425s][info][gc             ] GC(459) Pause Young (Normal) (G1 Evacuation Pause) 1208M->836M(2048M) 100.402ms
[561.425s][info][gc,cpu         ] GC(459) User=0.56s Sys=0.00s Real=0.11s
[562.505s][info][gc,start       ] GC(460) Pause Full (System.gc())
[562.505s][info][gc,task        ] GC(460) Using 6 workers of 6 for full compaction
[562.505s][info][gc,phases,start] GC(460) Phase 1: Mark live objects
[562.509s][info][gc,phases      ] GC(460) Phase 1: Mark live objects 3.927ms
[562.509s][info][gc,phases,start] GC(460) Phase 2: Prepare compaction
[562.511s][info][gc,phases      ] GC(460) Phase 2: Prepare compaction 1.567ms
[562.511s][info][gc,phases,start] GC(460) Phase 3: Adjust pointers
[562.513s][info][gc,phases      ] GC(460) Phase 3: Adjust pointers 2.252ms
[562.513s][info][gc,phases,start] GC(460) Phase 4: Compact heap
[562.514s][info][gc,phases      ] GC(460) Phase 4: Compact heap 1.329ms
[562.514s][info][gc,phases,start] GC(460) Phase 5: Reset Metadata
[562.515s][info][gc,phases      ] GC(460) Phase 5: Reset Metadata 0.959ms
[562.522s][info][gc,heap        ] GC(460) Eden regions: 289->0(892)
[562.522s][info][gc,heap        ] GC(460) Survivor regions: 39->0(68)
[562.522s][info][gc,heap        ] GC(460) Old regions: 791->8
[562.522s][info][gc,heap        ] GC(460) Humongous regions: 10->2
[562.522s][info][gc,metaspace   ] GC(460) Metaspace: 16651K(17088K)->16651K(17088K) NonClass: 14320K(14528K)->14320K(14528K) Class: 2331K(2560K)->2331K(2560K)
[562.522s][info][gc             ] GC(460) Pause Full (System.gc()) 1125M->7M(2048M) 16.982ms
[562.522s][info][gc,cpu         ] GC(460) User=0.00s Sys=0.00s Real=0.02s
[563.719s][info][gc,start       ] GC(461) Pause Young (Normal) (G1 Evacuation Pause)
[563.719s][info][gc,task        ] GC(461) Using 6 workers of 6 for evacuation
[563.721s][info][gc,phases      ] GC(461)   Pre Evacuate Collection Set: 0.3ms
[563.721s][info][gc,phases      ] GC(461)   Merge Heap Roots: 0.1ms
[563.721s][info][gc,phases      ] GC(461)   Evacuate Collection Set: 0.3ms
[563.721s][info][gc,phases      ] GC(461)   Post Evacuate Collection Set: 0.5ms
[563.721s][info][gc,phases      ] GC(461)   Other: 0.1ms
[563.721s][info][gc,heap        ] GC(461) Eden regions: 1101->0(1145)
[563.721s][info][gc,heap        ] GC(461) Survivor regions: 0->3(138)
[563.721s][info][gc,heap        ] GC(461) Old regions: 8->8
[563.721s][info][gc,heap        ] GC(461) Humongous regions: 2->2
[563.721s][info][gc,metaspace   ] GC(461) Metaspace: 16651K(17088K)->16651K(17088K) NonClass: 14320K(14528K)->14320K(14528K) Class: 2331K(2560K)->2331K(2560K)
[563.721s][info][gc             ] GC(461) Pause Young (Normal) (G1 Evacuation Pause) 1108M->10M(2048M) 1.494ms
[563.721s][info][gc,cpu         ] GC(461) User=0.00s Sys=0.00s Real=0.00s
[563.908s][info][gc,start       ] GC(462) Pause Young (Normal) (G1 Evacuation Pause)
[563.909s][info][gc,task        ] GC(462) Using 6 workers of 6 for evacuation
[563.910s][info][gc,phases      ] GC(462)   Pre Evacuate Collection Set: 0.3ms
[563.910s][info][gc,phases      ] GC(462)   Merge Heap Roots: 0.1ms
[563.910s][info][gc,phases      ] GC(462)   Evacuate Collection Set: 0.3ms
[563.910s][info][gc,phases      ] GC(462)   Post Evacuate Collection Set: 0.5ms
[563.910s][info][gc,phases      ] GC(462)   Other: 0.1ms
[563.911s][info][gc,heap        ] GC(462) Eden regions: 1225->0(1225)
[563.911s][info][gc,heap        ] GC(462) Survivor regions: 3->3(154)
[563.911s][info][gc,heap        ] GC(462) Old regions: 8->8
[563.911s][info][gc,heap        ] GC(462) Humongous regions: 2->2
[563.911s][info][gc,metaspace   ] GC(462) Metaspace: 16651K(17088K)->16651K(17088K) NonClass: 14320K(14528K)->14320K(14528K) Class: 2331K(2560K)->2331K(2560K)
[563.911s][info][gc             ] GC(462) Pause Young (Normal) (G1 Evacuation Pause) 1235M->10M(2048M) 2.265ms
[563.911s][info][gc,cpu         ] GC(462) User=0.00s Sys=0.00s Real=0.00s
[566.777s][info][gc,start       ] GC(463) Pause Young (Normal) (G1 Evacuation Pause)
[566.777s][info][gc,task        ] GC(463) Using 6 workers of 6 for evacuation
[566.950s][info][gc,phases      ] GC(463)   Pre Evacuate Collection Set: 0.4ms
[566.950s][info][gc,phases      ] GC(463)   Merge Heap Roots: 0.2ms
[566.950s][info][gc,phases      ] GC(463)   Evacuate Collection Set: 170.2ms
[566.950s][info][gc,phases      ] GC(463)   Post Evacuate Collection Set: 1.5ms
[566.950s][info][gc,phases      ] GC(463)   Other: 0.2ms
[566.950s][info][gc,heap        ] GC(463) Eden regions: 1225->0(924)
[566.950s][info][gc,heap        ] GC(463) Survivor regions: 3->154(154)
[566.950s][info][gc,heap        ] GC(463) Old regions: 8->257
[566.950s][info][gc,heap        ] GC(463) Humongous regions: 4->4
[566.950s][info][gc,metaspace   ] GC(463) Metaspace: 16651K(17088K)->16651K(17088K) NonClass: 14320K(14528K)->14320K(14528K) Class: 2331K(2560K)->2331K(2560K)
[566.950s][info][gc             ] GC(463) Pause Young (Normal) (G1 Evacuation Pause) 1237M->412M(2048M) 172.726ms
[566.950s][info][gc,cpu         ] GC(463) User=0.95s Sys=0.00s Real=0.17s
[567.461s][info][gc,start       ] GC(464) Pause Young (Normal) (G1 Evacuation Pause)
[567.461s][info][gc,task        ] GC(464) Using 6 workers of 6 for evacuation
[567.713s][info][gc,mmu         ] GC(464) MMU target violated: 201.0ms (200.0ms/201.0ms)
[567.713s][info][gc,phases      ] GC(464)   Pre Evacuate Collection Set: 0.6ms
[567.714s][info][gc,phases      ] GC(464)   Merge Heap Roots: 1.1ms
[567.714s][info][gc,phases      ] GC(464)   Evacuate Collection Set: 249.2ms
[567.714s][info][gc,phases      ] GC(464)   Post Evacuate Collection Set: 1.5ms
[567.714s][info][gc,phases      ] GC(464)   Other: 0.3ms
[567.714s][info][gc,heap        ] GC(464) Eden regions: 924->0(537)
[567.714s][info][gc,heap        ] GC(464) Survivor regions: 154->135(135)
[567.714s][info][gc,heap        ] GC(464) Old regions: 257->660
[567.714s][info][gc,heap        ] GC(464) Humongous regions: 4->4
[567.714s][info][gc,metaspace   ] GC(464) Metaspace: 16651K(17088K)->16651K(17088K) NonClass: 14320K(14528K)->14320K(14528K) Class: 2331K(2560K)->2331K(2560K)
[567.714s][info][gc             ] GC(464) Pause Young (Normal) (G1 Evacuation Pause) 1336M->796M(2048M) 252.851ms
[567.714s][info][gc,cpu         ] GC(464) User=1.50s Sys=0.00s Real=0.26s
[568.604s][info][gc,start       ] GC(465) Pause Young (Normal) (G1 Evacuation Pause)
[568.604s][info][gc,task        ] GC(465) Using 6 workers of 6 for evacuation
[568.701s][info][gc,phases      ] GC(465)   Pre Evacuate Collection Set: 0.4ms
[568.701s][info][gc,phases      ] GC(465)   Merge Heap Roots: 2.6ms
[568.701s][info][gc,phases      ] GC(465)   Evacuate Collection Set: 92.6ms
[568.701s][info][gc,phases      ] GC(465)   Post Evacuate Collection Set: 0.9ms
[568.701s][info][gc,phases      ] GC(465)   Other: 0.1ms
[568.701s][info][gc,heap        ] GC(465) Eden regions: 406->0(656)
[568.701s][info][gc,heap        ] GC(465) Survivor regions: 135->37(68)
[568.701s][info][gc,heap        ] GC(465) Old regions: 660->789
[568.701s][info][gc,heap        ] GC(465) Humongous regions: 10->10
[568.701s][info][gc,metaspace   ] GC(465) Metaspace: 16651K(17088K)->16651K(17088K) NonClass: 14320K(14528K)->14320K(14528K) Class: 2331K(2560K)->2331K(2560K)
[568.701s][info][gc             ] GC(465) Pause Young (Normal) (G1 Evacuation Pause) 1208M->832M(2048M) 96.891ms
[568.701s][info][gc,cpu         ] GC(465) User=0.50s Sys=0.00s Real=0.09s
[569.788s][info][gc,start       ] GC(466) Pause Full (System.gc())
[569.788s][info][gc,task        ] GC(466) Using 6 workers of 6 for full compaction
[569.788s][info][gc,phases,start] GC(466) Phase 1: Mark live objects
[569.791s][info][gc,phases      ] GC(466) Phase 1: Mark live objects 2.711ms
[569.791s][info][gc,phases,start] GC(466) Phase 2: Prepare compaction
[569.792s][info][gc,phases      ] GC(466) Phase 2: Prepare compaction 1.250ms
[569.792s][info][gc,phases,start] GC(466) Phase 3: Adjust pointers
[569.794s][info][gc,phases      ] GC(466) Phase 3: Adjust pointers 2.396ms
[569.794s][info][gc,phases,start] GC(466) Phase 4: Compact heap
[569.796s][info][gc,phases      ] GC(466) Phase 4: Compact heap 1.270ms
[569.796s][info][gc,phases,start] GC(466) Phase 5: Reset Metadata
[569.797s][info][gc,phases      ] GC(466) Phase 5: Reset Metadata 0.889ms
[569.802s][info][gc,heap        ] GC(466) Eden regions: 288->0(903)
[569.802s][info][gc,heap        ] GC(466) Survivor regions: 37->0(68)
[569.802s][info][gc,heap        ] GC(466) Old regions: 789->8
[569.802s][info][gc,heap        ] GC(466) Humongous regions: 10->2
[569.802s][info][gc,metaspace   ] GC(466) Metaspace: 16651K(17088K)->16651K(17088K) NonClass: 14320K(14528K)->14320K(14528K) Class: 2331K(2560K)->2331K(2560K)
[569.802s][info][gc             ] GC(466) Pause Full (System.gc()) 1120M->7M(2048M) 14.799ms
[569.802s][info][gc,cpu         ] GC(466) User=0.02s Sys=0.00s Real=0.02s
[571.104s][info][gc,start       ] GC(467) Pause Young (Normal) (G1 Evacuation Pause)
[571.104s][info][gc,task        ] GC(467) Using 6 workers of 6 for evacuation
[571.106s][info][gc,phases      ] GC(467)   Pre Evacuate Collection Set: 0.3ms
[571.106s][info][gc,phases      ] GC(467)   Merge Heap Roots: 0.2ms
[571.106s][info][gc,phases      ] GC(467)   Evacuate Collection Set: 0.3ms
[571.106s][info][gc,phases      ] GC(467)   Post Evacuate Collection Set: 0.6ms
[571.106s][info][gc,phases      ] GC(467)   Other: 0.1ms
[571.106s][info][gc,heap        ] GC(467) Eden regions: 1112->0(1119)
[571.106s][info][gc,heap        ] GC(467) Survivor regions: 0->3(139)
[571.106s][info][gc,heap        ] GC(467) Old regions: 8->8
[571.106s][info][gc,heap        ] GC(467) Humongous regions: 2->2
[571.106s][info][gc,metaspace   ] GC(467) Metaspace: 16651K(17088K)->16651K(17088K) NonClass: 14320K(14528K)->14320K(14528K) Class: 2331K(2560K)->2331K(2560K)
[571.106s][info][gc             ] GC(467) Pause Young (Normal) (G1 Evacuation Pause) 1119M->10M(2048M) 1.742ms
[571.106s][info][gc,cpu         ] GC(467) User=0.00s Sys=0.00s Real=0.02s
[571.295s][info][gc,start       ] GC(468) Pause Young (Normal) (G1 Evacuation Pause)
[571.295s][info][gc,task        ] GC(468) Using 6 workers of 6 for evacuation
[571.297s][info][gc,phases      ] GC(468)   Pre Evacuate Collection Set: 0.3ms
[571.297s][info][gc,phases      ] GC(468)   Merge Heap Roots: 0.2ms
[571.297s][info][gc,phases      ] GC(468)   Evacuate Collection Set: 0.5ms
[571.297s][info][gc,phases      ] GC(468)   Post Evacuate Collection Set: 0.5ms
[571.297s][info][gc,phases      ] GC(468)   Other: 0.1ms
[571.297s][info][gc,heap        ] GC(468) Eden regions: 1225->0(1225)
[571.297s][info][gc,heap        ] GC(468) Survivor regions: 3->3(154)
[571.297s][info][gc,heap        ] GC(468) Old regions: 8->8
[571.297s][info][gc,heap        ] GC(468) Humongous regions: 2->2
[571.297s][info][gc,metaspace   ] GC(468) Metaspace: 16651K(17088K)->16651K(17088K) NonClass: 14320K(14528K)->14320K(14528K) Class: 2331K(2560K)->2331K(2560K)
[571.297s][info][gc             ] GC(468) Pause Young (Normal) (G1 Evacuation Pause) 1235M->9M(2048M) 1.754ms
[571.297s][info][gc,cpu         ] GC(468) User=0.00s Sys=0.00s Real=0.00s
[574.606s][info][gc,start       ] GC(469) Pause Young (Normal) (G1 Evacuation Pause)
[574.606s][info][gc,task        ] GC(469) Using 6 workers of 6 for evacuation
[574.780s][info][gc,phases      ] GC(469)   Pre Evacuate Collection Set: 0.4ms
[574.780s][info][gc,phases      ] GC(469)   Merge Heap Roots: 0.3ms
[574.780s][info][gc,phases      ] GC(469)   Evacuate Collection Set: 172.3ms
[574.780s][info][gc,phases      ] GC(469)   Post Evacuate Collection Set: 1.4ms
[574.780s][info][gc,phases      ] GC(469)   Other: 0.2ms
[574.780s][info][gc,heap        ] GC(469) Eden regions: 1225->0(917)
[574.780s][info][gc,heap        ] GC(469) Survivor regions: 3->154(154)
[574.780s][info][gc,heap        ] GC(469) Old regions: 8->263
[574.780s][info][gc,heap        ] GC(469) Humongous regions: 4->4
[574.780s][info][gc,metaspace   ] GC(469) Metaspace: 16651K(17088K)->16651K(17088K) NonClass: 14320K(14528K)->14320K(14528K) Class: 2331K(2560K)->2331K(2560K)
[574.781s][info][gc             ] GC(469) Pause Young (Normal) (G1 Evacuation Pause) 1236M->417M(2048M) 174.900ms
[574.781s][info][gc,cpu         ] GC(469) User=1.03s Sys=0.00s Real=0.19s
[575.287s][info][gc,start       ] GC(470) Pause Young (Normal) (G1 Evacuation Pause)
[575.287s][info][gc,task        ] GC(470) Using 6 workers of 6 for evacuation
[575.539s][info][gc,mmu         ] GC(470) MMU target violated: 201.0ms (200.0ms/201.0ms)
[575.539s][info][gc,phases      ] GC(470)   Pre Evacuate Collection Set: 0.4ms
[575.539s][info][gc,phases      ] GC(470)   Merge Heap Roots: 1.3ms
[575.539s][info][gc,phases      ] GC(470)   Evacuate Collection Set: 248.9ms
[575.539s][info][gc,phases      ] GC(470)   Post Evacuate Collection Set: 1.3ms
[575.539s][info][gc,phases      ] GC(470)   Other: 0.2ms
[575.539s][info][gc,heap        ] GC(470) Eden regions: 917->0(527)
[575.539s][info][gc,heap        ] GC(470) Survivor regions: 154->134(134)
[575.539s][info][gc,heap        ] GC(470) Old regions: 263->663
[575.539s][info][gc,heap        ] GC(470) Humongous regions: 4->4
[575.539s][info][gc,metaspace   ] GC(470) Metaspace: 16651K(17088K)->16651K(17088K) NonClass: 14320K(14528K)->14320K(14528K) Class: 2331K(2560K)->2331K(2560K)
[575.539s][info][gc             ] GC(470) Pause Young (Normal) (G1 Evacuation Pause) 1334M->798M(2048M) 252.171ms
[575.539s][info][gc,cpu         ] GC(470) User=1.52s Sys=0.00s Real=0.25s
[576.357s][info][gc,start       ] GC(471) Pause Young (Normal) (G1 Evacuation Pause)
[576.357s][info][gc,task        ] GC(471) Using 6 workers of 6 for evacuation
[576.453s][info][gc,phases      ] GC(471)   Pre Evacuate Collection Set: 0.4ms
[576.453s][info][gc,phases      ] GC(471)   Merge Heap Roots: 2.5ms
[576.453s][info][gc,phases      ] GC(471)   Evacuate Collection Set: 91.5ms
[576.453s][info][gc,phases      ] GC(471)   Post Evacuate Collection Set: 1.1ms
[576.453s][info][gc,phases      ] GC(471)   Other: 0.1ms
[576.453s][info][gc,heap        ] GC(471) Eden regions: 385->0(654)
[576.453s][info][gc,heap        ] GC(471) Survivor regions: 134->37(65)
[576.453s][info][gc,heap        ] GC(471) Old regions: 663->790
[576.453s][info][gc,heap        ] GC(471) Humongous regions: 10->10
[576.453s][info][gc,metaspace   ] GC(471) Metaspace: 16651K(17088K)->16651K(17088K) NonClass: 14320K(14528K)->14320K(14528K) Class: 2331K(2560K)->2331K(2560K)
[576.453s][info][gc             ] GC(471) Pause Young (Normal) (G1 Evacuation Pause) 1189M->833M(2048M) 95.884ms
[576.453s][info][gc,cpu         ] GC(471) User=0.42s Sys=0.00s Real=0.09s
[577.564s][info][gc,start       ] GC(472) Pause Full (System.gc())
[577.564s][info][gc,task        ] GC(472) Using 6 workers of 6 for full compaction
[577.564s][info][gc,phases,start] GC(472) Phase 1: Mark live objects
[577.567s][info][gc,phases      ] GC(472) Phase 1: Mark live objects 2.661ms
[577.567s][info][gc,phases,start] GC(472) Phase 2: Prepare compaction
[577.568s][info][gc,phases      ] GC(472) Phase 2: Prepare compaction 0.942ms
[577.568s][info][gc,phases,start] GC(472) Phase 3: Adjust pointers
[577.570s][info][gc,phases      ] GC(472) Phase 3: Adjust pointers 2.220ms
[577.570s][info][gc,phases,start] GC(472) Phase 4: Compact heap
[577.571s][info][gc,phases      ] GC(472) Phase 4: Compact heap 0.831ms
[577.571s][info][gc,phases,start] GC(472) Phase 5: Reset Metadata
[577.572s][info][gc,phases      ] GC(472) Phase 5: Reset Metadata 0.861ms
[577.578s][info][gc,heap        ] GC(472) Eden regions: 305->0(875)
[577.578s][info][gc,heap        ] GC(472) Survivor regions: 37->0(65)
[577.578s][info][gc,heap        ] GC(472) Old regions: 790->8
[577.578s][info][gc,heap        ] GC(472) Humongous regions: 10->2
[577.578s][info][gc,metaspace   ] GC(472) Metaspace: 16651K(17088K)->16651K(17088K) NonClass: 14320K(14528K)->14320K(14528K) Class: 2331K(2560K)->2331K(2560K)
[577.578s][info][gc             ] GC(472) Pause Full (System.gc()) 1138M->7M(2048M) 14.347ms
[577.578s][info][gc,cpu         ] GC(472) User=0.00s Sys=0.00s Real=0.02s
[578.774s][info][gc,start       ] GC(473) Pause Young (Normal) (G1 Evacuation Pause)
[578.774s][info][gc,task        ] GC(473) Using 6 workers of 6 for evacuation
[578.775s][info][gc,phases      ] GC(473)   Pre Evacuate Collection Set: 0.2ms
[578.775s][info][gc,phases      ] GC(473)   Merge Heap Roots: 0.1ms
[578.775s][info][gc,phases      ] GC(473)   Evacuate Collection Set: 0.3ms
[578.775s][info][gc,phases      ] GC(473)   Post Evacuate Collection Set: 0.6ms
[578.775s][info][gc,phases      ] GC(473)   Other: 0.1ms
[578.775s][info][gc,heap        ] GC(473) Eden regions: 1100->0(1156)
[578.775s][info][gc,heap        ] GC(473) Survivor regions: 0->3(138)
[578.775s][info][gc,heap        ] GC(473) Old regions: 8->8
[578.775s][info][gc,heap        ] GC(473) Humongous regions: 2->2
[578.775s][info][gc,metaspace   ] GC(473) Metaspace: 16651K(17088K)->16651K(17088K) NonClass: 14320K(14528K)->14320K(14528K) Class: 2331K(2560K)->2331K(2560K)
[578.775s][info][gc             ] GC(473) Pause Young (Normal) (G1 Evacuation Pause) 1107M->10M(2048M) 1.613ms
[578.775s][info][gc,cpu         ] GC(473) User=0.00s Sys=0.00s Real=0.00s
[578.965s][info][gc,start       ] GC(474) Pause Young (Normal) (G1 Evacuation Pause)
[578.965s][info][gc,task        ] GC(474) Using 6 workers of 6 for evacuation
[578.967s][info][gc,phases      ] GC(474)   Pre Evacuate Collection Set: 0.3ms
[578.967s][info][gc,phases      ] GC(474)   Merge Heap Roots: 0.2ms
[578.967s][info][gc,phases      ] GC(474)   Evacuate Collection Set: 0.3ms
[578.967s][info][gc,phases      ] GC(474)   Post Evacuate Collection Set: 0.6ms
[578.967s][info][gc,phases      ] GC(474)   Other: 0.1ms
[578.967s][info][gc,heap        ] GC(474) Eden regions: 1225->0(1225)
[578.967s][info][gc,heap        ] GC(474) Survivor regions: 3->3(154)
[578.967s][info][gc,heap        ] GC(474) Old regions: 8->8
[578.967s][info][gc,heap        ] GC(474) Humongous regions: 2->2
[578.967s][info][gc,metaspace   ] GC(474) Metaspace: 16651K(17088K)->16651K(17088K) NonClass: 14320K(14528K)->14320K(14528K) Class: 2331K(2560K)->2331K(2560K)
[578.967s][info][gc             ] GC(474) Pause Young (Normal) (G1 Evacuation Pause) 1235M->10M(2048M) 1.710ms
[578.967s][info][gc,cpu         ] GC(474) User=0.02s Sys=0.00s Real=0.00s
[582.215s][info][gc,start       ] GC(475) Pause Young (Normal) (G1 Evacuation Pause)
[582.215s][info][gc,task        ] GC(475) Using 6 workers of 6 for evacuation
[582.389s][info][gc,phases      ] GC(475)   Pre Evacuate Collection Set: 0.3ms
[582.389s][info][gc,phases      ] GC(475)   Merge Heap Roots: 0.2ms
[582.389s][info][gc,phases      ] GC(475)   Evacuate Collection Set: 170.8ms
[582.389s][info][gc,phases      ] GC(475)   Post Evacuate Collection Set: 1.6ms
[582.389s][info][gc,phases      ] GC(475)   Other: 0.2ms
[582.389s][info][gc,heap        ] GC(475) Eden regions: 1225->0(921)
[582.389s][info][gc,heap        ] GC(475) Survivor regions: 3->154(154)
[582.389s][info][gc,heap        ] GC(475) Old regions: 8->259
[582.389s][info][gc,heap        ] GC(475) Humongous regions: 4->4
[582.389s][info][gc,metaspace   ] GC(475) Metaspace: 16651K(17088K)->16651K(17088K) NonClass: 14320K(14528K)->14320K(14528K) Class: 2331K(2560K)->2331K(2560K)
[582.389s][info][gc             ] GC(475) Pause Young (Normal) (G1 Evacuation Pause) 1237M->413M(2048M) 173.363ms
[582.389s][info][gc,cpu         ] GC(475) User=0.84s Sys=0.00s Real=0.17s
[582.904s][info][gc,start       ] GC(476) Pause Young (Normal) (G1 Evacuation Pause)
[582.904s][info][gc,task        ] GC(476) Using 6 workers of 6 for evacuation
[583.158s][info][gc,mmu         ] GC(476) MMU target violated: 201.0ms (200.0ms/201.0ms)
[583.158s][info][gc,phases      ] GC(476)   Pre Evacuate Collection Set: 0.4ms
[583.158s][info][gc,phases      ] GC(476)   Merge Heap Roots: 1.2ms
[583.159s][info][gc,phases      ] GC(476)   Evacuate Collection Set: 251.8ms
[583.159s][info][gc,phases      ] GC(476)   Post Evacuate Collection Set: 1.2ms
[583.159s][info][gc,phases      ] GC(476)   Other: 0.3ms
[583.159s][info][gc,heap        ] GC(476) Eden regions: 921->0(531)
[583.159s][info][gc,heap        ] GC(476) Survivor regions: 154->135(135)
[583.159s][info][gc,heap        ] GC(476) Old regions: 259->660
[583.159s][info][gc,heap        ] GC(476) Humongous regions: 4->4
[583.159s][info][gc,metaspace   ] GC(476) Metaspace: 16651K(17088K)->16651K(17088K) NonClass: 14320K(14528K)->14320K(14528K) Class: 2331K(2560K)->2331K(2560K)
[583.159s][info][gc             ] GC(476) Pause Young (Normal) (G1 Evacuation Pause) 1334M->795M(2048M) 255.062ms
[583.159s][info][gc,cpu         ] GC(476) User=1.42s Sys=0.00s Real=0.25s
[583.987s][info][gc,start       ] GC(477) Pause Young (Normal) (G1 Evacuation Pause)
[583.987s][info][gc,task        ] GC(477) Using 6 workers of 6 for evacuation
[584.084s][info][gc,phases      ] GC(477)   Pre Evacuate Collection Set: 0.4ms
[584.084s][info][gc,phases      ] GC(477)   Merge Heap Roots: 2.3ms
[584.084s][info][gc,phases      ] GC(477)   Evacuate Collection Set: 93.2ms
[584.084s][info][gc,phases      ] GC(477)   Post Evacuate Collection Set: 0.9ms
[584.084s][info][gc,phases      ] GC(477)   Other: 0.1ms
[584.084s][info][gc,heap        ] GC(477) Eden regions: 402->0(655)
[584.084s][info][gc,heap        ] GC(477) Survivor regions: 135->38(68)
[584.084s][info][gc,heap        ] GC(477) Old regions: 660->789
[584.084s][info][gc,heap        ] GC(477) Humongous regions: 10->10
[584.084s][info][gc,metaspace   ] GC(477) Metaspace: 16651K(17088K)->16651K(17088K) NonClass: 14320K(14528K)->14320K(14528K) Class: 2331K(2560K)->2331K(2560K)
[584.084s][info][gc             ] GC(477) Pause Young (Normal) (G1 Evacuation Pause) 1203M->833M(2048M) 97.185ms
[584.084s][info][gc,cpu         ] GC(477) User=0.48s Sys=0.00s Real=0.09s
[585.153s][info][gc,start       ] GC(478) Pause Full (System.gc())
[585.153s][info][gc,task        ] GC(478) Using 6 workers of 6 for full compaction
[585.153s][info][gc,phases,start] GC(478) Phase 1: Mark live objects
[585.156s][info][gc,phases      ] GC(478) Phase 1: Mark live objects 2.974ms
[585.156s][info][gc,phases,start] GC(478) Phase 2: Prepare compaction
[585.157s][info][gc,phases      ] GC(478) Phase 2: Prepare compaction 1.366ms
[585.158s][info][gc,phases,start] GC(478) Phase 3: Adjust pointers
[585.160s][info][gc,phases      ] GC(478) Phase 3: Adjust pointers 2.246ms
[585.160s][info][gc,phases,start] GC(478) Phase 4: Compact heap
[585.161s][info][gc,phases      ] GC(478) Phase 4: Compact heap 1.021ms
[585.161s][info][gc,phases,start] GC(478) Phase 5: Reset Metadata
[585.162s][info][gc,phases      ] GC(478) Phase 5: Reset Metadata 0.760ms
[585.168s][info][gc,heap        ] GC(478) Eden regions: 295->0(895)
[585.168s][info][gc,heap        ] GC(478) Survivor regions: 38->0(68)
[585.168s][info][gc,heap        ] GC(478) Old regions: 789->8
[585.168s][info][gc,heap        ] GC(478) Humongous regions: 10->2
[585.168s][info][gc,metaspace   ] GC(478) Metaspace: 16651K(17088K)->16651K(17088K) NonClass: 14320K(14528K)->14320K(14528K) Class: 2331K(2560K)->2331K(2560K)
[585.168s][info][gc             ] GC(478) Pause Full (System.gc()) 1128M->7M(2048M) 14.904ms
[585.168s][info][gc,cpu         ] GC(478) User=0.00s Sys=0.00s Real=0.01s
[586.378s][info][gc,start       ] GC(479) Pause Young (Normal) (G1 Evacuation Pause)
[586.378s][info][gc,task        ] GC(479) Using 6 workers of 6 for evacuation
[586.380s][info][gc,phases      ] GC(479)   Pre Evacuate Collection Set: 0.6ms
[586.380s][info][gc,phases      ] GC(479)   Merge Heap Roots: 0.1ms
[586.380s][info][gc,phases      ] GC(479)   Evacuate Collection Set: 0.3ms
[586.380s][info][gc,phases      ] GC(479)   Post Evacuate Collection Set: 0.6ms
[586.380s][info][gc,phases      ] GC(479)   Other: 0.1ms
[586.380s][info][gc,heap        ] GC(479) Eden regions: 1110->0(1136)
[586.380s][info][gc,heap        ] GC(479) Survivor regions: 0->3(139)
[586.380s][info][gc,heap        ] GC(479) Old regions: 8->8
[586.380s][info][gc,heap        ] GC(479) Humongous regions: 2->2
[586.380s][info][gc,metaspace   ] GC(479) Metaspace: 16651K(17088K)->16651K(17088K) NonClass: 14320K(14528K)->14320K(14528K) Class: 2331K(2560K)->2331K(2560K)
[586.380s][info][gc             ] GC(479) Pause Young (Normal) (G1 Evacuation Pause) 1117M->10M(2048M) 1.893ms
[586.380s][info][gc,cpu         ] GC(479) User=0.00s Sys=0.00s Real=0.02s
[586.577s][info][gc,start       ] GC(480) Pause Young (Normal) (G1 Evacuation Pause)
[586.577s][info][gc,task        ] GC(480) Using 6 workers of 6 for evacuation
[586.579s][info][gc,phases      ] GC(480)   Pre Evacuate Collection Set: 0.3ms
[586.579s][info][gc,phases      ] GC(480)   Merge Heap Roots: 0.2ms
[586.579s][info][gc,phases      ] GC(480)   Evacuate Collection Set: 0.5ms
[586.579s][info][gc,phases      ] GC(480)   Post Evacuate Collection Set: 0.5ms
[586.579s][info][gc,phases      ] GC(480)   Other: 0.1ms
[586.579s][info][gc,heap        ] GC(480) Eden regions: 1225->0(1225)
[586.579s][info][gc,heap        ] GC(480) Survivor regions: 3->3(154)
[586.579s][info][gc,heap        ] GC(480) Old regions: 8->8
[586.579s][info][gc,heap        ] GC(480) Humongous regions: 2->2
[586.579s][info][gc,metaspace   ] GC(480) Metaspace: 16651K(17088K)->16651K(17088K) NonClass: 14320K(14528K)->14320K(14528K) Class: 2331K(2560K)->2331K(2560K)
[586.579s][info][gc             ] GC(480) Pause Young (Normal) (G1 Evacuation Pause) 1235M->9M(2048M) 1.881ms
[586.579s][info][gc,cpu         ] GC(480) User=0.00s Sys=0.00s Real=0.00s
[589.463s][info][gc,start       ] GC(481) Pause Young (Normal) (G1 Evacuation Pause)
[589.463s][info][gc,task        ] GC(481) Using 6 workers of 6 for evacuation
[589.637s][info][gc,phases      ] GC(481)   Pre Evacuate Collection Set: 0.4ms
[589.637s][info][gc,phases      ] GC(481)   Merge Heap Roots: 0.3ms
[589.637s][info][gc,phases      ] GC(481)   Evacuate Collection Set: 171.7ms
[589.637s][info][gc,phases      ] GC(481)   Post Evacuate Collection Set: 1.8ms
[589.637s][info][gc,phases      ] GC(481)   Other: 0.2ms
[589.637s][info][gc,heap        ] GC(481) Eden regions: 1225->0(919)
[589.637s][info][gc,heap        ] GC(481) Survivor regions: 3->154(154)
[589.637s][info][gc,heap        ] GC(481) Old regions: 8->261
[589.637s][info][gc,heap        ] GC(481) Humongous regions: 4->4
[589.637s][info][gc,metaspace   ] GC(481) Metaspace: 16651K(17088K)->16651K(17088K) NonClass: 14320K(14528K)->14320K(14528K) Class: 2331K(2560K)->2331K(2560K)
[589.637s][info][gc             ] GC(481) Pause Young (Normal) (G1 Evacuation Pause) 1236M->415M(2048M) 174.506ms
[589.637s][info][gc,cpu         ] GC(481) User=0.98s Sys=0.00s Real=0.17s
[590.145s][info][gc,start       ] GC(482) Pause Young (Normal) (G1 Evacuation Pause)
[590.145s][info][gc,task        ] GC(482) Using 6 workers of 6 for evacuation
[590.393s][info][gc,mmu         ] GC(482) MMU target violated: 201.0ms (200.0ms/201.0ms)
[590.394s][info][gc,phases      ] GC(482)   Pre Evacuate Collection Set: 0.4ms
[590.394s][info][gc,phases      ] GC(482)   Merge Heap Roots: 1.2ms
[590.394s][info][gc,phases      ] GC(482)   Evacuate Collection Set: 245.8ms
[590.394s][info][gc,phases      ] GC(482)   Post Evacuate Collection Set: 1.3ms
[590.394s][info][gc,phases      ] GC(482)   Other: 0.2ms
[590.394s][info][gc,heap        ] GC(482) Eden regions: 919->0(552)
[590.394s][info][gc,heap        ] GC(482) Survivor regions: 154->135(135)
[590.394s][info][gc,heap        ] GC(482) Old regions: 261->661
[590.394s][info][gc,heap        ] GC(482) Humongous regions: 4->4
[590.394s][info][gc,metaspace   ] GC(482) Metaspace: 16651K(17088K)->16651K(17088K) NonClass: 14320K(14528K)->14320K(14528K) Class: 2331K(2560K)->2331K(2560K)
[590.394s][info][gc             ] GC(482) Pause Young (Normal) (G1 Evacuation Pause) 1334M->796M(2048M) 249.117ms
[590.394s][info][gc,cpu         ] GC(482) User=1.48s Sys=0.00s Real=0.25s
[591.309s][info][gc,start       ] GC(483) Pause Young (Normal) (G1 Evacuation Pause)
[591.309s][info][gc,task        ] GC(483) Using 6 workers of 6 for evacuation
[591.406s][info][gc,phases      ] GC(483)   Pre Evacuate Collection Set: 0.4ms
[591.406s][info][gc,phases      ] GC(483)   Merge Heap Roots: 2.8ms
[591.406s][info][gc,phases      ] GC(483)   Evacuate Collection Set: 92.7ms
[591.406s][info][gc,phases      ] GC(483)   Post Evacuate Collection Set: 1.1ms
[591.406s][info][gc,phases      ] GC(483)   Other: 0.1ms
[591.406s][info][gc,heap        ] GC(483) Eden regions: 406->0(658)
[591.406s][info][gc,heap        ] GC(483) Survivor regions: 135->36(68)
[591.406s][info][gc,heap        ] GC(483) Old regions: 661->787
[591.406s][info][gc,heap        ] GC(483) Humongous regions: 10->10
[591.406s][info][gc,metaspace   ] GC(483) Metaspace: 16651K(17088K)->16651K(17088K) NonClass: 14320K(14528K)->14320K(14528K) Class: 2331K(2560K)->2331K(2560K)
[591.406s][info][gc             ] GC(483) Pause Young (Normal) (G1 Evacuation Pause) 1208M->830M(2048M) 97.317ms
[591.406s][info][gc,cpu         ] GC(483) User=0.52s Sys=0.00s Real=0.11s
[592.481s][info][gc,start       ] GC(484) Pause Full (System.gc())
[592.481s][info][gc,task        ] GC(484) Using 6 workers of 6 for full compaction
[592.482s][info][gc,phases,start] GC(484) Phase 1: Mark live objects
[592.485s][info][gc,phases      ] GC(484) Phase 1: Mark live objects 2.985ms
[592.485s][info][gc,phases,start] GC(484) Phase 2: Prepare compaction
[592.486s][info][gc,phases      ] GC(484) Phase 2: Prepare compaction 1.338ms
[592.486s][info][gc,phases,start] GC(484) Phase 3: Adjust pointers
[592.488s][info][gc,phases      ] GC(484) Phase 3: Adjust pointers 2.399ms
[592.488s][info][gc,phases,start] GC(484) Phase 4: Compact heap
[592.490s][info][gc,phases      ] GC(484) Phase 4: Compact heap 1.181ms
[592.490s][info][gc,phases,start] GC(484) Phase 5: Reset Metadata
[592.491s][info][gc,phases      ] GC(484) Phase 5: Reset Metadata 1.048ms
[592.497s][info][gc,heap        ] GC(484) Eden regions: 288->0(907)
[592.497s][info][gc,heap        ] GC(484) Survivor regions: 36->0(68)
[592.497s][info][gc,heap        ] GC(484) Old regions: 787->8
[592.497s][info][gc,heap        ] GC(484) Humongous regions: 10->2
[592.497s][info][gc,metaspace   ] GC(484) Metaspace: 16651K(17088K)->16651K(17088K) NonClass: 14320K(14528K)->14320K(14528K) Class: 2331K(2560K)->2331K(2560K)
[592.497s][info][gc             ] GC(484) Pause Full (System.gc()) 1118M->7M(2048M) 15.766ms
[592.497s][info][gc,cpu         ] GC(484) User=0.02s Sys=0.00s Real=0.02s
[593.793s][info][gc,start       ] GC(485) Pause Young (Normal) (G1 Evacuation Pause)
[593.793s][info][gc,task        ] GC(485) Using 6 workers of 6 for evacuation
[593.794s][info][gc,phases      ] GC(485)   Pre Evacuate Collection Set: 0.2ms
[593.794s][info][gc,phases      ] GC(485)   Merge Heap Roots: 0.1ms
[593.794s][info][gc,phases      ] GC(485)   Evacuate Collection Set: 0.3ms
[593.794s][info][gc,phases      ] GC(485)   Post Evacuate Collection Set: 0.5ms
[593.794s][info][gc,phases      ] GC(485)   Other: 0.1ms
[593.794s][info][gc,heap        ] GC(485) Eden regions: 1112->0(1166)
[593.794s][info][gc,heap        ] GC(485) Survivor regions: 0->3(139)
[593.794s][info][gc,heap        ] GC(485) Old regions: 8->8
[593.794s][info][gc,heap        ] GC(485) Humongous regions: 2->2
[593.794s][info][gc,metaspace   ] GC(485) Metaspace: 16652K(17088K)->16652K(17088K) NonClass: 14320K(14528K)->14320K(14528K) Class: 2331K(2560K)->2331K(2560K)
[593.794s][info][gc             ] GC(485) Pause Young (Normal) (G1 Evacuation Pause) 1119M->10M(2048M) 1.509ms
[593.794s][info][gc,cpu         ] GC(485) User=0.00s Sys=0.00s Real=0.00s
[593.981s][info][gc,start       ] GC(486) Pause Young (Normal) (G1 Evacuation Pause)
[593.981s][info][gc,task        ] GC(486) Using 6 workers of 6 for evacuation
[593.983s][info][gc,phases      ] GC(486)   Pre Evacuate Collection Set: 0.3ms
[593.983s][info][gc,phases      ] GC(486)   Merge Heap Roots: 0.1ms
[593.983s][info][gc,phases      ] GC(486)   Evacuate Collection Set: 0.3ms
[593.983s][info][gc,phases      ] GC(486)   Post Evacuate Collection Set: 0.6ms
[593.983s][info][gc,phases      ] GC(486)   Other: 0.2ms
[593.983s][info][gc,heap        ] GC(486) Eden regions: 1225->0(1225)
[593.983s][info][gc,heap        ] GC(486) Survivor regions: 3->3(154)
[593.983s][info][gc,heap        ] GC(486) Old regions: 8->8
[593.983s][info][gc,heap        ] GC(486) Humongous regions: 2->2
[593.983s][info][gc,metaspace   ] GC(486) Metaspace: 16652K(17088K)->16652K(17088K) NonClass: 14320K(14528K)->14320K(14528K) Class: 2331K(2560K)->2331K(2560K)
[593.983s][info][gc             ] GC(486) Pause Young (Normal) (G1 Evacuation Pause) 1235M->10M(2048M) 1.721ms
[593.983s][info][gc,cpu         ] GC(486) User=0.00s Sys=0.00s Real=0.00s
[597.386s][info][gc,start       ] GC(487) Pause Young (Normal) (G1 Evacuation Pause)
[597.386s][info][gc,task        ] GC(487) Using 6 workers of 6 for evacuation
[597.562s][info][gc,phases      ] GC(487)   Pre Evacuate Collection Set: 0.4ms
[597.562s][info][gc,phases      ] GC(487)   Merge Heap Roots: 0.3ms
[597.562s][info][gc,phases      ] GC(487)   Evacuate Collection Set: 173.0ms
[597.562s][info][gc,phases      ] GC(487)   Post Evacuate Collection Set: 1.8ms
[597.562s][info][gc,phases      ] GC(487)   Other: 0.2ms
[597.562s][info][gc,heap        ] GC(487) Eden regions: 1225->0(919)
[597.562s][info][gc,heap        ] GC(487) Survivor regions: 3->154(154)
[597.562s][info][gc,heap        ] GC(487) Old regions: 8->261
[597.562s][info][gc,heap        ] GC(487) Humongous regions: 4->4
[597.562s][info][gc,metaspace   ] GC(487) Metaspace: 16652K(17088K)->16652K(17088K) NonClass: 14320K(14528K)->14320K(14528K) Class: 2331K(2560K)->2331K(2560K)
[597.562s][info][gc             ] GC(487) Pause Young (Normal) (G1 Evacuation Pause) 1237M->415M(2048M) 175.881ms
[597.562s][info][gc,cpu         ] GC(487) User=1.02s Sys=0.00s Real=0.18s
[598.072s][info][gc,start       ] GC(488) Pause Young (Normal) (G1 Evacuation Pause)
[598.072s][info][gc,task        ] GC(488) Using 6 workers of 6 for evacuation
[598.320s][info][gc,mmu         ] GC(488) MMU target violated: 201.0ms (200.0ms/201.0ms)
[598.320s][info][gc,phases      ] GC(488)   Pre Evacuate Collection Set: 0.4ms
[598.320s][info][gc,phases      ] GC(488)   Merge Heap Roots: 0.9ms
[598.320s][info][gc,phases      ] GC(488)   Evacuate Collection Set: 245.5ms
[598.320s][info][gc,phases      ] GC(488)   Post Evacuate Collection Set: 1.1ms
[598.320s][info][gc,phases      ] GC(488)   Other: 0.2ms
[598.320s][info][gc,heap        ] GC(488) Eden regions: 919->0(521)
[598.320s][info][gc,heap        ] GC(488) Survivor regions: 154->135(135)
[598.320s][info][gc,heap        ] GC(488) Old regions: 261->660
[598.320s][info][gc,heap        ] GC(488) Humongous regions: 4->4
[598.320s][info][gc,metaspace   ] GC(488) Metaspace: 16652K(17088K)->16652K(17088K) NonClass: 14320K(14528K)->14320K(14528K) Class: 2331K(2560K)->2331K(2560K)
[598.320s][info][gc             ] GC(488) Pause Young (Normal) (G1 Evacuation Pause) 1334M->796M(2048M) 248.409ms
[598.320s][info][gc,cpu         ] GC(488) User=1.39s Sys=0.00s Real=0.23s
[599.155s][info][gc,start       ] GC(489) Pause Young (Normal) (G1 Evacuation Pause)
[599.155s][info][gc,task        ] GC(489) Using 6 workers of 6 for evacuation
[599.254s][info][gc,phases      ] GC(489)   Pre Evacuate Collection Set: 0.3ms
[599.254s][info][gc,phases      ] GC(489)   Merge Heap Roots: 2.7ms
[599.254s][info][gc,phases      ] GC(489)   Evacuate Collection Set: 94.3ms
[599.254s][info][gc,phases      ] GC(489)   Post Evacuate Collection Set: 1.0ms
[599.254s][info][gc,phases      ] GC(489)   Other: 0.1ms
[599.254s][info][gc,heap        ] GC(489) Eden regions: 375->0(652)
[599.254s][info][gc,heap        ] GC(489) Survivor regions: 135->38(64)
[599.254s][info][gc,heap        ] GC(489) Old regions: 660->788
[599.254s][info][gc,heap        ] GC(489) Humongous regions: 10->10
[599.254s][info][gc,metaspace   ] GC(489) Metaspace: 16652K(17088K)->16652K(17088K) NonClass: 14320K(14528K)->14320K(14528K) Class: 2331K(2560K)->2331K(2560K)
[599.254s][info][gc             ] GC(489) Pause Young (Normal) (G1 Evacuation Pause) 1177M->833M(2048M) 98.698ms
[599.254s][info][gc,cpu         ] GC(489) User=0.55s Sys=0.00s Real=0.09s
[600.373s][info][gc,start       ] GC(490) Pause Full (System.gc())
[600.374s][info][gc,task        ] GC(490) Using 6 workers of 6 for full compaction
[600.374s][info][gc,phases,start] GC(490) Phase 1: Mark live objects
[600.376s][info][gc,phases      ] GC(490) Phase 1: Mark live objects 2.583ms
[600.376s][info][gc,phases,start] GC(490) Phase 2: Prepare compaction
[600.378s][info][gc,phases      ] GC(490) Phase 2: Prepare compaction 1.446ms
[600.378s][info][gc,phases,start] GC(490) Phase 3: Adjust pointers
[600.380s][info][gc,phases      ] GC(490) Phase 3: Adjust pointers 2.336ms
[600.380s][info][gc,phases,start] GC(490) Phase 4: Compact heap
[600.381s][info][gc,phases      ] GC(490) Phase 4: Compact heap 1.125ms
[600.382s][info][gc,phases,start] GC(490) Phase 5: Reset Metadata
[600.382s][info][gc,phases      ] GC(490) Phase 5: Reset Metadata 0.781ms
[600.388s][info][gc,heap        ] GC(490) Eden regions: 317->0(860)
[600.388s][info][gc,heap        ] GC(490) Survivor regions: 38->0(64)
[600.388s][info][gc,heap        ] GC(490) Old regions: 788->8
[600.388s][info][gc,heap        ] GC(490) Humongous regions: 10->2
[600.388s][info][gc,metaspace   ] GC(490) Metaspace: 16652K(17088K)->16652K(17088K) NonClass: 14320K(14528K)->14320K(14528K) Class: 2331K(2560K)->2331K(2560K)
[600.388s][info][gc             ] GC(490) Pause Full (System.gc()) 1149M->7M(2048M) 14.745ms
[600.388s][info][gc,cpu         ] GC(490) User=0.02s Sys=0.00s Real=0.01s
[601.615s][info][gc,start       ] GC(491) Pause Young (Normal) (G1 Evacuation Pause)
[601.615s][info][gc,task        ] GC(491) Using 6 workers of 6 for evacuation
[601.617s][info][gc,phases      ] GC(491)   Pre Evacuate Collection Set: 0.3ms
[601.617s][info][gc,phases      ] GC(491)   Merge Heap Roots: 0.2ms
[601.617s][info][gc,phases      ] GC(491)   Evacuate Collection Set: 0.5ms
[601.617s][info][gc,phases      ] GC(491)   Post Evacuate Collection Set: 0.6ms
[601.617s][info][gc,phases      ] GC(491)   Other: 0.1ms
[601.617s][info][gc,heap        ] GC(491) Eden regions: 1088->0(1153)
[601.617s][info][gc,heap        ] GC(491) Survivor regions: 0->3(136)
[601.617s][info][gc,heap        ] GC(491) Old regions: 8->8
[601.617s][info][gc,heap        ] GC(491) Humongous regions: 2->2
[601.617s][info][gc,metaspace   ] GC(491) Metaspace: 16653K(17088K)->16653K(17088K) NonClass: 14322K(14528K)->14322K(14528K) Class: 2331K(2560K)->2331K(2560K)
[601.617s][info][gc             ] GC(491) Pause Young (Normal) (G1 Evacuation Pause) 1095M->9M(2048M) 1.987ms
[601.617s][info][gc,cpu         ] GC(491) User=0.02s Sys=0.00s Real=0.00s
[601.804s][info][gc,start       ] GC(492) Pause Young (Normal) (G1 Evacuation Pause)
[601.804s][info][gc,task        ] GC(492) Using 6 workers of 6 for evacuation
[601.805s][info][gc,phases      ] GC(492)   Pre Evacuate Collection Set: 0.3ms
[601.805s][info][gc,phases      ] GC(492)   Merge Heap Roots: 0.2ms
[601.805s][info][gc,phases      ] GC(492)   Evacuate Collection Set: 0.3ms
[601.805s][info][gc,phases      ] GC(492)   Post Evacuate Collection Set: 0.5ms
[601.805s][info][gc,phases      ] GC(492)   Other: 0.1ms
[601.805s][info][gc,heap        ] GC(492) Eden regions: 1224->0(1225)
[601.805s][info][gc,heap        ] GC(492) Survivor regions: 3->3(154)
[601.805s][info][gc,heap        ] GC(492) Old regions: 8->8
[601.805s][info][gc,heap        ] GC(492) Humongous regions: 2->2
[601.805s][info][gc,metaspace   ] GC(492) Metaspace: 16653K(17088K)->16653K(17088K) NonClass: 14322K(14528K)->14322K(14528K) Class: 2331K(2560K)->2331K(2560K)
[601.805s][info][gc             ] GC(492) Pause Young (Normal) (G1 Evacuation Pause) 1233M->10M(2048M) 1.683ms
[601.805s][info][gc,cpu         ] GC(492) User=0.00s Sys=0.00s Real=0.00s
[602.484s][info][gc,start       ] GC(493) Pause Young (Normal) (G1 Evacuation Pause)
[602.484s][info][gc,task        ] GC(493) Using 6 workers of 6 for evacuation
[602.658s][info][gc,phases      ] GC(493)   Pre Evacuate Collection Set: 0.2ms
[602.658s][info][gc,phases      ] GC(493)   Merge Heap Roots: 0.2ms
[602.658s][info][gc,phases      ] GC(493)   Evacuate Collection Set: 171.8ms
[602.658s][info][gc,phases      ] GC(493)   Post Evacuate Collection Set: 1.4ms
[602.658s][info][gc,phases      ] GC(493)   Other: 0.1ms
[602.658s][info][gc,heap        ] GC(493) Eden regions: 1225->0(924)
[602.658s][info][gc,heap        ] GC(493) Survivor regions: 3->154(154)
[602.658s][info][gc,heap        ] GC(493) Old regions: 8->252
[602.658s][info][gc,heap        ] GC(493) Humongous regions: 4->4
[602.658s][info][gc,metaspace   ] GC(493) Metaspace: 16653K(17088K)->16653K(17088K) NonClass: 14322K(14528K)->14322K(14528K) Class: 2331K(2560K)->2331K(2560K)
[602.658s][info][gc             ] GC(493) Pause Young (Normal) (G1 Evacuation Pause) 1237M->407M(2048M) 174.014ms
[602.658s][info][gc,cpu         ] GC(493) User=0.88s Sys=0.02s Real=0.19s
[605.163s][info][gc,start       ] GC(494) Pause Young (Normal) (G1 Evacuation Pause)
[605.163s][info][gc,task        ] GC(494) Using 6 workers of 6 for evacuation
[605.415s][info][gc,mmu         ] GC(494) MMU target violated: 201.0ms (200.0ms/201.0ms)
[605.415s][info][gc,phases      ] GC(494)   Pre Evacuate Collection Set: 0.3ms
[605.415s][info][gc,phases      ] GC(494)   Merge Heap Roots: 1.3ms
[605.415s][info][gc,phases      ] GC(494)   Evacuate Collection Set: 248.5ms
[605.415s][info][gc,phases      ] GC(494)   Post Evacuate Collection Set: 1.9ms
[605.415s][info][gc,phases      ] GC(494)   Other: 0.2ms
[605.415s][info][gc,heap        ] GC(494) Eden regions: 924->0(519)
[605.415s][info][gc,heap        ] GC(494) Survivor regions: 154->135(135)
[605.415s][info][gc,heap        ] GC(494) Old regions: 252->647
[605.415s][info][gc,heap        ] GC(494) Humongous regions: 4->4
[605.415s][info][gc,metaspace   ] GC(494) Metaspace: 16653K(17088K)->16653K(17088K) NonClass: 14322K(14528K)->14322K(14528K) Class: 2331K(2560K)->2331K(2560K)
[605.415s][info][gc             ] GC(494) Pause Young (Normal) (G1 Evacuation Pause) 1331M->782M(2048M) 252.298ms
[605.415s][info][gc,cpu         ] GC(494) User=1.42s Sys=0.00s Real=0.25s
[606.091s][info][gc,start       ] GC(495) Pause Young (Normal) (G1 Evacuation Pause)
[606.091s][info][gc,task        ] GC(495) Using 6 workers of 6 for evacuation
[606.218s][info][gc,phases      ] GC(495)   Pre Evacuate Collection Set: 0.3ms
[606.218s][info][gc,phases      ] GC(495)   Merge Heap Roots: 2.3ms
[606.218s][info][gc,phases      ] GC(495)   Evacuate Collection Set: 123.2ms
[606.218s][info][gc,phases      ] GC(495)   Post Evacuate Collection Set: 1.2ms
[606.218s][info][gc,phases      ] GC(495)   Other: 0.1ms
[606.218s][info][gc,heap        ] GC(495) Eden regions: 320->0(618)
[606.218s][info][gc,heap        ] GC(495) Survivor regions: 135->57(57)
[606.218s][info][gc,heap        ] GC(495) Old regions: 647->792
[606.218s][info][gc,heap        ] GC(495) Humongous regions: 10->10
[606.218s][info][gc,metaspace   ] GC(495) Metaspace: 16653K(17088K)->16653K(17088K) NonClass: 14322K(14528K)->14322K(14528K) Class: 2331K(2560K)->2331K(2560K)
[606.218s][info][gc             ] GC(495) Pause Young (Normal) (G1 Evacuation Pause) 1108M->856M(2048M) 127.349ms
[606.218s][info][gc,cpu         ] GC(495) User=0.67s Sys=0.00s Real=0.13s
[607.558s][info][gc,start       ] GC(496) Pause Full (System.gc())
[607.558s][info][gc,task        ] GC(496) Using 6 workers of 6 for full compaction
[607.559s][info][gc,phases,start] GC(496) Phase 1: Mark live objects
[607.561s][info][gc,phases      ] GC(496) Phase 1: Mark live objects 2.743ms
[607.561s][info][gc,phases,start] GC(496) Phase 2: Prepare compaction
[607.562s][info][gc,phases      ] GC(496) Phase 2: Prepare compaction 1.054ms
[607.562s][info][gc,phases,start] GC(496) Phase 3: Adjust pointers
[607.565s][info][gc,phases      ] GC(496) Phase 3: Adjust pointers 2.269ms
[607.565s][info][gc,phases,start] GC(496) Phase 4: Compact heap
[607.566s][info][gc,phases      ] GC(496) Phase 4: Compact heap 1.306ms
[607.566s][info][gc,phases,start] GC(496) Phase 5: Reset Metadata
[607.567s][info][gc,phases      ] GC(496) Phase 5: Reset Metadata 0.935ms
[607.573s][info][gc,heap        ] GC(496) Eden regions: 434->0(777)
[607.573s][info][gc,heap        ] GC(496) Survivor regions: 57->0(57)
[607.573s][info][gc,heap        ] GC(496) Old regions: 792->8
[607.573s][info][gc,heap        ] GC(496) Humongous regions: 10->2
[607.573s][info][gc,metaspace   ] GC(496) Metaspace: 16653K(17088K)->16653K(17088K) NonClass: 14322K(14528K)->14322K(14528K) Class: 2331K(2560K)->2331K(2560K)
[607.573s][info][gc             ] GC(496) Pause Full (System.gc()) 1289M->7M(2048M) 15.266ms
[607.573s][info][gc,cpu         ] GC(496) User=0.02s Sys=0.00s Real=0.02s
[608.799s][info][gc,start       ] GC(497) Pause Young (Normal) (G1 Evacuation Pause)
[608.799s][info][gc,task        ] GC(497) Using 6 workers of 6 for evacuation
[608.800s][info][gc,phases      ] GC(497)   Pre Evacuate Collection Set: 0.3ms
[608.800s][info][gc,phases      ] GC(497)   Merge Heap Roots: 0.1ms
[608.800s][info][gc,phases      ] GC(497)   Evacuate Collection Set: 0.4ms
[608.800s][info][gc,phases      ] GC(497)   Post Evacuate Collection Set: 0.5ms
[608.800s][info][gc,phases      ] GC(497)   Other: 0.1ms
[608.800s][info][gc,heap        ] GC(497) Eden regions: 1068->0(1043)
[608.800s][info][gc,heap        ] GC(497) Survivor regions: 0->3(134)
[608.800s][info][gc,heap        ] GC(497) Old regions: 8->8
[608.800s][info][gc,heap        ] GC(497) Humongous regions: 2->2
[608.800s][info][gc,metaspace   ] GC(497) Metaspace: 16653K(17088K)->16653K(17088K) NonClass: 14322K(14528K)->14322K(14528K) Class: 2331K(2560K)->2331K(2560K)
[608.800s][info][gc             ] GC(497) Pause Young (Normal) (G1 Evacuation Pause) 1075M->10M(2048M) 1.622ms
[608.800s][info][gc,cpu         ] GC(497) User=0.02s Sys=0.00s Real=0.02s
[608.988s][info][gc,start       ] GC(498) Pause Young (Normal) (G1 Evacuation Pause)
[608.988s][info][gc,task        ] GC(498) Using 6 workers of 6 for evacuation
[608.989s][info][gc,phases      ] GC(498)   Pre Evacuate Collection Set: 0.4ms
[608.989s][info][gc,phases      ] GC(498)   Merge Heap Roots: 0.1ms
[608.989s][info][gc,phases      ] GC(498)   Evacuate Collection Set: 0.5ms
[608.989s][info][gc,phases      ] GC(498)   Post Evacuate Collection Set: 0.5ms
[608.989s][info][gc,phases      ] GC(498)   Other: 0.1ms
[608.989s][info][gc,heap        ] GC(498) Eden regions: 1225->0(1225)
[608.989s][info][gc,heap        ] GC(498) Survivor regions: 3->3(154)
[608.989s][info][gc,heap        ] GC(498) Old regions: 8->8
[608.989s][info][gc,heap        ] GC(498) Humongous regions: 2->2
[608.989s][info][gc,metaspace   ] GC(498) Metaspace: 16653K(17088K)->16653K(17088K) NonClass: 14322K(14528K)->14322K(14528K) Class: 2331K(2560K)->2331K(2560K)
[608.989s][info][gc             ] GC(498) Pause Young (Normal) (G1 Evacuation Pause) 1235M->9M(2048M) 1.867ms
[608.989s][info][gc,cpu         ] GC(498) User=0.00s Sys=0.00s Real=0.00s
[609.592s][info][gc,start       ] GC(499) Pause Young (Normal) (G1 Evacuation Pause)
[609.592s][info][gc,task        ] GC(499) Using 6 workers of 6 for evacuation
[609.788s][info][gc,phases      ] GC(499)   Pre Evacuate Collection Set: 0.2ms
[609.788s][info][gc,phases      ] GC(499)   Merge Heap Roots: 0.1ms
[609.788s][info][gc,phases      ] GC(499)   Evacuate Collection Set: 194.4ms
[609.788s][info][gc,phases      ] GC(499)   Post Evacuate Collection Set: 1.2ms
[609.788s][info][gc,phases      ] GC(499)   Other: 0.1ms
[609.788s][info][gc,heap        ] GC(499) Eden regions: 1225->0(877)
[609.788s][info][gc,heap        ] GC(499) Survivor regions: 3->154(154)
[609.788s][info][gc,heap        ] GC(499) Old regions: 8->277
[609.788s][info][gc,heap        ] GC(499) Humongous regions: 4->4
[609.788s][info][gc,metaspace   ] GC(499) Metaspace: 16653K(17088K)->16653K(17088K) NonClass: 14322K(14528K)->14322K(14528K) Class: 2331K(2560K)->2331K(2560K)
[609.788s][info][gc             ] GC(499) Pause Young (Normal) (G1 Evacuation Pause) 1236M->432M(2048M) 196.373ms
[609.788s][info][gc,cpu         ] GC(499) User=1.14s Sys=0.00s Real=0.20s
[612.631s][info][gc,start       ] GC(500) Pause Young (Normal) (G1 Evacuation Pause)
[612.631s][info][gc,task        ] GC(500) Using 6 workers of 6 for evacuation
[612.839s][info][gc,mmu         ] GC(500) MMU target violated: 201.0ms (200.0ms/201.0ms)
[612.839s][info][gc,phases      ] GC(500)   Pre Evacuate Collection Set: 0.4ms
[612.839s][info][gc,phases      ] GC(500)   Merge Heap Roots: 1.3ms
[612.839s][info][gc,phases      ] GC(500)   Evacuate Collection Set: 204.4ms
[612.839s][info][gc,phases      ] GC(500)   Post Evacuate Collection Set: 1.6ms
[612.839s][info][gc,phases      ] GC(500)   Other: 0.2ms
[612.839s][info][gc,heap        ] GC(500) Eden regions: 714->0(483)
[612.839s][info][gc,heap        ] GC(500) Survivor regions: 154->109(109)
[612.839s][info][gc,heap        ] GC(500) Old regions: 277->587
[612.839s][info][gc,heap        ] GC(500) Humongous regions: 4->4
[612.839s][info][gc,metaspace   ] GC(500) Metaspace: 16653K(17088K)->16653K(17088K) NonClass: 14322K(14528K)->14322K(14528K) Class: 2331K(2560K)->2331K(2560K)
[612.839s][info][gc             ] GC(500) Pause Young (Normal) (G1 Evacuation Pause) 1146M->697M(2048M) 207.962ms
[612.839s][info][gc,cpu         ] GC(500) User=1.16s Sys=0.03s Real=0.21s
[613.182s][info][gc,start       ] GC(501) Pause Young (Normal) (G1 Evacuation Pause)
[613.182s][info][gc,task        ] GC(501) Using 6 workers of 6 for evacuation
[613.342s][info][gc,phases      ] GC(501)   Pre Evacuate Collection Set: 0.3ms
[613.342s][info][gc,phases      ] GC(501)   Merge Heap Roots: 2.0ms
[613.342s][info][gc,phases      ] GC(501)   Evacuate Collection Set: 156.5ms
[613.342s][info][gc,phases      ] GC(501)   Post Evacuate Collection Set: 1.1ms
[613.342s][info][gc,phases      ] GC(501)   Other: 0.1ms
[613.342s][info][gc,heap        ] GC(501) Eden regions: 383->0(543)
[613.342s][info][gc,heap        ] GC(501) Survivor regions: 109->62(62)
[613.342s][info][gc,heap        ] GC(501) Old regions: 587->798
[613.342s][info][gc,heap        ] GC(501) Humongous regions: 7->7
[613.342s][info][gc,metaspace   ] GC(501) Metaspace: 16653K(17088K)->16653K(17088K) NonClass: 14322K(14528K)->14322K(14528K) Class: 2331K(2560K)->2331K(2560K)
[613.342s][info][gc             ] GC(501) Pause Young (Normal) (G1 Evacuation Pause) 1083M->864M(2048M) 160.141ms
[613.342s][info][gc,cpu         ] GC(501) User=0.92s Sys=0.00s Real=0.16s
[614.482s][info][gc,start       ] GC(502) Pause Young (Normal) (G1 Evacuation Pause)
[614.483s][info][gc,task        ] GC(502) Using 6 workers of 6 for evacuation
[614.530s][info][gc,phases      ] GC(502)   Pre Evacuate Collection Set: 0.4ms
[614.530s][info][gc,phases      ] GC(502)   Merge Heap Roots: 2.1ms
[614.530s][info][gc,phases      ] GC(502)   Evacuate Collection Set: 44.3ms
[614.530s][info][gc,phases      ] GC(502)   Post Evacuate Collection Set: 0.6ms
[614.530s][info][gc,phases      ] GC(502)   Other: 0.1ms
[614.530s][info][gc,heap        ] GC(502) Eden regions: 541->0(646)
[614.530s][info][gc,heap        ] GC(502) Survivor regions: 62->6(76)
[614.530s][info][gc,heap        ] GC(502) Old regions: 798->849
[614.530s][info][gc,heap        ] GC(502) Humongous regions: 10->10
[614.530s][info][gc,metaspace   ] GC(502) Metaspace: 16653K(17088K)->16653K(17088K) NonClass: 14322K(14528K)->14322K(14528K) Class: 2331K(2560K)->2331K(2560K)
[614.530s][info][gc             ] GC(502) Pause Young (Normal) (G1 Evacuation Pause) 1408M->861M(2048M) 47.772ms
[614.530s][info][gc,cpu         ] GC(502) User=0.17s Sys=0.00s Real=0.05s
[615.273s][info][gc,start       ] GC(503) Pause Full (System.gc())
[615.273s][info][gc,task        ] GC(503) Using 6 workers of 6 for full compaction
[615.273s][info][gc,phases,start] GC(503) Phase 1: Mark live objects
[615.276s][info][gc,phases      ] GC(503) Phase 1: Mark live objects 2.836ms
[615.276s][info][gc,phases,start] GC(503) Phase 2: Prepare compaction
[615.277s][info][gc,phases      ] GC(503) Phase 2: Prepare compaction 1.284ms
[615.277s][info][gc,phases,start] GC(503) Phase 3: Adjust pointers
[615.279s][info][gc,phases      ] GC(503) Phase 3: Adjust pointers 2.227ms
[615.279s][info][gc,phases,start] GC(503) Phase 4: Compact heap
[615.281s][info][gc,phases      ] GC(503) Phase 4: Compact heap 1.355ms
[615.281s][info][gc,phases,start] GC(503) Phase 5: Reset Metadata
[615.282s][info][gc,phases      ] GC(503) Phase 5: Reset Metadata 0.953ms
[615.287s][info][gc,heap        ] GC(503) Eden regions: 99->0(1056)
[615.287s][info][gc,heap        ] GC(503) Survivor regions: 6->0(76)
[615.287s][info][gc,heap        ] GC(503) Old regions: 849->8
[615.287s][info][gc,heap        ] GC(503) Humongous regions: 10->2
[615.287s][info][gc,metaspace   ] GC(503) Metaspace: 16653K(17088K)->16653K(17088K) NonClass: 14322K(14528K)->14322K(14528K) Class: 2331K(2560K)->2331K(2560K)
[615.287s][info][gc             ] GC(503) Pause Full (System.gc()) 960M->7M(2048M) 14.723ms
[615.287s][info][gc,cpu         ] GC(503) User=0.02s Sys=0.00s Real=0.02s
[616.515s][info][gc,start       ] GC(504) Pause Young (Normal) (G1 Evacuation Pause)
[616.515s][info][gc,task        ] GC(504) Using 6 workers of 6 for evacuation
[616.517s][info][gc,phases      ] GC(504)   Pre Evacuate Collection Set: 0.3ms
[616.517s][info][gc,phases      ] GC(504)   Merge Heap Roots: 0.2ms
[616.517s][info][gc,phases      ] GC(504)   Evacuate Collection Set: 0.5ms
[616.517s][info][gc,phases      ] GC(504)   Post Evacuate Collection Set: 0.7ms
[616.517s][info][gc,phases      ] GC(504)   Other: 0.1ms
[616.517s][info][gc,heap        ] GC(504) Eden regions: 1228->0(1225)
[616.517s][info][gc,heap        ] GC(504) Survivor regions: 0->3(154)
[616.517s][info][gc,heap        ] GC(504) Old regions: 8->8
[616.517s][info][gc,heap        ] GC(504) Humongous regions: 2->2
[616.517s][info][gc,metaspace   ] GC(504) Metaspace: 16653K(17088K)->16653K(17088K) NonClass: 14322K(14528K)->14322K(14528K) Class: 2331K(2560K)->2331K(2560K)
[616.517s][info][gc             ] GC(504) Pause Young (Normal) (G1 Evacuation Pause) 1235M->9M(2048M) 1.999ms
[616.517s][info][gc,cpu         ] GC(504) User=0.00s Sys=0.00s Real=0.00s
[616.711s][info][gc,start       ] GC(505) Pause Young (Normal) (G1 Evacuation Pause)
[616.712s][info][gc,task        ] GC(505) Using 6 workers of 6 for evacuation
[616.713s][info][gc,phases      ] GC(505)   Pre Evacuate Collection Set: 0.3ms
[616.713s][info][gc,phases      ] GC(505)   Merge Heap Roots: 0.1ms
[616.713s][info][gc,phases      ] GC(505)   Evacuate Collection Set: 0.3ms
[616.713s][info][gc,phases      ] GC(505)   Post Evacuate Collection Set: 0.6ms
[616.713s][info][gc,phases      ] GC(505)   Other: 0.1ms
[616.713s][info][gc,heap        ] GC(505) Eden regions: 1225->0(1227)
[616.713s][info][gc,heap        ] GC(505) Survivor regions: 3->1(154)
[616.713s][info][gc,heap        ] GC(505) Old regions: 8->8
[616.713s][info][gc,heap        ] GC(505) Humongous regions: 2->2
[616.713s][info][gc,metaspace   ] GC(505) Metaspace: 16653K(17088K)->16653K(17088K) NonClass: 14322K(14528K)->14322K(14528K) Class: 2331K(2560K)->2331K(2560K)
[616.713s][info][gc             ] GC(505) Pause Young (Normal) (G1 Evacuation Pause) 1234M->8M(2048M) 1.686ms
[616.713s][info][gc,cpu         ] GC(505) User=0.00s Sys=0.00s Real=0.02s
[619.648s][info][gc,start       ] GC(506) Pause Young (Normal) (G1 Evacuation Pause)
[619.648s][info][gc,task        ] GC(506) Using 6 workers of 6 for evacuation
[619.833s][info][gc,phases      ] GC(506)   Pre Evacuate Collection Set: 0.4ms
[619.833s][info][gc,phases      ] GC(506)   Merge Heap Roots: 0.2ms
[619.833s][info][gc,phases      ] GC(506)   Evacuate Collection Set: 182.5ms
[619.833s][info][gc,phases      ] GC(506)   Post Evacuate Collection Set: 1.3ms
[619.833s][info][gc,phases      ] GC(506)   Other: 0.2ms
[619.833s][info][gc,heap        ] GC(506) Eden regions: 1227->0(923)
[619.833s][info][gc,heap        ] GC(506) Survivor regions: 1->154(154)
[619.833s][info][gc,heap        ] GC(506) Old regions: 8->281
[619.833s][info][gc,heap        ] GC(506) Humongous regions: 4->4
[619.833s][info][gc,metaspace   ] GC(506) Metaspace: 16653K(17088K)->16653K(17088K) NonClass: 14322K(14528K)->14322K(14528K) Class: 2331K(2560K)->2331K(2560K)
[619.833s][info][gc             ] GC(506) Pause Young (Normal) (G1 Evacuation Pause) 1237M->436M(2048M) 184.851ms
[619.833s][info][gc,cpu         ] GC(506) User=1.05s Sys=0.00s Real=0.19s
[620.403s][info][gc,start       ] GC(507) Pause Young (Normal) (G1 Evacuation Pause)
[620.403s][info][gc,task        ] GC(507) Using 6 workers of 6 for evacuation
[620.674s][info][gc,mmu         ] GC(507) MMU target violated: 201.0ms (200.0ms/201.0ms)
[620.674s][info][gc,phases      ] GC(507)   Pre Evacuate Collection Set: 0.5ms
[620.674s][info][gc,phases      ] GC(507)   Merge Heap Roots: 1.3ms
[620.674s][info][gc,phases      ] GC(507)   Evacuate Collection Set: 267.4ms
[620.674s][info][gc,phases      ] GC(507)   Post Evacuate Collection Set: 1.3ms
[620.674s][info][gc,phases      ] GC(507)   Other: 0.2ms
[620.674s][info][gc,heap        ] GC(507) Eden regions: 923->0(496)
[620.674s][info][gc,heap        ] GC(507) Survivor regions: 154->135(135)
[620.674s][info][gc,heap        ] GC(507) Old regions: 281->686
[620.674s][info][gc,heap        ] GC(507) Humongous regions: 7->7
[620.674s][info][gc,metaspace   ] GC(507) Metaspace: 16653K(17088K)->16653K(17088K) NonClass: 14322K(14528K)->14322K(14528K) Class: 2331K(2560K)->2331K(2560K)
[620.674s][info][gc             ] GC(507) Pause Young (Normal) (G1 Evacuation Pause) 1362M->825M(2048M) 270.911ms
[620.674s][info][gc,cpu         ] GC(507) User=1.58s Sys=0.00s Real=0.26s
[621.495s][info][gc,start       ] GC(508) Pause Young (Normal) (G1 Evacuation Pause)
[621.495s][info][gc,task        ] GC(508) Using 6 workers of 6 for evacuation
[621.570s][info][gc,phases      ] GC(508)   Pre Evacuate Collection Set: 0.4ms
[621.571s][info][gc,phases      ] GC(508)   Merge Heap Roots: 2.0ms
[621.571s][info][gc,phases      ] GC(508)   Evacuate Collection Set: 72.1ms
[621.571s][info][gc,phases      ] GC(508)   Post Evacuate Collection Set: 1.0ms
[621.571s][info][gc,phases      ] GC(508)   Other: 0.1ms
[621.571s][info][gc,heap        ] GC(508) Eden regions: 416->0(694)
[621.571s][info][gc,heap        ] GC(508) Survivor regions: 135->19(69)
[621.571s][info][gc,heap        ] GC(508) Old regions: 686->813
[621.571s][info][gc,heap        ] GC(508) Humongous regions: 10->10
[621.571s][info][gc,metaspace   ] GC(508) Metaspace: 16653K(17088K)->16653K(17088K) NonClass: 14322K(14528K)->14322K(14528K) Class: 2331K(2560K)->2331K(2560K)
[621.571s][info][gc             ] GC(508) Pause Young (Normal) (G1 Evacuation Pause) 1244M->839M(2048M) 75.823ms
[621.571s][info][gc,cpu         ] GC(508) User=0.39s Sys=0.00s Real=0.08s
[622.527s][info][gc,start       ] GC(509) Pause Full (System.gc())
[622.527s][info][gc,task        ] GC(509) Using 6 workers of 6 for full compaction
[622.527s][info][gc,phases,start] GC(509) Phase 1: Mark live objects
[622.530s][info][gc,phases      ] GC(509) Phase 1: Mark live objects 2.428ms
[622.530s][info][gc,phases,start] GC(509) Phase 2: Prepare compaction
[622.530s][info][gc,phases      ] GC(509) Phase 2: Prepare compaction 0.878ms
[622.530s][info][gc,phases,start] GC(509) Phase 3: Adjust pointers
[622.533s][info][gc,phases      ] GC(509) Phase 3: Adjust pointers 2.116ms
[622.533s][info][gc,phases,start] GC(509) Phase 4: Compact heap
[622.533s][info][gc,phases      ] GC(509) Phase 4: Compact heap 0.787ms
[622.533s][info][gc,phases,start] GC(509) Phase 5: Reset Metadata
[622.534s][info][gc,phases      ] GC(509) Phase 5: Reset Metadata 0.812ms
[622.540s][info][gc,heap        ] GC(509) Eden regions: 231->0(1215)
[622.540s][info][gc,heap        ] GC(509) Survivor regions: 19->0(69)
[622.540s][info][gc,heap        ] GC(509) Old regions: 813->8
[622.540s][info][gc,heap        ] GC(509) Humongous regions: 10->2
[622.540s][info][gc,metaspace   ] GC(509) Metaspace: 16653K(17088K)->16653K(17088K) NonClass: 14322K(14528K)->14322K(14528K) Class: 2331K(2560K)->2331K(2560K)
[622.540s][info][gc             ] GC(509) Pause Full (System.gc()) 1070M->7M(2048M) 13.776ms
[622.540s][info][gc,cpu         ] GC(509) User=0.00s Sys=0.00s Real=0.02s
[623.806s][info][gc,start       ] GC(510) Pause Young (Normal) (G1 Evacuation Pause)
[623.806s][info][gc,task        ] GC(510) Using 6 workers of 6 for evacuation
[623.807s][info][gc,phases      ] GC(510)   Pre Evacuate Collection Set: 0.3ms
[623.807s][info][gc,phases      ] GC(510)   Merge Heap Roots: 0.2ms
[623.807s][info][gc,phases      ] GC(510)   Evacuate Collection Set: 0.3ms
[623.807s][info][gc,phases      ] GC(510)   Post Evacuate Collection Set: 0.6ms
[623.807s][info][gc,phases      ] GC(510)   Other: 0.1ms
[623.807s][info][gc,heap        ] GC(510) Eden regions: 1228->0(1225)
[623.807s][info][gc,heap        ] GC(510) Survivor regions: 0->3(154)
[623.807s][info][gc,heap        ] GC(510) Old regions: 8->8
[623.807s][info][gc,heap        ] GC(510) Humongous regions: 2->2
[623.807s][info][gc,metaspace   ] GC(510) Metaspace: 16653K(17088K)->16653K(17088K) NonClass: 14322K(14528K)->14322K(14528K) Class: 2331K(2560K)->2331K(2560K)
[623.807s][info][gc             ] GC(510) Pause Young (Normal) (G1 Evacuation Pause) 1235M->10M(2048M) 1.670ms
[623.807s][info][gc,cpu         ] GC(510) User=0.00s Sys=0.00s Real=0.01s
[623.994s][info][gc,start       ] GC(511) Pause Young (Normal) (G1 Evacuation Pause)
[623.994s][info][gc,task        ] GC(511) Using 6 workers of 6 for evacuation
[623.996s][info][gc,phases      ] GC(511)   Pre Evacuate Collection Set: 0.3ms
[623.996s][info][gc,phases      ] GC(511)   Merge Heap Roots: 0.2ms
[623.996s][info][gc,phases      ] GC(511)   Evacuate Collection Set: 0.3ms
[623.996s][info][gc,phases      ] GC(511)   Post Evacuate Collection Set: 0.6ms
[623.996s][info][gc,phases      ] GC(511)   Other: 0.1ms
[623.996s][info][gc,heap        ] GC(511) Eden regions: 1225->0(1226)
[623.996s][info][gc,heap        ] GC(511) Survivor regions: 3->2(154)
[623.996s][info][gc,heap        ] GC(511) Old regions: 8->8
[623.996s][info][gc,heap        ] GC(511) Humongous regions: 2->2
[623.996s][info][gc,metaspace   ] GC(511) Metaspace: 16653K(17088K)->16653K(17088K) NonClass: 14322K(14528K)->14322K(14528K) Class: 2331K(2560K)->2331K(2560K)
[623.996s][info][gc             ] GC(511) Pause Young (Normal) (G1 Evacuation Pause) 1235M->9M(2048M) 1.784ms
[623.996s][info][gc,cpu         ] GC(511) User=0.00s Sys=0.00s Real=0.00s
[626.874s][info][gc,start       ] GC(512) Pause Young (Normal) (G1 Evacuation Pause)
[626.874s][info][gc,task        ] GC(512) Using 6 workers of 6 for evacuation
[627.058s][info][gc,phases      ] GC(512)   Pre Evacuate Collection Set: 0.4ms
[627.058s][info][gc,phases      ] GC(512)   Merge Heap Roots: 0.3ms
[627.058s][info][gc,phases      ] GC(512)   Evacuate Collection Set: 182.1ms
[627.058s][info][gc,phases      ] GC(512)   Post Evacuate Collection Set: 1.3ms
[627.058s][info][gc,phases      ] GC(512)   Other: 0.2ms
[627.058s][info][gc,heap        ] GC(512) Eden regions: 1226->0(937)
[627.058s][info][gc,heap        ] GC(512) Survivor regions: 2->154(154)
[627.058s][info][gc,heap        ] GC(512) Old regions: 8->280
[627.058s][info][gc,heap        ] GC(512) Humongous regions: 4->4
[627.058s][info][gc,metaspace   ] GC(512) Metaspace: 16653K(17088K)->16653K(17088K) NonClass: 14322K(14528K)->14322K(14528K) Class: 2331K(2560K)->2331K(2560K)
[627.058s][info][gc             ] GC(512) Pause Young (Normal) (G1 Evacuation Pause) 1237M->435M(2048M) 184.540ms
[627.058s][info][gc,cpu         ] GC(512) User=1.05s Sys=0.00s Real=0.19s
[627.639s][info][gc,start       ] GC(513) Pause Young (Normal) (G1 Evacuation Pause)
[627.639s][info][gc,task        ] GC(513) Using 6 workers of 6 for evacuation
[627.909s][info][gc,mmu         ] GC(513) MMU target violated: 201.0ms (200.0ms/201.0ms)
[627.910s][info][gc,phases      ] GC(513)   Pre Evacuate Collection Set: 0.4ms
[627.910s][info][gc,phases      ] GC(513)   Merge Heap Roots: 1.1ms
[627.910s][info][gc,phases      ] GC(513)   Evacuate Collection Set: 267.4ms
[627.910s][info][gc,phases      ] GC(513)   Post Evacuate Collection Set: 1.3ms
[627.910s][info][gc,phases      ] GC(513)   Other: 0.2ms
[627.910s][info][gc,heap        ] GC(513) Eden regions: 937->0(514)
[627.910s][info][gc,heap        ] GC(513) Survivor regions: 154->137(137)
[627.910s][info][gc,heap        ] GC(513) Old regions: 280->692
[627.910s][info][gc,heap        ] GC(513) Humongous regions: 7->7
[627.910s][info][gc,metaspace   ] GC(513) Metaspace: 16654K(17088K)->16654K(17088K) NonClass: 14322K(14528K)->14322K(14528K) Class: 2331K(2560K)->2331K(2560K)
[627.910s][info][gc             ] GC(513) Pause Young (Normal) (G1 Evacuation Pause) 1375M->832M(2048M) 270.673ms
[627.910s][info][gc,cpu         ] GC(513) User=1.44s Sys=0.00s Real=0.28s
[628.739s][info][gc,start       ] GC(514) Pause Young (Normal) (G1 Evacuation Pause)
[628.739s][info][gc,task        ] GC(514) Using 6 workers of 6 for evacuation
[628.817s][info][gc,phases      ] GC(514)   Pre Evacuate Collection Set: 0.4ms
[628.817s][info][gc,phases      ] GC(514)   Merge Heap Roots: 1.9ms
[628.817s][info][gc,phases      ] GC(514)   Evacuate Collection Set: 74.1ms
[628.817s][info][gc,phases      ] GC(514)   Post Evacuate Collection Set: 1.0ms
[628.817s][info][gc,phases      ] GC(514)   Other: 0.1ms
[628.817s][info][gc,heap        ] GC(514) Eden regions: 410->0(696)
[628.817s][info][gc,heap        ] GC(514) Survivor regions: 137->19(69)
[628.817s][info][gc,heap        ] GC(514) Old regions: 692->818
[628.817s][info][gc,heap        ] GC(514) Humongous regions: 10->10
[628.817s][info][gc,metaspace   ] GC(514) Metaspace: 16654K(17088K)->16654K(17088K) NonClass: 14322K(14528K)->14322K(14528K) Class: 2331K(2560K)->2331K(2560K)
[628.817s][info][gc             ] GC(514) Pause Young (Normal) (G1 Evacuation Pause) 1245M->843M(2048M) 77.718ms
[628.817s][info][gc,cpu         ] GC(514) User=0.39s Sys=0.00s Real=0.09s
[629.770s][info][gc,start       ] GC(515) Pause Full (System.gc())
[629.770s][info][gc,task        ] GC(515) Using 6 workers of 6 for full compaction
[629.770s][info][gc,phases,start] GC(515) Phase 1: Mark live objects
[629.773s][info][gc,phases      ] GC(515) Phase 1: Mark live objects 2.585ms
[629.773s][info][gc,phases,start] GC(515) Phase 2: Prepare compaction
[629.774s][info][gc,phases      ] GC(515) Phase 2: Prepare compaction 1.036ms
[629.774s][info][gc,phases,start] GC(515) Phase 3: Adjust pointers
[629.776s][info][gc,phases      ] GC(515) Phase 3: Adjust pointers 2.322ms
[629.776s][info][gc,phases,start] GC(515) Phase 4: Compact heap
[629.778s][info][gc,phases      ] GC(515) Phase 4: Compact heap 1.327ms
[629.778s][info][gc,phases,start] GC(515) Phase 5: Reset Metadata
[629.779s][info][gc,phases      ] GC(515) Phase 5: Reset Metadata 0.931ms
[629.785s][info][gc,heap        ] GC(515) Eden regions: 225->0(1228)
[629.785s][info][gc,heap        ] GC(515) Survivor regions: 19->0(69)
[629.785s][info][gc,heap        ] GC(515) Old regions: 818->8
[629.785s][info][gc,heap        ] GC(515) Humongous regions: 10->2
[629.785s][info][gc,metaspace   ] GC(515) Metaspace: 16654K(17088K)->16654K(17088K) NonClass: 14322K(14528K)->14322K(14528K) Class: 2331K(2560K)->2331K(2560K)
[629.785s][info][gc             ] GC(515) Pause Full (System.gc()) 1068M->7M(2048M) 14.954ms
[629.785s][info][gc,cpu         ] GC(515) User=0.02s Sys=0.00s Real=0.02s
[631.131s][info][gc,start       ] GC(516) Pause Young (Normal) (G1 Evacuation Pause)
[631.131s][info][gc,task        ] GC(516) Using 6 workers of 6 for evacuation
[631.133s][info][gc,phases      ] GC(516)   Pre Evacuate Collection Set: 0.3ms
[631.133s][info][gc,phases      ] GC(516)   Merge Heap Roots: 0.1ms
[631.133s][info][gc,phases      ] GC(516)   Evacuate Collection Set: 0.3ms
[631.133s][info][gc,phases      ] GC(516)   Post Evacuate Collection Set: 0.6ms
[631.133s][info][gc,phases      ] GC(516)   Other: 0.1ms
[631.133s][info][gc,heap        ] GC(516) Eden regions: 1228->0(1225)
[631.133s][info][gc,heap        ] GC(516) Survivor regions: 0->3(154)
[631.133s][info][gc,heap        ] GC(516) Old regions: 8->8
[631.133s][info][gc,heap        ] GC(516) Humongous regions: 2->2
[631.133s][info][gc,metaspace   ] GC(516) Metaspace: 16654K(17088K)->16654K(17088K) NonClass: 14322K(14528K)->14322K(14528K) Class: 2331K(2560K)->2331K(2560K)
[631.133s][info][gc             ] GC(516) Pause Young (Normal) (G1 Evacuation Pause) 1235M->10M(2048M) 1.752ms
[631.133s][info][gc,cpu         ] GC(516) User=0.00s Sys=0.00s Real=0.00s
[631.317s][info][gc,start       ] GC(517) Pause Young (Normal) (G1 Evacuation Pause)
[631.317s][info][gc,task        ] GC(517) Using 6 workers of 6 for evacuation
[631.318s][info][gc,phases      ] GC(517)   Pre Evacuate Collection Set: 0.3ms
[631.318s][info][gc,phases      ] GC(517)   Merge Heap Roots: 0.1ms
[631.318s][info][gc,phases      ] GC(517)   Evacuate Collection Set: 0.3ms
[631.318s][info][gc,phases      ] GC(517)   Post Evacuate Collection Set: 0.5ms
[631.319s][info][gc,phases      ] GC(517)   Other: 0.1ms
[631.319s][info][gc,heap        ] GC(517) Eden regions: 1225->0(1226)
[631.319s][info][gc,heap        ] GC(517) Survivor regions: 3->2(154)
[631.319s][info][gc,heap        ] GC(517) Old regions: 8->8
[631.319s][info][gc,heap        ] GC(517) Humongous regions: 2->2
[631.319s][info][gc,metaspace   ] GC(517) Metaspace: 16654K(17088K)->16654K(17088K) NonClass: 14322K(14528K)->14322K(14528K) Class: 2331K(2560K)->2331K(2560K)
[631.319s][info][gc             ] GC(517) Pause Young (Normal) (G1 Evacuation Pause) 1235M->9M(2048M) 1.525ms
[631.319s][info][gc,cpu         ] GC(517) User=0.00s Sys=0.00s Real=0.01s
[634.499s][info][gc,start       ] GC(518) Pause Young (Normal) (G1 Evacuation Pause)
[634.499s][info][gc,task        ] GC(518) Using 6 workers of 6 for evacuation
[634.684s][info][gc,phases      ] GC(518)   Pre Evacuate Collection Set: 0.6ms
[634.684s][info][gc,phases      ] GC(518)   Merge Heap Roots: 0.2ms
[634.684s][info][gc,phases      ] GC(518)   Evacuate Collection Set: 182.5ms
[634.684s][info][gc,phases      ] GC(518)   Post Evacuate Collection Set: 1.5ms
[634.684s][info][gc,phases      ] GC(518)   Other: 0.2ms
[634.684s][info][gc,heap        ] GC(518) Eden regions: 1226->0(937)
[634.684s][info][gc,heap        ] GC(518) Survivor regions: 2->154(154)
[634.684s][info][gc,heap        ] GC(518) Old regions: 8->281
[634.684s][info][gc,heap        ] GC(518) Humongous regions: 4->4
[634.684s][info][gc,metaspace   ] GC(518) Metaspace: 16654K(17088K)->16654K(17088K) NonClass: 14322K(14528K)->14322K(14528K) Class: 2331K(2560K)->2331K(2560K)
[634.684s][info][gc             ] GC(518) Pause Young (Normal) (G1 Evacuation Pause) 1237M->436M(2048M) 185.263ms
[634.684s][info][gc,cpu         ] GC(518) User=1.02s Sys=0.00s Real=0.19s
[635.270s][info][gc,start       ] GC(519) Pause Young (Normal) (G1 Evacuation Pause)
[635.270s][info][gc,task        ] GC(519) Using 6 workers of 6 for evacuation
[635.543s][info][gc,mmu         ] GC(519) MMU target violated: 201.0ms (200.0ms/201.0ms)
[635.544s][info][gc,phases      ] GC(519)   Pre Evacuate Collection Set: 0.4ms
[635.544s][info][gc,phases      ] GC(519)   Merge Heap Roots: 1.5ms
[635.544s][info][gc,phases      ] GC(519)   Evacuate Collection Set: 269.9ms
[635.544s][info][gc,phases      ] GC(519)   Post Evacuate Collection Set: 1.4ms
[635.544s][info][gc,phases      ] GC(519)   Other: 0.3ms
[635.544s][info][gc,heap        ] GC(519) Eden regions: 937->0(521)
[635.544s][info][gc,heap        ] GC(519) Survivor regions: 154->137(137)
[635.544s][info][gc,heap        ] GC(519) Old regions: 281->694
[635.544s][info][gc,heap        ] GC(519) Humongous regions: 7->7
[635.544s][info][gc,metaspace   ] GC(519) Metaspace: 16654K(17088K)->16654K(17088K) NonClass: 14322K(14528K)->14322K(14528K) Class: 2331K(2560K)->2331K(2560K)
[635.544s][info][gc             ] GC(519) Pause Young (Normal) (G1 Evacuation Pause) 1376M->834M(2048M) 273.725ms
[635.544s][info][gc,cpu         ] GC(519) User=1.59s Sys=0.00s Real=0.27s
[636.381s][info][gc,start       ] GC(520) Pause Young (Normal) (G1 Evacuation Pause)
[636.381s][info][gc,task        ] GC(520) Using 6 workers of 6 for evacuation
[636.454s][info][gc,phases      ] GC(520)   Pre Evacuate Collection Set: 0.3ms
[636.454s][info][gc,phases      ] GC(520)   Merge Heap Roots: 2.2ms
[636.454s][info][gc,phases      ] GC(520)   Evacuate Collection Set: 70.0ms
[636.454s][info][gc,phases      ] GC(520)   Post Evacuate Collection Set: 1.0ms
[636.454s][info][gc,phases      ] GC(520)   Other: 0.1ms
[636.454s][info][gc,heap        ] GC(520) Eden regions: 416->0(698)
[636.454s][info][gc,heap        ] GC(520) Survivor regions: 137->18(70)
[636.454s][info][gc,heap        ] GC(520) Old regions: 694->816
[636.454s][info][gc,heap        ] GC(520) Humongous regions: 10->10
[636.454s][info][gc,metaspace   ] GC(520) Metaspace: 16654K(17088K)->16654K(17088K) NonClass: 14322K(14528K)->14322K(14528K) Class: 2331K(2560K)->2331K(2560K)
[636.454s][info][gc             ] GC(520) Pause Young (Normal) (G1 Evacuation Pause) 1253M->840M(2048M) 73.803ms
[636.454s][info][gc,cpu         ] GC(520) User=0.34s Sys=0.00s Real=0.06s
[637.377s][info][gc,start       ] GC(521) Pause Full (System.gc())
[637.377s][info][gc,task        ] GC(521) Using 6 workers of 6 for full compaction
[637.378s][info][gc,phases,start] GC(521) Phase 1: Mark live objects
[637.381s][info][gc,phases      ] GC(521) Phase 1: Mark live objects 2.829ms
[637.381s][info][gc,phases,start] GC(521) Phase 2: Prepare compaction
[637.382s][info][gc,phases      ] GC(521) Phase 2: Prepare compaction 1.253ms
[637.382s][info][gc,phases,start] GC(521) Phase 3: Adjust pointers
[637.385s][info][gc,phases      ] GC(521) Phase 3: Adjust pointers 2.749ms
[637.385s][info][gc,phases,start] GC(521) Phase 4: Compact heap
[637.386s][info][gc,phases      ] GC(521) Phase 4: Compact heap 1.006ms
[637.386s][info][gc,phases,start] GC(521) Phase 5: Reset Metadata
[637.387s][info][gc,phases      ] GC(521) Phase 5: Reset Metadata 0.782ms
[637.392s][info][gc,heap        ] GC(521) Eden regions: 216->0(1228)
[637.393s][info][gc,heap        ] GC(521) Survivor regions: 18->0(70)
[637.393s][info][gc,heap        ] GC(521) Old regions: 816->8
[637.393s][info][gc,heap        ] GC(521) Humongous regions: 10->2
[637.393s][info][gc,metaspace   ] GC(521) Metaspace: 16654K(17088K)->16654K(17088K) NonClass: 14322K(14528K)->14322K(14528K) Class: 2331K(2560K)->2331K(2560K)
[637.393s][info][gc             ] GC(521) Pause Full (System.gc()) 1056M->7M(2048M) 15.146ms
[637.393s][info][gc,cpu         ] GC(521) User=0.02s Sys=0.00s Real=0.02s
[638.613s][info][gc,start       ] GC(522) Pause Young (Normal) (G1 Evacuation Pause)
[638.613s][info][gc,task        ] GC(522) Using 6 workers of 6 for evacuation
[638.615s][info][gc,phases      ] GC(522)   Pre Evacuate Collection Set: 0.3ms
[638.615s][info][gc,phases      ] GC(522)   Merge Heap Roots: 0.2ms
[638.615s][info][gc,phases      ] GC(522)   Evacuate Collection Set: 0.3ms
[638.615s][info][gc,phases      ] GC(522)   Post Evacuate Collection Set: 0.6ms
[638.615s][info][gc,phases      ] GC(522)   Other: 0.1ms
[638.615s][info][gc,heap        ] GC(522) Eden regions: 1228->0(1225)
[638.615s][info][gc,heap        ] GC(522) Survivor regions: 0->3(154)
[638.615s][info][gc,heap        ] GC(522) Old regions: 8->8
[638.615s][info][gc,heap        ] GC(522) Humongous regions: 2->2
[638.615s][info][gc,metaspace   ] GC(522) Metaspace: 16654K(17088K)->16654K(17088K) NonClass: 14322K(14528K)->14322K(14528K) Class: 2331K(2560K)->2331K(2560K)
[638.615s][info][gc             ] GC(522) Pause Young (Normal) (G1 Evacuation Pause) 1235M->10M(2048M) 1.634ms
[638.615s][info][gc,cpu         ] GC(522) User=0.00s Sys=0.00s Real=0.00s
[638.800s][info][gc,start       ] GC(523) Pause Young (Normal) (G1 Evacuation Pause)
[638.800s][info][gc,task        ] GC(523) Using 6 workers of 6 for evacuation
[638.802s][info][gc,phases      ] GC(523)   Pre Evacuate Collection Set: 0.3ms
[638.802s][info][gc,phases      ] GC(523)   Merge Heap Roots: 0.2ms
[638.802s][info][gc,phases      ] GC(523)   Evacuate Collection Set: 0.3ms
[638.802s][info][gc,phases      ] GC(523)   Post Evacuate Collection Set: 0.5ms
[638.802s][info][gc,phases      ] GC(523)   Other: 0.1ms
[638.802s][info][gc,heap        ] GC(523) Eden regions: 1225->0(1226)
[638.802s][info][gc,heap        ] GC(523) Survivor regions: 3->2(154)
[638.802s][info][gc,heap        ] GC(523) Old regions: 8->8
[638.802s][info][gc,heap        ] GC(523) Humongous regions: 2->2
[638.802s][info][gc,metaspace   ] GC(523) Metaspace: 16654K(17088K)->16654K(17088K) NonClass: 14322K(14528K)->14322K(14528K) Class: 2331K(2560K)->2331K(2560K)
[638.802s][info][gc             ] GC(523) Pause Young (Normal) (G1 Evacuation Pause) 1235M->9M(2048M) 1.665ms
[638.802s][info][gc,cpu         ] GC(523) User=0.00s Sys=0.00s Real=0.00s
[641.544s][info][gc,start       ] GC(524) Pause Young (Normal) (G1 Evacuation Pause)
[641.545s][info][gc,task        ] GC(524) Using 6 workers of 6 for evacuation
[641.731s][info][gc,phases      ] GC(524)   Pre Evacuate Collection Set: 0.3ms
[641.731s][info][gc,phases      ] GC(524)   Merge Heap Roots: 0.2ms
[641.731s][info][gc,phases      ] GC(524)   Evacuate Collection Set: 184.7ms
[641.731s][info][gc,phases      ] GC(524)   Post Evacuate Collection Set: 1.3ms
[641.731s][info][gc,phases      ] GC(524)   Other: 0.2ms
[641.731s][info][gc,heap        ] GC(524) Eden regions: 1226->0(935)
[641.731s][info][gc,heap        ] GC(524) Survivor regions: 2->154(154)
[641.731s][info][gc,heap        ] GC(524) Old regions: 8->283
[641.731s][info][gc,heap        ] GC(524) Humongous regions: 4->4
[641.731s][info][gc,metaspace   ] GC(524) Metaspace: 16654K(17088K)->16654K(17088K) NonClass: 14322K(14528K)->14322K(14528K) Class: 2331K(2560K)->2331K(2560K)
[641.731s][info][gc             ] GC(524) Pause Young (Normal) (G1 Evacuation Pause) 1237M->437M(2048M) 186.955ms
[641.731s][info][gc,cpu         ] GC(524) User=0.97s Sys=0.00s Real=0.18s
[642.315s][info][gc,start       ] GC(525) Pause Young (Normal) (G1 Evacuation Pause)
[642.315s][info][gc,task        ] GC(525) Using 6 workers of 6 for evacuation
[642.586s][info][gc,mmu         ] GC(525) MMU target violated: 201.0ms (200.0ms/201.0ms)
[642.587s][info][gc,phases      ] GC(525)   Pre Evacuate Collection Set: 0.3ms
[642.587s][info][gc,phases      ] GC(525)   Merge Heap Roots: 1.4ms
[642.587s][info][gc,phases      ] GC(525)   Evacuate Collection Set: 268.3ms
[642.587s][info][gc,phases      ] GC(525)   Post Evacuate Collection Set: 1.6ms
[642.587s][info][gc,phases      ] GC(525)   Other: 0.2ms
[642.587s][info][gc,heap        ] GC(525) Eden regions: 935->0(508)
[642.587s][info][gc,heap        ] GC(525) Survivor regions: 154->137(137)
[642.587s][info][gc,heap        ] GC(525) Old regions: 283->695
[642.587s][info][gc,heap        ] GC(525) Humongous regions: 7->7
[642.587s][info][gc,metaspace   ] GC(525) Metaspace: 16654K(17088K)->16654K(17088K) NonClass: 14322K(14528K)->14322K(14528K) Class: 2331K(2560K)->2331K(2560K)
[642.587s][info][gc             ] GC(525) Pause Young (Normal) (G1 Evacuation Pause) 1375M->835M(2048M) 271.947ms
[642.587s][info][gc,cpu         ] GC(525) User=1.59s Sys=0.00s Real=0.27s
[643.380s][info][gc,start       ] GC(526) Pause Young (Normal) (G1 Evacuation Pause)
[643.380s][info][gc,task        ] GC(526) Using 6 workers of 6 for evacuation
[643.465s][info][gc,phases      ] GC(526)   Pre Evacuate Collection Set: 0.5ms
[643.465s][info][gc,phases      ] GC(526)   Merge Heap Roots: 1.9ms
[643.465s][info][gc,phases      ] GC(526)   Evacuate Collection Set: 80.9ms
[643.465s][info][gc,phases      ] GC(526)   Post Evacuate Collection Set: 1.1ms
[643.465s][info][gc,phases      ] GC(526)   Other: 0.2ms
[643.465s][info][gc,heap        ] GC(526) Eden regions: 385->0(692)
[643.465s][info][gc,heap        ] GC(526) Survivor regions: 137->21(66)
[643.465s][info][gc,heap        ] GC(526) Old regions: 695->821
[643.465s][info][gc,heap        ] GC(526) Humongous regions: 10->10
[643.465s][info][gc,metaspace   ] GC(526) Metaspace: 16654K(17088K)->16654K(17088K) NonClass: 14322K(14528K)->14322K(14528K) Class: 2331K(2560K)->2331K(2560K)
[643.465s][info][gc             ] GC(526) Pause Young (Normal) (G1 Evacuation Pause) 1223M->848M(2048M) 84.911ms
[643.465s][info][gc,cpu         ] GC(526) User=0.48s Sys=0.00s Real=0.09s
[644.454s][info][gc,start       ] GC(527) Pause Full (System.gc())
[644.454s][info][gc,task        ] GC(527) Using 6 workers of 6 for full compaction
[644.455s][info][gc,phases,start] GC(527) Phase 1: Mark live objects
[644.458s][info][gc,phases      ] GC(527) Phase 1: Mark live objects 3.099ms
[644.458s][info][gc,phases,start] GC(527) Phase 2: Prepare compaction
[644.459s][info][gc,phases      ] GC(527) Phase 2: Prepare compaction 1.257ms
[644.459s][info][gc,phases,start] GC(527) Phase 3: Adjust pointers
[644.462s][info][gc,phases      ] GC(527) Phase 3: Adjust pointers 2.809ms
[644.462s][info][gc,phases,start] GC(527) Phase 4: Compact heap
[644.463s][info][gc,phases      ] GC(527) Phase 4: Compact heap 0.877ms
[644.463s][info][gc,phases,start] GC(527) Phase 5: Reset Metadata
[644.464s][info][gc,phases      ] GC(527) Phase 5: Reset Metadata 0.769ms
[644.469s][info][gc,heap        ] GC(527) Eden regions: 247->0(1179)
[644.469s][info][gc,heap        ] GC(527) Survivor regions: 21->0(66)
[644.469s][info][gc,heap        ] GC(527) Old regions: 821->8
[644.469s][info][gc,heap        ] GC(527) Humongous regions: 10->2
[644.469s][info][gc,metaspace   ] GC(527) Metaspace: 16654K(17088K)->16654K(17088K) NonClass: 14322K(14528K)->14322K(14528K) Class: 2331K(2560K)->2331K(2560K)
[644.469s][info][gc             ] GC(527) Pause Full (System.gc()) 1095M->7M(2048M) 15.358ms
[644.469s][info][gc,cpu         ] GC(527) User=0.00s Sys=0.00s Real=0.02s
[645.690s][info][gc,start       ] GC(528) Pause Young (Normal) (G1 Evacuation Pause)
[645.690s][info][gc,task        ] GC(528) Using 6 workers of 6 for evacuation
[645.692s][info][gc,phases      ] GC(528)   Pre Evacuate Collection Set: 0.3ms
[645.692s][info][gc,phases      ] GC(528)   Merge Heap Roots: 0.1ms
[645.692s][info][gc,phases      ] GC(528)   Evacuate Collection Set: 0.3ms
[645.692s][info][gc,phases      ] GC(528)   Post Evacuate Collection Set: 0.6ms
[645.692s][info][gc,phases      ] GC(528)   Other: 0.1ms
[645.692s][info][gc,heap        ] GC(528) Eden regions: 1228->0(1225)
[645.692s][info][gc,heap        ] GC(528) Survivor regions: 0->3(154)
[645.692s][info][gc,heap        ] GC(528) Old regions: 8->8
[645.692s][info][gc,heap        ] GC(528) Humongous regions: 2->2
[645.692s][info][gc,metaspace   ] GC(528) Metaspace: 16655K(17088K)->16655K(17088K) NonClass: 14324K(14528K)->14324K(14528K) Class: 2331K(2560K)->2331K(2560K)
[645.692s][info][gc             ] GC(528) Pause Young (Normal) (G1 Evacuation Pause) 1235M->10M(2048M) 1.605ms
[645.692s][info][gc,cpu         ] GC(528) User=0.00s Sys=0.00s Real=0.00s
[645.881s][info][gc,start       ] GC(529) Pause Young (Normal) (G1 Evacuation Pause)
[645.881s][info][gc,task        ] GC(529) Using 6 workers of 6 for evacuation
[645.882s][info][gc,phases      ] GC(529)   Pre Evacuate Collection Set: 0.3ms
[645.882s][info][gc,phases      ] GC(529)   Merge Heap Roots: 0.1ms
[645.882s][info][gc,phases      ] GC(529)   Evacuate Collection Set: 0.3ms
[645.882s][info][gc,phases      ] GC(529)   Post Evacuate Collection Set: 0.5ms
[645.882s][info][gc,phases      ] GC(529)   Other: 0.1ms
[645.882s][info][gc,heap        ] GC(529) Eden regions: 1225->0(1226)
[645.882s][info][gc,heap        ] GC(529) Survivor regions: 3->2(154)
[645.882s][info][gc,heap        ] GC(529) Old regions: 8->8
[645.882s][info][gc,heap        ] GC(529) Humongous regions: 2->2
[645.882s][info][gc,metaspace   ] GC(529) Metaspace: 16655K(17088K)->16655K(17088K) NonClass: 14324K(14528K)->14324K(14528K) Class: 2331K(2560K)->2331K(2560K)
[645.882s][info][gc             ] GC(529) Pause Young (Normal) (G1 Evacuation Pause) 1235M->9M(2048M) 1.599ms
[645.882s][info][gc,cpu         ] GC(529) User=0.00s Sys=0.00s Real=0.00s
[649.356s][info][gc,start       ] GC(530) Pause Young (Normal) (G1 Evacuation Pause)
[649.356s][info][gc,task        ] GC(530) Using 6 workers of 6 for evacuation
[649.541s][info][gc,phases      ] GC(530)   Pre Evacuate Collection Set: 0.7ms
[649.541s][info][gc,phases      ] GC(530)   Merge Heap Roots: 0.3ms
[649.541s][info][gc,phases      ] GC(530)   Evacuate Collection Set: 181.9ms
[649.541s][info][gc,phases      ] GC(530)   Post Evacuate Collection Set: 1.7ms
[649.541s][info][gc,phases      ] GC(530)   Other: 0.2ms
[649.541s][info][gc,heap        ] GC(530) Eden regions: 1226->0(939)
[649.541s][info][gc,heap        ] GC(530) Survivor regions: 2->154(154)
[649.541s][info][gc,heap        ] GC(530) Old regions: 8->279
[649.541s][info][gc,heap        ] GC(530) Humongous regions: 4->4
[649.541s][info][gc,metaspace   ] GC(530) Metaspace: 16655K(17088K)->16655K(17088K) NonClass: 14324K(14528K)->14324K(14528K) Class: 2331K(2560K)->2331K(2560K)
[649.541s][info][gc             ] GC(530) Pause Young (Normal) (G1 Evacuation Pause) 1237M->434M(2048M) 185.026ms
[649.541s][info][gc,cpu         ] GC(530) User=0.81s Sys=0.08s Real=0.18s
[650.127s][info][gc,start       ] GC(531) Pause Young (Normal) (G1 Evacuation Pause)
[650.127s][info][gc,task        ] GC(531) Using 6 workers of 6 for evacuation
[650.401s][info][gc,mmu         ] GC(531) MMU target violated: 201.0ms (200.0ms/201.0ms)
[650.401s][info][gc,phases      ] GC(531)   Pre Evacuate Collection Set: 0.6ms
[650.401s][info][gc,phases      ] GC(531)   Merge Heap Roots: 1.3ms
[650.401s][info][gc,phases      ] GC(531)   Evacuate Collection Set: 270.5ms
[650.401s][info][gc,phases      ] GC(531)   Post Evacuate Collection Set: 1.4ms
[650.401s][info][gc,phases      ] GC(531)   Other: 0.3ms
[650.401s][info][gc,heap        ] GC(531) Eden regions: 939->0(507)
[650.401s][info][gc,heap        ] GC(531) Survivor regions: 154->137(137)
[650.401s][info][gc,heap        ] GC(531) Old regions: 279->692
[650.401s][info][gc,heap        ] GC(531) Humongous regions: 7->7
[650.401s][info][gc,metaspace   ] GC(531) Metaspace: 16655K(17088K)->16655K(17088K) NonClass: 14324K(14528K)->14324K(14528K) Class: 2331K(2560K)->2331K(2560K)
[650.401s][info][gc             ] GC(531) Pause Young (Normal) (G1 Evacuation Pause) 1376M->833M(2048M) 274.305ms
[650.401s][info][gc,cpu         ] GC(531) User=1.59s Sys=0.00s Real=0.27s
[651.217s][info][gc,start       ] GC(532) Pause Young (Normal) (G1 Evacuation Pause)
[651.217s][info][gc,task        ] GC(532) Using 6 workers of 6 for evacuation
[651.291s][info][gc,phases      ] GC(532)   Pre Evacuate Collection Set: 0.5ms
[651.291s][info][gc,phases      ] GC(532)   Merge Heap Roots: 1.8ms
[651.291s][info][gc,phases      ] GC(532)   Evacuate Collection Set: 71.4ms
[651.291s][info][gc,phases      ] GC(532)   Post Evacuate Collection Set: 1.0ms
[651.291s][info][gc,phases      ] GC(532)   Other: 0.1ms
[651.291s][info][gc,heap        ] GC(532) Eden regions: 401->0(697)
[651.291s][info][gc,heap        ] GC(532) Survivor regions: 137->19(68)
[651.291s][info][gc,heap        ] GC(532) Old regions: 692->815
[651.291s][info][gc,heap        ] GC(532) Humongous regions: 10->10
[651.291s][info][gc,metaspace   ] GC(532) Metaspace: 16655K(17088K)->16655K(17088K) NonClass: 14324K(14528K)->14324K(14528K) Class: 2331K(2560K)->2331K(2560K)
[651.291s][info][gc             ] GC(532) Pause Young (Normal) (G1 Evacuation Pause) 1237M->840M(2048M) 74.843ms
[651.291s][info][gc,cpu         ] GC(532) User=0.38s Sys=0.00s Real=0.06s
[652.259s][info][gc,start       ] GC(533) Pause Full (System.gc())
[652.260s][info][gc,task        ] GC(533) Using 6 workers of 6 for full compaction
[652.260s][info][gc,phases,start] GC(533) Phase 1: Mark live objects
[652.263s][info][gc,phases      ] GC(533) Phase 1: Mark live objects 2.658ms
[652.263s][info][gc,phases,start] GC(533) Phase 2: Prepare compaction
[652.264s][info][gc,phases      ] GC(533) Phase 2: Prepare compaction 1.224ms
[652.264s][info][gc,phases,start] GC(533) Phase 3: Adjust pointers
[652.266s][info][gc,phases      ] GC(533) Phase 3: Adjust pointers 2.453ms
[652.266s][info][gc,phases,start] GC(533) Phase 4: Compact heap
[652.267s][info][gc,phases      ] GC(533) Phase 4: Compact heap 0.997ms
[652.267s][info][gc,phases,start] GC(533) Phase 5: Reset Metadata
[652.268s][info][gc,phases      ] GC(533) Phase 5: Reset Metadata 0.870ms
[652.274s][info][gc,heap        ] GC(533) Eden regions: 234->0(1217)
[652.274s][info][gc,heap        ] GC(533) Survivor regions: 19->0(68)
[652.274s][info][gc,heap        ] GC(533) Old regions: 815->8
[652.274s][info][gc,heap        ] GC(533) Humongous regions: 10->2
[652.274s][info][gc,metaspace   ] GC(533) Metaspace: 16655K(17088K)->16655K(17088K) NonClass: 14324K(14528K)->14324K(14528K) Class: 2331K(2560K)->2331K(2560K)
[652.274s][info][gc             ] GC(533) Pause Full (System.gc()) 1074M->7M(2048M) 14.417ms
[652.274s][info][gc,cpu         ] GC(533) User=0.00s Sys=0.00s Real=0.01s
[653.575s][info][gc,start       ] GC(534) Pause Young (Normal) (G1 Evacuation Pause)
[653.575s][info][gc,task        ] GC(534) Using 6 workers of 6 for evacuation
[653.577s][info][gc,phases      ] GC(534)   Pre Evacuate Collection Set: 0.3ms
[653.577s][info][gc,phases      ] GC(534)   Merge Heap Roots: 0.2ms
[653.577s][info][gc,phases      ] GC(534)   Evacuate Collection Set: 0.3ms
[653.577s][info][gc,phases      ] GC(534)   Post Evacuate Collection Set: 0.7ms
[653.577s][info][gc,phases      ] GC(534)   Other: 0.1ms
[653.577s][info][gc,heap        ] GC(534) Eden regions: 1228->0(1225)
[653.577s][info][gc,heap        ] GC(534) Survivor regions: 0->3(154)
[653.577s][info][gc,heap        ] GC(534) Old regions: 8->8
[653.577s][info][gc,heap        ] GC(534) Humongous regions: 2->2
[653.577s][info][gc,metaspace   ] GC(534) Metaspace: 16655K(17088K)->16655K(17088K) NonClass: 14324K(14528K)->14324K(14528K) Class: 2331K(2560K)->2331K(2560K)
[653.577s][info][gc             ] GC(534) Pause Young (Normal) (G1 Evacuation Pause) 1235M->10M(2048M) 1.838ms
[653.577s][info][gc,cpu         ] GC(534) User=0.02s Sys=0.00s Real=0.01s
[653.765s][info][gc,start       ] GC(535) Pause Young (Normal) (G1 Evacuation Pause)
[653.765s][info][gc,task        ] GC(535) Using 6 workers of 6 for evacuation
[653.766s][info][gc,phases      ] GC(535)   Pre Evacuate Collection Set: 0.4ms
[653.766s][info][gc,phases      ] GC(535)   Merge Heap Roots: 0.2ms
[653.766s][info][gc,phases      ] GC(535)   Evacuate Collection Set: 0.3ms
[653.766s][info][gc,phases      ] GC(535)   Post Evacuate Collection Set: 0.5ms
[653.766s][info][gc,phases      ] GC(535)   Other: 0.1ms
[653.766s][info][gc,heap        ] GC(535) Eden regions: 1225->0(1226)
[653.767s][info][gc,heap        ] GC(535) Survivor regions: 3->2(154)
[653.767s][info][gc,heap        ] GC(535) Old regions: 8->8
[653.767s][info][gc,heap        ] GC(535) Humongous regions: 2->2
[653.767s][info][gc,metaspace   ] GC(535) Metaspace: 16655K(17088K)->16655K(17088K) NonClass: 14324K(14528K)->14324K(14528K) Class: 2331K(2560K)->2331K(2560K)
[653.767s][info][gc             ] GC(535) Pause Young (Normal) (G1 Evacuation Pause) 1235M->9M(2048M) 1.672ms
[653.767s][info][gc,cpu         ] GC(535) User=0.00s Sys=0.00s Real=0.01s
[656.688s][info][gc,start       ] GC(536) Pause Young (Normal) (G1 Evacuation Pause)
[656.688s][info][gc,task        ] GC(536) Using 6 workers of 6 for evacuation
[656.873s][info][gc,phases      ] GC(536)   Pre Evacuate Collection Set: 0.3ms
[656.873s][info][gc,phases      ] GC(536)   Merge Heap Roots: 0.2ms
[656.873s][info][gc,phases      ] GC(536)   Evacuate Collection Set: 182.6ms
[656.873s][info][gc,phases      ] GC(536)   Post Evacuate Collection Set: 1.3ms
[656.873s][info][gc,phases      ] GC(536)   Other: 0.2ms
[656.873s][info][gc,heap        ] GC(536) Eden regions: 1226->0(936)
[656.873s][info][gc,heap        ] GC(536) Survivor regions: 2->154(154)
[656.873s][info][gc,heap        ] GC(536) Old regions: 8->282
[656.873s][info][gc,heap        ] GC(536) Humongous regions: 4->4
[656.873s][info][gc,metaspace   ] GC(536) Metaspace: 16655K(17088K)->16655K(17088K) NonClass: 14324K(14528K)->14324K(14528K) Class: 2331K(2560K)->2331K(2560K)
[656.873s][info][gc             ] GC(536) Pause Young (Normal) (G1 Evacuation Pause) 1237M->436M(2048M) 184.790ms
[656.873s][info][gc,cpu         ] GC(536) User=1.06s Sys=0.00s Real=0.19s
[657.456s][info][gc,start       ] GC(537) Pause Young (Normal) (G1 Evacuation Pause)
[657.456s][info][gc,task        ] GC(537) Using 6 workers of 6 for evacuation
[657.730s][info][gc,mmu         ] GC(537) MMU target violated: 201.0ms (200.0ms/201.0ms)
[657.730s][info][gc,phases      ] GC(537)   Pre Evacuate Collection Set: 0.4ms
[657.730s][info][gc,phases      ] GC(537)   Merge Heap Roots: 1.4ms
[657.730s][info][gc,phases      ] GC(537)   Evacuate Collection Set: 269.8ms
[657.730s][info][gc,phases      ] GC(537)   Post Evacuate Collection Set: 1.5ms
[657.730s][info][gc,phases      ] GC(537)   Other: 0.3ms
[657.730s][info][gc,heap        ] GC(537) Eden regions: 936->0(516)
[657.730s][info][gc,heap        ] GC(537) Survivor regions: 154->137(137)
[657.730s][info][gc,heap        ] GC(537) Old regions: 282->694
[657.730s][info][gc,heap        ] GC(537) Humongous regions: 7->7
[657.730s][info][gc,metaspace   ] GC(537) Metaspace: 16655K(17088K)->16655K(17088K) NonClass: 14324K(14528K)->14324K(14528K) Class: 2331K(2560K)->2331K(2560K)
[657.730s][info][gc             ] GC(537) Pause Young (Normal) (G1 Evacuation Pause) 1375M->834M(2048M) 273.550ms
[657.730s][info][gc,cpu         ] GC(537) User=1.59s Sys=0.00s Real=0.27s
[658.548s][info][gc,start       ] GC(538) Pause Young (Normal) (G1 Evacuation Pause)
[658.548s][info][gc,task        ] GC(538) Using 6 workers of 6 for evacuation
[658.630s][info][gc,phases      ] GC(538)   Pre Evacuate Collection Set: 0.4ms
[658.630s][info][gc,phases      ] GC(538)   Merge Heap Roots: 2.1ms
[658.630s][info][gc,phases      ] GC(538)   Evacuate Collection Set: 77.9ms
[658.630s][info][gc,phases      ] GC(538)   Post Evacuate Collection Set: 1.1ms
[658.630s][info][gc,phases      ] GC(538)   Other: 0.1ms
[658.630s][info][gc,heap        ] GC(538) Eden regions: 398->0(695)
[658.630s][info][gc,heap        ] GC(538) Survivor regions: 137->19(67)
[658.630s][info][gc,heap        ] GC(538) Old regions: 694->820
[658.630s][info][gc,heap        ] GC(538) Humongous regions: 10->10
[658.630s][info][gc,metaspace   ] GC(538) Metaspace: 16655K(17088K)->16655K(17088K) NonClass: 14324K(14528K)->14324K(14528K) Class: 2331K(2560K)->2331K(2560K)
[658.630s][info][gc             ] GC(538) Pause Young (Normal) (G1 Evacuation Pause) 1235M->845M(2048M) 81.801ms
[658.630s][info][gc,cpu         ] GC(538) User=0.41s Sys=0.00s Real=0.08s
[659.605s][info][gc,start       ] GC(539) Pause Full (System.gc())
[659.605s][info][gc,task        ] GC(539) Using 6 workers of 6 for full compaction
[659.605s][info][gc,phases,start] GC(539) Phase 1: Mark live objects
[659.608s][info][gc,phases      ] GC(539) Phase 1: Mark live objects 2.779ms
[659.608s][info][gc,phases,start] GC(539) Phase 2: Prepare compaction
[659.610s][info][gc,phases      ] GC(539) Phase 2: Prepare compaction 1.441ms
[659.610s][info][gc,phases,start] GC(539) Phase 3: Adjust pointers
[659.613s][info][gc,phases      ] GC(539) Phase 3: Adjust pointers 2.943ms
[659.613s][info][gc,phases,start] GC(539) Phase 4: Compact heap
[659.613s][info][gc,phases      ] GC(539) Phase 4: Compact heap 0.832ms
[659.613s][info][gc,phases,start] GC(539) Phase 5: Reset Metadata
[659.614s][info][gc,phases      ] GC(539) Phase 5: Reset Metadata 0.745ms
[659.620s][info][gc,heap        ] GC(539) Eden regions: 235->0(1215)
[659.620s][info][gc,heap        ] GC(539) Survivor regions: 19->0(67)
[659.620s][info][gc,heap        ] GC(539) Old regions: 820->8
[659.620s][info][gc,heap        ] GC(539) Humongous regions: 10->2
[659.620s][info][gc,metaspace   ] GC(539) Metaspace: 16655K(17088K)->16655K(17088K) NonClass: 14324K(14528K)->14324K(14528K) Class: 2331K(2560K)->2331K(2560K)
[659.620s][info][gc             ] GC(539) Pause Full (System.gc()) 1080M->7M(2048M) 15.217ms
[659.620s][info][gc,cpu         ] GC(539) User=0.00s Sys=0.00s Real=0.02s
[660.995s][info][gc,start       ] GC(540) Pause Young (Normal) (G1 Evacuation Pause)
[660.995s][info][gc,task        ] GC(540) Using 6 workers of 6 for evacuation
[660.997s][info][gc,phases      ] GC(540)   Pre Evacuate Collection Set: 0.3ms
[660.997s][info][gc,phases      ] GC(540)   Merge Heap Roots: 0.2ms
[660.997s][info][gc,phases      ] GC(540)   Evacuate Collection Set: 0.3ms
[660.997s][info][gc,phases      ] GC(540)   Post Evacuate Collection Set: 0.6ms
[660.997s][info][gc,phases      ] GC(540)   Other: 0.1ms
[660.997s][info][gc,heap        ] GC(540) Eden regions: 1228->0(1225)
[660.997s][info][gc,heap        ] GC(540) Survivor regions: 0->3(154)
[660.997s][info][gc,heap        ] GC(540) Old regions: 8->8
[660.997s][info][gc,heap        ] GC(540) Humongous regions: 2->2
[660.997s][info][gc,metaspace   ] GC(540) Metaspace: 16655K(17088K)->16655K(17088K) NonClass: 14324K(14528K)->14324K(14528K) Class: 2331K(2560K)->2331K(2560K)
[660.997s][info][gc             ] GC(540) Pause Young (Normal) (G1 Evacuation Pause) 1235M->10M(2048M) 1.657ms
[660.997s][info][gc,cpu         ] GC(540) User=0.00s Sys=0.00s Real=0.00s
[661.186s][info][gc,start       ] GC(541) Pause Young (Normal) (G1 Evacuation Pause)
[661.186s][info][gc,task        ] GC(541) Using 6 workers of 6 for evacuation
[661.188s][info][gc,phases      ] GC(541)   Pre Evacuate Collection Set: 0.3ms
[661.188s][info][gc,phases      ] GC(541)   Merge Heap Roots: 0.2ms
[661.188s][info][gc,phases      ] GC(541)   Evacuate Collection Set: 0.4ms
[661.188s][info][gc,phases      ] GC(541)   Post Evacuate Collection Set: 0.5ms
[661.188s][info][gc,phases      ] GC(541)   Other: 0.1ms
[661.188s][info][gc,heap        ] GC(541) Eden regions: 1225->0(1226)
[661.188s][info][gc,heap        ] GC(541) Survivor regions: 3->2(154)
[661.188s][info][gc,heap        ] GC(541) Old regions: 8->8
[661.188s][info][gc,heap        ] GC(541) Humongous regions: 2->2
[661.188s][info][gc,metaspace   ] GC(541) Metaspace: 16655K(17088K)->16655K(17088K) NonClass: 14324K(14528K)->14324K(14528K) Class: 2331K(2560K)->2331K(2560K)
[661.188s][info][gc             ] GC(541) Pause Young (Normal) (G1 Evacuation Pause) 1235M->8M(2048M) 1.705ms
[661.188s][info][gc,cpu         ] GC(541) User=0.00s Sys=0.00s Real=0.00s
[664.603s][info][gc,start       ] GC(542) Pause Young (Normal) (G1 Evacuation Pause)
[664.603s][info][gc,task        ] GC(542) Using 6 workers of 6 for evacuation
[664.788s][info][gc,phases      ] GC(542)   Pre Evacuate Collection Set: 0.4ms
[664.788s][info][gc,phases      ] GC(542)   Merge Heap Roots: 0.2ms
[664.788s][info][gc,phases      ] GC(542)   Evacuate Collection Set: 182.7ms
[664.788s][info][gc,phases      ] GC(542)   Post Evacuate Collection Set: 1.3ms
[664.788s][info][gc,phases      ] GC(542)   Other: 0.2ms
[664.788s][info][gc,heap        ] GC(542) Eden regions: 1226->0(937)
[664.788s][info][gc,heap        ] GC(542) Survivor regions: 2->154(154)
[664.788s][info][gc,heap        ] GC(542) Old regions: 8->281
[664.788s][info][gc,heap        ] GC(542) Humongous regions: 4->4
[664.788s][info][gc,metaspace   ] GC(542) Metaspace: 16655K(17088K)->16655K(17088K) NonClass: 14324K(14528K)->14324K(14528K) Class: 2331K(2560K)->2331K(2560K)
[664.788s][info][gc             ] GC(542) Pause Young (Normal) (G1 Evacuation Pause) 1236M->435M(2048M) 185.070ms
[664.788s][info][gc,cpu         ] GC(542) User=1.03s Sys=0.00s Real=0.19s
[665.368s][info][gc,start       ] GC(543) Pause Young (Normal) (G1 Evacuation Pause)
[665.368s][info][gc,task        ] GC(543) Using 6 workers of 6 for evacuation
[665.641s][info][gc,mmu         ] GC(543) MMU target violated: 201.0ms (200.0ms/201.0ms)
[665.641s][info][gc,phases      ] GC(543)   Pre Evacuate Collection Set: 0.3ms
[665.641s][info][gc,phases      ] GC(543)   Merge Heap Roots: 1.0ms
[665.641s][info][gc,phases      ] GC(543)   Evacuate Collection Set: 270.3ms
[665.641s][info][gc,phases      ] GC(543)   Post Evacuate Collection Set: 1.6ms
[665.641s][info][gc,phases      ] GC(543)   Other: 0.2ms
[665.642s][info][gc,heap        ] GC(543) Eden regions: 937->0(513)
[665.642s][info][gc,heap        ] GC(543) Survivor regions: 154->137(137)
[665.642s][info][gc,heap        ] GC(543) Old regions: 281->692
[665.642s][info][gc,heap        ] GC(543) Humongous regions: 7->7
[665.642s][info][gc,metaspace   ] GC(543) Metaspace: 16655K(17088K)->16655K(17088K) NonClass: 14324K(14528K)->14324K(14528K) Class: 2331K(2560K)->2331K(2560K)
[665.642s][info][gc             ] GC(543) Pause Young (Normal) (G1 Evacuation Pause) 1375M->833M(2048M) 273.657ms
[665.642s][info][gc,cpu         ] GC(543) User=1.56s Sys=0.00s Real=0.27s
[666.471s][info][gc,start       ] GC(544) Pause Young (Normal) (G1 Evacuation Pause)
[666.471s][info][gc,task        ] GC(544) Using 6 workers of 6 for evacuation
[666.546s][info][gc,phases      ] GC(544)   Pre Evacuate Collection Set: 0.4ms
[666.546s][info][gc,phases      ] GC(544)   Merge Heap Roots: 1.8ms
[666.546s][info][gc,phases      ] GC(544)   Evacuate Collection Set: 71.8ms
[666.546s][info][gc,phases      ] GC(544)   Post Evacuate Collection Set: 1.1ms
[666.546s][info][gc,phases      ] GC(544)   Other: 0.2ms
[666.546s][info][gc,heap        ] GC(544) Eden regions: 407->0(698)
[666.546s][info][gc,heap        ] GC(544) Survivor regions: 137->19(68)
[666.546s][info][gc,heap        ] GC(544) Old regions: 692->815
[666.546s][info][gc,heap        ] GC(544) Humongous regions: 10->10
[666.546s][info][gc,metaspace   ] GC(544) Metaspace: 16655K(17088K)->16655K(17088K) NonClass: 14324K(14528K)->14324K(14528K) Class: 2331K(2560K)->2331K(2560K)
[666.546s][info][gc             ] GC(544) Pause Young (Normal) (G1 Evacuation Pause) 1243M->840M(2048M) 75.603ms
[666.546s][info][gc,cpu         ] GC(544) User=0.36s Sys=0.00s Real=0.08s
[667.503s][info][gc,start       ] GC(545) Pause Full (System.gc())
[667.503s][info][gc,task        ] GC(545) Using 6 workers of 6 for full compaction
[667.503s][info][gc,phases,start] GC(545) Phase 1: Mark live objects
[667.506s][info][gc,phases      ] GC(545) Phase 1: Mark live objects 2.620ms
[667.506s][info][gc,phases,start] GC(545) Phase 2: Prepare compaction
[667.507s][info][gc,phases      ] GC(545) Phase 2: Prepare compaction 1.371ms
[667.507s][info][gc,phases,start] GC(545) Phase 3: Adjust pointers
[667.510s][info][gc,phases      ] GC(545) Phase 3: Adjust pointers 2.561ms
[667.510s][info][gc,phases,start] GC(545) Phase 4: Compact heap
[667.511s][info][gc,phases      ] GC(545) Phase 4: Compact heap 1.444ms
[667.511s][info][gc,phases,start] GC(545) Phase 5: Reset Metadata
[667.512s][info][gc,phases      ] GC(545) Phase 5: Reset Metadata 0.800ms
[667.518s][info][gc,heap        ] GC(545) Eden regions: 227->0(1226)
[667.518s][info][gc,heap        ] GC(545) Survivor regions: 19->0(68)
[667.518s][info][gc,heap        ] GC(545) Old regions: 815->8
[667.518s][info][gc,heap        ] GC(545) Humongous regions: 10->2
[667.518s][info][gc,metaspace   ] GC(545) Metaspace: 16655K(17088K)->16655K(17088K) NonClass: 14324K(14528K)->14324K(14528K) Class: 2331K(2560K)->2331K(2560K)
[667.518s][info][gc             ] GC(545) Pause Full (System.gc()) 1067M->7M(2048M) 15.514ms
[667.518s][info][gc,cpu         ] GC(545) User=0.02s Sys=0.00s Real=0.02s
[668.845s][info][gc,start       ] GC(546) Pause Young (Normal) (G1 Evacuation Pause)
[668.845s][info][gc,task        ] GC(546) Using 6 workers of 6 for evacuation
[668.846s][info][gc,phases      ] GC(546)   Pre Evacuate Collection Set: 0.3ms
[668.846s][info][gc,phases      ] GC(546)   Merge Heap Roots: 0.2ms
[668.846s][info][gc,phases      ] GC(546)   Evacuate Collection Set: 0.3ms
[668.846s][info][gc,phases      ] GC(546)   Post Evacuate Collection Set: 0.6ms
[668.846s][info][gc,phases      ] GC(546)   Other: 0.1ms
[668.846s][info][gc,heap        ] GC(546) Eden regions: 1228->0(1225)
[668.846s][info][gc,heap        ] GC(546) Survivor regions: 0->3(154)
[668.846s][info][gc,heap        ] GC(546) Old regions: 8->8
[668.846s][info][gc,heap        ] GC(546) Humongous regions: 2->2
[668.846s][info][gc,metaspace   ] GC(546) Metaspace: 16655K(17088K)->16655K(17088K) NonClass: 14324K(14528K)->14324K(14528K) Class: 2331K(2560K)->2331K(2560K)
[668.846s][info][gc             ] GC(546) Pause Young (Normal) (G1 Evacuation Pause) 1235M->10M(2048M) 1.650ms
[668.846s][info][gc,cpu         ] GC(546) User=0.00s Sys=0.00s Real=0.00s
[669.034s][info][gc,start       ] GC(547) Pause Young (Normal) (G1 Evacuation Pause)
[669.035s][info][gc,task        ] GC(547) Using 6 workers of 6 for evacuation
[669.036s][info][gc,phases      ] GC(547)   Pre Evacuate Collection Set: 0.4ms
[669.036s][info][gc,phases      ] GC(547)   Merge Heap Roots: 0.2ms
[669.036s][info][gc,phases      ] GC(547)   Evacuate Collection Set: 0.5ms
[669.036s][info][gc,phases      ] GC(547)   Post Evacuate Collection Set: 0.5ms
[669.036s][info][gc,phases      ] GC(547)   Other: 0.1ms
[669.036s][info][gc,heap        ] GC(547) Eden regions: 1225->0(1226)
[669.036s][info][gc,heap        ] GC(547) Survivor regions: 3->2(154)
[669.036s][info][gc,heap        ] GC(547) Old regions: 8->8
[669.036s][info][gc,heap        ] GC(547) Humongous regions: 2->2
[669.036s][info][gc,metaspace   ] GC(547) Metaspace: 16655K(17088K)->16655K(17088K) NonClass: 14324K(14528K)->14324K(14528K) Class: 2331K(2560K)->2331K(2560K)
[669.036s][info][gc             ] GC(547) Pause Young (Normal) (G1 Evacuation Pause) 1235M->8M(2048M) 1.923ms
[669.036s][info][gc,cpu         ] GC(547) User=0.02s Sys=0.00s Real=0.02s
[672.125s][info][gc,start       ] GC(548) Pause Young (Normal) (G1 Evacuation Pause)
[672.125s][info][gc,task        ] GC(548) Using 6 workers of 6 for evacuation
[672.309s][info][gc,phases      ] GC(548)   Pre Evacuate Collection Set: 0.4ms
[672.309s][info][gc,phases      ] GC(548)   Merge Heap Roots: 0.3ms
[672.309s][info][gc,phases      ] GC(548)   Evacuate Collection Set: 181.6ms
[672.309s][info][gc,phases      ] GC(548)   Post Evacuate Collection Set: 1.5ms
[672.309s][info][gc,phases      ] GC(548)   Other: 0.2ms
[672.309s][info][gc,heap        ] GC(548) Eden regions: 1226->0(940)
[672.309s][info][gc,heap        ] GC(548) Survivor regions: 2->154(154)
[672.309s][info][gc,heap        ] GC(548) Old regions: 8->279
[672.309s][info][gc,heap        ] GC(548) Humongous regions: 4->4
[672.309s][info][gc,metaspace   ] GC(548) Metaspace: 16655K(17088K)->16655K(17088K) NonClass: 14324K(14528K)->14324K(14528K) Class: 2331K(2560K)->2331K(2560K)
[672.309s][info][gc             ] GC(548) Pause Young (Normal) (G1 Evacuation Pause) 1236M->434M(2048M) 184.217ms
[672.309s][info][gc,cpu         ] GC(548) User=1.06s Sys=0.00s Real=0.19s
[672.899s][info][gc,start       ] GC(549) Pause Young (Normal) (G1 Evacuation Pause)
[672.899s][info][gc,task        ] GC(549) Using 6 workers of 6 for evacuation
[673.174s][info][gc,mmu         ] GC(549) MMU target violated: 201.0ms (200.0ms/201.0ms)
[673.174s][info][gc,phases      ] GC(549)   Pre Evacuate Collection Set: 0.6ms
[673.174s][info][gc,phases      ] GC(549)   Merge Heap Roots: 1.4ms
[673.174s][info][gc,phases      ] GC(549)   Evacuate Collection Set: 271.6ms
[673.174s][info][gc,phases      ] GC(549)   Post Evacuate Collection Set: 1.2ms
[673.174s][info][gc,phases      ] GC(549)   Other: 0.3ms
[673.174s][info][gc,heap        ] GC(549) Eden regions: 940->0(547)
[673.174s][info][gc,heap        ] GC(549) Survivor regions: 154->137(137)
[673.174s][info][gc,heap        ] GC(549) Old regions: 279->693
[673.174s][info][gc,heap        ] GC(549) Humongous regions: 7->7
[673.174s][info][gc,metaspace   ] GC(549) Metaspace: 16655K(17088K)->16655K(17088K) NonClass: 14324K(14528K)->14324K(14528K) Class: 2331K(2560K)->2331K(2560K)
[673.174s][info][gc             ] GC(549) Pause Young (Normal) (G1 Evacuation Pause) 1377M->833M(2048M) 275.281ms
[673.174s][info][gc,cpu         ] GC(549) User=1.50s Sys=0.00s Real=0.27s
[674.048s][info][gc,start       ] GC(550) Pause Young (Normal) (G1 Evacuation Pause)
[674.048s][info][gc,task        ] GC(550) Using 6 workers of 6 for evacuation
[674.123s][info][gc,phases      ] GC(550)   Pre Evacuate Collection Set: 0.4ms
[674.123s][info][gc,phases      ] GC(550)   Merge Heap Roots: 2.1ms
[674.123s][info][gc,phases      ] GC(550)   Evacuate Collection Set: 71.1ms
[674.123s][info][gc,phases      ] GC(550)   Post Evacuate Collection Set: 0.8ms
[674.123s][info][gc,phases      ] GC(550)   Other: 0.2ms
[674.123s][info][gc,heap        ] GC(550) Eden regions: 432->0(700)
[674.123s][info][gc,heap        ] GC(550) Survivor regions: 137->16(72)
[674.123s][info][gc,heap        ] GC(550) Old regions: 693->815
[674.123s][info][gc,heap        ] GC(550) Humongous regions: 10->10
[674.123s][info][gc,metaspace   ] GC(550) Metaspace: 16655K(17088K)->16655K(17088K) NonClass: 14324K(14528K)->14324K(14528K) Class: 2331K(2560K)->2331K(2560K)
[674.123s][info][gc             ] GC(550) Pause Young (Normal) (G1 Evacuation Pause) 1268M->838M(2048M) 74.864ms
[674.123s][info][gc,cpu         ] GC(550) User=0.39s Sys=0.00s Real=0.08s
[675.040s][info][gc,start       ] GC(551) Pause Full (System.gc())
[675.040s][info][gc,task        ] GC(551) Using 6 workers of 6 for full compaction
[675.041s][info][gc,phases,start] GC(551) Phase 1: Mark live objects
[675.044s][info][gc,phases      ] GC(551) Phase 1: Mark live objects 2.845ms
[675.044s][info][gc,phases,start] GC(551) Phase 2: Prepare compaction
[675.045s][info][gc,phases      ] GC(551) Phase 2: Prepare compaction 1.229ms
[675.045s][info][gc,phases,start] GC(551) Phase 3: Adjust pointers
[675.047s][info][gc,phases      ] GC(551) Phase 3: Adjust pointers 2.432ms
[675.047s][info][gc,phases,start] GC(551) Phase 4: Compact heap
[675.049s][info][gc,phases      ] GC(551) Phase 4: Compact heap 1.235ms
[675.049s][info][gc,phases,start] GC(551) Phase 5: Reset Metadata
[675.050s][info][gc,phases      ] GC(551) Phase 5: Reset Metadata 0.772ms
[675.055s][info][gc,heap        ] GC(551) Eden regions: 201->0(1228)
[675.055s][info][gc,heap        ] GC(551) Survivor regions: 16->0(72)
[675.055s][info][gc,heap        ] GC(551) Old regions: 815->8
[675.055s][info][gc,heap        ] GC(551) Humongous regions: 10->2
[675.055s][info][gc,metaspace   ] GC(551) Metaspace: 16655K(17088K)->16655K(17088K) NonClass: 14324K(14528K)->14324K(14528K) Class: 2331K(2560K)->2331K(2560K)
[675.055s][info][gc             ] GC(551) Pause Full (System.gc()) 1039M->7M(2048M) 14.790ms
[675.055s][info][gc,cpu         ] GC(551) User=0.00s Sys=0.00s Real=0.00s
[676.329s][info][gc,start       ] GC(552) Pause Young (Normal) (G1 Evacuation Pause)
[676.329s][info][gc,task        ] GC(552) Using 6 workers of 6 for evacuation
[676.330s][info][gc,phases      ] GC(552)   Pre Evacuate Collection Set: 0.3ms
[676.330s][info][gc,phases      ] GC(552)   Merge Heap Roots: 0.1ms
[676.330s][info][gc,phases      ] GC(552)   Evacuate Collection Set: 0.4ms
[676.330s][info][gc,phases      ] GC(552)   Post Evacuate Collection Set: 0.6ms
[676.330s][info][gc,phases      ] GC(552)   Other: 0.1ms
[676.330s][info][gc,heap        ] GC(552) Eden regions: 1228->0(1225)
[676.330s][info][gc,heap        ] GC(552) Survivor regions: 0->3(154)
[676.330s][info][gc,heap        ] GC(552) Old regions: 8->8
[676.330s][info][gc,heap        ] GC(552) Humongous regions: 2->2
[676.330s][info][gc,metaspace   ] GC(552) Metaspace: 16655K(17088K)->16655K(17088K) NonClass: 14324K(14528K)->14324K(14528K) Class: 2331K(2560K)->2331K(2560K)
[676.330s][info][gc             ] GC(552) Pause Young (Normal) (G1 Evacuation Pause) 1235M->10M(2048M) 1.760ms
[676.330s][info][gc,cpu         ] GC(552) User=0.00s Sys=0.00s Real=0.00s
[676.518s][info][gc,start       ] GC(553) Pause Young (Normal) (G1 Evacuation Pause)
[676.519s][info][gc,task        ] GC(553) Using 6 workers of 6 for evacuation
[676.520s][info][gc,phases      ] GC(553)   Pre Evacuate Collection Set: 0.4ms
[676.520s][info][gc,phases      ] GC(553)   Merge Heap Roots: 0.2ms
[676.520s][info][gc,phases      ] GC(553)   Evacuate Collection Set: 0.4ms
[676.520s][info][gc,phases      ] GC(553)   Post Evacuate Collection Set: 0.6ms
[676.520s][info][gc,phases      ] GC(553)   Other: 0.1ms
[676.520s][info][gc,heap        ] GC(553) Eden regions: 1225->0(1226)
[676.520s][info][gc,heap        ] GC(553) Survivor regions: 3->2(154)
[676.520s][info][gc,heap        ] GC(553) Old regions: 8->8
[676.520s][info][gc,heap        ] GC(553) Humongous regions: 2->2
[676.520s][info][gc,metaspace   ] GC(553) Metaspace: 16655K(17088K)->16655K(17088K) NonClass: 14324K(14528K)->14324K(14528K) Class: 2331K(2560K)->2331K(2560K)
[676.520s][info][gc             ] GC(553) Pause Young (Normal) (G1 Evacuation Pause) 1235M->8M(2048M) 2.046ms
[676.520s][info][gc,cpu         ] GC(553) User=0.00s Sys=0.00s Real=0.00s
[679.440s][info][gc,start       ] GC(554) Pause Young (Normal) (G1 Evacuation Pause)
[679.440s][info][gc,task        ] GC(554) Using 6 workers of 6 for evacuation
[679.624s][info][gc,phases      ] GC(554)   Pre Evacuate Collection Set: 0.4ms
[679.624s][info][gc,phases      ] GC(554)   Merge Heap Roots: 0.2ms
[679.624s][info][gc,phases      ] GC(554)   Evacuate Collection Set: 182.1ms
[679.624s][info][gc,phases      ] GC(554)   Post Evacuate Collection Set: 1.6ms
[679.624s][info][gc,phases      ] GC(554)   Other: 0.2ms
[679.624s][info][gc,heap        ] GC(554) Eden regions: 1226->0(938)
[679.624s][info][gc,heap        ] GC(554) Survivor regions: 2->154(154)
[679.624s][info][gc,heap        ] GC(554) Old regions: 8->281
[679.624s][info][gc,heap        ] GC(554) Humongous regions: 4->4
[679.624s][info][gc,metaspace   ] GC(554) Metaspace: 16655K(17088K)->16655K(17088K) NonClass: 14324K(14528K)->14324K(14528K) Class: 2331K(2560K)->2331K(2560K)
[679.624s][info][gc             ] GC(554) Pause Young (Normal) (G1 Evacuation Pause) 1236M->435M(2048M) 184.726ms
[679.624s][info][gc,cpu         ] GC(554) User=1.05s Sys=0.00s Real=0.19s
[680.210s][info][gc,start       ] GC(555) Pause Young (Normal) (G1 Evacuation Pause)
[680.210s][info][gc,task        ] GC(555) Using 6 workers of 6 for evacuation
[680.486s][info][gc,mmu         ] GC(555) MMU target violated: 201.0ms (200.0ms/201.0ms)
[680.486s][info][gc,phases      ] GC(555)   Pre Evacuate Collection Set: 0.4ms
[680.486s][info][gc,phases      ] GC(555)   Merge Heap Roots: 1.6ms
[680.486s][info][gc,phases      ] GC(555)   Evacuate Collection Set: 272.2ms
[680.486s][info][gc,phases      ] GC(555)   Post Evacuate Collection Set: 1.5ms
[680.486s][info][gc,phases      ] GC(555)   Other: 0.2ms
[680.486s][info][gc,heap        ] GC(555) Eden regions: 938->0(568)
[680.486s][info][gc,heap        ] GC(555) Survivor regions: 154->137(137)
[680.486s][info][gc,heap        ] GC(555) Old regions: 281->694
[680.486s][info][gc,heap        ] GC(555) Humongous regions: 7->7
[680.486s][info][gc,metaspace   ] GC(555) Metaspace: 16655K(17088K)->16655K(17088K) NonClass: 14324K(14528K)->14324K(14528K) Class: 2331K(2560K)->2331K(2560K)
[680.486s][info][gc             ] GC(555) Pause Young (Normal) (G1 Evacuation Pause) 1376M->835M(2048M) 276.054ms
[680.486s][info][gc,cpu         ] GC(555) User=1.59s Sys=0.00s Real=0.28s
[681.404s][info][gc,start       ] GC(556) Pause Young (Normal) (G1 Evacuation Pause)
[681.404s][info][gc,task        ] GC(556) Using 6 workers of 6 for evacuation
[681.476s][info][gc,phases      ] GC(556)   Pre Evacuate Collection Set: 0.4ms
[681.476s][info][gc,phases      ] GC(556)   Merge Heap Roots: 2.0ms
[681.476s][info][gc,phases      ] GC(556)   Evacuate Collection Set: 68.3ms
[681.476s][info][gc,phases      ] GC(556)   Post Evacuate Collection Set: 1.0ms
[681.476s][info][gc,phases      ] GC(556)   Other: 0.2ms
[681.476s][info][gc,heap        ] GC(556) Eden regions: 457->0(702)
[681.476s][info][gc,heap        ] GC(556) Survivor regions: 137->14(75)
[681.476s][info][gc,heap        ] GC(556) Old regions: 694->816
[681.476s][info][gc,heap        ] GC(556) Humongous regions: 10->10
[681.476s][info][gc,metaspace   ] GC(556) Metaspace: 16655K(17088K)->16655K(17088K) NonClass: 14324K(14528K)->14324K(14528K) Class: 2331K(2560K)->2331K(2560K)
[681.476s][info][gc             ] GC(556) Pause Young (Normal) (G1 Evacuation Pause) 1295M->837M(2048M) 72.103ms
[681.476s][info][gc,cpu         ] GC(556) User=0.39s Sys=0.00s Real=0.08s
[682.339s][info][gc,start       ] GC(557) Pause Full (System.gc())
[682.339s][info][gc,task        ] GC(557) Using 6 workers of 6 for full compaction
[682.339s][info][gc,phases,start] GC(557) Phase 1: Mark live objects
[682.342s][info][gc,phases      ] GC(557) Phase 1: Mark live objects 2.762ms
[682.342s][info][gc,phases,start] GC(557) Phase 2: Prepare compaction
[682.343s][info][gc,phases      ] GC(557) Phase 2: Prepare compaction 1.215ms
[682.343s][info][gc,phases,start] GC(557) Phase 3: Adjust pointers
[682.346s][info][gc,phases      ] GC(557) Phase 3: Adjust pointers 2.396ms
[682.346s][info][gc,phases,start] GC(557) Phase 4: Compact heap
[682.347s][info][gc,phases      ] GC(557) Phase 4: Compact heap 0.994ms
[682.347s][info][gc,phases,start] GC(557) Phase 5: Reset Metadata
[682.348s][info][gc,phases      ] GC(557) Phase 5: Reset Metadata 1.042ms
[682.353s][info][gc,heap        ] GC(557) Eden regions: 176->0(1228)
[682.353s][info][gc,heap        ] GC(557) Survivor regions: 14->0(75)
[682.353s][info][gc,heap        ] GC(557) Old regions: 816->8
[682.353s][info][gc,heap        ] GC(557) Humongous regions: 10->2
[682.353s][info][gc,metaspace   ] GC(557) Metaspace: 16655K(17088K)->16655K(17088K) NonClass: 14324K(14528K)->14324K(14528K) Class: 2331K(2560K)->2331K(2560K)
[682.353s][info][gc             ] GC(557) Pause Full (System.gc()) 1012M->7M(2048M) 14.558ms
[682.353s][info][gc,cpu         ] GC(557) User=0.00s Sys=0.00s Real=0.00s
[683.646s][info][gc,start       ] GC(558) Pause Young (Normal) (G1 Evacuation Pause)
[683.646s][info][gc,task        ] GC(558) Using 6 workers of 6 for evacuation
[683.648s][info][gc,phases      ] GC(558)   Pre Evacuate Collection Set: 0.3ms
[683.648s][info][gc,phases      ] GC(558)   Merge Heap Roots: 0.1ms
[683.648s][info][gc,phases      ] GC(558)   Evacuate Collection Set: 0.3ms
[683.648s][info][gc,phases      ] GC(558)   Post Evacuate Collection Set: 0.6ms
[683.648s][info][gc,phases      ] GC(558)   Other: 0.1ms
[683.648s][info][gc,heap        ] GC(558) Eden regions: 1228->0(1225)
[683.648s][info][gc,heap        ] GC(558) Survivor regions: 0->3(154)
[683.648s][info][gc,heap        ] GC(558) Old regions: 8->8
[683.648s][info][gc,heap        ] GC(558) Humongous regions: 2->2
[683.648s][info][gc,metaspace   ] GC(558) Metaspace: 16655K(17088K)->16655K(17088K) NonClass: 14324K(14528K)->14324K(14528K) Class: 2331K(2560K)->2331K(2560K)
[683.648s][info][gc             ] GC(558) Pause Young (Normal) (G1 Evacuation Pause) 1235M->10M(2048M) 1.588ms
[683.648s][info][gc,cpu         ] GC(558) User=0.00s Sys=0.00s Real=0.00s
[683.835s][info][gc,start       ] GC(559) Pause Young (Normal) (G1 Evacuation Pause)
[683.835s][info][gc,task        ] GC(559) Using 6 workers of 6 for evacuation
[683.837s][info][gc,phases      ] GC(559)   Pre Evacuate Collection Set: 0.3ms
[683.837s][info][gc,phases      ] GC(559)   Merge Heap Roots: 0.2ms
[683.837s][info][gc,phases      ] GC(559)   Evacuate Collection Set: 0.3ms
[683.837s][info][gc,phases      ] GC(559)   Post Evacuate Collection Set: 0.5ms
[683.837s][info][gc,phases      ] GC(559)   Other: 0.1ms
[683.837s][info][gc,heap        ] GC(559) Eden regions: 1225->0(1226)
[683.837s][info][gc,heap        ] GC(559) Survivor regions: 3->2(154)
[683.837s][info][gc,heap        ] GC(559) Old regions: 8->8
[683.837s][info][gc,heap        ] GC(559) Humongous regions: 2->2
[683.837s][info][gc,metaspace   ] GC(559) Metaspace: 16655K(17088K)->16655K(17088K) NonClass: 14324K(14528K)->14324K(14528K) Class: 2331K(2560K)->2331K(2560K)
[683.837s][info][gc             ] GC(559) Pause Young (Normal) (G1 Evacuation Pause) 1235M->9M(2048M) 1.650ms
[683.837s][info][gc,cpu         ] GC(559) User=0.00s Sys=0.00s Real=0.00s
[686.823s][info][gc,start       ] GC(560) Pause Young (Normal) (G1 Evacuation Pause)
[686.823s][info][gc,task        ] GC(560) Using 6 workers of 6 for evacuation
[687.008s][info][gc,phases      ] GC(560)   Pre Evacuate Collection Set: 0.4ms
[687.008s][info][gc,phases      ] GC(560)   Merge Heap Roots: 0.3ms
[687.008s][info][gc,phases      ] GC(560)   Evacuate Collection Set: 182.8ms
[687.008s][info][gc,phases      ] GC(560)   Post Evacuate Collection Set: 1.4ms
[687.008s][info][gc,phases      ] GC(560)   Other: 0.2ms
[687.008s][info][gc,heap        ] GC(560) Eden regions: 1226->0(935)
[687.008s][info][gc,heap        ] GC(560) Survivor regions: 2->154(154)
[687.008s][info][gc,heap        ] GC(560) Old regions: 8->283
[687.008s][info][gc,heap        ] GC(560) Humongous regions: 4->4
[687.008s][info][gc,metaspace   ] GC(560) Metaspace: 16655K(17088K)->16655K(17088K) NonClass: 14324K(14528K)->14324K(14528K) Class: 2331K(2560K)->2331K(2560K)
[687.008s][info][gc             ] GC(560) Pause Young (Normal) (G1 Evacuation Pause) 1237M->437M(2048M) 185.317ms
[687.008s][info][gc,cpu         ] GC(560) User=0.97s Sys=0.00s Real=0.18s
[687.595s][info][gc,start       ] GC(561) Pause Young (Normal) (G1 Evacuation Pause)
[687.595s][info][gc,task        ] GC(561) Using 6 workers of 6 for evacuation
[687.866s][info][gc,mmu         ] GC(561) MMU target violated: 201.0ms (200.0ms/201.0ms)
[687.866s][info][gc,phases      ] GC(561)   Pre Evacuate Collection Set: 0.4ms
[687.866s][info][gc,phases      ] GC(561)   Merge Heap Roots: 1.3ms
[687.866s][info][gc,phases      ] GC(561)   Evacuate Collection Set: 268.0ms
[687.866s][info][gc,phases      ] GC(561)   Post Evacuate Collection Set: 1.3ms
[687.866s][info][gc,phases      ] GC(561)   Other: 0.2ms
[687.866s][info][gc,heap        ] GC(561) Eden regions: 935->0(540)
[687.866s][info][gc,heap        ] GC(561) Survivor regions: 154->137(137)
[687.866s][info][gc,heap        ] GC(561) Old regions: 283->695
[687.866s][info][gc,heap        ] GC(561) Humongous regions: 7->7
[687.866s][info][gc,metaspace   ] GC(561) Metaspace: 16655K(17088K)->16655K(17088K) NonClass: 14324K(14528K)->14324K(14528K) Class: 2331K(2560K)->2331K(2560K)
[687.866s][info][gc             ] GC(561) Pause Young (Normal) (G1 Evacuation Pause) 1375M->836M(2048M) 271.428ms
[687.866s][info][gc,cpu         ] GC(561) User=1.58s Sys=0.00s Real=0.27s
[688.703s][info][gc,start       ] GC(562) Pause Young (Normal) (G1 Evacuation Pause)
[688.703s][info][gc,task        ] GC(562) Using 6 workers of 6 for evacuation
[688.785s][info][gc,phases      ] GC(562)   Pre Evacuate Collection Set: 0.3ms
[688.785s][info][gc,phases      ] GC(562)   Merge Heap Roots: 2.0ms
[688.785s][info][gc,phases      ] GC(562)   Evacuate Collection Set: 77.8ms
[688.785s][info][gc,phases      ] GC(562)   Post Evacuate Collection Set: 1.2ms
[688.785s][info][gc,phases      ] GC(562)   Other: 0.1ms
[688.785s][info][gc,heap        ] GC(562) Eden regions: 408->0(694)
[688.785s][info][gc,heap        ] GC(562) Survivor regions: 137->19(69)
[688.785s][info][gc,heap        ] GC(562) Old regions: 695->821
[688.785s][info][gc,heap        ] GC(562) Humongous regions: 10->10
[688.785s][info][gc,metaspace   ] GC(562) Metaspace: 16655K(17088K)->16655K(17088K) NonClass: 14324K(14528K)->14324K(14528K) Class: 2331K(2560K)->2331K(2560K)
[688.785s][info][gc             ] GC(562) Pause Young (Normal) (G1 Evacuation Pause) 1247M->846M(2048M) 81.636ms
[688.785s][info][gc,cpu         ] GC(562) User=0.45s Sys=0.00s Real=0.08s
[689.739s][info][gc,start       ] GC(563) Pause Full (System.gc())
[689.739s][info][gc,task        ] GC(563) Using 6 workers of 6 for full compaction
[689.739s][info][gc,phases,start] GC(563) Phase 1: Mark live objects
[689.742s][info][gc,phases      ] GC(563) Phase 1: Mark live objects 2.771ms
[689.742s][info][gc,phases,start] GC(563) Phase 2: Prepare compaction
[689.743s][info][gc,phases      ] GC(563) Phase 2: Prepare compaction 1.350ms
[689.743s][info][gc,phases,start] GC(563) Phase 3: Adjust pointers
[689.745s][info][gc,phases      ] GC(563) Phase 3: Adjust pointers 2.243ms
[689.745s][info][gc,phases,start] GC(563) Phase 4: Compact heap
[689.746s][info][gc,phases      ] GC(563) Phase 4: Compact heap 0.982ms
[689.746s][info][gc,phases,start] GC(563) Phase 5: Reset Metadata
[689.747s][info][gc,phases      ] GC(563) Phase 5: Reset Metadata 0.757ms
[689.753s][info][gc,heap        ] GC(563) Eden regions: 224->0(1228)
[689.753s][info][gc,heap        ] GC(563) Survivor regions: 19->0(69)
[689.753s][info][gc,heap        ] GC(563) Old regions: 821->8
[689.753s][info][gc,heap        ] GC(563) Humongous regions: 10->2
[689.753s][info][gc,metaspace   ] GC(563) Metaspace: 16655K(17088K)->16655K(17088K) NonClass: 14324K(14528K)->14324K(14528K) Class: 2331K(2560K)->2331K(2560K)
[689.753s][info][gc             ] GC(563) Pause Full (System.gc()) 1070M->7M(2048M) 14.661ms
[689.753s][info][gc,cpu         ] GC(563) User=0.02s Sys=0.00s Real=0.01s
[691.196s][info][gc,start       ] GC(564) Pause Young (Normal) (G1 Evacuation Pause)
[691.196s][info][gc,task        ] GC(564) Using 6 workers of 6 for evacuation
[691.198s][info][gc,phases      ] GC(564)   Pre Evacuate Collection Set: 0.3ms
[691.198s][info][gc,phases      ] GC(564)   Merge Heap Roots: 0.2ms
[691.198s][info][gc,phases      ] GC(564)   Evacuate Collection Set: 0.3ms
[691.198s][info][gc,phases      ] GC(564)   Post Evacuate Collection Set: 0.6ms
[691.198s][info][gc,phases      ] GC(564)   Other: 0.1ms
[691.198s][info][gc,heap        ] GC(564) Eden regions: 1228->0(1225)
[691.198s][info][gc,heap        ] GC(564) Survivor regions: 0->3(154)
[691.198s][info][gc,heap        ] GC(564) Old regions: 8->8
[691.198s][info][gc,heap        ] GC(564) Humongous regions: 2->2
[691.198s][info][gc,metaspace   ] GC(564) Metaspace: 16655K(17088K)->16655K(17088K) NonClass: 14324K(14528K)->14324K(14528K) Class: 2331K(2560K)->2331K(2560K)
[691.198s][info][gc             ] GC(564) Pause Young (Normal) (G1 Evacuation Pause) 1235M->10M(2048M) 1.717ms
[691.198s][info][gc,cpu         ] GC(564) User=0.00s Sys=0.00s Real=0.00s
[691.387s][info][gc,start       ] GC(565) Pause Young (Normal) (G1 Evacuation Pause)
[691.387s][info][gc,task        ] GC(565) Using 6 workers of 6 for evacuation
[691.389s][info][gc,phases      ] GC(565)   Pre Evacuate Collection Set: 0.3ms
[691.389s][info][gc,phases      ] GC(565)   Merge Heap Roots: 0.2ms
[691.389s][info][gc,phases      ] GC(565)   Evacuate Collection Set: 0.3ms
[691.389s][info][gc,phases      ] GC(565)   Post Evacuate Collection Set: 0.6ms
[691.389s][info][gc,phases      ] GC(565)   Other: 0.2ms
[691.389s][info][gc,heap        ] GC(565) Eden regions: 1225->0(1226)
[691.389s][info][gc,heap        ] GC(565) Survivor regions: 3->2(154)
[691.389s][info][gc,heap        ] GC(565) Old regions: 8->8
[691.389s][info][gc,heap        ] GC(565) Humongous regions: 2->2
[691.389s][info][gc,metaspace   ] GC(565) Metaspace: 16655K(17088K)->16655K(17088K) NonClass: 14324K(14528K)->14324K(14528K) Class: 2331K(2560K)->2331K(2560K)
[691.389s][info][gc             ] GC(565) Pause Young (Normal) (G1 Evacuation Pause) 1235M->9M(2048M) 1.863ms
[691.389s][info][gc,cpu         ] GC(565) User=0.02s Sys=0.00s Real=0.00s
[694.203s][info][gc,start       ] GC(566) Pause Young (Normal) (G1 Evacuation Pause)
[694.203s][info][gc,task        ] GC(566) Using 6 workers of 6 for evacuation
[694.387s][info][gc,phases      ] GC(566)   Pre Evacuate Collection Set: 0.4ms
[694.387s][info][gc,phases      ] GC(566)   Merge Heap Roots: 0.2ms
[694.387s][info][gc,phases      ] GC(566)   Evacuate Collection Set: 182.1ms
[694.387s][info][gc,phases      ] GC(566)   Post Evacuate Collection Set: 1.3ms
[694.387s][info][gc,phases      ] GC(566)   Other: 0.2ms
[694.387s][info][gc,heap        ] GC(566) Eden regions: 1226->0(937)
[694.387s][info][gc,heap        ] GC(566) Survivor regions: 2->154(154)
[694.387s][info][gc,heap        ] GC(566) Old regions: 8->281
[694.387s][info][gc,heap        ] GC(566) Humongous regions: 4->4
[694.387s][info][gc,metaspace   ] GC(566) Metaspace: 16655K(17088K)->16655K(17088K) NonClass: 14324K(14528K)->14324K(14528K) Class: 2331K(2560K)->2331K(2560K)
[694.387s][info][gc             ] GC(566) Pause Young (Normal) (G1 Evacuation Pause) 1237M->435M(2048M) 184.378ms
[694.387s][info][gc,cpu         ] GC(566) User=1.05s Sys=0.00s Real=0.19s
[694.971s][info][gc,start       ] GC(567) Pause Young (Normal) (G1 Evacuation Pause)
[694.971s][info][gc,task        ] GC(567) Using 6 workers of 6 for evacuation
[695.242s][info][gc,mmu         ] GC(567) MMU target violated: 201.0ms (200.0ms/201.0ms)
[695.242s][info][gc,phases      ] GC(567)   Pre Evacuate Collection Set: 0.4ms
[695.242s][info][gc,phases      ] GC(567)   Merge Heap Roots: 1.5ms
[695.242s][info][gc,phases      ] GC(567)   Evacuate Collection Set: 267.4ms
[695.242s][info][gc,phases      ] GC(567)   Post Evacuate Collection Set: 1.2ms
[695.242s][info][gc,phases      ] GC(567)   Other: 0.2ms
[695.242s][info][gc,heap        ] GC(567) Eden regions: 937->0(551)
[695.242s][info][gc,heap        ] GC(567) Survivor regions: 154->137(137)
[695.242s][info][gc,heap        ] GC(567) Old regions: 281->692
[695.242s][info][gc,heap        ] GC(567) Humongous regions: 7->7
[695.242s][info][gc,metaspace   ] GC(567) Metaspace: 16655K(17088K)->16655K(17088K) NonClass: 14324K(14528K)->14324K(14528K) Class: 2331K(2560K)->2331K(2560K)
[695.242s][info][gc             ] GC(567) Pause Young (Normal) (G1 Evacuation Pause) 1375M->833M(2048M) 270.891ms
[695.242s][info][gc,cpu         ] GC(567) User=1.66s Sys=0.00s Real=0.27s
[696.130s][info][gc,start       ] GC(568) Pause Young (Normal) (G1 Evacuation Pause)
[696.130s][info][gc,task        ] GC(568) Using 6 workers of 6 for evacuation
[696.203s][info][gc,phases      ] GC(568)   Pre Evacuate Collection Set: 0.5ms
[696.203s][info][gc,phases      ] GC(568)   Merge Heap Roots: 1.8ms
[696.203s][info][gc,phases      ] GC(568)   Evacuate Collection Set: 70.0ms
[696.203s][info][gc,phases      ] GC(568)   Post Evacuate Collection Set: 0.9ms
[696.203s][info][gc,phases      ] GC(568)   Other: 0.1ms
[696.203s][info][gc,heap        ] GC(568) Eden regions: 442->0(699)
[696.203s][info][gc,heap        ] GC(568) Survivor regions: 137->16(73)
[696.203s][info][gc,heap        ] GC(568) Old regions: 692->817
[696.203s][info][gc,heap        ] GC(568) Humongous regions: 10->10
[696.203s][info][gc,metaspace   ] GC(568) Metaspace: 16655K(17088K)->16655K(17088K) NonClass: 14324K(14528K)->14324K(14528K) Class: 2331K(2560K)->2331K(2560K)
[696.203s][info][gc             ] GC(568) Pause Young (Normal) (G1 Evacuation Pause) 1278M->839M(2048M) 73.589ms
[696.203s][info][gc,cpu         ] GC(568) User=0.47s Sys=0.00s Real=0.06s
[697.090s][info][gc,start       ] GC(569) Pause Full (System.gc())
[697.090s][info][gc,task        ] GC(569) Using 6 workers of 6 for full compaction
[697.090s][info][gc,phases,start] GC(569) Phase 1: Mark live objects
[697.093s][info][gc,phases      ] GC(569) Phase 1: Mark live objects 3.005ms
[697.094s][info][gc,phases,start] GC(569) Phase 2: Prepare compaction
[697.095s][info][gc,phases      ] GC(569) Phase 2: Prepare compaction 1.282ms
[697.095s][info][gc,phases,start] GC(569) Phase 3: Adjust pointers
[697.097s][info][gc,phases      ] GC(569) Phase 3: Adjust pointers 2.468ms
[697.097s][info][gc,phases,start] GC(569) Phase 4: Compact heap
[697.099s][info][gc,phases      ] GC(569) Phase 4: Compact heap 1.589ms
[697.099s][info][gc,phases,start] GC(569) Phase 5: Reset Metadata
[697.100s][info][gc,phases      ] GC(569) Phase 5: Reset Metadata 0.830ms
[697.106s][info][gc,heap        ] GC(569) Eden regions: 194->0(1228)
[697.106s][info][gc,heap        ] GC(569) Survivor regions: 16->0(73)
[697.106s][info][gc,heap        ] GC(569) Old regions: 817->8
[697.106s][info][gc,heap        ] GC(569) Humongous regions: 10->2
[697.106s][info][gc,metaspace   ] GC(569) Metaspace: 16655K(17088K)->16655K(17088K) NonClass: 14324K(14528K)->14324K(14528K) Class: 2331K(2560K)->2331K(2560K)
[697.106s][info][gc             ] GC(569) Pause Full (System.gc()) 1032M->7M(2048M) 15.825ms
[697.106s][info][gc,cpu         ] GC(569) User=0.00s Sys=0.00s Real=0.02s
[698.425s][info][gc,start       ] GC(570) Pause Young (Normal) (G1 Evacuation Pause)
[698.425s][info][gc,task        ] GC(570) Using 6 workers of 6 for evacuation
[698.427s][info][gc,phases      ] GC(570)   Pre Evacuate Collection Set: 0.3ms
[698.427s][info][gc,phases      ] GC(570)   Merge Heap Roots: 0.1ms
[698.427s][info][gc,phases      ] GC(570)   Evacuate Collection Set: 0.3ms
[698.427s][info][gc,phases      ] GC(570)   Post Evacuate Collection Set: 0.6ms
[698.427s][info][gc,phases      ] GC(570)   Other: 0.1ms
[698.427s][info][gc,heap        ] GC(570) Eden regions: 1228->0(1225)
[698.427s][info][gc,heap        ] GC(570) Survivor regions: 0->3(154)
[698.427s][info][gc,heap        ] GC(570) Old regions: 8->8
[698.427s][info][gc,heap        ] GC(570) Humongous regions: 2->2
[698.427s][info][gc,metaspace   ] GC(570) Metaspace: 16655K(17088K)->16655K(17088K) NonClass: 14324K(14528K)->14324K(14528K) Class: 2331K(2560K)->2331K(2560K)
[698.427s][info][gc             ] GC(570) Pause Young (Normal) (G1 Evacuation Pause) 1235M->10M(2048M) 1.614ms
[698.427s][info][gc,cpu         ] GC(570) User=0.00s Sys=0.00s Real=0.00s
[698.621s][info][gc,start       ] GC(571) Pause Young (Normal) (G1 Evacuation Pause)
[698.621s][info][gc,task        ] GC(571) Using 6 workers of 6 for evacuation
[698.623s][info][gc,phases      ] GC(571)   Pre Evacuate Collection Set: 0.3ms
[698.623s][info][gc,phases      ] GC(571)   Merge Heap Roots: 0.1ms
[698.623s][info][gc,phases      ] GC(571)   Evacuate Collection Set: 0.3ms
[698.623s][info][gc,phases      ] GC(571)   Post Evacuate Collection Set: 0.5ms
[698.623s][info][gc,phases      ] GC(571)   Other: 0.1ms
[698.623s][info][gc,heap        ] GC(571) Eden regions: 1225->0(1226)
[698.623s][info][gc,heap        ] GC(571) Survivor regions: 3->2(154)
[698.623s][info][gc,heap        ] GC(571) Old regions: 8->8
[698.623s][info][gc,heap        ] GC(571) Humongous regions: 2->2
[698.623s][info][gc,metaspace   ] GC(571) Metaspace: 16655K(17088K)->16655K(17088K) NonClass: 14324K(14528K)->14324K(14528K) Class: 2331K(2560K)->2331K(2560K)
[698.623s][info][gc             ] GC(571) Pause Young (Normal) (G1 Evacuation Pause) 1235M->9M(2048M) 1.604ms
[698.623s][info][gc,cpu         ] GC(571) User=0.00s Sys=0.00s Real=0.00s
[701.607s][info][gc,start       ] GC(572) Pause Young (Normal) (G1 Evacuation Pause)
[701.607s][info][gc,task        ] GC(572) Using 6 workers of 6 for evacuation
[701.790s][info][gc,phases      ] GC(572)   Pre Evacuate Collection Set: 0.4ms
[701.791s][info][gc,phases      ] GC(572)   Merge Heap Roots: 0.2ms
[701.791s][info][gc,phases      ] GC(572)   Evacuate Collection Set: 180.6ms
[701.791s][info][gc,phases      ] GC(572)   Post Evacuate Collection Set: 1.5ms
[701.791s][info][gc,phases      ] GC(572)   Other: 0.2ms
[701.791s][info][gc,heap        ] GC(572) Eden regions: 1226->0(940)
[701.791s][info][gc,heap        ] GC(572) Survivor regions: 2->154(154)
[701.791s][info][gc,heap        ] GC(572) Old regions: 8->280
[701.791s][info][gc,heap        ] GC(572) Humongous regions: 4->4
[701.791s][info][gc,metaspace   ] GC(572) Metaspace: 16655K(17088K)->16655K(17088K) NonClass: 14324K(14528K)->14324K(14528K) Class: 2331K(2560K)->2331K(2560K)
[701.791s][info][gc             ] GC(572) Pause Young (Normal) (G1 Evacuation Pause) 1237M->434M(2048M) 183.225ms
[701.791s][info][gc,cpu         ] GC(572) User=1.05s Sys=0.00s Real=0.19s
[702.375s][info][gc,start       ] GC(573) Pause Young (Normal) (G1 Evacuation Pause)
[702.375s][info][gc,task        ] GC(573) Using 6 workers of 6 for evacuation
[702.650s][info][gc,mmu         ] GC(573) MMU target violated: 201.0ms (200.0ms/201.0ms)
[702.650s][info][gc,phases      ] GC(573)   Pre Evacuate Collection Set: 0.4ms
[702.650s][info][gc,phases      ] GC(573)   Merge Heap Roots: 1.4ms
[702.650s][info][gc,phases      ] GC(573)   Evacuate Collection Set: 271.2ms
[702.650s][info][gc,phases      ] GC(573)   Post Evacuate Collection Set: 1.5ms
[702.650s][info][gc,phases      ] GC(573)   Other: 0.2ms
[702.650s][info][gc,heap        ] GC(573) Eden regions: 940->0(534)
[702.650s][info][gc,heap        ] GC(573) Survivor regions: 154->137(137)
[702.650s][info][gc,heap        ] GC(573) Old regions: 280->694
[702.650s][info][gc,heap        ] GC(573) Humongous regions: 7->7
[702.650s][info][gc,metaspace   ] GC(573) Metaspace: 16655K(17088K)->16655K(17088K) NonClass: 14324K(14528K)->14324K(14528K) Class: 2331K(2560K)->2331K(2560K)
[702.650s][info][gc             ] GC(573) Pause Young (Normal) (G1 Evacuation Pause) 1377M->834M(2048M) 274.837ms
[702.650s][info][gc,cpu         ] GC(573) User=1.56s Sys=0.02s Real=0.27s
[703.496s][info][gc,start       ] GC(574) Pause Young (Normal) (G1 Evacuation Pause)
[703.496s][info][gc,task        ] GC(574) Using 6 workers of 6 for evacuation
[703.576s][info][gc,phases      ] GC(574)   Pre Evacuate Collection Set: 0.4ms
[703.576s][info][gc,phases      ] GC(574)   Merge Heap Roots: 1.8ms
[703.576s][info][gc,phases      ] GC(574)   Evacuate Collection Set: 75.9ms
[703.576s][info][gc,phases      ] GC(574)   Post Evacuate Collection Set: 1.3ms
[703.576s][info][gc,phases      ] GC(574)   Other: 0.1ms
[703.576s][info][gc,heap        ] GC(574) Eden regions: 415->0(697)
[703.576s][info][gc,heap        ] GC(574) Survivor regions: 137->17(69)
[703.576s][info][gc,heap        ] GC(574) Old regions: 694->819
[703.576s][info][gc,heap        ] GC(574) Humongous regions: 10->10
[703.576s][info][gc,metaspace   ] GC(574) Metaspace: 16655K(17088K)->16655K(17088K) NonClass: 14324K(14528K)->14324K(14528K) Class: 2331K(2560K)->2331K(2560K)
[703.576s][info][gc             ] GC(574) Pause Young (Normal) (G1 Evacuation Pause) 1252M->843M(2048M) 79.684ms
[703.576s][info][gc,cpu         ] GC(574) User=0.39s Sys=0.00s Real=0.08s
[704.513s][info][gc,start       ] GC(575) Pause Full (System.gc())
[704.513s][info][gc,task        ] GC(575) Using 6 workers of 6 for full compaction
[704.513s][info][gc,phases,start] GC(575) Phase 1: Mark live objects
[704.516s][info][gc,phases      ] GC(575) Phase 1: Mark live objects 2.883ms
[704.516s][info][gc,phases,start] GC(575) Phase 2: Prepare compaction
[704.517s][info][gc,phases      ] GC(575) Phase 2: Prepare compaction 1.278ms
[704.517s][info][gc,phases,start] GC(575) Phase 3: Adjust pointers
[704.520s][info][gc,phases      ] GC(575) Phase 3: Adjust pointers 2.462ms
[704.520s][info][gc,phases,start] GC(575) Phase 4: Compact heap
[704.521s][info][gc,phases      ] GC(575) Phase 4: Compact heap 1.178ms
[704.521s][info][gc,phases,start] GC(575) Phase 5: Reset Metadata
[704.522s][info][gc,phases      ] GC(575) Phase 5: Reset Metadata 0.860ms
[704.527s][info][gc,heap        ] GC(575) Eden regions: 217->0(1228)
[704.527s][info][gc,heap        ] GC(575) Survivor regions: 17->0(69)
[704.527s][info][gc,heap        ] GC(575) Old regions: 819->8
[704.527s][info][gc,heap        ] GC(575) Humongous regions: 10->2
[704.527s][info][gc,metaspace   ] GC(575) Metaspace: 16655K(17088K)->16655K(17088K) NonClass: 14324K(14528K)->14324K(14528K) Class: 2331K(2560K)->2331K(2560K)
[704.527s][info][gc             ] GC(575) Pause Full (System.gc()) 1060M->7M(2048M) 14.969ms
[704.528s][info][gc,cpu         ] GC(575) User=0.02s Sys=0.00s Real=0.02s
[705.837s][info][gc,start       ] GC(576) Pause Young (Normal) (G1 Evacuation Pause)
[705.837s][info][gc,task        ] GC(576) Using 6 workers of 6 for evacuation
[705.839s][info][gc,phases      ] GC(576)   Pre Evacuate Collection Set: 0.3ms
[705.839s][info][gc,phases      ] GC(576)   Merge Heap Roots: 0.2ms
[705.839s][info][gc,phases      ] GC(576)   Evacuate Collection Set: 0.3ms
[705.839s][info][gc,phases      ] GC(576)   Post Evacuate Collection Set: 0.6ms
[705.839s][info][gc,phases      ] GC(576)   Other: 0.1ms
[705.839s][info][gc,heap        ] GC(576) Eden regions: 1228->0(1225)
[705.839s][info][gc,heap        ] GC(576) Survivor regions: 0->3(154)
[705.839s][info][gc,heap        ] GC(576) Old regions: 8->8
[705.839s][info][gc,heap        ] GC(576) Humongous regions: 2->2
[705.839s][info][gc,metaspace   ] GC(576) Metaspace: 16655K(17088K)->16655K(17088K) NonClass: 14324K(14528K)->14324K(14528K) Class: 2331K(2560K)->2331K(2560K)
[705.839s][info][gc             ] GC(576) Pause Young (Normal) (G1 Evacuation Pause) 1235M->10M(2048M) 1.632ms
[705.839s][info][gc,cpu         ] GC(576) User=0.00s Sys=0.00s Real=0.00s
[706.024s][info][gc,start       ] GC(577) Pause Young (Normal) (G1 Evacuation Pause)
[706.024s][info][gc,task        ] GC(577) Using 6 workers of 6 for evacuation
[706.026s][info][gc,phases      ] GC(577)   Pre Evacuate Collection Set: 0.3ms
[706.026s][info][gc,phases      ] GC(577)   Merge Heap Roots: 0.2ms
[706.026s][info][gc,phases      ] GC(577)   Evacuate Collection Set: 0.3ms
[706.026s][info][gc,phases      ] GC(577)   Post Evacuate Collection Set: 0.5ms
[706.026s][info][gc,phases      ] GC(577)   Other: 0.1ms
[706.026s][info][gc,heap        ] GC(577) Eden regions: 1225->0(1226)
[706.026s][info][gc,heap        ] GC(577) Survivor regions: 3->2(154)
[706.026s][info][gc,heap        ] GC(577) Old regions: 8->8
[706.026s][info][gc,heap        ] GC(577) Humongous regions: 2->2
[706.026s][info][gc,metaspace   ] GC(577) Metaspace: 16655K(17088K)->16655K(17088K) NonClass: 14324K(14528K)->14324K(14528K) Class: 2331K(2560K)->2331K(2560K)
[706.026s][info][gc             ] GC(577) Pause Young (Normal) (G1 Evacuation Pause) 1235M->9M(2048M) 1.661ms
[706.026s][info][gc,cpu         ] GC(577) User=0.00s Sys=0.00s Real=0.00s
[709.558s][info][gc,start       ] GC(578) Pause Young (Normal) (G1 Evacuation Pause)
[709.558s][info][gc,task        ] GC(578) Using 6 workers of 6 for evacuation
[709.743s][info][gc,phases      ] GC(578)   Pre Evacuate Collection Set: 0.3ms
[709.744s][info][gc,phases      ] GC(578)   Merge Heap Roots: 0.3ms
[709.744s][info][gc,phases      ] GC(578)   Evacuate Collection Set: 183.1ms
[709.744s][info][gc,phases      ] GC(578)   Post Evacuate Collection Set: 1.3ms
[709.744s][info][gc,phases      ] GC(578)   Other: 0.2ms
[709.744s][info][gc,heap        ] GC(578) Eden regions: 1226->0(940)
[709.744s][info][gc,heap        ] GC(578) Survivor regions: 2->154(154)
[709.744s][info][gc,heap        ] GC(578) Old regions: 8->280
[709.744s][info][gc,heap        ] GC(578) Humongous regions: 4->4
[709.744s][info][gc,metaspace   ] GC(578) Metaspace: 16655K(17088K)->16655K(17088K) NonClass: 14324K(14528K)->14324K(14528K) Class: 2331K(2560K)->2331K(2560K)
[709.744s][info][gc             ] GC(578) Pause Young (Normal) (G1 Evacuation Pause) 1237M->435M(2048M) 185.326ms
[709.744s][info][gc,cpu         ] GC(578) User=0.91s Sys=0.00s Real=0.19s
[710.327s][info][gc,start       ] GC(579) Pause Young (Normal) (G1 Evacuation Pause)
[710.327s][info][gc,task        ] GC(579) Using 6 workers of 6 for evacuation
[710.598s][info][gc,mmu         ] GC(579) MMU target violated: 201.0ms (200.0ms/201.0ms)
[710.598s][info][gc,phases      ] GC(579)   Pre Evacuate Collection Set: 0.5ms
[710.598s][info][gc,phases      ] GC(579)   Merge Heap Roots: 1.3ms
[710.598s][info][gc,phases      ] GC(579)   Evacuate Collection Set: 267.5ms
[710.598s][info][gc,phases      ] GC(579)   Post Evacuate Collection Set: 1.5ms
[710.599s][info][gc,phases      ] GC(579)   Other: 0.3ms
[710.599s][info][gc,heap        ] GC(579) Eden regions: 940->0(521)
[710.599s][info][gc,heap        ] GC(579) Survivor regions: 154->137(137)
[710.599s][info][gc,heap        ] GC(579) Old regions: 280->694
[710.599s][info][gc,heap        ] GC(579) Humongous regions: 7->7
[710.599s][info][gc,metaspace   ] GC(579) Metaspace: 16655K(17088K)->16655K(17088K) NonClass: 14324K(14528K)->14324K(14528K) Class: 2331K(2560K)->2331K(2560K)
[710.599s][info][gc             ] GC(579) Pause Young (Normal) (G1 Evacuation Pause) 1378M->834M(2048M) 271.234ms
[710.599s][info][gc,cpu         ] GC(579) User=1.58s Sys=0.00s Real=0.27s
[711.429s][info][gc,start       ] GC(580) Pause Young (Normal) (G1 Evacuation Pause)
[711.429s][info][gc,task        ] GC(580) Using 6 workers of 6 for evacuation
[711.508s][info][gc,phases      ] GC(580)   Pre Evacuate Collection Set: 0.3ms
[711.508s][info][gc,phases      ] GC(580)   Merge Heap Roots: 1.9ms
[711.508s][info][gc,phases      ] GC(580)   Evacuate Collection Set: 76.3ms
[711.508s][info][gc,phases      ] GC(580)   Post Evacuate Collection Set: 1.0ms
[711.508s][info][gc,phases      ] GC(580)   Other: 0.1ms
[711.508s][info][gc,heap        ] GC(580) Eden regions: 408->0(695)
[711.508s][info][gc,heap        ] GC(580) Survivor regions: 137->19(69)
[711.508s][info][gc,heap        ] GC(580) Old regions: 694->820
[711.508s][info][gc,heap        ] GC(580) Humongous regions: 10->10
[711.508s][info][gc,metaspace   ] GC(580) Metaspace: 16655K(17088K)->16655K(17088K) NonClass: 14324K(14528K)->14324K(14528K) Class: 2331K(2560K)->2331K(2560K)
[711.508s][info][gc             ] GC(580) Pause Young (Normal) (G1 Evacuation Pause) 1245M->845M(2048M) 79.880ms
[711.508s][info][gc,cpu         ] GC(580) User=0.39s Sys=0.00s Real=0.08s
[712.456s][info][gc,start       ] GC(581) Pause Full (System.gc())
[712.456s][info][gc,task        ] GC(581) Using 6 workers of 6 for full compaction
[712.456s][info][gc,phases,start] GC(581) Phase 1: Mark live objects
[712.459s][info][gc,phases      ] GC(581) Phase 1: Mark live objects 2.623ms
[712.459s][info][gc,phases,start] GC(581) Phase 2: Prepare compaction
[712.460s][info][gc,phases      ] GC(581) Phase 2: Prepare compaction 1.241ms
[712.460s][info][gc,phases,start] GC(581) Phase 3: Adjust pointers
[712.463s][info][gc,phases      ] GC(581) Phase 3: Adjust pointers 2.372ms
[712.463s][info][gc,phases,start] GC(581) Phase 4: Compact heap
[712.464s][info][gc,phases      ] GC(581) Phase 4: Compact heap 0.976ms
[712.464s][info][gc,phases,start] GC(581) Phase 5: Reset Metadata
[712.465s][info][gc,phases      ] GC(581) Phase 5: Reset Metadata 1.176ms
[712.471s][info][gc,heap        ] GC(581) Eden regions: 226->0(1228)
[712.471s][info][gc,heap        ] GC(581) Survivor regions: 19->0(69)
[712.471s][info][gc,heap        ] GC(581) Old regions: 820->8
[712.471s][info][gc,heap        ] GC(581) Humongous regions: 10->2
[712.471s][info][gc,metaspace   ] GC(581) Metaspace: 16655K(17088K)->16655K(17088K) NonClass: 14324K(14528K)->14324K(14528K) Class: 2331K(2560K)->2331K(2560K)
[712.471s][info][gc             ] GC(581) Pause Full (System.gc()) 1071M->7M(2048M) 14.909ms
[712.471s][info][gc,cpu         ] GC(581) User=0.00s Sys=0.00s Real=0.02s
[713.795s][info][gc,start       ] GC(582) Pause Young (Normal) (G1 Evacuation Pause)
[713.795s][info][gc,task        ] GC(582) Using 6 workers of 6 for evacuation
[713.797s][info][gc,phases      ] GC(582)   Pre Evacuate Collection Set: 0.3ms
[713.797s][info][gc,phases      ] GC(582)   Merge Heap Roots: 0.2ms
[713.797s][info][gc,phases      ] GC(582)   Evacuate Collection Set: 0.4ms
[713.797s][info][gc,phases      ] GC(582)   Post Evacuate Collection Set: 0.6ms
[713.797s][info][gc,phases      ] GC(582)   Other: 0.1ms
[713.797s][info][gc,heap        ] GC(582) Eden regions: 1228->0(1225)
[713.797s][info][gc,heap        ] GC(582) Survivor regions: 0->3(154)
[713.797s][info][gc,heap        ] GC(582) Old regions: 8->8
[713.797s][info][gc,heap        ] GC(582) Humongous regions: 2->2
[713.797s][info][gc,metaspace   ] GC(582) Metaspace: 16655K(17088K)->16655K(17088K) NonClass: 14324K(14528K)->14324K(14528K) Class: 2331K(2560K)->2331K(2560K)
[713.797s][info][gc             ] GC(582) Pause Young (Normal) (G1 Evacuation Pause) 1235M->10M(2048M) 1.787ms
[713.797s][info][gc,cpu         ] GC(582) User=0.02s Sys=0.00s Real=0.02s
[713.985s][info][gc,start       ] GC(583) Pause Young (Normal) (G1 Evacuation Pause)
[713.985s][info][gc,task        ] GC(583) Using 6 workers of 6 for evacuation
[713.987s][info][gc,phases      ] GC(583)   Pre Evacuate Collection Set: 0.3ms
[713.987s][info][gc,phases      ] GC(583)   Merge Heap Roots: 0.1ms
[713.987s][info][gc,phases      ] GC(583)   Evacuate Collection Set: 0.5ms
[713.987s][info][gc,phases      ] GC(583)   Post Evacuate Collection Set: 0.5ms
[713.987s][info][gc,phases      ] GC(583)   Other: 0.1ms
[713.987s][info][gc,heap        ] GC(583) Eden regions: 1225->0(1226)
[713.987s][info][gc,heap        ] GC(583) Survivor regions: 3->2(154)
[713.987s][info][gc,heap        ] GC(583) Old regions: 8->8
[713.987s][info][gc,heap        ] GC(583) Humongous regions: 2->2
[713.987s][info][gc,metaspace   ] GC(583) Metaspace: 16655K(17088K)->16655K(17088K) NonClass: 14324K(14528K)->14324K(14528K) Class: 2331K(2560K)->2331K(2560K)
[713.987s][info][gc             ] GC(583) Pause Young (Normal) (G1 Evacuation Pause) 1235M->9M(2048M) 1.748ms
[713.987s][info][gc,cpu         ] GC(583) User=0.00s Sys=0.00s Real=0.01s
[716.932s][info][gc,start       ] GC(584) Pause Young (Normal) (G1 Evacuation Pause)
[716.932s][info][gc,task        ] GC(584) Using 6 workers of 6 for evacuation
[717.117s][info][gc,phases      ] GC(584)   Pre Evacuate Collection Set: 0.7ms
[717.117s][info][gc,phases      ] GC(584)   Merge Heap Roots: 0.2ms
[717.117s][info][gc,phases      ] GC(584)   Evacuate Collection Set: 181.8ms
[717.117s][info][gc,phases      ] GC(584)   Post Evacuate Collection Set: 1.6ms
[717.117s][info][gc,phases      ] GC(584)   Other: 0.2ms
[717.117s][info][gc,heap        ] GC(584) Eden regions: 1226->0(940)
[717.117s][info][gc,heap        ] GC(584) Survivor regions: 2->154(154)
[717.117s][info][gc,heap        ] GC(584) Old regions: 8->279
[717.117s][info][gc,heap        ] GC(584) Humongous regions: 4->4
[717.117s][info][gc,metaspace   ] GC(584) Metaspace: 16655K(17088K)->16655K(17088K) NonClass: 14324K(14528K)->14324K(14528K) Class: 2331K(2560K)->2331K(2560K)
[717.117s][info][gc             ] GC(584) Pause Young (Normal) (G1 Evacuation Pause) 1237M->434M(2048M) 184.725ms
[717.117s][info][gc,cpu         ] GC(584) User=1.05s Sys=0.00s Real=0.19s
[717.704s][info][gc,start       ] GC(585) Pause Young (Normal) (G1 Evacuation Pause)
[717.704s][info][gc,task        ] GC(585) Using 6 workers of 6 for evacuation
[717.975s][info][gc,mmu         ] GC(585) MMU target violated: 201.0ms (200.0ms/201.0ms)
[717.975s][info][gc,phases      ] GC(585)   Pre Evacuate Collection Set: 0.4ms
[717.975s][info][gc,phases      ] GC(585)   Merge Heap Roots: 1.5ms
[717.975s][info][gc,phases      ] GC(585)   Evacuate Collection Set: 267.6ms
[717.975s][info][gc,phases      ] GC(585)   Post Evacuate Collection Set: 1.3ms
[717.975s][info][gc,phases      ] GC(585)   Other: 0.2ms
[717.976s][info][gc,heap        ] GC(585) Eden regions: 940->0(514)
[717.976s][info][gc,heap        ] GC(585) Survivor regions: 154->137(137)
[717.976s][info][gc,heap        ] GC(585) Old regions: 279->693
[717.976s][info][gc,heap        ] GC(585) Humongous regions: 7->7
[717.976s][info][gc,metaspace   ] GC(585) Metaspace: 16655K(17088K)->16655K(17088K) NonClass: 14324K(14528K)->14324K(14528K) Class: 2331K(2560K)->2331K(2560K)
[717.976s][info][gc             ] GC(585) Pause Young (Normal) (G1 Evacuation Pause) 1377M->834M(2048M) 271.268ms
[717.976s][info][gc,cpu         ] GC(585) User=1.58s Sys=0.00s Real=0.27s
[718.806s][info][gc,start       ] GC(586) Pause Young (Normal) (G1 Evacuation Pause)
[718.806s][info][gc,task        ] GC(586) Using 6 workers of 6 for evacuation
[718.878s][info][gc,phases      ] GC(586)   Pre Evacuate Collection Set: 0.4ms
[718.878s][info][gc,phases      ] GC(586)   Merge Heap Roots: 1.8ms
[718.878s][info][gc,phases      ] GC(586)   Evacuate Collection Set: 69.4ms
[718.878s][info][gc,phases      ] GC(586)   Post Evacuate Collection Set: 0.9ms
[718.878s][info][gc,phases      ] GC(586)   Other: 0.1ms
[718.878s][info][gc,heap        ] GC(586) Eden regions: 412->0(698)
[718.878s][info][gc,heap        ] GC(586) Survivor regions: 137->18(69)
[718.878s][info][gc,heap        ] GC(586) Old regions: 693->815
[718.879s][info][gc,heap        ] GC(586) Humongous regions: 10->10
[718.879s][info][gc,metaspace   ] GC(586) Metaspace: 16655K(17088K)->16655K(17088K) NonClass: 14324K(14528K)->14324K(14528K) Class: 2331K(2560K)->2331K(2560K)
[718.879s][info][gc             ] GC(586) Pause Young (Normal) (G1 Evacuation Pause) 1249M->839M(2048M) 72.823ms
[718.879s][info][gc,cpu         ] GC(586) User=0.41s Sys=0.00s Real=0.08s
[719.819s][info][gc,start       ] GC(587) Pause Full (System.gc())
[719.819s][info][gc,task        ] GC(587) Using 6 workers of 6 for full compaction
[719.819s][info][gc,phases,start] GC(587) Phase 1: Mark live objects
[719.822s][info][gc,phases      ] GC(587) Phase 1: Mark live objects 2.615ms
[719.822s][info][gc,phases,start] GC(587) Phase 2: Prepare compaction
[719.823s][info][gc,phases      ] GC(587) Phase 2: Prepare compaction 1.466ms
[719.823s][info][gc,phases,start] GC(587) Phase 3: Adjust pointers
[719.826s][info][gc,phases      ] GC(587) Phase 3: Adjust pointers 2.220ms
[719.826s][info][gc,phases,start] GC(587) Phase 4: Compact heap
[719.827s][info][gc,phases      ] GC(587) Phase 4: Compact heap 1.203ms
[719.827s][info][gc,phases,start] GC(587) Phase 5: Reset Metadata
[719.828s][info][gc,phases      ] GC(587) Phase 5: Reset Metadata 0.904ms
[719.834s][info][gc,heap        ] GC(587) Eden regions: 221->0(1228)
[719.834s][info][gc,heap        ] GC(587) Survivor regions: 18->0(69)
[719.834s][info][gc,heap        ] GC(587) Old regions: 815->8
[719.834s][info][gc,heap        ] GC(587) Humongous regions: 10->2
[719.834s][info][gc,metaspace   ] GC(587) Metaspace: 16659K(17088K)->16659K(17088K) NonClass: 14328K(14528K)->14328K(14528K) Class: 2331K(2560K)->2331K(2560K)
[719.834s][info][gc             ] GC(587) Pause Full (System.gc()) 1060M->7M(2048M) 14.795ms
[719.834s][info][gc,cpu         ] GC(587) User=0.00s Sys=0.00s Real=0.02s
[721.140s][info][gc,start       ] GC(588) Pause Young (Normal) (G1 Evacuation Pause)
[721.140s][info][gc,task        ] GC(588) Using 6 workers of 6 for evacuation
[721.142s][info][gc,phases      ] GC(588)   Pre Evacuate Collection Set: 0.3ms
[721.142s][info][gc,phases      ] GC(588)   Merge Heap Roots: 0.1ms
[721.142s][info][gc,phases      ] GC(588)   Evacuate Collection Set: 0.3ms
[721.142s][info][gc,phases      ] GC(588)   Post Evacuate Collection Set: 0.6ms
[721.142s][info][gc,phases      ] GC(588)   Other: 0.1ms
[721.142s][info][gc,heap        ] GC(588) Eden regions: 1228->0(1225)
[721.142s][info][gc,heap        ] GC(588) Survivor regions: 0->3(154)
[721.142s][info][gc,heap        ] GC(588) Old regions: 8->8
[721.142s][info][gc,heap        ] GC(588) Humongous regions: 2->2
[721.142s][info][gc,metaspace   ] GC(588) Metaspace: 16659K(17088K)->16659K(17088K) NonClass: 14328K(14528K)->14328K(14528K) Class: 2331K(2560K)->2331K(2560K)
[721.142s][info][gc             ] GC(588) Pause Young (Normal) (G1 Evacuation Pause) 1235M->10M(2048M) 1.657ms
[721.142s][info][gc,cpu         ] GC(588) User=0.00s Sys=0.00s Real=0.00s
[721.330s][info][gc,start       ] GC(589) Pause Young (Normal) (G1 Evacuation Pause)
[721.330s][info][gc,task        ] GC(589) Using 6 workers of 6 for evacuation
[721.331s][info][gc,phases      ] GC(589)   Pre Evacuate Collection Set: 0.3ms
[721.331s][info][gc,phases      ] GC(589)   Merge Heap Roots: 0.2ms
[721.331s][info][gc,phases      ] GC(589)   Evacuate Collection Set: 0.5ms
[721.331s][info][gc,phases      ] GC(589)   Post Evacuate Collection Set: 0.5ms
[721.331s][info][gc,phases      ] GC(589)   Other: 0.1ms
[721.331s][info][gc,heap        ] GC(589) Eden regions: 1225->0(1226)
[721.331s][info][gc,heap        ] GC(589) Survivor regions: 3->2(154)
[721.331s][info][gc,heap        ] GC(589) Old regions: 8->8
[721.331s][info][gc,heap        ] GC(589) Humongous regions: 2->2
[721.331s][info][gc,metaspace   ] GC(589) Metaspace: 16659K(17088K)->16659K(17088K) NonClass: 14328K(14528K)->14328K(14528K) Class: 2331K(2560K)->2331K(2560K)
[721.331s][info][gc             ] GC(589) Pause Young (Normal) (G1 Evacuation Pause) 1235M->8M(2048M) 1.754ms
[721.331s][info][gc,cpu         ] GC(589) User=0.00s Sys=0.00s Real=0.00s
[724.941s][info][gc,start       ] GC(590) Pause Young (Normal) (G1 Evacuation Pause)
[724.941s][info][gc,task        ] GC(590) Using 6 workers of 6 for evacuation
[725.124s][info][gc,phases      ] GC(590)   Pre Evacuate Collection Set: 0.3ms
[725.124s][info][gc,phases      ] GC(590)   Merge Heap Roots: 0.2ms
[725.124s][info][gc,phases      ] GC(590)   Evacuate Collection Set: 181.1ms
[725.124s][info][gc,phases      ] GC(590)   Post Evacuate Collection Set: 1.3ms
[725.124s][info][gc,phases      ] GC(590)   Other: 0.1ms
[725.124s][info][gc,heap        ] GC(590) Eden regions: 1226->0(938)
[725.124s][info][gc,heap        ] GC(590) Survivor regions: 2->154(154)
[725.124s][info][gc,heap        ] GC(590) Old regions: 8->281
[725.124s][info][gc,heap        ] GC(590) Humongous regions: 4->4
[725.124s][info][gc,metaspace   ] GC(590) Metaspace: 16659K(17088K)->16659K(17088K) NonClass: 14328K(14528K)->14328K(14528K) Class: 2331K(2560K)->2331K(2560K)
[725.124s][info][gc             ] GC(590) Pause Young (Normal) (G1 Evacuation Pause) 1236M->435M(2048M) 183.279ms
[725.124s][info][gc,cpu         ] GC(590) User=1.03s Sys=0.00s Real=0.17s
[725.716s][info][gc,start       ] GC(591) Pause Young (Normal) (G1 Evacuation Pause)
[725.716s][info][gc,task        ] GC(591) Using 6 workers of 6 for evacuation
[725.989s][info][gc,mmu         ] GC(591) MMU target violated: 201.0ms (200.0ms/201.0ms)
[725.989s][info][gc,phases      ] GC(591)   Pre Evacuate Collection Set: 0.3ms
[725.989s][info][gc,phases      ] GC(591)   Merge Heap Roots: 1.1ms
[725.989s][info][gc,phases      ] GC(591)   Evacuate Collection Set: 270.6ms
[725.990s][info][gc,phases      ] GC(591)   Post Evacuate Collection Set: 1.3ms
[725.990s][info][gc,phases      ] GC(591)   Other: 0.2ms
[725.990s][info][gc,heap        ] GC(591) Eden regions: 938->0(572)
[725.990s][info][gc,heap        ] GC(591) Survivor regions: 154->137(137)
[725.990s][info][gc,heap        ] GC(591) Old regions: 281->694
[725.990s][info][gc,heap        ] GC(591) Humongous regions: 7->7
[725.990s][info][gc,metaspace   ] GC(591) Metaspace: 16659K(17088K)->16659K(17088K) NonClass: 14328K(14528K)->14328K(14528K) Class: 2331K(2560K)->2331K(2560K)
[725.990s][info][gc             ] GC(591) Pause Young (Normal) (G1 Evacuation Pause) 1376M->835M(2048M) 273.731ms
[725.990s][info][gc,cpu         ] GC(591) User=1.61s Sys=0.00s Real=0.28s
[726.931s][info][gc,start       ] GC(592) Pause Young (Normal) (G1 Evacuation Pause)
[726.931s][info][gc,task        ] GC(592) Using 6 workers of 6 for evacuation
[727.002s][info][gc,phases      ] GC(592)   Pre Evacuate Collection Set: 0.6ms
[727.002s][info][gc,phases      ] GC(592)   Merge Heap Roots: 2.2ms
[727.002s][info][gc,phases      ] GC(592)   Evacuate Collection Set: 67.4ms
[727.002s][info][gc,phases      ] GC(592)   Post Evacuate Collection Set: 0.8ms
[727.002s][info][gc,phases      ] GC(592)   Other: 0.1ms
[727.002s][info][gc,heap        ] GC(592) Eden regions: 469->0(702)
[727.002s][info][gc,heap        ] GC(592) Survivor regions: 137->13(76)
[727.002s][info][gc,heap        ] GC(592) Old regions: 694->817
[727.002s][info][gc,heap        ] GC(592) Humongous regions: 10->10
[727.002s][info][gc,metaspace   ] GC(592) Metaspace: 16659K(17088K)->16659K(17088K) NonClass: 14328K(14528K)->14328K(14528K) Class: 2331K(2560K)->2331K(2560K)
[727.002s][info][gc             ] GC(592) Pause Young (Normal) (G1 Evacuation Pause) 1307M->836M(2048M) 71.365ms
[727.002s][info][gc,cpu         ] GC(592) User=0.39s Sys=0.00s Real=0.08s
[727.848s][info][gc,start       ] GC(593) Pause Full (System.gc())
[727.848s][info][gc,task        ] GC(593) Using 6 workers of 6 for full compaction
[727.848s][info][gc,phases,start] GC(593) Phase 1: Mark live objects
[727.851s][info][gc,phases      ] GC(593) Phase 1: Mark live objects 2.885ms
[727.851s][info][gc,phases,start] GC(593) Phase 2: Prepare compaction
[727.852s][info][gc,phases      ] GC(593) Phase 2: Prepare compaction 1.169ms
[727.853s][info][gc,phases,start] GC(593) Phase 3: Adjust pointers
[727.855s][info][gc,phases      ] GC(593) Phase 3: Adjust pointers 2.397ms
[727.855s][info][gc,phases,start] GC(593) Phase 4: Compact heap
[727.856s][info][gc,phases      ] GC(593) Phase 4: Compact heap 1.358ms
[727.856s][info][gc,phases,start] GC(593) Phase 5: Reset Metadata
[727.857s][info][gc,phases      ] GC(593) Phase 5: Reset Metadata 0.786ms
[727.863s][info][gc,heap        ] GC(593) Eden regions: 165->0(1228)
[727.863s][info][gc,heap        ] GC(593) Survivor regions: 13->0(76)
[727.863s][info][gc,heap        ] GC(593) Old regions: 817->8
[727.863s][info][gc,heap        ] GC(593) Humongous regions: 10->2
[727.863s][info][gc,metaspace   ] GC(593) Metaspace: 16661K(17088K)->16661K(17088K) NonClass: 14330K(14528K)->14330K(14528K) Class: 2331K(2560K)->2331K(2560K)
[727.863s][info][gc             ] GC(593) Pause Full (System.gc()) 1001M->7M(2048M) 15.298ms
[727.863s][info][gc,cpu         ] GC(593) User=0.02s Sys=0.00s Real=0.02s
[729.125s][info][gc,start       ] GC(594) Pause Young (Normal) (G1 Evacuation Pause)
[729.125s][info][gc,task        ] GC(594) Using 6 workers of 6 for evacuation
[729.126s][info][gc,phases      ] GC(594)   Pre Evacuate Collection Set: 0.3ms
[729.126s][info][gc,phases      ] GC(594)   Merge Heap Roots: 0.2ms
[729.126s][info][gc,phases      ] GC(594)   Evacuate Collection Set: 0.3ms
[729.126s][info][gc,phases      ] GC(594)   Post Evacuate Collection Set: 0.6ms
[729.126s][info][gc,phases      ] GC(594)   Other: 0.1ms
[729.126s][info][gc,heap        ] GC(594) Eden regions: 1228->0(1225)
[729.126s][info][gc,heap        ] GC(594) Survivor regions: 0->3(154)
[729.126s][info][gc,heap        ] GC(594) Old regions: 8->8
[729.126s][info][gc,heap        ] GC(594) Humongous regions: 2->2
[729.126s][info][gc,metaspace   ] GC(594) Metaspace: 16661K(17088K)->16661K(17088K) NonClass: 14330K(14528K)->14330K(14528K) Class: 2331K(2560K)->2331K(2560K)
[729.126s][info][gc             ] GC(594) Pause Young (Normal) (G1 Evacuation Pause) 1235M->10M(2048M) 1.793ms
[729.126s][info][gc,cpu         ] GC(594) User=0.00s Sys=0.00s Real=0.00s
[729.312s][info][gc,start       ] GC(595) Pause Young (Normal) (G1 Evacuation Pause)
[729.313s][info][gc,task        ] GC(595) Using 6 workers of 6 for evacuation
[729.314s][info][gc,phases      ] GC(595)   Pre Evacuate Collection Set: 0.4ms
[729.314s][info][gc,phases      ] GC(595)   Merge Heap Roots: 0.2ms
[729.314s][info][gc,phases      ] GC(595)   Evacuate Collection Set: 0.5ms
[729.314s][info][gc,phases      ] GC(595)   Post Evacuate Collection Set: 0.5ms
[729.314s][info][gc,phases      ] GC(595)   Other: 0.1ms
[729.314s][info][gc,heap        ] GC(595) Eden regions: 1225->0(1226)
[729.314s][info][gc,heap        ] GC(595) Survivor regions: 3->2(154)
[729.314s][info][gc,heap        ] GC(595) Old regions: 8->8
[729.314s][info][gc,heap        ] GC(595) Humongous regions: 2->2
[729.314s][info][gc,metaspace   ] GC(595) Metaspace: 16661K(17088K)->16661K(17088K) NonClass: 14330K(14528K)->14330K(14528K) Class: 2331K(2560K)->2331K(2560K)
[729.314s][info][gc             ] GC(595) Pause Young (Normal) (G1 Evacuation Pause) 1235M->8M(2048M) 1.965ms
[729.314s][info][gc,cpu         ] GC(595) User=0.00s Sys=0.00s Real=0.00s
[732.594s][info][gc,start       ] GC(596) Pause Young (Normal) (G1 Evacuation Pause)
[732.594s][info][gc,task        ] GC(596) Using 6 workers of 6 for evacuation
[732.779s][info][gc,phases      ] GC(596)   Pre Evacuate Collection Set: 0.4ms
[732.779s][info][gc,phases      ] GC(596)   Merge Heap Roots: 0.2ms
[732.779s][info][gc,phases      ] GC(596)   Evacuate Collection Set: 183.2ms
[732.779s][info][gc,phases      ] GC(596)   Post Evacuate Collection Set: 1.4ms
[732.779s][info][gc,phases      ] GC(596)   Other: 0.2ms
[732.779s][info][gc,heap        ] GC(596) Eden regions: 1226->0(934)
[732.779s][info][gc,heap        ] GC(596) Survivor regions: 2->154(154)
[732.779s][info][gc,heap        ] GC(596) Old regions: 8->284
[732.779s][info][gc,heap        ] GC(596) Humongous regions: 4->4
[732.779s][info][gc,metaspace   ] GC(596) Metaspace: 16662K(17088K)->16662K(17088K) NonClass: 14331K(14528K)->14331K(14528K) Class: 2331K(2560K)->2331K(2560K)
[732.779s][info][gc             ] GC(596) Pause Young (Normal) (G1 Evacuation Pause) 1236M->438M(2048M) 185.527ms
[732.779s][info][gc,cpu         ] GC(596) User=1.05s Sys=0.00s Real=0.19s
[733.365s][info][gc,start       ] GC(597) Pause Young (Normal) (G1 Evacuation Pause)
[733.365s][info][gc,task        ] GC(597) Using 6 workers of 6 for evacuation
[733.641s][info][gc,mmu         ] GC(597) MMU target violated: 201.0ms (200.0ms/201.0ms)
[733.641s][info][gc,phases      ] GC(597)   Pre Evacuate Collection Set: 0.4ms
[733.641s][info][gc,phases      ] GC(597)   Merge Heap Roots: 1.3ms
[733.641s][info][gc,phases      ] GC(597)   Evacuate Collection Set: 271.9ms
[733.641s][info][gc,phases      ] GC(597)   Post Evacuate Collection Set: 1.7ms
[733.641s][info][gc,phases      ] GC(597)   Other: 0.3ms
[733.641s][info][gc,heap        ] GC(597) Eden regions: 934->0(570)
[733.641s][info][gc,heap        ] GC(597) Survivor regions: 154->136(136)
[733.641s][info][gc,heap        ] GC(597) Old regions: 284->697
[733.641s][info][gc,heap        ] GC(597) Humongous regions: 7->7
[733.641s][info][gc,metaspace   ] GC(597) Metaspace: 16662K(17088K)->16662K(17088K) NonClass: 14331K(14528K)->14331K(14528K) Class: 2331K(2560K)->2331K(2560K)
[733.641s][info][gc             ] GC(597) Pause Young (Normal) (G1 Evacuation Pause) 1375M->836M(2048M) 275.800ms
[733.641s][info][gc,cpu         ] GC(597) User=1.61s Sys=0.00s Real=0.28s
[734.551s][info][gc,start       ] GC(598) Pause Young (Normal) (G1 Evacuation Pause)
[734.551s][info][gc,task        ] GC(598) Using 6 workers of 6 for evacuation
[734.636s][info][gc,phases      ] GC(598)   Pre Evacuate Collection Set: 0.4ms
[734.636s][info][gc,phases      ] GC(598)   Merge Heap Roots: 2.0ms
[734.636s][info][gc,phases      ] GC(598)   Evacuate Collection Set: 81.0ms
[734.636s][info][gc,phases      ] GC(598)   Post Evacuate Collection Set: 1.0ms
[734.636s][info][gc,phases      ] GC(598)   Other: 0.1ms
[734.636s][info][gc,heap        ] GC(598) Eden regions: 439->0(699)
[734.636s][info][gc,heap        ] GC(598) Survivor regions: 136->16(72)
[734.636s][info][gc,heap        ] GC(598) Old regions: 697->819
[734.636s][info][gc,heap        ] GC(598) Humongous regions: 10->10
[734.636s][info][gc,metaspace   ] GC(598) Metaspace: 16662K(17088K)->16662K(17088K) NonClass: 14331K(14528K)->14331K(14528K) Class: 2331K(2560K)->2331K(2560K)
[734.636s][info][gc             ] GC(598) Pause Young (Normal) (G1 Evacuation Pause) 1278M->841M(2048M) 84.785ms
[734.636s][info][gc,cpu         ] GC(598) User=0.42s Sys=0.00s Real=0.09s
[735.540s][info][gc,start       ] GC(599) Pause Full (System.gc())
[735.540s][info][gc,task        ] GC(599) Using 6 workers of 6 for full compaction
[735.540s][info][gc,phases,start] GC(599) Phase 1: Mark live objects
[735.543s][info][gc,phases      ] GC(599) Phase 1: Mark live objects 3.058ms
[735.543s][info][gc,phases,start] GC(599) Phase 2: Prepare compaction
[735.545s][info][gc,phases      ] GC(599) Phase 2: Prepare compaction 1.113ms
[735.545s][info][gc,phases,start] GC(599) Phase 3: Adjust pointers
[735.547s][info][gc,phases      ] GC(599) Phase 3: Adjust pointers 2.187ms
[735.547s][info][gc,phases,start] GC(599) Phase 4: Compact heap
[735.548s][info][gc,phases      ] GC(599) Phase 4: Compact heap 1.309ms
[735.548s][info][gc,phases,start] GC(599) Phase 5: Reset Metadata
[735.549s][info][gc,phases      ] GC(599) Phase 5: Reset Metadata 0.906ms
[735.556s][info][gc,heap        ] GC(599) Eden regions: 192->0(1228)
[735.556s][info][gc,heap        ] GC(599) Survivor regions: 16->0(72)
[735.556s][info][gc,heap        ] GC(599) Old regions: 819->8
[735.556s][info][gc,heap        ] GC(599) Humongous regions: 10->2
[735.556s][info][gc,metaspace   ] GC(599) Metaspace: 16662K(17088K)->16662K(17088K) NonClass: 14331K(14528K)->14331K(14528K) Class: 2331K(2560K)->2331K(2560K)
[735.556s][info][gc             ] GC(599) Pause Full (System.gc()) 1033M->7M(2048M) 15.586ms
[735.556s][info][gc,cpu         ] GC(599) User=0.00s Sys=0.00s Real=0.02s
[736.947s][info][gc,start       ] GC(600) Pause Young (Normal) (G1 Evacuation Pause)
[736.947s][info][gc,task        ] GC(600) Using 6 workers of 6 for evacuation
[736.949s][info][gc,phases      ] GC(600)   Pre Evacuate Collection Set: 0.3ms
[736.949s][info][gc,phases      ] GC(600)   Merge Heap Roots: 0.1ms
[736.949s][info][gc,phases      ] GC(600)   Evacuate Collection Set: 0.3ms
[736.949s][info][gc,phases      ] GC(600)   Post Evacuate Collection Set: 0.6ms
[736.949s][info][gc,phases      ] GC(600)   Other: 0.1ms
[736.949s][info][gc,heap        ] GC(600) Eden regions: 1228->0(1225)
[736.949s][info][gc,heap        ] GC(600) Survivor regions: 0->3(154)
[736.949s][info][gc,heap        ] GC(600) Old regions: 8->8
[736.949s][info][gc,heap        ] GC(600) Humongous regions: 2->2
[736.949s][info][gc,metaspace   ] GC(600) Metaspace: 16662K(17088K)->16662K(17088K) NonClass: 14331K(14528K)->14331K(14528K) Class: 2331K(2560K)->2331K(2560K)
[736.949s][info][gc             ] GC(600) Pause Young (Normal) (G1 Evacuation Pause) 1235M->10M(2048M) 1.660ms
[736.949s][info][gc,cpu         ] GC(600) User=0.00s Sys=0.00s Real=0.00s
[737.137s][info][gc,start       ] GC(601) Pause Young (Normal) (G1 Evacuation Pause)
[737.137s][info][gc,task        ] GC(601) Using 6 workers of 6 for evacuation
[737.139s][info][gc,phases      ] GC(601)   Pre Evacuate Collection Set: 0.3ms
[737.139s][info][gc,phases      ] GC(601)   Merge Heap Roots: 0.2ms
[737.139s][info][gc,phases      ] GC(601)   Evacuate Collection Set: 0.3ms
[737.139s][info][gc,phases      ] GC(601)   Post Evacuate Collection Set: 0.5ms
[737.139s][info][gc,phases      ] GC(601)   Other: 0.2ms
[737.139s][info][gc,heap        ] GC(601) Eden regions: 1225->0(1226)
[737.139s][info][gc,heap        ] GC(601) Survivor regions: 3->2(154)
[737.139s][info][gc,heap        ] GC(601) Old regions: 8->8
[737.139s][info][gc,heap        ] GC(601) Humongous regions: 2->2
[737.139s][info][gc,metaspace   ] GC(601) Metaspace: 16662K(17088K)->16662K(17088K) NonClass: 14331K(14528K)->14331K(14528K) Class: 2331K(2560K)->2331K(2560K)
[737.139s][info][gc             ] GC(601) Pause Young (Normal) (G1 Evacuation Pause) 1235M->9M(2048M) 1.795ms
[737.139s][info][gc,cpu         ] GC(601) User=0.02s Sys=0.00s Real=0.02s
[740.811s][info][gc,start       ] GC(602) Pause Young (Normal) (G1 Evacuation Pause)
[740.811s][info][gc,task        ] GC(602) Using 6 workers of 6 for evacuation
[740.994s][info][gc,phases      ] GC(602)   Pre Evacuate Collection Set: 0.3ms
[740.994s][info][gc,phases      ] GC(602)   Merge Heap Roots: 0.2ms
[740.994s][info][gc,phases      ] GC(602)   Evacuate Collection Set: 180.8ms
[740.994s][info][gc,phases      ] GC(602)   Post Evacuate Collection Set: 1.3ms
[740.994s][info][gc,phases      ] GC(602)   Other: 0.2ms
[740.994s][info][gc,heap        ] GC(602) Eden regions: 1226->0(943)
[740.994s][info][gc,heap        ] GC(602) Survivor regions: 2->154(154)
[740.994s][info][gc,heap        ] GC(602) Old regions: 8->277
[740.994s][info][gc,heap        ] GC(602) Humongous regions: 4->4
[740.994s][info][gc,metaspace   ] GC(602) Metaspace: 16662K(17088K)->16662K(17088K) NonClass: 14331K(14528K)->14331K(14528K) Class: 2331K(2560K)->2331K(2560K)
[740.994s][info][gc             ] GC(602) Pause Young (Normal) (G1 Evacuation Pause) 1237M->432M(2048M) 182.967ms
[740.994s][info][gc,cpu         ] GC(602) User=1.05s Sys=0.00s Real=0.19s
[741.583s][info][gc,start       ] GC(603) Pause Young (Normal) (G1 Evacuation Pause)
[741.583s][info][gc,task        ] GC(603) Using 6 workers of 6 for evacuation
[741.860s][info][gc,mmu         ] GC(603) MMU target violated: 201.0ms (200.0ms/201.0ms)
[741.861s][info][gc,phases      ] GC(603)   Pre Evacuate Collection Set: 0.4ms
[741.861s][info][gc,phases      ] GC(603)   Merge Heap Roots: 1.2ms
[741.861s][info][gc,phases      ] GC(603)   Evacuate Collection Set: 274.3ms
[741.861s][info][gc,phases      ] GC(603)   Post Evacuate Collection Set: 1.2ms
[741.861s][info][gc,phases      ] GC(603)   Other: 0.2ms
[741.861s][info][gc,heap        ] GC(603) Eden regions: 943->0(553)
[741.861s][info][gc,heap        ] GC(603) Survivor regions: 154->138(138)
[741.861s][info][gc,heap        ] GC(603) Old regions: 277->690
[741.861s][info][gc,heap        ] GC(603) Humongous regions: 7->7
[741.861s][info][gc,metaspace   ] GC(603) Metaspace: 16662K(17088K)->16662K(17088K) NonClass: 14331K(14528K)->14331K(14528K) Class: 2331K(2560K)->2331K(2560K)
[741.861s][info][gc             ] GC(603) Pause Young (Normal) (G1 Evacuation Pause) 1378M->832M(2048M) 277.596ms
[741.861s][info][gc,cpu         ] GC(603) User=1.62s Sys=0.00s Real=0.28s
[742.759s][info][gc,start       ] GC(604) Pause Young (Normal) (G1 Evacuation Pause)
[742.759s][info][gc,task        ] GC(604) Using 6 workers of 6 for evacuation
[742.835s][info][gc,phases      ] GC(604)   Pre Evacuate Collection Set: 0.6ms
[742.835s][info][gc,phases      ] GC(604)   Merge Heap Roots: 1.9ms
[742.835s][info][gc,phases      ] GC(604)   Evacuate Collection Set: 72.3ms
[742.835s][info][gc,phases      ] GC(604)   Post Evacuate Collection Set: 0.9ms
[742.835s][info][gc,phases      ] GC(604)   Other: 0.1ms
[742.835s][info][gc,heap        ] GC(604) Eden regions: 438->0(702)
[742.835s][info][gc,heap        ] GC(604) Survivor regions: 138->17(72)
[742.835s][info][gc,heap        ] GC(604) Old regions: 690->812
[742.835s][info][gc,heap        ] GC(604) Humongous regions: 10->10
[742.835s][info][gc,metaspace   ] GC(604) Metaspace: 16662K(17088K)->16662K(17088K) NonClass: 14331K(14528K)->14331K(14528K) Class: 2331K(2560K)->2331K(2560K)
[742.835s][info][gc             ] GC(604) Pause Young (Normal) (G1 Evacuation Pause) 1273M->835M(2048M) 76.014ms
[742.835s][info][gc,cpu         ] GC(604) User=0.39s Sys=0.00s Real=0.08s
[743.736s][info][gc,start       ] GC(605) Pause Full (System.gc())
[743.736s][info][gc,task        ] GC(605) Using 6 workers of 6 for full compaction
[743.736s][info][gc,phases,start] GC(605) Phase 1: Mark live objects
[743.739s][info][gc,phases      ] GC(605) Phase 1: Mark live objects 2.774ms
[743.739s][info][gc,phases,start] GC(605) Phase 2: Prepare compaction
[743.740s][info][gc,phases      ] GC(605) Phase 2: Prepare compaction 1.369ms
[743.740s][info][gc,phases,start] GC(605) Phase 3: Adjust pointers
[743.743s][info][gc,phases      ] GC(605) Phase 3: Adjust pointers 2.318ms
[743.743s][info][gc,phases,start] GC(605) Phase 4: Compact heap
[743.744s][info][gc,phases      ] GC(605) Phase 4: Compact heap 1.409ms
[743.744s][info][gc,phases,start] GC(605) Phase 5: Reset Metadata
[743.745s][info][gc,phases      ] GC(605) Phase 5: Reset Metadata 0.830ms
[743.750s][info][gc,heap        ] GC(605) Eden regions: 199->0(1228)
[743.751s][info][gc,heap        ] GC(605) Survivor regions: 17->0(72)
[743.751s][info][gc,heap        ] GC(605) Old regions: 812->8
[743.751s][info][gc,heap        ] GC(605) Humongous regions: 10->2
[743.751s][info][gc,metaspace   ] GC(605) Metaspace: 16680K(17152K)->16680K(17152K) NonClass: 14349K(14592K)->14349K(14592K) Class: 2331K(2560K)->2331K(2560K)
[743.751s][info][gc             ] GC(605) Pause Full (System.gc()) 1034M->7M(2048M) 14.802ms
[743.751s][info][gc,cpu         ] GC(605) User=0.00s Sys=0.00s Real=0.02s
[745.080s][info][gc,start       ] GC(606) Pause Young (Normal) (G1 Evacuation Pause)
[745.080s][info][gc,task        ] GC(606) Using 6 workers of 6 for evacuation
[745.082s][info][gc,phases      ] GC(606)   Pre Evacuate Collection Set: 0.3ms
[745.082s][info][gc,phases      ] GC(606)   Merge Heap Roots: 0.2ms
[745.082s][info][gc,phases      ] GC(606)   Evacuate Collection Set: 0.3ms
[745.082s][info][gc,phases      ] GC(606)   Post Evacuate Collection Set: 0.6ms
[745.082s][info][gc,phases      ] GC(606)   Other: 0.1ms
[745.082s][info][gc,heap        ] GC(606) Eden regions: 1228->0(1225)
[745.082s][info][gc,heap        ] GC(606) Survivor regions: 0->3(154)
[745.082s][info][gc,heap        ] GC(606) Old regions: 8->8
[745.082s][info][gc,heap        ] GC(606) Humongous regions: 2->2
[745.082s][info][gc,metaspace   ] GC(606) Metaspace: 16685K(17152K)->16685K(17152K) NonClass: 14354K(14592K)->14354K(14592K) Class: 2331K(2560K)->2331K(2560K)
[745.082s][info][gc             ] GC(606) Pause Young (Normal) (G1 Evacuation Pause) 1235M->10M(2048M) 1.721ms
[745.082s][info][gc,cpu         ] GC(606) User=0.00s Sys=0.00s Real=0.00s
[745.267s][info][gc,start       ] GC(607) Pause Young (Normal) (G1 Evacuation Pause)
[745.267s][info][gc,task        ] GC(607) Using 6 workers of 6 for evacuation
[745.268s][info][gc,phases      ] GC(607)   Pre Evacuate Collection Set: 0.3ms
[745.269s][info][gc,phases      ] GC(607)   Merge Heap Roots: 0.2ms
[745.269s][info][gc,phases      ] GC(607)   Evacuate Collection Set: 0.3ms
[745.269s][info][gc,phases      ] GC(607)   Post Evacuate Collection Set: 0.5ms
[745.269s][info][gc,phases      ] GC(607)   Other: 0.1ms
[745.269s][info][gc,heap        ] GC(607) Eden regions: 1225->0(1226)
[745.269s][info][gc,heap        ] GC(607) Survivor regions: 3->2(154)
[745.269s][info][gc,heap        ] GC(607) Old regions: 8->8
[745.269s][info][gc,heap        ] GC(607) Humongous regions: 2->2
[745.269s][info][gc,metaspace   ] GC(607) Metaspace: 16685K(17152K)->16685K(17152K) NonClass: 14354K(14592K)->14354K(14592K) Class: 2331K(2560K)->2331K(2560K)
[745.269s][info][gc             ] GC(607) Pause Young (Normal) (G1 Evacuation Pause) 1235M->9M(2048M) 1.676ms
[745.269s][info][gc,cpu         ] GC(607) User=0.00s Sys=0.00s Real=0.00s
[748.922s][info][gc,start       ] GC(608) Pause Young (Normal) (G1 Evacuation Pause)
[748.922s][info][gc,task        ] GC(608) Using 6 workers of 6 for evacuation
[749.108s][info][gc,phases      ] GC(608)   Pre Evacuate Collection Set: 0.6ms
[749.108s][info][gc,phases      ] GC(608)   Merge Heap Roots: 0.2ms
[749.108s][info][gc,phases      ] GC(608)   Evacuate Collection Set: 183.0ms
[749.108s][info][gc,phases      ] GC(608)   Post Evacuate Collection Set: 1.4ms
[749.108s][info][gc,phases      ] GC(608)   Other: 0.2ms
[749.108s][info][gc,heap        ] GC(608) Eden regions: 1226->0(937)
[749.108s][info][gc,heap        ] GC(608) Survivor regions: 2->154(154)
[749.108s][info][gc,heap        ] GC(608) Old regions: 8->282
[749.108s][info][gc,heap        ] GC(608) Humongous regions: 4->4
[749.108s][info][gc,metaspace   ] GC(608) Metaspace: 16685K(17152K)->16685K(17152K) NonClass: 14354K(14592K)->14354K(14592K) Class: 2331K(2560K)->2331K(2560K)
[749.108s][info][gc             ] GC(608) Pause Young (Normal) (G1 Evacuation Pause) 1237M->436M(2048M) 185.641ms
[749.108s][info][gc,cpu         ] GC(608) User=1.05s Sys=0.00s Real=0.19s
[749.696s][info][gc,start       ] GC(609) Pause Young (Normal) (G1 Evacuation Pause)
[749.696s][info][gc,task        ] GC(609) Using 6 workers of 6 for evacuation
[749.970s][info][gc,mmu         ] GC(609) MMU target violated: 201.0ms (200.0ms/201.0ms)
[749.970s][info][gc,phases      ] GC(609)   Pre Evacuate Collection Set: 0.3ms
[749.970s][info][gc,phases      ] GC(609)   Merge Heap Roots: 1.3ms
[749.970s][info][gc,phases      ] GC(609)   Evacuate Collection Set: 271.0ms
[749.970s][info][gc,phases      ] GC(609)   Post Evacuate Collection Set: 1.2ms
[749.970s][info][gc,phases      ] GC(609)   Other: 0.2ms
[749.970s][info][gc,heap        ] GC(609) Eden regions: 937->0(531)
[749.970s][info][gc,heap        ] GC(609) Survivor regions: 154->137(137)
[749.970s][info][gc,heap        ] GC(609) Old regions: 282->695
[749.970s][info][gc,heap        ] GC(609) Humongous regions: 7->7
[749.970s][info][gc,metaspace   ] GC(609) Metaspace: 16685K(17152K)->16685K(17152K) NonClass: 14354K(14592K)->14354K(14592K) Class: 2331K(2560K)->2331K(2560K)
[749.970s][info][gc             ] GC(609) Pause Young (Normal) (G1 Evacuation Pause) 1376M->835M(2048M) 274.219ms
[749.970s][info][gc,cpu         ] GC(609) User=1.59s Sys=0.00s Real=0.28s
[750.837s][info][gc,start       ] GC(610) Pause Young (Normal) (G1 Evacuation Pause)
[750.838s][info][gc,task        ] GC(610) Using 6 workers of 6 for evacuation
[750.913s][info][gc,phases      ] GC(610)   Pre Evacuate Collection Set: 0.6ms
[750.913s][info][gc,phases      ] GC(610)   Merge Heap Roots: 1.9ms
[750.913s][info][gc,phases      ] GC(610)   Evacuate Collection Set: 71.5ms
[750.913s][info][gc,phases      ] GC(610)   Post Evacuate Collection Set: 0.9ms
[750.913s][info][gc,phases      ] GC(610)   Other: 0.1ms
[750.913s][info][gc,heap        ] GC(610) Eden regions: 427->0(698)
[750.913s][info][gc,heap        ] GC(610) Survivor regions: 137->17(71)
[750.913s][info][gc,heap        ] GC(610) Old regions: 695->818
[750.913s][info][gc,heap        ] GC(610) Humongous regions: 10->10
[750.913s][info][gc,metaspace   ] GC(610) Metaspace: 16685K(17152K)->16685K(17152K) NonClass: 14354K(14592K)->14354K(14592K) Class: 2331K(2560K)->2331K(2560K)
[750.913s][info][gc             ] GC(610) Pause Young (Normal) (G1 Evacuation Pause) 1265M->841M(2048M) 75.363ms
[750.913s][info][gc,cpu         ] GC(610) User=0.39s Sys=0.00s Real=0.07s
[751.827s][info][gc,start       ] GC(611) Pause Full (System.gc())
[751.828s][info][gc,task        ] GC(611) Using 6 workers of 6 for full compaction
[751.828s][info][gc,phases,start] GC(611) Phase 1: Mark live objects
[751.831s][info][gc,phases      ] GC(611) Phase 1: Mark live objects 2.786ms
[751.831s][info][gc,phases,start] GC(611) Phase 2: Prepare compaction
[751.832s][info][gc,phases      ] GC(611) Phase 2: Prepare compaction 1.218ms
[751.832s][info][gc,phases,start] GC(611) Phase 3: Adjust pointers
[751.834s][info][gc,phases      ] GC(611) Phase 3: Adjust pointers 2.409ms
[751.834s][info][gc,phases,start] GC(611) Phase 4: Compact heap
[751.836s][info][gc,phases      ] GC(611) Phase 4: Compact heap 1.217ms
[751.836s][info][gc,phases,start] GC(611) Phase 5: Reset Metadata
[751.837s][info][gc,phases      ] GC(611) Phase 5: Reset Metadata 0.962ms
[751.842s][info][gc,heap        ] GC(611) Eden regions: 204->0(1228)
[751.842s][info][gc,heap        ] GC(611) Survivor regions: 17->0(71)
[751.842s][info][gc,heap        ] GC(611) Old regions: 818->8
[751.842s][info][gc,heap        ] GC(611) Humongous regions: 10->2
[751.842s][info][gc,metaspace   ] GC(611) Metaspace: 16685K(17152K)->16685K(17152K) NonClass: 14354K(14592K)->14354K(14592K) Class: 2331K(2560K)->2331K(2560K)
[751.842s][info][gc             ] GC(611) Pause Full (System.gc()) 1045M->7M(2048M) 14.882ms
[751.842s][info][gc,cpu         ] GC(611) User=0.02s Sys=0.00s Real=0.02s
[753.205s][info][gc,start       ] GC(612) Pause Young (Normal) (G1 Evacuation Pause)
[753.205s][info][gc,task        ] GC(612) Using 6 workers of 6 for evacuation
[753.207s][info][gc,phases      ] GC(612)   Pre Evacuate Collection Set: 0.3ms
[753.207s][info][gc,phases      ] GC(612)   Merge Heap Roots: 0.1ms
[753.207s][info][gc,phases      ] GC(612)   Evacuate Collection Set: 0.3ms
[753.207s][info][gc,phases      ] GC(612)   Post Evacuate Collection Set: 0.6ms
[753.207s][info][gc,phases      ] GC(612)   Other: 0.1ms
[753.207s][info][gc,heap        ] GC(612) Eden regions: 1228->0(1225)
[753.207s][info][gc,heap        ] GC(612) Survivor regions: 0->3(154)
[753.207s][info][gc,heap        ] GC(612) Old regions: 8->8
[753.207s][info][gc,heap        ] GC(612) Humongous regions: 2->2
[753.207s][info][gc,metaspace   ] GC(612) Metaspace: 16685K(17152K)->16685K(17152K) NonClass: 14354K(14592K)->14354K(14592K) Class: 2331K(2560K)->2331K(2560K)
[753.207s][info][gc             ] GC(612) Pause Young (Normal) (G1 Evacuation Pause) 1235M->10M(2048M) 1.663ms
[753.207s][info][gc,cpu         ] GC(612) User=0.00s Sys=0.00s Real=0.00s
[753.395s][info][gc,start       ] GC(613) Pause Young (Normal) (G1 Evacuation Pause)
[753.395s][info][gc,task        ] GC(613) Using 6 workers of 6 for evacuation
[753.396s][info][gc,phases      ] GC(613)   Pre Evacuate Collection Set: 0.3ms
[753.396s][info][gc,phases      ] GC(613)   Merge Heap Roots: 0.2ms
[753.396s][info][gc,phases      ] GC(613)   Evacuate Collection Set: 0.3ms
[753.396s][info][gc,phases      ] GC(613)   Post Evacuate Collection Set: 0.5ms
[753.396s][info][gc,phases      ] GC(613)   Other: 0.1ms
[753.396s][info][gc,heap        ] GC(613) Eden regions: 1225->0(1226)
[753.396s][info][gc,heap        ] GC(613) Survivor regions: 3->2(154)
[753.396s][info][gc,heap        ] GC(613) Old regions: 8->8
[753.396s][info][gc,heap        ] GC(613) Humongous regions: 2->2
[753.396s][info][gc,metaspace   ] GC(613) Metaspace: 16685K(17152K)->16685K(17152K) NonClass: 14354K(14592K)->14354K(14592K) Class: 2331K(2560K)->2331K(2560K)
[753.396s][info][gc             ] GC(613) Pause Young (Normal) (G1 Evacuation Pause) 1235M->9M(2048M) 1.665ms
[753.396s][info][gc,cpu         ] GC(613) User=0.00s Sys=0.00s Real=0.00s
[756.593s][info][gc,start       ] GC(614) Pause Young (Normal) (G1 Evacuation Pause)
[756.593s][info][gc,task        ] GC(614) Using 6 workers of 6 for evacuation
[756.777s][info][gc,phases      ] GC(614)   Pre Evacuate Collection Set: 0.3ms
[756.777s][info][gc,phases      ] GC(614)   Merge Heap Roots: 0.2ms
[756.777s][info][gc,phases      ] GC(614)   Evacuate Collection Set: 182.1ms
[756.777s][info][gc,phases      ] GC(614)   Post Evacuate Collection Set: 1.3ms
[756.777s][info][gc,phases      ] GC(614)   Other: 0.1ms
[756.777s][info][gc,heap        ] GC(614) Eden regions: 1226->0(939)
[756.777s][info][gc,heap        ] GC(614) Survivor regions: 2->154(154)
[756.777s][info][gc,heap        ] GC(614) Old regions: 8->280
[756.777s][info][gc,heap        ] GC(614) Humongous regions: 4->4
[756.777s][info][gc,metaspace   ] GC(614) Metaspace: 16685K(17152K)->16685K(17152K) NonClass: 14354K(14592K)->14354K(14592K) Class: 2331K(2560K)->2331K(2560K)
[756.777s][info][gc             ] GC(614) Pause Young (Normal) (G1 Evacuation Pause) 1237M->435M(2048M) 184.261ms
[756.777s][info][gc,cpu         ] GC(614) User=0.98s Sys=0.02s Real=0.19s
[757.361s][info][gc,start       ] GC(615) Pause Young (Normal) (G1 Evacuation Pause)
[757.361s][info][gc,task        ] GC(615) Using 6 workers of 6 for evacuation
[757.638s][info][gc,mmu         ] GC(615) MMU target violated: 201.0ms (200.0ms/201.0ms)
[757.638s][info][gc,phases      ] GC(615)   Pre Evacuate Collection Set: 0.4ms
[757.638s][info][gc,phases      ] GC(615)   Merge Heap Roots: 1.2ms
[757.638s][info][gc,phases      ] GC(615)   Evacuate Collection Set: 273.9ms
[757.638s][info][gc,phases      ] GC(615)   Post Evacuate Collection Set: 1.5ms
[757.639s][info][gc,phases      ] GC(615)   Other: 0.3ms
[757.639s][info][gc,heap        ] GC(615) Eden regions: 939->0(517)
[757.639s][info][gc,heap        ] GC(615) Survivor regions: 154->137(137)
[757.639s][info][gc,heap        ] GC(615) Old regions: 280->694
[757.639s][info][gc,heap        ] GC(615) Humongous regions: 7->7
[757.639s][info][gc,metaspace   ] GC(615) Metaspace: 16685K(17152K)->16685K(17152K) NonClass: 14354K(14592K)->14354K(14592K) Class: 2331K(2560K)->2331K(2560K)
[757.639s][info][gc             ] GC(615) Pause Young (Normal) (G1 Evacuation Pause) 1377M->834M(2048M) 277.446ms
[757.639s][info][gc,cpu         ] GC(615) User=1.59s Sys=0.00s Real=0.27s
[758.485s][info][gc,start       ] GC(616) Pause Young (Normal) (G1 Evacuation Pause)
[758.485s][info][gc,task        ] GC(616) Using 6 workers of 6 for evacuation
[758.562s][info][gc,phases      ] GC(616)   Pre Evacuate Collection Set: 0.5ms
[758.562s][info][gc,phases      ] GC(616)   Merge Heap Roots: 1.8ms
[758.562s][info][gc,phases      ] GC(616)   Evacuate Collection Set: 73.3ms
[758.562s][info][gc,phases      ] GC(616)   Post Evacuate Collection Set: 1.4ms
[758.562s][info][gc,phases      ] GC(616)   Other: 0.1ms
[758.562s][info][gc,heap        ] GC(616) Eden regions: 406->0(698)
[758.562s][info][gc,heap        ] GC(616) Survivor regions: 137->19(68)
[758.562s][info][gc,heap        ] GC(616) Old regions: 694->815
[758.562s][info][gc,heap        ] GC(616) Humongous regions: 10->10
[758.562s][info][gc,metaspace   ] GC(616) Metaspace: 16685K(17152K)->16685K(17152K) NonClass: 14354K(14592K)->14354K(14592K) Class: 2331K(2560K)->2331K(2560K)
[758.562s][info][gc             ] GC(616) Pause Young (Normal) (G1 Evacuation Pause) 1243M->840M(2048M) 77.280ms
[758.562s][info][gc,cpu         ] GC(616) User=0.47s Sys=0.00s Real=0.08s
[759.522s][info][gc,start       ] GC(617) Pause Full (System.gc())
[759.523s][info][gc,task        ] GC(617) Using 6 workers of 6 for full compaction
[759.523s][info][gc,phases,start] GC(617) Phase 1: Mark live objects
[759.526s][info][gc,phases      ] GC(617) Phase 1: Mark live objects 3.435ms
[759.526s][info][gc,phases,start] GC(617) Phase 2: Prepare compaction
[759.528s][info][gc,phases      ] GC(617) Phase 2: Prepare compaction 1.265ms
[759.528s][info][gc,phases,start] GC(617) Phase 3: Adjust pointers
[759.530s][info][gc,phases      ] GC(617) Phase 3: Adjust pointers 2.595ms
[759.530s][info][gc,phases,start] GC(617) Phase 4: Compact heap
[759.532s][info][gc,phases      ] GC(617) Phase 4: Compact heap 1.283ms
[759.532s][info][gc,phases,start] GC(617) Phase 5: Reset Metadata
[759.533s][info][gc,phases      ] GC(617) Phase 5: Reset Metadata 0.864ms
[759.538s][info][gc,heap        ] GC(617) Eden regions: 226->0(1224)
[759.538s][info][gc,heap        ] GC(617) Survivor regions: 19->0(68)
[759.538s][info][gc,heap        ] GC(617) Old regions: 815->8
[759.538s][info][gc,heap        ] GC(617) Humongous regions: 10->2
[759.538s][info][gc,metaspace   ] GC(617) Metaspace: 16685K(17152K)->16685K(17152K) NonClass: 14354K(14592K)->14354K(14592K) Class: 2331K(2560K)->2331K(2560K)
[759.538s][info][gc             ] GC(617) Pause Full (System.gc()) 1066M->7M(2048M) 15.931ms
[759.538s][info][gc,cpu         ] GC(617) User=0.00s Sys=0.00s Real=0.02s
[760.912s][info][gc,start       ] GC(618) Pause Young (Normal) (G1 Evacuation Pause)
[760.912s][info][gc,task        ] GC(618) Using 6 workers of 6 for evacuation
[760.914s][info][gc,phases      ] GC(618)   Pre Evacuate Collection Set: 0.3ms
[760.914s][info][gc,phases      ] GC(618)   Merge Heap Roots: 0.1ms
[760.914s][info][gc,phases      ] GC(618)   Evacuate Collection Set: 0.3ms
[760.914s][info][gc,phases      ] GC(618)   Post Evacuate Collection Set: 0.6ms
[760.914s][info][gc,phases      ] GC(618)   Other: 0.1ms
[760.914s][info][gc,heap        ] GC(618) Eden regions: 1228->0(1225)
[760.914s][info][gc,heap        ] GC(618) Survivor regions: 0->3(154)
[760.914s][info][gc,heap        ] GC(618) Old regions: 8->8
[760.914s][info][gc,heap        ] GC(618) Humongous regions: 2->2
[760.914s][info][gc,metaspace   ] GC(618) Metaspace: 16685K(17152K)->16685K(17152K) NonClass: 14354K(14592K)->14354K(14592K) Class: 2331K(2560K)->2331K(2560K)
[760.914s][info][gc             ] GC(618) Pause Young (Normal) (G1 Evacuation Pause) 1235M->10M(2048M) 1.664ms
[760.914s][info][gc,cpu         ] GC(618) User=0.00s Sys=0.00s Real=0.00s
[761.100s][info][gc,start       ] GC(619) Pause Young (Normal) (G1 Evacuation Pause)
[761.100s][info][gc,task        ] GC(619) Using 6 workers of 6 for evacuation
[761.102s][info][gc,phases      ] GC(619)   Pre Evacuate Collection Set: 0.3ms
[761.102s][info][gc,phases      ] GC(619)   Merge Heap Roots: 0.2ms
[761.102s][info][gc,phases      ] GC(619)   Evacuate Collection Set: 0.3ms
[761.102s][info][gc,phases      ] GC(619)   Post Evacuate Collection Set: 0.6ms
[761.102s][info][gc,phases      ] GC(619)   Other: 0.1ms
[761.102s][info][gc,heap        ] GC(619) Eden regions: 1225->0(1226)
[761.102s][info][gc,heap        ] GC(619) Survivor regions: 3->2(154)
[761.102s][info][gc,heap        ] GC(619) Old regions: 8->8
[761.102s][info][gc,heap        ] GC(619) Humongous regions: 2->2
[761.102s][info][gc,metaspace   ] GC(619) Metaspace: 16685K(17152K)->16685K(17152K) NonClass: 14354K(14592K)->14354K(14592K) Class: 2331K(2560K)->2331K(2560K)
[761.102s][info][gc             ] GC(619) Pause Young (Normal) (G1 Evacuation Pause) 1235M->9M(2048M) 1.763ms
[761.102s][info][gc,cpu         ] GC(619) User=0.00s Sys=0.00s Real=0.00s
[763.867s][info][gc,start       ] GC(620) Pause Young (Normal) (G1 Evacuation Pause)
[763.867s][info][gc,task        ] GC(620) Using 6 workers of 6 for evacuation
[764.052s][info][gc,phases      ] GC(620)   Pre Evacuate Collection Set: 0.4ms
[764.052s][info][gc,phases      ] GC(620)   Merge Heap Roots: 0.3ms
[764.052s][info][gc,phases      ] GC(620)   Evacuate Collection Set: 183.0ms
[764.052s][info][gc,phases      ] GC(620)   Post Evacuate Collection Set: 1.3ms
[764.052s][info][gc,phases      ] GC(620)   Other: 0.2ms
[764.052s][info][gc,heap        ] GC(620) Eden regions: 1226->0(939)
[764.052s][info][gc,heap        ] GC(620) Survivor regions: 2->154(154)
[764.052s][info][gc,heap        ] GC(620) Old regions: 8->280
[764.052s][info][gc,heap        ] GC(620) Humongous regions: 4->4
[764.052s][info][gc,metaspace   ] GC(620) Metaspace: 16685K(17152K)->16685K(17152K) NonClass: 14354K(14592K)->14354K(14592K) Class: 2331K(2560K)->2331K(2560K)
[764.052s][info][gc             ] GC(620) Pause Young (Normal) (G1 Evacuation Pause) 1237M->435M(2048M) 185.433ms
[764.052s][info][gc,cpu         ] GC(620) User=1.02s Sys=0.00s Real=0.19s
[764.638s][info][gc,start       ] GC(621) Pause Young (Normal) (G1 Evacuation Pause)
[764.638s][info][gc,task        ] GC(621) Using 6 workers of 6 for evacuation
[764.912s][info][gc,mmu         ] GC(621) MMU target violated: 201.0ms (200.0ms/201.0ms)
[764.912s][info][gc,phases      ] GC(621)   Pre Evacuate Collection Set: 0.4ms
[764.912s][info][gc,phases      ] GC(621)   Merge Heap Roots: 1.4ms
[764.912s][info][gc,phases      ] GC(621)   Evacuate Collection Set: 270.0ms
[764.912s][info][gc,phases      ] GC(621)   Post Evacuate Collection Set: 1.3ms
[764.912s][info][gc,phases      ] GC(621)   Other: 0.2ms
[764.912s][info][gc,heap        ] GC(621) Eden regions: 939->0(518)
[764.912s][info][gc,heap        ] GC(621) Survivor regions: 154->137(137)
[764.912s][info][gc,heap        ] GC(621) Old regions: 280->694
[764.912s][info][gc,heap        ] GC(621) Humongous regions: 7->7
[764.912s][info][gc,metaspace   ] GC(621) Metaspace: 16685K(17152K)->16685K(17152K) NonClass: 14354K(14592K)->14354K(14592K) Class: 2331K(2560K)->2331K(2560K)
[764.912s][info][gc             ] GC(621) Pause Young (Normal) (G1 Evacuation Pause) 1377M->834M(2048M) 273.503ms
[764.912s][info][gc,cpu         ] GC(621) User=1.59s Sys=0.00s Real=0.27s
[765.734s][info][gc,start       ] GC(622) Pause Young (Normal) (G1 Evacuation Pause)
[765.734s][info][gc,task        ] GC(622) Using 6 workers of 6 for evacuation
[765.813s][info][gc,phases      ] GC(622)   Pre Evacuate Collection Set: 0.4ms
[765.813s][info][gc,phases      ] GC(622)   Merge Heap Roots: 2.1ms
[765.813s][info][gc,phases      ] GC(622)   Evacuate Collection Set: 75.0ms
[765.813s][info][gc,phases      ] GC(622)   Post Evacuate Collection Set: 1.1ms
[765.813s][info][gc,phases      ] GC(622)   Other: 0.1ms
[765.813s][info][gc,heap        ] GC(622) Eden regions: 403->0(696)
[765.813s][info][gc,heap        ] GC(622) Survivor regions: 137->19(68)
[765.813s][info][gc,heap        ] GC(622) Old regions: 694->818
[765.813s][info][gc,heap        ] GC(622) Humongous regions: 10->10
[765.813s][info][gc,metaspace   ] GC(622) Metaspace: 16685K(17152K)->16685K(17152K) NonClass: 14354K(14592K)->14354K(14592K) Class: 2331K(2560K)->2331K(2560K)
[765.813s][info][gc             ] GC(622) Pause Young (Normal) (G1 Evacuation Pause) 1240M->843M(2048M) 78.860ms
[765.813s][info][gc,cpu         ] GC(622) User=0.39s Sys=0.00s Real=0.08s
[766.783s][info][gc,start       ] GC(623) Pause Full (System.gc())
[766.783s][info][gc,task        ] GC(623) Using 6 workers of 6 for full compaction
[766.784s][info][gc,phases,start] GC(623) Phase 1: Mark live objects
[766.786s][info][gc,phases      ] GC(623) Phase 1: Mark live objects 2.560ms
[766.786s][info][gc,phases,start] GC(623) Phase 2: Prepare compaction
[766.788s][info][gc,phases      ] GC(623) Phase 2: Prepare compaction 1.364ms
[766.788s][info][gc,phases,start] GC(623) Phase 3: Adjust pointers
[766.790s][info][gc,phases      ] GC(623) Phase 3: Adjust pointers 2.266ms
[766.790s][info][gc,phases,start] GC(623) Phase 4: Compact heap
[766.791s][info][gc,phases      ] GC(623) Phase 4: Compact heap 1.195ms
[766.791s][info][gc,phases,start] GC(623) Phase 5: Reset Metadata
[766.792s][info][gc,phases      ] GC(623) Phase 5: Reset Metadata 0.796ms
[766.798s][info][gc,heap        ] GC(623) Eden regions: 230->0(1225)
[766.798s][info][gc,heap        ] GC(623) Survivor regions: 19->0(68)
[766.798s][info][gc,heap        ] GC(623) Old regions: 818->8
[766.798s][info][gc,heap        ] GC(623) Humongous regions: 10->2
[766.798s][info][gc,metaspace   ] GC(623) Metaspace: 16685K(17152K)->16685K(17152K) NonClass: 14354K(14592K)->14354K(14592K) Class: 2331K(2560K)->2331K(2560K)
[766.798s][info][gc             ] GC(623) Pause Full (System.gc()) 1073M->7M(2048M) 14.877ms
[766.798s][info][gc,cpu         ] GC(623) User=0.02s Sys=0.00s Real=0.01s
[768.135s][info][gc,start       ] GC(624) Pause Young (Normal) (G1 Evacuation Pause)
[768.135s][info][gc,task        ] GC(624) Using 6 workers of 6 for evacuation
[768.137s][info][gc,phases      ] GC(624)   Pre Evacuate Collection Set: 0.3ms
[768.137s][info][gc,phases      ] GC(624)   Merge Heap Roots: 0.2ms
[768.137s][info][gc,phases      ] GC(624)   Evacuate Collection Set: 0.5ms
[768.137s][info][gc,phases      ] GC(624)   Post Evacuate Collection Set: 0.6ms
[768.137s][info][gc,phases      ] GC(624)   Other: 0.1ms
[768.137s][info][gc,heap        ] GC(624) Eden regions: 1228->0(1225)
[768.137s][info][gc,heap        ] GC(624) Survivor regions: 0->3(154)
[768.137s][info][gc,heap        ] GC(624) Old regions: 8->8
[768.137s][info][gc,heap        ] GC(624) Humongous regions: 2->2
[768.137s][info][gc,metaspace   ] GC(624) Metaspace: 16686K(17152K)->16686K(17152K) NonClass: 14355K(14592K)->14355K(14592K) Class: 2331K(2560K)->2331K(2560K)
[768.137s][info][gc             ] GC(624) Pause Young (Normal) (G1 Evacuation Pause) 1235M->9M(2048M) 1.857ms
[768.137s][info][gc,cpu         ] GC(624) User=0.00s Sys=0.00s Real=0.00s
[768.323s][info][gc,start       ] GC(625) Pause Young (Normal) (G1 Evacuation Pause)
[768.324s][info][gc,task        ] GC(625) Using 6 workers of 6 for evacuation
[768.325s][info][gc,phases      ] GC(625)   Pre Evacuate Collection Set: 0.3ms
[768.325s][info][gc,phases      ] GC(625)   Merge Heap Roots: 0.2ms
[768.325s][info][gc,phases      ] GC(625)   Evacuate Collection Set: 0.3ms
[768.325s][info][gc,phases      ] GC(625)   Post Evacuate Collection Set: 0.6ms
[768.325s][info][gc,phases      ] GC(625)   Other: 0.1ms
[768.325s][info][gc,heap        ] GC(625) Eden regions: 1225->0(1226)
[768.325s][info][gc,heap        ] GC(625) Survivor regions: 3->2(154)
[768.325s][info][gc,heap        ] GC(625) Old regions: 8->8
[768.325s][info][gc,heap        ] GC(625) Humongous regions: 2->2
[768.325s][info][gc,metaspace   ] GC(625) Metaspace: 16686K(17152K)->16686K(17152K) NonClass: 14355K(14592K)->14355K(14592K) Class: 2331K(2560K)->2331K(2560K)
[768.325s][info][gc             ] GC(625) Pause Young (Normal) (G1 Evacuation Pause) 1234M->9M(2048M) 1.756ms
[768.325s][info][gc,cpu         ] GC(625) User=0.00s Sys=0.00s Real=0.00s
[772.227s][info][gc,start       ] GC(626) Pause Young (Normal) (G1 Evacuation Pause)
[772.227s][info][gc,task        ] GC(626) Using 6 workers of 6 for evacuation
[772.412s][info][gc,phases      ] GC(626)   Pre Evacuate Collection Set: 0.4ms
[772.412s][info][gc,phases      ] GC(626)   Merge Heap Roots: 0.3ms
[772.412s][info][gc,phases      ] GC(626)   Evacuate Collection Set: 182.6ms
[772.412s][info][gc,phases      ] GC(626)   Post Evacuate Collection Set: 1.4ms
[772.412s][info][gc,phases      ] GC(626)   Other: 0.2ms
[772.412s][info][gc,heap        ] GC(626) Eden regions: 1226->0(936)
[772.412s][info][gc,heap        ] GC(626) Survivor regions: 2->154(154)
[772.412s][info][gc,heap        ] GC(626) Old regions: 8->282
[772.412s][info][gc,heap        ] GC(626) Humongous regions: 4->4
[772.412s][info][gc,metaspace   ] GC(626) Metaspace: 16686K(17152K)->16686K(17152K) NonClass: 14355K(14592K)->14355K(14592K) Class: 2331K(2560K)->2331K(2560K)
[772.412s][info][gc             ] GC(626) Pause Young (Normal) (G1 Evacuation Pause) 1237M->436M(2048M) 185.042ms
[772.412s][info][gc,cpu         ] GC(626) User=1.05s Sys=0.00s Real=0.19s
[772.999s][info][gc,start       ] GC(627) Pause Young (Normal) (G1 Evacuation Pause)
[772.999s][info][gc,task        ] GC(627) Using 6 workers of 6 for evacuation
[773.273s][info][gc,mmu         ] GC(627) MMU target violated: 201.0ms (200.0ms/201.0ms)
[773.273s][info][gc,phases      ] GC(627)   Pre Evacuate Collection Set: 0.4ms
[773.273s][info][gc,phases      ] GC(627)   Merge Heap Roots: 1.4ms
[773.273s][info][gc,phases      ] GC(627)   Evacuate Collection Set: 270.6ms
[773.273s][info][gc,phases      ] GC(627)   Post Evacuate Collection Set: 1.6ms
[773.273s][info][gc,phases      ] GC(627)   Other: 0.2ms
[773.273s][info][gc,heap        ] GC(627) Eden regions: 936->0(534)
[773.273s][info][gc,heap        ] GC(627) Survivor regions: 154->137(137)
[773.273s][info][gc,heap        ] GC(627) Old regions: 282->694
[773.273s][info][gc,heap        ] GC(627) Humongous regions: 7->7
[773.273s][info][gc,metaspace   ] GC(627) Metaspace: 16686K(17152K)->16686K(17152K) NonClass: 14355K(14592K)->14355K(14592K) Class: 2331K(2560K)->2331K(2560K)
[773.273s][info][gc             ] GC(627) Pause Young (Normal) (G1 Evacuation Pause) 1375M->835M(2048M) 274.359ms
[773.273s][info][gc,cpu         ] GC(627) User=1.59s Sys=0.00s Real=0.28s
[774.101s][info][gc,start       ] GC(628) Pause Young (Normal) (G1 Evacuation Pause)
[774.101s][info][gc,task        ] GC(628) Using 6 workers of 6 for evacuation
[774.187s][info][gc,phases      ] GC(628)   Pre Evacuate Collection Set: 0.4ms
[774.187s][info][gc,phases      ] GC(628)   Merge Heap Roots: 1.9ms
[774.188s][info][gc,phases      ] GC(628)   Evacuate Collection Set: 83.1ms
[774.188s][info][gc,phases      ] GC(628)   Post Evacuate Collection Set: 1.1ms
[774.188s][info][gc,phases      ] GC(628)   Other: 0.1ms
[774.188s][info][gc,heap        ] GC(628) Eden regions: 390->0(694)
[774.188s][info][gc,heap        ] GC(628) Survivor regions: 137->20(66)
[774.188s][info][gc,heap        ] GC(628) Old regions: 694->819
[774.188s][info][gc,heap        ] GC(628) Humongous regions: 10->10
[774.188s][info][gc,metaspace   ] GC(628) Metaspace: 16686K(17152K)->16686K(17152K) NonClass: 14355K(14592K)->14355K(14592K) Class: 2331K(2560K)->2331K(2560K)
[774.188s][info][gc             ] GC(628) Pause Young (Normal) (G1 Evacuation Pause) 1228M->846M(2048M) 86.835ms
[774.188s][info][gc,cpu         ] GC(628) User=0.56s Sys=0.00s Real=0.09s
[775.172s][info][gc,heap,exit   ] Heap
[775.172s][info][gc,heap,exit   ]  garbage-first heap   total 2097152K, used 1116856K [0x0000000080000000, 0x0000000100000000)
[775.172s][info][gc,heap,exit   ]   region size 1024K, 265 young (271360K), 20 survivors (20480K)
[775.172s][info][gc,heap,exit   ]  Metaspace       used 16782K, committed 17216K, reserved 1114112K
[775.172s][info][gc,heap,exit   ]   class space    used 2347K, committed 2560K, reserved 1048576K
