[0.007s][info][gc,init] CardTable entry size: 512
[0.007s][info][gc     ] Using G1
[0.012s][info][gc,init] Version: 21.0.4+7-adhoc.Administrator.jdk21u (release)
[0.012s][info][gc,init] CPUs: 6 total, 6 available
[0.012s][info][gc,init] Memory: 15591M
[0.013s][info][gc,init] Large Page Support: Disabled
[0.013s][info][gc,init] NUMA Support: Disabled
[0.013s][info][gc,init] Compressed Oops: Enabled (32-bit)
[0.013s][info][gc,init] Heap Region Size: 1M
[0.013s][info][gc,init] Heap Min Capacity: 1G
[0.013s][info][gc,init] Heap Initial Capacity: 1G
[0.013s][info][gc,init] Heap Max Capacity: 1G
[0.013s][info][gc,init] Pre-touch: Disabled
[0.013s][info][gc,init] Parallel Workers: 6
[0.013s][info][gc,init] Concurrent Workers: 2
[0.013s][info][gc,init] Concurrent Refinement Workers: 6
[0.013s][info][gc,init] Periodic GC: Disabled
[0.022s][info][gc,metaspace] CDS archive(s) mapped at: [0x000001dc34000000-0x000001dc34c90000-0x000001dc34c90000), size 13172736, SharedBaseAddress: 0x000001dc34000000, ArchiveRelocationMode: 1.
[0.022s][info][gc,metaspace] Compressed class space mapped at: 0x000001dc35000000-0x000001dc75000000, reserved size: 1073741824
[0.022s][info][gc,metaspace] Narrow klass base: 0x000001dc34000000, Narrow klass shift: 0, Narrow klass range: 0x100000000
[1.063s][info][gc,start    ] GC(0) Pause Full (System.gc())
[1.064s][info][gc,task     ] GC(0) Using 6 workers of 6 for full compaction
[1.064s][info][gc,phases,start] GC(0) Phase 1: Mark live objects
[1.068s][info][gc,phases      ] GC(0) Phase 1: Mark live objects 3.608ms
[1.068s][info][gc,phases,start] GC(0) Phase 2: Prepare compaction
[1.068s][info][gc,phases      ] GC(0) Phase 2: Prepare compaction 0.887ms
[1.069s][info][gc,phases,start] GC(0) Phase 3: Adjust pointers
[1.070s][info][gc,phases      ] GC(0) Phase 3: Adjust pointers 1.477ms
[1.070s][info][gc,phases,start] GC(0) Phase 4: Compact heap
[1.072s][info][gc,phases      ] GC(0) Phase 4: Compact heap 1.653ms
[1.072s][info][gc,phases,start] GC(0) Phase 5: Reset Metadata
[1.072s][info][gc,phases      ] GC(0) Phase 5: Reset Metadata 0.425ms
[1.077s][info][gc,heap        ] GC(0) Eden regions: 39->0(51)
[1.077s][info][gc,heap        ] GC(0) Survivor regions: 0->0(0)
[1.077s][info][gc,heap        ] GC(0) Old regions: 0->7
[1.077s][info][gc,heap        ] GC(0) Humongous regions: 0->0
[1.077s][info][gc,metaspace   ] GC(0) Metaspace: 14548K(14784K)->14548K(14784K) NonClass: 12480K(12608K)->12480K(12608K) Class: 2067K(2176K)->2067K(2176K)
[1.077s][info][gc             ] GC(0) Pause Full (System.gc()) 38M->4M(1024M) 13.146ms
[1.077s][info][gc,cpu         ] GC(0) User=0.02s Sys=0.00s Real=0.02s
[2.429s][info][gc,start       ] GC(1) Pause Young (Normal) (G1 Evacuation Pause)
[2.430s][info][gc,task        ] GC(1) Using 6 workers of 6 for evacuation
[2.493s][info][gc,phases      ] GC(1)   Pre Evacuate Collection Set: 0.4ms
[2.493s][info][gc,phases      ] GC(1)   Merge Heap Roots: 0.1ms
[2.493s][info][gc,phases      ] GC(1)   Evacuate Collection Set: 61.5ms
[2.493s][info][gc,phases      ] GC(1)   Post Evacuate Collection Set: 0.8ms
[2.493s][info][gc,phases      ] GC(1)   Other: 0.1ms
[2.493s][info][gc,heap        ] GC(1) Eden regions: 51->0(44)
[2.493s][info][gc,heap        ] GC(1) Survivor regions: 0->7(7)
[2.493s][info][gc,heap        ] GC(1) Old regions: 7->27
[2.493s][info][gc,heap        ] GC(1) Humongous regions: 0->0
[2.493s][info][gc,metaspace   ] GC(1) Metaspace: 16031K(16384K)->16031K(16384K) NonClass: 13765K(13952K)->13765K(13952K) Class: 2266K(2432K)->2266K(2432K)
[2.493s][info][gc             ] GC(1) Pause Young (Normal) (G1 Evacuation Pause) 55M->31M(1024M) 63.262ms
[2.493s][info][gc,cpu         ] GC(1) User=0.30s Sys=0.00s Real=0.06s
[2.884s][info][gc,start       ] GC(2) Pause Young (Normal) (G1 Evacuation Pause)
[2.884s][info][gc,task        ] GC(2) Using 6 workers of 6 for evacuation
[2.900s][info][gc,phases      ] GC(2)   Pre Evacuate Collection Set: 0.1ms
[2.900s][info][gc,phases      ] GC(2)   Merge Heap Roots: 0.7ms
[2.900s][info][gc,phases      ] GC(2)   Evacuate Collection Set: 14.8ms
[2.900s][info][gc,phases      ] GC(2)   Post Evacuate Collection Set: 0.3ms
[2.900s][info][gc,phases      ] GC(2)   Other: 0.1ms
[2.900s][info][gc,heap        ] GC(2) Eden regions: 44->0(44)
[2.900s][info][gc,heap        ] GC(2) Survivor regions: 7->7(7)
[2.900s][info][gc,heap        ] GC(2) Old regions: 27->37
[2.900s][info][gc,heap        ] GC(2) Humongous regions: 0->0
[2.900s][info][gc,metaspace   ] GC(2) Metaspace: 16079K(16384K)->16079K(16384K) NonClass: 13804K(13952K)->13804K(13952K) Class: 2274K(2432K)->2274K(2432K)
[2.900s][info][gc             ] GC(2) Pause Young (Normal) (G1 Evacuation Pause) 75M->41M(1024M) 16.311ms
[2.900s][info][gc,cpu         ] GC(2) User=0.02s Sys=0.00s Real=0.01s
[2.970s][info][gc,start       ] GC(3) Pause Young (Normal) (G1 Evacuation Pause)
[2.970s][info][gc,task        ] GC(3) Using 6 workers of 6 for evacuation
[2.977s][info][gc,phases      ] GC(3)   Pre Evacuate Collection Set: 0.2ms
[2.977s][info][gc,phases      ] GC(3)   Merge Heap Roots: 0.1ms
[2.977s][info][gc,phases      ] GC(3)   Evacuate Collection Set: 5.9ms
[2.977s][info][gc,phases      ] GC(3)   Post Evacuate Collection Set: 0.2ms
[2.977s][info][gc,phases      ] GC(3)   Other: 0.1ms
[2.977s][info][gc,heap        ] GC(3) Eden regions: 44->0(50)
[2.977s][info][gc,heap        ] GC(3) Survivor regions: 7->1(7)
[2.977s][info][gc,heap        ] GC(3) Old regions: 37->45
[2.977s][info][gc,heap        ] GC(3) Humongous regions: 0->0
[2.977s][info][gc,metaspace   ] GC(3) Metaspace: 16080K(16384K)->16080K(16384K) NonClass: 13805K(13952K)->13805K(13952K) Class: 2274K(2432K)->2274K(2432K)
[2.977s][info][gc             ] GC(3) Pause Young (Normal) (G1 Evacuation Pause) 85M->43M(1024M) 6.731ms
[2.977s][info][gc,cpu         ] GC(3) User=0.00s Sys=0.00s Real=0.01s
[3.059s][info][gc,start       ] GC(4) Pause Young (Normal) (G1 Evacuation Pause)
[3.059s][info][gc,task        ] GC(4) Using 6 workers of 6 for evacuation
[3.059s][info][gc,phases      ] GC(4)   Pre Evacuate Collection Set: 0.1ms
[3.059s][info][gc,phases      ] GC(4)   Merge Heap Roots: 0.0ms
[3.059s][info][gc,phases      ] GC(4)   Evacuate Collection Set: 0.3ms
[3.059s][info][gc,phases      ] GC(4)   Post Evacuate Collection Set: 0.2ms
[3.059s][info][gc,phases      ] GC(4)   Other: 0.1ms
[3.059s][info][gc,heap        ] GC(4) Eden regions: 60->0(50)
[3.059s][info][gc,heap        ] GC(4) Survivor regions: 1->1(8)
[3.059s][info][gc,heap        ] GC(4) Old regions: 45->45
[3.059s][info][gc,heap        ] GC(4) Humongous regions: 0->0
[3.059s][info][gc,metaspace   ] GC(4) Metaspace: 16081K(16384K)->16081K(16384K) NonClass: 13806K(13952K)->13806K(13952K) Class: 2274K(2432K)->2274K(2432K)
[3.059s][info][gc             ] GC(4) Pause Young (Normal) (G1 Evacuation Pause) 103M->42M(1024M) 0.905ms
[3.059s][info][gc,cpu         ] GC(4) User=0.00s Sys=0.00s Real=0.00s
[3.369s][info][gc,start       ] GC(5) Pause Young (Normal) (G1 Evacuation Pause)
[3.369s][info][gc,task        ] GC(5) Using 6 workers of 6 for evacuation
[3.371s][info][gc,phases      ] GC(5)   Pre Evacuate Collection Set: 0.2ms
[3.371s][info][gc,phases      ] GC(5)   Merge Heap Roots: 0.1ms
[3.371s][info][gc,phases      ] GC(5)   Evacuate Collection Set: 0.4ms
[3.371s][info][gc,phases      ] GC(5)   Post Evacuate Collection Set: 0.4ms
[3.371s][info][gc,phases      ] GC(5)   Other: 0.3ms
[3.371s][info][gc,heap        ] GC(5) Eden regions: 613->0(50)
[3.371s][info][gc,heap        ] GC(5) Survivor regions: 1->1(77)
[3.371s][info][gc,heap        ] GC(5) Old regions: 45->45
[3.371s][info][gc,heap        ] GC(5) Humongous regions: 0->0
[3.371s][info][gc,metaspace   ] GC(5) Metaspace: 16082K(16384K)->16082K(16384K) NonClass: 13807K(13952K)->13807K(13952K) Class: 2274K(2432K)->2274K(2432K)
[3.371s][info][gc             ] GC(5) Pause Young (Normal) (G1 Evacuation Pause) 655M->42M(1024M) 1.573ms
[3.371s][info][gc,cpu         ] GC(5) User=0.00s Sys=0.00s Real=0.00s
[3.472s][info][gc,start       ] GC(6) Pause Young (Normal) (G1 Evacuation Pause)
[3.472s][info][gc,task        ] GC(6) Using 6 workers of 6 for evacuation
[3.473s][info][gc,phases      ] GC(6)   Pre Evacuate Collection Set: 0.2ms
[3.473s][info][gc,phases      ] GC(6)   Merge Heap Roots: 0.1ms
[3.473s][info][gc,phases      ] GC(6)   Evacuate Collection Set: 0.4ms
[3.473s][info][gc,phases      ] GC(6)   Post Evacuate Collection Set: 0.4ms
[3.473s][info][gc,phases      ] GC(6)   Other: 0.1ms
[3.473s][info][gc,heap        ] GC(6) Eden regions: 613->0(50)
[3.473s][info][gc,heap        ] GC(6) Survivor regions: 1->1(77)
[3.473s][info][gc,heap        ] GC(6) Old regions: 45->45
[3.473s][info][gc,heap        ] GC(6) Humongous regions: 0->0
[3.473s][info][gc,metaspace   ] GC(6) Metaspace: 16082K(16384K)->16082K(16384K) NonClass: 13808K(13952K)->13808K(13952K) Class: 2274K(2432K)->2274K(2432K)
[3.473s][info][gc             ] GC(6) Pause Young (Normal) (G1 Evacuation Pause) 655M->42M(1024M) 1.486ms
[3.473s][info][gc,cpu         ] GC(6) User=0.00s Sys=0.00s Real=0.01s
[3.577s][info][gc,start       ] GC(7) Pause Young (Normal) (G1 Evacuation Pause)
[3.577s][info][gc,task        ] GC(7) Using 6 workers of 6 for evacuation
[3.578s][info][gc,phases      ] GC(7)   Pre Evacuate Collection Set: 0.2ms
[3.578s][info][gc,phases      ] GC(7)   Merge Heap Roots: 0.1ms
[3.578s][info][gc,phases      ] GC(7)   Evacuate Collection Set: 0.4ms
[3.578s][info][gc,phases      ] GC(7)   Post Evacuate Collection Set: 0.4ms
[3.578s][info][gc,phases      ] GC(7)   Other: 0.1ms
[3.578s][info][gc,heap        ] GC(7) Eden regions: 613->0(50)
[3.578s][info][gc,heap        ] GC(7) Survivor regions: 1->1(77)
[3.578s][info][gc,heap        ] GC(7) Old regions: 45->45
[3.578s][info][gc,heap        ] GC(7) Humongous regions: 0->0
[3.578s][info][gc,metaspace   ] GC(7) Metaspace: 16082K(16384K)->16082K(16384K) NonClass: 13808K(13952K)->13808K(13952K) Class: 2274K(2432K)->2274K(2432K)
[3.578s][info][gc             ] GC(7) Pause Young (Normal) (G1 Evacuation Pause) 655M->42M(1024M) 1.351ms
[3.578s][info][gc,cpu         ] GC(7) User=0.00s Sys=0.00s Real=0.00s
[3.686s][info][gc,start       ] GC(8) Pause Young (Normal) (G1 Evacuation Pause)
[3.686s][info][gc,task        ] GC(8) Using 6 workers of 6 for evacuation
[3.687s][info][gc,phases      ] GC(8)   Pre Evacuate Collection Set: 0.2ms
[3.687s][info][gc,phases      ] GC(8)   Merge Heap Roots: 0.1ms
[3.687s][info][gc,phases      ] GC(8)   Evacuate Collection Set: 0.3ms
[3.687s][info][gc,phases      ] GC(8)   Post Evacuate Collection Set: 0.4ms
[3.687s][info][gc,phases      ] GC(8)   Other: 0.1ms
[3.687s][info][gc,heap        ] GC(8) Eden regions: 613->0(613)
[3.687s][info][gc,heap        ] GC(8) Survivor regions: 1->1(77)
[3.687s][info][gc,heap        ] GC(8) Old regions: 45->45
[3.687s][info][gc,heap        ] GC(8) Humongous regions: 0->0
[3.687s][info][gc,metaspace   ] GC(8) Metaspace: 16082K(16384K)->16082K(16384K) NonClass: 13808K(13952K)->13808K(13952K) Class: 2274K(2432K)->2274K(2432K)
[3.687s][info][gc             ] GC(8) Pause Young (Normal) (G1 Evacuation Pause) 655M->42M(1024M) 1.288ms
[3.687s][info][gc,cpu         ] GC(8) User=0.00s Sys=0.00s Real=0.00s
[4.167s][info][gc,start       ] GC(9) Pause Young (Normal) (G1 Evacuation Pause)
[4.167s][info][gc,task        ] GC(9) Using 6 workers of 6 for evacuation
[4.317s][info][gc,phases      ] GC(9)   Pre Evacuate Collection Set: 0.2ms
[4.317s][info][gc,phases      ] GC(9)   Merge Heap Roots: 0.1ms
[4.317s][info][gc,phases      ] GC(9)   Evacuate Collection Set: 148.5ms
[4.317s][info][gc,phases      ] GC(9)   Post Evacuate Collection Set: 0.9ms
[4.317s][info][gc,phases      ] GC(9)   Other: 0.1ms
[4.317s][info][gc,heap        ] GC(9) Eden regions: 613->0(147)
[4.317s][info][gc,heap        ] GC(9) Survivor regions: 1->77(77)
[4.317s][info][gc,heap        ] GC(9) Old regions: 45->262
[4.317s][info][gc,heap        ] GC(9) Humongous regions: 1->1
[4.317s][info][gc,metaspace   ] GC(9) Metaspace: 16169K(16448K)->16169K(16448K) NonClass: 13882K(14016K)->13882K(14016K) Class: 2287K(2432K)->2287K(2432K)
[4.317s][info][gc             ] GC(9) Pause Young (Normal) (G1 Evacuation Pause) 656M->337M(1024M) 149.874ms
[4.317s][info][gc,cpu         ] GC(9) User=0.73s Sys=0.12s Real=0.16s
[4.318s][info][gc,start       ] GC(10) Pause Young (Normal) (G1 Evacuation Pause)
[4.318s][info][gc,task        ] GC(10) Using 6 workers of 6 for evacuation
[4.368s][info][gc,phases      ] GC(10)   Pre Evacuate Collection Set: 0.1ms
[4.368s][info][gc,phases      ] GC(10)   Merge Heap Roots: 0.6ms
[4.368s][info][gc,phases      ] GC(10)   Evacuate Collection Set: 48.7ms
[4.368s][info][gc,phases      ] GC(10)   Post Evacuate Collection Set: 0.7ms
[4.368s][info][gc,phases      ] GC(10)   Other: 0.1ms
[4.368s][info][gc,heap        ] GC(10) Eden regions: 4->0(48)
[4.368s][info][gc,heap        ] GC(10) Survivor regions: 77->3(11)
[4.368s][info][gc,heap        ] GC(10) Old regions: 262->340
[4.368s][info][gc,heap        ] GC(10) Humongous regions: 1->1
[4.368s][info][gc,metaspace   ] GC(10) Metaspace: 16172K(16448K)->16172K(16448K) NonClass: 13884K(14016K)->13884K(14016K) Class: 2287K(2432K)->2287K(2432K)
[4.368s][info][gc             ] GC(10) Pause Young (Normal) (G1 Evacuation Pause) 341M->341M(1024M) 50.445ms
[4.368s][info][gc,cpu         ] GC(10) User=0.05s Sys=0.00s Real=0.05s
[4.398s][info][gc,start       ] GC(11) Pause Young (Normal) (G1 Evacuation Pause)
[4.398s][info][gc,task        ] GC(11) Using 6 workers of 6 for evacuation
[4.433s][info][gc,phases      ] GC(11)   Pre Evacuate Collection Set: 0.1ms
[4.433s][info][gc,phases      ] GC(11)   Merge Heap Roots: 0.8ms
[4.433s][info][gc,phases      ] GC(11)   Evacuate Collection Set: 33.3ms
[4.433s][info][gc,phases      ] GC(11)   Post Evacuate Collection Set: 0.7ms
[4.433s][info][gc,phases      ] GC(11)   Other: 0.1ms
[4.433s][info][gc,heap        ] GC(11) Eden regions: 48->0(44)
[4.433s][info][gc,heap        ] GC(11) Survivor regions: 3->7(7)
[4.433s][info][gc,heap        ] GC(11) Old regions: 340->369
[4.433s][info][gc,heap        ] GC(11) Humongous regions: 1->1
[4.433s][info][gc,metaspace   ] GC(11) Metaspace: 16172K(16448K)->16172K(16448K) NonClass: 13884K(14016K)->13884K(14016K) Class: 2287K(2432K)->2287K(2432K)
[4.433s][info][gc             ] GC(11) Pause Young (Normal) (G1 Evacuation Pause) 389M->374M(1024M) 35.116ms
[4.433s][info][gc,cpu         ] GC(11) User=0.03s Sys=0.00s Real=0.03s
[4.463s][info][gc,start       ] GC(12) Pause Young (Normal) (G1 Evacuation Pause)
[4.463s][info][gc,task        ] GC(12) Using 6 workers of 6 for evacuation
[4.504s][info][gc,phases      ] GC(12)   Pre Evacuate Collection Set: 0.2ms
[4.504s][info][gc,phases      ] GC(12)   Merge Heap Roots: 0.9ms
[4.504s][info][gc,phases      ] GC(12)   Evacuate Collection Set: 39.7ms
[4.504s][info][gc,phases      ] GC(12)   Post Evacuate Collection Set: 0.8ms
[4.504s][info][gc,phases      ] GC(12)   Other: 0.1ms
[4.504s][info][gc,heap        ] GC(12) Eden regions: 44->0(44)
[4.504s][info][gc,heap        ] GC(12) Survivor regions: 7->7(7)
[4.504s][info][gc,heap        ] GC(12) Old regions: 369->401
[4.504s][info][gc,heap        ] GC(12) Humongous regions: 1->1
[4.504s][info][gc,metaspace   ] GC(12) Metaspace: 16172K(16448K)->16172K(16448K) NonClass: 13884K(14016K)->13884K(14016K) Class: 2287K(2432K)->2287K(2432K)
[4.504s][info][gc             ] GC(12) Pause Young (Normal) (G1 Evacuation Pause) 418M->406M(1024M) 41.828ms
[4.504s][info][gc,cpu         ] GC(12) User=0.05s Sys=0.00s Real=0.05s
[4.542s][info][gc,start       ] GC(13) Pause Young (Normal) (G1 Evacuation Pause)
[4.542s][info][gc,task        ] GC(13) Using 6 workers of 6 for evacuation
[4.581s][info][gc,phases      ] GC(13)   Pre Evacuate Collection Set: 0.1ms
[4.582s][info][gc,phases      ] GC(13)   Merge Heap Roots: 0.8ms
[4.582s][info][gc,phases      ] GC(13)   Evacuate Collection Set: 37.5ms
[4.582s][info][gc,phases      ] GC(13)   Post Evacuate Collection Set: 0.7ms
[4.582s][info][gc,phases      ] GC(13)   Other: 0.1ms
[4.582s][info][gc,heap        ] GC(13) Eden regions: 44->0(44)
[4.582s][info][gc,heap        ] GC(13) Survivor regions: 7->7(7)
[4.582s][info][gc,heap        ] GC(13) Old regions: 401->434
[4.582s][info][gc,heap        ] GC(13) Humongous regions: 1->1
[4.582s][info][gc,metaspace   ] GC(13) Metaspace: 16172K(16448K)->16172K(16448K) NonClass: 13884K(14016K)->13884K(14016K) Class: 2287K(2432K)->2287K(2432K)
[4.582s][info][gc             ] GC(13) Pause Young (Normal) (G1 Evacuation Pause) 450M->439M(1024M) 39.530ms
[4.582s][info][gc,cpu         ] GC(13) User=0.05s Sys=0.00s Real=0.05s
[4.621s][info][gc,start       ] GC(14) Pause Young (Normal) (G1 Evacuation Pause)
[4.621s][info][gc,task        ] GC(14) Using 6 workers of 6 for evacuation
[4.658s][info][gc,phases      ] GC(14)   Pre Evacuate Collection Set: 0.1ms
[4.658s][info][gc,phases      ] GC(14)   Merge Heap Roots: 0.8ms
[4.658s][info][gc,phases      ] GC(14)   Evacuate Collection Set: 35.8ms
[4.659s][info][gc,phases      ] GC(14)   Post Evacuate Collection Set: 0.7ms
[4.659s][info][gc,phases      ] GC(14)   Other: 0.1ms
[4.659s][info][gc,heap        ] GC(14) Eden regions: 44->0(44)
[4.659s][info][gc,heap        ] GC(14) Survivor regions: 7->7(7)
[4.659s][info][gc,heap        ] GC(14) Old regions: 434->466
[4.659s][info][gc,heap        ] GC(14) Humongous regions: 1->1
[4.659s][info][gc,metaspace   ] GC(14) Metaspace: 16172K(16448K)->16172K(16448K) NonClass: 13884K(14016K)->13884K(14016K) Class: 2287K(2432K)->2287K(2432K)
[4.659s][info][gc             ] GC(14) Pause Young (Normal) (G1 Evacuation Pause) 483M->471M(1024M) 37.644ms
[4.659s][info][gc,cpu         ] GC(14) User=0.03s Sys=0.00s Real=0.03s
[4.668s][info][gc,start       ] GC(15) Pause Young (Concurrent Start) (G1 Humongous Allocation)
[4.668s][info][gc,task        ] GC(15) Using 6 workers of 6 for evacuation
[4.696s][info][gc,phases      ] GC(15)   Pre Evacuate Collection Set: 0.2ms
[4.696s][info][gc,phases      ] GC(15)   Merge Heap Roots: 0.7ms
[4.696s][info][gc,phases      ] GC(15)   Evacuate Collection Set: 26.6ms
[4.696s][info][gc,phases      ] GC(15)   Post Evacuate Collection Set: 0.6ms
[4.696s][info][gc,phases      ] GC(15)   Other: 0.1ms
[4.696s][info][gc,heap        ] GC(15) Eden regions: 11->0(44)
[4.696s][info][gc,heap        ] GC(15) Survivor regions: 7->7(7)
[4.696s][info][gc,heap        ] GC(15) Old regions: 466->476
[4.696s][info][gc,heap        ] GC(15) Humongous regions: 1->1
[4.696s][info][gc,metaspace   ] GC(15) Metaspace: 16173K(16448K)->16173K(16448K) NonClass: 13885K(14016K)->13885K(14016K) Class: 2287K(2432K)->2287K(2432K)
[4.696s][info][gc             ] GC(15) Pause Young (Concurrent Start) (G1 Humongous Allocation) 481M->481M(1024M) 28.376ms
[4.696s][info][gc             ] GC(16) Concurrent Mark Cycle
[4.696s][info][gc,cpu         ] GC(15) User=0.03s Sys=0.00s Real=0.03s
[4.696s][info][gc,marking     ] GC(16) Concurrent Scan Root Regions
[4.700s][info][gc,marking     ] GC(16) Concurrent Scan Root Regions 4.163ms
[4.700s][info][gc,marking     ] GC(16) Concurrent Mark
[4.700s][info][gc,marking     ] GC(16) Concurrent Mark From Roots
[4.700s][info][gc,task        ] GC(16) Using 2 workers of 2 for marking
[5.067s][info][gc,marking     ] GC(16) Concurrent Mark From Roots 366.236ms
[5.067s][info][gc,marking     ] GC(16) Concurrent Preclean
[5.067s][info][gc,marking     ] GC(16) Concurrent Preclean 0.029ms
[5.067s][info][gc,start       ] GC(16) Pause Remark
[5.069s][info][gc             ] GC(16) Pause Remark 525M->494M(1024M) 2.461ms
[5.069s][info][gc,cpu         ] GC(16) User=0.02s Sys=0.00s Real=0.02s
[5.069s][info][gc,marking     ] GC(16) Concurrent Mark 368.968ms
[5.069s][info][gc,marking     ] GC(16) Concurrent Rebuild Remembered Sets and Scrub Regions
[5.075s][info][gc,start       ] GC(17) Pause Young (Normal) (G1 Evacuation Pause)
[5.075s][info][gc,task        ] GC(17) Using 6 workers of 6 for evacuation
[5.108s][info][gc,phases      ] GC(17)   Pre Evacuate Collection Set: 0.1ms
[5.108s][info][gc,phases      ] GC(17)   Merge Heap Roots: 1.0ms
[5.108s][info][gc,phases      ] GC(17)   Evacuate Collection Set: 31.4ms
[5.108s][info][gc,phases      ] GC(17)   Post Evacuate Collection Set: 0.8ms
[5.108s][info][gc,phases      ] GC(17)   Other: 0.1ms
[5.108s][info][gc,heap        ] GC(17) Eden regions: 44->0(44)
[5.108s][info][gc,heap        ] GC(17) Survivor regions: 7->7(7)
[5.108s][info][gc,heap        ] GC(17) Old regions: 445->452
[5.108s][info][gc,heap        ] GC(17) Humongous regions: 2->2
[5.108s][info][gc,metaspace   ] GC(17) Metaspace: 16172K(16512K)->16172K(16512K) NonClass: 13891K(14080K)->13891K(14080K) Class: 2280K(2432K)->2280K(2432K)
[5.109s][info][gc             ] GC(17) Pause Young (Normal) (G1 Evacuation Pause) 495M->458M(1024M) 33.695ms
[5.109s][info][gc,cpu         ] GC(17) User=0.03s Sys=0.00s Real=0.03s
[5.466s][info][gc,marking     ] GC(16) Concurrent Rebuild Remembered Sets and Scrub Regions 396.340ms
[5.466s][info][gc,start       ] GC(16) Pause Cleanup
[5.466s][info][gc             ] GC(16) Pause Cleanup 498M->498M(1024M) 0.273ms
[5.466s][info][gc,cpu         ] GC(16) User=0.00s Sys=0.00s Real=0.00s
[5.466s][info][gc,marking     ] GC(16) Concurrent Clear Claimed Marks
[5.467s][info][gc,marking     ] GC(16) Concurrent Clear Claimed Marks 0.044ms
[5.467s][info][gc,marking     ] GC(16) Concurrent Cleanup for Next Mark
[5.468s][info][gc,marking     ] GC(16) Concurrent Cleanup for Next Mark 1.625ms
[5.468s][info][gc             ] GC(16) Concurrent Mark Cycle 772.101ms
[5.498s][info][gc,start       ] GC(18) Pause Young (Prepare Mixed) (G1 Evacuation Pause)
[5.498s][info][gc,task        ] GC(18) Using 6 workers of 6 for evacuation
[5.525s][info][gc,phases      ] GC(18)   Pre Evacuate Collection Set: 0.1ms
[5.525s][info][gc,phases      ] GC(18)   Merge Heap Roots: 1.8ms
[5.525s][info][gc,phases      ] GC(18)   Evacuate Collection Set: 24.3ms
[5.525s][info][gc,phases      ] GC(18)   Post Evacuate Collection Set: 0.4ms
[5.525s][info][gc,phases      ] GC(18)   Other: 0.1ms
[5.525s][info][gc,heap        ] GC(18) Eden regions: 44->0(44)
[5.525s][info][gc,heap        ] GC(18) Survivor regions: 7->7(7)
[5.525s][info][gc,heap        ] GC(18) Old regions: 452->457
[5.525s][info][gc,heap        ] GC(18) Humongous regions: 2->2
[5.525s][info][gc,metaspace   ] GC(18) Metaspace: 16264K(16576K)->16264K(16576K) NonClass: 13959K(14080K)->13959K(14080K) Class: 2304K(2496K)->2304K(2496K)
[5.525s][info][gc             ] GC(18) Pause Young (Prepare Mixed) (G1 Evacuation Pause) 502M->463M(1024M) 26.920ms
[5.525s][info][gc,cpu         ] GC(18) User=0.03s Sys=0.00s Real=0.03s
[7.938s][info][gc,start       ] GC(19) Pause Young (Mixed) (G1 Evacuation Pause)
[7.938s][info][gc,task        ] GC(19) Using 6 workers of 6 for evacuation
[7.995s][info][gc,phases      ] GC(19)   Pre Evacuate Collection Set: 0.3ms
[7.995s][info][gc,phases      ] GC(19)   Merge Heap Roots: 0.3ms
[7.995s][info][gc,phases      ] GC(19)   Evacuate Collection Set: 55.7ms
[7.995s][info][gc,phases      ] GC(19)   Post Evacuate Collection Set: 0.7ms
[7.995s][info][gc,phases      ] GC(19)   Other: 0.1ms
[7.995s][info][gc,heap        ] GC(19) Eden regions: 254->0(18)
[7.995s][info][gc,heap        ] GC(19) Survivor regions: 7->33(33)
[7.995s][info][gc,heap        ] GC(19) Old regions: 457->530
[7.995s][info][gc,heap        ] GC(19) Humongous regions: 2->2
[7.995s][info][gc,metaspace   ] GC(19) Metaspace: 16364K(16704K)->16364K(16704K) NonClass: 14043K(14208K)->14043K(14208K) Class: 2320K(2496K)->2320K(2496K)
[7.995s][info][gc             ] GC(19) Pause Young (Mixed) (G1 Evacuation Pause) 717M->562M(1024M) 57.349ms
[7.995s][info][gc,cpu         ] GC(19) User=0.28s Sys=0.00s Real=0.05s
[8.005s][info][gc,start       ] GC(20) Pause Young (Concurrent Start) (G1 Evacuation Pause)
[8.005s][info][gc,task        ] GC(20) Using 6 workers of 6 for evacuation
[8.038s][info][gc,phases      ] GC(20)   Pre Evacuate Collection Set: 0.2ms
[8.038s][info][gc,phases      ] GC(20)   Merge Heap Roots: 1.0ms
[8.038s][info][gc,phases      ] GC(20)   Evacuate Collection Set: 31.5ms
[8.038s][info][gc,phases      ] GC(20)   Post Evacuate Collection Set: 0.3ms
[8.038s][info][gc,phases      ] GC(20)   Other: 0.1ms
[8.038s][info][gc,heap        ] GC(20) Eden regions: 19->0(44)
[8.038s][info][gc,heap        ] GC(20) Survivor regions: 33->7(7)
[8.038s][info][gc,heap        ] GC(20) Old regions: 530->566
[8.038s][info][gc,heap        ] GC(20) Humongous regions: 2->2
[8.038s][info][gc,metaspace   ] GC(20) Metaspace: 16364K(16704K)->16364K(16704K) NonClass: 14043K(14208K)->14043K(14208K) Class: 2320K(2496K)->2320K(2496K)
[8.038s][info][gc             ] GC(20) Pause Young (Concurrent Start) (G1 Evacuation Pause) 581M->572M(1024M) 33.292ms
[8.038s][info][gc             ] GC(21) Concurrent Mark Cycle
[8.038s][info][gc,cpu         ] GC(20) User=0.03s Sys=0.00s Real=0.03s
[8.038s][info][gc,marking     ] GC(21) Concurrent Scan Root Regions
[8.051s][info][gc,marking     ] GC(21) Concurrent Scan Root Regions 12.845ms
[8.051s][info][gc,marking     ] GC(21) Concurrent Mark
[8.051s][info][gc,marking     ] GC(21) Concurrent Mark From Roots
[8.051s][info][gc,task        ] GC(21) Using 2 workers of 2 for marking
[8.153s][info][gc,marking     ] GC(21) Concurrent Mark From Roots 101.953ms
[8.153s][info][gc,marking     ] GC(21) Concurrent Preclean
[8.153s][info][gc,marking     ] GC(21) Concurrent Preclean 0.081ms
[8.153s][info][gc,start       ] GC(21) Pause Remark
[8.155s][info][gc             ] GC(21) Pause Remark 764M->661M(1024M) 1.847ms
[8.155s][info][gc,cpu         ] GC(21) User=0.00s Sys=0.00s Real=0.00s
[8.155s][info][gc,marking     ] GC(21) Concurrent Mark 104.101ms
[8.155s][info][gc,marking     ] GC(21) Concurrent Rebuild Remembered Sets and Scrub Regions
[8.167s][info][gc,start       ] GC(22) Pause Young (Normal) (G1 Evacuation Pause)
[8.168s][info][gc,task        ] GC(22) Using 6 workers of 6 for evacuation
[8.215s][info][gc,phases      ] GC(22)   Pre Evacuate Collection Set: 0.2ms
[8.215s][info][gc,phases      ] GC(22)   Merge Heap Roots: 0.1ms
[8.215s][info][gc,phases      ] GC(22)   Evacuate Collection Set: 47.2ms
[8.215s][info][gc,phases      ] GC(22)   Post Evacuate Collection Set: 0.4ms
[8.215s][info][gc,phases      ] GC(22)   Other: 0.1ms
[8.215s][info][gc,heap        ] GC(22) Eden regions: 212->0(129)
[8.215s][info][gc,heap        ] GC(22) Survivor regions: 7->28(28)
[8.215s][info][gc,heap        ] GC(22) Old regions: 464->534
[8.215s][info][gc,heap        ] GC(22) Humongous regions: 1->1
[8.215s][info][gc,metaspace   ] GC(22) Metaspace: 16364K(16704K)->16364K(16704K) NonClass: 14043K(14208K)->14043K(14208K) Class: 2320K(2496K)->2320K(2496K)
[8.216s][info][gc             ] GC(22) Pause Young (Normal) (G1 Evacuation Pause) 681M->560M(1024M) 48.049ms
[8.216s][info][gc,cpu         ] GC(22) User=0.19s Sys=0.00s Real=0.05s
[8.261s][info][gc,marking     ] GC(21) Concurrent Rebuild Remembered Sets and Scrub Regions 105.364ms
[8.261s][info][gc,start       ] GC(21) Pause Cleanup
[8.261s][info][gc             ] GC(21) Pause Cleanup 643M->643M(1024M) 0.360ms
[8.261s][info][gc,cpu         ] GC(21) User=0.00s Sys=0.00s Real=0.00s
[8.261s][info][gc,marking     ] GC(21) Concurrent Clear Claimed Marks
[8.261s][info][gc,marking     ] GC(21) Concurrent Clear Claimed Marks 0.032ms
[8.261s][info][gc,marking     ] GC(21) Concurrent Cleanup for Next Mark
[8.263s][info][gc,marking     ] GC(21) Concurrent Cleanup for Next Mark 1.346ms
[8.263s][info][gc             ] GC(21) Concurrent Mark Cycle 224.375ms
[8.338s][info][gc,start       ] GC(23) Pause Young (Prepare Mixed) (G1 Evacuation Pause)
[8.338s][info][gc,task        ] GC(23) Using 6 workers of 6 for evacuation
[8.398s][info][gc,phases      ] GC(23)   Pre Evacuate Collection Set: 0.3ms
[8.398s][info][gc,phases      ] GC(23)   Merge Heap Roots: 0.2ms
[8.398s][info][gc,phases      ] GC(23)   Evacuate Collection Set: 59.4ms
[8.398s][info][gc,phases      ] GC(23)   Post Evacuate Collection Set: 0.4ms
[8.398s][info][gc,phases      ] GC(23)   Other: 0.1ms
[8.398s][info][gc,heap        ] GC(23) Eden regions: 220->0(176)
[8.398s][info][gc,heap        ] GC(23) Survivor regions: 28->31(31)
[8.398s][info][gc,heap        ] GC(23) Old regions: 534->625
[8.399s][info][gc,heap        ] GC(23) Humongous regions: 1->1
[8.399s][info][gc,metaspace   ] GC(23) Metaspace: 16364K(16704K)->16364K(16704K) NonClass: 14043K(14208K)->14043K(14208K) Class: 2320K(2496K)->2320K(2496K)
[8.399s][info][gc             ] GC(23) Pause Young (Prepare Mixed) (G1 Evacuation Pause) 780M->654M(1024M) 60.553ms
[8.399s][info][gc,cpu         ] GC(23) User=0.31s Sys=0.00s Real=0.06s
[8.498s][info][gc,start       ] GC(24) Pause Young (Mixed) (G1 Evacuation Pause)
[8.498s][info][gc,task        ] GC(24) Using 6 workers of 6 for evacuation
[8.548s][info][gc,phases      ] GC(24)   Pre Evacuate Collection Set: 0.3ms
[8.548s][info][gc,phases      ] GC(24)   Merge Heap Roots: 0.2ms
[8.548s][info][gc,phases      ] GC(24)   Evacuate Collection Set: 49.3ms
[8.548s][info][gc,phases      ] GC(24)   Post Evacuate Collection Set: 0.5ms
[8.548s][info][gc,phases      ] GC(24)   Other: 0.1ms
[8.548s][info][gc,heap        ] GC(24) Eden regions: 176->0(191)
[8.548s][info][gc,heap        ] GC(24) Survivor regions: 31->26(26)
[8.548s][info][gc,heap        ] GC(24) Old regions: 625->604
[8.548s][info][gc,heap        ] GC(24) Humongous regions: 1->1
[8.548s][info][gc,metaspace   ] GC(24) Metaspace: 16364K(16704K)->16364K(16704K) NonClass: 14043K(14208K)->14043K(14208K) Class: 2320K(2496K)->2320K(2496K)
[8.548s][info][gc             ] GC(24) Pause Young (Mixed) (G1 Evacuation Pause) 830M->628M(1024M) 50.633ms
[8.548s][info][gc,cpu         ] GC(24) User=0.25s Sys=0.00s Real=0.06s
[9.236s][info][gc,start       ] GC(25) Pause Young (Mixed) (G1 Evacuation Pause)
[9.236s][info][gc,task        ] GC(25) Using 6 workers of 6 for evacuation
[9.323s][info][gc,phases      ] GC(25)   Pre Evacuate Collection Set: 0.3ms
[9.324s][info][gc,phases      ] GC(25)   Merge Heap Roots: 2.0ms
[9.324s][info][gc,phases      ] GC(25)   Evacuate Collection Set: 83.7ms
[9.324s][info][gc,phases      ] GC(25)   Post Evacuate Collection Set: 0.9ms
[9.324s][info][gc,phases      ] GC(25)   Other: 0.1ms
[9.324s][info][gc,heap        ] GC(25) Eden regions: 191->0(185)
[9.324s][info][gc,heap        ] GC(25) Survivor regions: 26->28(28)
[9.324s][info][gc,heap        ] GC(25) Old regions: 604->593
[9.324s][info][gc,heap        ] GC(25) Humongous regions: 7->7
[9.324s][info][gc,metaspace   ] GC(25) Metaspace: 16392K(16704K)->16392K(16704K) NonClass: 14066K(14208K)->14066K(14208K) Class: 2325K(2496K)->2325K(2496K)
[9.324s][info][gc             ] GC(25) Pause Young (Mixed) (G1 Evacuation Pause) 825M->625M(1024M) 87.356ms
[9.324s][info][gc,cpu         ] GC(25) User=0.50s Sys=0.00s Real=0.09s
[9.658s][info][gc,start       ] GC(26) Pause Young (Mixed) (G1 Evacuation Pause)
[9.658s][info][gc,task        ] GC(26) Using 6 workers of 6 for evacuation
[9.691s][info][gc,phases      ] GC(26)   Pre Evacuate Collection Set: 0.3ms
[9.691s][info][gc,phases      ] GC(26)   Merge Heap Roots: 1.3ms
[9.691s][info][gc,phases      ] GC(26)   Evacuate Collection Set: 30.6ms
[9.691s][info][gc,phases      ] GC(26)   Post Evacuate Collection Set: 0.7ms
[9.691s][info][gc,phases      ] GC(26)   Other: 0.1ms
[9.691s][info][gc,heap        ] GC(26) Eden regions: 185->0(220)
[9.691s][info][gc,heap        ] GC(26) Survivor regions: 28->6(27)
[9.691s][info][gc,heap        ] GC(26) Old regions: 593->577
[9.691s][info][gc,heap        ] GC(26) Humongous regions: 7->7
[9.691s][info][gc,metaspace   ] GC(26) Metaspace: 16392K(16704K)->16392K(16704K) NonClass: 14066K(14208K)->14066K(14208K) Class: 2325K(2496K)->2325K(2496K)
[9.691s][info][gc             ] GC(26) Pause Young (Mixed) (G1 Evacuation Pause) 810M->587M(1024M) 33.289ms
[9.691s][info][gc,cpu         ] GC(26) User=0.09s Sys=0.00s Real=0.03s
[10.075s][info][gc,start       ] GC(27) Pause Young (Concurrent Start) (G1 Evacuation Pause)
[10.075s][info][gc,task        ] GC(27) Using 6 workers of 6 for evacuation
[10.086s][info][gc,phases      ] GC(27)   Pre Evacuate Collection Set: 0.2ms
[10.086s][info][gc,phases      ] GC(27)   Merge Heap Roots: 0.4ms
[10.086s][info][gc,phases      ] GC(27)   Evacuate Collection Set: 9.3ms
[10.086s][info][gc,phases      ] GC(27)   Post Evacuate Collection Set: 0.7ms
[10.086s][info][gc,phases      ] GC(27)   Other: 0.1ms
[10.086s][info][gc,heap        ] GC(27) Eden regions: 220->0(244)
[10.086s][info][gc,heap        ] GC(27) Survivor regions: 6->3(29)
[10.086s][info][gc,heap        ] GC(27) Old regions: 577->577
[10.086s][info][gc,heap        ] GC(27) Humongous regions: 7->7
[10.086s][info][gc,metaspace   ] GC(27) Metaspace: 16392K(16704K)->16392K(16704K) NonClass: 14066K(14208K)->14066K(14208K) Class: 2325K(2496K)->2325K(2496K)
[10.086s][info][gc             ] GC(27) Pause Young (Concurrent Start) (G1 Evacuation Pause) 807M->584M(1024M) 11.004ms
[10.086s][info][gc,cpu         ] GC(27) User=0.00s Sys=0.00s Real=0.02s
[10.086s][info][gc             ] GC(28) Concurrent Mark Cycle
[10.086s][info][gc,marking     ] GC(28) Concurrent Scan Root Regions
[10.089s][info][gc,marking     ] GC(28) Concurrent Scan Root Regions 3.299ms
[10.089s][info][gc,marking     ] GC(28) Concurrent Mark
[10.089s][info][gc,marking     ] GC(28) Concurrent Mark From Roots
[10.089s][info][gc,task        ] GC(28) Using 2 workers of 2 for marking
[10.335s][info][gc,marking     ] GC(28) Concurrent Mark From Roots 245.369ms
[10.335s][info][gc,marking     ] GC(28) Concurrent Preclean
[10.335s][info][gc,marking     ] GC(28) Concurrent Preclean 0.045ms
[10.335s][info][gc,start       ] GC(28) Pause Remark
[10.337s][info][gc             ] GC(28) Pause Remark 672M->563M(1024M) 2.319ms
[10.337s][info][gc,cpu         ] GC(28) User=0.00s Sys=0.00s Real=0.00s
[10.337s][info][gc,marking     ] GC(28) Concurrent Mark 248.018ms
[10.337s][info][gc,marking     ] GC(28) Concurrent Rebuild Remembered Sets and Scrub Regions
[10.470s][info][gc,marking     ] GC(28) Concurrent Rebuild Remembered Sets and Scrub Regions 133.125ms
[10.471s][info][gc,start       ] GC(28) Pause Cleanup
[10.471s][info][gc             ] GC(28) Pause Cleanup 572M->572M(1024M) 0.360ms
[10.471s][info][gc,cpu         ] GC(28) User=0.00s Sys=0.00s Real=0.00s
[10.471s][info][gc,marking     ] GC(28) Concurrent Clear Claimed Marks
[10.471s][info][gc,marking     ] GC(28) Concurrent Clear Claimed Marks 0.024ms
[10.471s][info][gc,marking     ] GC(28) Concurrent Cleanup for Next Mark
[10.473s][info][gc,marking     ] GC(28) Concurrent Cleanup for Next Mark 1.505ms
[10.473s][info][gc             ] GC(28) Concurrent Mark Cycle 386.679ms
[10.939s][info][gc,start       ] GC(29) Pause Full (System.gc())
[10.939s][info][gc,task        ] GC(29) Using 6 workers of 6 for full compaction
[10.939s][info][gc,phases,start] GC(29) Phase 1: Mark live objects
[10.942s][info][gc,phases      ] GC(29) Phase 1: Mark live objects 3.489ms
[10.942s][info][gc,phases,start] GC(29) Phase 2: Prepare compaction
[10.943s][info][gc,phases      ] GC(29) Phase 2: Prepare compaction 0.759ms
[10.943s][info][gc,phases,start] GC(29) Phase 3: Adjust pointers
[10.945s][info][gc,phases      ] GC(29) Phase 3: Adjust pointers 2.008ms
[10.945s][info][gc,phases,start] GC(29) Phase 4: Compact heap
[10.946s][info][gc,phases      ] GC(29) Phase 4: Compact heap 1.012ms
[10.946s][info][gc,phases,start] GC(29) Phase 5: Reset Metadata
[10.947s][info][gc,phases      ] GC(29) Phase 5: Reset Metadata 0.607ms
[10.950s][info][gc,heap        ] GC(29) Eden regions: 165->0(503)
[10.951s][info][gc,heap        ] GC(29) Survivor regions: 3->0(29)
[10.951s][info][gc,heap        ] GC(29) Old regions: 471->9
[10.951s][info][gc,heap        ] GC(29) Humongous regions: 3->0
[10.951s][info][gc,metaspace   ] GC(29) Metaspace: 16427K(16768K)->16423K(16768K) NonClass: 14097K(14272K)->14095K(14272K) Class: 2329K(2496K)->2328K(2496K)
[10.951s][info][gc             ] GC(29) Pause Full (System.gc()) 639M->5M(1024M) 11.858ms
[10.951s][info][gc,cpu         ] GC(29) User=0.00s Sys=0.00s Real=0.00s
[12.094s][info][gc,start       ] GC(30) Pause Young (Normal) (G1 Evacuation Pause)
[12.096s][info][gc,task        ] GC(30) Using 6 workers of 6 for evacuation
[12.098s][info][gc,phases      ] GC(30)   Pre Evacuate Collection Set: 0.2ms
[12.098s][info][gc,phases      ] GC(30)   Merge Heap Roots: 0.1ms
[12.098s][info][gc,phases      ] GC(30)   Evacuate Collection Set: 0.7ms
[12.098s][info][gc,phases      ] GC(30)   Post Evacuate Collection Set: 0.8ms
[12.098s][info][gc,phases      ] GC(30)   Other: 0.1ms
[12.098s][info][gc,heap        ] GC(30) Eden regions: 551->0(550)
[12.098s][info][gc,heap        ] GC(30) Survivor regions: 0->1(69)
[12.098s][info][gc,heap        ] GC(30) Old regions: 9->9
[12.098s][info][gc,heap        ] GC(30) Humongous regions: 0->0
[12.098s][info][gc,metaspace   ] GC(30) Metaspace: 16424K(16768K)->16424K(16768K) NonClass: 14096K(14272K)->14096K(14272K) Class: 2328K(2496K)->2328K(2496K)
[12.098s][info][gc             ] GC(30) Pause Young (Normal) (G1 Evacuation Pause) 556M->6M(1024M) 4.384ms
[12.098s][info][gc,cpu         ] GC(30) User=0.00s Sys=0.00s Real=0.00s
[12.194s][info][gc,start       ] GC(31) Pause Young (Normal) (G1 Evacuation Pause)
[12.194s][info][gc,task        ] GC(31) Using 6 workers of 6 for evacuation
[12.195s][info][gc,phases      ] GC(31)   Pre Evacuate Collection Set: 0.2ms
[12.195s][info][gc,phases      ] GC(31)   Merge Heap Roots: 0.1ms
[12.195s][info][gc,phases      ] GC(31)   Evacuate Collection Set: 0.3ms
[12.195s][info][gc,phases      ] GC(31)   Post Evacuate Collection Set: 0.3ms
[12.195s][info][gc,phases      ] GC(31)   Other: 0.1ms
[12.195s][info][gc,heap        ] GC(31) Eden regions: 609->0(613)
[12.195s][info][gc,heap        ] GC(31) Survivor regions: 1->1(77)
[12.195s][info][gc,heap        ] GC(31) Old regions: 9->9
[12.195s][info][gc,heap        ] GC(31) Humongous regions: 0->0
[12.195s][info][gc,metaspace   ] GC(31) Metaspace: 16427K(16768K)->16427K(16768K) NonClass: 14098K(14272K)->14098K(14272K) Class: 2328K(2496K)->2328K(2496K)
[12.195s][info][gc             ] GC(31) Pause Young (Normal) (G1 Evacuation Pause) 615M->5M(1024M) 1.202ms
[12.195s][info][gc,cpu         ] GC(31) User=0.00s Sys=0.00s Real=0.00s
[12.293s][info][gc,start       ] GC(32) Pause Young (Normal) (G1 Evacuation Pause)
[12.293s][info][gc,task        ] GC(32) Using 6 workers of 6 for evacuation
[12.294s][info][gc,phases      ] GC(32)   Pre Evacuate Collection Set: 0.2ms
[12.294s][info][gc,phases      ] GC(32)   Merge Heap Roots: 0.1ms
[12.294s][info][gc,phases      ] GC(32)   Evacuate Collection Set: 0.3ms
[12.294s][info][gc,phases      ] GC(32)   Post Evacuate Collection Set: 0.4ms
[12.294s][info][gc,phases      ] GC(32)   Other: 0.1ms
[12.294s][info][gc,heap        ] GC(32) Eden regions: 613->0(613)
[12.294s][info][gc,heap        ] GC(32) Survivor regions: 1->1(77)
[12.294s][info][gc,heap        ] GC(32) Old regions: 9->9
[12.294s][info][gc,heap        ] GC(32) Humongous regions: 0->0
[12.294s][info][gc,metaspace   ] GC(32) Metaspace: 16427K(16768K)->16427K(16768K) NonClass: 14098K(14272K)->14098K(14272K) Class: 2328K(2496K)->2328K(2496K)
[12.294s][info][gc             ] GC(32) Pause Young (Normal) (G1 Evacuation Pause) 618M->5M(1024M) 1.177ms
[12.294s][info][gc,cpu         ] GC(32) User=0.02s Sys=0.00s Real=0.00s
[12.395s][info][gc,start       ] GC(33) Pause Young (Normal) (G1 Evacuation Pause)
[12.395s][info][gc,task        ] GC(33) Using 6 workers of 6 for evacuation
[12.396s][info][gc,phases      ] GC(33)   Pre Evacuate Collection Set: 0.2ms
[12.396s][info][gc,phases      ] GC(33)   Merge Heap Roots: 0.1ms
[12.396s][info][gc,phases      ] GC(33)   Evacuate Collection Set: 0.3ms
[12.396s][info][gc,phases      ] GC(33)   Post Evacuate Collection Set: 0.4ms
[12.396s][info][gc,phases      ] GC(33)   Other: 0.1ms
[12.396s][info][gc,heap        ] GC(33) Eden regions: 613->0(613)
[12.396s][info][gc,heap        ] GC(33) Survivor regions: 1->1(77)
[12.396s][info][gc,heap        ] GC(33) Old regions: 9->9
[12.396s][info][gc,heap        ] GC(33) Humongous regions: 0->0
[12.396s][info][gc,metaspace   ] GC(33) Metaspace: 16427K(16768K)->16427K(16768K) NonClass: 14098K(14272K)->14098K(14272K) Class: 2328K(2496K)->2328K(2496K)
[12.396s][info][gc             ] GC(33) Pause Young (Normal) (G1 Evacuation Pause) 618M->5M(1024M) 1.289ms
[12.396s][info][gc,cpu         ] GC(33) User=0.00s Sys=0.00s Real=0.00s
[12.600s][info][gc,start       ] GC(34) Pause Young (Normal) (G1 Evacuation Pause)
[12.600s][info][gc,task        ] GC(34) Using 6 workers of 6 for evacuation
[12.661s][info][gc,phases      ] GC(34)   Pre Evacuate Collection Set: 0.2ms
[12.661s][info][gc,phases      ] GC(34)   Merge Heap Roots: 0.1ms
[12.661s][info][gc,phases      ] GC(34)   Evacuate Collection Set: 60.5ms
[12.661s][info][gc,phases      ] GC(34)   Post Evacuate Collection Set: 0.6ms
[12.661s][info][gc,phases      ] GC(34)   Other: 0.1ms
[12.661s][info][gc,heap        ] GC(34) Eden regions: 613->0(537)
[12.661s][info][gc,heap        ] GC(34) Survivor regions: 1->77(77)
[12.661s][info][gc,heap        ] GC(34) Old regions: 9->68
[12.661s][info][gc,heap        ] GC(34) Humongous regions: 1->1
[12.661s][info][gc,metaspace   ] GC(34) Metaspace: 16431K(16768K)->16431K(16768K) NonClass: 14103K(14272K)->14103K(14272K) Class: 2328K(2496K)->2328K(2496K)
[12.661s][info][gc             ] GC(34) Pause Young (Normal) (G1 Evacuation Pause) 619M->142M(1024M) 61.718ms
[12.661s][info][gc,cpu         ] GC(34) User=0.30s Sys=0.00s Real=0.06s
[15.427s][info][gc,start       ] GC(35) Pause Young (Normal) (G1 Evacuation Pause)
[15.427s][info][gc,task        ] GC(35) Using 6 workers of 6 for evacuation
[15.583s][info][gc,phases      ] GC(35)   Pre Evacuate Collection Set: 0.3ms
[15.583s][info][gc,phases      ] GC(35)   Merge Heap Roots: 0.6ms
[15.583s][info][gc,phases      ] GC(35)   Evacuate Collection Set: 150.0ms
[15.583s][info][gc,phases      ] GC(35)   Post Evacuate Collection Set: 4.1ms
[15.583s][info][gc,phases      ] GC(35)   Other: 0.1ms
[15.583s][info][gc,heap        ] GC(35) Eden regions: 537->0(314)
[15.583s][info][gc,heap        ] GC(35) Survivor regions: 77->77(77)
[15.583s][info][gc,heap        ] GC(35) Old regions: 68->360
[15.583s][info][gc,heap        ] GC(35) Humongous regions: 2->2
[15.583s][info][gc,metaspace   ] GC(35) Metaspace: 16478K(16832K)->16478K(16832K) NonClass: 14149K(14336K)->14149K(14336K) Class: 2328K(2496K)->2328K(2496K)
[15.583s][info][gc             ] GC(35) Pause Young (Normal) (G1 Evacuation Pause) (Evacuation Failure) 680M->435M(1024M) 155.394ms
[15.583s][info][gc,cpu         ] GC(35) User=0.86s Sys=0.00s Real=0.16s
[15.711s][info][gc,start       ] GC(36) Pause Young (Normal) (G1 Evacuation Pause)
[15.711s][info][gc,task        ] GC(36) Using 6 workers of 6 for evacuation
[15.804s][info][gc,phases      ] GC(36)   Pre Evacuate Collection Set: 0.3ms
[15.804s][info][gc,phases      ] GC(36)   Merge Heap Roots: 1.1ms
[15.804s][info][gc,phases      ] GC(36)   Evacuate Collection Set: 91.5ms
[15.804s][info][gc,phases      ] GC(36)   Post Evacuate Collection Set: 0.8ms
[15.805s][info][gc,phases      ] GC(36)   Other: 0.1ms
[15.805s][info][gc,heap        ] GC(36) Eden regions: 233->0(245)
[15.805s][info][gc,heap        ] GC(36) Survivor regions: 77->39(39)
[15.805s][info][gc,heap        ] GC(36) Old regions: 360->500
[15.805s][info][gc,heap        ] GC(36) Humongous regions: 2->2
[15.805s][info][gc,metaspace   ] GC(36) Metaspace: 16478K(16832K)->16478K(16832K) NonClass: 14149K(14336K)->14149K(14336K) Class: 2328K(2496K)->2328K(2496K)
[15.805s][info][gc             ] GC(36) Pause Young (Normal) (G1 Evacuation Pause) 668M->536M(1024M) 93.993ms
[15.805s][info][gc,cpu         ] GC(36) User=0.48s Sys=0.00s Real=0.09s
[15.946s][info][gc,start       ] GC(37) Pause Young (Concurrent Start) (G1 Evacuation Pause)
[15.946s][info][gc,task        ] GC(37) Using 6 workers of 6 for evacuation
[16.036s][info][gc,phases      ] GC(37)   Pre Evacuate Collection Set: 0.3ms
[16.036s][info][gc,phases      ] GC(37)   Merge Heap Roots: 0.9ms
[16.036s][info][gc,phases      ] GC(37)   Evacuate Collection Set: 88.2ms
[16.036s][info][gc,phases      ] GC(37)   Post Evacuate Collection Set: 0.8ms
[16.036s][info][gc,phases      ] GC(37)   Other: 0.2ms
[16.036s][info][gc,heap        ] GC(37) Eden regions: 245->0(188)
[16.036s][info][gc,heap        ] GC(37) Survivor regions: 39->36(36)
[16.036s][info][gc,heap        ] GC(37) Old regions: 500->607
[16.036s][info][gc,heap        ] GC(37) Humongous regions: 2->2
[16.036s][info][gc,metaspace   ] GC(37) Metaspace: 16478K(16832K)->16478K(16832K) NonClass: 14149K(14336K)->14149K(14336K) Class: 2328K(2496K)->2328K(2496K)
[16.036s][info][gc             ] GC(37) Pause Young (Concurrent Start) (G1 Evacuation Pause) 781M->641M(1024M) 90.657ms
[16.036s][info][gc             ] GC(38) Concurrent Mark Cycle
[16.036s][info][gc,cpu         ] GC(37) User=0.48s Sys=0.00s Real=0.09s
[16.037s][info][gc,marking     ] GC(38) Concurrent Scan Root Regions
[16.067s][info][gc,marking     ] GC(38) Concurrent Scan Root Regions 30.318ms
[16.067s][info][gc,marking     ] GC(38) Concurrent Mark
[16.067s][info][gc,marking     ] GC(38) Concurrent Mark From Roots
[16.067s][info][gc,task        ] GC(38) Using 2 workers of 2 for marking
[16.122s][info][gc,marking     ] GC(38) Concurrent Mark From Roots 55.016ms
[16.122s][info][gc,marking     ] GC(38) Concurrent Preclean
[16.122s][info][gc,marking     ] GC(38) Concurrent Preclean 0.062ms
[16.122s][info][gc,start       ] GC(38) Pause Remark
[16.124s][info][gc             ] GC(38) Pause Remark 769M->383M(1024M) 1.359ms
[16.124s][info][gc,cpu         ] GC(38) User=0.00s Sys=0.00s Real=0.00s
[16.124s][info][gc,marking     ] GC(38) Concurrent Mark 56.701ms
[16.124s][info][gc,marking     ] GC(38) Concurrent Rebuild Remembered Sets and Scrub Regions
[16.161s][info][gc,start       ] GC(39) Pause Young (Normal) (G1 Evacuation Pause)
[16.161s][info][gc,task        ] GC(39) Using 6 workers of 6 for evacuation
[16.218s][info][gc,phases      ] GC(39)   Pre Evacuate Collection Set: 0.2ms
[16.222s][info][gc,phases      ] GC(39)   Merge Heap Roots: 0.4ms
[16.222s][info][gc,phases      ] GC(39)   Evacuate Collection Set: 55.6ms
[16.222s][info][gc,phases      ] GC(39)   Post Evacuate Collection Set: 0.6ms
[16.222s][info][gc,phases      ] GC(39)   Other: 0.1ms
[16.222s][info][gc,heap        ] GC(39) Eden regions: 188->0(341)
[16.222s][info][gc,heap        ] GC(39) Survivor regions: 36->28(28)
[16.222s][info][gc,heap        ] GC(39) Old regions: 223->311
[16.222s][info][gc,heap        ] GC(39) Humongous regions: 0->0
[16.222s][info][gc,metaspace   ] GC(39) Metaspace: 16478K(16832K)->16478K(16832K) NonClass: 14149K(14336K)->14149K(14336K) Class: 2328K(2496K)->2328K(2496K)
[16.222s][info][gc             ] GC(39) Pause Young (Normal) (G1 Evacuation Pause) 443M->335M(1024M) 61.144ms
[16.222s][info][gc,cpu         ] GC(39) User=0.28s Sys=0.00s Real=0.06s
[16.279s][info][gc,marking     ] GC(38) Concurrent Rebuild Remembered Sets and Scrub Regions 154.886ms
[16.279s][info][gc,start       ] GC(38) Pause Cleanup
[16.279s][info][gc             ] GC(38) Pause Cleanup 428M->428M(1024M) 0.255ms
[16.279s][info][gc,cpu         ] GC(38) User=0.00s Sys=0.00s Real=0.00s
[16.279s][info][gc,marking     ] GC(38) Concurrent Clear Claimed Marks
[16.279s][info][gc,marking     ] GC(38) Concurrent Clear Claimed Marks 0.032ms
[16.279s][info][gc,marking     ] GC(38) Concurrent Cleanup for Next Mark
[16.281s][info][gc,marking     ] GC(38) Concurrent Cleanup for Next Mark 1.547ms
[16.281s][info][gc             ] GC(38) Concurrent Mark Cycle 244.095ms
[16.800s][info][gc,start       ] GC(40) Pause Young (Prepare Mixed) (G1 Evacuation Pause)
[16.800s][info][gc,task        ] GC(40) Using 6 workers of 6 for evacuation
[16.923s][info][gc,phases      ] GC(40)   Pre Evacuate Collection Set: 0.4ms
[16.923s][info][gc,phases      ] GC(40)   Merge Heap Roots: 1.9ms
[16.923s][info][gc,phases      ] GC(40)   Evacuate Collection Set: 118.5ms
[16.923s][info][gc,phases      ] GC(40)   Post Evacuate Collection Set: 1.4ms
[16.923s][info][gc,phases      ] GC(40)   Other: 0.1ms
[16.923s][info][gc,heap        ] GC(40) Eden regions: 341->0(241)
[16.923s][info][gc,heap        ] GC(40) Survivor regions: 28->47(47)
[16.923s][info][gc,heap        ] GC(40) Old regions: 311->458
[16.923s][info][gc,heap        ] GC(40) Humongous regions: 6->6
[16.923s][info][gc,metaspace   ] GC(40) Metaspace: 16478K(16832K)->16478K(16832K) NonClass: 14149K(14336K)->14149K(14336K) Class: 2328K(2496K)->2328K(2496K)
[16.923s][info][gc             ] GC(40) Pause Young (Prepare Mixed) (G1 Evacuation Pause) 682M->507M(1024M) 122.587ms
[16.923s][info][gc,cpu         ] GC(40) User=0.58s Sys=0.00s Real=0.12s
[17.489s][info][gc,start       ] GC(41) Pause Young (Mixed) (G1 Evacuation Pause)
[17.489s][info][gc,task        ] GC(41) Using 6 workers of 6 for evacuation
[17.531s][info][gc,phases      ] GC(41)   Pre Evacuate Collection Set: 0.2ms
[17.531s][info][gc,phases      ] GC(41)   Merge Heap Roots: 1.3ms
[17.531s][info][gc,phases      ] GC(41)   Evacuate Collection Set: 40.0ms
[17.531s][info][gc,phases      ] GC(41)   Post Evacuate Collection Set: 0.7ms
[17.532s][info][gc,phases      ] GC(41)   Other: 0.1ms
[17.532s][info][gc,heap        ] GC(41) Eden regions: 241->0(274)
[17.532s][info][gc,heap        ] GC(41) Survivor regions: 47->6(36)
[17.532s][info][gc,heap        ] GC(41) Old regions: 458->485
[17.532s][info][gc,heap        ] GC(41) Humongous regions: 6->6
[17.532s][info][gc,metaspace   ] GC(41) Metaspace: 16478K(16832K)->16478K(16832K) NonClass: 14149K(14336K)->14149K(14336K) Class: 2328K(2496K)->2328K(2496K)
[17.532s][info][gc             ] GC(41) Pause Young (Mixed) (G1 Evacuation Pause) 748M->492M(1024M) 42.609ms
[17.532s][info][gc,cpu         ] GC(41) User=0.16s Sys=0.00s Real=0.03s
[18.015s][info][gc,start       ] GC(42) Pause Young (Concurrent Start) (G1 Evacuation Pause)
[18.015s][info][gc,task        ] GC(42) Using 6 workers of 6 for evacuation
[18.029s][info][gc,phases      ] GC(42)   Pre Evacuate Collection Set: 0.4ms
[18.029s][info][gc,phases      ] GC(42)   Merge Heap Roots: 0.7ms
[18.029s][info][gc,phases      ] GC(42)   Evacuate Collection Set: 11.6ms
[18.029s][info][gc,phases      ] GC(42)   Post Evacuate Collection Set: 0.6ms
[18.029s][info][gc,phases      ] GC(42)   Other: 0.2ms
[18.029s][info][gc,heap        ] GC(42) Eden regions: 274->0(306)
[18.029s][info][gc,heap        ] GC(42) Survivor regions: 6->2(35)
[18.029s][info][gc,heap        ] GC(42) Old regions: 485->485
[18.029s][info][gc,heap        ] GC(42) Humongous regions: 6->6
[18.029s][info][gc,metaspace   ] GC(42) Metaspace: 16478K(16832K)->16478K(16832K) NonClass: 14149K(14336K)->14149K(14336K) Class: 2328K(2496K)->2328K(2496K)
[18.029s][info][gc             ] GC(42) Pause Young (Concurrent Start) (G1 Evacuation Pause) 766M->489M(1024M) 13.800ms
[18.029s][info][gc,cpu         ] GC(42) User=0.02s Sys=0.00s Real=0.02s
[18.029s][info][gc             ] GC(43) Concurrent Mark Cycle
[18.029s][info][gc,marking     ] GC(43) Concurrent Scan Root Regions
[18.029s][info][gc,marking     ] GC(43) Concurrent Scan Root Regions 0.177ms
[18.029s][info][gc,marking     ] GC(43) Concurrent Mark
[18.029s][info][gc,marking     ] GC(43) Concurrent Mark From Roots
[18.029s][info][gc,task        ] GC(43) Using 2 workers of 2 for marking
[18.249s][info][gc,marking     ] GC(43) Concurrent Mark From Roots 219.453ms
[18.249s][info][gc,marking     ] GC(43) Concurrent Preclean
[18.249s][info][gc,marking     ] GC(43) Concurrent Preclean 0.058ms
[18.249s][info][gc,start       ] GC(43) Pause Remark
[18.250s][info][gc             ] GC(43) Pause Remark 503M->488M(1024M) 1.211ms
[18.250s][info][gc,cpu         ] GC(43) User=0.00s Sys=0.00s Real=0.00s
[18.250s][info][gc,marking     ] GC(43) Concurrent Mark 221.010ms
[18.250s][info][gc,marking     ] GC(43) Concurrent Rebuild Remembered Sets and Scrub Regions
[18.446s][info][gc,marking     ] GC(43) Concurrent Rebuild Remembered Sets and Scrub Regions 195.705ms
[18.446s][info][gc,start       ] GC(43) Pause Cleanup
[18.447s][info][gc             ] GC(43) Pause Cleanup 515M->515M(1024M) 0.370ms
[18.447s][info][gc,cpu         ] GC(43) User=0.00s Sys=0.00s Real=0.00s
[18.447s][info][gc,marking     ] GC(43) Concurrent Clear Claimed Marks
[18.447s][info][gc,marking     ] GC(43) Concurrent Clear Claimed Marks 0.027ms
[18.447s][info][gc,marking     ] GC(43) Concurrent Cleanup for Next Mark
[18.448s][info][gc,marking     ] GC(43) Concurrent Cleanup for Next Mark 1.553ms
[18.448s][info][gc             ] GC(43) Concurrent Mark Cycle 419.204ms
[18.730s][info][gc,start       ] GC(44) Pause Full (System.gc())
[18.730s][info][gc,task        ] GC(44) Using 6 workers of 6 for full compaction
[18.730s][info][gc,phases,start] GC(44) Phase 1: Mark live objects
[18.733s][info][gc,phases      ] GC(44) Phase 1: Mark live objects 2.914ms
[18.733s][info][gc,phases,start] GC(44) Phase 2: Prepare compaction
[18.734s][info][gc,phases      ] GC(44) Phase 2: Prepare compaction 0.602ms
[18.734s][info][gc,phases,start] GC(44) Phase 3: Adjust pointers
[18.736s][info][gc,phases      ] GC(44) Phase 3: Adjust pointers 2.069ms
[18.736s][info][gc,phases,start] GC(44) Phase 4: Compact heap
[18.737s][info][gc,phases      ] GC(44) Phase 4: Compact heap 0.686ms
[18.737s][info][gc,phases,start] GC(44) Phase 5: Reset Metadata
[18.737s][info][gc,phases      ] GC(44) Phase 5: Reset Metadata 0.595ms
[18.741s][info][gc,heap        ] GC(44) Eden regions: 83->0(578)
[18.741s][info][gc,heap        ] GC(44) Survivor regions: 2->0(35)
[18.741s][info][gc,heap        ] GC(44) Old regions: 473->9
[18.741s][info][gc,heap        ] GC(44) Humongous regions: 3->0
[18.741s][info][gc,metaspace   ] GC(44) Metaspace: 16480K(16832K)->16480K(16832K) NonClass: 14151K(14336K)->14151K(14336K) Class: 2328K(2496K)->2328K(2496K)
[18.741s][info][gc             ] GC(44) Pause Full (System.gc()) 556M->5M(1024M) 11.369ms
[18.741s][info][gc,cpu         ] GC(44) User=0.00s Sys=0.00s Real=0.01s
[19.901s][info][gc,start       ] GC(45) Pause Young (Concurrent Start) (G1 Evacuation Pause)
[19.901s][info][gc,task        ] GC(45) Using 6 workers of 6 for evacuation
[19.902s][info][gc,phases      ] GC(45)   Pre Evacuate Collection Set: 0.3ms
[19.902s][info][gc,phases      ] GC(45)   Merge Heap Roots: 0.1ms
[19.902s][info][gc,phases      ] GC(45)   Evacuate Collection Set: 0.4ms
[19.902s][info][gc,phases      ] GC(45)   Post Evacuate Collection Set: 0.4ms
[19.902s][info][gc,phases      ] GC(45)   Other: 0.1ms
[19.902s][info][gc,heap        ] GC(45) Eden regions: 578->0(613)
[19.902s][info][gc,heap        ] GC(45) Survivor regions: 0->1(73)
[19.902s][info][gc,heap        ] GC(45) Old regions: 9->9
[19.902s][info][gc,heap        ] GC(45) Humongous regions: 0->0
[19.902s][info][gc,metaspace   ] GC(45) Metaspace: 16480K(16832K)->16480K(16832K) NonClass: 14152K(14336K)->14152K(14336K) Class: 2328K(2496K)->2328K(2496K)
[19.902s][info][gc             ] GC(45) Pause Young (Concurrent Start) (G1 Evacuation Pause) 583M->5M(1024M) 1.465ms
[19.902s][info][gc             ] GC(46) Concurrent Mark Cycle
[19.902s][info][gc,cpu         ] GC(45) User=0.00s Sys=0.00s Real=0.00s
[19.903s][info][gc,marking     ] GC(46) Concurrent Scan Root Regions
[19.903s][info][gc,marking     ] GC(46) Concurrent Scan Root Regions 0.301ms
[19.903s][info][gc,marking     ] GC(46) Concurrent Mark
[19.903s][info][gc,marking     ] GC(46) Concurrent Mark From Roots
[19.903s][info][gc,task        ] GC(46) Using 2 workers of 2 for marking
[19.907s][info][gc,marking     ] GC(46) Concurrent Mark From Roots 3.747ms
[19.907s][info][gc,marking     ] GC(46) Concurrent Preclean
[19.907s][info][gc,marking     ] GC(46) Concurrent Preclean 0.025ms
[19.907s][info][gc,start       ] GC(46) Pause Remark
[19.908s][info][gc             ] GC(46) Pause Remark 24M->24M(1024M) 1.274ms
[19.908s][info][gc,cpu         ] GC(46) User=0.00s Sys=0.00s Real=0.00s
[19.908s][info][gc,marking     ] GC(46) Concurrent Mark 5.324ms
[19.908s][info][gc,marking     ] GC(46) Concurrent Rebuild Remembered Sets and Scrub Regions
[19.909s][info][gc,marking     ] GC(46) Concurrent Rebuild Remembered Sets and Scrub Regions 1.273ms
[19.910s][info][gc,start       ] GC(46) Pause Cleanup
[19.910s][info][gc             ] GC(46) Pause Cleanup 30M->30M(1024M) 0.120ms
[19.910s][info][gc,cpu         ] GC(46) User=0.00s Sys=0.00s Real=0.00s
[19.910s][info][gc,marking     ] GC(46) Concurrent Clear Claimed Marks
[19.910s][info][gc,marking     ] GC(46) Concurrent Clear Claimed Marks 0.026ms
[19.910s][info][gc,marking     ] GC(46) Concurrent Cleanup for Next Mark
[19.912s][info][gc,marking     ] GC(46) Concurrent Cleanup for Next Mark 2.408ms
[19.912s][info][gc             ] GC(46) Concurrent Mark Cycle 9.967ms
[20.007s][info][gc,start       ] GC(47) Pause Young (Prepare Mixed) (G1 Evacuation Pause)
[20.007s][info][gc,task        ] GC(47) Using 6 workers of 6 for evacuation
[20.008s][info][gc,phases      ] GC(47)   Pre Evacuate Collection Set: 0.2ms
[20.008s][info][gc,phases      ] GC(47)   Merge Heap Roots: 0.1ms
[20.008s][info][gc,phases      ] GC(47)   Evacuate Collection Set: 0.4ms
[20.008s][info][gc,phases      ] GC(47)   Post Evacuate Collection Set: 0.3ms
[20.008s][info][gc,phases      ] GC(47)   Other: 0.1ms
[20.008s][info][gc,heap        ] GC(47) Eden regions: 613->0(613)
[20.008s][info][gc,heap        ] GC(47) Survivor regions: 1->1(77)
[20.008s][info][gc,heap        ] GC(47) Old regions: 9->9
[20.008s][info][gc,heap        ] GC(47) Humongous regions: 0->0
[20.008s][info][gc,metaspace   ] GC(47) Metaspace: 16480K(16832K)->16480K(16832K) NonClass: 14152K(14336K)->14152K(14336K) Class: 2328K(2496K)->2328K(2496K)
[20.008s][info][gc             ] GC(47) Pause Young (Prepare Mixed) (G1 Evacuation Pause) 618M->5M(1024M) 1.238ms
[20.008s][info][gc,cpu         ] GC(47) User=0.00s Sys=0.00s Real=0.00s
[20.167s][info][gc,start       ] GC(48) Pause Young (Mixed) (G1 Evacuation Pause)
[20.167s][info][gc,task        ] GC(48) Using 6 workers of 6 for evacuation
[20.168s][info][gc,phases      ] GC(48)   Pre Evacuate Collection Set: 0.2ms
[20.168s][info][gc,phases      ] GC(48)   Merge Heap Roots: 0.1ms
[20.168s][info][gc,phases      ] GC(48)   Evacuate Collection Set: 0.3ms
[20.169s][info][gc,phases      ] GC(48)   Post Evacuate Collection Set: 0.4ms
[20.169s][info][gc,phases      ] GC(48)   Other: 0.1ms
[20.169s][info][gc,heap        ] GC(48) Eden regions: 613->0(613)
[20.169s][info][gc,heap        ] GC(48) Survivor regions: 1->1(77)
[20.169s][info][gc,heap        ] GC(48) Old regions: 9->9
[20.169s][info][gc,heap        ] GC(48) Humongous regions: 0->0
[20.169s][info][gc,metaspace   ] GC(48) Metaspace: 16480K(16832K)->16480K(16832K) NonClass: 14152K(14336K)->14152K(14336K) Class: 2328K(2496K)->2328K(2496K)
[20.169s][info][gc             ] GC(48) Pause Young (Mixed) (G1 Evacuation Pause) 618M->5M(1024M) 1.272ms
[20.169s][info][gc,cpu         ] GC(48) User=0.02s Sys=0.00s Real=0.00s
[20.267s][info][gc,start       ] GC(49) Pause Young (Concurrent Start) (G1 Evacuation Pause)
[20.267s][info][gc,task        ] GC(49) Using 6 workers of 6 for evacuation
[20.268s][info][gc,phases      ] GC(49)   Pre Evacuate Collection Set: 0.2ms
[20.268s][info][gc,phases      ] GC(49)   Merge Heap Roots: 0.1ms
[20.268s][info][gc,phases      ] GC(49)   Evacuate Collection Set: 0.4ms
[20.268s][info][gc,phases      ] GC(49)   Post Evacuate Collection Set: 0.4ms
[20.268s][info][gc,phases      ] GC(49)   Other: 0.1ms
[20.268s][info][gc,heap        ] GC(49) Eden regions: 613->0(613)
[20.268s][info][gc,heap        ] GC(49) Survivor regions: 1->1(77)
[20.268s][info][gc,heap        ] GC(49) Old regions: 9->9
[20.268s][info][gc,heap        ] GC(49) Humongous regions: 0->0
[20.268s][info][gc,metaspace   ] GC(49) Metaspace: 16480K(16832K)->16480K(16832K) NonClass: 14152K(14336K)->14152K(14336K) Class: 2328K(2496K)->2328K(2496K)
[20.268s][info][gc             ] GC(49) Pause Young (Concurrent Start) (G1 Evacuation Pause) 618M->5M(1024M) 1.314ms
[20.268s][info][gc             ] GC(50) Concurrent Mark Cycle
[20.268s][info][gc,cpu         ] GC(49) User=0.00s Sys=0.00s Real=0.00s
[20.268s][info][gc,marking     ] GC(50) Concurrent Scan Root Regions
[20.269s][info][gc,marking     ] GC(50) Concurrent Scan Root Regions 0.289ms
[20.269s][info][gc,marking     ] GC(50) Concurrent Mark
[20.269s][info][gc,marking     ] GC(50) Concurrent Mark From Roots
[20.269s][info][gc,task        ] GC(50) Using 2 workers of 2 for marking
[20.273s][info][gc,marking     ] GC(50) Concurrent Mark From Roots 3.945ms
[20.273s][info][gc,marking     ] GC(50) Concurrent Preclean
[20.273s][info][gc,marking     ] GC(50) Concurrent Preclean 0.022ms
[20.273s][info][gc,start       ] GC(50) Pause Remark
[20.274s][info][gc             ] GC(50) Pause Remark 25M->25M(1024M) 1.040ms
[20.274s][info][gc,cpu         ] GC(50) User=0.00s Sys=0.00s Real=0.00s
[20.274s][info][gc,marking     ] GC(50) Concurrent Mark 5.263ms
[20.274s][info][gc,marking     ] GC(50) Concurrent Rebuild Remembered Sets and Scrub Regions
[20.275s][info][gc,marking     ] GC(50) Concurrent Rebuild Remembered Sets and Scrub Regions 1.261ms
[20.275s][info][gc,start       ] GC(50) Pause Cleanup
[20.276s][info][gc             ] GC(50) Pause Cleanup 32M->32M(1024M) 0.133ms
[20.276s][info][gc,cpu         ] GC(50) User=0.00s Sys=0.00s Real=0.00s
[20.276s][info][gc,marking     ] GC(50) Concurrent Clear Claimed Marks
[20.276s][info][gc,marking     ] GC(50) Concurrent Clear Claimed Marks 0.026ms
[20.276s][info][gc,marking     ] GC(50) Concurrent Cleanup for Next Mark
[20.278s][info][gc,marking     ] GC(50) Concurrent Cleanup for Next Mark 2.433ms
[20.278s][info][gc             ] GC(50) Concurrent Mark Cycle 9.802ms
[20.480s][info][gc,start       ] GC(51) Pause Young (Prepare Mixed) (G1 Evacuation Pause)
[20.481s][info][gc,task        ] GC(51) Using 6 workers of 6 for evacuation
[20.547s][info][gc,phases      ] GC(51)   Pre Evacuate Collection Set: 0.2ms
[20.547s][info][gc,phases      ] GC(51)   Merge Heap Roots: 0.1ms
[20.547s][info][gc,phases      ] GC(51)   Evacuate Collection Set: 65.0ms
[20.547s][info][gc,phases      ] GC(51)   Post Evacuate Collection Set: 0.8ms
[20.547s][info][gc,phases      ] GC(51)   Other: 0.1ms
[20.547s][info][gc,heap        ] GC(51) Eden regions: 613->0(537)
[20.547s][info][gc,heap        ] GC(51) Survivor regions: 1->77(77)
[20.547s][info][gc,heap        ] GC(51) Old regions: 9->79
[20.547s][info][gc,heap        ] GC(51) Humongous regions: 1->1
[20.547s][info][gc,metaspace   ] GC(51) Metaspace: 16480K(16832K)->16480K(16832K) NonClass: 14152K(14336K)->14152K(14336K) Class: 2328K(2496K)->2328K(2496K)
[20.547s][info][gc             ] GC(51) Pause Young (Prepare Mixed) (G1 Evacuation Pause) 619M->153M(1024M) 66.378ms
[20.547s][info][gc,cpu         ] GC(51) User=0.34s Sys=0.00s Real=0.06s
[24.611s][info][gc,start       ] GC(52) Pause Young (Mixed) (G1 Evacuation Pause)
[24.611s][info][gc,task        ] GC(52) Using 6 workers of 6 for evacuation
[24.769s][info][gc,phases      ] GC(52)   Pre Evacuate Collection Set: 0.3ms
[24.769s][info][gc,phases      ] GC(52)   Merge Heap Roots: 0.7ms
[24.769s][info][gc,phases      ] GC(52)   Evacuate Collection Set: 150.9ms
[24.769s][info][gc,phases      ] GC(52)   Post Evacuate Collection Set: 5.6ms
[24.769s][info][gc,phases      ] GC(52)   Other: 0.1ms
[24.769s][info][gc,heap        ] GC(52) Eden regions: 537->0(273)
[24.769s][info][gc,heap        ] GC(52) Survivor regions: 77->77(77)
[24.769s][info][gc,heap        ] GC(52) Old regions: 79->437
[24.769s][info][gc,heap        ] GC(52) Humongous regions: 2->2
[24.769s][info][gc,metaspace   ] GC(52) Metaspace: 16480K(16832K)->16480K(16832K) NonClass: 14152K(14336K)->14152K(14336K) Class: 2328K(2496K)->2328K(2496K)
[24.769s][info][gc             ] GC(52) Pause Young (Mixed) (G1 Evacuation Pause) (Evacuation Failure) 691M->514M(1024M) 157.916ms
[24.769s][info][gc,cpu         ] GC(52) User=0.77s Sys=0.00s Real=0.15s
[24.924s][info][gc,start       ] GC(53) Pause Young (Concurrent Start) (G1 Evacuation Pause)
[24.924s][info][gc,task        ] GC(53) Using 6 workers of 6 for evacuation
[25.028s][info][gc,phases      ] GC(53)   Pre Evacuate Collection Set: 0.4ms
[25.028s][info][gc,phases      ] GC(53)   Merge Heap Roots: 1.1ms
[25.028s][info][gc,phases      ] GC(53)   Evacuate Collection Set: 101.7ms
[25.028s][info][gc,phases      ] GC(53)   Post Evacuate Collection Set: 0.8ms
[25.028s][info][gc,phases      ] GC(53)   Other: 0.2ms
[25.028s][info][gc,heap        ] GC(53) Eden regions: 273->0(200)
[25.028s][info][gc,heap        ] GC(53) Survivor regions: 77->44(44)
[25.028s][info][gc,heap        ] GC(53) Old regions: 437->587
[25.028s][info][gc,heap        ] GC(53) Humongous regions: 2->2
[25.028s][info][gc,metaspace   ] GC(53) Metaspace: 16480K(16832K)->16480K(16832K) NonClass: 14152K(14336K)->14152K(14336K) Class: 2328K(2496K)->2328K(2496K)
[25.028s][info][gc             ] GC(53) Pause Young (Concurrent Start) (G1 Evacuation Pause) 787M->631M(1024M) 104.368ms
[25.028s][info][gc             ] GC(54) Concurrent Mark Cycle
[25.028s][info][gc,cpu         ] GC(53) User=0.58s Sys=0.00s Real=0.11s
[25.028s][info][gc,marking     ] GC(54) Concurrent Scan Root Regions
[25.068s][info][gc,marking     ] GC(54) Concurrent Scan Root Regions 39.303ms
[25.068s][info][gc,marking     ] GC(54) Concurrent Mark
[25.068s][info][gc,marking     ] GC(54) Concurrent Mark From Roots
[25.068s][info][gc,task        ] GC(54) Using 2 workers of 2 for marking
[25.102s][info][gc,marking     ] GC(54) Concurrent Mark From Roots 33.865ms
[25.102s][info][gc,marking     ] GC(54) Concurrent Preclean
[25.102s][info][gc,marking     ] GC(54) Concurrent Preclean 0.055ms
[25.102s][info][gc,start       ] GC(54) Pause Remark
[25.103s][info][gc             ] GC(54) Pause Remark 744M->499M(1024M) 1.245ms
[25.103s][info][gc,cpu         ] GC(54) User=0.00s Sys=0.00s Real=0.00s
[25.103s][info][gc,marking     ] GC(54) Concurrent Mark 35.392ms
[25.103s][info][gc,marking     ] GC(54) Concurrent Rebuild Remembered Sets and Scrub Regions
[25.158s][info][gc,start       ] GC(55) Pause Young (Normal) (G1 Evacuation Pause)
[25.158s][info][gc,task        ] GC(55) Using 6 workers of 6 for evacuation
[25.225s][info][gc,phases      ] GC(55)   Pre Evacuate Collection Set: 0.2ms
[25.225s][info][gc,phases      ] GC(55)   Merge Heap Roots: 0.7ms
[25.226s][info][gc,phases      ] GC(55)   Evacuate Collection Set: 66.2ms
[25.226s][info][gc,phases      ] GC(55)   Post Evacuate Collection Set: 0.6ms
[25.226s][info][gc,phases      ] GC(55)   Other: 0.1ms
[25.226s][info][gc,heap        ] GC(55) Eden regions: 200->0(276)
[25.226s][info][gc,heap        ] GC(55) Survivor regions: 44->31(31)
[25.226s][info][gc,heap        ] GC(55) Old regions: 343->443
[25.226s][info][gc,heap        ] GC(55) Humongous regions: 1->1
[25.226s][info][gc,metaspace   ] GC(55) Metaspace: 16480K(16832K)->16480K(16832K) NonClass: 14152K(14336K)->14152K(14336K) Class: 2328K(2496K)->2328K(2496K)
[25.226s][info][gc             ] GC(55) Pause Young (Normal) (G1 Evacuation Pause) 586M->472M(1024M) 68.037ms
[25.226s][info][gc,cpu         ] GC(55) User=0.47s Sys=0.00s Real=0.06s
[25.237s][info][gc,marking     ] GC(54) Concurrent Rebuild Remembered Sets and Scrub Regions 133.334ms
[25.237s][info][gc,start       ] GC(54) Pause Cleanup
[25.237s][info][gc             ] GC(54) Pause Cleanup 491M->491M(1024M) 0.429ms
[25.237s][info][gc,cpu         ] GC(54) User=0.00s Sys=0.00s Real=0.00s
[25.237s][info][gc,marking     ] GC(54) Concurrent Clear Claimed Marks
[25.237s][info][gc,marking     ] GC(54) Concurrent Clear Claimed Marks 0.029ms
[25.237s][info][gc,marking     ] GC(54) Concurrent Cleanup for Next Mark
[25.239s][info][gc,marking     ] GC(54) Concurrent Cleanup for Next Mark 1.375ms
[25.239s][info][gc             ] GC(54) Concurrent Mark Cycle 210.189ms
[25.392s][info][gc,start       ] GC(56) Pause Young (Prepare Mixed) (G1 Evacuation Pause)
[25.392s][info][gc,task        ] GC(56) Using 6 workers of 6 for evacuation
[25.476s][info][gc,phases      ] GC(56)   Pre Evacuate Collection Set: 0.4ms
[25.476s][info][gc,phases      ] GC(56)   Merge Heap Roots: 1.2ms
[25.476s][info][gc,phases      ] GC(56)   Evacuate Collection Set: 81.3ms
[25.476s][info][gc,phases      ] GC(56)   Post Evacuate Collection Set: 0.4ms
[25.476s][info][gc,phases      ] GC(56)   Other: 0.1ms
[25.476s][info][gc,heap        ] GC(56) Eden regions: 276->0(213)
[25.476s][info][gc,heap        ] GC(56) Survivor regions: 31->39(39)
[25.476s][info][gc,heap        ] GC(56) Old regions: 443->552
[25.476s][info][gc,heap        ] GC(56) Humongous regions: 1->1
[25.476s][info][gc,metaspace   ] GC(56) Metaspace: 16480K(16832K)->16480K(16832K) NonClass: 14152K(14336K)->14152K(14336K) Class: 2328K(2496K)->2328K(2496K)
[25.476s][info][gc             ] GC(56) Pause Young (Prepare Mixed) (G1 Evacuation Pause) 748M->590M(1024M) 83.690ms
[25.476s][info][gc,cpu         ] GC(56) User=0.47s Sys=0.00s Real=0.08s
[25.646s][info][gc,start       ] GC(57) Pause Young (Mixed) (G1 Evacuation Pause)
[25.647s][info][gc,task        ] GC(57) Using 6 workers of 6 for evacuation
[25.733s][info][gc,phases      ] GC(57)   Pre Evacuate Collection Set: 0.3ms
[25.733s][info][gc,phases      ] GC(57)   Merge Heap Roots: 2.1ms
[25.733s][info][gc,phases      ] GC(57)   Evacuate Collection Set: 83.0ms
[25.733s][info][gc,phases      ] GC(57)   Post Evacuate Collection Set: 0.7ms
[25.733s][info][gc,phases      ] GC(57)   Other: 0.1ms
[25.733s][info][gc,heap        ] GC(57) Eden regions: 213->0(206)
[25.733s][info][gc,heap        ] GC(57) Survivor regions: 39->32(32)
[25.733s][info][gc,heap        ] GC(57) Old regions: 552->559
[25.733s][info][gc,heap        ] GC(57) Humongous regions: 4->4
[25.733s][info][gc,metaspace   ] GC(57) Metaspace: 16480K(16832K)->16480K(16832K) NonClass: 14152K(14336K)->14152K(14336K) Class: 2328K(2496K)->2328K(2496K)
[25.733s][info][gc             ] GC(57) Pause Young (Mixed) (G1 Evacuation Pause) 806M->593M(1024M) 86.450ms
[25.733s][info][gc,cpu         ] GC(57) User=0.48s Sys=0.00s Real=0.09s
[25.762s][info][gc,start       ] GC(58) Pause Young (Concurrent Start) (G1 Humongous Allocation)
[25.762s][info][gc,task        ] GC(58) Using 6 workers of 6 for evacuation
[25.817s][info][gc,phases      ] GC(58)   Pre Evacuate Collection Set: 0.2ms
[25.817s][info][gc,phases      ] GC(58)   Merge Heap Roots: 3.1ms
[25.817s][info][gc,phases      ] GC(58)   Evacuate Collection Set: 50.3ms
[25.817s][info][gc,phases      ] GC(58)   Post Evacuate Collection Set: 1.0ms
[25.817s][info][gc,phases      ] GC(58)   Other: 0.1ms
[25.817s][info][gc,heap        ] GC(58) Eden regions: 24->0(153)
[25.817s][info][gc,heap        ] GC(58) Survivor regions: 32->25(30)
[25.817s][info][gc,heap        ] GC(58) Old regions: 559->593
[25.817s][info][gc,heap        ] GC(58) Humongous regions: 4->4
[25.817s][info][gc,metaspace   ] GC(58) Metaspace: 16480K(16832K)->16480K(16832K) NonClass: 14152K(14336K)->14152K(14336K) Class: 2328K(2496K)->2328K(2496K)
[25.817s][info][gc             ] GC(58) Pause Young (Concurrent Start) (G1 Humongous Allocation) 616M->619M(1024M) 54.921ms
[25.817s][info][gc             ] GC(59) Concurrent Mark Cycle
[25.817s][info][gc,cpu         ] GC(58) User=0.31s Sys=0.00s Real=0.06s
[25.817s][info][gc,marking     ] GC(59) Concurrent Scan Root Regions
[25.834s][info][gc,marking     ] GC(59) Concurrent Scan Root Regions 17.098ms
[25.834s][info][gc,marking     ] GC(59) Concurrent Mark
[25.834s][info][gc,marking     ] GC(59) Concurrent Mark From Roots
[25.834s][info][gc,task        ] GC(59) Using 2 workers of 2 for marking
[26.131s][info][gc,marking     ] GC(59) Concurrent Mark From Roots 297.138ms
[26.131s][info][gc,marking     ] GC(59) Concurrent Preclean
[26.131s][info][gc,marking     ] GC(59) Concurrent Preclean 0.054ms
[26.131s][info][gc,start       ] GC(59) Pause Remark
[26.133s][info][gc             ] GC(59) Pause Remark 676M->573M(1024M) 1.244ms
[26.133s][info][gc,cpu         ] GC(59) User=0.00s Sys=0.00s Real=0.00s
[26.133s][info][gc,marking     ] GC(59) Concurrent Mark 298.698ms
[26.133s][info][gc,marking     ] GC(59) Concurrent Rebuild Remembered Sets and Scrub Regions
[26.315s][info][gc,start       ] GC(60) Pause Young (Normal) (G1 Evacuation Pause)
[26.315s][info][gc,task        ] GC(60) Using 6 workers of 6 for evacuation
[26.350s][info][gc,phases      ] GC(60)   Pre Evacuate Collection Set: 0.2ms
[26.350s][info][gc,phases      ] GC(60)   Merge Heap Roots: 1.2ms
[26.350s][info][gc,phases      ] GC(60)   Evacuate Collection Set: 32.1ms
[26.350s][info][gc,phases      ] GC(60)   Post Evacuate Collection Set: 1.1ms
[26.350s][info][gc,phases      ] GC(60)   Other: 0.1ms
[26.350s][info][gc,heap        ] GC(60) Eden regions: 153->0(206)
[26.350s][info][gc,heap        ] GC(60) Survivor regions: 25->8(23)
[26.350s][info][gc,heap        ] GC(60) Old regions: 491->516
[26.350s][info][gc,heap        ] GC(60) Humongous regions: 6->6
[26.350s][info][gc,metaspace   ] GC(60) Metaspace: 16480K(16832K)->16480K(16832K) NonClass: 14152K(14336K)->14152K(14336K) Class: 2328K(2496K)->2328K(2496K)
[26.350s][info][gc             ] GC(60) Pause Young (Normal) (G1 Evacuation Pause) 672M->527M(1024M) 34.851ms
[26.350s][info][gc,cpu         ] GC(60) User=0.09s Sys=0.00s Real=0.03s
[26.370s][info][gc,marking     ] GC(59) Concurrent Rebuild Remembered Sets and Scrub Regions 237.484ms
[26.370s][info][gc,start       ] GC(59) Pause Cleanup
[26.371s][info][gc             ] GC(59) Pause Cleanup 527M->527M(1024M) 0.286ms
[26.371s][info][gc,cpu         ] GC(59) User=0.00s Sys=0.00s Real=0.00s
[26.371s][info][gc,marking     ] GC(59) Concurrent Clear Claimed Marks
[26.371s][info][gc,marking     ] GC(59) Concurrent Clear Claimed Marks 0.018ms
[26.371s][info][gc,marking     ] GC(59) Concurrent Cleanup for Next Mark
[26.373s][info][gc,marking     ] GC(59) Concurrent Cleanup for Next Mark 2.306ms
[26.373s][info][gc             ] GC(59) Concurrent Mark Cycle 556.270ms
[26.743s][info][gc,start       ] GC(61) Pause Young (Prepare Mixed) (G1 Evacuation Pause)
[26.743s][info][gc,task        ] GC(61) Using 6 workers of 6 for evacuation
[26.763s][info][gc,phases      ] GC(61)   Pre Evacuate Collection Set: 0.3ms
[26.763s][info][gc,phases      ] GC(61)   Merge Heap Roots: 1.4ms
[26.763s][info][gc,phases      ] GC(61)   Evacuate Collection Set: 17.2ms
[26.763s][info][gc,phases      ] GC(61)   Post Evacuate Collection Set: 0.5ms
[26.763s][info][gc,phases      ] GC(61)   Other: 0.1ms
[26.763s][info][gc,heap        ] GC(61) Eden regions: 206->0(233)
[26.763s][info][gc,heap        ] GC(61) Survivor regions: 8->6(27)
[26.763s][info][gc,heap        ] GC(61) Old regions: 516->516
[26.763s][info][gc,heap        ] GC(61) Humongous regions: 6->6
[26.763s][info][gc,metaspace   ] GC(61) Metaspace: 16480K(16832K)->16480K(16832K) NonClass: 14152K(14336K)->14152K(14336K) Class: 2328K(2496K)->2328K(2496K)
[26.763s][info][gc             ] GC(61) Pause Young (Prepare Mixed) (G1 Evacuation Pause) 733M->525M(1024M) 19.713ms
[26.763s][info][gc,cpu         ] GC(61) User=0.09s Sys=0.00s Real=0.03s
[27.653s][info][gc,start       ] GC(62) Pause Young (Mixed) (G1 Evacuation Pause)
[27.654s][info][gc,task        ] GC(62) Using 6 workers of 6 for evacuation
[27.657s][info][gc,phases      ] GC(62)   Pre Evacuate Collection Set: 0.2ms
[27.657s][info][gc,phases      ] GC(62)   Merge Heap Roots: 0.1ms
[27.657s][info][gc,phases      ] GC(62)   Evacuate Collection Set: 2.4ms
[27.657s][info][gc,phases      ] GC(62)   Post Evacuate Collection Set: 0.4ms
[27.657s][info][gc,phases      ] GC(62)   Other: 0.1ms
[27.657s][info][gc,heap        ] GC(62) Eden regions: 233->0(263)
[27.657s][info][gc,heap        ] GC(62) Survivor regions: 6->5(30)
[27.657s][info][gc,heap        ] GC(62) Old regions: 516->505
[27.657s][info][gc,heap        ] GC(62) Humongous regions: 6->6
[27.657s][info][gc,metaspace   ] GC(62) Metaspace: 16480K(16832K)->16480K(16832K) NonClass: 14152K(14336K)->14152K(14336K) Class: 2328K(2496K)->2328K(2496K)
[27.657s][info][gc             ] GC(62) Pause Young (Mixed) (G1 Evacuation Pause) 758M->513M(1024M) 3.478ms
[27.657s][info][gc,cpu         ] GC(62) User=0.02s Sys=0.00s Real=0.01s
[27.736s][info][gc,start       ] GC(63) Pause Full (System.gc())
[27.736s][info][gc,task        ] GC(63) Using 6 workers of 6 for full compaction
[27.736s][info][gc,phases,start] GC(63) Phase 1: Mark live objects
[27.739s][info][gc,phases      ] GC(63) Phase 1: Mark live objects 2.394ms
[27.739s][info][gc,phases,start] GC(63) Phase 2: Prepare compaction
[27.739s][info][gc,phases      ] GC(63) Phase 2: Prepare compaction 0.593ms
[27.739s][info][gc,phases,start] GC(63) Phase 3: Adjust pointers
[27.742s][info][gc,phases      ] GC(63) Phase 3: Adjust pointers 2.042ms
[27.742s][info][gc,phases,start] GC(63) Phase 4: Compact heap
[27.742s][info][gc,phases      ] GC(63) Phase 4: Compact heap 0.506ms
[27.742s][info][gc,phases,start] GC(63) Phase 5: Reset Metadata
[27.743s][info][gc,phases      ] GC(63) Phase 5: Reset Metadata 0.572ms
[27.746s][info][gc,heap        ] GC(63) Eden regions: 12->0(490)
[27.747s][info][gc,heap        ] GC(63) Survivor regions: 5->0(30)
[27.747s][info][gc,heap        ] GC(63) Old regions: 505->9
[27.747s][info][gc,heap        ] GC(63) Humongous regions: 6->0
[27.747s][info][gc,metaspace   ] GC(63) Metaspace: 16480K(16832K)->16480K(16832K) NonClass: 14152K(14336K)->14152K(14336K) Class: 2328K(2496K)->2328K(2496K)
[27.747s][info][gc             ] GC(63) Pause Full (System.gc()) 525M->5M(1024M) 10.587ms
[27.747s][info][gc,cpu         ] GC(63) User=0.00s Sys=0.00s Real=0.00s
[28.896s][info][gc,start       ] GC(64) Pause Young (Concurrent Start) (G1 Evacuation Pause)
[28.896s][info][gc,task        ] GC(64) Using 6 workers of 6 for evacuation
[28.897s][info][gc,phases      ] GC(64)   Pre Evacuate Collection Set: 0.3ms
[28.897s][info][gc,phases      ] GC(64)   Merge Heap Roots: 0.1ms
[28.897s][info][gc,phases      ] GC(64)   Evacuate Collection Set: 0.4ms
[28.897s][info][gc,phases      ] GC(64)   Post Evacuate Collection Set: 0.4ms
[28.897s][info][gc,phases      ] GC(64)   Other: 0.1ms
[28.897s][info][gc,heap        ] GC(64) Eden regions: 490->0(548)
[28.897s][info][gc,heap        ] GC(64) Survivor regions: 0->1(62)
[28.897s][info][gc,heap        ] GC(64) Old regions: 9->9
[28.897s][info][gc,heap        ] GC(64) Humongous regions: 0->0
[28.897s][info][gc,metaspace   ] GC(64) Metaspace: 16481K(16832K)->16481K(16832K) NonClass: 14153K(14336K)->14153K(14336K) Class: 2328K(2496K)->2328K(2496K)
[28.897s][info][gc             ] GC(64) Pause Young (Concurrent Start) (G1 Evacuation Pause) 495M->6M(1024M) 1.539ms
[28.897s][info][gc             ] GC(65) Concurrent Mark Cycle
[28.897s][info][gc,cpu         ] GC(64) User=0.02s Sys=0.00s Real=0.00s
[28.897s][info][gc,marking     ] GC(65) Concurrent Scan Root Regions
[28.898s][info][gc,marking     ] GC(65) Concurrent Scan Root Regions 0.293ms
[28.898s][info][gc,marking     ] GC(65) Concurrent Mark
[28.898s][info][gc,marking     ] GC(65) Concurrent Mark From Roots
[28.898s][info][gc,task        ] GC(65) Using 2 workers of 2 for marking
[28.901s][info][gc,marking     ] GC(65) Concurrent Mark From Roots 3.705ms
[28.901s][info][gc,marking     ] GC(65) Concurrent Preclean
[28.901s][info][gc,marking     ] GC(65) Concurrent Preclean 0.025ms
[28.902s][info][gc,start       ] GC(65) Pause Remark
[28.903s][info][gc             ] GC(65) Pause Remark 23M->23M(1024M) 1.171ms
[28.903s][info][gc,cpu         ] GC(65) User=0.00s Sys=0.00s Real=0.00s
[28.903s][info][gc,marking     ] GC(65) Concurrent Mark 5.205ms
[28.903s][info][gc,marking     ] GC(65) Concurrent Rebuild Remembered Sets and Scrub Regions
[28.904s][info][gc,marking     ] GC(65) Concurrent Rebuild Remembered Sets and Scrub Regions 1.233ms
[28.904s][info][gc,start       ] GC(65) Pause Cleanup
[28.904s][info][gc             ] GC(65) Pause Cleanup 28M->28M(1024M) 0.141ms
[28.904s][info][gc,cpu         ] GC(65) User=0.00s Sys=0.00s Real=0.00s
[28.904s][info][gc,marking     ] GC(65) Concurrent Clear Claimed Marks
[28.904s][info][gc,marking     ] GC(65) Concurrent Clear Claimed Marks 0.027ms
[28.904s][info][gc,marking     ] GC(65) Concurrent Cleanup for Next Mark
[28.906s][info][gc,marking     ] GC(65) Concurrent Cleanup for Next Mark 2.010ms
[28.907s][info][gc             ] GC(65) Concurrent Mark Cycle 9.281ms
[28.988s][info][gc,start       ] GC(66) Pause Young (Prepare Mixed) (G1 Evacuation Pause)
[28.988s][info][gc,task        ] GC(66) Using 6 workers of 6 for evacuation
[28.989s][info][gc,phases      ] GC(66)   Pre Evacuate Collection Set: 0.2ms
[28.989s][info][gc,phases      ] GC(66)   Merge Heap Roots: 0.1ms
[28.989s][info][gc,phases      ] GC(66)   Evacuate Collection Set: 0.3ms
[28.989s][info][gc,phases      ] GC(66)   Post Evacuate Collection Set: 0.4ms
[28.989s][info][gc,phases      ] GC(66)   Other: 0.1ms
[28.989s][info][gc,heap        ] GC(66) Eden regions: 548->0(608)
[28.989s][info][gc,heap        ] GC(66) Survivor regions: 1->1(69)
[28.989s][info][gc,heap        ] GC(66) Old regions: 9->9
[28.989s][info][gc,heap        ] GC(66) Humongous regions: 0->0
[28.989s][info][gc,metaspace   ] GC(66) Metaspace: 16481K(16832K)->16481K(16832K) NonClass: 14153K(14336K)->14153K(14336K) Class: 2328K(2496K)->2328K(2496K)
[28.989s][info][gc             ] GC(66) Pause Young (Prepare Mixed) (G1 Evacuation Pause) 554M->5M(1024M) 1.242ms
[28.989s][info][gc,cpu         ] GC(66) User=0.00s Sys=0.00s Real=0.00s
[29.085s][info][gc,start       ] GC(67) Pause Young (Mixed) (G1 Evacuation Pause)
[29.085s][info][gc,task        ] GC(67) Using 6 workers of 6 for evacuation
[29.086s][info][gc,phases      ] GC(67)   Pre Evacuate Collection Set: 0.2ms
[29.086s][info][gc,phases      ] GC(67)   Merge Heap Roots: 0.1ms
[29.086s][info][gc,phases      ] GC(67)   Evacuate Collection Set: 0.3ms
[29.086s][info][gc,phases      ] GC(67)   Post Evacuate Collection Set: 0.4ms
[29.086s][info][gc,phases      ] GC(67)   Other: 0.1ms
[29.086s][info][gc,heap        ] GC(67) Eden regions: 608->0(613)
[29.086s][info][gc,heap        ] GC(67) Survivor regions: 1->1(77)
[29.086s][info][gc,heap        ] GC(67) Old regions: 9->9
[29.086s][info][gc,heap        ] GC(67) Humongous regions: 0->0
[29.086s][info][gc,metaspace   ] GC(67) Metaspace: 16482K(16832K)->16482K(16832K) NonClass: 14153K(14336K)->14153K(14336K) Class: 2328K(2496K)->2328K(2496K)
[29.086s][info][gc             ] GC(67) Pause Young (Mixed) (G1 Evacuation Pause) 613M->5M(1024M) 1.203ms
[29.086s][info][gc,cpu         ] GC(67) User=0.00s Sys=0.00s Real=0.00s
[29.183s][info][gc,start       ] GC(68) Pause Young (Concurrent Start) (G1 Evacuation Pause)
[29.183s][info][gc,task        ] GC(68) Using 6 workers of 6 for evacuation
[29.185s][info][gc,phases      ] GC(68)   Pre Evacuate Collection Set: 0.2ms
[29.185s][info][gc,phases      ] GC(68)   Merge Heap Roots: 0.1ms
[29.185s][info][gc,phases      ] GC(68)   Evacuate Collection Set: 0.4ms
[29.185s][info][gc,phases      ] GC(68)   Post Evacuate Collection Set: 0.4ms
[29.185s][info][gc,phases      ] GC(68)   Other: 0.1ms
[29.185s][info][gc,heap        ] GC(68) Eden regions: 613->0(613)
[29.185s][info][gc,heap        ] GC(68) Survivor regions: 1->1(77)
[29.185s][info][gc,heap        ] GC(68) Old regions: 9->9
[29.185s][info][gc,heap        ] GC(68) Humongous regions: 0->0
[29.185s][info][gc,metaspace   ] GC(68) Metaspace: 16482K(16832K)->16482K(16832K) NonClass: 14153K(14336K)->14153K(14336K) Class: 2328K(2496K)->2328K(2496K)
[29.185s][info][gc             ] GC(68) Pause Young (Concurrent Start) (G1 Evacuation Pause) 618M->5M(1024M) 1.295ms
[29.185s][info][gc,cpu         ] GC(68) User=0.00s Sys=0.00s Real=0.00s
[29.185s][info][gc             ] GC(69) Concurrent Mark Cycle
[29.185s][info][gc,marking     ] GC(69) Concurrent Scan Root Regions
[29.185s][info][gc,marking     ] GC(69) Concurrent Scan Root Regions 0.283ms
[29.185s][info][gc,marking     ] GC(69) Concurrent Mark
[29.185s][info][gc,marking     ] GC(69) Concurrent Mark From Roots
[29.185s][info][gc,task        ] GC(69) Using 2 workers of 2 for marking
[29.189s][info][gc,marking     ] GC(69) Concurrent Mark From Roots 3.740ms
[29.189s][info][gc,marking     ] GC(69) Concurrent Preclean
[29.189s][info][gc,marking     ] GC(69) Concurrent Preclean 0.022ms
[29.189s][info][gc,start       ] GC(69) Pause Remark
[29.190s][info][gc             ] GC(69) Pause Remark 25M->25M(1024M) 1.030ms
[29.190s][info][gc,cpu         ] GC(69) User=0.00s Sys=0.00s Real=0.00s
[29.190s][info][gc,marking     ] GC(69) Concurrent Mark 5.103ms
[29.190s][info][gc,marking     ] GC(69) Concurrent Rebuild Remembered Sets and Scrub Regions
[29.192s][info][gc,marking     ] GC(69) Concurrent Rebuild Remembered Sets and Scrub Regions 1.327ms
[29.192s][info][gc,start       ] GC(69) Pause Cleanup
[29.192s][info][gc             ] GC(69) Pause Cleanup 31M->31M(1024M) 0.100ms
[29.192s][info][gc,cpu         ] GC(69) User=0.00s Sys=0.00s Real=0.00s
[29.192s][info][gc,marking     ] GC(69) Concurrent Clear Claimed Marks
[29.192s][info][gc,marking     ] GC(69) Concurrent Clear Claimed Marks 0.022ms
[29.192s][info][gc,marking     ] GC(69) Concurrent Cleanup for Next Mark
[29.194s][info][gc,marking     ] GC(69) Concurrent Cleanup for Next Mark 2.371ms
[29.194s][info][gc             ] GC(69) Concurrent Mark Cycle 9.624ms
[29.316s][info][gc,start       ] GC(70) Pause Young (Prepare Mixed) (G1 Evacuation Pause)
[29.316s][info][gc,task        ] GC(70) Using 6 workers of 6 for evacuation
[29.340s][info][gc,phases      ] GC(70)   Pre Evacuate Collection Set: 0.2ms
[29.340s][info][gc,phases      ] GC(70)   Merge Heap Roots: 0.1ms
[29.340s][info][gc,phases      ] GC(70)   Evacuate Collection Set: 22.9ms
[29.340s][info][gc,phases      ] GC(70)   Post Evacuate Collection Set: 0.5ms
[29.340s][info][gc,phases      ] GC(70)   Other: 0.1ms
[29.340s][info][gc,heap        ] GC(70) Eden regions: 613->0(561)
[29.340s][info][gc,heap        ] GC(70) Survivor regions: 1->53(77)
[29.340s][info][gc,heap        ] GC(70) Old regions: 9->9
[29.340s][info][gc,heap        ] GC(70) Humongous regions: 1->1
[29.340s][info][gc,metaspace   ] GC(70) Metaspace: 16482K(16832K)->16482K(16832K) NonClass: 14154K(14336K)->14154K(14336K) Class: 2328K(2496K)->2328K(2496K)
[29.340s][info][gc             ] GC(70) Pause Young (Prepare Mixed) (G1 Evacuation Pause) 619M->59M(1024M) 24.024ms
[29.340s][info][gc,cpu         ] GC(70) User=0.02s Sys=0.00s Real=0.02s
[29.835s][info][gc,start       ] GC(71) Pause Young (Mixed) (G1 Evacuation Pause)
[29.835s][info][gc,task        ] GC(71) Using 6 workers of 6 for evacuation
[30.035s][info][gc,phases      ] GC(71)   Pre Evacuate Collection Set: 0.2ms
[30.035s][info][gc,phases      ] GC(71)   Merge Heap Roots: 0.1ms
[30.035s][info][gc,phases      ] GC(71)   Evacuate Collection Set: 186.8ms
[30.035s][info][gc,phases      ] GC(71)   Post Evacuate Collection Set: 12.1ms
[30.035s][info][gc,phases      ] GC(71)   Other: 0.1ms
[30.035s][info][gc,heap        ] GC(71) Eden regions: 561->0(0)
[30.035s][info][gc,heap        ] GC(71) Survivor regions: 53->77(77)
[30.035s][info][gc,heap        ] GC(71) Old regions: 9->931
[30.035s][info][gc,heap        ] GC(71) Humongous regions: 2->2
[30.035s][info][gc,metaspace   ] GC(71) Metaspace: 16482K(16832K)->16482K(16832K) NonClass: 14154K(14336K)->14154K(14336K) Class: 2328K(2496K)->2328K(2496K)
[30.035s][info][gc             ] GC(71) Pause Young (Mixed) (G1 Evacuation Pause) (Evacuation Failure) 621M->1008M(1024M) 199.494ms
[30.035s][info][gc,cpu         ] GC(71) User=1.11s Sys=0.00s Real=0.20s
[30.035s][info][gc,ergo        ] Attempting full compaction
[30.035s][info][gc,start       ] GC(72) Pause Full (G1 Compaction Pause)
[30.035s][info][gc,task        ] GC(72) Using 6 workers of 6 for full compaction
[30.035s][info][gc,phases,start] GC(72) Phase 1: Mark live objects
[30.155s][info][gc,phases      ] GC(72) Phase 1: Mark live objects 119.734ms
[30.155s][info][gc,phases,start] GC(72) Phase 2: Prepare compaction
[30.162s][info][gc,phases      ] GC(72) Phase 2: Prepare compaction 7.146ms
[30.162s][info][gc,phases,start] GC(72) Phase 3: Adjust pointers
[30.197s][info][gc,phases      ] GC(72) Phase 3: Adjust pointers 34.564ms
[30.197s][info][gc,phases,start] GC(72) Phase 4: Compact heap
[30.205s][info][gc,phases      ] GC(72) Phase 4: Compact heap 8.003ms
[30.205s][info][gc,phases,start] GC(72) Phase 5: Reset Metadata
[30.218s][info][gc,phases      ] GC(72) Phase 5: Reset Metadata 13.712ms
[30.224s][info][gc,heap        ] GC(72) Eden regions: 0->0(313)
[30.224s][info][gc,heap        ] GC(72) Survivor regions: 77->0(77)
[30.224s][info][gc,heap        ] GC(72) Old regions: 931->422
[30.225s][info][gc,heap        ] GC(72) Humongous regions: 2->2
[30.225s][info][gc,metaspace   ] GC(72) Metaspace: 16482K(16832K)->16474K(16832K) NonClass: 14154K(14336K)->14148K(14336K) Class: 2328K(2496K)->2325K(2496K)
[30.225s][info][gc             ] GC(72) Pause Full (G1 Compaction Pause) 1008M->420M(1024M) 189.720ms
[30.225s][info][gc,cpu         ] GC(72) User=0.72s Sys=0.02s Real=0.19s
[30.256s][info][gc,start       ] GC(73) Pause Young (Concurrent Start) (G1 Humongous Allocation)
[30.256s][info][gc,task        ] GC(73) Using 6 workers of 6 for evacuation
[30.272s][info][gc,phases      ] GC(73)   Pre Evacuate Collection Set: 0.2ms
[30.272s][info][gc,phases      ] GC(73)   Merge Heap Roots: 0.4ms
[30.272s][info][gc,phases      ] GC(73)   Evacuate Collection Set: 15.9ms
[30.272s][info][gc,phases      ] GC(73)   Post Evacuate Collection Set: 0.2ms
[30.272s][info][gc,phases      ] GC(73)   Other: 0.1ms
[30.273s][info][gc,heap        ] GC(73) Eden regions: 21->0(335)
[30.273s][info][gc,heap        ] GC(73) Survivor regions: 0->6(40)
[30.273s][info][gc,heap        ] GC(73) Old regions: 422->422
[30.273s][info][gc,heap        ] GC(73) Humongous regions: 2->2
[30.273s][info][gc,metaspace   ] GC(73) Metaspace: 16474K(16832K)->16474K(16832K) NonClass: 14148K(14336K)->14148K(14336K) Class: 2325K(2496K)->2325K(2496K)
[30.273s][info][gc             ] GC(73) Pause Young (Concurrent Start) (G1 Humongous Allocation) 441M->426M(1024M) 17.007ms
[30.273s][info][gc             ] GC(74) Concurrent Mark Cycle
[30.273s][info][gc,cpu         ] GC(73) User=0.02s Sys=0.00s Real=0.02s
[30.273s][info][gc,marking     ] GC(74) Concurrent Scan Root Regions
[30.285s][info][gc,marking     ] GC(74) Concurrent Scan Root Regions 12.374ms
[30.285s][info][gc,marking     ] GC(74) Concurrent Mark
[30.285s][info][gc,marking     ] GC(74) Concurrent Mark From Roots
[30.285s][info][gc,task        ] GC(74) Using 2 workers of 2 for marking
[30.614s][info][gc,marking     ] GC(74) Concurrent Mark From Roots 329.308ms
[30.614s][info][gc,marking     ] GC(74) Concurrent Preclean
[30.614s][info][gc,marking     ] GC(74) Concurrent Preclean 0.033ms
[30.615s][info][gc,start       ] GC(74) Pause Remark
[30.616s][info][gc             ] GC(74) Pause Remark 484M->484M(1024M) 1.025ms
[30.616s][info][gc,cpu         ] GC(74) User=0.00s Sys=0.00s Real=0.00s
[30.616s][info][gc,marking     ] GC(74) Concurrent Mark 330.580ms
[30.616s][info][gc,marking     ] GC(74) Concurrent Rebuild Remembered Sets and Scrub Regions
[30.794s][info][gc,marking     ] GC(74) Concurrent Rebuild Remembered Sets and Scrub Regions 178.731ms
[30.795s][info][gc,start       ] GC(74) Pause Cleanup
[30.795s][info][gc             ] GC(74) Pause Cleanup 485M->485M(1024M) 0.229ms
[30.795s][info][gc,cpu         ] GC(74) User=0.00s Sys=0.00s Real=0.00s
[30.795s][info][gc,marking     ] GC(74) Concurrent Clear Claimed Marks
[30.795s][info][gc,marking     ] GC(74) Concurrent Clear Claimed Marks 0.033ms
[30.795s][info][gc,marking     ] GC(74) Concurrent Cleanup for Next Mark
[30.796s][info][gc,marking     ] GC(74) Concurrent Cleanup for Next Mark 1.361ms
[30.796s][info][gc             ] GC(74) Concurrent Mark Cycle 523.784ms
[33.568s][info][gc,start       ] GC(75) Pause Young (Prepare Mixed) (G1 Evacuation Pause)
[33.568s][info][gc,task        ] GC(75) Using 6 workers of 6 for evacuation
[33.647s][info][gc,phases      ] GC(75)   Pre Evacuate Collection Set: 0.3ms
[33.647s][info][gc,phases      ] GC(75)   Merge Heap Roots: 0.9ms
[33.647s][info][gc,phases      ] GC(75)   Evacuate Collection Set: 76.7ms
[33.647s][info][gc,phases      ] GC(75)   Post Evacuate Collection Set: 0.7ms
[33.647s][info][gc,phases      ] GC(75)   Other: 0.1ms
[33.647s][info][gc,heap        ] GC(75) Eden regions: 335->0(249)
[33.647s][info][gc,heap        ] GC(75) Survivor regions: 6->43(43)
[33.647s][info][gc,heap        ] GC(75) Old regions: 422->504
[33.647s][info][gc,heap        ] GC(75) Humongous regions: 4->4
[33.647s][info][gc,metaspace   ] GC(75) Metaspace: 16482K(16832K)->16482K(16832K) NonClass: 14156K(14336K)->14156K(14336K) Class: 2325K(2496K)->2325K(2496K)
[33.647s][info][gc             ] GC(75) Pause Young (Prepare Mixed) (G1 Evacuation Pause) 763M->547M(1024M) 78.986ms
[33.647s][info][gc,cpu         ] GC(75) User=0.47s Sys=0.00s Real=0.08s
[33.790s][info][gc,start       ] GC(76) Pause Young (Mixed) (G1 Evacuation Pause)
[33.790s][info][gc,task        ] GC(76) Using 6 workers of 6 for evacuation
[33.869s][info][gc,phases      ] GC(76)   Pre Evacuate Collection Set: 0.3ms
[33.869s][info][gc,phases      ] GC(76)   Merge Heap Roots: 0.8ms
[33.869s][info][gc,phases      ] GC(76)   Evacuate Collection Set: 77.7ms
[33.869s][info][gc,phases      ] GC(76)   Post Evacuate Collection Set: 0.4ms
[33.869s][info][gc,phases      ] GC(76)   Other: 0.1ms
[33.869s][info][gc,heap        ] GC(76) Eden regions: 249->0(188)
[33.869s][info][gc,heap        ] GC(76) Survivor regions: 43->37(37)
[33.869s][info][gc,heap        ] GC(76) Old regions: 504->613
[33.869s][info][gc,heap        ] GC(76) Humongous regions: 4->4
[33.869s][info][gc,metaspace   ] GC(76) Metaspace: 16482K(16832K)->16482K(16832K) NonClass: 14156K(14336K)->14156K(14336K) Class: 2325K(2496K)->2325K(2496K)
[33.870s][info][gc             ] GC(76) Pause Young (Mixed) (G1 Evacuation Pause) 796M->652M(1024M) 79.593ms
[33.870s][info][gc,cpu         ] GC(76) User=0.39s Sys=0.00s Real=0.08s
[33.985s][info][gc,start       ] GC(77) Pause Young (Concurrent Start) (G1 Evacuation Pause)
[33.985s][info][gc,task        ] GC(77) Using 6 workers of 6 for evacuation
[34.042s][info][gc,phases      ] GC(77)   Pre Evacuate Collection Set: 0.5ms
[34.042s][info][gc,phases      ] GC(77)   Merge Heap Roots: 0.2ms
[34.042s][info][gc,phases      ] GC(77)   Evacuate Collection Set: 55.6ms
[34.042s][info][gc,phases      ] GC(77)   Post Evacuate Collection Set: 0.4ms
[34.042s][info][gc,phases      ] GC(77)   Other: 0.2ms
[34.042s][info][gc,heap        ] GC(77) Eden regions: 188->0(143)
[34.042s][info][gc,heap        ] GC(77) Survivor regions: 37->29(29)
[34.042s][info][gc,heap        ] GC(77) Old regions: 613->702
[34.042s][info][gc,heap        ] GC(77) Humongous regions: 4->4
[34.042s][info][gc,metaspace   ] GC(77) Metaspace: 16482K(16832K)->16482K(16832K) NonClass: 14156K(14336K)->14156K(14336K) Class: 2325K(2496K)->2325K(2496K)
[34.042s][info][gc             ] GC(77) Pause Young (Concurrent Start) (G1 Evacuation Pause) 840M->734M(1024M) 57.102ms
[34.042s][info][gc             ] GC(78) Concurrent Mark Cycle
[34.042s][info][gc,cpu         ] GC(77) User=0.30s Sys=0.00s Real=0.06s
[34.042s][info][gc,marking     ] GC(78) Concurrent Scan Root Regions
[34.071s][info][gc,marking     ] GC(78) Concurrent Scan Root Regions 29.220ms
[34.071s][info][gc,marking     ] GC(78) Concurrent Mark
[34.071s][info][gc,marking     ] GC(78) Concurrent Mark From Roots
[34.071s][info][gc,task        ] GC(78) Using 2 workers of 2 for marking
[34.143s][info][gc,start       ] GC(79) Pause Young (Normal) (G1 Evacuation Pause)
[34.143s][info][gc,task        ] GC(79) Using 6 workers of 6 for evacuation
[34.185s][info][gc,phases      ] GC(79)   Pre Evacuate Collection Set: 0.2ms
[34.186s][info][gc,phases      ] GC(79)   Merge Heap Roots: 0.1ms
[34.186s][info][gc,phases      ] GC(79)   Evacuate Collection Set: 41.5ms
[34.186s][info][gc,phases      ] GC(79)   Post Evacuate Collection Set: 0.3ms
[34.186s][info][gc,phases      ] GC(79)   Other: 0.1ms
[34.186s][info][gc,heap        ] GC(79) Eden regions: 143->0(110)
[34.186s][info][gc,heap        ] GC(79) Survivor regions: 29->22(22)
[34.186s][info][gc,heap        ] GC(79) Old regions: 702->771
[34.186s][info][gc,heap        ] GC(79) Humongous regions: 4->4
[34.186s][info][gc,metaspace   ] GC(79) Metaspace: 16482K(16832K)->16482K(16832K) NonClass: 14156K(14336K)->14156K(14336K) Class: 2325K(2496K)->2325K(2496K)
[34.186s][info][gc             ] GC(79) Pause Young (Normal) (G1 Evacuation Pause) 877M->796M(1024M) 42.463ms
[34.186s][info][gc,cpu         ] GC(79) User=0.08s Sys=0.00s Real=0.05s
[34.247s][info][gc,marking     ] GC(78) Concurrent Mark From Roots 175.967ms
[34.247s][info][gc,marking     ] GC(78) Concurrent Preclean
[34.247s][info][gc,marking     ] GC(78) Concurrent Preclean 0.036ms
[34.247s][info][gc,start       ] GC(78) Pause Remark
[34.249s][info][gc             ] GC(78) Pause Remark 886M->478M(1024M) 1.423ms
[34.249s][info][gc,cpu         ] GC(78) User=0.00s Sys=0.00s Real=0.00s
[34.249s][info][gc,marking     ] GC(78) Concurrent Mark 177.648ms
[34.249s][info][gc,marking     ] GC(78) Concurrent Rebuild Remembered Sets and Scrub Regions
[34.262s][info][gc,start       ] GC(80) Pause Young (Normal) (G1 Evacuation Pause)
[34.262s][info][gc,task        ] GC(80) Using 6 workers of 6 for evacuation
[34.295s][info][gc,phases      ] GC(80)   Pre Evacuate Collection Set: 0.2ms
[34.295s][info][gc,phases      ] GC(80)   Merge Heap Roots: 0.1ms
[34.295s][info][gc,phases      ] GC(80)   Evacuate Collection Set: 32.5ms
[34.295s][info][gc,phases      ] GC(80)   Post Evacuate Collection Set: 0.4ms
[34.295s][info][gc,phases      ] GC(80)   Other: 0.1ms
[34.295s][info][gc,heap        ] GC(80) Eden regions: 110->0(296)
[34.295s][info][gc,heap        ] GC(80) Survivor regions: 22->17(17)
[34.295s][info][gc,heap        ] GC(80) Old regions: 364->418
[34.295s][info][gc,heap        ] GC(80) Humongous regions: 2->2
[34.295s][info][gc,metaspace   ] GC(80) Metaspace: 16482K(16832K)->16482K(16832K) NonClass: 14156K(14336K)->14156K(14336K) Class: 2325K(2496K)->2325K(2496K)
[34.295s][info][gc             ] GC(80) Pause Young (Normal) (G1 Evacuation Pause) 497M->436M(1024M) 33.477ms
[34.295s][info][gc,cpu         ] GC(80) User=0.09s Sys=0.00s Real=0.03s
[34.407s][info][gc,marking     ] GC(78) Concurrent Rebuild Remembered Sets and Scrub Regions 158.310ms
[34.407s][info][gc,start       ] GC(78) Pause Cleanup
[34.407s][info][gc             ] GC(78) Pause Cleanup 516M->516M(1024M) 0.179ms
[34.407s][info][gc,cpu         ] GC(78) User=0.00s Sys=0.00s Real=0.00s
[34.408s][info][gc,marking     ] GC(78) Concurrent Clear Claimed Marks
[34.408s][info][gc,marking     ] GC(78) Concurrent Clear Claimed Marks 0.020ms
[34.408s][info][gc,marking     ] GC(78) Concurrent Cleanup for Next Mark
[34.409s][info][gc,marking     ] GC(78) Concurrent Cleanup for Next Mark 1.562ms
[34.409s][info][gc             ] GC(78) Concurrent Mark Cycle 367.300ms
[35.009s][info][gc,start       ] GC(81) Pause Young (Prepare Mixed) (G1 Evacuation Pause)
[35.009s][info][gc,task        ] GC(81) Using 6 workers of 6 for evacuation
[35.070s][info][gc,phases      ] GC(81)   Pre Evacuate Collection Set: 0.3ms
[35.070s][info][gc,phases      ] GC(81)   Merge Heap Roots: 2.5ms
[35.070s][info][gc,phases      ] GC(81)   Evacuate Collection Set: 57.0ms
[35.070s][info][gc,phases      ] GC(81)   Post Evacuate Collection Set: 1.0ms
[35.070s][info][gc,phases      ] GC(81)   Other: 0.1ms
[35.070s][info][gc,heap        ] GC(81) Eden regions: 296->0(289)
[35.070s][info][gc,heap        ] GC(81) Survivor regions: 17->40(40)
[35.070s][info][gc,heap        ] GC(81) Old regions: 418->434
[35.070s][info][gc,heap        ] GC(81) Humongous regions: 8->8
[35.070s][info][gc,metaspace   ] GC(81) Metaspace: 16482K(16832K)->16482K(16832K) NonClass: 14156K(14336K)->14156K(14336K) Class: 2325K(2496K)->2325K(2496K)
[35.070s][info][gc             ] GC(81) Pause Young (Prepare Mixed) (G1 Evacuation Pause) 738M->481M(1024M) 61.207ms
[35.070s][info][gc,cpu         ] GC(81) User=0.30s Sys=0.00s Real=0.06s
[35.581s][info][gc,start       ] GC(82) Pause Young (Mixed) (G1 Evacuation Pause)
[35.581s][info][gc,task        ] GC(82) Using 6 workers of 6 for evacuation
[35.606s][info][gc,phases      ] GC(82)   Pre Evacuate Collection Set: 0.3ms
[35.606s][info][gc,phases      ] GC(82)   Merge Heap Roots: 1.0ms
[35.606s][info][gc,phases      ] GC(82)   Evacuate Collection Set: 23.0ms
[35.606s][info][gc,phases      ] GC(82)   Post Evacuate Collection Set: 0.4ms
[35.606s][info][gc,phases      ] GC(82)   Other: 0.1ms
[35.606s][info][gc,heap        ] GC(82) Eden regions: 289->0(325)
[35.606s][info][gc,heap        ] GC(82) Survivor regions: 40->3(42)
[35.606s][info][gc,heap        ] GC(82) Old regions: 434->456
[35.606s][info][gc,heap        ] GC(82) Humongous regions: 8->8
[35.606s][info][gc,metaspace   ] GC(82) Metaspace: 16482K(16832K)->16482K(16832K) NonClass: 14156K(14336K)->14156K(14336K) Class: 2325K(2496K)->2325K(2496K)
[35.606s][info][gc             ] GC(82) Pause Young (Mixed) (G1 Evacuation Pause) 770M->466M(1024M) 25.194ms
[35.606s][info][gc,cpu         ] GC(82) User=0.09s Sys=0.00s Real=0.03s
[36.308s][info][gc,start       ] GC(83) Pause Full (System.gc())
[36.308s][info][gc,task        ] GC(83) Using 6 workers of 6 for full compaction
[36.308s][info][gc,phases,start] GC(83) Phase 1: Mark live objects
[36.311s][info][gc,phases      ] GC(83) Phase 1: Mark live objects 2.648ms
[36.311s][info][gc,phases,start] GC(83) Phase 2: Prepare compaction
[36.312s][info][gc,phases      ] GC(83) Phase 2: Prepare compaction 0.751ms
[36.312s][info][gc,phases,start] GC(83) Phase 3: Adjust pointers
[36.314s][info][gc,phases      ] GC(83) Phase 3: Adjust pointers 2.334ms
[36.314s][info][gc,phases,start] GC(83) Phase 4: Compact heap
[36.315s][info][gc,phases      ] GC(83) Phase 4: Compact heap 0.690ms
[36.315s][info][gc,phases,start] GC(83) Phase 5: Reset Metadata
[36.315s][info][gc,phases      ] GC(83) Phase 5: Reset Metadata 0.288ms
[36.319s][info][gc,heap        ] GC(83) Eden regions: 98->0(573)
[36.319s][info][gc,heap        ] GC(83) Survivor regions: 3->0(42)
[36.319s][info][gc,heap        ] GC(83) Old regions: 456->7
[36.319s][info][gc,heap        ] GC(83) Humongous regions: 8->2
[36.319s][info][gc,metaspace   ] GC(83) Metaspace: 16482K(16832K)->16482K(16832K) NonClass: 14156K(14336K)->14156K(14336K) Class: 2325K(2496K)->2325K(2496K)
[36.319s][info][gc             ] GC(83) Pause Full (System.gc()) 563M->5M(1024M) 10.698ms
[36.319s][info][gc,cpu         ] GC(83) User=0.00s Sys=0.00s Real=0.02s
[38.096s][info][gc,start       ] GC(84) Pause Young (Concurrent Start) (G1 Evacuation Pause)
[38.096s][info][gc,task        ] GC(84) Using 6 workers of 6 for evacuation
[38.097s][info][gc,phases      ] GC(84)   Pre Evacuate Collection Set: 0.3ms
[38.097s][info][gc,phases      ] GC(84)   Merge Heap Roots: 0.1ms
[38.097s][info][gc,phases      ] GC(84)   Evacuate Collection Set: 0.4ms
[38.097s][info][gc,phases      ] GC(84)   Post Evacuate Collection Set: 0.5ms
[38.097s][info][gc,phases      ] GC(84)   Other: 0.1ms
[38.097s][info][gc,heap        ] GC(84) Eden regions: 573->0(612)
[38.097s][info][gc,heap        ] GC(84) Survivor regions: 0->2(72)
[38.097s][info][gc,heap        ] GC(84) Old regions: 7->7
[38.097s][info][gc,heap        ] GC(84) Humongous regions: 2->2
[38.097s][info][gc,metaspace   ] GC(84) Metaspace: 16484K(16832K)->16484K(16832K) NonClass: 14158K(14336K)->14158K(14336K) Class: 2325K(2496K)->2325K(2496K)
[38.097s][info][gc             ] GC(84) Pause Young (Concurrent Start) (G1 Evacuation Pause) 578M->7M(1024M) 1.669ms
[38.098s][info][gc             ] GC(85) Concurrent Mark Cycle
[38.098s][info][gc,cpu         ] GC(84) User=0.02s Sys=0.00s Real=0.02s
[38.098s][info][gc,marking     ] GC(85) Concurrent Scan Root Regions
[38.098s][info][gc,marking     ] GC(85) Concurrent Scan Root Regions 0.210ms
[38.098s][info][gc,marking     ] GC(85) Concurrent Mark
[38.098s][info][gc,marking     ] GC(85) Concurrent Mark From Roots
[38.098s][info][gc,task        ] GC(85) Using 2 workers of 2 for marking
[38.101s][info][gc,marking     ] GC(85) Concurrent Mark From Roots 2.981ms
[38.101s][info][gc,marking     ] GC(85) Concurrent Preclean
[38.101s][info][gc,marking     ] GC(85) Concurrent Preclean 0.020ms
[38.101s][info][gc,start       ] GC(85) Pause Remark
[38.102s][info][gc             ] GC(85) Pause Remark 24M->24M(1024M) 1.097ms
[38.102s][info][gc,cpu         ] GC(85) User=0.00s Sys=0.00s Real=0.00s
[38.102s][info][gc,marking     ] GC(85) Concurrent Mark 4.373ms
[38.102s][info][gc,marking     ] GC(85) Concurrent Rebuild Remembered Sets and Scrub Regions
[38.103s][info][gc,marking     ] GC(85) Concurrent Rebuild Remembered Sets and Scrub Regions 1.311ms
[38.104s][info][gc,start       ] GC(85) Pause Cleanup
[38.104s][info][gc             ] GC(85) Pause Cleanup 31M->31M(1024M) 0.185ms
[38.104s][info][gc,cpu         ] GC(85) User=0.00s Sys=0.00s Real=0.00s
[38.104s][info][gc,marking     ] GC(85) Concurrent Clear Claimed Marks
[38.104s][info][gc,marking     ] GC(85) Concurrent Clear Claimed Marks 0.026ms
[38.104s][info][gc,marking     ] GC(85) Concurrent Cleanup for Next Mark
[38.107s][info][gc,marking     ] GC(85) Concurrent Cleanup for Next Mark 2.565ms
[38.107s][info][gc             ] GC(85) Concurrent Mark Cycle 9.095ms
[38.197s][info][gc,start       ] GC(86) Pause Young (Prepare Mixed) (G1 Evacuation Pause)
[38.197s][info][gc,task        ] GC(86) Using 6 workers of 6 for evacuation
[38.198s][info][gc,phases      ] GC(86)   Pre Evacuate Collection Set: 0.2ms
[38.198s][info][gc,phases      ] GC(86)   Merge Heap Roots: 0.1ms
[38.198s][info][gc,phases      ] GC(86)   Evacuate Collection Set: 0.3ms
[38.198s][info][gc,phases      ] GC(86)   Post Evacuate Collection Set: 0.4ms
[38.198s][info][gc,phases      ] GC(86)   Other: 0.1ms
[38.198s][info][gc,heap        ] GC(86) Eden regions: 612->0(613)
[38.198s][info][gc,heap        ] GC(86) Survivor regions: 2->1(77)
[38.198s][info][gc,heap        ] GC(86) Old regions: 7->7
[38.198s][info][gc,heap        ] GC(86) Humongous regions: 2->2
[38.198s][info][gc,metaspace   ] GC(86) Metaspace: 16484K(16832K)->16484K(16832K) NonClass: 14158K(14336K)->14158K(14336K) Class: 2325K(2496K)->2325K(2496K)
[38.198s][info][gc             ] GC(86) Pause Young (Prepare Mixed) (G1 Evacuation Pause) 619M->6M(1024M) 1.260ms
[38.198s][info][gc,cpu         ] GC(86) User=0.00s Sys=0.00s Real=0.00s
[38.295s][info][gc,start       ] GC(87) Pause Young (Mixed) (G1 Evacuation Pause)
[38.295s][info][gc,task        ] GC(87) Using 6 workers of 6 for evacuation
[38.297s][info][gc,phases      ] GC(87)   Pre Evacuate Collection Set: 0.2ms
[38.297s][info][gc,phases      ] GC(87)   Merge Heap Roots: 0.1ms
[38.297s][info][gc,phases      ] GC(87)   Evacuate Collection Set: 0.3ms
[38.297s][info][gc,phases      ] GC(87)   Post Evacuate Collection Set: 0.4ms
[38.297s][info][gc,phases      ] GC(87)   Other: 0.1ms
[38.297s][info][gc,heap        ] GC(87) Eden regions: 613->0(613)
[38.297s][info][gc,heap        ] GC(87) Survivor regions: 1->1(77)
[38.297s][info][gc,heap        ] GC(87) Old regions: 7->7
[38.297s][info][gc,heap        ] GC(87) Humongous regions: 2->2
[38.297s][info][gc,metaspace   ] GC(87) Metaspace: 16484K(16832K)->16484K(16832K) NonClass: 14158K(14336K)->14158K(14336K) Class: 2325K(2496K)->2325K(2496K)
[38.297s][info][gc             ] GC(87) Pause Young (Mixed) (G1 Evacuation Pause) 619M->6M(1024M) 1.256ms
[38.297s][info][gc,cpu         ] GC(87) User=0.00s Sys=0.00s Real=0.00s
[38.392s][info][gc,start       ] GC(88) Pause Young (Concurrent Start) (G1 Evacuation Pause)
[38.392s][info][gc,task        ] GC(88) Using 6 workers of 6 for evacuation
[38.393s][info][gc,phases      ] GC(88)   Pre Evacuate Collection Set: 0.2ms
[38.393s][info][gc,phases      ] GC(88)   Merge Heap Roots: 0.1ms
[38.393s][info][gc,phases      ] GC(88)   Evacuate Collection Set: 0.4ms
[38.393s][info][gc,phases      ] GC(88)   Post Evacuate Collection Set: 0.3ms
[38.393s][info][gc,phases      ] GC(88)   Other: 0.1ms
[38.393s][info][gc,heap        ] GC(88) Eden regions: 613->0(613)
[38.393s][info][gc,heap        ] GC(88) Survivor regions: 1->1(77)
[38.393s][info][gc,heap        ] GC(88) Old regions: 7->7
[38.393s][info][gc,heap        ] GC(88) Humongous regions: 2->2
[38.393s][info][gc,metaspace   ] GC(88) Metaspace: 16484K(16832K)->16484K(16832K) NonClass: 14158K(14336K)->14158K(14336K) Class: 2325K(2496K)->2325K(2496K)
[38.394s][info][gc             ] GC(88) Pause Young (Concurrent Start) (G1 Evacuation Pause) 619M->6M(1024M) 1.294ms
[38.394s][info][gc,cpu         ] GC(88) User=0.00s Sys=0.00s Real=0.00s
[38.394s][info][gc             ] GC(89) Concurrent Mark Cycle
[38.394s][info][gc,marking     ] GC(89) Concurrent Scan Root Regions
[38.394s][info][gc,marking     ] GC(89) Concurrent Scan Root Regions 0.298ms
[38.394s][info][gc,marking     ] GC(89) Concurrent Mark
[38.394s][info][gc,marking     ] GC(89) Concurrent Mark From Roots
[38.394s][info][gc,task        ] GC(89) Using 2 workers of 2 for marking
[38.397s][info][gc,marking     ] GC(89) Concurrent Mark From Roots 3.037ms
[38.397s][info][gc,marking     ] GC(89) Concurrent Preclean
[38.397s][info][gc,marking     ] GC(89) Concurrent Preclean 0.020ms
[38.397s][info][gc,start       ] GC(89) Pause Remark
[38.398s][info][gc             ] GC(89) Pause Remark 23M->23M(1024M) 1.037ms
[38.398s][info][gc,cpu         ] GC(89) User=0.00s Sys=0.00s Real=0.00s
[38.398s][info][gc,marking     ] GC(89) Concurrent Mark 4.347ms
[38.398s][info][gc,marking     ] GC(89) Concurrent Rebuild Remembered Sets and Scrub Regions
[38.400s][info][gc,marking     ] GC(89) Concurrent Rebuild Remembered Sets and Scrub Regions 1.319ms
[38.400s][info][gc,start       ] GC(89) Pause Cleanup
[38.400s][info][gc             ] GC(89) Pause Cleanup 30M->30M(1024M) 0.117ms
[38.400s][info][gc,cpu         ] GC(89) User=0.00s Sys=0.00s Real=0.00s
[38.400s][info][gc,marking     ] GC(89) Concurrent Clear Claimed Marks
[38.400s][info][gc,marking     ] GC(89) Concurrent Clear Claimed Marks 0.023ms
[38.400s][info][gc,marking     ] GC(89) Concurrent Cleanup for Next Mark
[38.402s][info][gc,marking     ] GC(89) Concurrent Cleanup for Next Mark 2.389ms
[38.402s][info][gc             ] GC(89) Concurrent Mark Cycle 8.873ms
[38.608s][info][gc,start       ] GC(90) Pause Young (Prepare Mixed) (G1 Evacuation Pause)
[38.609s][info][gc,task        ] GC(90) Using 6 workers of 6 for evacuation
[38.677s][info][gc,phases      ] GC(90)   Pre Evacuate Collection Set: 0.2ms
[38.677s][info][gc,phases      ] GC(90)   Merge Heap Roots: 0.1ms
[38.677s][info][gc,phases      ] GC(90)   Evacuate Collection Set: 67.5ms
[38.677s][info][gc,phases      ] GC(90)   Post Evacuate Collection Set: 0.8ms
[38.677s][info][gc,phases      ] GC(90)   Other: 0.1ms
[38.677s][info][gc,heap        ] GC(90) Eden regions: 613->0(537)
[38.677s][info][gc,heap        ] GC(90) Survivor regions: 1->77(77)
[38.677s][info][gc,heap        ] GC(90) Old regions: 7->80
[38.677s][info][gc,heap        ] GC(90) Humongous regions: 3->3
[38.677s][info][gc,metaspace   ] GC(90) Metaspace: 16484K(16832K)->16484K(16832K) NonClass: 14158K(14336K)->14158K(14336K) Class: 2325K(2496K)->2325K(2496K)
[38.677s][info][gc             ] GC(90) Pause Young (Prepare Mixed) (G1 Evacuation Pause) 620M->157M(1024M) 68.816ms
[38.677s][info][gc,cpu         ] GC(90) User=0.38s Sys=0.00s Real=0.08s
[42.104s][info][gc,start       ] GC(91) Pause Young (Mixed) (G1 Evacuation Pause)
[42.104s][info][gc,task        ] GC(91) Using 6 workers of 6 for evacuation
[42.261s][info][gc,phases      ] GC(91)   Pre Evacuate Collection Set: 0.2ms
[42.262s][info][gc,phases      ] GC(91)   Merge Heap Roots: 0.6ms
[42.262s][info][gc,phases      ] GC(91)   Evacuate Collection Set: 150.3ms
[42.262s][info][gc,phases      ] GC(91)   Post Evacuate Collection Set: 6.0ms
[42.262s][info][gc,phases      ] GC(91)   Other: 0.1ms
[42.262s][info][gc,heap        ] GC(91) Eden regions: 537->0(293)
[42.262s][info][gc,heap        ] GC(91) Survivor regions: 77->77(77)
[42.262s][info][gc,heap        ] GC(91) Old regions: 80->401
[42.262s][info][gc,heap        ] GC(91) Humongous regions: 4->4
[42.262s][info][gc,metaspace   ] GC(91) Metaspace: 16485K(16832K)->16485K(16832K) NonClass: 14159K(14336K)->14159K(14336K) Class: 2325K(2496K)->2325K(2496K)
[42.262s][info][gc             ] GC(91) Pause Young (Mixed) (G1 Evacuation Pause) (Evacuation Failure) 695M->479M(1024M) 157.545ms
[42.262s][info][gc,cpu         ] GC(91) User=0.86s Sys=0.00s Real=0.16s
[42.425s][info][gc,start       ] GC(92) Pause Young (Concurrent Start) (G1 Evacuation Pause)
[42.425s][info][gc,task        ] GC(92) Using 6 workers of 6 for evacuation
[42.531s][info][gc,phases      ] GC(92)   Pre Evacuate Collection Set: 0.4ms
[42.531s][info][gc,phases      ] GC(92)   Merge Heap Roots: 1.2ms
[42.531s][info][gc,phases      ] GC(92)   Evacuate Collection Set: 103.4ms
[42.531s][info][gc,phases      ] GC(92)   Post Evacuate Collection Set: 1.0ms
[42.531s][info][gc,phases      ] GC(92)   Other: 0.2ms
[42.531s][info][gc,heap        ] GC(92) Eden regions: 293->0(214)
[42.531s][info][gc,heap        ] GC(92) Survivor regions: 77->47(47)
[42.531s][info][gc,heap        ] GC(92) Old regions: 401->557
[42.531s][info][gc,heap        ] GC(92) Humongous regions: 4->4
[42.531s][info][gc,metaspace   ] GC(92) Metaspace: 16485K(16832K)->16485K(16832K) NonClass: 14159K(14336K)->14159K(14336K) Class: 2325K(2496K)->2325K(2496K)
[42.531s][info][gc             ] GC(92) Pause Young (Concurrent Start) (G1 Evacuation Pause) 772M->605M(1024M) 106.445ms
[42.532s][info][gc             ] GC(93) Concurrent Mark Cycle
[42.532s][info][gc,cpu         ] GC(92) User=0.59s Sys=0.00s Real=0.12s
[42.532s][info][gc,marking     ] GC(93) Concurrent Scan Root Regions
[42.573s][info][gc,marking     ] GC(93) Concurrent Scan Root Regions 41.060ms
[42.573s][info][gc,marking     ] GC(93) Concurrent Mark
[42.573s][info][gc,marking     ] GC(93) Concurrent Mark From Roots
[42.573s][info][gc,task        ] GC(93) Using 2 workers of 2 for marking
[42.598s][info][gc,marking     ] GC(93) Concurrent Mark From Roots 25.239ms
[42.598s][info][gc,marking     ] GC(93) Concurrent Preclean
[42.598s][info][gc,marking     ] GC(93) Concurrent Preclean 0.055ms
[42.598s][info][gc,start       ] GC(93) Pause Remark
[42.599s][info][gc             ] GC(93) Pause Remark 707M->502M(1024M) 1.138ms
[42.599s][info][gc,cpu         ] GC(93) User=0.00s Sys=0.00s Real=0.00s
[42.599s][info][gc,marking     ] GC(93) Concurrent Mark 26.671ms
[42.599s][info][gc,marking     ] GC(93) Concurrent Rebuild Remembered Sets and Scrub Regions
[42.668s][info][gc,start       ] GC(94) Pause Young (Normal) (G1 Evacuation Pause)
[42.668s][info][gc,task        ] GC(94) Using 6 workers of 6 for evacuation
[42.740s][info][gc,phases      ] GC(94)   Pre Evacuate Collection Set: 0.2ms
[42.740s][info][gc,phases      ] GC(94)   Merge Heap Roots: 0.6ms
[42.740s][info][gc,phases      ] GC(94)   Evacuate Collection Set: 70.0ms
[42.740s][info][gc,phases      ] GC(94)   Post Evacuate Collection Set: 0.7ms
[42.740s][info][gc,phases      ] GC(94)   Other: 0.1ms
[42.740s][info][gc,heap        ] GC(94) Eden regions: 214->0(267)
[42.740s][info][gc,heap        ] GC(94) Survivor regions: 47->33(33)
[42.740s][info][gc,heap        ] GC(94) Old regions: 353->458
[42.740s][info][gc,heap        ] GC(94) Humongous regions: 3->3
[42.740s][info][gc,metaspace   ] GC(94) Metaspace: 16485K(16832K)->16485K(16832K) NonClass: 14159K(14336K)->14159K(14336K) Class: 2325K(2496K)->2325K(2496K)
[42.740s][info][gc             ] GC(94) Pause Young (Normal) (G1 Evacuation Pause) 614M->491M(1024M) 71.726ms
[42.740s][info][gc,cpu         ] GC(94) User=0.38s Sys=0.00s Real=0.06s
[42.781s][info][gc,marking     ] GC(93) Concurrent Rebuild Remembered Sets and Scrub Regions 181.550ms
[42.781s][info][gc,start       ] GC(93) Pause Cleanup
[42.782s][info][gc             ] GC(93) Pause Cleanup 560M->560M(1024M) 0.485ms
[42.782s][info][gc,cpu         ] GC(93) User=0.00s Sys=0.00s Real=0.00s
[42.782s][info][gc,marking     ] GC(93) Concurrent Clear Claimed Marks
[42.782s][info][gc,marking     ] GC(93) Concurrent Clear Claimed Marks 0.061ms
[42.782s][info][gc,marking     ] GC(93) Concurrent Cleanup for Next Mark
[42.783s][info][gc,marking     ] GC(93) Concurrent Cleanup for Next Mark 1.339ms
[42.783s][info][gc             ] GC(93) Concurrent Mark Cycle 251.584ms
[42.907s][info][gc,start       ] GC(95) Pause Young (Prepare Mixed) (G1 Evacuation Pause)
[42.907s][info][gc,task        ] GC(95) Using 6 workers of 6 for evacuation
[42.990s][info][gc,phases      ] GC(95)   Pre Evacuate Collection Set: 0.3ms
[42.990s][info][gc,phases      ] GC(95)   Merge Heap Roots: 1.2ms
[42.990s][info][gc,phases      ] GC(95)   Evacuate Collection Set: 80.7ms
[42.990s][info][gc,phases      ] GC(95)   Post Evacuate Collection Set: 0.4ms
[42.990s][info][gc,phases      ] GC(95)   Other: 0.1ms
[42.990s][info][gc,heap        ] GC(95) Eden regions: 267->0(207)
[42.990s][info][gc,heap        ] GC(95) Survivor regions: 33->38(38)
[42.990s][info][gc,heap        ] GC(95) Old regions: 458->566
[42.990s][info][gc,heap        ] GC(95) Humongous regions: 3->3
[42.990s][info][gc,metaspace   ] GC(95) Metaspace: 16485K(16832K)->16485K(16832K) NonClass: 14159K(14336K)->14159K(14336K) Class: 2325K(2496K)->2325K(2496K)
[42.990s][info][gc             ] GC(95) Pause Young (Prepare Mixed) (G1 Evacuation Pause) 758M->604M(1024M) 82.798ms
[42.990s][info][gc,cpu         ] GC(95) User=0.44s Sys=0.00s Real=0.08s
[43.247s][info][gc,start       ] GC(96) Pause Young (Mixed) (G1 Evacuation Pause)
[43.247s][info][gc,task        ] GC(96) Using 6 workers of 6 for evacuation
[43.339s][info][gc,phases      ] GC(96)   Pre Evacuate Collection Set: 0.3ms
[43.339s][info][gc,phases      ] GC(96)   Merge Heap Roots: 3.0ms
[43.339s][info][gc,phases      ] GC(96)   Evacuate Collection Set: 87.8ms
[43.339s][info][gc,phases      ] GC(96)   Post Evacuate Collection Set: 0.9ms
[43.339s][info][gc,phases      ] GC(96)   Other: 0.1ms
[43.339s][info][gc,heap        ] GC(96) Eden regions: 207->0(201)
[43.339s][info][gc,heap        ] GC(96) Survivor regions: 38->31(31)
[43.339s][info][gc,heap        ] GC(96) Old regions: 566->570
[43.339s][info][gc,heap        ] GC(96) Humongous regions: 6->6
[43.339s][info][gc,metaspace   ] GC(96) Metaspace: 16485K(16832K)->16485K(16832K) NonClass: 14159K(14336K)->14159K(14336K) Class: 2325K(2496K)->2325K(2496K)
[43.339s][info][gc             ] GC(96) Pause Young (Mixed) (G1 Evacuation Pause) 814M->605M(1024M) 92.320ms
[43.339s][info][gc,cpu         ] GC(96) User=0.41s Sys=0.00s Real=0.09s
[43.902s][info][gc,start       ] GC(97) Pause Young (Mixed) (G1 Evacuation Pause)
[43.902s][info][gc,task        ] GC(97) Using 6 workers of 6 for evacuation
[43.948s][info][gc,phases      ] GC(97)   Pre Evacuate Collection Set: 0.3ms
[43.948s][info][gc,phases      ] GC(97)   Merge Heap Roots: 2.0ms
[43.948s][info][gc,phases      ] GC(97)   Evacuate Collection Set: 42.6ms
[43.948s][info][gc,phases      ] GC(97)   Post Evacuate Collection Set: 0.9ms
[43.948s][info][gc,phases      ] GC(97)   Other: 0.1ms
[43.948s][info][gc,heap        ] GC(97) Eden regions: 201->0(213)
[43.948s][info][gc,heap        ] GC(97) Survivor regions: 31->22(29)
[43.948s][info][gc,heap        ] GC(97) Old regions: 570->582
[43.948s][info][gc,heap        ] GC(97) Humongous regions: 9->9
[43.948s][info][gc,metaspace   ] GC(97) Metaspace: 16485K(16832K)->16485K(16832K) NonClass: 14159K(14336K)->14159K(14336K) Class: 2325K(2496K)->2325K(2496K)
[43.948s][info][gc             ] GC(97) Pause Young (Mixed) (G1 Evacuation Pause) 809M->611M(1024M) 46.187ms
[43.948s][info][gc,cpu         ] GC(97) User=0.17s Sys=0.00s Real=0.05s
[44.328s][info][gc,start       ] GC(98) Pause Young (Concurrent Start) (G1 Evacuation Pause)
[44.328s][info][gc,task        ] GC(98) Using 6 workers of 6 for evacuation
[44.349s][info][gc,phases      ] GC(98)   Pre Evacuate Collection Set: 0.4ms
[44.349s][info][gc,phases      ] GC(98)   Merge Heap Roots: 1.0ms
[44.349s][info][gc,phases      ] GC(98)   Evacuate Collection Set: 19.1ms
[44.349s][info][gc,phases      ] GC(98)   Post Evacuate Collection Set: 0.6ms
[44.349s][info][gc,phases      ] GC(98)   Other: 0.2ms
[44.349s][info][gc,heap        ] GC(98) Eden regions: 213->0(237)
[44.349s][info][gc,heap        ] GC(98) Survivor regions: 22->3(30)
[44.349s][info][gc,heap        ] GC(98) Old regions: 582->597
[44.349s][info][gc,heap        ] GC(98) Humongous regions: 9->9
[44.349s][info][gc,metaspace   ] GC(98) Metaspace: 16485K(16832K)->16485K(16832K) NonClass: 14159K(14336K)->14159K(14336K) Class: 2325K(2496K)->2325K(2496K)
[44.349s][info][gc             ] GC(98) Pause Young (Concurrent Start) (G1 Evacuation Pause) 824M->607M(1024M) 21.496ms
[44.349s][info][gc             ] GC(99) Concurrent Mark Cycle
[44.349s][info][gc,cpu         ] GC(98) User=0.11s Sys=0.00s Real=0.03s
[44.350s][info][gc,marking     ] GC(99) Concurrent Scan Root Regions
[44.359s][info][gc,marking     ] GC(99) Concurrent Scan Root Regions 9.883ms
[44.359s][info][gc,marking     ] GC(99) Concurrent Mark
[44.359s][info][gc,marking     ] GC(99) Concurrent Mark From Roots
[44.359s][info][gc,task        ] GC(99) Using 2 workers of 2 for marking
[44.600s][info][gc,marking     ] GC(99) Concurrent Mark From Roots 240.467ms
[44.600s][info][gc,marking     ] GC(99) Concurrent Preclean
[44.600s][info][gc,marking     ] GC(99) Concurrent Preclean 0.055ms
[44.600s][info][gc,start       ] GC(99) Pause Remark
[44.601s][info][gc             ] GC(99) Pause Remark 739M->638M(1024M) 1.189ms
[44.601s][info][gc,cpu         ] GC(99) User=0.00s Sys=0.00s Real=0.00s
[44.601s][info][gc,marking     ] GC(99) Concurrent Mark 241.988ms
[44.601s][info][gc,marking     ] GC(99) Concurrent Rebuild Remembered Sets and Scrub Regions
[44.980s][info][gc,marking     ] GC(99) Concurrent Rebuild Remembered Sets and Scrub Regions 378.216ms
[44.980s][info][gc,start       ] GC(99) Pause Cleanup
[44.980s][info][gc             ] GC(99) Pause Cleanup 672M->672M(1024M) 0.443ms
[44.980s][info][gc,cpu         ] GC(99) User=0.00s Sys=0.00s Real=0.00s
[44.980s][info][gc,marking     ] GC(99) Concurrent Clear Claimed Marks
[44.980s][info][gc,marking     ] GC(99) Concurrent Clear Claimed Marks 0.028ms
[44.980s][info][gc,marking     ] GC(99) Concurrent Cleanup for Next Mark
[44.982s][info][gc,marking     ] GC(99) Concurrent Cleanup for Next Mark 1.560ms
[44.982s][info][gc             ] GC(99) Concurrent Mark Cycle 632.617ms
[45.286s][info][gc,start       ] GC(100) Pause Full (System.gc())
[45.286s][info][gc,task        ] GC(100) Using 6 workers of 6 for full compaction
[45.286s][info][gc,phases,start] GC(100) Phase 1: Mark live objects
[45.289s][info][gc,phases      ] GC(100) Phase 1: Mark live objects 2.292ms
[45.289s][info][gc,phases,start] GC(100) Phase 2: Prepare compaction
[45.289s][info][gc,phases      ] GC(100) Phase 2: Prepare compaction 0.768ms
[45.289s][info][gc,phases,start] GC(100) Phase 3: Adjust pointers
[45.292s][info][gc,phases      ] GC(100) Phase 3: Adjust pointers 2.211ms
[45.292s][info][gc,phases,start] GC(100) Phase 4: Compact heap
[45.292s][info][gc,phases      ] GC(100) Phase 4: Compact heap 0.754ms
[45.292s][info][gc,phases,start] GC(100) Phase 5: Reset Metadata
[45.293s][info][gc,phases      ] GC(100) Phase 5: Reset Metadata 0.374ms
[45.297s][info][gc,heap        ] GC(100) Eden regions: 209->0(583)
[45.297s][info][gc,heap        ] GC(100) Survivor regions: 3->0(30)
[45.297s][info][gc,heap        ] GC(100) Old regions: 500->7
[45.297s][info][gc,heap        ] GC(100) Humongous regions: 5->2
[45.297s][info][gc,metaspace   ] GC(100) Metaspace: 16485K(16832K)->16485K(16832K) NonClass: 14159K(14336K)->14159K(14336K) Class: 2325K(2496K)->2325K(2496K)
[45.297s][info][gc             ] GC(100) Pause Full (System.gc()) 715M->5M(1024M) 11.082ms
[45.297s][info][gc,cpu         ] GC(100) User=0.02s Sys=0.00s Real=0.02s
[46.962s][info][gc,start       ] GC(101) Pause Young (Concurrent Start) (G1 Evacuation Pause)
[46.962s][info][gc,task        ] GC(101) Using 6 workers of 6 for evacuation
[46.963s][info][gc,phases      ] GC(101)   Pre Evacuate Collection Set: 0.2ms
[46.963s][info][gc,phases      ] GC(101)   Merge Heap Roots: 0.1ms
[46.963s][info][gc,phases      ] GC(101)   Evacuate Collection Set: 0.4ms
[46.963s][info][gc,phases      ] GC(101)   Post Evacuate Collection Set: 0.4ms
[46.963s][info][gc,phases      ] GC(101)   Other: 0.1ms
[46.963s][info][gc,heap        ] GC(101) Eden regions: 583->0(612)
[46.963s][info][gc,heap        ] GC(101) Survivor regions: 0->2(73)
[46.963s][info][gc,heap        ] GC(101) Old regions: 7->7
[46.963s][info][gc,heap        ] GC(101) Humongous regions: 2->2
[46.963s][info][gc,metaspace   ] GC(101) Metaspace: 16486K(16832K)->16486K(16832K) NonClass: 14160K(14336K)->14160K(14336K) Class: 2325K(2496K)->2325K(2496K)
[46.963s][info][gc             ] GC(101) Pause Young (Concurrent Start) (G1 Evacuation Pause) 588M->7M(1024M) 1.438ms
[46.963s][info][gc,cpu         ] GC(101) User=0.00s Sys=0.00s Real=0.00s
[46.963s][info][gc             ] GC(102) Concurrent Mark Cycle
[46.963s][info][gc,marking     ] GC(102) Concurrent Scan Root Regions
[46.963s][info][gc,marking     ] GC(102) Concurrent Scan Root Regions 0.202ms
[46.963s][info][gc,marking     ] GC(102) Concurrent Mark
[46.963s][info][gc,marking     ] GC(102) Concurrent Mark From Roots
[46.963s][info][gc,task        ] GC(102) Using 2 workers of 2 for marking
[46.966s][info][gc,marking     ] GC(102) Concurrent Mark From Roots 3.082ms
[46.966s][info][gc,marking     ] GC(102) Concurrent Preclean
[46.967s][info][gc,marking     ] GC(102) Concurrent Preclean 0.019ms
[46.967s][info][gc,start       ] GC(102) Pause Remark
[46.968s][info][gc             ] GC(102) Pause Remark 23M->23M(1024M) 1.058ms
[46.968s][info][gc,cpu         ] GC(102) User=0.00s Sys=0.00s Real=0.00s
[46.968s][info][gc,marking     ] GC(102) Concurrent Mark 4.414ms
[46.968s][info][gc,marking     ] GC(102) Concurrent Rebuild Remembered Sets and Scrub Regions
[46.969s][info][gc,marking     ] GC(102) Concurrent Rebuild Remembered Sets and Scrub Regions 1.261ms
[46.969s][info][gc,start       ] GC(102) Pause Cleanup
[46.969s][info][gc             ] GC(102) Pause Cleanup 30M->30M(1024M) 0.116ms
[46.969s][info][gc,cpu         ] GC(102) User=0.00s Sys=0.00s Real=0.00s
[46.969s][info][gc,marking     ] GC(102) Concurrent Clear Claimed Marks
[46.969s][info][gc,marking     ] GC(102) Concurrent Clear Claimed Marks 0.022ms
[46.969s][info][gc,marking     ] GC(102) Concurrent Cleanup for Next Mark
[46.972s][info][gc,marking     ] GC(102) Concurrent Cleanup for Next Mark 2.426ms
[46.972s][info][gc             ] GC(102) Concurrent Mark Cycle 8.806ms
[47.063s][info][gc,start       ] GC(103) Pause Young (Prepare Mixed) (G1 Evacuation Pause)
[47.063s][info][gc,task        ] GC(103) Using 6 workers of 6 for evacuation
[47.065s][info][gc,phases      ] GC(103)   Pre Evacuate Collection Set: 0.2ms
[47.065s][info][gc,phases      ] GC(103)   Merge Heap Roots: 0.1ms
[47.065s][info][gc,phases      ] GC(103)   Evacuate Collection Set: 0.3ms
[47.065s][info][gc,phases      ] GC(103)   Post Evacuate Collection Set: 0.4ms
[47.065s][info][gc,phases      ] GC(103)   Other: 0.1ms
[47.065s][info][gc,heap        ] GC(103) Eden regions: 612->0(613)
[47.065s][info][gc,heap        ] GC(103) Survivor regions: 2->1(77)
[47.065s][info][gc,heap        ] GC(103) Old regions: 6->6
[47.065s][info][gc,heap        ] GC(103) Humongous regions: 2->2
[47.065s][info][gc,metaspace   ] GC(103) Metaspace: 16486K(16832K)->16486K(16832K) NonClass: 14160K(14336K)->14160K(14336K) Class: 2325K(2496K)->2325K(2496K)
[47.065s][info][gc             ] GC(103) Pause Young (Prepare Mixed) (G1 Evacuation Pause) 619M->6M(1024M) 1.297ms
[47.065s][info][gc,cpu         ] GC(103) User=0.00s Sys=0.00s Real=0.00s
[47.160s][info][gc,start       ] GC(104) Pause Young (Mixed) (G1 Evacuation Pause)
[47.160s][info][gc,task        ] GC(104) Using 6 workers of 6 for evacuation
[47.161s][info][gc,phases      ] GC(104)   Pre Evacuate Collection Set: 0.2ms
[47.161s][info][gc,phases      ] GC(104)   Merge Heap Roots: 0.1ms
[47.161s][info][gc,phases      ] GC(104)   Evacuate Collection Set: 0.3ms
[47.161s][info][gc,phases      ] GC(104)   Post Evacuate Collection Set: 0.3ms
[47.161s][info][gc,phases      ] GC(104)   Other: 0.1ms
[47.161s][info][gc,heap        ] GC(104) Eden regions: 613->0(613)
[47.161s][info][gc,heap        ] GC(104) Survivor regions: 1->1(77)
[47.161s][info][gc,heap        ] GC(104) Old regions: 6->5
[47.161s][info][gc,heap        ] GC(104) Humongous regions: 2->2
[47.161s][info][gc,metaspace   ] GC(104) Metaspace: 16486K(16832K)->16486K(16832K) NonClass: 14160K(14336K)->14160K(14336K) Class: 2325K(2496K)->2325K(2496K)
[47.161s][info][gc             ] GC(104) Pause Young (Mixed) (G1 Evacuation Pause) 619M->6M(1024M) 1.218ms
[47.161s][info][gc,cpu         ] GC(104) User=0.00s Sys=0.00s Real=0.00s
[47.259s][info][gc,start       ] GC(105) Pause Young (Concurrent Start) (G1 Evacuation Pause)
[47.259s][info][gc,task        ] GC(105) Using 6 workers of 6 for evacuation
[47.260s][info][gc,phases      ] GC(105)   Pre Evacuate Collection Set: 0.2ms
[47.260s][info][gc,phases      ] GC(105)   Merge Heap Roots: 0.1ms
[47.260s][info][gc,phases      ] GC(105)   Evacuate Collection Set: 0.4ms
[47.260s][info][gc,phases      ] GC(105)   Post Evacuate Collection Set: 0.4ms
[47.260s][info][gc,phases      ] GC(105)   Other: 0.1ms
[47.260s][info][gc,heap        ] GC(105) Eden regions: 613->0(613)
[47.260s][info][gc,heap        ] GC(105) Survivor regions: 1->1(77)
[47.260s][info][gc,heap        ] GC(105) Old regions: 5->5
[47.260s][info][gc,heap        ] GC(105) Humongous regions: 2->2
[47.260s][info][gc,metaspace   ] GC(105) Metaspace: 16486K(16832K)->16486K(16832K) NonClass: 14160K(14336K)->14160K(14336K) Class: 2325K(2496K)->2325K(2496K)
[47.260s][info][gc             ] GC(105) Pause Young (Concurrent Start) (G1 Evacuation Pause) 619M->6M(1024M) 1.422ms
[47.260s][info][gc,cpu         ] GC(105) User=0.00s Sys=0.00s Real=0.00s
[47.260s][info][gc             ] GC(106) Concurrent Mark Cycle
[47.260s][info][gc,marking     ] GC(106) Concurrent Scan Root Regions
[47.260s][info][gc,marking     ] GC(106) Concurrent Scan Root Regions 0.292ms
[47.260s][info][gc,marking     ] GC(106) Concurrent Mark
[47.260s][info][gc,marking     ] GC(106) Concurrent Mark From Roots
[47.260s][info][gc,task        ] GC(106) Using 2 workers of 2 for marking
[47.263s][info][gc,marking     ] GC(106) Concurrent Mark From Roots 3.023ms
[47.264s][info][gc,marking     ] GC(106) Concurrent Preclean
[47.264s][info][gc,marking     ] GC(106) Concurrent Preclean 0.022ms
[47.264s][info][gc,start       ] GC(106) Pause Remark
[47.265s][info][gc             ] GC(106) Pause Remark 21M->21M(1024M) 1.042ms
[47.265s][info][gc,cpu         ] GC(106) User=0.00s Sys=0.00s Real=0.00s
[47.265s][info][gc,marking     ] GC(106) Concurrent Mark 4.372ms
[47.265s][info][gc,marking     ] GC(106) Concurrent Rebuild Remembered Sets and Scrub Regions
[47.266s][info][gc,marking     ] GC(106) Concurrent Rebuild Remembered Sets and Scrub Regions 1.284ms
[47.266s][info][gc,start       ] GC(106) Pause Cleanup
[47.266s][info][gc             ] GC(106) Pause Cleanup 28M->28M(1024M) 0.126ms
[47.266s][info][gc,cpu         ] GC(106) User=0.00s Sys=0.00s Real=0.00s
[47.266s][info][gc,marking     ] GC(106) Concurrent Clear Claimed Marks
[47.266s][info][gc,marking     ] GC(106) Concurrent Clear Claimed Marks 0.022ms
[47.266s][info][gc,marking     ] GC(106) Concurrent Cleanup for Next Mark
[47.269s][info][gc,marking     ] GC(106) Concurrent Cleanup for Next Mark 2.388ms
[47.269s][info][gc             ] GC(106) Concurrent Mark Cycle 8.878ms
[47.479s][info][gc,start       ] GC(107) Pause Young (Prepare Mixed) (G1 Evacuation Pause)
[47.479s][info][gc,task        ] GC(107) Using 6 workers of 6 for evacuation
[47.548s][info][gc,phases      ] GC(107)   Pre Evacuate Collection Set: 0.1ms
[47.548s][info][gc,phases      ] GC(107)   Merge Heap Roots: 0.1ms
[47.548s][info][gc,phases      ] GC(107)   Evacuate Collection Set: 68.1ms
[47.548s][info][gc,phases      ] GC(107)   Post Evacuate Collection Set: 0.7ms
[47.548s][info][gc,phases      ] GC(107)   Other: 0.1ms
[47.548s][info][gc,heap        ] GC(107) Eden regions: 613->0(537)
[47.548s][info][gc,heap        ] GC(107) Survivor regions: 1->77(77)
[47.548s][info][gc,heap        ] GC(107) Old regions: 5->80
[47.548s][info][gc,heap        ] GC(107) Humongous regions: 3->3
[47.548s][info][gc,metaspace   ] GC(107) Metaspace: 16487K(16832K)->16487K(16832K) NonClass: 14161K(14336K)->14161K(14336K) Class: 2325K(2496K)->2325K(2496K)
[47.548s][info][gc             ] GC(107) Pause Young (Prepare Mixed) (G1 Evacuation Pause) 620M->158M(1024M) 69.344ms
[47.548s][info][gc,cpu         ] GC(107) User=0.39s Sys=0.00s Real=0.08s
[50.635s][info][gc,start       ] GC(108) Pause Young (Mixed) (G1 Evacuation Pause)
[50.635s][info][gc,task        ] GC(108) Using 6 workers of 6 for evacuation
[50.794s][info][gc,phases      ] GC(108)   Pre Evacuate Collection Set: 0.2ms
[50.794s][info][gc,phases      ] GC(108)   Merge Heap Roots: 0.7ms
[50.794s][info][gc,phases      ] GC(108)   Evacuate Collection Set: 150.7ms
[50.794s][info][gc,phases      ] GC(108)   Post Evacuate Collection Set: 7.1ms
[50.794s][info][gc,phases      ] GC(108)   Other: 0.1ms
[50.794s][info][gc,heap        ] GC(108) Eden regions: 537->0(261)
[50.794s][info][gc,heap        ] GC(108) Survivor regions: 77->77(77)
[50.794s][info][gc,heap        ] GC(108) Old regions: 80->460
[50.794s][info][gc,heap        ] GC(108) Humongous regions: 4->4
[50.794s][info][gc,metaspace   ] GC(108) Metaspace: 16487K(16832K)->16487K(16832K) NonClass: 14161K(14336K)->14161K(14336K) Class: 2325K(2496K)->2325K(2496K)
[50.794s][info][gc             ] GC(108) Pause Young (Mixed) (G1 Evacuation Pause) (Evacuation Failure) 696M->539M(1024M) 159.097ms
[50.794s][info][gc,cpu         ] GC(108) User=0.86s Sys=0.00s Real=0.16s
[50.940s][info][gc,start       ] GC(109) Pause Young (Concurrent Start) (G1 Evacuation Pause)
[50.940s][info][gc,task        ] GC(109) Using 6 workers of 6 for evacuation
[51.039s][info][gc,phases      ] GC(109)   Pre Evacuate Collection Set: 0.3ms
[51.040s][info][gc,phases      ] GC(109)   Merge Heap Roots: 1.4ms
[51.040s][info][gc,phases      ] GC(109)   Evacuate Collection Set: 96.6ms
[51.040s][info][gc,phases      ] GC(109)   Post Evacuate Collection Set: 0.8ms
[51.040s][info][gc,phases      ] GC(109)   Other: 0.1ms
[51.040s][info][gc,heap        ] GC(109) Eden regions: 261->0(193)
[51.040s][info][gc,heap        ] GC(109) Survivor regions: 77->43(43)
[51.040s][info][gc,heap        ] GC(109) Old regions: 460->606
[51.040s][info][gc,heap        ] GC(109) Humongous regions: 4->4
[51.040s][info][gc,metaspace   ] GC(109) Metaspace: 16487K(16832K)->16487K(16832K) NonClass: 14161K(14336K)->14161K(14336K) Class: 2325K(2496K)->2325K(2496K)
[51.040s][info][gc             ] GC(109) Pause Young (Concurrent Start) (G1 Evacuation Pause) 800M->651M(1024M) 99.508ms
[51.040s][info][gc,cpu         ] GC(109) User=0.55s Sys=0.00s Real=0.09s
[51.040s][info][gc             ] GC(110) Concurrent Mark Cycle
[51.040s][info][gc,marking     ] GC(110) Concurrent Scan Root Regions
[51.077s][info][gc,marking     ] GC(110) Concurrent Scan Root Regions 37.523ms
[51.077s][info][gc,marking     ] GC(110) Concurrent Mark
[51.077s][info][gc,marking     ] GC(110) Concurrent Mark From Roots
[51.077s][info][gc,task        ] GC(110) Using 2 workers of 2 for marking
[51.091s][info][gc,marking     ] GC(110) Concurrent Mark From Roots 13.616ms
[51.091s][info][gc,marking     ] GC(110) Concurrent Preclean
[51.091s][info][gc,marking     ] GC(110) Concurrent Preclean 0.028ms
[51.091s][info][gc,start       ] GC(110) Pause Remark
[51.092s][info][gc             ] GC(110) Pause Remark 730M->458M(1024M) 1.257ms
[51.092s][info][gc,cpu         ] GC(110) User=0.00s Sys=0.00s Real=0.00s
[51.092s][info][gc,marking     ] GC(110) Concurrent Mark 15.145ms
[51.092s][info][gc,marking     ] GC(110) Concurrent Rebuild Remembered Sets and Scrub Regions
[51.152s][info][gc,marking     ] GC(110) Concurrent Rebuild Remembered Sets and Scrub Regions 59.625ms
[51.152s][info][gc,start       ] GC(110) Pause Cleanup
[51.152s][info][gc             ] GC(110) Pause Cleanup 556M->556M(1024M) 0.281ms
[51.152s][info][gc,cpu         ] GC(110) User=0.00s Sys=0.00s Real=0.00s
[51.153s][info][gc,marking     ] GC(110) Concurrent Clear Claimed Marks
[51.153s][info][gc,marking     ] GC(110) Concurrent Clear Claimed Marks 0.020ms
[51.153s][info][gc,marking     ] GC(110) Concurrent Cleanup for Next Mark
[51.154s][info][gc,marking     ] GC(110) Concurrent Cleanup for Next Mark 1.370ms
[51.154s][info][gc             ] GC(110) Concurrent Mark Cycle 114.315ms
[51.164s][info][gc,start       ] GC(111) Pause Young (Prepare Mixed) (G1 Evacuation Pause)
[51.164s][info][gc,task        ] GC(111) Using 6 workers of 6 for evacuation
[51.226s][info][gc,phases      ] GC(111)   Pre Evacuate Collection Set: 0.2ms
[51.226s][info][gc,phases      ] GC(111)   Merge Heap Roots: 1.0ms
[51.226s][info][gc,phases      ] GC(111)   Evacuate Collection Set: 60.7ms
[51.226s][info][gc,phases      ] GC(111)   Post Evacuate Collection Set: 0.4ms
[51.226s][info][gc,phases      ] GC(111)   Other: 0.1ms
[51.226s][info][gc,heap        ] GC(111) Eden regions: 193->0(282)
[51.226s][info][gc,heap        ] GC(111) Survivor regions: 43->30(30)
[51.226s][info][gc,heap        ] GC(111) Old regions: 335->431
[51.226s][info][gc,heap        ] GC(111) Humongous regions: 3->3
[51.226s][info][gc,metaspace   ] GC(111) Metaspace: 16487K(16832K)->16487K(16832K) NonClass: 14161K(14336K)->14161K(14336K) Class: 2325K(2496K)->2325K(2496K)
[51.226s][info][gc             ] GC(111) Pause Young (Prepare Mixed) (G1 Evacuation Pause) 572M->462M(1024M) 62.570ms
[51.226s][info][gc,cpu         ] GC(111) User=0.30s Sys=0.00s Real=0.06s
[51.396s][info][gc,start       ] GC(112) Pause Young (Mixed) (G1 Evacuation Pause)
[51.396s][info][gc,task        ] GC(112) Using 6 workers of 6 for evacuation
[51.470s][info][gc,phases      ] GC(112)   Pre Evacuate Collection Set: 0.3ms
[51.470s][info][gc,phases      ] GC(112)   Merge Heap Roots: 0.3ms
[51.471s][info][gc,phases      ] GC(112)   Evacuate Collection Set: 73.0ms
[51.471s][info][gc,phases      ] GC(112)   Post Evacuate Collection Set: 0.6ms
[51.471s][info][gc,phases      ] GC(112)   Other: 0.1ms
[51.471s][info][gc,heap        ] GC(112) Eden regions: 282->0(270)
[51.471s][info][gc,heap        ] GC(112) Survivor regions: 30->39(39)
[51.471s][info][gc,heap        ] GC(112) Old regions: 431->440
[51.471s][info][gc,heap        ] GC(112) Humongous regions: 3->3
[51.471s][info][gc,metaspace   ] GC(112) Metaspace: 16487K(16832K)->16487K(16832K) NonClass: 14161K(14336K)->14161K(14336K) Class: 2325K(2496K)->2325K(2496K)
[51.471s][info][gc             ] GC(112) Pause Young (Mixed) (G1 Evacuation Pause) 744M->480M(1024M) 74.390ms
[51.471s][info][gc,cpu         ] GC(112) User=0.47s Sys=0.00s Real=0.08s
[51.962s][info][gc,start       ] GC(113) Pause Young (Mixed) (G1 Evacuation Pause)
[51.962s][info][gc,task        ] GC(113) Using 6 workers of 6 for evacuation
[52.076s][info][gc,phases      ] GC(113)   Pre Evacuate Collection Set: 0.3ms
[52.076s][info][gc,phases      ] GC(113)   Merge Heap Roots: 2.7ms
[52.076s][info][gc,phases      ] GC(113)   Evacuate Collection Set: 109.2ms
[52.076s][info][gc,phases      ] GC(113)   Post Evacuate Collection Set: 1.3ms
[52.076s][info][gc,phases      ] GC(113)   Other: 0.1ms
[52.076s][info][gc,heap        ] GC(113) Eden regions: 270->0(206)
[52.076s][info][gc,heap        ] GC(113) Survivor regions: 39->39(39)
[52.076s][info][gc,heap        ] GC(113) Old regions: 440->546
[52.076s][info][gc,heap        ] GC(113) Humongous regions: 9->9
[52.076s][info][gc,metaspace   ] GC(113) Metaspace: 16487K(16832K)->16487K(16832K) NonClass: 14161K(14336K)->14161K(14336K) Class: 2325K(2496K)->2325K(2496K)
[52.076s][info][gc             ] GC(113) Pause Young (Mixed) (G1 Evacuation Pause) 756M->593M(1024M) 113.809ms
[52.076s][info][gc,cpu         ] GC(113) User=0.59s Sys=0.00s Real=0.10s
[52.559s][info][gc,start       ] GC(114) Pause Young (Concurrent Start) (G1 Evacuation Pause)
[52.559s][info][gc,task        ] GC(114) Using 6 workers of 6 for evacuation
[52.599s][info][gc,phases      ] GC(114)   Pre Evacuate Collection Set: 0.5ms
[52.599s][info][gc,phases      ] GC(114)   Merge Heap Roots: 1.4ms
[52.599s][info][gc,phases      ] GC(114)   Evacuate Collection Set: 37.6ms
[52.599s][info][gc,phases      ] GC(114)   Post Evacuate Collection Set: 0.7ms
[52.599s][info][gc,phases      ] GC(114)   Other: 0.2ms
[52.599s][info][gc,heap        ] GC(114) Eden regions: 206->0(231)
[52.599s][info][gc,heap        ] GC(114) Survivor regions: 39->6(31)
[52.599s][info][gc,heap        ] GC(114) Old regions: 546->573
[52.599s][info][gc,heap        ] GC(114) Humongous regions: 9->9
[52.599s][info][gc,metaspace   ] GC(114) Metaspace: 16487K(16832K)->16487K(16832K) NonClass: 14161K(14336K)->14161K(14336K) Class: 2325K(2496K)->2325K(2496K)
[52.599s][info][gc             ] GC(114) Pause Young (Concurrent Start) (G1 Evacuation Pause) 799M->587M(1024M) 40.676ms
[52.599s][info][gc,cpu         ] GC(114) User=0.17s Sys=0.00s Real=0.05s
[52.599s][info][gc             ] GC(115) Concurrent Mark Cycle
[52.599s][info][gc,marking     ] GC(115) Concurrent Scan Root Regions
[52.614s][info][gc,marking     ] GC(115) Concurrent Scan Root Regions 15.069ms
[52.614s][info][gc,marking     ] GC(115) Concurrent Mark
[52.614s][info][gc,marking     ] GC(115) Concurrent Mark From Roots
[52.614s][info][gc,task        ] GC(115) Using 2 workers of 2 for marking
[52.877s][info][gc,marking     ] GC(115) Concurrent Mark From Roots 262.814ms
[52.877s][info][gc,marking     ] GC(115) Concurrent Preclean
[52.877s][info][gc,marking     ] GC(115) Concurrent Preclean 0.027ms
[52.877s][info][gc,start       ] GC(115) Pause Remark
[52.879s][info][gc             ] GC(115) Pause Remark 728M->633M(1024M) 1.478ms
[52.879s][info][gc,cpu         ] GC(115) User=0.00s Sys=0.00s Real=0.00s
[52.879s][info][gc,marking     ] GC(115) Concurrent Mark 264.578ms
[52.879s][info][gc,marking     ] GC(115) Concurrent Rebuild Remembered Sets and Scrub Regions
[53.034s][info][gc,start       ] GC(116) Pause Young (Normal) (G1 Evacuation Pause)
[53.034s][info][gc,task        ] GC(116) Using 6 workers of 6 for evacuation
[53.047s][info][gc,phases      ] GC(116)   Pre Evacuate Collection Set: 0.3ms
[53.047s][info][gc,phases      ] GC(116)   Merge Heap Roots: 0.5ms
[53.047s][info][gc,phases      ] GC(116)   Evacuate Collection Set: 10.6ms
[53.047s][info][gc,phases      ] GC(116)   Post Evacuate Collection Set: 0.8ms
[53.047s][info][gc,phases      ] GC(116)   Other: 0.1ms
[53.047s][info][gc,heap        ] GC(116) Eden regions: 231->0(308)
[53.047s][info][gc,heap        ] GC(116) Survivor regions: 6->3(30)
[53.047s][info][gc,heap        ] GC(116) Old regions: 482->482
[53.047s][info][gc,heap        ] GC(116) Humongous regions: 5->5
[53.047s][info][gc,metaspace   ] GC(116) Metaspace: 16487K(16832K)->16487K(16832K) NonClass: 14161K(14336K)->14161K(14336K) Class: 2325K(2496K)->2325K(2496K)
[53.047s][info][gc             ] GC(116) Pause Young (Normal) (G1 Evacuation Pause) 723M->489M(1024M) 12.479ms
[53.047s][info][gc,cpu         ] GC(116) User=0.02s Sys=0.00s Real=0.02s
[53.048s][info][gc,marking     ] GC(115) Concurrent Rebuild Remembered Sets and Scrub Regions 169.277ms
[53.048s][info][gc,start       ] GC(115) Pause Cleanup
[53.049s][info][gc             ] GC(115) Pause Cleanup 490M->490M(1024M) 0.313ms
[53.049s][info][gc,cpu         ] GC(115) User=0.00s Sys=0.00s Real=0.00s
[53.049s][info][gc,marking     ] GC(115) Concurrent Clear Claimed Marks
[53.049s][info][gc,marking     ] GC(115) Concurrent Clear Claimed Marks 0.019ms
[53.049s][info][gc,marking     ] GC(115) Concurrent Cleanup for Next Mark
[53.050s][info][gc,marking     ] GC(115) Concurrent Cleanup for Next Mark 1.531ms
[53.050s][info][gc             ] GC(115) Concurrent Mark Cycle 451.104ms
[53.874s][info][gc,start       ] GC(117) Pause Full (System.gc())
[53.874s][info][gc,task        ] GC(117) Using 6 workers of 6 for full compaction
[53.874s][info][gc,phases,start] GC(117) Phase 1: Mark live objects
[53.877s][info][gc,phases      ] GC(117) Phase 1: Mark live objects 2.066ms
[53.877s][info][gc,phases,start] GC(117) Phase 2: Prepare compaction
[53.877s][info][gc,phases      ] GC(117) Phase 2: Prepare compaction 0.658ms
[53.877s][info][gc,phases,start] GC(117) Phase 3: Adjust pointers
[53.879s][info][gc,phases      ] GC(117) Phase 3: Adjust pointers 1.909ms
[53.879s][info][gc,phases,start] GC(117) Phase 4: Compact heap
[53.880s][info][gc,phases      ] GC(117) Phase 4: Compact heap 0.906ms
[53.880s][info][gc,phases,start] GC(117) Phase 5: Reset Metadata
[53.881s][info][gc,phases      ] GC(117) Phase 5: Reset Metadata 0.477ms
[53.884s][info][gc,heap        ] GC(117) Eden regions: 158->0(582)
[53.884s][info][gc,heap        ] GC(117) Survivor regions: 3->0(30)
[53.884s][info][gc,heap        ] GC(117) Old regions: 482->8
[53.884s][info][gc,heap        ] GC(117) Humongous regions: 5->2
[53.884s][info][gc,metaspace   ] GC(117) Metaspace: 16487K(16832K)->16487K(16832K) NonClass: 14161K(14336K)->14161K(14336K) Class: 2325K(2496K)->2325K(2496K)
[53.884s][info][gc             ] GC(117) Pause Full (System.gc()) 647M->5M(1024M) 10.477ms
[53.884s][info][gc,cpu         ] GC(117) User=0.00s Sys=0.00s Real=0.00s
[55.023s][info][gc,start       ] GC(118) Pause Young (Concurrent Start) (G1 Evacuation Pause)
[55.023s][info][gc,task        ] GC(118) Using 6 workers of 6 for evacuation
[55.024s][info][gc,phases      ] GC(118)   Pre Evacuate Collection Set: 0.2ms
[55.025s][info][gc,phases      ] GC(118)   Merge Heap Roots: 0.1ms
[55.025s][info][gc,phases      ] GC(118)   Evacuate Collection Set: 0.4ms
[55.025s][info][gc,phases      ] GC(118)   Post Evacuate Collection Set: 0.4ms
[55.025s][info][gc,phases      ] GC(118)   Other: 0.1ms
[55.025s][info][gc,heap        ] GC(118) Eden regions: 582->0(613)
[55.025s][info][gc,heap        ] GC(118) Survivor regions: 0->1(73)
[55.025s][info][gc,heap        ] GC(118) Old regions: 8->8
[55.025s][info][gc,heap        ] GC(118) Humongous regions: 2->2
[55.025s][info][gc,metaspace   ] GC(118) Metaspace: 16492K(16832K)->16492K(16832K) NonClass: 14166K(14336K)->14166K(14336K) Class: 2325K(2496K)->2325K(2496K)
[55.025s][info][gc             ] GC(118) Pause Young (Concurrent Start) (G1 Evacuation Pause) 587M->6M(1024M) 1.368ms
[55.025s][info][gc,cpu         ] GC(118) User=0.00s Sys=0.00s Real=0.00s
[55.025s][info][gc             ] GC(119) Concurrent Mark Cycle
[55.025s][info][gc,marking     ] GC(119) Concurrent Scan Root Regions
[55.025s][info][gc,marking     ] GC(119) Concurrent Scan Root Regions 0.251ms
[55.025s][info][gc,marking     ] GC(119) Concurrent Mark
[55.025s][info][gc,marking     ] GC(119) Concurrent Mark From Roots
[55.025s][info][gc,task        ] GC(119) Using 2 workers of 2 for marking
[55.028s][info][gc,marking     ] GC(119) Concurrent Mark From Roots 2.942ms
[55.028s][info][gc,marking     ] GC(119) Concurrent Preclean
[55.028s][info][gc,marking     ] GC(119) Concurrent Preclean 0.013ms
[55.028s][info][gc,start       ] GC(119) Pause Remark
[55.029s][info][gc             ] GC(119) Pause Remark 22M->22M(1024M) 1.068ms
[55.029s][info][gc,cpu         ] GC(119) User=0.00s Sys=0.00s Real=0.00s
[55.029s][info][gc,marking     ] GC(119) Concurrent Mark 4.289ms
[55.029s][info][gc,marking     ] GC(119) Concurrent Rebuild Remembered Sets and Scrub Regions
[55.031s][info][gc,marking     ] GC(119) Concurrent Rebuild Remembered Sets and Scrub Regions 1.369ms
[55.031s][info][gc,start       ] GC(119) Pause Cleanup
[55.031s][info][gc             ] GC(119) Pause Cleanup 30M->30M(1024M) 0.115ms
[55.031s][info][gc,cpu         ] GC(119) User=0.00s Sys=0.00s Real=0.00s
[55.031s][info][gc,marking     ] GC(119) Concurrent Clear Claimed Marks
[55.031s][info][gc,marking     ] GC(119) Concurrent Clear Claimed Marks 0.027ms
[55.031s][info][gc,marking     ] GC(119) Concurrent Cleanup for Next Mark
[55.034s][info][gc,marking     ] GC(119) Concurrent Cleanup for Next Mark 2.583ms
[55.034s][info][gc             ] GC(119) Concurrent Mark Cycle 9.037ms
[55.126s][info][gc,start       ] GC(120) Pause Young (Prepare Mixed) (G1 Evacuation Pause)
[55.126s][info][gc,task        ] GC(120) Using 6 workers of 6 for evacuation
[55.128s][info][gc,phases      ] GC(120)   Pre Evacuate Collection Set: 0.2ms
[55.128s][info][gc,phases      ] GC(120)   Merge Heap Roots: 0.1ms
[55.128s][info][gc,phases      ] GC(120)   Evacuate Collection Set: 0.3ms
[55.128s][info][gc,phases      ] GC(120)   Post Evacuate Collection Set: 0.4ms
[55.128s][info][gc,phases      ] GC(120)   Other: 0.1ms
[55.128s][info][gc,heap        ] GC(120) Eden regions: 613->0(613)
[55.128s][info][gc,heap        ] GC(120) Survivor regions: 1->1(77)
[55.128s][info][gc,heap        ] GC(120) Old regions: 8->8
[55.128s][info][gc,heap        ] GC(120) Humongous regions: 2->2
[55.128s][info][gc,metaspace   ] GC(120) Metaspace: 16492K(16832K)->16492K(16832K) NonClass: 14166K(14336K)->14166K(14336K) Class: 2325K(2496K)->2325K(2496K)
[55.128s][info][gc             ] GC(120) Pause Young (Prepare Mixed) (G1 Evacuation Pause) 619M->6M(1024M) 1.349ms
[55.128s][info][gc,cpu         ] GC(120) User=0.00s Sys=0.00s Real=0.00s
[55.224s][info][gc,start       ] GC(121) Pause Young (Mixed) (G1 Evacuation Pause)
[55.225s][info][gc,task        ] GC(121) Using 6 workers of 6 for evacuation
[55.226s][info][gc,phases      ] GC(121)   Pre Evacuate Collection Set: 0.2ms
[55.226s][info][gc,phases      ] GC(121)   Merge Heap Roots: 0.1ms
[55.226s][info][gc,phases      ] GC(121)   Evacuate Collection Set: 0.3ms
[55.226s][info][gc,phases      ] GC(121)   Post Evacuate Collection Set: 0.4ms
[55.226s][info][gc,phases      ] GC(121)   Other: 0.1ms
[55.226s][info][gc,heap        ] GC(121) Eden regions: 613->0(613)
[55.226s][info][gc,heap        ] GC(121) Survivor regions: 1->1(77)
[55.226s][info][gc,heap        ] GC(121) Old regions: 8->8
[55.226s][info][gc,heap        ] GC(121) Humongous regions: 2->2
[55.226s][info][gc,metaspace   ] GC(121) Metaspace: 16492K(16832K)->16492K(16832K) NonClass: 14166K(14336K)->14166K(14336K) Class: 2325K(2496K)->2325K(2496K)
[55.226s][info][gc             ] GC(121) Pause Young (Mixed) (G1 Evacuation Pause) 619M->6M(1024M) 1.230ms
[55.226s][info][gc,cpu         ] GC(121) User=0.00s Sys=0.00s Real=0.00s
[55.322s][info][gc,start       ] GC(122) Pause Young (Concurrent Start) (G1 Evacuation Pause)
[55.322s][info][gc,task        ] GC(122) Using 6 workers of 6 for evacuation
[55.323s][info][gc,phases      ] GC(122)   Pre Evacuate Collection Set: 0.2ms
[55.323s][info][gc,phases      ] GC(122)   Merge Heap Roots: 0.1ms
[55.323s][info][gc,phases      ] GC(122)   Evacuate Collection Set: 0.4ms
[55.323s][info][gc,phases      ] GC(122)   Post Evacuate Collection Set: 0.4ms
[55.323s][info][gc,phases      ] GC(122)   Other: 0.1ms
[55.323s][info][gc,heap        ] GC(122) Eden regions: 613->0(613)
[55.323s][info][gc,heap        ] GC(122) Survivor regions: 1->1(77)
[55.323s][info][gc,heap        ] GC(122) Old regions: 8->8
[55.323s][info][gc,heap        ] GC(122) Humongous regions: 2->2
[55.323s][info][gc,metaspace   ] GC(122) Metaspace: 16492K(16832K)->16492K(16832K) NonClass: 14166K(14336K)->14166K(14336K) Class: 2325K(2496K)->2325K(2496K)
[55.323s][info][gc             ] GC(122) Pause Young (Concurrent Start) (G1 Evacuation Pause) 619M->6M(1024M) 1.294ms
[55.323s][info][gc             ] GC(123) Concurrent Mark Cycle
[55.323s][info][gc,cpu         ] GC(122) User=0.00s Sys=0.00s Real=0.00s
[55.323s][info][gc,marking     ] GC(123) Concurrent Scan Root Regions
[55.323s][info][gc,marking     ] GC(123) Concurrent Scan Root Regions 0.285ms
[55.323s][info][gc,marking     ] GC(123) Concurrent Mark
[55.323s][info][gc,marking     ] GC(123) Concurrent Mark From Roots
[55.323s][info][gc,task        ] GC(123) Using 2 workers of 2 for marking
[55.326s][info][gc,marking     ] GC(123) Concurrent Mark From Roots 3.070ms
[55.327s][info][gc,marking     ] GC(123) Concurrent Preclean
[55.327s][info][gc,marking     ] GC(123) Concurrent Preclean 0.013ms
[55.327s][info][gc,start       ] GC(123) Pause Remark
[55.328s][info][gc             ] GC(123) Pause Remark 23M->23M(1024M) 1.023ms
[55.328s][info][gc,cpu         ] GC(123) User=0.00s Sys=0.00s Real=0.00s
[55.328s][info][gc,marking     ] GC(123) Concurrent Mark 4.366ms
[55.328s][info][gc,marking     ] GC(123) Concurrent Rebuild Remembered Sets and Scrub Regions
[55.329s][info][gc,marking     ] GC(123) Concurrent Rebuild Remembered Sets and Scrub Regions 1.366ms
[55.329s][info][gc,start       ] GC(123) Pause Cleanup
[55.329s][info][gc             ] GC(123) Pause Cleanup 30M->30M(1024M) 0.112ms
[55.329s][info][gc,cpu         ] GC(123) User=0.00s Sys=0.00s Real=0.00s
[55.329s][info][gc,marking     ] GC(123) Concurrent Clear Claimed Marks
[55.329s][info][gc,marking     ] GC(123) Concurrent Clear Claimed Marks 0.031ms
[55.329s][info][gc,marking     ] GC(123) Concurrent Cleanup for Next Mark
[55.332s][info][gc,marking     ] GC(123) Concurrent Cleanup for Next Mark 2.449ms
[55.332s][info][gc             ] GC(123) Concurrent Mark Cycle 8.986ms
[55.535s][info][gc,start       ] GC(124) Pause Young (Prepare Mixed) (G1 Evacuation Pause)
[55.535s][info][gc,task        ] GC(124) Using 6 workers of 6 for evacuation
[55.602s][info][gc,phases      ] GC(124)   Pre Evacuate Collection Set: 0.2ms
[55.602s][info][gc,phases      ] GC(124)   Merge Heap Roots: 0.1ms
[55.602s][info][gc,phases      ] GC(124)   Evacuate Collection Set: 66.4ms
[55.602s][info][gc,phases      ] GC(124)   Post Evacuate Collection Set: 0.8ms
[55.602s][info][gc,phases      ] GC(124)   Other: 0.1ms
[55.602s][info][gc,heap        ] GC(124) Eden regions: 613->0(537)
[55.602s][info][gc,heap        ] GC(124) Survivor regions: 1->77(77)
[55.602s][info][gc,heap        ] GC(124) Old regions: 8->80
[55.602s][info][gc,heap        ] GC(124) Humongous regions: 3->3
[55.602s][info][gc,metaspace   ] GC(124) Metaspace: 16492K(16832K)->16492K(16832K) NonClass: 14166K(14336K)->14166K(14336K) Class: 2325K(2496K)->2325K(2496K)
[55.602s][info][gc             ] GC(124) Pause Young (Prepare Mixed) (G1 Evacuation Pause) 620M->156M(1024M) 67.650ms
[55.602s][info][gc,cpu         ] GC(124) User=0.38s Sys=0.00s Real=0.06s
[58.893s][info][gc,start       ] GC(125) Pause Young (Mixed) (G1 Evacuation Pause)
[58.893s][info][gc,task        ] GC(125) Using 6 workers of 6 for evacuation
[59.053s][info][gc,phases      ] GC(125)   Pre Evacuate Collection Set: 0.2ms
[59.053s][info][gc,phases      ] GC(125)   Merge Heap Roots: 0.6ms
[59.053s][info][gc,phases      ] GC(125)   Evacuate Collection Set: 151.1ms
[59.053s][info][gc,phases      ] GC(125)   Post Evacuate Collection Set: 7.8ms
[59.053s][info][gc,phases      ] GC(125)   Other: 0.1ms
[59.053s][info][gc,heap        ] GC(125) Eden regions: 537->0(118)
[59.053s][info][gc,heap        ] GC(125) Survivor regions: 77->77(77)
[59.053s][info][gc,heap        ] GC(125) Old regions: 80->696
[59.053s][info][gc,heap        ] GC(125) Humongous regions: 4->4
[59.053s][info][gc,metaspace   ] GC(125) Metaspace: 16492K(16832K)->16492K(16832K) NonClass: 14166K(14336K)->14166K(14336K) Class: 2325K(2496K)->2325K(2496K)
[59.053s][info][gc             ] GC(125) Pause Young (Mixed) (G1 Evacuation Pause) (Evacuation Failure) 694M->774M(1024M) 160.062ms
[59.053s][info][gc,cpu         ] GC(125) User=0.86s Sys=0.00s Real=0.16s
[59.118s][info][gc,start       ] GC(126) Pause Young (Concurrent Start) (G1 Evacuation Pause)
[59.118s][info][gc,task        ] GC(126) Using 6 workers of 6 for evacuation
[59.192s][info][gc,phases      ] GC(126)   Pre Evacuate Collection Set: 0.3ms
[59.192s][info][gc,phases      ] GC(126)   Merge Heap Roots: 1.1ms
[59.192s][info][gc,phases      ] GC(126)   Evacuate Collection Set: 70.9ms
[59.192s][info][gc,phases      ] GC(126)   Post Evacuate Collection Set: 1.1ms
[59.192s][info][gc,phases      ] GC(126)   Other: 0.2ms
[59.192s][info][gc,heap        ] GC(126) Eden regions: 118->0(50)
[59.192s][info][gc,heap        ] GC(126) Survivor regions: 77->25(25)
[59.192s][info][gc,heap        ] GC(126) Old regions: 696->868
[59.192s][info][gc,heap        ] GC(126) Humongous regions: 4->4
[59.192s][info][gc,metaspace   ] GC(126) Metaspace: 16492K(16832K)->16492K(16832K) NonClass: 14166K(14336K)->14166K(14336K) Class: 2325K(2496K)->2325K(2496K)
[59.192s][info][gc             ] GC(126) Pause Young (Concurrent Start) (G1 Evacuation Pause) (Evacuation Failure) 892M->894M(1024M) 73.886ms
[59.192s][info][gc             ] GC(127) Concurrent Mark Cycle
[59.192s][info][gc,cpu         ] GC(126) User=0.38s Sys=0.00s Real=0.08s
[59.192s][info][gc,marking     ] GC(127) Concurrent Scan Root Regions
[59.220s][info][gc,marking     ] GC(127) Concurrent Scan Root Regions 27.590ms
[59.220s][info][gc,marking     ] GC(127) Concurrent Mark
[59.220s][info][gc,marking     ] GC(127) Concurrent Mark From Roots
[59.220s][info][gc,task        ] GC(127) Using 2 workers of 2 for marking
[59.223s][info][gc,start       ] GC(128) Pause Young (Normal) (G1 Evacuation Pause)
[59.223s][info][gc,task        ] GC(128) Using 6 workers of 6 for evacuation
[59.264s][info][gc,phases      ] GC(128)   Pre Evacuate Collection Set: 0.1ms
[59.265s][info][gc,phases      ] GC(128)   Merge Heap Roots: 0.7ms
[59.265s][info][gc,phases      ] GC(128)   Evacuate Collection Set: 40.0ms
[59.265s][info][gc,phases      ] GC(128)   Post Evacuate Collection Set: 0.7ms
[59.265s][info][gc,phases      ] GC(128)   Other: 0.1ms
[59.265s][info][gc,heap        ] GC(128) Eden regions: 50->0(41)
[59.265s][info][gc,heap        ] GC(128) Survivor regions: 25->10(10)
[59.265s][info][gc,heap        ] GC(128) Old regions: 868->907
[59.265s][info][gc,heap        ] GC(128) Humongous regions: 4->4
[59.265s][info][gc,metaspace   ] GC(128) Metaspace: 16492K(16832K)->16492K(16832K) NonClass: 14166K(14336K)->14166K(14336K) Class: 2325K(2496K)->2325K(2496K)
[59.265s][info][gc             ] GC(128) Pause Young (Normal) (G1 Evacuation Pause) 944M->918M(1024M) 41.810ms
[59.265s][info][gc,cpu         ] GC(128) User=0.03s Sys=0.00s Real=0.03s
[59.289s][info][gc,start       ] GC(129) Pause Young (Normal) (G1 Evacuation Pause)
[59.289s][info][gc,task        ] GC(129) Using 6 workers of 6 for evacuation
[59.322s][info][gc,phases      ] GC(129)   Pre Evacuate Collection Set: 0.1ms
[59.322s][info][gc,phases      ] GC(129)   Merge Heap Roots: 0.6ms
[59.322s][info][gc,phases      ] GC(129)   Evacuate Collection Set: 31.1ms
[59.322s][info][gc,phases      ] GC(129)   Post Evacuate Collection Set: 0.8ms
[59.322s][info][gc,phases      ] GC(129)   Other: 0.1ms
[59.322s][info][gc,heap        ] GC(129) Eden regions: 41->0(44)
[59.322s][info][gc,heap        ] GC(129) Survivor regions: 10->7(7)
[59.322s][info][gc,heap        ] GC(129) Old regions: 907->929
[59.322s][info][gc,heap        ] GC(129) Humongous regions: 4->4
[59.322s][info][gc,metaspace   ] GC(129) Metaspace: 16492K(16832K)->16492K(16832K) NonClass: 14166K(14336K)->14166K(14336K) Class: 2325K(2496K)->2325K(2496K)
[59.322s][info][gc             ] GC(129) Pause Young (Normal) (G1 Evacuation Pause) 959M->937M(1024M) 32.834ms
[59.322s][info][gc,cpu         ] GC(129) User=0.03s Sys=0.00s Real=0.03s
[59.330s][info][gc,marking     ] GC(127) Concurrent Mark From Roots 110.709ms
[59.330s][info][gc,marking     ] GC(127) Concurrent Preclean
[59.330s][info][gc,marking     ] GC(127) Concurrent Preclean 0.030ms
[59.330s][info][gc,start       ] GC(127) Pause Remark
[59.332s][info][gc             ] GC(127) Pause Remark 951M->455M(1024M) 1.305ms
[59.332s][info][gc,cpu         ] GC(127) User=0.02s Sys=0.00s Real=0.02s
[59.332s][info][gc,marking     ] GC(127) Concurrent Mark 112.231ms
[59.332s][info][gc,marking     ] GC(127) Concurrent Rebuild Remembered Sets and Scrub Regions
[59.350s][info][gc,start       ] GC(130) Pause Young (Normal) (G1 Evacuation Pause)
[59.350s][info][gc,task        ] GC(130) Using 6 workers of 6 for evacuation
[59.369s][info][gc,phases      ] GC(130)   Pre Evacuate Collection Set: 0.1ms
[59.369s][info][gc,phases      ] GC(130)   Merge Heap Roots: 0.6ms
[59.369s][info][gc,phases      ] GC(130)   Evacuate Collection Set: 17.5ms
[59.369s][info][gc,phases      ] GC(130)   Post Evacuate Collection Set: 0.5ms
[59.369s][info][gc,phases      ] GC(130)   Other: 0.1ms
[59.369s][info][gc,heap        ] GC(130) Eden regions: 44->0(282)
[59.369s][info][gc,heap        ] GC(130) Survivor regions: 7->7(7)
[59.369s][info][gc,heap        ] GC(130) Old regions: 434->456
[59.369s][info][gc,heap        ] GC(130) Humongous regions: 3->3
[59.369s][info][gc,metaspace   ] GC(130) Metaspace: 16492K(16832K)->16492K(16832K) NonClass: 14166K(14336K)->14166K(14336K) Class: 2325K(2496K)->2325K(2496K)
[59.369s][info][gc             ] GC(130) Pause Young (Normal) (G1 Evacuation Pause) 485M->463M(1024M) 18.911ms
[59.369s][info][gc,cpu         ] GC(130) User=0.02s Sys=0.00s Real=0.02s
[59.432s][info][gc,marking     ] GC(127) Concurrent Rebuild Remembered Sets and Scrub Regions 100.371ms
[59.432s][info][gc,start       ] GC(127) Pause Cleanup
[59.433s][info][gc             ] GC(127) Pause Cleanup 575M->575M(1024M) 0.467ms
[59.433s][info][gc,cpu         ] GC(127) User=0.00s Sys=0.00s Real=0.00s
[59.433s][info][gc,marking     ] GC(127) Concurrent Clear Claimed Marks
[59.433s][info][gc,marking     ] GC(127) Concurrent Clear Claimed Marks 0.027ms
[59.433s][info][gc,marking     ] GC(127) Concurrent Cleanup for Next Mark
[59.434s][info][gc,marking     ] GC(127) Concurrent Cleanup for Next Mark 1.409ms
[59.434s][info][gc             ] GC(127) Concurrent Mark Cycle 242.509ms
[59.535s][info][gc,start       ] GC(131) Pause Young (Prepare Mixed) (G1 Evacuation Pause)
[59.535s][info][gc,task        ] GC(131) Using 6 workers of 6 for evacuation
[59.604s][info][gc,phases      ] GC(131)   Pre Evacuate Collection Set: 0.4ms
[59.604s][info][gc,phases      ] GC(131)   Merge Heap Roots: 0.5ms
[59.604s][info][gc,phases      ] GC(131)   Evacuate Collection Set: 67.7ms
[59.604s][info][gc,phases      ] GC(131)   Post Evacuate Collection Set: 0.4ms
[59.604s][info][gc,phases      ] GC(131)   Other: 0.1ms
[59.604s][info][gc,heap        ] GC(131) Eden regions: 282->0(216)
[59.604s][info][gc,heap        ] GC(131) Survivor regions: 7->37(37)
[59.604s][info][gc,heap        ] GC(131) Old regions: 456->546
[59.604s][info][gc,heap        ] GC(131) Humongous regions: 3->3
[59.604s][info][gc,metaspace   ] GC(131) Metaspace: 16492K(16832K)->16492K(16832K) NonClass: 14166K(14336K)->14166K(14336K) Class: 2325K(2496K)->2325K(2496K)
[59.604s][info][gc             ] GC(131) Pause Young (Prepare Mixed) (G1 Evacuation Pause) 745M->583M(1024M) 69.339ms
[59.604s][info][gc,cpu         ] GC(131) User=0.38s Sys=0.00s Real=0.07s
[59.734s][info][gc,start       ] GC(132) Pause Young (Mixed) (G1 Evacuation Pause)
[59.734s][info][gc,task        ] GC(132) Using 6 workers of 6 for evacuation
[59.797s][info][gc,phases      ] GC(132)   Pre Evacuate Collection Set: 0.2ms
[59.797s][info][gc,phases      ] GC(132)   Merge Heap Roots: 0.2ms
[59.797s][info][gc,phases      ] GC(132)   Evacuate Collection Set: 61.5ms
[59.797s][info][gc,phases      ] GC(132)   Post Evacuate Collection Set: 0.4ms
[59.797s][info][gc,phases      ] GC(132)   Other: 0.1ms
[59.797s][info][gc,heap        ] GC(132) Eden regions: 216->0(220)
[59.797s][info][gc,heap        ] GC(132) Survivor regions: 37->32(32)
[59.797s][info][gc,heap        ] GC(132) Old regions: 546->540
[59.797s][info][gc,heap        ] GC(132) Humongous regions: 3->3
[59.797s][info][gc,metaspace   ] GC(132) Metaspace: 16492K(16832K)->16492K(16832K) NonClass: 14166K(14336K)->14166K(14336K) Class: 2325K(2496K)->2325K(2496K)
[59.797s][info][gc             ] GC(132) Pause Young (Mixed) (G1 Evacuation Pause) 799M->572M(1024M) 62.672ms
[59.797s][info][gc,cpu         ] GC(132) User=0.30s Sys=0.00s Real=0.06s
[60.057s][info][gc,start       ] GC(133) Pause Young (Mixed) (G1 Evacuation Pause)
[60.057s][info][gc,task        ] GC(133) Using 6 workers of 6 for evacuation
[60.143s][info][gc,phases      ] GC(133)   Pre Evacuate Collection Set: 0.3ms
[60.143s][info][gc,phases      ] GC(133)   Merge Heap Roots: 2.5ms
[60.143s][info][gc,phases      ] GC(133)   Evacuate Collection Set: 82.6ms
[60.143s][info][gc,phases      ] GC(133)   Post Evacuate Collection Set: 0.9ms
[60.143s][info][gc,phases      ] GC(133)   Other: 0.1ms
[60.143s][info][gc,heap        ] GC(133) Eden regions: 220->0(202)
[60.143s][info][gc,heap        ] GC(133) Survivor regions: 32->32(32)
[60.143s][info][gc,heap        ] GC(133) Old regions: 540->567
[60.143s][info][gc,heap        ] GC(133) Humongous regions: 6->6
[60.143s][info][gc,metaspace   ] GC(133) Metaspace: 16492K(16832K)->16492K(16832K) NonClass: 14166K(14336K)->14166K(14336K) Class: 2325K(2496K)->2325K(2496K)
[60.143s][info][gc             ] GC(133) Pause Young (Mixed) (G1 Evacuation Pause) 795M->602M(1024M) 86.621ms
[60.143s][info][gc,cpu         ] GC(133) User=0.56s Sys=0.00s Real=0.09s
[60.173s][info][gc,start       ] GC(134) Pause Young (Concurrent Start) (G1 Humongous Allocation)
[60.173s][info][gc,task        ] GC(134) Using 6 workers of 6 for evacuation
[60.228s][info][gc,phases      ] GC(134)   Pre Evacuate Collection Set: 0.2ms
[60.228s][info][gc,phases      ] GC(134)   Merge Heap Roots: 2.5ms
[60.228s][info][gc,phases      ] GC(134)   Evacuate Collection Set: 51.8ms
[60.228s][info][gc,phases      ] GC(134)   Post Evacuate Collection Set: 0.8ms
[60.228s][info][gc,phases      ] GC(134)   Other: 0.1ms
[60.228s][info][gc,heap        ] GC(134) Eden regions: 30->0(171)
[60.228s][info][gc,heap        ] GC(134) Survivor regions: 32->22(30)
[60.228s][info][gc,heap        ] GC(134) Old regions: 567->601
[60.228s][info][gc,heap        ] GC(134) Humongous regions: 6->6
[60.228s][info][gc,metaspace   ] GC(134) Metaspace: 16492K(16832K)->16492K(16832K) NonClass: 14166K(14336K)->14166K(14336K) Class: 2325K(2496K)->2325K(2496K)
[60.228s][info][gc             ] GC(134) Pause Young (Concurrent Start) (G1 Humongous Allocation) 632M->626M(1024M) 55.612ms
[60.228s][info][gc             ] GC(135) Concurrent Mark Cycle
[60.228s][info][gc,cpu         ] GC(134) User=0.28s Sys=0.00s Real=0.05s
[60.228s][info][gc,marking     ] GC(135) Concurrent Scan Root Regions
[60.243s][info][gc,marking     ] GC(135) Concurrent Scan Root Regions 14.752ms
[60.243s][info][gc,marking     ] GC(135) Concurrent Mark
[60.243s][info][gc,marking     ] GC(135) Concurrent Mark From Roots
[60.243s][info][gc,task        ] GC(135) Using 2 workers of 2 for marking
[60.542s][info][gc,marking     ] GC(135) Concurrent Mark From Roots 298.581ms
[60.542s][info][gc,marking     ] GC(135) Concurrent Preclean
[60.542s][info][gc,marking     ] GC(135) Concurrent Preclean 0.030ms
[60.542s][info][gc,start       ] GC(135) Pause Remark
[60.543s][info][gc             ] GC(135) Pause Remark 682M->577M(1024M) 1.238ms
[60.543s][info][gc,cpu         ] GC(135) User=0.00s Sys=0.00s Real=0.00s
[60.543s][info][gc,marking     ] GC(135) Concurrent Mark 300.145ms
[60.543s][info][gc,marking     ] GC(135) Concurrent Rebuild Remembered Sets and Scrub Regions
[60.762s][info][gc,start       ] GC(136) Pause Young (Normal) (G1 Evacuation Pause)
[60.762s][info][gc,task        ] GC(136) Using 6 workers of 6 for evacuation
[60.793s][info][gc,phases      ] GC(136)   Pre Evacuate Collection Set: 0.3ms
[60.793s][info][gc,phases      ] GC(136)   Merge Heap Roots: 1.0ms
[60.793s][info][gc,phases      ] GC(136)   Evacuate Collection Set: 29.2ms
[60.793s][info][gc,phases      ] GC(136)   Post Evacuate Collection Set: 1.1ms
[60.793s][info][gc,phases      ] GC(136)   Other: 0.1ms
[60.793s][info][gc,heap        ] GC(136) Eden regions: 171->0(229)
[60.793s][info][gc,heap        ] GC(136) Survivor regions: 22->8(25)
[60.793s][info][gc,heap        ] GC(136) Old regions: 497->519
[60.793s][info][gc,heap        ] GC(136) Humongous regions: 8->8
[60.793s][info][gc,metaspace   ] GC(136) Metaspace: 16492K(16832K)->16492K(16832K) NonClass: 14166K(14336K)->14166K(14336K) Class: 2325K(2496K)->2325K(2496K)
[60.793s][info][gc             ] GC(136) Pause Young (Normal) (G1 Evacuation Pause) 695M->531M(1024M) 31.809ms
[60.794s][info][gc,cpu         ] GC(136) User=0.08s Sys=0.00s Real=0.03s
[60.867s][info][gc,marking     ] GC(135) Concurrent Rebuild Remembered Sets and Scrub Regions 323.259ms
[60.867s][info][gc,start       ] GC(135) Pause Cleanup
[60.867s][info][gc             ] GC(135) Pause Cleanup 558M->558M(1024M) 0.351ms
[60.867s][info][gc,cpu         ] GC(135) User=0.00s Sys=0.00s Real=0.00s
[60.867s][info][gc,marking     ] GC(135) Concurrent Clear Claimed Marks
[60.867s][info][gc,marking     ] GC(135) Concurrent Clear Claimed Marks 0.025ms
[60.867s][info][gc,marking     ] GC(135) Concurrent Cleanup for Next Mark
[60.869s][info][gc,marking     ] GC(135) Concurrent Cleanup for Next Mark 1.495ms
[60.869s][info][gc             ] GC(135) Concurrent Mark Cycle 640.459ms
[61.230s][info][gc,start       ] GC(137) Pause Young (Prepare Mixed) (G1 Evacuation Pause)
[61.230s][info][gc,task        ] GC(137) Using 6 workers of 6 for evacuation
[61.248s][info][gc,phases      ] GC(137)   Pre Evacuate Collection Set: 0.2ms
[61.249s][info][gc,phases      ] GC(137)   Merge Heap Roots: 1.1ms
[61.249s][info][gc,phases      ] GC(137)   Evacuate Collection Set: 17.0ms
[61.249s][info][gc,phases      ] GC(137)   Post Evacuate Collection Set: 0.5ms
[61.249s][info][gc,phases      ] GC(137)   Other: 0.1ms
[61.249s][info][gc,heap        ] GC(137) Eden regions: 229->0(257)
[61.249s][info][gc,heap        ] GC(137) Survivor regions: 8->5(30)
[61.249s][info][gc,heap        ] GC(137) Old regions: 519->519
[61.249s][info][gc,heap        ] GC(137) Humongous regions: 8->8
[61.249s][info][gc,metaspace   ] GC(137) Metaspace: 16492K(16832K)->16492K(16832K) NonClass: 14166K(14336K)->14166K(14336K) Class: 2325K(2496K)->2325K(2496K)
[61.249s][info][gc             ] GC(137) Pause Young (Prepare Mixed) (G1 Evacuation Pause) 760M->529M(1024M) 19.086ms
[61.249s][info][gc,cpu         ] GC(137) User=0.08s Sys=0.00s Real=0.02s
[62.126s][info][gc,start       ] GC(138) Pause Full (System.gc())
[62.126s][info][gc,task        ] GC(138) Using 6 workers of 6 for full compaction
[62.126s][info][gc,phases,start] GC(138) Phase 1: Mark live objects
[62.129s][info][gc,phases      ] GC(138) Phase 1: Mark live objects 2.641ms
[62.129s][info][gc,phases,start] GC(138) Phase 2: Prepare compaction
[62.130s][info][gc,phases      ] GC(138) Phase 2: Prepare compaction 0.822ms
[62.130s][info][gc,phases,start] GC(138) Phase 3: Adjust pointers
[62.132s][info][gc,phases      ] GC(138) Phase 3: Adjust pointers 2.320ms
[62.132s][info][gc,phases,start] GC(138) Phase 4: Compact heap
[62.133s][info][gc,phases      ] GC(138) Phase 4: Compact heap 0.721ms
[62.133s][info][gc,phases,start] GC(138) Phase 5: Reset Metadata
[62.134s][info][gc,phases      ] GC(138) Phase 5: Reset Metadata 0.510ms
[62.137s][info][gc,heap        ] GC(138) Eden regions: 203->0(519)
[62.137s][info][gc,heap        ] GC(138) Survivor regions: 5->0(30)
[62.137s][info][gc,heap        ] GC(138) Old regions: 519->8
[62.137s][info][gc,heap        ] GC(138) Humongous regions: 8->2
[62.137s][info][gc,metaspace   ] GC(138) Metaspace: 16494K(16832K)->16494K(16832K) NonClass: 14168K(14336K)->14168K(14336K) Class: 2325K(2496K)->2325K(2496K)
[62.137s][info][gc             ] GC(138) Pause Full (System.gc()) 732M->5M(1024M) 10.849ms
[62.137s][info][gc,cpu         ] GC(138) User=0.00s Sys=0.00s Real=0.00s
[63.272s][info][gc,start       ] GC(139) Pause Young (Concurrent Start) (G1 Evacuation Pause)
[63.274s][info][gc,task        ] GC(139) Using 6 workers of 6 for evacuation
[63.275s][info][gc,phases      ] GC(139)   Pre Evacuate Collection Set: 0.2ms
[63.275s][info][gc,phases      ] GC(139)   Merge Heap Roots: 0.1ms
[63.275s][info][gc,phases      ] GC(139)   Evacuate Collection Set: 0.4ms
[63.275s][info][gc,phases      ] GC(139)   Post Evacuate Collection Set: 0.4ms
[63.275s][info][gc,phases      ] GC(139)   Other: 0.1ms
[63.275s][info][gc,heap        ] GC(139) Eden regions: 519->0(580)
[63.275s][info][gc,heap        ] GC(139) Survivor regions: 0->1(65)
[63.275s][info][gc,heap        ] GC(139) Old regions: 8->8
[63.275s][info][gc,heap        ] GC(139) Humongous regions: 2->2
[63.275s][info][gc,metaspace   ] GC(139) Metaspace: 16494K(16832K)->16494K(16832K) NonClass: 14168K(14336K)->14168K(14336K) Class: 2325K(2496K)->2325K(2496K)
[63.275s][info][gc             ] GC(139) Pause Young (Concurrent Start) (G1 Evacuation Pause) 524M->6M(1024M) 3.155ms
[63.275s][info][gc             ] GC(140) Concurrent Mark Cycle
[63.275s][info][gc,cpu         ] GC(139) User=0.00s Sys=0.00s Real=0.00s
[63.275s][info][gc,marking     ] GC(140) Concurrent Scan Root Regions
[63.276s][info][gc,marking     ] GC(140) Concurrent Scan Root Regions 0.435ms
[63.276s][info][gc,marking     ] GC(140) Concurrent Mark
[63.276s][info][gc,marking     ] GC(140) Concurrent Mark From Roots
[63.276s][info][gc,task        ] GC(140) Using 2 workers of 2 for marking
[63.279s][info][gc,marking     ] GC(140) Concurrent Mark From Roots 2.995ms
[63.279s][info][gc,marking     ] GC(140) Concurrent Preclean
[63.279s][info][gc,marking     ] GC(140) Concurrent Preclean 0.013ms
[63.279s][info][gc,start       ] GC(140) Pause Remark
[63.280s][info][gc             ] GC(140) Pause Remark 22M->22M(1024M) 1.039ms
[63.280s][info][gc,cpu         ] GC(140) User=0.00s Sys=0.00s Real=0.00s
[63.280s][info][gc,marking     ] GC(140) Concurrent Mark 4.302ms
[63.280s][info][gc,marking     ] GC(140) Concurrent Rebuild Remembered Sets and Scrub Regions
[63.281s][info][gc,marking     ] GC(140) Concurrent Rebuild Remembered Sets and Scrub Regions 1.371ms
[63.282s][info][gc,start       ] GC(140) Pause Cleanup
[63.282s][info][gc             ] GC(140) Pause Cleanup 30M->30M(1024M) 0.121ms
[63.282s][info][gc,cpu         ] GC(140) User=0.00s Sys=0.00s Real=0.01s
[63.282s][info][gc,marking     ] GC(140) Concurrent Clear Claimed Marks
[63.282s][info][gc,marking     ] GC(140) Concurrent Clear Claimed Marks 0.029ms
[63.282s][info][gc,marking     ] GC(140) Concurrent Cleanup for Next Mark
[63.284s][info][gc,marking     ] GC(140) Concurrent Cleanup for Next Mark 2.476ms
[63.284s][info][gc             ] GC(140) Concurrent Mark Cycle 9.134ms
[63.370s][info][gc,start       ] GC(141) Pause Young (Prepare Mixed) (G1 Evacuation Pause)
[63.370s][info][gc,task        ] GC(141) Using 6 workers of 6 for evacuation
[63.371s][info][gc,phases      ] GC(141)   Pre Evacuate Collection Set: 0.2ms
[63.371s][info][gc,phases      ] GC(141)   Merge Heap Roots: 0.1ms
[63.372s][info][gc,phases      ] GC(141)   Evacuate Collection Set: 0.3ms
[63.372s][info][gc,phases      ] GC(141)   Post Evacuate Collection Set: 0.4ms
[63.372s][info][gc,phases      ] GC(141)   Other: 0.1ms
[63.372s][info][gc,heap        ] GC(141) Eden regions: 580->0(613)
[63.372s][info][gc,heap        ] GC(141) Survivor regions: 1->1(73)
[63.372s][info][gc,heap        ] GC(141) Old regions: 8->8
[63.372s][info][gc,heap        ] GC(141) Humongous regions: 2->2
[63.372s][info][gc,metaspace   ] GC(141) Metaspace: 16494K(16832K)->16494K(16832K) NonClass: 14168K(14336K)->14168K(14336K) Class: 2325K(2496K)->2325K(2496K)
[63.372s][info][gc             ] GC(141) Pause Young (Prepare Mixed) (G1 Evacuation Pause) 586M->6M(1024M) 1.223ms
[63.372s][info][gc,cpu         ] GC(141) User=0.00s Sys=0.00s Real=0.00s
[63.468s][info][gc,start       ] GC(142) Pause Young (Mixed) (G1 Evacuation Pause)
[63.469s][info][gc,task        ] GC(142) Using 6 workers of 6 for evacuation
[63.469s][info][gc,phases      ] GC(142)   Pre Evacuate Collection Set: 0.2ms
[63.470s][info][gc,phases      ] GC(142)   Merge Heap Roots: 0.1ms
[63.470s][info][gc,phases      ] GC(142)   Evacuate Collection Set: 0.3ms
[63.470s][info][gc,phases      ] GC(142)   Post Evacuate Collection Set: 0.3ms
[63.470s][info][gc,phases      ] GC(142)   Other: 0.1ms
[63.470s][info][gc,heap        ] GC(142) Eden regions: 613->0(613)
[63.470s][info][gc,heap        ] GC(142) Survivor regions: 1->1(77)
[63.470s][info][gc,heap        ] GC(142) Old regions: 8->8
[63.470s][info][gc,heap        ] GC(142) Humongous regions: 2->2
[63.470s][info][gc,metaspace   ] GC(142) Metaspace: 16494K(16832K)->16494K(16832K) NonClass: 14168K(14336K)->14168K(14336K) Class: 2325K(2496K)->2325K(2496K)
[63.470s][info][gc             ] GC(142) Pause Young (Mixed) (G1 Evacuation Pause) 619M->6M(1024M) 1.182ms
[63.470s][info][gc,cpu         ] GC(142) User=0.00s Sys=0.00s Real=0.00s
[63.568s][info][gc,start       ] GC(143) Pause Young (Concurrent Start) (G1 Evacuation Pause)
[63.568s][info][gc,task        ] GC(143) Using 6 workers of 6 for evacuation
[63.569s][info][gc,phases      ] GC(143)   Pre Evacuate Collection Set: 0.2ms
[63.569s][info][gc,phases      ] GC(143)   Merge Heap Roots: 0.1ms
[63.569s][info][gc,phases      ] GC(143)   Evacuate Collection Set: 0.4ms
[63.569s][info][gc,phases      ] GC(143)   Post Evacuate Collection Set: 0.4ms
[63.569s][info][gc,phases      ] GC(143)   Other: 0.1ms
[63.569s][info][gc,heap        ] GC(143) Eden regions: 613->0(613)
[63.569s][info][gc,heap        ] GC(143) Survivor regions: 1->1(77)
[63.569s][info][gc,heap        ] GC(143) Old regions: 8->8
[63.569s][info][gc,heap        ] GC(143) Humongous regions: 2->2
[63.569s][info][gc,metaspace   ] GC(143) Metaspace: 16494K(16832K)->16494K(16832K) NonClass: 14168K(14336K)->14168K(14336K) Class: 2325K(2496K)->2325K(2496K)
[63.569s][info][gc             ] GC(143) Pause Young (Concurrent Start) (G1 Evacuation Pause) 619M->6M(1024M) 1.391ms
[63.569s][info][gc             ] GC(144) Concurrent Mark Cycle
[63.569s][info][gc,cpu         ] GC(143) User=0.00s Sys=0.00s Real=0.00s
[63.569s][info][gc,marking     ] GC(144) Concurrent Scan Root Regions
[63.570s][info][gc,marking     ] GC(144) Concurrent Scan Root Regions 0.277ms
[63.570s][info][gc,marking     ] GC(144) Concurrent Mark
[63.570s][info][gc,marking     ] GC(144) Concurrent Mark From Roots
[63.570s][info][gc,task        ] GC(144) Using 2 workers of 2 for marking
[63.573s][info][gc,marking     ] GC(144) Concurrent Mark From Roots 3.143ms
[63.573s][info][gc,marking     ] GC(144) Concurrent Preclean
[63.573s][info][gc,marking     ] GC(144) Concurrent Preclean 0.015ms
[63.573s][info][gc,start       ] GC(144) Pause Remark
[63.574s][info][gc             ] GC(144) Pause Remark 23M->23M(1024M) 1.033ms
[63.574s][info][gc,cpu         ] GC(144) User=0.00s Sys=0.00s Real=0.00s
[63.574s][info][gc,marking     ] GC(144) Concurrent Mark 4.436ms
[63.574s][info][gc,marking     ] GC(144) Concurrent Rebuild Remembered Sets and Scrub Regions
[63.576s][info][gc,marking     ] GC(144) Concurrent Rebuild Remembered Sets and Scrub Regions 1.357ms
[63.576s][info][gc,start       ] GC(144) Pause Cleanup
[63.576s][info][gc             ] GC(144) Pause Cleanup 30M->30M(1024M) 0.112ms
[63.576s][info][gc,cpu         ] GC(144) User=0.00s Sys=0.00s Real=0.00s
[63.576s][info][gc,marking     ] GC(144) Concurrent Clear Claimed Marks
[63.576s][info][gc,marking     ] GC(144) Concurrent Clear Claimed Marks 0.021ms
[63.576s][info][gc,marking     ] GC(144) Concurrent Cleanup for Next Mark
[63.578s][info][gc,marking     ] GC(144) Concurrent Cleanup for Next Mark 2.420ms
[63.578s][info][gc             ] GC(144) Concurrent Mark Cycle 8.994ms
[63.723s][info][gc,start       ] GC(145) Pause Young (Prepare Mixed) (G1 Evacuation Pause)
[63.724s][info][gc,task        ] GC(145) Using 6 workers of 6 for evacuation
[63.761s][info][gc,phases      ] GC(145)   Pre Evacuate Collection Set: 0.2ms
[63.761s][info][gc,phases      ] GC(145)   Merge Heap Roots: 0.1ms
[63.761s][info][gc,phases      ] GC(145)   Evacuate Collection Set: 36.4ms
[63.761s][info][gc,phases      ] GC(145)   Post Evacuate Collection Set: 0.5ms
[63.761s][info][gc,phases      ] GC(145)   Other: 0.1ms
[63.761s][info][gc,heap        ] GC(145) Eden regions: 613->0(537)
[63.761s][info][gc,heap        ] GC(145) Survivor regions: 1->77(77)
[63.761s][info][gc,heap        ] GC(145) Old regions: 8->12
[63.761s][info][gc,heap        ] GC(145) Humongous regions: 3->3
[63.761s][info][gc,metaspace   ] GC(145) Metaspace: 16494K(16832K)->16494K(16832K) NonClass: 14168K(14336K)->14168K(14336K) Class: 2325K(2496K)->2325K(2496K)
[63.761s][info][gc             ] GC(145) Pause Young (Prepare Mixed) (G1 Evacuation Pause) 620M->88M(1024M) 37.389ms
[63.761s][info][gc,cpu         ] GC(145) User=0.05s Sys=0.00s Real=0.05s
[64.269s][info][gc,start       ] GC(146) Pause Young (Mixed) (G1 Evacuation Pause)
[64.269s][info][gc,task        ] GC(146) Using 6 workers of 6 for evacuation
[64.454s][info][gc,phases      ] GC(146)   Pre Evacuate Collection Set: 0.2ms
[64.454s][info][gc,phases      ] GC(146)   Merge Heap Roots: 0.1ms
[64.454s][info][gc,phases      ] GC(146)   Evacuate Collection Set: 176.7ms
[64.454s][info][gc,phases      ] GC(146)   Post Evacuate Collection Set: 8.2ms
[64.454s][info][gc,phases      ] GC(146)   Other: 0.1ms
[64.454s][info][gc,heap        ] GC(146) Eden regions: 537->0(0)
[64.454s][info][gc,heap        ] GC(146) Survivor regions: 77->77(77)
[64.454s][info][gc,heap        ] GC(146) Old regions: 12->914
[64.454s][info][gc,heap        ] GC(146) Humongous regions: 4->4
[64.454s][info][gc,metaspace   ] GC(146) Metaspace: 16494K(16832K)->16494K(16832K) NonClass: 14168K(14336K)->14168K(14336K) Class: 2325K(2496K)->2325K(2496K)
[64.455s][info][gc             ] GC(146) Pause Young (Mixed) (G1 Evacuation Pause) (Evacuation Failure) 626M->991M(1024M) 185.428ms
[64.455s][info][gc,cpu         ] GC(146) User=1.05s Sys=0.00s Real=0.19s
[64.455s][info][gc,ergo        ] Attempting full compaction
[64.455s][info][gc,start       ] GC(147) Pause Full (G1 Compaction Pause)
[64.455s][info][gc,task        ] GC(147) Using 6 workers of 6 for full compaction
[64.455s][info][gc,phases,start] GC(147) Phase 1: Mark live objects
[64.568s][info][gc,phases      ] GC(147) Phase 1: Mark live objects 112.806ms
[64.568s][info][gc,phases,start] GC(147) Phase 2: Prepare compaction
[64.572s][info][gc,phases      ] GC(147) Phase 2: Prepare compaction 4.656ms
[64.572s][info][gc,phases,start] GC(147) Phase 3: Adjust pointers
[64.600s][info][gc,phases      ] GC(147) Phase 3: Adjust pointers 27.865ms
[64.600s][info][gc,phases,start] GC(147) Phase 4: Compact heap
[64.605s][info][gc,phases      ] GC(147) Phase 4: Compact heap 5.079ms
[64.605s][info][gc,phases,start] GC(147) Phase 5: Reset Metadata
[64.619s][info][gc,phases      ] GC(147) Phase 5: Reset Metadata 13.417ms
[64.625s][info][gc,heap        ] GC(147) Eden regions: 0->0(315)
[64.625s][info][gc,heap        ] GC(147) Survivor regions: 77->0(77)
[64.625s][info][gc,heap        ] GC(147) Old regions: 914->414
[64.625s][info][gc,heap        ] GC(147) Humongous regions: 4->4
[64.625s][info][gc,metaspace   ] GC(147) Metaspace: 16494K(16832K)->16494K(16832K) NonClass: 14168K(14336K)->14168K(14336K) Class: 2325K(2496K)->2325K(2496K)
[64.625s][info][gc             ] GC(147) Pause Full (G1 Compaction Pause) 991M->415M(1024M) 170.472ms
[64.625s][info][gc,cpu         ] GC(147) User=0.66s Sys=0.00s Real=0.17s
[67.224s][info][gc,start       ] GC(148) Pause Young (Concurrent Start) (G1 Evacuation Pause)
[67.224s][info][gc,task        ] GC(148) Using 6 workers of 6 for evacuation
[67.302s][info][gc,phases      ] GC(148)   Pre Evacuate Collection Set: 0.3ms
[67.302s][info][gc,phases      ] GC(148)   Merge Heap Roots: 1.0ms
[67.302s][info][gc,phases      ] GC(148)   Evacuate Collection Set: 75.6ms
[67.302s][info][gc,phases      ] GC(148)   Post Evacuate Collection Set: 0.7ms
[67.302s][info][gc,phases      ] GC(148)   Other: 0.1ms
[67.302s][info][gc,heap        ] GC(148) Eden regions: 315->0(244)
[67.302s][info][gc,heap        ] GC(148) Survivor regions: 0->40(40)
[67.302s][info][gc,heap        ] GC(148) Old regions: 414->490
[67.302s][info][gc,heap        ] GC(148) Humongous regions: 4->4
[67.302s][info][gc,metaspace   ] GC(148) Metaspace: 16496K(16832K)->16496K(16832K) NonClass: 14170K(14336K)->14170K(14336K) Class: 2325K(2496K)->2325K(2496K)
[67.302s][info][gc             ] GC(148) Pause Young (Concurrent Start) (G1 Evacuation Pause) 730M->531M(1024M) 77.931ms
[67.302s][info][gc             ] GC(149) Concurrent Mark Cycle
[67.302s][info][gc,cpu         ] GC(148) User=0.39s Sys=0.00s Real=0.08s
[67.302s][info][gc,marking     ] GC(149) Concurrent Scan Root Regions
[67.325s][info][gc,marking     ] GC(149) Concurrent Scan Root Regions 23.028ms
[67.325s][info][gc,marking     ] GC(149) Concurrent Mark
[67.325s][info][gc,marking     ] GC(149) Concurrent Mark From Roots
[67.325s][info][gc,task        ] GC(149) Using 2 workers of 2 for marking
[67.381s][info][gc,marking     ] GC(149) Concurrent Mark From Roots 56.172ms
[67.381s][info][gc,marking     ] GC(149) Concurrent Preclean
[67.381s][info][gc,marking     ] GC(149) Concurrent Preclean 0.029ms
[67.382s][info][gc,start       ] GC(149) Pause Remark
[67.383s][info][gc             ] GC(149) Pause Remark 661M->540M(1024M) 1.156ms
[67.383s][info][gc,cpu         ] GC(149) User=0.00s Sys=0.00s Real=0.00s
[67.383s][info][gc,marking     ] GC(149) Concurrent Mark 57.552ms
[67.383s][info][gc,marking     ] GC(149) Concurrent Rebuild Remembered Sets and Scrub Regions
[67.451s][info][gc,start       ] GC(150) Pause Young (Normal) (G1 Evacuation Pause)
[67.451s][info][gc,task        ] GC(150) Using 6 workers of 6 for evacuation
[67.524s][info][gc,phases      ] GC(150)   Pre Evacuate Collection Set: 0.2ms
[67.524s][info][gc,phases      ] GC(150)   Merge Heap Roots: 0.7ms
[67.524s][info][gc,phases      ] GC(150)   Evacuate Collection Set: 71.6ms
[67.524s][info][gc,phases      ] GC(150)   Post Evacuate Collection Set: 0.3ms
[67.524s][info][gc,phases      ] GC(150)   Other: 0.1ms
[67.524s][info][gc,heap        ] GC(150) Eden regions: 244->0(249)
[67.524s][info][gc,heap        ] GC(150) Survivor regions: 40->36(36)
[67.524s][info][gc,heap        ] GC(150) Old regions: 370->478
[67.524s][info][gc,heap        ] GC(150) Humongous regions: 3->3
[67.524s][info][gc,metaspace   ] GC(150) Metaspace: 16496K(16832K)->16496K(16832K) NonClass: 14170K(14336K)->14170K(14336K) Class: 2325K(2496K)->2325K(2496K)
[67.524s][info][gc             ] GC(150) Pause Young (Normal) (G1 Evacuation Pause) 654M->513M(1024M) 73.122ms
[67.524s][info][gc,cpu         ] GC(150) User=0.42s Sys=0.00s Real=0.08s
[67.540s][info][gc,marking     ] GC(149) Concurrent Rebuild Remembered Sets and Scrub Regions 157.184ms
[67.540s][info][gc,start       ] GC(149) Pause Cleanup
[67.540s][info][gc             ] GC(149) Pause Cleanup 538M->538M(1024M) 0.329ms
[67.540s][info][gc,cpu         ] GC(149) User=0.00s Sys=0.00s Real=0.00s
[67.540s][info][gc,marking     ] GC(149) Concurrent Clear Claimed Marks
[67.540s][info][gc,marking     ] GC(149) Concurrent Clear Claimed Marks 0.018ms
[67.540s][info][gc,marking     ] GC(149) Concurrent Cleanup for Next Mark
[67.542s][info][gc,marking     ] GC(149) Concurrent Cleanup for Next Mark 1.392ms
[67.542s][info][gc             ] GC(149) Concurrent Mark Cycle 239.797ms
[67.677s][info][gc,start       ] GC(151) Pause Young (Prepare Mixed) (G1 Evacuation Pause)
[67.677s][info][gc,task        ] GC(151) Using 6 workers of 6 for evacuation
[67.746s][info][gc,phases      ] GC(151)   Pre Evacuate Collection Set: 0.4ms
[67.746s][info][gc,phases      ] GC(151)   Merge Heap Roots: 0.2ms
[67.746s][info][gc,phases      ] GC(151)   Evacuate Collection Set: 68.2ms
[67.746s][info][gc,phases      ] GC(151)   Post Evacuate Collection Set: 0.4ms
[67.746s][info][gc,phases      ] GC(151)   Other: 0.1ms
[67.746s][info][gc,heap        ] GC(151) Eden regions: 249->0(196)
[67.746s][info][gc,heap        ] GC(151) Survivor regions: 36->36(36)
[67.746s][info][gc,heap        ] GC(151) Old regions: 478->583
[67.746s][info][gc,heap        ] GC(151) Humongous regions: 3->3
[67.746s][info][gc,metaspace   ] GC(151) Metaspace: 16496K(16832K)->16496K(16832K) NonClass: 14170K(14336K)->14170K(14336K) Class: 2325K(2496K)->2325K(2496K)
[67.746s][info][gc             ] GC(151) Pause Young (Prepare Mixed) (G1 Evacuation Pause) 762M->619M(1024M) 69.503ms
[67.746s][info][gc,cpu         ] GC(151) User=0.38s Sys=0.00s Real=0.06s
[67.869s][info][gc,start       ] GC(152) Pause Young (Mixed) (G1 Evacuation Pause)
[67.869s][info][gc,task        ] GC(152) Using 6 workers of 6 for evacuation
[67.927s][info][gc,phases      ] GC(152)   Pre Evacuate Collection Set: 0.2ms
[67.927s][info][gc,phases      ] GC(152)   Merge Heap Roots: 0.2ms
[67.927s][info][gc,phases      ] GC(152)   Evacuate Collection Set: 57.2ms
[67.927s][info][gc,phases      ] GC(152)   Post Evacuate Collection Set: 0.4ms
[67.927s][info][gc,phases      ] GC(152)   Other: 0.1ms
[67.927s][info][gc,heap        ] GC(152) Eden regions: 196->0(204)
[67.927s][info][gc,heap        ] GC(152) Survivor regions: 36->29(29)
[67.927s][info][gc,heap        ] GC(152) Old regions: 583->573
[67.927s][info][gc,heap        ] GC(152) Humongous regions: 3->3
[67.927s][info][gc,metaspace   ] GC(152) Metaspace: 16496K(16832K)->16496K(16832K) NonClass: 14170K(14336K)->14170K(14336K) Class: 2325K(2496K)->2325K(2496K)
[67.927s][info][gc             ] GC(152) Pause Young (Mixed) (G1 Evacuation Pause) 815M->604M(1024M) 58.306ms
[67.927s][info][gc,cpu         ] GC(152) User=0.28s Sys=0.00s Real=0.06s
[68.410s][info][gc,start       ] GC(153) Pause Young (Mixed) (G1 Evacuation Pause)
[68.410s][info][gc,task        ] GC(153) Using 6 workers of 6 for evacuation
[68.485s][info][gc,phases      ] GC(153)   Pre Evacuate Collection Set: 0.3ms
[68.485s][info][gc,phases      ] GC(153)   Merge Heap Roots: 2.4ms
[68.485s][info][gc,phases      ] GC(153)   Evacuate Collection Set: 71.4ms
[68.485s][info][gc,phases      ] GC(153)   Post Evacuate Collection Set: 1.1ms
[68.485s][info][gc,phases      ] GC(153)   Other: 0.1ms
[68.485s][info][gc,heap        ] GC(153) Eden regions: 204->0(226)
[68.485s][info][gc,heap        ] GC(153) Survivor regions: 29->30(30)
[68.485s][info][gc,heap        ] GC(153) Old regions: 573->532
[68.485s][info][gc,heap        ] GC(153) Humongous regions: 9->9
[68.485s][info][gc,metaspace   ] GC(153) Metaspace: 16496K(16832K)->16496K(16832K) NonClass: 14170K(14336K)->14170K(14336K) Class: 2325K(2496K)->2325K(2496K)
[68.485s][info][gc             ] GC(153) Pause Young (Mixed) (G1 Evacuation Pause) 814M->570M(1024M) 75.657ms
[68.485s][info][gc,cpu         ] GC(153) User=0.39s Sys=0.00s Real=0.08s
[68.898s][info][gc,start       ] GC(154) Pause Young (Concurrent Start) (G1 Evacuation Pause)
[68.898s][info][gc,task        ] GC(154) Using 6 workers of 6 for evacuation
[68.931s][info][gc,phases      ] GC(154)   Pre Evacuate Collection Set: 0.3ms
[68.931s][info][gc,phases      ] GC(154)   Merge Heap Roots: 1.4ms
[68.931s][info][gc,phases      ] GC(154)   Evacuate Collection Set: 30.2ms
[68.931s][info][gc,phases      ] GC(154)   Post Evacuate Collection Set: 0.6ms
[68.931s][info][gc,phases      ] GC(154)   Other: 0.2ms
[68.931s][info][gc,heap        ] GC(154) Eden regions: 226->0(256)
[68.931s][info][gc,heap        ] GC(154) Survivor regions: 30->3(32)
[68.931s][info][gc,heap        ] GC(154) Old regions: 532->547
[68.931s][info][gc,heap        ] GC(154) Humongous regions: 9->9
[68.931s][info][gc,metaspace   ] GC(154) Metaspace: 16496K(16832K)->16496K(16832K) NonClass: 14170K(14336K)->14170K(14336K) Class: 2325K(2496K)->2325K(2496K)
[68.931s][info][gc             ] GC(154) Pause Young (Concurrent Start) (G1 Evacuation Pause) 796M->558M(1024M) 32.931ms
[68.931s][info][gc,cpu         ] GC(154) User=0.09s Sys=0.00s Real=0.03s
[68.931s][info][gc             ] GC(155) Concurrent Mark Cycle
[68.931s][info][gc,marking     ] GC(155) Concurrent Scan Root Regions
[68.943s][info][gc,marking     ] GC(155) Concurrent Scan Root Regions 12.191ms
[68.943s][info][gc,marking     ] GC(155) Concurrent Mark
[68.943s][info][gc,marking     ] GC(155) Concurrent Mark From Roots
[68.943s][info][gc,task        ] GC(155) Using 2 workers of 2 for marking
[69.203s][info][gc,marking     ] GC(155) Concurrent Mark From Roots 259.606ms
[69.203s][info][gc,marking     ] GC(155) Concurrent Preclean
[69.203s][info][gc,marking     ] GC(155) Concurrent Preclean 0.018ms
[69.203s][info][gc,start       ] GC(155) Pause Remark
[69.204s][info][gc             ] GC(155) Pause Remark 699M->608M(1024M) 1.320ms
[69.204s][info][gc,cpu         ] GC(155) User=0.00s Sys=0.00s Real=0.00s
[69.204s][info][gc,marking     ] GC(155) Concurrent Mark 261.195ms
[69.205s][info][gc,marking     ] GC(155) Concurrent Rebuild Remembered Sets and Scrub Regions
[69.375s][info][gc,marking     ] GC(155) Concurrent Rebuild Remembered Sets and Scrub Regions 170.424ms
[69.375s][info][gc,start       ] GC(155) Pause Cleanup
[69.375s][info][gc             ] GC(155) Pause Cleanup 663M->663M(1024M) 0.317ms
[69.375s][info][gc,cpu         ] GC(155) User=0.00s Sys=0.00s Real=0.00s
[69.375s][info][gc,marking     ] GC(155) Concurrent Clear Claimed Marks
[69.376s][info][gc,marking     ] GC(155) Concurrent Clear Claimed Marks 0.047ms
[69.376s][info][gc,marking     ] GC(155) Concurrent Cleanup for Next Mark
[69.377s][info][gc,marking     ] GC(155) Concurrent Cleanup for Next Mark 1.323ms
[69.377s][info][gc             ] GC(155) Concurrent Mark Cycle 446.014ms
[69.865s][info][gc,start       ] GC(156) Pause Young (Prepare Mixed) (G1 Evacuation Pause)
[69.865s][info][gc,task        ] GC(156) Using 6 workers of 6 for evacuation
[69.871s][info][gc,phases      ] GC(156)   Pre Evacuate Collection Set: 0.2ms
[69.871s][info][gc,phases      ] GC(156)   Merge Heap Roots: 0.3ms
[69.871s][info][gc,phases      ] GC(156)   Evacuate Collection Set: 4.3ms
[69.871s][info][gc,phases      ] GC(156)   Post Evacuate Collection Set: 0.4ms
[69.871s][info][gc,phases      ] GC(156)   Other: 0.1ms
[69.871s][info][gc,heap        ] GC(156) Eden regions: 256->0(345)
[69.871s][info][gc,heap        ] GC(156) Survivor regions: 3->3(33)
[69.871s][info][gc,heap        ] GC(156) Old regions: 460->460
[69.871s][info][gc,heap        ] GC(156) Humongous regions: 5->5
[69.871s][info][gc,metaspace   ] GC(156) Metaspace: 16496K(16832K)->16496K(16832K) NonClass: 14170K(14336K)->14170K(14336K) Class: 2325K(2496K)->2325K(2496K)
[69.871s][info][gc             ] GC(156) Pause Young (Prepare Mixed) (G1 Evacuation Pause) 723M->467M(1024M) 5.445ms
[69.871s][info][gc,cpu         ] GC(156) User=0.00s Sys=0.00s Real=0.00s
[69.994s][info][gc,start       ] GC(157) Pause Full (System.gc())
[69.994s][info][gc,task        ] GC(157) Using 6 workers of 6 for full compaction
[69.994s][info][gc,phases,start] GC(157) Phase 1: Mark live objects
[69.997s][info][gc,phases      ] GC(157) Phase 1: Mark live objects 2.153ms
[69.997s][info][gc,phases,start] GC(157) Phase 2: Prepare compaction
[69.997s][info][gc,phases      ] GC(157) Phase 2: Prepare compaction 0.582ms
[69.997s][info][gc,phases,start] GC(157) Phase 3: Adjust pointers
[69.999s][info][gc,phases      ] GC(157) Phase 3: Adjust pointers 2.102ms
[69.999s][info][gc,phases,start] GC(157) Phase 4: Compact heap
[70.000s][info][gc,phases      ] GC(157) Phase 4: Compact heap 0.481ms
[70.000s][info][gc,phases,start] GC(157) Phase 5: Reset Metadata
[70.001s][info][gc,phases      ] GC(157) Phase 5: Reset Metadata 0.707ms
[70.004s][info][gc,heap        ] GC(157) Eden regions: 18->0(614)
[70.004s][info][gc,heap        ] GC(157) Survivor regions: 3->0(33)
[70.004s][info][gc,heap        ] GC(157) Old regions: 460->8
[70.004s][info][gc,heap        ] GC(157) Humongous regions: 5->2
[70.004s][info][gc,metaspace   ] GC(157) Metaspace: 16496K(16832K)->16496K(16832K) NonClass: 14170K(14336K)->14170K(14336K) Class: 2325K(2496K)->2325K(2496K)
[70.004s][info][gc             ] GC(157) Pause Full (System.gc()) 485M->5M(1024M) 10.008ms
[70.004s][info][gc,cpu         ] GC(157) User=0.00s Sys=0.00s Real=0.00s
[71.175s][info][gc,start       ] GC(158) Pause Young (Concurrent Start) (G1 Evacuation Pause)
[71.176s][info][gc,task        ] GC(158) Using 6 workers of 6 for evacuation
[71.177s][info][gc,phases      ] GC(158)   Pre Evacuate Collection Set: 0.2ms
[71.177s][info][gc,phases      ] GC(158)   Merge Heap Roots: 0.1ms
[71.177s][info][gc,phases      ] GC(158)   Evacuate Collection Set: 0.4ms
[71.177s][info][gc,phases      ] GC(158)   Post Evacuate Collection Set: 0.4ms
[71.177s][info][gc,phases      ] GC(158)   Other: 0.1ms
[71.177s][info][gc,heap        ] GC(158) Eden regions: 614->0(613)
[71.177s][info][gc,heap        ] GC(158) Survivor regions: 0->1(77)
[71.177s][info][gc,heap        ] GC(158) Old regions: 8->8
[71.177s][info][gc,heap        ] GC(158) Humongous regions: 2->2
[71.177s][info][gc,metaspace   ] GC(158) Metaspace: 16497K(16832K)->16497K(16832K) NonClass: 14171K(14336K)->14171K(14336K) Class: 2325K(2496K)->2325K(2496K)
[71.177s][info][gc             ] GC(158) Pause Young (Concurrent Start) (G1 Evacuation Pause) 619M->6M(1024M) 1.382ms
[71.177s][info][gc             ] GC(159) Concurrent Mark Cycle
[71.177s][info][gc,cpu         ] GC(158) User=0.00s Sys=0.00s Real=0.00s
[71.177s][info][gc,marking     ] GC(159) Concurrent Scan Root Regions
[71.177s][info][gc,marking     ] GC(159) Concurrent Scan Root Regions 0.294ms
[71.177s][info][gc,marking     ] GC(159) Concurrent Mark
[71.177s][info][gc,marking     ] GC(159) Concurrent Mark From Roots
[71.177s][info][gc,task        ] GC(159) Using 2 workers of 2 for marking
[71.180s][info][gc,marking     ] GC(159) Concurrent Mark From Roots 3.030ms
[71.180s][info][gc,marking     ] GC(159) Concurrent Preclean
[71.180s][info][gc,marking     ] GC(159) Concurrent Preclean 0.014ms
[71.180s][info][gc,start       ] GC(159) Pause Remark
[71.181s][info][gc             ] GC(159) Pause Remark 22M->22M(1024M) 1.041ms
[71.182s][info][gc,cpu         ] GC(159) User=0.00s Sys=0.00s Real=0.00s
[71.182s][info][gc,marking     ] GC(159) Concurrent Mark 4.346ms
[71.182s][info][gc,marking     ] GC(159) Concurrent Rebuild Remembered Sets and Scrub Regions
[71.183s][info][gc,marking     ] GC(159) Concurrent Rebuild Remembered Sets and Scrub Regions 1.346ms
[71.183s][info][gc,start       ] GC(159) Pause Cleanup
[71.183s][info][gc             ] GC(159) Pause Cleanup 29M->29M(1024M) 0.134ms
[71.183s][info][gc,cpu         ] GC(159) User=0.00s Sys=0.00s Real=0.00s
[71.183s][info][gc,marking     ] GC(159) Concurrent Clear Claimed Marks
[71.183s][info][gc,marking     ] GC(159) Concurrent Clear Claimed Marks 0.024ms
[71.183s][info][gc,marking     ] GC(159) Concurrent Cleanup for Next Mark
[71.186s][info][gc,marking     ] GC(159) Concurrent Cleanup for Next Mark 2.415ms
[71.186s][info][gc             ] GC(159) Concurrent Mark Cycle 8.915ms
[71.277s][info][gc,start       ] GC(160) Pause Young (Prepare Mixed) (G1 Evacuation Pause)
[71.277s][info][gc,task        ] GC(160) Using 6 workers of 6 for evacuation
[71.278s][info][gc,phases      ] GC(160)   Pre Evacuate Collection Set: 0.2ms
[71.278s][info][gc,phases      ] GC(160)   Merge Heap Roots: 0.1ms
[71.278s][info][gc,phases      ] GC(160)   Evacuate Collection Set: 0.3ms
[71.278s][info][gc,phases      ] GC(160)   Post Evacuate Collection Set: 0.4ms
[71.278s][info][gc,phases      ] GC(160)   Other: 0.1ms
[71.278s][info][gc,heap        ] GC(160) Eden regions: 613->0(613)
[71.278s][info][gc,heap        ] GC(160) Survivor regions: 1->1(77)
[71.278s][info][gc,heap        ] GC(160) Old regions: 8->8
[71.278s][info][gc,heap        ] GC(160) Humongous regions: 2->2
[71.278s][info][gc,metaspace   ] GC(160) Metaspace: 16497K(16832K)->16497K(16832K) NonClass: 14171K(14336K)->14171K(14336K) Class: 2325K(2496K)->2325K(2496K)
[71.278s][info][gc             ] GC(160) Pause Young (Prepare Mixed) (G1 Evacuation Pause) 619M->6M(1024M) 1.208ms
[71.278s][info][gc,cpu         ] GC(160) User=0.02s Sys=0.00s Real=0.00s
[71.377s][info][gc,start       ] GC(161) Pause Young (Mixed) (G1 Evacuation Pause)
[71.377s][info][gc,task        ] GC(161) Using 6 workers of 6 for evacuation
[71.378s][info][gc,phases      ] GC(161)   Pre Evacuate Collection Set: 0.2ms
[71.378s][info][gc,phases      ] GC(161)   Merge Heap Roots: 0.1ms
[71.378s][info][gc,phases      ] GC(161)   Evacuate Collection Set: 0.3ms
[71.378s][info][gc,phases      ] GC(161)   Post Evacuate Collection Set: 0.4ms
[71.378s][info][gc,phases      ] GC(161)   Other: 0.1ms
[71.378s][info][gc,heap        ] GC(161) Eden regions: 613->0(613)
[71.378s][info][gc,heap        ] GC(161) Survivor regions: 1->1(77)
[71.378s][info][gc,heap        ] GC(161) Old regions: 8->8
[71.378s][info][gc,heap        ] GC(161) Humongous regions: 2->2
[71.378s][info][gc,metaspace   ] GC(161) Metaspace: 16497K(16832K)->16497K(16832K) NonClass: 14171K(14336K)->14171K(14336K) Class: 2325K(2496K)->2325K(2496K)
[71.378s][info][gc             ] GC(161) Pause Young (Mixed) (G1 Evacuation Pause) 619M->6M(1024M) 1.185ms
[71.378s][info][gc,cpu         ] GC(161) User=0.00s Sys=0.00s Real=0.00s
[71.476s][info][gc,start       ] GC(162) Pause Young (Concurrent Start) (G1 Evacuation Pause)
[71.476s][info][gc,task        ] GC(162) Using 6 workers of 6 for evacuation
[71.477s][info][gc,phases      ] GC(162)   Pre Evacuate Collection Set: 0.2ms
[71.477s][info][gc,phases      ] GC(162)   Merge Heap Roots: 0.1ms
[71.477s][info][gc,phases      ] GC(162)   Evacuate Collection Set: 0.4ms
[71.477s][info][gc,phases      ] GC(162)   Post Evacuate Collection Set: 0.3ms
[71.477s][info][gc,phases      ] GC(162)   Other: 0.1ms
[71.477s][info][gc,heap        ] GC(162) Eden regions: 613->0(613)
[71.477s][info][gc,heap        ] GC(162) Survivor regions: 1->1(77)
[71.477s][info][gc,heap        ] GC(162) Old regions: 8->8
[71.477s][info][gc,heap        ] GC(162) Humongous regions: 2->2
[71.477s][info][gc,metaspace   ] GC(162) Metaspace: 16497K(16832K)->16497K(16832K) NonClass: 14171K(14336K)->14171K(14336K) Class: 2325K(2496K)->2325K(2496K)
[71.477s][info][gc             ] GC(162) Pause Young (Concurrent Start) (G1 Evacuation Pause) 619M->6M(1024M) 1.260ms
[71.477s][info][gc,cpu         ] GC(162) User=0.00s Sys=0.00s Real=0.00s
[71.477s][info][gc             ] GC(163) Concurrent Mark Cycle
[71.477s][info][gc,marking     ] GC(163) Concurrent Scan Root Regions
[71.478s][info][gc,marking     ] GC(163) Concurrent Scan Root Regions 0.281ms
[71.478s][info][gc,marking     ] GC(163) Concurrent Mark
[71.478s][info][gc,marking     ] GC(163) Concurrent Mark From Roots
[71.478s][info][gc,task        ] GC(163) Using 2 workers of 2 for marking
[71.481s][info][gc,marking     ] GC(163) Concurrent Mark From Roots 3.050ms
[71.481s][info][gc,marking     ] GC(163) Concurrent Preclean
[71.481s][info][gc,marking     ] GC(163) Concurrent Preclean 0.014ms
[71.481s][info][gc,start       ] GC(163) Pause Remark
[71.482s][info][gc             ] GC(163) Pause Remark 22M->22M(1024M) 1.028ms
[71.482s][info][gc,cpu         ] GC(163) User=0.00s Sys=0.00s Real=0.00s
[71.482s][info][gc,marking     ] GC(163) Concurrent Mark 4.338ms
[71.482s][info][gc,marking     ] GC(163) Concurrent Rebuild Remembered Sets and Scrub Regions
[71.483s][info][gc,marking     ] GC(163) Concurrent Rebuild Remembered Sets and Scrub Regions 1.344ms
[71.484s][info][gc,start       ] GC(163) Pause Cleanup
[71.484s][info][gc             ] GC(163) Pause Cleanup 29M->29M(1024M) 0.139ms
[71.484s][info][gc,cpu         ] GC(163) User=0.00s Sys=0.00s Real=0.00s
[71.484s][info][gc,marking     ] GC(163) Concurrent Clear Claimed Marks
[71.484s][info][gc,marking     ] GC(163) Concurrent Clear Claimed Marks 0.023ms
[71.484s][info][gc,marking     ] GC(163) Concurrent Cleanup for Next Mark
[71.486s][info][gc,marking     ] GC(163) Concurrent Cleanup for Next Mark 2.427ms
[71.486s][info][gc             ] GC(163) Concurrent Mark Cycle 8.939ms
[71.708s][info][gc,start       ] GC(164) Pause Young (Prepare Mixed) (G1 Evacuation Pause)
[71.708s][info][gc,task        ] GC(164) Using 6 workers of 6 for evacuation
[71.784s][info][gc,phases      ] GC(164)   Pre Evacuate Collection Set: 0.2ms
[71.784s][info][gc,phases      ] GC(164)   Merge Heap Roots: 0.1ms
[71.784s][info][gc,phases      ] GC(164)   Evacuate Collection Set: 74.6ms
[71.784s][info][gc,phases      ] GC(164)   Post Evacuate Collection Set: 0.8ms
[71.784s][info][gc,phases      ] GC(164)   Other: 0.1ms
[71.784s][info][gc,heap        ] GC(164) Eden regions: 613->0(537)
[71.784s][info][gc,heap        ] GC(164) Survivor regions: 1->77(77)
[71.784s][info][gc,heap        ] GC(164) Old regions: 8->98
[71.784s][info][gc,heap        ] GC(164) Humongous regions: 3->3
[71.784s][info][gc,metaspace   ] GC(164) Metaspace: 16497K(16832K)->16497K(16832K) NonClass: 14171K(14336K)->14171K(14336K) Class: 2325K(2496K)->2325K(2496K)
[71.784s][info][gc             ] GC(164) Pause Young (Prepare Mixed) (G1 Evacuation Pause) 620M->174M(1024M) 75.963ms
[71.784s][info][gc,cpu         ] GC(164) User=0.38s Sys=0.00s Real=0.08s
[74.430s][info][gc,start       ] GC(165) Pause Young (Mixed) (G1 Evacuation Pause)
[74.430s][info][gc,task        ] GC(165) Using 6 workers of 6 for evacuation
[74.593s][info][gc,phases      ] GC(165)   Pre Evacuate Collection Set: 0.2ms
[74.593s][info][gc,phases      ] GC(165)   Merge Heap Roots: 0.8ms
[74.593s][info][gc,phases      ] GC(165)   Evacuate Collection Set: 151.3ms
[74.593s][info][gc,phases      ] GC(165)   Post Evacuate Collection Set: 10.0ms
[74.593s][info][gc,phases      ] GC(165)   Other: 0.1ms
[74.593s][info][gc,heap        ] GC(165) Eden regions: 537->0(117)
[74.593s][info][gc,heap        ] GC(165) Survivor regions: 77->77(77)
[74.593s][info][gc,heap        ] GC(165) Old regions: 98->697
[74.593s][info][gc,heap        ] GC(165) Humongous regions: 4->4
[74.593s][info][gc,metaspace   ] GC(165) Metaspace: 16499K(16832K)->16499K(16832K) NonClass: 14173K(14336K)->14173K(14336K) Class: 2325K(2496K)->2325K(2496K)
[74.593s][info][gc             ] GC(165) Pause Young (Mixed) (G1 Evacuation Pause) (Evacuation Failure) 712M->775M(1024M) 162.776ms
[74.593s][info][gc,cpu         ] GC(165) User=0.94s Sys=0.00s Real=0.17s
[74.657s][info][gc,start       ] GC(166) Pause Young (Concurrent Start) (G1 Evacuation Pause)
[74.657s][info][gc,task        ] GC(166) Using 6 workers of 6 for evacuation
[74.733s][info][gc,phases      ] GC(166)   Pre Evacuate Collection Set: 0.3ms
[74.733s][info][gc,phases      ] GC(166)   Merge Heap Roots: 1.3ms
[74.733s][info][gc,phases      ] GC(166)   Evacuate Collection Set: 73.1ms
[74.733s][info][gc,phases      ] GC(166)   Post Evacuate Collection Set: 1.0ms
[74.733s][info][gc,phases      ] GC(166)   Other: 0.2ms
[74.733s][info][gc,heap        ] GC(166) Eden regions: 117->0(29)
[74.733s][info][gc,heap        ] GC(166) Survivor regions: 77->25(25)
[74.733s][info][gc,heap        ] GC(166) Old regions: 697->889
[74.733s][info][gc,heap        ] GC(166) Humongous regions: 4->4
[74.733s][info][gc,metaspace   ] GC(166) Metaspace: 16499K(16832K)->16499K(16832K) NonClass: 14173K(14336K)->14173K(14336K) Class: 2325K(2496K)->2325K(2496K)
[74.733s][info][gc             ] GC(166) Pause Young (Concurrent Start) (G1 Evacuation Pause) (Evacuation Failure) 892M->915M(1024M) 76.019ms
[74.733s][info][gc             ] GC(167) Concurrent Mark Cycle
[74.733s][info][gc,cpu         ] GC(166) User=0.39s Sys=0.00s Real=0.08s
[74.733s][info][gc,marking     ] GC(167) Concurrent Scan Root Regions
[74.751s][info][gc,start       ] GC(168) Pause Young (Normal) (G1 Evacuation Pause)
[74.752s][info][gc,task        ] GC(168) Using 6 workers of 6 for evacuation
[74.761s][info][gc,marking     ] GC(167) Concurrent Scan Root Regions 27.964ms
[74.761s][info][gc,marking     ] GC(167) Concurrent Mark
[74.761s][info][gc,marking     ] GC(167) Concurrent Mark From Roots
[74.761s][info][gc,task        ] GC(167) Using 2 workers of 2 for marking
[74.800s][info][gc,phases      ] GC(168)   Pre Evacuate Collection Set: 0.2ms
[74.800s][info][gc,phases      ] GC(168)   Merge Heap Roots: 0.8ms
[74.800s][info][gc,phases      ] GC(168)   Evacuate Collection Set: 36.6ms
[74.800s][info][gc,phases      ] GC(168)   Post Evacuate Collection Set: 0.8ms
[74.800s][info][gc,phases      ] GC(168)   Other: 0.1ms
[74.800s][info][gc,heap        ] GC(168) Eden regions: 29->0(44)
[74.800s][info][gc,heap        ] GC(168) Survivor regions: 25->7(7)
[74.800s][info][gc,heap        ] GC(168) Old regions: 889->922
[74.800s][info][gc,heap        ] GC(168) Humongous regions: 4->4
[74.800s][info][gc,metaspace   ] GC(168) Metaspace: 16499K(16832K)->16499K(16832K) NonClass: 14173K(14336K)->14173K(14336K) Class: 2325K(2496K)->2325K(2496K)
[74.800s][info][gc             ] GC(168) Pause Young (Normal) (G1 Evacuation Pause) 944M->930M(1024M) 48.263ms
[74.800s][info][gc,cpu         ] GC(168) User=0.05s Sys=0.00s Real=0.05s
[74.829s][info][gc,start       ] GC(169) Pause Young (Normal) (G1 Evacuation Pause)
[74.829s][info][gc,task        ] GC(169) Using 6 workers of 6 for evacuation
[74.863s][info][gc,phases      ] GC(169)   Pre Evacuate Collection Set: 0.2ms
[74.863s][info][gc,phases      ] GC(169)   Merge Heap Roots: 0.7ms
[74.863s][info][gc,phases      ] GC(169)   Evacuate Collection Set: 32.2ms
[74.863s][info][gc,phases      ] GC(169)   Post Evacuate Collection Set: 0.7ms
[74.863s][info][gc,phases      ] GC(169)   Other: 0.1ms
[74.863s][info][gc,heap        ] GC(169) Eden regions: 44->0(44)
[74.863s][info][gc,heap        ] GC(169) Survivor regions: 7->7(7)
[74.863s][info][gc,heap        ] GC(169) Old regions: 922->943
[74.863s][info][gc,heap        ] GC(169) Humongous regions: 4->4
[74.863s][info][gc,metaspace   ] GC(169) Metaspace: 16499K(16832K)->16499K(16832K) NonClass: 14173K(14336K)->14173K(14336K) Class: 2325K(2496K)->2325K(2496K)
[74.863s][info][gc             ] GC(169) Pause Young (Normal) (G1 Evacuation Pause) 974M->951M(1024M) 34.018ms
[74.863s][info][gc,cpu         ] GC(169) User=0.03s Sys=0.00s Real=0.03s
[74.890s][info][gc,start       ] GC(170) Pause Young (Normal) (G1 Evacuation Pause)
[74.890s][info][gc,task        ] GC(170) Using 6 workers of 6 for evacuation
[74.922s][info][gc,phases      ] GC(170)   Pre Evacuate Collection Set: 0.1ms
[74.922s][info][gc,phases      ] GC(170)   Merge Heap Roots: 0.6ms
[74.922s][info][gc,phases      ] GC(170)   Evacuate Collection Set: 30.3ms
[74.922s][info][gc,phases      ] GC(170)   Post Evacuate Collection Set: 0.9ms
[74.922s][info][gc,phases      ] GC(170)   Other: 0.1ms
[74.922s][info][gc,heap        ] GC(170) Eden regions: 44->0(0)
[74.922s][info][gc,heap        ] GC(170) Survivor regions: 7->7(7)
[74.922s][info][gc,heap        ] GC(170) Old regions: 943->1006
[74.922s][info][gc,heap        ] GC(170) Humongous regions: 4->4
[74.922s][info][gc,metaspace   ] GC(170) Metaspace: 16499K(16832K)->16499K(16832K) NonClass: 14173K(14336K)->14173K(14336K) Class: 2325K(2496K)->2325K(2496K)
[74.922s][info][gc             ] GC(170) Pause Young (Normal) (G1 Evacuation Pause) (Evacuation Failure) 995M->1014M(1024M) 32.254ms
[74.922s][info][gc,cpu         ] GC(170) User=0.03s Sys=0.00s Real=0.03s
[74.922s][info][gc,ergo        ] Attempting full compaction
[74.922s][info][gc,start       ] GC(171) Pause Full (G1 Compaction Pause)
[74.922s][info][gc,task        ] GC(171) Using 6 workers of 6 for full compaction
[74.923s][info][gc,phases,start] GC(171) Phase 1: Mark live objects
[74.956s][info][gc,phases      ] GC(171) Phase 1: Mark live objects 32.815ms
[74.956s][info][gc,phases,start] GC(171) Phase 2: Prepare compaction
[74.967s][info][gc,phases      ] GC(171) Phase 2: Prepare compaction 10.273ms
[74.967s][info][gc,phases,start] GC(171) Phase 3: Adjust pointers
[74.983s][info][gc,phases      ] GC(171) Phase 3: Adjust pointers 16.717ms
[74.983s][info][gc,phases,start] GC(171) Phase 4: Compact heap
[74.994s][info][gc,phases      ] GC(171) Phase 4: Compact heap 10.768ms
[74.994s][info][gc,phases,start] GC(171) Phase 5: Reset Metadata
[74.998s][info][gc,phases      ] GC(171) Phase 5: Reset Metadata 3.436ms
[75.001s][info][gc,heap        ] GC(171) Eden regions: 0->0(459)
[75.001s][info][gc,heap        ] GC(171) Survivor regions: 7->0(7)
[75.001s][info][gc,heap        ] GC(171) Old regions: 1006->137
[75.001s][info][gc,heap        ] GC(171) Humongous regions: 4->2
[75.001s][info][gc,metaspace   ] GC(171) Metaspace: 16499K(16832K)->16499K(16832K) NonClass: 14173K(14336K)->14173K(14336K) Class: 2325K(2496K)->2325K(2496K)
[75.001s][info][gc             ] GC(171) Pause Full (G1 Compaction Pause) 1014M->137M(1024M) 79.292ms
[75.001s][info][gc,cpu         ] GC(171) User=0.08s Sys=0.00s Real=0.08s
[75.001s][info][gc,marking     ] GC(167) Concurrent Mark From Roots 239.905ms
[75.001s][info][gc,marking     ] GC(167) Concurrent Mark Abort
[75.001s][info][gc             ] GC(167) Concurrent Mark Cycle 267.991ms
[75.273s][info][gc,start       ] GC(172) Pause Young (Normal) (G1 Evacuation Pause)
[75.273s][info][gc,task        ] GC(172) Using 6 workers of 6 for evacuation
[75.369s][info][gc,phases      ] GC(172)   Pre Evacuate Collection Set: 0.3ms
[75.369s][info][gc,phases      ] GC(172)   Merge Heap Roots: 0.1ms
[75.369s][info][gc,phases      ] GC(172)   Evacuate Collection Set: 94.8ms
[75.369s][info][gc,phases      ] GC(172)   Post Evacuate Collection Set: 0.5ms
[75.369s][info][gc,phases      ] GC(172)   Other: 0.1ms
[75.369s][info][gc,heap        ] GC(172) Eden regions: 459->0(349)
[75.369s][info][gc,heap        ] GC(172) Survivor regions: 0->58(58)
[75.369s][info][gc,heap        ] GC(172) Old regions: 137->271
[75.369s][info][gc,heap        ] GC(172) Humongous regions: 2->2
[75.369s][info][gc,metaspace   ] GC(172) Metaspace: 16499K(16832K)->16499K(16832K) NonClass: 14173K(14336K)->14173K(14336K) Class: 2325K(2496K)->2325K(2496K)
[75.369s][info][gc             ] GC(172) Pause Young (Normal) (G1 Evacuation Pause) 596M->328M(1024M) 96.093ms
[75.369s][info][gc,cpu         ] GC(172) User=0.55s Sys=0.00s Real=0.09s
[75.509s][info][gc,start       ] GC(173) Pause Young (Concurrent Start) (G1 Humongous Allocation)
[75.509s][info][gc,task        ] GC(173) Using 6 workers of 6 for evacuation
[75.583s][info][gc,phases      ] GC(173)   Pre Evacuate Collection Set: 0.4ms
[75.585s][info][gc,phases      ] GC(173)   Merge Heap Roots: 0.3ms
[75.585s][info][gc,phases      ] GC(173)   Evacuate Collection Set: 72.3ms
[75.585s][info][gc,phases      ] GC(173)   Post Evacuate Collection Set: 0.4ms
[75.585s][info][gc,phases      ] GC(173)   Other: 0.2ms
[75.585s][info][gc,heap        ] GC(173) Eden regions: 229->0(296)
[75.585s][info][gc,heap        ] GC(173) Survivor regions: 58->51(51)
[75.585s][info][gc,heap        ] GC(173) Old regions: 271->375
[75.585s][info][gc,heap        ] GC(173) Humongous regions: 2->2
[75.585s][info][gc,metaspace   ] GC(173) Metaspace: 16499K(16832K)->16499K(16832K) NonClass: 14173K(14336K)->14173K(14336K) Class: 2325K(2496K)->2325K(2496K)
[75.585s][info][gc             ] GC(173) Pause Young (Concurrent Start) (G1 Humongous Allocation) 557M->426M(1024M) 75.814ms
[75.585s][info][gc,cpu         ] GC(173) User=0.39s Sys=0.00s Real=0.08s
[75.585s][info][gc             ] GC(174) Concurrent Mark Cycle
[75.585s][info][gc,marking     ] GC(174) Concurrent Scan Root Regions
[75.625s][info][gc,marking     ] GC(174) Concurrent Scan Root Regions 40.008ms
[75.625s][info][gc,marking     ] GC(174) Concurrent Mark
[75.625s][info][gc,marking     ] GC(174) Concurrent Mark From Roots
[75.625s][info][gc,task        ] GC(174) Using 2 workers of 2 for marking
[75.814s][info][gc,marking     ] GC(174) Concurrent Mark From Roots 189.039ms
[75.814s][info][gc,marking     ] GC(174) Concurrent Preclean
[75.814s][info][gc,marking     ] GC(174) Concurrent Preclean 0.022ms
[75.814s][info][gc,start       ] GC(174) Pause Remark
[75.815s][info][gc             ] GC(174) Pause Remark 500M->500M(1024M) 1.377ms
[75.816s][info][gc,cpu         ] GC(174) User=0.00s Sys=0.00s Real=0.00s
[75.816s][info][gc,marking     ] GC(174) Concurrent Mark 190.734ms
[75.816s][info][gc,marking     ] GC(174) Concurrent Rebuild Remembered Sets and Scrub Regions
[75.916s][info][gc,marking     ] GC(174) Concurrent Rebuild Remembered Sets and Scrub Regions 100.323ms
[75.916s][info][gc,start       ] GC(174) Pause Cleanup
[75.916s][info][gc             ] GC(174) Pause Cleanup 518M->518M(1024M) 0.179ms
[75.916s][info][gc,cpu         ] GC(174) User=0.00s Sys=0.00s Real=0.00s
[75.916s][info][gc,marking     ] GC(174) Concurrent Clear Claimed Marks
[75.916s][info][gc,marking     ] GC(174) Concurrent Clear Claimed Marks 0.027ms
[75.916s][info][gc,marking     ] GC(174) Concurrent Cleanup for Next Mark
[75.918s][info][gc,marking     ] GC(174) Concurrent Cleanup for Next Mark 1.272ms
[75.918s][info][gc             ] GC(174) Concurrent Mark Cycle 332.921ms
[76.296s][info][gc,start       ] GC(175) Pause Young (Prepare Mixed) (G1 Evacuation Pause)
[76.296s][info][gc,task        ] GC(175) Using 6 workers of 6 for evacuation
[76.361s][info][gc,phases      ] GC(175)   Pre Evacuate Collection Set: 0.4ms
[76.361s][info][gc,phases      ] GC(175)   Merge Heap Roots: 2.1ms
[76.361s][info][gc,phases      ] GC(175)   Evacuate Collection Set: 60.8ms
[76.361s][info][gc,phases      ] GC(175)   Post Evacuate Collection Set: 1.0ms
[76.361s][info][gc,phases      ] GC(175)   Other: 0.1ms
[76.361s][info][gc,heap        ] GC(175) Eden regions: 296->0(299)
[76.361s][info][gc,heap        ] GC(175) Survivor regions: 51->30(44)
[76.361s][info][gc,heap        ] GC(175) Old regions: 375->425
[76.361s][info][gc,heap        ] GC(175) Humongous regions: 8->8
[76.361s][info][gc,metaspace   ] GC(175) Metaspace: 16499K(16832K)->16499K(16832K) NonClass: 14173K(14336K)->14173K(14336K) Class: 2325K(2496K)->2325K(2496K)
[76.361s][info][gc             ] GC(175) Pause Young (Prepare Mixed) (G1 Evacuation Pause) 728M->461M(1024M) 64.692ms
[76.361s][info][gc,cpu         ] GC(175) User=0.31s Sys=0.00s Real=0.06s
[77.073s][info][gc,start       ] GC(176) Pause Young (Mixed) (G1 Evacuation Pause)
[77.073s][info][gc,task        ] GC(176) Using 6 workers of 6 for evacuation
[77.093s][info][gc,phases      ] GC(176)   Pre Evacuate Collection Set: 0.2ms
[77.093s][info][gc,phases      ] GC(176)   Merge Heap Roots: 1.1ms
[77.093s][info][gc,phases      ] GC(176)   Evacuate Collection Set: 17.8ms
[77.093s][info][gc,phases      ] GC(176)   Post Evacuate Collection Set: 0.4ms
[77.093s][info][gc,phases      ] GC(176)   Other: 0.1ms
[77.093s][info][gc,heap        ] GC(176) Eden regions: 299->0(343)
[77.093s][info][gc,heap        ] GC(176) Survivor regions: 30->3(42)
[77.093s][info][gc,heap        ] GC(176) Old regions: 425->427
[77.093s][info][gc,heap        ] GC(176) Humongous regions: 8->8
[77.093s][info][gc,metaspace   ] GC(176) Metaspace: 16499K(16832K)->16499K(16832K) NonClass: 14173K(14336K)->14173K(14336K) Class: 2325K(2496K)->2325K(2496K)
[77.093s][info][gc             ] GC(176) Pause Young (Mixed) (G1 Evacuation Pause) 760M->436M(1024M) 19.879ms
[77.093s][info][gc,cpu         ] GC(176) User=0.06s Sys=0.00s Real=0.02s
[77.583s][info][gc,start       ] GC(177) Pause Full (System.gc())
[77.583s][info][gc,task        ] GC(177) Using 6 workers of 6 for full compaction
[77.583s][info][gc,phases,start] GC(177) Phase 1: Mark live objects
[77.586s][info][gc,phases      ] GC(177) Phase 1: Mark live objects 2.430ms
[77.586s][info][gc,phases,start] GC(177) Phase 2: Prepare compaction
[77.586s][info][gc,phases      ] GC(177) Phase 2: Prepare compaction 0.627ms
[77.586s][info][gc,phases,start] GC(177) Phase 3: Adjust pointers
[77.588s][info][gc,phases      ] GC(177) Phase 3: Adjust pointers 1.983ms
[77.588s][info][gc,phases,start] GC(177) Phase 4: Compact heap
[77.589s][info][gc,phases      ] GC(177) Phase 4: Compact heap 0.464ms
[77.589s][info][gc,phases,start] GC(177) Phase 5: Reset Metadata
[77.589s][info][gc,phases      ] GC(177) Phase 5: Reset Metadata 0.422ms
[77.593s][info][gc,heap        ] GC(177) Eden regions: 67->0(589)
[77.593s][info][gc,heap        ] GC(177) Survivor regions: 3->0(42)
[77.593s][info][gc,heap        ] GC(177) Old regions: 427->8
[77.593s][info][gc,heap        ] GC(177) Humongous regions: 8->2
[77.593s][info][gc,metaspace   ] GC(177) Metaspace: 16499K(16832K)->16499K(16832K) NonClass: 14173K(14336K)->14173K(14336K) Class: 2325K(2496K)->2325K(2496K)
[77.593s][info][gc             ] GC(177) Pause Full (System.gc()) 503M->5M(1024M) 10.229ms
[77.593s][info][gc,cpu         ] GC(177) User=0.00s Sys=0.00s Real=0.02s
[78.742s][info][gc,start       ] GC(178) Pause Young (Concurrent Start) (G1 Evacuation Pause)
[78.742s][info][gc,task        ] GC(178) Using 6 workers of 6 for evacuation
[78.743s][info][gc,phases      ] GC(178)   Pre Evacuate Collection Set: 0.2ms
[78.743s][info][gc,phases      ] GC(178)   Merge Heap Roots: 0.1ms
[78.743s][info][gc,phases      ] GC(178)   Evacuate Collection Set: 0.4ms
[78.743s][info][gc,phases      ] GC(178)   Post Evacuate Collection Set: 0.4ms
[78.743s][info][gc,phases      ] GC(178)   Other: 0.1ms
[78.743s][info][gc,heap        ] GC(178) Eden regions: 589->0(612)
[78.743s][info][gc,heap        ] GC(178) Survivor regions: 0->2(74)
[78.743s][info][gc,heap        ] GC(178) Old regions: 8->8
[78.743s][info][gc,heap        ] GC(178) Humongous regions: 2->2
[78.743s][info][gc,metaspace   ] GC(178) Metaspace: 16503K(16832K)->16503K(16832K) NonClass: 14177K(14336K)->14177K(14336K) Class: 2325K(2496K)->2325K(2496K)
[78.743s][info][gc             ] GC(178) Pause Young (Concurrent Start) (G1 Evacuation Pause) 594M->7M(1024M) 1.367ms
[78.743s][info][gc,cpu         ] GC(178) User=0.00s Sys=0.00s Real=0.00s
[78.743s][info][gc             ] GC(179) Concurrent Mark Cycle
[78.743s][info][gc,marking     ] GC(179) Concurrent Scan Root Regions
[78.744s][info][gc,marking     ] GC(179) Concurrent Scan Root Regions 0.214ms
[78.744s][info][gc,marking     ] GC(179) Concurrent Mark
[78.744s][info][gc,marking     ] GC(179) Concurrent Mark From Roots
[78.744s][info][gc,task        ] GC(179) Using 2 workers of 2 for marking
[78.747s][info][gc,marking     ] GC(179) Concurrent Mark From Roots 3.040ms
[78.747s][info][gc,marking     ] GC(179) Concurrent Preclean
[78.747s][info][gc,marking     ] GC(179) Concurrent Preclean 0.014ms
[78.747s][info][gc,start       ] GC(179) Pause Remark
[78.748s][info][gc             ] GC(179) Pause Remark 24M->24M(1024M) 1.014ms
[78.748s][info][gc,cpu         ] GC(179) User=0.00s Sys=0.00s Real=0.00s
[78.748s][info][gc,marking     ] GC(179) Concurrent Mark 4.328ms
[78.748s][info][gc,marking     ] GC(179) Concurrent Rebuild Remembered Sets and Scrub Regions
[78.749s][info][gc,marking     ] GC(179) Concurrent Rebuild Remembered Sets and Scrub Regions 1.363ms
[78.749s][info][gc,start       ] GC(179) Pause Cleanup
[78.750s][info][gc             ] GC(179) Pause Cleanup 31M->31M(1024M) 0.158ms
[78.750s][info][gc,cpu         ] GC(179) User=0.00s Sys=0.00s Real=0.00s
[78.750s][info][gc,marking     ] GC(179) Concurrent Clear Claimed Marks
[78.750s][info][gc,marking     ] GC(179) Concurrent Clear Claimed Marks 0.026ms
[78.750s][info][gc,marking     ] GC(179) Concurrent Cleanup for Next Mark
[78.752s][info][gc,marking     ] GC(179) Concurrent Cleanup for Next Mark 2.392ms
[78.752s][info][gc             ] GC(179) Concurrent Mark Cycle 8.875ms
[78.844s][info][gc,start       ] GC(180) Pause Young (Prepare Mixed) (G1 Evacuation Pause)
[78.845s][info][gc,task        ] GC(180) Using 6 workers of 6 for evacuation
[78.846s][info][gc,phases      ] GC(180)   Pre Evacuate Collection Set: 0.3ms
[78.846s][info][gc,phases      ] GC(180)   Merge Heap Roots: 0.1ms
[78.846s][info][gc,phases      ] GC(180)   Evacuate Collection Set: 1.0ms
[78.846s][info][gc,phases      ] GC(180)   Post Evacuate Collection Set: 0.4ms
[78.846s][info][gc,phases      ] GC(180)   Other: 0.1ms
[78.846s][info][gc,heap        ] GC(180) Eden regions: 612->0(613)
[78.846s][info][gc,heap        ] GC(180) Survivor regions: 2->1(77)
[78.846s][info][gc,heap        ] GC(180) Old regions: 7->7
[78.846s][info][gc,heap        ] GC(180) Humongous regions: 2->2
[78.847s][info][gc,metaspace   ] GC(180) Metaspace: 16503K(16832K)->16503K(16832K) NonClass: 14177K(14336K)->14177K(14336K) Class: 2325K(2496K)->2325K(2496K)
[78.847s][info][gc             ] GC(180) Pause Young (Prepare Mixed) (G1 Evacuation Pause) 619M->6M(1024M) 2.051ms
[78.847s][info][gc,cpu         ] GC(180) User=0.00s Sys=0.00s Real=0.00s
[78.947s][info][gc,start       ] GC(181) Pause Young (Mixed) (G1 Evacuation Pause)
[78.947s][info][gc,task        ] GC(181) Using 6 workers of 6 for evacuation
[78.948s][info][gc,phases      ] GC(181)   Pre Evacuate Collection Set: 0.2ms
[78.948s][info][gc,phases      ] GC(181)   Merge Heap Roots: 0.1ms
[78.948s][info][gc,phases      ] GC(181)   Evacuate Collection Set: 0.3ms
[78.948s][info][gc,phases      ] GC(181)   Post Evacuate Collection Set: 0.4ms
[78.948s][info][gc,phases      ] GC(181)   Other: 0.1ms
[78.948s][info][gc,heap        ] GC(181) Eden regions: 613->0(613)
[78.948s][info][gc,heap        ] GC(181) Survivor regions: 1->1(77)
[78.948s][info][gc,heap        ] GC(181) Old regions: 7->7
[78.948s][info][gc,heap        ] GC(181) Humongous regions: 2->2
[78.948s][info][gc,metaspace   ] GC(181) Metaspace: 16503K(16832K)->16503K(16832K) NonClass: 14177K(14336K)->14177K(14336K) Class: 2325K(2496K)->2325K(2496K)
[78.948s][info][gc             ] GC(181) Pause Young (Mixed) (G1 Evacuation Pause) 619M->6M(1024M) 1.220ms
[78.948s][info][gc,cpu         ] GC(181) User=0.00s Sys=0.00s Real=0.00s
[79.046s][info][gc,start       ] GC(182) Pause Young (Concurrent Start) (G1 Evacuation Pause)
[79.046s][info][gc,task        ] GC(182) Using 6 workers of 6 for evacuation
[79.047s][info][gc,phases      ] GC(182)   Pre Evacuate Collection Set: 0.2ms
[79.047s][info][gc,phases      ] GC(182)   Merge Heap Roots: 0.1ms
[79.047s][info][gc,phases      ] GC(182)   Evacuate Collection Set: 0.3ms
[79.047s][info][gc,phases      ] GC(182)   Post Evacuate Collection Set: 0.4ms
[79.047s][info][gc,phases      ] GC(182)   Other: 0.1ms
[79.047s][info][gc,heap        ] GC(182) Eden regions: 613->0(613)
[79.047s][info][gc,heap        ] GC(182) Survivor regions: 1->1(77)
[79.047s][info][gc,heap        ] GC(182) Old regions: 7->7
[79.047s][info][gc,heap        ] GC(182) Humongous regions: 2->2
[79.047s][info][gc,metaspace   ] GC(182) Metaspace: 16503K(16832K)->16503K(16832K) NonClass: 14177K(14336K)->14177K(14336K) Class: 2325K(2496K)->2325K(2496K)
[79.047s][info][gc             ] GC(182) Pause Young (Concurrent Start) (G1 Evacuation Pause) 619M->6M(1024M) 1.307ms
[79.047s][info][gc             ] GC(183) Concurrent Mark Cycle
[79.047s][info][gc,cpu         ] GC(182) User=0.00s Sys=0.00s Real=0.00s
[79.047s][info][gc,marking     ] GC(183) Concurrent Scan Root Regions
[79.048s][info][gc,marking     ] GC(183) Concurrent Scan Root Regions 0.275ms
[79.048s][info][gc,marking     ] GC(183) Concurrent Mark
[79.048s][info][gc,marking     ] GC(183) Concurrent Mark From Roots
[79.048s][info][gc,task        ] GC(183) Using 2 workers of 2 for marking
[79.051s][info][gc,marking     ] GC(183) Concurrent Mark From Roots 3.010ms
[79.051s][info][gc,marking     ] GC(183) Concurrent Preclean
[79.051s][info][gc,marking     ] GC(183) Concurrent Preclean 0.014ms
[79.051s][info][gc,start       ] GC(183) Pause Remark
[79.052s][info][gc             ] GC(183) Pause Remark 22M->22M(1024M) 1.075ms
[79.052s][info][gc,cpu         ] GC(183) User=0.00s Sys=0.00s Real=0.00s
[79.052s][info][gc,marking     ] GC(183) Concurrent Mark 4.344ms
[79.052s][info][gc,marking     ] GC(183) Concurrent Rebuild Remembered Sets and Scrub Regions
[79.053s][info][gc,marking     ] GC(183) Concurrent Rebuild Remembered Sets and Scrub Regions 1.390ms
[79.054s][info][gc,start       ] GC(183) Pause Cleanup
[79.054s][info][gc             ] GC(183) Pause Cleanup 29M->29M(1024M) 0.156ms
[79.054s][info][gc,cpu         ] GC(183) User=0.00s Sys=0.00s Real=0.00s
[79.054s][info][gc,marking     ] GC(183) Concurrent Clear Claimed Marks
[79.054s][info][gc,marking     ] GC(183) Concurrent Clear Claimed Marks 0.029ms
[79.054s][info][gc,marking     ] GC(183) Concurrent Cleanup for Next Mark
[79.056s][info][gc,marking     ] GC(183) Concurrent Cleanup for Next Mark 2.102ms
[79.056s][info][gc             ] GC(183) Concurrent Mark Cycle 8.679ms
[79.266s][info][gc,start       ] GC(184) Pause Young (Prepare Mixed) (G1 Evacuation Pause)
[79.266s][info][gc,task        ] GC(184) Using 6 workers of 6 for evacuation
[79.336s][info][gc,phases      ] GC(184)   Pre Evacuate Collection Set: 0.1ms
[79.336s][info][gc,phases      ] GC(184)   Merge Heap Roots: 0.1ms
[79.336s][info][gc,phases      ] GC(184)   Evacuate Collection Set: 68.8ms
[79.336s][info][gc,phases      ] GC(184)   Post Evacuate Collection Set: 0.6ms
[79.336s][info][gc,phases      ] GC(184)   Other: 0.1ms
[79.336s][info][gc,heap        ] GC(184) Eden regions: 613->0(537)
[79.336s][info][gc,heap        ] GC(184) Survivor regions: 1->77(77)
[79.336s][info][gc,heap        ] GC(184) Old regions: 7->84
[79.336s][info][gc,heap        ] GC(184) Humongous regions: 3->3
[79.336s][info][gc,metaspace   ] GC(184) Metaspace: 16503K(16832K)->16503K(16832K) NonClass: 14178K(14336K)->14178K(14336K) Class: 2325K(2496K)->2325K(2496K)
[79.336s][info][gc             ] GC(184) Pause Young (Prepare Mixed) (G1 Evacuation Pause) 620M->161M(1024M) 69.966ms
[79.336s][info][gc,cpu         ] GC(184) User=0.38s Sys=0.00s Real=0.06s
[82.481s][info][gc,start       ] GC(185) Pause Young (Mixed) (G1 Evacuation Pause)
[82.481s][info][gc,task        ] GC(185) Using 6 workers of 6 for evacuation
[82.638s][info][gc,phases      ] GC(185)   Pre Evacuate Collection Set: 0.2ms
[82.638s][info][gc,phases      ] GC(185)   Merge Heap Roots: 0.5ms
[82.638s][info][gc,phases      ] GC(185)   Evacuate Collection Set: 149.6ms
[82.638s][info][gc,phases      ] GC(185)   Post Evacuate Collection Set: 6.4ms
[82.638s][info][gc,phases      ] GC(185)   Other: 0.1ms
[82.638s][info][gc,heap        ] GC(185) Eden regions: 537->0(295)
[82.638s][info][gc,heap        ] GC(185) Survivor regions: 77->77(77)
[82.638s][info][gc,heap        ] GC(185) Old regions: 84->399
[82.638s][info][gc,heap        ] GC(185) Humongous regions: 4->4
[82.638s][info][gc,metaspace   ] GC(185) Metaspace: 16505K(16832K)->16505K(16832K) NonClass: 14180K(14336K)->14180K(14336K) Class: 2325K(2496K)->2325K(2496K)
[82.638s][info][gc             ] GC(185) Pause Young (Mixed) (G1 Evacuation Pause) (Evacuation Failure) 699M->478M(1024M) 157.166ms
[82.638s][info][gc,cpu         ] GC(185) User=0.94s Sys=0.00s Real=0.16s
[82.803s][info][gc,start       ] GC(186) Pause Young (Concurrent Start) (G1 Evacuation Pause)
[82.803s][info][gc,task        ] GC(186) Using 6 workers of 6 for evacuation
[82.910s][info][gc,phases      ] GC(186)   Pre Evacuate Collection Set: 0.5ms
[82.910s][info][gc,phases      ] GC(186)   Merge Heap Roots: 1.0ms
[82.910s][info][gc,phases      ] GC(186)   Evacuate Collection Set: 105.0ms
[82.910s][info][gc,phases      ] GC(186)   Post Evacuate Collection Set: 0.9ms
[82.910s][info][gc,phases      ] GC(186)   Other: 0.1ms
[82.910s][info][gc,heap        ] GC(186) Eden regions: 295->0(215)
[82.910s][info][gc,heap        ] GC(186) Survivor regions: 77->47(47)
[82.910s][info][gc,heap        ] GC(186) Old regions: 399->556
[82.910s][info][gc,heap        ] GC(186) Humongous regions: 4->4
[82.910s][info][gc,metaspace   ] GC(186) Metaspace: 16505K(16832K)->16505K(16832K) NonClass: 14180K(14336K)->14180K(14336K) Class: 2325K(2496K)->2325K(2496K)
[82.910s][info][gc             ] GC(186) Pause Young (Concurrent Start) (G1 Evacuation Pause) 773M->605M(1024M) 107.797ms
[82.910s][info][gc             ] GC(187) Concurrent Mark Cycle
[82.910s][info][gc,cpu         ] GC(186) User=0.58s Sys=0.00s Real=0.11s
[82.910s][info][gc,marking     ] GC(187) Concurrent Scan Root Regions
[82.951s][info][gc,marking     ] GC(187) Concurrent Scan Root Regions 40.905ms
[82.951s][info][gc,marking     ] GC(187) Concurrent Mark
[82.951s][info][gc,marking     ] GC(187) Concurrent Mark From Roots
[82.951s][info][gc,task        ] GC(187) Using 2 workers of 2 for marking
[82.979s][info][gc,marking     ] GC(187) Concurrent Mark From Roots 27.448ms
[82.979s][info][gc,marking     ] GC(187) Concurrent Preclean
[82.979s][info][gc,marking     ] GC(187) Concurrent Preclean 0.029ms
[82.979s][info][gc,start       ] GC(187) Pause Remark
[82.980s][info][gc             ] GC(187) Pause Remark 706M->506M(1024M) 1.215ms
[82.980s][info][gc,cpu         ] GC(187) User=0.00s Sys=0.00s Real=0.00s
[82.980s][info][gc,marking     ] GC(187) Concurrent Mark 28.918ms
[82.980s][info][gc,marking     ] GC(187) Concurrent Rebuild Remembered Sets and Scrub Regions
[83.049s][info][gc,marking     ] GC(187) Concurrent Rebuild Remembered Sets and Scrub Regions 68.472ms
[83.049s][info][gc,start       ] GC(187) Pause Cleanup
[83.049s][info][gc             ] GC(187) Pause Cleanup 618M->618M(1024M) 0.275ms
[83.049s][info][gc,cpu         ] GC(187) User=0.00s Sys=0.00s Real=0.00s
[83.049s][info][gc,marking     ] GC(187) Concurrent Clear Claimed Marks
[83.049s][info][gc,marking     ] GC(187) Concurrent Clear Claimed Marks 0.027ms
[83.049s][info][gc,marking     ] GC(187) Concurrent Cleanup for Next Mark
[83.051s][info][gc,marking     ] GC(187) Concurrent Cleanup for Next Mark 1.423ms
[83.051s][info][gc             ] GC(187) Concurrent Mark Cycle 140.392ms
[83.051s][info][gc,start       ] GC(188) Pause Young (Prepare Mixed) (G1 Evacuation Pause)
[83.052s][info][gc,task        ] GC(188) Using 6 workers of 6 for evacuation
[83.120s][info][gc,phases      ] GC(188)   Pre Evacuate Collection Set: 0.2ms
[83.120s][info][gc,phases      ] GC(188)   Merge Heap Roots: 0.9ms
[83.120s][info][gc,phases      ] GC(188)   Evacuate Collection Set: 67.0ms
[83.120s][info][gc,phases      ] GC(188)   Post Evacuate Collection Set: 0.4ms
[83.120s][info][gc,phases      ] GC(188)   Other: 0.1ms
[83.120s][info][gc,heap        ] GC(188) Eden regions: 215->0(264)
[83.120s][info][gc,heap        ] GC(188) Survivor regions: 47->33(33)
[83.120s][info][gc,heap        ] GC(188) Old regions: 357->463
[83.120s][info][gc,heap        ] GC(188) Humongous regions: 3->3
[83.120s][info][gc,metaspace   ] GC(188) Metaspace: 16505K(16832K)->16505K(16832K) NonClass: 14180K(14336K)->14180K(14336K) Class: 2325K(2496K)->2325K(2496K)
[83.120s][info][gc             ] GC(188) Pause Young (Prepare Mixed) (G1 Evacuation Pause) 620M->497M(1024M) 68.791ms
[83.120s][info][gc,cpu         ] GC(188) User=0.38s Sys=0.00s Real=0.07s
[83.279s][info][gc,start       ] GC(189) Pause Young (Mixed) (G1 Evacuation Pause)
[83.279s][info][gc,task        ] GC(189) Using 6 workers of 6 for evacuation
[83.351s][info][gc,phases      ] GC(189)   Pre Evacuate Collection Set: 0.3ms
[83.351s][info][gc,phases      ] GC(189)   Merge Heap Roots: 0.2ms
[83.351s][info][gc,phases      ] GC(189)   Evacuate Collection Set: 70.4ms
[83.351s][info][gc,phases      ] GC(189)   Post Evacuate Collection Set: 0.5ms
[83.351s][info][gc,phases      ] GC(189)   Other: 0.1ms
[83.351s][info][gc,heap        ] GC(189) Eden regions: 264->0(256)
[83.351s][info][gc,heap        ] GC(189) Survivor regions: 33->38(38)
[83.351s][info][gc,heap        ] GC(189) Old regions: 463->468
[83.351s][info][gc,heap        ] GC(189) Humongous regions: 3->3
[83.351s][info][gc,metaspace   ] GC(189) Metaspace: 16505K(16832K)->16505K(16832K) NonClass: 14180K(14336K)->14180K(14336K) Class: 2325K(2496K)->2325K(2496K)
[83.351s][info][gc             ] GC(189) Pause Young (Mixed) (G1 Evacuation Pause) 761M->507M(1024M) 71.736ms
[83.351s][info][gc,cpu         ] GC(189) User=0.41s Sys=0.00s Real=0.08s
[83.969s][info][gc,start       ] GC(190) Pause Young (Mixed) (G1 Evacuation Pause)
[83.969s][info][gc,task        ] GC(190) Using 6 workers of 6 for evacuation
[84.071s][info][gc,phases      ] GC(190)   Pre Evacuate Collection Set: 0.3ms
[84.071s][info][gc,phases      ] GC(190)   Merge Heap Roots: 2.3ms
[84.071s][info][gc,phases      ] GC(190)   Evacuate Collection Set: 98.3ms
[84.071s][info][gc,phases      ] GC(190)   Post Evacuate Collection Set: 1.2ms
[84.071s][info][gc,phases      ] GC(190)   Other: 0.1ms
[84.071s][info][gc,heap        ] GC(190) Eden regions: 256->0(200)
[84.071s][info][gc,heap        ] GC(190) Survivor regions: 38->37(37)
[84.071s][info][gc,heap        ] GC(190) Old regions: 468->566
[84.071s][info][gc,heap        ] GC(190) Humongous regions: 9->9
[84.071s][info][gc,metaspace   ] GC(190) Metaspace: 16505K(16832K)->16505K(16832K) NonClass: 14180K(14336K)->14180K(14336K) Class: 2325K(2496K)->2325K(2496K)
[84.072s][info][gc             ] GC(190) Pause Young (Mixed) (G1 Evacuation Pause) 769M->610M(1024M) 102.378ms
[84.072s][info][gc,cpu         ] GC(190) User=0.58s Sys=0.00s Real=0.11s
[84.438s][info][gc,start       ] GC(191) Pause Young (Concurrent Start) (G1 Evacuation Pause)
[84.438s][info][gc,task        ] GC(191) Using 6 workers of 6 for evacuation
[84.473s][info][gc,phases      ] GC(191)   Pre Evacuate Collection Set: 0.3ms
[84.473s][info][gc,phases      ] GC(191)   Merge Heap Roots: 1.3ms
[84.473s][info][gc,phases      ] GC(191)   Evacuate Collection Set: 31.8ms
[84.473s][info][gc,phases      ] GC(191)   Post Evacuate Collection Set: 0.8ms
[84.473s][info][gc,phases      ] GC(191)   Other: 0.2ms
[84.473s][info][gc,heap        ] GC(191) Eden regions: 200->0(222)
[84.473s][info][gc,heap        ] GC(191) Survivor regions: 37->6(30)
[84.473s][info][gc,heap        ] GC(191) Old regions: 566->594
[84.473s][info][gc,heap        ] GC(191) Humongous regions: 9->9
[84.473s][info][gc,metaspace   ] GC(191) Metaspace: 16505K(16832K)->16505K(16832K) NonClass: 14180K(14336K)->14180K(14336K) Class: 2325K(2496K)->2325K(2496K)
[84.473s][info][gc             ] GC(191) Pause Young (Concurrent Start) (G1 Evacuation Pause) 810M->607M(1024M) 34.525ms
[84.473s][info][gc,cpu         ] GC(191) User=0.16s Sys=0.00s Real=0.03s
[84.473s][info][gc             ] GC(192) Concurrent Mark Cycle
[84.473s][info][gc,marking     ] GC(192) Concurrent Scan Root Regions
[84.487s][info][gc,marking     ] GC(192) Concurrent Scan Root Regions 14.450ms
[84.487s][info][gc,marking     ] GC(192) Concurrent Mark
[84.487s][info][gc,marking     ] GC(192) Concurrent Mark From Roots
[84.487s][info][gc,task        ] GC(192) Using 2 workers of 2 for marking
[84.752s][info][gc,marking     ] GC(192) Concurrent Mark From Roots 264.634ms
[84.752s][info][gc,marking     ] GC(192) Concurrent Preclean
[84.752s][info][gc,marking     ] GC(192) Concurrent Preclean 0.030ms
[84.752s][info][gc,start       ] GC(192) Pause Remark
[84.753s][info][gc             ] GC(192) Pause Remark 750M->656M(1024M) 1.223ms
[84.753s][info][gc,cpu         ] GC(192) User=0.00s Sys=0.00s Real=0.00s
[84.753s][info][gc,marking     ] GC(192) Concurrent Mark 266.113ms
[84.753s][info][gc,marking     ] GC(192) Concurrent Rebuild Remembered Sets and Scrub Regions
[84.893s][info][gc,start       ] GC(193) Pause Young (Normal) (G1 Evacuation Pause)
[84.893s][info][gc,task        ] GC(193) Using 6 workers of 6 for evacuation
[84.904s][info][gc,phases      ] GC(193)   Pre Evacuate Collection Set: 0.2ms
[84.904s][info][gc,phases      ] GC(193)   Merge Heap Roots: 0.5ms
[84.904s][info][gc,phases      ] GC(193)   Evacuate Collection Set: 9.3ms
[84.904s][info][gc,phases      ] GC(193)   Post Evacuate Collection Set: 0.6ms
[84.904s][info][gc,phases      ] GC(193)   Other: 0.1ms
[84.904s][info][gc,heap        ] GC(193) Eden regions: 222->0(299)
[84.904s][info][gc,heap        ] GC(193) Survivor regions: 6->3(29)
[84.904s][info][gc,heap        ] GC(193) Old regions: 504->504
[84.904s][info][gc,heap        ] GC(193) Humongous regions: 5->5
[84.904s][info][gc,metaspace   ] GC(193) Metaspace: 16505K(16832K)->16505K(16832K) NonClass: 14180K(14336K)->14180K(14336K) Class: 2325K(2496K)->2325K(2496K)
[84.904s][info][gc             ] GC(193) Pause Young (Normal) (G1 Evacuation Pause) 735M->510M(1024M) 11.007ms
[84.904s][info][gc,cpu         ] GC(193) User=0.02s Sys=0.00s Real=0.01s
[85.012s][info][gc,marking     ] GC(192) Concurrent Rebuild Remembered Sets and Scrub Regions 258.553ms
[85.012s][info][gc,start       ] GC(192) Pause Cleanup
[85.012s][info][gc             ] GC(192) Pause Cleanup 573M->573M(1024M) 0.379ms
[85.012s][info][gc,cpu         ] GC(192) User=0.00s Sys=0.00s Real=0.00s
[85.012s][info][gc,marking     ] GC(192) Concurrent Clear Claimed Marks
[85.013s][info][gc,marking     ] GC(192) Concurrent Clear Claimed Marks 0.028ms
[85.013s][info][gc,marking     ] GC(192) Concurrent Cleanup for Next Mark
[85.014s][info][gc,marking     ] GC(192) Concurrent Cleanup for Next Mark 1.285ms
[85.014s][info][gc             ] GC(192) Concurrent Mark Cycle 541.179ms
[85.712s][info][gc,start       ] GC(194) Pause Full (System.gc())
[85.712s][info][gc,task        ] GC(194) Using 6 workers of 6 for full compaction
[85.713s][info][gc,phases,start] GC(194) Phase 1: Mark live objects
[85.715s][info][gc,phases      ] GC(194) Phase 1: Mark live objects 2.388ms
[85.715s][info][gc,phases,start] GC(194) Phase 2: Prepare compaction
[85.716s][info][gc,phases      ] GC(194) Phase 2: Prepare compaction 0.841ms
[85.716s][info][gc,phases,start] GC(194) Phase 3: Adjust pointers
[85.718s][info][gc,phases      ] GC(194) Phase 3: Adjust pointers 2.027ms
[85.718s][info][gc,phases,start] GC(194) Phase 4: Compact heap
[85.719s][info][gc,phases      ] GC(194) Phase 4: Compact heap 0.651ms
[85.719s][info][gc,phases,start] GC(194) Phase 5: Reset Metadata
[85.720s][info][gc,phases      ] GC(194) Phase 5: Reset Metadata 0.655ms
[85.723s][info][gc,heap        ] GC(194) Eden regions: 147->0(592)
[85.723s][info][gc,heap        ] GC(194) Survivor regions: 3->0(29)
[85.723s][info][gc,heap        ] GC(194) Old regions: 504->7
[85.723s][info][gc,heap        ] GC(194) Humongous regions: 5->2
[85.723s][info][gc,metaspace   ] GC(194) Metaspace: 16505K(16832K)->16505K(16832K) NonClass: 14180K(14336K)->14180K(14336K) Class: 2325K(2496K)->2325K(2496K)
[85.723s][info][gc             ] GC(194) Pause Full (System.gc()) 657M->5M(1024M) 10.856ms
[85.723s][info][gc,cpu         ] GC(194) User=0.00s Sys=0.00s Real=0.01s
[86.869s][info][gc,start       ] GC(195) Pause Young (Concurrent Start) (G1 Evacuation Pause)
[86.869s][info][gc,task        ] GC(195) Using 6 workers of 6 for evacuation
[86.871s][info][gc,phases      ] GC(195)   Pre Evacuate Collection Set: 0.4ms
[86.871s][info][gc,phases      ] GC(195)   Merge Heap Roots: 0.1ms
[86.871s][info][gc,phases      ] GC(195)   Evacuate Collection Set: 0.3ms
[86.871s][info][gc,phases      ] GC(195)   Post Evacuate Collection Set: 0.4ms
[86.871s][info][gc,phases      ] GC(195)   Other: 0.1ms
[86.871s][info][gc,heap        ] GC(195) Eden regions: 592->0(613)
[86.871s][info][gc,heap        ] GC(195) Survivor regions: 0->1(74)
[86.871s][info][gc,heap        ] GC(195) Old regions: 7->7
[86.871s][info][gc,heap        ] GC(195) Humongous regions: 2->2
[86.871s][info][gc,metaspace   ] GC(195) Metaspace: 16507K(16832K)->16507K(16832K) NonClass: 14182K(14336K)->14182K(14336K) Class: 2325K(2496K)->2325K(2496K)
[86.871s][info][gc             ] GC(195) Pause Young (Concurrent Start) (G1 Evacuation Pause) 597M->6M(1024M) 1.572ms
[86.871s][info][gc,cpu         ] GC(195) User=0.02s Sys=0.00s Real=0.02s
[86.871s][info][gc             ] GC(196) Concurrent Mark Cycle
[86.871s][info][gc,marking     ] GC(196) Concurrent Scan Root Regions
[86.871s][info][gc,marking     ] GC(196) Concurrent Scan Root Regions 0.251ms
[86.871s][info][gc,marking     ] GC(196) Concurrent Mark
[86.871s][info][gc,marking     ] GC(196) Concurrent Mark From Roots
[86.871s][info][gc,task        ] GC(196) Using 2 workers of 2 for marking
[86.874s][info][gc,marking     ] GC(196) Concurrent Mark From Roots 2.970ms
[86.874s][info][gc,marking     ] GC(196) Concurrent Preclean
[86.874s][info][gc,marking     ] GC(196) Concurrent Preclean 0.017ms
[86.874s][info][gc,start       ] GC(196) Pause Remark
[86.875s][info][gc             ] GC(196) Pause Remark 22M->22M(1024M) 1.094ms
[86.875s][info][gc,cpu         ] GC(196) User=0.00s Sys=0.00s Real=0.00s
[86.875s][info][gc,marking     ] GC(196) Concurrent Mark 4.372ms
[86.875s][info][gc,marking     ] GC(196) Concurrent Rebuild Remembered Sets and Scrub Regions
[86.877s][info][gc,marking     ] GC(196) Concurrent Rebuild Remembered Sets and Scrub Regions 1.259ms
[86.877s][info][gc,start       ] GC(196) Pause Cleanup
[86.877s][info][gc             ] GC(196) Pause Cleanup 30M->30M(1024M) 0.115ms
[86.877s][info][gc,cpu         ] GC(196) User=0.00s Sys=0.00s Real=0.00s
[86.877s][info][gc,marking     ] GC(196) Concurrent Clear Claimed Marks
[86.877s][info][gc,marking     ] GC(196) Concurrent Clear Claimed Marks 0.026ms
[86.877s][info][gc,marking     ] GC(196) Concurrent Cleanup for Next Mark
[86.880s][info][gc,marking     ] GC(196) Concurrent Cleanup for Next Mark 2.442ms
[86.880s][info][gc             ] GC(196) Concurrent Mark Cycle 8.872ms
[86.974s][info][gc,start       ] GC(197) Pause Young (Prepare Mixed) (G1 Evacuation Pause)
[86.974s][info][gc,task        ] GC(197) Using 6 workers of 6 for evacuation
[86.975s][info][gc,phases      ] GC(197)   Pre Evacuate Collection Set: 0.2ms
[86.975s][info][gc,phases      ] GC(197)   Merge Heap Roots: 0.1ms
[86.975s][info][gc,phases      ] GC(197)   Evacuate Collection Set: 0.3ms
[86.975s][info][gc,phases      ] GC(197)   Post Evacuate Collection Set: 0.4ms
[86.975s][info][gc,phases      ] GC(197)   Other: 0.1ms
[86.975s][info][gc,heap        ] GC(197) Eden regions: 613->0(613)
[86.975s][info][gc,heap        ] GC(197) Survivor regions: 1->1(77)
[86.975s][info][gc,heap        ] GC(197) Old regions: 7->7
[86.975s][info][gc,heap        ] GC(197) Humongous regions: 2->2
[86.975s][info][gc,metaspace   ] GC(197) Metaspace: 16507K(16832K)->16507K(16832K) NonClass: 14182K(14336K)->14182K(14336K) Class: 2325K(2496K)->2325K(2496K)
[86.975s][info][gc             ] GC(197) Pause Young (Prepare Mixed) (G1 Evacuation Pause) 619M->6M(1024M) 1.278ms
[86.975s][info][gc,cpu         ] GC(197) User=0.00s Sys=0.00s Real=0.00s
[87.074s][info][gc,start       ] GC(198) Pause Young (Mixed) (G1 Evacuation Pause)
[87.074s][info][gc,task        ] GC(198) Using 6 workers of 6 for evacuation
[87.075s][info][gc,phases      ] GC(198)   Pre Evacuate Collection Set: 0.2ms
[87.075s][info][gc,phases      ] GC(198)   Merge Heap Roots: 0.1ms
[87.075s][info][gc,phases      ] GC(198)   Evacuate Collection Set: 0.3ms
[87.075s][info][gc,phases      ] GC(198)   Post Evacuate Collection Set: 0.3ms
[87.075s][info][gc,phases      ] GC(198)   Other: 0.1ms
[87.075s][info][gc,heap        ] GC(198) Eden regions: 613->0(613)
[87.075s][info][gc,heap        ] GC(198) Survivor regions: 1->1(77)
[87.075s][info][gc,heap        ] GC(198) Old regions: 7->7
[87.075s][info][gc,heap        ] GC(198) Humongous regions: 2->2
[87.075s][info][gc,metaspace   ] GC(198) Metaspace: 16507K(16832K)->16507K(16832K) NonClass: 14182K(14336K)->14182K(14336K) Class: 2325K(2496K)->2325K(2496K)
[87.075s][info][gc             ] GC(198) Pause Young (Mixed) (G1 Evacuation Pause) 619M->6M(1024M) 1.207ms
[87.075s][info][gc,cpu         ] GC(198) User=0.00s Sys=0.00s Real=0.00s
[87.173s][info][gc,start       ] GC(199) Pause Young (Concurrent Start) (G1 Evacuation Pause)
[87.173s][info][gc,task        ] GC(199) Using 6 workers of 6 for evacuation
[87.174s][info][gc,phases      ] GC(199)   Pre Evacuate Collection Set: 0.2ms
[87.174s][info][gc,phases      ] GC(199)   Merge Heap Roots: 0.1ms
[87.174s][info][gc,phases      ] GC(199)   Evacuate Collection Set: 0.4ms
[87.174s][info][gc,phases      ] GC(199)   Post Evacuate Collection Set: 0.4ms
[87.174s][info][gc,phases      ] GC(199)   Other: 0.1ms
[87.174s][info][gc,heap        ] GC(199) Eden regions: 613->0(613)
[87.174s][info][gc,heap        ] GC(199) Survivor regions: 1->1(77)
[87.174s][info][gc,heap        ] GC(199) Old regions: 7->7
[87.174s][info][gc,heap        ] GC(199) Humongous regions: 2->2
[87.174s][info][gc,metaspace   ] GC(199) Metaspace: 16507K(16832K)->16507K(16832K) NonClass: 14182K(14336K)->14182K(14336K) Class: 2325K(2496K)->2325K(2496K)
[87.174s][info][gc             ] GC(199) Pause Young (Concurrent Start) (G1 Evacuation Pause) 619M->6M(1024M) 1.337ms
[87.174s][info][gc,cpu         ] GC(199) User=0.00s Sys=0.00s Real=0.00s
[87.174s][info][gc             ] GC(200) Concurrent Mark Cycle
[87.174s][info][gc,marking     ] GC(200) Concurrent Scan Root Regions
[87.175s][info][gc,marking     ] GC(200) Concurrent Scan Root Regions 0.267ms
[87.175s][info][gc,marking     ] GC(200) Concurrent Mark
[87.175s][info][gc,marking     ] GC(200) Concurrent Mark From Roots
[87.175s][info][gc,task        ] GC(200) Using 2 workers of 2 for marking
[87.178s][info][gc,marking     ] GC(200) Concurrent Mark From Roots 3.039ms
[87.178s][info][gc,marking     ] GC(200) Concurrent Preclean
[87.178s][info][gc,marking     ] GC(200) Concurrent Preclean 0.015ms
[87.178s][info][gc,start       ] GC(200) Pause Remark
[87.179s][info][gc             ] GC(200) Pause Remark 23M->23M(1024M) 0.991ms
[87.179s][info][gc,cpu         ] GC(200) User=0.00s Sys=0.00s Real=0.00s
[87.179s][info][gc,marking     ] GC(200) Concurrent Mark 4.277ms
[87.179s][info][gc,marking     ] GC(200) Concurrent Rebuild Remembered Sets and Scrub Regions
[87.180s][info][gc,marking     ] GC(200) Concurrent Rebuild Remembered Sets and Scrub Regions 1.276ms
[87.180s][info][gc,start       ] GC(200) Pause Cleanup
[87.181s][info][gc             ] GC(200) Pause Cleanup 29M->29M(1024M) 0.107ms
[87.181s][info][gc,cpu         ] GC(200) User=0.00s Sys=0.00s Real=0.00s
[87.181s][info][gc,marking     ] GC(200) Concurrent Clear Claimed Marks
[87.181s][info][gc,marking     ] GC(200) Concurrent Clear Claimed Marks 0.026ms
[87.181s][info][gc,marking     ] GC(200) Concurrent Cleanup for Next Mark
[87.183s][info][gc,marking     ] GC(200) Concurrent Cleanup for Next Mark 2.091ms
[87.183s][info][gc             ] GC(200) Concurrent Mark Cycle 8.398ms
[87.393s][info][gc,start       ] GC(201) Pause Young (Prepare Mixed) (G1 Evacuation Pause)
[87.393s][info][gc,task        ] GC(201) Using 6 workers of 6 for evacuation
[87.463s][info][gc,phases      ] GC(201)   Pre Evacuate Collection Set: 0.1ms
[87.463s][info][gc,phases      ] GC(201)   Merge Heap Roots: 0.1ms
[87.463s][info][gc,phases      ] GC(201)   Evacuate Collection Set: 68.9ms
[87.463s][info][gc,phases      ] GC(201)   Post Evacuate Collection Set: 0.8ms
[87.463s][info][gc,phases      ] GC(201)   Other: 0.1ms
[87.463s][info][gc,heap        ] GC(201) Eden regions: 613->0(537)
[87.463s][info][gc,heap        ] GC(201) Survivor regions: 1->77(77)
[87.463s][info][gc,heap        ] GC(201) Old regions: 7->84
[87.463s][info][gc,heap        ] GC(201) Humongous regions: 3->3
[87.463s][info][gc,metaspace   ] GC(201) Metaspace: 16507K(16832K)->16507K(16832K) NonClass: 14182K(14336K)->14182K(14336K) Class: 2325K(2496K)->2325K(2496K)
[87.463s][info][gc             ] GC(201) Pause Young (Prepare Mixed) (G1 Evacuation Pause) 620M->161M(1024M) 70.214ms
[87.463s][info][gc,cpu         ] GC(201) User=0.38s Sys=0.00s Real=0.08s
[90.007s][info][gc,start       ] GC(202) Pause Young (Mixed) (G1 Evacuation Pause)
[90.007s][info][gc,task        ] GC(202) Using 6 workers of 6 for evacuation
[90.165s][info][gc,phases      ] GC(202)   Pre Evacuate Collection Set: 0.3ms
[90.166s][info][gc,phases      ] GC(202)   Merge Heap Roots: 0.8ms
[90.166s][info][gc,phases      ] GC(202)   Evacuate Collection Set: 149.8ms
[90.166s][info][gc,phases      ] GC(202)   Post Evacuate Collection Set: 7.0ms
[90.166s][info][gc,phases      ] GC(202)   Other: 0.2ms
[90.166s][info][gc,heap        ] GC(202) Eden regions: 537->0(293)
[90.166s][info][gc,heap        ] GC(202) Survivor regions: 77->77(77)
[90.166s][info][gc,heap        ] GC(202) Old regions: 84->401
[90.166s][info][gc,heap        ] GC(202) Humongous regions: 4->4
[90.166s][info][gc,metaspace   ] GC(202) Metaspace: 16508K(16832K)->16508K(16832K) NonClass: 14182K(14336K)->14182K(14336K) Class: 2325K(2496K)->2325K(2496K)
[90.166s][info][gc             ] GC(202) Pause Young (Mixed) (G1 Evacuation Pause) (Evacuation Failure) 699M->480M(1024M) 158.347ms
[90.166s][info][gc,cpu         ] GC(202) User=0.78s Sys=0.00s Real=0.17s
[90.328s][info][gc,start       ] GC(203) Pause Young (Concurrent Start) (G1 Evacuation Pause)
[90.329s][info][gc,task        ] GC(203) Using 6 workers of 6 for evacuation
[90.435s][info][gc,phases      ] GC(203)   Pre Evacuate Collection Set: 0.4ms
[90.435s][info][gc,phases      ] GC(203)   Merge Heap Roots: 1.1ms
[90.435s][info][gc,phases      ] GC(203)   Evacuate Collection Set: 104.2ms
[90.435s][info][gc,phases      ] GC(203)   Post Evacuate Collection Set: 0.8ms
[90.435s][info][gc,phases      ] GC(203)   Other: 0.3ms
[90.435s][info][gc,heap        ] GC(203) Eden regions: 293->0(215)
[90.435s][info][gc,heap        ] GC(203) Survivor regions: 77->47(47)
[90.435s][info][gc,heap        ] GC(203) Old regions: 401->556
[90.435s][info][gc,heap        ] GC(203) Humongous regions: 4->4
[90.435s][info][gc,metaspace   ] GC(203) Metaspace: 16508K(16832K)->16508K(16832K) NonClass: 14182K(14336K)->14182K(14336K) Class: 2325K(2496K)->2325K(2496K)
[90.435s][info][gc             ] GC(203) Pause Young (Concurrent Start) (G1 Evacuation Pause) 773M->605M(1024M) 106.974ms
[90.435s][info][gc             ] GC(204) Concurrent Mark Cycle
[90.435s][info][gc,cpu         ] GC(203) User=0.64s Sys=0.00s Real=0.11s
[90.435s][info][gc,marking     ] GC(204) Concurrent Scan Root Regions
[90.477s][info][gc,marking     ] GC(204) Concurrent Scan Root Regions 41.159ms
[90.477s][info][gc,marking     ] GC(204) Concurrent Mark
[90.477s][info][gc,marking     ] GC(204) Concurrent Mark From Roots
[90.477s][info][gc,task        ] GC(204) Using 2 workers of 2 for marking
[90.506s][info][gc,marking     ] GC(204) Concurrent Mark From Roots 29.608ms
[90.506s][info][gc,marking     ] GC(204) Concurrent Preclean
[90.506s][info][gc,marking     ] GC(204) Concurrent Preclean 0.038ms
[90.506s][info][gc,start       ] GC(204) Pause Remark
[90.508s][info][gc             ] GC(204) Pause Remark 716M->509M(1024M) 1.224ms
[90.508s][info][gc,cpu         ] GC(204) User=0.00s Sys=0.00s Real=0.00s
[90.508s][info][gc,marking     ] GC(204) Concurrent Mark 31.075ms
[90.508s][info][gc,marking     ] GC(204) Concurrent Rebuild Remembered Sets and Scrub Regions
[90.572s][info][gc,start       ] GC(205) Pause Young (Normal) (G1 Evacuation Pause)
[90.572s][info][gc,task        ] GC(205) Using 6 workers of 6 for evacuation
[90.643s][info][gc,phases      ] GC(205)   Pre Evacuate Collection Set: 0.2ms
[90.644s][info][gc,phases      ] GC(205)   Merge Heap Roots: 0.8ms
[90.644s][info][gc,phases      ] GC(205)   Evacuate Collection Set: 69.1ms
[90.644s][info][gc,phases      ] GC(205)   Post Evacuate Collection Set: 0.8ms
[90.644s][info][gc,phases      ] GC(205)   Other: 0.1ms
[90.644s][info][gc,heap        ] GC(205) Eden regions: 215->0(268)
[90.644s][info][gc,heap        ] GC(205) Survivor regions: 47->33(33)
[90.644s][info][gc,heap        ] GC(205) Old regions: 350->456
[90.644s][info][gc,heap        ] GC(205) Humongous regions: 3->3
[90.644s][info][gc,metaspace   ] GC(205) Metaspace: 16508K(16832K)->16508K(16832K) NonClass: 14182K(14336K)->14182K(14336K) Class: 2325K(2496K)->2325K(2496K)
[90.644s][info][gc             ] GC(205) Pause Young (Normal) (G1 Evacuation Pause) 613M->490M(1024M) 72.785ms
[90.644s][info][gc,cpu         ] GC(205) User=0.44s Sys=0.00s Real=0.08s
[90.653s][info][gc,marking     ] GC(204) Concurrent Rebuild Remembered Sets and Scrub Regions 145.071ms
[90.653s][info][gc,start       ] GC(204) Pause Cleanup
[90.653s][info][gc             ] GC(204) Pause Cleanup 504M->504M(1024M) 0.305ms
[90.653s][info][gc,cpu         ] GC(204) User=0.00s Sys=0.00s Real=0.02s
[90.653s][info][gc,marking     ] GC(204) Concurrent Clear Claimed Marks
[90.653s][info][gc,marking     ] GC(204) Concurrent Clear Claimed Marks 0.021ms
[90.653s][info][gc,marking     ] GC(204) Concurrent Cleanup for Next Mark
[90.655s][info][gc,marking     ] GC(204) Concurrent Cleanup for Next Mark 1.508ms
[90.655s][info][gc             ] GC(204) Concurrent Mark Cycle 219.424ms
[90.810s][info][gc,start       ] GC(206) Pause Young (Prepare Mixed) (G1 Evacuation Pause)
[90.811s][info][gc,task        ] GC(206) Using 6 workers of 6 for evacuation
[90.894s][info][gc,phases      ] GC(206)   Pre Evacuate Collection Set: 0.2ms
[90.894s][info][gc,phases      ] GC(206)   Merge Heap Roots: 0.9ms
[90.894s][info][gc,phases      ] GC(206)   Evacuate Collection Set: 81.4ms
[90.894s][info][gc,phases      ] GC(206)   Post Evacuate Collection Set: 0.4ms
[90.894s][info][gc,phases      ] GC(206)   Other: 0.1ms
[90.894s][info][gc,heap        ] GC(206) Eden regions: 268->0(208)
[90.894s][info][gc,heap        ] GC(206) Survivor regions: 33->38(38)
[90.894s][info][gc,heap        ] GC(206) Old regions: 456->565
[90.894s][info][gc,heap        ] GC(206) Humongous regions: 3->3
[90.894s][info][gc,metaspace   ] GC(206) Metaspace: 16508K(16832K)->16508K(16832K) NonClass: 14182K(14336K)->14182K(14336K) Class: 2325K(2496K)->2325K(2496K)
[90.894s][info][gc             ] GC(206) Pause Young (Prepare Mixed) (G1 Evacuation Pause) 758M->604M(1024M) 83.216ms
[90.894s][info][gc,cpu         ] GC(206) User=0.41s Sys=0.00s Real=0.08s
[91.212s][info][gc,start       ] GC(207) Pause Young (Mixed) (G1 Evacuation Pause)
[91.212s][info][gc,task        ] GC(207) Using 6 workers of 6 for evacuation
[91.309s][info][gc,phases      ] GC(207)   Pre Evacuate Collection Set: 0.4ms
[91.310s][info][gc,phases      ] GC(207)   Merge Heap Roots: 3.2ms
[91.310s][info][gc,phases      ] GC(207)   Evacuate Collection Set: 93.0ms
[91.310s][info][gc,phases      ] GC(207)   Post Evacuate Collection Set: 1.0ms
[91.310s][info][gc,phases      ] GC(207)   Other: 0.1ms
[91.310s][info][gc,heap        ] GC(207) Eden regions: 208->0(199)
[91.310s][info][gc,heap        ] GC(207) Survivor regions: 38->31(31)
[91.310s][info][gc,heap        ] GC(207) Old regions: 565->572
[91.310s][info][gc,heap        ] GC(207) Humongous regions: 6->6
[91.310s][info][gc,metaspace   ] GC(207) Metaspace: 16508K(16832K)->16508K(16832K) NonClass: 14182K(14336K)->14182K(14336K) Class: 2325K(2496K)->2325K(2496K)
[91.310s][info][gc             ] GC(207) Pause Young (Mixed) (G1 Evacuation Pause) 815M->607M(1024M) 98.094ms
[91.310s][info][gc,cpu         ] GC(207) User=0.48s Sys=0.00s Real=0.09s
[91.885s][info][gc,start       ] GC(208) Pause Young (Mixed) (G1 Evacuation Pause)
[91.885s][info][gc,task        ] GC(208) Using 6 workers of 6 for evacuation
[91.927s][info][gc,phases      ] GC(208)   Pre Evacuate Collection Set: 0.3ms
[91.927s][info][gc,phases      ] GC(208)   Merge Heap Roots: 1.4ms
[91.927s][info][gc,phases      ] GC(208)   Evacuate Collection Set: 40.0ms
[91.927s][info][gc,phases      ] GC(208)   Post Evacuate Collection Set: 0.6ms
[91.927s][info][gc,phases      ] GC(208)   Other: 0.1ms
[91.927s][info][gc,heap        ] GC(208) Eden regions: 199->0(214)
[91.927s][info][gc,heap        ] GC(208) Survivor regions: 31->14(29)
[91.927s][info][gc,heap        ] GC(208) Old regions: 572->588
[91.927s][info][gc,heap        ] GC(208) Humongous regions: 9->9
[91.927s][info][gc,metaspace   ] GC(208) Metaspace: 16508K(16832K)->16508K(16832K) NonClass: 14182K(14336K)->14182K(14336K) Class: 2325K(2496K)->2325K(2496K)
[91.927s][info][gc             ] GC(208) Pause Young (Mixed) (G1 Evacuation Pause) 809M->609M(1024M) 42.735ms
[91.927s][info][gc,cpu         ] GC(208) User=0.17s Sys=0.00s Real=0.05s
[92.309s][info][gc,start       ] GC(209) Pause Young (Concurrent Start) (G1 Evacuation Pause)
[92.309s][info][gc,task        ] GC(209) Using 6 workers of 6 for evacuation
[92.324s][info][gc,phases      ] GC(209)   Pre Evacuate Collection Set: 0.4ms
[92.324s][info][gc,phases      ] GC(209)   Merge Heap Roots: 0.8ms
[92.324s][info][gc,phases      ] GC(209)   Evacuate Collection Set: 13.0ms
[92.324s][info][gc,phases      ] GC(209)   Post Evacuate Collection Set: 0.8ms
[92.324s][info][gc,phases      ] GC(209)   Other: 0.3ms
[92.324s][info][gc,heap        ] GC(209) Eden regions: 214->0(237)
[92.324s][info][gc,heap        ] GC(209) Survivor regions: 14->13(29)
[92.324s][info][gc,heap        ] GC(209) Old regions: 588->588
[92.324s][info][gc,heap        ] GC(209) Humongous regions: 9->9
[92.324s][info][gc,metaspace   ] GC(209) Metaspace: 16508K(16832K)->16508K(16832K) NonClass: 14182K(14336K)->14182K(14336K) Class: 2325K(2496K)->2325K(2496K)
[92.324s][info][gc             ] GC(209) Pause Young (Concurrent Start) (G1 Evacuation Pause) 823M->608M(1024M) 15.465ms
[92.324s][info][gc,cpu         ] GC(209) User=0.02s Sys=0.00s Real=0.02s
[92.324s][info][gc             ] GC(210) Concurrent Mark Cycle
[92.324s][info][gc,marking     ] GC(210) Concurrent Scan Root Regions
[92.332s][info][gc,marking     ] GC(210) Concurrent Scan Root Regions 7.480ms
[92.332s][info][gc,marking     ] GC(210) Concurrent Mark
[92.332s][info][gc,marking     ] GC(210) Concurrent Mark From Roots
[92.332s][info][gc,task        ] GC(210) Using 2 workers of 2 for marking
[92.588s][info][gc,marking     ] GC(210) Concurrent Mark From Roots 256.511ms
[92.588s][info][gc,marking     ] GC(210) Concurrent Preclean
[92.588s][info][gc,marking     ] GC(210) Concurrent Preclean 0.059ms
[92.588s][info][gc,start       ] GC(210) Pause Remark
[92.590s][info][gc             ] GC(210) Pause Remark 731M->635M(1024M) 1.400ms
[92.590s][info][gc,cpu         ] GC(210) User=0.00s Sys=0.00s Real=0.00s
[92.590s][info][gc,marking     ] GC(210) Concurrent Mark 258.224ms
[92.590s][info][gc,marking     ] GC(210) Concurrent Rebuild Remembered Sets and Scrub Regions
[92.828s][info][gc,marking     ] GC(210) Concurrent Rebuild Remembered Sets and Scrub Regions 238.636ms
[92.829s][info][gc,start       ] GC(210) Pause Cleanup
[92.829s][info][gc             ] GC(210) Pause Cleanup 655M->655M(1024M) 0.464ms
[92.829s][info][gc,cpu         ] GC(210) User=0.02s Sys=0.00s Real=0.02s
[92.829s][info][gc,marking     ] GC(210) Concurrent Clear Claimed Marks
[92.829s][info][gc,marking     ] GC(210) Concurrent Clear Claimed Marks 0.043ms
[92.829s][info][gc,marking     ] GC(210) Concurrent Cleanup for Next Mark
[92.831s][info][gc,marking     ] GC(210) Concurrent Cleanup for Next Mark 1.916ms
[92.831s][info][gc             ] GC(210) Concurrent Mark Cycle 507.188ms
[93.238s][info][gc,start       ] GC(211) Pause Full (System.gc())
[93.238s][info][gc,task        ] GC(211) Using 6 workers of 6 for full compaction
[93.238s][info][gc,phases,start] GC(211) Phase 1: Mark live objects
[93.241s][info][gc,phases      ] GC(211) Phase 1: Mark live objects 2.453ms
[93.241s][info][gc,phases,start] GC(211) Phase 2: Prepare compaction
[93.242s][info][gc,phases      ] GC(211) Phase 2: Prepare compaction 0.830ms
[93.242s][info][gc,phases,start] GC(211) Phase 3: Adjust pointers
[93.244s][info][gc,phases      ] GC(211) Phase 3: Adjust pointers 1.992ms
[93.244s][info][gc,phases,start] GC(211) Phase 4: Compact heap
[93.244s][info][gc,phases      ] GC(211) Phase 4: Compact heap 0.696ms
[93.244s][info][gc,phases,start] GC(211) Phase 5: Reset Metadata
[93.245s][info][gc,phases      ] GC(211) Phase 5: Reset Metadata 0.460ms
[93.249s][info][gc,heap        ] GC(211) Eden regions: 200->0(585)
[93.249s][info][gc,heap        ] GC(211) Survivor regions: 13->0(29)
[93.249s][info][gc,heap        ] GC(211) Old regions: 496->7
[93.249s][info][gc,heap        ] GC(211) Humongous regions: 5->2
[93.249s][info][gc,metaspace   ] GC(211) Metaspace: 16509K(16832K)->16509K(16832K) NonClass: 14183K(14336K)->14183K(14336K) Class: 2325K(2496K)->2325K(2496K)
[93.249s][info][gc             ] GC(211) Pause Full (System.gc()) 712M->5M(1024M) 10.715ms
[93.249s][info][gc,cpu         ] GC(211) User=0.00s Sys=0.00s Real=0.01s
[95.066s][info][gc,start       ] GC(212) Pause Young (Concurrent Start) (G1 Evacuation Pause)
[95.067s][info][gc,task        ] GC(212) Using 6 workers of 6 for evacuation
[95.068s][info][gc,phases      ] GC(212)   Pre Evacuate Collection Set: 0.2ms
[95.068s][info][gc,phases      ] GC(212)   Merge Heap Roots: 0.1ms
[95.068s][info][gc,phases      ] GC(212)   Evacuate Collection Set: 0.4ms
[95.068s][info][gc,phases      ] GC(212)   Post Evacuate Collection Set: 0.4ms
[95.068s][info][gc,phases      ] GC(212)   Other: 0.1ms
[95.068s][info][gc,heap        ] GC(212) Eden regions: 585->0(612)
[95.068s][info][gc,heap        ] GC(212) Survivor regions: 0->2(74)
[95.068s][info][gc,heap        ] GC(212) Old regions: 7->7
[95.068s][info][gc,heap        ] GC(212) Humongous regions: 2->2
[95.068s][info][gc,metaspace   ] GC(212) Metaspace: 16509K(16832K)->16509K(16832K) NonClass: 14183K(14336K)->14183K(14336K) Class: 2325K(2496K)->2325K(2496K)
[95.068s][info][gc             ] GC(212) Pause Young (Concurrent Start) (G1 Evacuation Pause) 590M->7M(1024M) 1.475ms
[95.068s][info][gc,cpu         ] GC(212) User=0.02s Sys=0.00s Real=0.02s
[95.068s][info][gc             ] GC(213) Concurrent Mark Cycle
[95.068s][info][gc,marking     ] GC(213) Concurrent Scan Root Regions
[95.068s][info][gc,marking     ] GC(213) Concurrent Scan Root Regions 0.159ms
[95.068s][info][gc,marking     ] GC(213) Concurrent Mark
[95.068s][info][gc,marking     ] GC(213) Concurrent Mark From Roots
[95.068s][info][gc,task        ] GC(213) Using 2 workers of 2 for marking
[95.071s][info][gc,marking     ] GC(213) Concurrent Mark From Roots 2.845ms
[95.071s][info][gc,marking     ] GC(213) Concurrent Preclean
[95.071s][info][gc,marking     ] GC(213) Concurrent Preclean 0.015ms
[95.071s][info][gc,start       ] GC(213) Pause Remark
[95.072s][info][gc             ] GC(213) Pause Remark 22M->22M(1024M) 1.010ms
[95.072s][info][gc,cpu         ] GC(213) User=0.00s Sys=0.00s Real=0.00s
[95.072s][info][gc,marking     ] GC(213) Concurrent Mark 4.136ms
[95.072s][info][gc,marking     ] GC(213) Concurrent Rebuild Remembered Sets and Scrub Regions
[95.074s][info][gc,marking     ] GC(213) Concurrent Rebuild Remembered Sets and Scrub Regions 1.252ms
[95.074s][info][gc,start       ] GC(213) Pause Cleanup
[95.074s][info][gc             ] GC(213) Pause Cleanup 28M->28M(1024M) 0.105ms
[95.074s][info][gc,cpu         ] GC(213) User=0.00s Sys=0.00s Real=0.00s
[95.074s][info][gc,marking     ] GC(213) Concurrent Clear Claimed Marks
[95.074s][info][gc,marking     ] GC(213) Concurrent Clear Claimed Marks 0.028ms
[95.074s][info][gc,marking     ] GC(213) Concurrent Cleanup for Next Mark
[95.076s][info][gc,marking     ] GC(213) Concurrent Cleanup for Next Mark 2.382ms
[95.076s][info][gc             ] GC(213) Concurrent Mark Cycle 8.457ms
[95.167s][info][gc,start       ] GC(214) Pause Young (Prepare Mixed) (G1 Evacuation Pause)
[95.167s][info][gc,task        ] GC(214) Using 6 workers of 6 for evacuation
[95.169s][info][gc,phases      ] GC(214)   Pre Evacuate Collection Set: 0.2ms
[95.169s][info][gc,phases      ] GC(214)   Merge Heap Roots: 0.1ms
[95.169s][info][gc,phases      ] GC(214)   Evacuate Collection Set: 0.3ms
[95.169s][info][gc,phases      ] GC(214)   Post Evacuate Collection Set: 0.4ms
[95.169s][info][gc,phases      ] GC(214)   Other: 0.1ms
[95.169s][info][gc,heap        ] GC(214) Eden regions: 612->0(613)
[95.169s][info][gc,heap        ] GC(214) Survivor regions: 2->1(77)
[95.169s][info][gc,heap        ] GC(214) Old regions: 7->7
[95.169s][info][gc,heap        ] GC(214) Humongous regions: 2->2
[95.169s][info][gc,metaspace   ] GC(214) Metaspace: 16509K(16832K)->16509K(16832K) NonClass: 14183K(14336K)->14183K(14336K) Class: 2325K(2496K)->2325K(2496K)
[95.169s][info][gc             ] GC(214) Pause Young (Prepare Mixed) (G1 Evacuation Pause) 619M->6M(1024M) 1.268ms
[95.169s][info][gc,cpu         ] GC(214) User=0.00s Sys=0.00s Real=0.00s
[95.265s][info][gc,start       ] GC(215) Pause Young (Mixed) (G1 Evacuation Pause)
[95.265s][info][gc,task        ] GC(215) Using 6 workers of 6 for evacuation
[95.266s][info][gc,phases      ] GC(215)   Pre Evacuate Collection Set: 0.2ms
[95.266s][info][gc,phases      ] GC(215)   Merge Heap Roots: 0.1ms
[95.266s][info][gc,phases      ] GC(215)   Evacuate Collection Set: 0.3ms
[95.266s][info][gc,phases      ] GC(215)   Post Evacuate Collection Set: 0.4ms
[95.266s][info][gc,phases      ] GC(215)   Other: 0.1ms
[95.266s][info][gc,heap        ] GC(215) Eden regions: 613->0(613)
[95.266s][info][gc,heap        ] GC(215) Survivor regions: 1->1(77)
[95.266s][info][gc,heap        ] GC(215) Old regions: 7->7
[95.266s][info][gc,heap        ] GC(215) Humongous regions: 2->2
[95.266s][info][gc,metaspace   ] GC(215) Metaspace: 16509K(16832K)->16509K(16832K) NonClass: 14183K(14336K)->14183K(14336K) Class: 2325K(2496K)->2325K(2496K)
[95.266s][info][gc             ] GC(215) Pause Young (Mixed) (G1 Evacuation Pause) 619M->6M(1024M) 1.298ms
[95.266s][info][gc,cpu         ] GC(215) User=0.00s Sys=0.00s Real=0.00s
[95.362s][info][gc,start       ] GC(216) Pause Young (Concurrent Start) (G1 Evacuation Pause)
[95.362s][info][gc,task        ] GC(216) Using 6 workers of 6 for evacuation
[95.364s][info][gc,phases      ] GC(216)   Pre Evacuate Collection Set: 0.3ms
[95.364s][info][gc,phases      ] GC(216)   Merge Heap Roots: 0.1ms
[95.364s][info][gc,phases      ] GC(216)   Evacuate Collection Set: 0.4ms
[95.364s][info][gc,phases      ] GC(216)   Post Evacuate Collection Set: 0.4ms
[95.364s][info][gc,phases      ] GC(216)   Other: 0.1ms
[95.364s][info][gc,heap        ] GC(216) Eden regions: 613->0(613)
[95.364s][info][gc,heap        ] GC(216) Survivor regions: 1->1(77)
[95.364s][info][gc,heap        ] GC(216) Old regions: 7->7
[95.364s][info][gc,heap        ] GC(216) Humongous regions: 2->2
[95.364s][info][gc,metaspace   ] GC(216) Metaspace: 16509K(16832K)->16509K(16832K) NonClass: 14183K(14336K)->14183K(14336K) Class: 2325K(2496K)->2325K(2496K)
[95.364s][info][gc             ] GC(216) Pause Young (Concurrent Start) (G1 Evacuation Pause) 619M->6M(1024M) 1.456ms
[95.364s][info][gc             ] GC(217) Concurrent Mark Cycle
[95.364s][info][gc,cpu         ] GC(216) User=0.00s Sys=0.00s Real=0.00s
[95.364s][info][gc,marking     ] GC(217) Concurrent Scan Root Regions
[95.364s][info][gc,marking     ] GC(217) Concurrent Scan Root Regions 0.321ms
[95.364s][info][gc,marking     ] GC(217) Concurrent Mark
[95.364s][info][gc,marking     ] GC(217) Concurrent Mark From Roots
[95.364s][info][gc,task        ] GC(217) Using 2 workers of 2 for marking
[95.367s][info][gc,marking     ] GC(217) Concurrent Mark From Roots 2.976ms
[95.367s][info][gc,marking     ] GC(217) Concurrent Preclean
[95.367s][info][gc,marking     ] GC(217) Concurrent Preclean 0.015ms
[95.367s][info][gc,start       ] GC(217) Pause Remark
[95.368s][info][gc             ] GC(217) Pause Remark 22M->22M(1024M) 1.055ms
[95.368s][info][gc,cpu         ] GC(217) User=0.00s Sys=0.00s Real=0.00s
[95.369s][info][gc,marking     ] GC(217) Concurrent Mark 4.325ms
[95.369s][info][gc,marking     ] GC(217) Concurrent Rebuild Remembered Sets and Scrub Regions
[95.370s][info][gc,marking     ] GC(217) Concurrent Rebuild Remembered Sets and Scrub Regions 1.269ms
[95.370s][info][gc,start       ] GC(217) Pause Cleanup
[95.370s][info][gc             ] GC(217) Pause Cleanup 29M->29M(1024M) 0.126ms
[95.370s][info][gc,cpu         ] GC(217) User=0.00s Sys=0.00s Real=0.00s
[95.370s][info][gc,marking     ] GC(217) Concurrent Clear Claimed Marks
[95.370s][info][gc,marking     ] GC(217) Concurrent Clear Claimed Marks 0.022ms
[95.370s][info][gc,marking     ] GC(217) Concurrent Cleanup for Next Mark
[95.373s][info][gc,marking     ] GC(217) Concurrent Cleanup for Next Mark 2.383ms
[95.373s][info][gc             ] GC(217) Concurrent Mark Cycle 8.821ms
[95.586s][info][gc,start       ] GC(218) Pause Young (Prepare Mixed) (G1 Evacuation Pause)
[95.586s][info][gc,task        ] GC(218) Using 6 workers of 6 for evacuation
[95.659s][info][gc,phases      ] GC(218)   Pre Evacuate Collection Set: 0.1ms
[95.659s][info][gc,phases      ] GC(218)   Merge Heap Roots: 0.1ms
[95.659s][info][gc,phases      ] GC(218)   Evacuate Collection Set: 72.1ms
[95.659s][info][gc,phases      ] GC(218)   Post Evacuate Collection Set: 0.6ms
[95.659s][info][gc,phases      ] GC(218)   Other: 0.1ms
[95.659s][info][gc,heap        ] GC(218) Eden regions: 613->0(537)
[95.659s][info][gc,heap        ] GC(218) Survivor regions: 1->77(77)
[95.659s][info][gc,heap        ] GC(218) Old regions: 7->89
[95.659s][info][gc,heap        ] GC(218) Humongous regions: 3->3
[95.659s][info][gc,metaspace   ] GC(218) Metaspace: 16509K(16832K)->16509K(16832K) NonClass: 14183K(14336K)->14183K(14336K) Class: 2325K(2496K)->2325K(2496K)
[95.659s][info][gc             ] GC(218) Pause Young (Prepare Mixed) (G1 Evacuation Pause) 620M->166M(1024M) 73.259ms
[95.659s][info][gc,cpu         ] GC(218) User=0.38s Sys=0.00s Real=0.06s
[99.042s][info][gc,start       ] GC(219) Pause Young (Mixed) (G1 Evacuation Pause)
[99.042s][info][gc,task        ] GC(219) Using 6 workers of 6 for evacuation
[99.202s][info][gc,phases      ] GC(219)   Pre Evacuate Collection Set: 0.3ms
[99.202s][info][gc,phases      ] GC(219)   Merge Heap Roots: 0.7ms
[99.202s][info][gc,phases      ] GC(219)   Evacuate Collection Set: 150.1ms
[99.202s][info][gc,phases      ] GC(219)   Post Evacuate Collection Set: 8.3ms
[99.202s][info][gc,phases      ] GC(219)   Other: 0.1ms
[99.202s][info][gc,heap        ] GC(219) Eden regions: 537->0(288)
[99.202s][info][gc,heap        ] GC(219) Survivor regions: 77->77(77)
[99.202s][info][gc,heap        ] GC(219) Old regions: 89->411
[99.202s][info][gc,heap        ] GC(219) Humongous regions: 4->4
[99.202s][info][gc,metaspace   ] GC(219) Metaspace: 16509K(16832K)->16509K(16832K) NonClass: 14183K(14336K)->14183K(14336K) Class: 2325K(2496K)->2325K(2496K)
[99.202s][info][gc             ] GC(219) Pause Young (Mixed) (G1 Evacuation Pause) (Evacuation Failure) 704M->490M(1024M) 159.749ms
[99.202s][info][gc,cpu         ] GC(219) User=0.92s Sys=0.00s Real=0.16s
[99.363s][info][gc,start       ] GC(220) Pause Young (Concurrent Start) (G1 Evacuation Pause)
[99.363s][info][gc,task        ] GC(220) Using 6 workers of 6 for evacuation
[99.469s][info][gc,phases      ] GC(220)   Pre Evacuate Collection Set: 0.5ms
[99.469s][info][gc,phases      ] GC(220)   Merge Heap Roots: 1.5ms
[99.469s][info][gc,phases      ] GC(220)   Evacuate Collection Set: 103.1ms
[99.469s][info][gc,phases      ] GC(220)   Post Evacuate Collection Set: 0.9ms
[99.469s][info][gc,phases      ] GC(220)   Other: 0.2ms
[99.469s][info][gc,heap        ] GC(220) Eden regions: 288->0(212)
[99.469s][info][gc,heap        ] GC(220) Survivor regions: 77->46(46)
[99.469s][info][gc,heap        ] GC(220) Old regions: 411->565
[99.469s][info][gc,heap        ] GC(220) Humongous regions: 4->4
[99.469s][info][gc,metaspace   ] GC(220) Metaspace: 16509K(16832K)->16509K(16832K) NonClass: 14183K(14336K)->14183K(14336K) Class: 2325K(2496K)->2325K(2496K)
[99.469s][info][gc             ] GC(220) Pause Young (Concurrent Start) (G1 Evacuation Pause) 778M->613M(1024M) 106.379ms
[99.469s][info][gc             ] GC(221) Concurrent Mark Cycle
[99.469s][info][gc,cpu         ] GC(220) User=0.58s Sys=0.00s Real=0.11s
[99.469s][info][gc,marking     ] GC(221) Concurrent Scan Root Regions
[99.510s][info][gc,marking     ] GC(221) Concurrent Scan Root Regions 41.042ms
[99.510s][info][gc,marking     ] GC(221) Concurrent Mark
[99.510s][info][gc,marking     ] GC(221) Concurrent Mark From Roots
[99.510s][info][gc,task        ] GC(221) Using 2 workers of 2 for marking
[99.542s][info][gc,marking     ] GC(221) Concurrent Mark From Roots 31.019ms
[99.542s][info][gc,marking     ] GC(221) Concurrent Preclean
[99.542s][info][gc,marking     ] GC(221) Concurrent Preclean 0.055ms
[99.542s][info][gc,start       ] GC(221) Pause Remark
[99.543s][info][gc             ] GC(221) Pause Remark 724M->533M(1024M) 1.280ms
[99.543s][info][gc,cpu         ] GC(221) User=0.00s Sys=0.00s Real=0.00s
[99.543s][info][gc,marking     ] GC(221) Concurrent Mark 32.651ms
[99.543s][info][gc,marking     ] GC(221) Concurrent Rebuild Remembered Sets and Scrub Regions
[99.607s][info][gc,start       ] GC(222) Pause Young (Normal) (G1 Evacuation Pause)
[99.607s][info][gc,task        ] GC(222) Using 6 workers of 6 for evacuation
[99.679s][info][gc,phases      ] GC(222)   Pre Evacuate Collection Set: 0.2ms
[99.679s][info][gc,phases      ] GC(222)   Merge Heap Roots: 0.8ms
[99.679s][info][gc,phases      ] GC(222)   Evacuate Collection Set: 69.5ms
[99.679s][info][gc,phases      ] GC(222)   Post Evacuate Collection Set: 0.7ms
[99.679s][info][gc,phases      ] GC(222)   Other: 0.1ms
[99.679s][info][gc,heap        ] GC(222) Eden regions: 212->0(256)
[99.679s][info][gc,heap        ] GC(222) Survivor regions: 46->33(33)
[99.679s][info][gc,heap        ] GC(222) Old regions: 375->479
[99.679s][info][gc,heap        ] GC(222) Humongous regions: 3->3
[99.679s][info][gc,metaspace   ] GC(222) Metaspace: 16509K(16832K)->16509K(16832K) NonClass: 14183K(14336K)->14183K(14336K) Class: 2325K(2496K)->2325K(2496K)
[99.679s][info][gc             ] GC(222) Pause Young (Normal) (G1 Evacuation Pause) 634M->513M(1024M) 71.506ms
[99.679s][info][gc,cpu         ] GC(222) User=0.42s Sys=0.00s Real=0.08s
[99.686s][info][gc,marking     ] GC(221) Concurrent Rebuild Remembered Sets and Scrub Regions 142.808ms
[99.686s][info][gc,start       ] GC(221) Pause Cleanup
[99.686s][info][gc             ] GC(221) Pause Cleanup 525M->525M(1024M) 0.301ms
[99.686s][info][gc,cpu         ] GC(221) User=0.00s Sys=0.00s Real=0.00s
[99.686s][info][gc,marking     ] GC(221) Concurrent Clear Claimed Marks
[99.686s][info][gc,marking     ] GC(221) Concurrent Clear Claimed Marks 0.019ms
[99.686s][info][gc,marking     ] GC(221) Concurrent Cleanup for Next Mark
[99.688s][info][gc,marking     ] GC(221) Concurrent Cleanup for Next Mark 1.500ms
[99.688s][info][gc             ] GC(221) Concurrent Mark Cycle 218.655ms
[99.837s][info][gc,start       ] GC(223) Pause Young (Prepare Mixed) (G1 Evacuation Pause)
[99.837s][info][gc,task        ] GC(223) Using 6 workers of 6 for evacuation
[99.919s][info][gc,phases      ] GC(223)   Pre Evacuate Collection Set: 0.3ms
[99.919s][info][gc,phases      ] GC(223)   Merge Heap Roots: 1.0ms
[99.919s][info][gc,phases      ] GC(223)   Evacuate Collection Set: 80.6ms
[99.919s][info][gc,phases      ] GC(223)   Post Evacuate Collection Set: 0.4ms
[99.919s][info][gc,phases      ] GC(223)   Other: 0.1ms
[99.919s][info][gc,heap        ] GC(223) Eden regions: 256->0(199)
[99.919s][info][gc,heap        ] GC(223) Survivor regions: 33->37(37)
[99.919s][info][gc,heap        ] GC(223) Old regions: 479->584
[99.919s][info][gc,heap        ] GC(223) Humongous regions: 3->3
[99.919s][info][gc,metaspace   ] GC(223) Metaspace: 16509K(16832K)->16509K(16832K) NonClass: 14183K(14336K)->14183K(14336K) Class: 2325K(2496K)->2325K(2496K)
[99.919s][info][gc             ] GC(223) Pause Young (Prepare Mixed) (G1 Evacuation Pause) 769M->622M(1024M) 82.584ms
[99.919s][info][gc,cpu         ] GC(223) User=0.47s Sys=0.00s Real=0.08s
[100.081s][info][gc,start       ] GC(224) Pause Young (Mixed) (G1 Evacuation Pause)
[100.081s][info][gc,task        ] GC(224) Using 6 workers of 6 for evacuation
[100.164s][info][gc,phases      ] GC(224)   Pre Evacuate Collection Set: 0.4ms
[100.167s][info][gc,phases      ] GC(224)   Merge Heap Roots: 2.1ms
[100.167s][info][gc,phases      ] GC(224)   Evacuate Collection Set: 78.9ms
[100.167s][info][gc,phases      ] GC(224)   Post Evacuate Collection Set: 0.8ms
[100.168s][info][gc,phases      ] GC(224)   Other: 0.1ms
[100.168s][info][gc,heap        ] GC(224) Eden regions: 199->0(198)
[100.168s][info][gc,heap        ] GC(224) Survivor regions: 37->30(30)
[100.168s][info][gc,heap        ] GC(224) Old regions: 584->581
[100.168s][info][gc,heap        ] GC(224) Humongous regions: 6->6
[100.168s][info][gc,metaspace   ] GC(224) Metaspace: 16509K(16832K)->16509K(16832K) NonClass: 14183K(14336K)->14183K(14336K) Class: 2325K(2496K)->2325K(2496K)
[100.168s][info][gc             ] GC(224) Pause Young (Mixed) (G1 Evacuation Pause) 824M->615M(1024M) 86.460ms
[100.168s][info][gc,cpu         ] GC(224) User=0.47s Sys=0.00s Real=0.09s
[100.704s][info][gc,start       ] GC(225) Pause Young (Mixed) (G1 Evacuation Pause)
[100.704s][info][gc,task        ] GC(225) Using 6 workers of 6 for evacuation
[100.759s][info][gc,phases      ] GC(225)   Pre Evacuate Collection Set: 0.4ms
[100.759s][info][gc,phases      ] GC(225)   Merge Heap Roots: 2.5ms
[100.759s][info][gc,phases      ] GC(225)   Evacuate Collection Set: 51.2ms
[100.759s][info][gc,phases      ] GC(225)   Post Evacuate Collection Set: 1.0ms
[100.759s][info][gc,phases      ] GC(225)   Other: 0.1ms
[100.759s][info][gc,heap        ] GC(225) Eden regions: 198->0(212)
[100.759s][info][gc,heap        ] GC(225) Survivor regions: 30->29(29)
[100.759s][info][gc,heap        ] GC(225) Old regions: 581->574
[100.759s][info][gc,heap        ] GC(225) Humongous regions: 9->9
[100.759s][info][gc,metaspace   ] GC(225) Metaspace: 16509K(16832K)->16509K(16832K) NonClass: 14183K(14336K)->14183K(14336K) Class: 2325K(2496K)->2325K(2496K)
[100.759s][info][gc             ] GC(225) Pause Young (Mixed) (G1 Evacuation Pause) 816M->610M(1024M) 55.354ms
[100.759s][info][gc,cpu         ] GC(225) User=0.30s Sys=0.00s Real=0.06s
[101.144s][info][gc,start       ] GC(226) Pause Young (Concurrent Start) (G1 Evacuation Pause)
[101.144s][info][gc,task        ] GC(226) Using 6 workers of 6 for evacuation
[101.171s][info][gc,phases      ] GC(226)   Pre Evacuate Collection Set: 0.4ms
[101.171s][info][gc,phases      ] GC(226)   Merge Heap Roots: 1.3ms
[101.171s][info][gc,phases      ] GC(226)   Evacuate Collection Set: 24.4ms
[101.171s][info][gc,phases      ] GC(226)   Post Evacuate Collection Set: 0.5ms
[101.171s][info][gc,phases      ] GC(226)   Other: 0.2ms
[101.171s][info][gc,heap        ] GC(226) Eden regions: 212->0(238)
[101.171s][info][gc,heap        ] GC(226) Survivor regions: 29->3(31)
[101.171s][info][gc,heap        ] GC(226) Old regions: 574->590
[101.171s][info][gc,heap        ] GC(226) Humongous regions: 9->9
[101.171s][info][gc,metaspace   ] GC(226) Metaspace: 16509K(16832K)->16509K(16832K) NonClass: 14183K(14336K)->14183K(14336K) Class: 2325K(2496K)->2325K(2496K)
[101.171s][info][gc             ] GC(226) Pause Young (Concurrent Start) (G1 Evacuation Pause) 822M->600M(1024M) 27.079ms
[101.171s][info][gc             ] GC(227) Concurrent Mark Cycle
[101.171s][info][gc,cpu         ] GC(226) User=0.02s Sys=0.00s Real=0.02s
[101.171s][info][gc,marking     ] GC(227) Concurrent Scan Root Regions
[101.182s][info][gc,marking     ] GC(227) Concurrent Scan Root Regions 10.910ms
[101.182s][info][gc,marking     ] GC(227) Concurrent Mark
[101.182s][info][gc,marking     ] GC(227) Concurrent Mark From Roots
[101.182s][info][gc,task        ] GC(227) Using 2 workers of 2 for marking
[101.432s][info][gc,marking     ] GC(227) Concurrent Mark From Roots 250.131ms
[101.432s][info][gc,marking     ] GC(227) Concurrent Preclean
[101.432s][info][gc,marking     ] GC(227) Concurrent Preclean 0.057ms
[101.432s][info][gc,start       ] GC(227) Pause Remark
[101.434s][info][gc             ] GC(227) Pause Remark 737M->642M(1024M) 1.122ms
[101.434s][info][gc,cpu         ] GC(227) User=0.00s Sys=0.00s Real=0.00s
[101.434s][info][gc,marking     ] GC(227) Concurrent Mark 251.572ms
[101.434s][info][gc,marking     ] GC(227) Concurrent Rebuild Remembered Sets and Scrub Regions
[101.705s][info][gc,marking     ] GC(227) Concurrent Rebuild Remembered Sets and Scrub Regions 271.453ms
[101.705s][info][gc,start       ] GC(227) Pause Cleanup
[101.706s][info][gc             ] GC(227) Pause Cleanup 673M->673M(1024M) 0.357ms
[101.706s][info][gc,cpu         ] GC(227) User=0.00s Sys=0.00s Real=0.00s
[101.706s][info][gc,marking     ] GC(227) Concurrent Clear Claimed Marks
[101.706s][info][gc,marking     ] GC(227) Concurrent Clear Claimed Marks 0.033ms
[101.706s][info][gc,marking     ] GC(227) Concurrent Cleanup for Next Mark
[101.707s][info][gc,marking     ] GC(227) Concurrent Cleanup for Next Mark 1.522ms
[101.707s][info][gc             ] GC(227) Concurrent Mark Cycle 536.302ms
[102.130s][info][gc,start       ] GC(228) Pause Full (System.gc())
[102.130s][info][gc,task        ] GC(228) Using 6 workers of 6 for full compaction
[102.131s][info][gc,phases,start] GC(228) Phase 1: Mark live objects
[102.133s][info][gc,phases      ] GC(228) Phase 1: Mark live objects 2.272ms
[102.133s][info][gc,phases,start] GC(228) Phase 2: Prepare compaction
[102.134s][info][gc,phases      ] GC(228) Phase 2: Prepare compaction 0.766ms
[102.134s][info][gc,phases,start] GC(228) Phase 3: Adjust pointers
[102.136s][info][gc,phases      ] GC(228) Phase 3: Adjust pointers 2.220ms
[102.136s][info][gc,phases,start] GC(228) Phase 4: Compact heap
[102.137s][info][gc,phases      ] GC(228) Phase 4: Compact heap 0.793ms
[102.137s][info][gc,phases,start] GC(228) Phase 5: Reset Metadata
[102.137s][info][gc,phases      ] GC(228) Phase 5: Reset Metadata 0.450ms
[102.141s][info][gc,heap        ] GC(228) Eden regions: 227->0(582)
[102.141s][info][gc,heap        ] GC(228) Survivor regions: 3->0(31)
[102.141s][info][gc,heap        ] GC(228) Old regions: 499->7
[102.141s][info][gc,heap        ] GC(228) Humongous regions: 5->2
[102.141s][info][gc,metaspace   ] GC(228) Metaspace: 16509K(16832K)->16509K(16832K) NonClass: 14183K(14336K)->14183K(14336K) Class: 2325K(2496K)->2325K(2496K)
[102.141s][info][gc             ] GC(228) Pause Full (System.gc()) 731M->5M(1024M) 10.572ms
[102.141s][info][gc,cpu         ] GC(228) User=0.00s Sys=0.00s Real=0.02s
[103.288s][info][gc,start       ] GC(229) Pause Young (Concurrent Start) (G1 Evacuation Pause)
[103.288s][info][gc,task        ] GC(229) Using 6 workers of 6 for evacuation
[103.289s][info][gc,phases      ] GC(229)   Pre Evacuate Collection Set: 0.2ms
[103.289s][info][gc,phases      ] GC(229)   Merge Heap Roots: 0.1ms
[103.289s][info][gc,phases      ] GC(229)   Evacuate Collection Set: 0.4ms
[103.289s][info][gc,phases      ] GC(229)   Post Evacuate Collection Set: 0.4ms
[103.289s][info][gc,phases      ] GC(229)   Other: 0.1ms
[103.289s][info][gc,heap        ] GC(229) Eden regions: 582->0(612)
[103.289s][info][gc,heap        ] GC(229) Survivor regions: 0->2(73)
[103.289s][info][gc,heap        ] GC(229) Old regions: 7->7
[103.289s][info][gc,heap        ] GC(229) Humongous regions: 2->2
[103.289s][info][gc,metaspace   ] GC(229) Metaspace: 16510K(16832K)->16510K(16832K) NonClass: 14184K(14336K)->14184K(14336K) Class: 2325K(2496K)->2325K(2496K)
[103.289s][info][gc             ] GC(229) Pause Young (Concurrent Start) (G1 Evacuation Pause) 587M->7M(1024M) 1.419ms
[103.289s][info][gc,cpu         ] GC(229) User=0.00s Sys=0.00s Real=0.00s
[103.289s][info][gc             ] GC(230) Concurrent Mark Cycle
[103.289s][info][gc,marking     ] GC(230) Concurrent Scan Root Regions
[103.289s][info][gc,marking     ] GC(230) Concurrent Scan Root Regions 0.147ms
[103.289s][info][gc,marking     ] GC(230) Concurrent Mark
[103.289s][info][gc,marking     ] GC(230) Concurrent Mark From Roots
[103.289s][info][gc,task        ] GC(230) Using 2 workers of 2 for marking
[103.292s][info][gc,marking     ] GC(230) Concurrent Mark From Roots 2.961ms
[103.292s][info][gc,marking     ] GC(230) Concurrent Preclean
[103.292s][info][gc,marking     ] GC(230) Concurrent Preclean 0.014ms
[103.293s][info][gc,start       ] GC(230) Pause Remark
[103.294s][info][gc             ] GC(230) Pause Remark 24M->24M(1024M) 1.060ms
[103.294s][info][gc,cpu         ] GC(230) User=0.00s Sys=0.00s Real=0.00s
[103.294s][info][gc,marking     ] GC(230) Concurrent Mark 4.298ms
[103.294s][info][gc,marking     ] GC(230) Concurrent Rebuild Remembered Sets and Scrub Regions
[103.295s][info][gc,marking     ] GC(230) Concurrent Rebuild Remembered Sets and Scrub Regions 1.256ms
[103.295s][info][gc,start       ] GC(230) Pause Cleanup
[103.295s][info][gc             ] GC(230) Pause Cleanup 30M->30M(1024M) 0.119ms
[103.295s][info][gc,cpu         ] GC(230) User=0.00s Sys=0.00s Real=0.00s
[103.295s][info][gc,marking     ] GC(230) Concurrent Clear Claimed Marks
[103.295s][info][gc,marking     ] GC(230) Concurrent Clear Claimed Marks 0.021ms
[103.295s][info][gc,marking     ] GC(230) Concurrent Cleanup for Next Mark
[103.298s][info][gc,marking     ] GC(230) Concurrent Cleanup for Next Mark 2.339ms
[103.298s][info][gc             ] GC(230) Concurrent Mark Cycle 8.570ms
[103.388s][info][gc,start       ] GC(231) Pause Young (Prepare Mixed) (G1 Evacuation Pause)
[103.388s][info][gc,task        ] GC(231) Using 6 workers of 6 for evacuation
[103.389s][info][gc,phases      ] GC(231)   Pre Evacuate Collection Set: 0.2ms
[103.389s][info][gc,phases      ] GC(231)   Merge Heap Roots: 0.1ms
[103.389s][info][gc,phases      ] GC(231)   Evacuate Collection Set: 0.3ms
[103.389s][info][gc,phases      ] GC(231)   Post Evacuate Collection Set: 0.4ms
[103.389s][info][gc,phases      ] GC(231)   Other: 0.1ms
[103.389s][info][gc,heap        ] GC(231) Eden regions: 612->0(613)
[103.389s][info][gc,heap        ] GC(231) Survivor regions: 2->1(77)
[103.389s][info][gc,heap        ] GC(231) Old regions: 6->6
[103.389s][info][gc,heap        ] GC(231) Humongous regions: 2->2
[103.389s][info][gc,metaspace   ] GC(231) Metaspace: 16510K(16832K)->16510K(16832K) NonClass: 14184K(14336K)->14184K(14336K) Class: 2325K(2496K)->2325K(2496K)
[103.389s][info][gc             ] GC(231) Pause Young (Prepare Mixed) (G1 Evacuation Pause) 619M->6M(1024M) 1.265ms
[103.389s][info][gc,cpu         ] GC(231) User=0.00s Sys=0.00s Real=0.00s
[103.486s][info][gc,start       ] GC(232) Pause Young (Mixed) (G1 Evacuation Pause)
[103.486s][info][gc,task        ] GC(232) Using 6 workers of 6 for evacuation
[103.487s][info][gc,phases      ] GC(232)   Pre Evacuate Collection Set: 0.2ms
[103.487s][info][gc,phases      ] GC(232)   Merge Heap Roots: 0.1ms
[103.487s][info][gc,phases      ] GC(232)   Evacuate Collection Set: 0.3ms
[103.487s][info][gc,phases      ] GC(232)   Post Evacuate Collection Set: 0.4ms
[103.487s][info][gc,phases      ] GC(232)   Other: 0.1ms
[103.487s][info][gc,heap        ] GC(232) Eden regions: 613->0(613)
[103.487s][info][gc,heap        ] GC(232) Survivor regions: 1->1(77)
[103.487s][info][gc,heap        ] GC(232) Old regions: 6->5
[103.487s][info][gc,heap        ] GC(232) Humongous regions: 2->2
[103.487s][info][gc,metaspace   ] GC(232) Metaspace: 16510K(16832K)->16510K(16832K) NonClass: 14184K(14336K)->14184K(14336K) Class: 2325K(2496K)->2325K(2496K)
[103.487s][info][gc             ] GC(232) Pause Young (Mixed) (G1 Evacuation Pause) 619M->6M(1024M) 1.193ms
[103.487s][info][gc,cpu         ] GC(232) User=0.00s Sys=0.00s Real=0.00s
[103.586s][info][gc,start       ] GC(233) Pause Young (Concurrent Start) (G1 Evacuation Pause)
[103.586s][info][gc,task        ] GC(233) Using 6 workers of 6 for evacuation
[103.588s][info][gc,phases      ] GC(233)   Pre Evacuate Collection Set: 0.2ms
[103.588s][info][gc,phases      ] GC(233)   Merge Heap Roots: 0.1ms
[103.588s][info][gc,phases      ] GC(233)   Evacuate Collection Set: 0.4ms
[103.588s][info][gc,phases      ] GC(233)   Post Evacuate Collection Set: 0.4ms
[103.588s][info][gc,phases      ] GC(233)   Other: 0.1ms
[103.588s][info][gc,heap        ] GC(233) Eden regions: 613->0(613)
[103.588s][info][gc,heap        ] GC(233) Survivor regions: 1->1(77)
[103.588s][info][gc,heap        ] GC(233) Old regions: 5->5
[103.588s][info][gc,heap        ] GC(233) Humongous regions: 2->2
[103.588s][info][gc,metaspace   ] GC(233) Metaspace: 16510K(16832K)->16510K(16832K) NonClass: 14184K(14336K)->14184K(14336K) Class: 2325K(2496K)->2325K(2496K)
[103.588s][info][gc             ] GC(233) Pause Young (Concurrent Start) (G1 Evacuation Pause) 619M->6M(1024M) 1.376ms
[103.588s][info][gc,cpu         ] GC(233) User=0.00s Sys=0.00s Real=0.00s
[103.588s][info][gc             ] GC(234) Concurrent Mark Cycle
[103.588s][info][gc,marking     ] GC(234) Concurrent Scan Root Regions
[103.588s][info][gc,marking     ] GC(234) Concurrent Scan Root Regions 0.280ms
[103.588s][info][gc,marking     ] GC(234) Concurrent Mark
[103.588s][info][gc,marking     ] GC(234) Concurrent Mark From Roots
[103.588s][info][gc,task        ] GC(234) Using 2 workers of 2 for marking
[103.591s][info][gc,marking     ] GC(234) Concurrent Mark From Roots 3.016ms
[103.591s][info][gc,marking     ] GC(234) Concurrent Preclean
[103.591s][info][gc,marking     ] GC(234) Concurrent Preclean 0.015ms
[103.591s][info][gc,start       ] GC(234) Pause Remark
[103.592s][info][gc             ] GC(234) Pause Remark 22M->22M(1024M) 1.000ms
[103.592s][info][gc,cpu         ] GC(234) User=0.00s Sys=0.00s Real=0.00s
[103.592s][info][gc,marking     ] GC(234) Concurrent Mark 4.290ms
[103.592s][info][gc,marking     ] GC(234) Concurrent Rebuild Remembered Sets and Scrub Regions
[103.594s][info][gc,marking     ] GC(234) Concurrent Rebuild Remembered Sets and Scrub Regions 1.261ms
[103.594s][info][gc,start       ] GC(234) Pause Cleanup
[103.594s][info][gc             ] GC(234) Pause Cleanup 28M->28M(1024M) 0.114ms
[103.594s][info][gc,cpu         ] GC(234) User=0.00s Sys=0.00s Real=0.00s
[103.594s][info][gc,marking     ] GC(234) Concurrent Clear Claimed Marks
[103.594s][info][gc,marking     ] GC(234) Concurrent Clear Claimed Marks 0.022ms
[103.594s][info][gc,marking     ] GC(234) Concurrent Cleanup for Next Mark
[103.596s][info][gc,marking     ] GC(234) Concurrent Cleanup for Next Mark 2.341ms
[103.596s][info][gc             ] GC(234) Concurrent Mark Cycle 8.673ms
[103.797s][info][gc,start       ] GC(235) Pause Young (Prepare Mixed) (G1 Evacuation Pause)
[103.797s][info][gc,task        ] GC(235) Using 6 workers of 6 for evacuation
[103.862s][info][gc,phases      ] GC(235)   Pre Evacuate Collection Set: 0.1ms
[103.862s][info][gc,phases      ] GC(235)   Merge Heap Roots: 0.1ms
[103.862s][info][gc,phases      ] GC(235)   Evacuate Collection Set: 64.4ms
[103.862s][info][gc,phases      ] GC(235)   Post Evacuate Collection Set: 0.8ms
[103.862s][info][gc,phases      ] GC(235)   Other: 0.1ms
[103.862s][info][gc,heap        ] GC(235) Eden regions: 613->0(537)
[103.862s][info][gc,heap        ] GC(235) Survivor regions: 1->77(77)
[103.862s][info][gc,heap        ] GC(235) Old regions: 5->73
[103.862s][info][gc,heap        ] GC(235) Humongous regions: 3->3
[103.862s][info][gc,metaspace   ] GC(235) Metaspace: 16510K(16832K)->16510K(16832K) NonClass: 14184K(14336K)->14184K(14336K) Class: 2325K(2496K)->2325K(2496K)
[103.862s][info][gc             ] GC(235) Pause Young (Prepare Mixed) (G1 Evacuation Pause) 620M->151M(1024M) 65.656ms
[103.862s][info][gc,cpu         ] GC(235) User=0.33s Sys=0.00s Real=0.06s
[106.848s][info][gc,start       ] GC(236) Pause Young (Mixed) (G1 Evacuation Pause)
[106.848s][info][gc,task        ] GC(236) Using 6 workers of 6 for evacuation
[107.010s][info][gc,phases      ] GC(236)   Pre Evacuate Collection Set: 0.2ms
[107.010s][info][gc,phases      ] GC(236)   Merge Heap Roots: 0.6ms
[107.010s][info][gc,phases      ] GC(236)   Evacuate Collection Set: 154.3ms
[107.010s][info][gc,phases      ] GC(236)   Post Evacuate Collection Set: 6.0ms
[107.010s][info][gc,phases      ] GC(236)   Other: 0.1ms
[107.010s][info][gc,heap        ] GC(236) Eden regions: 537->0(169)
[107.010s][info][gc,heap        ] GC(236) Survivor regions: 77->77(77)
[107.010s][info][gc,heap        ] GC(236) Old regions: 73->635
[107.010s][info][gc,heap        ] GC(236) Humongous regions: 4->4
[107.010s][info][gc,metaspace   ] GC(236) Metaspace: 16510K(16832K)->16510K(16832K) NonClass: 14184K(14336K)->14184K(14336K) Class: 2325K(2496K)->2325K(2496K)
[107.010s][info][gc             ] GC(236) Pause Young (Mixed) (G1 Evacuation Pause) (Evacuation Failure) 689M->715M(1024M) 161.489ms
[107.010s][info][gc,cpu         ] GC(236) User=0.89s Sys=0.00s Real=0.16s
[107.103s][info][gc,start       ] GC(237) Pause Young (Concurrent Start) (G1 Evacuation Pause)
[107.103s][info][gc,task        ] GC(237) Using 6 workers of 6 for evacuation
[107.194s][info][gc,phases      ] GC(237)   Pre Evacuate Collection Set: 0.3ms
[107.194s][info][gc,phases      ] GC(237)   Merge Heap Roots: 0.9ms
[107.194s][info][gc,phases      ] GC(237)   Evacuate Collection Set: 83.6ms
[107.194s][info][gc,phases      ] GC(237)   Post Evacuate Collection Set: 5.6ms
[107.194s][info][gc,phases      ] GC(237)   Other: 0.1ms
[107.194s][info][gc,heap        ] GC(237) Eden regions: 169->0(20)
[107.194s][info][gc,heap        ] GC(237) Survivor regions: 77->31(31)
[107.194s][info][gc,heap        ] GC(237) Old regions: 635->912
[107.194s][info][gc,heap        ] GC(237) Humongous regions: 4->4
[107.194s][info][gc,metaspace   ] GC(237) Metaspace: 16510K(16832K)->16510K(16832K) NonClass: 14184K(14336K)->14184K(14336K) Class: 2325K(2496K)->2325K(2496K)
[107.194s][info][gc             ] GC(237) Pause Young (Concurrent Start) (G1 Evacuation Pause) (Evacuation Failure) 884M->946M(1024M) 90.882ms
[107.194s][info][gc             ] GC(238) Concurrent Mark Cycle
[107.194s][info][gc,cpu         ] GC(237) User=0.48s Sys=0.00s Real=0.10s
[107.194s][info][gc,marking     ] GC(238) Concurrent Scan Root Regions
[107.209s][info][gc,start       ] GC(239) Pause Young (Normal) (G1 Evacuation Pause)
[107.209s][info][gc,task        ] GC(239) Using 6 workers of 6 for evacuation
[107.221s][info][gc,marking     ] GC(238) Concurrent Scan Root Regions 27.136ms
[107.221s][info][gc,marking     ] GC(238) Concurrent Mark
[107.221s][info][gc,marking     ] GC(238) Concurrent Mark From Roots
[107.221s][info][gc,task        ] GC(238) Using 2 workers of 2 for marking
[107.259s][info][gc,phases      ] GC(239)   Pre Evacuate Collection Set: 0.1ms
[107.259s][info][gc,phases      ] GC(239)   Merge Heap Roots: 1.0ms
[107.259s][info][gc,phases      ] GC(239)   Evacuate Collection Set: 35.7ms
[107.259s][info][gc,phases      ] GC(239)   Post Evacuate Collection Set: 0.7ms
[107.259s][info][gc,phases      ] GC(239)   Other: 0.1ms
[107.259s][info][gc,heap        ] GC(239) Eden regions: 20->0(44)
[107.259s][info][gc,heap        ] GC(239) Survivor regions: 31->7(7)
[107.259s][info][gc,heap        ] GC(239) Old regions: 912->947
[107.259s][info][gc,heap        ] GC(239) Humongous regions: 4->4
[107.259s][info][gc,metaspace   ] GC(239) Metaspace: 16510K(16832K)->16510K(16832K) NonClass: 14184K(14336K)->14184K(14336K) Class: 2325K(2496K)->2325K(2496K)
[107.259s][info][gc             ] GC(239) Pause Young (Normal) (G1 Evacuation Pause) 966M->957M(1024M) 50.047ms
[107.259s][info][gc,cpu         ] GC(239) User=0.05s Sys=0.00s Real=0.05s
[107.287s][info][gc,start       ] GC(240) Pause Young (Normal) (G1 Evacuation Pause)
[107.287s][info][gc,task        ] GC(240) Using 6 workers of 6 for evacuation
[107.322s][info][gc,phases      ] GC(240)   Pre Evacuate Collection Set: 0.1ms
[107.322s][info][gc,phases      ] GC(240)   Merge Heap Roots: 0.6ms
[107.322s][info][gc,phases      ] GC(240)   Evacuate Collection Set: 31.5ms
[107.322s][info][gc,phases      ] GC(240)   Post Evacuate Collection Set: 2.0ms
[107.322s][info][gc,phases      ] GC(240)   Other: 0.1ms
[107.322s][info][gc,heap        ] GC(240) Eden regions: 44->0(0)
[107.322s][info][gc,heap        ] GC(240) Survivor regions: 7->7(7)
[107.322s][info][gc,heap        ] GC(240) Old regions: 947->1013
[107.322s][info][gc,heap        ] GC(240) Humongous regions: 4->4
[107.322s][info][gc,metaspace   ] GC(240) Metaspace: 16510K(16832K)->16510K(16832K) NonClass: 14184K(14336K)->14184K(14336K) Class: 2325K(2496K)->2325K(2496K)
[107.322s][info][gc             ] GC(240) Pause Young (Normal) (G1 Evacuation Pause) (Evacuation Failure) 1001M->1023M(1024M) 34.549ms
[107.322s][info][gc,cpu         ] GC(240) User=0.05s Sys=0.00s Real=0.05s
[107.322s][info][gc,ergo        ] Attempting full compaction
[107.322s][info][gc,start       ] GC(241) Pause Full (G1 Compaction Pause)
[107.322s][info][gc,task        ] GC(241) Using 6 workers of 6 for full compaction
[107.323s][info][gc,phases,start] GC(241) Phase 1: Mark live objects
[107.352s][info][gc,phases      ] GC(241) Phase 1: Mark live objects 28.687ms
[107.352s][info][gc,phases,start] GC(241) Phase 2: Prepare compaction
[107.364s][info][gc,phases      ] GC(241) Phase 2: Prepare compaction 12.084ms
[107.364s][info][gc,phases,start] GC(241) Phase 3: Adjust pointers
[107.380s][info][gc,phases      ] GC(241) Phase 3: Adjust pointers 16.238ms
[107.381s][info][gc,phases,start] GC(241) Phase 4: Compact heap
[107.390s][info][gc,phases      ] GC(241) Phase 4: Compact heap 9.909ms
[107.390s][info][gc,phases,start] GC(241) Phase 5: Reset Metadata
[107.394s][info][gc,phases      ] GC(241) Phase 5: Reset Metadata 3.682ms
[107.397s][info][gc,heap        ] GC(241) Eden regions: 0->0(470)
[107.397s][info][gc,heap        ] GC(241) Survivor regions: 7->0(7)
[107.397s][info][gc,heap        ] GC(241) Old regions: 1013->123
[107.397s][info][gc,heap        ] GC(241) Humongous regions: 4->2
[107.397s][info][gc,metaspace   ] GC(241) Metaspace: 16510K(16832K)->16510K(16832K) NonClass: 14184K(14336K)->14184K(14336K) Class: 2325K(2496K)->2325K(2496K)
[107.397s][info][gc             ] GC(241) Pause Full (G1 Compaction Pause) 1023M->122M(1024M) 75.597ms
[107.397s][info][gc,cpu         ] GC(241) User=0.06s Sys=0.00s Real=0.06s
[107.398s][info][gc,marking     ] GC(238) Concurrent Mark From Roots 176.644ms
[107.398s][info][gc,marking     ] GC(238) Concurrent Mark Abort
[107.398s][info][gc             ] GC(238) Concurrent Mark Cycle 203.919ms
[107.673s][info][gc,start       ] GC(242) Pause Young (Normal) (G1 Evacuation Pause)
[107.674s][info][gc,task        ] GC(242) Using 6 workers of 6 for evacuation
[107.772s][info][gc,phases      ] GC(242)   Pre Evacuate Collection Set: 0.3ms
[107.772s][info][gc,phases      ] GC(242)   Merge Heap Roots: 0.2ms
[107.772s][info][gc,phases      ] GC(242)   Evacuate Collection Set: 97.3ms
[107.772s][info][gc,phases      ] GC(242)   Post Evacuate Collection Set: 0.5ms
[107.772s][info][gc,phases      ] GC(242)   Other: 0.1ms
[107.772s][info][gc,heap        ] GC(242) Eden regions: 470->0(357)
[107.772s][info][gc,heap        ] GC(242) Survivor regions: 0->59(59)
[107.772s][info][gc,heap        ] GC(242) Old regions: 123->260
[107.772s][info][gc,heap        ] GC(242) Humongous regions: 2->2
[107.772s][info][gc,metaspace   ] GC(242) Metaspace: 16510K(16832K)->16510K(16832K) NonClass: 14184K(14336K)->14184K(14336K) Class: 2325K(2496K)->2325K(2496K)
[107.772s][info][gc             ] GC(242) Pause Young (Normal) (G1 Evacuation Pause) 592M->318M(1024M) 98.605ms
[107.772s][info][gc,cpu         ] GC(242) User=0.56s Sys=0.00s Real=0.09s
[107.928s][info][gc,start       ] GC(243) Pause Young (Concurrent Start) (G1 Humongous Allocation)
[107.929s][info][gc,task        ] GC(243) Using 6 workers of 6 for evacuation
[108.007s][info][gc,phases      ] GC(243)   Pre Evacuate Collection Set: 0.4ms
[108.007s][info][gc,phases      ] GC(243)   Merge Heap Roots: 0.3ms
[108.007s][info][gc,phases      ] GC(243)   Evacuate Collection Set: 77.5ms
[108.007s][info][gc,phases      ] GC(243)   Post Evacuate Collection Set: 0.4ms
[108.007s][info][gc,phases      ] GC(243)   Other: 0.2ms
[108.007s][info][gc,heap        ] GC(243) Eden regions: 252->0(298)
[108.007s][info][gc,heap        ] GC(243) Survivor regions: 59->52(52)
[108.007s][info][gc,heap        ] GC(243) Old regions: 260->374
[108.007s][info][gc,heap        ] GC(243) Humongous regions: 2->2
[108.007s][info][gc,metaspace   ] GC(243) Metaspace: 16510K(16832K)->16510K(16832K) NonClass: 14184K(14336K)->14184K(14336K) Class: 2325K(2496K)->2325K(2496K)
[108.008s][info][gc             ] GC(243) Pause Young (Concurrent Start) (G1 Humongous Allocation) 569M->425M(1024M) 79.089ms
[108.008s][info][gc             ] GC(244) Concurrent Mark Cycle
[108.008s][info][gc,cpu         ] GC(243) User=0.39s Sys=0.00s Real=0.08s
[108.008s][info][gc,marking     ] GC(244) Concurrent Scan Root Regions
[108.050s][info][gc,marking     ] GC(244) Concurrent Scan Root Regions 42.905ms
[108.051s][info][gc,marking     ] GC(244) Concurrent Mark
[108.051s][info][gc,marking     ] GC(244) Concurrent Mark From Roots
[108.051s][info][gc,task        ] GC(244) Using 2 workers of 2 for marking
[108.236s][info][gc,marking     ] GC(244) Concurrent Mark From Roots 185.146ms
[108.236s][info][gc,marking     ] GC(244) Concurrent Preclean
[108.236s][info][gc,marking     ] GC(244) Concurrent Preclean 0.038ms
[108.236s][info][gc,start       ] GC(244) Pause Remark
[108.237s][info][gc             ] GC(244) Pause Remark 499M->499M(1024M) 1.312ms
[108.237s][info][gc,cpu         ] GC(244) User=0.00s Sys=0.00s Real=0.00s
[108.237s][info][gc,marking     ] GC(244) Concurrent Mark 186.756ms
[108.237s][info][gc,marking     ] GC(244) Concurrent Rebuild Remembered Sets and Scrub Regions
[108.337s][info][gc,marking     ] GC(244) Concurrent Rebuild Remembered Sets and Scrub Regions 99.602ms
[108.337s][info][gc,start       ] GC(244) Pause Cleanup
[108.337s][info][gc             ] GC(244) Pause Cleanup 519M->519M(1024M) 0.185ms
[108.337s][info][gc,cpu         ] GC(244) User=0.00s Sys=0.00s Real=0.00s
[108.337s][info][gc,marking     ] GC(244) Concurrent Clear Claimed Marks
[108.337s][info][gc,marking     ] GC(244) Concurrent Clear Claimed Marks 0.048ms
[108.337s][info][gc,marking     ] GC(244) Concurrent Cleanup for Next Mark
[108.339s][info][gc,marking     ] GC(244) Concurrent Cleanup for Next Mark 1.274ms
[108.339s][info][gc             ] GC(244) Concurrent Mark Cycle 331.182ms
[108.711s][info][gc,start       ] GC(245) Pause Young (Prepare Mixed) (G1 Evacuation Pause)
[108.711s][info][gc,task        ] GC(245) Using 6 workers of 6 for evacuation
[108.776s][info][gc,phases      ] GC(245)   Pre Evacuate Collection Set: 0.3ms
[108.776s][info][gc,phases      ] GC(245)   Merge Heap Roots: 2.2ms
[108.776s][info][gc,phases      ] GC(245)   Evacuate Collection Set: 60.9ms
[108.776s][info][gc,phases      ] GC(245)   Post Evacuate Collection Set: 0.9ms
[108.776s][info][gc,phases      ] GC(245)   Other: 0.1ms
[108.776s][info][gc,heap        ] GC(245) Eden regions: 298->0(300)
[108.776s][info][gc,heap        ] GC(245) Survivor regions: 52->30(44)
[108.776s][info][gc,heap        ] GC(245) Old regions: 374->426
[108.776s][info][gc,heap        ] GC(245) Humongous regions: 8->8
[108.776s][info][gc,metaspace   ] GC(245) Metaspace: 16510K(16832K)->16510K(16832K) NonClass: 14184K(14336K)->14184K(14336K) Class: 2325K(2496K)->2325K(2496K)
[108.776s][info][gc             ] GC(245) Pause Young (Prepare Mixed) (G1 Evacuation Pause) 729M->461M(1024M) 64.713ms
[108.776s][info][gc,cpu         ] GC(245) User=0.30s Sys=0.00s Real=0.06s
[109.504s][info][gc,start       ] GC(246) Pause Young (Mixed) (G1 Evacuation Pause)
[109.504s][info][gc,task        ] GC(246) Using 6 workers of 6 for evacuation
[109.525s][info][gc,phases      ] GC(246)   Pre Evacuate Collection Set: 0.2ms
[109.525s][info][gc,phases      ] GC(246)   Merge Heap Roots: 1.1ms
[109.525s][info][gc,phases      ] GC(246)   Evacuate Collection Set: 19.1ms
[109.525s][info][gc,phases      ] GC(246)   Post Evacuate Collection Set: 0.5ms
[109.525s][info][gc,phases      ] GC(246)   Other: 0.1ms
[109.525s][info][gc,heap        ] GC(246) Eden regions: 300->0(344)
[109.525s][info][gc,heap        ] GC(246) Survivor regions: 30->3(42)
[109.525s][info][gc,heap        ] GC(246) Old regions: 426->429
[109.525s][info][gc,heap        ] GC(246) Humongous regions: 8->8
[109.525s][info][gc,metaspace   ] GC(246) Metaspace: 16528K(16832K)->16528K(16832K) NonClass: 14199K(14336K)->14199K(14336K) Class: 2329K(2496K)->2329K(2496K)
[109.525s][info][gc             ] GC(246) Pause Young (Mixed) (G1 Evacuation Pause) 761M->437M(1024M) 21.278ms
[109.525s][info][gc,cpu         ] GC(246) User=0.06s Sys=0.02s Real=0.03s
[109.972s][info][gc,start       ] GC(247) Pause Full (System.gc())
[109.972s][info][gc,task        ] GC(247) Using 6 workers of 6 for full compaction
[109.972s][info][gc,phases,start] GC(247) Phase 1: Mark live objects
[109.976s][info][gc,phases      ] GC(247) Phase 1: Mark live objects 3.227ms
[109.976s][info][gc,phases,start] GC(247) Phase 2: Prepare compaction
[109.976s][info][gc,phases      ] GC(247) Phase 2: Prepare compaction 0.605ms
[109.976s][info][gc,phases,start] GC(247) Phase 3: Adjust pointers
[109.979s][info][gc,phases      ] GC(247) Phase 3: Adjust pointers 2.329ms
[109.979s][info][gc,phases,start] GC(247) Phase 4: Compact heap
[109.979s][info][gc,phases      ] GC(247) Phase 4: Compact heap 0.616ms
[109.979s][info][gc,phases,start] GC(247) Phase 5: Reset Metadata
[109.980s][info][gc,phases      ] GC(247) Phase 5: Reset Metadata 0.585ms
[109.983s][info][gc,heap        ] GC(247) Eden regions: 64->0(589)
[109.983s][info][gc,heap        ] GC(247) Survivor regions: 3->0(42)
[109.983s][info][gc,heap        ] GC(247) Old regions: 429->9
[109.983s][info][gc,heap        ] GC(247) Humongous regions: 8->2
[109.983s][info][gc,metaspace   ] GC(247) Metaspace: 16528K(16832K)->16515K(16832K) NonClass: 14199K(14336K)->14189K(14336K) Class: 2329K(2496K)->2325K(2496K)
[109.983s][info][gc             ] GC(247) Pause Full (System.gc()) 501M->5M(1024M) 11.514ms
[109.984s][info][gc,cpu         ] GC(247) User=0.02s Sys=0.00s Real=0.02s
[111.393s][info][gc,start       ] GC(248) Pause Young (Concurrent Start) (G1 Evacuation Pause)
[111.393s][info][gc,task        ] GC(248) Using 6 workers of 6 for evacuation
[111.394s][info][gc,phases      ] GC(248)   Pre Evacuate Collection Set: 0.2ms
[111.394s][info][gc,phases      ] GC(248)   Merge Heap Roots: 0.1ms
[111.394s][info][gc,phases      ] GC(248)   Evacuate Collection Set: 0.4ms
[111.394s][info][gc,phases      ] GC(248)   Post Evacuate Collection Set: 0.4ms
[111.394s][info][gc,phases      ] GC(248)   Other: 0.1ms
[111.394s][info][gc,heap        ] GC(248) Eden regions: 589->0(612)
[111.394s][info][gc,heap        ] GC(248) Survivor regions: 0->2(74)
[111.394s][info][gc,heap        ] GC(248) Old regions: 9->9
[111.394s][info][gc,heap        ] GC(248) Humongous regions: 2->2
[111.394s][info][gc,metaspace   ] GC(248) Metaspace: 16526K(16896K)->16526K(16896K) NonClass: 14201K(14400K)->14201K(14400K) Class: 2325K(2496K)->2325K(2496K)
[111.394s][info][gc             ] GC(248) Pause Young (Concurrent Start) (G1 Evacuation Pause) 594M->7M(1024M) 1.398ms
[111.394s][info][gc,cpu         ] GC(248) User=0.00s Sys=0.00s Real=0.00s
[111.394s][info][gc             ] GC(249) Concurrent Mark Cycle
[111.394s][info][gc,marking     ] GC(249) Concurrent Scan Root Regions
[111.394s][info][gc,marking     ] GC(249) Concurrent Scan Root Regions 0.196ms
[111.394s][info][gc,marking     ] GC(249) Concurrent Mark
[111.394s][info][gc,marking     ] GC(249) Concurrent Mark From Roots
[111.394s][info][gc,task        ] GC(249) Using 2 workers of 2 for marking
[111.397s][info][gc,marking     ] GC(249) Concurrent Mark From Roots 3.079ms
[111.397s][info][gc,marking     ] GC(249) Concurrent Preclean
[111.397s][info][gc,marking     ] GC(249) Concurrent Preclean 0.020ms
[111.398s][info][gc,start       ] GC(249) Pause Remark
[111.399s][info][gc             ] GC(249) Pause Remark 24M->24M(1024M) 1.109ms
[111.399s][info][gc,cpu         ] GC(249) User=0.00s Sys=0.00s Real=0.00s
[111.399s][info][gc,marking     ] GC(249) Concurrent Mark 4.476ms
[111.399s][info][gc,marking     ] GC(249) Concurrent Rebuild Remembered Sets and Scrub Regions
[111.400s][info][gc,marking     ] GC(249) Concurrent Rebuild Remembered Sets and Scrub Regions 0.998ms
[111.400s][info][gc,start       ] GC(249) Pause Cleanup
[111.400s][info][gc             ] GC(249) Pause Cleanup 29M->29M(1024M) 0.147ms
[111.400s][info][gc,cpu         ] GC(249) User=0.00s Sys=0.00s Real=0.00s
[111.400s][info][gc,marking     ] GC(249) Concurrent Clear Claimed Marks
[111.400s][info][gc,marking     ] GC(249) Concurrent Clear Claimed Marks 0.022ms
[111.400s][info][gc,marking     ] GC(249) Concurrent Cleanup for Next Mark
[111.403s][info][gc,marking     ] GC(249) Concurrent Cleanup for Next Mark 2.521ms
[111.403s][info][gc             ] GC(249) Concurrent Mark Cycle 8.770ms
[111.493s][info][gc,start       ] GC(250) Pause Young (Prepare Mixed) (G1 Evacuation Pause)
[111.493s][info][gc,task        ] GC(250) Using 6 workers of 6 for evacuation
[111.494s][info][gc,phases      ] GC(250)   Pre Evacuate Collection Set: 0.2ms
[111.494s][info][gc,phases      ] GC(250)   Merge Heap Roots: 0.1ms
[111.494s][info][gc,phases      ] GC(250)   Evacuate Collection Set: 0.3ms
[111.494s][info][gc,phases      ] GC(250)   Post Evacuate Collection Set: 0.4ms
[111.494s][info][gc,phases      ] GC(250)   Other: 0.1ms
[111.494s][info][gc,heap        ] GC(250) Eden regions: 612->0(613)
[111.494s][info][gc,heap        ] GC(250) Survivor regions: 2->1(77)
[111.494s][info][gc,heap        ] GC(250) Old regions: 9->9
[111.494s][info][gc,heap        ] GC(250) Humongous regions: 2->2
[111.494s][info][gc,metaspace   ] GC(250) Metaspace: 16526K(16896K)->16526K(16896K) NonClass: 14201K(14400K)->14201K(14400K) Class: 2325K(2496K)->2325K(2496K)
[111.494s][info][gc             ] GC(250) Pause Young (Prepare Mixed) (G1 Evacuation Pause) 619M->6M(1024M) 1.282ms
[111.494s][info][gc,cpu         ] GC(250) User=0.00s Sys=0.00s Real=0.00s
[111.589s][info][gc,start       ] GC(251) Pause Young (Mixed) (G1 Evacuation Pause)
[111.589s][info][gc,task        ] GC(251) Using 6 workers of 6 for evacuation
[111.590s][info][gc,phases      ] GC(251)   Pre Evacuate Collection Set: 0.3ms
[111.590s][info][gc,phases      ] GC(251)   Merge Heap Roots: 0.1ms
[111.590s][info][gc,phases      ] GC(251)   Evacuate Collection Set: 0.3ms
[111.590s][info][gc,phases      ] GC(251)   Post Evacuate Collection Set: 0.4ms
[111.590s][info][gc,phases      ] GC(251)   Other: 0.1ms
[111.590s][info][gc,heap        ] GC(251) Eden regions: 613->0(613)
[111.590s][info][gc,heap        ] GC(251) Survivor regions: 1->1(77)
[111.590s][info][gc,heap        ] GC(251) Old regions: 9->9
[111.590s][info][gc,heap        ] GC(251) Humongous regions: 2->2
[111.590s][info][gc,metaspace   ] GC(251) Metaspace: 16526K(16896K)->16526K(16896K) NonClass: 14201K(14400K)->14201K(14400K) Class: 2325K(2496K)->2325K(2496K)
[111.590s][info][gc             ] GC(251) Pause Young (Mixed) (G1 Evacuation Pause) 619M->6M(1024M) 1.507ms
[111.590s][info][gc,cpu         ] GC(251) User=0.00s Sys=0.00s Real=0.00s
[111.687s][info][gc,start       ] GC(252) Pause Young (Concurrent Start) (G1 Evacuation Pause)
[111.687s][info][gc,task        ] GC(252) Using 6 workers of 6 for evacuation
[111.688s][info][gc,phases      ] GC(252)   Pre Evacuate Collection Set: 0.2ms
[111.688s][info][gc,phases      ] GC(252)   Merge Heap Roots: 0.1ms
[111.688s][info][gc,phases      ] GC(252)   Evacuate Collection Set: 0.4ms
[111.688s][info][gc,phases      ] GC(252)   Post Evacuate Collection Set: 0.4ms
[111.688s][info][gc,phases      ] GC(252)   Other: 0.1ms
[111.688s][info][gc,heap        ] GC(252) Eden regions: 613->0(613)
[111.688s][info][gc,heap        ] GC(252) Survivor regions: 1->1(77)
[111.688s][info][gc,heap        ] GC(252) Old regions: 9->9
[111.688s][info][gc,heap        ] GC(252) Humongous regions: 2->2
[111.688s][info][gc,metaspace   ] GC(252) Metaspace: 16526K(16896K)->16526K(16896K) NonClass: 14201K(14400K)->14201K(14400K) Class: 2325K(2496K)->2325K(2496K)
[111.688s][info][gc             ] GC(252) Pause Young (Concurrent Start) (G1 Evacuation Pause) 619M->6M(1024M) 1.341ms
[111.688s][info][gc,cpu         ] GC(252) User=0.00s Sys=0.00s Real=0.00s
[111.688s][info][gc             ] GC(253) Concurrent Mark Cycle
[111.688s][info][gc,marking     ] GC(253) Concurrent Scan Root Regions
[111.688s][info][gc,marking     ] GC(253) Concurrent Scan Root Regions 0.277ms
[111.688s][info][gc,marking     ] GC(253) Concurrent Mark
[111.688s][info][gc,marking     ] GC(253) Concurrent Mark From Roots
[111.688s][info][gc,task        ] GC(253) Using 2 workers of 2 for marking
[111.692s][info][gc,marking     ] GC(253) Concurrent Mark From Roots 3.062ms
[111.692s][info][gc,marking     ] GC(253) Concurrent Preclean
[111.692s][info][gc,marking     ] GC(253) Concurrent Preclean 0.021ms
[111.692s][info][gc,start       ] GC(253) Pause Remark
[111.693s][info][gc             ] GC(253) Pause Remark 22M->22M(1024M) 1.027ms
[111.693s][info][gc,cpu         ] GC(253) User=0.00s Sys=0.00s Real=0.00s
[111.693s][info][gc,marking     ] GC(253) Concurrent Mark 4.358ms
[111.693s][info][gc,marking     ] GC(253) Concurrent Rebuild Remembered Sets and Scrub Regions
[111.694s][info][gc,marking     ] GC(253) Concurrent Rebuild Remembered Sets and Scrub Regions 0.986ms
[111.694s][info][gc,start       ] GC(253) Pause Cleanup
[111.694s][info][gc             ] GC(253) Pause Cleanup 27M->27M(1024M) 0.146ms
[111.694s][info][gc,cpu         ] GC(253) User=0.00s Sys=0.00s Real=0.00s
[111.694s][info][gc,marking     ] GC(253) Concurrent Clear Claimed Marks
[111.694s][info][gc,marking     ] GC(253) Concurrent Clear Claimed Marks 0.022ms
[111.694s][info][gc,marking     ] GC(253) Concurrent Cleanup for Next Mark
[111.697s][info][gc,marking     ] GC(253) Concurrent Cleanup for Next Mark 2.393ms
[111.697s][info][gc             ] GC(253) Concurrent Mark Cycle 8.564ms
[111.865s][info][gc,start       ] GC(254) Pause Young (Prepare Mixed) (G1 Evacuation Pause)
[111.865s][info][gc,task        ] GC(254) Using 6 workers of 6 for evacuation
[111.916s][info][gc,phases      ] GC(254)   Pre Evacuate Collection Set: 0.3ms
[111.916s][info][gc,phases      ] GC(254)   Merge Heap Roots: 0.1ms
[111.916s][info][gc,phases      ] GC(254)   Evacuate Collection Set: 49.9ms
[111.916s][info][gc,phases      ] GC(254)   Post Evacuate Collection Set: 0.6ms
[111.916s][info][gc,phases      ] GC(254)   Other: 0.1ms
[111.916s][info][gc,heap        ] GC(254) Eden regions: 613->0(537)
[111.916s][info][gc,heap        ] GC(254) Survivor regions: 1->77(77)
[111.916s][info][gc,heap        ] GC(254) Old regions: 9->40
[111.916s][info][gc,heap        ] GC(254) Humongous regions: 3->3
[111.916s][info][gc,metaspace   ] GC(254) Metaspace: 16526K(16896K)->16526K(16896K) NonClass: 14201K(14400K)->14201K(14400K) Class: 2325K(2496K)->2325K(2496K)
[111.916s][info][gc             ] GC(254) Pause Young (Prepare Mixed) (G1 Evacuation Pause) 620M->115M(1024M) 51.142ms
[111.916s][info][gc,cpu         ] GC(254) User=0.14s Sys=0.00s Real=0.04s
[112.474s][info][gc,start       ] GC(255) Pause Young (Mixed) (G1 Evacuation Pause)
[112.474s][info][gc,task        ] GC(255) Using 6 workers of 6 for evacuation
[112.635s][info][gc,phases      ] GC(255)   Pre Evacuate Collection Set: 0.2ms
[112.635s][info][gc,phases      ] GC(255)   Merge Heap Roots: 0.2ms
[112.635s][info][gc,phases      ] GC(255)   Evacuate Collection Set: 157.0ms
[112.635s][info][gc,phases      ] GC(255)   Post Evacuate Collection Set: 3.3ms
[112.635s][info][gc,phases      ] GC(255)   Other: 0.1ms
[112.635s][info][gc,heap        ] GC(255) Eden regions: 537->0(101)
[112.635s][info][gc,heap        ] GC(255) Survivor regions: 77->77(77)
[112.635s][info][gc,heap        ] GC(255) Old regions: 40->713
[112.635s][info][gc,heap        ] GC(255) Humongous regions: 4->4
[112.635s][info][gc,metaspace   ] GC(255) Metaspace: 16526K(16896K)->16526K(16896K) NonClass: 14201K(14400K)->14201K(14400K) Class: 2325K(2496K)->2325K(2496K)
[112.635s][info][gc             ] GC(255) Pause Young (Mixed) (G1 Evacuation Pause) (Evacuation Failure) 653M->789M(1024M) 161.065ms
[112.635s][info][gc,cpu         ] GC(255) User=0.88s Sys=0.00s Real=0.16s
[115.039s][info][gc,start       ] GC(256) Pause Young (Concurrent Start) (G1 Evacuation Pause)
[115.039s][info][gc,task        ] GC(256) Using 6 workers of 6 for evacuation
[115.105s][info][gc,phases      ] GC(256)   Pre Evacuate Collection Set: 0.3ms
[115.105s][info][gc,phases      ] GC(256)   Merge Heap Roots: 1.0ms
[115.105s][info][gc,phases      ] GC(256)   Evacuate Collection Set: 63.9ms
[115.105s][info][gc,phases      ] GC(256)   Post Evacuate Collection Set: 1.0ms
[115.105s][info][gc,phases      ] GC(256)   Other: 0.2ms
[115.105s][info][gc,heap        ] GC(256) Eden regions: 101->0(104)
[115.105s][info][gc,heap        ] GC(256) Survivor regions: 77->23(23)
[115.105s][info][gc,heap        ] GC(256) Old regions: 713->797
[115.105s][info][gc,heap        ] GC(256) Humongous regions: 4->4
[115.105s][info][gc,metaspace   ] GC(256) Metaspace: 16526K(16896K)->16526K(16896K) NonClass: 14201K(14400K)->14201K(14400K) Class: 2325K(2496K)->2325K(2496K)
[115.106s][info][gc             ] GC(256) Pause Young (Concurrent Start) (G1 Evacuation Pause) 890M->819M(1024M) 66.681ms
[115.106s][info][gc             ] GC(257) Concurrent Mark Cycle
[115.106s][info][gc,cpu         ] GC(256) User=0.36s Sys=0.00s Real=0.08s
[115.106s][info][gc,marking     ] GC(257) Concurrent Scan Root Regions
[115.127s][info][gc,marking     ] GC(257) Concurrent Scan Root Regions 21.256ms
[115.127s][info][gc,marking     ] GC(257) Concurrent Mark
[115.127s][info][gc,marking     ] GC(257) Concurrent Mark From Roots
[115.127s][info][gc,task        ] GC(257) Using 2 workers of 2 for marking
[115.141s][info][gc,marking     ] GC(257) Concurrent Mark From Roots 14.001ms
[115.141s][info][gc,marking     ] GC(257) Concurrent Preclean
[115.141s][info][gc,marking     ] GC(257) Concurrent Preclean 0.053ms
[115.141s][info][gc,start       ] GC(257) Pause Remark
[115.142s][info][gc             ] GC(257) Pause Remark 879M->430M(1024M) 1.253ms
[115.142s][info][gc,cpu         ] GC(257) User=0.00s Sys=0.00s Real=0.00s
[115.142s][info][gc,marking     ] GC(257) Concurrent Mark 15.543ms
[115.142s][info][gc,marking     ] GC(257) Concurrent Rebuild Remembered Sets and Scrub Regions
[115.168s][info][gc,start       ] GC(258) Pause Young (Normal) (G1 Evacuation Pause)
[115.168s][info][gc,task        ] GC(258) Using 6 workers of 6 for evacuation
[115.204s][info][gc,phases      ] GC(258)   Pre Evacuate Collection Set: 0.1ms
[115.206s][info][gc,phases      ] GC(258)   Merge Heap Roots: 0.7ms
[115.206s][info][gc,phases      ] GC(258)   Evacuate Collection Set: 34.8ms
[115.206s][info][gc,phases      ] GC(258)   Post Evacuate Collection Set: 0.4ms
[115.206s][info][gc,phases      ] GC(258)   Other: 0.1ms
[115.206s][info][gc,heap        ] GC(258) Eden regions: 104->0(336)
[115.206s][info][gc,heap        ] GC(258) Survivor regions: 23->16(16)
[115.206s][info][gc,heap        ] GC(258) Old regions: 349->402
[115.206s][info][gc,heap        ] GC(258) Humongous regions: 3->3
[115.206s][info][gc,metaspace   ] GC(258) Metaspace: 16526K(16896K)->16526K(16896K) NonClass: 14201K(14400K)->14201K(14400K) Class: 2325K(2496K)->2325K(2496K)
[115.206s][info][gc             ] GC(258) Pause Young (Normal) (G1 Evacuation Pause) 474M->416M(1024M) 38.145ms
[115.206s][info][gc,cpu         ] GC(258) User=0.03s Sys=0.00s Real=0.03s
[115.211s][info][gc,marking     ] GC(257) Concurrent Rebuild Remembered Sets and Scrub Regions 68.845ms
[115.211s][info][gc,start       ] GC(257) Pause Cleanup
[115.212s][info][gc             ] GC(257) Pause Cleanup 425M->425M(1024M) 0.325ms
[115.212s][info][gc,cpu         ] GC(257) User=0.02s Sys=0.00s Real=0.02s
[115.212s][info][gc,marking     ] GC(257) Concurrent Clear Claimed Marks
[115.212s][info][gc,marking     ] GC(257) Concurrent Clear Claimed Marks 0.019ms
[115.212s][info][gc,marking     ] GC(257) Concurrent Cleanup for Next Mark
[115.213s][info][gc,marking     ] GC(257) Concurrent Cleanup for Next Mark 1.533ms
[115.213s][info][gc             ] GC(257) Concurrent Mark Cycle 107.838ms
[115.399s][info][gc,start       ] GC(259) Pause Young (Prepare Mixed) (G1 Evacuation Pause)
[115.399s][info][gc,task        ] GC(259) Using 6 workers of 6 for evacuation
[115.482s][info][gc,phases      ] GC(259)   Pre Evacuate Collection Set: 0.3ms
[115.482s][info][gc,phases      ] GC(259)   Merge Heap Roots: 0.3ms
[115.482s][info][gc,phases      ] GC(259)   Evacuate Collection Set: 81.5ms
[115.482s][info][gc,phases      ] GC(259)   Post Evacuate Collection Set: 0.5ms
[115.482s][info][gc,phases      ] GC(259)   Other: 0.1ms
[115.482s][info][gc,heap        ] GC(259) Eden regions: 336->0(238)
[115.482s][info][gc,heap        ] GC(259) Survivor regions: 16->44(44)
[115.482s][info][gc,heap        ] GC(259) Old regions: 402->516
[115.482s][info][gc,heap        ] GC(259) Humongous regions: 3->3
[115.482s][info][gc,metaspace   ] GC(259) Metaspace: 16526K(16896K)->16526K(16896K) NonClass: 14201K(14400K)->14201K(14400K) Class: 2325K(2496K)->2325K(2496K)
[115.482s][info][gc             ] GC(259) Pause Young (Prepare Mixed) (G1 Evacuation Pause) 752M->558M(1024M) 82.991ms
[115.482s][info][gc,cpu         ] GC(259) User=0.38s Sys=0.00s Real=0.08s
[115.624s][info][gc,start       ] GC(260) Pause Young (Mixed) (G1 Evacuation Pause)
[115.624s][info][gc,task        ] GC(260) Using 6 workers of 6 for evacuation
[115.694s][info][gc,phases      ] GC(260)   Pre Evacuate Collection Set: 0.4ms
[115.694s][info][gc,phases      ] GC(260)   Merge Heap Roots: 0.3ms
[115.694s][info][gc,phases      ] GC(260)   Evacuate Collection Set: 69.1ms
[115.694s][info][gc,phases      ] GC(260)   Post Evacuate Collection Set: 0.4ms
[115.694s][info][gc,phases      ] GC(260)   Other: 0.1ms
[115.694s][info][gc,heap        ] GC(260) Eden regions: 238->0(233)
[115.694s][info][gc,heap        ] GC(260) Survivor regions: 44->36(36)
[115.694s][info][gc,heap        ] GC(260) Old regions: 516->523
[115.694s][info][gc,heap        ] GC(260) Humongous regions: 3->3
[115.694s][info][gc,metaspace   ] GC(260) Metaspace: 16526K(16896K)->16526K(16896K) NonClass: 14201K(14400K)->14201K(14400K) Class: 2325K(2496K)->2325K(2496K)
[115.694s][info][gc             ] GC(260) Pause Young (Mixed) (G1 Evacuation Pause) 796M->559M(1024M) 70.515ms
[115.694s][info][gc,cpu         ] GC(260) User=0.38s Sys=0.00s Real=0.06s
[115.836s][info][gc,start       ] GC(261) Pause Young (Mixed) (G1 Evacuation Pause)
[115.836s][info][gc,task        ] GC(261) Using 6 workers of 6 for evacuation
[115.902s][info][gc,phases      ] GC(261)   Pre Evacuate Collection Set: 0.4ms
[115.902s][info][gc,phases      ] GC(261)   Merge Heap Roots: 0.3ms
[115.902s][info][gc,phases      ] GC(261)   Evacuate Collection Set: 64.0ms
[115.902s][info][gc,phases      ] GC(261)   Post Evacuate Collection Set: 0.5ms
[115.902s][info][gc,phases      ] GC(261)   Other: 0.1ms
[115.902s][info][gc,heap        ] GC(261) Eden regions: 233->0(229)
[115.902s][info][gc,heap        ] GC(261) Survivor regions: 36->34(34)
[115.902s][info][gc,heap        ] GC(261) Old regions: 523->527
[115.902s][info][gc,heap        ] GC(261) Humongous regions: 3->3
[115.902s][info][gc,metaspace   ] GC(261) Metaspace: 16526K(16896K)->16526K(16896K) NonClass: 14201K(14400K)->14201K(14400K) Class: 2325K(2496K)->2325K(2496K)
[115.902s][info][gc             ] GC(261) Pause Young (Mixed) (G1 Evacuation Pause) 792M->563M(1024M) 65.526ms
[115.902s][info][gc,cpu         ] GC(261) User=0.47s Sys=0.00s Real=0.06s
[115.905s][info][gc,start       ] GC(262) Pause Young (Concurrent Start) (G1 Humongous Allocation)
[115.905s][info][gc,task        ] GC(262) Using 6 workers of 6 for evacuation
[115.925s][info][gc,phases      ] GC(262)   Pre Evacuate Collection Set: 0.4ms
[115.925s][info][gc,phases      ] GC(262)   Merge Heap Roots: 0.5ms
[115.925s][info][gc,phases      ] GC(262)   Evacuate Collection Set: 18.0ms
[115.925s][info][gc,phases      ] GC(262)   Post Evacuate Collection Set: 0.4ms
[115.925s][info][gc,phases      ] GC(262)   Other: 0.1ms
[115.925s][info][gc,heap        ] GC(262) Eden regions: 5->0(219)
[115.925s][info][gc,heap        ] GC(262) Survivor regions: 34->5(33)
[115.925s][info][gc,heap        ] GC(262) Old regions: 527->563
[115.925s][info][gc,heap        ] GC(262) Humongous regions: 3->3
[115.925s][info][gc,metaspace   ] GC(262) Metaspace: 16526K(16896K)->16526K(16896K) NonClass: 14201K(14400K)->14201K(14400K) Class: 2325K(2496K)->2325K(2496K)
[115.925s][info][gc             ] GC(262) Pause Young (Concurrent Start) (G1 Humongous Allocation) 568M->569M(1024M) 19.564ms
[115.925s][info][gc             ] GC(263) Concurrent Mark Cycle
[115.925s][info][gc,cpu         ] GC(262) User=0.02s Sys=0.00s Real=0.02s
[115.925s][info][gc,marking     ] GC(263) Concurrent Scan Root Regions
[115.936s][info][gc,marking     ] GC(263) Concurrent Scan Root Regions 11.495ms
[115.936s][info][gc,marking     ] GC(263) Concurrent Mark
[115.936s][info][gc,marking     ] GC(263) Concurrent Mark From Roots
[115.936s][info][gc,task        ] GC(263) Using 2 workers of 2 for marking
[116.221s][info][gc,marking     ] GC(263) Concurrent Mark From Roots 284.372ms
[116.221s][info][gc,marking     ] GC(263) Concurrent Preclean
[116.221s][info][gc,marking     ] GC(263) Concurrent Preclean 0.056ms
[116.221s][info][gc,start       ] GC(263) Pause Remark
[116.222s][info][gc             ] GC(263) Pause Remark 643M->515M(1024M) 1.218ms
[116.222s][info][gc,cpu         ] GC(263) User=0.00s Sys=0.00s Real=0.00s
[116.222s][info][gc,marking     ] GC(263) Concurrent Mark 285.918ms
[116.222s][info][gc,marking     ] GC(263) Concurrent Rebuild Remembered Sets and Scrub Regions
[116.401s][info][gc,marking     ] GC(263) Concurrent Rebuild Remembered Sets and Scrub Regions 179.059ms
[116.402s][info][gc,start       ] GC(263) Pause Cleanup
[116.402s][info][gc             ] GC(263) Pause Cleanup 585M->585M(1024M) 0.293ms
[116.402s][info][gc,cpu         ] GC(263) User=0.00s Sys=0.00s Real=0.00s
[116.402s][info][gc,marking     ] GC(263) Concurrent Clear Claimed Marks
[116.402s][info][gc,marking     ] GC(263) Concurrent Clear Claimed Marks 0.028ms
[116.402s][info][gc,marking     ] GC(263) Concurrent Cleanup for Next Mark
[116.403s][info][gc,marking     ] GC(263) Concurrent Cleanup for Next Mark 1.470ms
[116.403s][info][gc             ] GC(263) Concurrent Mark Cycle 478.595ms
[116.558s][info][gc,start       ] GC(264) Pause Young (Prepare Mixed) (G1 Evacuation Pause)
[116.558s][info][gc,task        ] GC(264) Using 6 workers of 6 for evacuation
[116.610s][info][gc,phases      ] GC(264)   Pre Evacuate Collection Set: 0.2ms
[116.610s][info][gc,phases      ] GC(264)   Merge Heap Roots: 2.2ms
[116.610s][info][gc,phases      ] GC(264)   Evacuate Collection Set: 48.3ms
[116.610s][info][gc,phases      ] GC(264)   Post Evacuate Collection Set: 1.2ms
[116.610s][info][gc,phases      ] GC(264)   Other: 0.1ms
[116.610s][info][gc,heap        ] GC(264) Eden regions: 219->0(283)
[116.610s][info][gc,heap        ] GC(264) Survivor regions: 5->28(28)
[116.610s][info][gc,heap        ] GC(264) Old regions: 436->444
[116.610s][info][gc,heap        ] GC(264) Humongous regions: 8->8
[116.610s][info][gc,metaspace   ] GC(264) Metaspace: 16526K(16896K)->16526K(16896K) NonClass: 14201K(14400K)->14201K(14400K) Class: 2325K(2496K)->2325K(2496K)
[116.610s][info][gc             ] GC(264) Pause Young (Prepare Mixed) (G1 Evacuation Pause) 666M->479M(1024M) 52.230ms
[116.610s][info][gc,cpu         ] GC(264) User=0.16s Sys=0.00s Real=0.06s
[117.116s][info][gc,start       ] GC(265) Pause Young (Mixed) (G1 Evacuation Pause)
[117.117s][info][gc,task        ] GC(265) Using 6 workers of 6 for evacuation
[117.143s][info][gc,phases      ] GC(265)   Pre Evacuate Collection Set: 0.4ms
[117.143s][info][gc,phases      ] GC(265)   Merge Heap Roots: 1.3ms
[117.143s][info][gc,phases      ] GC(265)   Evacuate Collection Set: 23.8ms
[117.143s][info][gc,phases      ] GC(265)   Post Evacuate Collection Set: 0.4ms
[117.143s][info][gc,phases      ] GC(265)   Other: 0.1ms
[117.143s][info][gc,heap        ] GC(265) Eden regions: 283->0(325)
[117.143s][info][gc,heap        ] GC(265) Survivor regions: 28->3(39)
[117.143s][info][gc,heap        ] GC(265) Old regions: 444->448
[117.143s][info][gc,heap        ] GC(265) Humongous regions: 8->8
[117.143s][info][gc,metaspace   ] GC(265) Metaspace: 16526K(16896K)->16526K(16896K) NonClass: 14201K(14400K)->14201K(14400K) Class: 2325K(2496K)->2325K(2496K)
[117.143s][info][gc             ] GC(265) Pause Young (Mixed) (G1 Evacuation Pause) 762M->458M(1024M) 26.196ms
[117.143s][info][gc,cpu         ] GC(265) User=0.09s Sys=0.00s Real=0.01s
[117.946s][info][gc,start       ] GC(266) Pause Full (System.gc())
[117.946s][info][gc,task        ] GC(266) Using 6 workers of 6 for full compaction
[117.947s][info][gc,phases,start] GC(266) Phase 1: Mark live objects
[117.949s][info][gc,phases      ] GC(266) Phase 1: Mark live objects 2.595ms
[117.949s][info][gc,phases,start] GC(266) Phase 2: Prepare compaction
[117.950s][info][gc,phases      ] GC(266) Phase 2: Prepare compaction 0.625ms
[117.950s][info][gc,phases,start] GC(266) Phase 3: Adjust pointers
[117.952s][info][gc,phases      ] GC(266) Phase 3: Adjust pointers 2.199ms
[117.952s][info][gc,phases,start] GC(266) Phase 4: Compact heap
[117.953s][info][gc,phases      ] GC(266) Phase 4: Compact heap 0.565ms
[117.953s][info][gc,phases,start] GC(266) Phase 5: Reset Metadata
[117.953s][info][gc,phases      ] GC(266) Phase 5: Reset Metadata 0.524ms
[117.957s][info][gc,heap        ] GC(266) Eden regions: 157->0(585)
[117.957s][info][gc,heap        ] GC(266) Survivor regions: 3->0(39)
[117.957s][info][gc,heap        ] GC(266) Old regions: 448->9
[117.957s][info][gc,heap        ] GC(266) Humongous regions: 8->2
[117.957s][info][gc,metaspace   ] GC(266) Metaspace: 16527K(16896K)->16527K(16896K) NonClass: 14201K(14400K)->14201K(14400K) Class: 2325K(2496K)->2325K(2496K)
[117.957s][info][gc             ] GC(266) Pause Full (System.gc()) 615M->5M(1024M) 10.332ms
[117.957s][info][gc,cpu         ] GC(266) User=0.00s Sys=0.00s Real=0.00s
[119.093s][info][gc,start       ] GC(267) Pause Young (Concurrent Start) (G1 Evacuation Pause)
[119.093s][info][gc,task        ] GC(267) Using 6 workers of 6 for evacuation
[119.094s][info][gc,phases      ] GC(267)   Pre Evacuate Collection Set: 0.2ms
[119.094s][info][gc,phases      ] GC(267)   Merge Heap Roots: 0.1ms
[119.094s][info][gc,phases      ] GC(267)   Evacuate Collection Set: 0.4ms
[119.094s][info][gc,phases      ] GC(267)   Post Evacuate Collection Set: 0.4ms
[119.094s][info][gc,phases      ] GC(267)   Other: 0.1ms
[119.094s][info][gc,heap        ] GC(267) Eden regions: 585->0(612)
[119.094s][info][gc,heap        ] GC(267) Survivor regions: 0->2(74)
[119.094s][info][gc,heap        ] GC(267) Old regions: 9->9
[119.094s][info][gc,heap        ] GC(267) Humongous regions: 2->2
[119.094s][info][gc,metaspace   ] GC(267) Metaspace: 16534K(16896K)->16534K(16896K) NonClass: 14208K(14400K)->14208K(14400K) Class: 2325K(2496K)->2325K(2496K)
[119.094s][info][gc             ] GC(267) Pause Young (Concurrent Start) (G1 Evacuation Pause) 590M->7M(1024M) 1.376ms
[119.094s][info][gc             ] GC(268) Concurrent Mark Cycle
[119.094s][info][gc,cpu         ] GC(267) User=0.00s Sys=0.00s Real=0.00s
[119.094s][info][gc,marking     ] GC(268) Concurrent Scan Root Regions
[119.094s][info][gc,marking     ] GC(268) Concurrent Scan Root Regions 0.236ms
[119.094s][info][gc,marking     ] GC(268) Concurrent Mark
[119.094s][info][gc,marking     ] GC(268) Concurrent Mark From Roots
[119.094s][info][gc,task        ] GC(268) Using 2 workers of 2 for marking
[119.097s][info][gc,marking     ] GC(268) Concurrent Mark From Roots 3.161ms
[119.098s][info][gc,marking     ] GC(268) Concurrent Preclean
[119.098s][info][gc,marking     ] GC(268) Concurrent Preclean 0.025ms
[119.098s][info][gc,start       ] GC(268) Pause Remark
[119.099s][info][gc             ] GC(268) Pause Remark 25M->25M(1024M) 1.027ms
[119.099s][info][gc,cpu         ] GC(268) User=0.00s Sys=0.00s Real=0.00s
[119.099s][info][gc,marking     ] GC(268) Concurrent Mark 4.550ms
[119.099s][info][gc,marking     ] GC(268) Concurrent Rebuild Remembered Sets and Scrub Regions
[119.100s][info][gc,marking     ] GC(268) Concurrent Rebuild Remembered Sets and Scrub Regions 1.004ms
[119.100s][info][gc,start       ] GC(268) Pause Cleanup
[119.100s][info][gc             ] GC(268) Pause Cleanup 30M->30M(1024M) 0.357ms
[119.100s][info][gc,cpu         ] GC(268) User=0.00s Sys=0.00s Real=0.00s
[119.100s][info][gc,marking     ] GC(268) Concurrent Clear Claimed Marks
[119.100s][info][gc,marking     ] GC(268) Concurrent Clear Claimed Marks 0.024ms
[119.100s][info][gc,marking     ] GC(268) Concurrent Cleanup for Next Mark
[119.103s][info][gc,marking     ] GC(268) Concurrent Cleanup for Next Mark 2.415ms
[119.103s][info][gc             ] GC(268) Concurrent Mark Cycle 8.950ms
[119.190s][info][gc,start       ] GC(269) Pause Young (Prepare Mixed) (G1 Evacuation Pause)
[119.191s][info][gc,task        ] GC(269) Using 6 workers of 6 for evacuation
[119.191s][info][gc,phases      ] GC(269)   Pre Evacuate Collection Set: 0.2ms
[119.192s][info][gc,phases      ] GC(269)   Merge Heap Roots: 0.1ms
[119.192s][info][gc,phases      ] GC(269)   Evacuate Collection Set: 0.3ms
[119.192s][info][gc,phases      ] GC(269)   Post Evacuate Collection Set: 0.3ms
[119.192s][info][gc,phases      ] GC(269)   Other: 0.1ms
[119.192s][info][gc,heap        ] GC(269) Eden regions: 612->0(613)
[119.192s][info][gc,heap        ] GC(269) Survivor regions: 2->1(77)
[119.192s][info][gc,heap        ] GC(269) Old regions: 9->9
[119.192s][info][gc,heap        ] GC(269) Humongous regions: 2->2
[119.192s][info][gc,metaspace   ] GC(269) Metaspace: 16534K(16896K)->16534K(16896K) NonClass: 14208K(14400K)->14208K(14400K) Class: 2325K(2496K)->2325K(2496K)
[119.192s][info][gc             ] GC(269) Pause Young (Prepare Mixed) (G1 Evacuation Pause) 619M->6M(1024M) 1.153ms
[119.192s][info][gc,cpu         ] GC(269) User=0.00s Sys=0.00s Real=0.00s
[119.287s][info][gc,start       ] GC(270) Pause Young (Mixed) (G1 Evacuation Pause)
[119.289s][info][gc,task        ] GC(270) Using 6 workers of 6 for evacuation
[119.290s][info][gc,phases      ] GC(270)   Pre Evacuate Collection Set: 0.2ms
[119.290s][info][gc,phases      ] GC(270)   Merge Heap Roots: 0.1ms
[119.290s][info][gc,phases      ] GC(270)   Evacuate Collection Set: 0.4ms
[119.290s][info][gc,phases      ] GC(270)   Post Evacuate Collection Set: 0.6ms
[119.290s][info][gc,phases      ] GC(270)   Other: 0.1ms
[119.290s][info][gc,heap        ] GC(270) Eden regions: 613->0(613)
[119.290s][info][gc,heap        ] GC(270) Survivor regions: 1->1(77)
[119.290s][info][gc,heap        ] GC(270) Old regions: 9->9
[119.290s][info][gc,heap        ] GC(270) Humongous regions: 2->2
[119.290s][info][gc,metaspace   ] GC(270) Metaspace: 16534K(16896K)->16534K(16896K) NonClass: 14208K(14400K)->14208K(14400K) Class: 2325K(2496K)->2325K(2496K)
[119.290s][info][gc             ] GC(270) Pause Young (Mixed) (G1 Evacuation Pause) 619M->6M(1024M) 3.774ms
[119.290s][info][gc,cpu         ] GC(270) User=0.00s Sys=0.00s Real=0.00s
[119.387s][info][gc,start       ] GC(271) Pause Young (Concurrent Start) (G1 Evacuation Pause)
[119.387s][info][gc,task        ] GC(271) Using 6 workers of 6 for evacuation
[119.388s][info][gc,phases      ] GC(271)   Pre Evacuate Collection Set: 0.2ms
[119.388s][info][gc,phases      ] GC(271)   Merge Heap Roots: 0.1ms
[119.388s][info][gc,phases      ] GC(271)   Evacuate Collection Set: 0.4ms
[119.388s][info][gc,phases      ] GC(271)   Post Evacuate Collection Set: 0.4ms
[119.388s][info][gc,phases      ] GC(271)   Other: 0.1ms
[119.388s][info][gc,heap        ] GC(271) Eden regions: 613->0(613)
[119.388s][info][gc,heap        ] GC(271) Survivor regions: 1->1(77)
[119.388s][info][gc,heap        ] GC(271) Old regions: 9->9
[119.388s][info][gc,heap        ] GC(271) Humongous regions: 2->2
[119.388s][info][gc,metaspace   ] GC(271) Metaspace: 16534K(16896K)->16534K(16896K) NonClass: 14208K(14400K)->14208K(14400K) Class: 2325K(2496K)->2325K(2496K)
[119.388s][info][gc             ] GC(271) Pause Young (Concurrent Start) (G1 Evacuation Pause) 619M->6M(1024M) 1.388ms
[119.388s][info][gc,cpu         ] GC(271) User=0.00s Sys=0.00s Real=0.00s
[119.388s][info][gc             ] GC(272) Concurrent Mark Cycle
[119.388s][info][gc,marking     ] GC(272) Concurrent Scan Root Regions
[119.388s][info][gc,marking     ] GC(272) Concurrent Scan Root Regions 0.278ms
[119.388s][info][gc,marking     ] GC(272) Concurrent Mark
[119.388s][info][gc,marking     ] GC(272) Concurrent Mark From Roots
[119.388s][info][gc,task        ] GC(272) Using 2 workers of 2 for marking
[119.391s][info][gc,marking     ] GC(272) Concurrent Mark From Roots 3.100ms
[119.392s][info][gc,marking     ] GC(272) Concurrent Preclean
[119.392s][info][gc,marking     ] GC(272) Concurrent Preclean 0.020ms
[119.392s][info][gc,start       ] GC(272) Pause Remark
[119.393s][info][gc             ] GC(272) Pause Remark 23M->23M(1024M) 1.004ms
[119.393s][info][gc,cpu         ] GC(272) User=0.00s Sys=0.00s Real=0.00s
[119.393s][info][gc,marking     ] GC(272) Concurrent Mark 4.386ms
[119.393s][info][gc,marking     ] GC(272) Concurrent Rebuild Remembered Sets and Scrub Regions
[119.394s][info][gc,marking     ] GC(272) Concurrent Rebuild Remembered Sets and Scrub Regions 1.012ms
[119.394s][info][gc,start       ] GC(272) Pause Cleanup
[119.394s][info][gc             ] GC(272) Pause Cleanup 28M->28M(1024M) 0.175ms
[119.394s][info][gc,cpu         ] GC(272) User=0.00s Sys=0.00s Real=0.00s
[119.394s][info][gc,marking     ] GC(272) Concurrent Clear Claimed Marks
[119.394s][info][gc,marking     ] GC(272) Concurrent Clear Claimed Marks 0.021ms
[119.394s][info][gc,marking     ] GC(272) Concurrent Cleanup for Next Mark
[119.397s][info][gc,marking     ] GC(272) Concurrent Cleanup for Next Mark 2.479ms
[119.397s][info][gc             ] GC(272) Concurrent Mark Cycle 8.726ms
[119.566s][info][gc,start       ] GC(273) Pause Young (Prepare Mixed) (G1 Evacuation Pause)
[119.566s][info][gc,task        ] GC(273) Using 6 workers of 6 for evacuation
[119.614s][info][gc,phases      ] GC(273)   Pre Evacuate Collection Set: 0.1ms
[119.614s][info][gc,phases      ] GC(273)   Merge Heap Roots: 0.1ms
[119.614s][info][gc,phases      ] GC(273)   Evacuate Collection Set: 47.1ms
[119.614s][info][gc,phases      ] GC(273)   Post Evacuate Collection Set: 0.6ms
[119.614s][info][gc,phases      ] GC(273)   Other: 0.1ms
[119.614s][info][gc,heap        ] GC(273) Eden regions: 613->0(537)
[119.614s][info][gc,heap        ] GC(273) Survivor regions: 1->77(77)
[119.614s][info][gc,heap        ] GC(273) Old regions: 9->40
[119.614s][info][gc,heap        ] GC(273) Humongous regions: 3->3
[119.614s][info][gc,metaspace   ] GC(273) Metaspace: 16534K(16896K)->16534K(16896K) NonClass: 14208K(14400K)->14208K(14400K) Class: 2325K(2496K)->2325K(2496K)
[119.614s][info][gc             ] GC(273) Pause Young (Prepare Mixed) (G1 Evacuation Pause) 620M->115M(1024M) 48.299ms
[119.614s][info][gc,cpu         ] GC(273) User=0.14s Sys=0.00s Real=0.05s
[120.199s][info][gc,start       ] GC(274) Pause Young (Mixed) (G1 Evacuation Pause)
[120.199s][info][gc,task        ] GC(274) Using 6 workers of 6 for evacuation
[120.363s][info][gc,phases      ] GC(274)   Pre Evacuate Collection Set: 0.3ms
[120.363s][info][gc,phases      ] GC(274)   Merge Heap Roots: 0.4ms
[120.363s][info][gc,phases      ] GC(274)   Evacuate Collection Set: 159.3ms
[120.363s][info][gc,phases      ] GC(274)   Post Evacuate Collection Set: 4.1ms
[120.363s][info][gc,phases      ] GC(274)   Other: 0.1ms
[120.363s][info][gc,heap        ] GC(274) Eden regions: 537->0(0)
[120.363s][info][gc,heap        ] GC(274) Survivor regions: 77->77(77)
[120.363s][info][gc,heap        ] GC(274) Old regions: 40->814
[120.363s][info][gc,heap        ] GC(274) Humongous regions: 4->4
[120.363s][info][gc,metaspace   ] GC(274) Metaspace: 16534K(16896K)->16534K(16896K) NonClass: 14208K(14400K)->14208K(14400K) Class: 2325K(2496K)->2325K(2496K)
[120.363s][info][gc             ] GC(274) Pause Young (Mixed) (G1 Evacuation Pause) (Evacuation Failure) 653M->891M(1024M) 164.464ms
[120.363s][info][gc,cpu         ] GC(274) User=0.88s Sys=0.00s Real=0.16s
[120.363s][info][gc,ergo        ] Attempting full compaction
[120.363s][info][gc,start       ] GC(275) Pause Full (G1 Compaction Pause)
[120.363s][info][gc,task        ] GC(275) Using 6 workers of 6 for full compaction
[120.364s][info][gc,phases,start] GC(275) Phase 1: Mark live objects
[120.480s][info][gc,phases      ] GC(275) Phase 1: Mark live objects 116.002ms
[120.480s][info][gc,phases,start] GC(275) Phase 2: Prepare compaction
[120.484s][info][gc,phases      ] GC(275) Phase 2: Prepare compaction 4.369ms
[120.484s][info][gc,phases,start] GC(275) Phase 3: Adjust pointers
[120.507s][info][gc,phases      ] GC(275) Phase 3: Adjust pointers 22.699ms
[120.507s][info][gc,phases,start] GC(275) Phase 4: Compact heap
[120.512s][info][gc,phases      ] GC(275) Phase 4: Compact heap 5.087ms
[120.512s][info][gc,phases,start] GC(275) Phase 5: Reset Metadata
[120.524s][info][gc,phases      ] GC(275) Phase 5: Reset Metadata 12.240ms
[120.530s][info][gc,heap        ] GC(275) Eden regions: 0->0(328)
[120.530s][info][gc,heap        ] GC(275) Survivor regions: 77->0(77)
[120.530s][info][gc,heap        ] GC(275) Old regions: 814->404
[120.530s][info][gc,heap        ] GC(275) Humongous regions: 4->4
[120.530s][info][gc,metaspace   ] GC(275) Metaspace: 16534K(16896K)->16534K(16896K) NonClass: 14208K(14400K)->14208K(14400K) Class: 2325K(2496K)->2325K(2496K)
[120.530s][info][gc             ] GC(275) Pause Full (G1 Compaction Pause) 891M->404M(1024M) 166.922ms
[120.530s][info][gc,cpu         ] GC(275) User=0.80s Sys=0.00s Real=0.17s
[123.097s][info][gc,start       ] GC(276) Pause Young (Concurrent Start) (G1 Evacuation Pause)
[123.097s][info][gc,task        ] GC(276) Using 6 workers of 6 for evacuation
[123.170s][info][gc,phases      ] GC(276)   Pre Evacuate Collection Set: 0.2ms
[123.171s][info][gc,phases      ] GC(276)   Merge Heap Roots: 0.7ms
[123.171s][info][gc,phases      ] GC(276)   Evacuate Collection Set: 71.3ms
[123.171s][info][gc,phases      ] GC(276)   Post Evacuate Collection Set: 0.7ms
[123.171s][info][gc,phases      ] GC(276)   Other: 0.1ms
[123.171s][info][gc,heap        ] GC(276) Eden regions: 328->0(244)
[123.171s][info][gc,heap        ] GC(276) Survivor regions: 0->41(41)
[123.171s][info][gc,heap        ] GC(276) Old regions: 404->494
[123.171s][info][gc,heap        ] GC(276) Humongous regions: 4->4
[123.171s][info][gc,metaspace   ] GC(276) Metaspace: 16534K(16896K)->16534K(16896K) NonClass: 14208K(14400K)->14208K(14400K) Class: 2325K(2496K)->2325K(2496K)
[123.171s][info][gc             ] GC(276) Pause Young (Concurrent Start) (G1 Evacuation Pause) 732M->534M(1024M) 73.399ms
[123.171s][info][gc,cpu         ] GC(276) User=0.39s Sys=0.00s Real=0.08s
[123.171s][info][gc             ] GC(277) Concurrent Mark Cycle
[123.171s][info][gc,marking     ] GC(277) Concurrent Scan Root Regions
[123.195s][info][gc,marking     ] GC(277) Concurrent Scan Root Regions 24.123ms
[123.195s][info][gc,marking     ] GC(277) Concurrent Mark
[123.195s][info][gc,marking     ] GC(277) Concurrent Mark From Roots
[123.195s][info][gc,task        ] GC(277) Using 2 workers of 2 for marking
[123.232s][info][gc,marking     ] GC(277) Concurrent Mark From Roots 37.491ms
[123.232s][info][gc,marking     ] GC(277) Concurrent Preclean
[123.232s][info][gc,marking     ] GC(277) Concurrent Preclean 0.056ms
[123.233s][info][gc,start       ] GC(277) Pause Remark
[123.234s][info][gc             ] GC(277) Pause Remark 634M->404M(1024M) 1.289ms
[123.234s][info][gc,cpu         ] GC(277) User=0.00s Sys=0.00s Real=0.00s
[123.234s][info][gc,marking     ] GC(277) Concurrent Mark 39.120ms
[123.234s][info][gc,marking     ] GC(277) Concurrent Rebuild Remembered Sets and Scrub Regions
[123.304s][info][gc,marking     ] GC(277) Concurrent Rebuild Remembered Sets and Scrub Regions 70.215ms
[123.304s][info][gc,start       ] GC(277) Pause Cleanup
[123.305s][info][gc             ] GC(277) Pause Cleanup 520M->520M(1024M) 0.273ms
[123.305s][info][gc,cpu         ] GC(277) User=0.00s Sys=0.00s Real=0.00s
[123.305s][info][gc,marking     ] GC(277) Concurrent Clear Claimed Marks
[123.305s][info][gc,marking     ] GC(277) Concurrent Clear Claimed Marks 0.027ms
[123.305s][info][gc,marking     ] GC(277) Concurrent Cleanup for Next Mark
[123.306s][info][gc,marking     ] GC(277) Concurrent Cleanup for Next Mark 1.460ms
[123.306s][info][gc             ] GC(277) Concurrent Mark Cycle 135.629ms
[123.323s][info][gc,start       ] GC(278) Pause Young (Prepare Mixed) (G1 Evacuation Pause)
[123.323s][info][gc,task        ] GC(278) Using 6 workers of 6 for evacuation
[123.400s][info][gc,phases      ] GC(278)   Pre Evacuate Collection Set: 0.3ms
[123.404s][info][gc,phases      ] GC(278)   Merge Heap Roots: 0.9ms
[123.404s][info][gc,phases      ] GC(278)   Evacuate Collection Set: 75.9ms
[123.404s][info][gc,phases      ] GC(278)   Post Evacuate Collection Set: 0.5ms
[123.404s][info][gc,phases      ] GC(278)   Other: 0.1ms
[123.404s][info][gc,heap        ] GC(278) Eden regions: 244->0(306)
[123.405s][info][gc,heap        ] GC(278) Survivor regions: 41->36(36)
[123.405s][info][gc,heap        ] GC(278) Old regions: 265->373
[123.405s][info][gc,heap        ] GC(278) Humongous regions: 3->3
[123.405s][info][gc,metaspace   ] GC(278) Metaspace: 16534K(16896K)->16534K(16896K) NonClass: 14208K(14400K)->14208K(14400K) Class: 2325K(2496K)->2325K(2496K)
[123.405s][info][gc             ] GC(278) Pause Young (Prepare Mixed) (G1 Evacuation Pause) 548M->408M(1024M) 82.104ms
[123.405s][info][gc,cpu         ] GC(278) User=0.38s Sys=0.00s Real=0.08s
[123.589s][info][gc,start       ] GC(279) Pause Young (Mixed) (G1 Evacuation Pause)
[123.589s][info][gc,task        ] GC(279) Using 6 workers of 6 for evacuation
[123.670s][info][gc,phases      ] GC(279)   Pre Evacuate Collection Set: 0.3ms
[123.670s][info][gc,phases      ] GC(279)   Merge Heap Roots: 0.2ms
[123.670s][info][gc,phases      ] GC(279)   Evacuate Collection Set: 79.8ms
[123.670s][info][gc,phases      ] GC(279)   Post Evacuate Collection Set: 0.4ms
[123.670s][info][gc,phases      ] GC(279)   Other: 0.1ms
[123.670s][info][gc,heap        ] GC(279) Eden regions: 306->0(284)
[123.670s][info][gc,heap        ] GC(279) Survivor regions: 36->43(43)
[123.670s][info][gc,heap        ] GC(279) Old regions: 373->402
[123.670s][info][gc,heap        ] GC(279) Humongous regions: 3->3
[123.670s][info][gc,metaspace   ] GC(279) Metaspace: 16534K(16896K)->16534K(16896K) NonClass: 14208K(14400K)->14208K(14400K) Class: 2325K(2496K)->2325K(2496K)
[123.670s][info][gc             ] GC(279) Pause Young (Mixed) (G1 Evacuation Pause) 714M->446M(1024M) 81.083ms
[123.670s][info][gc,cpu         ] GC(279) User=0.45s Sys=0.00s Real=0.08s
[123.757s][info][gc,start       ] GC(280) Pause Young (Concurrent Start) (G1 Humongous Allocation)
[123.757s][info][gc,task        ] GC(280) Using 6 workers of 6 for evacuation
[123.807s][info][gc,phases      ] GC(280)   Pre Evacuate Collection Set: 0.3ms
[123.807s][info][gc,phases      ] GC(280)   Merge Heap Roots: 0.2ms
[123.807s][info][gc,phases      ] GC(280)   Evacuate Collection Set: 49.0ms
[123.807s][info][gc,phases      ] GC(280)   Post Evacuate Collection Set: 0.4ms
[123.807s][info][gc,phases      ] GC(280)   Other: 0.1ms
[123.807s][info][gc,heap        ] GC(280) Eden regions: 141->0(254)
[123.807s][info][gc,heap        ] GC(280) Survivor regions: 43->41(41)
[123.807s][info][gc,heap        ] GC(280) Old regions: 402->464
[123.807s][info][gc,heap        ] GC(280) Humongous regions: 3->3
[123.807s][info][gc,metaspace   ] GC(280) Metaspace: 16534K(16896K)->16534K(16896K) NonClass: 14208K(14400K)->14208K(14400K) Class: 2325K(2496K)->2325K(2496K)
[123.807s][info][gc             ] GC(280) Pause Young (Concurrent Start) (G1 Humongous Allocation) 587M->506M(1024M) 50.223ms
[123.807s][info][gc,cpu         ] GC(280) User=0.23s Sys=0.00s Real=0.05s
[123.808s][info][gc             ] GC(281) Concurrent Mark Cycle
[123.808s][info][gc,marking     ] GC(281) Concurrent Scan Root Regions
[123.836s][info][gc,marking     ] GC(281) Concurrent Scan Root Regions 28.733ms
[123.836s][info][gc,marking     ] GC(281) Concurrent Mark
[123.836s][info][gc,marking     ] GC(281) Concurrent Mark From Roots
[123.836s][info][gc,task        ] GC(281) Using 2 workers of 2 for marking
[124.068s][info][gc,marking     ] GC(281) Concurrent Mark From Roots 231.710ms
[124.068s][info][gc,marking     ] GC(281) Concurrent Preclean
[124.068s][info][gc,marking     ] GC(281) Concurrent Preclean 0.061ms
[124.068s][info][gc,start       ] GC(281) Pause Remark
[124.070s][info][gc             ] GC(281) Pause Remark 582M->507M(1024M) 1.225ms
[124.070s][info][gc,cpu         ] GC(281) User=0.00s Sys=0.00s Real=0.00s
[124.070s][info][gc,marking     ] GC(281) Concurrent Mark 233.274ms
[124.070s][info][gc,marking     ] GC(281) Concurrent Rebuild Remembered Sets and Scrub Regions
[124.161s][info][gc,marking     ] GC(281) Concurrent Rebuild Remembered Sets and Scrub Regions 91.633ms
[124.161s][info][gc,start       ] GC(281) Pause Cleanup
[124.162s][info][gc             ] GC(281) Pause Cleanup 532M->532M(1024M) 0.206ms
[124.162s][info][gc,cpu         ] GC(281) User=0.00s Sys=0.00s Real=0.00s
[124.162s][info][gc,marking     ] GC(281) Concurrent Clear Claimed Marks
[124.162s][info][gc,marking     ] GC(281) Concurrent Clear Claimed Marks 0.027ms
[124.162s][info][gc,marking     ] GC(281) Concurrent Cleanup for Next Mark
[124.163s][info][gc,marking     ] GC(281) Concurrent Cleanup for Next Mark 1.321ms
[124.163s][info][gc             ] GC(281) Concurrent Mark Cycle 355.560ms
[124.454s][info][gc,start       ] GC(282) Pause Young (Prepare Mixed) (G1 Evacuation Pause)
[124.454s][info][gc,task        ] GC(282) Using 6 workers of 6 for evacuation
[124.516s][info][gc,phases      ] GC(282)   Pre Evacuate Collection Set: 0.3ms
[124.516s][info][gc,phases      ] GC(282)   Merge Heap Roots: 2.3ms
[124.516s][info][gc,phases      ] GC(282)   Evacuate Collection Set: 57.9ms
[124.516s][info][gc,phases      ] GC(282)   Post Evacuate Collection Set: 1.0ms
[124.516s][info][gc,phases      ] GC(282)   Other: 0.1ms
[124.516s][info][gc,heap        ] GC(282) Eden regions: 254->0(290)
[124.516s][info][gc,heap        ] GC(282) Survivor regions: 41->34(37)
[124.516s][info][gc,heap        ] GC(282) Old regions: 389->430
[124.516s][info][gc,heap        ] GC(282) Humongous regions: 8->8
[124.516s][info][gc,metaspace   ] GC(282) Metaspace: 16534K(16896K)->16534K(16896K) NonClass: 14208K(14400K)->14208K(14400K) Class: 2325K(2496K)->2325K(2496K)
[124.516s][info][gc             ] GC(282) Pause Young (Prepare Mixed) (G1 Evacuation Pause) 691M->471M(1024M) 61.805ms
[124.516s][info][gc,cpu         ] GC(282) User=0.28s Sys=0.00s Real=0.06s
[125.032s][info][gc,start       ] GC(283) Pause Young (Mixed) (G1 Evacuation Pause)
[125.032s][info][gc,task        ] GC(283) Using 6 workers of 6 for evacuation
[125.055s][info][gc,phases      ] GC(283)   Pre Evacuate Collection Set: 0.3ms
[125.055s][info][gc,phases      ] GC(283)   Merge Heap Roots: 1.2ms
[125.055s][info][gc,phases      ] GC(283)   Evacuate Collection Set: 21.4ms
[125.055s][info][gc,phases      ] GC(283)   Post Evacuate Collection Set: 0.4ms
[125.055s][info][gc,phases      ] GC(283)   Other: 0.1ms
[125.055s][info][gc,heap        ] GC(283) Eden regions: 290->0(337)
[125.055s][info][gc,heap        ] GC(283) Survivor regions: 34->3(41)
[125.055s][info][gc,heap        ] GC(283) Old regions: 430->434
[125.055s][info][gc,heap        ] GC(283) Humongous regions: 8->8
[125.055s][info][gc,metaspace   ] GC(283) Metaspace: 16534K(16896K)->16534K(16896K) NonClass: 14208K(14400K)->14208K(14400K) Class: 2325K(2496K)->2325K(2496K)
[125.055s][info][gc             ] GC(283) Pause Young (Mixed) (G1 Evacuation Pause) 761M->444M(1024M) 23.635ms
[125.055s][info][gc,cpu         ] GC(283) User=0.08s Sys=0.00s Real=0.03s
[125.799s][info][gc,start       ] GC(284) Pause Full (System.gc())
[125.799s][info][gc,task        ] GC(284) Using 6 workers of 6 for full compaction
[125.799s][info][gc,phases,start] GC(284) Phase 1: Mark live objects
[125.802s][info][gc,phases      ] GC(284) Phase 1: Mark live objects 2.587ms
[125.802s][info][gc,phases,start] GC(284) Phase 2: Prepare compaction
[125.802s][info][gc,phases      ] GC(284) Phase 2: Prepare compaction 0.569ms
[125.802s][info][gc,phases,start] GC(284) Phase 3: Adjust pointers
[125.804s][info][gc,phases      ] GC(284) Phase 3: Adjust pointers 1.965ms
[125.804s][info][gc,phases,start] GC(284) Phase 4: Compact heap
[125.805s][info][gc,phases      ] GC(284) Phase 4: Compact heap 0.638ms
[125.805s][info][gc,phases,start] GC(284) Phase 5: Reset Metadata
[125.806s][info][gc,phases      ] GC(284) Phase 5: Reset Metadata 0.708ms
[125.809s][info][gc,heap        ] GC(284) Eden regions: 116->0(597)
[125.809s][info][gc,heap        ] GC(284) Survivor regions: 3->0(41)
[125.809s][info][gc,heap        ] GC(284) Old regions: 434->10
[125.809s][info][gc,heap        ] GC(284) Humongous regions: 8->2
[125.809s][info][gc,metaspace   ] GC(284) Metaspace: 16535K(16896K)->16535K(16896K) NonClass: 14210K(14400K)->14210K(14400K) Class: 2325K(2496K)->2325K(2496K)
[125.809s][info][gc             ] GC(284) Pause Full (System.gc()) 560M->5M(1024M) 10.660ms
[125.809s][info][gc,cpu         ] GC(284) User=0.02s Sys=0.00s Real=0.02s
[127.304s][info][gc,start       ] GC(285) Pause Young (Concurrent Start) (G1 Evacuation Pause)
[127.304s][info][gc,task        ] GC(285) Using 6 workers of 6 for evacuation
[127.305s][info][gc,phases      ] GC(285)   Pre Evacuate Collection Set: 0.2ms
[127.305s][info][gc,phases      ] GC(285)   Merge Heap Roots: 0.1ms
[127.305s][info][gc,phases      ] GC(285)   Evacuate Collection Set: 0.4ms
[127.305s][info][gc,phases      ] GC(285)   Post Evacuate Collection Set: 0.4ms
[127.305s][info][gc,phases      ] GC(285)   Other: 0.1ms
[127.305s][info][gc,heap        ] GC(285) Eden regions: 597->0(612)
[127.305s][info][gc,heap        ] GC(285) Survivor regions: 0->2(75)
[127.305s][info][gc,heap        ] GC(285) Old regions: 10->10
[127.305s][info][gc,heap        ] GC(285) Humongous regions: 2->2
[127.305s][info][gc,metaspace   ] GC(285) Metaspace: 16535K(16896K)->16535K(16896K) NonClass: 14210K(14400K)->14210K(14400K) Class: 2325K(2496K)->2325K(2496K)
[127.305s][info][gc             ] GC(285) Pause Young (Concurrent Start) (G1 Evacuation Pause) 602M->7M(1024M) 1.385ms
[127.305s][info][gc             ] GC(286) Concurrent Mark Cycle
[127.305s][info][gc,cpu         ] GC(285) User=0.00s Sys=0.00s Real=0.00s
[127.305s][info][gc,marking     ] GC(286) Concurrent Scan Root Regions
[127.306s][info][gc,marking     ] GC(286) Concurrent Scan Root Regions 0.229ms
[127.306s][info][gc,marking     ] GC(286) Concurrent Mark
[127.306s][info][gc,marking     ] GC(286) Concurrent Mark From Roots
[127.306s][info][gc,task        ] GC(286) Using 2 workers of 2 for marking
[127.309s][info][gc,marking     ] GC(286) Concurrent Mark From Roots 3.065ms
[127.309s][info][gc,marking     ] GC(286) Concurrent Preclean
[127.309s][info][gc,marking     ] GC(286) Concurrent Preclean 0.019ms
[127.309s][info][gc,start       ] GC(286) Pause Remark
[127.310s][info][gc             ] GC(286) Pause Remark 24M->24M(1024M) 1.071ms
[127.310s][info][gc,cpu         ] GC(286) User=0.00s Sys=0.00s Real=0.00s
[127.310s][info][gc,marking     ] GC(286) Concurrent Mark 4.409ms
[127.310s][info][gc,marking     ] GC(286) Concurrent Rebuild Remembered Sets and Scrub Regions
[127.311s][info][gc,marking     ] GC(286) Concurrent Rebuild Remembered Sets and Scrub Regions 0.978ms
[127.311s][info][gc,start       ] GC(286) Pause Cleanup
[127.311s][info][gc             ] GC(286) Pause Cleanup 28M->28M(1024M) 0.126ms
[127.311s][info][gc,cpu         ] GC(286) User=0.00s Sys=0.00s Real=0.00s
[127.311s][info][gc,marking     ] GC(286) Concurrent Clear Claimed Marks
[127.311s][info][gc,marking     ] GC(286) Concurrent Clear Claimed Marks 0.027ms
[127.311s][info][gc,marking     ] GC(286) Concurrent Cleanup for Next Mark
[127.314s][info][gc,marking     ] GC(286) Concurrent Cleanup for Next Mark 2.289ms
[127.314s][info][gc             ] GC(286) Concurrent Mark Cycle 8.401ms
[127.403s][info][gc,start       ] GC(287) Pause Young (Prepare Mixed) (G1 Evacuation Pause)
[127.403s][info][gc,task        ] GC(287) Using 6 workers of 6 for evacuation
[127.404s][info][gc,phases      ] GC(287)   Pre Evacuate Collection Set: 0.2ms
[127.404s][info][gc,phases      ] GC(287)   Merge Heap Roots: 0.1ms
[127.404s][info][gc,phases      ] GC(287)   Evacuate Collection Set: 0.3ms
[127.404s][info][gc,phases      ] GC(287)   Post Evacuate Collection Set: 0.4ms
[127.404s][info][gc,phases      ] GC(287)   Other: 0.1ms
[127.404s][info][gc,heap        ] GC(287) Eden regions: 612->0(613)
[127.404s][info][gc,heap        ] GC(287) Survivor regions: 2->1(77)
[127.404s][info][gc,heap        ] GC(287) Old regions: 9->9
[127.404s][info][gc,heap        ] GC(287) Humongous regions: 2->2
[127.404s][info][gc,metaspace   ] GC(287) Metaspace: 16535K(16896K)->16535K(16896K) NonClass: 14210K(14400K)->14210K(14400K) Class: 2325K(2496K)->2325K(2496K)
[127.405s][info][gc             ] GC(287) Pause Young (Prepare Mixed) (G1 Evacuation Pause) 619M->6M(1024M) 1.215ms
[127.405s][info][gc,cpu         ] GC(287) User=0.00s Sys=0.00s Real=0.00s
[127.497s][info][gc,start       ] GC(288) Pause Young (Mixed) (G1 Evacuation Pause)
[127.497s][info][gc,task        ] GC(288) Using 6 workers of 6 for evacuation
[127.498s][info][gc,phases      ] GC(288)   Pre Evacuate Collection Set: 0.2ms
[127.498s][info][gc,phases      ] GC(288)   Merge Heap Roots: 0.1ms
[127.498s][info][gc,phases      ] GC(288)   Evacuate Collection Set: 0.3ms
[127.498s][info][gc,phases      ] GC(288)   Post Evacuate Collection Set: 0.4ms
[127.498s][info][gc,phases      ] GC(288)   Other: 0.1ms
[127.498s][info][gc,heap        ] GC(288) Eden regions: 613->0(613)
[127.499s][info][gc,heap        ] GC(288) Survivor regions: 1->1(77)
[127.499s][info][gc,heap        ] GC(288) Old regions: 9->9
[127.499s][info][gc,heap        ] GC(288) Humongous regions: 2->2
[127.499s][info][gc,metaspace   ] GC(288) Metaspace: 16535K(16896K)->16535K(16896K) NonClass: 14210K(14400K)->14210K(14400K) Class: 2325K(2496K)->2325K(2496K)
[127.499s][info][gc             ] GC(288) Pause Young (Mixed) (G1 Evacuation Pause) 619M->6M(1024M) 1.286ms
[127.499s][info][gc,cpu         ] GC(288) User=0.00s Sys=0.00s Real=0.00s
[127.596s][info][gc,start       ] GC(289) Pause Young (Concurrent Start) (G1 Evacuation Pause)
[127.596s][info][gc,task        ] GC(289) Using 6 workers of 6 for evacuation
[127.597s][info][gc,phases      ] GC(289)   Pre Evacuate Collection Set: 0.2ms
[127.597s][info][gc,phases      ] GC(289)   Merge Heap Roots: 0.1ms
[127.597s][info][gc,phases      ] GC(289)   Evacuate Collection Set: 0.4ms
[127.597s][info][gc,phases      ] GC(289)   Post Evacuate Collection Set: 0.3ms
[127.598s][info][gc,phases      ] GC(289)   Other: 0.1ms
[127.598s][info][gc,heap        ] GC(289) Eden regions: 613->0(613)
[127.598s][info][gc,heap        ] GC(289) Survivor regions: 1->1(77)
[127.598s][info][gc,heap        ] GC(289) Old regions: 9->9
[127.598s][info][gc,heap        ] GC(289) Humongous regions: 2->2
[127.598s][info][gc,metaspace   ] GC(289) Metaspace: 16535K(16896K)->16535K(16896K) NonClass: 14210K(14400K)->14210K(14400K) Class: 2325K(2496K)->2325K(2496K)
[127.598s][info][gc             ] GC(289) Pause Young (Concurrent Start) (G1 Evacuation Pause) 619M->6M(1024M) 1.385ms
[127.598s][info][gc             ] GC(290) Concurrent Mark Cycle
[127.598s][info][gc,cpu         ] GC(289) User=0.00s Sys=0.00s Real=0.00s
[127.598s][info][gc,marking     ] GC(290) Concurrent Scan Root Regions
[127.598s][info][gc,marking     ] GC(290) Concurrent Scan Root Regions 0.267ms
[127.598s][info][gc,marking     ] GC(290) Concurrent Mark
[127.598s][info][gc,marking     ] GC(290) Concurrent Mark From Roots
[127.598s][info][gc,task        ] GC(290) Using 2 workers of 2 for marking
[127.601s][info][gc,marking     ] GC(290) Concurrent Mark From Roots 3.125ms
[127.601s][info][gc,marking     ] GC(290) Concurrent Preclean
[127.601s][info][gc,marking     ] GC(290) Concurrent Preclean 0.022ms
[127.601s][info][gc,start       ] GC(290) Pause Remark
[127.602s][info][gc             ] GC(290) Pause Remark 22M->22M(1024M) 1.052ms
[127.602s][info][gc,cpu         ] GC(290) User=0.00s Sys=0.00s Real=0.00s
[127.602s][info][gc,marking     ] GC(290) Concurrent Mark 4.455ms
[127.602s][info][gc,marking     ] GC(290) Concurrent Rebuild Remembered Sets and Scrub Regions
[127.603s][info][gc,marking     ] GC(290) Concurrent Rebuild Remembered Sets and Scrub Regions 0.987ms
[127.604s][info][gc,start       ] GC(290) Pause Cleanup
[127.604s][info][gc             ] GC(290) Pause Cleanup 27M->27M(1024M) 0.117ms
[127.604s][info][gc,cpu         ] GC(290) User=0.00s Sys=0.00s Real=0.00s
[127.604s][info][gc,marking     ] GC(290) Concurrent Clear Claimed Marks
[127.604s][info][gc,marking     ] GC(290) Concurrent Clear Claimed Marks 0.022ms
[127.604s][info][gc,marking     ] GC(290) Concurrent Cleanup for Next Mark
[127.606s][info][gc,marking     ] GC(290) Concurrent Cleanup for Next Mark 2.278ms
[127.606s][info][gc             ] GC(290) Concurrent Mark Cycle 8.491ms
[127.780s][info][gc,start       ] GC(291) Pause Young (Prepare Mixed) (G1 Evacuation Pause)
[127.780s][info][gc,task        ] GC(291) Using 6 workers of 6 for evacuation
[127.833s][info][gc,phases      ] GC(291)   Pre Evacuate Collection Set: 0.1ms
[127.833s][info][gc,phases      ] GC(291)   Merge Heap Roots: 0.1ms
[127.833s][info][gc,phases      ] GC(291)   Evacuate Collection Set: 51.7ms
[127.833s][info][gc,phases      ] GC(291)   Post Evacuate Collection Set: 0.6ms
[127.833s][info][gc,phases      ] GC(291)   Other: 0.1ms
[127.833s][info][gc,heap        ] GC(291) Eden regions: 613->0(537)
[127.833s][info][gc,heap        ] GC(291) Survivor regions: 1->77(77)
[127.833s][info][gc,heap        ] GC(291) Old regions: 9->48
[127.833s][info][gc,heap        ] GC(291) Humongous regions: 3->3
[127.833s][info][gc,metaspace   ] GC(291) Metaspace: 16535K(16896K)->16535K(16896K) NonClass: 14210K(14400K)->14210K(14400K) Class: 2325K(2496K)->2325K(2496K)
[127.833s][info][gc             ] GC(291) Pause Young (Prepare Mixed) (G1 Evacuation Pause) 620M->123M(1024M) 52.815ms
[127.833s][info][gc,cpu         ] GC(291) User=0.28s Sys=0.00s Real=0.06s
[128.438s][info][gc,start       ] GC(292) Pause Young (Mixed) (G1 Evacuation Pause)
[128.438s][info][gc,task        ] GC(292) Using 6 workers of 6 for evacuation
[128.593s][info][gc,phases      ] GC(292)   Pre Evacuate Collection Set: 0.2ms
[128.593s][info][gc,phases      ] GC(292)   Merge Heap Roots: 0.3ms
[128.593s][info][gc,phases      ] GC(292)   Evacuate Collection Set: 153.2ms
[128.593s][info][gc,phases      ] GC(292)   Post Evacuate Collection Set: 1.2ms
[128.593s][info][gc,phases      ] GC(292)   Other: 0.1ms
[128.593s][info][gc,heap        ] GC(292) Eden regions: 537->0(312)
[128.593s][info][gc,heap        ] GC(292) Survivor regions: 77->77(77)
[128.593s][info][gc,heap        ] GC(292) Old regions: 48->359
[128.594s][info][gc,heap        ] GC(292) Humongous regions: 4->4
[128.594s][info][gc,metaspace   ] GC(292) Metaspace: 16535K(16896K)->16535K(16896K) NonClass: 14210K(14400K)->14210K(14400K) Class: 2325K(2496K)->2325K(2496K)
[128.594s][info][gc             ] GC(292) Pause Young (Mixed) (G1 Evacuation Pause) (Evacuation Failure) 661M->436M(1024M) 155.155ms
[128.594s][info][gc,cpu         ] GC(292) User=0.84s Sys=0.00s Real=0.16s
[131.125s][info][gc,start       ] GC(293) Pause Young (Concurrent Start) (G1 Evacuation Pause)
[131.125s][info][gc,task        ] GC(293) Using 6 workers of 6 for evacuation
[131.235s][info][gc,phases      ] GC(293)   Pre Evacuate Collection Set: 0.4ms
[131.235s][info][gc,phases      ] GC(293)   Merge Heap Roots: 1.0ms
[131.235s][info][gc,phases      ] GC(293)   Evacuate Collection Set: 106.9ms
[131.235s][info][gc,phases      ] GC(293)   Post Evacuate Collection Set: 1.0ms
[131.235s][info][gc,phases      ] GC(293)   Other: 0.2ms
[131.235s][info][gc,heap        ] GC(293) Eden regions: 312->0(231)
[131.235s][info][gc,heap        ] GC(293) Survivor regions: 77->49(49)
[131.235s][info][gc,heap        ] GC(293) Old regions: 359->512
[131.235s][info][gc,heap        ] GC(293) Humongous regions: 4->4
[131.235s][info][gc,metaspace   ] GC(293) Metaspace: 16535K(16896K)->16535K(16896K) NonClass: 14210K(14400K)->14210K(14400K) Class: 2325K(2496K)->2325K(2496K)
[131.235s][info][gc             ] GC(293) Pause Young (Concurrent Start) (G1 Evacuation Pause) 748M->561M(1024M) 109.740ms
[131.235s][info][gc             ] GC(294) Concurrent Mark Cycle
[131.235s][info][gc,cpu         ] GC(293) User=0.58s Sys=0.00s Real=0.11s
[131.235s][info][gc,marking     ] GC(294) Concurrent Scan Root Regions
[131.273s][info][gc,marking     ] GC(294) Concurrent Scan Root Regions 37.552ms
[131.273s][info][gc,marking     ] GC(294) Concurrent Mark
[131.273s][info][gc,marking     ] GC(294) Concurrent Mark From Roots
[131.273s][info][gc,task        ] GC(294) Using 2 workers of 2 for marking
[131.284s][info][gc,marking     ] GC(294) Concurrent Mark From Roots 11.153ms
[131.284s][info][gc,marking     ] GC(294) Concurrent Preclean
[131.284s][info][gc,marking     ] GC(294) Concurrent Preclean 0.034ms
[131.284s][info][gc,start       ] GC(294) Pause Remark
[131.285s][info][gc             ] GC(294) Pause Remark 636M->406M(1024M) 1.129ms
[131.285s][info][gc,cpu         ] GC(294) User=0.00s Sys=0.00s Real=0.00s
[131.285s][info][gc,marking     ] GC(294) Concurrent Mark 12.508ms
[131.285s][info][gc,marking     ] GC(294) Concurrent Rebuild Remembered Sets and Scrub Regions
[131.331s][info][gc,marking     ] GC(294) Concurrent Rebuild Remembered Sets and Scrub Regions 45.703ms
[131.331s][info][gc,start       ] GC(294) Pause Cleanup
[131.331s][info][gc             ] GC(294) Pause Cleanup 486M->486M(1024M) 0.234ms
[131.331s][info][gc,cpu         ] GC(294) User=0.00s Sys=0.00s Real=0.00s
[131.331s][info][gc,marking     ] GC(294) Concurrent Clear Claimed Marks
[131.331s][info][gc,marking     ] GC(294) Concurrent Clear Claimed Marks 0.028ms
[131.331s][info][gc,marking     ] GC(294) Concurrent Cleanup for Next Mark
[131.333s][info][gc,marking     ] GC(294) Concurrent Cleanup for Next Mark 1.557ms
[131.333s][info][gc             ] GC(294) Concurrent Mark Cycle 97.878ms
[131.377s][info][gc,start       ] GC(295) Pause Young (Prepare Mixed) (G1 Evacuation Pause)
[131.377s][info][gc,task        ] GC(295) Using 6 workers of 6 for evacuation
[131.454s][info][gc,phases      ] GC(295)   Pre Evacuate Collection Set: 0.3ms
[131.454s][info][gc,phases      ] GC(295)   Merge Heap Roots: 1.1ms
[131.454s][info][gc,phases      ] GC(295)   Evacuate Collection Set: 75.3ms
[131.454s][info][gc,phases      ] GC(295)   Post Evacuate Collection Set: 0.4ms
[131.454s][info][gc,phases      ] GC(295)   Other: 0.1ms
[131.454s][info][gc,heap        ] GC(295) Eden regions: 231->0(295)
[131.454s][info][gc,heap        ] GC(295) Survivor regions: 49->35(35)
[131.454s][info][gc,heap        ] GC(295) Old regions: 283->395
[131.454s][info][gc,heap        ] GC(295) Humongous regions: 3->3
[131.454s][info][gc,metaspace   ] GC(295) Metaspace: 16535K(16896K)->16535K(16896K) NonClass: 14210K(14400K)->14210K(14400K) Class: 2325K(2496K)->2325K(2496K)
[131.454s][info][gc             ] GC(295) Pause Young (Prepare Mixed) (G1 Evacuation Pause) 562M->429M(1024M) 77.360ms
[131.454s][info][gc,cpu         ] GC(295) User=0.39s Sys=0.00s Real=0.08s
[131.632s][info][gc,start       ] GC(296) Pause Young (Mixed) (G1 Evacuation Pause)
[131.632s][info][gc,task        ] GC(296) Using 6 workers of 6 for evacuation
[131.708s][info][gc,phases      ] GC(296)   Pre Evacuate Collection Set: 0.4ms
[131.708s][info][gc,phases      ] GC(296)   Merge Heap Roots: 0.2ms
[131.708s][info][gc,phases      ] GC(296)   Evacuate Collection Set: 74.5ms
[131.708s][info][gc,phases      ] GC(296)   Post Evacuate Collection Set: 0.4ms
[131.708s][info][gc,phases      ] GC(296)   Other: 0.1ms
[131.708s][info][gc,heap        ] GC(296) Eden regions: 295->0(264)
[131.708s][info][gc,heap        ] GC(296) Survivor regions: 35->42(42)
[131.708s][info][gc,heap        ] GC(296) Old regions: 395->444
[131.708s][info][gc,heap        ] GC(296) Humongous regions: 3->3
[131.708s][info][gc,metaspace   ] GC(296) Metaspace: 16535K(16896K)->16535K(16896K) NonClass: 14210K(14400K)->14210K(14400K) Class: 2325K(2496K)->2325K(2496K)
[131.708s][info][gc             ] GC(296) Pause Young (Mixed) (G1 Evacuation Pause) 724M->487M(1024M) 75.830ms
[131.708s][info][gc,cpu         ] GC(296) User=0.38s Sys=0.00s Real=0.06s
[131.812s][info][gc,start       ] GC(297) Pause Young (Concurrent Start) (G1 Humongous Allocation)
[131.812s][info][gc,task        ] GC(297) Using 6 workers of 6 for evacuation
[131.868s][info][gc,phases      ] GC(297)   Pre Evacuate Collection Set: 0.3ms
[131.868s][info][gc,phases      ] GC(297)   Merge Heap Roots: 0.2ms
[131.868s][info][gc,phases      ] GC(297)   Evacuate Collection Set: 54.2ms
[131.868s][info][gc,phases      ] GC(297)   Post Evacuate Collection Set: 0.4ms
[131.868s][info][gc,phases      ] GC(297)   Other: 0.2ms
[131.868s][info][gc,heap        ] GC(297) Eden regions: 170->0(227)
[131.868s][info][gc,heap        ] GC(297) Survivor regions: 42->39(39)
[131.868s][info][gc,heap        ] GC(297) Old regions: 444->520
[131.868s][info][gc,heap        ] GC(297) Humongous regions: 3->3
[131.868s][info][gc,metaspace   ] GC(297) Metaspace: 16535K(16896K)->16535K(16896K) NonClass: 14210K(14400K)->14210K(14400K) Class: 2325K(2496K)->2325K(2496K)
[131.868s][info][gc             ] GC(297) Pause Young (Concurrent Start) (G1 Humongous Allocation) 657M->560M(1024M) 55.528ms
[131.868s][info][gc,cpu         ] GC(297) User=0.28s Sys=0.00s Real=0.06s
[131.868s][info][gc             ] GC(298) Concurrent Mark Cycle
[131.868s][info][gc,marking     ] GC(298) Concurrent Scan Root Regions
[131.901s][info][gc,marking     ] GC(298) Concurrent Scan Root Regions 33.366ms
[131.901s][info][gc,marking     ] GC(298) Concurrent Mark
[131.901s][info][gc,marking     ] GC(298) Concurrent Mark From Roots
[131.901s][info][gc,task        ] GC(298) Using 2 workers of 2 for marking
[132.119s][info][gc,marking     ] GC(298) Concurrent Mark From Roots 217.735ms
[132.119s][info][gc,marking     ] GC(298) Concurrent Preclean
[132.119s][info][gc,marking     ] GC(298) Concurrent Preclean 0.042ms
[132.119s][info][gc,start       ] GC(298) Pause Remark
[132.120s][info][gc             ] GC(298) Pause Remark 630M->507M(1024M) 1.136ms
[132.121s][info][gc,cpu         ] GC(298) User=0.00s Sys=0.00s Real=0.00s
[132.121s][info][gc,marking     ] GC(298) Concurrent Mark 219.126ms
[132.121s][info][gc,marking     ] GC(298) Concurrent Rebuild Remembered Sets and Scrub Regions
[132.218s][info][gc,marking     ] GC(298) Concurrent Rebuild Remembered Sets and Scrub Regions 97.169ms
[132.218s][info][gc,start       ] GC(298) Pause Cleanup
[132.218s][info][gc             ] GC(298) Pause Cleanup 516M->516M(1024M) 0.244ms
[132.218s][info][gc,cpu         ] GC(298) User=0.00s Sys=0.00s Real=0.00s
[132.218s][info][gc,marking     ] GC(298) Concurrent Clear Claimed Marks
[132.218s][info][gc,marking     ] GC(298) Concurrent Clear Claimed Marks 0.026ms
[132.218s][info][gc,marking     ] GC(298) Concurrent Cleanup for Next Mark
[132.220s][info][gc,marking     ] GC(298) Concurrent Cleanup for Next Mark 1.317ms
[132.220s][info][gc             ] GC(298) Concurrent Mark Cycle 351.727ms
[132.518s][info][gc,start       ] GC(299) Pause Young (Prepare Mixed) (G1 Evacuation Pause)
[132.518s][info][gc,task        ] GC(299) Using 6 workers of 6 for evacuation
[132.583s][info][gc,phases      ] GC(299)   Pre Evacuate Collection Set: 0.3ms
[132.583s][info][gc,phases      ] GC(299)   Merge Heap Roots: 2.1ms
[132.583s][info][gc,phases      ] GC(299)   Evacuate Collection Set: 60.7ms
[132.583s][info][gc,phases      ] GC(299)   Post Evacuate Collection Set: 1.1ms
[132.583s][info][gc,phases      ] GC(299)   Other: 0.1ms
[132.583s][info][gc,heap        ] GC(299) Eden regions: 227->0(287)
[132.583s][info][gc,heap        ] GC(299) Survivor regions: 39->34(34)
[132.583s][info][gc,heap        ] GC(299) Old regions: 398->436
[132.583s][info][gc,heap        ] GC(299) Humongous regions: 8->8
[132.583s][info][gc,metaspace   ] GC(299) Metaspace: 16535K(16896K)->16535K(16896K) NonClass: 14210K(14400K)->14210K(14400K) Class: 2325K(2496K)->2325K(2496K)
[132.583s][info][gc             ] GC(299) Pause Young (Prepare Mixed) (G1 Evacuation Pause) 670M->476M(1024M) 64.583ms
[132.583s][info][gc,cpu         ] GC(299) User=0.30s Sys=0.00s Real=0.06s
[133.093s][info][gc,start       ] GC(300) Pause Young (Mixed) (G1 Evacuation Pause)
[133.093s][info][gc,task        ] GC(300) Using 6 workers of 6 for evacuation
[133.119s][info][gc,phases      ] GC(300)   Pre Evacuate Collection Set: 0.3ms
[133.119s][info][gc,phases      ] GC(300)   Merge Heap Roots: 1.3ms
[133.119s][info][gc,phases      ] GC(300)   Evacuate Collection Set: 23.4ms
[133.119s][info][gc,phases      ] GC(300)   Post Evacuate Collection Set: 0.5ms
[133.119s][info][gc,phases      ] GC(300)   Other: 0.1ms
[133.119s][info][gc,heap        ] GC(300) Eden regions: 287->0(332)
[133.119s][info][gc,heap        ] GC(300) Survivor regions: 34->3(41)
[133.119s][info][gc,heap        ] GC(300) Old regions: 436->442
[133.119s][info][gc,heap        ] GC(300) Humongous regions: 8->8
[133.119s][info][gc,metaspace   ] GC(300) Metaspace: 16535K(16896K)->16535K(16896K) NonClass: 14210K(14400K)->14210K(14400K) Class: 2325K(2496K)->2325K(2496K)
[133.119s][info][gc             ] GC(300) Pause Young (Mixed) (G1 Evacuation Pause) 763M->451M(1024M) 25.927ms
[133.119s][info][gc,cpu         ] GC(300) User=0.09s Sys=0.00s Real=0.03s
[133.922s][info][gc,start       ] GC(301) Pause Full (System.gc())
[133.923s][info][gc,task        ] GC(301) Using 6 workers of 6 for full compaction
[133.923s][info][gc,phases,start] GC(301) Phase 1: Mark live objects
[133.925s][info][gc,phases      ] GC(301) Phase 1: Mark live objects 2.351ms
[133.925s][info][gc,phases,start] GC(301) Phase 2: Prepare compaction
[133.926s][info][gc,phases      ] GC(301) Phase 2: Prepare compaction 0.624ms
[133.926s][info][gc,phases,start] GC(301) Phase 3: Adjust pointers
[133.928s][info][gc,phases      ] GC(301) Phase 3: Adjust pointers 2.131ms
[133.928s][info][gc,phases,start] GC(301) Phase 4: Compact heap
[133.929s][info][gc,phases      ] GC(301) Phase 4: Compact heap 0.553ms
[133.929s][info][gc,phases,start] GC(301) Phase 5: Reset Metadata
[133.929s][info][gc,phases      ] GC(301) Phase 5: Reset Metadata 0.548ms
[133.933s][info][gc,heap        ] GC(301) Eden regions: 146->0(599)
[133.933s][info][gc,heap        ] GC(301) Survivor regions: 3->0(41)
[133.933s][info][gc,heap        ] GC(301) Old regions: 442->10
[133.933s][info][gc,heap        ] GC(301) Humongous regions: 8->2
[133.933s][info][gc,metaspace   ] GC(301) Metaspace: 16536K(16896K)->16536K(16896K) NonClass: 14210K(14400K)->14210K(14400K) Class: 2325K(2496K)->2325K(2496K)
[133.933s][info][gc             ] GC(301) Pause Full (System.gc()) 596M->5M(1024M) 10.481ms
[133.933s][info][gc,cpu         ] GC(301) User=0.02s Sys=0.00s Real=0.02s
[135.432s][info][gc,start       ] GC(302) Pause Young (Concurrent Start) (G1 Evacuation Pause)
[135.432s][info][gc,task        ] GC(302) Using 6 workers of 6 for evacuation
[135.433s][info][gc,phases      ] GC(302)   Pre Evacuate Collection Set: 0.2ms
[135.433s][info][gc,phases      ] GC(302)   Merge Heap Roots: 0.1ms
[135.433s][info][gc,phases      ] GC(302)   Evacuate Collection Set: 0.4ms
[135.433s][info][gc,phases      ] GC(302)   Post Evacuate Collection Set: 0.4ms
[135.433s][info][gc,phases      ] GC(302)   Other: 0.1ms
[135.433s][info][gc,heap        ] GC(302) Eden regions: 599->0(612)
[135.433s][info][gc,heap        ] GC(302) Survivor regions: 0->2(75)
[135.433s][info][gc,heap        ] GC(302) Old regions: 10->10
[135.433s][info][gc,heap        ] GC(302) Humongous regions: 2->2
[135.433s][info][gc,metaspace   ] GC(302) Metaspace: 16536K(16896K)->16536K(16896K) NonClass: 14210K(14400K)->14210K(14400K) Class: 2325K(2496K)->2325K(2496K)
[135.433s][info][gc             ] GC(302) Pause Young (Concurrent Start) (G1 Evacuation Pause) 604M->7M(1024M) 1.360ms
[135.433s][info][gc,cpu         ] GC(302) User=0.00s Sys=0.00s Real=0.00s
[135.433s][info][gc             ] GC(303) Concurrent Mark Cycle
[135.433s][info][gc,marking     ] GC(303) Concurrent Scan Root Regions
[135.433s][info][gc,marking     ] GC(303) Concurrent Scan Root Regions 0.185ms
[135.433s][info][gc,marking     ] GC(303) Concurrent Mark
[135.433s][info][gc,marking     ] GC(303) Concurrent Mark From Roots
[135.433s][info][gc,task        ] GC(303) Using 2 workers of 2 for marking
[135.436s][info][gc,marking     ] GC(303) Concurrent Mark From Roots 3.152ms
[135.436s][info][gc,marking     ] GC(303) Concurrent Preclean
[135.436s][info][gc,marking     ] GC(303) Concurrent Preclean 0.018ms
[135.436s][info][gc,start       ] GC(303) Pause Remark
[135.437s][info][gc             ] GC(303) Pause Remark 25M->25M(1024M) 1.010ms
[135.438s][info][gc,cpu         ] GC(303) User=0.00s Sys=0.00s Real=0.00s
[135.438s][info][gc,marking     ] GC(303) Concurrent Mark 4.443ms
[135.438s][info][gc,marking     ] GC(303) Concurrent Rebuild Remembered Sets and Scrub Regions
[135.439s][info][gc,marking     ] GC(303) Concurrent Rebuild Remembered Sets and Scrub Regions 0.992ms
[135.439s][info][gc,start       ] GC(303) Pause Cleanup
[135.439s][info][gc             ] GC(303) Pause Cleanup 31M->31M(1024M) 0.149ms
[135.439s][info][gc,cpu         ] GC(303) User=0.00s Sys=0.00s Real=0.00s
[135.439s][info][gc,marking     ] GC(303) Concurrent Clear Claimed Marks
[135.439s][info][gc,marking     ] GC(303) Concurrent Clear Claimed Marks 0.022ms
[135.439s][info][gc,marking     ] GC(303) Concurrent Cleanup for Next Mark
[135.441s][info][gc,marking     ] GC(303) Concurrent Cleanup for Next Mark 2.425ms
[135.441s][info][gc             ] GC(303) Concurrent Mark Cycle 8.601ms
[135.531s][info][gc,start       ] GC(304) Pause Young (Prepare Mixed) (G1 Evacuation Pause)
[135.531s][info][gc,task        ] GC(304) Using 6 workers of 6 for evacuation
[135.532s][info][gc,phases      ] GC(304)   Pre Evacuate Collection Set: 0.2ms
[135.532s][info][gc,phases      ] GC(304)   Merge Heap Roots: 0.1ms
[135.532s][info][gc,phases      ] GC(304)   Evacuate Collection Set: 0.3ms
[135.532s][info][gc,phases      ] GC(304)   Post Evacuate Collection Set: 0.4ms
[135.532s][info][gc,phases      ] GC(304)   Other: 0.1ms
[135.532s][info][gc,heap        ] GC(304) Eden regions: 612->0(613)
[135.532s][info][gc,heap        ] GC(304) Survivor regions: 2->1(77)
[135.532s][info][gc,heap        ] GC(304) Old regions: 10->10
[135.532s][info][gc,heap        ] GC(304) Humongous regions: 2->2
[135.532s][info][gc,metaspace   ] GC(304) Metaspace: 16536K(16896K)->16536K(16896K) NonClass: 14210K(14400K)->14210K(14400K) Class: 2325K(2496K)->2325K(2496K)
[135.532s][info][gc             ] GC(304) Pause Young (Prepare Mixed) (G1 Evacuation Pause) 619M->6M(1024M) 1.319ms
[135.532s][info][gc,cpu         ] GC(304) User=0.00s Sys=0.00s Real=0.00s
[135.625s][info][gc,start       ] GC(305) Pause Young (Mixed) (G1 Evacuation Pause)
[135.625s][info][gc,task        ] GC(305) Using 6 workers of 6 for evacuation
[135.626s][info][gc,phases      ] GC(305)   Pre Evacuate Collection Set: 0.2ms
[135.626s][info][gc,phases      ] GC(305)   Merge Heap Roots: 0.1ms
[135.626s][info][gc,phases      ] GC(305)   Evacuate Collection Set: 0.3ms
[135.626s][info][gc,phases      ] GC(305)   Post Evacuate Collection Set: 0.4ms
[135.626s][info][gc,phases      ] GC(305)   Other: 0.1ms
[135.626s][info][gc,heap        ] GC(305) Eden regions: 613->0(613)
[135.626s][info][gc,heap        ] GC(305) Survivor regions: 1->1(77)
[135.626s][info][gc,heap        ] GC(305) Old regions: 10->10
[135.626s][info][gc,heap        ] GC(305) Humongous regions: 2->2
[135.626s][info][gc,metaspace   ] GC(305) Metaspace: 16536K(16896K)->16536K(16896K) NonClass: 14210K(14400K)->14210K(14400K) Class: 2325K(2496K)->2325K(2496K)
[135.626s][info][gc             ] GC(305) Pause Young (Mixed) (G1 Evacuation Pause) 619M->6M(1024M) 1.291ms
[135.626s][info][gc,cpu         ] GC(305) User=0.00s Sys=0.00s Real=0.00s
[135.720s][info][gc,start       ] GC(306) Pause Young (Concurrent Start) (G1 Evacuation Pause)
[135.720s][info][gc,task        ] GC(306) Using 6 workers of 6 for evacuation
[135.721s][info][gc,phases      ] GC(306)   Pre Evacuate Collection Set: 0.3ms
[135.721s][info][gc,phases      ] GC(306)   Merge Heap Roots: 0.1ms
[135.721s][info][gc,phases      ] GC(306)   Evacuate Collection Set: 0.4ms
[135.721s][info][gc,phases      ] GC(306)   Post Evacuate Collection Set: 0.4ms
[135.721s][info][gc,phases      ] GC(306)   Other: 0.1ms
[135.721s][info][gc,heap        ] GC(306) Eden regions: 613->0(613)
[135.721s][info][gc,heap        ] GC(306) Survivor regions: 1->1(77)
[135.721s][info][gc,heap        ] GC(306) Old regions: 10->10
[135.721s][info][gc,heap        ] GC(306) Humongous regions: 2->2
[135.721s][info][gc,metaspace   ] GC(306) Metaspace: 16536K(16896K)->16536K(16896K) NonClass: 14210K(14400K)->14210K(14400K) Class: 2325K(2496K)->2325K(2496K)
[135.721s][info][gc             ] GC(306) Pause Young (Concurrent Start) (G1 Evacuation Pause) 619M->6M(1024M) 1.398ms
[135.721s][info][gc             ] GC(307) Concurrent Mark Cycle
[135.721s][info][gc,cpu         ] GC(306) User=0.02s Sys=0.00s Real=0.02s
[135.721s][info][gc,marking     ] GC(307) Concurrent Scan Root Regions
[135.721s][info][gc,marking     ] GC(307) Concurrent Scan Root Regions 0.268ms
[135.721s][info][gc,marking     ] GC(307) Concurrent Mark
[135.721s][info][gc,marking     ] GC(307) Concurrent Mark From Roots
[135.721s][info][gc,task        ] GC(307) Using 2 workers of 2 for marking
[135.724s][info][gc,marking     ] GC(307) Concurrent Mark From Roots 3.158ms
[135.724s][info][gc,marking     ] GC(307) Concurrent Preclean
[135.725s][info][gc,marking     ] GC(307) Concurrent Preclean 0.024ms
[135.725s][info][gc,start       ] GC(307) Pause Remark
[135.726s][info][gc             ] GC(307) Pause Remark 24M->24M(1024M) 1.028ms
[135.726s][info][gc,cpu         ] GC(307) User=0.00s Sys=0.00s Real=0.00s
[135.726s][info][gc,marking     ] GC(307) Concurrent Mark 4.467ms
[135.726s][info][gc,marking     ] GC(307) Concurrent Rebuild Remembered Sets and Scrub Regions
[135.727s][info][gc,marking     ] GC(307) Concurrent Rebuild Remembered Sets and Scrub Regions 1.006ms
[135.727s][info][gc,start       ] GC(307) Pause Cleanup
[135.727s][info][gc             ] GC(307) Pause Cleanup 29M->29M(1024M) 0.104ms
[135.727s][info][gc,cpu         ] GC(307) User=0.00s Sys=0.00s Real=0.00s
[135.727s][info][gc,marking     ] GC(307) Concurrent Clear Claimed Marks
[135.727s][info][gc,marking     ] GC(307) Concurrent Clear Claimed Marks 0.032ms
[135.727s][info][gc,marking     ] GC(307) Concurrent Cleanup for Next Mark
[135.729s][info][gc,marking     ] GC(307) Concurrent Cleanup for Next Mark 2.346ms
[135.730s][info][gc             ] GC(307) Concurrent Mark Cycle 8.592ms
[135.910s][info][gc,start       ] GC(308) Pause Young (Prepare Mixed) (G1 Evacuation Pause)
[135.910s][info][gc,task        ] GC(308) Using 6 workers of 6 for evacuation
[135.966s][info][gc,phases      ] GC(308)   Pre Evacuate Collection Set: 0.1ms
[135.966s][info][gc,phases      ] GC(308)   Merge Heap Roots: 0.1ms
[135.966s][info][gc,phases      ] GC(308)   Evacuate Collection Set: 54.8ms
[135.966s][info][gc,phases      ] GC(308)   Post Evacuate Collection Set: 0.7ms
[135.966s][info][gc,phases      ] GC(308)   Other: 0.1ms
[135.966s][info][gc,heap        ] GC(308) Eden regions: 613->0(537)
[135.966s][info][gc,heap        ] GC(308) Survivor regions: 1->77(77)
[135.966s][info][gc,heap        ] GC(308) Old regions: 9->54
[135.966s][info][gc,heap        ] GC(308) Humongous regions: 3->3
[135.966s][info][gc,metaspace   ] GC(308) Metaspace: 16536K(16896K)->16536K(16896K) NonClass: 14210K(14400K)->14210K(14400K) Class: 2325K(2496K)->2325K(2496K)
[135.966s][info][gc             ] GC(308) Pause Young (Prepare Mixed) (G1 Evacuation Pause) 620M->129M(1024M) 56.005ms
[135.966s][info][gc,cpu         ] GC(308) User=0.28s Sys=0.00s Real=0.05s
[136.554s][info][gc,start       ] GC(309) Pause Young (Mixed) (G1 Evacuation Pause)
[136.554s][info][gc,task        ] GC(309) Using 6 workers of 6 for evacuation
[136.704s][info][gc,phases      ] GC(309)   Pre Evacuate Collection Set: 0.1ms
[136.704s][info][gc,phases      ] GC(309)   Merge Heap Roots: 0.3ms
[136.704s][info][gc,phases      ] GC(309)   Evacuate Collection Set: 147.7ms
[136.704s][info][gc,phases      ] GC(309)   Post Evacuate Collection Set: 1.2ms
[136.704s][info][gc,phases      ] GC(309)   Other: 0.1ms
[136.704s][info][gc,heap        ] GC(309) Eden regions: 537->0(331)
[136.704s][info][gc,heap        ] GC(309) Survivor regions: 77->77(77)
[136.704s][info][gc,heap        ] GC(309) Old regions: 54->328
[136.704s][info][gc,heap        ] GC(309) Humongous regions: 4->4
[136.704s][info][gc,metaspace   ] GC(309) Metaspace: 16536K(16896K)->16536K(16896K) NonClass: 14210K(14400K)->14210K(14400K) Class: 2325K(2496K)->2325K(2496K)
[136.704s][info][gc             ] GC(309) Pause Young (Mixed) (G1 Evacuation Pause) 667M->405M(1024M) 149.672ms
[136.704s][info][gc,cpu         ] GC(309) User=0.86s Sys=0.00s Real=0.15s
[138.898s][info][gc,start       ] GC(310) Pause Young (Concurrent Start) (G1 Evacuation Pause)
[138.898s][info][gc,task        ] GC(310) Using 6 workers of 6 for evacuation
[139.010s][info][gc,phases      ] GC(310)   Pre Evacuate Collection Set: 0.3ms
[139.011s][info][gc,phases      ] GC(310)   Merge Heap Roots: 0.9ms
[139.011s][info][gc,phases      ] GC(310)   Evacuate Collection Set: 109.9ms
[139.011s][info][gc,phases      ] GC(310)   Post Evacuate Collection Set: 1.1ms
[139.011s][info][gc,phases      ] GC(310)   Other: 0.2ms
[139.011s][info][gc,heap        ] GC(310) Eden regions: 331->0(241)
[139.011s][info][gc,heap        ] GC(310) Survivor regions: 77->51(51)
[139.011s][info][gc,heap        ] GC(310) Old regions: 328->493
[139.011s][info][gc,heap        ] GC(310) Humongous regions: 4->4
[139.011s][info][gc,metaspace   ] GC(310) Metaspace: 16536K(16896K)->16536K(16896K) NonClass: 14210K(14400K)->14210K(14400K) Class: 2325K(2496K)->2325K(2496K)
[139.011s][info][gc             ] GC(310) Pause Young (Concurrent Start) (G1 Evacuation Pause) 736M->544M(1024M) 112.722ms
[139.011s][info][gc             ] GC(311) Concurrent Mark Cycle
[139.011s][info][gc,cpu         ] GC(310) User=0.64s Sys=0.00s Real=0.11s
[139.011s][info][gc,marking     ] GC(311) Concurrent Scan Root Regions
[139.050s][info][gc,marking     ] GC(311) Concurrent Scan Root Regions 39.764ms
[139.050s][info][gc,marking     ] GC(311) Concurrent Mark
[139.050s][info][gc,marking     ] GC(311) Concurrent Mark From Roots
[139.050s][info][gc,task        ] GC(311) Using 2 workers of 2 for marking
[139.059s][info][gc,marking     ] GC(311) Concurrent Mark From Roots 8.763ms
[139.059s][info][gc,marking     ] GC(311) Concurrent Preclean
[139.059s][info][gc,marking     ] GC(311) Concurrent Preclean 0.037ms
[139.059s][info][gc,start       ] GC(311) Pause Remark
[139.061s][info][gc             ] GC(311) Pause Remark 603M->385M(1024M) 1.149ms
[139.061s][info][gc,cpu         ] GC(311) User=0.00s Sys=0.00s Real=0.00s
[139.061s][info][gc,marking     ] GC(311) Concurrent Mark 10.205ms
[139.061s][info][gc,marking     ] GC(311) Concurrent Rebuild Remembered Sets and Scrub Regions
[139.110s][info][gc,marking     ] GC(311) Concurrent Rebuild Remembered Sets and Scrub Regions 49.781ms
[139.111s][info][gc,start       ] GC(311) Pause Cleanup
[139.111s][info][gc             ] GC(311) Pause Cleanup 469M->469M(1024M) 0.354ms
[139.111s][info][gc,cpu         ] GC(311) User=0.00s Sys=0.00s Real=0.00s
[139.111s][info][gc,marking     ] GC(311) Concurrent Clear Claimed Marks
[139.111s][info][gc,marking     ] GC(311) Concurrent Clear Claimed Marks 0.018ms
[139.111s][info][gc,marking     ] GC(311) Concurrent Cleanup for Next Mark
[139.112s][info][gc,marking     ] GC(311) Concurrent Cleanup for Next Mark 1.383ms
[139.113s][info][gc             ] GC(311) Concurrent Mark Cycle 101.895ms
[139.170s][info][gc,start       ] GC(312) Pause Young (Prepare Mixed) (G1 Evacuation Pause)
[139.170s][info][gc,task        ] GC(312) Using 6 workers of 6 for evacuation
[139.251s][info][gc,phases      ] GC(312)   Pre Evacuate Collection Set: 0.3ms
[139.251s][info][gc,phases      ] GC(312)   Merge Heap Roots: 1.2ms
[139.251s][info][gc,phases      ] GC(312)   Evacuate Collection Set: 79.0ms
[139.251s][info][gc,phases      ] GC(312)   Post Evacuate Collection Set: 0.4ms
[139.251s][info][gc,phases      ] GC(312)   Other: 0.1ms
[139.251s][info][gc,heap        ] GC(312) Eden regions: 241->0(296)
[139.251s][info][gc,heap        ] GC(312) Survivor regions: 51->37(37)
[139.251s][info][gc,heap        ] GC(312) Old regions: 276->392
[139.251s][info][gc,heap        ] GC(312) Humongous regions: 3->3
[139.251s][info][gc,metaspace   ] GC(312) Metaspace: 16536K(16896K)->16536K(16896K) NonClass: 14210K(14400K)->14210K(14400K) Class: 2325K(2496K)->2325K(2496K)
[139.251s][info][gc             ] GC(312) Pause Young (Prepare Mixed) (G1 Evacuation Pause) 567M->428M(1024M) 81.230ms
[139.251s][info][gc,cpu         ] GC(312) User=0.47s Sys=0.00s Real=0.08s
[139.432s][info][gc,start       ] GC(313) Pause Young (Mixed) (G1 Evacuation Pause)
[139.432s][info][gc,task        ] GC(313) Using 6 workers of 6 for evacuation
[139.512s][info][gc,phases      ] GC(313)   Pre Evacuate Collection Set: 0.5ms
[139.512s][info][gc,phases      ] GC(313)   Merge Heap Roots: 0.2ms
[139.512s][info][gc,phases      ] GC(313)   Evacuate Collection Set: 78.5ms
[139.512s][info][gc,phases      ] GC(313)   Post Evacuate Collection Set: 0.4ms
[139.512s][info][gc,phases      ] GC(313)   Other: 0.1ms
[139.512s][info][gc,heap        ] GC(313) Eden regions: 296->0(256)
[139.512s][info][gc,heap        ] GC(313) Survivor regions: 37->42(42)
[139.512s][info][gc,heap        ] GC(313) Old regions: 392->460
[139.512s][info][gc,heap        ] GC(313) Humongous regions: 3->3
[139.512s][info][gc,metaspace   ] GC(313) Metaspace: 16536K(16896K)->16536K(16896K) NonClass: 14210K(14400K)->14210K(14400K) Class: 2325K(2496K)->2325K(2496K)
[139.512s][info][gc             ] GC(313) Pause Young (Mixed) (G1 Evacuation Pause) 724M->503M(1024M) 79.923ms
[139.512s][info][gc,cpu         ] GC(313) User=0.47s Sys=0.00s Real=0.08s
[139.592s][info][gc,start       ] GC(314) Pause Young (Concurrent Start) (G1 Humongous Allocation)
[139.592s][info][gc,task        ] GC(314) Using 6 workers of 6 for evacuation
[139.640s][info][gc,phases      ] GC(314)   Pre Evacuate Collection Set: 0.3ms
[139.640s][info][gc,phases      ] GC(314)   Merge Heap Roots: 0.2ms
[139.640s][info][gc,phases      ] GC(314)   Evacuate Collection Set: 46.6ms
[139.640s][info][gc,phases      ] GC(314)   Post Evacuate Collection Set: 0.4ms
[139.640s][info][gc,phases      ] GC(314)   Other: 0.2ms
[139.640s][info][gc,heap        ] GC(314) Eden regions: 131->0(227)
[139.640s][info][gc,heap        ] GC(314) Survivor regions: 42->38(38)
[139.640s][info][gc,heap        ] GC(314) Old regions: 460->521
[139.640s][info][gc,heap        ] GC(314) Humongous regions: 3->3
[139.640s][info][gc,metaspace   ] GC(314) Metaspace: 16536K(16896K)->16536K(16896K) NonClass: 14210K(14400K)->14210K(14400K) Class: 2325K(2496K)->2325K(2496K)
[139.640s][info][gc             ] GC(314) Pause Young (Concurrent Start) (G1 Humongous Allocation) 633M->560M(1024M) 47.871ms
[139.640s][info][gc             ] GC(315) Concurrent Mark Cycle
[139.640s][info][gc,cpu         ] GC(314) User=0.19s Sys=0.00s Real=0.05s
[139.640s][info][gc,marking     ] GC(315) Concurrent Scan Root Regions
[139.667s][info][gc,marking     ] GC(315) Concurrent Scan Root Regions 27.636ms
[139.667s][info][gc,marking     ] GC(315) Concurrent Mark
[139.667s][info][gc,marking     ] GC(315) Concurrent Mark From Roots
[139.667s][info][gc,task        ] GC(315) Using 2 workers of 2 for marking
[139.897s][info][gc,marking     ] GC(315) Concurrent Mark From Roots 229.872ms
[139.897s][info][gc,marking     ] GC(315) Concurrent Preclean
[139.897s][info][gc,marking     ] GC(315) Concurrent Preclean 0.072ms
[139.898s][info][gc,start       ] GC(315) Pause Remark
[139.899s][info][gc             ] GC(315) Pause Remark 633M->512M(1024M) 1.306ms
[139.899s][info][gc,cpu         ] GC(315) User=0.00s Sys=0.00s Real=0.00s
[139.899s][info][gc,marking     ] GC(315) Concurrent Mark 231.555ms
[139.899s][info][gc,marking     ] GC(315) Concurrent Rebuild Remembered Sets and Scrub Regions
[139.995s][info][gc,marking     ] GC(315) Concurrent Rebuild Remembered Sets and Scrub Regions 95.785ms
[139.995s][info][gc,start       ] GC(315) Pause Cleanup
[139.995s][info][gc             ] GC(315) Pause Cleanup 520M->520M(1024M) 0.288ms
[139.995s][info][gc,cpu         ] GC(315) User=0.00s Sys=0.00s Real=0.00s
[139.995s][info][gc,marking     ] GC(315) Concurrent Clear Claimed Marks
[139.995s][info][gc,marking     ] GC(315) Concurrent Clear Claimed Marks 0.046ms
[139.995s][info][gc,marking     ] GC(315) Concurrent Cleanup for Next Mark
[139.997s][info][gc,marking     ] GC(315) Concurrent Cleanup for Next Mark 1.484ms
[139.997s][info][gc             ] GC(315) Concurrent Mark Cycle 357.298ms
[140.274s][info][gc,start       ] GC(316) Pause Young (Prepare Mixed) (G1 Evacuation Pause)
[140.274s][info][gc,task        ] GC(316) Using 6 workers of 6 for evacuation
[140.336s][info][gc,phases      ] GC(316)   Pre Evacuate Collection Set: 0.2ms
[140.336s][info][gc,phases      ] GC(316)   Merge Heap Roots: 2.1ms
[140.336s][info][gc,phases      ] GC(316)   Evacuate Collection Set: 58.9ms
[140.336s][info][gc,phases      ] GC(316)   Post Evacuate Collection Set: 1.1ms
[140.336s][info][gc,phases      ] GC(316)   Other: 0.1ms
[140.336s][info][gc,heap        ] GC(316) Eden regions: 227->0(285)
[140.336s][info][gc,heap        ] GC(316) Survivor regions: 38->34(34)
[140.336s][info][gc,heap        ] GC(316) Old regions: 401->440
[140.336s][info][gc,heap        ] GC(316) Humongous regions: 8->8
[140.336s][info][gc,metaspace   ] GC(316) Metaspace: 16536K(16896K)->16536K(16896K) NonClass: 14210K(14400K)->14210K(14400K) Class: 2325K(2496K)->2325K(2496K)
[140.336s][info][gc             ] GC(316) Pause Young (Prepare Mixed) (G1 Evacuation Pause) 672M->480M(1024M) 62.691ms
[140.336s][info][gc,cpu         ] GC(316) User=0.30s Sys=0.00s Real=0.06s
[140.842s][info][gc,start       ] GC(317) Pause Young (Mixed) (G1 Evacuation Pause)
[140.843s][info][gc,task        ] GC(317) Using 6 workers of 6 for evacuation
[140.871s][info][gc,phases      ] GC(317)   Pre Evacuate Collection Set: 0.2ms
[140.871s][info][gc,phases      ] GC(317)   Merge Heap Roots: 1.1ms
[140.871s][info][gc,phases      ] GC(317)   Evacuate Collection Set: 26.9ms
[140.871s][info][gc,phases      ] GC(317)   Post Evacuate Collection Set: 0.5ms
[140.872s][info][gc,phases      ] GC(317)   Other: 0.1ms
[140.872s][info][gc,heap        ] GC(317) Eden regions: 285->0(328)
[140.872s][info][gc,heap        ] GC(317) Survivor regions: 34->3(40)
[140.872s][info][gc,heap        ] GC(317) Old regions: 440->445
[140.872s][info][gc,heap        ] GC(317) Humongous regions: 8->8
[140.872s][info][gc,metaspace   ] GC(317) Metaspace: 16536K(16896K)->16536K(16896K) NonClass: 14210K(14400K)->14210K(14400K) Class: 2325K(2496K)->2325K(2496K)
[140.872s][info][gc             ] GC(317) Pause Young (Mixed) (G1 Evacuation Pause) 765M->453M(1024M) 29.092ms
[140.872s][info][gc,cpu         ] GC(317) User=0.09s Sys=0.00s Real=0.03s
[141.670s][info][gc,start       ] GC(318) Pause Full (System.gc())
[141.670s][info][gc,task        ] GC(318) Using 6 workers of 6 for full compaction
[141.671s][info][gc,phases,start] GC(318) Phase 1: Mark live objects
[141.673s][info][gc,phases      ] GC(318) Phase 1: Mark live objects 2.504ms
[141.673s][info][gc,phases,start] GC(318) Phase 2: Prepare compaction
[141.674s][info][gc,phases      ] GC(318) Phase 2: Prepare compaction 0.623ms
[141.674s][info][gc,phases,start] GC(318) Phase 3: Adjust pointers
[141.676s][info][gc,phases      ] GC(318) Phase 3: Adjust pointers 1.969ms
[141.676s][info][gc,phases,start] GC(318) Phase 4: Compact heap
[141.677s][info][gc,phases      ] GC(318) Phase 4: Compact heap 0.720ms
[141.677s][info][gc,phases,start] GC(318) Phase 5: Reset Metadata
[141.677s][info][gc,phases      ] GC(318) Phase 5: Reset Metadata 0.760ms
[141.681s][info][gc,heap        ] GC(318) Eden regions: 149->0(597)
[141.681s][info][gc,heap        ] GC(318) Survivor regions: 3->0(40)
[141.681s][info][gc,heap        ] GC(318) Old regions: 445->10
[141.681s][info][gc,heap        ] GC(318) Humongous regions: 8->2
[141.681s][info][gc,metaspace   ] GC(318) Metaspace: 16536K(16896K)->16536K(16896K) NonClass: 14210K(14400K)->14210K(14400K) Class: 2325K(2496K)->2325K(2496K)
[141.681s][info][gc             ] GC(318) Pause Full (System.gc()) 602M->5M(1024M) 10.715ms
[141.681s][info][gc,cpu         ] GC(318) User=0.00s Sys=0.00s Real=0.00s
[142.819s][info][gc,start       ] GC(319) Pause Young (Concurrent Start) (G1 Evacuation Pause)
[142.819s][info][gc,task        ] GC(319) Using 6 workers of 6 for evacuation
[142.821s][info][gc,phases      ] GC(319)   Pre Evacuate Collection Set: 0.2ms
[142.821s][info][gc,phases      ] GC(319)   Merge Heap Roots: 0.1ms
[142.821s][info][gc,phases      ] GC(319)   Evacuate Collection Set: 0.4ms
[142.821s][info][gc,phases      ] GC(319)   Post Evacuate Collection Set: 0.4ms
[142.821s][info][gc,phases      ] GC(319)   Other: 0.1ms
[142.821s][info][gc,heap        ] GC(319) Eden regions: 597->0(612)
[142.821s][info][gc,heap        ] GC(319) Survivor regions: 0->2(75)
[142.821s][info][gc,heap        ] GC(319) Old regions: 10->10
[142.821s][info][gc,heap        ] GC(319) Humongous regions: 2->2
[142.821s][info][gc,metaspace   ] GC(319) Metaspace: 16536K(16896K)->16536K(16896K) NonClass: 14210K(14400K)->14210K(14400K) Class: 2325K(2496K)->2325K(2496K)
[142.821s][info][gc             ] GC(319) Pause Young (Concurrent Start) (G1 Evacuation Pause) 602M->7M(1024M) 1.380ms
[142.821s][info][gc,cpu         ] GC(319) User=0.00s Sys=0.00s Real=0.00s
[142.821s][info][gc             ] GC(320) Concurrent Mark Cycle
[142.821s][info][gc,marking     ] GC(320) Concurrent Scan Root Regions
[142.821s][info][gc,marking     ] GC(320) Concurrent Scan Root Regions 0.174ms
[142.821s][info][gc,marking     ] GC(320) Concurrent Mark
[142.821s][info][gc,marking     ] GC(320) Concurrent Mark From Roots
[142.821s][info][gc,task        ] GC(320) Using 2 workers of 2 for marking
[142.824s][info][gc,marking     ] GC(320) Concurrent Mark From Roots 3.083ms
[142.824s][info][gc,marking     ] GC(320) Concurrent Preclean
[142.824s][info][gc,marking     ] GC(320) Concurrent Preclean 0.022ms
[142.824s][info][gc,start       ] GC(320) Pause Remark
[142.825s][info][gc             ] GC(320) Pause Remark 24M->24M(1024M) 1.031ms
[142.825s][info][gc,cpu         ] GC(320) User=0.00s Sys=0.00s Real=0.00s
[142.825s][info][gc,marking     ] GC(320) Concurrent Mark 4.367ms
[142.825s][info][gc,marking     ] GC(320) Concurrent Rebuild Remembered Sets and Scrub Regions
[142.826s][info][gc,marking     ] GC(320) Concurrent Rebuild Remembered Sets and Scrub Regions 0.983ms
[142.826s][info][gc,start       ] GC(320) Pause Cleanup
[142.827s][info][gc             ] GC(320) Pause Cleanup 28M->28M(1024M) 0.114ms
[142.827s][info][gc,cpu         ] GC(320) User=0.00s Sys=0.00s Real=0.00s
[142.827s][info][gc,marking     ] GC(320) Concurrent Clear Claimed Marks
[142.827s][info][gc,marking     ] GC(320) Concurrent Clear Claimed Marks 0.026ms
[142.827s][info][gc,marking     ] GC(320) Concurrent Cleanup for Next Mark
[142.829s][info][gc,marking     ] GC(320) Concurrent Cleanup for Next Mark 2.401ms
[142.829s][info][gc             ] GC(320) Concurrent Mark Cycle 8.482ms
[142.926s][info][gc,start       ] GC(321) Pause Young (Prepare Mixed) (G1 Evacuation Pause)
[142.926s][info][gc,task        ] GC(321) Using 6 workers of 6 for evacuation
[142.927s][info][gc,phases      ] GC(321)   Pre Evacuate Collection Set: 0.2ms
[142.927s][info][gc,phases      ] GC(321)   Merge Heap Roots: 0.1ms
[142.927s][info][gc,phases      ] GC(321)   Evacuate Collection Set: 0.4ms
[142.927s][info][gc,phases      ] GC(321)   Post Evacuate Collection Set: 0.4ms
[142.927s][info][gc,phases      ] GC(321)   Other: 0.1ms
[142.927s][info][gc,heap        ] GC(321) Eden regions: 612->0(613)
[142.927s][info][gc,heap        ] GC(321) Survivor regions: 2->1(77)
[142.927s][info][gc,heap        ] GC(321) Old regions: 10->10
[142.927s][info][gc,heap        ] GC(321) Humongous regions: 2->2
[142.927s][info][gc,metaspace   ] GC(321) Metaspace: 16536K(16896K)->16536K(16896K) NonClass: 14210K(14400K)->14210K(14400K) Class: 2325K(2496K)->2325K(2496K)
[142.927s][info][gc             ] GC(321) Pause Young (Prepare Mixed) (G1 Evacuation Pause) 619M->6M(1024M) 1.358ms
[142.927s][info][gc,cpu         ] GC(321) User=0.00s Sys=0.00s Real=0.00s
[143.022s][info][gc,start       ] GC(322) Pause Young (Mixed) (G1 Evacuation Pause)
[143.022s][info][gc,task        ] GC(322) Using 6 workers of 6 for evacuation
[143.023s][info][gc,phases      ] GC(322)   Pre Evacuate Collection Set: 0.2ms
[143.023s][info][gc,phases      ] GC(322)   Merge Heap Roots: 0.1ms
[143.023s][info][gc,phases      ] GC(322)   Evacuate Collection Set: 0.3ms
[143.023s][info][gc,phases      ] GC(322)   Post Evacuate Collection Set: 0.4ms
[143.023s][info][gc,phases      ] GC(322)   Other: 0.1ms
[143.023s][info][gc,heap        ] GC(322) Eden regions: 613->0(613)
[143.023s][info][gc,heap        ] GC(322) Survivor regions: 1->1(77)
[143.023s][info][gc,heap        ] GC(322) Old regions: 10->9
[143.023s][info][gc,heap        ] GC(322) Humongous regions: 2->2
[143.023s][info][gc,metaspace   ] GC(322) Metaspace: 16536K(16896K)->16536K(16896K) NonClass: 14210K(14400K)->14210K(14400K) Class: 2325K(2496K)->2325K(2496K)
[143.023s][info][gc             ] GC(322) Pause Young (Mixed) (G1 Evacuation Pause) 619M->6M(1024M) 1.306ms
[143.023s][info][gc,cpu         ] GC(322) User=0.00s Sys=0.00s Real=0.00s
[143.120s][info][gc,start       ] GC(323) Pause Young (Concurrent Start) (G1 Evacuation Pause)
[143.120s][info][gc,task        ] GC(323) Using 6 workers of 6 for evacuation
[143.121s][info][gc,phases      ] GC(323)   Pre Evacuate Collection Set: 0.2ms
[143.121s][info][gc,phases      ] GC(323)   Merge Heap Roots: 0.1ms
[143.121s][info][gc,phases      ] GC(323)   Evacuate Collection Set: 0.4ms
[143.121s][info][gc,phases      ] GC(323)   Post Evacuate Collection Set: 0.3ms
[143.121s][info][gc,phases      ] GC(323)   Other: 0.1ms
[143.121s][info][gc,heap        ] GC(323) Eden regions: 613->0(613)
[143.121s][info][gc,heap        ] GC(323) Survivor regions: 1->1(77)
[143.121s][info][gc,heap        ] GC(323) Old regions: 9->9
[143.121s][info][gc,heap        ] GC(323) Humongous regions: 2->2
[143.121s][info][gc,metaspace   ] GC(323) Metaspace: 16536K(16896K)->16536K(16896K) NonClass: 14210K(14400K)->14210K(14400K) Class: 2325K(2496K)->2325K(2496K)
[143.121s][info][gc             ] GC(323) Pause Young (Concurrent Start) (G1 Evacuation Pause) 619M->6M(1024M) 1.309ms
[143.121s][info][gc,cpu         ] GC(323) User=0.00s Sys=0.00s Real=0.00s
[143.121s][info][gc             ] GC(324) Concurrent Mark Cycle
[143.121s][info][gc,marking     ] GC(324) Concurrent Scan Root Regions
[143.121s][info][gc,marking     ] GC(324) Concurrent Scan Root Regions 0.264ms
[143.121s][info][gc,marking     ] GC(324) Concurrent Mark
[143.121s][info][gc,marking     ] GC(324) Concurrent Mark From Roots
[143.121s][info][gc,task        ] GC(324) Using 2 workers of 2 for marking
[143.125s][info][gc,marking     ] GC(324) Concurrent Mark From Roots 3.215ms
[143.125s][info][gc,marking     ] GC(324) Concurrent Preclean
[143.125s][info][gc,marking     ] GC(324) Concurrent Preclean 0.019ms
[143.125s][info][gc,start       ] GC(324) Pause Remark
[143.126s][info][gc             ] GC(324) Pause Remark 24M->24M(1024M) 0.979ms
[143.126s][info][gc,cpu         ] GC(324) User=0.00s Sys=0.00s Real=0.00s
[143.126s][info][gc,marking     ] GC(324) Concurrent Mark 4.470ms
[143.126s][info][gc,marking     ] GC(324) Concurrent Rebuild Remembered Sets and Scrub Regions
[143.127s][info][gc,marking     ] GC(324) Concurrent Rebuild Remembered Sets and Scrub Regions 1.004ms
[143.127s][info][gc,start       ] GC(324) Pause Cleanup
[143.127s][info][gc             ] GC(324) Pause Cleanup 30M->30M(1024M) 0.099ms
[143.127s][info][gc,cpu         ] GC(324) User=0.00s Sys=0.00s Real=0.00s
[143.127s][info][gc,marking     ] GC(324) Concurrent Clear Claimed Marks
[143.127s][info][gc,marking     ] GC(324) Concurrent Clear Claimed Marks 0.021ms
[143.127s][info][gc,marking     ] GC(324) Concurrent Cleanup for Next Mark
[143.130s][info][gc,marking     ] GC(324) Concurrent Cleanup for Next Mark 2.409ms
[143.130s][info][gc             ] GC(324) Concurrent Mark Cycle 8.638ms
[143.296s][info][gc,start       ] GC(325) Pause Young (Prepare Mixed) (G1 Evacuation Pause)
[143.296s][info][gc,task        ] GC(325) Using 6 workers of 6 for evacuation
[143.347s][info][gc,phases      ] GC(325)   Pre Evacuate Collection Set: 0.2ms
[143.347s][info][gc,phases      ] GC(325)   Merge Heap Roots: 0.1ms
[143.347s][info][gc,phases      ] GC(325)   Evacuate Collection Set: 49.6ms
[143.347s][info][gc,phases      ] GC(325)   Post Evacuate Collection Set: 0.6ms
[143.347s][info][gc,phases      ] GC(325)   Other: 0.1ms
[143.347s][info][gc,heap        ] GC(325) Eden regions: 613->0(537)
[143.347s][info][gc,heap        ] GC(325) Survivor regions: 1->77(77)
[143.347s][info][gc,heap        ] GC(325) Old regions: 9->44
[143.347s][info][gc,heap        ] GC(325) Humongous regions: 3->3
[143.347s][info][gc,metaspace   ] GC(325) Metaspace: 16536K(16896K)->16536K(16896K) NonClass: 14210K(14400K)->14210K(14400K) Class: 2325K(2496K)->2325K(2496K)
[143.347s][info][gc             ] GC(325) Pause Young (Prepare Mixed) (G1 Evacuation Pause) 620M->118M(1024M) 50.756ms
[143.347s][info][gc,cpu         ] GC(325) User=0.14s Sys=0.00s Real=0.05s
[143.914s][info][gc,start       ] GC(326) Pause Young (Mixed) (G1 Evacuation Pause)
[143.914s][info][gc,task        ] GC(326) Using 6 workers of 6 for evacuation
[144.074s][info][gc,phases      ] GC(326)   Pre Evacuate Collection Set: 0.2ms
[144.074s][info][gc,phases      ] GC(326)   Merge Heap Roots: 0.2ms
[144.074s][info][gc,phases      ] GC(326)   Evacuate Collection Set: 155.9ms
[144.074s][info][gc,phases      ] GC(326)   Post Evacuate Collection Set: 3.4ms
[144.074s][info][gc,phases      ] GC(326)   Other: 0.1ms
[144.074s][info][gc,heap        ] GC(326) Eden regions: 537->0(103)
[144.074s][info][gc,heap        ] GC(326) Survivor regions: 77->77(77)
[144.074s][info][gc,heap        ] GC(326) Old regions: 44->711
[144.074s][info][gc,heap        ] GC(326) Humongous regions: 4->4
[144.074s][info][gc,metaspace   ] GC(326) Metaspace: 16536K(16896K)->16536K(16896K) NonClass: 14210K(14400K)->14210K(14400K) Class: 2325K(2496K)->2325K(2496K)
[144.074s][info][gc             ] GC(326) Pause Young (Mixed) (G1 Evacuation Pause) (Evacuation Failure) 656M->787M(1024M) 160.059ms
[144.074s][info][gc,cpu         ] GC(326) User=0.86s Sys=0.00s Real=0.16s
[146.123s][info][gc,start       ] GC(327) Pause Young (Concurrent Start) (G1 Evacuation Pause)
[146.124s][info][gc,task        ] GC(327) Using 6 workers of 6 for evacuation
[146.189s][info][gc,phases      ] GC(327)   Pre Evacuate Collection Set: 0.3ms
[146.189s][info][gc,phases      ] GC(327)   Merge Heap Roots: 0.8ms
[146.189s][info][gc,phases      ] GC(327)   Evacuate Collection Set: 63.2ms
[146.189s][info][gc,phases      ] GC(327)   Post Evacuate Collection Set: 0.8ms
[146.189s][info][gc,phases      ] GC(327)   Other: 0.1ms
[146.189s][info][gc,heap        ] GC(327) Eden regions: 103->0(103)
[146.189s][info][gc,heap        ] GC(327) Survivor regions: 77->23(23)
[146.189s][info][gc,heap        ] GC(327) Old regions: 711->799
[146.189s][info][gc,heap        ] GC(327) Humongous regions: 4->4
[146.189s][info][gc,metaspace   ] GC(327) Metaspace: 16536K(16896K)->16536K(16896K) NonClass: 14210K(14400K)->14210K(14400K) Class: 2325K(2496K)->2325K(2496K)
[146.189s][info][gc             ] GC(327) Pause Young (Concurrent Start) (G1 Evacuation Pause) 890M->821M(1024M) 65.523ms
[146.189s][info][gc,cpu         ] GC(327) User=0.34s Sys=0.00s Real=0.06s
[146.189s][info][gc             ] GC(328) Concurrent Mark Cycle
[146.189s][info][gc,marking     ] GC(328) Concurrent Scan Root Regions
[146.211s][info][gc,marking     ] GC(328) Concurrent Scan Root Regions 21.661ms
[146.211s][info][gc,marking     ] GC(328) Concurrent Mark
[146.211s][info][gc,marking     ] GC(328) Concurrent Mark From Roots
[146.211s][info][gc,task        ] GC(328) Using 2 workers of 2 for marking
[146.223s][info][gc,marking     ] GC(328) Concurrent Mark From Roots 12.542ms
[146.223s][info][gc,marking     ] GC(328) Concurrent Preclean
[146.223s][info][gc,marking     ] GC(328) Concurrent Preclean 0.056ms
[146.224s][info][gc,start       ] GC(328) Pause Remark
[146.225s][info][gc             ] GC(328) Pause Remark 879M->403M(1024M) 1.274ms
[146.225s][info][gc,cpu         ] GC(328) User=0.00s Sys=0.00s Real=0.00s
[146.225s][info][gc,marking     ] GC(328) Concurrent Mark 14.073ms
[146.225s][info][gc,marking     ] GC(328) Concurrent Rebuild Remembered Sets and Scrub Regions
[146.251s][info][gc,start       ] GC(329) Pause Young (Normal) (G1 Evacuation Pause)
[146.251s][info][gc,task        ] GC(329) Using 6 workers of 6 for evacuation
[146.286s][info][gc,phases      ] GC(329)   Pre Evacuate Collection Set: 0.2ms
[146.286s][info][gc,phases      ] GC(329)   Merge Heap Roots: 0.6ms
[146.286s][info][gc,phases      ] GC(329)   Evacuate Collection Set: 34.1ms
[146.286s][info][gc,phases      ] GC(329)   Post Evacuate Collection Set: 0.4ms
[146.286s][info][gc,phases      ] GC(329)   Other: 0.1ms
[146.286s][info][gc,heap        ] GC(329) Eden regions: 103->0(351)
[146.286s][info][gc,heap        ] GC(329) Survivor regions: 23->16(16)
[146.286s][info][gc,heap        ] GC(329) Old regions: 324->377
[146.286s][info][gc,heap        ] GC(329) Humongous regions: 3->3
[146.286s][info][gc,metaspace   ] GC(329) Metaspace: 16536K(16896K)->16536K(16896K) NonClass: 14210K(14400K)->14210K(14400K) Class: 2325K(2496K)->2325K(2496K)
[146.286s][info][gc             ] GC(329) Pause Young (Normal) (G1 Evacuation Pause) 448M->391M(1024M) 35.535ms
[146.286s][info][gc,cpu         ] GC(329) User=0.09s Sys=0.00s Real=0.03s
[146.290s][info][gc,marking     ] GC(328) Concurrent Rebuild Remembered Sets and Scrub Regions 64.906ms
[146.290s][info][gc,start       ] GC(328) Pause Cleanup
[146.290s][info][gc             ] GC(328) Pause Cleanup 397M->397M(1024M) 0.351ms
[146.290s][info][gc,cpu         ] GC(328) User=0.00s Sys=0.00s Real=0.00s
[146.290s][info][gc,marking     ] GC(328) Concurrent Clear Claimed Marks
[146.290s][info][gc,marking     ] GC(328) Concurrent Clear Claimed Marks 0.027ms
[146.290s][info][gc,marking     ] GC(328) Concurrent Cleanup for Next Mark
[146.292s][info][gc,marking     ] GC(328) Concurrent Cleanup for Next Mark 1.575ms
[146.292s][info][gc             ] GC(328) Concurrent Mark Cycle 103.015ms
[146.488s][info][gc,start       ] GC(330) Pause Young (Prepare Mixed) (G1 Evacuation Pause)
[146.489s][info][gc,task        ] GC(330) Using 6 workers of 6 for evacuation
[146.571s][info][gc,phases      ] GC(330)   Pre Evacuate Collection Set: 0.2ms
[146.573s][info][gc,phases      ] GC(330)   Merge Heap Roots: 0.3ms
[146.573s][info][gc,phases      ] GC(330)   Evacuate Collection Set: 81.7ms
[146.573s][info][gc,phases      ] GC(330)   Post Evacuate Collection Set: 0.5ms
[146.573s][info][gc,phases      ] GC(330)   Other: 0.1ms
[146.573s][info][gc,heap        ] GC(330) Eden regions: 351->0(248)
[146.573s][info][gc,heap        ] GC(330) Survivor regions: 16->46(46)
[146.573s][info][gc,heap        ] GC(330) Old regions: 377->495
[146.573s][info][gc,heap        ] GC(330) Humongous regions: 3->3
[146.573s][info][gc,metaspace   ] GC(330) Metaspace: 16536K(16896K)->16536K(16896K) NonClass: 14210K(14400K)->14210K(14400K) Class: 2325K(2496K)->2325K(2496K)
[146.573s][info][gc             ] GC(330) Pause Young (Prepare Mixed) (G1 Evacuation Pause) 742M->539M(1024M) 84.985ms
[146.573s][info][gc,cpu         ] GC(330) User=0.45s Sys=0.00s Real=0.08s
[146.723s][info][gc,start       ] GC(331) Pause Young (Mixed) (G1 Evacuation Pause)
[146.723s][info][gc,task        ] GC(331) Using 6 workers of 6 for evacuation
[146.795s][info][gc,phases      ] GC(331)   Pre Evacuate Collection Set: 0.3ms
[146.795s][info][gc,phases      ] GC(331)   Merge Heap Roots: 0.3ms
[146.795s][info][gc,phases      ] GC(331)   Evacuate Collection Set: 70.8ms
[146.795s][info][gc,phases      ] GC(331)   Post Evacuate Collection Set: 0.4ms
[146.795s][info][gc,phases      ] GC(331)   Other: 0.1ms
[146.795s][info][gc,heap        ] GC(331) Eden regions: 248->0(241)
[146.795s][info][gc,heap        ] GC(331) Survivor regions: 46->37(37)
[146.795s][info][gc,heap        ] GC(331) Old regions: 495->506
[146.795s][info][gc,heap        ] GC(331) Humongous regions: 3->3
[146.795s][info][gc,metaspace   ] GC(331) Metaspace: 16536K(16896K)->16536K(16896K) NonClass: 14210K(14400K)->14210K(14400K) Class: 2325K(2496K)->2325K(2496K)
[146.795s][info][gc             ] GC(331) Pause Young (Mixed) (G1 Evacuation Pause) 787M->544M(1024M) 72.180ms
[146.795s][info][gc,cpu         ] GC(331) User=0.38s Sys=0.00s Real=0.06s
[147.119s][info][gc,start       ] GC(332) Pause Young (Mixed) (G1 Evacuation Pause)
[147.119s][info][gc,task        ] GC(332) Using 6 workers of 6 for evacuation
[147.215s][info][gc,phases      ] GC(332)   Pre Evacuate Collection Set: 0.4ms
[147.215s][info][gc,phases      ] GC(332)   Merge Heap Roots: 2.0ms
[147.215s][info][gc,phases      ] GC(332)   Evacuate Collection Set: 92.3ms
[147.215s][info][gc,phases      ] GC(332)   Post Evacuate Collection Set: 0.9ms
[147.215s][info][gc,phases      ] GC(332)   Other: 0.1ms
[147.215s][info][gc,heap        ] GC(332) Eden regions: 241->0(211)
[147.215s][info][gc,heap        ] GC(332) Survivor regions: 37->35(35)
[147.215s][info][gc,heap        ] GC(332) Old regions: 506->550
[147.215s][info][gc,heap        ] GC(332) Humongous regions: 6->6
[147.215s][info][gc,metaspace   ] GC(332) Metaspace: 16536K(16896K)->16536K(16896K) NonClass: 14210K(14400K)->14210K(14400K) Class: 2325K(2496K)->2325K(2496K)
[147.215s][info][gc             ] GC(332) Pause Young (Mixed) (G1 Evacuation Pause) 788M->589M(1024M) 95.932ms
[147.215s][info][gc,cpu         ] GC(332) User=0.48s Sys=0.00s Real=0.08s
[147.240s][info][gc,start       ] GC(333) Pause Young (Concurrent Start) (G1 Humongous Allocation)
[147.241s][info][gc,task        ] GC(333) Using 6 workers of 6 for evacuation
[147.292s][info][gc,phases      ] GC(333)   Pre Evacuate Collection Set: 0.2ms
[147.292s][info][gc,phases      ] GC(333)   Merge Heap Roots: 2.6ms
[147.292s][info][gc,phases      ] GC(333)   Evacuate Collection Set: 48.0ms
[147.292s][info][gc,phases      ] GC(333)   Post Evacuate Collection Set: 0.7ms
[147.292s][info][gc,phases      ] GC(333)   Other: 0.1ms
[147.292s][info][gc,heap        ] GC(333) Eden regions: 24->0(179)
[147.292s][info][gc,heap        ] GC(333) Survivor regions: 35->18(31)
[147.292s][info][gc,heap        ] GC(333) Old regions: 550->587
[147.292s][info][gc,heap        ] GC(333) Humongous regions: 6->6
[147.292s][info][gc,metaspace   ] GC(333) Metaspace: 16536K(16896K)->16536K(16896K) NonClass: 14210K(14400K)->14210K(14400K) Class: 2325K(2496K)->2325K(2496K)
[147.292s][info][gc             ] GC(333) Pause Young (Concurrent Start) (G1 Humongous Allocation) 613M->609M(1024M) 51.928ms
[147.292s][info][gc             ] GC(334) Concurrent Mark Cycle
[147.292s][info][gc,cpu         ] GC(333) User=0.09s Sys=0.00s Real=0.05s
[147.292s][info][gc,marking     ] GC(334) Concurrent Scan Root Regions
[147.307s][info][gc,marking     ] GC(334) Concurrent Scan Root Regions 14.457ms
[147.307s][info][gc,marking     ] GC(334) Concurrent Mark
[147.307s][info][gc,marking     ] GC(334) Concurrent Mark From Roots
[147.307s][info][gc,task        ] GC(334) Using 2 workers of 2 for marking
[147.596s][info][gc,marking     ] GC(334) Concurrent Mark From Roots 289.273ms
[147.596s][info][gc,marking     ] GC(334) Concurrent Preclean
[147.596s][info][gc,marking     ] GC(334) Concurrent Preclean 0.062ms
[147.596s][info][gc,start       ] GC(334) Pause Remark
[147.598s][info][gc             ] GC(334) Pause Remark 655M->531M(1024M) 1.367ms
[147.598s][info][gc,cpu         ] GC(334) User=0.00s Sys=0.00s Real=0.00s
[147.598s][info][gc,marking     ] GC(334) Concurrent Mark 290.961ms
[147.598s][info][gc,marking     ] GC(334) Concurrent Rebuild Remembered Sets and Scrub Regions
[147.694s][info][gc,marking     ] GC(334) Concurrent Rebuild Remembered Sets and Scrub Regions 95.779ms
[147.694s][info][gc,start       ] GC(334) Pause Cleanup
[147.694s][info][gc             ] GC(334) Pause Cleanup 583M->583M(1024M) 0.308ms
[147.694s][info][gc,cpu         ] GC(334) User=0.00s Sys=0.00s Real=0.00s
[147.694s][info][gc,marking     ] GC(334) Concurrent Clear Claimed Marks
[147.694s][info][gc,marking     ] GC(334) Concurrent Clear Claimed Marks 0.047ms
[147.694s][info][gc,marking     ] GC(334) Concurrent Cleanup for Next Mark
[147.696s][info][gc,marking     ] GC(334) Concurrent Cleanup for Next Mark 1.285ms
[147.696s][info][gc             ] GC(334) Concurrent Mark Cycle 403.298ms
[147.849s][info][gc,start       ] GC(335) Pause Young (Prepare Mixed) (G1 Evacuation Pause)
[147.849s][info][gc,task        ] GC(335) Using 6 workers of 6 for evacuation
[147.876s][info][gc,phases      ] GC(335)   Pre Evacuate Collection Set: 0.5ms
[147.876s][info][gc,phases      ] GC(335)   Merge Heap Roots: 1.3ms
[147.876s][info][gc,phases      ] GC(335)   Evacuate Collection Set: 24.1ms
[147.876s][info][gc,phases      ] GC(335)   Post Evacuate Collection Set: 0.5ms
[147.876s][info][gc,phases      ] GC(335)   Other: 0.1ms
[147.876s][info][gc,heap        ] GC(335) Eden regions: 179->0(254)
[147.876s][info][gc,heap        ] GC(335) Survivor regions: 18->8(25)
[147.876s][info][gc,heap        ] GC(335) Old regions: 464->482
[147.876s][info][gc,heap        ] GC(335) Humongous regions: 8->8
[147.876s][info][gc,metaspace   ] GC(335) Metaspace: 16536K(16896K)->16536K(16896K) NonClass: 14210K(14400K)->14210K(14400K) Class: 2325K(2496K)->2325K(2496K)
[147.876s][info][gc             ] GC(335) Pause Young (Prepare Mixed) (G1 Evacuation Pause) 667M->496M(1024M) 26.680ms
[147.876s][info][gc,cpu         ] GC(335) User=0.16s Sys=0.00s Real=0.03s
[148.329s][info][gc,start       ] GC(336) Pause Young (Mixed) (G1 Evacuation Pause)
[148.329s][info][gc,task        ] GC(336) Using 6 workers of 6 for evacuation
[148.332s][info][gc,phases      ] GC(336)   Pre Evacuate Collection Set: 0.2ms
[148.332s][info][gc,phases      ] GC(336)   Merge Heap Roots: 0.1ms
[148.332s][info][gc,phases      ] GC(336)   Evacuate Collection Set: 2.2ms
[148.332s][info][gc,phases      ] GC(336)   Post Evacuate Collection Set: 0.4ms
[148.332s][info][gc,phases      ] GC(336)   Other: 0.1ms
[148.332s][info][gc,heap        ] GC(336) Eden regions: 254->0(283)
[148.332s][info][gc,heap        ] GC(336) Survivor regions: 8->6(33)
[148.332s][info][gc,heap        ] GC(336) Old regions: 482->481
[148.332s][info][gc,heap        ] GC(336) Humongous regions: 8->8
[148.332s][info][gc,metaspace   ] GC(336) Metaspace: 16536K(16896K)->16536K(16896K) NonClass: 14210K(14400K)->14210K(14400K) Class: 2325K(2496K)->2325K(2496K)
[148.332s][info][gc             ] GC(336) Pause Young (Mixed) (G1 Evacuation Pause) 750M->493M(1024M) 3.302ms
[148.332s][info][gc,cpu         ] GC(336) User=0.00s Sys=0.00s Real=0.00s
[149.168s][info][gc,start       ] GC(337) Pause Full (System.gc())
[149.168s][info][gc,task        ] GC(337) Using 6 workers of 6 for full compaction
[149.168s][info][gc,phases,start] GC(337) Phase 1: Mark live objects
[149.171s][info][gc,phases      ] GC(337) Phase 1: Mark live objects 2.730ms
[149.171s][info][gc,phases,start] GC(337) Phase 2: Prepare compaction
[149.172s][info][gc,phases      ] GC(337) Phase 2: Prepare compaction 0.698ms
[149.172s][info][gc,phases,start] GC(337) Phase 3: Adjust pointers
[149.174s][info][gc,phases      ] GC(337) Phase 3: Adjust pointers 2.299ms
[149.174s][info][gc,phases,start] GC(337) Phase 4: Compact heap
[149.175s][info][gc,phases      ] GC(337) Phase 4: Compact heap 0.600ms
[149.175s][info][gc,phases,start] GC(337) Phase 5: Reset Metadata
[149.175s][info][gc,phases      ] GC(337) Phase 5: Reset Metadata 0.560ms
[149.178s][info][gc,heap        ] GC(337) Eden regions: 170->0(525)
[149.179s][info][gc,heap        ] GC(337) Survivor regions: 6->0(33)
[149.179s][info][gc,heap        ] GC(337) Old regions: 481->9
[149.179s][info][gc,heap        ] GC(337) Humongous regions: 8->2
[149.179s][info][gc,metaspace   ] GC(337) Metaspace: 16536K(16896K)->16536K(16896K) NonClass: 14210K(14400K)->14210K(14400K) Class: 2325K(2496K)->2325K(2496K)
[149.179s][info][gc             ] GC(337) Pause Full (System.gc()) 663M->5M(1024M) 10.780ms
[149.179s][info][gc,cpu         ] GC(337) User=0.00s Sys=0.00s Real=0.01s
[150.317s][info][gc,start       ] GC(338) Pause Young (Concurrent Start) (G1 Evacuation Pause)
[150.317s][info][gc,task        ] GC(338) Using 6 workers of 6 for evacuation
[150.318s][info][gc,phases      ] GC(338)   Pre Evacuate Collection Set: 0.3ms
[150.318s][info][gc,phases      ] GC(338)   Merge Heap Roots: 0.1ms
[150.318s][info][gc,phases      ] GC(338)   Evacuate Collection Set: 0.4ms
[150.318s][info][gc,phases      ] GC(338)   Post Evacuate Collection Set: 0.4ms
[150.318s][info][gc,phases      ] GC(338)   Other: 0.1ms
[150.318s][info][gc,heap        ] GC(338) Eden regions: 525->0(584)
[150.318s][info][gc,heap        ] GC(338) Survivor regions: 0->1(66)
[150.318s][info][gc,heap        ] GC(338) Old regions: 9->9
[150.318s][info][gc,heap        ] GC(338) Humongous regions: 2->2
[150.318s][info][gc,metaspace   ] GC(338) Metaspace: 16536K(16896K)->16536K(16896K) NonClass: 14210K(14400K)->14210K(14400K) Class: 2325K(2496K)->2325K(2496K)
[150.318s][info][gc             ] GC(338) Pause Young (Concurrent Start) (G1 Evacuation Pause) 530M->6M(1024M) 1.434ms
[150.318s][info][gc             ] GC(339) Concurrent Mark Cycle
[150.318s][info][gc,cpu         ] GC(338) User=0.00s Sys=0.00s Real=0.01s
[150.318s][info][gc,marking     ] GC(339) Concurrent Scan Root Regions
[150.319s][info][gc,marking     ] GC(339) Concurrent Scan Root Regions 0.334ms
[150.319s][info][gc,marking     ] GC(339) Concurrent Mark
[150.319s][info][gc,marking     ] GC(339) Concurrent Mark From Roots
[150.319s][info][gc,task        ] GC(339) Using 2 workers of 2 for marking
[150.322s][info][gc,marking     ] GC(339) Concurrent Mark From Roots 3.040ms
[150.322s][info][gc,marking     ] GC(339) Concurrent Preclean
[150.322s][info][gc,marking     ] GC(339) Concurrent Preclean 0.021ms
[150.322s][info][gc,start       ] GC(339) Pause Remark
[150.323s][info][gc             ] GC(339) Pause Remark 23M->23M(1024M) 1.035ms
[150.323s][info][gc,cpu         ] GC(339) User=0.00s Sys=0.00s Real=0.00s
[150.323s][info][gc,marking     ] GC(339) Concurrent Mark 4.365ms
[150.323s][info][gc,marking     ] GC(339) Concurrent Rebuild Remembered Sets and Scrub Regions
[150.324s][info][gc,marking     ] GC(339) Concurrent Rebuild Remembered Sets and Scrub Regions 0.989ms
[150.324s][info][gc,start       ] GC(339) Pause Cleanup
[150.324s][info][gc             ] GC(339) Pause Cleanup 29M->29M(1024M) 0.143ms
[150.324s][info][gc,cpu         ] GC(339) User=0.00s Sys=0.00s Real=0.00s
[150.325s][info][gc,marking     ] GC(339) Concurrent Clear Claimed Marks
[150.325s][info][gc,marking     ] GC(339) Concurrent Clear Claimed Marks 0.022ms
[150.325s][info][gc,marking     ] GC(339) Concurrent Cleanup for Next Mark
[150.327s][info][gc,marking     ] GC(339) Concurrent Cleanup for Next Mark 2.417ms
[150.327s][info][gc             ] GC(339) Concurrent Mark Cycle 8.672ms
[150.412s][info][gc,start       ] GC(340) Pause Young (Prepare Mixed) (G1 Evacuation Pause)
[150.412s][info][gc,task        ] GC(340) Using 6 workers of 6 for evacuation
[150.414s][info][gc,phases      ] GC(340)   Pre Evacuate Collection Set: 0.2ms
[150.414s][info][gc,phases      ] GC(340)   Merge Heap Roots: 0.1ms
[150.414s][info][gc,phases      ] GC(340)   Evacuate Collection Set: 0.3ms
[150.414s][info][gc,phases      ] GC(340)   Post Evacuate Collection Set: 0.4ms
[150.414s][info][gc,phases      ] GC(340)   Other: 0.1ms
[150.414s][info][gc,heap        ] GC(340) Eden regions: 584->0(613)
[150.414s][info][gc,heap        ] GC(340) Survivor regions: 1->1(74)
[150.414s][info][gc,heap        ] GC(340) Old regions: 9->9
[150.414s][info][gc,heap        ] GC(340) Humongous regions: 2->2
[150.414s][info][gc,metaspace   ] GC(340) Metaspace: 16536K(16896K)->16536K(16896K) NonClass: 14210K(14400K)->14210K(14400K) Class: 2325K(2496K)->2325K(2496K)
[150.414s][info][gc             ] GC(340) Pause Young (Prepare Mixed) (G1 Evacuation Pause) 590M->6M(1024M) 1.291ms
[150.414s][info][gc,cpu         ] GC(340) User=0.00s Sys=0.00s Real=0.00s
[150.509s][info][gc,start       ] GC(341) Pause Young (Mixed) (G1 Evacuation Pause)
[150.509s][info][gc,task        ] GC(341) Using 6 workers of 6 for evacuation
[150.510s][info][gc,phases      ] GC(341)   Pre Evacuate Collection Set: 0.2ms
[150.510s][info][gc,phases      ] GC(341)   Merge Heap Roots: 0.1ms
[150.511s][info][gc,phases      ] GC(341)   Evacuate Collection Set: 0.3ms
[150.511s][info][gc,phases      ] GC(341)   Post Evacuate Collection Set: 0.4ms
[150.511s][info][gc,phases      ] GC(341)   Other: 0.1ms
[150.511s][info][gc,heap        ] GC(341) Eden regions: 613->0(613)
[150.511s][info][gc,heap        ] GC(341) Survivor regions: 1->1(77)
[150.511s][info][gc,heap        ] GC(341) Old regions: 9->8
[150.511s][info][gc,heap        ] GC(341) Humongous regions: 2->2
[150.511s][info][gc,metaspace   ] GC(341) Metaspace: 16536K(16896K)->16536K(16896K) NonClass: 14210K(14400K)->14210K(14400K) Class: 2325K(2496K)->2325K(2496K)
[150.511s][info][gc             ] GC(341) Pause Young (Mixed) (G1 Evacuation Pause) 619M->6M(1024M) 1.167ms
[150.511s][info][gc,cpu         ] GC(341) User=0.00s Sys=0.00s Real=0.00s
[150.609s][info][gc,start       ] GC(342) Pause Young (Concurrent Start) (G1 Evacuation Pause)
[150.609s][info][gc,task        ] GC(342) Using 6 workers of 6 for evacuation
[150.610s][info][gc,phases      ] GC(342)   Pre Evacuate Collection Set: 0.2ms
[150.610s][info][gc,phases      ] GC(342)   Merge Heap Roots: 0.1ms
[150.610s][info][gc,phases      ] GC(342)   Evacuate Collection Set: 0.3ms
[150.610s][info][gc,phases      ] GC(342)   Post Evacuate Collection Set: 0.4ms
[150.610s][info][gc,phases      ] GC(342)   Other: 0.1ms
[150.610s][info][gc,heap        ] GC(342) Eden regions: 613->0(613)
[150.610s][info][gc,heap        ] GC(342) Survivor regions: 1->1(77)
[150.610s][info][gc,heap        ] GC(342) Old regions: 8->8
[150.610s][info][gc,heap        ] GC(342) Humongous regions: 2->2
[150.610s][info][gc,metaspace   ] GC(342) Metaspace: 16536K(16896K)->16536K(16896K) NonClass: 14210K(14400K)->14210K(14400K) Class: 2325K(2496K)->2325K(2496K)
[150.610s][info][gc             ] GC(342) Pause Young (Concurrent Start) (G1 Evacuation Pause) 619M->6M(1024M) 1.262ms
[150.610s][info][gc,cpu         ] GC(342) User=0.00s Sys=0.00s Real=0.00s
[150.610s][info][gc             ] GC(343) Concurrent Mark Cycle
[150.610s][info][gc,marking     ] GC(343) Concurrent Scan Root Regions
[150.610s][info][gc,marking     ] GC(343) Concurrent Scan Root Regions 0.290ms
[150.610s][info][gc,marking     ] GC(343) Concurrent Mark
[150.610s][info][gc,marking     ] GC(343) Concurrent Mark From Roots
[150.610s][info][gc,task        ] GC(343) Using 2 workers of 2 for marking
[150.613s][info][gc,marking     ] GC(343) Concurrent Mark From Roots 3.106ms
[150.614s][info][gc,marking     ] GC(343) Concurrent Preclean
[150.614s][info][gc,marking     ] GC(343) Concurrent Preclean 0.028ms
[150.614s][info][gc,start       ] GC(343) Pause Remark
[150.615s][info][gc             ] GC(343) Pause Remark 22M->22M(1024M) 1.127ms
[150.615s][info][gc,cpu         ] GC(343) User=0.00s Sys=0.00s Real=0.00s
[150.615s][info][gc,marking     ] GC(343) Concurrent Mark 4.529ms
[150.615s][info][gc,marking     ] GC(343) Concurrent Rebuild Remembered Sets and Scrub Regions
[150.616s][info][gc,marking     ] GC(343) Concurrent Rebuild Remembered Sets and Scrub Regions 0.996ms
[150.616s][info][gc,start       ] GC(343) Pause Cleanup
[150.616s][info][gc             ] GC(343) Pause Cleanup 28M->28M(1024M) 0.112ms
[150.616s][info][gc,cpu         ] GC(343) User=0.00s Sys=0.00s Real=0.00s
[150.616s][info][gc,marking     ] GC(343) Concurrent Clear Claimed Marks
[150.616s][info][gc,marking     ] GC(343) Concurrent Clear Claimed Marks 0.022ms
[150.616s][info][gc,marking     ] GC(343) Concurrent Cleanup for Next Mark
[150.619s][info][gc,marking     ] GC(343) Concurrent Cleanup for Next Mark 2.370ms
[150.619s][info][gc             ] GC(343) Concurrent Mark Cycle 8.682ms
[150.737s][info][gc,start       ] GC(344) Pause Young (Prepare Mixed) (G1 Evacuation Pause)
[150.737s][info][gc,task        ] GC(344) Using 6 workers of 6 for evacuation
[150.758s][info][gc,phases      ] GC(344)   Pre Evacuate Collection Set: 0.2ms
[150.758s][info][gc,phases      ] GC(344)   Merge Heap Roots: 0.1ms
[150.758s][info][gc,phases      ] GC(344)   Evacuate Collection Set: 20.3ms
[150.758s][info][gc,phases      ] GC(344)   Post Evacuate Collection Set: 0.5ms
[150.758s][info][gc,phases      ] GC(344)   Other: 0.1ms
[150.758s][info][gc,heap        ] GC(344) Eden regions: 613->0(566)
[150.758s][info][gc,heap        ] GC(344) Survivor regions: 1->48(77)
[150.758s][info][gc,heap        ] GC(344) Old regions: 8->8
[150.758s][info][gc,heap        ] GC(344) Humongous regions: 3->3
[150.758s][info][gc,metaspace   ] GC(344) Metaspace: 16536K(16896K)->16536K(16896K) NonClass: 14210K(14400K)->14210K(14400K) Class: 2325K(2496K)->2325K(2496K)
[150.758s][info][gc             ] GC(344) Pause Young (Prepare Mixed) (G1 Evacuation Pause) 620M->54M(1024M) 21.331ms
[150.758s][info][gc,cpu         ] GC(344) User=0.02s Sys=0.00s Real=0.02s
[151.225s][info][gc,start       ] GC(345) Pause Young (Mixed) (G1 Evacuation Pause)
[151.225s][info][gc,task        ] GC(345) Using 6 workers of 6 for evacuation
[151.417s][info][gc,phases      ] GC(345)   Pre Evacuate Collection Set: 0.2ms
[151.417s][info][gc,phases      ] GC(345)   Merge Heap Roots: 0.1ms
[151.417s][info][gc,phases      ] GC(345)   Evacuate Collection Set: 183.0ms
[151.417s][info][gc,phases      ] GC(345)   Post Evacuate Collection Set: 8.1ms
[151.417s][info][gc,phases      ] GC(345)   Other: 0.1ms
[151.417s][info][gc,heap        ] GC(345) Eden regions: 566->0(0)
[151.417s][info][gc,heap        ] GC(345) Survivor regions: 48->77(77)
[151.417s][info][gc,heap        ] GC(345) Old regions: 8->896
[151.417s][info][gc,heap        ] GC(345) Humongous regions: 3->3
[151.417s][info][gc,metaspace   ] GC(345) Metaspace: 16536K(16896K)->16536K(16896K) NonClass: 14210K(14400K)->14210K(14400K) Class: 2325K(2496K)->2325K(2496K)
[151.417s][info][gc             ] GC(345) Pause Young (Mixed) (G1 Evacuation Pause) (Evacuation Failure) 620M->972M(1024M) 191.688ms
[151.417s][info][gc,cpu         ] GC(345) User=1.14s Sys=0.00s Real=0.20s
[151.417s][info][gc,ergo        ] Attempting full compaction
[151.417s][info][gc,start       ] GC(346) Pause Full (G1 Compaction Pause)
[151.417s][info][gc,task        ] GC(346) Using 6 workers of 6 for full compaction
[151.417s][info][gc,phases,start] GC(346) Phase 1: Mark live objects
[151.519s][info][gc,phases      ] GC(346) Phase 1: Mark live objects 102.498ms
[151.520s][info][gc,phases,start] GC(346) Phase 2: Prepare compaction
[151.524s][info][gc,phases      ] GC(346) Phase 2: Prepare compaction 4.187ms
[151.524s][info][gc,phases,start] GC(346) Phase 3: Adjust pointers
[151.550s][info][gc,phases      ] GC(346) Phase 3: Adjust pointers 26.259ms
[151.550s][info][gc,phases,start] GC(346) Phase 4: Compact heap
[151.555s][info][gc,phases      ] GC(346) Phase 4: Compact heap 4.922ms
[151.555s][info][gc,phases,start] GC(346) Phase 5: Reset Metadata
[151.569s][info][gc,phases      ] GC(346) Phase 5: Reset Metadata 13.529ms
[151.575s][info][gc,heap        ] GC(346) Eden regions: 0->0(312)
[151.575s][info][gc,heap        ] GC(346) Survivor regions: 77->0(77)
[151.575s][info][gc,heap        ] GC(346) Old regions: 896->427
[151.575s][info][gc,heap        ] GC(346) Humongous regions: 3->3
[151.575s][info][gc,metaspace   ] GC(346) Metaspace: 16536K(16896K)->16536K(16896K) NonClass: 14210K(14400K)->14210K(14400K) Class: 2325K(2496K)->2325K(2496K)
[151.575s][info][gc             ] GC(346) Pause Full (G1 Compaction Pause) 972M->426M(1024M) 158.007ms
[151.575s][info][gc,cpu         ] GC(346) User=0.62s Sys=0.00s Real=0.16s
[151.580s][info][gc,start       ] GC(347) Pause Young (Concurrent Start) (G1 Humongous Allocation)
[151.580s][info][gc,task        ] GC(347) Using 6 workers of 6 for evacuation
[151.582s][info][gc,phases      ] GC(347)   Pre Evacuate Collection Set: 0.1ms
[151.582s][info][gc,phases      ] GC(347)   Merge Heap Roots: 0.1ms
[151.582s][info][gc,phases      ] GC(347)   Evacuate Collection Set: 1.7ms
[151.582s][info][gc,phases      ] GC(347)   Post Evacuate Collection Set: 0.3ms
[151.582s][info][gc,phases      ] GC(347)   Other: 0.1ms
[151.582s][info][gc,heap        ] GC(347) Eden regions: 7->0(293)
[151.582s][info][gc,heap        ] GC(347) Survivor regions: 0->6(39)
[151.582s][info][gc,heap        ] GC(347) Old regions: 427->427
[151.582s][info][gc,heap        ] GC(347) Humongous regions: 3->3
[151.582s][info][gc,metaspace   ] GC(347) Metaspace: 16536K(16896K)->16536K(16896K) NonClass: 14210K(14400K)->14210K(14400K) Class: 2325K(2496K)->2325K(2496K)
[151.582s][info][gc             ] GC(347) Pause Young (Concurrent Start) (G1 Humongous Allocation) 432M->432M(1024M) 2.468ms
[151.582s][info][gc             ] GC(348) Concurrent Mark Cycle
[151.582s][info][gc,cpu         ] GC(347) User=0.00s Sys=0.00s Real=0.00s
[151.582s][info][gc,marking     ] GC(348) Concurrent Scan Root Regions
[151.584s][info][gc,marking     ] GC(348) Concurrent Scan Root Regions 1.558ms
[151.584s][info][gc,marking     ] GC(348) Concurrent Mark
[151.584s][info][gc,marking     ] GC(348) Concurrent Mark From Roots
[151.584s][info][gc,task        ] GC(348) Using 2 workers of 2 for marking
[151.954s][info][gc,marking     ] GC(348) Concurrent Mark From Roots 370.117ms
[151.954s][info][gc,marking     ] GC(348) Concurrent Preclean
[151.954s][info][gc,marking     ] GC(348) Concurrent Preclean 0.032ms
[151.954s][info][gc,start       ] GC(348) Pause Remark
[151.955s][info][gc             ] GC(348) Pause Remark 499M->499M(1024M) 1.026ms
[151.955s][info][gc,cpu         ] GC(348) User=0.00s Sys=0.00s Real=0.00s
[151.955s][info][gc,marking     ] GC(348) Concurrent Mark 371.386ms
[151.955s][info][gc,marking     ] GC(348) Concurrent Rebuild Remembered Sets and Scrub Regions
[152.038s][info][gc,marking     ] GC(348) Concurrent Rebuild Remembered Sets and Scrub Regions 82.640ms
[152.038s][info][gc,start       ] GC(348) Pause Cleanup
[152.038s][info][gc             ] GC(348) Pause Cleanup 514M->514M(1024M) 0.167ms
[152.038s][info][gc,cpu         ] GC(348) User=0.00s Sys=0.00s Real=0.00s
[152.038s][info][gc,marking     ] GC(348) Concurrent Clear Claimed Marks
[152.038s][info][gc,marking     ] GC(348) Concurrent Clear Claimed Marks 0.053ms
[152.038s][info][gc,marking     ] GC(348) Concurrent Cleanup for Next Mark
[152.040s][info][gc,marking     ] GC(348) Concurrent Cleanup for Next Mark 1.675ms
[152.040s][info][gc             ] GC(348) Concurrent Mark Cycle 457.848ms
[154.817s][info][gc,start       ] GC(349) Pause Young (Prepare Mixed) (G1 Evacuation Pause)
[154.817s][info][gc,task        ] GC(349) Using 6 workers of 6 for evacuation
[154.886s][info][gc,phases      ] GC(349)   Pre Evacuate Collection Set: 0.4ms
[154.886s][info][gc,phases      ] GC(349)   Merge Heap Roots: 1.3ms
[154.886s][info][gc,phases      ] GC(349)   Evacuate Collection Set: 65.9ms
[154.886s][info][gc,phases      ] GC(349)   Post Evacuate Collection Set: 0.9ms
[154.886s][info][gc,phases      ] GC(349)   Other: 0.1ms
[154.886s][info][gc,heap        ] GC(349) Eden regions: 293->0(244)
[154.886s][info][gc,heap        ] GC(349) Survivor regions: 6->38(38)
[154.886s][info][gc,heap        ] GC(349) Old regions: 427->489
[154.886s][info][gc,heap        ] GC(349) Humongous regions: 4->4
[154.886s][info][gc,metaspace   ] GC(349) Metaspace: 16536K(16896K)->16536K(16896K) NonClass: 14210K(14400K)->14210K(14400K) Class: 2325K(2496K)->2325K(2496K)
[154.886s][info][gc             ] GC(349) Pause Young (Prepare Mixed) (G1 Evacuation Pause) 726M->526M(1024M) 68.977ms
[154.886s][info][gc,cpu         ] GC(349) User=0.38s Sys=0.00s Real=0.06s
[155.027s][info][gc,start       ] GC(350) Pause Young (Mixed) (G1 Evacuation Pause)
[155.027s][info][gc,task        ] GC(350) Using 6 workers of 6 for evacuation
[155.106s][info][gc,phases      ] GC(350)   Pre Evacuate Collection Set: 0.3ms
[155.106s][info][gc,phases      ] GC(350)   Merge Heap Roots: 1.0ms
[155.106s][info][gc,phases      ] GC(350)   Evacuate Collection Set: 77.4ms
[155.106s][info][gc,phases      ] GC(350)   Post Evacuate Collection Set: 0.4ms
[155.106s][info][gc,phases      ] GC(350)   Other: 0.1ms
[155.106s][info][gc,heap        ] GC(350) Eden regions: 244->0(188)
[155.106s][info][gc,heap        ] GC(350) Survivor regions: 38->36(36)
[155.106s][info][gc,heap        ] GC(350) Old regions: 489->594
[155.106s][info][gc,heap        ] GC(350) Humongous regions: 4->4
[155.106s][info][gc,metaspace   ] GC(350) Metaspace: 16536K(16896K)->16536K(16896K) NonClass: 14210K(14400K)->14210K(14400K) Class: 2325K(2496K)->2325K(2496K)
[155.106s][info][gc             ] GC(350) Pause Young (Mixed) (G1 Evacuation Pause) 770M->630M(1024M) 79.431ms
[155.106s][info][gc,cpu         ] GC(350) User=0.39s Sys=0.00s Real=0.08s
[155.218s][info][gc,start       ] GC(351) Pause Young (Concurrent Start) (G1 Evacuation Pause)
[155.218s][info][gc,task        ] GC(351) Using 6 workers of 6 for evacuation
[155.274s][info][gc,phases      ] GC(351)   Pre Evacuate Collection Set: 0.4ms
[155.274s][info][gc,phases      ] GC(351)   Merge Heap Roots: 0.2ms
[155.274s][info][gc,phases      ] GC(351)   Evacuate Collection Set: 55.1ms
[155.274s][info][gc,phases      ] GC(351)   Post Evacuate Collection Set: 0.3ms
[155.274s][info][gc,phases      ] GC(351)   Other: 0.2ms
[155.275s][info][gc,heap        ] GC(351) Eden regions: 188->0(148)
[155.275s][info][gc,heap        ] GC(351) Survivor regions: 36->28(28)
[155.275s][info][gc,heap        ] GC(351) Old regions: 594->683
[155.275s][info][gc,heap        ] GC(351) Humongous regions: 4->4
[155.275s][info][gc,metaspace   ] GC(351) Metaspace: 16536K(16896K)->16536K(16896K) NonClass: 14210K(14400K)->14210K(14400K) Class: 2325K(2496K)->2325K(2496K)
[155.275s][info][gc             ] GC(351) Pause Young (Concurrent Start) (G1 Evacuation Pause) 818M->711M(1024M) 56.452ms
[155.275s][info][gc             ] GC(352) Concurrent Mark Cycle
[155.275s][info][gc,cpu         ] GC(351) User=0.30s Sys=0.00s Real=0.06s
[155.275s][info][gc,marking     ] GC(352) Concurrent Scan Root Regions
[155.302s][info][gc,marking     ] GC(352) Concurrent Scan Root Regions 27.881ms
[155.303s][info][gc,marking     ] GC(352) Concurrent Mark
[155.303s][info][gc,marking     ] GC(352) Concurrent Mark From Roots
[155.303s][info][gc,task        ] GC(352) Using 2 workers of 2 for marking
[155.373s][info][gc,start       ] GC(353) Pause Young (Normal) (G1 Evacuation Pause)
[155.373s][info][gc,task        ] GC(353) Using 6 workers of 6 for evacuation
[155.417s][info][gc,phases      ] GC(353)   Pre Evacuate Collection Set: 0.2ms
[155.417s][info][gc,phases      ] GC(353)   Merge Heap Roots: 0.1ms
[155.417s][info][gc,phases      ] GC(353)   Evacuate Collection Set: 43.8ms
[155.417s][info][gc,phases      ] GC(353)   Post Evacuate Collection Set: 0.4ms
[155.417s][info][gc,phases      ] GC(353)   Other: 0.1ms
[155.417s][info][gc,heap        ] GC(353) Eden regions: 148->0(117)
[155.417s][info][gc,heap        ] GC(353) Survivor regions: 28->22(22)
[155.417s][info][gc,heap        ] GC(353) Old regions: 683->754
[155.417s][info][gc,heap        ] GC(353) Humongous regions: 4->4
[155.418s][info][gc,metaspace   ] GC(353) Metaspace: 16536K(16896K)->16536K(16896K) NonClass: 14210K(14400K)->14210K(14400K) Class: 2325K(2496K)->2325K(2496K)
[155.418s][info][gc             ] GC(353) Pause Young (Normal) (G1 Evacuation Pause) 859M->776M(1024M) 44.739ms
[155.418s][info][gc,cpu         ] GC(353) User=0.11s Sys=0.00s Real=0.05s
[155.457s][info][gc,marking     ] GC(352) Concurrent Mark From Roots 154.252ms
[155.457s][info][gc,marking     ] GC(352) Concurrent Preclean
[155.457s][info][gc,marking     ] GC(352) Concurrent Preclean 0.038ms
[155.457s][info][gc,start       ] GC(352) Pause Remark
[155.458s][info][gc             ] GC(352) Pause Remark 836M->419M(1024M) 1.360ms
[155.458s][info][gc,cpu         ] GC(352) User=0.00s Sys=0.00s Real=0.00s
[155.458s][info][gc,marking     ] GC(352) Concurrent Mark 155.870ms
[155.458s][info][gc,marking     ] GC(352) Concurrent Rebuild Remembered Sets and Scrub Regions
[155.496s][info][gc,start       ] GC(354) Pause Young (Normal) (G1 Evacuation Pause)
[155.496s][info][gc,task        ] GC(354) Using 6 workers of 6 for evacuation
[155.531s][info][gc,phases      ] GC(354)   Pre Evacuate Collection Set: 0.2ms
[155.531s][info][gc,phases      ] GC(354)   Merge Heap Roots: 0.1ms
[155.531s][info][gc,phases      ] GC(354)   Evacuate Collection Set: 34.5ms
[155.531s][info][gc,phases      ] GC(354)   Post Evacuate Collection Set: 0.5ms
[155.531s][info][gc,phases      ] GC(354)   Other: 0.1ms
[155.531s][info][gc,heap        ] GC(354) Eden regions: 117->0(307)
[155.531s][info][gc,heap        ] GC(354) Survivor regions: 22->18(18)
[155.531s][info][gc,heap        ] GC(354) Old regions: 337->392
[155.531s][info][gc,heap        ] GC(354) Humongous regions: 2->2
[155.531s][info][gc,metaspace   ] GC(354) Metaspace: 16536K(16896K)->16536K(16896K) NonClass: 14210K(14400K)->14210K(14400K) Class: 2325K(2496K)->2325K(2496K)
[155.531s][info][gc             ] GC(354) Pause Young (Normal) (G1 Evacuation Pause) 477M->411M(1024M) 35.463ms
[155.531s][info][gc,cpu         ] GC(354) User=0.09s Sys=0.00s Real=0.03s
[155.755s][info][gc,marking     ] GC(352) Concurrent Rebuild Remembered Sets and Scrub Regions 296.210ms
[155.755s][info][gc,start       ] GC(352) Pause Cleanup
[155.755s][info][gc             ] GC(352) Pause Cleanup 566M->566M(1024M) 0.207ms
[155.755s][info][gc,cpu         ] GC(352) User=0.00s Sys=0.00s Real=0.00s
[155.755s][info][gc,marking     ] GC(352) Concurrent Clear Claimed Marks
[155.755s][info][gc,marking     ] GC(352) Concurrent Clear Claimed Marks 0.022ms
[155.755s][info][gc,marking     ] GC(352) Concurrent Cleanup for Next Mark
[155.757s][info][gc,marking     ] GC(352) Concurrent Cleanup for Next Mark 1.657ms
[155.757s][info][gc             ] GC(352) Concurrent Mark Cycle 482.219ms
[156.155s][info][gc,start       ] GC(355) Pause Young (Prepare Mixed) (G1 Evacuation Pause)
[156.155s][info][gc,task        ] GC(355) Using 6 workers of 6 for evacuation
[156.231s][info][gc,phases      ] GC(355)   Pre Evacuate Collection Set: 0.4ms
[156.231s][info][gc,phases      ] GC(355)   Merge Heap Roots: 2.1ms
[156.231s][info][gc,phases      ] GC(355)   Evacuate Collection Set: 72.3ms
[156.231s][info][gc,phases      ] GC(355)   Post Evacuate Collection Set: 1.0ms
[156.231s][info][gc,phases      ] GC(355)   Other: 0.1ms
[156.231s][info][gc,heap        ] GC(355) Eden regions: 307->0(276)
[156.231s][info][gc,heap        ] GC(355) Survivor regions: 18->41(41)
[156.231s][info][gc,heap        ] GC(355) Old regions: 392->439
[156.231s][info][gc,heap        ] GC(355) Humongous regions: 8->8
[156.231s][info][gc,metaspace   ] GC(355) Metaspace: 16536K(16896K)->16536K(16896K) NonClass: 14210K(14400K)->14210K(14400K) Class: 2325K(2496K)->2325K(2496K)
[156.231s][info][gc             ] GC(355) Pause Young (Prepare Mixed) (G1 Evacuation Pause) 724M->487M(1024M) 76.171ms
[156.231s][info][gc,cpu         ] GC(355) User=0.39s Sys=0.00s Real=0.08s
[156.723s][info][gc,start       ] GC(356) Pause Young (Mixed) (G1 Evacuation Pause)
[156.723s][info][gc,task        ] GC(356) Using 6 workers of 6 for evacuation
[156.755s][info][gc,phases      ] GC(356)   Pre Evacuate Collection Set: 0.4ms
[156.755s][info][gc,phases      ] GC(356)   Merge Heap Roots: 1.1ms
[156.755s][info][gc,phases      ] GC(356)   Evacuate Collection Set: 29.2ms
[156.755s][info][gc,phases      ] GC(356)   Post Evacuate Collection Set: 0.6ms
[156.755s][info][gc,phases      ] GC(356)   Other: 0.1ms
[156.755s][info][gc,heap        ] GC(356) Eden regions: 276->0(312)
[156.755s][info][gc,heap        ] GC(356) Survivor regions: 41->3(40)
[156.755s][info][gc,heap        ] GC(356) Old regions: 439->460
[156.755s][info][gc,heap        ] GC(356) Humongous regions: 8->8
[156.755s][info][gc,metaspace   ] GC(356) Metaspace: 16536K(16896K)->16536K(16896K) NonClass: 14210K(14400K)->14210K(14400K) Class: 2325K(2496K)->2325K(2496K)
[156.755s][info][gc             ] GC(356) Pause Young (Mixed) (G1 Evacuation Pause) 763M->470M(1024M) 31.683ms
[156.755s][info][gc,cpu         ] GC(356) User=0.09s Sys=0.00s Real=0.03s
[157.597s][info][gc,start       ] GC(357) Pause Full (System.gc())
[157.597s][info][gc,task        ] GC(357) Using 6 workers of 6 for full compaction
[157.597s][info][gc,phases,start] GC(357) Phase 1: Mark live objects
[157.600s][info][gc,phases      ] GC(357) Phase 1: Mark live objects 2.504ms
[157.600s][info][gc,phases,start] GC(357) Phase 2: Prepare compaction
[157.600s][info][gc,phases      ] GC(357) Phase 2: Prepare compaction 0.714ms
[157.600s][info][gc,phases,start] GC(357) Phase 3: Adjust pointers
[157.602s][info][gc,phases      ] GC(357) Phase 3: Adjust pointers 2.087ms
[157.603s][info][gc,phases,start] GC(357) Phase 4: Compact heap
[157.603s][info][gc,phases      ] GC(357) Phase 4: Compact heap 0.584ms
[157.603s][info][gc,phases,start] GC(357) Phase 5: Reset Metadata
[157.604s][info][gc,phases      ] GC(357) Phase 5: Reset Metadata 0.761ms
[157.608s][info][gc,heap        ] GC(357) Eden regions: 165->0(553)
[157.608s][info][gc,heap        ] GC(357) Survivor regions: 3->0(40)
[157.608s][info][gc,heap        ] GC(357) Old regions: 460->10
[157.608s][info][gc,heap        ] GC(357) Humongous regions: 8->2
[157.608s][info][gc,metaspace   ] GC(357) Metaspace: 16554K(16896K)->16554K(16896K) NonClass: 14228K(14400K)->14228K(14400K) Class: 2325K(2496K)->2325K(2496K)
[157.608s][info][gc             ] GC(357) Pause Full (System.gc()) 634M->5M(1024M) 10.833ms
[157.608s][info][gc,cpu         ] GC(357) User=0.00s Sys=0.00s Real=0.00s
[158.745s][info][gc,start       ] GC(358) Pause Young (Concurrent Start) (G1 Evacuation Pause)
[158.745s][info][gc,task        ] GC(358) Using 6 workers of 6 for evacuation
[158.746s][info][gc,phases      ] GC(358)   Pre Evacuate Collection Set: 0.2ms
[158.746s][info][gc,phases      ] GC(358)   Merge Heap Roots: 0.1ms
[158.746s][info][gc,phases      ] GC(358)   Evacuate Collection Set: 0.4ms
[158.746s][info][gc,phases      ] GC(358)   Post Evacuate Collection Set: 0.4ms
[158.746s][info][gc,phases      ] GC(358)   Other: 0.1ms
[158.746s][info][gc,heap        ] GC(358) Eden regions: 553->0(609)
[158.746s][info][gc,heap        ] GC(358) Survivor regions: 0->2(70)
[158.746s][info][gc,heap        ] GC(358) Old regions: 10->10
[158.746s][info][gc,heap        ] GC(358) Humongous regions: 2->2
[158.746s][info][gc,metaspace   ] GC(358) Metaspace: 16558K(16896K)->16558K(16896K) NonClass: 14232K(14400K)->14232K(14400K) Class: 2325K(2496K)->2325K(2496K)
[158.746s][info][gc             ] GC(358) Pause Young (Concurrent Start) (G1 Evacuation Pause) 558M->7M(1024M) 1.302ms
[158.746s][info][gc             ] GC(359) Concurrent Mark Cycle
[158.746s][info][gc,cpu         ] GC(358) User=0.00s Sys=0.00s Real=0.00s
[158.746s][info][gc,marking     ] GC(359) Concurrent Scan Root Regions
[158.746s][info][gc,marking     ] GC(359) Concurrent Scan Root Regions 0.196ms
[158.746s][info][gc,marking     ] GC(359) Concurrent Mark
[158.746s][info][gc,marking     ] GC(359) Concurrent Mark From Roots
[158.746s][info][gc,task        ] GC(359) Using 2 workers of 2 for marking
[158.750s][info][gc,marking     ] GC(359) Concurrent Mark From Roots 3.072ms
[158.750s][info][gc,marking     ] GC(359) Concurrent Preclean
[158.750s][info][gc,marking     ] GC(359) Concurrent Preclean 0.020ms
[158.750s][info][gc,start       ] GC(359) Pause Remark
[158.751s][info][gc             ] GC(359) Pause Remark 24M->24M(1024M) 1.063ms
[158.751s][info][gc,cpu         ] GC(359) User=0.00s Sys=0.00s Real=0.00s
[158.751s][info][gc,marking     ] GC(359) Concurrent Mark 4.395ms
[158.751s][info][gc,marking     ] GC(359) Concurrent Rebuild Remembered Sets and Scrub Regions
[158.752s][info][gc,marking     ] GC(359) Concurrent Rebuild Remembered Sets and Scrub Regions 1.000ms
[158.752s][info][gc,start       ] GC(359) Pause Cleanup
[158.752s][info][gc             ] GC(359) Pause Cleanup 30M->30M(1024M) 0.119ms
[158.752s][info][gc,cpu         ] GC(359) User=0.00s Sys=0.00s Real=0.00s
[158.752s][info][gc,marking     ] GC(359) Concurrent Clear Claimed Marks
[158.752s][info][gc,marking     ] GC(359) Concurrent Clear Claimed Marks 0.025ms
[158.752s][info][gc,marking     ] GC(359) Concurrent Cleanup for Next Mark
[158.755s][info][gc,marking     ] GC(359) Concurrent Cleanup for Next Mark 2.423ms
[158.755s][info][gc             ] GC(359) Concurrent Mark Cycle 8.588ms
[158.844s][info][gc,start       ] GC(360) Pause Young (Prepare Mixed) (G1 Evacuation Pause)
[158.846s][info][gc,task        ] GC(360) Using 6 workers of 6 for evacuation
[158.848s][info][gc,phases      ] GC(360)   Pre Evacuate Collection Set: 0.3ms
[158.848s][info][gc,phases      ] GC(360)   Merge Heap Roots: 0.2ms
[158.848s][info][gc,phases      ] GC(360)   Evacuate Collection Set: 0.6ms
[158.848s][info][gc,phases      ] GC(360)   Post Evacuate Collection Set: 0.5ms
[158.848s][info][gc,phases      ] GC(360)   Other: 0.1ms
[158.848s][info][gc,heap        ] GC(360) Eden regions: 609->0(613)
[158.848s][info][gc,heap        ] GC(360) Survivor regions: 2->1(77)
[158.848s][info][gc,heap        ] GC(360) Old regions: 9->9
[158.848s][info][gc,heap        ] GC(360) Humongous regions: 2->2
[158.848s][info][gc,metaspace   ] GC(360) Metaspace: 16558K(16896K)->16558K(16896K) NonClass: 14232K(14400K)->14232K(14400K) Class: 2325K(2496K)->2325K(2496K)
[158.848s][info][gc             ] GC(360) Pause Young (Prepare Mixed) (G1 Evacuation Pause) 616M->6M(1024M) 4.250ms
[158.848s][info][gc,cpu         ] GC(360) User=0.00s Sys=0.00s Real=0.00s
[158.948s][info][gc,start       ] GC(361) Pause Young (Mixed) (G1 Evacuation Pause)
[158.948s][info][gc,task        ] GC(361) Using 6 workers of 6 for evacuation
[158.949s][info][gc,phases      ] GC(361)   Pre Evacuate Collection Set: 0.2ms
[158.949s][info][gc,phases      ] GC(361)   Merge Heap Roots: 0.1ms
[158.949s][info][gc,phases      ] GC(361)   Evacuate Collection Set: 0.3ms
[158.949s][info][gc,phases      ] GC(361)   Post Evacuate Collection Set: 0.4ms
[158.949s][info][gc,phases      ] GC(361)   Other: 0.1ms
[158.949s][info][gc,heap        ] GC(361) Eden regions: 613->0(613)
[158.949s][info][gc,heap        ] GC(361) Survivor regions: 1->1(77)
[158.949s][info][gc,heap        ] GC(361) Old regions: 9->9
[158.949s][info][gc,heap        ] GC(361) Humongous regions: 2->2
[158.949s][info][gc,metaspace   ] GC(361) Metaspace: 16558K(16896K)->16558K(16896K) NonClass: 14232K(14400K)->14232K(14400K) Class: 2325K(2496K)->2325K(2496K)
[158.949s][info][gc             ] GC(361) Pause Young (Mixed) (G1 Evacuation Pause) 619M->6M(1024M) 1.248ms
[158.949s][info][gc,cpu         ] GC(361) User=0.00s Sys=0.00s Real=0.00s
[159.045s][info][gc,start       ] GC(362) Pause Young (Concurrent Start) (G1 Evacuation Pause)
[159.045s][info][gc,task        ] GC(362) Using 6 workers of 6 for evacuation
[159.046s][info][gc,phases      ] GC(362)   Pre Evacuate Collection Set: 0.2ms
[159.046s][info][gc,phases      ] GC(362)   Merge Heap Roots: 0.1ms
[159.046s][info][gc,phases      ] GC(362)   Evacuate Collection Set: 0.4ms
[159.046s][info][gc,phases      ] GC(362)   Post Evacuate Collection Set: 0.4ms
[159.046s][info][gc,phases      ] GC(362)   Other: 0.1ms
[159.046s][info][gc,heap        ] GC(362) Eden regions: 613->0(613)
[159.046s][info][gc,heap        ] GC(362) Survivor regions: 1->1(77)
[159.046s][info][gc,heap        ] GC(362) Old regions: 9->9
[159.046s][info][gc,heap        ] GC(362) Humongous regions: 2->2
[159.046s][info][gc,metaspace   ] GC(362) Metaspace: 16558K(16896K)->16558K(16896K) NonClass: 14232K(14400K)->14232K(14400K) Class: 2325K(2496K)->2325K(2496K)
[159.046s][info][gc             ] GC(362) Pause Young (Concurrent Start) (G1 Evacuation Pause) 619M->6M(1024M) 1.468ms
[159.046s][info][gc             ] GC(363) Concurrent Mark Cycle
[159.046s][info][gc,cpu         ] GC(362) User=0.00s Sys=0.00s Real=0.00s
[159.046s][info][gc,marking     ] GC(363) Concurrent Scan Root Regions
[159.047s][info][gc,marking     ] GC(363) Concurrent Scan Root Regions 0.274ms
[159.047s][info][gc,marking     ] GC(363) Concurrent Mark
[159.047s][info][gc,marking     ] GC(363) Concurrent Mark From Roots
[159.047s][info][gc,task        ] GC(363) Using 2 workers of 2 for marking
[159.050s][info][gc,marking     ] GC(363) Concurrent Mark From Roots 3.089ms
[159.050s][info][gc,marking     ] GC(363) Concurrent Preclean
[159.050s][info][gc,marking     ] GC(363) Concurrent Preclean 0.023ms
[159.050s][info][gc,start       ] GC(363) Pause Remark
[159.051s][info][gc             ] GC(363) Pause Remark 20M->20M(1024M) 0.981ms
[159.051s][info][gc,cpu         ] GC(363) User=0.00s Sys=0.00s Real=0.00s
[159.051s][info][gc,marking     ] GC(363) Concurrent Mark 4.348ms
[159.051s][info][gc,marking     ] GC(363) Concurrent Rebuild Remembered Sets and Scrub Regions
[159.052s][info][gc,marking     ] GC(363) Concurrent Rebuild Remembered Sets and Scrub Regions 1.002ms
[159.052s][info][gc,start       ] GC(363) Pause Cleanup
[159.052s][info][gc             ] GC(363) Pause Cleanup 26M->26M(1024M) 0.109ms
[159.052s][info][gc,cpu         ] GC(363) User=0.00s Sys=0.00s Real=0.00s
[159.052s][info][gc,marking     ] GC(363) Concurrent Clear Claimed Marks
[159.052s][info][gc,marking     ] GC(363) Concurrent Clear Claimed Marks 0.025ms
[159.052s][info][gc,marking     ] GC(363) Concurrent Cleanup for Next Mark
[159.055s][info][gc,marking     ] GC(363) Concurrent Cleanup for Next Mark 2.448ms
[159.055s][info][gc             ] GC(363) Concurrent Mark Cycle 8.596ms
[159.199s][info][gc,start       ] GC(364) Pause Young (Prepare Mixed) (G1 Evacuation Pause)
[159.199s][info][gc,task        ] GC(364) Using 6 workers of 6 for evacuation
[159.235s][info][gc,phases      ] GC(364)   Pre Evacuate Collection Set: 0.2ms
[159.235s][info][gc,phases      ] GC(364)   Merge Heap Roots: 0.1ms
[159.235s][info][gc,phases      ] GC(364)   Evacuate Collection Set: 35.1ms
[159.235s][info][gc,phases      ] GC(364)   Post Evacuate Collection Set: 0.6ms
[159.235s][info][gc,phases      ] GC(364)   Other: 0.1ms
[159.235s][info][gc,heap        ] GC(364) Eden regions: 613->0(537)
[159.235s][info][gc,heap        ] GC(364) Survivor regions: 1->77(77)
[159.235s][info][gc,heap        ] GC(364) Old regions: 9->12
[159.235s][info][gc,heap        ] GC(364) Humongous regions: 3->3
[159.235s][info][gc,metaspace   ] GC(364) Metaspace: 16558K(16896K)->16558K(16896K) NonClass: 14232K(14400K)->14232K(14400K) Class: 2325K(2496K)->2325K(2496K)
[159.235s][info][gc             ] GC(364) Pause Young (Prepare Mixed) (G1 Evacuation Pause) 620M->87M(1024M) 36.185ms
[159.235s][info][gc,cpu         ] GC(364) User=0.03s Sys=0.00s Real=0.03s
[159.739s][info][gc,start       ] GC(365) Pause Young (Mixed) (G1 Evacuation Pause)
[159.739s][info][gc,task        ] GC(365) Using 6 workers of 6 for evacuation
[159.936s][info][gc,phases      ] GC(365)   Pre Evacuate Collection Set: 0.2ms
[159.936s][info][gc,phases      ] GC(365)   Merge Heap Roots: 0.1ms
[159.936s][info][gc,phases      ] GC(365)   Evacuate Collection Set: 183.9ms
[159.936s][info][gc,phases      ] GC(365)   Post Evacuate Collection Set: 12.2ms
[159.936s][info][gc,phases      ] GC(365)   Other: 0.2ms
[159.936s][info][gc,heap        ] GC(365) Eden regions: 537->0(0)
[159.936s][info][gc,heap        ] GC(365) Survivor regions: 77->77(77)
[159.936s][info][gc,heap        ] GC(365) Old regions: 12->924
[159.936s][info][gc,heap        ] GC(365) Humongous regions: 4->4
[159.936s][info][gc,metaspace   ] GC(365) Metaspace: 16558K(16896K)->16558K(16896K) NonClass: 14232K(14400K)->14232K(14400K) Class: 2325K(2496K)->2325K(2496K)
[159.936s][info][gc             ] GC(365) Pause Young (Mixed) (G1 Evacuation Pause) (Evacuation Failure) 625M->1000M(1024M) 196.785ms
[159.936s][info][gc,cpu         ] GC(365) User=1.08s Sys=0.00s Real=0.20s
[159.936s][info][gc,ergo        ] Attempting full compaction
[159.936s][info][gc,start       ] GC(366) Pause Full (G1 Compaction Pause)
[159.936s][info][gc,task        ] GC(366) Using 6 workers of 6 for full compaction
[159.936s][info][gc,phases,start] GC(366) Phase 1: Mark live objects
[160.044s][info][gc,phases      ] GC(366) Phase 1: Mark live objects 107.433ms
[160.044s][info][gc,phases,start] GC(366) Phase 2: Prepare compaction
[160.056s][info][gc,phases      ] GC(366) Phase 2: Prepare compaction 12.503ms
[160.056s][info][gc,phases,start] GC(366) Phase 3: Adjust pointers
[160.090s][info][gc,phases      ] GC(366) Phase 3: Adjust pointers 33.720ms
[160.090s][info][gc,phases,start] GC(366) Phase 4: Compact heap
[160.101s][info][gc,phases      ] GC(366) Phase 4: Compact heap 11.026ms
[160.101s][info][gc,phases,start] GC(366) Phase 5: Reset Metadata
[160.116s][info][gc,phases      ] GC(366) Phase 5: Reset Metadata 14.507ms
[160.122s][info][gc,heap        ] GC(366) Eden regions: 0->0(314)
[160.122s][info][gc,heap        ] GC(366) Survivor regions: 77->0(77)
[160.122s][info][gc,heap        ] GC(366) Old regions: 924->421
[160.122s][info][gc,heap        ] GC(366) Humongous regions: 4->4
[160.122s][info][gc,metaspace   ] GC(366) Metaspace: 16558K(16896K)->16558K(16896K) NonClass: 14232K(14400K)->14232K(14400K) Class: 2325K(2496K)->2325K(2496K)
[160.122s][info][gc             ] GC(366) Pause Full (G1 Compaction Pause) 1000M->421M(1024M) 185.800ms
[160.122s][info][gc,cpu         ] GC(366) User=0.69s Sys=0.00s Real=0.17s
[163.065s][info][gc,start       ] GC(367) Pause Young (Concurrent Start) (G1 Evacuation Pause)
[163.065s][info][gc,task        ] GC(367) Using 6 workers of 6 for evacuation
[163.141s][info][gc,phases      ] GC(367)   Pre Evacuate Collection Set: 0.3ms
[163.141s][info][gc,phases      ] GC(367)   Merge Heap Roots: 1.0ms
[163.141s][info][gc,phases      ] GC(367)   Evacuate Collection Set: 73.7ms
[163.141s][info][gc,phases      ] GC(367)   Post Evacuate Collection Set: 0.7ms
[163.141s][info][gc,phases      ] GC(367)   Other: 0.2ms
[163.141s][info][gc,heap        ] GC(367) Eden regions: 314->0(244)
[163.141s][info][gc,heap        ] GC(367) Survivor regions: 0->40(40)
[163.141s][info][gc,heap        ] GC(367) Old regions: 421->492
[163.141s][info][gc,heap        ] GC(367) Humongous regions: 4->4
[163.141s][info][gc,metaspace   ] GC(367) Metaspace: 16558K(16896K)->16558K(16896K) NonClass: 14232K(14400K)->14232K(14400K) Class: 2325K(2496K)->2325K(2496K)
[163.141s][info][gc             ] GC(367) Pause Young (Concurrent Start) (G1 Evacuation Pause) 735M->532M(1024M) 76.212ms
[163.141s][info][gc             ] GC(368) Concurrent Mark Cycle
[163.141s][info][gc,cpu         ] GC(367) User=0.39s Sys=0.00s Real=0.08s
[163.142s][info][gc,marking     ] GC(368) Concurrent Scan Root Regions
[163.165s][info][gc,marking     ] GC(368) Concurrent Scan Root Regions 23.091ms
[163.165s][info][gc,marking     ] GC(368) Concurrent Mark
[163.165s][info][gc,marking     ] GC(368) Concurrent Mark From Roots
[163.165s][info][gc,task        ] GC(368) Using 2 workers of 2 for marking
[163.230s][info][gc,marking     ] GC(368) Concurrent Mark From Roots 64.917ms
[163.230s][info][gc,marking     ] GC(368) Concurrent Preclean
[163.230s][info][gc,marking     ] GC(368) Concurrent Preclean 0.036ms
[163.230s][info][gc,start       ] GC(368) Pause Remark
[163.231s][info][gc             ] GC(368) Pause Remark 676M->599M(1024M) 1.139ms
[163.231s][info][gc,cpu         ] GC(368) User=0.00s Sys=0.00s Real=0.00s
[163.231s][info][gc,marking     ] GC(368) Concurrent Mark 66.299ms
[163.231s][info][gc,marking     ] GC(368) Concurrent Rebuild Remembered Sets and Scrub Regions
[163.293s][info][gc,start       ] GC(369) Pause Young (Normal) (G1 Evacuation Pause)
[163.293s][info][gc,task        ] GC(369) Using 6 workers of 6 for evacuation
[163.366s][info][gc,phases      ] GC(369)   Pre Evacuate Collection Set: 0.2ms
[163.366s][info][gc,phases      ] GC(369)   Merge Heap Roots: 0.8ms
[163.366s][info][gc,phases      ] GC(369)   Evacuate Collection Set: 72.0ms
[163.366s][info][gc,phases      ] GC(369)   Post Evacuate Collection Set: 0.4ms
[163.366s][info][gc,phases      ] GC(369)   Other: 0.1ms
[163.366s][info][gc,heap        ] GC(369) Eden regions: 244->0(228)
[163.366s][info][gc,heap        ] GC(369) Survivor regions: 40->36(36)
[163.366s][info][gc,heap        ] GC(369) Old regions: 415->521
[163.366s][info][gc,heap        ] GC(369) Humongous regions: 3->3
[163.366s][info][gc,metaspace   ] GC(369) Metaspace: 16558K(16896K)->16558K(16896K) NonClass: 14232K(14400K)->14232K(14400K) Class: 2325K(2496K)->2325K(2496K)
[163.366s][info][gc             ] GC(369) Pause Young (Normal) (G1 Evacuation Pause) 699M->557M(1024M) 73.602ms
[163.366s][info][gc,cpu         ] GC(369) User=0.38s Sys=0.00s Real=0.06s
[163.375s][info][gc,marking     ] GC(368) Concurrent Rebuild Remembered Sets and Scrub Regions 143.913ms
[163.375s][info][gc,start       ] GC(368) Pause Cleanup
[163.375s][info][gc             ] GC(368) Pause Cleanup 572M->572M(1024M) 0.402ms
[163.375s][info][gc,cpu         ] GC(368) User=0.00s Sys=0.00s Real=0.00s
[163.375s][info][gc,marking     ] GC(368) Concurrent Clear Claimed Marks
[163.375s][info][gc,marking     ] GC(368) Concurrent Clear Claimed Marks 0.031ms
[163.376s][info][gc,marking     ] GC(368) Concurrent Cleanup for Next Mark
[163.377s][info][gc,marking     ] GC(368) Concurrent Cleanup for Next Mark 1.347ms
[163.377s][info][gc             ] GC(368) Concurrent Mark Cycle 235.414ms
[163.505s][info][gc,start       ] GC(370) Pause Young (Prepare Mixed) (G1 Evacuation Pause)
[163.505s][info][gc,task        ] GC(370) Using 6 workers of 6 for evacuation
[163.569s][info][gc,phases      ] GC(370)   Pre Evacuate Collection Set: 0.3ms
[163.569s][info][gc,phases      ] GC(370)   Merge Heap Roots: 0.3ms
[163.569s][info][gc,phases      ] GC(370)   Evacuate Collection Set: 62.8ms
[163.569s][info][gc,phases      ] GC(370)   Post Evacuate Collection Set: 0.4ms
[163.569s][info][gc,phases      ] GC(370)   Other: 0.1ms
[163.569s][info][gc,heap        ] GC(370) Eden regions: 228->0(178)
[163.569s][info][gc,heap        ] GC(370) Survivor regions: 36->33(33)
[163.569s][info][gc,heap        ] GC(370) Old regions: 521->621
[163.569s][info][gc,heap        ] GC(370) Humongous regions: 3->3
[163.569s][info][gc,metaspace   ] GC(370) Metaspace: 16558K(16896K)->16558K(16896K) NonClass: 14232K(14400K)->14232K(14400K) Class: 2325K(2496K)->2325K(2496K)
[163.569s][info][gc             ] GC(370) Pause Young (Prepare Mixed) (G1 Evacuation Pause) 785M->654M(1024M) 64.149ms
[163.569s][info][gc,cpu         ] GC(370) User=0.38s Sys=0.00s Real=0.06s
[163.678s][info][gc,start       ] GC(371) Pause Young (Mixed) (G1 Evacuation Pause)
[163.678s][info][gc,task        ] GC(371) Using 6 workers of 6 for evacuation
[163.732s][info][gc,phases      ] GC(371)   Pre Evacuate Collection Set: 0.4ms
[163.732s][info][gc,phases      ] GC(371)   Merge Heap Roots: 0.2ms
[163.732s][info][gc,phases      ] GC(371)   Evacuate Collection Set: 52.3ms
[163.732s][info][gc,phases      ] GC(371)   Post Evacuate Collection Set: 0.4ms
[163.732s][info][gc,phases      ] GC(371)   Other: 0.1ms
[163.732s][info][gc,heap        ] GC(371) Eden regions: 178->0(191)
[163.732s][info][gc,heap        ] GC(371) Survivor regions: 33->27(27)
[163.732s][info][gc,heap        ] GC(371) Old regions: 621->601
[163.732s][info][gc,heap        ] GC(371) Humongous regions: 3->3
[163.732s][info][gc,metaspace   ] GC(371) Metaspace: 16558K(16896K)->16558K(16896K) NonClass: 14232K(14400K)->14232K(14400K) Class: 2325K(2496K)->2325K(2496K)
[163.732s][info][gc             ] GC(371) Pause Young (Mixed) (G1 Evacuation Pause) 832M->630M(1024M) 53.678ms
[163.732s][info][gc,cpu         ] GC(371) User=0.30s Sys=0.00s Real=0.06s
[164.373s][info][gc,start       ] GC(372) Pause Young (Mixed) (G1 Evacuation Pause)
[164.373s][info][gc,task        ] GC(372) Using 6 workers of 6 for evacuation
[164.459s][info][gc,phases      ] GC(372)   Pre Evacuate Collection Set: 0.3ms
[164.459s][info][gc,phases      ] GC(372)   Merge Heap Roots: 2.2ms
[164.459s][info][gc,phases      ] GC(372)   Evacuate Collection Set: 82.1ms
[164.459s][info][gc,phases      ] GC(372)   Post Evacuate Collection Set: 1.0ms
[164.459s][info][gc,phases      ] GC(372)   Other: 0.1ms
[164.459s][info][gc,heap        ] GC(372) Eden regions: 191->0(194)
[164.459s][info][gc,heap        ] GC(372) Survivor regions: 27->28(28)
[164.459s][info][gc,heap        ] GC(372) Old regions: 601->583
[164.459s][info][gc,heap        ] GC(372) Humongous regions: 9->9
[164.459s][info][gc,metaspace   ] GC(372) Metaspace: 16558K(16896K)->16558K(16896K) NonClass: 14232K(14400K)->14232K(14400K) Class: 2325K(2496K)->2325K(2496K)
[164.459s][info][gc             ] GC(372) Pause Young (Mixed) (G1 Evacuation Pause) 827M->619M(1024M) 85.985ms
[164.459s][info][gc,cpu         ] GC(372) User=0.56s Sys=0.00s Real=0.09s
[164.816s][info][gc,start       ] GC(373) Pause Young (Mixed) (G1 Evacuation Pause)
[164.816s][info][gc,task        ] GC(373) Using 6 workers of 6 for evacuation
[164.849s][info][gc,phases      ] GC(373)   Pre Evacuate Collection Set: 0.3ms
[164.849s][info][gc,phases      ] GC(373)   Merge Heap Roots: 1.3ms
[164.849s][info][gc,phases      ] GC(373)   Evacuate Collection Set: 29.7ms
[164.849s][info][gc,phases      ] GC(373)   Post Evacuate Collection Set: 0.7ms
[164.849s][info][gc,phases      ] GC(373)   Other: 0.1ms
[164.849s][info][gc,heap        ] GC(373) Eden regions: 194->0(229)
[164.849s][info][gc,heap        ] GC(373) Survivor regions: 28->6(28)
[164.849s][info][gc,heap        ] GC(373) Old regions: 583->573
[164.849s][info][gc,heap        ] GC(373) Humongous regions: 9->9
[164.849s][info][gc,metaspace   ] GC(373) Metaspace: 16558K(16896K)->16558K(16896K) NonClass: 14232K(14400K)->14232K(14400K) Class: 2325K(2496K)->2325K(2496K)
[164.849s][info][gc             ] GC(373) Pause Young (Mixed) (G1 Evacuation Pause) 813M->587M(1024M) 32.433ms
[164.849s][info][gc,cpu         ] GC(373) User=0.09s Sys=0.00s Real=0.03s
[165.254s][info][gc,start       ] GC(374) Pause Young (Concurrent Start) (G1 Evacuation Pause)
[165.254s][info][gc,task        ] GC(374) Using 6 workers of 6 for evacuation
[165.264s][info][gc,phases      ] GC(374)   Pre Evacuate Collection Set: 0.3ms
[165.264s][info][gc,phases      ] GC(374)   Merge Heap Roots: 0.6ms
[165.264s][info][gc,phases      ] GC(374)   Evacuate Collection Set: 8.5ms
[165.264s][info][gc,phases      ] GC(374)   Post Evacuate Collection Set: 0.6ms
[165.264s][info][gc,phases      ] GC(374)   Other: 0.1ms
[165.264s][info][gc,heap        ] GC(374) Eden regions: 229->0(256)
[165.264s][info][gc,heap        ] GC(374) Survivor regions: 6->2(30)
[165.264s][info][gc,heap        ] GC(374) Old regions: 573->573
[165.264s][info][gc,heap        ] GC(374) Humongous regions: 9->9
[165.264s][info][gc,metaspace   ] GC(374) Metaspace: 16558K(16896K)->16558K(16896K) NonClass: 14232K(14400K)->14232K(14400K) Class: 2325K(2496K)->2325K(2496K)
[165.264s][info][gc             ] GC(374) Pause Young (Concurrent Start) (G1 Evacuation Pause) 816M->583M(1024M) 10.369ms
[165.264s][info][gc,cpu         ] GC(374) User=0.00s Sys=0.00s Real=0.00s
[165.264s][info][gc             ] GC(375) Concurrent Mark Cycle
[165.264s][info][gc,marking     ] GC(375) Concurrent Scan Root Regions
[165.267s][info][gc,marking     ] GC(375) Concurrent Scan Root Regions 2.714ms
[165.267s][info][gc,marking     ] GC(375) Concurrent Mark
[165.267s][info][gc,marking     ] GC(375) Concurrent Mark From Roots
[165.267s][info][gc,task        ] GC(375) Using 2 workers of 2 for marking
[165.511s][info][gc,marking     ] GC(375) Concurrent Mark From Roots 244.248ms
[165.511s][info][gc,marking     ] GC(375) Concurrent Preclean
[165.511s][info][gc,marking     ] GC(375) Concurrent Preclean 0.042ms
[165.511s][info][gc,start       ] GC(375) Pause Remark
[165.512s][info][gc             ] GC(375) Pause Remark 650M->540M(1024M) 1.205ms
[165.512s][info][gc,cpu         ] GC(375) User=0.00s Sys=0.00s Real=0.00s
[165.512s][info][gc,marking     ] GC(375) Concurrent Mark 245.712ms
[165.513s][info][gc,marking     ] GC(375) Concurrent Rebuild Remembered Sets and Scrub Regions
[165.587s][info][gc,marking     ] GC(375) Concurrent Rebuild Remembered Sets and Scrub Regions 74.686ms
[165.587s][info][gc,start       ] GC(375) Pause Cleanup
[165.588s][info][gc             ] GC(375) Pause Cleanup 546M->546M(1024M) 0.490ms
[165.588s][info][gc,cpu         ] GC(375) User=0.00s Sys=0.00s Real=0.00s
[165.588s][info][gc,marking     ] GC(375) Concurrent Clear Claimed Marks
[165.588s][info][gc,marking     ] GC(375) Concurrent Clear Claimed Marks 0.033ms
[165.588s][info][gc,marking     ] GC(375) Concurrent Cleanup for Next Mark
[165.590s][info][gc,marking     ] GC(375) Concurrent Cleanup for Next Mark 1.561ms
[165.590s][info][gc             ] GC(375) Concurrent Mark Cycle 325.740ms
[166.096s][info][gc,start       ] GC(376) Pause Full (System.gc())
[166.096s][info][gc,task        ] GC(376) Using 6 workers of 6 for full compaction
[166.097s][info][gc,phases,start] GC(376) Phase 1: Mark live objects
[166.099s][info][gc,phases      ] GC(376) Phase 1: Mark live objects 2.545ms
[166.099s][info][gc,phases,start] GC(376) Phase 2: Prepare compaction
[166.100s][info][gc,phases      ] GC(376) Phase 2: Prepare compaction 0.630ms
[166.100s][info][gc,phases,start] GC(376) Phase 3: Adjust pointers
[166.102s][info][gc,phases      ] GC(376) Phase 3: Adjust pointers 2.279ms
[166.102s][info][gc,phases,start] GC(376) Phase 4: Compact heap
[166.103s][info][gc,phases      ] GC(376) Phase 4: Compact heap 0.569ms
[166.103s][info][gc,phases,start] GC(376) Phase 5: Reset Metadata
[166.104s][info][gc,phases      ] GC(376) Phase 5: Reset Metadata 0.700ms
[166.107s][info][gc,heap        ] GC(376) Eden regions: 142->0(614)
[166.107s][info][gc,heap        ] GC(376) Survivor regions: 2->0(30)
[166.107s][info][gc,heap        ] GC(376) Old regions: 467->9
[166.107s][info][gc,heap        ] GC(376) Humongous regions: 5->2
[166.107s][info][gc,metaspace   ] GC(376) Metaspace: 16558K(16896K)->16558K(16896K) NonClass: 14232K(14400K)->14232K(14400K) Class: 2325K(2496K)->2325K(2496K)
[166.107s][info][gc             ] GC(376) Pause Full (System.gc()) 614M->5M(1024M) 11.035ms
[166.107s][info][gc,cpu         ] GC(376) User=0.02s Sys=0.00s Real=0.02s
[167.360s][info][gc,start       ] GC(377) Pause Young (Concurrent Start) (G1 Evacuation Pause)
[167.360s][info][gc,task        ] GC(377) Using 6 workers of 6 for evacuation
[167.361s][info][gc,phases      ] GC(377)   Pre Evacuate Collection Set: 0.2ms
[167.361s][info][gc,phases      ] GC(377)   Merge Heap Roots: 0.1ms
[167.361s][info][gc,phases      ] GC(377)   Evacuate Collection Set: 0.4ms
[167.361s][info][gc,phases      ] GC(377)   Post Evacuate Collection Set: 0.4ms
[167.361s][info][gc,phases      ] GC(377)   Other: 0.1ms
[167.361s][info][gc,heap        ] GC(377) Eden regions: 614->0(613)
[167.361s][info][gc,heap        ] GC(377) Survivor regions: 0->1(77)
[167.361s][info][gc,heap        ] GC(377) Old regions: 9->9
[167.361s][info][gc,heap        ] GC(377) Humongous regions: 2->2
[167.361s][info][gc,metaspace   ] GC(377) Metaspace: 16558K(16896K)->16558K(16896K) NonClass: 14232K(14400K)->14232K(14400K) Class: 2325K(2496K)->2325K(2496K)
[167.361s][info][gc             ] GC(377) Pause Young (Concurrent Start) (G1 Evacuation Pause) 619M->6M(1024M) 1.399ms
[167.361s][info][gc,cpu         ] GC(377) User=0.00s Sys=0.00s Real=0.00s
[167.361s][info][gc             ] GC(378) Concurrent Mark Cycle
[167.361s][info][gc,marking     ] GC(378) Concurrent Scan Root Regions
[167.362s][info][gc,marking     ] GC(378) Concurrent Scan Root Regions 0.272ms
[167.362s][info][gc,marking     ] GC(378) Concurrent Mark
[167.362s][info][gc,marking     ] GC(378) Concurrent Mark From Roots
[167.362s][info][gc,task        ] GC(378) Using 2 workers of 2 for marking
[167.365s][info][gc,marking     ] GC(378) Concurrent Mark From Roots 3.101ms
[167.365s][info][gc,marking     ] GC(378) Concurrent Preclean
[167.365s][info][gc,marking     ] GC(378) Concurrent Preclean 0.022ms
[167.365s][info][gc,start       ] GC(378) Pause Remark
[167.366s][info][gc             ] GC(378) Pause Remark 24M->24M(1024M) 1.006ms
[167.366s][info][gc,cpu         ] GC(378) User=0.00s Sys=0.00s Real=0.00s
[167.366s][info][gc,marking     ] GC(378) Concurrent Mark 4.379ms
[167.366s][info][gc,marking     ] GC(378) Concurrent Rebuild Remembered Sets and Scrub Regions
[167.367s][info][gc,marking     ] GC(378) Concurrent Rebuild Remembered Sets and Scrub Regions 1.013ms
[167.367s][info][gc,start       ] GC(378) Pause Cleanup
[167.367s][info][gc             ] GC(378) Pause Cleanup 30M->30M(1024M) 0.148ms
[167.367s][info][gc,cpu         ] GC(378) User=0.00s Sys=0.00s Real=0.00s
[167.367s][info][gc,marking     ] GC(378) Concurrent Clear Claimed Marks
[167.367s][info][gc,marking     ] GC(378) Concurrent Clear Claimed Marks 0.026ms
[167.367s][info][gc,marking     ] GC(378) Concurrent Cleanup for Next Mark
[167.370s][info][gc,marking     ] GC(378) Concurrent Cleanup for Next Mark 2.376ms
[167.370s][info][gc             ] GC(378) Concurrent Mark Cycle 8.613ms
[167.460s][info][gc,start       ] GC(379) Pause Young (Prepare Mixed) (G1 Evacuation Pause)
[167.460s][info][gc,task        ] GC(379) Using 6 workers of 6 for evacuation
[167.461s][info][gc,phases      ] GC(379)   Pre Evacuate Collection Set: 0.2ms
[167.461s][info][gc,phases      ] GC(379)   Merge Heap Roots: 0.1ms
[167.461s][info][gc,phases      ] GC(379)   Evacuate Collection Set: 0.3ms
[167.461s][info][gc,phases      ] GC(379)   Post Evacuate Collection Set: 0.4ms
[167.461s][info][gc,phases      ] GC(379)   Other: 0.1ms
[167.461s][info][gc,heap        ] GC(379) Eden regions: 613->0(613)
[167.461s][info][gc,heap        ] GC(379) Survivor regions: 1->1(77)
[167.461s][info][gc,heap        ] GC(379) Old regions: 9->9
[167.461s][info][gc,heap        ] GC(379) Humongous regions: 2->2
[167.461s][info][gc,metaspace   ] GC(379) Metaspace: 16558K(16896K)->16558K(16896K) NonClass: 14232K(14400K)->14232K(14400K) Class: 2325K(2496K)->2325K(2496K)
[167.461s][info][gc             ] GC(379) Pause Young (Prepare Mixed) (G1 Evacuation Pause) 619M->6M(1024M) 1.244ms
[167.461s][info][gc,cpu         ] GC(379) User=0.00s Sys=0.00s Real=0.00s
[167.556s][info][gc,start       ] GC(380) Pause Young (Mixed) (G1 Evacuation Pause)
[167.556s][info][gc,task        ] GC(380) Using 6 workers of 6 for evacuation
[167.557s][info][gc,phases      ] GC(380)   Pre Evacuate Collection Set: 0.2ms
[167.557s][info][gc,phases      ] GC(380)   Merge Heap Roots: 0.1ms
[167.557s][info][gc,phases      ] GC(380)   Evacuate Collection Set: 0.3ms
[167.557s][info][gc,phases      ] GC(380)   Post Evacuate Collection Set: 0.4ms
[167.557s][info][gc,phases      ] GC(380)   Other: 0.1ms
[167.557s][info][gc,heap        ] GC(380) Eden regions: 613->0(613)
[167.557s][info][gc,heap        ] GC(380) Survivor regions: 1->1(77)
[167.557s][info][gc,heap        ] GC(380) Old regions: 9->8
[167.557s][info][gc,heap        ] GC(380) Humongous regions: 2->2
[167.557s][info][gc,metaspace   ] GC(380) Metaspace: 16558K(16896K)->16558K(16896K) NonClass: 14232K(14400K)->14232K(14400K) Class: 2325K(2496K)->2325K(2496K)
[167.557s][info][gc             ] GC(380) Pause Young (Mixed) (G1 Evacuation Pause) 619M->6M(1024M) 1.243ms
[167.557s][info][gc,cpu         ] GC(380) User=0.00s Sys=0.00s Real=0.00s
[167.653s][info][gc,start       ] GC(381) Pause Young (Concurrent Start) (G1 Evacuation Pause)
[167.654s][info][gc,task        ] GC(381) Using 6 workers of 6 for evacuation
[167.655s][info][gc,phases      ] GC(381)   Pre Evacuate Collection Set: 0.3ms
[167.655s][info][gc,phases      ] GC(381)   Merge Heap Roots: 0.1ms
[167.655s][info][gc,phases      ] GC(381)   Evacuate Collection Set: 0.4ms
[167.655s][info][gc,phases      ] GC(381)   Post Evacuate Collection Set: 0.5ms
[167.655s][info][gc,phases      ] GC(381)   Other: 0.1ms
[167.655s][info][gc,heap        ] GC(381) Eden regions: 613->0(613)
[167.655s][info][gc,heap        ] GC(381) Survivor regions: 1->1(77)
[167.655s][info][gc,heap        ] GC(381) Old regions: 8->8
[167.655s][info][gc,heap        ] GC(381) Humongous regions: 2->2
[167.655s][info][gc,metaspace   ] GC(381) Metaspace: 16558K(16896K)->16558K(16896K) NonClass: 14232K(14400K)->14232K(14400K) Class: 2325K(2496K)->2325K(2496K)
[167.655s][info][gc             ] GC(381) Pause Young (Concurrent Start) (G1 Evacuation Pause) 619M->6M(1024M) 1.532ms
[167.655s][info][gc             ] GC(382) Concurrent Mark Cycle
[167.655s][info][gc,cpu         ] GC(381) User=0.02s Sys=0.00s Real=0.00s
[167.655s][info][gc,marking     ] GC(382) Concurrent Scan Root Regions
[167.655s][info][gc,marking     ] GC(382) Concurrent Scan Root Regions 0.261ms
[167.655s][info][gc,marking     ] GC(382) Concurrent Mark
[167.655s][info][gc,marking     ] GC(382) Concurrent Mark From Roots
[167.655s][info][gc,task        ] GC(382) Using 2 workers of 2 for marking
[167.658s][info][gc,marking     ] GC(382) Concurrent Mark From Roots 3.011ms
[167.658s][info][gc,marking     ] GC(382) Concurrent Preclean
[167.658s][info][gc,marking     ] GC(382) Concurrent Preclean 0.019ms
[167.659s][info][gc,start       ] GC(382) Pause Remark
[167.660s][info][gc             ] GC(382) Pause Remark 22M->22M(1024M) 1.067ms
[167.660s][info][gc,cpu         ] GC(382) User=0.00s Sys=0.00s Real=0.00s
[167.660s][info][gc,marking     ] GC(382) Concurrent Mark 4.364ms
[167.660s][info][gc,marking     ] GC(382) Concurrent Rebuild Remembered Sets and Scrub Regions
[167.661s][info][gc,marking     ] GC(382) Concurrent Rebuild Remembered Sets and Scrub Regions 0.990ms
[167.661s][info][gc,start       ] GC(382) Pause Cleanup
[167.661s][info][gc             ] GC(382) Pause Cleanup 28M->28M(1024M) 0.146ms
[167.661s][info][gc,cpu         ] GC(382) User=0.00s Sys=0.00s Real=0.00s
[167.661s][info][gc,marking     ] GC(382) Concurrent Clear Claimed Marks
[167.661s][info][gc,marking     ] GC(382) Concurrent Clear Claimed Marks 0.029ms
[167.661s][info][gc,marking     ] GC(382) Concurrent Cleanup for Next Mark
[167.664s][info][gc,marking     ] GC(382) Concurrent Cleanup for Next Mark 2.461ms
[167.664s][info][gc             ] GC(382) Concurrent Mark Cycle 8.625ms
[167.845s][info][gc,start       ] GC(383) Pause Young (Prepare Mixed) (G1 Evacuation Pause)
[167.845s][info][gc,task        ] GC(383) Using 6 workers of 6 for evacuation
[167.901s][info][gc,phases      ] GC(383)   Pre Evacuate Collection Set: 0.2ms
[167.901s][info][gc,phases      ] GC(383)   Merge Heap Roots: 0.1ms
[167.901s][info][gc,phases      ] GC(383)   Evacuate Collection Set: 55.0ms
[167.901s][info][gc,phases      ] GC(383)   Post Evacuate Collection Set: 0.8ms
[167.901s][info][gc,phases      ] GC(383)   Other: 0.1ms
[167.901s][info][gc,heap        ] GC(383) Eden regions: 613->0(537)
[167.901s][info][gc,heap        ] GC(383) Survivor regions: 1->77(77)
[167.901s][info][gc,heap        ] GC(383) Old regions: 8->56
[167.901s][info][gc,heap        ] GC(383) Humongous regions: 3->3
[167.901s][info][gc,metaspace   ] GC(383) Metaspace: 16558K(16896K)->16558K(16896K) NonClass: 14232K(14400K)->14232K(14400K) Class: 2325K(2496K)->2325K(2496K)
[167.901s][info][gc             ] GC(383) Pause Young (Prepare Mixed) (G1 Evacuation Pause) 620M->131M(1024M) 56.366ms
[167.901s][info][gc,cpu         ] GC(383) User=0.20s Sys=0.00s Real=0.05s
[168.567s][info][gc,start       ] GC(384) Pause Young (Mixed) (G1 Evacuation Pause)
[168.568s][info][gc,task        ] GC(384) Using 6 workers of 6 for evacuation
[168.716s][info][gc,phases      ] GC(384)   Pre Evacuate Collection Set: 0.2ms
[168.716s][info][gc,phases      ] GC(384)   Merge Heap Roots: 0.4ms
[168.716s][info][gc,phases      ] GC(384)   Evacuate Collection Set: 146.5ms
[168.716s][info][gc,phases      ] GC(384)   Post Evacuate Collection Set: 1.2ms
[168.716s][info][gc,phases      ] GC(384)   Other: 0.1ms
[168.716s][info][gc,heap        ] GC(384) Eden regions: 537->0(331)
[168.716s][info][gc,heap        ] GC(384) Survivor regions: 77->77(77)
[168.716s][info][gc,heap        ] GC(384) Old regions: 56->328
[168.716s][info][gc,heap        ] GC(384) Humongous regions: 4->4
[168.716s][info][gc,metaspace   ] GC(384) Metaspace: 16558K(16896K)->16558K(16896K) NonClass: 14232K(14400K)->14232K(14400K) Class: 2325K(2496K)->2325K(2496K)
[168.716s][info][gc             ] GC(384) Pause Young (Mixed) (G1 Evacuation Pause) 669M->405M(1024M) 148.685ms
[168.716s][info][gc,cpu         ] GC(384) User=0.86s Sys=0.00s Real=0.16s
[171.198s][info][gc,start       ] GC(385) Pause Young (Concurrent Start) (G1 Evacuation Pause)
[171.199s][info][gc,task        ] GC(385) Using 6 workers of 6 for evacuation
[171.312s][info][gc,phases      ] GC(385)   Pre Evacuate Collection Set: 0.4ms
[171.312s][info][gc,phases      ] GC(385)   Merge Heap Roots: 0.9ms
[171.312s][info][gc,phases      ] GC(385)   Evacuate Collection Set: 110.4ms
[171.312s][info][gc,phases      ] GC(385)   Post Evacuate Collection Set: 1.1ms
[171.312s][info][gc,phases      ] GC(385)   Other: 0.2ms
[171.312s][info][gc,heap        ] GC(385) Eden regions: 331->0(240)
[171.312s][info][gc,heap        ] GC(385) Survivor regions: 77->51(51)
[171.312s][info][gc,heap        ] GC(385) Old regions: 328->495
[171.312s][info][gc,heap        ] GC(385) Humongous regions: 4->4
[171.312s][info][gc,metaspace   ] GC(385) Metaspace: 16558K(16896K)->16558K(16896K) NonClass: 14232K(14400K)->14232K(14400K) Class: 2325K(2496K)->2325K(2496K)
[171.312s][info][gc             ] GC(385) Pause Young (Concurrent Start) (G1 Evacuation Pause) 736M->546M(1024M) 113.195ms
[171.312s][info][gc             ] GC(386) Concurrent Mark Cycle
[171.312s][info][gc,cpu         ] GC(385) User=0.64s Sys=0.00s Real=0.11s
[171.312s][info][gc,marking     ] GC(386) Concurrent Scan Root Regions
[171.352s][info][gc,marking     ] GC(386) Concurrent Scan Root Regions 40.103ms
[171.352s][info][gc,marking     ] GC(386) Concurrent Mark
[171.352s][info][gc,marking     ] GC(386) Concurrent Mark From Roots
[171.352s][info][gc,task        ] GC(386) Using 2 workers of 2 for marking
[171.360s][info][gc,marking     ] GC(386) Concurrent Mark From Roots 8.579ms
[171.360s][info][gc,marking     ] GC(386) Concurrent Preclean
[171.361s][info][gc,marking     ] GC(386) Concurrent Preclean 0.042ms
[171.361s][info][gc,start       ] GC(386) Pause Remark
[171.362s][info][gc             ] GC(386) Pause Remark 620M->395M(1024M) 0.986ms
[171.362s][info][gc,cpu         ] GC(386) User=0.00s Sys=0.00s Real=0.00s
[171.362s][info][gc,marking     ] GC(386) Concurrent Mark 9.834ms
[171.362s][info][gc,marking     ] GC(386) Concurrent Rebuild Remembered Sets and Scrub Regions
[171.408s][info][gc,marking     ] GC(386) Concurrent Rebuild Remembered Sets and Scrub Regions 46.136ms
[171.408s][info][gc,start       ] GC(386) Pause Cleanup
[171.408s][info][gc             ] GC(386) Pause Cleanup 474M->474M(1024M) 0.311ms
[171.408s][info][gc,cpu         ] GC(386) User=0.00s Sys=0.00s Real=0.00s
[171.408s][info][gc,marking     ] GC(386) Concurrent Clear Claimed Marks
[171.408s][info][gc,marking     ] GC(386) Concurrent Clear Claimed Marks 0.024ms
[171.408s][info][gc,marking     ] GC(386) Concurrent Cleanup for Next Mark
[171.410s][info][gc,marking     ] GC(386) Concurrent Cleanup for Next Mark 1.689ms
[171.410s][info][gc             ] GC(386) Concurrent Mark Cycle 98.429ms
[171.462s][info][gc,start       ] GC(387) Pause Young (Prepare Mixed) (G1 Evacuation Pause)
[171.462s][info][gc,task        ] GC(387) Using 6 workers of 6 for evacuation
[171.543s][info][gc,phases      ] GC(387)   Pre Evacuate Collection Set: 0.2ms
[171.544s][info][gc,phases      ] GC(387)   Merge Heap Roots: 1.2ms
[171.544s][info][gc,phases      ] GC(387)   Evacuate Collection Set: 79.7ms
[171.544s][info][gc,phases      ] GC(387)   Post Evacuate Collection Set: 0.4ms
[171.544s][info][gc,phases      ] GC(387)   Other: 0.1ms
[171.544s][info][gc,heap        ] GC(387) Eden regions: 240->0(299)
[171.544s][info][gc,heap        ] GC(387) Survivor regions: 51->37(37)
[171.544s][info][gc,heap        ] GC(387) Old regions: 271->387
[171.544s][info][gc,heap        ] GC(387) Humongous regions: 3->3
[171.544s][info][gc,metaspace   ] GC(387) Metaspace: 16558K(16896K)->16558K(16896K) NonClass: 14232K(14400K)->14232K(14400K) Class: 2325K(2496K)->2325K(2496K)
[171.544s][info][gc             ] GC(387) Pause Young (Prepare Mixed) (G1 Evacuation Pause) 561M->423M(1024M) 81.947ms
[171.544s][info][gc,cpu         ] GC(387) User=0.44s Sys=0.00s Real=0.08s
[171.724s][info][gc,start       ] GC(388) Pause Young (Mixed) (G1 Evacuation Pause)
[171.724s][info][gc,task        ] GC(388) Using 6 workers of 6 for evacuation
[171.801s][info][gc,phases      ] GC(388)   Pre Evacuate Collection Set: 0.2ms
[171.801s][info][gc,phases      ] GC(388)   Merge Heap Roots: 0.2ms
[171.801s][info][gc,phases      ] GC(388)   Evacuate Collection Set: 76.0ms
[171.801s][info][gc,phases      ] GC(388)   Post Evacuate Collection Set: 0.5ms
[171.801s][info][gc,phases      ] GC(388)   Other: 0.1ms
[171.801s][info][gc,heap        ] GC(388) Eden regions: 299->0(255)
[171.801s][info][gc,heap        ] GC(388) Survivor regions: 37->42(42)
[171.801s][info][gc,heap        ] GC(388) Old regions: 387->463
[171.801s][info][gc,heap        ] GC(388) Humongous regions: 3->3
[171.801s][info][gc,metaspace   ] GC(388) Metaspace: 16558K(16896K)->16558K(16896K) NonClass: 14232K(14400K)->14232K(14400K) Class: 2325K(2496K)->2325K(2496K)
[171.801s][info][gc             ] GC(388) Pause Young (Mixed) (G1 Evacuation Pause) 722M->505M(1024M) 77.203ms
[171.801s][info][gc,cpu         ] GC(388) User=0.38s Sys=0.00s Real=0.06s
[171.879s][info][gc,start       ] GC(389) Pause Young (Concurrent Start) (G1 Humongous Allocation)
[171.879s][info][gc,task        ] GC(389) Using 6 workers of 6 for evacuation
[171.925s][info][gc,phases      ] GC(389)   Pre Evacuate Collection Set: 0.3ms
[171.925s][info][gc,phases      ] GC(389)   Merge Heap Roots: 0.2ms
[171.925s][info][gc,phases      ] GC(389)   Evacuate Collection Set: 44.8ms
[171.925s][info][gc,phases      ] GC(389)   Post Evacuate Collection Set: 0.4ms
[171.925s][info][gc,phases      ] GC(389)   Other: 0.2ms
[171.925s][info][gc,heap        ] GC(389) Eden regions: 124->0(227)
[171.925s][info][gc,heap        ] GC(389) Survivor regions: 42->38(38)
[171.925s][info][gc,heap        ] GC(389) Old regions: 463->521
[171.925s][info][gc,heap        ] GC(389) Humongous regions: 3->3
[171.925s][info][gc,metaspace   ] GC(389) Metaspace: 16558K(16896K)->16558K(16896K) NonClass: 14232K(14400K)->14232K(14400K) Class: 2325K(2496K)->2325K(2496K)
[171.925s][info][gc             ] GC(389) Pause Young (Concurrent Start) (G1 Humongous Allocation) 629M->559M(1024M) 46.124ms
[171.925s][info][gc             ] GC(390) Concurrent Mark Cycle
[171.925s][info][gc,cpu         ] GC(389) User=0.22s Sys=0.00s Real=0.05s
[171.925s][info][gc,marking     ] GC(390) Concurrent Scan Root Regions
[171.953s][info][gc,marking     ] GC(390) Concurrent Scan Root Regions 28.302ms
[171.953s][info][gc,marking     ] GC(390) Concurrent Mark
[171.953s][info][gc,marking     ] GC(390) Concurrent Mark From Roots
[171.953s][info][gc,task        ] GC(390) Using 2 workers of 2 for marking
[172.193s][info][gc,marking     ] GC(390) Concurrent Mark From Roots 239.283ms
[172.193s][info][gc,marking     ] GC(390) Concurrent Preclean
[172.193s][info][gc,marking     ] GC(390) Concurrent Preclean 0.056ms
[172.193s][info][gc,start       ] GC(390) Pause Remark
[172.194s][info][gc             ] GC(390) Pause Remark 635M->510M(1024M) 1.351ms
[172.194s][info][gc,cpu         ] GC(390) User=0.00s Sys=0.00s Real=0.00s
[172.194s][info][gc,marking     ] GC(390) Concurrent Mark 240.921ms
[172.194s][info][gc,marking     ] GC(390) Concurrent Rebuild Remembered Sets and Scrub Regions
[172.286s][info][gc,marking     ] GC(390) Concurrent Rebuild Remembered Sets and Scrub Regions 91.870ms
[172.286s][info][gc,start       ] GC(390) Pause Cleanup
[172.287s][info][gc             ] GC(390) Pause Cleanup 533M->533M(1024M) 0.255ms
[172.287s][info][gc,cpu         ] GC(390) User=0.00s Sys=0.00s Real=0.00s
[172.287s][info][gc,marking     ] GC(390) Concurrent Clear Claimed Marks
[172.287s][info][gc,marking     ] GC(390) Concurrent Clear Claimed Marks 0.051ms
[172.287s][info][gc,marking     ] GC(390) Concurrent Cleanup for Next Mark
[172.288s][info][gc,marking     ] GC(390) Concurrent Cleanup for Next Mark 1.459ms
[172.288s][info][gc             ] GC(390) Concurrent Mark Cycle 363.224ms
[172.534s][info][gc,start       ] GC(391) Pause Young (Prepare Mixed) (G1 Evacuation Pause)
[172.534s][info][gc,task        ] GC(391) Using 6 workers of 6 for evacuation
[172.598s][info][gc,phases      ] GC(391)   Pre Evacuate Collection Set: 0.5ms
[172.598s][info][gc,phases      ] GC(391)   Merge Heap Roots: 2.2ms
[172.598s][info][gc,phases      ] GC(391)   Evacuate Collection Set: 60.7ms
[172.598s][info][gc,phases      ] GC(391)   Post Evacuate Collection Set: 1.0ms
[172.598s][info][gc,phases      ] GC(391)   Other: 0.1ms
[172.598s][info][gc,heap        ] GC(391) Eden regions: 227->0(287)
[172.598s][info][gc,heap        ] GC(391) Survivor regions: 38->34(34)
[172.598s][info][gc,heap        ] GC(391) Old regions: 397->435
[172.598s][info][gc,heap        ] GC(391) Humongous regions: 8->8
[172.598s][info][gc,metaspace   ] GC(391) Metaspace: 16558K(16896K)->16558K(16896K) NonClass: 14232K(14400K)->14232K(14400K) Class: 2325K(2496K)->2325K(2496K)
[172.598s][info][gc             ] GC(391) Pause Young (Prepare Mixed) (G1 Evacuation Pause) 667M->474M(1024M) 64.682ms
[172.598s][info][gc,cpu         ] GC(391) User=0.31s Sys=0.00s Real=0.06s
[173.112s][info][gc,start       ] GC(392) Pause Young (Mixed) (G1 Evacuation Pause)
[173.112s][info][gc,task        ] GC(392) Using 6 workers of 6 for evacuation
[173.138s][info][gc,phases      ] GC(392)   Pre Evacuate Collection Set: 0.3ms
[173.138s][info][gc,phases      ] GC(392)   Merge Heap Roots: 1.1ms
[173.138s][info][gc,phases      ] GC(392)   Evacuate Collection Set: 24.1ms
[173.138s][info][gc,phases      ] GC(392)   Post Evacuate Collection Set: 0.5ms
[173.138s][info][gc,phases      ] GC(392)   Other: 0.1ms
[173.138s][info][gc,heap        ] GC(392) Eden regions: 287->0(330)
[173.138s][info][gc,heap        ] GC(392) Survivor regions: 34->3(41)
[173.138s][info][gc,heap        ] GC(392) Old regions: 435->442
[173.138s][info][gc,heap        ] GC(392) Humongous regions: 8->8
[173.138s][info][gc,metaspace   ] GC(392) Metaspace: 16558K(16896K)->16558K(16896K) NonClass: 14232K(14400K)->14232K(14400K) Class: 2325K(2496K)->2325K(2496K)
[173.138s][info][gc             ] GC(392) Pause Young (Mixed) (G1 Evacuation Pause) 761M->450M(1024M) 26.385ms
[173.138s][info][gc,cpu         ] GC(392) User=0.09s Sys=0.00s Real=0.03s
[173.927s][info][gc,start       ] GC(393) Pause Full (System.gc())
[173.927s][info][gc,task        ] GC(393) Using 6 workers of 6 for full compaction
[173.927s][info][gc,phases,start] GC(393) Phase 1: Mark live objects
[173.930s][info][gc,phases      ] GC(393) Phase 1: Mark live objects 2.468ms
[173.930s][info][gc,phases,start] GC(393) Phase 2: Prepare compaction
[173.930s][info][gc,phases      ] GC(393) Phase 2: Prepare compaction 0.611ms
[173.930s][info][gc,phases,start] GC(393) Phase 3: Adjust pointers
[173.933s][info][gc,phases      ] GC(393) Phase 3: Adjust pointers 2.366ms
[173.933s][info][gc,phases,start] GC(393) Phase 4: Compact heap
[173.934s][info][gc,phases      ] GC(393) Phase 4: Compact heap 0.713ms
[173.934s][info][gc,phases,start] GC(393) Phase 5: Reset Metadata
[173.934s][info][gc,phases      ] GC(393) Phase 5: Reset Metadata 0.684ms
[173.937s][info][gc,heap        ] GC(393) Eden regions: 147->0(598)
[173.938s][info][gc,heap        ] GC(393) Survivor regions: 3->0(41)
[173.938s][info][gc,heap        ] GC(393) Old regions: 442->9
[173.938s][info][gc,heap        ] GC(393) Humongous regions: 8->2
[173.938s][info][gc,metaspace   ] GC(393) Metaspace: 16558K(16896K)->16558K(16896K) NonClass: 14232K(14400K)->14232K(14400K) Class: 2325K(2496K)->2325K(2496K)
[173.938s][info][gc             ] GC(393) Pause Full (System.gc()) 596M->5M(1024M) 10.812ms
[173.938s][info][gc,cpu         ] GC(393) User=0.00s Sys=0.00s Real=0.02s
[175.885s][info][gc,start       ] GC(394) Pause Young (Concurrent Start) (G1 Evacuation Pause)
[175.885s][info][gc,task        ] GC(394) Using 6 workers of 6 for evacuation
[175.887s][info][gc,phases      ] GC(394)   Pre Evacuate Collection Set: 0.3ms
[175.887s][info][gc,phases      ] GC(394)   Merge Heap Roots: 0.1ms
[175.887s][info][gc,phases      ] GC(394)   Evacuate Collection Set: 0.4ms
[175.887s][info][gc,phases      ] GC(394)   Post Evacuate Collection Set: 0.4ms
[175.887s][info][gc,phases      ] GC(394)   Other: 0.1ms
[175.887s][info][gc,heap        ] GC(394) Eden regions: 598->0(612)
[175.887s][info][gc,heap        ] GC(394) Survivor regions: 0->2(75)
[175.887s][info][gc,heap        ] GC(394) Old regions: 9->9
[175.887s][info][gc,heap        ] GC(394) Humongous regions: 2->2
[175.887s][info][gc,metaspace   ] GC(394) Metaspace: 16559K(16896K)->16559K(16896K) NonClass: 14233K(14400K)->14233K(14400K) Class: 2325K(2496K)->2325K(2496K)
[175.887s][info][gc             ] GC(394) Pause Young (Concurrent Start) (G1 Evacuation Pause) 603M->7M(1024M) 1.572ms
[175.887s][info][gc             ] GC(395) Concurrent Mark Cycle
[175.887s][info][gc,cpu         ] GC(394) User=0.00s Sys=0.00s Real=0.02s
[175.887s][info][gc,marking     ] GC(395) Concurrent Scan Root Regions
[175.887s][info][gc,marking     ] GC(395) Concurrent Scan Root Regions 0.188ms
[175.887s][info][gc,marking     ] GC(395) Concurrent Mark
[175.887s][info][gc,marking     ] GC(395) Concurrent Mark From Roots
[175.887s][info][gc,task        ] GC(395) Using 2 workers of 2 for marking
[175.890s][info][gc,marking     ] GC(395) Concurrent Mark From Roots 3.050ms
[175.890s][info][gc,marking     ] GC(395) Concurrent Preclean
[175.890s][info][gc,marking     ] GC(395) Concurrent Preclean 0.019ms
[175.890s][info][gc,start       ] GC(395) Pause Remark
[175.891s][info][gc             ] GC(395) Pause Remark 25M->25M(1024M) 1.009ms
[175.891s][info][gc,cpu         ] GC(395) User=0.00s Sys=0.00s Real=0.00s
[175.891s][info][gc,marking     ] GC(395) Concurrent Mark 4.340ms
[175.891s][info][gc,marking     ] GC(395) Concurrent Rebuild Remembered Sets and Scrub Regions
[175.892s][info][gc,marking     ] GC(395) Concurrent Rebuild Remembered Sets and Scrub Regions 1.024ms
[175.893s][info][gc,start       ] GC(395) Pause Cleanup
[175.893s][info][gc             ] GC(395) Pause Cleanup 29M->29M(1024M) 0.136ms
[175.893s][info][gc,cpu         ] GC(395) User=0.00s Sys=0.00s Real=0.00s
[175.893s][info][gc,marking     ] GC(395) Concurrent Clear Claimed Marks
[175.893s][info][gc,marking     ] GC(395) Concurrent Clear Claimed Marks 0.022ms
[175.893s][info][gc,marking     ] GC(395) Concurrent Cleanup for Next Mark
[175.895s][info][gc,marking     ] GC(395) Concurrent Cleanup for Next Mark 2.454ms
[175.895s][info][gc             ] GC(395) Concurrent Mark Cycle 8.543ms
[175.986s][info][gc,start       ] GC(396) Pause Young (Prepare Mixed) (G1 Evacuation Pause)
[175.986s][info][gc,task        ] GC(396) Using 6 workers of 6 for evacuation
[175.987s][info][gc,phases      ] GC(396)   Pre Evacuate Collection Set: 0.2ms
[175.987s][info][gc,phases      ] GC(396)   Merge Heap Roots: 0.1ms
[175.987s][info][gc,phases      ] GC(396)   Evacuate Collection Set: 0.3ms
[175.987s][info][gc,phases      ] GC(396)   Post Evacuate Collection Set: 0.4ms
[175.987s][info][gc,phases      ] GC(396)   Other: 0.1ms
[175.987s][info][gc,heap        ] GC(396) Eden regions: 612->0(613)
[175.987s][info][gc,heap        ] GC(396) Survivor regions: 2->1(77)
[175.987s][info][gc,heap        ] GC(396) Old regions: 9->9
[175.987s][info][gc,heap        ] GC(396) Humongous regions: 2->2
[175.987s][info][gc,metaspace   ] GC(396) Metaspace: 16559K(16896K)->16559K(16896K) NonClass: 14233K(14400K)->14233K(14400K) Class: 2325K(2496K)->2325K(2496K)
[175.987s][info][gc             ] GC(396) Pause Young (Prepare Mixed) (G1 Evacuation Pause) 619M->6M(1024M) 1.230ms
[175.987s][info][gc,cpu         ] GC(396) User=0.00s Sys=0.00s Real=0.00s
[176.084s][info][gc,start       ] GC(397) Pause Young (Mixed) (G1 Evacuation Pause)
[176.084s][info][gc,task        ] GC(397) Using 6 workers of 6 for evacuation
[176.085s][info][gc,phases      ] GC(397)   Pre Evacuate Collection Set: 0.2ms
[176.085s][info][gc,phases      ] GC(397)   Merge Heap Roots: 0.1ms
[176.085s][info][gc,phases      ] GC(397)   Evacuate Collection Set: 0.3ms
[176.085s][info][gc,phases      ] GC(397)   Post Evacuate Collection Set: 0.3ms
[176.085s][info][gc,phases      ] GC(397)   Other: 0.1ms
[176.085s][info][gc,heap        ] GC(397) Eden regions: 613->0(613)
[176.085s][info][gc,heap        ] GC(397) Survivor regions: 1->1(77)
[176.085s][info][gc,heap        ] GC(397) Old regions: 9->8
[176.085s][info][gc,heap        ] GC(397) Humongous regions: 2->2
[176.085s][info][gc,metaspace   ] GC(397) Metaspace: 16559K(16896K)->16559K(16896K) NonClass: 14233K(14400K)->14233K(14400K) Class: 2325K(2496K)->2325K(2496K)
[176.085s][info][gc             ] GC(397) Pause Young (Mixed) (G1 Evacuation Pause) 619M->6M(1024M) 1.139ms
[176.085s][info][gc,cpu         ] GC(397) User=0.00s Sys=0.00s Real=0.00s
[176.182s][info][gc,start       ] GC(398) Pause Young (Concurrent Start) (G1 Evacuation Pause)
[176.182s][info][gc,task        ] GC(398) Using 6 workers of 6 for evacuation
[176.183s][info][gc,phases      ] GC(398)   Pre Evacuate Collection Set: 0.2ms
[176.183s][info][gc,phases      ] GC(398)   Merge Heap Roots: 0.1ms
[176.183s][info][gc,phases      ] GC(398)   Evacuate Collection Set: 0.4ms
[176.183s][info][gc,phases      ] GC(398)   Post Evacuate Collection Set: 0.3ms
[176.183s][info][gc,phases      ] GC(398)   Other: 0.1ms
[176.183s][info][gc,heap        ] GC(398) Eden regions: 613->0(613)
[176.183s][info][gc,heap        ] GC(398) Survivor regions: 1->1(77)
[176.183s][info][gc,heap        ] GC(398) Old regions: 8->8
[176.183s][info][gc,heap        ] GC(398) Humongous regions: 2->2
[176.183s][info][gc,metaspace   ] GC(398) Metaspace: 16559K(16896K)->16559K(16896K) NonClass: 14233K(14400K)->14233K(14400K) Class: 2325K(2496K)->2325K(2496K)
[176.183s][info][gc             ] GC(398) Pause Young (Concurrent Start) (G1 Evacuation Pause) 619M->6M(1024M) 1.295ms
[176.183s][info][gc             ] GC(399) Concurrent Mark Cycle
[176.183s][info][gc,cpu         ] GC(398) User=0.00s Sys=0.00s Real=0.00s
[176.183s][info][gc,marking     ] GC(399) Concurrent Scan Root Regions
[176.183s][info][gc,marking     ] GC(399) Concurrent Scan Root Regions 0.251ms
[176.183s][info][gc,marking     ] GC(399) Concurrent Mark
[176.183s][info][gc,marking     ] GC(399) Concurrent Mark From Roots
[176.183s][info][gc,task        ] GC(399) Using 2 workers of 2 for marking
[176.186s][info][gc,marking     ] GC(399) Concurrent Mark From Roots 3.097ms
[176.187s][info][gc,marking     ] GC(399) Concurrent Preclean
[176.187s][info][gc,marking     ] GC(399) Concurrent Preclean 0.019ms
[176.187s][info][gc,start       ] GC(399) Pause Remark
[176.188s][info][gc             ] GC(399) Pause Remark 22M->22M(1024M) 1.011ms
[176.188s][info][gc,cpu         ] GC(399) User=0.00s Sys=0.00s Real=0.00s
[176.188s][info][gc,marking     ] GC(399) Concurrent Mark 4.373ms
[176.188s][info][gc,marking     ] GC(399) Concurrent Rebuild Remembered Sets and Scrub Regions
[176.189s][info][gc,marking     ] GC(399) Concurrent Rebuild Remembered Sets and Scrub Regions 1.003ms
[176.189s][info][gc,start       ] GC(399) Pause Cleanup
[176.189s][info][gc             ] GC(399) Pause Cleanup 28M->28M(1024M) 0.112ms
[176.189s][info][gc,cpu         ] GC(399) User=0.00s Sys=0.00s Real=0.00s
[176.189s][info][gc,marking     ] GC(399) Concurrent Clear Claimed Marks
[176.189s][info][gc,marking     ] GC(399) Concurrent Clear Claimed Marks 0.026ms
[176.189s][info][gc,marking     ] GC(399) Concurrent Cleanup for Next Mark
[176.192s][info][gc,marking     ] GC(399) Concurrent Cleanup for Next Mark 2.436ms
[176.192s][info][gc             ] GC(399) Concurrent Mark Cycle 8.578ms
[176.365s][info][gc,start       ] GC(400) Pause Young (Prepare Mixed) (G1 Evacuation Pause)
[176.365s][info][gc,task        ] GC(400) Using 6 workers of 6 for evacuation
[176.418s][info][gc,phases      ] GC(400)   Pre Evacuate Collection Set: 0.2ms
[176.418s][info][gc,phases      ] GC(400)   Merge Heap Roots: 0.1ms
[176.418s][info][gc,phases      ] GC(400)   Evacuate Collection Set: 52.5ms
[176.418s][info][gc,phases      ] GC(400)   Post Evacuate Collection Set: 0.6ms
[176.418s][info][gc,phases      ] GC(400)   Other: 0.1ms
[176.418s][info][gc,heap        ] GC(400) Eden regions: 613->0(537)
[176.418s][info][gc,heap        ] GC(400) Survivor regions: 1->77(77)
[176.418s][info][gc,heap        ] GC(400) Old regions: 8->49
[176.418s][info][gc,heap        ] GC(400) Humongous regions: 3->3
[176.418s][info][gc,metaspace   ] GC(400) Metaspace: 16562K(16896K)->16562K(16896K) NonClass: 14236K(14400K)->14236K(14400K) Class: 2325K(2496K)->2325K(2496K)
[176.418s][info][gc             ] GC(400) Pause Young (Prepare Mixed) (G1 Evacuation Pause) 620M->124M(1024M) 53.623ms
[176.418s][info][gc,cpu         ] GC(400) User=0.28s Sys=0.00s Real=0.05s
[177.002s][info][gc,start       ] GC(401) Pause Young (Mixed) (G1 Evacuation Pause)
[177.002s][info][gc,task        ] GC(401) Using 6 workers of 6 for evacuation
[177.155s][info][gc,phases      ] GC(401)   Pre Evacuate Collection Set: 0.2ms
[177.155s][info][gc,phases      ] GC(401)   Merge Heap Roots: 0.3ms
[177.155s][info][gc,phases      ] GC(401)   Evacuate Collection Set: 150.9ms
[177.155s][info][gc,phases      ] GC(401)   Post Evacuate Collection Set: 1.6ms
[177.155s][info][gc,phases      ] GC(401)   Other: 0.1ms
[177.155s][info][gc,heap        ] GC(401) Eden regions: 537->0(322)
[177.155s][info][gc,heap        ] GC(401) Survivor regions: 77->77(77)
[177.155s][info][gc,heap        ] GC(401) Old regions: 49->342
[177.155s][info][gc,heap        ] GC(401) Humongous regions: 4->4
[177.155s][info][gc,metaspace   ] GC(401) Metaspace: 16562K(16896K)->16562K(16896K) NonClass: 14236K(14400K)->14236K(14400K) Class: 2325K(2496K)->2325K(2496K)
[177.155s][info][gc             ] GC(401) Pause Young (Mixed) (G1 Evacuation Pause) (Evacuation Failure) 662M->419M(1024M) 153.146ms
[177.155s][info][gc,cpu         ] GC(401) User=0.86s Sys=0.00s Real=0.16s
[179.222s][info][gc,start       ] GC(402) Pause Young (Concurrent Start) (G1 Evacuation Pause)
[179.222s][info][gc,task        ] GC(402) Using 6 workers of 6 for evacuation
[179.330s][info][gc,phases      ] GC(402)   Pre Evacuate Collection Set: 0.3ms
[179.332s][info][gc,phases      ] GC(402)   Merge Heap Roots: 1.0ms
[179.332s][info][gc,phases      ] GC(402)   Evacuate Collection Set: 105.7ms
[179.332s][info][gc,phases      ] GC(402)   Post Evacuate Collection Set: 1.0ms
[179.332s][info][gc,phases      ] GC(402)   Other: 0.2ms
[179.332s][info][gc,heap        ] GC(402) Eden regions: 322->0(237)
[179.332s][info][gc,heap        ] GC(402) Survivor regions: 77->50(50)
[179.332s][info][gc,heap        ] GC(402) Old regions: 342->500
[179.332s][info][gc,heap        ] GC(402) Humongous regions: 4->4
[179.332s][info][gc,metaspace   ] GC(402) Metaspace: 16562K(16896K)->16562K(16896K) NonClass: 14236K(14400K)->14236K(14400K) Class: 2325K(2496K)->2325K(2496K)
[179.332s][info][gc             ] GC(402) Pause Young (Concurrent Start) (G1 Evacuation Pause) 741M->550M(1024M) 109.652ms
[179.332s][info][gc             ] GC(403) Concurrent Mark Cycle
[179.332s][info][gc,cpu         ] GC(402) User=0.58s Sys=0.00s Real=0.11s
[179.332s][info][gc,marking     ] GC(403) Concurrent Scan Root Regions
[179.371s][info][gc,marking     ] GC(403) Concurrent Scan Root Regions 38.683ms
[179.371s][info][gc,marking     ] GC(403) Concurrent Mark
[179.371s][info][gc,marking     ] GC(403) Concurrent Mark From Roots
[179.371s][info][gc,task        ] GC(403) Using 2 workers of 2 for marking
[179.379s][info][gc,marking     ] GC(403) Concurrent Mark From Roots 8.812ms
[179.380s][info][gc,marking     ] GC(403) Concurrent Preclean
[179.380s][info][gc,marking     ] GC(403) Concurrent Preclean 0.038ms
[179.380s][info][gc,start       ] GC(403) Pause Remark
[179.381s][info][gc             ] GC(403) Pause Remark 622M->385M(1024M) 0.986ms
[179.381s][info][gc,cpu         ] GC(403) User=0.00s Sys=0.00s Real=0.00s
[179.381s][info][gc,marking     ] GC(403) Concurrent Mark 10.088ms
[179.381s][info][gc,marking     ] GC(403) Concurrent Rebuild Remembered Sets and Scrub Regions
[179.426s][info][gc,marking     ] GC(403) Concurrent Rebuild Remembered Sets and Scrub Regions 45.479ms
[179.426s][info][gc,start       ] GC(403) Pause Cleanup
[179.427s][info][gc             ] GC(403) Pause Cleanup 462M->462M(1024M) 0.225ms
[179.427s][info][gc,cpu         ] GC(403) User=0.00s Sys=0.00s Real=0.00s
[179.427s][info][gc,marking     ] GC(403) Concurrent Clear Claimed Marks
[179.427s][info][gc,marking     ] GC(403) Concurrent Clear Claimed Marks 0.029ms
[179.427s][info][gc,marking     ] GC(403) Concurrent Cleanup for Next Mark
[179.428s][info][gc,marking     ] GC(403) Concurrent Cleanup for Next Mark 1.551ms
[179.428s][info][gc             ] GC(403) Concurrent Mark Cycle 96.399ms
[179.480s][info][gc,start       ] GC(404) Pause Young (Prepare Mixed) (G1 Evacuation Pause)
[179.480s][info][gc,task        ] GC(404) Using 6 workers of 6 for evacuation
[179.562s][info][gc,phases      ] GC(404)   Pre Evacuate Collection Set: 0.3ms
[179.562s][info][gc,phases      ] GC(404)   Merge Heap Roots: 0.9ms
[179.562s][info][gc,phases      ] GC(404)   Evacuate Collection Set: 80.3ms
[179.562s][info][gc,phases      ] GC(404)   Post Evacuate Collection Set: 0.4ms
[179.562s][info][gc,phases      ] GC(404)   Other: 0.1ms
[179.562s][info][gc,heap        ] GC(404) Eden regions: 237->0(303)
[179.562s][info][gc,heap        ] GC(404) Survivor regions: 50->36(36)
[179.562s][info][gc,heap        ] GC(404) Old regions: 264->379
[179.562s][info][gc,heap        ] GC(404) Humongous regions: 3->3
[179.562s][info][gc,metaspace   ] GC(404) Metaspace: 16562K(16896K)->16562K(16896K) NonClass: 14236K(14400K)->14236K(14400K) Class: 2325K(2496K)->2325K(2496K)
[179.562s][info][gc             ] GC(404) Pause Young (Prepare Mixed) (G1 Evacuation Pause) 550M->414M(1024M) 82.166ms
[179.562s][info][gc,cpu         ] GC(404) User=0.42s Sys=0.00s Real=0.08s
[179.747s][info][gc,start       ] GC(405) Pause Young (Mixed) (G1 Evacuation Pause)
[179.747s][info][gc,task        ] GC(405) Using 6 workers of 6 for evacuation
[179.828s][info][gc,phases      ] GC(405)   Pre Evacuate Collection Set: 0.3ms
[179.828s][info][gc,phases      ] GC(405)   Merge Heap Roots: 0.2ms
[179.828s][info][gc,phases      ] GC(405)   Evacuate Collection Set: 79.5ms
[179.828s][info][gc,phases      ] GC(405)   Post Evacuate Collection Set: 0.4ms
[179.828s][info][gc,phases      ] GC(405)   Other: 0.1ms
[179.828s][info][gc,heap        ] GC(405) Eden regions: 303->0(258)
[179.828s][info][gc,heap        ] GC(405) Survivor regions: 36->43(43)
[179.828s][info][gc,heap        ] GC(405) Old regions: 379->455
[179.828s][info][gc,heap        ] GC(405) Humongous regions: 3->3
[179.828s][info][gc,metaspace   ] GC(405) Metaspace: 16562K(16896K)->16562K(16896K) NonClass: 14236K(14400K)->14236K(14400K) Class: 2325K(2496K)->2325K(2496K)
[179.828s][info][gc             ] GC(405) Pause Young (Mixed) (G1 Evacuation Pause) 717M->498M(1024M) 80.716ms
[179.828s][info][gc,cpu         ] GC(405) User=0.47s Sys=0.00s Real=0.08s
[179.917s][info][gc,start       ] GC(406) Pause Young (Concurrent Start) (G1 Humongous Allocation)
[179.918s][info][gc,task        ] GC(406) Using 6 workers of 6 for evacuation
[179.968s][info][gc,phases      ] GC(406)   Pre Evacuate Collection Set: 0.3ms
[179.968s][info][gc,phases      ] GC(406)   Merge Heap Roots: 0.2ms
[179.968s][info][gc,phases      ] GC(406)   Evacuate Collection Set: 49.2ms
[179.968s][info][gc,phases      ] GC(406)   Post Evacuate Collection Set: 0.3ms
[179.968s][info][gc,phases      ] GC(406)   Other: 0.2ms
[179.968s][info][gc,heap        ] GC(406) Eden regions: 143->0(226)
[179.968s][info][gc,heap        ] GC(406) Survivor regions: 43->38(38)
[179.968s][info][gc,heap        ] GC(406) Old regions: 455->522
[179.968s][info][gc,heap        ] GC(406) Humongous regions: 3->3
[179.968s][info][gc,metaspace   ] GC(406) Metaspace: 16562K(16896K)->16562K(16896K) NonClass: 14236K(14400K)->14236K(14400K) Class: 2325K(2496K)->2325K(2496K)
[179.968s][info][gc             ] GC(406) Pause Young (Concurrent Start) (G1 Humongous Allocation) 641M->560M(1024M) 50.380ms
[179.968s][info][gc,cpu         ] GC(406) User=0.25s Sys=0.00s Real=0.06s
[179.968s][info][gc             ] GC(407) Concurrent Mark Cycle
[179.968s][info][gc,marking     ] GC(407) Concurrent Scan Root Regions
[179.997s][info][gc,marking     ] GC(407) Concurrent Scan Root Regions 29.264ms
[179.997s][info][gc,marking     ] GC(407) Concurrent Mark
[179.997s][info][gc,marking     ] GC(407) Concurrent Mark From Roots
[179.997s][info][gc,task        ] GC(407) Using 2 workers of 2 for marking
[180.227s][info][gc,marking     ] GC(407) Concurrent Mark From Roots 229.993ms
[180.227s][info][gc,marking     ] GC(407) Concurrent Preclean
[180.227s][info][gc,marking     ] GC(407) Concurrent Preclean 0.053ms
[180.227s][info][gc,start       ] GC(407) Pause Remark
[180.229s][info][gc             ] GC(407) Pause Remark 634M->511M(1024M) 1.312ms
[180.229s][info][gc,cpu         ] GC(407) User=0.00s Sys=0.00s Real=0.00s
[180.229s][info][gc,marking     ] GC(407) Concurrent Mark 231.571ms
[180.229s][info][gc,marking     ] GC(407) Concurrent Rebuild Remembered Sets and Scrub Regions
[180.369s][info][gc,marking     ] GC(407) Concurrent Rebuild Remembered Sets and Scrub Regions 139.872ms
[180.369s][info][gc,start       ] GC(407) Pause Cleanup
[180.369s][info][gc             ] GC(407) Pause Cleanup 549M->549M(1024M) 0.299ms
[180.369s][info][gc,cpu         ] GC(407) User=0.00s Sys=0.00s Real=0.00s
[180.369s][info][gc,marking     ] GC(407) Concurrent Clear Claimed Marks
[180.369s][info][gc,marking     ] GC(407) Concurrent Clear Claimed Marks 0.027ms
[180.369s][info][gc,marking     ] GC(407) Concurrent Cleanup for Next Mark
[180.371s][info][gc,marking     ] GC(407) Concurrent Cleanup for Next Mark 1.243ms
[180.371s][info][gc             ] GC(407) Concurrent Mark Cycle 402.687ms
[180.590s][info][gc,start       ] GC(408) Pause Young (Prepare Mixed) (G1 Evacuation Pause)
[180.590s][info][gc,task        ] GC(408) Using 6 workers of 6 for evacuation
[180.652s][info][gc,phases      ] GC(408)   Pre Evacuate Collection Set: 0.4ms
[180.652s][info][gc,phases      ] GC(408)   Merge Heap Roots: 2.4ms
[180.652s][info][gc,phases      ] GC(408)   Evacuate Collection Set: 58.5ms
[180.652s][info][gc,phases      ] GC(408)   Post Evacuate Collection Set: 1.1ms
[180.652s][info][gc,phases      ] GC(408)   Other: 0.1ms
[180.652s][info][gc,heap        ] GC(408) Eden regions: 226->0(285)
[180.652s][info][gc,heap        ] GC(408) Survivor regions: 38->33(33)
[180.652s][info][gc,heap        ] GC(408) Old regions: 400->440
[180.652s][info][gc,heap        ] GC(408) Humongous regions: 8->8
[180.652s][info][gc,metaspace   ] GC(408) Metaspace: 16562K(16896K)->16562K(16896K) NonClass: 14236K(14400K)->14236K(14400K) Class: 2325K(2496K)->2325K(2496K)
[180.652s][info][gc             ] GC(408) Pause Young (Prepare Mixed) (G1 Evacuation Pause) 669M->478M(1024M) 62.826ms
[180.652s][info][gc,cpu         ] GC(408) User=0.31s Sys=0.00s Real=0.06s
[181.163s][info][gc,start       ] GC(409) Pause Young (Mixed) (G1 Evacuation Pause)
[181.163s][info][gc,task        ] GC(409) Using 6 workers of 6 for evacuation
[181.189s][info][gc,phases      ] GC(409)   Pre Evacuate Collection Set: 0.3ms
[181.189s][info][gc,phases      ] GC(409)   Merge Heap Roots: 1.4ms
[181.189s][info][gc,phases      ] GC(409)   Evacuate Collection Set: 23.4ms
[181.189s][info][gc,phases      ] GC(409)   Post Evacuate Collection Set: 0.4ms
[181.189s][info][gc,phases      ] GC(409)   Other: 0.1ms
[181.189s][info][gc,heap        ] GC(409) Eden regions: 285->0(328)
[181.189s][info][gc,heap        ] GC(409) Survivor regions: 33->3(40)
[181.189s][info][gc,heap        ] GC(409) Old regions: 440->446
[181.189s][info][gc,heap        ] GC(409) Humongous regions: 8->8
[181.189s][info][gc,metaspace   ] GC(409) Metaspace: 16562K(16896K)->16562K(16896K) NonClass: 14236K(14400K)->14236K(14400K) Class: 2325K(2496K)->2325K(2496K)
[181.189s][info][gc             ] GC(409) Pause Young (Mixed) (G1 Evacuation Pause) 763M->455M(1024M) 25.884ms
[181.189s][info][gc,cpu         ] GC(409) User=0.09s Sys=0.00s Real=0.03s
[181.997s][info][gc,start       ] GC(410) Pause Full (System.gc())
[181.997s][info][gc,task        ] GC(410) Using 6 workers of 6 for full compaction
[181.998s][info][gc,phases,start] GC(410) Phase 1: Mark live objects
[182.000s][info][gc,phases      ] GC(410) Phase 1: Mark live objects 2.426ms
[182.000s][info][gc,phases,start] GC(410) Phase 2: Prepare compaction
[182.001s][info][gc,phases      ] GC(410) Phase 2: Prepare compaction 0.593ms
[182.001s][info][gc,phases,start] GC(410) Phase 3: Adjust pointers
[182.003s][info][gc,phases      ] GC(410) Phase 3: Adjust pointers 2.244ms
[182.003s][info][gc,phases,start] GC(410) Phase 4: Compact heap
[182.003s][info][gc,phases      ] GC(410) Phase 4: Compact heap 0.491ms
[182.004s][info][gc,phases,start] GC(410) Phase 5: Reset Metadata
[182.004s][info][gc,phases      ] GC(410) Phase 5: Reset Metadata 0.652ms
[182.007s][info][gc,heap        ] GC(410) Eden regions: 150->0(598)
[182.007s][info][gc,heap        ] GC(410) Survivor regions: 3->0(40)
[182.007s][info][gc,heap        ] GC(410) Old regions: 446->9
[182.007s][info][gc,heap        ] GC(410) Humongous regions: 8->2
[182.007s][info][gc,metaspace   ] GC(410) Metaspace: 16562K(16896K)->16562K(16896K) NonClass: 14236K(14400K)->14236K(14400K) Class: 2325K(2496K)->2325K(2496K)
[182.008s][info][gc             ] GC(410) Pause Full (System.gc()) 605M->5M(1024M) 10.355ms
[182.008s][info][gc,cpu         ] GC(410) User=0.02s Sys=0.00s Real=0.02s
[183.515s][info][gc,start       ] GC(411) Pause Young (Concurrent Start) (G1 Evacuation Pause)
[183.515s][info][gc,task        ] GC(411) Using 6 workers of 6 for evacuation
[183.517s][info][gc,phases      ] GC(411)   Pre Evacuate Collection Set: 0.2ms
[183.517s][info][gc,phases      ] GC(411)   Merge Heap Roots: 0.1ms
[183.517s][info][gc,phases      ] GC(411)   Evacuate Collection Set: 0.4ms
[183.517s][info][gc,phases      ] GC(411)   Post Evacuate Collection Set: 0.4ms
[183.517s][info][gc,phases      ] GC(411)   Other: 0.1ms
[183.517s][info][gc,heap        ] GC(411) Eden regions: 598->0(612)
[183.517s][info][gc,heap        ] GC(411) Survivor regions: 0->2(75)
[183.517s][info][gc,heap        ] GC(411) Old regions: 9->9
[183.517s][info][gc,heap        ] GC(411) Humongous regions: 2->2
[183.517s][info][gc,metaspace   ] GC(411) Metaspace: 16563K(16896K)->16563K(16896K) NonClass: 14237K(14400K)->14237K(14400K) Class: 2325K(2496K)->2325K(2496K)
[183.517s][info][gc             ] GC(411) Pause Young (Concurrent Start) (G1 Evacuation Pause) 603M->7M(1024M) 1.413ms
[183.517s][info][gc             ] GC(412) Concurrent Mark Cycle
[183.517s][info][gc,cpu         ] GC(411) User=0.00s Sys=0.00s Real=0.00s
[183.517s][info][gc,marking     ] GC(412) Concurrent Scan Root Regions
[183.517s][info][gc,marking     ] GC(412) Concurrent Scan Root Regions 0.229ms
[183.517s][info][gc,marking     ] GC(412) Concurrent Mark
[183.517s][info][gc,marking     ] GC(412) Concurrent Mark From Roots
[183.517s][info][gc,task        ] GC(412) Using 2 workers of 2 for marking
[183.520s][info][gc,marking     ] GC(412) Concurrent Mark From Roots 3.104ms
[183.520s][info][gc,marking     ] GC(412) Concurrent Preclean
[183.520s][info][gc,marking     ] GC(412) Concurrent Preclean 0.018ms
[183.520s][info][gc,start       ] GC(412) Pause Remark
[183.521s][info][gc             ] GC(412) Pause Remark 25M->25M(1024M) 1.018ms
[183.521s][info][gc,cpu         ] GC(412) User=0.00s Sys=0.00s Real=0.00s
[183.521s][info][gc,marking     ] GC(412) Concurrent Mark 4.407ms
[183.521s][info][gc,marking     ] GC(412) Concurrent Rebuild Remembered Sets and Scrub Regions
[183.522s][info][gc,marking     ] GC(412) Concurrent Rebuild Remembered Sets and Scrub Regions 1.004ms
[183.523s][info][gc,start       ] GC(412) Pause Cleanup
[183.523s][info][gc             ] GC(412) Pause Cleanup 31M->31M(1024M) 0.130ms
[183.523s][info][gc,cpu         ] GC(412) User=0.00s Sys=0.00s Real=0.00s
[183.523s][info][gc,marking     ] GC(412) Concurrent Clear Claimed Marks
[183.523s][info][gc,marking     ] GC(412) Concurrent Clear Claimed Marks 0.026ms
[183.523s][info][gc,marking     ] GC(412) Concurrent Cleanup for Next Mark
[183.525s][info][gc,marking     ] GC(412) Concurrent Cleanup for Next Mark 2.570ms
[183.525s][info][gc             ] GC(412) Concurrent Mark Cycle 8.724ms
[183.613s][info][gc,start       ] GC(413) Pause Young (Prepare Mixed) (G1 Evacuation Pause)
[183.613s][info][gc,task        ] GC(413) Using 6 workers of 6 for evacuation
[183.615s][info][gc,phases      ] GC(413)   Pre Evacuate Collection Set: 0.2ms
[183.615s][info][gc,phases      ] GC(413)   Merge Heap Roots: 0.1ms
[183.615s][info][gc,phases      ] GC(413)   Evacuate Collection Set: 0.3ms
[183.615s][info][gc,phases      ] GC(413)   Post Evacuate Collection Set: 0.4ms
[183.615s][info][gc,phases      ] GC(413)   Other: 0.1ms
[183.615s][info][gc,heap        ] GC(413) Eden regions: 612->0(613)
[183.615s][info][gc,heap        ] GC(413) Survivor regions: 2->1(77)
[183.615s][info][gc,heap        ] GC(413) Old regions: 9->9
[183.615s][info][gc,heap        ] GC(413) Humongous regions: 2->2
[183.615s][info][gc,metaspace   ] GC(413) Metaspace: 16563K(16896K)->16563K(16896K) NonClass: 14237K(14400K)->14237K(14400K) Class: 2325K(2496K)->2325K(2496K)
[183.615s][info][gc             ] GC(413) Pause Young (Prepare Mixed) (G1 Evacuation Pause) 619M->6M(1024M) 1.223ms
[183.615s][info][gc,cpu         ] GC(413) User=0.00s Sys=0.00s Real=0.00s
[183.708s][info][gc,start       ] GC(414) Pause Young (Mixed) (G1 Evacuation Pause)
[183.708s][info][gc,task        ] GC(414) Using 6 workers of 6 for evacuation
[183.709s][info][gc,phases      ] GC(414)   Pre Evacuate Collection Set: 0.2ms
[183.709s][info][gc,phases      ] GC(414)   Merge Heap Roots: 0.1ms
[183.709s][info][gc,phases      ] GC(414)   Evacuate Collection Set: 0.3ms
[183.709s][info][gc,phases      ] GC(414)   Post Evacuate Collection Set: 0.4ms
[183.709s][info][gc,phases      ] GC(414)   Other: 0.1ms
[183.709s][info][gc,heap        ] GC(414) Eden regions: 613->0(613)
[183.709s][info][gc,heap        ] GC(414) Survivor regions: 1->1(77)
[183.709s][info][gc,heap        ] GC(414) Old regions: 9->9
[183.709s][info][gc,heap        ] GC(414) Humongous regions: 2->2
[183.709s][info][gc,metaspace   ] GC(414) Metaspace: 16563K(16896K)->16563K(16896K) NonClass: 14237K(14400K)->14237K(14400K) Class: 2325K(2496K)->2325K(2496K)
[183.709s][info][gc             ] GC(414) Pause Young (Mixed) (G1 Evacuation Pause) 619M->6M(1024M) 1.348ms
[183.709s][info][gc,cpu         ] GC(414) User=0.02s Sys=0.00s Real=0.02s
[183.804s][info][gc,start       ] GC(415) Pause Young (Concurrent Start) (G1 Evacuation Pause)
[183.804s][info][gc,task        ] GC(415) Using 6 workers of 6 for evacuation
[183.805s][info][gc,phases      ] GC(415)   Pre Evacuate Collection Set: 0.2ms
[183.805s][info][gc,phases      ] GC(415)   Merge Heap Roots: 0.1ms
[183.805s][info][gc,phases      ] GC(415)   Evacuate Collection Set: 0.4ms
[183.805s][info][gc,phases      ] GC(415)   Post Evacuate Collection Set: 0.3ms
[183.805s][info][gc,phases      ] GC(415)   Other: 0.1ms
[183.805s][info][gc,heap        ] GC(415) Eden regions: 613->0(613)
[183.805s][info][gc,heap        ] GC(415) Survivor regions: 1->1(77)
[183.805s][info][gc,heap        ] GC(415) Old regions: 9->9
[183.805s][info][gc,heap        ] GC(415) Humongous regions: 2->2
[183.805s][info][gc,metaspace   ] GC(415) Metaspace: 16563K(16896K)->16563K(16896K) NonClass: 14237K(14400K)->14237K(14400K) Class: 2325K(2496K)->2325K(2496K)
[183.805s][info][gc             ] GC(415) Pause Young (Concurrent Start) (G1 Evacuation Pause) 619M->6M(1024M) 1.308ms
[183.805s][info][gc,cpu         ] GC(415) User=0.00s Sys=0.00s Real=0.00s
[183.805s][info][gc             ] GC(416) Concurrent Mark Cycle
[183.805s][info][gc,marking     ] GC(416) Concurrent Scan Root Regions
[183.805s][info][gc,marking     ] GC(416) Concurrent Scan Root Regions 0.267ms
[183.805s][info][gc,marking     ] GC(416) Concurrent Mark
[183.805s][info][gc,marking     ] GC(416) Concurrent Mark From Roots
[183.805s][info][gc,task        ] GC(416) Using 2 workers of 2 for marking
[183.809s][info][gc,marking     ] GC(416) Concurrent Mark From Roots 3.101ms
[183.809s][info][gc,marking     ] GC(416) Concurrent Preclean
[183.809s][info][gc,marking     ] GC(416) Concurrent Preclean 0.019ms
[183.809s][info][gc,start       ] GC(416) Pause Remark
[183.810s][info][gc             ] GC(416) Pause Remark 24M->24M(1024M) 1.003ms
[183.810s][info][gc,cpu         ] GC(416) User=0.00s Sys=0.00s Real=0.00s
[183.810s][info][gc,marking     ] GC(416) Concurrent Mark 4.380ms
[183.810s][info][gc,marking     ] GC(416) Concurrent Rebuild Remembered Sets and Scrub Regions
[183.811s][info][gc,marking     ] GC(416) Concurrent Rebuild Remembered Sets and Scrub Regions 1.000ms
[183.811s][info][gc,start       ] GC(416) Pause Cleanup
[183.811s][info][gc             ] GC(416) Pause Cleanup 28M->28M(1024M) 0.112ms
[183.811s][info][gc,cpu         ] GC(416) User=0.00s Sys=0.00s Real=0.00s
[183.811s][info][gc,marking     ] GC(416) Concurrent Clear Claimed Marks
[183.811s][info][gc,marking     ] GC(416) Concurrent Clear Claimed Marks 0.028ms
[183.811s][info][gc,marking     ] GC(416) Concurrent Cleanup for Next Mark
[183.814s][info][gc,marking     ] GC(416) Concurrent Cleanup for Next Mark 2.437ms
[183.814s][info][gc             ] GC(416) Concurrent Mark Cycle 8.614ms
[184.000s][info][gc,start       ] GC(417) Pause Young (Prepare Mixed) (G1 Evacuation Pause)
[184.000s][info][gc,task        ] GC(417) Using 6 workers of 6 for evacuation
[184.055s][info][gc,phases      ] GC(417)   Pre Evacuate Collection Set: 0.2ms
[184.055s][info][gc,phases      ] GC(417)   Merge Heap Roots: 0.1ms
[184.055s][info][gc,phases      ] GC(417)   Evacuate Collection Set: 53.3ms
[184.055s][info][gc,phases      ] GC(417)   Post Evacuate Collection Set: 0.8ms
[184.055s][info][gc,phases      ] GC(417)   Other: 0.1ms
[184.055s][info][gc,heap        ] GC(417) Eden regions: 613->0(537)
[184.055s][info][gc,heap        ] GC(417) Survivor regions: 1->77(77)
[184.055s][info][gc,heap        ] GC(417) Old regions: 9->52
[184.055s][info][gc,heap        ] GC(417) Humongous regions: 3->3
[184.055s][info][gc,metaspace   ] GC(417) Metaspace: 16563K(16896K)->16563K(16896K) NonClass: 14237K(14400K)->14237K(14400K) Class: 2325K(2496K)->2325K(2496K)
[184.055s][info][gc             ] GC(417) Pause Young (Prepare Mixed) (G1 Evacuation Pause) 620M->127M(1024M) 54.617ms
[184.055s][info][gc,cpu         ] GC(417) User=0.28s Sys=0.00s Real=0.05s
[184.655s][info][gc,start       ] GC(418) Pause Young (Mixed) (G1 Evacuation Pause)
[184.655s][info][gc,task        ] GC(418) Using 6 workers of 6 for evacuation
[184.806s][info][gc,phases      ] GC(418)   Pre Evacuate Collection Set: 0.2ms
[184.806s][info][gc,phases      ] GC(418)   Merge Heap Roots: 0.3ms
[184.806s][info][gc,phases      ] GC(418)   Evacuate Collection Set: 148.7ms
[184.806s][info][gc,phases      ] GC(418)   Post Evacuate Collection Set: 0.9ms
[184.806s][info][gc,phases      ] GC(418)   Other: 0.1ms
[184.806s][info][gc,heap        ] GC(418) Eden regions: 537->0(330)
[184.806s][info][gc,heap        ] GC(418) Survivor regions: 77->77(77)
[184.806s][info][gc,heap        ] GC(418) Old regions: 52->328
[184.806s][info][gc,heap        ] GC(418) Humongous regions: 4->4
[184.806s][info][gc,metaspace   ] GC(418) Metaspace: 16563K(16896K)->16563K(16896K) NonClass: 14237K(14400K)->14237K(14400K) Class: 2325K(2496K)->2325K(2496K)
[184.806s][info][gc             ] GC(418) Pause Young (Mixed) (G1 Evacuation Pause) 665M->405M(1024M) 150.396ms
[184.806s][info][gc,cpu         ] GC(418) User=0.94s Sys=0.00s Real=0.14s
[188.099s][info][gc,start       ] GC(419) Pause Young (Concurrent Start) (G1 Evacuation Pause)
[188.099s][info][gc,task        ] GC(419) Using 6 workers of 6 for evacuation
[188.210s][info][gc,phases      ] GC(419)   Pre Evacuate Collection Set: 0.2ms
[188.210s][info][gc,phases      ] GC(419)   Merge Heap Roots: 0.7ms
[188.210s][info][gc,phases      ] GC(419)   Evacuate Collection Set: 108.3ms
[188.210s][info][gc,phases      ] GC(419)   Post Evacuate Collection Set: 1.1ms
[188.210s][info][gc,phases      ] GC(419)   Other: 0.2ms
[188.210s][info][gc,heap        ] GC(419) Eden regions: 330->0(242)
[188.210s][info][gc,heap        ] GC(419) Survivor regions: 77->51(51)
[188.210s][info][gc,heap        ] GC(419) Old regions: 328->492
[188.210s][info][gc,heap        ] GC(419) Humongous regions: 4->4
[188.210s][info][gc,metaspace   ] GC(419) Metaspace: 16563K(16896K)->16563K(16896K) NonClass: 14237K(14400K)->14237K(14400K) Class: 2325K(2496K)->2325K(2496K)
[188.210s][info][gc             ] GC(419) Pause Young (Concurrent Start) (G1 Evacuation Pause) 735M->543M(1024M) 110.726ms
[188.210s][info][gc             ] GC(420) Concurrent Mark Cycle
[188.210s][info][gc,cpu         ] GC(419) User=0.58s Sys=0.00s Real=0.11s
[188.210s][info][gc,marking     ] GC(420) Concurrent Scan Root Regions
[188.249s][info][gc,marking     ] GC(420) Concurrent Scan Root Regions 39.170ms
[188.249s][info][gc,marking     ] GC(420) Concurrent Mark
[188.249s][info][gc,marking     ] GC(420) Concurrent Mark From Roots
[188.249s][info][gc,task        ] GC(420) Using 2 workers of 2 for marking
[188.258s][info][gc,marking     ] GC(420) Concurrent Mark From Roots 8.482ms
[188.258s][info][gc,marking     ] GC(420) Concurrent Preclean
[188.258s][info][gc,marking     ] GC(420) Concurrent Preclean 0.037ms
[188.258s][info][gc,start       ] GC(420) Pause Remark
[188.259s][info][gc             ] GC(420) Pause Remark 615M->392M(1024M) 0.993ms
[188.259s][info][gc,cpu         ] GC(420) User=0.00s Sys=0.00s Real=0.00s
[188.259s][info][gc,marking     ] GC(420) Concurrent Mark 9.766ms
[188.259s][info][gc,marking     ] GC(420) Concurrent Rebuild Remembered Sets and Scrub Regions
[188.308s][info][gc,marking     ] GC(420) Concurrent Rebuild Remembered Sets and Scrub Regions 48.983ms
[188.308s][info][gc,start       ] GC(420) Pause Cleanup
[188.308s][info][gc             ] GC(420) Pause Cleanup 471M->471M(1024M) 0.238ms
[188.308s][info][gc,cpu         ] GC(420) User=0.00s Sys=0.00s Real=0.00s
[188.308s][info][gc,marking     ] GC(420) Concurrent Clear Claimed Marks
[188.308s][info][gc,marking     ] GC(420) Concurrent Clear Claimed Marks 0.019ms
[188.308s][info][gc,marking     ] GC(420) Concurrent Cleanup for Next Mark
[188.310s][info][gc,marking     ] GC(420) Concurrent Cleanup for Next Mark 1.385ms
[188.310s][info][gc             ] GC(420) Concurrent Mark Cycle 99.859ms
[188.363s][info][gc,start       ] GC(421) Pause Young (Prepare Mixed) (G1 Evacuation Pause)
[188.363s][info][gc,task        ] GC(421) Using 6 workers of 6 for evacuation
[188.446s][info][gc,phases      ] GC(421)   Pre Evacuate Collection Set: 0.3ms
[188.446s][info][gc,phases      ] GC(421)   Merge Heap Roots: 1.3ms
[188.446s][info][gc,phases      ] GC(421)   Evacuate Collection Set: 81.2ms
[188.446s][info][gc,phases      ] GC(421)   Post Evacuate Collection Set: 0.4ms
[188.446s][info][gc,phases      ] GC(421)   Other: 0.1ms
[188.446s][info][gc,heap        ] GC(421) Eden regions: 242->0(299)
[188.446s][info][gc,heap        ] GC(421) Survivor regions: 51->37(37)
[188.446s][info][gc,heap        ] GC(421) Old regions: 270->386
[188.446s][info][gc,heap        ] GC(421) Humongous regions: 3->3
[188.446s][info][gc,metaspace   ] GC(421) Metaspace: 16563K(16896K)->16563K(16896K) NonClass: 14237K(14400K)->14237K(14400K) Class: 2325K(2496K)->2325K(2496K)
[188.446s][info][gc             ] GC(421) Pause Young (Prepare Mixed) (G1 Evacuation Pause) 562M->422M(1024M) 83.498ms
[188.446s][info][gc,cpu         ] GC(421) User=0.45s Sys=0.00s Real=0.08s
[188.627s][info][gc,start       ] GC(422) Pause Young (Mixed) (G1 Evacuation Pause)
[188.627s][info][gc,task        ] GC(422) Using 6 workers of 6 for evacuation
[188.705s][info][gc,phases      ] GC(422)   Pre Evacuate Collection Set: 0.4ms
[188.705s][info][gc,phases      ] GC(422)   Merge Heap Roots: 0.2ms
[188.705s][info][gc,phases      ] GC(422)   Evacuate Collection Set: 77.0ms
[188.705s][info][gc,phases      ] GC(422)   Post Evacuate Collection Set: 0.4ms
[188.705s][info][gc,phases      ] GC(422)   Other: 0.1ms
[188.705s][info][gc,heap        ] GC(422) Eden regions: 299->0(256)
[188.705s][info][gc,heap        ] GC(422) Survivor regions: 37->42(42)
[188.705s][info][gc,heap        ] GC(422) Old regions: 386->460
[188.705s][info][gc,heap        ] GC(422) Humongous regions: 3->3
[188.705s][info][gc,metaspace   ] GC(422) Metaspace: 16563K(16896K)->16563K(16896K) NonClass: 14237K(14400K)->14237K(14400K) Class: 2325K(2496K)->2325K(2496K)
[188.705s][info][gc             ] GC(422) Pause Young (Mixed) (G1 Evacuation Pause) 721M->502M(1024M) 78.334ms
[188.705s][info][gc,cpu         ] GC(422) User=0.47s Sys=0.00s Real=0.08s
[188.786s][info][gc,start       ] GC(423) Pause Young (Concurrent Start) (G1 Humongous Allocation)
[188.786s][info][gc,task        ] GC(423) Using 6 workers of 6 for evacuation
[188.832s][info][gc,phases      ] GC(423)   Pre Evacuate Collection Set: 0.2ms
[188.832s][info][gc,phases      ] GC(423)   Merge Heap Roots: 0.2ms
[188.832s][info][gc,phases      ] GC(423)   Evacuate Collection Set: 45.1ms
[188.832s][info][gc,phases      ] GC(423)   Post Evacuate Collection Set: 0.4ms
[188.832s][info][gc,phases      ] GC(423)   Other: 0.2ms
[188.832s][info][gc,heap        ] GC(423) Eden regions: 131->0(227)
[188.832s][info][gc,heap        ] GC(423) Survivor regions: 42->38(38)
[188.832s][info][gc,heap        ] GC(423) Old regions: 460->521
[188.832s][info][gc,heap        ] GC(423) Humongous regions: 3->3
[188.832s][info][gc,metaspace   ] GC(423) Metaspace: 16563K(16896K)->16563K(16896K) NonClass: 14237K(14400K)->14237K(14400K) Class: 2325K(2496K)->2325K(2496K)
[188.832s][info][gc             ] GC(423) Pause Young (Concurrent Start) (G1 Humongous Allocation) 633M->559M(1024M) 46.328ms
[188.832s][info][gc             ] GC(424) Concurrent Mark Cycle
[188.832s][info][gc,cpu         ] GC(423) User=0.20s Sys=0.00s Real=0.05s
[188.832s][info][gc,marking     ] GC(424) Concurrent Scan Root Regions
[188.861s][info][gc,marking     ] GC(424) Concurrent Scan Root Regions 29.305ms
[188.861s][info][gc,marking     ] GC(424) Concurrent Mark
[188.861s][info][gc,marking     ] GC(424) Concurrent Mark From Roots
[188.861s][info][gc,task        ] GC(424) Using 2 workers of 2 for marking
[189.091s][info][gc,marking     ] GC(424) Concurrent Mark From Roots 229.897ms
[189.091s][info][gc,marking     ] GC(424) Concurrent Preclean
[189.091s][info][gc,marking     ] GC(424) Concurrent Preclean 0.069ms
[189.091s][info][gc,start       ] GC(424) Pause Remark
[189.093s][info][gc             ] GC(424) Pause Remark 630M->508M(1024M) 1.258ms
[189.093s][info][gc,cpu         ] GC(424) User=0.00s Sys=0.00s Real=0.00s
[189.093s][info][gc,marking     ] GC(424) Concurrent Mark 231.502ms
[189.093s][info][gc,marking     ] GC(424) Concurrent Rebuild Remembered Sets and Scrub Regions
[189.184s][info][gc,marking     ] GC(424) Concurrent Rebuild Remembered Sets and Scrub Regions 90.951ms
[189.184s][info][gc,start       ] GC(424) Pause Cleanup
[189.184s][info][gc             ] GC(424) Pause Cleanup 516M->516M(1024M) 0.194ms
[189.184s][info][gc,cpu         ] GC(424) User=0.00s Sys=0.00s Real=0.00s
[189.184s][info][gc,marking     ] GC(424) Concurrent Clear Claimed Marks
[189.184s][info][gc,marking     ] GC(424) Concurrent Clear Claimed Marks 0.025ms
[189.184s][info][gc,marking     ] GC(424) Concurrent Cleanup for Next Mark
[189.186s][info][gc,marking     ] GC(424) Concurrent Cleanup for Next Mark 1.392ms
[189.186s][info][gc             ] GC(424) Concurrent Mark Cycle 353.763ms
[189.489s][info][gc,start       ] GC(425) Pause Young (Prepare Mixed) (G1 Evacuation Pause)
[189.489s][info][gc,task        ] GC(425) Using 6 workers of 6 for evacuation
[189.554s][info][gc,phases      ] GC(425)   Pre Evacuate Collection Set: 0.3ms
[189.554s][info][gc,phases      ] GC(425)   Merge Heap Roots: 2.4ms
[189.554s][info][gc,phases      ] GC(425)   Evacuate Collection Set: 60.6ms
[189.554s][info][gc,phases      ] GC(425)   Post Evacuate Collection Set: 1.1ms
[189.554s][info][gc,phases      ] GC(425)   Other: 0.1ms
[189.554s][info][gc,heap        ] GC(425) Eden regions: 227->0(286)
[189.554s][info][gc,heap        ] GC(425) Survivor regions: 38->34(34)
[189.554s][info][gc,heap        ] GC(425) Old regions: 400->438
[189.554s][info][gc,heap        ] GC(425) Humongous regions: 8->8
[189.554s][info][gc,metaspace   ] GC(425) Metaspace: 16563K(16896K)->16563K(16896K) NonClass: 14237K(14400K)->14237K(14400K) Class: 2325K(2496K)->2325K(2496K)
[189.554s][info][gc             ] GC(425) Pause Young (Prepare Mixed) (G1 Evacuation Pause) 670M->477M(1024M) 64.783ms
[189.554s][info][gc,cpu         ] GC(425) User=0.30s Sys=0.00s Real=0.06s
[190.067s][info][gc,start       ] GC(426) Pause Young (Mixed) (G1 Evacuation Pause)
[190.067s][info][gc,task        ] GC(426) Using 6 workers of 6 for evacuation
[190.093s][info][gc,phases      ] GC(426)   Pre Evacuate Collection Set: 0.4ms
[190.093s][info][gc,phases      ] GC(426)   Merge Heap Roots: 1.2ms
[190.093s][info][gc,phases      ] GC(426)   Evacuate Collection Set: 23.1ms
[190.093s][info][gc,phases      ] GC(426)   Post Evacuate Collection Set: 0.5ms
[190.093s][info][gc,phases      ] GC(426)   Other: 0.1ms
[190.093s][info][gc,heap        ] GC(426) Eden regions: 286->0(329)
[190.093s][info][gc,heap        ] GC(426) Survivor regions: 34->3(40)
[190.093s][info][gc,heap        ] GC(426) Old regions: 438->444
[190.093s][info][gc,heap        ] GC(426) Humongous regions: 8->8
[190.093s][info][gc,metaspace   ] GC(426) Metaspace: 16563K(16896K)->16563K(16896K) NonClass: 14237K(14400K)->14237K(14400K) Class: 2325K(2496K)->2325K(2496K)
[190.093s][info][gc             ] GC(426) Pause Young (Mixed) (G1 Evacuation Pause) 763M->453M(1024M) 25.684ms
[190.093s][info][gc,cpu         ] GC(426) User=0.08s Sys=0.00s Real=0.02s
[190.894s][info][gc,start       ] GC(427) Pause Full (System.gc())
[190.894s][info][gc,task        ] GC(427) Using 6 workers of 6 for full compaction
[190.894s][info][gc,phases,start] GC(427) Phase 1: Mark live objects
[190.896s][info][gc,phases      ] GC(427) Phase 1: Mark live objects 2.034ms
[190.896s][info][gc,phases,start] GC(427) Phase 2: Prepare compaction
[190.897s][info][gc,phases      ] GC(427) Phase 2: Prepare compaction 0.600ms
[190.897s][info][gc,phases,start] GC(427) Phase 3: Adjust pointers
[190.899s][info][gc,phases      ] GC(427) Phase 3: Adjust pointers 2.104ms
[190.899s][info][gc,phases,start] GC(427) Phase 4: Compact heap
[190.899s][info][gc,phases      ] GC(427) Phase 4: Compact heap 0.397ms
[190.899s][info][gc,phases,start] GC(427) Phase 5: Reset Metadata
[190.900s][info][gc,phases      ] GC(427) Phase 5: Reset Metadata 0.703ms
[190.904s][info][gc,heap        ] GC(427) Eden regions: 147->0(597)
[190.904s][info][gc,heap        ] GC(427) Survivor regions: 3->0(40)
[190.904s][info][gc,heap        ] GC(427) Old regions: 444->9
[190.904s][info][gc,heap        ] GC(427) Humongous regions: 8->2
[190.904s][info][gc,metaspace   ] GC(427) Metaspace: 16564K(16896K)->16564K(16896K) NonClass: 14239K(14400K)->14239K(14400K) Class: 2325K(2496K)->2325K(2496K)
[190.904s][info][gc             ] GC(427) Pause Full (System.gc()) 600M->5M(1024M) 10.041ms
[190.904s][info][gc,cpu         ] GC(427) User=0.00s Sys=0.00s Real=0.01s
[192.602s][info][gc,start       ] GC(428) Pause Young (Concurrent Start) (G1 Evacuation Pause)
[192.602s][info][gc,task        ] GC(428) Using 6 workers of 6 for evacuation
[192.603s][info][gc,phases      ] GC(428)   Pre Evacuate Collection Set: 0.2ms
[192.603s][info][gc,phases      ] GC(428)   Merge Heap Roots: 0.1ms
[192.603s][info][gc,phases      ] GC(428)   Evacuate Collection Set: 0.3ms
[192.603s][info][gc,phases      ] GC(428)   Post Evacuate Collection Set: 0.4ms
[192.603s][info][gc,phases      ] GC(428)   Other: 0.1ms
[192.603s][info][gc,heap        ] GC(428) Eden regions: 597->0(612)
[192.603s][info][gc,heap        ] GC(428) Survivor regions: 0->2(75)
[192.603s][info][gc,heap        ] GC(428) Old regions: 9->9
[192.603s][info][gc,heap        ] GC(428) Humongous regions: 2->2
[192.603s][info][gc,metaspace   ] GC(428) Metaspace: 16565K(16896K)->16565K(16896K) NonClass: 14239K(14400K)->14239K(14400K) Class: 2325K(2496K)->2325K(2496K)
[192.603s][info][gc             ] GC(428) Pause Young (Concurrent Start) (G1 Evacuation Pause) 602M->7M(1024M) 1.321ms
[192.603s][info][gc,cpu         ] GC(428) User=0.00s Sys=0.00s Real=0.00s
[192.603s][info][gc             ] GC(429) Concurrent Mark Cycle
[192.603s][info][gc,marking     ] GC(429) Concurrent Scan Root Regions
[192.603s][info][gc,marking     ] GC(429) Concurrent Scan Root Regions 0.147ms
[192.603s][info][gc,marking     ] GC(429) Concurrent Mark
[192.603s][info][gc,marking     ] GC(429) Concurrent Mark From Roots
[192.603s][info][gc,task        ] GC(429) Using 2 workers of 2 for marking
[192.606s][info][gc,marking     ] GC(429) Concurrent Mark From Roots 3.087ms
[192.606s][info][gc,marking     ] GC(429) Concurrent Preclean
[192.606s][info][gc,marking     ] GC(429) Concurrent Preclean 0.019ms
[192.606s][info][gc,start       ] GC(429) Pause Remark
[192.607s][info][gc             ] GC(429) Pause Remark 24M->24M(1024M) 1.122ms
[192.608s][info][gc,cpu         ] GC(429) User=0.00s Sys=0.00s Real=0.01s
[192.608s][info][gc,marking     ] GC(429) Concurrent Mark 4.500ms
[192.608s][info][gc,marking     ] GC(429) Concurrent Rebuild Remembered Sets and Scrub Regions
[192.609s][info][gc,marking     ] GC(429) Concurrent Rebuild Remembered Sets and Scrub Regions 1.010ms
[192.609s][info][gc,start       ] GC(429) Pause Cleanup
[192.609s][info][gc             ] GC(429) Pause Cleanup 30M->30M(1024M) 0.123ms
[192.609s][info][gc,cpu         ] GC(429) User=0.00s Sys=0.00s Real=0.00s
[192.609s][info][gc,marking     ] GC(429) Concurrent Clear Claimed Marks
[192.609s][info][gc,marking     ] GC(429) Concurrent Clear Claimed Marks 0.021ms
[192.609s][info][gc,marking     ] GC(429) Concurrent Cleanup for Next Mark
[192.611s][info][gc,marking     ] GC(429) Concurrent Cleanup for Next Mark 2.123ms
[192.611s][info][gc             ] GC(429) Concurrent Mark Cycle 8.289ms
[192.736s][info][gc,start       ] GC(430) Pause Young (Prepare Mixed) (G1 Evacuation Pause)
[192.736s][info][gc,task        ] GC(430) Using 6 workers of 6 for evacuation
[192.737s][info][gc,phases      ] GC(430)   Pre Evacuate Collection Set: 0.2ms
[192.737s][info][gc,phases      ] GC(430)   Merge Heap Roots: 0.1ms
[192.737s][info][gc,phases      ] GC(430)   Evacuate Collection Set: 0.4ms
[192.737s][info][gc,phases      ] GC(430)   Post Evacuate Collection Set: 0.5ms
[192.737s][info][gc,phases      ] GC(430)   Other: 0.1ms
[192.737s][info][gc,heap        ] GC(430) Eden regions: 612->0(613)
[192.737s][info][gc,heap        ] GC(430) Survivor regions: 2->1(77)
[192.737s][info][gc,heap        ] GC(430) Old regions: 9->9
[192.737s][info][gc,heap        ] GC(430) Humongous regions: 2->2
[192.737s][info][gc,metaspace   ] GC(430) Metaspace: 16565K(16896K)->16565K(16896K) NonClass: 14239K(14400K)->14239K(14400K) Class: 2325K(2496K)->2325K(2496K)
[192.737s][info][gc             ] GC(430) Pause Young (Prepare Mixed) (G1 Evacuation Pause) 619M->6M(1024M) 1.487ms
[192.737s][info][gc,cpu         ] GC(430) User=0.00s Sys=0.00s Real=0.00s
[192.831s][info][gc,start       ] GC(431) Pause Young (Mixed) (G1 Evacuation Pause)
[192.831s][info][gc,task        ] GC(431) Using 6 workers of 6 for evacuation
[192.832s][info][gc,phases      ] GC(431)   Pre Evacuate Collection Set: 0.2ms
[192.832s][info][gc,phases      ] GC(431)   Merge Heap Roots: 0.1ms
[192.832s][info][gc,phases      ] GC(431)   Evacuate Collection Set: 0.4ms
[192.832s][info][gc,phases      ] GC(431)   Post Evacuate Collection Set: 0.4ms
[192.832s][info][gc,phases      ] GC(431)   Other: 0.1ms
[192.832s][info][gc,heap        ] GC(431) Eden regions: 613->0(613)
[192.832s][info][gc,heap        ] GC(431) Survivor regions: 1->1(77)
[192.832s][info][gc,heap        ] GC(431) Old regions: 9->9
[192.832s][info][gc,heap        ] GC(431) Humongous regions: 2->2
[192.832s][info][gc,metaspace   ] GC(431) Metaspace: 16565K(16896K)->16565K(16896K) NonClass: 14239K(14400K)->14239K(14400K) Class: 2325K(2496K)->2325K(2496K)
[192.832s][info][gc             ] GC(431) Pause Young (Mixed) (G1 Evacuation Pause) 619M->6M(1024M) 1.362ms
[192.832s][info][gc,cpu         ] GC(431) User=0.00s Sys=0.00s Real=0.00s
[192.939s][info][gc,start       ] GC(432) Pause Young (Concurrent Start) (G1 Evacuation Pause)
[192.939s][info][gc,task        ] GC(432) Using 6 workers of 6 for evacuation
[192.940s][info][gc,phases      ] GC(432)   Pre Evacuate Collection Set: 0.2ms
[192.940s][info][gc,phases      ] GC(432)   Merge Heap Roots: 0.1ms
[192.940s][info][gc,phases      ] GC(432)   Evacuate Collection Set: 0.3ms
[192.940s][info][gc,phases      ] GC(432)   Post Evacuate Collection Set: 0.3ms
[192.940s][info][gc,phases      ] GC(432)   Other: 0.1ms
[192.940s][info][gc,heap        ] GC(432) Eden regions: 613->0(613)
[192.940s][info][gc,heap        ] GC(432) Survivor regions: 1->1(77)
[192.940s][info][gc,heap        ] GC(432) Old regions: 9->9
[192.940s][info][gc,heap        ] GC(432) Humongous regions: 2->2
[192.940s][info][gc,metaspace   ] GC(432) Metaspace: 16565K(16896K)->16565K(16896K) NonClass: 14239K(14400K)->14239K(14400K) Class: 2325K(2496K)->2325K(2496K)
[192.940s][info][gc             ] GC(432) Pause Young (Concurrent Start) (G1 Evacuation Pause) 619M->6M(1024M) 1.241ms
[192.940s][info][gc             ] GC(433) Concurrent Mark Cycle
[192.940s][info][gc,cpu         ] GC(432) User=0.00s Sys=0.00s Real=0.00s
[192.940s][info][gc,marking     ] GC(433) Concurrent Scan Root Regions
[192.941s][info][gc,marking     ] GC(433) Concurrent Scan Root Regions 0.262ms
[192.941s][info][gc,marking     ] GC(433) Concurrent Mark
[192.941s][info][gc,marking     ] GC(433) Concurrent Mark From Roots
[192.941s][info][gc,task        ] GC(433) Using 2 workers of 2 for marking
[192.944s][info][gc,marking     ] GC(433) Concurrent Mark From Roots 3.166ms
[192.944s][info][gc,marking     ] GC(433) Concurrent Preclean
[192.944s][info][gc,marking     ] GC(433) Concurrent Preclean 0.022ms
[192.944s][info][gc,start       ] GC(433) Pause Remark
[192.945s][info][gc             ] GC(433) Pause Remark 24M->24M(1024M) 1.020ms
[192.945s][info][gc,cpu         ] GC(433) User=0.00s Sys=0.00s Real=0.00s
[192.945s][info][gc,marking     ] GC(433) Concurrent Mark 4.450ms
[192.945s][info][gc,marking     ] GC(433) Concurrent Rebuild Remembered Sets and Scrub Regions
[192.946s][info][gc,marking     ] GC(433) Concurrent Rebuild Remembered Sets and Scrub Regions 1.001ms
[192.946s][info][gc,start       ] GC(433) Pause Cleanup
[192.946s][info][gc             ] GC(433) Pause Cleanup 29M->29M(1024M) 0.144ms
[192.946s][info][gc,cpu         ] GC(433) User=0.00s Sys=0.00s Real=0.00s
[192.946s][info][gc,marking     ] GC(433) Concurrent Clear Claimed Marks
[192.946s][info][gc,marking     ] GC(433) Concurrent Clear Claimed Marks 0.034ms
[192.946s][info][gc,marking     ] GC(433) Concurrent Cleanup for Next Mark
[192.950s][info][gc,marking     ] GC(433) Concurrent Cleanup for Next Mark 3.942ms
[192.951s][info][gc             ] GC(433) Concurrent Mark Cycle 10.203ms
[193.124s][info][gc,start       ] GC(434) Pause Young (Prepare Mixed) (G1 Evacuation Pause)
[193.124s][info][gc,task        ] GC(434) Using 6 workers of 6 for evacuation
[193.178s][info][gc,phases      ] GC(434)   Pre Evacuate Collection Set: 0.2ms
[193.178s][info][gc,phases      ] GC(434)   Merge Heap Roots: 0.1ms
[193.178s][info][gc,phases      ] GC(434)   Evacuate Collection Set: 53.1ms
[193.178s][info][gc,phases      ] GC(434)   Post Evacuate Collection Set: 0.7ms
[193.178s][info][gc,phases      ] GC(434)   Other: 0.1ms
[193.178s][info][gc,heap        ] GC(434) Eden regions: 613->0(537)
[193.178s][info][gc,heap        ] GC(434) Survivor regions: 1->77(77)
[193.178s][info][gc,heap        ] GC(434) Old regions: 9->48
[193.178s][info][gc,heap        ] GC(434) Humongous regions: 3->3
[193.178s][info][gc,metaspace   ] GC(434) Metaspace: 16565K(16896K)->16565K(16896K) NonClass: 14239K(14400K)->14239K(14400K) Class: 2325K(2496K)->2325K(2496K)
[193.178s][info][gc             ] GC(434) Pause Young (Prepare Mixed) (G1 Evacuation Pause) 620M->123M(1024M) 54.369ms
[193.178s][info][gc,cpu         ] GC(434) User=0.30s Sys=0.00s Real=0.06s
[193.721s][info][gc,start       ] GC(435) Pause Young (Mixed) (G1 Evacuation Pause)
[193.722s][info][gc,task        ] GC(435) Using 6 workers of 6 for evacuation
[193.879s][info][gc,phases      ] GC(435)   Pre Evacuate Collection Set: 0.2ms
[193.879s][info][gc,phases      ] GC(435)   Merge Heap Roots: 0.3ms
[193.879s][info][gc,phases      ] GC(435)   Evacuate Collection Set: 153.1ms
[193.879s][info][gc,phases      ] GC(435)   Post Evacuate Collection Set: 3.8ms
[193.879s][info][gc,phases      ] GC(435)   Other: 0.1ms
[193.879s][info][gc,heap        ] GC(435) Eden regions: 537->0(130)
[193.879s][info][gc,heap        ] GC(435) Survivor regions: 77->77(77)
[193.879s][info][gc,heap        ] GC(435) Old regions: 48->684
[193.879s][info][gc,heap        ] GC(435) Humongous regions: 4->4
[193.879s][info][gc,metaspace   ] GC(435) Metaspace: 16565K(16896K)->16565K(16896K) NonClass: 14239K(14400K)->14239K(14400K) Class: 2325K(2496K)->2325K(2496K)
[193.879s][info][gc             ] GC(435) Pause Young (Mixed) (G1 Evacuation Pause) (Evacuation Failure) 661M->761M(1024M) 157.694ms
[193.879s][info][gc,cpu         ] GC(435) User=0.86s Sys=0.00s Real=0.16s
[196.744s][info][gc,start       ] GC(436) Pause Young (Concurrent Start) (G1 Evacuation Pause)
[196.744s][info][gc,task        ] GC(436) Using 6 workers of 6 for evacuation
[196.815s][info][gc,phases      ] GC(436)   Pre Evacuate Collection Set: 0.7ms
[196.815s][info][gc,phases      ] GC(436)   Merge Heap Roots: 1.0ms
[196.815s][info][gc,phases      ] GC(436)   Evacuate Collection Set: 67.7ms
[196.815s][info][gc,phases      ] GC(436)   Post Evacuate Collection Set: 0.8ms
[196.815s][info][gc,phases      ] GC(436)   Other: 0.2ms
[196.815s][info][gc,heap        ] GC(436) Eden regions: 130->0(107)
[196.815s][info][gc,heap        ] GC(436) Survivor regions: 77->26(26)
[196.815s][info][gc,heap        ] GC(436) Old regions: 684->785
[196.815s][info][gc,heap        ] GC(436) Humongous regions: 4->4
[196.815s][info][gc,metaspace   ] GC(436) Metaspace: 16565K(16896K)->16565K(16896K) NonClass: 14239K(14400K)->14239K(14400K) Class: 2325K(2496K)->2325K(2496K)
[196.815s][info][gc             ] GC(436) Pause Young (Concurrent Start) (G1 Evacuation Pause) 891M->811M(1024M) 70.598ms
[196.815s][info][gc             ] GC(437) Concurrent Mark Cycle
[196.815s][info][gc,cpu         ] GC(436) User=0.38s Sys=0.00s Real=0.06s
[196.815s][info][gc,marking     ] GC(437) Concurrent Scan Root Regions
[196.840s][info][gc,marking     ] GC(437) Concurrent Scan Root Regions 24.782ms
[196.840s][info][gc,marking     ] GC(437) Concurrent Mark
[196.840s][info][gc,marking     ] GC(437) Concurrent Mark From Roots
[196.840s][info][gc,task        ] GC(437) Using 2 workers of 2 for marking
[196.854s][info][gc,marking     ] GC(437) Concurrent Mark From Roots 14.450ms
[196.854s][info][gc,marking     ] GC(437) Concurrent Preclean
[196.854s][info][gc,marking     ] GC(437) Concurrent Preclean 0.039ms
[196.854s][info][gc,start       ] GC(437) Pause Remark
[196.856s][info][gc             ] GC(437) Pause Remark 872M->391M(1024M) 1.388ms
[196.856s][info][gc,cpu         ] GC(437) User=0.00s Sys=0.00s Real=0.00s
[196.856s][info][gc,marking     ] GC(437) Concurrent Mark 16.082ms
[196.856s][info][gc,marking     ] GC(437) Concurrent Rebuild Remembered Sets and Scrub Regions
[196.884s][info][gc,start       ] GC(438) Pause Young (Normal) (G1 Evacuation Pause)
[196.884s][info][gc,task        ] GC(438) Using 6 workers of 6 for evacuation
[196.924s][info][gc,phases      ] GC(438)   Pre Evacuate Collection Set: 0.2ms
[196.924s][info][gc,phases      ] GC(438)   Merge Heap Roots: 0.6ms
[196.924s][info][gc,phases      ] GC(438)   Evacuate Collection Set: 38.6ms
[196.924s][info][gc,phases      ] GC(438)   Post Evacuate Collection Set: 0.4ms
[196.924s][info][gc,phases      ] GC(438)   Other: 0.1ms
[196.924s][info][gc,heap        ] GC(438) Eden regions: 107->0(357)
[196.924s][info][gc,heap        ] GC(438) Survivor regions: 26->17(17)
[196.924s][info][gc,heap        ] GC(438) Old regions: 305->361
[196.924s][info][gc,heap        ] GC(438) Humongous regions: 3->3
[196.924s][info][gc,metaspace   ] GC(438) Metaspace: 16565K(16896K)->16565K(16896K) NonClass: 14239K(14400K)->14239K(14400K) Class: 2325K(2496K)->2325K(2496K)
[196.924s][info][gc             ] GC(438) Pause Young (Normal) (G1 Evacuation Pause) 437M->377M(1024M) 40.020ms
[196.924s][info][gc,cpu         ] GC(438) User=0.03s Sys=0.00s Real=0.03s
[196.928s][info][gc,marking     ] GC(437) Concurrent Rebuild Remembered Sets and Scrub Regions 71.998ms
[196.928s][info][gc,start       ] GC(437) Pause Cleanup
[196.928s][info][gc             ] GC(437) Pause Cleanup 384M->384M(1024M) 0.250ms
[196.928s][info][gc,cpu         ] GC(437) User=0.00s Sys=0.00s Real=0.00s
[196.928s][info][gc,marking     ] GC(437) Concurrent Clear Claimed Marks
[196.928s][info][gc,marking     ] GC(437) Concurrent Clear Claimed Marks 0.029ms
[196.928s][info][gc,marking     ] GC(437) Concurrent Cleanup for Next Mark
[196.930s][info][gc,marking     ] GC(437) Concurrent Cleanup for Next Mark 1.567ms
[196.930s][info][gc             ] GC(437) Concurrent Mark Cycle 115.015ms
[197.131s][info][gc,start       ] GC(439) Pause Young (Prepare Mixed) (G1 Evacuation Pause)
[197.131s][info][gc,task        ] GC(439) Using 6 workers of 6 for evacuation
[197.219s][info][gc,phases      ] GC(439)   Pre Evacuate Collection Set: 0.3ms
[197.219s][info][gc,phases      ] GC(439)   Merge Heap Roots: 0.3ms
[197.219s][info][gc,phases      ] GC(439)   Evacuate Collection Set: 86.1ms
[197.219s][info][gc,phases      ] GC(439)   Post Evacuate Collection Set: 0.5ms
[197.219s][info][gc,phases      ] GC(439)   Other: 0.1ms
[197.219s][info][gc,heap        ] GC(439) Eden regions: 357->0(253)
[197.219s][info][gc,heap        ] GC(439) Survivor regions: 17->47(47)
[197.219s][info][gc,heap        ] GC(439) Old regions: 361->481
[197.219s][info][gc,heap        ] GC(439) Humongous regions: 3->3
[197.219s][info][gc,metaspace   ] GC(439) Metaspace: 16565K(16896K)->16565K(16896K) NonClass: 14239K(14400K)->14239K(14400K) Class: 2325K(2496K)->2325K(2496K)
[197.219s][info][gc             ] GC(439) Pause Young (Prepare Mixed) (G1 Evacuation Pause) 734M->527M(1024M) 87.523ms
[197.219s][info][gc,cpu         ] GC(439) User=0.47s Sys=0.00s Real=0.08s
[197.370s][info][gc,start       ] GC(440) Pause Young (Mixed) (G1 Evacuation Pause)
[197.370s][info][gc,task        ] GC(440) Using 6 workers of 6 for evacuation
[197.445s][info][gc,phases      ] GC(440)   Pre Evacuate Collection Set: 0.4ms
[197.445s][info][gc,phases      ] GC(440)   Merge Heap Roots: 0.3ms
[197.445s][info][gc,phases      ] GC(440)   Evacuate Collection Set: 73.4ms
[197.445s][info][gc,phases      ] GC(440)   Post Evacuate Collection Set: 0.5ms
[197.445s][info][gc,phases      ] GC(440)   Other: 0.1ms
[197.445s][info][gc,heap        ] GC(440) Eden regions: 253->0(245)
[197.445s][info][gc,heap        ] GC(440) Survivor regions: 47->38(38)
[197.445s][info][gc,heap        ] GC(440) Old regions: 481->495
[197.445s][info][gc,heap        ] GC(440) Humongous regions: 3->3
[197.445s][info][gc,metaspace   ] GC(440) Metaspace: 16565K(16896K)->16565K(16896K) NonClass: 14239K(14400K)->14239K(14400K) Class: 2325K(2496K)->2325K(2496K)
[197.445s][info][gc             ] GC(440) Pause Young (Mixed) (G1 Evacuation Pause) 780M->533M(1024M) 74.866ms
[197.445s][info][gc,cpu         ] GC(440) User=0.39s Sys=0.00s Real=0.08s
[198.045s][info][gc,start       ] GC(441) Pause Young (Mixed) (G1 Evacuation Pause)
[198.045s][info][gc,task        ] GC(441) Using 6 workers of 6 for evacuation
[198.144s][info][gc,phases      ] GC(441)   Pre Evacuate Collection Set: 0.3ms
[198.144s][info][gc,phases      ] GC(441)   Merge Heap Roots: 1.9ms
[198.144s][info][gc,phases      ] GC(441)   Evacuate Collection Set: 95.9ms
[198.144s][info][gc,phases      ] GC(441)   Post Evacuate Collection Set: 1.2ms
[198.144s][info][gc,phases      ] GC(441)   Other: 0.1ms
[198.144s][info][gc,heap        ] GC(441) Eden regions: 245->0(196)
[198.144s][info][gc,heap        ] GC(441) Survivor regions: 38->36(36)
[198.144s][info][gc,heap        ] GC(441) Old regions: 495->572
[198.144s][info][gc,heap        ] GC(441) Humongous regions: 9->9
[198.144s][info][gc,metaspace   ] GC(441) Metaspace: 16565K(16896K)->16565K(16896K) NonClass: 14239K(14400K)->14239K(14400K) Class: 2325K(2496K)->2325K(2496K)
[198.144s][info][gc             ] GC(441) Pause Young (Mixed) (G1 Evacuation Pause) 784M->614M(1024M) 99.688ms
[198.144s][info][gc,cpu         ] GC(441) User=0.53s Sys=0.00s Real=0.09s
[198.502s][info][gc,start       ] GC(442) Pause Young (Concurrent Start) (G1 Evacuation Pause)
[198.503s][info][gc,task        ] GC(442) Using 6 workers of 6 for evacuation
[198.541s][info][gc,phases      ] GC(442)   Pre Evacuate Collection Set: 0.3ms
[198.541s][info][gc,phases      ] GC(442)   Merge Heap Roots: 1.3ms
[198.541s][info][gc,phases      ] GC(442)   Evacuate Collection Set: 36.3ms
[198.541s][info][gc,phases      ] GC(442)   Post Evacuate Collection Set: 0.7ms
[198.541s][info][gc,phases      ] GC(442)   Other: 0.2ms
[198.541s][info][gc,heap        ] GC(442) Eden regions: 196->0(221)
[198.541s][info][gc,heap        ] GC(442) Survivor regions: 36->6(29)
[198.541s][info][gc,heap        ] GC(442) Old regions: 572->597
[198.541s][info][gc,heap        ] GC(442) Humongous regions: 9->9
[198.541s][info][gc,metaspace   ] GC(442) Metaspace: 16565K(16896K)->16565K(16896K) NonClass: 14239K(14400K)->14239K(14400K) Class: 2325K(2496K)->2325K(2496K)
[198.541s][info][gc             ] GC(442) Pause Young (Concurrent Start) (G1 Evacuation Pause) 810M->609M(1024M) 39.032ms
[198.541s][info][gc             ] GC(443) Concurrent Mark Cycle
[198.541s][info][gc,cpu         ] GC(442) User=0.14s Sys=0.00s Real=0.03s
[198.542s][info][gc,marking     ] GC(443) Concurrent Scan Root Regions
[198.556s][info][gc,marking     ] GC(443) Concurrent Scan Root Regions 14.640ms
[198.556s][info][gc,marking     ] GC(443) Concurrent Mark
[198.556s][info][gc,marking     ] GC(443) Concurrent Mark From Roots
[198.556s][info][gc,task        ] GC(443) Using 2 workers of 2 for marking
[198.854s][info][gc,marking     ] GC(443) Concurrent Mark From Roots 297.587ms
[198.854s][info][gc,marking     ] GC(443) Concurrent Preclean
[198.854s][info][gc,marking     ] GC(443) Concurrent Preclean 0.053ms
[198.854s][info][gc,start       ] GC(443) Pause Remark
[198.855s][info][gc             ] GC(443) Pause Remark 770M->639M(1024M) 1.236ms
[198.855s][info][gc,cpu         ] GC(443) User=0.00s Sys=0.00s Real=0.00s
[198.855s][info][gc,marking     ] GC(443) Concurrent Mark 299.085ms
[198.855s][info][gc,marking     ] GC(443) Concurrent Rebuild Remembered Sets and Scrub Regions
[198.956s][info][gc,marking     ] GC(443) Concurrent Rebuild Remembered Sets and Scrub Regions 100.948ms
[198.956s][info][gc,start       ] GC(443) Pause Cleanup
[198.957s][info][gc             ] GC(443) Pause Cleanup 694M->694M(1024M) 0.494ms
[198.957s][info][gc,cpu         ] GC(443) User=0.00s Sys=0.00s Real=0.00s
[198.957s][info][gc,marking     ] GC(443) Concurrent Clear Claimed Marks
[198.957s][info][gc,marking     ] GC(443) Concurrent Clear Claimed Marks 0.027ms
[198.957s][info][gc,marking     ] GC(443) Concurrent Cleanup for Next Mark
[198.959s][info][gc,marking     ] GC(443) Concurrent Cleanup for Next Mark 1.683ms
[198.959s][info][gc             ] GC(443) Concurrent Mark Cycle 417.338ms
[198.968s][info][gc,start       ] GC(444) Pause Young (Prepare Mixed) (G1 Evacuation Pause)
[198.968s][info][gc,task        ] GC(444) Using 6 workers of 6 for evacuation
[198.978s][info][gc,phases      ] GC(444)   Pre Evacuate Collection Set: 0.2ms
[198.978s][info][gc,phases      ] GC(444)   Merge Heap Roots: 0.7ms
[198.978s][info][gc,phases      ] GC(444)   Evacuate Collection Set: 8.7ms
[198.978s][info][gc,phases      ] GC(444)   Post Evacuate Collection Set: 0.4ms
[198.978s][info][gc,phases      ] GC(444)   Other: 0.1ms
[198.978s][info][gc,heap        ] GC(444) Eden regions: 221->0(336)
[198.978s][info][gc,heap        ] GC(444) Survivor regions: 6->3(29)
[198.978s][info][gc,heap        ] GC(444) Old regions: 470->470
[198.978s][info][gc,heap        ] GC(444) Humongous regions: 5->5
[198.978s][info][gc,metaspace   ] GC(444) Metaspace: 16565K(16896K)->16565K(16896K) NonClass: 14239K(14400K)->14239K(14400K) Class: 2325K(2496K)->2325K(2496K)
[198.978s][info][gc             ] GC(444) Pause Young (Prepare Mixed) (G1 Evacuation Pause) 699M->475M(1024M) 10.328ms
[198.978s][info][gc,cpu         ] GC(444) User=0.02s Sys=0.00s Real=0.01s
[199.778s][info][gc,start       ] GC(445) Pause Full (System.gc())
[199.778s][info][gc,task        ] GC(445) Using 6 workers of 6 for full compaction
[199.778s][info][gc,phases,start] GC(445) Phase 1: Mark live objects
[199.781s][info][gc,phases      ] GC(445) Phase 1: Mark live objects 2.563ms
[199.781s][info][gc,phases,start] GC(445) Phase 2: Prepare compaction
[199.782s][info][gc,phases      ] GC(445) Phase 2: Prepare compaction 0.625ms
[199.782s][info][gc,phases,start] GC(445) Phase 3: Adjust pointers
[199.784s][info][gc,phases      ] GC(445) Phase 3: Adjust pointers 2.001ms
[199.784s][info][gc,phases,start] GC(445) Phase 4: Compact heap
[199.784s][info][gc,phases      ] GC(445) Phase 4: Compact heap 0.659ms
[199.784s][info][gc,phases,start] GC(445) Phase 5: Reset Metadata
[199.785s][info][gc,phases      ] GC(445) Phase 5: Reset Metadata 0.688ms
[199.789s][info][gc,heap        ] GC(445) Eden regions: 159->0(614)
[199.789s][info][gc,heap        ] GC(445) Survivor regions: 3->0(29)
[199.789s][info][gc,heap        ] GC(445) Old regions: 470->10
[199.789s][info][gc,heap        ] GC(445) Humongous regions: 5->2
[199.789s][info][gc,metaspace   ] GC(445) Metaspace: 16565K(16896K)->16565K(16896K) NonClass: 14239K(14400K)->14239K(14400K) Class: 2325K(2496K)->2325K(2496K)
[199.789s][info][gc             ] GC(445) Pause Full (System.gc()) 633M->5M(1024M) 10.723ms
[199.789s][info][gc,cpu         ] GC(445) User=0.00s Sys=0.00s Real=0.00s
[200.957s][info][gc,start       ] GC(446) Pause Young (Normal) (G1 Evacuation Pause)
[200.958s][info][gc,task        ] GC(446) Using 6 workers of 6 for evacuation
[200.959s][info][gc,phases      ] GC(446)   Pre Evacuate Collection Set: 0.2ms
[200.959s][info][gc,phases      ] GC(446)   Merge Heap Roots: 0.1ms
[200.959s][info][gc,phases      ] GC(446)   Evacuate Collection Set: 0.3ms
[200.959s][info][gc,phases      ] GC(446)   Post Evacuate Collection Set: 0.4ms
[200.959s][info][gc,phases      ] GC(446)   Other: 0.1ms
[200.959s][info][gc,heap        ] GC(446) Eden regions: 614->0(613)
[200.959s][info][gc,heap        ] GC(446) Survivor regions: 0->1(77)
[200.959s][info][gc,heap        ] GC(446) Old regions: 10->10
[200.959s][info][gc,heap        ] GC(446) Humongous regions: 2->2
[200.959s][info][gc,metaspace   ] GC(446) Metaspace: 16565K(16896K)->16565K(16896K) NonClass: 14239K(14400K)->14239K(14400K) Class: 2325K(2496K)->2325K(2496K)
[200.959s][info][gc             ] GC(446) Pause Young (Normal) (G1 Evacuation Pause) 619M->6M(1024M) 1.311ms
[200.959s][info][gc,cpu         ] GC(446) User=0.00s Sys=0.00s Real=0.00s
[201.054s][info][gc,start       ] GC(447) Pause Young (Normal) (G1 Evacuation Pause)
[201.054s][info][gc,task        ] GC(447) Using 6 workers of 6 for evacuation
[201.056s][info][gc,phases      ] GC(447)   Pre Evacuate Collection Set: 0.2ms
[201.056s][info][gc,phases      ] GC(447)   Merge Heap Roots: 0.1ms
[201.056s][info][gc,phases      ] GC(447)   Evacuate Collection Set: 0.4ms
[201.056s][info][gc,phases      ] GC(447)   Post Evacuate Collection Set: 0.4ms
[201.056s][info][gc,phases      ] GC(447)   Other: 0.1ms
[201.056s][info][gc,heap        ] GC(447) Eden regions: 613->0(613)
[201.056s][info][gc,heap        ] GC(447) Survivor regions: 1->1(77)
[201.056s][info][gc,heap        ] GC(447) Old regions: 10->10
[201.056s][info][gc,heap        ] GC(447) Humongous regions: 2->2
[201.056s][info][gc,metaspace   ] GC(447) Metaspace: 16565K(16896K)->16565K(16896K) NonClass: 14239K(14400K)->14239K(14400K) Class: 2325K(2496K)->2325K(2496K)
[201.056s][info][gc             ] GC(447) Pause Young (Normal) (G1 Evacuation Pause) 619M->6M(1024M) 1.457ms
[201.056s][info][gc,cpu         ] GC(447) User=0.00s Sys=0.00s Real=0.00s
[201.154s][info][gc,start       ] GC(448) Pause Young (Concurrent Start) (G1 Evacuation Pause)
[201.154s][info][gc,task        ] GC(448) Using 6 workers of 6 for evacuation
[201.155s][info][gc,phases      ] GC(448)   Pre Evacuate Collection Set: 0.2ms
[201.155s][info][gc,phases      ] GC(448)   Merge Heap Roots: 0.1ms
[201.155s][info][gc,phases      ] GC(448)   Evacuate Collection Set: 0.4ms
[201.155s][info][gc,phases      ] GC(448)   Post Evacuate Collection Set: 0.3ms
[201.155s][info][gc,phases      ] GC(448)   Other: 0.1ms
[201.155s][info][gc,heap        ] GC(448) Eden regions: 613->0(613)
[201.155s][info][gc,heap        ] GC(448) Survivor regions: 1->1(77)
[201.156s][info][gc,heap        ] GC(448) Old regions: 10->10
[201.156s][info][gc,heap        ] GC(448) Humongous regions: 2->2
[201.156s][info][gc,metaspace   ] GC(448) Metaspace: 16565K(16896K)->16565K(16896K) NonClass: 14239K(14400K)->14239K(14400K) Class: 2325K(2496K)->2325K(2496K)
[201.156s][info][gc             ] GC(448) Pause Young (Concurrent Start) (G1 Evacuation Pause) 619M->6M(1024M) 1.266ms
[201.156s][info][gc,cpu         ] GC(448) User=0.00s Sys=0.00s Real=0.00s
[201.156s][info][gc             ] GC(449) Concurrent Mark Cycle
[201.156s][info][gc,marking     ] GC(449) Concurrent Scan Root Regions
[201.156s][info][gc,marking     ] GC(449) Concurrent Scan Root Regions 0.300ms
[201.156s][info][gc,marking     ] GC(449) Concurrent Mark
[201.156s][info][gc,marking     ] GC(449) Concurrent Mark From Roots
[201.156s][info][gc,task        ] GC(449) Using 2 workers of 2 for marking
[201.159s][info][gc,marking     ] GC(449) Concurrent Mark From Roots 3.101ms
[201.159s][info][gc,marking     ] GC(449) Concurrent Preclean
[201.159s][info][gc,marking     ] GC(449) Concurrent Preclean 0.020ms
[201.159s][info][gc,start       ] GC(449) Pause Remark
[201.160s][info][gc             ] GC(449) Pause Remark 23M->23M(1024M) 1.095ms
[201.160s][info][gc,cpu         ] GC(449) User=0.00s Sys=0.00s Real=0.00s
[201.160s][info][gc,marking     ] GC(449) Concurrent Mark 4.466ms
[201.160s][info][gc,marking     ] GC(449) Concurrent Rebuild Remembered Sets and Scrub Regions
[201.161s][info][gc,marking     ] GC(449) Concurrent Rebuild Remembered Sets and Scrub Regions 0.994ms
[201.162s][info][gc,start       ] GC(449) Pause Cleanup
[201.162s][info][gc             ] GC(449) Pause Cleanup 28M->28M(1024M) 0.114ms
[201.162s][info][gc,cpu         ] GC(449) User=0.00s Sys=0.00s Real=0.00s
[201.162s][info][gc,marking     ] GC(449) Concurrent Clear Claimed Marks
[201.162s][info][gc,marking     ] GC(449) Concurrent Clear Claimed Marks 0.025ms
[201.162s][info][gc,marking     ] GC(449) Concurrent Cleanup for Next Mark
[201.164s][info][gc,marking     ] GC(449) Concurrent Cleanup for Next Mark 2.267ms
[201.164s][info][gc             ] GC(449) Concurrent Mark Cycle 8.569ms
[201.255s][info][gc,start       ] GC(450) Pause Young (Prepare Mixed) (G1 Evacuation Pause)
[201.255s][info][gc,task        ] GC(450) Using 6 workers of 6 for evacuation
[201.256s][info][gc,phases      ] GC(450)   Pre Evacuate Collection Set: 0.2ms
[201.256s][info][gc,phases      ] GC(450)   Merge Heap Roots: 0.1ms
[201.256s][info][gc,phases      ] GC(450)   Evacuate Collection Set: 0.3ms
[201.256s][info][gc,phases      ] GC(450)   Post Evacuate Collection Set: 0.4ms
[201.256s][info][gc,phases      ] GC(450)   Other: 0.1ms
[201.256s][info][gc,heap        ] GC(450) Eden regions: 613->0(613)
[201.256s][info][gc,heap        ] GC(450) Survivor regions: 1->1(77)
[201.256s][info][gc,heap        ] GC(450) Old regions: 9->9
[201.256s][info][gc,heap        ] GC(450) Humongous regions: 2->2
[201.256s][info][gc,metaspace   ] GC(450) Metaspace: 16565K(16896K)->16565K(16896K) NonClass: 14239K(14400K)->14239K(14400K) Class: 2325K(2496K)->2325K(2496K)
[201.256s][info][gc             ] GC(450) Pause Young (Prepare Mixed) (G1 Evacuation Pause) 619M->6M(1024M) 1.228ms
[201.256s][info][gc,cpu         ] GC(450) User=0.00s Sys=0.00s Real=0.00s
[201.437s][info][gc,start       ] GC(451) Pause Young (Mixed) (G1 Evacuation Pause)
[201.437s][info][gc,task        ] GC(451) Using 6 workers of 6 for evacuation
[201.493s][info][gc,phases      ] GC(451)   Pre Evacuate Collection Set: 0.2ms
[201.494s][info][gc,phases      ] GC(451)   Merge Heap Roots: 0.1ms
[201.494s][info][gc,phases      ] GC(451)   Evacuate Collection Set: 55.3ms
[201.494s][info][gc,phases      ] GC(451)   Post Evacuate Collection Set: 0.7ms
[201.494s][info][gc,phases      ] GC(451)   Other: 0.1ms
[201.494s][info][gc,heap        ] GC(451) Eden regions: 613->0(537)
[201.494s][info][gc,heap        ] GC(451) Survivor regions: 1->77(77)
[201.494s][info][gc,heap        ] GC(451) Old regions: 9->56
[201.494s][info][gc,heap        ] GC(451) Humongous regions: 3->3
[201.494s][info][gc,metaspace   ] GC(451) Metaspace: 16565K(16896K)->16565K(16896K) NonClass: 14239K(14400K)->14239K(14400K) Class: 2325K(2496K)->2325K(2496K)
[201.494s][info][gc             ] GC(451) Pause Young (Mixed) (G1 Evacuation Pause) 620M->131M(1024M) 56.525ms
[201.494s][info][gc,cpu         ] GC(451) User=0.30s Sys=0.00s Real=0.06s
[201.867s][info][gc,start       ] GC(452) Pause Young (Concurrent Start) (G1 Humongous Allocation)
[201.867s][info][gc,task        ] GC(452) Using 6 workers of 6 for evacuation
[202.039s][info][gc,phases      ] GC(452)   Pre Evacuate Collection Set: 0.2ms
[202.039s][info][gc,phases      ] GC(452)   Merge Heap Roots: 0.3ms
[202.039s][info][gc,phases      ] GC(452)   Evacuate Collection Set: 170.9ms
[202.039s][info][gc,phases      ] GC(452)   Post Evacuate Collection Set: 1.0ms
[202.039s][info][gc,phases      ] GC(452)   Other: 0.1ms
[202.039s][info][gc,heap        ] GC(452) Eden regions: 453->0(285)
[202.039s][info][gc,heap        ] GC(452) Survivor regions: 77->77(77)
[202.039s][info][gc,heap        ] GC(452) Old regions: 56->358
[202.039s][info][gc,heap        ] GC(452) Humongous regions: 3->3
[202.039s][info][gc,metaspace   ] GC(452) Metaspace: 16565K(16896K)->16565K(16896K) NonClass: 14239K(14400K)->14239K(14400K) Class: 2325K(2496K)->2325K(2496K)
[202.039s][info][gc             ] GC(452) Pause Young (Concurrent Start) (G1 Humongous Allocation) 583M->433M(1024M) 172.684ms
[202.040s][info][gc,cpu         ] GC(452) User=1.03s Sys=0.00s Real=0.17s
[202.040s][info][gc             ] GC(453) Concurrent Mark Cycle
[202.040s][info][gc,marking     ] GC(453) Concurrent Scan Root Regions
[202.118s][info][gc,marking     ] GC(453) Concurrent Scan Root Regions 78.867ms
[202.118s][info][gc,marking     ] GC(453) Concurrent Mark
[202.119s][info][gc,marking     ] GC(453) Concurrent Mark From Roots
[202.119s][info][gc,task        ] GC(453) Using 2 workers of 2 for marking
[202.160s][info][gc,marking     ] GC(453) Concurrent Mark From Roots 41.754ms
[202.160s][info][gc,marking     ] GC(453) Concurrent Preclean
[202.160s][info][gc,marking     ] GC(453) Concurrent Preclean 0.051ms
[202.160s][info][gc,start       ] GC(453) Pause Remark
[202.162s][info][gc             ] GC(453) Pause Remark 471M->471M(1024M) 1.091ms
[202.162s][info][gc,cpu         ] GC(453) User=0.00s Sys=0.00s Real=0.00s
[202.162s][info][gc,marking     ] GC(453) Concurrent Mark 43.167ms
[202.162s][info][gc,marking     ] GC(453) Concurrent Rebuild Remembered Sets and Scrub Regions
[202.257s][info][gc,marking     ] GC(453) Concurrent Rebuild Remembered Sets and Scrub Regions 94.889ms
[202.257s][info][gc,start       ] GC(453) Pause Cleanup
[202.257s][info][gc             ] GC(453) Pause Cleanup 511M->511M(1024M) 0.164ms
[202.257s][info][gc,cpu         ] GC(453) User=0.00s Sys=0.00s Real=0.00s
[202.257s][info][gc,marking     ] GC(453) Concurrent Clear Claimed Marks
[202.257s][info][gc,marking     ] GC(453) Concurrent Clear Claimed Marks 0.031ms
[202.257s][info][gc,marking     ] GC(453) Concurrent Cleanup for Next Mark
[202.259s][info][gc,marking     ] GC(453) Concurrent Cleanup for Next Mark 1.736ms
[202.259s][info][gc             ] GC(453) Concurrent Mark Cycle 219.303ms
[205.188s][info][gc,start       ] GC(454) Pause Young (Prepare Mixed) (G1 Evacuation Pause)
[205.188s][info][gc,task        ] GC(454) Using 6 workers of 6 for evacuation
[205.282s][info][gc,phases      ] GC(454)   Pre Evacuate Collection Set: 0.3ms
[205.282s][info][gc,phases      ] GC(454)   Merge Heap Roots: 1.7ms
[205.282s][info][gc,phases      ] GC(454)   Evacuate Collection Set: 91.5ms
[205.282s][info][gc,phases      ] GC(454)   Post Evacuate Collection Set: 0.7ms
[205.282s][info][gc,phases      ] GC(454)   Other: 0.1ms
[205.282s][info][gc,heap        ] GC(454) Eden regions: 285->0(243)
[205.282s][info][gc,heap        ] GC(454) Survivor regions: 77->46(46)
[205.282s][info][gc,heap        ] GC(454) Old regions: 358->474
[205.282s][info][gc,heap        ] GC(454) Humongous regions: 4->4
[205.282s][info][gc,metaspace   ] GC(454) Metaspace: 16565K(16896K)->16565K(16896K) NonClass: 14239K(14400K)->14239K(14400K) Class: 2325K(2496K)->2325K(2496K)
[205.282s][info][gc             ] GC(454) Pause Young (Prepare Mixed) (G1 Evacuation Pause) 719M->519M(1024M) 94.604ms
[205.282s][info][gc,cpu         ] GC(454) User=0.50s Sys=0.00s Real=0.09s
[205.421s][info][gc,start       ] GC(455) Pause Young (Mixed) (G1 Evacuation Pause)
[205.421s][info][gc,task        ] GC(455) Using 6 workers of 6 for evacuation
[205.499s][info][gc,phases      ] GC(455)   Pre Evacuate Collection Set: 0.3ms
[205.499s][info][gc,phases      ] GC(455)   Merge Heap Roots: 0.9ms
[205.499s][info][gc,phases      ] GC(455)   Evacuate Collection Set: 76.6ms
[205.499s][info][gc,phases      ] GC(455)   Post Evacuate Collection Set: 0.4ms
[205.499s][info][gc,phases      ] GC(455)   Other: 0.1ms
[205.500s][info][gc,heap        ] GC(455) Eden regions: 243->0(185)
[205.500s][info][gc,heap        ] GC(455) Survivor regions: 46->37(37)
[205.500s][info][gc,heap        ] GC(455) Old regions: 474->585
[205.500s][info][gc,heap        ] GC(455) Humongous regions: 4->4
[205.500s][info][gc,metaspace   ] GC(455) Metaspace: 16565K(16896K)->16565K(16896K) NonClass: 14239K(14400K)->14239K(14400K) Class: 2325K(2496K)->2325K(2496K)
[205.500s][info][gc             ] GC(455) Pause Young (Mixed) (G1 Evacuation Pause) 762M->622M(1024M) 78.556ms
[205.500s][info][gc,cpu         ] GC(455) User=0.39s Sys=0.00s Real=0.07s
[205.608s][info][gc,start       ] GC(456) Pause Young (Concurrent Start) (G1 Evacuation Pause)
[205.608s][info][gc,task        ] GC(456) Using 6 workers of 6 for evacuation
[205.665s][info][gc,phases      ] GC(456)   Pre Evacuate Collection Set: 0.3ms
[205.665s][info][gc,phases      ] GC(456)   Merge Heap Roots: 0.2ms
[205.665s][info][gc,phases      ] GC(456)   Evacuate Collection Set: 55.2ms
[205.665s][info][gc,phases      ] GC(456)   Post Evacuate Collection Set: 0.4ms
[205.665s][info][gc,phases      ] GC(456)   Other: 0.2ms
[205.665s][info][gc,heap        ] GC(456) Eden regions: 185->0(150)
[205.665s][info][gc,heap        ] GC(456) Survivor regions: 37->28(28)
[205.665s][info][gc,heap        ] GC(456) Old regions: 585->673
[205.665s][info][gc,heap        ] GC(456) Humongous regions: 4->4
[205.665s][info][gc,metaspace   ] GC(456) Metaspace: 16565K(16896K)->16565K(16896K) NonClass: 14239K(14400K)->14239K(14400K) Class: 2325K(2496K)->2325K(2496K)
[205.665s][info][gc             ] GC(456) Pause Young (Concurrent Start) (G1 Evacuation Pause) 807M->701M(1024M) 56.411ms
[205.665s][info][gc             ] GC(457) Concurrent Mark Cycle
[205.665s][info][gc,cpu         ] GC(456) User=0.30s Sys=0.00s Real=0.06s
[205.665s][info][gc,marking     ] GC(457) Concurrent Scan Root Regions
[205.691s][info][gc,marking     ] GC(457) Concurrent Scan Root Regions 26.531ms
[205.691s][info][gc,marking     ] GC(457) Concurrent Mark
[205.691s][info][gc,marking     ] GC(457) Concurrent Mark From Roots
[205.691s][info][gc,task        ] GC(457) Using 2 workers of 2 for marking
[205.767s][info][gc,start       ] GC(458) Pause Young (Normal) (G1 Evacuation Pause)
[205.767s][info][gc,task        ] GC(458) Using 6 workers of 6 for evacuation
[205.811s][info][gc,phases      ] GC(458)   Pre Evacuate Collection Set: 0.2ms
[205.811s][info][gc,phases      ] GC(458)   Merge Heap Roots: 0.1ms
[205.811s][info][gc,phases      ] GC(458)   Evacuate Collection Set: 43.3ms
[205.811s][info][gc,phases      ] GC(458)   Post Evacuate Collection Set: 0.3ms
[205.811s][info][gc,phases      ] GC(458)   Other: 0.1ms
[205.811s][info][gc,heap        ] GC(458) Eden regions: 150->0(119)
[205.811s][info][gc,heap        ] GC(458) Survivor regions: 28->23(23)
[205.811s][info][gc,heap        ] GC(458) Old regions: 673->744
[205.811s][info][gc,heap        ] GC(458) Humongous regions: 4->4
[205.811s][info][gc,metaspace   ] GC(458) Metaspace: 16565K(16896K)->16565K(16896K) NonClass: 14239K(14400K)->14239K(14400K) Class: 2325K(2496K)->2325K(2496K)
[205.811s][info][gc             ] GC(458) Pause Young (Normal) (G1 Evacuation Pause) 851M->767M(1024M) 44.246ms
[205.811s][info][gc,cpu         ] GC(458) User=0.14s Sys=0.00s Real=0.05s
[205.842s][info][gc,marking     ] GC(457) Concurrent Mark From Roots 150.564ms
[205.842s][info][gc,marking     ] GC(457) Concurrent Preclean
[205.842s][info][gc,marking     ] GC(457) Concurrent Preclean 0.038ms
[205.842s][info][gc,start       ] GC(457) Pause Remark
[205.844s][info][gc             ] GC(457) Pause Remark 815M->403M(1024M) 1.434ms
[205.844s][info][gc,cpu         ] GC(457) User=0.00s Sys=0.00s Real=0.00s
[205.844s][info][gc,marking     ] GC(457) Concurrent Mark 152.340ms
[205.844s][info][gc,marking     ] GC(457) Concurrent Rebuild Remembered Sets and Scrub Regions
[205.893s][info][gc,start       ] GC(459) Pause Young (Normal) (G1 Evacuation Pause)
[205.893s][info][gc,task        ] GC(459) Using 6 workers of 6 for evacuation
[205.928s][info][gc,phases      ] GC(459)   Pre Evacuate Collection Set: 0.2ms
[205.928s][info][gc,phases      ] GC(459)   Merge Heap Roots: 0.1ms
[205.928s][info][gc,phases      ] GC(459)   Evacuate Collection Set: 34.8ms
[205.928s][info][gc,phases      ] GC(459)   Post Evacuate Collection Set: 0.3ms
[205.928s][info][gc,phases      ] GC(459)   Other: 0.1ms
[205.928s][info][gc,heap        ] GC(459) Eden regions: 119->0(306)
[205.928s][info][gc,heap        ] GC(459) Survivor regions: 23->18(18)
[205.928s][info][gc,heap        ] GC(459) Old regions: 334->392
[205.928s][info][gc,heap        ] GC(459) Humongous regions: 2->2
[205.928s][info][gc,metaspace   ] GC(459) Metaspace: 16565K(16896K)->16565K(16896K) NonClass: 14239K(14400K)->14239K(14400K) Class: 2325K(2496K)->2325K(2496K)
[205.928s][info][gc             ] GC(459) Pause Young (Normal) (G1 Evacuation Pause) 474M->408M(1024M) 35.653ms
[205.928s][info][gc,cpu         ] GC(459) User=0.12s Sys=0.00s Real=0.03s
[205.933s][info][gc,marking     ] GC(457) Concurrent Rebuild Remembered Sets and Scrub Regions 89.377ms
[205.933s][info][gc,start       ] GC(457) Pause Cleanup
[205.933s][info][gc             ] GC(457) Pause Cleanup 415M->415M(1024M) 0.212ms
[205.933s][info][gc,cpu         ] GC(457) User=0.00s Sys=0.00s Real=0.00s
[205.933s][info][gc,marking     ] GC(457) Concurrent Clear Claimed Marks
[205.934s][info][gc,marking     ] GC(457) Concurrent Clear Claimed Marks 0.030ms
[205.934s][info][gc,marking     ] GC(457) Concurrent Cleanup for Next Mark
[205.935s][info][gc,marking     ] GC(457) Concurrent Cleanup for Next Mark 1.464ms
[205.935s][info][gc             ] GC(457) Concurrent Mark Cycle 270.263ms
[206.547s][info][gc,start       ] GC(460) Pause Young (Prepare Mixed) (G1 Evacuation Pause)
[206.547s][info][gc,task        ] GC(460) Using 6 workers of 6 for evacuation
[206.623s][info][gc,phases      ] GC(460)   Pre Evacuate Collection Set: 0.4ms
[206.623s][info][gc,phases      ] GC(460)   Merge Heap Roots: 2.3ms
[206.623s][info][gc,phases      ] GC(460)   Evacuate Collection Set: 71.7ms
[206.623s][info][gc,phases      ] GC(460)   Post Evacuate Collection Set: 0.9ms
[206.623s][info][gc,phases      ] GC(460)   Other: 0.1ms
[206.623s][info][gc,heap        ] GC(460) Eden regions: 306->0(271)
[206.623s][info][gc,heap        ] GC(460) Survivor regions: 18->41(41)
[206.623s][info][gc,heap        ] GC(460) Old regions: 392->443
[206.623s][info][gc,heap        ] GC(460) Humongous regions: 8->8
[206.623s][info][gc,metaspace   ] GC(460) Metaspace: 16565K(16896K)->16565K(16896K) NonClass: 14239K(14400K)->14239K(14400K) Class: 2325K(2496K)->2325K(2496K)
[206.623s][info][gc             ] GC(460) Pause Young (Prepare Mixed) (G1 Evacuation Pause) 720M->488M(1024M) 75.638ms
[206.623s][info][gc,cpu         ] GC(460) User=0.36s Sys=0.00s Real=0.09s
[207.110s][info][gc,start       ] GC(461) Pause Young (Mixed) (G1 Evacuation Pause)
[207.110s][info][gc,task        ] GC(461) Using 6 workers of 6 for evacuation
[207.140s][info][gc,phases      ] GC(461)   Pre Evacuate Collection Set: 0.3ms
[207.140s][info][gc,phases      ] GC(461)   Merge Heap Roots: 1.2ms
[207.140s][info][gc,phases      ] GC(461)   Evacuate Collection Set: 27.8ms
[207.140s][info][gc,phases      ] GC(461)   Post Evacuate Collection Set: 0.7ms
[207.140s][info][gc,phases      ] GC(461)   Other: 0.1ms
[207.140s][info][gc,heap        ] GC(461) Eden regions: 271->0(306)
[207.140s][info][gc,heap        ] GC(461) Survivor regions: 41->3(39)
[207.140s][info][gc,heap        ] GC(461) Old regions: 443->467
[207.140s][info][gc,heap        ] GC(461) Humongous regions: 8->8
[207.140s][info][gc,metaspace   ] GC(461) Metaspace: 16565K(16896K)->16565K(16896K) NonClass: 14239K(14400K)->14239K(14400K) Class: 2325K(2496K)->2325K(2496K)
[207.140s][info][gc             ] GC(461) Pause Young (Mixed) (G1 Evacuation Pause) 759M->474M(1024M) 30.417ms
[207.140s][info][gc,cpu         ] GC(461) User=0.09s Sys=0.00s Real=0.03s
[207.982s][info][gc,start       ] GC(462) Pause Full (System.gc())
[207.982s][info][gc,task        ] GC(462) Using 6 workers of 6 for full compaction
[207.983s][info][gc,phases,start] GC(462) Phase 1: Mark live objects
[207.985s][info][gc,phases      ] GC(462) Phase 1: Mark live objects 2.160ms
[207.985s][info][gc,phases,start] GC(462) Phase 2: Prepare compaction
[207.986s][info][gc,phases      ] GC(462) Phase 2: Prepare compaction 0.653ms
[207.986s][info][gc,phases,start] GC(462) Phase 3: Adjust pointers
[207.988s][info][gc,phases      ] GC(462) Phase 3: Adjust pointers 2.109ms
[207.988s][info][gc,phases,start] GC(462) Phase 4: Compact heap
[207.988s][info][gc,phases      ] GC(462) Phase 4: Compact heap 0.599ms
[207.988s][info][gc,phases,start] GC(462) Phase 5: Reset Metadata
[207.989s][info][gc,phases      ] GC(462) Phase 5: Reset Metadata 0.744ms
[207.993s][info][gc,heap        ] GC(462) Eden regions: 180->0(560)
[207.993s][info][gc,heap        ] GC(462) Survivor regions: 3->0(39)
[207.993s][info][gc,heap        ] GC(462) Old regions: 467->9
[207.993s][info][gc,heap        ] GC(462) Humongous regions: 8->2
[207.993s][info][gc,metaspace   ] GC(462) Metaspace: 16565K(16896K)->16565K(16896K) NonClass: 14239K(14400K)->14239K(14400K) Class: 2325K(2496K)->2325K(2496K)
[207.993s][info][gc             ] GC(462) Pause Full (System.gc()) 653M->5M(1024M) 10.606ms
[207.993s][info][gc,cpu         ] GC(462) User=0.02s Sys=0.00s Real=0.02s
[209.124s][info][gc,start       ] GC(463) Pause Young (Concurrent Start) (G1 Evacuation Pause)
[209.124s][info][gc,task        ] GC(463) Using 6 workers of 6 for evacuation
[209.125s][info][gc,phases      ] GC(463)   Pre Evacuate Collection Set: 0.2ms
[209.125s][info][gc,phases      ] GC(463)   Merge Heap Roots: 0.1ms
[209.125s][info][gc,phases      ] GC(463)   Evacuate Collection Set: 0.4ms
[209.125s][info][gc,phases      ] GC(463)   Post Evacuate Collection Set: 0.4ms
[209.125s][info][gc,phases      ] GC(463)   Other: 0.1ms
[209.125s][info][gc,heap        ] GC(463) Eden regions: 560->0(612)
[209.125s][info][gc,heap        ] GC(463) Survivor regions: 0->2(70)
[209.125s][info][gc,heap        ] GC(463) Old regions: 9->9
[209.125s][info][gc,heap        ] GC(463) Humongous regions: 2->2
[209.125s][info][gc,metaspace   ] GC(463) Metaspace: 16568K(16896K)->16568K(16896K) NonClass: 14242K(14400K)->14242K(14400K) Class: 2325K(2496K)->2325K(2496K)
[209.125s][info][gc             ] GC(463) Pause Young (Concurrent Start) (G1 Evacuation Pause) 565M->7M(1024M) 1.363ms
[209.125s][info][gc             ] GC(464) Concurrent Mark Cycle
[209.125s][info][gc,cpu         ] GC(463) User=0.00s Sys=0.00s Real=0.00s
[209.125s][info][gc,marking     ] GC(464) Concurrent Scan Root Regions
[209.125s][info][gc,marking     ] GC(464) Concurrent Scan Root Regions 0.180ms
[209.125s][info][gc,marking     ] GC(464) Concurrent Mark
[209.125s][info][gc,marking     ] GC(464) Concurrent Mark From Roots
[209.125s][info][gc,task        ] GC(464) Using 2 workers of 2 for marking
[209.128s][info][gc,marking     ] GC(464) Concurrent Mark From Roots 3.033ms
[209.128s][info][gc,marking     ] GC(464) Concurrent Preclean
[209.128s][info][gc,marking     ] GC(464) Concurrent Preclean 0.019ms
[209.128s][info][gc,start       ] GC(464) Pause Remark
[209.129s][info][gc             ] GC(464) Pause Remark 23M->23M(1024M) 1.125ms
[209.130s][info][gc,cpu         ] GC(464) User=0.00s Sys=0.00s Real=0.01s
[209.130s][info][gc,marking     ] GC(464) Concurrent Mark 4.446ms
[209.130s][info][gc,marking     ] GC(464) Concurrent Rebuild Remembered Sets and Scrub Regions
[209.131s][info][gc,marking     ] GC(464) Concurrent Rebuild Remembered Sets and Scrub Regions 0.987ms
[209.131s][info][gc,start       ] GC(464) Pause Cleanup
[209.131s][info][gc             ] GC(464) Pause Cleanup 29M->29M(1024M) 0.158ms
[209.131s][info][gc,cpu         ] GC(464) User=0.00s Sys=0.00s Real=0.00s
[209.131s][info][gc,marking     ] GC(464) Concurrent Clear Claimed Marks
[209.131s][info][gc,marking     ] GC(464) Concurrent Clear Claimed Marks 0.025ms
[209.131s][info][gc,marking     ] GC(464) Concurrent Cleanup for Next Mark
[209.133s][info][gc,marking     ] GC(464) Concurrent Cleanup for Next Mark 2.373ms
[209.133s][info][gc             ] GC(464) Concurrent Mark Cycle 8.534ms
[209.223s][info][gc,start       ] GC(465) Pause Young (Prepare Mixed) (G1 Evacuation Pause)
[209.223s][info][gc,task        ] GC(465) Using 6 workers of 6 for evacuation
[209.224s][info][gc,phases      ] GC(465)   Pre Evacuate Collection Set: 0.2ms
[209.224s][info][gc,phases      ] GC(465)   Merge Heap Roots: 0.1ms
[209.224s][info][gc,phases      ] GC(465)   Evacuate Collection Set: 0.3ms
[209.224s][info][gc,phases      ] GC(465)   Post Evacuate Collection Set: 0.4ms
[209.224s][info][gc,phases      ] GC(465)   Other: 0.1ms
[209.224s][info][gc,heap        ] GC(465) Eden regions: 612->0(613)
[209.224s][info][gc,heap        ] GC(465) Survivor regions: 2->1(77)
[209.224s][info][gc,heap        ] GC(465) Old regions: 8->8
[209.224s][info][gc,heap        ] GC(465) Humongous regions: 2->2
[209.224s][info][gc,metaspace   ] GC(465) Metaspace: 16568K(16896K)->16568K(16896K) NonClass: 14242K(14400K)->14242K(14400K) Class: 2325K(2496K)->2325K(2496K)
[209.224s][info][gc             ] GC(465) Pause Young (Prepare Mixed) (G1 Evacuation Pause) 619M->6M(1024M) 1.192ms
[209.224s][info][gc,cpu         ] GC(465) User=0.00s Sys=0.00s Real=0.00s
[209.320s][info][gc,start       ] GC(466) Pause Young (Mixed) (G1 Evacuation Pause)
[209.320s][info][gc,task        ] GC(466) Using 6 workers of 6 for evacuation
[209.321s][info][gc,phases      ] GC(466)   Pre Evacuate Collection Set: 0.2ms
[209.321s][info][gc,phases      ] GC(466)   Merge Heap Roots: 0.1ms
[209.321s][info][gc,phases      ] GC(466)   Evacuate Collection Set: 0.3ms
[209.321s][info][gc,phases      ] GC(466)   Post Evacuate Collection Set: 0.4ms
[209.321s][info][gc,phases      ] GC(466)   Other: 0.1ms
[209.321s][info][gc,heap        ] GC(466) Eden regions: 613->0(613)
[209.321s][info][gc,heap        ] GC(466) Survivor regions: 1->1(77)
[209.321s][info][gc,heap        ] GC(466) Old regions: 8->7
[209.321s][info][gc,heap        ] GC(466) Humongous regions: 2->2
[209.321s][info][gc,metaspace   ] GC(466) Metaspace: 16568K(16896K)->16568K(16896K) NonClass: 14242K(14400K)->14242K(14400K) Class: 2325K(2496K)->2325K(2496K)
[209.321s][info][gc             ] GC(466) Pause Young (Mixed) (G1 Evacuation Pause) 619M->6M(1024M) 1.193ms
[209.321s][info][gc,cpu         ] GC(466) User=0.00s Sys=0.00s Real=0.00s
[209.420s][info][gc,start       ] GC(467) Pause Young (Concurrent Start) (G1 Evacuation Pause)
[209.420s][info][gc,task        ] GC(467) Using 6 workers of 6 for evacuation
[209.421s][info][gc,phases      ] GC(467)   Pre Evacuate Collection Set: 0.2ms
[209.422s][info][gc,phases      ] GC(467)   Merge Heap Roots: 0.1ms
[209.422s][info][gc,phases      ] GC(467)   Evacuate Collection Set: 0.4ms
[209.422s][info][gc,phases      ] GC(467)   Post Evacuate Collection Set: 0.4ms
[209.422s][info][gc,phases      ] GC(467)   Other: 0.1ms
[209.422s][info][gc,heap        ] GC(467) Eden regions: 613->0(613)
[209.422s][info][gc,heap        ] GC(467) Survivor regions: 1->1(77)
[209.422s][info][gc,heap        ] GC(467) Old regions: 7->7
[209.422s][info][gc,heap        ] GC(467) Humongous regions: 2->2
[209.422s][info][gc,metaspace   ] GC(467) Metaspace: 16568K(16896K)->16568K(16896K) NonClass: 14242K(14400K)->14242K(14400K) Class: 2325K(2496K)->2325K(2496K)
[209.422s][info][gc             ] GC(467) Pause Young (Concurrent Start) (G1 Evacuation Pause) 619M->6M(1024M) 1.399ms
[209.422s][info][gc,cpu         ] GC(467) User=0.00s Sys=0.00s Real=0.00s
[209.422s][info][gc             ] GC(468) Concurrent Mark Cycle
[209.422s][info][gc,marking     ] GC(468) Concurrent Scan Root Regions
[209.422s][info][gc,marking     ] GC(468) Concurrent Scan Root Regions 0.276ms
[209.422s][info][gc,marking     ] GC(468) Concurrent Mark
[209.422s][info][gc,marking     ] GC(468) Concurrent Mark From Roots
[209.422s][info][gc,task        ] GC(468) Using 2 workers of 2 for marking
[209.425s][info][gc,marking     ] GC(468) Concurrent Mark From Roots 3.144ms
[209.425s][info][gc,marking     ] GC(468) Concurrent Preclean
[209.425s][info][gc,marking     ] GC(468) Concurrent Preclean 0.021ms
[209.425s][info][gc,start       ] GC(468) Pause Remark
[209.426s][info][gc             ] GC(468) Pause Remark 24M->24M(1024M) 1.034ms
[209.426s][info][gc,cpu         ] GC(468) User=0.00s Sys=0.00s Real=0.00s
[209.426s][info][gc,marking     ] GC(468) Concurrent Mark 4.458ms
[209.426s][info][gc,marking     ] GC(468) Concurrent Rebuild Remembered Sets and Scrub Regions
[209.427s][info][gc,marking     ] GC(468) Concurrent Rebuild Remembered Sets and Scrub Regions 1.010ms
[209.428s][info][gc,start       ] GC(468) Pause Cleanup
[209.428s][info][gc             ] GC(468) Pause Cleanup 29M->29M(1024M) 0.108ms
[209.428s][info][gc,cpu         ] GC(468) User=0.00s Sys=0.00s Real=0.00s
[209.428s][info][gc,marking     ] GC(468) Concurrent Clear Claimed Marks
[209.428s][info][gc,marking     ] GC(468) Concurrent Clear Claimed Marks 0.025ms
[209.428s][info][gc,marking     ] GC(468) Concurrent Cleanup for Next Mark
[209.430s][info][gc,marking     ] GC(468) Concurrent Cleanup for Next Mark 2.409ms
[209.430s][info][gc             ] GC(468) Concurrent Mark Cycle 8.681ms
[209.577s][info][gc,start       ] GC(469) Pause Young (Prepare Mixed) (G1 Evacuation Pause)
[209.577s][info][gc,task        ] GC(469) Using 6 workers of 6 for evacuation
[209.615s][info][gc,phases      ] GC(469)   Pre Evacuate Collection Set: 0.2ms
[209.615s][info][gc,phases      ] GC(469)   Merge Heap Roots: 0.1ms
[209.615s][info][gc,phases      ] GC(469)   Evacuate Collection Set: 37.6ms
[209.615s][info][gc,phases      ] GC(469)   Post Evacuate Collection Set: 0.5ms
[209.615s][info][gc,phases      ] GC(469)   Other: 0.1ms
[209.615s][info][gc,heap        ] GC(469) Eden regions: 613->0(537)
[209.615s][info][gc,heap        ] GC(469) Survivor regions: 1->77(77)
[209.615s][info][gc,heap        ] GC(469) Old regions: 7->15
[209.615s][info][gc,heap        ] GC(469) Humongous regions: 3->3
[209.615s][info][gc,metaspace   ] GC(469) Metaspace: 16568K(16896K)->16568K(16896K) NonClass: 14242K(14400K)->14242K(14400K) Class: 2325K(2496K)->2325K(2496K)
[209.615s][info][gc             ] GC(469) Pause Young (Prepare Mixed) (G1 Evacuation Pause) 620M->91M(1024M) 38.689ms
[209.615s][info][gc,cpu         ] GC(469) User=0.03s Sys=0.00s Real=0.05s
[210.086s][info][gc,start       ] GC(470) Pause Young (Mixed) (G1 Evacuation Pause)
[210.086s][info][gc,task        ] GC(470) Using 6 workers of 6 for evacuation
[210.275s][info][gc,phases      ] GC(470)   Pre Evacuate Collection Set: 0.2ms
[210.275s][info][gc,phases      ] GC(470)   Merge Heap Roots: 0.1ms
[210.275s][info][gc,phases      ] GC(470)   Evacuate Collection Set: 179.5ms
[210.275s][info][gc,phases      ] GC(470)   Post Evacuate Collection Set: 9.3ms
[210.275s][info][gc,phases      ] GC(470)   Other: 0.1ms
[210.275s][info][gc,heap        ] GC(470) Eden regions: 537->0(0)
[210.275s][info][gc,heap        ] GC(470) Survivor regions: 77->77(77)
[210.275s][info][gc,heap        ] GC(470) Old regions: 15->911
[210.275s][info][gc,heap        ] GC(470) Humongous regions: 4->4
[210.275s][info][gc,metaspace   ] GC(470) Metaspace: 16568K(16896K)->16568K(16896K) NonClass: 14242K(14400K)->14242K(14400K) Class: 2325K(2496K)->2325K(2496K)
[210.275s][info][gc             ] GC(470) Pause Young (Mixed) (G1 Evacuation Pause) (Evacuation Failure) 629M->988M(1024M) 189.341ms
[210.275s][info][gc,cpu         ] GC(470) User=1.03s Sys=0.00s Real=0.19s
[210.275s][info][gc,ergo        ] Attempting full compaction
[210.275s][info][gc,start       ] GC(471) Pause Full (G1 Compaction Pause)
[210.275s][info][gc,task        ] GC(471) Using 6 workers of 6 for full compaction
[210.275s][info][gc,phases,start] GC(471) Phase 1: Mark live objects
[210.385s][info][gc,phases      ] GC(471) Phase 1: Mark live objects 109.260ms
[210.385s][info][gc,phases,start] GC(471) Phase 2: Prepare compaction
[210.390s][info][gc,phases      ] GC(471) Phase 2: Prepare compaction 5.709ms
[210.391s][info][gc,phases,start] GC(471) Phase 3: Adjust pointers
[210.419s][info][gc,phases      ] GC(471) Phase 3: Adjust pointers 28.538ms
[210.419s][info][gc,phases,start] GC(471) Phase 4: Compact heap
[210.425s][info][gc,phases      ] GC(471) Phase 4: Compact heap 6.181ms
[210.425s][info][gc,phases,start] GC(471) Phase 5: Reset Metadata
[210.439s][info][gc,phases      ] GC(471) Phase 5: Reset Metadata 13.481ms
[210.445s][info][gc,heap        ] GC(471) Eden regions: 0->0(317)
[210.445s][info][gc,heap        ] GC(471) Survivor regions: 77->0(77)
[210.445s][info][gc,heap        ] GC(471) Old regions: 911->418
[210.445s][info][gc,heap        ] GC(471) Humongous regions: 4->4
[210.445s][info][gc,metaspace   ] GC(471) Metaspace: 16568K(16896K)->16568K(16896K) NonClass: 14242K(14400K)->14242K(14400K) Class: 2325K(2496K)->2325K(2496K)
[210.445s][info][gc             ] GC(471) Pause Full (G1 Compaction Pause) 988M->418M(1024M) 169.770ms
[210.445s][info][gc,cpu         ] GC(471) User=0.55s Sys=0.05s Real=0.16s
[213.231s][info][gc,start       ] GC(472) Pause Young (Concurrent Start) (G1 Evacuation Pause)
[213.231s][info][gc,task        ] GC(472) Using 6 workers of 6 for evacuation
[213.307s][info][gc,phases      ] GC(472)   Pre Evacuate Collection Set: 0.3ms
[213.307s][info][gc,phases      ] GC(472)   Merge Heap Roots: 1.2ms
[213.307s][info][gc,phases      ] GC(472)   Evacuate Collection Set: 74.0ms
[213.307s][info][gc,phases      ] GC(472)   Post Evacuate Collection Set: 0.6ms
[213.307s][info][gc,phases      ] GC(472)   Other: 0.1ms
[213.307s][info][gc,heap        ] GC(472) Eden regions: 317->0(245)
[213.307s][info][gc,heap        ] GC(472) Survivor regions: 0->40(40)
[213.307s][info][gc,heap        ] GC(472) Old regions: 418->492
[213.307s][info][gc,heap        ] GC(472) Humongous regions: 4->4
[213.307s][info][gc,metaspace   ] GC(472) Metaspace: 16570K(16896K)->16570K(16896K) NonClass: 14244K(14400K)->14244K(14400K) Class: 2325K(2496K)->2325K(2496K)
[213.308s][info][gc             ] GC(472) Pause Young (Concurrent Start) (G1 Evacuation Pause) 735M->532M(1024M) 76.477ms
[213.308s][info][gc             ] GC(473) Concurrent Mark Cycle
[213.308s][info][gc,cpu         ] GC(472) User=0.38s Sys=0.00s Real=0.06s
[213.308s][info][gc,marking     ] GC(473) Concurrent Scan Root Regions
[213.331s][info][gc,marking     ] GC(473) Concurrent Scan Root Regions 23.296ms
[213.331s][info][gc,marking     ] GC(473) Concurrent Mark
[213.331s][info][gc,marking     ] GC(473) Concurrent Mark From Roots
[213.331s][info][gc,task        ] GC(473) Using 2 workers of 2 for marking
[213.390s][info][gc,marking     ] GC(473) Concurrent Mark From Roots 58.704ms
[213.390s][info][gc,marking     ] GC(473) Concurrent Preclean
[213.390s][info][gc,marking     ] GC(473) Concurrent Preclean 0.055ms
[213.390s][info][gc,start       ] GC(473) Pause Remark
[213.391s][info][gc             ] GC(473) Pause Remark 670M->575M(1024M) 1.261ms
[213.391s][info][gc,cpu         ] GC(473) User=0.00s Sys=0.00s Real=0.00s
[213.391s][info][gc,marking     ] GC(473) Concurrent Mark 60.243ms
[213.391s][info][gc,marking     ] GC(473) Concurrent Rebuild Remembered Sets and Scrub Regions
[213.454s][info][gc,marking     ] GC(473) Concurrent Rebuild Remembered Sets and Scrub Regions 62.539ms
[213.454s][info][gc,start       ] GC(473) Pause Cleanup
[213.454s][info][gc             ] GC(473) Pause Cleanup 676M->676M(1024M) 0.292ms
[213.454s][info][gc,cpu         ] GC(473) User=0.00s Sys=0.00s Real=0.00s
[213.454s][info][gc,marking     ] GC(473) Concurrent Clear Claimed Marks
[213.454s][info][gc,marking     ] GC(473) Concurrent Clear Claimed Marks 0.022ms
[213.454s][info][gc,marking     ] GC(473) Concurrent Cleanup for Next Mark
[213.455s][info][gc,marking     ] GC(473) Concurrent Cleanup for Next Mark 1.299ms
[213.456s][info][gc             ] GC(473) Concurrent Mark Cycle 147.988ms
[213.459s][info][gc,start       ] GC(474) Pause Young (Prepare Mixed) (G1 Evacuation Pause)
[213.460s][info][gc,task        ] GC(474) Using 6 workers of 6 for evacuation
[213.536s][info][gc,phases      ] GC(474)   Pre Evacuate Collection Set: 0.2ms
[213.540s][info][gc,phases      ] GC(474)   Merge Heap Roots: 1.0ms
[213.540s][info][gc,phases      ] GC(474)   Evacuate Collection Set: 74.6ms
[213.540s][info][gc,phases      ] GC(474)   Post Evacuate Collection Set: 0.5ms
[213.540s][info][gc,phases      ] GC(474)   Other: 0.1ms
[213.540s][info][gc,heap        ] GC(474) Eden regions: 245->0(237)
[213.540s][info][gc,heap        ] GC(474) Survivor regions: 40->36(36)
[213.540s][info][gc,heap        ] GC(474) Old regions: 398->505
[213.540s][info][gc,heap        ] GC(474) Humongous regions: 3->3
[213.540s][info][gc,metaspace   ] GC(474) Metaspace: 16570K(16896K)->16570K(16896K) NonClass: 14244K(14400K)->14244K(14400K) Class: 2325K(2496K)->2325K(2496K)
[213.540s][info][gc             ] GC(474) Pause Young (Prepare Mixed) (G1 Evacuation Pause) 682M->540M(1024M) 80.626ms
[213.540s][info][gc,cpu         ] GC(474) User=0.39s Sys=0.00s Real=0.09s
[213.683s][info][gc,start       ] GC(475) Pause Young (Mixed) (G1 Evacuation Pause)
[213.683s][info][gc,task        ] GC(475) Using 6 workers of 6 for evacuation
[213.750s][info][gc,phases      ] GC(475)   Pre Evacuate Collection Set: 0.5ms
[213.750s][info][gc,phases      ] GC(475)   Merge Heap Roots: 0.2ms
[213.750s][info][gc,phases      ] GC(475)   Evacuate Collection Set: 65.2ms
[213.750s][info][gc,phases      ] GC(475)   Post Evacuate Collection Set: 0.4ms
[213.750s][info][gc,phases      ] GC(475)   Other: 0.1ms
[213.750s][info][gc,heap        ] GC(475) Eden regions: 237->0(236)
[213.750s][info][gc,heap        ] GC(475) Survivor regions: 36->35(35)
[213.750s][info][gc,heap        ] GC(475) Old regions: 505->505
[213.750s][info][gc,heap        ] GC(475) Humongous regions: 3->3
[213.750s][info][gc,metaspace   ] GC(475) Metaspace: 16570K(16896K)->16570K(16896K) NonClass: 14244K(14400K)->14244K(14400K) Class: 2325K(2496K)->2325K(2496K)
[213.750s][info][gc             ] GC(475) Pause Young (Mixed) (G1 Evacuation Pause) 777M->542M(1024M) 66.635ms
[213.750s][info][gc,cpu         ] GC(475) User=0.39s Sys=0.00s Real=0.08s
[213.897s][info][gc,start       ] GC(476) Pause Young (Mixed) (G1 Evacuation Pause)
[213.897s][info][gc,task        ] GC(476) Using 6 workers of 6 for evacuation
[213.962s][info][gc,phases      ] GC(476)   Pre Evacuate Collection Set: 0.4ms
[213.962s][info][gc,phases      ] GC(476)   Merge Heap Roots: 0.2ms
[213.962s][info][gc,phases      ] GC(476)   Evacuate Collection Set: 63.4ms
[213.962s][info][gc,phases      ] GC(476)   Post Evacuate Collection Set: 0.4ms
[213.962s][info][gc,phases      ] GC(476)   Other: 0.1ms
[213.962s][info][gc,heap        ] GC(476) Eden regions: 236->0(236)
[213.962s][info][gc,heap        ] GC(476) Survivor regions: 35->34(34)
[213.962s][info][gc,heap        ] GC(476) Old regions: 505->505
[213.962s][info][gc,heap        ] GC(476) Humongous regions: 3->3
[213.962s][info][gc,metaspace   ] GC(476) Metaspace: 16570K(16896K)->16570K(16896K) NonClass: 14244K(14400K)->14244K(14400K) Class: 2325K(2496K)->2325K(2496K)
[213.962s][info][gc             ] GC(476) Pause Young (Mixed) (G1 Evacuation Pause) 778M->541M(1024M) 64.730ms
[213.962s][info][gc,cpu         ] GC(476) User=0.36s Sys=0.00s Real=0.06s
[214.563s][info][gc,start       ] GC(477) Pause Young (Mixed) (G1 Evacuation Pause)
[214.563s][info][gc,task        ] GC(477) Using 6 workers of 6 for evacuation
[214.631s][info][gc,phases      ] GC(477)   Pre Evacuate Collection Set: 0.3ms
[214.631s][info][gc,phases      ] GC(477)   Merge Heap Roots: 2.4ms
[214.631s][info][gc,phases      ] GC(477)   Evacuate Collection Set: 64.8ms
[214.631s][info][gc,phases      ] GC(477)   Post Evacuate Collection Set: 1.1ms
[214.631s][info][gc,phases      ] GC(477)   Other: 0.1ms
[214.631s][info][gc,heap        ] GC(477) Eden regions: 236->0(236)
[214.631s][info][gc,heap        ] GC(477) Survivor regions: 34->34(34)
[214.631s][info][gc,heap        ] GC(477) Old regions: 505->521
[214.631s][info][gc,heap        ] GC(477) Humongous regions: 9->9
[214.631s][info][gc,metaspace   ] GC(477) Metaspace: 16570K(16896K)->16570K(16896K) NonClass: 14244K(14400K)->14244K(14400K) Class: 2325K(2496K)->2325K(2496K)
[214.631s][info][gc             ] GC(477) Pause Young (Mixed) (G1 Evacuation Pause) 783M->563M(1024M) 68.853ms
[214.631s][info][gc,cpu         ] GC(477) User=0.36s Sys=0.00s Real=0.06s
[215.057s][info][gc,start       ] GC(478) Pause Young (Concurrent Start) (G1 Evacuation Pause)
[215.057s][info][gc,task        ] GC(478) Using 6 workers of 6 for evacuation
[215.087s][info][gc,phases      ] GC(478)   Pre Evacuate Collection Set: 0.4ms
[215.087s][info][gc,phases      ] GC(478)   Merge Heap Roots: 1.4ms
[215.087s][info][gc,phases      ] GC(478)   Evacuate Collection Set: 27.2ms
[215.087s][info][gc,phases      ] GC(478)   Post Evacuate Collection Set: 0.5ms
[215.087s][info][gc,phases      ] GC(478)   Other: 0.2ms
[215.087s][info][gc,heap        ] GC(478) Eden regions: 236->0(269)
[215.087s][info][gc,heap        ] GC(478) Survivor regions: 34->3(34)
[215.087s][info][gc,heap        ] GC(478) Old regions: 521->540
[215.087s][info][gc,heap        ] GC(478) Humongous regions: 9->9
[215.087s][info][gc,metaspace   ] GC(478) Metaspace: 16570K(16896K)->16570K(16896K) NonClass: 14244K(14400K)->14244K(14400K) Class: 2325K(2496K)->2325K(2496K)
[215.087s][info][gc             ] GC(478) Pause Young (Concurrent Start) (G1 Evacuation Pause) 799M->551M(1024M) 30.021ms
[215.087s][info][gc,cpu         ] GC(478) User=0.09s Sys=0.00s Real=0.03s
[215.087s][info][gc             ] GC(479) Concurrent Mark Cycle
[215.087s][info][gc,marking     ] GC(479) Concurrent Scan Root Regions
[215.097s][info][gc,marking     ] GC(479) Concurrent Scan Root Regions 10.607ms
[215.097s][info][gc,marking     ] GC(479) Concurrent Mark
[215.097s][info][gc,marking     ] GC(479) Concurrent Mark From Roots
[215.097s][info][gc,task        ] GC(479) Using 2 workers of 2 for marking
[215.372s][info][gc,marking     ] GC(479) Concurrent Mark From Roots 274.956ms
[215.372s][info][gc,marking     ] GC(479) Concurrent Preclean
[215.373s][info][gc,marking     ] GC(479) Concurrent Preclean 0.055ms
[215.373s][info][gc,start       ] GC(479) Pause Remark
[215.374s][info][gc             ] GC(479) Pause Remark 682M->591M(1024M) 1.376ms
[215.374s][info][gc,cpu         ] GC(479) User=0.00s Sys=0.00s Real=0.00s
[215.374s][info][gc,marking     ] GC(479) Concurrent Mark 276.632ms
[215.374s][info][gc,marking     ] GC(479) Concurrent Rebuild Remembered Sets and Scrub Regions
[215.449s][info][gc,marking     ] GC(479) Concurrent Rebuild Remembered Sets and Scrub Regions 75.040ms
[215.449s][info][gc,start       ] GC(479) Pause Cleanup
[215.450s][info][gc             ] GC(479) Pause Cleanup 593M->593M(1024M) 0.249ms
[215.450s][info][gc,cpu         ] GC(479) User=0.00s Sys=0.00s Real=0.00s
[215.450s][info][gc,marking     ] GC(479) Concurrent Clear Claimed Marks
[215.450s][info][gc,marking     ] GC(479) Concurrent Clear Claimed Marks 0.024ms
[215.450s][info][gc,marking     ] GC(479) Concurrent Cleanup for Next Mark
[215.451s][info][gc,marking     ] GC(479) Concurrent Cleanup for Next Mark 1.313ms
[215.451s][info][gc             ] GC(479) Concurrent Mark Cycle 364.216ms
[215.998s][info][gc,start       ] GC(480) Pause Full (System.gc())
[215.998s][info][gc,task        ] GC(480) Using 6 workers of 6 for full compaction
[215.998s][info][gc,phases,start] GC(480) Phase 1: Mark live objects
[216.000s][info][gc,phases      ] GC(480) Phase 1: Mark live objects 2.228ms
[216.000s][info][gc,phases,start] GC(480) Phase 2: Prepare compaction
[216.001s][info][gc,phases      ] GC(480) Phase 2: Prepare compaction 0.732ms
[216.001s][info][gc,phases,start] GC(480) Phase 3: Adjust pointers
[216.003s][info][gc,phases      ] GC(480) Phase 3: Adjust pointers 2.083ms
[216.003s][info][gc,phases,start] GC(480) Phase 4: Compact heap
[216.004s][info][gc,phases      ] GC(480) Phase 4: Compact heap 0.579ms
[216.004s][info][gc,phases,start] GC(480) Phase 5: Reset Metadata
[216.004s][info][gc,phases      ] GC(480) Phase 5: Reset Metadata 0.659ms
[216.008s][info][gc,heap        ] GC(480) Eden regions: 206->0(610)
[216.008s][info][gc,heap        ] GC(480) Survivor regions: 3->0(34)
[216.008s][info][gc,heap        ] GC(480) Old regions: 453->10
[216.008s][info][gc,heap        ] GC(480) Humongous regions: 5->2
[216.008s][info][gc,metaspace   ] GC(480) Metaspace: 16572K(16896K)->16572K(16896K) NonClass: 14246K(14400K)->14246K(14400K) Class: 2325K(2496K)->2325K(2496K)
[216.008s][info][gc             ] GC(480) Pause Full (System.gc()) 666M->5M(1024M) 10.575ms
[216.008s][info][gc,cpu         ] GC(480) User=0.00s Sys=0.00s Real=0.00s
[217.143s][info][gc,start       ] GC(481) Pause Young (Normal) (G1 Evacuation Pause)
[217.143s][info][gc,task        ] GC(481) Using 6 workers of 6 for evacuation
[217.144s][info][gc,phases      ] GC(481)   Pre Evacuate Collection Set: 0.2ms
[217.144s][info][gc,phases      ] GC(481)   Merge Heap Roots: 0.1ms
[217.144s][info][gc,phases      ] GC(481)   Evacuate Collection Set: 0.3ms
[217.144s][info][gc,phases      ] GC(481)   Post Evacuate Collection Set: 0.5ms
[217.144s][info][gc,phases      ] GC(481)   Other: 0.1ms
[217.144s][info][gc,heap        ] GC(481) Eden regions: 610->0(612)
[217.144s][info][gc,heap        ] GC(481) Survivor regions: 0->2(77)
[217.144s][info][gc,heap        ] GC(481) Old regions: 10->10
[217.144s][info][gc,heap        ] GC(481) Humongous regions: 2->2
[217.144s][info][gc,metaspace   ] GC(481) Metaspace: 16572K(16896K)->16572K(16896K) NonClass: 14246K(14400K)->14246K(14400K) Class: 2325K(2496K)->2325K(2496K)
[217.144s][info][gc             ] GC(481) Pause Young (Normal) (G1 Evacuation Pause) 615M->7M(1024M) 1.365ms
[217.144s][info][gc,cpu         ] GC(481) User=0.00s Sys=0.00s Real=0.01s
[217.238s][info][gc,start       ] GC(482) Pause Young (Normal) (G1 Evacuation Pause)
[217.238s][info][gc,task        ] GC(482) Using 6 workers of 6 for evacuation
[217.239s][info][gc,phases      ] GC(482)   Pre Evacuate Collection Set: 0.2ms
[217.239s][info][gc,phases      ] GC(482)   Merge Heap Roots: 0.1ms
[217.239s][info][gc,phases      ] GC(482)   Evacuate Collection Set: 0.3ms
[217.239s][info][gc,phases      ] GC(482)   Post Evacuate Collection Set: 0.4ms
[217.239s][info][gc,phases      ] GC(482)   Other: 0.1ms
[217.239s][info][gc,heap        ] GC(482) Eden regions: 612->0(613)
[217.239s][info][gc,heap        ] GC(482) Survivor regions: 2->1(77)
[217.239s][info][gc,heap        ] GC(482) Old regions: 10->10
[217.239s][info][gc,heap        ] GC(482) Humongous regions: 2->2
[217.239s][info][gc,metaspace   ] GC(482) Metaspace: 16572K(16896K)->16572K(16896K) NonClass: 14246K(14400K)->14246K(14400K) Class: 2325K(2496K)->2325K(2496K)
[217.239s][info][gc             ] GC(482) Pause Young (Normal) (G1 Evacuation Pause) 619M->6M(1024M) 1.198ms
[217.239s][info][gc,cpu         ] GC(482) User=0.00s Sys=0.00s Real=0.00s
[217.332s][info][gc,start       ] GC(483) Pause Young (Concurrent Start) (G1 Evacuation Pause)
[217.332s][info][gc,task        ] GC(483) Using 6 workers of 6 for evacuation
[217.333s][info][gc,phases      ] GC(483)   Pre Evacuate Collection Set: 0.2ms
[217.333s][info][gc,phases      ] GC(483)   Merge Heap Roots: 0.1ms
[217.333s][info][gc,phases      ] GC(483)   Evacuate Collection Set: 0.3ms
[217.333s][info][gc,phases      ] GC(483)   Post Evacuate Collection Set: 0.4ms
[217.333s][info][gc,phases      ] GC(483)   Other: 0.1ms
[217.333s][info][gc,heap        ] GC(483) Eden regions: 613->0(613)
[217.333s][info][gc,heap        ] GC(483) Survivor regions: 1->1(77)
[217.333s][info][gc,heap        ] GC(483) Old regions: 10->10
[217.333s][info][gc,heap        ] GC(483) Humongous regions: 2->2
[217.333s][info][gc,metaspace   ] GC(483) Metaspace: 16572K(16896K)->16572K(16896K) NonClass: 14246K(14400K)->14246K(14400K) Class: 2325K(2496K)->2325K(2496K)
[217.333s][info][gc             ] GC(483) Pause Young (Concurrent Start) (G1 Evacuation Pause) 619M->6M(1024M) 1.310ms
[217.333s][info][gc,cpu         ] GC(483) User=0.00s Sys=0.00s Real=0.00s
[217.333s][info][gc             ] GC(484) Concurrent Mark Cycle
[217.333s][info][gc,marking     ] GC(484) Concurrent Scan Root Regions
[217.334s][info][gc,marking     ] GC(484) Concurrent Scan Root Regions 0.243ms
[217.334s][info][gc,marking     ] GC(484) Concurrent Mark
[217.334s][info][gc,marking     ] GC(484) Concurrent Mark From Roots
[217.334s][info][gc,task        ] GC(484) Using 2 workers of 2 for marking
[217.337s][info][gc,marking     ] GC(484) Concurrent Mark From Roots 3.120ms
[217.337s][info][gc,marking     ] GC(484) Concurrent Preclean
[217.337s][info][gc,marking     ] GC(484) Concurrent Preclean 0.018ms
[217.337s][info][gc,start       ] GC(484) Pause Remark
[217.338s][info][gc             ] GC(484) Pause Remark 24M->24M(1024M) 1.128ms
[217.338s][info][gc,cpu         ] GC(484) User=0.00s Sys=0.00s Real=0.01s
[217.338s][info][gc,marking     ] GC(484) Concurrent Mark 4.552ms
[217.338s][info][gc,marking     ] GC(484) Concurrent Rebuild Remembered Sets and Scrub Regions
[217.339s][info][gc,marking     ] GC(484) Concurrent Rebuild Remembered Sets and Scrub Regions 1.008ms
[217.339s][info][gc,start       ] GC(484) Pause Cleanup
[217.339s][info][gc             ] GC(484) Pause Cleanup 30M->30M(1024M) 0.116ms
[217.339s][info][gc,cpu         ] GC(484) User=0.00s Sys=0.00s Real=0.00s
[217.339s][info][gc,marking     ] GC(484) Concurrent Clear Claimed Marks
[217.339s][info][gc,marking     ] GC(484) Concurrent Clear Claimed Marks 0.022ms
[217.339s][info][gc,marking     ] GC(484) Concurrent Cleanup for Next Mark
[217.342s][info][gc,marking     ] GC(484) Concurrent Cleanup for Next Mark 2.397ms
[217.342s][info][gc             ] GC(484) Concurrent Mark Cycle 8.721ms
[217.431s][info][gc,start       ] GC(485) Pause Young (Prepare Mixed) (G1 Evacuation Pause)
[217.431s][info][gc,task        ] GC(485) Using 6 workers of 6 for evacuation
[217.432s][info][gc,phases      ] GC(485)   Pre Evacuate Collection Set: 0.2ms
[217.433s][info][gc,phases      ] GC(485)   Merge Heap Roots: 0.1ms
[217.433s][info][gc,phases      ] GC(485)   Evacuate Collection Set: 0.3ms
[217.433s][info][gc,phases      ] GC(485)   Post Evacuate Collection Set: 0.4ms
[217.433s][info][gc,phases      ] GC(485)   Other: 0.1ms
[217.433s][info][gc,heap        ] GC(485) Eden regions: 613->0(613)
[217.433s][info][gc,heap        ] GC(485) Survivor regions: 1->1(77)
[217.433s][info][gc,heap        ] GC(485) Old regions: 9->9
[217.433s][info][gc,heap        ] GC(485) Humongous regions: 2->2
[217.433s][info][gc,metaspace   ] GC(485) Metaspace: 16572K(16896K)->16572K(16896K) NonClass: 14246K(14400K)->14246K(14400K) Class: 2325K(2496K)->2325K(2496K)
[217.433s][info][gc             ] GC(485) Pause Young (Prepare Mixed) (G1 Evacuation Pause) 619M->6M(1024M) 1.276ms
[217.433s][info][gc,cpu         ] GC(485) User=0.00s Sys=0.00s Real=0.00s
[217.622s][info][gc,start       ] GC(486) Pause Young (Mixed) (G1 Evacuation Pause)
[217.622s][info][gc,task        ] GC(486) Using 6 workers of 6 for evacuation
[217.678s][info][gc,phases      ] GC(486)   Pre Evacuate Collection Set: 0.2ms
[217.678s][info][gc,phases      ] GC(486)   Merge Heap Roots: 0.1ms
[217.678s][info][gc,phases      ] GC(486)   Evacuate Collection Set: 55.1ms
[217.678s][info][gc,phases      ] GC(486)   Post Evacuate Collection Set: 0.6ms
[217.678s][info][gc,phases      ] GC(486)   Other: 0.1ms
[217.678s][info][gc,heap        ] GC(486) Eden regions: 613->0(537)
[217.678s][info][gc,heap        ] GC(486) Survivor regions: 1->77(77)
[217.678s][info][gc,heap        ] GC(486) Old regions: 9->56
[217.678s][info][gc,heap        ] GC(486) Humongous regions: 3->3
[217.678s][info][gc,metaspace   ] GC(486) Metaspace: 16572K(16896K)->16572K(16896K) NonClass: 14246K(14400K)->14246K(14400K) Class: 2325K(2496K)->2325K(2496K)
[217.678s][info][gc             ] GC(486) Pause Young (Mixed) (G1 Evacuation Pause) 620M->131M(1024M) 56.258ms
[217.678s][info][gc,cpu         ] GC(486) User=0.28s Sys=0.00s Real=0.05s
[218.063s][info][gc,start       ] GC(487) Pause Young (Concurrent Start) (G1 Humongous Allocation)
[218.064s][info][gc,task        ] GC(487) Using 6 workers of 6 for evacuation
[218.233s][info][gc,phases      ] GC(487)   Pre Evacuate Collection Set: 0.2ms
[218.233s][info][gc,phases      ] GC(487)   Merge Heap Roots: 0.3ms
[218.233s][info][gc,phases      ] GC(487)   Evacuate Collection Set: 168.3ms
[218.233s][info][gc,phases      ] GC(487)   Post Evacuate Collection Set: 1.1ms
[218.233s][info][gc,phases      ] GC(487)   Other: 0.1ms
[218.233s][info][gc,heap        ] GC(487) Eden regions: 451->0(284)
[218.233s][info][gc,heap        ] GC(487) Survivor regions: 77->77(77)
[218.234s][info][gc,heap        ] GC(487) Old regions: 56->358
[218.234s][info][gc,heap        ] GC(487) Humongous regions: 3->3
[218.234s][info][gc,metaspace   ] GC(487) Metaspace: 16572K(16896K)->16572K(16896K) NonClass: 14246K(14400K)->14246K(14400K) Class: 2325K(2496K)->2325K(2496K)
[218.234s][info][gc             ] GC(487) Pause Young (Concurrent Start) (G1 Humongous Allocation) 582M->433M(1024M) 170.089ms
[218.234s][info][gc,cpu         ] GC(487) User=0.95s Sys=0.00s Real=0.17s
[218.234s][info][gc             ] GC(488) Concurrent Mark Cycle
[218.234s][info][gc,marking     ] GC(488) Concurrent Scan Root Regions
[218.312s][info][gc,marking     ] GC(488) Concurrent Scan Root Regions 77.957ms
[218.312s][info][gc,marking     ] GC(488) Concurrent Mark
[218.312s][info][gc,marking     ] GC(488) Concurrent Mark From Roots
[218.312s][info][gc,task        ] GC(488) Using 2 workers of 2 for marking
[218.353s][info][gc,marking     ] GC(488) Concurrent Mark From Roots 41.363ms
[218.353s][info][gc,marking     ] GC(488) Concurrent Preclean
[218.353s][info][gc,marking     ] GC(488) Concurrent Preclean 0.044ms
[218.353s][info][gc,start       ] GC(488) Pause Remark
[218.354s][info][gc             ] GC(488) Pause Remark 475M->475M(1024M) 1.059ms
[218.354s][info][gc,cpu         ] GC(488) User=0.00s Sys=0.00s Real=0.00s
[218.354s][info][gc,marking     ] GC(488) Concurrent Mark 42.716ms
[218.354s][info][gc,marking     ] GC(488) Concurrent Rebuild Remembered Sets and Scrub Regions
[218.454s][info][gc,marking     ] GC(488) Concurrent Rebuild Remembered Sets and Scrub Regions 99.167ms
[218.454s][info][gc,start       ] GC(488) Pause Cleanup
[218.454s][info][gc             ] GC(488) Pause Cleanup 510M->510M(1024M) 0.159ms
[218.454s][info][gc,cpu         ] GC(488) User=0.00s Sys=0.00s Real=0.00s
[218.454s][info][gc,marking     ] GC(488) Concurrent Clear Claimed Marks
[218.454s][info][gc,marking     ] GC(488) Concurrent Clear Claimed Marks 0.020ms
[218.454s][info][gc,marking     ] GC(488) Concurrent Cleanup for Next Mark
[218.456s][info][gc,marking     ] GC(488) Concurrent Cleanup for Next Mark 1.700ms
[218.456s][info][gc             ] GC(488) Concurrent Mark Cycle 222.125ms
[221.117s][info][gc,start       ] GC(489) Pause Young (Prepare Mixed) (G1 Evacuation Pause)
[221.117s][info][gc,task        ] GC(489) Using 6 workers of 6 for evacuation
[221.214s][info][gc,phases      ] GC(489)   Pre Evacuate Collection Set: 0.4ms
[221.214s][info][gc,phases      ] GC(489)   Merge Heap Roots: 1.8ms
[221.214s][info][gc,phases      ] GC(489)   Evacuate Collection Set: 93.9ms
[221.214s][info][gc,phases      ] GC(489)   Post Evacuate Collection Set: 0.7ms
[221.214s][info][gc,phases      ] GC(489)   Other: 0.1ms
[221.214s][info][gc,heap        ] GC(489) Eden regions: 284->0(242)
[221.214s][info][gc,heap        ] GC(489) Survivor regions: 77->46(46)
[221.214s][info][gc,heap        ] GC(489) Old regions: 358->474
[221.214s][info][gc,heap        ] GC(489) Humongous regions: 4->4
[221.214s][info][gc,metaspace   ] GC(489) Metaspace: 16572K(16896K)->16572K(16896K) NonClass: 14246K(14400K)->14246K(14400K) Class: 2325K(2496K)->2325K(2496K)
[221.214s][info][gc             ] GC(489) Pause Young (Prepare Mixed) (G1 Evacuation Pause) 718M->519M(1024M) 97.131ms
[221.214s][info][gc,cpu         ] GC(489) User=0.52s Sys=0.00s Real=0.11s
[221.351s][info][gc,start       ] GC(490) Pause Young (Mixed) (G1 Evacuation Pause)
[221.351s][info][gc,task        ] GC(490) Using 6 workers of 6 for evacuation
[221.429s][info][gc,phases      ] GC(490)   Pre Evacuate Collection Set: 0.5ms
[221.429s][info][gc,phases      ] GC(490)   Merge Heap Roots: 0.9ms
[221.429s][info][gc,phases      ] GC(490)   Evacuate Collection Set: 76.6ms
[221.429s][info][gc,phases      ] GC(490)   Post Evacuate Collection Set: 0.4ms
[221.429s][info][gc,phases      ] GC(490)   Other: 0.1ms
[221.429s][info][gc,heap        ] GC(490) Eden regions: 242->0(185)
[221.429s][info][gc,heap        ] GC(490) Survivor regions: 46->36(36)
[221.430s][info][gc,heap        ] GC(490) Old regions: 474->587
[221.430s][info][gc,heap        ] GC(490) Humongous regions: 4->4
[221.430s][info][gc,metaspace   ] GC(490) Metaspace: 16572K(16896K)->16572K(16896K) NonClass: 14246K(14400K)->14246K(14400K) Class: 2325K(2496K)->2325K(2496K)
[221.430s][info][gc             ] GC(490) Pause Young (Mixed) (G1 Evacuation Pause) 761M->623M(1024M) 78.774ms
[221.430s][info][gc,cpu         ] GC(490) User=0.30s Sys=0.00s Real=0.08s
[221.539s][info][gc,start       ] GC(491) Pause Young (Concurrent Start) (G1 Evacuation Pause)
[221.539s][info][gc,task        ] GC(491) Using 6 workers of 6 for evacuation
[221.595s][info][gc,phases      ] GC(491)   Pre Evacuate Collection Set: 0.3ms
[221.595s][info][gc,phases      ] GC(491)   Merge Heap Roots: 0.1ms
[221.595s][info][gc,phases      ] GC(491)   Evacuate Collection Set: 55.1ms
[221.595s][info][gc,phases      ] GC(491)   Post Evacuate Collection Set: 0.3ms
[221.595s][info][gc,phases      ] GC(491)   Other: 0.2ms
[221.595s][info][gc,heap        ] GC(491) Eden regions: 185->0(149)
[221.595s][info][gc,heap        ] GC(491) Survivor regions: 36->28(28)
[221.595s][info][gc,heap        ] GC(491) Old regions: 587->675
[221.595s][info][gc,heap        ] GC(491) Humongous regions: 4->4
[221.595s][info][gc,metaspace   ] GC(491) Metaspace: 16572K(16896K)->16572K(16896K) NonClass: 14246K(14400K)->14246K(14400K) Class: 2325K(2496K)->2325K(2496K)
[221.595s][info][gc             ] GC(491) Pause Young (Concurrent Start) (G1 Evacuation Pause) 808M->703M(1024M) 56.325ms
[221.596s][info][gc             ] GC(492) Concurrent Mark Cycle
[221.596s][info][gc,cpu         ] GC(491) User=0.39s Sys=0.00s Real=0.06s
[221.596s][info][gc,marking     ] GC(492) Concurrent Scan Root Regions
[221.623s][info][gc,marking     ] GC(492) Concurrent Scan Root Regions 26.992ms
[221.623s][info][gc,marking     ] GC(492) Concurrent Mark
[221.623s][info][gc,marking     ] GC(492) Concurrent Mark From Roots
[221.623s][info][gc,task        ] GC(492) Using 2 workers of 2 for marking
[221.694s][info][gc,start       ] GC(493) Pause Young (Normal) (G1 Evacuation Pause)
[221.694s][info][gc,task        ] GC(493) Using 6 workers of 6 for evacuation
[221.739s][info][gc,phases      ] GC(493)   Pre Evacuate Collection Set: 0.2ms
[221.741s][info][gc,phases      ] GC(493)   Merge Heap Roots: 0.1ms
[221.741s][info][gc,phases      ] GC(493)   Evacuate Collection Set: 43.9ms
[221.741s][info][gc,phases      ] GC(493)   Post Evacuate Collection Set: 0.4ms
[221.741s][info][gc,phases      ] GC(493)   Other: 0.1ms
[221.741s][info][gc,heap        ] GC(493) Eden regions: 149->0(119)
[221.741s][info][gc,heap        ] GC(493) Survivor regions: 28->23(23)
[221.741s][info][gc,heap        ] GC(493) Old regions: 675->745
[221.741s][info][gc,heap        ] GC(493) Humongous regions: 4->4
[221.741s][info][gc,metaspace   ] GC(493) Metaspace: 16572K(16896K)->16572K(16896K) NonClass: 14246K(14400K)->14246K(14400K) Class: 2325K(2496K)->2325K(2496K)
[221.741s][info][gc             ] GC(493) Pause Young (Normal) (G1 Evacuation Pause) 852M->768M(1024M) 46.963ms
[221.741s][info][gc,cpu         ] GC(493) User=0.11s Sys=0.00s Real=0.05s
[221.778s][info][gc,marking     ] GC(492) Concurrent Mark From Roots 154.903ms
[221.778s][info][gc,marking     ] GC(492) Concurrent Preclean
[221.778s][info][gc,marking     ] GC(492) Concurrent Preclean 0.038ms
[221.778s][info][gc,start       ] GC(492) Pause Remark
[221.779s][info][gc             ] GC(492) Pause Remark 821M->405M(1024M) 1.397ms
[221.779s][info][gc,cpu         ] GC(492) User=0.02s Sys=0.00s Real=0.02s
[221.779s][info][gc,marking     ] GC(492) Concurrent Mark 156.554ms
[221.779s][info][gc,marking     ] GC(492) Concurrent Rebuild Remembered Sets and Scrub Regions
[221.820s][info][gc,start       ] GC(494) Pause Young (Normal) (G1 Evacuation Pause)
[221.820s][info][gc,task        ] GC(494) Using 6 workers of 6 for evacuation
[221.856s][info][gc,phases      ] GC(494)   Pre Evacuate Collection Set: 0.2ms
[221.856s][info][gc,phases      ] GC(494)   Merge Heap Roots: 0.1ms
[221.856s][info][gc,phases      ] GC(494)   Evacuate Collection Set: 34.8ms
[221.856s][info][gc,phases      ] GC(494)   Post Evacuate Collection Set: 0.7ms
[221.856s][info][gc,phases      ] GC(494)   Other: 0.1ms
[221.856s][info][gc,heap        ] GC(494) Eden regions: 119->0(306)
[221.856s][info][gc,heap        ] GC(494) Survivor regions: 23->18(18)
[221.856s][info][gc,heap        ] GC(494) Old regions: 331->390
[221.856s][info][gc,heap        ] GC(494) Humongous regions: 2->2
[221.856s][info][gc,metaspace   ] GC(494) Metaspace: 16572K(16896K)->16572K(16896K) NonClass: 14246K(14400K)->14246K(14400K) Class: 2325K(2496K)->2325K(2496K)
[221.856s][info][gc             ] GC(494) Pause Young (Normal) (G1 Evacuation Pause) 471M->406M(1024M) 36.114ms
[221.856s][info][gc,cpu         ] GC(494) User=0.09s Sys=0.00s Real=0.03s
[221.936s][info][gc,marking     ] GC(492) Concurrent Rebuild Remembered Sets and Scrub Regions 156.981ms
[221.936s][info][gc,start       ] GC(492) Pause Cleanup
[221.937s][info][gc             ] GC(492) Pause Cleanup 509M->509M(1024M) 0.289ms
[221.937s][info][gc,cpu         ] GC(492) User=0.00s Sys=0.00s Real=0.00s
[221.937s][info][gc,marking     ] GC(492) Concurrent Clear Claimed Marks
[221.937s][info][gc,marking     ] GC(492) Concurrent Clear Claimed Marks 0.025ms
[221.937s][info][gc,marking     ] GC(492) Concurrent Cleanup for Next Mark
[221.938s][info][gc,marking     ] GC(492) Concurrent Cleanup for Next Mark 1.452ms
[221.938s][info][gc             ] GC(492) Concurrent Mark Cycle 342.668ms
[222.450s][info][gc,start       ] GC(495) Pause Young (Prepare Mixed) (G1 Evacuation Pause)
[222.450s][info][gc,task        ] GC(495) Using 6 workers of 6 for evacuation
[222.525s][info][gc,phases      ] GC(495)   Pre Evacuate Collection Set: 0.3ms
[222.525s][info][gc,phases      ] GC(495)   Merge Heap Roots: 2.1ms
[222.525s][info][gc,phases      ] GC(495)   Evacuate Collection Set: 71.7ms
[222.525s][info][gc,phases      ] GC(495)   Post Evacuate Collection Set: 0.9ms
[222.525s][info][gc,phases      ] GC(495)   Other: 0.1ms
[222.525s][info][gc,heap        ] GC(495) Eden regions: 306->0(270)
[222.525s][info][gc,heap        ] GC(495) Survivor regions: 18->41(41)
[222.525s][info][gc,heap        ] GC(495) Old regions: 390->443
[222.525s][info][gc,heap        ] GC(495) Humongous regions: 8->8
[222.525s][info][gc,metaspace   ] GC(495) Metaspace: 16572K(16896K)->16572K(16896K) NonClass: 14246K(14400K)->14246K(14400K) Class: 2325K(2496K)->2325K(2496K)
[222.525s][info][gc             ] GC(495) Pause Young (Prepare Mixed) (G1 Evacuation Pause) 718M->488M(1024M) 75.438ms
[222.525s][info][gc,cpu         ] GC(495) User=0.39s Sys=0.00s Real=0.08s
[223.009s][info][gc,start       ] GC(496) Pause Young (Mixed) (G1 Evacuation Pause)
[223.009s][info][gc,task        ] GC(496) Using 6 workers of 6 for evacuation
[223.040s][info][gc,phases      ] GC(496)   Pre Evacuate Collection Set: 0.2ms
[223.040s][info][gc,phases      ] GC(496)   Merge Heap Roots: 1.2ms
[223.040s][info][gc,phases      ] GC(496)   Evacuate Collection Set: 28.2ms
[223.040s][info][gc,phases      ] GC(496)   Post Evacuate Collection Set: 0.6ms
[223.040s][info][gc,phases      ] GC(496)   Other: 0.1ms
[223.040s][info][gc,heap        ] GC(496) Eden regions: 270->0(306)
[223.040s][info][gc,heap        ] GC(496) Survivor regions: 41->3(39)
[223.040s][info][gc,heap        ] GC(496) Old regions: 443->465
[223.040s][info][gc,heap        ] GC(496) Humongous regions: 8->8
[223.040s][info][gc,metaspace   ] GC(496) Metaspace: 16572K(16896K)->16572K(16896K) NonClass: 14246K(14400K)->14246K(14400K) Class: 2325K(2496K)->2325K(2496K)
[223.040s][info][gc             ] GC(496) Pause Young (Mixed) (G1 Evacuation Pause) 758M->472M(1024M) 30.478ms
[223.040s][info][gc,cpu         ] GC(496) User=0.09s Sys=0.00s Real=0.03s
[223.902s][info][gc,start       ] GC(497) Pause Full (System.gc())
[223.902s][info][gc,task        ] GC(497) Using 6 workers of 6 for full compaction
[223.902s][info][gc,phases,start] GC(497) Phase 1: Mark live objects
[223.905s][info][gc,phases      ] GC(497) Phase 1: Mark live objects 2.226ms
[223.905s][info][gc,phases,start] GC(497) Phase 2: Prepare compaction
[223.905s][info][gc,phases      ] GC(497) Phase 2: Prepare compaction 0.490ms
[223.905s][info][gc,phases,start] GC(497) Phase 3: Adjust pointers
[223.907s][info][gc,phases      ] GC(497) Phase 3: Adjust pointers 2.075ms
[223.907s][info][gc,phases,start] GC(497) Phase 4: Compact heap
[223.908s][info][gc,phases      ] GC(497) Phase 4: Compact heap 0.428ms
[223.908s][info][gc,phases,start] GC(497) Phase 5: Reset Metadata
[223.908s][info][gc,phases      ] GC(497) Phase 5: Reset Metadata 0.655ms
[223.912s][info][gc,heap        ] GC(497) Eden regions: 185->0(560)
[223.912s][info][gc,heap        ] GC(497) Survivor regions: 3->0(39)
[223.912s][info][gc,heap        ] GC(497) Old regions: 465->7
[223.912s][info][gc,heap        ] GC(497) Humongous regions: 8->2
[223.912s][info][gc,metaspace   ] GC(497) Metaspace: 16572K(16896K)->16572K(16896K) NonClass: 14246K(14400K)->14246K(14400K) Class: 2325K(2496K)->2325K(2496K)
[223.912s][info][gc             ] GC(497) Pause Full (System.gc()) 657M->5M(1024M) 10.567ms
[223.912s][info][gc,cpu         ] GC(497) User=0.00s Sys=0.00s Real=0.01s
[225.050s][info][gc,start       ] GC(498) Pause Young (Concurrent Start) (G1 Evacuation Pause)
[225.051s][info][gc,task        ] GC(498) Using 6 workers of 6 for evacuation
[225.052s][info][gc,phases      ] GC(498)   Pre Evacuate Collection Set: 0.2ms
[225.052s][info][gc,phases      ] GC(498)   Merge Heap Roots: 0.1ms
[225.052s][info][gc,phases      ] GC(498)   Evacuate Collection Set: 0.4ms
[225.052s][info][gc,phases      ] GC(498)   Post Evacuate Collection Set: 0.4ms
[225.052s][info][gc,phases      ] GC(498)   Other: 0.1ms
[225.052s][info][gc,heap        ] GC(498) Eden regions: 560->0(612)
[225.052s][info][gc,heap        ] GC(498) Survivor regions: 0->2(70)
[225.052s][info][gc,heap        ] GC(498) Old regions: 7->7
[225.052s][info][gc,heap        ] GC(498) Humongous regions: 2->2
[225.052s][info][gc,metaspace   ] GC(498) Metaspace: 16572K(16896K)->16572K(16896K) NonClass: 14246K(14400K)->14246K(14400K) Class: 2325K(2496K)->2325K(2496K)
[225.052s][info][gc             ] GC(498) Pause Young (Concurrent Start) (G1 Evacuation Pause) 565M->7M(1024M) 1.350ms
[225.052s][info][gc             ] GC(499) Concurrent Mark Cycle
[225.052s][info][gc,cpu         ] GC(498) User=0.00s Sys=0.00s Real=0.00s
[225.052s][info][gc,marking     ] GC(499) Concurrent Scan Root Regions
[225.052s][info][gc,marking     ] GC(499) Concurrent Scan Root Regions 0.164ms
[225.052s][info][gc,marking     ] GC(499) Concurrent Mark
[225.052s][info][gc,marking     ] GC(499) Concurrent Mark From Roots
[225.052s][info][gc,task        ] GC(499) Using 2 workers of 2 for marking
[225.055s][info][gc,marking     ] GC(499) Concurrent Mark From Roots 3.053ms
[225.055s][info][gc,marking     ] GC(499) Concurrent Preclean
[225.055s][info][gc,marking     ] GC(499) Concurrent Preclean 0.021ms
[225.055s][info][gc,start       ] GC(499) Pause Remark
[225.056s][info][gc             ] GC(499) Pause Remark 24M->24M(1024M) 1.050ms
[225.056s][info][gc,cpu         ] GC(499) User=0.00s Sys=0.00s Real=0.00s
[225.056s][info][gc,marking     ] GC(499) Concurrent Mark 4.373ms
[225.056s][info][gc,marking     ] GC(499) Concurrent Rebuild Remembered Sets and Scrub Regions
[225.057s][info][gc,marking     ] GC(499) Concurrent Rebuild Remembered Sets and Scrub Regions 1.026ms
[225.058s][info][gc,start       ] GC(499) Pause Cleanup
[225.058s][info][gc             ] GC(499) Pause Cleanup 29M->29M(1024M) 0.173ms
[225.058s][info][gc,cpu         ] GC(499) User=0.00s Sys=0.00s Real=0.00s
[225.058s][info][gc,marking     ] GC(499) Concurrent Clear Claimed Marks
[225.058s][info][gc,marking     ] GC(499) Concurrent Clear Claimed Marks 0.030ms
[225.058s][info][gc,marking     ] GC(499) Concurrent Cleanup for Next Mark
[225.060s][info][gc,marking     ] GC(499) Concurrent Cleanup for Next Mark 2.384ms
[225.060s][info][gc             ] GC(499) Concurrent Mark Cycle 8.597ms
[225.149s][info][gc,start       ] GC(500) Pause Young (Prepare Mixed) (G1 Evacuation Pause)
[225.150s][info][gc,task        ] GC(500) Using 6 workers of 6 for evacuation
[225.151s][info][gc,phases      ] GC(500)   Pre Evacuate Collection Set: 0.2ms
[225.151s][info][gc,phases      ] GC(500)   Merge Heap Roots: 0.1ms
[225.151s][info][gc,phases      ] GC(500)   Evacuate Collection Set: 0.3ms
[225.151s][info][gc,phases      ] GC(500)   Post Evacuate Collection Set: 0.4ms
[225.151s][info][gc,phases      ] GC(500)   Other: 0.1ms
[225.151s][info][gc,heap        ] GC(500) Eden regions: 612->0(613)
[225.151s][info][gc,heap        ] GC(500) Survivor regions: 2->1(77)
[225.151s][info][gc,heap        ] GC(500) Old regions: 7->7
[225.151s][info][gc,heap        ] GC(500) Humongous regions: 2->2
[225.151s][info][gc,metaspace   ] GC(500) Metaspace: 16572K(16896K)->16572K(16896K) NonClass: 14246K(14400K)->14246K(14400K) Class: 2325K(2496K)->2325K(2496K)
[225.151s][info][gc             ] GC(500) Pause Young (Prepare Mixed) (G1 Evacuation Pause) 619M->6M(1024M) 1.317ms
[225.151s][info][gc,cpu         ] GC(500) User=0.02s Sys=0.00s Real=0.01s
[225.245s][info][gc,start       ] GC(501) Pause Young (Mixed) (G1 Evacuation Pause)
[225.245s][info][gc,task        ] GC(501) Using 6 workers of 6 for evacuation
[225.246s][info][gc,phases      ] GC(501)   Pre Evacuate Collection Set: 0.2ms
[225.246s][info][gc,phases      ] GC(501)   Merge Heap Roots: 0.2ms
[225.246s][info][gc,phases      ] GC(501)   Evacuate Collection Set: 0.3ms
[225.246s][info][gc,phases      ] GC(501)   Post Evacuate Collection Set: 0.4ms
[225.246s][info][gc,phases      ] GC(501)   Other: 0.1ms
[225.246s][info][gc,heap        ] GC(501) Eden regions: 613->0(613)
[225.246s][info][gc,heap        ] GC(501) Survivor regions: 1->1(77)
[225.246s][info][gc,heap        ] GC(501) Old regions: 7->7
[225.246s][info][gc,heap        ] GC(501) Humongous regions: 2->2
[225.246s][info][gc,metaspace   ] GC(501) Metaspace: 16572K(16896K)->16572K(16896K) NonClass: 14246K(14400K)->14246K(14400K) Class: 2325K(2496K)->2325K(2496K)
[225.246s][info][gc             ] GC(501) Pause Young (Mixed) (G1 Evacuation Pause) 619M->6M(1024M) 1.331ms
[225.246s][info][gc,cpu         ] GC(501) User=0.00s Sys=0.00s Real=0.02s
[225.343s][info][gc,start       ] GC(502) Pause Young (Concurrent Start) (G1 Evacuation Pause)
[225.343s][info][gc,task        ] GC(502) Using 6 workers of 6 for evacuation
[225.344s][info][gc,phases      ] GC(502)   Pre Evacuate Collection Set: 0.2ms
[225.344s][info][gc,phases      ] GC(502)   Merge Heap Roots: 0.1ms
[225.344s][info][gc,phases      ] GC(502)   Evacuate Collection Set: 0.4ms
[225.344s][info][gc,phases      ] GC(502)   Post Evacuate Collection Set: 0.4ms
[225.344s][info][gc,phases      ] GC(502)   Other: 0.1ms
[225.344s][info][gc,heap        ] GC(502) Eden regions: 613->0(613)
[225.344s][info][gc,heap        ] GC(502) Survivor regions: 1->1(77)
[225.344s][info][gc,heap        ] GC(502) Old regions: 7->7
[225.344s][info][gc,heap        ] GC(502) Humongous regions: 2->2
[225.344s][info][gc,metaspace   ] GC(502) Metaspace: 16572K(16896K)->16572K(16896K) NonClass: 14246K(14400K)->14246K(14400K) Class: 2325K(2496K)->2325K(2496K)
[225.344s][info][gc             ] GC(502) Pause Young (Concurrent Start) (G1 Evacuation Pause) 619M->6M(1024M) 1.365ms
[225.344s][info][gc             ] GC(503) Concurrent Mark Cycle
[225.344s][info][gc,cpu         ] GC(502) User=0.00s Sys=0.00s Real=0.00s
[225.344s][info][gc,marking     ] GC(503) Concurrent Scan Root Regions
[225.344s][info][gc,marking     ] GC(503) Concurrent Scan Root Regions 0.307ms
[225.344s][info][gc,marking     ] GC(503) Concurrent Mark
[225.344s][info][gc,marking     ] GC(503) Concurrent Mark From Roots
[225.344s][info][gc,task        ] GC(503) Using 2 workers of 2 for marking
[225.347s][info][gc,marking     ] GC(503) Concurrent Mark From Roots 3.102ms
[225.347s][info][gc,marking     ] GC(503) Concurrent Preclean
[225.348s][info][gc,marking     ] GC(503) Concurrent Preclean 0.019ms
[225.348s][info][gc,start       ] GC(503) Pause Remark
[225.349s][info][gc             ] GC(503) Pause Remark 23M->23M(1024M) 1.167ms
[225.349s][info][gc,cpu         ] GC(503) User=0.00s Sys=0.00s Real=0.00s
[225.349s][info][gc,marking     ] GC(503) Concurrent Mark 4.537ms
[225.349s][info][gc,marking     ] GC(503) Concurrent Rebuild Remembered Sets and Scrub Regions
[225.350s][info][gc,marking     ] GC(503) Concurrent Rebuild Remembered Sets and Scrub Regions 0.979ms
[225.350s][info][gc,start       ] GC(503) Pause Cleanup
[225.350s][info][gc             ] GC(503) Pause Cleanup 27M->27M(1024M) 0.110ms
[225.350s][info][gc,cpu         ] GC(503) User=0.00s Sys=0.00s Real=0.00s
[225.350s][info][gc,marking     ] GC(503) Concurrent Clear Claimed Marks
[225.350s][info][gc,marking     ] GC(503) Concurrent Clear Claimed Marks 0.025ms
[225.350s][info][gc,marking     ] GC(503) Concurrent Cleanup for Next Mark
[225.353s][info][gc,marking     ] GC(503) Concurrent Cleanup for Next Mark 2.349ms
[225.353s][info][gc             ] GC(503) Concurrent Mark Cycle 8.648ms
[225.501s][info][gc,start       ] GC(504) Pause Young (Prepare Mixed) (G1 Evacuation Pause)
[225.501s][info][gc,task        ] GC(504) Using 6 workers of 6 for evacuation
[225.541s][info][gc,phases      ] GC(504)   Pre Evacuate Collection Set: 0.2ms
[225.541s][info][gc,phases      ] GC(504)   Merge Heap Roots: 0.1ms
[225.541s][info][gc,phases      ] GC(504)   Evacuate Collection Set: 39.5ms
[225.541s][info][gc,phases      ] GC(504)   Post Evacuate Collection Set: 0.6ms
[225.541s][info][gc,phases      ] GC(504)   Other: 0.1ms
[225.541s][info][gc,heap        ] GC(504) Eden regions: 613->0(537)
[225.541s][info][gc,heap        ] GC(504) Survivor regions: 1->77(77)
[225.541s][info][gc,heap        ] GC(504) Old regions: 7->18
[225.541s][info][gc,heap        ] GC(504) Humongous regions: 3->3
[225.541s][info][gc,metaspace   ] GC(504) Metaspace: 16572K(16896K)->16572K(16896K) NonClass: 14246K(14400K)->14246K(14400K) Class: 2325K(2496K)->2325K(2496K)
[225.541s][info][gc             ] GC(504) Pause Young (Prepare Mixed) (G1 Evacuation Pause) 620M->95M(1024M) 40.624ms
[225.541s][info][gc,cpu         ] GC(504) User=0.05s Sys=0.00s Real=0.05s
[226.101s][info][gc,start       ] GC(505) Pause Young (Mixed) (G1 Evacuation Pause)
[226.101s][info][gc,task        ] GC(505) Using 6 workers of 6 for evacuation
[226.285s][info][gc,phases      ] GC(505)   Pre Evacuate Collection Set: 0.2ms
[226.285s][info][gc,phases      ] GC(505)   Merge Heap Roots: 0.1ms
[226.285s][info][gc,phases      ] GC(505)   Evacuate Collection Set: 175.2ms
[226.285s][info][gc,phases      ] GC(505)   Post Evacuate Collection Set: 7.7ms
[226.285s][info][gc,phases      ] GC(505)   Other: 0.1ms
[226.285s][info][gc,heap        ] GC(505) Eden regions: 537->0(0)
[226.285s][info][gc,heap        ] GC(505) Survivor regions: 77->77(77)
[226.285s][info][gc,heap        ] GC(505) Old regions: 18->914
[226.285s][info][gc,heap        ] GC(505) Humongous regions: 4->4
[226.285s][info][gc,metaspace   ] GC(505) Metaspace: 16572K(16896K)->16572K(16896K) NonClass: 14246K(14400K)->14246K(14400K) Class: 2325K(2496K)->2325K(2496K)
[226.285s][info][gc             ] GC(505) Pause Young (Mixed) (G1 Evacuation Pause) (Evacuation Failure) 633M->992M(1024M) 183.419ms
[226.285s][info][gc,cpu         ] GC(505) User=0.98s Sys=0.00s Real=0.17s
[226.285s][info][gc,ergo        ] Attempting full compaction
[226.285s][info][gc,start       ] GC(506) Pause Full (G1 Compaction Pause)
[226.285s][info][gc,task        ] GC(506) Using 6 workers of 6 for full compaction
[226.285s][info][gc,phases,start] GC(506) Phase 1: Mark live objects
[226.399s][info][gc,phases      ] GC(506) Phase 1: Mark live objects 114.484ms
[226.399s][info][gc,phases,start] GC(506) Phase 2: Prepare compaction
[226.406s][info][gc,phases      ] GC(506) Phase 2: Prepare compaction 6.088ms
[226.406s][info][gc,phases,start] GC(506) Phase 3: Adjust pointers
[226.431s][info][gc,phases      ] GC(506) Phase 3: Adjust pointers 25.446ms
[226.431s][info][gc,phases,start] GC(506) Phase 4: Compact heap
[226.436s][info][gc,phases      ] GC(506) Phase 4: Compact heap 5.321ms
[226.436s][info][gc,phases,start] GC(506) Phase 5: Reset Metadata
[226.450s][info][gc,phases      ] GC(506) Phase 5: Reset Metadata 13.336ms
[226.456s][info][gc,heap        ] GC(506) Eden regions: 0->0(317)
[226.456s][info][gc,heap        ] GC(506) Survivor regions: 77->0(77)
[226.456s][info][gc,heap        ] GC(506) Old regions: 914->415
[226.456s][info][gc,heap        ] GC(506) Humongous regions: 4->4
[226.456s][info][gc,metaspace   ] GC(506) Metaspace: 16572K(16896K)->16572K(16896K) NonClass: 14246K(14400K)->14246K(14400K) Class: 2325K(2496K)->2325K(2496K)
[226.456s][info][gc             ] GC(506) Pause Full (G1 Compaction Pause) 992M->415M(1024M) 171.085ms
[226.456s][info][gc,cpu         ] GC(506) User=0.81s Sys=0.00s Real=0.18s
[229.082s][info][gc,start       ] GC(507) Pause Young (Concurrent Start) (G1 Evacuation Pause)
[229.082s][info][gc,task        ] GC(507) Using 6 workers of 6 for evacuation
[229.158s][info][gc,phases      ] GC(507)   Pre Evacuate Collection Set: 0.3ms
[229.158s][info][gc,phases      ] GC(507)   Merge Heap Roots: 1.2ms
[229.158s][info][gc,phases      ] GC(507)   Evacuate Collection Set: 74.4ms
[229.158s][info][gc,phases      ] GC(507)   Post Evacuate Collection Set: 0.7ms
[229.158s][info][gc,phases      ] GC(507)   Other: 0.2ms
[229.158s][info][gc,heap        ] GC(507) Eden regions: 317->0(244)
[229.158s][info][gc,heap        ] GC(507) Survivor regions: 0->40(40)
[229.158s][info][gc,heap        ] GC(507) Old regions: 415->492
[229.158s][info][gc,heap        ] GC(507) Humongous regions: 4->4
[229.158s][info][gc,metaspace   ] GC(507) Metaspace: 16572K(16896K)->16572K(16896K) NonClass: 14246K(14400K)->14246K(14400K) Class: 2325K(2496K)->2325K(2496K)
[229.158s][info][gc             ] GC(507) Pause Young (Concurrent Start) (G1 Evacuation Pause) 732M->532M(1024M) 76.968ms
[229.159s][info][gc             ] GC(508) Concurrent Mark Cycle
[229.159s][info][gc,cpu         ] GC(507) User=0.41s Sys=0.00s Real=0.08s
[229.159s][info][gc,marking     ] GC(508) Concurrent Scan Root Regions
[229.182s][info][gc,marking     ] GC(508) Concurrent Scan Root Regions 23.109ms
[229.182s][info][gc,marking     ] GC(508) Concurrent Mark
[229.182s][info][gc,marking     ] GC(508) Concurrent Mark From Roots
[229.182s][info][gc,task        ] GC(508) Using 2 workers of 2 for marking
[229.237s][info][gc,marking     ] GC(508) Concurrent Mark From Roots 55.548ms
[229.237s][info][gc,marking     ] GC(508) Concurrent Preclean
[229.237s][info][gc,marking     ] GC(508) Concurrent Preclean 0.055ms
[229.237s][info][gc,start       ] GC(508) Pause Remark
[229.239s][info][gc             ] GC(508) Pause Remark 664M->533M(1024M) 1.199ms
[229.239s][info][gc,cpu         ] GC(508) User=0.00s Sys=0.00s Real=0.00s
[229.239s][info][gc,marking     ] GC(508) Concurrent Mark 57.025ms
[229.239s][info][gc,marking     ] GC(508) Concurrent Rebuild Remembered Sets and Scrub Regions
[229.307s][info][gc,start       ] GC(509) Pause Young (Normal) (G1 Evacuation Pause)
[229.307s][info][gc,task        ] GC(509) Using 6 workers of 6 for evacuation
[229.381s][info][gc,phases      ] GC(509)   Pre Evacuate Collection Set: 0.2ms
[229.381s][info][gc,phases      ] GC(509)   Merge Heap Roots: 0.8ms
[229.381s][info][gc,phases      ] GC(509)   Evacuate Collection Set: 72.1ms
[229.381s][info][gc,phases      ] GC(509)   Post Evacuate Collection Set: 0.4ms
[229.381s][info][gc,phases      ] GC(509)   Other: 0.1ms
[229.381s][info][gc,heap        ] GC(509) Eden regions: 244->0(255)
[229.381s][info][gc,heap        ] GC(509) Survivor regions: 40->36(36)
[229.381s][info][gc,heap        ] GC(509) Old regions: 362->469
[229.381s][info][gc,heap        ] GC(509) Humongous regions: 3->3
[229.381s][info][gc,metaspace   ] GC(509) Metaspace: 16572K(16896K)->16572K(16896K) NonClass: 14246K(14400K)->14246K(14400K) Class: 2325K(2496K)->2325K(2496K)
[229.381s][info][gc             ] GC(509) Pause Young (Normal) (G1 Evacuation Pause) 645M->504M(1024M) 73.760ms
[229.381s][info][gc,cpu         ] GC(509) User=0.53s Sys=0.00s Real=0.08s
[229.392s][info][gc,marking     ] GC(508) Concurrent Rebuild Remembered Sets and Scrub Regions 153.569ms
[229.392s][info][gc,start       ] GC(508) Pause Cleanup
[229.393s][info][gc             ] GC(508) Pause Cleanup 521M->521M(1024M) 0.450ms
[229.393s][info][gc,cpu         ] GC(508) User=0.00s Sys=0.00s Real=0.00s
[229.393s][info][gc,marking     ] GC(508) Concurrent Clear Claimed Marks
[229.393s][info][gc,marking     ] GC(508) Concurrent Clear Claimed Marks 0.027ms
[229.393s][info][gc,marking     ] GC(508) Concurrent Cleanup for Next Mark
[229.394s][info][gc,marking     ] GC(508) Concurrent Cleanup for Next Mark 1.362ms
[229.394s][info][gc             ] GC(508) Concurrent Mark Cycle 235.946ms
[229.537s][info][gc,start       ] GC(510) Pause Young (Prepare Mixed) (G1 Evacuation Pause)
[229.537s][info][gc,task        ] GC(510) Using 6 workers of 6 for evacuation
[229.606s][info][gc,phases      ] GC(510)   Pre Evacuate Collection Set: 0.3ms
[229.606s][info][gc,phases      ] GC(510)   Merge Heap Roots: 0.2ms
[229.606s][info][gc,phases      ] GC(510)   Evacuate Collection Set: 67.9ms
[229.606s][info][gc,phases      ] GC(510)   Post Evacuate Collection Set: 0.4ms
[229.606s][info][gc,phases      ] GC(510)   Other: 0.1ms
[229.606s][info][gc,heap        ] GC(510) Eden regions: 255->0(198)
[229.606s][info][gc,heap        ] GC(510) Survivor regions: 36->37(37)
[229.606s][info][gc,heap        ] GC(510) Old regions: 469->577
[229.606s][info][gc,heap        ] GC(510) Humongous regions: 3->3
[229.606s][info][gc,metaspace   ] GC(510) Metaspace: 16572K(16896K)->16572K(16896K) NonClass: 14246K(14400K)->14246K(14400K) Class: 2325K(2496K)->2325K(2496K)
[229.606s][info][gc             ] GC(510) Pause Young (Prepare Mixed) (G1 Evacuation Pause) 759M->613M(1024M) 69.124ms
[229.606s][info][gc,cpu         ] GC(510) User=0.38s Sys=0.00s Real=0.06s
[229.729s][info][gc,start       ] GC(511) Pause Young (Mixed) (G1 Evacuation Pause)
[229.729s][info][gc,task        ] GC(511) Using 6 workers of 6 for evacuation
[229.788s][info][gc,phases      ] GC(511)   Pre Evacuate Collection Set: 0.2ms
[229.788s][info][gc,phases      ] GC(511)   Merge Heap Roots: 0.2ms
[229.789s][info][gc,phases      ] GC(511)   Evacuate Collection Set: 58.2ms
[229.789s][info][gc,phases      ] GC(511)   Post Evacuate Collection Set: 0.4ms
[229.789s][info][gc,phases      ] GC(511)   Other: 0.1ms
[229.789s][info][gc,heap        ] GC(511) Eden regions: 198->0(207)
[229.789s][info][gc,heap        ] GC(511) Survivor regions: 37->30(30)
[229.789s][info][gc,heap        ] GC(511) Old regions: 577->568
[229.789s][info][gc,heap        ] GC(511) Humongous regions: 3->3
[229.789s][info][gc,metaspace   ] GC(511) Metaspace: 16572K(16896K)->16572K(16896K) NonClass: 14246K(14400K)->14246K(14400K) Class: 2325K(2496K)->2325K(2496K)
[229.789s][info][gc             ] GC(511) Pause Young (Mixed) (G1 Evacuation Pause) 811M->600M(1024M) 59.339ms
[229.789s][info][gc,cpu         ] GC(511) User=0.31s Sys=0.00s Real=0.06s
[230.304s][info][gc,start       ] GC(512) Pause Young (Mixed) (G1 Evacuation Pause)
[230.304s][info][gc,task        ] GC(512) Using 6 workers of 6 for evacuation
[230.378s][info][gc,phases      ] GC(512)   Pre Evacuate Collection Set: 0.5ms
[230.378s][info][gc,phases      ] GC(512)   Merge Heap Roots: 2.6ms
[230.378s][info][gc,phases      ] GC(512)   Evacuate Collection Set: 69.8ms
[230.378s][info][gc,phases      ] GC(512)   Post Evacuate Collection Set: 1.0ms
[230.378s][info][gc,phases      ] GC(512)   Other: 0.1ms
[230.378s][info][gc,heap        ] GC(512) Eden regions: 207->0(227)
[230.378s][info][gc,heap        ] GC(512) Survivor regions: 30->30(30)
[230.378s][info][gc,heap        ] GC(512) Old regions: 568->533
[230.378s][info][gc,heap        ] GC(512) Humongous regions: 9->9
[230.378s][info][gc,metaspace   ] GC(512) Metaspace: 16572K(16896K)->16572K(16896K) NonClass: 14246K(14400K)->14246K(14400K) Class: 2325K(2496K)->2325K(2496K)
[230.378s][info][gc             ] GC(512) Pause Young (Mixed) (G1 Evacuation Pause) 813M->571M(1024M) 74.223ms
[230.378s][info][gc,cpu         ] GC(512) User=0.39s Sys=0.00s Real=0.08s
[230.789s][info][gc,start       ] GC(513) Pause Young (Concurrent Start) (G1 Evacuation Pause)
[230.789s][info][gc,task        ] GC(513) Using 6 workers of 6 for evacuation
[230.819s][info][gc,phases      ] GC(513)   Pre Evacuate Collection Set: 0.3ms
[230.819s][info][gc,phases      ] GC(513)   Merge Heap Roots: 1.1ms
[230.819s][info][gc,phases      ] GC(513)   Evacuate Collection Set: 27.8ms
[230.819s][info][gc,phases      ] GC(513)   Post Evacuate Collection Set: 0.6ms
[230.819s][info][gc,phases      ] GC(513)   Other: 0.2ms
[230.819s][info][gc,heap        ] GC(513) Eden regions: 227->0(254)
[230.819s][info][gc,heap        ] GC(513) Survivor regions: 30->3(33)
[230.819s][info][gc,heap        ] GC(513) Old regions: 533->554
[230.819s][info][gc,heap        ] GC(513) Humongous regions: 9->9
[230.819s][info][gc,metaspace   ] GC(513) Metaspace: 16572K(16896K)->16572K(16896K) NonClass: 14246K(14400K)->14246K(14400K) Class: 2325K(2496K)->2325K(2496K)
[230.819s][info][gc             ] GC(513) Pause Young (Concurrent Start) (G1 Evacuation Pause) 798M->565M(1024M) 30.296ms
[230.819s][info][gc,cpu         ] GC(513) User=0.09s Sys=0.00s Real=0.03s
[230.819s][info][gc             ] GC(514) Concurrent Mark Cycle
[230.819s][info][gc,marking     ] GC(514) Concurrent Scan Root Regions
[230.832s][info][gc,marking     ] GC(514) Concurrent Scan Root Regions 12.936ms
[230.832s][info][gc,marking     ] GC(514) Concurrent Mark
[230.832s][info][gc,marking     ] GC(514) Concurrent Mark From Roots
[230.832s][info][gc,task        ] GC(514) Using 2 workers of 2 for marking
[231.085s][info][gc,marking     ] GC(514) Concurrent Mark From Roots 252.970ms
[231.085s][info][gc,marking     ] GC(514) Concurrent Preclean
[231.085s][info][gc,marking     ] GC(514) Concurrent Preclean 0.054ms
[231.085s][info][gc,start       ] GC(514) Pause Remark
[231.087s][info][gc             ] GC(514) Pause Remark 705M->610M(1024M) 1.236ms
[231.087s][info][gc,cpu         ] GC(514) User=0.00s Sys=0.00s Real=0.00s
[231.087s][info][gc,marking     ] GC(514) Concurrent Mark 254.534ms
[231.087s][info][gc,marking     ] GC(514) Concurrent Rebuild Remembered Sets and Scrub Regions
[231.166s][info][gc,marking     ] GC(514) Concurrent Rebuild Remembered Sets and Scrub Regions 79.238ms
[231.166s][info][gc,start       ] GC(514) Pause Cleanup
[231.167s][info][gc             ] GC(514) Pause Cleanup 651M->651M(1024M) 0.482ms
[231.167s][info][gc,cpu         ] GC(514) User=0.00s Sys=0.00s Real=0.00s
[231.167s][info][gc,marking     ] GC(514) Concurrent Clear Claimed Marks
[231.167s][info][gc,marking     ] GC(514) Concurrent Clear Claimed Marks 0.028ms
[231.167s][info][gc,marking     ] GC(514) Concurrent Cleanup for Next Mark
[231.168s][info][gc,marking     ] GC(514) Concurrent Cleanup for Next Mark 1.475ms
[231.168s][info][gc             ] GC(514) Concurrent Mark Cycle 349.088ms
[231.798s][info][gc,start       ] GC(515) Pause Young (Prepare Mixed) (G1 Evacuation Pause)
[231.798s][info][gc,task        ] GC(515) Using 6 workers of 6 for evacuation
[231.803s][info][gc,phases      ] GC(515)   Pre Evacuate Collection Set: 0.4ms
[231.803s][info][gc,phases      ] GC(515)   Merge Heap Roots: 0.3ms
[231.803s][info][gc,phases      ] GC(515)   Evacuate Collection Set: 3.8ms
[231.803s][info][gc,phases      ] GC(515)   Post Evacuate Collection Set: 0.4ms
[231.803s][info][gc,phases      ] GC(515)   Other: 0.1ms
[231.803s][info][gc,heap        ] GC(515) Eden regions: 254->0(346)
[231.803s][info][gc,heap        ] GC(515) Survivor regions: 3->3(33)
[231.803s][info][gc,heap        ] GC(515) Old regions: 463->463
[231.803s][info][gc,heap        ] GC(515) Humongous regions: 5->5
[231.803s][info][gc,metaspace   ] GC(515) Metaspace: 16572K(16896K)->16572K(16896K) NonClass: 14246K(14400K)->14246K(14400K) Class: 2325K(2496K)->2325K(2496K)
[231.803s][info][gc             ] GC(515) Pause Young (Prepare Mixed) (G1 Evacuation Pause) 724M->470M(1024M) 5.143ms
[231.804s][info][gc,cpu         ] GC(515) User=0.00s Sys=0.00s Real=0.00s
[231.837s][info][gc,start       ] GC(516) Pause Full (System.gc())
[231.837s][info][gc,task        ] GC(516) Using 6 workers of 6 for full compaction
[231.837s][info][gc,phases,start] GC(516) Phase 1: Mark live objects
[231.840s][info][gc,phases      ] GC(516) Phase 1: Mark live objects 2.606ms
[231.840s][info][gc,phases,start] GC(516) Phase 2: Prepare compaction
[231.840s][info][gc,phases      ] GC(516) Phase 2: Prepare compaction 0.523ms
[231.841s][info][gc,phases,start] GC(516) Phase 3: Adjust pointers
[231.843s][info][gc,phases      ] GC(516) Phase 3: Adjust pointers 2.058ms
[231.843s][info][gc,phases,start] GC(516) Phase 4: Compact heap
[231.843s][info][gc,phases      ] GC(516) Phase 4: Compact heap 0.469ms
[231.843s][info][gc,phases,start] GC(516) Phase 5: Reset Metadata
[231.844s][info][gc,phases      ] GC(516) Phase 5: Reset Metadata 0.530ms
[231.848s][info][gc,heap        ] GC(516) Eden regions: 6->0(614)
[231.848s][info][gc,heap        ] GC(516) Survivor regions: 3->0(33)
[231.848s][info][gc,heap        ] GC(516) Old regions: 463->9
[231.848s][info][gc,heap        ] GC(516) Humongous regions: 5->2
[231.848s][info][gc,metaspace   ] GC(516) Metaspace: 16572K(16896K)->16572K(16896K) NonClass: 14246K(14400K)->14246K(14400K) Class: 2325K(2496K)->2325K(2496K)
[231.848s][info][gc             ] GC(516) Pause Full (System.gc()) 476M->5M(1024M) 10.574ms
[231.848s][info][gc,cpu         ] GC(516) User=0.00s Sys=0.00s Real=0.00s
[232.979s][info][gc,start       ] GC(517) Pause Young (Concurrent Start) (G1 Evacuation Pause)
[232.980s][info][gc,task        ] GC(517) Using 6 workers of 6 for evacuation
[232.981s][info][gc,phases      ] GC(517)   Pre Evacuate Collection Set: 0.2ms
[232.981s][info][gc,phases      ] GC(517)   Merge Heap Roots: 0.1ms
[232.981s][info][gc,phases      ] GC(517)   Evacuate Collection Set: 0.4ms
[232.981s][info][gc,phases      ] GC(517)   Post Evacuate Collection Set: 0.4ms
[232.981s][info][gc,phases      ] GC(517)   Other: 0.1ms
[232.981s][info][gc,heap        ] GC(517) Eden regions: 614->0(613)
[232.981s][info][gc,heap        ] GC(517) Survivor regions: 0->1(77)
[232.981s][info][gc,heap        ] GC(517) Old regions: 9->9
[232.981s][info][gc,heap        ] GC(517) Humongous regions: 2->2
[232.981s][info][gc,metaspace   ] GC(517) Metaspace: 16573K(16896K)->16573K(16896K) NonClass: 14247K(14400K)->14247K(14400K) Class: 2325K(2496K)->2325K(2496K)
[232.981s][info][gc             ] GC(517) Pause Young (Concurrent Start) (G1 Evacuation Pause) 619M->6M(1024M) 1.397ms
[232.981s][info][gc,cpu         ] GC(517) User=0.00s Sys=0.00s Real=0.00s
[232.981s][info][gc             ] GC(518) Concurrent Mark Cycle
[232.981s][info][gc,marking     ] GC(518) Concurrent Scan Root Regions
[232.981s][info][gc,marking     ] GC(518) Concurrent Scan Root Regions 0.265ms
[232.981s][info][gc,marking     ] GC(518) Concurrent Mark
[232.981s][info][gc,marking     ] GC(518) Concurrent Mark From Roots
[232.981s][info][gc,task        ] GC(518) Using 2 workers of 2 for marking
[232.984s][info][gc,marking     ] GC(518) Concurrent Mark From Roots 3.124ms
[232.984s][info][gc,marking     ] GC(518) Concurrent Preclean
[232.984s][info][gc,marking     ] GC(518) Concurrent Preclean 0.019ms
[232.985s][info][gc,start       ] GC(518) Pause Remark
[232.986s][info][gc             ] GC(518) Pause Remark 24M->24M(1024M) 1.136ms
[232.986s][info][gc,cpu         ] GC(518) User=0.00s Sys=0.00s Real=0.00s
[232.986s][info][gc,marking     ] GC(518) Concurrent Mark 4.529ms
[232.986s][info][gc,marking     ] GC(518) Concurrent Rebuild Remembered Sets and Scrub Regions
[232.987s][info][gc,marking     ] GC(518) Concurrent Rebuild Remembered Sets and Scrub Regions 0.996ms
[232.987s][info][gc,start       ] GC(518) Pause Cleanup
[232.987s][info][gc             ] GC(518) Pause Cleanup 29M->29M(1024M) 0.127ms
[232.987s][info][gc,cpu         ] GC(518) User=0.00s Sys=0.00s Real=0.00s
[232.987s][info][gc,marking     ] GC(518) Concurrent Clear Claimed Marks
[232.987s][info][gc,marking     ] GC(518) Concurrent Clear Claimed Marks 0.055ms
[232.987s][info][gc,marking     ] GC(518) Concurrent Cleanup for Next Mark
[232.990s][info][gc,marking     ] GC(518) Concurrent Cleanup for Next Mark 2.476ms
[232.990s][info][gc             ] GC(518) Concurrent Mark Cycle 8.842ms
[233.080s][info][gc,start       ] GC(519) Pause Young (Prepare Mixed) (G1 Evacuation Pause)
[233.080s][info][gc,task        ] GC(519) Using 6 workers of 6 for evacuation
[233.081s][info][gc,phases      ] GC(519)   Pre Evacuate Collection Set: 0.2ms
[233.081s][info][gc,phases      ] GC(519)   Merge Heap Roots: 0.1ms
[233.081s][info][gc,phases      ] GC(519)   Evacuate Collection Set: 0.4ms
[233.081s][info][gc,phases      ] GC(519)   Post Evacuate Collection Set: 0.4ms
[233.081s][info][gc,phases      ] GC(519)   Other: 0.1ms
[233.081s][info][gc,heap        ] GC(519) Eden regions: 613->0(613)
[233.081s][info][gc,heap        ] GC(519) Survivor regions: 1->1(77)
[233.081s][info][gc,heap        ] GC(519) Old regions: 9->9
[233.081s][info][gc,heap        ] GC(519) Humongous regions: 2->2
[233.081s][info][gc,metaspace   ] GC(519) Metaspace: 16573K(16896K)->16573K(16896K) NonClass: 14247K(14400K)->14247K(14400K) Class: 2325K(2496K)->2325K(2496K)
[233.081s][info][gc             ] GC(519) Pause Young (Prepare Mixed) (G1 Evacuation Pause) 619M->6M(1024M) 1.391ms
[233.081s][info][gc,cpu         ] GC(519) User=0.00s Sys=0.00s Real=0.00s
[233.176s][info][gc,start       ] GC(520) Pause Young (Mixed) (G1 Evacuation Pause)
[233.176s][info][gc,task        ] GC(520) Using 6 workers of 6 for evacuation
[233.177s][info][gc,phases      ] GC(520)   Pre Evacuate Collection Set: 0.2ms
[233.177s][info][gc,phases      ] GC(520)   Merge Heap Roots: 0.1ms
[233.177s][info][gc,phases      ] GC(520)   Evacuate Collection Set: 0.4ms
[233.177s][info][gc,phases      ] GC(520)   Post Evacuate Collection Set: 0.5ms
[233.177s][info][gc,phases      ] GC(520)   Other: 0.1ms
[233.177s][info][gc,heap        ] GC(520) Eden regions: 613->0(613)
[233.177s][info][gc,heap        ] GC(520) Survivor regions: 1->1(77)
[233.177s][info][gc,heap        ] GC(520) Old regions: 9->8
[233.177s][info][gc,heap        ] GC(520) Humongous regions: 2->2
[233.177s][info][gc,metaspace   ] GC(520) Metaspace: 16573K(16896K)->16573K(16896K) NonClass: 14247K(14400K)->14247K(14400K) Class: 2325K(2496K)->2325K(2496K)
[233.177s][info][gc             ] GC(520) Pause Young (Mixed) (G1 Evacuation Pause) 619M->6M(1024M) 1.577ms
[233.177s][info][gc,cpu         ] GC(520) User=0.02s Sys=0.00s Real=0.01s
[233.273s][info][gc,start       ] GC(521) Pause Young (Concurrent Start) (G1 Evacuation Pause)
[233.273s][info][gc,task        ] GC(521) Using 6 workers of 6 for evacuation
[233.274s][info][gc,phases      ] GC(521)   Pre Evacuate Collection Set: 0.2ms
[233.274s][info][gc,phases      ] GC(521)   Merge Heap Roots: 0.1ms
[233.274s][info][gc,phases      ] GC(521)   Evacuate Collection Set: 0.3ms
[233.274s][info][gc,phases      ] GC(521)   Post Evacuate Collection Set: 0.3ms
[233.274s][info][gc,phases      ] GC(521)   Other: 0.1ms
[233.274s][info][gc,heap        ] GC(521) Eden regions: 613->0(613)
[233.274s][info][gc,heap        ] GC(521) Survivor regions: 1->1(77)
[233.274s][info][gc,heap        ] GC(521) Old regions: 8->8
[233.274s][info][gc,heap        ] GC(521) Humongous regions: 2->2
[233.274s][info][gc,metaspace   ] GC(521) Metaspace: 16573K(16896K)->16573K(16896K) NonClass: 14247K(14400K)->14247K(14400K) Class: 2325K(2496K)->2325K(2496K)
[233.274s][info][gc             ] GC(521) Pause Young (Concurrent Start) (G1 Evacuation Pause) 619M->6M(1024M) 1.220ms
[233.274s][info][gc,cpu         ] GC(521) User=0.00s Sys=0.00s Real=0.00s
[233.274s][info][gc             ] GC(522) Concurrent Mark Cycle
[233.274s][info][gc,marking     ] GC(522) Concurrent Scan Root Regions
[233.275s][info][gc,marking     ] GC(522) Concurrent Scan Root Regions 0.295ms
[233.275s][info][gc,marking     ] GC(522) Concurrent Mark
[233.275s][info][gc,marking     ] GC(522) Concurrent Mark From Roots
[233.275s][info][gc,task        ] GC(522) Using 2 workers of 2 for marking
[233.278s][info][gc,marking     ] GC(522) Concurrent Mark From Roots 3.190ms
[233.278s][info][gc,marking     ] GC(522) Concurrent Preclean
[233.278s][info][gc,marking     ] GC(522) Concurrent Preclean 0.030ms
[233.278s][info][gc,start       ] GC(522) Pause Remark
[233.279s][info][gc             ] GC(522) Pause Remark 24M->24M(1024M) 1.059ms
[233.279s][info][gc,cpu         ] GC(522) User=0.00s Sys=0.00s Real=0.00s
[233.279s][info][gc,marking     ] GC(522) Concurrent Mark 4.538ms
[233.279s][info][gc,marking     ] GC(522) Concurrent Rebuild Remembered Sets and Scrub Regions
[233.280s][info][gc,marking     ] GC(522) Concurrent Rebuild Remembered Sets and Scrub Regions 1.000ms
[233.280s][info][gc,start       ] GC(522) Pause Cleanup
[233.281s][info][gc             ] GC(522) Pause Cleanup 30M->30M(1024M) 0.111ms
[233.281s][info][gc,cpu         ] GC(522) User=0.00s Sys=0.00s Real=0.00s
[233.281s][info][gc,marking     ] GC(522) Concurrent Clear Claimed Marks
[233.281s][info][gc,marking     ] GC(522) Concurrent Clear Claimed Marks 0.023ms
[233.281s][info][gc,marking     ] GC(522) Concurrent Cleanup for Next Mark
[233.283s][info][gc,marking     ] GC(522) Concurrent Cleanup for Next Mark 2.359ms
[233.283s][info][gc             ] GC(522) Concurrent Mark Cycle 8.704ms
[233.470s][info][gc,start       ] GC(523) Pause Young (Prepare Mixed) (G1 Evacuation Pause)
[233.470s][info][gc,task        ] GC(523) Using 6 workers of 6 for evacuation
[233.528s][info][gc,phases      ] GC(523)   Pre Evacuate Collection Set: 0.1ms
[233.528s][info][gc,phases      ] GC(523)   Merge Heap Roots: 0.1ms
[233.528s][info][gc,phases      ] GC(523)   Evacuate Collection Set: 57.5ms
[233.528s][info][gc,phases      ] GC(523)   Post Evacuate Collection Set: 0.7ms
[233.528s][info][gc,phases      ] GC(523)   Other: 0.1ms
[233.528s][info][gc,heap        ] GC(523) Eden regions: 613->0(537)
[233.528s][info][gc,heap        ] GC(523) Survivor regions: 1->77(77)
[233.528s][info][gc,heap        ] GC(523) Old regions: 8->62
[233.528s][info][gc,heap        ] GC(523) Humongous regions: 3->3
[233.528s][info][gc,metaspace   ] GC(523) Metaspace: 16573K(16896K)->16573K(16896K) NonClass: 14247K(14400K)->14247K(14400K) Class: 2325K(2496K)->2325K(2496K)
[233.528s][info][gc             ] GC(523) Pause Young (Prepare Mixed) (G1 Evacuation Pause) 620M->137M(1024M) 58.649ms
[233.528s][info][gc,cpu         ] GC(523) User=0.30s Sys=0.00s Real=0.06s
[236.985s][info][gc,start       ] GC(524) Pause Young (Mixed) (G1 Evacuation Pause)
[236.985s][info][gc,task        ] GC(524) Using 6 workers of 6 for evacuation
[237.135s][info][gc,phases      ] GC(524)   Pre Evacuate Collection Set: 0.2ms
[237.136s][info][gc,phases      ] GC(524)   Merge Heap Roots: 0.5ms
[237.136s][info][gc,phases      ] GC(524)   Evacuate Collection Set: 148.0ms
[237.136s][info][gc,phases      ] GC(524)   Post Evacuate Collection Set: 1.2ms
[237.136s][info][gc,phases      ] GC(524)   Other: 0.1ms
[237.136s][info][gc,heap        ] GC(524) Eden regions: 537->0(325)
[237.136s][info][gc,heap        ] GC(524) Survivor regions: 77->77(77)
[237.136s][info][gc,heap        ] GC(524) Old regions: 62->343
[237.136s][info][gc,heap        ] GC(524) Humongous regions: 4->4
[237.136s][info][gc,metaspace   ] GC(524) Metaspace: 16573K(16896K)->16573K(16896K) NonClass: 14247K(14400K)->14247K(14400K) Class: 2325K(2496K)->2325K(2496K)
[237.136s][info][gc             ] GC(524) Pause Young (Mixed) (G1 Evacuation Pause) (Evacuation Failure) 675M->420M(1024M) 150.237ms
[237.136s][info][gc,cpu         ] GC(524) User=0.94s Sys=0.00s Real=0.14s
[237.317s][info][gc,start       ] GC(525) Pause Young (Concurrent Start) (G1 Evacuation Pause)
[237.317s][info][gc,task        ] GC(525) Using 6 workers of 6 for evacuation
[237.430s][info][gc,phases      ] GC(525)   Pre Evacuate Collection Set: 0.5ms
[237.430s][info][gc,phases      ] GC(525)   Merge Heap Roots: 0.9ms
[237.430s][info][gc,phases      ] GC(525)   Evacuate Collection Set: 109.8ms
[237.430s][info][gc,phases      ] GC(525)   Post Evacuate Collection Set: 0.8ms
[237.430s][info][gc,phases      ] GC(525)   Other: 0.2ms
[237.430s][info][gc,heap        ] GC(525) Eden regions: 325->0(235)
[237.430s][info][gc,heap        ] GC(525) Survivor regions: 77->51(51)
[237.430s][info][gc,heap        ] GC(525) Old regions: 343->508
[237.430s][info][gc,heap        ] GC(525) Humongous regions: 4->4
[237.430s][info][gc,metaspace   ] GC(525) Metaspace: 16573K(16896K)->16573K(16896K) NonClass: 14247K(14400K)->14247K(14400K) Class: 2325K(2496K)->2325K(2496K)
[237.430s][info][gc             ] GC(525) Pause Young (Concurrent Start) (G1 Evacuation Pause) 745M->559M(1024M) 112.474ms
[237.430s][info][gc             ] GC(526) Concurrent Mark Cycle
[237.430s][info][gc,cpu         ] GC(525) User=0.66s Sys=0.00s Real=0.11s
[237.430s][info][gc,marking     ] GC(526) Concurrent Scan Root Regions
[237.470s][info][gc,marking     ] GC(526) Concurrent Scan Root Regions 40.427ms
[237.470s][info][gc,marking     ] GC(526) Concurrent Mark
[237.470s][info][gc,marking     ] GC(526) Concurrent Mark From Roots
[237.470s][info][gc,task        ] GC(526) Using 2 workers of 2 for marking
[237.481s][info][gc,marking     ] GC(526) Concurrent Mark From Roots 10.897ms
[237.481s][info][gc,marking     ] GC(526) Concurrent Preclean
[237.481s][info][gc,marking     ] GC(526) Concurrent Preclean 0.050ms
[237.481s][info][gc,start       ] GC(526) Pause Remark
[237.483s][info][gc             ] GC(526) Pause Remark 641M->416M(1024M) 1.271ms
[237.483s][info][gc,cpu         ] GC(526) User=0.00s Sys=0.00s Real=0.00s
[237.483s][info][gc,marking     ] GC(526) Concurrent Mark 12.427ms
[237.483s][info][gc,marking     ] GC(526) Concurrent Rebuild Remembered Sets and Scrub Regions
[237.537s][info][gc,marking     ] GC(526) Concurrent Rebuild Remembered Sets and Scrub Regions 54.622ms
[237.537s][info][gc,start       ] GC(526) Pause Cleanup
[237.538s][info][gc             ] GC(526) Pause Cleanup 505M->505M(1024M) 0.265ms
[237.538s][info][gc,cpu         ] GC(526) User=0.00s Sys=0.00s Real=0.00s
[237.538s][info][gc,marking     ] GC(526) Concurrent Clear Claimed Marks
[237.538s][info][gc,marking     ] GC(526) Concurrent Clear Claimed Marks 0.027ms
[237.538s][info][gc,marking     ] GC(526) Concurrent Cleanup for Next Mark
[237.539s][info][gc,marking     ] GC(526) Concurrent Cleanup for Next Mark 1.334ms
[237.539s][info][gc             ] GC(526) Concurrent Mark Cycle 109.474ms
[237.577s][info][gc,start       ] GC(527) Pause Young (Prepare Mixed) (G1 Evacuation Pause)
[237.577s][info][gc,task        ] GC(527) Using 6 workers of 6 for evacuation
[237.654s][info][gc,phases      ] GC(527)   Pre Evacuate Collection Set: 0.3ms
[237.654s][info][gc,phases      ] GC(527)   Merge Heap Roots: 1.0ms
[237.654s][info][gc,phases      ] GC(527)   Evacuate Collection Set: 75.0ms
[237.654s][info][gc,phases      ] GC(527)   Post Evacuate Collection Set: 0.4ms
[237.654s][info][gc,phases      ] GC(527)   Other: 0.1ms
[237.654s][info][gc,heap        ] GC(527) Eden regions: 235->0(294)
[237.654s][info][gc,heap        ] GC(527) Survivor regions: 51->36(36)
[237.654s][info][gc,heap        ] GC(527) Old regions: 284->399
[237.654s][info][gc,heap        ] GC(527) Humongous regions: 3->3
[237.654s][info][gc,metaspace   ] GC(527) Metaspace: 16573K(16896K)->16573K(16896K) NonClass: 14247K(14400K)->14247K(14400K) Class: 2325K(2496K)->2325K(2496K)
[237.654s][info][gc             ] GC(527) Pause Young (Prepare Mixed) (G1 Evacuation Pause) 569M->434M(1024M) 76.942ms
[237.654s][info][gc,cpu         ] GC(527) User=0.38s Sys=0.00s Real=0.07s
[237.831s][info][gc,start       ] GC(528) Pause Young (Mixed) (G1 Evacuation Pause)
[237.831s][info][gc,task        ] GC(528) Using 6 workers of 6 for evacuation
[237.909s][info][gc,phases      ] GC(528)   Pre Evacuate Collection Set: 0.3ms
[237.909s][info][gc,phases      ] GC(528)   Merge Heap Roots: 0.1ms
[237.909s][info][gc,phases      ] GC(528)   Evacuate Collection Set: 77.0ms
[237.909s][info][gc,phases      ] GC(528)   Post Evacuate Collection Set: 0.5ms
[237.909s][info][gc,phases      ] GC(528)   Other: 0.1ms
[237.909s][info][gc,heap        ] GC(528) Eden regions: 294->0(257)
[237.909s][info][gc,heap        ] GC(528) Survivor regions: 36->42(42)
[237.909s][info][gc,heap        ] GC(528) Old regions: 399->460
[237.909s][info][gc,heap        ] GC(528) Humongous regions: 3->3
[237.909s][info][gc,metaspace   ] GC(528) Metaspace: 16573K(16896K)->16573K(16896K) NonClass: 14247K(14400K)->14247K(14400K) Class: 2325K(2496K)->2325K(2496K)
[237.909s][info][gc             ] GC(528) Pause Young (Mixed) (G1 Evacuation Pause) 728M->503M(1024M) 78.160ms
[237.909s][info][gc,cpu         ] GC(528) User=0.39s Sys=0.00s Real=0.08s
[237.992s][info][gc,start       ] GC(529) Pause Young (Concurrent Start) (G1 Humongous Allocation)
[237.992s][info][gc,task        ] GC(529) Using 6 workers of 6 for evacuation
[238.039s][info][gc,phases      ] GC(529)   Pre Evacuate Collection Set: 0.4ms
[238.039s][info][gc,phases      ] GC(529)   Merge Heap Roots: 0.2ms
[238.039s][info][gc,phases      ] GC(529)   Evacuate Collection Set: 45.7ms
[238.039s][info][gc,phases      ] GC(529)   Post Evacuate Collection Set: 0.4ms
[238.039s][info][gc,phases      ] GC(529)   Other: 0.1ms
[238.039s][info][gc,heap        ] GC(529) Eden regions: 130->0(227)
[238.039s][info][gc,heap        ] GC(529) Survivor regions: 42->38(38)
[238.039s][info][gc,heap        ] GC(529) Old regions: 460->521
[238.039s][info][gc,heap        ] GC(529) Humongous regions: 3->3
[238.039s][info][gc,metaspace   ] GC(529) Metaspace: 16573K(16896K)->16573K(16896K) NonClass: 14247K(14400K)->14247K(14400K) Class: 2325K(2496K)->2325K(2496K)
[238.039s][info][gc             ] GC(529) Pause Young (Concurrent Start) (G1 Humongous Allocation) 633M->560M(1024M) 47.027ms
[238.039s][info][gc             ] GC(530) Concurrent Mark Cycle
[238.039s][info][gc,cpu         ] GC(529) User=0.17s Sys=0.00s Real=0.05s
[238.039s][info][gc,marking     ] GC(530) Concurrent Scan Root Regions
[238.066s][info][gc,marking     ] GC(530) Concurrent Scan Root Regions 27.282ms
[238.066s][info][gc,marking     ] GC(530) Concurrent Mark
[238.066s][info][gc,marking     ] GC(530) Concurrent Mark From Roots
[238.066s][info][gc,task        ] GC(530) Using 2 workers of 2 for marking
[238.298s][info][gc,marking     ] GC(530) Concurrent Mark From Roots 231.436ms
[238.298s][info][gc,marking     ] GC(530) Concurrent Preclean
[238.298s][info][gc,marking     ] GC(530) Concurrent Preclean 0.054ms
[238.298s][info][gc,start       ] GC(530) Pause Remark
[238.299s][info][gc             ] GC(530) Pause Remark 631M->512M(1024M) 1.378ms
[238.299s][info][gc,cpu         ] GC(530) User=0.02s Sys=0.00s Real=0.02s
[238.299s][info][gc,marking     ] GC(530) Concurrent Mark 233.146ms
[238.299s][info][gc,marking     ] GC(530) Concurrent Rebuild Remembered Sets and Scrub Regions
[238.610s][info][gc,marking     ] GC(530) Concurrent Rebuild Remembered Sets and Scrub Regions 310.587ms
[238.610s][info][gc,start       ] GC(530) Pause Cleanup
[238.610s][info][gc             ] GC(530) Pause Cleanup 635M->635M(1024M) 0.281ms
[238.610s][info][gc,cpu         ] GC(530) User=0.00s Sys=0.00s Real=0.00s
[238.610s][info][gc,marking     ] GC(530) Concurrent Clear Claimed Marks
[238.610s][info][gc,marking     ] GC(530) Concurrent Clear Claimed Marks 0.046ms
[238.610s][info][gc,marking     ] GC(530) Concurrent Cleanup for Next Mark
[238.612s][info][gc,marking     ] GC(530) Concurrent Cleanup for Next Mark 1.303ms
[238.612s][info][gc             ] GC(530) Concurrent Mark Cycle 573.099ms
[238.682s][info][gc,start       ] GC(531) Pause Young (Prepare Mixed) (G1 Evacuation Pause)
[238.682s][info][gc,task        ] GC(531) Using 6 workers of 6 for evacuation
[238.745s][info][gc,phases      ] GC(531)   Pre Evacuate Collection Set: 0.3ms
[238.745s][info][gc,phases      ] GC(531)   Merge Heap Roots: 2.2ms
[238.745s][info][gc,phases      ] GC(531)   Evacuate Collection Set: 58.5ms
[238.745s][info][gc,phases      ] GC(531)   Post Evacuate Collection Set: 1.2ms
[238.745s][info][gc,phases      ] GC(531)   Other: 0.1ms
[238.745s][info][gc,heap        ] GC(531) Eden regions: 227->0(285)
[238.745s][info][gc,heap        ] GC(531) Survivor regions: 38->34(34)
[238.745s][info][gc,heap        ] GC(531) Old regions: 403->441
[238.745s][info][gc,heap        ] GC(531) Humongous regions: 8->8
[238.745s][info][gc,metaspace   ] GC(531) Metaspace: 16573K(16896K)->16573K(16896K) NonClass: 14247K(14400K)->14247K(14400K) Class: 2325K(2496K)->2325K(2496K)
[238.745s][info][gc             ] GC(531) Pause Young (Prepare Mixed) (G1 Evacuation Pause) 674M->481M(1024M) 62.511ms
[238.745s][info][gc,cpu         ] GC(531) User=0.30s Sys=0.00s Real=0.06s
[239.254s][info][gc,start       ] GC(532) Pause Young (Mixed) (G1 Evacuation Pause)
[239.254s][info][gc,task        ] GC(532) Using 6 workers of 6 for evacuation
[239.280s][info][gc,phases      ] GC(532)   Pre Evacuate Collection Set: 0.3ms
[239.280s][info][gc,phases      ] GC(532)   Merge Heap Roots: 1.4ms
[239.280s][info][gc,phases      ] GC(532)   Evacuate Collection Set: 23.9ms
[239.280s][info][gc,phases      ] GC(532)   Post Evacuate Collection Set: 0.4ms
[239.280s][info][gc,phases      ] GC(532)   Other: 0.1ms
[239.280s][info][gc,heap        ] GC(532) Eden regions: 285->0(328)
[239.280s][info][gc,heap        ] GC(532) Survivor regions: 34->3(40)
[239.280s][info][gc,heap        ] GC(532) Old regions: 441->445
[239.280s][info][gc,heap        ] GC(532) Humongous regions: 8->8
[239.280s][info][gc,metaspace   ] GC(532) Metaspace: 16573K(16896K)->16573K(16896K) NonClass: 14247K(14400K)->14247K(14400K) Class: 2325K(2496K)->2325K(2496K)
[239.280s][info][gc             ] GC(532) Pause Young (Mixed) (G1 Evacuation Pause) 766M->455M(1024M) 26.255ms
[239.280s][info][gc,cpu         ] GC(532) User=0.09s Sys=0.00s Real=0.03s
[240.082s][info][gc,start       ] GC(533) Pause Full (System.gc())
[240.082s][info][gc,task        ] GC(533) Using 6 workers of 6 for full compaction
[240.083s][info][gc,phases,start] GC(533) Phase 1: Mark live objects
[240.085s][info][gc,phases      ] GC(533) Phase 1: Mark live objects 2.092ms
[240.085s][info][gc,phases,start] GC(533) Phase 2: Prepare compaction
[240.085s][info][gc,phases      ] GC(533) Phase 2: Prepare compaction 0.634ms
[240.085s][info][gc,phases,start] GC(533) Phase 3: Adjust pointers
[240.088s][info][gc,phases      ] GC(533) Phase 3: Adjust pointers 2.182ms
[240.088s][info][gc,phases,start] GC(533) Phase 4: Compact heap
[240.088s][info][gc,phases      ] GC(533) Phase 4: Compact heap 0.573ms
[240.088s][info][gc,phases,start] GC(533) Phase 5: Reset Metadata
[240.089s][info][gc,phases      ] GC(533) Phase 5: Reset Metadata 0.666ms
[240.093s][info][gc,heap        ] GC(533) Eden regions: 148->0(581)
[240.093s][info][gc,heap        ] GC(533) Survivor regions: 3->0(40)
[240.093s][info][gc,heap        ] GC(533) Old regions: 445->10
[240.093s][info][gc,heap        ] GC(533) Humongous regions: 8->2
[240.093s][info][gc,metaspace   ] GC(533) Metaspace: 16574K(16896K)->16574K(16896K) NonClass: 14248K(14400K)->14248K(14400K) Class: 2325K(2496K)->2325K(2496K)
[240.093s][info][gc             ] GC(533) Pause Full (System.gc()) 603M->5M(1024M) 10.527ms
[240.093s][info][gc,cpu         ] GC(533) User=0.00s Sys=0.00s Real=0.01s
[241.234s][info][gc,start       ] GC(534) Pause Young (Concurrent Start) (G1 Evacuation Pause)
[241.234s][info][gc,task        ] GC(534) Using 6 workers of 6 for evacuation
[241.235s][info][gc,phases      ] GC(534)   Pre Evacuate Collection Set: 0.2ms
[241.235s][info][gc,phases      ] GC(534)   Merge Heap Roots: 0.1ms
[241.235s][info][gc,phases      ] GC(534)   Evacuate Collection Set: 0.3ms
[241.235s][info][gc,phases      ] GC(534)   Post Evacuate Collection Set: 0.4ms
[241.235s][info][gc,phases      ] GC(534)   Other: 0.1ms
[241.235s][info][gc,heap        ] GC(534) Eden regions: 581->0(612)
[241.235s][info][gc,heap        ] GC(534) Survivor regions: 0->2(73)
[241.235s][info][gc,heap        ] GC(534) Old regions: 10->10
[241.235s][info][gc,heap        ] GC(534) Humongous regions: 2->2
[241.235s][info][gc,metaspace   ] GC(534) Metaspace: 16576K(16896K)->16576K(16896K) NonClass: 14250K(14400K)->14250K(14400K) Class: 2325K(2496K)->2325K(2496K)
[241.235s][info][gc             ] GC(534) Pause Young (Concurrent Start) (G1 Evacuation Pause) 586M->7M(1024M) 1.341ms
[241.235s][info][gc,cpu         ] GC(534) User=0.00s Sys=0.00s Real=0.00s
[241.235s][info][gc             ] GC(535) Concurrent Mark Cycle
[241.235s][info][gc,marking     ] GC(535) Concurrent Scan Root Regions
[241.236s][info][gc,marking     ] GC(535) Concurrent Scan Root Regions 0.162ms
[241.236s][info][gc,marking     ] GC(535) Concurrent Mark
[241.236s][info][gc,marking     ] GC(535) Concurrent Mark From Roots
[241.236s][info][gc,task        ] GC(535) Using 2 workers of 2 for marking
[241.239s][info][gc,marking     ] GC(535) Concurrent Mark From Roots 3.145ms
[241.239s][info][gc,marking     ] GC(535) Concurrent Preclean
[241.239s][info][gc,marking     ] GC(535) Concurrent Preclean 0.022ms
[241.239s][info][gc,start       ] GC(535) Pause Remark
[241.240s][info][gc             ] GC(535) Pause Remark 24M->24M(1024M) 1.081ms
[241.240s][info][gc,cpu         ] GC(535) User=0.00s Sys=0.00s Real=0.00s
[241.240s][info][gc,marking     ] GC(535) Concurrent Mark 4.520ms
[241.240s][info][gc,marking     ] GC(535) Concurrent Rebuild Remembered Sets and Scrub Regions
[241.241s][info][gc,marking     ] GC(535) Concurrent Rebuild Remembered Sets and Scrub Regions 1.010ms
[241.241s][info][gc,start       ] GC(535) Pause Cleanup
[241.241s][info][gc             ] GC(535) Pause Cleanup 29M->29M(1024M) 0.167ms
[241.241s][info][gc,cpu         ] GC(535) User=0.00s Sys=0.00s Real=0.00s
[241.241s][info][gc,marking     ] GC(535) Concurrent Clear Claimed Marks
[241.241s][info][gc,marking     ] GC(535) Concurrent Clear Claimed Marks 0.022ms
[241.241s][info][gc,marking     ] GC(535) Concurrent Cleanup for Next Mark
[241.244s][info][gc,marking     ] GC(535) Concurrent Cleanup for Next Mark 2.402ms
[241.244s][info][gc             ] GC(535) Concurrent Mark Cycle 8.648ms
[241.333s][info][gc,start       ] GC(536) Pause Young (Prepare Mixed) (G1 Evacuation Pause)
[241.333s][info][gc,task        ] GC(536) Using 6 workers of 6 for evacuation
[241.334s][info][gc,phases      ] GC(536)   Pre Evacuate Collection Set: 0.2ms
[241.334s][info][gc,phases      ] GC(536)   Merge Heap Roots: 0.1ms
[241.334s][info][gc,phases      ] GC(536)   Evacuate Collection Set: 0.3ms
[241.334s][info][gc,phases      ] GC(536)   Post Evacuate Collection Set: 0.4ms
[241.334s][info][gc,phases      ] GC(536)   Other: 0.1ms
[241.334s][info][gc,heap        ] GC(536) Eden regions: 612->0(613)
[241.334s][info][gc,heap        ] GC(536) Survivor regions: 2->1(77)
[241.334s][info][gc,heap        ] GC(536) Old regions: 10->10
[241.334s][info][gc,heap        ] GC(536) Humongous regions: 2->2
[241.334s][info][gc,metaspace   ] GC(536) Metaspace: 16576K(16896K)->16576K(16896K) NonClass: 14250K(14400K)->14250K(14400K) Class: 2325K(2496K)->2325K(2496K)
[241.334s][info][gc             ] GC(536) Pause Young (Prepare Mixed) (G1 Evacuation Pause) 619M->6M(1024M) 1.401ms
[241.334s][info][gc,cpu         ] GC(536) User=0.00s Sys=0.00s Real=0.02s
[241.428s][info][gc,start       ] GC(537) Pause Young (Mixed) (G1 Evacuation Pause)
[241.429s][info][gc,task        ] GC(537) Using 6 workers of 6 for evacuation
[241.430s][info][gc,phases      ] GC(537)   Pre Evacuate Collection Set: 0.2ms
[241.430s][info][gc,phases      ] GC(537)   Merge Heap Roots: 0.1ms
[241.430s][info][gc,phases      ] GC(537)   Evacuate Collection Set: 0.4ms
[241.430s][info][gc,phases      ] GC(537)   Post Evacuate Collection Set: 0.4ms
[241.430s][info][gc,phases      ] GC(537)   Other: 0.1ms
[241.430s][info][gc,heap        ] GC(537) Eden regions: 613->0(613)
[241.430s][info][gc,heap        ] GC(537) Survivor regions: 1->1(77)
[241.430s][info][gc,heap        ] GC(537) Old regions: 10->10
[241.430s][info][gc,heap        ] GC(537) Humongous regions: 2->2
[241.430s][info][gc,metaspace   ] GC(537) Metaspace: 16576K(16896K)->16576K(16896K) NonClass: 14250K(14400K)->14250K(14400K) Class: 2325K(2496K)->2325K(2496K)
[241.430s][info][gc             ] GC(537) Pause Young (Mixed) (G1 Evacuation Pause) 619M->6M(1024M) 1.332ms
[241.430s][info][gc,cpu         ] GC(537) User=0.02s Sys=0.00s Real=0.02s
[241.525s][info][gc,start       ] GC(538) Pause Young (Concurrent Start) (G1 Evacuation Pause)
[241.526s][info][gc,task        ] GC(538) Using 6 workers of 6 for evacuation
[241.527s][info][gc,phases      ] GC(538)   Pre Evacuate Collection Set: 0.2ms
[241.527s][info][gc,phases      ] GC(538)   Merge Heap Roots: 0.1ms
[241.527s][info][gc,phases      ] GC(538)   Evacuate Collection Set: 0.3ms
[241.527s][info][gc,phases      ] GC(538)   Post Evacuate Collection Set: 0.3ms
[241.527s][info][gc,phases      ] GC(538)   Other: 0.1ms
[241.527s][info][gc,heap        ] GC(538) Eden regions: 613->0(613)
[241.527s][info][gc,heap        ] GC(538) Survivor regions: 1->1(77)
[241.527s][info][gc,heap        ] GC(538) Old regions: 10->10
[241.527s][info][gc,heap        ] GC(538) Humongous regions: 2->2
[241.527s][info][gc,metaspace   ] GC(538) Metaspace: 16576K(16896K)->16576K(16896K) NonClass: 14250K(14400K)->14250K(14400K) Class: 2325K(2496K)->2325K(2496K)
[241.527s][info][gc             ] GC(538) Pause Young (Concurrent Start) (G1 Evacuation Pause) 619M->6M(1024M) 1.228ms
[241.527s][info][gc,cpu         ] GC(538) User=0.00s Sys=0.00s Real=0.00s
[241.527s][info][gc             ] GC(539) Concurrent Mark Cycle
[241.527s][info][gc,marking     ] GC(539) Concurrent Scan Root Regions
[241.527s][info][gc,marking     ] GC(539) Concurrent Scan Root Regions 0.278ms
[241.527s][info][gc,marking     ] GC(539) Concurrent Mark
[241.527s][info][gc,marking     ] GC(539) Concurrent Mark From Roots
[241.527s][info][gc,task        ] GC(539) Using 2 workers of 2 for marking
[241.530s][info][gc,marking     ] GC(539) Concurrent Mark From Roots 3.280ms
[241.530s][info][gc,marking     ] GC(539) Concurrent Preclean
[241.530s][info][gc,marking     ] GC(539) Concurrent Preclean 0.020ms
[241.531s][info][gc,start       ] GC(539) Pause Remark
[241.532s][info][gc             ] GC(539) Pause Remark 24M->24M(1024M) 1.025ms
[241.532s][info][gc,cpu         ] GC(539) User=0.00s Sys=0.00s Real=0.00s
[241.532s][info][gc,marking     ] GC(539) Concurrent Mark 4.594ms
[241.532s][info][gc,marking     ] GC(539) Concurrent Rebuild Remembered Sets and Scrub Regions
[241.533s][info][gc,marking     ] GC(539) Concurrent Rebuild Remembered Sets and Scrub Regions 1.007ms
[241.533s][info][gc,start       ] GC(539) Pause Cleanup
[241.533s][info][gc             ] GC(539) Pause Cleanup 29M->29M(1024M) 0.115ms
[241.533s][info][gc,cpu         ] GC(539) User=0.00s Sys=0.00s Real=0.00s
[241.533s][info][gc,marking     ] GC(539) Concurrent Clear Claimed Marks
[241.533s][info][gc,marking     ] GC(539) Concurrent Clear Claimed Marks 0.057ms
[241.533s][info][gc,marking     ] GC(539) Concurrent Cleanup for Next Mark
[241.536s][info][gc,marking     ] GC(539) Concurrent Cleanup for Next Mark 2.456ms
[241.536s][info][gc             ] GC(539) Concurrent Mark Cycle 8.893ms
[241.697s][info][gc,start       ] GC(540) Pause Young (Prepare Mixed) (G1 Evacuation Pause)
[241.697s][info][gc,task        ] GC(540) Using 6 workers of 6 for evacuation
[241.745s][info][gc,phases      ] GC(540)   Pre Evacuate Collection Set: 0.1ms
[241.745s][info][gc,phases      ] GC(540)   Merge Heap Roots: 0.1ms
[241.745s][info][gc,phases      ] GC(540)   Evacuate Collection Set: 46.3ms
[241.745s][info][gc,phases      ] GC(540)   Post Evacuate Collection Set: 0.6ms
[241.745s][info][gc,phases      ] GC(540)   Other: 0.1ms
[241.745s][info][gc,heap        ] GC(540) Eden regions: 613->0(537)
[241.745s][info][gc,heap        ] GC(540) Survivor regions: 1->77(77)
[241.745s][info][gc,heap        ] GC(540) Old regions: 10->36
[241.745s][info][gc,heap        ] GC(540) Humongous regions: 3->3
[241.745s][info][gc,metaspace   ] GC(540) Metaspace: 16576K(16896K)->16576K(16896K) NonClass: 14250K(14400K)->14250K(14400K) Class: 2325K(2496K)->2325K(2496K)
[241.745s][info][gc             ] GC(540) Pause Young (Prepare Mixed) (G1 Evacuation Pause) 620M->110M(1024M) 47.384ms
[241.745s][info][gc,cpu         ] GC(540) User=0.05s Sys=0.00s Real=0.05s
[242.230s][info][gc,start       ] GC(541) Pause Young (Mixed) (G1 Evacuation Pause)
[242.230s][info][gc,task        ] GC(541) Using 6 workers of 6 for evacuation
[242.400s][info][gc,phases      ] GC(541)   Pre Evacuate Collection Set: 0.2ms
[242.400s][info][gc,phases      ] GC(541)   Merge Heap Roots: 0.3ms
[242.400s][info][gc,phases      ] GC(541)   Evacuate Collection Set: 163.9ms
[242.400s][info][gc,phases      ] GC(541)   Post Evacuate Collection Set: 5.7ms
[242.400s][info][gc,phases      ] GC(541)   Other: 0.1ms
[242.400s][info][gc,heap        ] GC(541) Eden regions: 537->0(0)
[242.400s][info][gc,heap        ] GC(541) Survivor regions: 77->77(77)
[242.400s][info][gc,heap        ] GC(541) Old regions: 36->879
[242.400s][info][gc,heap        ] GC(541) Humongous regions: 4->4
[242.400s][info][gc,metaspace   ] GC(541) Metaspace: 16576K(16896K)->16576K(16896K) NonClass: 14250K(14400K)->14250K(14400K) Class: 2325K(2496K)->2325K(2496K)
[242.400s][info][gc             ] GC(541) Pause Young (Mixed) (G1 Evacuation Pause) (Evacuation Failure) 648M->954M(1024M) 170.446ms
[242.400s][info][gc,cpu         ] GC(541) User=0.94s Sys=0.00s Real=0.16s
[242.400s][info][gc,ergo        ] Attempting full compaction
[242.400s][info][gc,start       ] GC(542) Pause Full (G1 Compaction Pause)
[242.400s][info][gc,task        ] GC(542) Using 6 workers of 6 for full compaction
[242.401s][info][gc,phases,start] GC(542) Phase 1: Mark live objects
[242.516s][info][gc,phases      ] GC(542) Phase 1: Mark live objects 115.196ms
[242.516s][info][gc,phases,start] GC(542) Phase 2: Prepare compaction
[242.521s][info][gc,phases      ] GC(542) Phase 2: Prepare compaction 5.047ms
[242.521s][info][gc,phases,start] GC(542) Phase 3: Adjust pointers
[242.545s][info][gc,phases      ] GC(542) Phase 3: Adjust pointers 23.781ms
[242.545s][info][gc,phases,start] GC(542) Phase 4: Compact heap
[242.550s][info][gc,phases      ] GC(542) Phase 4: Compact heap 5.647ms
[242.550s][info][gc,phases,start] GC(542) Phase 5: Reset Metadata
[242.563s][info][gc,phases      ] GC(542) Phase 5: Reset Metadata 12.538ms
[242.569s][info][gc,heap        ] GC(542) Eden regions: 0->0(328)
[242.569s][info][gc,heap        ] GC(542) Survivor regions: 77->0(77)
[242.569s][info][gc,heap        ] GC(542) Old regions: 879->405
[242.569s][info][gc,heap        ] GC(542) Humongous regions: 4->4
[242.569s][info][gc,metaspace   ] GC(542) Metaspace: 16576K(16896K)->16576K(16896K) NonClass: 14250K(14400K)->14250K(14400K) Class: 2325K(2496K)->2325K(2496K)
[242.569s][info][gc             ] GC(542) Pause Full (G1 Compaction Pause) 954M->406M(1024M) 168.479ms
[242.569s][info][gc,cpu         ] GC(542) User=0.89s Sys=0.00s Real=0.17s
[244.988s][info][gc,start       ] GC(543) Pause Young (Concurrent Start) (G1 Evacuation Pause)
[244.988s][info][gc,task        ] GC(543) Using 6 workers of 6 for evacuation
[245.065s][info][gc,phases      ] GC(543)   Pre Evacuate Collection Set: 0.2ms
[245.065s][info][gc,phases      ] GC(543)   Merge Heap Roots: 1.0ms
[245.065s][info][gc,phases      ] GC(543)   Evacuate Collection Set: 74.4ms
[245.065s][info][gc,phases      ] GC(543)   Post Evacuate Collection Set: 0.7ms
[245.065s][info][gc,phases      ] GC(543)   Other: 0.2ms
[245.065s][info][gc,heap        ] GC(543) Eden regions: 328->0(245)
[245.065s][info][gc,heap        ] GC(543) Survivor regions: 0->41(41)
[245.065s][info][gc,heap        ] GC(543) Old regions: 405->493
[245.065s][info][gc,heap        ] GC(543) Humongous regions: 4->4
[245.065s][info][gc,metaspace   ] GC(543) Metaspace: 16576K(16896K)->16576K(16896K) NonClass: 14250K(14400K)->14250K(14400K) Class: 2325K(2496K)->2325K(2496K)
[245.065s][info][gc             ] GC(543) Pause Young (Concurrent Start) (G1 Evacuation Pause) 734M->535M(1024M) 76.850ms
[245.065s][info][gc             ] GC(544) Concurrent Mark Cycle
[245.065s][info][gc,cpu         ] GC(543) User=0.38s Sys=0.00s Real=0.06s
[245.065s][info][gc,marking     ] GC(544) Concurrent Scan Root Regions
[245.089s][info][gc,marking     ] GC(544) Concurrent Scan Root Regions 24.357ms
[245.090s][info][gc,marking     ] GC(544) Concurrent Mark
[245.090s][info][gc,marking     ] GC(544) Concurrent Mark From Roots
[245.090s][info][gc,task        ] GC(544) Using 2 workers of 2 for marking
[245.132s][info][gc,marking     ] GC(544) Concurrent Mark From Roots 42.378ms
[245.132s][info][gc,marking     ] GC(544) Concurrent Preclean
[245.132s][info][gc,marking     ] GC(544) Concurrent Preclean 0.057ms
[245.132s][info][gc,start       ] GC(544) Pause Remark
[245.133s][info][gc             ] GC(544) Pause Remark 645M->443M(1024M) 1.201ms
[245.133s][info][gc,cpu         ] GC(544) User=0.00s Sys=0.00s Real=0.00s
[245.133s][info][gc,marking     ] GC(544) Concurrent Mark 43.862ms
[245.133s][info][gc,marking     ] GC(544) Concurrent Rebuild Remembered Sets and Scrub Regions
[245.210s][info][gc,marking     ] GC(544) Concurrent Rebuild Remembered Sets and Scrub Regions 76.980ms
[245.211s][info][gc,start       ] GC(544) Pause Cleanup
[245.211s][info][gc             ] GC(544) Pause Cleanup 570M->570M(1024M) 0.263ms
[245.211s][info][gc,cpu         ] GC(544) User=0.00s Sys=0.00s Real=0.00s
[245.211s][info][gc,marking     ] GC(544) Concurrent Clear Claimed Marks
[245.211s][info][gc,marking     ] GC(544) Concurrent Clear Claimed Marks 0.022ms
[245.211s][info][gc,marking     ] GC(544) Concurrent Cleanup for Next Mark
[245.212s][info][gc,marking     ] GC(544) Concurrent Cleanup for Next Mark 1.257ms
[245.212s][info][gc             ] GC(544) Concurrent Mark Cycle 147.037ms
[245.217s][info][gc,start       ] GC(545) Pause Young (Prepare Mixed) (G1 Evacuation Pause)
[245.217s][info][gc,task        ] GC(545) Using 6 workers of 6 for evacuation
[245.294s][info][gc,phases      ] GC(545)   Pre Evacuate Collection Set: 0.2ms
[245.294s][info][gc,phases      ] GC(545)   Merge Heap Roots: 1.1ms
[245.294s][info][gc,phases      ] GC(545)   Evacuate Collection Set: 74.9ms
[245.294s][info][gc,phases      ] GC(545)   Post Evacuate Collection Set: 0.4ms
[245.294s][info][gc,phases      ] GC(545)   Other: 0.1ms
[245.294s][info][gc,heap        ] GC(545) Eden regions: 245->0(291)
[245.294s][info][gc,heap        ] GC(545) Survivor regions: 41->36(36)
[245.294s][info][gc,heap        ] GC(545) Old regions: 292->401
[245.294s][info][gc,heap        ] GC(545) Humongous regions: 3->3
[245.294s][info][gc,metaspace   ] GC(545) Metaspace: 16576K(16896K)->16576K(16896K) NonClass: 14250K(14400K)->14250K(14400K) Class: 2325K(2496K)->2325K(2496K)
[245.294s][info][gc             ] GC(545) Pause Young (Prepare Mixed) (G1 Evacuation Pause) 578M->437M(1024M) 77.003ms
[245.294s][info][gc,cpu         ] GC(545) User=0.42s Sys=0.00s Real=0.08s
[245.469s][info][gc,start       ] GC(546) Pause Young (Mixed) (G1 Evacuation Pause)
[245.470s][info][gc,task        ] GC(546) Using 6 workers of 6 for evacuation
[245.549s][info][gc,phases      ] GC(546)   Pre Evacuate Collection Set: 0.3ms
[245.549s][info][gc,phases      ] GC(546)   Merge Heap Roots: 0.2ms
[245.549s][info][gc,phases      ] GC(546)   Evacuate Collection Set: 78.1ms
[245.549s][info][gc,phases      ] GC(546)   Post Evacuate Collection Set: 0.5ms
[245.549s][info][gc,phases      ] GC(546)   Other: 0.1ms
[245.549s][info][gc,heap        ] GC(546) Eden regions: 291->0(278)
[245.549s][info][gc,heap        ] GC(546) Survivor regions: 36->41(41)
[245.549s][info][gc,heap        ] GC(546) Old regions: 401->418
[245.549s][info][gc,heap        ] GC(546) Humongous regions: 3->3
[245.549s][info][gc,metaspace   ] GC(546) Metaspace: 16576K(16896K)->16576K(16896K) NonClass: 14250K(14400K)->14250K(14400K) Class: 2325K(2496K)->2325K(2496K)
[245.549s][info][gc             ] GC(546) Pause Young (Mixed) (G1 Evacuation Pause) 728M->460M(1024M) 79.300ms
[245.549s][info][gc,cpu         ] GC(546) User=0.45s Sys=0.00s Real=0.08s
[246.201s][info][gc,start       ] GC(547) Pause Young (Mixed) (G1 Evacuation Pause)
[246.201s][info][gc,task        ] GC(547) Using 6 workers of 6 for evacuation
[246.300s][info][gc,phases      ] GC(547)   Pre Evacuate Collection Set: 0.3ms
[246.301s][info][gc,phases      ] GC(547)   Merge Heap Roots: 2.3ms
[246.301s][info][gc,phases      ] GC(547)   Evacuate Collection Set: 95.1ms
[246.301s][info][gc,phases      ] GC(547)   Post Evacuate Collection Set: 1.1ms
[246.302s][info][gc,phases      ] GC(547)   Other: 0.1ms
[246.302s][info][gc,heap        ] GC(547) Eden regions: 278->0(229)
[246.302s][info][gc,heap        ] GC(547) Survivor regions: 41->40(40)
[246.302s][info][gc,heap        ] GC(547) Old regions: 418->508
[246.302s][info][gc,heap        ] GC(547) Humongous regions: 9->9
[246.302s][info][gc,metaspace   ] GC(547) Metaspace: 16576K(16896K)->16576K(16896K) NonClass: 14250K(14400K)->14250K(14400K) Class: 2325K(2496K)->2325K(2496K)
[246.302s][info][gc             ] GC(547) Pause Young (Mixed) (G1 Evacuation Pause) 744M->556M(1024M) 100.378ms
[246.302s][info][gc,cpu         ] GC(547) User=0.56s Sys=0.00s Real=0.11s
[246.719s][info][gc,start       ] GC(548) Pause Young (Concurrent Start) (G1 Evacuation Pause)
[246.719s][info][gc,task        ] GC(548) Using 6 workers of 6 for evacuation
[246.756s][info][gc,phases      ] GC(548)   Pre Evacuate Collection Set: 0.5ms
[246.756s][info][gc,phases      ] GC(548)   Merge Heap Roots: 1.3ms
[246.756s][info][gc,phases      ] GC(548)   Evacuate Collection Set: 33.8ms
[246.756s][info][gc,phases      ] GC(548)   Post Evacuate Collection Set: 0.6ms
[246.756s][info][gc,phases      ] GC(548)   Other: 0.2ms
[246.756s][info][gc,heap        ] GC(548) Eden regions: 229->0(257)
[246.756s][info][gc,heap        ] GC(548) Survivor regions: 40->6(34)
[246.756s][info][gc,heap        ] GC(548) Old regions: 508->537
[246.756s][info][gc,heap        ] GC(548) Humongous regions: 9->9
[246.756s][info][gc,metaspace   ] GC(548) Metaspace: 16576K(16896K)->16576K(16896K) NonClass: 14250K(14400K)->14250K(14400K) Class: 2325K(2496K)->2325K(2496K)
[246.756s][info][gc             ] GC(548) Pause Young (Concurrent Start) (G1 Evacuation Pause) 785M->551M(1024M) 36.795ms
[246.756s][info][gc,cpu         ] GC(548) User=0.19s Sys=0.00s Real=0.03s
[246.756s][info][gc             ] GC(549) Concurrent Mark Cycle
[246.756s][info][gc,marking     ] GC(549) Concurrent Scan Root Regions
[246.769s][info][gc,marking     ] GC(549) Concurrent Scan Root Regions 13.279ms
[246.769s][info][gc,marking     ] GC(549) Concurrent Mark
[246.769s][info][gc,marking     ] GC(549) Concurrent Mark From Roots
[246.769s][info][gc,task        ] GC(549) Using 2 workers of 2 for marking
[247.023s][info][gc,marking     ] GC(549) Concurrent Mark From Roots 253.517ms
[247.023s][info][gc,marking     ] GC(549) Concurrent Preclean
[247.023s][info][gc,marking     ] GC(549) Concurrent Preclean 0.053ms
[247.023s][info][gc,start       ] GC(549) Pause Remark
[247.024s][info][gc             ] GC(549) Pause Remark 688M->603M(1024M) 1.315ms
[247.024s][info][gc,cpu         ] GC(549) User=0.02s Sys=0.00s Real=0.02s
[247.024s][info][gc,marking     ] GC(549) Concurrent Mark 255.153ms
[247.024s][info][gc,marking     ] GC(549) Concurrent Rebuild Remembered Sets and Scrub Regions
[247.107s][info][gc,marking     ] GC(549) Concurrent Rebuild Remembered Sets and Scrub Regions 82.706ms
[247.107s][info][gc,start       ] GC(549) Pause Cleanup
[247.108s][info][gc             ] GC(549) Pause Cleanup 648M->648M(1024M) 0.320ms
[247.108s][info][gc,cpu         ] GC(549) User=0.00s Sys=0.00s Real=0.00s
[247.108s][info][gc,marking     ] GC(549) Concurrent Clear Claimed Marks
[247.108s][info][gc,marking     ] GC(549) Concurrent Clear Claimed Marks 0.031ms
[247.108s][info][gc,marking     ] GC(549) Concurrent Cleanup for Next Mark
[247.109s][info][gc,marking     ] GC(549) Concurrent Cleanup for Next Mark 1.263ms
[247.109s][info][gc             ] GC(549) Concurrent Mark Cycle 353.109ms
[247.468s][info][gc,start       ] GC(550) Pause Young (Prepare Mixed) (G1 Evacuation Pause)
[247.468s][info][gc,task        ] GC(550) Using 6 workers of 6 for evacuation
[247.477s][info][gc,phases      ] GC(550)   Pre Evacuate Collection Set: 0.3ms
[247.477s][info][gc,phases      ] GC(550)   Merge Heap Roots: 0.6ms
[247.477s][info][gc,phases      ] GC(550)   Evacuate Collection Set: 7.1ms
[247.477s][info][gc,phases      ] GC(550)   Post Evacuate Collection Set: 0.4ms
[247.477s][info][gc,phases      ] GC(550)   Other: 0.1ms
[247.477s][info][gc,heap        ] GC(550) Eden regions: 257->0(342)
[247.477s][info][gc,heap        ] GC(550) Survivor regions: 6->3(33)
[247.477s][info][gc,heap        ] GC(550) Old regions: 456->456
[247.477s][info][gc,heap        ] GC(550) Humongous regions: 5->5
[247.477s][info][gc,metaspace   ] GC(550) Metaspace: 16576K(16896K)->16576K(16896K) NonClass: 14250K(14400K)->14250K(14400K) Class: 2325K(2496K)->2325K(2496K)
[247.477s][info][gc             ] GC(550) Pause Young (Prepare Mixed) (G1 Evacuation Pause) 723M->463M(1024M) 8.750ms
[247.477s][info][gc,cpu         ] GC(550) User=0.00s Sys=0.00s Real=0.00s
[247.883s][info][gc,start       ] GC(551) Pause Full (System.gc())
[247.883s][info][gc,task        ] GC(551) Using 6 workers of 6 for full compaction
[247.884s][info][gc,phases,start] GC(551) Phase 1: Mark live objects
[247.886s][info][gc,phases      ] GC(551) Phase 1: Mark live objects 2.041ms
[247.886s][info][gc,phases,start] GC(551) Phase 2: Prepare compaction
[247.886s][info][gc,phases      ] GC(551) Phase 2: Prepare compaction 0.538ms
[247.886s][info][gc,phases,start] GC(551) Phase 3: Adjust pointers
[247.888s][info][gc,phases      ] GC(551) Phase 3: Adjust pointers 1.965ms
[247.888s][info][gc,phases,start] GC(551) Phase 4: Compact heap
[247.889s][info][gc,phases      ] GC(551) Phase 4: Compact heap 0.316ms
[247.889s][info][gc,phases,start] GC(551) Phase 5: Reset Metadata
[247.889s][info][gc,phases      ] GC(551) Phase 5: Reset Metadata 0.506ms
[247.893s][info][gc,heap        ] GC(551) Eden regions: 58->0(614)
[247.893s][info][gc,heap        ] GC(551) Survivor regions: 3->0(33)
[247.893s][info][gc,heap        ] GC(551) Old regions: 456->9
[247.893s][info][gc,heap        ] GC(551) Humongous regions: 5->2
[247.893s][info][gc,metaspace   ] GC(551) Metaspace: 16581K(16896K)->16581K(16896K) NonClass: 14255K(14400K)->14255K(14400K) Class: 2325K(2496K)->2325K(2496K)
[247.893s][info][gc             ] GC(551) Pause Full (System.gc()) 521M->5M(1024M) 9.258ms
[247.893s][info][gc,cpu         ] GC(551) User=0.03s Sys=0.00s Real=0.02s
[249.374s][info][gc,start       ] GC(552) Pause Young (Normal) (G1 Evacuation Pause)
[249.375s][info][gc,task        ] GC(552) Using 6 workers of 6 for evacuation
[249.376s][info][gc,phases      ] GC(552)   Pre Evacuate Collection Set: 0.2ms
[249.376s][info][gc,phases      ] GC(552)   Merge Heap Roots: 0.1ms
[249.376s][info][gc,phases      ] GC(552)   Evacuate Collection Set: 0.4ms
[249.376s][info][gc,phases      ] GC(552)   Post Evacuate Collection Set: 0.4ms
[249.376s][info][gc,phases      ] GC(552)   Other: 0.1ms
[249.376s][info][gc,heap        ] GC(552) Eden regions: 614->0(613)
[249.376s][info][gc,heap        ] GC(552) Survivor regions: 0->1(77)
[249.376s][info][gc,heap        ] GC(552) Old regions: 9->9
[249.376s][info][gc,heap        ] GC(552) Humongous regions: 2->2
[249.376s][info][gc,metaspace   ] GC(552) Metaspace: 16581K(16896K)->16581K(16896K) NonClass: 14255K(14400K)->14255K(14400K) Class: 2325K(2496K)->2325K(2496K)
[249.376s][info][gc             ] GC(552) Pause Young (Normal) (G1 Evacuation Pause) 619M->6M(1024M) 1.392ms
[249.376s][info][gc,cpu         ] GC(552) User=0.02s Sys=0.00s Real=0.02s
[249.469s][info][gc,start       ] GC(553) Pause Young (Normal) (G1 Evacuation Pause)
[249.469s][info][gc,task        ] GC(553) Using 6 workers of 6 for evacuation
[249.470s][info][gc,phases      ] GC(553)   Pre Evacuate Collection Set: 0.2ms
[249.470s][info][gc,phases      ] GC(553)   Merge Heap Roots: 0.1ms
[249.470s][info][gc,phases      ] GC(553)   Evacuate Collection Set: 0.3ms
[249.470s][info][gc,phases      ] GC(553)   Post Evacuate Collection Set: 0.4ms
[249.470s][info][gc,phases      ] GC(553)   Other: 0.1ms
[249.470s][info][gc,heap        ] GC(553) Eden regions: 613->0(613)
[249.470s][info][gc,heap        ] GC(553) Survivor regions: 1->1(77)
[249.470s][info][gc,heap        ] GC(553) Old regions: 9->9
[249.470s][info][gc,heap        ] GC(553) Humongous regions: 2->2
[249.470s][info][gc,metaspace   ] GC(553) Metaspace: 16581K(16896K)->16581K(16896K) NonClass: 14255K(14400K)->14255K(14400K) Class: 2325K(2496K)->2325K(2496K)
[249.470s][info][gc             ] GC(553) Pause Young (Normal) (G1 Evacuation Pause) 619M->6M(1024M) 1.230ms
[249.470s][info][gc,cpu         ] GC(553) User=0.00s Sys=0.00s Real=0.02s
[249.564s][info][gc,start       ] GC(554) Pause Young (Concurrent Start) (G1 Evacuation Pause)
[249.564s][info][gc,task        ] GC(554) Using 6 workers of 6 for evacuation
[249.565s][info][gc,phases      ] GC(554)   Pre Evacuate Collection Set: 0.3ms
[249.565s][info][gc,phases      ] GC(554)   Merge Heap Roots: 0.1ms
[249.565s][info][gc,phases      ] GC(554)   Evacuate Collection Set: 0.4ms
[249.565s][info][gc,phases      ] GC(554)   Post Evacuate Collection Set: 0.4ms
[249.565s][info][gc,phases      ] GC(554)   Other: 0.1ms
[249.565s][info][gc,heap        ] GC(554) Eden regions: 613->0(613)
[249.565s][info][gc,heap        ] GC(554) Survivor regions: 1->1(77)
[249.565s][info][gc,heap        ] GC(554) Old regions: 9->9
[249.565s][info][gc,heap        ] GC(554) Humongous regions: 2->2
[249.565s][info][gc,metaspace   ] GC(554) Metaspace: 16581K(16896K)->16581K(16896K) NonClass: 14255K(14400K)->14255K(14400K) Class: 2325K(2496K)->2325K(2496K)
[249.565s][info][gc             ] GC(554) Pause Young (Concurrent Start) (G1 Evacuation Pause) 619M->6M(1024M) 1.426ms
[249.565s][info][gc             ] GC(555) Concurrent Mark Cycle
[249.565s][info][gc,cpu         ] GC(554) User=0.00s Sys=0.00s Real=0.02s
[249.565s][info][gc,marking     ] GC(555) Concurrent Scan Root Regions
[249.566s][info][gc,marking     ] GC(555) Concurrent Scan Root Regions 0.271ms
[249.566s][info][gc,marking     ] GC(555) Concurrent Mark
[249.566s][info][gc,marking     ] GC(555) Concurrent Mark From Roots
[249.566s][info][gc,task        ] GC(555) Using 2 workers of 2 for marking
[249.569s][info][gc,marking     ] GC(555) Concurrent Mark From Roots 3.043ms
[249.569s][info][gc,marking     ] GC(555) Concurrent Preclean
[249.569s][info][gc,marking     ] GC(555) Concurrent Preclean 0.018ms
[249.569s][info][gc,start       ] GC(555) Pause Remark
[249.570s][info][gc             ] GC(555) Pause Remark 22M->22M(1024M) 1.157ms
[249.570s][info][gc,cpu         ] GC(555) User=0.00s Sys=0.00s Real=0.00s
[249.570s][info][gc,marking     ] GC(555) Concurrent Mark 4.482ms
[249.570s][info][gc,marking     ] GC(555) Concurrent Rebuild Remembered Sets and Scrub Regions
[249.571s][info][gc,marking     ] GC(555) Concurrent Rebuild Remembered Sets and Scrub Regions 1.010ms
[249.571s][info][gc,start       ] GC(555) Pause Cleanup
[249.571s][info][gc             ] GC(555) Pause Cleanup 28M->28M(1024M) 0.179ms
[249.571s][info][gc,cpu         ] GC(555) User=0.00s Sys=0.00s Real=0.00s
[249.571s][info][gc,marking     ] GC(555) Concurrent Clear Claimed Marks
[249.571s][info][gc,marking     ] GC(555) Concurrent Clear Claimed Marks 0.030ms
[249.571s][info][gc,marking     ] GC(555) Concurrent Cleanup for Next Mark
[249.574s][info][gc,marking     ] GC(555) Concurrent Cleanup for Next Mark 2.389ms
[249.574s][info][gc             ] GC(555) Concurrent Mark Cycle 8.754ms
[249.668s][info][gc,start       ] GC(556) Pause Young (Prepare Mixed) (G1 Evacuation Pause)
[249.669s][info][gc,task        ] GC(556) Using 6 workers of 6 for evacuation
[249.670s][info][gc,phases      ] GC(556)   Pre Evacuate Collection Set: 0.2ms
[249.670s][info][gc,phases      ] GC(556)   Merge Heap Roots: 0.1ms
[249.670s][info][gc,phases      ] GC(556)   Evacuate Collection Set: 0.3ms
[249.670s][info][gc,phases      ] GC(556)   Post Evacuate Collection Set: 0.3ms
[249.670s][info][gc,phases      ] GC(556)   Other: 0.1ms
[249.670s][info][gc,heap        ] GC(556) Eden regions: 613->0(613)
[249.670s][info][gc,heap        ] GC(556) Survivor regions: 1->1(77)
[249.670s][info][gc,heap        ] GC(556) Old regions: 9->9
[249.670s][info][gc,heap        ] GC(556) Humongous regions: 2->2
[249.670s][info][gc,metaspace   ] GC(556) Metaspace: 16581K(16896K)->16581K(16896K) NonClass: 14255K(14400K)->14255K(14400K) Class: 2325K(2496K)->2325K(2496K)
[249.670s][info][gc             ] GC(556) Pause Young (Prepare Mixed) (G1 Evacuation Pause) 619M->6M(1024M) 1.377ms
[249.670s][info][gc,cpu         ] GC(556) User=0.00s Sys=0.02s Real=0.00s
[249.857s][info][gc,start       ] GC(557) Pause Young (Mixed) (G1 Evacuation Pause)
[249.857s][info][gc,task        ] GC(557) Using 6 workers of 6 for evacuation
[249.918s][info][gc,phases      ] GC(557)   Pre Evacuate Collection Set: 0.2ms
[249.918s][info][gc,phases      ] GC(557)   Merge Heap Roots: 0.1ms
[249.918s][info][gc,phases      ] GC(557)   Evacuate Collection Set: 59.8ms
[249.918s][info][gc,phases      ] GC(557)   Post Evacuate Collection Set: 0.6ms
[249.918s][info][gc,phases      ] GC(557)   Other: 0.1ms
[249.918s][info][gc,heap        ] GC(557) Eden regions: 613->0(537)
[249.918s][info][gc,heap        ] GC(557) Survivor regions: 1->77(77)
[249.918s][info][gc,heap        ] GC(557) Old regions: 9->60
[249.918s][info][gc,heap        ] GC(557) Humongous regions: 3->3
[249.918s][info][gc,metaspace   ] GC(557) Metaspace: 16581K(16896K)->16581K(16896K) NonClass: 14255K(14400K)->14255K(14400K) Class: 2325K(2496K)->2325K(2496K)
[249.918s][info][gc             ] GC(557) Pause Young (Mixed) (G1 Evacuation Pause) 620M->135M(1024M) 60.976ms
[249.918s][info][gc,cpu         ] GC(557) User=0.33s Sys=0.00s Real=0.06s
[250.286s][info][gc,start       ] GC(558) Pause Young (Concurrent Start) (G1 Humongous Allocation)
[250.286s][info][gc,task        ] GC(558) Using 6 workers of 6 for evacuation
[250.450s][info][gc,phases      ] GC(558)   Pre Evacuate Collection Set: 0.2ms
[250.451s][info][gc,phases      ] GC(558)   Merge Heap Roots: 0.3ms
[250.451s][info][gc,phases      ] GC(558)   Evacuate Collection Set: 162.7ms
[250.451s][info][gc,phases      ] GC(558)   Post Evacuate Collection Set: 1.1ms
[250.451s][info][gc,phases      ] GC(558)   Other: 0.1ms
[250.451s][info][gc,heap        ] GC(558) Eden regions: 445->0(285)
[250.451s][info][gc,heap        ] GC(558) Survivor regions: 77->77(77)
[250.451s][info][gc,heap        ] GC(558) Old regions: 60->356
[250.451s][info][gc,heap        ] GC(558) Humongous regions: 3->3
[250.451s][info][gc,metaspace   ] GC(558) Metaspace: 16581K(16896K)->16581K(16896K) NonClass: 14255K(14400K)->14255K(14400K) Class: 2325K(2496K)->2325K(2496K)
[250.451s][info][gc             ] GC(558) Pause Young (Concurrent Start) (G1 Humongous Allocation) 580M->431M(1024M) 165.844ms
[250.451s][info][gc             ] GC(559) Concurrent Mark Cycle
[250.451s][info][gc,cpu         ] GC(558) User=0.94s Sys=0.00s Real=0.16s
[250.451s][info][gc,marking     ] GC(559) Concurrent Scan Root Regions
[250.530s][info][gc,marking     ] GC(559) Concurrent Scan Root Regions 78.802ms
[250.530s][info][gc,marking     ] GC(559) Concurrent Mark
[250.530s][info][gc,marking     ] GC(559) Concurrent Mark From Roots
[250.530s][info][gc,task        ] GC(559) Using 2 workers of 2 for marking
[250.576s][info][gc,marking     ] GC(559) Concurrent Mark From Roots 45.675ms
[250.576s][info][gc,marking     ] GC(559) Concurrent Preclean
[250.576s][info][gc,marking     ] GC(559) Concurrent Preclean 0.046ms
[250.576s][info][gc,start       ] GC(559) Pause Remark
[250.577s][info][gc             ] GC(559) Pause Remark 471M->471M(1024M) 1.058ms
[250.577s][info][gc,cpu         ] GC(559) User=0.00s Sys=0.00s Real=0.00s
[250.577s][info][gc,marking     ] GC(559) Concurrent Mark 47.043ms
[250.577s][info][gc,marking     ] GC(559) Concurrent Rebuild Remembered Sets and Scrub Regions
[250.679s][info][gc,marking     ] GC(559) Concurrent Rebuild Remembered Sets and Scrub Regions 101.308ms
[250.679s][info][gc,start       ] GC(559) Pause Cleanup
[250.679s][info][gc             ] GC(559) Pause Cleanup 498M->498M(1024M) 0.177ms
[250.679s][info][gc,cpu         ] GC(559) User=0.00s Sys=0.00s Real=0.00s
[250.679s][info][gc,marking     ] GC(559) Concurrent Clear Claimed Marks
[250.679s][info][gc,marking     ] GC(559) Concurrent Clear Claimed Marks 0.032ms
[250.679s][info][gc,marking     ] GC(559) Concurrent Cleanup for Next Mark
[250.681s][info][gc,marking     ] GC(559) Concurrent Cleanup for Next Mark 1.764ms
[250.681s][info][gc             ] GC(559) Concurrent Mark Cycle 229.543ms
[253.055s][info][gc,start       ] GC(560) Pause Young (Prepare Mixed) (G1 Evacuation Pause)
[253.055s][info][gc,task        ] GC(560) Using 6 workers of 6 for evacuation
[253.150s][info][gc,phases      ] GC(560)   Pre Evacuate Collection Set: 0.3ms
[253.152s][info][gc,phases      ] GC(560)   Merge Heap Roots: 1.6ms
[253.152s][info][gc,phases      ] GC(560)   Evacuate Collection Set: 92.2ms
[253.152s][info][gc,phases      ] GC(560)   Post Evacuate Collection Set: 0.8ms
[253.152s][info][gc,phases      ] GC(560)   Other: 0.1ms
[253.152s][info][gc,heap        ] GC(560) Eden regions: 285->0(243)
[253.152s][info][gc,heap        ] GC(560) Survivor regions: 77->46(46)
[253.152s][info][gc,heap        ] GC(560) Old regions: 356->472
[253.152s][info][gc,heap        ] GC(560) Humongous regions: 4->4
[253.152s][info][gc,metaspace   ] GC(560) Metaspace: 16581K(16896K)->16581K(16896K) NonClass: 14255K(14400K)->14255K(14400K) Class: 2325K(2496K)->2325K(2496K)
[253.152s][info][gc             ] GC(560) Pause Young (Prepare Mixed) (G1 Evacuation Pause) 717M->517M(1024M) 96.816ms
[253.152s][info][gc,cpu         ] GC(560) User=0.48s Sys=0.00s Real=0.09s
[253.289s][info][gc,start       ] GC(561) Pause Young (Mixed) (G1 Evacuation Pause)
[253.289s][info][gc,task        ] GC(561) Using 6 workers of 6 for evacuation
[253.366s][info][gc,phases      ] GC(561)   Pre Evacuate Collection Set: 0.2ms
[253.367s][info][gc,phases      ] GC(561)   Merge Heap Roots: 0.6ms
[253.367s][info][gc,phases      ] GC(561)   Evacuate Collection Set: 75.9ms
[253.367s][info][gc,phases      ] GC(561)   Post Evacuate Collection Set: 0.4ms
[253.367s][info][gc,phases      ] GC(561)   Other: 0.1ms
[253.367s][info][gc,heap        ] GC(561) Eden regions: 243->0(186)
[253.367s][info][gc,heap        ] GC(561) Survivor regions: 46->37(37)
[253.367s][info][gc,heap        ] GC(561) Old regions: 472->583
[253.367s][info][gc,heap        ] GC(561) Humongous regions: 4->4
[253.367s][info][gc,metaspace   ] GC(561) Metaspace: 16581K(16896K)->16581K(16896K) NonClass: 14255K(14400K)->14255K(14400K) Class: 2325K(2496K)->2325K(2496K)
[253.367s][info][gc             ] GC(561) Pause Young (Mixed) (G1 Evacuation Pause) 760M->620M(1024M) 77.475ms
[253.367s][info][gc,cpu         ] GC(561) User=0.39s Sys=0.00s Real=0.08s
[253.477s][info][gc,start       ] GC(562) Pause Young (Concurrent Start) (G1 Evacuation Pause)
[253.477s][info][gc,task        ] GC(562) Using 6 workers of 6 for evacuation
[253.532s][info][gc,phases      ] GC(562)   Pre Evacuate Collection Set: 0.2ms
[253.532s][info][gc,phases      ] GC(562)   Merge Heap Roots: 0.1ms
[253.532s][info][gc,phases      ] GC(562)   Evacuate Collection Set: 54.5ms
[253.532s][info][gc,phases      ] GC(562)   Post Evacuate Collection Set: 0.4ms
[253.532s][info][gc,phases      ] GC(562)   Other: 0.2ms
[253.532s][info][gc,heap        ] GC(562) Eden regions: 186->0(151)
[253.532s][info][gc,heap        ] GC(562) Survivor regions: 37->28(28)
[253.532s][info][gc,heap        ] GC(562) Old regions: 583->671
[253.532s][info][gc,heap        ] GC(562) Humongous regions: 4->4
[253.532s][info][gc,metaspace   ] GC(562) Metaspace: 16581K(16896K)->16581K(16896K) NonClass: 14255K(14400K)->14255K(14400K) Class: 2325K(2496K)->2325K(2496K)
[253.532s][info][gc             ] GC(562) Pause Young (Concurrent Start) (G1 Evacuation Pause) 806M->699M(1024M) 55.631ms
[253.532s][info][gc,cpu         ] GC(562) User=0.28s Sys=0.00s Real=0.05s
[253.532s][info][gc             ] GC(563) Concurrent Mark Cycle
[253.532s][info][gc,marking     ] GC(563) Concurrent Scan Root Regions
[253.561s][info][gc,marking     ] GC(563) Concurrent Scan Root Regions 28.684ms
[253.561s][info][gc,marking     ] GC(563) Concurrent Mark
[253.561s][info][gc,marking     ] GC(563) Concurrent Mark From Roots
[253.561s][info][gc,task        ] GC(563) Using 2 workers of 2 for marking
[253.633s][info][gc,start       ] GC(564) Pause Young (Normal) (G1 Evacuation Pause)
[253.633s][info][gc,task        ] GC(564) Using 6 workers of 6 for evacuation
[253.678s][info][gc,phases      ] GC(564)   Pre Evacuate Collection Set: 0.2ms
[253.678s][info][gc,phases      ] GC(564)   Merge Heap Roots: 0.1ms
[253.678s][info][gc,phases      ] GC(564)   Evacuate Collection Set: 44.0ms
[253.678s][info][gc,phases      ] GC(564)   Post Evacuate Collection Set: 0.3ms
[253.678s][info][gc,phases      ] GC(564)   Other: 0.1ms
[253.678s][info][gc,heap        ] GC(564) Eden regions: 151->0(120)
[253.678s][info][gc,heap        ] GC(564) Survivor regions: 28->23(23)
[253.678s][info][gc,heap        ] GC(564) Old regions: 671->742
[253.678s][info][gc,heap        ] GC(564) Humongous regions: 4->4
[253.678s][info][gc,metaspace   ] GC(564) Metaspace: 16581K(16896K)->16581K(16896K) NonClass: 14255K(14400K)->14255K(14400K) Class: 2325K(2496K)->2325K(2496K)
[253.678s][info][gc             ] GC(564) Pause Young (Normal) (G1 Evacuation Pause) 850M->765M(1024M) 44.995ms
[253.678s][info][gc,cpu         ] GC(564) User=0.12s Sys=0.00s Real=0.05s
[253.711s][info][gc,marking     ] GC(563) Concurrent Mark From Roots 149.526ms
[253.711s][info][gc,marking     ] GC(563) Concurrent Preclean
[253.711s][info][gc,marking     ] GC(563) Concurrent Preclean 0.058ms
[253.711s][info][gc,start       ] GC(563) Pause Remark
[253.712s][info][gc             ] GC(563) Pause Remark 814M->403M(1024M) 1.383ms
[253.712s][info][gc,cpu         ] GC(563) User=0.00s Sys=0.00s Real=0.01s
[253.712s][info][gc,marking     ] GC(563) Concurrent Mark 151.221ms
[253.712s][info][gc,marking     ] GC(563) Concurrent Rebuild Remembered Sets and Scrub Regions
[253.757s][info][gc,start       ] GC(565) Pause Young (Normal) (G1 Evacuation Pause)
[253.757s][info][gc,task        ] GC(565) Using 6 workers of 6 for evacuation
[253.792s][info][gc,phases      ] GC(565)   Pre Evacuate Collection Set: 0.2ms
[253.792s][info][gc,phases      ] GC(565)   Merge Heap Roots: 0.1ms
[253.792s][info][gc,phases      ] GC(565)   Evacuate Collection Set: 34.6ms
[253.792s][info][gc,phases      ] GC(565)   Post Evacuate Collection Set: 0.5ms
[253.792s][info][gc,phases      ] GC(565)   Other: 0.1ms
[253.792s][info][gc,heap        ] GC(565) Eden regions: 120->0(306)
[253.792s][info][gc,heap        ] GC(565) Survivor regions: 23->18(18)
[253.792s][info][gc,heap        ] GC(565) Old regions: 333->390
[253.792s][info][gc,heap        ] GC(565) Humongous regions: 2->2
[253.792s][info][gc,metaspace   ] GC(565) Metaspace: 16581K(16896K)->16581K(16896K) NonClass: 14255K(14400K)->14255K(14400K) Class: 2325K(2496K)->2325K(2496K)
[253.792s][info][gc             ] GC(565) Pause Young (Normal) (G1 Evacuation Pause) 474M->406M(1024M) 35.657ms
[253.792s][info][gc,cpu         ] GC(565) User=0.14s Sys=0.00s Real=0.05s
[253.944s][info][gc,marking     ] GC(563) Concurrent Rebuild Remembered Sets and Scrub Regions 231.962ms
[253.945s][info][gc,start       ] GC(563) Pause Cleanup
[253.945s][info][gc             ] GC(563) Pause Cleanup 551M->551M(1024M) 0.218ms
[253.945s][info][gc,cpu         ] GC(563) User=0.00s Sys=0.00s Real=0.00s
[253.945s][info][gc,marking     ] GC(563) Concurrent Clear Claimed Marks
[253.945s][info][gc,marking     ] GC(563) Concurrent Clear Claimed Marks 0.030ms
[253.945s][info][gc,marking     ] GC(563) Concurrent Cleanup for Next Mark
[253.946s][info][gc,marking     ] GC(563) Concurrent Cleanup for Next Mark 1.571ms
[253.947s][info][gc             ] GC(563) Concurrent Mark Cycle 414.141ms
[254.433s][info][gc,start       ] GC(566) Pause Young (Prepare Mixed) (G1 Evacuation Pause)
[254.433s][info][gc,task        ] GC(566) Using 6 workers of 6 for evacuation
[254.510s][info][gc,phases      ] GC(566)   Pre Evacuate Collection Set: 0.5ms
[254.510s][info][gc,phases      ] GC(566)   Merge Heap Roots: 2.1ms
[254.510s][info][gc,phases      ] GC(566)   Evacuate Collection Set: 73.2ms
[254.510s][info][gc,phases      ] GC(566)   Post Evacuate Collection Set: 1.0ms
[254.510s][info][gc,phases      ] GC(566)   Other: 0.1ms
[254.510s][info][gc,heap        ] GC(566) Eden regions: 306->0(272)
[254.510s][info][gc,heap        ] GC(566) Survivor regions: 18->41(41)
[254.510s][info][gc,heap        ] GC(566) Old regions: 390->441
[254.510s][info][gc,heap        ] GC(566) Humongous regions: 8->8
[254.510s][info][gc,metaspace   ] GC(566) Metaspace: 16581K(16896K)->16581K(16896K) NonClass: 14255K(14400K)->14255K(14400K) Class: 2325K(2496K)->2325K(2496K)
[254.510s][info][gc             ] GC(566) Pause Young (Prepare Mixed) (G1 Evacuation Pause) 718M->486M(1024M) 77.178ms
[254.510s][info][gc,cpu         ] GC(566) User=0.45s Sys=0.00s Real=0.08s
[254.996s][info][gc,start       ] GC(567) Pause Young (Mixed) (G1 Evacuation Pause)
[254.996s][info][gc,task        ] GC(567) Using 6 workers of 6 for evacuation
[255.027s][info][gc,phases      ] GC(567)   Pre Evacuate Collection Set: 0.3ms
[255.027s][info][gc,phases      ] GC(567)   Merge Heap Roots: 1.1ms
[255.027s][info][gc,phases      ] GC(567)   Evacuate Collection Set: 29.6ms
[255.028s][info][gc,phases      ] GC(567)   Post Evacuate Collection Set: 0.7ms
[255.028s][info][gc,phases      ] GC(567)   Other: 0.1ms
[255.028s][info][gc,heap        ] GC(567) Eden regions: 272->0(308)
[255.028s][info][gc,heap        ] GC(567) Survivor regions: 41->3(40)
[255.028s][info][gc,heap        ] GC(567) Old regions: 441->462
[255.028s][info][gc,heap        ] GC(567) Humongous regions: 8->8
[255.028s][info][gc,metaspace   ] GC(567) Metaspace: 16581K(16896K)->16581K(16896K) NonClass: 14255K(14400K)->14255K(14400K) Class: 2325K(2496K)->2325K(2496K)
[255.028s][info][gc             ] GC(567) Pause Young (Mixed) (G1 Evacuation Pause) 758M->469M(1024M) 32.049ms
[255.028s][info][gc,cpu         ] GC(567) User=0.09s Sys=0.00s Real=0.03s
[255.877s][info][gc,start       ] GC(568) Pause Full (System.gc())
[255.877s][info][gc,task        ] GC(568) Using 6 workers of 6 for full compaction
[255.878s][info][gc,phases,start] GC(568) Phase 1: Mark live objects
[255.880s][info][gc,phases      ] GC(568) Phase 1: Mark live objects 2.042ms
[255.880s][info][gc,phases,start] GC(568) Phase 2: Prepare compaction
[255.880s][info][gc,phases      ] GC(568) Phase 2: Prepare compaction 0.629ms
[255.880s][info][gc,phases,start] GC(568) Phase 3: Adjust pointers
[255.882s][info][gc,phases      ] GC(568) Phase 3: Adjust pointers 2.006ms
[255.882s][info][gc,phases,start] GC(568) Phase 4: Compact heap
[255.883s][info][gc,phases      ] GC(568) Phase 4: Compact heap 0.416ms
[255.883s][info][gc,phases,start] GC(568) Phase 5: Reset Metadata
[255.884s][info][gc,phases      ] GC(568) Phase 5: Reset Metadata 0.710ms
[255.888s][info][gc,heap        ] GC(568) Eden regions: 177->0(560)
[255.889s][info][gc,heap        ] GC(568) Survivor regions: 3->0(40)
[255.889s][info][gc,heap        ] GC(568) Old regions: 462->10
[255.889s][info][gc,heap        ] GC(568) Humongous regions: 8->2
[255.889s][info][gc,metaspace   ] GC(568) Metaspace: 16582K(16896K)->16582K(16896K) NonClass: 14256K(14400K)->14256K(14400K) Class: 2325K(2496K)->2325K(2496K)
[255.889s][info][gc             ] GC(568) Pause Full (System.gc()) 646M->5M(1024M) 11.335ms
[255.889s][info][gc,cpu         ] GC(568) User=0.00s Sys=0.00s Real=0.02s
[257.189s][info][gc,start       ] GC(569) Pause Young (Concurrent Start) (G1 Evacuation Pause)
[257.189s][info][gc,task        ] GC(569) Using 6 workers of 6 for evacuation
[257.191s][info][gc,phases      ] GC(569)   Pre Evacuate Collection Set: 0.2ms
[257.191s][info][gc,phases      ] GC(569)   Merge Heap Roots: 0.1ms
[257.191s][info][gc,phases      ] GC(569)   Evacuate Collection Set: 0.4ms
[257.191s][info][gc,phases      ] GC(569)   Post Evacuate Collection Set: 0.4ms
[257.191s][info][gc,phases      ] GC(569)   Other: 0.1ms
[257.191s][info][gc,heap        ] GC(569) Eden regions: 560->0(612)
[257.191s][info][gc,heap        ] GC(569) Survivor regions: 0->2(70)
[257.191s][info][gc,heap        ] GC(569) Old regions: 10->10
[257.191s][info][gc,heap        ] GC(569) Humongous regions: 2->2
[257.191s][info][gc,metaspace   ] GC(569) Metaspace: 16582K(16896K)->16582K(16896K) NonClass: 14256K(14400K)->14256K(14400K) Class: 2325K(2496K)->2325K(2496K)
[257.191s][info][gc             ] GC(569) Pause Young (Concurrent Start) (G1 Evacuation Pause) 565M->7M(1024M) 1.354ms
[257.191s][info][gc,cpu         ] GC(569) User=0.00s Sys=0.00s Real=0.00s
[257.191s][info][gc             ] GC(570) Concurrent Mark Cycle
[257.191s][info][gc,marking     ] GC(570) Concurrent Scan Root Regions
[257.191s][info][gc,marking     ] GC(570) Concurrent Scan Root Regions 0.157ms
[257.191s][info][gc,marking     ] GC(570) Concurrent Mark
[257.191s][info][gc,marking     ] GC(570) Concurrent Mark From Roots
[257.191s][info][gc,task        ] GC(570) Using 2 workers of 2 for marking
[257.194s][info][gc,marking     ] GC(570) Concurrent Mark From Roots 3.010ms
[257.194s][info][gc,marking     ] GC(570) Concurrent Preclean
[257.194s][info][gc,marking     ] GC(570) Concurrent Preclean 0.020ms
[257.194s][info][gc,start       ] GC(570) Pause Remark
[257.195s][info][gc             ] GC(570) Pause Remark 23M->23M(1024M) 1.104ms
[257.195s][info][gc,cpu         ] GC(570) User=0.00s Sys=0.00s Real=0.00s
[257.195s][info][gc,marking     ] GC(570) Concurrent Mark 4.401ms
[257.195s][info][gc,marking     ] GC(570) Concurrent Rebuild Remembered Sets and Scrub Regions
[257.196s][info][gc,marking     ] GC(570) Concurrent Rebuild Remembered Sets and Scrub Regions 0.991ms
[257.196s][info][gc,start       ] GC(570) Pause Cleanup
[257.197s][info][gc             ] GC(570) Pause Cleanup 28M->28M(1024M) 0.174ms
[257.197s][info][gc,cpu         ] GC(570) User=0.00s Sys=0.00s Real=0.00s
[257.197s][info][gc,marking     ] GC(570) Concurrent Clear Claimed Marks
[257.197s][info][gc,marking     ] GC(570) Concurrent Clear Claimed Marks 0.028ms
[257.197s][info][gc,marking     ] GC(570) Concurrent Cleanup for Next Mark
[257.199s][info][gc,marking     ] GC(570) Concurrent Cleanup for Next Mark 2.389ms
[257.199s][info][gc             ] GC(570) Concurrent Mark Cycle 8.507ms
[257.291s][info][gc,start       ] GC(571) Pause Young (Prepare Mixed) (G1 Evacuation Pause)
[257.291s][info][gc,task        ] GC(571) Using 6 workers of 6 for evacuation
[257.292s][info][gc,phases      ] GC(571)   Pre Evacuate Collection Set: 0.2ms
[257.292s][info][gc,phases      ] GC(571)   Merge Heap Roots: 0.1ms
[257.292s][info][gc,phases      ] GC(571)   Evacuate Collection Set: 0.3ms
[257.292s][info][gc,phases      ] GC(571)   Post Evacuate Collection Set: 0.4ms
[257.292s][info][gc,phases      ] GC(571)   Other: 0.1ms
[257.292s][info][gc,heap        ] GC(571) Eden regions: 612->0(613)
[257.292s][info][gc,heap        ] GC(571) Survivor regions: 2->1(77)
[257.293s][info][gc,heap        ] GC(571) Old regions: 10->10
[257.293s][info][gc,heap        ] GC(571) Humongous regions: 2->2
[257.293s][info][gc,metaspace   ] GC(571) Metaspace: 16582K(16896K)->16582K(16896K) NonClass: 14256K(14400K)->14256K(14400K) Class: 2325K(2496K)->2325K(2496K)
[257.293s][info][gc             ] GC(571) Pause Young (Prepare Mixed) (G1 Evacuation Pause) 619M->6M(1024M) 1.355ms
[257.293s][info][gc,cpu         ] GC(571) User=0.00s Sys=0.00s Real=0.00s
[257.387s][info][gc,start       ] GC(572) Pause Young (Mixed) (G1 Evacuation Pause)
[257.387s][info][gc,task        ] GC(572) Using 6 workers of 6 for evacuation
[257.388s][info][gc,phases      ] GC(572)   Pre Evacuate Collection Set: 0.6ms
[257.388s][info][gc,phases      ] GC(572)   Merge Heap Roots: 0.1ms
[257.388s][info][gc,phases      ] GC(572)   Evacuate Collection Set: 0.3ms
[257.388s][info][gc,phases      ] GC(572)   Post Evacuate Collection Set: 0.4ms
[257.388s][info][gc,phases      ] GC(572)   Other: 0.1ms
[257.388s][info][gc,heap        ] GC(572) Eden regions: 613->0(613)
[257.388s][info][gc,heap        ] GC(572) Survivor regions: 1->1(77)
[257.388s][info][gc,heap        ] GC(572) Old regions: 10->9
[257.388s][info][gc,heap        ] GC(572) Humongous regions: 2->2
[257.388s][info][gc,metaspace   ] GC(572) Metaspace: 16582K(16896K)->16582K(16896K) NonClass: 14256K(14400K)->14256K(14400K) Class: 2325K(2496K)->2325K(2496K)
[257.388s][info][gc             ] GC(572) Pause Young (Mixed) (G1 Evacuation Pause) 619M->6M(1024M) 1.584ms
[257.388s][info][gc,cpu         ] GC(572) User=0.00s Sys=0.00s Real=0.02s
[257.483s][info][gc,start       ] GC(573) Pause Young (Concurrent Start) (G1 Evacuation Pause)
[257.483s][info][gc,task        ] GC(573) Using 6 workers of 6 for evacuation
[257.484s][info][gc,phases      ] GC(573)   Pre Evacuate Collection Set: 0.2ms
[257.484s][info][gc,phases      ] GC(573)   Merge Heap Roots: 0.1ms
[257.484s][info][gc,phases      ] GC(573)   Evacuate Collection Set: 0.3ms
[257.484s][info][gc,phases      ] GC(573)   Post Evacuate Collection Set: 0.3ms
[257.484s][info][gc,phases      ] GC(573)   Other: 0.1ms
[257.484s][info][gc,heap        ] GC(573) Eden regions: 613->0(613)
[257.484s][info][gc,heap        ] GC(573) Survivor regions: 1->1(77)
[257.484s][info][gc,heap        ] GC(573) Old regions: 9->9
[257.484s][info][gc,heap        ] GC(573) Humongous regions: 2->2
[257.484s][info][gc,metaspace   ] GC(573) Metaspace: 16582K(16896K)->16582K(16896K) NonClass: 14256K(14400K)->14256K(14400K) Class: 2325K(2496K)->2325K(2496K)
[257.484s][info][gc             ] GC(573) Pause Young (Concurrent Start) (G1 Evacuation Pause) 619M->6M(1024M) 1.260ms
[257.484s][info][gc,cpu         ] GC(573) User=0.00s Sys=0.00s Real=0.00s
[257.484s][info][gc             ] GC(574) Concurrent Mark Cycle
[257.484s][info][gc,marking     ] GC(574) Concurrent Scan Root Regions
[257.484s][info][gc,marking     ] GC(574) Concurrent Scan Root Regions 0.255ms
[257.484s][info][gc,marking     ] GC(574) Concurrent Mark
[257.484s][info][gc,marking     ] GC(574) Concurrent Mark From Roots
[257.484s][info][gc,task        ] GC(574) Using 2 workers of 2 for marking
[257.487s][info][gc,marking     ] GC(574) Concurrent Mark From Roots 3.087ms
[257.488s][info][gc,marking     ] GC(574) Concurrent Preclean
[257.488s][info][gc,marking     ] GC(574) Concurrent Preclean 0.020ms
[257.488s][info][gc,start       ] GC(574) Pause Remark
[257.489s][info][gc             ] GC(574) Pause Remark 22M->22M(1024M) 1.044ms
[257.489s][info][gc,cpu         ] GC(574) User=0.00s Sys=0.00s Real=0.00s
[257.489s][info][gc,marking     ] GC(574) Concurrent Mark 4.423ms
[257.489s][info][gc,marking     ] GC(574) Concurrent Rebuild Remembered Sets and Scrub Regions
[257.490s][info][gc,marking     ] GC(574) Concurrent Rebuild Remembered Sets and Scrub Regions 0.975ms
[257.490s][info][gc,start       ] GC(574) Pause Cleanup
[257.490s][info][gc             ] GC(574) Pause Cleanup 28M->28M(1024M) 0.116ms
[257.490s][info][gc,cpu         ] GC(574) User=0.00s Sys=0.00s Real=0.00s
[257.490s][info][gc,marking     ] GC(574) Concurrent Clear Claimed Marks
[257.490s][info][gc,marking     ] GC(574) Concurrent Clear Claimed Marks 0.027ms
[257.490s][info][gc,marking     ] GC(574) Concurrent Cleanup for Next Mark
[257.493s][info][gc,marking     ] GC(574) Concurrent Cleanup for Next Mark 2.429ms
[257.493s][info][gc             ] GC(574) Concurrent Mark Cycle 8.599ms
[257.644s][info][gc,start       ] GC(575) Pause Young (Prepare Mixed) (G1 Evacuation Pause)
[257.644s][info][gc,task        ] GC(575) Using 6 workers of 6 for evacuation
[257.685s][info][gc,phases      ] GC(575)   Pre Evacuate Collection Set: 0.2ms
[257.685s][info][gc,phases      ] GC(575)   Merge Heap Roots: 0.1ms
[257.685s][info][gc,phases      ] GC(575)   Evacuate Collection Set: 40.4ms
[257.685s][info][gc,phases      ] GC(575)   Post Evacuate Collection Set: 0.6ms
[257.685s][info][gc,phases      ] GC(575)   Other: 0.1ms
[257.685s][info][gc,heap        ] GC(575) Eden regions: 613->0(537)
[257.685s][info][gc,heap        ] GC(575) Survivor regions: 1->77(77)
[257.685s][info][gc,heap        ] GC(575) Old regions: 9->23
[257.685s][info][gc,heap        ] GC(575) Humongous regions: 3->3
[257.685s][info][gc,metaspace   ] GC(575) Metaspace: 16582K(16896K)->16582K(16896K) NonClass: 14256K(14400K)->14256K(14400K) Class: 2325K(2496K)->2325K(2496K)
[257.685s][info][gc             ] GC(575) Pause Young (Prepare Mixed) (G1 Evacuation Pause) 620M->97M(1024M) 41.504ms
[257.685s][info][gc,cpu         ] GC(575) User=0.03s Sys=0.00s Real=0.03s
[258.261s][info][gc,start       ] GC(576) Pause Young (Mixed) (G1 Evacuation Pause)
[258.261s][info][gc,task        ] GC(576) Using 6 workers of 6 for evacuation
[258.445s][info][gc,phases      ] GC(576)   Pre Evacuate Collection Set: 0.2ms
[258.445s][info][gc,phases      ] GC(576)   Merge Heap Roots: 0.1ms
[258.445s][info][gc,phases      ] GC(576)   Evacuate Collection Set: 175.0ms
[258.445s][info][gc,phases      ] GC(576)   Post Evacuate Collection Set: 9.0ms
[258.445s][info][gc,phases      ] GC(576)   Other: 0.1ms
[258.445s][info][gc,heap        ] GC(576) Eden regions: 537->0(0)
[258.445s][info][gc,heap        ] GC(576) Survivor regions: 77->77(77)
[258.445s][info][gc,heap        ] GC(576) Old regions: 23->918
[258.445s][info][gc,heap        ] GC(576) Humongous regions: 4->4
[258.445s][info][gc,metaspace   ] GC(576) Metaspace: 16582K(16896K)->16582K(16896K) NonClass: 14256K(14400K)->14256K(14400K) Class: 2325K(2496K)->2325K(2496K)
[258.445s][info][gc             ] GC(576) Pause Young (Mixed) (G1 Evacuation Pause) (Evacuation Failure) 635M->993M(1024M) 184.590ms
[258.445s][info][gc,cpu         ] GC(576) User=1.02s Sys=0.02s Real=0.19s
[258.445s][info][gc,ergo        ] Attempting full compaction
[258.445s][info][gc,start       ] GC(577) Pause Full (G1 Compaction Pause)
[258.445s][info][gc,task        ] GC(577) Using 6 workers of 6 for full compaction
[258.445s][info][gc,phases,start] GC(577) Phase 1: Mark live objects
[258.559s][info][gc,phases      ] GC(577) Phase 1: Mark live objects 113.472ms
[258.559s][info][gc,phases,start] GC(577) Phase 2: Prepare compaction
[258.566s][info][gc,phases      ] GC(577) Phase 2: Prepare compaction 6.755ms
[258.566s][info][gc,phases,start] GC(577) Phase 3: Adjust pointers
[258.592s][info][gc,phases      ] GC(577) Phase 3: Adjust pointers 26.593ms
[258.592s][info][gc,phases,start] GC(577) Phase 4: Compact heap
[258.601s][info][gc,phases      ] GC(577) Phase 4: Compact heap 8.284ms
[258.601s][info][gc,phases,start] GC(577) Phase 5: Reset Metadata
[258.614s][info][gc,phases      ] GC(577) Phase 5: Reset Metadata 13.136ms
[258.620s][info][gc,heap        ] GC(577) Eden regions: 0->0(319)
[258.620s][info][gc,heap        ] GC(577) Survivor regions: 77->0(77)
[258.620s][info][gc,heap        ] GC(577) Old regions: 918->413
[258.620s][info][gc,heap        ] GC(577) Humongous regions: 4->4
[258.620s][info][gc,metaspace   ] GC(577) Metaspace: 16582K(16896K)->16582K(16896K) NonClass: 14256K(14400K)->14256K(14400K) Class: 2325K(2496K)->2325K(2496K)
[258.620s][info][gc             ] GC(577) Pause Full (G1 Compaction Pause) 993M->414M(1024M) 174.941ms
[258.620s][info][gc,cpu         ] GC(577) User=0.72s Sys=0.00s Real=0.17s
[261.524s][info][gc,start       ] GC(578) Pause Young (Concurrent Start) (G1 Evacuation Pause)
[261.524s][info][gc,task        ] GC(578) Using 6 workers of 6 for evacuation
[261.601s][info][gc,phases      ] GC(578)   Pre Evacuate Collection Set: 0.3ms
[261.601s][info][gc,phases      ] GC(578)   Merge Heap Roots: 1.2ms
[261.601s][info][gc,phases      ] GC(578)   Evacuate Collection Set: 74.4ms
[261.601s][info][gc,phases      ] GC(578)   Post Evacuate Collection Set: 0.6ms
[261.601s][info][gc,phases      ] GC(578)   Other: 0.2ms
[261.601s][info][gc,heap        ] GC(578) Eden regions: 319->0(245)
[261.601s][info][gc,heap        ] GC(578) Survivor regions: 0->40(40)
[261.601s][info][gc,heap        ] GC(578) Old regions: 413->492
[261.601s][info][gc,heap        ] GC(578) Humongous regions: 4->4
[261.601s][info][gc,metaspace   ] GC(578) Metaspace: 16582K(16896K)->16582K(16896K) NonClass: 14257K(14400K)->14257K(14400K) Class: 2325K(2496K)->2325K(2496K)
[261.601s][info][gc             ] GC(578) Pause Young (Concurrent Start) (G1 Evacuation Pause) 733M->533M(1024M) 77.001ms
[261.601s][info][gc             ] GC(579) Concurrent Mark Cycle
[261.601s][info][gc,cpu         ] GC(578) User=0.39s Sys=0.00s Real=0.08s
[261.601s][info][gc,marking     ] GC(579) Concurrent Scan Root Regions
[261.624s][info][gc,marking     ] GC(579) Concurrent Scan Root Regions 23.369ms
[261.624s][info][gc,marking     ] GC(579) Concurrent Mark
[261.624s][info][gc,marking     ] GC(579) Concurrent Mark From Roots
[261.624s][info][gc,task        ] GC(579) Using 2 workers of 2 for marking
[261.679s][info][gc,marking     ] GC(579) Concurrent Mark From Roots 54.900ms
[261.679s][info][gc,marking     ] GC(579) Concurrent Preclean
[261.679s][info][gc,marking     ] GC(579) Concurrent Preclean 0.037ms
[261.679s][info][gc,start       ] GC(579) Pause Remark
[261.681s][info][gc             ] GC(579) Pause Remark 658M->511M(1024M) 1.291ms
[261.681s][info][gc,cpu         ] GC(579) User=0.00s Sys=0.00s Real=0.00s
[261.681s][info][gc,marking     ] GC(579) Concurrent Mark 56.443ms
[261.681s][info][gc,marking     ] GC(579) Concurrent Rebuild Remembered Sets and Scrub Regions
[261.745s][info][gc,marking     ] GC(579) Concurrent Rebuild Remembered Sets and Scrub Regions 63.812ms
[261.745s][info][gc,start       ] GC(579) Pause Cleanup
[261.745s][info][gc             ] GC(579) Pause Cleanup 616M->616M(1024M) 0.290ms
[261.745s][info][gc,cpu         ] GC(579) User=0.00s Sys=0.00s Real=0.00s
[261.745s][info][gc,marking     ] GC(579) Concurrent Clear Claimed Marks
[261.745s][info][gc,marking     ] GC(579) Concurrent Clear Claimed Marks 0.026ms
[261.745s][info][gc,marking     ] GC(579) Concurrent Cleanup for Next Mark
[261.747s][info][gc,marking     ] GC(579) Concurrent Cleanup for Next Mark 1.496ms
[261.747s][info][gc             ] GC(579) Concurrent Mark Cycle 145.800ms
[261.755s][info][gc,start       ] GC(580) Pause Young (Prepare Mixed) (G1 Evacuation Pause)
[261.755s][info][gc,task        ] GC(580) Using 6 workers of 6 for evacuation
[261.831s][info][gc,phases      ] GC(580)   Pre Evacuate Collection Set: 0.2ms
[261.831s][info][gc,phases      ] GC(580)   Merge Heap Roots: 0.9ms
[261.831s][info][gc,phases      ] GC(580)   Evacuate Collection Set: 74.3ms
[261.831s][info][gc,phases      ] GC(580)   Post Evacuate Collection Set: 0.4ms
[261.831s][info][gc,phases      ] GC(580)   Other: 0.1ms
[261.831s][info][gc,heap        ] GC(580) Eden regions: 245->0(263)
[261.831s][info][gc,heap        ] GC(580) Survivor regions: 40->36(36)
[261.831s][info][gc,heap        ] GC(580) Old regions: 346->453
[261.831s][info][gc,heap        ] GC(580) Humongous regions: 3->3
[261.831s][info][gc,metaspace   ] GC(580) Metaspace: 16582K(16896K)->16582K(16896K) NonClass: 14257K(14400K)->14257K(14400K) Class: 2325K(2496K)->2325K(2496K)
[261.831s][info][gc             ] GC(580) Pause Young (Prepare Mixed) (G1 Evacuation Pause) 631M->489M(1024M) 76.062ms
[261.831s][info][gc,cpu         ] GC(580) User=0.38s Sys=0.00s Real=0.06s
[261.991s][info][gc,start       ] GC(581) Pause Young (Mixed) (G1 Evacuation Pause)
[261.991s][info][gc,task        ] GC(581) Using 6 workers of 6 for evacuation
[262.064s][info][gc,phases      ] GC(581)   Pre Evacuate Collection Set: 0.3ms
[262.064s][info][gc,phases      ] GC(581)   Merge Heap Roots: 0.2ms
[262.064s][info][gc,phases      ] GC(581)   Evacuate Collection Set: 71.3ms
[262.064s][info][gc,phases      ] GC(581)   Post Evacuate Collection Set: 0.5ms
[262.064s][info][gc,phases      ] GC(581)   Other: 0.1ms
[262.064s][info][gc,heap        ] GC(581) Eden regions: 263->0(257)
[262.064s][info][gc,heap        ] GC(581) Survivor regions: 36->38(38)
[262.064s][info][gc,heap        ] GC(581) Old regions: 453->460
[262.064s][info][gc,heap        ] GC(581) Humongous regions: 3->3
[262.064s][info][gc,metaspace   ] GC(581) Metaspace: 16582K(16896K)->16582K(16896K) NonClass: 14257K(14400K)->14257K(14400K) Class: 2325K(2496K)->2325K(2496K)
[262.064s][info][gc             ] GC(581) Pause Young (Mixed) (G1 Evacuation Pause) 752M->500M(1024M) 72.673ms
[262.064s][info][gc,cpu         ] GC(581) User=0.38s Sys=0.00s Real=0.06s
[262.389s][info][gc,start       ] GC(582) Pause Young (Mixed) (G1 Evacuation Pause)
[262.389s][info][gc,task        ] GC(582) Using 6 workers of 6 for evacuation
[262.486s][info][gc,phases      ] GC(582)   Pre Evacuate Collection Set: 0.3ms
[262.486s][info][gc,phases      ] GC(582)   Merge Heap Roots: 2.2ms
[262.486s][info][gc,phases      ] GC(582)   Evacuate Collection Set: 94.1ms
[262.486s][info][gc,phases      ] GC(582)   Post Evacuate Collection Set: 0.9ms
[262.486s][info][gc,phases      ] GC(582)   Other: 0.1ms
[262.486s][info][gc,heap        ] GC(582) Eden regions: 257->0(224)
[262.486s][info][gc,heap        ] GC(582) Survivor regions: 38->37(37)
[262.487s][info][gc,heap        ] GC(582) Old regions: 460->514
[262.487s][info][gc,heap        ] GC(582) Humongous regions: 6->6
[262.487s][info][gc,metaspace   ] GC(582) Metaspace: 16582K(16896K)->16582K(16896K) NonClass: 14257K(14400K)->14257K(14400K) Class: 2325K(2496K)->2325K(2496K)
[262.487s][info][gc             ] GC(582) Pause Young (Mixed) (G1 Evacuation Pause) 760M->556M(1024M) 97.733ms
[262.487s][info][gc,cpu         ] GC(582) User=0.53s Sys=0.00s Real=0.09s
[262.506s][info][gc,start       ] GC(583) Pause Young (Concurrent Start) (G1 Humongous Allocation)
[262.506s][info][gc,task        ] GC(583) Using 6 workers of 6 for evacuation
[262.552s][info][gc,phases      ] GC(583)   Pre Evacuate Collection Set: 0.2ms
[262.552s][info][gc,phases      ] GC(583)   Merge Heap Roots: 1.6ms
[262.552s][info][gc,phases      ] GC(583)   Evacuate Collection Set: 43.4ms
[262.552s][info][gc,phases      ] GC(583)   Post Evacuate Collection Set: 0.7ms
[262.552s][info][gc,phases      ] GC(583)   Other: 0.1ms
[262.552s][info][gc,heap        ] GC(583) Eden regions: 18->0(194)
[262.552s][info][gc,heap        ] GC(583) Survivor regions: 37->15(33)
[262.552s][info][gc,heap        ] GC(583) Old regions: 514->552
[262.552s][info][gc,heap        ] GC(583) Humongous regions: 6->6
[262.552s][info][gc,metaspace   ] GC(583) Metaspace: 16582K(16896K)->16582K(16896K) NonClass: 14257K(14400K)->14257K(14400K) Class: 2325K(2496K)->2325K(2496K)
[262.552s][info][gc             ] GC(583) Pause Young (Concurrent Start) (G1 Humongous Allocation) 574M->572M(1024M) 46.206ms
[262.552s][info][gc             ] GC(584) Concurrent Mark Cycle
[262.552s][info][gc,cpu         ] GC(583) User=0.05s Sys=0.00s Real=0.05s
[262.552s][info][gc,marking     ] GC(584) Concurrent Scan Root Regions
[262.567s][info][gc,marking     ] GC(584) Concurrent Scan Root Regions 14.722ms
[262.567s][info][gc,marking     ] GC(584) Concurrent Mark
[262.567s][info][gc,marking     ] GC(584) Concurrent Mark From Roots
[262.567s][info][gc,task        ] GC(584) Using 2 workers of 2 for marking
[262.856s][info][gc,marking     ] GC(584) Concurrent Mark From Roots 289.352ms
[262.856s][info][gc,marking     ] GC(584) Concurrent Preclean
[262.856s][info][gc,marking     ] GC(584) Concurrent Preclean 0.055ms
[262.856s][info][gc,start       ] GC(584) Pause Remark
[262.858s][info][gc             ] GC(584) Pause Remark 628M->540M(1024M) 1.321ms
[262.858s][info][gc,cpu         ] GC(584) User=0.00s Sys=0.00s Real=0.00s
[262.858s][info][gc,marking     ] GC(584) Concurrent Mark 291.009ms
[262.858s][info][gc,marking     ] GC(584) Concurrent Rebuild Remembered Sets and Scrub Regions
[262.960s][info][gc,marking     ] GC(584) Concurrent Rebuild Remembered Sets and Scrub Regions 102.571ms
[262.960s][info][gc,start       ] GC(584) Pause Cleanup
[262.961s][info][gc             ] GC(584) Pause Cleanup 592M->592M(1024M) 0.281ms
[262.961s][info][gc,cpu         ] GC(584) User=0.00s Sys=0.00s Real=0.00s
[262.961s][info][gc,marking     ] GC(584) Concurrent Clear Claimed Marks
[262.961s][info][gc,marking     ] GC(584) Concurrent Clear Claimed Marks 0.047ms
[262.961s][info][gc,marking     ] GC(584) Concurrent Cleanup for Next Mark
[262.963s][info][gc,marking     ] GC(584) Concurrent Cleanup for Next Mark 1.709ms
[262.963s][info][gc             ] GC(584) Concurrent Mark Cycle 410.764ms
[263.126s][info][gc,start       ] GC(585) Pause Young (Prepare Mixed) (G1 Evacuation Pause)
[263.126s][info][gc,task        ] GC(585) Using 6 workers of 6 for evacuation
[263.149s][info][gc,phases      ] GC(585)   Pre Evacuate Collection Set: 0.3ms
[263.149s][info][gc,phases      ] GC(585)   Merge Heap Roots: 1.2ms
[263.149s][info][gc,phases      ] GC(585)   Evacuate Collection Set: 20.6ms
[263.149s][info][gc,phases      ] GC(585)   Post Evacuate Collection Set: 0.7ms
[263.149s][info][gc,phases      ] GC(585)   Other: 0.1ms
[263.149s][info][gc,heap        ] GC(585) Eden regions: 194->0(254)
[263.149s][info][gc,heap        ] GC(585) Survivor regions: 15->20(27)
[263.149s][info][gc,heap        ] GC(585) Old regions: 465->465
[263.149s][info][gc,heap        ] GC(585) Humongous regions: 8->8
[263.149s][info][gc,metaspace   ] GC(585) Metaspace: 16582K(16896K)->16582K(16896K) NonClass: 14257K(14400K)->14257K(14400K) Class: 2325K(2496K)->2325K(2496K)
[263.149s][info][gc             ] GC(585) Pause Young (Prepare Mixed) (G1 Evacuation Pause) 681M->492M(1024M) 23.222ms
[263.149s][info][gc,cpu         ] GC(585) User=0.08s Sys=0.00s Real=0.02s
[263.596s][info][gc,start       ] GC(586) Pause Young (Mixed) (G1 Evacuation Pause)
[263.596s][info][gc,task        ] GC(586) Using 6 workers of 6 for evacuation
[263.611s][info][gc,phases      ] GC(586)   Pre Evacuate Collection Set: 0.3ms
[263.611s][info][gc,phases      ] GC(586)   Merge Heap Roots: 0.9ms
[263.611s][info][gc,phases      ] GC(586)   Evacuate Collection Set: 13.0ms
[263.611s][info][gc,phases      ] GC(586)   Post Evacuate Collection Set: 0.4ms
[263.611s][info][gc,phases      ] GC(586)   Other: 0.1ms
[263.611s][info][gc,heap        ] GC(586) Eden regions: 254->0(288)
[263.611s][info][gc,heap        ] GC(586) Survivor regions: 20->5(35)
[263.611s][info][gc,heap        ] GC(586) Old regions: 465->467
[263.611s][info][gc,heap        ] GC(586) Humongous regions: 8->8
[263.611s][info][gc,metaspace   ] GC(586) Metaspace: 16582K(16896K)->16582K(16896K) NonClass: 14257K(14400K)->14257K(14400K) Class: 2325K(2496K)->2325K(2496K)
[263.611s][info][gc             ] GC(586) Pause Young (Mixed) (G1 Evacuation Pause) 746M->479M(1024M) 14.977ms
[263.611s][info][gc,cpu         ] GC(586) User=0.02s Sys=0.00s Real=0.02s
[264.432s][info][gc,start       ] GC(587) Pause Full (System.gc())
[264.432s][info][gc,task        ] GC(587) Using 6 workers of 6 for full compaction
[264.432s][info][gc,phases,start] GC(587) Phase 1: Mark live objects
[264.434s][info][gc,phases      ] GC(587) Phase 1: Mark live objects 2.244ms
[264.434s][info][gc,phases,start] GC(587) Phase 2: Prepare compaction
[264.435s][info][gc,phases      ] GC(587) Phase 2: Prepare compaction 0.622ms
[264.435s][info][gc,phases,start] GC(587) Phase 3: Adjust pointers
[264.437s][info][gc,phases      ] GC(587) Phase 3: Adjust pointers 2.220ms
[264.437s][info][gc,phases,start] GC(587) Phase 4: Compact heap
[264.438s][info][gc,phases      ] GC(587) Phase 4: Compact heap 0.560ms
[264.438s][info][gc,phases,start] GC(587) Phase 5: Reset Metadata
[264.439s][info][gc,phases      ] GC(587) Phase 5: Reset Metadata 0.658ms
[264.442s][info][gc,heap        ] GC(587) Eden regions: 155->0(521)
[264.442s][info][gc,heap        ] GC(587) Survivor regions: 5->0(35)
[264.442s][info][gc,heap        ] GC(587) Old regions: 467->10
[264.442s][info][gc,heap        ] GC(587) Humongous regions: 8->2
[264.442s][info][gc,metaspace   ] GC(587) Metaspace: 16584K(16896K)->16584K(16896K) NonClass: 14258K(14400K)->14258K(14400K) Class: 2325K(2496K)->2325K(2496K)
[264.442s][info][gc             ] GC(587) Pause Full (System.gc()) 634M->5M(1024M) 10.351ms
[264.442s][info][gc,cpu         ] GC(587) User=0.02s Sys=0.00s Real=0.02s
[265.575s][info][gc,start       ] GC(588) Pause Young (Concurrent Start) (G1 Evacuation Pause)
[265.576s][info][gc,task        ] GC(588) Using 6 workers of 6 for evacuation
[265.577s][info][gc,phases      ] GC(588)   Pre Evacuate Collection Set: 0.2ms
[265.577s][info][gc,phases      ] GC(588)   Merge Heap Roots: 0.1ms
[265.577s][info][gc,phases      ] GC(588)   Evacuate Collection Set: 0.4ms
[265.577s][info][gc,phases      ] GC(588)   Post Evacuate Collection Set: 0.4ms
[265.577s][info][gc,phases      ] GC(588)   Other: 0.1ms
[265.577s][info][gc,heap        ] GC(588) Eden regions: 521->0(580)
[265.577s][info][gc,heap        ] GC(588) Survivor regions: 0->2(66)
[265.577s][info][gc,heap        ] GC(588) Old regions: 10->10
[265.577s][info][gc,heap        ] GC(588) Humongous regions: 2->2
[265.577s][info][gc,metaspace   ] GC(588) Metaspace: 16584K(16896K)->16584K(16896K) NonClass: 14258K(14400K)->14258K(14400K) Class: 2325K(2496K)->2325K(2496K)
[265.577s][info][gc             ] GC(588) Pause Young (Concurrent Start) (G1 Evacuation Pause) 526M->7M(1024M) 1.399ms
[265.577s][info][gc             ] GC(589) Concurrent Mark Cycle
[265.577s][info][gc,cpu         ] GC(588) User=0.00s Sys=0.00s Real=0.00s
[265.577s][info][gc,marking     ] GC(589) Concurrent Scan Root Regions
[265.577s][info][gc,marking     ] GC(589) Concurrent Scan Root Regions 0.212ms
[265.577s][info][gc,marking     ] GC(589) Concurrent Mark
[265.577s][info][gc,marking     ] GC(589) Concurrent Mark From Roots
[265.577s][info][gc,task        ] GC(589) Using 2 workers of 2 for marking
[265.580s][info][gc,marking     ] GC(589) Concurrent Mark From Roots 3.119ms
[265.580s][info][gc,marking     ] GC(589) Concurrent Preclean
[265.580s][info][gc,marking     ] GC(589) Concurrent Preclean 0.019ms
[265.580s][info][gc,start       ] GC(589) Pause Remark
[265.582s][info][gc             ] GC(589) Pause Remark 25M->25M(1024M) 1.029ms
[265.582s][info][gc,cpu         ] GC(589) User=0.00s Sys=0.00s Real=0.00s
[265.582s][info][gc,marking     ] GC(589) Concurrent Mark 4.440ms
[265.582s][info][gc,marking     ] GC(589) Concurrent Rebuild Remembered Sets and Scrub Regions
[265.583s][info][gc,marking     ] GC(589) Concurrent Rebuild Remembered Sets and Scrub Regions 0.988ms
[265.583s][info][gc,start       ] GC(589) Pause Cleanup
[265.583s][info][gc             ] GC(589) Pause Cleanup 29M->29M(1024M) 0.133ms
[265.583s][info][gc,cpu         ] GC(589) User=0.00s Sys=0.00s Real=0.00s
[265.583s][info][gc,marking     ] GC(589) Concurrent Clear Claimed Marks
[265.583s][info][gc,marking     ] GC(589) Concurrent Clear Claimed Marks 0.025ms
[265.583s][info][gc,marking     ] GC(589) Concurrent Cleanup for Next Mark
[265.585s][info][gc,marking     ] GC(589) Concurrent Cleanup for Next Mark 2.495ms
[265.586s][info][gc             ] GC(589) Concurrent Mark Cycle 8.644ms
[265.669s][info][gc,start       ] GC(590) Pause Young (Prepare Mixed) (G1 Evacuation Pause)
[265.669s][info][gc,task        ] GC(590) Using 6 workers of 6 for evacuation
[265.670s][info][gc,phases      ] GC(590)   Pre Evacuate Collection Set: 0.2ms
[265.670s][info][gc,phases      ] GC(590)   Merge Heap Roots: 0.1ms
[265.670s][info][gc,phases      ] GC(590)   Evacuate Collection Set: 0.3ms
[265.670s][info][gc,phases      ] GC(590)   Post Evacuate Collection Set: 0.4ms
[265.670s][info][gc,phases      ] GC(590)   Other: 0.1ms
[265.670s][info][gc,heap        ] GC(590) Eden regions: 580->0(613)
[265.670s][info][gc,heap        ] GC(590) Survivor regions: 2->1(73)
[265.670s][info][gc,heap        ] GC(590) Old regions: 10->10
[265.670s][info][gc,heap        ] GC(590) Humongous regions: 2->2
[265.670s][info][gc,metaspace   ] GC(590) Metaspace: 16584K(16896K)->16584K(16896K) NonClass: 14258K(14400K)->14258K(14400K) Class: 2325K(2496K)->2325K(2496K)
[265.670s][info][gc             ] GC(590) Pause Young (Prepare Mixed) (G1 Evacuation Pause) 587M->6M(1024M) 1.232ms
[265.670s][info][gc,cpu         ] GC(590) User=0.00s Sys=0.00s Real=0.00s
[265.764s][info][gc,start       ] GC(591) Pause Young (Mixed) (G1 Evacuation Pause)
[265.765s][info][gc,task        ] GC(591) Using 6 workers of 6 for evacuation
[265.766s][info][gc,phases      ] GC(591)   Pre Evacuate Collection Set: 0.2ms
[265.766s][info][gc,phases      ] GC(591)   Merge Heap Roots: 0.1ms
[265.766s][info][gc,phases      ] GC(591)   Evacuate Collection Set: 0.3ms
[265.766s][info][gc,phases      ] GC(591)   Post Evacuate Collection Set: 0.4ms
[265.766s][info][gc,phases      ] GC(591)   Other: 0.1ms
[265.766s][info][gc,heap        ] GC(591) Eden regions: 613->0(613)
[265.766s][info][gc,heap        ] GC(591) Survivor regions: 1->1(77)
[265.766s][info][gc,heap        ] GC(591) Old regions: 10->9
[265.766s][info][gc,heap        ] GC(591) Humongous regions: 2->2
[265.766s][info][gc,metaspace   ] GC(591) Metaspace: 16584K(16896K)->16584K(16896K) NonClass: 14258K(14400K)->14258K(14400K) Class: 2325K(2496K)->2325K(2496K)
[265.766s][info][gc             ] GC(591) Pause Young (Mixed) (G1 Evacuation Pause) 619M->6M(1024M) 1.342ms
[265.766s][info][gc,cpu         ] GC(591) User=0.00s Sys=0.00s Real=0.00s
[265.861s][info][gc,start       ] GC(592) Pause Young (Concurrent Start) (G1 Evacuation Pause)
[265.861s][info][gc,task        ] GC(592) Using 6 workers of 6 for evacuation
[265.863s][info][gc,phases      ] GC(592)   Pre Evacuate Collection Set: 0.3ms
[265.863s][info][gc,phases      ] GC(592)   Merge Heap Roots: 0.1ms
[265.863s][info][gc,phases      ] GC(592)   Evacuate Collection Set: 0.4ms
[265.863s][info][gc,phases      ] GC(592)   Post Evacuate Collection Set: 0.4ms
[265.863s][info][gc,phases      ] GC(592)   Other: 0.1ms
[265.863s][info][gc,heap        ] GC(592) Eden regions: 613->0(613)
[265.863s][info][gc,heap        ] GC(592) Survivor regions: 1->1(77)
[265.863s][info][gc,heap        ] GC(592) Old regions: 9->9
[265.863s][info][gc,heap        ] GC(592) Humongous regions: 2->2
[265.863s][info][gc,metaspace   ] GC(592) Metaspace: 16584K(16896K)->16584K(16896K) NonClass: 14258K(14400K)->14258K(14400K) Class: 2325K(2496K)->2325K(2496K)
[265.863s][info][gc             ] GC(592) Pause Young (Concurrent Start) (G1 Evacuation Pause) 619M->6M(1024M) 1.578ms
[265.863s][info][gc             ] GC(593) Concurrent Mark Cycle
[265.863s][info][gc,cpu         ] GC(592) User=0.00s Sys=0.00s Real=0.00s
[265.863s][info][gc,marking     ] GC(593) Concurrent Scan Root Regions
[265.863s][info][gc,marking     ] GC(593) Concurrent Scan Root Regions 0.285ms
[265.863s][info][gc,marking     ] GC(593) Concurrent Mark
[265.863s][info][gc,marking     ] GC(593) Concurrent Mark From Roots
[265.863s][info][gc,task        ] GC(593) Using 2 workers of 2 for marking
[265.866s][info][gc,marking     ] GC(593) Concurrent Mark From Roots 2.964ms
[265.866s][info][gc,marking     ] GC(593) Concurrent Preclean
[265.866s][info][gc,marking     ] GC(593) Concurrent Preclean 0.021ms
[265.866s][info][gc,start       ] GC(593) Pause Remark
[265.868s][info][gc             ] GC(593) Pause Remark 16M->16M(1024M) 1.181ms
[265.868s][info][gc,cpu         ] GC(593) User=0.00s Sys=0.00s Real=0.00s
[265.868s][info][gc,marking     ] GC(593) Concurrent Mark 4.439ms
[265.868s][info][gc,marking     ] GC(593) Concurrent Rebuild Remembered Sets and Scrub Regions
[265.869s][info][gc,marking     ] GC(593) Concurrent Rebuild Remembered Sets and Scrub Regions 0.984ms
[265.869s][info][gc,start       ] GC(593) Pause Cleanup
[265.869s][info][gc             ] GC(593) Pause Cleanup 21M->21M(1024M) 0.134ms
[265.869s][info][gc,cpu         ] GC(593) User=0.00s Sys=0.00s Real=0.00s
[265.869s][info][gc,marking     ] GC(593) Concurrent Clear Claimed Marks
[265.869s][info][gc,marking     ] GC(593) Concurrent Clear Claimed Marks 0.026ms
[265.869s][info][gc,marking     ] GC(593) Concurrent Cleanup for Next Mark
[265.871s][info][gc,marking     ] GC(593) Concurrent Cleanup for Next Mark 2.143ms
[265.871s][info][gc             ] GC(593) Concurrent Mark Cycle 8.451ms
[265.994s][info][gc,start       ] GC(594) Pause Young (Prepare Mixed) (G1 Evacuation Pause)
[265.995s][info][gc,task        ] GC(594) Using 6 workers of 6 for evacuation
[266.015s][info][gc,phases      ] GC(594)   Pre Evacuate Collection Set: 0.2ms
[266.015s][info][gc,phases      ] GC(594)   Merge Heap Roots: 0.1ms
[266.015s][info][gc,phases      ] GC(594)   Evacuate Collection Set: 19.8ms
[266.015s][info][gc,phases      ] GC(594)   Post Evacuate Collection Set: 0.5ms
[266.015s][info][gc,phases      ] GC(594)   Other: 0.1ms
[266.015s][info][gc,heap        ] GC(594) Eden regions: 613->0(568)
[266.015s][info][gc,heap        ] GC(594) Survivor regions: 1->46(77)
[266.015s][info][gc,heap        ] GC(594) Old regions: 9->9
[266.015s][info][gc,heap        ] GC(594) Humongous regions: 3->3
[266.015s][info][gc,metaspace   ] GC(594) Metaspace: 16584K(16896K)->16584K(16896K) NonClass: 14258K(14400K)->14258K(14400K) Class: 2325K(2496K)->2325K(2496K)
[266.015s][info][gc             ] GC(594) Pause Young (Prepare Mixed) (G1 Evacuation Pause) 620M->52M(1024M) 20.911ms
[266.015s][info][gc,cpu         ] GC(594) User=0.02s Sys=0.00s Real=0.01s
[266.468s][info][gc,start       ] GC(595) Pause Young (Mixed) (G1 Evacuation Pause)
[266.468s][info][gc,task        ] GC(595) Using 6 workers of 6 for evacuation
[266.664s][info][gc,phases      ] GC(595)   Pre Evacuate Collection Set: 0.1ms
[266.664s][info][gc,phases      ] GC(595)   Merge Heap Roots: 0.1ms
[266.664s][info][gc,phases      ] GC(595)   Evacuate Collection Set: 185.9ms
[266.664s][info][gc,phases      ] GC(595)   Post Evacuate Collection Set: 9.0ms
[266.664s][info][gc,phases      ] GC(595)   Other: 0.1ms
[266.664s][info][gc,heap        ] GC(595) Eden regions: 568->0(0)
[266.664s][info][gc,heap        ] GC(595) Survivor regions: 46->77(77)
[266.664s][info][gc,heap        ] GC(595) Old regions: 9->896
[266.664s][info][gc,heap        ] GC(595) Humongous regions: 3->3
[266.664s][info][gc,metaspace   ] GC(595) Metaspace: 16584K(16896K)->16584K(16896K) NonClass: 14258K(14400K)->14258K(14400K) Class: 2325K(2496K)->2325K(2496K)
[266.664s][info][gc             ] GC(595) Pause Young (Mixed) (G1 Evacuation Pause) (Evacuation Failure) 620M->971M(1024M) 195.413ms
[266.664s][info][gc,cpu         ] GC(595) User=1.09s Sys=0.00s Real=0.20s
[266.664s][info][gc,ergo        ] Attempting full compaction
[266.664s][info][gc,start       ] GC(596) Pause Full (G1 Compaction Pause)
[266.664s][info][gc,task        ] GC(596) Using 6 workers of 6 for full compaction
[266.664s][info][gc,phases,start] GC(596) Phase 1: Mark live objects
[266.764s][info][gc,phases      ] GC(596) Phase 1: Mark live objects 100.398ms
[266.764s][info][gc,phases,start] GC(596) Phase 2: Prepare compaction
[266.769s][info][gc,phases      ] GC(596) Phase 2: Prepare compaction 4.760ms
[266.769s][info][gc,phases,start] GC(596) Phase 3: Adjust pointers
[266.796s][info][gc,phases      ] GC(596) Phase 3: Adjust pointers 26.286ms
[266.796s][info][gc,phases,start] GC(596) Phase 4: Compact heap
[266.801s][info][gc,phases      ] GC(596) Phase 4: Compact heap 5.329ms
[266.801s][info][gc,phases,start] GC(596) Phase 5: Reset Metadata
[266.815s][info][gc,phases      ] GC(596) Phase 5: Reset Metadata 13.494ms
[266.820s][info][gc,heap        ] GC(596) Eden regions: 0->0(315)
[266.821s][info][gc,heap        ] GC(596) Survivor regions: 77->0(77)
[266.821s][info][gc,heap        ] GC(596) Old regions: 896->426
[266.821s][info][gc,heap        ] GC(596) Humongous regions: 3->3
[266.821s][info][gc,metaspace   ] GC(596) Metaspace: 16584K(16896K)->16584K(16896K) NonClass: 14258K(14400K)->14258K(14400K) Class: 2325K(2496K)->2325K(2496K)
[266.821s][info][gc             ] GC(596) Pause Full (G1 Compaction Pause) 971M->426M(1024M) 157.027ms
[266.821s][info][gc,cpu         ] GC(596) User=0.62s Sys=0.00s Real=0.16s
[266.825s][info][gc,start       ] GC(597) Pause Young (Concurrent Start) (G1 Humongous Allocation)
[266.825s][info][gc,task        ] GC(597) Using 6 workers of 6 for evacuation
[266.827s][info][gc,phases      ] GC(597)   Pre Evacuate Collection Set: 0.1ms
[266.827s][info][gc,phases      ] GC(597)   Merge Heap Roots: 0.1ms
[266.827s][info][gc,phases      ] GC(597)   Evacuate Collection Set: 1.4ms
[266.827s][info][gc,phases      ] GC(597)   Post Evacuate Collection Set: 0.3ms
[266.827s][info][gc,phases      ] GC(597)   Other: 0.1ms
[266.827s][info][gc,heap        ] GC(597) Eden regions: 6->0(298)
[266.827s][info][gc,heap        ] GC(597) Survivor regions: 0->5(40)
[266.827s][info][gc,heap        ] GC(597) Old regions: 426->426
[266.827s][info][gc,heap        ] GC(597) Humongous regions: 3->3
[266.827s][info][gc,metaspace   ] GC(597) Metaspace: 16584K(16896K)->16584K(16896K) NonClass: 14258K(14400K)->14258K(14400K) Class: 2325K(2496K)->2325K(2496K)
[266.827s][info][gc             ] GC(597) Pause Young (Concurrent Start) (G1 Humongous Allocation) 432M->431M(1024M) 2.166ms
[266.827s][info][gc             ] GC(598) Concurrent Mark Cycle
[266.827s][info][gc,cpu         ] GC(597) User=0.00s Sys=0.00s Real=0.00s
[266.827s][info][gc,marking     ] GC(598) Concurrent Scan Root Regions
[266.828s][info][gc,marking     ] GC(598) Concurrent Scan Root Regions 1.427ms
[266.828s][info][gc,marking     ] GC(598) Concurrent Mark
[266.828s][info][gc,marking     ] GC(598) Concurrent Mark From Roots
[266.828s][info][gc,task        ] GC(598) Using 2 workers of 2 for marking
[267.201s][info][gc,marking     ] GC(598) Concurrent Mark From Roots 372.913ms
[267.201s][info][gc,marking     ] GC(598) Concurrent Preclean
[267.201s][info][gc,marking     ] GC(598) Concurrent Preclean 0.034ms
[267.201s][info][gc,start       ] GC(598) Pause Remark
[267.202s][info][gc             ] GC(598) Pause Remark 521M->521M(1024M) 0.966ms
[267.202s][info][gc,cpu         ] GC(598) User=0.00s Sys=0.00s Real=0.00s
[267.202s][info][gc,marking     ] GC(598) Concurrent Mark 374.116ms
[267.203s][info][gc,marking     ] GC(598) Concurrent Rebuild Remembered Sets and Scrub Regions
[267.286s][info][gc,marking     ] GC(598) Concurrent Rebuild Remembered Sets and Scrub Regions 83.792ms
[267.286s][info][gc,start       ] GC(598) Pause Cleanup
[267.287s][info][gc             ] GC(598) Pause Cleanup 521M->521M(1024M) 0.234ms
[267.287s][info][gc,cpu         ] GC(598) User=0.00s Sys=0.00s Real=0.00s
[267.287s][info][gc,marking     ] GC(598) Concurrent Clear Claimed Marks
[267.287s][info][gc,marking     ] GC(598) Concurrent Clear Claimed Marks 0.025ms
[267.287s][info][gc,marking     ] GC(598) Concurrent Cleanup for Next Mark
[267.288s][info][gc,marking     ] GC(598) Concurrent Cleanup for Next Mark 1.216ms
[267.288s][info][gc             ] GC(598) Concurrent Mark Cycle 461.204ms
[270.387s][info][gc,start       ] GC(599) Pause Young (Prepare Mixed) (G1 Evacuation Pause)
[270.388s][info][gc,task        ] GC(599) Using 6 workers of 6 for evacuation
[270.458s][info][gc,phases      ] GC(599)   Pre Evacuate Collection Set: 0.6ms
[270.458s][info][gc,phases      ] GC(599)   Merge Heap Roots: 1.2ms
[270.458s][info][gc,phases      ] GC(599)   Evacuate Collection Set: 68.1ms
[270.458s][info][gc,phases      ] GC(599)   Post Evacuate Collection Set: 0.8ms
[270.458s][info][gc,phases      ] GC(599)   Other: 0.1ms
[270.458s][info][gc,heap        ] GC(599) Eden regions: 298->0(246)
[270.458s][info][gc,heap        ] GC(599) Survivor regions: 5->38(38)
[270.458s][info][gc,heap        ] GC(599) Old regions: 426->489
[270.458s][info][gc,heap        ] GC(599) Humongous regions: 4->4
[270.458s][info][gc,metaspace   ] GC(599) Metaspace: 16584K(16896K)->16584K(16896K) NonClass: 14258K(14400K)->14258K(14400K) Class: 2325K(2496K)->2325K(2496K)
[270.458s][info][gc             ] GC(599) Pause Young (Prepare Mixed) (G1 Evacuation Pause) 730M->528M(1024M) 71.067ms
[270.459s][info][gc,cpu         ] GC(599) User=0.39s Sys=0.00s Real=0.08s
[270.599s][info][gc,start       ] GC(600) Pause Young (Mixed) (G1 Evacuation Pause)
[270.599s][info][gc,task        ] GC(600) Using 6 workers of 6 for evacuation
[270.676s][info][gc,phases      ] GC(600)   Pre Evacuate Collection Set: 0.3ms
[270.676s][info][gc,phases      ] GC(600)   Merge Heap Roots: 1.1ms
[270.676s][info][gc,phases      ] GC(600)   Evacuate Collection Set: 75.9ms
[270.676s][info][gc,phases      ] GC(600)   Post Evacuate Collection Set: 0.4ms
[270.676s][info][gc,phases      ] GC(600)   Other: 0.1ms
[270.676s][info][gc,heap        ] GC(600) Eden regions: 246->0(187)
[270.676s][info][gc,heap        ] GC(600) Survivor regions: 38->36(36)
[270.676s][info][gc,heap        ] GC(600) Old regions: 489->596
[270.676s][info][gc,heap        ] GC(600) Humongous regions: 4->4
[270.676s][info][gc,metaspace   ] GC(600) Metaspace: 16584K(16896K)->16584K(16896K) NonClass: 14258K(14400K)->14258K(14400K) Class: 2325K(2496K)->2325K(2496K)
[270.676s][info][gc             ] GC(600) Pause Young (Mixed) (G1 Evacuation Pause) 774M->633M(1024M) 77.975ms
[270.677s][info][gc,cpu         ] GC(600) User=0.39s Sys=0.00s Real=0.08s
[270.788s][info][gc,start       ] GC(601) Pause Young (Concurrent Start) (G1 Evacuation Pause)
[270.788s][info][gc,task        ] GC(601) Using 6 workers of 6 for evacuation
[270.843s][info][gc,phases      ] GC(601)   Pre Evacuate Collection Set: 0.6ms
[270.843s][info][gc,phases      ] GC(601)   Merge Heap Roots: 0.2ms
[270.843s][info][gc,phases      ] GC(601)   Evacuate Collection Set: 53.8ms
[270.843s][info][gc,phases      ] GC(601)   Post Evacuate Collection Set: 0.3ms
[270.843s][info][gc,phases      ] GC(601)   Other: 0.2ms
[270.843s][info][gc,heap        ] GC(601) Eden regions: 187->0(148)
[270.843s][info][gc,heap        ] GC(601) Survivor regions: 36->28(28)
[270.843s][info][gc,heap        ] GC(601) Old regions: 596->684
[270.843s][info][gc,heap        ] GC(601) Humongous regions: 4->4
[270.843s][info][gc,metaspace   ] GC(601) Metaspace: 16584K(16896K)->16584K(16896K) NonClass: 14258K(14400K)->14258K(14400K) Class: 2325K(2496K)->2325K(2496K)
[270.843s][info][gc             ] GC(601) Pause Young (Concurrent Start) (G1 Evacuation Pause) 820M->713M(1024M) 55.355ms
[270.843s][info][gc             ] GC(602) Concurrent Mark Cycle
[270.843s][info][gc,cpu         ] GC(601) User=0.28s Sys=0.00s Real=0.05s
[270.844s][info][gc,marking     ] GC(602) Concurrent Scan Root Regions
[270.872s][info][gc,marking     ] GC(602) Concurrent Scan Root Regions 28.796ms
[270.872s][info][gc,marking     ] GC(602) Concurrent Mark
[270.872s][info][gc,marking     ] GC(602) Concurrent Mark From Roots
[270.872s][info][gc,task        ] GC(602) Using 2 workers of 2 for marking
[270.948s][info][gc,start       ] GC(603) Pause Young (Normal) (G1 Evacuation Pause)
[270.948s][info][gc,task        ] GC(603) Using 6 workers of 6 for evacuation
[270.991s][info][gc,phases      ] GC(603)   Pre Evacuate Collection Set: 0.2ms
[270.991s][info][gc,phases      ] GC(603)   Merge Heap Roots: 0.1ms
[270.992s][info][gc,phases      ] GC(603)   Evacuate Collection Set: 42.7ms
[270.992s][info][gc,phases      ] GC(603)   Post Evacuate Collection Set: 0.3ms
[270.992s][info][gc,phases      ] GC(603)   Other: 0.1ms
[270.992s][info][gc,heap        ] GC(603) Eden regions: 148->0(117)
[270.992s][info][gc,heap        ] GC(603) Survivor regions: 28->22(22)
[270.992s][info][gc,heap        ] GC(603) Old regions: 684->754
[270.992s][info][gc,heap        ] GC(603) Humongous regions: 4->4
[270.992s][info][gc,metaspace   ] GC(603) Metaspace: 16584K(16896K)->16584K(16896K) NonClass: 14258K(14400K)->14258K(14400K) Class: 2325K(2496K)->2325K(2496K)
[270.992s][info][gc             ] GC(603) Pause Young (Normal) (G1 Evacuation Pause) 861M->777M(1024M) 43.644ms
[270.992s][info][gc,cpu         ] GC(603) User=0.11s Sys=0.00s Real=0.05s
[271.027s][info][gc,marking     ] GC(602) Concurrent Mark From Roots 154.263ms
[271.027s][info][gc,marking     ] GC(602) Concurrent Preclean
[271.027s][info][gc,marking     ] GC(602) Concurrent Preclean 0.036ms
[271.027s][info][gc,start       ] GC(602) Pause Remark
[271.028s][info][gc             ] GC(602) Pause Remark 830M->415M(1024M) 1.358ms
[271.028s][info][gc,cpu         ] GC(602) User=0.00s Sys=0.00s Real=0.00s
[271.028s][info][gc,marking     ] GC(602) Concurrent Mark 155.890ms
[271.028s][info][gc,marking     ] GC(602) Concurrent Rebuild Remembered Sets and Scrub Regions
[271.070s][info][gc,start       ] GC(604) Pause Young (Normal) (G1 Evacuation Pause)
[271.070s][info][gc,task        ] GC(604) Using 6 workers of 6 for evacuation
[271.105s][info][gc,phases      ] GC(604)   Pre Evacuate Collection Set: 0.2ms
[271.105s][info][gc,phases      ] GC(604)   Merge Heap Roots: 0.1ms
[271.105s][info][gc,phases      ] GC(604)   Evacuate Collection Set: 33.9ms
[271.105s][info][gc,phases      ] GC(604)   Post Evacuate Collection Set: 0.5ms
[271.105s][info][gc,phases      ] GC(604)   Other: 0.1ms
[271.105s][info][gc,heap        ] GC(604) Eden regions: 117->0(307)
[271.105s][info][gc,heap        ] GC(604) Survivor regions: 22->18(18)
[271.105s][info][gc,heap        ] GC(604) Old regions: 339->395
[271.105s][info][gc,heap        ] GC(604) Humongous regions: 2->2
[271.105s][info][gc,metaspace   ] GC(604) Metaspace: 16584K(16896K)->16584K(16896K) NonClass: 14258K(14400K)->14258K(14400K) Class: 2325K(2496K)->2325K(2496K)
[271.105s][info][gc             ] GC(604) Pause Young (Normal) (G1 Evacuation Pause) 479M->414M(1024M) 34.914ms
[271.105s][info][gc,cpu         ] GC(604) User=0.06s Sys=0.00s Real=0.03s
[271.165s][info][gc,marking     ] GC(602) Concurrent Rebuild Remembered Sets and Scrub Regions 136.816ms
[271.165s][info][gc,start       ] GC(602) Pause Cleanup
[271.165s][info][gc             ] GC(602) Pause Cleanup 500M->500M(1024M) 0.272ms
[271.165s][info][gc,cpu         ] GC(602) User=0.00s Sys=0.00s Real=0.00s
[271.166s][info][gc,marking     ] GC(602) Concurrent Clear Claimed Marks
[271.166s][info][gc,marking     ] GC(602) Concurrent Clear Claimed Marks 0.028ms
[271.166s][info][gc,marking     ] GC(602) Concurrent Cleanup for Next Mark
[271.167s][info][gc,marking     ] GC(602) Concurrent Cleanup for Next Mark 1.511ms
[271.167s][info][gc             ] GC(602) Concurrent Mark Cycle 323.700ms
[271.740s][info][gc,start       ] GC(605) Pause Young (Prepare Mixed) (G1 Evacuation Pause)
[271.740s][info][gc,task        ] GC(605) Using 6 workers of 6 for evacuation
[271.814s][info][gc,phases      ] GC(605)   Pre Evacuate Collection Set: 0.3ms
[271.814s][info][gc,phases      ] GC(605)   Merge Heap Roots: 2.4ms
[271.814s][info][gc,phases      ] GC(605)   Evacuate Collection Set: 70.7ms
[271.814s][info][gc,phases      ] GC(605)   Post Evacuate Collection Set: 0.9ms
[271.814s][info][gc,phases      ] GC(605)   Other: 0.1ms
[271.814s][info][gc,heap        ] GC(605) Eden regions: 307->0(277)
[271.814s][info][gc,heap        ] GC(605) Survivor regions: 18->41(41)
[271.814s][info][gc,heap        ] GC(605) Old regions: 395->439
[271.814s][info][gc,heap        ] GC(605) Humongous regions: 8->8
[271.814s][info][gc,metaspace   ] GC(605) Metaspace: 16584K(16896K)->16584K(16896K) NonClass: 14258K(14400K)->14258K(14400K) Class: 2325K(2496K)->2325K(2496K)
[271.814s][info][gc             ] GC(605) Pause Young (Prepare Mixed) (G1 Evacuation Pause) 727M->487M(1024M) 74.647ms
[271.814s][info][gc,cpu         ] GC(605) User=0.39s Sys=0.00s Real=0.08s
[272.307s][info][gc,start       ] GC(606) Pause Young (Mixed) (G1 Evacuation Pause)
[272.307s][info][gc,task        ] GC(606) Using 6 workers of 6 for evacuation
[272.337s][info][gc,phases      ] GC(606)   Pre Evacuate Collection Set: 0.2ms
[272.337s][info][gc,phases      ] GC(606)   Merge Heap Roots: 1.1ms
[272.337s][info][gc,phases      ] GC(606)   Evacuate Collection Set: 27.8ms
[272.337s][info][gc,phases      ] GC(606)   Post Evacuate Collection Set: 0.6ms
[272.337s][info][gc,phases      ] GC(606)   Other: 0.1ms
[272.337s][info][gc,heap        ] GC(606) Eden regions: 277->0(312)
[272.337s][info][gc,heap        ] GC(606) Survivor regions: 41->3(40)
[272.337s][info][gc,heap        ] GC(606) Old regions: 439->461
[272.337s][info][gc,heap        ] GC(606) Humongous regions: 8->8
[272.337s][info][gc,metaspace   ] GC(606) Metaspace: 16584K(16896K)->16584K(16896K) NonClass: 14258K(14400K)->14258K(14400K) Class: 2325K(2496K)->2325K(2496K)
[272.337s][info][gc             ] GC(606) Pause Young (Mixed) (G1 Evacuation Pause) 764M->471M(1024M) 30.083ms
[272.337s][info][gc,cpu         ] GC(606) User=0.09s Sys=0.00s Real=0.03s
[273.157s][info][gc,start       ] GC(607) Pause Full (System.gc())
[273.157s][info][gc,task        ] GC(607) Using 6 workers of 6 for full compaction
[273.157s][info][gc,phases,start] GC(607) Phase 1: Mark live objects
[273.160s][info][gc,phases      ] GC(607) Phase 1: Mark live objects 2.198ms
[273.160s][info][gc,phases,start] GC(607) Phase 2: Prepare compaction
[273.160s][info][gc,phases      ] GC(607) Phase 2: Prepare compaction 0.624ms
[273.160s][info][gc,phases,start] GC(607) Phase 3: Adjust pointers
[273.163s][info][gc,phases      ] GC(607) Phase 3: Adjust pointers 2.187ms
[273.163s][info][gc,phases,start] GC(607) Phase 4: Compact heap
[273.163s][info][gc,phases      ] GC(607) Phase 4: Compact heap 0.618ms
[273.163s][info][gc,phases,start] GC(607) Phase 5: Reset Metadata
[273.164s][info][gc,phases      ] GC(607) Phase 5: Reset Metadata 0.723ms
[273.168s][info][gc,heap        ] GC(607) Eden regions: 159->0(554)
[273.168s][info][gc,heap        ] GC(607) Survivor regions: 3->0(40)
[273.168s][info][gc,heap        ] GC(607) Old regions: 461->10
[273.168s][info][gc,heap        ] GC(607) Humongous regions: 8->2
[273.168s][info][gc,metaspace   ] GC(607) Metaspace: 16584K(16896K)->16584K(16896K) NonClass: 14258K(14400K)->14258K(14400K) Class: 2325K(2496K)->2325K(2496K)
[273.168s][info][gc             ] GC(607) Pause Full (System.gc()) 630M->5M(1024M) 10.871ms
[273.168s][info][gc,cpu         ] GC(607) User=0.02s Sys=0.00s Real=0.02s
[274.301s][info][gc,start       ] GC(608) Pause Young (Concurrent Start) (G1 Evacuation Pause)
[274.301s][info][gc,task        ] GC(608) Using 6 workers of 6 for evacuation
[274.303s][info][gc,phases      ] GC(608)   Pre Evacuate Collection Set: 0.3ms
[274.303s][info][gc,phases      ] GC(608)   Merge Heap Roots: 0.1ms
[274.303s][info][gc,phases      ] GC(608)   Evacuate Collection Set: 0.4ms
[274.303s][info][gc,phases      ] GC(608)   Post Evacuate Collection Set: 0.4ms
[274.303s][info][gc,phases      ] GC(608)   Other: 0.1ms
[274.303s][info][gc,heap        ] GC(608) Eden regions: 554->0(610)
[274.303s][info][gc,heap        ] GC(608) Survivor regions: 0->2(70)
[274.303s][info][gc,heap        ] GC(608) Old regions: 10->10
[274.303s][info][gc,heap        ] GC(608) Humongous regions: 2->2
[274.303s][info][gc,metaspace   ] GC(608) Metaspace: 16584K(16896K)->16584K(16896K) NonClass: 14258K(14400K)->14258K(14400K) Class: 2325K(2496K)->2325K(2496K)
[274.303s][info][gc             ] GC(608) Pause Young (Concurrent Start) (G1 Evacuation Pause) 559M->7M(1024M) 1.386ms
[274.303s][info][gc             ] GC(609) Concurrent Mark Cycle
[274.303s][info][gc,cpu         ] GC(608) User=0.00s Sys=0.00s Real=0.00s
[274.303s][info][gc,marking     ] GC(609) Concurrent Scan Root Regions
[274.303s][info][gc,marking     ] GC(609) Concurrent Scan Root Regions 0.186ms
[274.303s][info][gc,marking     ] GC(609) Concurrent Mark
[274.303s][info][gc,marking     ] GC(609) Concurrent Mark From Roots
[274.303s][info][gc,task        ] GC(609) Using 2 workers of 2 for marking
[274.306s][info][gc,marking     ] GC(609) Concurrent Mark From Roots 3.049ms
[274.306s][info][gc,marking     ] GC(609) Concurrent Preclean
[274.306s][info][gc,marking     ] GC(609) Concurrent Preclean 0.020ms
[274.306s][info][gc,start       ] GC(609) Pause Remark
[274.307s][info][gc             ] GC(609) Pause Remark 24M->24M(1024M) 1.048ms
[274.307s][info][gc,cpu         ] GC(609) User=0.00s Sys=0.00s Real=0.00s
[274.307s][info][gc,marking     ] GC(609) Concurrent Mark 4.375ms
[274.307s][info][gc,marking     ] GC(609) Concurrent Rebuild Remembered Sets and Scrub Regions
[274.308s][info][gc,marking     ] GC(609) Concurrent Rebuild Remembered Sets and Scrub Regions 1.007ms
[274.309s][info][gc,start       ] GC(609) Pause Cleanup
[274.309s][info][gc             ] GC(609) Pause Cleanup 29M->29M(1024M) 0.159ms
[274.309s][info][gc,cpu         ] GC(609) User=0.00s Sys=0.00s Real=0.00s
[274.309s][info][gc,marking     ] GC(609) Concurrent Clear Claimed Marks
[274.309s][info][gc,marking     ] GC(609) Concurrent Clear Claimed Marks 0.025ms
[274.309s][info][gc,marking     ] GC(609) Concurrent Cleanup for Next Mark
[274.311s][info][gc,marking     ] GC(609) Concurrent Cleanup for Next Mark 2.598ms
[274.311s][info][gc             ] GC(609) Concurrent Mark Cycle 8.728ms
[274.399s][info][gc,start       ] GC(610) Pause Young (Prepare Mixed) (G1 Evacuation Pause)
[274.399s][info][gc,task        ] GC(610) Using 6 workers of 6 for evacuation
[274.400s][info][gc,phases      ] GC(610)   Pre Evacuate Collection Set: 0.2ms
[274.400s][info][gc,phases      ] GC(610)   Merge Heap Roots: 0.1ms
[274.400s][info][gc,phases      ] GC(610)   Evacuate Collection Set: 0.3ms
[274.400s][info][gc,phases      ] GC(610)   Post Evacuate Collection Set: 0.4ms
[274.400s][info][gc,phases      ] GC(610)   Other: 0.1ms
[274.400s][info][gc,heap        ] GC(610) Eden regions: 610->0(613)
[274.400s][info][gc,heap        ] GC(610) Survivor regions: 2->1(77)
[274.400s][info][gc,heap        ] GC(610) Old regions: 10->10
[274.400s][info][gc,heap        ] GC(610) Humongous regions: 2->2
[274.400s][info][gc,metaspace   ] GC(610) Metaspace: 16584K(16896K)->16584K(16896K) NonClass: 14258K(14400K)->14258K(14400K) Class: 2325K(2496K)->2325K(2496K)
[274.400s][info][gc             ] GC(610) Pause Young (Prepare Mixed) (G1 Evacuation Pause) 617M->6M(1024M) 1.269ms
[274.400s][info][gc,cpu         ] GC(610) User=0.00s Sys=0.00s Real=0.00s
[274.496s][info][gc,start       ] GC(611) Pause Young (Mixed) (G1 Evacuation Pause)
[274.496s][info][gc,task        ] GC(611) Using 6 workers of 6 for evacuation
[274.497s][info][gc,phases      ] GC(611)   Pre Evacuate Collection Set: 0.2ms
[274.497s][info][gc,phases      ] GC(611)   Merge Heap Roots: 0.1ms
[274.497s][info][gc,phases      ] GC(611)   Evacuate Collection Set: 0.3ms
[274.497s][info][gc,phases      ] GC(611)   Post Evacuate Collection Set: 0.4ms
[274.497s][info][gc,phases      ] GC(611)   Other: 0.1ms
[274.497s][info][gc,heap        ] GC(611) Eden regions: 613->0(613)
[274.497s][info][gc,heap        ] GC(611) Survivor regions: 1->1(77)
[274.497s][info][gc,heap        ] GC(611) Old regions: 10->9
[274.497s][info][gc,heap        ] GC(611) Humongous regions: 2->2
[274.497s][info][gc,metaspace   ] GC(611) Metaspace: 16584K(16896K)->16584K(16896K) NonClass: 14258K(14400K)->14258K(14400K) Class: 2325K(2496K)->2325K(2496K)
[274.497s][info][gc             ] GC(611) Pause Young (Mixed) (G1 Evacuation Pause) 619M->6M(1024M) 1.243ms
[274.497s][info][gc,cpu         ] GC(611) User=0.02s Sys=0.00s Real=0.00s
[274.593s][info][gc,start       ] GC(612) Pause Young (Concurrent Start) (G1 Evacuation Pause)
[274.593s][info][gc,task        ] GC(612) Using 6 workers of 6 for evacuation
[274.594s][info][gc,phases      ] GC(612)   Pre Evacuate Collection Set: 0.2ms
[274.594s][info][gc,phases      ] GC(612)   Merge Heap Roots: 0.1ms
[274.594s][info][gc,phases      ] GC(612)   Evacuate Collection Set: 0.4ms
[274.594s][info][gc,phases      ] GC(612)   Post Evacuate Collection Set: 0.4ms
[274.594s][info][gc,phases      ] GC(612)   Other: 0.1ms
[274.594s][info][gc,heap        ] GC(612) Eden regions: 613->0(613)
[274.594s][info][gc,heap        ] GC(612) Survivor regions: 1->1(77)
[274.594s][info][gc,heap        ] GC(612) Old regions: 9->9
[274.594s][info][gc,heap        ] GC(612) Humongous regions: 2->2
[274.594s][info][gc,metaspace   ] GC(612) Metaspace: 16584K(16896K)->16584K(16896K) NonClass: 14258K(14400K)->14258K(14400K) Class: 2325K(2496K)->2325K(2496K)
[274.594s][info][gc             ] GC(612) Pause Young (Concurrent Start) (G1 Evacuation Pause) 619M->6M(1024M) 1.295ms
[274.594s][info][gc             ] GC(613) Concurrent Mark Cycle
[274.594s][info][gc,cpu         ] GC(612) User=0.00s Sys=0.00s Real=0.00s
[274.594s][info][gc,marking     ] GC(613) Concurrent Scan Root Regions
[274.595s][info][gc,marking     ] GC(613) Concurrent Scan Root Regions 0.297ms
[274.595s][info][gc,marking     ] GC(613) Concurrent Mark
[274.595s][info][gc,marking     ] GC(613) Concurrent Mark From Roots
[274.595s][info][gc,task        ] GC(613) Using 2 workers of 2 for marking
[274.598s][info][gc,marking     ] GC(613) Concurrent Mark From Roots 3.169ms
[274.598s][info][gc,marking     ] GC(613) Concurrent Preclean
[274.598s][info][gc,marking     ] GC(613) Concurrent Preclean 0.022ms
[274.598s][info][gc,start       ] GC(613) Pause Remark
[274.599s][info][gc             ] GC(613) Pause Remark 24M->24M(1024M) 1.073ms
[274.599s][info][gc,cpu         ] GC(613) User=0.00s Sys=0.00s Real=0.00s
[274.599s][info][gc,marking     ] GC(613) Concurrent Mark 4.542ms
[274.599s][info][gc,marking     ] GC(613) Concurrent Rebuild Remembered Sets and Scrub Regions
[274.600s][info][gc,marking     ] GC(613) Concurrent Rebuild Remembered Sets and Scrub Regions 0.988ms
[274.600s][info][gc,start       ] GC(613) Pause Cleanup
[274.601s][info][gc             ] GC(613) Pause Cleanup 29M->29M(1024M) 0.152ms
[274.601s][info][gc,cpu         ] GC(613) User=0.00s Sys=0.00s Real=0.00s
[274.601s][info][gc,marking     ] GC(613) Concurrent Clear Claimed Marks
[274.601s][info][gc,marking     ] GC(613) Concurrent Clear Claimed Marks 0.027ms
[274.601s][info][gc,marking     ] GC(613) Concurrent Cleanup for Next Mark
[274.603s][info][gc,marking     ] GC(613) Concurrent Cleanup for Next Mark 2.411ms
[274.603s][info][gc             ] GC(613) Concurrent Mark Cycle 8.792ms
[274.748s][info][gc,start       ] GC(614) Pause Young (Prepare Mixed) (G1 Evacuation Pause)
[274.748s][info][gc,task        ] GC(614) Using 6 workers of 6 for evacuation
[274.786s][info][gc,phases      ] GC(614)   Pre Evacuate Collection Set: 0.2ms
[274.787s][info][gc,phases      ] GC(614)   Merge Heap Roots: 0.1ms
[274.787s][info][gc,phases      ] GC(614)   Evacuate Collection Set: 37.4ms
[274.787s][info][gc,phases      ] GC(614)   Post Evacuate Collection Set: 0.7ms
[274.787s][info][gc,phases      ] GC(614)   Other: 0.1ms
[274.787s][info][gc,heap        ] GC(614) Eden regions: 613->0(537)
[274.787s][info][gc,heap        ] GC(614) Survivor regions: 1->77(77)
[274.787s][info][gc,heap        ] GC(614) Old regions: 9->17
[274.787s][info][gc,heap        ] GC(614) Humongous regions: 3->3
[274.787s][info][gc,metaspace   ] GC(614) Metaspace: 16584K(16896K)->16584K(16896K) NonClass: 14258K(14400K)->14258K(14400K) Class: 2325K(2496K)->2325K(2496K)
[274.787s][info][gc             ] GC(614) Pause Young (Prepare Mixed) (G1 Evacuation Pause) 620M->91M(1024M) 38.643ms
[274.787s][info][gc,cpu         ] GC(614) User=0.05s Sys=0.00s Real=0.05s
[275.307s][info][gc,start       ] GC(615) Pause Young (Mixed) (G1 Evacuation Pause)
[275.307s][info][gc,task        ] GC(615) Using 6 workers of 6 for evacuation
[275.498s][info][gc,phases      ] GC(615)   Pre Evacuate Collection Set: 0.2ms
[275.498s][info][gc,phases      ] GC(615)   Merge Heap Roots: 0.1ms
[275.498s][info][gc,phases      ] GC(615)   Evacuate Collection Set: 180.2ms
[275.498s][info][gc,phases      ] GC(615)   Post Evacuate Collection Set: 10.6ms
[275.498s][info][gc,phases      ] GC(615)   Other: 0.1ms
[275.498s][info][gc,heap        ] GC(615) Eden regions: 537->0(0)
[275.498s][info][gc,heap        ] GC(615) Survivor regions: 77->77(77)
[275.498s][info][gc,heap        ] GC(615) Old regions: 17->923
[275.498s][info][gc,heap        ] GC(615) Humongous regions: 4->4
[275.498s][info][gc,metaspace   ] GC(615) Metaspace: 16584K(16896K)->16584K(16896K) NonClass: 14258K(14400K)->14258K(14400K) Class: 2325K(2496K)->2325K(2496K)
[275.498s][info][gc             ] GC(615) Pause Young (Mixed) (G1 Evacuation Pause) (Evacuation Failure) 629M->999M(1024M) 191.421ms
[275.498s][info][gc,cpu         ] GC(615) User=1.05s Sys=0.00s Real=0.19s
[275.498s][info][gc,ergo        ] Attempting full compaction
[275.498s][info][gc,start       ] GC(616) Pause Full (G1 Compaction Pause)
[275.498s][info][gc,task        ] GC(616) Using 6 workers of 6 for full compaction
[275.498s][info][gc,phases,start] GC(616) Phase 1: Mark live objects
[275.607s][info][gc,phases      ] GC(616) Phase 1: Mark live objects 108.601ms
[275.607s][info][gc,phases,start] GC(616) Phase 2: Prepare compaction
[275.614s][info][gc,phases      ] GC(616) Phase 2: Prepare compaction 6.979ms
[275.614s][info][gc,phases,start] GC(616) Phase 3: Adjust pointers
[275.642s][info][gc,phases      ] GC(616) Phase 3: Adjust pointers 27.852ms
[275.642s][info][gc,phases,start] GC(616) Phase 4: Compact heap
[275.649s][info][gc,phases      ] GC(616) Phase 4: Compact heap 7.583ms
[275.650s][info][gc,phases,start] GC(616) Phase 5: Reset Metadata
[275.663s][info][gc,phases      ] GC(616) Phase 5: Reset Metadata 13.389ms
[275.669s][info][gc,heap        ] GC(616) Eden regions: 0->0(317)
[275.669s][info][gc,heap        ] GC(616) Survivor regions: 77->0(77)
[275.669s][info][gc,heap        ] GC(616) Old regions: 923->418
[275.669s][info][gc,heap        ] GC(616) Humongous regions: 4->4
[275.669s][info][gc,metaspace   ] GC(616) Metaspace: 16584K(16896K)->16584K(16896K) NonClass: 14258K(14400K)->14258K(14400K) Class: 2325K(2496K)->2325K(2496K)
[275.669s][info][gc             ] GC(616) Pause Full (G1 Compaction Pause) 999M->418M(1024M) 170.610ms
[275.669s][info][gc,cpu         ] GC(616) User=0.64s Sys=0.00s Real=0.17s
[278.170s][info][gc,start       ] GC(617) Pause Young (Concurrent Start) (G1 Evacuation Pause)
[278.170s][info][gc,task        ] GC(617) Using 6 workers of 6 for evacuation
[278.248s][info][gc,phases      ] GC(617)   Pre Evacuate Collection Set: 0.4ms
[278.248s][info][gc,phases      ] GC(617)   Merge Heap Roots: 1.2ms
[278.248s][info][gc,phases      ] GC(617)   Evacuate Collection Set: 74.9ms
[278.248s][info][gc,phases      ] GC(617)   Post Evacuate Collection Set: 0.8ms
[278.248s][info][gc,phases      ] GC(617)   Other: 0.2ms
[278.248s][info][gc,heap        ] GC(617) Eden regions: 317->0(244)
[278.248s][info][gc,heap        ] GC(617) Survivor regions: 0->40(40)
[278.248s][info][gc,heap        ] GC(617) Old regions: 418->493
[278.248s][info][gc,heap        ] GC(617) Humongous regions: 4->4
[278.248s][info][gc,metaspace   ] GC(617) Metaspace: 16584K(16896K)->16584K(16896K) NonClass: 14258K(14400K)->14258K(14400K) Class: 2325K(2496K)->2325K(2496K)
[278.248s][info][gc             ] GC(617) Pause Young (Concurrent Start) (G1 Evacuation Pause) 735M->532M(1024M) 77.699ms
[278.248s][info][gc,cpu         ] GC(617) User=0.39s Sys=0.00s Real=0.08s
[278.248s][info][gc             ] GC(618) Concurrent Mark Cycle
[278.248s][info][gc,marking     ] GC(618) Concurrent Scan Root Regions
[278.272s][info][gc,marking     ] GC(618) Concurrent Scan Root Regions 24.039ms
[278.272s][info][gc,marking     ] GC(618) Concurrent Mark
[278.272s][info][gc,marking     ] GC(618) Concurrent Mark From Roots
[278.272s][info][gc,task        ] GC(618) Using 2 workers of 2 for marking
[278.331s][info][gc,marking     ] GC(618) Concurrent Mark From Roots 58.952ms
[278.331s][info][gc,marking     ] GC(618) Concurrent Preclean
[278.331s][info][gc,marking     ] GC(618) Concurrent Preclean 0.055ms
[278.331s][info][gc,start       ] GC(618) Pause Remark
[278.332s][info][gc             ] GC(618) Pause Remark 671M->555M(1024M) 1.194ms
[278.332s][info][gc,cpu         ] GC(618) User=0.00s Sys=0.00s Real=0.00s
[278.333s][info][gc,marking     ] GC(618) Concurrent Mark 60.434ms
[278.333s][info][gc,marking     ] GC(618) Concurrent Rebuild Remembered Sets and Scrub Regions
[278.396s][info][gc,start       ] GC(619) Pause Young (Normal) (G1 Evacuation Pause)
[278.396s][info][gc,task        ] GC(619) Using 6 workers of 6 for evacuation
[278.470s][info][gc,phases      ] GC(619)   Pre Evacuate Collection Set: 0.2ms
[278.470s][info][gc,phases      ] GC(619)   Merge Heap Roots: 0.9ms
[278.470s][info][gc,phases      ] GC(619)   Evacuate Collection Set: 72.5ms
[278.470s][info][gc,phases      ] GC(619)   Post Evacuate Collection Set: 0.3ms
[278.470s][info][gc,phases      ] GC(619)   Other: 0.1ms
[278.470s][info][gc,heap        ] GC(619) Eden regions: 244->0(248)
[278.470s][info][gc,heap        ] GC(619) Survivor regions: 40->36(36)
[278.470s][info][gc,heap        ] GC(619) Old regions: 378->484
[278.470s][info][gc,heap        ] GC(619) Humongous regions: 3->3
[278.470s][info][gc,metaspace   ] GC(619) Metaspace: 16584K(16896K)->16584K(16896K) NonClass: 14258K(14400K)->14258K(14400K) Class: 2325K(2496K)->2325K(2496K)
[278.470s][info][gc             ] GC(619) Pause Young (Normal) (G1 Evacuation Pause) 660M->519M(1024M) 74.190ms
[278.470s][info][gc,cpu         ] GC(619) User=0.48s Sys=0.00s Real=0.08s
[278.473s][info][gc,marking     ] GC(618) Concurrent Rebuild Remembered Sets and Scrub Regions 140.321ms
[278.473s][info][gc,start       ] GC(618) Pause Cleanup
[278.473s][info][gc             ] GC(618) Pause Cleanup 523M->523M(1024M) 0.330ms
[278.473s][info][gc,cpu         ] GC(618) User=0.00s Sys=0.00s Real=0.00s
[278.473s][info][gc,marking     ] GC(618) Concurrent Clear Claimed Marks
[278.473s][info][gc,marking     ] GC(618) Concurrent Clear Claimed Marks 0.027ms
[278.473s][info][gc,marking     ] GC(618) Concurrent Cleanup for Next Mark
[278.475s][info][gc,marking     ] GC(618) Concurrent Cleanup for Next Mark 1.513ms
[278.475s][info][gc             ] GC(618) Concurrent Mark Cycle 226.965ms
[278.621s][info][gc,start       ] GC(620) Pause Young (Prepare Mixed) (G1 Evacuation Pause)
[278.621s][info][gc,task        ] GC(620) Using 6 workers of 6 for evacuation
[278.689s][info][gc,phases      ] GC(620)   Pre Evacuate Collection Set: 0.3ms
[278.689s][info][gc,phases      ] GC(620)   Merge Heap Roots: 0.2ms
[278.689s][info][gc,phases      ] GC(620)   Evacuate Collection Set: 67.6ms
[278.689s][info][gc,phases      ] GC(620)   Post Evacuate Collection Set: 0.4ms
[278.689s][info][gc,phases      ] GC(620)   Other: 0.1ms
[278.689s][info][gc,heap        ] GC(620) Eden regions: 248->0(193)
[278.689s][info][gc,heap        ] GC(620) Survivor regions: 36->36(36)
[278.689s][info][gc,heap        ] GC(620) Old regions: 484->589
[278.689s][info][gc,heap        ] GC(620) Humongous regions: 3->3
[278.689s][info][gc,metaspace   ] GC(620) Metaspace: 16584K(16896K)->16584K(16896K) NonClass: 14258K(14400K)->14258K(14400K) Class: 2325K(2496K)->2325K(2496K)
[278.690s][info][gc             ] GC(620) Pause Young (Prepare Mixed) (G1 Evacuation Pause) 767M->623M(1024M) 68.794ms
[278.690s][info][gc,cpu         ] GC(620) User=0.44s Sys=0.00s Real=0.08s
[278.807s][info][gc,start       ] GC(621) Pause Young (Mixed) (G1 Evacuation Pause)
[278.808s][info][gc,task        ] GC(621) Using 6 workers of 6 for evacuation
[278.865s][info][gc,phases      ] GC(621)   Pre Evacuate Collection Set: 0.4ms
[278.865s][info][gc,phases      ] GC(621)   Merge Heap Roots: 0.3ms
[278.865s][info][gc,phases      ] GC(621)   Evacuate Collection Set: 56.3ms
[278.865s][info][gc,phases      ] GC(621)   Post Evacuate Collection Set: 0.5ms
[278.865s][info][gc,phases      ] GC(621)   Other: 0.1ms
[278.865s][info][gc,heap        ] GC(621) Eden regions: 193->0(203)
[278.865s][info][gc,heap        ] GC(621) Survivor regions: 36->29(29)
[278.865s][info][gc,heap        ] GC(621) Old regions: 589->577
[278.865s][info][gc,heap        ] GC(621) Humongous regions: 3->3
[278.865s][info][gc,metaspace   ] GC(621) Metaspace: 16584K(16896K)->16584K(16896K) NonClass: 14258K(14400K)->14258K(14400K) Class: 2325K(2496K)->2325K(2496K)
[278.865s][info][gc             ] GC(621) Pause Young (Mixed) (G1 Evacuation Pause) 816M->608M(1024M) 57.829ms
[278.865s][info][gc,cpu         ] GC(621) User=0.31s Sys=0.00s Real=0.06s
[279.364s][info][gc,start       ] GC(622) Pause Young (Mixed) (G1 Evacuation Pause)
[279.364s][info][gc,task        ] GC(622) Using 6 workers of 6 for evacuation
[279.440s][info][gc,phases      ] GC(622)   Pre Evacuate Collection Set: 0.2ms
[279.440s][info][gc,phases      ] GC(622)   Merge Heap Roots: 2.2ms
[279.440s][info][gc,phases      ] GC(622)   Evacuate Collection Set: 72.4ms
[279.440s][info][gc,phases      ] GC(622)   Post Evacuate Collection Set: 1.1ms
[279.440s][info][gc,phases      ] GC(622)   Other: 0.1ms
[279.440s][info][gc,heap        ] GC(622) Eden regions: 203->0(222)
[279.440s][info][gc,heap        ] GC(622) Survivor regions: 29->29(29)
[279.440s][info][gc,heap        ] GC(622) Old regions: 577->540
[279.440s][info][gc,heap        ] GC(622) Humongous regions: 9->9
[279.440s][info][gc,metaspace   ] GC(622) Metaspace: 16584K(16896K)->16584K(16896K) NonClass: 14258K(14400K)->14258K(14400K) Class: 2325K(2496K)->2325K(2496K)
[279.440s][info][gc             ] GC(622) Pause Young (Mixed) (G1 Evacuation Pause) 817M->577M(1024M) 76.191ms
[279.440s][info][gc,cpu         ] GC(622) User=0.39s Sys=0.00s Real=0.08s
[279.843s][info][gc,start       ] GC(623) Pause Young (Concurrent Start) (G1 Evacuation Pause)
[279.843s][info][gc,task        ] GC(623) Using 6 workers of 6 for evacuation
[279.876s][info][gc,phases      ] GC(623)   Pre Evacuate Collection Set: 0.3ms
[279.876s][info][gc,phases      ] GC(623)   Merge Heap Roots: 1.2ms
[279.876s][info][gc,phases      ] GC(623)   Evacuate Collection Set: 30.2ms
[279.876s][info][gc,phases      ] GC(623)   Post Evacuate Collection Set: 0.7ms
[279.876s][info][gc,phases      ] GC(623)   Other: 0.2ms
[279.876s][info][gc,heap        ] GC(623) Eden regions: 222->0(250)
[279.876s][info][gc,heap        ] GC(623) Survivor regions: 29->6(32)
[279.876s][info][gc,heap        ] GC(623) Old regions: 540->555
[279.876s][info][gc,heap        ] GC(623) Humongous regions: 9->9
[279.876s][info][gc,metaspace   ] GC(623) Metaspace: 16584K(16896K)->16584K(16896K) NonClass: 14258K(14400K)->14258K(14400K) Class: 2325K(2496K)->2325K(2496K)
[279.876s][info][gc             ] GC(623) Pause Young (Concurrent Start) (G1 Evacuation Pause) 799M->569M(1024M) 32.964ms
[279.876s][info][gc,cpu         ] GC(623) User=0.02s Sys=0.00s Real=0.02s
[279.876s][info][gc             ] GC(624) Concurrent Mark Cycle
[279.876s][info][gc,marking     ] GC(624) Concurrent Scan Root Regions
[279.889s][info][gc,marking     ] GC(624) Concurrent Scan Root Regions 12.648ms
[279.889s][info][gc,marking     ] GC(624) Concurrent Mark
[279.889s][info][gc,marking     ] GC(624) Concurrent Mark From Roots
[279.889s][info][gc,task        ] GC(624) Using 2 workers of 2 for marking
[280.147s][info][gc,marking     ] GC(624) Concurrent Mark From Roots 258.259ms
[280.147s][info][gc,marking     ] GC(624) Concurrent Preclean
[280.147s][info][gc,marking     ] GC(624) Concurrent Preclean 0.054ms
[280.147s][info][gc,start       ] GC(624) Pause Remark
[280.149s][info][gc             ] GC(624) Pause Remark 709M->609M(1024M) 1.249ms
[280.149s][info][gc,cpu         ] GC(624) User=0.00s Sys=0.00s Real=0.00s
[280.149s][info][gc,marking     ] GC(624) Concurrent Mark 259.801ms
[280.149s][info][gc,marking     ] GC(624) Concurrent Rebuild Remembered Sets and Scrub Regions
[280.242s][info][gc,marking     ] GC(624) Concurrent Rebuild Remembered Sets and Scrub Regions 93.112ms
[280.242s][info][gc,start       ] GC(624) Pause Cleanup
[280.242s][info][gc             ] GC(624) Pause Cleanup 662M->662M(1024M) 0.495ms
[280.243s][info][gc,cpu         ] GC(624) User=0.00s Sys=0.00s Real=0.02s
[280.243s][info][gc,marking     ] GC(624) Concurrent Clear Claimed Marks
[280.243s][info][gc,marking     ] GC(624) Concurrent Clear Claimed Marks 0.026ms
[280.243s][info][gc,marking     ] GC(624) Concurrent Cleanup for Next Mark
[280.244s][info][gc,marking     ] GC(624) Concurrent Cleanup for Next Mark 1.585ms
[280.244s][info][gc             ] GC(624) Concurrent Mark Cycle 368.141ms
[280.680s][info][gc,start       ] GC(625) Pause Young (Prepare Mixed) (G1 Evacuation Pause)
[280.680s][info][gc,task        ] GC(625) Using 6 workers of 6 for evacuation
[280.685s][info][gc,phases      ] GC(625)   Pre Evacuate Collection Set: 0.3ms
[280.685s][info][gc,phases      ] GC(625)   Merge Heap Roots: 0.4ms
[280.685s][info][gc,phases      ] GC(625)   Evacuate Collection Set: 4.5ms
[280.685s][info][gc,phases      ] GC(625)   Post Evacuate Collection Set: 0.4ms
[280.685s][info][gc,phases      ] GC(625)   Other: 0.1ms
[280.685s][info][gc,heap        ] GC(625) Eden regions: 250->0(346)
[280.685s][info][gc,heap        ] GC(625) Survivor regions: 6->3(32)
[280.685s][info][gc,heap        ] GC(625) Old regions: 459->459
[280.685s][info][gc,heap        ] GC(625) Humongous regions: 5->5
[280.685s][info][gc,metaspace   ] GC(625) Metaspace: 16584K(16896K)->16584K(16896K) NonClass: 14258K(14400K)->14258K(14400K) Class: 2325K(2496K)->2325K(2496K)
[280.685s][info][gc             ] GC(625) Pause Young (Prepare Mixed) (G1 Evacuation Pause) 719M->466M(1024M) 5.862ms
[280.685s][info][gc,cpu         ] GC(625) User=0.02s Sys=0.00s Real=0.02s
[280.953s][info][gc,start       ] GC(626) Pause Full (System.gc())
[280.953s][info][gc,task        ] GC(626) Using 6 workers of 6 for full compaction
[280.953s][info][gc,phases,start] GC(626) Phase 1: Mark live objects
[280.955s][info][gc,phases      ] GC(626) Phase 1: Mark live objects 2.215ms
[280.955s][info][gc,phases,start] GC(626) Phase 2: Prepare compaction
[280.956s][info][gc,phases      ] GC(626) Phase 2: Prepare compaction 0.664ms
[280.956s][info][gc,phases,start] GC(626) Phase 3: Adjust pointers
[280.958s][info][gc,phases      ] GC(626) Phase 3: Adjust pointers 2.080ms
[280.958s][info][gc,phases,start] GC(626) Phase 4: Compact heap
[280.959s][info][gc,phases      ] GC(626) Phase 4: Compact heap 0.456ms
[280.959s][info][gc,phases,start] GC(626) Phase 5: Reset Metadata
[280.959s][info][gc,phases      ] GC(626) Phase 5: Reset Metadata 0.660ms
[280.963s][info][gc,heap        ] GC(626) Eden regions: 37->0(614)
[280.963s][info][gc,heap        ] GC(626) Survivor regions: 3->0(32)
[280.963s][info][gc,heap        ] GC(626) Old regions: 459->10
[280.963s][info][gc,heap        ] GC(626) Humongous regions: 5->2
[280.963s][info][gc,metaspace   ] GC(626) Metaspace: 16584K(16896K)->16584K(16896K) NonClass: 14258K(14400K)->14258K(14400K) Class: 2325K(2496K)->2325K(2496K)
[280.963s][info][gc             ] GC(626) Pause Full (System.gc()) 503M->5M(1024M) 10.398ms
[280.963s][info][gc,cpu         ] GC(626) User=0.00s Sys=0.00s Real=0.00s
[282.108s][info][gc,start       ] GC(627) Pause Young (Concurrent Start) (G1 Evacuation Pause)
[282.108s][info][gc,task        ] GC(627) Using 6 workers of 6 for evacuation
[282.109s][info][gc,phases      ] GC(627)   Pre Evacuate Collection Set: 0.2ms
[282.109s][info][gc,phases      ] GC(627)   Merge Heap Roots: 0.1ms
[282.109s][info][gc,phases      ] GC(627)   Evacuate Collection Set: 0.4ms
[282.109s][info][gc,phases      ] GC(627)   Post Evacuate Collection Set: 0.4ms
[282.109s][info][gc,phases      ] GC(627)   Other: 0.1ms
[282.109s][info][gc,heap        ] GC(627) Eden regions: 614->0(613)
[282.109s][info][gc,heap        ] GC(627) Survivor regions: 0->1(77)
[282.109s][info][gc,heap        ] GC(627) Old regions: 10->10
[282.109s][info][gc,heap        ] GC(627) Humongous regions: 2->2
[282.109s][info][gc,metaspace   ] GC(627) Metaspace: 16584K(16896K)->16584K(16896K) NonClass: 14258K(14400K)->14258K(14400K) Class: 2325K(2496K)->2325K(2496K)
[282.109s][info][gc             ] GC(627) Pause Young (Concurrent Start) (G1 Evacuation Pause) 619M->6M(1024M) 1.333ms
[282.109s][info][gc             ] GC(628) Concurrent Mark Cycle
[282.109s][info][gc,cpu         ] GC(627) User=0.00s Sys=0.00s Real=0.00s
[282.109s][info][gc,marking     ] GC(628) Concurrent Scan Root Regions
[282.110s][info][gc,marking     ] GC(628) Concurrent Scan Root Regions 0.303ms
[282.110s][info][gc,marking     ] GC(628) Concurrent Mark
[282.110s][info][gc,marking     ] GC(628) Concurrent Mark From Roots
[282.110s][info][gc,task        ] GC(628) Using 2 workers of 2 for marking
[282.113s][info][gc,marking     ] GC(628) Concurrent Mark From Roots 3.117ms
[282.113s][info][gc,marking     ] GC(628) Concurrent Preclean
[282.113s][info][gc,marking     ] GC(628) Concurrent Preclean 0.021ms
[282.113s][info][gc,start       ] GC(628) Pause Remark
[282.114s][info][gc             ] GC(628) Pause Remark 24M->24M(1024M) 1.025ms
[282.114s][info][gc,cpu         ] GC(628) User=0.00s Sys=0.00s Real=0.00s
[282.114s][info][gc,marking     ] GC(628) Concurrent Mark 4.416ms
[282.114s][info][gc,marking     ] GC(628) Concurrent Rebuild Remembered Sets and Scrub Regions
[282.115s][info][gc,marking     ] GC(628) Concurrent Rebuild Remembered Sets and Scrub Regions 1.001ms
[282.115s][info][gc,start       ] GC(628) Pause Cleanup
[282.115s][info][gc             ] GC(628) Pause Cleanup 29M->29M(1024M) 0.113ms
[282.115s][info][gc,cpu         ] GC(628) User=0.00s Sys=0.00s Real=0.00s
[282.115s][info][gc,marking     ] GC(628) Concurrent Clear Claimed Marks
[282.115s][info][gc,marking     ] GC(628) Concurrent Clear Claimed Marks 0.055ms
[282.115s][info][gc,marking     ] GC(628) Concurrent Cleanup for Next Mark
[282.118s][info][gc,marking     ] GC(628) Concurrent Cleanup for Next Mark 2.463ms
[282.118s][info][gc             ] GC(628) Concurrent Mark Cycle 8.742ms
[282.208s][info][gc,start       ] GC(629) Pause Young (Prepare Mixed) (G1 Evacuation Pause)
[282.208s][info][gc,task        ] GC(629) Using 6 workers of 6 for evacuation
[282.209s][info][gc,phases      ] GC(629)   Pre Evacuate Collection Set: 0.2ms
[282.209s][info][gc,phases      ] GC(629)   Merge Heap Roots: 0.1ms
[282.209s][info][gc,phases      ] GC(629)   Evacuate Collection Set: 0.3ms
[282.209s][info][gc,phases      ] GC(629)   Post Evacuate Collection Set: 0.4ms
[282.209s][info][gc,phases      ] GC(629)   Other: 0.1ms
[282.209s][info][gc,heap        ] GC(629) Eden regions: 613->0(613)
[282.209s][info][gc,heap        ] GC(629) Survivor regions: 1->1(77)
[282.209s][info][gc,heap        ] GC(629) Old regions: 10->10
[282.209s][info][gc,heap        ] GC(629) Humongous regions: 2->2
[282.209s][info][gc,metaspace   ] GC(629) Metaspace: 16584K(16896K)->16584K(16896K) NonClass: 14258K(14400K)->14258K(14400K) Class: 2325K(2496K)->2325K(2496K)
[282.209s][info][gc             ] GC(629) Pause Young (Prepare Mixed) (G1 Evacuation Pause) 619M->6M(1024M) 1.228ms
[282.209s][info][gc,cpu         ] GC(629) User=0.00s Sys=0.00s Real=0.00s
[282.306s][info][gc,start       ] GC(630) Pause Young (Mixed) (G1 Evacuation Pause)
[282.306s][info][gc,task        ] GC(630) Using 6 workers of 6 for evacuation
[282.307s][info][gc,phases      ] GC(630)   Pre Evacuate Collection Set: 0.2ms
[282.307s][info][gc,phases      ] GC(630)   Merge Heap Roots: 0.1ms
[282.307s][info][gc,phases      ] GC(630)   Evacuate Collection Set: 0.3ms
[282.307s][info][gc,phases      ] GC(630)   Post Evacuate Collection Set: 0.4ms
[282.307s][info][gc,phases      ] GC(630)   Other: 0.1ms
[282.307s][info][gc,heap        ] GC(630) Eden regions: 613->0(613)
[282.307s][info][gc,heap        ] GC(630) Survivor regions: 1->1(77)
[282.307s][info][gc,heap        ] GC(630) Old regions: 10->10
[282.307s][info][gc,heap        ] GC(630) Humongous regions: 2->2
[282.307s][info][gc,metaspace   ] GC(630) Metaspace: 16584K(16896K)->16584K(16896K) NonClass: 14258K(14400K)->14258K(14400K) Class: 2325K(2496K)->2325K(2496K)
[282.307s][info][gc             ] GC(630) Pause Young (Mixed) (G1 Evacuation Pause) 619M->6M(1024M) 1.244ms
[282.307s][info][gc,cpu         ] GC(630) User=0.00s Sys=0.00s Real=0.00s
[282.404s][info][gc,start       ] GC(631) Pause Young (Concurrent Start) (G1 Evacuation Pause)
[282.404s][info][gc,task        ] GC(631) Using 6 workers of 6 for evacuation
[282.405s][info][gc,phases      ] GC(631)   Pre Evacuate Collection Set: 0.2ms
[282.405s][info][gc,phases      ] GC(631)   Merge Heap Roots: 0.1ms
[282.405s][info][gc,phases      ] GC(631)   Evacuate Collection Set: 0.3ms
[282.405s][info][gc,phases      ] GC(631)   Post Evacuate Collection Set: 0.4ms
[282.405s][info][gc,phases      ] GC(631)   Other: 0.1ms
[282.405s][info][gc,heap        ] GC(631) Eden regions: 613->0(613)
[282.405s][info][gc,heap        ] GC(631) Survivor regions: 1->1(77)
[282.405s][info][gc,heap        ] GC(631) Old regions: 10->10
[282.405s][info][gc,heap        ] GC(631) Humongous regions: 2->2
[282.405s][info][gc,metaspace   ] GC(631) Metaspace: 16584K(16896K)->16584K(16896K) NonClass: 14258K(14400K)->14258K(14400K) Class: 2325K(2496K)->2325K(2496K)
[282.405s][info][gc             ] GC(631) Pause Young (Concurrent Start) (G1 Evacuation Pause) 619M->6M(1024M) 1.413ms
[282.405s][info][gc             ] GC(632) Concurrent Mark Cycle
[282.405s][info][gc,cpu         ] GC(631) User=0.00s Sys=0.00s Real=0.00s
[282.405s][info][gc,marking     ] GC(632) Concurrent Scan Root Regions
[282.406s][info][gc,marking     ] GC(632) Concurrent Scan Root Regions 0.301ms
[282.406s][info][gc,marking     ] GC(632) Concurrent Mark
[282.406s][info][gc,marking     ] GC(632) Concurrent Mark From Roots
[282.406s][info][gc,task        ] GC(632) Using 2 workers of 2 for marking
[282.409s][info][gc,marking     ] GC(632) Concurrent Mark From Roots 3.069ms
[282.409s][info][gc,marking     ] GC(632) Concurrent Preclean
[282.409s][info][gc,marking     ] GC(632) Concurrent Preclean 0.021ms
[282.409s][info][gc,start       ] GC(632) Pause Remark
[282.410s][info][gc             ] GC(632) Pause Remark 22M->22M(1024M) 1.115ms
[282.410s][info][gc,cpu         ] GC(632) User=0.00s Sys=0.00s Real=0.00s
[282.410s][info][gc,marking     ] GC(632) Concurrent Mark 4.455ms
[282.410s][info][gc,marking     ] GC(632) Concurrent Rebuild Remembered Sets and Scrub Regions
[282.411s][info][gc,marking     ] GC(632) Concurrent Rebuild Remembered Sets and Scrub Regions 0.984ms
[282.411s][info][gc,start       ] GC(632) Pause Cleanup
[282.412s][info][gc             ] GC(632) Pause Cleanup 28M->28M(1024M) 0.118ms
[282.412s][info][gc,cpu         ] GC(632) User=0.00s Sys=0.00s Real=0.00s
[282.412s][info][gc,marking     ] GC(632) Concurrent Clear Claimed Marks
[282.412s][info][gc,marking     ] GC(632) Concurrent Clear Claimed Marks 0.021ms
[282.412s][info][gc,marking     ] GC(632) Concurrent Cleanup for Next Mark
[282.414s][info][gc,marking     ] GC(632) Concurrent Cleanup for Next Mark 2.423ms
[282.414s][info][gc             ] GC(632) Concurrent Mark Cycle 8.688ms
[282.593s][info][gc,start       ] GC(633) Pause Young (Prepare Mixed) (G1 Evacuation Pause)
[282.593s][info][gc,task        ] GC(633) Using 6 workers of 6 for evacuation
[282.648s][info][gc,phases      ] GC(633)   Pre Evacuate Collection Set: 0.1ms
[282.648s][info][gc,phases      ] GC(633)   Merge Heap Roots: 0.1ms
[282.648s][info][gc,phases      ] GC(633)   Evacuate Collection Set: 54.5ms
[282.648s][info][gc,phases      ] GC(633)   Post Evacuate Collection Set: 0.6ms
[282.648s][info][gc,phases      ] GC(633)   Other: 0.1ms
[282.648s][info][gc,heap        ] GC(633) Eden regions: 613->0(537)
[282.648s][info][gc,heap        ] GC(633) Survivor regions: 1->77(77)
[282.648s][info][gc,heap        ] GC(633) Old regions: 10->55
[282.648s][info][gc,heap        ] GC(633) Humongous regions: 3->3
[282.648s][info][gc,metaspace   ] GC(633) Metaspace: 16584K(16896K)->16584K(16896K) NonClass: 14258K(14400K)->14258K(14400K) Class: 2325K(2496K)->2325K(2496K)
[282.648s][info][gc             ] GC(633) Pause Young (Prepare Mixed) (G1 Evacuation Pause) 620M->129M(1024M) 55.664ms
[282.648s][info][gc,cpu         ] GC(633) User=0.30s Sys=0.00s Real=0.06s
[283.219s][info][gc,start       ] GC(634) Pause Young (Mixed) (G1 Evacuation Pause)
[283.219s][info][gc,task        ] GC(634) Using 6 workers of 6 for evacuation
[283.367s][info][gc,phases      ] GC(634)   Pre Evacuate Collection Set: 0.2ms
[283.367s][info][gc,phases      ] GC(634)   Merge Heap Roots: 0.3ms
[283.367s][info][gc,phases      ] GC(634)   Evacuate Collection Set: 147.0ms
[283.367s][info][gc,phases      ] GC(634)   Post Evacuate Collection Set: 1.1ms
[283.367s][info][gc,phases      ] GC(634)   Other: 0.1ms
[283.367s][info][gc,heap        ] GC(634) Eden regions: 537->0(334)
[283.367s][info][gc,heap        ] GC(634) Survivor regions: 77->77(77)
[283.367s][info][gc,heap        ] GC(634) Old regions: 55->328
[283.367s][info][gc,heap        ] GC(634) Humongous regions: 4->4
[283.367s][info][gc,metaspace   ] GC(634) Metaspace: 16584K(16896K)->16584K(16896K) NonClass: 14258K(14400K)->14258K(14400K) Class: 2325K(2496K)->2325K(2496K)
[283.367s][info][gc             ] GC(634) Pause Young (Mixed) (G1 Evacuation Pause) 667M->404M(1024M) 148.759ms
[283.367s][info][gc,cpu         ] GC(634) User=0.94s Sys=0.00s Real=0.14s
[285.866s][info][gc,start       ] GC(635) Pause Young (Concurrent Start) (G1 Evacuation Pause)
[285.866s][info][gc,task        ] GC(635) Using 6 workers of 6 for evacuation
[285.979s][info][gc,phases      ] GC(635)   Pre Evacuate Collection Set: 0.2ms
[285.980s][info][gc,phases      ] GC(635)   Merge Heap Roots: 0.7ms
[285.980s][info][gc,phases      ] GC(635)   Evacuate Collection Set: 110.6ms
[285.980s][info][gc,phases      ] GC(635)   Post Evacuate Collection Set: 1.8ms
[285.980s][info][gc,phases      ] GC(635)   Other: 0.1ms
[285.980s][info][gc,heap        ] GC(635) Eden regions: 334->0(241)
[285.980s][info][gc,heap        ] GC(635) Survivor regions: 77->52(52)
[285.980s][info][gc,heap        ] GC(635) Old regions: 328->494
[285.980s][info][gc,heap        ] GC(635) Humongous regions: 4->4
[285.980s][info][gc,metaspace   ] GC(635) Metaspace: 16584K(16896K)->16584K(16896K) NonClass: 14258K(14400K)->14258K(14400K) Class: 2325K(2496K)->2325K(2496K)
[285.980s][info][gc             ] GC(635) Pause Young (Concurrent Start) (G1 Evacuation Pause) 738M->545M(1024M) 114.246ms
[285.980s][info][gc             ] GC(636) Concurrent Mark Cycle
[285.980s][info][gc,cpu         ] GC(635) User=0.64s Sys=0.00s Real=0.11s
[285.980s][info][gc,marking     ] GC(636) Concurrent Scan Root Regions
[286.025s][info][gc,marking     ] GC(636) Concurrent Scan Root Regions 44.877ms
[286.025s][info][gc,marking     ] GC(636) Concurrent Mark
[286.025s][info][gc,marking     ] GC(636) Concurrent Mark From Roots
[286.025s][info][gc,task        ] GC(636) Using 2 workers of 2 for marking
[286.034s][info][gc,marking     ] GC(636) Concurrent Mark From Roots 8.826ms
[286.034s][info][gc,marking     ] GC(636) Concurrent Preclean
[286.034s][info][gc,marking     ] GC(636) Concurrent Preclean 0.047ms
[286.034s][info][gc,start       ] GC(636) Pause Remark
[286.035s][info][gc             ] GC(636) Pause Remark 625M->412M(1024M) 1.018ms
[286.035s][info][gc,cpu         ] GC(636) User=0.00s Sys=0.00s Real=0.00s
[286.035s][info][gc,marking     ] GC(636) Concurrent Mark 10.132ms
[286.035s][info][gc,marking     ] GC(636) Concurrent Rebuild Remembered Sets and Scrub Regions
[286.085s][info][gc,marking     ] GC(636) Concurrent Rebuild Remembered Sets and Scrub Regions 49.977ms
[286.085s][info][gc,start       ] GC(636) Pause Cleanup
[286.086s][info][gc             ] GC(636) Pause Cleanup 492M->492M(1024M) 0.302ms
[286.086s][info][gc,cpu         ] GC(636) User=0.00s Sys=0.00s Real=0.00s
[286.086s][info][gc,marking     ] GC(636) Concurrent Clear Claimed Marks
[286.086s][info][gc,marking     ] GC(636) Concurrent Clear Claimed Marks 0.018ms
[286.086s][info][gc,marking     ] GC(636) Concurrent Cleanup for Next Mark
[286.087s][info][gc,marking     ] GC(636) Concurrent Cleanup for Next Mark 1.341ms
[286.087s][info][gc             ] GC(636) Concurrent Mark Cycle 106.992ms
[286.135s][info][gc,start       ] GC(637) Pause Young (Prepare Mixed) (G1 Evacuation Pause)
[286.135s][info][gc,task        ] GC(637) Using 6 workers of 6 for evacuation
[286.218s][info][gc,phases      ] GC(637)   Pre Evacuate Collection Set: 0.3ms
[286.218s][info][gc,phases      ] GC(637)   Merge Heap Roots: 1.2ms
[286.218s][info][gc,phases      ] GC(637)   Evacuate Collection Set: 81.4ms
[286.218s][info][gc,phases      ] GC(637)   Post Evacuate Collection Set: 0.4ms
[286.218s][info][gc,phases      ] GC(637)   Other: 0.1ms
[286.218s][info][gc,heap        ] GC(637) Eden regions: 241->0(294)
[286.218s][info][gc,heap        ] GC(637) Survivor regions: 52->37(37)
[286.218s][info][gc,heap        ] GC(637) Old regions: 282->399
[286.218s][info][gc,heap        ] GC(637) Humongous regions: 3->3
[286.218s][info][gc,metaspace   ] GC(637) Metaspace: 16584K(16896K)->16584K(16896K) NonClass: 14258K(14400K)->14258K(14400K) Class: 2325K(2496K)->2325K(2496K)
[286.218s][info][gc             ] GC(637) Pause Young (Prepare Mixed) (G1 Evacuation Pause) 573M->434M(1024M) 83.724ms
[286.218s][info][gc,cpu         ] GC(637) User=0.47s Sys=0.00s Real=0.08s
[286.397s][info][gc,start       ] GC(638) Pause Young (Mixed) (G1 Evacuation Pause)
[286.397s][info][gc,task        ] GC(638) Using 6 workers of 6 for evacuation
[286.474s][info][gc,phases      ] GC(638)   Pre Evacuate Collection Set: 0.2ms
[286.474s][info][gc,phases      ] GC(638)   Merge Heap Roots: 0.1ms
[286.474s][info][gc,phases      ] GC(638)   Evacuate Collection Set: 76.3ms
[286.474s][info][gc,phases      ] GC(638)   Post Evacuate Collection Set: 0.5ms
[286.474s][info][gc,phases      ] GC(638)   Other: 0.1ms
[286.474s][info][gc,heap        ] GC(638) Eden regions: 294->0(256)
[286.474s][info][gc,heap        ] GC(638) Survivor regions: 37->42(42)
[286.474s][info][gc,heap        ] GC(638) Old regions: 399->461
[286.474s][info][gc,heap        ] GC(638) Humongous regions: 3->3
[286.474s][info][gc,metaspace   ] GC(638) Metaspace: 16584K(16896K)->16584K(16896K) NonClass: 14258K(14400K)->14258K(14400K) Class: 2325K(2496K)->2325K(2496K)
[286.474s][info][gc             ] GC(638) Pause Young (Mixed) (G1 Evacuation Pause) 728M->502M(1024M) 77.460ms
[286.474s][info][gc,cpu         ] GC(638) User=0.39s Sys=0.00s Real=0.08s
[286.555s][info][gc,start       ] GC(639) Pause Young (Concurrent Start) (G1 Humongous Allocation)
[286.555s][info][gc,task        ] GC(639) Using 6 workers of 6 for evacuation
[286.601s][info][gc,phases      ] GC(639)   Pre Evacuate Collection Set: 0.3ms
[286.601s][info][gc,phases      ] GC(639)   Merge Heap Roots: 0.2ms
[286.601s][info][gc,phases      ] GC(639)   Evacuate Collection Set: 45.5ms
[286.601s][info][gc,phases      ] GC(639)   Post Evacuate Collection Set: 0.4ms
[286.601s][info][gc,phases      ] GC(639)   Other: 0.2ms
[286.601s][info][gc,heap        ] GC(639) Eden regions: 129->0(227)
[286.601s][info][gc,heap        ] GC(639) Survivor regions: 42->38(38)
[286.601s][info][gc,heap        ] GC(639) Old regions: 461->521
[286.601s][info][gc,heap        ] GC(639) Humongous regions: 3->3
[286.601s][info][gc,metaspace   ] GC(639) Metaspace: 16584K(16896K)->16584K(16896K) NonClass: 14258K(14400K)->14258K(14400K) Class: 2325K(2496K)->2325K(2496K)
[286.601s][info][gc             ] GC(639) Pause Young (Concurrent Start) (G1 Humongous Allocation) 631M->558M(1024M) 46.737ms
[286.601s][info][gc             ] GC(640) Concurrent Mark Cycle
[286.601s][info][gc,cpu         ] GC(639) User=0.14s Sys=0.00s Real=0.05s
[286.602s][info][gc,marking     ] GC(640) Concurrent Scan Root Regions
[286.630s][info][gc,marking     ] GC(640) Concurrent Scan Root Regions 28.048ms
[286.630s][info][gc,marking     ] GC(640) Concurrent Mark
[286.630s][info][gc,marking     ] GC(640) Concurrent Mark From Roots
[286.630s][info][gc,task        ] GC(640) Using 2 workers of 2 for marking
[286.858s][info][gc,marking     ] GC(640) Concurrent Mark From Roots 228.275ms
[286.858s][info][gc,marking     ] GC(640) Concurrent Preclean
[286.858s][info][gc,marking     ] GC(640) Concurrent Preclean 0.050ms
[286.858s][info][gc,start       ] GC(640) Pause Remark
[286.859s][info][gc             ] GC(640) Pause Remark 631M->508M(1024M) 1.222ms
[286.859s][info][gc,cpu         ] GC(640) User=0.00s Sys=0.00s Real=0.00s
[286.859s][info][gc,marking     ] GC(640) Concurrent Mark 229.771ms
[286.859s][info][gc,marking     ] GC(640) Concurrent Rebuild Remembered Sets and Scrub Regions
[286.949s][info][gc,marking     ] GC(640) Concurrent Rebuild Remembered Sets and Scrub Regions 89.853ms
[286.949s][info][gc,start       ] GC(640) Pause Cleanup
[286.950s][info][gc             ] GC(640) Pause Cleanup 515M->515M(1024M) 0.262ms
[286.950s][info][gc,cpu         ] GC(640) User=0.00s Sys=0.00s Real=0.00s
[286.950s][info][gc,marking     ] GC(640) Concurrent Clear Claimed Marks
[286.950s][info][gc,marking     ] GC(640) Concurrent Clear Claimed Marks 0.021ms
[286.950s][info][gc,marking     ] GC(640) Concurrent Cleanup for Next Mark
[286.951s][info][gc,marking     ] GC(640) Concurrent Cleanup for Next Mark 1.287ms
[286.951s][info][gc             ] GC(640) Concurrent Mark Cycle 349.580ms
[287.244s][info][gc,start       ] GC(641) Pause Young (Prepare Mixed) (G1 Evacuation Pause)
[287.244s][info][gc,task        ] GC(641) Using 6 workers of 6 for evacuation
[287.307s][info][gc,phases      ] GC(641)   Pre Evacuate Collection Set: 0.2ms
[287.307s][info][gc,phases      ] GC(641)   Merge Heap Roots: 2.4ms
[287.307s][info][gc,phases      ] GC(641)   Evacuate Collection Set: 59.3ms
[287.307s][info][gc,phases      ] GC(641)   Post Evacuate Collection Set: 1.1ms
[287.307s][info][gc,phases      ] GC(641)   Other: 0.1ms
[287.307s][info][gc,heap        ] GC(641) Eden regions: 227->0(286)
[287.307s][info][gc,heap        ] GC(641) Survivor regions: 38->34(34)
[287.307s][info][gc,heap        ] GC(641) Old regions: 399->438
[287.307s][info][gc,heap        ] GC(641) Humongous regions: 8->8
[287.307s][info][gc,metaspace   ] GC(641) Metaspace: 16584K(16896K)->16584K(16896K) NonClass: 14258K(14400K)->14258K(14400K) Class: 2325K(2496K)->2325K(2496K)
[287.307s][info][gc             ] GC(641) Pause Young (Prepare Mixed) (G1 Evacuation Pause) 668M->476M(1024M) 63.367ms
[287.307s][info][gc,cpu         ] GC(641) User=0.30s Sys=0.00s Real=0.06s
[287.816s][info][gc,start       ] GC(642) Pause Young (Mixed) (G1 Evacuation Pause)
[287.816s][info][gc,task        ] GC(642) Using 6 workers of 6 for evacuation
[287.842s][info][gc,phases      ] GC(642)   Pre Evacuate Collection Set: 0.3ms
[287.842s][info][gc,phases      ] GC(642)   Merge Heap Roots: 1.3ms
[287.842s][info][gc,phases      ] GC(642)   Evacuate Collection Set: 24.0ms
[287.842s][info][gc,phases      ] GC(642)   Post Evacuate Collection Set: 0.4ms
[287.842s][info][gc,phases      ] GC(642)   Other: 0.1ms
[287.842s][info][gc,heap        ] GC(642) Eden regions: 286->0(329)
[287.842s][info][gc,heap        ] GC(642) Survivor regions: 34->3(40)
[287.842s][info][gc,heap        ] GC(642) Old regions: 438->444
[287.842s][info][gc,heap        ] GC(642) Humongous regions: 8->8
[287.842s][info][gc,metaspace   ] GC(642) Metaspace: 16584K(16896K)->16584K(16896K) NonClass: 14258K(14400K)->14258K(14400K) Class: 2325K(2496K)->2325K(2496K)
[287.842s][info][gc             ] GC(642) Pause Young (Mixed) (G1 Evacuation Pause) 762M->452M(1024M) 26.351ms
[287.842s][info][gc,cpu         ] GC(642) User=0.09s Sys=0.00s Real=0.03s
[288.641s][info][gc,start       ] GC(643) Pause Full (System.gc())
[288.641s][info][gc,task        ] GC(643) Using 6 workers of 6 for full compaction
[288.641s][info][gc,phases,start] GC(643) Phase 1: Mark live objects
[288.644s][info][gc,phases      ] GC(643) Phase 1: Mark live objects 2.539ms
[288.644s][info][gc,phases,start] GC(643) Phase 2: Prepare compaction
[288.645s][info][gc,phases      ] GC(643) Phase 2: Prepare compaction 0.750ms
[288.645s][info][gc,phases,start] GC(643) Phase 3: Adjust pointers
[288.647s][info][gc,phases      ] GC(643) Phase 3: Adjust pointers 2.136ms
[288.647s][info][gc,phases,start] GC(643) Phase 4: Compact heap
[288.648s][info][gc,phases      ] GC(643) Phase 4: Compact heap 0.555ms
[288.648s][info][gc,phases,start] GC(643) Phase 5: Reset Metadata
[288.648s][info][gc,phases      ] GC(643) Phase 5: Reset Metadata 0.586ms
[288.652s][info][gc,heap        ] GC(643) Eden regions: 148->0(599)
[288.652s][info][gc,heap        ] GC(643) Survivor regions: 3->0(40)
[288.652s][info][gc,heap        ] GC(643) Old regions: 444->9
[288.652s][info][gc,heap        ] GC(643) Humongous regions: 8->2
[288.652s][info][gc,metaspace   ] GC(643) Metaspace: 16584K(16896K)->16584K(16896K) NonClass: 14258K(14400K)->14258K(14400K) Class: 2325K(2496K)->2325K(2496K)
[288.652s][info][gc             ] GC(643) Pause Full (System.gc()) 599M->5M(1024M) 10.780ms
[288.652s][info][gc,cpu         ] GC(643) User=0.00s Sys=0.00s Real=0.00s
[289.794s][info][gc,start       ] GC(644) Pause Young (Concurrent Start) (G1 Evacuation Pause)
[289.794s][info][gc,task        ] GC(644) Using 6 workers of 6 for evacuation
[289.795s][info][gc,phases      ] GC(644)   Pre Evacuate Collection Set: 0.2ms
[289.795s][info][gc,phases      ] GC(644)   Merge Heap Roots: 0.1ms
[289.795s][info][gc,phases      ] GC(644)   Evacuate Collection Set: 0.4ms
[289.795s][info][gc,phases      ] GC(644)   Post Evacuate Collection Set: 0.4ms
[289.795s][info][gc,phases      ] GC(644)   Other: 0.1ms
[289.795s][info][gc,heap        ] GC(644) Eden regions: 599->0(612)
[289.795s][info][gc,heap        ] GC(644) Survivor regions: 0->2(75)
[289.795s][info][gc,heap        ] GC(644) Old regions: 9->9
[289.795s][info][gc,heap        ] GC(644) Humongous regions: 2->2
[289.795s][info][gc,metaspace   ] GC(644) Metaspace: 16587K(16896K)->16587K(16896K) NonClass: 14261K(14400K)->14261K(14400K) Class: 2325K(2496K)->2325K(2496K)
[289.795s][info][gc             ] GC(644) Pause Young (Concurrent Start) (G1 Evacuation Pause) 604M->7M(1024M) 1.432ms
[289.795s][info][gc             ] GC(645) Concurrent Mark Cycle
[289.795s][info][gc,cpu         ] GC(644) User=0.00s Sys=0.00s Real=0.00s
[289.796s][info][gc,marking     ] GC(645) Concurrent Scan Root Regions
[289.796s][info][gc,marking     ] GC(645) Concurrent Scan Root Regions 0.189ms
[289.796s][info][gc,marking     ] GC(645) Concurrent Mark
[289.796s][info][gc,marking     ] GC(645) Concurrent Mark From Roots
[289.796s][info][gc,task        ] GC(645) Using 2 workers of 2 for marking
[289.799s][info][gc,marking     ] GC(645) Concurrent Mark From Roots 3.148ms
[289.799s][info][gc,marking     ] GC(645) Concurrent Preclean
[289.799s][info][gc,marking     ] GC(645) Concurrent Preclean 0.023ms
[289.799s][info][gc,start       ] GC(645) Pause Remark
[289.800s][info][gc             ] GC(645) Pause Remark 23M->23M(1024M) 1.023ms
[289.800s][info][gc,cpu         ] GC(645) User=0.00s Sys=0.00s Real=0.00s
[289.800s][info][gc,marking     ] GC(645) Concurrent Mark 4.438ms
[289.800s][info][gc,marking     ] GC(645) Concurrent Rebuild Remembered Sets and Scrub Regions
[289.801s][info][gc,marking     ] GC(645) Concurrent Rebuild Remembered Sets and Scrub Regions 0.999ms
[289.801s][info][gc,start       ] GC(645) Pause Cleanup
[289.801s][info][gc             ] GC(645) Pause Cleanup 27M->27M(1024M) 0.170ms
[289.802s][info][gc,cpu         ] GC(645) User=0.00s Sys=0.00s Real=0.00s
[289.802s][info][gc,marking     ] GC(645) Concurrent Clear Claimed Marks
[289.802s][info][gc,marking     ] GC(645) Concurrent Clear Claimed Marks 0.022ms
[289.802s][info][gc,marking     ] GC(645) Concurrent Cleanup for Next Mark
[289.804s][info][gc,marking     ] GC(645) Concurrent Cleanup for Next Mark 2.466ms
[289.804s][info][gc             ] GC(645) Concurrent Mark Cycle 8.637ms
[289.894s][info][gc,start       ] GC(646) Pause Young (Prepare Mixed) (G1 Evacuation Pause)
[289.894s][info][gc,task        ] GC(646) Using 6 workers of 6 for evacuation
[289.895s][info][gc,phases      ] GC(646)   Pre Evacuate Collection Set: 0.2ms
[289.896s][info][gc,phases      ] GC(646)   Merge Heap Roots: 0.1ms
[289.896s][info][gc,phases      ] GC(646)   Evacuate Collection Set: 0.4ms
[289.896s][info][gc,phases      ] GC(646)   Post Evacuate Collection Set: 0.4ms
[289.896s][info][gc,phases      ] GC(646)   Other: 0.1ms
[289.896s][info][gc,heap        ] GC(646) Eden regions: 612->0(613)
[289.896s][info][gc,heap        ] GC(646) Survivor regions: 2->1(77)
[289.896s][info][gc,heap        ] GC(646) Old regions: 9->9
[289.896s][info][gc,heap        ] GC(646) Humongous regions: 2->2
[289.896s][info][gc,metaspace   ] GC(646) Metaspace: 16587K(16896K)->16587K(16896K) NonClass: 14261K(14400K)->14261K(14400K) Class: 2325K(2496K)->2325K(2496K)
[289.896s][info][gc             ] GC(646) Pause Young (Prepare Mixed) (G1 Evacuation Pause) 619M->6M(1024M) 1.537ms
[289.896s][info][gc,cpu         ] GC(646) User=0.00s Sys=0.00s Real=0.00s
[289.996s][info][gc,start       ] GC(647) Pause Young (Mixed) (G1 Evacuation Pause)
[289.996s][info][gc,task        ] GC(647) Using 6 workers of 6 for evacuation
[289.998s][info][gc,phases      ] GC(647)   Pre Evacuate Collection Set: 0.2ms
[289.998s][info][gc,phases      ] GC(647)   Merge Heap Roots: 0.1ms
[289.998s][info][gc,phases      ] GC(647)   Evacuate Collection Set: 0.3ms
[289.998s][info][gc,phases      ] GC(647)   Post Evacuate Collection Set: 0.4ms
[289.998s][info][gc,phases      ] GC(647)   Other: 0.1ms
[289.998s][info][gc,heap        ] GC(647) Eden regions: 613->0(613)
[289.998s][info][gc,heap        ] GC(647) Survivor regions: 1->1(77)
[289.998s][info][gc,heap        ] GC(647) Old regions: 9->9
[289.998s][info][gc,heap        ] GC(647) Humongous regions: 2->2
[289.998s][info][gc,metaspace   ] GC(647) Metaspace: 16587K(16896K)->16587K(16896K) NonClass: 14261K(14400K)->14261K(14400K) Class: 2325K(2496K)->2325K(2496K)
[289.998s][info][gc             ] GC(647) Pause Young (Mixed) (G1 Evacuation Pause) 619M->6M(1024M) 1.281ms
[289.998s][info][gc,cpu         ] GC(647) User=0.00s Sys=0.00s Real=0.00s
[290.096s][info][gc,start       ] GC(648) Pause Young (Concurrent Start) (G1 Evacuation Pause)
[290.097s][info][gc,task        ] GC(648) Using 6 workers of 6 for evacuation
[290.098s][info][gc,phases      ] GC(648)   Pre Evacuate Collection Set: 0.2ms
[290.098s][info][gc,phases      ] GC(648)   Merge Heap Roots: 0.1ms
[290.098s][info][gc,phases      ] GC(648)   Evacuate Collection Set: 0.4ms
[290.098s][info][gc,phases      ] GC(648)   Post Evacuate Collection Set: 0.4ms
[290.098s][info][gc,phases      ] GC(648)   Other: 0.1ms
[290.098s][info][gc,heap        ] GC(648) Eden regions: 613->0(613)
[290.098s][info][gc,heap        ] GC(648) Survivor regions: 1->1(77)
[290.098s][info][gc,heap        ] GC(648) Old regions: 9->9
[290.098s][info][gc,heap        ] GC(648) Humongous regions: 2->2
[290.098s][info][gc,metaspace   ] GC(648) Metaspace: 16587K(16896K)->16587K(16896K) NonClass: 14261K(14400K)->14261K(14400K) Class: 2325K(2496K)->2325K(2496K)
[290.098s][info][gc             ] GC(648) Pause Young (Concurrent Start) (G1 Evacuation Pause) 619M->6M(1024M) 1.320ms
[290.098s][info][gc,cpu         ] GC(648) User=0.00s Sys=0.00s Real=0.00s
[290.098s][info][gc             ] GC(649) Concurrent Mark Cycle
[290.098s][info][gc,marking     ] GC(649) Concurrent Scan Root Regions
[290.098s][info][gc,marking     ] GC(649) Concurrent Scan Root Regions 0.304ms
[290.098s][info][gc,marking     ] GC(649) Concurrent Mark
[290.098s][info][gc,marking     ] GC(649) Concurrent Mark From Roots
[290.098s][info][gc,task        ] GC(649) Using 2 workers of 2 for marking
[290.101s][info][gc,marking     ] GC(649) Concurrent Mark From Roots 3.100ms
[290.101s][info][gc,marking     ] GC(649) Concurrent Preclean
[290.101s][info][gc,marking     ] GC(649) Concurrent Preclean 0.022ms
[290.102s][info][gc,start       ] GC(649) Pause Remark
[290.103s][info][gc             ] GC(649) Pause Remark 22M->22M(1024M) 1.091ms
[290.103s][info][gc,cpu         ] GC(649) User=0.00s Sys=0.00s Real=0.00s
[290.103s][info][gc,marking     ] GC(649) Concurrent Mark 4.498ms
[290.103s][info][gc,marking     ] GC(649) Concurrent Rebuild Remembered Sets and Scrub Regions
[290.104s][info][gc,marking     ] GC(649) Concurrent Rebuild Remembered Sets and Scrub Regions 0.990ms
[290.104s][info][gc,start       ] GC(649) Pause Cleanup
[290.104s][info][gc             ] GC(649) Pause Cleanup 28M->28M(1024M) 0.111ms
[290.104s][info][gc,cpu         ] GC(649) User=0.00s Sys=0.00s Real=0.00s
[290.104s][info][gc,marking     ] GC(649) Concurrent Clear Claimed Marks
[290.104s][info][gc,marking     ] GC(649) Concurrent Clear Claimed Marks 0.022ms
[290.104s][info][gc,marking     ] GC(649) Concurrent Cleanup for Next Mark
[290.106s][info][gc,marking     ] GC(649) Concurrent Cleanup for Next Mark 2.377ms
[290.107s][info][gc             ] GC(649) Concurrent Mark Cycle 8.686ms
[290.281s][info][gc,start       ] GC(650) Pause Young (Prepare Mixed) (G1 Evacuation Pause)
[290.281s][info][gc,task        ] GC(650) Using 6 workers of 6 for evacuation
[290.332s][info][gc,phases      ] GC(650)   Pre Evacuate Collection Set: 0.2ms
[290.333s][info][gc,phases      ] GC(650)   Merge Heap Roots: 0.1ms
[290.333s][info][gc,phases      ] GC(650)   Evacuate Collection Set: 50.4ms
[290.333s][info][gc,phases      ] GC(650)   Post Evacuate Collection Set: 0.5ms
[290.333s][info][gc,phases      ] GC(650)   Other: 0.1ms
[290.333s][info][gc,heap        ] GC(650) Eden regions: 613->0(537)
[290.333s][info][gc,heap        ] GC(650) Survivor regions: 1->77(77)
[290.333s][info][gc,heap        ] GC(650) Old regions: 9->44
[290.333s][info][gc,heap        ] GC(650) Humongous regions: 3->3
[290.333s][info][gc,metaspace   ] GC(650) Metaspace: 16587K(16896K)->16587K(16896K) NonClass: 14261K(14400K)->14261K(14400K) Class: 2325K(2496K)->2325K(2496K)
[290.333s][info][gc             ] GC(650) Pause Young (Prepare Mixed) (G1 Evacuation Pause) 620M->119M(1024M) 51.533ms
[290.333s][info][gc,cpu         ] GC(650) User=0.28s Sys=0.00s Real=0.05s
[290.850s][info][gc,start       ] GC(651) Pause Young (Mixed) (G1 Evacuation Pause)
[290.850s][info][gc,task        ] GC(651) Using 6 workers of 6 for evacuation
[291.011s][info][gc,phases      ] GC(651)   Pre Evacuate Collection Set: 0.2ms
[291.011s][info][gc,phases      ] GC(651)   Merge Heap Roots: 0.2ms
[291.011s][info][gc,phases      ] GC(651)   Evacuate Collection Set: 156.1ms
[291.011s][info][gc,phases      ] GC(651)   Post Evacuate Collection Set: 4.5ms
[291.011s][info][gc,phases      ] GC(651)   Other: 0.1ms
[291.011s][info][gc,heap        ] GC(651) Eden regions: 537->0(29)
[291.011s][info][gc,heap        ] GC(651) Survivor regions: 77->77(77)
[291.011s][info][gc,heap        ] GC(651) Old regions: 44->785
[291.011s][info][gc,heap        ] GC(651) Humongous regions: 4->4
[291.011s][info][gc,metaspace   ] GC(651) Metaspace: 16587K(16896K)->16587K(16896K) NonClass: 14261K(14400K)->14261K(14400K) Class: 2325K(2496K)->2325K(2496K)
[291.011s][info][gc             ] GC(651) Pause Young (Mixed) (G1 Evacuation Pause) (Evacuation Failure) 657M->862M(1024M) 161.334ms
[291.011s][info][gc,cpu         ] GC(651) User=0.94s Sys=0.00s Real=0.17s
[293.418s][info][gc,start       ] GC(652) Pause Young (Concurrent Start) (G1 Evacuation Pause)
[293.418s][info][gc,task        ] GC(652) Using 6 workers of 6 for evacuation
[293.470s][info][gc,phases      ] GC(652)   Pre Evacuate Collection Set: 0.3ms
[293.470s][info][gc,phases      ] GC(652)   Merge Heap Roots: 1.2ms
[293.470s][info][gc,phases      ] GC(652)   Evacuate Collection Set: 48.9ms
[293.470s][info][gc,phases      ] GC(652)   Post Evacuate Collection Set: 0.9ms
[293.470s][info][gc,phases      ] GC(652)   Other: 0.1ms
[293.470s][info][gc,heap        ] GC(652) Eden regions: 29->0(91)
[293.470s][info][gc,heap        ] GC(652) Survivor regions: 77->6(14)
[293.470s][info][gc,heap        ] GC(652) Old regions: 785->860
[293.470s][info][gc,heap        ] GC(652) Humongous regions: 4->4
[293.470s][info][gc,metaspace   ] GC(652) Metaspace: 16587K(16896K)->16587K(16896K) NonClass: 14261K(14400K)->14261K(14400K) Class: 2325K(2496K)->2325K(2496K)
[293.470s][info][gc             ] GC(652) Pause Young (Concurrent Start) (G1 Evacuation Pause) 891M->866M(1024M) 51.576ms
[293.470s][info][gc,cpu         ] GC(652) User=0.28s Sys=0.00s Real=0.05s
[293.470s][info][gc             ] GC(653) Concurrent Mark Cycle
[293.470s][info][gc,marking     ] GC(653) Concurrent Scan Root Regions
[293.486s][info][gc,marking     ] GC(653) Concurrent Scan Root Regions 16.578ms
[293.486s][info][gc,marking     ] GC(653) Concurrent Mark
[293.486s][info][gc,marking     ] GC(653) Concurrent Mark From Roots
[293.486s][info][gc,task        ] GC(653) Using 2 workers of 2 for marking
[293.502s][info][gc,marking     ] GC(653) Concurrent Mark From Roots 15.555ms
[293.502s][info][gc,marking     ] GC(653) Concurrent Preclean
[293.502s][info][gc,marking     ] GC(653) Concurrent Preclean 0.068ms
[293.502s][info][gc,start       ] GC(653) Pause Remark
[293.504s][info][gc             ] GC(653) Pause Remark 921M->379M(1024M) 1.376ms
[293.504s][info][gc,cpu         ] GC(653) User=0.00s Sys=0.00s Real=0.00s
[293.504s][info][gc,marking     ] GC(653) Concurrent Mark 17.250ms
[293.504s][info][gc,marking     ] GC(653) Concurrent Rebuild Remembered Sets and Scrub Regions
[293.524s][info][gc,start       ] GC(654) Pause Young (Normal) (G1 Evacuation Pause)
[293.524s][info][gc,task        ] GC(654) Using 6 workers of 6 for evacuation
[293.551s][info][gc,phases      ] GC(654)   Pre Evacuate Collection Set: 0.2ms
[293.551s][info][gc,phases      ] GC(654)   Merge Heap Roots: 0.6ms
[293.551s][info][gc,phases      ] GC(654)   Evacuate Collection Set: 25.9ms
[293.551s][info][gc,phases      ] GC(654)   Post Evacuate Collection Set: 0.5ms
[293.551s][info][gc,phases      ] GC(654)   Other: 0.1ms
[293.551s][info][gc,heap        ] GC(654) Eden regions: 91->0(375)
[293.551s][info][gc,heap        ] GC(654) Survivor regions: 6->13(13)
[293.551s][info][gc,heap        ] GC(654) Old regions: 319->352
[293.551s][info][gc,heap        ] GC(654) Humongous regions: 3->3
[293.551s][info][gc,metaspace   ] GC(654) Metaspace: 16587K(16896K)->16587K(16896K) NonClass: 14261K(14400K)->14261K(14400K) Class: 2325K(2496K)->2325K(2496K)
[293.551s][info][gc             ] GC(654) Pause Young (Normal) (G1 Evacuation Pause) 415M->364M(1024M) 27.379ms
[293.551s][info][gc,cpu         ] GC(654) User=0.05s Sys=0.00s Real=0.02s
[293.560s][info][gc,marking     ] GC(653) Concurrent Rebuild Remembered Sets and Scrub Regions 55.916ms
[293.560s][info][gc,start       ] GC(653) Pause Cleanup
[293.560s][info][gc             ] GC(653) Pause Cleanup 379M->379M(1024M) 0.380ms
[293.560s][info][gc,cpu         ] GC(653) User=0.00s Sys=0.00s Real=0.00s
[293.560s][info][gc,marking     ] GC(653) Concurrent Clear Claimed Marks
[293.560s][info][gc,marking     ] GC(653) Concurrent Clear Claimed Marks 0.028ms
[293.560s][info][gc,marking     ] GC(653) Concurrent Cleanup for Next Mark
[293.562s][info][gc,marking     ] GC(653) Concurrent Cleanup for Next Mark 1.607ms
[293.562s][info][gc             ] GC(653) Concurrent Mark Cycle 92.178ms
[293.764s][info][gc,start       ] GC(655) Pause Young (Prepare Mixed) (G1 Evacuation Pause)
[293.764s][info][gc,task        ] GC(655) Using 6 workers of 6 for evacuation
[293.858s][info][gc,phases      ] GC(655)   Pre Evacuate Collection Set: 0.5ms
[293.858s][info][gc,phases      ] GC(655)   Merge Heap Roots: 0.7ms
[293.858s][info][gc,phases      ] GC(655)   Evacuate Collection Set: 91.5ms
[293.858s][info][gc,phases      ] GC(655)   Post Evacuate Collection Set: 0.9ms
[293.858s][info][gc,phases      ] GC(655)   Other: 0.1ms
[293.858s][info][gc,heap        ] GC(655) Eden regions: 375->0(262)
[293.858s][info][gc,heap        ] GC(655) Survivor regions: 13->49(49)
[293.858s][info][gc,heap        ] GC(655) Old regions: 352->474
[293.858s][info][gc,heap        ] GC(655) Humongous regions: 3->3
[293.858s][info][gc,metaspace   ] GC(655) Metaspace: 16587K(16896K)->16587K(16896K) NonClass: 14261K(14400K)->14261K(14400K) Class: 2325K(2496K)->2325K(2496K)
[293.858s][info][gc             ] GC(655) Pause Young (Prepare Mixed) (G1 Evacuation Pause) 739M->522M(1024M) 94.023ms
[293.858s][info][gc,cpu         ] GC(655) User=0.39s Sys=0.00s Real=0.09s
[294.018s][info][gc,start       ] GC(656) Pause Young (Mixed) (G1 Evacuation Pause)
[294.018s][info][gc,task        ] GC(656) Using 6 workers of 6 for evacuation
[294.105s][info][gc,phases      ] GC(656)   Pre Evacuate Collection Set: 0.5ms
[294.105s][info][gc,phases      ] GC(656)   Merge Heap Roots: 1.4ms
[294.105s][info][gc,phases      ] GC(656)   Evacuate Collection Set: 84.7ms
[294.105s][info][gc,phases      ] GC(656)   Post Evacuate Collection Set: 0.6ms
[294.105s][info][gc,phases      ] GC(656)   Other: 0.1ms
[294.105s][info][gc,heap        ] GC(656) Eden regions: 262->0(250)
[294.105s][info][gc,heap        ] GC(656) Survivor regions: 49->39(39)
[294.105s][info][gc,heap        ] GC(656) Old regions: 474->492
[294.105s][info][gc,heap        ] GC(656) Humongous regions: 3->3
[294.105s][info][gc,metaspace   ] GC(656) Metaspace: 16587K(16896K)->16587K(16896K) NonClass: 14261K(14400K)->14261K(14400K) Class: 2325K(2496K)->2325K(2496K)
[294.105s][info][gc             ] GC(656) Pause Young (Mixed) (G1 Evacuation Pause) 784M->530M(1024M) 87.705ms
[294.105s][info][gc,cpu         ] GC(656) User=0.38s Sys=0.00s Real=0.09s
[294.259s][info][gc,start       ] GC(657) Pause Young (Mixed) (G1 Evacuation Pause)
[294.259s][info][gc,task        ] GC(657) Using 6 workers of 6 for evacuation
[294.330s][info][gc,phases      ] GC(657)   Pre Evacuate Collection Set: 0.4ms
[294.330s][info][gc,phases      ] GC(657)   Merge Heap Roots: 0.2ms
[294.330s][info][gc,phases      ] GC(657)   Evacuate Collection Set: 69.9ms
[294.330s][info][gc,phases      ] GC(657)   Post Evacuate Collection Set: 0.4ms
[294.330s][info][gc,phases      ] GC(657)   Other: 0.1ms
[294.330s][info][gc,heap        ] GC(657) Eden regions: 250->0(229)
[294.330s][info][gc,heap        ] GC(657) Survivor regions: 39->37(37)
[294.330s][info][gc,heap        ] GC(657) Old regions: 492->526
[294.330s][info][gc,heap        ] GC(657) Humongous regions: 3->3
[294.330s][info][gc,metaspace   ] GC(657) Metaspace: 16587K(16896K)->16587K(16896K) NonClass: 14261K(14400K)->14261K(14400K) Class: 2325K(2496K)->2325K(2496K)
[294.331s][info][gc             ] GC(657) Pause Young (Mixed) (G1 Evacuation Pause) 780M->564M(1024M) 71.236ms
[294.331s][info][gc,cpu         ] GC(657) User=0.50s Sys=0.00s Real=0.08s
[294.334s][info][gc,start       ] GC(658) Pause Young (Concurrent Start) (G1 Humongous Allocation)
[294.334s][info][gc,task        ] GC(658) Using 6 workers of 6 for evacuation
[294.353s][info][gc,phases      ] GC(658)   Pre Evacuate Collection Set: 0.2ms
[294.353s][info][gc,phases      ] GC(658)   Merge Heap Roots: 0.2ms
[294.353s][info][gc,phases      ] GC(658)   Evacuate Collection Set: 18.0ms
[294.353s][info][gc,phases      ] GC(658)   Post Evacuate Collection Set: 0.2ms
[294.353s][info][gc,phases      ] GC(658)   Other: 0.1ms
[294.353s][info][gc,heap        ] GC(658) Eden regions: 6->0(220)
[294.353s][info][gc,heap        ] GC(658) Survivor regions: 37->5(34)
[294.353s][info][gc,heap        ] GC(658) Old regions: 526->564
[294.353s][info][gc,heap        ] GC(658) Humongous regions: 3->3
[294.353s][info][gc,metaspace   ] GC(658) Metaspace: 16587K(16896K)->16587K(16896K) NonClass: 14261K(14400K)->14261K(14400K) Class: 2325K(2496K)->2325K(2496K)
[294.353s][info][gc             ] GC(658) Pause Young (Concurrent Start) (G1 Humongous Allocation) 570M->570M(1024M) 18.877ms
[294.353s][info][gc             ] GC(659) Concurrent Mark Cycle
[294.353s][info][gc,cpu         ] GC(658) User=0.02s Sys=0.00s Real=0.02s
[294.353s][info][gc,marking     ] GC(659) Concurrent Scan Root Regions
[294.364s][info][gc,marking     ] GC(659) Concurrent Scan Root Regions 11.104ms
[294.365s][info][gc,marking     ] GC(659) Concurrent Mark
[294.365s][info][gc,marking     ] GC(659) Concurrent Mark From Roots
[294.365s][info][gc,task        ] GC(659) Using 2 workers of 2 for marking
[294.652s][info][gc,marking     ] GC(659) Concurrent Mark From Roots 287.939ms
[294.653s][info][gc,marking     ] GC(659) Concurrent Preclean
[294.653s][info][gc,marking     ] GC(659) Concurrent Preclean 0.052ms
[294.653s][info][gc,start       ] GC(659) Pause Remark
[294.654s][info][gc             ] GC(659) Pause Remark 649M->516M(1024M) 1.214ms
[294.654s][info][gc,cpu         ] GC(659) User=0.00s Sys=0.00s Real=0.00s
[294.654s][info][gc,marking     ] GC(659) Concurrent Mark 289.423ms
[294.654s][info][gc,marking     ] GC(659) Concurrent Rebuild Remembered Sets and Scrub Regions
[294.750s][info][gc,marking     ] GC(659) Concurrent Rebuild Remembered Sets and Scrub Regions 95.953ms
[294.750s][info][gc,start       ] GC(659) Pause Cleanup
[294.750s][info][gc             ] GC(659) Pause Cleanup 563M->563M(1024M) 0.262ms
[294.750s][info][gc,cpu         ] GC(659) User=0.00s Sys=0.00s Real=0.00s
[294.750s][info][gc,marking     ] GC(659) Concurrent Clear Claimed Marks
[294.750s][info][gc,marking     ] GC(659) Concurrent Clear Claimed Marks 0.020ms
[294.750s][info][gc,marking     ] GC(659) Concurrent Cleanup for Next Mark
[294.752s][info][gc,marking     ] GC(659) Concurrent Cleanup for Next Mark 1.500ms
[294.752s][info][gc             ] GC(659) Concurrent Mark Cycle 398.598ms
[294.937s][info][gc,start       ] GC(660) Pause Young (Prepare Mixed) (G1 Evacuation Pause)
[294.938s][info][gc,task        ] GC(660) Using 6 workers of 6 for evacuation
[294.992s][info][gc,phases      ] GC(660)   Pre Evacuate Collection Set: 0.3ms
[294.992s][info][gc,phases      ] GC(660)   Merge Heap Roots: 2.3ms
[294.992s][info][gc,phases      ] GC(660)   Evacuate Collection Set: 50.6ms
[294.992s][info][gc,phases      ] GC(660)   Post Evacuate Collection Set: 1.0ms
[294.992s][info][gc,phases      ] GC(660)   Other: 0.1ms
[294.992s][info][gc,heap        ] GC(660) Eden regions: 220->0(285)
[294.992s][info][gc,heap        ] GC(660) Survivor regions: 5->29(29)
[294.992s][info][gc,heap        ] GC(660) Old regions: 432->441
[294.992s][info][gc,heap        ] GC(660) Humongous regions: 8->8
[294.992s][info][gc,metaspace   ] GC(660) Metaspace: 16587K(16896K)->16587K(16896K) NonClass: 14261K(14400K)->14261K(14400K) Class: 2325K(2496K)->2325K(2496K)
[294.992s][info][gc             ] GC(660) Pause Young (Prepare Mixed) (G1 Evacuation Pause) 663M->476M(1024M) 54.585ms
[294.992s][info][gc,cpu         ] GC(660) User=0.28s Sys=0.00s Real=0.05s
[295.502s][info][gc,start       ] GC(661) Pause Young (Mixed) (G1 Evacuation Pause)
[295.502s][info][gc,task        ] GC(661) Using 6 workers of 6 for evacuation
[295.528s][info][gc,phases      ] GC(661)   Pre Evacuate Collection Set: 0.3ms
[295.530s][info][gc,phases      ] GC(661)   Merge Heap Roots: 1.1ms
[295.530s][info][gc,phases      ] GC(661)   Evacuate Collection Set: 23.9ms
[295.530s][info][gc,phases      ] GC(661)   Post Evacuate Collection Set: 0.5ms
[295.530s][info][gc,phases      ] GC(661)   Other: 0.2ms
[295.530s][info][gc,heap        ] GC(661) Eden regions: 285->0(325)
[295.530s][info][gc,heap        ] GC(661) Survivor regions: 29->3(40)
[295.530s][info][gc,heap        ] GC(661) Old regions: 441->449
[295.530s][info][gc,heap        ] GC(661) Humongous regions: 8->8
[295.530s][info][gc,metaspace   ] GC(661) Metaspace: 16587K(16896K)->16587K(16896K) NonClass: 14261K(14400K)->14261K(14400K) Class: 2325K(2496K)->2325K(2496K)
[295.530s][info][gc             ] GC(661) Pause Young (Mixed) (G1 Evacuation Pause) 761M->458M(1024M) 28.025ms
[295.530s][info][gc,cpu         ] GC(661) User=0.11s Sys=0.00s Real=0.03s
[296.351s][info][gc,start       ] GC(662) Pause Full (System.gc())
[296.351s][info][gc,task        ] GC(662) Using 6 workers of 6 for full compaction
[296.352s][info][gc,phases,start] GC(662) Phase 1: Mark live objects
[296.354s][info][gc,phases      ] GC(662) Phase 1: Mark live objects 2.396ms
[296.354s][info][gc,phases,start] GC(662) Phase 2: Prepare compaction
[296.355s][info][gc,phases      ] GC(662) Phase 2: Prepare compaction 0.633ms
[296.355s][info][gc,phases,start] GC(662) Phase 3: Adjust pointers
[296.357s][info][gc,phases      ] GC(662) Phase 3: Adjust pointers 2.056ms
[296.357s][info][gc,phases,start] GC(662) Phase 4: Compact heap
[296.357s][info][gc,phases      ] GC(662) Phase 4: Compact heap 0.552ms
[296.357s][info][gc,phases,start] GC(662) Phase 5: Reset Metadata
[296.358s][info][gc,phases      ] GC(662) Phase 5: Reset Metadata 0.549ms
[296.362s][info][gc,heap        ] GC(662) Eden regions: 155->0(587)
[296.362s][info][gc,heap        ] GC(662) Survivor regions: 3->0(40)
[296.362s][info][gc,heap        ] GC(662) Old regions: 449->9
[296.362s][info][gc,heap        ] GC(662) Humongous regions: 8->2
[296.362s][info][gc,metaspace   ] GC(662) Metaspace: 16587K(16896K)->16587K(16896K) NonClass: 14261K(14400K)->14261K(14400K) Class: 2325K(2496K)->2325K(2496K)
[296.362s][info][gc             ] GC(662) Pause Full (System.gc()) 613M->5M(1024M) 10.651ms
[296.362s][info][gc,cpu         ] GC(662) User=0.02s Sys=0.00s Real=0.02s
[297.513s][info][gc,start       ] GC(663) Pause Young (Concurrent Start) (G1 Evacuation Pause)
[297.513s][info][gc,task        ] GC(663) Using 6 workers of 6 for evacuation
[297.514s][info][gc,phases      ] GC(663)   Pre Evacuate Collection Set: 0.2ms
[297.514s][info][gc,phases      ] GC(663)   Merge Heap Roots: 0.1ms
[297.514s][info][gc,phases      ] GC(663)   Evacuate Collection Set: 0.4ms
[297.514s][info][gc,phases      ] GC(663)   Post Evacuate Collection Set: 0.4ms
[297.514s][info][gc,phases      ] GC(663)   Other: 0.1ms
[297.514s][info][gc,heap        ] GC(663) Eden regions: 587->0(612)
[297.514s][info][gc,heap        ] GC(663) Survivor regions: 0->2(74)
[297.514s][info][gc,heap        ] GC(663) Old regions: 9->9
[297.514s][info][gc,heap        ] GC(663) Humongous regions: 2->2
[297.514s][info][gc,metaspace   ] GC(663) Metaspace: 16587K(16896K)->16587K(16896K) NonClass: 14261K(14400K)->14261K(14400K) Class: 2325K(2496K)->2325K(2496K)
[297.514s][info][gc             ] GC(663) Pause Young (Concurrent Start) (G1 Evacuation Pause) 592M->7M(1024M) 1.377ms
[297.514s][info][gc             ] GC(664) Concurrent Mark Cycle
[297.514s][info][gc,cpu         ] GC(663) User=0.00s Sys=0.00s Real=0.00s
[297.514s][info][gc,marking     ] GC(664) Concurrent Scan Root Regions
[297.514s][info][gc,marking     ] GC(664) Concurrent Scan Root Regions 0.212ms
[297.514s][info][gc,marking     ] GC(664) Concurrent Mark
[297.514s][info][gc,marking     ] GC(664) Concurrent Mark From Roots
[297.514s][info][gc,task        ] GC(664) Using 2 workers of 2 for marking
[297.517s][info][gc,marking     ] GC(664) Concurrent Mark From Roots 3.112ms
[297.518s][info][gc,marking     ] GC(664) Concurrent Preclean
[297.518s][info][gc,marking     ] GC(664) Concurrent Preclean 0.020ms
[297.518s][info][gc,start       ] GC(664) Pause Remark
[297.519s][info][gc             ] GC(664) Pause Remark 24M->24M(1024M) 1.050ms
[297.519s][info][gc,cpu         ] GC(664) User=0.00s Sys=0.00s Real=0.00s
[297.519s][info][gc,marking     ] GC(664) Concurrent Mark 4.436ms
[297.519s][info][gc,marking     ] GC(664) Concurrent Rebuild Remembered Sets and Scrub Regions
[297.520s][info][gc,marking     ] GC(664) Concurrent Rebuild Remembered Sets and Scrub Regions 1.000ms
[297.520s][info][gc,start       ] GC(664) Pause Cleanup
[297.520s][info][gc             ] GC(664) Pause Cleanup 29M->29M(1024M) 0.131ms
[297.520s][info][gc,cpu         ] GC(664) User=0.00s Sys=0.00s Real=0.00s
[297.520s][info][gc,marking     ] GC(664) Concurrent Clear Claimed Marks
[297.520s][info][gc,marking     ] GC(664) Concurrent Clear Claimed Marks 0.024ms
[297.520s][info][gc,marking     ] GC(664) Concurrent Cleanup for Next Mark
[297.523s][info][gc,marking     ] GC(664) Concurrent Cleanup for Next Mark 2.409ms
[297.523s][info][gc             ] GC(664) Concurrent Mark Cycle 8.568ms
[297.611s][info][gc,start       ] GC(665) Pause Young (Prepare Mixed) (G1 Evacuation Pause)
[297.611s][info][gc,task        ] GC(665) Using 6 workers of 6 for evacuation
[297.612s][info][gc,phases      ] GC(665)   Pre Evacuate Collection Set: 0.2ms
[297.612s][info][gc,phases      ] GC(665)   Merge Heap Roots: 0.1ms
[297.612s][info][gc,phases      ] GC(665)   Evacuate Collection Set: 0.3ms
[297.612s][info][gc,phases      ] GC(665)   Post Evacuate Collection Set: 0.4ms
[297.612s][info][gc,phases      ] GC(665)   Other: 0.1ms
[297.612s][info][gc,heap        ] GC(665) Eden regions: 612->0(613)
[297.612s][info][gc,heap        ] GC(665) Survivor regions: 2->1(77)
[297.612s][info][gc,heap        ] GC(665) Old regions: 8->8
[297.612s][info][gc,heap        ] GC(665) Humongous regions: 2->2
[297.612s][info][gc,metaspace   ] GC(665) Metaspace: 16587K(16896K)->16587K(16896K) NonClass: 14261K(14400K)->14261K(14400K) Class: 2325K(2496K)->2325K(2496K)
[297.612s][info][gc             ] GC(665) Pause Young (Prepare Mixed) (G1 Evacuation Pause) 619M->6M(1024M) 1.200ms
[297.612s][info][gc,cpu         ] GC(665) User=0.00s Sys=0.00s Real=0.00s
[297.707s][info][gc,start       ] GC(666) Pause Young (Mixed) (G1 Evacuation Pause)
[297.707s][info][gc,task        ] GC(666) Using 6 workers of 6 for evacuation
[297.709s][info][gc,phases      ] GC(666)   Pre Evacuate Collection Set: 0.2ms
[297.709s][info][gc,phases      ] GC(666)   Merge Heap Roots: 0.1ms
[297.709s][info][gc,phases      ] GC(666)   Evacuate Collection Set: 0.3ms
[297.709s][info][gc,phases      ] GC(666)   Post Evacuate Collection Set: 0.4ms
[297.709s][info][gc,phases      ] GC(666)   Other: 0.1ms
[297.709s][info][gc,heap        ] GC(666) Eden regions: 613->0(613)
[297.709s][info][gc,heap        ] GC(666) Survivor regions: 1->1(77)
[297.709s][info][gc,heap        ] GC(666) Old regions: 8->8
[297.709s][info][gc,heap        ] GC(666) Humongous regions: 2->2
[297.709s][info][gc,metaspace   ] GC(666) Metaspace: 16587K(16896K)->16587K(16896K) NonClass: 14261K(14400K)->14261K(14400K) Class: 2325K(2496K)->2325K(2496K)
[297.709s][info][gc             ] GC(666) Pause Young (Mixed) (G1 Evacuation Pause) 619M->6M(1024M) 1.272ms
[297.709s][info][gc,cpu         ] GC(666) User=0.00s Sys=0.00s Real=0.00s
[297.806s][info][gc,start       ] GC(667) Pause Young (Concurrent Start) (G1 Evacuation Pause)
[297.806s][info][gc,task        ] GC(667) Using 6 workers of 6 for evacuation
[297.807s][info][gc,phases      ] GC(667)   Pre Evacuate Collection Set: 0.2ms
[297.807s][info][gc,phases      ] GC(667)   Merge Heap Roots: 0.1ms
[297.807s][info][gc,phases      ] GC(667)   Evacuate Collection Set: 0.4ms
[297.807s][info][gc,phases      ] GC(667)   Post Evacuate Collection Set: 0.4ms
[297.807s][info][gc,phases      ] GC(667)   Other: 0.1ms
[297.807s][info][gc,heap        ] GC(667) Eden regions: 613->0(613)
[297.807s][info][gc,heap        ] GC(667) Survivor regions: 1->1(77)
[297.807s][info][gc,heap        ] GC(667) Old regions: 8->8
[297.807s][info][gc,heap        ] GC(667) Humongous regions: 2->2
[297.807s][info][gc,metaspace   ] GC(667) Metaspace: 16587K(16896K)->16587K(16896K) NonClass: 14261K(14400K)->14261K(14400K) Class: 2325K(2496K)->2325K(2496K)
[297.807s][info][gc             ] GC(667) Pause Young (Concurrent Start) (G1 Evacuation Pause) 619M->6M(1024M) 1.397ms
[297.807s][info][gc,cpu         ] GC(667) User=0.00s Sys=0.00s Real=0.00s
[297.807s][info][gc             ] GC(668) Concurrent Mark Cycle
[297.808s][info][gc,marking     ] GC(668) Concurrent Scan Root Regions
[297.808s][info][gc,marking     ] GC(668) Concurrent Scan Root Regions 0.252ms
[297.808s][info][gc,marking     ] GC(668) Concurrent Mark
[297.808s][info][gc,marking     ] GC(668) Concurrent Mark From Roots
[297.808s][info][gc,task        ] GC(668) Using 2 workers of 2 for marking
[297.811s][info][gc,marking     ] GC(668) Concurrent Mark From Roots 3.071ms
[297.811s][info][gc,marking     ] GC(668) Concurrent Preclean
[297.811s][info][gc,marking     ] GC(668) Concurrent Preclean 0.023ms
[297.811s][info][gc,start       ] GC(668) Pause Remark
[297.812s][info][gc             ] GC(668) Pause Remark 22M->22M(1024M) 1.046ms
[297.812s][info][gc,cpu         ] GC(668) User=0.00s Sys=0.00s Real=0.00s
[297.812s][info][gc,marking     ] GC(668) Concurrent Mark 4.418ms
[297.812s][info][gc,marking     ] GC(668) Concurrent Rebuild Remembered Sets and Scrub Regions
[297.813s][info][gc,marking     ] GC(668) Concurrent Rebuild Remembered Sets and Scrub Regions 0.988ms
[297.813s][info][gc,start       ] GC(668) Pause Cleanup
[297.813s][info][gc             ] GC(668) Pause Cleanup 26M->26M(1024M) 0.113ms
[297.813s][info][gc,cpu         ] GC(668) User=0.00s Sys=0.00s Real=0.00s
[297.814s][info][gc,marking     ] GC(668) Concurrent Clear Claimed Marks
[297.814s][info][gc,marking     ] GC(668) Concurrent Clear Claimed Marks 0.023ms
[297.814s][info][gc,marking     ] GC(668) Concurrent Cleanup for Next Mark
[297.816s][info][gc,marking     ] GC(668) Concurrent Cleanup for Next Mark 2.379ms
[297.816s][info][gc             ] GC(668) Concurrent Mark Cycle 8.531ms
[297.982s][info][gc,start       ] GC(669) Pause Young (Prepare Mixed) (G1 Evacuation Pause)
[297.982s][info][gc,task        ] GC(669) Using 6 workers of 6 for evacuation
[298.032s][info][gc,phases      ] GC(669)   Pre Evacuate Collection Set: 0.2ms
[298.032s][info][gc,phases      ] GC(669)   Merge Heap Roots: 0.1ms
[298.032s][info][gc,phases      ] GC(669)   Evacuate Collection Set: 48.1ms
[298.032s][info][gc,phases      ] GC(669)   Post Evacuate Collection Set: 0.6ms
[298.032s][info][gc,phases      ] GC(669)   Other: 0.1ms
[298.032s][info][gc,heap        ] GC(669) Eden regions: 613->0(537)
[298.032s][info][gc,heap        ] GC(669) Survivor regions: 1->77(77)
[298.032s][info][gc,heap        ] GC(669) Old regions: 8->38
[298.032s][info][gc,heap        ] GC(669) Humongous regions: 3->3
[298.032s][info][gc,metaspace   ] GC(669) Metaspace: 16587K(16896K)->16587K(16896K) NonClass: 14261K(14400K)->14261K(14400K) Class: 2325K(2496K)->2325K(2496K)
[298.032s][info][gc             ] GC(669) Pause Young (Prepare Mixed) (G1 Evacuation Pause) 620M->114M(1024M) 49.224ms
[298.032s][info][gc,cpu         ] GC(669) User=0.09s Sys=0.00s Real=0.05s
[298.533s][info][gc,start       ] GC(670) Pause Young (Mixed) (G1 Evacuation Pause)
[298.533s][info][gc,task        ] GC(670) Using 6 workers of 6 for evacuation
[298.699s][info][gc,phases      ] GC(670)   Pre Evacuate Collection Set: 0.2ms
[298.699s][info][gc,phases      ] GC(670)   Merge Heap Roots: 0.2ms
[298.699s][info][gc,phases      ] GC(670)   Evacuate Collection Set: 159.6ms
[298.699s][info][gc,phases      ] GC(670)   Post Evacuate Collection Set: 5.7ms
[298.699s][info][gc,phases      ] GC(670)   Other: 0.1ms
[298.699s][info][gc,heap        ] GC(670) Eden regions: 537->0(0)
[298.699s][info][gc,heap        ] GC(670) Survivor regions: 77->77(77)
[298.699s][info][gc,heap        ] GC(670) Old regions: 38->874
[298.699s][info][gc,heap        ] GC(670) Humongous regions: 4->4
[298.699s][info][gc,metaspace   ] GC(670) Metaspace: 16587K(16896K)->16587K(16896K) NonClass: 14261K(14400K)->14261K(14400K) Class: 2325K(2496K)->2325K(2496K)
[298.699s][info][gc             ] GC(670) Pause Young (Mixed) (G1 Evacuation Pause) (Evacuation Failure) 652M->952M(1024M) 166.012ms
[298.699s][info][gc,cpu         ] GC(670) User=0.91s Sys=0.00s Real=0.16s
[298.699s][info][gc,ergo        ] Attempting full compaction
[298.699s][info][gc,start       ] GC(671) Pause Full (G1 Compaction Pause)
[298.699s][info][gc,task        ] GC(671) Using 6 workers of 6 for full compaction
[298.699s][info][gc,phases,start] GC(671) Phase 1: Mark live objects
[298.819s][info][gc,phases      ] GC(671) Phase 1: Mark live objects 119.423ms
[298.819s][info][gc,phases,start] GC(671) Phase 2: Prepare compaction
[298.824s][info][gc,phases      ] GC(671) Phase 2: Prepare compaction 4.803ms
[298.824s][info][gc,phases,start] GC(671) Phase 3: Adjust pointers
[298.847s][info][gc,phases      ] GC(671) Phase 3: Adjust pointers 23.567ms
[298.847s][info][gc,phases,start] GC(671) Phase 4: Compact heap
[298.852s][info][gc,phases      ] GC(671) Phase 4: Compact heap 5.115ms
[298.852s][info][gc,phases,start] GC(671) Phase 5: Reset Metadata
[298.865s][info][gc,phases      ] GC(671) Phase 5: Reset Metadata 12.586ms
[298.872s][info][gc,heap        ] GC(671) Eden regions: 0->0(328)
[298.872s][info][gc,heap        ] GC(671) Survivor regions: 77->0(77)
[298.872s][info][gc,heap        ] GC(671) Old regions: 874->404
[298.872s][info][gc,heap        ] GC(671) Humongous regions: 4->4
[298.872s][info][gc,metaspace   ] GC(671) Metaspace: 16587K(16896K)->16587K(16896K) NonClass: 14261K(14400K)->14261K(14400K) Class: 2325K(2496K)->2325K(2496K)
[298.872s][info][gc             ] GC(671) Pause Full (G1 Compaction Pause) 952M->404M(1024M) 172.573ms
[298.872s][info][gc,cpu         ] GC(671) User=0.72s Sys=0.00s Real=0.17s
[301.624s][info][gc,start       ] GC(672) Pause Young (Concurrent Start) (G1 Evacuation Pause)
[301.624s][info][gc,task        ] GC(672) Using 6 workers of 6 for evacuation
[301.698s][info][gc,phases      ] GC(672)   Pre Evacuate Collection Set: 0.4ms
[301.698s][info][gc,phases      ] GC(672)   Merge Heap Roots: 0.7ms
[301.698s][info][gc,phases      ] GC(672)   Evacuate Collection Set: 71.5ms
[301.698s][info][gc,phases      ] GC(672)   Post Evacuate Collection Set: 0.7ms
[301.698s][info][gc,phases      ] GC(672)   Other: 0.1ms
[301.698s][info][gc,heap        ] GC(672) Eden regions: 328->0(244)
[301.698s][info][gc,heap        ] GC(672) Survivor regions: 0->41(41)
[301.698s][info][gc,heap        ] GC(672) Old regions: 404->494
[301.698s][info][gc,heap        ] GC(672) Humongous regions: 4->4
[301.698s][info][gc,metaspace   ] GC(672) Metaspace: 16587K(16896K)->16587K(16896K) NonClass: 14261K(14400K)->14261K(14400K) Class: 2325K(2496K)->2325K(2496K)
[301.698s][info][gc             ] GC(672) Pause Young (Concurrent Start) (G1 Evacuation Pause) 732M->535M(1024M) 73.651ms
[301.698s][info][gc             ] GC(673) Concurrent Mark Cycle
[301.698s][info][gc,cpu         ] GC(672) User=0.38s Sys=0.00s Real=0.06s
[301.698s][info][gc,marking     ] GC(673) Concurrent Scan Root Regions
[301.722s][info][gc,marking     ] GC(673) Concurrent Scan Root Regions 24.108ms
[301.722s][info][gc,marking     ] GC(673) Concurrent Mark
[301.722s][info][gc,marking     ] GC(673) Concurrent Mark From Roots
[301.722s][info][gc,task        ] GC(673) Using 2 workers of 2 for marking
[301.760s][info][gc,marking     ] GC(673) Concurrent Mark From Roots 38.371ms
[301.760s][info][gc,marking     ] GC(673) Concurrent Preclean
[301.760s][info][gc,marking     ] GC(673) Concurrent Preclean 0.056ms
[301.761s][info][gc,start       ] GC(673) Pause Remark
[301.762s][info][gc             ] GC(673) Pause Remark 636M->373M(1024M) 1.267ms
[301.762s][info][gc,cpu         ] GC(673) User=0.00s Sys=0.00s Real=0.02s
[301.762s][info][gc,marking     ] GC(673) Concurrent Mark 39.925ms
[301.762s][info][gc,marking     ] GC(673) Concurrent Rebuild Remembered Sets and Scrub Regions
[301.818s][info][gc,marking     ] GC(673) Concurrent Rebuild Remembered Sets and Scrub Regions 56.087ms
[301.818s][info][gc,start       ] GC(673) Pause Cleanup
[301.819s][info][gc             ] GC(673) Pause Cleanup 465M->465M(1024M) 0.364ms
[301.819s][info][gc,cpu         ] GC(673) User=0.00s Sys=0.00s Real=0.00s
[301.819s][info][gc,marking     ] GC(673) Concurrent Clear Claimed Marks
[301.819s][info][gc,marking     ] GC(673) Concurrent Clear Claimed Marks 0.026ms
[301.819s][info][gc,marking     ] GC(673) Concurrent Cleanup for Next Mark
[301.820s][info][gc,marking     ] GC(673) Concurrent Cleanup for Next Mark 1.383ms
[301.820s][info][gc             ] GC(673) Concurrent Mark Cycle 122.232ms
[301.850s][info][gc,start       ] GC(674) Pause Young (Prepare Mixed) (G1 Evacuation Pause)
[301.850s][info][gc,task        ] GC(674) Using 6 workers of 6 for evacuation
[301.926s][info][gc,phases      ] GC(674)   Pre Evacuate Collection Set: 0.2ms
[301.926s][info][gc,phases      ] GC(674)   Merge Heap Roots: 1.1ms
[301.926s][info][gc,phases      ] GC(674)   Evacuate Collection Set: 74.8ms
[301.927s][info][gc,phases      ] GC(674)   Post Evacuate Collection Set: 0.5ms
[301.927s][info][gc,phases      ] GC(674)   Other: 0.1ms
[301.927s][info][gc,heap        ] GC(674) Eden regions: 244->0(324)
[301.927s][info][gc,heap        ] GC(674) Survivor regions: 41->36(36)
[301.927s][info][gc,heap        ] GC(674) Old regions: 232->340
[301.927s][info][gc,heap        ] GC(674) Humongous regions: 3->3
[301.927s][info][gc,metaspace   ] GC(674) Metaspace: 16587K(16896K)->16587K(16896K) NonClass: 14261K(14400K)->14261K(14400K) Class: 2325K(2496K)->2325K(2496K)
[301.927s][info][gc             ] GC(674) Pause Young (Prepare Mixed) (G1 Evacuation Pause) 516M->375M(1024M) 76.956ms
[301.927s][info][gc,cpu         ] GC(674) User=0.39s Sys=0.00s Real=0.08s
[302.125s][info][gc,start       ] GC(675) Pause Young (Mixed) (G1 Evacuation Pause)
[302.125s][info][gc,task        ] GC(675) Using 6 workers of 6 for evacuation
[302.207s][info][gc,phases      ] GC(675)   Pre Evacuate Collection Set: 0.3ms
[302.207s][info][gc,phases      ] GC(675)   Merge Heap Roots: 0.2ms
[302.207s][info][gc,phases      ] GC(675)   Evacuate Collection Set: 80.9ms
[302.207s][info][gc,phases      ] GC(675)   Post Evacuate Collection Set: 0.5ms
[302.207s][info][gc,phases      ] GC(675)   Other: 0.1ms
[302.207s][info][gc,heap        ] GC(675) Eden regions: 324->0(278)
[302.207s][info][gc,heap        ] GC(675) Survivor regions: 36->45(45)
[302.207s][info][gc,heap        ] GC(675) Old regions: 340->413
[302.207s][info][gc,heap        ] GC(675) Humongous regions: 3->3
[302.207s][info][gc,metaspace   ] GC(675) Metaspace: 16587K(16896K)->16587K(16896K) NonClass: 14261K(14400K)->14261K(14400K) Class: 2325K(2496K)->2325K(2496K)
[302.207s][info][gc             ] GC(675) Pause Young (Mixed) (G1 Evacuation Pause) 699M->460M(1024M) 82.204ms
[302.208s][info][gc,cpu         ] GC(675) User=0.45s Sys=0.00s Real=0.08s
[302.284s][info][gc,start       ] GC(676) Pause Young (Concurrent Start) (G1 Humongous Allocation)
[302.284s][info][gc,task        ] GC(676) Using 6 workers of 6 for evacuation
[302.330s][info][gc,phases      ] GC(676)   Pre Evacuate Collection Set: 0.3ms
[302.332s][info][gc,phases      ] GC(676)   Merge Heap Roots: 0.2ms
[302.332s][info][gc,phases      ] GC(676)   Evacuate Collection Set: 45.1ms
[302.332s][info][gc,phases      ] GC(676)   Post Evacuate Collection Set: 0.4ms
[302.332s][info][gc,phases      ] GC(676)   Other: 0.1ms
[302.332s][info][gc,heap        ] GC(676) Eden regions: 124->0(250)
[302.332s][info][gc,heap        ] GC(676) Survivor regions: 45->41(41)
[302.332s][info][gc,heap        ] GC(676) Old regions: 413->472
[302.332s][info][gc,heap        ] GC(676) Humongous regions: 3->3
[302.332s][info][gc,metaspace   ] GC(676) Metaspace: 16587K(16896K)->16587K(16896K) NonClass: 14261K(14400K)->14261K(14400K) Class: 2325K(2496K)->2325K(2496K)
[302.332s][info][gc             ] GC(676) Pause Young (Concurrent Start) (G1 Humongous Allocation) 584M->515M(1024M) 48.401ms
[302.332s][info][gc             ] GC(677) Concurrent Mark Cycle
[302.332s][info][gc,cpu         ] GC(676) User=0.17s Sys=0.00s Real=0.05s
[302.332s][info][gc,marking     ] GC(677) Concurrent Scan Root Regions
[302.362s][info][gc,marking     ] GC(677) Concurrent Scan Root Regions 29.629ms
[302.362s][info][gc,marking     ] GC(677) Concurrent Mark
[302.362s][info][gc,marking     ] GC(677) Concurrent Mark From Roots
[302.362s][info][gc,task        ] GC(677) Using 2 workers of 2 for marking
[302.590s][info][gc,marking     ] GC(677) Concurrent Mark From Roots 228.050ms
[302.590s][info][gc,marking     ] GC(677) Concurrent Preclean
[302.590s][info][gc,marking     ] GC(677) Concurrent Preclean 0.067ms
[302.590s][info][gc,start       ] GC(677) Pause Remark
[302.591s][info][gc             ] GC(677) Pause Remark 590M->510M(1024M) 1.218ms
[302.591s][info][gc,cpu         ] GC(677) User=0.00s Sys=0.00s Real=0.00s
[302.591s][info][gc,marking     ] GC(677) Concurrent Mark 229.577ms
[302.591s][info][gc,marking     ] GC(677) Concurrent Rebuild Remembered Sets and Scrub Regions
[302.683s][info][gc,marking     ] GC(677) Concurrent Rebuild Remembered Sets and Scrub Regions 91.203ms
[302.683s][info][gc,start       ] GC(677) Pause Cleanup
[302.683s][info][gc             ] GC(677) Pause Cleanup 527M->527M(1024M) 0.211ms
[302.683s][info][gc,cpu         ] GC(677) User=0.00s Sys=0.00s Real=0.00s
[302.683s][info][gc,marking     ] GC(677) Concurrent Clear Claimed Marks
[302.683s][info][gc,marking     ] GC(677) Concurrent Clear Claimed Marks 0.047ms
[302.683s][info][gc,marking     ] GC(677) Concurrent Cleanup for Next Mark
[302.685s][info][gc,marking     ] GC(677) Concurrent Cleanup for Next Mark 1.507ms
[302.685s][info][gc             ] GC(677) Concurrent Mark Cycle 352.581ms
[302.986s][info][gc,start       ] GC(678) Pause Young (Prepare Mixed) (G1 Evacuation Pause)
[302.986s][info][gc,task        ] GC(678) Using 6 workers of 6 for evacuation
[303.051s][info][gc,phases      ] GC(678)   Pre Evacuate Collection Set: 0.3ms
[303.051s][info][gc,phases      ] GC(678)   Merge Heap Roots: 2.7ms
[303.051s][info][gc,phases      ] GC(678)   Evacuate Collection Set: 60.8ms
[303.051s][info][gc,phases      ] GC(678)   Post Evacuate Collection Set: 1.1ms
[303.051s][info][gc,phases      ] GC(678)   Other: 0.1ms
[303.051s][info][gc,heap        ] GC(678) Eden regions: 250->0(288)
[303.051s][info][gc,heap        ] GC(678) Survivor regions: 41->34(37)
[303.051s][info][gc,heap        ] GC(678) Old regions: 393->433
[303.051s][info][gc,heap        ] GC(678) Humongous regions: 8->8
[303.051s][info][gc,metaspace   ] GC(678) Metaspace: 16587K(16896K)->16587K(16896K) NonClass: 14261K(14400K)->14261K(14400K) Class: 2325K(2496K)->2325K(2496K)
[303.051s][info][gc             ] GC(678) Pause Young (Prepare Mixed) (G1 Evacuation Pause) 691M->474M(1024M) 65.229ms
[303.051s][info][gc,cpu         ] GC(678) User=0.34s Sys=0.00s Real=0.07s
[303.561s][info][gc,start       ] GC(679) Pause Young (Mixed) (G1 Evacuation Pause)
[303.561s][info][gc,task        ] GC(679) Using 6 workers of 6 for evacuation
[303.585s][info][gc,phases      ] GC(679)   Pre Evacuate Collection Set: 0.2ms
[303.585s][info][gc,phases      ] GC(679)   Merge Heap Roots: 1.1ms
[303.585s][info][gc,phases      ] GC(679)   Evacuate Collection Set: 22.0ms
[303.585s][info][gc,phases      ] GC(679)   Post Evacuate Collection Set: 0.4ms
[303.585s][info][gc,phases      ] GC(679)   Other: 0.1ms
[303.585s][info][gc,heap        ] GC(679) Eden regions: 288->0(334)
[303.585s][info][gc,heap        ] GC(679) Survivor regions: 34->3(41)
[303.585s][info][gc,heap        ] GC(679) Old regions: 433->437
[303.585s][info][gc,heap        ] GC(679) Humongous regions: 8->8
[303.585s][info][gc,metaspace   ] GC(679) Metaspace: 16587K(16896K)->16587K(16896K) NonClass: 14261K(14400K)->14261K(14400K) Class: 2325K(2496K)->2325K(2496K)
[303.585s][info][gc             ] GC(679) Pause Young (Mixed) (G1 Evacuation Pause) 762M->447M(1024M) 24.039ms
[303.585s][info][gc,cpu         ] GC(679) User=0.09s Sys=0.00s Real=0.03s
[304.323s][info][gc,start       ] GC(680) Pause Full (System.gc())
[304.323s][info][gc,task        ] GC(680) Using 6 workers of 6 for full compaction
[304.323s][info][gc,phases,start] GC(680) Phase 1: Mark live objects
[304.326s][info][gc,phases      ] GC(680) Phase 1: Mark live objects 2.654ms
[304.326s][info][gc,phases,start] GC(680) Phase 2: Prepare compaction
[304.326s][info][gc,phases      ] GC(680) Phase 2: Prepare compaction 0.586ms
[304.326s][info][gc,phases,start] GC(680) Phase 3: Adjust pointers
[304.328s][info][gc,phases      ] GC(680) Phase 3: Adjust pointers 1.978ms
[304.328s][info][gc,phases,start] GC(680) Phase 4: Compact heap
[304.329s][info][gc,phases      ] GC(680) Phase 4: Compact heap 0.719ms
[304.329s][info][gc,phases,start] GC(680) Phase 5: Reset Metadata
[304.330s][info][gc,phases      ] GC(680) Phase 5: Reset Metadata 0.807ms
[304.334s][info][gc,heap        ] GC(680) Eden regions: 123->0(597)
[304.334s][info][gc,heap        ] GC(680) Survivor regions: 3->0(41)
[304.334s][info][gc,heap        ] GC(680) Old regions: 437->10
[304.334s][info][gc,heap        ] GC(680) Humongous regions: 8->2
[304.334s][info][gc,metaspace   ] GC(680) Metaspace: 16587K(16896K)->16587K(16896K) NonClass: 14261K(14400K)->14261K(14400K) Class: 2325K(2496K)->2325K(2496K)
[304.334s][info][gc             ] GC(680) Pause Full (System.gc()) 570M->5M(1024M) 10.776ms
[304.334s][info][gc,cpu         ] GC(680) User=0.02s Sys=0.00s Real=0.02s
[305.692s][info][gc,start       ] GC(681) Pause Young (Concurrent Start) (G1 Evacuation Pause)
[305.692s][info][gc,task        ] GC(681) Using 6 workers of 6 for evacuation
[305.693s][info][gc,phases      ] GC(681)   Pre Evacuate Collection Set: 0.2ms
[305.693s][info][gc,phases      ] GC(681)   Merge Heap Roots: 0.1ms
[305.693s][info][gc,phases      ] GC(681)   Evacuate Collection Set: 0.4ms
[305.693s][info][gc,phases      ] GC(681)   Post Evacuate Collection Set: 0.4ms
[305.693s][info][gc,phases      ] GC(681)   Other: 0.1ms
[305.693s][info][gc,heap        ] GC(681) Eden regions: 597->0(612)
[305.693s][info][gc,heap        ] GC(681) Survivor regions: 0->2(75)
[305.693s][info][gc,heap        ] GC(681) Old regions: 10->10
[305.693s][info][gc,heap        ] GC(681) Humongous regions: 2->2
[305.693s][info][gc,metaspace   ] GC(681) Metaspace: 16588K(16896K)->16588K(16896K) NonClass: 14262K(14400K)->14262K(14400K) Class: 2325K(2496K)->2325K(2496K)
[305.693s][info][gc             ] GC(681) Pause Young (Concurrent Start) (G1 Evacuation Pause) 602M->7M(1024M) 1.379ms
[305.693s][info][gc,cpu         ] GC(681) User=0.00s Sys=0.00s Real=0.00s
[305.693s][info][gc             ] GC(682) Concurrent Mark Cycle
[305.693s][info][gc,marking     ] GC(682) Concurrent Scan Root Regions
[305.693s][info][gc,marking     ] GC(682) Concurrent Scan Root Regions 0.223ms
[305.693s][info][gc,marking     ] GC(682) Concurrent Mark
[305.693s][info][gc,marking     ] GC(682) Concurrent Mark From Roots
[305.693s][info][gc,task        ] GC(682) Using 2 workers of 2 for marking
[305.697s][info][gc,marking     ] GC(682) Concurrent Mark From Roots 3.159ms
[305.697s][info][gc,marking     ] GC(682) Concurrent Preclean
[305.697s][info][gc,marking     ] GC(682) Concurrent Preclean 0.022ms
[305.697s][info][gc,start       ] GC(682) Pause Remark
[305.698s][info][gc             ] GC(682) Pause Remark 24M->24M(1024M) 1.054ms
[305.698s][info][gc,cpu         ] GC(682) User=0.00s Sys=0.00s Real=0.00s
[305.698s][info][gc,marking     ] GC(682) Concurrent Mark 4.486ms
[305.698s][info][gc,marking     ] GC(682) Concurrent Rebuild Remembered Sets and Scrub Regions
[305.699s][info][gc,marking     ] GC(682) Concurrent Rebuild Remembered Sets and Scrub Regions 0.999ms
[305.699s][info][gc,start       ] GC(682) Pause Cleanup
[305.699s][info][gc             ] GC(682) Pause Cleanup 30M->30M(1024M) 0.107ms
[305.699s][info][gc,cpu         ] GC(682) User=0.00s Sys=0.00s Real=0.00s
[305.699s][info][gc,marking     ] GC(682) Concurrent Clear Claimed Marks
[305.699s][info][gc,marking     ] GC(682) Concurrent Clear Claimed Marks 0.025ms
[305.699s][info][gc,marking     ] GC(682) Concurrent Cleanup for Next Mark
[305.702s][info][gc,marking     ] GC(682) Concurrent Cleanup for Next Mark 2.345ms
[305.702s][info][gc             ] GC(682) Concurrent Mark Cycle 8.572ms
[305.793s][info][gc,start       ] GC(683) Pause Young (Prepare Mixed) (G1 Evacuation Pause)
[305.793s][info][gc,task        ] GC(683) Using 6 workers of 6 for evacuation
[305.794s][info][gc,phases      ] GC(683)   Pre Evacuate Collection Set: 0.2ms
[305.794s][info][gc,phases      ] GC(683)   Merge Heap Roots: 0.1ms
[305.794s][info][gc,phases      ] GC(683)   Evacuate Collection Set: 0.3ms
[305.794s][info][gc,phases      ] GC(683)   Post Evacuate Collection Set: 0.4ms
[305.794s][info][gc,phases      ] GC(683)   Other: 0.1ms
[305.795s][info][gc,heap        ] GC(683) Eden regions: 612->0(613)
[305.795s][info][gc,heap        ] GC(683) Survivor regions: 2->1(77)
[305.795s][info][gc,heap        ] GC(683) Old regions: 10->10
[305.795s][info][gc,heap        ] GC(683) Humongous regions: 2->2
[305.795s][info][gc,metaspace   ] GC(683) Metaspace: 16588K(16896K)->16588K(16896K) NonClass: 14262K(14400K)->14262K(14400K) Class: 2325K(2496K)->2325K(2496K)
[305.795s][info][gc             ] GC(683) Pause Young (Prepare Mixed) (G1 Evacuation Pause) 619M->6M(1024M) 1.315ms
[305.795s][info][gc,cpu         ] GC(683) User=0.00s Sys=0.00s Real=0.00s
[305.896s][info][gc,start       ] GC(684) Pause Young (Mixed) (G1 Evacuation Pause)
[305.896s][info][gc,task        ] GC(684) Using 6 workers of 6 for evacuation
[305.897s][info][gc,phases      ] GC(684)   Pre Evacuate Collection Set: 0.2ms
[305.897s][info][gc,phases      ] GC(684)   Merge Heap Roots: 0.1ms
[305.897s][info][gc,phases      ] GC(684)   Evacuate Collection Set: 0.3ms
[305.897s][info][gc,phases      ] GC(684)   Post Evacuate Collection Set: 0.4ms
[305.897s][info][gc,phases      ] GC(684)   Other: 0.1ms
[305.897s][info][gc,heap        ] GC(684) Eden regions: 613->0(613)
[305.897s][info][gc,heap        ] GC(684) Survivor regions: 1->1(77)
[305.897s][info][gc,heap        ] GC(684) Old regions: 10->9
[305.897s][info][gc,heap        ] GC(684) Humongous regions: 2->2
[305.897s][info][gc,metaspace   ] GC(684) Metaspace: 16588K(16896K)->16588K(16896K) NonClass: 14262K(14400K)->14262K(14400K) Class: 2325K(2496K)->2325K(2496K)
[305.897s][info][gc             ] GC(684) Pause Young (Mixed) (G1 Evacuation Pause) 619M->6M(1024M) 1.263ms
[305.897s][info][gc,cpu         ] GC(684) User=0.00s Sys=0.00s Real=0.00s
[305.994s][info][gc,start       ] GC(685) Pause Young (Concurrent Start) (G1 Evacuation Pause)
[305.994s][info][gc,task        ] GC(685) Using 6 workers of 6 for evacuation
[305.995s][info][gc,phases      ] GC(685)   Pre Evacuate Collection Set: 0.2ms
[305.995s][info][gc,phases      ] GC(685)   Merge Heap Roots: 0.1ms
[305.995s][info][gc,phases      ] GC(685)   Evacuate Collection Set: 0.3ms
[305.995s][info][gc,phases      ] GC(685)   Post Evacuate Collection Set: 0.3ms
[305.995s][info][gc,phases      ] GC(685)   Other: 0.1ms
[305.995s][info][gc,heap        ] GC(685) Eden regions: 613->0(613)
[305.995s][info][gc,heap        ] GC(685) Survivor regions: 1->1(77)
[305.995s][info][gc,heap        ] GC(685) Old regions: 9->9
[305.996s][info][gc,heap        ] GC(685) Humongous regions: 2->2
[305.996s][info][gc,metaspace   ] GC(685) Metaspace: 16588K(16896K)->16588K(16896K) NonClass: 14262K(14400K)->14262K(14400K) Class: 2325K(2496K)->2325K(2496K)
[305.996s][info][gc             ] GC(685) Pause Young (Concurrent Start) (G1 Evacuation Pause) 619M->6M(1024M) 1.246ms
[305.996s][info][gc             ] GC(686) Concurrent Mark Cycle
[305.996s][info][gc,cpu         ] GC(685) User=0.00s Sys=0.00s Real=0.00s
[305.996s][info][gc,marking     ] GC(686) Concurrent Scan Root Regions
[305.996s][info][gc,marking     ] GC(686) Concurrent Scan Root Regions 0.282ms
[305.996s][info][gc,marking     ] GC(686) Concurrent Mark
[305.996s][info][gc,marking     ] GC(686) Concurrent Mark From Roots
[305.996s][info][gc,task        ] GC(686) Using 2 workers of 2 for marking
[305.999s][info][gc,marking     ] GC(686) Concurrent Mark From Roots 3.142ms
[305.999s][info][gc,marking     ] GC(686) Concurrent Preclean
[305.999s][info][gc,marking     ] GC(686) Concurrent Preclean 0.021ms
[305.999s][info][gc,start       ] GC(686) Pause Remark
[306.000s][info][gc             ] GC(686) Pause Remark 23M->23M(1024M) 1.039ms
[306.000s][info][gc,cpu         ] GC(686) User=0.00s Sys=0.00s Real=0.00s
[306.000s][info][gc,marking     ] GC(686) Concurrent Mark 4.468ms
[306.000s][info][gc,marking     ] GC(686) Concurrent Rebuild Remembered Sets and Scrub Regions
[306.001s][info][gc,marking     ] GC(686) Concurrent Rebuild Remembered Sets and Scrub Regions 0.992ms
[306.001s][info][gc,start       ] GC(686) Pause Cleanup
[306.002s][info][gc             ] GC(686) Pause Cleanup 29M->29M(1024M) 0.107ms
[306.002s][info][gc,cpu         ] GC(686) User=0.00s Sys=0.00s Real=0.00s
[306.002s][info][gc,marking     ] GC(686) Concurrent Clear Claimed Marks
[306.002s][info][gc,marking     ] GC(686) Concurrent Clear Claimed Marks 0.022ms
[306.002s][info][gc,marking     ] GC(686) Concurrent Cleanup for Next Mark
[306.004s][info][gc,marking     ] GC(686) Concurrent Cleanup for Next Mark 2.363ms
[306.004s][info][gc             ] GC(686) Concurrent Mark Cycle 8.594ms
[306.180s][info][gc,start       ] GC(687) Pause Young (Prepare Mixed) (G1 Evacuation Pause)
[306.180s][info][gc,task        ] GC(687) Using 6 workers of 6 for evacuation
[306.232s][info][gc,phases      ] GC(687)   Pre Evacuate Collection Set: 0.2ms
[306.232s][info][gc,phases      ] GC(687)   Merge Heap Roots: 0.1ms
[306.232s][info][gc,phases      ] GC(687)   Evacuate Collection Set: 50.9ms
[306.232s][info][gc,phases      ] GC(687)   Post Evacuate Collection Set: 0.5ms
[306.232s][info][gc,phases      ] GC(687)   Other: 0.1ms
[306.232s][info][gc,heap        ] GC(687) Eden regions: 613->0(537)
[306.232s][info][gc,heap        ] GC(687) Survivor regions: 1->77(77)
[306.232s][info][gc,heap        ] GC(687) Old regions: 8->45
[306.232s][info][gc,heap        ] GC(687) Humongous regions: 3->3
[306.232s][info][gc,metaspace   ] GC(687) Metaspace: 16588K(16896K)->16588K(16896K) NonClass: 14262K(14400K)->14262K(14400K) Class: 2325K(2496K)->2325K(2496K)
[306.232s][info][gc             ] GC(687) Pause Young (Prepare Mixed) (G1 Evacuation Pause) 620M->120M(1024M) 52.012ms
[306.232s][info][gc,cpu         ] GC(687) User=0.39s Sys=0.00s Real=0.06s
[306.815s][info][gc,start       ] GC(688) Pause Young (Mixed) (G1 Evacuation Pause)
[306.815s][info][gc,task        ] GC(688) Using 6 workers of 6 for evacuation
[306.974s][info][gc,phases      ] GC(688)   Pre Evacuate Collection Set: 0.2ms
[306.974s][info][gc,phases      ] GC(688)   Merge Heap Roots: 0.2ms
[306.974s][info][gc,phases      ] GC(688)   Evacuate Collection Set: 154.9ms
[306.974s][info][gc,phases      ] GC(688)   Post Evacuate Collection Set: 4.1ms
[306.974s][info][gc,phases      ] GC(688)   Other: 0.1ms
[306.974s][info][gc,heap        ] GC(688) Eden regions: 537->0(77)
[306.974s][info][gc,heap        ] GC(688) Survivor regions: 77->77(77)
[306.974s][info][gc,heap        ] GC(688) Old regions: 45->737
[306.974s][info][gc,heap        ] GC(688) Humongous regions: 4->4
[306.974s][info][gc,metaspace   ] GC(688) Metaspace: 16588K(16896K)->16588K(16896K) NonClass: 14262K(14400K)->14262K(14400K) Class: 2325K(2496K)->2325K(2496K)
[306.974s][info][gc             ] GC(688) Pause Young (Mixed) (G1 Evacuation Pause) (Evacuation Failure) 658M->813M(1024M) 159.816ms
[306.974s][info][gc,cpu         ] GC(688) User=0.88s Sys=0.00s Real=0.16s
[309.062s][info][gc,start       ] GC(689) Pause Young (Concurrent Start) (G1 Evacuation Pause)
[309.062s][info][gc,task        ] GC(689) Using 6 workers of 6 for evacuation
[309.123s][info][gc,phases      ] GC(689)   Pre Evacuate Collection Set: 0.3ms
[309.123s][info][gc,phases      ] GC(689)   Merge Heap Roots: 1.0ms
[309.123s][info][gc,phases      ] GC(689)   Evacuate Collection Set: 58.3ms
[309.123s][info][gc,phases      ] GC(689)   Post Evacuate Collection Set: 0.8ms
[309.123s][info][gc,phases      ] GC(689)   Other: 0.2ms
[309.123s][info][gc,heap        ] GC(689) Eden regions: 77->0(98)
[309.123s][info][gc,heap        ] GC(689) Survivor regions: 77->20(20)
[309.123s][info][gc,heap        ] GC(689) Old regions: 737->819
[309.123s][info][gc,heap        ] GC(689) Humongous regions: 4->4
[309.123s][info][gc,metaspace   ] GC(689) Metaspace: 16588K(16896K)->16588K(16896K) NonClass: 14262K(14400K)->14262K(14400K) Class: 2325K(2496K)->2325K(2496K)
[309.123s][info][gc             ] GC(689) Pause Young (Concurrent Start) (G1 Evacuation Pause) 890M->838M(1024M) 60.777ms
[309.123s][info][gc,cpu         ] GC(689) User=0.28s Sys=0.00s Real=0.05s
[309.123s][info][gc             ] GC(690) Concurrent Mark Cycle
[309.123s][info][gc,marking     ] GC(690) Concurrent Scan Root Regions
[309.143s][info][gc,marking     ] GC(690) Concurrent Scan Root Regions 20.354ms
[309.144s][info][gc,marking     ] GC(690) Concurrent Mark
[309.144s][info][gc,marking     ] GC(690) Concurrent Mark From Roots
[309.144s][info][gc,task        ] GC(690) Using 2 workers of 2 for marking
[309.158s][info][gc,marking     ] GC(690) Concurrent Mark From Roots 14.132ms
[309.158s][info][gc,marking     ] GC(690) Concurrent Preclean
[309.158s][info][gc,marking     ] GC(690) Concurrent Preclean 0.052ms
[309.158s][info][gc,start       ] GC(690) Pause Remark
[309.159s][info][gc             ] GC(690) Pause Remark 897M->385M(1024M) 1.214ms
[309.159s][info][gc,cpu         ] GC(690) User=0.00s Sys=0.00s Real=0.00s
[309.159s][info][gc,marking     ] GC(690) Concurrent Mark 15.616ms
[309.159s][info][gc,marking     ] GC(690) Concurrent Rebuild Remembered Sets and Scrub Regions
[309.181s][info][gc,start       ] GC(691) Pause Young (Normal) (G1 Evacuation Pause)
[309.181s][info][gc,task        ] GC(691) Using 6 workers of 6 for evacuation
[309.215s][info][gc,phases      ] GC(691)   Pre Evacuate Collection Set: 0.2ms
[309.215s][info][gc,phases      ] GC(691)   Merge Heap Roots: 0.6ms
[309.215s][info][gc,phases      ] GC(691)   Evacuate Collection Set: 32.8ms
[309.215s][info][gc,phases      ] GC(691)   Post Evacuate Collection Set: 0.4ms
[309.215s][info][gc,phases      ] GC(691)   Other: 0.1ms
[309.215s][info][gc,heap        ] GC(691) Eden regions: 98->0(367)
[309.215s][info][gc,heap        ] GC(691) Survivor regions: 20->15(15)
[309.215s][info][gc,heap        ] GC(691) Old regions: 307->355
[309.215s][info][gc,heap        ] GC(691) Humongous regions: 3->3
[309.215s][info][gc,metaspace   ] GC(691) Metaspace: 16588K(16896K)->16588K(16896K) NonClass: 14262K(14400K)->14262K(14400K) Class: 2325K(2496K)->2325K(2496K)
[309.215s][info][gc             ] GC(691) Pause Young (Normal) (G1 Evacuation Pause) 424M->369M(1024M) 34.192ms
[309.215s][info][gc,cpu         ] GC(691) User=0.03s Sys=0.00s Real=0.03s
[309.223s][info][gc,marking     ] GC(690) Concurrent Rebuild Remembered Sets and Scrub Regions 63.451ms
[309.223s][info][gc,start       ] GC(690) Pause Cleanup
[309.223s][info][gc             ] GC(690) Pause Cleanup 382M->382M(1024M) 0.337ms
[309.223s][info][gc,cpu         ] GC(690) User=0.00s Sys=0.00s Real=0.00s
[309.223s][info][gc,marking     ] GC(690) Concurrent Clear Claimed Marks
[309.223s][info][gc,marking     ] GC(690) Concurrent Clear Claimed Marks 0.026ms
[309.223s][info][gc,marking     ] GC(690) Concurrent Cleanup for Next Mark
[309.225s][info][gc,marking     ] GC(690) Concurrent Cleanup for Next Mark 1.523ms
[309.225s][info][gc             ] GC(690) Concurrent Mark Cycle 101.669ms
[309.427s][info][gc,start       ] GC(692) Pause Young (Prepare Mixed) (G1 Evacuation Pause)
[309.427s][info][gc,task        ] GC(692) Using 6 workers of 6 for evacuation
[309.514s][info][gc,phases      ] GC(692)   Pre Evacuate Collection Set: 0.3ms
[309.514s][info][gc,phases      ] GC(692)   Merge Heap Roots: 0.3ms
[309.514s][info][gc,phases      ] GC(692)   Evacuate Collection Set: 85.9ms
[309.514s][info][gc,phases      ] GC(692)   Post Evacuate Collection Set: 0.5ms
[309.514s][info][gc,phases      ] GC(692)   Other: 0.1ms
[309.514s][info][gc,heap        ] GC(692) Eden regions: 367->0(258)
[309.514s][info][gc,heap        ] GC(692) Survivor regions: 15->48(48)
[309.514s][info][gc,heap        ] GC(692) Old regions: 355->477
[309.514s][info][gc,heap        ] GC(692) Humongous regions: 3->3
[309.514s][info][gc,metaspace   ] GC(692) Metaspace: 16588K(16896K)->16588K(16896K) NonClass: 14262K(14400K)->14262K(14400K) Class: 2325K(2496K)->2325K(2496K)
[309.514s][info][gc             ] GC(692) Pause Young (Prepare Mixed) (G1 Evacuation Pause) 736M->524M(1024M) 87.313ms
[309.514s][info][gc,cpu         ] GC(692) User=0.47s Sys=0.00s Real=0.08s
[309.669s][info][gc,start       ] GC(693) Pause Young (Mixed) (G1 Evacuation Pause)
[309.669s][info][gc,task        ] GC(693) Using 6 workers of 6 for evacuation
[309.744s][info][gc,phases      ] GC(693)   Pre Evacuate Collection Set: 0.4ms
[309.744s][info][gc,phases      ] GC(693)   Merge Heap Roots: 0.3ms
[309.744s][info][gc,phases      ] GC(693)   Evacuate Collection Set: 73.8ms
[309.744s][info][gc,phases      ] GC(693)   Post Evacuate Collection Set: 0.5ms
[309.744s][info][gc,phases      ] GC(693)   Other: 0.1ms
[309.744s][info][gc,heap        ] GC(693) Eden regions: 258->0(248)
[309.744s][info][gc,heap        ] GC(693) Survivor regions: 48->39(39)
[309.744s][info][gc,heap        ] GC(693) Old regions: 477->492
[309.744s][info][gc,heap        ] GC(693) Humongous regions: 3->3
[309.744s][info][gc,metaspace   ] GC(693) Metaspace: 16588K(16896K)->16588K(16896K) NonClass: 14262K(14400K)->14262K(14400K) Class: 2325K(2496K)->2325K(2496K)
[309.744s][info][gc             ] GC(693) Pause Young (Mixed) (G1 Evacuation Pause) 782M->532M(1024M) 75.366ms
[309.744s][info][gc,cpu         ] GC(693) User=0.39s Sys=0.00s Real=0.08s
[310.102s][info][gc,start       ] GC(694) Pause Young (Mixed) (G1 Evacuation Pause)
[310.102s][info][gc,task        ] GC(694) Using 6 workers of 6 for evacuation
[310.203s][info][gc,phases      ] GC(694)   Pre Evacuate Collection Set: 0.3ms
[310.203s][info][gc,phases      ] GC(694)   Merge Heap Roots: 2.3ms
[310.203s][info][gc,phases      ] GC(694)   Evacuate Collection Set: 97.1ms
[310.203s][info][gc,phases      ] GC(694)   Post Evacuate Collection Set: 0.9ms
[310.203s][info][gc,phases      ] GC(694)   Other: 0.1ms
[310.203s][info][gc,heap        ] GC(694) Eden regions: 248->0(208)
[310.203s][info][gc,heap        ] GC(694) Survivor regions: 39->36(36)
[310.203s][info][gc,heap        ] GC(694) Old regions: 492->554
[310.203s][info][gc,heap        ] GC(694) Humongous regions: 6->6
[310.203s][info][gc,metaspace   ] GC(694) Metaspace: 16588K(16896K)->16588K(16896K) NonClass: 14262K(14400K)->14262K(14400K) Class: 2325K(2496K)->2325K(2496K)
[310.203s][info][gc             ] GC(694) Pause Young (Mixed) (G1 Evacuation Pause) 783M->594M(1024M) 101.080ms
[310.203s][info][gc,cpu         ] GC(694) User=0.56s Sys=0.00s Real=0.10s
[310.224s][info][gc,start       ] GC(695) Pause Young (Concurrent Start) (G1 Humongous Allocation)
[310.224s][info][gc,task        ] GC(695) Using 6 workers of 6 for evacuation
[310.273s][info][gc,phases      ] GC(695)   Pre Evacuate Collection Set: 0.2ms
[310.273s][info][gc,phases      ] GC(695)   Merge Heap Roots: 1.8ms
[310.273s][info][gc,phases      ] GC(695)   Evacuate Collection Set: 46.3ms
[310.273s][info][gc,phases      ] GC(695)   Post Evacuate Collection Set: 0.7ms
[310.273s][info][gc,phases      ] GC(695)   Other: 0.1ms
[310.273s][info][gc,heap        ] GC(695) Eden regions: 20->0(178)
[310.273s][info][gc,heap        ] GC(695) Survivor regions: 36->15(31)
[310.273s][info][gc,heap        ] GC(695) Old regions: 554->592
[310.273s][info][gc,heap        ] GC(695) Humongous regions: 6->6
[310.273s][info][gc,metaspace   ] GC(695) Metaspace: 16588K(16896K)->16588K(16896K) NonClass: 14262K(14400K)->14262K(14400K) Class: 2325K(2496K)->2325K(2496K)
[310.273s][info][gc             ] GC(695) Pause Young (Concurrent Start) (G1 Humongous Allocation) 614M->610M(1024M) 49.296ms
[310.273s][info][gc             ] GC(696) Concurrent Mark Cycle
[310.273s][info][gc,cpu         ] GC(695) User=0.05s Sys=0.00s Real=0.05s
[310.273s][info][gc,marking     ] GC(696) Concurrent Scan Root Regions
[310.287s][info][gc,marking     ] GC(696) Concurrent Scan Root Regions 13.750ms
[310.287s][info][gc,marking     ] GC(696) Concurrent Mark
[310.287s][info][gc,marking     ] GC(696) Concurrent Mark From Roots
[310.287s][info][gc,task        ] GC(696) Using 2 workers of 2 for marking
[310.597s][info][gc,marking     ] GC(696) Concurrent Mark From Roots 309.718ms
[310.597s][info][gc,marking     ] GC(696) Concurrent Preclean
[310.597s][info][gc,marking     ] GC(696) Concurrent Preclean 0.067ms
[310.597s][info][gc,start       ] GC(696) Pause Remark
[310.598s][info][gc             ] GC(696) Pause Remark 666M->536M(1024M) 1.227ms
[310.599s][info][gc,cpu         ] GC(696) User=0.00s Sys=0.00s Real=0.00s
[310.599s][info][gc,marking     ] GC(696) Concurrent Mark 311.263ms
[310.599s][info][gc,marking     ] GC(696) Concurrent Rebuild Remembered Sets and Scrub Regions
[310.695s][info][gc,marking     ] GC(696) Concurrent Rebuild Remembered Sets and Scrub Regions 96.106ms
[310.695s][info][gc,start       ] GC(696) Pause Cleanup
[310.695s][info][gc             ] GC(696) Pause Cleanup 587M->587M(1024M) 0.213ms
[310.695s][info][gc,cpu         ] GC(696) User=0.00s Sys=0.00s Real=0.00s
[310.695s][info][gc,marking     ] GC(696) Concurrent Clear Claimed Marks
[310.695s][info][gc,marking     ] GC(696) Concurrent Clear Claimed Marks 0.020ms
[310.695s][info][gc,marking     ] GC(696) Concurrent Cleanup for Next Mark
[310.697s][info][gc,marking     ] GC(696) Concurrent Cleanup for Next Mark 1.449ms
[310.697s][info][gc             ] GC(696) Concurrent Mark Cycle 423.124ms
[310.833s][info][gc,start       ] GC(697) Pause Young (Prepare Mixed) (G1 Evacuation Pause)
[310.833s][info][gc,task        ] GC(697) Using 6 workers of 6 for evacuation
[310.857s][info][gc,phases      ] GC(697)   Pre Evacuate Collection Set: 0.3ms
[310.857s][info][gc,phases      ] GC(697)   Merge Heap Roots: 1.2ms
[310.857s][info][gc,phases      ] GC(697)   Evacuate Collection Set: 21.9ms
[310.857s][info][gc,phases      ] GC(697)   Post Evacuate Collection Set: 0.4ms
[310.857s][info][gc,phases      ] GC(697)   Other: 0.1ms
[310.857s][info][gc,heap        ] GC(697) Eden regions: 178->0(256)
[310.857s][info][gc,heap        ] GC(697) Survivor regions: 15->8(25)
[310.857s][info][gc,heap        ] GC(697) Old regions: 463->478
[310.857s][info][gc,heap        ] GC(697) Humongous regions: 8->8
[310.857s][info][gc,metaspace   ] GC(697) Metaspace: 16588K(16896K)->16588K(16896K) NonClass: 14262K(14400K)->14262K(14400K) Class: 2325K(2496K)->2325K(2496K)
[310.857s][info][gc             ] GC(697) Pause Young (Prepare Mixed) (G1 Evacuation Pause) 661M->492M(1024M) 24.201ms
[310.857s][info][gc,cpu         ] GC(697) User=0.09s Sys=0.00s Real=0.03s
[311.313s][info][gc,start       ] GC(698) Pause Young (Mixed) (G1 Evacuation Pause)
[311.313s][info][gc,task        ] GC(698) Using 6 workers of 6 for evacuation
[311.316s][info][gc,phases      ] GC(698)   Pre Evacuate Collection Set: 0.3ms
[311.316s][info][gc,phases      ] GC(698)   Merge Heap Roots: 0.1ms
[311.316s][info][gc,phases      ] GC(698)   Evacuate Collection Set: 2.2ms
[311.316s][info][gc,phases      ] GC(698)   Post Evacuate Collection Set: 0.4ms
[311.316s][info][gc,phases      ] GC(698)   Other: 0.1ms
[311.316s][info][gc,heap        ] GC(698) Eden regions: 256->0(285)
[311.316s][info][gc,heap        ] GC(698) Survivor regions: 8->6(33)
[311.316s][info][gc,heap        ] GC(698) Old regions: 478->477
[311.316s][info][gc,heap        ] GC(698) Humongous regions: 8->8
[311.316s][info][gc,metaspace   ] GC(698) Metaspace: 16588K(16896K)->16588K(16896K) NonClass: 14262K(14400K)->14262K(14400K) Class: 2325K(2496K)->2325K(2496K)
[311.316s][info][gc             ] GC(698) Pause Young (Mixed) (G1 Evacuation Pause) 748M->489M(1024M) 3.426ms
[311.316s][info][gc,cpu         ] GC(698) User=0.00s Sys=0.00s Real=0.00s
[312.151s][info][gc,start       ] GC(699) Pause Full (System.gc())
[312.151s][info][gc,task        ] GC(699) Using 6 workers of 6 for full compaction
[312.151s][info][gc,phases,start] GC(699) Phase 1: Mark live objects
[312.154s][info][gc,phases      ] GC(699) Phase 1: Mark live objects 2.616ms
[312.154s][info][gc,phases,start] GC(699) Phase 2: Prepare compaction
[312.155s][info][gc,phases      ] GC(699) Phase 2: Prepare compaction 0.636ms
[312.155s][info][gc,phases,start] GC(699) Phase 3: Adjust pointers
[312.157s][info][gc,phases      ] GC(699) Phase 3: Adjust pointers 2.231ms
[312.157s][info][gc,phases,start] GC(699) Phase 4: Compact heap
[312.158s][info][gc,phases      ] GC(699) Phase 4: Compact heap 0.697ms
[312.158s][info][gc,phases,start] GC(699) Phase 5: Reset Metadata
[312.158s][info][gc,phases      ] GC(699) Phase 5: Reset Metadata 0.761ms
[312.162s][info][gc,heap        ] GC(699) Eden regions: 169->0(525)
[312.162s][info][gc,heap        ] GC(699) Survivor regions: 6->0(33)
[312.162s][info][gc,heap        ] GC(699) Old regions: 477->9
[312.162s][info][gc,heap        ] GC(699) Humongous regions: 8->2
[312.162s][info][gc,metaspace   ] GC(699) Metaspace: 16588K(16896K)->16588K(16896K) NonClass: 14262K(14400K)->14262K(14400K) Class: 2325K(2496K)->2325K(2496K)
[312.162s][info][gc             ] GC(699) Pause Full (System.gc()) 658M->5M(1024M) 10.963ms
[312.162s][info][gc,cpu         ] GC(699) User=0.00s Sys=0.00s Real=0.02s
[313.687s][info][gc,start       ] GC(700) Pause Young (Concurrent Start) (G1 Evacuation Pause)
[313.687s][info][gc,task        ] GC(700) Using 6 workers of 6 for evacuation
[313.689s][info][gc,phases      ] GC(700)   Pre Evacuate Collection Set: 0.2ms
[313.689s][info][gc,phases      ] GC(700)   Merge Heap Roots: 0.1ms
[313.689s][info][gc,phases      ] GC(700)   Evacuate Collection Set: 0.4ms
[313.689s][info][gc,phases      ] GC(700)   Post Evacuate Collection Set: 0.4ms
[313.689s][info][gc,phases      ] GC(700)   Other: 0.1ms
[313.689s][info][gc,heap        ] GC(700) Eden regions: 525->0(584)
[313.689s][info][gc,heap        ] GC(700) Survivor regions: 0->1(66)
[313.689s][info][gc,heap        ] GC(700) Old regions: 9->9
[313.689s][info][gc,heap        ] GC(700) Humongous regions: 2->2
[313.689s][info][gc,metaspace   ] GC(700) Metaspace: 16588K(16896K)->16588K(16896K) NonClass: 14262K(14400K)->14262K(14400K) Class: 2325K(2496K)->2325K(2496K)
[313.689s][info][gc             ] GC(700) Pause Young (Concurrent Start) (G1 Evacuation Pause) 530M->6M(1024M) 1.380ms
[313.689s][info][gc             ] GC(701) Concurrent Mark Cycle
[313.689s][info][gc,cpu         ] GC(700) User=0.02s Sys=0.00s Real=0.00s
[313.689s][info][gc,marking     ] GC(701) Concurrent Scan Root Regions
[313.689s][info][gc,marking     ] GC(701) Concurrent Scan Root Regions 0.327ms
[313.689s][info][gc,marking     ] GC(701) Concurrent Mark
[313.689s][info][gc,marking     ] GC(701) Concurrent Mark From Roots
[313.689s][info][gc,task        ] GC(701) Using 2 workers of 2 for marking
[313.692s][info][gc,marking     ] GC(701) Concurrent Mark From Roots 3.095ms
[313.692s][info][gc,marking     ] GC(701) Concurrent Preclean
[313.692s][info][gc,marking     ] GC(701) Concurrent Preclean 0.022ms
[313.692s][info][gc,start       ] GC(701) Pause Remark
[313.693s][info][gc             ] GC(701) Pause Remark 24M->24M(1024M) 1.023ms
[313.694s][info][gc,cpu         ] GC(701) User=0.00s Sys=0.00s Real=0.00s
[313.694s][info][gc,marking     ] GC(701) Concurrent Mark 4.419ms
[313.694s][info][gc,marking     ] GC(701) Concurrent Rebuild Remembered Sets and Scrub Regions
[313.695s][info][gc,marking     ] GC(701) Concurrent Rebuild Remembered Sets and Scrub Regions 0.997ms
[313.695s][info][gc,start       ] GC(701) Pause Cleanup
[313.695s][info][gc             ] GC(701) Pause Cleanup 29M->29M(1024M) 0.112ms
[313.695s][info][gc,cpu         ] GC(701) User=0.00s Sys=0.00s Real=0.00s
[313.695s][info][gc,marking     ] GC(701) Concurrent Clear Claimed Marks
[313.695s][info][gc,marking     ] GC(701) Concurrent Clear Claimed Marks 0.023ms
[313.695s][info][gc,marking     ] GC(701) Concurrent Cleanup for Next Mark
[313.697s][info][gc,marking     ] GC(701) Concurrent Cleanup for Next Mark 2.369ms
[313.697s][info][gc             ] GC(701) Concurrent Mark Cycle 8.619ms
[313.782s][info][gc,start       ] GC(702) Pause Young (Prepare Mixed) (G1 Evacuation Pause)
[313.782s][info][gc,task        ] GC(702) Using 6 workers of 6 for evacuation
[313.783s][info][gc,phases      ] GC(702)   Pre Evacuate Collection Set: 0.2ms
[313.783s][info][gc,phases      ] GC(702)   Merge Heap Roots: 0.1ms
[313.783s][info][gc,phases      ] GC(702)   Evacuate Collection Set: 0.4ms
[313.783s][info][gc,phases      ] GC(702)   Post Evacuate Collection Set: 0.4ms
[313.783s][info][gc,phases      ] GC(702)   Other: 0.1ms
[313.783s][info][gc,heap        ] GC(702) Eden regions: 584->0(613)
[313.783s][info][gc,heap        ] GC(702) Survivor regions: 1->1(74)
[313.783s][info][gc,heap        ] GC(702) Old regions: 9->9
[313.783s][info][gc,heap        ] GC(702) Humongous regions: 2->2
[313.783s][info][gc,metaspace   ] GC(702) Metaspace: 16588K(16896K)->16588K(16896K) NonClass: 14262K(14400K)->14262K(14400K) Class: 2325K(2496K)->2325K(2496K)
[313.783s][info][gc             ] GC(702) Pause Young (Prepare Mixed) (G1 Evacuation Pause) 590M->6M(1024M) 1.362ms
[313.783s][info][gc,cpu         ] GC(702) User=0.00s Sys=0.00s Real=0.00s
[313.878s][info][gc,start       ] GC(703) Pause Young (Mixed) (G1 Evacuation Pause)
[313.878s][info][gc,task        ] GC(703) Using 6 workers of 6 for evacuation
[313.879s][info][gc,phases      ] GC(703)   Pre Evacuate Collection Set: 0.3ms
[313.879s][info][gc,phases      ] GC(703)   Merge Heap Roots: 0.1ms
[313.879s][info][gc,phases      ] GC(703)   Evacuate Collection Set: 0.4ms
[313.879s][info][gc,phases      ] GC(703)   Post Evacuate Collection Set: 0.4ms
[313.879s][info][gc,phases      ] GC(703)   Other: 0.1ms
[313.879s][info][gc,heap        ] GC(703) Eden regions: 613->0(613)
[313.879s][info][gc,heap        ] GC(703) Survivor regions: 1->1(77)
[313.879s][info][gc,heap        ] GC(703) Old regions: 9->8
[313.879s][info][gc,heap        ] GC(703) Humongous regions: 2->2
[313.879s][info][gc,metaspace   ] GC(703) Metaspace: 16588K(16896K)->16588K(16896K) NonClass: 14262K(14400K)->14262K(14400K) Class: 2325K(2496K)->2325K(2496K)
[313.879s][info][gc             ] GC(703) Pause Young (Mixed) (G1 Evacuation Pause) 619M->6M(1024M) 1.499ms
[313.879s][info][gc,cpu         ] GC(703) User=0.00s Sys=0.00s Real=0.00s
[313.981s][info][gc,start       ] GC(704) Pause Young (Concurrent Start) (G1 Evacuation Pause)
[313.982s][info][gc,task        ] GC(704) Using 6 workers of 6 for evacuation
[313.983s][info][gc,phases      ] GC(704)   Pre Evacuate Collection Set: 0.3ms
[313.983s][info][gc,phases      ] GC(704)   Merge Heap Roots: 0.1ms
[313.983s][info][gc,phases      ] GC(704)   Evacuate Collection Set: 0.3ms
[313.983s][info][gc,phases      ] GC(704)   Post Evacuate Collection Set: 0.4ms
[313.983s][info][gc,phases      ] GC(704)   Other: 0.1ms
[313.983s][info][gc,heap        ] GC(704) Eden regions: 613->0(613)
[313.983s][info][gc,heap        ] GC(704) Survivor regions: 1->1(77)
[313.983s][info][gc,heap        ] GC(704) Old regions: 8->8
[313.983s][info][gc,heap        ] GC(704) Humongous regions: 2->2
[313.983s][info][gc,metaspace   ] GC(704) Metaspace: 16588K(16896K)->16588K(16896K) NonClass: 14262K(14400K)->14262K(14400K) Class: 2325K(2496K)->2325K(2496K)
[313.983s][info][gc             ] GC(704) Pause Young (Concurrent Start) (G1 Evacuation Pause) 619M->6M(1024M) 1.542ms
[313.983s][info][gc,cpu         ] GC(704) User=0.00s Sys=0.00s Real=0.00s
[313.983s][info][gc             ] GC(705) Concurrent Mark Cycle
[313.983s][info][gc,marking     ] GC(705) Concurrent Scan Root Regions
[313.983s][info][gc,marking     ] GC(705) Concurrent Scan Root Regions 0.285ms
[313.983s][info][gc,marking     ] GC(705) Concurrent Mark
[313.983s][info][gc,marking     ] GC(705) Concurrent Mark From Roots
[313.983s][info][gc,task        ] GC(705) Using 2 workers of 2 for marking
[313.987s][info][gc,marking     ] GC(705) Concurrent Mark From Roots 3.136ms
[313.987s][info][gc,marking     ] GC(705) Concurrent Preclean
[313.987s][info][gc,marking     ] GC(705) Concurrent Preclean 0.019ms
[313.987s][info][gc,start       ] GC(705) Pause Remark
[313.988s][info][gc             ] GC(705) Pause Remark 24M->24M(1024M) 1.070ms
[313.988s][info][gc,cpu         ] GC(705) User=0.00s Sys=0.00s Real=0.00s
[313.988s][info][gc,marking     ] GC(705) Concurrent Mark 4.502ms
[313.988s][info][gc,marking     ] GC(705) Concurrent Rebuild Remembered Sets and Scrub Regions
[313.989s][info][gc,marking     ] GC(705) Concurrent Rebuild Remembered Sets and Scrub Regions 1.003ms
[313.989s][info][gc,start       ] GC(705) Pause Cleanup
[313.989s][info][gc             ] GC(705) Pause Cleanup 30M->30M(1024M) 0.103ms
[313.989s][info][gc,cpu         ] GC(705) User=0.00s Sys=0.00s Real=0.00s
[313.989s][info][gc,marking     ] GC(705) Concurrent Clear Claimed Marks
[313.989s][info][gc,marking     ] GC(705) Concurrent Clear Claimed Marks 0.023ms
[313.989s][info][gc,marking     ] GC(705) Concurrent Cleanup for Next Mark
[313.992s][info][gc,marking     ] GC(705) Concurrent Cleanup for Next Mark 2.390ms
[313.992s][info][gc             ] GC(705) Concurrent Mark Cycle 8.684ms
[314.114s][info][gc,start       ] GC(706) Pause Young (Prepare Mixed) (G1 Evacuation Pause)
[314.114s][info][gc,task        ] GC(706) Using 6 workers of 6 for evacuation
[314.137s][info][gc,phases      ] GC(706)   Pre Evacuate Collection Set: 0.2ms
[314.137s][info][gc,phases      ] GC(706)   Merge Heap Roots: 0.1ms
[314.137s][info][gc,phases      ] GC(706)   Evacuate Collection Set: 22.2ms
[314.137s][info][gc,phases      ] GC(706)   Post Evacuate Collection Set: 0.5ms
[314.137s][info][gc,phases      ] GC(706)   Other: 0.1ms
[314.137s][info][gc,heap        ] GC(706) Eden regions: 613->0(561)
[314.137s][info][gc,heap        ] GC(706) Survivor regions: 1->53(77)
[314.137s][info][gc,heap        ] GC(706) Old regions: 8->8
[314.137s][info][gc,heap        ] GC(706) Humongous regions: 3->3
[314.137s][info][gc,metaspace   ] GC(706) Metaspace: 16588K(16896K)->16588K(16896K) NonClass: 14262K(14400K)->14262K(14400K) Class: 2325K(2496K)->2325K(2496K)
[314.137s][info][gc             ] GC(706) Pause Young (Prepare Mixed) (G1 Evacuation Pause) 620M->59M(1024M) 23.255ms
[314.137s][info][gc,cpu         ] GC(706) User=0.02s Sys=0.00s Real=0.02s
[314.595s][info][gc,start       ] GC(707) Pause Young (Mixed) (G1 Evacuation Pause)
[314.597s][info][gc,task        ] GC(707) Using 6 workers of 6 for evacuation
[314.792s][info][gc,phases      ] GC(707)   Pre Evacuate Collection Set: 0.2ms
[314.792s][info][gc,phases      ] GC(707)   Merge Heap Roots: 0.1ms
[314.792s][info][gc,phases      ] GC(707)   Evacuate Collection Set: 186.0ms
[314.792s][info][gc,phases      ] GC(707)   Post Evacuate Collection Set: 8.9ms
[314.792s][info][gc,phases      ] GC(707)   Other: 0.1ms
[314.792s][info][gc,heap        ] GC(707) Eden regions: 561->0(0)
[314.792s][info][gc,heap        ] GC(707) Survivor regions: 53->77(77)
[314.792s][info][gc,heap        ] GC(707) Old regions: 8->894
[314.792s][info][gc,heap        ] GC(707) Humongous regions: 3->3
[314.792s][info][gc,metaspace   ] GC(707) Metaspace: 16588K(16896K)->16588K(16896K) NonClass: 14262K(14400K)->14262K(14400K) Class: 2325K(2496K)->2325K(2496K)
[314.792s][info][gc             ] GC(707) Pause Young (Mixed) (G1 Evacuation Pause) (Evacuation Failure) 620M->970M(1024M) 197.137ms
[314.792s][info][gc,cpu         ] GC(707) User=1.06s Sys=0.00s Real=0.19s
[314.792s][info][gc,ergo        ] Attempting full compaction
[314.792s][info][gc,start       ] GC(708) Pause Full (G1 Compaction Pause)
[314.792s][info][gc,task        ] GC(708) Using 6 workers of 6 for full compaction
[314.793s][info][gc,phases,start] GC(708) Phase 1: Mark live objects
[314.894s][info][gc,phases      ] GC(708) Phase 1: Mark live objects 101.088ms
[314.894s][info][gc,phases,start] GC(708) Phase 2: Prepare compaction
[314.899s][info][gc,phases      ] GC(708) Phase 2: Prepare compaction 5.700ms
[314.900s][info][gc,phases,start] GC(708) Phase 3: Adjust pointers
[314.927s][info][gc,phases      ] GC(708) Phase 3: Adjust pointers 27.366ms
[314.927s][info][gc,phases,start] GC(708) Phase 4: Compact heap
[314.936s][info][gc,phases      ] GC(708) Phase 4: Compact heap 8.550ms
[314.936s][info][gc,phases,start] GC(708) Phase 5: Reset Metadata
[314.953s][info][gc,phases      ] GC(708) Phase 5: Reset Metadata 17.452ms
[314.959s][info][gc,heap        ] GC(708) Eden regions: 0->0(312)
[314.959s][info][gc,heap        ] GC(708) Survivor regions: 77->0(77)
[314.959s][info][gc,heap        ] GC(708) Old regions: 894->427
[314.959s][info][gc,heap        ] GC(708) Humongous regions: 3->3
[314.959s][info][gc,metaspace   ] GC(708) Metaspace: 16588K(16896K)->16588K(16896K) NonClass: 14262K(14400K)->14262K(14400K) Class: 2325K(2496K)->2325K(2496K)
[314.959s][info][gc             ] GC(708) Pause Full (G1 Compaction Pause) 970M->428M(1024M) 166.926ms
[314.959s][info][gc,cpu         ] GC(708) User=0.62s Sys=0.00s Real=0.17s
[314.962s][info][gc,start       ] GC(709) Pause Young (Concurrent Start) (G1 Humongous Allocation)
[314.962s][info][gc,task        ] GC(709) Using 6 workers of 6 for evacuation
[314.963s][info][gc,phases      ] GC(709)   Pre Evacuate Collection Set: 0.2ms
[314.963s][info][gc,phases      ] GC(709)   Merge Heap Roots: 0.1ms
[314.963s][info][gc,phases      ] GC(709)   Evacuate Collection Set: 0.8ms
[314.963s][info][gc,phases      ] GC(709)   Post Evacuate Collection Set: 0.2ms
[314.963s][info][gc,phases      ] GC(709)   Other: 0.1ms
[314.963s][info][gc,heap        ] GC(709) Eden regions: 3->0(297)
[314.963s][info][gc,heap        ] GC(709) Survivor regions: 0->3(39)
[314.963s][info][gc,heap        ] GC(709) Old regions: 427->427
[314.963s][info][gc,heap        ] GC(709) Humongous regions: 3->3
[314.963s][info][gc,metaspace   ] GC(709) Metaspace: 16588K(16896K)->16588K(16896K) NonClass: 14262K(14400K)->14262K(14400K) Class: 2325K(2496K)->2325K(2496K)
[314.963s][info][gc             ] GC(709) Pause Young (Concurrent Start) (G1 Humongous Allocation) 431M->431M(1024M) 1.513ms
[314.963s][info][gc,cpu         ] GC(709) User=0.00s Sys=0.00s Real=0.00s
[314.963s][info][gc             ] GC(710) Concurrent Mark Cycle
[314.963s][info][gc,marking     ] GC(710) Concurrent Scan Root Regions
[314.964s][info][gc,marking     ] GC(710) Concurrent Scan Root Regions 0.847ms
[314.964s][info][gc,marking     ] GC(710) Concurrent Mark
[314.964s][info][gc,marking     ] GC(710) Concurrent Mark From Roots
[314.964s][info][gc,task        ] GC(710) Using 2 workers of 2 for marking
[315.336s][info][gc,marking     ] GC(710) Concurrent Mark From Roots 372.090ms
[315.336s][info][gc,marking     ] GC(710) Concurrent Preclean
[315.336s][info][gc,marking     ] GC(710) Concurrent Preclean 0.044ms
[315.337s][info][gc,start       ] GC(710) Pause Remark
[315.338s][info][gc             ] GC(710) Pause Remark 520M->520M(1024M) 1.069ms
[315.338s][info][gc,cpu         ] GC(710) User=0.00s Sys=0.00s Real=0.00s
[315.338s][info][gc,marking     ] GC(710) Concurrent Mark 373.525ms
[315.338s][info][gc,marking     ] GC(710) Concurrent Rebuild Remembered Sets and Scrub Regions
[315.420s][info][gc,marking     ] GC(710) Concurrent Rebuild Remembered Sets and Scrub Regions 82.570ms
[315.420s][info][gc,start       ] GC(710) Pause Cleanup
[315.421s][info][gc             ] GC(710) Pause Cleanup 520M->520M(1024M) 0.167ms
[315.421s][info][gc,cpu         ] GC(710) User=0.00s Sys=0.00s Real=0.00s
[315.421s][info][gc,marking     ] GC(710) Concurrent Clear Claimed Marks
[315.421s][info][gc,marking     ] GC(710) Concurrent Clear Claimed Marks 0.018ms
[315.421s][info][gc,marking     ] GC(710) Concurrent Cleanup for Next Mark
[315.422s][info][gc,marking     ] GC(710) Concurrent Cleanup for Next Mark 1.411ms
[315.422s][info][gc             ] GC(710) Concurrent Mark Cycle 458.808ms
[317.666s][info][gc,start       ] GC(711) Pause Young (Prepare Mixed) (G1 Evacuation Pause)
[317.666s][info][gc,task        ] GC(711) Using 6 workers of 6 for evacuation
[317.738s][info][gc,phases      ] GC(711)   Pre Evacuate Collection Set: 0.3ms
[317.738s][info][gc,phases      ] GC(711)   Merge Heap Roots: 1.5ms
[317.738s][info][gc,phases      ] GC(711)   Evacuate Collection Set: 69.6ms
[317.738s][info][gc,phases      ] GC(711)   Post Evacuate Collection Set: 0.7ms
[317.738s][info][gc,phases      ] GC(711)   Other: 0.1ms
[317.738s][info][gc,heap        ] GC(711) Eden regions: 297->0(246)
[317.738s][info][gc,heap        ] GC(711) Survivor regions: 3->38(38)
[317.738s][info][gc,heap        ] GC(711) Old regions: 427->487
[317.738s][info][gc,heap        ] GC(711) Humongous regions: 4->4
[317.738s][info][gc,metaspace   ] GC(711) Metaspace: 16589K(16896K)->16589K(16896K) NonClass: 14263K(14400K)->14263K(14400K) Class: 2325K(2496K)->2325K(2496K)
[317.738s][info][gc             ] GC(711) Pause Young (Prepare Mixed) (G1 Evacuation Pause) 729M->527M(1024M) 72.478ms
[317.738s][info][gc,cpu         ] GC(711) User=0.39s Sys=0.00s Real=0.08s
[317.877s][info][gc,start       ] GC(712) Pause Young (Mixed) (G1 Evacuation Pause)
[317.877s][info][gc,task        ] GC(712) Using 6 workers of 6 for evacuation
[317.955s][info][gc,phases      ] GC(712)   Pre Evacuate Collection Set: 0.3ms
[317.955s][info][gc,phases      ] GC(712)   Merge Heap Roots: 0.8ms
[317.955s][info][gc,phases      ] GC(712)   Evacuate Collection Set: 76.7ms
[317.955s][info][gc,phases      ] GC(712)   Post Evacuate Collection Set: 0.4ms
[317.955s][info][gc,phases      ] GC(712)   Other: 0.1ms
[317.955s][info][gc,heap        ] GC(712) Eden regions: 246->0(188)
[317.955s][info][gc,heap        ] GC(712) Survivor regions: 38->36(36)
[317.955s][info][gc,heap        ] GC(712) Old regions: 487->594
[317.955s][info][gc,heap        ] GC(712) Humongous regions: 4->4
[317.955s][info][gc,metaspace   ] GC(712) Metaspace: 16589K(16896K)->16589K(16896K) NonClass: 14263K(14400K)->14263K(14400K) Class: 2325K(2496K)->2325K(2496K)
[317.955s][info][gc             ] GC(712) Pause Young (Mixed) (G1 Evacuation Pause) 773M->632M(1024M) 78.497ms
[317.955s][info][gc,cpu         ] GC(712) User=0.39s Sys=0.02s Real=0.08s
[318.068s][info][gc,start       ] GC(713) Pause Young (Concurrent Start) (G1 Evacuation Pause)
[318.068s][info][gc,task        ] GC(713) Using 6 workers of 6 for evacuation
[318.123s][info][gc,phases      ] GC(713)   Pre Evacuate Collection Set: 0.3ms
[318.123s][info][gc,phases      ] GC(713)   Merge Heap Roots: 0.2ms
[318.123s][info][gc,phases      ] GC(713)   Evacuate Collection Set: 54.4ms
[318.123s][info][gc,phases      ] GC(713)   Post Evacuate Collection Set: 0.5ms
[318.123s][info][gc,phases      ] GC(713)   Other: 0.2ms
[318.123s][info][gc,heap        ] GC(713) Eden regions: 188->0(149)
[318.124s][info][gc,heap        ] GC(713) Survivor regions: 36->28(28)
[318.124s][info][gc,heap        ] GC(713) Old regions: 594->682
[318.124s][info][gc,heap        ] GC(713) Humongous regions: 4->4
[318.124s][info][gc,metaspace   ] GC(713) Metaspace: 16589K(16896K)->16589K(16896K) NonClass: 14263K(14400K)->14263K(14400K) Class: 2325K(2496K)->2325K(2496K)
[318.124s][info][gc             ] GC(713) Pause Young (Concurrent Start) (G1 Evacuation Pause) 820M->712M(1024M) 55.723ms
[318.124s][info][gc             ] GC(714) Concurrent Mark Cycle
[318.124s][info][gc,cpu         ] GC(713) User=0.28s Sys=0.00s Real=0.05s
[318.124s][info][gc,marking     ] GC(714) Concurrent Scan Root Regions
[318.151s][info][gc,marking     ] GC(714) Concurrent Scan Root Regions 27.060ms
[318.151s][info][gc,marking     ] GC(714) Concurrent Mark
[318.151s][info][gc,marking     ] GC(714) Concurrent Mark From Roots
[318.151s][info][gc,task        ] GC(714) Using 2 workers of 2 for marking
[318.227s][info][gc,start       ] GC(715) Pause Young (Normal) (G1 Evacuation Pause)
[318.227s][info][gc,task        ] GC(715) Using 6 workers of 6 for evacuation
[318.272s][info][gc,phases      ] GC(715)   Pre Evacuate Collection Set: 0.2ms
[318.272s][info][gc,phases      ] GC(715)   Merge Heap Roots: 0.1ms
[318.272s][info][gc,phases      ] GC(715)   Evacuate Collection Set: 44.0ms
[318.272s][info][gc,phases      ] GC(715)   Post Evacuate Collection Set: 0.3ms
[318.272s][info][gc,phases      ] GC(715)   Other: 0.1ms
[318.272s][info][gc,heap        ] GC(715) Eden regions: 149->0(117)
[318.272s][info][gc,heap        ] GC(715) Survivor regions: 28->23(23)
[318.272s][info][gc,heap        ] GC(715) Old regions: 682->752
[318.272s][info][gc,heap        ] GC(715) Humongous regions: 4->4
[318.272s][info][gc,metaspace   ] GC(715) Metaspace: 16589K(16896K)->16589K(16896K) NonClass: 14263K(14400K)->14263K(14400K) Class: 2325K(2496K)->2325K(2496K)
[318.272s][info][gc             ] GC(715) Pause Young (Normal) (G1 Evacuation Pause) 861M->777M(1024M) 44.946ms
[318.272s][info][gc,cpu         ] GC(715) User=0.14s Sys=0.00s Real=0.05s
[318.310s][info][gc,marking     ] GC(714) Concurrent Mark From Roots 159.475ms
[318.310s][info][gc,marking     ] GC(714) Concurrent Preclean
[318.310s][info][gc,marking     ] GC(714) Concurrent Preclean 0.062ms
[318.310s][info][gc,start       ] GC(714) Pause Remark
[318.312s][info][gc             ] GC(714) Pause Remark 835M->418M(1024M) 1.364ms
[318.312s][info][gc,cpu         ] GC(714) User=0.00s Sys=0.00s Real=0.00s
[318.312s][info][gc,marking     ] GC(714) Concurrent Mark 161.163ms
[318.312s][info][gc,marking     ] GC(714) Concurrent Rebuild Remembered Sets and Scrub Regions
[318.349s][info][gc,start       ] GC(716) Pause Young (Normal) (G1 Evacuation Pause)
[318.349s][info][gc,task        ] GC(716) Using 6 workers of 6 for evacuation
[318.385s][info][gc,phases      ] GC(716)   Pre Evacuate Collection Set: 0.1ms
[318.385s][info][gc,phases      ] GC(716)   Merge Heap Roots: 0.1ms
[318.385s][info][gc,phases      ] GC(716)   Evacuate Collection Set: 34.8ms
[318.385s][info][gc,phases      ] GC(716)   Post Evacuate Collection Set: 0.5ms
[318.385s][info][gc,phases      ] GC(716)   Other: 0.1ms
[318.385s][info][gc,heap        ] GC(716) Eden regions: 117->0(307)
[318.385s][info][gc,heap        ] GC(716) Survivor regions: 23->18(18)
[318.385s][info][gc,heap        ] GC(716) Old regions: 336->393
[318.385s][info][gc,heap        ] GC(716) Humongous regions: 2->2
[318.385s][info][gc,metaspace   ] GC(716) Metaspace: 16589K(16896K)->16589K(16896K) NonClass: 14263K(14400K)->14263K(14400K) Class: 2325K(2496K)->2325K(2496K)
[318.385s][info][gc             ] GC(716) Pause Young (Normal) (G1 Evacuation Pause) 477M->412M(1024M) 35.764ms
[318.385s][info][gc,cpu         ] GC(716) User=0.06s Sys=0.00s Real=0.03s
[318.549s][info][gc,marking     ] GC(714) Concurrent Rebuild Remembered Sets and Scrub Regions 237.377ms
[318.549s][info][gc,start       ] GC(714) Pause Cleanup
[318.550s][info][gc             ] GC(714) Pause Cleanup 535M->535M(1024M) 0.244ms
[318.550s][info][gc,cpu         ] GC(714) User=0.00s Sys=0.00s Real=0.00s
[318.550s][info][gc,marking     ] GC(714) Concurrent Clear Claimed Marks
[318.550s][info][gc,marking     ] GC(714) Concurrent Clear Claimed Marks 0.028ms
[318.550s][info][gc,marking     ] GC(714) Concurrent Cleanup for Next Mark
[318.552s][info][gc,marking     ] GC(714) Concurrent Cleanup for Next Mark 1.821ms
[318.552s][info][gc             ] GC(714) Concurrent Mark Cycle 428.088ms
[319.072s][info][gc,start       ] GC(717) Pause Young (Prepare Mixed) (G1 Evacuation Pause)
[319.072s][info][gc,task        ] GC(717) Using 6 workers of 6 for evacuation
[319.146s][info][gc,phases      ] GC(717)   Pre Evacuate Collection Set: 0.3ms
[319.146s][info][gc,phases      ] GC(717)   Merge Heap Roots: 1.9ms
[319.146s][info][gc,phases      ] GC(717)   Evacuate Collection Set: 70.0ms
[319.146s][info][gc,phases      ] GC(717)   Post Evacuate Collection Set: 1.0ms
[319.146s][info][gc,phases      ] GC(717)   Other: 0.1ms
[319.146s][info][gc,heap        ] GC(717) Eden regions: 307->0(278)
[319.146s][info][gc,heap        ] GC(717) Survivor regions: 18->41(41)
[319.146s][info][gc,heap        ] GC(717) Old regions: 393->437
[319.146s][info][gc,heap        ] GC(717) Humongous regions: 8->8
[319.146s][info][gc,metaspace   ] GC(717) Metaspace: 16589K(16896K)->16589K(16896K) NonClass: 14263K(14400K)->14263K(14400K) Class: 2325K(2496K)->2325K(2496K)
[319.146s][info][gc             ] GC(717) Pause Young (Prepare Mixed) (G1 Evacuation Pause) 725M->485M(1024M) 73.700ms
[319.146s][info][gc,cpu         ] GC(717) User=0.38s Sys=0.00s Real=0.06s
[319.636s][info][gc,start       ] GC(718) Pause Young (Mixed) (G1 Evacuation Pause)
[319.636s][info][gc,task        ] GC(718) Using 6 workers of 6 for evacuation
[319.666s][info][gc,phases      ] GC(718)   Pre Evacuate Collection Set: 0.2ms
[319.666s][info][gc,phases      ] GC(718)   Merge Heap Roots: 1.2ms
[319.666s][info][gc,phases      ] GC(718)   Evacuate Collection Set: 27.9ms
[319.666s][info][gc,phases      ] GC(718)   Post Evacuate Collection Set: 0.5ms
[319.666s][info][gc,phases      ] GC(718)   Other: 0.1ms
[319.666s][info][gc,heap        ] GC(718) Eden regions: 278->0(314)
[319.666s][info][gc,heap        ] GC(718) Survivor regions: 41->3(40)
[319.666s][info][gc,heap        ] GC(718) Old regions: 437->457
[319.666s][info][gc,heap        ] GC(718) Humongous regions: 8->8
[319.666s][info][gc,metaspace   ] GC(718) Metaspace: 16589K(16896K)->16589K(16896K) NonClass: 14263K(14400K)->14263K(14400K) Class: 2325K(2496K)->2325K(2496K)
[319.666s][info][gc             ] GC(718) Pause Young (Mixed) (G1 Evacuation Pause) 763M->467M(1024M) 30.188ms
[319.666s][info][gc,cpu         ] GC(718) User=0.08s Sys=0.00s Real=0.03s
[320.484s][info][gc,start       ] GC(719) Pause Full (System.gc())
[320.484s][info][gc,task        ] GC(719) Using 6 workers of 6 for full compaction
[320.484s][info][gc,phases,start] GC(719) Phase 1: Mark live objects
[320.486s][info][gc,phases      ] GC(719) Phase 1: Mark live objects 1.963ms
[320.486s][info][gc,phases,start] GC(719) Phase 2: Prepare compaction
[320.487s][info][gc,phases      ] GC(719) Phase 2: Prepare compaction 0.592ms
[320.487s][info][gc,phases,start] GC(719) Phase 3: Adjust pointers
[320.489s][info][gc,phases      ] GC(719) Phase 3: Adjust pointers 2.397ms
[320.489s][info][gc,phases,start] GC(719) Phase 4: Compact heap
[320.490s][info][gc,phases      ] GC(719) Phase 4: Compact heap 0.588ms
[320.490s][info][gc,phases,start] GC(719) Phase 5: Reset Metadata
[320.491s][info][gc,phases      ] GC(719) Phase 5: Reset Metadata 0.625ms
[320.494s][info][gc,heap        ] GC(719) Eden regions: 157->0(554)
[320.494s][info][gc,heap        ] GC(719) Survivor regions: 3->0(40)
[320.494s][info][gc,heap        ] GC(719) Old regions: 457->10
[320.494s][info][gc,heap        ] GC(719) Humongous regions: 8->2
[320.494s][info][gc,metaspace   ] GC(719) Metaspace: 16589K(16896K)->16589K(16896K) NonClass: 14264K(14400K)->14264K(14400K) Class: 2325K(2496K)->2325K(2496K)
[320.494s][info][gc             ] GC(719) Pause Full (System.gc()) 623M->5M(1024M) 10.427ms
[320.494s][info][gc,cpu         ] GC(719) User=0.02s Sys=0.00s Real=0.02s
[321.698s][info][gc,start       ] GC(720) Pause Young (Concurrent Start) (G1 Evacuation Pause)
[321.698s][info][gc,task        ] GC(720) Using 6 workers of 6 for evacuation
[321.699s][info][gc,phases      ] GC(720)   Pre Evacuate Collection Set: 0.2ms
[321.699s][info][gc,phases      ] GC(720)   Merge Heap Roots: 0.1ms
[321.699s][info][gc,phases      ] GC(720)   Evacuate Collection Set: 0.3ms
[321.699s][info][gc,phases      ] GC(720)   Post Evacuate Collection Set: 0.4ms
[321.699s][info][gc,phases      ] GC(720)   Other: 0.1ms
[321.699s][info][gc,heap        ] GC(720) Eden regions: 554->0(611)
[321.699s][info][gc,heap        ] GC(720) Survivor regions: 0->2(70)
[321.699s][info][gc,heap        ] GC(720) Old regions: 10->10
[321.699s][info][gc,heap        ] GC(720) Humongous regions: 2->2
[321.699s][info][gc,metaspace   ] GC(720) Metaspace: 16592K(16896K)->16592K(16896K) NonClass: 14266K(14400K)->14266K(14400K) Class: 2325K(2496K)->2325K(2496K)
[321.699s][info][gc             ] GC(720) Pause Young (Concurrent Start) (G1 Evacuation Pause) 559M->7M(1024M) 1.312ms
[321.699s][info][gc,cpu         ] GC(720) User=0.00s Sys=0.00s Real=0.00s
[321.699s][info][gc             ] GC(721) Concurrent Mark Cycle
[321.699s][info][gc,marking     ] GC(721) Concurrent Scan Root Regions
[321.699s][info][gc,marking     ] GC(721) Concurrent Scan Root Regions 0.168ms
[321.699s][info][gc,marking     ] GC(721) Concurrent Mark
[321.699s][info][gc,marking     ] GC(721) Concurrent Mark From Roots
[321.699s][info][gc,task        ] GC(721) Using 2 workers of 2 for marking
[321.702s][info][gc,marking     ] GC(721) Concurrent Mark From Roots 3.073ms
[321.702s][info][gc,marking     ] GC(721) Concurrent Preclean
[321.702s][info][gc,marking     ] GC(721) Concurrent Preclean 0.020ms
[321.702s][info][gc,start       ] GC(721) Pause Remark
[321.704s][info][gc             ] GC(721) Pause Remark 24M->24M(1024M) 1.153ms
[321.704s][info][gc,cpu         ] GC(721) User=0.00s Sys=0.00s Real=0.00s
[321.704s][info][gc,marking     ] GC(721) Concurrent Mark 4.511ms
[321.704s][info][gc,marking     ] GC(721) Concurrent Rebuild Remembered Sets and Scrub Regions
[321.705s][info][gc,marking     ] GC(721) Concurrent Rebuild Remembered Sets and Scrub Regions 0.999ms
[321.705s][info][gc,start       ] GC(721) Pause Cleanup
[321.705s][info][gc             ] GC(721) Pause Cleanup 29M->29M(1024M) 0.134ms
[321.705s][info][gc,cpu         ] GC(721) User=0.00s Sys=0.00s Real=0.00s
[321.705s][info][gc,marking     ] GC(721) Concurrent Clear Claimed Marks
[321.705s][info][gc,marking     ] GC(721) Concurrent Clear Claimed Marks 0.022ms
[321.705s][info][gc,marking     ] GC(721) Concurrent Cleanup for Next Mark
[321.707s][info][gc,marking     ] GC(721) Concurrent Cleanup for Next Mark 2.296ms
[321.707s][info][gc             ] GC(721) Concurrent Mark Cycle 8.497ms
[321.798s][info][gc,start       ] GC(722) Pause Young (Prepare Mixed) (G1 Evacuation Pause)
[321.799s][info][gc,task        ] GC(722) Using 6 workers of 6 for evacuation
[321.800s][info][gc,phases      ] GC(722)   Pre Evacuate Collection Set: 0.2ms
[321.800s][info][gc,phases      ] GC(722)   Merge Heap Roots: 0.1ms
[321.800s][info][gc,phases      ] GC(722)   Evacuate Collection Set: 0.4ms
[321.800s][info][gc,phases      ] GC(722)   Post Evacuate Collection Set: 0.4ms
[321.800s][info][gc,phases      ] GC(722)   Other: 0.1ms
[321.800s][info][gc,heap        ] GC(722) Eden regions: 611->0(613)
[321.800s][info][gc,heap        ] GC(722) Survivor regions: 2->1(77)
[321.800s][info][gc,heap        ] GC(722) Old regions: 10->10
[321.800s][info][gc,heap        ] GC(722) Humongous regions: 2->2
[321.800s][info][gc,metaspace   ] GC(722) Metaspace: 16592K(16896K)->16592K(16896K) NonClass: 14266K(14400K)->14266K(14400K) Class: 2325K(2496K)->2325K(2496K)
[321.800s][info][gc             ] GC(722) Pause Young (Prepare Mixed) (G1 Evacuation Pause) 618M->6M(1024M) 1.333ms
[321.800s][info][gc,cpu         ] GC(722) User=0.00s Sys=0.00s Real=0.00s
[321.898s][info][gc,start       ] GC(723) Pause Young (Mixed) (G1 Evacuation Pause)
[321.898s][info][gc,task        ] GC(723) Using 6 workers of 6 for evacuation
[321.899s][info][gc,phases      ] GC(723)   Pre Evacuate Collection Set: 0.2ms
[321.900s][info][gc,phases      ] GC(723)   Merge Heap Roots: 0.1ms
[321.900s][info][gc,phases      ] GC(723)   Evacuate Collection Set: 0.4ms
[321.900s][info][gc,phases      ] GC(723)   Post Evacuate Collection Set: 0.4ms
[321.900s][info][gc,phases      ] GC(723)   Other: 0.1ms
[321.900s][info][gc,heap        ] GC(723) Eden regions: 613->0(613)
[321.900s][info][gc,heap        ] GC(723) Survivor regions: 1->1(77)
[321.900s][info][gc,heap        ] GC(723) Old regions: 10->10
[321.900s][info][gc,heap        ] GC(723) Humongous regions: 2->2
[321.900s][info][gc,metaspace   ] GC(723) Metaspace: 16592K(16896K)->16592K(16896K) NonClass: 14266K(14400K)->14266K(14400K) Class: 2325K(2496K)->2325K(2496K)
[321.900s][info][gc             ] GC(723) Pause Young (Mixed) (G1 Evacuation Pause) 619M->6M(1024M) 1.353ms
[321.900s][info][gc,cpu         ] GC(723) User=0.00s Sys=0.00s Real=0.00s
[322.000s][info][gc,start       ] GC(724) Pause Young (Concurrent Start) (G1 Evacuation Pause)
[322.000s][info][gc,task        ] GC(724) Using 6 workers of 6 for evacuation
[322.001s][info][gc,phases      ] GC(724)   Pre Evacuate Collection Set: 0.2ms
[322.001s][info][gc,phases      ] GC(724)   Merge Heap Roots: 0.1ms
[322.001s][info][gc,phases      ] GC(724)   Evacuate Collection Set: 0.3ms
[322.001s][info][gc,phases      ] GC(724)   Post Evacuate Collection Set: 0.3ms
[322.001s][info][gc,phases      ] GC(724)   Other: 0.1ms
[322.001s][info][gc,heap        ] GC(724) Eden regions: 613->0(613)
[322.001s][info][gc,heap        ] GC(724) Survivor regions: 1->1(77)
[322.001s][info][gc,heap        ] GC(724) Old regions: 10->10
[322.001s][info][gc,heap        ] GC(724) Humongous regions: 2->2
[322.001s][info][gc,metaspace   ] GC(724) Metaspace: 16592K(16896K)->16592K(16896K) NonClass: 14266K(14400K)->14266K(14400K) Class: 2325K(2496K)->2325K(2496K)
[322.001s][info][gc             ] GC(724) Pause Young (Concurrent Start) (G1 Evacuation Pause) 619M->6M(1024M) 1.341ms
[322.001s][info][gc,cpu         ] GC(724) User=0.00s Sys=0.00s Real=0.00s
[322.001s][info][gc             ] GC(725) Concurrent Mark Cycle
[322.001s][info][gc,marking     ] GC(725) Concurrent Scan Root Regions
[322.001s][info][gc,marking     ] GC(725) Concurrent Scan Root Regions 0.255ms
[322.001s][info][gc,marking     ] GC(725) Concurrent Mark
[322.001s][info][gc,marking     ] GC(725) Concurrent Mark From Roots
[322.001s][info][gc,task        ] GC(725) Using 2 workers of 2 for marking
[322.004s][info][gc,marking     ] GC(725) Concurrent Mark From Roots 3.099ms
[322.004s][info][gc,marking     ] GC(725) Concurrent Preclean
[322.004s][info][gc,marking     ] GC(725) Concurrent Preclean 0.023ms
[322.005s][info][gc,start       ] GC(725) Pause Remark
[322.006s][info][gc             ] GC(725) Pause Remark 22M->22M(1024M) 1.070ms
[322.006s][info][gc,cpu         ] GC(725) User=0.00s Sys=0.00s Real=0.00s
[322.006s][info][gc,marking     ] GC(725) Concurrent Mark 4.448ms
[322.006s][info][gc,marking     ] GC(725) Concurrent Rebuild Remembered Sets and Scrub Regions
[322.007s][info][gc,marking     ] GC(725) Concurrent Rebuild Remembered Sets and Scrub Regions 0.996ms
[322.007s][info][gc,start       ] GC(725) Pause Cleanup
[322.007s][info][gc             ] GC(725) Pause Cleanup 28M->28M(1024M) 0.107ms
[322.007s][info][gc,cpu         ] GC(725) User=0.00s Sys=0.00s Real=0.00s
[322.007s][info][gc,marking     ] GC(725) Concurrent Clear Claimed Marks
[322.007s][info][gc,marking     ] GC(725) Concurrent Clear Claimed Marks 0.025ms
[322.007s][info][gc,marking     ] GC(725) Concurrent Cleanup for Next Mark
[322.009s][info][gc,marking     ] GC(725) Concurrent Cleanup for Next Mark 2.449ms
[322.010s][info][gc             ] GC(725) Concurrent Mark Cycle 8.668ms
[322.155s][info][gc,start       ] GC(726) Pause Young (Prepare Mixed) (G1 Evacuation Pause)
[322.155s][info][gc,task        ] GC(726) Using 6 workers of 6 for evacuation
[322.192s][info][gc,phases      ] GC(726)   Pre Evacuate Collection Set: 0.2ms
[322.192s][info][gc,phases      ] GC(726)   Merge Heap Roots: 0.1ms
[322.192s][info][gc,phases      ] GC(726)   Evacuate Collection Set: 36.5ms
[322.192s][info][gc,phases      ] GC(726)   Post Evacuate Collection Set: 0.6ms
[322.192s][info][gc,phases      ] GC(726)   Other: 0.1ms
[322.192s][info][gc,heap        ] GC(726) Eden regions: 613->0(537)
[322.192s][info][gc,heap        ] GC(726) Survivor regions: 1->77(77)
[322.192s][info][gc,heap        ] GC(726) Old regions: 10->15
[322.192s][info][gc,heap        ] GC(726) Humongous regions: 3->3
[322.192s][info][gc,metaspace   ] GC(726) Metaspace: 16592K(16896K)->16592K(16896K) NonClass: 14266K(14400K)->14266K(14400K) Class: 2325K(2496K)->2325K(2496K)
[322.192s][info][gc             ] GC(726) Pause Young (Prepare Mixed) (G1 Evacuation Pause) 620M->89M(1024M) 37.605ms
[322.192s][info][gc,cpu         ] GC(726) User=0.05s Sys=0.00s Real=0.05s
[322.662s][info][gc,start       ] GC(727) Pause Young (Mixed) (G1 Evacuation Pause)
[322.663s][info][gc,task        ] GC(727) Using 6 workers of 6 for evacuation
[322.856s][info][gc,phases      ] GC(727)   Pre Evacuate Collection Set: 0.2ms
[322.856s][info][gc,phases      ] GC(727)   Merge Heap Roots: 0.1ms
[322.856s][info][gc,phases      ] GC(727)   Evacuate Collection Set: 181.8ms
[322.856s][info][gc,phases      ] GC(727)   Post Evacuate Collection Set: 11.3ms
[322.856s][info][gc,phases      ] GC(727)   Other: 0.1ms
[322.856s][info][gc,heap        ] GC(727) Eden regions: 537->0(0)
[322.856s][info][gc,heap        ] GC(727) Survivor regions: 77->77(77)
[322.856s][info][gc,heap        ] GC(727) Old regions: 15->923
[322.856s][info][gc,heap        ] GC(727) Humongous regions: 4->4
[322.856s][info][gc,metaspace   ] GC(727) Metaspace: 16592K(16896K)->16592K(16896K) NonClass: 14266K(14400K)->14266K(14400K) Class: 2325K(2496K)->2325K(2496K)
[322.856s][info][gc             ] GC(727) Pause Young (Mixed) (G1 Evacuation Pause) (Evacuation Failure) 627M->998M(1024M) 193.762ms
[322.856s][info][gc,cpu         ] GC(727) User=1.08s Sys=0.00s Real=0.19s
[322.856s][info][gc,ergo        ] Attempting full compaction
[322.856s][info][gc,start       ] GC(728) Pause Full (G1 Compaction Pause)
[322.856s][info][gc,task        ] GC(728) Using 6 workers of 6 for full compaction
[322.856s][info][gc,phases,start] GC(728) Phase 1: Mark live objects
[322.968s][info][gc,phases      ] GC(728) Phase 1: Mark live objects 111.592ms
[322.968s][info][gc,phases,start] GC(728) Phase 2: Prepare compaction
[322.976s][info][gc,phases      ] GC(728) Phase 2: Prepare compaction 7.879ms
[322.976s][info][gc,phases,start] GC(728) Phase 3: Adjust pointers
[323.004s][info][gc,phases      ] GC(728) Phase 3: Adjust pointers 28.035ms
[323.004s][info][gc,phases,start] GC(728) Phase 4: Compact heap
[323.017s][info][gc,phases      ] GC(728) Phase 4: Compact heap 12.452ms
[323.017s][info][gc,phases,start] GC(728) Phase 5: Reset Metadata
[323.032s][info][gc,phases      ] GC(728) Phase 5: Reset Metadata 15.306ms
[323.039s][info][gc,heap        ] GC(728) Eden regions: 0->0(316)
[323.039s][info][gc,heap        ] GC(728) Survivor regions: 77->0(77)
[323.039s][info][gc,heap        ] GC(728) Old regions: 923->419
[323.039s][info][gc,heap        ] GC(728) Humongous regions: 4->4
[323.039s][info][gc,metaspace   ] GC(728) Metaspace: 16592K(16896K)->16592K(16896K) NonClass: 14266K(14400K)->14266K(14400K) Class: 2325K(2496K)->2325K(2496K)
[323.039s][info][gc             ] GC(728) Pause Full (G1 Compaction Pause) 998M->419M(1024M) 182.506ms
[323.039s][info][gc,cpu         ] GC(728) User=0.70s Sys=0.00s Real=0.19s
[325.363s][info][gc,start       ] GC(729) Pause Young (Concurrent Start) (G1 Evacuation Pause)
[325.363s][info][gc,task        ] GC(729) Using 6 workers of 6 for evacuation
[325.437s][info][gc,phases      ] GC(729)   Pre Evacuate Collection Set: 0.3ms
[325.437s][info][gc,phases      ] GC(729)   Merge Heap Roots: 1.3ms
[325.437s][info][gc,phases      ] GC(729)   Evacuate Collection Set: 72.0ms
[325.437s][info][gc,phases      ] GC(729)   Post Evacuate Collection Set: 0.7ms
[325.437s][info][gc,phases      ] GC(729)   Other: 0.2ms
[325.437s][info][gc,heap        ] GC(729) Eden regions: 316->0(245)
[325.437s][info][gc,heap        ] GC(729) Survivor regions: 0->40(40)
[325.437s][info][gc,heap        ] GC(729) Old regions: 419->492
[325.437s][info][gc,heap        ] GC(729) Humongous regions: 4->4
[325.437s][info][gc,metaspace   ] GC(729) Metaspace: 16592K(16896K)->16592K(16896K) NonClass: 14266K(14400K)->14266K(14400K) Class: 2325K(2496K)->2325K(2496K)
[325.437s][info][gc             ] GC(729) Pause Young (Concurrent Start) (G1 Evacuation Pause) 735M->532M(1024M) 74.765ms
[325.437s][info][gc             ] GC(730) Concurrent Mark Cycle
[325.437s][info][gc,cpu         ] GC(729) User=0.36s Sys=0.00s Real=0.08s
[325.437s][info][gc,marking     ] GC(730) Concurrent Scan Root Regions
[325.460s][info][gc,marking     ] GC(730) Concurrent Scan Root Regions 23.107ms
[325.461s][info][gc,marking     ] GC(730) Concurrent Mark
[325.461s][info][gc,marking     ] GC(730) Concurrent Mark From Roots
[325.461s][info][gc,task        ] GC(730) Using 2 workers of 2 for marking
[325.521s][info][gc,marking     ] GC(730) Concurrent Mark From Roots 60.596ms
[325.521s][info][gc,marking     ] GC(730) Concurrent Preclean
[325.521s][info][gc,marking     ] GC(730) Concurrent Preclean 0.056ms
[325.521s][info][gc,start       ] GC(730) Pause Remark
[325.522s][info][gc             ] GC(730) Pause Remark 669M->578M(1024M) 1.164ms
[325.523s][info][gc,cpu         ] GC(730) User=0.00s Sys=0.00s Real=0.00s
[325.523s][info][gc,marking     ] GC(730) Concurrent Mark 62.031ms
[325.523s][info][gc,marking     ] GC(730) Concurrent Rebuild Remembered Sets and Scrub Regions
[325.589s][info][gc,start       ] GC(731) Pause Young (Normal) (G1 Evacuation Pause)
[325.589s][info][gc,task        ] GC(731) Using 6 workers of 6 for evacuation
[325.664s][info][gc,phases      ] GC(731)   Pre Evacuate Collection Set: 0.2ms
[325.664s][info][gc,phases      ] GC(731)   Merge Heap Roots: 0.8ms
[325.664s][info][gc,phases      ] GC(731)   Evacuate Collection Set: 73.4ms
[325.664s][info][gc,phases      ] GC(731)   Post Evacuate Collection Set: 0.4ms
[325.664s][info][gc,phases      ] GC(731)   Other: 0.1ms
[325.664s][info][gc,heap        ] GC(731) Eden regions: 245->0(235)
[325.664s][info][gc,heap        ] GC(731) Survivor regions: 40->36(36)
[325.664s][info][gc,heap        ] GC(731) Old regions: 402->509
[325.664s][info][gc,heap        ] GC(731) Humongous regions: 3->3
[325.664s][info][gc,metaspace   ] GC(731) Metaspace: 16592K(16896K)->16592K(16896K) NonClass: 14266K(14400K)->14266K(14400K) Class: 2325K(2496K)->2325K(2496K)
[325.664s][info][gc             ] GC(731) Pause Young (Normal) (G1 Evacuation Pause) 686M->544M(1024M) 75.014ms
[325.664s][info][gc,cpu         ] GC(731) User=0.39s Sys=0.00s Real=0.08s
[325.664s][info][gc,marking     ] GC(730) Concurrent Rebuild Remembered Sets and Scrub Regions 141.584ms
[325.664s][info][gc,start       ] GC(730) Pause Cleanup
[325.665s][info][gc             ] GC(730) Pause Cleanup 545M->545M(1024M) 0.308ms
[325.665s][info][gc,cpu         ] GC(730) User=0.00s Sys=0.00s Real=0.00s
[325.665s][info][gc,marking     ] GC(730) Concurrent Clear Claimed Marks
[325.665s][info][gc,marking     ] GC(730) Concurrent Clear Claimed Marks 0.020ms
[325.665s][info][gc,marking     ] GC(730) Concurrent Cleanup for Next Mark
[325.666s][info][gc,marking     ] GC(730) Concurrent Cleanup for Next Mark 1.578ms
[325.666s][info][gc             ] GC(730) Concurrent Mark Cycle 228.837ms
[325.805s][info][gc,start       ] GC(732) Pause Young (Prepare Mixed) (G1 Evacuation Pause)
[325.805s][info][gc,task        ] GC(732) Using 6 workers of 6 for evacuation
[325.872s][info][gc,phases      ] GC(732)   Pre Evacuate Collection Set: 0.4ms
[325.872s][info][gc,phases      ] GC(732)   Merge Heap Roots: 0.2ms
[325.872s][info][gc,phases      ] GC(732)   Evacuate Collection Set: 65.5ms
[325.872s][info][gc,phases      ] GC(732)   Post Evacuate Collection Set: 0.4ms
[325.872s][info][gc,phases      ] GC(732)   Other: 0.1ms
[325.872s][info][gc,heap        ] GC(732) Eden regions: 235->0(183)
[325.872s][info][gc,heap        ] GC(732) Survivor regions: 36->34(34)
[325.872s][info][gc,heap        ] GC(732) Old regions: 509->611
[325.872s][info][gc,heap        ] GC(732) Humongous regions: 3->3
[325.872s][info][gc,metaspace   ] GC(732) Metaspace: 16592K(16896K)->16592K(16896K) NonClass: 14266K(14400K)->14266K(14400K) Class: 2325K(2496K)->2325K(2496K)
[325.872s][info][gc             ] GC(732) Pause Young (Prepare Mixed) (G1 Evacuation Pause) 779M->644M(1024M) 66.771ms
[325.872s][info][gc,cpu         ] GC(732) User=0.38s Sys=0.00s Real=0.06s
[325.986s][info][gc,start       ] GC(733) Pause Young (Mixed) (G1 Evacuation Pause)
[325.986s][info][gc,task        ] GC(733) Using 6 workers of 6 for evacuation
[326.041s][info][gc,phases      ] GC(733)   Pre Evacuate Collection Set: 0.4ms
[326.041s][info][gc,phases      ] GC(733)   Merge Heap Roots: 0.2ms
[326.041s][info][gc,phases      ] GC(733)   Evacuate Collection Set: 53.8ms
[326.041s][info][gc,phases      ] GC(733)   Post Evacuate Collection Set: 0.5ms
[326.041s][info][gc,phases      ] GC(733)   Other: 0.1ms
[326.041s][info][gc,heap        ] GC(733) Eden regions: 183->0(195)
[326.041s][info][gc,heap        ] GC(733) Survivor regions: 34->28(28)
[326.041s][info][gc,heap        ] GC(733) Old regions: 611->594
[326.041s][info][gc,heap        ] GC(733) Humongous regions: 3->3
[326.041s][info][gc,metaspace   ] GC(733) Metaspace: 16592K(16896K)->16592K(16896K) NonClass: 14266K(14400K)->14266K(14400K) Class: 2325K(2496K)->2325K(2496K)
[326.041s][info][gc             ] GC(733) Pause Young (Mixed) (G1 Evacuation Pause) 827M->624M(1024M) 55.280ms
[326.041s][info][gc,cpu         ] GC(733) User=0.30s Sys=0.00s Real=0.06s
[326.729s][info][gc,start       ] GC(734) Pause Young (Mixed) (G1 Evacuation Pause)
[326.729s][info][gc,task        ] GC(734) Using 6 workers of 6 for evacuation
[326.811s][info][gc,phases      ] GC(734)   Pre Evacuate Collection Set: 0.4ms
[326.811s][info][gc,phases      ] GC(734)   Merge Heap Roots: 2.2ms
[326.811s][info][gc,phases      ] GC(734)   Evacuate Collection Set: 77.8ms
[326.811s][info][gc,phases      ] GC(734)   Post Evacuate Collection Set: 1.0ms
[326.811s][info][gc,phases      ] GC(734)   Other: 0.1ms
[326.811s][info][gc,heap        ] GC(734) Eden regions: 195->0(205)
[326.811s][info][gc,heap        ] GC(734) Survivor regions: 28->28(28)
[326.811s][info][gc,heap        ] GC(734) Old regions: 594->566
[326.811s][info][gc,heap        ] GC(734) Humongous regions: 9->9
[326.811s][info][gc,metaspace   ] GC(734) Metaspace: 16592K(16896K)->16592K(16896K) NonClass: 14266K(14400K)->14266K(14400K) Class: 2325K(2496K)->2325K(2496K)
[326.811s][info][gc             ] GC(734) Pause Young (Mixed) (G1 Evacuation Pause) 825M->602M(1024M) 81.836ms
[326.811s][info][gc,cpu         ] GC(734) User=0.42s Sys=0.00s Real=0.08s
[327.190s][info][gc,start       ] GC(735) Pause Young (Mixed) (G1 Evacuation Pause)
[327.190s][info][gc,task        ] GC(735) Using 6 workers of 6 for evacuation
[327.222s][info][gc,phases      ] GC(735)   Pre Evacuate Collection Set: 0.2ms
[327.222s][info][gc,phases      ] GC(735)   Merge Heap Roots: 1.3ms
[327.222s][info][gc,phases      ] GC(735)   Evacuate Collection Set: 29.6ms
[327.222s][info][gc,phases      ] GC(735)   Post Evacuate Collection Set: 0.6ms
[327.222s][info][gc,phases      ] GC(735)   Other: 0.1ms
[327.222s][info][gc,heap        ] GC(735) Eden regions: 205->0(239)
[327.222s][info][gc,heap        ] GC(735) Survivor regions: 28->6(30)
[327.222s][info][gc,heap        ] GC(735) Old regions: 566->559
[327.222s][info][gc,heap        ] GC(735) Humongous regions: 9->9
[327.222s][info][gc,metaspace   ] GC(735) Metaspace: 16592K(16896K)->16592K(16896K) NonClass: 14266K(14400K)->14266K(14400K) Class: 2325K(2496K)->2325K(2496K)
[327.222s][info][gc             ] GC(735) Pause Young (Mixed) (G1 Evacuation Pause) 807M->573M(1024M) 31.967ms
[327.222s][info][gc,cpu         ] GC(735) User=0.09s Sys=0.00s Real=0.03s
[327.641s][info][gc,start       ] GC(736) Pause Young (Concurrent Start) (G1 Evacuation Pause)
[327.641s][info][gc,task        ] GC(736) Using 6 workers of 6 for evacuation
[327.648s][info][gc,phases      ] GC(736)   Pre Evacuate Collection Set: 0.3ms
[327.648s][info][gc,phases      ] GC(736)   Merge Heap Roots: 0.4ms
[327.648s][info][gc,phases      ] GC(736)   Evacuate Collection Set: 5.6ms
[327.648s][info][gc,phases      ] GC(736)   Post Evacuate Collection Set: 0.5ms
[327.648s][info][gc,phases      ] GC(736)   Other: 0.2ms
[327.648s][info][gc,heap        ] GC(736) Eden regions: 239->0(268)
[327.648s][info][gc,heap        ] GC(736) Survivor regions: 6->2(31)
[327.648s][info][gc,heap        ] GC(736) Old regions: 559->559
[327.648s][info][gc,heap        ] GC(736) Humongous regions: 9->9
[327.648s][info][gc,metaspace   ] GC(736) Metaspace: 16592K(16896K)->16592K(16896K) NonClass: 14266K(14400K)->14266K(14400K) Class: 2325K(2496K)->2325K(2496K)
[327.648s][info][gc             ] GC(736) Pause Young (Concurrent Start) (G1 Evacuation Pause) 812M->569M(1024M) 7.128ms
[327.648s][info][gc,cpu         ] GC(736) User=0.02s Sys=0.00s Real=0.01s
[327.648s][info][gc             ] GC(737) Concurrent Mark Cycle
[327.648s][info][gc,marking     ] GC(737) Concurrent Scan Root Regions
[327.649s][info][gc,marking     ] GC(737) Concurrent Scan Root Regions 1.188ms
[327.649s][info][gc,marking     ] GC(737) Concurrent Mark
[327.649s][info][gc,marking     ] GC(737) Concurrent Mark From Roots
[327.649s][info][gc,task        ] GC(737) Using 2 workers of 2 for marking
[327.877s][info][gc,marking     ] GC(737) Concurrent Mark From Roots 227.356ms
[327.877s][info][gc,marking     ] GC(737) Concurrent Preclean
[327.877s][info][gc,marking     ] GC(737) Concurrent Preclean 0.055ms
[327.877s][info][gc,start       ] GC(737) Pause Remark
[327.878s][info][gc             ] GC(737) Pause Remark 598M->477M(1024M) 1.325ms
[327.878s][info][gc,cpu         ] GC(737) User=0.00s Sys=0.00s Real=0.00s
[327.878s][info][gc,marking     ] GC(737) Concurrent Mark 228.975ms
[327.878s][info][gc,marking     ] GC(737) Concurrent Rebuild Remembered Sets and Scrub Regions
[327.946s][info][gc,marking     ] GC(737) Concurrent Rebuild Remembered Sets and Scrub Regions 68.124ms
[327.947s][info][gc,start       ] GC(737) Pause Cleanup
[327.947s][info][gc             ] GC(737) Pause Cleanup 485M->485M(1024M) 0.452ms
[327.947s][info][gc,cpu         ] GC(737) User=0.00s Sys=0.00s Real=0.00s
[327.947s][info][gc,marking     ] GC(737) Concurrent Clear Claimed Marks
[327.947s][info][gc,marking     ] GC(737) Concurrent Clear Claimed Marks 0.026ms
[327.947s][info][gc,marking     ] GC(737) Concurrent Cleanup for Next Mark
[327.949s][info][gc,marking     ] GC(737) Concurrent Cleanup for Next Mark 1.504ms
[327.949s][info][gc             ] GC(737) Concurrent Mark Cycle 300.572ms
[328.379s][info][gc,start       ] GC(738) Pause Full (System.gc())
[328.379s][info][gc,task        ] GC(738) Using 6 workers of 6 for full compaction
[328.379s][info][gc,phases,start] GC(738) Phase 1: Mark live objects
[328.382s][info][gc,phases      ] GC(738) Phase 1: Mark live objects 2.242ms
[328.382s][info][gc,phases,start] GC(738) Phase 2: Prepare compaction
[328.382s][info][gc,phases      ] GC(738) Phase 2: Prepare compaction 0.581ms
[328.382s][info][gc,phases,start] GC(738) Phase 3: Adjust pointers
[328.385s][info][gc,phases      ] GC(738) Phase 3: Adjust pointers 2.298ms
[328.385s][info][gc,phases,start] GC(738) Phase 4: Compact heap
[328.385s][info][gc,phases      ] GC(738) Phase 4: Compact heap 0.507ms
[328.385s][info][gc,phases,start] GC(738) Phase 5: Reset Metadata
[328.386s][info][gc,phases      ] GC(738) Phase 5: Reset Metadata 0.768ms
[328.390s][info][gc,heap        ] GC(738) Eden regions: 98->0(614)
[328.390s][info][gc,heap        ] GC(738) Survivor regions: 2->0(31)
[328.390s][info][gc,heap        ] GC(738) Old regions: 442->9
[328.390s][info][gc,heap        ] GC(738) Humongous regions: 5->2
[328.390s][info][gc,metaspace   ] GC(738) Metaspace: 16592K(16896K)->16592K(16896K) NonClass: 14266K(14400K)->14266K(14400K) Class: 2325K(2496K)->2325K(2496K)
[328.390s][info][gc             ] GC(738) Pause Full (System.gc()) 546M->5M(1024M) 10.670ms
[328.390s][info][gc,cpu         ] GC(738) User=0.02s Sys=0.00s Real=0.02s
[329.657s][info][gc,start       ] GC(739) Pause Young (Concurrent Start) (G1 Evacuation Pause)
[329.657s][info][gc,task        ] GC(739) Using 6 workers of 6 for evacuation
[329.658s][info][gc,phases      ] GC(739)   Pre Evacuate Collection Set: 0.3ms
[329.658s][info][gc,phases      ] GC(739)   Merge Heap Roots: 0.1ms
[329.658s][info][gc,phases      ] GC(739)   Evacuate Collection Set: 0.4ms
[329.658s][info][gc,phases      ] GC(739)   Post Evacuate Collection Set: 0.4ms
[329.658s][info][gc,phases      ] GC(739)   Other: 0.1ms
[329.658s][info][gc,heap        ] GC(739) Eden regions: 614->0(613)
[329.658s][info][gc,heap        ] GC(739) Survivor regions: 0->1(77)
[329.658s][info][gc,heap        ] GC(739) Old regions: 9->9
[329.658s][info][gc,heap        ] GC(739) Humongous regions: 2->2
[329.658s][info][gc,metaspace   ] GC(739) Metaspace: 16592K(16896K)->16592K(16896K) NonClass: 14266K(14400K)->14266K(14400K) Class: 2325K(2496K)->2325K(2496K)
[329.658s][info][gc             ] GC(739) Pause Young (Concurrent Start) (G1 Evacuation Pause) 619M->6M(1024M) 1.468ms
[329.659s][info][gc,cpu         ] GC(739) User=0.00s Sys=0.00s Real=0.00s
[329.659s][info][gc             ] GC(740) Concurrent Mark Cycle
[329.659s][info][gc,marking     ] GC(740) Concurrent Scan Root Regions
[329.659s][info][gc,marking     ] GC(740) Concurrent Scan Root Regions 0.276ms
[329.659s][info][gc,marking     ] GC(740) Concurrent Mark
[329.659s][info][gc,marking     ] GC(740) Concurrent Mark From Roots
[329.659s][info][gc,task        ] GC(740) Using 2 workers of 2 for marking
[329.662s][info][gc,marking     ] GC(740) Concurrent Mark From Roots 3.176ms
[329.662s][info][gc,marking     ] GC(740) Concurrent Preclean
[329.662s][info][gc,marking     ] GC(740) Concurrent Preclean 0.019ms
[329.662s][info][gc,start       ] GC(740) Pause Remark
[329.663s][info][gc             ] GC(740) Pause Remark 25M->25M(1024M) 1.051ms
[329.663s][info][gc,cpu         ] GC(740) User=0.00s Sys=0.00s Real=0.02s
[329.663s][info][gc,marking     ] GC(740) Concurrent Mark 4.516ms
[329.663s][info][gc,marking     ] GC(740) Concurrent Rebuild Remembered Sets and Scrub Regions
[329.664s][info][gc,marking     ] GC(740) Concurrent Rebuild Remembered Sets and Scrub Regions 0.989ms
[329.665s][info][gc,start       ] GC(740) Pause Cleanup
[329.665s][info][gc             ] GC(740) Pause Cleanup 30M->30M(1024M) 0.098ms
[329.665s][info][gc,cpu         ] GC(740) User=0.00s Sys=0.00s Real=0.00s
[329.665s][info][gc,marking     ] GC(740) Concurrent Clear Claimed Marks
[329.665s][info][gc,marking     ] GC(740) Concurrent Clear Claimed Marks 0.030ms
[329.665s][info][gc,marking     ] GC(740) Concurrent Cleanup for Next Mark
[329.667s][info][gc,marking     ] GC(740) Concurrent Cleanup for Next Mark 2.473ms
[329.667s][info][gc             ] GC(740) Concurrent Mark Cycle 8.772ms
[329.756s][info][gc,start       ] GC(741) Pause Young (Prepare Mixed) (G1 Evacuation Pause)
[329.756s][info][gc,task        ] GC(741) Using 6 workers of 6 for evacuation
[329.757s][info][gc,phases      ] GC(741)   Pre Evacuate Collection Set: 0.2ms
[329.757s][info][gc,phases      ] GC(741)   Merge Heap Roots: 0.1ms
[329.757s][info][gc,phases      ] GC(741)   Evacuate Collection Set: 0.3ms
[329.757s][info][gc,phases      ] GC(741)   Post Evacuate Collection Set: 0.4ms
[329.757s][info][gc,phases      ] GC(741)   Other: 0.1ms
[329.757s][info][gc,heap        ] GC(741) Eden regions: 613->0(613)
[329.757s][info][gc,heap        ] GC(741) Survivor regions: 1->1(77)
[329.757s][info][gc,heap        ] GC(741) Old regions: 9->9
[329.757s][info][gc,heap        ] GC(741) Humongous regions: 2->2
[329.757s][info][gc,metaspace   ] GC(741) Metaspace: 16592K(16896K)->16592K(16896K) NonClass: 14266K(14400K)->14266K(14400K) Class: 2325K(2496K)->2325K(2496K)
[329.757s][info][gc             ] GC(741) Pause Young (Prepare Mixed) (G1 Evacuation Pause) 619M->6M(1024M) 1.273ms
[329.757s][info][gc,cpu         ] GC(741) User=0.00s Sys=0.00s Real=0.00s
[329.850s][info][gc,start       ] GC(742) Pause Young (Mixed) (G1 Evacuation Pause)
[329.851s][info][gc,task        ] GC(742) Using 6 workers of 6 for evacuation
[329.852s][info][gc,phases      ] GC(742)   Pre Evacuate Collection Set: 0.2ms
[329.852s][info][gc,phases      ] GC(742)   Merge Heap Roots: 0.1ms
[329.852s][info][gc,phases      ] GC(742)   Evacuate Collection Set: 0.3ms
[329.852s][info][gc,phases      ] GC(742)   Post Evacuate Collection Set: 0.4ms
[329.852s][info][gc,phases      ] GC(742)   Other: 0.1ms
[329.852s][info][gc,heap        ] GC(742) Eden regions: 613->0(613)
[329.852s][info][gc,heap        ] GC(742) Survivor regions: 1->1(77)
[329.852s][info][gc,heap        ] GC(742) Old regions: 9->8
[329.852s][info][gc,heap        ] GC(742) Humongous regions: 2->2
[329.852s][info][gc,metaspace   ] GC(742) Metaspace: 16592K(16896K)->16592K(16896K) NonClass: 14266K(14400K)->14266K(14400K) Class: 2325K(2496K)->2325K(2496K)
[329.852s][info][gc             ] GC(742) Pause Young (Mixed) (G1 Evacuation Pause) 619M->6M(1024M) 1.254ms
[329.852s][info][gc,cpu         ] GC(742) User=0.00s Sys=0.00s Real=0.02s
[329.954s][info][gc,start       ] GC(743) Pause Young (Concurrent Start) (G1 Evacuation Pause)
[329.955s][info][gc,task        ] GC(743) Using 6 workers of 6 for evacuation
[329.956s][info][gc,phases      ] GC(743)   Pre Evacuate Collection Set: 0.2ms
[329.956s][info][gc,phases      ] GC(743)   Merge Heap Roots: 0.1ms
[329.956s][info][gc,phases      ] GC(743)   Evacuate Collection Set: 0.3ms
[329.956s][info][gc,phases      ] GC(743)   Post Evacuate Collection Set: 0.4ms
[329.956s][info][gc,phases      ] GC(743)   Other: 0.1ms
[329.956s][info][gc,heap        ] GC(743) Eden regions: 613->0(613)
[329.956s][info][gc,heap        ] GC(743) Survivor regions: 1->1(77)
[329.956s][info][gc,heap        ] GC(743) Old regions: 8->8
[329.956s][info][gc,heap        ] GC(743) Humongous regions: 2->2
[329.956s][info][gc,metaspace   ] GC(743) Metaspace: 16592K(16896K)->16592K(16896K) NonClass: 14266K(14400K)->14266K(14400K) Class: 2325K(2496K)->2325K(2496K)
[329.956s][info][gc             ] GC(743) Pause Young (Concurrent Start) (G1 Evacuation Pause) 619M->6M(1024M) 1.426ms
[329.956s][info][gc,cpu         ] GC(743) User=0.00s Sys=0.00s Real=0.00s
[329.956s][info][gc             ] GC(744) Concurrent Mark Cycle
[329.956s][info][gc,marking     ] GC(744) Concurrent Scan Root Regions
[329.956s][info][gc,marking     ] GC(744) Concurrent Scan Root Regions 0.292ms
[329.956s][info][gc,marking     ] GC(744) Concurrent Mark
[329.956s][info][gc,marking     ] GC(744) Concurrent Mark From Roots
[329.956s][info][gc,task        ] GC(744) Using 2 workers of 2 for marking
[329.959s][info][gc,marking     ] GC(744) Concurrent Mark From Roots 3.165ms
[329.959s][info][gc,marking     ] GC(744) Concurrent Preclean
[329.959s][info][gc,marking     ] GC(744) Concurrent Preclean 0.022ms
[329.960s][info][gc,start       ] GC(744) Pause Remark
[329.961s][info][gc             ] GC(744) Pause Remark 22M->22M(1024M) 1.125ms
[329.961s][info][gc,cpu         ] GC(744) User=0.00s Sys=0.00s Real=0.00s
[329.961s][info][gc,marking     ] GC(744) Concurrent Mark 4.607ms
[329.961s][info][gc,marking     ] GC(744) Concurrent Rebuild Remembered Sets and Scrub Regions
[329.962s][info][gc,marking     ] GC(744) Concurrent Rebuild Remembered Sets and Scrub Regions 1.001ms
[329.962s][info][gc,start       ] GC(744) Pause Cleanup
[329.962s][info][gc             ] GC(744) Pause Cleanup 28M->28M(1024M) 0.169ms
[329.962s][info][gc,cpu         ] GC(744) User=0.00s Sys=0.00s Real=0.00s
[329.962s][info][gc,marking     ] GC(744) Concurrent Clear Claimed Marks
[329.962s][info][gc,marking     ] GC(744) Concurrent Clear Claimed Marks 0.022ms
[329.962s][info][gc,marking     ] GC(744) Concurrent Cleanup for Next Mark
[329.965s][info][gc,marking     ] GC(744) Concurrent Cleanup for Next Mark 2.440ms
[329.965s][info][gc             ] GC(744) Concurrent Mark Cycle 8.978ms
[330.149s][info][gc,start       ] GC(745) Pause Young (Prepare Mixed) (G1 Evacuation Pause)
[330.149s][info][gc,task        ] GC(745) Using 6 workers of 6 for evacuation
[330.208s][info][gc,phases      ] GC(745)   Pre Evacuate Collection Set: 0.2ms
[330.208s][info][gc,phases      ] GC(745)   Merge Heap Roots: 0.1ms
[330.208s][info][gc,phases      ] GC(745)   Evacuate Collection Set: 57.9ms
[330.208s][info][gc,phases      ] GC(745)   Post Evacuate Collection Set: 0.6ms
[330.208s][info][gc,phases      ] GC(745)   Other: 0.1ms
[330.208s][info][gc,heap        ] GC(745) Eden regions: 613->0(537)
[330.208s][info][gc,heap        ] GC(745) Survivor regions: 1->77(77)
[330.208s][info][gc,heap        ] GC(745) Old regions: 8->60
[330.208s][info][gc,heap        ] GC(745) Humongous regions: 3->3
[330.208s][info][gc,metaspace   ] GC(745) Metaspace: 16592K(16896K)->16592K(16896K) NonClass: 14266K(14400K)->14266K(14400K) Class: 2325K(2496K)->2325K(2496K)
[330.208s][info][gc             ] GC(745) Pause Young (Prepare Mixed) (G1 Evacuation Pause) 620M->135M(1024M) 59.018ms
[330.208s][info][gc,cpu         ] GC(745) User=0.36s Sys=0.00s Real=0.06s
[333.416s][info][gc,start       ] GC(746) Pause Young (Mixed) (G1 Evacuation Pause)
[333.416s][info][gc,task        ] GC(746) Using 6 workers of 6 for evacuation
[333.567s][info][gc,phases      ] GC(746)   Pre Evacuate Collection Set: 0.2ms
[333.567s][info][gc,phases      ] GC(746)   Merge Heap Roots: 0.5ms
[333.567s][info][gc,phases      ] GC(746)   Evacuate Collection Set: 149.3ms
[333.567s][info][gc,phases      ] GC(746)   Post Evacuate Collection Set: 1.1ms
[333.567s][info][gc,phases      ] GC(746)   Other: 0.1ms
[333.567s][info][gc,heap        ] GC(746) Eden regions: 537->0(325)
[333.567s][info][gc,heap        ] GC(746) Survivor regions: 77->77(77)
[333.567s][info][gc,heap        ] GC(746) Old regions: 60->340
[333.567s][info][gc,heap        ] GC(746) Humongous regions: 4->4
[333.567s][info][gc,metaspace   ] GC(746) Metaspace: 16592K(16896K)->16592K(16896K) NonClass: 14266K(14400K)->14266K(14400K) Class: 2325K(2496K)->2325K(2496K)
[333.567s][info][gc             ] GC(746) Pause Young (Mixed) (G1 Evacuation Pause) (Evacuation Failure) 673M->417M(1024M) 151.495ms
[333.567s][info][gc,cpu         ] GC(746) User=0.77s Sys=0.00s Real=0.16s
[333.746s][info][gc,start       ] GC(747) Pause Young (Concurrent Start) (G1 Evacuation Pause)
[333.746s][info][gc,task        ] GC(747) Using 6 workers of 6 for evacuation
[333.857s][info][gc,phases      ] GC(747)   Pre Evacuate Collection Set: 0.3ms
[333.857s][info][gc,phases      ] GC(747)   Merge Heap Roots: 1.1ms
[333.857s][info][gc,phases      ] GC(747)   Evacuate Collection Set: 108.5ms
[333.857s][info][gc,phases      ] GC(747)   Post Evacuate Collection Set: 0.9ms
[333.857s][info][gc,phases      ] GC(747)   Other: 0.2ms
[333.857s][info][gc,heap        ] GC(747) Eden regions: 325->0(235)
[333.857s][info][gc,heap        ] GC(747) Survivor regions: 77->51(51)
[333.857s][info][gc,heap        ] GC(747) Old regions: 340->506
[333.857s][info][gc,heap        ] GC(747) Humongous regions: 4->4
[333.857s][info][gc,metaspace   ] GC(747) Metaspace: 16592K(16896K)->16592K(16896K) NonClass: 14266K(14400K)->14266K(14400K) Class: 2325K(2496K)->2325K(2496K)
[333.857s][info][gc             ] GC(747) Pause Young (Concurrent Start) (G1 Evacuation Pause) 742M->557M(1024M) 111.212ms
[333.857s][info][gc             ] GC(748) Concurrent Mark Cycle
[333.857s][info][gc,cpu         ] GC(747) User=0.56s Sys=0.02s Real=0.12s
[333.857s][info][gc,marking     ] GC(748) Concurrent Scan Root Regions
[333.898s][info][gc,marking     ] GC(748) Concurrent Scan Root Regions 40.660ms
[333.898s][info][gc,marking     ] GC(748) Concurrent Mark
[333.898s][info][gc,marking     ] GC(748) Concurrent Mark From Roots
[333.898s][info][gc,task        ] GC(748) Using 2 workers of 2 for marking
[333.909s][info][gc,marking     ] GC(748) Concurrent Mark From Roots 10.865ms
[333.909s][info][gc,marking     ] GC(748) Concurrent Preclean
[333.909s][info][gc,marking     ] GC(748) Concurrent Preclean 0.054ms
[333.909s][info][gc,start       ] GC(748) Pause Remark
[333.910s][info][gc             ] GC(748) Pause Remark 636M->427M(1024M) 1.243ms
[333.910s][info][gc,cpu         ] GC(748) User=0.00s Sys=0.00s Real=0.00s
[333.911s][info][gc,marking     ] GC(748) Concurrent Mark 12.394ms
[333.911s][info][gc,marking     ] GC(748) Concurrent Rebuild Remembered Sets and Scrub Regions
[333.960s][info][gc,marking     ] GC(748) Concurrent Rebuild Remembered Sets and Scrub Regions 49.762ms
[333.960s][info][gc,start       ] GC(748) Pause Cleanup
[333.961s][info][gc             ] GC(748) Pause Cleanup 511M->511M(1024M) 0.249ms
[333.961s][info][gc,cpu         ] GC(748) User=0.00s Sys=0.00s Real=0.00s
[333.961s][info][gc,marking     ] GC(748) Concurrent Clear Claimed Marks
[333.961s][info][gc,marking     ] GC(748) Concurrent Clear Claimed Marks 0.048ms
[333.961s][info][gc,marking     ] GC(748) Concurrent Cleanup for Next Mark
[333.962s][info][gc,marking     ] GC(748) Concurrent Cleanup for Next Mark 1.605ms
[333.962s][info][gc             ] GC(748) Concurrent Mark Cycle 105.126ms
[334.004s][info][gc,start       ] GC(749) Pause Young (Prepare Mixed) (G1 Evacuation Pause)
[334.004s][info][gc,task        ] GC(749) Using 6 workers of 6 for evacuation
[334.081s][info][gc,phases      ] GC(749)   Pre Evacuate Collection Set: 0.3ms
[334.081s][info][gc,phases      ] GC(749)   Merge Heap Roots: 0.9ms
[334.081s][info][gc,phases      ] GC(749)   Evacuate Collection Set: 75.6ms
[334.081s][info][gc,phases      ] GC(749)   Post Evacuate Collection Set: 0.4ms
[334.081s][info][gc,phases      ] GC(749)   Other: 0.1ms
[334.081s][info][gc,heap        ] GC(749) Eden regions: 235->0(286)
[334.081s][info][gc,heap        ] GC(749) Survivor regions: 51->36(36)
[334.081s][info][gc,heap        ] GC(749) Old regions: 298->414
[334.081s][info][gc,heap        ] GC(749) Humongous regions: 3->3
[334.081s][info][gc,metaspace   ] GC(749) Metaspace: 16592K(16896K)->16592K(16896K) NonClass: 14266K(14400K)->14266K(14400K) Class: 2325K(2496K)->2325K(2496K)
[334.081s][info][gc             ] GC(749) Pause Young (Prepare Mixed) (G1 Evacuation Pause) 583M->449M(1024M) 77.557ms
[334.081s][info][gc,cpu         ] GC(749) User=0.39s Sys=0.00s Real=0.08s
[334.254s][info][gc,start       ] GC(750) Pause Young (Mixed) (G1 Evacuation Pause)
[334.254s][info][gc,task        ] GC(750) Using 6 workers of 6 for evacuation
[334.330s][info][gc,phases      ] GC(750)   Pre Evacuate Collection Set: 0.4ms
[334.330s][info][gc,phases      ] GC(750)   Merge Heap Roots: 0.2ms
[334.330s][info][gc,phases      ] GC(750)   Evacuate Collection Set: 74.4ms
[334.330s][info][gc,phases      ] GC(750)   Post Evacuate Collection Set: 0.5ms
[334.330s][info][gc,phases      ] GC(750)   Other: 0.1ms
[334.330s][info][gc,heap        ] GC(750) Eden regions: 286->0(257)
[334.330s][info][gc,heap        ] GC(750) Survivor regions: 36->41(41)
[334.330s][info][gc,heap        ] GC(750) Old regions: 414->460
[334.330s][info][gc,heap        ] GC(750) Humongous regions: 3->3
[334.330s][info][gc,metaspace   ] GC(750) Metaspace: 16592K(16896K)->16592K(16896K) NonClass: 14266K(14400K)->14266K(14400K) Class: 2325K(2496K)->2325K(2496K)
[334.330s][info][gc             ] GC(750) Pause Young (Mixed) (G1 Evacuation Pause) 735M->502M(1024M) 75.867ms
[334.330s][info][gc,cpu         ] GC(750) User=0.39s Sys=0.00s Real=0.08s
[334.415s][info][gc,start       ] GC(751) Pause Young (Concurrent Start) (G1 Humongous Allocation)
[334.415s][info][gc,task        ] GC(751) Using 6 workers of 6 for evacuation
[334.464s][info][gc,phases      ] GC(751)   Pre Evacuate Collection Set: 0.4ms
[334.464s][info][gc,phases      ] GC(751)   Merge Heap Roots: 0.2ms
[334.464s][info][gc,phases      ] GC(751)   Evacuate Collection Set: 47.5ms
[334.464s][info][gc,phases      ] GC(751)   Post Evacuate Collection Set: 0.4ms
[334.464s][info][gc,phases      ] GC(751)   Other: 0.2ms
[334.464s][info][gc,heap        ] GC(751) Eden regions: 140->0(226)
[334.464s][info][gc,heap        ] GC(751) Survivor regions: 41->38(38)
[334.464s][info][gc,heap        ] GC(751) Old regions: 460->524
[334.464s][info][gc,heap        ] GC(751) Humongous regions: 3->3
[334.464s][info][gc,metaspace   ] GC(751) Metaspace: 16592K(16896K)->16592K(16896K) NonClass: 14266K(14400K)->14266K(14400K) Class: 2325K(2496K)->2325K(2496K)
[334.464s][info][gc             ] GC(751) Pause Young (Concurrent Start) (G1 Humongous Allocation) 641M->563M(1024M) 48.832ms
[334.464s][info][gc             ] GC(752) Concurrent Mark Cycle
[334.464s][info][gc,cpu         ] GC(751) User=0.23s Sys=0.00s Real=0.05s
[334.464s][info][gc,marking     ] GC(752) Concurrent Scan Root Regions
[334.493s][info][gc,marking     ] GC(752) Concurrent Scan Root Regions 28.685ms
[334.493s][info][gc,marking     ] GC(752) Concurrent Mark
[334.493s][info][gc,marking     ] GC(752) Concurrent Mark From Roots
[334.493s][info][gc,task        ] GC(752) Using 2 workers of 2 for marking
[334.740s][info][gc,marking     ] GC(752) Concurrent Mark From Roots 247.035ms
[334.740s][info][gc,marking     ] GC(752) Concurrent Preclean
[334.740s][info][gc,marking     ] GC(752) Concurrent Preclean 0.063ms
[334.740s][info][gc,start       ] GC(752) Pause Remark
[334.741s][info][gc             ] GC(752) Pause Remark 640M->527M(1024M) 1.206ms
[334.741s][info][gc,cpu         ] GC(752) User=0.00s Sys=0.00s Real=0.00s
[334.742s][info][gc,marking     ] GC(752) Concurrent Mark 248.577ms
[334.742s][info][gc,marking     ] GC(752) Concurrent Rebuild Remembered Sets and Scrub Regions
[334.981s][info][gc,marking     ] GC(752) Concurrent Rebuild Remembered Sets and Scrub Regions 239.063ms
[334.981s][info][gc,start       ] GC(752) Pause Cleanup
[334.981s][info][gc             ] GC(752) Pause Cleanup 633M->633M(1024M) 0.304ms
[334.981s][info][gc,cpu         ] GC(752) User=0.00s Sys=0.00s Real=0.00s
[334.981s][info][gc,marking     ] GC(752) Concurrent Clear Claimed Marks
[334.981s][info][gc,marking     ] GC(752) Concurrent Clear Claimed Marks 0.027ms
[334.981s][info][gc,marking     ] GC(752) Concurrent Cleanup for Next Mark
[334.983s][info][gc,marking     ] GC(752) Concurrent Cleanup for Next Mark 1.537ms
[334.983s][info][gc             ] GC(752) Concurrent Mark Cycle 518.650ms
[335.072s][info][gc,start       ] GC(753) Pause Young (Prepare Mixed) (G1 Evacuation Pause)
[335.072s][info][gc,task        ] GC(753) Using 6 workers of 6 for evacuation
[335.138s][info][gc,phases      ] GC(753)   Pre Evacuate Collection Set: 0.7ms
[335.138s][info][gc,phases      ] GC(753)   Merge Heap Roots: 2.3ms
[335.138s][info][gc,phases      ] GC(753)   Evacuate Collection Set: 62.2ms
[335.138s][info][gc,phases      ] GC(753)   Post Evacuate Collection Set: 1.2ms
[335.138s][info][gc,phases      ] GC(753)   Other: 0.1ms
[335.138s][info][gc,heap        ] GC(753) Eden regions: 226->0(279)
[335.138s][info][gc,heap        ] GC(753) Survivor regions: 38->33(33)
[335.138s][info][gc,heap        ] GC(753) Old regions: 412->451
[335.139s][info][gc,heap        ] GC(753) Humongous regions: 8->8
[335.139s][info][gc,metaspace   ] GC(753) Metaspace: 16592K(16896K)->16592K(16896K) NonClass: 14266K(14400K)->14266K(14400K) Class: 2325K(2496K)->2325K(2496K)
[335.139s][info][gc             ] GC(753) Pause Young (Prepare Mixed) (G1 Evacuation Pause) 682M->490M(1024M) 66.756ms
[335.139s][info][gc,cpu         ] GC(753) User=0.30s Sys=0.00s Real=0.06s
[335.636s][info][gc,start       ] GC(754) Pause Young (Mixed) (G1 Evacuation Pause)
[335.636s][info][gc,task        ] GC(754) Using 6 workers of 6 for evacuation
[335.662s][info][gc,phases      ] GC(754)   Pre Evacuate Collection Set: 0.4ms
[335.662s][info][gc,phases      ] GC(754)   Merge Heap Roots: 1.1ms
[335.662s][info][gc,phases      ] GC(754)   Evacuate Collection Set: 23.9ms
[335.662s][info][gc,phases      ] GC(754)   Post Evacuate Collection Set: 0.5ms
[335.662s][info][gc,phases      ] GC(754)   Other: 0.1ms
[335.662s][info][gc,heap        ] GC(754) Eden regions: 279->0(322)
[335.662s][info][gc,heap        ] GC(754) Survivor regions: 33->3(39)
[335.662s][info][gc,heap        ] GC(754) Old regions: 451->456
[335.662s][info][gc,heap        ] GC(754) Humongous regions: 8->8
[335.662s][info][gc,metaspace   ] GC(754) Metaspace: 16592K(16896K)->16592K(16896K) NonClass: 14266K(14400K)->14266K(14400K) Class: 2325K(2496K)->2325K(2496K)
[335.662s][info][gc             ] GC(754) Pause Young (Mixed) (G1 Evacuation Pause) 769M->465M(1024M) 26.358ms
[335.663s][info][gc,cpu         ] GC(754) User=0.08s Sys=0.00s Real=0.01s
[336.484s][info][gc,start       ] GC(755) Pause Full (System.gc())
[336.484s][info][gc,task        ] GC(755) Using 6 workers of 6 for full compaction
[336.484s][info][gc,phases,start] GC(755) Phase 1: Mark live objects
[336.487s][info][gc,phases      ] GC(755) Phase 1: Mark live objects 2.616ms
[336.487s][info][gc,phases,start] GC(755) Phase 2: Prepare compaction
[336.487s][info][gc,phases      ] GC(755) Phase 2: Prepare compaction 0.593ms
[336.487s][info][gc,phases,start] GC(755) Phase 3: Adjust pointers
[336.489s][info][gc,phases      ] GC(755) Phase 3: Adjust pointers 2.083ms
[336.489s][info][gc,phases,start] GC(755) Phase 4: Compact heap
[336.490s][info][gc,phases      ] GC(755) Phase 4: Compact heap 0.652ms
[336.490s][info][gc,phases,start] GC(755) Phase 5: Reset Metadata
[336.491s][info][gc,phases      ] GC(755) Phase 5: Reset Metadata 0.866ms
[336.494s][info][gc,heap        ] GC(755) Eden regions: 156->0(580)
[336.494s][info][gc,heap        ] GC(755) Survivor regions: 3->0(39)
[336.494s][info][gc,heap        ] GC(755) Old regions: 456->8
[336.494s][info][gc,heap        ] GC(755) Humongous regions: 8->2
[336.494s][info][gc,metaspace   ] GC(755) Metaspace: 16592K(16896K)->16592K(16896K) NonClass: 14266K(14400K)->14266K(14400K) Class: 2325K(2496K)->2325K(2496K)
[336.494s][info][gc             ] GC(755) Pause Full (System.gc()) 620M->5M(1024M) 10.773ms
[336.494s][info][gc,cpu         ] GC(755) User=0.00s Sys=0.00s Real=0.00s
[337.633s][info][gc,start       ] GC(756) Pause Young (Concurrent Start) (G1 Evacuation Pause)
[337.633s][info][gc,task        ] GC(756) Using 6 workers of 6 for evacuation
[337.635s][info][gc,phases      ] GC(756)   Pre Evacuate Collection Set: 0.3ms
[337.635s][info][gc,phases      ] GC(756)   Merge Heap Roots: 0.1ms
[337.635s][info][gc,phases      ] GC(756)   Evacuate Collection Set: 0.4ms
[337.635s][info][gc,phases      ] GC(756)   Post Evacuate Collection Set: 0.6ms
[337.635s][info][gc,phases      ] GC(756)   Other: 0.1ms
[337.635s][info][gc,heap        ] GC(756) Eden regions: 580->0(612)
[337.635s][info][gc,heap        ] GC(756) Survivor regions: 0->2(73)
[337.635s][info][gc,heap        ] GC(756) Old regions: 8->8
[337.635s][info][gc,heap        ] GC(756) Humongous regions: 2->2
[337.635s][info][gc,metaspace   ] GC(756) Metaspace: 16601K(16960K)->16601K(16960K) NonClass: 14275K(14464K)->14275K(14464K) Class: 2325K(2496K)->2325K(2496K)
[337.635s][info][gc             ] GC(756) Pause Young (Concurrent Start) (G1 Evacuation Pause) 585M->7M(1024M) 1.573ms
[337.635s][info][gc             ] GC(757) Concurrent Mark Cycle
[337.635s][info][gc,cpu         ] GC(756) User=0.02s Sys=0.00s Real=0.02s
[337.635s][info][gc,marking     ] GC(757) Concurrent Scan Root Regions
[337.635s][info][gc,marking     ] GC(757) Concurrent Scan Root Regions 0.175ms
[337.635s][info][gc,marking     ] GC(757) Concurrent Mark
[337.635s][info][gc,marking     ] GC(757) Concurrent Mark From Roots
[337.635s][info][gc,task        ] GC(757) Using 2 workers of 2 for marking
[337.638s][info][gc,marking     ] GC(757) Concurrent Mark From Roots 3.011ms
[337.638s][info][gc,marking     ] GC(757) Concurrent Preclean
[337.638s][info][gc,marking     ] GC(757) Concurrent Preclean 0.028ms
[337.638s][info][gc,start       ] GC(757) Pause Remark
[337.639s][info][gc             ] GC(757) Pause Remark 20M->20M(1024M) 1.054ms
[337.639s][info][gc,cpu         ] GC(757) User=0.00s Sys=0.00s Real=0.00s
[337.639s][info][gc,marking     ] GC(757) Concurrent Mark 4.343ms
[337.639s][info][gc,marking     ] GC(757) Concurrent Rebuild Remembered Sets and Scrub Regions
[337.640s][info][gc,marking     ] GC(757) Concurrent Rebuild Remembered Sets and Scrub Regions 0.996ms
[337.641s][info][gc,start       ] GC(757) Pause Cleanup
[337.641s][info][gc             ] GC(757) Pause Cleanup 25M->25M(1024M) 0.136ms
[337.641s][info][gc,cpu         ] GC(757) User=0.00s Sys=0.00s Real=0.00s
[337.641s][info][gc,marking     ] GC(757) Concurrent Clear Claimed Marks
[337.641s][info][gc,marking     ] GC(757) Concurrent Clear Claimed Marks 0.022ms
[337.641s][info][gc,marking     ] GC(757) Concurrent Cleanup for Next Mark
[337.643s][info][gc,marking     ] GC(757) Concurrent Cleanup for Next Mark 2.453ms
[337.643s][info][gc             ] GC(757) Concurrent Mark Cycle 8.510ms
[337.733s][info][gc,start       ] GC(758) Pause Young (Prepare Mixed) (G1 Evacuation Pause)
[337.733s][info][gc,task        ] GC(758) Using 6 workers of 6 for evacuation
[337.734s][info][gc,phases      ] GC(758)   Pre Evacuate Collection Set: 0.2ms
[337.734s][info][gc,phases      ] GC(758)   Merge Heap Roots: 0.1ms
[337.734s][info][gc,phases      ] GC(758)   Evacuate Collection Set: 0.4ms
[337.734s][info][gc,phases      ] GC(758)   Post Evacuate Collection Set: 0.4ms
[337.734s][info][gc,phases      ] GC(758)   Other: 0.1ms
[337.734s][info][gc,heap        ] GC(758) Eden regions: 612->0(613)
[337.734s][info][gc,heap        ] GC(758) Survivor regions: 2->1(77)
[337.734s][info][gc,heap        ] GC(758) Old regions: 8->8
[337.735s][info][gc,heap        ] GC(758) Humongous regions: 2->2
[337.735s][info][gc,metaspace   ] GC(758) Metaspace: 16601K(16960K)->16601K(16960K) NonClass: 14275K(14464K)->14275K(14464K) Class: 2325K(2496K)->2325K(2496K)
[337.735s][info][gc             ] GC(758) Pause Young (Prepare Mixed) (G1 Evacuation Pause) 619M->6M(1024M) 1.422ms
[337.735s][info][gc,cpu         ] GC(758) User=0.00s Sys=0.00s Real=0.00s
[337.829s][info][gc,start       ] GC(759) Pause Young (Mixed) (G1 Evacuation Pause)
[337.829s][info][gc,task        ] GC(759) Using 6 workers of 6 for evacuation
[337.830s][info][gc,phases      ] GC(759)   Pre Evacuate Collection Set: 0.3ms
[337.830s][info][gc,phases      ] GC(759)   Merge Heap Roots: 0.1ms
[337.830s][info][gc,phases      ] GC(759)   Evacuate Collection Set: 0.4ms
[337.830s][info][gc,phases      ] GC(759)   Post Evacuate Collection Set: 0.4ms
[337.830s][info][gc,phases      ] GC(759)   Other: 0.1ms
[337.830s][info][gc,heap        ] GC(759) Eden regions: 613->0(613)
[337.830s][info][gc,heap        ] GC(759) Survivor regions: 1->1(77)
[337.830s][info][gc,heap        ] GC(759) Old regions: 8->7
[337.830s][info][gc,heap        ] GC(759) Humongous regions: 2->2
[337.830s][info][gc,metaspace   ] GC(759) Metaspace: 16601K(16960K)->16601K(16960K) NonClass: 14275K(14464K)->14275K(14464K) Class: 2325K(2496K)->2325K(2496K)
[337.830s][info][gc             ] GC(759) Pause Young (Mixed) (G1 Evacuation Pause) 619M->6M(1024M) 1.518ms
[337.830s][info][gc,cpu         ] GC(759) User=0.00s Sys=0.00s Real=0.02s
[337.930s][info][gc,start       ] GC(760) Pause Young (Concurrent Start) (G1 Evacuation Pause)
[337.931s][info][gc,task        ] GC(760) Using 6 workers of 6 for evacuation
[337.932s][info][gc,phases      ] GC(760)   Pre Evacuate Collection Set: 0.2ms
[337.932s][info][gc,phases      ] GC(760)   Merge Heap Roots: 0.1ms
[337.932s][info][gc,phases      ] GC(760)   Evacuate Collection Set: 0.3ms
[337.932s][info][gc,phases      ] GC(760)   Post Evacuate Collection Set: 0.4ms
[337.932s][info][gc,phases      ] GC(760)   Other: 0.1ms
[337.932s][info][gc,heap        ] GC(760) Eden regions: 613->0(613)
[337.932s][info][gc,heap        ] GC(760) Survivor regions: 1->1(77)
[337.932s][info][gc,heap        ] GC(760) Old regions: 7->7
[337.932s][info][gc,heap        ] GC(760) Humongous regions: 2->2
[337.932s][info][gc,metaspace   ] GC(760) Metaspace: 16601K(16960K)->16601K(16960K) NonClass: 14275K(14464K)->14275K(14464K) Class: 2325K(2496K)->2325K(2496K)
[337.932s][info][gc             ] GC(760) Pause Young (Concurrent Start) (G1 Evacuation Pause) 619M->6M(1024M) 1.435ms
[337.932s][info][gc,cpu         ] GC(760) User=0.00s Sys=0.00s Real=0.00s
[337.932s][info][gc             ] GC(761) Concurrent Mark Cycle
[337.932s][info][gc,marking     ] GC(761) Concurrent Scan Root Regions
[337.932s][info][gc,marking     ] GC(761) Concurrent Scan Root Regions 0.268ms
[337.932s][info][gc,marking     ] GC(761) Concurrent Mark
[337.932s][info][gc,marking     ] GC(761) Concurrent Mark From Roots
[337.932s][info][gc,task        ] GC(761) Using 2 workers of 2 for marking
[337.935s][info][gc,marking     ] GC(761) Concurrent Mark From Roots 3.116ms
[337.935s][info][gc,marking     ] GC(761) Concurrent Preclean
[337.936s][info][gc,marking     ] GC(761) Concurrent Preclean 0.021ms
[337.936s][info][gc,start       ] GC(761) Pause Remark
[337.937s][info][gc             ] GC(761) Pause Remark 22M->22M(1024M) 1.226ms
[337.937s][info][gc,cpu         ] GC(761) User=0.00s Sys=0.02s Real=0.00s
[337.937s][info][gc,marking     ] GC(761) Concurrent Mark 4.641ms
[337.937s][info][gc,marking     ] GC(761) Concurrent Rebuild Remembered Sets and Scrub Regions
[337.938s][info][gc,marking     ] GC(761) Concurrent Rebuild Remembered Sets and Scrub Regions 1.010ms
[337.938s][info][gc,start       ] GC(761) Pause Cleanup
[337.938s][info][gc             ] GC(761) Pause Cleanup 27M->27M(1024M) 0.115ms
[337.938s][info][gc,cpu         ] GC(761) User=0.00s Sys=0.00s Real=0.00s
[337.938s][info][gc,marking     ] GC(761) Concurrent Clear Claimed Marks
[337.938s][info][gc,marking     ] GC(761) Concurrent Clear Claimed Marks 0.027ms
[337.938s][info][gc,marking     ] GC(761) Concurrent Cleanup for Next Mark
[337.941s][info][gc,marking     ] GC(761) Concurrent Cleanup for Next Mark 2.451ms
[337.941s][info][gc             ] GC(761) Concurrent Mark Cycle 8.919ms
[338.105s][info][gc,start       ] GC(762) Pause Young (Prepare Mixed) (G1 Evacuation Pause)
[338.105s][info][gc,task        ] GC(762) Using 6 workers of 6 for evacuation
[338.153s][info][gc,phases      ] GC(762)   Pre Evacuate Collection Set: 0.3ms
[338.153s][info][gc,phases      ] GC(762)   Merge Heap Roots: 0.1ms
[338.153s][info][gc,phases      ] GC(762)   Evacuate Collection Set: 47.2ms
[338.153s][info][gc,phases      ] GC(762)   Post Evacuate Collection Set: 0.6ms
[338.153s][info][gc,phases      ] GC(762)   Other: 0.1ms
[338.153s][info][gc,heap        ] GC(762) Eden regions: 613->0(537)
[338.153s][info][gc,heap        ] GC(762) Survivor regions: 1->77(77)
[338.153s][info][gc,heap        ] GC(762) Old regions: 6->34
[338.153s][info][gc,heap        ] GC(762) Humongous regions: 3->3
[338.153s][info][gc,metaspace   ] GC(762) Metaspace: 16601K(16960K)->16601K(16960K) NonClass: 14275K(14464K)->14275K(14464K) Class: 2325K(2496K)->2325K(2496K)
[338.153s][info][gc             ] GC(762) Pause Young (Prepare Mixed) (G1 Evacuation Pause) 620M->111M(1024M) 48.502ms
[338.153s][info][gc,cpu         ] GC(762) User=0.25s Sys=0.00s Real=0.06s
[338.651s][info][gc,start       ] GC(763) Pause Young (Mixed) (G1 Evacuation Pause)
[338.651s][info][gc,task        ] GC(763) Using 6 workers of 6 for evacuation
[338.818s][info][gc,phases      ] GC(763)   Pre Evacuate Collection Set: 0.2ms
[338.818s][info][gc,phases      ] GC(763)   Merge Heap Roots: 0.2ms
[338.818s][info][gc,phases      ] GC(763)   Evacuate Collection Set: 161.5ms
[338.818s][info][gc,phases      ] GC(763)   Post Evacuate Collection Set: 5.0ms
[338.818s][info][gc,phases      ] GC(763)   Other: 0.1ms
[338.818s][info][gc,heap        ] GC(763) Eden regions: 537->0(0)
[338.818s][info][gc,heap        ] GC(763) Survivor regions: 77->77(77)
[338.818s][info][gc,heap        ] GC(763) Old regions: 34->859
[338.818s][info][gc,heap        ] GC(763) Humongous regions: 4->4
[338.818s][info][gc,metaspace   ] GC(763) Metaspace: 16601K(16960K)->16601K(16960K) NonClass: 14275K(14464K)->14275K(14464K) Class: 2325K(2496K)->2325K(2496K)
[338.818s][info][gc             ] GC(763) Pause Young (Mixed) (G1 Evacuation Pause) (Evacuation Failure) 649M->937M(1024M) 167.084ms
[338.818s][info][gc,cpu         ] GC(763) User=0.92s Sys=0.02s Real=0.17s
[338.818s][info][gc,ergo        ] Attempting full compaction
[338.818s][info][gc,start       ] GC(764) Pause Full (G1 Compaction Pause)
[338.818s][info][gc,task        ] GC(764) Using 6 workers of 6 for full compaction
[338.818s][info][gc,phases,start] GC(764) Phase 1: Mark live objects
[338.935s][info][gc,phases      ] GC(764) Phase 1: Mark live objects 117.357ms
[338.935s][info][gc,phases,start] GC(764) Phase 2: Prepare compaction
[338.941s][info][gc,phases      ] GC(764) Phase 2: Prepare compaction 5.885ms
[338.941s][info][gc,phases,start] GC(764) Phase 3: Adjust pointers
[338.965s][info][gc,phases      ] GC(764) Phase 3: Adjust pointers 23.769ms
[338.965s][info][gc,phases,start] GC(764) Phase 4: Compact heap
[338.972s][info][gc,phases      ] GC(764) Phase 4: Compact heap 6.554ms
[338.972s][info][gc,phases,start] GC(764) Phase 5: Reset Metadata
[338.987s][info][gc,phases      ] GC(764) Phase 5: Reset Metadata 15.031ms
[338.993s][info][gc,heap        ] GC(764) Eden regions: 0->0(325)
[338.993s][info][gc,heap        ] GC(764) Survivor regions: 77->0(77)
[338.993s][info][gc,heap        ] GC(764) Old regions: 859->406
[338.993s][info][gc,heap        ] GC(764) Humongous regions: 4->4
[338.993s][info][gc,metaspace   ] GC(764) Metaspace: 16601K(16960K)->16601K(16960K) NonClass: 14275K(14464K)->14275K(14464K) Class: 2325K(2496K)->2325K(2496K)
[338.993s][info][gc             ] GC(764) Pause Full (G1 Compaction Pause) 937M->405M(1024M) 175.284ms
[338.993s][info][gc,cpu         ] GC(764) User=0.72s Sys=0.00s Real=0.17s
[341.679s][info][gc,start       ] GC(765) Pause Young (Concurrent Start) (G1 Evacuation Pause)
[341.679s][info][gc,task        ] GC(765) Using 6 workers of 6 for evacuation
[341.755s][info][gc,phases      ] GC(765)   Pre Evacuate Collection Set: 0.3ms
[341.755s][info][gc,phases      ] GC(765)   Merge Heap Roots: 1.1ms
[341.755s][info][gc,phases      ] GC(765)   Evacuate Collection Set: 72.9ms
[341.755s][info][gc,phases      ] GC(765)   Post Evacuate Collection Set: 0.8ms
[341.755s][info][gc,phases      ] GC(765)   Other: 0.2ms
[341.755s][info][gc,heap        ] GC(765) Eden regions: 325->0(243)
[341.755s][info][gc,heap        ] GC(765) Survivor regions: 0->41(41)
[341.755s][info][gc,heap        ] GC(765) Old regions: 406->494
[341.755s][info][gc,heap        ] GC(765) Humongous regions: 4->4
[341.755s][info][gc,metaspace   ] GC(765) Metaspace: 16601K(16960K)->16601K(16960K) NonClass: 14275K(14464K)->14275K(14464K) Class: 2325K(2496K)->2325K(2496K)
[341.755s][info][gc             ] GC(765) Pause Young (Concurrent Start) (G1 Evacuation Pause) 730M->534M(1024M) 75.535ms
[341.755s][info][gc             ] GC(766) Concurrent Mark Cycle
[341.755s][info][gc,cpu         ] GC(765) User=0.39s Sys=0.00s Real=0.08s
[341.755s][info][gc,marking     ] GC(766) Concurrent Scan Root Regions
[341.779s][info][gc,marking     ] GC(766) Concurrent Scan Root Regions 23.821ms
[341.779s][info][gc,marking     ] GC(766) Concurrent Mark
[341.779s][info][gc,marking     ] GC(766) Concurrent Mark From Roots
[341.779s][info][gc,task        ] GC(766) Using 2 workers of 2 for marking
[341.820s][info][gc,marking     ] GC(766) Concurrent Mark From Roots 41.759ms
[341.821s][info][gc,marking     ] GC(766) Concurrent Preclean
[341.821s][info][gc,marking     ] GC(766) Concurrent Preclean 0.058ms
[341.821s][info][gc,start       ] GC(766) Pause Remark
[341.822s][info][gc             ] GC(766) Pause Remark 641M->400M(1024M) 1.247ms
[341.822s][info][gc,cpu         ] GC(766) User=0.00s Sys=0.00s Real=0.00s
[341.822s][info][gc,marking     ] GC(766) Concurrent Mark 43.293ms
[341.822s][info][gc,marking     ] GC(766) Concurrent Rebuild Remembered Sets and Scrub Regions
[341.871s][info][gc,marking     ] GC(766) Concurrent Rebuild Remembered Sets and Scrub Regions 48.480ms
[341.871s][info][gc,start       ] GC(766) Pause Cleanup
[341.871s][info][gc             ] GC(766) Pause Cleanup 482M->482M(1024M) 0.260ms
[341.871s][info][gc,cpu         ] GC(766) User=0.00s Sys=0.00s Real=0.00s
[341.871s][info][gc,marking     ] GC(766) Concurrent Clear Claimed Marks
[341.871s][info][gc,marking     ] GC(766) Concurrent Clear Claimed Marks 0.026ms
[341.871s][info][gc,marking     ] GC(766) Concurrent Cleanup for Next Mark
[341.872s][info][gc,marking     ] GC(766) Concurrent Cleanup for Next Mark 1.528ms
[341.873s][info][gc             ] GC(766) Concurrent Mark Cycle 117.742ms
[341.906s][info][gc,start       ] GC(767) Pause Young (Prepare Mixed) (G1 Evacuation Pause)
[341.906s][info][gc,task        ] GC(767) Using 6 workers of 6 for evacuation
[341.984s][info][gc,phases      ] GC(767)   Pre Evacuate Collection Set: 0.3ms
[341.984s][info][gc,phases      ] GC(767)   Merge Heap Roots: 1.2ms
[341.984s][info][gc,phases      ] GC(767)   Evacuate Collection Set: 75.9ms
[341.984s][info][gc,phases      ] GC(767)   Post Evacuate Collection Set: 0.4ms
[341.984s][info][gc,phases      ] GC(767)   Other: 0.1ms
[341.984s][info][gc,heap        ] GC(767) Eden regions: 243->0(312)
[341.984s][info][gc,heap        ] GC(767) Survivor regions: 41->36(36)
[341.984s][info][gc,heap        ] GC(767) Old regions: 253->361
[341.984s][info][gc,heap        ] GC(767) Humongous regions: 3->3
[341.984s][info][gc,metaspace   ] GC(767) Metaspace: 16601K(16960K)->16601K(16960K) NonClass: 14275K(14464K)->14275K(14464K) Class: 2325K(2496K)->2325K(2496K)
[341.984s][info][gc             ] GC(767) Pause Young (Prepare Mixed) (G1 Evacuation Pause) 536M->396M(1024M) 78.083ms
[341.984s][info][gc,cpu         ] GC(767) User=0.30s Sys=0.00s Real=0.07s
[342.172s][info][gc,start       ] GC(768) Pause Young (Mixed) (G1 Evacuation Pause)
[342.172s][info][gc,task        ] GC(768) Using 6 workers of 6 for evacuation
[342.254s][info][gc,phases      ] GC(768)   Pre Evacuate Collection Set: 0.4ms
[342.254s][info][gc,phases      ] GC(768)   Merge Heap Roots: 0.2ms
[342.254s][info][gc,phases      ] GC(768)   Evacuate Collection Set: 80.5ms
[342.254s][info][gc,phases      ] GC(768)   Post Evacuate Collection Set: 0.5ms
[342.254s][info][gc,phases      ] GC(768)   Other: 0.1ms
[342.254s][info][gc,heap        ] GC(768) Eden regions: 312->0(280)
[342.254s][info][gc,heap        ] GC(768) Survivor regions: 36->44(44)
[342.254s][info][gc,heap        ] GC(768) Old regions: 361->408
[342.254s][info][gc,heap        ] GC(768) Humongous regions: 3->3
[342.254s][info][gc,metaspace   ] GC(768) Metaspace: 16601K(16960K)->16601K(16960K) NonClass: 14275K(14464K)->14275K(14464K) Class: 2325K(2496K)->2325K(2496K)
[342.254s][info][gc             ] GC(768) Pause Young (Mixed) (G1 Evacuation Pause) 708M->454M(1024M) 81.936ms
[342.254s][info][gc,cpu         ] GC(768) User=0.45s Sys=0.00s Real=0.08s
[342.343s][info][gc,start       ] GC(769) Pause Young (Concurrent Start) (G1 Humongous Allocation)
[342.344s][info][gc,task        ] GC(769) Using 6 workers of 6 for evacuation
[342.393s][info][gc,phases      ] GC(769)   Pre Evacuate Collection Set: 0.2ms
[342.393s][info][gc,phases      ] GC(769)   Merge Heap Roots: 0.2ms
[342.393s][info][gc,phases      ] GC(769)   Evacuate Collection Set: 48.9ms
[342.393s][info][gc,phases      ] GC(769)   Post Evacuate Collection Set: 0.4ms
[342.393s][info][gc,phases      ] GC(769)   Other: 0.1ms
[342.394s][info][gc,heap        ] GC(769) Eden regions: 144->0(249)
[342.394s][info][gc,heap        ] GC(769) Survivor regions: 44->41(41)
[342.394s][info][gc,heap        ] GC(769) Old regions: 408->473
[342.394s][info][gc,heap        ] GC(769) Humongous regions: 3->3
[342.394s][info][gc,metaspace   ] GC(769) Metaspace: 16601K(16960K)->16601K(16960K) NonClass: 14275K(14464K)->14275K(14464K) Class: 2325K(2496K)->2325K(2496K)
[342.394s][info][gc             ] GC(769) Pause Young (Concurrent Start) (G1 Humongous Allocation) 598M->516M(1024M) 50.141ms
[342.394s][info][gc             ] GC(770) Concurrent Mark Cycle
[342.394s][info][gc,cpu         ] GC(769) User=0.23s Sys=0.00s Real=0.05s
[342.394s][info][gc,marking     ] GC(770) Concurrent Scan Root Regions
[342.422s][info][gc,marking     ] GC(770) Concurrent Scan Root Regions 28.776ms
[342.422s][info][gc,marking     ] GC(770) Concurrent Mark
[342.422s][info][gc,marking     ] GC(770) Concurrent Mark From Roots
[342.422s][info][gc,task        ] GC(770) Using 2 workers of 2 for marking
[342.656s][info][gc,marking     ] GC(770) Concurrent Mark From Roots 233.721ms
[342.656s][info][gc,marking     ] GC(770) Concurrent Preclean
[342.656s][info][gc,marking     ] GC(770) Concurrent Preclean 0.066ms
[342.656s][info][gc,start       ] GC(770) Pause Remark
[342.658s][info][gc             ] GC(770) Pause Remark 593M->514M(1024M) 1.469ms
[342.658s][info][gc,cpu         ] GC(770) User=0.00s Sys=0.00s Real=0.00s
[342.658s][info][gc,marking     ] GC(770) Concurrent Mark 235.508ms
[342.658s][info][gc,marking     ] GC(770) Concurrent Rebuild Remembered Sets and Scrub Regions
[342.748s][info][gc,marking     ] GC(770) Concurrent Rebuild Remembered Sets and Scrub Regions 90.334ms
[342.748s][info][gc,start       ] GC(770) Pause Cleanup
[342.749s][info][gc             ] GC(770) Pause Cleanup 537M->537M(1024M) 0.222ms
[342.749s][info][gc,cpu         ] GC(770) User=0.00s Sys=0.00s Real=0.00s
[342.749s][info][gc,marking     ] GC(770) Concurrent Clear Claimed Marks
[342.749s][info][gc,marking     ] GC(770) Concurrent Clear Claimed Marks 0.047ms
[342.749s][info][gc,marking     ] GC(770) Concurrent Cleanup for Next Mark
[342.750s][info][gc,marking     ] GC(770) Concurrent Cleanup for Next Mark 1.530ms
[342.750s][info][gc             ] GC(770) Concurrent Mark Cycle 356.789ms
[343.037s][info][gc,start       ] GC(771) Pause Young (Prepare Mixed) (G1 Evacuation Pause)
[343.037s][info][gc,task        ] GC(771) Using 6 workers of 6 for evacuation
[343.102s][info][gc,phases      ] GC(771)   Pre Evacuate Collection Set: 0.5ms
[343.102s][info][gc,phases      ] GC(771)   Merge Heap Roots: 2.7ms
[343.102s][info][gc,phases      ] GC(771)   Evacuate Collection Set: 60.6ms
[343.102s][info][gc,phases      ] GC(771)   Post Evacuate Collection Set: 1.1ms
[343.102s][info][gc,phases      ] GC(771)   Other: 0.1ms
[343.102s][info][gc,heap        ] GC(771) Eden regions: 249->0(286)
[343.102s][info][gc,heap        ] GC(771) Survivor regions: 41->35(37)
[343.102s][info][gc,heap        ] GC(771) Old regions: 395->436
[343.102s][info][gc,heap        ] GC(771) Humongous regions: 8->8
[343.102s][info][gc,metaspace   ] GC(771) Metaspace: 16601K(16960K)->16601K(16960K) NonClass: 14275K(14464K)->14275K(14464K) Class: 2325K(2496K)->2325K(2496K)
[343.102s][info][gc             ] GC(771) Pause Young (Prepare Mixed) (G1 Evacuation Pause) 692M->478M(1024M) 65.203ms
[343.102s][info][gc,cpu         ] GC(771) User=0.30s Sys=0.00s Real=0.06s
[343.608s][info][gc,start       ] GC(772) Pause Young (Mixed) (G1 Evacuation Pause)
[343.608s][info][gc,task        ] GC(772) Using 6 workers of 6 for evacuation
[343.632s][info][gc,phases      ] GC(772)   Pre Evacuate Collection Set: 0.2ms
[343.632s][info][gc,phases      ] GC(772)   Merge Heap Roots: 1.2ms
[343.632s][info][gc,phases      ] GC(772)   Evacuate Collection Set: 22.1ms
[343.632s][info][gc,phases      ] GC(772)   Post Evacuate Collection Set: 0.5ms
[343.632s][info][gc,phases      ] GC(772)   Other: 0.1ms
[343.632s][info][gc,heap        ] GC(772) Eden regions: 286->0(332)
[343.632s][info][gc,heap        ] GC(772) Survivor regions: 35->3(41)
[343.632s][info][gc,heap        ] GC(772) Old regions: 436->440
[343.632s][info][gc,heap        ] GC(772) Humongous regions: 8->8
[343.632s][info][gc,metaspace   ] GC(772) Metaspace: 16601K(16960K)->16601K(16960K) NonClass: 14275K(14464K)->14275K(14464K) Class: 2325K(2496K)->2325K(2496K)
[343.632s][info][gc             ] GC(772) Pause Young (Mixed) (G1 Evacuation Pause) 764M->449M(1024M) 24.346ms
[343.632s][info][gc,cpu         ] GC(772) User=0.08s Sys=0.00s Real=0.02s
[344.392s][info][gc,start       ] GC(773) Pause Full (System.gc())
[344.392s][info][gc,task        ] GC(773) Using 6 workers of 6 for full compaction
[344.392s][info][gc,phases,start] GC(773) Phase 1: Mark live objects
[344.395s][info][gc,phases      ] GC(773) Phase 1: Mark live objects 2.537ms
[344.395s][info][gc,phases,start] GC(773) Phase 2: Prepare compaction
[344.396s][info][gc,phases      ] GC(773) Phase 2: Prepare compaction 0.612ms
[344.396s][info][gc,phases,start] GC(773) Phase 3: Adjust pointers
[344.398s][info][gc,phases      ] GC(773) Phase 3: Adjust pointers 2.299ms
[344.398s][info][gc,phases,start] GC(773) Phase 4: Compact heap
[344.399s][info][gc,phases      ] GC(773) Phase 4: Compact heap 0.614ms
[344.399s][info][gc,phases,start] GC(773) Phase 5: Reset Metadata
[344.399s][info][gc,phases      ] GC(773) Phase 5: Reset Metadata 0.641ms
[344.403s][info][gc,heap        ] GC(773) Eden regions: 126->0(598)
[344.403s][info][gc,heap        ] GC(773) Survivor regions: 3->0(41)
[344.403s][info][gc,heap        ] GC(773) Old regions: 440->9
[344.403s][info][gc,heap        ] GC(773) Humongous regions: 8->2
[344.403s][info][gc,metaspace   ] GC(773) Metaspace: 16601K(16960K)->16601K(16960K) NonClass: 14275K(14464K)->14275K(14464K) Class: 2325K(2496K)->2325K(2496K)
[344.403s][info][gc             ] GC(773) Pause Full (System.gc()) 575M->5M(1024M) 10.825ms
[344.403s][info][gc,cpu         ] GC(773) User=0.02s Sys=0.00s Real=0.02s
[345.697s][info][gc,start       ] GC(774) Pause Young (Concurrent Start) (G1 Evacuation Pause)
[345.697s][info][gc,task        ] GC(774) Using 6 workers of 6 for evacuation
[345.698s][info][gc,phases      ] GC(774)   Pre Evacuate Collection Set: 0.2ms
[345.698s][info][gc,phases      ] GC(774)   Merge Heap Roots: 0.1ms
[345.698s][info][gc,phases      ] GC(774)   Evacuate Collection Set: 0.4ms
[345.698s][info][gc,phases      ] GC(774)   Post Evacuate Collection Set: 0.4ms
[345.698s][info][gc,phases      ] GC(774)   Other: 0.1ms
[345.698s][info][gc,heap        ] GC(774) Eden regions: 598->0(612)
[345.698s][info][gc,heap        ] GC(774) Survivor regions: 0->2(75)
[345.698s][info][gc,heap        ] GC(774) Old regions: 9->9
[345.698s][info][gc,heap        ] GC(774) Humongous regions: 2->2
[345.698s][info][gc,metaspace   ] GC(774) Metaspace: 16603K(16960K)->16603K(16960K) NonClass: 14277K(14464K)->14277K(14464K) Class: 2325K(2496K)->2325K(2496K)
[345.698s][info][gc             ] GC(774) Pause Young (Concurrent Start) (G1 Evacuation Pause) 603M->7M(1024M) 1.382ms
[345.698s][info][gc,cpu         ] GC(774) User=0.00s Sys=0.00s Real=0.00s
[345.698s][info][gc             ] GC(775) Concurrent Mark Cycle
[345.698s][info][gc,marking     ] GC(775) Concurrent Scan Root Regions
[345.698s][info][gc,marking     ] GC(775) Concurrent Scan Root Regions 0.227ms
[345.698s][info][gc,marking     ] GC(775) Concurrent Mark
[345.698s][info][gc,marking     ] GC(775) Concurrent Mark From Roots
[345.698s][info][gc,task        ] GC(775) Using 2 workers of 2 for marking
[345.701s][info][gc,marking     ] GC(775) Concurrent Mark From Roots 3.069ms
[345.701s][info][gc,marking     ] GC(775) Concurrent Preclean
[345.701s][info][gc,marking     ] GC(775) Concurrent Preclean 0.020ms
[345.702s][info][gc,start       ] GC(775) Pause Remark
[345.703s][info][gc             ] GC(775) Pause Remark 24M->24M(1024M) 1.054ms
[345.703s][info][gc,cpu         ] GC(775) User=0.00s Sys=0.00s Real=0.00s
[345.703s][info][gc,marking     ] GC(775) Concurrent Mark 4.404ms
[345.703s][info][gc,marking     ] GC(775) Concurrent Rebuild Remembered Sets and Scrub Regions
[345.704s][info][gc,marking     ] GC(775) Concurrent Rebuild Remembered Sets and Scrub Regions 0.991ms
[345.704s][info][gc,start       ] GC(775) Pause Cleanup
[345.704s][info][gc             ] GC(775) Pause Cleanup 29M->29M(1024M) 0.139ms
[345.704s][info][gc,cpu         ] GC(775) User=0.00s Sys=0.00s Real=0.00s
[345.704s][info][gc,marking     ] GC(775) Concurrent Clear Claimed Marks
[345.704s][info][gc,marking     ] GC(775) Concurrent Clear Claimed Marks 0.026ms
[345.704s][info][gc,marking     ] GC(775) Concurrent Cleanup for Next Mark
[345.707s][info][gc,marking     ] GC(775) Concurrent Cleanup for Next Mark 2.466ms
[345.707s][info][gc             ] GC(775) Concurrent Mark Cycle 8.631ms
[345.795s][info][gc,start       ] GC(776) Pause Young (Prepare Mixed) (G1 Evacuation Pause)
[345.795s][info][gc,task        ] GC(776) Using 6 workers of 6 for evacuation
[345.796s][info][gc,phases      ] GC(776)   Pre Evacuate Collection Set: 0.2ms
[345.796s][info][gc,phases      ] GC(776)   Merge Heap Roots: 0.1ms
[345.796s][info][gc,phases      ] GC(776)   Evacuate Collection Set: 0.3ms
[345.796s][info][gc,phases      ] GC(776)   Post Evacuate Collection Set: 0.3ms
[345.796s][info][gc,phases      ] GC(776)   Other: 0.1ms
[345.796s][info][gc,heap        ] GC(776) Eden regions: 612->0(613)
[345.796s][info][gc,heap        ] GC(776) Survivor regions: 2->1(77)
[345.796s][info][gc,heap        ] GC(776) Old regions: 9->9
[345.796s][info][gc,heap        ] GC(776) Humongous regions: 2->2
[345.796s][info][gc,metaspace   ] GC(776) Metaspace: 16603K(16960K)->16603K(16960K) NonClass: 14277K(14464K)->14277K(14464K) Class: 2325K(2496K)->2325K(2496K)
[345.796s][info][gc             ] GC(776) Pause Young (Prepare Mixed) (G1 Evacuation Pause) 619M->6M(1024M) 1.160ms
[345.796s][info][gc,cpu         ] GC(776) User=0.00s Sys=0.00s Real=0.00s
[345.892s][info][gc,start       ] GC(777) Pause Young (Mixed) (G1 Evacuation Pause)
[345.892s][info][gc,task        ] GC(777) Using 6 workers of 6 for evacuation
[345.893s][info][gc,phases      ] GC(777)   Pre Evacuate Collection Set: 0.2ms
[345.893s][info][gc,phases      ] GC(777)   Merge Heap Roots: 0.1ms
[345.893s][info][gc,phases      ] GC(777)   Evacuate Collection Set: 0.4ms
[345.893s][info][gc,phases      ] GC(777)   Post Evacuate Collection Set: 0.4ms
[345.893s][info][gc,phases      ] GC(777)   Other: 0.1ms
[345.893s][info][gc,heap        ] GC(777) Eden regions: 613->0(613)
[345.893s][info][gc,heap        ] GC(777) Survivor regions: 1->1(77)
[345.893s][info][gc,heap        ] GC(777) Old regions: 9->9
[345.893s][info][gc,heap        ] GC(777) Humongous regions: 2->2
[345.893s][info][gc,metaspace   ] GC(777) Metaspace: 16603K(16960K)->16603K(16960K) NonClass: 14277K(14464K)->14277K(14464K) Class: 2325K(2496K)->2325K(2496K)
[345.893s][info][gc             ] GC(777) Pause Young (Mixed) (G1 Evacuation Pause) 619M->6M(1024M) 1.487ms
[345.893s][info][gc,cpu         ] GC(777) User=0.00s Sys=0.00s Real=0.00s
[345.995s][info][gc,start       ] GC(778) Pause Young (Concurrent Start) (G1 Evacuation Pause)
[345.995s][info][gc,task        ] GC(778) Using 6 workers of 6 for evacuation
[345.996s][info][gc,phases      ] GC(778)   Pre Evacuate Collection Set: 0.2ms
[345.996s][info][gc,phases      ] GC(778)   Merge Heap Roots: 0.1ms
[345.996s][info][gc,phases      ] GC(778)   Evacuate Collection Set: 0.4ms
[345.996s][info][gc,phases      ] GC(778)   Post Evacuate Collection Set: 0.4ms
[345.996s][info][gc,phases      ] GC(778)   Other: 0.1ms
[345.996s][info][gc,heap        ] GC(778) Eden regions: 613->0(613)
[345.996s][info][gc,heap        ] GC(778) Survivor regions: 1->1(77)
[345.996s][info][gc,heap        ] GC(778) Old regions: 9->9
[345.996s][info][gc,heap        ] GC(778) Humongous regions: 2->2
[345.996s][info][gc,metaspace   ] GC(778) Metaspace: 16603K(16960K)->16603K(16960K) NonClass: 14277K(14464K)->14277K(14464K) Class: 2325K(2496K)->2325K(2496K)
[345.996s][info][gc             ] GC(778) Pause Young (Concurrent Start) (G1 Evacuation Pause) 619M->6M(1024M) 1.341ms
[345.996s][info][gc             ] GC(779) Concurrent Mark Cycle
[345.996s][info][gc,cpu         ] GC(778) User=0.00s Sys=0.00s Real=0.00s
[345.996s][info][gc,marking     ] GC(779) Concurrent Scan Root Regions
[345.996s][info][gc,marking     ] GC(779) Concurrent Scan Root Regions 0.277ms
[345.996s][info][gc,marking     ] GC(779) Concurrent Mark
[345.996s][info][gc,marking     ] GC(779) Concurrent Mark From Roots
[345.996s][info][gc,task        ] GC(779) Using 2 workers of 2 for marking
[345.999s][info][gc,marking     ] GC(779) Concurrent Mark From Roots 3.132ms
[345.999s][info][gc,marking     ] GC(779) Concurrent Preclean
[346.000s][info][gc,marking     ] GC(779) Concurrent Preclean 0.021ms
[346.000s][info][gc,start       ] GC(779) Pause Remark
[346.001s][info][gc             ] GC(779) Pause Remark 23M->23M(1024M) 1.018ms
[346.001s][info][gc,cpu         ] GC(779) User=0.00s Sys=0.00s Real=0.00s
[346.001s][info][gc,marking     ] GC(779) Concurrent Mark 4.408ms
[346.001s][info][gc,marking     ] GC(779) Concurrent Rebuild Remembered Sets and Scrub Regions
[346.002s][info][gc,marking     ] GC(779) Concurrent Rebuild Remembered Sets and Scrub Regions 1.010ms
[346.002s][info][gc,start       ] GC(779) Pause Cleanup
[346.002s][info][gc             ] GC(779) Pause Cleanup 29M->29M(1024M) 0.152ms
[346.002s][info][gc,cpu         ] GC(779) User=0.00s Sys=0.00s Real=0.00s
[346.002s][info][gc,marking     ] GC(779) Concurrent Clear Claimed Marks
[346.002s][info][gc,marking     ] GC(779) Concurrent Clear Claimed Marks 0.022ms
[346.002s][info][gc,marking     ] GC(779) Concurrent Cleanup for Next Mark
[346.004s][info][gc,marking     ] GC(779) Concurrent Cleanup for Next Mark 2.380ms
[346.005s][info][gc             ] GC(779) Concurrent Mark Cycle 8.615ms
[346.183s][info][gc,start       ] GC(780) Pause Young (Prepare Mixed) (G1 Evacuation Pause)
[346.183s][info][gc,task        ] GC(780) Using 6 workers of 6 for evacuation
[346.236s][info][gc,phases      ] GC(780)   Pre Evacuate Collection Set: 0.1ms
[346.236s][info][gc,phases      ] GC(780)   Merge Heap Roots: 0.1ms
[346.236s][info][gc,phases      ] GC(780)   Evacuate Collection Set: 51.9ms
[346.236s][info][gc,phases      ] GC(780)   Post Evacuate Collection Set: 0.7ms
[346.236s][info][gc,phases      ] GC(780)   Other: 0.1ms
[346.236s][info][gc,heap        ] GC(780) Eden regions: 613->0(537)
[346.236s][info][gc,heap        ] GC(780) Survivor regions: 1->77(77)
[346.236s][info][gc,heap        ] GC(780) Old regions: 9->48
[346.236s][info][gc,heap        ] GC(780) Humongous regions: 3->3
[346.236s][info][gc,metaspace   ] GC(780) Metaspace: 16603K(16960K)->16603K(16960K) NonClass: 14277K(14464K)->14277K(14464K) Class: 2325K(2496K)->2325K(2496K)
[346.236s][info][gc             ] GC(780) Pause Young (Prepare Mixed) (G1 Evacuation Pause) 620M->123M(1024M) 53.029ms
[346.236s][info][gc,cpu         ] GC(780) User=0.33s Sys=0.00s Real=0.06s
[346.778s][info][gc,start       ] GC(781) Pause Young (Mixed) (G1 Evacuation Pause)
[346.778s][info][gc,task        ] GC(781) Using 6 workers of 6 for evacuation
[346.934s][info][gc,phases      ] GC(781)   Pre Evacuate Collection Set: 0.2ms
[346.934s][info][gc,phases      ] GC(781)   Merge Heap Roots: 0.3ms
[346.934s][info][gc,phases      ] GC(781)   Evacuate Collection Set: 152.6ms
[346.934s][info][gc,phases      ] GC(781)   Post Evacuate Collection Set: 3.3ms
[346.934s][info][gc,phases      ] GC(781)   Other: 0.1ms
[346.934s][info][gc,heap        ] GC(781) Eden regions: 537->0(122)
[346.934s][info][gc,heap        ] GC(781) Survivor regions: 77->77(77)
[346.934s][info][gc,heap        ] GC(781) Old regions: 48->692
[346.934s][info][gc,heap        ] GC(781) Humongous regions: 4->4
[346.934s][info][gc,metaspace   ] GC(781) Metaspace: 16603K(16960K)->16603K(16960K) NonClass: 14277K(14464K)->14277K(14464K) Class: 2325K(2496K)->2325K(2496K)
[346.934s][info][gc             ] GC(781) Pause Young (Mixed) (G1 Evacuation Pause) (Evacuation Failure) 661M->769M(1024M) 156.796ms
[346.934s][info][gc,cpu         ] GC(781) User=0.86s Sys=0.00s Real=0.16s
[349.238s][info][gc,start       ] GC(782) Pause Young (Concurrent Start) (G1 Evacuation Pause)
[349.238s][info][gc,task        ] GC(782) Using 6 workers of 6 for evacuation
[349.307s][info][gc,phases      ] GC(782)   Pre Evacuate Collection Set: 0.2ms
[349.307s][info][gc,phases      ] GC(782)   Merge Heap Roots: 0.9ms
[349.307s][info][gc,phases      ] GC(782)   Evacuate Collection Set: 67.3ms
[349.307s][info][gc,phases      ] GC(782)   Post Evacuate Collection Set: 0.8ms
[349.307s][info][gc,phases      ] GC(782)   Other: 0.2ms
[349.307s][info][gc,heap        ] GC(782) Eden regions: 122->0(104)
[349.307s][info][gc,heap        ] GC(782) Survivor regions: 77->25(25)
[349.307s][info][gc,heap        ] GC(782) Old regions: 692->791
[349.307s][info][gc,heap        ] GC(782) Humongous regions: 4->4
[349.307s][info][gc,metaspace   ] GC(782) Metaspace: 16603K(16960K)->16603K(16960K) NonClass: 14277K(14464K)->14277K(14464K) Class: 2325K(2496K)->2325K(2496K)
[349.307s][info][gc             ] GC(782) Pause Young (Concurrent Start) (G1 Evacuation Pause) 891M->816M(1024M) 69.661ms
[349.307s][info][gc             ] GC(783) Concurrent Mark Cycle
[349.307s][info][gc,cpu         ] GC(782) User=0.38s Sys=0.00s Real=0.06s
[349.307s][info][gc,marking     ] GC(783) Concurrent Scan Root Regions
[349.332s][info][gc,marking     ] GC(783) Concurrent Scan Root Regions 24.612ms
[349.332s][info][gc,marking     ] GC(783) Concurrent Mark
[349.332s][info][gc,marking     ] GC(783) Concurrent Mark From Roots
[349.332s][info][gc,task        ] GC(783) Using 2 workers of 2 for marking
[349.346s][info][gc,marking     ] GC(783) Concurrent Mark From Roots 13.635ms
[349.346s][info][gc,marking     ] GC(783) Concurrent Preclean
[349.346s][info][gc,marking     ] GC(783) Concurrent Preclean 0.061ms
[349.346s][info][gc,start       ] GC(783) Pause Remark
[349.347s][info][gc             ] GC(783) Pause Remark 878M->390M(1024M) 1.342ms
[349.347s][info][gc,cpu         ] GC(783) User=0.02s Sys=0.00s Real=0.02s
[349.347s][info][gc,marking     ] GC(783) Concurrent Mark 15.272ms
[349.347s][info][gc,marking     ] GC(783) Concurrent Rebuild Remembered Sets and Scrub Regions
[349.371s][info][gc,start       ] GC(784) Pause Young (Normal) (G1 Evacuation Pause)
[349.371s][info][gc,task        ] GC(784) Using 6 workers of 6 for evacuation
[349.409s][info][gc,phases      ] GC(784)   Pre Evacuate Collection Set: 0.2ms
[349.409s][info][gc,phases      ] GC(784)   Merge Heap Roots: 0.6ms
[349.409s][info][gc,phases      ] GC(784)   Evacuate Collection Set: 36.7ms
[349.409s][info][gc,phases      ] GC(784)   Post Evacuate Collection Set: 0.4ms
[349.409s][info][gc,phases      ] GC(784)   Other: 0.1ms
[349.409s][info][gc,heap        ] GC(784) Eden regions: 104->0(362)
[349.409s][info][gc,heap        ] GC(784) Survivor regions: 25->17(17)
[349.409s][info][gc,heap        ] GC(784) Old regions: 304->358
[349.409s][info][gc,heap        ] GC(784) Humongous regions: 3->3
[349.409s][info][gc,metaspace   ] GC(784) Metaspace: 16603K(16960K)->16603K(16960K) NonClass: 14277K(14464K)->14277K(14464K) Class: 2325K(2496K)->2325K(2496K)
[349.409s][info][gc             ] GC(784) Pause Young (Normal) (G1 Evacuation Pause) 432M->374M(1024M) 38.202ms
[349.409s][info][gc,cpu         ] GC(784) User=0.06s Sys=0.00s Real=0.03s
[349.422s][info][gc,marking     ] GC(783) Concurrent Rebuild Remembered Sets and Scrub Regions 75.270ms
[349.423s][info][gc,start       ] GC(783) Pause Cleanup
[349.423s][info][gc             ] GC(783) Pause Cleanup 397M->397M(1024M) 0.299ms
[349.423s][info][gc,cpu         ] GC(783) User=0.00s Sys=0.00s Real=0.00s
[349.423s][info][gc,marking     ] GC(783) Concurrent Clear Claimed Marks
[349.423s][info][gc,marking     ] GC(783) Concurrent Clear Claimed Marks 0.020ms
[349.423s][info][gc,marking     ] GC(783) Concurrent Cleanup for Next Mark
[349.424s][info][gc,marking     ] GC(783) Concurrent Cleanup for Next Mark 1.400ms
[349.424s][info][gc             ] GC(783) Concurrent Mark Cycle 117.159ms
[349.623s][info][gc,start       ] GC(785) Pause Young (Prepare Mixed) (G1 Evacuation Pause)
[349.624s][info][gc,task        ] GC(785) Using 6 workers of 6 for evacuation
[349.712s][info][gc,phases      ] GC(785)   Pre Evacuate Collection Set: 0.3ms
[349.712s][info][gc,phases      ] GC(785)   Merge Heap Roots: 0.3ms
[349.712s][info][gc,phases      ] GC(785)   Evacuate Collection Set: 87.2ms
[349.712s][info][gc,phases      ] GC(785)   Post Evacuate Collection Set: 0.4ms
[349.712s][info][gc,phases      ] GC(785)   Other: 0.1ms
[349.712s][info][gc,heap        ] GC(785) Eden regions: 362->0(255)
[349.712s][info][gc,heap        ] GC(785) Survivor regions: 17->48(48)
[349.712s][info][gc,heap        ] GC(785) Old regions: 358->479
[349.712s][info][gc,heap        ] GC(785) Humongous regions: 3->3
[349.712s][info][gc,metaspace   ] GC(785) Metaspace: 16603K(16960K)->16603K(16960K) NonClass: 14277K(14464K)->14277K(14464K) Class: 2325K(2496K)->2325K(2496K)
[349.712s][info][gc             ] GC(785) Pause Young (Prepare Mixed) (G1 Evacuation Pause) 736M->526M(1024M) 88.536ms
[349.712s][info][gc,cpu         ] GC(785) User=0.50s Sys=0.00s Real=0.09s
[349.866s][info][gc,start       ] GC(786) Pause Young (Mixed) (G1 Evacuation Pause)
[349.866s][info][gc,task        ] GC(786) Using 6 workers of 6 for evacuation
[349.942s][info][gc,phases      ] GC(786)   Pre Evacuate Collection Set: 0.3ms
[349.942s][info][gc,phases      ] GC(786)   Merge Heap Roots: 0.3ms
[349.942s][info][gc,phases      ] GC(786)   Evacuate Collection Set: 75.1ms
[349.942s][info][gc,phases      ] GC(786)   Post Evacuate Collection Set: 0.5ms
[349.942s][info][gc,phases      ] GC(786)   Other: 0.1ms
[349.942s][info][gc,heap        ] GC(786) Eden regions: 255->0(246)
[349.942s][info][gc,heap        ] GC(786) Survivor regions: 48->38(38)
[349.942s][info][gc,heap        ] GC(786) Old regions: 479->495
[349.942s][info][gc,heap        ] GC(786) Humongous regions: 3->3
[349.942s][info][gc,metaspace   ] GC(786) Metaspace: 16603K(16960K)->16603K(16960K) NonClass: 14277K(14464K)->14277K(14464K) Class: 2325K(2496K)->2325K(2496K)
[349.942s][info][gc             ] GC(786) Pause Young (Mixed) (G1 Evacuation Pause) 781M->534M(1024M) 76.593ms
[349.942s][info][gc,cpu         ] GC(786) User=0.39s Sys=0.00s Real=0.08s
[350.542s][info][gc,start       ] GC(787) Pause Young (Mixed) (G1 Evacuation Pause)
[350.542s][info][gc,task        ] GC(787) Using 6 workers of 6 for evacuation
[350.639s][info][gc,phases      ] GC(787)   Pre Evacuate Collection Set: 0.4ms
[350.639s][info][gc,phases      ] GC(787)   Merge Heap Roots: 1.5ms
[350.639s][info][gc,phases      ] GC(787)   Evacuate Collection Set: 93.8ms
[350.639s][info][gc,phases      ] GC(787)   Post Evacuate Collection Set: 1.1ms
[350.639s][info][gc,phases      ] GC(787)   Other: 0.1ms
[350.639s][info][gc,heap        ] GC(787) Eden regions: 246->0(195)
[350.639s][info][gc,heap        ] GC(787) Survivor regions: 38->36(36)
[350.639s][info][gc,heap        ] GC(787) Old regions: 495->573
[350.639s][info][gc,heap        ] GC(787) Humongous regions: 9->9
[350.639s][info][gc,metaspace   ] GC(787) Metaspace: 16603K(16960K)->16603K(16960K) NonClass: 14277K(14464K)->14277K(14464K) Class: 2325K(2496K)->2325K(2496K)
[350.639s][info][gc             ] GC(787) Pause Young (Mixed) (G1 Evacuation Pause) 786M->616M(1024M) 97.121ms
[350.639s][info][gc,cpu         ] GC(787) User=0.50s Sys=0.00s Real=0.09s
[350.999s][info][gc,start       ] GC(788) Pause Young (Concurrent Start) (G1 Evacuation Pause)
[350.999s][info][gc,task        ] GC(788) Using 6 workers of 6 for evacuation
[351.037s][info][gc,phases      ] GC(788)   Pre Evacuate Collection Set: 0.3ms
[351.037s][info][gc,phases      ] GC(788)   Merge Heap Roots: 1.0ms
[351.037s][info][gc,phases      ] GC(788)   Evacuate Collection Set: 35.8ms
[351.037s][info][gc,phases      ] GC(788)   Post Evacuate Collection Set: 0.8ms
[351.037s][info][gc,phases      ] GC(788)   Other: 0.2ms
[351.037s][info][gc,heap        ] GC(788) Eden regions: 195->0(221)
[351.037s][info][gc,heap        ] GC(788) Survivor regions: 36->6(29)
[351.037s][info][gc,heap        ] GC(788) Old regions: 573->597
[351.037s][info][gc,heap        ] GC(788) Humongous regions: 9->9
[351.037s][info][gc,metaspace   ] GC(788) Metaspace: 16603K(16960K)->16603K(16960K) NonClass: 14277K(14464K)->14277K(14464K) Class: 2325K(2496K)->2325K(2496K)
[351.037s][info][gc             ] GC(788) Pause Young (Concurrent Start) (G1 Evacuation Pause) 811M->610M(1024M) 38.239ms
[351.037s][info][gc,cpu         ] GC(788) User=0.16s Sys=0.00s Real=0.03s
[351.037s][info][gc             ] GC(789) Concurrent Mark Cycle
[351.037s][info][gc,marking     ] GC(789) Concurrent Scan Root Regions
[351.051s][info][gc,marking     ] GC(789) Concurrent Scan Root Regions 14.030ms
[351.051s][info][gc,marking     ] GC(789) Concurrent Mark
[351.051s][info][gc,marking     ] GC(789) Concurrent Mark From Roots
[351.051s][info][gc,task        ] GC(789) Using 2 workers of 2 for marking
[351.322s][info][gc,marking     ] GC(789) Concurrent Mark From Roots 271.059ms
[351.323s][info][gc,marking     ] GC(789) Concurrent Preclean
[351.323s][info][gc,marking     ] GC(789) Concurrent Preclean 0.055ms
[351.323s][info][gc,start       ] GC(789) Pause Remark
[351.324s][info][gc             ] GC(789) Pause Remark 756M->625M(1024M) 1.315ms
[351.324s][info][gc,cpu         ] GC(789) User=0.00s Sys=0.00s Real=0.00s
[351.324s][info][gc,marking     ] GC(789) Concurrent Mark 272.685ms
[351.324s][info][gc,marking     ] GC(789) Concurrent Rebuild Remembered Sets and Scrub Regions
[351.415s][info][gc,marking     ] GC(789) Concurrent Rebuild Remembered Sets and Scrub Regions 90.753ms
[351.415s][info][gc,start       ] GC(789) Pause Cleanup
[351.415s][info][gc             ] GC(789) Pause Cleanup 675M->675M(1024M) 0.295ms
[351.415s][info][gc,cpu         ] GC(789) User=0.00s Sys=0.00s Real=0.00s
[351.415s][info][gc,marking     ] GC(789) Concurrent Clear Claimed Marks
[351.415s][info][gc,marking     ] GC(789) Concurrent Clear Claimed Marks 0.047ms
[351.415s][info][gc,marking     ] GC(789) Concurrent Cleanup for Next Mark
[351.417s][info][gc,marking     ] GC(789) Concurrent Cleanup for Next Mark 1.307ms
[351.417s][info][gc             ] GC(789) Concurrent Mark Cycle 379.540ms
[351.460s][info][gc,start       ] GC(790) Pause Young (Prepare Mixed) (G1 Evacuation Pause)
[351.460s][info][gc,task        ] GC(790) Using 6 workers of 6 for evacuation
[351.470s][info][gc,phases      ] GC(790)   Pre Evacuate Collection Set: 0.2ms
[351.470s][info][gc,phases      ] GC(790)   Merge Heap Roots: 0.7ms
[351.470s][info][gc,phases      ] GC(790)   Evacuate Collection Set: 8.7ms
[351.470s][info][gc,phases      ] GC(790)   Post Evacuate Collection Set: 0.4ms
[351.470s][info][gc,phases      ] GC(790)   Other: 0.1ms
[351.470s][info][gc,heap        ] GC(790) Eden regions: 221->0(336)
[351.470s][info][gc,heap        ] GC(790) Survivor regions: 6->3(29)
[351.470s][info][gc,heap        ] GC(790) Old regions: 470->470
[351.470s][info][gc,heap        ] GC(790) Humongous regions: 5->5
[351.470s][info][gc,metaspace   ] GC(790) Metaspace: 16603K(16960K)->16603K(16960K) NonClass: 14277K(14464K)->14277K(14464K) Class: 2325K(2496K)->2325K(2496K)
[351.470s][info][gc             ] GC(790) Pause Young (Prepare Mixed) (G1 Evacuation Pause) 700M->476M(1024M) 10.329ms
[351.470s][info][gc,cpu         ] GC(790) User=0.02s Sys=0.00s Real=0.02s
[352.309s][info][gc,start       ] GC(791) Pause Full (System.gc())
[352.309s][info][gc,task        ] GC(791) Using 6 workers of 6 for full compaction
[352.309s][info][gc,phases,start] GC(791) Phase 1: Mark live objects
[352.312s][info][gc,phases      ] GC(791) Phase 1: Mark live objects 2.344ms
[352.312s][info][gc,phases,start] GC(791) Phase 2: Prepare compaction
[352.312s][info][gc,phases      ] GC(791) Phase 2: Prepare compaction 0.720ms
[352.312s][info][gc,phases,start] GC(791) Phase 3: Adjust pointers
[352.315s][info][gc,phases      ] GC(791) Phase 3: Adjust pointers 2.185ms
[352.315s][info][gc,phases,start] GC(791) Phase 4: Compact heap
[352.315s][info][gc,phases      ] GC(791) Phase 4: Compact heap 0.653ms
[352.315s][info][gc,phases,start] GC(791) Phase 5: Reset Metadata
[352.316s][info][gc,phases      ] GC(791) Phase 5: Reset Metadata 0.564ms
[352.319s][info][gc,heap        ] GC(791) Eden regions: 163->0(614)
[352.319s][info][gc,heap        ] GC(791) Survivor regions: 3->0(29)
[352.319s][info][gc,heap        ] GC(791) Old regions: 470->10
[352.319s][info][gc,heap        ] GC(791) Humongous regions: 5->2
[352.319s][info][gc,metaspace   ] GC(791) Metaspace: 16603K(16960K)->16603K(16960K) NonClass: 14277K(14464K)->14277K(14464K) Class: 2325K(2496K)->2325K(2496K)
[352.320s][info][gc             ] GC(791) Pause Full (System.gc()) 639M->5M(1024M) 10.553ms
[352.320s][info][gc,cpu         ] GC(791) User=0.00s Sys=0.00s Real=0.02s
[353.612s][info][gc,start       ] GC(792) Pause Young (Concurrent Start) (G1 Evacuation Pause)
[353.612s][info][gc,task        ] GC(792) Using 6 workers of 6 for evacuation
[353.613s][info][gc,phases      ] GC(792)   Pre Evacuate Collection Set: 0.2ms
[353.613s][info][gc,phases      ] GC(792)   Merge Heap Roots: 0.1ms
[353.613s][info][gc,phases      ] GC(792)   Evacuate Collection Set: 0.5ms
[353.613s][info][gc,phases      ] GC(792)   Post Evacuate Collection Set: 0.4ms
[353.613s][info][gc,phases      ] GC(792)   Other: 0.1ms
[353.613s][info][gc,heap        ] GC(792) Eden regions: 614->0(613)
[353.613s][info][gc,heap        ] GC(792) Survivor regions: 0->1(77)
[353.613s][info][gc,heap        ] GC(792) Old regions: 10->10
[353.613s][info][gc,heap        ] GC(792) Humongous regions: 2->2
[353.613s][info][gc,metaspace   ] GC(792) Metaspace: 16603K(16960K)->16603K(16960K) NonClass: 14277K(14464K)->14277K(14464K) Class: 2325K(2496K)->2325K(2496K)
[353.613s][info][gc             ] GC(792) Pause Young (Concurrent Start) (G1 Evacuation Pause) 619M->6M(1024M) 1.486ms
[353.613s][info][gc             ] GC(793) Concurrent Mark Cycle
[353.613s][info][gc,cpu         ] GC(792) User=0.02s Sys=0.00s Real=0.02s
[353.613s][info][gc,marking     ] GC(793) Concurrent Scan Root Regions
[353.614s][info][gc,marking     ] GC(793) Concurrent Scan Root Regions 0.298ms
[353.614s][info][gc,marking     ] GC(793) Concurrent Mark
[353.614s][info][gc,marking     ] GC(793) Concurrent Mark From Roots
[353.614s][info][gc,task        ] GC(793) Using 2 workers of 2 for marking
[353.617s][info][gc,marking     ] GC(793) Concurrent Mark From Roots 3.100ms
[353.617s][info][gc,marking     ] GC(793) Concurrent Preclean
[353.617s][info][gc,marking     ] GC(793) Concurrent Preclean 0.020ms
[353.617s][info][gc,start       ] GC(793) Pause Remark
[353.618s][info][gc             ] GC(793) Pause Remark 24M->24M(1024M) 1.032ms
[353.618s][info][gc,cpu         ] GC(793) User=0.00s Sys=0.00s Real=0.00s
[353.618s][info][gc,marking     ] GC(793) Concurrent Mark 4.416ms
[353.618s][info][gc,marking     ] GC(793) Concurrent Rebuild Remembered Sets and Scrub Regions
[353.619s][info][gc,marking     ] GC(793) Concurrent Rebuild Remembered Sets and Scrub Regions 1.011ms
[353.619s][info][gc,start       ] GC(793) Pause Cleanup
[353.619s][info][gc             ] GC(793) Pause Cleanup 29M->29M(1024M) 0.118ms
[353.619s][info][gc,cpu         ] GC(793) User=0.00s Sys=0.00s Real=0.00s
[353.619s][info][gc,marking     ] GC(793) Concurrent Clear Claimed Marks
[353.619s][info][gc,marking     ] GC(793) Concurrent Clear Claimed Marks 0.026ms
[353.619s][info][gc,marking     ] GC(793) Concurrent Cleanup for Next Mark
[353.622s][info][gc,marking     ] GC(793) Concurrent Cleanup for Next Mark 2.440ms
[353.622s][info][gc             ] GC(793) Concurrent Mark Cycle 8.681ms
[353.711s][info][gc,start       ] GC(794) Pause Young (Prepare Mixed) (G1 Evacuation Pause)
[353.711s][info][gc,task        ] GC(794) Using 6 workers of 6 for evacuation
[353.712s][info][gc,phases      ] GC(794)   Pre Evacuate Collection Set: 0.2ms
[353.712s][info][gc,phases      ] GC(794)   Merge Heap Roots: 0.1ms
[353.712s][info][gc,phases      ] GC(794)   Evacuate Collection Set: 0.3ms
[353.712s][info][gc,phases      ] GC(794)   Post Evacuate Collection Set: 0.4ms
[353.712s][info][gc,phases      ] GC(794)   Other: 0.1ms
[353.712s][info][gc,heap        ] GC(794) Eden regions: 613->0(613)
[353.712s][info][gc,heap        ] GC(794) Survivor regions: 1->1(77)
[353.712s][info][gc,heap        ] GC(794) Old regions: 9->9
[353.712s][info][gc,heap        ] GC(794) Humongous regions: 2->2
[353.712s][info][gc,metaspace   ] GC(794) Metaspace: 16603K(16960K)->16603K(16960K) NonClass: 14277K(14464K)->14277K(14464K) Class: 2325K(2496K)->2325K(2496K)
[353.712s][info][gc             ] GC(794) Pause Young (Prepare Mixed) (G1 Evacuation Pause) 619M->6M(1024M) 1.197ms
[353.712s][info][gc,cpu         ] GC(794) User=0.00s Sys=0.00s Real=0.00s
[353.808s][info][gc,start       ] GC(795) Pause Young (Mixed) (G1 Evacuation Pause)
[353.808s][info][gc,task        ] GC(795) Using 6 workers of 6 for evacuation
[353.809s][info][gc,phases      ] GC(795)   Pre Evacuate Collection Set: 0.2ms
[353.809s][info][gc,phases      ] GC(795)   Merge Heap Roots: 0.1ms
[353.809s][info][gc,phases      ] GC(795)   Evacuate Collection Set: 0.3ms
[353.809s][info][gc,phases      ] GC(795)   Post Evacuate Collection Set: 0.4ms
[353.809s][info][gc,phases      ] GC(795)   Other: 0.1ms
[353.809s][info][gc,heap        ] GC(795) Eden regions: 613->0(613)
[353.809s][info][gc,heap        ] GC(795) Survivor regions: 1->1(77)
[353.809s][info][gc,heap        ] GC(795) Old regions: 9->8
[353.809s][info][gc,heap        ] GC(795) Humongous regions: 2->2
[353.809s][info][gc,metaspace   ] GC(795) Metaspace: 16603K(16960K)->16603K(16960K) NonClass: 14277K(14464K)->14277K(14464K) Class: 2325K(2496K)->2325K(2496K)
[353.809s][info][gc             ] GC(795) Pause Young (Mixed) (G1 Evacuation Pause) 619M->6M(1024M) 1.145ms
[353.809s][info][gc,cpu         ] GC(795) User=0.00s Sys=0.00s Real=0.00s
[353.908s][info][gc,start       ] GC(796) Pause Young (Concurrent Start) (G1 Evacuation Pause)
[353.908s][info][gc,task        ] GC(796) Using 6 workers of 6 for evacuation
[353.910s][info][gc,phases      ] GC(796)   Pre Evacuate Collection Set: 0.2ms
[353.910s][info][gc,phases      ] GC(796)   Merge Heap Roots: 0.1ms
[353.910s][info][gc,phases      ] GC(796)   Evacuate Collection Set: 0.4ms
[353.910s][info][gc,phases      ] GC(796)   Post Evacuate Collection Set: 0.4ms
[353.910s][info][gc,phases      ] GC(796)   Other: 0.1ms
[353.910s][info][gc,heap        ] GC(796) Eden regions: 613->0(613)
[353.910s][info][gc,heap        ] GC(796) Survivor regions: 1->1(77)
[353.910s][info][gc,heap        ] GC(796) Old regions: 8->8
[353.910s][info][gc,heap        ] GC(796) Humongous regions: 2->2
[353.910s][info][gc,metaspace   ] GC(796) Metaspace: 16603K(16960K)->16603K(16960K) NonClass: 14277K(14464K)->14277K(14464K) Class: 2325K(2496K)->2325K(2496K)
[353.910s][info][gc             ] GC(796) Pause Young (Concurrent Start) (G1 Evacuation Pause) 619M->6M(1024M) 1.401ms
[353.910s][info][gc             ] GC(797) Concurrent Mark Cycle
[353.910s][info][gc,cpu         ] GC(796) User=0.00s Sys=0.00s Real=0.00s
[353.910s][info][gc,marking     ] GC(797) Concurrent Scan Root Regions
[353.910s][info][gc,marking     ] GC(797) Concurrent Scan Root Regions 0.306ms
[353.910s][info][gc,marking     ] GC(797) Concurrent Mark
[353.910s][info][gc,marking     ] GC(797) Concurrent Mark From Roots
[353.910s][info][gc,task        ] GC(797) Using 2 workers of 2 for marking
[353.913s][info][gc,marking     ] GC(797) Concurrent Mark From Roots 3.012ms
[353.913s][info][gc,marking     ] GC(797) Concurrent Preclean
[353.913s][info][gc,marking     ] GC(797) Concurrent Preclean 0.019ms
[353.913s][info][gc,start       ] GC(797) Pause Remark
[353.914s][info][gc             ] GC(797) Pause Remark 20M->20M(1024M) 1.232ms
[353.915s][info][gc,cpu         ] GC(797) User=0.00s Sys=0.00s Real=0.00s
[353.915s][info][gc,marking     ] GC(797) Concurrent Mark 4.511ms
[353.915s][info][gc,marking     ] GC(797) Concurrent Rebuild Remembered Sets and Scrub Regions
[353.916s][info][gc,marking     ] GC(797) Concurrent Rebuild Remembered Sets and Scrub Regions 0.983ms
[353.916s][info][gc,start       ] GC(797) Pause Cleanup
[353.916s][info][gc             ] GC(797) Pause Cleanup 24M->24M(1024M) 0.158ms
[353.916s][info][gc,cpu         ] GC(797) User=0.00s Sys=0.00s Real=0.00s
[353.916s][info][gc,marking     ] GC(797) Concurrent Clear Claimed Marks
[353.916s][info][gc,marking     ] GC(797) Concurrent Clear Claimed Marks 0.032ms
[353.916s][info][gc,marking     ] GC(797) Concurrent Cleanup for Next Mark
[353.918s][info][gc,marking     ] GC(797) Concurrent Cleanup for Next Mark 2.454ms
[353.919s][info][gc             ] GC(797) Concurrent Mark Cycle 8.838ms
[354.105s][info][gc,start       ] GC(798) Pause Young (Prepare Mixed) (G1 Evacuation Pause)
[354.105s][info][gc,task        ] GC(798) Using 6 workers of 6 for evacuation
[354.164s][info][gc,phases      ] GC(798)   Pre Evacuate Collection Set: 0.1ms
[354.165s][info][gc,phases      ] GC(798)   Merge Heap Roots: 0.1ms
[354.165s][info][gc,phases      ] GC(798)   Evacuate Collection Set: 57.6ms
[354.165s][info][gc,phases      ] GC(798)   Post Evacuate Collection Set: 0.7ms
[354.165s][info][gc,phases      ] GC(798)   Other: 0.1ms
[354.165s][info][gc,heap        ] GC(798) Eden regions: 613->0(537)
[354.165s][info][gc,heap        ] GC(798) Survivor regions: 1->77(77)
[354.165s][info][gc,heap        ] GC(798) Old regions: 7->59
[354.165s][info][gc,heap        ] GC(798) Humongous regions: 3->3
[354.165s][info][gc,metaspace   ] GC(798) Metaspace: 16603K(16960K)->16603K(16960K) NonClass: 14277K(14464K)->14277K(14464K) Class: 2325K(2496K)->2325K(2496K)
[354.165s][info][gc             ] GC(798) Pause Young (Prepare Mixed) (G1 Evacuation Pause) 620M->135M(1024M) 60.535ms
[354.166s][info][gc,cpu         ] GC(798) User=0.38s Sys=0.00s Real=0.08s
[357.145s][info][gc,start       ] GC(799) Pause Young (Mixed) (G1 Evacuation Pause)
[357.145s][info][gc,task        ] GC(799) Using 6 workers of 6 for evacuation
[357.296s][info][gc,phases      ] GC(799)   Pre Evacuate Collection Set: 0.3ms
[357.296s][info][gc,phases      ] GC(799)   Merge Heap Roots: 0.5ms
[357.296s][info][gc,phases      ] GC(799)   Evacuate Collection Set: 149.0ms
[357.296s][info][gc,phases      ] GC(799)   Post Evacuate Collection Set: 1.1ms
[357.296s][info][gc,phases      ] GC(799)   Other: 0.1ms
[357.296s][info][gc,heap        ] GC(799) Eden regions: 537->0(333)
[357.296s][info][gc,heap        ] GC(799) Survivor regions: 77->77(77)
[357.296s][info][gc,heap        ] GC(799) Old regions: 59->328
[357.296s][info][gc,heap        ] GC(799) Humongous regions: 4->4
[357.296s][info][gc,metaspace   ] GC(799) Metaspace: 16603K(16960K)->16603K(16960K) NonClass: 14277K(14464K)->14277K(14464K) Class: 2325K(2496K)->2325K(2496K)
[357.296s][info][gc             ] GC(799) Pause Young (Mixed) (G1 Evacuation Pause) 673M->406M(1024M) 151.225ms
[357.296s][info][gc,cpu         ] GC(799) User=0.83s Sys=0.00s Real=0.16s
[357.486s][info][gc,start       ] GC(800) Pause Young (Concurrent Start) (G1 Evacuation Pause)
[357.486s][info][gc,task        ] GC(800) Using 6 workers of 6 for evacuation
[357.599s][info][gc,phases      ] GC(800)   Pre Evacuate Collection Set: 0.2ms
[357.599s][info][gc,phases      ] GC(800)   Merge Heap Roots: 0.6ms
[357.599s][info][gc,phases      ] GC(800)   Evacuate Collection Set: 110.5ms
[357.599s][info][gc,phases      ] GC(800)   Post Evacuate Collection Set: 0.9ms
[357.599s][info][gc,phases      ] GC(800)   Other: 0.1ms
[357.599s][info][gc,heap        ] GC(800) Eden regions: 333->0(240)
[357.599s][info][gc,heap        ] GC(800) Survivor regions: 77->52(52)
[357.599s][info][gc,heap        ] GC(800) Old regions: 328->496
[357.599s][info][gc,heap        ] GC(800) Humongous regions: 4->4
[357.599s][info][gc,metaspace   ] GC(800) Metaspace: 16603K(16960K)->16603K(16960K) NonClass: 14277K(14464K)->14277K(14464K) Class: 2325K(2496K)->2325K(2496K)
[357.599s][info][gc             ] GC(800) Pause Young (Concurrent Start) (G1 Evacuation Pause) 739M->549M(1024M) 112.558ms
[357.599s][info][gc             ] GC(801) Concurrent Mark Cycle
[357.599s][info][gc,cpu         ] GC(800) User=0.59s Sys=0.00s Real=0.11s
[357.599s][info][gc,marking     ] GC(801) Concurrent Scan Root Regions
[357.640s][info][gc,marking     ] GC(801) Concurrent Scan Root Regions 40.957ms
[357.640s][info][gc,marking     ] GC(801) Concurrent Mark
[357.640s][info][gc,marking     ] GC(801) Concurrent Mark From Roots
[357.640s][info][gc,task        ] GC(801) Using 2 workers of 2 for marking
[357.650s][info][gc,marking     ] GC(801) Concurrent Mark From Roots 9.947ms
[357.650s][info][gc,marking     ] GC(801) Concurrent Preclean
[357.650s][info][gc,marking     ] GC(801) Concurrent Preclean 0.042ms
[357.650s][info][gc,start       ] GC(801) Pause Remark
[357.651s][info][gc             ] GC(801) Pause Remark 630M->427M(1024M) 1.170ms
[357.651s][info][gc,cpu         ] GC(801) User=0.00s Sys=0.00s Real=0.00s
[357.651s][info][gc,marking     ] GC(801) Concurrent Mark 11.364ms
[357.651s][info][gc,marking     ] GC(801) Concurrent Rebuild Remembered Sets and Scrub Regions
[357.708s][info][gc,marking     ] GC(801) Concurrent Rebuild Remembered Sets and Scrub Regions 56.468ms
[357.708s][info][gc,start       ] GC(801) Pause Cleanup
[357.708s][info][gc             ] GC(801) Pause Cleanup 512M->512M(1024M) 0.276ms
[357.708s][info][gc,cpu         ] GC(801) User=0.00s Sys=0.00s Real=0.00s
[357.708s][info][gc,marking     ] GC(801) Concurrent Clear Claimed Marks
[357.708s][info][gc,marking     ] GC(801) Concurrent Clear Claimed Marks 0.029ms
[357.708s][info][gc,marking     ] GC(801) Concurrent Cleanup for Next Mark
[357.710s][info][gc,marking     ] GC(801) Concurrent Cleanup for Next Mark 1.703ms
[357.710s][info][gc             ] GC(801) Concurrent Mark Cycle 111.178ms
[357.755s][info][gc,start       ] GC(802) Pause Young (Prepare Mixed) (G1 Evacuation Pause)
[357.755s][info][gc,task        ] GC(802) Using 6 workers of 6 for evacuation
[357.832s][info][gc,phases      ] GC(802)   Pre Evacuate Collection Set: 0.2ms
[357.832s][info][gc,phases      ] GC(802)   Merge Heap Roots: 1.0ms
[357.832s][info][gc,phases      ] GC(802)   Evacuate Collection Set: 75.0ms
[357.832s][info][gc,phases      ] GC(802)   Post Evacuate Collection Set: 0.4ms
[357.832s][info][gc,phases      ] GC(802)   Other: 0.1ms
[357.832s][info][gc,heap        ] GC(802) Eden regions: 240->0(287)
[357.832s][info][gc,heap        ] GC(802) Survivor regions: 52->37(37)
[357.832s][info][gc,heap        ] GC(802) Old regions: 294->411
[357.832s][info][gc,heap        ] GC(802) Humongous regions: 3->3
[357.832s][info][gc,metaspace   ] GC(802) Metaspace: 16603K(16960K)->16603K(16960K) NonClass: 14277K(14464K)->14277K(14464K) Class: 2325K(2496K)->2325K(2496K)
[357.832s][info][gc             ] GC(802) Pause Young (Prepare Mixed) (G1 Evacuation Pause) 586M->448M(1024M) 76.908ms
[357.832s][info][gc,cpu         ] GC(802) User=0.39s Sys=0.00s Real=0.08s
[358.009s][info][gc,start       ] GC(803) Pause Young (Mixed) (G1 Evacuation Pause)
[358.009s][info][gc,task        ] GC(803) Using 6 workers of 6 for evacuation
[358.085s][info][gc,phases      ] GC(803)   Pre Evacuate Collection Set: 0.4ms
[358.085s][info][gc,phases      ] GC(803)   Merge Heap Roots: 0.2ms
[358.085s][info][gc,phases      ] GC(803)   Evacuate Collection Set: 75.0ms
[358.085s][info][gc,phases      ] GC(803)   Post Evacuate Collection Set: 0.5ms
[358.085s][info][gc,phases      ] GC(803)   Other: 0.1ms
[358.085s][info][gc,heap        ] GC(803) Eden regions: 287->0(256)
[358.085s][info][gc,heap        ] GC(803) Survivor regions: 37->41(41)
[358.085s][info][gc,heap        ] GC(803) Old regions: 411->462
[358.085s][info][gc,heap        ] GC(803) Humongous regions: 3->3
[358.085s][info][gc,metaspace   ] GC(803) Metaspace: 16603K(16960K)->16603K(16960K) NonClass: 14277K(14464K)->14277K(14464K) Class: 2325K(2496K)->2325K(2496K)
[358.085s][info][gc             ] GC(803) Pause Young (Mixed) (G1 Evacuation Pause) 735M->504M(1024M) 76.476ms
[358.085s][info][gc,cpu         ] GC(803) User=0.39s Sys=0.00s Real=0.08s
[358.164s][info][gc,start       ] GC(804) Pause Young (Concurrent Start) (G1 Humongous Allocation)
[358.164s][info][gc,task        ] GC(804) Using 6 workers of 6 for evacuation
[358.209s][info][gc,phases      ] GC(804)   Pre Evacuate Collection Set: 0.4ms
[358.209s][info][gc,phases      ] GC(804)   Merge Heap Roots: 0.2ms
[358.209s][info][gc,phases      ] GC(804)   Evacuate Collection Set: 44.5ms
[358.209s][info][gc,phases      ] GC(804)   Post Evacuate Collection Set: 0.3ms
[358.209s][info][gc,phases      ] GC(804)   Other: 0.2ms
[358.209s][info][gc,heap        ] GC(804) Eden regions: 127->0(227)
[358.209s][info][gc,heap        ] GC(804) Survivor regions: 41->38(38)
[358.209s][info][gc,heap        ] GC(804) Old regions: 462->521
[358.209s][info][gc,heap        ] GC(804) Humongous regions: 3->3
[358.209s][info][gc,metaspace   ] GC(804) Metaspace: 16603K(16960K)->16603K(16960K) NonClass: 14277K(14464K)->14277K(14464K) Class: 2325K(2496K)->2325K(2496K)
[358.209s][info][gc             ] GC(804) Pause Young (Concurrent Start) (G1 Humongous Allocation) 631M->560M(1024M) 45.777ms
[358.209s][info][gc             ] GC(805) Concurrent Mark Cycle
[358.209s][info][gc,cpu         ] GC(804) User=0.17s Sys=0.00s Real=0.05s
[358.209s][info][gc,marking     ] GC(805) Concurrent Scan Root Regions
[358.238s][info][gc,marking     ] GC(805) Concurrent Scan Root Regions 28.579ms
[358.238s][info][gc,marking     ] GC(805) Concurrent Mark
[358.238s][info][gc,marking     ] GC(805) Concurrent Mark From Roots
[358.238s][info][gc,task        ] GC(805) Using 2 workers of 2 for marking
[358.469s][info][gc,marking     ] GC(805) Concurrent Mark From Roots 231.043ms
[358.469s][info][gc,marking     ] GC(805) Concurrent Preclean
[358.469s][info][gc,marking     ] GC(805) Concurrent Preclean 0.045ms
[358.469s][info][gc,start       ] GC(805) Pause Remark
[358.471s][info][gc             ] GC(805) Pause Remark 632M->512M(1024M) 1.312ms
[358.471s][info][gc,cpu         ] GC(805) User=0.00s Sys=0.00s Real=0.00s
[358.471s][info][gc,marking     ] GC(805) Concurrent Mark 232.679ms
[358.471s][info][gc,marking     ] GC(805) Concurrent Rebuild Remembered Sets and Scrub Regions
[358.792s][info][gc,marking     ] GC(805) Concurrent Rebuild Remembered Sets and Scrub Regions 321.136ms
[358.792s][info][gc,start       ] GC(805) Pause Cleanup
[358.792s][info][gc             ] GC(805) Pause Cleanup 641M->641M(1024M) 0.252ms
[358.792s][info][gc,cpu         ] GC(805) User=0.00s Sys=0.00s Real=0.00s
[358.792s][info][gc,marking     ] GC(805) Concurrent Clear Claimed Marks
[358.792s][info][gc,marking     ] GC(805) Concurrent Clear Claimed Marks 0.046ms
[358.792s][info][gc,marking     ] GC(805) Concurrent Cleanup for Next Mark
[358.794s][info][gc,marking     ] GC(805) Concurrent Cleanup for Next Mark 1.318ms
[358.794s][info][gc             ] GC(805) Concurrent Mark Cycle 584.433ms
[358.852s][info][gc,start       ] GC(806) Pause Young (Prepare Mixed) (G1 Evacuation Pause)
[358.852s][info][gc,task        ] GC(806) Using 6 workers of 6 for evacuation
[358.918s][info][gc,phases      ] GC(806)   Pre Evacuate Collection Set: 0.2ms
[358.918s][info][gc,phases      ] GC(806)   Merge Heap Roots: 2.4ms
[358.918s][info][gc,phases      ] GC(806)   Evacuate Collection Set: 62.2ms
[358.918s][info][gc,phases      ] GC(806)   Post Evacuate Collection Set: 1.2ms
[358.918s][info][gc,phases      ] GC(806)   Other: 0.1ms
[358.918s][info][gc,heap        ] GC(806) Eden regions: 227->0(285)
[358.918s][info][gc,heap        ] GC(806) Survivor regions: 38->34(34)
[358.918s][info][gc,heap        ] GC(806) Old regions: 402->440
[358.918s][info][gc,heap        ] GC(806) Humongous regions: 8->8
[358.918s][info][gc,metaspace   ] GC(806) Metaspace: 16603K(16960K)->16603K(16960K) NonClass: 14277K(14464K)->14277K(14464K) Class: 2325K(2496K)->2325K(2496K)
[358.918s][info][gc             ] GC(806) Pause Young (Prepare Mixed) (G1 Evacuation Pause) 673M->480M(1024M) 66.296ms
[358.918s][info][gc,cpu         ] GC(806) User=0.30s Sys=0.00s Real=0.06s
[359.427s][info][gc,start       ] GC(807) Pause Young (Mixed) (G1 Evacuation Pause)
[359.427s][info][gc,task        ] GC(807) Using 6 workers of 6 for evacuation
[359.454s][info][gc,phases      ] GC(807)   Pre Evacuate Collection Set: 0.5ms
[359.454s][info][gc,phases      ] GC(807)   Merge Heap Roots: 1.4ms
[359.454s][info][gc,phases      ] GC(807)   Evacuate Collection Set: 24.4ms
[359.454s][info][gc,phases      ] GC(807)   Post Evacuate Collection Set: 0.5ms
[359.454s][info][gc,phases      ] GC(807)   Other: 0.1ms
[359.454s][info][gc,heap        ] GC(807) Eden regions: 285->0(328)
[359.454s][info][gc,heap        ] GC(807) Survivor regions: 34->3(40)
[359.454s][info][gc,heap        ] GC(807) Old regions: 440->446
[359.454s][info][gc,heap        ] GC(807) Humongous regions: 8->8
[359.454s][info][gc,metaspace   ] GC(807) Metaspace: 16603K(16960K)->16603K(16960K) NonClass: 14277K(14464K)->14277K(14464K) Class: 2325K(2496K)->2325K(2496K)
[359.454s][info][gc             ] GC(807) Pause Young (Mixed) (G1 Evacuation Pause) 765M->455M(1024M) 27.088ms
[359.454s][info][gc,cpu         ] GC(807) User=0.09s Sys=0.00s Real=0.03s
[360.263s][info][gc,start       ] GC(808) Pause Full (System.gc())
[360.263s][info][gc,task        ] GC(808) Using 6 workers of 6 for full compaction
[360.263s][info][gc,phases,start] GC(808) Phase 1: Mark live objects
[360.265s][info][gc,phases      ] GC(808) Phase 1: Mark live objects 2.185ms
[360.265s][info][gc,phases,start] GC(808) Phase 2: Prepare compaction
[360.266s][info][gc,phases      ] GC(808) Phase 2: Prepare compaction 0.594ms
[360.266s][info][gc,phases,start] GC(808) Phase 3: Adjust pointers
[360.268s][info][gc,phases      ] GC(808) Phase 3: Adjust pointers 2.334ms
[360.268s][info][gc,phases,start] GC(808) Phase 4: Compact heap
[360.269s][info][gc,phases      ] GC(808) Phase 4: Compact heap 0.668ms
[360.269s][info][gc,phases,start] GC(808) Phase 5: Reset Metadata
[360.270s][info][gc,phases      ] GC(808) Phase 5: Reset Metadata 0.656ms
[360.273s][info][gc,heap        ] GC(808) Eden regions: 149->0(581)
[360.273s][info][gc,heap        ] GC(808) Survivor regions: 3->0(40)
[360.273s][info][gc,heap        ] GC(808) Old regions: 446->8
[360.273s][info][gc,heap        ] GC(808) Humongous regions: 8->2
[360.273s][info][gc,metaspace   ] GC(808) Metaspace: 16603K(16960K)->16603K(16960K) NonClass: 14277K(14464K)->14277K(14464K) Class: 2325K(2496K)->2325K(2496K)
[360.273s][info][gc             ] GC(808) Pause Full (System.gc()) 603M->5M(1024M) 10.458ms
[360.273s][info][gc,cpu         ] GC(808) User=0.02s Sys=0.00s Real=0.01s
[361.416s][info][gc,start       ] GC(809) Pause Young (Concurrent Start) (G1 Evacuation Pause)
[361.416s][info][gc,task        ] GC(809) Using 6 workers of 6 for evacuation
[361.417s][info][gc,phases      ] GC(809)   Pre Evacuate Collection Set: 0.2ms
[361.417s][info][gc,phases      ] GC(809)   Merge Heap Roots: 0.1ms
[361.417s][info][gc,phases      ] GC(809)   Evacuate Collection Set: 0.4ms
[361.417s][info][gc,phases      ] GC(809)   Post Evacuate Collection Set: 0.4ms
[361.417s][info][gc,phases      ] GC(809)   Other: 0.1ms
[361.417s][info][gc,heap        ] GC(809) Eden regions: 581->0(612)
[361.417s][info][gc,heap        ] GC(809) Survivor regions: 0->2(73)
[361.417s][info][gc,heap        ] GC(809) Old regions: 8->8
[361.417s][info][gc,heap        ] GC(809) Humongous regions: 2->2
[361.417s][info][gc,metaspace   ] GC(809) Metaspace: 16604K(16960K)->16604K(16960K) NonClass: 14278K(14464K)->14278K(14464K) Class: 2325K(2496K)->2325K(2496K)
[361.417s][info][gc             ] GC(809) Pause Young (Concurrent Start) (G1 Evacuation Pause) 586M->7M(1024M) 1.368ms
[361.417s][info][gc,cpu         ] GC(809) User=0.00s Sys=0.00s Real=0.00s
[361.417s][info][gc             ] GC(810) Concurrent Mark Cycle
[361.417s][info][gc,marking     ] GC(810) Concurrent Scan Root Regions
[361.417s][info][gc,marking     ] GC(810) Concurrent Scan Root Regions 0.174ms
[361.417s][info][gc,marking     ] GC(810) Concurrent Mark
[361.417s][info][gc,marking     ] GC(810) Concurrent Mark From Roots
[361.417s][info][gc,task        ] GC(810) Using 2 workers of 2 for marking
[361.420s][info][gc,marking     ] GC(810) Concurrent Mark From Roots 3.034ms
[361.420s][info][gc,marking     ] GC(810) Concurrent Preclean
[361.420s][info][gc,marking     ] GC(810) Concurrent Preclean 0.019ms
[361.421s][info][gc,start       ] GC(810) Pause Remark
[361.422s][info][gc             ] GC(810) Pause Remark 25M->25M(1024M) 1.145ms
[361.422s][info][gc,cpu         ] GC(810) User=0.00s Sys=0.00s Real=0.00s
[361.422s][info][gc,marking     ] GC(810) Concurrent Mark 4.772ms
[361.422s][info][gc,marking     ] GC(810) Concurrent Rebuild Remembered Sets and Scrub Regions
[361.423s][info][gc,marking     ] GC(810) Concurrent Rebuild Remembered Sets and Scrub Regions 0.993ms
[361.423s][info][gc,start       ] GC(810) Pause Cleanup
[361.423s][info][gc             ] GC(810) Pause Cleanup 30M->30M(1024M) 0.125ms
[361.423s][info][gc,cpu         ] GC(810) User=0.00s Sys=0.00s Real=0.00s
[361.423s][info][gc,marking     ] GC(810) Concurrent Clear Claimed Marks
[361.423s][info][gc,marking     ] GC(810) Concurrent Clear Claimed Marks 0.021ms
[361.423s][info][gc,marking     ] GC(810) Concurrent Cleanup for Next Mark
[361.426s][info][gc,marking     ] GC(810) Concurrent Cleanup for Next Mark 2.381ms
[361.426s][info][gc             ] GC(810) Concurrent Mark Cycle 8.839ms
[361.516s][info][gc,start       ] GC(811) Pause Young (Prepare Mixed) (G1 Evacuation Pause)
[361.516s][info][gc,task        ] GC(811) Using 6 workers of 6 for evacuation
[361.517s][info][gc,phases      ] GC(811)   Pre Evacuate Collection Set: 0.2ms
[361.517s][info][gc,phases      ] GC(811)   Merge Heap Roots: 0.1ms
[361.517s][info][gc,phases      ] GC(811)   Evacuate Collection Set: 0.3ms
[361.517s][info][gc,phases      ] GC(811)   Post Evacuate Collection Set: 0.3ms
[361.517s][info][gc,phases      ] GC(811)   Other: 0.1ms
[361.517s][info][gc,heap        ] GC(811) Eden regions: 612->0(613)
[361.517s][info][gc,heap        ] GC(811) Survivor regions: 2->1(77)
[361.517s][info][gc,heap        ] GC(811) Old regions: 8->8
[361.517s][info][gc,heap        ] GC(811) Humongous regions: 2->2
[361.517s][info][gc,metaspace   ] GC(811) Metaspace: 16604K(16960K)->16604K(16960K) NonClass: 14278K(14464K)->14278K(14464K) Class: 2325K(2496K)->2325K(2496K)
[361.517s][info][gc             ] GC(811) Pause Young (Prepare Mixed) (G1 Evacuation Pause) 619M->6M(1024M) 1.175ms
[361.517s][info][gc,cpu         ] GC(811) User=0.00s Sys=0.00s Real=0.00s
[361.613s][info][gc,start       ] GC(812) Pause Young (Mixed) (G1 Evacuation Pause)
[361.613s][info][gc,task        ] GC(812) Using 6 workers of 6 for evacuation
[361.614s][info][gc,phases      ] GC(812)   Pre Evacuate Collection Set: 0.2ms
[361.614s][info][gc,phases      ] GC(812)   Merge Heap Roots: 0.1ms
[361.614s][info][gc,phases      ] GC(812)   Evacuate Collection Set: 0.3ms
[361.614s][info][gc,phases      ] GC(812)   Post Evacuate Collection Set: 0.4ms
[361.614s][info][gc,phases      ] GC(812)   Other: 0.1ms
[361.614s][info][gc,heap        ] GC(812) Eden regions: 613->0(613)
[361.614s][info][gc,heap        ] GC(812) Survivor regions: 1->1(77)
[361.614s][info][gc,heap        ] GC(812) Old regions: 8->8
[361.614s][info][gc,heap        ] GC(812) Humongous regions: 2->2
[361.614s][info][gc,metaspace   ] GC(812) Metaspace: 16604K(16960K)->16604K(16960K) NonClass: 14278K(14464K)->14278K(14464K) Class: 2325K(2496K)->2325K(2496K)
[361.614s][info][gc             ] GC(812) Pause Young (Mixed) (G1 Evacuation Pause) 619M->6M(1024M) 1.176ms
[361.614s][info][gc,cpu         ] GC(812) User=0.00s Sys=0.00s Real=0.00s
[361.711s][info][gc,start       ] GC(813) Pause Young (Concurrent Start) (G1 Evacuation Pause)
[361.711s][info][gc,task        ] GC(813) Using 6 workers of 6 for evacuation
[361.712s][info][gc,phases      ] GC(813)   Pre Evacuate Collection Set: 0.2ms
[361.712s][info][gc,phases      ] GC(813)   Merge Heap Roots: 0.1ms
[361.712s][info][gc,phases      ] GC(813)   Evacuate Collection Set: 0.4ms
[361.712s][info][gc,phases      ] GC(813)   Post Evacuate Collection Set: 0.3ms
[361.712s][info][gc,phases      ] GC(813)   Other: 0.1ms
[361.712s][info][gc,heap        ] GC(813) Eden regions: 613->0(613)
[361.712s][info][gc,heap        ] GC(813) Survivor regions: 1->1(77)
[361.712s][info][gc,heap        ] GC(813) Old regions: 8->8
[361.712s][info][gc,heap        ] GC(813) Humongous regions: 2->2
[361.712s][info][gc,metaspace   ] GC(813) Metaspace: 16604K(16960K)->16604K(16960K) NonClass: 14278K(14464K)->14278K(14464K) Class: 2325K(2496K)->2325K(2496K)
[361.712s][info][gc             ] GC(813) Pause Young (Concurrent Start) (G1 Evacuation Pause) 619M->6M(1024M) 1.324ms
[361.712s][info][gc,cpu         ] GC(813) User=0.00s Sys=0.00s Real=0.00s
[361.712s][info][gc             ] GC(814) Concurrent Mark Cycle
[361.712s][info][gc,marking     ] GC(814) Concurrent Scan Root Regions
[361.713s][info][gc,marking     ] GC(814) Concurrent Scan Root Regions 0.270ms
[361.713s][info][gc,marking     ] GC(814) Concurrent Mark
[361.713s][info][gc,marking     ] GC(814) Concurrent Mark From Roots
[361.713s][info][gc,task        ] GC(814) Using 2 workers of 2 for marking
[361.716s][info][gc,marking     ] GC(814) Concurrent Mark From Roots 3.159ms
[361.716s][info][gc,marking     ] GC(814) Concurrent Preclean
[361.716s][info][gc,marking     ] GC(814) Concurrent Preclean 0.020ms
[361.716s][info][gc,start       ] GC(814) Pause Remark
[361.717s][info][gc             ] GC(814) Pause Remark 24M->24M(1024M) 1.060ms
[361.717s][info][gc,cpu         ] GC(814) User=0.00s Sys=0.00s Real=0.00s
[361.717s][info][gc,marking     ] GC(814) Concurrent Mark 4.507ms
[361.717s][info][gc,marking     ] GC(814) Concurrent Rebuild Remembered Sets and Scrub Regions
[361.718s][info][gc,marking     ] GC(814) Concurrent Rebuild Remembered Sets and Scrub Regions 0.997ms
[361.718s][info][gc,start       ] GC(814) Pause Cleanup
[361.718s][info][gc             ] GC(814) Pause Cleanup 28M->28M(1024M) 0.096ms
[361.718s][info][gc,cpu         ] GC(814) User=0.00s Sys=0.00s Real=0.00s
[361.719s][info][gc,marking     ] GC(814) Concurrent Clear Claimed Marks
[361.719s][info][gc,marking     ] GC(814) Concurrent Clear Claimed Marks 0.022ms
[361.719s][info][gc,marking     ] GC(814) Concurrent Cleanup for Next Mark
[361.721s][info][gc,marking     ] GC(814) Concurrent Cleanup for Next Mark 2.379ms
[361.721s][info][gc             ] GC(814) Concurrent Mark Cycle 8.663ms
[361.878s][info][gc,start       ] GC(815) Pause Young (Prepare Mixed) (G1 Evacuation Pause)
[361.878s][info][gc,task        ] GC(815) Using 6 workers of 6 for evacuation
[361.924s][info][gc,phases      ] GC(815)   Pre Evacuate Collection Set: 0.2ms
[361.924s][info][gc,phases      ] GC(815)   Merge Heap Roots: 0.1ms
[361.924s][info][gc,phases      ] GC(815)   Evacuate Collection Set: 44.3ms
[361.924s][info][gc,phases      ] GC(815)   Post Evacuate Collection Set: 0.8ms
[361.924s][info][gc,phases      ] GC(815)   Other: 0.1ms
[361.924s][info][gc,heap        ] GC(815) Eden regions: 613->0(537)
[361.924s][info][gc,heap        ] GC(815) Survivor regions: 1->77(77)
[361.924s][info][gc,heap        ] GC(815) Old regions: 8->30
[361.924s][info][gc,heap        ] GC(815) Humongous regions: 3->3
[361.924s][info][gc,metaspace   ] GC(815) Metaspace: 16604K(16960K)->16604K(16960K) NonClass: 14278K(14464K)->14278K(14464K) Class: 2325K(2496K)->2325K(2496K)
[361.924s][info][gc             ] GC(815) Pause Young (Prepare Mixed) (G1 Evacuation Pause) 620M->106M(1024M) 45.664ms
[361.924s][info][gc,cpu         ] GC(815) User=0.03s Sys=0.00s Real=0.05s
[362.428s][info][gc,start       ] GC(816) Pause Young (Mixed) (G1 Evacuation Pause)
[362.428s][info][gc,task        ] GC(816) Using 6 workers of 6 for evacuation
[362.601s][info][gc,phases      ] GC(816)   Pre Evacuate Collection Set: 0.2ms
[362.601s][info][gc,phases      ] GC(816)   Merge Heap Roots: 0.2ms
[362.601s][info][gc,phases      ] GC(816)   Evacuate Collection Set: 165.2ms
[362.601s][info][gc,phases      ] GC(816)   Post Evacuate Collection Set: 7.2ms
[362.601s][info][gc,phases      ] GC(816)   Other: 0.1ms
[362.601s][info][gc,heap        ] GC(816) Eden regions: 537->0(0)
[362.601s][info][gc,heap        ] GC(816) Survivor regions: 77->77(77)
[362.601s][info][gc,heap        ] GC(816) Old regions: 30->920
[362.601s][info][gc,heap        ] GC(816) Humongous regions: 4->4
[362.601s][info][gc,metaspace   ] GC(816) Metaspace: 16604K(16960K)->16604K(16960K) NonClass: 14278K(14464K)->14278K(14464K) Class: 2325K(2496K)->2325K(2496K)
[362.601s][info][gc             ] GC(816) Pause Young (Mixed) (G1 Evacuation Pause) (Evacuation Failure) 644M->998M(1024M) 173.055ms
[362.601s][info][gc,cpu         ] GC(816) User=0.95s Sys=0.00s Real=0.17s
[362.601s][info][gc,ergo        ] Attempting full compaction
[362.601s][info][gc,start       ] GC(817) Pause Full (G1 Compaction Pause)
[362.601s][info][gc,task        ] GC(817) Using 6 workers of 6 for full compaction
[362.602s][info][gc,phases,start] GC(817) Phase 1: Mark live objects
[362.714s][info][gc,phases      ] GC(817) Phase 1: Mark live objects 112.757ms
[362.714s][info][gc,phases,start] GC(817) Phase 2: Prepare compaction
[362.719s][info][gc,phases      ] GC(817) Phase 2: Prepare compaction 4.871ms
[362.719s][info][gc,phases,start] GC(817) Phase 3: Adjust pointers
[362.744s][info][gc,phases      ] GC(817) Phase 3: Adjust pointers 24.770ms
[362.744s][info][gc,phases,start] GC(817) Phase 4: Compact heap
[362.749s][info][gc,phases      ] GC(817) Phase 4: Compact heap 5.270ms
[362.750s][info][gc,phases,start] GC(817) Phase 5: Reset Metadata
[362.762s][info][gc,phases      ] GC(817) Phase 5: Reset Metadata 12.839ms
[362.768s][info][gc,heap        ] GC(817) Eden regions: 0->0(324)
[362.768s][info][gc,heap        ] GC(817) Survivor regions: 77->0(77)
[362.768s][info][gc,heap        ] GC(817) Old regions: 920->407
[362.768s][info][gc,heap        ] GC(817) Humongous regions: 4->4
[362.768s][info][gc,metaspace   ] GC(817) Metaspace: 16604K(16960K)->16604K(16960K) NonClass: 14278K(14464K)->14278K(14464K) Class: 2325K(2496K)->2325K(2496K)
[362.768s][info][gc             ] GC(817) Pause Full (G1 Compaction Pause) 998M->408M(1024M) 166.891ms
[362.768s][info][gc,cpu         ] GC(817) User=0.62s Sys=0.00s Real=0.16s
[365.339s][info][gc,start       ] GC(818) Pause Young (Concurrent Start) (G1 Evacuation Pause)
[365.339s][info][gc,task        ] GC(818) Using 6 workers of 6 for evacuation
[365.414s][info][gc,phases      ] GC(818)   Pre Evacuate Collection Set: 0.3ms
[365.414s][info][gc,phases      ] GC(818)   Merge Heap Roots: 0.8ms
[365.414s][info][gc,phases      ] GC(818)   Evacuate Collection Set: 73.5ms
[365.414s][info][gc,phases      ] GC(818)   Post Evacuate Collection Set: 0.7ms
[365.414s][info][gc,phases      ] GC(818)   Other: 0.1ms
[365.414s][info][gc,heap        ] GC(818) Eden regions: 324->0(244)
[365.414s][info][gc,heap        ] GC(818) Survivor regions: 0->41(41)
[365.414s][info][gc,heap        ] GC(818) Old regions: 407->493
[365.414s][info][gc,heap        ] GC(818) Humongous regions: 4->4
[365.414s][info][gc,metaspace   ] GC(818) Metaspace: 16604K(16960K)->16604K(16960K) NonClass: 14278K(14464K)->14278K(14464K) Class: 2325K(2496K)->2325K(2496K)
[365.415s][info][gc             ] GC(818) Pause Young (Concurrent Start) (G1 Evacuation Pause) 732M->534M(1024M) 75.690ms
[365.415s][info][gc             ] GC(819) Concurrent Mark Cycle
[365.415s][info][gc,cpu         ] GC(818) User=0.39s Sys=0.00s Real=0.08s
[365.415s][info][gc,marking     ] GC(819) Concurrent Scan Root Regions
[365.439s][info][gc,marking     ] GC(819) Concurrent Scan Root Regions 24.064ms
[365.439s][info][gc,marking     ] GC(819) Concurrent Mark
[365.439s][info][gc,marking     ] GC(819) Concurrent Mark From Roots
[365.439s][info][gc,task        ] GC(819) Using 2 workers of 2 for marking
[365.486s][info][gc,marking     ] GC(819) Concurrent Mark From Roots 47.034ms
[365.486s][info][gc,marking     ] GC(819) Concurrent Preclean
[365.486s][info][gc,marking     ] GC(819) Concurrent Preclean 0.040ms
[365.486s][info][gc,start       ] GC(819) Pause Remark
[365.487s][info][gc             ] GC(819) Pause Remark 653M->439M(1024M) 1.483ms
[365.487s][info][gc,cpu         ] GC(819) User=0.02s Sys=0.00s Real=0.01s
[365.488s][info][gc,marking     ] GC(819) Concurrent Mark 48.841ms
[365.488s][info][gc,marking     ] GC(819) Concurrent Rebuild Remembered Sets and Scrub Regions
[365.563s][info][gc,marking     ] GC(819) Concurrent Rebuild Remembered Sets and Scrub Regions 75.156ms
[365.563s][info][gc,start       ] GC(819) Pause Cleanup
[365.563s][info][gc             ] GC(819) Pause Cleanup 563M->563M(1024M) 0.285ms
[365.563s][info][gc,cpu         ] GC(819) User=0.00s Sys=0.00s Real=0.00s
[365.563s][info][gc,marking     ] GC(819) Concurrent Clear Claimed Marks
[365.563s][info][gc,marking     ] GC(819) Concurrent Clear Claimed Marks 0.047ms
[365.563s][info][gc,marking     ] GC(819) Concurrent Cleanup for Next Mark
[365.565s][info][gc,marking     ] GC(819) Concurrent Cleanup for Next Mark 1.309ms
[365.565s][info][gc             ] GC(819) Concurrent Mark Cycle 150.112ms
[365.565s][info][gc,start       ] GC(820) Pause Young (Prepare Mixed) (G1 Evacuation Pause)
[365.565s][info][gc,task        ] GC(820) Using 6 workers of 6 for evacuation
[365.640s][info][gc,phases      ] GC(820)   Pre Evacuate Collection Set: 0.2ms
[365.640s][info][gc,phases      ] GC(820)   Merge Heap Roots: 1.0ms
[365.640s][info][gc,phases      ] GC(820)   Evacuate Collection Set: 73.6ms
[365.640s][info][gc,phases      ] GC(820)   Post Evacuate Collection Set: 0.4ms
[365.640s][info][gc,phases      ] GC(820)   Other: 0.1ms
[365.641s][info][gc,heap        ] GC(820) Eden regions: 244->0(298)
[365.641s][info][gc,heap        ] GC(820) Survivor regions: 41->36(36)
[365.641s][info][gc,heap        ] GC(820) Old regions: 280->388
[365.641s][info][gc,heap        ] GC(820) Humongous regions: 3->3
[365.641s][info][gc,metaspace   ] GC(820) Metaspace: 16604K(16960K)->16604K(16960K) NonClass: 14278K(14464K)->14278K(14464K) Class: 2325K(2496K)->2325K(2496K)
[365.641s][info][gc             ] GC(820) Pause Young (Prepare Mixed) (G1 Evacuation Pause) 564M->423M(1024M) 75.461ms
[365.641s][info][gc,cpu         ] GC(820) User=0.39s Sys=0.00s Real=0.08s
[365.821s][info][gc,start       ] GC(821) Pause Young (Mixed) (G1 Evacuation Pause)
[365.821s][info][gc,task        ] GC(821) Using 6 workers of 6 for evacuation
[365.900s][info][gc,phases      ] GC(821)   Pre Evacuate Collection Set: 0.4ms
[365.900s][info][gc,phases      ] GC(821)   Merge Heap Roots: 0.2ms
[365.900s][info][gc,phases      ] GC(821)   Evacuate Collection Set: 77.9ms
[365.900s][info][gc,phases      ] GC(821)   Post Evacuate Collection Set: 0.5ms
[365.900s][info][gc,phases      ] GC(821)   Other: 0.1ms
[365.900s][info][gc,heap        ] GC(821) Eden regions: 298->0(282)
[365.900s][info][gc,heap        ] GC(821) Survivor regions: 36->42(42)
[365.900s][info][gc,heap        ] GC(821) Old regions: 388->407
[365.900s][info][gc,heap        ] GC(821) Humongous regions: 3->3
[365.900s][info][gc,metaspace   ] GC(821) Metaspace: 16604K(16960K)->16604K(16960K) NonClass: 14278K(14464K)->14278K(14464K) Class: 2325K(2496K)->2325K(2496K)
[365.900s][info][gc             ] GC(821) Pause Young (Mixed) (G1 Evacuation Pause) 721M->451M(1024M) 79.357ms
[365.900s][info][gc,cpu         ] GC(821) User=0.39s Sys=0.00s Real=0.08s
[366.002s][info][gc,start       ] GC(822) Pause Young (Concurrent Start) (G1 Humongous Allocation)
[366.002s][info][gc,task        ] GC(822) Using 6 workers of 6 for evacuation
[366.056s][info][gc,phases      ] GC(822)   Pre Evacuate Collection Set: 0.3ms
[366.056s][info][gc,phases      ] GC(822)   Merge Heap Roots: 0.2ms
[366.056s][info][gc,phases      ] GC(822)   Evacuate Collection Set: 52.4ms
[366.056s][info][gc,phases      ] GC(822)   Post Evacuate Collection Set: 0.4ms
[366.056s][info][gc,phases      ] GC(822)   Other: 0.1ms
[366.056s][info][gc,heap        ] GC(822) Eden regions: 163->0(246)
[366.056s][info][gc,heap        ] GC(822) Survivor regions: 42->41(41)
[366.056s][info][gc,heap        ] GC(822) Old regions: 407->478
[366.056s][info][gc,heap        ] GC(822) Humongous regions: 3->3
[366.056s][info][gc,metaspace   ] GC(822) Metaspace: 16604K(16960K)->16604K(16960K) NonClass: 14278K(14464K)->14278K(14464K) Class: 2325K(2496K)->2325K(2496K)
[366.056s][info][gc             ] GC(822) Pause Young (Concurrent Start) (G1 Humongous Allocation) 614M->521M(1024M) 53.675ms
[366.056s][info][gc             ] GC(823) Concurrent Mark Cycle
[366.056s][info][gc,cpu         ] GC(822) User=0.28s Sys=0.00s Real=0.05s
[366.056s][info][gc,marking     ] GC(823) Concurrent Scan Root Regions
[366.086s][info][gc,marking     ] GC(823) Concurrent Scan Root Regions 30.536ms
[366.086s][info][gc,marking     ] GC(823) Concurrent Mark
[366.086s][info][gc,marking     ] GC(823) Concurrent Mark From Roots
[366.086s][info][gc,task        ] GC(823) Using 2 workers of 2 for marking
[366.306s][info][gc,marking     ] GC(823) Concurrent Mark From Roots 219.468ms
[366.306s][info][gc,marking     ] GC(823) Concurrent Preclean
[366.306s][info][gc,marking     ] GC(823) Concurrent Preclean 0.059ms
[366.306s][info][gc,start       ] GC(823) Pause Remark
[366.307s][info][gc             ] GC(823) Pause Remark 597M->510M(1024M) 1.117ms
[366.307s][info][gc,cpu         ] GC(823) User=0.00s Sys=0.00s Real=0.00s
[366.307s][info][gc,marking     ] GC(823) Concurrent Mark 220.882ms
[366.307s][info][gc,marking     ] GC(823) Concurrent Rebuild Remembered Sets and Scrub Regions
[366.404s][info][gc,marking     ] GC(823) Concurrent Rebuild Remembered Sets and Scrub Regions 96.309ms
[366.404s][info][gc,start       ] GC(823) Pause Cleanup
[366.404s][info][gc             ] GC(823) Pause Cleanup 529M->529M(1024M) 0.266ms
[366.404s][info][gc,cpu         ] GC(823) User=0.00s Sys=0.00s Real=0.00s
[366.404s][info][gc,marking     ] GC(823) Concurrent Clear Claimed Marks
[366.404s][info][gc,marking     ] GC(823) Concurrent Clear Claimed Marks 0.028ms
[366.404s][info][gc,marking     ] GC(823) Concurrent Cleanup for Next Mark
[366.406s][info][gc,marking     ] GC(823) Concurrent Cleanup for Next Mark 1.363ms
[366.406s][info][gc             ] GC(823) Concurrent Mark Cycle 349.953ms
[366.695s][info][gc,start       ] GC(824) Pause Young (Prepare Mixed) (G1 Evacuation Pause)
[366.695s][info][gc,task        ] GC(824) Using 6 workers of 6 for evacuation
[366.759s][info][gc,phases      ] GC(824)   Pre Evacuate Collection Set: 0.5ms
[366.759s][info][gc,phases      ] GC(824)   Merge Heap Roots: 2.5ms
[366.759s][info][gc,phases      ] GC(824)   Evacuate Collection Set: 60.3ms
[366.759s][info][gc,phases      ] GC(824)   Post Evacuate Collection Set: 1.1ms
[366.759s][info][gc,phases      ] GC(824)   Other: 0.1ms
[366.759s][info][gc,heap        ] GC(824) Eden regions: 246->0(287)
[366.759s][info][gc,heap        ] GC(824) Survivor regions: 41->35(36)
[366.759s][info][gc,heap        ] GC(824) Old regions: 392->433
[366.759s][info][gc,heap        ] GC(824) Humongous regions: 8->8
[366.759s][info][gc,metaspace   ] GC(824) Metaspace: 16604K(16960K)->16604K(16960K) NonClass: 14278K(14464K)->14278K(14464K) Class: 2325K(2496K)->2325K(2496K)
[366.760s][info][gc             ] GC(824) Pause Young (Prepare Mixed) (G1 Evacuation Pause) 686M->475M(1024M) 64.691ms
[366.760s][info][gc,cpu         ] GC(824) User=0.22s Sys=0.00s Real=0.06s
[367.270s][info][gc,start       ] GC(825) Pause Young (Mixed) (G1 Evacuation Pause)
[367.270s][info][gc,task        ] GC(825) Using 6 workers of 6 for evacuation
[367.295s][info][gc,phases      ] GC(825)   Pre Evacuate Collection Set: 0.5ms
[367.295s][info][gc,phases      ] GC(825)   Merge Heap Roots: 1.1ms
[367.295s][info][gc,phases      ] GC(825)   Evacuate Collection Set: 22.1ms
[367.295s][info][gc,phases      ] GC(825)   Post Evacuate Collection Set: 0.5ms
[367.295s][info][gc,phases      ] GC(825)   Other: 0.1ms
[367.295s][info][gc,heap        ] GC(825) Eden regions: 287->0(335)
[367.295s][info][gc,heap        ] GC(825) Survivor regions: 35->3(41)
[367.295s][info][gc,heap        ] GC(825) Old regions: 433->437
[367.295s][info][gc,heap        ] GC(825) Humongous regions: 8->8
[367.295s][info][gc,metaspace   ] GC(825) Metaspace: 16604K(16960K)->16604K(16960K) NonClass: 14278K(14464K)->14278K(14464K) Class: 2325K(2496K)->2325K(2496K)
[367.295s][info][gc             ] GC(825) Pause Young (Mixed) (G1 Evacuation Pause) 762M->446M(1024M) 24.623ms
[367.295s][info][gc,cpu         ] GC(825) User=0.09s Sys=0.00s Real=0.03s
[368.078s][info][gc,start       ] GC(826) Pause Full (System.gc())
[368.078s][info][gc,task        ] GC(826) Using 6 workers of 6 for full compaction
[368.078s][info][gc,phases,start] GC(826) Phase 1: Mark live objects
[368.081s][info][gc,phases      ] GC(826) Phase 1: Mark live objects 2.204ms
[368.081s][info][gc,phases,start] GC(826) Phase 2: Prepare compaction
[368.081s][info][gc,phases      ] GC(826) Phase 2: Prepare compaction 0.605ms
[368.081s][info][gc,phases,start] GC(826) Phase 3: Adjust pointers
[368.084s][info][gc,phases      ] GC(826) Phase 3: Adjust pointers 2.420ms
[368.084s][info][gc,phases,start] GC(826) Phase 4: Compact heap
[368.084s][info][gc,phases      ] GC(826) Phase 4: Compact heap 0.485ms
[368.084s][info][gc,phases,start] GC(826) Phase 5: Reset Metadata
[368.085s][info][gc,phases      ] GC(826) Phase 5: Reset Metadata 0.708ms
[368.088s][info][gc,heap        ] GC(826) Eden regions: 128->0(598)
[368.088s][info][gc,heap        ] GC(826) Survivor regions: 3->0(41)
[368.088s][info][gc,heap        ] GC(826) Old regions: 437->9
[368.088s][info][gc,heap        ] GC(826) Humongous regions: 8->2
[368.088s][info][gc,metaspace   ] GC(826) Metaspace: 16604K(16960K)->16604K(16960K) NonClass: 14278K(14464K)->14278K(14464K) Class: 2325K(2496K)->2325K(2496K)
[368.088s][info][gc             ] GC(826) Pause Full (System.gc()) 574M->5M(1024M) 10.370ms
[368.088s][info][gc,cpu         ] GC(826) User=0.00s Sys=0.00s Real=0.00s
[369.780s][info][gc,start       ] GC(827) Pause Young (Concurrent Start) (G1 Evacuation Pause)
[369.780s][info][gc,task        ] GC(827) Using 6 workers of 6 for evacuation
[369.781s][info][gc,phases      ] GC(827)   Pre Evacuate Collection Set: 0.2ms
[369.781s][info][gc,phases      ] GC(827)   Merge Heap Roots: 0.1ms
[369.781s][info][gc,phases      ] GC(827)   Evacuate Collection Set: 0.4ms
[369.781s][info][gc,phases      ] GC(827)   Post Evacuate Collection Set: 0.4ms
[369.781s][info][gc,phases      ] GC(827)   Other: 0.1ms
[369.781s][info][gc,heap        ] GC(827) Eden regions: 598->0(612)
[369.781s][info][gc,heap        ] GC(827) Survivor regions: 0->2(75)
[369.781s][info][gc,heap        ] GC(827) Old regions: 9->9
[369.781s][info][gc,heap        ] GC(827) Humongous regions: 2->2
[369.781s][info][gc,metaspace   ] GC(827) Metaspace: 16604K(16960K)->16604K(16960K) NonClass: 14278K(14464K)->14278K(14464K) Class: 2325K(2496K)->2325K(2496K)
[369.781s][info][gc             ] GC(827) Pause Young (Concurrent Start) (G1 Evacuation Pause) 603M->7M(1024M) 1.411ms
[369.781s][info][gc,cpu         ] GC(827) User=0.00s Sys=0.00s Real=0.00s
[369.781s][info][gc             ] GC(828) Concurrent Mark Cycle
[369.781s][info][gc,marking     ] GC(828) Concurrent Scan Root Regions
[369.781s][info][gc,marking     ] GC(828) Concurrent Scan Root Regions 0.207ms
[369.781s][info][gc,marking     ] GC(828) Concurrent Mark
[369.781s][info][gc,marking     ] GC(828) Concurrent Mark From Roots
[369.781s][info][gc,task        ] GC(828) Using 2 workers of 2 for marking
[369.784s][info][gc,marking     ] GC(828) Concurrent Mark From Roots 3.122ms
[369.784s][info][gc,marking     ] GC(828) Concurrent Preclean
[369.784s][info][gc,marking     ] GC(828) Concurrent Preclean 0.019ms
[369.785s][info][gc,start       ] GC(828) Pause Remark
[369.786s][info][gc             ] GC(828) Pause Remark 25M->25M(1024M) 1.051ms
[369.786s][info][gc,cpu         ] GC(828) User=0.00s Sys=0.00s Real=0.00s
[369.786s][info][gc,marking     ] GC(828) Concurrent Mark 4.454ms
[369.786s][info][gc,marking     ] GC(828) Concurrent Rebuild Remembered Sets and Scrub Regions
[369.787s][info][gc,marking     ] GC(828) Concurrent Rebuild Remembered Sets and Scrub Regions 1.005ms
[369.787s][info][gc,start       ] GC(828) Pause Cleanup
[369.787s][info][gc             ] GC(828) Pause Cleanup 29M->29M(1024M) 0.116ms
[369.787s][info][gc,cpu         ] GC(828) User=0.00s Sys=0.00s Real=0.00s
[369.787s][info][gc,marking     ] GC(828) Concurrent Clear Claimed Marks
[369.787s][info][gc,marking     ] GC(828) Concurrent Clear Claimed Marks 0.065ms
[369.787s][info][gc,marking     ] GC(828) Concurrent Cleanup for Next Mark
[369.790s][info][gc,marking     ] GC(828) Concurrent Cleanup for Next Mark 2.448ms
[369.790s][info][gc             ] GC(828) Concurrent Mark Cycle 8.683ms
[369.879s][info][gc,start       ] GC(829) Pause Young (Prepare Mixed) (G1 Evacuation Pause)
[369.879s][info][gc,task        ] GC(829) Using 6 workers of 6 for evacuation
[369.880s][info][gc,phases      ] GC(829)   Pre Evacuate Collection Set: 0.2ms
[369.880s][info][gc,phases      ] GC(829)   Merge Heap Roots: 0.1ms
[369.880s][info][gc,phases      ] GC(829)   Evacuate Collection Set: 0.3ms
[369.880s][info][gc,phases      ] GC(829)   Post Evacuate Collection Set: 0.4ms
[369.880s][info][gc,phases      ] GC(829)   Other: 0.1ms
[369.880s][info][gc,heap        ] GC(829) Eden regions: 612->0(613)
[369.880s][info][gc,heap        ] GC(829) Survivor regions: 2->1(77)
[369.880s][info][gc,heap        ] GC(829) Old regions: 9->9
[369.880s][info][gc,heap        ] GC(829) Humongous regions: 2->2
[369.880s][info][gc,metaspace   ] GC(829) Metaspace: 16604K(16960K)->16604K(16960K) NonClass: 14278K(14464K)->14278K(14464K) Class: 2325K(2496K)->2325K(2496K)
[369.880s][info][gc             ] GC(829) Pause Young (Prepare Mixed) (G1 Evacuation Pause) 619M->6M(1024M) 1.280ms
[369.880s][info][gc,cpu         ] GC(829) User=0.00s Sys=0.00s Real=0.00s
[369.980s][info][gc,start       ] GC(830) Pause Young (Mixed) (G1 Evacuation Pause)
[369.980s][info][gc,task        ] GC(830) Using 6 workers of 6 for evacuation
[369.981s][info][gc,phases      ] GC(830)   Pre Evacuate Collection Set: 0.2ms
[369.981s][info][gc,phases      ] GC(830)   Merge Heap Roots: 0.1ms
[369.981s][info][gc,phases      ] GC(830)   Evacuate Collection Set: 0.3ms
[369.981s][info][gc,phases      ] GC(830)   Post Evacuate Collection Set: 0.3ms
[369.981s][info][gc,phases      ] GC(830)   Other: 0.1ms
[369.981s][info][gc,heap        ] GC(830) Eden regions: 613->0(613)
[369.981s][info][gc,heap        ] GC(830) Survivor regions: 1->1(77)
[369.981s][info][gc,heap        ] GC(830) Old regions: 9->9
[369.981s][info][gc,heap        ] GC(830) Humongous regions: 2->2
[369.981s][info][gc,metaspace   ] GC(830) Metaspace: 16604K(16960K)->16604K(16960K) NonClass: 14278K(14464K)->14278K(14464K) Class: 2325K(2496K)->2325K(2496K)
[369.982s][info][gc             ] GC(830) Pause Young (Mixed) (G1 Evacuation Pause) 619M->6M(1024M) 1.173ms
[369.982s][info][gc,cpu         ] GC(830) User=0.00s Sys=0.00s Real=0.00s
[370.078s][info][gc,start       ] GC(831) Pause Young (Concurrent Start) (G1 Evacuation Pause)
[370.078s][info][gc,task        ] GC(831) Using 6 workers of 6 for evacuation
[370.080s][info][gc,phases      ] GC(831)   Pre Evacuate Collection Set: 0.3ms
[370.080s][info][gc,phases      ] GC(831)   Merge Heap Roots: 0.1ms
[370.080s][info][gc,phases      ] GC(831)   Evacuate Collection Set: 0.5ms
[370.080s][info][gc,phases      ] GC(831)   Post Evacuate Collection Set: 0.5ms
[370.080s][info][gc,phases      ] GC(831)   Other: 0.1ms
[370.080s][info][gc,heap        ] GC(831) Eden regions: 613->0(613)
[370.080s][info][gc,heap        ] GC(831) Survivor regions: 1->1(77)
[370.080s][info][gc,heap        ] GC(831) Old regions: 9->9
[370.080s][info][gc,heap        ] GC(831) Humongous regions: 2->2
[370.080s][info][gc,metaspace   ] GC(831) Metaspace: 16604K(16960K)->16604K(16960K) NonClass: 14278K(14464K)->14278K(14464K) Class: 2325K(2496K)->2325K(2496K)
[370.080s][info][gc             ] GC(831) Pause Young (Concurrent Start) (G1 Evacuation Pause) 619M->6M(1024M) 1.748ms
[370.080s][info][gc             ] GC(832) Concurrent Mark Cycle
[370.080s][info][gc,cpu         ] GC(831) User=0.00s Sys=0.00s Real=0.00s
[370.080s][info][gc,marking     ] GC(832) Concurrent Scan Root Regions
[370.080s][info][gc,marking     ] GC(832) Concurrent Scan Root Regions 0.329ms
[370.080s][info][gc,marking     ] GC(832) Concurrent Mark
[370.080s][info][gc,marking     ] GC(832) Concurrent Mark From Roots
[370.080s][info][gc,task        ] GC(832) Using 2 workers of 2 for marking
[370.083s][info][gc,marking     ] GC(832) Concurrent Mark From Roots 2.989ms
[370.083s][info][gc,marking     ] GC(832) Concurrent Preclean
[370.083s][info][gc,marking     ] GC(832) Concurrent Preclean 0.022ms
[370.083s][info][gc,start       ] GC(832) Pause Remark
[370.084s][info][gc             ] GC(832) Pause Remark 17M->17M(1024M) 1.041ms
[370.084s][info][gc,cpu         ] GC(832) User=0.00s Sys=0.00s Real=0.00s
[370.085s][info][gc,marking     ] GC(832) Concurrent Mark 4.326ms
[370.085s][info][gc,marking     ] GC(832) Concurrent Rebuild Remembered Sets and Scrub Regions
[370.086s][info][gc,marking     ] GC(832) Concurrent Rebuild Remembered Sets and Scrub Regions 1.014ms
[370.086s][info][gc,start       ] GC(832) Pause Cleanup
[370.086s][info][gc             ] GC(832) Pause Cleanup 20M->20M(1024M) 0.133ms
[370.086s][info][gc,cpu         ] GC(832) User=0.00s Sys=0.00s Real=0.00s
[370.086s][info][gc,marking     ] GC(832) Concurrent Clear Claimed Marks
[370.086s][info][gc,marking     ] GC(832) Concurrent Clear Claimed Marks 0.023ms
[370.086s][info][gc,marking     ] GC(832) Concurrent Cleanup for Next Mark
[370.088s][info][gc,marking     ] GC(832) Concurrent Cleanup for Next Mark 2.285ms
[370.088s][info][gc             ] GC(832) Concurrent Mark Cycle 8.455ms
[370.263s][info][gc,start       ] GC(833) Pause Young (Prepare Mixed) (G1 Evacuation Pause)
[370.263s][info][gc,task        ] GC(833) Using 6 workers of 6 for evacuation
[370.316s][info][gc,phases      ] GC(833)   Pre Evacuate Collection Set: 0.2ms
[370.317s][info][gc,phases      ] GC(833)   Merge Heap Roots: 0.1ms
[370.317s][info][gc,phases      ] GC(833)   Evacuate Collection Set: 52.5ms
[370.317s][info][gc,phases      ] GC(833)   Post Evacuate Collection Set: 0.6ms
[370.317s][info][gc,phases      ] GC(833)   Other: 0.1ms
[370.317s][info][gc,heap        ] GC(833) Eden regions: 613->0(537)
[370.317s][info][gc,heap        ] GC(833) Survivor regions: 1->77(77)
[370.317s][info][gc,heap        ] GC(833) Old regions: 9->50
[370.317s][info][gc,heap        ] GC(833) Humongous regions: 3->3
[370.317s][info][gc,metaspace   ] GC(833) Metaspace: 16604K(16960K)->16604K(16960K) NonClass: 14278K(14464K)->14278K(14464K) Class: 2325K(2496K)->2325K(2496K)
[370.317s][info][gc             ] GC(833) Pause Young (Prepare Mixed) (G1 Evacuation Pause) 620M->125M(1024M) 53.663ms
[370.317s][info][gc,cpu         ] GC(833) User=0.30s Sys=0.00s Real=0.06s
[370.843s][info][gc,start       ] GC(834) Pause Young (Mixed) (G1 Evacuation Pause)
[370.843s][info][gc,task        ] GC(834) Using 6 workers of 6 for evacuation
[370.995s][info][gc,phases      ] GC(834)   Pre Evacuate Collection Set: 0.2ms
[370.995s][info][gc,phases      ] GC(834)   Merge Heap Roots: 0.3ms
[370.995s][info][gc,phases      ] GC(834)   Evacuate Collection Set: 149.8ms
[370.995s][info][gc,phases      ] GC(834)   Post Evacuate Collection Set: 1.1ms
[370.995s][info][gc,phases      ] GC(834)   Other: 0.1ms
[370.995s][info][gc,heap        ] GC(834) Eden regions: 537->0(330)
[370.995s][info][gc,heap        ] GC(834) Survivor regions: 77->77(77)
[370.995s][info][gc,heap        ] GC(834) Old regions: 50->328
[370.995s][info][gc,heap        ] GC(834) Humongous regions: 4->4
[370.995s][info][gc,metaspace   ] GC(834) Metaspace: 16604K(16960K)->16604K(16960K) NonClass: 14278K(14464K)->14278K(14464K) Class: 2325K(2496K)->2325K(2496K)
[370.995s][info][gc             ] GC(834) Pause Young (Mixed) (G1 Evacuation Pause) 663M->405M(1024M) 151.671ms
[370.995s][info][gc,cpu         ] GC(834) User=0.80s Sys=0.00s Real=0.16s
[373.775s][info][gc,start       ] GC(835) Pause Young (Concurrent Start) (G1 Evacuation Pause)
[373.775s][info][gc,task        ] GC(835) Using 6 workers of 6 for evacuation
[373.883s][info][gc,phases      ] GC(835)   Pre Evacuate Collection Set: 0.3ms
[373.883s][info][gc,phases      ] GC(835)   Merge Heap Roots: 0.9ms
[373.883s][info][gc,phases      ] GC(835)   Evacuate Collection Set: 105.8ms
[373.883s][info][gc,phases      ] GC(835)   Post Evacuate Collection Set: 1.0ms
[373.883s][info][gc,phases      ] GC(835)   Other: 0.1ms
[373.883s][info][gc,heap        ] GC(835) Eden regions: 330->0(242)
[373.883s][info][gc,heap        ] GC(835) Survivor regions: 77->51(51)
[373.883s][info][gc,heap        ] GC(835) Old regions: 328->491
[373.883s][info][gc,heap        ] GC(835) Humongous regions: 4->4
[373.883s][info][gc,metaspace   ] GC(835) Metaspace: 16604K(16960K)->16604K(16960K) NonClass: 14278K(14464K)->14278K(14464K) Class: 2325K(2496K)->2325K(2496K)
[373.883s][info][gc             ] GC(835) Pause Young (Concurrent Start) (G1 Evacuation Pause) 735M->542M(1024M) 108.354ms
[373.883s][info][gc             ] GC(836) Concurrent Mark Cycle
[373.883s][info][gc,cpu         ] GC(835) User=0.56s Sys=0.00s Real=0.10s
[373.883s][info][gc,marking     ] GC(836) Concurrent Scan Root Regions
[373.923s][info][gc,marking     ] GC(836) Concurrent Scan Root Regions 39.903ms
[373.923s][info][gc,marking     ] GC(836) Concurrent Mark
[373.923s][info][gc,marking     ] GC(836) Concurrent Mark From Roots
[373.923s][info][gc,task        ] GC(836) Using 2 workers of 2 for marking
[373.935s][info][gc,marking     ] GC(836) Concurrent Mark From Roots 11.861ms
[373.935s][info][gc,marking     ] GC(836) Concurrent Preclean
[373.935s][info][gc,marking     ] GC(836) Concurrent Preclean 0.043ms
[373.935s][info][gc,start       ] GC(836) Pause Remark
[373.937s][info][gc             ] GC(836) Pause Remark 617M->406M(1024M) 1.214ms
[373.937s][info][gc,cpu         ] GC(836) User=0.00s Sys=0.00s Real=0.00s
[373.937s][info][gc,marking     ] GC(836) Concurrent Mark 13.381ms
[373.937s][info][gc,marking     ] GC(836) Concurrent Rebuild Remembered Sets and Scrub Regions
[373.990s][info][gc,marking     ] GC(836) Concurrent Rebuild Remembered Sets and Scrub Regions 52.923ms
[373.990s][info][gc,start       ] GC(836) Pause Cleanup
[373.990s][info][gc             ] GC(836) Pause Cleanup 482M->482M(1024M) 0.248ms
[373.990s][info][gc,cpu         ] GC(836) User=0.00s Sys=0.00s Real=0.00s
[373.990s][info][gc,marking     ] GC(836) Concurrent Clear Claimed Marks
[373.990s][info][gc,marking     ] GC(836) Concurrent Clear Claimed Marks 0.020ms
[373.990s][info][gc,marking     ] GC(836) Concurrent Cleanup for Next Mark
[373.992s][info][gc,marking     ] GC(836) Concurrent Cleanup for Next Mark 1.456ms
[373.992s][info][gc             ] GC(836) Concurrent Mark Cycle 108.279ms
[374.046s][info][gc,start       ] GC(837) Pause Young (Prepare Mixed) (G1 Evacuation Pause)
[374.046s][info][gc,task        ] GC(837) Using 6 workers of 6 for evacuation
[374.129s][info][gc,phases      ] GC(837)   Pre Evacuate Collection Set: 0.3ms
[374.129s][info][gc,phases      ] GC(837)   Merge Heap Roots: 1.2ms
[374.129s][info][gc,phases      ] GC(837)   Evacuate Collection Set: 81.1ms
[374.129s][info][gc,phases      ] GC(837)   Post Evacuate Collection Set: 0.4ms
[374.129s][info][gc,phases      ] GC(837)   Other: 0.1ms
[374.129s][info][gc,heap        ] GC(837) Eden regions: 242->0(293)
[374.129s][info][gc,heap        ] GC(837) Survivor regions: 51->37(37)
[374.129s][info][gc,heap        ] GC(837) Old regions: 281->397
[374.129s][info][gc,heap        ] GC(837) Humongous regions: 3->3
[374.129s][info][gc,metaspace   ] GC(837) Metaspace: 16604K(16960K)->16604K(16960K) NonClass: 14278K(14464K)->14278K(14464K) Class: 2325K(2496K)->2325K(2496K)
[374.129s][info][gc             ] GC(837) Pause Young (Prepare Mixed) (G1 Evacuation Pause) 573M->433M(1024M) 83.397ms
[374.129s][info][gc,cpu         ] GC(837) User=0.44s Sys=0.00s Real=0.08s
[374.307s][info][gc,start       ] GC(838) Pause Young (Mixed) (G1 Evacuation Pause)
[374.307s][info][gc,task        ] GC(838) Using 6 workers of 6 for evacuation
[374.385s][info][gc,phases      ] GC(838)   Pre Evacuate Collection Set: 0.5ms
[374.385s][info][gc,phases      ] GC(838)   Merge Heap Roots: 0.2ms
[374.385s][info][gc,phases      ] GC(838)   Evacuate Collection Set: 76.9ms
[374.385s][info][gc,phases      ] GC(838)   Post Evacuate Collection Set: 0.4ms
[374.385s][info][gc,phases      ] GC(838)   Other: 0.1ms
[374.385s][info][gc,heap        ] GC(838) Eden regions: 293->0(254)
[374.385s][info][gc,heap        ] GC(838) Survivor regions: 37->42(42)
[374.385s][info][gc,heap        ] GC(838) Old regions: 397->464
[374.385s][info][gc,heap        ] GC(838) Humongous regions: 3->3
[374.385s][info][gc,metaspace   ] GC(838) Metaspace: 16604K(16960K)->16604K(16960K) NonClass: 14278K(14464K)->14278K(14464K) Class: 2325K(2496K)->2325K(2496K)
[374.385s][info][gc             ] GC(838) Pause Young (Mixed) (G1 Evacuation Pause) 726M->506M(1024M) 78.409ms
[374.385s][info][gc,cpu         ] GC(838) User=0.36s Sys=0.00s Real=0.08s
[374.471s][info][gc,start       ] GC(839) Pause Young (Concurrent Start) (G1 Humongous Allocation)
[374.471s][info][gc,task        ] GC(839) Using 6 workers of 6 for evacuation
[374.520s][info][gc,phases      ] GC(839)   Pre Evacuate Collection Set: 0.5ms
[374.520s][info][gc,phases      ] GC(839)   Merge Heap Roots: 0.2ms
[374.520s][info][gc,phases      ] GC(839)   Evacuate Collection Set: 47.9ms
[374.520s][info][gc,phases      ] GC(839)   Post Evacuate Collection Set: 0.4ms
[374.520s][info][gc,phases      ] GC(839)   Other: 0.2ms
[374.520s][info][gc,heap        ] GC(839) Eden regions: 138->0(223)
[374.520s][info][gc,heap        ] GC(839) Survivor regions: 42->37(37)
[374.520s][info][gc,heap        ] GC(839) Old regions: 464->529
[374.520s][info][gc,heap        ] GC(839) Humongous regions: 3->3
[374.520s][info][gc,metaspace   ] GC(839) Metaspace: 16604K(16960K)->16604K(16960K) NonClass: 14278K(14464K)->14278K(14464K) Class: 2325K(2496K)->2325K(2496K)
[374.520s][info][gc             ] GC(839) Pause Young (Concurrent Start) (G1 Humongous Allocation) 644M->566M(1024M) 49.412ms
[374.520s][info][gc             ] GC(840) Concurrent Mark Cycle
[374.520s][info][gc,cpu         ] GC(839) User=0.23s Sys=0.00s Real=0.05s
[374.520s][info][gc,marking     ] GC(840) Concurrent Scan Root Regions
[374.550s][info][gc,marking     ] GC(840) Concurrent Scan Root Regions 30.339ms
[374.550s][info][gc,marking     ] GC(840) Concurrent Mark
[374.550s][info][gc,marking     ] GC(840) Concurrent Mark From Roots
[374.550s][info][gc,task        ] GC(840) Using 2 workers of 2 for marking
[374.789s][info][gc,marking     ] GC(840) Concurrent Mark From Roots 238.165ms
[374.789s][info][gc,marking     ] GC(840) Concurrent Preclean
[374.789s][info][gc,marking     ] GC(840) Concurrent Preclean 0.061ms
[374.789s][info][gc,start       ] GC(840) Pause Remark
[374.790s][info][gc             ] GC(840) Pause Remark 638M->513M(1024M) 1.243ms
[374.790s][info][gc,cpu         ] GC(840) User=0.00s Sys=0.00s Real=0.00s
[374.790s][info][gc,marking     ] GC(840) Concurrent Mark 239.775ms
[374.790s][info][gc,marking     ] GC(840) Concurrent Rebuild Remembered Sets and Scrub Regions
[374.887s][info][gc,marking     ] GC(840) Concurrent Rebuild Remembered Sets and Scrub Regions 96.713ms
[374.887s][info][gc,start       ] GC(840) Pause Cleanup
[374.887s][info][gc             ] GC(840) Pause Cleanup 520M->520M(1024M) 0.258ms
[374.887s][info][gc,cpu         ] GC(840) User=0.00s Sys=0.00s Real=0.00s
[374.887s][info][gc,marking     ] GC(840) Concurrent Clear Claimed Marks
[374.887s][info][gc,marking     ] GC(840) Concurrent Clear Claimed Marks 0.028ms
[374.887s][info][gc,marking     ] GC(840) Concurrent Cleanup for Next Mark
[374.889s][info][gc,marking     ] GC(840) Concurrent Cleanup for Next Mark 1.641ms
[374.889s][info][gc             ] GC(840) Concurrent Mark Cycle 369.178ms
[375.178s][info][gc,start       ] GC(841) Pause Young (Prepare Mixed) (G1 Evacuation Pause)
[375.178s][info][gc,task        ] GC(841) Using 6 workers of 6 for evacuation
[375.242s][info][gc,phases      ] GC(841)   Pre Evacuate Collection Set: 0.5ms
[375.242s][info][gc,phases      ] GC(841)   Merge Heap Roots: 2.5ms
[375.242s][info][gc,phases      ] GC(841)   Evacuate Collection Set: 60.2ms
[375.242s][info][gc,phases      ] GC(841)   Post Evacuate Collection Set: 1.1ms
[375.242s][info][gc,phases      ] GC(841)   Other: 0.1ms
[375.242s][info][gc,heap        ] GC(841) Eden regions: 223->0(283)
[375.242s][info][gc,heap        ] GC(841) Survivor regions: 37->33(33)
[375.242s][info][gc,heap        ] GC(841) Old regions: 405->444
[375.242s][info][gc,heap        ] GC(841) Humongous regions: 8->8
[375.242s][info][gc,metaspace   ] GC(841) Metaspace: 16604K(16960K)->16604K(16960K) NonClass: 14278K(14464K)->14278K(14464K) Class: 2325K(2496K)->2325K(2496K)
[375.242s][info][gc             ] GC(841) Pause Young (Prepare Mixed) (G1 Evacuation Pause) 670M->482M(1024M) 64.555ms
[375.242s][info][gc,cpu         ] GC(841) User=0.30s Sys=0.00s Real=0.06s
[375.746s][info][gc,start       ] GC(842) Pause Young (Mixed) (G1 Evacuation Pause)
[375.746s][info][gc,task        ] GC(842) Using 6 workers of 6 for evacuation
[375.772s][info][gc,phases      ] GC(842)   Pre Evacuate Collection Set: 0.6ms
[375.772s][info][gc,phases      ] GC(842)   Merge Heap Roots: 1.1ms
[375.772s][info][gc,phases      ] GC(842)   Evacuate Collection Set: 24.2ms
[375.772s][info][gc,phases      ] GC(842)   Post Evacuate Collection Set: 0.5ms
[375.772s][info][gc,phases      ] GC(842)   Other: 0.1ms
[375.772s][info][gc,heap        ] GC(842) Eden regions: 283->0(325)
[375.772s][info][gc,heap        ] GC(842) Survivor regions: 33->3(40)
[375.773s][info][gc,heap        ] GC(842) Old regions: 444->450
[375.773s][info][gc,heap        ] GC(842) Humongous regions: 8->8
[375.773s][info][gc,metaspace   ] GC(842) Metaspace: 16604K(16960K)->16604K(16960K) NonClass: 14278K(14464K)->14278K(14464K) Class: 2325K(2496K)->2325K(2496K)
[375.773s][info][gc             ] GC(842) Pause Young (Mixed) (G1 Evacuation Pause) 765M->458M(1024M) 26.821ms
[375.773s][info][gc,cpu         ] GC(842) User=0.08s Sys=0.00s Real=0.02s
[376.587s][info][gc,start       ] GC(843) Pause Full (System.gc())
[376.587s][info][gc,task        ] GC(843) Using 6 workers of 6 for full compaction
[376.588s][info][gc,phases,start] GC(843) Phase 1: Mark live objects
[376.590s][info][gc,phases      ] GC(843) Phase 1: Mark live objects 2.392ms
[376.590s][info][gc,phases,start] GC(843) Phase 2: Prepare compaction
[376.591s][info][gc,phases      ] GC(843) Phase 2: Prepare compaction 0.696ms
[376.591s][info][gc,phases,start] GC(843) Phase 3: Adjust pointers
[376.593s][info][gc,phases      ] GC(843) Phase 3: Adjust pointers 2.121ms
[376.593s][info][gc,phases,start] GC(843) Phase 4: Compact heap
[376.594s][info][gc,phases      ] GC(843) Phase 4: Compact heap 0.625ms
[376.594s][info][gc,phases,start] GC(843) Phase 5: Reset Metadata
[376.594s][info][gc,phases      ] GC(843) Phase 5: Reset Metadata 0.651ms
[376.598s][info][gc,heap        ] GC(843) Eden regions: 154->0(596)
[376.598s][info][gc,heap        ] GC(843) Survivor regions: 3->0(40)
[376.598s][info][gc,heap        ] GC(843) Old regions: 450->9
[376.598s][info][gc,heap        ] GC(843) Humongous regions: 8->2
[376.598s][info][gc,metaspace   ] GC(843) Metaspace: 16604K(16960K)->16604K(16960K) NonClass: 14278K(14464K)->14278K(14464K) Class: 2325K(2496K)->2325K(2496K)
[376.598s][info][gc             ] GC(843) Pause Full (System.gc()) 612M->5M(1024M) 10.493ms
[376.598s][info][gc,cpu         ] GC(843) User=0.00s Sys=0.00s Real=0.02s
[377.740s][info][gc,start       ] GC(844) Pause Young (Normal) (G1 Evacuation Pause)
[377.740s][info][gc,task        ] GC(844) Using 6 workers of 6 for evacuation
[377.741s][info][gc,phases      ] GC(844)   Pre Evacuate Collection Set: 0.2ms
[377.741s][info][gc,phases      ] GC(844)   Merge Heap Roots: 0.1ms
[377.741s][info][gc,phases      ] GC(844)   Evacuate Collection Set: 0.3ms
[377.741s][info][gc,phases      ] GC(844)   Post Evacuate Collection Set: 0.4ms
[377.741s][info][gc,phases      ] GC(844)   Other: 0.1ms
[377.741s][info][gc,heap        ] GC(844) Eden regions: 596->0(612)
[377.741s][info][gc,heap        ] GC(844) Survivor regions: 0->2(75)
[377.741s][info][gc,heap        ] GC(844) Old regions: 9->9
[377.741s][info][gc,heap        ] GC(844) Humongous regions: 2->2
[377.741s][info][gc,metaspace   ] GC(844) Metaspace: 16604K(16960K)->16604K(16960K) NonClass: 14278K(14464K)->14278K(14464K) Class: 2325K(2496K)->2325K(2496K)
[377.741s][info][gc             ] GC(844) Pause Young (Normal) (G1 Evacuation Pause) 601M->7M(1024M) 1.206ms
[377.741s][info][gc,cpu         ] GC(844) User=0.00s Sys=0.00s Real=0.00s
[377.835s][info][gc,start       ] GC(845) Pause Young (Normal) (G1 Evacuation Pause)
[377.835s][info][gc,task        ] GC(845) Using 6 workers of 6 for evacuation
[377.836s][info][gc,phases      ] GC(845)   Pre Evacuate Collection Set: 0.2ms
[377.836s][info][gc,phases      ] GC(845)   Merge Heap Roots: 0.1ms
[377.836s][info][gc,phases      ] GC(845)   Evacuate Collection Set: 0.4ms
[377.836s][info][gc,phases      ] GC(845)   Post Evacuate Collection Set: 0.5ms
[377.836s][info][gc,phases      ] GC(845)   Other: 0.1ms
[377.836s][info][gc,heap        ] GC(845) Eden regions: 612->0(613)
[377.836s][info][gc,heap        ] GC(845) Survivor regions: 2->1(77)
[377.836s][info][gc,heap        ] GC(845) Old regions: 9->9
[377.836s][info][gc,heap        ] GC(845) Humongous regions: 2->2
[377.836s][info][gc,metaspace   ] GC(845) Metaspace: 16604K(16960K)->16604K(16960K) NonClass: 14278K(14464K)->14278K(14464K) Class: 2325K(2496K)->2325K(2496K)
[377.836s][info][gc             ] GC(845) Pause Young (Normal) (G1 Evacuation Pause) 619M->6M(1024M) 1.498ms
[377.836s][info][gc,cpu         ] GC(845) User=0.02s Sys=0.00s Real=0.01s
[377.937s][info][gc,start       ] GC(846) Pause Young (Concurrent Start) (G1 Evacuation Pause)
[377.937s][info][gc,task        ] GC(846) Using 6 workers of 6 for evacuation
[377.938s][info][gc,phases      ] GC(846)   Pre Evacuate Collection Set: 0.2ms
[377.938s][info][gc,phases      ] GC(846)   Merge Heap Roots: 0.1ms
[377.938s][info][gc,phases      ] GC(846)   Evacuate Collection Set: 0.4ms
[377.938s][info][gc,phases      ] GC(846)   Post Evacuate Collection Set: 0.4ms
[377.938s][info][gc,phases      ] GC(846)   Other: 0.1ms
[377.938s][info][gc,heap        ] GC(846) Eden regions: 613->0(613)
[377.938s][info][gc,heap        ] GC(846) Survivor regions: 1->1(77)
[377.938s][info][gc,heap        ] GC(846) Old regions: 9->9
[377.938s][info][gc,heap        ] GC(846) Humongous regions: 2->2
[377.938s][info][gc,metaspace   ] GC(846) Metaspace: 16604K(16960K)->16604K(16960K) NonClass: 14278K(14464K)->14278K(14464K) Class: 2325K(2496K)->2325K(2496K)
[377.938s][info][gc             ] GC(846) Pause Young (Concurrent Start) (G1 Evacuation Pause) 619M->6M(1024M) 1.472ms
[377.938s][info][gc             ] GC(847) Concurrent Mark Cycle
[377.938s][info][gc,cpu         ] GC(846) User=0.00s Sys=0.00s Real=0.00s
[377.938s][info][gc,marking     ] GC(847) Concurrent Scan Root Regions
[377.939s][info][gc,marking     ] GC(847) Concurrent Scan Root Regions 0.304ms
[377.939s][info][gc,marking     ] GC(847) Concurrent Mark
[377.939s][info][gc,marking     ] GC(847) Concurrent Mark From Roots
[377.939s][info][gc,task        ] GC(847) Using 2 workers of 2 for marking
[377.942s][info][gc,marking     ] GC(847) Concurrent Mark From Roots 3.153ms
[377.942s][info][gc,marking     ] GC(847) Concurrent Preclean
[377.942s][info][gc,marking     ] GC(847) Concurrent Preclean 0.024ms
[377.942s][info][gc,start       ] GC(847) Pause Remark
[377.943s][info][gc             ] GC(847) Pause Remark 22M->22M(1024M) 1.240ms
[377.943s][info][gc,cpu         ] GC(847) User=0.00s Sys=0.00s Real=0.00s
[377.943s][info][gc,marking     ] GC(847) Concurrent Mark 4.681ms
[377.943s][info][gc,marking     ] GC(847) Concurrent Rebuild Remembered Sets and Scrub Regions
[377.944s][info][gc,marking     ] GC(847) Concurrent Rebuild Remembered Sets and Scrub Regions 0.983ms
[377.945s][info][gc,start       ] GC(847) Pause Cleanup
[377.945s][info][gc             ] GC(847) Pause Cleanup 26M->26M(1024M) 0.113ms
[377.945s][info][gc,cpu         ] GC(847) User=0.00s Sys=0.00s Real=0.00s
[377.945s][info][gc,marking     ] GC(847) Concurrent Clear Claimed Marks
[377.945s][info][gc,marking     ] GC(847) Concurrent Clear Claimed Marks 0.028ms
[377.945s][info][gc,marking     ] GC(847) Concurrent Cleanup for Next Mark
[377.947s][info][gc,marking     ] GC(847) Concurrent Cleanup for Next Mark 2.339ms
[377.947s][info][gc             ] GC(847) Concurrent Mark Cycle 8.822ms
[378.042s][info][gc,start       ] GC(848) Pause Young (Prepare Mixed) (G1 Evacuation Pause)
[378.042s][info][gc,task        ] GC(848) Using 6 workers of 6 for evacuation
[378.043s][info][gc,phases      ] GC(848)   Pre Evacuate Collection Set: 0.2ms
[378.043s][info][gc,phases      ] GC(848)   Merge Heap Roots: 0.1ms
[378.043s][info][gc,phases      ] GC(848)   Evacuate Collection Set: 0.3ms
[378.043s][info][gc,phases      ] GC(848)   Post Evacuate Collection Set: 0.3ms
[378.043s][info][gc,phases      ] GC(848)   Other: 0.1ms
[378.043s][info][gc,heap        ] GC(848) Eden regions: 613->0(613)
[378.043s][info][gc,heap        ] GC(848) Survivor regions: 1->1(77)
[378.043s][info][gc,heap        ] GC(848) Old regions: 9->9
[378.043s][info][gc,heap        ] GC(848) Humongous regions: 2->2
[378.043s][info][gc,metaspace   ] GC(848) Metaspace: 16604K(16960K)->16604K(16960K) NonClass: 14278K(14464K)->14278K(14464K) Class: 2325K(2496K)->2325K(2496K)
[378.043s][info][gc             ] GC(848) Pause Young (Prepare Mixed) (G1 Evacuation Pause) 619M->6M(1024M) 1.135ms
[378.043s][info][gc,cpu         ] GC(848) User=0.00s Sys=0.00s Real=0.00s
[378.216s][info][gc,start       ] GC(849) Pause Young (Mixed) (G1 Evacuation Pause)
[378.216s][info][gc,task        ] GC(849) Using 6 workers of 6 for evacuation
[378.266s][info][gc,phases      ] GC(849)   Pre Evacuate Collection Set: 0.2ms
[378.266s][info][gc,phases      ] GC(849)   Merge Heap Roots: 0.1ms
[378.266s][info][gc,phases      ] GC(849)   Evacuate Collection Set: 49.7ms
[378.266s][info][gc,phases      ] GC(849)   Post Evacuate Collection Set: 0.6ms
[378.266s][info][gc,phases      ] GC(849)   Other: 0.1ms
[378.266s][info][gc,heap        ] GC(849) Eden regions: 613->0(537)
[378.266s][info][gc,heap        ] GC(849) Survivor regions: 1->77(77)
[378.266s][info][gc,heap        ] GC(849) Old regions: 9->42
[378.266s][info][gc,heap        ] GC(849) Humongous regions: 3->3
[378.266s][info][gc,metaspace   ] GC(849) Metaspace: 16604K(16960K)->16604K(16960K) NonClass: 14278K(14464K)->14278K(14464K) Class: 2325K(2496K)->2325K(2496K)
[378.266s][info][gc             ] GC(849) Pause Young (Mixed) (G1 Evacuation Pause) 620M->117M(1024M) 50.828ms
[378.266s][info][gc,cpu         ] GC(849) User=0.14s Sys=0.00s Real=0.06s
[378.640s][info][gc,start       ] GC(850) Pause Young (Concurrent Start) (G1 Humongous Allocation)
[378.640s][info][gc,task        ] GC(850) Using 6 workers of 6 for evacuation
[378.812s][info][gc,phases      ] GC(850)   Pre Evacuate Collection Set: 0.2ms
[378.814s][info][gc,phases      ] GC(850)   Merge Heap Roots: 0.2ms
[378.814s][info][gc,phases      ] GC(850)   Evacuate Collection Set: 170.2ms
[378.814s][info][gc,phases      ] GC(850)   Post Evacuate Collection Set: 1.1ms
[378.814s][info][gc,phases      ] GC(850)   Other: 0.1ms
[378.814s][info][gc,heap        ] GC(850) Eden regions: 473->0(287)
[378.814s][info][gc,heap        ] GC(850) Survivor regions: 77->77(77)
[378.814s][info][gc,heap        ] GC(850) Old regions: 42->358
[378.814s][info][gc,heap        ] GC(850) Humongous regions: 3->3
[378.814s][info][gc,metaspace   ] GC(850) Metaspace: 16604K(16960K)->16604K(16960K) NonClass: 14278K(14464K)->14278K(14464K) Class: 2325K(2496K)->2325K(2496K)
[378.814s][info][gc             ] GC(850) Pause Young (Concurrent Start) (G1 Humongous Allocation) 590M->433M(1024M) 173.290ms
[378.814s][info][gc             ] GC(851) Concurrent Mark Cycle
[378.814s][info][gc,cpu         ] GC(850) User=0.95s Sys=0.00s Real=0.17s
[378.814s][info][gc,marking     ] GC(851) Concurrent Scan Root Regions
[378.896s][info][gc,marking     ] GC(851) Concurrent Scan Root Regions 82.197ms
[378.896s][info][gc,marking     ] GC(851) Concurrent Mark
[378.896s][info][gc,marking     ] GC(851) Concurrent Mark From Roots
[378.896s][info][gc,task        ] GC(851) Using 2 workers of 2 for marking
[378.926s][info][gc,marking     ] GC(851) Concurrent Mark From Roots 29.560ms
[378.926s][info][gc,marking     ] GC(851) Concurrent Preclean
[378.926s][info][gc,marking     ] GC(851) Concurrent Preclean 0.036ms
[378.926s][info][gc,start       ] GC(851) Pause Remark
[378.927s][info][gc             ] GC(851) Pause Remark 471M->471M(1024M) 1.304ms
[378.927s][info][gc,cpu         ] GC(851) User=0.05s Sys=0.00s Real=0.00s
[378.927s][info][gc,marking     ] GC(851) Concurrent Mark 31.140ms
[378.927s][info][gc,marking     ] GC(851) Concurrent Rebuild Remembered Sets and Scrub Regions
[379.022s][info][gc,marking     ] GC(851) Concurrent Rebuild Remembered Sets and Scrub Regions 94.447ms
[379.022s][info][gc,start       ] GC(851) Pause Cleanup
[379.022s][info][gc             ] GC(851) Pause Cleanup 493M->493M(1024M) 0.142ms
[379.022s][info][gc,cpu         ] GC(851) User=0.00s Sys=0.00s Real=0.00s
[379.022s][info][gc,marking     ] GC(851) Concurrent Clear Claimed Marks
[379.022s][info][gc,marking     ] GC(851) Concurrent Clear Claimed Marks 0.027ms
[379.022s][info][gc,marking     ] GC(851) Concurrent Cleanup for Next Mark
[379.024s][info][gc,marking     ] GC(851) Concurrent Cleanup for Next Mark 1.733ms
[379.024s][info][gc             ] GC(851) Concurrent Mark Cycle 210.102ms
[381.249s][info][gc,start       ] GC(852) Pause Young (Prepare Mixed) (G1 Evacuation Pause)
[381.249s][info][gc,task        ] GC(852) Using 6 workers of 6 for evacuation
[381.346s][info][gc,phases      ] GC(852)   Pre Evacuate Collection Set: 0.3ms
[381.346s][info][gc,phases      ] GC(852)   Merge Heap Roots: 1.8ms
[381.346s][info][gc,phases      ] GC(852)   Evacuate Collection Set: 93.7ms
[381.346s][info][gc,phases      ] GC(852)   Post Evacuate Collection Set: 0.7ms
[381.346s][info][gc,phases      ] GC(852)   Other: 0.1ms
[381.346s][info][gc,heap        ] GC(852) Eden regions: 287->0(244)
[381.346s][info][gc,heap        ] GC(852) Survivor regions: 77->46(46)
[381.346s][info][gc,heap        ] GC(852) Old regions: 358->474
[381.346s][info][gc,heap        ] GC(852) Humongous regions: 4->4
[381.346s][info][gc,metaspace   ] GC(852) Metaspace: 16604K(16960K)->16604K(16960K) NonClass: 14278K(14464K)->14278K(14464K) Class: 2325K(2496K)->2325K(2496K)
[381.346s][info][gc             ] GC(852) Pause Young (Prepare Mixed) (G1 Evacuation Pause) 721M->519M(1024M) 96.769ms
[381.346s][info][gc,cpu         ] GC(852) User=0.52s Sys=0.00s Real=0.09s
[381.483s][info][gc,start       ] GC(853) Pause Young (Mixed) (G1 Evacuation Pause)
[381.484s][info][gc,task        ] GC(853) Using 6 workers of 6 for evacuation
[381.562s][info][gc,phases      ] GC(853)   Pre Evacuate Collection Set: 0.2ms
[381.564s][info][gc,phases      ] GC(853)   Merge Heap Roots: 0.8ms
[381.564s][info][gc,phases      ] GC(853)   Evacuate Collection Set: 76.4ms
[381.564s][info][gc,phases      ] GC(853)   Post Evacuate Collection Set: 0.4ms
[381.564s][info][gc,phases      ] GC(853)   Other: 0.1ms
[381.564s][info][gc,heap        ] GC(853) Eden regions: 244->0(187)
[381.564s][info][gc,heap        ] GC(853) Survivor regions: 46->37(37)
[381.564s][info][gc,heap        ] GC(853) Old regions: 474->585
[381.564s][info][gc,heap        ] GC(853) Humongous regions: 4->4
[381.564s][info][gc,metaspace   ] GC(853) Metaspace: 16604K(16960K)->16604K(16960K) NonClass: 14278K(14464K)->14278K(14464K) Class: 2325K(2496K)->2325K(2496K)
[381.564s][info][gc             ] GC(853) Pause Young (Mixed) (G1 Evacuation Pause) 763M->623M(1024M) 80.157ms
[381.564s][info][gc,cpu         ] GC(853) User=0.38s Sys=0.00s Real=0.08s
[381.674s][info][gc,start       ] GC(854) Pause Young (Concurrent Start) (G1 Evacuation Pause)
[381.674s][info][gc,task        ] GC(854) Using 6 workers of 6 for evacuation
[381.731s][info][gc,phases      ] GC(854)   Pre Evacuate Collection Set: 0.4ms
[381.731s][info][gc,phases      ] GC(854)   Merge Heap Roots: 0.1ms
[381.731s][info][gc,phases      ] GC(854)   Evacuate Collection Set: 55.6ms
[381.731s][info][gc,phases      ] GC(854)   Post Evacuate Collection Set: 0.4ms
[381.731s][info][gc,phases      ] GC(854)   Other: 0.2ms
[381.731s][info][gc,heap        ] GC(854) Eden regions: 187->0(149)
[381.731s][info][gc,heap        ] GC(854) Survivor regions: 37->28(28)
[381.731s][info][gc,heap        ] GC(854) Old regions: 585->674
[381.731s][info][gc,heap        ] GC(854) Humongous regions: 4->4
[381.731s][info][gc,metaspace   ] GC(854) Metaspace: 16604K(16960K)->16604K(16960K) NonClass: 14278K(14464K)->14278K(14464K) Class: 2325K(2496K)->2325K(2496K)
[381.731s][info][gc             ] GC(854) Pause Young (Concurrent Start) (G1 Evacuation Pause) 810M->703M(1024M) 57.006ms
[381.731s][info][gc             ] GC(855) Concurrent Mark Cycle
[381.731s][info][gc,cpu         ] GC(854) User=0.28s Sys=0.02s Real=0.06s
[381.731s][info][gc,marking     ] GC(855) Concurrent Scan Root Regions
[381.759s][info][gc,marking     ] GC(855) Concurrent Scan Root Regions 28.029ms
[381.759s][info][gc,marking     ] GC(855) Concurrent Mark
[381.759s][info][gc,marking     ] GC(855) Concurrent Mark From Roots
[381.759s][info][gc,task        ] GC(855) Using 2 workers of 2 for marking
[381.835s][info][gc,start       ] GC(856) Pause Young (Normal) (G1 Evacuation Pause)
[381.835s][info][gc,task        ] GC(856) Using 6 workers of 6 for evacuation
[381.879s][info][gc,phases      ] GC(856)   Pre Evacuate Collection Set: 0.2ms
[381.879s][info][gc,phases      ] GC(856)   Merge Heap Roots: 0.1ms
[381.879s][info][gc,phases      ] GC(856)   Evacuate Collection Set: 43.4ms
[381.879s][info][gc,phases      ] GC(856)   Post Evacuate Collection Set: 0.4ms
[381.879s][info][gc,phases      ] GC(856)   Other: 0.1ms
[381.879s][info][gc,heap        ] GC(856) Eden regions: 149->0(120)
[381.879s][info][gc,heap        ] GC(856) Survivor regions: 28->23(23)
[381.879s][info][gc,heap        ] GC(856) Old regions: 674->744
[381.879s][info][gc,heap        ] GC(856) Humongous regions: 4->4
[381.879s][info][gc,metaspace   ] GC(856) Metaspace: 16604K(16960K)->16604K(16960K) NonClass: 14278K(14464K)->14278K(14464K) Class: 2325K(2496K)->2325K(2496K)
[381.879s][info][gc             ] GC(856) Pause Young (Normal) (G1 Evacuation Pause) 852M->768M(1024M) 44.366ms
[381.879s][info][gc,cpu         ] GC(856) User=0.11s Sys=0.00s Real=0.05s
[381.912s][info][gc,marking     ] GC(855) Concurrent Mark From Roots 152.549ms
[381.912s][info][gc,marking     ] GC(855) Concurrent Preclean
[381.912s][info][gc,marking     ] GC(855) Concurrent Preclean 0.069ms
[381.912s][info][gc,start       ] GC(855) Pause Remark
[381.913s][info][gc             ] GC(855) Pause Remark 814M->403M(1024M) 1.366ms
[381.913s][info][gc,cpu         ] GC(855) User=0.00s Sys=0.00s Real=0.01s
[381.913s][info][gc,marking     ] GC(855) Concurrent Mark 154.214ms
[381.913s][info][gc,marking     ] GC(855) Concurrent Rebuild Remembered Sets and Scrub Regions
[381.961s][info][gc,start       ] GC(857) Pause Young (Normal) (G1 Evacuation Pause)
[381.961s][info][gc,task        ] GC(857) Using 6 workers of 6 for evacuation
[381.998s][info][gc,phases      ] GC(857)   Pre Evacuate Collection Set: 0.2ms
[381.998s][info][gc,phases      ] GC(857)   Merge Heap Roots: 0.1ms
[381.998s][info][gc,phases      ] GC(857)   Evacuate Collection Set: 35.4ms
[381.998s][info][gc,phases      ] GC(857)   Post Evacuate Collection Set: 0.5ms
[381.998s][info][gc,phases      ] GC(857)   Other: 0.1ms
[381.998s][info][gc,heap        ] GC(857) Eden regions: 120->0(306)
[381.998s][info][gc,heap        ] GC(857) Survivor regions: 23->18(18)
[381.998s][info][gc,heap        ] GC(857) Old regions: 335->393
[381.998s][info][gc,heap        ] GC(857) Humongous regions: 2->2
[381.998s][info][gc,metaspace   ] GC(857) Metaspace: 16604K(16960K)->16604K(16960K) NonClass: 14278K(14464K)->14278K(14464K) Class: 2325K(2496K)->2325K(2496K)
[381.998s][info][gc             ] GC(857) Pause Young (Normal) (G1 Evacuation Pause) 477M->410M(1024M) 36.500ms
[381.998s][info][gc,cpu         ] GC(857) User=0.09s Sys=0.00s Real=0.03s
[382.128s][info][gc,marking     ] GC(855) Concurrent Rebuild Remembered Sets and Scrub Regions 214.821ms
[382.128s][info][gc,start       ] GC(855) Pause Cleanup
[382.129s][info][gc             ] GC(855) Pause Cleanup 542M->542M(1024M) 0.229ms
[382.129s][info][gc,cpu         ] GC(855) User=0.00s Sys=0.00s Real=0.00s
[382.129s][info][gc,marking     ] GC(855) Concurrent Clear Claimed Marks
[382.129s][info][gc,marking     ] GC(855) Concurrent Clear Claimed Marks 0.031ms
[382.129s][info][gc,marking     ] GC(855) Concurrent Cleanup for Next Mark
[382.130s][info][gc,marking     ] GC(855) Concurrent Cleanup for Next Mark 1.484ms
[382.130s][info][gc             ] GC(855) Concurrent Mark Cycle 399.165ms
[382.625s][info][gc,start       ] GC(858) Pause Young (Prepare Mixed) (G1 Evacuation Pause)
[382.625s][info][gc,task        ] GC(858) Using 6 workers of 6 for evacuation
[382.703s][info][gc,phases      ] GC(858)   Pre Evacuate Collection Set: 0.4ms
[382.703s][info][gc,phases      ] GC(858)   Merge Heap Roots: 2.0ms
[382.703s][info][gc,phases      ] GC(858)   Evacuate Collection Set: 73.6ms
[382.703s][info][gc,phases      ] GC(858)   Post Evacuate Collection Set: 1.0ms
[382.703s][info][gc,phases      ] GC(858)   Other: 0.1ms
[382.703s][info][gc,heap        ] GC(858) Eden regions: 306->0(272)
[382.703s][info][gc,heap        ] GC(858) Survivor regions: 18->41(41)
[382.703s][info][gc,heap        ] GC(858) Old regions: 393->443
[382.703s][info][gc,heap        ] GC(858) Humongous regions: 8->8
[382.703s][info][gc,metaspace   ] GC(858) Metaspace: 16604K(16960K)->16604K(16960K) NonClass: 14278K(14464K)->14278K(14464K) Class: 2325K(2496K)->2325K(2496K)
[382.703s][info][gc             ] GC(858) Pause Young (Prepare Mixed) (G1 Evacuation Pause) 722M->489M(1024M) 77.361ms
[382.703s][info][gc,cpu         ] GC(858) User=0.39s Sys=0.00s Real=0.08s
[383.189s][info][gc,start       ] GC(859) Pause Young (Mixed) (G1 Evacuation Pause)
[383.189s][info][gc,task        ] GC(859) Using 6 workers of 6 for evacuation
[383.222s][info][gc,phases      ] GC(859)   Pre Evacuate Collection Set: 0.4ms
[383.222s][info][gc,phases      ] GC(859)   Merge Heap Roots: 1.3ms
[383.222s][info][gc,phases      ] GC(859)   Evacuate Collection Set: 30.4ms
[383.222s][info][gc,phases      ] GC(859)   Post Evacuate Collection Set: 0.6ms
[383.222s][info][gc,phases      ] GC(859)   Other: 0.1ms
[383.222s][info][gc,heap        ] GC(859) Eden regions: 272->0(308)
[383.222s][info][gc,heap        ] GC(859) Survivor regions: 41->3(40)
[383.222s][info][gc,heap        ] GC(859) Old regions: 443->464
[383.222s][info][gc,heap        ] GC(859) Humongous regions: 8->8
[383.222s][info][gc,metaspace   ] GC(859) Metaspace: 16604K(16960K)->16604K(16960K) NonClass: 14278K(14464K)->14278K(14464K) Class: 2325K(2496K)->2325K(2496K)
[383.222s][info][gc             ] GC(859) Pause Young (Mixed) (G1 Evacuation Pause) 761M->472M(1024M) 33.069ms
[383.222s][info][gc,cpu         ] GC(859) User=0.09s Sys=0.00s Real=0.03s
[384.073s][info][gc,start       ] GC(860) Pause Full (System.gc())
[384.073s][info][gc,task        ] GC(860) Using 6 workers of 6 for full compaction
[384.073s][info][gc,phases,start] GC(860) Phase 1: Mark live objects
[384.076s][info][gc,phases      ] GC(860) Phase 1: Mark live objects 2.507ms
[384.076s][info][gc,phases,start] GC(860) Phase 2: Prepare compaction
[384.076s][info][gc,phases      ] GC(860) Phase 2: Prepare compaction 0.629ms
[384.076s][info][gc,phases,start] GC(860) Phase 3: Adjust pointers
[384.078s][info][gc,phases      ] GC(860) Phase 3: Adjust pointers 1.996ms
[384.078s][info][gc,phases,start] GC(860) Phase 4: Compact heap
[384.079s][info][gc,phases      ] GC(860) Phase 4: Compact heap 0.529ms
[384.079s][info][gc,phases,start] GC(860) Phase 5: Reset Metadata
[384.080s][info][gc,phases      ] GC(860) Phase 5: Reset Metadata 0.754ms
[384.084s][info][gc,heap        ] GC(860) Eden regions: 175->0(558)
[384.084s][info][gc,heap        ] GC(860) Survivor regions: 3->0(40)
[384.084s][info][gc,heap        ] GC(860) Old regions: 464->10
[384.084s][info][gc,heap        ] GC(860) Humongous regions: 8->2
[384.084s][info][gc,metaspace   ] GC(860) Metaspace: 16604K(16960K)->16604K(16960K) NonClass: 14278K(14464K)->14278K(14464K) Class: 2325K(2496K)->2325K(2496K)
[384.084s][info][gc             ] GC(860) Pause Full (System.gc()) 647M->5M(1024M) 11.007ms
[384.084s][info][gc,cpu         ] GC(860) User=0.00s Sys=0.00s Real=0.01s
[385.319s][info][gc,start       ] GC(861) Pause Young (Concurrent Start) (G1 Evacuation Pause)
[385.320s][info][gc,task        ] GC(861) Using 6 workers of 6 for evacuation
[385.321s][info][gc,phases      ] GC(861)   Pre Evacuate Collection Set: 0.2ms
[385.321s][info][gc,phases      ] GC(861)   Merge Heap Roots: 0.1ms
[385.321s][info][gc,phases      ] GC(861)   Evacuate Collection Set: 0.3ms
[385.321s][info][gc,phases      ] GC(861)   Post Evacuate Collection Set: 0.4ms
[385.321s][info][gc,phases      ] GC(861)   Other: 0.1ms
[385.321s][info][gc,heap        ] GC(861) Eden regions: 558->0(612)
[385.321s][info][gc,heap        ] GC(861) Survivor regions: 0->2(70)
[385.321s][info][gc,heap        ] GC(861) Old regions: 10->10
[385.321s][info][gc,heap        ] GC(861) Humongous regions: 2->2
[385.321s][info][gc,metaspace   ] GC(861) Metaspace: 16604K(16960K)->16604K(16960K) NonClass: 14278K(14464K)->14278K(14464K) Class: 2325K(2496K)->2325K(2496K)
[385.321s][info][gc             ] GC(861) Pause Young (Concurrent Start) (G1 Evacuation Pause) 563M->7M(1024M) 1.376ms
[385.321s][info][gc             ] GC(862) Concurrent Mark Cycle
[385.321s][info][gc,cpu         ] GC(861) User=0.00s Sys=0.00s Real=0.00s
[385.321s][info][gc,marking     ] GC(862) Concurrent Scan Root Regions
[385.321s][info][gc,marking     ] GC(862) Concurrent Scan Root Regions 0.220ms
[385.321s][info][gc,marking     ] GC(862) Concurrent Mark
[385.321s][info][gc,marking     ] GC(862) Concurrent Mark From Roots
[385.321s][info][gc,task        ] GC(862) Using 2 workers of 2 for marking
[385.324s][info][gc,marking     ] GC(862) Concurrent Mark From Roots 3.051ms
[385.324s][info][gc,marking     ] GC(862) Concurrent Preclean
[385.324s][info][gc,marking     ] GC(862) Concurrent Preclean 0.023ms
[385.324s][info][gc,start       ] GC(862) Pause Remark
[385.325s][info][gc             ] GC(862) Pause Remark 23M->23M(1024M) 1.068ms
[385.325s][info][gc,cpu         ] GC(862) User=0.00s Sys=0.00s Real=0.00s
[385.325s][info][gc,marking     ] GC(862) Concurrent Mark 4.401ms
[385.325s][info][gc,marking     ] GC(862) Concurrent Rebuild Remembered Sets and Scrub Regions
[385.326s][info][gc,marking     ] GC(862) Concurrent Rebuild Remembered Sets and Scrub Regions 0.980ms
[385.327s][info][gc,start       ] GC(862) Pause Cleanup
[385.327s][info][gc             ] GC(862) Pause Cleanup 28M->28M(1024M) 0.116ms
[385.327s][info][gc,cpu         ] GC(862) User=0.00s Sys=0.00s Real=0.00s
[385.327s][info][gc,marking     ] GC(862) Concurrent Clear Claimed Marks
[385.327s][info][gc,marking     ] GC(862) Concurrent Clear Claimed Marks 0.022ms
[385.327s][info][gc,marking     ] GC(862) Concurrent Cleanup for Next Mark
[385.329s][info][gc,marking     ] GC(862) Concurrent Cleanup for Next Mark 2.398ms
[385.329s][info][gc             ] GC(862) Concurrent Mark Cycle 8.507ms
[385.420s][info][gc,start       ] GC(863) Pause Young (Prepare Mixed) (G1 Evacuation Pause)
[385.420s][info][gc,task        ] GC(863) Using 6 workers of 6 for evacuation
[385.421s][info][gc,phases      ] GC(863)   Pre Evacuate Collection Set: 0.2ms
[385.421s][info][gc,phases      ] GC(863)   Merge Heap Roots: 0.1ms
[385.421s][info][gc,phases      ] GC(863)   Evacuate Collection Set: 0.3ms
[385.421s][info][gc,phases      ] GC(863)   Post Evacuate Collection Set: 0.4ms
[385.421s][info][gc,phases      ] GC(863)   Other: 0.1ms
[385.421s][info][gc,heap        ] GC(863) Eden regions: 612->0(613)
[385.421s][info][gc,heap        ] GC(863) Survivor regions: 2->1(77)
[385.421s][info][gc,heap        ] GC(863) Old regions: 10->10
[385.421s][info][gc,heap        ] GC(863) Humongous regions: 2->2
[385.421s][info][gc,metaspace   ] GC(863) Metaspace: 16604K(16960K)->16604K(16960K) NonClass: 14278K(14464K)->14278K(14464K) Class: 2325K(2496K)->2325K(2496K)
[385.421s][info][gc             ] GC(863) Pause Young (Prepare Mixed) (G1 Evacuation Pause) 619M->6M(1024M) 1.231ms
[385.421s][info][gc,cpu         ] GC(863) User=0.00s Sys=0.00s Real=0.00s
[385.515s][info][gc,start       ] GC(864) Pause Young (Mixed) (G1 Evacuation Pause)
[385.516s][info][gc,task        ] GC(864) Using 6 workers of 6 for evacuation
[385.517s][info][gc,phases      ] GC(864)   Pre Evacuate Collection Set: 0.2ms
[385.517s][info][gc,phases      ] GC(864)   Merge Heap Roots: 0.1ms
[385.517s][info][gc,phases      ] GC(864)   Evacuate Collection Set: 0.3ms
[385.517s][info][gc,phases      ] GC(864)   Post Evacuate Collection Set: 0.4ms
[385.517s][info][gc,phases      ] GC(864)   Other: 0.1ms
[385.517s][info][gc,heap        ] GC(864) Eden regions: 613->0(613)
[385.517s][info][gc,heap        ] GC(864) Survivor regions: 1->1(77)
[385.517s][info][gc,heap        ] GC(864) Old regions: 10->10
[385.517s][info][gc,heap        ] GC(864) Humongous regions: 2->2
[385.517s][info][gc,metaspace   ] GC(864) Metaspace: 16604K(16960K)->16604K(16960K) NonClass: 14278K(14464K)->14278K(14464K) Class: 2325K(2496K)->2325K(2496K)
[385.517s][info][gc             ] GC(864) Pause Young (Mixed) (G1 Evacuation Pause) 619M->6M(1024M) 1.256ms
[385.517s][info][gc,cpu         ] GC(864) User=0.00s Sys=0.00s Real=0.00s
[385.614s][info][gc,start       ] GC(865) Pause Young (Concurrent Start) (G1 Evacuation Pause)
[385.614s][info][gc,task        ] GC(865) Using 6 workers of 6 for evacuation
[385.615s][info][gc,phases      ] GC(865)   Pre Evacuate Collection Set: 0.2ms
[385.615s][info][gc,phases      ] GC(865)   Merge Heap Roots: 0.1ms
[385.615s][info][gc,phases      ] GC(865)   Evacuate Collection Set: 0.3ms
[385.615s][info][gc,phases      ] GC(865)   Post Evacuate Collection Set: 0.4ms
[385.615s][info][gc,phases      ] GC(865)   Other: 0.1ms
[385.615s][info][gc,heap        ] GC(865) Eden regions: 613->0(613)
[385.615s][info][gc,heap        ] GC(865) Survivor regions: 1->1(77)
[385.615s][info][gc,heap        ] GC(865) Old regions: 10->10
[385.615s][info][gc,heap        ] GC(865) Humongous regions: 2->2
[385.615s][info][gc,metaspace   ] GC(865) Metaspace: 16604K(16960K)->16604K(16960K) NonClass: 14278K(14464K)->14278K(14464K) Class: 2325K(2496K)->2325K(2496K)
[385.615s][info][gc             ] GC(865) Pause Young (Concurrent Start) (G1 Evacuation Pause) 619M->6M(1024M) 1.263ms
[385.615s][info][gc,cpu         ] GC(865) User=0.00s Sys=0.00s Real=0.00s
[385.615s][info][gc             ] GC(866) Concurrent Mark Cycle
[385.615s][info][gc,marking     ] GC(866) Concurrent Scan Root Regions
[385.615s][info][gc,marking     ] GC(866) Concurrent Scan Root Regions 0.248ms
[385.615s][info][gc,marking     ] GC(866) Concurrent Mark
[385.615s][info][gc,marking     ] GC(866) Concurrent Mark From Roots
[385.615s][info][gc,task        ] GC(866) Using 2 workers of 2 for marking
[385.618s][info][gc,marking     ] GC(866) Concurrent Mark From Roots 3.097ms
[385.618s][info][gc,marking     ] GC(866) Concurrent Preclean
[385.618s][info][gc,marking     ] GC(866) Concurrent Preclean 0.020ms
[385.619s][info][gc,start       ] GC(866) Pause Remark
[385.620s][info][gc             ] GC(866) Pause Remark 23M->23M(1024M) 1.046ms
[385.620s][info][gc,cpu         ] GC(866) User=0.00s Sys=0.00s Real=0.01s
[385.620s][info][gc,marking     ] GC(866) Concurrent Mark 4.436ms
[385.620s][info][gc,marking     ] GC(866) Concurrent Rebuild Remembered Sets and Scrub Regions
[385.621s][info][gc,marking     ] GC(866) Concurrent Rebuild Remembered Sets and Scrub Regions 0.994ms
[385.621s][info][gc,start       ] GC(866) Pause Cleanup
[385.621s][info][gc             ] GC(866) Pause Cleanup 28M->28M(1024M) 0.113ms
[385.621s][info][gc,cpu         ] GC(866) User=0.00s Sys=0.00s Real=0.00s
[385.621s][info][gc,marking     ] GC(866) Concurrent Clear Claimed Marks
[385.621s][info][gc,marking     ] GC(866) Concurrent Clear Claimed Marks 0.062ms
[385.621s][info][gc,marking     ] GC(866) Concurrent Cleanup for Next Mark
[385.624s][info][gc,marking     ] GC(866) Concurrent Cleanup for Next Mark 2.446ms
[385.624s][info][gc             ] GC(866) Concurrent Mark Cycle 8.686ms
[385.771s][info][gc,start       ] GC(867) Pause Young (Prepare Mixed) (G1 Evacuation Pause)
[385.771s][info][gc,task        ] GC(867) Using 6 workers of 6 for evacuation
[385.812s][info][gc,phases      ] GC(867)   Pre Evacuate Collection Set: 0.1ms
[385.812s][info][gc,phases      ] GC(867)   Merge Heap Roots: 0.1ms
[385.812s][info][gc,phases      ] GC(867)   Evacuate Collection Set: 39.3ms
[385.812s][info][gc,phases      ] GC(867)   Post Evacuate Collection Set: 0.6ms
[385.812s][info][gc,phases      ] GC(867)   Other: 0.1ms
[385.812s][info][gc,heap        ] GC(867) Eden regions: 613->0(537)
[385.812s][info][gc,heap        ] GC(867) Survivor regions: 1->77(77)
[385.812s][info][gc,heap        ] GC(867) Old regions: 10->21
[385.812s][info][gc,heap        ] GC(867) Humongous regions: 3->3
[385.812s][info][gc,metaspace   ] GC(867) Metaspace: 16604K(16960K)->16604K(16960K) NonClass: 14278K(14464K)->14278K(14464K) Class: 2325K(2496K)->2325K(2496K)
[385.812s][info][gc             ] GC(867) Pause Young (Prepare Mixed) (G1 Evacuation Pause) 620M->95M(1024M) 40.402ms
[385.812s][info][gc,cpu         ] GC(867) User=0.03s Sys=0.00s Real=0.03s
[386.327s][info][gc,start       ] GC(868) Pause Young (Mixed) (G1 Evacuation Pause)
[386.327s][info][gc,task        ] GC(868) Using 6 workers of 6 for evacuation
[386.514s][info][gc,phases      ] GC(868)   Pre Evacuate Collection Set: 0.2ms
[386.514s][info][gc,phases      ] GC(868)   Merge Heap Roots: 0.1ms
[386.514s][info][gc,phases      ] GC(868)   Evacuate Collection Set: 177.0ms
[386.514s][info][gc,phases      ] GC(868)   Post Evacuate Collection Set: 9.9ms
[386.514s][info][gc,phases      ] GC(868)   Other: 0.1ms
[386.514s][info][gc,heap        ] GC(868) Eden regions: 537->0(0)
[386.514s][info][gc,heap        ] GC(868) Survivor regions: 77->77(77)
[386.514s][info][gc,heap        ] GC(868) Old regions: 21->922
[386.514s][info][gc,heap        ] GC(868) Humongous regions: 4->4
[386.514s][info][gc,metaspace   ] GC(868) Metaspace: 16604K(16960K)->16604K(16960K) NonClass: 14278K(14464K)->14278K(14464K) Class: 2325K(2496K)->2325K(2496K)
[386.514s][info][gc             ] GC(868) Pause Young (Mixed) (G1 Evacuation Pause) (Evacuation Failure) 633M->998M(1024M) 187.451ms
[386.514s][info][gc,cpu         ] GC(868) User=1.05s Sys=0.00s Real=0.19s
[386.514s][info][gc,ergo        ] Attempting full compaction
[386.514s][info][gc,start       ] GC(869) Pause Full (G1 Compaction Pause)
[386.514s][info][gc,task        ] GC(869) Using 6 workers of 6 for full compaction
[386.514s][info][gc,phases,start] GC(869) Phase 1: Mark live objects
[386.624s][info][gc,phases      ] GC(869) Phase 1: Mark live objects 109.901ms
[386.624s][info][gc,phases,start] GC(869) Phase 2: Prepare compaction
[386.631s][info][gc,phases      ] GC(869) Phase 2: Prepare compaction 6.593ms
[386.631s][info][gc,phases,start] GC(869) Phase 3: Adjust pointers
[386.658s][info][gc,phases      ] GC(869) Phase 3: Adjust pointers 26.941ms
[386.658s][info][gc,phases,start] GC(869) Phase 4: Compact heap
[386.665s][info][gc,phases      ] GC(869) Phase 4: Compact heap 7.175ms
[386.665s][info][gc,phases,start] GC(869) Phase 5: Reset Metadata
[386.678s][info][gc,phases      ] GC(869) Phase 5: Reset Metadata 13.058ms
[386.684s][info][gc,heap        ] GC(869) Eden regions: 0->0(318)
[386.684s][info][gc,heap        ] GC(869) Survivor regions: 77->0(77)
[386.684s][info][gc,heap        ] GC(869) Old regions: 922->416
[386.684s][info][gc,heap        ] GC(869) Humongous regions: 4->4
[386.684s][info][gc,metaspace   ] GC(869) Metaspace: 16604K(16960K)->16604K(16960K) NonClass: 14278K(14464K)->14278K(14464K) Class: 2325K(2496K)->2325K(2496K)
[386.684s][info][gc             ] GC(869) Pause Full (G1 Compaction Pause) 998M->416M(1024M) 170.197ms
[386.684s][info][gc,cpu         ] GC(869) User=0.61s Sys=0.00s Real=0.17s
[389.337s][info][gc,start       ] GC(870) Pause Young (Concurrent Start) (G1 Evacuation Pause)
[389.337s][info][gc,task        ] GC(870) Using 6 workers of 6 for evacuation
[389.412s][info][gc,phases      ] GC(870)   Pre Evacuate Collection Set: 0.3ms
[389.412s][info][gc,phases      ] GC(870)   Merge Heap Roots: 1.0ms
[389.412s][info][gc,phases      ] GC(870)   Evacuate Collection Set: 73.3ms
[389.412s][info][gc,phases      ] GC(870)   Post Evacuate Collection Set: 0.8ms
[389.412s][info][gc,phases      ] GC(870)   Other: 0.1ms
[389.412s][info][gc,heap        ] GC(870) Eden regions: 318->0(245)
[389.412s][info][gc,heap        ] GC(870) Survivor regions: 0->40(40)
[389.412s][info][gc,heap        ] GC(870) Old regions: 416->493
[389.412s][info][gc,heap        ] GC(870) Humongous regions: 4->4
[389.412s][info][gc,metaspace   ] GC(870) Metaspace: 16604K(16960K)->16604K(16960K) NonClass: 14278K(14464K)->14278K(14464K) Class: 2325K(2496K)->2325K(2496K)
[389.412s][info][gc             ] GC(870) Pause Young (Concurrent Start) (G1 Evacuation Pause) 734M->533M(1024M) 75.686ms
[389.412s][info][gc,cpu         ] GC(870) User=0.39s Sys=0.00s Real=0.08s
[389.412s][info][gc             ] GC(871) Concurrent Mark Cycle
[389.412s][info][gc,marking     ] GC(871) Concurrent Scan Root Regions
[389.436s][info][gc,marking     ] GC(871) Concurrent Scan Root Regions 23.387ms
[389.436s][info][gc,marking     ] GC(871) Concurrent Mark
[389.436s][info][gc,marking     ] GC(871) Concurrent Mark From Roots
[389.436s][info][gc,task        ] GC(871) Using 2 workers of 2 for marking
[389.493s][info][gc,marking     ] GC(871) Concurrent Mark From Roots 56.801ms
[389.493s][info][gc,marking     ] GC(871) Concurrent Preclean
[389.493s][info][gc,marking     ] GC(871) Concurrent Preclean 0.061ms
[389.493s][info][gc,start       ] GC(871) Pause Remark
[389.494s][info][gc             ] GC(871) Pause Remark 661M->549M(1024M) 1.190ms
[389.494s][info][gc,cpu         ] GC(871) User=0.00s Sys=0.00s Real=0.00s
[389.494s][info][gc,marking     ] GC(871) Concurrent Mark 58.282ms
[389.494s][info][gc,marking     ] GC(871) Concurrent Rebuild Remembered Sets and Scrub Regions
[389.557s][info][gc,marking     ] GC(871) Concurrent Rebuild Remembered Sets and Scrub Regions 63.190ms
[389.557s][info][gc,start       ] GC(871) Pause Cleanup
[389.558s][info][gc             ] GC(871) Pause Cleanup 655M->655M(1024M) 0.300ms
[389.558s][info][gc,cpu         ] GC(871) User=0.00s Sys=0.00s Real=0.00s
[389.558s][info][gc,marking     ] GC(871) Concurrent Clear Claimed Marks
[389.558s][info][gc,marking     ] GC(871) Concurrent Clear Claimed Marks 0.049ms
[389.558s][info][gc,marking     ] GC(871) Concurrent Cleanup for Next Mark
[389.559s][info][gc,marking     ] GC(871) Concurrent Cleanup for Next Mark 1.449ms
[389.559s][info][gc             ] GC(871) Concurrent Mark Cycle 147.059ms
[389.565s][info][gc,start       ] GC(872) Pause Young (Prepare Mixed) (G1 Evacuation Pause)
[389.565s][info][gc,task        ] GC(872) Using 6 workers of 6 for evacuation
[389.641s][info][gc,phases      ] GC(872)   Pre Evacuate Collection Set: 0.3ms
[389.641s][info][gc,phases      ] GC(872)   Merge Heap Roots: 1.2ms
[389.641s][info][gc,phases      ] GC(872)   Evacuate Collection Set: 73.9ms
[389.641s][info][gc,phases      ] GC(872)   Post Evacuate Collection Set: 0.4ms
[389.641s][info][gc,phases      ] GC(872)   Other: 0.1ms
[389.641s][info][gc,heap        ] GC(872) Eden regions: 245->0(246)
[389.641s][info][gc,heap        ] GC(872) Survivor regions: 40->36(36)
[389.641s][info][gc,heap        ] GC(872) Old regions: 381->488
[389.641s][info][gc,heap        ] GC(872) Humongous regions: 3->3
[389.641s][info][gc,metaspace   ] GC(872) Metaspace: 16604K(16960K)->16604K(16960K) NonClass: 14278K(14464K)->14278K(14464K) Class: 2325K(2496K)->2325K(2496K)
[389.641s][info][gc             ] GC(872) Pause Young (Prepare Mixed) (G1 Evacuation Pause) 666M->524M(1024M) 76.070ms
[389.641s][info][gc,cpu         ] GC(872) User=0.47s Sys=0.00s Real=0.08s
[389.790s][info][gc,start       ] GC(873) Pause Young (Mixed) (G1 Evacuation Pause)
[389.790s][info][gc,task        ] GC(873) Using 6 workers of 6 for evacuation
[389.857s][info][gc,phases      ] GC(873)   Pre Evacuate Collection Set: 0.5ms
[389.857s][info][gc,phases      ] GC(873)   Merge Heap Roots: 0.2ms
[389.857s][info][gc,phases      ] GC(873)   Evacuate Collection Set: 66.5ms
[389.857s][info][gc,phases      ] GC(873)   Post Evacuate Collection Set: 0.4ms
[389.857s][info][gc,phases      ] GC(873)   Other: 0.1ms
[389.857s][info][gc,heap        ] GC(873) Eden regions: 246->0(243)
[389.857s][info][gc,heap        ] GC(873) Survivor regions: 36->36(36)
[389.857s][info][gc,heap        ] GC(873) Old regions: 488->491
[389.857s][info][gc,heap        ] GC(873) Humongous regions: 3->3
[389.857s][info][gc,metaspace   ] GC(873) Metaspace: 16604K(16960K)->16604K(16960K) NonClass: 14278K(14464K)->14278K(14464K) Class: 2325K(2496K)->2325K(2496K)
[389.858s][info][gc             ] GC(873) Pause Young (Mixed) (G1 Evacuation Pause) 770M->529M(1024M) 67.943ms
[389.858s][info][gc,cpu         ] GC(873) User=0.38s Sys=0.00s Real=0.06s
[390.039s][info][gc,start       ] GC(874) Pause Young (Mixed) (G1 Evacuation Pause)
[390.039s][info][gc,task        ] GC(874) Using 6 workers of 6 for evacuation
[390.116s][info][gc,phases      ] GC(874)   Pre Evacuate Collection Set: 0.5ms
[390.117s][info][gc,phases      ] GC(874)   Merge Heap Roots: 0.7ms
[390.117s][info][gc,phases      ] GC(874)   Evacuate Collection Set: 75.1ms
[390.117s][info][gc,phases      ] GC(874)   Post Evacuate Collection Set: 0.6ms
[390.117s][info][gc,phases      ] GC(874)   Other: 0.1ms
[390.117s][info][gc,heap        ] GC(874) Eden regions: 243->0(239)
[390.117s][info][gc,heap        ] GC(874) Survivor regions: 36->35(35)
[390.117s][info][gc,heap        ] GC(874) Old regions: 491->495
[390.117s][info][gc,heap        ] GC(874) Humongous regions: 6->6
[390.117s][info][gc,metaspace   ] GC(874) Metaspace: 16604K(16960K)->16604K(16960K) NonClass: 14278K(14464K)->14278K(14464K) Class: 2325K(2496K)->2325K(2496K)
[390.117s][info][gc             ] GC(874) Pause Young (Mixed) (G1 Evacuation Pause) 775M->535M(1024M) 77.300ms
[390.117s][info][gc,cpu         ] GC(874) User=0.41s Sys=0.00s Real=0.08s
[390.173s][info][gc,start       ] GC(875) Pause Young (Concurrent Start) (G1 Humongous Allocation)
[390.173s][info][gc,task        ] GC(875) Using 6 workers of 6 for evacuation
[390.240s][info][gc,phases      ] GC(875)   Pre Evacuate Collection Set: 0.2ms
[390.240s][info][gc,phases      ] GC(875)   Merge Heap Roots: 3.7ms
[390.240s][info][gc,phases      ] GC(875)   Evacuate Collection Set: 61.9ms
[390.240s][info][gc,phases      ] GC(875)   Post Evacuate Collection Set: 1.1ms
[390.240s][info][gc,phases      ] GC(875)   Other: 0.1ms
[390.240s][info][gc,heap        ] GC(875) Eden regions: 54->0(196)
[390.240s][info][gc,heap        ] GC(875) Survivor regions: 35->35(35)
[390.240s][info][gc,heap        ] GC(875) Old regions: 495->534
[390.240s][info][gc,heap        ] GC(875) Humongous regions: 6->6
[390.240s][info][gc,metaspace   ] GC(875) Metaspace: 16604K(16960K)->16604K(16960K) NonClass: 14278K(14464K)->14278K(14464K) Class: 2325K(2496K)->2325K(2496K)
[390.240s][info][gc             ] GC(875) Pause Young (Concurrent Start) (G1 Humongous Allocation) 589M->574M(1024M) 67.314ms
[390.240s][info][gc             ] GC(876) Concurrent Mark Cycle
[390.240s][info][gc,cpu         ] GC(875) User=0.30s Sys=0.00s Real=0.06s
[390.240s][info][gc,marking     ] GC(876) Concurrent Scan Root Regions
[390.259s][info][gc,marking     ] GC(876) Concurrent Scan Root Regions 18.550ms
[390.259s][info][gc,marking     ] GC(876) Concurrent Mark
[390.259s][info][gc,marking     ] GC(876) Concurrent Mark From Roots
[390.259s][info][gc,task        ] GC(876) Using 2 workers of 2 for marking
[390.547s][info][gc,marking     ] GC(876) Concurrent Mark From Roots 288.528ms
[390.548s][info][gc,marking     ] GC(876) Concurrent Preclean
[390.548s][info][gc,marking     ] GC(876) Concurrent Preclean 0.062ms
[390.548s][info][gc,start       ] GC(876) Pause Remark
[390.549s][info][gc             ] GC(876) Pause Remark 594M->500M(1024M) 1.389ms
[390.549s][info][gc,cpu         ] GC(876) User=0.00s Sys=0.00s Real=0.00s
[390.549s][info][gc,marking     ] GC(876) Concurrent Mark 290.269ms
[390.549s][info][gc,marking     ] GC(876) Concurrent Rebuild Remembered Sets and Scrub Regions
[390.718s][info][gc,marking     ] GC(876) Concurrent Rebuild Remembered Sets and Scrub Regions 168.542ms
[390.718s][info][gc,start       ] GC(876) Pause Cleanup
[390.718s][info][gc             ] GC(876) Pause Cleanup 582M->582M(1024M) 0.252ms
[390.718s][info][gc,cpu         ] GC(876) User=0.00s Sys=0.00s Real=0.00s
[390.718s][info][gc,marking     ] GC(876) Concurrent Clear Claimed Marks
[390.718s][info][gc,marking     ] GC(876) Concurrent Clear Claimed Marks 0.027ms
[390.718s][info][gc,marking     ] GC(876) Concurrent Cleanup for Next Mark
[390.719s][info][gc,marking     ] GC(876) Concurrent Cleanup for Next Mark 1.216ms
[390.719s][info][gc             ] GC(876) Concurrent Mark Cycle 479.194ms
[390.901s][info][gc,start       ] GC(877) Pause Young (Prepare Mixed) (G1 Evacuation Pause)
[390.902s][info][gc,task        ] GC(877) Using 6 workers of 6 for evacuation
[390.943s][info][gc,phases      ] GC(877)   Pre Evacuate Collection Set: 0.2ms
[390.943s][info][gc,phases      ] GC(877)   Merge Heap Roots: 1.3ms
[390.943s][info][gc,phases      ] GC(877)   Evacuate Collection Set: 39.4ms
[390.943s][info][gc,phases      ] GC(877)   Post Evacuate Collection Set: 0.3ms
[390.943s][info][gc,phases      ] GC(877)   Other: 0.1ms
[390.943s][info][gc,heap        ] GC(877) Eden regions: 196->0(261)
[390.943s][info][gc,heap        ] GC(877) Survivor regions: 35->8(29)
[390.943s][info][gc,heap        ] GC(877) Old regions: 441->468
[390.943s][info][gc,heap        ] GC(877) Humongous regions: 8->8
[390.943s][info][gc,metaspace   ] GC(877) Metaspace: 16604K(16960K)->16604K(16960K) NonClass: 14278K(14464K)->14278K(14464K) Class: 2325K(2496K)->2325K(2496K)
[390.943s][info][gc             ] GC(877) Pause Young (Prepare Mixed) (G1 Evacuation Pause) 679M->483M(1024M) 41.595ms
[390.943s][info][gc,cpu         ] GC(877) User=0.14s Sys=0.00s Real=0.03s
[391.403s][info][gc,start       ] GC(878) Pause Young (Mixed) (G1 Evacuation Pause)
[391.403s][info][gc,task        ] GC(878) Using 6 workers of 6 for evacuation
[391.406s][info][gc,phases      ] GC(878)   Pre Evacuate Collection Set: 0.4ms
[391.406s][info][gc,phases      ] GC(878)   Merge Heap Roots: 0.1ms
[391.406s][info][gc,phases      ] GC(878)   Evacuate Collection Set: 2.5ms
[391.406s][info][gc,phases      ] GC(878)   Post Evacuate Collection Set: 0.5ms
[391.406s][info][gc,phases      ] GC(878)   Other: 0.1ms
[391.406s][info][gc,heap        ] GC(878) Eden regions: 261->0(291)
[391.406s][info][gc,heap        ] GC(878) Survivor regions: 8->5(34)
[391.406s][info][gc,heap        ] GC(878) Old regions: 468->466
[391.406s][info][gc,heap        ] GC(878) Humongous regions: 8->8
[391.406s][info][gc,metaspace   ] GC(878) Metaspace: 16604K(16960K)->16604K(16960K) NonClass: 14278K(14464K)->14278K(14464K) Class: 2325K(2496K)->2325K(2496K)
[391.406s][info][gc             ] GC(878) Pause Young (Mixed) (G1 Evacuation Pause) 744M->478M(1024M) 3.753ms
[391.406s][info][gc,cpu         ] GC(878) User=0.00s Sys=0.00s Real=0.00s
[392.214s][info][gc,start       ] GC(879) Pause Full (System.gc())
[392.214s][info][gc,task        ] GC(879) Using 6 workers of 6 for full compaction
[392.214s][info][gc,phases,start] GC(879) Phase 1: Mark live objects
[392.216s][info][gc,phases      ] GC(879) Phase 1: Mark live objects 2.300ms
[392.216s][info][gc,phases,start] GC(879) Phase 2: Prepare compaction
[392.217s][info][gc,phases      ] GC(879) Phase 2: Prepare compaction 0.783ms
[392.217s][info][gc,phases,start] GC(879) Phase 3: Adjust pointers
[392.219s][info][gc,phases      ] GC(879) Phase 3: Adjust pointers 2.080ms
[392.219s][info][gc,phases,start] GC(879) Phase 4: Compact heap
[392.220s][info][gc,phases      ] GC(879) Phase 4: Compact heap 0.687ms
[392.220s][info][gc,phases,start] GC(879) Phase 5: Reset Metadata
[392.221s][info][gc,phases      ] GC(879) Phase 5: Reset Metadata 0.776ms
[392.224s][info][gc,heap        ] GC(879) Eden regions: 145->0(524)
[392.224s][info][gc,heap        ] GC(879) Survivor regions: 5->0(34)
[392.224s][info][gc,heap        ] GC(879) Old regions: 466->10
[392.224s][info][gc,heap        ] GC(879) Humongous regions: 8->2
[392.224s][info][gc,metaspace   ] GC(879) Metaspace: 16611K(16960K)->16611K(16960K) NonClass: 14285K(14464K)->14285K(14464K) Class: 2325K(2496K)->2325K(2496K)
[392.224s][info][gc             ] GC(879) Pause Full (System.gc()) 623M->5M(1024M) 10.598ms
[392.224s][info][gc,cpu         ] GC(879) User=0.00s Sys=0.00s Real=0.00s
[393.638s][info][gc,start       ] GC(880) Pause Young (Normal) (G1 Evacuation Pause)
[393.638s][info][gc,task        ] GC(880) Using 6 workers of 6 for evacuation
[393.639s][info][gc,phases      ] GC(880)   Pre Evacuate Collection Set: 0.2ms
[393.639s][info][gc,phases      ] GC(880)   Merge Heap Roots: 0.1ms
[393.639s][info][gc,phases      ] GC(880)   Evacuate Collection Set: 0.3ms
[393.639s][info][gc,phases      ] GC(880)   Post Evacuate Collection Set: 0.4ms
[393.639s][info][gc,phases      ] GC(880)   Other: 0.1ms
[393.639s][info][gc,heap        ] GC(880) Eden regions: 524->0(583)
[393.639s][info][gc,heap        ] GC(880) Survivor regions: 0->2(66)
[393.639s][info][gc,heap        ] GC(880) Old regions: 10->10
[393.639s][info][gc,heap        ] GC(880) Humongous regions: 2->2
[393.639s][info][gc,metaspace   ] GC(880) Metaspace: 16611K(16960K)->16611K(16960K) NonClass: 14285K(14464K)->14285K(14464K) Class: 2325K(2496K)->2325K(2496K)
[393.639s][info][gc             ] GC(880) Pause Young (Normal) (G1 Evacuation Pause) 529M->7M(1024M) 1.238ms
[393.639s][info][gc,cpu         ] GC(880) User=0.00s Sys=0.00s Real=0.00s
[393.728s][info][gc,start       ] GC(881) Pause Young (Normal) (G1 Evacuation Pause)
[393.728s][info][gc,task        ] GC(881) Using 6 workers of 6 for evacuation
[393.729s][info][gc,phases      ] GC(881)   Pre Evacuate Collection Set: 0.2ms
[393.729s][info][gc,phases      ] GC(881)   Merge Heap Roots: 0.1ms
[393.729s][info][gc,phases      ] GC(881)   Evacuate Collection Set: 0.3ms
[393.729s][info][gc,phases      ] GC(881)   Post Evacuate Collection Set: 0.4ms
[393.729s][info][gc,phases      ] GC(881)   Other: 0.1ms
[393.729s][info][gc,heap        ] GC(881) Eden regions: 583->0(613)
[393.729s][info][gc,heap        ] GC(881) Survivor regions: 2->1(74)
[393.729s][info][gc,heap        ] GC(881) Old regions: 10->10
[393.729s][info][gc,heap        ] GC(881) Humongous regions: 2->2
[393.729s][info][gc,metaspace   ] GC(881) Metaspace: 16611K(16960K)->16611K(16960K) NonClass: 14285K(14464K)->14285K(14464K) Class: 2325K(2496K)->2325K(2496K)
[393.729s][info][gc             ] GC(881) Pause Young (Normal) (G1 Evacuation Pause) 590M->6M(1024M) 1.207ms
[393.729s][info][gc,cpu         ] GC(881) User=0.00s Sys=0.00s Real=0.00s
[393.822s][info][gc,start       ] GC(882) Pause Young (Concurrent Start) (G1 Evacuation Pause)
[393.822s][info][gc,task        ] GC(882) Using 6 workers of 6 for evacuation
[393.824s][info][gc,phases      ] GC(882)   Pre Evacuate Collection Set: 0.2ms
[393.824s][info][gc,phases      ] GC(882)   Merge Heap Roots: 0.1ms
[393.824s][info][gc,phases      ] GC(882)   Evacuate Collection Set: 0.4ms
[393.824s][info][gc,phases      ] GC(882)   Post Evacuate Collection Set: 0.4ms
[393.824s][info][gc,phases      ] GC(882)   Other: 0.1ms
[393.824s][info][gc,heap        ] GC(882) Eden regions: 613->0(613)
[393.824s][info][gc,heap        ] GC(882) Survivor regions: 1->1(77)
[393.824s][info][gc,heap        ] GC(882) Old regions: 10->10
[393.824s][info][gc,heap        ] GC(882) Humongous regions: 2->2
[393.824s][info][gc,metaspace   ] GC(882) Metaspace: 16611K(16960K)->16611K(16960K) NonClass: 14285K(14464K)->14285K(14464K) Class: 2325K(2496K)->2325K(2496K)
[393.824s][info][gc             ] GC(882) Pause Young (Concurrent Start) (G1 Evacuation Pause) 619M->6M(1024M) 1.499ms
[393.824s][info][gc,cpu         ] GC(882) User=0.00s Sys=0.00s Real=0.02s
[393.824s][info][gc             ] GC(883) Concurrent Mark Cycle
[393.824s][info][gc,marking     ] GC(883) Concurrent Scan Root Regions
[393.824s][info][gc,marking     ] GC(883) Concurrent Scan Root Regions 0.287ms
[393.824s][info][gc,marking     ] GC(883) Concurrent Mark
[393.824s][info][gc,marking     ] GC(883) Concurrent Mark From Roots
[393.824s][info][gc,task        ] GC(883) Using 2 workers of 2 for marking
[393.827s][info][gc,marking     ] GC(883) Concurrent Mark From Roots 3.178ms
[393.827s][info][gc,marking     ] GC(883) Concurrent Preclean
[393.827s][info][gc,marking     ] GC(883) Concurrent Preclean 0.021ms
[393.828s][info][gc,start       ] GC(883) Pause Remark
[393.829s][info][gc             ] GC(883) Pause Remark 24M->24M(1024M) 1.133ms
[393.829s][info][gc,cpu         ] GC(883) User=0.00s Sys=0.00s Real=0.00s
[393.829s][info][gc,marking     ] GC(883) Concurrent Mark 4.610ms
[393.829s][info][gc,marking     ] GC(883) Concurrent Rebuild Remembered Sets and Scrub Regions
[393.830s][info][gc,marking     ] GC(883) Concurrent Rebuild Remembered Sets and Scrub Regions 1.009ms
[393.830s][info][gc,start       ] GC(883) Pause Cleanup
[393.830s][info][gc             ] GC(883) Pause Cleanup 30M->30M(1024M) 0.116ms
[393.830s][info][gc,cpu         ] GC(883) User=0.00s Sys=0.00s Real=0.00s
[393.830s][info][gc,marking     ] GC(883) Concurrent Clear Claimed Marks
[393.830s][info][gc,marking     ] GC(883) Concurrent Clear Claimed Marks 0.029ms
[393.830s][info][gc,marking     ] GC(883) Concurrent Cleanup for Next Mark
[393.833s][info][gc,marking     ] GC(883) Concurrent Cleanup for Next Mark 2.507ms
[393.833s][info][gc             ] GC(883) Concurrent Mark Cycle 8.939ms
[393.925s][info][gc,start       ] GC(884) Pause Young (Prepare Mixed) (G1 Evacuation Pause)
[393.925s][info][gc,task        ] GC(884) Using 6 workers of 6 for evacuation
[393.926s][info][gc,phases      ] GC(884)   Pre Evacuate Collection Set: 0.3ms
[393.926s][info][gc,phases      ] GC(884)   Merge Heap Roots: 0.1ms
[393.926s][info][gc,phases      ] GC(884)   Evacuate Collection Set: 0.4ms
[393.926s][info][gc,phases      ] GC(884)   Post Evacuate Collection Set: 0.5ms
[393.926s][info][gc,phases      ] GC(884)   Other: 0.1ms
[393.926s][info][gc,heap        ] GC(884) Eden regions: 613->0(613)
[393.926s][info][gc,heap        ] GC(884) Survivor regions: 1->1(77)
[393.926s][info][gc,heap        ] GC(884) Old regions: 9->9
[393.926s][info][gc,heap        ] GC(884) Humongous regions: 2->2
[393.926s][info][gc,metaspace   ] GC(884) Metaspace: 16611K(16960K)->16611K(16960K) NonClass: 14285K(14464K)->14285K(14464K) Class: 2325K(2496K)->2325K(2496K)
[393.926s][info][gc             ] GC(884) Pause Young (Prepare Mixed) (G1 Evacuation Pause) 619M->6M(1024M) 1.616ms
[393.926s][info][gc,cpu         ] GC(884) User=0.00s Sys=0.00s Real=0.00s
[394.054s][info][gc,start       ] GC(885) Pause Young (Mixed) (G1 Evacuation Pause)
[394.054s][info][gc,task        ] GC(885) Using 6 workers of 6 for evacuation
[394.079s][info][gc,phases      ] GC(885)   Pre Evacuate Collection Set: 0.2ms
[394.079s][info][gc,phases      ] GC(885)   Merge Heap Roots: 0.1ms
[394.079s][info][gc,phases      ] GC(885)   Evacuate Collection Set: 24.0ms
[394.079s][info][gc,phases      ] GC(885)   Post Evacuate Collection Set: 0.6ms
[394.079s][info][gc,phases      ] GC(885)   Other: 0.1ms
[394.079s][info][gc,heap        ] GC(885) Eden regions: 613->0(559)
[394.079s][info][gc,heap        ] GC(885) Survivor regions: 1->55(77)
[394.079s][info][gc,heap        ] GC(885) Old regions: 9->9
[394.079s][info][gc,heap        ] GC(885) Humongous regions: 3->3
[394.079s][info][gc,metaspace   ] GC(885) Metaspace: 16611K(16960K)->16611K(16960K) NonClass: 14285K(14464K)->14285K(14464K) Class: 2325K(2496K)->2325K(2496K)
[394.079s][info][gc             ] GC(885) Pause Young (Mixed) (G1 Evacuation Pause) 620M->61M(1024M) 25.119ms
[394.079s][info][gc,cpu         ] GC(885) User=0.02s Sys=0.00s Real=0.03s
[394.525s][info][gc,start       ] GC(886) Pause Young (Concurrent Start) (G1 Evacuation Pause)
[394.525s][info][gc,task        ] GC(886) Using 6 workers of 6 for evacuation
[394.722s][info][gc,phases      ] GC(886)   Pre Evacuate Collection Set: 0.2ms
[394.722s][info][gc,phases      ] GC(886)   Merge Heap Roots: 0.1ms
[394.722s][info][gc,phases      ] GC(886)   Evacuate Collection Set: 187.3ms
[394.722s][info][gc,phases      ] GC(886)   Post Evacuate Collection Set: 9.3ms
[394.722s][info][gc,phases      ] GC(886)   Other: 0.1ms
[394.722s][info][gc,heap        ] GC(886) Eden regions: 559->0(0)
[394.722s][info][gc,heap        ] GC(886) Survivor regions: 55->77(77)
[394.722s][info][gc,heap        ] GC(886) Old regions: 9->901
[394.722s][info][gc,heap        ] GC(886) Humongous regions: 3->3
[394.722s][info][gc,metaspace   ] GC(886) Metaspace: 16611K(16960K)->16611K(16960K) NonClass: 14285K(14464K)->14285K(14464K) Class: 2325K(2496K)->2325K(2496K)
[394.722s][info][gc             ] GC(886) Pause Young (Concurrent Start) (G1 Evacuation Pause) (Evacuation Failure) 620M->976M(1024M) 197.098ms
[394.722s][info][gc             ] GC(887) Concurrent Mark Cycle
[394.722s][info][gc,cpu         ] GC(886) User=1.08s Sys=0.00s Real=0.20s
[394.722s][info][gc,marking     ] GC(887) Concurrent Scan Root Regions
[394.722s][info][gc,ergo        ] Attempting full compaction
[394.722s][info][gc,start       ] GC(888) Pause Full (G1 Compaction Pause)
[394.722s][info][gc,task        ] GC(888) Using 6 workers of 6 for full compaction
[394.723s][info][gc,marking     ] GC(887) Concurrent Scan Root Regions 0.800ms
[394.723s][info][gc,marking     ] GC(887) Concurrent Mark
[394.723s][info][gc,marking     ] GC(887) Concurrent Mark From Roots
[394.723s][info][gc,task        ] GC(887) Using 2 workers of 2 for marking
[394.724s][info][gc,phases,start] GC(888) Phase 1: Mark live objects
[394.824s][info][gc,phases      ] GC(888) Phase 1: Mark live objects 100.377ms
[394.824s][info][gc,phases,start] GC(888) Phase 2: Prepare compaction
[394.831s][info][gc,phases      ] GC(888) Phase 2: Prepare compaction 6.228ms
[394.831s][info][gc,phases,start] GC(888) Phase 3: Adjust pointers
[394.858s][info][gc,phases      ] GC(888) Phase 3: Adjust pointers 27.716ms
[394.858s][info][gc,phases,start] GC(888) Phase 4: Compact heap
[394.865s][info][gc,phases      ] GC(888) Phase 4: Compact heap 6.930ms
[394.865s][info][gc,phases,start] GC(888) Phase 5: Reset Metadata
[394.879s][info][gc,phases      ] GC(888) Phase 5: Reset Metadata 13.644ms
[394.886s][info][gc,heap        ] GC(888) Eden regions: 0->0(314)
[394.886s][info][gc,heap        ] GC(888) Survivor regions: 77->0(77)
[394.886s][info][gc,heap        ] GC(888) Old regions: 901->429
[394.886s][info][gc,heap        ] GC(888) Humongous regions: 3->3
[394.886s][info][gc,metaspace   ] GC(888) Metaspace: 16611K(16960K)->16611K(16960K) NonClass: 14285K(14464K)->14285K(14464K) Class: 2325K(2496K)->2325K(2496K)
[394.886s][info][gc             ] GC(888) Pause Full (G1 Compaction Pause) 976M->429M(1024M) 163.886ms
[394.886s][info][gc,cpu         ] GC(888) User=0.66s Sys=0.00s Real=0.16s
[394.886s][info][gc,marking     ] GC(887) Concurrent Mark From Roots 163.171ms
[394.886s][info][gc,marking     ] GC(887) Concurrent Mark Abort
[394.886s][info][gc             ] GC(887) Concurrent Mark Cycle 164.046ms
[394.887s][info][gc,start       ] GC(889) Pause Young (Concurrent Start) (G1 Humongous Allocation)
[394.887s][info][gc,task        ] GC(889) Using 6 workers of 6 for evacuation
[394.888s][info][gc,phases      ] GC(889)   Pre Evacuate Collection Set: 0.2ms
[394.888s][info][gc,phases      ] GC(889)   Merge Heap Roots: 0.0ms
[394.888s][info][gc,phases      ] GC(889)   Evacuate Collection Set: 0.5ms
[394.888s][info][gc,phases      ] GC(889)   Post Evacuate Collection Set: 0.3ms
[394.888s][info][gc,phases      ] GC(889)   Other: 0.1ms
[394.888s][info][gc,heap        ] GC(889) Eden regions: 2->0(302)
[394.888s][info][gc,heap        ] GC(889) Survivor regions: 0->3(40)
[394.888s][info][gc,heap        ] GC(889) Old regions: 429->429
[394.888s][info][gc,heap        ] GC(889) Humongous regions: 3->3
[394.888s][info][gc,metaspace   ] GC(889) Metaspace: 16611K(16960K)->16611K(16960K) NonClass: 14285K(14464K)->14285K(14464K) Class: 2325K(2496K)->2325K(2496K)
[394.888s][info][gc             ] GC(889) Pause Young (Concurrent Start) (G1 Humongous Allocation) 431M->431M(1024M) 1.252ms
[394.888s][info][gc,cpu         ] GC(889) User=0.00s Sys=0.00s Real=0.00s
[394.888s][info][gc             ] GC(890) Concurrent Mark Cycle
[394.888s][info][gc,marking     ] GC(890) Concurrent Scan Root Regions
[394.889s][info][gc,marking     ] GC(890) Concurrent Scan Root Regions 0.412ms
[394.889s][info][gc,marking     ] GC(890) Concurrent Mark
[394.889s][info][gc,marking     ] GC(890) Concurrent Mark From Roots
[394.889s][info][gc,task        ] GC(890) Using 2 workers of 2 for marking
[395.265s][info][gc,marking     ] GC(890) Concurrent Mark From Roots 376.545ms
[395.265s][info][gc,marking     ] GC(890) Concurrent Preclean
[395.265s][info][gc,marking     ] GC(890) Concurrent Preclean 0.033ms
[395.265s][info][gc,start       ] GC(890) Pause Remark
[395.266s][info][gc             ] GC(890) Pause Remark 521M->521M(1024M) 1.014ms
[395.267s][info][gc,cpu         ] GC(890) User=0.00s Sys=0.00s Real=0.00s
[395.267s][info][gc,marking     ] GC(890) Concurrent Mark 377.818ms
[395.267s][info][gc,marking     ] GC(890) Concurrent Rebuild Remembered Sets and Scrub Regions
[395.351s][info][gc,marking     ] GC(890) Concurrent Rebuild Remembered Sets and Scrub Regions 83.978ms
[395.351s][info][gc,start       ] GC(890) Pause Cleanup
[395.351s][info][gc             ] GC(890) Pause Cleanup 522M->522M(1024M) 0.162ms
[395.351s][info][gc,cpu         ] GC(890) User=0.00s Sys=0.00s Real=0.00s
[395.351s][info][gc,marking     ] GC(890) Concurrent Clear Claimed Marks
[395.351s][info][gc,marking     ] GC(890) Concurrent Clear Claimed Marks 0.020ms
[395.351s][info][gc,marking     ] GC(890) Concurrent Cleanup for Next Mark
[395.352s][info][gc,marking     ] GC(890) Concurrent Cleanup for Next Mark 1.179ms
[395.352s][info][gc             ] GC(890) Concurrent Mark Cycle 463.850ms
[397.379s][info][gc,start       ] GC(891) Pause Young (Prepare Mixed) (G1 Evacuation Pause)
[397.380s][info][gc,task        ] GC(891) Using 6 workers of 6 for evacuation
[397.454s][info][gc,phases      ] GC(891)   Pre Evacuate Collection Set: 0.3ms
[397.454s][info][gc,phases      ] GC(891)   Merge Heap Roots: 1.6ms
[397.454s][info][gc,phases      ] GC(891)   Evacuate Collection Set: 71.9ms
[397.454s][info][gc,phases      ] GC(891)   Post Evacuate Collection Set: 0.7ms
[397.454s][info][gc,phases      ] GC(891)   Other: 0.1ms
[397.454s][info][gc,heap        ] GC(891) Eden regions: 302->0(247)
[397.454s][info][gc,heap        ] GC(891) Survivor regions: 3->39(39)
[397.454s][info][gc,heap        ] GC(891) Old regions: 429->489
[397.454s][info][gc,heap        ] GC(891) Humongous regions: 4->4
[397.454s][info][gc,metaspace   ] GC(891) Metaspace: 16611K(16960K)->16611K(16960K) NonClass: 14285K(14464K)->14285K(14464K) Class: 2325K(2496K)->2325K(2496K)
[397.454s][info][gc             ] GC(891) Pause Young (Prepare Mixed) (G1 Evacuation Pause) 734M->529M(1024M) 74.715ms
[397.454s][info][gc,cpu         ] GC(891) User=0.39s Sys=0.00s Real=0.08s
[397.594s][info][gc,start       ] GC(892) Pause Young (Mixed) (G1 Evacuation Pause)
[397.594s][info][gc,task        ] GC(892) Using 6 workers of 6 for evacuation
[397.672s][info][gc,phases      ] GC(892)   Pre Evacuate Collection Set: 0.2ms
[397.672s][info][gc,phases      ] GC(892)   Merge Heap Roots: 1.0ms
[397.672s][info][gc,phases      ] GC(892)   Evacuate Collection Set: 76.7ms
[397.672s][info][gc,phases      ] GC(892)   Post Evacuate Collection Set: 0.3ms
[397.672s][info][gc,phases      ] GC(892)   Other: 0.1ms
[397.672s][info][gc,heap        ] GC(892) Eden regions: 247->0(189)
[397.672s][info][gc,heap        ] GC(892) Survivor regions: 39->36(36)
[397.672s][info][gc,heap        ] GC(892) Old regions: 489->596
[397.673s][info][gc,heap        ] GC(892) Humongous regions: 4->4
[397.673s][info][gc,metaspace   ] GC(892) Metaspace: 16611K(16960K)->16611K(16960K) NonClass: 14285K(14464K)->14285K(14464K) Class: 2325K(2496K)->2325K(2496K)
[397.673s][info][gc             ] GC(892) Pause Young (Mixed) (G1 Evacuation Pause) 776M->634M(1024M) 78.564ms
[397.673s][info][gc,cpu         ] GC(892) User=0.39s Sys=0.00s Real=0.08s
[397.784s][info][gc,start       ] GC(893) Pause Young (Concurrent Start) (G1 Evacuation Pause)
[397.784s][info][gc,task        ] GC(893) Using 6 workers of 6 for evacuation
[397.841s][info][gc,phases      ] GC(893)   Pre Evacuate Collection Set: 0.5ms
[397.843s][info][gc,phases      ] GC(893)   Merge Heap Roots: 0.1ms
[397.843s][info][gc,phases      ] GC(893)   Evacuate Collection Set: 55.5ms
[397.843s][info][gc,phases      ] GC(893)   Post Evacuate Collection Set: 0.4ms
[397.843s][info][gc,phases      ] GC(893)   Other: 0.2ms
[397.843s][info][gc,heap        ] GC(893) Eden regions: 189->0(148)
[397.843s][info][gc,heap        ] GC(893) Survivor regions: 36->29(29)
[397.843s][info][gc,heap        ] GC(893) Old regions: 596->684
[397.843s][info][gc,heap        ] GC(893) Humongous regions: 4->4
[397.843s][info][gc,metaspace   ] GC(893) Metaspace: 16611K(16960K)->16611K(16960K) NonClass: 14285K(14464K)->14285K(14464K) Class: 2325K(2496K)->2325K(2496K)
[397.843s][info][gc             ] GC(893) Pause Young (Concurrent Start) (G1 Evacuation Pause) 823M->714M(1024M) 59.008ms
[397.843s][info][gc             ] GC(894) Concurrent Mark Cycle
[397.843s][info][gc,cpu         ] GC(893) User=0.28s Sys=0.00s Real=0.06s
[397.843s][info][gc,marking     ] GC(894) Concurrent Scan Root Regions
[397.870s][info][gc,marking     ] GC(894) Concurrent Scan Root Regions 27.095ms
[397.870s][info][gc,marking     ] GC(894) Concurrent Mark
[397.870s][info][gc,marking     ] GC(894) Concurrent Mark From Roots
[397.870s][info][gc,task        ] GC(894) Using 2 workers of 2 for marking
[397.946s][info][gc,start       ] GC(895) Pause Young (Normal) (G1 Evacuation Pause)
[397.946s][info][gc,task        ] GC(895) Using 6 workers of 6 for evacuation
[397.991s][info][gc,phases      ] GC(895)   Pre Evacuate Collection Set: 0.2ms
[397.991s][info][gc,phases      ] GC(895)   Merge Heap Roots: 0.1ms
[397.991s][info][gc,phases      ] GC(895)   Evacuate Collection Set: 43.9ms
[397.991s][info][gc,phases      ] GC(895)   Post Evacuate Collection Set: 0.4ms
[397.991s][info][gc,phases      ] GC(895)   Other: 0.1ms
[397.991s][info][gc,heap        ] GC(895) Eden regions: 148->0(117)
[397.991s][info][gc,heap        ] GC(895) Survivor regions: 29->23(23)
[397.991s][info][gc,heap        ] GC(895) Old regions: 684->754
[397.991s][info][gc,heap        ] GC(895) Humongous regions: 4->4
[397.991s][info][gc,metaspace   ] GC(895) Metaspace: 16611K(16960K)->16611K(16960K) NonClass: 14285K(14464K)->14285K(14464K) Class: 2325K(2496K)->2325K(2496K)
[397.991s][info][gc             ] GC(895) Pause Young (Normal) (G1 Evacuation Pause) 862M->778M(1024M) 44.879ms
[397.991s][info][gc,cpu         ] GC(895) User=0.14s Sys=0.00s Real=0.05s
[398.031s][info][gc,marking     ] GC(894) Concurrent Mark From Roots 160.771ms
[398.031s][info][gc,marking     ] GC(894) Concurrent Preclean
[398.031s][info][gc,marking     ] GC(894) Concurrent Preclean 0.046ms
[398.031s][info][gc,start       ] GC(894) Pause Remark
[398.033s][info][gc             ] GC(894) Pause Remark 837M->419M(1024M) 1.411ms
[398.033s][info][gc,cpu         ] GC(894) User=0.00s Sys=0.00s Real=0.00s
[398.033s][info][gc,marking     ] GC(894) Concurrent Mark 162.454ms
[398.033s][info][gc,marking     ] GC(894) Concurrent Rebuild Remembered Sets and Scrub Regions
[398.071s][info][gc,start       ] GC(896) Pause Young (Normal) (G1 Evacuation Pause)
[398.071s][info][gc,task        ] GC(896) Using 6 workers of 6 for evacuation
[398.107s][info][gc,phases      ] GC(896)   Pre Evacuate Collection Set: 0.2ms
[398.107s][info][gc,phases      ] GC(896)   Merge Heap Roots: 0.1ms
[398.107s][info][gc,phases      ] GC(896)   Evacuate Collection Set: 35.5ms
[398.107s][info][gc,phases      ] GC(896)   Post Evacuate Collection Set: 0.5ms
[398.107s][info][gc,phases      ] GC(896)   Other: 0.1ms
[398.107s][info][gc,heap        ] GC(896) Eden regions: 117->0(309)
[398.107s][info][gc,heap        ] GC(896) Survivor regions: 23->18(18)
[398.107s][info][gc,heap        ] GC(896) Old regions: 336->393
[398.107s][info][gc,heap        ] GC(896) Humongous regions: 2->2
[398.107s][info][gc,metaspace   ] GC(896) Metaspace: 16611K(16960K)->16611K(16960K) NonClass: 14285K(14464K)->14285K(14464K) Class: 2325K(2496K)->2325K(2496K)
[398.107s][info][gc             ] GC(896) Pause Young (Normal) (G1 Evacuation Pause) 477M->412M(1024M) 36.605ms
[398.107s][info][gc,cpu         ] GC(896) User=0.09s Sys=0.00s Real=0.03s
[398.253s][info][gc,marking     ] GC(894) Concurrent Rebuild Remembered Sets and Scrub Regions 220.567ms
[398.254s][info][gc,start       ] GC(894) Pause Cleanup
[398.254s][info][gc             ] GC(894) Pause Cleanup 522M->522M(1024M) 0.205ms
[398.254s][info][gc,cpu         ] GC(894) User=0.00s Sys=0.00s Real=0.00s
[398.254s][info][gc,marking     ] GC(894) Concurrent Clear Claimed Marks
[398.254s][info][gc,marking     ] GC(894) Concurrent Clear Claimed Marks 0.026ms
[398.254s][info][gc,marking     ] GC(894) Concurrent Cleanup for Next Mark
[398.255s][info][gc,marking     ] GC(894) Concurrent Cleanup for Next Mark 1.541ms
[398.256s][info][gc             ] GC(894) Concurrent Mark Cycle 412.296ms
[398.785s][info][gc,start       ] GC(897) Pause Young (Prepare Mixed) (G1 Evacuation Pause)
[398.785s][info][gc,task        ] GC(897) Using 6 workers of 6 for evacuation
[398.855s][info][gc,phases      ] GC(897)   Pre Evacuate Collection Set: 0.5ms
[398.855s][info][gc,phases      ] GC(897)   Merge Heap Roots: 2.1ms
[398.855s][info][gc,phases      ] GC(897)   Evacuate Collection Set: 66.9ms
[398.855s][info][gc,phases      ] GC(897)   Post Evacuate Collection Set: 1.0ms
[398.855s][info][gc,phases      ] GC(897)   Other: 0.1ms
[398.855s][info][gc,heap        ] GC(897) Eden regions: 309->0(280)
[398.855s][info][gc,heap        ] GC(897) Survivor regions: 18->41(41)
[398.855s][info][gc,heap        ] GC(897) Old regions: 393->436
[398.855s][info][gc,heap        ] GC(897) Humongous regions: 8->8
[398.855s][info][gc,metaspace   ] GC(897) Metaspace: 16611K(16960K)->16611K(16960K) NonClass: 14286K(14464K)->14286K(14464K) Class: 2325K(2496K)->2325K(2496K)
[398.855s][info][gc             ] GC(897) Pause Young (Prepare Mixed) (G1 Evacuation Pause) 727M->484M(1024M) 70.720ms
[398.855s][info][gc,cpu         ] GC(897) User=0.38s Sys=0.00s Real=0.06s
[399.354s][info][gc,start       ] GC(898) Pause Young (Mixed) (G1 Evacuation Pause)
[399.355s][info][gc,task        ] GC(898) Using 6 workers of 6 for evacuation
[399.385s][info][gc,phases      ] GC(898)   Pre Evacuate Collection Set: 0.4ms
[399.385s][info][gc,phases      ] GC(898)   Merge Heap Roots: 1.2ms
[399.385s][info][gc,phases      ] GC(898)   Evacuate Collection Set: 27.7ms
[399.385s][info][gc,phases      ] GC(898)   Post Evacuate Collection Set: 0.6ms
[399.385s][info][gc,phases      ] GC(898)   Other: 0.1ms
[399.385s][info][gc,heap        ] GC(898) Eden regions: 280->0(317)
[399.385s][info][gc,heap        ] GC(898) Survivor regions: 41->3(41)
[399.385s][info][gc,heap        ] GC(898) Old regions: 436->456
[399.385s][info][gc,heap        ] GC(898) Humongous regions: 8->8
[399.385s][info][gc,metaspace   ] GC(898) Metaspace: 16611K(16960K)->16611K(16960K) NonClass: 14286K(14464K)->14286K(14464K) Class: 2325K(2496K)->2325K(2496K)
[399.385s][info][gc             ] GC(898) Pause Young (Mixed) (G1 Evacuation Pause) 764M->466M(1024M) 30.212ms
[399.385s][info][gc,cpu         ] GC(898) User=0.09s Sys=0.00s Real=0.03s
[400.178s][info][gc,start       ] GC(899) Pause Full (System.gc())
[400.178s][info][gc,task        ] GC(899) Using 6 workers of 6 for full compaction
[400.178s][info][gc,phases,start] GC(899) Phase 1: Mark live objects
[400.181s][info][gc,phases      ] GC(899) Phase 1: Mark live objects 2.290ms
[400.181s][info][gc,phases,start] GC(899) Phase 2: Prepare compaction
[400.182s][info][gc,phases      ] GC(899) Phase 2: Prepare compaction 0.794ms
[400.182s][info][gc,phases,start] GC(899) Phase 3: Adjust pointers
[400.184s][info][gc,phases      ] GC(899) Phase 3: Adjust pointers 2.183ms
[400.184s][info][gc,phases,start] GC(899) Phase 4: Compact heap
[400.185s][info][gc,phases      ] GC(899) Phase 4: Compact heap 0.739ms
[400.185s][info][gc,phases,start] GC(899) Phase 5: Reset Metadata
[400.185s][info][gc,phases      ] GC(899) Phase 5: Reset Metadata 0.744ms
[400.189s][info][gc,heap        ] GC(899) Eden regions: 149->0(557)
[400.189s][info][gc,heap        ] GC(899) Survivor regions: 3->0(41)
[400.189s][info][gc,heap        ] GC(899) Old regions: 456->9
[400.189s][info][gc,heap        ] GC(899) Humongous regions: 8->2
[400.189s][info][gc,metaspace   ] GC(899) Metaspace: 16611K(16960K)->16611K(16960K) NonClass: 14286K(14464K)->14286K(14464K) Class: 2325K(2496K)->2325K(2496K)
[400.189s][info][gc             ] GC(899) Pause Full (System.gc()) 615M->5M(1024M) 10.798ms
[400.189s][info][gc,cpu         ] GC(899) User=0.00s Sys=0.00s Real=0.02s
[401.465s][info][gc,start       ] GC(900) Pause Young (Concurrent Start) (G1 Evacuation Pause)
[401.465s][info][gc,task        ] GC(900) Using 6 workers of 6 for evacuation
[401.467s][info][gc,phases      ] GC(900)   Pre Evacuate Collection Set: 0.2ms
[401.467s][info][gc,phases      ] GC(900)   Merge Heap Roots: 0.1ms
[401.467s][info][gc,phases      ] GC(900)   Evacuate Collection Set: 0.4ms
[401.467s][info][gc,phases      ] GC(900)   Post Evacuate Collection Set: 0.5ms
[401.467s][info][gc,phases      ] GC(900)   Other: 0.1ms
[401.467s][info][gc,heap        ] GC(900) Eden regions: 557->0(612)
[401.467s][info][gc,heap        ] GC(900) Survivor regions: 0->2(70)
[401.467s][info][gc,heap        ] GC(900) Old regions: 9->9
[401.467s][info][gc,heap        ] GC(900) Humongous regions: 2->2
[401.467s][info][gc,metaspace   ] GC(900) Metaspace: 16611K(16960K)->16611K(16960K) NonClass: 14286K(14464K)->14286K(14464K) Class: 2325K(2496K)->2325K(2496K)
[401.467s][info][gc             ] GC(900) Pause Young (Concurrent Start) (G1 Evacuation Pause) 562M->7M(1024M) 1.471ms
[401.467s][info][gc,cpu         ] GC(900) User=0.00s Sys=0.00s Real=0.00s
[401.467s][info][gc             ] GC(901) Concurrent Mark Cycle
[401.467s][info][gc,marking     ] GC(901) Concurrent Scan Root Regions
[401.467s][info][gc,marking     ] GC(901) Concurrent Scan Root Regions 0.150ms
[401.467s][info][gc,marking     ] GC(901) Concurrent Mark
[401.467s][info][gc,marking     ] GC(901) Concurrent Mark From Roots
[401.467s][info][gc,task        ] GC(901) Using 2 workers of 2 for marking
[401.470s][info][gc,marking     ] GC(901) Concurrent Mark From Roots 3.112ms
[401.470s][info][gc,marking     ] GC(901) Concurrent Preclean
[401.470s][info][gc,marking     ] GC(901) Concurrent Preclean 0.019ms
[401.470s][info][gc,start       ] GC(901) Pause Remark
[401.472s][info][gc             ] GC(901) Pause Remark 25M->25M(1024M) 1.233ms
[401.472s][info][gc,cpu         ] GC(901) User=0.02s Sys=0.00s Real=0.02s
[401.472s][info][gc,marking     ] GC(901) Concurrent Mark 4.639ms
[401.472s][info][gc,marking     ] GC(901) Concurrent Rebuild Remembered Sets and Scrub Regions
[401.473s][info][gc,marking     ] GC(901) Concurrent Rebuild Remembered Sets and Scrub Regions 1.009ms
[401.473s][info][gc,start       ] GC(901) Pause Cleanup
[401.473s][info][gc             ] GC(901) Pause Cleanup 31M->31M(1024M) 0.136ms
[401.473s][info][gc,cpu         ] GC(901) User=0.00s Sys=0.00s Real=0.00s
[401.473s][info][gc,marking     ] GC(901) Concurrent Clear Claimed Marks
[401.473s][info][gc,marking     ] GC(901) Concurrent Clear Claimed Marks 0.021ms
[401.473s][info][gc,marking     ] GC(901) Concurrent Cleanup for Next Mark
[401.476s][info][gc,marking     ] GC(901) Concurrent Cleanup for Next Mark 2.414ms
[401.476s][info][gc             ] GC(901) Concurrent Mark Cycle 8.758ms
[401.565s][info][gc,start       ] GC(902) Pause Young (Prepare Mixed) (G1 Evacuation Pause)
[401.565s][info][gc,task        ] GC(902) Using 6 workers of 6 for evacuation
[401.566s][info][gc,phases      ] GC(902)   Pre Evacuate Collection Set: 0.2ms
[401.566s][info][gc,phases      ] GC(902)   Merge Heap Roots: 0.1ms
[401.566s][info][gc,phases      ] GC(902)   Evacuate Collection Set: 0.3ms
[401.566s][info][gc,phases      ] GC(902)   Post Evacuate Collection Set: 0.4ms
[401.566s][info][gc,phases      ] GC(902)   Other: 0.1ms
[401.567s][info][gc,heap        ] GC(902) Eden regions: 612->0(613)
[401.567s][info][gc,heap        ] GC(902) Survivor regions: 2->1(77)
[401.567s][info][gc,heap        ] GC(902) Old regions: 9->9
[401.567s][info][gc,heap        ] GC(902) Humongous regions: 2->2
[401.567s][info][gc,metaspace   ] GC(902) Metaspace: 16611K(16960K)->16611K(16960K) NonClass: 14286K(14464K)->14286K(14464K) Class: 2325K(2496K)->2325K(2496K)
[401.567s][info][gc             ] GC(902) Pause Young (Prepare Mixed) (G1 Evacuation Pause) 619M->6M(1024M) 1.325ms
[401.567s][info][gc,cpu         ] GC(902) User=0.00s Sys=0.00s Real=0.00s
[401.661s][info][gc,start       ] GC(903) Pause Young (Mixed) (G1 Evacuation Pause)
[401.661s][info][gc,task        ] GC(903) Using 6 workers of 6 for evacuation
[401.662s][info][gc,phases      ] GC(903)   Pre Evacuate Collection Set: 0.2ms
[401.662s][info][gc,phases      ] GC(903)   Merge Heap Roots: 0.1ms
[401.662s][info][gc,phases      ] GC(903)   Evacuate Collection Set: 0.3ms
[401.662s][info][gc,phases      ] GC(903)   Post Evacuate Collection Set: 0.3ms
[401.662s][info][gc,phases      ] GC(903)   Other: 0.1ms
[401.662s][info][gc,heap        ] GC(903) Eden regions: 613->0(613)
[401.662s][info][gc,heap        ] GC(903) Survivor regions: 1->1(77)
[401.662s][info][gc,heap        ] GC(903) Old regions: 9->9
[401.662s][info][gc,heap        ] GC(903) Humongous regions: 2->2
[401.662s][info][gc,metaspace   ] GC(903) Metaspace: 16611K(16960K)->16611K(16960K) NonClass: 14286K(14464K)->14286K(14464K) Class: 2325K(2496K)->2325K(2496K)
[401.662s][info][gc             ] GC(903) Pause Young (Mixed) (G1 Evacuation Pause) 619M->6M(1024M) 1.196ms
[401.662s][info][gc,cpu         ] GC(903) User=0.00s Sys=0.00s Real=0.00s
[401.758s][info][gc,start       ] GC(904) Pause Young (Concurrent Start) (G1 Evacuation Pause)
[401.758s][info][gc,task        ] GC(904) Using 6 workers of 6 for evacuation
[401.759s][info][gc,phases      ] GC(904)   Pre Evacuate Collection Set: 0.3ms
[401.759s][info][gc,phases      ] GC(904)   Merge Heap Roots: 0.1ms
[401.759s][info][gc,phases      ] GC(904)   Evacuate Collection Set: 0.4ms
[401.759s][info][gc,phases      ] GC(904)   Post Evacuate Collection Set: 0.4ms
[401.759s][info][gc,phases      ] GC(904)   Other: 0.1ms
[401.759s][info][gc,heap        ] GC(904) Eden regions: 613->0(613)
[401.759s][info][gc,heap        ] GC(904) Survivor regions: 1->1(77)
[401.759s][info][gc,heap        ] GC(904) Old regions: 9->9
[401.759s][info][gc,heap        ] GC(904) Humongous regions: 2->2
[401.759s][info][gc,metaspace   ] GC(904) Metaspace: 16611K(16960K)->16611K(16960K) NonClass: 14286K(14464K)->14286K(14464K) Class: 2325K(2496K)->2325K(2496K)
[401.759s][info][gc             ] GC(904) Pause Young (Concurrent Start) (G1 Evacuation Pause) 619M->6M(1024M) 1.423ms
[401.759s][info][gc             ] GC(905) Concurrent Mark Cycle
[401.759s][info][gc,cpu         ] GC(904) User=0.00s Sys=0.02s Real=0.01s
[401.759s][info][gc,marking     ] GC(905) Concurrent Scan Root Regions
[401.760s][info][gc,marking     ] GC(905) Concurrent Scan Root Regions 0.274ms
[401.760s][info][gc,marking     ] GC(905) Concurrent Mark
[401.760s][info][gc,marking     ] GC(905) Concurrent Mark From Roots
[401.760s][info][gc,task        ] GC(905) Using 2 workers of 2 for marking
[401.763s][info][gc,marking     ] GC(905) Concurrent Mark From Roots 3.145ms
[401.763s][info][gc,marking     ] GC(905) Concurrent Preclean
[401.763s][info][gc,marking     ] GC(905) Concurrent Preclean 0.030ms
[401.763s][info][gc,start       ] GC(905) Pause Remark
[401.764s][info][gc             ] GC(905) Pause Remark 23M->23M(1024M) 1.042ms
[401.764s][info][gc,cpu         ] GC(905) User=0.00s Sys=0.00s Real=0.00s
[401.764s][info][gc,marking     ] GC(905) Concurrent Mark 4.469ms
[401.764s][info][gc,marking     ] GC(905) Concurrent Rebuild Remembered Sets and Scrub Regions
[401.765s][info][gc,marking     ] GC(905) Concurrent Rebuild Remembered Sets and Scrub Regions 1.000ms
[401.765s][info][gc,start       ] GC(905) Pause Cleanup
[401.765s][info][gc             ] GC(905) Pause Cleanup 29M->29M(1024M) 0.144ms
[401.766s][info][gc,cpu         ] GC(905) User=0.00s Sys=0.00s Real=0.00s
[401.766s][info][gc,marking     ] GC(905) Concurrent Clear Claimed Marks
[401.766s][info][gc,marking     ] GC(905) Concurrent Clear Claimed Marks 0.022ms
[401.766s][info][gc,marking     ] GC(905) Concurrent Cleanup for Next Mark
[401.768s][info][gc,marking     ] GC(905) Concurrent Cleanup for Next Mark 2.457ms
[401.768s][info][gc             ] GC(905) Concurrent Mark Cycle 8.727ms
[401.920s][info][gc,start       ] GC(906) Pause Young (Prepare Mixed) (G1 Evacuation Pause)
[401.920s][info][gc,task        ] GC(906) Using 6 workers of 6 for evacuation
[401.961s][info][gc,phases      ] GC(906)   Pre Evacuate Collection Set: 0.1ms
[401.961s][info][gc,phases      ] GC(906)   Merge Heap Roots: 0.1ms
[401.961s][info][gc,phases      ] GC(906)   Evacuate Collection Set: 40.1ms
[401.961s][info][gc,phases      ] GC(906)   Post Evacuate Collection Set: 0.6ms
[401.961s][info][gc,phases      ] GC(906)   Other: 0.1ms
[401.961s][info][gc,heap        ] GC(906) Eden regions: 613->0(537)
[401.961s][info][gc,heap        ] GC(906) Survivor regions: 1->77(77)
[401.961s][info][gc,heap        ] GC(906) Old regions: 9->19
[401.961s][info][gc,heap        ] GC(906) Humongous regions: 3->3
[401.961s][info][gc,metaspace   ] GC(906) Metaspace: 16611K(16960K)->16611K(16960K) NonClass: 14286K(14464K)->14286K(14464K) Class: 2325K(2496K)->2325K(2496K)
[401.961s][info][gc             ] GC(906) Pause Young (Prepare Mixed) (G1 Evacuation Pause) 620M->94M(1024M) 41.123ms
[401.961s][info][gc,cpu         ] GC(906) User=0.03s Sys=0.00s Real=0.03s
[402.443s][info][gc,start       ] GC(907) Pause Young (Mixed) (G1 Evacuation Pause)
[402.443s][info][gc,task        ] GC(907) Using 6 workers of 6 for evacuation
[402.629s][info][gc,phases      ] GC(907)   Pre Evacuate Collection Set: 0.2ms
[402.629s][info][gc,phases      ] GC(907)   Merge Heap Roots: 0.1ms
[402.629s][info][gc,phases      ] GC(907)   Evacuate Collection Set: 176.5ms
[402.629s][info][gc,phases      ] GC(907)   Post Evacuate Collection Set: 9.1ms
[402.629s][info][gc,phases      ] GC(907)   Other: 0.1ms
[402.629s][info][gc,heap        ] GC(907) Eden regions: 537->0(0)
[402.629s][info][gc,heap        ] GC(907) Survivor regions: 77->77(77)
[402.629s][info][gc,heap        ] GC(907) Old regions: 19->911
[402.629s][info][gc,heap        ] GC(907) Humongous regions: 4->4
[402.629s][info][gc,metaspace   ] GC(907) Metaspace: 16611K(16960K)->16611K(16960K) NonClass: 14286K(14464K)->14286K(14464K) Class: 2325K(2496K)->2325K(2496K)
[402.629s][info][gc             ] GC(907) Pause Young (Mixed) (G1 Evacuation Pause) (Evacuation Failure) 632M->987M(1024M) 186.188ms
[402.629s][info][gc,cpu         ] GC(907) User=1.02s Sys=0.00s Real=0.19s
[402.629s][info][gc,ergo        ] Attempting full compaction
[402.629s][info][gc,start       ] GC(908) Pause Full (G1 Compaction Pause)
[402.629s][info][gc,task        ] GC(908) Using 6 workers of 6 for full compaction
[402.630s][info][gc,phases,start] GC(908) Phase 1: Mark live objects
[402.742s][info][gc,phases      ] GC(908) Phase 1: Mark live objects 112.298ms
[402.742s][info][gc,phases,start] GC(908) Phase 2: Prepare compaction
[402.748s][info][gc,phases      ] GC(908) Phase 2: Prepare compaction 6.041ms
[402.748s][info][gc,phases,start] GC(908) Phase 3: Adjust pointers
[402.775s][info][gc,phases      ] GC(908) Phase 3: Adjust pointers 26.940ms
[402.775s][info][gc,phases,start] GC(908) Phase 4: Compact heap
[402.781s][info][gc,phases      ] GC(908) Phase 4: Compact heap 6.454ms
[402.782s][info][gc,phases,start] GC(908) Phase 5: Reset Metadata
[402.795s][info][gc,phases      ] GC(908) Phase 5: Reset Metadata 13.212ms
[402.801s][info][gc,heap        ] GC(908) Eden regions: 0->0(318)
[402.801s][info][gc,heap        ] GC(908) Survivor regions: 77->0(77)
[402.801s][info][gc,heap        ] GC(908) Old regions: 911->416
[402.801s][info][gc,heap        ] GC(908) Humongous regions: 4->4
[402.801s][info][gc,metaspace   ] GC(908) Metaspace: 16611K(16960K)->16611K(16960K) NonClass: 14286K(14464K)->14286K(14464K) Class: 2325K(2496K)->2325K(2496K)
[402.801s][info][gc             ] GC(908) Pause Full (G1 Compaction Pause) 987M->416M(1024M) 171.548ms
[402.801s][info][gc,cpu         ] GC(908) User=0.62s Sys=0.00s Real=0.17s
[405.456s][info][gc,start       ] GC(909) Pause Young (Concurrent Start) (G1 Evacuation Pause)
[405.456s][info][gc,task        ] GC(909) Using 6 workers of 6 for evacuation
[405.535s][info][gc,phases      ] GC(909)   Pre Evacuate Collection Set: 0.5ms
[405.535s][info][gc,phases      ] GC(909)   Merge Heap Roots: 1.2ms
[405.535s][info][gc,phases      ] GC(909)   Evacuate Collection Set: 76.1ms
[405.535s][info][gc,phases      ] GC(909)   Post Evacuate Collection Set: 0.8ms
[405.535s][info][gc,phases      ] GC(909)   Other: 0.1ms
[405.535s][info][gc,heap        ] GC(909) Eden regions: 318->0(244)
[405.535s][info][gc,heap        ] GC(909) Survivor regions: 0->40(40)
[405.535s][info][gc,heap        ] GC(909) Old regions: 416->493
[405.535s][info][gc,heap        ] GC(909) Humongous regions: 4->4
[405.535s][info][gc,metaspace   ] GC(909) Metaspace: 16611K(16960K)->16611K(16960K) NonClass: 14286K(14464K)->14286K(14464K) Class: 2325K(2496K)->2325K(2496K)
[405.535s][info][gc             ] GC(909) Pause Young (Concurrent Start) (G1 Evacuation Pause) 734M->533M(1024M) 78.920ms
[405.535s][info][gc             ] GC(910) Concurrent Mark Cycle
[405.535s][info][gc,cpu         ] GC(909) User=0.34s Sys=0.00s Real=0.07s
[405.535s][info][gc,marking     ] GC(910) Concurrent Scan Root Regions
[405.559s][info][gc,marking     ] GC(910) Concurrent Scan Root Regions 23.463ms
[405.559s][info][gc,marking     ] GC(910) Concurrent Mark
[405.559s][info][gc,marking     ] GC(910) Concurrent Mark From Roots
[405.559s][info][gc,task        ] GC(910) Using 2 workers of 2 for marking
[405.615s][info][gc,marking     ] GC(910) Concurrent Mark From Roots 56.548ms
[405.615s][info][gc,marking     ] GC(910) Concurrent Preclean
[405.616s][info][gc,marking     ] GC(910) Concurrent Preclean 0.052ms
[405.616s][info][gc,start       ] GC(910) Pause Remark
[405.617s][info][gc             ] GC(910) Pause Remark 662M->553M(1024M) 1.137ms
[405.617s][info][gc,cpu         ] GC(910) User=0.00s Sys=0.00s Real=0.00s
[405.617s][info][gc,marking     ] GC(910) Concurrent Mark 57.953ms
[405.617s][info][gc,marking     ] GC(910) Concurrent Rebuild Remembered Sets and Scrub Regions
[405.686s][info][gc,start       ] GC(911) Pause Young (Normal) (G1 Evacuation Pause)
[405.686s][info][gc,task        ] GC(911) Using 6 workers of 6 for evacuation
[405.762s][info][gc,phases      ] GC(911)   Pre Evacuate Collection Set: 0.2ms
[405.762s][info][gc,phases      ] GC(911)   Merge Heap Roots: 0.9ms
[405.762s][info][gc,phases      ] GC(911)   Evacuate Collection Set: 74.4ms
[405.762s][info][gc,phases      ] GC(911)   Post Evacuate Collection Set: 0.4ms
[405.762s][info][gc,phases      ] GC(911)   Other: 0.1ms
[405.762s][info][gc,heap        ] GC(911) Eden regions: 244->0(244)
[405.762s][info][gc,heap        ] GC(911) Survivor regions: 40->36(36)
[405.762s][info][gc,heap        ] GC(911) Old regions: 385->492
[405.762s][info][gc,heap        ] GC(911) Humongous regions: 3->3
[405.762s][info][gc,metaspace   ] GC(911) Metaspace: 16611K(16960K)->16611K(16960K) NonClass: 14286K(14464K)->14286K(14464K) Class: 2325K(2496K)->2325K(2496K)
[405.763s][info][gc             ] GC(911) Pause Young (Normal) (G1 Evacuation Pause) 668M->527M(1024M) 76.134ms
[405.763s][info][gc,cpu         ] GC(911) User=0.44s Sys=0.00s Real=0.08s
[405.777s][info][gc,marking     ] GC(910) Concurrent Rebuild Remembered Sets and Scrub Regions 159.715ms
[405.777s][info][gc,start       ] GC(910) Pause Cleanup
[405.777s][info][gc             ] GC(910) Pause Cleanup 550M->550M(1024M) 0.300ms
[405.777s][info][gc,cpu         ] GC(910) User=0.00s Sys=0.00s Real=0.00s
[405.777s][info][gc,marking     ] GC(910) Concurrent Clear Claimed Marks
[405.777s][info][gc,marking     ] GC(910) Concurrent Clear Claimed Marks 0.019ms
[405.777s][info][gc,marking     ] GC(910) Concurrent Cleanup for Next Mark
[405.778s][info][gc,marking     ] GC(910) Concurrent Cleanup for Next Mark 1.268ms
[405.778s][info][gc             ] GC(910) Concurrent Mark Cycle 243.024ms
[405.912s][info][gc,start       ] GC(912) Pause Young (Prepare Mixed) (G1 Evacuation Pause)
[405.912s][info][gc,task        ] GC(912) Using 6 workers of 6 for evacuation
[405.981s][info][gc,phases      ] GC(912)   Pre Evacuate Collection Set: 0.3ms
[405.981s][info][gc,phases      ] GC(912)   Merge Heap Roots: 0.3ms
[405.981s][info][gc,phases      ] GC(912)   Evacuate Collection Set: 68.0ms
[405.981s][info][gc,phases      ] GC(912)   Post Evacuate Collection Set: 0.4ms
[405.981s][info][gc,phases      ] GC(912)   Other: 0.1ms
[405.981s][info][gc,heap        ] GC(912) Eden regions: 244->0(190)
[405.981s][info][gc,heap        ] GC(912) Survivor regions: 36->35(35)
[405.981s][info][gc,heap        ] GC(912) Old regions: 492->597
[405.981s][info][gc,heap        ] GC(912) Humongous regions: 3->3
[405.981s][info][gc,metaspace   ] GC(912) Metaspace: 16611K(16960K)->16611K(16960K) NonClass: 14286K(14464K)->14286K(14464K) Class: 2325K(2496K)->2325K(2496K)
[405.981s][info][gc             ] GC(912) Pause Young (Prepare Mixed) (G1 Evacuation Pause) 771M->630M(1024M) 69.283ms
[405.981s][info][gc,cpu         ] GC(912) User=0.36s Sys=0.00s Real=0.08s
[406.098s][info][gc,start       ] GC(913) Pause Young (Mixed) (G1 Evacuation Pause)
[406.098s][info][gc,task        ] GC(913) Using 6 workers of 6 for evacuation
[406.156s][info][gc,phases      ] GC(913)   Pre Evacuate Collection Set: 0.5ms
[406.156s][info][gc,phases      ] GC(913)   Merge Heap Roots: 0.2ms
[406.156s][info][gc,phases      ] GC(913)   Evacuate Collection Set: 56.8ms
[406.157s][info][gc,phases      ] GC(913)   Post Evacuate Collection Set: 0.5ms
[406.157s][info][gc,phases      ] GC(913)   Other: 0.1ms
[406.157s][info][gc,heap        ] GC(913) Eden regions: 190->0(200)
[406.157s][info][gc,heap        ] GC(913) Survivor regions: 35->29(29)
[406.157s][info][gc,heap        ] GC(913) Old regions: 597->582
[406.157s][info][gc,heap        ] GC(913) Humongous regions: 3->3
[406.157s][info][gc,metaspace   ] GC(913) Metaspace: 16611K(16960K)->16611K(16960K) NonClass: 14286K(14464K)->14286K(14464K) Class: 2325K(2496K)->2325K(2496K)
[406.157s][info][gc             ] GC(913) Pause Young (Mixed) (G1 Evacuation Pause) 820M->613M(1024M) 58.339ms
[406.157s][info][gc,cpu         ] GC(913) User=0.36s Sys=0.00s Real=0.07s
[406.885s][info][gc,start       ] GC(914) Pause Young (Mixed) (G1 Evacuation Pause)
[406.885s][info][gc,task        ] GC(914) Using 6 workers of 6 for evacuation
[406.958s][info][gc,phases      ] GC(914)   Pre Evacuate Collection Set: 0.2ms
[406.958s][info][gc,phases      ] GC(914)   Merge Heap Roots: 1.9ms
[406.958s][info][gc,phases      ] GC(914)   Evacuate Collection Set: 70.0ms
[406.958s][info][gc,phases      ] GC(914)   Post Evacuate Collection Set: 1.1ms
[406.958s][info][gc,phases      ] GC(914)   Other: 0.1ms
[406.958s][info][gc,heap        ] GC(914) Eden regions: 200->0(220)
[406.958s][info][gc,heap        ] GC(914) Survivor regions: 29->29(29)
[406.958s][info][gc,heap        ] GC(914) Old regions: 582->542
[406.958s][info][gc,heap        ] GC(914) Humongous regions: 9->9
[406.958s][info][gc,metaspace   ] GC(914) Metaspace: 16611K(16960K)->16611K(16960K) NonClass: 14286K(14464K)->14286K(14464K) Class: 2325K(2496K)->2325K(2496K)
[406.958s][info][gc             ] GC(914) Pause Young (Mixed) (G1 Evacuation Pause) 819M->579M(1024M) 73.483ms
[406.958s][info][gc,cpu         ] GC(914) User=0.39s Sys=0.00s Real=0.08s
[407.362s][info][gc,start       ] GC(915) Pause Young (Mixed) (G1 Evacuation Pause)
[407.362s][info][gc,task        ] GC(915) Using 6 workers of 6 for evacuation
[407.392s][info][gc,phases      ] GC(915)   Pre Evacuate Collection Set: 0.5ms
[407.394s][info][gc,phases      ] GC(915)   Merge Heap Roots: 1.1ms
[407.394s][info][gc,phases      ] GC(915)   Evacuate Collection Set: 28.0ms
[407.394s][info][gc,phases      ] GC(915)   Post Evacuate Collection Set: 0.6ms
[407.394s][info][gc,phases      ] GC(915)   Other: 0.1ms
[407.394s][info][gc,heap        ] GC(915) Eden regions: 220->0(249)
[407.394s][info][gc,heap        ] GC(915) Survivor regions: 29->6(32)
[407.394s][info][gc,heap        ] GC(915) Old regions: 542->550
[407.394s][info][gc,heap        ] GC(915) Humongous regions: 9->9
[407.394s][info][gc,metaspace   ] GC(915) Metaspace: 16611K(16960K)->16611K(16960K) NonClass: 14286K(14464K)->14286K(14464K) Class: 2325K(2496K)->2325K(2496K)
[407.394s][info][gc             ] GC(915) Pause Young (Mixed) (G1 Evacuation Pause) 799M->564M(1024M) 32.306ms
[407.394s][info][gc,cpu         ] GC(915) User=0.02s Sys=0.00s Real=0.03s
[408.148s][info][gc,start       ] GC(916) Pause Young (Concurrent Start) (G1 Evacuation Pause)
[408.148s][info][gc,task        ] GC(916) Using 6 workers of 6 for evacuation
[408.155s][info][gc,phases      ] GC(916)   Pre Evacuate Collection Set: 0.3ms
[408.155s][info][gc,phases      ] GC(916)   Merge Heap Roots: 0.3ms
[408.155s][info][gc,phases      ] GC(916)   Evacuate Collection Set: 5.1ms
[408.155s][info][gc,phases      ] GC(916)   Post Evacuate Collection Set: 0.5ms
[408.155s][info][gc,phases      ] GC(916)   Other: 0.2ms
[408.155s][info][gc,heap        ] GC(916) Eden regions: 249->0(276)
[408.155s][info][gc,heap        ] GC(916) Survivor regions: 6->3(32)
[408.155s][info][gc,heap        ] GC(916) Old regions: 550->550
[408.155s][info][gc,heap        ] GC(916) Humongous regions: 9->9
[408.155s][info][gc,metaspace   ] GC(916) Metaspace: 16611K(16960K)->16611K(16960K) NonClass: 14286K(14464K)->14286K(14464K) Class: 2325K(2496K)->2325K(2496K)
[408.155s][info][gc             ] GC(916) Pause Young (Concurrent Start) (G1 Evacuation Pause) 813M->561M(1024M) 6.521ms
[408.155s][info][gc,cpu         ] GC(916) User=0.02s Sys=0.00s Real=0.02s
[408.155s][info][gc             ] GC(917) Concurrent Mark Cycle
[408.155s][info][gc,marking     ] GC(917) Concurrent Scan Root Regions
[408.155s][info][gc,marking     ] GC(917) Concurrent Scan Root Regions 0.481ms
[408.155s][info][gc,marking     ] GC(917) Concurrent Mark
[408.155s][info][gc,marking     ] GC(917) Concurrent Mark From Roots
[408.155s][info][gc,task        ] GC(917) Using 2 workers of 2 for marking
[408.159s][info][gc,marking     ] GC(917) Concurrent Mark From Roots 3.524ms
[408.159s][info][gc,marking     ] GC(917) Concurrent Preclean
[408.159s][info][gc,marking     ] GC(917) Concurrent Preclean 0.045ms
[408.159s][info][gc,start       ] GC(917) Pause Remark
[408.161s][info][gc             ] GC(917) Pause Remark 562M->31M(1024M) 1.412ms
[408.161s][info][gc,cpu         ] GC(917) User=0.00s Sys=0.00s Real=0.00s
[408.161s][info][gc,marking     ] GC(917) Concurrent Mark 5.235ms
[408.161s][info][gc,marking     ] GC(917) Concurrent Rebuild Remembered Sets and Scrub Regions
[408.162s][info][gc,marking     ] GC(917) Concurrent Rebuild Remembered Sets and Scrub Regions 1.065ms
[408.162s][info][gc,start       ] GC(917) Pause Cleanup
[408.162s][info][gc             ] GC(917) Pause Cleanup 31M->31M(1024M) 0.221ms
[408.162s][info][gc,cpu         ] GC(917) User=0.00s Sys=0.00s Real=0.00s
[408.162s][info][gc,marking     ] GC(917) Concurrent Clear Claimed Marks
[408.162s][info][gc,marking     ] GC(917) Concurrent Clear Claimed Marks 0.029ms
[408.162s][info][gc,marking     ] GC(917) Concurrent Cleanup for Next Mark
[408.164s][info][gc,marking     ] GC(917) Concurrent Cleanup for Next Mark 1.506ms
[408.164s][info][gc             ] GC(917) Concurrent Mark Cycle 8.831ms
[408.463s][info][gc,start       ] GC(918) Pause Full (System.gc())
[408.463s][info][gc,task        ] GC(918) Using 6 workers of 6 for full compaction
[408.463s][info][gc,phases,start] GC(918) Phase 1: Mark live objects
[408.466s][info][gc,phases      ] GC(918) Phase 1: Mark live objects 2.353ms
[408.466s][info][gc,phases,start] GC(918) Phase 2: Prepare compaction
[408.466s][info][gc,phases      ] GC(918) Phase 2: Prepare compaction 0.213ms
[408.466s][info][gc,phases,start] GC(918) Phase 3: Adjust pointers
[408.468s][info][gc,phases      ] GC(918) Phase 3: Adjust pointers 1.982ms
[408.468s][info][gc,phases,start] GC(918) Phase 4: Compact heap
[408.468s][info][gc,phases      ] GC(918) Phase 4: Compact heap 0.135ms
[408.468s][info][gc,phases,start] GC(918) Phase 5: Reset Metadata
[408.469s][info][gc,phases      ] GC(918) Phase 5: Reset Metadata 0.867ms
[408.473s][info][gc,heap        ] GC(918) Eden regions: 43->0(614)
[408.473s][info][gc,heap        ] GC(918) Survivor regions: 3->0(32)
[408.473s][info][gc,heap        ] GC(918) Old regions: 26->10
[408.473s][info][gc,heap        ] GC(918) Humongous regions: 2->2
[408.473s][info][gc,metaspace   ] GC(918) Metaspace: 16611K(16960K)->16611K(16960K) NonClass: 14286K(14464K)->14286K(14464K) Class: 2325K(2496K)->2325K(2496K)
[408.473s][info][gc             ] GC(918) Pause Full (System.gc()) 73M->5M(1024M) 10.134ms
[408.473s][info][gc,cpu         ] GC(918) User=0.00s Sys=0.00s Real=0.01s
[409.952s][info][gc,start       ] GC(919) Pause Young (Concurrent Start) (G1 Evacuation Pause)
[409.953s][info][gc,task        ] GC(919) Using 6 workers of 6 for evacuation
[409.954s][info][gc,phases      ] GC(919)   Pre Evacuate Collection Set: 0.2ms
[409.954s][info][gc,phases      ] GC(919)   Merge Heap Roots: 0.1ms
[409.954s][info][gc,phases      ] GC(919)   Evacuate Collection Set: 0.4ms
[409.954s][info][gc,phases      ] GC(919)   Post Evacuate Collection Set: 0.4ms
[409.954s][info][gc,phases      ] GC(919)   Other: 0.1ms
[409.954s][info][gc,heap        ] GC(919) Eden regions: 614->0(613)
[409.954s][info][gc,heap        ] GC(919) Survivor regions: 0->1(77)
[409.954s][info][gc,heap        ] GC(919) Old regions: 10->10
[409.954s][info][gc,heap        ] GC(919) Humongous regions: 2->2
[409.954s][info][gc,metaspace   ] GC(919) Metaspace: 16611K(16960K)->16611K(16960K) NonClass: 14286K(14464K)->14286K(14464K) Class: 2325K(2496K)->2325K(2496K)
[409.954s][info][gc             ] GC(919) Pause Young (Concurrent Start) (G1 Evacuation Pause) 619M->6M(1024M) 1.418ms
[409.954s][info][gc             ] GC(920) Concurrent Mark Cycle
[409.954s][info][gc,cpu         ] GC(919) User=0.00s Sys=0.00s Real=0.00s
[409.954s][info][gc,marking     ] GC(920) Concurrent Scan Root Regions
[409.954s][info][gc,marking     ] GC(920) Concurrent Scan Root Regions 0.279ms
[409.954s][info][gc,marking     ] GC(920) Concurrent Mark
[409.954s][info][gc,marking     ] GC(920) Concurrent Mark From Roots
[409.954s][info][gc,task        ] GC(920) Using 2 workers of 2 for marking
[409.957s][info][gc,marking     ] GC(920) Concurrent Mark From Roots 3.130ms
[409.957s][info][gc,marking     ] GC(920) Concurrent Preclean
[409.957s][info][gc,marking     ] GC(920) Concurrent Preclean 0.022ms
[409.958s][info][gc,start       ] GC(920) Pause Remark
[409.959s][info][gc             ] GC(920) Pause Remark 23M->23M(1024M) 1.113ms
[409.959s][info][gc,cpu         ] GC(920) User=0.00s Sys=0.00s Real=0.00s
[409.959s][info][gc,marking     ] GC(920) Concurrent Mark 4.553ms
[409.959s][info][gc,marking     ] GC(920) Concurrent Rebuild Remembered Sets and Scrub Regions
[409.960s][info][gc,marking     ] GC(920) Concurrent Rebuild Remembered Sets and Scrub Regions 1.022ms
[409.960s][info][gc,start       ] GC(920) Pause Cleanup
[409.960s][info][gc             ] GC(920) Pause Cleanup 29M->29M(1024M) 0.132ms
[409.960s][info][gc,cpu         ] GC(920) User=0.00s Sys=0.00s Real=0.00s
[409.960s][info][gc,marking     ] GC(920) Concurrent Clear Claimed Marks
[409.960s][info][gc,marking     ] GC(920) Concurrent Clear Claimed Marks 0.021ms
[409.960s][info][gc,marking     ] GC(920) Concurrent Cleanup for Next Mark
[409.963s][info][gc,marking     ] GC(920) Concurrent Cleanup for Next Mark 2.417ms
[409.963s][info][gc             ] GC(920) Concurrent Mark Cycle 8.794ms
[410.055s][info][gc,start       ] GC(921) Pause Young (Prepare Mixed) (G1 Evacuation Pause)
[410.055s][info][gc,task        ] GC(921) Using 6 workers of 6 for evacuation
[410.056s][info][gc,phases      ] GC(921)   Pre Evacuate Collection Set: 0.2ms
[410.056s][info][gc,phases      ] GC(921)   Merge Heap Roots: 0.1ms
[410.056s][info][gc,phases      ] GC(921)   Evacuate Collection Set: 0.3ms
[410.056s][info][gc,phases      ] GC(921)   Post Evacuate Collection Set: 0.4ms
[410.056s][info][gc,phases      ] GC(921)   Other: 0.1ms
[410.056s][info][gc,heap        ] GC(921) Eden regions: 613->0(613)
[410.056s][info][gc,heap        ] GC(921) Survivor regions: 1->1(77)
[410.056s][info][gc,heap        ] GC(921) Old regions: 10->10
[410.056s][info][gc,heap        ] GC(921) Humongous regions: 2->2
[410.056s][info][gc,metaspace   ] GC(921) Metaspace: 16611K(16960K)->16611K(16960K) NonClass: 14286K(14464K)->14286K(14464K) Class: 2325K(2496K)->2325K(2496K)
[410.056s][info][gc             ] GC(921) Pause Young (Prepare Mixed) (G1 Evacuation Pause) 619M->6M(1024M) 1.248ms
[410.056s][info][gc,cpu         ] GC(921) User=0.00s Sys=0.00s Real=0.00s
[410.152s][info][gc,start       ] GC(922) Pause Young (Mixed) (G1 Evacuation Pause)
[410.152s][info][gc,task        ] GC(922) Using 6 workers of 6 for evacuation
[410.153s][info][gc,phases      ] GC(922)   Pre Evacuate Collection Set: 0.2ms
[410.153s][info][gc,phases      ] GC(922)   Merge Heap Roots: 0.1ms
[410.153s][info][gc,phases      ] GC(922)   Evacuate Collection Set: 0.3ms
[410.153s][info][gc,phases      ] GC(922)   Post Evacuate Collection Set: 0.4ms
[410.153s][info][gc,phases      ] GC(922)   Other: 0.1ms
[410.153s][info][gc,heap        ] GC(922) Eden regions: 613->0(613)
[410.153s][info][gc,heap        ] GC(922) Survivor regions: 1->1(77)
[410.153s][info][gc,heap        ] GC(922) Old regions: 10->10
[410.153s][info][gc,heap        ] GC(922) Humongous regions: 2->2
[410.153s][info][gc,metaspace   ] GC(922) Metaspace: 16611K(16960K)->16611K(16960K) NonClass: 14286K(14464K)->14286K(14464K) Class: 2325K(2496K)->2325K(2496K)
[410.153s][info][gc             ] GC(922) Pause Young (Mixed) (G1 Evacuation Pause) 619M->6M(1024M) 1.354ms
[410.153s][info][gc,cpu         ] GC(922) User=0.00s Sys=0.00s Real=0.00s
[410.251s][info][gc,start       ] GC(923) Pause Young (Concurrent Start) (G1 Evacuation Pause)
[410.251s][info][gc,task        ] GC(923) Using 6 workers of 6 for evacuation
[410.253s][info][gc,phases      ] GC(923)   Pre Evacuate Collection Set: 0.2ms
[410.253s][info][gc,phases      ] GC(923)   Merge Heap Roots: 0.1ms
[410.253s][info][gc,phases      ] GC(923)   Evacuate Collection Set: 0.4ms
[410.253s][info][gc,phases      ] GC(923)   Post Evacuate Collection Set: 0.4ms
[410.253s][info][gc,phases      ] GC(923)   Other: 0.1ms
[410.253s][info][gc,heap        ] GC(923) Eden regions: 613->0(613)
[410.253s][info][gc,heap        ] GC(923) Survivor regions: 1->1(77)
[410.253s][info][gc,heap        ] GC(923) Old regions: 10->10
[410.253s][info][gc,heap        ] GC(923) Humongous regions: 2->2
[410.253s][info][gc,metaspace   ] GC(923) Metaspace: 16611K(16960K)->16611K(16960K) NonClass: 14286K(14464K)->14286K(14464K) Class: 2325K(2496K)->2325K(2496K)
[410.253s][info][gc             ] GC(923) Pause Young (Concurrent Start) (G1 Evacuation Pause) 619M->6M(1024M) 1.362ms
[410.253s][info][gc             ] GC(924) Concurrent Mark Cycle
[410.253s][info][gc,cpu         ] GC(923) User=0.00s Sys=0.00s Real=0.00s
[410.253s][info][gc,marking     ] GC(924) Concurrent Scan Root Regions
[410.253s][info][gc,marking     ] GC(924) Concurrent Scan Root Regions 0.286ms
[410.253s][info][gc,marking     ] GC(924) Concurrent Mark
[410.253s][info][gc,marking     ] GC(924) Concurrent Mark From Roots
[410.253s][info][gc,task        ] GC(924) Using 2 workers of 2 for marking
[410.256s][info][gc,marking     ] GC(924) Concurrent Mark From Roots 3.146ms
[410.256s][info][gc,marking     ] GC(924) Concurrent Preclean
[410.256s][info][gc,marking     ] GC(924) Concurrent Preclean 0.022ms
[410.257s][info][gc,start       ] GC(924) Pause Remark
[410.258s][info][gc             ] GC(924) Pause Remark 24M->24M(1024M) 1.094ms
[410.258s][info][gc,cpu         ] GC(924) User=0.00s Sys=0.00s Real=0.00s
[410.258s][info][gc,marking     ] GC(924) Concurrent Mark 4.553ms
[410.258s][info][gc,marking     ] GC(924) Concurrent Rebuild Remembered Sets and Scrub Regions
[410.259s][info][gc,marking     ] GC(924) Concurrent Rebuild Remembered Sets and Scrub Regions 1.027ms
[410.259s][info][gc,start       ] GC(924) Pause Cleanup
[410.259s][info][gc             ] GC(924) Pause Cleanup 29M->29M(1024M) 0.140ms
[410.259s][info][gc,cpu         ] GC(924) User=0.00s Sys=0.00s Real=0.00s
[410.259s][info][gc,marking     ] GC(924) Concurrent Clear Claimed Marks
[410.259s][info][gc,marking     ] GC(924) Concurrent Clear Claimed Marks 0.029ms
[410.259s][info][gc,marking     ] GC(924) Concurrent Cleanup for Next Mark
[410.262s][info][gc,marking     ] GC(924) Concurrent Cleanup for Next Mark 2.490ms
[410.262s][info][gc             ] GC(924) Concurrent Mark Cycle 8.905ms
[410.443s][info][gc,start       ] GC(925) Pause Young (Prepare Mixed) (G1 Evacuation Pause)
[410.443s][info][gc,task        ] GC(925) Using 6 workers of 6 for evacuation
[410.499s][info][gc,phases      ] GC(925)   Pre Evacuate Collection Set: 0.1ms
[410.499s][info][gc,phases      ] GC(925)   Merge Heap Roots: 0.1ms
[410.499s][info][gc,phases      ] GC(925)   Evacuate Collection Set: 55.4ms
[410.499s][info][gc,phases      ] GC(925)   Post Evacuate Collection Set: 0.6ms
[410.499s][info][gc,phases      ] GC(925)   Other: 0.1ms
[410.499s][info][gc,heap        ] GC(925) Eden regions: 613->0(537)
[410.499s][info][gc,heap        ] GC(925) Survivor regions: 1->77(77)
[410.499s][info][gc,heap        ] GC(925) Old regions: 10->57
[410.499s][info][gc,heap        ] GC(925) Humongous regions: 3->3
[410.499s][info][gc,metaspace   ] GC(925) Metaspace: 16611K(16960K)->16611K(16960K) NonClass: 14286K(14464K)->14286K(14464K) Class: 2325K(2496K)->2325K(2496K)
[410.499s][info][gc             ] GC(925) Pause Young (Prepare Mixed) (G1 Evacuation Pause) 620M->131M(1024M) 56.538ms
[410.499s][info][gc,cpu         ] GC(925) User=0.28s Sys=0.00s Real=0.05s
[411.059s][info][gc,start       ] GC(926) Pause Young (Mixed) (G1 Evacuation Pause)
[411.059s][info][gc,task        ] GC(926) Using 6 workers of 6 for evacuation
[411.209s][info][gc,phases      ] GC(926)   Pre Evacuate Collection Set: 0.2ms
[411.209s][info][gc,phases      ] GC(926)   Merge Heap Roots: 0.4ms
[411.209s][info][gc,phases      ] GC(926)   Evacuate Collection Set: 148.0ms
[411.209s][info][gc,phases      ] GC(926)   Post Evacuate Collection Set: 1.1ms
[411.209s][info][gc,phases      ] GC(926)   Other: 0.1ms
[411.209s][info][gc,heap        ] GC(926) Eden regions: 537->0(331)
[411.210s][info][gc,heap        ] GC(926) Survivor regions: 77->77(77)
[411.210s][info][gc,heap        ] GC(926) Old regions: 57->330
[411.210s][info][gc,heap        ] GC(926) Humongous regions: 4->4
[411.210s][info][gc,metaspace   ] GC(926) Metaspace: 16611K(16960K)->16611K(16960K) NonClass: 14286K(14464K)->14286K(14464K) Class: 2325K(2496K)->2325K(2496K)
[411.210s][info][gc             ] GC(926) Pause Young (Mixed) (G1 Evacuation Pause) (Evacuation Failure) 669M->406M(1024M) 150.165ms
[411.210s][info][gc,cpu         ] GC(926) User=0.84s Sys=0.00s Real=0.14s
[413.667s][info][gc,start       ] GC(927) Pause Young (Concurrent Start) (G1 Evacuation Pause)
[413.667s][info][gc,task        ] GC(927) Using 6 workers of 6 for evacuation
[413.780s][info][gc,phases      ] GC(927)   Pre Evacuate Collection Set: 0.4ms
[413.780s][info][gc,phases      ] GC(927)   Merge Heap Roots: 0.9ms
[413.780s][info][gc,phases      ] GC(927)   Evacuate Collection Set: 109.9ms
[413.780s][info][gc,phases      ] GC(927)   Post Evacuate Collection Set: 1.1ms
[413.780s][info][gc,phases      ] GC(927)   Other: 0.2ms
[413.780s][info][gc,heap        ] GC(927) Eden regions: 331->0(240)
[413.780s][info][gc,heap        ] GC(927) Survivor regions: 77->51(51)
[413.780s][info][gc,heap        ] GC(927) Old regions: 330->497
[413.780s][info][gc,heap        ] GC(927) Humongous regions: 4->4
[413.780s][info][gc,metaspace   ] GC(927) Metaspace: 16612K(16960K)->16612K(16960K) NonClass: 14286K(14464K)->14286K(14464K) Class: 2325K(2496K)->2325K(2496K)
[413.780s][info][gc             ] GC(927) Pause Young (Concurrent Start) (G1 Evacuation Pause) 737M->547M(1024M) 112.756ms
[413.780s][info][gc             ] GC(928) Concurrent Mark Cycle
[413.780s][info][gc,cpu         ] GC(927) User=0.66s Sys=0.00s Real=0.10s
[413.780s][info][gc,marking     ] GC(928) Concurrent Scan Root Regions
[413.820s][info][gc,marking     ] GC(928) Concurrent Scan Root Regions 40.218ms
[413.820s][info][gc,marking     ] GC(928) Concurrent Mark
[413.820s][info][gc,marking     ] GC(928) Concurrent Mark From Roots
[413.820s][info][gc,task        ] GC(928) Using 2 workers of 2 for marking
[413.829s][info][gc,marking     ] GC(928) Concurrent Mark From Roots 8.633ms
[413.829s][info][gc,marking     ] GC(928) Concurrent Preclean
[413.829s][info][gc,marking     ] GC(928) Concurrent Preclean 0.038ms
[413.829s][info][gc,start       ] GC(928) Pause Remark
[413.830s][info][gc             ] GC(928) Pause Remark 620M->396M(1024M) 1.040ms
[413.830s][info][gc,cpu         ] GC(928) User=0.00s Sys=0.00s Real=0.00s
[413.830s][info][gc,marking     ] GC(928) Concurrent Mark 9.955ms
[413.830s][info][gc,marking     ] GC(928) Concurrent Rebuild Remembered Sets and Scrub Regions
[413.883s][info][gc,marking     ] GC(928) Concurrent Rebuild Remembered Sets and Scrub Regions 52.205ms
[413.883s][info][gc,start       ] GC(928) Pause Cleanup
[413.883s][info][gc             ] GC(928) Pause Cleanup 483M->483M(1024M) 0.286ms
[413.883s][info][gc,cpu         ] GC(928) User=0.00s Sys=0.00s Real=0.00s
[413.883s][info][gc,marking     ] GC(928) Concurrent Clear Claimed Marks
[413.883s][info][gc,marking     ] GC(928) Concurrent Clear Claimed Marks 0.031ms
[413.883s][info][gc,marking     ] GC(928) Concurrent Cleanup for Next Mark
[413.885s][info][gc,marking     ] GC(928) Concurrent Cleanup for Next Mark 1.687ms
[413.885s][info][gc             ] GC(928) Concurrent Mark Cycle 104.796ms
[413.933s][info][gc,start       ] GC(929) Pause Young (Prepare Mixed) (G1 Evacuation Pause)
[413.933s][info][gc,task        ] GC(929) Using 6 workers of 6 for evacuation
[414.016s][info][gc,phases      ] GC(929)   Pre Evacuate Collection Set: 0.2ms
[414.016s][info][gc,phases      ] GC(929)   Merge Heap Roots: 1.1ms
[414.016s][info][gc,phases      ] GC(929)   Evacuate Collection Set: 80.8ms
[414.016s][info][gc,phases      ] GC(929)   Post Evacuate Collection Set: 0.4ms
[414.016s][info][gc,phases      ] GC(929)   Other: 0.1ms
[414.016s][info][gc,heap        ] GC(929) Eden regions: 240->0(298)
[414.016s][info][gc,heap        ] GC(929) Survivor regions: 51->37(37)
[414.016s][info][gc,heap        ] GC(929) Old regions: 274->390
[414.016s][info][gc,heap        ] GC(929) Humongous regions: 3->3
[414.016s][info][gc,metaspace   ] GC(929) Metaspace: 16612K(16960K)->16612K(16960K) NonClass: 14286K(14464K)->14286K(14464K) Class: 2325K(2496K)->2325K(2496K)
[414.016s][info][gc             ] GC(929) Pause Young (Prepare Mixed) (G1 Evacuation Pause) 563M->425M(1024M) 82.844ms
[414.016s][info][gc,cpu         ] GC(929) User=0.47s Sys=0.00s Real=0.08s
[414.196s][info][gc,start       ] GC(930) Pause Young (Mixed) (G1 Evacuation Pause)
[414.196s][info][gc,task        ] GC(930) Using 6 workers of 6 for evacuation
[414.276s][info][gc,phases      ] GC(930)   Pre Evacuate Collection Set: 0.5ms
[414.276s][info][gc,phases      ] GC(930)   Merge Heap Roots: 0.2ms
[414.276s][info][gc,phases      ] GC(930)   Evacuate Collection Set: 78.7ms
[414.276s][info][gc,phases      ] GC(930)   Post Evacuate Collection Set: 0.4ms
[414.276s][info][gc,phases      ] GC(930)   Other: 0.1ms
[414.276s][info][gc,heap        ] GC(930) Eden regions: 298->0(255)
[414.276s][info][gc,heap        ] GC(930) Survivor regions: 37->42(42)
[414.276s][info][gc,heap        ] GC(930) Old regions: 390->463
[414.276s][info][gc,heap        ] GC(930) Humongous regions: 3->3
[414.276s][info][gc,metaspace   ] GC(930) Metaspace: 16612K(16960K)->16612K(16960K) NonClass: 14286K(14464K)->14286K(14464K) Class: 2325K(2496K)->2325K(2496K)
[414.276s][info][gc             ] GC(930) Pause Young (Mixed) (G1 Evacuation Pause) 723M->505M(1024M) 80.146ms
[414.277s][info][gc,cpu         ] GC(930) User=0.45s Sys=0.00s Real=0.08s
[414.354s][info][gc,start       ] GC(931) Pause Young (Concurrent Start) (G1 Humongous Allocation)
[414.355s][info][gc,task        ] GC(931) Using 6 workers of 6 for evacuation
[414.402s][info][gc,phases      ] GC(931)   Pre Evacuate Collection Set: 0.4ms
[414.402s][info][gc,phases      ] GC(931)   Merge Heap Roots: 0.2ms
[414.402s][info][gc,phases      ] GC(931)   Evacuate Collection Set: 46.1ms
[414.402s][info][gc,phases      ] GC(931)   Post Evacuate Collection Set: 0.3ms
[414.402s][info][gc,phases      ] GC(931)   Other: 0.2ms
[414.402s][info][gc,heap        ] GC(931) Eden regions: 126->0(227)
[414.402s][info][gc,heap        ] GC(931) Survivor regions: 42->38(38)
[414.402s][info][gc,heap        ] GC(931) Old regions: 463->522
[414.402s][info][gc,heap        ] GC(931) Humongous regions: 3->3
[414.402s][info][gc,metaspace   ] GC(931) Metaspace: 16612K(16960K)->16612K(16960K) NonClass: 14286K(14464K)->14286K(14464K) Class: 2325K(2496K)->2325K(2496K)
[414.402s][info][gc             ] GC(931) Pause Young (Concurrent Start) (G1 Humongous Allocation) 631M->560M(1024M) 47.446ms
[414.402s][info][gc             ] GC(932) Concurrent Mark Cycle
[414.402s][info][gc,cpu         ] GC(931) User=0.17s Sys=0.00s Real=0.05s
[414.402s][info][gc,marking     ] GC(932) Concurrent Scan Root Regions
[414.430s][info][gc,marking     ] GC(932) Concurrent Scan Root Regions 27.643ms
[414.430s][info][gc,marking     ] GC(932) Concurrent Mark
[414.430s][info][gc,marking     ] GC(932) Concurrent Mark From Roots
[414.430s][info][gc,task        ] GC(932) Using 2 workers of 2 for marking
[414.661s][info][gc,marking     ] GC(932) Concurrent Mark From Roots 231.631ms
[414.661s][info][gc,marking     ] GC(932) Concurrent Preclean
[414.661s][info][gc,marking     ] GC(932) Concurrent Preclean 0.053ms
[414.661s][info][gc,start       ] GC(932) Pause Remark
[414.663s][info][gc             ] GC(932) Pause Remark 634M->510M(1024M) 1.344ms
[414.663s][info][gc,cpu         ] GC(932) User=0.00s Sys=0.00s Real=0.00s
[414.663s][info][gc,marking     ] GC(932) Concurrent Mark 233.250ms
[414.663s][info][gc,marking     ] GC(932) Concurrent Rebuild Remembered Sets and Scrub Regions
[414.759s][info][gc,marking     ] GC(932) Concurrent Rebuild Remembered Sets and Scrub Regions 95.867ms
[414.759s][info][gc,start       ] GC(932) Pause Cleanup
[414.759s][info][gc             ] GC(932) Pause Cleanup 519M->519M(1024M) 0.233ms
[414.759s][info][gc,cpu         ] GC(932) User=0.00s Sys=0.00s Real=0.00s
[414.759s][info][gc,marking     ] GC(932) Concurrent Clear Claimed Marks
[414.759s][info][gc,marking     ] GC(932) Concurrent Clear Claimed Marks 0.047ms
[414.759s][info][gc,marking     ] GC(932) Concurrent Cleanup for Next Mark
[414.761s][info][gc,marking     ] GC(932) Concurrent Cleanup for Next Mark 1.301ms
[414.761s][info][gc             ] GC(932) Concurrent Mark Cycle 358.767ms
[415.038s][info][gc,start       ] GC(933) Pause Young (Prepare Mixed) (G1 Evacuation Pause)
[415.038s][info][gc,task        ] GC(933) Using 6 workers of 6 for evacuation
[415.102s][info][gc,phases      ] GC(933)   Pre Evacuate Collection Set: 0.3ms
[415.102s][info][gc,phases      ] GC(933)   Merge Heap Roots: 2.5ms
[415.102s][info][gc,phases      ] GC(933)   Evacuate Collection Set: 60.8ms
[415.102s][info][gc,phases      ] GC(933)   Post Evacuate Collection Set: 1.1ms
[415.102s][info][gc,phases      ] GC(933)   Other: 0.1ms
[415.102s][info][gc,heap        ] GC(933) Eden regions: 227->0(286)
[415.102s][info][gc,heap        ] GC(933) Survivor regions: 38->34(34)
[415.103s][info][gc,heap        ] GC(933) Old regions: 399->438
[415.103s][info][gc,heap        ] GC(933) Humongous regions: 8->8
[415.103s][info][gc,metaspace   ] GC(933) Metaspace: 16613K(16960K)->16613K(16960K) NonClass: 14287K(14464K)->14287K(14464K) Class: 2325K(2496K)->2325K(2496K)
[415.103s][info][gc             ] GC(933) Pause Young (Prepare Mixed) (G1 Evacuation Pause) 669M->477M(1024M) 64.931ms
[415.103s][info][gc,cpu         ] GC(933) User=0.31s Sys=0.00s Real=0.06s
[415.615s][info][gc,start       ] GC(934) Pause Young (Mixed) (G1 Evacuation Pause)
[415.615s][info][gc,task        ] GC(934) Using 6 workers of 6 for evacuation
[415.640s][info][gc,phases      ] GC(934)   Pre Evacuate Collection Set: 0.3ms
[415.640s][info][gc,phases      ] GC(934)   Merge Heap Roots: 1.1ms
[415.640s][info][gc,phases      ] GC(934)   Evacuate Collection Set: 23.4ms
[415.640s][info][gc,phases      ] GC(934)   Post Evacuate Collection Set: 0.4ms
[415.640s][info][gc,phases      ] GC(934)   Other: 0.1ms
[415.640s][info][gc,heap        ] GC(934) Eden regions: 286->0(329)
[415.640s][info][gc,heap        ] GC(934) Survivor regions: 34->3(40)
[415.640s][info][gc,heap        ] GC(934) Old regions: 438->444
[415.640s][info][gc,heap        ] GC(934) Humongous regions: 8->8
[415.640s][info][gc,metaspace   ] GC(934) Metaspace: 16613K(16960K)->16613K(16960K) NonClass: 14287K(14464K)->14287K(14464K) Class: 2325K(2496K)->2325K(2496K)
[415.640s][info][gc             ] GC(934) Pause Young (Mixed) (G1 Evacuation Pause) 763M->452M(1024M) 25.538ms
[415.640s][info][gc,cpu         ] GC(934) User=0.11s Sys=0.00s Real=0.03s
[416.453s][info][gc,start       ] GC(935) Pause Full (System.gc())
[416.453s][info][gc,task        ] GC(935) Using 6 workers of 6 for full compaction
[416.453s][info][gc,phases,start] GC(935) Phase 1: Mark live objects
[416.456s][info][gc,phases      ] GC(935) Phase 1: Mark live objects 2.226ms
[416.456s][info][gc,phases,start] GC(935) Phase 2: Prepare compaction
[416.457s][info][gc,phases      ] GC(935) Phase 2: Prepare compaction 0.736ms
[416.457s][info][gc,phases,start] GC(935) Phase 3: Adjust pointers
[416.459s][info][gc,phases      ] GC(935) Phase 3: Adjust pointers 2.564ms
[416.459s][info][gc,phases,start] GC(935) Phase 4: Compact heap
[416.460s][info][gc,phases      ] GC(935) Phase 4: Compact heap 0.562ms
[416.460s][info][gc,phases,start] GC(935) Phase 5: Reset Metadata
[416.461s][info][gc,phases      ] GC(935) Phase 5: Reset Metadata 0.808ms
[416.464s][info][gc,heap        ] GC(935) Eden regions: 148->0(590)
[416.464s][info][gc,heap        ] GC(935) Survivor regions: 3->0(40)
[416.464s][info][gc,heap        ] GC(935) Old regions: 444->10
[416.464s][info][gc,heap        ] GC(935) Humongous regions: 8->2
[416.464s][info][gc,metaspace   ] GC(935) Metaspace: 16613K(16960K)->16613K(16960K) NonClass: 14287K(14464K)->14287K(14464K) Class: 2325K(2496K)->2325K(2496K)
[416.464s][info][gc             ] GC(935) Pause Full (System.gc()) 599M->5M(1024M) 10.908ms
[416.464s][info][gc,cpu         ] GC(935) User=0.00s Sys=0.00s Real=0.00s
[417.612s][info][gc,start       ] GC(936) Pause Young (Concurrent Start) (G1 Evacuation Pause)
[417.612s][info][gc,task        ] GC(936) Using 6 workers of 6 for evacuation
[417.613s][info][gc,phases      ] GC(936)   Pre Evacuate Collection Set: 0.2ms
[417.613s][info][gc,phases      ] GC(936)   Merge Heap Roots: 0.1ms
[417.613s][info][gc,phases      ] GC(936)   Evacuate Collection Set: 0.4ms
[417.613s][info][gc,phases      ] GC(936)   Post Evacuate Collection Set: 0.4ms
[417.613s][info][gc,phases      ] GC(936)   Other: 0.1ms
[417.613s][info][gc,heap        ] GC(936) Eden regions: 590->0(612)
[417.613s][info][gc,heap        ] GC(936) Survivor regions: 0->2(74)
[417.613s][info][gc,heap        ] GC(936) Old regions: 10->10
[417.613s][info][gc,heap        ] GC(936) Humongous regions: 2->2
[417.613s][info][gc,metaspace   ] GC(936) Metaspace: 16613K(16960K)->16613K(16960K) NonClass: 14287K(14464K)->14287K(14464K) Class: 2325K(2496K)->2325K(2496K)
[417.613s][info][gc             ] GC(936) Pause Young (Concurrent Start) (G1 Evacuation Pause) 595M->7M(1024M) 1.378ms
[417.613s][info][gc,cpu         ] GC(936) User=0.00s Sys=0.00s Real=0.00s
[417.613s][info][gc             ] GC(937) Concurrent Mark Cycle
[417.613s][info][gc,marking     ] GC(937) Concurrent Scan Root Regions
[417.614s][info][gc,marking     ] GC(937) Concurrent Scan Root Regions 0.230ms
[417.614s][info][gc,marking     ] GC(937) Concurrent Mark
[417.614s][info][gc,marking     ] GC(937) Concurrent Mark From Roots
[417.614s][info][gc,task        ] GC(937) Using 2 workers of 2 for marking
[417.617s][info][gc,marking     ] GC(937) Concurrent Mark From Roots 3.239ms
[417.617s][info][gc,marking     ] GC(937) Concurrent Preclean
[417.617s][info][gc,marking     ] GC(937) Concurrent Preclean 0.023ms
[417.617s][info][gc,start       ] GC(937) Pause Remark
[417.618s][info][gc             ] GC(937) Pause Remark 25M->25M(1024M) 1.038ms
[417.618s][info][gc,cpu         ] GC(937) User=0.00s Sys=0.00s Real=0.00s
[417.618s][info][gc,marking     ] GC(937) Concurrent Mark 4.559ms
[417.618s][info][gc,marking     ] GC(937) Concurrent Rebuild Remembered Sets and Scrub Regions
[417.619s][info][gc,marking     ] GC(937) Concurrent Rebuild Remembered Sets and Scrub Regions 1.002ms
[417.619s][info][gc,start       ] GC(937) Pause Cleanup
[417.620s][info][gc             ] GC(937) Pause Cleanup 30M->30M(1024M) 0.120ms
[417.620s][info][gc,cpu         ] GC(937) User=0.00s Sys=0.00s Real=0.00s
[417.620s][info][gc,marking     ] GC(937) Concurrent Clear Claimed Marks
[417.620s][info][gc,marking     ] GC(937) Concurrent Clear Claimed Marks 0.022ms
[417.620s][info][gc,marking     ] GC(937) Concurrent Cleanup for Next Mark
[417.622s][info][gc,marking     ] GC(937) Concurrent Cleanup for Next Mark 2.390ms
[417.622s][info][gc             ] GC(937) Concurrent Mark Cycle 8.690ms
[417.711s][info][gc,start       ] GC(938) Pause Young (Prepare Mixed) (G1 Evacuation Pause)
[417.712s][info][gc,task        ] GC(938) Using 6 workers of 6 for evacuation
[417.713s][info][gc,phases      ] GC(938)   Pre Evacuate Collection Set: 0.2ms
[417.713s][info][gc,phases      ] GC(938)   Merge Heap Roots: 0.1ms
[417.713s][info][gc,phases      ] GC(938)   Evacuate Collection Set: 0.3ms
[417.713s][info][gc,phases      ] GC(938)   Post Evacuate Collection Set: 0.4ms
[417.713s][info][gc,phases      ] GC(938)   Other: 0.1ms
[417.713s][info][gc,heap        ] GC(938) Eden regions: 612->0(613)
[417.713s][info][gc,heap        ] GC(938) Survivor regions: 2->1(77)
[417.713s][info][gc,heap        ] GC(938) Old regions: 9->9
[417.713s][info][gc,heap        ] GC(938) Humongous regions: 2->2
[417.713s][info][gc,metaspace   ] GC(938) Metaspace: 16613K(16960K)->16613K(16960K) NonClass: 14287K(14464K)->14287K(14464K) Class: 2325K(2496K)->2325K(2496K)
[417.713s][info][gc             ] GC(938) Pause Young (Prepare Mixed) (G1 Evacuation Pause) 619M->6M(1024M) 1.286ms
[417.713s][info][gc,cpu         ] GC(938) User=0.00s Sys=0.00s Real=0.00s
[417.810s][info][gc,start       ] GC(939) Pause Young (Mixed) (G1 Evacuation Pause)
[417.810s][info][gc,task        ] GC(939) Using 6 workers of 6 for evacuation
[417.811s][info][gc,phases      ] GC(939)   Pre Evacuate Collection Set: 0.2ms
[417.811s][info][gc,phases      ] GC(939)   Merge Heap Roots: 0.1ms
[417.811s][info][gc,phases      ] GC(939)   Evacuate Collection Set: 0.3ms
[417.811s][info][gc,phases      ] GC(939)   Post Evacuate Collection Set: 0.4ms
[417.811s][info][gc,phases      ] GC(939)   Other: 0.1ms
[417.811s][info][gc,heap        ] GC(939) Eden regions: 613->0(613)
[417.811s][info][gc,heap        ] GC(939) Survivor regions: 1->1(77)
[417.811s][info][gc,heap        ] GC(939) Old regions: 9->9
[417.811s][info][gc,heap        ] GC(939) Humongous regions: 2->2
[417.811s][info][gc,metaspace   ] GC(939) Metaspace: 16613K(16960K)->16613K(16960K) NonClass: 14287K(14464K)->14287K(14464K) Class: 2325K(2496K)->2325K(2496K)
[417.811s][info][gc             ] GC(939) Pause Young (Mixed) (G1 Evacuation Pause) 619M->6M(1024M) 1.409ms
[417.811s][info][gc,cpu         ] GC(939) User=0.00s Sys=0.00s Real=0.00s
[417.928s][info][gc,start       ] GC(940) Pause Young (Concurrent Start) (G1 Evacuation Pause)
[417.928s][info][gc,task        ] GC(940) Using 6 workers of 6 for evacuation
[417.929s][info][gc,phases      ] GC(940)   Pre Evacuate Collection Set: 0.3ms
[417.929s][info][gc,phases      ] GC(940)   Merge Heap Roots: 0.1ms
[417.929s][info][gc,phases      ] GC(940)   Evacuate Collection Set: 0.4ms
[417.929s][info][gc,phases      ] GC(940)   Post Evacuate Collection Set: 0.4ms
[417.929s][info][gc,phases      ] GC(940)   Other: 0.1ms
[417.929s][info][gc,heap        ] GC(940) Eden regions: 613->0(613)
[417.929s][info][gc,heap        ] GC(940) Survivor regions: 1->1(77)
[417.929s][info][gc,heap        ] GC(940) Old regions: 9->9
[417.929s][info][gc,heap        ] GC(940) Humongous regions: 2->2
[417.929s][info][gc,metaspace   ] GC(940) Metaspace: 16613K(16960K)->16613K(16960K) NonClass: 14287K(14464K)->14287K(14464K) Class: 2325K(2496K)->2325K(2496K)
[417.929s][info][gc             ] GC(940) Pause Young (Concurrent Start) (G1 Evacuation Pause) 619M->6M(1024M) 1.641ms
[417.929s][info][gc             ] GC(941) Concurrent Mark Cycle
[417.929s][info][gc,cpu         ] GC(940) User=0.00s Sys=0.00s Real=0.00s
[417.929s][info][gc,marking     ] GC(941) Concurrent Scan Root Regions
[417.930s][info][gc,marking     ] GC(941) Concurrent Scan Root Regions 0.430ms
[417.930s][info][gc,marking     ] GC(941) Concurrent Mark
[417.930s][info][gc,marking     ] GC(941) Concurrent Mark From Roots
[417.930s][info][gc,task        ] GC(941) Using 2 workers of 2 for marking
[417.933s][info][gc,marking     ] GC(941) Concurrent Mark From Roots 3.101ms
[417.933s][info][gc,marking     ] GC(941) Concurrent Preclean
[417.933s][info][gc,marking     ] GC(941) Concurrent Preclean 0.019ms
[417.933s][info][gc,start       ] GC(941) Pause Remark
[417.934s][info][gc             ] GC(941) Pause Remark 23M->23M(1024M) 1.053ms
[417.934s][info][gc,cpu         ] GC(941) User=0.00s Sys=0.00s Real=0.00s
[417.934s][info][gc,marking     ] GC(941) Concurrent Mark 4.450ms
[417.934s][info][gc,marking     ] GC(941) Concurrent Rebuild Remembered Sets and Scrub Regions
[417.935s][info][gc,marking     ] GC(941) Concurrent Rebuild Remembered Sets and Scrub Regions 0.974ms
[417.935s][info][gc,start       ] GC(941) Pause Cleanup
[417.936s][info][gc             ] GC(941) Pause Cleanup 28M->28M(1024M) 0.134ms
[417.936s][info][gc,cpu         ] GC(941) User=0.00s Sys=0.00s Real=0.00s
[417.936s][info][gc,marking     ] GC(941) Concurrent Clear Claimed Marks
[417.936s][info][gc,marking     ] GC(941) Concurrent Clear Claimed Marks 0.024ms
[417.936s][info][gc,marking     ] GC(941) Concurrent Cleanup for Next Mark
[417.938s][info][gc,marking     ] GC(941) Concurrent Cleanup for Next Mark 2.100ms
[417.938s][info][gc             ] GC(941) Concurrent Mark Cycle 8.455ms
[418.112s][info][gc,start       ] GC(942) Pause Young (Prepare Mixed) (G1 Evacuation Pause)
[418.112s][info][gc,task        ] GC(942) Using 6 workers of 6 for evacuation
[418.161s][info][gc,phases      ] GC(942)   Pre Evacuate Collection Set: 0.1ms
[418.161s][info][gc,phases      ] GC(942)   Merge Heap Roots: 0.1ms
[418.161s][info][gc,phases      ] GC(942)   Evacuate Collection Set: 48.1ms
[418.161s][info][gc,phases      ] GC(942)   Post Evacuate Collection Set: 0.6ms
[418.161s][info][gc,phases      ] GC(942)   Other: 0.1ms
[418.161s][info][gc,heap        ] GC(942) Eden regions: 613->0(537)
[418.161s][info][gc,heap        ] GC(942) Survivor regions: 1->77(77)
[418.161s][info][gc,heap        ] GC(942) Old regions: 9->39
[418.161s][info][gc,heap        ] GC(942) Humongous regions: 3->3
[418.161s][info][gc,metaspace   ] GC(942) Metaspace: 16613K(16960K)->16613K(16960K) NonClass: 14287K(14464K)->14287K(14464K) Class: 2325K(2496K)->2325K(2496K)
[418.161s][info][gc             ] GC(942) Pause Young (Prepare Mixed) (G1 Evacuation Pause) 620M->114M(1024M) 49.270ms
[418.161s][info][gc,cpu         ] GC(942) User=0.05s Sys=0.00s Real=0.05s
[418.795s][info][gc,start       ] GC(943) Pause Young (Mixed) (G1 Evacuation Pause)
[418.795s][info][gc,task        ] GC(943) Using 6 workers of 6 for evacuation
[418.955s][info][gc,phases      ] GC(943)   Pre Evacuate Collection Set: 0.2ms
[418.955s][info][gc,phases      ] GC(943)   Merge Heap Roots: 0.2ms
[418.955s][info][gc,phases      ] GC(943)   Evacuate Collection Set: 156.7ms
[418.955s][info][gc,phases      ] GC(943)   Post Evacuate Collection Set: 3.4ms
[418.955s][info][gc,phases      ] GC(943)   Other: 0.1ms
[418.955s][info][gc,heap        ] GC(943) Eden regions: 537->0(148)
[418.955s][info][gc,heap        ] GC(943) Survivor regions: 77->77(77)
[418.955s][info][gc,heap        ] GC(943) Old regions: 39->652
[418.955s][info][gc,heap        ] GC(943) Humongous regions: 4->4
[418.955s][info][gc,metaspace   ] GC(943) Metaspace: 16613K(16960K)->16613K(16960K) NonClass: 14287K(14464K)->14287K(14464K) Class: 2325K(2496K)->2325K(2496K)
[418.955s][info][gc             ] GC(943) Pause Young (Mixed) (G1 Evacuation Pause) (Evacuation Failure) 652M->729M(1024M) 160.839ms
[418.955s][info][gc,cpu         ] GC(943) User=0.88s Sys=0.00s Real=0.16s
[421.596s][info][gc,start       ] GC(944) Pause Young (Concurrent Start) (G1 Evacuation Pause)
[421.596s][info][gc,task        ] GC(944) Using 6 workers of 6 for evacuation
[421.670s][info][gc,phases      ] GC(944)   Pre Evacuate Collection Set: 0.3ms
[421.670s][info][gc,phases      ] GC(944)   Merge Heap Roots: 0.9ms
[421.670s][info][gc,phases      ] GC(944)   Evacuate Collection Set: 71.0ms
[421.670s][info][gc,phases      ] GC(944)   Post Evacuate Collection Set: 1.0ms
[421.670s][info][gc,phases      ] GC(944)   Other: 0.2ms
[421.670s][info][gc,heap        ] GC(944) Eden regions: 148->0(119)
[421.670s][info][gc,heap        ] GC(944) Survivor regions: 77->29(29)
[421.670s][info][gc,heap        ] GC(944) Old regions: 652->752
[421.670s][info][gc,heap        ] GC(944) Humongous regions: 4->4
[421.670s][info][gc,metaspace   ] GC(944) Metaspace: 16613K(16960K)->16613K(16960K) NonClass: 14287K(14464K)->14287K(14464K) Class: 2325K(2496K)->2325K(2496K)
[421.670s][info][gc             ] GC(944) Pause Young (Concurrent Start) (G1 Evacuation Pause) 877M->781M(1024M) 73.629ms
[421.670s][info][gc             ] GC(945) Concurrent Mark Cycle
[421.670s][info][gc,cpu         ] GC(944) User=0.38s Sys=0.00s Real=0.06s
[421.670s][info][gc,marking     ] GC(945) Concurrent Scan Root Regions
[421.696s][info][gc,marking     ] GC(945) Concurrent Scan Root Regions 25.766ms
[421.696s][info][gc,marking     ] GC(945) Concurrent Mark
[421.696s][info][gc,marking     ] GC(945) Concurrent Mark From Roots
[421.696s][info][gc,task        ] GC(945) Using 2 workers of 2 for marking
[421.713s][info][gc,marking     ] GC(945) Concurrent Mark From Roots 17.048ms
[421.713s][info][gc,marking     ] GC(945) Concurrent Preclean
[421.713s][info][gc,marking     ] GC(945) Concurrent Preclean 0.070ms
[421.713s][info][gc,start       ] GC(945) Pause Remark
[421.714s][info][gc             ] GC(945) Pause Remark 851M->454M(1024M) 1.205ms
[421.714s][info][gc,cpu         ] GC(945) User=0.00s Sys=0.00s Real=0.00s
[421.714s][info][gc,marking     ] GC(945) Concurrent Mark 18.620ms
[421.714s][info][gc,marking     ] GC(945) Concurrent Rebuild Remembered Sets and Scrub Regions
[421.743s][info][gc,start       ] GC(946) Pause Young (Normal) (G1 Evacuation Pause)
[421.743s][info][gc,task        ] GC(946) Using 6 workers of 6 for evacuation
[421.786s][info][gc,phases      ] GC(946)   Pre Evacuate Collection Set: 0.1ms
[421.786s][info][gc,phases      ] GC(946)   Merge Heap Roots: 0.7ms
[421.786s][info][gc,phases      ] GC(946)   Evacuate Collection Set: 41.4ms
[421.786s][info][gc,phases      ] GC(946)   Post Evacuate Collection Set: 0.4ms
[421.786s][info][gc,phases      ] GC(946)   Other: 0.1ms
[421.786s][info][gc,heap        ] GC(946) Eden regions: 119->0(320)
[421.786s][info][gc,heap        ] GC(946) Survivor regions: 29->19(19)
[421.786s][info][gc,heap        ] GC(946) Old regions: 356->417
[421.786s][info][gc,heap        ] GC(946) Humongous regions: 3->3
[421.786s][info][gc,metaspace   ] GC(946) Metaspace: 16613K(16960K)->16613K(16960K) NonClass: 14287K(14464K)->14287K(14464K) Class: 2325K(2496K)->2325K(2496K)
[421.786s][info][gc             ] GC(946) Pause Young (Normal) (G1 Evacuation Pause) 503M->435M(1024M) 42.875ms
[421.786s][info][gc,cpu         ] GC(946) User=0.08s Sys=0.00s Real=0.05s
[421.799s][info][gc,marking     ] GC(945) Concurrent Rebuild Remembered Sets and Scrub Regions 84.263ms
[421.799s][info][gc,start       ] GC(945) Pause Cleanup
[421.799s][info][gc             ] GC(945) Pause Cleanup 458M->458M(1024M) 0.276ms
[421.799s][info][gc,cpu         ] GC(945) User=0.00s Sys=0.00s Real=0.00s
[421.799s][info][gc,marking     ] GC(945) Concurrent Clear Claimed Marks
[421.799s][info][gc,marking     ] GC(945) Concurrent Clear Claimed Marks 0.026ms
[421.799s][info][gc,marking     ] GC(945) Concurrent Cleanup for Next Mark
[421.800s][info][gc,marking     ] GC(945) Concurrent Cleanup for Next Mark 1.364ms
[421.801s][info][gc             ] GC(945) Concurrent Mark Cycle 130.724ms
[421.976s][info][gc,start       ] GC(947) Pause Young (Prepare Mixed) (G1 Evacuation Pause)
[421.976s][info][gc,task        ] GC(947) Using 6 workers of 6 for evacuation
[422.054s][info][gc,phases      ] GC(947)   Pre Evacuate Collection Set: 0.2ms
[422.054s][info][gc,phases      ] GC(947)   Merge Heap Roots: 0.3ms
[422.054s][info][gc,phases      ] GC(947)   Evacuate Collection Set: 77.0ms
[422.054s][info][gc,phases      ] GC(947)   Post Evacuate Collection Set: 0.5ms
[422.054s][info][gc,phases      ] GC(947)   Other: 0.1ms
[422.054s][info][gc,heap        ] GC(947) Eden regions: 320->0(228)
[422.054s][info][gc,heap        ] GC(947) Survivor regions: 19->43(43)
[422.054s][info][gc,heap        ] GC(947) Old regions: 417->528
[422.054s][info][gc,heap        ] GC(947) Humongous regions: 3->3
[422.054s][info][gc,metaspace   ] GC(947) Metaspace: 16613K(16960K)->16613K(16960K) NonClass: 14287K(14464K)->14287K(14464K) Class: 2325K(2496K)->2325K(2496K)
[422.054s][info][gc             ] GC(947) Pause Young (Prepare Mixed) (G1 Evacuation Pause) 755M->570M(1024M) 78.274ms
[422.054s][info][gc,cpu         ] GC(947) User=0.39s Sys=0.00s Real=0.08s
[422.192s][info][gc,start       ] GC(948) Pause Young (Mixed) (G1 Evacuation Pause)
[422.192s][info][gc,task        ] GC(948) Using 6 workers of 6 for evacuation
[422.259s][info][gc,phases      ] GC(948)   Pre Evacuate Collection Set: 0.3ms
[422.259s][info][gc,phases      ] GC(948)   Merge Heap Roots: 0.2ms
[422.259s][info][gc,phases      ] GC(948)   Evacuate Collection Set: 66.2ms
[422.259s][info][gc,phases      ] GC(948)   Post Evacuate Collection Set: 0.4ms
[422.259s][info][gc,phases      ] GC(948)   Other: 0.1ms
[422.259s][info][gc,heap        ] GC(948) Eden regions: 228->0(228)
[422.259s][info][gc,heap        ] GC(948) Survivor regions: 43->34(34)
[422.259s][info][gc,heap        ] GC(948) Old regions: 528->531
[422.259s][info][gc,heap        ] GC(948) Humongous regions: 3->3
[422.259s][info][gc,metaspace   ] GC(948) Metaspace: 16613K(16960K)->16613K(16960K) NonClass: 14287K(14464K)->14287K(14464K) Class: 2325K(2496K)->2325K(2496K)
[422.259s][info][gc             ] GC(948) Pause Young (Mixed) (G1 Evacuation Pause) 798M->565M(1024M) 67.415ms
[422.259s][info][gc,cpu         ] GC(948) User=0.38s Sys=0.00s Real=0.06s
[422.515s][info][gc,start       ] GC(949) Pause Young (Mixed) (G1 Evacuation Pause)
[422.515s][info][gc,task        ] GC(949) Using 6 workers of 6 for evacuation
[422.601s][info][gc,phases      ] GC(949)   Pre Evacuate Collection Set: 0.2ms
[422.601s][info][gc,phases      ] GC(949)   Merge Heap Roots: 1.9ms
[422.601s][info][gc,phases      ] GC(949)   Evacuate Collection Set: 83.1ms
[422.601s][info][gc,phases      ] GC(949)   Post Evacuate Collection Set: 0.7ms
[422.601s][info][gc,phases      ] GC(949)   Other: 0.1ms
[422.601s][info][gc,heap        ] GC(949) Eden regions: 228->0(211)
[422.601s][info][gc,heap        ] GC(949) Survivor regions: 34->33(33)
[422.601s][info][gc,heap        ] GC(949) Old regions: 531->551
[422.601s][info][gc,heap        ] GC(949) Humongous regions: 6->6
[422.601s][info][gc,metaspace   ] GC(949) Metaspace: 16613K(16960K)->16613K(16960K) NonClass: 14287K(14464K)->14287K(14464K) Class: 2325K(2496K)->2325K(2496K)
[422.601s][info][gc             ] GC(949) Pause Young (Mixed) (G1 Evacuation Pause) 796M->589M(1024M) 86.338ms
[422.601s][info][gc,cpu         ] GC(949) User=0.47s Sys=0.00s Real=0.08s
[422.635s][info][gc,start       ] GC(950) Pause Young (Concurrent Start) (G1 Humongous Allocation)
[422.635s][info][gc,task        ] GC(950) Using 6 workers of 6 for evacuation
[422.691s][info][gc,phases      ] GC(950)   Pre Evacuate Collection Set: 0.2ms
[422.691s][info][gc,phases      ] GC(950)   Merge Heap Roots: 2.9ms
[422.691s][info][gc,phases      ] GC(950)   Evacuate Collection Set: 51.7ms
[422.691s][info][gc,phases      ] GC(950)   Post Evacuate Collection Set: 0.8ms
[422.691s][info][gc,phases      ] GC(950)   Other: 0.1ms
[422.691s][info][gc,heap        ] GC(950) Eden regions: 32->0(177)
[422.691s][info][gc,heap        ] GC(950) Survivor regions: 33->24(31)
[422.691s][info][gc,heap        ] GC(950) Old regions: 551->586
[422.691s][info][gc,heap        ] GC(950) Humongous regions: 6->6
[422.691s][info][gc,metaspace   ] GC(950) Metaspace: 16613K(16960K)->16613K(16960K) NonClass: 14287K(14464K)->14287K(14464K) Class: 2325K(2496K)->2325K(2496K)
[422.691s][info][gc             ] GC(950) Pause Young (Concurrent Start) (G1 Humongous Allocation) 621M->615M(1024M) 55.973ms
[422.691s][info][gc             ] GC(951) Concurrent Mark Cycle
[422.691s][info][gc,cpu         ] GC(950) User=0.28s Sys=0.00s Real=0.05s
[422.691s][info][gc,marking     ] GC(951) Concurrent Scan Root Regions
[422.707s][info][gc,marking     ] GC(951) Concurrent Scan Root Regions 16.247ms
[422.707s][info][gc,marking     ] GC(951) Concurrent Mark
[422.707s][info][gc,marking     ] GC(951) Concurrent Mark From Roots
[422.707s][info][gc,task        ] GC(951) Using 2 workers of 2 for marking
[423.017s][info][gc,marking     ] GC(951) Concurrent Mark From Roots 310.110ms
[423.017s][info][gc,marking     ] GC(951) Concurrent Preclean
[423.017s][info][gc,marking     ] GC(951) Concurrent Preclean 0.063ms
[423.018s][info][gc,start       ] GC(951) Pause Remark
[423.019s][info][gc             ] GC(951) Pause Remark 658M->527M(1024M) 1.412ms
[423.019s][info][gc,cpu         ] GC(951) User=0.00s Sys=0.00s Real=0.00s
[423.019s][info][gc,marking     ] GC(951) Concurrent Mark 311.909ms
[423.019s][info][gc,marking     ] GC(951) Concurrent Rebuild Remembered Sets and Scrub Regions
[423.113s][info][gc,marking     ] GC(951) Concurrent Rebuild Remembered Sets and Scrub Regions 93.982ms
[423.113s][info][gc,start       ] GC(951) Pause Cleanup
[423.113s][info][gc             ] GC(951) Pause Cleanup 575M->575M(1024M) 0.255ms
[423.113s][info][gc,cpu         ] GC(951) User=0.00s Sys=0.00s Real=0.00s
[423.114s][info][gc,marking     ] GC(951) Concurrent Clear Claimed Marks
[423.114s][info][gc,marking     ] GC(951) Concurrent Clear Claimed Marks 0.065ms
[423.114s][info][gc,marking     ] GC(951) Concurrent Cleanup for Next Mark
[423.115s][info][gc,marking     ] GC(951) Concurrent Cleanup for Next Mark 1.368ms
[423.115s][info][gc             ] GC(951) Concurrent Mark Cycle 424.273ms
[423.280s][info][gc,start       ] GC(952) Pause Young (Prepare Mixed) (G1 Evacuation Pause)
[423.280s][info][gc,task        ] GC(952) Using 6 workers of 6 for evacuation
[423.313s][info][gc,phases      ] GC(952)   Pre Evacuate Collection Set: 0.3ms
[423.313s][info][gc,phases      ] GC(952)   Merge Heap Roots: 1.4ms
[423.313s][info][gc,phases      ] GC(952)   Evacuate Collection Set: 30.2ms
[423.313s][info][gc,phases      ] GC(952)   Post Evacuate Collection Set: 0.4ms
[423.313s][info][gc,phases      ] GC(952)   Other: 0.1ms
[423.313s][info][gc,heap        ] GC(952) Eden regions: 177->0(256)
[423.313s][info][gc,heap        ] GC(952) Survivor regions: 24->8(26)
[423.313s][info][gc,heap        ] GC(952) Old regions: 456->479
[423.313s][info][gc,heap        ] GC(952) Humongous regions: 8->8
[423.313s][info][gc,metaspace   ] GC(952) Metaspace: 16613K(16960K)->16613K(16960K) NonClass: 14287K(14464K)->14287K(14464K) Class: 2325K(2496K)->2325K(2496K)
[423.313s][info][gc             ] GC(952) Pause Young (Prepare Mixed) (G1 Evacuation Pause) 664M->494M(1024M) 32.763ms
[423.313s][info][gc,cpu         ] GC(952) User=0.11s Sys=0.00s Real=0.03s
[423.767s][info][gc,start       ] GC(953) Pause Young (Mixed) (G1 Evacuation Pause)
[423.767s][info][gc,task        ] GC(953) Using 6 workers of 6 for evacuation
[423.771s][info][gc,phases      ] GC(953)   Pre Evacuate Collection Set: 0.3ms
[423.771s][info][gc,phases      ] GC(953)   Merge Heap Roots: 0.1ms
[423.771s][info][gc,phases      ] GC(953)   Evacuate Collection Set: 2.5ms
[423.771s][info][gc,phases      ] GC(953)   Post Evacuate Collection Set: 0.4ms
[423.771s][info][gc,phases      ] GC(953)   Other: 0.1ms
[423.771s][info][gc,heap        ] GC(953) Eden regions: 256->0(285)
[423.771s][info][gc,heap        ] GC(953) Survivor regions: 8->6(33)
[423.771s][info][gc,heap        ] GC(953) Old regions: 479->478
[423.771s][info][gc,heap        ] GC(953) Humongous regions: 8->8
[423.771s][info][gc,metaspace   ] GC(953) Metaspace: 16613K(16960K)->16613K(16960K) NonClass: 14287K(14464K)->14287K(14464K) Class: 2325K(2496K)->2325K(2496K)
[423.771s][info][gc             ] GC(953) Pause Young (Mixed) (G1 Evacuation Pause) 750M->491M(1024M) 3.586ms
[423.771s][info][gc,cpu         ] GC(953) User=0.00s Sys=0.00s Real=0.00s
[424.628s][info][gc,start       ] GC(954) Pause Full (System.gc())
[424.628s][info][gc,task        ] GC(954) Using 6 workers of 6 for full compaction
[424.628s][info][gc,phases,start] GC(954) Phase 1: Mark live objects
[424.630s][info][gc,phases      ] GC(954) Phase 1: Mark live objects 2.288ms
[424.630s][info][gc,phases,start] GC(954) Phase 2: Prepare compaction
[424.631s][info][gc,phases      ] GC(954) Phase 2: Prepare compaction 0.788ms
[424.631s][info][gc,phases,start] GC(954) Phase 3: Adjust pointers
[424.633s][info][gc,phases      ] GC(954) Phase 3: Adjust pointers 2.368ms
[424.634s][info][gc,phases,start] GC(954) Phase 4: Compact heap
[424.634s][info][gc,phases      ] GC(954) Phase 4: Compact heap 0.809ms
[424.634s][info][gc,phases,start] GC(954) Phase 5: Reset Metadata
[424.635s][info][gc,phases      ] GC(954) Phase 5: Reset Metadata 0.755ms
[424.639s][info][gc,heap        ] GC(954) Eden regions: 170->0(525)
[424.639s][info][gc,heap        ] GC(954) Survivor regions: 6->0(33)
[424.639s][info][gc,heap        ] GC(954) Old regions: 478->10
[424.639s][info][gc,heap        ] GC(954) Humongous regions: 8->2
[424.639s][info][gc,metaspace   ] GC(954) Metaspace: 16613K(16960K)->16613K(16960K) NonClass: 14287K(14464K)->14287K(14464K) Class: 2325K(2496K)->2325K(2496K)
[424.639s][info][gc             ] GC(954) Pause Full (System.gc()) 661M->5M(1024M) 11.090ms
[424.639s][info][gc,cpu         ] GC(954) User=0.02s Sys=0.00s Real=0.02s
[426.324s][info][gc,start       ] GC(955) Pause Young (Normal) (G1 Evacuation Pause)
[426.324s][info][gc,task        ] GC(955) Using 6 workers of 6 for evacuation
[426.326s][info][gc,phases      ] GC(955)   Pre Evacuate Collection Set: 0.2ms
[426.326s][info][gc,phases      ] GC(955)   Merge Heap Roots: 0.1ms
[426.326s][info][gc,phases      ] GC(955)   Evacuate Collection Set: 0.3ms
[426.326s][info][gc,phases      ] GC(955)   Post Evacuate Collection Set: 0.4ms
[426.326s][info][gc,phases      ] GC(955)   Other: 0.1ms
[426.326s][info][gc,heap        ] GC(955) Eden regions: 525->0(583)
[426.326s][info][gc,heap        ] GC(955) Survivor regions: 0->2(66)
[426.326s][info][gc,heap        ] GC(955) Old regions: 10->10
[426.326s][info][gc,heap        ] GC(955) Humongous regions: 2->2
[426.326s][info][gc,metaspace   ] GC(955) Metaspace: 16613K(16960K)->16613K(16960K) NonClass: 14287K(14464K)->14287K(14464K) Class: 2325K(2496K)->2325K(2496K)
[426.326s][info][gc             ] GC(955) Pause Young (Normal) (G1 Evacuation Pause) 530M->7M(1024M) 1.367ms
[426.326s][info][gc,cpu         ] GC(955) User=0.00s Sys=0.00s Real=0.00s
[426.419s][info][gc,start       ] GC(956) Pause Young (Normal) (G1 Evacuation Pause)
[426.419s][info][gc,task        ] GC(956) Using 6 workers of 6 for evacuation
[426.420s][info][gc,phases      ] GC(956)   Pre Evacuate Collection Set: 0.2ms
[426.420s][info][gc,phases      ] GC(956)   Merge Heap Roots: 0.1ms
[426.420s][info][gc,phases      ] GC(956)   Evacuate Collection Set: 0.3ms
[426.420s][info][gc,phases      ] GC(956)   Post Evacuate Collection Set: 0.4ms
[426.420s][info][gc,phases      ] GC(956)   Other: 0.1ms
[426.420s][info][gc,heap        ] GC(956) Eden regions: 583->0(613)
[426.420s][info][gc,heap        ] GC(956) Survivor regions: 2->1(74)
[426.420s][info][gc,heap        ] GC(956) Old regions: 10->10
[426.420s][info][gc,heap        ] GC(956) Humongous regions: 2->2
[426.420s][info][gc,metaspace   ] GC(956) Metaspace: 16613K(16960K)->16613K(16960K) NonClass: 14287K(14464K)->14287K(14464K) Class: 2325K(2496K)->2325K(2496K)
[426.420s][info][gc             ] GC(956) Pause Young (Normal) (G1 Evacuation Pause) 590M->6M(1024M) 1.176ms
[426.420s][info][gc,cpu         ] GC(956) User=0.00s Sys=0.00s Real=0.00s
[426.519s][info][gc,start       ] GC(957) Pause Young (Concurrent Start) (G1 Evacuation Pause)
[426.519s][info][gc,task        ] GC(957) Using 6 workers of 6 for evacuation
[426.520s][info][gc,phases      ] GC(957)   Pre Evacuate Collection Set: 0.2ms
[426.520s][info][gc,phases      ] GC(957)   Merge Heap Roots: 0.1ms
[426.520s][info][gc,phases      ] GC(957)   Evacuate Collection Set: 0.4ms
[426.520s][info][gc,phases      ] GC(957)   Post Evacuate Collection Set: 0.4ms
[426.520s][info][gc,phases      ] GC(957)   Other: 0.1ms
[426.520s][info][gc,heap        ] GC(957) Eden regions: 613->0(613)
[426.520s][info][gc,heap        ] GC(957) Survivor regions: 1->1(77)
[426.520s][info][gc,heap        ] GC(957) Old regions: 10->10
[426.520s][info][gc,heap        ] GC(957) Humongous regions: 2->2
[426.520s][info][gc,metaspace   ] GC(957) Metaspace: 16613K(16960K)->16613K(16960K) NonClass: 14287K(14464K)->14287K(14464K) Class: 2325K(2496K)->2325K(2496K)
[426.520s][info][gc             ] GC(957) Pause Young (Concurrent Start) (G1 Evacuation Pause) 619M->6M(1024M) 1.329ms
[426.520s][info][gc,cpu         ] GC(957) User=0.00s Sys=0.00s Real=0.00s
[426.520s][info][gc             ] GC(958) Concurrent Mark Cycle
[426.520s][info][gc,marking     ] GC(958) Concurrent Scan Root Regions
[426.521s][info][gc,marking     ] GC(958) Concurrent Scan Root Regions 0.269ms
[426.521s][info][gc,marking     ] GC(958) Concurrent Mark
[426.521s][info][gc,marking     ] GC(958) Concurrent Mark From Roots
[426.521s][info][gc,task        ] GC(958) Using 2 workers of 2 for marking
[426.524s][info][gc,marking     ] GC(958) Concurrent Mark From Roots 3.200ms
[426.524s][info][gc,marking     ] GC(958) Concurrent Preclean
[426.524s][info][gc,marking     ] GC(958) Concurrent Preclean 0.021ms
[426.524s][info][gc,start       ] GC(958) Pause Remark
[426.525s][info][gc             ] GC(958) Pause Remark 24M->24M(1024M) 1.059ms
[426.525s][info][gc,cpu         ] GC(958) User=0.00s Sys=0.00s Real=0.00s
[426.525s][info][gc,marking     ] GC(958) Concurrent Mark 4.554ms
[426.525s][info][gc,marking     ] GC(958) Concurrent Rebuild Remembered Sets and Scrub Regions
[426.526s][info][gc,marking     ] GC(958) Concurrent Rebuild Remembered Sets and Scrub Regions 0.983ms
[426.526s][info][gc,start       ] GC(958) Pause Cleanup
[426.527s][info][gc             ] GC(958) Pause Cleanup 28M->28M(1024M) 0.116ms
[426.527s][info][gc,cpu         ] GC(958) User=0.00s Sys=0.00s Real=0.00s
[426.527s][info][gc,marking     ] GC(958) Concurrent Clear Claimed Marks
[426.527s][info][gc,marking     ] GC(958) Concurrent Clear Claimed Marks 0.027ms
[426.527s][info][gc,marking     ] GC(958) Concurrent Cleanup for Next Mark
[426.529s][info][gc,marking     ] GC(958) Concurrent Cleanup for Next Mark 2.413ms
[426.529s][info][gc             ] GC(958) Concurrent Mark Cycle 8.750ms
[426.619s][info][gc,start       ] GC(959) Pause Young (Prepare Mixed) (G1 Evacuation Pause)
[426.619s][info][gc,task        ] GC(959) Using 6 workers of 6 for evacuation
[426.620s][info][gc,phases      ] GC(959)   Pre Evacuate Collection Set: 0.2ms
[426.620s][info][gc,phases      ] GC(959)   Merge Heap Roots: 0.1ms
[426.620s][info][gc,phases      ] GC(959)   Evacuate Collection Set: 0.3ms
[426.620s][info][gc,phases      ] GC(959)   Post Evacuate Collection Set: 0.4ms
[426.620s][info][gc,phases      ] GC(959)   Other: 0.1ms
[426.620s][info][gc,heap        ] GC(959) Eden regions: 613->0(613)
[426.620s][info][gc,heap        ] GC(959) Survivor regions: 1->1(77)
[426.621s][info][gc,heap        ] GC(959) Old regions: 9->9
[426.621s][info][gc,heap        ] GC(959) Humongous regions: 2->2
[426.621s][info][gc,metaspace   ] GC(959) Metaspace: 16613K(16960K)->16613K(16960K) NonClass: 14287K(14464K)->14287K(14464K) Class: 2325K(2496K)->2325K(2496K)
[426.621s][info][gc             ] GC(959) Pause Young (Prepare Mixed) (G1 Evacuation Pause) 619M->6M(1024M) 1.219ms
[426.621s][info][gc,cpu         ] GC(959) User=0.00s Sys=0.00s Real=0.00s
[426.745s][info][gc,start       ] GC(960) Pause Young (Mixed) (G1 Evacuation Pause)
[426.745s][info][gc,task        ] GC(960) Using 6 workers of 6 for evacuation
[426.767s][info][gc,phases      ] GC(960)   Pre Evacuate Collection Set: 0.1ms
[426.767s][info][gc,phases      ] GC(960)   Merge Heap Roots: 0.1ms
[426.767s][info][gc,phases      ] GC(960)   Evacuate Collection Set: 21.7ms
[426.767s][info][gc,phases      ] GC(960)   Post Evacuate Collection Set: 0.5ms
[426.767s][info][gc,phases      ] GC(960)   Other: 0.1ms
[426.767s][info][gc,heap        ] GC(960) Eden regions: 613->0(563)
[426.767s][info][gc,heap        ] GC(960) Survivor regions: 1->51(77)
[426.767s][info][gc,heap        ] GC(960) Old regions: 9->9
[426.767s][info][gc,heap        ] GC(960) Humongous regions: 3->3
[426.767s][info][gc,metaspace   ] GC(960) Metaspace: 16613K(16960K)->16613K(16960K) NonClass: 14287K(14464K)->14287K(14464K) Class: 2325K(2496K)->2325K(2496K)
[426.767s][info][gc             ] GC(960) Pause Young (Mixed) (G1 Evacuation Pause) 620M->57M(1024M) 22.702ms
[426.767s][info][gc,cpu         ] GC(960) User=0.02s Sys=0.00s Real=0.02s
[427.215s][info][gc,start       ] GC(961) Pause Young (Concurrent Start) (G1 Evacuation Pause)
[427.215s][info][gc,task        ] GC(961) Using 6 workers of 6 for evacuation
[427.412s][info][gc,phases      ] GC(961)   Pre Evacuate Collection Set: 0.2ms
[427.412s][info][gc,phases      ] GC(961)   Merge Heap Roots: 0.1ms
[427.412s][info][gc,phases      ] GC(961)   Evacuate Collection Set: 188.8ms
[427.412s][info][gc,phases      ] GC(961)   Post Evacuate Collection Set: 8.3ms
[427.412s][info][gc,phases      ] GC(961)   Other: 0.1ms
[427.412s][info][gc,heap        ] GC(961) Eden regions: 563->0(0)
[427.412s][info][gc,heap        ] GC(961) Survivor regions: 51->77(77)
[427.412s][info][gc,heap        ] GC(961) Old regions: 9->892
[427.412s][info][gc,heap        ] GC(961) Humongous regions: 3->3
[427.412s][info][gc,metaspace   ] GC(961) Metaspace: 16613K(16960K)->16613K(16960K) NonClass: 14287K(14464K)->14287K(14464K) Class: 2325K(2496K)->2325K(2496K)
[427.412s][info][gc             ] GC(961) Pause Young (Concurrent Start) (G1 Evacuation Pause) (Evacuation Failure) 620M->967M(1024M) 197.603ms
[427.413s][info][gc,cpu         ] GC(961) User=1.11s Sys=0.00s Real=0.19s
[427.413s][info][gc             ] GC(962) Concurrent Mark Cycle
[427.413s][info][gc,ergo        ] Attempting full compaction
[427.413s][info][gc,marking     ] GC(962) Concurrent Scan Root Regions
[427.413s][info][gc,start       ] GC(963) Pause Full (G1 Compaction Pause)
[427.413s][info][gc,task        ] GC(963) Using 6 workers of 6 for full compaction
[427.413s][info][gc,marking     ] GC(962) Concurrent Scan Root Regions 0.876ms
[427.413s][info][gc,marking     ] GC(962) Concurrent Mark
[427.413s][info][gc,marking     ] GC(962) Concurrent Mark From Roots
[427.413s][info][gc,task        ] GC(962) Using 2 workers of 2 for marking
[427.415s][info][gc,phases,start] GC(963) Phase 1: Mark live objects
[427.514s][info][gc,phases      ] GC(963) Phase 1: Mark live objects 99.108ms
[427.514s][info][gc,phases,start] GC(963) Phase 2: Prepare compaction
[427.522s][info][gc,phases      ] GC(963) Phase 2: Prepare compaction 7.762ms
[427.522s][info][gc,phases,start] GC(963) Phase 3: Adjust pointers
[427.549s][info][gc,phases      ] GC(963) Phase 3: Adjust pointers 27.118ms
[427.549s][info][gc,phases,start] GC(963) Phase 4: Compact heap
[427.555s][info][gc,phases      ] GC(963) Phase 4: Compact heap 5.849ms
[427.555s][info][gc,phases,start] GC(963) Phase 5: Reset Metadata
[427.569s][info][gc,phases      ] GC(963) Phase 5: Reset Metadata 13.614ms
[427.574s][info][gc,heap        ] GC(963) Eden regions: 0->0(317)
[427.574s][info][gc,heap        ] GC(963) Survivor regions: 77->0(77)
[427.574s][info][gc,heap        ] GC(963) Old regions: 892->427
[427.574s][info][gc,heap        ] GC(963) Humongous regions: 3->3
[427.574s][info][gc,metaspace   ] GC(963) Metaspace: 16613K(16960K)->16613K(16960K) NonClass: 14287K(14464K)->14287K(14464K) Class: 2325K(2496K)->2325K(2496K)
[427.574s][info][gc             ] GC(963) Pause Full (G1 Compaction Pause) 967M->427M(1024M) 161.785ms
[427.574s][info][gc,cpu         ] GC(963) User=0.66s Sys=0.00s Real=0.17s
[427.574s][info][gc,marking     ] GC(962) Concurrent Mark From Roots 161.014ms
[427.575s][info][gc,marking     ] GC(962) Concurrent Mark Abort
[427.575s][info][gc             ] GC(962) Concurrent Mark Cycle 162.023ms
[427.578s][info][gc,start       ] GC(964) Pause Young (Concurrent Start) (G1 Humongous Allocation)
[427.578s][info][gc,task        ] GC(964) Using 6 workers of 6 for evacuation
[427.579s][info][gc,phases      ] GC(964)   Pre Evacuate Collection Set: 0.1ms
[427.580s][info][gc,phases      ] GC(964)   Merge Heap Roots: 0.0ms
[427.580s][info][gc,phases      ] GC(964)   Evacuate Collection Set: 1.0ms
[427.580s][info][gc,phases      ] GC(964)   Post Evacuate Collection Set: 0.2ms
[427.580s][info][gc,phases      ] GC(964)   Other: 0.1ms
[427.580s][info][gc,heap        ] GC(964) Eden regions: 4->0(302)
[427.580s][info][gc,heap        ] GC(964) Survivor regions: 0->3(40)
[427.580s][info][gc,heap        ] GC(964) Old regions: 427->427
[427.580s][info][gc,heap        ] GC(964) Humongous regions: 3->3
[427.580s][info][gc,metaspace   ] GC(964) Metaspace: 16613K(16960K)->16613K(16960K) NonClass: 14287K(14464K)->14287K(14464K) Class: 2325K(2496K)->2325K(2496K)
[427.580s][info][gc             ] GC(964) Pause Young (Concurrent Start) (G1 Humongous Allocation) 431M->430M(1024M) 1.587ms
[427.580s][info][gc             ] GC(965) Concurrent Mark Cycle
[427.580s][info][gc,cpu         ] GC(964) User=0.00s Sys=0.00s Real=0.00s
[427.580s][info][gc,marking     ] GC(965) Concurrent Scan Root Regions
[427.581s][info][gc,marking     ] GC(965) Concurrent Scan Root Regions 1.001ms
[427.581s][info][gc,marking     ] GC(965) Concurrent Mark
[427.581s][info][gc,marking     ] GC(965) Concurrent Mark From Roots
[427.581s][info][gc,task        ] GC(965) Using 2 workers of 2 for marking
[427.954s][info][gc,marking     ] GC(965) Concurrent Mark From Roots 373.282ms
[427.954s][info][gc,marking     ] GC(965) Concurrent Preclean
[427.954s][info][gc,marking     ] GC(965) Concurrent Preclean 0.037ms
[427.954s][info][gc,start       ] GC(965) Pause Remark
[427.955s][info][gc             ] GC(965) Pause Remark 521M->521M(1024M) 1.036ms
[427.955s][info][gc,cpu         ] GC(965) User=0.00s Sys=0.00s Real=0.00s
[427.955s][info][gc,marking     ] GC(965) Concurrent Mark 374.569ms
[427.955s][info][gc,marking     ] GC(965) Concurrent Rebuild Remembered Sets and Scrub Regions
[428.039s][info][gc,marking     ] GC(965) Concurrent Rebuild Remembered Sets and Scrub Regions 84.034ms
[428.039s][info][gc,start       ] GC(965) Pause Cleanup
[428.040s][info][gc             ] GC(965) Pause Cleanup 521M->521M(1024M) 0.187ms
[428.040s][info][gc,cpu         ] GC(965) User=0.00s Sys=0.00s Real=0.00s
[428.040s][info][gc,marking     ] GC(965) Concurrent Clear Claimed Marks
[428.040s][info][gc,marking     ] GC(965) Concurrent Clear Claimed Marks 0.033ms
[428.040s][info][gc,marking     ] GC(965) Concurrent Cleanup for Next Mark
[428.041s][info][gc,marking     ] GC(965) Concurrent Cleanup for Next Mark 1.556ms
[428.041s][info][gc             ] GC(965) Concurrent Mark Cycle 461.722ms
[430.852s][info][gc,start       ] GC(966) Pause Young (Prepare Mixed) (G1 Evacuation Pause)
[430.852s][info][gc,task        ] GC(966) Using 6 workers of 6 for evacuation
[430.927s][info][gc,phases      ] GC(966)   Pre Evacuate Collection Set: 0.3ms
[430.927s][info][gc,phases      ] GC(966)   Merge Heap Roots: 1.4ms
[430.927s][info][gc,phases      ] GC(966)   Evacuate Collection Set: 71.8ms
[430.927s][info][gc,phases      ] GC(966)   Post Evacuate Collection Set: 0.9ms
[430.927s][info][gc,phases      ] GC(966)   Other: 0.1ms
[430.927s][info][gc,heap        ] GC(966) Eden regions: 302->0(247)
[430.927s][info][gc,heap        ] GC(966) Survivor regions: 3->39(39)
[430.927s][info][gc,heap        ] GC(966) Old regions: 427->489
[430.927s][info][gc,heap        ] GC(966) Humongous regions: 4->4
[430.927s][info][gc,metaspace   ] GC(966) Metaspace: 16613K(16960K)->16613K(16960K) NonClass: 14287K(14464K)->14287K(14464K) Class: 2325K(2496K)->2325K(2496K)
[430.927s][info][gc             ] GC(966) Pause Young (Prepare Mixed) (G1 Evacuation Pause) 733M->529M(1024M) 74.804ms
[430.927s][info][gc,cpu         ] GC(966) User=0.39s Sys=0.00s Real=0.08s
[431.069s][info][gc,start       ] GC(967) Pause Young (Mixed) (G1 Evacuation Pause)
[431.069s][info][gc,task        ] GC(967) Using 6 workers of 6 for evacuation
[431.147s][info][gc,phases      ] GC(967)   Pre Evacuate Collection Set: 0.3ms
[431.147s][info][gc,phases      ] GC(967)   Merge Heap Roots: 1.1ms
[431.147s][info][gc,phases      ] GC(967)   Evacuate Collection Set: 76.3ms
[431.147s][info][gc,phases      ] GC(967)   Post Evacuate Collection Set: 0.4ms
[431.147s][info][gc,phases      ] GC(967)   Other: 0.1ms
[431.147s][info][gc,heap        ] GC(967) Eden regions: 247->0(188)
[431.147s][info][gc,heap        ] GC(967) Survivor regions: 39->36(36)
[431.147s][info][gc,heap        ] GC(967) Old regions: 489->597
[431.147s][info][gc,heap        ] GC(967) Humongous regions: 4->4
[431.147s][info][gc,metaspace   ] GC(967) Metaspace: 16613K(16960K)->16613K(16960K) NonClass: 14287K(14464K)->14287K(14464K) Class: 2325K(2496K)->2325K(2496K)
[431.147s][info][gc             ] GC(967) Pause Young (Mixed) (G1 Evacuation Pause) 776M->634M(1024M) 78.492ms
[431.147s][info][gc,cpu         ] GC(967) User=0.39s Sys=0.00s Real=0.08s
[431.258s][info][gc,start       ] GC(968) Pause Young (Concurrent Start) (G1 Evacuation Pause)
[431.258s][info][gc,task        ] GC(968) Using 6 workers of 6 for evacuation
[431.314s][info][gc,phases      ] GC(968)   Pre Evacuate Collection Set: 0.4ms
[431.314s][info][gc,phases      ] GC(968)   Merge Heap Roots: 0.1ms
[431.314s][info][gc,phases      ] GC(968)   Evacuate Collection Set: 54.3ms
[431.314s][info][gc,phases      ] GC(968)   Post Evacuate Collection Set: 0.4ms
[431.314s][info][gc,phases      ] GC(968)   Other: 0.2ms
[431.314s][info][gc,heap        ] GC(968) Eden regions: 188->0(148)
[431.314s][info][gc,heap        ] GC(968) Survivor regions: 36->28(28)
[431.314s][info][gc,heap        ] GC(968) Old regions: 597->685
[431.314s][info][gc,heap        ] GC(968) Humongous regions: 4->4
[431.314s][info][gc,metaspace   ] GC(968) Metaspace: 16613K(16960K)->16613K(16960K) NonClass: 14287K(14464K)->14287K(14464K) Class: 2325K(2496K)->2325K(2496K)
[431.314s][info][gc             ] GC(968) Pause Young (Concurrent Start) (G1 Evacuation Pause) 822M->715M(1024M) 55.593ms
[431.314s][info][gc             ] GC(969) Concurrent Mark Cycle
[431.314s][info][gc,cpu         ] GC(968) User=0.28s Sys=0.00s Real=0.05s
[431.314s][info][gc,marking     ] GC(969) Concurrent Scan Root Regions
[431.342s][info][gc,marking     ] GC(969) Concurrent Scan Root Regions 28.502ms
[431.342s][info][gc,marking     ] GC(969) Concurrent Mark
[431.342s][info][gc,marking     ] GC(969) Concurrent Mark From Roots
[431.342s][info][gc,task        ] GC(969) Using 2 workers of 2 for marking
[431.416s][info][gc,start       ] GC(970) Pause Young (Normal) (G1 Evacuation Pause)
[431.416s][info][gc,task        ] GC(970) Using 6 workers of 6 for evacuation
[431.459s][info][gc,phases      ] GC(970)   Pre Evacuate Collection Set: 0.2ms
[431.459s][info][gc,phases      ] GC(970)   Merge Heap Roots: 0.1ms
[431.459s][info][gc,phases      ] GC(970)   Evacuate Collection Set: 42.7ms
[431.459s][info][gc,phases      ] GC(970)   Post Evacuate Collection Set: 0.4ms
[431.459s][info][gc,phases      ] GC(970)   Other: 0.1ms
[431.459s][info][gc,heap        ] GC(970) Eden regions: 148->0(117)
[431.459s][info][gc,heap        ] GC(970) Survivor regions: 28->22(22)
[431.460s][info][gc,heap        ] GC(970) Old regions: 685->755
[431.460s][info][gc,heap        ] GC(970) Humongous regions: 4->4
[431.460s][info][gc,metaspace   ] GC(970) Metaspace: 16613K(16960K)->16613K(16960K) NonClass: 14287K(14464K)->14287K(14464K) Class: 2325K(2496K)->2325K(2496K)
[431.460s][info][gc             ] GC(970) Pause Young (Normal) (G1 Evacuation Pause) 863M->779M(1024M) 43.607ms
[431.460s][info][gc,cpu         ] GC(970) User=0.11s Sys=0.00s Real=0.05s
[431.500s][info][gc,marking     ] GC(969) Concurrent Mark From Roots 158.076ms
[431.501s][info][gc,marking     ] GC(969) Concurrent Preclean
[431.501s][info][gc,marking     ] GC(969) Concurrent Preclean 0.063ms
[431.501s][info][gc,start       ] GC(969) Pause Remark
[431.502s][info][gc             ] GC(969) Pause Remark 840M->421M(1024M) 1.404ms
[431.502s][info][gc,cpu         ] GC(969) User=0.00s Sys=0.00s Real=0.00s
[431.502s][info][gc,marking     ] GC(969) Concurrent Mark 159.781ms
[431.502s][info][gc,marking     ] GC(969) Concurrent Rebuild Remembered Sets and Scrub Regions
[431.539s][info][gc,start       ] GC(971) Pause Young (Normal) (G1 Evacuation Pause)
[431.539s][info][gc,task        ] GC(971) Using 6 workers of 6 for evacuation
[431.575s][info][gc,phases      ] GC(971)   Pre Evacuate Collection Set: 0.2ms
[431.575s][info][gc,phases      ] GC(971)   Merge Heap Roots: 0.1ms
[431.575s][info][gc,phases      ] GC(971)   Evacuate Collection Set: 34.9ms
[431.575s][info][gc,phases      ] GC(971)   Post Evacuate Collection Set: 0.6ms
[431.575s][info][gc,phases      ] GC(971)   Other: 0.1ms
[431.575s][info][gc,heap        ] GC(971) Eden regions: 117->0(309)
[431.575s][info][gc,heap        ] GC(971) Survivor regions: 22->18(18)
[431.575s][info][gc,heap        ] GC(971) Old regions: 337->393
[431.575s][info][gc,heap        ] GC(971) Humongous regions: 2->2
[431.575s][info][gc,metaspace   ] GC(971) Metaspace: 16613K(16960K)->16613K(16960K) NonClass: 14287K(14464K)->14287K(14464K) Class: 2325K(2496K)->2325K(2496K)
[431.575s][info][gc             ] GC(971) Pause Young (Normal) (G1 Evacuation Pause) 477M->412M(1024M) 36.068ms
[431.575s][info][gc,cpu         ] GC(971) User=0.12s Sys=0.00s Real=0.03s
[431.647s][info][gc,marking     ] GC(969) Concurrent Rebuild Remembered Sets and Scrub Regions 144.757ms
[431.647s][info][gc,start       ] GC(969) Pause Cleanup
[431.647s][info][gc             ] GC(969) Pause Cleanup 493M->493M(1024M) 0.256ms
[431.647s][info][gc,cpu         ] GC(969) User=0.00s Sys=0.00s Real=0.00s
[431.647s][info][gc,marking     ] GC(969) Concurrent Clear Claimed Marks
[431.647s][info][gc,marking     ] GC(969) Concurrent Clear Claimed Marks 0.020ms
[431.647s][info][gc,marking     ] GC(969) Concurrent Cleanup for Next Mark
[431.649s][info][gc,marking     ] GC(969) Concurrent Cleanup for Next Mark 1.442ms
[431.649s][info][gc             ] GC(969) Concurrent Mark Cycle 335.093ms
[432.213s][info][gc,start       ] GC(972) Pause Young (Prepare Mixed) (G1 Evacuation Pause)
[432.213s][info][gc,task        ] GC(972) Using 6 workers of 6 for evacuation
[432.287s][info][gc,phases      ] GC(972)   Pre Evacuate Collection Set: 0.4ms
[432.287s][info][gc,phases      ] GC(972)   Merge Heap Roots: 2.6ms
[432.287s][info][gc,phases      ] GC(972)   Evacuate Collection Set: 70.5ms
[432.287s][info][gc,phases      ] GC(972)   Post Evacuate Collection Set: 0.9ms
[432.287s][info][gc,phases      ] GC(972)   Other: 0.1ms
[432.287s][info][gc,heap        ] GC(972) Eden regions: 309->0(281)
[432.287s][info][gc,heap        ] GC(972) Survivor regions: 18->41(41)
[432.287s][info][gc,heap        ] GC(972) Old regions: 393->434
[432.287s][info][gc,heap        ] GC(972) Humongous regions: 8->8
[432.287s][info][gc,metaspace   ] GC(972) Metaspace: 16613K(16960K)->16613K(16960K) NonClass: 14287K(14464K)->14287K(14464K) Class: 2325K(2496K)->2325K(2496K)
[432.287s][info][gc             ] GC(972) Pause Young (Prepare Mixed) (G1 Evacuation Pause) 727M->482M(1024M) 74.659ms
[432.287s][info][gc,cpu         ] GC(972) User=0.38s Sys=0.00s Real=0.06s
[432.787s][info][gc,start       ] GC(973) Pause Young (Mixed) (G1 Evacuation Pause)
[432.787s][info][gc,task        ] GC(973) Using 6 workers of 6 for evacuation
[432.817s][info][gc,phases      ] GC(973)   Pre Evacuate Collection Set: 0.4ms
[432.817s][info][gc,phases      ] GC(973)   Merge Heap Roots: 1.0ms
[432.817s][info][gc,phases      ] GC(973)   Evacuate Collection Set: 28.0ms
[432.817s][info][gc,phases      ] GC(973)   Post Evacuate Collection Set: 0.6ms
[432.817s][info][gc,phases      ] GC(973)   Other: 0.1ms
[432.817s][info][gc,heap        ] GC(973) Eden regions: 281->0(316)
[432.817s][info][gc,heap        ] GC(973) Survivor regions: 41->3(41)
[432.817s][info][gc,heap        ] GC(973) Old regions: 434->457
[432.817s][info][gc,heap        ] GC(973) Humongous regions: 8->8
[432.817s][info][gc,metaspace   ] GC(973) Metaspace: 16613K(16960K)->16613K(16960K) NonClass: 14287K(14464K)->14287K(14464K) Class: 2325K(2496K)->2325K(2496K)
[432.817s][info][gc             ] GC(973) Pause Young (Mixed) (G1 Evacuation Pause) 763M->467M(1024M) 30.353ms
[432.817s][info][gc,cpu         ] GC(973) User=0.16s Sys=0.00s Real=0.03s
[433.615s][info][gc,start       ] GC(974) Pause Full (System.gc())
[433.615s][info][gc,task        ] GC(974) Using 6 workers of 6 for full compaction
[433.615s][info][gc,phases,start] GC(974) Phase 1: Mark live objects
[433.617s][info][gc,phases      ] GC(974) Phase 1: Mark live objects 2.344ms
[433.618s][info][gc,phases,start] GC(974) Phase 2: Prepare compaction
[433.618s][info][gc,phases      ] GC(974) Phase 2: Prepare compaction 0.763ms
[433.618s][info][gc,phases,start] GC(974) Phase 3: Adjust pointers
[433.620s][info][gc,phases      ] GC(974) Phase 3: Adjust pointers 2.086ms
[433.620s][info][gc,phases,start] GC(974) Phase 4: Compact heap
[433.621s][info][gc,phases      ] GC(974) Phase 4: Compact heap 0.662ms
[433.621s][info][gc,phases,start] GC(974) Phase 5: Reset Metadata
[433.622s][info][gc,phases      ] GC(974) Phase 5: Reset Metadata 0.716ms
[433.626s][info][gc,heap        ] GC(974) Eden regions: 147->0(556)
[433.626s][info][gc,heap        ] GC(974) Survivor regions: 3->0(41)
[433.626s][info][gc,heap        ] GC(974) Old regions: 457->9
[433.626s][info][gc,heap        ] GC(974) Humongous regions: 8->2
[433.626s][info][gc,metaspace   ] GC(974) Metaspace: 16613K(16960K)->16613K(16960K) NonClass: 14287K(14464K)->14287K(14464K) Class: 2325K(2496K)->2325K(2496K)
[433.626s][info][gc             ] GC(974) Pause Full (System.gc()) 613M->5M(1024M) 10.944ms
[433.626s][info][gc,cpu         ] GC(974) User=0.00s Sys=0.00s Real=0.00s
[434.841s][info][gc,start       ] GC(975) Pause Young (Concurrent Start) (G1 Evacuation Pause)
[434.841s][info][gc,task        ] GC(975) Using 6 workers of 6 for evacuation
[434.843s][info][gc,phases      ] GC(975)   Pre Evacuate Collection Set: 0.2ms
[434.843s][info][gc,phases      ] GC(975)   Merge Heap Roots: 0.1ms
[434.843s][info][gc,phases      ] GC(975)   Evacuate Collection Set: 0.5ms
[434.843s][info][gc,phases      ] GC(975)   Post Evacuate Collection Set: 0.4ms
[434.843s][info][gc,phases      ] GC(975)   Other: 0.1ms
[434.843s][info][gc,heap        ] GC(975) Eden regions: 556->0(611)
[434.843s][info][gc,heap        ] GC(975) Survivor regions: 0->2(70)
[434.843s][info][gc,heap        ] GC(975) Old regions: 9->9
[434.843s][info][gc,heap        ] GC(975) Humongous regions: 2->2
[434.843s][info][gc,metaspace   ] GC(975) Metaspace: 16613K(16960K)->16613K(16960K) NonClass: 14287K(14464K)->14287K(14464K) Class: 2325K(2496K)->2325K(2496K)
[434.843s][info][gc             ] GC(975) Pause Young (Concurrent Start) (G1 Evacuation Pause) 561M->7M(1024M) 1.600ms
[434.843s][info][gc             ] GC(976) Concurrent Mark Cycle
[434.843s][info][gc,cpu         ] GC(975) User=0.02s Sys=0.00s Real=0.02s
[434.843s][info][gc,marking     ] GC(976) Concurrent Scan Root Regions
[434.843s][info][gc,marking     ] GC(976) Concurrent Scan Root Regions 0.170ms
[434.843s][info][gc,marking     ] GC(976) Concurrent Mark
[434.843s][info][gc,marking     ] GC(976) Concurrent Mark From Roots
[434.843s][info][gc,task        ] GC(976) Using 2 workers of 2 for marking
[434.846s][info][gc,marking     ] GC(976) Concurrent Mark From Roots 3.036ms
[434.846s][info][gc,marking     ] GC(976) Concurrent Preclean
[434.846s][info][gc,marking     ] GC(976) Concurrent Preclean 0.021ms
[434.846s][info][gc,start       ] GC(976) Pause Remark
[434.848s][info][gc             ] GC(976) Pause Remark 24M->24M(1024M) 1.115ms
[434.848s][info][gc,cpu         ] GC(976) User=0.00s Sys=0.00s Real=0.00s
[434.848s][info][gc,marking     ] GC(976) Concurrent Mark 4.448ms
[434.848s][info][gc,marking     ] GC(976) Concurrent Rebuild Remembered Sets and Scrub Regions
[434.849s][info][gc,marking     ] GC(976) Concurrent Rebuild Remembered Sets and Scrub Regions 0.994ms
[434.849s][info][gc,start       ] GC(976) Pause Cleanup
[434.849s][info][gc             ] GC(976) Pause Cleanup 30M->30M(1024M) 0.113ms
[434.849s][info][gc,cpu         ] GC(976) User=0.00s Sys=0.00s Real=0.00s
[434.849s][info][gc,marking     ] GC(976) Concurrent Clear Claimed Marks
[434.849s][info][gc,marking     ] GC(976) Concurrent Clear Claimed Marks 0.022ms
[434.849s][info][gc,marking     ] GC(976) Concurrent Cleanup for Next Mark
[434.851s][info][gc,marking     ] GC(976) Concurrent Cleanup for Next Mark 2.464ms
[434.852s][info][gc             ] GC(976) Concurrent Mark Cycle 8.559ms
[434.947s][info][gc,start       ] GC(977) Pause Young (Prepare Mixed) (G1 Evacuation Pause)
[434.947s][info][gc,task        ] GC(977) Using 6 workers of 6 for evacuation
[434.948s][info][gc,phases      ] GC(977)   Pre Evacuate Collection Set: 0.2ms
[434.948s][info][gc,phases      ] GC(977)   Merge Heap Roots: 0.1ms
[434.948s][info][gc,phases      ] GC(977)   Evacuate Collection Set: 0.3ms
[434.948s][info][gc,phases      ] GC(977)   Post Evacuate Collection Set: 0.4ms
[434.948s][info][gc,phases      ] GC(977)   Other: 0.1ms
[434.948s][info][gc,heap        ] GC(977) Eden regions: 611->0(613)
[434.948s][info][gc,heap        ] GC(977) Survivor regions: 2->1(77)
[434.948s][info][gc,heap        ] GC(977) Old regions: 9->9
[434.948s][info][gc,heap        ] GC(977) Humongous regions: 2->2
[434.948s][info][gc,metaspace   ] GC(977) Metaspace: 16613K(16960K)->16613K(16960K) NonClass: 14287K(14464K)->14287K(14464K) Class: 2325K(2496K)->2325K(2496K)
[434.948s][info][gc             ] GC(977) Pause Young (Prepare Mixed) (G1 Evacuation Pause) 618M->6M(1024M) 1.440ms
[434.948s][info][gc,cpu         ] GC(977) User=0.00s Sys=0.00s Real=0.00s
[435.044s][info][gc,start       ] GC(978) Pause Young (Mixed) (G1 Evacuation Pause)
[435.044s][info][gc,task        ] GC(978) Using 6 workers of 6 for evacuation
[435.046s][info][gc,phases      ] GC(978)   Pre Evacuate Collection Set: 0.2ms
[435.046s][info][gc,phases      ] GC(978)   Merge Heap Roots: 0.1ms
[435.046s][info][gc,phases      ] GC(978)   Evacuate Collection Set: 0.4ms
[435.046s][info][gc,phases      ] GC(978)   Post Evacuate Collection Set: 0.4ms
[435.046s][info][gc,phases      ] GC(978)   Other: 0.1ms
[435.046s][info][gc,heap        ] GC(978) Eden regions: 613->0(613)
[435.046s][info][gc,heap        ] GC(978) Survivor regions: 1->1(77)
[435.046s][info][gc,heap        ] GC(978) Old regions: 9->8
[435.046s][info][gc,heap        ] GC(978) Humongous regions: 2->2
[435.046s][info][gc,metaspace   ] GC(978) Metaspace: 16613K(16960K)->16613K(16960K) NonClass: 14287K(14464K)->14287K(14464K) Class: 2325K(2496K)->2325K(2496K)
[435.046s][info][gc             ] GC(978) Pause Young (Mixed) (G1 Evacuation Pause) 619M->6M(1024M) 1.493ms
[435.046s][info][gc,cpu         ] GC(978) User=0.00s Sys=0.00s Real=0.00s
[435.143s][info][gc,start       ] GC(979) Pause Young (Concurrent Start) (G1 Evacuation Pause)
[435.143s][info][gc,task        ] GC(979) Using 6 workers of 6 for evacuation
[435.144s][info][gc,phases      ] GC(979)   Pre Evacuate Collection Set: 0.2ms
[435.144s][info][gc,phases      ] GC(979)   Merge Heap Roots: 0.1ms
[435.144s][info][gc,phases      ] GC(979)   Evacuate Collection Set: 0.3ms
[435.144s][info][gc,phases      ] GC(979)   Post Evacuate Collection Set: 0.3ms
[435.144s][info][gc,phases      ] GC(979)   Other: 0.1ms
[435.144s][info][gc,heap        ] GC(979) Eden regions: 613->0(613)
[435.144s][info][gc,heap        ] GC(979) Survivor regions: 1->1(77)
[435.144s][info][gc,heap        ] GC(979) Old regions: 8->8
[435.144s][info][gc,heap        ] GC(979) Humongous regions: 2->2
[435.144s][info][gc,metaspace   ] GC(979) Metaspace: 16613K(16960K)->16613K(16960K) NonClass: 14287K(14464K)->14287K(14464K) Class: 2325K(2496K)->2325K(2496K)
[435.144s][info][gc             ] GC(979) Pause Young (Concurrent Start) (G1 Evacuation Pause) 619M->6M(1024M) 1.260ms
[435.144s][info][gc,cpu         ] GC(979) User=0.00s Sys=0.00s Real=0.00s
[435.144s][info][gc             ] GC(980) Concurrent Mark Cycle
[435.144s][info][gc,marking     ] GC(980) Concurrent Scan Root Regions
[435.144s][info][gc,marking     ] GC(980) Concurrent Scan Root Regions 0.260ms
[435.144s][info][gc,marking     ] GC(980) Concurrent Mark
[435.144s][info][gc,marking     ] GC(980) Concurrent Mark From Roots
[435.144s][info][gc,task        ] GC(980) Using 2 workers of 2 for marking
[435.148s][info][gc,marking     ] GC(980) Concurrent Mark From Roots 3.114ms
[435.148s][info][gc,marking     ] GC(980) Concurrent Preclean
[435.148s][info][gc,marking     ] GC(980) Concurrent Preclean 0.020ms
[435.148s][info][gc,start       ] GC(980) Pause Remark
[435.149s][info][gc             ] GC(980) Pause Remark 24M->24M(1024M) 1.034ms
[435.149s][info][gc,cpu         ] GC(980) User=0.00s Sys=0.00s Real=0.00s
[435.149s][info][gc,marking     ] GC(980) Concurrent Mark 4.433ms
[435.149s][info][gc,marking     ] GC(980) Concurrent Rebuild Remembered Sets and Scrub Regions
[435.150s][info][gc,marking     ] GC(980) Concurrent Rebuild Remembered Sets and Scrub Regions 0.981ms
[435.150s][info][gc,start       ] GC(980) Pause Cleanup
[435.150s][info][gc             ] GC(980) Pause Cleanup 28M->28M(1024M) 0.112ms
[435.150s][info][gc,cpu         ] GC(980) User=0.00s Sys=0.00s Real=0.00s
[435.150s][info][gc,marking     ] GC(980) Concurrent Clear Claimed Marks
[435.150s][info][gc,marking     ] GC(980) Concurrent Clear Claimed Marks 0.025ms
[435.150s][info][gc,marking     ] GC(980) Concurrent Cleanup for Next Mark
[435.153s][info][gc,marking     ] GC(980) Concurrent Cleanup for Next Mark 2.415ms
[435.153s][info][gc             ] GC(980) Concurrent Mark Cycle 8.597ms
[435.301s][info][gc,start       ] GC(981) Pause Young (Prepare Mixed) (G1 Evacuation Pause)
[435.301s][info][gc,task        ] GC(981) Using 6 workers of 6 for evacuation
[435.341s][info][gc,phases      ] GC(981)   Pre Evacuate Collection Set: 0.2ms
[435.341s][info][gc,phases      ] GC(981)   Merge Heap Roots: 0.1ms
[435.341s][info][gc,phases      ] GC(981)   Evacuate Collection Set: 38.5ms
[435.341s][info][gc,phases      ] GC(981)   Post Evacuate Collection Set: 0.6ms
[435.341s][info][gc,phases      ] GC(981)   Other: 0.1ms
[435.341s][info][gc,heap        ] GC(981) Eden regions: 613->0(537)
[435.341s][info][gc,heap        ] GC(981) Survivor regions: 1->77(77)
[435.341s][info][gc,heap        ] GC(981) Old regions: 8->18
[435.341s][info][gc,heap        ] GC(981) Humongous regions: 3->3
[435.341s][info][gc,metaspace   ] GC(981) Metaspace: 16613K(16960K)->16613K(16960K) NonClass: 14287K(14464K)->14287K(14464K) Class: 2325K(2496K)->2325K(2496K)
[435.341s][info][gc             ] GC(981) Pause Young (Prepare Mixed) (G1 Evacuation Pause) 620M->93M(1024M) 39.562ms
[435.341s][info][gc,cpu         ] GC(981) User=0.03s Sys=0.00s Real=0.03s
[435.828s][info][gc,start       ] GC(982) Pause Young (Mixed) (G1 Evacuation Pause)
[435.828s][info][gc,task        ] GC(982) Using 6 workers of 6 for evacuation
[436.015s][info][gc,phases      ] GC(982)   Pre Evacuate Collection Set: 0.1ms
[436.015s][info][gc,phases      ] GC(982)   Merge Heap Roots: 0.1ms
[436.015s][info][gc,phases      ] GC(982)   Evacuate Collection Set: 177.5ms
[436.015s][info][gc,phases      ] GC(982)   Post Evacuate Collection Set: 9.3ms
[436.015s][info][gc,phases      ] GC(982)   Other: 0.1ms
[436.016s][info][gc,heap        ] GC(982) Eden regions: 537->0(0)
[436.016s][info][gc,heap        ] GC(982) Survivor regions: 77->77(77)
[436.016s][info][gc,heap        ] GC(982) Old regions: 18->911
[436.016s][info][gc,heap        ] GC(982) Humongous regions: 4->4
[436.016s][info][gc,metaspace   ] GC(982) Metaspace: 16613K(16960K)->16613K(16960K) NonClass: 14287K(14464K)->14287K(14464K) Class: 2325K(2496K)->2325K(2496K)
[436.016s][info][gc             ] GC(982) Pause Young (Mixed) (G1 Evacuation Pause) (Evacuation Failure) 631M->987M(1024M) 187.409ms
[436.016s][info][gc,cpu         ] GC(982) User=1.12s Sys=0.00s Real=0.19s
[436.016s][info][gc,ergo        ] Attempting full compaction
[436.016s][info][gc,start       ] GC(983) Pause Full (G1 Compaction Pause)
[436.016s][info][gc,task        ] GC(983) Using 6 workers of 6 for full compaction
[436.016s][info][gc,phases,start] GC(983) Phase 1: Mark live objects
[436.129s][info][gc,phases      ] GC(983) Phase 1: Mark live objects 113.135ms
[436.129s][info][gc,phases,start] GC(983) Phase 2: Prepare compaction
[436.136s][info][gc,phases      ] GC(983) Phase 2: Prepare compaction 7.305ms
[436.136s][info][gc,phases,start] GC(983) Phase 3: Adjust pointers
[436.164s][info][gc,phases      ] GC(983) Phase 3: Adjust pointers 27.332ms
[436.164s][info][gc,phases,start] GC(983) Phase 4: Compact heap
[436.170s][info][gc,phases      ] GC(983) Phase 4: Compact heap 6.201ms
[436.170s][info][gc,phases,start] GC(983) Phase 5: Reset Metadata
[436.184s][info][gc,phases      ] GC(983) Phase 5: Reset Metadata 13.550ms
[436.189s][info][gc,heap        ] GC(983) Eden regions: 0->0(319)
[436.190s][info][gc,heap        ] GC(983) Survivor regions: 77->0(77)
[436.190s][info][gc,heap        ] GC(983) Old regions: 911->415
[436.190s][info][gc,heap        ] GC(983) Humongous regions: 4->4
[436.190s][info][gc,metaspace   ] GC(983) Metaspace: 16613K(16960K)->16613K(16960K) NonClass: 14287K(14464K)->14287K(14464K) Class: 2325K(2496K)->2325K(2496K)
[436.190s][info][gc             ] GC(983) Pause Full (G1 Compaction Pause) 987M->417M(1024M) 173.995ms
[436.190s][info][gc,cpu         ] GC(983) User=0.58s Sys=0.02s Real=0.17s
[438.471s][info][gc,start       ] GC(984) Pause Young (Concurrent Start) (G1 Evacuation Pause)
[438.471s][info][gc,task        ] GC(984) Using 6 workers of 6 for evacuation
[438.550s][info][gc,phases      ] GC(984)   Pre Evacuate Collection Set: 0.4ms
[438.550s][info][gc,phases      ] GC(984)   Merge Heap Roots: 1.2ms
[438.550s][info][gc,phases      ] GC(984)   Evacuate Collection Set: 76.6ms
[438.550s][info][gc,phases      ] GC(984)   Post Evacuate Collection Set: 0.7ms
[438.550s][info][gc,phases      ] GC(984)   Other: 0.1ms
[438.550s][info][gc,heap        ] GC(984) Eden regions: 319->0(246)
[438.550s][info][gc,heap        ] GC(984) Survivor regions: 0->40(40)
[438.550s][info][gc,heap        ] GC(984) Old regions: 415->492
[438.550s][info][gc,heap        ] GC(984) Humongous regions: 4->4
[438.550s][info][gc,metaspace   ] GC(984) Metaspace: 16613K(16960K)->16613K(16960K) NonClass: 14287K(14464K)->14287K(14464K) Class: 2325K(2496K)->2325K(2496K)
[438.550s][info][gc             ] GC(984) Pause Young (Concurrent Start) (G1 Evacuation Pause) 736M->533M(1024M) 79.284ms
[438.550s][info][gc             ] GC(985) Concurrent Mark Cycle
[438.550s][info][gc,cpu         ] GC(984) User=0.39s Sys=0.00s Real=0.08s
[438.550s][info][gc,marking     ] GC(985) Concurrent Scan Root Regions
[438.573s][info][gc,marking     ] GC(985) Concurrent Scan Root Regions 23.299ms
[438.573s][info][gc,marking     ] GC(985) Concurrent Mark
[438.573s][info][gc,marking     ] GC(985) Concurrent Mark From Roots
[438.573s][info][gc,task        ] GC(985) Using 2 workers of 2 for marking
[438.631s][info][gc,marking     ] GC(985) Concurrent Mark From Roots 57.523ms
[438.631s][info][gc,marking     ] GC(985) Concurrent Preclean
[438.631s][info][gc,marking     ] GC(985) Concurrent Preclean 0.039ms
[438.631s][info][gc,start       ] GC(985) Pause Remark
[438.632s][info][gc             ] GC(985) Pause Remark 665M->575M(1024M) 1.272ms
[438.632s][info][gc,cpu         ] GC(985) User=0.00s Sys=0.00s Real=0.00s
[438.632s][info][gc,marking     ] GC(985) Concurrent Mark 59.024ms
[438.632s][info][gc,marking     ] GC(985) Concurrent Rebuild Remembered Sets and Scrub Regions
[438.694s][info][gc,marking     ] GC(985) Concurrent Rebuild Remembered Sets and Scrub Regions 61.524ms
[438.694s][info][gc,start       ] GC(985) Pause Cleanup
[438.695s][info][gc             ] GC(985) Pause Cleanup 678M->678M(1024M) 0.452ms
[438.695s][info][gc,cpu         ] GC(985) User=0.00s Sys=0.00s Real=0.00s
[438.695s][info][gc,marking     ] GC(985) Concurrent Clear Claimed Marks
[438.695s][info][gc,marking     ] GC(985) Concurrent Clear Claimed Marks 0.023ms
[438.695s][info][gc,marking     ] GC(985) Concurrent Cleanup for Next Mark
[438.696s][info][gc,marking     ] GC(985) Concurrent Cleanup for Next Mark 1.583ms
[438.696s][info][gc             ] GC(985) Concurrent Mark Cycle 146.260ms
[438.702s][info][gc,start       ] GC(986) Pause Young (Prepare Mixed) (G1 Evacuation Pause)
[438.702s][info][gc,task        ] GC(986) Using 6 workers of 6 for evacuation
[438.778s][info][gc,phases      ] GC(986)   Pre Evacuate Collection Set: 0.3ms
[438.780s][info][gc,phases      ] GC(986)   Merge Heap Roots: 1.2ms
[438.780s][info][gc,phases      ] GC(986)   Evacuate Collection Set: 73.9ms
[438.780s][info][gc,phases      ] GC(986)   Post Evacuate Collection Set: 0.4ms
[438.780s][info][gc,phases      ] GC(986)   Other: 0.1ms
[438.780s][info][gc,heap        ] GC(986) Eden regions: 246->0(235)
[438.780s][info][gc,heap        ] GC(986) Survivor regions: 40->36(36)
[438.780s][info][gc,heap        ] GC(986) Old regions: 403->510
[438.780s][info][gc,heap        ] GC(986) Humongous regions: 3->3
[438.780s][info][gc,metaspace   ] GC(986) Metaspace: 16613K(16960K)->16613K(16960K) NonClass: 14287K(14464K)->14287K(14464K) Class: 2325K(2496K)->2325K(2496K)
[438.780s][info][gc             ] GC(986) Pause Young (Prepare Mixed) (G1 Evacuation Pause) 689M->546M(1024M) 78.025ms
[438.780s][info][gc,cpu         ] GC(986) User=0.36s Sys=0.00s Real=0.08s
[438.923s][info][gc,start       ] GC(987) Pause Young (Mixed) (G1 Evacuation Pause)
[438.923s][info][gc,task        ] GC(987) Using 6 workers of 6 for evacuation
[438.991s][info][gc,phases      ] GC(987)   Pre Evacuate Collection Set: 0.3ms
[438.991s][info][gc,phases      ] GC(987)   Merge Heap Roots: 0.2ms
[438.991s][info][gc,phases      ] GC(987)   Evacuate Collection Set: 66.9ms
[438.991s][info][gc,phases      ] GC(987)   Post Evacuate Collection Set: 0.5ms
[438.991s][info][gc,phases      ] GC(987)   Other: 0.1ms
[438.991s][info][gc,heap        ] GC(987) Eden regions: 235->0(235)
[438.991s][info][gc,heap        ] GC(987) Survivor regions: 36->34(34)
[438.991s][info][gc,heap        ] GC(987) Old regions: 510->509
[438.991s][info][gc,heap        ] GC(987) Humongous regions: 3->3
[438.991s][info][gc,metaspace   ] GC(987) Metaspace: 16613K(16960K)->16613K(16960K) NonClass: 14287K(14464K)->14287K(14464K) Class: 2325K(2496K)->2325K(2496K)
[438.991s][info][gc             ] GC(987) Pause Young (Mixed) (G1 Evacuation Pause) 781M->545M(1024M) 68.207ms
[438.991s][info][gc,cpu         ] GC(987) User=0.33s Sys=0.00s Real=0.08s
[439.135s][info][gc,start       ] GC(988) Pause Young (Mixed) (G1 Evacuation Pause)
[439.135s][info][gc,task        ] GC(988) Using 6 workers of 6 for evacuation
[439.200s][info][gc,phases      ] GC(988)   Pre Evacuate Collection Set: 0.4ms
[439.200s][info][gc,phases      ] GC(988)   Merge Heap Roots: 0.3ms
[439.200s][info][gc,phases      ] GC(988)   Evacuate Collection Set: 62.9ms
[439.200s][info][gc,phases      ] GC(988)   Post Evacuate Collection Set: 0.4ms
[439.200s][info][gc,phases      ] GC(988)   Other: 0.1ms
[439.200s][info][gc,heap        ] GC(988) Eden regions: 235->0(235)
[439.200s][info][gc,heap        ] GC(988) Survivor regions: 34->34(34)
[439.200s][info][gc,heap        ] GC(988) Old regions: 509->508
[439.200s][info][gc,heap        ] GC(988) Humongous regions: 3->3
[439.200s][info][gc,metaspace   ] GC(988) Metaspace: 16613K(16960K)->16613K(16960K) NonClass: 14287K(14464K)->14287K(14464K) Class: 2325K(2496K)->2325K(2496K)
[439.200s][info][gc             ] GC(988) Pause Young (Mixed) (G1 Evacuation Pause) 780M->544M(1024M) 64.403ms
[439.200s][info][gc,cpu         ] GC(988) User=0.36s Sys=0.00s Real=0.06s
[439.784s][info][gc,start       ] GC(989) Pause Young (Mixed) (G1 Evacuation Pause)
[439.784s][info][gc,task        ] GC(989) Using 6 workers of 6 for evacuation
[439.852s][info][gc,phases      ] GC(989)   Pre Evacuate Collection Set: 0.4ms
[439.852s][info][gc,phases      ] GC(989)   Merge Heap Roots: 2.2ms
[439.852s][info][gc,phases      ] GC(989)   Evacuate Collection Set: 63.5ms
[439.852s][info][gc,phases      ] GC(989)   Post Evacuate Collection Set: 1.1ms
[439.852s][info][gc,phases      ] GC(989)   Other: 0.1ms
[439.852s][info][gc,heap        ] GC(989) Eden regions: 235->0(237)
[439.852s][info][gc,heap        ] GC(989) Survivor regions: 34->34(34)
[439.852s][info][gc,heap        ] GC(989) Old regions: 508->519
[439.852s][info][gc,heap        ] GC(989) Humongous regions: 9->9
[439.852s][info][gc,metaspace   ] GC(989) Metaspace: 16613K(16960K)->16613K(16960K) NonClass: 14287K(14464K)->14287K(14464K) Class: 2325K(2496K)->2325K(2496K)
[439.852s][info][gc             ] GC(989) Pause Young (Mixed) (G1 Evacuation Pause) 785M->561M(1024M) 67.526ms
[439.852s][info][gc,cpu         ] GC(989) User=0.39s Sys=0.00s Real=0.08s
[440.278s][info][gc,start       ] GC(990) Pause Young (Concurrent Start) (G1 Evacuation Pause)
[440.278s][info][gc,task        ] GC(990) Using 6 workers of 6 for evacuation
[440.308s][info][gc,phases      ] GC(990)   Pre Evacuate Collection Set: 0.5ms
[440.308s][info][gc,phases      ] GC(990)   Merge Heap Roots: 1.2ms
[440.308s][info][gc,phases      ] GC(990)   Evacuate Collection Set: 27.0ms
[440.308s][info][gc,phases      ] GC(990)   Post Evacuate Collection Set: 0.5ms
[440.308s][info][gc,phases      ] GC(990)   Other: 0.2ms
[440.308s][info][gc,heap        ] GC(990) Eden regions: 237->0(270)
[440.308s][info][gc,heap        ] GC(990) Survivor regions: 34->3(34)
[440.308s][info][gc,heap        ] GC(990) Old regions: 519->538
[440.308s][info][gc,heap        ] GC(990) Humongous regions: 9->9
[440.308s][info][gc,metaspace   ] GC(990) Metaspace: 16613K(16960K)->16613K(16960K) NonClass: 14287K(14464K)->14287K(14464K) Class: 2325K(2496K)->2325K(2496K)
[440.308s][info][gc             ] GC(990) Pause Young (Concurrent Start) (G1 Evacuation Pause) 798M->549M(1024M) 29.591ms
[440.308s][info][gc,cpu         ] GC(990) User=0.11s Sys=0.00s Real=0.03s
[440.308s][info][gc             ] GC(991) Concurrent Mark Cycle
[440.308s][info][gc,marking     ] GC(991) Concurrent Scan Root Regions
[440.318s][info][gc,marking     ] GC(991) Concurrent Scan Root Regions 10.481ms
[440.318s][info][gc,marking     ] GC(991) Concurrent Mark
[440.318s][info][gc,marking     ] GC(991) Concurrent Mark From Roots
[440.318s][info][gc,task        ] GC(991) Using 2 workers of 2 for marking
[440.595s][info][gc,marking     ] GC(991) Concurrent Mark From Roots 276.189ms
[440.595s][info][gc,marking     ] GC(991) Concurrent Preclean
[440.595s][info][gc,marking     ] GC(991) Concurrent Preclean 0.063ms
[440.595s][info][gc,start       ] GC(991) Pause Remark
[440.596s][info][gc             ] GC(991) Pause Remark 677M->584M(1024M) 1.210ms
[440.596s][info][gc,cpu         ] GC(991) User=0.00s Sys=0.00s Real=0.00s
[440.596s][info][gc,marking     ] GC(991) Concurrent Mark 277.708ms
[440.596s][info][gc,marking     ] GC(991) Concurrent Rebuild Remembered Sets and Scrub Regions
[440.674s][info][gc,marking     ] GC(991) Concurrent Rebuild Remembered Sets and Scrub Regions 77.341ms
[440.674s][info][gc,start       ] GC(991) Pause Cleanup
[440.674s][info][gc             ] GC(991) Pause Cleanup 586M->586M(1024M) 0.300ms
[440.674s][info][gc,cpu         ] GC(991) User=0.00s Sys=0.00s Real=0.00s
[440.674s][info][gc,marking     ] GC(991) Concurrent Clear Claimed Marks
[440.674s][info][gc,marking     ] GC(991) Concurrent Clear Claimed Marks 0.049ms
[440.674s][info][gc,marking     ] GC(991) Concurrent Cleanup for Next Mark
[440.676s][info][gc,marking     ] GC(991) Concurrent Cleanup for Next Mark 1.577ms
[440.676s][info][gc             ] GC(991) Concurrent Mark Cycle 367.889ms
[441.240s][info][gc,start       ] GC(992) Pause Full (System.gc())
[441.240s][info][gc,task        ] GC(992) Using 6 workers of 6 for full compaction
[441.241s][info][gc,phases,start] GC(992) Phase 1: Mark live objects
[441.243s][info][gc,phases      ] GC(992) Phase 1: Mark live objects 2.380ms
[441.243s][info][gc,phases,start] GC(992) Phase 2: Prepare compaction
[441.244s][info][gc,phases      ] GC(992) Phase 2: Prepare compaction 0.679ms
[441.244s][info][gc,phases,start] GC(992) Phase 3: Adjust pointers
[441.246s][info][gc,phases      ] GC(992) Phase 3: Adjust pointers 2.074ms
[441.246s][info][gc,phases,start] GC(992) Phase 4: Compact heap
[441.247s][info][gc,phases      ] GC(992) Phase 4: Compact heap 0.781ms
[441.247s][info][gc,phases,start] GC(992) Phase 5: Reset Metadata
[441.248s][info][gc,phases      ] GC(992) Phase 5: Reset Metadata 0.940ms
[441.251s][info][gc,heap        ] GC(992) Eden regions: 205->0(609)
[441.251s][info][gc,heap        ] GC(992) Survivor regions: 3->0(34)
[441.251s][info][gc,heap        ] GC(992) Old regions: 449->10
[441.251s][info][gc,heap        ] GC(992) Humongous regions: 5->2
[441.251s][info][gc,metaspace   ] GC(992) Metaspace: 16613K(16960K)->16613K(16960K) NonClass: 14287K(14464K)->14287K(14464K) Class: 2325K(2496K)->2325K(2496K)
[441.251s][info][gc             ] GC(992) Pause Full (System.gc()) 661M->5M(1024M) 10.829ms
[441.251s][info][gc,cpu         ] GC(992) User=0.02s Sys=0.00s Real=0.02s
[442.399s][info][gc,start       ] GC(993) Pause Young (Concurrent Start) (G1 Evacuation Pause)
[442.399s][info][gc,task        ] GC(993) Using 6 workers of 6 for evacuation
[442.400s][info][gc,phases      ] GC(993)   Pre Evacuate Collection Set: 0.2ms
[442.400s][info][gc,phases      ] GC(993)   Merge Heap Roots: 0.1ms
[442.400s][info][gc,phases      ] GC(993)   Evacuate Collection Set: 0.4ms
[442.400s][info][gc,phases      ] GC(993)   Post Evacuate Collection Set: 0.4ms
[442.400s][info][gc,phases      ] GC(993)   Other: 0.1ms
[442.400s][info][gc,heap        ] GC(993) Eden regions: 609->0(612)
[442.400s][info][gc,heap        ] GC(993) Survivor regions: 0->2(77)
[442.400s][info][gc,heap        ] GC(993) Old regions: 10->10
[442.400s][info][gc,heap        ] GC(993) Humongous regions: 2->2
[442.400s][info][gc,metaspace   ] GC(993) Metaspace: 16613K(16960K)->16613K(16960K) NonClass: 14287K(14464K)->14287K(14464K) Class: 2325K(2496K)->2325K(2496K)
[442.400s][info][gc             ] GC(993) Pause Young (Concurrent Start) (G1 Evacuation Pause) 614M->7M(1024M) 1.386ms
[442.400s][info][gc             ] GC(994) Concurrent Mark Cycle
[442.400s][info][gc,cpu         ] GC(993) User=0.00s Sys=0.00s Real=0.00s
[442.400s][info][gc,marking     ] GC(994) Concurrent Scan Root Regions
[442.401s][info][gc,marking     ] GC(994) Concurrent Scan Root Regions 0.209ms
[442.401s][info][gc,marking     ] GC(994) Concurrent Mark
[442.401s][info][gc,marking     ] GC(994) Concurrent Mark From Roots
[442.401s][info][gc,task        ] GC(994) Using 2 workers of 2 for marking
[442.404s][info][gc,marking     ] GC(994) Concurrent Mark From Roots 3.205ms
[442.404s][info][gc,marking     ] GC(994) Concurrent Preclean
[442.404s][info][gc,marking     ] GC(994) Concurrent Preclean 0.020ms
[442.404s][info][gc,start       ] GC(994) Pause Remark
[442.405s][info][gc             ] GC(994) Pause Remark 24M->24M(1024M) 1.077ms
[442.405s][info][gc,cpu         ] GC(994) User=0.00s Sys=0.00s Real=0.00s
[442.405s][info][gc,marking     ] GC(994) Concurrent Mark 4.558ms
[442.405s][info][gc,marking     ] GC(994) Concurrent Rebuild Remembered Sets and Scrub Regions
[442.406s][info][gc,marking     ] GC(994) Concurrent Rebuild Remembered Sets and Scrub Regions 0.999ms
[442.406s][info][gc,start       ] GC(994) Pause Cleanup
[442.407s][info][gc             ] GC(994) Pause Cleanup 30M->30M(1024M) 0.115ms
[442.407s][info][gc,cpu         ] GC(994) User=0.00s Sys=0.00s Real=0.00s
[442.407s][info][gc,marking     ] GC(994) Concurrent Clear Claimed Marks
[442.407s][info][gc,marking     ] GC(994) Concurrent Clear Claimed Marks 0.027ms
[442.407s][info][gc,marking     ] GC(994) Concurrent Cleanup for Next Mark
[442.409s][info][gc,marking     ] GC(994) Concurrent Cleanup for Next Mark 2.417ms
[442.409s][info][gc             ] GC(994) Concurrent Mark Cycle 8.696ms
[442.501s][info][gc,start       ] GC(995) Pause Young (Prepare Mixed) (G1 Evacuation Pause)
[442.501s][info][gc,task        ] GC(995) Using 6 workers of 6 for evacuation
[442.502s][info][gc,phases      ] GC(995)   Pre Evacuate Collection Set: 0.2ms
[442.502s][info][gc,phases      ] GC(995)   Merge Heap Roots: 0.1ms
[442.502s][info][gc,phases      ] GC(995)   Evacuate Collection Set: 0.3ms
[442.502s][info][gc,phases      ] GC(995)   Post Evacuate Collection Set: 0.4ms
[442.502s][info][gc,phases      ] GC(995)   Other: 0.1ms
[442.502s][info][gc,heap        ] GC(995) Eden regions: 612->0(613)
[442.502s][info][gc,heap        ] GC(995) Survivor regions: 2->1(77)
[442.502s][info][gc,heap        ] GC(995) Old regions: 10->10
[442.502s][info][gc,heap        ] GC(995) Humongous regions: 2->2
[442.502s][info][gc,metaspace   ] GC(995) Metaspace: 16613K(16960K)->16613K(16960K) NonClass: 14287K(14464K)->14287K(14464K) Class: 2325K(2496K)->2325K(2496K)
[442.502s][info][gc             ] GC(995) Pause Young (Prepare Mixed) (G1 Evacuation Pause) 619M->6M(1024M) 1.277ms
[442.502s][info][gc,cpu         ] GC(995) User=0.00s Sys=0.00s Real=0.00s
[442.599s][info][gc,start       ] GC(996) Pause Young (Mixed) (G1 Evacuation Pause)
[442.599s][info][gc,task        ] GC(996) Using 6 workers of 6 for evacuation
[442.601s][info][gc,phases      ] GC(996)   Pre Evacuate Collection Set: 0.2ms
[442.601s][info][gc,phases      ] GC(996)   Merge Heap Roots: 0.1ms
[442.601s][info][gc,phases      ] GC(996)   Evacuate Collection Set: 0.3ms
[442.601s][info][gc,phases      ] GC(996)   Post Evacuate Collection Set: 0.4ms
[442.601s][info][gc,phases      ] GC(996)   Other: 0.1ms
[442.601s][info][gc,heap        ] GC(996) Eden regions: 613->0(613)
[442.601s][info][gc,heap        ] GC(996) Survivor regions: 1->1(77)
[442.601s][info][gc,heap        ] GC(996) Old regions: 10->9
[442.601s][info][gc,heap        ] GC(996) Humongous regions: 2->2
[442.601s][info][gc,metaspace   ] GC(996) Metaspace: 16613K(16960K)->16613K(16960K) NonClass: 14287K(14464K)->14287K(14464K) Class: 2325K(2496K)->2325K(2496K)
[442.601s][info][gc             ] GC(996) Pause Young (Mixed) (G1 Evacuation Pause) 619M->6M(1024M) 1.204ms
[442.601s][info][gc,cpu         ] GC(996) User=0.00s Sys=0.00s Real=0.00s
[442.698s][info][gc,start       ] GC(997) Pause Young (Concurrent Start) (G1 Evacuation Pause)
[442.698s][info][gc,task        ] GC(997) Using 6 workers of 6 for evacuation
[442.699s][info][gc,phases      ] GC(997)   Pre Evacuate Collection Set: 0.2ms
[442.699s][info][gc,phases      ] GC(997)   Merge Heap Roots: 0.1ms
[442.699s][info][gc,phases      ] GC(997)   Evacuate Collection Set: 0.4ms
[442.699s][info][gc,phases      ] GC(997)   Post Evacuate Collection Set: 0.4ms
[442.699s][info][gc,phases      ] GC(997)   Other: 0.1ms
[442.699s][info][gc,heap        ] GC(997) Eden regions: 613->0(613)
[442.699s][info][gc,heap        ] GC(997) Survivor regions: 1->1(77)
[442.699s][info][gc,heap        ] GC(997) Old regions: 9->9
[442.699s][info][gc,heap        ] GC(997) Humongous regions: 2->2
[442.699s][info][gc,metaspace   ] GC(997) Metaspace: 16613K(16960K)->16613K(16960K) NonClass: 14287K(14464K)->14287K(14464K) Class: 2325K(2496K)->2325K(2496K)
[442.699s][info][gc             ] GC(997) Pause Young (Concurrent Start) (G1 Evacuation Pause) 619M->6M(1024M) 1.343ms
[442.699s][info][gc             ] GC(998) Concurrent Mark Cycle
[442.699s][info][gc,cpu         ] GC(997) User=0.00s Sys=0.00s Real=0.00s
[442.699s][info][gc,marking     ] GC(998) Concurrent Scan Root Regions
[442.699s][info][gc,marking     ] GC(998) Concurrent Scan Root Regions 0.311ms
[442.699s][info][gc,marking     ] GC(998) Concurrent Mark
[442.699s][info][gc,marking     ] GC(998) Concurrent Mark From Roots
[442.699s][info][gc,task        ] GC(998) Using 2 workers of 2 for marking
[442.703s][info][gc,marking     ] GC(998) Concurrent Mark From Roots 3.180ms
[442.703s][info][gc,marking     ] GC(998) Concurrent Preclean
[442.703s][info][gc,marking     ] GC(998) Concurrent Preclean 0.022ms
[442.703s][info][gc,start       ] GC(998) Pause Remark
[442.704s][info][gc             ] GC(998) Pause Remark 24M->24M(1024M) 1.076ms
[442.704s][info][gc,cpu         ] GC(998) User=0.00s Sys=0.00s Real=0.00s
[442.704s][info][gc,marking     ] GC(998) Concurrent Mark 4.568ms
[442.704s][info][gc,marking     ] GC(998) Concurrent Rebuild Remembered Sets and Scrub Regions
[442.705s][info][gc,marking     ] GC(998) Concurrent Rebuild Remembered Sets and Scrub Regions 1.018ms
[442.705s][info][gc,start       ] GC(998) Pause Cleanup
[442.705s][info][gc             ] GC(998) Pause Cleanup 29M->29M(1024M) 0.113ms
[442.705s][info][gc,cpu         ] GC(998) User=0.00s Sys=0.00s Real=0.00s
[442.705s][info][gc,marking     ] GC(998) Concurrent Clear Claimed Marks
[442.705s][info][gc,marking     ] GC(998) Concurrent Clear Claimed Marks 0.025ms
[442.705s][info][gc,marking     ] GC(998) Concurrent Cleanup for Next Mark
[442.708s][info][gc,marking     ] GC(998) Concurrent Cleanup for Next Mark 2.403ms
[442.708s][info][gc             ] GC(998) Concurrent Mark Cycle 8.833ms
[442.883s][info][gc,start       ] GC(999) Pause Young (Prepare Mixed) (G1 Evacuation Pause)
[442.883s][info][gc,task        ] GC(999) Using 6 workers of 6 for evacuation
[442.937s][info][gc,phases      ] GC(999)   Pre Evacuate Collection Set: 0.2ms
[442.937s][info][gc,phases      ] GC(999)   Merge Heap Roots: 0.1ms
[442.937s][info][gc,phases      ] GC(999)   Evacuate Collection Set: 52.9ms
[442.937s][info][gc,phases      ] GC(999)   Post Evacuate Collection Set: 0.7ms
[442.937s][info][gc,phases      ] GC(999)   Other: 0.1ms
[442.937s][info][gc,heap        ] GC(999) Eden regions: 613->0(537)
[442.937s][info][gc,heap        ] GC(999) Survivor regions: 1->77(77)
[442.937s][info][gc,heap        ] GC(999) Old regions: 8->50
[442.938s][info][gc,heap        ] GC(999) Humongous regions: 3->3
[442.938s][info][gc,metaspace   ] GC(999) Metaspace: 16613K(16960K)->16613K(16960K) NonClass: 14287K(14464K)->14287K(14464K) Class: 2325K(2496K)->2325K(2496K)
[442.938s][info][gc             ] GC(999) Pause Young (Prepare Mixed) (G1 Evacuation Pause) 620M->125M(1024M) 54.247ms
[442.938s][info][gc,cpu         ] GC(999) User=0.30s Sys=0.00s Real=0.06s
[443.538s][info][gc,start       ] GC(1000) Pause Young (Mixed) (G1 Evacuation Pause)
[443.538s][info][gc,task        ] GC(1000) Using 6 workers of 6 for evacuation
[443.692s][info][gc,phases      ] GC(1000)   Pre Evacuate Collection Set: 0.2ms
[443.692s][info][gc,phases      ] GC(1000)   Merge Heap Roots: 0.4ms
[443.692s][info][gc,phases      ] GC(1000)   Evacuate Collection Set: 151.9ms
[443.692s][info][gc,phases      ] GC(1000)   Post Evacuate Collection Set: 1.0ms
[443.692s][info][gc,phases      ] GC(1000)   Other: 0.1ms
[443.692s][info][gc,heap        ] GC(1000) Eden regions: 537->0(322)
[443.692s][info][gc,heap        ] GC(1000) Survivor regions: 77->77(77)
[443.692s][info][gc,heap        ] GC(1000) Old regions: 50->341
[443.692s][info][gc,heap        ] GC(1000) Humongous regions: 4->4
[443.692s][info][gc,metaspace   ] GC(1000) Metaspace: 16613K(16960K)->16613K(16960K) NonClass: 14287K(14464K)->14287K(14464K) Class: 2325K(2496K)->2325K(2496K)
[443.692s][info][gc             ] GC(1000) Pause Young (Mixed) (G1 Evacuation Pause) (Evacuation Failure) 663M->418M(1024M) 153.831ms
[443.692s][info][gc,cpu         ] GC(1000) User=0.84s Sys=0.00s Real=0.14s
[446.470s][info][gc,start       ] GC(1001) Pause Young (Concurrent Start) (G1 Evacuation Pause)
[446.471s][info][gc,task        ] GC(1001) Using 6 workers of 6 for evacuation
[446.580s][info][gc,phases      ] GC(1001)   Pre Evacuate Collection Set: 0.4ms
[446.580s][info][gc,phases      ] GC(1001)   Merge Heap Roots: 0.8ms
[446.580s][info][gc,phases      ] GC(1001)   Evacuate Collection Set: 107.4ms
[446.580s][info][gc,phases      ] GC(1001)   Post Evacuate Collection Set: 1.0ms
[446.580s][info][gc,phases      ] GC(1001)   Other: 0.2ms
[446.580s][info][gc,heap        ] GC(1001) Eden regions: 322->0(238)
[446.580s][info][gc,heap        ] GC(1001) Survivor regions: 77->50(50)
[446.580s][info][gc,heap        ] GC(1001) Old regions: 341->499
[446.580s][info][gc,heap        ] GC(1001) Humongous regions: 4->4
[446.580s][info][gc,metaspace   ] GC(1001) Metaspace: 16613K(16960K)->16613K(16960K) NonClass: 14287K(14464K)->14287K(14464K) Class: 2325K(2496K)->2325K(2496K)
[446.580s][info][gc             ] GC(1001) Pause Young (Concurrent Start) (G1 Evacuation Pause) 740M->549M(1024M) 110.077ms
[446.581s][info][gc             ] GC(1002) Concurrent Mark Cycle
[446.581s][info][gc,cpu         ] GC(1001) User=0.58s Sys=0.00s Real=0.11s
[446.581s][info][gc,marking     ] GC(1002) Concurrent Scan Root Regions
[446.619s][info][gc,marking     ] GC(1002) Concurrent Scan Root Regions 38.397ms
[446.619s][info][gc,marking     ] GC(1002) Concurrent Mark
[446.619s][info][gc,marking     ] GC(1002) Concurrent Mark From Roots
[446.619s][info][gc,task        ] GC(1002) Using 2 workers of 2 for marking
[446.628s][info][gc,marking     ] GC(1002) Concurrent Mark From Roots 8.675ms
[446.628s][info][gc,marking     ] GC(1002) Concurrent Preclean
[446.628s][info][gc,marking     ] GC(1002) Concurrent Preclean 0.037ms
[446.628s][info][gc,start       ] GC(1002) Pause Remark
[446.629s][info][gc             ] GC(1002) Pause Remark 623M->394M(1024M) 1.033ms
[446.629s][info][gc,cpu         ] GC(1002) User=0.00s Sys=0.00s Real=0.00s
[446.629s][info][gc,marking     ] GC(1002) Concurrent Mark 9.985ms
[446.629s][info][gc,marking     ] GC(1002) Concurrent Rebuild Remembered Sets and Scrub Regions
[446.676s][info][gc,marking     ] GC(1002) Concurrent Rebuild Remembered Sets and Scrub Regions 47.011ms
[446.676s][info][gc,start       ] GC(1002) Pause Cleanup
[446.676s][info][gc             ] GC(1002) Pause Cleanup 474M->474M(1024M) 0.260ms
[446.676s][info][gc,cpu         ] GC(1002) User=0.00s Sys=0.00s Real=0.00s
[446.676s][info][gc,marking     ] GC(1002) Concurrent Clear Claimed Marks
[446.676s][info][gc,marking     ] GC(1002) Concurrent Clear Claimed Marks 0.022ms
[446.676s][info][gc,marking     ] GC(1002) Concurrent Cleanup for Next Mark
[446.678s][info][gc,marking     ] GC(1002) Concurrent Cleanup for Next Mark 1.570ms
[446.678s][info][gc             ] GC(1002) Concurrent Mark Cycle 97.532ms
[446.727s][info][gc,start       ] GC(1003) Pause Young (Prepare Mixed) (G1 Evacuation Pause)
[446.727s][info][gc,task        ] GC(1003) Using 6 workers of 6 for evacuation
[446.809s][info][gc,phases      ] GC(1003)   Pre Evacuate Collection Set: 0.3ms
[446.809s][info][gc,phases      ] GC(1003)   Merge Heap Roots: 1.0ms
[446.809s][info][gc,phases      ] GC(1003)   Evacuate Collection Set: 79.9ms
[446.809s][info][gc,phases      ] GC(1003)   Post Evacuate Collection Set: 0.4ms
[446.809s][info][gc,phases      ] GC(1003)   Other: 0.1ms
[446.809s][info][gc,heap        ] GC(1003) Eden regions: 238->0(299)
[446.809s][info][gc,heap        ] GC(1003) Survivor regions: 50->36(36)
[446.809s][info][gc,heap        ] GC(1003) Old regions: 271->386
[446.809s][info][gc,heap        ] GC(1003) Humongous regions: 3->3
[446.809s][info][gc,metaspace   ] GC(1003) Metaspace: 16613K(16960K)->16613K(16960K) NonClass: 14287K(14464K)->14287K(14464K) Class: 2325K(2496K)->2325K(2496K)
[446.809s][info][gc             ] GC(1003) Pause Young (Prepare Mixed) (G1 Evacuation Pause) 558M->421M(1024M) 82.028ms
[446.809s][info][gc,cpu         ] GC(1003) User=0.45s Sys=0.00s Real=0.07s
[446.992s][info][gc,start       ] GC(1004) Pause Young (Mixed) (G1 Evacuation Pause)
[446.993s][info][gc,task        ] GC(1004) Using 6 workers of 6 for evacuation
[447.072s][info][gc,phases      ] GC(1004)   Pre Evacuate Collection Set: 0.4ms
[447.072s][info][gc,phases      ] GC(1004)   Merge Heap Roots: 0.2ms
[447.072s][info][gc,phases      ] GC(1004)   Evacuate Collection Set: 78.6ms
[447.072s][info][gc,phases      ] GC(1004)   Post Evacuate Collection Set: 0.5ms
[447.072s][info][gc,phases      ] GC(1004)   Other: 0.1ms
[447.072s][info][gc,heap        ] GC(1004) Eden regions: 299->0(260)
[447.072s][info][gc,heap        ] GC(1004) Survivor regions: 36->42(42)
[447.072s][info][gc,heap        ] GC(1004) Old regions: 386->452
[447.072s][info][gc,heap        ] GC(1004) Humongous regions: 3->3
[447.072s][info][gc,metaspace   ] GC(1004) Metaspace: 16613K(16960K)->16613K(16960K) NonClass: 14287K(14464K)->14287K(14464K) Class: 2325K(2496K)->2325K(2496K)
[447.072s][info][gc             ] GC(1004) Pause Young (Mixed) (G1 Evacuation Pause) 720M->495M(1024M) 79.975ms
[447.072s][info][gc,cpu         ] GC(1004) User=0.45s Sys=0.00s Real=0.08s
[447.161s][info][gc,start       ] GC(1005) Pause Young (Concurrent Start) (G1 Humongous Allocation)
[447.161s][info][gc,task        ] GC(1005) Using 6 workers of 6 for evacuation
[447.212s][info][gc,phases      ] GC(1005)   Pre Evacuate Collection Set: 0.3ms
[447.212s][info][gc,phases      ] GC(1005)   Merge Heap Roots: 0.2ms
[447.212s][info][gc,phases      ] GC(1005)   Evacuate Collection Set: 49.7ms
[447.212s][info][gc,phases      ] GC(1005)   Post Evacuate Collection Set: 0.5ms
[447.212s][info][gc,phases      ] GC(1005)   Other: 0.2ms
[447.212s][info][gc,heap        ] GC(1005) Eden regions: 144->0(228)
[447.212s][info][gc,heap        ] GC(1005) Survivor regions: 42->38(38)
[447.212s][info][gc,heap        ] GC(1005) Old regions: 452->519
[447.212s][info][gc,heap        ] GC(1005) Humongous regions: 3->3
[447.212s][info][gc,metaspace   ] GC(1005) Metaspace: 16613K(16960K)->16613K(16960K) NonClass: 14287K(14464K)->14287K(14464K) Class: 2325K(2496K)->2325K(2496K)
[447.212s][info][gc             ] GC(1005) Pause Young (Concurrent Start) (G1 Humongous Allocation) 639M->558M(1024M) 51.162ms
[447.212s][info][gc,cpu         ] GC(1005) User=0.23s Sys=0.00s Real=0.05s
[447.212s][info][gc             ] GC(1006) Concurrent Mark Cycle
[447.212s][info][gc,marking     ] GC(1006) Concurrent Scan Root Regions
[447.240s][info][gc,marking     ] GC(1006) Concurrent Scan Root Regions 28.200ms
[447.241s][info][gc,marking     ] GC(1006) Concurrent Mark
[447.241s][info][gc,marking     ] GC(1006) Concurrent Mark From Roots
[447.241s][info][gc,task        ] GC(1006) Using 2 workers of 2 for marking
[447.467s][info][gc,marking     ] GC(1006) Concurrent Mark From Roots 226.686ms
[447.467s][info][gc,marking     ] GC(1006) Concurrent Preclean
[447.467s][info][gc,marking     ] GC(1006) Concurrent Preclean 0.056ms
[447.467s][info][gc,start       ] GC(1006) Pause Remark
[447.469s][info][gc             ] GC(1006) Pause Remark 630M->506M(1024M) 1.318ms
[447.469s][info][gc,cpu         ] GC(1006) User=0.00s Sys=0.00s Real=0.00s
[447.469s][info][gc,marking     ] GC(1006) Concurrent Mark 228.320ms
[447.469s][info][gc,marking     ] GC(1006) Concurrent Rebuild Remembered Sets and Scrub Regions
[447.559s][info][gc,marking     ] GC(1006) Concurrent Rebuild Remembered Sets and Scrub Regions 90.481ms
[447.559s][info][gc,start       ] GC(1006) Pause Cleanup
[447.560s][info][gc             ] GC(1006) Pause Cleanup 514M->514M(1024M) 0.202ms
[447.560s][info][gc,cpu         ] GC(1006) User=0.00s Sys=0.00s Real=0.00s
[447.560s][info][gc,marking     ] GC(1006) Concurrent Clear Claimed Marks
[447.560s][info][gc,marking     ] GC(1006) Concurrent Clear Claimed Marks 0.024ms
[447.560s][info][gc,marking     ] GC(1006) Concurrent Cleanup for Next Mark
[447.561s][info][gc,marking     ] GC(1006) Concurrent Cleanup for Next Mark 1.335ms
[447.561s][info][gc             ] GC(1006) Concurrent Mark Cycle 348.891ms
[447.860s][info][gc,start       ] GC(1007) Pause Young (Prepare Mixed) (G1 Evacuation Pause)
[447.860s][info][gc,task        ] GC(1007) Using 6 workers of 6 for evacuation
[447.924s][info][gc,phases      ] GC(1007)   Pre Evacuate Collection Set: 0.3ms
[447.924s][info][gc,phases      ] GC(1007)   Merge Heap Roots: 2.1ms
[447.924s][info][gc,phases      ] GC(1007)   Evacuate Collection Set: 59.6ms
[447.924s][info][gc,phases      ] GC(1007)   Post Evacuate Collection Set: 1.3ms
[447.924s][info][gc,phases      ] GC(1007)   Other: 0.1ms
[447.924s][info][gc,heap        ] GC(1007) Eden regions: 228->0(287)
[447.924s][info][gc,heap        ] GC(1007) Survivor regions: 38->34(34)
[447.924s][info][gc,heap        ] GC(1007) Old regions: 396->435
[447.924s][info][gc,heap        ] GC(1007) Humongous regions: 8->8
[447.924s][info][gc,metaspace   ] GC(1007) Metaspace: 16613K(16960K)->16613K(16960K) NonClass: 14287K(14464K)->14287K(14464K) Class: 2325K(2496K)->2325K(2496K)
[447.924s][info][gc             ] GC(1007) Pause Young (Prepare Mixed) (G1 Evacuation Pause) 668M->475M(1024M) 63.594ms
[447.924s][info][gc,cpu         ] GC(1007) User=0.30s Sys=0.00s Real=0.06s
[448.440s][info][gc,start       ] GC(1008) Pause Young (Mixed) (G1 Evacuation Pause)
[448.440s][info][gc,task        ] GC(1008) Using 6 workers of 6 for evacuation
[448.465s][info][gc,phases      ] GC(1008)   Pre Evacuate Collection Set: 0.3ms
[448.465s][info][gc,phases      ] GC(1008)   Merge Heap Roots: 1.2ms
[448.465s][info][gc,phases      ] GC(1008)   Evacuate Collection Set: 22.9ms
[448.465s][info][gc,phases      ] GC(1008)   Post Evacuate Collection Set: 0.5ms
[448.465s][info][gc,phases      ] GC(1008)   Other: 0.1ms
[448.465s][info][gc,heap        ] GC(1008) Eden regions: 287->0(332)
[448.465s][info][gc,heap        ] GC(1008) Survivor regions: 34->3(41)
[448.465s][info][gc,heap        ] GC(1008) Old regions: 435->441
[448.465s][info][gc,heap        ] GC(1008) Humongous regions: 8->8
[448.465s][info][gc,metaspace   ] GC(1008) Metaspace: 16613K(16960K)->16613K(16960K) NonClass: 14287K(14464K)->14287K(14464K) Class: 2325K(2496K)->2325K(2496K)
[448.465s][info][gc             ] GC(1008) Pause Young (Mixed) (G1 Evacuation Pause) 762M->451M(1024M) 25.165ms
[448.465s][info][gc,cpu         ] GC(1008) User=0.08s Sys=0.00s Real=0.02s
[449.255s][info][gc,start       ] GC(1009) Pause Full (System.gc())
[449.255s][info][gc,task        ] GC(1009) Using 6 workers of 6 for full compaction
[449.255s][info][gc,phases,start] GC(1009) Phase 1: Mark live objects
[449.257s][info][gc,phases      ] GC(1009) Phase 1: Mark live objects 2.559ms
[449.258s][info][gc,phases,start] GC(1009) Phase 2: Prepare compaction
[449.258s][info][gc,phases      ] GC(1009) Phase 2: Prepare compaction 0.732ms
[449.258s][info][gc,phases,start] GC(1009) Phase 3: Adjust pointers
[449.260s][info][gc,phases      ] GC(1009) Phase 3: Adjust pointers 2.154ms
[449.261s][info][gc,phases,start] GC(1009) Phase 4: Compact heap
[449.261s][info][gc,phases      ] GC(1009) Phase 4: Compact heap 0.667ms
[449.261s][info][gc,phases,start] GC(1009) Phase 5: Reset Metadata
[449.262s][info][gc,phases      ] GC(1009) Phase 5: Reset Metadata 0.708ms
[449.266s][info][gc,heap        ] GC(1009) Eden regions: 146->0(598)
[449.266s][info][gc,heap        ] GC(1009) Survivor regions: 3->0(41)
[449.266s][info][gc,heap        ] GC(1009) Old regions: 441->9
[449.266s][info][gc,heap        ] GC(1009) Humongous regions: 8->2
[449.266s][info][gc,metaspace   ] GC(1009) Metaspace: 16613K(16960K)->16613K(16960K) NonClass: 14287K(14464K)->14287K(14464K) Class: 2325K(2496K)->2325K(2496K)
[449.266s][info][gc             ] GC(1009) Pause Full (System.gc()) 597M->5M(1024M) 11.044ms
[449.266s][info][gc,cpu         ] GC(1009) User=0.00s Sys=0.00s Real=0.00s
[450.765s][info][gc,start       ] GC(1010) Pause Young (Concurrent Start) (G1 Evacuation Pause)
[450.765s][info][gc,task        ] GC(1010) Using 6 workers of 6 for evacuation
[450.767s][info][gc,phases      ] GC(1010)   Pre Evacuate Collection Set: 0.2ms
[450.767s][info][gc,phases      ] GC(1010)   Merge Heap Roots: 0.1ms
[450.767s][info][gc,phases      ] GC(1010)   Evacuate Collection Set: 0.4ms
[450.767s][info][gc,phases      ] GC(1010)   Post Evacuate Collection Set: 0.4ms
[450.767s][info][gc,phases      ] GC(1010)   Other: 0.1ms
[450.767s][info][gc,heap        ] GC(1010) Eden regions: 598->0(612)
[450.767s][info][gc,heap        ] GC(1010) Survivor regions: 0->2(75)
[450.767s][info][gc,heap        ] GC(1010) Old regions: 9->9
[450.767s][info][gc,heap        ] GC(1010) Humongous regions: 2->2
[450.767s][info][gc,metaspace   ] GC(1010) Metaspace: 16613K(16960K)->16613K(16960K) NonClass: 14287K(14464K)->14287K(14464K) Class: 2325K(2496K)->2325K(2496K)
[450.767s][info][gc             ] GC(1010) Pause Young (Concurrent Start) (G1 Evacuation Pause) 603M->7M(1024M) 1.349ms
[450.767s][info][gc,cpu         ] GC(1010) User=0.00s Sys=0.00s Real=0.00s
[450.767s][info][gc             ] GC(1011) Concurrent Mark Cycle
[450.767s][info][gc,marking     ] GC(1011) Concurrent Scan Root Regions
[450.767s][info][gc,marking     ] GC(1011) Concurrent Scan Root Regions 0.170ms
[450.767s][info][gc,marking     ] GC(1011) Concurrent Mark
[450.767s][info][gc,marking     ] GC(1011) Concurrent Mark From Roots
[450.767s][info][gc,task        ] GC(1011) Using 2 workers of 2 for marking
[450.770s][info][gc,marking     ] GC(1011) Concurrent Mark From Roots 3.029ms
[450.770s][info][gc,marking     ] GC(1011) Concurrent Preclean
[450.770s][info][gc,marking     ] GC(1011) Concurrent Preclean 0.019ms
[450.770s][info][gc,start       ] GC(1011) Pause Remark
[450.771s][info][gc             ] GC(1011) Pause Remark 24M->24M(1024M) 1.095ms
[450.771s][info][gc,cpu         ] GC(1011) User=0.00s Sys=0.00s Real=0.00s
[450.771s][info][gc,marking     ] GC(1011) Concurrent Mark 4.394ms
[450.771s][info][gc,marking     ] GC(1011) Concurrent Rebuild Remembered Sets and Scrub Regions
[450.772s][info][gc,marking     ] GC(1011) Concurrent Rebuild Remembered Sets and Scrub Regions 0.999ms
[450.772s][info][gc,start       ] GC(1011) Pause Cleanup
[450.773s][info][gc             ] GC(1011) Pause Cleanup 29M->29M(1024M) 0.109ms
[450.773s][info][gc,cpu         ] GC(1011) User=0.00s Sys=0.00s Real=0.00s
[450.773s][info][gc,marking     ] GC(1011) Concurrent Clear Claimed Marks
[450.773s][info][gc,marking     ] GC(1011) Concurrent Clear Claimed Marks 0.021ms
[450.773s][info][gc,marking     ] GC(1011) Concurrent Cleanup for Next Mark
[450.775s][info][gc,marking     ] GC(1011) Concurrent Cleanup for Next Mark 2.384ms
[450.775s][info][gc             ] GC(1011) Concurrent Mark Cycle 8.450ms
[450.864s][info][gc,start       ] GC(1012) Pause Young (Prepare Mixed) (G1 Evacuation Pause)
[450.864s][info][gc,task        ] GC(1012) Using 6 workers of 6 for evacuation
[450.866s][info][gc,phases      ] GC(1012)   Pre Evacuate Collection Set: 0.2ms
[450.866s][info][gc,phases      ] GC(1012)   Merge Heap Roots: 0.1ms
[450.866s][info][gc,phases      ] GC(1012)   Evacuate Collection Set: 0.3ms
[450.866s][info][gc,phases      ] GC(1012)   Post Evacuate Collection Set: 0.4ms
[450.866s][info][gc,phases      ] GC(1012)   Other: 0.2ms
[450.866s][info][gc,heap        ] GC(1012) Eden regions: 612->0(613)
[450.866s][info][gc,heap        ] GC(1012) Survivor regions: 2->1(77)
[450.866s][info][gc,heap        ] GC(1012) Old regions: 9->9
[450.866s][info][gc,heap        ] GC(1012) Humongous regions: 2->2
[450.866s][info][gc,metaspace   ] GC(1012) Metaspace: 16613K(16960K)->16613K(16960K) NonClass: 14287K(14464K)->14287K(14464K) Class: 2325K(2496K)->2325K(2496K)
[450.866s][info][gc             ] GC(1012) Pause Young (Prepare Mixed) (G1 Evacuation Pause) 619M->6M(1024M) 1.426ms
[450.866s][info][gc,cpu         ] GC(1012) User=0.00s Sys=0.00s Real=0.00s
[450.967s][info][gc,start       ] GC(1013) Pause Young (Mixed) (G1 Evacuation Pause)
[450.967s][info][gc,task        ] GC(1013) Using 6 workers of 6 for evacuation
[450.968s][info][gc,phases      ] GC(1013)   Pre Evacuate Collection Set: 0.2ms
[450.968s][info][gc,phases      ] GC(1013)   Merge Heap Roots: 0.1ms
[450.968s][info][gc,phases      ] GC(1013)   Evacuate Collection Set: 0.4ms
[450.968s][info][gc,phases      ] GC(1013)   Post Evacuate Collection Set: 0.4ms
[450.968s][info][gc,phases      ] GC(1013)   Other: 0.1ms
[450.968s][info][gc,heap        ] GC(1013) Eden regions: 613->0(613)
[450.968s][info][gc,heap        ] GC(1013) Survivor regions: 1->1(77)
[450.968s][info][gc,heap        ] GC(1013) Old regions: 9->8
[450.968s][info][gc,heap        ] GC(1013) Humongous regions: 2->2
[450.968s][info][gc,metaspace   ] GC(1013) Metaspace: 16613K(16960K)->16613K(16960K) NonClass: 14287K(14464K)->14287K(14464K) Class: 2325K(2496K)->2325K(2496K)
[450.968s][info][gc             ] GC(1013) Pause Young (Mixed) (G1 Evacuation Pause) 619M->6M(1024M) 1.394ms
[450.968s][info][gc,cpu         ] GC(1013) User=0.00s Sys=0.00s Real=0.00s
[451.067s][info][gc,start       ] GC(1014) Pause Young (Concurrent Start) (G1 Evacuation Pause)
[451.067s][info][gc,task        ] GC(1014) Using 6 workers of 6 for evacuation
[451.068s][info][gc,phases      ] GC(1014)   Pre Evacuate Collection Set: 0.2ms
[451.068s][info][gc,phases      ] GC(1014)   Merge Heap Roots: 0.1ms
[451.068s][info][gc,phases      ] GC(1014)   Evacuate Collection Set: 0.4ms
[451.068s][info][gc,phases      ] GC(1014)   Post Evacuate Collection Set: 0.4ms
[451.068s][info][gc,phases      ] GC(1014)   Other: 0.1ms
[451.068s][info][gc,heap        ] GC(1014) Eden regions: 613->0(613)
[451.068s][info][gc,heap        ] GC(1014) Survivor regions: 1->1(77)
[451.068s][info][gc,heap        ] GC(1014) Old regions: 8->8
[451.068s][info][gc,heap        ] GC(1014) Humongous regions: 2->2
[451.068s][info][gc,metaspace   ] GC(1014) Metaspace: 16613K(16960K)->16613K(16960K) NonClass: 14287K(14464K)->14287K(14464K) Class: 2325K(2496K)->2325K(2496K)
[451.068s][info][gc             ] GC(1014) Pause Young (Concurrent Start) (G1 Evacuation Pause) 619M->6M(1024M) 1.289ms
[451.068s][info][gc             ] GC(1015) Concurrent Mark Cycle
[451.068s][info][gc,cpu         ] GC(1014) User=0.00s Sys=0.00s Real=0.00s
[451.068s][info][gc,marking     ] GC(1015) Concurrent Scan Root Regions
[451.068s][info][gc,marking     ] GC(1015) Concurrent Scan Root Regions 0.289ms
[451.068s][info][gc,marking     ] GC(1015) Concurrent Mark
[451.068s][info][gc,marking     ] GC(1015) Concurrent Mark From Roots
[451.068s][info][gc,task        ] GC(1015) Using 2 workers of 2 for marking
[451.072s][info][gc,marking     ] GC(1015) Concurrent Mark From Roots 3.258ms
[451.072s][info][gc,marking     ] GC(1015) Concurrent Preclean
[451.072s][info][gc,marking     ] GC(1015) Concurrent Preclean 0.021ms
[451.072s][info][gc,start       ] GC(1015) Pause Remark
[451.073s][info][gc             ] GC(1015) Pause Remark 24M->24M(1024M) 1.059ms
[451.073s][info][gc,cpu         ] GC(1015) User=0.00s Sys=0.00s Real=0.00s
[451.073s][info][gc,marking     ] GC(1015) Concurrent Mark 4.625ms
[451.073s][info][gc,marking     ] GC(1015) Concurrent Rebuild Remembered Sets and Scrub Regions
[451.074s][info][gc,marking     ] GC(1015) Concurrent Rebuild Remembered Sets and Scrub Regions 0.994ms
[451.074s][info][gc,start       ] GC(1015) Pause Cleanup
[451.074s][info][gc             ] GC(1015) Pause Cleanup 30M->30M(1024M) 0.145ms
[451.074s][info][gc,cpu         ] GC(1015) User=0.00s Sys=0.00s Real=0.00s
[451.074s][info][gc,marking     ] GC(1015) Concurrent Clear Claimed Marks
[451.074s][info][gc,marking     ] GC(1015) Concurrent Clear Claimed Marks 0.023ms
[451.074s][info][gc,marking     ] GC(1015) Concurrent Cleanup for Next Mark
[451.077s][info][gc,marking     ] GC(1015) Concurrent Cleanup for Next Mark 2.427ms
[451.077s][info][gc             ] GC(1015) Concurrent Mark Cycle 8.890ms
[451.249s][info][gc,start       ] GC(1016) Pause Young (Prepare Mixed) (G1 Evacuation Pause)
[451.249s][info][gc,task        ] GC(1016) Using 6 workers of 6 for evacuation
[451.304s][info][gc,phases      ] GC(1016)   Pre Evacuate Collection Set: 0.2ms
[451.304s][info][gc,phases      ] GC(1016)   Merge Heap Roots: 0.1ms
[451.304s][info][gc,phases      ] GC(1016)   Evacuate Collection Set: 53.5ms
[451.304s][info][gc,phases      ] GC(1016)   Post Evacuate Collection Set: 0.7ms
[451.304s][info][gc,phases      ] GC(1016)   Other: 0.1ms
[451.304s][info][gc,heap        ] GC(1016) Eden regions: 613->0(537)
[451.304s][info][gc,heap        ] GC(1016) Survivor regions: 1->77(77)
[451.304s][info][gc,heap        ] GC(1016) Old regions: 8->51
[451.304s][info][gc,heap        ] GC(1016) Humongous regions: 3->3
[451.304s][info][gc,metaspace   ] GC(1016) Metaspace: 16613K(16960K)->16613K(16960K) NonClass: 14287K(14464K)->14287K(14464K) Class: 2325K(2496K)->2325K(2496K)
[451.304s][info][gc             ] GC(1016) Pause Young (Prepare Mixed) (G1 Evacuation Pause) 620M->126M(1024M) 54.755ms
[451.304s][info][gc,cpu         ] GC(1016) User=0.30s Sys=0.00s Real=0.06s
[451.916s][info][gc,start       ] GC(1017) Pause Young (Mixed) (G1 Evacuation Pause)
[451.916s][info][gc,task        ] GC(1017) Using 6 workers of 6 for evacuation
[452.070s][info][gc,phases      ] GC(1017)   Pre Evacuate Collection Set: 0.2ms
[452.070s][info][gc,phases      ] GC(1017)   Merge Heap Roots: 0.3ms
[452.070s][info][gc,phases      ] GC(1017)   Evacuate Collection Set: 152.4ms
[452.070s][info][gc,phases      ] GC(1017)   Post Evacuate Collection Set: 1.2ms
[452.070s][info][gc,phases      ] GC(1017)   Other: 0.1ms
[452.070s][info][gc,heap        ] GC(1017) Eden regions: 537->0(322)
[452.070s][info][gc,heap        ] GC(1017) Survivor regions: 77->77(77)
[452.070s][info][gc,heap        ] GC(1017) Old regions: 51->342
[452.070s][info][gc,heap        ] GC(1017) Humongous regions: 4->4
[452.070s][info][gc,metaspace   ] GC(1017) Metaspace: 16613K(16960K)->16613K(16960K) NonClass: 14287K(14464K)->14287K(14464K) Class: 2325K(2496K)->2325K(2496K)
[452.070s][info][gc             ] GC(1017) Pause Young (Mixed) (G1 Evacuation Pause) (Evacuation Failure) 664M->419M(1024M) 154.424ms
[452.070s][info][gc,cpu         ] GC(1017) User=0.72s Sys=0.02s Real=0.14s
[455.340s][info][gc,start       ] GC(1018) Pause Young (Concurrent Start) (G1 Evacuation Pause)
[455.340s][info][gc,task        ] GC(1018) Using 6 workers of 6 for evacuation
[455.451s][info][gc,phases      ] GC(1018)   Pre Evacuate Collection Set: 0.3ms
[455.451s][info][gc,phases      ] GC(1018)   Merge Heap Roots: 0.9ms
[455.451s][info][gc,phases      ] GC(1018)   Evacuate Collection Set: 108.3ms
[455.451s][info][gc,phases      ] GC(1018)   Post Evacuate Collection Set: 1.0ms
[455.451s][info][gc,phases      ] GC(1018)   Other: 0.2ms
[455.451s][info][gc,heap        ] GC(1018) Eden regions: 322->0(237)
[455.451s][info][gc,heap        ] GC(1018) Survivor regions: 77->50(50)
[455.451s][info][gc,heap        ] GC(1018) Old regions: 342->502
[455.451s][info][gc,heap        ] GC(1018) Humongous regions: 4->4
[455.451s][info][gc,metaspace   ] GC(1018) Metaspace: 16613K(16960K)->16613K(16960K) NonClass: 14287K(14464K)->14287K(14464K) Class: 2325K(2496K)->2325K(2496K)
[455.451s][info][gc             ] GC(1018) Pause Young (Concurrent Start) (G1 Evacuation Pause) 741M->552M(1024M) 110.980ms
[455.451s][info][gc             ] GC(1019) Concurrent Mark Cycle
[455.451s][info][gc,cpu         ] GC(1018) User=0.58s Sys=0.00s Real=0.11s
[455.451s][info][gc,marking     ] GC(1019) Concurrent Scan Root Regions
[455.490s][info][gc,marking     ] GC(1019) Concurrent Scan Root Regions 38.642ms
[455.490s][info][gc,marking     ] GC(1019) Concurrent Mark
[455.490s][info][gc,marking     ] GC(1019) Concurrent Mark From Roots
[455.490s][info][gc,task        ] GC(1019) Using 2 workers of 2 for marking
[455.499s][info][gc,marking     ] GC(1019) Concurrent Mark From Roots 8.752ms
[455.499s][info][gc,marking     ] GC(1019) Concurrent Preclean
[455.499s][info][gc,marking     ] GC(1019) Concurrent Preclean 0.037ms
[455.499s][info][gc,start       ] GC(1019) Pause Remark
[455.500s][info][gc             ] GC(1019) Pause Remark 624M->391M(1024M) 1.028ms
[455.500s][info][gc,cpu         ] GC(1019) User=0.00s Sys=0.00s Real=0.00s
[455.500s][info][gc,marking     ] GC(1019) Concurrent Mark 10.060ms
[455.500s][info][gc,marking     ] GC(1019) Concurrent Rebuild Remembered Sets and Scrub Regions
[455.545s][info][gc,marking     ] GC(1019) Concurrent Rebuild Remembered Sets and Scrub Regions 44.909ms
[455.545s][info][gc,start       ] GC(1019) Pause Cleanup
[455.545s][info][gc             ] GC(1019) Pause Cleanup 462M->462M(1024M) 0.224ms
[455.545s][info][gc,cpu         ] GC(1019) User=0.00s Sys=0.00s Real=0.00s
[455.545s][info][gc,marking     ] GC(1019) Concurrent Clear Claimed Marks
[455.545s][info][gc,marking     ] GC(1019) Concurrent Clear Claimed Marks 0.025ms
[455.545s][info][gc,marking     ] GC(1019) Concurrent Cleanup for Next Mark
[455.547s][info][gc,marking     ] GC(1019) Concurrent Cleanup for Next Mark 1.343ms
[455.547s][info][gc             ] GC(1019) Concurrent Mark Cycle 95.598ms
[455.602s][info][gc,start       ] GC(1020) Pause Young (Prepare Mixed) (G1 Evacuation Pause)
[455.602s][info][gc,task        ] GC(1020) Using 6 workers of 6 for evacuation
[455.684s][info][gc,phases      ] GC(1020)   Pre Evacuate Collection Set: 0.3ms
[455.684s][info][gc,phases      ] GC(1020)   Merge Heap Roots: 1.2ms
[455.684s][info][gc,phases      ] GC(1020)   Evacuate Collection Set: 79.9ms
[455.684s][info][gc,phases      ] GC(1020)   Post Evacuate Collection Set: 0.4ms
[455.684s][info][gc,phases      ] GC(1020)   Other: 0.1ms
[455.684s][info][gc,heap        ] GC(1020) Eden regions: 237->0(300)
[455.684s][info][gc,heap        ] GC(1020) Survivor regions: 50->36(36)
[455.684s][info][gc,heap        ] GC(1020) Old regions: 270->384
[455.684s][info][gc,heap        ] GC(1020) Humongous regions: 3->3
[455.684s][info][gc,metaspace   ] GC(1020) Metaspace: 16613K(16960K)->16613K(16960K) NonClass: 14287K(14464K)->14287K(14464K) Class: 2325K(2496K)->2325K(2496K)
[455.684s][info][gc             ] GC(1020) Pause Young (Prepare Mixed) (G1 Evacuation Pause) 556M->419M(1024M) 82.005ms
[455.684s][info][gc,cpu         ] GC(1020) User=0.45s Sys=0.00s Real=0.09s
[455.865s][info][gc,start       ] GC(1021) Pause Young (Mixed) (G1 Evacuation Pause)
[455.865s][info][gc,task        ] GC(1021) Using 6 workers of 6 for evacuation
[455.944s][info][gc,phases      ] GC(1021)   Pre Evacuate Collection Set: 0.4ms
[455.944s][info][gc,phases      ] GC(1021)   Merge Heap Roots: 0.2ms
[455.944s][info][gc,phases      ] GC(1021)   Evacuate Collection Set: 77.1ms
[455.944s][info][gc,phases      ] GC(1021)   Post Evacuate Collection Set: 0.5ms
[455.944s][info][gc,phases      ] GC(1021)   Other: 0.1ms
[455.944s][info][gc,heap        ] GC(1021) Eden regions: 300->0(259)
[455.944s][info][gc,heap        ] GC(1021) Survivor regions: 36->42(42)
[455.944s][info][gc,heap        ] GC(1021) Old regions: 384->454
[455.944s][info][gc,heap        ] GC(1021) Humongous regions: 3->3
[455.944s][info][gc,metaspace   ] GC(1021) Metaspace: 16613K(16960K)->16613K(16960K) NonClass: 14287K(14464K)->14287K(14464K) Class: 2325K(2496K)->2325K(2496K)
[455.944s][info][gc             ] GC(1021) Pause Young (Mixed) (G1 Evacuation Pause) 719M->496M(1024M) 78.554ms
[455.944s][info][gc,cpu         ] GC(1021) User=0.39s Sys=0.00s Real=0.08s
[456.034s][info][gc,start       ] GC(1022) Pause Young (Concurrent Start) (G1 Humongous Allocation)
[456.034s][info][gc,task        ] GC(1022) Using 6 workers of 6 for evacuation
[456.083s][info][gc,phases      ] GC(1022)   Pre Evacuate Collection Set: 0.2ms
[456.083s][info][gc,phases      ] GC(1022)   Merge Heap Roots: 0.1ms
[456.083s][info][gc,phases      ] GC(1022)   Evacuate Collection Set: 48.5ms
[456.083s][info][gc,phases      ] GC(1022)   Post Evacuate Collection Set: 0.5ms
[456.083s][info][gc,phases      ] GC(1022)   Other: 0.1ms
[456.083s][info][gc,heap        ] GC(1022) Eden regions: 143->0(227)
[456.083s][info][gc,heap        ] GC(1022) Survivor regions: 42->38(38)
[456.083s][info][gc,heap        ] GC(1022) Old regions: 454->520
[456.083s][info][gc,heap        ] GC(1022) Humongous regions: 3->3
[456.083s][info][gc,metaspace   ] GC(1022) Metaspace: 16613K(16960K)->16613K(16960K) NonClass: 14287K(14464K)->14287K(14464K) Class: 2325K(2496K)->2325K(2496K)
[456.083s][info][gc             ] GC(1022) Pause Young (Concurrent Start) (G1 Humongous Allocation) 638M->558M(1024M) 49.596ms
[456.083s][info][gc,cpu         ] GC(1022) User=0.28s Sys=0.00s Real=0.05s
[456.083s][info][gc             ] GC(1023) Concurrent Mark Cycle
[456.083s][info][gc,marking     ] GC(1023) Concurrent Scan Root Regions
[456.113s][info][gc,marking     ] GC(1023) Concurrent Scan Root Regions 29.491ms
[456.113s][info][gc,marking     ] GC(1023) Concurrent Mark
[456.113s][info][gc,marking     ] GC(1023) Concurrent Mark From Roots
[456.113s][info][gc,task        ] GC(1023) Using 2 workers of 2 for marking
[456.347s][info][gc,marking     ] GC(1023) Concurrent Mark From Roots 233.884ms
[456.347s][info][gc,marking     ] GC(1023) Concurrent Preclean
[456.347s][info][gc,marking     ] GC(1023) Concurrent Preclean 0.057ms
[456.347s][info][gc,start       ] GC(1023) Pause Remark
[456.348s][info][gc             ] GC(1023) Pause Remark 634M->510M(1024M) 1.179ms
[456.348s][info][gc,cpu         ] GC(1023) User=0.00s Sys=0.00s Real=0.00s
[456.348s][info][gc,marking     ] GC(1023) Concurrent Mark 235.343ms
[456.348s][info][gc,marking     ] GC(1023) Concurrent Rebuild Remembered Sets and Scrub Regions
[456.441s][info][gc,marking     ] GC(1023) Concurrent Rebuild Remembered Sets and Scrub Regions 92.837ms
[456.441s][info][gc,start       ] GC(1023) Pause Cleanup
[456.441s][info][gc             ] GC(1023) Pause Cleanup 531M->531M(1024M) 0.199ms
[456.441s][info][gc,cpu         ] GC(1023) User=0.00s Sys=0.00s Real=0.00s
[456.441s][info][gc,marking     ] GC(1023) Concurrent Clear Claimed Marks
[456.441s][info][gc,marking     ] GC(1023) Concurrent Clear Claimed Marks 0.026ms
[456.441s][info][gc,marking     ] GC(1023) Concurrent Cleanup for Next Mark
[456.443s][info][gc,marking     ] GC(1023) Concurrent Cleanup for Next Mark 1.216ms
[456.443s][info][gc             ] GC(1023) Concurrent Mark Cycle 359.458ms
[456.694s][info][gc,start       ] GC(1024) Pause Young (Prepare Mixed) (G1 Evacuation Pause)
[456.694s][info][gc,task        ] GC(1024) Using 6 workers of 6 for evacuation
[456.759s][info][gc,phases      ] GC(1024)   Pre Evacuate Collection Set: 0.2ms
[456.759s][info][gc,phases      ] GC(1024)   Merge Heap Roots: 2.6ms
[456.759s][info][gc,phases      ] GC(1024)   Evacuate Collection Set: 61.6ms
[456.759s][info][gc,phases      ] GC(1024)   Post Evacuate Collection Set: 1.1ms
[456.759s][info][gc,phases      ] GC(1024)   Other: 0.1ms
[456.759s][info][gc,heap        ] GC(1024) Eden regions: 227->0(287)
[456.759s][info][gc,heap        ] GC(1024) Survivor regions: 38->34(34)
[456.759s][info][gc,heap        ] GC(1024) Old regions: 397->435
[456.759s][info][gc,heap        ] GC(1024) Humongous regions: 8->8
[456.759s][info][gc,metaspace   ] GC(1024) Metaspace: 16613K(16960K)->16613K(16960K) NonClass: 14287K(14464K)->14287K(14464K) Class: 2325K(2496K)->2325K(2496K)
[456.759s][info][gc             ] GC(1024) Pause Young (Prepare Mixed) (G1 Evacuation Pause) 667M->474M(1024M) 65.840ms
[456.759s][info][gc,cpu         ] GC(1024) User=0.30s Sys=0.00s Real=0.06s
[457.270s][info][gc,start       ] GC(1025) Pause Young (Mixed) (G1 Evacuation Pause)
[457.270s][info][gc,task        ] GC(1025) Using 6 workers of 6 for evacuation
[457.296s][info][gc,phases      ] GC(1025)   Pre Evacuate Collection Set: 0.5ms
[457.296s][info][gc,phases      ] GC(1025)   Merge Heap Roots: 1.2ms
[457.296s][info][gc,phases      ] GC(1025)   Evacuate Collection Set: 23.9ms
[457.296s][info][gc,phases      ] GC(1025)   Post Evacuate Collection Set: 0.5ms
[457.296s][info][gc,phases      ] GC(1025)   Other: 0.1ms
[457.296s][info][gc,heap        ] GC(1025) Eden regions: 287->0(331)
[457.296s][info][gc,heap        ] GC(1025) Survivor regions: 34->3(41)
[457.296s][info][gc,heap        ] GC(1025) Old regions: 435->441
[457.296s][info][gc,heap        ] GC(1025) Humongous regions: 8->8
[457.296s][info][gc,metaspace   ] GC(1025) Metaspace: 16613K(16960K)->16613K(16960K) NonClass: 14287K(14464K)->14287K(14464K) Class: 2325K(2496K)->2325K(2496K)
[457.296s][info][gc             ] GC(1025) Pause Young (Mixed) (G1 Evacuation Pause) 761M->450M(1024M) 26.412ms
[457.296s][info][gc,cpu         ] GC(1025) User=0.12s Sys=0.00s Real=0.03s
[458.106s][info][gc,start       ] GC(1026) Pause Full (System.gc())
[458.107s][info][gc,task        ] GC(1026) Using 6 workers of 6 for full compaction
[458.107s][info][gc,phases,start] GC(1026) Phase 1: Mark live objects
[458.109s][info][gc,phases      ] GC(1026) Phase 1: Mark live objects 2.252ms
[458.109s][info][gc,phases,start] GC(1026) Phase 2: Prepare compaction
[458.110s][info][gc,phases      ] GC(1026) Phase 2: Prepare compaction 0.745ms
[458.110s][info][gc,phases,start] GC(1026) Phase 3: Adjust pointers
[458.112s][info][gc,phases      ] GC(1026) Phase 3: Adjust pointers 2.120ms
[458.112s][info][gc,phases,start] GC(1026) Phase 4: Compact heap
[458.113s][info][gc,phases      ] GC(1026) Phase 4: Compact heap 0.626ms
[458.113s][info][gc,phases,start] GC(1026) Phase 5: Reset Metadata
[458.113s][info][gc,phases      ] GC(1026) Phase 5: Reset Metadata 0.693ms
[458.117s][info][gc,heap        ] GC(1026) Eden regions: 147->0(596)
[458.117s][info][gc,heap        ] GC(1026) Survivor regions: 3->0(41)
[458.117s][info][gc,heap        ] GC(1026) Old regions: 441->10
[458.117s][info][gc,heap        ] GC(1026) Humongous regions: 8->2
[458.117s][info][gc,metaspace   ] GC(1026) Metaspace: 16613K(16960K)->16613K(16960K) NonClass: 14287K(14464K)->14287K(14464K) Class: 2325K(2496K)->2325K(2496K)
[458.117s][info][gc             ] GC(1026) Pause Full (System.gc()) 597M->5M(1024M) 10.532ms
[458.117s][info][gc,cpu         ] GC(1026) User=0.00s Sys=0.00s Real=0.00s
[459.249s][info][gc,start       ] GC(1027) Pause Young (Normal) (G1 Evacuation Pause)
[459.249s][info][gc,task        ] GC(1027) Using 6 workers of 6 for evacuation
[459.250s][info][gc,phases      ] GC(1027)   Pre Evacuate Collection Set: 0.2ms
[459.250s][info][gc,phases      ] GC(1027)   Merge Heap Roots: 0.1ms
[459.250s][info][gc,phases      ] GC(1027)   Evacuate Collection Set: 0.3ms
[459.250s][info][gc,phases      ] GC(1027)   Post Evacuate Collection Set: 0.4ms
[459.250s][info][gc,phases      ] GC(1027)   Other: 0.1ms
[459.250s][info][gc,heap        ] GC(1027) Eden regions: 596->0(612)
[459.250s][info][gc,heap        ] GC(1027) Survivor regions: 0->2(75)
[459.250s][info][gc,heap        ] GC(1027) Old regions: 10->10
[459.250s][info][gc,heap        ] GC(1027) Humongous regions: 2->2
[459.250s][info][gc,metaspace   ] GC(1027) Metaspace: 16613K(16960K)->16613K(16960K) NonClass: 14287K(14464K)->14287K(14464K) Class: 2325K(2496K)->2325K(2496K)
[459.250s][info][gc             ] GC(1027) Pause Young (Normal) (G1 Evacuation Pause) 601M->7M(1024M) 1.236ms
[459.250s][info][gc,cpu         ] GC(1027) User=0.00s Sys=0.00s Real=0.00s
[459.345s][info][gc,start       ] GC(1028) Pause Young (Normal) (G1 Evacuation Pause)
[459.345s][info][gc,task        ] GC(1028) Using 6 workers of 6 for evacuation
[459.346s][info][gc,phases      ] GC(1028)   Pre Evacuate Collection Set: 0.2ms
[459.346s][info][gc,phases      ] GC(1028)   Merge Heap Roots: 0.1ms
[459.346s][info][gc,phases      ] GC(1028)   Evacuate Collection Set: 0.3ms
[459.346s][info][gc,phases      ] GC(1028)   Post Evacuate Collection Set: 0.4ms
[459.346s][info][gc,phases      ] GC(1028)   Other: 0.1ms
[459.346s][info][gc,heap        ] GC(1028) Eden regions: 612->0(613)
[459.346s][info][gc,heap        ] GC(1028) Survivor regions: 2->1(77)
[459.346s][info][gc,heap        ] GC(1028) Old regions: 10->10
[459.346s][info][gc,heap        ] GC(1028) Humongous regions: 2->2
[459.346s][info][gc,metaspace   ] GC(1028) Metaspace: 16613K(16960K)->16613K(16960K) NonClass: 14287K(14464K)->14287K(14464K) Class: 2325K(2496K)->2325K(2496K)
[459.346s][info][gc             ] GC(1028) Pause Young (Normal) (G1 Evacuation Pause) 619M->6M(1024M) 1.218ms
[459.346s][info][gc,cpu         ] GC(1028) User=0.00s Sys=0.00s Real=0.00s
[459.441s][info][gc,start       ] GC(1029) Pause Young (Concurrent Start) (G1 Evacuation Pause)
[459.441s][info][gc,task        ] GC(1029) Using 6 workers of 6 for evacuation
[459.443s][info][gc,phases      ] GC(1029)   Pre Evacuate Collection Set: 0.2ms
[459.443s][info][gc,phases      ] GC(1029)   Merge Heap Roots: 0.1ms
[459.443s][info][gc,phases      ] GC(1029)   Evacuate Collection Set: 0.4ms
[459.443s][info][gc,phases      ] GC(1029)   Post Evacuate Collection Set: 0.4ms
[459.443s][info][gc,phases      ] GC(1029)   Other: 0.1ms
[459.443s][info][gc,heap        ] GC(1029) Eden regions: 613->0(613)
[459.443s][info][gc,heap        ] GC(1029) Survivor regions: 1->1(77)
[459.443s][info][gc,heap        ] GC(1029) Old regions: 10->10
[459.443s][info][gc,heap        ] GC(1029) Humongous regions: 2->2
[459.443s][info][gc,metaspace   ] GC(1029) Metaspace: 16613K(16960K)->16613K(16960K) NonClass: 14287K(14464K)->14287K(14464K) Class: 2325K(2496K)->2325K(2496K)
[459.443s][info][gc             ] GC(1029) Pause Young (Concurrent Start) (G1 Evacuation Pause) 619M->6M(1024M) 1.367ms
[459.443s][info][gc,cpu         ] GC(1029) User=0.00s Sys=0.00s Real=0.00s
[459.443s][info][gc             ] GC(1030) Concurrent Mark Cycle
[459.443s][info][gc,marking     ] GC(1030) Concurrent Scan Root Regions
[459.443s][info][gc,marking     ] GC(1030) Concurrent Scan Root Regions 0.235ms
[459.443s][info][gc,marking     ] GC(1030) Concurrent Mark
[459.443s][info][gc,marking     ] GC(1030) Concurrent Mark From Roots
[459.443s][info][gc,task        ] GC(1030) Using 2 workers of 2 for marking
[459.446s][info][gc,marking     ] GC(1030) Concurrent Mark From Roots 3.138ms
[459.446s][info][gc,marking     ] GC(1030) Concurrent Preclean
[459.446s][info][gc,marking     ] GC(1030) Concurrent Preclean 0.020ms
[459.446s][info][gc,start       ] GC(1030) Pause Remark
[459.447s][info][gc             ] GC(1030) Pause Remark 24M->24M(1024M) 1.051ms
[459.447s][info][gc,cpu         ] GC(1030) User=0.00s Sys=0.00s Real=0.00s
[459.447s][info][gc,marking     ] GC(1030) Concurrent Mark 4.460ms
[459.447s][info][gc,marking     ] GC(1030) Concurrent Rebuild Remembered Sets and Scrub Regions
[459.448s][info][gc,marking     ] GC(1030) Concurrent Rebuild Remembered Sets and Scrub Regions 1.003ms
[459.449s][info][gc,start       ] GC(1030) Pause Cleanup
[459.449s][info][gc             ] GC(1030) Pause Cleanup 28M->28M(1024M) 0.137ms
[459.449s][info][gc,cpu         ] GC(1030) User=0.00s Sys=0.00s Real=0.00s
[459.449s][info][gc,marking     ] GC(1030) Concurrent Clear Claimed Marks
[459.449s][info][gc,marking     ] GC(1030) Concurrent Clear Claimed Marks 0.024ms
[459.449s][info][gc,marking     ] GC(1030) Concurrent Cleanup for Next Mark
[459.451s][info][gc,marking     ] GC(1030) Concurrent Cleanup for Next Mark 2.411ms
[459.451s][info][gc             ] GC(1030) Concurrent Mark Cycle 8.652ms
[459.545s][info][gc,start       ] GC(1031) Pause Young (Prepare Mixed) (G1 Evacuation Pause)
[459.545s][info][gc,task        ] GC(1031) Using 6 workers of 6 for evacuation
[459.546s][info][gc,phases      ] GC(1031)   Pre Evacuate Collection Set: 0.2ms
[459.546s][info][gc,phases      ] GC(1031)   Merge Heap Roots: 0.1ms
[459.546s][info][gc,phases      ] GC(1031)   Evacuate Collection Set: 0.3ms
[459.546s][info][gc,phases      ] GC(1031)   Post Evacuate Collection Set: 0.4ms
[459.546s][info][gc,phases      ] GC(1031)   Other: 0.1ms
[459.546s][info][gc,heap        ] GC(1031) Eden regions: 613->0(613)
[459.546s][info][gc,heap        ] GC(1031) Survivor regions: 1->1(77)
[459.546s][info][gc,heap        ] GC(1031) Old regions: 10->10
[459.546s][info][gc,heap        ] GC(1031) Humongous regions: 2->2
[459.546s][info][gc,metaspace   ] GC(1031) Metaspace: 16613K(16960K)->16613K(16960K) NonClass: 14287K(14464K)->14287K(14464K) Class: 2325K(2496K)->2325K(2496K)
[459.546s][info][gc             ] GC(1031) Pause Young (Prepare Mixed) (G1 Evacuation Pause) 619M->6M(1024M) 1.286ms
[459.546s][info][gc,cpu         ] GC(1031) User=0.00s Sys=0.00s Real=0.01s
[459.720s][info][gc,start       ] GC(1032) Pause Young (Mixed) (G1 Evacuation Pause)
[459.720s][info][gc,task        ] GC(1032) Using 6 workers of 6 for evacuation
[459.770s][info][gc,phases      ] GC(1032)   Pre Evacuate Collection Set: 0.2ms
[459.772s][info][gc,phases      ] GC(1032)   Merge Heap Roots: 0.1ms
[459.772s][info][gc,phases      ] GC(1032)   Evacuate Collection Set: 49.6ms
[459.772s][info][gc,phases      ] GC(1032)   Post Evacuate Collection Set: 0.7ms
[459.772s][info][gc,phases      ] GC(1032)   Other: 0.1ms
[459.772s][info][gc,heap        ] GC(1032) Eden regions: 613->0(537)
[459.772s][info][gc,heap        ] GC(1032) Survivor regions: 1->77(77)
[459.772s][info][gc,heap        ] GC(1032) Old regions: 10->45
[459.772s][info][gc,heap        ] GC(1032) Humongous regions: 3->3
[459.772s][info][gc,metaspace   ] GC(1032) Metaspace: 16613K(16960K)->16613K(16960K) NonClass: 14287K(14464K)->14287K(14464K) Class: 2325K(2496K)->2325K(2496K)
[459.772s][info][gc             ] GC(1032) Pause Young (Mixed) (G1 Evacuation Pause) 620M->119M(1024M) 52.540ms
[459.772s][info][gc,cpu         ] GC(1032) User=0.14s Sys=0.00s Real=0.06s
[460.162s][info][gc,start       ] GC(1033) Pause Young (Concurrent Start) (G1 Humongous Allocation)
[460.162s][info][gc,task        ] GC(1033) Using 6 workers of 6 for evacuation
[460.335s][info][gc,phases      ] GC(1033)   Pre Evacuate Collection Set: 0.2ms
[460.335s][info][gc,phases      ] GC(1033)   Merge Heap Roots: 0.2ms
[460.335s][info][gc,phases      ] GC(1033)   Evacuate Collection Set: 171.0ms
[460.335s][info][gc,phases      ] GC(1033)   Post Evacuate Collection Set: 1.0ms
[460.335s][info][gc,phases      ] GC(1033)   Other: 0.1ms
[460.335s][info][gc,heap        ] GC(1033) Eden regions: 470->0(287)
[460.335s][info][gc,heap        ] GC(1033) Survivor regions: 77->77(77)
[460.335s][info][gc,heap        ] GC(1033) Old regions: 45->359
[460.335s][info][gc,heap        ] GC(1033) Humongous regions: 3->3
[460.335s][info][gc,metaspace   ] GC(1033) Metaspace: 16613K(16960K)->16613K(16960K) NonClass: 14287K(14464K)->14287K(14464K) Class: 2325K(2496K)->2325K(2496K)
[460.335s][info][gc             ] GC(1033) Pause Young (Concurrent Start) (G1 Humongous Allocation) 588M->433M(1024M) 172.815ms
[460.335s][info][gc,cpu         ] GC(1033) User=0.94s Sys=0.00s Real=0.19s
[460.335s][info][gc             ] GC(1034) Concurrent Mark Cycle
[460.335s][info][gc,marking     ] GC(1034) Concurrent Scan Root Regions
[460.415s][info][gc,marking     ] GC(1034) Concurrent Scan Root Regions 80.144ms
[460.415s][info][gc,marking     ] GC(1034) Concurrent Mark
[460.415s][info][gc,marking     ] GC(1034) Concurrent Mark From Roots
[460.415s][info][gc,task        ] GC(1034) Using 2 workers of 2 for marking
[460.446s][info][gc,marking     ] GC(1034) Concurrent Mark From Roots 31.254ms
[460.446s][info][gc,marking     ] GC(1034) Concurrent Preclean
[460.446s][info][gc,marking     ] GC(1034) Concurrent Preclean 0.041ms
[460.446s][info][gc,start       ] GC(1034) Pause Remark
[460.447s][info][gc             ] GC(1034) Pause Remark 466M->466M(1024M) 0.947ms
[460.447s][info][gc,cpu         ] GC(1034) User=0.00s Sys=0.00s Real=0.00s
[460.447s][info][gc,marking     ] GC(1034) Concurrent Mark 32.442ms
[460.447s][info][gc,marking     ] GC(1034) Concurrent Rebuild Remembered Sets and Scrub Regions
[460.547s][info][gc,marking     ] GC(1034) Concurrent Rebuild Remembered Sets and Scrub Regions 99.453ms
[460.547s][info][gc,start       ] GC(1034) Pause Cleanup
[460.547s][info][gc             ] GC(1034) Pause Cleanup 500M->500M(1024M) 0.155ms
[460.547s][info][gc,cpu         ] GC(1034) User=0.00s Sys=0.00s Real=0.00s
[460.547s][info][gc,marking     ] GC(1034) Concurrent Clear Claimed Marks
[460.547s][info][gc,marking     ] GC(1034) Concurrent Clear Claimed Marks 0.023ms
[460.547s][info][gc,marking     ] GC(1034) Concurrent Cleanup for Next Mark
[460.549s][info][gc,marking     ] GC(1034) Concurrent Cleanup for Next Mark 1.760ms
[460.549s][info][gc             ] GC(1034) Concurrent Mark Cycle 214.419ms
[462.791s][info][gc,start       ] GC(1035) Pause Young (Prepare Mixed) (G1 Evacuation Pause)
[462.791s][info][gc,task        ] GC(1035) Using 6 workers of 6 for evacuation
[462.887s][info][gc,phases      ] GC(1035)   Pre Evacuate Collection Set: 0.3ms
[462.887s][info][gc,phases      ] GC(1035)   Merge Heap Roots: 1.8ms
[462.887s][info][gc,phases      ] GC(1035)   Evacuate Collection Set: 92.1ms
[462.887s][info][gc,phases      ] GC(1035)   Post Evacuate Collection Set: 0.8ms
[462.887s][info][gc,phases      ] GC(1035)   Other: 0.2ms
[462.887s][info][gc,heap        ] GC(1035) Eden regions: 287->0(243)
[462.887s][info][gc,heap        ] GC(1035) Survivor regions: 77->46(46)
[462.887s][info][gc,heap        ] GC(1035) Old regions: 358->475
[462.887s][info][gc,heap        ] GC(1035) Humongous regions: 4->4
[462.887s][info][gc,metaspace   ] GC(1035) Metaspace: 16613K(16960K)->16613K(16960K) NonClass: 14287K(14464K)->14287K(14464K) Class: 2325K(2496K)->2325K(2496K)
[462.887s][info][gc             ] GC(1035) Pause Young (Prepare Mixed) (G1 Evacuation Pause) 721M->520M(1024M) 95.484ms
[462.887s][info][gc,cpu         ] GC(1035) User=0.48s Sys=0.00s Real=0.10s
[463.027s][info][gc,start       ] GC(1036) Pause Young (Mixed) (G1 Evacuation Pause)
[463.027s][info][gc,task        ] GC(1036) Using 6 workers of 6 for evacuation
[463.106s][info][gc,phases      ] GC(1036)   Pre Evacuate Collection Set: 0.3ms
[463.106s][info][gc,phases      ] GC(1036)   Merge Heap Roots: 0.9ms
[463.106s][info][gc,phases      ] GC(1036)   Evacuate Collection Set: 77.1ms
[463.106s][info][gc,phases      ] GC(1036)   Post Evacuate Collection Set: 0.5ms
[463.106s][info][gc,phases      ] GC(1036)   Other: 0.1ms
[463.106s][info][gc,heap        ] GC(1036) Eden regions: 243->0(186)
[463.106s][info][gc,heap        ] GC(1036) Survivor regions: 46->37(37)
[463.106s][info][gc,heap        ] GC(1036) Old regions: 475->587
[463.106s][info][gc,heap        ] GC(1036) Humongous regions: 4->4
[463.106s][info][gc,metaspace   ] GC(1036) Metaspace: 16613K(16960K)->16613K(16960K) NonClass: 14287K(14464K)->14287K(14464K) Class: 2325K(2496K)->2325K(2496K)
[463.106s][info][gc             ] GC(1036) Pause Young (Mixed) (G1 Evacuation Pause) 763M->624M(1024M) 79.087ms
[463.106s][info][gc,cpu         ] GC(1036) User=0.39s Sys=0.00s Real=0.08s
[463.217s][info][gc,start       ] GC(1037) Pause Young (Concurrent Start) (G1 Evacuation Pause)
[463.217s][info][gc,task        ] GC(1037) Using 6 workers of 6 for evacuation
[463.273s][info][gc,phases      ] GC(1037)   Pre Evacuate Collection Set: 0.4ms
[463.273s][info][gc,phases      ] GC(1037)   Merge Heap Roots: 0.2ms
[463.273s][info][gc,phases      ] GC(1037)   Evacuate Collection Set: 55.1ms
[463.273s][info][gc,phases      ] GC(1037)   Post Evacuate Collection Set: 0.4ms
[463.273s][info][gc,phases      ] GC(1037)   Other: 0.2ms
[463.273s][info][gc,heap        ] GC(1037) Eden regions: 186->0(148)
[463.273s][info][gc,heap        ] GC(1037) Survivor regions: 37->28(28)
[463.273s][info][gc,heap        ] GC(1037) Old regions: 587->676
[463.273s][info][gc,heap        ] GC(1037) Humongous regions: 4->4
[463.273s][info][gc,metaspace   ] GC(1037) Metaspace: 16613K(16960K)->16613K(16960K) NonClass: 14287K(14464K)->14287K(14464K) Class: 2325K(2496K)->2325K(2496K)
[463.273s][info][gc             ] GC(1037) Pause Young (Concurrent Start) (G1 Evacuation Pause) 810M->704M(1024M) 56.375ms
[463.273s][info][gc             ] GC(1038) Concurrent Mark Cycle
[463.273s][info][gc,cpu         ] GC(1037) User=0.28s Sys=0.00s Real=0.06s
[463.273s][info][gc,marking     ] GC(1038) Concurrent Scan Root Regions
[463.301s][info][gc,marking     ] GC(1038) Concurrent Scan Root Regions 27.534ms
[463.301s][info][gc,marking     ] GC(1038) Concurrent Mark
[463.301s][info][gc,marking     ] GC(1038) Concurrent Mark From Roots
[463.301s][info][gc,task        ] GC(1038) Using 2 workers of 2 for marking
[463.372s][info][gc,start       ] GC(1039) Pause Young (Normal) (G1 Evacuation Pause)
[463.372s][info][gc,task        ] GC(1039) Using 6 workers of 6 for evacuation
[463.415s][info][gc,phases      ] GC(1039)   Pre Evacuate Collection Set: 0.2ms
[463.415s][info][gc,phases      ] GC(1039)   Merge Heap Roots: 0.1ms
[463.415s][info][gc,phases      ] GC(1039)   Evacuate Collection Set: 42.2ms
[463.415s][info][gc,phases      ] GC(1039)   Post Evacuate Collection Set: 0.3ms
[463.415s][info][gc,phases      ] GC(1039)   Other: 0.1ms
[463.415s][info][gc,heap        ] GC(1039) Eden regions: 148->0(119)
[463.415s][info][gc,heap        ] GC(1039) Survivor regions: 28->22(22)
[463.415s][info][gc,heap        ] GC(1039) Old regions: 676->746
[463.415s][info][gc,heap        ] GC(1039) Humongous regions: 4->4
[463.415s][info][gc,metaspace   ] GC(1039) Metaspace: 16613K(16960K)->16613K(16960K) NonClass: 14287K(14464K)->14287K(14464K) Class: 2325K(2496K)->2325K(2496K)
[463.415s][info][gc             ] GC(1039) Pause Young (Normal) (G1 Evacuation Pause) 852M->768M(1024M) 43.165ms
[463.415s][info][gc,cpu         ] GC(1039) User=0.12s Sys=0.00s Real=0.05s
[463.451s][info][gc,marking     ] GC(1038) Concurrent Mark From Roots 150.083ms
[463.451s][info][gc,marking     ] GC(1038) Concurrent Preclean
[463.451s][info][gc,marking     ] GC(1038) Concurrent Preclean 0.071ms
[463.451s][info][gc,start       ] GC(1038) Pause Remark
[463.453s][info][gc             ] GC(1038) Pause Remark 821M->408M(1024M) 1.371ms
[463.453s][info][gc,cpu         ] GC(1038) User=0.00s Sys=0.00s Real=0.01s
[463.453s][info][gc,marking     ] GC(1038) Concurrent Mark 151.786ms
[463.453s][info][gc,marking     ] GC(1038) Concurrent Rebuild Remembered Sets and Scrub Regions
[463.495s][info][gc,start       ] GC(1040) Pause Young (Normal) (G1 Evacuation Pause)
[463.495s][info][gc,task        ] GC(1040) Using 6 workers of 6 for evacuation
[463.531s][info][gc,phases      ] GC(1040)   Pre Evacuate Collection Set: 0.2ms
[463.531s][info][gc,phases      ] GC(1040)   Merge Heap Roots: 0.1ms
[463.531s][info][gc,phases      ] GC(1040)   Evacuate Collection Set: 35.1ms
[463.531s][info][gc,phases      ] GC(1040)   Post Evacuate Collection Set: 0.5ms
[463.531s][info][gc,phases      ] GC(1040)   Other: 0.1ms
[463.531s][info][gc,heap        ] GC(1040) Eden regions: 119->0(307)
[463.531s][info][gc,heap        ] GC(1040) Survivor regions: 22->18(18)
[463.531s][info][gc,heap        ] GC(1040) Old regions: 335->391
[463.531s][info][gc,heap        ] GC(1040) Humongous regions: 2->2
[463.531s][info][gc,metaspace   ] GC(1040) Metaspace: 16613K(16960K)->16613K(16960K) NonClass: 14287K(14464K)->14287K(14464K) Class: 2325K(2496K)->2325K(2496K)
[463.531s][info][gc             ] GC(1040) Pause Young (Normal) (G1 Evacuation Pause) 474M->407M(1024M) 36.121ms
[463.531s][info][gc,cpu         ] GC(1040) User=0.09s Sys=0.00s Real=0.03s
[463.680s][info][gc,marking     ] GC(1038) Concurrent Rebuild Remembered Sets and Scrub Regions 227.150ms
[463.680s][info][gc,start       ] GC(1038) Pause Cleanup
[463.680s][info][gc             ] GC(1038) Pause Cleanup 555M->555M(1024M) 0.198ms
[463.680s][info][gc,cpu         ] GC(1038) User=0.00s Sys=0.00s Real=0.00s
[463.680s][info][gc,marking     ] GC(1038) Concurrent Clear Claimed Marks
[463.680s][info][gc,marking     ] GC(1038) Concurrent Clear Claimed Marks 0.053ms
[463.680s][info][gc,marking     ] GC(1038) Concurrent Cleanup for Next Mark
[463.682s][info][gc,marking     ] GC(1038) Concurrent Cleanup for Next Mark 1.700ms
[463.682s][info][gc             ] GC(1038) Concurrent Mark Cycle 408.855ms
[464.166s][info][gc,start       ] GC(1041) Pause Young (Prepare Mixed) (G1 Evacuation Pause)
[464.166s][info][gc,task        ] GC(1041) Using 6 workers of 6 for evacuation
[464.245s][info][gc,phases      ] GC(1041)   Pre Evacuate Collection Set: 0.7ms
[464.245s][info][gc,phases      ] GC(1041)   Merge Heap Roots: 2.1ms
[464.245s][info][gc,phases      ] GC(1041)   Evacuate Collection Set: 74.6ms
[464.245s][info][gc,phases      ] GC(1041)   Post Evacuate Collection Set: 1.0ms
[464.245s][info][gc,phases      ] GC(1041)   Other: 0.1ms
[464.245s][info][gc,heap        ] GC(1041) Eden regions: 307->0(270)
[464.245s][info][gc,heap        ] GC(1041) Survivor regions: 18->41(41)
[464.245s][info][gc,heap        ] GC(1041) Old regions: 391->444
[464.245s][info][gc,heap        ] GC(1041) Humongous regions: 8->8
[464.245s][info][gc,metaspace   ] GC(1041) Metaspace: 16613K(16960K)->16613K(16960K) NonClass: 14287K(14464K)->14287K(14464K) Class: 2325K(2496K)->2325K(2496K)
[464.245s][info][gc             ] GC(1041) Pause Young (Prepare Mixed) (G1 Evacuation Pause) 720M->489M(1024M) 78.714ms
[464.245s][info][gc,cpu         ] GC(1041) User=0.39s Sys=0.00s Real=0.08s
[464.726s][info][gc,start       ] GC(1042) Pause Young (Mixed) (G1 Evacuation Pause)
[464.727s][info][gc,task        ] GC(1042) Using 6 workers of 6 for evacuation
[464.759s][info][gc,phases      ] GC(1042)   Pre Evacuate Collection Set: 0.5ms
[464.759s][info][gc,phases      ] GC(1042)   Merge Heap Roots: 1.1ms
[464.759s][info][gc,phases      ] GC(1042)   Evacuate Collection Set: 30.5ms
[464.759s][info][gc,phases      ] GC(1042)   Post Evacuate Collection Set: 0.5ms
[464.759s][info][gc,phases      ] GC(1042)   Other: 0.1ms
[464.759s][info][gc,heap        ] GC(1042) Eden regions: 270->0(308)
[464.759s][info][gc,heap        ] GC(1042) Survivor regions: 41->3(39)
[464.759s][info][gc,heap        ] GC(1042) Old regions: 444->463
[464.759s][info][gc,heap        ] GC(1042) Humongous regions: 8->8
[464.759s][info][gc,metaspace   ] GC(1042) Metaspace: 16613K(16960K)->16613K(16960K) NonClass: 14287K(14464K)->14287K(14464K) Class: 2325K(2496K)->2325K(2496K)
[464.759s][info][gc             ] GC(1042) Pause Young (Mixed) (G1 Evacuation Pause) 759M->470M(1024M) 32.958ms
[464.759s][info][gc,cpu         ] GC(1042) User=0.11s Sys=0.00s Real=0.04s
[465.618s][info][gc,start       ] GC(1043) Pause Full (System.gc())
[465.618s][info][gc,task        ] GC(1043) Using 6 workers of 6 for full compaction
[465.619s][info][gc,phases,start] GC(1043) Phase 1: Mark live objects
[465.621s][info][gc,phases      ] GC(1043) Phase 1: Mark live objects 2.246ms
[465.621s][info][gc,phases,start] GC(1043) Phase 2: Prepare compaction
[465.622s][info][gc,phases      ] GC(1043) Phase 2: Prepare compaction 0.868ms
[465.622s][info][gc,phases,start] GC(1043) Phase 3: Adjust pointers
[465.624s][info][gc,phases      ] GC(1043) Phase 3: Adjust pointers 2.211ms
[465.624s][info][gc,phases,start] GC(1043) Phase 4: Compact heap
[465.625s][info][gc,phases      ] GC(1043) Phase 4: Compact heap 0.519ms
[465.625s][info][gc,phases,start] GC(1043) Phase 5: Reset Metadata
[465.625s][info][gc,phases      ] GC(1043) Phase 5: Reset Metadata 0.674ms
[465.629s][info][gc,heap        ] GC(1043) Eden regions: 180->0(557)
[465.629s][info][gc,heap        ] GC(1043) Survivor regions: 3->0(39)
[465.629s][info][gc,heap        ] GC(1043) Old regions: 463->10
[465.629s][info][gc,heap        ] GC(1043) Humongous regions: 8->2
[465.629s][info][gc,metaspace   ] GC(1043) Metaspace: 16613K(16960K)->16613K(16960K) NonClass: 14287K(14464K)->14287K(14464K) Class: 2325K(2496K)->2325K(2496K)
[465.629s][info][gc             ] GC(1043) Pause Full (System.gc()) 650M->5M(1024M) 10.504ms
[465.629s][info][gc,cpu         ] GC(1043) User=0.00s Sys=0.00s Real=0.00s
[466.784s][info][gc,start       ] GC(1044) Pause Young (Concurrent Start) (G1 Evacuation Pause)
[466.784s][info][gc,task        ] GC(1044) Using 6 workers of 6 for evacuation
[466.785s][info][gc,phases      ] GC(1044)   Pre Evacuate Collection Set: 0.2ms
[466.785s][info][gc,phases      ] GC(1044)   Merge Heap Roots: 0.1ms
[466.785s][info][gc,phases      ] GC(1044)   Evacuate Collection Set: 0.4ms
[466.785s][info][gc,phases      ] GC(1044)   Post Evacuate Collection Set: 0.4ms
[466.785s][info][gc,phases      ] GC(1044)   Other: 0.1ms
[466.785s][info][gc,heap        ] GC(1044) Eden regions: 557->0(612)
[466.785s][info][gc,heap        ] GC(1044) Survivor regions: 0->2(70)
[466.785s][info][gc,heap        ] GC(1044) Old regions: 10->10
[466.785s][info][gc,heap        ] GC(1044) Humongous regions: 2->2
[466.785s][info][gc,metaspace   ] GC(1044) Metaspace: 16613K(16960K)->16613K(16960K) NonClass: 14287K(14464K)->14287K(14464K) Class: 2325K(2496K)->2325K(2496K)
[466.785s][info][gc             ] GC(1044) Pause Young (Concurrent Start) (G1 Evacuation Pause) 562M->7M(1024M) 1.317ms
[466.785s][info][gc,cpu         ] GC(1044) User=0.00s Sys=0.00s Real=0.00s
[466.785s][info][gc             ] GC(1045) Concurrent Mark Cycle
[466.785s][info][gc,marking     ] GC(1045) Concurrent Scan Root Regions
[466.786s][info][gc,marking     ] GC(1045) Concurrent Scan Root Regions 0.161ms
[466.786s][info][gc,marking     ] GC(1045) Concurrent Mark
[466.786s][info][gc,marking     ] GC(1045) Concurrent Mark From Roots
[466.786s][info][gc,task        ] GC(1045) Using 2 workers of 2 for marking
[466.789s][info][gc,marking     ] GC(1045) Concurrent Mark From Roots 3.160ms
[466.789s][info][gc,marking     ] GC(1045) Concurrent Preclean
[466.789s][info][gc,marking     ] GC(1045) Concurrent Preclean 0.021ms
[466.789s][info][gc,start       ] GC(1045) Pause Remark
[466.790s][info][gc             ] GC(1045) Pause Remark 25M->25M(1024M) 1.052ms
[466.790s][info][gc,cpu         ] GC(1045) User=0.00s Sys=0.00s Real=0.00s
[466.790s][info][gc,marking     ] GC(1045) Concurrent Mark 4.482ms
[466.790s][info][gc,marking     ] GC(1045) Concurrent Rebuild Remembered Sets and Scrub Regions
[466.791s][info][gc,marking     ] GC(1045) Concurrent Rebuild Remembered Sets and Scrub Regions 0.988ms
[466.791s][info][gc,start       ] GC(1045) Pause Cleanup
[466.791s][info][gc             ] GC(1045) Pause Cleanup 29M->29M(1024M) 0.143ms
[466.791s][info][gc,cpu         ] GC(1045) User=0.00s Sys=0.00s Real=0.00s
[466.791s][info][gc,marking     ] GC(1045) Concurrent Clear Claimed Marks
[466.791s][info][gc,marking     ] GC(1045) Concurrent Clear Claimed Marks 0.022ms
[466.791s][info][gc,marking     ] GC(1045) Concurrent Cleanup for Next Mark
[466.794s][info][gc,marking     ] GC(1045) Concurrent Cleanup for Next Mark 2.360ms
[466.794s][info][gc             ] GC(1045) Concurrent Mark Cycle 8.510ms
[466.885s][info][gc,start       ] GC(1046) Pause Young (Prepare Mixed) (G1 Evacuation Pause)
[466.885s][info][gc,task        ] GC(1046) Using 6 workers of 6 for evacuation
[466.886s][info][gc,phases      ] GC(1046)   Pre Evacuate Collection Set: 0.2ms
[466.886s][info][gc,phases      ] GC(1046)   Merge Heap Roots: 0.1ms
[466.886s][info][gc,phases      ] GC(1046)   Evacuate Collection Set: 0.3ms
[466.886s][info][gc,phases      ] GC(1046)   Post Evacuate Collection Set: 0.4ms
[466.886s][info][gc,phases      ] GC(1046)   Other: 0.1ms
[466.886s][info][gc,heap        ] GC(1046) Eden regions: 612->0(613)
[466.886s][info][gc,heap        ] GC(1046) Survivor regions: 2->1(77)
[466.886s][info][gc,heap        ] GC(1046) Old regions: 9->9
[466.886s][info][gc,heap        ] GC(1046) Humongous regions: 2->2
[466.886s][info][gc,metaspace   ] GC(1046) Metaspace: 16613K(16960K)->16613K(16960K) NonClass: 14287K(14464K)->14287K(14464K) Class: 2325K(2496K)->2325K(2496K)
[466.886s][info][gc             ] GC(1046) Pause Young (Prepare Mixed) (G1 Evacuation Pause) 619M->6M(1024M) 1.218ms
[466.886s][info][gc,cpu         ] GC(1046) User=0.00s Sys=0.00s Real=0.00s
[466.988s][info][gc,start       ] GC(1047) Pause Young (Mixed) (G1 Evacuation Pause)
[466.988s][info][gc,task        ] GC(1047) Using 6 workers of 6 for evacuation
[466.989s][info][gc,phases      ] GC(1047)   Pre Evacuate Collection Set: 0.2ms
[466.989s][info][gc,phases      ] GC(1047)   Merge Heap Roots: 0.1ms
[466.989s][info][gc,phases      ] GC(1047)   Evacuate Collection Set: 0.3ms
[466.989s][info][gc,phases      ] GC(1047)   Post Evacuate Collection Set: 0.4ms
[466.989s][info][gc,phases      ] GC(1047)   Other: 0.1ms
[466.989s][info][gc,heap        ] GC(1047) Eden regions: 613->0(613)
[466.989s][info][gc,heap        ] GC(1047) Survivor regions: 1->1(77)
[466.989s][info][gc,heap        ] GC(1047) Old regions: 9->9
[466.989s][info][gc,heap        ] GC(1047) Humongous regions: 2->2
[466.989s][info][gc,metaspace   ] GC(1047) Metaspace: 16613K(16960K)->16613K(16960K) NonClass: 14287K(14464K)->14287K(14464K) Class: 2325K(2496K)->2325K(2496K)
[466.989s][info][gc             ] GC(1047) Pause Young (Mixed) (G1 Evacuation Pause) 619M->6M(1024M) 1.228ms
[466.989s][info][gc,cpu         ] GC(1047) User=0.00s Sys=0.00s Real=0.00s
[467.087s][info][gc,start       ] GC(1048) Pause Young (Concurrent Start) (G1 Evacuation Pause)
[467.087s][info][gc,task        ] GC(1048) Using 6 workers of 6 for evacuation
[467.088s][info][gc,phases      ] GC(1048)   Pre Evacuate Collection Set: 0.3ms
[467.088s][info][gc,phases      ] GC(1048)   Merge Heap Roots: 0.1ms
[467.088s][info][gc,phases      ] GC(1048)   Evacuate Collection Set: 0.4ms
[467.088s][info][gc,phases      ] GC(1048)   Post Evacuate Collection Set: 0.3ms
[467.088s][info][gc,phases      ] GC(1048)   Other: 0.1ms
[467.088s][info][gc,heap        ] GC(1048) Eden regions: 613->0(613)
[467.088s][info][gc,heap        ] GC(1048) Survivor regions: 1->1(77)
[467.088s][info][gc,heap        ] GC(1048) Old regions: 9->9
[467.088s][info][gc,heap        ] GC(1048) Humongous regions: 2->2
[467.088s][info][gc,metaspace   ] GC(1048) Metaspace: 16613K(16960K)->16613K(16960K) NonClass: 14287K(14464K)->14287K(14464K) Class: 2325K(2496K)->2325K(2496K)
[467.088s][info][gc             ] GC(1048) Pause Young (Concurrent Start) (G1 Evacuation Pause) 619M->6M(1024M) 1.342ms
[467.088s][info][gc,cpu         ] GC(1048) User=0.00s Sys=0.00s Real=0.00s
[467.088s][info][gc             ] GC(1049) Concurrent Mark Cycle
[467.088s][info][gc,marking     ] GC(1049) Concurrent Scan Root Regions
[467.089s][info][gc,marking     ] GC(1049) Concurrent Scan Root Regions 0.262ms
[467.089s][info][gc,marking     ] GC(1049) Concurrent Mark
[467.089s][info][gc,marking     ] GC(1049) Concurrent Mark From Roots
[467.089s][info][gc,task        ] GC(1049) Using 2 workers of 2 for marking
[467.092s][info][gc,marking     ] GC(1049) Concurrent Mark From Roots 3.075ms
[467.092s][info][gc,marking     ] GC(1049) Concurrent Preclean
[467.092s][info][gc,marking     ] GC(1049) Concurrent Preclean 0.018ms
[467.092s][info][gc,start       ] GC(1049) Pause Remark
[467.093s][info][gc             ] GC(1049) Pause Remark 22M->22M(1024M) 1.041ms
[467.093s][info][gc,cpu         ] GC(1049) User=0.00s Sys=0.00s Real=0.00s
[467.093s][info][gc,marking     ] GC(1049) Concurrent Mark 4.390ms
[467.093s][info][gc,marking     ] GC(1049) Concurrent Rebuild Remembered Sets and Scrub Regions
[467.094s][info][gc,marking     ] GC(1049) Concurrent Rebuild Remembered Sets and Scrub Regions 0.988ms
[467.094s][info][gc,start       ] GC(1049) Pause Cleanup
[467.094s][info][gc             ] GC(1049) Pause Cleanup 27M->27M(1024M) 0.153ms
[467.094s][info][gc,cpu         ] GC(1049) User=0.00s Sys=0.00s Real=0.00s
[467.094s][info][gc,marking     ] GC(1049) Concurrent Clear Claimed Marks
[467.094s][info][gc,marking     ] GC(1049) Concurrent Clear Claimed Marks 0.030ms
[467.094s][info][gc,marking     ] GC(1049) Concurrent Cleanup for Next Mark
[467.097s][info][gc,marking     ] GC(1049) Concurrent Cleanup for Next Mark 2.354ms
[467.097s][info][gc             ] GC(1049) Concurrent Mark Cycle 8.556ms
[467.242s][info][gc,start       ] GC(1050) Pause Young (Prepare Mixed) (G1 Evacuation Pause)
[467.242s][info][gc,task        ] GC(1050) Using 6 workers of 6 for evacuation
[467.279s][info][gc,phases      ] GC(1050)   Pre Evacuate Collection Set: 0.2ms
[467.279s][info][gc,phases      ] GC(1050)   Merge Heap Roots: 0.1ms
[467.279s][info][gc,phases      ] GC(1050)   Evacuate Collection Set: 36.8ms
[467.279s][info][gc,phases      ] GC(1050)   Post Evacuate Collection Set: 0.6ms
[467.280s][info][gc,phases      ] GC(1050)   Other: 0.1ms
[467.280s][info][gc,heap        ] GC(1050) Eden regions: 613->0(537)
[467.280s][info][gc,heap        ] GC(1050) Survivor regions: 1->77(77)
[467.280s][info][gc,heap        ] GC(1050) Old regions: 9->15
[467.280s][info][gc,heap        ] GC(1050) Humongous regions: 3->3
[467.280s][info][gc,metaspace   ] GC(1050) Metaspace: 16613K(16960K)->16613K(16960K) NonClass: 14287K(14464K)->14287K(14464K) Class: 2325K(2496K)->2325K(2496K)
[467.280s][info][gc             ] GC(1050) Pause Young (Prepare Mixed) (G1 Evacuation Pause) 620M->90M(1024M) 37.943ms
[467.280s][info][gc,cpu         ] GC(1050) User=0.05s Sys=0.00s Real=0.05s
[467.792s][info][gc,start       ] GC(1051) Pause Young (Mixed) (G1 Evacuation Pause)
[467.792s][info][gc,task        ] GC(1051) Using 6 workers of 6 for evacuation
[467.987s][info][gc,phases      ] GC(1051)   Pre Evacuate Collection Set: 0.3ms
[467.987s][info][gc,phases      ] GC(1051)   Merge Heap Roots: 0.1ms
[467.987s][info][gc,phases      ] GC(1051)   Evacuate Collection Set: 181.9ms
[467.987s][info][gc,phases      ] GC(1051)   Post Evacuate Collection Set: 11.8ms
[467.987s][info][gc,phases      ] GC(1051)   Other: 0.1ms
[467.987s][info][gc,heap        ] GC(1051) Eden regions: 537->0(0)
[467.987s][info][gc,heap        ] GC(1051) Survivor regions: 77->77(77)
[467.987s][info][gc,heap        ] GC(1051) Old regions: 15->926
[467.987s][info][gc,heap        ] GC(1051) Humongous regions: 4->4
[467.987s][info][gc,metaspace   ] GC(1051) Metaspace: 16613K(16960K)->16613K(16960K) NonClass: 14287K(14464K)->14287K(14464K) Class: 2325K(2496K)->2325K(2496K)
[467.987s][info][gc             ] GC(1051) Pause Young (Mixed) (G1 Evacuation Pause) (Evacuation Failure) 628M->1003M(1024M) 194.442ms
[467.987s][info][gc,cpu         ] GC(1051) User=1.20s Sys=0.00s Real=0.20s
[467.987s][info][gc,ergo        ] Attempting full compaction
[467.987s][info][gc,start       ] GC(1052) Pause Full (G1 Compaction Pause)
[467.987s][info][gc,task        ] GC(1052) Using 6 workers of 6 for full compaction
[467.987s][info][gc,phases,start] GC(1052) Phase 1: Mark live objects
[468.101s][info][gc,phases      ] GC(1052) Phase 1: Mark live objects 114.426ms
[468.101s][info][gc,phases,start] GC(1052) Phase 2: Prepare compaction
[468.113s][info][gc,phases      ] GC(1052) Phase 2: Prepare compaction 11.198ms
[468.113s][info][gc,phases,start] GC(1052) Phase 3: Adjust pointers
[468.145s][info][gc,phases      ] GC(1052) Phase 3: Adjust pointers 31.946ms
[468.145s][info][gc,phases,start] GC(1052) Phase 4: Compact heap
[468.155s][info][gc,phases      ] GC(1052) Phase 4: Compact heap 10.356ms
[468.155s][info][gc,phases,start] GC(1052) Phase 5: Reset Metadata
[468.169s][info][gc,phases      ] GC(1052) Phase 5: Reset Metadata 13.640ms
[468.175s][info][gc,heap        ] GC(1052) Eden regions: 0->0(316)
[468.175s][info][gc,heap        ] GC(1052) Survivor regions: 77->0(77)
[468.175s][info][gc,heap        ] GC(1052) Old regions: 926->419
[468.175s][info][gc,heap        ] GC(1052) Humongous regions: 4->4
[468.175s][info][gc,metaspace   ] GC(1052) Metaspace: 16613K(16960K)->16613K(16960K) NonClass: 14287K(14464K)->14287K(14464K) Class: 2325K(2496K)->2325K(2496K)
[468.175s][info][gc             ] GC(1052) Pause Full (G1 Compaction Pause) 1003M->419M(1024M) 187.892ms
[468.175s][info][gc,cpu         ] GC(1052) User=0.75s Sys=0.00s Real=0.19s
[470.762s][info][gc,start       ] GC(1053) Pause Young (Concurrent Start) (G1 Evacuation Pause)
[470.762s][info][gc,task        ] GC(1053) Using 6 workers of 6 for evacuation
[470.839s][info][gc,phases      ] GC(1053)   Pre Evacuate Collection Set: 0.3ms
[470.839s][info][gc,phases      ] GC(1053)   Merge Heap Roots: 1.1ms
[470.839s][info][gc,phases      ] GC(1053)   Evacuate Collection Set: 74.4ms
[470.839s][info][gc,phases      ] GC(1053)   Post Evacuate Collection Set: 0.6ms
[470.839s][info][gc,phases      ] GC(1053)   Other: 0.1ms
[470.839s][info][gc,heap        ] GC(1053) Eden regions: 316->0(244)
[470.839s][info][gc,heap        ] GC(1053) Survivor regions: 0->40(40)
[470.839s][info][gc,heap        ] GC(1053) Old regions: 419->493
[470.839s][info][gc,heap        ] GC(1053) Humongous regions: 4->4
[470.839s][info][gc,metaspace   ] GC(1053) Metaspace: 16613K(16960K)->16613K(16960K) NonClass: 14287K(14464K)->14287K(14464K) Class: 2325K(2496K)->2325K(2496K)
[470.839s][info][gc             ] GC(1053) Pause Young (Concurrent Start) (G1 Evacuation Pause) 735M->533M(1024M) 76.742ms
[470.839s][info][gc             ] GC(1054) Concurrent Mark Cycle
[470.839s][info][gc,cpu         ] GC(1053) User=0.36s Sys=0.00s Real=0.08s
[470.839s][info][gc,marking     ] GC(1054) Concurrent Scan Root Regions
[470.862s][info][gc,marking     ] GC(1054) Concurrent Scan Root Regions 23.128ms
[470.862s][info][gc,marking     ] GC(1054) Concurrent Mark
[470.862s][info][gc,marking     ] GC(1054) Concurrent Mark From Roots
[470.862s][info][gc,task        ] GC(1054) Using 2 workers of 2 for marking
[470.923s][info][gc,marking     ] GC(1054) Concurrent Mark From Roots 60.254ms
[470.923s][info][gc,marking     ] GC(1054) Concurrent Preclean
[470.923s][info][gc,marking     ] GC(1054) Concurrent Preclean 0.050ms
[470.923s][info][gc,start       ] GC(1054) Pause Remark
[470.924s][info][gc             ] GC(1054) Pause Remark 668M->571M(1024M) 1.293ms
[470.924s][info][gc,cpu         ] GC(1054) User=0.00s Sys=0.00s Real=0.00s
[470.924s][info][gc,marking     ] GC(1054) Concurrent Mark 61.849ms
[470.924s][info][gc,marking     ] GC(1054) Concurrent Rebuild Remembered Sets and Scrub Regions
[470.992s][info][gc,start       ] GC(1055) Pause Young (Normal) (G1 Evacuation Pause)
[470.992s][info][gc,task        ] GC(1055) Using 6 workers of 6 for evacuation
[471.067s][info][gc,phases      ] GC(1055)   Pre Evacuate Collection Set: 0.2ms
[471.067s][info][gc,phases      ] GC(1055)   Merge Heap Roots: 0.8ms
[471.067s][info][gc,phases      ] GC(1055)   Evacuate Collection Set: 73.2ms
[471.067s][info][gc,phases      ] GC(1055)   Post Evacuate Collection Set: 0.9ms
[471.067s][info][gc,phases      ] GC(1055)   Other: 0.1ms
[471.067s][info][gc,heap        ] GC(1055) Eden regions: 244->0(238)
[471.067s][info][gc,heap        ] GC(1055) Survivor regions: 40->36(36)
[471.067s][info][gc,heap        ] GC(1055) Old regions: 396->502
[471.067s][info][gc,heap        ] GC(1055) Humongous regions: 3->3
[471.067s][info][gc,metaspace   ] GC(1055) Metaspace: 16613K(16960K)->16613K(16960K) NonClass: 14287K(14464K)->14287K(14464K) Class: 2325K(2496K)->2325K(2496K)
[471.067s][info][gc             ] GC(1055) Pause Young (Normal) (G1 Evacuation Pause) 680M->539M(1024M) 75.372ms
[471.067s][info][gc,cpu         ] GC(1055) User=0.39s Sys=0.00s Real=0.08s
[471.087s][info][gc,marking     ] GC(1054) Concurrent Rebuild Remembered Sets and Scrub Regions 163.021ms
[471.087s][info][gc,start       ] GC(1054) Pause Cleanup
[471.088s][info][gc             ] GC(1054) Pause Cleanup 571M->571M(1024M) 0.522ms
[471.088s][info][gc,cpu         ] GC(1054) User=0.00s Sys=0.00s Real=0.00s
[471.088s][info][gc,marking     ] GC(1054) Concurrent Clear Claimed Marks
[471.088s][info][gc,marking     ] GC(1054) Concurrent Clear Claimed Marks 0.019ms
[471.088s][info][gc,marking     ] GC(1054) Concurrent Cleanup for Next Mark
[471.089s][info][gc,marking     ] GC(1054) Concurrent Cleanup for Next Mark 1.350ms
[471.089s][info][gc             ] GC(1054) Concurrent Mark Cycle 250.238ms
[471.212s][info][gc,start       ] GC(1056) Pause Young (Prepare Mixed) (G1 Evacuation Pause)
[471.212s][info][gc,task        ] GC(1056) Using 6 workers of 6 for evacuation
[471.290s][info][gc,phases      ] GC(1056)   Pre Evacuate Collection Set: 0.3ms
[471.290s][info][gc,phases      ] GC(1056)   Merge Heap Roots: 1.1ms
[471.290s][info][gc,phases      ] GC(1056)   Evacuate Collection Set: 75.2ms
[471.290s][info][gc,phases      ] GC(1056)   Post Evacuate Collection Set: 0.5ms
[471.290s][info][gc,phases      ] GC(1056)   Other: 0.1ms
[471.290s][info][gc,heap        ] GC(1056) Eden regions: 238->0(186)
[471.290s][info][gc,heap        ] GC(1056) Survivor regions: 36->35(35)
[471.290s][info][gc,heap        ] GC(1056) Old regions: 502->604
[471.290s][info][gc,heap        ] GC(1056) Humongous regions: 3->3
[471.290s][info][gc,metaspace   ] GC(1056) Metaspace: 16613K(16960K)->16613K(16960K) NonClass: 14287K(14464K)->14287K(14464K) Class: 2325K(2496K)->2325K(2496K)
[471.290s][info][gc             ] GC(1056) Pause Young (Prepare Mixed) (G1 Evacuation Pause) 777M->640M(1024M) 77.365ms
[471.290s][info][gc,cpu         ] GC(1056) User=0.39s Sys=0.00s Real=0.07s
[471.403s][info][gc,start       ] GC(1057) Pause Young (Mixed) (G1 Evacuation Pause)
[471.403s][info][gc,task        ] GC(1057) Using 6 workers of 6 for evacuation
[471.460s][info][gc,phases      ] GC(1057)   Pre Evacuate Collection Set: 0.4ms
[471.460s][info][gc,phases      ] GC(1057)   Merge Heap Roots: 0.3ms
[471.460s][info][gc,phases      ] GC(1057)   Evacuate Collection Set: 55.3ms
[471.460s][info][gc,phases      ] GC(1057)   Post Evacuate Collection Set: 0.4ms
[471.460s][info][gc,phases      ] GC(1057)   Other: 0.1ms
[471.460s][info][gc,heap        ] GC(1057) Eden regions: 186->0(197)
[471.460s][info][gc,heap        ] GC(1057) Survivor regions: 35->28(28)
[471.460s][info][gc,heap        ] GC(1057) Old regions: 604->590
[471.460s][info][gc,heap        ] GC(1057) Humongous regions: 3->3
[471.460s][info][gc,metaspace   ] GC(1057) Metaspace: 16613K(16960K)->16613K(16960K) NonClass: 14287K(14464K)->14287K(14464K) Class: 2325K(2496K)->2325K(2496K)
[471.460s][info][gc             ] GC(1057) Pause Young (Mixed) (G1 Evacuation Pause) 826M->620M(1024M) 56.706ms
[471.460s][info][gc,cpu         ] GC(1057) User=0.30s Sys=0.00s Real=0.06s
[472.076s][info][gc,start       ] GC(1058) Pause Young (Mixed) (G1 Evacuation Pause)
[472.076s][info][gc,task        ] GC(1058) Using 6 workers of 6 for evacuation
[472.154s][info][gc,phases      ] GC(1058)   Pre Evacuate Collection Set: 0.3ms
[472.154s][info][gc,phases      ] GC(1058)   Merge Heap Roots: 2.5ms
[472.154s][info][gc,phases      ] GC(1058)   Evacuate Collection Set: 74.1ms
[472.154s][info][gc,phases      ] GC(1058)   Post Evacuate Collection Set: 1.0ms
[472.154s][info][gc,phases      ] GC(1058)   Other: 0.1ms
[472.154s][info][gc,heap        ] GC(1058) Eden regions: 197->0(208)
[472.154s][info][gc,heap        ] GC(1058) Survivor regions: 28->29(29)
[472.154s][info][gc,heap        ] GC(1058) Old regions: 590->561
[472.154s][info][gc,heap        ] GC(1058) Humongous regions: 9->9
[472.154s][info][gc,metaspace   ] GC(1058) Metaspace: 16613K(16960K)->16613K(16960K) NonClass: 14287K(14464K)->14287K(14464K) Class: 2325K(2496K)->2325K(2496K)
[472.155s][info][gc             ] GC(1058) Pause Young (Mixed) (G1 Evacuation Pause) 823M->598M(1024M) 78.275ms
[472.155s][info][gc,cpu         ] GC(1058) User=0.39s Sys=0.00s Real=0.08s
[472.535s][info][gc,start       ] GC(1059) Pause Young (Mixed) (G1 Evacuation Pause)
[472.535s][info][gc,task        ] GC(1059) Using 6 workers of 6 for evacuation
[472.565s][info][gc,phases      ] GC(1059)   Pre Evacuate Collection Set: 0.5ms
[472.565s][info][gc,phases      ] GC(1059)   Merge Heap Roots: 1.2ms
[472.565s][info][gc,phases      ] GC(1059)   Evacuate Collection Set: 27.8ms
[472.565s][info][gc,phases      ] GC(1059)   Post Evacuate Collection Set: 0.6ms
[472.565s][info][gc,phases      ] GC(1059)   Other: 0.1ms
[472.565s][info][gc,heap        ] GC(1059) Eden regions: 208->0(235)
[472.565s][info][gc,heap        ] GC(1059) Survivor regions: 29->6(30)
[472.565s][info][gc,heap        ] GC(1059) Old regions: 561->569
[472.565s][info][gc,heap        ] GC(1059) Humongous regions: 9->9
[472.565s][info][gc,metaspace   ] GC(1059) Metaspace: 16613K(16960K)->16613K(16960K) NonClass: 14287K(14464K)->14287K(14464K) Class: 2325K(2496K)->2325K(2496K)
[472.565s][info][gc             ] GC(1059) Pause Young (Mixed) (G1 Evacuation Pause) 806M->583M(1024M) 30.490ms
[472.565s][info][gc,cpu         ] GC(1059) User=0.11s Sys=0.00s Real=0.03s
[472.980s][info][gc,start       ] GC(1060) Pause Young (Concurrent Start) (G1 Evacuation Pause)
[472.980s][info][gc,task        ] GC(1060) Using 6 workers of 6 for evacuation
[472.988s][info][gc,phases      ] GC(1060)   Pre Evacuate Collection Set: 0.3ms
[472.988s][info][gc,phases      ] GC(1060)   Merge Heap Roots: 0.4ms
[472.988s][info][gc,phases      ] GC(1060)   Evacuate Collection Set: 6.7ms
[472.988s][info][gc,phases      ] GC(1060)   Post Evacuate Collection Set: 0.5ms
[472.988s][info][gc,phases      ] GC(1060)   Other: 0.1ms
[472.988s][info][gc,heap        ] GC(1060) Eden regions: 235->0(263)
[472.988s][info][gc,heap        ] GC(1060) Survivor regions: 6->2(31)
[472.988s][info][gc,heap        ] GC(1060) Old regions: 569->569
[472.988s][info][gc,heap        ] GC(1060) Humongous regions: 9->9
[472.988s][info][gc,metaspace   ] GC(1060) Metaspace: 16613K(16960K)->16613K(16960K) NonClass: 14287K(14464K)->14287K(14464K) Class: 2325K(2496K)->2325K(2496K)
[472.988s][info][gc             ] GC(1060) Pause Young (Concurrent Start) (G1 Evacuation Pause) 818M->579M(1024M) 8.210ms
[472.988s][info][gc,cpu         ] GC(1060) User=0.02s Sys=0.00s Real=0.01s
[472.988s][info][gc             ] GC(1061) Concurrent Mark Cycle
[472.988s][info][gc,marking     ] GC(1061) Concurrent Scan Root Regions
[472.989s][info][gc,marking     ] GC(1061) Concurrent Scan Root Regions 0.851ms
[472.989s][info][gc,marking     ] GC(1061) Concurrent Mark
[472.989s][info][gc,marking     ] GC(1061) Concurrent Mark From Roots
[472.989s][info][gc,task        ] GC(1061) Using 2 workers of 2 for marking
[473.218s][info][gc,marking     ] GC(1061) Concurrent Mark From Roots 228.829ms
[473.218s][info][gc,marking     ] GC(1061) Concurrent Preclean
[473.218s][info][gc,marking     ] GC(1061) Concurrent Preclean 0.064ms
[473.218s][info][gc,start       ] GC(1061) Pause Remark
[473.219s][info][gc             ] GC(1061) Pause Remark 605M->464M(1024M) 1.253ms
[473.219s][info][gc,cpu         ] GC(1061) User=0.00s Sys=0.00s Real=0.00s
[473.219s][info][gc,marking     ] GC(1061) Concurrent Mark 230.360ms
[473.219s][info][gc,marking     ] GC(1061) Concurrent Rebuild Remembered Sets and Scrub Regions
[473.328s][info][gc,marking     ] GC(1061) Concurrent Rebuild Remembered Sets and Scrub Regions 108.213ms
[473.328s][info][gc,start       ] GC(1061) Pause Cleanup
[473.328s][info][gc             ] GC(1061) Pause Cleanup 479M->479M(1024M) 0.313ms
[473.328s][info][gc,cpu         ] GC(1061) User=0.00s Sys=0.00s Real=0.00s
[473.328s][info][gc,marking     ] GC(1061) Concurrent Clear Claimed Marks
[473.328s][info][gc,marking     ] GC(1061) Concurrent Clear Claimed Marks 0.069ms
[473.328s][info][gc,marking     ] GC(1061) Concurrent Cleanup for Next Mark
[473.330s][info][gc,marking     ] GC(1061) Concurrent Cleanup for Next Mark 1.676ms
[473.330s][info][gc             ] GC(1061) Concurrent Mark Cycle 341.808ms
[473.706s][info][gc,start       ] GC(1062) Pause Full (System.gc())
[473.706s][info][gc,task        ] GC(1062) Using 6 workers of 6 for full compaction
[473.706s][info][gc,phases,start] GC(1062) Phase 1: Mark live objects
[473.709s][info][gc,phases      ] GC(1062) Phase 1: Mark live objects 2.657ms
[473.709s][info][gc,phases,start] GC(1062) Phase 2: Prepare compaction
[473.710s][info][gc,phases      ] GC(1062) Phase 2: Prepare compaction 0.688ms
[473.710s][info][gc,phases,start] GC(1062) Phase 3: Adjust pointers
[473.712s][info][gc,phases      ] GC(1062) Phase 3: Adjust pointers 2.101ms
[473.712s][info][gc,phases,start] GC(1062) Phase 4: Compact heap
[473.713s][info][gc,phases      ] GC(1062) Phase 4: Compact heap 0.761ms
[473.713s][info][gc,phases,start] GC(1062) Phase 5: Reset Metadata
[473.714s][info][gc,phases      ] GC(1062) Phase 5: Reset Metadata 0.872ms
[473.717s][info][gc,heap        ] GC(1062) Eden regions: 93->0(614)
[473.717s][info][gc,heap        ] GC(1062) Survivor regions: 2->0(31)
[473.717s][info][gc,heap        ] GC(1062) Old regions: 432->9
[473.717s][info][gc,heap        ] GC(1062) Humongous regions: 5->2
[473.717s][info][gc,metaspace   ] GC(1062) Metaspace: 16613K(16960K)->16613K(16960K) NonClass: 14287K(14464K)->14287K(14464K) Class: 2325K(2496K)->2325K(2496K)
[473.717s][info][gc             ] GC(1062) Pause Full (System.gc()) 531M->5M(1024M) 11.235ms
[473.717s][info][gc,cpu         ] GC(1062) User=0.02s Sys=0.00s Real=0.02s
[474.858s][info][gc,start       ] GC(1063) Pause Young (Normal) (G1 Evacuation Pause)
[474.858s][info][gc,task        ] GC(1063) Using 6 workers of 6 for evacuation
[474.859s][info][gc,phases      ] GC(1063)   Pre Evacuate Collection Set: 0.2ms
[474.859s][info][gc,phases      ] GC(1063)   Merge Heap Roots: 0.1ms
[474.859s][info][gc,phases      ] GC(1063)   Evacuate Collection Set: 0.3ms
[474.859s][info][gc,phases      ] GC(1063)   Post Evacuate Collection Set: 0.4ms
[474.859s][info][gc,phases      ] GC(1063)   Other: 0.1ms
[474.859s][info][gc,heap        ] GC(1063) Eden regions: 614->0(613)
[474.859s][info][gc,heap        ] GC(1063) Survivor regions: 0->1(77)
[474.859s][info][gc,heap        ] GC(1063) Old regions: 9->9
[474.859s][info][gc,heap        ] GC(1063) Humongous regions: 2->2
[474.859s][info][gc,metaspace   ] GC(1063) Metaspace: 16613K(16960K)->16613K(16960K) NonClass: 14287K(14464K)->14287K(14464K) Class: 2325K(2496K)->2325K(2496K)
[474.859s][info][gc             ] GC(1063) Pause Young (Normal) (G1 Evacuation Pause) 619M->6M(1024M) 1.259ms
[474.859s][info][gc,cpu         ] GC(1063) User=0.00s Sys=0.00s Real=0.00s
[474.960s][info][gc,start       ] GC(1064) Pause Young (Normal) (G1 Evacuation Pause)
[474.960s][info][gc,task        ] GC(1064) Using 6 workers of 6 for evacuation
[474.961s][info][gc,phases      ] GC(1064)   Pre Evacuate Collection Set: 0.2ms
[474.962s][info][gc,phases      ] GC(1064)   Merge Heap Roots: 0.1ms
[474.962s][info][gc,phases      ] GC(1064)   Evacuate Collection Set: 0.4ms
[474.962s][info][gc,phases      ] GC(1064)   Post Evacuate Collection Set: 0.4ms
[474.962s][info][gc,phases      ] GC(1064)   Other: 0.1ms
[474.962s][info][gc,heap        ] GC(1064) Eden regions: 613->0(613)
[474.962s][info][gc,heap        ] GC(1064) Survivor regions: 1->1(77)
[474.962s][info][gc,heap        ] GC(1064) Old regions: 9->9
[474.962s][info][gc,heap        ] GC(1064) Humongous regions: 2->2
[474.962s][info][gc,metaspace   ] GC(1064) Metaspace: 16613K(16960K)->16613K(16960K) NonClass: 14287K(14464K)->14287K(14464K) Class: 2325K(2496K)->2325K(2496K)
[474.962s][info][gc             ] GC(1064) Pause Young (Normal) (G1 Evacuation Pause) 619M->6M(1024M) 1.339ms
[474.962s][info][gc,cpu         ] GC(1064) User=0.00s Sys=0.00s Real=0.00s
[475.058s][info][gc,start       ] GC(1065) Pause Young (Concurrent Start) (G1 Evacuation Pause)
[475.058s][info][gc,task        ] GC(1065) Using 6 workers of 6 for evacuation
[475.059s][info][gc,phases      ] GC(1065)   Pre Evacuate Collection Set: 0.2ms
[475.059s][info][gc,phases      ] GC(1065)   Merge Heap Roots: 0.1ms
[475.059s][info][gc,phases      ] GC(1065)   Evacuate Collection Set: 0.4ms
[475.059s][info][gc,phases      ] GC(1065)   Post Evacuate Collection Set: 0.4ms
[475.059s][info][gc,phases      ] GC(1065)   Other: 0.1ms
[475.059s][info][gc,heap        ] GC(1065) Eden regions: 613->0(613)
[475.059s][info][gc,heap        ] GC(1065) Survivor regions: 1->1(77)
[475.059s][info][gc,heap        ] GC(1065) Old regions: 9->9
[475.059s][info][gc,heap        ] GC(1065) Humongous regions: 2->2
[475.059s][info][gc,metaspace   ] GC(1065) Metaspace: 16613K(16960K)->16613K(16960K) NonClass: 14287K(14464K)->14287K(14464K) Class: 2325K(2496K)->2325K(2496K)
[475.059s][info][gc             ] GC(1065) Pause Young (Concurrent Start) (G1 Evacuation Pause) 619M->6M(1024M) 1.344ms
[475.059s][info][gc,cpu         ] GC(1065) User=0.00s Sys=0.00s Real=0.00s
[475.059s][info][gc             ] GC(1066) Concurrent Mark Cycle
[475.059s][info][gc,marking     ] GC(1066) Concurrent Scan Root Regions
[475.060s][info][gc,marking     ] GC(1066) Concurrent Scan Root Regions 0.271ms
[475.060s][info][gc,marking     ] GC(1066) Concurrent Mark
[475.060s][info][gc,marking     ] GC(1066) Concurrent Mark From Roots
[475.060s][info][gc,task        ] GC(1066) Using 2 workers of 2 for marking
[475.063s][info][gc,marking     ] GC(1066) Concurrent Mark From Roots 3.139ms
[475.063s][info][gc,marking     ] GC(1066) Concurrent Preclean
[475.063s][info][gc,marking     ] GC(1066) Concurrent Preclean 0.021ms
[475.063s][info][gc,start       ] GC(1066) Pause Remark
[475.064s][info][gc             ] GC(1066) Pause Remark 24M->24M(1024M) 1.076ms
[475.064s][info][gc,cpu         ] GC(1066) User=0.00s Sys=0.00s Real=0.00s
[475.064s][info][gc,marking     ] GC(1066) Concurrent Mark 4.501ms
[475.064s][info][gc,marking     ] GC(1066) Concurrent Rebuild Remembered Sets and Scrub Regions
[475.065s][info][gc,marking     ] GC(1066) Concurrent Rebuild Remembered Sets and Scrub Regions 1.006ms
[475.065s][info][gc,start       ] GC(1066) Pause Cleanup
[475.066s][info][gc             ] GC(1066) Pause Cleanup 30M->30M(1024M) 0.109ms
[475.066s][info][gc,cpu         ] GC(1066) User=0.00s Sys=0.00s Real=0.00s
[475.066s][info][gc,marking     ] GC(1066) Concurrent Clear Claimed Marks
[475.066s][info][gc,marking     ] GC(1066) Concurrent Clear Claimed Marks 0.021ms
[475.066s][info][gc,marking     ] GC(1066) Concurrent Cleanup for Next Mark
[475.068s][info][gc,marking     ] GC(1066) Concurrent Cleanup for Next Mark 2.570ms
[475.068s][info][gc             ] GC(1066) Concurrent Mark Cycle 8.865ms
[475.160s][info][gc,start       ] GC(1067) Pause Young (Prepare Mixed) (G1 Evacuation Pause)
[475.160s][info][gc,task        ] GC(1067) Using 6 workers of 6 for evacuation
[475.161s][info][gc,phases      ] GC(1067)   Pre Evacuate Collection Set: 0.2ms
[475.161s][info][gc,phases      ] GC(1067)   Merge Heap Roots: 0.1ms
[475.161s][info][gc,phases      ] GC(1067)   Evacuate Collection Set: 0.3ms
[475.161s][info][gc,phases      ] GC(1067)   Post Evacuate Collection Set: 0.4ms
[475.161s][info][gc,phases      ] GC(1067)   Other: 0.1ms
[475.161s][info][gc,heap        ] GC(1067) Eden regions: 613->0(613)
[475.161s][info][gc,heap        ] GC(1067) Survivor regions: 1->1(77)
[475.161s][info][gc,heap        ] GC(1067) Old regions: 9->9
[475.161s][info][gc,heap        ] GC(1067) Humongous regions: 2->2
[475.161s][info][gc,metaspace   ] GC(1067) Metaspace: 16613K(16960K)->16613K(16960K) NonClass: 14287K(14464K)->14287K(14464K) Class: 2325K(2496K)->2325K(2496K)
[475.161s][info][gc             ] GC(1067) Pause Young (Prepare Mixed) (G1 Evacuation Pause) 619M->6M(1024M) 1.242ms
[475.161s][info][gc,cpu         ] GC(1067) User=0.00s Sys=0.00s Real=0.01s
[475.343s][info][gc,start       ] GC(1068) Pause Young (Mixed) (G1 Evacuation Pause)
[475.343s][info][gc,task        ] GC(1068) Using 6 workers of 6 for evacuation
[475.400s][info][gc,phases      ] GC(1068)   Pre Evacuate Collection Set: 0.2ms
[475.400s][info][gc,phases      ] GC(1068)   Merge Heap Roots: 0.1ms
[475.400s][info][gc,phases      ] GC(1068)   Evacuate Collection Set: 55.4ms
[475.400s][info][gc,phases      ] GC(1068)   Post Evacuate Collection Set: 0.6ms
[475.400s][info][gc,phases      ] GC(1068)   Other: 0.1ms
[475.400s][info][gc,heap        ] GC(1068) Eden regions: 613->0(537)
[475.400s][info][gc,heap        ] GC(1068) Survivor regions: 1->77(77)
[475.400s][info][gc,heap        ] GC(1068) Old regions: 9->55
[475.400s][info][gc,heap        ] GC(1068) Humongous regions: 3->3
[475.400s][info][gc,metaspace   ] GC(1068) Metaspace: 16613K(16960K)->16613K(16960K) NonClass: 14287K(14464K)->14287K(14464K) Class: 2325K(2496K)->2325K(2496K)
[475.400s][info][gc             ] GC(1068) Pause Young (Mixed) (G1 Evacuation Pause) 620M->130M(1024M) 56.501ms
[475.400s][info][gc,cpu         ] GC(1068) User=0.30s Sys=0.00s Real=0.06s
[475.757s][info][gc,start       ] GC(1069) Pause Young (Concurrent Start) (G1 Humongous Allocation)
[475.757s][info][gc,task        ] GC(1069) Using 6 workers of 6 for evacuation
[475.925s][info][gc,phases      ] GC(1069)   Pre Evacuate Collection Set: 0.2ms
[475.925s][info][gc,phases      ] GC(1069)   Merge Heap Roots: 0.3ms
[475.925s][info][gc,phases      ] GC(1069)   Evacuate Collection Set: 166.2ms
[475.925s][info][gc,phases      ] GC(1069)   Post Evacuate Collection Set: 1.1ms
[475.925s][info][gc,phases      ] GC(1069)   Other: 0.1ms
[475.925s][info][gc,heap        ] GC(1069) Eden regions: 453->0(286)
[475.925s][info][gc,heap        ] GC(1069) Survivor regions: 77->77(77)
[475.925s][info][gc,heap        ] GC(1069) Old regions: 55->356
[475.925s][info][gc,heap        ] GC(1069) Humongous regions: 3->3
[475.925s][info][gc,metaspace   ] GC(1069) Metaspace: 16613K(16960K)->16613K(16960K) NonClass: 14287K(14464K)->14287K(14464K) Class: 2325K(2496K)->2325K(2496K)
[475.925s][info][gc             ] GC(1069) Pause Young (Concurrent Start) (G1 Humongous Allocation) 583M->431M(1024M) 167.989ms
[475.925s][info][gc             ] GC(1070) Concurrent Mark Cycle
[475.925s][info][gc,cpu         ] GC(1069) User=0.92s Sys=0.02s Real=0.17s
[475.925s][info][gc,marking     ] GC(1070) Concurrent Scan Root Regions
[476.004s][info][gc,marking     ] GC(1070) Concurrent Scan Root Regions 79.074ms
[476.004s][info][gc,marking     ] GC(1070) Concurrent Mark
[476.004s][info][gc,marking     ] GC(1070) Concurrent Mark From Roots
[476.004s][info][gc,task        ] GC(1070) Using 2 workers of 2 for marking
[476.045s][info][gc,marking     ] GC(1070) Concurrent Mark From Roots 40.987ms
[476.045s][info][gc,marking     ] GC(1070) Concurrent Preclean
[476.045s][info][gc,marking     ] GC(1070) Concurrent Preclean 0.045ms
[476.045s][info][gc,start       ] GC(1070) Pause Remark
[476.047s][info][gc             ] GC(1070) Pause Remark 467M->467M(1024M) 1.172ms
[476.047s][info][gc,cpu         ] GC(1070) User=0.00s Sys=0.00s Real=0.00s
[476.047s][info][gc,marking     ] GC(1070) Concurrent Mark 42.483ms
[476.047s][info][gc,marking     ] GC(1070) Concurrent Rebuild Remembered Sets and Scrub Regions
[476.147s][info][gc,marking     ] GC(1070) Concurrent Rebuild Remembered Sets and Scrub Regions 99.988ms
[476.147s][info][gc,start       ] GC(1070) Pause Cleanup
[476.147s][info][gc             ] GC(1070) Pause Cleanup 507M->507M(1024M) 0.161ms
[476.147s][info][gc,cpu         ] GC(1070) User=0.00s Sys=0.00s Real=0.00s
[476.147s][info][gc,marking     ] GC(1070) Concurrent Clear Claimed Marks
[476.147s][info][gc,marking     ] GC(1070) Concurrent Clear Claimed Marks 0.022ms
[476.147s][info][gc,marking     ] GC(1070) Concurrent Cleanup for Next Mark
[476.149s][info][gc,marking     ] GC(1070) Concurrent Cleanup for Next Mark 1.741ms
[476.149s][info][gc             ] GC(1070) Concurrent Mark Cycle 223.819ms
[478.965s][info][gc,start       ] GC(1071) Pause Young (Prepare Mixed) (G1 Evacuation Pause)
[478.965s][info][gc,task        ] GC(1071) Using 6 workers of 6 for evacuation
[479.059s][info][gc,phases      ] GC(1071)   Pre Evacuate Collection Set: 0.3ms
[479.059s][info][gc,phases      ] GC(1071)   Merge Heap Roots: 1.9ms
[479.059s][info][gc,phases      ] GC(1071)   Evacuate Collection Set: 91.4ms
[479.059s][info][gc,phases      ] GC(1071)   Post Evacuate Collection Set: 0.7ms
[479.059s][info][gc,phases      ] GC(1071)   Other: 0.1ms
[479.059s][info][gc,heap        ] GC(1071) Eden regions: 286->0(243)
[479.059s][info][gc,heap        ] GC(1071) Survivor regions: 77->46(46)
[479.059s][info][gc,heap        ] GC(1071) Old regions: 356->473
[479.059s][info][gc,heap        ] GC(1071) Humongous regions: 4->4
[479.059s][info][gc,metaspace   ] GC(1071) Metaspace: 16613K(16960K)->16613K(16960K) NonClass: 14287K(14464K)->14287K(14464K) Class: 2325K(2496K)->2325K(2496K)
[479.059s][info][gc             ] GC(1071) Pause Young (Prepare Mixed) (G1 Evacuation Pause) 718M->518M(1024M) 94.672ms
[479.059s][info][gc,cpu         ] GC(1071) User=0.48s Sys=0.00s Real=0.10s
[479.197s][info][gc,start       ] GC(1072) Pause Young (Mixed) (G1 Evacuation Pause)
[479.197s][info][gc,task        ] GC(1072) Using 6 workers of 6 for evacuation
[479.274s][info][gc,phases      ] GC(1072)   Pre Evacuate Collection Set: 0.2ms
[479.274s][info][gc,phases      ] GC(1072)   Merge Heap Roots: 0.8ms
[479.274s][info][gc,phases      ] GC(1072)   Evacuate Collection Set: 76.2ms
[479.274s][info][gc,phases      ] GC(1072)   Post Evacuate Collection Set: 0.4ms
[479.274s][info][gc,phases      ] GC(1072)   Other: 0.1ms
[479.274s][info][gc,heap        ] GC(1072) Eden regions: 243->0(186)
[479.274s][info][gc,heap        ] GC(1072) Survivor regions: 46->37(37)
[479.274s][info][gc,heap        ] GC(1072) Old regions: 473->585
[479.274s][info][gc,heap        ] GC(1072) Humongous regions: 4->4
[479.274s][info][gc,metaspace   ] GC(1072) Metaspace: 16613K(16960K)->16613K(16960K) NonClass: 14287K(14464K)->14287K(14464K) Class: 2325K(2496K)->2325K(2496K)
[479.274s][info][gc             ] GC(1072) Pause Young (Mixed) (G1 Evacuation Pause) 761M->622M(1024M) 77.843ms
[479.274s][info][gc,cpu         ] GC(1072) User=0.39s Sys=0.00s Real=0.08s
[479.384s][info][gc,start       ] GC(1073) Pause Young (Concurrent Start) (G1 Evacuation Pause)
[479.384s][info][gc,task        ] GC(1073) Using 6 workers of 6 for evacuation
[479.440s][info][gc,phases      ] GC(1073)   Pre Evacuate Collection Set: 0.5ms
[479.440s][info][gc,phases      ] GC(1073)   Merge Heap Roots: 0.1ms
[479.440s][info][gc,phases      ] GC(1073)   Evacuate Collection Set: 54.8ms
[479.440s][info][gc,phases      ] GC(1073)   Post Evacuate Collection Set: 0.4ms
[479.440s][info][gc,phases      ] GC(1073)   Other: 0.1ms
[479.440s][info][gc,heap        ] GC(1073) Eden regions: 186->0(150)
[479.440s][info][gc,heap        ] GC(1073) Survivor regions: 37->28(28)
[479.440s][info][gc,heap        ] GC(1073) Old regions: 585->673
[479.440s][info][gc,heap        ] GC(1073) Humongous regions: 4->4
[479.440s][info][gc,metaspace   ] GC(1073) Metaspace: 16613K(16960K)->16613K(16960K) NonClass: 14287K(14464K)->14287K(14464K) Class: 2325K(2496K)->2325K(2496K)
[479.440s][info][gc             ] GC(1073) Pause Young (Concurrent Start) (G1 Evacuation Pause) 808M->701M(1024M) 56.166ms
[479.440s][info][gc,cpu         ] GC(1073) User=0.28s Sys=0.00s Real=0.05s
[479.440s][info][gc             ] GC(1074) Concurrent Mark Cycle
[479.440s][info][gc,marking     ] GC(1074) Concurrent Scan Root Regions
[479.468s][info][gc,marking     ] GC(1074) Concurrent Scan Root Regions 27.577ms
[479.468s][info][gc,marking     ] GC(1074) Concurrent Mark
[479.468s][info][gc,marking     ] GC(1074) Concurrent Mark From Roots
[479.468s][info][gc,task        ] GC(1074) Using 2 workers of 2 for marking
[479.544s][info][gc,start       ] GC(1075) Pause Young (Normal) (G1 Evacuation Pause)
[479.544s][info][gc,task        ] GC(1075) Using 6 workers of 6 for evacuation
[479.589s][info][gc,phases      ] GC(1075)   Pre Evacuate Collection Set: 0.2ms
[479.589s][info][gc,phases      ] GC(1075)   Merge Heap Roots: 0.1ms
[479.589s][info][gc,phases      ] GC(1075)   Evacuate Collection Set: 44.1ms
[479.589s][info][gc,phases      ] GC(1075)   Post Evacuate Collection Set: 0.4ms
[479.589s][info][gc,phases      ] GC(1075)   Other: 0.1ms
[479.589s][info][gc,heap        ] GC(1075) Eden regions: 150->0(120)
[479.589s][info][gc,heap        ] GC(1075) Survivor regions: 28->23(23)
[479.589s][info][gc,heap        ] GC(1075) Old regions: 673->744
[479.589s][info][gc,heap        ] GC(1075) Humongous regions: 4->4
[479.589s][info][gc,metaspace   ] GC(1075) Metaspace: 16613K(16960K)->16613K(16960K) NonClass: 14287K(14464K)->14287K(14464K) Class: 2325K(2496K)->2325K(2496K)
[479.589s][info][gc             ] GC(1075) Pause Young (Normal) (G1 Evacuation Pause) 851M->767M(1024M) 45.038ms
[479.589s][info][gc,cpu         ] GC(1075) User=0.14s Sys=0.00s Real=0.05s
[479.620s][info][gc,marking     ] GC(1074) Concurrent Mark From Roots 151.831ms
[479.620s][info][gc,marking     ] GC(1074) Concurrent Preclean
[479.620s][info][gc,marking     ] GC(1074) Concurrent Preclean 0.050ms
[479.620s][info][gc,start       ] GC(1074) Pause Remark
[479.621s][info][gc             ] GC(1074) Pause Remark 813M->402M(1024M) 1.234ms
[479.621s][info][gc,cpu         ] GC(1074) User=0.00s Sys=0.00s Real=0.00s
[479.621s][info][gc,marking     ] GC(1074) Concurrent Mark 153.363ms
[479.621s][info][gc,marking     ] GC(1074) Concurrent Rebuild Remembered Sets and Scrub Regions
[479.670s][info][gc,start       ] GC(1076) Pause Young (Normal) (G1 Evacuation Pause)
[479.670s][info][gc,task        ] GC(1076) Using 6 workers of 6 for evacuation
[479.705s][info][gc,phases      ] GC(1076)   Pre Evacuate Collection Set: 0.2ms
[479.706s][info][gc,phases      ] GC(1076)   Merge Heap Roots: 0.1ms
[479.706s][info][gc,phases      ] GC(1076)   Evacuate Collection Set: 34.7ms
[479.706s][info][gc,phases      ] GC(1076)   Post Evacuate Collection Set: 0.4ms
[479.706s][info][gc,phases      ] GC(1076)   Other: 0.1ms
[479.706s][info][gc,heap        ] GC(1076) Eden regions: 120->0(305)
[479.706s][info][gc,heap        ] GC(1076) Survivor regions: 23->18(18)
[479.706s][info][gc,heap        ] GC(1076) Old regions: 335->393
[479.706s][info][gc,heap        ] GC(1076) Humongous regions: 2->2
[479.706s][info][gc,metaspace   ] GC(1076) Metaspace: 16613K(16960K)->16613K(16960K) NonClass: 14287K(14464K)->14287K(14464K) Class: 2325K(2496K)->2325K(2496K)
[479.706s][info][gc             ] GC(1076) Pause Young (Normal) (G1 Evacuation Pause) 476M->409M(1024M) 35.648ms
[479.706s][info][gc,cpu         ] GC(1076) User=0.09s Sys=0.00s Real=0.03s
[479.711s][info][gc,marking     ] GC(1074) Concurrent Rebuild Remembered Sets and Scrub Regions 89.829ms
[479.711s][info][gc,start       ] GC(1074) Pause Cleanup
[479.711s][info][gc             ] GC(1074) Pause Cleanup 418M->418M(1024M) 0.230ms
[479.711s][info][gc,cpu         ] GC(1074) User=0.00s Sys=0.00s Real=0.00s
[479.711s][info][gc,marking     ] GC(1074) Concurrent Clear Claimed Marks
[479.711s][info][gc,marking     ] GC(1074) Concurrent Clear Claimed Marks 0.045ms
[479.711s][info][gc,marking     ] GC(1074) Concurrent Cleanup for Next Mark
[479.713s][info][gc,marking     ] GC(1074) Concurrent Cleanup for Next Mark 1.568ms
[479.713s][info][gc             ] GC(1074) Concurrent Mark Cycle 273.036ms
[480.317s][info][gc,start       ] GC(1077) Pause Young (Prepare Mixed) (G1 Evacuation Pause)
[480.317s][info][gc,task        ] GC(1077) Using 6 workers of 6 for evacuation
[480.393s][info][gc,phases      ] GC(1077)   Pre Evacuate Collection Set: 0.5ms
[480.393s][info][gc,phases      ] GC(1077)   Merge Heap Roots: 2.3ms
[480.393s][info][gc,phases      ] GC(1077)   Evacuate Collection Set: 72.2ms
[480.393s][info][gc,phases      ] GC(1077)   Post Evacuate Collection Set: 1.1ms
[480.393s][info][gc,phases      ] GC(1077)   Other: 0.1ms
[480.393s][info][gc,heap        ] GC(1077) Eden regions: 305->0(271)
[480.393s][info][gc,heap        ] GC(1077) Survivor regions: 18->41(41)
[480.393s][info][gc,heap        ] GC(1077) Old regions: 393->443
[480.393s][info][gc,heap        ] GC(1077) Humongous regions: 8->8
[480.393s][info][gc,metaspace   ] GC(1077) Metaspace: 16613K(16960K)->16613K(16960K) NonClass: 14287K(14464K)->14287K(14464K) Class: 2325K(2496K)->2325K(2496K)
[480.393s][info][gc             ] GC(1077) Pause Young (Prepare Mixed) (G1 Evacuation Pause) 720M->488M(1024M) 76.355ms
[480.393s][info][gc,cpu         ] GC(1077) User=0.39s Sys=0.00s Real=0.08s
[480.875s][info][gc,start       ] GC(1078) Pause Young (Mixed) (G1 Evacuation Pause)
[480.876s][info][gc,task        ] GC(1078) Using 6 workers of 6 for evacuation
[480.907s][info][gc,phases      ] GC(1078)   Pre Evacuate Collection Set: 0.3ms
[480.907s][info][gc,phases      ] GC(1078)   Merge Heap Roots: 1.3ms
[480.907s][info][gc,phases      ] GC(1078)   Evacuate Collection Set: 29.6ms
[480.907s][info][gc,phases      ] GC(1078)   Post Evacuate Collection Set: 0.6ms
[480.907s][info][gc,phases      ] GC(1078)   Other: 0.1ms
[480.907s][info][gc,heap        ] GC(1078) Eden regions: 271->0(309)
[480.907s][info][gc,heap        ] GC(1078) Survivor regions: 41->3(39)
[480.907s][info][gc,heap        ] GC(1078) Old regions: 443->462
[480.907s][info][gc,heap        ] GC(1078) Humongous regions: 8->8
[480.907s][info][gc,metaspace   ] GC(1078) Metaspace: 16613K(16960K)->16613K(16960K) NonClass: 14287K(14464K)->14287K(14464K) Class: 2325K(2496K)->2325K(2496K)
[480.908s][info][gc             ] GC(1078) Pause Young (Mixed) (G1 Evacuation Pause) 759M->469M(1024M) 32.097ms
[480.908s][info][gc,cpu         ] GC(1078) User=0.09s Sys=0.00s Real=0.03s
[481.759s][info][gc,start       ] GC(1079) Pause Full (System.gc())
[481.759s][info][gc,task        ] GC(1079) Using 6 workers of 6 for full compaction
[481.759s][info][gc,phases,start] GC(1079) Phase 1: Mark live objects
[481.762s][info][gc,phases      ] GC(1079) Phase 1: Mark live objects 2.434ms
[481.762s][info][gc,phases,start] GC(1079) Phase 2: Prepare compaction
[481.762s][info][gc,phases      ] GC(1079) Phase 2: Prepare compaction 0.678ms
[481.762s][info][gc,phases,start] GC(1079) Phase 3: Adjust pointers
[481.764s][info][gc,phases      ] GC(1079) Phase 3: Adjust pointers 2.105ms
[481.764s][info][gc,phases,start] GC(1079) Phase 4: Compact heap
[481.765s][info][gc,phases      ] GC(1079) Phase 4: Compact heap 0.505ms
[481.765s][info][gc,phases,start] GC(1079) Phase 5: Reset Metadata
[481.766s][info][gc,phases      ] GC(1079) Phase 5: Reset Metadata 0.818ms
[481.770s][info][gc,heap        ] GC(1079) Eden regions: 177->0(559)
[481.770s][info][gc,heap        ] GC(1079) Survivor regions: 3->0(39)
[481.770s][info][gc,heap        ] GC(1079) Old regions: 462->9
[481.770s][info][gc,heap        ] GC(1079) Humongous regions: 8->2
[481.770s][info][gc,metaspace   ] GC(1079) Metaspace: 16613K(16960K)->16613K(16960K) NonClass: 14287K(14464K)->14287K(14464K) Class: 2325K(2496K)->2325K(2496K)
[481.770s][info][gc             ] GC(1079) Pause Full (System.gc()) 646M->5M(1024M) 11.011ms
[481.770s][info][gc,cpu         ] GC(1079) User=0.00s Sys=0.00s Real=0.00s
[482.957s][info][gc,start       ] GC(1080) Pause Young (Concurrent Start) (G1 Evacuation Pause)
[482.957s][info][gc,task        ] GC(1080) Using 6 workers of 6 for evacuation
[482.958s][info][gc,phases      ] GC(1080)   Pre Evacuate Collection Set: 0.2ms
[482.958s][info][gc,phases      ] GC(1080)   Merge Heap Roots: 0.1ms
[482.958s][info][gc,phases      ] GC(1080)   Evacuate Collection Set: 0.4ms
[482.958s][info][gc,phases      ] GC(1080)   Post Evacuate Collection Set: 0.4ms
[482.958s][info][gc,phases      ] GC(1080)   Other: 0.1ms
[482.958s][info][gc,heap        ] GC(1080) Eden regions: 559->0(612)
[482.958s][info][gc,heap        ] GC(1080) Survivor regions: 0->2(70)
[482.958s][info][gc,heap        ] GC(1080) Old regions: 9->9
[482.958s][info][gc,heap        ] GC(1080) Humongous regions: 2->2
[482.958s][info][gc,metaspace   ] GC(1080) Metaspace: 16613K(16960K)->16613K(16960K) NonClass: 14287K(14464K)->14287K(14464K) Class: 2325K(2496K)->2325K(2496K)
[482.958s][info][gc             ] GC(1080) Pause Young (Concurrent Start) (G1 Evacuation Pause) 564M->7M(1024M) 1.421ms
[482.958s][info][gc             ] GC(1081) Concurrent Mark Cycle
[482.958s][info][gc,cpu         ] GC(1080) User=0.00s Sys=0.00s Real=0.00s
[482.958s][info][gc,marking     ] GC(1081) Concurrent Scan Root Regions
[482.958s][info][gc,marking     ] GC(1081) Concurrent Scan Root Regions 0.186ms
[482.958s][info][gc,marking     ] GC(1081) Concurrent Mark
[482.958s][info][gc,marking     ] GC(1081) Concurrent Mark From Roots
[482.958s][info][gc,task        ] GC(1081) Using 2 workers of 2 for marking
[482.962s][info][gc,marking     ] GC(1081) Concurrent Mark From Roots 3.064ms
[482.962s][info][gc,marking     ] GC(1081) Concurrent Preclean
[482.962s][info][gc,marking     ] GC(1081) Concurrent Preclean 0.019ms
[482.962s][info][gc,start       ] GC(1081) Pause Remark
[482.963s][info][gc             ] GC(1081) Pause Remark 24M->24M(1024M) 1.093ms
[482.963s][info][gc,cpu         ] GC(1081) User=0.00s Sys=0.00s Real=0.00s
[482.963s][info][gc,marking     ] GC(1081) Concurrent Mark 4.439ms
[482.963s][info][gc,marking     ] GC(1081) Concurrent Rebuild Remembered Sets and Scrub Regions
[482.964s][info][gc,marking     ] GC(1081) Concurrent Rebuild Remembered Sets and Scrub Regions 1.000ms
[482.964s][info][gc,start       ] GC(1081) Pause Cleanup
[482.964s][info][gc             ] GC(1081) Pause Cleanup 29M->29M(1024M) 0.155ms
[482.964s][info][gc,cpu         ] GC(1081) User=0.00s Sys=0.00s Real=0.00s
[482.964s][info][gc,marking     ] GC(1081) Concurrent Clear Claimed Marks
[482.964s][info][gc,marking     ] GC(1081) Concurrent Clear Claimed Marks 0.022ms
[482.964s][info][gc,marking     ] GC(1081) Concurrent Cleanup for Next Mark
[482.967s][info][gc,marking     ] GC(1081) Concurrent Cleanup for Next Mark 2.554ms
[482.967s][info][gc             ] GC(1081) Concurrent Mark Cycle 8.739ms
[483.059s][info][gc,start       ] GC(1082) Pause Young (Prepare Mixed) (G1 Evacuation Pause)
[483.059s][info][gc,task        ] GC(1082) Using 6 workers of 6 for evacuation
[483.060s][info][gc,phases      ] GC(1082)   Pre Evacuate Collection Set: 0.2ms
[483.060s][info][gc,phases      ] GC(1082)   Merge Heap Roots: 0.1ms
[483.060s][info][gc,phases      ] GC(1082)   Evacuate Collection Set: 0.3ms
[483.060s][info][gc,phases      ] GC(1082)   Post Evacuate Collection Set: 0.4ms
[483.060s][info][gc,phases      ] GC(1082)   Other: 0.1ms
[483.060s][info][gc,heap        ] GC(1082) Eden regions: 612->0(613)
[483.060s][info][gc,heap        ] GC(1082) Survivor regions: 2->1(77)
[483.060s][info][gc,heap        ] GC(1082) Old regions: 9->9
[483.060s][info][gc,heap        ] GC(1082) Humongous regions: 2->2
[483.060s][info][gc,metaspace   ] GC(1082) Metaspace: 16613K(16960K)->16613K(16960K) NonClass: 14287K(14464K)->14287K(14464K) Class: 2325K(2496K)->2325K(2496K)
[483.061s][info][gc             ] GC(1082) Pause Young (Prepare Mixed) (G1 Evacuation Pause) 619M->6M(1024M) 1.459ms
[483.061s][info][gc,cpu         ] GC(1082) User=0.00s Sys=0.00s Real=0.02s
[483.157s][info][gc,start       ] GC(1083) Pause Young (Mixed) (G1 Evacuation Pause)
[483.157s][info][gc,task        ] GC(1083) Using 6 workers of 6 for evacuation
[483.158s][info][gc,phases      ] GC(1083)   Pre Evacuate Collection Set: 0.2ms
[483.159s][info][gc,phases      ] GC(1083)   Merge Heap Roots: 0.1ms
[483.159s][info][gc,phases      ] GC(1083)   Evacuate Collection Set: 0.3ms
[483.159s][info][gc,phases      ] GC(1083)   Post Evacuate Collection Set: 0.4ms
[483.159s][info][gc,phases      ] GC(1083)   Other: 0.1ms
[483.159s][info][gc,heap        ] GC(1083) Eden regions: 613->0(613)
[483.159s][info][gc,heap        ] GC(1083) Survivor regions: 1->1(77)
[483.159s][info][gc,heap        ] GC(1083) Old regions: 9->9
[483.159s][info][gc,heap        ] GC(1083) Humongous regions: 2->2
[483.159s][info][gc,metaspace   ] GC(1083) Metaspace: 16613K(16960K)->16613K(16960K) NonClass: 14287K(14464K)->14287K(14464K) Class: 2325K(2496K)->2325K(2496K)
[483.159s][info][gc             ] GC(1083) Pause Young (Mixed) (G1 Evacuation Pause) 619M->6M(1024M) 1.295ms
[483.159s][info][gc,cpu         ] GC(1083) User=0.03s Sys=0.00s Real=0.02s
[483.256s][info][gc,start       ] GC(1084) Pause Young (Concurrent Start) (G1 Evacuation Pause)
[483.256s][info][gc,task        ] GC(1084) Using 6 workers of 6 for evacuation
[483.257s][info][gc,phases      ] GC(1084)   Pre Evacuate Collection Set: 0.2ms
[483.257s][info][gc,phases      ] GC(1084)   Merge Heap Roots: 0.1ms
[483.257s][info][gc,phases      ] GC(1084)   Evacuate Collection Set: 0.4ms
[483.257s][info][gc,phases      ] GC(1084)   Post Evacuate Collection Set: 0.4ms
[483.257s][info][gc,phases      ] GC(1084)   Other: 0.1ms
[483.257s][info][gc,heap        ] GC(1084) Eden regions: 613->0(613)
[483.257s][info][gc,heap        ] GC(1084) Survivor regions: 1->1(77)
[483.257s][info][gc,heap        ] GC(1084) Old regions: 9->9
[483.257s][info][gc,heap        ] GC(1084) Humongous regions: 2->2
[483.257s][info][gc,metaspace   ] GC(1084) Metaspace: 16613K(16960K)->16613K(16960K) NonClass: 14287K(14464K)->14287K(14464K) Class: 2325K(2496K)->2325K(2496K)
[483.257s][info][gc             ] GC(1084) Pause Young (Concurrent Start) (G1 Evacuation Pause) 619M->6M(1024M) 1.261ms
[483.257s][info][gc,cpu         ] GC(1084) User=0.00s Sys=0.00s Real=0.00s
[483.257s][info][gc             ] GC(1085) Concurrent Mark Cycle
[483.257s][info][gc,marking     ] GC(1085) Concurrent Scan Root Regions
[483.257s][info][gc,marking     ] GC(1085) Concurrent Scan Root Regions 0.263ms
[483.257s][info][gc,marking     ] GC(1085) Concurrent Mark
[483.257s][info][gc,marking     ] GC(1085) Concurrent Mark From Roots
[483.257s][info][gc,task        ] GC(1085) Using 2 workers of 2 for marking
[483.260s][info][gc,marking     ] GC(1085) Concurrent Mark From Roots 3.113ms
[483.261s][info][gc,marking     ] GC(1085) Concurrent Preclean
[483.261s][info][gc,marking     ] GC(1085) Concurrent Preclean 0.024ms
[483.261s][info][gc,start       ] GC(1085) Pause Remark
[483.262s][info][gc             ] GC(1085) Pause Remark 23M->23M(1024M) 1.055ms
[483.262s][info][gc,cpu         ] GC(1085) User=0.00s Sys=0.00s Real=0.00s
[483.262s][info][gc,marking     ] GC(1085) Concurrent Mark 4.455ms
[483.262s][info][gc,marking     ] GC(1085) Concurrent Rebuild Remembered Sets and Scrub Regions
[483.263s][info][gc,marking     ] GC(1085) Concurrent Rebuild Remembered Sets and Scrub Regions 0.999ms
[483.263s][info][gc,start       ] GC(1085) Pause Cleanup
[483.263s][info][gc             ] GC(1085) Pause Cleanup 28M->28M(1024M) 0.112ms
[483.263s][info][gc,cpu         ] GC(1085) User=0.00s Sys=0.00s Real=0.00s
[483.263s][info][gc,marking     ] GC(1085) Concurrent Clear Claimed Marks
[483.263s][info][gc,marking     ] GC(1085) Concurrent Clear Claimed Marks 0.028ms
[483.263s][info][gc,marking     ] GC(1085) Concurrent Cleanup for Next Mark
[483.266s][info][gc,marking     ] GC(1085) Concurrent Cleanup for Next Mark 2.415ms
[483.266s][info][gc             ] GC(1085) Concurrent Mark Cycle 8.631ms
[483.409s][info][gc,start       ] GC(1086) Pause Young (Prepare Mixed) (G1 Evacuation Pause)
[483.409s][info][gc,task        ] GC(1086) Using 6 workers of 6 for evacuation
[483.446s][info][gc,phases      ] GC(1086)   Pre Evacuate Collection Set: 0.2ms
[483.446s][info][gc,phases      ] GC(1086)   Merge Heap Roots: 0.1ms
[483.446s][info][gc,phases      ] GC(1086)   Evacuate Collection Set: 35.7ms
[483.446s][info][gc,phases      ] GC(1086)   Post Evacuate Collection Set: 0.6ms
[483.446s][info][gc,phases      ] GC(1086)   Other: 0.1ms
[483.446s][info][gc,heap        ] GC(1086) Eden regions: 613->0(537)
[483.446s][info][gc,heap        ] GC(1086) Survivor regions: 1->77(77)
[483.446s][info][gc,heap        ] GC(1086) Old regions: 9->12
[483.446s][info][gc,heap        ] GC(1086) Humongous regions: 3->3
[483.446s][info][gc,metaspace   ] GC(1086) Metaspace: 16613K(16960K)->16613K(16960K) NonClass: 14287K(14464K)->14287K(14464K) Class: 2325K(2496K)->2325K(2496K)
[483.446s][info][gc             ] GC(1086) Pause Young (Prepare Mixed) (G1 Evacuation Pause) 620M->87M(1024M) 36.828ms
[483.446s][info][gc,cpu         ] GC(1086) User=0.08s Sys=0.05s Real=0.05s
[483.909s][info][gc,start       ] GC(1087) Pause Young (Mixed) (G1 Evacuation Pause)
[483.909s][info][gc,task        ] GC(1087) Using 6 workers of 6 for evacuation
[484.106s][info][gc,phases      ] GC(1087)   Pre Evacuate Collection Set: 0.2ms
[484.106s][info][gc,phases      ] GC(1087)   Merge Heap Roots: 0.1ms
[484.106s][info][gc,phases      ] GC(1087)   Evacuate Collection Set: 184.3ms
[484.106s][info][gc,phases      ] GC(1087)   Post Evacuate Collection Set: 12.4ms
[484.106s][info][gc,phases      ] GC(1087)   Other: 0.1ms
[484.106s][info][gc,heap        ] GC(1087) Eden regions: 537->0(0)
[484.106s][info][gc,heap        ] GC(1087) Survivor regions: 77->77(77)
[484.106s][info][gc,heap        ] GC(1087) Old regions: 12->929
[484.106s][info][gc,heap        ] GC(1087) Humongous regions: 4->4
[484.106s][info][gc,metaspace   ] GC(1087) Metaspace: 16613K(16960K)->16613K(16960K) NonClass: 14287K(14464K)->14287K(14464K) Class: 2325K(2496K)->2325K(2496K)
[484.106s][info][gc             ] GC(1087) Pause Young (Mixed) (G1 Evacuation Pause) (Evacuation Failure) 625M->1006M(1024M) 197.335ms
[484.106s][info][gc,cpu         ] GC(1087) User=1.11s Sys=0.00s Real=0.20s
[484.106s][info][gc,ergo        ] Attempting full compaction
[484.106s][info][gc,start       ] GC(1088) Pause Full (G1 Compaction Pause)
[484.106s][info][gc,task        ] GC(1088) Using 6 workers of 6 for full compaction
[484.106s][info][gc,phases,start] GC(1088) Phase 1: Mark live objects
[484.221s][info][gc,phases      ] GC(1088) Phase 1: Mark live objects 114.501ms
[484.221s][info][gc,phases,start] GC(1088) Phase 2: Prepare compaction
[484.229s][info][gc,phases      ] GC(1088) Phase 2: Prepare compaction 8.348ms
[484.229s][info][gc,phases,start] GC(1088) Phase 3: Adjust pointers
[484.261s][info][gc,phases      ] GC(1088) Phase 3: Adjust pointers 31.661ms
[484.261s][info][gc,phases,start] GC(1088) Phase 4: Compact heap
[484.270s][info][gc,phases      ] GC(1088) Phase 4: Compact heap 9.358ms
[484.271s][info][gc,phases,start] GC(1088) Phase 5: Reset Metadata
[484.284s][info][gc,phases      ] GC(1088) Phase 5: Reset Metadata 13.805ms
[484.291s][info][gc,heap        ] GC(1088) Eden regions: 0->0(315)
[484.291s][info][gc,heap        ] GC(1088) Survivor regions: 77->0(77)
[484.291s][info][gc,heap        ] GC(1088) Old regions: 929->420
[484.291s][info][gc,heap        ] GC(1088) Humongous regions: 4->4
[484.291s][info][gc,metaspace   ] GC(1088) Metaspace: 16613K(16960K)->16613K(16960K) NonClass: 14287K(14464K)->14287K(14464K) Class: 2325K(2496K)->2325K(2496K)
[484.291s][info][gc             ] GC(1088) Pause Full (G1 Compaction Pause) 1006M->421M(1024M) 184.882ms
[484.291s][info][gc,cpu         ] GC(1088) User=0.80s Sys=0.02s Real=0.19s
[486.911s][info][gc,start       ] GC(1089) Pause Young (Concurrent Start) (G1 Evacuation Pause)
[486.911s][info][gc,task        ] GC(1089) Using 6 workers of 6 for evacuation
[486.987s][info][gc,phases      ] GC(1089)   Pre Evacuate Collection Set: 0.4ms
[486.987s][info][gc,phases      ] GC(1089)   Merge Heap Roots: 1.0ms
[486.987s][info][gc,phases      ] GC(1089)   Evacuate Collection Set: 73.1ms
[486.987s][info][gc,phases      ] GC(1089)   Post Evacuate Collection Set: 0.8ms
[486.987s][info][gc,phases      ] GC(1089)   Other: 0.2ms
[486.987s][info][gc,heap        ] GC(1089) Eden regions: 315->0(244)
[486.987s][info][gc,heap        ] GC(1089) Survivor regions: 0->40(40)
[486.987s][info][gc,heap        ] GC(1089) Old regions: 420->492
[486.987s][info][gc,heap        ] GC(1089) Humongous regions: 4->4
[486.987s][info][gc,metaspace   ] GC(1089) Metaspace: 16613K(16960K)->16613K(16960K) NonClass: 14287K(14464K)->14287K(14464K) Class: 2325K(2496K)->2325K(2496K)
[486.987s][info][gc             ] GC(1089) Pause Young (Concurrent Start) (G1 Evacuation Pause) 736M->533M(1024M) 75.677ms
[486.987s][info][gc             ] GC(1090) Concurrent Mark Cycle
[486.987s][info][gc,cpu         ] GC(1089) User=0.39s Sys=0.00s Real=0.08s
[486.987s][info][gc,marking     ] GC(1090) Concurrent Scan Root Regions
[487.011s][info][gc,marking     ] GC(1090) Concurrent Scan Root Regions 23.836ms
[487.011s][info][gc,marking     ] GC(1090) Concurrent Mark
[487.011s][info][gc,marking     ] GC(1090) Concurrent Mark From Roots
[487.011s][info][gc,task        ] GC(1090) Using 2 workers of 2 for marking
[487.075s][info][gc,marking     ] GC(1090) Concurrent Mark From Roots 64.254ms
[487.075s][info][gc,marking     ] GC(1090) Concurrent Preclean
[487.075s][info][gc,marking     ] GC(1090) Concurrent Preclean 0.060ms
[487.075s][info][gc,start       ] GC(1090) Pause Remark
[487.077s][info][gc             ] GC(1090) Pause Remark 674M->570M(1024M) 1.151ms
[487.077s][info][gc,cpu         ] GC(1090) User=0.00s Sys=0.00s Real=0.00s
[487.077s][info][gc,marking     ] GC(1090) Concurrent Mark 65.707ms
[487.077s][info][gc,marking     ] GC(1090) Concurrent Rebuild Remembered Sets and Scrub Regions
[487.140s][info][gc,start       ] GC(1091) Pause Young (Normal) (G1 Evacuation Pause)
[487.140s][info][gc,task        ] GC(1091) Using 6 workers of 6 for evacuation
[487.213s][info][gc,phases      ] GC(1091)   Pre Evacuate Collection Set: 0.2ms
[487.213s][info][gc,phases      ] GC(1091)   Merge Heap Roots: 0.8ms
[487.213s][info][gc,phases      ] GC(1091)   Evacuate Collection Set: 71.5ms
[487.213s][info][gc,phases      ] GC(1091)   Post Evacuate Collection Set: 0.5ms
[487.213s][info][gc,phases      ] GC(1091)   Other: 0.1ms
[487.213s][info][gc,heap        ] GC(1091) Eden regions: 244->0(242)
[487.213s][info][gc,heap        ] GC(1091) Survivor regions: 40->36(36)
[487.213s][info][gc,heap        ] GC(1091) Old regions: 387->493
[487.213s][info][gc,heap        ] GC(1091) Humongous regions: 3->3
[487.213s][info][gc,metaspace   ] GC(1091) Metaspace: 16613K(16960K)->16613K(16960K) NonClass: 14287K(14464K)->14287K(14464K) Class: 2325K(2496K)->2325K(2496K)
[487.213s][info][gc             ] GC(1091) Pause Young (Normal) (G1 Evacuation Pause) 673M->530M(1024M) 73.249ms
[487.213s][info][gc,cpu         ] GC(1091) User=0.38s Sys=0.00s Real=0.06s
[487.222s][info][gc,marking     ] GC(1090) Concurrent Rebuild Remembered Sets and Scrub Regions 145.310ms
[487.222s][info][gc,start       ] GC(1090) Pause Cleanup
[487.222s][info][gc             ] GC(1090) Pause Cleanup 541M->541M(1024M) 0.310ms
[487.222s][info][gc,cpu         ] GC(1090) User=0.00s Sys=0.00s Real=0.00s
[487.222s][info][gc,marking     ] GC(1090) Concurrent Clear Claimed Marks
[487.222s][info][gc,marking     ] GC(1090) Concurrent Clear Claimed Marks 0.019ms
[487.223s][info][gc,marking     ] GC(1090) Concurrent Cleanup for Next Mark
[487.224s][info][gc,marking     ] GC(1090) Concurrent Cleanup for Next Mark 1.406ms
[487.224s][info][gc             ] GC(1090) Concurrent Mark Cycle 236.900ms
[487.361s][info][gc,start       ] GC(1092) Pause Young (Prepare Mixed) (G1 Evacuation Pause)
[487.362s][info][gc,task        ] GC(1092) Using 6 workers of 6 for evacuation
[487.428s][info][gc,phases      ] GC(1092)   Pre Evacuate Collection Set: 0.4ms
[487.428s][info][gc,phases      ] GC(1092)   Merge Heap Roots: 0.2ms
[487.428s][info][gc,phases      ] GC(1092)   Evacuate Collection Set: 65.8ms
[487.428s][info][gc,phases      ] GC(1092)   Post Evacuate Collection Set: 0.4ms
[487.428s][info][gc,phases      ] GC(1092)   Other: 0.1ms
[487.428s][info][gc,heap        ] GC(1092) Eden regions: 242->0(190)
[487.428s][info][gc,heap        ] GC(1092) Survivor regions: 36->35(35)
[487.428s][info][gc,heap        ] GC(1092) Old regions: 493->596
[487.428s][info][gc,heap        ] GC(1092) Humongous regions: 3->3
[487.428s][info][gc,metaspace   ] GC(1092) Metaspace: 16613K(16960K)->16613K(16960K) NonClass: 14287K(14464K)->14287K(14464K) Class: 2325K(2496K)->2325K(2496K)
[487.429s][info][gc             ] GC(1092) Pause Young (Prepare Mixed) (G1 Evacuation Pause) 772M->633M(1024M) 67.091ms
[487.429s][info][gc,cpu         ] GC(1092) User=0.38s Sys=0.00s Real=0.06s
[487.546s][info][gc,start       ] GC(1093) Pause Young (Mixed) (G1 Evacuation Pause)
[487.546s][info][gc,task        ] GC(1093) Using 6 workers of 6 for evacuation
[487.602s][info][gc,phases      ] GC(1093)   Pre Evacuate Collection Set: 0.2ms
[487.602s][info][gc,phases      ] GC(1093)   Merge Heap Roots: 0.1ms
[487.602s][info][gc,phases      ] GC(1093)   Evacuate Collection Set: 55.1ms
[487.602s][info][gc,phases      ] GC(1093)   Post Evacuate Collection Set: 0.4ms
[487.602s][info][gc,phases      ] GC(1093)   Other: 0.1ms
[487.602s][info][gc,heap        ] GC(1093) Eden regions: 190->0(200)
[487.602s][info][gc,heap        ] GC(1093) Survivor regions: 35->29(29)
[487.602s][info][gc,heap        ] GC(1093) Old regions: 596->581
[487.602s][info][gc,heap        ] GC(1093) Humongous regions: 3->3
[487.602s][info][gc,metaspace   ] GC(1093) Metaspace: 16613K(16960K)->16613K(16960K) NonClass: 14287K(14464K)->14287K(14464K) Class: 2325K(2496K)->2325K(2496K)
[487.602s][info][gc             ] GC(1093) Pause Young (Mixed) (G1 Evacuation Pause) 823M->612M(1024M) 56.204ms
[487.602s][info][gc,cpu         ] GC(1093) User=0.28s Sys=0.00s Real=0.05s
[488.274s][info][gc,start       ] GC(1094) Pause Young (Mixed) (G1 Evacuation Pause)
[488.274s][info][gc,task        ] GC(1094) Using 6 workers of 6 for evacuation
[488.355s][info][gc,phases      ] GC(1094)   Pre Evacuate Collection Set: 0.3ms
[488.355s][info][gc,phases      ] GC(1094)   Merge Heap Roots: 2.4ms
[488.355s][info][gc,phases      ] GC(1094)   Evacuate Collection Set: 76.7ms
[488.355s][info][gc,phases      ] GC(1094)   Post Evacuate Collection Set: 1.1ms
[488.355s][info][gc,phases      ] GC(1094)   Other: 0.1ms
[488.355s][info][gc,heap        ] GC(1094) Eden regions: 200->0(216)
[488.355s][info][gc,heap        ] GC(1094) Survivor regions: 29->29(29)
[488.355s][info][gc,heap        ] GC(1094) Old regions: 581->547
[488.355s][info][gc,heap        ] GC(1094) Humongous regions: 9->9
[488.355s][info][gc,metaspace   ] GC(1094) Metaspace: 16613K(16960K)->16613K(16960K) NonClass: 14287K(14464K)->14287K(14464K) Class: 2325K(2496K)->2325K(2496K)
[488.355s][info][gc             ] GC(1094) Pause Young (Mixed) (G1 Evacuation Pause) 818M->584M(1024M) 80.717ms
[488.355s][info][gc,cpu         ] GC(1094) User=0.39s Sys=0.00s Real=0.08s
[488.748s][info][gc,start       ] GC(1095) Pause Young (Concurrent Start) (G1 Evacuation Pause)
[488.748s][info][gc,task        ] GC(1095) Using 6 workers of 6 for evacuation
[488.781s][info][gc,phases      ] GC(1095)   Pre Evacuate Collection Set: 0.3ms
[488.781s][info][gc,phases      ] GC(1095)   Merge Heap Roots: 1.1ms
[488.781s][info][gc,phases      ] GC(1095)   Evacuate Collection Set: 30.3ms
[488.781s][info][gc,phases      ] GC(1095)   Post Evacuate Collection Set: 0.6ms
[488.781s][info][gc,phases      ] GC(1095)   Other: 0.1ms
[488.781s][info][gc,heap        ] GC(1095) Eden regions: 216->0(243)
[488.781s][info][gc,heap        ] GC(1095) Survivor regions: 29->6(31)
[488.781s][info][gc,heap        ] GC(1095) Old regions: 547->562
[488.781s][info][gc,heap        ] GC(1095) Humongous regions: 9->9
[488.781s][info][gc,metaspace   ] GC(1095) Metaspace: 16613K(16960K)->16613K(16960K) NonClass: 14287K(14464K)->14287K(14464K) Class: 2325K(2496K)->2325K(2496K)
[488.781s][info][gc             ] GC(1095) Pause Young (Concurrent Start) (G1 Evacuation Pause) 800M->576M(1024M) 32.707ms
[488.781s][info][gc,cpu         ] GC(1095) User=0.09s Sys=0.00s Real=0.03s
[488.781s][info][gc             ] GC(1096) Concurrent Mark Cycle
[488.781s][info][gc,marking     ] GC(1096) Concurrent Scan Root Regions
[488.794s][info][gc,marking     ] GC(1096) Concurrent Scan Root Regions 12.490ms
[488.794s][info][gc,marking     ] GC(1096) Concurrent Mark
[488.794s][info][gc,marking     ] GC(1096) Concurrent Mark From Roots
[488.794s][info][gc,task        ] GC(1096) Using 2 workers of 2 for marking
[489.057s][info][gc,marking     ] GC(1096) Concurrent Mark From Roots 263.806ms
[489.057s][info][gc,marking     ] GC(1096) Concurrent Preclean
[489.058s][info][gc,marking     ] GC(1096) Concurrent Preclean 0.068ms
[489.058s][info][gc,start       ] GC(1096) Pause Remark
[489.059s][info][gc             ] GC(1096) Pause Remark 719M->614M(1024M) 1.449ms
[489.059s][info][gc,cpu         ] GC(1096) User=0.00s Sys=0.00s Real=0.00s
[489.059s][info][gc,marking     ] GC(1096) Concurrent Mark 265.616ms
[489.059s][info][gc,marking     ] GC(1096) Concurrent Rebuild Remembered Sets and Scrub Regions
[489.257s][info][gc,marking     ] GC(1096) Concurrent Rebuild Remembered Sets and Scrub Regions 197.752ms
[489.257s][info][gc,start       ] GC(1096) Pause Cleanup
[489.257s][info][gc             ] GC(1096) Pause Cleanup 705M->705M(1024M) 0.322ms
[489.257s][info][gc,cpu         ] GC(1096) User=0.00s Sys=0.00s Real=0.00s
[489.257s][info][gc,marking     ] GC(1096) Concurrent Clear Claimed Marks
[489.258s][info][gc,marking     ] GC(1096) Concurrent Clear Claimed Marks 0.048ms
[489.258s][info][gc,marking     ] GC(1096) Concurrent Cleanup for Next Mark
[489.259s][info][gc,marking     ] GC(1096) Concurrent Cleanup for Next Mark 1.464ms
[489.259s][info][gc             ] GC(1096) Concurrent Mark Cycle 478.132ms
[489.411s][info][gc,start       ] GC(1097) Pause Young (Prepare Mixed) (G1 Evacuation Pause)
[489.411s][info][gc,task        ] GC(1097) Using 6 workers of 6 for evacuation
[489.417s][info][gc,phases      ] GC(1097)   Pre Evacuate Collection Set: 0.2ms
[489.417s][info][gc,phases      ] GC(1097)   Merge Heap Roots: 0.4ms
[489.417s][info][gc,phases      ] GC(1097)   Evacuate Collection Set: 4.9ms
[489.417s][info][gc,phases      ] GC(1097)   Post Evacuate Collection Set: 0.4ms
[489.417s][info][gc,phases      ] GC(1097)   Other: 0.1ms
[489.417s][info][gc,heap        ] GC(1097) Eden regions: 243->0(343)
[489.417s][info][gc,heap        ] GC(1097) Survivor regions: 6->4(32)
[489.417s][info][gc,heap        ] GC(1097) Old regions: 461->461
[489.417s][info][gc,heap        ] GC(1097) Humongous regions: 5->5
[489.417s][info][gc,metaspace   ] GC(1097) Metaspace: 16613K(16960K)->16613K(16960K) NonClass: 14287K(14464K)->14287K(14464K) Class: 2325K(2496K)->2325K(2496K)
[489.417s][info][gc             ] GC(1097) Pause Young (Prepare Mixed) (G1 Evacuation Pause) 714M->468M(1024M) 6.164ms
[489.417s][info][gc,cpu         ] GC(1097) User=0.02s Sys=0.00s Real=0.02s
[489.898s][info][gc,start       ] GC(1098) Pause Full (System.gc())
[489.898s][info][gc,task        ] GC(1098) Using 6 workers of 6 for full compaction
[489.898s][info][gc,phases,start] GC(1098) Phase 1: Mark live objects
[489.901s][info][gc,phases      ] GC(1098) Phase 1: Mark live objects 2.460ms
[489.901s][info][gc,phases,start] GC(1098) Phase 2: Prepare compaction
[489.901s][info][gc,phases      ] GC(1098) Phase 2: Prepare compaction 0.542ms
[489.901s][info][gc,phases,start] GC(1098) Phase 3: Adjust pointers
[489.904s][info][gc,phases      ] GC(1098) Phase 3: Adjust pointers 2.198ms
[489.904s][info][gc,phases,start] GC(1098) Phase 4: Compact heap
[489.904s][info][gc,phases      ] GC(1098) Phase 4: Compact heap 0.468ms
[489.904s][info][gc,phases,start] GC(1098) Phase 5: Reset Metadata
[489.905s][info][gc,phases      ] GC(1098) Phase 5: Reset Metadata 0.552ms
[489.908s][info][gc,heap        ] GC(1098) Eden regions: 69->0(614)
[489.908s][info][gc,heap        ] GC(1098) Survivor regions: 4->0(32)
[489.908s][info][gc,heap        ] GC(1098) Old regions: 461->9
[489.908s][info][gc,heap        ] GC(1098) Humongous regions: 5->2
[489.908s][info][gc,metaspace   ] GC(1098) Metaspace: 16614K(16960K)->16614K(16960K) NonClass: 14288K(14464K)->14288K(14464K) Class: 2325K(2496K)->2325K(2496K)
[489.908s][info][gc             ] GC(1098) Pause Full (System.gc()) 537M->5M(1024M) 10.408ms
[489.908s][info][gc,cpu         ] GC(1098) User=0.02s Sys=0.00s Real=0.02s
[491.184s][info][gc,start       ] GC(1099) Pause Young (Concurrent Start) (G1 Evacuation Pause)
[491.184s][info][gc,task        ] GC(1099) Using 6 workers of 6 for evacuation
[491.185s][info][gc,phases      ] GC(1099)   Pre Evacuate Collection Set: 0.2ms
[491.185s][info][gc,phases      ] GC(1099)   Merge Heap Roots: 0.1ms
[491.185s][info][gc,phases      ] GC(1099)   Evacuate Collection Set: 0.4ms
[491.185s][info][gc,phases      ] GC(1099)   Post Evacuate Collection Set: 0.4ms
[491.185s][info][gc,phases      ] GC(1099)   Other: 0.1ms
[491.185s][info][gc,heap        ] GC(1099) Eden regions: 614->0(613)
[491.185s][info][gc,heap        ] GC(1099) Survivor regions: 0->1(77)
[491.185s][info][gc,heap        ] GC(1099) Old regions: 9->9
[491.185s][info][gc,heap        ] GC(1099) Humongous regions: 2->2
[491.185s][info][gc,metaspace   ] GC(1099) Metaspace: 16614K(16960K)->16614K(16960K) NonClass: 14288K(14464K)->14288K(14464K) Class: 2325K(2496K)->2325K(2496K)
[491.185s][info][gc             ] GC(1099) Pause Young (Concurrent Start) (G1 Evacuation Pause) 619M->6M(1024M) 1.408ms
[491.185s][info][gc             ] GC(1100) Concurrent Mark Cycle
[491.185s][info][gc,cpu         ] GC(1099) User=0.00s Sys=0.00s Real=0.00s
[491.185s][info][gc,marking     ] GC(1100) Concurrent Scan Root Regions
[491.186s][info][gc,marking     ] GC(1100) Concurrent Scan Root Regions 0.278ms
[491.186s][info][gc,marking     ] GC(1100) Concurrent Mark
[491.186s][info][gc,marking     ] GC(1100) Concurrent Mark From Roots
[491.186s][info][gc,task        ] GC(1100) Using 2 workers of 2 for marking
[491.189s][info][gc,marking     ] GC(1100) Concurrent Mark From Roots 3.093ms
[491.189s][info][gc,marking     ] GC(1100) Concurrent Preclean
[491.189s][info][gc,marking     ] GC(1100) Concurrent Preclean 0.021ms
[491.189s][info][gc,start       ] GC(1100) Pause Remark
[491.190s][info][gc             ] GC(1100) Pause Remark 24M->24M(1024M) 1.064ms
[491.190s][info][gc,cpu         ] GC(1100) User=0.00s Sys=0.00s Real=0.00s
[491.190s][info][gc,marking     ] GC(1100) Concurrent Mark 4.460ms
[491.190s][info][gc,marking     ] GC(1100) Concurrent Rebuild Remembered Sets and Scrub Regions
[491.191s][info][gc,marking     ] GC(1100) Concurrent Rebuild Remembered Sets and Scrub Regions 0.982ms
[491.191s][info][gc,start       ] GC(1100) Pause Cleanup
[491.192s][info][gc             ] GC(1100) Pause Cleanup 28M->28M(1024M) 0.109ms
[491.192s][info][gc,cpu         ] GC(1100) User=0.00s Sys=0.00s Real=0.00s
[491.192s][info][gc,marking     ] GC(1100) Concurrent Clear Claimed Marks
[491.192s][info][gc,marking     ] GC(1100) Concurrent Clear Claimed Marks 0.025ms
[491.192s][info][gc,marking     ] GC(1100) Concurrent Cleanup for Next Mark
[491.194s][info][gc,marking     ] GC(1100) Concurrent Cleanup for Next Mark 2.464ms
[491.194s][info][gc             ] GC(1100) Concurrent Mark Cycle 8.689ms
[491.284s][info][gc,start       ] GC(1101) Pause Young (Prepare Mixed) (G1 Evacuation Pause)
[491.284s][info][gc,task        ] GC(1101) Using 6 workers of 6 for evacuation
[491.285s][info][gc,phases      ] GC(1101)   Pre Evacuate Collection Set: 0.2ms
[491.285s][info][gc,phases      ] GC(1101)   Merge Heap Roots: 0.1ms
[491.285s][info][gc,phases      ] GC(1101)   Evacuate Collection Set: 0.3ms
[491.285s][info][gc,phases      ] GC(1101)   Post Evacuate Collection Set: 0.4ms
[491.285s][info][gc,phases      ] GC(1101)   Other: 0.1ms
[491.285s][info][gc,heap        ] GC(1101) Eden regions: 613->0(613)
[491.285s][info][gc,heap        ] GC(1101) Survivor regions: 1->1(77)
[491.285s][info][gc,heap        ] GC(1101) Old regions: 9->9
[491.285s][info][gc,heap        ] GC(1101) Humongous regions: 2->2
[491.285s][info][gc,metaspace   ] GC(1101) Metaspace: 16614K(16960K)->16614K(16960K) NonClass: 14288K(14464K)->14288K(14464K) Class: 2325K(2496K)->2325K(2496K)
[491.285s][info][gc             ] GC(1101) Pause Young (Prepare Mixed) (G1 Evacuation Pause) 619M->6M(1024M) 1.202ms
[491.285s][info][gc,cpu         ] GC(1101) User=0.00s Sys=0.00s Real=0.00s
[491.381s][info][gc,start       ] GC(1102) Pause Young (Mixed) (G1 Evacuation Pause)
[491.382s][info][gc,task        ] GC(1102) Using 6 workers of 6 for evacuation
[491.383s][info][gc,phases      ] GC(1102)   Pre Evacuate Collection Set: 0.2ms
[491.383s][info][gc,phases      ] GC(1102)   Merge Heap Roots: 0.1ms
[491.383s][info][gc,phases      ] GC(1102)   Evacuate Collection Set: 0.3ms
[491.383s][info][gc,phases      ] GC(1102)   Post Evacuate Collection Set: 0.4ms
[491.383s][info][gc,phases      ] GC(1102)   Other: 0.1ms
[491.383s][info][gc,heap        ] GC(1102) Eden regions: 613->0(613)
[491.383s][info][gc,heap        ] GC(1102) Survivor regions: 1->1(77)
[491.383s][info][gc,heap        ] GC(1102) Old regions: 9->9
[491.383s][info][gc,heap        ] GC(1102) Humongous regions: 2->2
[491.383s][info][gc,metaspace   ] GC(1102) Metaspace: 16614K(16960K)->16614K(16960K) NonClass: 14288K(14464K)->14288K(14464K) Class: 2325K(2496K)->2325K(2496K)
[491.383s][info][gc             ] GC(1102) Pause Young (Mixed) (G1 Evacuation Pause) 619M->6M(1024M) 1.228ms
[491.383s][info][gc,cpu         ] GC(1102) User=0.00s Sys=0.00s Real=0.00s
[491.479s][info][gc,start       ] GC(1103) Pause Young (Concurrent Start) (G1 Evacuation Pause)
[491.479s][info][gc,task        ] GC(1103) Using 6 workers of 6 for evacuation
[491.481s][info][gc,phases      ] GC(1103)   Pre Evacuate Collection Set: 0.2ms
[491.481s][info][gc,phases      ] GC(1103)   Merge Heap Roots: 0.1ms
[491.481s][info][gc,phases      ] GC(1103)   Evacuate Collection Set: 0.4ms
[491.481s][info][gc,phases      ] GC(1103)   Post Evacuate Collection Set: 0.4ms
[491.481s][info][gc,phases      ] GC(1103)   Other: 0.1ms
[491.481s][info][gc,heap        ] GC(1103) Eden regions: 613->0(613)
[491.481s][info][gc,heap        ] GC(1103) Survivor regions: 1->1(77)
[491.481s][info][gc,heap        ] GC(1103) Old regions: 9->9
[491.481s][info][gc,heap        ] GC(1103) Humongous regions: 2->2
[491.481s][info][gc,metaspace   ] GC(1103) Metaspace: 16614K(16960K)->16614K(16960K) NonClass: 14288K(14464K)->14288K(14464K) Class: 2325K(2496K)->2325K(2496K)
[491.481s][info][gc             ] GC(1103) Pause Young (Concurrent Start) (G1 Evacuation Pause) 619M->6M(1024M) 1.350ms
[491.481s][info][gc             ] GC(1104) Concurrent Mark Cycle
[491.481s][info][gc,cpu         ] GC(1103) User=0.00s Sys=0.00s Real=0.00s
[491.481s][info][gc,marking     ] GC(1104) Concurrent Scan Root Regions
[491.481s][info][gc,marking     ] GC(1104) Concurrent Scan Root Regions 0.280ms
[491.481s][info][gc,marking     ] GC(1104) Concurrent Mark
[491.481s][info][gc,marking     ] GC(1104) Concurrent Mark From Roots
[491.481s][info][gc,task        ] GC(1104) Using 2 workers of 2 for marking
[491.484s][info][gc,marking     ] GC(1104) Concurrent Mark From Roots 3.182ms
[491.484s][info][gc,marking     ] GC(1104) Concurrent Preclean
[491.484s][info][gc,marking     ] GC(1104) Concurrent Preclean 0.020ms
[491.484s][info][gc,start       ] GC(1104) Pause Remark
[491.485s][info][gc             ] GC(1104) Pause Remark 24M->24M(1024M) 1.071ms
[491.486s][info][gc,cpu         ] GC(1104) User=0.00s Sys=0.00s Real=0.00s
[491.486s][info][gc,marking     ] GC(1104) Concurrent Mark 4.527ms
[491.486s][info][gc,marking     ] GC(1104) Concurrent Rebuild Remembered Sets and Scrub Regions
[491.487s][info][gc,marking     ] GC(1104) Concurrent Rebuild Remembered Sets and Scrub Regions 1.008ms
[491.487s][info][gc,start       ] GC(1104) Pause Cleanup
[491.487s][info][gc             ] GC(1104) Pause Cleanup 28M->28M(1024M) 0.102ms
[491.487s][info][gc,cpu         ] GC(1104) User=0.00s Sys=0.00s Real=0.00s
[491.487s][info][gc,marking     ] GC(1104) Concurrent Clear Claimed Marks
[491.487s][info][gc,marking     ] GC(1104) Concurrent Clear Claimed Marks 0.028ms
[491.487s][info][gc,marking     ] GC(1104) Concurrent Cleanup for Next Mark
[491.489s][info][gc,marking     ] GC(1104) Concurrent Cleanup for Next Mark 2.446ms
[491.489s][info][gc             ] GC(1104) Concurrent Mark Cycle 8.774ms
[491.669s][info][gc,start       ] GC(1105) Pause Young (Prepare Mixed) (G1 Evacuation Pause)
[491.669s][info][gc,task        ] GC(1105) Using 6 workers of 6 for evacuation
[491.727s][info][gc,phases      ] GC(1105)   Pre Evacuate Collection Set: 0.2ms
[491.727s][info][gc,phases      ] GC(1105)   Merge Heap Roots: 0.1ms
[491.727s][info][gc,phases      ] GC(1105)   Evacuate Collection Set: 56.5ms
[491.727s][info][gc,phases      ] GC(1105)   Post Evacuate Collection Set: 0.6ms
[491.727s][info][gc,phases      ] GC(1105)   Other: 0.1ms
[491.727s][info][gc,heap        ] GC(1105) Eden regions: 613->0(537)
[491.727s][info][gc,heap        ] GC(1105) Survivor regions: 1->77(77)
[491.727s][info][gc,heap        ] GC(1105) Old regions: 9->57
[491.727s][info][gc,heap        ] GC(1105) Humongous regions: 3->3
[491.727s][info][gc,metaspace   ] GC(1105) Metaspace: 16614K(16960K)->16614K(16960K) NonClass: 14288K(14464K)->14288K(14464K) Class: 2325K(2496K)->2325K(2496K)
[491.727s][info][gc             ] GC(1105) Pause Young (Prepare Mixed) (G1 Evacuation Pause) 620M->132M(1024M) 57.690ms
[491.727s][info][gc,cpu         ] GC(1105) User=0.20s Sys=0.00s Real=0.05s
[492.678s][info][gc,start       ] GC(1106) Pause Young (Mixed) (G1 Evacuation Pause)
[492.678s][info][gc,task        ] GC(1106) Using 6 workers of 6 for evacuation
[492.827s][info][gc,phases      ] GC(1106)   Pre Evacuate Collection Set: 0.3ms
[492.827s][info][gc,phases      ] GC(1106)   Merge Heap Roots: 0.4ms
[492.827s][info][gc,phases      ] GC(1106)   Evacuate Collection Set: 146.8ms
[492.827s][info][gc,phases      ] GC(1106)   Post Evacuate Collection Set: 1.1ms
[492.827s][info][gc,phases      ] GC(1106)   Other: 0.1ms
[492.827s][info][gc,heap        ] GC(1106) Eden regions: 537->0(334)
[492.827s][info][gc,heap        ] GC(1106) Survivor regions: 77->77(77)
[492.827s][info][gc,heap        ] GC(1106) Old regions: 57->327
[492.827s][info][gc,heap        ] GC(1106) Humongous regions: 4->4
[492.827s][info][gc,metaspace   ] GC(1106) Metaspace: 16614K(16960K)->16614K(16960K) NonClass: 14288K(14464K)->14288K(14464K) Class: 2325K(2496K)->2325K(2496K)
[492.827s][info][gc             ] GC(1106) Pause Young (Mixed) (G1 Evacuation Pause) 670M->404M(1024M) 148.943ms
[492.827s][info][gc,cpu         ] GC(1106) User=0.86s Sys=0.00s Real=0.16s
[495.459s][info][gc,start       ] GC(1107) Pause Young (Concurrent Start) (G1 Evacuation Pause)
[495.459s][info][gc,task        ] GC(1107) Using 6 workers of 6 for evacuation
[495.573s][info][gc,phases      ] GC(1107)   Pre Evacuate Collection Set: 0.3ms
[495.573s][info][gc,phases      ] GC(1107)   Merge Heap Roots: 1.0ms
[495.573s][info][gc,phases      ] GC(1107)   Evacuate Collection Set: 111.6ms
[495.573s][info][gc,phases      ] GC(1107)   Post Evacuate Collection Set: 1.0ms
[495.573s][info][gc,phases      ] GC(1107)   Other: 0.2ms
[495.573s][info][gc,heap        ] GC(1107) Eden regions: 334->0(241)
[495.573s][info][gc,heap        ] GC(1107) Survivor regions: 77->52(52)
[495.573s][info][gc,heap        ] GC(1107) Old regions: 327->495
[495.573s][info][gc,heap        ] GC(1107) Humongous regions: 4->4
[495.573s][info][gc,metaspace   ] GC(1107) Metaspace: 16614K(16960K)->16614K(16960K) NonClass: 14288K(14464K)->14288K(14464K) Class: 2325K(2496K)->2325K(2496K)
[495.573s][info][gc             ] GC(1107) Pause Young (Concurrent Start) (G1 Evacuation Pause) 738M->547M(1024M) 114.381ms
[495.573s][info][gc             ] GC(1108) Concurrent Mark Cycle
[495.573s][info][gc,cpu         ] GC(1107) User=0.66s Sys=0.00s Real=0.13s
[495.573s][info][gc,marking     ] GC(1108) Concurrent Scan Root Regions
[495.614s][info][gc,marking     ] GC(1108) Concurrent Scan Root Regions 40.767ms
[495.614s][info][gc,marking     ] GC(1108) Concurrent Mark
[495.614s][info][gc,marking     ] GC(1108) Concurrent Mark From Roots
[495.614s][info][gc,task        ] GC(1108) Using 2 workers of 2 for marking
[495.623s][info][gc,marking     ] GC(1108) Concurrent Mark From Roots 8.728ms
[495.623s][info][gc,marking     ] GC(1108) Concurrent Preclean
[495.623s][info][gc,marking     ] GC(1108) Concurrent Preclean 0.048ms
[495.623s][info][gc,start       ] GC(1108) Pause Remark
[495.624s][info][gc             ] GC(1108) Pause Remark 622M->410M(1024M) 1.064ms
[495.624s][info][gc,cpu         ] GC(1108) User=0.00s Sys=0.00s Real=0.00s
[495.624s][info][gc,marking     ] GC(1108) Concurrent Mark 10.095ms
[495.624s][info][gc,marking     ] GC(1108) Concurrent Rebuild Remembered Sets and Scrub Regions
[495.679s][info][gc,marking     ] GC(1108) Concurrent Rebuild Remembered Sets and Scrub Regions 54.542ms
[495.679s][info][gc,start       ] GC(1108) Pause Cleanup
[495.679s][info][gc             ] GC(1108) Pause Cleanup 500M->500M(1024M) 0.227ms
[495.679s][info][gc,cpu         ] GC(1108) User=0.00s Sys=0.00s Real=0.00s
[495.679s][info][gc,marking     ] GC(1108) Concurrent Clear Claimed Marks
[495.679s][info][gc,marking     ] GC(1108) Concurrent Clear Claimed Marks 0.028ms
[495.679s][info][gc,marking     ] GC(1108) Concurrent Cleanup for Next Mark
[495.680s][info][gc,marking     ] GC(1108) Concurrent Cleanup for Next Mark 1.268ms
[495.680s][info][gc             ] GC(1108) Concurrent Mark Cycle 107.260ms
[495.725s][info][gc,start       ] GC(1109) Pause Young (Prepare Mixed) (G1 Evacuation Pause)
[495.725s][info][gc,task        ] GC(1109) Using 6 workers of 6 for evacuation
[495.807s][info][gc,phases      ] GC(1109)   Pre Evacuate Collection Set: 0.2ms
[495.807s][info][gc,phases      ] GC(1109)   Merge Heap Roots: 1.3ms
[495.807s][info][gc,phases      ] GC(1109)   Evacuate Collection Set: 79.9ms
[495.807s][info][gc,phases      ] GC(1109)   Post Evacuate Collection Set: 0.4ms
[495.807s][info][gc,phases      ] GC(1109)   Other: 0.1ms
[495.807s][info][gc,heap        ] GC(1109) Eden regions: 241->0(293)
[495.807s][info][gc,heap        ] GC(1109) Survivor regions: 52->37(37)
[495.807s][info][gc,heap        ] GC(1109) Old regions: 284->401
[495.807s][info][gc,heap        ] GC(1109) Humongous regions: 3->3
[495.807s][info][gc,metaspace   ] GC(1109) Metaspace: 16614K(16960K)->16614K(16960K) NonClass: 14288K(14464K)->14288K(14464K) Class: 2325K(2496K)->2325K(2496K)
[495.807s][info][gc             ] GC(1109) Pause Young (Prepare Mixed) (G1 Evacuation Pause) 576M->437M(1024M) 82.124ms
[495.807s][info][gc,cpu         ] GC(1109) User=0.48s Sys=0.00s Real=0.09s
[495.987s][info][gc,start       ] GC(1110) Pause Young (Mixed) (G1 Evacuation Pause)
[495.987s][info][gc,task        ] GC(1110) Using 6 workers of 6 for evacuation
[496.066s][info][gc,phases      ] GC(1110)   Pre Evacuate Collection Set: 0.4ms
[496.066s][info][gc,phases      ] GC(1110)   Merge Heap Roots: 0.2ms
[496.066s][info][gc,phases      ] GC(1110)   Evacuate Collection Set: 77.2ms
[496.066s][info][gc,phases      ] GC(1110)   Post Evacuate Collection Set: 0.4ms
[496.066s][info][gc,phases      ] GC(1110)   Other: 0.1ms
[496.066s][info][gc,heap        ] GC(1110) Eden regions: 293->0(255)
[496.066s][info][gc,heap        ] GC(1110) Survivor regions: 37->42(42)
[496.066s][info][gc,heap        ] GC(1110) Old regions: 401->463
[496.066s][info][gc,heap        ] GC(1110) Humongous regions: 3->3
[496.066s][info][gc,metaspace   ] GC(1110) Metaspace: 16614K(16960K)->16614K(16960K) NonClass: 14288K(14464K)->14288K(14464K) Class: 2325K(2496K)->2325K(2496K)
[496.066s][info][gc             ] GC(1110) Pause Young (Mixed) (G1 Evacuation Pause) 730M->506M(1024M) 78.535ms
[496.066s][info][gc,cpu         ] GC(1110) User=0.39s Sys=0.00s Real=0.08s
[496.145s][info][gc,start       ] GC(1111) Pause Young (Concurrent Start) (G1 Humongous Allocation)
[496.145s][info][gc,task        ] GC(1111) Using 6 workers of 6 for evacuation
[496.190s][info][gc,phases      ] GC(1111)   Pre Evacuate Collection Set: 0.3ms
[496.190s][info][gc,phases      ] GC(1111)   Merge Heap Roots: 0.2ms
[496.190s][info][gc,phases      ] GC(1111)   Evacuate Collection Set: 44.4ms
[496.190s][info][gc,phases      ] GC(1111)   Post Evacuate Collection Set: 0.3ms
[496.190s][info][gc,phases      ] GC(1111)   Other: 0.2ms
[496.190s][info][gc,heap        ] GC(1111) Eden regions: 125->0(227)
[496.190s][info][gc,heap        ] GC(1111) Survivor regions: 42->38(38)
[496.190s][info][gc,heap        ] GC(1111) Old regions: 463->521
[496.190s][info][gc,heap        ] GC(1111) Humongous regions: 3->3
[496.190s][info][gc,metaspace   ] GC(1111) Metaspace: 16614K(16960K)->16614K(16960K) NonClass: 14288K(14464K)->14288K(14464K) Class: 2325K(2496K)->2325K(2496K)
[496.190s][info][gc             ] GC(1111) Pause Young (Concurrent Start) (G1 Humongous Allocation) 631M->560M(1024M) 45.532ms
[496.190s][info][gc             ] GC(1112) Concurrent Mark Cycle
[496.190s][info][gc,cpu         ] GC(1111) User=0.17s Sys=0.00s Real=0.05s
[496.190s][info][gc,marking     ] GC(1112) Concurrent Scan Root Regions
[496.218s][info][gc,marking     ] GC(1112) Concurrent Scan Root Regions 27.605ms
[496.218s][info][gc,marking     ] GC(1112) Concurrent Mark
[496.218s][info][gc,marking     ] GC(1112) Concurrent Mark From Roots
[496.218s][info][gc,task        ] GC(1112) Using 2 workers of 2 for marking
[496.447s][info][gc,marking     ] GC(1112) Concurrent Mark From Roots 228.433ms
[496.447s][info][gc,marking     ] GC(1112) Concurrent Preclean
[496.447s][info][gc,marking     ] GC(1112) Concurrent Preclean 0.067ms
[496.447s][info][gc,start       ] GC(1112) Pause Remark
[496.448s][info][gc             ] GC(1112) Pause Remark 634M->507M(1024M) 1.359ms
[496.448s][info][gc,cpu         ] GC(1112) User=0.00s Sys=0.00s Real=0.00s
[496.448s][info][gc,marking     ] GC(1112) Concurrent Mark 230.155ms
[496.448s][info][gc,marking     ] GC(1112) Concurrent Rebuild Remembered Sets and Scrub Regions
[496.545s][info][gc,marking     ] GC(1112) Concurrent Rebuild Remembered Sets and Scrub Regions 97.078ms
[496.546s][info][gc,start       ] GC(1112) Pause Cleanup
[496.546s][info][gc             ] GC(1112) Pause Cleanup 515M->515M(1024M) 0.221ms
[496.546s][info][gc,cpu         ] GC(1112) User=0.00s Sys=0.00s Real=0.00s
[496.546s][info][gc,marking     ] GC(1112) Concurrent Clear Claimed Marks
[496.546s][info][gc,marking     ] GC(1112) Concurrent Clear Claimed Marks 0.047ms
[496.546s][info][gc,marking     ] GC(1112) Concurrent Cleanup for Next Mark
[496.547s][info][gc,marking     ] GC(1112) Concurrent Cleanup for Next Mark 1.273ms
[496.547s][info][gc             ] GC(1112) Concurrent Mark Cycle 356.836ms
[496.824s][info][gc,start       ] GC(1113) Pause Young (Prepare Mixed) (G1 Evacuation Pause)
[496.824s][info][gc,task        ] GC(1113) Using 6 workers of 6 for evacuation
[496.886s][info][gc,phases      ] GC(1113)   Pre Evacuate Collection Set: 0.3ms
[496.886s][info][gc,phases      ] GC(1113)   Merge Heap Roots: 2.2ms
[496.886s][info][gc,phases      ] GC(1113)   Evacuate Collection Set: 58.7ms
[496.886s][info][gc,phases      ] GC(1113)   Post Evacuate Collection Set: 1.2ms
[496.886s][info][gc,phases      ] GC(1113)   Other: 0.1ms
[496.886s][info][gc,heap        ] GC(1113) Eden regions: 227->0(287)
[496.886s][info][gc,heap        ] GC(1113) Survivor regions: 38->34(34)
[496.886s][info][gc,heap        ] GC(1113) Old regions: 395->436
[496.886s][info][gc,heap        ] GC(1113) Humongous regions: 8->8
[496.886s][info][gc,metaspace   ] GC(1113) Metaspace: 16614K(16960K)->16614K(16960K) NonClass: 14288K(14464K)->14288K(14464K) Class: 2325K(2496K)->2325K(2496K)
[496.886s][info][gc             ] GC(1113) Pause Young (Prepare Mixed) (G1 Evacuation Pause) 666M->476M(1024M) 62.748ms
[496.886s][info][gc,cpu         ] GC(1113) User=0.30s Sys=0.00s Real=0.06s
[497.399s][info][gc,start       ] GC(1114) Pause Young (Mixed) (G1 Evacuation Pause)
[497.399s][info][gc,task        ] GC(1114) Using 6 workers of 6 for evacuation
[497.425s][info][gc,phases      ] GC(1114)   Pre Evacuate Collection Set: 0.3ms
[497.425s][info][gc,phases      ] GC(1114)   Merge Heap Roots: 1.1ms
[497.425s][info][gc,phases      ] GC(1114)   Evacuate Collection Set: 23.9ms
[497.425s][info][gc,phases      ] GC(1114)   Post Evacuate Collection Set: 0.5ms
[497.425s][info][gc,phases      ] GC(1114)   Other: 0.1ms
[497.425s][info][gc,heap        ] GC(1114) Eden regions: 287->0(330)
[497.425s][info][gc,heap        ] GC(1114) Survivor regions: 34->3(41)
[497.425s][info][gc,heap        ] GC(1114) Old regions: 436->442
[497.425s][info][gc,heap        ] GC(1114) Humongous regions: 8->8
[497.425s][info][gc,metaspace   ] GC(1114) Metaspace: 16614K(16960K)->16614K(16960K) NonClass: 14288K(14464K)->14288K(14464K) Class: 2325K(2496K)->2325K(2496K)
[497.425s][info][gc             ] GC(1114) Pause Young (Mixed) (G1 Evacuation Pause) 763M->452M(1024M) 26.094ms
[497.425s][info][gc,cpu         ] GC(1114) User=0.17s Sys=0.00s Real=0.03s
[498.219s][info][gc,start       ] GC(1115) Pause Full (System.gc())
[498.219s][info][gc,task        ] GC(1115) Using 6 workers of 6 for full compaction
[498.220s][info][gc,phases,start] GC(1115) Phase 1: Mark live objects
[498.222s][info][gc,phases      ] GC(1115) Phase 1: Mark live objects 2.152ms
[498.222s][info][gc,phases,start] GC(1115) Phase 2: Prepare compaction
[498.222s][info][gc,phases      ] GC(1115) Phase 2: Prepare compaction 0.623ms
[498.222s][info][gc,phases,start] GC(1115) Phase 3: Adjust pointers
[498.225s][info][gc,phases      ] GC(1115) Phase 3: Adjust pointers 2.149ms
[498.225s][info][gc,phases,start] GC(1115) Phase 4: Compact heap
[498.225s][info][gc,phases      ] GC(1115) Phase 4: Compact heap 0.579ms
[498.225s][info][gc,phases,start] GC(1115) Phase 5: Reset Metadata
[498.226s][info][gc,phases      ] GC(1115) Phase 5: Reset Metadata 0.821ms
[498.230s][info][gc,heap        ] GC(1115) Eden regions: 147->0(599)
[498.230s][info][gc,heap        ] GC(1115) Survivor regions: 3->0(41)
[498.230s][info][gc,heap        ] GC(1115) Old regions: 442->9
[498.230s][info][gc,heap        ] GC(1115) Humongous regions: 8->2
[498.230s][info][gc,metaspace   ] GC(1115) Metaspace: 16617K(16960K)->16617K(16960K) NonClass: 14291K(14464K)->14291K(14464K) Class: 2325K(2496K)->2325K(2496K)
[498.230s][info][gc             ] GC(1115) Pause Full (System.gc()) 599M->5M(1024M) 10.542ms
[498.230s][info][gc,cpu         ] GC(1115) User=0.00s Sys=0.00s Real=0.00s
[499.380s][info][gc,start       ] GC(1116) Pause Young (Normal) (G1 Evacuation Pause)
[499.380s][info][gc,task        ] GC(1116) Using 6 workers of 6 for evacuation
[499.381s][info][gc,phases      ] GC(1116)   Pre Evacuate Collection Set: 0.2ms
[499.381s][info][gc,phases      ] GC(1116)   Merge Heap Roots: 0.1ms
[499.381s][info][gc,phases      ] GC(1116)   Evacuate Collection Set: 0.3ms
[499.381s][info][gc,phases      ] GC(1116)   Post Evacuate Collection Set: 0.4ms
[499.381s][info][gc,phases      ] GC(1116)   Other: 0.1ms
[499.381s][info][gc,heap        ] GC(1116) Eden regions: 599->0(612)
[499.382s][info][gc,heap        ] GC(1116) Survivor regions: 0->2(75)
[499.382s][info][gc,heap        ] GC(1116) Old regions: 9->9
[499.382s][info][gc,heap        ] GC(1116) Humongous regions: 2->2
[499.382s][info][gc,metaspace   ] GC(1116) Metaspace: 16619K(16960K)->16619K(16960K) NonClass: 14293K(14464K)->14293K(14464K) Class: 2325K(2496K)->2325K(2496K)
[499.382s][info][gc             ] GC(1116) Pause Young (Normal) (G1 Evacuation Pause) 604M->7M(1024M) 1.257ms
[499.382s][info][gc,cpu         ] GC(1116) User=0.00s Sys=0.00s Real=0.00s
[499.475s][info][gc,start       ] GC(1117) Pause Young (Normal) (G1 Evacuation Pause)
[499.475s][info][gc,task        ] GC(1117) Using 6 workers of 6 for evacuation
[499.477s][info][gc,phases      ] GC(1117)   Pre Evacuate Collection Set: 0.2ms
[499.477s][info][gc,phases      ] GC(1117)   Merge Heap Roots: 0.1ms
[499.477s][info][gc,phases      ] GC(1117)   Evacuate Collection Set: 0.4ms
[499.477s][info][gc,phases      ] GC(1117)   Post Evacuate Collection Set: 0.4ms
[499.477s][info][gc,phases      ] GC(1117)   Other: 0.1ms
[499.477s][info][gc,heap        ] GC(1117) Eden regions: 612->0(613)
[499.477s][info][gc,heap        ] GC(1117) Survivor regions: 2->1(77)
[499.477s][info][gc,heap        ] GC(1117) Old regions: 9->9
[499.477s][info][gc,heap        ] GC(1117) Humongous regions: 2->2
[499.477s][info][gc,metaspace   ] GC(1117) Metaspace: 16619K(16960K)->16619K(16960K) NonClass: 14293K(14464K)->14293K(14464K) Class: 2325K(2496K)->2325K(2496K)
[499.477s][info][gc             ] GC(1117) Pause Young (Normal) (G1 Evacuation Pause) 619M->6M(1024M) 1.312ms
[499.477s][info][gc,cpu         ] GC(1117) User=0.02s Sys=0.00s Real=0.02s
[499.573s][info][gc,start       ] GC(1118) Pause Young (Concurrent Start) (G1 Evacuation Pause)
[499.573s][info][gc,task        ] GC(1118) Using 6 workers of 6 for evacuation
[499.574s][info][gc,phases      ] GC(1118)   Pre Evacuate Collection Set: 0.2ms
[499.574s][info][gc,phases      ] GC(1118)   Merge Heap Roots: 0.1ms
[499.574s][info][gc,phases      ] GC(1118)   Evacuate Collection Set: 0.4ms
[499.574s][info][gc,phases      ] GC(1118)   Post Evacuate Collection Set: 0.4ms
[499.575s][info][gc,phases      ] GC(1118)   Other: 0.1ms
[499.575s][info][gc,heap        ] GC(1118) Eden regions: 613->0(613)
[499.575s][info][gc,heap        ] GC(1118) Survivor regions: 1->1(77)
[499.575s][info][gc,heap        ] GC(1118) Old regions: 9->9
[499.575s][info][gc,heap        ] GC(1118) Humongous regions: 2->2
[499.575s][info][gc,metaspace   ] GC(1118) Metaspace: 16619K(16960K)->16619K(16960K) NonClass: 14293K(14464K)->14293K(14464K) Class: 2325K(2496K)->2325K(2496K)
[499.575s][info][gc             ] GC(1118) Pause Young (Concurrent Start) (G1 Evacuation Pause) 619M->6M(1024M) 1.294ms
[499.575s][info][gc,cpu         ] GC(1118) User=0.00s Sys=0.00s Real=0.00s
[499.575s][info][gc             ] GC(1119) Concurrent Mark Cycle
[499.575s][info][gc,marking     ] GC(1119) Concurrent Scan Root Regions
[499.575s][info][gc,marking     ] GC(1119) Concurrent Scan Root Regions 0.249ms
[499.575s][info][gc,marking     ] GC(1119) Concurrent Mark
[499.575s][info][gc,marking     ] GC(1119) Concurrent Mark From Roots
[499.575s][info][gc,task        ] GC(1119) Using 2 workers of 2 for marking
[499.578s][info][gc,marking     ] GC(1119) Concurrent Mark From Roots 3.089ms
[499.578s][info][gc,marking     ] GC(1119) Concurrent Preclean
[499.578s][info][gc,marking     ] GC(1119) Concurrent Preclean 0.019ms
[499.578s][info][gc,start       ] GC(1119) Pause Remark
[499.579s][info][gc             ] GC(1119) Pause Remark 23M->23M(1024M) 1.046ms
[499.579s][info][gc,cpu         ] GC(1119) User=0.00s Sys=0.00s Real=0.00s
[499.579s][info][gc,marking     ] GC(1119) Concurrent Mark 4.401ms
[499.579s][info][gc,marking     ] GC(1119) Concurrent Rebuild Remembered Sets and Scrub Regions
[499.580s][info][gc,marking     ] GC(1119) Concurrent Rebuild Remembered Sets and Scrub Regions 1.001ms
[499.580s][info][gc,start       ] GC(1119) Pause Cleanup
[499.581s][info][gc             ] GC(1119) Pause Cleanup 28M->28M(1024M) 0.111ms
[499.581s][info][gc,cpu         ] GC(1119) User=0.00s Sys=0.00s Real=0.00s
[499.581s][info][gc,marking     ] GC(1119) Concurrent Clear Claimed Marks
[499.581s][info][gc,marking     ] GC(1119) Concurrent Clear Claimed Marks 0.022ms
[499.581s][info][gc,marking     ] GC(1119) Concurrent Cleanup for Next Mark
[499.583s][info][gc,marking     ] GC(1119) Concurrent Cleanup for Next Mark 2.454ms
[499.583s][info][gc             ] GC(1119) Concurrent Mark Cycle 8.624ms
[499.674s][info][gc,start       ] GC(1120) Pause Young (Prepare Mixed) (G1 Evacuation Pause)
[499.675s][info][gc,task        ] GC(1120) Using 6 workers of 6 for evacuation
[499.676s][info][gc,phases      ] GC(1120)   Pre Evacuate Collection Set: 0.2ms
[499.676s][info][gc,phases      ] GC(1120)   Merge Heap Roots: 0.1ms
[499.676s][info][gc,phases      ] GC(1120)   Evacuate Collection Set: 0.3ms
[499.676s][info][gc,phases      ] GC(1120)   Post Evacuate Collection Set: 0.4ms
[499.676s][info][gc,phases      ] GC(1120)   Other: 0.1ms
[499.676s][info][gc,heap        ] GC(1120) Eden regions: 613->0(613)
[499.676s][info][gc,heap        ] GC(1120) Survivor regions: 1->1(77)
[499.676s][info][gc,heap        ] GC(1120) Old regions: 9->9
[499.676s][info][gc,heap        ] GC(1120) Humongous regions: 2->2
[499.676s][info][gc,metaspace   ] GC(1120) Metaspace: 16619K(16960K)->16619K(16960K) NonClass: 14293K(14464K)->14293K(14464K) Class: 2325K(2496K)->2325K(2496K)
[499.676s][info][gc             ] GC(1120) Pause Young (Prepare Mixed) (G1 Evacuation Pause) 619M->6M(1024M) 1.314ms
[499.676s][info][gc,cpu         ] GC(1120) User=0.00s Sys=0.00s Real=0.00s
[499.847s][info][gc,start       ] GC(1121) Pause Young (Mixed) (G1 Evacuation Pause)
[499.847s][info][gc,task        ] GC(1121) Using 6 workers of 6 for evacuation
[499.898s][info][gc,phases      ] GC(1121)   Pre Evacuate Collection Set: 0.2ms
[499.898s][info][gc,phases      ] GC(1121)   Merge Heap Roots: 0.1ms
[499.898s][info][gc,phases      ] GC(1121)   Evacuate Collection Set: 49.8ms
[499.898s][info][gc,phases      ] GC(1121)   Post Evacuate Collection Set: 0.6ms
[499.898s][info][gc,phases      ] GC(1121)   Other: 0.1ms
[499.898s][info][gc,heap        ] GC(1121) Eden regions: 613->0(537)
[499.898s][info][gc,heap        ] GC(1121) Survivor regions: 1->77(77)
[499.898s][info][gc,heap        ] GC(1121) Old regions: 9->42
[499.898s][info][gc,heap        ] GC(1121) Humongous regions: 3->3
[499.898s][info][gc,metaspace   ] GC(1121) Metaspace: 16619K(16960K)->16619K(16960K) NonClass: 14293K(14464K)->14293K(14464K) Class: 2325K(2496K)->2325K(2496K)
[499.898s][info][gc             ] GC(1121) Pause Young (Mixed) (G1 Evacuation Pause) 620M->117M(1024M) 50.861ms
[499.898s][info][gc,cpu         ] GC(1121) User=0.14s Sys=0.00s Real=0.05s
[500.282s][info][gc,start       ] GC(1122) Pause Young (Concurrent Start) (G1 Humongous Allocation)
[500.282s][info][gc,task        ] GC(1122) Using 6 workers of 6 for evacuation
[500.454s][info][gc,phases      ] GC(1122)   Pre Evacuate Collection Set: 0.2ms
[500.454s][info][gc,phases      ] GC(1122)   Merge Heap Roots: 0.2ms
[500.454s][info][gc,phases      ] GC(1122)   Evacuate Collection Set: 170.9ms
[500.454s][info][gc,phases      ] GC(1122)   Post Evacuate Collection Set: 0.9ms
[500.454s][info][gc,phases      ] GC(1122)   Other: 0.1ms
[500.454s][info][gc,heap        ] GC(1122) Eden regions: 472->0(289)
[500.454s][info][gc,heap        ] GC(1122) Survivor regions: 77->77(77)
[500.454s][info][gc,heap        ] GC(1122) Old regions: 42->356
[500.454s][info][gc,heap        ] GC(1122) Humongous regions: 3->3
[500.454s][info][gc,metaspace   ] GC(1122) Metaspace: 16619K(16960K)->16619K(16960K) NonClass: 14293K(14464K)->14293K(14464K) Class: 2325K(2496K)->2325K(2496K)
[500.454s][info][gc             ] GC(1122) Pause Young (Concurrent Start) (G1 Humongous Allocation) 589M->431M(1024M) 172.473ms
[500.454s][info][gc             ] GC(1123) Concurrent Mark Cycle
[500.454s][info][gc,cpu         ] GC(1122) User=0.95s Sys=0.00s Real=0.17s
[500.454s][info][gc,marking     ] GC(1123) Concurrent Scan Root Regions
[500.534s][info][gc,marking     ] GC(1123) Concurrent Scan Root Regions 80.056ms
[500.534s][info][gc,marking     ] GC(1123) Concurrent Mark
[500.534s][info][gc,marking     ] GC(1123) Concurrent Mark From Roots
[500.534s][info][gc,task        ] GC(1123) Using 2 workers of 2 for marking
[500.564s][info][gc,marking     ] GC(1123) Concurrent Mark From Roots 29.993ms
[500.564s][info][gc,marking     ] GC(1123) Concurrent Preclean
[500.564s][info][gc,marking     ] GC(1123) Concurrent Preclean 0.035ms
[500.564s][info][gc,start       ] GC(1123) Pause Remark
[500.565s][info][gc             ] GC(1123) Pause Remark 464M->464M(1024M) 0.971ms
[500.565s][info][gc,cpu         ] GC(1123) User=0.00s Sys=0.00s Real=0.00s
[500.565s][info][gc,marking     ] GC(1123) Concurrent Mark 31.209ms
[500.565s][info][gc,marking     ] GC(1123) Concurrent Rebuild Remembered Sets and Scrub Regions
[500.659s][info][gc,marking     ] GC(1123) Concurrent Rebuild Remembered Sets and Scrub Regions 93.466ms
[500.659s][info][gc,start       ] GC(1123) Pause Cleanup
[500.659s][info][gc             ] GC(1123) Pause Cleanup 500M->500M(1024M) 0.177ms
[500.659s][info][gc,cpu         ] GC(1123) User=0.00s Sys=0.00s Real=0.00s
[500.659s][info][gc,marking     ] GC(1123) Concurrent Clear Claimed Marks
[500.659s][info][gc,marking     ] GC(1123) Concurrent Clear Claimed Marks 0.021ms
[500.659s][info][gc,marking     ] GC(1123) Concurrent Cleanup for Next Mark
[500.661s][info][gc,marking     ] GC(1123) Concurrent Cleanup for Next Mark 1.666ms
[500.661s][info][gc             ] GC(1123) Concurrent Mark Cycle 206.960ms
[503.359s][info][gc,start       ] GC(1124) Pause Young (Prepare Mixed) (G1 Evacuation Pause)
[503.359s][info][gc,task        ] GC(1124) Using 6 workers of 6 for evacuation
[503.454s][info][gc,phases      ] GC(1124)   Pre Evacuate Collection Set: 0.2ms
[503.454s][info][gc,phases      ] GC(1124)   Merge Heap Roots: 1.8ms
[503.454s][info][gc,phases      ] GC(1124)   Evacuate Collection Set: 92.2ms
[503.454s][info][gc,phases      ] GC(1124)   Post Evacuate Collection Set: 0.7ms
[503.454s][info][gc,phases      ] GC(1124)   Other: 0.1ms
[503.454s][info][gc,heap        ] GC(1124) Eden regions: 289->0(244)
[503.454s][info][gc,heap        ] GC(1124) Survivor regions: 77->46(46)
[503.454s][info][gc,heap        ] GC(1124) Old regions: 356->474
[503.454s][info][gc,heap        ] GC(1124) Humongous regions: 4->4
[503.454s][info][gc,metaspace   ] GC(1124) Metaspace: 16620K(16960K)->16620K(16960K) NonClass: 14294K(14464K)->14294K(14464K) Class: 2325K(2496K)->2325K(2496K)
[503.454s][info][gc             ] GC(1124) Pause Young (Prepare Mixed) (G1 Evacuation Pause) 721M->519M(1024M) 95.207ms
[503.454s][info][gc,cpu         ] GC(1124) User=0.48s Sys=0.00s Real=0.10s
[503.593s][info][gc,start       ] GC(1125) Pause Young (Mixed) (G1 Evacuation Pause)
[503.594s][info][gc,task        ] GC(1125) Using 6 workers of 6 for evacuation
[503.672s][info][gc,phases      ] GC(1125)   Pre Evacuate Collection Set: 0.3ms
[503.672s][info][gc,phases      ] GC(1125)   Merge Heap Roots: 0.6ms
[503.672s][info][gc,phases      ] GC(1125)   Evacuate Collection Set: 77.0ms
[503.672s][info][gc,phases      ] GC(1125)   Post Evacuate Collection Set: 0.4ms
[503.672s][info][gc,phases      ] GC(1125)   Other: 0.1ms
[503.672s][info][gc,heap        ] GC(1125) Eden regions: 244->0(187)
[503.672s][info][gc,heap        ] GC(1125) Survivor regions: 46->37(37)
[503.672s][info][gc,heap        ] GC(1125) Old regions: 474->586
[503.672s][info][gc,heap        ] GC(1125) Humongous regions: 4->4
[503.672s][info][gc,metaspace   ] GC(1125) Metaspace: 16620K(16960K)->16620K(16960K) NonClass: 14294K(14464K)->14294K(14464K) Class: 2325K(2496K)->2325K(2496K)
[503.672s][info][gc             ] GC(1125) Pause Young (Mixed) (G1 Evacuation Pause) 763M->623M(1024M) 78.678ms
[503.672s][info][gc,cpu         ] GC(1125) User=0.39s Sys=0.00s Real=0.08s
[503.782s][info][gc,start       ] GC(1126) Pause Young (Concurrent Start) (G1 Evacuation Pause)
[503.782s][info][gc,task        ] GC(1126) Using 6 workers of 6 for evacuation
[503.838s][info][gc,phases      ] GC(1126)   Pre Evacuate Collection Set: 0.3ms
[503.838s][info][gc,phases      ] GC(1126)   Merge Heap Roots: 0.1ms
[503.838s][info][gc,phases      ] GC(1126)   Evacuate Collection Set: 55.4ms
[503.838s][info][gc,phases      ] GC(1126)   Post Evacuate Collection Set: 0.4ms
[503.838s][info][gc,phases      ] GC(1126)   Other: 0.1ms
[503.839s][info][gc,heap        ] GC(1126) Eden regions: 187->0(149)
[503.839s][info][gc,heap        ] GC(1126) Survivor regions: 37->28(28)
[503.839s][info][gc,heap        ] GC(1126) Old regions: 586->675
[503.839s][info][gc,heap        ] GC(1126) Humongous regions: 4->4
[503.839s][info][gc,metaspace   ] GC(1126) Metaspace: 16620K(16960K)->16620K(16960K) NonClass: 14294K(14464K)->14294K(14464K) Class: 2325K(2496K)->2325K(2496K)
[503.839s][info][gc             ] GC(1126) Pause Young (Concurrent Start) (G1 Evacuation Pause) 810M->703M(1024M) 56.603ms
[503.839s][info][gc,cpu         ] GC(1126) User=0.28s Sys=0.00s Real=0.05s
[503.839s][info][gc             ] GC(1127) Concurrent Mark Cycle
[503.839s][info][gc,marking     ] GC(1127) Concurrent Scan Root Regions
[503.866s][info][gc,marking     ] GC(1127) Concurrent Scan Root Regions 27.392ms
[503.866s][info][gc,marking     ] GC(1127) Concurrent Mark
[503.866s][info][gc,marking     ] GC(1127) Concurrent Mark From Roots
[503.866s][info][gc,task        ] GC(1127) Using 2 workers of 2 for marking
[503.940s][info][gc,start       ] GC(1128) Pause Young (Normal) (G1 Evacuation Pause)
[503.940s][info][gc,task        ] GC(1128) Using 6 workers of 6 for evacuation
[503.986s][info][gc,phases      ] GC(1128)   Pre Evacuate Collection Set: 0.2ms
[503.986s][info][gc,phases      ] GC(1128)   Merge Heap Roots: 0.1ms
[503.987s][info][gc,phases      ] GC(1128)   Evacuate Collection Set: 45.4ms
[503.987s][info][gc,phases      ] GC(1128)   Post Evacuate Collection Set: 0.3ms
[503.987s][info][gc,phases      ] GC(1128)   Other: 0.1ms
[503.987s][info][gc,heap        ] GC(1128) Eden regions: 149->0(119)
[503.987s][info][gc,heap        ] GC(1128) Survivor regions: 28->23(23)
[503.987s][info][gc,heap        ] GC(1128) Old regions: 675->745
[503.987s][info][gc,heap        ] GC(1128) Humongous regions: 4->4
[503.987s][info][gc,metaspace   ] GC(1128) Metaspace: 16620K(16960K)->16620K(16960K) NonClass: 14294K(14464K)->14294K(14464K) Class: 2325K(2496K)->2325K(2496K)
[503.987s][info][gc             ] GC(1128) Pause Young (Normal) (G1 Evacuation Pause) 852M->768M(1024M) 46.328ms
[503.987s][info][gc,cpu         ] GC(1128) User=0.14s Sys=0.00s Real=0.05s
[504.021s][info][gc,marking     ] GC(1127) Concurrent Mark From Roots 155.311ms
[504.021s][info][gc,marking     ] GC(1127) Concurrent Preclean
[504.022s][info][gc,marking     ] GC(1127) Concurrent Preclean 0.065ms
[504.022s][info][gc,start       ] GC(1127) Pause Remark
[504.023s][info][gc             ] GC(1127) Pause Remark 821M->409M(1024M) 1.372ms
[504.023s][info][gc,cpu         ] GC(1127) User=0.00s Sys=0.00s Real=0.00s
[504.023s][info][gc,marking     ] GC(1127) Concurrent Mark 156.975ms
[504.023s][info][gc,marking     ] GC(1127) Concurrent Rebuild Remembered Sets and Scrub Regions
[504.065s][info][gc,start       ] GC(1129) Pause Young (Normal) (G1 Evacuation Pause)
[504.065s][info][gc,task        ] GC(1129) Using 6 workers of 6 for evacuation
[504.102s][info][gc,phases      ] GC(1129)   Pre Evacuate Collection Set: 0.1ms
[504.102s][info][gc,phases      ] GC(1129)   Merge Heap Roots: 0.1ms
[504.102s][info][gc,phases      ] GC(1129)   Evacuate Collection Set: 35.6ms
[504.102s][info][gc,phases      ] GC(1129)   Post Evacuate Collection Set: 0.5ms
[504.102s][info][gc,phases      ] GC(1129)   Other: 0.1ms
[504.102s][info][gc,heap        ] GC(1129) Eden regions: 119->0(306)
[504.102s][info][gc,heap        ] GC(1129) Survivor regions: 23->18(18)
[504.102s][info][gc,heap        ] GC(1129) Old regions: 335->393
[504.102s][info][gc,heap        ] GC(1129) Humongous regions: 2->2
[504.102s][info][gc,metaspace   ] GC(1129) Metaspace: 16620K(16960K)->16620K(16960K) NonClass: 14294K(14464K)->14294K(14464K) Class: 2325K(2496K)->2325K(2496K)
[504.102s][info][gc             ] GC(1129) Pause Young (Normal) (G1 Evacuation Pause) 475M->409M(1024M) 36.596ms
[504.102s][info][gc,cpu         ] GC(1129) User=0.09s Sys=0.00s Real=0.03s
[504.171s][info][gc,marking     ] GC(1127) Concurrent Rebuild Remembered Sets and Scrub Regions 148.369ms
[504.172s][info][gc,start       ] GC(1127) Pause Cleanup
[504.172s][info][gc             ] GC(1127) Pause Cleanup 503M->503M(1024M) 0.198ms
[504.172s][info][gc,cpu         ] GC(1127) User=0.00s Sys=0.00s Real=0.00s
[504.172s][info][gc,marking     ] GC(1127) Concurrent Clear Claimed Marks
[504.172s][info][gc,marking     ] GC(1127) Concurrent Clear Claimed Marks 0.031ms
[504.172s][info][gc,marking     ] GC(1127) Concurrent Cleanup for Next Mark
[504.173s][info][gc,marking     ] GC(1127) Concurrent Cleanup for Next Mark 1.532ms
[504.173s][info][gc             ] GC(1127) Concurrent Mark Cycle 334.870ms
[504.720s][info][gc,start       ] GC(1130) Pause Young (Prepare Mixed) (G1 Evacuation Pause)
[504.721s][info][gc,task        ] GC(1130) Using 6 workers of 6 for evacuation
[504.794s][info][gc,phases      ] GC(1130)   Pre Evacuate Collection Set: 0.3ms
[504.794s][info][gc,phases      ] GC(1130)   Merge Heap Roots: 2.0ms
[504.794s][info][gc,phases      ] GC(1130)   Evacuate Collection Set: 69.7ms
[504.794s][info][gc,phases      ] GC(1130)   Post Evacuate Collection Set: 1.0ms
[504.794s][info][gc,phases      ] GC(1130)   Other: 0.1ms
[504.794s][info][gc,heap        ] GC(1130) Eden regions: 306->0(272)
[504.794s][info][gc,heap        ] GC(1130) Survivor regions: 18->41(41)
[504.794s][info][gc,heap        ] GC(1130) Old regions: 393->442
[504.794s][info][gc,heap        ] GC(1130) Humongous regions: 8->8
[504.794s][info][gc,metaspace   ] GC(1130) Metaspace: 16620K(16960K)->16620K(16960K) NonClass: 14294K(14464K)->14294K(14464K) Class: 2325K(2496K)->2325K(2496K)
[504.794s][info][gc             ] GC(1130) Pause Young (Prepare Mixed) (G1 Evacuation Pause) 721M->487M(1024M) 73.233ms
[504.794s][info][gc,cpu         ] GC(1130) User=0.31s Sys=0.00s Real=0.08s
[505.279s][info][gc,start       ] GC(1131) Pause Young (Mixed) (G1 Evacuation Pause)
[505.279s][info][gc,task        ] GC(1131) Using 6 workers of 6 for evacuation
[505.311s][info][gc,phases      ] GC(1131)   Pre Evacuate Collection Set: 0.4ms
[505.311s][info][gc,phases      ] GC(1131)   Merge Heap Roots: 1.3ms
[505.311s][info][gc,phases      ] GC(1131)   Evacuate Collection Set: 29.6ms
[505.311s][info][gc,phases      ] GC(1131)   Post Evacuate Collection Set: 0.7ms
[505.311s][info][gc,phases      ] GC(1131)   Other: 0.1ms
[505.311s][info][gc,heap        ] GC(1131) Eden regions: 272->0(309)
[505.311s][info][gc,heap        ] GC(1131) Survivor regions: 41->3(40)
[505.311s][info][gc,heap        ] GC(1131) Old regions: 442->463
[505.311s][info][gc,heap        ] GC(1131) Humongous regions: 8->8
[505.311s][info][gc,metaspace   ] GC(1131) Metaspace: 16620K(16960K)->16620K(16960K) NonClass: 14294K(14464K)->14294K(14464K) Class: 2325K(2496K)->2325K(2496K)
[505.311s][info][gc             ] GC(1131) Pause Young (Mixed) (G1 Evacuation Pause) 759M->470M(1024M) 32.299ms
[505.311s][info][gc,cpu         ] GC(1131) User=0.08s Sys=0.00s Real=0.05s
[506.171s][info][gc,start       ] GC(1132) Pause Full (System.gc())
[506.171s][info][gc,task        ] GC(1132) Using 6 workers of 6 for full compaction
[506.171s][info][gc,phases,start] GC(1132) Phase 1: Mark live objects
[506.173s][info][gc,phases      ] GC(1132) Phase 1: Mark live objects 2.394ms
[506.174s][info][gc,phases,start] GC(1132) Phase 2: Prepare compaction
[506.174s][info][gc,phases      ] GC(1132) Phase 2: Prepare compaction 0.806ms
[506.174s][info][gc,phases,start] GC(1132) Phase 3: Adjust pointers
[506.177s][info][gc,phases      ] GC(1132) Phase 3: Adjust pointers 2.418ms
[506.177s][info][gc,phases,start] GC(1132) Phase 4: Compact heap
[506.177s][info][gc,phases      ] GC(1132) Phase 4: Compact heap 0.514ms
[506.177s][info][gc,phases,start] GC(1132) Phase 5: Reset Metadata
[506.178s][info][gc,phases      ] GC(1132) Phase 5: Reset Metadata 0.669ms
[506.181s][info][gc,heap        ] GC(1132) Eden regions: 173->0(559)
[506.182s][info][gc,heap        ] GC(1132) Survivor regions: 3->0(40)
[506.182s][info][gc,heap        ] GC(1132) Old regions: 463->9
[506.182s][info][gc,heap        ] GC(1132) Humongous regions: 8->2
[506.182s][info][gc,metaspace   ] GC(1132) Metaspace: 16632K(16960K)->16632K(16960K) NonClass: 14306K(14464K)->14306K(14464K) Class: 2325K(2496K)->2325K(2496K)
[506.182s][info][gc             ] GC(1132) Pause Full (System.gc()) 643M->5M(1024M) 10.756ms
[506.182s][info][gc,cpu         ] GC(1132) User=0.02s Sys=0.00s Real=0.02s
[507.313s][info][gc,start       ] GC(1133) Pause Young (Concurrent Start) (G1 Evacuation Pause)
[507.314s][info][gc,task        ] GC(1133) Using 6 workers of 6 for evacuation
[507.315s][info][gc,phases      ] GC(1133)   Pre Evacuate Collection Set: 0.2ms
[507.315s][info][gc,phases      ] GC(1133)   Merge Heap Roots: 0.1ms
[507.315s][info][gc,phases      ] GC(1133)   Evacuate Collection Set: 0.4ms
[507.315s][info][gc,phases      ] GC(1133)   Post Evacuate Collection Set: 0.4ms
[507.315s][info][gc,phases      ] GC(1133)   Other: 0.1ms
[507.315s][info][gc,heap        ] GC(1133) Eden regions: 559->0(612)
[507.315s][info][gc,heap        ] GC(1133) Survivor regions: 0->2(70)
[507.315s][info][gc,heap        ] GC(1133) Old regions: 9->9
[507.315s][info][gc,heap        ] GC(1133) Humongous regions: 2->2
[507.315s][info][gc,metaspace   ] GC(1133) Metaspace: 16632K(16960K)->16632K(16960K) NonClass: 14306K(14464K)->14306K(14464K) Class: 2325K(2496K)->2325K(2496K)
[507.315s][info][gc             ] GC(1133) Pause Young (Concurrent Start) (G1 Evacuation Pause) 564M->7M(1024M) 1.308ms
[507.315s][info][gc,cpu         ] GC(1133) User=0.00s Sys=0.00s Real=0.00s
[507.315s][info][gc             ] GC(1134) Concurrent Mark Cycle
[507.315s][info][gc,marking     ] GC(1134) Concurrent Scan Root Regions
[507.315s][info][gc,marking     ] GC(1134) Concurrent Scan Root Regions 0.181ms
[507.315s][info][gc,marking     ] GC(1134) Concurrent Mark
[507.315s][info][gc,marking     ] GC(1134) Concurrent Mark From Roots
[507.315s][info][gc,task        ] GC(1134) Using 2 workers of 2 for marking
[507.318s][info][gc,marking     ] GC(1134) Concurrent Mark From Roots 3.177ms
[507.318s][info][gc,marking     ] GC(1134) Concurrent Preclean
[507.318s][info][gc,marking     ] GC(1134) Concurrent Preclean 0.023ms
[507.318s][info][gc,start       ] GC(1134) Pause Remark
[507.320s][info][gc             ] GC(1134) Pause Remark 25M->25M(1024M) 1.077ms
[507.320s][info][gc,cpu         ] GC(1134) User=0.00s Sys=0.00s Real=0.00s
[507.320s][info][gc,marking     ] GC(1134) Concurrent Mark 4.545ms
[507.320s][info][gc,marking     ] GC(1134) Concurrent Rebuild Remembered Sets and Scrub Regions
[507.321s][info][gc,marking     ] GC(1134) Concurrent Rebuild Remembered Sets and Scrub Regions 0.999ms
[507.321s][info][gc,start       ] GC(1134) Pause Cleanup
[507.321s][info][gc             ] GC(1134) Pause Cleanup 30M->30M(1024M) 0.115ms
[507.321s][info][gc,cpu         ] GC(1134) User=0.00s Sys=0.00s Real=0.00s
[507.321s][info][gc,marking     ] GC(1134) Concurrent Clear Claimed Marks
[507.321s][info][gc,marking     ] GC(1134) Concurrent Clear Claimed Marks 0.026ms
[507.321s][info][gc,marking     ] GC(1134) Concurrent Cleanup for Next Mark
[507.323s][info][gc,marking     ] GC(1134) Concurrent Cleanup for Next Mark 2.426ms
[507.324s][info][gc             ] GC(1134) Concurrent Mark Cycle 8.696ms
[507.413s][info][gc,start       ] GC(1135) Pause Young (Prepare Mixed) (G1 Evacuation Pause)
[507.413s][info][gc,task        ] GC(1135) Using 6 workers of 6 for evacuation
[507.414s][info][gc,phases      ] GC(1135)   Pre Evacuate Collection Set: 0.2ms
[507.414s][info][gc,phases      ] GC(1135)   Merge Heap Roots: 0.1ms
[507.414s][info][gc,phases      ] GC(1135)   Evacuate Collection Set: 0.3ms
[507.415s][info][gc,phases      ] GC(1135)   Post Evacuate Collection Set: 0.4ms
[507.415s][info][gc,phases      ] GC(1135)   Other: 0.1ms
[507.415s][info][gc,heap        ] GC(1135) Eden regions: 612->0(613)
[507.415s][info][gc,heap        ] GC(1135) Survivor regions: 2->1(77)
[507.415s][info][gc,heap        ] GC(1135) Old regions: 9->9
[507.415s][info][gc,heap        ] GC(1135) Humongous regions: 2->2
[507.415s][info][gc,metaspace   ] GC(1135) Metaspace: 16632K(16960K)->16632K(16960K) NonClass: 14306K(14464K)->14306K(14464K) Class: 2325K(2496K)->2325K(2496K)
[507.415s][info][gc             ] GC(1135) Pause Young (Prepare Mixed) (G1 Evacuation Pause) 619M->6M(1024M) 1.273ms
[507.415s][info][gc,cpu         ] GC(1135) User=0.00s Sys=0.00s Real=0.00s
[507.510s][info][gc,start       ] GC(1136) Pause Young (Mixed) (G1 Evacuation Pause)
[507.510s][info][gc,task        ] GC(1136) Using 6 workers of 6 for evacuation
[507.511s][info][gc,phases      ] GC(1136)   Pre Evacuate Collection Set: 0.2ms
[507.511s][info][gc,phases      ] GC(1136)   Merge Heap Roots: 0.1ms
[507.511s][info][gc,phases      ] GC(1136)   Evacuate Collection Set: 0.3ms
[507.511s][info][gc,phases      ] GC(1136)   Post Evacuate Collection Set: 0.4ms
[507.511s][info][gc,phases      ] GC(1136)   Other: 0.1ms
[507.511s][info][gc,heap        ] GC(1136) Eden regions: 613->0(613)
[507.511s][info][gc,heap        ] GC(1136) Survivor regions: 1->1(77)
[507.511s][info][gc,heap        ] GC(1136) Old regions: 9->9
[507.511s][info][gc,heap        ] GC(1136) Humongous regions: 2->2
[507.511s][info][gc,metaspace   ] GC(1136) Metaspace: 16632K(16960K)->16632K(16960K) NonClass: 14306K(14464K)->14306K(14464K) Class: 2325K(2496K)->2325K(2496K)
[507.511s][info][gc             ] GC(1136) Pause Young (Mixed) (G1 Evacuation Pause) 619M->6M(1024M) 1.250ms
[507.511s][info][gc,cpu         ] GC(1136) User=0.00s Sys=0.00s Real=0.00s
[507.608s][info][gc,start       ] GC(1137) Pause Young (Concurrent Start) (G1 Evacuation Pause)
[507.608s][info][gc,task        ] GC(1137) Using 6 workers of 6 for evacuation
[507.609s][info][gc,phases      ] GC(1137)   Pre Evacuate Collection Set: 0.2ms
[507.609s][info][gc,phases      ] GC(1137)   Merge Heap Roots: 0.1ms
[507.609s][info][gc,phases      ] GC(1137)   Evacuate Collection Set: 0.4ms
[507.609s][info][gc,phases      ] GC(1137)   Post Evacuate Collection Set: 0.4ms
[507.609s][info][gc,phases      ] GC(1137)   Other: 0.1ms
[507.609s][info][gc,heap        ] GC(1137) Eden regions: 613->0(613)
[507.609s][info][gc,heap        ] GC(1137) Survivor regions: 1->1(77)
[507.609s][info][gc,heap        ] GC(1137) Old regions: 9->9
[507.609s][info][gc,heap        ] GC(1137) Humongous regions: 2->2
[507.609s][info][gc,metaspace   ] GC(1137) Metaspace: 16632K(16960K)->16632K(16960K) NonClass: 14306K(14464K)->14306K(14464K) Class: 2325K(2496K)->2325K(2496K)
[507.609s][info][gc             ] GC(1137) Pause Young (Concurrent Start) (G1 Evacuation Pause) 619M->6M(1024M) 1.435ms
[507.609s][info][gc,cpu         ] GC(1137) User=0.02s Sys=0.00s Real=0.01s
[507.609s][info][gc             ] GC(1138) Concurrent Mark Cycle
[507.609s][info][gc,marking     ] GC(1138) Concurrent Scan Root Regions
[507.609s][info][gc,marking     ] GC(1138) Concurrent Scan Root Regions 0.254ms
[507.609s][info][gc,marking     ] GC(1138) Concurrent Mark
[507.609s][info][gc,marking     ] GC(1138) Concurrent Mark From Roots
[507.609s][info][gc,task        ] GC(1138) Using 2 workers of 2 for marking
[507.613s][info][gc,marking     ] GC(1138) Concurrent Mark From Roots 3.164ms
[507.613s][info][gc,marking     ] GC(1138) Concurrent Preclean
[507.613s][info][gc,marking     ] GC(1138) Concurrent Preclean 0.022ms
[507.613s][info][gc,start       ] GC(1138) Pause Remark
[507.614s][info][gc             ] GC(1138) Pause Remark 24M->24M(1024M) 1.075ms
[507.614s][info][gc,cpu         ] GC(1138) User=0.00s Sys=0.00s Real=0.00s
[507.614s][info][gc,marking     ] GC(1138) Concurrent Mark 4.522ms
[507.614s][info][gc,marking     ] GC(1138) Concurrent Rebuild Remembered Sets and Scrub Regions
[507.615s][info][gc,marking     ] GC(1138) Concurrent Rebuild Remembered Sets and Scrub Regions 0.996ms
[507.615s][info][gc,start       ] GC(1138) Pause Cleanup
[507.615s][info][gc             ] GC(1138) Pause Cleanup 29M->29M(1024M) 0.114ms
[507.615s][info][gc,cpu         ] GC(1138) User=0.00s Sys=0.00s Real=0.00s
[507.615s][info][gc,marking     ] GC(1138) Concurrent Clear Claimed Marks
[507.615s][info][gc,marking     ] GC(1138) Concurrent Clear Claimed Marks 0.023ms
[507.615s][info][gc,marking     ] GC(1138) Concurrent Cleanup for Next Mark
[507.618s][info][gc,marking     ] GC(1138) Concurrent Cleanup for Next Mark 2.459ms
[507.618s][info][gc             ] GC(1138) Concurrent Mark Cycle 8.814ms
[507.765s][info][gc,start       ] GC(1139) Pause Young (Prepare Mixed) (G1 Evacuation Pause)
[507.765s][info][gc,task        ] GC(1139) Using 6 workers of 6 for evacuation
[507.805s][info][gc,phases      ] GC(1139)   Pre Evacuate Collection Set: 0.2ms
[507.805s][info][gc,phases      ] GC(1139)   Merge Heap Roots: 0.1ms
[507.805s][info][gc,phases      ] GC(1139)   Evacuate Collection Set: 39.0ms
[507.805s][info][gc,phases      ] GC(1139)   Post Evacuate Collection Set: 0.6ms
[507.805s][info][gc,phases      ] GC(1139)   Other: 0.1ms
[507.805s][info][gc,heap        ] GC(1139) Eden regions: 613->0(537)
[507.805s][info][gc,heap        ] GC(1139) Survivor regions: 1->77(77)
[507.805s][info][gc,heap        ] GC(1139) Old regions: 9->20
[507.805s][info][gc,heap        ] GC(1139) Humongous regions: 3->3
[507.805s][info][gc,metaspace   ] GC(1139) Metaspace: 16633K(16960K)->16633K(16960K) NonClass: 14307K(14464K)->14307K(14464K) Class: 2325K(2496K)->2325K(2496K)
[507.805s][info][gc             ] GC(1139) Pause Young (Prepare Mixed) (G1 Evacuation Pause) 620M->95M(1024M) 40.170ms
[507.805s][info][gc,cpu         ] GC(1139) User=0.03s Sys=0.00s Real=0.03s
[508.311s][info][gc,start       ] GC(1140) Pause Young (Mixed) (G1 Evacuation Pause)
[508.311s][info][gc,task        ] GC(1140) Using 6 workers of 6 for evacuation
[508.496s][info][gc,phases      ] GC(1140)   Pre Evacuate Collection Set: 0.2ms
[508.496s][info][gc,phases      ] GC(1140)   Merge Heap Roots: 0.1ms
[508.496s][info][gc,phases      ] GC(1140)   Evacuate Collection Set: 176.4ms
[508.496s][info][gc,phases      ] GC(1140)   Post Evacuate Collection Set: 8.1ms
[508.496s][info][gc,phases      ] GC(1140)   Other: 0.1ms
[508.496s][info][gc,heap        ] GC(1140) Eden regions: 537->0(0)
[508.496s][info][gc,heap        ] GC(1140) Survivor regions: 77->77(77)
[508.496s][info][gc,heap        ] GC(1140) Old regions: 20->910
[508.496s][info][gc,heap        ] GC(1140) Humongous regions: 4->4
[508.496s][info][gc,metaspace   ] GC(1140) Metaspace: 16633K(16960K)->16633K(16960K) NonClass: 14307K(14464K)->14307K(14464K) Class: 2325K(2496K)->2325K(2496K)
[508.496s][info][gc             ] GC(1140) Pause Young (Mixed) (G1 Evacuation Pause) (Evacuation Failure) 633M->986M(1024M) 184.999ms
[508.496s][info][gc,cpu         ] GC(1140) User=1.12s Sys=0.00s Real=0.17s
[508.496s][info][gc,ergo        ] Attempting full compaction
[508.496s][info][gc,start       ] GC(1141) Pause Full (G1 Compaction Pause)
[508.496s][info][gc,task        ] GC(1141) Using 6 workers of 6 for full compaction
[508.496s][info][gc,phases,start] GC(1141) Phase 1: Mark live objects
[508.607s][info][gc,phases      ] GC(1141) Phase 1: Mark live objects 110.835ms
[508.607s][info][gc,phases,start] GC(1141) Phase 2: Prepare compaction
[508.612s][info][gc,phases      ] GC(1141) Phase 2: Prepare compaction 5.328ms
[508.612s][info][gc,phases,start] GC(1141) Phase 3: Adjust pointers
[508.639s][info][gc,phases      ] GC(1141) Phase 3: Adjust pointers 26.887ms
[508.639s][info][gc,phases,start] GC(1141) Phase 4: Compact heap
[508.645s][info][gc,phases      ] GC(1141) Phase 4: Compact heap 5.880ms
[508.645s][info][gc,phases,start] GC(1141) Phase 5: Reset Metadata
[508.658s][info][gc,phases      ] GC(1141) Phase 5: Reset Metadata 13.191ms
[508.664s][info][gc,heap        ] GC(1141) Eden regions: 0->0(318)
[508.664s][info][gc,heap        ] GC(1141) Survivor regions: 77->0(77)
[508.664s][info][gc,heap        ] GC(1141) Old regions: 910->415
[508.664s][info][gc,heap        ] GC(1141) Humongous regions: 4->4
[508.664s][info][gc,metaspace   ] GC(1141) Metaspace: 16633K(16960K)->16633K(16960K) NonClass: 14307K(14464K)->14307K(14464K) Class: 2325K(2496K)->2325K(2496K)
[508.664s][info][gc             ] GC(1141) Pause Full (G1 Compaction Pause) 986M->416M(1024M) 168.330ms
[508.664s][info][gc,cpu         ] GC(1141) User=0.64s Sys=0.00s Real=0.17s
[511.667s][info][gc,start       ] GC(1142) Pause Young (Concurrent Start) (G1 Evacuation Pause)
[511.667s][info][gc,task        ] GC(1142) Using 6 workers of 6 for evacuation
[511.743s][info][gc,phases      ] GC(1142)   Pre Evacuate Collection Set: 0.4ms
[511.743s][info][gc,phases      ] GC(1142)   Merge Heap Roots: 1.2ms
[511.743s][info][gc,phases      ] GC(1142)   Evacuate Collection Set: 73.8ms
[511.743s][info][gc,phases      ] GC(1142)   Post Evacuate Collection Set: 0.7ms
[511.743s][info][gc,phases      ] GC(1142)   Other: 0.1ms
[511.743s][info][gc,heap        ] GC(1142) Eden regions: 318->0(245)
[511.743s][info][gc,heap        ] GC(1142) Survivor regions: 0->40(40)
[511.743s][info][gc,heap        ] GC(1142) Old regions: 415->493
[511.743s][info][gc,heap        ] GC(1142) Humongous regions: 4->4
[511.743s][info][gc,metaspace   ] GC(1142) Metaspace: 16633K(16960K)->16633K(16960K) NonClass: 14307K(14464K)->14307K(14464K) Class: 2325K(2496K)->2325K(2496K)
[511.743s][info][gc             ] GC(1142) Pause Young (Concurrent Start) (G1 Evacuation Pause) 734M->533M(1024M) 76.478ms
[511.743s][info][gc             ] GC(1143) Concurrent Mark Cycle
[511.743s][info][gc,cpu         ] GC(1142) User=0.39s Sys=0.00s Real=0.08s
[511.743s][info][gc,marking     ] GC(1143) Concurrent Scan Root Regions
[511.767s][info][gc,marking     ] GC(1143) Concurrent Scan Root Regions 23.594ms
[511.767s][info][gc,marking     ] GC(1143) Concurrent Mark
[511.767s][info][gc,marking     ] GC(1143) Concurrent Mark From Roots
[511.767s][info][gc,task        ] GC(1143) Using 2 workers of 2 for marking
[511.823s][info][gc,marking     ] GC(1143) Concurrent Mark From Roots 56.648ms
[511.823s][info][gc,marking     ] GC(1143) Concurrent Preclean
[511.824s][info][gc,marking     ] GC(1143) Concurrent Preclean 0.067ms
[511.824s][info][gc,start       ] GC(1143) Pause Remark
[511.825s][info][gc             ] GC(1143) Pause Remark 661M->554M(1024M) 1.292ms
[511.825s][info][gc,cpu         ] GC(1143) User=0.00s Sys=0.00s Real=0.00s
[511.825s][info][gc,marking     ] GC(1143) Concurrent Mark 58.252ms
[511.825s][info][gc,marking     ] GC(1143) Concurrent Rebuild Remembered Sets and Scrub Regions
[511.896s][info][gc,start       ] GC(1144) Pause Young (Normal) (G1 Evacuation Pause)
[511.896s][info][gc,task        ] GC(1144) Using 6 workers of 6 for evacuation
[511.972s][info][gc,phases      ] GC(1144)   Pre Evacuate Collection Set: 0.2ms
[511.972s][info][gc,phases      ] GC(1144)   Merge Heap Roots: 0.7ms
[511.972s][info][gc,phases      ] GC(1144)   Evacuate Collection Set: 74.1ms
[511.972s][info][gc,phases      ] GC(1144)   Post Evacuate Collection Set: 0.5ms
[511.972s][info][gc,phases      ] GC(1144)   Other: 0.1ms
[511.972s][info][gc,heap        ] GC(1144) Eden regions: 245->0(243)
[511.972s][info][gc,heap        ] GC(1144) Survivor regions: 40->36(36)
[511.972s][info][gc,heap        ] GC(1144) Old regions: 387->494
[511.972s][info][gc,heap        ] GC(1144) Humongous regions: 3->3
[511.972s][info][gc,metaspace   ] GC(1144) Metaspace: 16633K(16960K)->16633K(16960K) NonClass: 14307K(14464K)->14307K(14464K) Class: 2325K(2496K)->2325K(2496K)
[511.972s][info][gc             ] GC(1144) Pause Young (Normal) (G1 Evacuation Pause) 671M->529M(1024M) 75.716ms
[511.972s][info][gc,cpu         ] GC(1144) User=0.41s Sys=0.00s Real=0.08s
[511.975s][info][gc,marking     ] GC(1143) Concurrent Rebuild Remembered Sets and Scrub Regions 149.963ms
[511.975s][info][gc,start       ] GC(1143) Pause Cleanup
[511.975s][info][gc             ] GC(1143) Pause Cleanup 533M->533M(1024M) 0.306ms
[511.975s][info][gc,cpu         ] GC(1143) User=0.00s Sys=0.00s Real=0.00s
[511.975s][info][gc,marking     ] GC(1143) Concurrent Clear Claimed Marks
[511.975s][info][gc,marking     ] GC(1143) Concurrent Clear Claimed Marks 0.031ms
[511.975s][info][gc,marking     ] GC(1143) Concurrent Cleanup for Next Mark
[511.977s][info][gc,marking     ] GC(1143) Concurrent Cleanup for Next Mark 1.728ms
[511.977s][info][gc             ] GC(1143) Concurrent Mark Cycle 234.240ms
[512.123s][info][gc,start       ] GC(1145) Pause Young (Prepare Mixed) (G1 Evacuation Pause)
[512.124s][info][gc,task        ] GC(1145) Using 6 workers of 6 for evacuation
[512.190s][info][gc,phases      ] GC(1145)   Pre Evacuate Collection Set: 0.5ms
[512.190s][info][gc,phases      ] GC(1145)   Merge Heap Roots: 0.2ms
[512.190s][info][gc,phases      ] GC(1145)   Evacuate Collection Set: 65.1ms
[512.190s][info][gc,phases      ] GC(1145)   Post Evacuate Collection Set: 0.4ms
[512.190s][info][gc,phases      ] GC(1145)   Other: 0.1ms
[512.190s][info][gc,heap        ] GC(1145) Eden regions: 243->0(189)
[512.190s][info][gc,heap        ] GC(1145) Survivor regions: 36->35(35)
[512.190s][info][gc,heap        ] GC(1145) Old regions: 494->598
[512.190s][info][gc,heap        ] GC(1145) Humongous regions: 3->3
[512.190s][info][gc,metaspace   ] GC(1145) Metaspace: 16633K(16960K)->16633K(16960K) NonClass: 14307K(14464K)->14307K(14464K) Class: 2325K(2496K)->2325K(2496K)
[512.190s][info][gc             ] GC(1145) Pause Young (Prepare Mixed) (G1 Evacuation Pause) 772M->632M(1024M) 66.620ms
[512.190s][info][gc,cpu         ] GC(1145) User=0.36s Sys=0.00s Real=0.06s
[512.306s][info][gc,start       ] GC(1146) Pause Young (Mixed) (G1 Evacuation Pause)
[512.307s][info][gc,task        ] GC(1146) Using 6 workers of 6 for evacuation
[512.363s][info][gc,phases      ] GC(1146)   Pre Evacuate Collection Set: 0.3ms
[512.363s][info][gc,phases      ] GC(1146)   Merge Heap Roots: 0.2ms
[512.363s][info][gc,phases      ] GC(1146)   Evacuate Collection Set: 55.2ms
[512.363s][info][gc,phases      ] GC(1146)   Post Evacuate Collection Set: 0.4ms
[512.363s][info][gc,phases      ] GC(1146)   Other: 0.1ms
[512.363s][info][gc,heap        ] GC(1146) Eden regions: 189->0(199)
[512.363s][info][gc,heap        ] GC(1146) Survivor regions: 35->28(28)
[512.363s][info][gc,heap        ] GC(1146) Old regions: 598->585
[512.363s][info][gc,heap        ] GC(1146) Humongous regions: 3->3
[512.363s][info][gc,metaspace   ] GC(1146) Metaspace: 16633K(16960K)->16633K(16960K) NonClass: 14307K(14464K)->14307K(14464K) Class: 2325K(2496K)->2325K(2496K)
[512.363s][info][gc             ] GC(1146) Pause Young (Mixed) (G1 Evacuation Pause) 821M->615M(1024M) 56.419ms
[512.363s][info][gc,cpu         ] GC(1146) User=0.28s Sys=0.00s Real=0.05s
[513.115s][info][gc,start       ] GC(1147) Pause Young (Mixed) (G1 Evacuation Pause)
[513.115s][info][gc,task        ] GC(1147) Using 6 workers of 6 for evacuation
[513.192s][info][gc,phases      ] GC(1147)   Pre Evacuate Collection Set: 0.2ms
[513.192s][info][gc,phases      ] GC(1147)   Merge Heap Roots: 2.6ms
[513.192s][info][gc,phases      ] GC(1147)   Evacuate Collection Set: 73.0ms
[513.192s][info][gc,phases      ] GC(1147)   Post Evacuate Collection Set: 0.9ms
[513.192s][info][gc,phases      ] GC(1147)   Other: 0.1ms
[513.192s][info][gc,heap        ] GC(1147) Eden regions: 199->0(218)
[513.192s][info][gc,heap        ] GC(1147) Survivor regions: 28->29(29)
[513.192s][info][gc,heap        ] GC(1147) Old regions: 585->546
[513.192s][info][gc,heap        ] GC(1147) Humongous regions: 9->9
[513.192s][info][gc,metaspace   ] GC(1147) Metaspace: 16633K(16960K)->16633K(16960K) NonClass: 14307K(14464K)->14307K(14464K) Class: 2325K(2496K)->2325K(2496K)
[513.192s][info][gc             ] GC(1147) Pause Young (Mixed) (G1 Evacuation Pause) 820M->583M(1024M) 76.986ms
[513.192s][info][gc,cpu         ] GC(1147) User=0.39s Sys=0.00s Real=0.08s
[513.591s][info][gc,start       ] GC(1148) Pause Young (Mixed) (G1 Evacuation Pause)
[513.591s][info][gc,task        ] GC(1148) Using 6 workers of 6 for evacuation
[513.620s][info][gc,phases      ] GC(1148)   Pre Evacuate Collection Set: 0.3ms
[513.620s][info][gc,phases      ] GC(1148)   Merge Heap Roots: 1.2ms
[513.620s][info][gc,phases      ] GC(1148)   Evacuate Collection Set: 26.8ms
[513.620s][info][gc,phases      ] GC(1148)   Post Evacuate Collection Set: 0.6ms
[513.620s][info][gc,phases      ] GC(1148)   Other: 0.1ms
[513.620s][info][gc,heap        ] GC(1148) Eden regions: 218->0(246)
[513.620s][info][gc,heap        ] GC(1148) Survivor regions: 29->6(31)
[513.620s][info][gc,heap        ] GC(1148) Old regions: 546->555
[513.620s][info][gc,heap        ] GC(1148) Humongous regions: 9->9
[513.620s][info][gc,metaspace   ] GC(1148) Metaspace: 16633K(16960K)->16633K(16960K) NonClass: 14307K(14464K)->14307K(14464K) Class: 2325K(2496K)->2325K(2496K)
[513.620s][info][gc             ] GC(1148) Pause Young (Mixed) (G1 Evacuation Pause) 801M->569M(1024M) 29.336ms
[513.620s][info][gc,cpu         ] GC(1148) User=0.09s Sys=0.00s Real=0.03s
[514.321s][info][gc,start       ] GC(1149) Pause Young (Concurrent Start) (G1 Evacuation Pause)
[514.321s][info][gc,task        ] GC(1149) Using 6 workers of 6 for evacuation
[514.328s][info][gc,phases      ] GC(1149)   Pre Evacuate Collection Set: 0.2ms
[514.328s][info][gc,phases      ] GC(1149)   Merge Heap Roots: 0.3ms
[514.328s][info][gc,phases      ] GC(1149)   Evacuate Collection Set: 5.8ms
[514.328s][info][gc,phases      ] GC(1149)   Post Evacuate Collection Set: 0.5ms
[514.328s][info][gc,phases      ] GC(1149)   Other: 0.2ms
[514.328s][info][gc,heap        ] GC(1149) Eden regions: 246->0(273)
[514.328s][info][gc,heap        ] GC(1149) Survivor regions: 6->3(32)
[514.328s][info][gc,heap        ] GC(1149) Old regions: 555->555
[514.328s][info][gc,heap        ] GC(1149) Humongous regions: 9->9
[514.328s][info][gc,metaspace   ] GC(1149) Metaspace: 16633K(16960K)->16633K(16960K) NonClass: 14307K(14464K)->14307K(14464K) Class: 2325K(2496K)->2325K(2496K)
[514.328s][info][gc             ] GC(1149) Pause Young (Concurrent Start) (G1 Evacuation Pause) 815M->566M(1024M) 7.171ms
[514.328s][info][gc             ] GC(1150) Concurrent Mark Cycle
[514.328s][info][gc,cpu         ] GC(1149) User=0.02s Sys=0.00s Real=0.02s
[514.328s][info][gc,marking     ] GC(1150) Concurrent Scan Root Regions
[514.329s][info][gc,marking     ] GC(1150) Concurrent Scan Root Regions 0.500ms
[514.329s][info][gc,marking     ] GC(1150) Concurrent Mark
[514.329s][info][gc,marking     ] GC(1150) Concurrent Mark From Roots
[514.329s][info][gc,task        ] GC(1150) Using 2 workers of 2 for marking
[514.333s][info][gc,marking     ] GC(1150) Concurrent Mark From Roots 3.696ms
[514.333s][info][gc,marking     ] GC(1150) Concurrent Preclean
[514.333s][info][gc,marking     ] GC(1150) Concurrent Preclean 0.042ms
[514.333s][info][gc,start       ] GC(1150) Pause Remark
[514.334s][info][gc             ] GC(1150) Pause Remark 567M->34M(1024M) 1.413ms
[514.334s][info][gc,cpu         ] GC(1150) User=0.00s Sys=0.00s Real=0.00s
[514.334s][info][gc,marking     ] GC(1150) Concurrent Mark 5.387ms
[514.334s][info][gc,marking     ] GC(1150) Concurrent Rebuild Remembered Sets and Scrub Regions
[514.335s][info][gc,marking     ] GC(1150) Concurrent Rebuild Remembered Sets and Scrub Regions 1.151ms
[514.336s][info][gc,start       ] GC(1150) Pause Cleanup
[514.336s][info][gc             ] GC(1150) Pause Cleanup 35M->35M(1024M) 0.176ms
[514.336s][info][gc,cpu         ] GC(1150) User=0.00s Sys=0.00s Real=0.00s
[514.336s][info][gc,marking     ] GC(1150) Concurrent Clear Claimed Marks
[514.336s][info][gc,marking     ] GC(1150) Concurrent Clear Claimed Marks 0.020ms
[514.336s][info][gc,marking     ] GC(1150) Concurrent Cleanup for Next Mark
[514.337s][info][gc,marking     ] GC(1150) Concurrent Cleanup for Next Mark 1.426ms
[514.337s][info][gc             ] GC(1150) Concurrent Mark Cycle 8.943ms
[514.693s][info][gc,start       ] GC(1151) Pause Full (System.gc())
[514.693s][info][gc,task        ] GC(1151) Using 6 workers of 6 for full compaction
[514.693s][info][gc,phases,start] GC(1151) Phase 1: Mark live objects
[514.696s][info][gc,phases      ] GC(1151) Phase 1: Mark live objects 2.547ms
[514.696s][info][gc,phases,start] GC(1151) Phase 2: Prepare compaction
[514.696s][info][gc,phases      ] GC(1151) Phase 2: Prepare compaction 0.149ms
[514.696s][info][gc,phases,start] GC(1151) Phase 3: Adjust pointers
[514.698s][info][gc,phases      ] GC(1151) Phase 3: Adjust pointers 2.018ms
[514.698s][info][gc,phases,start] GC(1151) Phase 4: Compact heap
[514.698s][info][gc,phases      ] GC(1151) Phase 4: Compact heap 0.127ms
[514.698s][info][gc,phases,start] GC(1151) Phase 5: Reset Metadata
[514.699s][info][gc,phases      ] GC(1151) Phase 5: Reset Metadata 0.732ms
[514.703s][info][gc,heap        ] GC(1151) Eden regions: 51->0(614)
[514.703s][info][gc,heap        ] GC(1151) Survivor regions: 3->0(32)
[514.703s][info][gc,heap        ] GC(1151) Old regions: 29->10
[514.703s][info][gc,heap        ] GC(1151) Humongous regions: 2->2
[514.703s][info][gc,metaspace   ] GC(1151) Metaspace: 16633K(16960K)->16633K(16960K) NonClass: 14307K(14464K)->14307K(14464K) Class: 2325K(2496K)->2325K(2496K)
[514.703s][info][gc             ] GC(1151) Pause Full (System.gc()) 84M->5M(1024M) 10.017ms
[514.703s][info][gc,cpu         ] GC(1151) User=0.02s Sys=0.00s Real=0.01s
[516.009s][info][gc,start       ] GC(1152) Pause Young (Normal) (G1 Evacuation Pause)
[516.010s][info][gc,task        ] GC(1152) Using 6 workers of 6 for evacuation
[516.011s][info][gc,phases      ] GC(1152)   Pre Evacuate Collection Set: 0.2ms
[516.011s][info][gc,phases      ] GC(1152)   Merge Heap Roots: 0.1ms
[516.011s][info][gc,phases      ] GC(1152)   Evacuate Collection Set: 0.4ms
[516.011s][info][gc,phases      ] GC(1152)   Post Evacuate Collection Set: 0.4ms
[516.011s][info][gc,phases      ] GC(1152)   Other: 0.1ms
[516.011s][info][gc,heap        ] GC(1152) Eden regions: 614->0(613)
[516.011s][info][gc,heap        ] GC(1152) Survivor regions: 0->1(77)
[516.011s][info][gc,heap        ] GC(1152) Old regions: 10->10
[516.011s][info][gc,heap        ] GC(1152) Humongous regions: 2->2
[516.011s][info][gc,metaspace   ] GC(1152) Metaspace: 16633K(16960K)->16633K(16960K) NonClass: 14307K(14464K)->14307K(14464K) Class: 2325K(2496K)->2325K(2496K)
[516.011s][info][gc             ] GC(1152) Pause Young (Normal) (G1 Evacuation Pause) 619M->6M(1024M) 1.540ms
[516.011s][info][gc,cpu         ] GC(1152) User=0.00s Sys=0.00s Real=0.00s
[516.110s][info][gc,start       ] GC(1153) Pause Young (Normal) (G1 Evacuation Pause)
[516.111s][info][gc,task        ] GC(1153) Using 6 workers of 6 for evacuation
[516.112s][info][gc,phases      ] GC(1153)   Pre Evacuate Collection Set: 0.2ms
[516.112s][info][gc,phases      ] GC(1153)   Merge Heap Roots: 0.1ms
[516.112s][info][gc,phases      ] GC(1153)   Evacuate Collection Set: 0.3ms
[516.112s][info][gc,phases      ] GC(1153)   Post Evacuate Collection Set: 0.3ms
[516.112s][info][gc,phases      ] GC(1153)   Other: 0.1ms
[516.112s][info][gc,heap        ] GC(1153) Eden regions: 613->0(613)
[516.112s][info][gc,heap        ] GC(1153) Survivor regions: 1->1(77)
[516.112s][info][gc,heap        ] GC(1153) Old regions: 10->10
[516.112s][info][gc,heap        ] GC(1153) Humongous regions: 2->2
[516.112s][info][gc,metaspace   ] GC(1153) Metaspace: 16633K(16960K)->16633K(16960K) NonClass: 14307K(14464K)->14307K(14464K) Class: 2325K(2496K)->2325K(2496K)
[516.112s][info][gc             ] GC(1153) Pause Young (Normal) (G1 Evacuation Pause) 619M->6M(1024M) 1.120ms
[516.112s][info][gc,cpu         ] GC(1153) User=0.00s Sys=0.00s Real=0.00s
[516.208s][info][gc,start       ] GC(1154) Pause Young (Concurrent Start) (G1 Evacuation Pause)
[516.208s][info][gc,task        ] GC(1154) Using 6 workers of 6 for evacuation
[516.209s][info][gc,phases      ] GC(1154)   Pre Evacuate Collection Set: 0.2ms
[516.209s][info][gc,phases      ] GC(1154)   Merge Heap Roots: 0.2ms
[516.209s][info][gc,phases      ] GC(1154)   Evacuate Collection Set: 0.4ms
[516.209s][info][gc,phases      ] GC(1154)   Post Evacuate Collection Set: 0.3ms
[516.209s][info][gc,phases      ] GC(1154)   Other: 0.1ms
[516.209s][info][gc,heap        ] GC(1154) Eden regions: 613->0(613)
[516.209s][info][gc,heap        ] GC(1154) Survivor regions: 1->1(77)
[516.209s][info][gc,heap        ] GC(1154) Old regions: 10->10
[516.209s][info][gc,heap        ] GC(1154) Humongous regions: 2->2
[516.209s][info][gc,metaspace   ] GC(1154) Metaspace: 16633K(16960K)->16633K(16960K) NonClass: 14307K(14464K)->14307K(14464K) Class: 2325K(2496K)->2325K(2496K)
[516.209s][info][gc             ] GC(1154) Pause Young (Concurrent Start) (G1 Evacuation Pause) 619M->6M(1024M) 1.444ms
[516.209s][info][gc             ] GC(1155) Concurrent Mark Cycle
[516.209s][info][gc,cpu         ] GC(1154) User=0.00s Sys=0.00s Real=0.00s
[516.209s][info][gc,marking     ] GC(1155) Concurrent Scan Root Regions
[516.209s][info][gc,marking     ] GC(1155) Concurrent Scan Root Regions 0.286ms
[516.209s][info][gc,marking     ] GC(1155) Concurrent Mark
[516.209s][info][gc,marking     ] GC(1155) Concurrent Mark From Roots
[516.210s][info][gc,task        ] GC(1155) Using 2 workers of 2 for marking
[516.213s][info][gc,marking     ] GC(1155) Concurrent Mark From Roots 3.118ms
[516.213s][info][gc,marking     ] GC(1155) Concurrent Preclean
[516.213s][info][gc,marking     ] GC(1155) Concurrent Preclean 0.019ms
[516.213s][info][gc,start       ] GC(1155) Pause Remark
[516.214s][info][gc             ] GC(1155) Pause Remark 24M->24M(1024M) 1.059ms
[516.214s][info][gc,cpu         ] GC(1155) User=0.00s Sys=0.00s Real=0.00s
[516.214s][info][gc,marking     ] GC(1155) Concurrent Mark 4.455ms
[516.214s][info][gc,marking     ] GC(1155) Concurrent Rebuild Remembered Sets and Scrub Regions
[516.215s][info][gc,marking     ] GC(1155) Concurrent Rebuild Remembered Sets and Scrub Regions 1.007ms
[516.215s][info][gc,start       ] GC(1155) Pause Cleanup
[516.215s][info][gc             ] GC(1155) Pause Cleanup 29M->29M(1024M) 0.127ms
[516.215s][info][gc,cpu         ] GC(1155) User=0.00s Sys=0.00s Real=0.00s
[516.215s][info][gc,marking     ] GC(1155) Concurrent Clear Claimed Marks
[516.215s][info][gc,marking     ] GC(1155) Concurrent Clear Claimed Marks 0.025ms
[516.215s][info][gc,marking     ] GC(1155) Concurrent Cleanup for Next Mark
[516.218s][info][gc,marking     ] GC(1155) Concurrent Cleanup for Next Mark 2.477ms
[516.218s][info][gc             ] GC(1155) Concurrent Mark Cycle 8.778ms
[516.307s][info][gc,start       ] GC(1156) Pause Young (Prepare Mixed) (G1 Evacuation Pause)
[516.307s][info][gc,task        ] GC(1156) Using 6 workers of 6 for evacuation
[516.308s][info][gc,phases      ] GC(1156)   Pre Evacuate Collection Set: 0.2ms
[516.308s][info][gc,phases      ] GC(1156)   Merge Heap Roots: 0.1ms
[516.308s][info][gc,phases      ] GC(1156)   Evacuate Collection Set: 0.3ms
[516.308s][info][gc,phases      ] GC(1156)   Post Evacuate Collection Set: 0.4ms
[516.308s][info][gc,phases      ] GC(1156)   Other: 0.1ms
[516.308s][info][gc,heap        ] GC(1156) Eden regions: 613->0(613)
[516.308s][info][gc,heap        ] GC(1156) Survivor regions: 1->1(77)
[516.308s][info][gc,heap        ] GC(1156) Old regions: 9->9
[516.308s][info][gc,heap        ] GC(1156) Humongous regions: 2->2
[516.308s][info][gc,metaspace   ] GC(1156) Metaspace: 16633K(16960K)->16633K(16960K) NonClass: 14307K(14464K)->14307K(14464K) Class: 2325K(2496K)->2325K(2496K)
[516.308s][info][gc             ] GC(1156) Pause Young (Prepare Mixed) (G1 Evacuation Pause) 619M->6M(1024M) 1.231ms
[516.308s][info][gc,cpu         ] GC(1156) User=0.00s Sys=0.00s Real=0.00s
[516.491s][info][gc,start       ] GC(1157) Pause Young (Mixed) (G1 Evacuation Pause)
[516.491s][info][gc,task        ] GC(1157) Using 6 workers of 6 for evacuation
[516.547s][info][gc,phases      ] GC(1157)   Pre Evacuate Collection Set: 0.2ms
[516.547s][info][gc,phases      ] GC(1157)   Merge Heap Roots: 0.1ms
[516.547s][info][gc,phases      ] GC(1157)   Evacuate Collection Set: 54.7ms
[516.547s][info][gc,phases      ] GC(1157)   Post Evacuate Collection Set: 0.6ms
[516.547s][info][gc,phases      ] GC(1157)   Other: 0.1ms
[516.547s][info][gc,heap        ] GC(1157) Eden regions: 613->0(537)
[516.547s][info][gc,heap        ] GC(1157) Survivor regions: 1->77(77)
[516.547s][info][gc,heap        ] GC(1157) Old regions: 9->54
[516.547s][info][gc,heap        ] GC(1157) Humongous regions: 3->3
[516.547s][info][gc,metaspace   ] GC(1157) Metaspace: 16633K(16960K)->16633K(16960K) NonClass: 14307K(14464K)->14307K(14464K) Class: 2325K(2496K)->2325K(2496K)
[516.547s][info][gc             ] GC(1157) Pause Young (Mixed) (G1 Evacuation Pause) 620M->129M(1024M) 55.839ms
[516.547s][info][gc,cpu         ] GC(1157) User=0.30s Sys=0.00s Real=0.06s
[516.920s][info][gc,start       ] GC(1158) Pause Young (Concurrent Start) (G1 Humongous Allocation)
[516.920s][info][gc,task        ] GC(1158) Using 6 workers of 6 for evacuation
[517.089s][info][gc,phases      ] GC(1158)   Pre Evacuate Collection Set: 0.2ms
[517.089s][info][gc,phases      ] GC(1158)   Merge Heap Roots: 0.3ms
[517.089s][info][gc,phases      ] GC(1158)   Evacuate Collection Set: 167.8ms
[517.089s][info][gc,phases      ] GC(1158)   Post Evacuate Collection Set: 1.1ms
[517.089s][info][gc,phases      ] GC(1158)   Other: 0.1ms
[517.089s][info][gc,heap        ] GC(1158) Eden regions: 454->0(285)
[517.089s][info][gc,heap        ] GC(1158) Survivor regions: 77->77(77)
[517.089s][info][gc,heap        ] GC(1158) Old regions: 54->358
[517.089s][info][gc,heap        ] GC(1158) Humongous regions: 3->3
[517.089s][info][gc,metaspace   ] GC(1158) Metaspace: 16633K(16960K)->16633K(16960K) NonClass: 14307K(14464K)->14307K(14464K) Class: 2325K(2496K)->2325K(2496K)
[517.089s][info][gc             ] GC(1158) Pause Young (Concurrent Start) (G1 Humongous Allocation) 583M->433M(1024M) 169.683ms
[517.089s][info][gc             ] GC(1159) Concurrent Mark Cycle
[517.089s][info][gc,cpu         ] GC(1158) User=0.97s Sys=0.00s Real=0.17s
[517.089s][info][gc,marking     ] GC(1159) Concurrent Scan Root Regions
[517.170s][info][gc,marking     ] GC(1159) Concurrent Scan Root Regions 80.358ms
[517.170s][info][gc,marking     ] GC(1159) Concurrent Mark
[517.170s][info][gc,marking     ] GC(1159) Concurrent Mark From Roots
[517.170s][info][gc,task        ] GC(1159) Using 2 workers of 2 for marking
[517.209s][info][gc,marking     ] GC(1159) Concurrent Mark From Roots 39.359ms
[517.209s][info][gc,marking     ] GC(1159) Concurrent Preclean
[517.209s][info][gc,marking     ] GC(1159) Concurrent Preclean 0.048ms
[517.209s][info][gc,start       ] GC(1159) Pause Remark
[517.210s][info][gc             ] GC(1159) Pause Remark 464M->464M(1024M) 1.055ms
[517.210s][info][gc,cpu         ] GC(1159) User=0.00s Sys=0.00s Real=0.00s
[517.210s][info][gc,marking     ] GC(1159) Concurrent Mark 40.693ms
[517.210s][info][gc,marking     ] GC(1159) Concurrent Rebuild Remembered Sets and Scrub Regions
[517.308s][info][gc,marking     ] GC(1159) Concurrent Rebuild Remembered Sets and Scrub Regions 97.756ms
[517.308s][info][gc,start       ] GC(1159) Pause Cleanup
[517.308s][info][gc             ] GC(1159) Pause Cleanup 501M->501M(1024M) 0.172ms
[517.308s][info][gc,cpu         ] GC(1159) User=0.00s Sys=0.00s Real=0.00s
[517.309s][info][gc,marking     ] GC(1159) Concurrent Clear Claimed Marks
[517.309s][info][gc,marking     ] GC(1159) Concurrent Clear Claimed Marks 0.026ms
[517.309s][info][gc,marking     ] GC(1159) Concurrent Cleanup for Next Mark
[517.310s][info][gc,marking     ] GC(1159) Concurrent Cleanup for Next Mark 1.740ms
[517.310s][info][gc             ] GC(1159) Concurrent Mark Cycle 221.139ms
[520.212s][info][gc,start       ] GC(1160) Pause Young (Prepare Mixed) (G1 Evacuation Pause)
[520.212s][info][gc,task        ] GC(1160) Using 6 workers of 6 for evacuation
[520.306s][info][gc,phases      ] GC(1160)   Pre Evacuate Collection Set: 0.3ms
[520.308s][info][gc,phases      ] GC(1160)   Merge Heap Roots: 1.7ms
[520.308s][info][gc,phases      ] GC(1160)   Evacuate Collection Set: 91.9ms
[520.308s][info][gc,phases      ] GC(1160)   Post Evacuate Collection Set: 0.8ms
[520.308s][info][gc,phases      ] GC(1160)   Other: 0.1ms
[520.308s][info][gc,heap        ] GC(1160) Eden regions: 285->0(242)
[520.308s][info][gc,heap        ] GC(1160) Survivor regions: 77->46(46)
[520.308s][info][gc,heap        ] GC(1160) Old regions: 358->474
[520.308s][info][gc,heap        ] GC(1160) Humongous regions: 4->4
[520.308s][info][gc,metaspace   ] GC(1160) Metaspace: 16633K(16960K)->16633K(16960K) NonClass: 14307K(14464K)->14307K(14464K) Class: 2325K(2496K)->2325K(2496K)
[520.308s][info][gc             ] GC(1160) Pause Young (Prepare Mixed) (G1 Evacuation Pause) 719M->519M(1024M) 96.634ms
[520.308s][info][gc,cpu         ] GC(1160) User=0.42s Sys=0.00s Real=0.10s
[520.445s][info][gc,start       ] GC(1161) Pause Young (Mixed) (G1 Evacuation Pause)
[520.446s][info][gc,task        ] GC(1161) Using 6 workers of 6 for evacuation
[520.524s][info][gc,phases      ] GC(1161)   Pre Evacuate Collection Set: 0.3ms
[520.524s][info][gc,phases      ] GC(1161)   Merge Heap Roots: 0.9ms
[520.524s][info][gc,phases      ] GC(1161)   Evacuate Collection Set: 77.0ms
[520.524s][info][gc,phases      ] GC(1161)   Post Evacuate Collection Set: 0.4ms
[520.524s][info][gc,phases      ] GC(1161)   Other: 0.1ms
[520.524s][info][gc,heap        ] GC(1161) Eden regions: 242->0(186)
[520.524s][info][gc,heap        ] GC(1161) Survivor regions: 46->36(36)
[520.524s][info][gc,heap        ] GC(1161) Old regions: 474->585
[520.524s][info][gc,heap        ] GC(1161) Humongous regions: 4->4
[520.524s][info][gc,metaspace   ] GC(1161) Metaspace: 16633K(16960K)->16633K(16960K) NonClass: 14307K(14464K)->14307K(14464K) Class: 2325K(2496K)->2325K(2496K)
[520.524s][info][gc             ] GC(1161) Pause Young (Mixed) (G1 Evacuation Pause) 761M->621M(1024M) 78.978ms
[520.524s][info][gc,cpu         ] GC(1161) User=0.39s Sys=0.00s Real=0.08s
[520.634s][info][gc,start       ] GC(1162) Pause Young (Concurrent Start) (G1 Evacuation Pause)
[520.634s][info][gc,task        ] GC(1162) Using 6 workers of 6 for evacuation
[520.690s][info][gc,phases      ] GC(1162)   Pre Evacuate Collection Set: 0.3ms
[520.690s][info][gc,phases      ] GC(1162)   Merge Heap Roots: 0.1ms
[520.690s][info][gc,phases      ] GC(1162)   Evacuate Collection Set: 54.7ms
[520.690s][info][gc,phases      ] GC(1162)   Post Evacuate Collection Set: 0.3ms
[520.690s][info][gc,phases      ] GC(1162)   Other: 0.3ms
[520.690s][info][gc,heap        ] GC(1162) Eden regions: 186->0(150)
[520.690s][info][gc,heap        ] GC(1162) Survivor regions: 36->28(28)
[520.690s][info][gc,heap        ] GC(1162) Old regions: 585->673
[520.690s][info][gc,heap        ] GC(1162) Humongous regions: 4->4
[520.690s][info][gc,metaspace   ] GC(1162) Metaspace: 16633K(16960K)->16633K(16960K) NonClass: 14307K(14464K)->14307K(14464K) Class: 2325K(2496K)->2325K(2496K)
[520.690s][info][gc             ] GC(1162) Pause Young (Concurrent Start) (G1 Evacuation Pause) 807M->701M(1024M) 56.008ms
[520.690s][info][gc             ] GC(1163) Concurrent Mark Cycle
[520.690s][info][gc,cpu         ] GC(1162) User=0.30s Sys=0.00s Real=0.06s
[520.690s][info][gc,marking     ] GC(1163) Concurrent Scan Root Regions
[520.717s][info][gc,marking     ] GC(1163) Concurrent Scan Root Regions 27.300ms
[520.717s][info][gc,marking     ] GC(1163) Concurrent Mark
[520.717s][info][gc,marking     ] GC(1163) Concurrent Mark From Roots
[520.717s][info][gc,task        ] GC(1163) Using 2 workers of 2 for marking
[520.789s][info][gc,start       ] GC(1164) Pause Young (Normal) (G1 Evacuation Pause)
[520.789s][info][gc,task        ] GC(1164) Using 6 workers of 6 for evacuation
[520.833s][info][gc,phases      ] GC(1164)   Pre Evacuate Collection Set: 0.2ms
[520.833s][info][gc,phases      ] GC(1164)   Merge Heap Roots: 0.1ms
[520.833s][info][gc,phases      ] GC(1164)   Evacuate Collection Set: 43.8ms
[520.833s][info][gc,phases      ] GC(1164)   Post Evacuate Collection Set: 0.3ms
[520.833s][info][gc,phases      ] GC(1164)   Other: 0.1ms
[520.833s][info][gc,heap        ] GC(1164) Eden regions: 150->0(120)
[520.833s][info][gc,heap        ] GC(1164) Survivor regions: 28->23(23)
[520.833s][info][gc,heap        ] GC(1164) Old regions: 673->743
[520.833s][info][gc,heap        ] GC(1164) Humongous regions: 4->4
[520.833s][info][gc,metaspace   ] GC(1164) Metaspace: 16633K(16960K)->16633K(16960K) NonClass: 14307K(14464K)->14307K(14464K) Class: 2325K(2496K)->2325K(2496K)
[520.833s][info][gc             ] GC(1164) Pause Young (Normal) (G1 Evacuation Pause) 851M->766M(1024M) 44.569ms
[520.833s][info][gc,cpu         ] GC(1164) User=0.11s Sys=0.00s Real=0.05s
[520.869s][info][gc,marking     ] GC(1163) Concurrent Mark From Roots 151.454ms
[520.869s][info][gc,marking     ] GC(1163) Concurrent Preclean
[520.869s][info][gc,marking     ] GC(1163) Concurrent Preclean 0.049ms
[520.869s][info][gc,start       ] GC(1163) Pause Remark
[520.870s][info][gc             ] GC(1163) Pause Remark 820M->408M(1024M) 1.451ms
[520.870s][info][gc,cpu         ] GC(1163) User=0.00s Sys=0.00s Real=0.00s
[520.870s][info][gc,marking     ] GC(1163) Concurrent Mark 153.212ms
[520.870s][info][gc,marking     ] GC(1163) Concurrent Rebuild Remembered Sets and Scrub Regions
[520.913s][info][gc,start       ] GC(1165) Pause Young (Normal) (G1 Evacuation Pause)
[520.913s][info][gc,task        ] GC(1165) Using 6 workers of 6 for evacuation
[520.950s][info][gc,phases      ] GC(1165)   Pre Evacuate Collection Set: 0.1ms
[520.950s][info][gc,phases      ] GC(1165)   Merge Heap Roots: 0.1ms
[520.950s][info][gc,phases      ] GC(1165)   Evacuate Collection Set: 36.0ms
[520.950s][info][gc,phases      ] GC(1165)   Post Evacuate Collection Set: 0.5ms
[520.950s][info][gc,phases      ] GC(1165)   Other: 0.1ms
[520.950s][info][gc,heap        ] GC(1165) Eden regions: 120->0(307)
[520.950s][info][gc,heap        ] GC(1165) Survivor regions: 23->18(18)
[520.950s][info][gc,heap        ] GC(1165) Old regions: 332->390
[520.950s][info][gc,heap        ] GC(1165) Humongous regions: 2->2
[520.950s][info][gc,metaspace   ] GC(1165) Metaspace: 16633K(16960K)->16633K(16960K) NonClass: 14307K(14464K)->14307K(14464K) Class: 2325K(2496K)->2325K(2496K)
[520.950s][info][gc             ] GC(1165) Pause Young (Normal) (G1 Evacuation Pause) 474M->407M(1024M) 37.017ms
[520.950s][info][gc,cpu         ] GC(1165) User=0.09s Sys=0.00s Real=0.03s
[521.060s][info][gc,marking     ] GC(1163) Concurrent Rebuild Remembered Sets and Scrub Regions 190.061ms
[521.061s][info][gc,start       ] GC(1163) Pause Cleanup
[521.061s][info][gc             ] GC(1163) Pause Cleanup 523M->523M(1024M) 0.318ms
[521.061s][info][gc,cpu         ] GC(1163) User=0.00s Sys=0.00s Real=0.00s
[521.061s][info][gc,marking     ] GC(1163) Concurrent Clear Claimed Marks
[521.061s][info][gc,marking     ] GC(1163) Concurrent Clear Claimed Marks 0.026ms
[521.061s][info][gc,marking     ] GC(1163) Concurrent Cleanup for Next Mark
[521.063s][info][gc,marking     ] GC(1163) Concurrent Cleanup for Next Mark 1.643ms
[521.063s][info][gc             ] GC(1163) Concurrent Mark Cycle 372.950ms
[521.524s][info][gc,start       ] GC(1166) Pause Young (Prepare Mixed) (G1 Evacuation Pause)
[521.524s][info][gc,task        ] GC(1166) Using 6 workers of 6 for evacuation
[521.600s][info][gc,phases      ] GC(1166)   Pre Evacuate Collection Set: 0.4ms
[521.600s][info][gc,phases      ] GC(1166)   Merge Heap Roots: 2.2ms
[521.600s][info][gc,phases      ] GC(1166)   Evacuate Collection Set: 72.0ms
[521.600s][info][gc,phases      ] GC(1166)   Post Evacuate Collection Set: 1.0ms
[521.600s][info][gc,phases      ] GC(1166)   Other: 0.1ms
[521.600s][info][gc,heap        ] GC(1166) Eden regions: 307->0(272)
[521.600s][info][gc,heap        ] GC(1166) Survivor regions: 18->41(41)
[521.600s][info][gc,heap        ] GC(1166) Old regions: 390->441
[521.600s][info][gc,heap        ] GC(1166) Humongous regions: 8->8
[521.600s][info][gc,metaspace   ] GC(1166) Metaspace: 16633K(16960K)->16633K(16960K) NonClass: 14307K(14464K)->14307K(14464K) Class: 2325K(2496K)->2325K(2496K)
[521.600s][info][gc             ] GC(1166) Pause Young (Prepare Mixed) (G1 Evacuation Pause) 720M->487M(1024M) 75.842ms
[521.600s][info][gc,cpu         ] GC(1166) User=0.38s Sys=0.00s Real=0.08s
[522.086s][info][gc,start       ] GC(1167) Pause Young (Mixed) (G1 Evacuation Pause)
[522.086s][info][gc,task        ] GC(1167) Using 6 workers of 6 for evacuation
[522.116s][info][gc,phases      ] GC(1167)   Pre Evacuate Collection Set: 0.3ms
[522.116s][info][gc,phases      ] GC(1167)   Merge Heap Roots: 1.3ms
[522.116s][info][gc,phases      ] GC(1167)   Evacuate Collection Set: 28.1ms
[522.116s][info][gc,phases      ] GC(1167)   Post Evacuate Collection Set: 0.7ms
[522.116s][info][gc,phases      ] GC(1167)   Other: 0.1ms
[522.116s][info][gc,heap        ] GC(1167) Eden regions: 272->0(309)
[522.116s][info][gc,heap        ] GC(1167) Survivor regions: 41->3(40)
[522.116s][info][gc,heap        ] GC(1167) Old regions: 441->462
[522.116s][info][gc,heap        ] GC(1167) Humongous regions: 8->8
[522.116s][info][gc,metaspace   ] GC(1167) Metaspace: 16633K(16960K)->16633K(16960K) NonClass: 14307K(14464K)->14307K(14464K) Class: 2325K(2496K)->2325K(2496K)
[522.116s][info][gc             ] GC(1167) Pause Young (Mixed) (G1 Evacuation Pause) 759M->470M(1024M) 30.898ms
[522.116s][info][gc,cpu         ] GC(1167) User=0.08s Sys=0.00s Real=0.03s
[522.958s][info][gc,start       ] GC(1168) Pause Full (System.gc())
[522.958s][info][gc,task        ] GC(1168) Using 6 workers of 6 for full compaction
[522.958s][info][gc,phases,start] GC(1168) Phase 1: Mark live objects
[522.960s][info][gc,phases      ] GC(1168) Phase 1: Mark live objects 2.023ms
[522.960s][info][gc,phases,start] GC(1168) Phase 2: Prepare compaction
[522.961s][info][gc,phases      ] GC(1168) Phase 2: Prepare compaction 0.469ms
[522.961s][info][gc,phases,start] GC(1168) Phase 3: Adjust pointers
[522.963s][info][gc,phases      ] GC(1168) Phase 3: Adjust pointers 2.030ms
[522.963s][info][gc,phases,start] GC(1168) Phase 4: Compact heap
[522.963s][info][gc,phases      ] GC(1168) Phase 4: Compact heap 0.422ms
[522.963s][info][gc,phases,start] GC(1168) Phase 5: Reset Metadata
[522.964s][info][gc,phases      ] GC(1168) Phase 5: Reset Metadata 0.537ms
[522.967s][info][gc,heap        ] GC(1168) Eden regions: 178->0(560)
[522.967s][info][gc,heap        ] GC(1168) Survivor regions: 3->0(40)
[522.967s][info][gc,heap        ] GC(1168) Old regions: 462->9
[522.967s][info][gc,heap        ] GC(1168) Humongous regions: 8->2
[522.967s][info][gc,metaspace   ] GC(1168) Metaspace: 16647K(16960K)->16647K(16960K) NonClass: 14322K(14464K)->14322K(14464K) Class: 2325K(2496K)->2325K(2496K)
[522.967s][info][gc             ] GC(1168) Pause Full (System.gc()) 647M->5M(1024M) 9.739ms
[522.967s][info][gc,cpu         ] GC(1168) User=0.00s Sys=0.00s Real=0.02s
[524.097s][info][gc,start       ] GC(1169) Pause Young (Concurrent Start) (G1 Evacuation Pause)
[524.097s][info][gc,task        ] GC(1169) Using 6 workers of 6 for evacuation
[524.098s][info][gc,phases      ] GC(1169)   Pre Evacuate Collection Set: 0.2ms
[524.098s][info][gc,phases      ] GC(1169)   Merge Heap Roots: 0.1ms
[524.098s][info][gc,phases      ] GC(1169)   Evacuate Collection Set: 0.4ms
[524.098s][info][gc,phases      ] GC(1169)   Post Evacuate Collection Set: 0.4ms
[524.098s][info][gc,phases      ] GC(1169)   Other: 0.1ms
[524.098s][info][gc,heap        ] GC(1169) Eden regions: 560->0(612)
[524.098s][info][gc,heap        ] GC(1169) Survivor regions: 0->2(70)
[524.098s][info][gc,heap        ] GC(1169) Old regions: 9->9
[524.098s][info][gc,heap        ] GC(1169) Humongous regions: 2->2
[524.098s][info][gc,metaspace   ] GC(1169) Metaspace: 16647K(16960K)->16647K(16960K) NonClass: 14322K(14464K)->14322K(14464K) Class: 2325K(2496K)->2325K(2496K)
[524.098s][info][gc             ] GC(1169) Pause Young (Concurrent Start) (G1 Evacuation Pause) 565M->7M(1024M) 1.308ms
[524.098s][info][gc,cpu         ] GC(1169) User=0.00s Sys=0.00s Real=0.00s
[524.098s][info][gc             ] GC(1170) Concurrent Mark Cycle
[524.098s][info][gc,marking     ] GC(1170) Concurrent Scan Root Regions
[524.098s][info][gc,marking     ] GC(1170) Concurrent Scan Root Regions 0.167ms
[524.098s][info][gc,marking     ] GC(1170) Concurrent Mark
[524.098s][info][gc,marking     ] GC(1170) Concurrent Mark From Roots
[524.098s][info][gc,task        ] GC(1170) Using 2 workers of 2 for marking
[524.102s][info][gc,marking     ] GC(1170) Concurrent Mark From Roots 3.096ms
[524.102s][info][gc,marking     ] GC(1170) Concurrent Preclean
[524.102s][info][gc,marking     ] GC(1170) Concurrent Preclean 0.020ms
[524.102s][info][gc,start       ] GC(1170) Pause Remark
[524.103s][info][gc             ] GC(1170) Pause Remark 24M->24M(1024M) 1.110ms
[524.103s][info][gc,cpu         ] GC(1170) User=0.00s Sys=0.00s Real=0.00s
[524.103s][info][gc,marking     ] GC(1170) Concurrent Mark 4.495ms
[524.103s][info][gc,marking     ] GC(1170) Concurrent Rebuild Remembered Sets and Scrub Regions
[524.104s][info][gc,marking     ] GC(1170) Concurrent Rebuild Remembered Sets and Scrub Regions 0.980ms
[524.104s][info][gc,start       ] GC(1170) Pause Cleanup
[524.104s][info][gc             ] GC(1170) Pause Cleanup 29M->29M(1024M) 0.121ms
[524.104s][info][gc,cpu         ] GC(1170) User=0.00s Sys=0.00s Real=0.00s
[524.104s][info][gc,marking     ] GC(1170) Concurrent Clear Claimed Marks
[524.104s][info][gc,marking     ] GC(1170) Concurrent Clear Claimed Marks 0.022ms
[524.104s][info][gc,marking     ] GC(1170) Concurrent Cleanup for Next Mark
[524.107s][info][gc,marking     ] GC(1170) Concurrent Cleanup for Next Mark 2.546ms
[524.107s][info][gc             ] GC(1170) Concurrent Mark Cycle 8.734ms
[524.198s][info][gc,start       ] GC(1171) Pause Young (Prepare Mixed) (G1 Evacuation Pause)
[524.198s][info][gc,task        ] GC(1171) Using 6 workers of 6 for evacuation
[524.199s][info][gc,phases      ] GC(1171)   Pre Evacuate Collection Set: 0.2ms
[524.199s][info][gc,phases      ] GC(1171)   Merge Heap Roots: 0.1ms
[524.199s][info][gc,phases      ] GC(1171)   Evacuate Collection Set: 0.3ms
[524.199s][info][gc,phases      ] GC(1171)   Post Evacuate Collection Set: 0.4ms
[524.199s][info][gc,phases      ] GC(1171)   Other: 0.1ms
[524.199s][info][gc,heap        ] GC(1171) Eden regions: 612->0(613)
[524.199s][info][gc,heap        ] GC(1171) Survivor regions: 2->1(77)
[524.199s][info][gc,heap        ] GC(1171) Old regions: 9->9
[524.199s][info][gc,heap        ] GC(1171) Humongous regions: 2->2
[524.199s][info][gc,metaspace   ] GC(1171) Metaspace: 16647K(16960K)->16647K(16960K) NonClass: 14322K(14464K)->14322K(14464K) Class: 2325K(2496K)->2325K(2496K)
[524.199s][info][gc             ] GC(1171) Pause Young (Prepare Mixed) (G1 Evacuation Pause) 619M->6M(1024M) 1.247ms
[524.199s][info][gc,cpu         ] GC(1171) User=0.00s Sys=0.00s Real=0.00s
[524.293s][info][gc,start       ] GC(1172) Pause Young (Mixed) (G1 Evacuation Pause)
[524.293s][info][gc,task        ] GC(1172) Using 6 workers of 6 for evacuation
[524.294s][info][gc,phases      ] GC(1172)   Pre Evacuate Collection Set: 0.2ms
[524.294s][info][gc,phases      ] GC(1172)   Merge Heap Roots: 0.1ms
[524.294s][info][gc,phases      ] GC(1172)   Evacuate Collection Set: 0.3ms
[524.294s][info][gc,phases      ] GC(1172)   Post Evacuate Collection Set: 0.4ms
[524.294s][info][gc,phases      ] GC(1172)   Other: 0.1ms
[524.294s][info][gc,heap        ] GC(1172) Eden regions: 613->0(613)
[524.294s][info][gc,heap        ] GC(1172) Survivor regions: 1->1(77)
[524.294s][info][gc,heap        ] GC(1172) Old regions: 9->8
[524.294s][info][gc,heap        ] GC(1172) Humongous regions: 2->2
[524.294s][info][gc,metaspace   ] GC(1172) Metaspace: 16647K(16960K)->16647K(16960K) NonClass: 14322K(14464K)->14322K(14464K) Class: 2325K(2496K)->2325K(2496K)
[524.294s][info][gc             ] GC(1172) Pause Young (Mixed) (G1 Evacuation Pause) 619M->6M(1024M) 1.217ms
[524.294s][info][gc,cpu         ] GC(1172) User=0.00s Sys=0.00s Real=0.00s
[524.389s][info][gc,start       ] GC(1173) Pause Young (Concurrent Start) (G1 Evacuation Pause)
[524.390s][info][gc,task        ] GC(1173) Using 6 workers of 6 for evacuation
[524.391s][info][gc,phases      ] GC(1173)   Pre Evacuate Collection Set: 0.3ms
[524.391s][info][gc,phases      ] GC(1173)   Merge Heap Roots: 0.1ms
[524.391s][info][gc,phases      ] GC(1173)   Evacuate Collection Set: 0.4ms
[524.391s][info][gc,phases      ] GC(1173)   Post Evacuate Collection Set: 0.3ms
[524.391s][info][gc,phases      ] GC(1173)   Other: 0.1ms
[524.391s][info][gc,heap        ] GC(1173) Eden regions: 613->0(613)
[524.391s][info][gc,heap        ] GC(1173) Survivor regions: 1->1(77)
[524.391s][info][gc,heap        ] GC(1173) Old regions: 8->8
[524.391s][info][gc,heap        ] GC(1173) Humongous regions: 2->2
[524.391s][info][gc,metaspace   ] GC(1173) Metaspace: 16647K(16960K)->16647K(16960K) NonClass: 14322K(14464K)->14322K(14464K) Class: 2325K(2496K)->2325K(2496K)
[524.391s][info][gc             ] GC(1173) Pause Young (Concurrent Start) (G1 Evacuation Pause) 619M->6M(1024M) 1.445ms
[524.391s][info][gc             ] GC(1174) Concurrent Mark Cycle
[524.391s][info][gc,cpu         ] GC(1173) User=0.00s Sys=0.00s Real=0.02s
[524.391s][info][gc,marking     ] GC(1174) Concurrent Scan Root Regions
[524.391s][info][gc,marking     ] GC(1174) Concurrent Scan Root Regions 0.292ms
[524.391s][info][gc,marking     ] GC(1174) Concurrent Mark
[524.391s][info][gc,marking     ] GC(1174) Concurrent Mark From Roots
[524.391s][info][gc,task        ] GC(1174) Using 2 workers of 2 for marking
[524.395s][info][gc,marking     ] GC(1174) Concurrent Mark From Roots 3.395ms
[524.395s][info][gc,marking     ] GC(1174) Concurrent Preclean
[524.395s][info][gc,marking     ] GC(1174) Concurrent Preclean 0.037ms
[524.395s][info][gc,start       ] GC(1174) Pause Remark
[524.396s][info][gc             ] GC(1174) Pause Remark 24M->24M(1024M) 1.055ms
[524.396s][info][gc,cpu         ] GC(1174) User=0.00s Sys=0.00s Real=0.00s
[524.396s][info][gc,marking     ] GC(1174) Concurrent Mark 4.744ms
[524.396s][info][gc,marking     ] GC(1174) Concurrent Rebuild Remembered Sets and Scrub Regions
[524.397s][info][gc,marking     ] GC(1174) Concurrent Rebuild Remembered Sets and Scrub Regions 0.989ms
[524.397s][info][gc,start       ] GC(1174) Pause Cleanup
[524.397s][info][gc             ] GC(1174) Pause Cleanup 28M->28M(1024M) 0.112ms
[524.397s][info][gc,cpu         ] GC(1174) User=0.00s Sys=0.00s Real=0.00s
[524.397s][info][gc,marking     ] GC(1174) Concurrent Clear Claimed Marks
[524.397s][info][gc,marking     ] GC(1174) Concurrent Clear Claimed Marks 0.022ms
[524.397s][info][gc,marking     ] GC(1174) Concurrent Cleanup for Next Mark
[524.400s][info][gc,marking     ] GC(1174) Concurrent Cleanup for Next Mark 2.366ms
[524.400s][info][gc             ] GC(1174) Concurrent Mark Cycle 8.887ms
[524.547s][info][gc,start       ] GC(1175) Pause Young (Prepare Mixed) (G1 Evacuation Pause)
[524.547s][info][gc,task        ] GC(1175) Using 6 workers of 6 for evacuation
[524.586s][info][gc,phases      ] GC(1175)   Pre Evacuate Collection Set: 0.2ms
[524.586s][info][gc,phases      ] GC(1175)   Merge Heap Roots: 0.1ms
[524.586s][info][gc,phases      ] GC(1175)   Evacuate Collection Set: 38.6ms
[524.586s][info][gc,phases      ] GC(1175)   Post Evacuate Collection Set: 0.5ms
[524.586s][info][gc,phases      ] GC(1175)   Other: 0.1ms
[524.586s][info][gc,heap        ] GC(1175) Eden regions: 613->0(537)
[524.586s][info][gc,heap        ] GC(1175) Survivor regions: 1->77(77)
[524.586s][info][gc,heap        ] GC(1175) Old regions: 7->18
[524.586s][info][gc,heap        ] GC(1175) Humongous regions: 3->3
[524.586s][info][gc,metaspace   ] GC(1175) Metaspace: 16647K(16960K)->16647K(16960K) NonClass: 14322K(14464K)->14322K(14464K) Class: 2325K(2496K)->2325K(2496K)
[524.586s][info][gc             ] GC(1175) Pause Young (Prepare Mixed) (G1 Evacuation Pause) 620M->94M(1024M) 39.593ms
[524.586s][info][gc,cpu         ] GC(1175) User=0.05s Sys=0.00s Real=0.05s
[525.130s][info][gc,start       ] GC(1176) Pause Young (Mixed) (G1 Evacuation Pause)
[525.130s][info][gc,task        ] GC(1176) Using 6 workers of 6 for evacuation
[525.318s][info][gc,phases      ] GC(1176)   Pre Evacuate Collection Set: 0.2ms
[525.318s][info][gc,phases      ] GC(1176)   Merge Heap Roots: 0.2ms
[525.318s][info][gc,phases      ] GC(1176)   Evacuate Collection Set: 178.5ms
[525.318s][info][gc,phases      ] GC(1176)   Post Evacuate Collection Set: 8.1ms
[525.318s][info][gc,phases      ] GC(1176)   Other: 0.1ms
[525.318s][info][gc,heap        ] GC(1176) Eden regions: 537->0(0)
[525.318s][info][gc,heap        ] GC(1176) Survivor regions: 77->77(77)
[525.318s][info][gc,heap        ] GC(1176) Old regions: 18->913
[525.318s][info][gc,heap        ] GC(1176) Humongous regions: 4->4
[525.318s][info][gc,metaspace   ] GC(1176) Metaspace: 16647K(16960K)->16647K(16960K) NonClass: 14322K(14464K)->14322K(14464K) Class: 2325K(2496K)->2325K(2496K)
[525.318s][info][gc             ] GC(1176) Pause Young (Mixed) (G1 Evacuation Pause) (Evacuation Failure) 632M->990M(1024M) 187.407ms
[525.318s][info][gc,cpu         ] GC(1176) User=1.03s Sys=0.00s Real=0.19s
[525.318s][info][gc,ergo        ] Attempting full compaction
[525.318s][info][gc,start       ] GC(1177) Pause Full (G1 Compaction Pause)
[525.318s][info][gc,task        ] GC(1177) Using 6 workers of 6 for full compaction
[525.318s][info][gc,phases,start] GC(1177) Phase 1: Mark live objects
[525.427s][info][gc,phases      ] GC(1177) Phase 1: Mark live objects 108.618ms
[525.427s][info][gc,phases,start] GC(1177) Phase 2: Prepare compaction
[525.432s][info][gc,phases      ] GC(1177) Phase 2: Prepare compaction 5.426ms
[525.432s][info][gc,phases,start] GC(1177) Phase 3: Adjust pointers
[525.460s][info][gc,phases      ] GC(1177) Phase 3: Adjust pointers 27.682ms
[525.460s][info][gc,phases,start] GC(1177) Phase 4: Compact heap
[525.466s][info][gc,phases      ] GC(1177) Phase 4: Compact heap 5.851ms
[525.466s][info][gc,phases,start] GC(1177) Phase 5: Reset Metadata
[525.479s][info][gc,phases      ] GC(1177) Phase 5: Reset Metadata 13.385ms
[525.485s][info][gc,heap        ] GC(1177) Eden regions: 0->0(318)
[525.485s][info][gc,heap        ] GC(1177) Survivor regions: 77->0(77)
[525.485s][info][gc,heap        ] GC(1177) Old regions: 913->415
[525.485s][info][gc,heap        ] GC(1177) Humongous regions: 4->4
[525.485s][info][gc,metaspace   ] GC(1177) Metaspace: 16647K(16960K)->16647K(16960K) NonClass: 14322K(14464K)->14322K(14464K) Class: 2325K(2496K)->2325K(2496K)
[525.485s][info][gc             ] GC(1177) Pause Full (G1 Compaction Pause) 990M->417M(1024M) 167.229ms
[525.485s][info][gc,cpu         ] GC(1177) User=0.62s Sys=0.00s Real=0.16s
[528.770s][info][gc,start       ] GC(1178) Pause Young (Concurrent Start) (G1 Evacuation Pause)
[528.770s][info][gc,task        ] GC(1178) Using 6 workers of 6 for evacuation
[528.848s][info][gc,phases      ] GC(1178)   Pre Evacuate Collection Set: 0.5ms
[528.848s][info][gc,phases      ] GC(1178)   Merge Heap Roots: 1.2ms
[528.848s][info][gc,phases      ] GC(1178)   Evacuate Collection Set: 75.3ms
[528.848s][info][gc,phases      ] GC(1178)   Post Evacuate Collection Set: 0.8ms
[528.848s][info][gc,phases      ] GC(1178)   Other: 0.2ms
[528.848s][info][gc,heap        ] GC(1178) Eden regions: 318->0(245)
[528.848s][info][gc,heap        ] GC(1178) Survivor regions: 0->40(40)
[528.848s][info][gc,heap        ] GC(1178) Old regions: 415->491
[528.848s][info][gc,heap        ] GC(1178) Humongous regions: 4->4
[528.848s][info][gc,metaspace   ] GC(1178) Metaspace: 16647K(16960K)->16647K(16960K) NonClass: 14322K(14464K)->14322K(14464K) Class: 2325K(2496K)->2325K(2496K)
[528.848s][info][gc             ] GC(1178) Pause Young (Concurrent Start) (G1 Evacuation Pause) 735M->533M(1024M) 78.192ms
[528.848s][info][gc             ] GC(1179) Concurrent Mark Cycle
[528.848s][info][gc,cpu         ] GC(1178) User=0.39s Sys=0.00s Real=0.08s
[528.848s][info][gc,marking     ] GC(1179) Concurrent Scan Root Regions
[528.872s][info][gc,marking     ] GC(1179) Concurrent Scan Root Regions 23.483ms
[528.872s][info][gc,marking     ] GC(1179) Concurrent Mark
[528.872s][info][gc,marking     ] GC(1179) Concurrent Mark From Roots
[528.872s][info][gc,task        ] GC(1179) Using 2 workers of 2 for marking
[528.929s][info][gc,marking     ] GC(1179) Concurrent Mark From Roots 57.043ms
[528.929s][info][gc,marking     ] GC(1179) Concurrent Preclean
[528.929s][info][gc,marking     ] GC(1179) Concurrent Preclean 0.083ms
[528.929s][info][gc,start       ] GC(1179) Pause Remark
[528.930s][info][gc             ] GC(1179) Pause Remark 665M->575M(1024M) 1.436ms
[528.930s][info][gc,cpu         ] GC(1179) User=0.00s Sys=0.00s Real=0.00s
[528.930s][info][gc,marking     ] GC(1179) Concurrent Mark 58.835ms
[528.930s][info][gc,marking     ] GC(1179) Concurrent Rebuild Remembered Sets and Scrub Regions
[529.004s][info][gc,start       ] GC(1180) Pause Young (Normal) (G1 Evacuation Pause)
[529.004s][info][gc,task        ] GC(1180) Using 6 workers of 6 for evacuation
[529.079s][info][gc,phases      ] GC(1180)   Pre Evacuate Collection Set: 0.2ms
[529.079s][info][gc,phases      ] GC(1180)   Merge Heap Roots: 0.8ms
[529.079s][info][gc,phases      ] GC(1180)   Evacuate Collection Set: 74.4ms
[529.079s][info][gc,phases      ] GC(1180)   Post Evacuate Collection Set: 0.4ms
[529.079s][info][gc,phases      ] GC(1180)   Other: 0.1ms
[529.079s][info][gc,heap        ] GC(1180) Eden regions: 245->0(235)
[529.079s][info][gc,heap        ] GC(1180) Survivor regions: 40->36(36)
[529.079s][info][gc,heap        ] GC(1180) Old regions: 402->509
[529.079s][info][gc,heap        ] GC(1180) Humongous regions: 3->3
[529.079s][info][gc,metaspace   ] GC(1180) Metaspace: 16647K(16960K)->16647K(16960K) NonClass: 14322K(14464K)->14322K(14464K) Class: 2325K(2496K)->2325K(2496K)
[529.080s][info][gc             ] GC(1180) Pause Young (Normal) (G1 Evacuation Pause) 688M->545M(1024M) 76.013ms
[529.080s][info][gc,cpu         ] GC(1180) User=0.38s Sys=0.00s Real=0.07s
[529.091s][info][gc,marking     ] GC(1179) Concurrent Rebuild Remembered Sets and Scrub Regions 160.508ms
[529.091s][info][gc,start       ] GC(1179) Pause Cleanup
[529.092s][info][gc             ] GC(1179) Pause Cleanup 564M->564M(1024M) 0.482ms
[529.092s][info][gc,cpu         ] GC(1179) User=0.00s Sys=0.00s Real=0.00s
[529.092s][info][gc,marking     ] GC(1179) Concurrent Clear Claimed Marks
[529.092s][info][gc,marking     ] GC(1179) Concurrent Clear Claimed Marks 0.031ms
[529.092s][info][gc,marking     ] GC(1179) Concurrent Cleanup for Next Mark
[529.093s][info][gc,marking     ] GC(1179) Concurrent Cleanup for Next Mark 1.296ms
[529.093s][info][gc             ] GC(1179) Concurrent Mark Cycle 244.989ms
[529.222s][info][gc,start       ] GC(1181) Pause Young (Prepare Mixed) (G1 Evacuation Pause)
[529.223s][info][gc,task        ] GC(1181) Using 6 workers of 6 for evacuation
[529.290s][info][gc,phases      ] GC(1181)   Pre Evacuate Collection Set: 0.3ms
[529.290s][info][gc,phases      ] GC(1181)   Merge Heap Roots: 0.3ms
[529.290s][info][gc,phases      ] GC(1181)   Evacuate Collection Set: 66.1ms
[529.290s][info][gc,phases      ] GC(1181)   Post Evacuate Collection Set: 0.4ms
[529.290s][info][gc,phases      ] GC(1181)   Other: 0.1ms
[529.290s][info][gc,heap        ] GC(1181) Eden regions: 235->0(183)
[529.290s][info][gc,heap        ] GC(1181) Survivor regions: 36->34(34)
[529.290s][info][gc,heap        ] GC(1181) Old regions: 509->610
[529.290s][info][gc,heap        ] GC(1181) Humongous regions: 3->3
[529.290s][info][gc,metaspace   ] GC(1181) Metaspace: 16647K(16960K)->16647K(16960K) NonClass: 14322K(14464K)->14322K(14464K) Class: 2325K(2496K)->2325K(2496K)
[529.290s][info][gc             ] GC(1181) Pause Young (Prepare Mixed) (G1 Evacuation Pause) 780M->645M(1024M) 67.300ms
[529.290s][info][gc,cpu         ] GC(1181) User=0.38s Sys=0.00s Real=0.06s
[529.403s][info][gc,start       ] GC(1182) Pause Young (Mixed) (G1 Evacuation Pause)
[529.403s][info][gc,task        ] GC(1182) Using 6 workers of 6 for evacuation
[529.458s][info][gc,phases      ] GC(1182)   Pre Evacuate Collection Set: 0.3ms
[529.458s][info][gc,phases      ] GC(1182)   Merge Heap Roots: 0.2ms
[529.458s][info][gc,phases      ] GC(1182)   Evacuate Collection Set: 54.3ms
[529.458s][info][gc,phases      ] GC(1182)   Post Evacuate Collection Set: 0.4ms
[529.458s][info][gc,phases      ] GC(1182)   Other: 0.1ms
[529.458s][info][gc,heap        ] GC(1182) Eden regions: 183->0(196)
[529.458s][info][gc,heap        ] GC(1182) Survivor regions: 34->28(28)
[529.458s][info][gc,heap        ] GC(1182) Old regions: 610->592
[529.458s][info][gc,heap        ] GC(1182) Humongous regions: 3->3
[529.458s][info][gc,metaspace   ] GC(1182) Metaspace: 16647K(16960K)->16647K(16960K) NonClass: 14322K(14464K)->14322K(14464K) Class: 2325K(2496K)->2325K(2496K)
[529.458s][info][gc             ] GC(1182) Pause Young (Mixed) (G1 Evacuation Pause) 828M->622M(1024M) 55.514ms
[529.458s][info][gc,cpu         ] GC(1182) User=0.30s Sys=0.00s Real=0.06s
[530.142s][info][gc,start       ] GC(1183) Pause Young (Mixed) (G1 Evacuation Pause)
[530.142s][info][gc,task        ] GC(1183) Using 6 workers of 6 for evacuation
[530.221s][info][gc,phases      ] GC(1183)   Pre Evacuate Collection Set: 0.4ms
[530.221s][info][gc,phases      ] GC(1183)   Merge Heap Roots: 2.0ms
[530.221s][info][gc,phases      ] GC(1183)   Evacuate Collection Set: 75.3ms
[530.221s][info][gc,phases      ] GC(1183)   Post Evacuate Collection Set: 1.1ms
[530.221s][info][gc,phases      ] GC(1183)   Other: 0.1ms
[530.221s][info][gc,heap        ] GC(1183) Eden regions: 196->0(209)
[530.221s][info][gc,heap        ] GC(1183) Survivor regions: 28->28(28)
[530.221s][info][gc,heap        ] GC(1183) Old regions: 592->560
[530.221s][info][gc,heap        ] GC(1183) Humongous regions: 9->9
[530.221s][info][gc,metaspace   ] GC(1183) Metaspace: 16647K(16960K)->16647K(16960K) NonClass: 14322K(14464K)->14322K(14464K) Class: 2325K(2496K)->2325K(2496K)
[530.221s][info][gc             ] GC(1183) Pause Young (Mixed) (G1 Evacuation Pause) 824M->596M(1024M) 79.215ms
[530.221s][info][gc,cpu         ] GC(1183) User=0.41s Sys=0.00s Real=0.09s
[530.602s][info][gc,start       ] GC(1184) Pause Young (Mixed) (G1 Evacuation Pause)
[530.603s][info][gc,task        ] GC(1184) Using 6 workers of 6 for evacuation
[530.634s][info][gc,phases      ] GC(1184)   Pre Evacuate Collection Set: 0.4ms
[530.634s][info][gc,phases      ] GC(1184)   Merge Heap Roots: 1.1ms
[530.634s][info][gc,phases      ] GC(1184)   Evacuate Collection Set: 28.9ms
[530.634s][info][gc,phases      ] GC(1184)   Post Evacuate Collection Set: 0.6ms
[530.634s][info][gc,phases      ] GC(1184)   Other: 0.1ms
[530.634s][info][gc,heap        ] GC(1184) Eden regions: 209->0(245)
[530.634s][info][gc,heap        ] GC(1184) Survivor regions: 28->6(30)
[530.634s][info][gc,heap        ] GC(1184) Old regions: 560->550
[530.634s][info][gc,heap        ] GC(1184) Humongous regions: 9->9
[530.634s][info][gc,metaspace   ] GC(1184) Metaspace: 16647K(16960K)->16647K(16960K) NonClass: 14322K(14464K)->14322K(14464K) Class: 2325K(2496K)->2325K(2496K)
[530.634s][info][gc             ] GC(1184) Pause Young (Mixed) (G1 Evacuation Pause) 805M->564M(1024M) 31.377ms
[530.634s][info][gc,cpu         ] GC(1184) User=0.11s Sys=0.00s Real=0.03s
[531.062s][info][gc,start       ] GC(1185) Pause Young (Concurrent Start) (G1 Evacuation Pause)
[531.062s][info][gc,task        ] GC(1185) Using 6 workers of 6 for evacuation
[531.070s][info][gc,phases      ] GC(1185)   Pre Evacuate Collection Set: 0.2ms
[531.070s][info][gc,phases      ] GC(1185)   Merge Heap Roots: 0.3ms
[531.070s][info][gc,phases      ] GC(1185)   Evacuate Collection Set: 7.0ms
[531.070s][info][gc,phases      ] GC(1185)   Post Evacuate Collection Set: 0.5ms
[531.070s][info][gc,phases      ] GC(1185)   Other: 0.1ms
[531.070s][info][gc,heap        ] GC(1185) Eden regions: 245->0(274)
[531.070s][info][gc,heap        ] GC(1185) Survivor regions: 6->2(32)
[531.070s][info][gc,heap        ] GC(1185) Old regions: 550->550
[531.070s][info][gc,heap        ] GC(1185) Humongous regions: 9->9
[531.070s][info][gc,metaspace   ] GC(1185) Metaspace: 16647K(16960K)->16647K(16960K) NonClass: 14322K(14464K)->14322K(14464K) Class: 2325K(2496K)->2325K(2496K)
[531.070s][info][gc             ] GC(1185) Pause Young (Concurrent Start) (G1 Evacuation Pause) 809M->560M(1024M) 8.348ms
[531.070s][info][gc,cpu         ] GC(1185) User=0.00s Sys=0.00s Real=0.00s
[531.070s][info][gc             ] GC(1186) Concurrent Mark Cycle
[531.070s][info][gc,marking     ] GC(1186) Concurrent Scan Root Regions
[531.071s][info][gc,marking     ] GC(1186) Concurrent Scan Root Regions 0.398ms
[531.071s][info][gc,marking     ] GC(1186) Concurrent Mark
[531.071s][info][gc,marking     ] GC(1186) Concurrent Mark From Roots
[531.071s][info][gc,task        ] GC(1186) Using 2 workers of 2 for marking
[531.075s][info][gc,marking     ] GC(1186) Concurrent Mark From Roots 3.929ms
[531.075s][info][gc,marking     ] GC(1186) Concurrent Preclean
[531.075s][info][gc,marking     ] GC(1186) Concurrent Preclean 0.082ms
[531.075s][info][gc,start       ] GC(1186) Pause Remark
[531.077s][info][gc             ] GC(1186) Pause Remark 562M->32M(1024M) 1.680ms
[531.077s][info][gc,cpu         ] GC(1186) User=0.00s Sys=0.00s Real=0.00s
[531.077s][info][gc,marking     ] GC(1186) Concurrent Mark 5.963ms
[531.077s][info][gc,marking     ] GC(1186) Concurrent Rebuild Remembered Sets and Scrub Regions
[531.078s][info][gc,marking     ] GC(1186) Concurrent Rebuild Remembered Sets and Scrub Regions 1.177ms
[531.078s][info][gc,start       ] GC(1186) Pause Cleanup
[531.078s][info][gc             ] GC(1186) Pause Cleanup 32M->32M(1024M) 0.158ms
[531.078s][info][gc,cpu         ] GC(1186) User=0.00s Sys=0.00s Real=0.00s
[531.078s][info][gc,marking     ] GC(1186) Concurrent Clear Claimed Marks
[531.078s][info][gc,marking     ] GC(1186) Concurrent Clear Claimed Marks 0.028ms
[531.078s][info][gc,marking     ] GC(1186) Concurrent Cleanup for Next Mark
[531.080s][info][gc,marking     ] GC(1186) Concurrent Cleanup for Next Mark 1.216ms
[531.080s][info][gc             ] GC(1186) Concurrent Mark Cycle 9.305ms
[531.758s][info][gc,start       ] GC(1187) Pause Full (System.gc())
[531.758s][info][gc,task        ] GC(1187) Using 6 workers of 6 for full compaction
[531.758s][info][gc,phases,start] GC(1187) Phase 1: Mark live objects
[531.760s][info][gc,phases      ] GC(1187) Phase 1: Mark live objects 2.414ms
[531.760s][info][gc,phases,start] GC(1187) Phase 2: Prepare compaction
[531.761s][info][gc,phases      ] GC(1187) Phase 2: Prepare compaction 0.184ms
[531.761s][info][gc,phases,start] GC(1187) Phase 3: Adjust pointers
[531.763s][info][gc,phases      ] GC(1187) Phase 3: Adjust pointers 2.271ms
[531.763s][info][gc,phases,start] GC(1187) Phase 4: Compact heap
[531.763s][info][gc,phases      ] GC(1187) Phase 4: Compact heap 0.179ms
[531.763s][info][gc,phases,start] GC(1187) Phase 5: Reset Metadata
[531.764s][info][gc,phases      ] GC(1187) Phase 5: Reset Metadata 0.786ms
[531.768s][info][gc,heap        ] GC(1187) Eden regions: 80->0(614)
[531.768s][info][gc,heap        ] GC(1187) Survivor regions: 2->0(32)
[531.768s][info][gc,heap        ] GC(1187) Old regions: 26->10
[531.768s][info][gc,heap        ] GC(1187) Humongous regions: 2->2
[531.768s][info][gc,metaspace   ] GC(1187) Metaspace: 16647K(16960K)->16647K(16960K) NonClass: 14322K(14464K)->14322K(14464K) Class: 2325K(2496K)->2325K(2496K)
[531.768s][info][gc             ] GC(1187) Pause Full (System.gc()) 109M->5M(1024M) 10.443ms
[531.768s][info][gc,cpu         ] GC(1187) User=0.02s Sys=0.00s Real=0.02s
[532.910s][info][gc,start       ] GC(1188) Pause Young (Normal) (G1 Evacuation Pause)
[532.911s][info][gc,task        ] GC(1188) Using 6 workers of 6 for evacuation
[532.912s][info][gc,phases      ] GC(1188)   Pre Evacuate Collection Set: 0.2ms
[532.912s][info][gc,phases      ] GC(1188)   Merge Heap Roots: 0.1ms
[532.912s][info][gc,phases      ] GC(1188)   Evacuate Collection Set: 0.3ms
[532.912s][info][gc,phases      ] GC(1188)   Post Evacuate Collection Set: 0.5ms
[532.912s][info][gc,phases      ] GC(1188)   Other: 0.1ms
[532.912s][info][gc,heap        ] GC(1188) Eden regions: 614->0(613)
[532.912s][info][gc,heap        ] GC(1188) Survivor regions: 0->1(77)
[532.912s][info][gc,heap        ] GC(1188) Old regions: 10->10
[532.912s][info][gc,heap        ] GC(1188) Humongous regions: 2->2
[532.912s][info][gc,metaspace   ] GC(1188) Metaspace: 16647K(16960K)->16647K(16960K) NonClass: 14322K(14464K)->14322K(14464K) Class: 2325K(2496K)->2325K(2496K)
[532.912s][info][gc             ] GC(1188) Pause Young (Normal) (G1 Evacuation Pause) 619M->6M(1024M) 1.343ms
[532.912s][info][gc,cpu         ] GC(1188) User=0.00s Sys=0.00s Real=0.00s
[533.012s][info][gc,start       ] GC(1189) Pause Young (Normal) (G1 Evacuation Pause)
[533.012s][info][gc,task        ] GC(1189) Using 6 workers of 6 for evacuation
[533.013s][info][gc,phases      ] GC(1189)   Pre Evacuate Collection Set: 0.2ms
[533.013s][info][gc,phases      ] GC(1189)   Merge Heap Roots: 0.1ms
[533.013s][info][gc,phases      ] GC(1189)   Evacuate Collection Set: 0.4ms
[533.013s][info][gc,phases      ] GC(1189)   Post Evacuate Collection Set: 0.4ms
[533.013s][info][gc,phases      ] GC(1189)   Other: 0.1ms
[533.013s][info][gc,heap        ] GC(1189) Eden regions: 613->0(613)
[533.013s][info][gc,heap        ] GC(1189) Survivor regions: 1->1(77)
[533.013s][info][gc,heap        ] GC(1189) Old regions: 10->10
[533.013s][info][gc,heap        ] GC(1189) Humongous regions: 2->2
[533.013s][info][gc,metaspace   ] GC(1189) Metaspace: 16647K(16960K)->16647K(16960K) NonClass: 14322K(14464K)->14322K(14464K) Class: 2325K(2496K)->2325K(2496K)
[533.013s][info][gc             ] GC(1189) Pause Young (Normal) (G1 Evacuation Pause) 619M->6M(1024M) 1.369ms
[533.013s][info][gc,cpu         ] GC(1189) User=0.00s Sys=0.00s Real=0.00s
[533.109s][info][gc,start       ] GC(1190) Pause Young (Concurrent Start) (G1 Evacuation Pause)
[533.109s][info][gc,task        ] GC(1190) Using 6 workers of 6 for evacuation
[533.110s][info][gc,phases      ] GC(1190)   Pre Evacuate Collection Set: 0.3ms
[533.110s][info][gc,phases      ] GC(1190)   Merge Heap Roots: 0.1ms
[533.110s][info][gc,phases      ] GC(1190)   Evacuate Collection Set: 0.4ms
[533.110s][info][gc,phases      ] GC(1190)   Post Evacuate Collection Set: 0.3ms
[533.110s][info][gc,phases      ] GC(1190)   Other: 0.1ms
[533.110s][info][gc,heap        ] GC(1190) Eden regions: 613->0(613)
[533.110s][info][gc,heap        ] GC(1190) Survivor regions: 1->1(77)
[533.110s][info][gc,heap        ] GC(1190) Old regions: 10->10
[533.110s][info][gc,heap        ] GC(1190) Humongous regions: 2->2
[533.110s][info][gc,metaspace   ] GC(1190) Metaspace: 16647K(16960K)->16647K(16960K) NonClass: 14322K(14464K)->14322K(14464K) Class: 2325K(2496K)->2325K(2496K)
[533.111s][info][gc             ] GC(1190) Pause Young (Concurrent Start) (G1 Evacuation Pause) 619M->6M(1024M) 1.483ms
[533.111s][info][gc,cpu         ] GC(1190) User=0.00s Sys=0.00s Real=0.00s
[533.111s][info][gc             ] GC(1191) Concurrent Mark Cycle
[533.111s][info][gc,marking     ] GC(1191) Concurrent Scan Root Regions
[533.111s][info][gc,marking     ] GC(1191) Concurrent Scan Root Regions 0.250ms
[533.111s][info][gc,marking     ] GC(1191) Concurrent Mark
[533.111s][info][gc,marking     ] GC(1191) Concurrent Mark From Roots
[533.111s][info][gc,task        ] GC(1191) Using 2 workers of 2 for marking
[533.114s][info][gc,marking     ] GC(1191) Concurrent Mark From Roots 3.224ms
[533.114s][info][gc,marking     ] GC(1191) Concurrent Preclean
[533.114s][info][gc,marking     ] GC(1191) Concurrent Preclean 0.020ms
[533.114s][info][gc,start       ] GC(1191) Pause Remark
[533.115s][info][gc             ] GC(1191) Pause Remark 24M->24M(1024M) 1.106ms
[533.115s][info][gc,cpu         ] GC(1191) User=0.00s Sys=0.00s Real=0.00s
[533.115s][info][gc,marking     ] GC(1191) Concurrent Mark 4.601ms
[533.115s][info][gc,marking     ] GC(1191) Concurrent Rebuild Remembered Sets and Scrub Regions
[533.117s][info][gc,marking     ] GC(1191) Concurrent Rebuild Remembered Sets and Scrub Regions 1.110ms
[533.117s][info][gc,start       ] GC(1191) Pause Cleanup
[533.117s][info][gc             ] GC(1191) Pause Cleanup 30M->30M(1024M) 0.135ms
[533.117s][info][gc,cpu         ] GC(1191) User=0.00s Sys=0.00s Real=0.00s
[533.117s][info][gc,marking     ] GC(1191) Concurrent Clear Claimed Marks
[533.117s][info][gc,marking     ] GC(1191) Concurrent Clear Claimed Marks 0.026ms
[533.117s][info][gc,marking     ] GC(1191) Concurrent Cleanup for Next Mark
[533.119s][info][gc,marking     ] GC(1191) Concurrent Cleanup for Next Mark 2.407ms
[533.119s][info][gc             ] GC(1191) Concurrent Mark Cycle 8.902ms
[533.209s][info][gc,start       ] GC(1192) Pause Young (Prepare Mixed) (G1 Evacuation Pause)
[533.209s][info][gc,task        ] GC(1192) Using 6 workers of 6 for evacuation
[533.210s][info][gc,phases      ] GC(1192)   Pre Evacuate Collection Set: 0.2ms
[533.210s][info][gc,phases      ] GC(1192)   Merge Heap Roots: 0.1ms
[533.210s][info][gc,phases      ] GC(1192)   Evacuate Collection Set: 0.3ms
[533.210s][info][gc,phases      ] GC(1192)   Post Evacuate Collection Set: 0.4ms
[533.210s][info][gc,phases      ] GC(1192)   Other: 0.1ms
[533.210s][info][gc,heap        ] GC(1192) Eden regions: 613->0(613)
[533.211s][info][gc,heap        ] GC(1192) Survivor regions: 1->1(77)
[533.211s][info][gc,heap        ] GC(1192) Old regions: 10->10
[533.211s][info][gc,heap        ] GC(1192) Humongous regions: 2->2
[533.211s][info][gc,metaspace   ] GC(1192) Metaspace: 16647K(16960K)->16647K(16960K) NonClass: 14322K(14464K)->14322K(14464K) Class: 2325K(2496K)->2325K(2496K)
[533.211s][info][gc             ] GC(1192) Pause Young (Prepare Mixed) (G1 Evacuation Pause) 619M->6M(1024M) 1.288ms
[533.211s][info][gc,cpu         ] GC(1192) User=0.00s Sys=0.00s Real=0.01s
[533.398s][info][gc,start       ] GC(1193) Pause Young (Mixed) (G1 Evacuation Pause)
[533.398s][info][gc,task        ] GC(1193) Using 6 workers of 6 for evacuation
[533.455s][info][gc,phases      ] GC(1193)   Pre Evacuate Collection Set: 0.2ms
[533.456s][info][gc,phases      ] GC(1193)   Merge Heap Roots: 0.1ms
[533.456s][info][gc,phases      ] GC(1193)   Evacuate Collection Set: 56.5ms
[533.456s][info][gc,phases      ] GC(1193)   Post Evacuate Collection Set: 0.6ms
[533.456s][info][gc,phases      ] GC(1193)   Other: 0.1ms
[533.456s][info][gc,heap        ] GC(1193) Eden regions: 613->0(537)
[533.456s][info][gc,heap        ] GC(1193) Survivor regions: 1->77(77)
[533.456s][info][gc,heap        ] GC(1193) Old regions: 10->60
[533.456s][info][gc,heap        ] GC(1193) Humongous regions: 3->3
[533.456s][info][gc,metaspace   ] GC(1193) Metaspace: 16647K(16960K)->16647K(16960K) NonClass: 14322K(14464K)->14322K(14464K) Class: 2325K(2496K)->2325K(2496K)
[533.456s][info][gc             ] GC(1193) Pause Young (Mixed) (G1 Evacuation Pause) 620M->134M(1024M) 57.642ms
[533.456s][info][gc,cpu         ] GC(1193) User=0.34s Sys=0.00s Real=0.06s
[533.818s][info][gc,start       ] GC(1194) Pause Young (Concurrent Start) (G1 Humongous Allocation)
[533.818s][info][gc,task        ] GC(1194) Using 6 workers of 6 for evacuation
[533.985s][info][gc,phases      ] GC(1194)   Pre Evacuate Collection Set: 0.2ms
[533.986s][info][gc,phases      ] GC(1194)   Merge Heap Roots: 0.3ms
[533.986s][info][gc,phases      ] GC(1194)   Evacuate Collection Set: 164.7ms
[533.986s][info][gc,phases      ] GC(1194)   Post Evacuate Collection Set: 1.2ms
[533.986s][info][gc,phases      ] GC(1194)   Other: 0.1ms
[533.986s][info][gc,heap        ] GC(1194) Eden regions: 448->0(285)
[533.986s][info][gc,heap        ] GC(1194) Survivor regions: 77->77(77)
[533.986s][info][gc,heap        ] GC(1194) Old regions: 60->357
[533.986s][info][gc,heap        ] GC(1194) Humongous regions: 3->3
[533.986s][info][gc,metaspace   ] GC(1194) Metaspace: 16647K(16960K)->16647K(16960K) NonClass: 14322K(14464K)->14322K(14464K) Class: 2325K(2496K)->2325K(2496K)
[533.986s][info][gc             ] GC(1194) Pause Young (Concurrent Start) (G1 Humongous Allocation) 581M->431M(1024M) 167.931ms
[533.986s][info][gc,cpu         ] GC(1194) User=1.00s Sys=0.00s Real=0.17s
[533.986s][info][gc             ] GC(1195) Concurrent Mark Cycle
[533.986s][info][gc,marking     ] GC(1195) Concurrent Scan Root Regions
[534.064s][info][gc,marking     ] GC(1195) Concurrent Scan Root Regions 77.678ms
[534.064s][info][gc,marking     ] GC(1195) Concurrent Mark
[534.064s][info][gc,marking     ] GC(1195) Concurrent Mark From Roots
[534.064s][info][gc,task        ] GC(1195) Using 2 workers of 2 for marking
[534.108s][info][gc,marking     ] GC(1195) Concurrent Mark From Roots 44.068ms
[534.108s][info][gc,marking     ] GC(1195) Concurrent Preclean
[534.108s][info][gc,marking     ] GC(1195) Concurrent Preclean 0.044ms
[534.108s][info][gc,start       ] GC(1195) Pause Remark
[534.109s][info][gc             ] GC(1195) Pause Remark 458M->458M(1024M) 1.063ms
[534.109s][info][gc,cpu         ] GC(1195) User=0.00s Sys=0.00s Real=0.00s
[534.109s][info][gc,marking     ] GC(1195) Concurrent Mark 45.374ms
[534.109s][info][gc,marking     ] GC(1195) Concurrent Rebuild Remembered Sets and Scrub Regions
[534.208s][info][gc,marking     ] GC(1195) Concurrent Rebuild Remembered Sets and Scrub Regions 98.658ms
[534.208s][info][gc,start       ] GC(1195) Pause Cleanup
[534.208s][info][gc             ] GC(1195) Pause Cleanup 490M->490M(1024M) 0.183ms
[534.208s][info][gc,cpu         ] GC(1195) User=0.00s Sys=0.00s Real=0.00s
[534.208s][info][gc,marking     ] GC(1195) Concurrent Clear Claimed Marks
[534.208s][info][gc,marking     ] GC(1195) Concurrent Clear Claimed Marks 0.023ms
[534.208s][info][gc,marking     ] GC(1195) Concurrent Cleanup for Next Mark
[534.210s][info][gc,marking     ] GC(1195) Concurrent Cleanup for Next Mark 1.709ms
[534.210s][info][gc             ] GC(1195) Concurrent Mark Cycle 224.091ms
[536.837s][info][gc,start       ] GC(1196) Pause Young (Prepare Mixed) (G1 Evacuation Pause)
[536.837s][info][gc,task        ] GC(1196) Using 6 workers of 6 for evacuation
[536.931s][info][gc,phases      ] GC(1196)   Pre Evacuate Collection Set: 0.3ms
[536.931s][info][gc,phases      ] GC(1196)   Merge Heap Roots: 1.8ms
[536.931s][info][gc,phases      ] GC(1196)   Evacuate Collection Set: 91.0ms
[536.931s][info][gc,phases      ] GC(1196)   Post Evacuate Collection Set: 0.7ms
[536.931s][info][gc,phases      ] GC(1196)   Other: 0.1ms
[536.931s][info][gc,heap        ] GC(1196) Eden regions: 285->0(242)
[536.931s][info][gc,heap        ] GC(1196) Survivor regions: 77->46(46)
[536.931s][info][gc,heap        ] GC(1196) Old regions: 357->474
[536.931s][info][gc,heap        ] GC(1196) Humongous regions: 4->4
[536.931s][info][gc,metaspace   ] GC(1196) Metaspace: 16647K(16960K)->16647K(16960K) NonClass: 14322K(14464K)->14322K(14464K) Class: 2325K(2496K)->2325K(2496K)
[536.931s][info][gc             ] GC(1196) Pause Young (Prepare Mixed) (G1 Evacuation Pause) 717M->518M(1024M) 94.157ms
[536.931s][info][gc,cpu         ] GC(1196) User=0.48s Sys=0.00s Real=0.09s
[537.070s][info][gc,start       ] GC(1197) Pause Young (Mixed) (G1 Evacuation Pause)
[537.070s][info][gc,task        ] GC(1197) Using 6 workers of 6 for evacuation
[537.149s][info][gc,phases      ] GC(1197)   Pre Evacuate Collection Set: 0.3ms
[537.150s][info][gc,phases      ] GC(1197)   Merge Heap Roots: 0.5ms
[537.150s][info][gc,phases      ] GC(1197)   Evacuate Collection Set: 77.8ms
[537.150s][info][gc,phases      ] GC(1197)   Post Evacuate Collection Set: 0.4ms
[537.150s][info][gc,phases      ] GC(1197)   Other: 0.1ms
[537.150s][info][gc,heap        ] GC(1197) Eden regions: 242->0(186)
[537.150s][info][gc,heap        ] GC(1197) Survivor regions: 46->36(36)
[537.150s][info][gc,heap        ] GC(1197) Old regions: 474->585
[537.150s][info][gc,heap        ] GC(1197) Humongous regions: 4->4
[537.150s][info][gc,metaspace   ] GC(1197) Metaspace: 16647K(16960K)->16647K(16960K) NonClass: 14322K(14464K)->14322K(14464K) Class: 2325K(2496K)->2325K(2496K)
[537.150s][info][gc             ] GC(1197) Pause Young (Mixed) (G1 Evacuation Pause) 760M->620M(1024M) 79.308ms
[537.150s][info][gc,cpu         ] GC(1197) User=0.41s Sys=0.00s Real=0.08s
[537.259s][info][gc,start       ] GC(1198) Pause Young (Concurrent Start) (G1 Evacuation Pause)
[537.259s][info][gc,task        ] GC(1198) Using 6 workers of 6 for evacuation
[537.314s][info][gc,phases      ] GC(1198)   Pre Evacuate Collection Set: 0.3ms
[537.314s][info][gc,phases      ] GC(1198)   Merge Heap Roots: 0.2ms
[537.314s][info][gc,phases      ] GC(1198)   Evacuate Collection Set: 53.5ms
[537.314s][info][gc,phases      ] GC(1198)   Post Evacuate Collection Set: 0.4ms
[537.314s][info][gc,phases      ] GC(1198)   Other: 0.1ms
[537.314s][info][gc,heap        ] GC(1198) Eden regions: 186->0(150)
[537.314s][info][gc,heap        ] GC(1198) Survivor regions: 36->28(28)
[537.314s][info][gc,heap        ] GC(1198) Old regions: 585->673
[537.314s][info][gc,heap        ] GC(1198) Humongous regions: 4->4
[537.314s][info][gc,metaspace   ] GC(1198) Metaspace: 16647K(16960K)->16647K(16960K) NonClass: 14322K(14464K)->14322K(14464K) Class: 2325K(2496K)->2325K(2496K)
[537.314s][info][gc             ] GC(1198) Pause Young (Concurrent Start) (G1 Evacuation Pause) 806M->700M(1024M) 54.679ms
[537.314s][info][gc             ] GC(1199) Concurrent Mark Cycle
[537.314s][info][gc,cpu         ] GC(1198) User=0.28s Sys=0.00s Real=0.05s
[537.314s][info][gc,marking     ] GC(1199) Concurrent Scan Root Regions
[537.341s][info][gc,marking     ] GC(1199) Concurrent Scan Root Regions 27.449ms
[537.341s][info][gc,marking     ] GC(1199) Concurrent Mark
[537.341s][info][gc,marking     ] GC(1199) Concurrent Mark From Roots
[537.341s][info][gc,task        ] GC(1199) Using 2 workers of 2 for marking
[537.417s][info][gc,start       ] GC(1200) Pause Young (Normal) (G1 Evacuation Pause)
[537.417s][info][gc,task        ] GC(1200) Using 6 workers of 6 for evacuation
[537.461s][info][gc,phases      ] GC(1200)   Pre Evacuate Collection Set: 0.1ms
[537.461s][info][gc,phases      ] GC(1200)   Merge Heap Roots: 0.1ms
[537.461s][info][gc,phases      ] GC(1200)   Evacuate Collection Set: 43.7ms
[537.461s][info][gc,phases      ] GC(1200)   Post Evacuate Collection Set: 0.4ms
[537.461s][info][gc,phases      ] GC(1200)   Other: 0.1ms
[537.461s][info][gc,heap        ] GC(1200) Eden regions: 150->0(120)
[537.461s][info][gc,heap        ] GC(1200) Survivor regions: 28->23(23)
[537.461s][info][gc,heap        ] GC(1200) Old regions: 673->743
[537.461s][info][gc,heap        ] GC(1200) Humongous regions: 4->4
[537.461s][info][gc,metaspace   ] GC(1200) Metaspace: 16647K(16960K)->16647K(16960K) NonClass: 14322K(14464K)->14322K(14464K) Class: 2325K(2496K)->2325K(2496K)
[537.461s][info][gc             ] GC(1200) Pause Young (Normal) (G1 Evacuation Pause) 850M->765M(1024M) 44.549ms
[537.461s][info][gc,cpu         ] GC(1200) User=0.06s Sys=0.00s Real=0.05s
[537.492s][info][gc,marking     ] GC(1199) Concurrent Mark From Roots 150.131ms
[537.492s][info][gc,marking     ] GC(1199) Concurrent Preclean
[537.492s][info][gc,marking     ] GC(1199) Concurrent Preclean 0.065ms
[537.492s][info][gc,start       ] GC(1199) Pause Remark
[537.493s][info][gc             ] GC(1199) Pause Remark 811M->397M(1024M) 1.343ms
[537.493s][info][gc,cpu         ] GC(1199) User=0.00s Sys=0.00s Real=0.01s
[537.493s][info][gc,marking     ] GC(1199) Concurrent Mark 151.766ms
[537.493s][info][gc,marking     ] GC(1199) Concurrent Rebuild Remembered Sets and Scrub Regions
[537.540s][info][gc,start       ] GC(1201) Pause Young (Normal) (G1 Evacuation Pause)
[537.540s][info][gc,task        ] GC(1201) Using 6 workers of 6 for evacuation
[537.577s][info][gc,phases      ] GC(1201)   Pre Evacuate Collection Set: 0.1ms
[537.577s][info][gc,phases      ] GC(1201)   Merge Heap Roots: 0.1ms
[537.577s][info][gc,phases      ] GC(1201)   Evacuate Collection Set: 35.5ms
[537.577s][info][gc,phases      ] GC(1201)   Post Evacuate Collection Set: 0.6ms
[537.577s][info][gc,phases      ] GC(1201)   Other: 0.1ms
[537.577s][info][gc,heap        ] GC(1201) Eden regions: 120->0(307)
[537.577s][info][gc,heap        ] GC(1201) Survivor regions: 23->18(18)
[537.577s][info][gc,heap        ] GC(1201) Old regions: 331->389
[537.577s][info][gc,heap        ] GC(1201) Humongous regions: 2->2
[537.577s][info][gc,metaspace   ] GC(1201) Metaspace: 16647K(16960K)->16647K(16960K) NonClass: 14322K(14464K)->14322K(14464K) Class: 2325K(2496K)->2325K(2496K)
[537.577s][info][gc             ] GC(1201) Pause Young (Normal) (G1 Evacuation Pause) 471M->404M(1024M) 36.641ms
[537.577s][info][gc,cpu         ] GC(1201) User=0.06s Sys=0.00s Real=0.03s
[537.644s][info][gc,marking     ] GC(1199) Concurrent Rebuild Remembered Sets and Scrub Regions 150.753ms
[537.644s][info][gc,start       ] GC(1199) Pause Cleanup
[537.644s][info][gc             ] GC(1199) Pause Cleanup 503M->503M(1024M) 0.211ms
[537.644s][info][gc,cpu         ] GC(1199) User=0.00s Sys=0.00s Real=0.00s
[537.644s][info][gc,marking     ] GC(1199) Concurrent Clear Claimed Marks
[537.644s][info][gc,marking     ] GC(1199) Concurrent Clear Claimed Marks 0.027ms
[537.644s][info][gc,marking     ] GC(1199) Concurrent Cleanup for Next Mark
[537.646s][info][gc,marking     ] GC(1199) Concurrent Cleanup for Next Mark 1.298ms
[537.646s][info][gc             ] GC(1199) Concurrent Mark Cycle 331.921ms
[538.200s][info][gc,start       ] GC(1202) Pause Young (Prepare Mixed) (G1 Evacuation Pause)
[538.200s][info][gc,task        ] GC(1202) Using 6 workers of 6 for evacuation
[538.276s][info][gc,phases      ] GC(1202)   Pre Evacuate Collection Set: 0.4ms
[538.276s][info][gc,phases      ] GC(1202)   Merge Heap Roots: 2.1ms
[538.276s][info][gc,phases      ] GC(1202)   Evacuate Collection Set: 72.4ms
[538.276s][info][gc,phases      ] GC(1202)   Post Evacuate Collection Set: 0.9ms
[538.276s][info][gc,phases      ] GC(1202)   Other: 0.1ms
[538.276s][info][gc,heap        ] GC(1202) Eden regions: 307->0(272)
[538.276s][info][gc,heap        ] GC(1202) Survivor regions: 18->41(41)
[538.276s][info][gc,heap        ] GC(1202) Old regions: 389->441
[538.276s][info][gc,heap        ] GC(1202) Humongous regions: 8->8
[538.276s][info][gc,metaspace   ] GC(1202) Metaspace: 16647K(16960K)->16647K(16960K) NonClass: 14322K(14464K)->14322K(14464K) Class: 2325K(2496K)->2325K(2496K)
[538.276s][info][gc             ] GC(1202) Pause Young (Prepare Mixed) (G1 Evacuation Pause) 717M->485M(1024M) 76.156ms
[538.276s][info][gc,cpu         ] GC(1202) User=0.36s Sys=0.00s Real=0.08s
[538.777s][info][gc,start       ] GC(1203) Pause Young (Mixed) (G1 Evacuation Pause)
[538.777s][info][gc,task        ] GC(1203) Using 6 workers of 6 for evacuation
[538.808s][info][gc,phases      ] GC(1203)   Pre Evacuate Collection Set: 0.3ms
[538.808s][info][gc,phases      ] GC(1203)   Merge Heap Roots: 1.2ms
[538.808s][info][gc,phases      ] GC(1203)   Evacuate Collection Set: 28.7ms
[538.808s][info][gc,phases      ] GC(1203)   Post Evacuate Collection Set: 0.7ms
[538.808s][info][gc,phases      ] GC(1203)   Other: 0.1ms
[538.808s][info][gc,heap        ] GC(1203) Eden regions: 272->0(308)
[538.808s][info][gc,heap        ] GC(1203) Survivor regions: 41->3(40)
[538.808s][info][gc,heap        ] GC(1203) Old regions: 441->463
[538.808s][info][gc,heap        ] GC(1203) Humongous regions: 8->8
[538.808s][info][gc,metaspace   ] GC(1203) Metaspace: 16647K(16960K)->16647K(16960K) NonClass: 14322K(14464K)->14322K(14464K) Class: 2325K(2496K)->2325K(2496K)
[538.808s][info][gc             ] GC(1203) Pause Young (Mixed) (G1 Evacuation Pause) 757M->471M(1024M) 31.204ms
[538.808s][info][gc,cpu         ] GC(1203) User=0.09s Sys=0.00s Real=0.03s
[539.674s][info][gc,start       ] GC(1204) Pause Full (System.gc())
[539.674s][info][gc,task        ] GC(1204) Using 6 workers of 6 for full compaction
[539.674s][info][gc,phases,start] GC(1204) Phase 1: Mark live objects
[539.676s][info][gc,phases      ] GC(1204) Phase 1: Mark live objects 2.234ms
[539.676s][info][gc,phases,start] GC(1204) Phase 2: Prepare compaction
[539.677s][info][gc,phases      ] GC(1204) Phase 2: Prepare compaction 0.719ms
[539.677s][info][gc,phases,start] GC(1204) Phase 3: Adjust pointers
[539.679s][info][gc,phases      ] GC(1204) Phase 3: Adjust pointers 2.122ms
[539.679s][info][gc,phases,start] GC(1204) Phase 4: Compact heap
[539.680s][info][gc,phases      ] GC(1204) Phase 4: Compact heap 0.714ms
[539.680s][info][gc,phases,start] GC(1204) Phase 5: Reset Metadata
[539.681s][info][gc,phases      ] GC(1204) Phase 5: Reset Metadata 0.654ms
[539.684s][info][gc,heap        ] GC(1204) Eden regions: 176->0(559)
[539.684s][info][gc,heap        ] GC(1204) Survivor regions: 3->0(40)
[539.684s][info][gc,heap        ] GC(1204) Old regions: 463->10
[539.684s][info][gc,heap        ] GC(1204) Humongous regions: 8->2
[539.684s][info][gc,metaspace   ] GC(1204) Metaspace: 16647K(16960K)->16647K(16960K) NonClass: 14322K(14464K)->14322K(14464K) Class: 2325K(2496K)->2325K(2496K)
[539.684s][info][gc             ] GC(1204) Pause Full (System.gc()) 647M->5M(1024M) 10.774ms
[539.684s][info][gc,cpu         ] GC(1204) User=0.00s Sys=0.00s Real=0.00s
[541.336s][info][gc,start       ] GC(1205) Pause Young (Concurrent Start) (G1 Evacuation Pause)
[541.336s][info][gc,task        ] GC(1205) Using 6 workers of 6 for evacuation
[541.337s][info][gc,phases      ] GC(1205)   Pre Evacuate Collection Set: 0.2ms
[541.337s][info][gc,phases      ] GC(1205)   Merge Heap Roots: 0.1ms
[541.337s][info][gc,phases      ] GC(1205)   Evacuate Collection Set: 0.4ms
[541.337s][info][gc,phases      ] GC(1205)   Post Evacuate Collection Set: 0.4ms
[541.337s][info][gc,phases      ] GC(1205)   Other: 0.1ms
[541.337s][info][gc,heap        ] GC(1205) Eden regions: 559->0(612)
[541.337s][info][gc,heap        ] GC(1205) Survivor regions: 0->2(70)
[541.337s][info][gc,heap        ] GC(1205) Old regions: 10->10
[541.337s][info][gc,heap        ] GC(1205) Humongous regions: 2->2
[541.337s][info][gc,metaspace   ] GC(1205) Metaspace: 16647K(16960K)->16647K(16960K) NonClass: 14322K(14464K)->14322K(14464K) Class: 2325K(2496K)->2325K(2496K)
[541.337s][info][gc             ] GC(1205) Pause Young (Concurrent Start) (G1 Evacuation Pause) 564M->7M(1024M) 1.363ms
[541.337s][info][gc,cpu         ] GC(1205) User=0.00s Sys=0.00s Real=0.00s
[541.337s][info][gc             ] GC(1206) Concurrent Mark Cycle
[541.337s][info][gc,marking     ] GC(1206) Concurrent Scan Root Regions
[541.337s][info][gc,marking     ] GC(1206) Concurrent Scan Root Regions 0.164ms
[541.337s][info][gc,marking     ] GC(1206) Concurrent Mark
[541.337s][info][gc,marking     ] GC(1206) Concurrent Mark From Roots
[541.337s][info][gc,task        ] GC(1206) Using 2 workers of 2 for marking
[541.340s][info][gc,marking     ] GC(1206) Concurrent Mark From Roots 3.157ms
[541.341s][info][gc,marking     ] GC(1206) Concurrent Preclean
[541.341s][info][gc,marking     ] GC(1206) Concurrent Preclean 0.021ms
[541.341s][info][gc,start       ] GC(1206) Pause Remark
[541.342s][info][gc             ] GC(1206) Pause Remark 25M->25M(1024M) 1.077ms
[541.342s][info][gc,cpu         ] GC(1206) User=0.00s Sys=0.00s Real=0.00s
[541.342s][info][gc,marking     ] GC(1206) Concurrent Mark 4.514ms
[541.342s][info][gc,marking     ] GC(1206) Concurrent Rebuild Remembered Sets and Scrub Regions
[541.343s][info][gc,marking     ] GC(1206) Concurrent Rebuild Remembered Sets and Scrub Regions 0.995ms
[541.343s][info][gc,start       ] GC(1206) Pause Cleanup
[541.343s][info][gc             ] GC(1206) Pause Cleanup 30M->30M(1024M) 0.113ms
[541.343s][info][gc,cpu         ] GC(1206) User=0.00s Sys=0.00s Real=0.00s
[541.343s][info][gc,marking     ] GC(1206) Concurrent Clear Claimed Marks
[541.343s][info][gc,marking     ] GC(1206) Concurrent Clear Claimed Marks 0.027ms
[541.343s][info][gc,marking     ] GC(1206) Concurrent Cleanup for Next Mark
[541.346s][info][gc,marking     ] GC(1206) Concurrent Cleanup for Next Mark 2.453ms
[541.346s][info][gc             ] GC(1206) Concurrent Mark Cycle 8.651ms
[541.435s][info][gc,start       ] GC(1207) Pause Young (Prepare Mixed) (G1 Evacuation Pause)
[541.435s][info][gc,task        ] GC(1207) Using 6 workers of 6 for evacuation
[541.436s][info][gc,phases      ] GC(1207)   Pre Evacuate Collection Set: 0.2ms
[541.436s][info][gc,phases      ] GC(1207)   Merge Heap Roots: 0.1ms
[541.436s][info][gc,phases      ] GC(1207)   Evacuate Collection Set: 0.3ms
[541.436s][info][gc,phases      ] GC(1207)   Post Evacuate Collection Set: 0.4ms
[541.436s][info][gc,phases      ] GC(1207)   Other: 0.1ms
[541.436s][info][gc,heap        ] GC(1207) Eden regions: 612->0(613)
[541.436s][info][gc,heap        ] GC(1207) Survivor regions: 2->1(77)
[541.436s][info][gc,heap        ] GC(1207) Old regions: 9->9
[541.436s][info][gc,heap        ] GC(1207) Humongous regions: 2->2
[541.436s][info][gc,metaspace   ] GC(1207) Metaspace: 16647K(16960K)->16647K(16960K) NonClass: 14322K(14464K)->14322K(14464K) Class: 2325K(2496K)->2325K(2496K)
[541.436s][info][gc             ] GC(1207) Pause Young (Prepare Mixed) (G1 Evacuation Pause) 619M->6M(1024M) 1.290ms
[541.436s][info][gc,cpu         ] GC(1207) User=0.00s Sys=0.00s Real=0.00s
[541.530s][info][gc,start       ] GC(1208) Pause Young (Mixed) (G1 Evacuation Pause)
[541.531s][info][gc,task        ] GC(1208) Using 6 workers of 6 for evacuation
[541.532s][info][gc,phases      ] GC(1208)   Pre Evacuate Collection Set: 0.2ms
[541.532s][info][gc,phases      ] GC(1208)   Merge Heap Roots: 0.1ms
[541.532s][info][gc,phases      ] GC(1208)   Evacuate Collection Set: 0.3ms
[541.532s][info][gc,phases      ] GC(1208)   Post Evacuate Collection Set: 0.4ms
[541.532s][info][gc,phases      ] GC(1208)   Other: 0.1ms
[541.532s][info][gc,heap        ] GC(1208) Eden regions: 613->0(613)
[541.532s][info][gc,heap        ] GC(1208) Survivor regions: 1->1(77)
[541.532s][info][gc,heap        ] GC(1208) Old regions: 9->9
[541.532s][info][gc,heap        ] GC(1208) Humongous regions: 2->2
[541.532s][info][gc,metaspace   ] GC(1208) Metaspace: 16647K(16960K)->16647K(16960K) NonClass: 14322K(14464K)->14322K(14464K) Class: 2325K(2496K)->2325K(2496K)
[541.532s][info][gc             ] GC(1208) Pause Young (Mixed) (G1 Evacuation Pause) 619M->6M(1024M) 1.215ms
[541.532s][info][gc,cpu         ] GC(1208) User=0.00s Sys=0.00s Real=0.00s
[541.627s][info][gc,start       ] GC(1209) Pause Young (Concurrent Start) (G1 Evacuation Pause)
[541.627s][info][gc,task        ] GC(1209) Using 6 workers of 6 for evacuation
[541.628s][info][gc,phases      ] GC(1209)   Pre Evacuate Collection Set: 0.2ms
[541.628s][info][gc,phases      ] GC(1209)   Merge Heap Roots: 0.1ms
[541.628s][info][gc,phases      ] GC(1209)   Evacuate Collection Set: 0.4ms
[541.628s][info][gc,phases      ] GC(1209)   Post Evacuate Collection Set: 0.4ms
[541.628s][info][gc,phases      ] GC(1209)   Other: 0.1ms
[541.628s][info][gc,heap        ] GC(1209) Eden regions: 613->0(613)
[541.628s][info][gc,heap        ] GC(1209) Survivor regions: 1->1(77)
[541.628s][info][gc,heap        ] GC(1209) Old regions: 9->9
[541.628s][info][gc,heap        ] GC(1209) Humongous regions: 2->2
[541.628s][info][gc,metaspace   ] GC(1209) Metaspace: 16647K(16960K)->16647K(16960K) NonClass: 14322K(14464K)->14322K(14464K) Class: 2325K(2496K)->2325K(2496K)
[541.629s][info][gc             ] GC(1209) Pause Young (Concurrent Start) (G1 Evacuation Pause) 619M->6M(1024M) 1.348ms
[541.629s][info][gc,cpu         ] GC(1209) User=0.00s Sys=0.00s Real=0.00s
[541.629s][info][gc             ] GC(1210) Concurrent Mark Cycle
[541.629s][info][gc,marking     ] GC(1210) Concurrent Scan Root Regions
[541.629s][info][gc,marking     ] GC(1210) Concurrent Scan Root Regions 0.336ms
[541.629s][info][gc,marking     ] GC(1210) Concurrent Mark
[541.629s][info][gc,marking     ] GC(1210) Concurrent Mark From Roots
[541.629s][info][gc,task        ] GC(1210) Using 2 workers of 2 for marking
[541.632s][info][gc,marking     ] GC(1210) Concurrent Mark From Roots 3.175ms
[541.632s][info][gc,marking     ] GC(1210) Concurrent Preclean
[541.632s][info][gc,marking     ] GC(1210) Concurrent Preclean 0.023ms
[541.632s][info][gc,start       ] GC(1210) Pause Remark
[541.633s][info][gc             ] GC(1210) Pause Remark 24M->24M(1024M) 1.130ms
[541.633s][info][gc,cpu         ] GC(1210) User=0.00s Sys=0.00s Real=0.00s
[541.634s][info][gc,marking     ] GC(1210) Concurrent Mark 4.595ms
[541.634s][info][gc,marking     ] GC(1210) Concurrent Rebuild Remembered Sets and Scrub Regions
[541.635s][info][gc,marking     ] GC(1210) Concurrent Rebuild Remembered Sets and Scrub Regions 0.993ms
[541.635s][info][gc,start       ] GC(1210) Pause Cleanup
[541.635s][info][gc             ] GC(1210) Pause Cleanup 29M->29M(1024M) 0.116ms
[541.635s][info][gc,cpu         ] GC(1210) User=0.00s Sys=0.00s Real=0.00s
[541.635s][info][gc,marking     ] GC(1210) Concurrent Clear Claimed Marks
[541.635s][info][gc,marking     ] GC(1210) Concurrent Clear Claimed Marks 0.021ms
[541.635s][info][gc,marking     ] GC(1210) Concurrent Cleanup for Next Mark
[541.637s][info][gc,marking     ] GC(1210) Concurrent Cleanup for Next Mark 2.083ms
[541.637s][info][gc             ] GC(1210) Concurrent Mark Cycle 8.523ms
[541.788s][info][gc,start       ] GC(1211) Pause Young (Prepare Mixed) (G1 Evacuation Pause)
[541.788s][info][gc,task        ] GC(1211) Using 6 workers of 6 for evacuation
[541.829s][info][gc,phases      ] GC(1211)   Pre Evacuate Collection Set: 0.1ms
[541.829s][info][gc,phases      ] GC(1211)   Merge Heap Roots: 0.1ms
[541.829s][info][gc,phases      ] GC(1211)   Evacuate Collection Set: 39.9ms
[541.829s][info][gc,phases      ] GC(1211)   Post Evacuate Collection Set: 0.5ms
[541.829s][info][gc,phases      ] GC(1211)   Other: 0.1ms
[541.829s][info][gc,heap        ] GC(1211) Eden regions: 613->0(537)
[541.829s][info][gc,heap        ] GC(1211) Survivor regions: 1->77(77)
[541.829s][info][gc,heap        ] GC(1211) Old regions: 9->21
[541.829s][info][gc,heap        ] GC(1211) Humongous regions: 3->3
[541.829s][info][gc,metaspace   ] GC(1211) Metaspace: 16647K(16960K)->16647K(16960K) NonClass: 14322K(14464K)->14322K(14464K) Class: 2325K(2496K)->2325K(2496K)
[541.829s][info][gc             ] GC(1211) Pause Young (Prepare Mixed) (G1 Evacuation Pause) 620M->96M(1024M) 40.910ms
[541.829s][info][gc,cpu         ] GC(1211) User=0.03s Sys=0.00s Real=0.03s
[542.345s][info][gc,start       ] GC(1212) Pause Young (Mixed) (G1 Evacuation Pause)
[542.345s][info][gc,task        ] GC(1212) Using 6 workers of 6 for evacuation
[542.527s][info][gc,phases      ] GC(1212)   Pre Evacuate Collection Set: 0.2ms
[542.527s][info][gc,phases      ] GC(1212)   Merge Heap Roots: 0.1ms
[542.527s][info][gc,phases      ] GC(1212)   Evacuate Collection Set: 174.5ms
[542.527s][info][gc,phases      ] GC(1212)   Post Evacuate Collection Set: 7.5ms
[542.527s][info][gc,phases      ] GC(1212)   Other: 0.1ms
[542.527s][info][gc,heap        ] GC(1212) Eden regions: 537->0(0)
[542.527s][info][gc,heap        ] GC(1212) Survivor regions: 77->77(77)
[542.527s][info][gc,heap        ] GC(1212) Old regions: 21->903
[542.527s][info][gc,heap        ] GC(1212) Humongous regions: 4->4
[542.527s][info][gc,metaspace   ] GC(1212) Metaspace: 16647K(16960K)->16647K(16960K) NonClass: 14322K(14464K)->14322K(14464K) Class: 2325K(2496K)->2325K(2496K)
[542.528s][info][gc             ] GC(1212) Pause Young (Mixed) (G1 Evacuation Pause) (Evacuation Failure) 634M->979M(1024M) 182.566ms
[542.528s][info][gc,cpu         ] GC(1212) User=1.00s Sys=0.00s Real=0.19s
[542.528s][info][gc,ergo        ] Attempting full compaction
[542.528s][info][gc,start       ] GC(1213) Pause Full (G1 Compaction Pause)
[542.528s][info][gc,task        ] GC(1213) Using 6 workers of 6 for full compaction
[542.528s][info][gc,phases,start] GC(1213) Phase 1: Mark live objects
[542.635s][info][gc,phases      ] GC(1213) Phase 1: Mark live objects 106.912ms
[542.635s][info][gc,phases,start] GC(1213) Phase 2: Prepare compaction
[542.640s][info][gc,phases      ] GC(1213) Phase 2: Prepare compaction 4.910ms
[542.640s][info][gc,phases,start] GC(1213) Phase 3: Adjust pointers
[542.666s][info][gc,phases      ] GC(1213) Phase 3: Adjust pointers 26.287ms
[542.666s][info][gc,phases,start] GC(1213) Phase 4: Compact heap
[542.674s][info][gc,phases      ] GC(1213) Phase 4: Compact heap 7.834ms
[542.674s][info][gc,phases,start] GC(1213) Phase 5: Reset Metadata
[542.688s][info][gc,phases      ] GC(1213) Phase 5: Reset Metadata 13.685ms
[542.693s][info][gc,heap        ] GC(1213) Eden regions: 0->0(319)
[542.693s][info][gc,heap        ] GC(1213) Survivor regions: 77->0(77)
[542.693s][info][gc,heap        ] GC(1213) Old regions: 903->414
[542.693s][info][gc,heap        ] GC(1213) Humongous regions: 4->4
[542.694s][info][gc,metaspace   ] GC(1213) Metaspace: 16647K(16960K)->16647K(16960K) NonClass: 14322K(14464K)->14322K(14464K) Class: 2325K(2496K)->2325K(2496K)
[542.694s][info][gc             ] GC(1213) Pause Full (G1 Compaction Pause) 979M->414M(1024M) 165.978ms
[542.694s][info][gc,cpu         ] GC(1213) User=0.53s Sys=0.00s Real=0.17s
[545.490s][info][gc,start       ] GC(1214) Pause Young (Concurrent Start) (G1 Evacuation Pause)
[545.490s][info][gc,task        ] GC(1214) Using 6 workers of 6 for evacuation
[545.566s][info][gc,phases      ] GC(1214)   Pre Evacuate Collection Set: 0.4ms
[545.566s][info][gc,phases      ] GC(1214)   Merge Heap Roots: 1.2ms
[545.566s][info][gc,phases      ] GC(1214)   Evacuate Collection Set: 73.7ms
[545.566s][info][gc,phases      ] GC(1214)   Post Evacuate Collection Set: 0.7ms
[545.566s][info][gc,phases      ] GC(1214)   Other: 0.2ms
[545.566s][info][gc,heap        ] GC(1214) Eden regions: 319->0(245)
[545.566s][info][gc,heap        ] GC(1214) Survivor regions: 0->40(40)
[545.566s][info][gc,heap        ] GC(1214) Old regions: 414->492
[545.566s][info][gc,heap        ] GC(1214) Humongous regions: 4->4
[545.566s][info][gc,metaspace   ] GC(1214) Metaspace: 16647K(16960K)->16647K(16960K) NonClass: 14322K(14464K)->14322K(14464K) Class: 2325K(2496K)->2325K(2496K)
[545.566s][info][gc             ] GC(1214) Pause Young (Concurrent Start) (G1 Evacuation Pause) 733M->532M(1024M) 76.305ms
[545.566s][info][gc             ] GC(1215) Concurrent Mark Cycle
[545.566s][info][gc,cpu         ] GC(1214) User=0.39s Sys=0.00s Real=0.08s
[545.566s][info][gc,marking     ] GC(1215) Concurrent Scan Root Regions
[545.590s][info][gc,marking     ] GC(1215) Concurrent Scan Root Regions 23.387ms
[545.590s][info][gc,marking     ] GC(1215) Concurrent Mark
[545.590s][info][gc,marking     ] GC(1215) Concurrent Mark From Roots
[545.590s][info][gc,task        ] GC(1215) Using 2 workers of 2 for marking
[545.645s][info][gc,marking     ] GC(1215) Concurrent Mark From Roots 54.920ms
[545.645s][info][gc,marking     ] GC(1215) Concurrent Preclean
[545.645s][info][gc,marking     ] GC(1215) Concurrent Preclean 0.049ms
[545.645s][info][gc,start       ] GC(1215) Pause Remark
[545.646s][info][gc             ] GC(1215) Pause Remark 663M->564M(1024M) 1.267ms
[545.646s][info][gc,cpu         ] GC(1215) User=0.00s Sys=0.00s Real=0.00s
[545.646s][info][gc,marking     ] GC(1215) Concurrent Mark 56.430ms
[545.646s][info][gc,marking     ] GC(1215) Concurrent Rebuild Remembered Sets and Scrub Regions
[545.716s][info][gc,start       ] GC(1216) Pause Young (Normal) (G1 Evacuation Pause)
[545.717s][info][gc,task        ] GC(1216) Using 6 workers of 6 for evacuation
[545.793s][info][gc,phases      ] GC(1216)   Pre Evacuate Collection Set: 0.2ms
[545.793s][info][gc,phases      ] GC(1216)   Merge Heap Roots: 0.8ms
[545.793s][info][gc,phases      ] GC(1216)   Evacuate Collection Set: 74.7ms
[545.793s][info][gc,phases      ] GC(1216)   Post Evacuate Collection Set: 0.4ms
[545.793s][info][gc,phases      ] GC(1216)   Other: 0.1ms
[545.793s][info][gc,heap        ] GC(1216) Eden regions: 245->0(239)
[545.793s][info][gc,heap        ] GC(1216) Survivor regions: 40->36(36)
[545.793s][info][gc,heap        ] GC(1216) Old regions: 394->501
[545.793s][info][gc,heap        ] GC(1216) Humongous regions: 3->3
[545.793s][info][gc,metaspace   ] GC(1216) Metaspace: 16647K(16960K)->16647K(16960K) NonClass: 14322K(14464K)->14322K(14464K) Class: 2325K(2496K)->2325K(2496K)
[545.793s][info][gc             ] GC(1216) Pause Young (Normal) (G1 Evacuation Pause) 678M->536M(1024M) 76.428ms
[545.793s][info][gc,cpu         ] GC(1216) User=0.42s Sys=0.00s Real=0.08s
[545.807s][info][gc,marking     ] GC(1215) Concurrent Rebuild Remembered Sets and Scrub Regions 160.299ms
[545.807s][info][gc,start       ] GC(1215) Pause Cleanup
[545.807s][info][gc             ] GC(1215) Pause Cleanup 558M->558M(1024M) 0.306ms
[545.807s][info][gc,cpu         ] GC(1215) User=0.00s Sys=0.00s Real=0.00s
[545.807s][info][gc,marking     ] GC(1215) Concurrent Clear Claimed Marks
[545.807s][info][gc,marking     ] GC(1215) Concurrent Clear Claimed Marks 0.031ms
[545.807s][info][gc,marking     ] GC(1215) Concurrent Cleanup for Next Mark
[545.808s][info][gc,marking     ] GC(1215) Concurrent Cleanup for Next Mark 1.326ms
[545.808s][info][gc             ] GC(1215) Concurrent Mark Cycle 242.124ms
[545.938s][info][gc,start       ] GC(1217) Pause Young (Prepare Mixed) (G1 Evacuation Pause)
[545.938s][info][gc,task        ] GC(1217) Using 6 workers of 6 for evacuation
[546.005s][info][gc,phases      ] GC(1217)   Pre Evacuate Collection Set: 0.5ms
[546.005s][info][gc,phases      ] GC(1217)   Merge Heap Roots: 0.2ms
[546.006s][info][gc,phases      ] GC(1217)   Evacuate Collection Set: 66.0ms
[546.006s][info][gc,phases      ] GC(1217)   Post Evacuate Collection Set: 0.5ms
[546.006s][info][gc,phases      ] GC(1217)   Other: 0.1ms
[546.006s][info][gc,heap        ] GC(1217) Eden regions: 239->0(187)
[546.006s][info][gc,heap        ] GC(1217) Survivor regions: 36->35(35)
[546.006s][info][gc,heap        ] GC(1217) Old regions: 501->603
[546.006s][info][gc,heap        ] GC(1217) Humongous regions: 3->3
[546.006s][info][gc,metaspace   ] GC(1217) Metaspace: 16647K(16960K)->16647K(16960K) NonClass: 14322K(14464K)->14322K(14464K) Class: 2325K(2496K)->2325K(2496K)
[546.006s][info][gc             ] GC(1217) Pause Young (Prepare Mixed) (G1 Evacuation Pause) 775M->637M(1024M) 67.446ms
[546.006s][info][gc,cpu         ] GC(1217) User=0.47s Sys=0.00s Real=0.08s
[546.122s][info][gc,start       ] GC(1218) Pause Young (Mixed) (G1 Evacuation Pause)
[546.122s][info][gc,task        ] GC(1218) Using 6 workers of 6 for evacuation
[546.178s][info][gc,phases      ] GC(1218)   Pre Evacuate Collection Set: 0.5ms
[546.178s][info][gc,phases      ] GC(1218)   Merge Heap Roots: 0.2ms
[546.178s][info][gc,phases      ] GC(1218)   Evacuate Collection Set: 54.6ms
[546.178s][info][gc,phases      ] GC(1218)   Post Evacuate Collection Set: 0.5ms
[546.178s][info][gc,phases      ] GC(1218)   Other: 0.1ms
[546.178s][info][gc,heap        ] GC(1218) Eden regions: 187->0(198)
[546.178s][info][gc,heap        ] GC(1218) Survivor regions: 35->28(28)
[546.178s][info][gc,heap        ] GC(1218) Old regions: 603->588
[546.178s][info][gc,heap        ] GC(1218) Humongous regions: 3->3
[546.178s][info][gc,metaspace   ] GC(1218) Metaspace: 16647K(16960K)->16647K(16960K) NonClass: 14322K(14464K)->14322K(14464K) Class: 2325K(2496K)->2325K(2496K)
[546.178s][info][gc             ] GC(1218) Pause Young (Mixed) (G1 Evacuation Pause) 824M->618M(1024M) 56.231ms
[546.178s][info][gc,cpu         ] GC(1218) User=0.30s Sys=0.00s Real=0.06s
[546.867s][info][gc,start       ] GC(1219) Pause Young (Mixed) (G1 Evacuation Pause)
[546.867s][info][gc,task        ] GC(1219) Using 6 workers of 6 for evacuation
[546.942s][info][gc,phases      ] GC(1219)   Pre Evacuate Collection Set: 0.3ms
[546.942s][info][gc,phases      ] GC(1219)   Merge Heap Roots: 2.4ms
[546.942s][info][gc,phases      ] GC(1219)   Evacuate Collection Set: 71.3ms
[546.942s][info][gc,phases      ] GC(1219)   Post Evacuate Collection Set: 1.0ms
[546.942s][info][gc,phases      ] GC(1219)   Other: 0.1ms
[546.942s][info][gc,heap        ] GC(1219) Eden regions: 198->0(218)
[546.942s][info][gc,heap        ] GC(1219) Survivor regions: 28->29(29)
[546.942s][info][gc,heap        ] GC(1219) Old regions: 588->547
[546.942s][info][gc,heap        ] GC(1219) Humongous regions: 9->9
[546.942s][info][gc,metaspace   ] GC(1219) Metaspace: 16647K(16960K)->16647K(16960K) NonClass: 14322K(14464K)->14322K(14464K) Class: 2325K(2496K)->2325K(2496K)
[546.942s][info][gc             ] GC(1219) Pause Young (Mixed) (G1 Evacuation Pause) 822M->584M(1024M) 75.246ms
[546.942s][info][gc,cpu         ] GC(1219) User=0.38s Sys=0.02s Real=0.08s
[547.343s][info][gc,start       ] GC(1220) Pause Young (Mixed) (G1 Evacuation Pause)
[547.343s][info][gc,task        ] GC(1220) Using 6 workers of 6 for evacuation
[547.371s][info][gc,phases      ] GC(1220)   Pre Evacuate Collection Set: 0.4ms
[547.371s][info][gc,phases      ] GC(1220)   Merge Heap Roots: 1.2ms
[547.371s][info][gc,phases      ] GC(1220)   Evacuate Collection Set: 26.0ms
[547.371s][info][gc,phases      ] GC(1220)   Post Evacuate Collection Set: 0.5ms
[547.371s][info][gc,phases      ] GC(1220)   Other: 0.1ms
[547.371s][info][gc,heap        ] GC(1220) Eden regions: 218->0(252)
[547.371s][info][gc,heap        ] GC(1220) Survivor regions: 29->6(31)
[547.371s][info][gc,heap        ] GC(1220) Old regions: 547->543
[547.371s][info][gc,heap        ] GC(1220) Humongous regions: 9->9
[547.371s][info][gc,metaspace   ] GC(1220) Metaspace: 16647K(16960K)->16647K(16960K) NonClass: 14322K(14464K)->14322K(14464K) Class: 2325K(2496K)->2325K(2496K)
[547.371s][info][gc             ] GC(1220) Pause Young (Mixed) (G1 Evacuation Pause) 802M->556M(1024M) 28.487ms
[547.371s][info][gc,cpu         ] GC(1220) User=0.11s Sys=0.00s Real=0.03s
[548.101s][info][gc,start       ] GC(1221) Pause Young (Concurrent Start) (G1 Evacuation Pause)
[548.101s][info][gc,task        ] GC(1221) Using 6 workers of 6 for evacuation
[548.108s][info][gc,phases      ] GC(1221)   Pre Evacuate Collection Set: 0.3ms
[548.108s][info][gc,phases      ] GC(1221)   Merge Heap Roots: 0.3ms
[548.108s][info][gc,phases      ] GC(1221)   Evacuate Collection Set: 5.6ms
[548.108s][info][gc,phases      ] GC(1221)   Post Evacuate Collection Set: 0.5ms
[548.108s][info][gc,phases      ] GC(1221)   Other: 0.1ms
[548.108s][info][gc,heap        ] GC(1221) Eden regions: 252->0(279)
[548.108s][info][gc,heap        ] GC(1221) Survivor regions: 6->3(33)
[548.108s][info][gc,heap        ] GC(1221) Old regions: 543->543
[548.108s][info][gc,heap        ] GC(1221) Humongous regions: 9->9
[548.108s][info][gc,metaspace   ] GC(1221) Metaspace: 16647K(16960K)->16647K(16960K) NonClass: 14322K(14464K)->14322K(14464K) Class: 2325K(2496K)->2325K(2496K)
[548.108s][info][gc             ] GC(1221) Pause Young (Concurrent Start) (G1 Evacuation Pause) 808M->554M(1024M) 7.089ms
[548.108s][info][gc,cpu         ] GC(1221) User=0.00s Sys=0.00s Real=0.02s
[548.108s][info][gc             ] GC(1222) Concurrent Mark Cycle
[548.108s][info][gc,marking     ] GC(1222) Concurrent Scan Root Regions
[548.108s][info][gc,marking     ] GC(1222) Concurrent Scan Root Regions 0.474ms
[548.108s][info][gc,marking     ] GC(1222) Concurrent Mark
[548.108s][info][gc,marking     ] GC(1222) Concurrent Mark From Roots
[548.108s][info][gc,task        ] GC(1222) Using 2 workers of 2 for marking
[548.111s][info][gc,marking     ] GC(1222) Concurrent Mark From Roots 3.195ms
[548.112s][info][gc,marking     ] GC(1222) Concurrent Preclean
[548.112s][info][gc,marking     ] GC(1222) Concurrent Preclean 0.052ms
[548.112s][info][gc,start       ] GC(1222) Pause Remark
[548.113s][info][gc             ] GC(1222) Pause Remark 555M->29M(1024M) 1.336ms
[548.113s][info][gc,cpu         ] GC(1222) User=0.00s Sys=0.00s Real=0.00s
[548.113s][info][gc,marking     ] GC(1222) Concurrent Mark 4.818ms
[548.113s][info][gc,marking     ] GC(1222) Concurrent Rebuild Remembered Sets and Scrub Regions
[548.114s][info][gc,marking     ] GC(1222) Concurrent Rebuild Remembered Sets and Scrub Regions 1.044ms
[548.114s][info][gc,start       ] GC(1222) Pause Cleanup
[548.114s][info][gc             ] GC(1222) Pause Cleanup 29M->29M(1024M) 0.186ms
[548.114s][info][gc,cpu         ] GC(1222) User=0.00s Sys=0.00s Real=0.00s
[548.114s][info][gc,marking     ] GC(1222) Concurrent Clear Claimed Marks
[548.115s][info][gc,marking     ] GC(1222) Concurrent Clear Claimed Marks 0.049ms
[548.115s][info][gc,marking     ] GC(1222) Concurrent Cleanup for Next Mark
[548.116s][info][gc,marking     ] GC(1222) Concurrent Cleanup for Next Mark 1.580ms
[548.116s][info][gc             ] GC(1222) Concurrent Mark Cycle 8.508ms
[548.445s][info][gc,start       ] GC(1223) Pause Full (System.gc())
[548.445s][info][gc,task        ] GC(1223) Using 6 workers of 6 for full compaction
[548.446s][info][gc,phases,start] GC(1223) Phase 1: Mark live objects
[548.448s][info][gc,phases      ] GC(1223) Phase 1: Mark live objects 2.650ms
[548.448s][info][gc,phases,start] GC(1223) Phase 2: Prepare compaction
[548.448s][info][gc,phases      ] GC(1223) Phase 2: Prepare compaction 0.146ms
[548.448s][info][gc,phases,start] GC(1223) Phase 3: Adjust pointers
[548.450s][info][gc,phases      ] GC(1223) Phase 3: Adjust pointers 1.889ms
[548.450s][info][gc,phases,start] GC(1223) Phase 4: Compact heap
[548.451s][info][gc,phases      ] GC(1223) Phase 4: Compact heap 0.198ms
[548.451s][info][gc,phases,start] GC(1223) Phase 5: Reset Metadata
[548.451s][info][gc,phases      ] GC(1223) Phase 5: Reset Metadata 0.813ms
[548.455s][info][gc,heap        ] GC(1223) Eden regions: 47->0(614)
[548.455s][info][gc,heap        ] GC(1223) Survivor regions: 3->0(33)
[548.455s][info][gc,heap        ] GC(1223) Old regions: 24->10
[548.455s][info][gc,heap        ] GC(1223) Humongous regions: 2->2
[548.455s][info][gc,metaspace   ] GC(1223) Metaspace: 16647K(16960K)->16647K(16960K) NonClass: 14322K(14464K)->14322K(14464K) Class: 2325K(2496K)->2325K(2496K)
[548.455s][info][gc             ] GC(1223) Pause Full (System.gc()) 75M->5M(1024M) 10.006ms
[548.455s][info][gc,cpu         ] GC(1223) User=0.00s Sys=0.00s Real=0.02s
[549.646s][info][gc,start       ] GC(1224) Pause Young (Concurrent Start) (G1 Evacuation Pause)
[549.646s][info][gc,task        ] GC(1224) Using 6 workers of 6 for evacuation
[549.647s][info][gc,phases      ] GC(1224)   Pre Evacuate Collection Set: 0.2ms
[549.647s][info][gc,phases      ] GC(1224)   Merge Heap Roots: 0.1ms
[549.647s][info][gc,phases      ] GC(1224)   Evacuate Collection Set: 0.4ms
[549.647s][info][gc,phases      ] GC(1224)   Post Evacuate Collection Set: 0.4ms
[549.647s][info][gc,phases      ] GC(1224)   Other: 0.1ms
[549.647s][info][gc,heap        ] GC(1224) Eden regions: 614->0(613)
[549.647s][info][gc,heap        ] GC(1224) Survivor regions: 0->1(77)
[549.647s][info][gc,heap        ] GC(1224) Old regions: 10->10
[549.647s][info][gc,heap        ] GC(1224) Humongous regions: 2->2
[549.647s][info][gc,metaspace   ] GC(1224) Metaspace: 16647K(16960K)->16647K(16960K) NonClass: 14322K(14464K)->14322K(14464K) Class: 2325K(2496K)->2325K(2496K)
[549.647s][info][gc             ] GC(1224) Pause Young (Concurrent Start) (G1 Evacuation Pause) 619M->6M(1024M) 1.414ms
[549.648s][info][gc             ] GC(1225) Concurrent Mark Cycle
[549.648s][info][gc,cpu         ] GC(1224) User=0.00s Sys=0.00s Real=0.00s
[549.648s][info][gc,marking     ] GC(1225) Concurrent Scan Root Regions
[549.648s][info][gc,marking     ] GC(1225) Concurrent Scan Root Regions 0.299ms
[549.648s][info][gc,marking     ] GC(1225) Concurrent Mark
[549.648s][info][gc,marking     ] GC(1225) Concurrent Mark From Roots
[549.648s][info][gc,task        ] GC(1225) Using 2 workers of 2 for marking
[549.651s][info][gc,marking     ] GC(1225) Concurrent Mark From Roots 3.065ms
[549.651s][info][gc,marking     ] GC(1225) Concurrent Preclean
[549.651s][info][gc,marking     ] GC(1225) Concurrent Preclean 0.020ms
[549.651s][info][gc,start       ] GC(1225) Pause Remark
[549.652s][info][gc             ] GC(1225) Pause Remark 23M->23M(1024M) 1.095ms
[549.652s][info][gc,cpu         ] GC(1225) User=0.00s Sys=0.00s Real=0.00s
[549.652s][info][gc,marking     ] GC(1225) Concurrent Mark 4.443ms
[549.652s][info][gc,marking     ] GC(1225) Concurrent Rebuild Remembered Sets and Scrub Regions
[549.653s][info][gc,marking     ] GC(1225) Concurrent Rebuild Remembered Sets and Scrub Regions 0.999ms
[549.653s][info][gc,start       ] GC(1225) Pause Cleanup
[549.654s][info][gc             ] GC(1225) Pause Cleanup 28M->28M(1024M) 0.152ms
[549.654s][info][gc,cpu         ] GC(1225) User=0.00s Sys=0.00s Real=0.00s
[549.654s][info][gc,marking     ] GC(1225) Concurrent Clear Claimed Marks
[549.654s][info][gc,marking     ] GC(1225) Concurrent Clear Claimed Marks 0.022ms
[549.654s][info][gc,marking     ] GC(1225) Concurrent Cleanup for Next Mark
[549.656s][info][gc,marking     ] GC(1225) Concurrent Cleanup for Next Mark 2.492ms
[549.656s][info][gc             ] GC(1225) Concurrent Mark Cycle 8.793ms
[549.746s][info][gc,start       ] GC(1226) Pause Young (Prepare Mixed) (G1 Evacuation Pause)
[549.746s][info][gc,task        ] GC(1226) Using 6 workers of 6 for evacuation
[549.747s][info][gc,phases      ] GC(1226)   Pre Evacuate Collection Set: 0.2ms
[549.747s][info][gc,phases      ] GC(1226)   Merge Heap Roots: 0.1ms
[549.747s][info][gc,phases      ] GC(1226)   Evacuate Collection Set: 0.3ms
[549.747s][info][gc,phases      ] GC(1226)   Post Evacuate Collection Set: 0.4ms
[549.747s][info][gc,phases      ] GC(1226)   Other: 0.1ms
[549.748s][info][gc,heap        ] GC(1226) Eden regions: 613->0(613)
[549.748s][info][gc,heap        ] GC(1226) Survivor regions: 1->1(77)
[549.748s][info][gc,heap        ] GC(1226) Old regions: 10->10
[549.748s][info][gc,heap        ] GC(1226) Humongous regions: 2->2
[549.748s][info][gc,metaspace   ] GC(1226) Metaspace: 16647K(16960K)->16647K(16960K) NonClass: 14322K(14464K)->14322K(14464K) Class: 2325K(2496K)->2325K(2496K)
[549.748s][info][gc             ] GC(1226) Pause Young (Prepare Mixed) (G1 Evacuation Pause) 619M->6M(1024M) 1.271ms
[549.748s][info][gc,cpu         ] GC(1226) User=0.00s Sys=0.00s Real=0.00s
[549.843s][info][gc,start       ] GC(1227) Pause Young (Mixed) (G1 Evacuation Pause)
[549.843s][info][gc,task        ] GC(1227) Using 6 workers of 6 for evacuation
[549.844s][info][gc,phases      ] GC(1227)   Pre Evacuate Collection Set: 0.2ms
[549.846s][info][gc,phases      ] GC(1227)   Merge Heap Roots: 0.1ms
[549.846s][info][gc,phases      ] GC(1227)   Evacuate Collection Set: 0.3ms
[549.846s][info][gc,phases      ] GC(1227)   Post Evacuate Collection Set: 0.4ms
[549.846s][info][gc,phases      ] GC(1227)   Other: 0.1ms
[549.846s][info][gc,heap        ] GC(1227) Eden regions: 613->0(613)
[549.846s][info][gc,heap        ] GC(1227) Survivor regions: 1->1(77)
[549.846s][info][gc,heap        ] GC(1227) Old regions: 10->9
[549.846s][info][gc,heap        ] GC(1227) Humongous regions: 2->2
[549.846s][info][gc,metaspace   ] GC(1227) Metaspace: 16647K(16960K)->16647K(16960K) NonClass: 14322K(14464K)->14322K(14464K) Class: 2325K(2496K)->2325K(2496K)
[549.846s][info][gc             ] GC(1227) Pause Young (Mixed) (G1 Evacuation Pause) 619M->6M(1024M) 3.710ms
[549.846s][info][gc,cpu         ] GC(1227) User=0.00s Sys=0.00s Real=0.02s
[549.942s][info][gc,start       ] GC(1228) Pause Young (Concurrent Start) (G1 Evacuation Pause)
[549.942s][info][gc,task        ] GC(1228) Using 6 workers of 6 for evacuation
[549.943s][info][gc,phases      ] GC(1228)   Pre Evacuate Collection Set: 0.3ms
[549.943s][info][gc,phases      ] GC(1228)   Merge Heap Roots: 0.1ms
[549.943s][info][gc,phases      ] GC(1228)   Evacuate Collection Set: 0.4ms
[549.943s][info][gc,phases      ] GC(1228)   Post Evacuate Collection Set: 0.4ms
[549.943s][info][gc,phases      ] GC(1228)   Other: 0.1ms
[549.943s][info][gc,heap        ] GC(1228) Eden regions: 613->0(613)
[549.943s][info][gc,heap        ] GC(1228) Survivor regions: 1->1(77)
[549.943s][info][gc,heap        ] GC(1228) Old regions: 9->9
[549.943s][info][gc,heap        ] GC(1228) Humongous regions: 2->2
[549.943s][info][gc,metaspace   ] GC(1228) Metaspace: 16647K(16960K)->16647K(16960K) NonClass: 14322K(14464K)->14322K(14464K) Class: 2325K(2496K)->2325K(2496K)
[549.943s][info][gc             ] GC(1228) Pause Young (Concurrent Start) (G1 Evacuation Pause) 619M->6M(1024M) 1.422ms
[549.943s][info][gc             ] GC(1229) Concurrent Mark Cycle
[549.943s][info][gc,cpu         ] GC(1228) User=0.00s Sys=0.00s Real=0.00s
[549.943s][info][gc,marking     ] GC(1229) Concurrent Scan Root Regions
[549.943s][info][gc,marking     ] GC(1229) Concurrent Scan Root Regions 0.266ms
[549.943s][info][gc,marking     ] GC(1229) Concurrent Mark
[549.943s][info][gc,marking     ] GC(1229) Concurrent Mark From Roots
[549.943s][info][gc,task        ] GC(1229) Using 2 workers of 2 for marking
[549.946s][info][gc,marking     ] GC(1229) Concurrent Mark From Roots 2.974ms
[549.946s][info][gc,marking     ] GC(1229) Concurrent Preclean
[549.946s][info][gc,marking     ] GC(1229) Concurrent Preclean 0.019ms
[549.946s][info][gc,start       ] GC(1229) Pause Remark
[549.948s][info][gc             ] GC(1229) Pause Remark 21M->21M(1024M) 1.325ms
[549.948s][info][gc,cpu         ] GC(1229) User=0.00s Sys=0.00s Real=0.00s
[549.948s][info][gc,marking     ] GC(1229) Concurrent Mark 4.606ms
[549.948s][info][gc,marking     ] GC(1229) Concurrent Rebuild Remembered Sets and Scrub Regions
[549.949s][info][gc,marking     ] GC(1229) Concurrent Rebuild Remembered Sets and Scrub Regions 0.952ms
[549.949s][info][gc,start       ] GC(1229) Pause Cleanup
[549.949s][info][gc             ] GC(1229) Pause Cleanup 24M->24M(1024M) 0.184ms
[549.949s][info][gc,cpu         ] GC(1229) User=0.00s Sys=0.00s Real=0.00s
[549.949s][info][gc,marking     ] GC(1229) Concurrent Clear Claimed Marks
[549.949s][info][gc,marking     ] GC(1229) Concurrent Clear Claimed Marks 0.021ms
[549.949s][info][gc,marking     ] GC(1229) Concurrent Cleanup for Next Mark
[549.951s][info][gc,marking     ] GC(1229) Concurrent Cleanup for Next Mark 1.863ms
[549.951s][info][gc             ] GC(1229) Concurrent Mark Cycle 8.267ms
[550.142s][info][gc,start       ] GC(1230) Pause Young (Prepare Mixed) (G1 Evacuation Pause)
[550.142s][info][gc,task        ] GC(1230) Using 6 workers of 6 for evacuation
[550.198s][info][gc,phases      ] GC(1230)   Pre Evacuate Collection Set: 0.2ms
[550.198s][info][gc,phases      ] GC(1230)   Merge Heap Roots: 0.1ms
[550.198s][info][gc,phases      ] GC(1230)   Evacuate Collection Set: 55.0ms
[550.198s][info][gc,phases      ] GC(1230)   Post Evacuate Collection Set: 0.8ms
[550.198s][info][gc,phases      ] GC(1230)   Other: 0.1ms
[550.198s][info][gc,heap        ] GC(1230) Eden regions: 613->0(537)
[550.198s][info][gc,heap        ] GC(1230) Survivor regions: 1->77(77)
[550.198s][info][gc,heap        ] GC(1230) Old regions: 9->58
[550.198s][info][gc,heap        ] GC(1230) Humongous regions: 3->3
[550.198s][info][gc,metaspace   ] GC(1230) Metaspace: 16647K(16960K)->16647K(16960K) NonClass: 14322K(14464K)->14322K(14464K) Class: 2325K(2496K)->2325K(2496K)
[550.198s][info][gc             ] GC(1230) Pause Young (Prepare Mixed) (G1 Evacuation Pause) 620M->132M(1024M) 56.325ms
[550.198s][info][gc,cpu         ] GC(1230) User=0.30s Sys=0.00s Real=0.06s
[550.810s][info][gc,start       ] GC(1231) Pause Young (Mixed) (G1 Evacuation Pause)
[550.810s][info][gc,task        ] GC(1231) Using 6 workers of 6 for evacuation
[550.959s][info][gc,phases      ] GC(1231)   Pre Evacuate Collection Set: 0.2ms
[550.959s][info][gc,phases      ] GC(1231)   Merge Heap Roots: 0.4ms
[550.959s][info][gc,phases      ] GC(1231)   Evacuate Collection Set: 147.0ms
[550.959s][info][gc,phases      ] GC(1231)   Post Evacuate Collection Set: 1.2ms
[550.959s][info][gc,phases      ] GC(1231)   Other: 0.1ms
[550.959s][info][gc,heap        ] GC(1231) Eden regions: 537->0(325)
[550.959s][info][gc,heap        ] GC(1231) Survivor regions: 77->77(77)
[550.959s][info][gc,heap        ] GC(1231) Old regions: 58->340
[550.959s][info][gc,heap        ] GC(1231) Humongous regions: 4->4
[550.959s][info][gc,metaspace   ] GC(1231) Metaspace: 16647K(16960K)->16647K(16960K) NonClass: 14322K(14464K)->14322K(14464K) Class: 2325K(2496K)->2325K(2496K)
[550.959s][info][gc             ] GC(1231) Pause Young (Mixed) (G1 Evacuation Pause) (Evacuation Failure) 670M->416M(1024M) 149.079ms
[550.959s][info][gc,cpu         ] GC(1231) User=0.88s Sys=0.00s Real=0.15s
[553.922s][info][gc,start       ] GC(1232) Pause Young (Concurrent Start) (G1 Evacuation Pause)
[553.922s][info][gc,task        ] GC(1232) Using 6 workers of 6 for evacuation
[554.033s][info][gc,phases      ] GC(1232)   Pre Evacuate Collection Set: 0.5ms
[554.037s][info][gc,phases      ] GC(1232)   Merge Heap Roots: 0.9ms
[554.037s][info][gc,phases      ] GC(1232)   Evacuate Collection Set: 108.1ms
[554.037s][info][gc,phases      ] GC(1232)   Post Evacuate Collection Set: 1.4ms
[554.037s][info][gc,phases      ] GC(1232)   Other: 0.2ms
[554.037s][info][gc,heap        ] GC(1232) Eden regions: 325->0(236)
[554.037s][info][gc,heap        ] GC(1232) Survivor regions: 77->51(51)
[554.037s][info][gc,heap        ] GC(1232) Old regions: 340->505
[554.037s][info][gc,heap        ] GC(1232) Humongous regions: 4->4
[554.037s][info][gc,metaspace   ] GC(1232) Metaspace: 16647K(16960K)->16647K(16960K) NonClass: 14322K(14464K)->14322K(14464K) Class: 2325K(2496K)->2325K(2496K)
[554.037s][info][gc             ] GC(1232) Pause Young (Concurrent Start) (G1 Evacuation Pause) 741M->555M(1024M) 114.829ms
[554.037s][info][gc,cpu         ] GC(1232) User=0.59s Sys=0.00s Real=0.12s
[554.037s][info][gc             ] GC(1233) Concurrent Mark Cycle
[554.037s][info][gc,marking     ] GC(1233) Concurrent Scan Root Regions
[554.080s][info][gc,marking     ] GC(1233) Concurrent Scan Root Regions 42.863ms
[554.080s][info][gc,marking     ] GC(1233) Concurrent Mark
[554.080s][info][gc,marking     ] GC(1233) Concurrent Mark From Roots
[554.080s][info][gc,task        ] GC(1233) Using 2 workers of 2 for marking
[554.090s][info][gc,marking     ] GC(1233) Concurrent Mark From Roots 9.711ms
[554.090s][info][gc,marking     ] GC(1233) Concurrent Preclean
[554.090s][info][gc,marking     ] GC(1233) Concurrent Preclean 0.045ms
[554.090s][info][gc,start       ] GC(1233) Pause Remark
[554.091s][info][gc             ] GC(1233) Pause Remark 616M->389M(1024M) 1.045ms
[554.091s][info][gc,cpu         ] GC(1233) User=0.00s Sys=0.00s Real=0.00s
[554.091s][info][gc,marking     ] GC(1233) Concurrent Mark 11.035ms
[554.091s][info][gc,marking     ] GC(1233) Concurrent Rebuild Remembered Sets and Scrub Regions
[554.140s][info][gc,marking     ] GC(1233) Concurrent Rebuild Remembered Sets and Scrub Regions 48.953ms
[554.140s][info][gc,start       ] GC(1233) Pause Cleanup
[554.141s][info][gc             ] GC(1233) Pause Cleanup 470M->470M(1024M) 0.315ms
[554.141s][info][gc,cpu         ] GC(1233) User=0.00s Sys=0.00s Real=0.00s
[554.141s][info][gc,marking     ] GC(1233) Concurrent Clear Claimed Marks
[554.141s][info][gc,marking     ] GC(1233) Concurrent Clear Claimed Marks 0.047ms
[554.141s][info][gc,marking     ] GC(1233) Concurrent Cleanup for Next Mark
[554.142s][info][gc,marking     ] GC(1233) Concurrent Cleanup for Next Mark 1.419ms
[554.142s][info][gc             ] GC(1233) Concurrent Mark Cycle 105.107ms
[554.197s][info][gc,start       ] GC(1234) Pause Young (Prepare Mixed) (G1 Evacuation Pause)
[554.197s][info][gc,task        ] GC(1234) Using 6 workers of 6 for evacuation
[554.279s][info][gc,phases      ] GC(1234)   Pre Evacuate Collection Set: 0.3ms
[554.279s][info][gc,phases      ] GC(1234)   Merge Heap Roots: 1.2ms
[554.279s][info][gc,phases      ] GC(1234)   Evacuate Collection Set: 79.8ms
[554.279s][info][gc,phases      ] GC(1234)   Post Evacuate Collection Set: 0.5ms
[554.279s][info][gc,phases      ] GC(1234)   Other: 0.1ms
[554.279s][info][gc,heap        ] GC(1234) Eden regions: 236->0(296)
[554.279s][info][gc,heap        ] GC(1234) Survivor regions: 51->36(36)
[554.279s][info][gc,heap        ] GC(1234) Old regions: 279->394
[554.279s][info][gc,heap        ] GC(1234) Humongous regions: 3->3
[554.279s][info][gc,metaspace   ] GC(1234) Metaspace: 16647K(16960K)->16647K(16960K) NonClass: 14322K(14464K)->14322K(14464K) Class: 2325K(2496K)->2325K(2496K)
[554.279s][info][gc             ] GC(1234) Pause Young (Prepare Mixed) (G1 Evacuation Pause) 564M->428M(1024M) 82.100ms
[554.279s][info][gc,cpu         ] GC(1234) User=0.41s Sys=0.00s Real=0.09s
[554.457s][info][gc,start       ] GC(1235) Pause Young (Mixed) (G1 Evacuation Pause)
[554.458s][info][gc,task        ] GC(1235) Using 6 workers of 6 for evacuation
[554.536s][info][gc,phases      ] GC(1235)   Pre Evacuate Collection Set: 0.2ms
[554.536s][info][gc,phases      ] GC(1235)   Merge Heap Roots: 0.2ms
[554.536s][info][gc,phases      ] GC(1235)   Evacuate Collection Set: 77.3ms
[554.536s][info][gc,phases      ] GC(1235)   Post Evacuate Collection Set: 0.4ms
[554.536s][info][gc,phases      ] GC(1235)   Other: 0.1ms
[554.536s][info][gc,heap        ] GC(1235) Eden regions: 296->0(258)
[554.536s][info][gc,heap        ] GC(1235) Survivor regions: 36->42(42)
[554.536s][info][gc,heap        ] GC(1235) Old regions: 394->457
[554.536s][info][gc,heap        ] GC(1235) Humongous regions: 3->3
[554.536s][info][gc,metaspace   ] GC(1235) Metaspace: 16647K(16960K)->16647K(16960K) NonClass: 14322K(14464K)->14322K(14464K) Class: 2325K(2496K)->2325K(2496K)
[554.536s][info][gc             ] GC(1235) Pause Young (Mixed) (G1 Evacuation Pause) 724M->499M(1024M) 78.440ms
[554.536s][info][gc,cpu         ] GC(1235) User=0.39s Sys=0.00s Real=0.08s
[554.621s][info][gc,start       ] GC(1236) Pause Young (Concurrent Start) (G1 Humongous Allocation)
[554.621s][info][gc,task        ] GC(1236) Using 6 workers of 6 for evacuation
[554.669s][info][gc,phases      ] GC(1236)   Pre Evacuate Collection Set: 0.4ms
[554.669s][info][gc,phases      ] GC(1236)   Merge Heap Roots: 0.2ms
[554.669s][info][gc,phases      ] GC(1236)   Evacuate Collection Set: 47.7ms
[554.669s][info][gc,phases      ] GC(1236)   Post Evacuate Collection Set: 0.4ms
[554.669s][info][gc,phases      ] GC(1236)   Other: 0.2ms
[554.669s][info][gc,heap        ] GC(1236) Eden regions: 138->0(227)
[554.670s][info][gc,heap        ] GC(1236) Survivor regions: 42->38(38)
[554.670s][info][gc,heap        ] GC(1236) Old regions: 457->521
[554.670s][info][gc,heap        ] GC(1236) Humongous regions: 3->3
[554.670s][info][gc,metaspace   ] GC(1236) Metaspace: 16647K(16960K)->16647K(16960K) NonClass: 14322K(14464K)->14322K(14464K) Class: 2325K(2496K)->2325K(2496K)
[554.670s][info][gc             ] GC(1236) Pause Young (Concurrent Start) (G1 Humongous Allocation) 637M->559M(1024M) 49.036ms
[554.670s][info][gc             ] GC(1237) Concurrent Mark Cycle
[554.670s][info][gc,cpu         ] GC(1236) User=0.28s Sys=0.00s Real=0.05s
[554.670s][info][gc,marking     ] GC(1237) Concurrent Scan Root Regions
[554.698s][info][gc,marking     ] GC(1237) Concurrent Scan Root Regions 28.487ms
[554.698s][info][gc,marking     ] GC(1237) Concurrent Mark
[554.698s][info][gc,marking     ] GC(1237) Concurrent Mark From Roots
[554.698s][info][gc,task        ] GC(1237) Using 2 workers of 2 for marking
[554.927s][info][gc,marking     ] GC(1237) Concurrent Mark From Roots 228.713ms
[554.927s][info][gc,marking     ] GC(1237) Concurrent Preclean
[554.927s][info][gc,marking     ] GC(1237) Concurrent Preclean 0.052ms
[554.927s][info][gc,start       ] GC(1237) Pause Remark
[554.928s][info][gc             ] GC(1237) Pause Remark 631M->506M(1024M) 1.266ms
[554.928s][info][gc,cpu         ] GC(1237) User=0.00s Sys=0.00s Real=0.02s
[554.928s][info][gc,marking     ] GC(1237) Concurrent Mark 230.277ms
[554.928s][info][gc,marking     ] GC(1237) Concurrent Rebuild Remembered Sets and Scrub Regions
[555.025s][info][gc,marking     ] GC(1237) Concurrent Rebuild Remembered Sets and Scrub Regions 96.715ms
[555.025s][info][gc,start       ] GC(1237) Pause Cleanup
[555.026s][info][gc             ] GC(1237) Pause Cleanup 514M->514M(1024M) 0.212ms
[555.026s][info][gc,cpu         ] GC(1237) User=0.00s Sys=0.00s Real=0.00s
[555.026s][info][gc,marking     ] GC(1237) Concurrent Clear Claimed Marks
[555.026s][info][gc,marking     ] GC(1237) Concurrent Clear Claimed Marks 0.028ms
[555.026s][info][gc,marking     ] GC(1237) Concurrent Cleanup for Next Mark
[555.027s][info][gc,marking     ] GC(1237) Concurrent Cleanup for Next Mark 1.476ms
[555.027s][info][gc             ] GC(1237) Concurrent Mark Cycle 357.613ms
[555.323s][info][gc,start       ] GC(1238) Pause Young (Prepare Mixed) (G1 Evacuation Pause)
[555.323s][info][gc,task        ] GC(1238) Using 6 workers of 6 for evacuation
[555.387s][info][gc,phases      ] GC(1238)   Pre Evacuate Collection Set: 0.3ms
[555.388s][info][gc,phases      ] GC(1238)   Merge Heap Roots: 2.4ms
[555.388s][info][gc,phases      ] GC(1238)   Evacuate Collection Set: 60.1ms
[555.388s][info][gc,phases      ] GC(1238)   Post Evacuate Collection Set: 1.2ms
[555.388s][info][gc,phases      ] GC(1238)   Other: 0.1ms
[555.388s][info][gc,heap        ] GC(1238) Eden regions: 227->0(287)
[555.388s][info][gc,heap        ] GC(1238) Survivor regions: 38->34(34)
[555.388s][info][gc,heap        ] GC(1238) Old regions: 397->436
[555.388s][info][gc,heap        ] GC(1238) Humongous regions: 8->8
[555.388s][info][gc,metaspace   ] GC(1238) Metaspace: 16647K(16960K)->16647K(16960K) NonClass: 14322K(14464K)->14322K(14464K) Class: 2325K(2496K)->2325K(2496K)
[555.388s][info][gc             ] GC(1238) Pause Young (Prepare Mixed) (G1 Evacuation Pause) 667M->475M(1024M) 65.731ms
[555.388s][info][gc,cpu         ] GC(1238) User=0.31s Sys=0.00s Real=0.06s
[555.901s][info][gc,start       ] GC(1239) Pause Young (Mixed) (G1 Evacuation Pause)
[555.901s][info][gc,task        ] GC(1239) Using 6 workers of 6 for evacuation
[555.927s][info][gc,phases      ] GC(1239)   Pre Evacuate Collection Set: 0.3ms
[555.927s][info][gc,phases      ] GC(1239)   Merge Heap Roots: 1.2ms
[555.927s][info][gc,phases      ] GC(1239)   Evacuate Collection Set: 23.6ms
[555.927s][info][gc,phases      ] GC(1239)   Post Evacuate Collection Set: 0.5ms
[555.927s][info][gc,phases      ] GC(1239)   Other: 0.1ms
[555.927s][info][gc,heap        ] GC(1239) Eden regions: 287->0(330)
[555.927s][info][gc,heap        ] GC(1239) Survivor regions: 34->3(41)
[555.927s][info][gc,heap        ] GC(1239) Old regions: 436->443
[555.927s][info][gc,heap        ] GC(1239) Humongous regions: 8->8
[555.927s][info][gc,metaspace   ] GC(1239) Metaspace: 16647K(16960K)->16647K(16960K) NonClass: 14322K(14464K)->14322K(14464K) Class: 2325K(2496K)->2325K(2496K)
[555.927s][info][gc             ] GC(1239) Pause Young (Mixed) (G1 Evacuation Pause) 762M->451M(1024M) 26.039ms
[555.927s][info][gc,cpu         ] GC(1239) User=0.09s Sys=0.00s Real=0.03s
[556.728s][info][gc,start       ] GC(1240) Pause Full (System.gc())
[556.728s][info][gc,task        ] GC(1240) Using 6 workers of 6 for full compaction
[556.728s][info][gc,phases,start] GC(1240) Phase 1: Mark live objects
[556.731s][info][gc,phases      ] GC(1240) Phase 1: Mark live objects 2.415ms
[556.731s][info][gc,phases,start] GC(1240) Phase 2: Prepare compaction
[556.732s][info][gc,phases      ] GC(1240) Phase 2: Prepare compaction 0.623ms
[556.732s][info][gc,phases,start] GC(1240) Phase 3: Adjust pointers
[556.734s][info][gc,phases      ] GC(1240) Phase 3: Adjust pointers 2.336ms
[556.734s][info][gc,phases,start] GC(1240) Phase 4: Compact heap
[556.735s][info][gc,phases      ] GC(1240) Phase 4: Compact heap 0.557ms
[556.735s][info][gc,phases,start] GC(1240) Phase 5: Reset Metadata
[556.735s][info][gc,phases      ] GC(1240) Phase 5: Reset Metadata 0.687ms
[556.739s][info][gc,heap        ] GC(1240) Eden regions: 148->0(597)
[556.740s][info][gc,heap        ] GC(1240) Survivor regions: 3->0(41)
[556.740s][info][gc,heap        ] GC(1240) Old regions: 443->9
[556.740s][info][gc,heap        ] GC(1240) Humongous regions: 8->2
[556.740s][info][gc,metaspace   ] GC(1240) Metaspace: 16647K(16960K)->16647K(16960K) NonClass: 14322K(14464K)->14322K(14464K) Class: 2325K(2496K)->2325K(2496K)
[556.740s][info][gc             ] GC(1240) Pause Full (System.gc()) 598M->5M(1024M) 11.567ms
[556.740s][info][gc,cpu         ] GC(1240) User=0.02s Sys=0.00s Real=0.02s
[557.876s][info][gc,start       ] GC(1241) Pause Young (Concurrent Start) (G1 Evacuation Pause)
[557.876s][info][gc,task        ] GC(1241) Using 6 workers of 6 for evacuation
[557.878s][info][gc,phases      ] GC(1241)   Pre Evacuate Collection Set: 0.2ms
[557.878s][info][gc,phases      ] GC(1241)   Merge Heap Roots: 0.1ms
[557.878s][info][gc,phases      ] GC(1241)   Evacuate Collection Set: 0.3ms
[557.878s][info][gc,phases      ] GC(1241)   Post Evacuate Collection Set: 0.4ms
[557.878s][info][gc,phases      ] GC(1241)   Other: 0.1ms
[557.878s][info][gc,heap        ] GC(1241) Eden regions: 597->0(612)
[557.878s][info][gc,heap        ] GC(1241) Survivor regions: 0->2(75)
[557.878s][info][gc,heap        ] GC(1241) Old regions: 9->9
[557.878s][info][gc,heap        ] GC(1241) Humongous regions: 2->2
[557.878s][info][gc,metaspace   ] GC(1241) Metaspace: 16647K(16960K)->16647K(16960K) NonClass: 14322K(14464K)->14322K(14464K) Class: 2325K(2496K)->2325K(2496K)
[557.878s][info][gc             ] GC(1241) Pause Young (Concurrent Start) (G1 Evacuation Pause) 602M->7M(1024M) 1.334ms
[557.878s][info][gc,cpu         ] GC(1241) User=0.00s Sys=0.00s Real=0.00s
[557.878s][info][gc             ] GC(1242) Concurrent Mark Cycle
[557.878s][info][gc,marking     ] GC(1242) Concurrent Scan Root Regions
[557.878s][info][gc,marking     ] GC(1242) Concurrent Scan Root Regions 0.157ms
[557.878s][info][gc,marking     ] GC(1242) Concurrent Mark
[557.878s][info][gc,marking     ] GC(1242) Concurrent Mark From Roots
[557.878s][info][gc,task        ] GC(1242) Using 2 workers of 2 for marking
[557.881s][info][gc,marking     ] GC(1242) Concurrent Mark From Roots 2.873ms
[557.881s][info][gc,marking     ] GC(1242) Concurrent Preclean
[557.881s][info][gc,marking     ] GC(1242) Concurrent Preclean 0.020ms
[557.881s][info][gc,start       ] GC(1242) Pause Remark
[557.882s][info][gc             ] GC(1242) Pause Remark 22M->22M(1024M) 1.103ms
[557.882s][info][gc,cpu         ] GC(1242) User=0.00s Sys=0.00s Real=0.00s
[557.882s][info][gc,marking     ] GC(1242) Concurrent Mark 4.233ms
[557.882s][info][gc,marking     ] GC(1242) Concurrent Rebuild Remembered Sets and Scrub Regions
[557.883s][info][gc,marking     ] GC(1242) Concurrent Rebuild Remembered Sets and Scrub Regions 0.975ms
[557.883s][info][gc,start       ] GC(1242) Pause Cleanup
[557.883s][info][gc             ] GC(1242) Pause Cleanup 26M->26M(1024M) 0.119ms
[557.883s][info][gc,cpu         ] GC(1242) User=0.00s Sys=0.00s Real=0.00s
[557.883s][info][gc,marking     ] GC(1242) Concurrent Clear Claimed Marks
[557.883s][info][gc,marking     ] GC(1242) Concurrent Clear Claimed Marks 0.036ms
[557.883s][info][gc,marking     ] GC(1242) Concurrent Cleanup for Next Mark
[557.886s][info][gc,marking     ] GC(1242) Concurrent Cleanup for Next Mark 2.446ms
[557.886s][info][gc             ] GC(1242) Concurrent Mark Cycle 8.315ms
[557.981s][info][gc,start       ] GC(1243) Pause Young (Prepare Mixed) (G1 Evacuation Pause)
[557.981s][info][gc,task        ] GC(1243) Using 6 workers of 6 for evacuation
[557.982s][info][gc,phases      ] GC(1243)   Pre Evacuate Collection Set: 0.2ms
[557.983s][info][gc,phases      ] GC(1243)   Merge Heap Roots: 0.1ms
[557.983s][info][gc,phases      ] GC(1243)   Evacuate Collection Set: 0.3ms
[557.983s][info][gc,phases      ] GC(1243)   Post Evacuate Collection Set: 0.4ms
[557.983s][info][gc,phases      ] GC(1243)   Other: 0.1ms
[557.983s][info][gc,heap        ] GC(1243) Eden regions: 612->0(613)
[557.983s][info][gc,heap        ] GC(1243) Survivor regions: 2->1(77)
[557.983s][info][gc,heap        ] GC(1243) Old regions: 9->9
[557.983s][info][gc,heap        ] GC(1243) Humongous regions: 2->2
[557.983s][info][gc,metaspace   ] GC(1243) Metaspace: 16647K(16960K)->16647K(16960K) NonClass: 14322K(14464K)->14322K(14464K) Class: 2325K(2496K)->2325K(2496K)
[557.983s][info][gc             ] GC(1243) Pause Young (Prepare Mixed) (G1 Evacuation Pause) 619M->6M(1024M) 1.290ms
[557.983s][info][gc,cpu         ] GC(1243) User=0.00s Sys=0.00s Real=0.00s
[558.081s][info][gc,start       ] GC(1244) Pause Young (Mixed) (G1 Evacuation Pause)
[558.081s][info][gc,task        ] GC(1244) Using 6 workers of 6 for evacuation
[558.082s][info][gc,phases      ] GC(1244)   Pre Evacuate Collection Set: 0.2ms
[558.082s][info][gc,phases      ] GC(1244)   Merge Heap Roots: 0.1ms
[558.082s][info][gc,phases      ] GC(1244)   Evacuate Collection Set: 0.3ms
[558.082s][info][gc,phases      ] GC(1244)   Post Evacuate Collection Set: 0.4ms
[558.082s][info][gc,phases      ] GC(1244)   Other: 0.1ms
[558.082s][info][gc,heap        ] GC(1244) Eden regions: 613->0(613)
[558.082s][info][gc,heap        ] GC(1244) Survivor regions: 1->1(77)
[558.082s][info][gc,heap        ] GC(1244) Old regions: 9->9
[558.082s][info][gc,heap        ] GC(1244) Humongous regions: 2->2
[558.082s][info][gc,metaspace   ] GC(1244) Metaspace: 16647K(16960K)->16647K(16960K) NonClass: 14322K(14464K)->14322K(14464K) Class: 2325K(2496K)->2325K(2496K)
[558.082s][info][gc             ] GC(1244) Pause Young (Mixed) (G1 Evacuation Pause) 619M->6M(1024M) 1.200ms
[558.082s][info][gc,cpu         ] GC(1244) User=0.00s Sys=0.00s Real=0.00s
[558.179s][info][gc,start       ] GC(1245) Pause Young (Concurrent Start) (G1 Evacuation Pause)
[558.179s][info][gc,task        ] GC(1245) Using 6 workers of 6 for evacuation
[558.181s][info][gc,phases      ] GC(1245)   Pre Evacuate Collection Set: 0.2ms
[558.181s][info][gc,phases      ] GC(1245)   Merge Heap Roots: 0.1ms
[558.181s][info][gc,phases      ] GC(1245)   Evacuate Collection Set: 0.4ms
[558.181s][info][gc,phases      ] GC(1245)   Post Evacuate Collection Set: 0.4ms
[558.181s][info][gc,phases      ] GC(1245)   Other: 0.1ms
[558.181s][info][gc,heap        ] GC(1245) Eden regions: 613->0(613)
[558.181s][info][gc,heap        ] GC(1245) Survivor regions: 1->1(77)
[558.181s][info][gc,heap        ] GC(1245) Old regions: 9->9
[558.181s][info][gc,heap        ] GC(1245) Humongous regions: 2->2
[558.181s][info][gc,metaspace   ] GC(1245) Metaspace: 16647K(16960K)->16647K(16960K) NonClass: 14322K(14464K)->14322K(14464K) Class: 2325K(2496K)->2325K(2496K)
[558.181s][info][gc             ] GC(1245) Pause Young (Concurrent Start) (G1 Evacuation Pause) 619M->6M(1024M) 1.329ms
[558.181s][info][gc             ] GC(1246) Concurrent Mark Cycle
[558.181s][info][gc,cpu         ] GC(1245) User=0.00s Sys=0.00s Real=0.00s
[558.181s][info][gc,marking     ] GC(1246) Concurrent Scan Root Regions
[558.181s][info][gc,marking     ] GC(1246) Concurrent Scan Root Regions 0.276ms
[558.181s][info][gc,marking     ] GC(1246) Concurrent Mark
[558.181s][info][gc,marking     ] GC(1246) Concurrent Mark From Roots
[558.181s][info][gc,task        ] GC(1246) Using 2 workers of 2 for marking
[558.184s][info][gc,marking     ] GC(1246) Concurrent Mark From Roots 3.133ms
[558.184s][info][gc,marking     ] GC(1246) Concurrent Preclean
[558.184s][info][gc,marking     ] GC(1246) Concurrent Preclean 0.020ms
[558.184s][info][gc,start       ] GC(1246) Pause Remark
[558.185s][info][gc             ] GC(1246) Pause Remark 24M->24M(1024M) 1.083ms
[558.185s][info][gc,cpu         ] GC(1246) User=0.00s Sys=0.00s Real=0.00s
[558.185s][info][gc,marking     ] GC(1246) Concurrent Mark 4.478ms
[558.186s][info][gc,marking     ] GC(1246) Concurrent Rebuild Remembered Sets and Scrub Regions
[558.187s][info][gc,marking     ] GC(1246) Concurrent Rebuild Remembered Sets and Scrub Regions 1.000ms
[558.187s][info][gc,start       ] GC(1246) Pause Cleanup
[558.187s][info][gc             ] GC(1246) Pause Cleanup 29M->29M(1024M) 0.120ms
[558.187s][info][gc,cpu         ] GC(1246) User=0.00s Sys=0.00s Real=0.00s
[558.187s][info][gc,marking     ] GC(1246) Concurrent Clear Claimed Marks
[558.187s][info][gc,marking     ] GC(1246) Concurrent Clear Claimed Marks 0.021ms
[558.187s][info][gc,marking     ] GC(1246) Concurrent Cleanup for Next Mark
[558.189s][info][gc,marking     ] GC(1246) Concurrent Cleanup for Next Mark 2.460ms
[558.189s][info][gc             ] GC(1246) Concurrent Mark Cycle 8.765ms
[558.356s][info][gc,start       ] GC(1247) Pause Young (Prepare Mixed) (G1 Evacuation Pause)
[558.357s][info][gc,task        ] GC(1247) Using 6 workers of 6 for evacuation
[558.408s][info][gc,phases      ] GC(1247)   Pre Evacuate Collection Set: 0.2ms
[558.408s][info][gc,phases      ] GC(1247)   Merge Heap Roots: 0.1ms
[558.408s][info][gc,phases      ] GC(1247)   Evacuate Collection Set: 50.1ms
[558.408s][info][gc,phases      ] GC(1247)   Post Evacuate Collection Set: 0.8ms
[558.408s][info][gc,phases      ] GC(1247)   Other: 0.1ms
[558.408s][info][gc,heap        ] GC(1247) Eden regions: 613->0(537)
[558.408s][info][gc,heap        ] GC(1247) Survivor regions: 1->77(77)
[558.408s][info][gc,heap        ] GC(1247) Old regions: 9->44
[558.408s][info][gc,heap        ] GC(1247) Humongous regions: 3->3
[558.408s][info][gc,metaspace   ] GC(1247) Metaspace: 16647K(16960K)->16647K(16960K) NonClass: 14322K(14464K)->14322K(14464K) Class: 2325K(2496K)->2325K(2496K)
[558.408s][info][gc             ] GC(1247) Pause Young (Prepare Mixed) (G1 Evacuation Pause) 620M->119M(1024M) 51.358ms
[558.408s][info][gc,cpu         ] GC(1247) User=0.30s Sys=0.00s Real=0.06s
[558.926s][info][gc,start       ] GC(1248) Pause Young (Mixed) (G1 Evacuation Pause)
[558.927s][info][gc,task        ] GC(1248) Using 6 workers of 6 for evacuation
[559.085s][info][gc,phases      ] GC(1248)   Pre Evacuate Collection Set: 0.2ms
[559.085s][info][gc,phases      ] GC(1248)   Merge Heap Roots: 0.2ms
[559.085s][info][gc,phases      ] GC(1248)   Evacuate Collection Set: 154.8ms
[559.085s][info][gc,phases      ] GC(1248)   Post Evacuate Collection Set: 3.4ms
[559.085s][info][gc,phases      ] GC(1248)   Other: 0.1ms
[559.085s][info][gc,heap        ] GC(1248) Eden regions: 537->0(148)
[559.085s][info][gc,heap        ] GC(1248) Survivor regions: 77->77(77)
[559.085s][info][gc,heap        ] GC(1248) Old regions: 44->656
[559.085s][info][gc,heap        ] GC(1248) Humongous regions: 4->4
[559.085s][info][gc,metaspace   ] GC(1248) Metaspace: 16647K(16960K)->16647K(16960K) NonClass: 14322K(14464K)->14322K(14464K) Class: 2325K(2496K)->2325K(2496K)
[559.085s][info][gc             ] GC(1248) Pause Young (Mixed) (G1 Evacuation Pause) (Evacuation Failure) 657M->732M(1024M) 158.955ms
[559.085s][info][gc,cpu         ] GC(1248) User=0.86s Sys=0.00s Real=0.16s
[561.658s][info][gc,start       ] GC(1249) Pause Young (Concurrent Start) (G1 Evacuation Pause)
[561.659s][info][gc,task        ] GC(1249) Using 6 workers of 6 for evacuation
[561.733s][info][gc,phases      ] GC(1249)   Pre Evacuate Collection Set: 0.3ms
[561.734s][info][gc,phases      ] GC(1249)   Merge Heap Roots: 0.9ms
[561.734s][info][gc,phases      ] GC(1249)   Evacuate Collection Set: 72.6ms
[561.734s][info][gc,phases      ] GC(1249)   Post Evacuate Collection Set: 0.8ms
[561.734s][info][gc,phases      ] GC(1249)   Other: 0.2ms
[561.734s][info][gc,heap        ] GC(1249) Eden regions: 148->0(118)
[561.734s][info][gc,heap        ] GC(1249) Survivor regions: 77->29(29)
[561.734s][info][gc,heap        ] GC(1249) Old regions: 656->758
[561.734s][info][gc,heap        ] GC(1249) Humongous regions: 4->4
[561.734s][info][gc,metaspace   ] GC(1249) Metaspace: 16647K(16960K)->16647K(16960K) NonClass: 14322K(14464K)->14322K(14464K) Class: 2325K(2496K)->2325K(2496K)
[561.734s][info][gc             ] GC(1249) Pause Young (Concurrent Start) (G1 Evacuation Pause) 880M->786M(1024M) 75.157ms
[561.734s][info][gc             ] GC(1250) Concurrent Mark Cycle
[561.734s][info][gc,cpu         ] GC(1249) User=0.47s Sys=0.00s Real=0.08s
[561.734s][info][gc,marking     ] GC(1250) Concurrent Scan Root Regions
[561.759s][info][gc,marking     ] GC(1250) Concurrent Scan Root Regions 25.102ms
[561.759s][info][gc,marking     ] GC(1250) Concurrent Mark
[561.759s][info][gc,marking     ] GC(1250) Concurrent Mark From Roots
[561.759s][info][gc,task        ] GC(1250) Using 2 workers of 2 for marking
[561.769s][info][gc,marking     ] GC(1250) Concurrent Mark From Roots 10.329ms
[561.769s][info][gc,marking     ] GC(1250) Concurrent Preclean
[561.769s][info][gc,marking     ] GC(1250) Concurrent Preclean 0.067ms
[561.769s][info][gc,start       ] GC(1250) Pause Remark
[561.771s][info][gc             ] GC(1250) Pause Remark 844M->392M(1024M) 1.281ms
[561.771s][info][gc,cpu         ] GC(1250) User=0.00s Sys=0.00s Real=0.00s
[561.771s][info][gc,marking     ] GC(1250) Concurrent Mark 11.931ms
[561.771s][info][gc,marking     ] GC(1250) Concurrent Rebuild Remembered Sets and Scrub Regions
[561.803s][info][gc,marking     ] GC(1250) Concurrent Rebuild Remembered Sets and Scrub Regions 32.451ms
[561.803s][info][gc,start       ] GC(1250) Pause Cleanup
[561.804s][info][gc             ] GC(1250) Pause Cleanup 450M->450M(1024M) 0.275ms
[561.804s][info][gc,cpu         ] GC(1250) User=0.00s Sys=0.00s Real=0.00s
[561.804s][info][gc,marking     ] GC(1250) Concurrent Clear Claimed Marks
[561.804s][info][gc,marking     ] GC(1250) Concurrent Clear Claimed Marks 0.029ms
[561.804s][info][gc,marking     ] GC(1250) Concurrent Cleanup for Next Mark
[561.805s][info][gc,start       ] GC(1251) Pause Young (Prepare Mixed) (G1 Evacuation Pause)
[561.805s][info][gc,task        ] GC(1251) Using 6 workers of 6 for evacuation
[561.848s][info][gc,phases      ] GC(1251)   Pre Evacuate Collection Set: 0.2ms
[561.848s][info][gc,phases      ] GC(1251)   Merge Heap Roots: 0.7ms
[561.848s][info][gc,phases      ] GC(1251)   Evacuate Collection Set: 41.0ms
[561.848s][info][gc,phases      ] GC(1251)   Post Evacuate Collection Set: 0.4ms
[561.848s][info][gc,phases      ] GC(1251)   Other: 0.1ms
[561.848s][info][gc,heap        ] GC(1251) Eden regions: 118->0(332)
[561.848s][info][gc,heap        ] GC(1251) Survivor regions: 29->19(19)
[561.848s][info][gc,heap        ] GC(1251) Old regions: 307->369
[561.848s][info][gc,heap        ] GC(1251) Humongous regions: 3->3
[561.848s][info][gc,metaspace   ] GC(1251) Metaspace: 16647K(16960K)->16647K(16960K) NonClass: 14322K(14464K)->14322K(14464K) Class: 2325K(2496K)->2325K(2496K)
[561.848s][info][gc             ] GC(1251) Pause Young (Prepare Mixed) (G1 Evacuation Pause) 452M->386M(1024M) 42.465ms
[561.848s][info][gc,cpu         ] GC(1251) User=0.11s Sys=0.00s Real=0.05s
[561.848s][info][gc,marking     ] GC(1250) Concurrent Cleanup for Next Mark 44.093ms
[561.848s][info][gc             ] GC(1250) Concurrent Mark Cycle 114.174ms
[562.042s][info][gc,start       ] GC(1252) Pause Young (Mixed) (G1 Evacuation Pause)
[562.042s][info][gc,task        ] GC(1252) Using 6 workers of 6 for evacuation
[562.121s][info][gc,phases      ] GC(1252)   Pre Evacuate Collection Set: 0.3ms
[562.121s][info][gc,phases      ] GC(1252)   Merge Heap Roots: 0.2ms
[562.121s][info][gc,phases      ] GC(1252)   Evacuate Collection Set: 77.7ms
[562.121s][info][gc,phases      ] GC(1252)   Post Evacuate Collection Set: 0.6ms
[562.121s][info][gc,phases      ] GC(1252)   Other: 0.1ms
[562.121s][info][gc,heap        ] GC(1252) Eden regions: 332->0(303)
[562.121s][info][gc,heap        ] GC(1252) Survivor regions: 19->44(44)
[562.121s][info][gc,heap        ] GC(1252) Old regions: 369->381
[562.121s][info][gc,heap        ] GC(1252) Humongous regions: 3->3
[562.121s][info][gc,metaspace   ] GC(1252) Metaspace: 16647K(16960K)->16647K(16960K) NonClass: 14322K(14464K)->14322K(14464K) Class: 2325K(2496K)->2325K(2496K)
[562.121s][info][gc             ] GC(1252) Pause Young (Mixed) (G1 Evacuation Pause) 718M->425M(1024M) 79.191ms
[562.121s][info][gc,cpu         ] GC(1252) User=0.41s Sys=0.00s Real=0.08s
[562.304s][info][gc,start       ] GC(1253) Pause Young (Mixed) (G1 Evacuation Pause)
[562.304s][info][gc,task        ] GC(1253) Using 6 workers of 6 for evacuation
[562.389s][info][gc,phases      ] GC(1253)   Pre Evacuate Collection Set: 0.3ms
[562.389s][info][gc,phases      ] GC(1253)   Merge Heap Roots: 0.2ms
[562.389s][info][gc,phases      ] GC(1253)   Evacuate Collection Set: 83.0ms
[562.389s][info][gc,phases      ] GC(1253)   Post Evacuate Collection Set: 0.6ms
[562.389s][info][gc,phases      ] GC(1253)   Other: 0.1ms
[562.389s][info][gc,heap        ] GC(1253) Eden regions: 303->0(254)
[562.389s][info][gc,heap        ] GC(1253) Survivor regions: 44->44(44)
[562.389s][info][gc,heap        ] GC(1253) Old regions: 381->467
[562.389s][info][gc,heap        ] GC(1253) Humongous regions: 3->3
[562.389s][info][gc,metaspace   ] GC(1253) Metaspace: 16647K(16960K)->16647K(16960K) NonClass: 14322K(14464K)->14322K(14464K) Class: 2325K(2496K)->2325K(2496K)
[562.389s][info][gc             ] GC(1253) Pause Young (Mixed) (G1 Evacuation Pause) 728M->512M(1024M) 84.516ms
[562.389s][info][gc,cpu         ] GC(1253) User=0.47s Sys=0.00s Real=0.08s
[562.456s][info][gc,start       ] GC(1254) Pause Young (Concurrent Start) (G1 Humongous Allocation)
[562.456s][info][gc,task        ] GC(1254) Using 6 workers of 6 for evacuation
[562.500s][info][gc,phases      ] GC(1254)   Pre Evacuate Collection Set: 0.5ms
[562.500s][info][gc,phases      ] GC(1254)   Merge Heap Roots: 0.2ms
[562.500s][info][gc,phases      ] GC(1254)   Evacuate Collection Set: 42.4ms
[562.500s][info][gc,phases      ] GC(1254)   Post Evacuate Collection Set: 0.5ms
[562.500s][info][gc,phases      ] GC(1254)   Other: 0.2ms
[562.500s][info][gc,heap        ] GC(1254) Eden regions: 110->0(228)
[562.500s][info][gc,heap        ] GC(1254) Survivor regions: 44->38(38)
[562.500s][info][gc,heap        ] GC(1254) Old regions: 467->522
[562.500s][info][gc,heap        ] GC(1254) Humongous regions: 3->3
[562.500s][info][gc,metaspace   ] GC(1254) Metaspace: 16647K(16960K)->16647K(16960K) NonClass: 14322K(14464K)->14322K(14464K) Class: 2325K(2496K)->2325K(2496K)
[562.500s][info][gc             ] GC(1254) Pause Young (Concurrent Start) (G1 Humongous Allocation) 622M->561M(1024M) 43.865ms
[562.500s][info][gc,cpu         ] GC(1254) User=0.20s Sys=0.00s Real=0.05s
[562.500s][info][gc             ] GC(1255) Concurrent Mark Cycle
[562.500s][info][gc,marking     ] GC(1255) Concurrent Scan Root Regions
[562.527s][info][gc,marking     ] GC(1255) Concurrent Scan Root Regions 26.858ms
[562.527s][info][gc,marking     ] GC(1255) Concurrent Mark
[562.527s][info][gc,marking     ] GC(1255) Concurrent Mark From Roots
[562.527s][info][gc,task        ] GC(1255) Using 2 workers of 2 for marking
[562.762s][info][gc,marking     ] GC(1255) Concurrent Mark From Roots 235.020ms
[562.762s][info][gc,marking     ] GC(1255) Concurrent Preclean
[562.762s][info][gc,marking     ] GC(1255) Concurrent Preclean 0.067ms
[562.762s][info][gc,start       ] GC(1255) Pause Remark
[562.764s][info][gc             ] GC(1255) Pause Remark 633M->512M(1024M) 1.285ms
[562.764s][info][gc,cpu         ] GC(1255) User=0.00s Sys=0.00s Real=0.00s
[562.764s][info][gc,marking     ] GC(1255) Concurrent Mark 236.694ms
[562.764s][info][gc,marking     ] GC(1255) Concurrent Rebuild Remembered Sets and Scrub Regions
[562.947s][info][gc,marking     ] GC(1255) Concurrent Rebuild Remembered Sets and Scrub Regions 182.790ms
[562.947s][info][gc,start       ] GC(1255) Pause Cleanup
[562.947s][info][gc             ] GC(1255) Pause Cleanup 567M->567M(1024M) 0.226ms
[562.947s][info][gc,cpu         ] GC(1255) User=0.00s Sys=0.00s Real=0.00s
[562.947s][info][gc,marking     ] GC(1255) Concurrent Clear Claimed Marks
[562.947s][info][gc,marking     ] GC(1255) Concurrent Clear Claimed Marks 0.026ms
[562.947s][info][gc,marking     ] GC(1255) Concurrent Cleanup for Next Mark
[562.949s][info][gc,marking     ] GC(1255) Concurrent Cleanup for Next Mark 1.784ms
[562.949s][info][gc             ] GC(1255) Concurrent Mark Cycle 448.754ms
[563.145s][info][gc,start       ] GC(1256) Pause Young (Prepare Mixed) (G1 Evacuation Pause)
[563.145s][info][gc,task        ] GC(1256) Using 6 workers of 6 for evacuation
[563.206s][info][gc,phases      ] GC(1256)   Pre Evacuate Collection Set: 0.3ms
[563.206s][info][gc,phases      ] GC(1256)   Merge Heap Roots: 2.1ms
[563.206s][info][gc,phases      ] GC(1256)   Evacuate Collection Set: 57.7ms
[563.206s][info][gc,phases      ] GC(1256)   Post Evacuate Collection Set: 1.0ms
[563.206s][info][gc,phases      ] GC(1256)   Other: 0.1ms
[563.206s][info][gc,heap        ] GC(1256) Eden regions: 228->0(285)
[563.206s][info][gc,heap        ] GC(1256) Survivor regions: 38->34(34)
[563.206s][info][gc,heap        ] GC(1256) Old regions: 402->440
[563.206s][info][gc,heap        ] GC(1256) Humongous regions: 8->8
[563.206s][info][gc,metaspace   ] GC(1256) Metaspace: 16647K(16960K)->16647K(16960K) NonClass: 14322K(14464K)->14322K(14464K) Class: 2325K(2496K)->2325K(2496K)
[563.206s][info][gc             ] GC(1256) Pause Young (Prepare Mixed) (G1 Evacuation Pause) 674M->480M(1024M) 61.485ms
[563.206s][info][gc,cpu         ] GC(1256) User=0.28s Sys=0.00s Real=0.05s
[563.711s][info][gc,start       ] GC(1257) Pause Young (Mixed) (G1 Evacuation Pause)
[563.711s][info][gc,task        ] GC(1257) Using 6 workers of 6 for evacuation
[563.736s][info][gc,phases      ] GC(1257)   Pre Evacuate Collection Set: 0.2ms
[563.736s][info][gc,phases      ] GC(1257)   Merge Heap Roots: 1.0ms
[563.736s][info][gc,phases      ] GC(1257)   Evacuate Collection Set: 22.9ms
[563.736s][info][gc,phases      ] GC(1257)   Post Evacuate Collection Set: 0.5ms
[563.736s][info][gc,phases      ] GC(1257)   Other: 0.1ms
[563.736s][info][gc,heap        ] GC(1257) Eden regions: 285->0(329)
[563.736s][info][gc,heap        ] GC(1257) Survivor regions: 34->3(40)
[563.736s][info][gc,heap        ] GC(1257) Old regions: 440->445
[563.736s][info][gc,heap        ] GC(1257) Humongous regions: 8->8
[563.736s][info][gc,metaspace   ] GC(1257) Metaspace: 16647K(16960K)->16647K(16960K) NonClass: 14322K(14464K)->14322K(14464K) Class: 2325K(2496K)->2325K(2496K)
[563.736s][info][gc             ] GC(1257) Pause Young (Mixed) (G1 Evacuation Pause) 765M->454M(1024M) 24.957ms
[563.736s][info][gc,cpu         ] GC(1257) User=0.08s Sys=0.00s Real=0.02s
[564.546s][info][gc,start       ] GC(1258) Pause Full (System.gc())
[564.546s][info][gc,task        ] GC(1258) Using 6 workers of 6 for full compaction
[564.546s][info][gc,phases,start] GC(1258) Phase 1: Mark live objects
[564.549s][info][gc,phases      ] GC(1258) Phase 1: Mark live objects 2.423ms
[564.549s][info][gc,phases,start] GC(1258) Phase 2: Prepare compaction
[564.549s][info][gc,phases      ] GC(1258) Phase 2: Prepare compaction 0.648ms
[564.549s][info][gc,phases,start] GC(1258) Phase 3: Adjust pointers
[564.552s][info][gc,phases      ] GC(1258) Phase 3: Adjust pointers 2.249ms
[564.552s][info][gc,phases,start] GC(1258) Phase 4: Compact heap
[564.552s][info][gc,phases      ] GC(1258) Phase 4: Compact heap 0.691ms
[564.552s][info][gc,phases,start] GC(1258) Phase 5: Reset Metadata
[564.553s][info][gc,phases      ] GC(1258) Phase 5: Reset Metadata 0.717ms
[564.556s][info][gc,heap        ] GC(1258) Eden regions: 148->0(596)
[564.557s][info][gc,heap        ] GC(1258) Survivor regions: 3->0(40)
[564.557s][info][gc,heap        ] GC(1258) Old regions: 445->10
[564.557s][info][gc,heap        ] GC(1258) Humongous regions: 8->2
[564.557s][info][gc,metaspace   ] GC(1258) Metaspace: 16647K(16960K)->16647K(16960K) NonClass: 14322K(14464K)->14322K(14464K) Class: 2325K(2496K)->2325K(2496K)
[564.557s][info][gc             ] GC(1258) Pause Full (System.gc()) 602M->5M(1024M) 10.635ms
[564.557s][info][gc,cpu         ] GC(1258) User=0.00s Sys=0.00s Real=0.00s
[566.077s][info][gc,start       ] GC(1259) Pause Young (Normal) (G1 Evacuation Pause)
[566.077s][info][gc,task        ] GC(1259) Using 6 workers of 6 for evacuation
[566.078s][info][gc,phases      ] GC(1259)   Pre Evacuate Collection Set: 0.2ms
[566.078s][info][gc,phases      ] GC(1259)   Merge Heap Roots: 0.1ms
[566.078s][info][gc,phases      ] GC(1259)   Evacuate Collection Set: 0.4ms
[566.078s][info][gc,phases      ] GC(1259)   Post Evacuate Collection Set: 0.4ms
[566.078s][info][gc,phases      ] GC(1259)   Other: 0.1ms
[566.078s][info][gc,heap        ] GC(1259) Eden regions: 596->0(612)
[566.078s][info][gc,heap        ] GC(1259) Survivor regions: 0->2(75)
[566.078s][info][gc,heap        ] GC(1259) Old regions: 10->10
[566.078s][info][gc,heap        ] GC(1259) Humongous regions: 2->2
[566.078s][info][gc,metaspace   ] GC(1259) Metaspace: 16647K(16960K)->16647K(16960K) NonClass: 14322K(14464K)->14322K(14464K) Class: 2325K(2496K)->2325K(2496K)
[566.078s][info][gc             ] GC(1259) Pause Young (Normal) (G1 Evacuation Pause) 601M->7M(1024M) 1.373ms
[566.078s][info][gc,cpu         ] GC(1259) User=0.02s Sys=0.00s Real=0.02s
[566.172s][info][gc,start       ] GC(1260) Pause Young (Normal) (G1 Evacuation Pause)
[566.172s][info][gc,task        ] GC(1260) Using 6 workers of 6 for evacuation
[566.173s][info][gc,phases      ] GC(1260)   Pre Evacuate Collection Set: 0.2ms
[566.173s][info][gc,phases      ] GC(1260)   Merge Heap Roots: 0.1ms
[566.173s][info][gc,phases      ] GC(1260)   Evacuate Collection Set: 0.3ms
[566.173s][info][gc,phases      ] GC(1260)   Post Evacuate Collection Set: 0.4ms
[566.173s][info][gc,phases      ] GC(1260)   Other: 0.1ms
[566.173s][info][gc,heap        ] GC(1260) Eden regions: 612->0(613)
[566.173s][info][gc,heap        ] GC(1260) Survivor regions: 2->1(77)
[566.173s][info][gc,heap        ] GC(1260) Old regions: 10->10
[566.173s][info][gc,heap        ] GC(1260) Humongous regions: 2->2
[566.173s][info][gc,metaspace   ] GC(1260) Metaspace: 16647K(16960K)->16647K(16960K) NonClass: 14322K(14464K)->14322K(14464K) Class: 2325K(2496K)->2325K(2496K)
[566.173s][info][gc             ] GC(1260) Pause Young (Normal) (G1 Evacuation Pause) 619M->6M(1024M) 1.256ms
[566.173s][info][gc,cpu         ] GC(1260) User=0.00s Sys=0.00s Real=0.00s
[566.270s][info][gc,start       ] GC(1261) Pause Young (Concurrent Start) (G1 Evacuation Pause)
[566.270s][info][gc,task        ] GC(1261) Using 6 workers of 6 for evacuation
[566.272s][info][gc,phases      ] GC(1261)   Pre Evacuate Collection Set: 0.2ms
[566.272s][info][gc,phases      ] GC(1261)   Merge Heap Roots: 0.1ms
[566.272s][info][gc,phases      ] GC(1261)   Evacuate Collection Set: 0.3ms
[566.272s][info][gc,phases      ] GC(1261)   Post Evacuate Collection Set: 0.4ms
[566.272s][info][gc,phases      ] GC(1261)   Other: 0.1ms
[566.272s][info][gc,heap        ] GC(1261) Eden regions: 613->0(613)
[566.272s][info][gc,heap        ] GC(1261) Survivor regions: 1->1(77)
[566.272s][info][gc,heap        ] GC(1261) Old regions: 10->10
[566.272s][info][gc,heap        ] GC(1261) Humongous regions: 2->2
[566.272s][info][gc,metaspace   ] GC(1261) Metaspace: 16647K(16960K)->16647K(16960K) NonClass: 14322K(14464K)->14322K(14464K) Class: 2325K(2496K)->2325K(2496K)
[566.272s][info][gc             ] GC(1261) Pause Young (Concurrent Start) (G1 Evacuation Pause) 619M->6M(1024M) 1.320ms
[566.272s][info][gc             ] GC(1262) Concurrent Mark Cycle
[566.272s][info][gc,cpu         ] GC(1261) User=0.00s Sys=0.00s Real=0.00s
[566.272s][info][gc,marking     ] GC(1262) Concurrent Scan Root Regions
[566.272s][info][gc,marking     ] GC(1262) Concurrent Scan Root Regions 0.336ms
[566.272s][info][gc,marking     ] GC(1262) Concurrent Mark
[566.272s][info][gc,marking     ] GC(1262) Concurrent Mark From Roots
[566.272s][info][gc,task        ] GC(1262) Using 2 workers of 2 for marking
[566.275s][info][gc,marking     ] GC(1262) Concurrent Mark From Roots 3.108ms
[566.275s][info][gc,marking     ] GC(1262) Concurrent Preclean
[566.275s][info][gc,marking     ] GC(1262) Concurrent Preclean 0.021ms
[566.276s][info][gc,start       ] GC(1262) Pause Remark
[566.277s][info][gc             ] GC(1262) Pause Remark 24M->24M(1024M) 1.136ms
[566.277s][info][gc,cpu         ] GC(1262) User=0.00s Sys=0.00s Real=0.00s
[566.277s][info][gc,marking     ] GC(1262) Concurrent Mark 4.584ms
[566.277s][info][gc,marking     ] GC(1262) Concurrent Rebuild Remembered Sets and Scrub Regions
[566.278s][info][gc,marking     ] GC(1262) Concurrent Rebuild Remembered Sets and Scrub Regions 0.999ms
[566.278s][info][gc,start       ] GC(1262) Pause Cleanup
[566.278s][info][gc             ] GC(1262) Pause Cleanup 29M->29M(1024M) 0.109ms
[566.278s][info][gc,cpu         ] GC(1262) User=0.00s Sys=0.00s Real=0.00s
[566.278s][info][gc,marking     ] GC(1262) Concurrent Clear Claimed Marks
[566.278s][info][gc,marking     ] GC(1262) Concurrent Clear Claimed Marks 0.021ms
[566.278s][info][gc,marking     ] GC(1262) Concurrent Cleanup for Next Mark
[566.281s][info][gc,marking     ] GC(1262) Concurrent Cleanup for Next Mark 2.384ms
[566.281s][info][gc             ] GC(1262) Concurrent Mark Cycle 8.810ms
[566.373s][info][gc,start       ] GC(1263) Pause Young (Prepare Mixed) (G1 Evacuation Pause)
[566.373s][info][gc,task        ] GC(1263) Using 6 workers of 6 for evacuation
[566.374s][info][gc,phases      ] GC(1263)   Pre Evacuate Collection Set: 0.2ms
[566.374s][info][gc,phases      ] GC(1263)   Merge Heap Roots: 0.1ms
[566.374s][info][gc,phases      ] GC(1263)   Evacuate Collection Set: 0.3ms
[566.374s][info][gc,phases      ] GC(1263)   Post Evacuate Collection Set: 0.4ms
[566.374s][info][gc,phases      ] GC(1263)   Other: 0.1ms
[566.374s][info][gc,heap        ] GC(1263) Eden regions: 613->0(613)
[566.374s][info][gc,heap        ] GC(1263) Survivor regions: 1->1(77)
[566.374s][info][gc,heap        ] GC(1263) Old regions: 10->10
[566.374s][info][gc,heap        ] GC(1263) Humongous regions: 2->2
[566.374s][info][gc,metaspace   ] GC(1263) Metaspace: 16647K(16960K)->16647K(16960K) NonClass: 14322K(14464K)->14322K(14464K) Class: 2325K(2496K)->2325K(2496K)
[566.374s][info][gc             ] GC(1263) Pause Young (Prepare Mixed) (G1 Evacuation Pause) 619M->6M(1024M) 1.283ms
[566.374s][info][gc,cpu         ] GC(1263) User=0.00s Sys=0.00s Real=0.00s
[566.548s][info][gc,start       ] GC(1264) Pause Young (Mixed) (G1 Evacuation Pause)
[566.548s][info][gc,task        ] GC(1264) Using 6 workers of 6 for evacuation
[566.599s][info][gc,phases      ] GC(1264)   Pre Evacuate Collection Set: 0.1ms
[566.599s][info][gc,phases      ] GC(1264)   Merge Heap Roots: 0.1ms
[566.599s][info][gc,phases      ] GC(1264)   Evacuate Collection Set: 50.1ms
[566.599s][info][gc,phases      ] GC(1264)   Post Evacuate Collection Set: 0.6ms
[566.599s][info][gc,phases      ] GC(1264)   Other: 0.1ms
[566.599s][info][gc,heap        ] GC(1264) Eden regions: 613->0(537)
[566.599s][info][gc,heap        ] GC(1264) Survivor regions: 1->77(77)
[566.599s][info][gc,heap        ] GC(1264) Old regions: 10->44
[566.599s][info][gc,heap        ] GC(1264) Humongous regions: 3->3
[566.599s][info][gc,metaspace   ] GC(1264) Metaspace: 16647K(16960K)->16647K(16960K) NonClass: 14322K(14464K)->14322K(14464K) Class: 2325K(2496K)->2325K(2496K)
[566.599s][info][gc             ] GC(1264) Pause Young (Mixed) (G1 Evacuation Pause) 620M->118M(1024M) 51.235ms
[566.599s][info][gc,cpu         ] GC(1264) User=0.28s Sys=0.00s Real=0.05s
[566.983s][info][gc,start       ] GC(1265) Pause Young (Concurrent Start) (G1 Humongous Allocation)
[566.983s][info][gc,task        ] GC(1265) Using 6 workers of 6 for evacuation
[567.155s][info][gc,phases      ] GC(1265)   Pre Evacuate Collection Set: 0.2ms
[567.155s][info][gc,phases      ] GC(1265)   Merge Heap Roots: 0.2ms
[567.155s][info][gc,phases      ] GC(1265)   Evacuate Collection Set: 170.9ms
[567.155s][info][gc,phases      ] GC(1265)   Post Evacuate Collection Set: 1.2ms
[567.155s][info][gc,phases      ] GC(1265)   Other: 0.1ms
[567.155s][info][gc,heap        ] GC(1265) Eden regions: 471->0(288)
[567.155s][info][gc,heap        ] GC(1265) Survivor regions: 77->77(77)
[567.155s][info][gc,heap        ] GC(1265) Old regions: 44->358
[567.155s][info][gc,heap        ] GC(1265) Humongous regions: 3->3
[567.155s][info][gc,metaspace   ] GC(1265) Metaspace: 16647K(16960K)->16647K(16960K) NonClass: 14322K(14464K)->14322K(14464K) Class: 2325K(2496K)->2325K(2496K)
[567.155s][info][gc             ] GC(1265) Pause Young (Concurrent Start) (G1 Humongous Allocation) 589M->432M(1024M) 172.843ms
[567.155s][info][gc             ] GC(1266) Concurrent Mark Cycle
[567.155s][info][gc,cpu         ] GC(1265) User=1.00s Sys=0.00s Real=0.17s
[567.156s][info][gc,marking     ] GC(1266) Concurrent Scan Root Regions
[567.238s][info][gc,marking     ] GC(1266) Concurrent Scan Root Regions 82.381ms
[567.238s][info][gc,marking     ] GC(1266) Concurrent Mark
[567.238s][info][gc,marking     ] GC(1266) Concurrent Mark From Roots
[567.238s][info][gc,task        ] GC(1266) Using 2 workers of 2 for marking
[567.269s][info][gc,marking     ] GC(1266) Concurrent Mark From Roots 30.986ms
[567.269s][info][gc,marking     ] GC(1266) Concurrent Preclean
[567.269s][info][gc,marking     ] GC(1266) Concurrent Preclean 0.048ms
[567.269s][info][gc,start       ] GC(1266) Pause Remark
[567.270s][info][gc             ] GC(1266) Pause Remark 463M->463M(1024M) 1.110ms
[567.270s][info][gc,cpu         ] GC(1266) User=0.00s Sys=0.00s Real=0.00s
[567.270s][info][gc,marking     ] GC(1266) Concurrent Mark 32.385ms
[567.270s][info][gc,marking     ] GC(1266) Concurrent Rebuild Remembered Sets and Scrub Regions
[567.380s][info][gc,marking     ] GC(1266) Concurrent Rebuild Remembered Sets and Scrub Regions 109.857ms
[567.380s][info][gc,start       ] GC(1266) Pause Cleanup
[567.381s][info][gc             ] GC(1266) Pause Cleanup 489M->489M(1024M) 0.187ms
[567.381s][info][gc,cpu         ] GC(1266) User=0.00s Sys=0.00s Real=0.00s
[567.381s][info][gc,marking     ] GC(1266) Concurrent Clear Claimed Marks
[567.381s][info][gc,marking     ] GC(1266) Concurrent Clear Claimed Marks 0.033ms
[567.381s][info][gc,marking     ] GC(1266) Concurrent Cleanup for Next Mark
[567.382s][info][gc,marking     ] GC(1266) Concurrent Cleanup for Next Mark 1.735ms
[567.382s][info][gc             ] GC(1266) Concurrent Mark Cycle 226.986ms
[569.841s][info][gc,start       ] GC(1267) Pause Young (Prepare Mixed) (G1 Evacuation Pause)
[569.841s][info][gc,task        ] GC(1267) Using 6 workers of 6 for evacuation
[569.939s][info][gc,phases      ] GC(1267)   Pre Evacuate Collection Set: 0.3ms
[569.939s][info][gc,phases      ] GC(1267)   Merge Heap Roots: 2.0ms
[569.939s][info][gc,phases      ] GC(1267)   Evacuate Collection Set: 94.3ms
[569.939s][info][gc,phases      ] GC(1267)   Post Evacuate Collection Set: 0.9ms
[569.939s][info][gc,phases      ] GC(1267)   Other: 0.1ms
[569.939s][info][gc,heap        ] GC(1267) Eden regions: 288->0(243)
[569.939s][info][gc,heap        ] GC(1267) Survivor regions: 77->46(46)
[569.939s][info][gc,heap        ] GC(1267) Old regions: 358->475
[569.939s][info][gc,heap        ] GC(1267) Humongous regions: 4->4
[569.939s][info][gc,metaspace   ] GC(1267) Metaspace: 16647K(16960K)->16647K(16960K) NonClass: 14322K(14464K)->14322K(14464K) Class: 2325K(2496K)->2325K(2496K)
[569.939s][info][gc             ] GC(1267) Pause Young (Prepare Mixed) (G1 Evacuation Pause) 721M->519M(1024M) 97.781ms
[569.939s][info][gc,cpu         ] GC(1267) User=0.58s Sys=0.00s Real=0.10s
[570.078s][info][gc,start       ] GC(1268) Pause Young (Mixed) (G1 Evacuation Pause)
[570.078s][info][gc,task        ] GC(1268) Using 6 workers of 6 for evacuation
[570.157s][info][gc,phases      ] GC(1268)   Pre Evacuate Collection Set: 0.3ms
[570.157s][info][gc,phases      ] GC(1268)   Merge Heap Roots: 0.8ms
[570.158s][info][gc,phases      ] GC(1268)   Evacuate Collection Set: 78.2ms
[570.158s][info][gc,phases      ] GC(1268)   Post Evacuate Collection Set: 0.4ms
[570.158s][info][gc,phases      ] GC(1268)   Other: 0.1ms
[570.158s][info][gc,heap        ] GC(1268) Eden regions: 243->0(186)
[570.158s][info][gc,heap        ] GC(1268) Survivor regions: 46->37(37)
[570.158s][info][gc,heap        ] GC(1268) Old regions: 475->587
[570.158s][info][gc,heap        ] GC(1268) Humongous regions: 4->4
[570.158s][info][gc,metaspace   ] GC(1268) Metaspace: 16647K(16960K)->16647K(16960K) NonClass: 14322K(14464K)->14322K(14464K) Class: 2325K(2496K)->2325K(2496K)
[570.158s][info][gc             ] GC(1268) Pause Young (Mixed) (G1 Evacuation Pause) 762M->623M(1024M) 79.910ms
[570.158s][info][gc,cpu         ] GC(1268) User=0.39s Sys=0.02s Real=0.08s
[570.267s][info][gc,start       ] GC(1269) Pause Young (Concurrent Start) (G1 Evacuation Pause)
[570.267s][info][gc,task        ] GC(1269) Using 6 workers of 6 for evacuation
[570.324s][info][gc,phases      ] GC(1269)   Pre Evacuate Collection Set: 0.6ms
[570.324s][info][gc,phases      ] GC(1269)   Merge Heap Roots: 0.2ms
[570.324s][info][gc,phases      ] GC(1269)   Evacuate Collection Set: 55.0ms
[570.324s][info][gc,phases      ] GC(1269)   Post Evacuate Collection Set: 0.4ms
[570.324s][info][gc,phases      ] GC(1269)   Other: 0.2ms
[570.324s][info][gc,heap        ] GC(1269) Eden regions: 186->0(149)
[570.324s][info][gc,heap        ] GC(1269) Survivor regions: 37->28(28)
[570.324s][info][gc,heap        ] GC(1269) Old regions: 587->676
[570.324s][info][gc,heap        ] GC(1269) Humongous regions: 4->4
[570.324s][info][gc,metaspace   ] GC(1269) Metaspace: 16647K(16960K)->16647K(16960K) NonClass: 14322K(14464K)->14322K(14464K) Class: 2325K(2496K)->2325K(2496K)
[570.324s][info][gc             ] GC(1269) Pause Young (Concurrent Start) (G1 Evacuation Pause) 809M->703M(1024M) 56.555ms
[570.324s][info][gc,cpu         ] GC(1269) User=0.28s Sys=0.00s Real=0.05s
[570.324s][info][gc             ] GC(1270) Concurrent Mark Cycle
[570.324s][info][gc,marking     ] GC(1270) Concurrent Scan Root Regions
[570.350s][info][gc,marking     ] GC(1270) Concurrent Scan Root Regions 26.626ms
[570.351s][info][gc,marking     ] GC(1270) Concurrent Mark
[570.351s][info][gc,marking     ] GC(1270) Concurrent Mark From Roots
[570.351s][info][gc,task        ] GC(1270) Using 2 workers of 2 for marking
[570.424s][info][gc,start       ] GC(1271) Pause Young (Normal) (G1 Evacuation Pause)
[570.425s][info][gc,task        ] GC(1271) Using 6 workers of 6 for evacuation
[570.469s][info][gc,phases      ] GC(1271)   Pre Evacuate Collection Set: 0.2ms
[570.469s][info][gc,phases      ] GC(1271)   Merge Heap Roots: 0.1ms
[570.469s][info][gc,phases      ] GC(1271)   Evacuate Collection Set: 43.6ms
[570.469s][info][gc,phases      ] GC(1271)   Post Evacuate Collection Set: 0.4ms
[570.469s][info][gc,phases      ] GC(1271)   Other: 0.1ms
[570.469s][info][gc,heap        ] GC(1271) Eden regions: 149->0(119)
[570.469s][info][gc,heap        ] GC(1271) Survivor regions: 28->23(23)
[570.469s][info][gc,heap        ] GC(1271) Old regions: 676->746
[570.469s][info][gc,heap        ] GC(1271) Humongous regions: 4->4
[570.469s][info][gc,metaspace   ] GC(1271) Metaspace: 16647K(16960K)->16647K(16960K) NonClass: 14322K(14464K)->14322K(14464K) Class: 2325K(2496K)->2325K(2496K)
[570.469s][info][gc             ] GC(1271) Pause Young (Normal) (G1 Evacuation Pause) 852M->768M(1024M) 44.573ms
[570.469s][info][gc,cpu         ] GC(1271) User=0.12s Sys=0.00s Real=0.03s
[570.503s][info][gc,marking     ] GC(1270) Concurrent Mark From Roots 152.929ms
[570.504s][info][gc,marking     ] GC(1270) Concurrent Preclean
[570.504s][info][gc,marking     ] GC(1270) Concurrent Preclean 0.076ms
[570.504s][info][gc,start       ] GC(1270) Pause Remark
[570.505s][info][gc             ] GC(1270) Pause Remark 820M->405M(1024M) 1.377ms
[570.505s][info][gc,cpu         ] GC(1270) User=0.00s Sys=0.00s Real=0.00s
[570.505s][info][gc,marking     ] GC(1270) Concurrent Mark 154.614ms
[570.505s][info][gc,marking     ] GC(1270) Concurrent Rebuild Remembered Sets and Scrub Regions
[570.547s][info][gc,start       ] GC(1272) Pause Young (Normal) (G1 Evacuation Pause)
[570.547s][info][gc,task        ] GC(1272) Using 6 workers of 6 for evacuation
[570.584s][info][gc,phases      ] GC(1272)   Pre Evacuate Collection Set: 0.2ms
[570.584s][info][gc,phases      ] GC(1272)   Merge Heap Roots: 0.1ms
[570.584s][info][gc,phases      ] GC(1272)   Evacuate Collection Set: 35.7ms
[570.584s][info][gc,phases      ] GC(1272)   Post Evacuate Collection Set: 0.6ms
[570.584s][info][gc,phases      ] GC(1272)   Other: 0.1ms
[570.584s][info][gc,heap        ] GC(1272) Eden regions: 119->0(307)
[570.584s][info][gc,heap        ] GC(1272) Survivor regions: 23->18(18)
[570.584s][info][gc,heap        ] GC(1272) Old regions: 333->391
[570.584s][info][gc,heap        ] GC(1272) Humongous regions: 2->2
[570.584s][info][gc,metaspace   ] GC(1272) Metaspace: 16647K(16960K)->16647K(16960K) NonClass: 14322K(14464K)->14322K(14464K) Class: 2325K(2496K)->2325K(2496K)
[570.584s][info][gc             ] GC(1272) Pause Young (Normal) (G1 Evacuation Pause) 472M->406M(1024M) 36.883ms
[570.584s][info][gc,cpu         ] GC(1272) User=0.14s Sys=0.00s Real=0.04s
[570.707s][info][gc,marking     ] GC(1270) Concurrent Rebuild Remembered Sets and Scrub Regions 201.716ms
[570.707s][info][gc,start       ] GC(1270) Pause Cleanup
[570.707s][info][gc             ] GC(1270) Pause Cleanup 532M->532M(1024M) 0.240ms
[570.707s][info][gc,cpu         ] GC(1270) User=0.00s Sys=0.00s Real=0.00s
[570.707s][info][gc,marking     ] GC(1270) Concurrent Clear Claimed Marks
[570.707s][info][gc,marking     ] GC(1270) Concurrent Clear Claimed Marks 0.028ms
[570.707s][info][gc,marking     ] GC(1270) Concurrent Cleanup for Next Mark
[570.709s][info][gc,marking     ] GC(1270) Concurrent Cleanup for Next Mark 1.693ms
[570.709s][info][gc             ] GC(1270) Concurrent Mark Cycle 385.373ms
[571.244s][info][gc,start       ] GC(1273) Pause Young (Prepare Mixed) (G1 Evacuation Pause)
[571.244s][info][gc,task        ] GC(1273) Using 6 workers of 6 for evacuation
[571.319s][info][gc,phases      ] GC(1273)   Pre Evacuate Collection Set: 0.3ms
[571.319s][info][gc,phases      ] GC(1273)   Merge Heap Roots: 1.9ms
[571.319s][info][gc,phases      ] GC(1273)   Evacuate Collection Set: 71.3ms
[571.319s][info][gc,phases      ] GC(1273)   Post Evacuate Collection Set: 1.0ms
[571.319s][info][gc,phases      ] GC(1273)   Other: 0.1ms
[571.319s][info][gc,heap        ] GC(1273) Eden regions: 307->0(272)
[571.319s][info][gc,heap        ] GC(1273) Survivor regions: 18->41(41)
[571.319s][info][gc,heap        ] GC(1273) Old regions: 391->441
[571.319s][info][gc,heap        ] GC(1273) Humongous regions: 8->8
[571.319s][info][gc,metaspace   ] GC(1273) Metaspace: 16647K(16960K)->16647K(16960K) NonClass: 14322K(14464K)->14322K(14464K) Class: 2325K(2496K)->2325K(2496K)
[571.319s][info][gc             ] GC(1273) Pause Young (Prepare Mixed) (G1 Evacuation Pause) 719M->485M(1024M) 74.876ms
[571.319s][info][gc,cpu         ] GC(1273) User=0.38s Sys=0.00s Real=0.08s
[571.805s][info][gc,start       ] GC(1274) Pause Young (Mixed) (G1 Evacuation Pause)
[571.805s][info][gc,task        ] GC(1274) Using 6 workers of 6 for evacuation
[571.837s][info][gc,phases      ] GC(1274)   Pre Evacuate Collection Set: 0.3ms
[571.837s][info][gc,phases      ] GC(1274)   Merge Heap Roots: 1.2ms
[571.837s][info][gc,phases      ] GC(1274)   Evacuate Collection Set: 29.3ms
[571.837s][info][gc,phases      ] GC(1274)   Post Evacuate Collection Set: 0.6ms
[571.837s][info][gc,phases      ] GC(1274)   Other: 0.1ms
[571.837s][info][gc,heap        ] GC(1274) Eden regions: 272->0(308)
[571.837s][info][gc,heap        ] GC(1274) Survivor regions: 41->3(40)
[571.837s][info][gc,heap        ] GC(1274) Old regions: 441->463
[571.837s][info][gc,heap        ] GC(1274) Humongous regions: 8->8
[571.837s][info][gc,metaspace   ] GC(1274) Metaspace: 16647K(16960K)->16647K(16960K) NonClass: 14322K(14464K)->14322K(14464K) Class: 2325K(2496K)->2325K(2496K)
[571.837s][info][gc             ] GC(1274) Pause Young (Mixed) (G1 Evacuation Pause) 757M->470M(1024M) 31.807ms
[571.837s][info][gc,cpu         ] GC(1274) User=0.09s Sys=0.00s Real=0.03s
[572.687s][info][gc,start       ] GC(1275) Pause Full (System.gc())
[572.687s][info][gc,task        ] GC(1275) Using 6 workers of 6 for full compaction
[572.687s][info][gc,phases,start] GC(1275) Phase 1: Mark live objects
[572.690s][info][gc,phases      ] GC(1275) Phase 1: Mark live objects 2.275ms
[572.690s][info][gc,phases,start] GC(1275) Phase 2: Prepare compaction
[572.690s][info][gc,phases      ] GC(1275) Phase 2: Prepare compaction 0.648ms
[572.690s][info][gc,phases,start] GC(1275) Phase 3: Adjust pointers
[572.693s][info][gc,phases      ] GC(1275) Phase 3: Adjust pointers 2.324ms
[572.693s][info][gc,phases,start] GC(1275) Phase 4: Compact heap
[572.693s][info][gc,phases      ] GC(1275) Phase 4: Compact heap 0.726ms
[572.693s][info][gc,phases,start] GC(1275) Phase 5: Reset Metadata
[572.694s][info][gc,phases      ] GC(1275) Phase 5: Reset Metadata 0.739ms
[572.698s][info][gc,heap        ] GC(1275) Eden regions: 176->0(558)
[572.698s][info][gc,heap        ] GC(1275) Survivor regions: 3->0(40)
[572.698s][info][gc,heap        ] GC(1275) Old regions: 463->10
[572.698s][info][gc,heap        ] GC(1275) Humongous regions: 8->2
[572.698s][info][gc,metaspace   ] GC(1275) Metaspace: 16647K(16960K)->16647K(16960K) NonClass: 14322K(14464K)->14322K(14464K) Class: 2325K(2496K)->2325K(2496K)
[572.698s][info][gc             ] GC(1275) Pause Full (System.gc()) 646M->5M(1024M) 10.810ms
[572.698s][info][gc,cpu         ] GC(1275) User=0.02s Sys=0.00s Real=0.01s
[573.830s][info][gc,start       ] GC(1276) Pause Young (Concurrent Start) (G1 Evacuation Pause)
[573.830s][info][gc,task        ] GC(1276) Using 6 workers of 6 for evacuation
[573.832s][info][gc,phases      ] GC(1276)   Pre Evacuate Collection Set: 0.2ms
[573.832s][info][gc,phases      ] GC(1276)   Merge Heap Roots: 0.1ms
[573.832s][info][gc,phases      ] GC(1276)   Evacuate Collection Set: 0.4ms
[573.832s][info][gc,phases      ] GC(1276)   Post Evacuate Collection Set: 0.4ms
[573.832s][info][gc,phases      ] GC(1276)   Other: 0.1ms
[573.832s][info][gc,heap        ] GC(1276) Eden regions: 558->0(612)
[573.832s][info][gc,heap        ] GC(1276) Survivor regions: 0->2(70)
[573.832s][info][gc,heap        ] GC(1276) Old regions: 10->10
[573.832s][info][gc,heap        ] GC(1276) Humongous regions: 2->2
[573.832s][info][gc,metaspace   ] GC(1276) Metaspace: 16647K(16960K)->16647K(16960K) NonClass: 14322K(14464K)->14322K(14464K) Class: 2325K(2496K)->2325K(2496K)
[573.832s][info][gc             ] GC(1276) Pause Young (Concurrent Start) (G1 Evacuation Pause) 563M->7M(1024M) 1.343ms
[573.832s][info][gc,cpu         ] GC(1276) User=0.00s Sys=0.00s Real=0.00s
[573.832s][info][gc             ] GC(1277) Concurrent Mark Cycle
[573.832s][info][gc,marking     ] GC(1277) Concurrent Scan Root Regions
[573.832s][info][gc,marking     ] GC(1277) Concurrent Scan Root Regions 0.142ms
[573.832s][info][gc,marking     ] GC(1277) Concurrent Mark
[573.832s][info][gc,marking     ] GC(1277) Concurrent Mark From Roots
[573.832s][info][gc,task        ] GC(1277) Using 2 workers of 2 for marking
[573.835s][info][gc,marking     ] GC(1277) Concurrent Mark From Roots 3.029ms
[573.835s][info][gc,marking     ] GC(1277) Concurrent Preclean
[573.835s][info][gc,marking     ] GC(1277) Concurrent Preclean 0.020ms
[573.835s][info][gc,start       ] GC(1277) Pause Remark
[573.836s][info][gc             ] GC(1277) Pause Remark 24M->24M(1024M) 1.115ms
[573.836s][info][gc,cpu         ] GC(1277) User=0.00s Sys=0.00s Real=0.02s
[573.836s][info][gc,marking     ] GC(1277) Concurrent Mark 4.449ms
[573.836s][info][gc,marking     ] GC(1277) Concurrent Rebuild Remembered Sets and Scrub Regions
[573.837s][info][gc,marking     ] GC(1277) Concurrent Rebuild Remembered Sets and Scrub Regions 0.988ms
[573.837s][info][gc,start       ] GC(1277) Pause Cleanup
[573.838s][info][gc             ] GC(1277) Pause Cleanup 28M->28M(1024M) 0.125ms
[573.838s][info][gc,cpu         ] GC(1277) User=0.00s Sys=0.00s Real=0.00s
[573.838s][info][gc,marking     ] GC(1277) Concurrent Clear Claimed Marks
[573.838s][info][gc,marking     ] GC(1277) Concurrent Clear Claimed Marks 0.022ms
[573.838s][info][gc,marking     ] GC(1277) Concurrent Cleanup for Next Mark
[573.840s][info][gc,marking     ] GC(1277) Concurrent Cleanup for Next Mark 2.415ms
[573.840s][info][gc             ] GC(1277) Concurrent Mark Cycle 8.509ms
[573.930s][info][gc,start       ] GC(1278) Pause Young (Prepare Mixed) (G1 Evacuation Pause)
[573.930s][info][gc,task        ] GC(1278) Using 6 workers of 6 for evacuation
[573.931s][info][gc,phases      ] GC(1278)   Pre Evacuate Collection Set: 0.2ms
[573.931s][info][gc,phases      ] GC(1278)   Merge Heap Roots: 0.1ms
[573.931s][info][gc,phases      ] GC(1278)   Evacuate Collection Set: 0.4ms
[573.931s][info][gc,phases      ] GC(1278)   Post Evacuate Collection Set: 0.4ms
[573.931s][info][gc,phases      ] GC(1278)   Other: 0.1ms
[573.931s][info][gc,heap        ] GC(1278) Eden regions: 612->0(613)
[573.931s][info][gc,heap        ] GC(1278) Survivor regions: 2->1(77)
[573.931s][info][gc,heap        ] GC(1278) Old regions: 9->9
[573.931s][info][gc,heap        ] GC(1278) Humongous regions: 2->2
[573.931s][info][gc,metaspace   ] GC(1278) Metaspace: 16647K(16960K)->16647K(16960K) NonClass: 14322K(14464K)->14322K(14464K) Class: 2325K(2496K)->2325K(2496K)
[573.931s][info][gc             ] GC(1278) Pause Young (Prepare Mixed) (G1 Evacuation Pause) 619M->6M(1024M) 1.336ms
[573.931s][info][gc,cpu         ] GC(1278) User=0.02s Sys=0.00s Real=0.01s
[574.030s][info][gc,start       ] GC(1279) Pause Young (Mixed) (G1 Evacuation Pause)
[574.030s][info][gc,task        ] GC(1279) Using 6 workers of 6 for evacuation
[574.032s][info][gc,phases      ] GC(1279)   Pre Evacuate Collection Set: 0.2ms
[574.032s][info][gc,phases      ] GC(1279)   Merge Heap Roots: 0.1ms
[574.032s][info][gc,phases      ] GC(1279)   Evacuate Collection Set: 0.4ms
[574.032s][info][gc,phases      ] GC(1279)   Post Evacuate Collection Set: 0.4ms
[574.032s][info][gc,phases      ] GC(1279)   Other: 0.1ms
[574.032s][info][gc,heap        ] GC(1279) Eden regions: 613->0(613)
[574.032s][info][gc,heap        ] GC(1279) Survivor regions: 1->1(77)
[574.032s][info][gc,heap        ] GC(1279) Old regions: 9->9
[574.032s][info][gc,heap        ] GC(1279) Humongous regions: 2->2
[574.032s][info][gc,metaspace   ] GC(1279) Metaspace: 16647K(16960K)->16647K(16960K) NonClass: 14322K(14464K)->14322K(14464K) Class: 2325K(2496K)->2325K(2496K)
[574.032s][info][gc             ] GC(1279) Pause Young (Mixed) (G1 Evacuation Pause) 619M->6M(1024M) 1.486ms
[574.032s][info][gc,cpu         ] GC(1279) User=0.00s Sys=0.00s Real=0.00s
[574.129s][info][gc,start       ] GC(1280) Pause Young (Concurrent Start) (G1 Evacuation Pause)
[574.129s][info][gc,task        ] GC(1280) Using 6 workers of 6 for evacuation
[574.131s][info][gc,phases      ] GC(1280)   Pre Evacuate Collection Set: 0.2ms
[574.131s][info][gc,phases      ] GC(1280)   Merge Heap Roots: 0.1ms
[574.131s][info][gc,phases      ] GC(1280)   Evacuate Collection Set: 0.3ms
[574.131s][info][gc,phases      ] GC(1280)   Post Evacuate Collection Set: 0.4ms
[574.131s][info][gc,phases      ] GC(1280)   Other: 0.1ms
[574.131s][info][gc,heap        ] GC(1280) Eden regions: 613->0(613)
[574.131s][info][gc,heap        ] GC(1280) Survivor regions: 1->1(77)
[574.131s][info][gc,heap        ] GC(1280) Old regions: 9->9
[574.131s][info][gc,heap        ] GC(1280) Humongous regions: 2->2
[574.131s][info][gc,metaspace   ] GC(1280) Metaspace: 16647K(16960K)->16647K(16960K) NonClass: 14322K(14464K)->14322K(14464K) Class: 2325K(2496K)->2325K(2496K)
[574.131s][info][gc             ] GC(1280) Pause Young (Concurrent Start) (G1 Evacuation Pause) 619M->6M(1024M) 1.349ms
[574.131s][info][gc             ] GC(1281) Concurrent Mark Cycle
[574.131s][info][gc,cpu         ] GC(1280) User=0.00s Sys=0.00s Real=0.00s
[574.131s][info][gc,marking     ] GC(1281) Concurrent Scan Root Regions
[574.131s][info][gc,marking     ] GC(1281) Concurrent Scan Root Regions 0.302ms
[574.131s][info][gc,marking     ] GC(1281) Concurrent Mark
[574.131s][info][gc,marking     ] GC(1281) Concurrent Mark From Roots
[574.131s][info][gc,task        ] GC(1281) Using 2 workers of 2 for marking
[574.134s][info][gc,marking     ] GC(1281) Concurrent Mark From Roots 3.110ms
[574.134s][info][gc,marking     ] GC(1281) Concurrent Preclean
[574.134s][info][gc,marking     ] GC(1281) Concurrent Preclean 0.020ms
[574.134s][info][gc,start       ] GC(1281) Pause Remark
[574.136s][info][gc             ] GC(1281) Pause Remark 24M->24M(1024M) 1.094ms
[574.136s][info][gc,cpu         ] GC(1281) User=0.00s Sys=0.00s Real=0.00s
[574.136s][info][gc,marking     ] GC(1281) Concurrent Mark 4.501ms
[574.136s][info][gc,marking     ] GC(1281) Concurrent Rebuild Remembered Sets and Scrub Regions
[574.137s][info][gc,marking     ] GC(1281) Concurrent Rebuild Remembered Sets and Scrub Regions 0.992ms
[574.137s][info][gc,start       ] GC(1281) Pause Cleanup
[574.137s][info][gc             ] GC(1281) Pause Cleanup 29M->29M(1024M) 0.113ms
[574.137s][info][gc,cpu         ] GC(1281) User=0.00s Sys=0.00s Real=0.00s
[574.137s][info][gc,marking     ] GC(1281) Concurrent Clear Claimed Marks
[574.137s][info][gc,marking     ] GC(1281) Concurrent Clear Claimed Marks 0.023ms
[574.137s][info][gc,marking     ] GC(1281) Concurrent Cleanup for Next Mark
[574.139s][info][gc,marking     ] GC(1281) Concurrent Cleanup for Next Mark 2.434ms
[574.139s][info][gc             ] GC(1281) Concurrent Mark Cycle 8.745ms
[574.285s][info][gc,start       ] GC(1282) Pause Young (Prepare Mixed) (G1 Evacuation Pause)
[574.285s][info][gc,task        ] GC(1282) Using 6 workers of 6 for evacuation
[574.324s][info][gc,phases      ] GC(1282)   Pre Evacuate Collection Set: 0.2ms
[574.324s][info][gc,phases      ] GC(1282)   Merge Heap Roots: 0.1ms
[574.324s][info][gc,phases      ] GC(1282)   Evacuate Collection Set: 38.0ms
[574.324s][info][gc,phases      ] GC(1282)   Post Evacuate Collection Set: 0.5ms
[574.324s][info][gc,phases      ] GC(1282)   Other: 0.1ms
[574.324s][info][gc,heap        ] GC(1282) Eden regions: 613->0(537)
[574.324s][info][gc,heap        ] GC(1282) Survivor regions: 1->77(77)
[574.324s][info][gc,heap        ] GC(1282) Old regions: 9->18
[574.324s][info][gc,heap        ] GC(1282) Humongous regions: 3->3
[574.324s][info][gc,metaspace   ] GC(1282) Metaspace: 16647K(16960K)->16647K(16960K) NonClass: 14322K(14464K)->14322K(14464K) Class: 2325K(2496K)->2325K(2496K)
[574.324s][info][gc             ] GC(1282) Pause Young (Prepare Mixed) (G1 Evacuation Pause) 620M->93M(1024M) 38.978ms
[574.324s][info][gc,cpu         ] GC(1282) User=0.05s Sys=0.00s Real=0.05s
[574.906s][info][gc,start       ] GC(1283) Pause Young (Mixed) (G1 Evacuation Pause)
[574.906s][info][gc,task        ] GC(1283) Using 6 workers of 6 for evacuation
[575.094s][info][gc,phases      ] GC(1283)   Pre Evacuate Collection Set: 0.2ms
[575.094s][info][gc,phases      ] GC(1283)   Merge Heap Roots: 0.1ms
[575.094s][info][gc,phases      ] GC(1283)   Evacuate Collection Set: 178.3ms
[575.094s][info][gc,phases      ] GC(1283)   Post Evacuate Collection Set: 10.0ms
[575.094s][info][gc,phases      ] GC(1283)   Other: 0.1ms
[575.094s][info][gc,heap        ] GC(1283) Eden regions: 537->0(0)
[575.094s][info][gc,heap        ] GC(1283) Survivor regions: 77->77(77)
[575.094s][info][gc,heap        ] GC(1283) Old regions: 18->914
[575.094s][info][gc,heap        ] GC(1283) Humongous regions: 4->4
[575.094s][info][gc,metaspace   ] GC(1283) Metaspace: 16647K(16960K)->16647K(16960K) NonClass: 14322K(14464K)->14322K(14464K) Class: 2325K(2496K)->2325K(2496K)
[575.095s][info][gc             ] GC(1283) Pause Young (Mixed) (G1 Evacuation Pause) (Evacuation Failure) 631M->990M(1024M) 189.005ms
[575.095s][info][gc,cpu         ] GC(1283) User=1.05s Sys=0.00s Real=0.19s
[575.095s][info][gc,ergo        ] Attempting full compaction
[575.095s][info][gc,start       ] GC(1284) Pause Full (G1 Compaction Pause)
[575.095s][info][gc,task        ] GC(1284) Using 6 workers of 6 for full compaction
[575.095s][info][gc,phases,start] GC(1284) Phase 1: Mark live objects
[575.203s][info][gc,phases      ] GC(1284) Phase 1: Mark live objects 108.696ms
[575.203s][info][gc,phases,start] GC(1284) Phase 2: Prepare compaction
[575.212s][info][gc,phases      ] GC(1284) Phase 2: Prepare compaction 8.711ms
[575.212s][info][gc,phases,start] GC(1284) Phase 3: Adjust pointers
[575.243s][info][gc,phases      ] GC(1284) Phase 3: Adjust pointers 30.729ms
[575.243s][info][gc,phases,start] GC(1284) Phase 4: Compact heap
[575.249s][info][gc,phases      ] GC(1284) Phase 4: Compact heap 6.425ms
[575.250s][info][gc,phases,start] GC(1284) Phase 5: Reset Metadata
[575.263s][info][gc,phases      ] GC(1284) Phase 5: Reset Metadata 13.274ms
[575.269s][info][gc,heap        ] GC(1284) Eden regions: 0->0(317)
[575.269s][info][gc,heap        ] GC(1284) Survivor regions: 77->0(77)
[575.269s][info][gc,heap        ] GC(1284) Old regions: 914->417
[575.269s][info][gc,heap        ] GC(1284) Humongous regions: 4->4
[575.269s][info][gc,metaspace   ] GC(1284) Metaspace: 16647K(16960K)->16647K(16960K) NonClass: 14322K(14464K)->14322K(14464K) Class: 2325K(2496K)->2325K(2496K)
[575.269s][info][gc             ] GC(1284) Pause Full (G1 Compaction Pause) 990M->417M(1024M) 174.329ms
[575.269s][info][gc,cpu         ] GC(1284) User=0.77s Sys=0.00s Real=0.17s
[578.310s][info][gc,start       ] GC(1285) Pause Young (Concurrent Start) (G1 Evacuation Pause)
[578.310s][info][gc,task        ] GC(1285) Using 6 workers of 6 for evacuation
[578.388s][info][gc,phases      ] GC(1285)   Pre Evacuate Collection Set: 0.3ms
[578.388s][info][gc,phases      ] GC(1285)   Merge Heap Roots: 1.3ms
[578.388s][info][gc,phases      ] GC(1285)   Evacuate Collection Set: 75.6ms
[578.388s][info][gc,phases      ] GC(1285)   Post Evacuate Collection Set: 0.7ms
[578.388s][info][gc,phases      ] GC(1285)   Other: 0.1ms
[578.388s][info][gc,heap        ] GC(1285) Eden regions: 317->0(245)
[578.388s][info][gc,heap        ] GC(1285) Survivor regions: 0->40(40)
[578.388s][info][gc,heap        ] GC(1285) Old regions: 417->493
[578.388s][info][gc,heap        ] GC(1285) Humongous regions: 4->4
[578.388s][info][gc,metaspace   ] GC(1285) Metaspace: 16647K(16960K)->16647K(16960K) NonClass: 14322K(14464K)->14322K(14464K) Class: 2325K(2496K)->2325K(2496K)
[578.388s][info][gc             ] GC(1285) Pause Young (Concurrent Start) (G1 Evacuation Pause) 734M->533M(1024M) 78.247ms
[578.388s][info][gc             ] GC(1286) Concurrent Mark Cycle
[578.388s][info][gc,cpu         ] GC(1285) User=0.41s Sys=0.00s Real=0.08s
[578.388s][info][gc,marking     ] GC(1286) Concurrent Scan Root Regions
[578.412s][info][gc,marking     ] GC(1286) Concurrent Scan Root Regions 23.490ms
[578.412s][info][gc,marking     ] GC(1286) Concurrent Mark
[578.412s][info][gc,marking     ] GC(1286) Concurrent Mark From Roots
[578.412s][info][gc,task        ] GC(1286) Using 2 workers of 2 for marking
[578.469s][info][gc,marking     ] GC(1286) Concurrent Mark From Roots 57.505ms
[578.469s][info][gc,marking     ] GC(1286) Concurrent Preclean
[578.469s][info][gc,marking     ] GC(1286) Concurrent Preclean 0.087ms
[578.469s][info][gc,start       ] GC(1286) Pause Remark
[578.471s][info][gc             ] GC(1286) Pause Remark 666M->568M(1024M) 1.291ms
[578.471s][info][gc,cpu         ] GC(1286) User=0.00s Sys=0.00s Real=0.00s
[578.471s][info][gc,marking     ] GC(1286) Concurrent Mark 59.158ms
[578.471s][info][gc,marking     ] GC(1286) Concurrent Rebuild Remembered Sets and Scrub Regions
[578.541s][info][gc,start       ] GC(1287) Pause Young (Normal) (G1 Evacuation Pause)
[578.541s][info][gc,task        ] GC(1287) Using 6 workers of 6 for evacuation
[578.617s][info][gc,phases      ] GC(1287)   Pre Evacuate Collection Set: 0.2ms
[578.621s][info][gc,phases      ] GC(1287)   Merge Heap Roots: 0.9ms
[578.621s][info][gc,phases      ] GC(1287)   Evacuate Collection Set: 74.7ms
[578.621s][info][gc,phases      ] GC(1287)   Post Evacuate Collection Set: 0.4ms
[578.621s][info][gc,phases      ] GC(1287)   Other: 0.1ms
[578.621s][info][gc,heap        ] GC(1287) Eden regions: 245->0(238)
[578.621s][info][gc,heap        ] GC(1287) Survivor regions: 40->36(36)
[578.621s][info][gc,heap        ] GC(1287) Old regions: 396->504
[578.621s][info][gc,heap        ] GC(1287) Humongous regions: 3->3
[578.621s][info][gc,metaspace   ] GC(1287) Metaspace: 16647K(16960K)->16647K(16960K) NonClass: 14322K(14464K)->14322K(14464K) Class: 2325K(2496K)->2325K(2496K)
[578.621s][info][gc             ] GC(1287) Pause Young (Normal) (G1 Evacuation Pause) 680M->539M(1024M) 80.696ms
[578.621s][info][gc,cpu         ] GC(1287) User=0.39s Sys=0.00s Real=0.09s
[578.634s][info][gc,marking     ] GC(1286) Concurrent Rebuild Remembered Sets and Scrub Regions 163.093ms
[578.634s][info][gc,start       ] GC(1286) Pause Cleanup
[578.634s][info][gc             ] GC(1286) Pause Cleanup 559M->559M(1024M) 0.305ms
[578.634s][info][gc,cpu         ] GC(1286) User=0.00s Sys=0.00s Real=0.00s
[578.634s][info][gc,marking     ] GC(1286) Concurrent Clear Claimed Marks
[578.634s][info][gc,marking     ] GC(1286) Concurrent Clear Claimed Marks 0.031ms
[578.634s][info][gc,marking     ] GC(1286) Concurrent Cleanup for Next Mark
[578.636s][info][gc,marking     ] GC(1286) Concurrent Cleanup for Next Mark 1.331ms
[578.636s][info][gc             ] GC(1286) Concurrent Mark Cycle 247.736ms
[578.765s][info][gc,start       ] GC(1288) Pause Young (Prepare Mixed) (G1 Evacuation Pause)
[578.765s][info][gc,task        ] GC(1288) Using 6 workers of 6 for evacuation
[578.831s][info][gc,phases      ] GC(1288)   Pre Evacuate Collection Set: 0.2ms
[578.831s][info][gc,phases      ] GC(1288)   Merge Heap Roots: 0.2ms
[578.831s][info][gc,phases      ] GC(1288)   Evacuate Collection Set: 64.9ms
[578.831s][info][gc,phases      ] GC(1288)   Post Evacuate Collection Set: 0.4ms
[578.831s][info][gc,phases      ] GC(1288)   Other: 0.1ms
[578.831s][info][gc,heap        ] GC(1288) Eden regions: 238->0(185)
[578.831s][info][gc,heap        ] GC(1288) Survivor regions: 36->35(35)
[578.831s][info][gc,heap        ] GC(1288) Old regions: 504->606
[578.831s][info][gc,heap        ] GC(1288) Humongous regions: 3->3
[578.831s][info][gc,metaspace   ] GC(1288) Metaspace: 16647K(16960K)->16647K(16960K) NonClass: 14322K(14464K)->14322K(14464K) Class: 2325K(2496K)->2325K(2496K)
[578.831s][info][gc             ] GC(1288) Pause Young (Prepare Mixed) (G1 Evacuation Pause) 777M->640M(1024M) 66.045ms
[578.831s][info][gc,cpu         ] GC(1288) User=0.30s Sys=0.00s Real=0.07s
[578.945s][info][gc,start       ] GC(1289) Pause Young (Mixed) (G1 Evacuation Pause)
[578.945s][info][gc,task        ] GC(1289) Using 6 workers of 6 for evacuation
[579.002s][info][gc,phases      ] GC(1289)   Pre Evacuate Collection Set: 0.2ms
[579.002s][info][gc,phases      ] GC(1289)   Merge Heap Roots: 0.1ms
[579.002s][info][gc,phases      ] GC(1289)   Evacuate Collection Set: 55.9ms
[579.002s][info][gc,phases      ] GC(1289)   Post Evacuate Collection Set: 0.5ms
[579.002s][info][gc,phases      ] GC(1289)   Other: 0.1ms
[579.002s][info][gc,heap        ] GC(1289) Eden regions: 185->0(196)
[579.002s][info][gc,heap        ] GC(1289) Survivor regions: 35->28(28)
[579.002s][info][gc,heap        ] GC(1289) Old regions: 606->591
[579.002s][info][gc,heap        ] GC(1289) Humongous regions: 3->3
[579.002s][info][gc,metaspace   ] GC(1289) Metaspace: 16647K(16960K)->16647K(16960K) NonClass: 14322K(14464K)->14322K(14464K) Class: 2325K(2496K)->2325K(2496K)
[579.002s][info][gc             ] GC(1289) Pause Young (Mixed) (G1 Evacuation Pause) 825M->621M(1024M) 56.967ms
[579.002s][info][gc,cpu         ] GC(1289) User=0.28s Sys=0.00s Real=0.05s
[579.650s][info][gc,start       ] GC(1290) Pause Young (Mixed) (G1 Evacuation Pause)
[579.650s][info][gc,task        ] GC(1290) Using 6 workers of 6 for evacuation
[579.727s][info][gc,phases      ] GC(1290)   Pre Evacuate Collection Set: 0.5ms
[579.727s][info][gc,phases      ] GC(1290)   Merge Heap Roots: 2.4ms
[579.727s][info][gc,phases      ] GC(1290)   Evacuate Collection Set: 73.2ms
[579.727s][info][gc,phases      ] GC(1290)   Post Evacuate Collection Set: 1.1ms
[579.727s][info][gc,phases      ] GC(1290)   Other: 0.1ms
[579.727s][info][gc,heap        ] GC(1290) Eden regions: 196->0(211)
[579.727s][info][gc,heap        ] GC(1290) Survivor regions: 28->28(28)
[579.727s][info][gc,heap        ] GC(1290) Old regions: 591->558
[579.727s][info][gc,heap        ] GC(1290) Humongous regions: 9->9
[579.727s][info][gc,metaspace   ] GC(1290) Metaspace: 16647K(16960K)->16647K(16960K) NonClass: 14322K(14464K)->14322K(14464K) Class: 2325K(2496K)->2325K(2496K)
[579.727s][info][gc             ] GC(1290) Pause Young (Mixed) (G1 Evacuation Pause) 823M->594M(1024M) 77.436ms
[579.727s][info][gc,cpu         ] GC(1290) User=0.39s Sys=0.00s Real=0.08s
[580.116s][info][gc,start       ] GC(1291) Pause Young (Mixed) (G1 Evacuation Pause)
[580.116s][info][gc,task        ] GC(1291) Using 6 workers of 6 for evacuation
[580.145s][info][gc,phases      ] GC(1291)   Pre Evacuate Collection Set: 0.2ms
[580.145s][info][gc,phases      ] GC(1291)   Merge Heap Roots: 1.3ms
[580.145s][info][gc,phases      ] GC(1291)   Evacuate Collection Set: 26.9ms
[580.145s][info][gc,phases      ] GC(1291)   Post Evacuate Collection Set: 0.6ms
[580.145s][info][gc,phases      ] GC(1291)   Other: 0.1ms
[580.145s][info][gc,heap        ] GC(1291) Eden regions: 211->0(244)
[580.145s][info][gc,heap        ] GC(1291) Survivor regions: 28->6(30)
[580.145s][info][gc,heap        ] GC(1291) Old regions: 558->555
[580.145s][info][gc,heap        ] GC(1291) Humongous regions: 9->9
[580.145s][info][gc,metaspace   ] GC(1291) Metaspace: 16647K(16960K)->16647K(16960K) NonClass: 14322K(14464K)->14322K(14464K) Class: 2325K(2496K)->2325K(2496K)
[580.145s][info][gc             ] GC(1291) Pause Young (Mixed) (G1 Evacuation Pause) 805M->569M(1024M) 29.294ms
[580.145s][info][gc,cpu         ] GC(1291) User=0.09s Sys=0.00s Real=0.02s
[580.678s][info][gc,start       ] GC(1292) Pause Young (Concurrent Start) (G1 Evacuation Pause)
[580.678s][info][gc,task        ] GC(1292) Using 6 workers of 6 for evacuation
[580.686s][info][gc,phases      ] GC(1292)   Pre Evacuate Collection Set: 0.4ms
[580.686s][info][gc,phases      ] GC(1292)   Merge Heap Roots: 0.4ms
[580.686s][info][gc,phases      ] GC(1292)   Evacuate Collection Set: 5.7ms
[580.686s][info][gc,phases      ] GC(1292)   Post Evacuate Collection Set: 0.5ms
[580.686s][info][gc,phases      ] GC(1292)   Other: 0.2ms
[580.686s][info][gc,heap        ] GC(1292) Eden regions: 244->0(271)
[580.686s][info][gc,heap        ] GC(1292) Survivor regions: 6->3(32)
[580.686s][info][gc,heap        ] GC(1292) Old regions: 555->555
[580.686s][info][gc,heap        ] GC(1292) Humongous regions: 9->9
[580.686s][info][gc,metaspace   ] GC(1292) Metaspace: 16647K(16960K)->16647K(16960K) NonClass: 14322K(14464K)->14322K(14464K) Class: 2325K(2496K)->2325K(2496K)
[580.686s][info][gc             ] GC(1292) Pause Young (Concurrent Start) (G1 Evacuation Pause) 813M->566M(1024M) 7.507ms
[580.686s][info][gc,cpu         ] GC(1292) User=0.02s Sys=0.00s Real=0.01s
[580.686s][info][gc             ] GC(1293) Concurrent Mark Cycle
[580.686s][info][gc,marking     ] GC(1293) Concurrent Scan Root Regions
[580.686s][info][gc,marking     ] GC(1293) Concurrent Scan Root Regions 0.476ms
[580.686s][info][gc,marking     ] GC(1293) Concurrent Mark
[580.686s][info][gc,marking     ] GC(1293) Concurrent Mark From Roots
[580.686s][info][gc,task        ] GC(1293) Using 2 workers of 2 for marking
[580.690s][info][gc,marking     ] GC(1293) Concurrent Mark From Roots 3.527ms
[580.690s][info][gc,marking     ] GC(1293) Concurrent Preclean
[580.690s][info][gc,marking     ] GC(1293) Concurrent Preclean 0.061ms
[580.690s][info][gc,start       ] GC(1293) Pause Remark
[580.692s][info][gc             ] GC(1293) Pause Remark 566M->28M(1024M) 1.440ms
[580.692s][info][gc,cpu         ] GC(1293) User=0.00s Sys=0.00s Real=0.00s
[580.692s][info][gc,marking     ] GC(1293) Concurrent Mark 5.298ms
[580.692s][info][gc,marking     ] GC(1293) Concurrent Rebuild Remembered Sets and Scrub Regions
[580.693s][info][gc,marking     ] GC(1293) Concurrent Rebuild Remembered Sets and Scrub Regions 1.121ms
[580.693s][info][gc,start       ] GC(1293) Pause Cleanup
[580.693s][info][gc             ] GC(1293) Pause Cleanup 28M->28M(1024M) 0.153ms
[580.693s][info][gc,cpu         ] GC(1293) User=0.00s Sys=0.00s Real=0.00s
[580.693s][info][gc,marking     ] GC(1293) Concurrent Clear Claimed Marks
[580.693s][info][gc,marking     ] GC(1293) Concurrent Clear Claimed Marks 0.027ms
[580.693s][info][gc,marking     ] GC(1293) Concurrent Cleanup for Next Mark
[580.695s][info][gc,marking     ] GC(1293) Concurrent Cleanup for Next Mark 1.343ms
[580.695s][info][gc             ] GC(1293) Concurrent Mark Cycle 8.728ms
[581.251s][info][gc,start       ] GC(1294) Pause Full (System.gc())
[581.252s][info][gc,task        ] GC(1294) Using 6 workers of 6 for full compaction
[581.252s][info][gc,phases,start] GC(1294) Phase 1: Mark live objects
[581.254s][info][gc,phases      ] GC(1294) Phase 1: Mark live objects 2.657ms
[581.254s][info][gc,phases,start] GC(1294) Phase 2: Prepare compaction
[581.255s][info][gc,phases      ] GC(1294) Phase 2: Prepare compaction 0.201ms
[581.255s][info][gc,phases,start] GC(1294) Phase 3: Adjust pointers
[581.257s][info][gc,phases      ] GC(1294) Phase 3: Adjust pointers 1.930ms
[581.257s][info][gc,phases,start] GC(1294) Phase 4: Compact heap
[581.257s][info][gc,phases      ] GC(1294) Phase 4: Compact heap 0.181ms
[581.257s][info][gc,phases,start] GC(1294) Phase 5: Reset Metadata
[581.258s][info][gc,phases      ] GC(1294) Phase 5: Reset Metadata 0.888ms
[581.262s][info][gc,heap        ] GC(1294) Eden regions: 76->0(614)
[581.262s][info][gc,heap        ] GC(1294) Survivor regions: 3->0(32)
[581.262s][info][gc,heap        ] GC(1294) Old regions: 23->10
[581.262s][info][gc,heap        ] GC(1294) Humongous regions: 2->2
[581.262s][info][gc,metaspace   ] GC(1294) Metaspace: 16647K(16960K)->16647K(16960K) NonClass: 14322K(14464K)->14322K(14464K) Class: 2325K(2496K)->2325K(2496K)
[581.262s][info][gc             ] GC(1294) Pause Full (System.gc()) 103M->5M(1024M) 10.447ms
[581.262s][info][gc,cpu         ] GC(1294) User=0.02s Sys=0.00s Real=0.02s
[582.415s][info][gc,start       ] GC(1295) Pause Young (Normal) (G1 Evacuation Pause)
[582.415s][info][gc,task        ] GC(1295) Using 6 workers of 6 for evacuation
[582.416s][info][gc,phases      ] GC(1295)   Pre Evacuate Collection Set: 0.2ms
[582.416s][info][gc,phases      ] GC(1295)   Merge Heap Roots: 0.1ms
[582.416s][info][gc,phases      ] GC(1295)   Evacuate Collection Set: 0.3ms
[582.416s][info][gc,phases      ] GC(1295)   Post Evacuate Collection Set: 0.4ms
[582.416s][info][gc,phases      ] GC(1295)   Other: 0.1ms
[582.416s][info][gc,heap        ] GC(1295) Eden regions: 614->0(613)
[582.416s][info][gc,heap        ] GC(1295) Survivor regions: 0->1(77)
[582.416s][info][gc,heap        ] GC(1295) Old regions: 10->10
[582.416s][info][gc,heap        ] GC(1295) Humongous regions: 2->2
[582.416s][info][gc,metaspace   ] GC(1295) Metaspace: 16647K(16960K)->16647K(16960K) NonClass: 14322K(14464K)->14322K(14464K) Class: 2325K(2496K)->2325K(2496K)
[582.417s][info][gc             ] GC(1295) Pause Young (Normal) (G1 Evacuation Pause) 619M->6M(1024M) 1.183ms
[582.417s][info][gc,cpu         ] GC(1295) User=0.00s Sys=0.00s Real=0.00s
[582.511s][info][gc,start       ] GC(1296) Pause Young (Normal) (G1 Evacuation Pause)
[582.512s][info][gc,task        ] GC(1296) Using 6 workers of 6 for evacuation
[582.512s][info][gc,phases      ] GC(1296)   Pre Evacuate Collection Set: 0.2ms
[582.512s][info][gc,phases      ] GC(1296)   Merge Heap Roots: 0.1ms
[582.513s][info][gc,phases      ] GC(1296)   Evacuate Collection Set: 0.3ms
[582.513s][info][gc,phases      ] GC(1296)   Post Evacuate Collection Set: 0.4ms
[582.513s][info][gc,phases      ] GC(1296)   Other: 0.1ms
[582.513s][info][gc,heap        ] GC(1296) Eden regions: 613->0(613)
[582.513s][info][gc,heap        ] GC(1296) Survivor regions: 1->1(77)
[582.513s][info][gc,heap        ] GC(1296) Old regions: 10->10
[582.513s][info][gc,heap        ] GC(1296) Humongous regions: 2->2
[582.513s][info][gc,metaspace   ] GC(1296) Metaspace: 16647K(16960K)->16647K(16960K) NonClass: 14322K(14464K)->14322K(14464K) Class: 2325K(2496K)->2325K(2496K)
[582.513s][info][gc             ] GC(1296) Pause Young (Normal) (G1 Evacuation Pause) 619M->6M(1024M) 1.154ms
[582.513s][info][gc,cpu         ] GC(1296) User=0.00s Sys=0.00s Real=0.00s
[582.607s][info][gc,start       ] GC(1297) Pause Young (Concurrent Start) (G1 Evacuation Pause)
[582.607s][info][gc,task        ] GC(1297) Using 6 workers of 6 for evacuation
[582.608s][info][gc,phases      ] GC(1297)   Pre Evacuate Collection Set: 0.2ms
[582.608s][info][gc,phases      ] GC(1297)   Merge Heap Roots: 0.1ms
[582.608s][info][gc,phases      ] GC(1297)   Evacuate Collection Set: 0.4ms
[582.608s][info][gc,phases      ] GC(1297)   Post Evacuate Collection Set: 0.4ms
[582.608s][info][gc,phases      ] GC(1297)   Other: 0.1ms
[582.608s][info][gc,heap        ] GC(1297) Eden regions: 613->0(613)
[582.608s][info][gc,heap        ] GC(1297) Survivor regions: 1->1(77)
[582.608s][info][gc,heap        ] GC(1297) Old regions: 10->10
[582.609s][info][gc,heap        ] GC(1297) Humongous regions: 2->2
[582.609s][info][gc,metaspace   ] GC(1297) Metaspace: 16647K(16960K)->16647K(16960K) NonClass: 14322K(14464K)->14322K(14464K) Class: 2325K(2496K)->2325K(2496K)
[582.609s][info][gc             ] GC(1297) Pause Young (Concurrent Start) (G1 Evacuation Pause) 619M->6M(1024M) 1.290ms
[582.609s][info][gc,cpu         ] GC(1297) User=0.00s Sys=0.00s Real=0.00s
[582.609s][info][gc             ] GC(1298) Concurrent Mark Cycle
[582.609s][info][gc,marking     ] GC(1298) Concurrent Scan Root Regions
[582.609s][info][gc,marking     ] GC(1298) Concurrent Scan Root Regions 0.274ms
[582.609s][info][gc,marking     ] GC(1298) Concurrent Mark
[582.609s][info][gc,marking     ] GC(1298) Concurrent Mark From Roots
[582.609s][info][gc,task        ] GC(1298) Using 2 workers of 2 for marking
[582.612s][info][gc,marking     ] GC(1298) Concurrent Mark From Roots 3.181ms
[582.612s][info][gc,marking     ] GC(1298) Concurrent Preclean
[582.612s][info][gc,marking     ] GC(1298) Concurrent Preclean 0.020ms
[582.612s][info][gc,start       ] GC(1298) Pause Remark
[582.613s][info][gc             ] GC(1298) Pause Remark 24M->24M(1024M) 1.074ms
[582.613s][info][gc,cpu         ] GC(1298) User=0.00s Sys=0.00s Real=0.00s
[582.613s][info][gc,marking     ] GC(1298) Concurrent Mark 4.540ms
[582.613s][info][gc,marking     ] GC(1298) Concurrent Rebuild Remembered Sets and Scrub Regions
[582.614s][info][gc,marking     ] GC(1298) Concurrent Rebuild Remembered Sets and Scrub Regions 1.004ms
[582.615s][info][gc,start       ] GC(1298) Pause Cleanup
[582.615s][info][gc             ] GC(1298) Pause Cleanup 29M->29M(1024M) 0.141ms
[582.615s][info][gc,cpu         ] GC(1298) User=0.00s Sys=0.00s Real=0.00s
[582.615s][info][gc,marking     ] GC(1298) Concurrent Clear Claimed Marks
[582.615s][info][gc,marking     ] GC(1298) Concurrent Clear Claimed Marks 0.021ms
[582.615s][info][gc,marking     ] GC(1298) Concurrent Cleanup for Next Mark
[582.617s][info][gc,marking     ] GC(1298) Concurrent Cleanup for Next Mark 2.463ms
[582.617s][info][gc             ] GC(1298) Concurrent Mark Cycle 8.832ms
[582.707s][info][gc,start       ] GC(1299) Pause Young (Prepare Mixed) (G1 Evacuation Pause)
[582.710s][info][gc,task        ] GC(1299) Using 6 workers of 6 for evacuation
[582.711s][info][gc,phases      ] GC(1299)   Pre Evacuate Collection Set: 0.2ms
[582.711s][info][gc,phases      ] GC(1299)   Merge Heap Roots: 0.1ms
[582.711s][info][gc,phases      ] GC(1299)   Evacuate Collection Set: 0.4ms
[582.711s][info][gc,phases      ] GC(1299)   Post Evacuate Collection Set: 0.4ms
[582.711s][info][gc,phases      ] GC(1299)   Other: 0.1ms
[582.711s][info][gc,heap        ] GC(1299) Eden regions: 613->0(613)
[582.711s][info][gc,heap        ] GC(1299) Survivor regions: 1->1(77)
[582.711s][info][gc,heap        ] GC(1299) Old regions: 9->9
[582.711s][info][gc,heap        ] GC(1299) Humongous regions: 2->2
[582.711s][info][gc,metaspace   ] GC(1299) Metaspace: 16647K(16960K)->16647K(16960K) NonClass: 14322K(14464K)->14322K(14464K) Class: 2325K(2496K)->2325K(2496K)
[582.711s][info][gc             ] GC(1299) Pause Young (Prepare Mixed) (G1 Evacuation Pause) 619M->6M(1024M) 3.652ms
[582.711s][info][gc,cpu         ] GC(1299) User=0.00s Sys=0.00s Real=0.00s
[582.897s][info][gc,start       ] GC(1300) Pause Young (Mixed) (G1 Evacuation Pause)
[582.897s][info][gc,task        ] GC(1300) Using 6 workers of 6 for evacuation
[582.954s][info][gc,phases      ] GC(1300)   Pre Evacuate Collection Set: 0.2ms
[582.954s][info][gc,phases      ] GC(1300)   Merge Heap Roots: 0.1ms
[582.954s][info][gc,phases      ] GC(1300)   Evacuate Collection Set: 56.4ms
[582.954s][info][gc,phases      ] GC(1300)   Post Evacuate Collection Set: 0.7ms
[582.954s][info][gc,phases      ] GC(1300)   Other: 0.1ms
[582.954s][info][gc,heap        ] GC(1300) Eden regions: 613->0(537)
[582.954s][info][gc,heap        ] GC(1300) Survivor regions: 1->77(77)
[582.954s][info][gc,heap        ] GC(1300) Old regions: 9->59
[582.954s][info][gc,heap        ] GC(1300) Humongous regions: 3->3
[582.954s][info][gc,metaspace   ] GC(1300) Metaspace: 16647K(16960K)->16647K(16960K) NonClass: 14322K(14464K)->14322K(14464K) Class: 2325K(2496K)->2325K(2496K)
[582.954s][info][gc             ] GC(1300) Pause Young (Mixed) (G1 Evacuation Pause) 620M->134M(1024M) 57.643ms
[582.955s][info][gc,cpu         ] GC(1300) User=0.28s Sys=0.00s Real=0.06s
[583.322s][info][gc,start       ] GC(1301) Pause Young (Concurrent Start) (G1 Humongous Allocation)
[583.322s][info][gc,task        ] GC(1301) Using 6 workers of 6 for evacuation
[583.489s][info][gc,phases      ] GC(1301)   Pre Evacuate Collection Set: 0.2ms
[583.489s][info][gc,phases      ] GC(1301)   Merge Heap Roots: 0.3ms
[583.489s][info][gc,phases      ] GC(1301)   Evacuate Collection Set: 166.2ms
[583.489s][info][gc,phases      ] GC(1301)   Post Evacuate Collection Set: 1.1ms
[583.489s][info][gc,phases      ] GC(1301)   Other: 0.1ms
[583.490s][info][gc,heap        ] GC(1301) Eden regions: 449->0(283)
[583.490s][info][gc,heap        ] GC(1301) Survivor regions: 77->77(77)
[583.490s][info][gc,heap        ] GC(1301) Old regions: 59->359
[583.490s][info][gc,heap        ] GC(1301) Humongous regions: 3->3
[583.490s][info][gc,metaspace   ] GC(1301) Metaspace: 16647K(16960K)->16647K(16960K) NonClass: 14322K(14464K)->14322K(14464K) Class: 2325K(2496K)->2325K(2496K)
[583.490s][info][gc             ] GC(1301) Pause Young (Concurrent Start) (G1 Humongous Allocation) 582M->434M(1024M) 168.051ms
[583.490s][info][gc             ] GC(1302) Concurrent Mark Cycle
[583.490s][info][gc,cpu         ] GC(1301) User=1.12s Sys=0.00s Real=0.17s
[583.490s][info][gc,marking     ] GC(1302) Concurrent Scan Root Regions
[583.567s][info][gc,marking     ] GC(1302) Concurrent Scan Root Regions 77.558ms
[583.567s][info][gc,marking     ] GC(1302) Concurrent Mark
[583.567s][info][gc,marking     ] GC(1302) Concurrent Mark From Roots
[583.567s][info][gc,task        ] GC(1302) Using 2 workers of 2 for marking
[583.611s][info][gc,marking     ] GC(1302) Concurrent Mark From Roots 44.152ms
[583.611s][info][gc,marking     ] GC(1302) Concurrent Preclean
[583.612s][info][gc,marking     ] GC(1302) Concurrent Preclean 0.043ms
[583.612s][info][gc,start       ] GC(1302) Pause Remark
[583.613s][info][gc             ] GC(1302) Pause Remark 472M->472M(1024M) 1.084ms
[583.613s][info][gc,cpu         ] GC(1302) User=0.00s Sys=0.00s Real=0.00s
[583.613s][info][gc,marking     ] GC(1302) Concurrent Mark 45.550ms
[583.613s][info][gc,marking     ] GC(1302) Concurrent Rebuild Remembered Sets and Scrub Regions
[583.716s][info][gc,marking     ] GC(1302) Concurrent Rebuild Remembered Sets and Scrub Regions 102.871ms
[583.716s][info][gc,start       ] GC(1302) Pause Cleanup
[583.716s][info][gc             ] GC(1302) Pause Cleanup 515M->515M(1024M) 0.208ms
[583.716s][info][gc,cpu         ] GC(1302) User=0.00s Sys=0.00s Real=0.00s
[583.716s][info][gc,marking     ] GC(1302) Concurrent Clear Claimed Marks
[583.716s][info][gc,marking     ] GC(1302) Concurrent Clear Claimed Marks 0.028ms
[583.716s][info][gc,marking     ] GC(1302) Concurrent Cleanup for Next Mark
[583.718s][info][gc,marking     ] GC(1302) Concurrent Cleanup for Next Mark 2.010ms
[583.718s][info][gc             ] GC(1302) Concurrent Mark Cycle 228.660ms
[586.623s][info][gc,start       ] GC(1303) Pause Young (Prepare Mixed) (G1 Evacuation Pause)
[586.623s][info][gc,task        ] GC(1303) Using 6 workers of 6 for evacuation
[586.719s][info][gc,phases      ] GC(1303)   Pre Evacuate Collection Set: 0.5ms
[586.719s][info][gc,phases      ] GC(1303)   Merge Heap Roots: 1.7ms
[586.719s][info][gc,phases      ] GC(1303)   Evacuate Collection Set: 93.3ms
[586.719s][info][gc,phases      ] GC(1303)   Post Evacuate Collection Set: 0.7ms
[586.719s][info][gc,phases      ] GC(1303)   Other: 0.1ms
[586.719s][info][gc,heap        ] GC(1303) Eden regions: 283->0(243)
[586.719s][info][gc,heap        ] GC(1303) Survivor regions: 77->45(45)
[586.719s][info][gc,heap        ] GC(1303) Old regions: 359->474
[586.719s][info][gc,heap        ] GC(1303) Humongous regions: 4->4
[586.719s][info][gc,metaspace   ] GC(1303) Metaspace: 16647K(16960K)->16647K(16960K) NonClass: 14322K(14464K)->14322K(14464K) Class: 2325K(2496K)->2325K(2496K)
[586.719s][info][gc             ] GC(1303) Pause Young (Prepare Mixed) (G1 Evacuation Pause) 718M->518M(1024M) 96.445ms
[586.719s][info][gc,cpu         ] GC(1303) User=0.55s Sys=0.00s Real=0.09s
[586.856s][info][gc,start       ] GC(1304) Pause Young (Mixed) (G1 Evacuation Pause)
[586.856s][info][gc,task        ] GC(1304) Using 6 workers of 6 for evacuation
[586.935s][info][gc,phases      ] GC(1304)   Pre Evacuate Collection Set: 0.3ms
[586.935s][info][gc,phases      ] GC(1304)   Merge Heap Roots: 1.0ms
[586.935s][info][gc,phases      ] GC(1304)   Evacuate Collection Set: 76.9ms
[586.935s][info][gc,phases      ] GC(1304)   Post Evacuate Collection Set: 0.4ms
[586.935s][info][gc,phases      ] GC(1304)   Other: 0.1ms
[586.935s][info][gc,heap        ] GC(1304) Eden regions: 243->0(187)
[586.935s][info][gc,heap        ] GC(1304) Survivor regions: 45->36(36)
[586.935s][info][gc,heap        ] GC(1304) Old regions: 474->584
[586.935s][info][gc,heap        ] GC(1304) Humongous regions: 4->4
[586.935s][info][gc,metaspace   ] GC(1304) Metaspace: 16647K(16960K)->16647K(16960K) NonClass: 14322K(14464K)->14322K(14464K) Class: 2325K(2496K)->2325K(2496K)
[586.935s][info][gc             ] GC(1304) Pause Young (Mixed) (G1 Evacuation Pause) 761M->621M(1024M) 78.906ms
[586.935s][info][gc,cpu         ] GC(1304) User=0.39s Sys=0.00s Real=0.08s
[587.048s][info][gc,start       ] GC(1305) Pause Young (Concurrent Start) (G1 Evacuation Pause)
[587.048s][info][gc,task        ] GC(1305) Using 6 workers of 6 for evacuation
[587.104s][info][gc,phases      ] GC(1305)   Pre Evacuate Collection Set: 0.4ms
[587.104s][info][gc,phases      ] GC(1305)   Merge Heap Roots: 0.1ms
[587.104s][info][gc,phases      ] GC(1305)   Evacuate Collection Set: 55.0ms
[587.104s][info][gc,phases      ] GC(1305)   Post Evacuate Collection Set: 0.4ms
[587.104s][info][gc,phases      ] GC(1305)   Other: 0.2ms
[587.104s][info][gc,heap        ] GC(1305) Eden regions: 187->0(150)
[587.104s][info][gc,heap        ] GC(1305) Survivor regions: 36->28(28)
[587.104s][info][gc,heap        ] GC(1305) Old regions: 584->673
[587.104s][info][gc,heap        ] GC(1305) Humongous regions: 4->4
[587.104s][info][gc,metaspace   ] GC(1305) Metaspace: 16647K(16960K)->16647K(16960K) NonClass: 14322K(14464K)->14322K(14464K) Class: 2325K(2496K)->2325K(2496K)
[587.104s][info][gc             ] GC(1305) Pause Young (Concurrent Start) (G1 Evacuation Pause) 808M->702M(1024M) 56.419ms
[587.104s][info][gc,cpu         ] GC(1305) User=0.30s Sys=0.00s Real=0.06s
[587.104s][info][gc             ] GC(1306) Concurrent Mark Cycle
[587.104s][info][gc,marking     ] GC(1306) Concurrent Scan Root Regions
[587.131s][info][gc,marking     ] GC(1306) Concurrent Scan Root Regions 26.877ms
[587.131s][info][gc,marking     ] GC(1306) Concurrent Mark
[587.131s][info][gc,marking     ] GC(1306) Concurrent Mark From Roots
[587.131s][info][gc,task        ] GC(1306) Using 2 workers of 2 for marking
[587.208s][info][gc,start       ] GC(1307) Pause Young (Normal) (G1 Evacuation Pause)
[587.208s][info][gc,task        ] GC(1307) Using 6 workers of 6 for evacuation
[587.252s][info][gc,phases      ] GC(1307)   Pre Evacuate Collection Set: 0.2ms
[587.252s][info][gc,phases      ] GC(1307)   Merge Heap Roots: 0.1ms
[587.252s][info][gc,phases      ] GC(1307)   Evacuate Collection Set: 43.5ms
[587.252s][info][gc,phases      ] GC(1307)   Post Evacuate Collection Set: 0.4ms
[587.252s][info][gc,phases      ] GC(1307)   Other: 0.1ms
[587.252s][info][gc,heap        ] GC(1307) Eden regions: 150->0(120)
[587.252s][info][gc,heap        ] GC(1307) Survivor regions: 28->23(23)
[587.252s][info][gc,heap        ] GC(1307) Old regions: 673->742
[587.252s][info][gc,heap        ] GC(1307) Humongous regions: 4->4
[587.252s][info][gc,metaspace   ] GC(1307) Metaspace: 16647K(16960K)->16647K(16960K) NonClass: 14322K(14464K)->14322K(14464K) Class: 2325K(2496K)->2325K(2496K)
[587.252s][info][gc             ] GC(1307) Pause Young (Normal) (G1 Evacuation Pause) 852M->766M(1024M) 44.362ms
[587.252s][info][gc,cpu         ] GC(1307) User=0.08s Sys=0.00s Real=0.05s
[587.283s][info][gc,marking     ] GC(1306) Concurrent Mark From Roots 152.219ms
[587.283s][info][gc,marking     ] GC(1306) Concurrent Preclean
[587.283s][info][gc,marking     ] GC(1306) Concurrent Preclean 0.066ms
[587.284s][info][gc,start       ] GC(1306) Pause Remark
[587.285s][info][gc             ] GC(1306) Pause Remark 814M->400M(1024M) 1.409ms
[587.285s][info][gc,cpu         ] GC(1306) User=0.00s Sys=0.00s Real=0.00s
[587.285s][info][gc,marking     ] GC(1306) Concurrent Mark 153.896ms
[587.285s][info][gc,marking     ] GC(1306) Concurrent Rebuild Remembered Sets and Scrub Regions
[587.332s][info][gc,start       ] GC(1308) Pause Young (Normal) (G1 Evacuation Pause)
[587.332s][info][gc,task        ] GC(1308) Using 6 workers of 6 for evacuation
[587.368s][info][gc,phases      ] GC(1308)   Pre Evacuate Collection Set: 0.2ms
[587.368s][info][gc,phases      ] GC(1308)   Merge Heap Roots: 0.1ms
[587.368s][info][gc,phases      ] GC(1308)   Evacuate Collection Set: 35.5ms
[587.368s][info][gc,phases      ] GC(1308)   Post Evacuate Collection Set: 0.5ms
[587.368s][info][gc,phases      ] GC(1308)   Other: 0.1ms
[587.368s][info][gc,heap        ] GC(1308) Eden regions: 120->0(307)
[587.368s][info][gc,heap        ] GC(1308) Survivor regions: 23->18(18)
[587.368s][info][gc,heap        ] GC(1308) Old regions: 330->389
[587.368s][info][gc,heap        ] GC(1308) Humongous regions: 2->2
[587.368s][info][gc,metaspace   ] GC(1308) Metaspace: 16647K(16960K)->16647K(16960K) NonClass: 14322K(14464K)->14322K(14464K) Class: 2325K(2496K)->2325K(2496K)
[587.368s][info][gc             ] GC(1308) Pause Young (Normal) (G1 Evacuation Pause) 472M->406M(1024M) 36.541ms
[587.368s][info][gc,cpu         ] GC(1308) User=0.08s Sys=0.00s Real=0.05s
[587.439s][info][gc,marking     ] GC(1306) Concurrent Rebuild Remembered Sets and Scrub Regions 154.283ms
[587.439s][info][gc,start       ] GC(1306) Pause Cleanup
[587.440s][info][gc             ] GC(1306) Pause Cleanup 506M->506M(1024M) 0.330ms
[587.440s][info][gc,cpu         ] GC(1306) User=0.00s Sys=0.00s Real=0.00s
[587.440s][info][gc,marking     ] GC(1306) Concurrent Clear Claimed Marks
[587.440s][info][gc,marking     ] GC(1306) Concurrent Clear Claimed Marks 0.027ms
[587.440s][info][gc,marking     ] GC(1306) Concurrent Cleanup for Next Mark
[587.441s][info][gc,marking     ] GC(1306) Concurrent Cleanup for Next Mark 1.327ms
[587.441s][info][gc             ] GC(1306) Concurrent Mark Cycle 337.168ms
[587.959s][info][gc,start       ] GC(1309) Pause Young (Prepare Mixed) (G1 Evacuation Pause)
[587.959s][info][gc,task        ] GC(1309) Using 6 workers of 6 for evacuation
[588.037s][info][gc,phases      ] GC(1309)   Pre Evacuate Collection Set: 0.2ms
[588.037s][info][gc,phases      ] GC(1309)   Merge Heap Roots: 2.0ms
[588.037s][info][gc,phases      ] GC(1309)   Evacuate Collection Set: 74.8ms
[588.037s][info][gc,phases      ] GC(1309)   Post Evacuate Collection Set: 1.1ms
[588.037s][info][gc,phases      ] GC(1309)   Other: 0.1ms
[588.037s][info][gc,heap        ] GC(1309) Eden regions: 307->0(272)
[588.037s][info][gc,heap        ] GC(1309) Survivor regions: 18->41(41)
[588.037s][info][gc,heap        ] GC(1309) Old regions: 389->440
[588.037s][info][gc,heap        ] GC(1309) Humongous regions: 8->8
[588.037s][info][gc,metaspace   ] GC(1309) Metaspace: 16647K(16960K)->16647K(16960K) NonClass: 14322K(14464K)->14322K(14464K) Class: 2325K(2496K)->2325K(2496K)
[588.037s][info][gc             ] GC(1309) Pause Young (Prepare Mixed) (G1 Evacuation Pause) 719M->486M(1024M) 78.455ms
[588.037s][info][gc,cpu         ] GC(1309) User=0.38s Sys=0.00s Real=0.06s
[588.523s][info][gc,start       ] GC(1310) Pause Young (Mixed) (G1 Evacuation Pause)
[588.523s][info][gc,task        ] GC(1310) Using 6 workers of 6 for evacuation
[588.556s][info][gc,phases      ] GC(1310)   Pre Evacuate Collection Set: 0.2ms
[588.556s][info][gc,phases      ] GC(1310)   Merge Heap Roots: 1.2ms
[588.556s][info][gc,phases      ] GC(1310)   Evacuate Collection Set: 30.0ms
[588.556s][info][gc,phases      ] GC(1310)   Post Evacuate Collection Set: 0.6ms
[588.556s][info][gc,phases      ] GC(1310)   Other: 0.1ms
[588.556s][info][gc,heap        ] GC(1310) Eden regions: 272->0(309)
[588.556s][info][gc,heap        ] GC(1310) Survivor regions: 41->3(40)
[588.556s][info][gc,heap        ] GC(1310) Old regions: 440->461
[588.556s][info][gc,heap        ] GC(1310) Humongous regions: 8->8
[588.556s][info][gc,metaspace   ] GC(1310) Metaspace: 16647K(16960K)->16647K(16960K) NonClass: 14322K(14464K)->14322K(14464K) Class: 2325K(2496K)->2325K(2496K)
[588.556s][info][gc             ] GC(1310) Pause Young (Mixed) (G1 Evacuation Pause) 758M->469M(1024M) 32.378ms
[588.556s][info][gc,cpu         ] GC(1310) User=0.09s Sys=0.00s Real=0.03s
[589.416s][info][gc,start       ] GC(1311) Pause Full (System.gc())
[589.416s][info][gc,task        ] GC(1311) Using 6 workers of 6 for full compaction
[589.416s][info][gc,phases,start] GC(1311) Phase 1: Mark live objects
[589.419s][info][gc,phases      ] GC(1311) Phase 1: Mark live objects 2.591ms
[589.419s][info][gc,phases,start] GC(1311) Phase 2: Prepare compaction
[589.420s][info][gc,phases      ] GC(1311) Phase 2: Prepare compaction 0.815ms
[589.420s][info][gc,phases,start] GC(1311) Phase 3: Adjust pointers
[589.422s][info][gc,phases      ] GC(1311) Phase 3: Adjust pointers 2.165ms
[589.422s][info][gc,phases,start] GC(1311) Phase 4: Compact heap
[589.423s][info][gc,phases      ] GC(1311) Phase 4: Compact heap 0.624ms
[589.423s][info][gc,phases,start] GC(1311) Phase 5: Reset Metadata
[589.424s][info][gc,phases      ] GC(1311) Phase 5: Reset Metadata 0.777ms
[589.427s][info][gc,heap        ] GC(1311) Eden regions: 177->0(560)
[589.427s][info][gc,heap        ] GC(1311) Survivor regions: 3->0(40)
[589.427s][info][gc,heap        ] GC(1311) Old regions: 461->9
[589.427s][info][gc,heap        ] GC(1311) Humongous regions: 8->2
[589.427s][info][gc,metaspace   ] GC(1311) Metaspace: 16647K(16960K)->16647K(16960K) NonClass: 14322K(14464K)->14322K(14464K) Class: 2325K(2496K)->2325K(2496K)
[589.427s][info][gc             ] GC(1311) Pause Full (System.gc()) 646M->5M(1024M) 10.978ms
[589.427s][info][gc,cpu         ] GC(1311) User=0.00s Sys=0.02s Real=0.02s
[590.579s][info][gc,start       ] GC(1312) Pause Young (Concurrent Start) (G1 Evacuation Pause)
[590.579s][info][gc,task        ] GC(1312) Using 6 workers of 6 for evacuation
[590.581s][info][gc,phases      ] GC(1312)   Pre Evacuate Collection Set: 0.2ms
[590.581s][info][gc,phases      ] GC(1312)   Merge Heap Roots: 0.1ms
[590.581s][info][gc,phases      ] GC(1312)   Evacuate Collection Set: 0.4ms
[590.581s][info][gc,phases      ] GC(1312)   Post Evacuate Collection Set: 0.4ms
[590.581s][info][gc,phases      ] GC(1312)   Other: 0.1ms
[590.581s][info][gc,heap        ] GC(1312) Eden regions: 560->0(612)
[590.581s][info][gc,heap        ] GC(1312) Survivor regions: 0->2(70)
[590.581s][info][gc,heap        ] GC(1312) Old regions: 9->9
[590.581s][info][gc,heap        ] GC(1312) Humongous regions: 2->2
[590.581s][info][gc,metaspace   ] GC(1312) Metaspace: 16647K(16960K)->16647K(16960K) NonClass: 14322K(14464K)->14322K(14464K) Class: 2325K(2496K)->2325K(2496K)
[590.581s][info][gc             ] GC(1312) Pause Young (Concurrent Start) (G1 Evacuation Pause) 565M->7M(1024M) 1.354ms
[590.581s][info][gc             ] GC(1313) Concurrent Mark Cycle
[590.581s][info][gc,cpu         ] GC(1312) User=0.00s Sys=0.00s Real=0.00s
[590.581s][info][gc,marking     ] GC(1313) Concurrent Scan Root Regions
[590.581s][info][gc,marking     ] GC(1313) Concurrent Scan Root Regions 0.200ms
[590.581s][info][gc,marking     ] GC(1313) Concurrent Mark
[590.581s][info][gc,marking     ] GC(1313) Concurrent Mark From Roots
[590.581s][info][gc,task        ] GC(1313) Using 2 workers of 2 for marking
[590.584s][info][gc,marking     ] GC(1313) Concurrent Mark From Roots 3.164ms
[590.584s][info][gc,marking     ] GC(1313) Concurrent Preclean
[590.584s][info][gc,marking     ] GC(1313) Concurrent Preclean 0.023ms
[590.584s][info][gc,start       ] GC(1313) Pause Remark
[590.585s][info][gc             ] GC(1313) Pause Remark 25M->25M(1024M) 1.062ms
[590.585s][info][gc,cpu         ] GC(1313) User=0.00s Sys=0.00s Real=0.00s
[590.585s][info][gc,marking     ] GC(1313) Concurrent Mark 4.500ms
[590.585s][info][gc,marking     ] GC(1313) Concurrent Rebuild Remembered Sets and Scrub Regions
[590.586s][info][gc,marking     ] GC(1313) Concurrent Rebuild Remembered Sets and Scrub Regions 0.999ms
[590.587s][info][gc,start       ] GC(1313) Pause Cleanup
[590.587s][info][gc             ] GC(1313) Pause Cleanup 30M->30M(1024M) 0.115ms
[590.587s][info][gc,cpu         ] GC(1313) User=0.00s Sys=0.00s Real=0.00s
[590.587s][info][gc,marking     ] GC(1313) Concurrent Clear Claimed Marks
[590.587s][info][gc,marking     ] GC(1313) Concurrent Clear Claimed Marks 0.022ms
[590.587s][info][gc,marking     ] GC(1313) Concurrent Cleanup for Next Mark
[590.589s][info][gc,marking     ] GC(1313) Concurrent Cleanup for Next Mark 2.562ms
[590.589s][info][gc             ] GC(1313) Concurrent Mark Cycle 8.776ms
[590.681s][info][gc,start       ] GC(1314) Pause Young (Prepare Mixed) (G1 Evacuation Pause)
[590.681s][info][gc,task        ] GC(1314) Using 6 workers of 6 for evacuation
[590.682s][info][gc,phases      ] GC(1314)   Pre Evacuate Collection Set: 0.2ms
[590.682s][info][gc,phases      ] GC(1314)   Merge Heap Roots: 0.1ms
[590.682s][info][gc,phases      ] GC(1314)   Evacuate Collection Set: 0.3ms
[590.682s][info][gc,phases      ] GC(1314)   Post Evacuate Collection Set: 0.4ms
[590.682s][info][gc,phases      ] GC(1314)   Other: 0.1ms
[590.682s][info][gc,heap        ] GC(1314) Eden regions: 612->0(613)
[590.682s][info][gc,heap        ] GC(1314) Survivor regions: 2->1(77)
[590.682s][info][gc,heap        ] GC(1314) Old regions: 9->9
[590.682s][info][gc,heap        ] GC(1314) Humongous regions: 2->2
[590.682s][info][gc,metaspace   ] GC(1314) Metaspace: 16647K(16960K)->16647K(16960K) NonClass: 14322K(14464K)->14322K(14464K) Class: 2325K(2496K)->2325K(2496K)
[590.682s][info][gc             ] GC(1314) Pause Young (Prepare Mixed) (G1 Evacuation Pause) 619M->6M(1024M) 1.251ms
[590.682s][info][gc,cpu         ] GC(1314) User=0.00s Sys=0.00s Real=0.00s
[590.776s][info][gc,start       ] GC(1315) Pause Young (Mixed) (G1 Evacuation Pause)
[590.776s][info][gc,task        ] GC(1315) Using 6 workers of 6 for evacuation
[590.777s][info][gc,phases      ] GC(1315)   Pre Evacuate Collection Set: 0.2ms
[590.777s][info][gc,phases      ] GC(1315)   Merge Heap Roots: 0.1ms
[590.777s][info][gc,phases      ] GC(1315)   Evacuate Collection Set: 0.3ms
[590.777s][info][gc,phases      ] GC(1315)   Post Evacuate Collection Set: 0.4ms
[590.777s][info][gc,phases      ] GC(1315)   Other: 0.1ms
[590.777s][info][gc,heap        ] GC(1315) Eden regions: 613->0(613)
[590.777s][info][gc,heap        ] GC(1315) Survivor regions: 1->1(77)
[590.777s][info][gc,heap        ] GC(1315) Old regions: 9->9
[590.777s][info][gc,heap        ] GC(1315) Humongous regions: 2->2
[590.777s][info][gc,metaspace   ] GC(1315) Metaspace: 16647K(16960K)->16647K(16960K) NonClass: 14322K(14464K)->14322K(14464K) Class: 2325K(2496K)->2325K(2496K)
[590.777s][info][gc             ] GC(1315) Pause Young (Mixed) (G1 Evacuation Pause) 619M->6M(1024M) 1.336ms
[590.777s][info][gc,cpu         ] GC(1315) User=0.00s Sys=0.00s Real=0.00s
[590.872s][info][gc,start       ] GC(1316) Pause Young (Concurrent Start) (G1 Evacuation Pause)
[590.872s][info][gc,task        ] GC(1316) Using 6 workers of 6 for evacuation
[590.873s][info][gc,phases      ] GC(1316)   Pre Evacuate Collection Set: 0.2ms
[590.873s][info][gc,phases      ] GC(1316)   Merge Heap Roots: 0.1ms
[590.873s][info][gc,phases      ] GC(1316)   Evacuate Collection Set: 0.4ms
[590.873s][info][gc,phases      ] GC(1316)   Post Evacuate Collection Set: 0.3ms
[590.873s][info][gc,phases      ] GC(1316)   Other: 0.1ms
[590.873s][info][gc,heap        ] GC(1316) Eden regions: 613->0(613)
[590.873s][info][gc,heap        ] GC(1316) Survivor regions: 1->1(77)
[590.873s][info][gc,heap        ] GC(1316) Old regions: 9->9
[590.873s][info][gc,heap        ] GC(1316) Humongous regions: 2->2
[590.873s][info][gc,metaspace   ] GC(1316) Metaspace: 16647K(16960K)->16647K(16960K) NonClass: 14322K(14464K)->14322K(14464K) Class: 2325K(2496K)->2325K(2496K)
[590.873s][info][gc             ] GC(1316) Pause Young (Concurrent Start) (G1 Evacuation Pause) 619M->6M(1024M) 1.264ms
[590.873s][info][gc             ] GC(1317) Concurrent Mark Cycle
[590.873s][info][gc,cpu         ] GC(1316) User=0.02s Sys=0.00s Real=0.00s
[590.873s][info][gc,marking     ] GC(1317) Concurrent Scan Root Regions
[590.874s][info][gc,marking     ] GC(1317) Concurrent Scan Root Regions 0.284ms
[590.874s][info][gc,marking     ] GC(1317) Concurrent Mark
[590.874s][info][gc,marking     ] GC(1317) Concurrent Mark From Roots
[590.874s][info][gc,task        ] GC(1317) Using 2 workers of 2 for marking
[590.877s][info][gc,marking     ] GC(1317) Concurrent Mark From Roots 3.076ms
[590.877s][info][gc,marking     ] GC(1317) Concurrent Preclean
[590.877s][info][gc,marking     ] GC(1317) Concurrent Preclean 0.021ms
[590.877s][info][gc,start       ] GC(1317) Pause Remark
[590.878s][info][gc             ] GC(1317) Pause Remark 22M->22M(1024M) 1.126ms
[590.878s][info][gc,cpu         ] GC(1317) User=0.00s Sys=0.00s Real=0.00s
[590.878s][info][gc,marking     ] GC(1317) Concurrent Mark 4.489ms
[590.878s][info][gc,marking     ] GC(1317) Concurrent Rebuild Remembered Sets and Scrub Regions
[590.879s][info][gc,marking     ] GC(1317) Concurrent Rebuild Remembered Sets and Scrub Regions 1.007ms
[590.879s][info][gc,start       ] GC(1317) Pause Cleanup
[590.880s][info][gc             ] GC(1317) Pause Cleanup 28M->28M(1024M) 0.107ms
[590.880s][info][gc,cpu         ] GC(1317) User=0.00s Sys=0.00s Real=0.00s
[590.880s][info][gc,marking     ] GC(1317) Concurrent Clear Claimed Marks
[590.880s][info][gc,marking     ] GC(1317) Concurrent Clear Claimed Marks 0.028ms
[590.880s][info][gc,marking     ] GC(1317) Concurrent Cleanup for Next Mark
[590.882s][info][gc,marking     ] GC(1317) Concurrent Cleanup for Next Mark 2.429ms
[590.882s][info][gc             ] GC(1317) Concurrent Mark Cycle 8.764ms
[591.028s][info][gc,start       ] GC(1318) Pause Young (Prepare Mixed) (G1 Evacuation Pause)
[591.028s][info][gc,task        ] GC(1318) Using 6 workers of 6 for evacuation
[591.069s][info][gc,phases      ] GC(1318)   Pre Evacuate Collection Set: 0.2ms
[591.069s][info][gc,phases      ] GC(1318)   Merge Heap Roots: 0.1ms
[591.069s][info][gc,phases      ] GC(1318)   Evacuate Collection Set: 39.9ms
[591.069s][info][gc,phases      ] GC(1318)   Post Evacuate Collection Set: 0.5ms
[591.069s][info][gc,phases      ] GC(1318)   Other: 0.1ms
[591.069s][info][gc,heap        ] GC(1318) Eden regions: 613->0(537)
[591.069s][info][gc,heap        ] GC(1318) Survivor regions: 1->77(77)
[591.069s][info][gc,heap        ] GC(1318) Old regions: 9->21
[591.069s][info][gc,heap        ] GC(1318) Humongous regions: 3->3
[591.069s][info][gc,metaspace   ] GC(1318) Metaspace: 16647K(16960K)->16647K(16960K) NonClass: 14322K(14464K)->14322K(14464K) Class: 2325K(2496K)->2325K(2496K)
[591.069s][info][gc             ] GC(1318) Pause Young (Prepare Mixed) (G1 Evacuation Pause) 620M->96M(1024M) 41.012ms
[591.069s][info][gc,cpu         ] GC(1318) User=0.05s Sys=0.00s Real=0.05s
[591.571s][info][gc,start       ] GC(1319) Pause Young (Mixed) (G1 Evacuation Pause)
[591.571s][info][gc,task        ] GC(1319) Using 6 workers of 6 for evacuation
[591.758s][info][gc,phases      ] GC(1319)   Pre Evacuate Collection Set: 0.2ms
[591.758s][info][gc,phases      ] GC(1319)   Merge Heap Roots: 0.1ms
[591.758s][info][gc,phases      ] GC(1319)   Evacuate Collection Set: 175.7ms
[591.758s][info][gc,phases      ] GC(1319)   Post Evacuate Collection Set: 10.3ms
[591.758s][info][gc,phases      ] GC(1319)   Other: 0.1ms
[591.758s][info][gc,heap        ] GC(1319) Eden regions: 537->0(0)
[591.758s][info][gc,heap        ] GC(1319) Survivor regions: 77->77(77)
[591.758s][info][gc,heap        ] GC(1319) Old regions: 21->920
[591.758s][info][gc,heap        ] GC(1319) Humongous regions: 4->4
[591.758s][info][gc,metaspace   ] GC(1319) Metaspace: 16647K(16960K)->16647K(16960K) NonClass: 14322K(14464K)->14322K(14464K) Class: 2325K(2496K)->2325K(2496K)
[591.758s][info][gc             ] GC(1319) Pause Young (Mixed) (G1 Evacuation Pause) (Evacuation Failure) 634M->997M(1024M) 186.677ms
[591.758s][info][gc,cpu         ] GC(1319) User=1.05s Sys=0.00s Real=0.19s
[591.758s][info][gc,ergo        ] Attempting full compaction
[591.758s][info][gc,start       ] GC(1320) Pause Full (G1 Compaction Pause)
[591.758s][info][gc,task        ] GC(1320) Using 6 workers of 6 for full compaction
[591.758s][info][gc,phases,start] GC(1320) Phase 1: Mark live objects
[591.872s][info][gc,phases      ] GC(1320) Phase 1: Mark live objects 113.468ms
[591.872s][info][gc,phases,start] GC(1320) Phase 2: Prepare compaction
[591.878s][info][gc,phases      ] GC(1320) Phase 2: Prepare compaction 5.924ms
[591.878s][info][gc,phases,start] GC(1320) Phase 3: Adjust pointers
[591.905s][info][gc,phases      ] GC(1320) Phase 3: Adjust pointers 26.854ms
[591.905s][info][gc,phases,start] GC(1320) Phase 4: Compact heap
[591.911s][info][gc,phases      ] GC(1320) Phase 4: Compact heap 6.535ms
[591.911s][info][gc,phases,start] GC(1320) Phase 5: Reset Metadata
[591.924s][info][gc,phases      ] GC(1320) Phase 5: Reset Metadata 13.162ms
[591.930s][info][gc,heap        ] GC(1320) Eden regions: 0->0(319)
[591.930s][info][gc,heap        ] GC(1320) Survivor regions: 77->0(77)
[591.930s][info][gc,heap        ] GC(1320) Old regions: 920->414
[591.930s][info][gc,heap        ] GC(1320) Humongous regions: 4->4
[591.930s][info][gc,metaspace   ] GC(1320) Metaspace: 16647K(16960K)->16647K(16960K) NonClass: 14322K(14464K)->14322K(14464K) Class: 2325K(2496K)->2325K(2496K)
[591.930s][info][gc             ] GC(1320) Pause Full (G1 Compaction Pause) 997M->415M(1024M) 172.296ms
[591.930s][info][gc,cpu         ] GC(1320) User=0.69s Sys=0.00s Real=0.17s
[595.365s][info][gc,start       ] GC(1321) Pause Young (Concurrent Start) (G1 Evacuation Pause)
[595.365s][info][gc,task        ] GC(1321) Using 6 workers of 6 for evacuation
[595.443s][info][gc,phases      ] GC(1321)   Pre Evacuate Collection Set: 0.3ms
[595.443s][info][gc,phases      ] GC(1321)   Merge Heap Roots: 1.0ms
[595.443s][info][gc,phases      ] GC(1321)   Evacuate Collection Set: 75.5ms
[595.443s][info][gc,phases      ] GC(1321)   Post Evacuate Collection Set: 0.7ms
[595.443s][info][gc,phases      ] GC(1321)   Other: 0.2ms
[595.443s][info][gc,heap        ] GC(1321) Eden regions: 319->0(245)
[595.443s][info][gc,heap        ] GC(1321) Survivor regions: 0->40(40)
[595.443s][info][gc,heap        ] GC(1321) Old regions: 414->492
[595.443s][info][gc,heap        ] GC(1321) Humongous regions: 4->4
[595.443s][info][gc,metaspace   ] GC(1321) Metaspace: 16647K(16960K)->16647K(16960K) NonClass: 14322K(14464K)->14322K(14464K) Class: 2325K(2496K)->2325K(2496K)
[595.443s][info][gc             ] GC(1321) Pause Young (Concurrent Start) (G1 Evacuation Pause) 734M->532M(1024M) 77.922ms
[595.443s][info][gc             ] GC(1322) Concurrent Mark Cycle
[595.443s][info][gc,cpu         ] GC(1321) User=0.39s Sys=0.00s Real=0.08s
[595.443s][info][gc,marking     ] GC(1322) Concurrent Scan Root Regions
[595.467s][info][gc,marking     ] GC(1322) Concurrent Scan Root Regions 23.570ms
[595.467s][info][gc,marking     ] GC(1322) Concurrent Mark
[595.467s][info][gc,marking     ] GC(1322) Concurrent Mark From Roots
[595.467s][info][gc,task        ] GC(1322) Using 2 workers of 2 for marking
[595.523s][info][gc,marking     ] GC(1322) Concurrent Mark From Roots 55.824ms
[595.523s][info][gc,marking     ] GC(1322) Concurrent Preclean
[595.523s][info][gc,marking     ] GC(1322) Concurrent Preclean 0.063ms
[595.523s][info][gc,start       ] GC(1322) Pause Remark
[595.524s][info][gc             ] GC(1322) Pause Remark 659M->536M(1024M) 1.223ms
[595.524s][info][gc,cpu         ] GC(1322) User=0.00s Sys=0.00s Real=0.00s
[595.524s][info][gc,marking     ] GC(1322) Concurrent Mark 57.348ms
[595.524s][info][gc,marking     ] GC(1322) Concurrent Rebuild Remembered Sets and Scrub Regions
[595.595s][info][gc,start       ] GC(1323) Pause Young (Normal) (G1 Evacuation Pause)
[595.595s][info][gc,task        ] GC(1323) Using 6 workers of 6 for evacuation
[595.671s][info][gc,phases      ] GC(1323)   Pre Evacuate Collection Set: 0.2ms
[595.671s][info][gc,phases      ] GC(1323)   Merge Heap Roots: 0.9ms
[595.671s][info][gc,phases      ] GC(1323)   Evacuate Collection Set: 74.0ms
[595.671s][info][gc,phases      ] GC(1323)   Post Evacuate Collection Set: 0.4ms
[595.671s][info][gc,phases      ] GC(1323)   Other: 0.1ms
[595.671s][info][gc,heap        ] GC(1323) Eden regions: 245->0(252)
[595.671s][info][gc,heap        ] GC(1323) Survivor regions: 40->36(36)
[595.671s][info][gc,heap        ] GC(1323) Old regions: 370->476
[595.671s][info][gc,heap        ] GC(1323) Humongous regions: 3->3
[595.671s][info][gc,metaspace   ] GC(1323) Metaspace: 16647K(16960K)->16647K(16960K) NonClass: 14322K(14464K)->14322K(14464K) Class: 2325K(2496K)->2325K(2496K)
[595.671s][info][gc             ] GC(1323) Pause Young (Normal) (G1 Evacuation Pause) 654M->512M(1024M) 75.769ms
[595.671s][info][gc,cpu         ] GC(1323) User=0.38s Sys=0.05s Real=0.08s
[595.683s][info][gc,marking     ] GC(1322) Concurrent Rebuild Remembered Sets and Scrub Regions 158.542ms
[595.683s][info][gc,start       ] GC(1322) Pause Cleanup
[595.683s][info][gc             ] GC(1322) Pause Cleanup 531M->531M(1024M) 0.304ms
[595.683s][info][gc,cpu         ] GC(1322) User=0.00s Sys=0.00s Real=0.00s
[595.683s][info][gc,marking     ] GC(1322) Concurrent Clear Claimed Marks
[595.683s][info][gc,marking     ] GC(1322) Concurrent Clear Claimed Marks 0.026ms
[595.683s][info][gc,marking     ] GC(1322) Concurrent Cleanup for Next Mark
[595.684s][info][gc,marking     ] GC(1322) Concurrent Cleanup for Next Mark 1.338ms
[595.685s][info][gc             ] GC(1322) Concurrent Mark Cycle 241.536ms
[595.825s][info][gc,start       ] GC(1324) Pause Young (Prepare Mixed) (G1 Evacuation Pause)
[595.825s][info][gc,task        ] GC(1324) Using 6 workers of 6 for evacuation
[595.894s][info][gc,phases      ] GC(1324)   Pre Evacuate Collection Set: 0.5ms
[595.894s][info][gc,phases      ] GC(1324)   Merge Heap Roots: 0.2ms
[595.894s][info][gc,phases      ] GC(1324)   Evacuate Collection Set: 67.4ms
[595.894s][info][gc,phases      ] GC(1324)   Post Evacuate Collection Set: 0.4ms
[595.894s][info][gc,phases      ] GC(1324)   Other: 0.1ms
[595.894s][info][gc,heap        ] GC(1324) Eden regions: 252->0(196)
[595.894s][info][gc,heap        ] GC(1324) Survivor regions: 36->36(36)
[595.894s][info][gc,heap        ] GC(1324) Old regions: 476->583
[595.894s][info][gc,heap        ] GC(1324) Humongous regions: 3->3
[595.894s][info][gc,metaspace   ] GC(1324) Metaspace: 16647K(16960K)->16647K(16960K) NonClass: 14322K(14464K)->14322K(14464K) Class: 2325K(2496K)->2325K(2496K)
[595.894s][info][gc             ] GC(1324) Pause Young (Prepare Mixed) (G1 Evacuation Pause) 764M->618M(1024M) 68.783ms
[595.894s][info][gc,cpu         ] GC(1324) User=0.38s Sys=0.00s Real=0.06s
[596.017s][info][gc,start       ] GC(1325) Pause Young (Mixed) (G1 Evacuation Pause)
[596.017s][info][gc,task        ] GC(1325) Using 6 workers of 6 for evacuation
[596.075s][info][gc,phases      ] GC(1325)   Pre Evacuate Collection Set: 0.5ms
[596.075s][info][gc,phases      ] GC(1325)   Merge Heap Roots: 0.2ms
[596.075s][info][gc,phases      ] GC(1325)   Evacuate Collection Set: 56.6ms
[596.075s][info][gc,phases      ] GC(1325)   Post Evacuate Collection Set: 0.4ms
[596.075s][info][gc,phases      ] GC(1325)   Other: 0.1ms
[596.075s][info][gc,heap        ] GC(1325) Eden regions: 196->0(205)
[596.075s][info][gc,heap        ] GC(1325) Survivor regions: 36->29(29)
[596.075s][info][gc,heap        ] GC(1325) Old regions: 583->572
[596.075s][info][gc,heap        ] GC(1325) Humongous regions: 3->3
[596.075s][info][gc,metaspace   ] GC(1325) Metaspace: 16647K(16960K)->16647K(16960K) NonClass: 14322K(14464K)->14322K(14464K) Class: 2325K(2496K)->2325K(2496K)
[596.075s][info][gc             ] GC(1325) Pause Young (Mixed) (G1 Evacuation Pause) 814M->603M(1024M) 58.074ms
[596.075s][info][gc,cpu         ] GC(1325) User=0.30s Sys=0.00s Real=0.06s
[596.573s][info][gc,start       ] GC(1326) Pause Young (Mixed) (G1 Evacuation Pause)
[596.573s][info][gc,task        ] GC(1326) Using 6 workers of 6 for evacuation
[596.646s][info][gc,phases      ] GC(1326)   Pre Evacuate Collection Set: 0.3ms
[596.646s][info][gc,phases      ] GC(1326)   Merge Heap Roots: 2.5ms
[596.646s][info][gc,phases      ] GC(1326)   Evacuate Collection Set: 68.8ms
[596.646s][info][gc,phases      ] GC(1326)   Post Evacuate Collection Set: 0.9ms
[596.646s][info][gc,phases      ] GC(1326)   Other: 0.1ms
[596.646s][info][gc,heap        ] GC(1326) Eden regions: 205->0(228)
[596.646s][info][gc,heap        ] GC(1326) Survivor regions: 29->30(30)
[596.646s][info][gc,heap        ] GC(1326) Old regions: 572->531
[596.646s][info][gc,heap        ] GC(1326) Humongous regions: 9->9
[596.646s][info][gc,metaspace   ] GC(1326) Metaspace: 16647K(16960K)->16647K(16960K) NonClass: 14322K(14464K)->14322K(14464K) Class: 2325K(2496K)->2325K(2496K)
[596.646s][info][gc             ] GC(1326) Pause Young (Mixed) (G1 Evacuation Pause) 814M->569M(1024M) 72.932ms
[596.646s][info][gc,cpu         ] GC(1326) User=0.36s Sys=0.02s Real=0.08s
[597.063s][info][gc,start       ] GC(1327) Pause Young (Concurrent Start) (G1 Evacuation Pause)
[597.063s][info][gc,task        ] GC(1327) Using 6 workers of 6 for evacuation
[597.091s][info][gc,phases      ] GC(1327)   Pre Evacuate Collection Set: 0.3ms
[597.091s][info][gc,phases      ] GC(1327)   Merge Heap Roots: 1.3ms
[597.091s][info][gc,phases      ] GC(1327)   Evacuate Collection Set: 25.9ms
[597.091s][info][gc,phases      ] GC(1327)   Post Evacuate Collection Set: 0.6ms
[597.091s][info][gc,phases      ] GC(1327)   Other: 0.2ms
[597.091s][info][gc,heap        ] GC(1327) Eden regions: 228->0(256)
[597.091s][info][gc,heap        ] GC(1327) Survivor regions: 30->3(33)
[597.091s][info][gc,heap        ] GC(1327) Old regions: 531->551
[597.091s][info][gc,heap        ] GC(1327) Humongous regions: 9->9
[597.091s][info][gc,metaspace   ] GC(1327) Metaspace: 16647K(16960K)->16647K(16960K) NonClass: 14322K(14464K)->14322K(14464K) Class: 2325K(2496K)->2325K(2496K)
[597.091s][info][gc             ] GC(1327) Pause Young (Concurrent Start) (G1 Evacuation Pause) 797M->562M(1024M) 28.620ms
[597.091s][info][gc,cpu         ] GC(1327) User=0.08s Sys=0.00s Real=0.02s
[597.091s][info][gc             ] GC(1328) Concurrent Mark Cycle
[597.091s][info][gc,marking     ] GC(1328) Concurrent Scan Root Regions
[597.105s][info][gc,marking     ] GC(1328) Concurrent Scan Root Regions 13.624ms
[597.105s][info][gc,marking     ] GC(1328) Concurrent Mark
[597.105s][info][gc,marking     ] GC(1328) Concurrent Mark From Roots
[597.105s][info][gc,task        ] GC(1328) Using 2 workers of 2 for marking
[597.396s][info][gc,marking     ] GC(1328) Concurrent Mark From Roots 291.190ms
[597.396s][info][gc,marking     ] GC(1328) Concurrent Preclean
[597.396s][info][gc,marking     ] GC(1328) Concurrent Preclean 0.063ms
[597.397s][info][gc,start       ] GC(1328) Pause Remark
[597.398s][info][gc             ] GC(1328) Pause Remark 726M->632M(1024M) 1.254ms
[597.398s][info][gc,cpu         ] GC(1328) User=0.00s Sys=0.00s Real=0.00s
[597.398s][info][gc,marking     ] GC(1328) Concurrent Mark 292.774ms
[597.398s][info][gc,marking     ] GC(1328) Concurrent Rebuild Remembered Sets and Scrub Regions
[597.485s][info][gc,marking     ] GC(1328) Concurrent Rebuild Remembered Sets and Scrub Regions 87.401ms
[597.485s][info][gc,start       ] GC(1328) Pause Cleanup
[597.486s][info][gc             ] GC(1328) Pause Cleanup 654M->654M(1024M) 0.257ms
[597.486s][info][gc,cpu         ] GC(1328) User=0.00s Sys=0.00s Real=0.00s
[597.486s][info][gc,marking     ] GC(1328) Concurrent Clear Claimed Marks
[597.486s][info][gc,marking     ] GC(1328) Concurrent Clear Claimed Marks 0.020ms
[597.486s][info][gc,marking     ] GC(1328) Concurrent Cleanup for Next Mark
[597.487s][info][gc,marking     ] GC(1328) Concurrent Cleanup for Next Mark 1.263ms
[597.487s][info][gc             ] GC(1328) Concurrent Mark Cycle 395.680ms
[598.093s][info][gc,start       ] GC(1329) Pause Young (Prepare Mixed) (G1 Evacuation Pause)
[598.093s][info][gc,task        ] GC(1329) Using 6 workers of 6 for evacuation
[598.098s][info][gc,phases      ] GC(1329)   Pre Evacuate Collection Set: 0.2ms
[598.098s][info][gc,phases      ] GC(1329)   Merge Heap Roots: 0.3ms
[598.098s][info][gc,phases      ] GC(1329)   Evacuate Collection Set: 3.6ms
[598.098s][info][gc,phases      ] GC(1329)   Post Evacuate Collection Set: 0.3ms
[598.098s][info][gc,phases      ] GC(1329)   Other: 0.1ms
[598.098s][info][gc,heap        ] GC(1329) Eden regions: 256->0(346)
[598.098s][info][gc,heap        ] GC(1329) Survivor regions: 3->3(33)
[598.098s][info][gc,heap        ] GC(1329) Old regions: 461->461
[598.098s][info][gc,heap        ] GC(1329) Humongous regions: 5->5
[598.098s][info][gc,metaspace   ] GC(1329) Metaspace: 16647K(16960K)->16647K(16960K) NonClass: 14322K(14464K)->14322K(14464K) Class: 2325K(2496K)->2325K(2496K)
[598.098s][info][gc             ] GC(1329) Pause Young (Prepare Mixed) (G1 Evacuation Pause) 724M->468M(1024M) 4.819ms
[598.098s][info][gc,cpu         ] GC(1329) User=0.00s Sys=0.00s Real=0.00s
[598.140s][info][gc,start       ] GC(1330) Pause Full (System.gc())
[598.140s][info][gc,task        ] GC(1330) Using 6 workers of 6 for full compaction
[598.140s][info][gc,phases,start] GC(1330) Phase 1: Mark live objects
[598.142s][info][gc,phases      ] GC(1330) Phase 1: Mark live objects 2.245ms
[598.142s][info][gc,phases,start] GC(1330) Phase 2: Prepare compaction
[598.143s][info][gc,phases      ] GC(1330) Phase 2: Prepare compaction 0.508ms
[598.143s][info][gc,phases,start] GC(1330) Phase 3: Adjust pointers
[598.145s][info][gc,phases      ] GC(1330) Phase 3: Adjust pointers 2.232ms
[598.145s][info][gc,phases,start] GC(1330) Phase 4: Compact heap
[598.146s][info][gc,phases      ] GC(1330) Phase 4: Compact heap 0.626ms
[598.146s][info][gc,phases,start] GC(1330) Phase 5: Reset Metadata
[598.147s][info][gc,phases      ] GC(1330) Phase 5: Reset Metadata 0.766ms
[598.150s][info][gc,heap        ] GC(1330) Eden regions: 7->0(614)
[598.150s][info][gc,heap        ] GC(1330) Survivor regions: 3->0(33)
[598.150s][info][gc,heap        ] GC(1330) Old regions: 461->10
[598.150s][info][gc,heap        ] GC(1330) Humongous regions: 5->2
[598.150s][info][gc,metaspace   ] GC(1330) Metaspace: 16647K(16960K)->16647K(16960K) NonClass: 14322K(14464K)->14322K(14464K) Class: 2325K(2496K)->2325K(2496K)
[598.150s][info][gc             ] GC(1330) Pause Full (System.gc()) 475M->5M(1024M) 10.738ms
[598.150s][info][gc,cpu         ] GC(1330) User=0.00s Sys=0.00s Real=0.00s
[599.350s][info][gc,start       ] GC(1331) Pause Young (Concurrent Start) (G1 Evacuation Pause)
[599.350s][info][gc,task        ] GC(1331) Using 6 workers of 6 for evacuation
[599.351s][info][gc,phases      ] GC(1331)   Pre Evacuate Collection Set: 0.2ms
[599.351s][info][gc,phases      ] GC(1331)   Merge Heap Roots: 0.1ms
[599.351s][info][gc,phases      ] GC(1331)   Evacuate Collection Set: 0.4ms
[599.351s][info][gc,phases      ] GC(1331)   Post Evacuate Collection Set: 0.4ms
[599.351s][info][gc,phases      ] GC(1331)   Other: 0.1ms
[599.351s][info][gc,heap        ] GC(1331) Eden regions: 614->0(613)
[599.351s][info][gc,heap        ] GC(1331) Survivor regions: 0->1(77)
[599.351s][info][gc,heap        ] GC(1331) Old regions: 10->10
[599.351s][info][gc,heap        ] GC(1331) Humongous regions: 2->2
[599.351s][info][gc,metaspace   ] GC(1331) Metaspace: 16647K(16960K)->16647K(16960K) NonClass: 14322K(14464K)->14322K(14464K) Class: 2325K(2496K)->2325K(2496K)
[599.351s][info][gc             ] GC(1331) Pause Young (Concurrent Start) (G1 Evacuation Pause) 619M->6M(1024M) 1.380ms
[599.351s][info][gc,cpu         ] GC(1331) User=0.00s Sys=0.00s Real=0.00s
[599.351s][info][gc             ] GC(1332) Concurrent Mark Cycle
[599.351s][info][gc,marking     ] GC(1332) Concurrent Scan Root Regions
[599.352s][info][gc,marking     ] GC(1332) Concurrent Scan Root Regions 0.270ms
[599.352s][info][gc,marking     ] GC(1332) Concurrent Mark
[599.352s][info][gc,marking     ] GC(1332) Concurrent Mark From Roots
[599.352s][info][gc,task        ] GC(1332) Using 2 workers of 2 for marking
[599.355s][info][gc,marking     ] GC(1332) Concurrent Mark From Roots 3.093ms
[599.355s][info][gc,marking     ] GC(1332) Concurrent Preclean
[599.355s][info][gc,marking     ] GC(1332) Concurrent Preclean 0.020ms
[599.355s][info][gc,start       ] GC(1332) Pause Remark
[599.356s][info][gc             ] GC(1332) Pause Remark 24M->24M(1024M) 1.055ms
[599.356s][info][gc,cpu         ] GC(1332) User=0.00s Sys=0.00s Real=0.00s
[599.356s][info][gc,marking     ] GC(1332) Concurrent Mark 4.426ms
[599.356s][info][gc,marking     ] GC(1332) Concurrent Rebuild Remembered Sets and Scrub Regions
[599.357s][info][gc,marking     ] GC(1332) Concurrent Rebuild Remembered Sets and Scrub Regions 1.015ms
[599.357s][info][gc,start       ] GC(1332) Pause Cleanup
[599.357s][info][gc             ] GC(1332) Pause Cleanup 30M->30M(1024M) 0.111ms
[599.357s][info][gc,cpu         ] GC(1332) User=0.00s Sys=0.00s Real=0.00s
[599.357s][info][gc,marking     ] GC(1332) Concurrent Clear Claimed Marks
[599.357s][info][gc,marking     ] GC(1332) Concurrent Clear Claimed Marks 0.022ms
[599.357s][info][gc,marking     ] GC(1332) Concurrent Cleanup for Next Mark
[599.360s][info][gc,marking     ] GC(1332) Concurrent Cleanup for Next Mark 2.350ms
[599.360s][info][gc             ] GC(1332) Concurrent Mark Cycle 8.587ms
[599.449s][info][gc,start       ] GC(1333) Pause Young (Prepare Mixed) (G1 Evacuation Pause)
[599.450s][info][gc,task        ] GC(1333) Using 6 workers of 6 for evacuation
[599.451s][info][gc,phases      ] GC(1333)   Pre Evacuate Collection Set: 0.2ms
[599.451s][info][gc,phases      ] GC(1333)   Merge Heap Roots: 0.1ms
[599.451s][info][gc,phases      ] GC(1333)   Evacuate Collection Set: 0.3ms
[599.451s][info][gc,phases      ] GC(1333)   Post Evacuate Collection Set: 0.4ms
[599.451s][info][gc,phases      ] GC(1333)   Other: 0.1ms
[599.451s][info][gc,heap        ] GC(1333) Eden regions: 613->0(613)
[599.451s][info][gc,heap        ] GC(1333) Survivor regions: 1->1(77)
[599.451s][info][gc,heap        ] GC(1333) Old regions: 9->9
[599.451s][info][gc,heap        ] GC(1333) Humongous regions: 2->2
[599.451s][info][gc,metaspace   ] GC(1333) Metaspace: 16647K(16960K)->16647K(16960K) NonClass: 14322K(14464K)->14322K(14464K) Class: 2325K(2496K)->2325K(2496K)
[599.451s][info][gc             ] GC(1333) Pause Young (Prepare Mixed) (G1 Evacuation Pause) 619M->6M(1024M) 1.265ms
[599.451s][info][gc,cpu         ] GC(1333) User=0.00s Sys=0.00s Real=0.00s
[599.546s][info][gc,start       ] GC(1334) Pause Young (Mixed) (G1 Evacuation Pause)
[599.546s][info][gc,task        ] GC(1334) Using 6 workers of 6 for evacuation
[599.547s][info][gc,phases      ] GC(1334)   Pre Evacuate Collection Set: 0.2ms
[599.547s][info][gc,phases      ] GC(1334)   Merge Heap Roots: 0.1ms
[599.547s][info][gc,phases      ] GC(1334)   Evacuate Collection Set: 0.3ms
[599.547s][info][gc,phases      ] GC(1334)   Post Evacuate Collection Set: 0.4ms
[599.547s][info][gc,phases      ] GC(1334)   Other: 0.1ms
[599.547s][info][gc,heap        ] GC(1334) Eden regions: 613->0(613)
[599.547s][info][gc,heap        ] GC(1334) Survivor regions: 1->1(77)
[599.547s][info][gc,heap        ] GC(1334) Old regions: 9->9
[599.547s][info][gc,heap        ] GC(1334) Humongous regions: 2->2
[599.547s][info][gc,metaspace   ] GC(1334) Metaspace: 16647K(16960K)->16647K(16960K) NonClass: 14322K(14464K)->14322K(14464K) Class: 2325K(2496K)->2325K(2496K)
[599.547s][info][gc             ] GC(1334) Pause Young (Mixed) (G1 Evacuation Pause) 619M->6M(1024M) 1.248ms
[599.547s][info][gc,cpu         ] GC(1334) User=0.00s Sys=0.00s Real=0.00s
[599.642s][info][gc,start       ] GC(1335) Pause Young (Concurrent Start) (G1 Evacuation Pause)
[599.642s][info][gc,task        ] GC(1335) Using 6 workers of 6 for evacuation
[599.643s][info][gc,phases      ] GC(1335)   Pre Evacuate Collection Set: 0.2ms
[599.643s][info][gc,phases      ] GC(1335)   Merge Heap Roots: 0.1ms
[599.643s][info][gc,phases      ] GC(1335)   Evacuate Collection Set: 0.3ms
[599.643s][info][gc,phases      ] GC(1335)   Post Evacuate Collection Set: 0.4ms
[599.643s][info][gc,phases      ] GC(1335)   Other: 0.1ms
[599.643s][info][gc,heap        ] GC(1335) Eden regions: 613->0(613)
[599.643s][info][gc,heap        ] GC(1335) Survivor regions: 1->1(77)
[599.643s][info][gc,heap        ] GC(1335) Old regions: 9->9
[599.643s][info][gc,heap        ] GC(1335) Humongous regions: 2->2
[599.643s][info][gc,metaspace   ] GC(1335) Metaspace: 16647K(16960K)->16647K(16960K) NonClass: 14322K(14464K)->14322K(14464K) Class: 2325K(2496K)->2325K(2496K)
[599.643s][info][gc             ] GC(1335) Pause Young (Concurrent Start) (G1 Evacuation Pause) 619M->6M(1024M) 1.356ms
[599.643s][info][gc             ] GC(1336) Concurrent Mark Cycle
[599.643s][info][gc,cpu         ] GC(1335) User=0.00s Sys=0.00s Real=0.00s
[599.643s][info][gc,marking     ] GC(1336) Concurrent Scan Root Regions
[599.644s][info][gc,marking     ] GC(1336) Concurrent Scan Root Regions 0.282ms
[599.644s][info][gc,marking     ] GC(1336) Concurrent Mark
[599.644s][info][gc,marking     ] GC(1336) Concurrent Mark From Roots
[599.644s][info][gc,task        ] GC(1336) Using 2 workers of 2 for marking
[599.647s][info][gc,marking     ] GC(1336) Concurrent Mark From Roots 3.106ms
[599.647s][info][gc,marking     ] GC(1336) Concurrent Preclean
[599.647s][info][gc,marking     ] GC(1336) Concurrent Preclean 0.021ms
[599.647s][info][gc,start       ] GC(1336) Pause Remark
[599.648s][info][gc             ] GC(1336) Pause Remark 23M->23M(1024M) 1.139ms
[599.648s][info][gc,cpu         ] GC(1336) User=0.00s Sys=0.00s Real=0.00s
[599.648s][info][gc,marking     ] GC(1336) Concurrent Mark 4.548ms
[599.648s][info][gc,marking     ] GC(1336) Concurrent Rebuild Remembered Sets and Scrub Regions
[599.649s][info][gc,marking     ] GC(1336) Concurrent Rebuild Remembered Sets and Scrub Regions 1.006ms
[599.649s][info][gc,start       ] GC(1336) Pause Cleanup
[599.650s][info][gc             ] GC(1336) Pause Cleanup 29M->29M(1024M) 0.147ms
[599.650s][info][gc,cpu         ] GC(1336) User=0.00s Sys=0.00s Real=0.00s
[599.650s][info][gc,marking     ] GC(1336) Concurrent Clear Claimed Marks
[599.650s][info][gc,marking     ] GC(1336) Concurrent Clear Claimed Marks 0.022ms
[599.650s][info][gc,marking     ] GC(1336) Concurrent Cleanup for Next Mark
[599.652s][info][gc,marking     ] GC(1336) Concurrent Cleanup for Next Mark 2.411ms
[599.652s][info][gc             ] GC(1336) Concurrent Mark Cycle 8.823ms
[599.829s][info][gc,start       ] GC(1337) Pause Young (Prepare Mixed) (G1 Evacuation Pause)
[599.829s][info][gc,task        ] GC(1337) Using 6 workers of 6 for evacuation
[599.885s][info][gc,phases      ] GC(1337)   Pre Evacuate Collection Set: 0.2ms
[599.885s][info][gc,phases      ] GC(1337)   Merge Heap Roots: 0.1ms
[599.885s][info][gc,phases      ] GC(1337)   Evacuate Collection Set: 54.6ms
[599.885s][info][gc,phases      ] GC(1337)   Post Evacuate Collection Set: 0.7ms
[599.885s][info][gc,phases      ] GC(1337)   Other: 0.1ms
[599.885s][info][gc,heap        ] GC(1337) Eden regions: 613->0(537)
[599.885s][info][gc,heap        ] GC(1337) Survivor regions: 1->77(77)
[599.885s][info][gc,heap        ] GC(1337) Old regions: 9->55
[599.885s][info][gc,heap        ] GC(1337) Humongous regions: 3->3
[599.885s][info][gc,metaspace   ] GC(1337) Metaspace: 16647K(16960K)->16647K(16960K) NonClass: 14322K(14464K)->14322K(14464K) Class: 2325K(2496K)->2325K(2496K)
[599.885s][info][gc             ] GC(1337) Pause Young (Prepare Mixed) (G1 Evacuation Pause) 620M->130M(1024M) 55.772ms
[599.885s][info][gc,cpu         ] GC(1337) User=0.34s Sys=0.00s Real=0.06s
[600.543s][info][gc,start       ] GC(1338) Pause Young (Mixed) (G1 Evacuation Pause)
[600.543s][info][gc,task        ] GC(1338) Using 6 workers of 6 for evacuation
[600.693s][info][gc,phases      ] GC(1338)   Pre Evacuate Collection Set: 0.1ms
[600.693s][info][gc,phases      ] GC(1338)   Merge Heap Roots: 0.3ms
[600.693s][info][gc,phases      ] GC(1338)   Evacuate Collection Set: 147.8ms
[600.693s][info][gc,phases      ] GC(1338)   Post Evacuate Collection Set: 0.9ms
[600.693s][info][gc,phases      ] GC(1338)   Other: 0.1ms
[600.693s][info][gc,heap        ] GC(1338) Eden regions: 537->0(334)
[600.693s][info][gc,heap        ] GC(1338) Survivor regions: 77->77(77)
[600.693s][info][gc,heap        ] GC(1338) Old regions: 55->328
[600.693s][info][gc,heap        ] GC(1338) Humongous regions: 4->4
[600.693s][info][gc,metaspace   ] GC(1338) Metaspace: 16647K(16960K)->16647K(16960K) NonClass: 14322K(14464K)->14322K(14464K) Class: 2325K(2496K)->2325K(2496K)
[600.693s][info][gc             ] GC(1338) Pause Young (Mixed) (G1 Evacuation Pause) 668M->405M(1024M) 149.430ms
[600.693s][info][gc,cpu         ] GC(1338) User=0.84s Sys=0.00s Real=0.16s
[603.734s][info][gc,start       ] GC(1339) Pause Young (Concurrent Start) (G1 Evacuation Pause)
[603.734s][info][gc,task        ] GC(1339) Using 6 workers of 6 for evacuation
[603.844s][info][gc,phases      ] GC(1339)   Pre Evacuate Collection Set: 0.3ms
[603.844s][info][gc,phases      ] GC(1339)   Merge Heap Roots: 0.9ms
[603.844s][info][gc,phases      ] GC(1339)   Evacuate Collection Set: 107.9ms
[603.844s][info][gc,phases      ] GC(1339)   Post Evacuate Collection Set: 1.0ms
[603.844s][info][gc,phases      ] GC(1339)   Other: 0.2ms
[603.844s][info][gc,heap        ] GC(1339) Eden regions: 334->0(241)
[603.844s][info][gc,heap        ] GC(1339) Survivor regions: 77->52(52)
[603.844s][info][gc,heap        ] GC(1339) Old regions: 328->494
[603.844s][info][gc,heap        ] GC(1339) Humongous regions: 4->4
[603.844s][info][gc,metaspace   ] GC(1339) Metaspace: 16647K(16960K)->16647K(16960K) NonClass: 14322K(14464K)->14322K(14464K) Class: 2325K(2496K)->2325K(2496K)
[603.844s][info][gc             ] GC(1339) Pause Young (Concurrent Start) (G1 Evacuation Pause) 739M->546M(1024M) 110.548ms
[603.844s][info][gc             ] GC(1340) Concurrent Mark Cycle
[603.844s][info][gc,cpu         ] GC(1339) User=0.58s Sys=0.00s Real=0.11s
[603.844s][info][gc,marking     ] GC(1340) Concurrent Scan Root Regions
[603.884s][info][gc,marking     ] GC(1340) Concurrent Scan Root Regions 40.157ms
[603.884s][info][gc,marking     ] GC(1340) Concurrent Mark
[603.884s][info][gc,marking     ] GC(1340) Concurrent Mark From Roots
[603.884s][info][gc,task        ] GC(1340) Using 2 workers of 2 for marking
[603.893s][info][gc,marking     ] GC(1340) Concurrent Mark From Roots 8.587ms
[603.893s][info][gc,marking     ] GC(1340) Concurrent Preclean
[603.893s][info][gc,marking     ] GC(1340) Concurrent Preclean 0.039ms
[603.893s][info][gc,start       ] GC(1340) Pause Remark
[603.894s][info][gc             ] GC(1340) Pause Remark 619M->403M(1024M) 1.216ms
[603.894s][info][gc,cpu         ] GC(1340) User=0.02s Sys=0.00s Real=0.01s
[603.894s][info][gc,marking     ] GC(1340) Concurrent Mark 10.057ms
[603.894s][info][gc,marking     ] GC(1340) Concurrent Rebuild Remembered Sets and Scrub Regions
[603.945s][info][gc,marking     ] GC(1340) Concurrent Rebuild Remembered Sets and Scrub Regions 50.389ms
[603.945s][info][gc,start       ] GC(1340) Pause Cleanup
[603.945s][info][gc             ] GC(1340) Pause Cleanup 490M->490M(1024M) 0.232ms
[603.945s][info][gc,cpu         ] GC(1340) User=0.00s Sys=0.00s Real=0.00s
[603.945s][info][gc,marking     ] GC(1340) Concurrent Clear Claimed Marks
[603.945s][info][gc,marking     ] GC(1340) Concurrent Clear Claimed Marks 0.048ms
[603.945s][info][gc,marking     ] GC(1340) Concurrent Cleanup for Next Mark
[603.947s][info][gc,marking     ] GC(1340) Concurrent Cleanup for Next Mark 1.658ms
[603.947s][info][gc             ] GC(1340) Concurrent Mark Cycle 102.937ms
[603.996s][info][gc,start       ] GC(1341) Pause Young (Prepare Mixed) (G1 Evacuation Pause)
[603.996s][info][gc,task        ] GC(1341) Using 6 workers of 6 for evacuation
[604.082s][info][gc,phases      ] GC(1341)   Pre Evacuate Collection Set: 0.4ms
[604.082s][info][gc,phases      ] GC(1341)   Merge Heap Roots: 1.2ms
[604.082s][info][gc,phases      ] GC(1341)   Evacuate Collection Set: 83.2ms
[604.082s][info][gc,phases      ] GC(1341)   Post Evacuate Collection Set: 0.5ms
[604.082s][info][gc,phases      ] GC(1341)   Other: 0.1ms
[604.082s][info][gc,heap        ] GC(1341) Eden regions: 241->0(295)
[604.082s][info][gc,heap        ] GC(1341) Survivor regions: 52->37(37)
[604.082s][info][gc,heap        ] GC(1341) Old regions: 279->397
[604.082s][info][gc,heap        ] GC(1341) Humongous regions: 3->3
[604.082s][info][gc,metaspace   ] GC(1341) Metaspace: 16647K(16960K)->16647K(16960K) NonClass: 14322K(14464K)->14322K(14464K) Class: 2325K(2496K)->2325K(2496K)
[604.082s][info][gc             ] GC(1341) Pause Young (Prepare Mixed) (G1 Evacuation Pause) 571M->433M(1024M) 85.583ms
[604.082s][info][gc,cpu         ] GC(1341) User=0.47s Sys=0.00s Real=0.08s
[604.262s][info][gc,start       ] GC(1342) Pause Young (Mixed) (G1 Evacuation Pause)
[604.262s][info][gc,task        ] GC(1342) Using 6 workers of 6 for evacuation
[604.341s][info][gc,phases      ] GC(1342)   Pre Evacuate Collection Set: 0.2ms
[604.341s][info][gc,phases      ] GC(1342)   Merge Heap Roots: 0.2ms
[604.341s][info][gc,phases      ] GC(1342)   Evacuate Collection Set: 78.2ms
[604.341s][info][gc,phases      ] GC(1342)   Post Evacuate Collection Set: 0.4ms
[604.341s][info][gc,phases      ] GC(1342)   Other: 0.1ms
[604.341s][info][gc,heap        ] GC(1342) Eden regions: 295->0(255)
[604.341s][info][gc,heap        ] GC(1342) Survivor regions: 37->42(42)
[604.341s][info][gc,heap        ] GC(1342) Old regions: 397->463
[604.341s][info][gc,heap        ] GC(1342) Humongous regions: 3->3
[604.341s][info][gc,metaspace   ] GC(1342) Metaspace: 16647K(16960K)->16647K(16960K) NonClass: 14322K(14464K)->14322K(14464K) Class: 2325K(2496K)->2325K(2496K)
[604.341s][info][gc             ] GC(1342) Pause Young (Mixed) (G1 Evacuation Pause) 728M->505M(1024M) 79.270ms
[604.341s][info][gc,cpu         ] GC(1342) User=0.41s Sys=0.00s Real=0.08s
[604.420s][info][gc,start       ] GC(1343) Pause Young (Concurrent Start) (G1 Humongous Allocation)
[604.420s][info][gc,task        ] GC(1343) Using 6 workers of 6 for evacuation
[604.466s][info][gc,phases      ] GC(1343)   Pre Evacuate Collection Set: 0.4ms
[604.466s][info][gc,phases      ] GC(1343)   Merge Heap Roots: 0.2ms
[604.466s][info][gc,phases      ] GC(1343)   Evacuate Collection Set: 45.6ms
[604.466s][info][gc,phases      ] GC(1343)   Post Evacuate Collection Set: 0.3ms
[604.466s][info][gc,phases      ] GC(1343)   Other: 0.2ms
[604.466s][info][gc,heap        ] GC(1343) Eden regions: 128->0(226)
[604.466s][info][gc,heap        ] GC(1343) Survivor regions: 42->38(38)
[604.466s][info][gc,heap        ] GC(1343) Old regions: 463->523
[604.466s][info][gc,heap        ] GC(1343) Humongous regions: 3->3
[604.466s][info][gc,metaspace   ] GC(1343) Metaspace: 16647K(16960K)->16647K(16960K) NonClass: 14322K(14464K)->14322K(14464K) Class: 2325K(2496K)->2325K(2496K)
[604.467s][info][gc             ] GC(1343) Pause Young (Concurrent Start) (G1 Humongous Allocation) 632M->561M(1024M) 46.892ms
[604.467s][info][gc             ] GC(1344) Concurrent Mark Cycle
[604.467s][info][gc,cpu         ] GC(1343) User=0.17s Sys=0.00s Real=0.05s
[604.467s][info][gc,marking     ] GC(1344) Concurrent Scan Root Regions
[604.495s][info][gc,marking     ] GC(1344) Concurrent Scan Root Regions 28.830ms
[604.495s][info][gc,marking     ] GC(1344) Concurrent Mark
[604.495s][info][gc,marking     ] GC(1344) Concurrent Mark From Roots
[604.495s][info][gc,task        ] GC(1344) Using 2 workers of 2 for marking
[604.726s][info][gc,marking     ] GC(1344) Concurrent Mark From Roots 231.012ms
[604.727s][info][gc,marking     ] GC(1344) Concurrent Preclean
[604.727s][info][gc,marking     ] GC(1344) Concurrent Preclean 0.064ms
[604.727s][info][gc,start       ] GC(1344) Pause Remark
[604.728s][info][gc             ] GC(1344) Pause Remark 633M->509M(1024M) 1.412ms
[604.728s][info][gc,cpu         ] GC(1344) User=0.00s Sys=0.00s Real=0.00s
[604.728s][info][gc,marking     ] GC(1344) Concurrent Mark 232.746ms
[604.728s][info][gc,marking     ] GC(1344) Concurrent Rebuild Remembered Sets and Scrub Regions
[604.826s][info][gc,marking     ] GC(1344) Concurrent Rebuild Remembered Sets and Scrub Regions 97.923ms
[604.826s][info][gc,start       ] GC(1344) Pause Cleanup
[604.826s][info][gc             ] GC(1344) Pause Cleanup 517M->517M(1024M) 0.201ms
[604.826s][info][gc,cpu         ] GC(1344) User=0.00s Sys=0.00s Real=0.00s
[604.827s][info][gc,marking     ] GC(1344) Concurrent Clear Claimed Marks
[604.827s][info][gc,marking     ] GC(1344) Concurrent Clear Claimed Marks 0.027ms
[604.827s][info][gc,marking     ] GC(1344) Concurrent Cleanup for Next Mark
[604.828s][info][gc,marking     ] GC(1344) Concurrent Cleanup for Next Mark 1.465ms
[604.828s][info][gc             ] GC(1344) Concurrent Mark Cycle 361.528ms
[605.110s][info][gc,start       ] GC(1345) Pause Young (Prepare Mixed) (G1 Evacuation Pause)
[605.110s][info][gc,task        ] GC(1345) Using 6 workers of 6 for evacuation
[605.173s][info][gc,phases      ] GC(1345)   Pre Evacuate Collection Set: 0.2ms
[605.173s][info][gc,phases      ] GC(1345)   Merge Heap Roots: 2.3ms
[605.173s][info][gc,phases      ] GC(1345)   Evacuate Collection Set: 59.9ms
[605.173s][info][gc,phases      ] GC(1345)   Post Evacuate Collection Set: 1.1ms
[605.173s][info][gc,phases      ] GC(1345)   Other: 0.1ms
[605.173s][info][gc,heap        ] GC(1345) Eden regions: 226->0(286)
[605.173s][info][gc,heap        ] GC(1345) Survivor regions: 38->33(33)
[605.173s][info][gc,heap        ] GC(1345) Old regions: 400->439
[605.173s][info][gc,heap        ] GC(1345) Humongous regions: 8->8
[605.173s][info][gc,metaspace   ] GC(1345) Metaspace: 16647K(16960K)->16647K(16960K) NonClass: 14322K(14464K)->14322K(14464K) Class: 2325K(2496K)->2325K(2496K)
[605.173s][info][gc             ] GC(1345) Pause Young (Prepare Mixed) (G1 Evacuation Pause) 669M->477M(1024M) 63.754ms
[605.173s][info][gc,cpu         ] GC(1345) User=0.30s Sys=0.00s Real=0.06s
[605.684s][info][gc,start       ] GC(1346) Pause Young (Mixed) (G1 Evacuation Pause)
[605.684s][info][gc,task        ] GC(1346) Using 6 workers of 6 for evacuation
[605.710s][info][gc,phases      ] GC(1346)   Pre Evacuate Collection Set: 0.3ms
[605.710s][info][gc,phases      ] GC(1346)   Merge Heap Roots: 1.1ms
[605.710s][info][gc,phases      ] GC(1346)   Evacuate Collection Set: 23.6ms
[605.710s][info][gc,phases      ] GC(1346)   Post Evacuate Collection Set: 0.5ms
[605.710s][info][gc,phases      ] GC(1346)   Other: 0.1ms
[605.710s][info][gc,heap        ] GC(1346) Eden regions: 286->0(329)
[605.710s][info][gc,heap        ] GC(1346) Survivor regions: 33->3(40)
[605.710s][info][gc,heap        ] GC(1346) Old regions: 439->445
[605.710s][info][gc,heap        ] GC(1346) Humongous regions: 8->8
[605.710s][info][gc,metaspace   ] GC(1346) Metaspace: 16647K(16960K)->16647K(16960K) NonClass: 14322K(14464K)->14322K(14464K) Class: 2325K(2496K)->2325K(2496K)
[605.710s][info][gc             ] GC(1346) Pause Young (Mixed) (G1 Evacuation Pause) 763M->454M(1024M) 25.916ms
[605.710s][info][gc,cpu         ] GC(1346) User=0.09s Sys=0.00s Real=0.03s
[606.513s][info][gc,start       ] GC(1347) Pause Full (System.gc())
[606.513s][info][gc,task        ] GC(1347) Using 6 workers of 6 for full compaction
[606.513s][info][gc,phases,start] GC(1347) Phase 1: Mark live objects
[606.516s][info][gc,phases      ] GC(1347) Phase 1: Mark live objects 2.310ms
[606.516s][info][gc,phases,start] GC(1347) Phase 2: Prepare compaction
[606.517s][info][gc,phases      ] GC(1347) Phase 2: Prepare compaction 0.754ms
[606.517s][info][gc,phases,start] GC(1347) Phase 3: Adjust pointers
[606.519s][info][gc,phases      ] GC(1347) Phase 3: Adjust pointers 2.032ms
[606.519s][info][gc,phases,start] GC(1347) Phase 4: Compact heap
[606.519s][info][gc,phases      ] GC(1347) Phase 4: Compact heap 0.501ms
[606.519s][info][gc,phases,start] GC(1347) Phase 5: Reset Metadata
[606.520s][info][gc,phases      ] GC(1347) Phase 5: Reset Metadata 0.715ms
[606.524s][info][gc,heap        ] GC(1347) Eden regions: 149->0(599)
[606.524s][info][gc,heap        ] GC(1347) Survivor regions: 3->0(40)
[606.524s][info][gc,heap        ] GC(1347) Old regions: 445->9
[606.524s][info][gc,heap        ] GC(1347) Humongous regions: 8->2
[606.524s][info][gc,metaspace   ] GC(1347) Metaspace: 16647K(16960K)->16647K(16960K) NonClass: 14322K(14464K)->14322K(14464K) Class: 2325K(2496K)->2325K(2496K)
[606.524s][info][gc             ] GC(1347) Pause Full (System.gc()) 602M->5M(1024M) 10.740ms
[606.524s][info][gc,cpu         ] GC(1347) User=0.02s Sys=0.00s Real=0.02s
[607.673s][info][gc,start       ] GC(1348) Pause Young (Normal) (G1 Evacuation Pause)
[607.673s][info][gc,task        ] GC(1348) Using 6 workers of 6 for evacuation
[607.674s][info][gc,phases      ] GC(1348)   Pre Evacuate Collection Set: 0.2ms
[607.674s][info][gc,phases      ] GC(1348)   Merge Heap Roots: 0.1ms
[607.674s][info][gc,phases      ] GC(1348)   Evacuate Collection Set: 0.3ms
[607.674s][info][gc,phases      ] GC(1348)   Post Evacuate Collection Set: 0.4ms
[607.674s][info][gc,phases      ] GC(1348)   Other: 0.1ms
[607.674s][info][gc,heap        ] GC(1348) Eden regions: 599->0(612)
[607.674s][info][gc,heap        ] GC(1348) Survivor regions: 0->2(75)
[607.674s][info][gc,heap        ] GC(1348) Old regions: 9->9
[607.674s][info][gc,heap        ] GC(1348) Humongous regions: 2->2
[607.674s][info][gc,metaspace   ] GC(1348) Metaspace: 16647K(16960K)->16647K(16960K) NonClass: 14322K(14464K)->14322K(14464K) Class: 2325K(2496K)->2325K(2496K)
[607.674s][info][gc             ] GC(1348) Pause Young (Normal) (G1 Evacuation Pause) 604M->7M(1024M) 1.233ms
[607.674s][info][gc,cpu         ] GC(1348) User=0.00s Sys=0.00s Real=0.00s
[607.768s][info][gc,start       ] GC(1349) Pause Young (Normal) (G1 Evacuation Pause)
[607.768s][info][gc,task        ] GC(1349) Using 6 workers of 6 for evacuation
[607.769s][info][gc,phases      ] GC(1349)   Pre Evacuate Collection Set: 0.2ms
[607.769s][info][gc,phases      ] GC(1349)   Merge Heap Roots: 0.1ms
[607.769s][info][gc,phases      ] GC(1349)   Evacuate Collection Set: 0.3ms
[607.769s][info][gc,phases      ] GC(1349)   Post Evacuate Collection Set: 0.4ms
[607.770s][info][gc,phases      ] GC(1349)   Other: 0.1ms
[607.770s][info][gc,heap        ] GC(1349) Eden regions: 612->0(613)
[607.770s][info][gc,heap        ] GC(1349) Survivor regions: 2->1(77)
[607.770s][info][gc,heap        ] GC(1349) Old regions: 9->9
[607.770s][info][gc,heap        ] GC(1349) Humongous regions: 2->2
[607.770s][info][gc,metaspace   ] GC(1349) Metaspace: 16647K(16960K)->16647K(16960K) NonClass: 14322K(14464K)->14322K(14464K) Class: 2325K(2496K)->2325K(2496K)
[607.770s][info][gc             ] GC(1349) Pause Young (Normal) (G1 Evacuation Pause) 619M->6M(1024M) 1.153ms
[607.770s][info][gc,cpu         ] GC(1349) User=0.00s Sys=0.00s Real=0.00s
[607.863s][info][gc,start       ] GC(1350) Pause Young (Concurrent Start) (G1 Evacuation Pause)
[607.863s][info][gc,task        ] GC(1350) Using 6 workers of 6 for evacuation
[607.865s][info][gc,phases      ] GC(1350)   Pre Evacuate Collection Set: 0.2ms
[607.865s][info][gc,phases      ] GC(1350)   Merge Heap Roots: 0.1ms
[607.865s][info][gc,phases      ] GC(1350)   Evacuate Collection Set: 0.4ms
[607.865s][info][gc,phases      ] GC(1350)   Post Evacuate Collection Set: 0.4ms
[607.865s][info][gc,phases      ] GC(1350)   Other: 0.1ms
[607.865s][info][gc,heap        ] GC(1350) Eden regions: 613->0(613)
[607.865s][info][gc,heap        ] GC(1350) Survivor regions: 1->1(77)
[607.865s][info][gc,heap        ] GC(1350) Old regions: 9->9
[607.865s][info][gc,heap        ] GC(1350) Humongous regions: 2->2
[607.865s][info][gc,metaspace   ] GC(1350) Metaspace: 16647K(16960K)->16647K(16960K) NonClass: 14322K(14464K)->14322K(14464K) Class: 2325K(2496K)->2325K(2496K)
[607.865s][info][gc             ] GC(1350) Pause Young (Concurrent Start) (G1 Evacuation Pause) 619M->6M(1024M) 1.427ms
[607.865s][info][gc             ] GC(1351) Concurrent Mark Cycle
[607.865s][info][gc,cpu         ] GC(1350) User=0.02s Sys=0.00s Real=0.02s
[607.865s][info][gc,marking     ] GC(1351) Concurrent Scan Root Regions
[607.865s][info][gc,marking     ] GC(1351) Concurrent Scan Root Regions 0.263ms
[607.865s][info][gc,marking     ] GC(1351) Concurrent Mark
[607.865s][info][gc,marking     ] GC(1351) Concurrent Mark From Roots
[607.865s][info][gc,task        ] GC(1351) Using 2 workers of 2 for marking
[607.868s][info][gc,marking     ] GC(1351) Concurrent Mark From Roots 3.137ms
[607.868s][info][gc,marking     ] GC(1351) Concurrent Preclean
[607.868s][info][gc,marking     ] GC(1351) Concurrent Preclean 0.023ms
[607.868s][info][gc,start       ] GC(1351) Pause Remark
[607.869s][info][gc             ] GC(1351) Pause Remark 24M->24M(1024M) 1.080ms
[607.869s][info][gc,cpu         ] GC(1351) User=0.00s Sys=0.00s Real=0.00s
[607.869s][info][gc,marking     ] GC(1351) Concurrent Mark 4.481ms
[607.869s][info][gc,marking     ] GC(1351) Concurrent Rebuild Remembered Sets and Scrub Regions
[607.870s][info][gc,marking     ] GC(1351) Concurrent Rebuild Remembered Sets and Scrub Regions 1.005ms
[607.871s][info][gc,start       ] GC(1351) Pause Cleanup
[607.871s][info][gc             ] GC(1351) Pause Cleanup 28M->28M(1024M) 0.121ms
[607.871s][info][gc,cpu         ] GC(1351) User=0.00s Sys=0.00s Real=0.00s
[607.871s][info][gc,marking     ] GC(1351) Concurrent Clear Claimed Marks
[607.871s][info][gc,marking     ] GC(1351) Concurrent Clear Claimed Marks 0.025ms
[607.871s][info][gc,marking     ] GC(1351) Concurrent Cleanup for Next Mark
[607.873s][info][gc,marking     ] GC(1351) Concurrent Cleanup for Next Mark 2.429ms
[607.873s][info][gc             ] GC(1351) Concurrent Mark Cycle 8.675ms
[607.963s][info][gc,start       ] GC(1352) Pause Young (Prepare Mixed) (G1 Evacuation Pause)
[607.963s][info][gc,task        ] GC(1352) Using 6 workers of 6 for evacuation
[607.965s][info][gc,phases      ] GC(1352)   Pre Evacuate Collection Set: 0.2ms
[607.965s][info][gc,phases      ] GC(1352)   Merge Heap Roots: 0.1ms
[607.965s][info][gc,phases      ] GC(1352)   Evacuate Collection Set: 0.4ms
[607.965s][info][gc,phases      ] GC(1352)   Post Evacuate Collection Set: 0.4ms
[607.965s][info][gc,phases      ] GC(1352)   Other: 0.1ms
[607.965s][info][gc,heap        ] GC(1352) Eden regions: 613->0(613)
[607.965s][info][gc,heap        ] GC(1352) Survivor regions: 1->1(77)
[607.965s][info][gc,heap        ] GC(1352) Old regions: 8->8
[607.965s][info][gc,heap        ] GC(1352) Humongous regions: 2->2
[607.965s][info][gc,metaspace   ] GC(1352) Metaspace: 16647K(16960K)->16647K(16960K) NonClass: 14322K(14464K)->14322K(14464K) Class: 2325K(2496K)->2325K(2496K)
[607.965s][info][gc             ] GC(1352) Pause Young (Prepare Mixed) (G1 Evacuation Pause) 619M->6M(1024M) 1.427ms
[607.965s][info][gc,cpu         ] GC(1352) User=0.00s Sys=0.00s Real=0.00s
[608.152s][info][gc,start       ] GC(1353) Pause Young (Mixed) (G1 Evacuation Pause)
[608.152s][info][gc,task        ] GC(1353) Using 6 workers of 6 for evacuation
[608.206s][info][gc,phases      ] GC(1353)   Pre Evacuate Collection Set: 0.2ms
[608.206s][info][gc,phases      ] GC(1353)   Merge Heap Roots: 0.1ms
[608.206s][info][gc,phases      ] GC(1353)   Evacuate Collection Set: 53.0ms
[608.206s][info][gc,phases      ] GC(1353)   Post Evacuate Collection Set: 0.6ms
[608.206s][info][gc,phases      ] GC(1353)   Other: 0.1ms
[608.206s][info][gc,heap        ] GC(1353) Eden regions: 613->0(537)
[608.206s][info][gc,heap        ] GC(1353) Survivor regions: 1->77(77)
[608.206s][info][gc,heap        ] GC(1353) Old regions: 8->49
[608.206s][info][gc,heap        ] GC(1353) Humongous regions: 3->3
[608.206s][info][gc,metaspace   ] GC(1353) Metaspace: 16647K(16960K)->16647K(16960K) NonClass: 14322K(14464K)->14322K(14464K) Class: 2325K(2496K)->2325K(2496K)
[608.206s][info][gc             ] GC(1353) Pause Young (Mixed) (G1 Evacuation Pause) 620M->125M(1024M) 54.138ms
[608.206s][info][gc,cpu         ] GC(1353) User=0.30s Sys=0.00s Real=0.06s
[608.576s][info][gc,start       ] GC(1354) Pause Young (Concurrent Start) (G1 Humongous Allocation)
[608.576s][info][gc,task        ] GC(1354) Using 6 workers of 6 for evacuation
[608.747s][info][gc,phases      ] GC(1354)   Pre Evacuate Collection Set: 0.2ms
[608.748s][info][gc,phases      ] GC(1354)   Merge Heap Roots: 0.2ms
[608.748s][info][gc,phases      ] GC(1354)   Evacuate Collection Set: 169.1ms
[608.748s][info][gc,phases      ] GC(1354)   Post Evacuate Collection Set: 1.0ms
[608.748s][info][gc,phases      ] GC(1354)   Other: 0.1ms
[608.748s][info][gc,heap        ] GC(1354) Eden regions: 461->0(286)
[608.748s][info][gc,heap        ] GC(1354) Survivor regions: 77->77(77)
[608.748s][info][gc,heap        ] GC(1354) Old regions: 49->357
[608.748s][info][gc,heap        ] GC(1354) Humongous regions: 3->3
[608.748s][info][gc,metaspace   ] GC(1354) Metaspace: 16647K(16960K)->16647K(16960K) NonClass: 14322K(14464K)->14322K(14464K) Class: 2325K(2496K)->2325K(2496K)
[608.748s][info][gc             ] GC(1354) Pause Young (Concurrent Start) (G1 Humongous Allocation) 586M->433M(1024M) 172.091ms
[608.749s][info][gc,cpu         ] GC(1354) User=0.95s Sys=0.00s Real=0.17s
[608.749s][info][gc             ] GC(1355) Concurrent Mark Cycle
[608.749s][info][gc,marking     ] GC(1355) Concurrent Scan Root Regions
[608.827s][info][gc,marking     ] GC(1355) Concurrent Scan Root Regions 78.946ms
[608.828s][info][gc,marking     ] GC(1355) Concurrent Mark
[608.828s][info][gc,marking     ] GC(1355) Concurrent Mark From Roots
[608.828s][info][gc,task        ] GC(1355) Using 2 workers of 2 for marking
[608.863s][info][gc,marking     ] GC(1355) Concurrent Mark From Roots 35.768ms
[608.863s][info][gc,marking     ] GC(1355) Concurrent Preclean
[608.863s][info][gc,marking     ] GC(1355) Concurrent Preclean 0.051ms
[608.864s][info][gc,start       ] GC(1355) Pause Remark
[608.865s][info][gc             ] GC(1355) Pause Remark 461M->461M(1024M) 1.002ms
[608.865s][info][gc,cpu         ] GC(1355) User=0.00s Sys=0.00s Real=0.00s
[608.865s][info][gc,marking     ] GC(1355) Concurrent Mark 37.042ms
[608.865s][info][gc,marking     ] GC(1355) Concurrent Rebuild Remembered Sets and Scrub Regions
[608.964s][info][gc,marking     ] GC(1355) Concurrent Rebuild Remembered Sets and Scrub Regions 99.795ms
[608.965s][info][gc,start       ] GC(1355) Pause Cleanup
[608.965s][info][gc             ] GC(1355) Pause Cleanup 496M->496M(1024M) 0.205ms
[608.965s][info][gc,cpu         ] GC(1355) User=0.00s Sys=0.00s Real=0.00s
[608.965s][info][gc,marking     ] GC(1355) Concurrent Clear Claimed Marks
[608.965s][info][gc,marking     ] GC(1355) Concurrent Clear Claimed Marks 0.035ms
[608.965s][info][gc,marking     ] GC(1355) Concurrent Cleanup for Next Mark
[608.967s][info][gc,marking     ] GC(1355) Concurrent Cleanup for Next Mark 1.770ms
[608.967s][info][gc             ] GC(1355) Concurrent Mark Cycle 218.180ms
[611.233s][info][gc,start       ] GC(1356) Pause Young (Prepare Mixed) (G1 Evacuation Pause)
[611.233s][info][gc,task        ] GC(1356) Using 6 workers of 6 for evacuation
[611.328s][info][gc,phases      ] GC(1356)   Pre Evacuate Collection Set: 0.2ms
[611.328s][info][gc,phases      ] GC(1356)   Merge Heap Roots: 1.7ms
[611.328s][info][gc,phases      ] GC(1356)   Evacuate Collection Set: 92.9ms
[611.328s][info][gc,phases      ] GC(1356)   Post Evacuate Collection Set: 0.7ms
[611.328s][info][gc,phases      ] GC(1356)   Other: 0.1ms
[611.328s][info][gc,heap        ] GC(1356) Eden regions: 286->0(243)
[611.328s][info][gc,heap        ] GC(1356) Survivor regions: 77->46(46)
[611.328s][info][gc,heap        ] GC(1356) Old regions: 357->473
[611.328s][info][gc,heap        ] GC(1356) Humongous regions: 4->4
[611.328s][info][gc,metaspace   ] GC(1356) Metaspace: 16647K(16960K)->16647K(16960K) NonClass: 14322K(14464K)->14322K(14464K) Class: 2325K(2496K)->2325K(2496K)
[611.328s][info][gc             ] GC(1356) Pause Young (Prepare Mixed) (G1 Evacuation Pause) 720M->519M(1024M) 95.828ms
[611.329s][info][gc,cpu         ] GC(1356) User=0.48s Sys=0.00s Real=0.09s
[611.467s][info][gc,start       ] GC(1357) Pause Young (Mixed) (G1 Evacuation Pause)
[611.467s][info][gc,task        ] GC(1357) Using 6 workers of 6 for evacuation
[611.547s][info][gc,phases      ] GC(1357)   Pre Evacuate Collection Set: 0.3ms
[611.549s][info][gc,phases      ] GC(1357)   Merge Heap Roots: 0.9ms
[611.549s][info][gc,phases      ] GC(1357)   Evacuate Collection Set: 78.5ms
[611.549s][info][gc,phases      ] GC(1357)   Post Evacuate Collection Set: 0.4ms
[611.549s][info][gc,phases      ] GC(1357)   Other: 0.1ms
[611.549s][info][gc,heap        ] GC(1357) Eden regions: 243->0(186)
[611.549s][info][gc,heap        ] GC(1357) Survivor regions: 46->37(37)
[611.549s][info][gc,heap        ] GC(1357) Old regions: 473->585
[611.549s][info][gc,heap        ] GC(1357) Humongous regions: 4->4
[611.549s][info][gc,metaspace   ] GC(1357) Metaspace: 16647K(16960K)->16647K(16960K) NonClass: 14322K(14464K)->14322K(14464K) Class: 2325K(2496K)->2325K(2496K)
[611.550s][info][gc             ] GC(1357) Pause Young (Mixed) (G1 Evacuation Pause) 762M->623M(1024M) 82.390ms
[611.550s][info][gc,cpu         ] GC(1357) User=0.44s Sys=0.00s Real=0.09s
[611.659s][info][gc,start       ] GC(1358) Pause Young (Concurrent Start) (G1 Evacuation Pause)
[611.659s][info][gc,task        ] GC(1358) Using 6 workers of 6 for evacuation
[611.714s][info][gc,phases      ] GC(1358)   Pre Evacuate Collection Set: 0.5ms
[611.714s][info][gc,phases      ] GC(1358)   Merge Heap Roots: 0.2ms
[611.714s][info][gc,phases      ] GC(1358)   Evacuate Collection Set: 53.7ms
[611.714s][info][gc,phases      ] GC(1358)   Post Evacuate Collection Set: 0.4ms
[611.714s][info][gc,phases      ] GC(1358)   Other: 0.2ms
[611.714s][info][gc,heap        ] GC(1358) Eden regions: 186->0(150)
[611.714s][info][gc,heap        ] GC(1358) Survivor regions: 37->28(28)
[611.714s][info][gc,heap        ] GC(1358) Old regions: 585->674
[611.714s][info][gc,heap        ] GC(1358) Humongous regions: 4->4
[611.714s][info][gc,metaspace   ] GC(1358) Metaspace: 16647K(16960K)->16647K(16960K) NonClass: 14322K(14464K)->14322K(14464K) Class: 2325K(2496K)->2325K(2496K)
[611.714s][info][gc             ] GC(1358) Pause Young (Concurrent Start) (G1 Evacuation Pause) 809M->703M(1024M) 55.138ms
[611.714s][info][gc             ] GC(1359) Concurrent Mark Cycle
[611.714s][info][gc,cpu         ] GC(1358) User=0.28s Sys=0.00s Real=0.05s
[611.714s][info][gc,marking     ] GC(1359) Concurrent Scan Root Regions
[611.740s][info][gc,marking     ] GC(1359) Concurrent Scan Root Regions 26.426ms
[611.740s][info][gc,marking     ] GC(1359) Concurrent Mark
[611.740s][info][gc,marking     ] GC(1359) Concurrent Mark From Roots
[611.740s][info][gc,task        ] GC(1359) Using 2 workers of 2 for marking
[611.818s][info][gc,start       ] GC(1360) Pause Young (Normal) (G1 Evacuation Pause)
[611.818s][info][gc,task        ] GC(1360) Using 6 workers of 6 for evacuation
[611.862s][info][gc,phases      ] GC(1360)   Pre Evacuate Collection Set: 0.2ms
[611.862s][info][gc,phases      ] GC(1360)   Merge Heap Roots: 0.1ms
[611.862s][info][gc,phases      ] GC(1360)   Evacuate Collection Set: 42.7ms
[611.862s][info][gc,phases      ] GC(1360)   Post Evacuate Collection Set: 0.3ms
[611.862s][info][gc,phases      ] GC(1360)   Other: 0.1ms
[611.862s][info][gc,heap        ] GC(1360) Eden regions: 150->0(119)
[611.862s][info][gc,heap        ] GC(1360) Survivor regions: 28->23(23)
[611.862s][info][gc,heap        ] GC(1360) Old regions: 674->744
[611.862s][info][gc,heap        ] GC(1360) Humongous regions: 4->4
[611.862s][info][gc,metaspace   ] GC(1360) Metaspace: 16647K(16960K)->16647K(16960K) NonClass: 14322K(14464K)->14322K(14464K) Class: 2325K(2496K)->2325K(2496K)
[611.862s][info][gc             ] GC(1360) Pause Young (Normal) (G1 Evacuation Pause) 853M->768M(1024M) 43.583ms
[611.862s][info][gc,cpu         ] GC(1360) User=0.11s Sys=0.00s Real=0.05s
[611.893s][info][gc,marking     ] GC(1359) Concurrent Mark From Roots 152.314ms
[611.893s][info][gc,marking     ] GC(1359) Concurrent Preclean
[611.893s][info][gc,marking     ] GC(1359) Concurrent Preclean 0.067ms
[611.893s][info][gc,start       ] GC(1359) Pause Remark
[611.894s][info][gc             ] GC(1359) Pause Remark 815M->399M(1024M) 1.103ms
[611.894s][info][gc,cpu         ] GC(1359) User=0.00s Sys=0.00s Real=0.00s
[611.894s][info][gc,marking     ] GC(1359) Concurrent Mark 153.705ms
[611.894s][info][gc,marking     ] GC(1359) Concurrent Rebuild Remembered Sets and Scrub Regions
[611.941s][info][gc,start       ] GC(1361) Pause Young (Normal) (G1 Evacuation Pause)
[611.941s][info][gc,task        ] GC(1361) Using 6 workers of 6 for evacuation
[611.977s][info][gc,phases      ] GC(1361)   Pre Evacuate Collection Set: 0.2ms
[611.978s][info][gc,phases      ] GC(1361)   Merge Heap Roots: 0.1ms
[611.978s][info][gc,phases      ] GC(1361)   Evacuate Collection Set: 35.9ms
[611.978s][info][gc,phases      ] GC(1361)   Post Evacuate Collection Set: 0.6ms
[611.978s][info][gc,phases      ] GC(1361)   Other: 0.1ms
[611.978s][info][gc,heap        ] GC(1361) Eden regions: 119->0(308)
[611.978s][info][gc,heap        ] GC(1361) Survivor regions: 23->18(18)
[611.978s][info][gc,heap        ] GC(1361) Old regions: 330->388
[611.978s][info][gc,heap        ] GC(1361) Humongous regions: 2->2
[611.978s][info][gc,metaspace   ] GC(1361) Metaspace: 16647K(16960K)->16647K(16960K) NonClass: 14322K(14464K)->14322K(14464K) Class: 2325K(2496K)->2325K(2496K)
[611.978s][info][gc             ] GC(1361) Pause Young (Normal) (G1 Evacuation Pause) 471M->405M(1024M) 37.040ms
[611.978s][info][gc,cpu         ] GC(1361) User=0.12s Sys=0.00s Real=0.03s
[612.091s][info][gc,marking     ] GC(1359) Concurrent Rebuild Remembered Sets and Scrub Regions 196.867ms
[612.091s][info][gc,start       ] GC(1359) Pause Cleanup
[612.091s][info][gc             ] GC(1359) Pause Cleanup 523M->523M(1024M) 0.270ms
[612.091s][info][gc,cpu         ] GC(1359) User=0.00s Sys=0.00s Real=0.00s
[612.092s][info][gc,marking     ] GC(1359) Concurrent Clear Claimed Marks
[612.092s][info][gc,marking     ] GC(1359) Concurrent Clear Claimed Marks 0.036ms
[612.092s][info][gc,marking     ] GC(1359) Concurrent Cleanup for Next Mark
[612.093s][info][gc,marking     ] GC(1359) Concurrent Cleanup for Next Mark 1.424ms
[612.093s][info][gc             ] GC(1359) Concurrent Mark Cycle 379.117ms
[612.605s][info][gc,start       ] GC(1362) Pause Young (Prepare Mixed) (G1 Evacuation Pause)
[612.605s][info][gc,task        ] GC(1362) Using 6 workers of 6 for evacuation
[612.682s][info][gc,phases      ] GC(1362)   Pre Evacuate Collection Set: 0.4ms
[612.682s][info][gc,phases      ] GC(1362)   Merge Heap Roots: 2.4ms
[612.682s][info][gc,phases      ] GC(1362)   Evacuate Collection Set: 73.4ms
[612.682s][info][gc,phases      ] GC(1362)   Post Evacuate Collection Set: 1.0ms
[612.682s][info][gc,phases      ] GC(1362)   Other: 0.1ms
[612.682s][info][gc,heap        ] GC(1362) Eden regions: 308->0(272)
[612.682s][info][gc,heap        ] GC(1362) Survivor regions: 18->41(41)
[612.682s][info][gc,heap        ] GC(1362) Old regions: 388->441
[612.682s][info][gc,heap        ] GC(1362) Humongous regions: 8->8
[612.682s][info][gc,metaspace   ] GC(1362) Metaspace: 16647K(16960K)->16647K(16960K) NonClass: 14322K(14464K)->14322K(14464K) Class: 2325K(2496K)->2325K(2496K)
[612.682s][info][gc             ] GC(1362) Pause Young (Prepare Mixed) (G1 Evacuation Pause) 719M->487M(1024M) 77.508ms
[612.682s][info][gc,cpu         ] GC(1362) User=0.39s Sys=0.00s Real=0.08s
[613.168s][info][gc,start       ] GC(1363) Pause Young (Mixed) (G1 Evacuation Pause)
[613.168s][info][gc,task        ] GC(1363) Using 6 workers of 6 for evacuation
[613.200s][info][gc,phases      ] GC(1363)   Pre Evacuate Collection Set: 0.2ms
[613.200s][info][gc,phases      ] GC(1363)   Merge Heap Roots: 1.2ms
[613.200s][info][gc,phases      ] GC(1363)   Evacuate Collection Set: 29.6ms
[613.200s][info][gc,phases      ] GC(1363)   Post Evacuate Collection Set: 0.6ms
[613.200s][info][gc,phases      ] GC(1363)   Other: 0.1ms
[613.200s][info][gc,heap        ] GC(1363) Eden regions: 272->0(307)
[613.200s][info][gc,heap        ] GC(1363) Survivor regions: 41->3(40)
[613.200s][info][gc,heap        ] GC(1363) Old regions: 441->464
[613.200s][info][gc,heap        ] GC(1363) Humongous regions: 8->8
[613.200s][info][gc,metaspace   ] GC(1363) Metaspace: 16647K(16960K)->16647K(16960K) NonClass: 14322K(14464K)->14322K(14464K) Class: 2325K(2496K)->2325K(2496K)
[613.200s][info][gc             ] GC(1363) Pause Young (Mixed) (G1 Evacuation Pause) 759M->472M(1024M) 31.941ms
[613.200s][info][gc,cpu         ] GC(1363) User=0.11s Sys=0.00s Real=0.03s
[614.043s][info][gc,start       ] GC(1364) Pause Full (System.gc())
[614.043s][info][gc,task        ] GC(1364) Using 6 workers of 6 for full compaction
[614.043s][info][gc,phases,start] GC(1364) Phase 1: Mark live objects
[614.045s][info][gc,phases      ] GC(1364) Phase 1: Mark live objects 2.273ms
[614.045s][info][gc,phases,start] GC(1364) Phase 2: Prepare compaction
[614.046s][info][gc,phases      ] GC(1364) Phase 2: Prepare compaction 0.626ms
[614.046s][info][gc,phases,start] GC(1364) Phase 3: Adjust pointers
[614.048s][info][gc,phases      ] GC(1364) Phase 3: Adjust pointers 1.960ms
[614.048s][info][gc,phases,start] GC(1364) Phase 4: Compact heap
[614.049s][info][gc,phases      ] GC(1364) Phase 4: Compact heap 0.612ms
[614.049s][info][gc,phases,start] GC(1364) Phase 5: Reset Metadata
[614.049s][info][gc,phases      ] GC(1364) Phase 5: Reset Metadata 0.612ms
[614.053s][info][gc,heap        ] GC(1364) Eden regions: 177->0(559)
[614.053s][info][gc,heap        ] GC(1364) Survivor regions: 3->0(40)
[614.053s][info][gc,heap        ] GC(1364) Old regions: 464->9
[614.053s][info][gc,heap        ] GC(1364) Humongous regions: 8->2
[614.053s][info][gc,metaspace   ] GC(1364) Metaspace: 16647K(16960K)->16647K(16960K) NonClass: 14322K(14464K)->14322K(14464K) Class: 2325K(2496K)->2325K(2496K)
[614.053s][info][gc             ] GC(1364) Pause Full (System.gc()) 648M->5M(1024M) 10.196ms
[614.053s][info][gc,cpu         ] GC(1364) User=0.02s Sys=0.00s Real=0.01s
[615.611s][info][gc,start       ] GC(1365) Pause Young (Concurrent Start) (G1 Evacuation Pause)
[615.611s][info][gc,task        ] GC(1365) Using 6 workers of 6 for evacuation
[615.612s][info][gc,phases      ] GC(1365)   Pre Evacuate Collection Set: 0.2ms
[615.612s][info][gc,phases      ] GC(1365)   Merge Heap Roots: 0.1ms
[615.612s][info][gc,phases      ] GC(1365)   Evacuate Collection Set: 0.4ms
[615.612s][info][gc,phases      ] GC(1365)   Post Evacuate Collection Set: 0.5ms
[615.612s][info][gc,phases      ] GC(1365)   Other: 0.1ms
[615.612s][info][gc,heap        ] GC(1365) Eden regions: 559->0(612)
[615.612s][info][gc,heap        ] GC(1365) Survivor regions: 0->2(70)
[615.612s][info][gc,heap        ] GC(1365) Old regions: 9->9
[615.612s][info][gc,heap        ] GC(1365) Humongous regions: 2->2
[615.612s][info][gc,metaspace   ] GC(1365) Metaspace: 16647K(16960K)->16647K(16960K) NonClass: 14322K(14464K)->14322K(14464K) Class: 2325K(2496K)->2325K(2496K)
[615.612s][info][gc             ] GC(1365) Pause Young (Concurrent Start) (G1 Evacuation Pause) 564M->7M(1024M) 1.444ms
[615.612s][info][gc,cpu         ] GC(1365) User=0.00s Sys=0.00s Real=0.00s
[615.612s][info][gc             ] GC(1366) Concurrent Mark Cycle
[615.612s][info][gc,marking     ] GC(1366) Concurrent Scan Root Regions
[615.613s][info][gc,marking     ] GC(1366) Concurrent Scan Root Regions 0.203ms
[615.613s][info][gc,marking     ] GC(1366) Concurrent Mark
[615.613s][info][gc,marking     ] GC(1366) Concurrent Mark From Roots
[615.613s][info][gc,task        ] GC(1366) Using 2 workers of 2 for marking
[615.616s][info][gc,marking     ] GC(1366) Concurrent Mark From Roots 3.123ms
[615.616s][info][gc,marking     ] GC(1366) Concurrent Preclean
[615.616s][info][gc,marking     ] GC(1366) Concurrent Preclean 0.022ms
[615.616s][info][gc,start       ] GC(1366) Pause Remark
[615.617s][info][gc             ] GC(1366) Pause Remark 25M->25M(1024M) 1.092ms
[615.617s][info][gc,cpu         ] GC(1366) User=0.00s Sys=0.00s Real=0.00s
[615.617s][info][gc,marking     ] GC(1366) Concurrent Mark 4.515ms
[615.617s][info][gc,marking     ] GC(1366) Concurrent Rebuild Remembered Sets and Scrub Regions
[615.618s][info][gc,marking     ] GC(1366) Concurrent Rebuild Remembered Sets and Scrub Regions 0.990ms
[615.618s][info][gc,start       ] GC(1366) Pause Cleanup
[615.618s][info][gc             ] GC(1366) Pause Cleanup 30M->30M(1024M) 0.118ms
[615.618s][info][gc,cpu         ] GC(1366) User=0.00s Sys=0.00s Real=0.00s
[615.618s][info][gc,marking     ] GC(1366) Concurrent Clear Claimed Marks
[615.618s][info][gc,marking     ] GC(1366) Concurrent Clear Claimed Marks 0.028ms
[615.618s][info][gc,marking     ] GC(1366) Concurrent Cleanup for Next Mark
[615.621s][info][gc,marking     ] GC(1366) Concurrent Cleanup for Next Mark 2.486ms
[615.621s][info][gc             ] GC(1366) Concurrent Mark Cycle 8.728ms
[615.712s][info][gc,start       ] GC(1367) Pause Young (Prepare Mixed) (G1 Evacuation Pause)
[615.712s][info][gc,task        ] GC(1367) Using 6 workers of 6 for evacuation
[615.713s][info][gc,phases      ] GC(1367)   Pre Evacuate Collection Set: 0.2ms
[615.713s][info][gc,phases      ] GC(1367)   Merge Heap Roots: 0.1ms
[615.713s][info][gc,phases      ] GC(1367)   Evacuate Collection Set: 0.4ms
[615.713s][info][gc,phases      ] GC(1367)   Post Evacuate Collection Set: 0.4ms
[615.713s][info][gc,phases      ] GC(1367)   Other: 0.1ms
[615.713s][info][gc,heap        ] GC(1367) Eden regions: 612->0(613)
[615.713s][info][gc,heap        ] GC(1367) Survivor regions: 2->1(77)
[615.713s][info][gc,heap        ] GC(1367) Old regions: 9->9
[615.713s][info][gc,heap        ] GC(1367) Humongous regions: 2->2
[615.713s][info][gc,metaspace   ] GC(1367) Metaspace: 16647K(16960K)->16647K(16960K) NonClass: 14322K(14464K)->14322K(14464K) Class: 2325K(2496K)->2325K(2496K)
[615.713s][info][gc             ] GC(1367) Pause Young (Prepare Mixed) (G1 Evacuation Pause) 619M->6M(1024M) 1.446ms
[615.713s][info][gc,cpu         ] GC(1367) User=0.00s Sys=0.00s Real=0.00s
[615.807s][info][gc,start       ] GC(1368) Pause Young (Mixed) (G1 Evacuation Pause)
[615.807s][info][gc,task        ] GC(1368) Using 6 workers of 6 for evacuation
[615.809s][info][gc,phases      ] GC(1368)   Pre Evacuate Collection Set: 0.2ms
[615.809s][info][gc,phases      ] GC(1368)   Merge Heap Roots: 0.1ms
[615.809s][info][gc,phases      ] GC(1368)   Evacuate Collection Set: 0.3ms
[615.809s][info][gc,phases      ] GC(1368)   Post Evacuate Collection Set: 0.4ms
[615.809s][info][gc,phases      ] GC(1368)   Other: 0.1ms
[615.809s][info][gc,heap        ] GC(1368) Eden regions: 613->0(613)
[615.809s][info][gc,heap        ] GC(1368) Survivor regions: 1->1(77)
[615.809s][info][gc,heap        ] GC(1368) Old regions: 9->9
[615.809s][info][gc,heap        ] GC(1368) Humongous regions: 2->2
[615.809s][info][gc,metaspace   ] GC(1368) Metaspace: 16647K(16960K)->16647K(16960K) NonClass: 14322K(14464K)->14322K(14464K) Class: 2325K(2496K)->2325K(2496K)
[615.809s][info][gc             ] GC(1368) Pause Young (Mixed) (G1 Evacuation Pause) 619M->6M(1024M) 1.273ms
[615.809s][info][gc,cpu         ] GC(1368) User=0.00s Sys=0.00s Real=0.00s
[615.904s][info][gc,start       ] GC(1369) Pause Young (Concurrent Start) (G1 Evacuation Pause)
[615.904s][info][gc,task        ] GC(1369) Using 6 workers of 6 for evacuation
[615.905s][info][gc,phases      ] GC(1369)   Pre Evacuate Collection Set: 0.2ms
[615.905s][info][gc,phases      ] GC(1369)   Merge Heap Roots: 0.1ms
[615.905s][info][gc,phases      ] GC(1369)   Evacuate Collection Set: 0.4ms
[615.905s][info][gc,phases      ] GC(1369)   Post Evacuate Collection Set: 0.4ms
[615.905s][info][gc,phases      ] GC(1369)   Other: 0.1ms
[615.905s][info][gc,heap        ] GC(1369) Eden regions: 613->0(613)
[615.905s][info][gc,heap        ] GC(1369) Survivor regions: 1->1(77)
[615.905s][info][gc,heap        ] GC(1369) Old regions: 9->9
[615.905s][info][gc,heap        ] GC(1369) Humongous regions: 2->2
[615.905s][info][gc,metaspace   ] GC(1369) Metaspace: 16647K(16960K)->16647K(16960K) NonClass: 14322K(14464K)->14322K(14464K) Class: 2325K(2496K)->2325K(2496K)
[615.905s][info][gc             ] GC(1369) Pause Young (Concurrent Start) (G1 Evacuation Pause) 619M->6M(1024M) 1.285ms
[615.905s][info][gc             ] GC(1370) Concurrent Mark Cycle
[615.905s][info][gc,cpu         ] GC(1369) User=0.00s Sys=0.00s Real=0.00s
[615.905s][info][gc,marking     ] GC(1370) Concurrent Scan Root Regions
[615.906s][info][gc,marking     ] GC(1370) Concurrent Scan Root Regions 0.268ms
[615.906s][info][gc,marking     ] GC(1370) Concurrent Mark
[615.906s][info][gc,marking     ] GC(1370) Concurrent Mark From Roots
[615.906s][info][gc,task        ] GC(1370) Using 2 workers of 2 for marking
[615.909s][info][gc,marking     ] GC(1370) Concurrent Mark From Roots 3.065ms
[615.909s][info][gc,marking     ] GC(1370) Concurrent Preclean
[615.909s][info][gc,marking     ] GC(1370) Concurrent Preclean 0.021ms
[615.909s][info][gc,start       ] GC(1370) Pause Remark
[615.910s][info][gc             ] GC(1370) Pause Remark 23M->23M(1024M) 1.086ms
[615.910s][info][gc,cpu         ] GC(1370) User=0.00s Sys=0.00s Real=0.00s
[615.910s][info][gc,marking     ] GC(1370) Concurrent Mark 4.436ms
[615.910s][info][gc,marking     ] GC(1370) Concurrent Rebuild Remembered Sets and Scrub Regions
[615.911s][info][gc,marking     ] GC(1370) Concurrent Rebuild Remembered Sets and Scrub Regions 0.988ms
[615.911s][info][gc,start       ] GC(1370) Pause Cleanup
[615.911s][info][gc             ] GC(1370) Pause Cleanup 28M->28M(1024M) 0.115ms
[615.911s][info][gc,cpu         ] GC(1370) User=0.00s Sys=0.00s Real=0.00s
[615.911s][info][gc,marking     ] GC(1370) Concurrent Clear Claimed Marks
[615.912s][info][gc,marking     ] GC(1370) Concurrent Clear Claimed Marks 0.056ms
[615.912s][info][gc,marking     ] GC(1370) Concurrent Cleanup for Next Mark
[615.914s][info][gc,marking     ] GC(1370) Concurrent Cleanup for Next Mark 2.488ms
[615.914s][info][gc             ] GC(1370) Concurrent Mark Cycle 8.717ms
[616.074s][info][gc,start       ] GC(1371) Pause Young (Prepare Mixed) (G1 Evacuation Pause)
[616.074s][info][gc,task        ] GC(1371) Using 6 workers of 6 for evacuation
[616.115s][info][gc,phases      ] GC(1371)   Pre Evacuate Collection Set: 0.2ms
[616.115s][info][gc,phases      ] GC(1371)   Merge Heap Roots: 0.1ms
[616.115s][info][gc,phases      ] GC(1371)   Evacuate Collection Set: 39.8ms
[616.115s][info][gc,phases      ] GC(1371)   Post Evacuate Collection Set: 0.7ms
[616.115s][info][gc,phases      ] GC(1371)   Other: 0.1ms
[616.115s][info][gc,heap        ] GC(1371) Eden regions: 613->0(537)
[616.115s][info][gc,heap        ] GC(1371) Survivor regions: 1->77(77)
[616.115s][info][gc,heap        ] GC(1371) Old regions: 8->21
[616.115s][info][gc,heap        ] GC(1371) Humongous regions: 3->3
[616.115s][info][gc,metaspace   ] GC(1371) Metaspace: 16647K(16960K)->16647K(16960K) NonClass: 14322K(14464K)->14322K(14464K) Class: 2325K(2496K)->2325K(2496K)
[616.115s][info][gc             ] GC(1371) Pause Young (Prepare Mixed) (G1 Evacuation Pause) 620M->97M(1024M) 41.020ms
[616.115s][info][gc,cpu         ] GC(1371) User=0.05s Sys=0.00s Real=0.05s
[616.628s][info][gc,start       ] GC(1372) Pause Young (Mixed) (G1 Evacuation Pause)
[616.629s][info][gc,task        ] GC(1372) Using 6 workers of 6 for evacuation
[616.812s][info][gc,phases      ] GC(1372)   Pre Evacuate Collection Set: 0.2ms
[616.812s][info][gc,phases      ] GC(1372)   Merge Heap Roots: 0.1ms
[616.812s][info][gc,phases      ] GC(1372)   Evacuate Collection Set: 174.8ms
[616.812s][info][gc,phases      ] GC(1372)   Post Evacuate Collection Set: 8.4ms
[616.812s][info][gc,phases      ] GC(1372)   Other: 0.1ms
[616.812s][info][gc,heap        ] GC(1372) Eden regions: 537->0(0)
[616.812s][info][gc,heap        ] GC(1372) Survivor regions: 77->77(77)
[616.812s][info][gc,heap        ] GC(1372) Old regions: 21->926
[616.812s][info][gc,heap        ] GC(1372) Humongous regions: 4->4
[616.812s][info][gc,metaspace   ] GC(1372) Metaspace: 16647K(16960K)->16647K(16960K) NonClass: 14322K(14464K)->14322K(14464K) Class: 2325K(2496K)->2325K(2496K)
[616.812s][info][gc             ] GC(1372) Pause Young (Mixed) (G1 Evacuation Pause) (Evacuation Failure) 635M->1004M(1024M) 183.789ms
[616.812s][info][gc,cpu         ] GC(1372) User=0.97s Sys=0.00s Real=0.17s
[616.812s][info][gc,ergo        ] Attempting full compaction
[616.812s][info][gc,start       ] GC(1373) Pause Full (G1 Compaction Pause)
[616.812s][info][gc,task        ] GC(1373) Using 6 workers of 6 for full compaction
[616.812s][info][gc,phases,start] GC(1373) Phase 1: Mark live objects
[616.926s][info][gc,phases      ] GC(1373) Phase 1: Mark live objects 113.996ms
[616.927s][info][gc,phases,start] GC(1373) Phase 2: Prepare compaction
[616.932s][info][gc,phases      ] GC(1373) Phase 2: Prepare compaction 5.738ms
[616.932s][info][gc,phases,start] GC(1373) Phase 3: Adjust pointers
[616.960s][info][gc,phases      ] GC(1373) Phase 3: Adjust pointers 27.714ms
[616.960s][info][gc,phases,start] GC(1373) Phase 4: Compact heap
[616.969s][info][gc,phases      ] GC(1373) Phase 4: Compact heap 9.319ms
[616.969s][info][gc,phases,start] GC(1373) Phase 5: Reset Metadata
[616.985s][info][gc,phases      ] GC(1373) Phase 5: Reset Metadata 15.303ms
[616.992s][info][gc,heap        ] GC(1373) Eden regions: 0->0(318)
[616.992s][info][gc,heap        ] GC(1373) Survivor regions: 77->0(77)
[616.992s][info][gc,heap        ] GC(1373) Old regions: 926->414
[616.992s][info][gc,heap        ] GC(1373) Humongous regions: 4->4
[616.992s][info][gc,metaspace   ] GC(1373) Metaspace: 16647K(16960K)->16647K(16960K) NonClass: 14322K(14464K)->14322K(14464K) Class: 2325K(2496K)->2325K(2496K)
[616.992s][info][gc             ] GC(1373) Pause Full (G1 Compaction Pause) 1004M->414M(1024M) 179.522ms
[616.992s][info][gc,cpu         ] GC(1373) User=0.78s Sys=0.00s Real=0.19s
[619.405s][info][gc,start       ] GC(1374) Pause Young (Concurrent Start) (G1 Evacuation Pause)
[619.405s][info][gc,task        ] GC(1374) Using 6 workers of 6 for evacuation
[619.483s][info][gc,phases      ] GC(1374)   Pre Evacuate Collection Set: 0.3ms
[619.483s][info][gc,phases      ] GC(1374)   Merge Heap Roots: 1.1ms
[619.483s][info][gc,phases      ] GC(1374)   Evacuate Collection Set: 75.7ms
[619.483s][info][gc,phases      ] GC(1374)   Post Evacuate Collection Set: 0.7ms
[619.483s][info][gc,phases      ] GC(1374)   Other: 0.2ms
[619.483s][info][gc,heap        ] GC(1374) Eden regions: 318->0(244)
[619.483s][info][gc,heap        ] GC(1374) Survivor regions: 0->40(40)
[619.483s][info][gc,heap        ] GC(1374) Old regions: 414->493
[619.483s][info][gc,heap        ] GC(1374) Humongous regions: 4->4
[619.483s][info][gc,metaspace   ] GC(1374) Metaspace: 16647K(16960K)->16647K(16960K) NonClass: 14322K(14464K)->14322K(14464K) Class: 2325K(2496K)->2325K(2496K)
[619.483s][info][gc             ] GC(1374) Pause Young (Concurrent Start) (G1 Evacuation Pause) 732M->533M(1024M) 78.291ms
[619.483s][info][gc             ] GC(1375) Concurrent Mark Cycle
[619.483s][info][gc,cpu         ] GC(1374) User=0.39s Sys=0.00s Real=0.08s
[619.483s][info][gc,marking     ] GC(1375) Concurrent Scan Root Regions
[619.506s][info][gc,marking     ] GC(1375) Concurrent Scan Root Regions 23.453ms
[619.506s][info][gc,marking     ] GC(1375) Concurrent Mark
[619.506s][info][gc,marking     ] GC(1375) Concurrent Mark From Roots
[619.506s][info][gc,task        ] GC(1375) Using 2 workers of 2 for marking
[619.559s][info][gc,marking     ] GC(1375) Concurrent Mark From Roots 52.941ms
[619.559s][info][gc,marking     ] GC(1375) Concurrent Preclean
[619.559s][info][gc,marking     ] GC(1375) Concurrent Preclean 0.050ms
[619.559s][info][gc,start       ] GC(1375) Pause Remark
[619.561s][info][gc             ] GC(1375) Pause Remark 661M->521M(1024M) 1.339ms
[619.561s][info][gc,cpu         ] GC(1375) User=0.00s Sys=0.00s Real=0.00s
[619.561s][info][gc,marking     ] GC(1375) Concurrent Mark 54.550ms
[619.561s][info][gc,marking     ] GC(1375) Concurrent Rebuild Remembered Sets and Scrub Regions
[619.620s][info][gc,marking     ] GC(1375) Concurrent Rebuild Remembered Sets and Scrub Regions 59.189ms
[619.620s][info][gc,start       ] GC(1375) Pause Cleanup
[619.621s][info][gc             ] GC(1375) Pause Cleanup 618M->618M(1024M) 0.402ms
[619.621s][info][gc,cpu         ] GC(1375) User=0.00s Sys=0.00s Real=0.00s
[619.621s][info][gc,marking     ] GC(1375) Concurrent Clear Claimed Marks
[619.621s][info][gc,marking     ] GC(1375) Concurrent Clear Claimed Marks 0.026ms
[619.621s][info][gc,marking     ] GC(1375) Concurrent Cleanup for Next Mark
[619.622s][info][gc,marking     ] GC(1375) Concurrent Cleanup for Next Mark 1.301ms
[619.622s][info][gc             ] GC(1375) Concurrent Mark Cycle 139.305ms
[619.633s][info][gc,start       ] GC(1376) Pause Young (Prepare Mixed) (G1 Evacuation Pause)
[619.633s][info][gc,task        ] GC(1376) Using 6 workers of 6 for evacuation
[619.709s][info][gc,phases      ] GC(1376)   Pre Evacuate Collection Set: 0.3ms
[619.709s][info][gc,phases      ] GC(1376)   Merge Heap Roots: 1.3ms
[619.709s][info][gc,phases      ] GC(1376)   Evacuate Collection Set: 73.6ms
[619.709s][info][gc,phases      ] GC(1376)   Post Evacuate Collection Set: 0.4ms
[619.709s][info][gc,phases      ] GC(1376)   Other: 0.1ms
[619.709s][info][gc,heap        ] GC(1376) Eden regions: 244->0(259)
[619.709s][info][gc,heap        ] GC(1376) Survivor regions: 40->36(36)
[619.709s][info][gc,heap        ] GC(1376) Old regions: 354->460
[619.709s][info][gc,heap        ] GC(1376) Humongous regions: 3->3
[619.709s][info][gc,metaspace   ] GC(1376) Metaspace: 16647K(16960K)->16647K(16960K) NonClass: 14322K(14464K)->14322K(14464K) Class: 2325K(2496K)->2325K(2496K)
[619.709s][info][gc             ] GC(1376) Pause Young (Prepare Mixed) (G1 Evacuation Pause) 637M->495M(1024M) 75.838ms
[619.709s][info][gc,cpu         ] GC(1376) User=0.41s Sys=0.00s Real=0.08s
[619.864s][info][gc,start       ] GC(1377) Pause Young (Mixed) (G1 Evacuation Pause)
[619.864s][info][gc,task        ] GC(1377) Using 6 workers of 6 for evacuation
[619.934s][info][gc,phases      ] GC(1377)   Pre Evacuate Collection Set: 0.5ms
[619.934s][info][gc,phases      ] GC(1377)   Merge Heap Roots: 0.2ms
[619.934s][info][gc,phases      ] GC(1377)   Evacuate Collection Set: 68.5ms
[619.934s][info][gc,phases      ] GC(1377)   Post Evacuate Collection Set: 0.4ms
[619.934s][info][gc,phases      ] GC(1377)   Other: 0.1ms
[619.934s][info][gc,heap        ] GC(1377) Eden regions: 259->0(254)
[619.934s][info][gc,heap        ] GC(1377) Survivor regions: 36->37(37)
[619.934s][info][gc,heap        ] GC(1377) Old regions: 460->467
[619.934s][info][gc,heap        ] GC(1377) Humongous regions: 3->3
[619.934s][info][gc,metaspace   ] GC(1377) Metaspace: 16647K(16960K)->16647K(16960K) NonClass: 14322K(14464K)->14322K(14464K) Class: 2325K(2496K)->2325K(2496K)
[619.934s][info][gc             ] GC(1377) Pause Young (Mixed) (G1 Evacuation Pause) 754M->506M(1024M) 69.986ms
[619.934s][info][gc,cpu         ] GC(1377) User=0.47s Sys=0.00s Real=0.08s
[620.208s][info][gc,start       ] GC(1378) Pause Young (Mixed) (G1 Evacuation Pause)
[620.208s][info][gc,task        ] GC(1378) Using 6 workers of 6 for evacuation
[620.305s][info][gc,phases      ] GC(1378)   Pre Evacuate Collection Set: 0.3ms
[620.305s][info][gc,phases      ] GC(1378)   Merge Heap Roots: 2.5ms
[620.305s][info][gc,phases      ] GC(1378)   Evacuate Collection Set: 92.6ms
[620.305s][info][gc,phases      ] GC(1378)   Post Evacuate Collection Set: 0.9ms
[620.305s][info][gc,phases      ] GC(1378)   Other: 0.1ms
[620.305s][info][gc,heap        ] GC(1378) Eden regions: 254->0(229)
[620.305s][info][gc,heap        ] GC(1378) Survivor regions: 37->37(37)
[620.305s][info][gc,heap        ] GC(1378) Old regions: 467->506
[620.305s][info][gc,heap        ] GC(1378) Humongous regions: 6->6
[620.305s][info][gc,metaspace   ] GC(1378) Metaspace: 16647K(16960K)->16647K(16960K) NonClass: 14322K(14464K)->14322K(14464K) Class: 2325K(2496K)->2325K(2496K)
[620.305s][info][gc             ] GC(1378) Pause Young (Mixed) (G1 Evacuation Pause) 763M->548M(1024M) 96.697ms
[620.305s][info][gc,cpu         ] GC(1378) User=0.58s Sys=0.00s Real=0.09s
[620.333s][info][gc,start       ] GC(1379) Pause Young (Concurrent Start) (G1 Humongous Allocation)
[620.334s][info][gc,task        ] GC(1379) Using 6 workers of 6 for evacuation
[620.388s][info][gc,phases      ] GC(1379)   Pre Evacuate Collection Set: 0.2ms
[620.388s][info][gc,phases      ] GC(1379)   Merge Heap Roots: 2.6ms
[620.388s][info][gc,phases      ] GC(1379)   Evacuate Collection Set: 50.8ms
[620.388s][info][gc,phases      ] GC(1379)   Post Evacuate Collection Set: 0.8ms
[620.388s][info][gc,phases      ] GC(1379)   Other: 0.1ms
[620.388s][info][gc,heap        ] GC(1379) Eden regions: 28->0(196)
[620.388s][info][gc,heap        ] GC(1379) Survivor regions: 37->21(34)
[620.388s][info][gc,heap        ] GC(1379) Old regions: 506->544
[620.388s][info][gc,heap        ] GC(1379) Humongous regions: 6->6
[620.388s][info][gc,metaspace   ] GC(1379) Metaspace: 16647K(16960K)->16647K(16960K) NonClass: 14322K(14464K)->14322K(14464K) Class: 2325K(2496K)->2325K(2496K)
[620.388s][info][gc             ] GC(1379) Pause Young (Concurrent Start) (G1 Humongous Allocation) 575M->570M(1024M) 54.611ms
[620.388s][info][gc             ] GC(1380) Concurrent Mark Cycle
[620.388s][info][gc,cpu         ] GC(1379) User=0.30s Sys=0.00s Real=0.06s
[620.388s][info][gc,marking     ] GC(1380) Concurrent Scan Root Regions
[620.404s][info][gc,marking     ] GC(1380) Concurrent Scan Root Regions 16.026ms
[620.404s][info][gc,marking     ] GC(1380) Concurrent Mark
[620.404s][info][gc,marking     ] GC(1380) Concurrent Mark From Roots
[620.404s][info][gc,task        ] GC(1380) Using 2 workers of 2 for marking
[620.689s][info][gc,marking     ] GC(1380) Concurrent Mark From Roots 284.619ms
[620.689s][info][gc,marking     ] GC(1380) Concurrent Preclean
[620.689s][info][gc,marking     ] GC(1380) Concurrent Preclean 0.069ms
[620.689s][info][gc,start       ] GC(1380) Pause Remark
[620.690s][info][gc             ] GC(1380) Pause Remark 615M->528M(1024M) 1.400ms
[620.690s][info][gc,cpu         ] GC(1380) User=0.00s Sys=0.00s Real=0.00s
[620.691s][info][gc,marking     ] GC(1380) Concurrent Mark 286.381ms
[620.691s][info][gc,marking     ] GC(1380) Concurrent Rebuild Remembered Sets and Scrub Regions
[620.788s][info][gc,marking     ] GC(1380) Concurrent Rebuild Remembered Sets and Scrub Regions 97.823ms
[620.789s][info][gc,start       ] GC(1380) Pause Cleanup
[620.789s][info][gc             ] GC(1380) Pause Cleanup 581M->581M(1024M) 0.246ms
[620.789s][info][gc,cpu         ] GC(1380) User=0.00s Sys=0.00s Real=0.00s
[620.789s][info][gc,marking     ] GC(1380) Concurrent Clear Claimed Marks
[620.789s][info][gc,marking     ] GC(1380) Concurrent Clear Claimed Marks 0.029ms
[620.789s][info][gc,marking     ] GC(1380) Concurrent Cleanup for Next Mark
[620.791s][info][gc,marking     ] GC(1380) Concurrent Cleanup for Next Mark 1.744ms
[620.791s][info][gc             ] GC(1380) Concurrent Mark Cycle 402.605ms
[620.977s][info][gc,start       ] GC(1381) Pause Young (Prepare Mixed) (G1 Evacuation Pause)
[620.977s][info][gc,task        ] GC(1381) Using 6 workers of 6 for evacuation
[621.005s][info][gc,phases      ] GC(1381)   Pre Evacuate Collection Set: 0.4ms
[621.005s][info][gc,phases      ] GC(1381)   Merge Heap Roots: 1.2ms
[621.005s][info][gc,phases      ] GC(1381)   Evacuate Collection Set: 26.3ms
[621.005s][info][gc,phases      ] GC(1381)   Post Evacuate Collection Set: 0.4ms
[621.005s][info][gc,phases      ] GC(1381)   Other: 0.1ms
[621.005s][info][gc,heap        ] GC(1381) Eden regions: 196->0(254)
[621.005s][info][gc,heap        ] GC(1381) Survivor regions: 21->8(28)
[621.005s][info][gc,heap        ] GC(1381) Old regions: 458->479
[621.005s][info][gc,heap        ] GC(1381) Humongous regions: 8->8
[621.005s][info][gc,metaspace   ] GC(1381) Metaspace: 16647K(16960K)->16647K(16960K) NonClass: 14322K(14464K)->14322K(14464K) Class: 2325K(2496K)->2325K(2496K)
[621.005s][info][gc             ] GC(1381) Pause Young (Prepare Mixed) (G1 Evacuation Pause) 682M->494M(1024M) 28.685ms
[621.005s][info][gc,cpu         ] GC(1381) User=0.05s Sys=0.00s Real=0.03s
[621.455s][info][gc,start       ] GC(1382) Pause Young (Mixed) (G1 Evacuation Pause)
[621.455s][info][gc,task        ] GC(1382) Using 6 workers of 6 for evacuation
[621.458s][info][gc,phases      ] GC(1382)   Pre Evacuate Collection Set: 0.3ms
[621.458s][info][gc,phases      ] GC(1382)   Merge Heap Roots: 0.1ms
[621.458s][info][gc,phases      ] GC(1382)   Evacuate Collection Set: 2.1ms
[621.458s][info][gc,phases      ] GC(1382)   Post Evacuate Collection Set: 0.4ms
[621.458s][info][gc,phases      ] GC(1382)   Other: 0.1ms
[621.458s][info][gc,heap        ] GC(1382) Eden regions: 254->0(283)
[621.458s][info][gc,heap        ] GC(1382) Survivor regions: 8->5(33)
[621.458s][info][gc,heap        ] GC(1382) Old regions: 479->478
[621.458s][info][gc,heap        ] GC(1382) Humongous regions: 8->8
[621.458s][info][gc,metaspace   ] GC(1382) Metaspace: 16647K(16960K)->16647K(16960K) NonClass: 14322K(14464K)->14322K(14464K) Class: 2325K(2496K)->2325K(2496K)
[621.458s][info][gc             ] GC(1382) Pause Young (Mixed) (G1 Evacuation Pause) 748M->490M(1024M) 3.269ms
[621.458s][info][gc,cpu         ] GC(1382) User=0.00s Sys=0.00s Real=0.00s
[622.258s][info][gc,start       ] GC(1383) Pause Full (System.gc())
[622.258s][info][gc,task        ] GC(1383) Using 6 workers of 6 for full compaction
[622.258s][info][gc,phases,start] GC(1383) Phase 1: Mark live objects
[622.261s][info][gc,phases      ] GC(1383) Phase 1: Mark live objects 2.473ms
[622.261s][info][gc,phases,start] GC(1383) Phase 2: Prepare compaction
[622.262s][info][gc,phases      ] GC(1383) Phase 2: Prepare compaction 0.742ms
[622.262s][info][gc,phases,start] GC(1383) Phase 3: Adjust pointers
[622.264s][info][gc,phases      ] GC(1383) Phase 3: Adjust pointers 2.264ms
[622.264s][info][gc,phases,start] GC(1383) Phase 4: Compact heap
[622.265s][info][gc,phases      ] GC(1383) Phase 4: Compact heap 0.569ms
[622.265s][info][gc,phases,start] GC(1383) Phase 5: Reset Metadata
[622.266s][info][gc,phases      ] GC(1383) Phase 5: Reset Metadata 0.801ms
[622.269s][info][gc,heap        ] GC(1383) Eden regions: 153->0(522)
[622.269s][info][gc,heap        ] GC(1383) Survivor regions: 5->0(33)
[622.269s][info][gc,heap        ] GC(1383) Old regions: 478->10
[622.269s][info][gc,heap        ] GC(1383) Humongous regions: 8->2
[622.269s][info][gc,metaspace   ] GC(1383) Metaspace: 16647K(16960K)->16647K(16960K) NonClass: 14322K(14464K)->14322K(14464K) Class: 2325K(2496K)->2325K(2496K)
[622.269s][info][gc             ] GC(1383) Pause Full (System.gc()) 643M->5M(1024M) 10.707ms
[622.269s][info][gc,cpu         ] GC(1383) User=0.02s Sys=0.00s Real=0.02s
[623.492s][info][gc,start       ] GC(1384) Pause Young (Concurrent Start) (G1 Evacuation Pause)
[623.492s][info][gc,task        ] GC(1384) Using 6 workers of 6 for evacuation
[623.493s][info][gc,phases      ] GC(1384)   Pre Evacuate Collection Set: 0.2ms
[623.493s][info][gc,phases      ] GC(1384)   Merge Heap Roots: 0.1ms
[623.493s][info][gc,phases      ] GC(1384)   Evacuate Collection Set: 0.4ms
[623.493s][info][gc,phases      ] GC(1384)   Post Evacuate Collection Set: 0.4ms
[623.493s][info][gc,phases      ] GC(1384)   Other: 0.1ms
[623.493s][info][gc,heap        ] GC(1384) Eden regions: 522->0(581)
[623.493s][info][gc,heap        ] GC(1384) Survivor regions: 0->1(66)
[623.493s][info][gc,heap        ] GC(1384) Old regions: 10->10
[623.493s][info][gc,heap        ] GC(1384) Humongous regions: 2->2
[623.493s][info][gc,metaspace   ] GC(1384) Metaspace: 16648K(16960K)->16648K(16960K) NonClass: 14322K(14464K)->14322K(14464K) Class: 2325K(2496K)->2325K(2496K)
[623.493s][info][gc             ] GC(1384) Pause Young (Concurrent Start) (G1 Evacuation Pause) 527M->6M(1024M) 1.339ms
[623.493s][info][gc,cpu         ] GC(1384) User=0.00s Sys=0.00s Real=0.00s
[623.493s][info][gc             ] GC(1385) Concurrent Mark Cycle
[623.493s][info][gc,marking     ] GC(1385) Concurrent Scan Root Regions
[623.493s][info][gc,marking     ] GC(1385) Concurrent Scan Root Regions 0.244ms
[623.493s][info][gc,marking     ] GC(1385) Concurrent Mark
[623.493s][info][gc,marking     ] GC(1385) Concurrent Mark From Roots
[623.493s][info][gc,task        ] GC(1385) Using 2 workers of 2 for marking
[623.496s][info][gc,marking     ] GC(1385) Concurrent Mark From Roots 3.096ms
[623.497s][info][gc,marking     ] GC(1385) Concurrent Preclean
[623.497s][info][gc,marking     ] GC(1385) Concurrent Preclean 0.021ms
[623.497s][info][gc,start       ] GC(1385) Pause Remark
[623.498s][info][gc             ] GC(1385) Pause Remark 24M->24M(1024M) 1.075ms
[623.498s][info][gc,cpu         ] GC(1385) User=0.00s Sys=0.00s Real=0.00s
[623.498s][info][gc,marking     ] GC(1385) Concurrent Mark 4.453ms
[623.498s][info][gc,marking     ] GC(1385) Concurrent Rebuild Remembered Sets and Scrub Regions
[623.499s][info][gc,marking     ] GC(1385) Concurrent Rebuild Remembered Sets and Scrub Regions 1.101ms
[623.499s][info][gc,start       ] GC(1385) Pause Cleanup
[623.499s][info][gc             ] GC(1385) Pause Cleanup 30M->30M(1024M) 0.132ms
[623.499s][info][gc,cpu         ] GC(1385) User=0.00s Sys=0.00s Real=0.00s
[623.499s][info][gc,marking     ] GC(1385) Concurrent Clear Claimed Marks
[623.499s][info][gc,marking     ] GC(1385) Concurrent Clear Claimed Marks 0.027ms
[623.499s][info][gc,marking     ] GC(1385) Concurrent Cleanup for Next Mark
[623.502s][info][gc,marking     ] GC(1385) Concurrent Cleanup for Next Mark 2.417ms
[623.502s][info][gc             ] GC(1385) Concurrent Mark Cycle 8.743ms
[623.586s][info][gc,start       ] GC(1386) Pause Young (Prepare Mixed) (G1 Evacuation Pause)
[623.586s][info][gc,task        ] GC(1386) Using 6 workers of 6 for evacuation
[623.587s][info][gc,phases      ] GC(1386)   Pre Evacuate Collection Set: 0.2ms
[623.587s][info][gc,phases      ] GC(1386)   Merge Heap Roots: 0.1ms
[623.587s][info][gc,phases      ] GC(1386)   Evacuate Collection Set: 0.3ms
[623.587s][info][gc,phases      ] GC(1386)   Post Evacuate Collection Set: 0.4ms
[623.587s][info][gc,phases      ] GC(1386)   Other: 0.1ms
[623.587s][info][gc,heap        ] GC(1386) Eden regions: 581->0(613)
[623.587s][info][gc,heap        ] GC(1386) Survivor regions: 1->1(73)
[623.587s][info][gc,heap        ] GC(1386) Old regions: 10->10
[623.587s][info][gc,heap        ] GC(1386) Humongous regions: 2->2
[623.587s][info][gc,metaspace   ] GC(1386) Metaspace: 16648K(16960K)->16648K(16960K) NonClass: 14322K(14464K)->14322K(14464K) Class: 2325K(2496K)->2325K(2496K)
[623.587s][info][gc             ] GC(1386) Pause Young (Prepare Mixed) (G1 Evacuation Pause) 587M->6M(1024M) 1.264ms
[623.587s][info][gc,cpu         ] GC(1386) User=0.00s Sys=0.00s Real=0.00s
[623.683s][info][gc,start       ] GC(1387) Pause Young (Mixed) (G1 Evacuation Pause)
[623.683s][info][gc,task        ] GC(1387) Using 6 workers of 6 for evacuation
[623.684s][info][gc,phases      ] GC(1387)   Pre Evacuate Collection Set: 0.2ms
[623.684s][info][gc,phases      ] GC(1387)   Merge Heap Roots: 0.1ms
[623.684s][info][gc,phases      ] GC(1387)   Evacuate Collection Set: 0.3ms
[623.684s][info][gc,phases      ] GC(1387)   Post Evacuate Collection Set: 0.4ms
[623.684s][info][gc,phases      ] GC(1387)   Other: 0.1ms
[623.684s][info][gc,heap        ] GC(1387) Eden regions: 613->0(613)
[623.684s][info][gc,heap        ] GC(1387) Survivor regions: 1->1(77)
[623.684s][info][gc,heap        ] GC(1387) Old regions: 10->10
[623.684s][info][gc,heap        ] GC(1387) Humongous regions: 2->2
[623.684s][info][gc,metaspace   ] GC(1387) Metaspace: 16648K(16960K)->16648K(16960K) NonClass: 14322K(14464K)->14322K(14464K) Class: 2325K(2496K)->2325K(2496K)
[623.684s][info][gc             ] GC(1387) Pause Young (Mixed) (G1 Evacuation Pause) 619M->6M(1024M) 1.254ms
[623.684s][info][gc,cpu         ] GC(1387) User=0.00s Sys=0.00s Real=0.00s
[623.780s][info][gc,start       ] GC(1388) Pause Young (Concurrent Start) (G1 Evacuation Pause)
[623.780s][info][gc,task        ] GC(1388) Using 6 workers of 6 for evacuation
[623.781s][info][gc,phases      ] GC(1388)   Pre Evacuate Collection Set: 0.2ms
[623.781s][info][gc,phases      ] GC(1388)   Merge Heap Roots: 0.1ms
[623.781s][info][gc,phases      ] GC(1388)   Evacuate Collection Set: 0.4ms
[623.781s][info][gc,phases      ] GC(1388)   Post Evacuate Collection Set: 0.4ms
[623.781s][info][gc,phases      ] GC(1388)   Other: 0.1ms
[623.781s][info][gc,heap        ] GC(1388) Eden regions: 613->0(613)
[623.781s][info][gc,heap        ] GC(1388) Survivor regions: 1->1(77)
[623.781s][info][gc,heap        ] GC(1388) Old regions: 10->10
[623.781s][info][gc,heap        ] GC(1388) Humongous regions: 2->2
[623.781s][info][gc,metaspace   ] GC(1388) Metaspace: 16648K(16960K)->16648K(16960K) NonClass: 14322K(14464K)->14322K(14464K) Class: 2325K(2496K)->2325K(2496K)
[623.781s][info][gc             ] GC(1388) Pause Young (Concurrent Start) (G1 Evacuation Pause) 619M->6M(1024M) 1.368ms
[623.781s][info][gc             ] GC(1389) Concurrent Mark Cycle
[623.781s][info][gc,cpu         ] GC(1388) User=0.00s Sys=0.00s Real=0.00s
[623.781s][info][gc,marking     ] GC(1389) Concurrent Scan Root Regions
[623.782s][info][gc,marking     ] GC(1389) Concurrent Scan Root Regions 0.347ms
[623.782s][info][gc,marking     ] GC(1389) Concurrent Mark
[623.782s][info][gc,marking     ] GC(1389) Concurrent Mark From Roots
[623.782s][info][gc,task        ] GC(1389) Using 2 workers of 2 for marking
[623.785s][info][gc,marking     ] GC(1389) Concurrent Mark From Roots 3.147ms
[623.785s][info][gc,marking     ] GC(1389) Concurrent Preclean
[623.785s][info][gc,marking     ] GC(1389) Concurrent Preclean 0.021ms
[623.785s][info][gc,start       ] GC(1389) Pause Remark
[623.786s][info][gc             ] GC(1389) Pause Remark 24M->24M(1024M) 1.070ms
[623.786s][info][gc,cpu         ] GC(1389) User=0.00s Sys=0.00s Real=0.00s
[623.786s][info][gc,marking     ] GC(1389) Concurrent Mark 4.504ms
[623.786s][info][gc,marking     ] GC(1389) Concurrent Rebuild Remembered Sets and Scrub Regions
[623.787s][info][gc,marking     ] GC(1389) Concurrent Rebuild Remembered Sets and Scrub Regions 1.000ms
[623.787s][info][gc,start       ] GC(1389) Pause Cleanup
[623.788s][info][gc             ] GC(1389) Pause Cleanup 28M->28M(1024M) 0.115ms
[623.788s][info][gc,cpu         ] GC(1389) User=0.00s Sys=0.00s Real=0.00s
[623.788s][info][gc,marking     ] GC(1389) Concurrent Clear Claimed Marks
[623.788s][info][gc,marking     ] GC(1389) Concurrent Clear Claimed Marks 0.022ms
[623.788s][info][gc,marking     ] GC(1389) Concurrent Cleanup for Next Mark
[623.790s][info][gc,marking     ] GC(1389) Concurrent Cleanup for Next Mark 2.330ms
[623.790s][info][gc             ] GC(1389) Concurrent Mark Cycle 8.697ms
[623.905s][info][gc,start       ] GC(1390) Pause Young (Prepare Mixed) (G1 Evacuation Pause)
[623.905s][info][gc,task        ] GC(1390) Using 6 workers of 6 for evacuation
[623.925s][info][gc,phases      ] GC(1390)   Pre Evacuate Collection Set: 0.2ms
[623.925s][info][gc,phases      ] GC(1390)   Merge Heap Roots: 0.1ms
[623.925s][info][gc,phases      ] GC(1390)   Evacuate Collection Set: 18.9ms
[623.925s][info][gc,phases      ] GC(1390)   Post Evacuate Collection Set: 0.6ms
[623.925s][info][gc,phases      ] GC(1390)   Other: 0.1ms
[623.925s][info][gc,heap        ] GC(1390) Eden regions: 613->0(569)
[623.925s][info][gc,heap        ] GC(1390) Survivor regions: 1->45(77)
[623.925s][info][gc,heap        ] GC(1390) Old regions: 10->10
[623.925s][info][gc,heap        ] GC(1390) Humongous regions: 3->3
[623.925s][info][gc,metaspace   ] GC(1390) Metaspace: 16648K(16960K)->16648K(16960K) NonClass: 14322K(14464K)->14322K(14464K) Class: 2325K(2496K)->2325K(2496K)
[623.925s][info][gc             ] GC(1390) Pause Young (Prepare Mixed) (G1 Evacuation Pause) 620M->52M(1024M) 20.019ms
[623.925s][info][gc,cpu         ] GC(1390) User=0.03s Sys=0.00s Real=0.03s
[624.379s][info][gc,start       ] GC(1391) Pause Young (Mixed) (G1 Evacuation Pause)
[624.379s][info][gc,task        ] GC(1391) Using 6 workers of 6 for evacuation
[624.576s][info][gc,phases      ] GC(1391)   Pre Evacuate Collection Set: 0.2ms
[624.576s][info][gc,phases      ] GC(1391)   Merge Heap Roots: 0.1ms
[624.576s][info][gc,phases      ] GC(1391)   Evacuate Collection Set: 187.6ms
[624.576s][info][gc,phases      ] GC(1391)   Post Evacuate Collection Set: 9.1ms
[624.576s][info][gc,phases      ] GC(1391)   Other: 0.1ms
[624.576s][info][gc,heap        ] GC(1391) Eden regions: 569->0(0)
[624.576s][info][gc,heap        ] GC(1391) Survivor regions: 45->77(77)
[624.576s][info][gc,heap        ] GC(1391) Old regions: 10->899
[624.576s][info][gc,heap        ] GC(1391) Humongous regions: 3->3
[624.576s][info][gc,metaspace   ] GC(1391) Metaspace: 16648K(16960K)->16648K(16960K) NonClass: 14322K(14464K)->14322K(14464K) Class: 2325K(2496K)->2325K(2496K)
[624.576s][info][gc             ] GC(1391) Pause Young (Mixed) (G1 Evacuation Pause) (Evacuation Failure) 621M->974M(1024M) 197.208ms
[624.576s][info][gc,cpu         ] GC(1391) User=1.06s Sys=0.00s Real=0.19s
[624.576s][info][gc,ergo        ] Attempting full compaction
[624.576s][info][gc,start       ] GC(1392) Pause Full (G1 Compaction Pause)
[624.576s][info][gc,task        ] GC(1392) Using 6 workers of 6 for full compaction
[624.577s][info][gc,phases,start] GC(1392) Phase 1: Mark live objects
[624.676s][info][gc,phases      ] GC(1392) Phase 1: Mark live objects 99.296ms
[624.676s][info][gc,phases,start] GC(1392) Phase 2: Prepare compaction
[624.681s][info][gc,phases      ] GC(1392) Phase 2: Prepare compaction 4.736ms
[624.681s][info][gc,phases,start] GC(1392) Phase 3: Adjust pointers
[624.707s][info][gc,phases      ] GC(1392) Phase 3: Adjust pointers 26.203ms
[624.707s][info][gc,phases,start] GC(1392) Phase 4: Compact heap
[624.712s][info][gc,phases      ] GC(1392) Phase 4: Compact heap 5.336ms
[624.712s][info][gc,phases,start] GC(1392) Phase 5: Reset Metadata
[624.726s][info][gc,phases      ] GC(1392) Phase 5: Reset Metadata 13.473ms
[624.732s][info][gc,heap        ] GC(1392) Eden regions: 0->0(317)
[624.732s][info][gc,heap        ] GC(1392) Survivor regions: 77->0(77)
[624.732s][info][gc,heap        ] GC(1392) Old regions: 899->426
[624.732s][info][gc,heap        ] GC(1392) Humongous regions: 3->3
[624.732s][info][gc,metaspace   ] GC(1392) Metaspace: 16648K(16960K)->16648K(16960K) NonClass: 14322K(14464K)->14322K(14464K) Class: 2325K(2496K)->2325K(2496K)
[624.732s][info][gc             ] GC(1392) Pause Full (G1 Compaction Pause) 974M->425M(1024M) 155.329ms
[624.732s][info][gc,cpu         ] GC(1392) User=0.61s Sys=0.00s Real=0.17s
[624.737s][info][gc,start       ] GC(1393) Pause Young (Concurrent Start) (G1 Humongous Allocation)
[624.737s][info][gc,task        ] GC(1393) Using 6 workers of 6 for evacuation
[624.739s][info][gc,phases      ] GC(1393)   Pre Evacuate Collection Set: 0.2ms
[624.739s][info][gc,phases      ] GC(1393)   Merge Heap Roots: 0.1ms
[624.739s][info][gc,phases      ] GC(1393)   Evacuate Collection Set: 1.8ms
[624.739s][info][gc,phases      ] GC(1393)   Post Evacuate Collection Set: 0.4ms
[624.739s][info][gc,phases      ] GC(1393)   Other: 0.1ms
[624.739s][info][gc,heap        ] GC(1393) Eden regions: 7->0(294)
[624.739s][info][gc,heap        ] GC(1393) Survivor regions: 0->6(40)
[624.739s][info][gc,heap        ] GC(1393) Old regions: 426->426
[624.739s][info][gc,heap        ] GC(1393) Humongous regions: 3->3
[624.739s][info][gc,metaspace   ] GC(1393) Metaspace: 16648K(16960K)->16648K(16960K) NonClass: 14322K(14464K)->14322K(14464K) Class: 2325K(2496K)->2325K(2496K)
[624.739s][info][gc             ] GC(1393) Pause Young (Concurrent Start) (G1 Humongous Allocation) 432M->431M(1024M) 2.673ms
[624.739s][info][gc,cpu         ] GC(1393) User=0.00s Sys=0.00s Real=0.01s
[624.739s][info][gc             ] GC(1394) Concurrent Mark Cycle
[624.739s][info][gc,marking     ] GC(1394) Concurrent Scan Root Regions
[624.741s][info][gc,marking     ] GC(1394) Concurrent Scan Root Regions 1.551ms
[624.741s][info][gc,marking     ] GC(1394) Concurrent Mark
[624.741s][info][gc,marking     ] GC(1394) Concurrent Mark From Roots
[624.741s][info][gc,task        ] GC(1394) Using 2 workers of 2 for marking
[625.116s][info][gc,marking     ] GC(1394) Concurrent Mark From Roots 375.121ms
[625.116s][info][gc,marking     ] GC(1394) Concurrent Preclean
[625.116s][info][gc,marking     ] GC(1394) Concurrent Preclean 0.048ms
[625.116s][info][gc,start       ] GC(1394) Pause Remark
[625.117s][info][gc             ] GC(1394) Pause Remark 524M->524M(1024M) 1.041ms
[625.117s][info][gc,cpu         ] GC(1394) User=0.00s Sys=0.00s Real=0.00s
[625.117s][info][gc,marking     ] GC(1394) Concurrent Mark 376.408ms
[625.117s][info][gc,marking     ] GC(1394) Concurrent Rebuild Remembered Sets and Scrub Regions
[625.199s][info][gc,marking     ] GC(1394) Concurrent Rebuild Remembered Sets and Scrub Regions 81.950ms
[625.199s][info][gc,start       ] GC(1394) Pause Cleanup
[625.200s][info][gc             ] GC(1394) Pause Cleanup 524M->524M(1024M) 0.180ms
[625.200s][info][gc,cpu         ] GC(1394) User=0.00s Sys=0.00s Real=0.00s
[625.200s][info][gc,marking     ] GC(1394) Concurrent Clear Claimed Marks
[625.200s][info][gc,marking     ] GC(1394) Concurrent Clear Claimed Marks 0.060ms
[625.200s][info][gc,marking     ] GC(1394) Concurrent Cleanup for Next Mark
[625.201s][info][gc,marking     ] GC(1394) Concurrent Cleanup for Next Mark 1.470ms
[625.201s][info][gc             ] GC(1394) Concurrent Mark Cycle 461.932ms
[627.623s][info][gc,start       ] GC(1395) Pause Young (Prepare Mixed) (G1 Evacuation Pause)
[627.623s][info][gc,task        ] GC(1395) Using 6 workers of 6 for evacuation
[627.692s][info][gc,phases      ] GC(1395)   Pre Evacuate Collection Set: 0.2ms
[627.692s][info][gc,phases      ] GC(1395)   Merge Heap Roots: 1.2ms
[627.692s][info][gc,phases      ] GC(1395)   Evacuate Collection Set: 67.3ms
[627.692s][info][gc,phases      ] GC(1395)   Post Evacuate Collection Set: 0.7ms
[627.692s][info][gc,phases      ] GC(1395)   Other: 0.1ms
[627.692s][info][gc,heap        ] GC(1395) Eden regions: 294->0(246)
[627.692s][info][gc,heap        ] GC(1395) Survivor regions: 6->38(38)
[627.692s][info][gc,heap        ] GC(1395) Old regions: 426->487
[627.692s][info][gc,heap        ] GC(1395) Humongous regions: 4->4
[627.692s][info][gc,metaspace   ] GC(1395) Metaspace: 16648K(16960K)->16648K(16960K) NonClass: 14322K(14464K)->14322K(14464K) Class: 2325K(2496K)->2325K(2496K)
[627.692s][info][gc             ] GC(1395) Pause Young (Prepare Mixed) (G1 Evacuation Pause) 726M->525M(1024M) 69.688ms
[627.692s][info][gc,cpu         ] GC(1395) User=0.38s Sys=0.00s Real=0.06s
[627.831s][info][gc,start       ] GC(1396) Pause Young (Mixed) (G1 Evacuation Pause)
[627.831s][info][gc,task        ] GC(1396) Using 6 workers of 6 for evacuation
[627.909s][info][gc,phases      ] GC(1396)   Pre Evacuate Collection Set: 0.5ms
[627.909s][info][gc,phases      ] GC(1396)   Merge Heap Roots: 0.9ms
[627.909s][info][gc,phases      ] GC(1396)   Evacuate Collection Set: 76.5ms
[627.909s][info][gc,phases      ] GC(1396)   Post Evacuate Collection Set: 0.4ms
[627.909s][info][gc,phases      ] GC(1396)   Other: 0.1ms
[627.909s][info][gc,heap        ] GC(1396) Eden regions: 246->0(187)
[627.909s][info][gc,heap        ] GC(1396) Survivor regions: 38->36(36)
[627.909s][info][gc,heap        ] GC(1396) Old regions: 487->594
[627.909s][info][gc,heap        ] GC(1396) Humongous regions: 4->4
[627.909s][info][gc,metaspace   ] GC(1396) Metaspace: 16648K(16960K)->16648K(16960K) NonClass: 14322K(14464K)->14322K(14464K) Class: 2325K(2496K)->2325K(2496K)
[627.909s][info][gc             ] GC(1396) Pause Young (Mixed) (G1 Evacuation Pause) 771M->631M(1024M) 78.542ms
[627.909s][info][gc,cpu         ] GC(1396) User=0.39s Sys=0.00s Real=0.08s
[628.023s][info][gc,start       ] GC(1397) Pause Young (Concurrent Start) (G1 Evacuation Pause)
[628.023s][info][gc,task        ] GC(1397) Using 6 workers of 6 for evacuation
[628.079s][info][gc,phases      ] GC(1397)   Pre Evacuate Collection Set: 0.3ms
[628.079s][info][gc,phases      ] GC(1397)   Merge Heap Roots: 0.1ms
[628.079s][info][gc,phases      ] GC(1397)   Evacuate Collection Set: 54.3ms
[628.079s][info][gc,phases      ] GC(1397)   Post Evacuate Collection Set: 0.5ms
[628.079s][info][gc,phases      ] GC(1397)   Other: 0.1ms
[628.079s][info][gc,heap        ] GC(1397) Eden regions: 187->0(149)
[628.079s][info][gc,heap        ] GC(1397) Survivor regions: 36->28(28)
[628.079s][info][gc,heap        ] GC(1397) Old regions: 594->681
[628.079s][info][gc,heap        ] GC(1397) Humongous regions: 4->4
[628.079s][info][gc,metaspace   ] GC(1397) Metaspace: 16648K(16960K)->16648K(16960K) NonClass: 14322K(14464K)->14322K(14464K) Class: 2325K(2496K)->2325K(2496K)
[628.079s][info][gc             ] GC(1397) Pause Young (Concurrent Start) (G1 Evacuation Pause) 818M->710M(1024M) 55.460ms
[628.079s][info][gc             ] GC(1398) Concurrent Mark Cycle
[628.079s][info][gc,cpu         ] GC(1397) User=0.30s Sys=0.00s Real=0.06s
[628.079s][info][gc,marking     ] GC(1398) Concurrent Scan Root Regions
[628.106s][info][gc,marking     ] GC(1398) Concurrent Scan Root Regions 27.627ms
[628.107s][info][gc,marking     ] GC(1398) Concurrent Mark
[628.107s][info][gc,marking     ] GC(1398) Concurrent Mark From Roots
[628.107s][info][gc,task        ] GC(1398) Using 2 workers of 2 for marking
[628.179s][info][gc,start       ] GC(1399) Pause Young (Normal) (G1 Evacuation Pause)
[628.180s][info][gc,task        ] GC(1399) Using 6 workers of 6 for evacuation
[628.223s][info][gc,phases      ] GC(1399)   Pre Evacuate Collection Set: 0.2ms
[628.224s][info][gc,phases      ] GC(1399)   Merge Heap Roots: 0.1ms
[628.224s][info][gc,phases      ] GC(1399)   Evacuate Collection Set: 43.1ms
[628.224s][info][gc,phases      ] GC(1399)   Post Evacuate Collection Set: 0.4ms
[628.224s][info][gc,phases      ] GC(1399)   Other: 0.1ms
[628.224s][info][gc,heap        ] GC(1399) Eden regions: 149->0(118)
[628.224s][info][gc,heap        ] GC(1399) Survivor regions: 28->23(23)
[628.224s][info][gc,heap        ] GC(1399) Old regions: 681->751
[628.224s][info][gc,heap        ] GC(1399) Humongous regions: 4->4
[628.224s][info][gc,metaspace   ] GC(1399) Metaspace: 16648K(16960K)->16648K(16960K) NonClass: 14322K(14464K)->14322K(14464K) Class: 2325K(2496K)->2325K(2496K)
[628.224s][info][gc             ] GC(1399) Pause Young (Normal) (G1 Evacuation Pause) 859M->775M(1024M) 44.173ms
[628.224s][info][gc,cpu         ] GC(1399) User=0.11s Sys=0.00s Real=0.05s
[628.261s][info][gc,marking     ] GC(1398) Concurrent Mark From Roots 154.597ms
[628.261s][info][gc,marking     ] GC(1398) Concurrent Preclean
[628.261s][info][gc,marking     ] GC(1398) Concurrent Preclean 0.070ms
[628.261s][info][gc,start       ] GC(1398) Pause Remark
[628.263s][info][gc             ] GC(1398) Pause Remark 830M->415M(1024M) 1.334ms
[628.263s][info][gc,cpu         ] GC(1398) User=0.00s Sys=0.00s Real=0.00s
[628.263s][info][gc,marking     ] GC(1398) Concurrent Mark 156.250ms
[628.263s][info][gc,marking     ] GC(1398) Concurrent Rebuild Remembered Sets and Scrub Regions
[628.304s][info][gc,start       ] GC(1400) Pause Young (Normal) (G1 Evacuation Pause)
[628.304s][info][gc,task        ] GC(1400) Using 6 workers of 6 for evacuation
[628.340s][info][gc,phases      ] GC(1400)   Pre Evacuate Collection Set: 0.2ms
[628.340s][info][gc,phases      ] GC(1400)   Merge Heap Roots: 0.1ms
[628.340s][info][gc,phases      ] GC(1400)   Evacuate Collection Set: 35.5ms
[628.340s][info][gc,phases      ] GC(1400)   Post Evacuate Collection Set: 0.5ms
[628.340s][info][gc,phases      ] GC(1400)   Other: 0.1ms
[628.340s][info][gc,heap        ] GC(1400) Eden regions: 118->0(307)
[628.340s][info][gc,heap        ] GC(1400) Survivor regions: 23->18(18)
[628.340s][info][gc,heap        ] GC(1400) Old regions: 336->393
[628.340s][info][gc,heap        ] GC(1400) Humongous regions: 2->2
[628.340s][info][gc,metaspace   ] GC(1400) Metaspace: 16648K(16960K)->16648K(16960K) NonClass: 14322K(14464K)->14322K(14464K) Class: 2325K(2496K)->2325K(2496K)
[628.341s][info][gc             ] GC(1400) Pause Young (Normal) (G1 Evacuation Pause) 478M->412M(1024M) 36.569ms
[628.341s][info][gc,cpu         ] GC(1400) User=0.06s Sys=0.00s Real=0.04s
[628.505s][info][gc,marking     ] GC(1398) Concurrent Rebuild Remembered Sets and Scrub Regions 242.188ms
[628.505s][info][gc,start       ] GC(1398) Pause Cleanup
[628.505s][info][gc             ] GC(1398) Pause Cleanup 564M->564M(1024M) 0.233ms
[628.505s][info][gc,cpu         ] GC(1398) User=0.00s Sys=0.00s Real=0.00s
[628.505s][info][gc,marking     ] GC(1398) Concurrent Clear Claimed Marks
[628.505s][info][gc,marking     ] GC(1398) Concurrent Clear Claimed Marks 0.051ms
[628.506s][info][gc,marking     ] GC(1398) Concurrent Cleanup for Next Mark
[628.511s][info][gc,marking     ] GC(1398) Concurrent Cleanup for Next Mark 5.926ms
[628.512s][info][gc             ] GC(1398) Concurrent Mark Cycle 432.690ms
[628.957s][info][gc,start       ] GC(1401) Pause Young (Prepare Mixed) (G1 Evacuation Pause)
[628.957s][info][gc,task        ] GC(1401) Using 6 workers of 6 for evacuation
[629.033s][info][gc,phases      ] GC(1401)   Pre Evacuate Collection Set: 0.3ms
[629.033s][info][gc,phases      ] GC(1401)   Merge Heap Roots: 2.3ms
[629.033s][info][gc,phases      ] GC(1401)   Evacuate Collection Set: 72.5ms
[629.033s][info][gc,phases      ] GC(1401)   Post Evacuate Collection Set: 1.0ms
[629.033s][info][gc,phases      ] GC(1401)   Other: 0.1ms
[629.034s][info][gc,heap        ] GC(1401) Eden regions: 307->0(276)
[629.034s][info][gc,heap        ] GC(1401) Survivor regions: 18->41(41)
[629.034s][info][gc,heap        ] GC(1401) Old regions: 393->439
[629.034s][info][gc,heap        ] GC(1401) Humongous regions: 8->8
[629.034s][info][gc,metaspace   ] GC(1401) Metaspace: 16648K(16960K)->16648K(16960K) NonClass: 14322K(14464K)->14322K(14464K) Class: 2325K(2496K)->2325K(2496K)
[629.034s][info][gc             ] GC(1401) Pause Young (Prepare Mixed) (G1 Evacuation Pause) 725M->487M(1024M) 76.515ms
[629.034s][info][gc,cpu         ] GC(1401) User=0.41s Sys=0.00s Real=0.08s
[629.528s][info][gc,start       ] GC(1402) Pause Young (Mixed) (G1 Evacuation Pause)
[629.528s][info][gc,task        ] GC(1402) Using 6 workers of 6 for evacuation
[629.559s][info][gc,phases      ] GC(1402)   Pre Evacuate Collection Set: 0.2ms
[629.559s][info][gc,phases      ] GC(1402)   Merge Heap Roots: 1.1ms
[629.559s][info][gc,phases      ] GC(1402)   Evacuate Collection Set: 28.5ms
[629.559s][info][gc,phases      ] GC(1402)   Post Evacuate Collection Set: 0.7ms
[629.559s][info][gc,phases      ] GC(1402)   Other: 0.1ms
[629.559s][info][gc,heap        ] GC(1402) Eden regions: 276->0(312)
[629.559s][info][gc,heap        ] GC(1402) Survivor regions: 41->3(40)
[629.559s][info][gc,heap        ] GC(1402) Old regions: 439->460
[629.559s][info][gc,heap        ] GC(1402) Humongous regions: 8->8
[629.559s][info][gc,metaspace   ] GC(1402) Metaspace: 16648K(16960K)->16648K(16960K) NonClass: 14322K(14464K)->14322K(14464K) Class: 2325K(2496K)->2325K(2496K)
[629.559s][info][gc             ] GC(1402) Pause Young (Mixed) (G1 Evacuation Pause) 763M->470M(1024M) 30.882ms
[629.559s][info][gc,cpu         ] GC(1402) User=0.11s Sys=0.00s Real=0.03s
[630.395s][info][gc,start       ] GC(1403) Pause Full (System.gc())
[630.395s][info][gc,task        ] GC(1403) Using 6 workers of 6 for full compaction
[630.395s][info][gc,phases,start] GC(1403) Phase 1: Mark live objects
[630.398s][info][gc,phases      ] GC(1403) Phase 1: Mark live objects 2.596ms
[630.398s][info][gc,phases,start] GC(1403) Phase 2: Prepare compaction
[630.399s][info][gc,phases      ] GC(1403) Phase 2: Prepare compaction 0.664ms
[630.399s][info][gc,phases,start] GC(1403) Phase 3: Adjust pointers
[630.401s][info][gc,phases      ] GC(1403) Phase 3: Adjust pointers 2.403ms
[630.401s][info][gc,phases,start] GC(1403) Phase 4: Compact heap
[630.402s][info][gc,phases      ] GC(1403) Phase 4: Compact heap 0.725ms
[630.402s][info][gc,phases,start] GC(1403) Phase 5: Reset Metadata
[630.403s][info][gc,phases      ] GC(1403) Phase 5: Reset Metadata 0.727ms
[630.406s][info][gc,heap        ] GC(1403) Eden regions: 164->0(552)
[630.406s][info][gc,heap        ] GC(1403) Survivor regions: 3->0(40)
[630.406s][info][gc,heap        ] GC(1403) Old regions: 460->8
[630.406s][info][gc,heap        ] GC(1403) Humongous regions: 8->2
[630.406s][info][gc,metaspace   ] GC(1403) Metaspace: 16648K(16960K)->16648K(16960K) NonClass: 14322K(14464K)->14322K(14464K) Class: 2325K(2496K)->2325K(2496K)
[630.406s][info][gc             ] GC(1403) Pause Full (System.gc()) 634M->5M(1024M) 11.269ms
[630.406s][info][gc,cpu         ] GC(1403) User=0.02s Sys=0.00s Real=0.02s
[631.544s][info][gc,start       ] GC(1404) Pause Young (Concurrent Start) (G1 Evacuation Pause)
[631.544s][info][gc,task        ] GC(1404) Using 6 workers of 6 for evacuation
[631.545s][info][gc,phases      ] GC(1404)   Pre Evacuate Collection Set: 0.2ms
[631.545s][info][gc,phases      ] GC(1404)   Merge Heap Roots: 0.1ms
[631.545s][info][gc,phases      ] GC(1404)   Evacuate Collection Set: 0.4ms
[631.545s][info][gc,phases      ] GC(1404)   Post Evacuate Collection Set: 0.4ms
[631.545s][info][gc,phases      ] GC(1404)   Other: 0.1ms
[631.545s][info][gc,heap        ] GC(1404) Eden regions: 552->0(609)
[631.545s][info][gc,heap        ] GC(1404) Survivor regions: 0->2(69)
[631.545s][info][gc,heap        ] GC(1404) Old regions: 8->8
[631.545s][info][gc,heap        ] GC(1404) Humongous regions: 2->2
[631.545s][info][gc,metaspace   ] GC(1404) Metaspace: 16649K(16960K)->16649K(16960K) NonClass: 14324K(14464K)->14324K(14464K) Class: 2325K(2496K)->2325K(2496K)
[631.545s][info][gc             ] GC(1404) Pause Young (Concurrent Start) (G1 Evacuation Pause) 557M->7M(1024M) 1.336ms
[631.545s][info][gc,cpu         ] GC(1404) User=0.00s Sys=0.00s Real=0.00s
[631.545s][info][gc             ] GC(1405) Concurrent Mark Cycle
[631.545s][info][gc,marking     ] GC(1405) Concurrent Scan Root Regions
[631.546s][info][gc,marking     ] GC(1405) Concurrent Scan Root Regions 0.173ms
[631.546s][info][gc,marking     ] GC(1405) Concurrent Mark
[631.546s][info][gc,marking     ] GC(1405) Concurrent Mark From Roots
[631.546s][info][gc,task        ] GC(1405) Using 2 workers of 2 for marking
[631.549s][info][gc,marking     ] GC(1405) Concurrent Mark From Roots 3.093ms
[631.549s][info][gc,marking     ] GC(1405) Concurrent Preclean
[631.549s][info][gc,marking     ] GC(1405) Concurrent Preclean 0.020ms
[631.549s][info][gc,start       ] GC(1405) Pause Remark
[631.550s][info][gc             ] GC(1405) Pause Remark 25M->25M(1024M) 1.062ms
[631.550s][info][gc,cpu         ] GC(1405) User=0.00s Sys=0.00s Real=0.00s
[631.550s][info][gc,marking     ] GC(1405) Concurrent Mark 4.451ms
[631.550s][info][gc,marking     ] GC(1405) Concurrent Rebuild Remembered Sets and Scrub Regions
[631.551s][info][gc,marking     ] GC(1405) Concurrent Rebuild Remembered Sets and Scrub Regions 1.074ms
[631.551s][info][gc,start       ] GC(1405) Pause Cleanup
[631.551s][info][gc             ] GC(1405) Pause Cleanup 31M->31M(1024M) 0.154ms
[631.552s][info][gc,cpu         ] GC(1405) User=0.00s Sys=0.00s Real=0.00s
[631.552s][info][gc,marking     ] GC(1405) Concurrent Clear Claimed Marks
[631.552s][info][gc,marking     ] GC(1405) Concurrent Clear Claimed Marks 0.025ms
[631.552s][info][gc,marking     ] GC(1405) Concurrent Cleanup for Next Mark
[631.554s][info][gc,marking     ] GC(1405) Concurrent Cleanup for Next Mark 2.448ms
[631.554s][info][gc             ] GC(1405) Concurrent Mark Cycle 8.723ms
[631.642s][info][gc,start       ] GC(1406) Pause Young (Prepare Mixed) (G1 Evacuation Pause)
[631.642s][info][gc,task        ] GC(1406) Using 6 workers of 6 for evacuation
[631.643s][info][gc,phases      ] GC(1406)   Pre Evacuate Collection Set: 0.2ms
[631.643s][info][gc,phases      ] GC(1406)   Merge Heap Roots: 0.1ms
[631.643s][info][gc,phases      ] GC(1406)   Evacuate Collection Set: 0.3ms
[631.643s][info][gc,phases      ] GC(1406)   Post Evacuate Collection Set: 0.4ms
[631.643s][info][gc,phases      ] GC(1406)   Other: 0.1ms
[631.643s][info][gc,heap        ] GC(1406) Eden regions: 609->0(613)
[631.643s][info][gc,heap        ] GC(1406) Survivor regions: 2->1(77)
[631.643s][info][gc,heap        ] GC(1406) Old regions: 8->8
[631.643s][info][gc,heap        ] GC(1406) Humongous regions: 2->2
[631.643s][info][gc,metaspace   ] GC(1406) Metaspace: 16649K(16960K)->16649K(16960K) NonClass: 14324K(14464K)->14324K(14464K) Class: 2325K(2496K)->2325K(2496K)
[631.643s][info][gc             ] GC(1406) Pause Young (Prepare Mixed) (G1 Evacuation Pause) 616M->6M(1024M) 1.254ms
[631.643s][info][gc,cpu         ] GC(1406) User=0.00s Sys=0.00s Real=0.01s
[631.739s][info][gc,start       ] GC(1407) Pause Young (Mixed) (G1 Evacuation Pause)
[631.739s][info][gc,task        ] GC(1407) Using 6 workers of 6 for evacuation
[631.740s][info][gc,phases      ] GC(1407)   Pre Evacuate Collection Set: 0.2ms
[631.741s][info][gc,phases      ] GC(1407)   Merge Heap Roots: 0.1ms
[631.741s][info][gc,phases      ] GC(1407)   Evacuate Collection Set: 0.3ms
[631.741s][info][gc,phases      ] GC(1407)   Post Evacuate Collection Set: 0.4ms
[631.741s][info][gc,phases      ] GC(1407)   Other: 0.1ms
[631.741s][info][gc,heap        ] GC(1407) Eden regions: 613->0(613)
[631.741s][info][gc,heap        ] GC(1407) Survivor regions: 1->1(77)
[631.741s][info][gc,heap        ] GC(1407) Old regions: 8->8
[631.741s][info][gc,heap        ] GC(1407) Humongous regions: 2->2
[631.741s][info][gc,metaspace   ] GC(1407) Metaspace: 16649K(16960K)->16649K(16960K) NonClass: 14324K(14464K)->14324K(14464K) Class: 2325K(2496K)->2325K(2496K)
[631.741s][info][gc             ] GC(1407) Pause Young (Mixed) (G1 Evacuation Pause) 619M->6M(1024M) 1.230ms
[631.741s][info][gc,cpu         ] GC(1407) User=0.00s Sys=0.00s Real=0.00s
[631.835s][info][gc,start       ] GC(1408) Pause Young (Concurrent Start) (G1 Evacuation Pause)
[631.835s][info][gc,task        ] GC(1408) Using 6 workers of 6 for evacuation
[631.837s][info][gc,phases      ] GC(1408)   Pre Evacuate Collection Set: 0.4ms
[631.837s][info][gc,phases      ] GC(1408)   Merge Heap Roots: 0.1ms
[631.837s][info][gc,phases      ] GC(1408)   Evacuate Collection Set: 0.4ms
[631.837s][info][gc,phases      ] GC(1408)   Post Evacuate Collection Set: 0.3ms
[631.837s][info][gc,phases      ] GC(1408)   Other: 0.1ms
[631.837s][info][gc,heap        ] GC(1408) Eden regions: 613->0(613)
[631.837s][info][gc,heap        ] GC(1408) Survivor regions: 1->1(77)
[631.837s][info][gc,heap        ] GC(1408) Old regions: 8->8
[631.837s][info][gc,heap        ] GC(1408) Humongous regions: 2->2
[631.837s][info][gc,metaspace   ] GC(1408) Metaspace: 16649K(16960K)->16649K(16960K) NonClass: 14324K(14464K)->14324K(14464K) Class: 2325K(2496K)->2325K(2496K)
[631.837s][info][gc             ] GC(1408) Pause Young (Concurrent Start) (G1 Evacuation Pause) 619M->6M(1024M) 1.532ms
[631.837s][info][gc             ] GC(1409) Concurrent Mark Cycle
[631.837s][info][gc,cpu         ] GC(1408) User=0.02s Sys=0.00s Real=0.01s
[631.837s][info][gc,marking     ] GC(1409) Concurrent Scan Root Regions
[631.837s][info][gc,marking     ] GC(1409) Concurrent Scan Root Regions 0.290ms
[631.837s][info][gc,marking     ] GC(1409) Concurrent Mark
[631.837s][info][gc,marking     ] GC(1409) Concurrent Mark From Roots
[631.837s][info][gc,task        ] GC(1409) Using 2 workers of 2 for marking
[631.840s][info][gc,marking     ] GC(1409) Concurrent Mark From Roots 3.125ms
[631.840s][info][gc,marking     ] GC(1409) Concurrent Preclean
[631.840s][info][gc,marking     ] GC(1409) Concurrent Preclean 0.024ms
[631.841s][info][gc,start       ] GC(1409) Pause Remark
[631.842s][info][gc             ] GC(1409) Pause Remark 24M->24M(1024M) 1.038ms
[631.842s][info][gc,cpu         ] GC(1409) User=0.00s Sys=0.00s Real=0.00s
[631.842s][info][gc,marking     ] GC(1409) Concurrent Mark 4.445ms
[631.842s][info][gc,marking     ] GC(1409) Concurrent Rebuild Remembered Sets and Scrub Regions
[631.843s][info][gc,marking     ] GC(1409) Concurrent Rebuild Remembered Sets and Scrub Regions 1.015ms
[631.843s][info][gc,start       ] GC(1409) Pause Cleanup
[631.843s][info][gc             ] GC(1409) Pause Cleanup 30M->30M(1024M) 0.140ms
[631.843s][info][gc,cpu         ] GC(1409) User=0.00s Sys=0.00s Real=0.00s
[631.843s][info][gc,marking     ] GC(1409) Concurrent Clear Claimed Marks
[631.843s][info][gc,marking     ] GC(1409) Concurrent Clear Claimed Marks 0.022ms
[631.843s][info][gc,marking     ] GC(1409) Concurrent Cleanup for Next Mark
[631.845s][info][gc,marking     ] GC(1409) Concurrent Cleanup for Next Mark 2.463ms
[631.846s][info][gc             ] GC(1409) Concurrent Mark Cycle 8.752ms
[631.978s][info][gc,start       ] GC(1410) Pause Young (Prepare Mixed) (G1 Evacuation Pause)
[631.978s][info][gc,task        ] GC(1410) Using 6 workers of 6 for evacuation
[632.008s][info][gc,phases      ] GC(1410)   Pre Evacuate Collection Set: 0.2ms
[632.008s][info][gc,phases      ] GC(1410)   Merge Heap Roots: 0.1ms
[632.008s][info][gc,phases      ] GC(1410)   Evacuate Collection Set: 29.5ms
[632.008s][info][gc,phases      ] GC(1410)   Post Evacuate Collection Set: 0.6ms
[632.008s][info][gc,phases      ] GC(1410)   Other: 0.1ms
[632.008s][info][gc,heap        ] GC(1410) Eden regions: 613->0(550)
[632.008s][info][gc,heap        ] GC(1410) Survivor regions: 1->64(77)
[632.008s][info][gc,heap        ] GC(1410) Old regions: 8->8
[632.008s][info][gc,heap        ] GC(1410) Humongous regions: 3->3
[632.008s][info][gc,metaspace   ] GC(1410) Metaspace: 16649K(16960K)->16649K(16960K) NonClass: 14324K(14464K)->14324K(14464K) Class: 2325K(2496K)->2325K(2496K)
[632.008s][info][gc             ] GC(1410) Pause Young (Prepare Mixed) (G1 Evacuation Pause) 620M->71M(1024M) 30.691ms
[632.008s][info][gc,cpu         ] GC(1410) User=0.03s Sys=0.00s Real=0.03s
[632.448s][info][gc,start       ] GC(1411) Pause Young (Mixed) (G1 Evacuation Pause)
[632.448s][info][gc,task        ] GC(1411) Using 6 workers of 6 for evacuation
[632.641s][info][gc,phases      ] GC(1411)   Pre Evacuate Collection Set: 0.2ms
[632.641s][info][gc,phases      ] GC(1411)   Merge Heap Roots: 0.1ms
[632.641s][info][gc,phases      ] GC(1411)   Evacuate Collection Set: 184.1ms
[632.641s][info][gc,phases      ] GC(1411)   Post Evacuate Collection Set: 8.5ms
[632.641s][info][gc,phases      ] GC(1411)   Other: 0.1ms
[632.641s][info][gc,heap        ] GC(1411) Eden regions: 550->0(0)
[632.641s][info][gc,heap        ] GC(1411) Survivor regions: 64->77(77)
[632.641s][info][gc,heap        ] GC(1411) Old regions: 8->881
[632.641s][info][gc,heap        ] GC(1411) Humongous regions: 3->3
[632.641s][info][gc,metaspace   ] GC(1411) Metaspace: 16649K(16960K)->16649K(16960K) NonClass: 14324K(14464K)->14324K(14464K) Class: 2325K(2496K)->2325K(2496K)
[632.641s][info][gc             ] GC(1411) Pause Young (Mixed) (G1 Evacuation Pause) (Evacuation Failure) 621M->958M(1024M) 193.279ms
[632.641s][info][gc,cpu         ] GC(1411) User=1.05s Sys=0.00s Real=0.19s
[632.641s][info][gc,ergo        ] Attempting full compaction
[632.641s][info][gc,start       ] GC(1412) Pause Full (G1 Compaction Pause)
[632.641s][info][gc,task        ] GC(1412) Using 6 workers of 6 for full compaction
[632.642s][info][gc,phases,start] GC(1412) Phase 1: Mark live objects
[632.742s][info][gc,phases      ] GC(1412) Phase 1: Mark live objects 100.307ms
[632.742s][info][gc,phases,start] GC(1412) Phase 2: Prepare compaction
[632.747s][info][gc,phases      ] GC(1412) Phase 2: Prepare compaction 4.648ms
[632.747s][info][gc,phases,start] GC(1412) Phase 3: Adjust pointers
[632.773s][info][gc,phases      ] GC(1412) Phase 3: Adjust pointers 26.020ms
[632.773s][info][gc,phases,start] GC(1412) Phase 4: Compact heap
[632.778s][info][gc,phases      ] GC(1412) Phase 4: Compact heap 5.272ms
[632.778s][info][gc,phases,start] GC(1412) Phase 5: Reset Metadata
[632.792s][info][gc,phases      ] GC(1412) Phase 5: Reset Metadata 13.616ms
[632.797s][info][gc,heap        ] GC(1412) Eden regions: 0->0(314)
[632.797s][info][gc,heap        ] GC(1412) Survivor regions: 77->0(77)
[632.797s][info][gc,heap        ] GC(1412) Old regions: 881->426
[632.797s][info][gc,heap        ] GC(1412) Humongous regions: 3->3
[632.797s][info][gc,metaspace   ] GC(1412) Metaspace: 16649K(16960K)->16649K(16960K) NonClass: 14324K(14464K)->14324K(14464K) Class: 2325K(2496K)->2325K(2496K)
[632.797s][info][gc             ] GC(1412) Pause Full (G1 Compaction Pause) 958M->425M(1024M) 155.997ms
[632.797s][info][gc,cpu         ] GC(1412) User=0.62s Sys=0.00s Real=0.16s
[632.805s][info][gc,start       ] GC(1413) Pause Young (Concurrent Start) (G1 Humongous Allocation)
[632.805s][info][gc,task        ] GC(1413) Using 6 workers of 6 for evacuation
[632.809s][info][gc,phases      ] GC(1413)   Pre Evacuate Collection Set: 0.2ms
[632.809s][info][gc,phases      ] GC(1413)   Merge Heap Roots: 0.1ms
[632.809s][info][gc,phases      ] GC(1413)   Evacuate Collection Set: 3.5ms
[632.809s][info][gc,phases      ] GC(1413)   Post Evacuate Collection Set: 0.3ms
[632.809s][info][gc,phases      ] GC(1413)   Other: 0.1ms
[632.809s][info][gc,heap        ] GC(1413) Eden regions: 10->0(290)
[632.809s][info][gc,heap        ] GC(1413) Survivor regions: 0->8(40)
[632.809s][info][gc,heap        ] GC(1413) Old regions: 426->426
[632.809s][info][gc,heap        ] GC(1413) Humongous regions: 3->3
[632.809s][info][gc,metaspace   ] GC(1413) Metaspace: 16649K(16960K)->16649K(16960K) NonClass: 14324K(14464K)->14324K(14464K) Class: 2325K(2496K)->2325K(2496K)
[632.809s][info][gc             ] GC(1413) Pause Young (Concurrent Start) (G1 Humongous Allocation) 435M->433M(1024M) 4.322ms
[632.809s][info][gc             ] GC(1414) Concurrent Mark Cycle
[632.809s][info][gc,cpu         ] GC(1413) User=0.02s Sys=0.00s Real=0.02s
[632.809s][info][gc,marking     ] GC(1414) Concurrent Scan Root Regions
[632.812s][info][gc,marking     ] GC(1414) Concurrent Scan Root Regions 2.374ms
[632.812s][info][gc,marking     ] GC(1414) Concurrent Mark
[632.812s][info][gc,marking     ] GC(1414) Concurrent Mark From Roots
[632.812s][info][gc,task        ] GC(1414) Using 2 workers of 2 for marking
[633.192s][info][gc,marking     ] GC(1414) Concurrent Mark From Roots 379.736ms
[633.192s][info][gc,marking     ] GC(1414) Concurrent Preclean
[633.192s][info][gc,marking     ] GC(1414) Concurrent Preclean 0.047ms
[633.192s][info][gc,start       ] GC(1414) Pause Remark
[633.193s][info][gc             ] GC(1414) Pause Remark 502M->502M(1024M) 1.093ms
[633.193s][info][gc,cpu         ] GC(1414) User=0.00s Sys=0.00s Real=0.00s
[633.193s][info][gc,marking     ] GC(1414) Concurrent Mark 381.064ms
[633.193s][info][gc,marking     ] GC(1414) Concurrent Rebuild Remembered Sets and Scrub Regions
[633.275s][info][gc,marking     ] GC(1414) Concurrent Rebuild Remembered Sets and Scrub Regions 81.799ms
[633.275s][info][gc,start       ] GC(1414) Pause Cleanup
[633.275s][info][gc             ] GC(1414) Pause Cleanup 516M->516M(1024M) 0.199ms
[633.275s][info][gc,cpu         ] GC(1414) User=0.00s Sys=0.00s Real=0.00s
[633.275s][info][gc,marking     ] GC(1414) Concurrent Clear Claimed Marks
[633.275s][info][gc,marking     ] GC(1414) Concurrent Clear Claimed Marks 0.030ms
[633.275s][info][gc,marking     ] GC(1414) Concurrent Cleanup for Next Mark
[633.277s][info][gc,marking     ] GC(1414) Concurrent Cleanup for Next Mark 1.674ms
[633.277s][info][gc             ] GC(1414) Concurrent Mark Cycle 467.504ms
[636.082s][info][gc,start       ] GC(1415) Pause Young (Prepare Mixed) (G1 Evacuation Pause)
[636.083s][info][gc,task        ] GC(1415) Using 6 workers of 6 for evacuation
[636.152s][info][gc,phases      ] GC(1415)   Pre Evacuate Collection Set: 0.2ms
[636.153s][info][gc,phases      ] GC(1415)   Merge Heap Roots: 1.2ms
[636.153s][info][gc,phases      ] GC(1415)   Evacuate Collection Set: 66.9ms
[636.153s][info][gc,phases      ] GC(1415)   Post Evacuate Collection Set: 0.8ms
[636.153s][info][gc,phases      ] GC(1415)   Other: 0.1ms
[636.153s][info][gc,heap        ] GC(1415) Eden regions: 290->0(243)
[636.153s][info][gc,heap        ] GC(1415) Survivor regions: 8->38(38)
[636.153s][info][gc,heap        ] GC(1415) Old regions: 426->488
[636.153s][info][gc,heap        ] GC(1415) Humongous regions: 4->4
[636.153s][info][gc,metaspace   ] GC(1415) Metaspace: 16649K(16960K)->16649K(16960K) NonClass: 14324K(14464K)->14324K(14464K) Class: 2325K(2496K)->2325K(2496K)
[636.153s][info][gc             ] GC(1415) Pause Young (Prepare Mixed) (G1 Evacuation Pause) 724M->526M(1024M) 70.828ms
[636.153s][info][gc,cpu         ] GC(1415) User=0.38s Sys=0.00s Real=0.07s
[636.290s][info][gc,start       ] GC(1416) Pause Young (Mixed) (G1 Evacuation Pause)
[636.290s][info][gc,task        ] GC(1416) Using 6 workers of 6 for evacuation
[636.368s][info][gc,phases      ] GC(1416)   Pre Evacuate Collection Set: 0.4ms
[636.368s][info][gc,phases      ] GC(1416)   Merge Heap Roots: 1.0ms
[636.368s][info][gc,phases      ] GC(1416)   Evacuate Collection Set: 76.3ms
[636.368s][info][gc,phases      ] GC(1416)   Post Evacuate Collection Set: 0.4ms
[636.368s][info][gc,phases      ] GC(1416)   Other: 0.1ms
[636.368s][info][gc,heap        ] GC(1416) Eden regions: 243->0(188)
[636.368s][info][gc,heap        ] GC(1416) Survivor regions: 38->36(36)
[636.368s][info][gc,heap        ] GC(1416) Old regions: 488->592
[636.368s][info][gc,heap        ] GC(1416) Humongous regions: 4->4
[636.369s][info][gc,metaspace   ] GC(1416) Metaspace: 16649K(16960K)->16649K(16960K) NonClass: 14324K(14464K)->14324K(14464K) Class: 2325K(2496K)->2325K(2496K)
[636.369s][info][gc             ] GC(1416) Pause Young (Mixed) (G1 Evacuation Pause) 769M->629M(1024M) 78.371ms
[636.369s][info][gc,cpu         ] GC(1416) User=0.39s Sys=0.00s Real=0.08s
[636.480s][info][gc,start       ] GC(1417) Pause Young (Concurrent Start) (G1 Evacuation Pause)
[636.480s][info][gc,task        ] GC(1417) Using 6 workers of 6 for evacuation
[636.536s][info][gc,phases      ] GC(1417)   Pre Evacuate Collection Set: 0.3ms
[636.536s][info][gc,phases      ] GC(1417)   Merge Heap Roots: 0.2ms
[636.536s][info][gc,phases      ] GC(1417)   Evacuate Collection Set: 54.8ms
[636.536s][info][gc,phases      ] GC(1417)   Post Evacuate Collection Set: 0.4ms
[636.536s][info][gc,phases      ] GC(1417)   Other: 0.2ms
[636.536s][info][gc,heap        ] GC(1417) Eden regions: 188->0(149)
[636.536s][info][gc,heap        ] GC(1417) Survivor regions: 36->28(28)
[636.536s][info][gc,heap        ] GC(1417) Old regions: 592->681
[636.536s][info][gc,heap        ] GC(1417) Humongous regions: 4->4
[636.536s][info][gc,metaspace   ] GC(1417) Metaspace: 16649K(16960K)->16649K(16960K) NonClass: 14324K(14464K)->14324K(14464K) Class: 2325K(2496K)->2325K(2496K)
[636.536s][info][gc             ] GC(1417) Pause Young (Concurrent Start) (G1 Evacuation Pause) 817M->710M(1024M) 56.100ms
[636.536s][info][gc,cpu         ] GC(1417) User=0.31s Sys=0.00s Real=0.06s
[636.536s][info][gc             ] GC(1418) Concurrent Mark Cycle
[636.536s][info][gc,marking     ] GC(1418) Concurrent Scan Root Regions
[636.562s][info][gc,marking     ] GC(1418) Concurrent Scan Root Regions 26.338ms
[636.562s][info][gc,marking     ] GC(1418) Concurrent Mark
[636.562s][info][gc,marking     ] GC(1418) Concurrent Mark From Roots
[636.562s][info][gc,task        ] GC(1418) Using 2 workers of 2 for marking
[636.637s][info][gc,start       ] GC(1419) Pause Young (Normal) (G1 Evacuation Pause)
[636.637s][info][gc,task        ] GC(1419) Using 6 workers of 6 for evacuation
[636.682s][info][gc,phases      ] GC(1419)   Pre Evacuate Collection Set: 0.2ms
[636.682s][info][gc,phases      ] GC(1419)   Merge Heap Roots: 0.1ms
[636.682s][info][gc,phases      ] GC(1419)   Evacuate Collection Set: 44.4ms
[636.682s][info][gc,phases      ] GC(1419)   Post Evacuate Collection Set: 0.3ms
[636.682s][info][gc,phases      ] GC(1419)   Other: 0.1ms
[636.682s][info][gc,heap        ] GC(1419) Eden regions: 149->0(117)
[636.682s][info][gc,heap        ] GC(1419) Survivor regions: 28->23(23)
[636.682s][info][gc,heap        ] GC(1419) Old regions: 681->751
[636.682s][info][gc,heap        ] GC(1419) Humongous regions: 4->4
[636.682s][info][gc,metaspace   ] GC(1419) Metaspace: 16649K(16960K)->16649K(16960K) NonClass: 14324K(14464K)->14324K(14464K) Class: 2325K(2496K)->2325K(2496K)
[636.682s][info][gc             ] GC(1419) Pause Young (Normal) (G1 Evacuation Pause) 859M->775M(1024M) 45.276ms
[636.682s][info][gc,cpu         ] GC(1419) User=0.11s Sys=0.00s Real=0.05s
[636.718s][info][gc,marking     ] GC(1418) Concurrent Mark From Roots 155.925ms
[636.718s][info][gc,marking     ] GC(1418) Concurrent Preclean
[636.718s][info][gc,marking     ] GC(1418) Concurrent Preclean 0.048ms
[636.719s][info][gc,start       ] GC(1418) Pause Remark
[636.720s][info][gc             ] GC(1418) Pause Remark 828M->410M(1024M) 1.461ms
[636.720s][info][gc,cpu         ] GC(1418) User=0.00s Sys=0.00s Real=0.00s
[636.720s][info][gc,marking     ] GC(1418) Concurrent Mark 157.678ms
[636.720s][info][gc,marking     ] GC(1418) Concurrent Rebuild Remembered Sets and Scrub Regions
[636.762s][info][gc,start       ] GC(1420) Pause Young (Normal) (G1 Evacuation Pause)
[636.762s][info][gc,task        ] GC(1420) Using 6 workers of 6 for evacuation
[636.797s][info][gc,phases      ] GC(1420)   Pre Evacuate Collection Set: 0.2ms
[636.797s][info][gc,phases      ] GC(1420)   Merge Heap Roots: 0.1ms
[636.797s][info][gc,phases      ] GC(1420)   Evacuate Collection Set: 34.9ms
[636.797s][info][gc,phases      ] GC(1420)   Post Evacuate Collection Set: 0.5ms
[636.797s][info][gc,phases      ] GC(1420)   Other: 0.1ms
[636.797s][info][gc,heap        ] GC(1420) Eden regions: 117->0(309)
[636.797s][info][gc,heap        ] GC(1420) Survivor regions: 23->18(18)
[636.797s][info][gc,heap        ] GC(1420) Old regions: 333->390
[636.797s][info][gc,heap        ] GC(1420) Humongous regions: 2->2
[636.797s][info][gc,metaspace   ] GC(1420) Metaspace: 16649K(16960K)->16649K(16960K) NonClass: 14324K(14464K)->14324K(14464K) Class: 2325K(2496K)->2325K(2496K)
[636.798s][info][gc             ] GC(1420) Pause Young (Normal) (G1 Evacuation Pause) 474M->409M(1024M) 35.940ms
[636.798s][info][gc,cpu         ] GC(1420) User=0.12s Sys=0.00s Real=0.03s
[636.932s][info][gc,marking     ] GC(1418) Concurrent Rebuild Remembered Sets and Scrub Regions 211.697ms
[636.932s][info][gc,start       ] GC(1418) Pause Cleanup
[636.932s][info][gc             ] GC(1418) Pause Cleanup 544M->544M(1024M) 0.241ms
[636.932s][info][gc,cpu         ] GC(1418) User=0.00s Sys=0.00s Real=0.00s
[636.932s][info][gc,marking     ] GC(1418) Concurrent Clear Claimed Marks
[636.932s][info][gc,marking     ] GC(1418) Concurrent Clear Claimed Marks 0.028ms
[636.932s][info][gc,marking     ] GC(1418) Concurrent Cleanup for Next Mark
[636.934s][info][gc,marking     ] GC(1418) Concurrent Cleanup for Next Mark 1.664ms
[636.934s][info][gc             ] GC(1418) Concurrent Mark Cycle 398.033ms
[637.439s][info][gc,start       ] GC(1421) Pause Young (Prepare Mixed) (G1 Evacuation Pause)
[637.439s][info][gc,task        ] GC(1421) Using 6 workers of 6 for evacuation
[637.515s][info][gc,phases      ] GC(1421)   Pre Evacuate Collection Set: 0.3ms
[637.517s][info][gc,phases      ] GC(1421)   Merge Heap Roots: 2.2ms
[637.517s][info][gc,phases      ] GC(1421)   Evacuate Collection Set: 72.8ms
[637.517s][info][gc,phases      ] GC(1421)   Post Evacuate Collection Set: 0.9ms
[637.517s][info][gc,phases      ] GC(1421)   Other: 0.1ms
[637.517s][info][gc,heap        ] GC(1421) Eden regions: 309->0(275)
[637.517s][info][gc,heap        ] GC(1421) Survivor regions: 18->41(41)
[637.517s][info][gc,heap        ] GC(1421) Old regions: 390->440
[637.517s][info][gc,heap        ] GC(1421) Humongous regions: 8->8
[637.517s][info][gc,metaspace   ] GC(1421) Metaspace: 16649K(16960K)->16649K(16960K) NonClass: 14324K(14464K)->14324K(14464K) Class: 2325K(2496K)->2325K(2496K)
[637.517s][info][gc             ] GC(1421) Pause Young (Prepare Mixed) (G1 Evacuation Pause) 724M->488M(1024M) 77.788ms
[637.517s][info][gc,cpu         ] GC(1421) User=0.38s Sys=0.00s Real=0.08s
[638.007s][info][gc,start       ] GC(1422) Pause Young (Mixed) (G1 Evacuation Pause)
[638.007s][info][gc,task        ] GC(1422) Using 6 workers of 6 for evacuation
[638.037s][info][gc,phases      ] GC(1422)   Pre Evacuate Collection Set: 0.3ms
[638.037s][info][gc,phases      ] GC(1422)   Merge Heap Roots: 1.2ms
[638.037s][info][gc,phases      ] GC(1422)   Evacuate Collection Set: 28.2ms
[638.037s][info][gc,phases      ] GC(1422)   Post Evacuate Collection Set: 0.7ms
[638.037s][info][gc,phases      ] GC(1422)   Other: 0.1ms
[638.037s][info][gc,heap        ] GC(1422) Eden regions: 275->0(309)
[638.037s][info][gc,heap        ] GC(1422) Survivor regions: 41->3(40)
[638.037s][info][gc,heap        ] GC(1422) Old regions: 440->464
[638.037s][info][gc,heap        ] GC(1422) Humongous regions: 8->8
[638.037s][info][gc,metaspace   ] GC(1422) Metaspace: 16649K(16960K)->16649K(16960K) NonClass: 14324K(14464K)->14324K(14464K) Class: 2325K(2496K)->2325K(2496K)
[638.037s][info][gc             ] GC(1422) Pause Young (Mixed) (G1 Evacuation Pause) 763M->474M(1024M) 30.735ms
[638.037s][info][gc,cpu         ] GC(1422) User=0.09s Sys=0.00s Real=0.03s
[638.873s][info][gc,start       ] GC(1423) Pause Full (System.gc())
[638.873s][info][gc,task        ] GC(1423) Using 6 workers of 6 for full compaction
[638.873s][info][gc,phases,start] GC(1423) Phase 1: Mark live objects
[638.875s][info][gc,phases      ] GC(1423) Phase 1: Mark live objects 2.434ms
[638.875s][info][gc,phases,start] GC(1423) Phase 2: Prepare compaction
[638.876s][info][gc,phases      ] GC(1423) Phase 2: Prepare compaction 0.674ms
[638.876s][info][gc,phases,start] GC(1423) Phase 3: Adjust pointers
[638.878s][info][gc,phases      ] GC(1423) Phase 3: Adjust pointers 2.275ms
[638.879s][info][gc,phases,start] GC(1423) Phase 4: Compact heap
[638.879s][info][gc,phases      ] GC(1423) Phase 4: Compact heap 0.632ms
[638.879s][info][gc,phases,start] GC(1423) Phase 5: Reset Metadata
[638.880s][info][gc,phases      ] GC(1423) Phase 5: Reset Metadata 0.701ms
[638.884s][info][gc,heap        ] GC(1423) Eden regions: 169->0(551)
[638.884s][info][gc,heap        ] GC(1423) Survivor regions: 3->0(40)
[638.884s][info][gc,heap        ] GC(1423) Old regions: 464->10
[638.884s][info][gc,heap        ] GC(1423) Humongous regions: 8->2
[638.884s][info][gc,metaspace   ] GC(1423) Metaspace: 16649K(16960K)->16649K(16960K) NonClass: 14324K(14464K)->14324K(14464K) Class: 2325K(2496K)->2325K(2496K)
[638.884s][info][gc             ] GC(1423) Pause Full (System.gc()) 643M->5M(1024M) 11.180ms
[638.884s][info][gc,cpu         ] GC(1423) User=0.00s Sys=0.00s Real=0.02s
[640.146s][info][gc,start       ] GC(1424) Pause Young (Concurrent Start) (G1 Evacuation Pause)
[640.146s][info][gc,task        ] GC(1424) Using 6 workers of 6 for evacuation
[640.148s][info][gc,phases      ] GC(1424)   Pre Evacuate Collection Set: 0.2ms
[640.148s][info][gc,phases      ] GC(1424)   Merge Heap Roots: 0.1ms
[640.148s][info][gc,phases      ] GC(1424)   Evacuate Collection Set: 0.4ms
[640.148s][info][gc,phases      ] GC(1424)   Post Evacuate Collection Set: 0.4ms
[640.148s][info][gc,phases      ] GC(1424)   Other: 0.1ms
[640.148s][info][gc,heap        ] GC(1424) Eden regions: 551->0(608)
[640.148s][info][gc,heap        ] GC(1424) Survivor regions: 0->2(69)
[640.148s][info][gc,heap        ] GC(1424) Old regions: 10->10
[640.148s][info][gc,heap        ] GC(1424) Humongous regions: 2->2
[640.148s][info][gc,metaspace   ] GC(1424) Metaspace: 16649K(16960K)->16649K(16960K) NonClass: 14324K(14464K)->14324K(14464K) Class: 2325K(2496K)->2325K(2496K)
[640.148s][info][gc             ] GC(1424) Pause Young (Concurrent Start) (G1 Evacuation Pause) 556M->7M(1024M) 1.345ms
[640.148s][info][gc,cpu         ] GC(1424) User=0.00s Sys=0.00s Real=0.00s
[640.148s][info][gc             ] GC(1425) Concurrent Mark Cycle
[640.148s][info][gc,marking     ] GC(1425) Concurrent Scan Root Regions
[640.148s][info][gc,marking     ] GC(1425) Concurrent Scan Root Regions 0.165ms
[640.148s][info][gc,marking     ] GC(1425) Concurrent Mark
[640.148s][info][gc,marking     ] GC(1425) Concurrent Mark From Roots
[640.148s][info][gc,task        ] GC(1425) Using 2 workers of 2 for marking
[640.151s][info][gc,marking     ] GC(1425) Concurrent Mark From Roots 3.152ms
[640.151s][info][gc,marking     ] GC(1425) Concurrent Preclean
[640.151s][info][gc,marking     ] GC(1425) Concurrent Preclean 0.020ms
[640.151s][info][gc,start       ] GC(1425) Pause Remark
[640.152s][info][gc             ] GC(1425) Pause Remark 25M->25M(1024M) 1.065ms
[640.152s][info][gc,cpu         ] GC(1425) User=0.00s Sys=0.00s Real=0.00s
[640.152s][info][gc,marking     ] GC(1425) Concurrent Mark 4.485ms
[640.152s][info][gc,marking     ] GC(1425) Concurrent Rebuild Remembered Sets and Scrub Regions
[640.153s][info][gc,marking     ] GC(1425) Concurrent Rebuild Remembered Sets and Scrub Regions 0.996ms
[640.154s][info][gc,start       ] GC(1425) Pause Cleanup
[640.154s][info][gc             ] GC(1425) Pause Cleanup 30M->30M(1024M) 0.119ms
[640.154s][info][gc,cpu         ] GC(1425) User=0.00s Sys=0.00s Real=0.00s
[640.154s][info][gc,marking     ] GC(1425) Concurrent Clear Claimed Marks
[640.154s][info][gc,marking     ] GC(1425) Concurrent Clear Claimed Marks 0.024ms
[640.154s][info][gc,marking     ] GC(1425) Concurrent Cleanup for Next Mark
[640.156s][info][gc,marking     ] GC(1425) Concurrent Cleanup for Next Mark 2.438ms
[640.156s][info][gc             ] GC(1425) Concurrent Mark Cycle 8.614ms
[640.245s][info][gc,start       ] GC(1426) Pause Young (Prepare Mixed) (G1 Evacuation Pause)
[640.247s][info][gc,task        ] GC(1426) Using 6 workers of 6 for evacuation
[640.249s][info][gc,phases      ] GC(1426)   Pre Evacuate Collection Set: 0.2ms
[640.249s][info][gc,phases      ] GC(1426)   Merge Heap Roots: 0.2ms
[640.249s][info][gc,phases      ] GC(1426)   Evacuate Collection Set: 0.5ms
[640.249s][info][gc,phases      ] GC(1426)   Post Evacuate Collection Set: 0.4ms
[640.249s][info][gc,phases      ] GC(1426)   Other: 0.1ms
[640.249s][info][gc,heap        ] GC(1426) Eden regions: 608->0(613)
[640.249s][info][gc,heap        ] GC(1426) Survivor regions: 2->1(77)
[640.249s][info][gc,heap        ] GC(1426) Old regions: 9->9
[640.249s][info][gc,heap        ] GC(1426) Humongous regions: 2->2
[640.249s][info][gc,metaspace   ] GC(1426) Metaspace: 16649K(16960K)->16649K(16960K) NonClass: 14324K(14464K)->14324K(14464K) Class: 2325K(2496K)->2325K(2496K)
[640.249s][info][gc             ] GC(1426) Pause Young (Prepare Mixed) (G1 Evacuation Pause) 615M->6M(1024M) 3.967ms
[640.249s][info][gc,cpu         ] GC(1426) User=0.00s Sys=0.00s Real=0.00s
[640.343s][info][gc,start       ] GC(1427) Pause Young (Mixed) (G1 Evacuation Pause)
[640.343s][info][gc,task        ] GC(1427) Using 6 workers of 6 for evacuation
[640.344s][info][gc,phases      ] GC(1427)   Pre Evacuate Collection Set: 0.2ms
[640.344s][info][gc,phases      ] GC(1427)   Merge Heap Roots: 0.1ms
[640.344s][info][gc,phases      ] GC(1427)   Evacuate Collection Set: 0.4ms
[640.344s][info][gc,phases      ] GC(1427)   Post Evacuate Collection Set: 0.4ms
[640.344s][info][gc,phases      ] GC(1427)   Other: 0.1ms
[640.344s][info][gc,heap        ] GC(1427) Eden regions: 613->0(613)
[640.344s][info][gc,heap        ] GC(1427) Survivor regions: 1->1(77)
[640.344s][info][gc,heap        ] GC(1427) Old regions: 9->9
[640.344s][info][gc,heap        ] GC(1427) Humongous regions: 2->2
[640.344s][info][gc,metaspace   ] GC(1427) Metaspace: 16649K(16960K)->16649K(16960K) NonClass: 14324K(14464K)->14324K(14464K) Class: 2325K(2496K)->2325K(2496K)
[640.344s][info][gc             ] GC(1427) Pause Young (Mixed) (G1 Evacuation Pause) 619M->6M(1024M) 1.375ms
[640.344s][info][gc,cpu         ] GC(1427) User=0.02s Sys=0.00s Real=0.02s
[640.438s][info][gc,start       ] GC(1428) Pause Young (Concurrent Start) (G1 Evacuation Pause)
[640.438s][info][gc,task        ] GC(1428) Using 6 workers of 6 for evacuation
[640.439s][info][gc,phases      ] GC(1428)   Pre Evacuate Collection Set: 0.2ms
[640.439s][info][gc,phases      ] GC(1428)   Merge Heap Roots: 0.1ms
[640.439s][info][gc,phases      ] GC(1428)   Evacuate Collection Set: 0.3ms
[640.439s][info][gc,phases      ] GC(1428)   Post Evacuate Collection Set: 0.3ms
[640.439s][info][gc,phases      ] GC(1428)   Other: 0.1ms
[640.439s][info][gc,heap        ] GC(1428) Eden regions: 613->0(613)
[640.439s][info][gc,heap        ] GC(1428) Survivor regions: 1->1(77)
[640.439s][info][gc,heap        ] GC(1428) Old regions: 9->9
[640.439s][info][gc,heap        ] GC(1428) Humongous regions: 2->2
[640.439s][info][gc,metaspace   ] GC(1428) Metaspace: 16649K(16960K)->16649K(16960K) NonClass: 14324K(14464K)->14324K(14464K) Class: 2325K(2496K)->2325K(2496K)
[640.439s][info][gc             ] GC(1428) Pause Young (Concurrent Start) (G1 Evacuation Pause) 619M->6M(1024M) 1.285ms
[640.439s][info][gc             ] GC(1429) Concurrent Mark Cycle
[640.439s][info][gc,cpu         ] GC(1428) User=0.00s Sys=0.00s Real=0.00s
[640.439s][info][gc,marking     ] GC(1429) Concurrent Scan Root Regions
[640.439s][info][gc,marking     ] GC(1429) Concurrent Scan Root Regions 0.274ms
[640.439s][info][gc,marking     ] GC(1429) Concurrent Mark
[640.439s][info][gc,marking     ] GC(1429) Concurrent Mark From Roots
[640.439s][info][gc,task        ] GC(1429) Using 2 workers of 2 for marking
[640.442s][info][gc,marking     ] GC(1429) Concurrent Mark From Roots 3.148ms
[640.442s][info][gc,marking     ] GC(1429) Concurrent Preclean
[640.442s][info][gc,marking     ] GC(1429) Concurrent Preclean 0.023ms
[640.443s][info][gc,start       ] GC(1429) Pause Remark
[640.444s][info][gc             ] GC(1429) Pause Remark 24M->24M(1024M) 1.063ms
[640.444s][info][gc,cpu         ] GC(1429) User=0.00s Sys=0.00s Real=0.00s
[640.444s][info][gc,marking     ] GC(1429) Concurrent Mark 4.492ms
[640.444s][info][gc,marking     ] GC(1429) Concurrent Rebuild Remembered Sets and Scrub Regions
[640.445s][info][gc,marking     ] GC(1429) Concurrent Rebuild Remembered Sets and Scrub Regions 1.003ms
[640.445s][info][gc,start       ] GC(1429) Pause Cleanup
[640.445s][info][gc             ] GC(1429) Pause Cleanup 29M->29M(1024M) 0.116ms
[640.445s][info][gc,cpu         ] GC(1429) User=0.00s Sys=0.00s Real=0.00s
[640.445s][info][gc,marking     ] GC(1429) Concurrent Clear Claimed Marks
[640.445s][info][gc,marking     ] GC(1429) Concurrent Clear Claimed Marks 0.028ms
[640.445s][info][gc,marking     ] GC(1429) Concurrent Cleanup for Next Mark
[640.448s][info][gc,marking     ] GC(1429) Concurrent Cleanup for Next Mark 2.425ms
[640.448s][info][gc             ] GC(1429) Concurrent Mark Cycle 8.735ms
[640.561s][info][gc,start       ] GC(1430) Pause Young (Prepare Mixed) (G1 Evacuation Pause)
[640.561s][info][gc,task        ] GC(1430) Using 6 workers of 6 for evacuation
[640.579s][info][gc,phases      ] GC(1430)   Pre Evacuate Collection Set: 0.2ms
[640.579s][info][gc,phases      ] GC(1430)   Merge Heap Roots: 0.1ms
[640.579s][info][gc,phases      ] GC(1430)   Evacuate Collection Set: 17.6ms
[640.579s][info][gc,phases      ] GC(1430)   Post Evacuate Collection Set: 0.6ms
[640.579s][info][gc,phases      ] GC(1430)   Other: 0.1ms
[640.579s][info][gc,heap        ] GC(1430) Eden regions: 613->0(573)
[640.579s][info][gc,heap        ] GC(1430) Survivor regions: 1->41(77)
[640.579s][info][gc,heap        ] GC(1430) Old regions: 9->9
[640.579s][info][gc,heap        ] GC(1430) Humongous regions: 3->3
[640.579s][info][gc,metaspace   ] GC(1430) Metaspace: 16649K(16960K)->16649K(16960K) NonClass: 14324K(14464K)->14324K(14464K) Class: 2325K(2496K)->2325K(2496K)
[640.579s][info][gc             ] GC(1430) Pause Young (Prepare Mixed) (G1 Evacuation Pause) 620M->48M(1024M) 18.703ms
[640.579s][info][gc,cpu         ] GC(1430) User=0.02s Sys=0.00s Real=0.02s
[641.038s][info][gc,start       ] GC(1431) Pause Young (Mixed) (G1 Evacuation Pause)
[641.038s][info][gc,task        ] GC(1431) Using 6 workers of 6 for evacuation
[641.232s][info][gc,phases      ] GC(1431)   Pre Evacuate Collection Set: 0.1ms
[641.232s][info][gc,phases      ] GC(1431)   Merge Heap Roots: 0.1ms
[641.232s][info][gc,phases      ] GC(1431)   Evacuate Collection Set: 186.0ms
[641.232s][info][gc,phases      ] GC(1431)   Post Evacuate Collection Set: 7.2ms
[641.232s][info][gc,phases      ] GC(1431)   Other: 0.1ms
[641.232s][info][gc,heap        ] GC(1431) Eden regions: 573->0(0)
[641.232s][info][gc,heap        ] GC(1431) Survivor regions: 41->77(77)
[641.232s][info][gc,heap        ] GC(1431) Old regions: 9->901
[641.232s][info][gc,heap        ] GC(1431) Humongous regions: 3->3
[641.232s][info][gc,metaspace   ] GC(1431) Metaspace: 16649K(16960K)->16649K(16960K) NonClass: 14324K(14464K)->14324K(14464K) Class: 2325K(2496K)->2325K(2496K)
[641.232s][info][gc             ] GC(1431) Pause Young (Mixed) (G1 Evacuation Pause) (Evacuation Failure) 621M->977M(1024M) 193.752ms
[641.232s][info][gc,cpu         ] GC(1431) User=1.06s Sys=0.00s Real=0.19s
[641.232s][info][gc,ergo        ] Attempting full compaction
[641.232s][info][gc,start       ] GC(1432) Pause Full (G1 Compaction Pause)
[641.232s][info][gc,task        ] GC(1432) Using 6 workers of 6 for full compaction
[641.232s][info][gc,phases,start] GC(1432) Phase 1: Mark live objects
[641.328s][info][gc,phases      ] GC(1432) Phase 1: Mark live objects 95.987ms
[641.328s][info][gc,phases,start] GC(1432) Phase 2: Prepare compaction
[641.333s][info][gc,phases      ] GC(1432) Phase 2: Prepare compaction 4.308ms
[641.333s][info][gc,phases,start] GC(1432) Phase 3: Adjust pointers
[641.358s][info][gc,phases      ] GC(1432) Phase 3: Adjust pointers 25.027ms
[641.358s][info][gc,phases,start] GC(1432) Phase 4: Compact heap
[641.362s][info][gc,phases      ] GC(1432) Phase 4: Compact heap 4.442ms
[641.362s][info][gc,phases,start] GC(1432) Phase 5: Reset Metadata
[641.376s][info][gc,phases      ] GC(1432) Phase 5: Reset Metadata 13.688ms
[641.382s][info][gc,heap        ] GC(1432) Eden regions: 0->0(321)
[641.382s][info][gc,heap        ] GC(1432) Survivor regions: 77->0(77)
[641.382s][info][gc,heap        ] GC(1432) Old regions: 901->419
[641.382s][info][gc,heap        ] GC(1432) Humongous regions: 3->3
[641.382s][info][gc,metaspace   ] GC(1432) Metaspace: 16649K(16960K)->16649K(16960K) NonClass: 14324K(14464K)->14324K(14464K) Class: 2325K(2496K)->2325K(2496K)
[641.382s][info][gc             ] GC(1432) Pause Full (G1 Compaction Pause) 977M->418M(1024M) 149.645ms
[641.382s][info][gc,cpu         ] GC(1432) User=0.55s Sys=0.00s Real=0.16s
[641.396s][info][gc,start       ] GC(1433) Pause Young (Concurrent Start) (G1 Humongous Allocation)
[641.396s][info][gc,task        ] GC(1433) Using 6 workers of 6 for evacuation
[641.403s][info][gc,phases      ] GC(1433)   Pre Evacuate Collection Set: 0.2ms
[641.403s][info][gc,phases      ] GC(1433)   Merge Heap Roots: 0.1ms
[641.403s][info][gc,phases      ] GC(1433)   Evacuate Collection Set: 6.4ms
[641.403s][info][gc,phases      ] GC(1433)   Post Evacuate Collection Set: 0.3ms
[641.403s][info][gc,phases      ] GC(1433)   Other: 0.1ms
[641.403s][info][gc,heap        ] GC(1433) Eden regions: 22->0(292)
[641.403s][info][gc,heap        ] GC(1433) Survivor regions: 0->15(41)
[641.403s][info][gc,heap        ] GC(1433) Old regions: 419->419
[641.403s][info][gc,heap        ] GC(1433) Humongous regions: 3->3
[641.403s][info][gc,metaspace   ] GC(1433) Metaspace: 16649K(16960K)->16649K(16960K) NonClass: 14324K(14464K)->14324K(14464K) Class: 2325K(2496K)->2325K(2496K)
[641.403s][info][gc             ] GC(1433) Pause Young (Concurrent Start) (G1 Humongous Allocation) 439M->433M(1024M) 7.278ms
[641.403s][info][gc             ] GC(1434) Concurrent Mark Cycle
[641.403s][info][gc,cpu         ] GC(1433) User=0.00s Sys=0.00s Real=0.00s
[641.403s][info][gc,marking     ] GC(1434) Concurrent Scan Root Regions
[641.408s][info][gc,marking     ] GC(1434) Concurrent Scan Root Regions 4.523ms
[641.408s][info][gc,marking     ] GC(1434) Concurrent Mark
[641.408s][info][gc,marking     ] GC(1434) Concurrent Mark From Roots
[641.408s][info][gc,task        ] GC(1434) Using 2 workers of 2 for marking
[641.771s][info][gc,marking     ] GC(1434) Concurrent Mark From Roots 363.667ms
[641.771s][info][gc,marking     ] GC(1434) Concurrent Preclean
[641.771s][info][gc,marking     ] GC(1434) Concurrent Preclean 0.059ms
[641.772s][info][gc,start       ] GC(1434) Pause Remark
[641.773s][info][gc             ] GC(1434) Pause Remark 493M->493M(1024M) 1.225ms
[641.773s][info][gc,cpu         ] GC(1434) User=0.00s Sys=0.00s Real=0.00s
[641.773s][info][gc,marking     ] GC(1434) Concurrent Mark 365.203ms
[641.773s][info][gc,marking     ] GC(1434) Concurrent Rebuild Remembered Sets and Scrub Regions
[641.853s][info][gc,marking     ] GC(1434) Concurrent Rebuild Remembered Sets and Scrub Regions 79.834ms
[641.853s][info][gc,start       ] GC(1434) Pause Cleanup
[641.853s][info][gc             ] GC(1434) Pause Cleanup 514M->514M(1024M) 0.158ms
[641.853s][info][gc,cpu         ] GC(1434) User=0.00s Sys=0.00s Real=0.00s
[641.853s][info][gc,marking     ] GC(1434) Concurrent Clear Claimed Marks
[641.853s][info][gc,marking     ] GC(1434) Concurrent Clear Claimed Marks 0.026ms
[641.853s][info][gc,marking     ] GC(1434) Concurrent Cleanup for Next Mark
[641.855s][info][gc,marking     ] GC(1434) Concurrent Cleanup for Next Mark 1.685ms
[641.855s][info][gc             ] GC(1434) Concurrent Mark Cycle 451.781ms
[643.951s][info][gc,start       ] GC(1435) Pause Young (Prepare Mixed) (G1 Evacuation Pause)
[643.951s][info][gc,task        ] GC(1435) Using 6 workers of 6 for evacuation
[644.022s][info][gc,phases      ] GC(1435)   Pre Evacuate Collection Set: 0.2ms
[644.023s][info][gc,phases      ] GC(1435)   Merge Heap Roots: 1.2ms
[644.023s][info][gc,phases      ] GC(1435)   Evacuate Collection Set: 69.2ms
[644.023s][info][gc,phases      ] GC(1435)   Post Evacuate Collection Set: 0.9ms
[644.023s][info][gc,phases      ] GC(1435)   Other: 0.1ms
[644.023s][info][gc,heap        ] GC(1435) Eden regions: 292->0(244)
[644.023s][info][gc,heap        ] GC(1435) Survivor regions: 15->39(39)
[644.023s][info][gc,heap        ] GC(1435) Old regions: 419->488
[644.023s][info][gc,heap        ] GC(1435) Humongous regions: 4->4
[644.023s][info][gc,metaspace   ] GC(1435) Metaspace: 16649K(16960K)->16649K(16960K) NonClass: 14324K(14464K)->14324K(14464K) Class: 2325K(2496K)->2325K(2496K)
[644.023s][info][gc             ] GC(1435) Pause Young (Prepare Mixed) (G1 Evacuation Pause) 726M->526M(1024M) 71.849ms
[644.023s][info][gc,cpu         ] GC(1435) User=0.36s Sys=0.00s Real=0.06s
[644.162s][info][gc,start       ] GC(1436) Pause Young (Mixed) (G1 Evacuation Pause)
[644.162s][info][gc,task        ] GC(1436) Using 6 workers of 6 for evacuation
[644.240s][info][gc,phases      ] GC(1436)   Pre Evacuate Collection Set: 0.2ms
[644.240s][info][gc,phases      ] GC(1436)   Merge Heap Roots: 1.1ms
[644.240s][info][gc,phases      ] GC(1436)   Evacuate Collection Set: 76.2ms
[644.240s][info][gc,phases      ] GC(1436)   Post Evacuate Collection Set: 0.3ms
[644.240s][info][gc,phases      ] GC(1436)   Other: 0.1ms
[644.240s][info][gc,heap        ] GC(1436) Eden regions: 244->0(188)
[644.240s][info][gc,heap        ] GC(1436) Survivor regions: 39->36(36)
[644.240s][info][gc,heap        ] GC(1436) Old regions: 488->594
[644.240s][info][gc,heap        ] GC(1436) Humongous regions: 4->4
[644.240s][info][gc,metaspace   ] GC(1436) Metaspace: 16649K(16960K)->16649K(16960K) NonClass: 14324K(14464K)->14324K(14464K) Class: 2325K(2496K)->2325K(2496K)
[644.240s][info][gc             ] GC(1436) Pause Young (Mixed) (G1 Evacuation Pause) 770M->631M(1024M) 78.222ms
[644.240s][info][gc,cpu         ] GC(1436) User=0.39s Sys=0.00s Real=0.08s
[644.351s][info][gc,start       ] GC(1437) Pause Young (Concurrent Start) (G1 Evacuation Pause)
[644.351s][info][gc,task        ] GC(1437) Using 6 workers of 6 for evacuation
[644.407s][info][gc,phases      ] GC(1437)   Pre Evacuate Collection Set: 0.4ms
[644.407s][info][gc,phases      ] GC(1437)   Merge Heap Roots: 0.2ms
[644.407s][info][gc,phases      ] GC(1437)   Evacuate Collection Set: 54.3ms
[644.407s][info][gc,phases      ] GC(1437)   Post Evacuate Collection Set: 0.4ms
[644.407s][info][gc,phases      ] GC(1437)   Other: 0.2ms
[644.407s][info][gc,heap        ] GC(1437) Eden regions: 188->0(148)
[644.407s][info][gc,heap        ] GC(1437) Survivor regions: 36->28(28)
[644.407s][info][gc,heap        ] GC(1437) Old regions: 594->683
[644.407s][info][gc,heap        ] GC(1437) Humongous regions: 4->4
[644.407s][info][gc,metaspace   ] GC(1437) Metaspace: 16649K(16960K)->16649K(16960K) NonClass: 14324K(14464K)->14324K(14464K) Class: 2325K(2496K)->2325K(2496K)
[644.407s][info][gc             ] GC(1437) Pause Young (Concurrent Start) (G1 Evacuation Pause) 819M->711M(1024M) 55.647ms
[644.407s][info][gc             ] GC(1438) Concurrent Mark Cycle
[644.407s][info][gc,cpu         ] GC(1437) User=0.30s Sys=0.00s Real=0.06s
[644.407s][info][gc,marking     ] GC(1438) Concurrent Scan Root Regions
[644.434s][info][gc,marking     ] GC(1438) Concurrent Scan Root Regions 27.713ms
[644.434s][info][gc,marking     ] GC(1438) Concurrent Mark
[644.435s][info][gc,marking     ] GC(1438) Concurrent Mark From Roots
[644.435s][info][gc,task        ] GC(1438) Using 2 workers of 2 for marking
[644.507s][info][gc,start       ] GC(1439) Pause Young (Normal) (G1 Evacuation Pause)
[644.507s][info][gc,task        ] GC(1439) Using 6 workers of 6 for evacuation
[644.551s][info][gc,phases      ] GC(1439)   Pre Evacuate Collection Set: 0.2ms
[644.551s][info][gc,phases      ] GC(1439)   Merge Heap Roots: 0.1ms
[644.551s][info][gc,phases      ] GC(1439)   Evacuate Collection Set: 43.5ms
[644.551s][info][gc,phases      ] GC(1439)   Post Evacuate Collection Set: 0.3ms
[644.551s][info][gc,phases      ] GC(1439)   Other: 0.1ms
[644.551s][info][gc,heap        ] GC(1439) Eden regions: 148->0(118)
[644.551s][info][gc,heap        ] GC(1439) Survivor regions: 28->22(22)
[644.551s][info][gc,heap        ] GC(1439) Old regions: 683->752
[644.551s][info][gc,heap        ] GC(1439) Humongous regions: 4->4
[644.551s][info][gc,metaspace   ] GC(1439) Metaspace: 16649K(16960K)->16649K(16960K) NonClass: 14324K(14464K)->14324K(14464K) Class: 2325K(2496K)->2325K(2496K)
[644.551s][info][gc             ] GC(1439) Pause Young (Normal) (G1 Evacuation Pause) 859M->775M(1024M) 44.367ms
[644.551s][info][gc,cpu         ] GC(1439) User=0.11s Sys=0.00s Real=0.04s
[644.588s][info][gc,marking     ] GC(1438) Concurrent Mark From Roots 153.070ms
[644.588s][info][gc,marking     ] GC(1438) Concurrent Preclean
[644.588s][info][gc,marking     ] GC(1438) Concurrent Preclean 0.070ms
[644.588s][info][gc,start       ] GC(1438) Pause Remark
[644.589s][info][gc             ] GC(1438) Pause Remark 830M->418M(1024M) 1.539ms
[644.589s][info][gc,cpu         ] GC(1438) User=0.00s Sys=0.00s Real=0.00s
[644.589s][info][gc,marking     ] GC(1438) Concurrent Mark 154.931ms
[644.589s][info][gc,marking     ] GC(1438) Concurrent Rebuild Remembered Sets and Scrub Regions
[644.629s][info][gc,start       ] GC(1440) Pause Young (Normal) (G1 Evacuation Pause)
[644.629s][info][gc,task        ] GC(1440) Using 6 workers of 6 for evacuation
[644.665s][info][gc,phases      ] GC(1440)   Pre Evacuate Collection Set: 0.2ms
[644.665s][info][gc,phases      ] GC(1440)   Merge Heap Roots: 0.1ms
[644.665s][info][gc,phases      ] GC(1440)   Evacuate Collection Set: 35.4ms
[644.665s][info][gc,phases      ] GC(1440)   Post Evacuate Collection Set: 0.4ms
[644.665s][info][gc,phases      ] GC(1440)   Other: 0.1ms
[644.665s][info][gc,heap        ] GC(1440) Eden regions: 118->0(305)
[644.665s][info][gc,heap        ] GC(1440) Survivor regions: 22->18(18)
[644.665s][info][gc,heap        ] GC(1440) Old regions: 340->397
[644.665s][info][gc,heap        ] GC(1440) Humongous regions: 2->2
[644.665s][info][gc,metaspace   ] GC(1440) Metaspace: 16649K(16960K)->16649K(16960K) NonClass: 14324K(14464K)->14324K(14464K) Class: 2325K(2496K)->2325K(2496K)
[644.665s][info][gc             ] GC(1440) Pause Young (Normal) (G1 Evacuation Pause) 481M->416M(1024M) 36.385ms
[644.665s][info][gc,cpu         ] GC(1440) User=0.09s Sys=0.00s Real=0.04s
[644.777s][info][gc,marking     ] GC(1438) Concurrent Rebuild Remembered Sets and Scrub Regions 187.329ms
[644.777s][info][gc,start       ] GC(1438) Pause Cleanup
[644.777s][info][gc             ] GC(1438) Pause Cleanup 533M->533M(1024M) 0.239ms
[644.777s][info][gc,cpu         ] GC(1438) User=0.00s Sys=0.00s Real=0.00s
[644.777s][info][gc,marking     ] GC(1438) Concurrent Clear Claimed Marks
[644.777s][info][gc,marking     ] GC(1438) Concurrent Clear Claimed Marks 0.047ms
[644.777s][info][gc,marking     ] GC(1438) Concurrent Cleanup for Next Mark
[644.779s][info][gc,marking     ] GC(1438) Concurrent Cleanup for Next Mark 1.597ms
[644.779s][info][gc             ] GC(1438) Concurrent Mark Cycle 372.262ms
[645.281s][info][gc,start       ] GC(1441) Pause Young (Prepare Mixed) (G1 Evacuation Pause)
[645.281s][info][gc,task        ] GC(1441) Using 6 workers of 6 for evacuation
[645.357s][info][gc,phases      ] GC(1441)   Pre Evacuate Collection Set: 0.4ms
[645.357s][info][gc,phases      ] GC(1441)   Merge Heap Roots: 2.2ms
[645.357s][info][gc,phases      ] GC(1441)   Evacuate Collection Set: 72.3ms
[645.357s][info][gc,phases      ] GC(1441)   Post Evacuate Collection Set: 0.9ms
[645.357s][info][gc,phases      ] GC(1441)   Other: 0.1ms
[645.357s][info][gc,heap        ] GC(1441) Eden regions: 305->0(272)
[645.357s][info][gc,heap        ] GC(1441) Survivor regions: 18->41(41)
[645.357s][info][gc,heap        ] GC(1441) Old regions: 397->445
[645.357s][info][gc,heap        ] GC(1441) Humongous regions: 8->8
[645.357s][info][gc,metaspace   ] GC(1441) Metaspace: 16649K(16960K)->16649K(16960K) NonClass: 14324K(14464K)->14324K(14464K) Class: 2325K(2496K)->2325K(2496K)
[645.357s][info][gc             ] GC(1441) Pause Young (Prepare Mixed) (G1 Evacuation Pause) 727M->493M(1024M) 76.131ms
[645.357s][info][gc,cpu         ] GC(1441) User=0.39s Sys=0.00s Real=0.08s
[645.841s][info][gc,start       ] GC(1442) Pause Young (Mixed) (G1 Evacuation Pause)
[645.841s][info][gc,task        ] GC(1442) Using 6 workers of 6 for evacuation
[645.872s][info][gc,phases      ] GC(1442)   Pre Evacuate Collection Set: 0.4ms
[645.872s][info][gc,phases      ] GC(1442)   Merge Heap Roots: 0.9ms
[645.872s][info][gc,phases      ] GC(1442)   Evacuate Collection Set: 28.5ms
[645.872s][info][gc,phases      ] GC(1442)   Post Evacuate Collection Set: 0.7ms
[645.872s][info][gc,phases      ] GC(1442)   Other: 0.1ms
[645.872s][info][gc,heap        ] GC(1442) Eden regions: 272->0(306)
[645.872s][info][gc,heap        ] GC(1442) Survivor regions: 41->3(40)
[645.872s][info][gc,heap        ] GC(1442) Old regions: 445->468
[645.872s][info][gc,heap        ] GC(1442) Humongous regions: 8->8
[645.872s][info][gc,metaspace   ] GC(1442) Metaspace: 16649K(16960K)->16649K(16960K) NonClass: 14324K(14464K)->14324K(14464K) Class: 2325K(2496K)->2325K(2496K)
[645.872s][info][gc             ] GC(1442) Pause Young (Mixed) (G1 Evacuation Pause) 765M->478M(1024M) 30.837ms
[645.872s][info][gc,cpu         ] GC(1442) User=0.08s Sys=0.00s Real=0.03s
[646.732s][info][gc,start       ] GC(1443) Pause Full (System.gc())
[646.732s][info][gc,task        ] GC(1443) Using 6 workers of 6 for full compaction
[646.732s][info][gc,phases,start] GC(1443) Phase 1: Mark live objects
[646.735s][info][gc,phases      ] GC(1443) Phase 1: Mark live objects 2.514ms
[646.735s][info][gc,phases,start] GC(1443) Phase 2: Prepare compaction
[646.735s][info][gc,phases      ] GC(1443) Phase 2: Prepare compaction 0.647ms
[646.735s][info][gc,phases,start] GC(1443) Phase 3: Adjust pointers
[646.738s][info][gc,phases      ] GC(1443) Phase 3: Adjust pointers 2.277ms
[646.738s][info][gc,phases,start] GC(1443) Phase 4: Compact heap
[646.739s][info][gc,phases      ] GC(1443) Phase 4: Compact heap 0.815ms
[646.739s][info][gc,phases,start] GC(1443) Phase 5: Reset Metadata
[646.740s][info][gc,phases      ] GC(1443) Phase 5: Reset Metadata 1.113ms
[646.744s][info][gc,heap        ] GC(1443) Eden regions: 173->0(551)
[646.744s][info][gc,heap        ] GC(1443) Survivor regions: 3->0(40)
[646.744s][info][gc,heap        ] GC(1443) Old regions: 468->9
[646.744s][info][gc,heap        ] GC(1443) Humongous regions: 8->2
[646.744s][info][gc,metaspace   ] GC(1443) Metaspace: 16651K(16960K)->16651K(16960K) NonClass: 14325K(14464K)->14325K(14464K) Class: 2325K(2496K)->2325K(2496K)
[646.744s][info][gc             ] GC(1443) Pause Full (System.gc()) 650M->5M(1024M) 11.638ms
[646.744s][info][gc,cpu         ] GC(1443) User=0.02s Sys=0.00s Real=0.02s
[647.882s][info][gc,start       ] GC(1444) Pause Young (Concurrent Start) (G1 Evacuation Pause)
[647.882s][info][gc,task        ] GC(1444) Using 6 workers of 6 for evacuation
[647.883s][info][gc,phases      ] GC(1444)   Pre Evacuate Collection Set: 0.2ms
[647.883s][info][gc,phases      ] GC(1444)   Merge Heap Roots: 0.1ms
[647.883s][info][gc,phases      ] GC(1444)   Evacuate Collection Set: 0.4ms
[647.883s][info][gc,phases      ] GC(1444)   Post Evacuate Collection Set: 0.4ms
[647.883s][info][gc,phases      ] GC(1444)   Other: 0.1ms
[647.883s][info][gc,heap        ] GC(1444) Eden regions: 551->0(607)
[647.883s][info][gc,heap        ] GC(1444) Survivor regions: 0->2(69)
[647.883s][info][gc,heap        ] GC(1444) Old regions: 9->9
[647.883s][info][gc,heap        ] GC(1444) Humongous regions: 2->2
[647.883s][info][gc,metaspace   ] GC(1444) Metaspace: 16651K(16960K)->16651K(16960K) NonClass: 14325K(14464K)->14325K(14464K) Class: 2325K(2496K)->2325K(2496K)
[647.883s][info][gc             ] GC(1444) Pause Young (Concurrent Start) (G1 Evacuation Pause) 556M->7M(1024M) 1.335ms
[647.883s][info][gc,cpu         ] GC(1444) User=0.00s Sys=0.00s Real=0.00s
[647.883s][info][gc             ] GC(1445) Concurrent Mark Cycle
[647.883s][info][gc,marking     ] GC(1445) Concurrent Scan Root Regions
[647.884s][info][gc,marking     ] GC(1445) Concurrent Scan Root Regions 0.160ms
[647.884s][info][gc,marking     ] GC(1445) Concurrent Mark
[647.884s][info][gc,marking     ] GC(1445) Concurrent Mark From Roots
[647.884s][info][gc,task        ] GC(1445) Using 2 workers of 2 for marking
[647.887s][info][gc,marking     ] GC(1445) Concurrent Mark From Roots 3.152ms
[647.887s][info][gc,marking     ] GC(1445) Concurrent Preclean
[647.887s][info][gc,marking     ] GC(1445) Concurrent Preclean 0.022ms
[647.887s][info][gc,start       ] GC(1445) Pause Remark
[647.888s][info][gc             ] GC(1445) Pause Remark 25M->25M(1024M) 1.146ms
[647.888s][info][gc,cpu         ] GC(1445) User=0.00s Sys=0.00s Real=0.00s
[647.888s][info][gc,marking     ] GC(1445) Concurrent Mark 4.608ms
[647.888s][info][gc,marking     ] GC(1445) Concurrent Rebuild Remembered Sets and Scrub Regions
[647.889s][info][gc,marking     ] GC(1445) Concurrent Rebuild Remembered Sets and Scrub Regions 0.983ms
[647.889s][info][gc,start       ] GC(1445) Pause Cleanup
[647.890s][info][gc             ] GC(1445) Pause Cleanup 29M->29M(1024M) 0.110ms
[647.890s][info][gc,cpu         ] GC(1445) User=0.00s Sys=0.00s Real=0.00s
[647.890s][info][gc,marking     ] GC(1445) Concurrent Clear Claimed Marks
[647.890s][info][gc,marking     ] GC(1445) Concurrent Clear Claimed Marks 0.021ms
[647.890s][info][gc,marking     ] GC(1445) Concurrent Cleanup for Next Mark
[647.892s][info][gc,marking     ] GC(1445) Concurrent Cleanup for Next Mark 2.461ms
[647.892s][info][gc             ] GC(1445) Concurrent Mark Cycle 8.726ms
[647.986s][info][gc,start       ] GC(1446) Pause Young (Prepare Mixed) (G1 Evacuation Pause)
[647.986s][info][gc,task        ] GC(1446) Using 6 workers of 6 for evacuation
[647.987s][info][gc,phases      ] GC(1446)   Pre Evacuate Collection Set: 0.2ms
[647.987s][info][gc,phases      ] GC(1446)   Merge Heap Roots: 0.1ms
[647.987s][info][gc,phases      ] GC(1446)   Evacuate Collection Set: 0.5ms
[647.987s][info][gc,phases      ] GC(1446)   Post Evacuate Collection Set: 0.4ms
[647.987s][info][gc,phases      ] GC(1446)   Other: 0.1ms
[647.987s][info][gc,heap        ] GC(1446) Eden regions: 607->0(613)
[647.987s][info][gc,heap        ] GC(1446) Survivor regions: 2->1(77)
[647.987s][info][gc,heap        ] GC(1446) Old regions: 9->9
[647.987s][info][gc,heap        ] GC(1446) Humongous regions: 2->2
[647.987s][info][gc,metaspace   ] GC(1446) Metaspace: 16651K(16960K)->16651K(16960K) NonClass: 14325K(14464K)->14325K(14464K) Class: 2325K(2496K)->2325K(2496K)
[647.987s][info][gc             ] GC(1446) Pause Young (Prepare Mixed) (G1 Evacuation Pause) 614M->6M(1024M) 1.501ms
[647.987s][info][gc,cpu         ] GC(1446) User=0.00s Sys=0.00s Real=0.00s
[648.086s][info][gc,start       ] GC(1447) Pause Young (Mixed) (G1 Evacuation Pause)
[648.087s][info][gc,task        ] GC(1447) Using 6 workers of 6 for evacuation
[648.088s][info][gc,phases      ] GC(1447)   Pre Evacuate Collection Set: 0.2ms
[648.088s][info][gc,phases      ] GC(1447)   Merge Heap Roots: 0.1ms
[648.088s][info][gc,phases      ] GC(1447)   Evacuate Collection Set: 0.4ms
[648.088s][info][gc,phases      ] GC(1447)   Post Evacuate Collection Set: 0.4ms
[648.088s][info][gc,phases      ] GC(1447)   Other: 0.1ms
[648.088s][info][gc,heap        ] GC(1447) Eden regions: 613->0(613)
[648.088s][info][gc,heap        ] GC(1447) Survivor regions: 1->1(77)
[648.088s][info][gc,heap        ] GC(1447) Old regions: 9->9
[648.088s][info][gc,heap        ] GC(1447) Humongous regions: 2->2
[648.088s][info][gc,metaspace   ] GC(1447) Metaspace: 16651K(16960K)->16651K(16960K) NonClass: 14325K(14464K)->14325K(14464K) Class: 2325K(2496K)->2325K(2496K)
[648.088s][info][gc             ] GC(1447) Pause Young (Mixed) (G1 Evacuation Pause) 619M->6M(1024M) 1.540ms
[648.088s][info][gc,cpu         ] GC(1447) User=0.02s Sys=0.00s Real=0.02s
[648.183s][info][gc,start       ] GC(1448) Pause Young (Concurrent Start) (G1 Evacuation Pause)
[648.184s][info][gc,task        ] GC(1448) Using 6 workers of 6 for evacuation
[648.185s][info][gc,phases      ] GC(1448)   Pre Evacuate Collection Set: 0.2ms
[648.185s][info][gc,phases      ] GC(1448)   Merge Heap Roots: 0.1ms
[648.185s][info][gc,phases      ] GC(1448)   Evacuate Collection Set: 0.4ms
[648.185s][info][gc,phases      ] GC(1448)   Post Evacuate Collection Set: 0.4ms
[648.185s][info][gc,phases      ] GC(1448)   Other: 0.1ms
[648.185s][info][gc,heap        ] GC(1448) Eden regions: 613->0(613)
[648.185s][info][gc,heap        ] GC(1448) Survivor regions: 1->1(77)
[648.185s][info][gc,heap        ] GC(1448) Old regions: 9->9
[648.185s][info][gc,heap        ] GC(1448) Humongous regions: 2->2
[648.185s][info][gc,metaspace   ] GC(1448) Metaspace: 16651K(16960K)->16651K(16960K) NonClass: 14325K(14464K)->14325K(14464K) Class: 2325K(2496K)->2325K(2496K)
[648.185s][info][gc             ] GC(1448) Pause Young (Concurrent Start) (G1 Evacuation Pause) 619M->6M(1024M) 1.341ms
[648.185s][info][gc,cpu         ] GC(1448) User=0.00s Sys=0.00s Real=0.00s
[648.185s][info][gc             ] GC(1449) Concurrent Mark Cycle
[648.185s][info][gc,marking     ] GC(1449) Concurrent Scan Root Regions
[648.185s][info][gc,marking     ] GC(1449) Concurrent Scan Root Regions 0.260ms
[648.185s][info][gc,marking     ] GC(1449) Concurrent Mark
[648.185s][info][gc,marking     ] GC(1449) Concurrent Mark From Roots
[648.185s][info][gc,task        ] GC(1449) Using 2 workers of 2 for marking
[648.188s][info][gc,marking     ] GC(1449) Concurrent Mark From Roots 3.123ms
[648.188s][info][gc,marking     ] GC(1449) Concurrent Preclean
[648.188s][info][gc,marking     ] GC(1449) Concurrent Preclean 0.023ms
[648.188s][info][gc,start       ] GC(1449) Pause Remark
[648.190s][info][gc             ] GC(1449) Pause Remark 23M->23M(1024M) 1.059ms
[648.190s][info][gc,cpu         ] GC(1449) User=0.00s Sys=0.00s Real=0.00s
[648.190s][info][gc,marking     ] GC(1449) Concurrent Mark 4.462ms
[648.190s][info][gc,marking     ] GC(1449) Concurrent Rebuild Remembered Sets and Scrub Regions
[648.191s][info][gc,marking     ] GC(1449) Concurrent Rebuild Remembered Sets and Scrub Regions 0.993ms
[648.191s][info][gc,start       ] GC(1449) Pause Cleanup
[648.191s][info][gc             ] GC(1449) Pause Cleanup 29M->29M(1024M) 0.112ms
[648.191s][info][gc,cpu         ] GC(1449) User=0.00s Sys=0.00s Real=0.00s
[648.191s][info][gc,marking     ] GC(1449) Concurrent Clear Claimed Marks
[648.191s][info][gc,marking     ] GC(1449) Concurrent Clear Claimed Marks 0.026ms
[648.191s][info][gc,marking     ] GC(1449) Concurrent Cleanup for Next Mark
[648.193s][info][gc,marking     ] GC(1449) Concurrent Cleanup for Next Mark 2.411ms
[648.193s][info][gc             ] GC(1449) Concurrent Mark Cycle 8.636ms
[648.307s][info][gc,start       ] GC(1450) Pause Young (Prepare Mixed) (G1 Evacuation Pause)
[648.307s][info][gc,task        ] GC(1450) Using 6 workers of 6 for evacuation
[648.324s][info][gc,phases      ] GC(1450)   Pre Evacuate Collection Set: 0.2ms
[648.324s][info][gc,phases      ] GC(1450)   Merge Heap Roots: 0.1ms
[648.324s][info][gc,phases      ] GC(1450)   Evacuate Collection Set: 15.5ms
[648.324s][info][gc,phases      ] GC(1450)   Post Evacuate Collection Set: 0.6ms
[648.324s][info][gc,phases      ] GC(1450)   Other: 0.1ms
[648.324s][info][gc,heap        ] GC(1450) Eden regions: 613->0(578)
[648.324s][info][gc,heap        ] GC(1450) Survivor regions: 1->36(77)
[648.324s][info][gc,heap        ] GC(1450) Old regions: 9->9
[648.324s][info][gc,heap        ] GC(1450) Humongous regions: 3->3
[648.324s][info][gc,metaspace   ] GC(1450) Metaspace: 16651K(16960K)->16651K(16960K) NonClass: 14325K(14464K)->14325K(14464K) Class: 2325K(2496K)->2325K(2496K)
[648.324s][info][gc             ] GC(1450) Pause Young (Prepare Mixed) (G1 Evacuation Pause) 620M->43M(1024M) 16.573ms
[648.324s][info][gc,cpu         ] GC(1450) User=0.02s Sys=0.00s Real=0.02s
[648.808s][info][gc,start       ] GC(1451) Pause Young (Mixed) (G1 Evacuation Pause)
[648.808s][info][gc,task        ] GC(1451) Using 6 workers of 6 for evacuation
[648.998s][info][gc,phases      ] GC(1451)   Pre Evacuate Collection Set: 0.1ms
[648.998s][info][gc,phases      ] GC(1451)   Merge Heap Roots: 0.1ms
[648.998s][info][gc,phases      ] GC(1451)   Evacuate Collection Set: 182.3ms
[648.998s][info][gc,phases      ] GC(1451)   Post Evacuate Collection Set: 6.8ms
[648.998s][info][gc,phases      ] GC(1451)   Other: 0.1ms
[648.998s][info][gc,heap        ] GC(1451) Eden regions: 578->0(0)
[648.998s][info][gc,heap        ] GC(1451) Survivor regions: 36->77(77)
[648.998s][info][gc,heap        ] GC(1451) Old regions: 9->904
[648.998s][info][gc,heap        ] GC(1451) Humongous regions: 3->3
[648.998s][info][gc,metaspace   ] GC(1451) Metaspace: 16651K(16960K)->16651K(16960K) NonClass: 14325K(14464K)->14325K(14464K) Class: 2325K(2496K)->2325K(2496K)
[648.998s][info][gc             ] GC(1451) Pause Young (Mixed) (G1 Evacuation Pause) (Evacuation Failure) 621M->980M(1024M) 189.683ms
[648.998s][info][gc,cpu         ] GC(1451) User=1.06s Sys=0.00s Real=0.19s
[648.998s][info][gc,ergo        ] Attempting full compaction
[648.998s][info][gc,start       ] GC(1452) Pause Full (G1 Compaction Pause)
[648.998s][info][gc,task        ] GC(1452) Using 6 workers of 6 for full compaction
[648.998s][info][gc,phases,start] GC(1452) Phase 1: Mark live objects
[649.098s][info][gc,phases      ] GC(1452) Phase 1: Mark live objects 100.145ms
[649.098s][info][gc,phases,start] GC(1452) Phase 2: Prepare compaction
[649.102s][info][gc,phases      ] GC(1452) Phase 2: Prepare compaction 4.155ms
[649.102s][info][gc,phases,start] GC(1452) Phase 3: Adjust pointers
[649.130s][info][gc,phases      ] GC(1452) Phase 3: Adjust pointers 28.012ms
[649.131s][info][gc,phases,start] GC(1452) Phase 4: Compact heap
[649.135s][info][gc,phases      ] GC(1452) Phase 4: Compact heap 4.157ms
[649.135s][info][gc,phases,start] GC(1452) Phase 5: Reset Metadata
[649.149s][info][gc,phases      ] GC(1452) Phase 5: Reset Metadata 13.963ms
[649.155s][info][gc,heap        ] GC(1452) Eden regions: 0->0(322)
[649.155s][info][gc,heap        ] GC(1452) Survivor regions: 77->0(77)
[649.155s][info][gc,heap        ] GC(1452) Old regions: 904->415
[649.155s][info][gc,heap        ] GC(1452) Humongous regions: 3->3
[649.155s][info][gc,metaspace   ] GC(1452) Metaspace: 16651K(16960K)->16651K(16960K) NonClass: 14325K(14464K)->14325K(14464K) Class: 2325K(2496K)->2325K(2496K)
[649.155s][info][gc             ] GC(1452) Pause Full (G1 Compaction Pause) 980M->416M(1024M) 156.962ms
[649.155s][info][gc,cpu         ] GC(1452) User=0.73s Sys=0.02s Real=0.16s
[649.171s][info][gc,start       ] GC(1453) Pause Young (Concurrent Start) (G1 Humongous Allocation)
[649.172s][info][gc,task        ] GC(1453) Using 6 workers of 6 for evacuation
[649.180s][info][gc,phases      ] GC(1453)   Pre Evacuate Collection Set: 0.2ms
[649.180s][info][gc,phases      ] GC(1453)   Merge Heap Roots: 0.1ms
[649.180s][info][gc,phases      ] GC(1453)   Evacuate Collection Set: 7.7ms
[649.180s][info][gc,phases      ] GC(1453)   Post Evacuate Collection Set: 0.3ms
[649.180s][info][gc,phases      ] GC(1453)   Other: 0.1ms
[649.180s][info][gc,heap        ] GC(1453) Eden regions: 25->0(291)
[649.180s][info][gc,heap        ] GC(1453) Survivor regions: 0->18(41)
[649.180s][info][gc,heap        ] GC(1453) Old regions: 415->415
[649.180s][info][gc,heap        ] GC(1453) Humongous regions: 3->3
[649.180s][info][gc,metaspace   ] GC(1453) Metaspace: 16651K(16960K)->16651K(16960K) NonClass: 14325K(14464K)->14325K(14464K) Class: 2325K(2496K)->2325K(2496K)
[649.180s][info][gc             ] GC(1453) Pause Young (Concurrent Start) (G1 Humongous Allocation) 441M->434M(1024M) 8.535ms
[649.180s][info][gc             ] GC(1454) Concurrent Mark Cycle
[649.180s][info][gc,cpu         ] GC(1453) User=0.02s Sys=0.00s Real=0.01s
[649.180s][info][gc,marking     ] GC(1454) Concurrent Scan Root Regions
[649.185s][info][gc,marking     ] GC(1454) Concurrent Scan Root Regions 5.303ms
[649.185s][info][gc,marking     ] GC(1454) Concurrent Mark
[649.185s][info][gc,marking     ] GC(1454) Concurrent Mark From Roots
[649.185s][info][gc,task        ] GC(1454) Using 2 workers of 2 for marking
[649.542s][info][gc,marking     ] GC(1454) Concurrent Mark From Roots 356.850ms
[649.542s][info][gc,marking     ] GC(1454) Concurrent Preclean
[649.542s][info][gc,marking     ] GC(1454) Concurrent Preclean 0.057ms
[649.542s][info][gc,start       ] GC(1454) Pause Remark
[649.544s][info][gc             ] GC(1454) Pause Remark 495M->495M(1024M) 1.122ms
[649.544s][info][gc,cpu         ] GC(1454) User=0.00s Sys=0.00s Real=0.00s
[649.544s][info][gc,marking     ] GC(1454) Concurrent Mark 358.245ms
[649.544s][info][gc,marking     ] GC(1454) Concurrent Rebuild Remembered Sets and Scrub Regions
[649.624s][info][gc,marking     ] GC(1454) Concurrent Rebuild Remembered Sets and Scrub Regions 80.805ms
[649.625s][info][gc,start       ] GC(1454) Pause Cleanup
[649.625s][info][gc             ] GC(1454) Pause Cleanup 507M->507M(1024M) 0.192ms
[649.625s][info][gc,cpu         ] GC(1454) User=0.00s Sys=0.00s Real=0.00s
[649.625s][info][gc,marking     ] GC(1454) Concurrent Clear Claimed Marks
[649.625s][info][gc,marking     ] GC(1454) Concurrent Clear Claimed Marks 0.029ms
[649.625s][info][gc,marking     ] GC(1454) Concurrent Cleanup for Next Mark
[649.626s][info][gc,marking     ] GC(1454) Concurrent Cleanup for Next Mark 1.611ms
[649.627s][info][gc             ] GC(1454) Concurrent Mark Cycle 446.527ms
[652.600s][info][gc,start       ] GC(1455) Pause Young (Prepare Mixed) (G1 Evacuation Pause)
[652.600s][info][gc,task        ] GC(1455) Using 6 workers of 6 for evacuation
[652.673s][info][gc,phases      ] GC(1455)   Pre Evacuate Collection Set: 0.3ms
[652.673s][info][gc,phases      ] GC(1455)   Merge Heap Roots: 1.2ms
[652.673s][info][gc,phases      ] GC(1455)   Evacuate Collection Set: 70.7ms
[652.673s][info][gc,phases      ] GC(1455)   Post Evacuate Collection Set: 0.7ms
[652.673s][info][gc,phases      ] GC(1455)   Other: 0.1ms
[652.673s][info][gc,heap        ] GC(1455) Eden regions: 291->0(246)
[652.673s][info][gc,heap        ] GC(1455) Survivor regions: 18->39(39)
[652.673s][info][gc,heap        ] GC(1455) Old regions: 415->485
[652.673s][info][gc,heap        ] GC(1455) Humongous regions: 4->4
[652.673s][info][gc,metaspace   ] GC(1455) Metaspace: 16651K(16960K)->16651K(16960K) NonClass: 14325K(14464K)->14325K(14464K) Class: 2325K(2496K)->2325K(2496K)
[652.673s][info][gc             ] GC(1455) Pause Young (Prepare Mixed) (G1 Evacuation Pause) 726M->526M(1024M) 73.239ms
[652.673s][info][gc,cpu         ] GC(1455) User=0.36s Sys=0.00s Real=0.06s
[652.813s][info][gc,start       ] GC(1456) Pause Young (Mixed) (G1 Evacuation Pause)
[652.813s][info][gc,task        ] GC(1456) Using 6 workers of 6 for evacuation
[652.892s][info][gc,phases      ] GC(1456)   Pre Evacuate Collection Set: 0.4ms
[652.892s][info][gc,phases      ] GC(1456)   Merge Heap Roots: 0.9ms
[652.892s][info][gc,phases      ] GC(1456)   Evacuate Collection Set: 77.2ms
[652.892s][info][gc,phases      ] GC(1456)   Post Evacuate Collection Set: 0.4ms
[652.892s][info][gc,phases      ] GC(1456)   Other: 0.1ms
[652.892s][info][gc,heap        ] GC(1456) Eden regions: 246->0(189)
[652.892s][info][gc,heap        ] GC(1456) Survivor regions: 39->36(36)
[652.892s][info][gc,heap        ] GC(1456) Old regions: 485->592
[652.892s][info][gc,heap        ] GC(1456) Humongous regions: 4->4
[652.892s][info][gc,metaspace   ] GC(1456) Metaspace: 16651K(16960K)->16651K(16960K) NonClass: 14325K(14464K)->14325K(14464K) Class: 2325K(2496K)->2325K(2496K)
[652.892s][info][gc             ] GC(1456) Pause Young (Mixed) (G1 Evacuation Pause) 772M->630M(1024M) 79.164ms
[652.892s][info][gc,cpu         ] GC(1456) User=0.39s Sys=0.00s Real=0.08s
[653.006s][info][gc,start       ] GC(1457) Pause Young (Concurrent Start) (G1 Evacuation Pause)
[653.006s][info][gc,task        ] GC(1457) Using 6 workers of 6 for evacuation
[653.063s][info][gc,phases      ] GC(1457)   Pre Evacuate Collection Set: 0.4ms
[653.063s][info][gc,phases      ] GC(1457)   Merge Heap Roots: 0.1ms
[653.063s][info][gc,phases      ] GC(1457)   Evacuate Collection Set: 56.0ms
[653.063s][info][gc,phases      ] GC(1457)   Post Evacuate Collection Set: 0.4ms
[653.063s][info][gc,phases      ] GC(1457)   Other: 0.2ms
[653.063s][info][gc,heap        ] GC(1457) Eden regions: 189->0(149)
[653.063s][info][gc,heap        ] GC(1457) Survivor regions: 36->29(29)
[653.063s][info][gc,heap        ] GC(1457) Old regions: 592->681
[653.063s][info][gc,heap        ] GC(1457) Humongous regions: 4->4
[653.063s][info][gc,metaspace   ] GC(1457) Metaspace: 16651K(16960K)->16651K(16960K) NonClass: 14325K(14464K)->14325K(14464K) Class: 2325K(2496K)->2325K(2496K)
[653.063s][info][gc             ] GC(1457) Pause Young (Concurrent Start) (G1 Evacuation Pause) 819M->712M(1024M) 57.306ms
[653.063s][info][gc             ] GC(1458) Concurrent Mark Cycle
[653.063s][info][gc,cpu         ] GC(1457) User=0.28s Sys=0.00s Real=0.06s
[653.063s][info][gc,marking     ] GC(1458) Concurrent Scan Root Regions
[653.091s][info][gc,marking     ] GC(1458) Concurrent Scan Root Regions 27.894ms
[653.091s][info][gc,marking     ] GC(1458) Concurrent Mark
[653.091s][info][gc,marking     ] GC(1458) Concurrent Mark From Roots
[653.091s][info][gc,task        ] GC(1458) Using 2 workers of 2 for marking
[653.168s][info][gc,start       ] GC(1459) Pause Young (Normal) (G1 Evacuation Pause)
[653.168s][info][gc,task        ] GC(1459) Using 6 workers of 6 for evacuation
[653.213s][info][gc,phases      ] GC(1459)   Pre Evacuate Collection Set: 0.2ms
[653.213s][info][gc,phases      ] GC(1459)   Merge Heap Roots: 0.1ms
[653.213s][info][gc,phases      ] GC(1459)   Evacuate Collection Set: 44.4ms
[653.213s][info][gc,phases      ] GC(1459)   Post Evacuate Collection Set: 0.3ms
[653.213s][info][gc,phases      ] GC(1459)   Other: 0.1ms
[653.213s][info][gc,heap        ] GC(1459) Eden regions: 149->0(117)
[653.213s][info][gc,heap        ] GC(1459) Survivor regions: 29->23(23)
[653.213s][info][gc,heap        ] GC(1459) Old regions: 681->752
[653.213s][info][gc,heap        ] GC(1459) Humongous regions: 4->4
[653.213s][info][gc,metaspace   ] GC(1459) Metaspace: 16651K(16960K)->16651K(16960K) NonClass: 14325K(14464K)->14325K(14464K) Class: 2325K(2496K)->2325K(2496K)
[653.213s][info][gc             ] GC(1459) Pause Young (Normal) (G1 Evacuation Pause) 861M->777M(1024M) 45.326ms
[653.213s][info][gc,cpu         ] GC(1459) User=0.11s Sys=0.00s Real=0.05s
[653.246s][info][gc,marking     ] GC(1458) Concurrent Mark From Roots 154.321ms
[653.246s][info][gc,marking     ] GC(1458) Concurrent Preclean
[653.246s][info][gc,marking     ] GC(1458) Concurrent Preclean 0.071ms
[653.246s][info][gc,start       ] GC(1458) Pause Remark
[653.247s][info][gc             ] GC(1458) Pause Remark 826M->417M(1024M) 1.419ms
[653.247s][info][gc,cpu         ] GC(1458) User=0.00s Sys=0.00s Real=0.00s
[653.247s][info][gc,marking     ] GC(1458) Concurrent Mark 156.053ms
[653.247s][info][gc,marking     ] GC(1458) Concurrent Rebuild Remembered Sets and Scrub Regions
[653.290s][info][gc,start       ] GC(1460) Pause Young (Normal) (G1 Evacuation Pause)
[653.291s][info][gc,task        ] GC(1460) Using 6 workers of 6 for evacuation
[653.326s][info][gc,phases      ] GC(1460)   Pre Evacuate Collection Set: 0.2ms
[653.326s][info][gc,phases      ] GC(1460)   Merge Heap Roots: 0.1ms
[653.326s][info][gc,phases      ] GC(1460)   Evacuate Collection Set: 34.9ms
[653.326s][info][gc,phases      ] GC(1460)   Post Evacuate Collection Set: 0.5ms
[653.326s][info][gc,phases      ] GC(1460)   Other: 0.1ms
[653.326s][info][gc,heap        ] GC(1460) Eden regions: 117->0(302)
[653.326s][info][gc,heap        ] GC(1460) Survivor regions: 23->18(18)
[653.326s][info][gc,heap        ] GC(1460) Old regions: 344->400
[653.326s][info][gc,heap        ] GC(1460) Humongous regions: 2->2
[653.326s][info][gc,metaspace   ] GC(1460) Metaspace: 16651K(16960K)->16651K(16960K) NonClass: 14325K(14464K)->14325K(14464K) Class: 2325K(2496K)->2325K(2496K)
[653.326s][info][gc             ] GC(1460) Pause Young (Normal) (G1 Evacuation Pause) 485M->419M(1024M) 35.956ms
[653.326s][info][gc,cpu         ] GC(1460) User=0.09s Sys=0.00s Real=0.03s
[653.463s][info][gc,marking     ] GC(1458) Concurrent Rebuild Remembered Sets and Scrub Regions 215.323ms
[653.463s][info][gc,start       ] GC(1458) Pause Cleanup
[653.463s][info][gc             ] GC(1458) Pause Cleanup 555M->555M(1024M) 0.246ms
[653.463s][info][gc,cpu         ] GC(1458) User=0.00s Sys=0.00s Real=0.00s
[653.463s][info][gc,marking     ] GC(1458) Concurrent Clear Claimed Marks
[653.463s][info][gc,marking     ] GC(1458) Concurrent Clear Claimed Marks 0.026ms
[653.463s][info][gc,marking     ] GC(1458) Concurrent Cleanup for Next Mark
[653.465s][info][gc,marking     ] GC(1458) Concurrent Cleanup for Next Mark 1.699ms
[653.465s][info][gc             ] GC(1458) Concurrent Mark Cycle 401.772ms
[653.917s][info][gc,start       ] GC(1461) Pause Young (Prepare Mixed) (G1 Evacuation Pause)
[653.917s][info][gc,task        ] GC(1461) Using 6 workers of 6 for evacuation
[653.991s][info][gc,phases      ] GC(1461)   Pre Evacuate Collection Set: 0.5ms
[653.991s][info][gc,phases      ] GC(1461)   Merge Heap Roots: 2.1ms
[653.991s][info][gc,phases      ] GC(1461)   Evacuate Collection Set: 70.8ms
[653.992s][info][gc,phases      ] GC(1461)   Post Evacuate Collection Set: 1.0ms
[653.992s][info][gc,phases      ] GC(1461)   Other: 0.1ms
[653.992s][info][gc,heap        ] GC(1461) Eden regions: 302->0(270)
[653.992s][info][gc,heap        ] GC(1461) Survivor regions: 18->40(40)
[653.992s][info][gc,heap        ] GC(1461) Old regions: 400->448
[653.992s][info][gc,heap        ] GC(1461) Humongous regions: 8->8
[653.992s][info][gc,metaspace   ] GC(1461) Metaspace: 16651K(16960K)->16651K(16960K) NonClass: 14325K(14464K)->14325K(14464K) Class: 2325K(2496K)->2325K(2496K)
[653.992s][info][gc             ] GC(1461) Pause Young (Prepare Mixed) (G1 Evacuation Pause) 727M->495M(1024M) 74.712ms
[653.992s][info][gc,cpu         ] GC(1461) User=0.39s Sys=0.00s Real=0.08s
[654.474s][info][gc,start       ] GC(1462) Pause Young (Mixed) (G1 Evacuation Pause)
[654.474s][info][gc,task        ] GC(1462) Using 6 workers of 6 for evacuation
[654.504s][info][gc,phases      ] GC(1462)   Pre Evacuate Collection Set: 0.4ms
[654.504s][info][gc,phases      ] GC(1462)   Merge Heap Roots: 1.1ms
[654.504s][info][gc,phases      ] GC(1462)   Evacuate Collection Set: 28.0ms
[654.504s][info][gc,phases      ] GC(1462)   Post Evacuate Collection Set: 0.7ms
[654.504s][info][gc,phases      ] GC(1462)   Other: 0.1ms
[654.504s][info][gc,heap        ] GC(1462) Eden regions: 270->0(305)
[654.504s][info][gc,heap        ] GC(1462) Survivor regions: 40->3(39)
[654.504s][info][gc,heap        ] GC(1462) Old regions: 448->470
[654.504s][info][gc,heap        ] GC(1462) Humongous regions: 8->8
[654.504s][info][gc,metaspace   ] GC(1462) Metaspace: 16651K(16960K)->16651K(16960K) NonClass: 14325K(14464K)->14325K(14464K) Class: 2325K(2496K)->2325K(2496K)
[654.505s][info][gc             ] GC(1462) Pause Young (Mixed) (G1 Evacuation Pause) 765M->480M(1024M) 30.529ms
[654.505s][info][gc,cpu         ] GC(1462) User=0.09s Sys=0.00s Real=0.03s
[655.373s][info][gc,start       ] GC(1463) Pause Full (System.gc())
[655.373s][info][gc,task        ] GC(1463) Using 6 workers of 6 for full compaction
[655.373s][info][gc,phases,start] GC(1463) Phase 1: Mark live objects
[655.376s][info][gc,phases      ] GC(1463) Phase 1: Mark live objects 2.381ms
[655.376s][info][gc,phases,start] GC(1463) Phase 2: Prepare compaction
[655.377s][info][gc,phases      ] GC(1463) Phase 2: Prepare compaction 0.777ms
[655.377s][info][gc,phases,start] GC(1463) Phase 3: Adjust pointers
[655.379s][info][gc,phases      ] GC(1463) Phase 3: Adjust pointers 2.129ms
[655.379s][info][gc,phases,start] GC(1463) Phase 4: Compact heap
[655.380s][info][gc,phases      ] GC(1463) Phase 4: Compact heap 0.719ms
[655.380s][info][gc,phases,start] GC(1463) Phase 5: Reset Metadata
[655.380s][info][gc,phases      ] GC(1463) Phase 5: Reset Metadata 0.604ms
[655.384s][info][gc,heap        ] GC(1463) Eden regions: 176->0(550)
[655.384s][info][gc,heap        ] GC(1463) Survivor regions: 3->0(39)
[655.384s][info][gc,heap        ] GC(1463) Old regions: 470->10
[655.384s][info][gc,heap        ] GC(1463) Humongous regions: 8->2
[655.384s][info][gc,metaspace   ] GC(1463) Metaspace: 16651K(16960K)->16651K(16960K) NonClass: 14325K(14464K)->14325K(14464K) Class: 2325K(2496K)->2325K(2496K)
[655.384s][info][gc             ] GC(1463) Pause Full (System.gc()) 655M->5M(1024M) 10.780ms
[655.384s][info][gc,cpu         ] GC(1463) User=0.02s Sys=0.00s Real=0.01s
[656.525s][info][gc,start       ] GC(1464) Pause Young (Concurrent Start) (G1 Evacuation Pause)
[656.526s][info][gc,task        ] GC(1464) Using 6 workers of 6 for evacuation
[656.527s][info][gc,phases      ] GC(1464)   Pre Evacuate Collection Set: 0.2ms
[656.527s][info][gc,phases      ] GC(1464)   Merge Heap Roots: 0.1ms
[656.527s][info][gc,phases      ] GC(1464)   Evacuate Collection Set: 0.3ms
[656.527s][info][gc,phases      ] GC(1464)   Post Evacuate Collection Set: 0.4ms
[656.527s][info][gc,phases      ] GC(1464)   Other: 0.1ms
[656.527s][info][gc,heap        ] GC(1464) Eden regions: 550->0(606)
[656.527s][info][gc,heap        ] GC(1464) Survivor regions: 0->2(69)
[656.527s][info][gc,heap        ] GC(1464) Old regions: 10->10
[656.527s][info][gc,heap        ] GC(1464) Humongous regions: 2->2
[656.527s][info][gc,metaspace   ] GC(1464) Metaspace: 16651K(16960K)->16651K(16960K) NonClass: 14325K(14464K)->14325K(14464K) Class: 2325K(2496K)->2325K(2496K)
[656.527s][info][gc             ] GC(1464) Pause Young (Concurrent Start) (G1 Evacuation Pause) 555M->7M(1024M) 1.337ms
[656.527s][info][gc,cpu         ] GC(1464) User=0.00s Sys=0.00s Real=0.00s
[656.527s][info][gc             ] GC(1465) Concurrent Mark Cycle
[656.527s][info][gc,marking     ] GC(1465) Concurrent Scan Root Regions
[656.527s][info][gc,marking     ] GC(1465) Concurrent Scan Root Regions 0.188ms
[656.527s][info][gc,marking     ] GC(1465) Concurrent Mark
[656.527s][info][gc,marking     ] GC(1465) Concurrent Mark From Roots
[656.527s][info][gc,task        ] GC(1465) Using 2 workers of 2 for marking
[656.530s][info][gc,marking     ] GC(1465) Concurrent Mark From Roots 3.102ms
[656.530s][info][gc,marking     ] GC(1465) Concurrent Preclean
[656.530s][info][gc,marking     ] GC(1465) Concurrent Preclean 0.021ms
[656.530s][info][gc,start       ] GC(1465) Pause Remark
[656.531s][info][gc             ] GC(1465) Pause Remark 24M->24M(1024M) 1.045ms
[656.531s][info][gc,cpu         ] GC(1465) User=0.00s Sys=0.00s Real=0.00s
[656.531s][info][gc,marking     ] GC(1465) Concurrent Mark 4.413ms
[656.531s][info][gc,marking     ] GC(1465) Concurrent Rebuild Remembered Sets and Scrub Regions
[656.532s][info][gc,marking     ] GC(1465) Concurrent Rebuild Remembered Sets and Scrub Regions 0.992ms
[656.533s][info][gc,start       ] GC(1465) Pause Cleanup
[656.533s][info][gc             ] GC(1465) Pause Cleanup 28M->28M(1024M) 0.117ms
[656.533s][info][gc,cpu         ] GC(1465) User=0.00s Sys=0.00s Real=0.00s
[656.533s][info][gc,marking     ] GC(1465) Concurrent Clear Claimed Marks
[656.533s][info][gc,marking     ] GC(1465) Concurrent Clear Claimed Marks 0.054ms
[656.533s][info][gc,marking     ] GC(1465) Concurrent Cleanup for Next Mark
[656.535s][info][gc,marking     ] GC(1465) Concurrent Cleanup for Next Mark 2.445ms
[656.535s][info][gc             ] GC(1465) Concurrent Mark Cycle 8.601ms
[656.625s][info][gc,start       ] GC(1466) Pause Young (Prepare Mixed) (G1 Evacuation Pause)
[656.625s][info][gc,task        ] GC(1466) Using 6 workers of 6 for evacuation
[656.626s][info][gc,phases      ] GC(1466)   Pre Evacuate Collection Set: 0.2ms
[656.626s][info][gc,phases      ] GC(1466)   Merge Heap Roots: 0.1ms
[656.626s][info][gc,phases      ] GC(1466)   Evacuate Collection Set: 0.3ms
[656.626s][info][gc,phases      ] GC(1466)   Post Evacuate Collection Set: 0.4ms
[656.626s][info][gc,phases      ] GC(1466)   Other: 0.1ms
[656.626s][info][gc,heap        ] GC(1466) Eden regions: 606->0(613)
[656.626s][info][gc,heap        ] GC(1466) Survivor regions: 2->1(76)
[656.626s][info][gc,heap        ] GC(1466) Old regions: 9->9
[656.626s][info][gc,heap        ] GC(1466) Humongous regions: 2->2
[656.626s][info][gc,metaspace   ] GC(1466) Metaspace: 16651K(16960K)->16651K(16960K) NonClass: 14325K(14464K)->14325K(14464K) Class: 2325K(2496K)->2325K(2496K)
[656.626s][info][gc             ] GC(1466) Pause Young (Prepare Mixed) (G1 Evacuation Pause) 613M->6M(1024M) 1.278ms
[656.626s][info][gc,cpu         ] GC(1466) User=0.00s Sys=0.00s Real=0.00s
[656.719s][info][gc,start       ] GC(1467) Pause Young (Mixed) (G1 Evacuation Pause)
[656.719s][info][gc,task        ] GC(1467) Using 6 workers of 6 for evacuation
[656.720s][info][gc,phases      ] GC(1467)   Pre Evacuate Collection Set: 0.2ms
[656.720s][info][gc,phases      ] GC(1467)   Merge Heap Roots: 0.1ms
[656.720s][info][gc,phases      ] GC(1467)   Evacuate Collection Set: 0.3ms
[656.720s][info][gc,phases      ] GC(1467)   Post Evacuate Collection Set: 0.4ms
[656.721s][info][gc,phases      ] GC(1467)   Other: 0.1ms
[656.721s][info][gc,heap        ] GC(1467) Eden regions: 613->0(613)
[656.721s][info][gc,heap        ] GC(1467) Survivor regions: 1->1(77)
[656.721s][info][gc,heap        ] GC(1467) Old regions: 9->8
[656.721s][info][gc,heap        ] GC(1467) Humongous regions: 2->2
[656.721s][info][gc,metaspace   ] GC(1467) Metaspace: 16651K(16960K)->16651K(16960K) NonClass: 14325K(14464K)->14325K(14464K) Class: 2325K(2496K)->2325K(2496K)
[656.721s][info][gc             ] GC(1467) Pause Young (Mixed) (G1 Evacuation Pause) 619M->6M(1024M) 1.232ms
[656.721s][info][gc,cpu         ] GC(1467) User=0.00s Sys=0.00s Real=0.00s
[656.815s][info][gc,start       ] GC(1468) Pause Young (Concurrent Start) (G1 Evacuation Pause)
[656.816s][info][gc,task        ] GC(1468) Using 6 workers of 6 for evacuation
[656.817s][info][gc,phases      ] GC(1468)   Pre Evacuate Collection Set: 0.3ms
[656.817s][info][gc,phases      ] GC(1468)   Merge Heap Roots: 0.1ms
[656.817s][info][gc,phases      ] GC(1468)   Evacuate Collection Set: 0.4ms
[656.817s][info][gc,phases      ] GC(1468)   Post Evacuate Collection Set: 0.4ms
[656.817s][info][gc,phases      ] GC(1468)   Other: 0.1ms
[656.817s][info][gc,heap        ] GC(1468) Eden regions: 613->0(613)
[656.817s][info][gc,heap        ] GC(1468) Survivor regions: 1->1(77)
[656.817s][info][gc,heap        ] GC(1468) Old regions: 8->8
[656.817s][info][gc,heap        ] GC(1468) Humongous regions: 2->2
[656.817s][info][gc,metaspace   ] GC(1468) Metaspace: 16651K(16960K)->16651K(16960K) NonClass: 14325K(14464K)->14325K(14464K) Class: 2325K(2496K)->2325K(2496K)
[656.817s][info][gc             ] GC(1468) Pause Young (Concurrent Start) (G1 Evacuation Pause) 619M->6M(1024M) 1.403ms
[656.817s][info][gc,cpu         ] GC(1468) User=0.00s Sys=0.00s Real=0.00s
[656.817s][info][gc             ] GC(1469) Concurrent Mark Cycle
[656.817s][info][gc,marking     ] GC(1469) Concurrent Scan Root Regions
[656.817s][info][gc,marking     ] GC(1469) Concurrent Scan Root Regions 0.289ms
[656.817s][info][gc,marking     ] GC(1469) Concurrent Mark
[656.817s][info][gc,marking     ] GC(1469) Concurrent Mark From Roots
[656.817s][info][gc,task        ] GC(1469) Using 2 workers of 2 for marking
[656.820s][info][gc,marking     ] GC(1469) Concurrent Mark From Roots 3.173ms
[656.821s][info][gc,marking     ] GC(1469) Concurrent Preclean
[656.821s][info][gc,marking     ] GC(1469) Concurrent Preclean 0.021ms
[656.821s][info][gc,start       ] GC(1469) Pause Remark
[656.822s][info][gc             ] GC(1469) Pause Remark 23M->23M(1024M) 1.075ms
[656.822s][info][gc,cpu         ] GC(1469) User=0.00s Sys=0.00s Real=0.00s
[656.822s][info][gc,marking     ] GC(1469) Concurrent Mark 4.542ms
[656.822s][info][gc,marking     ] GC(1469) Concurrent Rebuild Remembered Sets and Scrub Regions
[656.823s][info][gc,marking     ] GC(1469) Concurrent Rebuild Remembered Sets and Scrub Regions 0.995ms
[656.823s][info][gc,start       ] GC(1469) Pause Cleanup
[656.823s][info][gc             ] GC(1469) Pause Cleanup 28M->28M(1024M) 0.136ms
[656.823s][info][gc,cpu         ] GC(1469) User=0.00s Sys=0.00s Real=0.00s
[656.823s][info][gc,marking     ] GC(1469) Concurrent Clear Claimed Marks
[656.823s][info][gc,marking     ] GC(1469) Concurrent Clear Claimed Marks 0.027ms
[656.823s][info][gc,marking     ] GC(1469) Concurrent Cleanup for Next Mark
[656.826s][info][gc,marking     ] GC(1469) Concurrent Cleanup for Next Mark 2.447ms
[656.826s][info][gc             ] GC(1469) Concurrent Mark Cycle 8.849ms
[656.939s][info][gc,start       ] GC(1470) Pause Young (Prepare Mixed) (G1 Evacuation Pause)
[656.939s][info][gc,task        ] GC(1470) Using 6 workers of 6 for evacuation
[656.955s][info][gc,phases      ] GC(1470)   Pre Evacuate Collection Set: 0.2ms
[656.955s][info][gc,phases      ] GC(1470)   Merge Heap Roots: 0.1ms
[656.955s][info][gc,phases      ] GC(1470)   Evacuate Collection Set: 15.1ms
[656.955s][info][gc,phases      ] GC(1470)   Post Evacuate Collection Set: 0.7ms
[656.955s][info][gc,phases      ] GC(1470)   Other: 0.1ms
[656.955s][info][gc,heap        ] GC(1470) Eden regions: 613->0(578)
[656.955s][info][gc,heap        ] GC(1470) Survivor regions: 1->36(77)
[656.955s][info][gc,heap        ] GC(1470) Old regions: 8->8
[656.955s][info][gc,heap        ] GC(1470) Humongous regions: 3->3
[656.955s][info][gc,metaspace   ] GC(1470) Metaspace: 16651K(16960K)->16651K(16960K) NonClass: 14325K(14464K)->14325K(14464K) Class: 2325K(2496K)->2325K(2496K)
[656.955s][info][gc             ] GC(1470) Pause Young (Prepare Mixed) (G1 Evacuation Pause) 620M->42M(1024M) 16.359ms
[656.955s][info][gc,cpu         ] GC(1470) User=0.02s Sys=0.00s Real=0.01s
[657.413s][info][gc,start       ] GC(1471) Pause Young (Mixed) (G1 Evacuation Pause)
[657.413s][info][gc,task        ] GC(1471) Using 6 workers of 6 for evacuation
[657.602s][info][gc,phases      ] GC(1471)   Pre Evacuate Collection Set: 0.1ms
[657.602s][info][gc,phases      ] GC(1471)   Merge Heap Roots: 0.1ms
[657.602s][info][gc,phases      ] GC(1471)   Evacuate Collection Set: 182.3ms
[657.602s][info][gc,phases      ] GC(1471)   Post Evacuate Collection Set: 6.4ms
[657.602s][info][gc,phases      ] GC(1471)   Other: 0.1ms
[657.602s][info][gc,heap        ] GC(1471) Eden regions: 578->0(0)
[657.602s][info][gc,heap        ] GC(1471) Survivor regions: 36->77(77)
[657.602s][info][gc,heap        ] GC(1471) Old regions: 8->906
[657.602s][info][gc,heap        ] GC(1471) Humongous regions: 3->3
[657.602s][info][gc,metaspace   ] GC(1471) Metaspace: 16651K(16960K)->16651K(16960K) NonClass: 14325K(14464K)->14325K(14464K) Class: 2325K(2496K)->2325K(2496K)
[657.602s][info][gc             ] GC(1471) Pause Young (Mixed) (G1 Evacuation Pause) (Evacuation Failure) 620M->982M(1024M) 189.215ms
[657.602s][info][gc,cpu         ] GC(1471) User=1.12s Sys=0.00s Real=0.19s
[657.602s][info][gc,ergo        ] Attempting full compaction
[657.602s][info][gc,start       ] GC(1472) Pause Full (G1 Compaction Pause)
[657.602s][info][gc,task        ] GC(1472) Using 6 workers of 6 for full compaction
[657.602s][info][gc,phases,start] GC(1472) Phase 1: Mark live objects
[657.700s][info][gc,phases      ] GC(1472) Phase 1: Mark live objects 97.777ms
[657.700s][info][gc,phases,start] GC(1472) Phase 2: Prepare compaction
[657.703s][info][gc,phases      ] GC(1472) Phase 2: Prepare compaction 2.626ms
[657.703s][info][gc,phases,start] GC(1472) Phase 3: Adjust pointers
[657.727s][info][gc,phases      ] GC(1472) Phase 3: Adjust pointers 24.354ms
[657.727s][info][gc,phases,start] GC(1472) Phase 4: Compact heap
[657.730s][info][gc,phases      ] GC(1472) Phase 4: Compact heap 3.140ms
[657.730s][info][gc,phases,start] GC(1472) Phase 5: Reset Metadata
[657.744s][info][gc,phases      ] GC(1472) Phase 5: Reset Metadata 13.602ms
[657.750s][info][gc,heap        ] GC(1472) Eden regions: 0->0(323)
[657.750s][info][gc,heap        ] GC(1472) Survivor regions: 77->0(77)
[657.750s][info][gc,heap        ] GC(1472) Old regions: 906->415
[657.750s][info][gc,heap        ] GC(1472) Humongous regions: 3->3
[657.750s][info][gc,metaspace   ] GC(1472) Metaspace: 16651K(16960K)->16651K(16960K) NonClass: 14325K(14464K)->14325K(14464K) Class: 2325K(2496K)->2325K(2496K)
[657.750s][info][gc             ] GC(1472) Pause Full (G1 Compaction Pause) 982M->415M(1024M) 147.792ms
[657.750s][info][gc,cpu         ] GC(1472) User=0.70s Sys=0.00s Real=0.16s
[657.767s][info][gc,start       ] GC(1473) Pause Young (Concurrent Start) (G1 Humongous Allocation)
[657.767s][info][gc,task        ] GC(1473) Using 6 workers of 6 for evacuation
[657.776s][info][gc,phases      ] GC(1473)   Pre Evacuate Collection Set: 0.2ms
[657.776s][info][gc,phases      ] GC(1473)   Merge Heap Roots: 0.1ms
[657.776s][info][gc,phases      ] GC(1473)   Evacuate Collection Set: 7.8ms
[657.776s][info][gc,phases      ] GC(1473)   Post Evacuate Collection Set: 0.5ms
[657.776s][info][gc,phases      ] GC(1473)   Other: 0.1ms
[657.776s][info][gc,heap        ] GC(1473) Eden regions: 26->0(292)
[657.776s][info][gc,heap        ] GC(1473) Survivor regions: 0->18(41)
[657.776s][info][gc,heap        ] GC(1473) Old regions: 415->415
[657.776s][info][gc,heap        ] GC(1473) Humongous regions: 3->3
[657.776s][info][gc,metaspace   ] GC(1473) Metaspace: 16651K(16960K)->16651K(16960K) NonClass: 14325K(14464K)->14325K(14464K) Class: 2325K(2496K)->2325K(2496K)
[657.776s][info][gc             ] GC(1473) Pause Young (Concurrent Start) (G1 Humongous Allocation) 441M->433M(1024M) 8.840ms
[657.776s][info][gc             ] GC(1474) Concurrent Mark Cycle
[657.776s][info][gc,cpu         ] GC(1473) User=0.00s Sys=0.00s Real=0.01s
[657.776s][info][gc,marking     ] GC(1474) Concurrent Scan Root Regions
[657.781s][info][gc,marking     ] GC(1474) Concurrent Scan Root Regions 5.208ms
[657.781s][info][gc,marking     ] GC(1474) Concurrent Mark
[657.781s][info][gc,marking     ] GC(1474) Concurrent Mark From Roots
[657.781s][info][gc,task        ] GC(1474) Using 2 workers of 2 for marking
[658.134s][info][gc,marking     ] GC(1474) Concurrent Mark From Roots 353.018ms
[658.134s][info][gc,marking     ] GC(1474) Concurrent Preclean
[658.134s][info][gc,marking     ] GC(1474) Concurrent Preclean 0.051ms
[658.135s][info][gc,start       ] GC(1474) Pause Remark
[658.136s][info][gc             ] GC(1474) Pause Remark 506M->506M(1024M) 1.085ms
[658.136s][info][gc,cpu         ] GC(1474) User=0.00s Sys=0.00s Real=0.00s
[658.136s][info][gc,marking     ] GC(1474) Concurrent Mark 354.391ms
[658.136s][info][gc,marking     ] GC(1474) Concurrent Rebuild Remembered Sets and Scrub Regions
[658.217s][info][gc,marking     ] GC(1474) Concurrent Rebuild Remembered Sets and Scrub Regions 81.732ms
[658.218s][info][gc,start       ] GC(1474) Pause Cleanup
[658.218s][info][gc             ] GC(1474) Pause Cleanup 522M->522M(1024M) 0.186ms
[658.218s][info][gc,cpu         ] GC(1474) User=0.00s Sys=0.00s Real=0.00s
[658.218s][info][gc,marking     ] GC(1474) Concurrent Clear Claimed Marks
[658.218s][info][gc,marking     ] GC(1474) Concurrent Clear Claimed Marks 0.027ms
[658.218s][info][gc,marking     ] GC(1474) Concurrent Cleanup for Next Mark
[658.219s][info][gc,marking     ] GC(1474) Concurrent Cleanup for Next Mark 1.438ms
[658.219s][info][gc             ] GC(1474) Concurrent Mark Cycle 443.276ms
[661.173s][info][gc,start       ] GC(1475) Pause Young (Prepare Mixed) (G1 Evacuation Pause)
[661.173s][info][gc,task        ] GC(1475) Using 6 workers of 6 for evacuation
[661.249s][info][gc,phases      ] GC(1475)   Pre Evacuate Collection Set: 0.4ms
[661.249s][info][gc,phases      ] GC(1475)   Merge Heap Roots: 1.5ms
[661.249s][info][gc,phases      ] GC(1475)   Evacuate Collection Set: 72.5ms
[661.249s][info][gc,phases      ] GC(1475)   Post Evacuate Collection Set: 0.8ms
[661.249s][info][gc,phases      ] GC(1475)   Other: 0.1ms
[661.249s][info][gc,heap        ] GC(1475) Eden regions: 292->0(245)
[661.249s][info][gc,heap        ] GC(1475) Survivor regions: 18->39(39)
[661.249s][info][gc,heap        ] GC(1475) Old regions: 415->487
[661.249s][info][gc,heap        ] GC(1475) Humongous regions: 4->4
[661.249s][info][gc,metaspace   ] GC(1475) Metaspace: 16651K(16960K)->16651K(16960K) NonClass: 14325K(14464K)->14325K(14464K) Class: 2325K(2496K)->2325K(2496K)
[661.249s][info][gc             ] GC(1475) Pause Young (Prepare Mixed) (G1 Evacuation Pause) 726M->527M(1024M) 75.521ms
[661.249s][info][gc,cpu         ] GC(1475) User=0.39s Sys=0.00s Real=0.08s
[661.387s][info][gc,start       ] GC(1476) Pause Young (Mixed) (G1 Evacuation Pause)
[661.388s][info][gc,task        ] GC(1476) Using 6 workers of 6 for evacuation
[661.467s][info][gc,phases      ] GC(1476)   Pre Evacuate Collection Set: 0.4ms
[661.467s][info][gc,phases      ] GC(1476)   Merge Heap Roots: 1.4ms
[661.467s][info][gc,phases      ] GC(1476)   Evacuate Collection Set: 76.9ms
[661.467s][info][gc,phases      ] GC(1476)   Post Evacuate Collection Set: 0.3ms
[661.467s][info][gc,phases      ] GC(1476)   Other: 0.1ms
[661.467s][info][gc,heap        ] GC(1476) Eden regions: 245->0(188)
[661.467s][info][gc,heap        ] GC(1476) Survivor regions: 39->36(36)
[661.467s][info][gc,heap        ] GC(1476) Old regions: 487->594
[661.467s][info][gc,heap        ] GC(1476) Humongous regions: 4->4
[661.467s][info][gc,metaspace   ] GC(1476) Metaspace: 16651K(16960K)->16651K(16960K) NonClass: 14325K(14464K)->14325K(14464K) Class: 2325K(2496K)->2325K(2496K)
[661.467s][info][gc             ] GC(1476) Pause Young (Mixed) (G1 Evacuation Pause) 772M->632M(1024M) 79.342ms
[661.467s][info][gc,cpu         ] GC(1476) User=0.33s Sys=0.03s Real=0.08s
[661.578s][info][gc,start       ] GC(1477) Pause Young (Concurrent Start) (G1 Evacuation Pause)
[661.578s][info][gc,task        ] GC(1477) Using 6 workers of 6 for evacuation
[661.633s][info][gc,phases      ] GC(1477)   Pre Evacuate Collection Set: 0.3ms
[661.633s][info][gc,phases      ] GC(1477)   Merge Heap Roots: 0.1ms
[661.633s][info][gc,phases      ] GC(1477)   Evacuate Collection Set: 54.1ms
[661.633s][info][gc,phases      ] GC(1477)   Post Evacuate Collection Set: 0.5ms
[661.633s][info][gc,phases      ] GC(1477)   Other: 0.2ms
[661.633s][info][gc,heap        ] GC(1477) Eden regions: 188->0(148)
[661.633s][info][gc,heap        ] GC(1477) Survivor regions: 36->28(28)
[661.633s][info][gc,heap        ] GC(1477) Old regions: 594->683
[661.633s][info][gc,heap        ] GC(1477) Humongous regions: 4->4
[661.633s][info][gc,metaspace   ] GC(1477) Metaspace: 16651K(16960K)->16651K(16960K) NonClass: 14325K(14464K)->14325K(14464K) Class: 2325K(2496K)->2325K(2496K)
[661.633s][info][gc             ] GC(1477) Pause Young (Concurrent Start) (G1 Evacuation Pause) 820M->712M(1024M) 55.444ms
[661.633s][info][gc,cpu         ] GC(1477) User=0.28s Sys=0.00s Real=0.05s
[661.633s][info][gc             ] GC(1478) Concurrent Mark Cycle
[661.633s][info][gc,marking     ] GC(1478) Concurrent Scan Root Regions
[661.660s][info][gc,marking     ] GC(1478) Concurrent Scan Root Regions 26.938ms
[661.660s][info][gc,marking     ] GC(1478) Concurrent Mark
[661.660s][info][gc,marking     ] GC(1478) Concurrent Mark From Roots
[661.660s][info][gc,task        ] GC(1478) Using 2 workers of 2 for marking
[661.732s][info][gc,start       ] GC(1479) Pause Young (Normal) (G1 Evacuation Pause)
[661.732s][info][gc,task        ] GC(1479) Using 6 workers of 6 for evacuation
[661.776s][info][gc,phases      ] GC(1479)   Pre Evacuate Collection Set: 0.2ms
[661.776s][info][gc,phases      ] GC(1479)   Merge Heap Roots: 0.1ms
[661.776s][info][gc,phases      ] GC(1479)   Evacuate Collection Set: 43.2ms
[661.776s][info][gc,phases      ] GC(1479)   Post Evacuate Collection Set: 0.4ms
[661.776s][info][gc,phases      ] GC(1479)   Other: 0.1ms
[661.776s][info][gc,heap        ] GC(1479) Eden regions: 148->0(117)
[661.776s][info][gc,heap        ] GC(1479) Survivor regions: 28->22(22)
[661.776s][info][gc,heap        ] GC(1479) Old regions: 683->753
[661.776s][info][gc,heap        ] GC(1479) Humongous regions: 4->4
[661.776s][info][gc,metaspace   ] GC(1479) Metaspace: 16651K(16960K)->16651K(16960K) NonClass: 14325K(14464K)->14325K(14464K) Class: 2325K(2496K)->2325K(2496K)
[661.776s][info][gc             ] GC(1479) Pause Young (Normal) (G1 Evacuation Pause) 860M->776M(1024M) 44.138ms
[661.776s][info][gc,cpu         ] GC(1479) User=0.14s Sys=0.00s Real=0.05s
[661.815s][info][gc,marking     ] GC(1478) Concurrent Mark From Roots 154.707ms
[661.815s][info][gc,marking     ] GC(1478) Concurrent Preclean
[661.815s][info][gc,marking     ] GC(1478) Concurrent Preclean 0.052ms
[661.815s][info][gc,start       ] GC(1478) Pause Remark
[661.816s][info][gc             ] GC(1478) Pause Remark 833M->424M(1024M) 1.414ms
[661.816s][info][gc,cpu         ] GC(1478) User=0.00s Sys=0.00s Real=0.00s
[661.816s][info][gc,marking     ] GC(1478) Concurrent Mark 156.394ms
[661.816s][info][gc,marking     ] GC(1478) Concurrent Rebuild Remembered Sets and Scrub Regions
[661.855s][info][gc,start       ] GC(1480) Pause Young (Normal) (G1 Evacuation Pause)
[661.855s][info][gc,task        ] GC(1480) Using 6 workers of 6 for evacuation
[661.891s][info][gc,phases      ] GC(1480)   Pre Evacuate Collection Set: 0.2ms
[661.891s][info][gc,phases      ] GC(1480)   Merge Heap Roots: 0.1ms
[661.891s][info][gc,phases      ] GC(1480)   Evacuate Collection Set: 35.2ms
[661.891s][info][gc,phases      ] GC(1480)   Post Evacuate Collection Set: 0.4ms
[661.891s][info][gc,phases      ] GC(1480)   Other: 0.1ms
[661.891s][info][gc,heap        ] GC(1480) Eden regions: 117->0(302)
[661.891s][info][gc,heap        ] GC(1480) Survivor regions: 22->18(18)
[661.891s][info][gc,heap        ] GC(1480) Old regions: 344->400
[661.891s][info][gc,heap        ] GC(1480) Humongous regions: 2->2
[661.891s][info][gc,metaspace   ] GC(1480) Metaspace: 16651K(16960K)->16651K(16960K) NonClass: 14325K(14464K)->14325K(14464K) Class: 2325K(2496K)->2325K(2496K)
[661.891s][info][gc             ] GC(1480) Pause Young (Normal) (G1 Evacuation Pause) 484M->419M(1024M) 36.190ms
[661.891s][info][gc,cpu         ] GC(1480) User=0.12s Sys=0.00s Real=0.03s
[662.026s][info][gc,marking     ] GC(1478) Concurrent Rebuild Remembered Sets and Scrub Regions 209.489ms
[662.026s][info][gc,start       ] GC(1478) Pause Cleanup
[662.026s][info][gc             ] GC(1478) Pause Cleanup 551M->551M(1024M) 0.247ms
[662.026s][info][gc,cpu         ] GC(1478) User=0.00s Sys=0.00s Real=0.00s
[662.026s][info][gc,marking     ] GC(1478) Concurrent Clear Claimed Marks
[662.026s][info][gc,marking     ] GC(1478) Concurrent Clear Claimed Marks 0.028ms
[662.026s][info][gc,marking     ] GC(1478) Concurrent Cleanup for Next Mark
[662.028s][info][gc,marking     ] GC(1478) Concurrent Cleanup for Next Mark 1.551ms
[662.028s][info][gc             ] GC(1478) Concurrent Mark Cycle 395.078ms
[662.519s][info][gc,start       ] GC(1481) Pause Young (Prepare Mixed) (G1 Evacuation Pause)
[662.519s][info][gc,task        ] GC(1481) Using 6 workers of 6 for evacuation
[662.593s][info][gc,phases      ] GC(1481)   Pre Evacuate Collection Set: 0.3ms
[662.593s][info][gc,phases      ] GC(1481)   Merge Heap Roots: 2.1ms
[662.593s][info][gc,phases      ] GC(1481)   Evacuate Collection Set: 71.0ms
[662.593s][info][gc,phases      ] GC(1481)   Post Evacuate Collection Set: 0.8ms
[662.593s][info][gc,phases      ] GC(1481)   Other: 0.1ms
[662.593s][info][gc,heap        ] GC(1481) Eden regions: 302->0(269)
[662.593s][info][gc,heap        ] GC(1481) Survivor regions: 18->40(40)
[662.593s][info][gc,heap        ] GC(1481) Old regions: 400->451
[662.593s][info][gc,heap        ] GC(1481) Humongous regions: 8->8
[662.593s][info][gc,metaspace   ] GC(1481) Metaspace: 16651K(16960K)->16651K(16960K) NonClass: 14325K(14464K)->14325K(14464K) Class: 2325K(2496K)->2325K(2496K)
[662.593s][info][gc             ] GC(1481) Pause Young (Prepare Mixed) (G1 Evacuation Pause) 727M->498M(1024M) 74.509ms
[662.593s][info][gc,cpu         ] GC(1481) User=0.38s Sys=0.00s Real=0.08s
[663.076s][info][gc,start       ] GC(1482) Pause Young (Mixed) (G1 Evacuation Pause)
[663.076s][info][gc,task        ] GC(1482) Using 6 workers of 6 for evacuation
[663.105s][info][gc,phases      ] GC(1482)   Pre Evacuate Collection Set: 0.4ms
[663.105s][info][gc,phases      ] GC(1482)   Merge Heap Roots: 1.0ms
[663.105s][info][gc,phases      ] GC(1482)   Evacuate Collection Set: 26.6ms
[663.105s][info][gc,phases      ] GC(1482)   Post Evacuate Collection Set: 0.7ms
[663.105s][info][gc,phases      ] GC(1482)   Other: 0.1ms
[663.105s][info][gc,heap        ] GC(1482) Eden regions: 269->0(301)
[663.105s][info][gc,heap        ] GC(1482) Survivor regions: 40->3(39)
[663.105s][info][gc,heap        ] GC(1482) Old regions: 451->475
[663.105s][info][gc,heap        ] GC(1482) Humongous regions: 8->8
[663.105s][info][gc,metaspace   ] GC(1482) Metaspace: 16651K(16960K)->16651K(16960K) NonClass: 14325K(14464K)->14325K(14464K) Class: 2325K(2496K)->2325K(2496K)
[663.105s][info][gc             ] GC(1482) Pause Young (Mixed) (G1 Evacuation Pause) 767M->485M(1024M) 29.015ms
[663.105s][info][gc,cpu         ] GC(1482) User=0.11s Sys=0.00s Real=0.03s
[663.942s][info][gc,start       ] GC(1483) Pause Full (System.gc())
[663.942s][info][gc,task        ] GC(1483) Using 6 workers of 6 for full compaction
[663.942s][info][gc,phases,start] GC(1483) Phase 1: Mark live objects
[663.945s][info][gc,phases      ] GC(1483) Phase 1: Mark live objects 2.588ms
[663.945s][info][gc,phases,start] GC(1483) Phase 2: Prepare compaction
[663.946s][info][gc,phases      ] GC(1483) Phase 2: Prepare compaction 0.727ms
[663.946s][info][gc,phases,start] GC(1483) Phase 3: Adjust pointers
[663.948s][info][gc,phases      ] GC(1483) Phase 3: Adjust pointers 2.298ms
[663.948s][info][gc,phases,start] GC(1483) Phase 4: Compact heap
[663.949s][info][gc,phases      ] GC(1483) Phase 4: Compact heap 0.542ms
[663.949s][info][gc,phases,start] GC(1483) Phase 5: Reset Metadata
[663.949s][info][gc,phases      ] GC(1483) Phase 5: Reset Metadata 0.681ms
[663.953s][info][gc,heap        ] GC(1483) Eden regions: 179->0(550)
[663.953s][info][gc,heap        ] GC(1483) Survivor regions: 3->0(39)
[663.953s][info][gc,heap        ] GC(1483) Old regions: 475->9
[663.953s][info][gc,heap        ] GC(1483) Humongous regions: 8->2
[663.953s][info][gc,metaspace   ] GC(1483) Metaspace: 16651K(16960K)->16651K(16960K) NonClass: 14325K(14464K)->14325K(14464K) Class: 2325K(2496K)->2325K(2496K)
[663.953s][info][gc             ] GC(1483) Pause Full (System.gc()) 664M->5M(1024M) 10.999ms
[663.953s][info][gc,cpu         ] GC(1483) User=0.02s Sys=0.00s Real=0.02s
[665.225s][info][gc,start       ] GC(1484) Pause Young (Concurrent Start) (G1 Evacuation Pause)
[665.226s][info][gc,task        ] GC(1484) Using 6 workers of 6 for evacuation
[665.227s][info][gc,phases      ] GC(1484)   Pre Evacuate Collection Set: 0.2ms
[665.227s][info][gc,phases      ] GC(1484)   Merge Heap Roots: 0.1ms
[665.227s][info][gc,phases      ] GC(1484)   Evacuate Collection Set: 0.4ms
[665.227s][info][gc,phases      ] GC(1484)   Post Evacuate Collection Set: 0.4ms
[665.227s][info][gc,phases      ] GC(1484)   Other: 0.1ms
[665.227s][info][gc,heap        ] GC(1484) Eden regions: 550->0(606)
[665.227s][info][gc,heap        ] GC(1484) Survivor regions: 0->2(69)
[665.227s][info][gc,heap        ] GC(1484) Old regions: 9->9
[665.227s][info][gc,heap        ] GC(1484) Humongous regions: 2->2
[665.227s][info][gc,metaspace   ] GC(1484) Metaspace: 16651K(16960K)->16651K(16960K) NonClass: 14325K(14464K)->14325K(14464K) Class: 2325K(2496K)->2325K(2496K)
[665.227s][info][gc             ] GC(1484) Pause Young (Concurrent Start) (G1 Evacuation Pause) 555M->7M(1024M) 1.286ms
[665.227s][info][gc,cpu         ] GC(1484) User=0.00s Sys=0.00s Real=0.00s
[665.227s][info][gc             ] GC(1485) Concurrent Mark Cycle
[665.227s][info][gc,marking     ] GC(1485) Concurrent Scan Root Regions
[665.227s][info][gc,marking     ] GC(1485) Concurrent Scan Root Regions 0.176ms
[665.227s][info][gc,marking     ] GC(1485) Concurrent Mark
[665.227s][info][gc,marking     ] GC(1485) Concurrent Mark From Roots
[665.227s][info][gc,task        ] GC(1485) Using 2 workers of 2 for marking
[665.230s][info][gc,marking     ] GC(1485) Concurrent Mark From Roots 3.066ms
[665.230s][info][gc,marking     ] GC(1485) Concurrent Preclean
[665.230s][info][gc,marking     ] GC(1485) Concurrent Preclean 0.021ms
[665.230s][info][gc,start       ] GC(1485) Pause Remark
[665.231s][info][gc             ] GC(1485) Pause Remark 24M->24M(1024M) 1.074ms
[665.231s][info][gc,cpu         ] GC(1485) User=0.00s Sys=0.00s Real=0.00s
[665.231s][info][gc,marking     ] GC(1485) Concurrent Mark 4.417ms
[665.231s][info][gc,marking     ] GC(1485) Concurrent Rebuild Remembered Sets and Scrub Regions
[665.232s][info][gc,marking     ] GC(1485) Concurrent Rebuild Remembered Sets and Scrub Regions 0.994ms
[665.233s][info][gc,start       ] GC(1485) Pause Cleanup
[665.233s][info][gc             ] GC(1485) Pause Cleanup 29M->29M(1024M) 0.121ms
[665.233s][info][gc,cpu         ] GC(1485) User=0.00s Sys=0.00s Real=0.00s
[665.233s][info][gc,marking     ] GC(1485) Concurrent Clear Claimed Marks
[665.233s][info][gc,marking     ] GC(1485) Concurrent Clear Claimed Marks 0.023ms
[665.233s][info][gc,marking     ] GC(1485) Concurrent Cleanup for Next Mark
[665.235s][info][gc,marking     ] GC(1485) Concurrent Cleanup for Next Mark 2.446ms
[665.235s][info][gc             ] GC(1485) Concurrent Mark Cycle 8.554ms
[665.324s][info][gc,start       ] GC(1486) Pause Young (Prepare Mixed) (G1 Evacuation Pause)
[665.324s][info][gc,task        ] GC(1486) Using 6 workers of 6 for evacuation
[665.325s][info][gc,phases      ] GC(1486)   Pre Evacuate Collection Set: 0.2ms
[665.325s][info][gc,phases      ] GC(1486)   Merge Heap Roots: 0.1ms
[665.325s][info][gc,phases      ] GC(1486)   Evacuate Collection Set: 0.3ms
[665.325s][info][gc,phases      ] GC(1486)   Post Evacuate Collection Set: 0.4ms
[665.325s][info][gc,phases      ] GC(1486)   Other: 0.1ms
[665.325s][info][gc,heap        ] GC(1486) Eden regions: 606->0(613)
[665.325s][info][gc,heap        ] GC(1486) Survivor regions: 2->1(76)
[665.325s][info][gc,heap        ] GC(1486) Old regions: 9->9
[665.325s][info][gc,heap        ] GC(1486) Humongous regions: 2->2
[665.325s][info][gc,metaspace   ] GC(1486) Metaspace: 16651K(16960K)->16651K(16960K) NonClass: 14325K(14464K)->14325K(14464K) Class: 2325K(2496K)->2325K(2496K)
[665.325s][info][gc             ] GC(1486) Pause Young (Prepare Mixed) (G1 Evacuation Pause) 613M->6M(1024M) 1.285ms
[665.325s][info][gc,cpu         ] GC(1486) User=0.00s Sys=0.00s Real=0.00s
[665.422s][info][gc,start       ] GC(1487) Pause Young (Mixed) (G1 Evacuation Pause)
[665.422s][info][gc,task        ] GC(1487) Using 6 workers of 6 for evacuation
[665.423s][info][gc,phases      ] GC(1487)   Pre Evacuate Collection Set: 0.2ms
[665.423s][info][gc,phases      ] GC(1487)   Merge Heap Roots: 0.1ms
[665.423s][info][gc,phases      ] GC(1487)   Evacuate Collection Set: 0.3ms
[665.423s][info][gc,phases      ] GC(1487)   Post Evacuate Collection Set: 0.4ms
[665.423s][info][gc,phases      ] GC(1487)   Other: 0.1ms
[665.423s][info][gc,heap        ] GC(1487) Eden regions: 613->0(613)
[665.423s][info][gc,heap        ] GC(1487) Survivor regions: 1->1(77)
[665.423s][info][gc,heap        ] GC(1487) Old regions: 9->9
[665.423s][info][gc,heap        ] GC(1487) Humongous regions: 2->2
[665.423s][info][gc,metaspace   ] GC(1487) Metaspace: 16651K(16960K)->16651K(16960K) NonClass: 14325K(14464K)->14325K(14464K) Class: 2325K(2496K)->2325K(2496K)
[665.423s][info][gc             ] GC(1487) Pause Young (Mixed) (G1 Evacuation Pause) 619M->6M(1024M) 1.150ms
[665.423s][info][gc,cpu         ] GC(1487) User=0.00s Sys=0.00s Real=0.00s
[665.521s][info][gc,start       ] GC(1488) Pause Young (Concurrent Start) (G1 Evacuation Pause)
[665.521s][info][gc,task        ] GC(1488) Using 6 workers of 6 for evacuation
[665.522s][info][gc,phases      ] GC(1488)   Pre Evacuate Collection Set: 0.2ms
[665.523s][info][gc,phases      ] GC(1488)   Merge Heap Roots: 0.1ms
[665.523s][info][gc,phases      ] GC(1488)   Evacuate Collection Set: 0.3ms
[665.523s][info][gc,phases      ] GC(1488)   Post Evacuate Collection Set: 0.4ms
[665.523s][info][gc,phases      ] GC(1488)   Other: 0.1ms
[665.523s][info][gc,heap        ] GC(1488) Eden regions: 613->0(613)
[665.523s][info][gc,heap        ] GC(1488) Survivor regions: 1->1(77)
[665.523s][info][gc,heap        ] GC(1488) Old regions: 9->9
[665.523s][info][gc,heap        ] GC(1488) Humongous regions: 2->2
[665.523s][info][gc,metaspace   ] GC(1488) Metaspace: 16651K(16960K)->16651K(16960K) NonClass: 14325K(14464K)->14325K(14464K) Class: 2325K(2496K)->2325K(2496K)
[665.523s][info][gc             ] GC(1488) Pause Young (Concurrent Start) (G1 Evacuation Pause) 619M->6M(1024M) 1.408ms
[665.523s][info][gc             ] GC(1489) Concurrent Mark Cycle
[665.523s][info][gc,cpu         ] GC(1488) User=0.00s Sys=0.00s Real=0.00s
[665.523s][info][gc,marking     ] GC(1489) Concurrent Scan Root Regions
[665.523s][info][gc,marking     ] GC(1489) Concurrent Scan Root Regions 0.287ms
[665.523s][info][gc,marking     ] GC(1489) Concurrent Mark
[665.523s][info][gc,marking     ] GC(1489) Concurrent Mark From Roots
[665.523s][info][gc,task        ] GC(1489) Using 2 workers of 2 for marking
[665.526s][info][gc,marking     ] GC(1489) Concurrent Mark From Roots 3.128ms
[665.526s][info][gc,marking     ] GC(1489) Concurrent Preclean
[665.526s][info][gc,marking     ] GC(1489) Concurrent Preclean 0.023ms
[665.526s][info][gc,start       ] GC(1489) Pause Remark
[665.527s][info][gc             ] GC(1489) Pause Remark 24M->24M(1024M) 1.059ms
[665.527s][info][gc,cpu         ] GC(1489) User=0.00s Sys=0.00s Real=0.00s
[665.527s][info][gc,marking     ] GC(1489) Concurrent Mark 4.468ms
[665.527s][info][gc,marking     ] GC(1489) Concurrent Rebuild Remembered Sets and Scrub Regions
[665.528s][info][gc,marking     ] GC(1489) Concurrent Rebuild Remembered Sets and Scrub Regions 1.004ms
[665.529s][info][gc,start       ] GC(1489) Pause Cleanup
[665.529s][info][gc             ] GC(1489) Pause Cleanup 29M->29M(1024M) 0.109ms
[665.529s][info][gc,cpu         ] GC(1489) User=0.00s Sys=0.00s Real=0.00s
[665.529s][info][gc,marking     ] GC(1489) Concurrent Clear Claimed Marks
[665.529s][info][gc,marking     ] GC(1489) Concurrent Clear Claimed Marks 0.029ms
[665.529s][info][gc,marking     ] GC(1489) Concurrent Cleanup for Next Mark
[665.531s][info][gc,marking     ] GC(1489) Concurrent Cleanup for Next Mark 2.418ms
[665.531s][info][gc             ] GC(1489) Concurrent Mark Cycle 8.708ms
[665.643s][info][gc,start       ] GC(1490) Pause Young (Prepare Mixed) (G1 Evacuation Pause)
[665.643s][info][gc,task        ] GC(1490) Using 6 workers of 6 for evacuation
[665.659s][info][gc,phases      ] GC(1490)   Pre Evacuate Collection Set: 0.2ms
[665.659s][info][gc,phases      ] GC(1490)   Merge Heap Roots: 0.1ms
[665.659s][info][gc,phases      ] GC(1490)   Evacuate Collection Set: 14.5ms
[665.659s][info][gc,phases      ] GC(1490)   Post Evacuate Collection Set: 0.5ms
[665.659s][info][gc,phases      ] GC(1490)   Other: 0.1ms
[665.659s][info][gc,heap        ] GC(1490) Eden regions: 613->0(579)
[665.659s][info][gc,heap        ] GC(1490) Survivor regions: 1->35(77)
[665.659s][info][gc,heap        ] GC(1490) Old regions: 9->9
[665.659s][info][gc,heap        ] GC(1490) Humongous regions: 3->3
[665.659s][info][gc,metaspace   ] GC(1490) Metaspace: 16651K(16960K)->16651K(16960K) NonClass: 14325K(14464K)->14325K(14464K) Class: 2325K(2496K)->2325K(2496K)
[665.659s][info][gc             ] GC(1490) Pause Young (Prepare Mixed) (G1 Evacuation Pause) 620M->41M(1024M) 15.613ms
[665.659s][info][gc,cpu         ] GC(1490) User=0.02s Sys=0.00s Real=0.02s
[666.118s][info][gc,start       ] GC(1491) Pause Young (Mixed) (G1 Evacuation Pause)
[666.118s][info][gc,task        ] GC(1491) Using 6 workers of 6 for evacuation
[666.312s][info][gc,phases      ] GC(1491)   Pre Evacuate Collection Set: 0.2ms
[666.312s][info][gc,phases      ] GC(1491)   Merge Heap Roots: 0.1ms
[666.312s][info][gc,phases      ] GC(1491)   Evacuate Collection Set: 186.0ms
[666.312s][info][gc,phases      ] GC(1491)   Post Evacuate Collection Set: 7.9ms
[666.312s][info][gc,phases      ] GC(1491)   Other: 0.1ms
[666.312s][info][gc,heap        ] GC(1491) Eden regions: 579->0(0)
[666.312s][info][gc,heap        ] GC(1491) Survivor regions: 35->77(77)
[666.312s][info][gc,heap        ] GC(1491) Old regions: 9->907
[666.312s][info][gc,heap        ] GC(1491) Humongous regions: 3->3
[666.312s][info][gc,metaspace   ] GC(1491) Metaspace: 16651K(16960K)->16651K(16960K) NonClass: 14325K(14464K)->14325K(14464K) Class: 2325K(2496K)->2325K(2496K)
[666.312s][info][gc             ] GC(1491) Pause Young (Mixed) (G1 Evacuation Pause) (Evacuation Failure) 620M->983M(1024M) 194.434ms
[666.312s][info][gc,cpu         ] GC(1491) User=1.11s Sys=0.00s Real=0.20s
[666.312s][info][gc,ergo        ] Attempting full compaction
[666.312s][info][gc,start       ] GC(1492) Pause Full (G1 Compaction Pause)
[666.312s][info][gc,task        ] GC(1492) Using 6 workers of 6 for full compaction
[666.312s][info][gc,phases,start] GC(1492) Phase 1: Mark live objects
[666.407s][info][gc,phases      ] GC(1492) Phase 1: Mark live objects 95.047ms
[666.407s][info][gc,phases,start] GC(1492) Phase 2: Prepare compaction
[666.411s][info][gc,phases      ] GC(1492) Phase 2: Prepare compaction 3.209ms
[666.411s][info][gc,phases,start] GC(1492) Phase 3: Adjust pointers
[666.435s][info][gc,phases      ] GC(1492) Phase 3: Adjust pointers 24.710ms
[666.435s][info][gc,phases,start] GC(1492) Phase 4: Compact heap
[666.439s][info][gc,phases      ] GC(1492) Phase 4: Compact heap 3.706ms
[666.439s][info][gc,phases,start] GC(1492) Phase 5: Reset Metadata
[666.453s][info][gc,phases      ] GC(1492) Phase 5: Reset Metadata 13.812ms
[666.459s][info][gc,heap        ] GC(1492) Eden regions: 0->0(323)
[666.459s][info][gc,heap        ] GC(1492) Survivor regions: 77->0(77)
[666.459s][info][gc,heap        ] GC(1492) Old regions: 907->415
[666.459s][info][gc,heap        ] GC(1492) Humongous regions: 3->3
[666.459s][info][gc,metaspace   ] GC(1492) Metaspace: 16651K(16960K)->16651K(16960K) NonClass: 14325K(14464K)->14325K(14464K) Class: 2325K(2496K)->2325K(2496K)
[666.459s][info][gc             ] GC(1492) Pause Full (G1 Compaction Pause) 983M->414M(1024M) 146.713ms
[666.459s][info][gc,cpu         ] GC(1492) User=0.55s Sys=0.00s Real=0.14s
[666.477s][info][gc,start       ] GC(1493) Pause Young (Concurrent Start) (G1 Humongous Allocation)
[666.477s][info][gc,task        ] GC(1493) Using 6 workers of 6 for evacuation
[666.486s][info][gc,phases      ] GC(1493)   Pre Evacuate Collection Set: 0.2ms
[666.486s][info][gc,phases      ] GC(1493)   Merge Heap Roots: 0.1ms
[666.486s][info][gc,phases      ] GC(1493)   Evacuate Collection Set: 8.4ms
[666.486s][info][gc,phases      ] GC(1493)   Post Evacuate Collection Set: 0.3ms
[666.486s][info][gc,phases      ] GC(1493)   Other: 0.1ms
[666.486s][info][gc,heap        ] GC(1493) Eden regions: 27->0(291)
[666.486s][info][gc,heap        ] GC(1493) Survivor regions: 0->19(41)
[666.486s][info][gc,heap        ] GC(1493) Old regions: 415->415
[666.486s][info][gc,heap        ] GC(1493) Humongous regions: 3->3
[666.486s][info][gc,metaspace   ] GC(1493) Metaspace: 16651K(16960K)->16651K(16960K) NonClass: 14325K(14464K)->14325K(14464K) Class: 2325K(2496K)->2325K(2496K)
[666.486s][info][gc             ] GC(1493) Pause Young (Concurrent Start) (G1 Humongous Allocation) 441M->433M(1024M) 9.295ms
[666.486s][info][gc             ] GC(1494) Concurrent Mark Cycle
[666.486s][info][gc,cpu         ] GC(1493) User=0.02s Sys=0.00s Real=0.02s
[666.486s][info][gc,marking     ] GC(1494) Concurrent Scan Root Regions
[666.492s][info][gc,marking     ] GC(1494) Concurrent Scan Root Regions 5.518ms
[666.492s][info][gc,marking     ] GC(1494) Concurrent Mark
[666.492s][info][gc,marking     ] GC(1494) Concurrent Mark From Roots
[666.492s][info][gc,task        ] GC(1494) Using 2 workers of 2 for marking
[666.848s][info][gc,marking     ] GC(1494) Concurrent Mark From Roots 356.359ms
[666.848s][info][gc,marking     ] GC(1494) Concurrent Preclean
[666.848s][info][gc,marking     ] GC(1494) Concurrent Preclean 0.053ms
[666.848s][info][gc,start       ] GC(1494) Pause Remark
[666.849s][info][gc             ] GC(1494) Pause Remark 523M->523M(1024M) 1.070ms
[666.849s][info][gc,cpu         ] GC(1494) User=0.00s Sys=0.00s Real=0.00s
[666.849s][info][gc,marking     ] GC(1494) Concurrent Mark 357.683ms
[666.849s][info][gc,marking     ] GC(1494) Concurrent Rebuild Remembered Sets and Scrub Regions
[666.930s][info][gc,marking     ] GC(1494) Concurrent Rebuild Remembered Sets and Scrub Regions 80.472ms
[666.930s][info][gc,start       ] GC(1494) Pause Cleanup
[666.930s][info][gc             ] GC(1494) Pause Cleanup 523M->523M(1024M) 0.158ms
[666.930s][info][gc,cpu         ] GC(1494) User=0.00s Sys=0.00s Real=0.00s
[666.930s][info][gc,marking     ] GC(1494) Concurrent Clear Claimed Marks
[666.930s][info][gc,marking     ] GC(1494) Concurrent Clear Claimed Marks 0.019ms
[666.930s][info][gc,marking     ] GC(1494) Concurrent Cleanup for Next Mark
[666.931s][info][gc,marking     ] GC(1494) Concurrent Cleanup for Next Mark 1.163ms
[666.931s][info][gc             ] GC(1494) Concurrent Mark Cycle 445.260ms
[669.905s][info][gc,start       ] GC(1495) Pause Young (Prepare Mixed) (G1 Evacuation Pause)
[669.905s][info][gc,task        ] GC(1495) Using 6 workers of 6 for evacuation
[669.976s][info][gc,phases      ] GC(1495)   Pre Evacuate Collection Set: 0.2ms
[669.976s][info][gc,phases      ] GC(1495)   Merge Heap Roots: 1.2ms
[669.976s][info][gc,phases      ] GC(1495)   Evacuate Collection Set: 68.8ms
[669.976s][info][gc,phases      ] GC(1495)   Post Evacuate Collection Set: 0.8ms
[669.976s][info][gc,phases      ] GC(1495)   Other: 0.1ms
[669.976s][info][gc,heap        ] GC(1495) Eden regions: 291->0(244)
[669.976s][info][gc,heap        ] GC(1495) Survivor regions: 19->39(39)
[669.976s][info][gc,heap        ] GC(1495) Old regions: 415->488
[669.976s][info][gc,heap        ] GC(1495) Humongous regions: 4->4
[669.976s][info][gc,metaspace   ] GC(1495) Metaspace: 16651K(16960K)->16651K(16960K) NonClass: 14325K(14464K)->14325K(14464K) Class: 2325K(2496K)->2325K(2496K)
[669.976s][info][gc             ] GC(1495) Pause Young (Prepare Mixed) (G1 Evacuation Pause) 725M->527M(1024M) 71.404ms
[669.976s][info][gc,cpu         ] GC(1495) User=0.28s Sys=0.00s Real=0.07s
[670.119s][info][gc,start       ] GC(1496) Pause Young (Mixed) (G1 Evacuation Pause)
[670.119s][info][gc,task        ] GC(1496) Using 6 workers of 6 for evacuation
[670.196s][info][gc,phases      ] GC(1496)   Pre Evacuate Collection Set: 0.2ms
[670.196s][info][gc,phases      ] GC(1496)   Merge Heap Roots: 0.7ms
[670.196s][info][gc,phases      ] GC(1496)   Evacuate Collection Set: 75.7ms
[670.196s][info][gc,phases      ] GC(1496)   Post Evacuate Collection Set: 0.3ms
[670.196s][info][gc,phases      ] GC(1496)   Other: 0.1ms
[670.196s][info][gc,heap        ] GC(1496) Eden regions: 244->0(188)
[670.197s][info][gc,heap        ] GC(1496) Survivor regions: 39->36(36)
[670.197s][info][gc,heap        ] GC(1496) Old regions: 488->594
[670.197s][info][gc,heap        ] GC(1496) Humongous regions: 4->4
[670.197s][info][gc,metaspace   ] GC(1496) Metaspace: 16651K(16960K)->16651K(16960K) NonClass: 14325K(14464K)->14325K(14464K) Class: 2325K(2496K)->2325K(2496K)
[670.197s][info][gc             ] GC(1496) Pause Young (Mixed) (G1 Evacuation Pause) 771M->631M(1024M) 77.182ms
[670.197s][info][gc,cpu         ] GC(1496) User=0.39s Sys=0.00s Real=0.08s
[670.307s][info][gc,start       ] GC(1497) Pause Young (Concurrent Start) (G1 Evacuation Pause)
[670.307s][info][gc,task        ] GC(1497) Using 6 workers of 6 for evacuation
[670.364s][info][gc,phases      ] GC(1497)   Pre Evacuate Collection Set: 0.2ms
[670.364s][info][gc,phases      ] GC(1497)   Merge Heap Roots: 0.2ms
[670.364s][info][gc,phases      ] GC(1497)   Evacuate Collection Set: 55.5ms
[670.364s][info][gc,phases      ] GC(1497)   Post Evacuate Collection Set: 0.4ms
[670.364s][info][gc,phases      ] GC(1497)   Other: 0.2ms
[670.364s][info][gc,heap        ] GC(1497) Eden regions: 188->0(148)
[670.364s][info][gc,heap        ] GC(1497) Survivor regions: 36->28(28)
[670.364s][info][gc,heap        ] GC(1497) Old regions: 594->683
[670.364s][info][gc,heap        ] GC(1497) Humongous regions: 4->4
[670.364s][info][gc,metaspace   ] GC(1497) Metaspace: 16651K(16960K)->16651K(16960K) NonClass: 14325K(14464K)->14325K(14464K) Class: 2325K(2496K)->2325K(2496K)
[670.364s][info][gc             ] GC(1497) Pause Young (Concurrent Start) (G1 Evacuation Pause) 819M->712M(1024M) 56.727ms
[670.364s][info][gc,cpu         ] GC(1497) User=0.28s Sys=0.00s Real=0.05s
[670.364s][info][gc             ] GC(1498) Concurrent Mark Cycle
[670.364s][info][gc,marking     ] GC(1498) Concurrent Scan Root Regions
[670.393s][info][gc,marking     ] GC(1498) Concurrent Scan Root Regions 28.733ms
[670.393s][info][gc,marking     ] GC(1498) Concurrent Mark
[670.393s][info][gc,marking     ] GC(1498) Concurrent Mark From Roots
[670.393s][info][gc,task        ] GC(1498) Using 2 workers of 2 for marking
[670.463s][info][gc,start       ] GC(1499) Pause Young (Normal) (G1 Evacuation Pause)
[670.463s][info][gc,task        ] GC(1499) Using 6 workers of 6 for evacuation
[670.506s][info][gc,phases      ] GC(1499)   Pre Evacuate Collection Set: 0.2ms
[670.506s][info][gc,phases      ] GC(1499)   Merge Heap Roots: 0.1ms
[670.506s][info][gc,phases      ] GC(1499)   Evacuate Collection Set: 42.2ms
[670.506s][info][gc,phases      ] GC(1499)   Post Evacuate Collection Set: 0.3ms
[670.506s][info][gc,phases      ] GC(1499)   Other: 0.1ms
[670.506s][info][gc,heap        ] GC(1499) Eden regions: 148->0(117)
[670.506s][info][gc,heap        ] GC(1499) Survivor regions: 28->22(22)
[670.506s][info][gc,heap        ] GC(1499) Old regions: 683->753
[670.506s][info][gc,heap        ] GC(1499) Humongous regions: 4->4
[670.506s][info][gc,metaspace   ] GC(1499) Metaspace: 16651K(16960K)->16651K(16960K) NonClass: 14325K(14464K)->14325K(14464K) Class: 2325K(2496K)->2325K(2496K)
[670.506s][info][gc             ] GC(1499) Pause Young (Normal) (G1 Evacuation Pause) 860M->776M(1024M) 43.165ms
[670.506s][info][gc,cpu         ] GC(1499) User=0.09s Sys=0.00s Real=0.04s
[670.543s][info][gc,marking     ] GC(1498) Concurrent Mark From Roots 150.398ms
[670.543s][info][gc,marking     ] GC(1498) Concurrent Preclean
[670.543s][info][gc,marking     ] GC(1498) Concurrent Preclean 0.047ms
[670.543s][info][gc,start       ] GC(1498) Pause Remark
[670.545s][info][gc             ] GC(1498) Pause Remark 832M->423M(1024M) 1.387ms
[670.545s][info][gc,cpu         ] GC(1498) User=0.00s Sys=0.00s Real=0.00s
[670.545s][info][gc,marking     ] GC(1498) Concurrent Mark 152.072ms
[670.545s][info][gc,marking     ] GC(1498) Concurrent Rebuild Remembered Sets and Scrub Regions
[670.583s][info][gc,start       ] GC(1500) Pause Young (Normal) (G1 Evacuation Pause)
[670.583s][info][gc,task        ] GC(1500) Using 6 workers of 6 for evacuation
[670.619s][info][gc,phases      ] GC(1500)   Pre Evacuate Collection Set: 0.2ms
[670.619s][info][gc,phases      ] GC(1500)   Merge Heap Roots: 0.1ms
[670.619s][info][gc,phases      ] GC(1500)   Evacuate Collection Set: 35.0ms
[670.619s][info][gc,phases      ] GC(1500)   Post Evacuate Collection Set: 0.5ms
[670.619s][info][gc,phases      ] GC(1500)   Other: 0.1ms
[670.619s][info][gc,heap        ] GC(1500) Eden regions: 117->0(302)
[670.619s][info][gc,heap        ] GC(1500) Survivor regions: 22->18(18)
[670.619s][info][gc,heap        ] GC(1500) Old regions: 344->400
[670.619s][info][gc,heap        ] GC(1500) Humongous regions: 2->2
[670.619s][info][gc,metaspace   ] GC(1500) Metaspace: 16651K(16960K)->16651K(16960K) NonClass: 14325K(14464K)->14325K(14464K) Class: 2325K(2496K)->2325K(2496K)
[670.619s][info][gc             ] GC(1500) Pause Young (Normal) (G1 Evacuation Pause) 484M->419M(1024M) 35.971ms
[670.619s][info][gc,cpu         ] GC(1500) User=0.14s Sys=0.00s Real=0.03s
[670.748s][info][gc,marking     ] GC(1498) Concurrent Rebuild Remembered Sets and Scrub Regions 203.186ms
[670.748s][info][gc,start       ] GC(1498) Pause Cleanup
[670.748s][info][gc             ] GC(1498) Pause Cleanup 550M->550M(1024M) 0.235ms
[670.749s][info][gc,cpu         ] GC(1498) User=0.00s Sys=0.00s Real=0.00s
[670.749s][info][gc,marking     ] GC(1498) Concurrent Clear Claimed Marks
[670.749s][info][gc,marking     ] GC(1498) Concurrent Clear Claimed Marks 0.028ms
[670.749s][info][gc,marking     ] GC(1498) Concurrent Cleanup for Next Mark
[670.750s][info][gc,marking     ] GC(1498) Concurrent Cleanup for Next Mark 1.643ms
[670.750s][info][gc             ] GC(1498) Concurrent Mark Cycle 386.348ms
[671.251s][info][gc,start       ] GC(1501) Pause Young (Prepare Mixed) (G1 Evacuation Pause)
[671.251s][info][gc,task        ] GC(1501) Using 6 workers of 6 for evacuation
[671.328s][info][gc,phases      ] GC(1501)   Pre Evacuate Collection Set: 0.2ms
[671.328s][info][gc,phases      ] GC(1501)   Merge Heap Roots: 2.4ms
[671.328s][info][gc,phases      ] GC(1501)   Evacuate Collection Set: 73.0ms
[671.328s][info][gc,phases      ] GC(1501)   Post Evacuate Collection Set: 0.9ms
[671.328s][info][gc,phases      ] GC(1501)   Other: 0.1ms
[671.328s][info][gc,heap        ] GC(1501) Eden regions: 302->0(268)
[671.328s][info][gc,heap        ] GC(1501) Survivor regions: 18->40(40)
[671.328s][info][gc,heap        ] GC(1501) Old regions: 400->452
[671.328s][info][gc,heap        ] GC(1501) Humongous regions: 8->8
[671.328s][info][gc,metaspace   ] GC(1501) Metaspace: 16651K(16960K)->16651K(16960K) NonClass: 14325K(14464K)->14325K(14464K) Class: 2325K(2496K)->2325K(2496K)
[671.328s][info][gc             ] GC(1501) Pause Young (Prepare Mixed) (G1 Evacuation Pause) 727M->499M(1024M) 76.899ms
[671.328s][info][gc,cpu         ] GC(1501) User=0.39s Sys=0.00s Real=0.08s
[671.806s][info][gc,start       ] GC(1502) Pause Young (Mixed) (G1 Evacuation Pause)
[671.806s][info][gc,task        ] GC(1502) Using 6 workers of 6 for evacuation
[671.837s][info][gc,phases      ] GC(1502)   Pre Evacuate Collection Set: 0.3ms
[671.837s][info][gc,phases      ] GC(1502)   Merge Heap Roots: 1.2ms
[671.837s][info][gc,phases      ] GC(1502)   Evacuate Collection Set: 28.8ms
[671.837s][info][gc,phases      ] GC(1502)   Post Evacuate Collection Set: 0.7ms
[671.837s][info][gc,phases      ] GC(1502)   Other: 0.1ms
[671.837s][info][gc,heap        ] GC(1502) Eden regions: 268->0(303)
[671.837s][info][gc,heap        ] GC(1502) Survivor regions: 40->3(39)
[671.837s][info][gc,heap        ] GC(1502) Old regions: 452->472
[671.837s][info][gc,heap        ] GC(1502) Humongous regions: 8->8
[671.837s][info][gc,metaspace   ] GC(1502) Metaspace: 16651K(16960K)->16651K(16960K) NonClass: 14325K(14464K)->14325K(14464K) Class: 2325K(2496K)->2325K(2496K)
[671.837s][info][gc             ] GC(1502) Pause Young (Mixed) (G1 Evacuation Pause) 767M->482M(1024M) 31.349ms
[671.837s][info][gc,cpu         ] GC(1502) User=0.09s Sys=0.00s Real=0.03s
[672.685s][info][gc,start       ] GC(1503) Pause Full (System.gc())
[672.685s][info][gc,task        ] GC(1503) Using 6 workers of 6 for full compaction
[672.685s][info][gc,phases,start] GC(1503) Phase 1: Mark live objects
[672.687s][info][gc,phases      ] GC(1503) Phase 1: Mark live objects 2.280ms
[672.687s][info][gc,phases,start] GC(1503) Phase 2: Prepare compaction
[672.688s][info][gc,phases      ] GC(1503) Phase 2: Prepare compaction 0.773ms
[672.688s][info][gc,phases,start] GC(1503) Phase 3: Adjust pointers
[672.690s][info][gc,phases      ] GC(1503) Phase 3: Adjust pointers 2.119ms
[672.690s][info][gc,phases,start] GC(1503) Phase 4: Compact heap
[672.691s][info][gc,phases      ] GC(1503) Phase 4: Compact heap 0.545ms
[672.691s][info][gc,phases,start] GC(1503) Phase 5: Reset Metadata
[672.692s][info][gc,phases      ] GC(1503) Phase 5: Reset Metadata 0.625ms
[672.696s][info][gc,heap        ] GC(1503) Eden regions: 182->0(549)
[672.696s][info][gc,heap        ] GC(1503) Survivor regions: 3->0(39)
[672.696s][info][gc,heap        ] GC(1503) Old regions: 472->10
[672.696s][info][gc,heap        ] GC(1503) Humongous regions: 8->2
[672.696s][info][gc,metaspace   ] GC(1503) Metaspace: 16651K(16960K)->16651K(16960K) NonClass: 14325K(14464K)->14325K(14464K) Class: 2325K(2496K)->2325K(2496K)
[672.696s][info][gc             ] GC(1503) Pause Full (System.gc()) 664M->5M(1024M) 11.030ms
[672.696s][info][gc,cpu         ] GC(1503) User=0.02s Sys=0.00s Real=0.02s
[673.968s][info][gc,start       ] GC(1504) Pause Young (Concurrent Start) (G1 Evacuation Pause)
[673.968s][info][gc,task        ] GC(1504) Using 6 workers of 6 for evacuation
[673.969s][info][gc,phases      ] GC(1504)   Pre Evacuate Collection Set: 0.2ms
[673.969s][info][gc,phases      ] GC(1504)   Merge Heap Roots: 0.1ms
[673.969s][info][gc,phases      ] GC(1504)   Evacuate Collection Set: 0.4ms
[673.969s][info][gc,phases      ] GC(1504)   Post Evacuate Collection Set: 0.4ms
[673.969s][info][gc,phases      ] GC(1504)   Other: 0.1ms
[673.969s][info][gc,heap        ] GC(1504) Eden regions: 549->0(605)
[673.969s][info][gc,heap        ] GC(1504) Survivor regions: 0->2(69)
[673.969s][info][gc,heap        ] GC(1504) Old regions: 10->10
[673.969s][info][gc,heap        ] GC(1504) Humongous regions: 2->2
[673.969s][info][gc,metaspace   ] GC(1504) Metaspace: 16651K(16960K)->16651K(16960K) NonClass: 14325K(14464K)->14325K(14464K) Class: 2325K(2496K)->2325K(2496K)
[673.969s][info][gc             ] GC(1504) Pause Young (Concurrent Start) (G1 Evacuation Pause) 554M->7M(1024M) 1.345ms
[673.969s][info][gc,cpu         ] GC(1504) User=0.00s Sys=0.00s Real=0.00s
[673.969s][info][gc             ] GC(1505) Concurrent Mark Cycle
[673.969s][info][gc,marking     ] GC(1505) Concurrent Scan Root Regions
[673.969s][info][gc,marking     ] GC(1505) Concurrent Scan Root Regions 0.192ms
[673.969s][info][gc,marking     ] GC(1505) Concurrent Mark
[673.969s][info][gc,marking     ] GC(1505) Concurrent Mark From Roots
[673.969s][info][gc,task        ] GC(1505) Using 2 workers of 2 for marking
[673.972s][info][gc,marking     ] GC(1505) Concurrent Mark From Roots 3.110ms
[673.973s][info][gc,marking     ] GC(1505) Concurrent Preclean
[673.973s][info][gc,marking     ] GC(1505) Concurrent Preclean 0.021ms
[673.973s][info][gc,start       ] GC(1505) Pause Remark
[673.974s][info][gc             ] GC(1505) Pause Remark 25M->25M(1024M) 1.095ms
[673.974s][info][gc,cpu         ] GC(1505) User=0.00s Sys=0.00s Real=0.00s
[673.974s][info][gc,marking     ] GC(1505) Concurrent Mark 4.528ms
[673.974s][info][gc,marking     ] GC(1505) Concurrent Rebuild Remembered Sets and Scrub Regions
[673.975s][info][gc,marking     ] GC(1505) Concurrent Rebuild Remembered Sets and Scrub Regions 0.987ms
[673.975s][info][gc,start       ] GC(1505) Pause Cleanup
[673.975s][info][gc             ] GC(1505) Pause Cleanup 30M->30M(1024M) 0.119ms
[673.975s][info][gc,cpu         ] GC(1505) User=0.00s Sys=0.00s Real=0.00s
[673.975s][info][gc,marking     ] GC(1505) Concurrent Clear Claimed Marks
[673.975s][info][gc,marking     ] GC(1505) Concurrent Clear Claimed Marks 0.022ms
[673.975s][info][gc,marking     ] GC(1505) Concurrent Cleanup for Next Mark
[673.978s][info][gc,marking     ] GC(1505) Concurrent Cleanup for Next Mark 2.437ms
[673.978s][info][gc             ] GC(1505) Concurrent Mark Cycle 8.712ms
[674.071s][info][gc,start       ] GC(1506) Pause Young (Prepare Mixed) (G1 Evacuation Pause)
[674.071s][info][gc,task        ] GC(1506) Using 6 workers of 6 for evacuation
[674.072s][info][gc,phases      ] GC(1506)   Pre Evacuate Collection Set: 0.2ms
[674.072s][info][gc,phases      ] GC(1506)   Merge Heap Roots: 0.1ms
[674.072s][info][gc,phases      ] GC(1506)   Evacuate Collection Set: 0.3ms
[674.072s][info][gc,phases      ] GC(1506)   Post Evacuate Collection Set: 0.4ms
[674.072s][info][gc,phases      ] GC(1506)   Other: 0.1ms
[674.072s][info][gc,heap        ] GC(1506) Eden regions: 605->0(613)
[674.072s][info][gc,heap        ] GC(1506) Survivor regions: 2->1(76)
[674.072s][info][gc,heap        ] GC(1506) Old regions: 9->9
[674.072s][info][gc,heap        ] GC(1506) Humongous regions: 2->2
[674.072s][info][gc,metaspace   ] GC(1506) Metaspace: 16651K(16960K)->16651K(16960K) NonClass: 14325K(14464K)->14325K(14464K) Class: 2325K(2496K)->2325K(2496K)
[674.072s][info][gc             ] GC(1506) Pause Young (Prepare Mixed) (G1 Evacuation Pause) 612M->6M(1024M) 1.384ms
[674.072s][info][gc,cpu         ] GC(1506) User=0.02s Sys=0.00s Real=0.00s
[674.167s][info][gc,start       ] GC(1507) Pause Young (Mixed) (G1 Evacuation Pause)
[674.167s][info][gc,task        ] GC(1507) Using 6 workers of 6 for evacuation
[674.168s][info][gc,phases      ] GC(1507)   Pre Evacuate Collection Set: 0.2ms
[674.168s][info][gc,phases      ] GC(1507)   Merge Heap Roots: 0.1ms
[674.168s][info][gc,phases      ] GC(1507)   Evacuate Collection Set: 0.3ms
[674.168s][info][gc,phases      ] GC(1507)   Post Evacuate Collection Set: 0.4ms
[674.168s][info][gc,phases      ] GC(1507)   Other: 0.1ms
[674.168s][info][gc,heap        ] GC(1507) Eden regions: 613->0(613)
[674.168s][info][gc,heap        ] GC(1507) Survivor regions: 1->1(77)
[674.168s][info][gc,heap        ] GC(1507) Old regions: 9->9
[674.168s][info][gc,heap        ] GC(1507) Humongous regions: 2->2
[674.168s][info][gc,metaspace   ] GC(1507) Metaspace: 16651K(16960K)->16651K(16960K) NonClass: 14325K(14464K)->14325K(14464K) Class: 2325K(2496K)->2325K(2496K)
[674.168s][info][gc             ] GC(1507) Pause Young (Mixed) (G1 Evacuation Pause) 619M->6M(1024M) 1.274ms
[674.168s][info][gc,cpu         ] GC(1507) User=0.00s Sys=0.00s Real=0.00s
[674.263s][info][gc,start       ] GC(1508) Pause Young (Concurrent Start) (G1 Evacuation Pause)
[674.263s][info][gc,task        ] GC(1508) Using 6 workers of 6 for evacuation
[674.264s][info][gc,phases      ] GC(1508)   Pre Evacuate Collection Set: 0.2ms
[674.264s][info][gc,phases      ] GC(1508)   Merge Heap Roots: 0.1ms
[674.264s][info][gc,phases      ] GC(1508)   Evacuate Collection Set: 0.4ms
[674.264s][info][gc,phases      ] GC(1508)   Post Evacuate Collection Set: 0.4ms
[674.264s][info][gc,phases      ] GC(1508)   Other: 0.1ms
[674.264s][info][gc,heap        ] GC(1508) Eden regions: 613->0(613)
[674.264s][info][gc,heap        ] GC(1508) Survivor regions: 1->1(77)
[674.264s][info][gc,heap        ] GC(1508) Old regions: 9->9
[674.264s][info][gc,heap        ] GC(1508) Humongous regions: 2->2
[674.264s][info][gc,metaspace   ] GC(1508) Metaspace: 16651K(16960K)->16651K(16960K) NonClass: 14325K(14464K)->14325K(14464K) Class: 2325K(2496K)->2325K(2496K)
[674.264s][info][gc             ] GC(1508) Pause Young (Concurrent Start) (G1 Evacuation Pause) 619M->6M(1024M) 1.326ms
[674.264s][info][gc,cpu         ] GC(1508) User=0.00s Sys=0.00s Real=0.00s
[674.264s][info][gc             ] GC(1509) Concurrent Mark Cycle
[674.264s][info][gc,marking     ] GC(1509) Concurrent Scan Root Regions
[674.265s][info][gc,marking     ] GC(1509) Concurrent Scan Root Regions 0.289ms
[674.265s][info][gc,marking     ] GC(1509) Concurrent Mark
[674.265s][info][gc,marking     ] GC(1509) Concurrent Mark From Roots
[674.265s][info][gc,task        ] GC(1509) Using 2 workers of 2 for marking
[674.268s][info][gc,marking     ] GC(1509) Concurrent Mark From Roots 3.284ms
[674.268s][info][gc,marking     ] GC(1509) Concurrent Preclean
[674.268s][info][gc,marking     ] GC(1509) Concurrent Preclean 0.020ms
[674.268s][info][gc,start       ] GC(1509) Pause Remark
[674.269s][info][gc             ] GC(1509) Pause Remark 24M->24M(1024M) 1.103ms
[674.269s][info][gc,cpu         ] GC(1509) User=0.00s Sys=0.00s Real=0.00s
[674.269s][info][gc,marking     ] GC(1509) Concurrent Mark 4.639ms
[674.269s][info][gc,marking     ] GC(1509) Concurrent Rebuild Remembered Sets and Scrub Regions
[674.270s][info][gc,marking     ] GC(1509) Concurrent Rebuild Remembered Sets and Scrub Regions 0.994ms
[674.270s][info][gc,start       ] GC(1509) Pause Cleanup
[674.271s][info][gc             ] GC(1509) Pause Cleanup 28M->28M(1024M) 0.110ms
[674.271s][info][gc,cpu         ] GC(1509) User=0.00s Sys=0.00s Real=0.00s
[674.271s][info][gc,marking     ] GC(1509) Concurrent Clear Claimed Marks
[674.271s][info][gc,marking     ] GC(1509) Concurrent Clear Claimed Marks 0.022ms
[674.271s][info][gc,marking     ] GC(1509) Concurrent Cleanup for Next Mark
[674.273s][info][gc,marking     ] GC(1509) Concurrent Cleanup for Next Mark 2.391ms
[674.273s][info][gc             ] GC(1509) Concurrent Mark Cycle 8.839ms
[674.386s][info][gc,start       ] GC(1510) Pause Young (Prepare Mixed) (G1 Evacuation Pause)
[674.386s][info][gc,task        ] GC(1510) Using 6 workers of 6 for evacuation
[674.404s][info][gc,phases      ] GC(1510)   Pre Evacuate Collection Set: 0.2ms
[674.404s][info][gc,phases      ] GC(1510)   Merge Heap Roots: 0.1ms
[674.404s][info][gc,phases      ] GC(1510)   Evacuate Collection Set: 16.4ms
[674.404s][info][gc,phases      ] GC(1510)   Post Evacuate Collection Set: 0.6ms
[674.404s][info][gc,phases      ] GC(1510)   Other: 0.1ms
[674.404s][info][gc,heap        ] GC(1510) Eden regions: 613->0(575)
[674.404s][info][gc,heap        ] GC(1510) Survivor regions: 1->39(77)
[674.404s][info][gc,heap        ] GC(1510) Old regions: 8->8
[674.404s][info][gc,heap        ] GC(1510) Humongous regions: 3->3
[674.404s][info][gc,metaspace   ] GC(1510) Metaspace: 16651K(16960K)->16651K(16960K) NonClass: 14325K(14464K)->14325K(14464K) Class: 2325K(2496K)->2325K(2496K)
[674.404s][info][gc             ] GC(1510) Pause Young (Prepare Mixed) (G1 Evacuation Pause) 620M->46M(1024M) 17.512ms
[674.404s][info][gc,cpu         ] GC(1510) User=0.02s Sys=0.00s Real=0.02s
[674.856s][info][gc,start       ] GC(1511) Pause Young (Mixed) (G1 Evacuation Pause)
[674.856s][info][gc,task        ] GC(1511) Using 6 workers of 6 for evacuation
[675.049s][info][gc,phases      ] GC(1511)   Pre Evacuate Collection Set: 0.2ms
[675.049s][info][gc,phases      ] GC(1511)   Merge Heap Roots: 0.1ms
[675.049s][info][gc,phases      ] GC(1511)   Evacuate Collection Set: 185.3ms
[675.049s][info][gc,phases      ] GC(1511)   Post Evacuate Collection Set: 7.5ms
[675.049s][info][gc,phases      ] GC(1511)   Other: 0.1ms
[675.049s][info][gc,heap        ] GC(1511) Eden regions: 575->0(0)
[675.049s][info][gc,heap        ] GC(1511) Survivor regions: 39->77(77)
[675.049s][info][gc,heap        ] GC(1511) Old regions: 8->901
[675.049s][info][gc,heap        ] GC(1511) Humongous regions: 3->3
[675.049s][info][gc,metaspace   ] GC(1511) Metaspace: 16651K(16960K)->16651K(16960K) NonClass: 14325K(14464K)->14325K(14464K) Class: 2325K(2496K)->2325K(2496K)
[675.049s][info][gc             ] GC(1511) Pause Young (Mixed) (G1 Evacuation Pause) (Evacuation Failure) 621M->978M(1024M) 193.324ms
[675.050s][info][gc,cpu         ] GC(1511) User=1.14s Sys=0.00s Real=0.20s
[675.050s][info][gc,ergo        ] Attempting full compaction
[675.050s][info][gc,start       ] GC(1512) Pause Full (G1 Compaction Pause)
[675.050s][info][gc,task        ] GC(1512) Using 6 workers of 6 for full compaction
[675.050s][info][gc,phases,start] GC(1512) Phase 1: Mark live objects
[675.148s][info][gc,phases      ] GC(1512) Phase 1: Mark live objects 98.412ms
[675.148s][info][gc,phases,start] GC(1512) Phase 2: Prepare compaction
[675.151s][info][gc,phases      ] GC(1512) Phase 2: Prepare compaction 2.813ms
[675.151s][info][gc,phases,start] GC(1512) Phase 3: Adjust pointers
[675.175s][info][gc,phases      ] GC(1512) Phase 3: Adjust pointers 24.250ms
[675.175s][info][gc,phases,start] GC(1512) Phase 4: Compact heap
[675.180s][info][gc,phases      ] GC(1512) Phase 4: Compact heap 4.387ms
[675.180s][info][gc,phases,start] GC(1512) Phase 5: Reset Metadata
[675.194s][info][gc,phases      ] GC(1512) Phase 5: Reset Metadata 13.933ms
[675.200s][info][gc,heap        ] GC(1512) Eden regions: 0->0(322)
[675.200s][info][gc,heap        ] GC(1512) Survivor regions: 77->0(77)
[675.200s][info][gc,heap        ] GC(1512) Old regions: 901->416
[675.200s][info][gc,heap        ] GC(1512) Humongous regions: 3->3
[675.200s][info][gc,metaspace   ] GC(1512) Metaspace: 16651K(16960K)->16651K(16960K) NonClass: 14325K(14464K)->14325K(14464K) Class: 2325K(2496K)->2325K(2496K)
[675.200s][info][gc             ] GC(1512) Pause Full (G1 Compaction Pause) 978M->415M(1024M) 150.737ms
[675.200s][info][gc,cpu         ] GC(1512) User=0.70s Sys=0.02s Real=0.14s
[675.216s][info][gc,start       ] GC(1513) Pause Young (Concurrent Start) (G1 Humongous Allocation)
[675.216s][info][gc,task        ] GC(1513) Using 6 workers of 6 for evacuation
[675.224s][info][gc,phases      ] GC(1513)   Pre Evacuate Collection Set: 0.2ms
[675.224s][info][gc,phases      ] GC(1513)   Merge Heap Roots: 0.1ms
[675.224s][info][gc,phases      ] GC(1513)   Evacuate Collection Set: 7.5ms
[675.224s][info][gc,phases      ] GC(1513)   Post Evacuate Collection Set: 0.5ms
[675.224s][info][gc,phases      ] GC(1513)   Other: 0.1ms
[675.224s][info][gc,heap        ] GC(1513) Eden regions: 25->0(292)
[675.224s][info][gc,heap        ] GC(1513) Survivor regions: 0->17(41)
[675.224s][info][gc,heap        ] GC(1513) Old regions: 416->416
[675.224s][info][gc,heap        ] GC(1513) Humongous regions: 3->3
[675.225s][info][gc,metaspace   ] GC(1513) Metaspace: 16651K(16960K)->16651K(16960K) NonClass: 14325K(14464K)->14325K(14464K) Class: 2325K(2496K)->2325K(2496K)
[675.225s][info][gc             ] GC(1513) Pause Young (Concurrent Start) (G1 Humongous Allocation) 440M->432M(1024M) 8.577ms
[675.225s][info][gc             ] GC(1514) Concurrent Mark Cycle
[675.225s][info][gc,cpu         ] GC(1513) User=0.00s Sys=0.00s Real=0.00s
[675.225s][info][gc,marking     ] GC(1514) Concurrent Scan Root Regions
[675.229s][info][gc,marking     ] GC(1514) Concurrent Scan Root Regions 4.919ms
[675.230s][info][gc,marking     ] GC(1514) Concurrent Mark
[675.230s][info][gc,marking     ] GC(1514) Concurrent Mark From Roots
[675.230s][info][gc,task        ] GC(1514) Using 2 workers of 2 for marking
[675.592s][info][gc,marking     ] GC(1514) Concurrent Mark From Roots 362.241ms
[675.592s][info][gc,marking     ] GC(1514) Concurrent Preclean
[675.592s][info][gc,marking     ] GC(1514) Concurrent Preclean 0.045ms
[675.592s][info][gc,start       ] GC(1514) Pause Remark
[675.593s][info][gc             ] GC(1514) Pause Remark 521M->521M(1024M) 1.076ms
[675.593s][info][gc,cpu         ] GC(1514) User=0.00s Sys=0.00s Real=0.00s
[675.593s][info][gc,marking     ] GC(1514) Concurrent Mark 363.579ms
[675.593s][info][gc,marking     ] GC(1514) Concurrent Rebuild Remembered Sets and Scrub Regions
[675.674s][info][gc,marking     ] GC(1514) Concurrent Rebuild Remembered Sets and Scrub Regions 81.077ms
[675.674s][info][gc,start       ] GC(1514) Pause Cleanup
[675.674s][info][gc             ] GC(1514) Pause Cleanup 522M->522M(1024M) 0.191ms
[675.675s][info][gc,cpu         ] GC(1514) User=0.00s Sys=0.00s Real=0.00s
[675.675s][info][gc,marking     ] GC(1514) Concurrent Clear Claimed Marks
[675.675s][info][gc,marking     ] GC(1514) Concurrent Clear Claimed Marks 0.031ms
[675.675s][info][gc,marking     ] GC(1514) Concurrent Cleanup for Next Mark
[675.676s][info][gc,marking     ] GC(1514) Concurrent Cleanup for Next Mark 1.147ms
[675.676s][info][gc             ] GC(1514) Concurrent Mark Cycle 451.212ms
[677.941s][info][gc,start       ] GC(1515) Pause Young (Prepare Mixed) (G1 Evacuation Pause)
[677.941s][info][gc,task        ] GC(1515) Using 6 workers of 6 for evacuation
[678.013s][info][gc,phases      ] GC(1515)   Pre Evacuate Collection Set: 0.2ms
[678.013s][info][gc,phases      ] GC(1515)   Merge Heap Roots: 1.3ms
[678.013s][info][gc,phases      ] GC(1515)   Evacuate Collection Set: 70.1ms
[678.013s][info][gc,phases      ] GC(1515)   Post Evacuate Collection Set: 0.8ms
[678.013s][info][gc,phases      ] GC(1515)   Other: 0.1ms
[678.013s][info][gc,heap        ] GC(1515) Eden regions: 292->0(244)
[678.013s][info][gc,heap        ] GC(1515) Survivor regions: 17->39(39)
[678.013s][info][gc,heap        ] GC(1515) Old regions: 416->487
[678.013s][info][gc,heap        ] GC(1515) Humongous regions: 4->4
[678.013s][info][gc,metaspace   ] GC(1515) Metaspace: 16651K(16960K)->16651K(16960K) NonClass: 14325K(14464K)->14325K(14464K) Class: 2325K(2496K)->2325K(2496K)
[678.013s][info][gc             ] GC(1515) Pause Young (Prepare Mixed) (G1 Evacuation Pause) 725M->526M(1024M) 72.760ms
[678.013s][info][gc,cpu         ] GC(1515) User=0.38s Sys=0.00s Real=0.06s
[678.152s][info][gc,start       ] GC(1516) Pause Young (Mixed) (G1 Evacuation Pause)
[678.152s][info][gc,task        ] GC(1516) Using 6 workers of 6 for evacuation
[678.230s][info][gc,phases      ] GC(1516)   Pre Evacuate Collection Set: 0.5ms
[678.230s][info][gc,phases      ] GC(1516)   Merge Heap Roots: 1.1ms
[678.230s][info][gc,phases      ] GC(1516)   Evacuate Collection Set: 75.8ms
[678.230s][info][gc,phases      ] GC(1516)   Post Evacuate Collection Set: 0.4ms
[678.230s][info][gc,phases      ] GC(1516)   Other: 0.1ms
[678.230s][info][gc,heap        ] GC(1516) Eden regions: 244->0(188)
[678.230s][info][gc,heap        ] GC(1516) Survivor regions: 39->36(36)
[678.230s][info][gc,heap        ] GC(1516) Old regions: 487->593
[678.230s][info][gc,heap        ] GC(1516) Humongous regions: 4->4
[678.230s][info][gc,metaspace   ] GC(1516) Metaspace: 16651K(16960K)->16651K(16960K) NonClass: 14325K(14464K)->14325K(14464K) Class: 2325K(2496K)->2325K(2496K)
[678.230s][info][gc             ] GC(1516) Pause Young (Mixed) (G1 Evacuation Pause) 770M->630M(1024M) 78.053ms
[678.230s][info][gc,cpu         ] GC(1516) User=0.39s Sys=0.00s Real=0.08s
[678.342s][info][gc,start       ] GC(1517) Pause Young (Concurrent Start) (G1 Evacuation Pause)
[678.343s][info][gc,task        ] GC(1517) Using 6 workers of 6 for evacuation
[678.398s][info][gc,phases      ] GC(1517)   Pre Evacuate Collection Set: 0.3ms
[678.399s][info][gc,phases      ] GC(1517)   Merge Heap Roots: 0.2ms
[678.399s][info][gc,phases      ] GC(1517)   Evacuate Collection Set: 54.9ms
[678.399s][info][gc,phases      ] GC(1517)   Post Evacuate Collection Set: 0.4ms
[678.399s][info][gc,phases      ] GC(1517)   Other: 0.2ms
[678.399s][info][gc,heap        ] GC(1517) Eden regions: 188->0(149)
[678.399s][info][gc,heap        ] GC(1517) Survivor regions: 36->28(28)
[678.399s][info][gc,heap        ] GC(1517) Old regions: 593->682
[678.399s][info][gc,heap        ] GC(1517) Humongous regions: 4->4
[678.399s][info][gc,metaspace   ] GC(1517) Metaspace: 16651K(16960K)->16651K(16960K) NonClass: 14325K(14464K)->14325K(14464K) Class: 2325K(2496K)->2325K(2496K)
[678.399s][info][gc             ] GC(1517) Pause Young (Concurrent Start) (G1 Evacuation Pause) 818M->711M(1024M) 56.150ms
[678.399s][info][gc             ] GC(1518) Concurrent Mark Cycle
[678.399s][info][gc,cpu         ] GC(1517) User=0.30s Sys=0.00s Real=0.06s
[678.399s][info][gc,marking     ] GC(1518) Concurrent Scan Root Regions
[678.425s][info][gc,marking     ] GC(1518) Concurrent Scan Root Regions 25.979ms
[678.425s][info][gc,marking     ] GC(1518) Concurrent Mark
[678.425s][info][gc,marking     ] GC(1518) Concurrent Mark From Roots
[678.425s][info][gc,task        ] GC(1518) Using 2 workers of 2 for marking
[678.499s][info][gc,start       ] GC(1519) Pause Young (Normal) (G1 Evacuation Pause)
[678.499s][info][gc,task        ] GC(1519) Using 6 workers of 6 for evacuation
[678.543s][info][gc,phases      ] GC(1519)   Pre Evacuate Collection Set: 0.2ms
[678.543s][info][gc,phases      ] GC(1519)   Merge Heap Roots: 0.1ms
[678.543s][info][gc,phases      ] GC(1519)   Evacuate Collection Set: 44.0ms
[678.543s][info][gc,phases      ] GC(1519)   Post Evacuate Collection Set: 0.4ms
[678.543s][info][gc,phases      ] GC(1519)   Other: 0.1ms
[678.543s][info][gc,heap        ] GC(1519) Eden regions: 149->0(117)
[678.543s][info][gc,heap        ] GC(1519) Survivor regions: 28->23(23)
[678.543s][info][gc,heap        ] GC(1519) Old regions: 682->752
[678.543s][info][gc,heap        ] GC(1519) Humongous regions: 4->4
[678.543s][info][gc,metaspace   ] GC(1519) Metaspace: 16651K(16960K)->16651K(16960K) NonClass: 14325K(14464K)->14325K(14464K) Class: 2325K(2496K)->2325K(2496K)
[678.543s][info][gc             ] GC(1519) Pause Young (Normal) (G1 Evacuation Pause) 860M->775M(1024M) 44.901ms
[678.543s][info][gc,cpu         ] GC(1519) User=0.08s Sys=0.00s Real=0.05s
[678.583s][info][gc,marking     ] GC(1518) Concurrent Mark From Roots 158.208ms
[678.583s][info][gc,marking     ] GC(1518) Concurrent Preclean
[678.583s][info][gc,marking     ] GC(1518) Concurrent Preclean 0.072ms
[678.583s][info][gc,start       ] GC(1518) Pause Remark
[678.585s][info][gc             ] GC(1518) Pause Remark 835M->425M(1024M) 1.418ms
[678.585s][info][gc,cpu         ] GC(1518) User=0.02s Sys=0.00s Real=0.01s
[678.585s][info][gc,marking     ] GC(1518) Concurrent Mark 159.930ms
[678.585s][info][gc,marking     ] GC(1518) Concurrent Rebuild Remembered Sets and Scrub Regions
[678.622s][info][gc,start       ] GC(1520) Pause Young (Normal) (G1 Evacuation Pause)
[678.622s][info][gc,task        ] GC(1520) Using 6 workers of 6 for evacuation
[678.658s][info][gc,phases      ] GC(1520)   Pre Evacuate Collection Set: 0.2ms
[678.658s][info][gc,phases      ] GC(1520)   Merge Heap Roots: 0.1ms
[678.658s][info][gc,phases      ] GC(1520)   Evacuate Collection Set: 35.4ms
[678.658s][info][gc,phases      ] GC(1520)   Post Evacuate Collection Set: 0.5ms
[678.658s][info][gc,phases      ] GC(1520)   Other: 0.1ms
[678.658s][info][gc,heap        ] GC(1520) Eden regions: 117->0(303)
[678.658s][info][gc,heap        ] GC(1520) Survivor regions: 23->18(18)
[678.658s][info][gc,heap        ] GC(1520) Old regions: 342->399
[678.658s][info][gc,heap        ] GC(1520) Humongous regions: 2->2
[678.658s][info][gc,metaspace   ] GC(1520) Metaspace: 16651K(16960K)->16651K(16960K) NonClass: 14325K(14464K)->14325K(14464K) Class: 2325K(2496K)->2325K(2496K)
[678.658s][info][gc             ] GC(1520) Pause Young (Normal) (G1 Evacuation Pause) 483M->418M(1024M) 36.481ms
[678.658s][info][gc,cpu         ] GC(1520) User=0.06s Sys=0.00s Real=0.03s
[678.791s][info][gc,marking     ] GC(1518) Concurrent Rebuild Remembered Sets and Scrub Regions 205.971ms
[678.791s][info][gc,start       ] GC(1518) Pause Cleanup
[678.791s][info][gc             ] GC(1518) Pause Cleanup 552M->552M(1024M) 0.255ms
[678.791s][info][gc,cpu         ] GC(1518) User=0.00s Sys=0.00s Real=0.02s
[678.791s][info][gc,marking     ] GC(1518) Concurrent Clear Claimed Marks
[678.791s][info][gc,marking     ] GC(1518) Concurrent Clear Claimed Marks 0.027ms
[678.791s][info][gc,marking     ] GC(1518) Concurrent Cleanup for Next Mark
[678.793s][info][gc,marking     ] GC(1518) Concurrent Cleanup for Next Mark 1.560ms
[678.793s][info][gc             ] GC(1518) Concurrent Mark Cycle 394.074ms
[679.273s][info][gc,start       ] GC(1521) Pause Young (Prepare Mixed) (G1 Evacuation Pause)
[679.273s][info][gc,task        ] GC(1521) Using 6 workers of 6 for evacuation
[679.346s][info][gc,phases      ] GC(1521)   Pre Evacuate Collection Set: 0.2ms
[679.346s][info][gc,phases      ] GC(1521)   Merge Heap Roots: 2.1ms
[679.346s][info][gc,phases      ] GC(1521)   Evacuate Collection Set: 69.6ms
[679.346s][info][gc,phases      ] GC(1521)   Post Evacuate Collection Set: 0.9ms
[679.346s][info][gc,phases      ] GC(1521)   Other: 0.1ms
[679.346s][info][gc,heap        ] GC(1521) Eden regions: 303->0(270)
[679.346s][info][gc,heap        ] GC(1521) Survivor regions: 18->41(41)
[679.346s][info][gc,heap        ] GC(1521) Old regions: 399->448
[679.346s][info][gc,heap        ] GC(1521) Humongous regions: 8->8
[679.346s][info][gc,metaspace   ] GC(1521) Metaspace: 16651K(16960K)->16651K(16960K) NonClass: 14325K(14464K)->14325K(14464K) Class: 2325K(2496K)->2325K(2496K)
[679.346s][info][gc             ] GC(1521) Pause Young (Prepare Mixed) (G1 Evacuation Pause) 727M->496M(1024M) 73.065ms
[679.346s][info][gc,cpu         ] GC(1521) User=0.41s Sys=0.00s Real=0.08s
[679.830s][info][gc,start       ] GC(1522) Pause Young (Mixed) (G1 Evacuation Pause)
[679.830s][info][gc,task        ] GC(1522) Using 6 workers of 6 for evacuation
[679.859s][info][gc,phases      ] GC(1522)   Pre Evacuate Collection Set: 0.2ms
[679.859s][info][gc,phases      ] GC(1522)   Merge Heap Roots: 1.0ms
[679.859s][info][gc,phases      ] GC(1522)   Evacuate Collection Set: 27.2ms
[679.859s][info][gc,phases      ] GC(1522)   Post Evacuate Collection Set: 0.6ms
[679.859s][info][gc,phases      ] GC(1522)   Other: 0.1ms
[679.859s][info][gc,heap        ] GC(1522) Eden regions: 270->0(303)
[679.859s][info][gc,heap        ] GC(1522) Survivor regions: 41->3(39)
[679.859s][info][gc,heap        ] GC(1522) Old regions: 448->473
[679.859s][info][gc,heap        ] GC(1522) Humongous regions: 8->8
[679.859s][info][gc,metaspace   ] GC(1522) Metaspace: 16651K(16960K)->16651K(16960K) NonClass: 14325K(14464K)->14325K(14464K) Class: 2325K(2496K)->2325K(2496K)
[679.859s][info][gc             ] GC(1522) Pause Young (Mixed) (G1 Evacuation Pause) 766M->483M(1024M) 29.381ms
[679.859s][info][gc,cpu         ] GC(1522) User=0.09s Sys=0.00s Real=0.03s
[680.700s][info][gc,start       ] GC(1523) Pause Full (System.gc())
[680.700s][info][gc,task        ] GC(1523) Using 6 workers of 6 for full compaction
[680.701s][info][gc,phases,start] GC(1523) Phase 1: Mark live objects
[680.703s][info][gc,phases      ] GC(1523) Phase 1: Mark live objects 2.307ms
[680.703s][info][gc,phases,start] GC(1523) Phase 2: Prepare compaction
[680.704s][info][gc,phases      ] GC(1523) Phase 2: Prepare compaction 0.664ms
[680.704s][info][gc,phases,start] GC(1523) Phase 3: Adjust pointers
[680.706s][info][gc,phases      ] GC(1523) Phase 3: Adjust pointers 2.228ms
[680.706s][info][gc,phases,start] GC(1523) Phase 4: Compact heap
[680.707s][info][gc,phases      ] GC(1523) Phase 4: Compact heap 0.571ms
[680.707s][info][gc,phases,start] GC(1523) Phase 5: Reset Metadata
[680.707s][info][gc,phases      ] GC(1523) Phase 5: Reset Metadata 0.629ms
[680.711s][info][gc,heap        ] GC(1523) Eden regions: 177->0(549)
[680.711s][info][gc,heap        ] GC(1523) Survivor regions: 3->0(39)
[680.711s][info][gc,heap        ] GC(1523) Old regions: 473->10
[680.711s][info][gc,heap        ] GC(1523) Humongous regions: 8->2
[680.711s][info][gc,metaspace   ] GC(1523) Metaspace: 16651K(16960K)->16651K(16960K) NonClass: 14325K(14464K)->14325K(14464K) Class: 2325K(2496K)->2325K(2496K)
[680.711s][info][gc             ] GC(1523) Pause Full (System.gc()) 659M->5M(1024M) 10.589ms
[680.711s][info][gc,cpu         ] GC(1523) User=0.02s Sys=0.00s Real=0.02s
[681.852s][info][gc,start       ] GC(1524) Pause Young (Concurrent Start) (G1 Evacuation Pause)
[681.852s][info][gc,task        ] GC(1524) Using 6 workers of 6 for evacuation
[681.854s][info][gc,phases      ] GC(1524)   Pre Evacuate Collection Set: 0.2ms
[681.854s][info][gc,phases      ] GC(1524)   Merge Heap Roots: 0.1ms
[681.854s][info][gc,phases      ] GC(1524)   Evacuate Collection Set: 0.4ms
[681.854s][info][gc,phases      ] GC(1524)   Post Evacuate Collection Set: 0.4ms
[681.854s][info][gc,phases      ] GC(1524)   Other: 0.1ms
[681.854s][info][gc,heap        ] GC(1524) Eden regions: 549->0(605)
[681.854s][info][gc,heap        ] GC(1524) Survivor regions: 0->2(69)
[681.854s][info][gc,heap        ] GC(1524) Old regions: 10->10
[681.854s][info][gc,heap        ] GC(1524) Humongous regions: 2->2
[681.854s][info][gc,metaspace   ] GC(1524) Metaspace: 16651K(16960K)->16651K(16960K) NonClass: 14325K(14464K)->14325K(14464K) Class: 2325K(2496K)->2325K(2496K)
[681.854s][info][gc             ] GC(1524) Pause Young (Concurrent Start) (G1 Evacuation Pause) 554M->7M(1024M) 1.363ms
[681.854s][info][gc,cpu         ] GC(1524) User=0.00s Sys=0.00s Real=0.00s
[681.854s][info][gc             ] GC(1525) Concurrent Mark Cycle
[681.854s][info][gc,marking     ] GC(1525) Concurrent Scan Root Regions
[681.854s][info][gc,marking     ] GC(1525) Concurrent Scan Root Regions 0.189ms
[681.854s][info][gc,marking     ] GC(1525) Concurrent Mark
[681.854s][info][gc,marking     ] GC(1525) Concurrent Mark From Roots
[681.854s][info][gc,task        ] GC(1525) Using 2 workers of 2 for marking
[681.857s][info][gc,marking     ] GC(1525) Concurrent Mark From Roots 3.167ms
[681.857s][info][gc,marking     ] GC(1525) Concurrent Preclean
[681.857s][info][gc,marking     ] GC(1525) Concurrent Preclean 0.022ms
[681.857s][info][gc,start       ] GC(1525) Pause Remark
[681.858s][info][gc             ] GC(1525) Pause Remark 25M->25M(1024M) 1.080ms
[681.859s][info][gc,cpu         ] GC(1525) User=0.00s Sys=0.00s Real=0.00s
[681.859s][info][gc,marking     ] GC(1525) Concurrent Mark 4.543ms
[681.859s][info][gc,marking     ] GC(1525) Concurrent Rebuild Remembered Sets and Scrub Regions
[681.860s][info][gc,marking     ] GC(1525) Concurrent Rebuild Remembered Sets and Scrub Regions 0.994ms
[681.860s][info][gc,start       ] GC(1525) Pause Cleanup
[681.860s][info][gc             ] GC(1525) Pause Cleanup 30M->30M(1024M) 0.125ms
[681.860s][info][gc,cpu         ] GC(1525) User=0.00s Sys=0.00s Real=0.00s
[681.860s][info][gc,marking     ] GC(1525) Concurrent Clear Claimed Marks
[681.860s][info][gc,marking     ] GC(1525) Concurrent Clear Claimed Marks 0.024ms
[681.860s][info][gc,marking     ] GC(1525) Concurrent Cleanup for Next Mark
[681.862s][info][gc,marking     ] GC(1525) Concurrent Cleanup for Next Mark 2.340ms
[681.862s][info][gc             ] GC(1525) Concurrent Mark Cycle 8.611ms
[681.952s][info][gc,start       ] GC(1526) Pause Young (Prepare Mixed) (G1 Evacuation Pause)
[681.952s][info][gc,task        ] GC(1526) Using 6 workers of 6 for evacuation
[681.953s][info][gc,phases      ] GC(1526)   Pre Evacuate Collection Set: 0.2ms
[681.953s][info][gc,phases      ] GC(1526)   Merge Heap Roots: 0.1ms
[681.953s][info][gc,phases      ] GC(1526)   Evacuate Collection Set: 0.3ms
[681.953s][info][gc,phases      ] GC(1526)   Post Evacuate Collection Set: 0.4ms
[681.953s][info][gc,phases      ] GC(1526)   Other: 0.1ms
[681.953s][info][gc,heap        ] GC(1526) Eden regions: 605->0(613)
[681.953s][info][gc,heap        ] GC(1526) Survivor regions: 2->1(76)
[681.953s][info][gc,heap        ] GC(1526) Old regions: 10->10
[681.953s][info][gc,heap        ] GC(1526) Humongous regions: 2->2
[681.953s][info][gc,metaspace   ] GC(1526) Metaspace: 16651K(16960K)->16651K(16960K) NonClass: 14325K(14464K)->14325K(14464K) Class: 2325K(2496K)->2325K(2496K)
[681.953s][info][gc             ] GC(1526) Pause Young (Prepare Mixed) (G1 Evacuation Pause) 612M->6M(1024M) 1.219ms
[681.953s][info][gc,cpu         ] GC(1526) User=0.00s Sys=0.00s Real=0.00s
[682.053s][info][gc,start       ] GC(1527) Pause Young (Mixed) (G1 Evacuation Pause)
[682.053s][info][gc,task        ] GC(1527) Using 6 workers of 6 for evacuation
[682.055s][info][gc,phases      ] GC(1527)   Pre Evacuate Collection Set: 0.2ms
[682.055s][info][gc,phases      ] GC(1527)   Merge Heap Roots: 0.1ms
[682.055s][info][gc,phases      ] GC(1527)   Evacuate Collection Set: 0.3ms
[682.055s][info][gc,phases      ] GC(1527)   Post Evacuate Collection Set: 0.5ms
[682.055s][info][gc,phases      ] GC(1527)   Other: 0.1ms
[682.055s][info][gc,heap        ] GC(1527) Eden regions: 613->0(613)
[682.055s][info][gc,heap        ] GC(1527) Survivor regions: 1->1(77)
[682.055s][info][gc,heap        ] GC(1527) Old regions: 10->9
[682.055s][info][gc,heap        ] GC(1527) Humongous regions: 2->2
[682.055s][info][gc,metaspace   ] GC(1527) Metaspace: 16651K(16960K)->16651K(16960K) NonClass: 14325K(14464K)->14325K(14464K) Class: 2325K(2496K)->2325K(2496K)
[682.055s][info][gc             ] GC(1527) Pause Young (Mixed) (G1 Evacuation Pause) 619M->6M(1024M) 1.439ms
[682.055s][info][gc,cpu         ] GC(1527) User=0.00s Sys=0.00s Real=0.00s
[682.152s][info][gc,start       ] GC(1528) Pause Young (Concurrent Start) (G1 Evacuation Pause)
[682.152s][info][gc,task        ] GC(1528) Using 6 workers of 6 for evacuation
[682.153s][info][gc,phases      ] GC(1528)   Pre Evacuate Collection Set: 0.2ms
[682.153s][info][gc,phases      ] GC(1528)   Merge Heap Roots: 0.1ms
[682.153s][info][gc,phases      ] GC(1528)   Evacuate Collection Set: 0.4ms
[682.153s][info][gc,phases      ] GC(1528)   Post Evacuate Collection Set: 0.4ms
[682.153s][info][gc,phases      ] GC(1528)   Other: 0.1ms
[682.153s][info][gc,heap        ] GC(1528) Eden regions: 613->0(613)
[682.153s][info][gc,heap        ] GC(1528) Survivor regions: 1->1(77)
[682.153s][info][gc,heap        ] GC(1528) Old regions: 9->9
[682.153s][info][gc,heap        ] GC(1528) Humongous regions: 2->2
[682.153s][info][gc,metaspace   ] GC(1528) Metaspace: 16651K(16960K)->16651K(16960K) NonClass: 14325K(14464K)->14325K(14464K) Class: 2325K(2496K)->2325K(2496K)
[682.153s][info][gc             ] GC(1528) Pause Young (Concurrent Start) (G1 Evacuation Pause) 619M->6M(1024M) 1.302ms
[682.153s][info][gc,cpu         ] GC(1528) User=0.00s Sys=0.00s Real=0.00s
[682.153s][info][gc             ] GC(1529) Concurrent Mark Cycle
[682.153s][info][gc,marking     ] GC(1529) Concurrent Scan Root Regions
[682.154s][info][gc,marking     ] GC(1529) Concurrent Scan Root Regions 0.251ms
[682.154s][info][gc,marking     ] GC(1529) Concurrent Mark
[682.154s][info][gc,marking     ] GC(1529) Concurrent Mark From Roots
[682.154s][info][gc,task        ] GC(1529) Using 2 workers of 2 for marking
[682.157s][info][gc,marking     ] GC(1529) Concurrent Mark From Roots 3.078ms
[682.157s][info][gc,marking     ] GC(1529) Concurrent Preclean
[682.157s][info][gc,marking     ] GC(1529) Concurrent Preclean 0.019ms
[682.157s][info][gc,start       ] GC(1529) Pause Remark
[682.158s][info][gc             ] GC(1529) Pause Remark 23M->23M(1024M) 1.058ms
[682.158s][info][gc,cpu         ] GC(1529) User=0.00s Sys=0.00s Real=0.00s
[682.158s][info][gc,marking     ] GC(1529) Concurrent Mark 4.423ms
[682.158s][info][gc,marking     ] GC(1529) Concurrent Rebuild Remembered Sets and Scrub Regions
[682.159s][info][gc,marking     ] GC(1529) Concurrent Rebuild Remembered Sets and Scrub Regions 1.002ms
[682.159s][info][gc,start       ] GC(1529) Pause Cleanup
[682.160s][info][gc             ] GC(1529) Pause Cleanup 27M->27M(1024M) 0.150ms
[682.160s][info][gc,cpu         ] GC(1529) User=0.00s Sys=0.00s Real=0.00s
[682.160s][info][gc,marking     ] GC(1529) Concurrent Clear Claimed Marks
[682.160s][info][gc,marking     ] GC(1529) Concurrent Clear Claimed Marks 0.026ms
[682.160s][info][gc,marking     ] GC(1529) Concurrent Cleanup for Next Mark
[682.162s][info][gc,marking     ] GC(1529) Concurrent Cleanup for Next Mark 2.434ms
[682.162s][info][gc             ] GC(1529) Concurrent Mark Cycle 8.650ms
[682.274s][info][gc,start       ] GC(1530) Pause Young (Prepare Mixed) (G1 Evacuation Pause)
[682.274s][info][gc,task        ] GC(1530) Using 6 workers of 6 for evacuation
[682.291s][info][gc,phases      ] GC(1530)   Pre Evacuate Collection Set: 0.2ms
[682.291s][info][gc,phases      ] GC(1530)   Merge Heap Roots: 0.1ms
[682.291s][info][gc,phases      ] GC(1530)   Evacuate Collection Set: 15.2ms
[682.291s][info][gc,phases      ] GC(1530)   Post Evacuate Collection Set: 0.6ms
[682.291s][info][gc,phases      ] GC(1530)   Other: 0.1ms
[682.291s][info][gc,heap        ] GC(1530) Eden regions: 613->0(578)
[682.291s][info][gc,heap        ] GC(1530) Survivor regions: 1->36(77)
[682.291s][info][gc,heap        ] GC(1530) Old regions: 7->7
[682.291s][info][gc,heap        ] GC(1530) Humongous regions: 3->3
[682.291s][info][gc,metaspace   ] GC(1530) Metaspace: 16651K(16960K)->16651K(16960K) NonClass: 14325K(14464K)->14325K(14464K) Class: 2325K(2496K)->2325K(2496K)
[682.291s][info][gc             ] GC(1530) Pause Young (Prepare Mixed) (G1 Evacuation Pause) 620M->42M(1024M) 16.435ms
[682.291s][info][gc,cpu         ] GC(1530) User=0.03s Sys=0.00s Real=0.03s
[682.743s][info][gc,start       ] GC(1531) Pause Young (Mixed) (G1 Evacuation Pause)
[682.744s][info][gc,task        ] GC(1531) Using 6 workers of 6 for evacuation
[682.936s][info][gc,phases      ] GC(1531)   Pre Evacuate Collection Set: 0.2ms
[682.936s][info][gc,phases      ] GC(1531)   Merge Heap Roots: 0.1ms
[682.936s][info][gc,phases      ] GC(1531)   Evacuate Collection Set: 185.2ms
[682.936s][info][gc,phases      ] GC(1531)   Post Evacuate Collection Set: 6.7ms
[682.936s][info][gc,phases      ] GC(1531)   Other: 0.1ms
[682.936s][info][gc,heap        ] GC(1531) Eden regions: 578->0(0)
[682.936s][info][gc,heap        ] GC(1531) Survivor regions: 36->77(77)
[682.936s][info][gc,heap        ] GC(1531) Old regions: 7->907
[682.936s][info][gc,heap        ] GC(1531) Humongous regions: 3->3
[682.936s][info][gc,metaspace   ] GC(1531) Metaspace: 16651K(16960K)->16651K(16960K) NonClass: 14325K(14464K)->14325K(14464K) Class: 2325K(2496K)->2325K(2496K)
[682.936s][info][gc             ] GC(1531) Pause Young (Mixed) (G1 Evacuation Pause) (Evacuation Failure) 620M->984M(1024M) 192.385ms
[682.936s][info][gc,cpu         ] GC(1531) User=1.11s Sys=0.00s Real=0.20s
[682.936s][info][gc,ergo        ] Attempting full compaction
[682.936s][info][gc,start       ] GC(1532) Pause Full (G1 Compaction Pause)
[682.936s][info][gc,task        ] GC(1532) Using 6 workers of 6 for full compaction
[682.936s][info][gc,phases,start] GC(1532) Phase 1: Mark live objects
[683.030s][info][gc,phases      ] GC(1532) Phase 1: Mark live objects 93.812ms
[683.030s][info][gc,phases,start] GC(1532) Phase 2: Prepare compaction
[683.034s][info][gc,phases      ] GC(1532) Phase 2: Prepare compaction 3.911ms
[683.034s][info][gc,phases,start] GC(1532) Phase 3: Adjust pointers
[683.061s][info][gc,phases      ] GC(1532) Phase 3: Adjust pointers 26.723ms
[683.061s][info][gc,phases,start] GC(1532) Phase 4: Compact heap
[683.064s][info][gc,phases      ] GC(1532) Phase 4: Compact heap 3.251ms
[683.064s][info][gc,phases,start] GC(1532) Phase 5: Reset Metadata
[683.079s][info][gc,phases      ] GC(1532) Phase 5: Reset Metadata 14.795ms
[683.085s][info][gc,heap        ] GC(1532) Eden regions: 0->0(323)
[683.085s][info][gc,heap        ] GC(1532) Survivor regions: 77->0(77)
[683.085s][info][gc,heap        ] GC(1532) Old regions: 907->416
[683.086s][info][gc,heap        ] GC(1532) Humongous regions: 3->3
[683.086s][info][gc,metaspace   ] GC(1532) Metaspace: 16651K(16960K)->16651K(16960K) NonClass: 14325K(14464K)->14325K(14464K) Class: 2325K(2496K)->2325K(2496K)
[683.086s][info][gc             ] GC(1532) Pause Full (G1 Compaction Pause) 984M->415M(1024M) 149.633ms
[683.086s][info][gc,cpu         ] GC(1532) User=0.53s Sys=0.00s Real=0.14s
[683.102s][info][gc,start       ] GC(1533) Pause Young (Concurrent Start) (G1 Humongous Allocation)
[683.102s][info][gc,task        ] GC(1533) Using 6 workers of 6 for evacuation
[683.112s][info][gc,phases      ] GC(1533)   Pre Evacuate Collection Set: 0.2ms
[683.112s][info][gc,phases      ] GC(1533)   Merge Heap Roots: 0.1ms
[683.112s][info][gc,phases      ] GC(1533)   Evacuate Collection Set: 8.6ms
[683.112s][info][gc,phases      ] GC(1533)   Post Evacuate Collection Set: 0.4ms
[683.112s][info][gc,phases      ] GC(1533)   Other: 0.1ms
[683.112s][info][gc,heap        ] GC(1533) Eden regions: 26->0(292)
[683.112s][info][gc,heap        ] GC(1533) Survivor regions: 0->18(41)
[683.112s][info][gc,heap        ] GC(1533) Old regions: 416->416
[683.112s][info][gc,heap        ] GC(1533) Humongous regions: 3->3
[683.112s][info][gc,metaspace   ] GC(1533) Metaspace: 16651K(16960K)->16651K(16960K) NonClass: 14325K(14464K)->14325K(14464K) Class: 2325K(2496K)->2325K(2496K)
[683.112s][info][gc             ] GC(1533) Pause Young (Concurrent Start) (G1 Humongous Allocation) 441M->433M(1024M) 9.540ms
[683.112s][info][gc             ] GC(1534) Concurrent Mark Cycle
[683.112s][info][gc,cpu         ] GC(1533) User=0.02s Sys=0.00s Real=0.02s
[683.112s][info][gc,marking     ] GC(1534) Concurrent Scan Root Regions
[683.117s][info][gc,marking     ] GC(1534) Concurrent Scan Root Regions 5.163ms
[683.117s][info][gc,marking     ] GC(1534) Concurrent Mark
[683.117s][info][gc,marking     ] GC(1534) Concurrent Mark From Roots
[683.117s][info][gc,task        ] GC(1534) Using 2 workers of 2 for marking
[683.475s][info][gc,marking     ] GC(1534) Concurrent Mark From Roots 357.628ms
[683.475s][info][gc,marking     ] GC(1534) Concurrent Preclean
[683.475s][info][gc,marking     ] GC(1534) Concurrent Preclean 0.044ms
[683.475s][info][gc,start       ] GC(1534) Pause Remark
[683.476s][info][gc             ] GC(1534) Pause Remark 518M->518M(1024M) 1.262ms
[683.476s][info][gc,cpu         ] GC(1534) User=0.00s Sys=0.00s Real=0.00s
[683.476s][info][gc,marking     ] GC(1534) Concurrent Mark 359.135ms
[683.476s][info][gc,marking     ] GC(1534) Concurrent Rebuild Remembered Sets and Scrub Regions
[683.557s][info][gc,marking     ] GC(1534) Concurrent Rebuild Remembered Sets and Scrub Regions 80.688ms
[683.557s][info][gc,start       ] GC(1534) Pause Cleanup
[683.557s][info][gc             ] GC(1534) Pause Cleanup 523M->523M(1024M) 0.200ms
[683.557s][info][gc,cpu         ] GC(1534) User=0.00s Sys=0.00s Real=0.00s
[683.557s][info][gc,marking     ] GC(1534) Concurrent Clear Claimed Marks
[683.557s][info][gc,marking     ] GC(1534) Concurrent Clear Claimed Marks 0.030ms
[683.557s][info][gc,marking     ] GC(1534) Concurrent Cleanup for Next Mark
[683.559s][info][gc,marking     ] GC(1534) Concurrent Cleanup for Next Mark 1.381ms
[683.559s][info][gc             ] GC(1534) Concurrent Mark Cycle 446.966ms
[686.047s][info][gc,start       ] GC(1535) Pause Young (Prepare Mixed) (G1 Evacuation Pause)
[686.047s][info][gc,task        ] GC(1535) Using 6 workers of 6 for evacuation
[686.121s][info][gc,phases      ] GC(1535)   Pre Evacuate Collection Set: 0.2ms
[686.121s][info][gc,phases      ] GC(1535)   Merge Heap Roots: 1.2ms
[686.121s][info][gc,phases      ] GC(1535)   Evacuate Collection Set: 71.3ms
[686.121s][info][gc,phases      ] GC(1535)   Post Evacuate Collection Set: 0.8ms
[686.121s][info][gc,phases      ] GC(1535)   Other: 0.1ms
[686.121s][info][gc,heap        ] GC(1535) Eden regions: 292->0(245)
[686.121s][info][gc,heap        ] GC(1535) Survivor regions: 18->39(39)
[686.121s][info][gc,heap        ] GC(1535) Old regions: 416->487
[686.121s][info][gc,heap        ] GC(1535) Humongous regions: 4->4
[686.121s][info][gc,metaspace   ] GC(1535) Metaspace: 16651K(16960K)->16651K(16960K) NonClass: 14325K(14464K)->14325K(14464K) Class: 2325K(2496K)->2325K(2496K)
[686.121s][info][gc             ] GC(1535) Pause Young (Prepare Mixed) (G1 Evacuation Pause) 726M->525M(1024M) 73.776ms
[686.121s][info][gc,cpu         ] GC(1535) User=0.39s Sys=0.00s Real=0.08s
[686.259s][info][gc,start       ] GC(1536) Pause Young (Mixed) (G1 Evacuation Pause)
[686.259s][info][gc,task        ] GC(1536) Using 6 workers of 6 for evacuation
[686.334s][info][gc,phases      ] GC(1536)   Pre Evacuate Collection Set: 0.4ms
[686.334s][info][gc,phases      ] GC(1536)   Merge Heap Roots: 1.0ms
[686.334s][info][gc,phases      ] GC(1536)   Evacuate Collection Set: 73.5ms
[686.334s][info][gc,phases      ] GC(1536)   Post Evacuate Collection Set: 0.3ms
[686.335s][info][gc,phases      ] GC(1536)   Other: 0.1ms
[686.335s][info][gc,heap        ] GC(1536) Eden regions: 245->0(189)
[686.335s][info][gc,heap        ] GC(1536) Survivor regions: 39->36(36)
[686.335s][info][gc,heap        ] GC(1536) Old regions: 487->593
[686.335s][info][gc,heap        ] GC(1536) Humongous regions: 4->4
[686.335s][info][gc,metaspace   ] GC(1536) Metaspace: 16651K(16960K)->16651K(16960K) NonClass: 14325K(14464K)->14325K(14464K) Class: 2325K(2496K)->2325K(2496K)
[686.335s][info][gc             ] GC(1536) Pause Young (Mixed) (G1 Evacuation Pause) 770M->630M(1024M) 75.602ms
[686.335s][info][gc,cpu         ] GC(1536) User=0.41s Sys=0.00s Real=0.09s
[686.446s][info][gc,start       ] GC(1537) Pause Young (Concurrent Start) (G1 Evacuation Pause)
[686.447s][info][gc,task        ] GC(1537) Using 6 workers of 6 for evacuation
[686.503s][info][gc,phases      ] GC(1537)   Pre Evacuate Collection Set: 0.4ms
[686.503s][info][gc,phases      ] GC(1537)   Merge Heap Roots: 0.1ms
[686.503s][info][gc,phases      ] GC(1537)   Evacuate Collection Set: 54.9ms
[686.503s][info][gc,phases      ] GC(1537)   Post Evacuate Collection Set: 0.4ms
[686.503s][info][gc,phases      ] GC(1537)   Other: 0.2ms
[686.503s][info][gc,heap        ] GC(1537) Eden regions: 189->0(149)
[686.503s][info][gc,heap        ] GC(1537) Survivor regions: 36->29(29)
[686.503s][info][gc,heap        ] GC(1537) Old regions: 593->681
[686.503s][info][gc,heap        ] GC(1537) Humongous regions: 4->4
[686.503s][info][gc,metaspace   ] GC(1537) Metaspace: 16651K(16960K)->16651K(16960K) NonClass: 14325K(14464K)->14325K(14464K) Class: 2325K(2496K)->2325K(2496K)
[686.503s][info][gc             ] GC(1537) Pause Young (Concurrent Start) (G1 Evacuation Pause) 819M->710M(1024M) 56.191ms
[686.503s][info][gc             ] GC(1538) Concurrent Mark Cycle
[686.503s][info][gc,cpu         ] GC(1537) User=0.30s Sys=0.00s Real=0.06s
[686.503s][info][gc,marking     ] GC(1538) Concurrent Scan Root Regions
[686.532s][info][gc,marking     ] GC(1538) Concurrent Scan Root Regions 28.892ms
[686.532s][info][gc,marking     ] GC(1538) Concurrent Mark
[686.532s][info][gc,marking     ] GC(1538) Concurrent Mark From Roots
[686.532s][info][gc,task        ] GC(1538) Using 2 workers of 2 for marking
[686.605s][info][gc,start       ] GC(1539) Pause Young (Normal) (G1 Evacuation Pause)
[686.606s][info][gc,task        ] GC(1539) Using 6 workers of 6 for evacuation
[686.650s][info][gc,phases      ] GC(1539)   Pre Evacuate Collection Set: 0.2ms
[686.650s][info][gc,phases      ] GC(1539)   Merge Heap Roots: 0.1ms
[686.650s][info][gc,phases      ] GC(1539)   Evacuate Collection Set: 43.9ms
[686.650s][info][gc,phases      ] GC(1539)   Post Evacuate Collection Set: 0.4ms
[686.650s][info][gc,phases      ] GC(1539)   Other: 0.1ms
[686.650s][info][gc,heap        ] GC(1539) Eden regions: 149->0(118)
[686.650s][info][gc,heap        ] GC(1539) Survivor regions: 29->23(23)
[686.650s][info][gc,heap        ] GC(1539) Old regions: 681->751
[686.650s][info][gc,heap        ] GC(1539) Humongous regions: 4->4
[686.650s][info][gc,metaspace   ] GC(1539) Metaspace: 16651K(16960K)->16651K(16960K) NonClass: 14325K(14464K)->14325K(14464K) Class: 2325K(2496K)->2325K(2496K)
[686.650s][info][gc             ] GC(1539) Pause Young (Normal) (G1 Evacuation Pause) 859M->775M(1024M) 44.914ms
[686.650s][info][gc,cpu         ] GC(1539) User=0.11s Sys=0.00s Real=0.05s
[686.686s][info][gc,marking     ] GC(1538) Concurrent Mark From Roots 153.798ms
[686.686s][info][gc,marking     ] GC(1538) Concurrent Preclean
[686.686s][info][gc,marking     ] GC(1538) Concurrent Preclean 0.053ms
[686.686s][info][gc,start       ] GC(1538) Pause Remark
[686.687s][info][gc             ] GC(1538) Pause Remark 829M->417M(1024M) 1.479ms
[686.687s][info][gc,cpu         ] GC(1538) User=0.00s Sys=0.00s Real=0.00s
[686.687s][info][gc,marking     ] GC(1538) Concurrent Mark 155.592ms
[686.687s][info][gc,marking     ] GC(1538) Concurrent Rebuild Remembered Sets and Scrub Regions
[686.729s][info][gc,start       ] GC(1540) Pause Young (Normal) (G1 Evacuation Pause)
[686.729s][info][gc,task        ] GC(1540) Using 6 workers of 6 for evacuation
[686.765s][info][gc,phases      ] GC(1540)   Pre Evacuate Collection Set: 0.2ms
[686.767s][info][gc,phases      ] GC(1540)   Merge Heap Roots: 0.1ms
[686.767s][info][gc,phases      ] GC(1540)   Evacuate Collection Set: 34.7ms
[686.767s][info][gc,phases      ] GC(1540)   Post Evacuate Collection Set: 0.6ms
[686.767s][info][gc,phases      ] GC(1540)   Other: 0.1ms
[686.767s][info][gc,heap        ] GC(1540) Eden regions: 118->0(305)
[686.767s][info][gc,heap        ] GC(1540) Survivor regions: 23->18(18)
[686.767s][info][gc,heap        ] GC(1540) Old regions: 339->396
[686.767s][info][gc,heap        ] GC(1540) Humongous regions: 2->2
[686.767s][info][gc,metaspace   ] GC(1540) Metaspace: 16651K(16960K)->16651K(16960K) NonClass: 14325K(14464K)->14325K(14464K) Class: 2325K(2496K)->2325K(2496K)
[686.767s][info][gc             ] GC(1540) Pause Young (Normal) (G1 Evacuation Pause) 481M->415M(1024M) 37.776ms
[686.767s][info][gc,cpu         ] GC(1540) User=0.14s Sys=0.00s Real=0.05s
[686.834s][info][gc,marking     ] GC(1538) Concurrent Rebuild Remembered Sets and Scrub Regions 146.666ms
[686.834s][info][gc,start       ] GC(1538) Pause Cleanup
[686.834s][info][gc             ] GC(1538) Pause Cleanup 507M->507M(1024M) 0.279ms
[686.834s][info][gc,cpu         ] GC(1538) User=0.00s Sys=0.00s Real=0.00s
[686.834s][info][gc,marking     ] GC(1538) Concurrent Clear Claimed Marks
[686.834s][info][gc,marking     ] GC(1538) Concurrent Clear Claimed Marks 0.026ms
[686.834s][info][gc,marking     ] GC(1538) Concurrent Cleanup for Next Mark
[686.836s][info][gc,marking     ] GC(1538) Concurrent Cleanup for Next Mark 1.282ms
[686.836s][info][gc             ] GC(1538) Concurrent Mark Cycle 333.086ms
[687.371s][info][gc,start       ] GC(1541) Pause Young (Prepare Mixed) (G1 Evacuation Pause)
[687.372s][info][gc,task        ] GC(1541) Using 6 workers of 6 for evacuation
[687.446s][info][gc,phases      ] GC(1541)   Pre Evacuate Collection Set: 0.3ms
[687.446s][info][gc,phases      ] GC(1541)   Merge Heap Roots: 2.1ms
[687.446s][info][gc,phases      ] GC(1541)   Evacuate Collection Set: 70.8ms
[687.446s][info][gc,phases      ] GC(1541)   Post Evacuate Collection Set: 1.0ms
[687.446s][info][gc,phases      ] GC(1541)   Other: 0.1ms
[687.446s][info][gc,heap        ] GC(1541) Eden regions: 305->0(273)
[687.446s][info][gc,heap        ] GC(1541) Survivor regions: 18->41(41)
[687.446s][info][gc,heap        ] GC(1541) Old regions: 396->443
[687.446s][info][gc,heap        ] GC(1541) Humongous regions: 8->8
[687.446s][info][gc,metaspace   ] GC(1541) Metaspace: 16651K(16960K)->16651K(16960K) NonClass: 14325K(14464K)->14325K(14464K) Class: 2325K(2496K)->2325K(2496K)
[687.446s][info][gc             ] GC(1541) Pause Young (Prepare Mixed) (G1 Evacuation Pause) 726M->491M(1024M) 74.577ms
[687.446s][info][gc,cpu         ] GC(1541) User=0.38s Sys=0.00s Real=0.09s
[687.930s][info][gc,start       ] GC(1542) Pause Young (Mixed) (G1 Evacuation Pause)
[687.930s][info][gc,task        ] GC(1542) Using 6 workers of 6 for evacuation
[687.961s][info][gc,phases      ] GC(1542)   Pre Evacuate Collection Set: 0.2ms
[687.961s][info][gc,phases      ] GC(1542)   Merge Heap Roots: 1.2ms
[687.961s][info][gc,phases      ] GC(1542)   Evacuate Collection Set: 28.9ms
[687.961s][info][gc,phases      ] GC(1542)   Post Evacuate Collection Set: 0.6ms
[687.962s][info][gc,phases      ] GC(1542)   Other: 0.1ms
[687.962s][info][gc,heap        ] GC(1542) Eden regions: 273->0(308)
[687.962s][info][gc,heap        ] GC(1542) Survivor regions: 41->3(40)
[687.962s][info][gc,heap        ] GC(1542) Old regions: 443->465
[687.962s][info][gc,heap        ] GC(1542) Humongous regions: 8->8
[687.962s][info][gc,metaspace   ] GC(1542) Metaspace: 16651K(16960K)->16651K(16960K) NonClass: 14325K(14464K)->14325K(14464K) Class: 2325K(2496K)->2325K(2496K)
[687.962s][info][gc             ] GC(1542) Pause Young (Mixed) (G1 Evacuation Pause) 764M->475M(1024M) 31.233ms
[687.962s][info][gc,cpu         ] GC(1542) User=0.09s Sys=0.00s Real=0.03s
[688.801s][info][gc,start       ] GC(1543) Pause Full (System.gc())
[688.801s][info][gc,task        ] GC(1543) Using 6 workers of 6 for full compaction
[688.802s][info][gc,phases,start] GC(1543) Phase 1: Mark live objects
[688.804s][info][gc,phases      ] GC(1543) Phase 1: Mark live objects 2.555ms
[688.804s][info][gc,phases,start] GC(1543) Phase 2: Prepare compaction
[688.805s][info][gc,phases      ] GC(1543) Phase 2: Prepare compaction 0.703ms
[688.805s][info][gc,phases,start] GC(1543) Phase 3: Adjust pointers
[688.807s][info][gc,phases      ] GC(1543) Phase 3: Adjust pointers 2.187ms
[688.807s][info][gc,phases,start] GC(1543) Phase 4: Compact heap
[688.808s][info][gc,phases      ] GC(1543) Phase 4: Compact heap 0.639ms
[688.808s][info][gc,phases,start] GC(1543) Phase 5: Reset Metadata
[688.809s][info][gc,phases      ] GC(1543) Phase 5: Reset Metadata 0.666ms
[688.812s][info][gc,heap        ] GC(1543) Eden regions: 170->0(551)
[688.812s][info][gc,heap        ] GC(1543) Survivor regions: 3->0(40)
[688.812s][info][gc,heap        ] GC(1543) Old regions: 465->9
[688.812s][info][gc,heap        ] GC(1543) Humongous regions: 8->2
[688.812s][info][gc,metaspace   ] GC(1543) Metaspace: 16651K(16960K)->16651K(16960K) NonClass: 14325K(14464K)->14325K(14464K) Class: 2325K(2496K)->2325K(2496K)
[688.812s][info][gc             ] GC(1543) Pause Full (System.gc()) 645M->5M(1024M) 11.146ms
[688.812s][info][gc,cpu         ] GC(1543) User=0.00s Sys=0.00s Real=0.00s
[689.942s][info][gc,start       ] GC(1544) Pause Young (Concurrent Start) (G1 Evacuation Pause)
[689.942s][info][gc,task        ] GC(1544) Using 6 workers of 6 for evacuation
[689.943s][info][gc,phases      ] GC(1544)   Pre Evacuate Collection Set: 0.2ms
[689.943s][info][gc,phases      ] GC(1544)   Merge Heap Roots: 0.1ms
[689.943s][info][gc,phases      ] GC(1544)   Evacuate Collection Set: 0.4ms
[689.943s][info][gc,phases      ] GC(1544)   Post Evacuate Collection Set: 0.4ms
[689.943s][info][gc,phases      ] GC(1544)   Other: 0.1ms
[689.943s][info][gc,heap        ] GC(1544) Eden regions: 551->0(607)
[689.943s][info][gc,heap        ] GC(1544) Survivor regions: 0->2(69)
[689.943s][info][gc,heap        ] GC(1544) Old regions: 9->9
[689.943s][info][gc,heap        ] GC(1544) Humongous regions: 2->2
[689.943s][info][gc,metaspace   ] GC(1544) Metaspace: 16651K(16960K)->16651K(16960K) NonClass: 14325K(14464K)->14325K(14464K) Class: 2325K(2496K)->2325K(2496K)
[689.943s][info][gc             ] GC(1544) Pause Young (Concurrent Start) (G1 Evacuation Pause) 556M->7M(1024M) 1.331ms
[689.943s][info][gc,cpu         ] GC(1544) User=0.00s Sys=0.00s Real=0.00s
[689.943s][info][gc             ] GC(1545) Concurrent Mark Cycle
[689.943s][info][gc,marking     ] GC(1545) Concurrent Scan Root Regions
[689.943s][info][gc,marking     ] GC(1545) Concurrent Scan Root Regions 0.170ms
[689.943s][info][gc,marking     ] GC(1545) Concurrent Mark
[689.943s][info][gc,marking     ] GC(1545) Concurrent Mark From Roots
[689.943s][info][gc,task        ] GC(1545) Using 2 workers of 2 for marking
[689.946s][info][gc,marking     ] GC(1545) Concurrent Mark From Roots 3.012ms
[689.946s][info][gc,marking     ] GC(1545) Concurrent Preclean
[689.946s][info][gc,marking     ] GC(1545) Concurrent Preclean 0.020ms
[689.947s][info][gc,start       ] GC(1545) Pause Remark
[689.948s][info][gc             ] GC(1545) Pause Remark 24M->24M(1024M) 1.044ms
[689.948s][info][gc,cpu         ] GC(1545) User=0.00s Sys=0.00s Real=0.00s
[689.948s][info][gc,marking     ] GC(1545) Concurrent Mark 4.347ms
[689.948s][info][gc,marking     ] GC(1545) Concurrent Rebuild Remembered Sets and Scrub Regions
[689.949s][info][gc,marking     ] GC(1545) Concurrent Rebuild Remembered Sets and Scrub Regions 1.002ms
[689.949s][info][gc,start       ] GC(1545) Pause Cleanup
[689.949s][info][gc             ] GC(1545) Pause Cleanup 29M->29M(1024M) 0.123ms
[689.949s][info][gc,cpu         ] GC(1545) User=0.00s Sys=0.00s Real=0.00s
[689.949s][info][gc,marking     ] GC(1545) Concurrent Clear Claimed Marks
[689.949s][info][gc,marking     ] GC(1545) Concurrent Clear Claimed Marks 0.022ms
[689.949s][info][gc,marking     ] GC(1545) Concurrent Cleanup for Next Mark
[689.951s][info][gc,marking     ] GC(1545) Concurrent Cleanup for Next Mark 2.432ms
[689.952s][info][gc             ] GC(1545) Concurrent Mark Cycle 8.460ms
[690.045s][info][gc,start       ] GC(1546) Pause Young (Prepare Mixed) (G1 Evacuation Pause)
[690.045s][info][gc,task        ] GC(1546) Using 6 workers of 6 for evacuation
[690.047s][info][gc,phases      ] GC(1546)   Pre Evacuate Collection Set: 0.2ms
[690.047s][info][gc,phases      ] GC(1546)   Merge Heap Roots: 0.1ms
[690.047s][info][gc,phases      ] GC(1546)   Evacuate Collection Set: 0.4ms
[690.047s][info][gc,phases      ] GC(1546)   Post Evacuate Collection Set: 0.4ms
[690.047s][info][gc,phases      ] GC(1546)   Other: 0.1ms
[690.047s][info][gc,heap        ] GC(1546) Eden regions: 607->0(613)
[690.047s][info][gc,heap        ] GC(1546) Survivor regions: 2->1(77)
[690.047s][info][gc,heap        ] GC(1546) Old regions: 8->8
[690.047s][info][gc,heap        ] GC(1546) Humongous regions: 2->2
[690.047s][info][gc,metaspace   ] GC(1546) Metaspace: 16651K(16960K)->16651K(16960K) NonClass: 14325K(14464K)->14325K(14464K) Class: 2325K(2496K)->2325K(2496K)
[690.047s][info][gc             ] GC(1546) Pause Young (Prepare Mixed) (G1 Evacuation Pause) 614M->6M(1024M) 1.533ms
[690.047s][info][gc,cpu         ] GC(1546) User=0.00s Sys=0.00s Real=0.00s
[690.142s][info][gc,start       ] GC(1547) Pause Young (Mixed) (G1 Evacuation Pause)
[690.142s][info][gc,task        ] GC(1547) Using 6 workers of 6 for evacuation
[690.143s][info][gc,phases      ] GC(1547)   Pre Evacuate Collection Set: 0.2ms
[690.143s][info][gc,phases      ] GC(1547)   Merge Heap Roots: 0.1ms
[690.143s][info][gc,phases      ] GC(1547)   Evacuate Collection Set: 0.3ms
[690.143s][info][gc,phases      ] GC(1547)   Post Evacuate Collection Set: 0.3ms
[690.143s][info][gc,phases      ] GC(1547)   Other: 0.1ms
[690.143s][info][gc,heap        ] GC(1547) Eden regions: 613->0(613)
[690.143s][info][gc,heap        ] GC(1547) Survivor regions: 1->1(77)
[690.143s][info][gc,heap        ] GC(1547) Old regions: 8->7
[690.143s][info][gc,heap        ] GC(1547) Humongous regions: 2->2
[690.144s][info][gc,metaspace   ] GC(1547) Metaspace: 16651K(16960K)->16651K(16960K) NonClass: 14325K(14464K)->14325K(14464K) Class: 2325K(2496K)->2325K(2496K)
[690.144s][info][gc             ] GC(1547) Pause Young (Mixed) (G1 Evacuation Pause) 619M->6M(1024M) 1.168ms
[690.144s][info][gc,cpu         ] GC(1547) User=0.00s Sys=0.00s Real=0.00s
[690.238s][info][gc,start       ] GC(1548) Pause Young (Concurrent Start) (G1 Evacuation Pause)
[690.238s][info][gc,task        ] GC(1548) Using 6 workers of 6 for evacuation
[690.239s][info][gc,phases      ] GC(1548)   Pre Evacuate Collection Set: 0.2ms
[690.239s][info][gc,phases      ] GC(1548)   Merge Heap Roots: 0.1ms
[690.239s][info][gc,phases      ] GC(1548)   Evacuate Collection Set: 0.3ms
[690.239s][info][gc,phases      ] GC(1548)   Post Evacuate Collection Set: 0.3ms
[690.239s][info][gc,phases      ] GC(1548)   Other: 0.1ms
[690.239s][info][gc,heap        ] GC(1548) Eden regions: 613->0(613)
[690.239s][info][gc,heap        ] GC(1548) Survivor regions: 1->1(77)
[690.239s][info][gc,heap        ] GC(1548) Old regions: 7->7
[690.239s][info][gc,heap        ] GC(1548) Humongous regions: 2->2
[690.239s][info][gc,metaspace   ] GC(1548) Metaspace: 16651K(16960K)->16651K(16960K) NonClass: 14325K(14464K)->14325K(14464K) Class: 2325K(2496K)->2325K(2496K)
[690.239s][info][gc             ] GC(1548) Pause Young (Concurrent Start) (G1 Evacuation Pause) 619M->6M(1024M) 1.240ms
[690.239s][info][gc,cpu         ] GC(1548) User=0.00s Sys=0.00s Real=0.00s
[690.239s][info][gc             ] GC(1549) Concurrent Mark Cycle
[690.239s][info][gc,marking     ] GC(1549) Concurrent Scan Root Regions
[690.240s][info][gc,marking     ] GC(1549) Concurrent Scan Root Regions 0.296ms
[690.240s][info][gc,marking     ] GC(1549) Concurrent Mark
[690.240s][info][gc,marking     ] GC(1549) Concurrent Mark From Roots
[690.240s][info][gc,task        ] GC(1549) Using 2 workers of 2 for marking
[690.243s][info][gc,marking     ] GC(1549) Concurrent Mark From Roots 3.247ms
[690.243s][info][gc,marking     ] GC(1549) Concurrent Preclean
[690.243s][info][gc,marking     ] GC(1549) Concurrent Preclean 0.020ms
[690.243s][info][gc,start       ] GC(1549) Pause Remark
[690.244s][info][gc             ] GC(1549) Pause Remark 24M->24M(1024M) 1.103ms
[690.244s][info][gc,cpu         ] GC(1549) User=0.00s Sys=0.00s Real=0.00s
[690.244s][info][gc,marking     ] GC(1549) Concurrent Mark 4.636ms
[690.244s][info][gc,marking     ] GC(1549) Concurrent Rebuild Remembered Sets and Scrub Regions
[690.245s][info][gc,marking     ] GC(1549) Concurrent Rebuild Remembered Sets and Scrub Regions 0.997ms
[690.245s][info][gc,start       ] GC(1549) Pause Cleanup
[690.246s][info][gc             ] GC(1549) Pause Cleanup 30M->30M(1024M) 0.111ms
[690.246s][info][gc,cpu         ] GC(1549) User=0.00s Sys=0.00s Real=0.00s
[690.246s][info][gc,marking     ] GC(1549) Concurrent Clear Claimed Marks
[690.246s][info][gc,marking     ] GC(1549) Concurrent Clear Claimed Marks 0.026ms
[690.246s][info][gc,marking     ] GC(1549) Concurrent Cleanup for Next Mark
[690.248s][info][gc,marking     ] GC(1549) Concurrent Cleanup for Next Mark 2.386ms
[690.248s][info][gc             ] GC(1549) Concurrent Mark Cycle 8.837ms
[690.362s][info][gc,start       ] GC(1550) Pause Young (Prepare Mixed) (G1 Evacuation Pause)
[690.362s][info][gc,task        ] GC(1550) Using 6 workers of 6 for evacuation
[690.380s][info][gc,phases      ] GC(1550)   Pre Evacuate Collection Set: 0.2ms
[690.380s][info][gc,phases      ] GC(1550)   Merge Heap Roots: 0.1ms
[690.380s][info][gc,phases      ] GC(1550)   Evacuate Collection Set: 17.1ms
[690.380s][info][gc,phases      ] GC(1550)   Post Evacuate Collection Set: 0.5ms
[690.380s][info][gc,phases      ] GC(1550)   Other: 0.1ms
[690.380s][info][gc,heap        ] GC(1550) Eden regions: 613->0(574)
[690.380s][info][gc,heap        ] GC(1550) Survivor regions: 1->40(77)
[690.380s][info][gc,heap        ] GC(1550) Old regions: 7->7
[690.380s][info][gc,heap        ] GC(1550) Humongous regions: 3->3
[690.380s][info][gc,metaspace   ] GC(1550) Metaspace: 16651K(16960K)->16651K(16960K) NonClass: 14325K(14464K)->14325K(14464K) Class: 2325K(2496K)->2325K(2496K)
[690.380s][info][gc             ] GC(1550) Pause Young (Prepare Mixed) (G1 Evacuation Pause) 620M->46M(1024M) 18.138ms
[690.380s][info][gc,cpu         ] GC(1550) User=0.00s Sys=0.00s Real=0.00s
[690.826s][info][gc,start       ] GC(1551) Pause Young (Mixed) (G1 Evacuation Pause)
[690.826s][info][gc,task        ] GC(1551) Using 6 workers of 6 for evacuation
[691.017s][info][gc,phases      ] GC(1551)   Pre Evacuate Collection Set: 0.1ms
[691.018s][info][gc,phases      ] GC(1551)   Merge Heap Roots: 0.1ms
[691.018s][info][gc,phases      ] GC(1551)   Evacuate Collection Set: 183.3ms
[691.018s][info][gc,phases      ] GC(1551)   Post Evacuate Collection Set: 7.7ms
[691.018s][info][gc,phases      ] GC(1551)   Other: 0.1ms
[691.018s][info][gc,heap        ] GC(1551) Eden regions: 574->0(0)
[691.018s][info][gc,heap        ] GC(1551) Survivor regions: 40->77(77)
[691.018s][info][gc,heap        ] GC(1551) Old regions: 7->900
[691.018s][info][gc,heap        ] GC(1551) Humongous regions: 3->3
[691.018s][info][gc,metaspace   ] GC(1551) Metaspace: 16651K(16960K)->16651K(16960K) NonClass: 14325K(14464K)->14325K(14464K) Class: 2325K(2496K)->2325K(2496K)
[691.018s][info][gc             ] GC(1551) Pause Young (Mixed) (G1 Evacuation Pause) (Evacuation Failure) 620M->977M(1024M) 191.493ms
[691.018s][info][gc,cpu         ] GC(1551) User=1.08s Sys=0.00s Real=0.19s
[691.018s][info][gc,ergo        ] Attempting full compaction
[691.018s][info][gc,start       ] GC(1552) Pause Full (G1 Compaction Pause)
[691.018s][info][gc,task        ] GC(1552) Using 6 workers of 6 for full compaction
[691.018s][info][gc,phases,start] GC(1552) Phase 1: Mark live objects
[691.120s][info][gc,phases      ] GC(1552) Phase 1: Mark live objects 101.747ms
[691.120s][info][gc,phases,start] GC(1552) Phase 2: Prepare compaction
[691.124s][info][gc,phases      ] GC(1552) Phase 2: Prepare compaction 4.632ms
[691.124s][info][gc,phases,start] GC(1552) Phase 3: Adjust pointers
[691.149s][info][gc,phases      ] GC(1552) Phase 3: Adjust pointers 24.626ms
[691.149s][info][gc,phases,start] GC(1552) Phase 4: Compact heap
[691.152s][info][gc,phases      ] GC(1552) Phase 4: Compact heap 3.152ms
[691.152s][info][gc,phases,start] GC(1552) Phase 5: Reset Metadata
[691.166s][info][gc,phases      ] GC(1552) Phase 5: Reset Metadata 13.475ms
[691.172s][info][gc,heap        ] GC(1552) Eden regions: 0->0(324)
[691.172s][info][gc,heap        ] GC(1552) Survivor regions: 77->0(77)
[691.172s][info][gc,heap        ] GC(1552) Old regions: 900->416
[691.172s][info][gc,heap        ] GC(1552) Humongous regions: 3->3
[691.172s][info][gc,metaspace   ] GC(1552) Metaspace: 16651K(16960K)->16651K(16960K) NonClass: 14325K(14464K)->14325K(14464K) Class: 2325K(2496K)->2325K(2496K)
[691.172s][info][gc             ] GC(1552) Pause Full (G1 Compaction Pause) 977M->416M(1024M) 154.242ms
[691.172s][info][gc,cpu         ] GC(1552) User=0.61s Sys=0.00s Real=0.16s
[691.188s][info][gc,start       ] GC(1553) Pause Young (Concurrent Start) (G1 Humongous Allocation)
[691.188s][info][gc,task        ] GC(1553) Using 6 workers of 6 for evacuation
[691.196s][info][gc,phases      ] GC(1553)   Pre Evacuate Collection Set: 0.2ms
[691.196s][info][gc,phases      ] GC(1553)   Merge Heap Roots: 0.1ms
[691.196s][info][gc,phases      ] GC(1553)   Evacuate Collection Set: 7.4ms
[691.196s][info][gc,phases      ] GC(1553)   Post Evacuate Collection Set: 0.3ms
[691.196s][info][gc,phases      ] GC(1553)   Other: 0.1ms
[691.196s][info][gc,heap        ] GC(1553) Eden regions: 24->0(292)
[691.197s][info][gc,heap        ] GC(1553) Survivor regions: 0->18(41)
[691.197s][info][gc,heap        ] GC(1553) Old regions: 416->416
[691.197s][info][gc,heap        ] GC(1553) Humongous regions: 3->3
[691.197s][info][gc,metaspace   ] GC(1553) Metaspace: 16651K(16960K)->16651K(16960K) NonClass: 14325K(14464K)->14325K(14464K) Class: 2325K(2496K)->2325K(2496K)
[691.197s][info][gc             ] GC(1553) Pause Young (Concurrent Start) (G1 Humongous Allocation) 440M->434M(1024M) 8.242ms
[691.197s][info][gc             ] GC(1554) Concurrent Mark Cycle
[691.197s][info][gc,cpu         ] GC(1553) User=0.00s Sys=0.00s Real=0.00s
[691.197s][info][gc,marking     ] GC(1554) Concurrent Scan Root Regions
[691.202s][info][gc,marking     ] GC(1554) Concurrent Scan Root Regions 4.920ms
[691.202s][info][gc,marking     ] GC(1554) Concurrent Mark
[691.202s][info][gc,marking     ] GC(1554) Concurrent Mark From Roots
[691.202s][info][gc,task        ] GC(1554) Using 2 workers of 2 for marking
[691.555s][info][gc,marking     ] GC(1554) Concurrent Mark From Roots 353.760ms
[691.555s][info][gc,marking     ] GC(1554) Concurrent Preclean
[691.555s][info][gc,marking     ] GC(1554) Concurrent Preclean 0.046ms
[691.556s][info][gc,start       ] GC(1554) Pause Remark
[691.557s][info][gc             ] GC(1554) Pause Remark 524M->524M(1024M) 1.050ms
[691.557s][info][gc,cpu         ] GC(1554) User=0.00s Sys=0.00s Real=0.00s
[691.557s][info][gc,marking     ] GC(1554) Concurrent Mark 355.070ms
[691.557s][info][gc,marking     ] GC(1554) Concurrent Rebuild Remembered Sets and Scrub Regions
[691.638s][info][gc,marking     ] GC(1554) Concurrent Rebuild Remembered Sets and Scrub Regions 81.410ms
[691.638s][info][gc,start       ] GC(1554) Pause Cleanup
