[0.009s][info][gc,heap] Heap region size: 4M
[0.036s][info][gc     ] Using G1
[0.036s][info][gc,heap,coops] Heap address: 0x0000000600000000, size: 8192 MB, Compressed Oops mode: Zero based, Oop shift amount: 3
[1.993s][info][gc,start     ] GC(0) Pause Young (Normal) (G1 Evacuation Pause)
[1.994s][info][gc,task      ] GC(0) Using 6 workers of 6 for evacuation
[2.031s][info][gc,phases    ] GC(0)   Pre Evacuate Collection Set: 0.1ms
[2.031s][info][gc,phases    ] GC(0)   Evacuate Collection Set: 36.1ms
[2.031s][info][gc,phases    ] GC(0)   Post Evacuate Collection Set: 0.8ms
[2.031s][info][gc,phases    ] GC(0)   Other: 0.8ms
[2.031s][info][gc,heap      ] GC(0) Eden regions: 102->0(89)
[2.033s][info][gc,heap      ] GC(0) Survivor regions: 0->13(13)
[2.033s][info][gc,heap      ] GC(0) Old regions: 0->2
[2.033s][info][gc,heap      ] GC(0) Humongous regions: 2->2
[2.033s][info][gc,metaspace ] GC(0) Metaspace: 19133K(19840K)->19133K(19840K) NonClass: 16977K(17408K)->16977K(17408K) Class: 2156K(2432K)->2156K(2432K)
[2.033s][info][gc           ] GC(0) Pause Young (Normal) (G1 Evacuation Pause) 416M->67M(8192M) 40.365ms
[2.034s][info][gc,cpu       ] GC(0) User=0.08s Sys=0.00s Real=0.03s
[2.098s][info][gc,task      ] GC(1) Using 6 workers of 6 for full compaction
[2.098s][info][gc,start     ] GC(1) Pause Full (System.gc())
[2.098s][info][gc,phases,start] GC(1) Phase 1: Mark live objects
[2.116s][info][gc,stringtable ] GC(1) Cleaned string and symbol table, strings: 5596 processed, 11 removed, symbols: 52739 processed, 6 removed
[2.116s][info][gc,phases      ] GC(1) Phase 1: Mark live objects 18.273ms
[2.116s][info][gc,phases,start] GC(1) Phase 2: Prepare for compaction
[2.129s][info][gc,phases      ] GC(1) Phase 2: Prepare for compaction 13.001ms
[2.129s][info][gc,phases,start] GC(1) Phase 3: Adjust pointers
[2.145s][info][gc,phases      ] GC(1) Phase 3: Adjust pointers 15.998ms
[2.145s][info][gc,phases,start] GC(1) Phase 4: Compact heap
[2.160s][info][gc,phases      ] GC(1) Phase 4: Compact heap 14.665ms
[2.162s][info][gc,heap        ] GC(1) Eden regions: 12->0(102)
[2.162s][info][gc,heap        ] GC(1) Survivor regions: 13->0(13)
[2.162s][info][gc,heap        ] GC(1) Old regions: 2->20
[2.162s][info][gc,heap        ] GC(1) Humongous regions: 3->2
[2.162s][info][gc,metaspace   ] GC(1) Metaspace: 19145K(19840K)->19145K(19840K) NonClass: 16988K(17408K)->16988K(17408K) Class: 2157K(2432K)->2157K(2432K)
[2.162s][info][gc             ] GC(1) Pause Full (System.gc()) 119M->76M(8192M) 64.016ms
[2.162s][info][gc,cpu         ] GC(1) User=0.12s Sys=0.02s Real=0.06s
[2.579s][info][gc,start       ] GC(2) Pause Young (Normal) (G1 Evacuation Pause)
[2.579s][info][gc,task        ] GC(2) Using 6 workers of 6 for evacuation
[2.584s][info][gc,phases      ] GC(2)   Pre Evacuate Collection Set: 0.0ms
[2.585s][info][gc,phases      ] GC(2)   Evacuate Collection Set: 5.2ms
[2.585s][info][gc,phases      ] GC(2)   Post Evacuate Collection Set: 0.5ms
[2.585s][info][gc,phases      ] GC(2)   Other: 0.2ms
[2.585s][info][gc,heap        ] GC(2) Eden regions: 102->0(99)
[2.585s][info][gc,heap        ] GC(2) Survivor regions: 0->3(13)
[2.585s][info][gc,heap        ] GC(2) Old regions: 20->20
[2.585s][info][gc,heap        ] GC(2) Humongous regions: 2->2
[2.585s][info][gc,metaspace   ] GC(2) Metaspace: 19808K(20480K)->19808K(20480K) NonClass: 17542K(17920K)->17542K(17920K) Class: 2266K(2560K)->2266K(2560K)
[2.585s][info][gc             ] GC(2) Pause Young (Normal) (G1 Evacuation Pause) 484M->87M(8192M) 6.027ms
[2.585s][info][gc,cpu         ] GC(2) User=0.02s Sys=0.00s Real=0.00s
[2.656s][info][gc,start       ] GC(3) Pause Young (Normal) (G1 Evacuation Pause)
[2.656s][info][gc,task        ] GC(3) Using 6 workers of 6 for evacuation
[2.663s][info][gc,phases      ] GC(3)   Pre Evacuate Collection Set: 0.0ms
[2.663s][info][gc,phases      ] GC(3)   Evacuate Collection Set: 6.6ms
[2.663s][info][gc,phases      ] GC(3)   Post Evacuate Collection Set: 0.5ms
[2.663s][info][gc,phases      ] GC(3)   Other: 0.2ms
[2.663s][info][gc,heap        ] GC(3) Eden regions: 99->0(98)
[2.663s][info][gc,heap        ] GC(3) Survivor regions: 3->4(13)
[2.663s][info][gc,heap        ] GC(3) Old regions: 20->20
[2.663s][info][gc,heap        ] GC(3) Humongous regions: 2->2
[2.663s][info][gc,metaspace   ] GC(3) Metaspace: 19822K(20480K)->19822K(20480K) NonClass: 17554K(17920K)->17554K(17920K) Class: 2268K(2560K)->2268K(2560K)
[2.663s][info][gc             ] GC(3) Pause Young (Normal) (G1 Evacuation Pause) 483M->91M(8192M) 7.535ms
[2.663s][info][gc,cpu         ] GC(3) User=0.02s Sys=0.00s Real=0.00s
[2.723s][info][gc,start       ] GC(4) Pause Young (Normal) (G1 Evacuation Pause)
[2.723s][info][gc,task        ] GC(4) Using 6 workers of 6 for evacuation
[2.732s][info][gc,phases      ] GC(4)   Pre Evacuate Collection Set: 0.0ms
[2.732s][info][gc,phases      ] GC(4)   Evacuate Collection Set: 8.2ms
[2.732s][info][gc,phases      ] GC(4)   Post Evacuate Collection Set: 0.6ms
[2.732s][info][gc,phases      ] GC(4)   Other: 0.2ms
[2.732s][info][gc,heap        ] GC(4) Eden regions: 98->0(96)
[2.732s][info][gc,heap        ] GC(4) Survivor regions: 4->6(13)
[2.732s][info][gc,heap        ] GC(4) Old regions: 20->20
[2.732s][info][gc,heap        ] GC(4) Humongous regions: 2->2
[2.732s][info][gc,metaspace   ] GC(4) Metaspace: 19827K(20480K)->19827K(20480K) NonClass: 17558K(17920K)->17558K(17920K) Class: 2268K(2560K)->2268K(2560K)
[2.732s][info][gc             ] GC(4) Pause Young (Normal) (G1 Evacuation Pause) 483M->97M(8192M) 9.116ms
[2.732s][info][gc,cpu         ] GC(4) User=0.02s Sys=0.00s Real=0.02s
[2.793s][info][gc,start       ] GC(5) Pause Young (Normal) (G1 Evacuation Pause)
[2.793s][info][gc,task        ] GC(5) Using 6 workers of 6 for evacuation
[2.804s][info][gc,phases      ] GC(5)   Pre Evacuate Collection Set: 0.0ms
[2.804s][info][gc,phases      ] GC(5)   Evacuate Collection Set: 9.4ms
[2.804s][info][gc,phases      ] GC(5)   Post Evacuate Collection Set: 0.6ms
[2.804s][info][gc,phases      ] GC(5)   Other: 0.2ms
[2.804s][info][gc,heap        ] GC(5) Eden regions: 96->0(95)
[2.804s][info][gc,heap        ] GC(5) Survivor regions: 6->7(13)
[2.804s][info][gc,heap        ] GC(5) Old regions: 20->20
[2.804s][info][gc,heap        ] GC(5) Humongous regions: 2->2
[2.804s][info][gc,metaspace   ] GC(5) Metaspace: 19827K(20480K)->19827K(20480K) NonClass: 17559K(17920K)->17559K(17920K) Class: 2268K(2560K)->2268K(2560K)
[2.804s][info][gc             ] GC(5) Pause Young (Normal) (G1 Evacuation Pause) 481M->104M(8192M) 10.353ms
[2.804s][info][gc,cpu         ] GC(5) User=0.02s Sys=0.00s Real=0.00s
[2.891s][info][gc,task        ] GC(6) Using 6 workers of 6 for full compaction
[2.891s][info][gc,start       ] GC(6) Pause Full (System.gc())
[2.891s][info][gc,phases,start] GC(6) Phase 1: Mark live objects
[2.909s][info][gc,stringtable ] GC(6) Cleaned string and symbol table, strings: 5719 processed, 30 removed, symbols: 53833 processed, 0 removed
[2.909s][info][gc,phases      ] GC(6) Phase 1: Mark live objects 18.513ms
[2.909s][info][gc,phases,start] GC(6) Phase 2: Prepare for compaction
[2.920s][info][gc,phases      ] GC(6) Phase 2: Prepare for compaction 10.737ms
[2.920s][info][gc,phases,start] GC(6) Phase 3: Adjust pointers
[2.932s][info][gc,phases      ] GC(6) Phase 3: Adjust pointers 11.897ms
[2.932s][info][gc,phases,start] GC(6) Phase 4: Compact heap
[2.940s][info][gc,phases      ] GC(6) Phase 4: Compact heap 8.261ms
[2.943s][info][gc,heap        ] GC(6) Eden regions: 83->0(119)
[2.943s][info][gc,heap        ] GC(6) Survivor regions: 7->0(13)
[2.943s][info][gc,heap        ] GC(6) Old regions: 20->20
[2.943s][info][gc,heap        ] GC(6) Humongous regions: 2->2
[2.943s][info][gc,metaspace   ] GC(6) Metaspace: 19910K(20736K)->19795K(20736K) NonClass: 17615K(18176K)->17542K(18176K) Class: 2295K(2560K)->2253K(2560K)
[2.943s][info][gc             ] GC(6) Pause Full (System.gc()) 436M->76M(8192M) 52.378ms
[2.943s][info][gc,cpu         ] GC(6) User=0.06s Sys=0.00s Real=0.05s
[3.019s][info][gc,start       ] GC(7) Pause Young (Normal) (G1 Evacuation Pause)
[3.019s][info][gc,task        ] GC(7) Using 6 workers of 6 for evacuation
[3.026s][info][gc,phases      ] GC(7)   Pre Evacuate Collection Set: 0.0ms
[3.026s][info][gc,phases      ] GC(7)   Evacuate Collection Set: 6.3ms
[3.026s][info][gc,phases      ] GC(7)   Post Evacuate Collection Set: 0.4ms
[3.026s][info][gc,phases      ] GC(7)   Other: 0.3ms
[3.026s][info][gc,heap        ] GC(7) Eden regions: 119->0(1225)
[3.026s][info][gc,heap        ] GC(7) Survivor regions: 0->3(15)
[3.026s][info][gc,heap        ] GC(7) Old regions: 20->20
[3.026s][info][gc,heap        ] GC(7) Humongous regions: 2->2
[3.026s][info][gc,metaspace   ] GC(7) Metaspace: 19796K(20736K)->19796K(20736K) NonClass: 17542K(18176K)->17542K(18176K) Class: 2253K(2560K)->2253K(2560K)
[3.026s][info][gc             ] GC(7) Pause Young (Normal) (G1 Evacuation Pause) 552M->86M(8192M) 7.141ms
[3.026s][info][gc,cpu         ] GC(7) User=0.00s Sys=0.00s Real=0.00s
[3.355s][info][gc,task        ] GC(8) Using 6 workers of 6 for full compaction
[3.355s][info][gc,start       ] GC(8) Pause Full (System.gc())
[3.355s][info][gc,phases,start] GC(8) Phase 1: Mark live objects
[3.373s][info][gc,stringtable ] GC(8) Cleaned string and symbol table, strings: 5689 processed, 0 removed, symbols: 53833 processed, 59 removed
[3.373s][info][gc,phases      ] GC(8) Phase 1: Mark live objects 17.841ms
[3.373s][info][gc,phases,start] GC(8) Phase 2: Prepare for compaction
[3.384s][info][gc,phases      ] GC(8) Phase 2: Prepare for compaction 10.765ms
[3.384s][info][gc,phases,start] GC(8) Phase 3: Adjust pointers
[3.395s][info][gc,phases      ] GC(8) Phase 3: Adjust pointers 10.449ms
[3.395s][info][gc,phases,start] GC(8) Phase 4: Compact heap
[3.402s][info][gc,phases      ] GC(8) Phase 4: Compact heap 6.988ms
[3.404s][info][gc,heap        ] GC(8) Eden regions: 355->0(1228)
[3.404s][info][gc,heap        ] GC(8) Survivor regions: 3->0(15)
[3.404s][info][gc,heap        ] GC(8) Old regions: 20->20
[3.404s][info][gc,heap        ] GC(8) Humongous regions: 2->2
[3.404s][info][gc,metaspace   ] GC(8) Metaspace: 19798K(20736K)->19798K(20736K) NonClass: 17545K(18176K)->17545K(18176K) Class: 2253K(2560K)->2253K(2560K)
[3.404s][info][gc             ] GC(8) Pause Full (System.gc()) 1502M->76M(8192M) 48.723ms
[3.404s][info][gc,cpu         ] GC(8) User=0.05s Sys=0.00s Real=0.05s
[3.778s][info][gc,task        ] GC(9) Using 6 workers of 6 for full compaction
[3.778s][info][gc,start       ] GC(9) Pause Full (System.gc())
[3.778s][info][gc,phases,start] GC(9) Phase 1: Mark live objects
[3.796s][info][gc,stringtable ] GC(9) Cleaned string and symbol table, strings: 5689 processed, 0 removed, symbols: 53774 processed, 0 removed
[3.796s][info][gc,phases      ] GC(9) Phase 1: Mark live objects 17.907ms
[3.796s][info][gc,phases,start] GC(9) Phase 2: Prepare for compaction
[3.807s][info][gc,phases      ] GC(9) Phase 2: Prepare for compaction 10.517ms
[3.807s][info][gc,phases,start] GC(9) Phase 3: Adjust pointers
[3.817s][info][gc,phases      ] GC(9) Phase 3: Adjust pointers 9.750ms
[3.817s][info][gc,phases,start] GC(9) Phase 4: Compact heap
[3.825s][info][gc,phases      ] GC(9) Phase 4: Compact heap 8.635ms
[3.827s][info][gc,heap        ] GC(9) Eden regions: 472->0(1228)
[3.827s][info][gc,heap        ] GC(9) Survivor regions: 0->0(15)
[3.827s][info][gc,heap        ] GC(9) Old regions: 20->19
[3.827s][info][gc,heap        ] GC(9) Humongous regions: 2->2
[3.827s][info][gc,metaspace   ] GC(9) Metaspace: 19800K(20736K)->19800K(20736K) NonClass: 17546K(18176K)->17546K(18176K) Class: 2253K(2560K)->2253K(2560K)
[3.827s][info][gc             ] GC(9) Pause Full (System.gc()) 1964M->76M(8192M) 49.256ms
[3.828s][info][gc,cpu         ] GC(9) User=0.06s Sys=0.00s Real=0.05s
[4.146s][info][gc,task        ] GC(10) Using 6 workers of 6 for full compaction
[4.146s][info][gc,start       ] GC(10) Pause Full (System.gc())
[4.146s][info][gc,phases,start] GC(10) Phase 1: Mark live objects
[4.164s][info][gc,stringtable ] GC(10) Cleaned string and symbol table, strings: 5690 processed, 0 removed, symbols: 53774 processed, 0 removed
[4.164s][info][gc,phases      ] GC(10) Phase 1: Mark live objects 18.095ms
[4.164s][info][gc,phases,start] GC(10) Phase 2: Prepare for compaction
[4.175s][info][gc,phases      ] GC(10) Phase 2: Prepare for compaction 10.392ms
[4.175s][info][gc,phases,start] GC(10) Phase 3: Adjust pointers
[4.184s][info][gc,phases      ] GC(10) Phase 3: Adjust pointers 9.189ms
[4.184s][info][gc,phases,start] GC(10) Phase 4: Compact heap
[4.193s][info][gc,phases      ] GC(10) Phase 4: Compact heap 8.373ms
[4.195s][info][gc,heap        ] GC(10) Eden regions: 472->0(1228)
[4.195s][info][gc,heap        ] GC(10) Survivor regions: 0->0(15)
[4.195s][info][gc,heap        ] GC(10) Old regions: 19->19
[4.195s][info][gc,heap        ] GC(10) Humongous regions: 2->2
[4.195s][info][gc,metaspace   ] GC(10) Metaspace: 19803K(20736K)->19803K(20736K) NonClass: 17549K(18176K)->17549K(18176K) Class: 2253K(2560K)->2253K(2560K)
[4.195s][info][gc             ] GC(10) Pause Full (System.gc()) 1964M->76M(8192M) 48.561ms
[4.195s][info][gc,cpu         ] GC(10) User=0.05s Sys=0.00s Real=0.05s
[4.531s][info][gc,task        ] GC(11) Using 6 workers of 6 for full compaction
[4.531s][info][gc,start       ] GC(11) Pause Full (System.gc())
[4.531s][info][gc,phases,start] GC(11) Phase 1: Mark live objects
[4.549s][info][gc,stringtable ] GC(11) Cleaned string and symbol table, strings: 5690 processed, 0 removed, symbols: 53774 processed, 0 removed
[4.549s][info][gc,phases      ] GC(11) Phase 1: Mark live objects 17.879ms
[4.549s][info][gc,phases,start] GC(11) Phase 2: Prepare for compaction
[4.558s][info][gc,phases      ] GC(11) Phase 2: Prepare for compaction 8.648ms
[4.558s][info][gc,phases,start] GC(11) Phase 3: Adjust pointers
[4.567s][info][gc,phases      ] GC(11) Phase 3: Adjust pointers 8.885ms
[4.567s][info][gc,phases,start] GC(11) Phase 4: Compact heap
[4.574s][info][gc,phases      ] GC(11) Phase 4: Compact heap 7.420ms
[4.576s][info][gc,heap        ] GC(11) Eden regions: 472->0(1228)
[4.576s][info][gc,heap        ] GC(11) Survivor regions: 0->0(15)
[4.576s][info][gc,heap        ] GC(11) Old regions: 19->19
[4.576s][info][gc,heap        ] GC(11) Humongous regions: 2->2
[4.576s][info][gc,metaspace   ] GC(11) Metaspace: 19807K(20736K)->19807K(20736K) NonClass: 17553K(18176K)->17553K(18176K) Class: 2253K(2560K)->2253K(2560K)
[4.576s][info][gc             ] GC(11) Pause Full (System.gc()) 1964M->76M(8192M) 45.316ms
[4.576s][info][gc,cpu         ] GC(11) User=0.03s Sys=0.00s Real=0.05s
[4.895s][info][gc,task        ] GC(12) Using 6 workers of 6 for full compaction
[4.895s][info][gc,start       ] GC(12) Pause Full (System.gc())
[4.895s][info][gc,phases,start] GC(12) Phase 1: Mark live objects
[4.913s][info][gc,stringtable ] GC(12) Cleaned string and symbol table, strings: 5690 processed, 0 removed, symbols: 53774 processed, 0 removed
[4.913s][info][gc,phases      ] GC(12) Phase 1: Mark live objects 17.863ms
[4.913s][info][gc,phases,start] GC(12) Phase 2: Prepare for compaction
[4.922s][info][gc,phases      ] GC(12) Phase 2: Prepare for compaction 8.649ms
[4.922s][info][gc,phases,start] GC(12) Phase 3: Adjust pointers
[4.931s][info][gc,phases      ] GC(12) Phase 3: Adjust pointers 8.762ms
[4.931s][info][gc,phases,start] GC(12) Phase 4: Compact heap
[4.937s][info][gc,phases      ] GC(12) Phase 4: Compact heap 6.278ms
[4.939s][info][gc,heap        ] GC(12) Eden regions: 473->0(1228)
[4.939s][info][gc,heap        ] GC(12) Survivor regions: 0->0(15)
[4.939s][info][gc,heap        ] GC(12) Old regions: 19->18
[4.939s][info][gc,heap        ] GC(12) Humongous regions: 2->2
[4.939s][info][gc,metaspace   ] GC(12) Metaspace: 19809K(20736K)->19809K(20736K) NonClass: 17555K(18176K)->17555K(18176K) Class: 2253K(2560K)->2253K(2560K)
[4.939s][info][gc             ] GC(12) Pause Full (System.gc()) 1966M->76M(8192M) 43.851ms
[4.939s][info][gc,cpu         ] GC(12) User=0.06s Sys=0.00s Real=0.05s
[5.261s][info][gc,task        ] GC(13) Using 6 workers of 6 for full compaction
[5.261s][info][gc,start       ] GC(13) Pause Full (System.gc())
[5.261s][info][gc,phases,start] GC(13) Phase 1: Mark live objects
[5.279s][info][gc,stringtable ] GC(13) Cleaned string and symbol table, strings: 5690 processed, 0 removed, symbols: 53774 processed, 0 removed
[5.279s][info][gc,phases      ] GC(13) Phase 1: Mark live objects 17.835ms
[5.279s][info][gc,phases,start] GC(13) Phase 2: Prepare for compaction
[5.287s][info][gc,phases      ] GC(13) Phase 2: Prepare for compaction 8.448ms
[5.287s][info][gc,phases,start] GC(13) Phase 3: Adjust pointers
[5.296s][info][gc,phases      ] GC(13) Phase 3: Adjust pointers 8.732ms
[5.296s][info][gc,phases,start] GC(13) Phase 4: Compact heap
[5.302s][info][gc,phases      ] GC(13) Phase 4: Compact heap 5.800ms
[5.305s][info][gc,heap        ] GC(13) Eden regions: 473->0(1228)
[5.305s][info][gc,heap        ] GC(13) Survivor regions: 0->0(15)
[5.305s][info][gc,heap        ] GC(13) Old regions: 18->18
[5.305s][info][gc,heap        ] GC(13) Humongous regions: 2->2
[5.305s][info][gc,metaspace   ] GC(13) Metaspace: 19816K(20736K)->19816K(20736K) NonClass: 17562K(18176K)->17562K(18176K) Class: 2253K(2560K)->2253K(2560K)
[5.305s][info][gc             ] GC(13) Pause Full (System.gc()) 1965M->76M(8192M) 43.973ms
[5.305s][info][gc,cpu         ] GC(13) User=0.06s Sys=0.00s Real=0.05s
[5.628s][info][gc,task        ] GC(14) Using 6 workers of 6 for full compaction
[5.628s][info][gc,start       ] GC(14) Pause Full (System.gc())
[5.628s][info][gc,phases,start] GC(14) Phase 1: Mark live objects
[5.646s][info][gc,stringtable ] GC(14) Cleaned string and symbol table, strings: 5690 processed, 0 removed, symbols: 53774 processed, 0 removed
[5.646s][info][gc,phases      ] GC(14) Phase 1: Mark live objects 17.864ms
[5.646s][info][gc,phases,start] GC(14) Phase 2: Prepare for compaction
[5.656s][info][gc,phases      ] GC(14) Phase 2: Prepare for compaction 9.454ms
[5.656s][info][gc,phases,start] GC(14) Phase 3: Adjust pointers
[5.664s][info][gc,phases      ] GC(14) Phase 3: Adjust pointers 8.810ms
[5.664s][info][gc,phases,start] GC(14) Phase 4: Compact heap
[5.670s][info][gc,phases      ] GC(14) Phase 4: Compact heap 5.861ms
[5.673s][info][gc,heap        ] GC(14) Eden regions: 472->0(1228)
[5.673s][info][gc,heap        ] GC(14) Survivor regions: 0->0(15)
[5.673s][info][gc,heap        ] GC(14) Old regions: 18->18
[5.673s][info][gc,heap        ] GC(14) Humongous regions: 2->2
[5.673s][info][gc,metaspace   ] GC(14) Metaspace: 19828K(20736K)->19828K(20736K) NonClass: 17574K(18176K)->17574K(18176K) Class: 2253K(2560K)->2253K(2560K)
[5.673s][info][gc             ] GC(14) Pause Full (System.gc()) 1964M->76M(8192M) 45.170ms
[5.673s][info][gc,cpu         ] GC(14) User=0.05s Sys=0.00s Real=0.04s
[6.002s][info][gc,task        ] GC(15) Using 6 workers of 6 for full compaction
[6.002s][info][gc,start       ] GC(15) Pause Full (System.gc())
[6.002s][info][gc,phases,start] GC(15) Phase 1: Mark live objects
[6.020s][info][gc,stringtable ] GC(15) Cleaned string and symbol table, strings: 5690 processed, 0 removed, symbols: 53774 processed, 0 removed
[6.020s][info][gc,phases      ] GC(15) Phase 1: Mark live objects 17.854ms
[6.020s][info][gc,phases,start] GC(15) Phase 2: Prepare for compaction
[6.029s][info][gc,phases      ] GC(15) Phase 2: Prepare for compaction 9.076ms
[6.029s][info][gc,phases,start] GC(15) Phase 3: Adjust pointers
[6.038s][info][gc,phases      ] GC(15) Phase 3: Adjust pointers 9.325ms
[6.038s][info][gc,phases,start] GC(15) Phase 4: Compact heap
[6.045s][info][gc,phases      ] GC(15) Phase 4: Compact heap 6.230ms
[6.047s][info][gc,heap        ] GC(15) Eden regions: 472->0(1228)
[6.047s][info][gc,heap        ] GC(15) Survivor regions: 0->0(15)
[6.047s][info][gc,heap        ] GC(15) Old regions: 18->19
[6.047s][info][gc,heap        ] GC(15) Humongous regions: 2->2
[6.047s][info][gc,metaspace   ] GC(15) Metaspace: 19851K(20736K)->19851K(20736K) NonClass: 17598K(18176K)->17598K(18176K) Class: 2253K(2560K)->2253K(2560K)
[6.047s][info][gc             ] GC(15) Pause Full (System.gc()) 1964M->76M(8192M) 44.944ms
[6.047s][info][gc,cpu         ] GC(15) User=0.06s Sys=0.00s Real=0.05s
[6.362s][info][gc,task        ] GC(16) Using 6 workers of 6 for full compaction
[6.362s][info][gc,start       ] GC(16) Pause Full (System.gc())
[6.362s][info][gc,phases,start] GC(16) Phase 1: Mark live objects
[6.380s][info][gc,stringtable ] GC(16) Cleaned string and symbol table, strings: 5690 processed, 0 removed, symbols: 53774 processed, 0 removed
[6.380s][info][gc,phases      ] GC(16) Phase 1: Mark live objects 17.985ms
[6.380s][info][gc,phases,start] GC(16) Phase 2: Prepare for compaction
[6.390s][info][gc,phases      ] GC(16) Phase 2: Prepare for compaction 9.570ms
[6.390s][info][gc,phases,start] GC(16) Phase 3: Adjust pointers
[6.398s][info][gc,phases      ] GC(16) Phase 3: Adjust pointers 8.682ms
[6.398s][info][gc,phases,start] GC(16) Phase 4: Compact heap
[6.405s][info][gc,phases      ] GC(16) Phase 4: Compact heap 6.507ms
[6.407s][info][gc,heap        ] GC(16) Eden regions: 472->0(1228)
[6.407s][info][gc,heap        ] GC(16) Survivor regions: 0->0(15)
[6.407s][info][gc,heap        ] GC(16) Old regions: 19->19
[6.407s][info][gc,heap        ] GC(16) Humongous regions: 2->2
[6.407s][info][gc,metaspace   ] GC(16) Metaspace: 19860K(20736K)->19860K(20736K) NonClass: 17606K(18176K)->17606K(18176K) Class: 2253K(2560K)->2253K(2560K)
[6.407s][info][gc             ] GC(16) Pause Full (System.gc()) 1964M->76M(8192M) 45.146ms
[6.407s][info][gc,cpu         ] GC(16) User=0.06s Sys=0.00s Real=0.05s
[6.731s][info][gc,task        ] GC(17) Using 6 workers of 6 for full compaction
[6.731s][info][gc,start       ] GC(17) Pause Full (System.gc())
[6.731s][info][gc,phases,start] GC(17) Phase 1: Mark live objects
[6.749s][info][gc,stringtable ] GC(17) Cleaned string and symbol table, strings: 5690 processed, 0 removed, symbols: 53775 processed, 0 removed
[6.749s][info][gc,phases      ] GC(17) Phase 1: Mark live objects 17.828ms
[6.749s][info][gc,phases,start] GC(17) Phase 2: Prepare for compaction
[6.758s][info][gc,phases      ] GC(17) Phase 2: Prepare for compaction 9.085ms
[6.758s][info][gc,phases,start] GC(17) Phase 3: Adjust pointers
[6.768s][info][gc,phases      ] GC(17) Phase 3: Adjust pointers 9.530ms
[6.768s][info][gc,phases,start] GC(17) Phase 4: Compact heap
[6.774s][info][gc,phases      ] GC(17) Phase 4: Compact heap 5.571ms
[6.775s][info][gc,heap        ] GC(17) Eden regions: 472->0(1228)
[6.775s][info][gc,heap        ] GC(17) Survivor regions: 0->0(15)
[6.775s][info][gc,heap        ] GC(17) Old regions: 19->18
[6.776s][info][gc,heap        ] GC(17) Humongous regions: 2->2
[6.776s][info][gc,metaspace   ] GC(17) Metaspace: 19868K(20736K)->19868K(20736K) NonClass: 17615K(18176K)->17615K(18176K) Class: 2253K(2560K)->2253K(2560K)
[6.776s][info][gc             ] GC(17) Pause Full (System.gc()) 1961M->76M(8192M) 44.251ms
[6.776s][info][gc,cpu         ] GC(17) User=0.06s Sys=0.00s Real=0.04s
[7.090s][info][gc,task        ] GC(18) Using 6 workers of 6 for full compaction
[7.090s][info][gc,start       ] GC(18) Pause Full (System.gc())
[7.090s][info][gc,phases,start] GC(18) Phase 1: Mark live objects
[7.108s][info][gc,stringtable ] GC(18) Cleaned string and symbol table, strings: 5690 processed, 0 removed, symbols: 53775 processed, 0 removed
[7.108s][info][gc,phases      ] GC(18) Phase 1: Mark live objects 17.802ms
[7.108s][info][gc,phases,start] GC(18) Phase 2: Prepare for compaction
[7.117s][info][gc,phases      ] GC(18) Phase 2: Prepare for compaction 9.246ms
[7.118s][info][gc,phases,start] GC(18) Phase 3: Adjust pointers
[7.127s][info][gc,phases      ] GC(18) Phase 3: Adjust pointers 9.621ms
[7.127s][info][gc,phases,start] GC(18) Phase 4: Compact heap
[7.133s][info][gc,phases      ] GC(18) Phase 4: Compact heap 5.952ms
[7.135s][info][gc,heap        ] GC(18) Eden regions: 473->0(1228)
[7.135s][info][gc,heap        ] GC(18) Survivor regions: 0->0(15)
[7.136s][info][gc,heap        ] GC(18) Old regions: 18->19
[7.136s][info][gc,heap        ] GC(18) Humongous regions: 2->2
[7.136s][info][gc,metaspace   ] GC(18) Metaspace: 19872K(20736K)->19872K(20736K) NonClass: 17619K(18176K)->17619K(18176K) Class: 2253K(2560K)->2253K(2560K)
[7.136s][info][gc             ] GC(18) Pause Full (System.gc()) 1965M->76M(8192M) 45.274ms
[7.136s][info][gc,cpu         ] GC(18) User=0.06s Sys=0.00s Real=0.05s
[7.444s][info][gc,task        ] GC(19) Using 6 workers of 6 for full compaction
[7.444s][info][gc,start       ] GC(19) Pause Full (System.gc())
[7.445s][info][gc,phases,start] GC(19) Phase 1: Mark live objects
[7.464s][info][gc,stringtable ] GC(19) Cleaned string and symbol table, strings: 5690 processed, 0 removed, symbols: 53775 processed, 0 removed
[7.464s][info][gc,phases      ] GC(19) Phase 1: Mark live objects 19.130ms
[7.464s][info][gc,phases,start] GC(19) Phase 2: Prepare for compaction
[7.473s][info][gc,phases      ] GC(19) Phase 2: Prepare for compaction 8.953ms
[7.473s][info][gc,phases,start] GC(19) Phase 3: Adjust pointers
[7.482s][info][gc,phases      ] GC(19) Phase 3: Adjust pointers 8.829ms
[7.482s][info][gc,phases,start] GC(19) Phase 4: Compact heap
[7.487s][info][gc,phases      ] GC(19) Phase 4: Compact heap 5.662ms
[7.489s][info][gc,heap        ] GC(19) Eden regions: 472->0(1228)
[7.489s][info][gc,heap        ] GC(19) Survivor regions: 0->0(15)
[7.490s][info][gc,heap        ] GC(19) Old regions: 19->19
[7.490s][info][gc,heap        ] GC(19) Humongous regions: 2->2
[7.490s][info][gc,metaspace   ] GC(19) Metaspace: 19875K(20736K)->19875K(20736K) NonClass: 17621K(18176K)->17621K(18176K) Class: 2253K(2560K)->2253K(2560K)
[7.490s][info][gc             ] GC(19) Pause Full (System.gc()) 1963M->76M(8192M) 45.042ms
[7.490s][info][gc,cpu         ] GC(19) User=0.06s Sys=0.00s Real=0.04s
[7.808s][info][gc,task        ] GC(20) Using 6 workers of 6 for full compaction
[7.808s][info][gc,start       ] GC(20) Pause Full (System.gc())
[7.808s][info][gc,phases,start] GC(20) Phase 1: Mark live objects
[7.826s][info][gc,stringtable ] GC(20) Cleaned string and symbol table, strings: 5690 processed, 0 removed, symbols: 53775 processed, 0 removed
[7.826s][info][gc,phases      ] GC(20) Phase 1: Mark live objects 17.915ms
[7.826s][info][gc,phases,start] GC(20) Phase 2: Prepare for compaction
[7.835s][info][gc,phases      ] GC(20) Phase 2: Prepare for compaction 9.064ms
[7.835s][info][gc,phases,start] GC(20) Phase 3: Adjust pointers
[7.844s][info][gc,phases      ] GC(20) Phase 3: Adjust pointers 8.641ms
[7.844s][info][gc,phases,start] GC(20) Phase 4: Compact heap
[7.850s][info][gc,phases      ] GC(20) Phase 4: Compact heap 5.776ms
[7.852s][info][gc,heap        ] GC(20) Eden regions: 472->0(1228)
[7.852s][info][gc,heap        ] GC(20) Survivor regions: 0->0(15)
[7.852s][info][gc,heap        ] GC(20) Old regions: 19->19
[7.852s][info][gc,heap        ] GC(20) Humongous regions: 2->2
[7.852s][info][gc,metaspace   ] GC(20) Metaspace: 19880K(20736K)->19880K(20736K) NonClass: 17627K(18176K)->17627K(18176K) Class: 2253K(2560K)->2253K(2560K)
[7.852s][info][gc             ] GC(20) Pause Full (System.gc()) 1964M->76M(8192M) 43.947ms
[7.852s][info][gc,cpu         ] GC(20) User=0.06s Sys=0.00s Real=0.05s
[8.174s][info][gc,task        ] GC(21) Using 6 workers of 6 for full compaction
[8.174s][info][gc,start       ] GC(21) Pause Full (System.gc())
[8.174s][info][gc,phases,start] GC(21) Phase 1: Mark live objects
[8.192s][info][gc,stringtable ] GC(21) Cleaned string and symbol table, strings: 5690 processed, 0 removed, symbols: 53775 processed, 0 removed
[8.192s][info][gc,phases      ] GC(21) Phase 1: Mark live objects 17.947ms
[8.192s][info][gc,phases,start] GC(21) Phase 2: Prepare for compaction
[8.201s][info][gc,phases      ] GC(21) Phase 2: Prepare for compaction 9.492ms
[8.201s][info][gc,phases,start] GC(21) Phase 3: Adjust pointers
[8.211s][info][gc,phases      ] GC(21) Phase 3: Adjust pointers 9.388ms
[8.211s][info][gc,phases,start] GC(21) Phase 4: Compact heap
[8.217s][info][gc,phases      ] GC(21) Phase 4: Compact heap 6.109ms
[8.220s][info][gc,heap        ] GC(21) Eden regions: 472->0(1228)
[8.220s][info][gc,heap        ] GC(21) Survivor regions: 0->0(15)
[8.220s][info][gc,heap        ] GC(21) Old regions: 19->19
[8.220s][info][gc,heap        ] GC(21) Humongous regions: 2->2
[8.220s][info][gc,metaspace   ] GC(21) Metaspace: 19885K(20736K)->19885K(20736K) NonClass: 17631K(18176K)->17631K(18176K) Class: 2253K(2560K)->2253K(2560K)
[8.220s][info][gc             ] GC(21) Pause Full (System.gc()) 1962M->76M(8192M) 46.025ms
[8.220s][info][gc,cpu         ] GC(21) User=0.05s Sys=0.00s Real=0.05s
[8.562s][info][gc,task        ] GC(22) Using 6 workers of 6 for full compaction
[8.562s][info][gc,start       ] GC(22) Pause Full (System.gc())
[8.562s][info][gc,phases,start] GC(22) Phase 1: Mark live objects
[8.580s][info][gc,stringtable ] GC(22) Cleaned string and symbol table, strings: 5690 processed, 0 removed, symbols: 53775 processed, 0 removed
[8.580s][info][gc,phases      ] GC(22) Phase 1: Mark live objects 17.991ms
[8.580s][info][gc,phases,start] GC(22) Phase 2: Prepare for compaction
[8.589s][info][gc,phases      ] GC(22) Phase 2: Prepare for compaction 9.250ms
[8.589s][info][gc,phases,start] GC(22) Phase 3: Adjust pointers
[8.598s][info][gc,phases      ] GC(22) Phase 3: Adjust pointers 8.968ms
[8.598s][info][gc,phases,start] GC(22) Phase 4: Compact heap
[8.605s][info][gc,phases      ] GC(22) Phase 4: Compact heap 6.381ms
[8.607s][info][gc,heap        ] GC(22) Eden regions: 472->0(1228)
[8.607s][info][gc,heap        ] GC(22) Survivor regions: 0->0(15)
[8.607s][info][gc,heap        ] GC(22) Old regions: 19->18
[8.607s][info][gc,heap        ] GC(22) Humongous regions: 2->2
[8.607s][info][gc,metaspace   ] GC(22) Metaspace: 19885K(20736K)->19885K(20736K) NonClass: 17631K(18176K)->17631K(18176K) Class: 2253K(2560K)->2253K(2560K)
[8.607s][info][gc             ] GC(22) Pause Full (System.gc()) 1964M->76M(8192M) 45.131ms
[8.607s][info][gc,cpu         ] GC(22) User=0.06s Sys=0.00s Real=0.05s
[8.921s][info][gc,task        ] GC(23) Using 6 workers of 6 for full compaction
[8.921s][info][gc,start       ] GC(23) Pause Full (System.gc())
[8.922s][info][gc,phases,start] GC(23) Phase 1: Mark live objects
[8.939s][info][gc,stringtable ] GC(23) Cleaned string and symbol table, strings: 5691 processed, 0 removed, symbols: 53775 processed, 0 removed
[8.939s][info][gc,phases      ] GC(23) Phase 1: Mark live objects 17.979ms
[8.939s][info][gc,phases,start] GC(23) Phase 2: Prepare for compaction
[8.948s][info][gc,phases      ] GC(23) Phase 2: Prepare for compaction 8.760ms
[8.948s][info][gc,phases,start] GC(23) Phase 3: Adjust pointers
[8.957s][info][gc,phases      ] GC(23) Phase 3: Adjust pointers 8.728ms
[8.957s][info][gc,phases,start] GC(23) Phase 4: Compact heap
[8.963s][info][gc,phases      ] GC(23) Phase 4: Compact heap 5.442ms
[8.965s][info][gc,heap        ] GC(23) Eden regions: 474->0(1228)
[8.965s][info][gc,heap        ] GC(23) Survivor regions: 0->0(15)
[8.965s][info][gc,heap        ] GC(23) Old regions: 18->19
[8.965s][info][gc,heap        ] GC(23) Humongous regions: 2->2
[8.965s][info][gc,metaspace   ] GC(23) Metaspace: 19899K(20736K)->19899K(20736K) NonClass: 17646K(18176K)->17646K(18176K) Class: 2253K(2560K)->2253K(2560K)
[8.965s][info][gc             ] GC(23) Pause Full (System.gc()) 1969M->76M(8192M) 43.907ms
[8.965s][info][gc,cpu         ] GC(23) User=0.06s Sys=0.00s Real=0.05s
[9.281s][info][gc,task        ] GC(24) Using 6 workers of 6 for full compaction
[9.281s][info][gc,start       ] GC(24) Pause Full (System.gc())
[9.281s][info][gc,phases,start] GC(24) Phase 1: Mark live objects
[9.300s][info][gc,stringtable ] GC(24) Cleaned string and symbol table, strings: 5691 processed, 0 removed, symbols: 53776 processed, 0 removed
[9.300s][info][gc,phases      ] GC(24) Phase 1: Mark live objects 18.208ms
[9.300s][info][gc,phases,start] GC(24) Phase 2: Prepare for compaction
[9.308s][info][gc,phases      ] GC(24) Phase 2: Prepare for compaction 8.702ms
[9.308s][info][gc,phases,start] GC(24) Phase 3: Adjust pointers
[9.317s][info][gc,phases      ] GC(24) Phase 3: Adjust pointers 8.495ms
[9.317s][info][gc,phases,start] GC(24) Phase 4: Compact heap
[9.323s][info][gc,phases      ] GC(24) Phase 4: Compact heap 5.806ms
[9.325s][info][gc,heap        ] GC(24) Eden regions: 472->0(1228)
[9.325s][info][gc,heap        ] GC(24) Survivor regions: 0->0(15)
[9.325s][info][gc,heap        ] GC(24) Old regions: 19->20
[9.325s][info][gc,heap        ] GC(24) Humongous regions: 2->2
[9.325s][info][gc,metaspace   ] GC(24) Metaspace: 19900K(20736K)->19900K(20736K) NonClass: 17647K(18176K)->17647K(18176K) Class: 2253K(2560K)->2253K(2560K)
[9.325s][info][gc             ] GC(24) Pause Full (System.gc()) 1963M->76M(8192M) 43.658ms
[9.325s][info][gc,cpu         ] GC(24) User=0.05s Sys=0.00s Real=0.05s
[9.653s][info][gc,task        ] GC(25) Using 6 workers of 6 for full compaction
[9.653s][info][gc,start       ] GC(25) Pause Full (System.gc())
[9.653s][info][gc,phases,start] GC(25) Phase 1: Mark live objects
[9.671s][info][gc,stringtable ] GC(25) Cleaned string and symbol table, strings: 5691 processed, 0 removed, symbols: 53776 processed, 0 removed
[9.671s][info][gc,phases      ] GC(25) Phase 1: Mark live objects 17.917ms
[9.671s][info][gc,phases,start] GC(25) Phase 2: Prepare for compaction
[9.680s][info][gc,phases      ] GC(25) Phase 2: Prepare for compaction 9.375ms
[9.680s][info][gc,phases,start] GC(25) Phase 3: Adjust pointers
[9.690s][info][gc,phases      ] GC(25) Phase 3: Adjust pointers 9.461ms
[9.690s][info][gc,phases,start] GC(25) Phase 4: Compact heap
[9.696s][info][gc,phases      ] GC(25) Phase 4: Compact heap 5.702ms
[9.698s][info][gc,heap        ] GC(25) Eden regions: 472->0(1228)
[9.698s][info][gc,heap        ] GC(25) Survivor regions: 0->0(15)
[9.698s][info][gc,heap        ] GC(25) Old regions: 20->19
[9.698s][info][gc,heap        ] GC(25) Humongous regions: 2->2
[9.698s][info][gc,metaspace   ] GC(25) Metaspace: 19900K(20736K)->19900K(20736K) NonClass: 17647K(18176K)->17647K(18176K) Class: 2253K(2560K)->2253K(2560K)
[9.698s][info][gc             ] GC(25) Pause Full (System.gc()) 1964M->76M(8192M) 45.111ms
[9.698s][info][gc,cpu         ] GC(25) User=0.06s Sys=0.00s Real=0.04s
[10.013s][info][gc,task        ] GC(26) Using 6 workers of 6 for full compaction
[10.013s][info][gc,start       ] GC(26) Pause Full (System.gc())
[10.014s][info][gc,phases,start] GC(26) Phase 1: Mark live objects
[10.031s][info][gc,stringtable ] GC(26) Cleaned string and symbol table, strings: 5691 processed, 0 removed, symbols: 53776 processed, 0 removed
[10.032s][info][gc,phases      ] GC(26) Phase 1: Mark live objects 17.865ms
[10.032s][info][gc,phases,start] GC(26) Phase 2: Prepare for compaction
[10.040s][info][gc,phases      ] GC(26) Phase 2: Prepare for compaction 8.333ms
[10.040s][info][gc,phases,start] GC(26) Phase 3: Adjust pointers
[10.049s][info][gc,phases      ] GC(26) Phase 3: Adjust pointers 8.913ms
[10.049s][info][gc,phases,start] GC(26) Phase 4: Compact heap
[10.055s][info][gc,phases      ] GC(26) Phase 4: Compact heap 5.641ms
[10.056s][info][gc,heap        ] GC(26) Eden regions: 472->0(1228)
[10.057s][info][gc,heap        ] GC(26) Survivor regions: 0->0(15)
[10.057s][info][gc,heap        ] GC(26) Old regions: 19->19
[10.057s][info][gc,heap        ] GC(26) Humongous regions: 2->2
[10.057s][info][gc,metaspace   ] GC(26) Metaspace: 19900K(20736K)->19900K(20736K) NonClass: 17647K(18176K)->17647K(18176K) Class: 2253K(2560K)->2253K(2560K)
[10.057s][info][gc             ] GC(26) Pause Full (System.gc()) 1963M->76M(8192M) 43.081ms
[10.057s][info][gc,cpu         ] GC(26) User=0.03s Sys=0.00s Real=0.03s
[10.385s][info][gc,task        ] GC(27) Using 6 workers of 6 for full compaction
[10.385s][info][gc,start       ] GC(27) Pause Full (System.gc())
[10.386s][info][gc,phases,start] GC(27) Phase 1: Mark live objects
[10.403s][info][gc,stringtable ] GC(27) Cleaned string and symbol table, strings: 5691 processed, 0 removed, symbols: 53776 processed, 0 removed
[10.403s][info][gc,phases      ] GC(27) Phase 1: Mark live objects 17.864ms
[10.403s][info][gc,phases,start] GC(27) Phase 2: Prepare for compaction
[10.414s][info][gc,phases      ] GC(27) Phase 2: Prepare for compaction 10.381ms
[10.414s][info][gc,phases,start] GC(27) Phase 3: Adjust pointers
[10.423s][info][gc,phases      ] GC(27) Phase 3: Adjust pointers 9.354ms
[10.423s][info][gc,phases,start] GC(27) Phase 4: Compact heap
[10.430s][info][gc,phases      ] GC(27) Phase 4: Compact heap 6.708ms
[10.433s][info][gc,heap        ] GC(27) Eden regions: 472->0(1228)
[10.433s][info][gc,heap        ] GC(27) Survivor regions: 0->0(15)
[10.433s][info][gc,heap        ] GC(27) Old regions: 19->19
[10.433s][info][gc,heap        ] GC(27) Humongous regions: 2->2
[10.433s][info][gc,metaspace   ] GC(27) Metaspace: 19902K(20736K)->19902K(20736K) NonClass: 17648K(18176K)->17648K(18176K) Class: 2253K(2560K)->2253K(2560K)
[10.433s][info][gc             ] GC(27) Pause Full (System.gc()) 1964M->76M(8192M) 47.104ms
[10.433s][info][gc,cpu         ] GC(27) User=0.06s Sys=0.00s Real=0.06s
[10.750s][info][gc,task        ] GC(28) Using 6 workers of 6 for full compaction
[10.750s][info][gc,start       ] GC(28) Pause Full (System.gc())
[10.750s][info][gc,phases,start] GC(28) Phase 1: Mark live objects
[10.768s][info][gc,stringtable ] GC(28) Cleaned string and symbol table, strings: 5691 processed, 0 removed, symbols: 53776 processed, 0 removed
[10.768s][info][gc,phases      ] GC(28) Phase 1: Mark live objects 17.677ms
[10.768s][info][gc,phases,start] GC(28) Phase 2: Prepare for compaction
[10.776s][info][gc,phases      ] GC(28) Phase 2: Prepare for compaction 8.304ms
[10.776s][info][gc,phases,start] GC(28) Phase 3: Adjust pointers
[10.786s][info][gc,phases      ] GC(28) Phase 3: Adjust pointers 9.224ms
[10.786s][info][gc,phases,start] GC(28) Phase 4: Compact heap
[10.791s][info][gc,phases      ] GC(28) Phase 4: Compact heap 5.373ms
[10.793s][info][gc,heap        ] GC(28) Eden regions: 472->0(1228)
[10.793s][info][gc,heap        ] GC(28) Survivor regions: 0->0(15)
[10.793s][info][gc,heap        ] GC(28) Old regions: 19->19
[10.793s][info][gc,heap        ] GC(28) Humongous regions: 2->2
[10.793s][info][gc,metaspace   ] GC(28) Metaspace: 19902K(20736K)->19902K(20736K) NonClass: 17648K(18176K)->17648K(18176K) Class: 2253K(2560K)->2253K(2560K)
[10.793s][info][gc             ] GC(28) Pause Full (System.gc()) 1964M->76M(8192M) 42.829ms
[10.793s][info][gc,cpu         ] GC(28) User=0.06s Sys=0.00s Real=0.05s
[11.122s][info][gc,task        ] GC(29) Using 6 workers of 6 for full compaction
[11.122s][info][gc,start       ] GC(29) Pause Full (System.gc())
[11.122s][info][gc,phases,start] GC(29) Phase 1: Mark live objects
[11.140s][info][gc,stringtable ] GC(29) Cleaned string and symbol table, strings: 5691 processed, 0 removed, symbols: 53776 processed, 0 removed
[11.140s][info][gc,phases      ] GC(29) Phase 1: Mark live objects 17.884ms
[11.140s][info][gc,phases,start] GC(29) Phase 2: Prepare for compaction
[11.148s][info][gc,phases      ] GC(29) Phase 2: Prepare for compaction 8.365ms
[11.148s][info][gc,phases,start] GC(29) Phase 3: Adjust pointers
[11.157s][info][gc,phases      ] GC(29) Phase 3: Adjust pointers 8.513ms
[11.157s][info][gc,phases,start] GC(29) Phase 4: Compact heap
[11.163s][info][gc,phases      ] GC(29) Phase 4: Compact heap 6.042ms
[11.165s][info][gc,heap        ] GC(29) Eden regions: 472->0(1228)
[11.165s][info][gc,heap        ] GC(29) Survivor regions: 0->0(15)
[11.165s][info][gc,heap        ] GC(29) Old regions: 19->19
[11.165s][info][gc,heap        ] GC(29) Humongous regions: 2->2
[11.165s][info][gc,metaspace   ] GC(29) Metaspace: 19906K(20736K)->19906K(20736K) NonClass: 17652K(18176K)->17652K(18176K) Class: 2253K(2560K)->2253K(2560K)
[11.165s][info][gc             ] GC(29) Pause Full (System.gc()) 1964M->76M(8192M) 43.298ms
[11.165s][info][gc,cpu         ] GC(29) User=0.06s Sys=0.00s Real=0.05s
[11.480s][info][gc,task        ] GC(30) Using 6 workers of 6 for full compaction
[11.480s][info][gc,start       ] GC(30) Pause Full (System.gc())
[11.480s][info][gc,phases,start] GC(30) Phase 1: Mark live objects
[11.499s][info][gc,stringtable ] GC(30) Cleaned string and symbol table, strings: 5691 processed, 0 removed, symbols: 53776 processed, 0 removed
[11.499s][info][gc,phases      ] GC(30) Phase 1: Mark live objects 18.124ms
[11.499s][info][gc,phases,start] GC(30) Phase 2: Prepare for compaction
[11.510s][info][gc,phases      ] GC(30) Phase 2: Prepare for compaction 11.341ms
[11.510s][info][gc,phases,start] GC(30) Phase 3: Adjust pointers
[11.520s][info][gc,phases      ] GC(30) Phase 3: Adjust pointers 9.625ms
[11.520s][info][gc,phases,start] GC(30) Phase 4: Compact heap
[11.526s][info][gc,phases      ] GC(30) Phase 4: Compact heap 6.222ms
[11.529s][info][gc,heap        ] GC(30) Eden regions: 472->0(1228)
[11.529s][info][gc,heap        ] GC(30) Survivor regions: 0->0(15)
[11.529s][info][gc,heap        ] GC(30) Old regions: 19->19
[11.529s][info][gc,heap        ] GC(30) Humongous regions: 2->2
[11.529s][info][gc,metaspace   ] GC(30) Metaspace: 19919K(20736K)->19919K(20736K) NonClass: 17665K(18176K)->17665K(18176K) Class: 2253K(2560K)->2253K(2560K)
[11.529s][info][gc             ] GC(30) Pause Full (System.gc()) 1964M->76M(8192M) 48.411ms
[11.529s][info][gc,cpu         ] GC(30) User=0.05s Sys=0.00s Real=0.05s
[11.844s][info][gc,task        ] GC(31) Using 6 workers of 6 for full compaction
[11.844s][info][gc,start       ] GC(31) Pause Full (System.gc())
[11.844s][info][gc,phases,start] GC(31) Phase 1: Mark live objects
[11.862s][info][gc,stringtable ] GC(31) Cleaned string and symbol table, strings: 5691 processed, 0 removed, symbols: 53776 processed, 0 removed
[11.862s][info][gc,phases      ] GC(31) Phase 1: Mark live objects 17.998ms
[11.862s][info][gc,phases,start] GC(31) Phase 2: Prepare for compaction
[11.872s][info][gc,phases      ] GC(31) Phase 2: Prepare for compaction 9.682ms
[11.872s][info][gc,phases,start] GC(31) Phase 3: Adjust pointers
[11.882s][info][gc,phases      ] GC(31) Phase 3: Adjust pointers 10.772ms
[11.882s][info][gc,phases,start] GC(31) Phase 4: Compact heap
[11.889s][info][gc,phases      ] GC(31) Phase 4: Compact heap 6.142ms
[11.891s][info][gc,heap        ] GC(31) Eden regions: 472->0(1228)
[11.891s][info][gc,heap        ] GC(31) Survivor regions: 0->0(15)
[11.891s][info][gc,heap        ] GC(31) Old regions: 19->18
[11.891s][info][gc,heap        ] GC(31) Humongous regions: 2->2
[11.891s][info][gc,metaspace   ] GC(31) Metaspace: 19920K(20736K)->19920K(20736K) NonClass: 17667K(18176K)->17667K(18176K) Class: 2253K(2560K)->2253K(2560K)
[11.891s][info][gc             ] GC(31) Pause Full (System.gc()) 1964M->76M(8192M) 46.921ms
[11.891s][info][gc,cpu         ] GC(31) User=0.06s Sys=0.00s Real=0.05s
[12.210s][info][gc,task        ] GC(32) Using 6 workers of 6 for full compaction
[12.210s][info][gc,start       ] GC(32) Pause Full (System.gc())
[12.210s][info][gc,phases,start] GC(32) Phase 1: Mark live objects
[12.228s][info][gc,stringtable ] GC(32) Cleaned string and symbol table, strings: 5702 processed, 0 removed, symbols: 53776 processed, 0 removed
[12.228s][info][gc,phases      ] GC(32) Phase 1: Mark live objects 17.657ms
[12.228s][info][gc,phases,start] GC(32) Phase 2: Prepare for compaction
[12.238s][info][gc,phases      ] GC(32) Phase 2: Prepare for compaction 10.233ms
[12.238s][info][gc,phases,start] GC(32) Phase 3: Adjust pointers
[12.247s][info][gc,phases      ] GC(32) Phase 3: Adjust pointers 8.667ms
[12.247s][info][gc,phases,start] GC(32) Phase 4: Compact heap
[12.253s][info][gc,phases      ] GC(32) Phase 4: Compact heap 5.922ms
[12.254s][info][gc,heap        ] GC(32) Eden regions: 472->0(1228)
[12.255s][info][gc,heap        ] GC(32) Survivor regions: 0->0(15)
[12.255s][info][gc,heap        ] GC(32) Old regions: 18->19
[12.255s][info][gc,heap        ] GC(32) Humongous regions: 2->2
[12.255s][info][gc,metaspace   ] GC(32) Metaspace: 19922K(20736K)->19922K(20736K) NonClass: 17669K(18176K)->17669K(18176K) Class: 2253K(2560K)->2253K(2560K)
[12.255s][info][gc             ] GC(32) Pause Full (System.gc()) 1961M->76M(8192M) 44.775ms
[12.255s][info][gc,cpu         ] GC(32) User=0.05s Sys=0.00s Real=0.05s
[12.575s][info][gc,task        ] GC(33) Using 6 workers of 6 for full compaction
[12.576s][info][gc,start       ] GC(33) Pause Full (System.gc())
[12.576s][info][gc,phases,start] GC(33) Phase 1: Mark live objects
[12.594s][info][gc,stringtable ] GC(33) Cleaned string and symbol table, strings: 5702 processed, 0 removed, symbols: 53776 processed, 0 removed
[12.594s][info][gc,phases      ] GC(33) Phase 1: Mark live objects 17.940ms
[12.594s][info][gc,phases,start] GC(33) Phase 2: Prepare for compaction
[12.604s][info][gc,phases      ] GC(33) Phase 2: Prepare for compaction 9.868ms
[12.604s][info][gc,phases,start] GC(33) Phase 3: Adjust pointers
[12.613s][info][gc,phases      ] GC(33) Phase 3: Adjust pointers 8.960ms
[12.613s][info][gc,phases,start] GC(33) Phase 4: Compact heap
[12.619s][info][gc,phases      ] GC(33) Phase 4: Compact heap 6.337ms
[12.621s][info][gc,heap        ] GC(33) Eden regions: 473->0(1228)
[12.621s][info][gc,heap        ] GC(33) Survivor regions: 0->0(15)
[12.621s][info][gc,heap        ] GC(33) Old regions: 19->18
[12.621s][info][gc,heap        ] GC(33) Humongous regions: 2->2
[12.621s][info][gc,metaspace   ] GC(33) Metaspace: 19923K(20736K)->19923K(20736K) NonClass: 17669K(18176K)->17669K(18176K) Class: 2253K(2560K)->2253K(2560K)
[12.621s][info][gc             ] GC(33) Pause Full (System.gc()) 1967M->76M(8192M) 45.701ms
[12.621s][info][gc,cpu         ] GC(33) User=0.05s Sys=0.00s Real=0.05s
[12.940s][info][gc,task        ] GC(34) Using 6 workers of 6 for full compaction
[12.941s][info][gc,start       ] GC(34) Pause Full (System.gc())
[12.941s][info][gc,phases,start] GC(34) Phase 1: Mark live objects
[12.958s][info][gc,stringtable ] GC(34) Cleaned string and symbol table, strings: 5702 processed, 0 removed, symbols: 53776 processed, 0 removed
[12.958s][info][gc,phases      ] GC(34) Phase 1: Mark live objects 17.549ms
[12.958s][info][gc,phases,start] GC(34) Phase 2: Prepare for compaction
[12.967s][info][gc,phases      ] GC(34) Phase 2: Prepare for compaction 8.934ms
[12.967s][info][gc,phases,start] GC(34) Phase 3: Adjust pointers
[12.976s][info][gc,phases      ] GC(34) Phase 3: Adjust pointers 8.853ms
[12.976s][info][gc,phases,start] GC(34) Phase 4: Compact heap
[12.982s][info][gc,phases      ] GC(34) Phase 4: Compact heap 6.158ms
[12.985s][info][gc,heap        ] GC(34) Eden regions: 472->0(1228)
[12.985s][info][gc,heap        ] GC(34) Survivor regions: 0->0(15)
[12.985s][info][gc,heap        ] GC(34) Old regions: 18->19
[12.985s][info][gc,heap        ] GC(34) Humongous regions: 2->2
[12.985s][info][gc,metaspace   ] GC(34) Metaspace: 19932K(20736K)->19932K(20736K) NonClass: 17678K(18176K)->17678K(18176K) Class: 2253K(2560K)->2253K(2560K)
[12.985s][info][gc             ] GC(34) Pause Full (System.gc()) 1964M->76M(8192M) 44.125ms
[12.985s][info][gc,cpu         ] GC(34) User=0.06s Sys=0.00s Real=0.04s
[13.311s][info][gc,task        ] GC(35) Using 6 workers of 6 for full compaction
[13.311s][info][gc,start       ] GC(35) Pause Full (System.gc())
[13.311s][info][gc,phases,start] GC(35) Phase 1: Mark live objects
[13.329s][info][gc,stringtable ] GC(35) Cleaned string and symbol table, strings: 5702 processed, 0 removed, symbols: 53776 processed, 0 removed
[13.329s][info][gc,phases      ] GC(35) Phase 1: Mark live objects 17.771ms
[13.329s][info][gc,phases,start] GC(35) Phase 2: Prepare for compaction
[13.339s][info][gc,phases      ] GC(35) Phase 2: Prepare for compaction 9.788ms
[13.339s][info][gc,phases,start] GC(35) Phase 3: Adjust pointers
[13.349s][info][gc,phases      ] GC(35) Phase 3: Adjust pointers 9.881ms
[13.349s][info][gc,phases,start] GC(35) Phase 4: Compact heap
[13.355s][info][gc,phases      ] GC(35) Phase 4: Compact heap 6.236ms
[13.357s][info][gc,heap        ] GC(35) Eden regions: 472->0(1228)
[13.357s][info][gc,heap        ] GC(35) Survivor regions: 0->0(15)
[13.357s][info][gc,heap        ] GC(35) Old regions: 19->19
[13.357s][info][gc,heap        ] GC(35) Humongous regions: 2->2
[13.357s][info][gc,metaspace   ] GC(35) Metaspace: 19934K(20736K)->19934K(20736K) NonClass: 17680K(18176K)->17680K(18176K) Class: 2253K(2560K)->2253K(2560K)
[13.357s][info][gc             ] GC(35) Pause Full (System.gc()) 1962M->76M(8192M) 46.109ms
[13.358s][info][gc,cpu         ] GC(35) User=0.05s Sys=0.00s Real=0.05s
[13.680s][info][gc,task        ] GC(36) Using 6 workers of 6 for full compaction
[13.681s][info][gc,start       ] GC(36) Pause Full (System.gc())
[13.681s][info][gc,phases,start] GC(36) Phase 1: Mark live objects
[13.699s][info][gc,stringtable ] GC(36) Cleaned string and symbol table, strings: 5702 processed, 0 removed, symbols: 53776 processed, 0 removed
[13.699s][info][gc,phases      ] GC(36) Phase 1: Mark live objects 18.046ms
[13.699s][info][gc,phases,start] GC(36) Phase 2: Prepare for compaction
[13.708s][info][gc,phases      ] GC(36) Phase 2: Prepare for compaction 9.213ms
[13.708s][info][gc,phases,start] GC(36) Phase 3: Adjust pointers
[13.718s][info][gc,phases      ] GC(36) Phase 3: Adjust pointers 10.168ms
[13.718s][info][gc,phases,start] GC(36) Phase 4: Compact heap
[13.724s][info][gc,phases      ] GC(36) Phase 4: Compact heap 5.770ms
[13.726s][info][gc,heap        ] GC(36) Eden regions: 473->0(1228)
[13.726s][info][gc,heap        ] GC(36) Survivor regions: 0->0(15)
[13.726s][info][gc,heap        ] GC(36) Old regions: 19->19
[13.726s][info][gc,heap        ] GC(36) Humongous regions: 2->2
[13.726s][info][gc,metaspace   ] GC(36) Metaspace: 19943K(20736K)->19943K(20736K) NonClass: 17690K(18176K)->17690K(18176K) Class: 2253K(2560K)->2253K(2560K)
[13.726s][info][gc             ] GC(36) Pause Full (System.gc()) 1967M->76M(8192M) 45.596ms
[13.726s][info][gc,cpu         ] GC(36) User=0.06s Sys=0.00s Real=0.05s
[14.045s][info][gc,task        ] GC(37) Using 6 workers of 6 for full compaction
[14.045s][info][gc,start       ] GC(37) Pause Full (System.gc())
[14.045s][info][gc,phases,start] GC(37) Phase 1: Mark live objects
[14.063s][info][gc,stringtable ] GC(37) Cleaned string and symbol table, strings: 5702 processed, 0 removed, symbols: 53776 processed, 0 removed
[14.063s][info][gc,phases      ] GC(37) Phase 1: Mark live objects 17.942ms
[14.063s][info][gc,phases,start] GC(37) Phase 2: Prepare for compaction
[14.073s][info][gc,phases      ] GC(37) Phase 2: Prepare for compaction 9.845ms
[14.073s][info][gc,phases,start] GC(37) Phase 3: Adjust pointers
[14.082s][info][gc,phases      ] GC(37) Phase 3: Adjust pointers 9.291ms
[14.082s][info][gc,phases,start] GC(37) Phase 4: Compact heap
[14.088s][info][gc,phases      ] GC(37) Phase 4: Compact heap 6.161ms
[14.090s][info][gc,heap        ] GC(37) Eden regions: 472->0(1228)
[14.091s][info][gc,heap        ] GC(37) Survivor regions: 0->0(15)
[14.091s][info][gc,heap        ] GC(37) Old regions: 19->19
[14.091s][info][gc,heap        ] GC(37) Humongous regions: 2->2
[14.091s][info][gc,metaspace   ] GC(37) Metaspace: 19949K(20736K)->19949K(20736K) NonClass: 17695K(18176K)->17695K(18176K) Class: 2254K(2560K)->2254K(2560K)
[14.091s][info][gc             ] GC(37) Pause Full (System.gc()) 1964M->76M(8192M) 45.711ms
[14.091s][info][gc,cpu         ] GC(37) User=0.06s Sys=0.00s Real=0.04s
[14.408s][info][gc,task        ] GC(38) Using 6 workers of 6 for full compaction
[14.408s][info][gc,start       ] GC(38) Pause Full (System.gc())
[14.408s][info][gc,phases,start] GC(38) Phase 1: Mark live objects
[14.426s][info][gc,stringtable ] GC(38) Cleaned string and symbol table, strings: 5702 processed, 0 removed, symbols: 53776 processed, 0 removed
[14.426s][info][gc,phases      ] GC(38) Phase 1: Mark live objects 17.987ms
[14.426s][info][gc,phases,start] GC(38) Phase 2: Prepare for compaction
[14.435s][info][gc,phases      ] GC(38) Phase 2: Prepare for compaction 8.909ms
[14.435s][info][gc,phases,start] GC(38) Phase 3: Adjust pointers
[14.444s][info][gc,phases      ] GC(38) Phase 3: Adjust pointers 9.038ms
[14.444s][info][gc,phases,start] GC(38) Phase 4: Compact heap
[14.450s][info][gc,phases      ] GC(38) Phase 4: Compact heap 6.020ms
[14.452s][info][gc,heap        ] GC(38) Eden regions: 472->0(1228)
[14.453s][info][gc,heap        ] GC(38) Survivor regions: 0->0(15)
[14.453s][info][gc,heap        ] GC(38) Old regions: 19->19
[14.453s][info][gc,heap        ] GC(38) Humongous regions: 2->2
[14.453s][info][gc,metaspace   ] GC(38) Metaspace: 19950K(20736K)->19950K(20736K) NonClass: 17696K(18176K)->17696K(18176K) Class: 2254K(2560K)->2254K(2560K)
[14.453s][info][gc             ] GC(38) Pause Full (System.gc()) 1964M->76M(8192M) 44.673ms
[14.453s][info][gc,cpu         ] GC(38) User=0.05s Sys=0.00s Real=0.04s
[14.775s][info][gc,task        ] GC(39) Using 6 workers of 6 for full compaction
[14.775s][info][gc,start       ] GC(39) Pause Full (System.gc())
[14.775s][info][gc,phases,start] GC(39) Phase 1: Mark live objects
[14.793s][info][gc,stringtable ] GC(39) Cleaned string and symbol table, strings: 5702 processed, 0 removed, symbols: 53776 processed, 0 removed
[14.793s][info][gc,phases      ] GC(39) Phase 1: Mark live objects 18.110ms
[14.793s][info][gc,phases,start] GC(39) Phase 2: Prepare for compaction
[14.803s][info][gc,phases      ] GC(39) Phase 2: Prepare for compaction 9.840ms
[14.803s][info][gc,phases,start] GC(39) Phase 3: Adjust pointers
[14.813s][info][gc,phases      ] GC(39) Phase 3: Adjust pointers 9.774ms
[14.813s][info][gc,phases,start] GC(39) Phase 4: Compact heap
[14.819s][info][gc,phases      ] GC(39) Phase 4: Compact heap 6.429ms
[14.821s][info][gc,heap        ] GC(39) Eden regions: 473->0(1228)
[14.821s][info][gc,heap        ] GC(39) Survivor regions: 0->0(15)
[14.821s][info][gc,heap        ] GC(39) Old regions: 19->19
[14.821s][info][gc,heap        ] GC(39) Humongous regions: 2->2
[14.821s][info][gc,metaspace   ] GC(39) Metaspace: 19953K(20736K)->19953K(20736K) NonClass: 17699K(18176K)->17699K(18176K) Class: 2254K(2560K)->2254K(2560K)
[14.821s][info][gc             ] GC(39) Pause Full (System.gc()) 1965M->76M(8192M) 46.659ms
[14.822s][info][gc,cpu         ] GC(39) User=0.09s Sys=0.00s Real=0.05s
[15.144s][info][gc,task        ] GC(40) Using 6 workers of 6 for full compaction
[15.144s][info][gc,start       ] GC(40) Pause Full (System.gc())
[15.144s][info][gc,phases,start] GC(40) Phase 1: Mark live objects
[15.163s][info][gc,stringtable ] GC(40) Cleaned string and symbol table, strings: 5702 processed, 0 removed, symbols: 53776 processed, 0 removed
[15.163s][info][gc,phases      ] GC(40) Phase 1: Mark live objects 18.575ms
[15.163s][info][gc,phases,start] GC(40) Phase 2: Prepare for compaction
[15.172s][info][gc,phases      ] GC(40) Phase 2: Prepare for compaction 8.827ms
[15.172s][info][gc,phases,start] GC(40) Phase 3: Adjust pointers
[15.181s][info][gc,phases      ] GC(40) Phase 3: Adjust pointers 9.225ms
[15.181s][info][gc,phases,start] GC(40) Phase 4: Compact heap
[15.186s][info][gc,phases      ] GC(40) Phase 4: Compact heap 5.346ms
[15.189s][info][gc,heap        ] GC(40) Eden regions: 472->0(1228)
[15.189s][info][gc,heap        ] GC(40) Survivor regions: 0->0(15)
[15.189s][info][gc,heap        ] GC(40) Old regions: 19->19
[15.189s][info][gc,heap        ] GC(40) Humongous regions: 2->2
[15.189s][info][gc,metaspace   ] GC(40) Metaspace: 19953K(20736K)->19953K(20736K) NonClass: 17699K(18176K)->17699K(18176K) Class: 2254K(2560K)->2254K(2560K)
[15.189s][info][gc             ] GC(40) Pause Full (System.gc()) 1963M->76M(8192M) 44.339ms
[15.189s][info][gc,cpu         ] GC(40) User=0.03s Sys=0.00s Real=0.03s
[15.535s][info][gc,task        ] GC(41) Using 6 workers of 6 for full compaction
[15.535s][info][gc,start       ] GC(41) Pause Full (System.gc())
[15.535s][info][gc,phases,start] GC(41) Phase 1: Mark live objects
[15.553s][info][gc,stringtable ] GC(41) Cleaned string and symbol table, strings: 5702 processed, 0 removed, symbols: 53776 processed, 0 removed
[15.553s][info][gc,phases      ] GC(41) Phase 1: Mark live objects 18.169ms
[15.553s][info][gc,phases,start] GC(41) Phase 2: Prepare for compaction
[15.563s][info][gc,phases      ] GC(41) Phase 2: Prepare for compaction 9.085ms
[15.563s][info][gc,phases,start] GC(41) Phase 3: Adjust pointers
[15.572s][info][gc,phases      ] GC(41) Phase 3: Adjust pointers 9.174ms
[15.572s][info][gc,phases,start] GC(41) Phase 4: Compact heap
[15.577s][info][gc,phases      ] GC(41) Phase 4: Compact heap 5.627ms
[15.580s][info][gc,heap        ] GC(41) Eden regions: 472->0(1228)
[15.580s][info][gc,heap        ] GC(41) Survivor regions: 0->0(15)
[15.580s][info][gc,heap        ] GC(41) Old regions: 19->20
[15.580s][info][gc,heap        ] GC(41) Humongous regions: 2->2
[15.580s][info][gc,metaspace   ] GC(41) Metaspace: 19953K(20736K)->19953K(20736K) NonClass: 17699K(18176K)->17699K(18176K) Class: 2254K(2560K)->2254K(2560K)
[15.580s][info][gc             ] GC(41) Pause Full (System.gc()) 1964M->76M(8192M) 45.035ms
[15.580s][info][gc,cpu         ] GC(41) User=0.09s Sys=0.00s Real=0.05s
[15.896s][info][gc,task        ] GC(42) Using 6 workers of 6 for full compaction
[15.896s][info][gc,start       ] GC(42) Pause Full (System.gc())
[15.896s][info][gc,phases,start] GC(42) Phase 1: Mark live objects
[15.915s][info][gc,stringtable ] GC(42) Cleaned string and symbol table, strings: 5702 processed, 0 removed, symbols: 53776 processed, 0 removed
[15.915s][info][gc,phases      ] GC(42) Phase 1: Mark live objects 18.166ms
[15.915s][info][gc,phases,start] GC(42) Phase 2: Prepare for compaction
[15.923s][info][gc,phases      ] GC(42) Phase 2: Prepare for compaction 8.773ms
[15.923s][info][gc,phases,start] GC(42) Phase 3: Adjust pointers
[15.933s][info][gc,phases      ] GC(42) Phase 3: Adjust pointers 9.526ms
[15.933s][info][gc,phases,start] GC(42) Phase 4: Compact heap
[15.939s][info][gc,phases      ] GC(42) Phase 4: Compact heap 5.725ms
[15.941s][info][gc,heap        ] GC(42) Eden regions: 472->0(1228)
[15.941s][info][gc,heap        ] GC(42) Survivor regions: 0->0(15)
[15.941s][info][gc,heap        ] GC(42) Old regions: 20->20
[15.941s][info][gc,heap        ] GC(42) Humongous regions: 2->2
[15.941s][info][gc,metaspace   ] GC(42) Metaspace: 19953K(20736K)->19953K(20736K) NonClass: 17699K(18176K)->17699K(18176K) Class: 2254K(2560K)->2254K(2560K)
[15.941s][info][gc             ] GC(42) Pause Full (System.gc()) 1964M->76M(8192M) 44.545ms
[15.941s][info][gc,cpu         ] GC(42) User=0.06s Sys=0.00s Real=0.05s
[16.258s][info][gc,task        ] GC(43) Using 6 workers of 6 for full compaction
[16.258s][info][gc,start       ] GC(43) Pause Full (System.gc())
[16.258s][info][gc,phases,start] GC(43) Phase 1: Mark live objects
[16.276s][info][gc,stringtable ] GC(43) Cleaned string and symbol table, strings: 5702 processed, 0 removed, symbols: 53776 processed, 0 removed
[16.276s][info][gc,phases      ] GC(43) Phase 1: Mark live objects 18.132ms
[16.276s][info][gc,phases,start] GC(43) Phase 2: Prepare for compaction
[16.285s][info][gc,phases      ] GC(43) Phase 2: Prepare for compaction 8.927ms
[16.285s][info][gc,phases,start] GC(43) Phase 3: Adjust pointers
[16.294s][info][gc,phases      ] GC(43) Phase 3: Adjust pointers 9.166ms
[16.296s][info][gc,phases,start] GC(43) Phase 4: Compact heap
[16.302s][info][gc,phases      ] GC(43) Phase 4: Compact heap 5.911ms
[16.304s][info][gc,heap        ] GC(43) Eden regions: 473->0(1228)
[16.304s][info][gc,heap        ] GC(43) Survivor regions: 0->0(15)
[16.304s][info][gc,heap        ] GC(43) Old regions: 20->19
[16.304s][info][gc,heap        ] GC(43) Humongous regions: 2->2
[16.304s][info][gc,metaspace   ] GC(43) Metaspace: 19954K(20736K)->19954K(20736K) NonClass: 17699K(18176K)->17699K(18176K) Class: 2254K(2560K)->2254K(2560K)
[16.304s][info][gc             ] GC(43) Pause Full (System.gc()) 1966M->76M(8192M) 46.300ms
[16.304s][info][gc,cpu         ] GC(43) User=0.08s Sys=0.00s Real=0.05s
[16.621s][info][gc,task        ] GC(44) Using 6 workers of 6 for full compaction
[16.622s][info][gc,start       ] GC(44) Pause Full (System.gc())
[16.622s][info][gc,phases,start] GC(44) Phase 1: Mark live objects
[16.639s][info][gc,stringtable ] GC(44) Cleaned string and symbol table, strings: 5702 processed, 0 removed, symbols: 53776 processed, 0 removed
[16.640s][info][gc,phases      ] GC(44) Phase 1: Mark live objects 17.784ms
[16.640s][info][gc,phases,start] GC(44) Phase 2: Prepare for compaction
[16.648s][info][gc,phases      ] GC(44) Phase 2: Prepare for compaction 8.710ms
[16.648s][info][gc,phases,start] GC(44) Phase 3: Adjust pointers
[16.657s][info][gc,phases      ] GC(44) Phase 3: Adjust pointers 8.822ms
[16.657s][info][gc,phases,start] GC(44) Phase 4: Compact heap
[16.664s][info][gc,phases      ] GC(44) Phase 4: Compact heap 7.003ms
[16.666s][info][gc,heap        ] GC(44) Eden regions: 473->0(1228)
[16.667s][info][gc,heap        ] GC(44) Survivor regions: 0->0(15)
[16.667s][info][gc,heap        ] GC(44) Old regions: 19->20
[16.667s][info][gc,heap        ] GC(44) Humongous regions: 2->2
[16.667s][info][gc,metaspace   ] GC(44) Metaspace: 19956K(20736K)->19956K(20736K) NonClass: 17702K(18176K)->17702K(18176K) Class: 2254K(2560K)->2254K(2560K)
[16.667s][info][gc             ] GC(44) Pause Full (System.gc()) 1965M->76M(8192M) 44.966ms
[16.667s][info][gc,cpu         ] GC(44) User=0.05s Sys=0.00s Real=0.03s
[16.991s][info][gc,task        ] GC(45) Using 6 workers of 6 for full compaction
[16.991s][info][gc,start       ] GC(45) Pause Full (System.gc())
[16.991s][info][gc,phases,start] GC(45) Phase 1: Mark live objects
[17.009s][info][gc,stringtable ] GC(45) Cleaned string and symbol table, strings: 5703 processed, 0 removed, symbols: 53776 processed, 0 removed
[17.009s][info][gc,phases      ] GC(45) Phase 1: Mark live objects 18.073ms
[17.009s][info][gc,phases,start] GC(45) Phase 2: Prepare for compaction
[17.018s][info][gc,phases      ] GC(45) Phase 2: Prepare for compaction 8.545ms
[17.018s][info][gc,phases,start] GC(45) Phase 3: Adjust pointers
[17.028s][info][gc,phases      ] GC(45) Phase 3: Adjust pointers 9.630ms
[17.028s][info][gc,phases,start] GC(45) Phase 4: Compact heap
[17.033s][info][gc,phases      ] GC(45) Phase 4: Compact heap 5.773ms
[17.035s][info][gc,heap        ] GC(45) Eden regions: 473->0(1228)
[17.036s][info][gc,heap        ] GC(45) Survivor regions: 0->0(15)
[17.036s][info][gc,heap        ] GC(45) Old regions: 20->18
[17.036s][info][gc,heap        ] GC(45) Humongous regions: 2->2
[17.036s][info][gc,metaspace   ] GC(45) Metaspace: 19960K(20736K)->19960K(20736K) NonClass: 17706K(18176K)->17706K(18176K) Class: 2254K(2560K)->2254K(2560K)
[17.036s][info][gc             ] GC(45) Pause Full (System.gc()) 1966M->76M(8192M) 44.483ms
[17.036s][info][gc,cpu         ] GC(45) User=0.03s Sys=0.00s Real=0.05s
[17.355s][info][gc,task        ] GC(46) Using 6 workers of 6 for full compaction
[17.355s][info][gc,start       ] GC(46) Pause Full (System.gc())
[17.355s][info][gc,phases,start] GC(46) Phase 1: Mark live objects
[17.373s][info][gc,stringtable ] GC(46) Cleaned string and symbol table, strings: 5703 processed, 0 removed, symbols: 53777 processed, 0 removed
[17.373s][info][gc,phases      ] GC(46) Phase 1: Mark live objects 17.798ms
[17.373s][info][gc,phases,start] GC(46) Phase 2: Prepare for compaction
[17.381s][info][gc,phases      ] GC(46) Phase 2: Prepare for compaction 8.712ms
[17.381s][info][gc,phases,start] GC(46) Phase 3: Adjust pointers
[17.390s][info][gc,phases      ] GC(46) Phase 3: Adjust pointers 8.823ms
[17.390s][info][gc,phases,start] GC(46) Phase 4: Compact heap
[17.397s][info][gc,phases      ] GC(46) Phase 4: Compact heap 6.918ms
[17.399s][info][gc,heap        ] GC(46) Eden regions: 472->0(1228)
[17.399s][info][gc,heap        ] GC(46) Survivor regions: 0->0(15)
[17.399s][info][gc,heap        ] GC(46) Old regions: 18->19
[17.399s][info][gc,heap        ] GC(46) Humongous regions: 2->2
[17.400s][info][gc,metaspace   ] GC(46) Metaspace: 19961K(20736K)->19961K(20736K) NonClass: 17707K(18176K)->17707K(18176K) Class: 2254K(2560K)->2254K(2560K)
[17.400s][info][gc             ] GC(46) Pause Full (System.gc()) 1964M->76M(8192M) 44.790ms
[17.400s][info][gc,cpu         ] GC(46) User=0.05s Sys=0.00s Real=0.04s
[17.720s][info][gc,task        ] GC(47) Using 6 workers of 6 for full compaction
[17.720s][info][gc,start       ] GC(47) Pause Full (System.gc())
[17.720s][info][gc,phases,start] GC(47) Phase 1: Mark live objects
[17.738s][info][gc,stringtable ] GC(47) Cleaned string and symbol table, strings: 5703 processed, 0 removed, symbols: 53777 processed, 0 removed
[17.738s][info][gc,phases      ] GC(47) Phase 1: Mark live objects 17.904ms
[17.738s][info][gc,phases,start] GC(47) Phase 2: Prepare for compaction
[17.747s][info][gc,phases      ] GC(47) Phase 2: Prepare for compaction 8.759ms
[17.747s][info][gc,phases,start] GC(47) Phase 3: Adjust pointers
[17.757s][info][gc,phases      ] GC(47) Phase 3: Adjust pointers 9.994ms
[17.757s][info][gc,phases,start] GC(47) Phase 4: Compact heap
[17.763s][info][gc,phases      ] GC(47) Phase 4: Compact heap 6.274ms
[17.766s][info][gc,heap        ] GC(47) Eden regions: 472->0(1228)
[17.766s][info][gc,heap        ] GC(47) Survivor regions: 0->0(15)
[17.766s][info][gc,heap        ] GC(47) Old regions: 19->19
[17.766s][info][gc,heap        ] GC(47) Humongous regions: 2->2
[17.766s][info][gc,metaspace   ] GC(47) Metaspace: 19961K(20736K)->19961K(20736K) NonClass: 17707K(18176K)->17707K(18176K) Class: 2254K(2560K)->2254K(2560K)
[17.766s][info][gc             ] GC(47) Pause Full (System.gc()) 1963M->76M(8192M) 45.774ms
[17.766s][info][gc,cpu         ] GC(47) User=0.03s Sys=0.00s Real=0.05s
[18.085s][info][gc,task        ] GC(48) Using 6 workers of 6 for full compaction
[18.085s][info][gc,start       ] GC(48) Pause Full (System.gc())
[18.085s][info][gc,phases,start] GC(48) Phase 1: Mark live objects
[18.103s][info][gc,stringtable ] GC(48) Cleaned string and symbol table, strings: 5703 processed, 0 removed, symbols: 53777 processed, 0 removed
[18.103s][info][gc,phases      ] GC(48) Phase 1: Mark live objects 17.997ms
[18.103s][info][gc,phases,start] GC(48) Phase 2: Prepare for compaction
[18.112s][info][gc,phases      ] GC(48) Phase 2: Prepare for compaction 9.191ms
[18.112s][info][gc,phases,start] GC(48) Phase 3: Adjust pointers
[18.121s][info][gc,phases      ] GC(48) Phase 3: Adjust pointers 8.681ms
[18.121s][info][gc,phases,start] GC(48) Phase 4: Compact heap
[18.128s][info][gc,phases      ] GC(48) Phase 4: Compact heap 6.713ms
[18.130s][info][gc,heap        ] GC(48) Eden regions: 472->0(1228)
[18.130s][info][gc,heap        ] GC(48) Survivor regions: 0->0(15)
[18.130s][info][gc,heap        ] GC(48) Old regions: 19->18
[18.130s][info][gc,heap        ] GC(48) Humongous regions: 2->2
[18.130s][info][gc,metaspace   ] GC(48) Metaspace: 19969K(20736K)->19969K(20736K) NonClass: 17715K(18176K)->17715K(18176K) Class: 2254K(2560K)->2254K(2560K)
[18.130s][info][gc             ] GC(48) Pause Full (System.gc()) 1964M->76M(8192M) 45.448ms
[18.130s][info][gc,cpu         ] GC(48) User=0.05s Sys=0.02s Real=0.05s
[18.456s][info][gc,task        ] GC(49) Using 6 workers of 6 for full compaction
[18.456s][info][gc,start       ] GC(49) Pause Full (System.gc())
[18.456s][info][gc,phases,start] GC(49) Phase 1: Mark live objects
[18.474s][info][gc,stringtable ] GC(49) Cleaned string and symbol table, strings: 5703 processed, 0 removed, symbols: 53777 processed, 0 removed
[18.474s][info][gc,phases      ] GC(49) Phase 1: Mark live objects 17.811ms
[18.474s][info][gc,phases,start] GC(49) Phase 2: Prepare for compaction
[18.482s][info][gc,phases      ] GC(49) Phase 2: Prepare for compaction 8.474ms
[18.482s][info][gc,phases,start] GC(49) Phase 3: Adjust pointers
[18.491s][info][gc,phases      ] GC(49) Phase 3: Adjust pointers 9.098ms
[18.491s][info][gc,phases,start] GC(49) Phase 4: Compact heap
[18.497s][info][gc,phases      ] GC(49) Phase 4: Compact heap 5.188ms
[18.499s][info][gc,heap        ] GC(49) Eden regions: 472->0(1228)
[18.499s][info][gc,heap        ] GC(49) Survivor regions: 0->0(15)
[18.499s][info][gc,heap        ] GC(49) Old regions: 18->18
[18.499s][info][gc,heap        ] GC(49) Humongous regions: 2->2
[18.499s][info][gc,metaspace   ] GC(49) Metaspace: 19971K(20736K)->19971K(20736K) NonClass: 17717K(18176K)->17717K(18176K) Class: 2254K(2560K)->2254K(2560K)
[18.499s][info][gc             ] GC(49) Pause Full (System.gc()) 1963M->76M(8192M) 43.074ms
[18.499s][info][gc,cpu         ] GC(49) User=0.05s Sys=0.00s Real=0.03s
[18.814s][info][gc,task        ] GC(50) Using 6 workers of 6 for full compaction
[18.814s][info][gc,start       ] GC(50) Pause Full (System.gc())
[18.814s][info][gc,phases,start] GC(50) Phase 1: Mark live objects
[18.832s][info][gc,stringtable ] GC(50) Cleaned string and symbol table, strings: 5703 processed, 0 removed, symbols: 53777 processed, 0 removed
[18.832s][info][gc,phases      ] GC(50) Phase 1: Mark live objects 17.984ms
[18.832s][info][gc,phases,start] GC(50) Phase 2: Prepare for compaction
[18.841s][info][gc,phases      ] GC(50) Phase 2: Prepare for compaction 8.914ms
[18.841s][info][gc,phases,start] GC(50) Phase 3: Adjust pointers
[18.850s][info][gc,phases      ] GC(50) Phase 3: Adjust pointers 9.004ms
[18.850s][info][gc,phases,start] GC(50) Phase 4: Compact heap
[18.856s][info][gc,phases      ] GC(50) Phase 4: Compact heap 5.526ms
[18.858s][info][gc,heap        ] GC(50) Eden regions: 472->0(1228)
[18.858s][info][gc,heap        ] GC(50) Survivor regions: 0->0(15)
[18.858s][info][gc,heap        ] GC(50) Old regions: 18->19
[18.858s][info][gc,heap        ] GC(50) Humongous regions: 2->2
[18.859s][info][gc,metaspace   ] GC(50) Metaspace: 19971K(20736K)->19971K(20736K) NonClass: 17717K(18176K)->17717K(18176K) Class: 2254K(2560K)->2254K(2560K)
[18.859s][info][gc             ] GC(50) Pause Full (System.gc()) 1963M->76M(8192M) 44.504ms
[18.859s][info][gc,cpu         ] GC(50) User=0.08s Sys=0.00s Real=0.05s
[19.178s][info][gc,task        ] GC(51) Using 6 workers of 6 for full compaction
[19.178s][info][gc,start       ] GC(51) Pause Full (System.gc())
[19.178s][info][gc,phases,start] GC(51) Phase 1: Mark live objects
[19.195s][info][gc,stringtable ] GC(51) Cleaned string and symbol table, strings: 5703 processed, 0 removed, symbols: 53777 processed, 0 removed
[19.196s][info][gc,phases      ] GC(51) Phase 1: Mark live objects 17.795ms
[19.196s][info][gc,phases,start] GC(51) Phase 2: Prepare for compaction
[19.204s][info][gc,phases      ] GC(51) Phase 2: Prepare for compaction 8.325ms
[19.204s][info][gc,phases,start] GC(51) Phase 3: Adjust pointers
[19.213s][info][gc,phases      ] GC(51) Phase 3: Adjust pointers 8.991ms
[19.213s][info][gc,phases,start] GC(51) Phase 4: Compact heap
[19.218s][info][gc,phases      ] GC(51) Phase 4: Compact heap 5.149ms
[19.220s][info][gc,heap        ] GC(51) Eden regions: 473->0(1228)
[19.220s][info][gc,heap        ] GC(51) Survivor regions: 0->0(15)
[19.220s][info][gc,heap        ] GC(51) Old regions: 19->18
[19.220s][info][gc,heap        ] GC(51) Humongous regions: 2->2
[19.220s][info][gc,metaspace   ] GC(51) Metaspace: 19972K(20736K)->19972K(20736K) NonClass: 17718K(18176K)->17718K(18176K) Class: 2254K(2560K)->2254K(2560K)
[19.220s][info][gc             ] GC(51) Pause Full (System.gc()) 1968M->76M(8192M) 42.636ms
[19.220s][info][gc,cpu         ] GC(51) User=0.06s Sys=0.00s Real=0.03s
[19.545s][info][gc,task        ] GC(52) Using 6 workers of 6 for full compaction
[19.546s][info][gc,start       ] GC(52) Pause Full (System.gc())
[19.546s][info][gc,phases,start] GC(52) Phase 1: Mark live objects
[19.563s][info][gc,stringtable ] GC(52) Cleaned string and symbol table, strings: 5703 processed, 0 removed, symbols: 53777 processed, 0 removed
[19.563s][info][gc,phases      ] GC(52) Phase 1: Mark live objects 17.763ms
[19.563s][info][gc,phases,start] GC(52) Phase 2: Prepare for compaction
[19.572s][info][gc,phases      ] GC(52) Phase 2: Prepare for compaction 8.377ms
[19.572s][info][gc,phases,start] GC(52) Phase 3: Adjust pointers
[19.581s][info][gc,phases      ] GC(52) Phase 3: Adjust pointers 8.784ms
[19.581s][info][gc,phases,start] GC(52) Phase 4: Compact heap
[19.587s][info][gc,phases      ] GC(52) Phase 4: Compact heap 6.062ms
[19.589s][info][gc,heap        ] GC(52) Eden regions: 472->0(1228)
[19.589s][info][gc,heap        ] GC(52) Survivor regions: 0->0(15)
[19.589s][info][gc,heap        ] GC(52) Old regions: 18->18
[19.589s][info][gc,heap        ] GC(52) Humongous regions: 2->2
[19.589s][info][gc,metaspace   ] GC(52) Metaspace: 19972K(20736K)->19972K(20736K) NonClass: 17718K(18176K)->17718K(18176K) Class: 2254K(2560K)->2254K(2560K)
[19.589s][info][gc             ] GC(52) Pause Full (System.gc()) 1963M->76M(8192M) 43.585ms
[19.589s][info][gc,cpu         ] GC(52) User=0.06s Sys=0.00s Real=0.05s
[19.934s][info][gc,task        ] GC(53) Using 6 workers of 6 for full compaction
[19.934s][info][gc,start       ] GC(53) Pause Full (System.gc())
[19.934s][info][gc,phases,start] GC(53) Phase 1: Mark live objects
[19.952s][info][gc,stringtable ] GC(53) Cleaned string and symbol table, strings: 5703 processed, 0 removed, symbols: 53777 processed, 0 removed
[19.952s][info][gc,phases      ] GC(53) Phase 1: Mark live objects 18.059ms
[19.952s][info][gc,phases,start] GC(53) Phase 2: Prepare for compaction
[19.961s][info][gc,phases      ] GC(53) Phase 2: Prepare for compaction 8.240ms
[19.961s][info][gc,phases,start] GC(53) Phase 3: Adjust pointers
[19.970s][info][gc,phases      ] GC(53) Phase 3: Adjust pointers 8.907ms
[19.970s][info][gc,phases,start] GC(53) Phase 4: Compact heap
[19.977s][info][gc,phases      ] GC(53) Phase 4: Compact heap 7.207ms
[19.980s][info][gc,heap        ] GC(53) Eden regions: 473->0(1228)
[19.980s][info][gc,heap        ] GC(53) Survivor regions: 0->0(15)
[19.980s][info][gc,heap        ] GC(53) Old regions: 18->18
[19.980s][info][gc,heap        ] GC(53) Humongous regions: 2->2
[19.980s][info][gc,metaspace   ] GC(53) Metaspace: 19972K(20736K)->19972K(20736K) NonClass: 17718K(18176K)->17718K(18176K) Class: 2254K(2560K)->2254K(2560K)
[19.980s][info][gc             ] GC(53) Pause Full (System.gc()) 1965M->76M(8192M) 45.413ms
[19.980s][info][gc,cpu         ] GC(53) User=0.05s Sys=0.00s Real=0.05s
[20.303s][info][gc,task        ] GC(54) Using 6 workers of 6 for full compaction
[20.303s][info][gc,start       ] GC(54) Pause Full (System.gc())
[20.303s][info][gc,phases,start] GC(54) Phase 1: Mark live objects
[20.321s][info][gc,stringtable ] GC(54) Cleaned string and symbol table, strings: 5703 processed, 0 removed, symbols: 53777 processed, 0 removed
[20.321s][info][gc,phases      ] GC(54) Phase 1: Mark live objects 17.892ms
[20.321s][info][gc,phases,start] GC(54) Phase 2: Prepare for compaction
[20.330s][info][gc,phases      ] GC(54) Phase 2: Prepare for compaction 8.560ms
[20.330s][info][gc,phases,start] GC(54) Phase 3: Adjust pointers
[20.339s][info][gc,phases      ] GC(54) Phase 3: Adjust pointers 8.882ms
[20.339s][info][gc,phases,start] GC(54) Phase 4: Compact heap
[20.345s][info][gc,phases      ] GC(54) Phase 4: Compact heap 6.346ms
[20.348s][info][gc,heap        ] GC(54) Eden regions: 473->0(1228)
[20.348s][info][gc,heap        ] GC(54) Survivor regions: 0->0(15)
[20.348s][info][gc,heap        ] GC(54) Old regions: 18->19
[20.348s][info][gc,heap        ] GC(54) Humongous regions: 2->2
[20.348s][info][gc,metaspace   ] GC(54) Metaspace: 19973K(20736K)->19973K(20736K) NonClass: 17719K(18176K)->17719K(18176K) Class: 2254K(2560K)->2254K(2560K)
[20.348s][info][gc             ] GC(54) Pause Full (System.gc()) 1965M->76M(8192M) 44.873ms
[20.348s][info][gc,cpu         ] GC(54) User=0.03s Sys=0.00s Real=0.05s
[20.669s][info][gc,task        ] GC(55) Using 6 workers of 6 for full compaction
[20.669s][info][gc,start       ] GC(55) Pause Full (System.gc())
[20.669s][info][gc,phases,start] GC(55) Phase 1: Mark live objects
[20.687s][info][gc,stringtable ] GC(55) Cleaned string and symbol table, strings: 5703 processed, 0 removed, symbols: 53777 processed, 0 removed
[20.687s][info][gc,phases      ] GC(55) Phase 1: Mark live objects 17.978ms
[20.687s][info][gc,phases,start] GC(55) Phase 2: Prepare for compaction
[20.696s][info][gc,phases      ] GC(55) Phase 2: Prepare for compaction 8.644ms
[20.696s][info][gc,phases,start] GC(55) Phase 3: Adjust pointers
[20.705s][info][gc,phases      ] GC(55) Phase 3: Adjust pointers 9.086ms
[20.705s][info][gc,phases,start] GC(55) Phase 4: Compact heap
[20.711s][info][gc,phases      ] GC(55) Phase 4: Compact heap 5.647ms
[20.713s][info][gc,heap        ] GC(55) Eden regions: 473->0(1228)
[20.713s][info][gc,heap        ] GC(55) Survivor regions: 0->0(15)
[20.713s][info][gc,heap        ] GC(55) Old regions: 19->19
[20.713s][info][gc,heap        ] GC(55) Humongous regions: 2->2
[20.713s][info][gc,metaspace   ] GC(55) Metaspace: 19974K(20736K)->19974K(20736K) NonClass: 17720K(18176K)->17720K(18176K) Class: 2254K(2560K)->2254K(2560K)
[20.713s][info][gc             ] GC(55) Pause Full (System.gc()) 1965M->76M(8192M) 43.733ms
[20.713s][info][gc,cpu         ] GC(55) User=0.03s Sys=0.00s Real=0.03s
[21.060s][info][gc,task        ] GC(56) Using 6 workers of 6 for full compaction
[21.061s][info][gc,start       ] GC(56) Pause Full (System.gc())
[21.061s][info][gc,phases,start] GC(56) Phase 1: Mark live objects
[21.079s][info][gc,stringtable ] GC(56) Cleaned string and symbol table, strings: 5703 processed, 0 removed, symbols: 53777 processed, 0 removed
[21.079s][info][gc,phases      ] GC(56) Phase 1: Mark live objects 17.978ms
[21.079s][info][gc,phases,start] GC(56) Phase 2: Prepare for compaction
[21.088s][info][gc,phases      ] GC(56) Phase 2: Prepare for compaction 8.845ms
[21.088s][info][gc,phases,start] GC(56) Phase 3: Adjust pointers
[21.097s][info][gc,phases      ] GC(56) Phase 3: Adjust pointers 9.411ms
[21.097s][info][gc,phases,start] GC(56) Phase 4: Compact heap
[21.103s][info][gc,phases      ] GC(56) Phase 4: Compact heap 5.690ms
[21.105s][info][gc,heap        ] GC(56) Eden regions: 472->0(1228)
[21.105s][info][gc,heap        ] GC(56) Survivor regions: 0->0(15)
[21.105s][info][gc,heap        ] GC(56) Old regions: 19->18
[21.105s][info][gc,heap        ] GC(56) Humongous regions: 2->2
[21.105s][info][gc,metaspace   ] GC(56) Metaspace: 19991K(20736K)->19991K(20736K) NonClass: 17737K(18176K)->17737K(18176K) Class: 2254K(2560K)->2254K(2560K)
[21.105s][info][gc             ] GC(56) Pause Full (System.gc()) 1964M->76M(8192M) 44.540ms
[21.105s][info][gc,cpu         ] GC(56) User=0.09s Sys=0.00s Real=0.04s
[21.425s][info][gc,task        ] GC(57) Using 6 workers of 6 for full compaction
[21.425s][info][gc,start       ] GC(57) Pause Full (System.gc())
[21.425s][info][gc,phases,start] GC(57) Phase 1: Mark live objects
[21.443s][info][gc,stringtable ] GC(57) Cleaned string and symbol table, strings: 5703 processed, 0 removed, symbols: 53777 processed, 0 removed
[21.443s][info][gc,phases      ] GC(57) Phase 1: Mark live objects 17.988ms
[21.443s][info][gc,phases,start] GC(57) Phase 2: Prepare for compaction
[21.452s][info][gc,phases      ] GC(57) Phase 2: Prepare for compaction 8.823ms
[21.452s][info][gc,phases,start] GC(57) Phase 3: Adjust pointers
[21.463s][info][gc,phases      ] GC(57) Phase 3: Adjust pointers 10.468ms
[21.463s][info][gc,phases,start] GC(57) Phase 4: Compact heap
[21.468s][info][gc,phases      ] GC(57) Phase 4: Compact heap 5.920ms
[21.471s][info][gc,heap        ] GC(57) Eden regions: 472->0(1228)
[21.471s][info][gc,heap        ] GC(57) Survivor regions: 0->0(15)
[21.471s][info][gc,heap        ] GC(57) Old regions: 18->19
[21.471s][info][gc,heap        ] GC(57) Humongous regions: 2->2
[21.471s][info][gc,metaspace   ] GC(57) Metaspace: 19992K(20736K)->19992K(20736K) NonClass: 17738K(18176K)->17738K(18176K) Class: 2254K(2560K)->2254K(2560K)
[21.471s][info][gc             ] GC(57) Pause Full (System.gc()) 1964M->76M(8192M) 45.847ms
[21.471s][info][gc,cpu         ] GC(57) User=0.05s Sys=0.00s Real=0.05s
[21.784s][info][gc,task        ] GC(58) Using 6 workers of 6 for full compaction
[21.784s][info][gc,start       ] GC(58) Pause Full (System.gc())
[21.785s][info][gc,phases,start] GC(58) Phase 1: Mark live objects
[21.802s][info][gc,stringtable ] GC(58) Cleaned string and symbol table, strings: 5703 processed, 0 removed, symbols: 53777 processed, 0 removed
[21.802s][info][gc,phases      ] GC(58) Phase 1: Mark live objects 17.695ms
[21.802s][info][gc,phases,start] GC(58) Phase 2: Prepare for compaction
[21.811s][info][gc,phases      ] GC(58) Phase 2: Prepare for compaction 8.352ms
[21.811s][info][gc,phases,start] GC(58) Phase 3: Adjust pointers
[21.820s][info][gc,phases      ] GC(58) Phase 3: Adjust pointers 9.141ms
[21.820s][info][gc,phases,start] GC(58) Phase 4: Compact heap
[21.827s][info][gc,phases      ] GC(58) Phase 4: Compact heap 7.095ms
[21.829s][info][gc,heap        ] GC(58) Eden regions: 472->0(1228)
[21.829s][info][gc,heap        ] GC(58) Survivor regions: 0->0(15)
[21.829s][info][gc,heap        ] GC(58) Old regions: 19->19
[21.829s][info][gc,heap        ] GC(58) Humongous regions: 2->2
[21.829s][info][gc,metaspace   ] GC(58) Metaspace: 19994K(20736K)->19994K(20736K) NonClass: 17740K(18176K)->17740K(18176K) Class: 2254K(2560K)->2254K(2560K)
[21.829s][info][gc             ] GC(58) Pause Full (System.gc()) 1964M->76M(8192M) 44.935ms
[21.829s][info][gc,cpu         ] GC(58) User=0.06s Sys=0.00s Real=0.03s
[22.143s][info][gc,task        ] GC(59) Using 6 workers of 6 for full compaction
[22.144s][info][gc,start       ] GC(59) Pause Full (System.gc())
[22.144s][info][gc,phases,start] GC(59) Phase 1: Mark live objects
[22.162s][info][gc,stringtable ] GC(59) Cleaned string and symbol table, strings: 5704 processed, 0 removed, symbols: 53777 processed, 0 removed
[22.162s][info][gc,phases      ] GC(59) Phase 1: Mark live objects 17.902ms
[22.162s][info][gc,phases,start] GC(59) Phase 2: Prepare for compaction
[22.170s][info][gc,phases      ] GC(59) Phase 2: Prepare for compaction 8.543ms
[22.170s][info][gc,phases,start] GC(59) Phase 3: Adjust pointers
[22.179s][info][gc,phases      ] GC(59) Phase 3: Adjust pointers 9.170ms
[22.179s][info][gc,phases,start] GC(59) Phase 4: Compact heap
[22.185s][info][gc,phases      ] GC(59) Phase 4: Compact heap 5.683ms
[22.187s][info][gc,heap        ] GC(59) Eden regions: 473->0(1228)
[22.187s][info][gc,heap        ] GC(59) Survivor regions: 0->0(15)
[22.187s][info][gc,heap        ] GC(59) Old regions: 19->19
[22.187s][info][gc,heap        ] GC(59) Humongous regions: 2->2
[22.187s][info][gc,metaspace   ] GC(59) Metaspace: 20001K(20736K)->20001K(20736K) NonClass: 17747K(18176K)->17747K(18176K) Class: 2254K(2560K)->2254K(2560K)
[22.187s][info][gc             ] GC(59) Pause Full (System.gc()) 1967M->76M(8192M) 43.868ms
[22.188s][info][gc,cpu         ] GC(59) User=0.05s Sys=0.00s Real=0.05s
[22.512s][info][gc,task        ] GC(60) Using 6 workers of 6 for full compaction
[22.512s][info][gc,start       ] GC(60) Pause Full (System.gc())
[22.512s][info][gc,phases,start] GC(60) Phase 1: Mark live objects
[22.530s][info][gc,stringtable ] GC(60) Cleaned string and symbol table, strings: 5704 processed, 0 removed, symbols: 53777 processed, 0 removed
[22.530s][info][gc,phases      ] GC(60) Phase 1: Mark live objects 17.863ms
[22.530s][info][gc,phases,start] GC(60) Phase 2: Prepare for compaction
[22.539s][info][gc,phases      ] GC(60) Phase 2: Prepare for compaction 8.301ms
[22.539s][info][gc,phases,start] GC(60) Phase 3: Adjust pointers
[22.548s][info][gc,phases      ] GC(60) Phase 3: Adjust pointers 9.084ms
[22.548s][info][gc,phases,start] GC(60) Phase 4: Compact heap
[22.553s][info][gc,phases      ] GC(60) Phase 4: Compact heap 5.587ms
[22.556s][info][gc,heap        ] GC(60) Eden regions: 472->0(1228)
[22.556s][info][gc,heap        ] GC(60) Survivor regions: 0->0(15)
[22.556s][info][gc,heap        ] GC(60) Old regions: 19->18
[22.556s][info][gc,heap        ] GC(60) Humongous regions: 2->2
[22.556s][info][gc,metaspace   ] GC(60) Metaspace: 20003K(20736K)->20003K(20736K) NonClass: 17749K(18176K)->17749K(18176K) Class: 2254K(2560K)->2254K(2560K)
[22.556s][info][gc             ] GC(60) Pause Full (System.gc()) 1964M->76M(8192M) 43.604ms
[22.556s][info][gc,cpu         ] GC(60) User=0.06s Sys=0.00s Real=0.05s
[22.870s][info][gc,task        ] GC(61) Using 6 workers of 6 for full compaction
[22.871s][info][gc,start       ] GC(61) Pause Full (System.gc())
[22.871s][info][gc,phases,start] GC(61) Phase 1: Mark live objects
[22.888s][info][gc,stringtable ] GC(61) Cleaned string and symbol table, strings: 5704 processed, 0 removed, symbols: 53777 processed, 0 removed
[22.888s][info][gc,phases      ] GC(61) Phase 1: Mark live objects 17.690ms
[22.888s][info][gc,phases,start] GC(61) Phase 2: Prepare for compaction
[22.897s][info][gc,phases      ] GC(61) Phase 2: Prepare for compaction 8.717ms
[22.897s][info][gc,phases,start] GC(61) Phase 3: Adjust pointers
[22.907s][info][gc,phases      ] GC(61) Phase 3: Adjust pointers 9.648ms
[22.907s][info][gc,phases,start] GC(61) Phase 4: Compact heap
[22.913s][info][gc,phases      ] GC(61) Phase 4: Compact heap 5.953ms
[22.915s][info][gc,heap        ] GC(61) Eden regions: 472->0(1228)
[22.915s][info][gc,heap        ] GC(61) Survivor regions: 0->0(15)
[22.915s][info][gc,heap        ] GC(61) Old regions: 18->19
[22.915s][info][gc,heap        ] GC(61) Humongous regions: 2->2
[22.915s][info][gc,metaspace   ] GC(61) Metaspace: 20003K(20736K)->20003K(20736K) NonClass: 17749K(18176K)->17749K(18176K) Class: 2254K(2560K)->2254K(2560K)
[22.915s][info][gc             ] GC(61) Pause Full (System.gc()) 1963M->76M(8192M) 44.538ms
[22.915s][info][gc,cpu         ] GC(61) User=0.05s Sys=0.00s Real=0.05s
[23.264s][info][gc,task        ] GC(62) Using 6 workers of 6 for full compaction
[23.264s][info][gc,start       ] GC(62) Pause Full (System.gc())
[23.264s][info][gc,phases,start] GC(62) Phase 1: Mark live objects
[23.282s][info][gc,stringtable ] GC(62) Cleaned string and symbol table, strings: 5704 processed, 0 removed, symbols: 53777 processed, 0 removed
[23.282s][info][gc,phases      ] GC(62) Phase 1: Mark live objects 18.127ms
[23.282s][info][gc,phases,start] GC(62) Phase 2: Prepare for compaction
[23.292s][info][gc,phases      ] GC(62) Phase 2: Prepare for compaction 9.146ms
[23.292s][info][gc,phases,start] GC(62) Phase 3: Adjust pointers
[23.300s][info][gc,phases      ] GC(62) Phase 3: Adjust pointers 8.511ms
[23.300s][info][gc,phases,start] GC(62) Phase 4: Compact heap
[23.307s][info][gc,phases      ] GC(62) Phase 4: Compact heap 6.540ms
[23.309s][info][gc,heap        ] GC(62) Eden regions: 473->0(1228)
[23.309s][info][gc,heap        ] GC(62) Survivor regions: 0->0(15)
[23.309s][info][gc,heap        ] GC(62) Old regions: 19->19
[23.309s][info][gc,heap        ] GC(62) Humongous regions: 2->2
[23.309s][info][gc,metaspace   ] GC(62) Metaspace: 20003K(20736K)->20003K(20736K) NonClass: 17749K(18176K)->17749K(18176K) Class: 2254K(2560K)->2254K(2560K)
[23.309s][info][gc             ] GC(62) Pause Full (System.gc()) 1967M->76M(8192M) 45.028ms
[23.309s][info][gc,cpu         ] GC(62) User=0.02s Sys=0.00s Real=0.05s
[23.633s][info][gc,task        ] GC(63) Using 6 workers of 6 for full compaction
[23.633s][info][gc,start       ] GC(63) Pause Full (System.gc())
[23.634s][info][gc,phases,start] GC(63) Phase 1: Mark live objects
[23.651s][info][gc,stringtable ] GC(63) Cleaned string and symbol table, strings: 5704 processed, 0 removed, symbols: 53777 processed, 0 removed
[23.651s][info][gc,phases      ] GC(63) Phase 1: Mark live objects 17.942ms
[23.651s][info][gc,phases,start] GC(63) Phase 2: Prepare for compaction
[23.660s][info][gc,phases      ] GC(63) Phase 2: Prepare for compaction 8.628ms
[23.660s][info][gc,phases,start] GC(63) Phase 3: Adjust pointers
[23.669s][info][gc,phases      ] GC(63) Phase 3: Adjust pointers 8.861ms
[23.669s][info][gc,phases,start] GC(63) Phase 4: Compact heap
[23.675s][info][gc,phases      ] GC(63) Phase 4: Compact heap 6.209ms
[23.678s][info][gc,heap        ] GC(63) Eden regions: 472->0(1228)
[23.678s][info][gc,heap        ] GC(63) Survivor regions: 0->0(15)
[23.678s][info][gc,heap        ] GC(63) Old regions: 19->19
[23.678s][info][gc,heap        ] GC(63) Humongous regions: 2->2
[23.678s][info][gc,metaspace   ] GC(63) Metaspace: 20003K(20736K)->20003K(20736K) NonClass: 17749K(18176K)->17749K(18176K) Class: 2254K(2560K)->2254K(2560K)
[23.678s][info][gc             ] GC(63) Pause Full (System.gc()) 1964M->76M(8192M) 44.223ms
[23.678s][info][gc,cpu         ] GC(63) User=0.06s Sys=0.00s Real=0.05s
[23.999s][info][gc,task        ] GC(64) Using 6 workers of 6 for full compaction
[23.999s][info][gc,start       ] GC(64) Pause Full (System.gc())
[23.999s][info][gc,phases,start] GC(64) Phase 1: Mark live objects
[24.017s][info][gc,stringtable ] GC(64) Cleaned string and symbol table, strings: 5704 processed, 0 removed, symbols: 53777 processed, 0 removed
[24.017s][info][gc,phases      ] GC(64) Phase 1: Mark live objects 17.975ms
[24.017s][info][gc,phases,start] GC(64) Phase 2: Prepare for compaction
[24.026s][info][gc,phases      ] GC(64) Phase 2: Prepare for compaction 8.714ms
[24.026s][info][gc,phases,start] GC(64) Phase 3: Adjust pointers
[24.035s][info][gc,phases      ] GC(64) Phase 3: Adjust pointers 8.848ms
[24.035s][info][gc,phases,start] GC(64) Phase 4: Compact heap
[24.042s][info][gc,phases      ] GC(64) Phase 4: Compact heap 6.851ms
[24.044s][info][gc,heap        ] GC(64) Eden regions: 472->0(1228)
[24.044s][info][gc,heap        ] GC(64) Survivor regions: 0->0(15)
[24.044s][info][gc,heap        ] GC(64) Old regions: 19->18
[24.044s][info][gc,heap        ] GC(64) Humongous regions: 2->2
[24.044s][info][gc,metaspace   ] GC(64) Metaspace: 20003K(20736K)->20003K(20736K) NonClass: 17749K(18176K)->17749K(18176K) Class: 2254K(2560K)->2254K(2560K)
[24.044s][info][gc             ] GC(64) Pause Full (System.gc()) 1963M->76M(8192M) 44.937ms
[24.044s][info][gc,cpu         ] GC(64) User=0.05s Sys=0.00s Real=0.05s
[24.355s][info][gc,task        ] GC(65) Using 6 workers of 6 for full compaction
[24.355s][info][gc,start       ] GC(65) Pause Full (System.gc())
[24.355s][info][gc,phases,start] GC(65) Phase 1: Mark live objects
[24.373s][info][gc,stringtable ] GC(65) Cleaned string and symbol table, strings: 5704 processed, 0 removed, symbols: 53777 processed, 0 removed
[24.373s][info][gc,phases      ] GC(65) Phase 1: Mark live objects 18.168ms
[24.373s][info][gc,phases,start] GC(65) Phase 2: Prepare for compaction
[24.382s][info][gc,phases      ] GC(65) Phase 2: Prepare for compaction 8.521ms
[24.382s][info][gc,phases,start] GC(65) Phase 3: Adjust pointers
[24.392s][info][gc,phases      ] GC(65) Phase 3: Adjust pointers 9.830ms
[24.392s][info][gc,phases,start] GC(65) Phase 4: Compact heap
[24.397s][info][gc,phases      ] GC(65) Phase 4: Compact heap 5.758ms
[24.399s][info][gc,heap        ] GC(65) Eden regions: 473->0(1228)
[24.400s][info][gc,heap        ] GC(65) Survivor regions: 0->0(15)
[24.400s][info][gc,heap        ] GC(65) Old regions: 18->19
[24.400s][info][gc,heap        ] GC(65) Humongous regions: 2->2
[24.400s][info][gc,metaspace   ] GC(65) Metaspace: 20003K(20736K)->20003K(20736K) NonClass: 17749K(18176K)->17749K(18176K) Class: 2254K(2560K)->2254K(2560K)
[24.400s][info][gc             ] GC(65) Pause Full (System.gc()) 1966M->76M(8192M) 44.761ms
[24.400s][info][gc,cpu         ] GC(65) User=0.06s Sys=0.00s Real=0.05s
[24.718s][info][gc,task        ] GC(66) Using 6 workers of 6 for full compaction
[24.718s][info][gc,start       ] GC(66) Pause Full (System.gc())
[24.718s][info][gc,phases,start] GC(66) Phase 1: Mark live objects
[24.736s][info][gc,stringtable ] GC(66) Cleaned string and symbol table, strings: 5704 processed, 0 removed, symbols: 53777 processed, 0 removed
[24.736s][info][gc,phases      ] GC(66) Phase 1: Mark live objects 17.893ms
[24.736s][info][gc,phases,start] GC(66) Phase 2: Prepare for compaction
[24.745s][info][gc,phases      ] GC(66) Phase 2: Prepare for compaction 8.633ms
[24.745s][info][gc,phases,start] GC(66) Phase 3: Adjust pointers
[24.754s][info][gc,phases      ] GC(66) Phase 3: Adjust pointers 8.606ms
[24.754s][info][gc,phases,start] GC(66) Phase 4: Compact heap
[24.759s][info][gc,phases      ] GC(66) Phase 4: Compact heap 5.744ms
[24.761s][info][gc,heap        ] GC(66) Eden regions: 472->0(1228)
[24.761s][info][gc,heap        ] GC(66) Survivor regions: 0->0(15)
[24.761s][info][gc,heap        ] GC(66) Old regions: 19->18
[24.761s][info][gc,heap        ] GC(66) Humongous regions: 2->2
[24.761s][info][gc,metaspace   ] GC(66) Metaspace: 20003K(20736K)->20003K(20736K) NonClass: 17749K(18176K)->17749K(18176K) Class: 2254K(2560K)->2254K(2560K)
[24.761s][info][gc             ] GC(66) Pause Full (System.gc()) 1964M->76M(8192M) 43.260ms
[24.762s][info][gc,cpu         ] GC(66) User=0.03s Sys=0.00s Real=0.03s
[25.083s][info][gc,task        ] GC(67) Using 6 workers of 6 for full compaction
[25.083s][info][gc,start       ] GC(67) Pause Full (System.gc())
[25.084s][info][gc,phases,start] GC(67) Phase 1: Mark live objects
[25.102s][info][gc,stringtable ] GC(67) Cleaned string and symbol table, strings: 5704 processed, 0 removed, symbols: 53777 processed, 0 removed
[25.102s][info][gc,phases      ] GC(67) Phase 1: Mark live objects 18.349ms
[25.102s][info][gc,phases,start] GC(67) Phase 2: Prepare for compaction
[25.111s][info][gc,phases      ] GC(67) Phase 2: Prepare for compaction 8.980ms
[25.111s][info][gc,phases,start] GC(67) Phase 3: Adjust pointers
[25.122s][info][gc,phases      ] GC(67) Phase 3: Adjust pointers 11.074ms
[25.122s][info][gc,phases,start] GC(67) Phase 4: Compact heap
[25.128s][info][gc,phases      ] GC(67) Phase 4: Compact heap 6.109ms
[25.130s][info][gc,heap        ] GC(67) Eden regions: 472->0(1228)
[25.130s][info][gc,heap        ] GC(67) Survivor regions: 0->0(15)
[25.130s][info][gc,heap        ] GC(67) Old regions: 18->19
[25.130s][info][gc,heap        ] GC(67) Humongous regions: 2->2
[25.130s][info][gc,metaspace   ] GC(67) Metaspace: 20003K(20736K)->20003K(20736K) NonClass: 17749K(18176K)->17749K(18176K) Class: 2254K(2560K)->2254K(2560K)
[25.130s][info][gc             ] GC(67) Pause Full (System.gc()) 1963M->76M(8192M) 46.980ms
[25.131s][info][gc,cpu         ] GC(67) User=0.05s Sys=0.00s Real=0.05s
[25.454s][info][gc,task        ] GC(68) Using 6 workers of 6 for full compaction
[25.454s][info][gc,start       ] GC(68) Pause Full (System.gc())
[25.454s][info][gc,phases,start] GC(68) Phase 1: Mark live objects
[25.473s][info][gc,stringtable ] GC(68) Cleaned string and symbol table, strings: 5704 processed, 0 removed, symbols: 53777 processed, 0 removed
[25.473s][info][gc,phases      ] GC(68) Phase 1: Mark live objects 18.252ms
[25.473s][info][gc,phases,start] GC(68) Phase 2: Prepare for compaction
[25.481s][info][gc,phases      ] GC(68) Phase 2: Prepare for compaction 8.737ms
[25.481s][info][gc,phases,start] GC(68) Phase 3: Adjust pointers
[25.491s][info][gc,phases      ] GC(68) Phase 3: Adjust pointers 9.716ms
[25.491s][info][gc,phases,start] GC(68) Phase 4: Compact heap
[25.497s][info][gc,phases      ] GC(68) Phase 4: Compact heap 5.691ms
[25.499s][info][gc,heap        ] GC(68) Eden regions: 472->0(1228)
[25.499s][info][gc,heap        ] GC(68) Survivor regions: 0->0(15)
[25.499s][info][gc,heap        ] GC(68) Old regions: 19->19
[25.499s][info][gc,heap        ] GC(68) Humongous regions: 2->2
[25.499s][info][gc,metaspace   ] GC(68) Metaspace: 20003K(20736K)->20003K(20736K) NonClass: 17749K(18176K)->17749K(18176K) Class: 2254K(2560K)->2254K(2560K)
[25.499s][info][gc             ] GC(68) Pause Full (System.gc()) 1964M->76M(8192M) 44.928ms
[25.499s][info][gc,cpu         ] GC(68) User=0.05s Sys=0.00s Real=0.03s
[25.826s][info][gc,task        ] GC(69) Using 6 workers of 6 for full compaction
[25.826s][info][gc,start       ] GC(69) Pause Full (System.gc())
[25.826s][info][gc,phases,start] GC(69) Phase 1: Mark live objects
[25.844s][info][gc,stringtable ] GC(69) Cleaned string and symbol table, strings: 5704 processed, 0 removed, symbols: 53777 processed, 0 removed
[25.845s][info][gc,phases      ] GC(69) Phase 1: Mark live objects 19.051ms
[25.845s][info][gc,phases,start] GC(69) Phase 2: Prepare for compaction
[25.854s][info][gc,phases      ] GC(69) Phase 2: Prepare for compaction 8.701ms
[25.854s][info][gc,phases,start] GC(69) Phase 3: Adjust pointers
[25.864s][info][gc,phases      ] GC(69) Phase 3: Adjust pointers 9.590ms
[25.864s][info][gc,phases,start] GC(69) Phase 4: Compact heap
[25.870s][info][gc,phases      ] GC(69) Phase 4: Compact heap 5.950ms
[25.872s][info][gc,heap        ] GC(69) Eden regions: 473->0(1228)
[25.872s][info][gc,heap        ] GC(69) Survivor regions: 0->0(15)
[25.872s][info][gc,heap        ] GC(69) Old regions: 19->19
[25.872s][info][gc,heap        ] GC(69) Humongous regions: 2->2
[25.872s][info][gc,metaspace   ] GC(69) Metaspace: 20003K(20736K)->20003K(20736K) NonClass: 17749K(18176K)->17749K(18176K) Class: 2254K(2560K)->2254K(2560K)
[25.872s][info][gc             ] GC(69) Pause Full (System.gc()) 1965M->76M(8192M) 45.740ms
[25.872s][info][gc,cpu         ] GC(69) User=0.08s Sys=0.00s Real=0.05s
[26.197s][info][gc,task        ] GC(70) Using 6 workers of 6 for full compaction
[26.197s][info][gc,start       ] GC(70) Pause Full (System.gc())
[26.197s][info][gc,phases,start] GC(70) Phase 1: Mark live objects
[26.215s][info][gc,stringtable ] GC(70) Cleaned string and symbol table, strings: 5706 processed, 0 removed, symbols: 53777 processed, 0 removed
[26.215s][info][gc,phases      ] GC(70) Phase 1: Mark live objects 17.834ms
[26.215s][info][gc,phases,start] GC(70) Phase 2: Prepare for compaction
[26.224s][info][gc,phases      ] GC(70) Phase 2: Prepare for compaction 9.069ms
[26.224s][info][gc,phases,start] GC(70) Phase 3: Adjust pointers
[26.233s][info][gc,phases      ] GC(70) Phase 3: Adjust pointers 8.721ms
[26.233s][info][gc,phases,start] GC(70) Phase 4: Compact heap
[26.240s][info][gc,phases      ] GC(70) Phase 4: Compact heap 7.278ms
[26.242s][info][gc,heap        ] GC(70) Eden regions: 473->0(1228)
[26.242s][info][gc,heap        ] GC(70) Survivor regions: 0->0(15)
[26.242s][info][gc,heap        ] GC(70) Old regions: 19->19
[26.242s][info][gc,heap        ] GC(70) Humongous regions: 2->2
[26.242s][info][gc,metaspace   ] GC(70) Metaspace: 20012K(20736K)->20012K(20736K) NonClass: 17758K(18176K)->17758K(18176K) Class: 2254K(2560K)->2254K(2560K)
[26.242s][info][gc             ] GC(70) Pause Full (System.gc()) 1968M->76M(8192M) 45.669ms
[26.243s][info][gc,cpu         ] GC(70) User=0.05s Sys=0.00s Real=0.05s
[26.567s][info][gc,task        ] GC(71) Using 6 workers of 6 for full compaction
[26.567s][info][gc,start       ] GC(71) Pause Full (System.gc())
[26.568s][info][gc,phases,start] GC(71) Phase 1: Mark live objects
[26.586s][info][gc,stringtable ] GC(71) Cleaned string and symbol table, strings: 5706 processed, 0 removed, symbols: 53777 processed, 0 removed
[26.586s][info][gc,phases      ] GC(71) Phase 1: Mark live objects 18.039ms
[26.586s][info][gc,phases,start] GC(71) Phase 2: Prepare for compaction
[26.595s][info][gc,phases      ] GC(71) Phase 2: Prepare for compaction 9.482ms
[26.595s][info][gc,phases,start] GC(71) Phase 3: Adjust pointers
[26.604s][info][gc,phases      ] GC(71) Phase 3: Adjust pointers 8.982ms
[26.604s][info][gc,phases,start] GC(71) Phase 4: Compact heap
[26.610s][info][gc,phases      ] GC(71) Phase 4: Compact heap 5.965ms
[26.612s][info][gc,heap        ] GC(71) Eden regions: 473->0(1228)
[26.612s][info][gc,heap        ] GC(71) Survivor regions: 0->0(15)
[26.612s][info][gc,heap        ] GC(71) Old regions: 19->19
[26.612s][info][gc,heap        ] GC(71) Humongous regions: 2->2
[26.612s][info][gc,metaspace   ] GC(71) Metaspace: 20012K(20736K)->20012K(20736K) NonClass: 17758K(18176K)->17758K(18176K) Class: 2254K(2560K)->2254K(2560K)
[26.612s][info][gc             ] GC(71) Pause Full (System.gc()) 1966M->76M(8192M) 44.817ms
[26.612s][info][gc,cpu         ] GC(71) User=0.03s Sys=0.00s Real=0.03s
[26.946s][info][gc,task        ] GC(72) Using 6 workers of 6 for full compaction
[26.946s][info][gc,start       ] GC(72) Pause Full (System.gc())
[26.947s][info][gc,phases,start] GC(72) Phase 1: Mark live objects
[26.964s][info][gc,stringtable ] GC(72) Cleaned string and symbol table, strings: 5706 processed, 0 removed, symbols: 53777 processed, 0 removed
[26.965s][info][gc,phases      ] GC(72) Phase 1: Mark live objects 17.857ms
[26.965s][info][gc,phases,start] GC(72) Phase 2: Prepare for compaction
[26.974s][info][gc,phases      ] GC(72) Phase 2: Prepare for compaction 9.157ms
[26.974s][info][gc,phases,start] GC(72) Phase 3: Adjust pointers
[26.983s][info][gc,phases      ] GC(72) Phase 3: Adjust pointers 8.872ms
[26.983s][info][gc,phases,start] GC(72) Phase 4: Compact heap
[26.989s][info][gc,phases      ] GC(72) Phase 4: Compact heap 6.617ms
[26.992s][info][gc,heap        ] GC(72) Eden regions: 472->0(1228)
[26.992s][info][gc,heap        ] GC(72) Survivor regions: 0->0(15)
[26.992s][info][gc,heap        ] GC(72) Old regions: 19->19
[26.992s][info][gc,heap        ] GC(72) Humongous regions: 2->2
[26.992s][info][gc,metaspace   ] GC(72) Metaspace: 20013K(20736K)->20013K(20736K) NonClass: 17759K(18176K)->17759K(18176K) Class: 2254K(2560K)->2254K(2560K)
[26.992s][info][gc             ] GC(72) Pause Full (System.gc()) 1964M->76M(8192M) 45.510ms
[26.992s][info][gc,cpu         ] GC(72) User=0.05s Sys=0.00s Real=0.03s
[27.308s][info][gc,task        ] GC(73) Using 6 workers of 6 for full compaction
[27.308s][info][gc,start       ] GC(73) Pause Full (System.gc())
[27.309s][info][gc,phases,start] GC(73) Phase 1: Mark live objects
[27.327s][info][gc,stringtable ] GC(73) Cleaned string and symbol table, strings: 5706 processed, 0 removed, symbols: 53777 processed, 0 removed
[27.327s][info][gc,phases      ] GC(73) Phase 1: Mark live objects 18.066ms
[27.327s][info][gc,phases,start] GC(73) Phase 2: Prepare for compaction
[27.335s][info][gc,phases      ] GC(73) Phase 2: Prepare for compaction 8.595ms
[27.335s][info][gc,phases,start] GC(73) Phase 3: Adjust pointers
[27.344s][info][gc,phases      ] GC(73) Phase 3: Adjust pointers 9.168ms
[27.345s][info][gc,phases,start] GC(73) Phase 4: Compact heap
[27.350s][info][gc,phases      ] GC(73) Phase 4: Compact heap 5.577ms
[27.353s][info][gc,heap        ] GC(73) Eden regions: 473->0(1228)
[27.353s][info][gc,heap        ] GC(73) Survivor regions: 0->0(15)
[27.353s][info][gc,heap        ] GC(73) Old regions: 19->18
[27.353s][info][gc,heap        ] GC(73) Humongous regions: 2->2
[27.353s][info][gc,metaspace   ] GC(73) Metaspace: 20013K(20736K)->20013K(20736K) NonClass: 17759K(18176K)->17759K(18176K) Class: 2254K(2560K)->2254K(2560K)
[27.353s][info][gc             ] GC(73) Pause Full (System.gc()) 1967M->76M(8192M) 44.269ms
[27.353s][info][gc,cpu         ] GC(73) User=0.05s Sys=0.00s Real=0.03s
[27.678s][info][gc,task        ] GC(74) Using 6 workers of 6 for full compaction
[27.679s][info][gc,start       ] GC(74) Pause Full (System.gc())
[27.679s][info][gc,phases,start] GC(74) Phase 1: Mark live objects
[27.697s][info][gc,stringtable ] GC(74) Cleaned string and symbol table, strings: 5706 processed, 0 removed, symbols: 53777 processed, 0 removed
[27.697s][info][gc,phases      ] GC(74) Phase 1: Mark live objects 17.982ms
[27.697s][info][gc,phases,start] GC(74) Phase 2: Prepare for compaction
[27.706s][info][gc,phases      ] GC(74) Phase 2: Prepare for compaction 9.125ms
[27.706s][info][gc,phases,start] GC(74) Phase 3: Adjust pointers
[27.716s][info][gc,phases      ] GC(74) Phase 3: Adjust pointers 9.773ms
[27.716s][info][gc,phases,start] GC(74) Phase 4: Compact heap
[27.722s][info][gc,phases      ] GC(74) Phase 4: Compact heap 6.397ms
[27.724s][info][gc,heap        ] GC(74) Eden regions: 473->0(1228)
[27.724s][info][gc,heap        ] GC(74) Survivor regions: 0->0(15)
[27.724s][info][gc,heap        ] GC(74) Old regions: 18->19
[27.724s][info][gc,heap        ] GC(74) Humongous regions: 2->2
[27.724s][info][gc,metaspace   ] GC(74) Metaspace: 20015K(20736K)->20015K(20736K) NonClass: 17761K(18176K)->17761K(18176K) Class: 2254K(2560K)->2254K(2560K)
[27.724s][info][gc             ] GC(74) Pause Full (System.gc()) 1966M->76M(8192M) 45.963ms
[27.725s][info][gc,cpu         ] GC(74) User=0.05s Sys=0.00s Real=0.05s
[28.041s][info][gc,task        ] GC(75) Using 6 workers of 6 for full compaction
[28.041s][info][gc,start       ] GC(75) Pause Full (System.gc())
[28.041s][info][gc,phases,start] GC(75) Phase 1: Mark live objects
[28.059s][info][gc,stringtable ] GC(75) Cleaned string and symbol table, strings: 5706 processed, 0 removed, symbols: 53777 processed, 0 removed
[28.060s][info][gc,phases      ] GC(75) Phase 1: Mark live objects 18.116ms
[28.060s][info][gc,phases,start] GC(75) Phase 2: Prepare for compaction
[28.070s][info][gc,phases      ] GC(75) Phase 2: Prepare for compaction 10.071ms
[28.070s][info][gc,phases,start] GC(75) Phase 3: Adjust pointers
[28.078s][info][gc,phases      ] GC(75) Phase 3: Adjust pointers 8.764ms
[28.078s][info][gc,phases,start] GC(75) Phase 4: Compact heap
[28.085s][info][gc,phases      ] GC(75) Phase 4: Compact heap 6.057ms
[28.088s][info][gc,heap        ] GC(75) Eden regions: 472->0(1228)
[28.088s][info][gc,heap        ] GC(75) Survivor regions: 0->0(15)
[28.088s][info][gc,heap        ] GC(75) Old regions: 19->19
[28.088s][info][gc,heap        ] GC(75) Humongous regions: 2->2
[28.088s][info][gc,metaspace   ] GC(75) Metaspace: 20015K(20736K)->20015K(20736K) NonClass: 17761K(18176K)->17761K(18176K) Class: 2254K(2560K)->2254K(2560K)
[28.088s][info][gc             ] GC(75) Pause Full (System.gc()) 1963M->76M(8192M) 46.336ms
[28.088s][info][gc,cpu         ] GC(75) User=0.06s Sys=0.00s Real=0.05s
[28.403s][info][gc,task        ] GC(76) Using 6 workers of 6 for full compaction
[28.403s][info][gc,start       ] GC(76) Pause Full (System.gc())
[28.403s][info][gc,phases,start] GC(76) Phase 1: Mark live objects
[28.421s][info][gc,stringtable ] GC(76) Cleaned string and symbol table, strings: 5706 processed, 0 removed, symbols: 53777 processed, 0 removed
[28.421s][info][gc,phases      ] GC(76) Phase 1: Mark live objects 17.994ms
[28.421s][info][gc,phases,start] GC(76) Phase 2: Prepare for compaction
[28.430s][info][gc,phases      ] GC(76) Phase 2: Prepare for compaction 8.835ms
[28.430s][info][gc,phases,start] GC(76) Phase 3: Adjust pointers
[28.439s][info][gc,phases      ] GC(76) Phase 3: Adjust pointers 8.665ms
[28.439s][info][gc,phases,start] GC(76) Phase 4: Compact heap
[28.445s][info][gc,phases      ] GC(76) Phase 4: Compact heap 5.650ms
[28.447s][info][gc,heap        ] GC(76) Eden regions: 472->0(1228)
[28.447s][info][gc,heap        ] GC(76) Survivor regions: 0->0(15)
[28.447s][info][gc,heap        ] GC(76) Old regions: 19->19
[28.447s][info][gc,heap        ] GC(76) Humongous regions: 2->2
[28.447s][info][gc,metaspace   ] GC(76) Metaspace: 20015K(20736K)->20015K(20736K) NonClass: 17761K(18176K)->17761K(18176K) Class: 2254K(2560K)->2254K(2560K)
[28.447s][info][gc             ] GC(76) Pause Full (System.gc()) 1964M->76M(8192M) 43.541ms
[28.447s][info][gc,cpu         ] GC(76) User=0.08s Sys=0.00s Real=0.05s
[28.762s][info][gc,task        ] GC(77) Using 6 workers of 6 for full compaction
[28.762s][info][gc,start       ] GC(77) Pause Full (System.gc())
[28.762s][info][gc,phases,start] GC(77) Phase 1: Mark live objects
[28.780s][info][gc,stringtable ] GC(77) Cleaned string and symbol table, strings: 5706 processed, 0 removed, symbols: 53777 processed, 0 removed
[28.780s][info][gc,phases      ] GC(77) Phase 1: Mark live objects 17.975ms
[28.780s][info][gc,phases,start] GC(77) Phase 2: Prepare for compaction
[28.789s][info][gc,phases      ] GC(77) Phase 2: Prepare for compaction 8.616ms
[28.789s][info][gc,phases,start] GC(77) Phase 3: Adjust pointers
[28.797s][info][gc,phases      ] GC(77) Phase 3: Adjust pointers 8.530ms
[28.797s][info][gc,phases,start] GC(77) Phase 4: Compact heap
[28.805s][info][gc,phases      ] GC(77) Phase 4: Compact heap 7.345ms
[28.807s][info][gc,heap        ] GC(77) Eden regions: 472->0(1228)
[28.807s][info][gc,heap        ] GC(77) Survivor regions: 0->0(15)
[28.807s][info][gc,heap        ] GC(77) Old regions: 19->18
[28.807s][info][gc,heap        ] GC(77) Humongous regions: 2->2
[28.807s][info][gc,metaspace   ] GC(77) Metaspace: 20015K(20736K)->20015K(20736K) NonClass: 17761K(18176K)->17761K(18176K) Class: 2254K(2560K)->2254K(2560K)
[28.807s][info][gc             ] GC(77) Pause Full (System.gc()) 1964M->76M(8192M) 45.178ms
[28.807s][info][gc,cpu         ] GC(77) User=0.05s Sys=0.00s Real=0.05s
[29.123s][info][gc,task        ] GC(78) Using 6 workers of 6 for full compaction
[29.123s][info][gc,start       ] GC(78) Pause Full (System.gc())
[29.124s][info][gc,phases,start] GC(78) Phase 1: Mark live objects
[29.142s][info][gc,stringtable ] GC(78) Cleaned string and symbol table, strings: 5706 processed, 0 removed, symbols: 53777 processed, 0 removed
[29.142s][info][gc,phases      ] GC(78) Phase 1: Mark live objects 18.346ms
[29.142s][info][gc,phases,start] GC(78) Phase 2: Prepare for compaction
[29.151s][info][gc,phases      ] GC(78) Phase 2: Prepare for compaction 8.660ms
[29.151s][info][gc,phases,start] GC(78) Phase 3: Adjust pointers
[29.159s][info][gc,phases      ] GC(78) Phase 3: Adjust pointers 8.492ms
[29.159s][info][gc,phases,start] GC(78) Phase 4: Compact heap
[29.165s][info][gc,phases      ] GC(78) Phase 4: Compact heap 5.860ms
[29.167s][info][gc,heap        ] GC(78) Eden regions: 473->0(1228)
[29.167s][info][gc,heap        ] GC(78) Survivor regions: 0->0(15)
[29.167s][info][gc,heap        ] GC(78) Old regions: 18->19
[29.167s][info][gc,heap        ] GC(78) Humongous regions: 2->2
[29.167s][info][gc,metaspace   ] GC(78) Metaspace: 20015K(20736K)->20015K(20736K) NonClass: 17761K(18176K)->17761K(18176K) Class: 2254K(2560K)->2254K(2560K)
[29.167s][info][gc             ] GC(78) Pause Full (System.gc()) 1965M->76M(8192M) 44.068ms
[29.168s][info][gc,cpu         ] GC(78) User=0.05s Sys=0.00s Real=0.05s
[29.488s][info][gc,task        ] GC(79) Using 6 workers of 6 for full compaction
[29.488s][info][gc,start       ] GC(79) Pause Full (System.gc())
[29.488s][info][gc,phases,start] GC(79) Phase 1: Mark live objects
[29.506s][info][gc,stringtable ] GC(79) Cleaned string and symbol table, strings: 5706 processed, 0 removed, symbols: 53777 processed, 0 removed
[29.506s][info][gc,phases      ] GC(79) Phase 1: Mark live objects 18.053ms
[29.506s][info][gc,phases,start] GC(79) Phase 2: Prepare for compaction
[29.515s][info][gc,phases      ] GC(79) Phase 2: Prepare for compaction 8.296ms
[29.515s][info][gc,phases,start] GC(79) Phase 3: Adjust pointers
[29.523s][info][gc,phases      ] GC(79) Phase 3: Adjust pointers 8.488ms
[29.523s][info][gc,phases,start] GC(79) Phase 4: Compact heap
[29.529s][info][gc,phases      ] GC(79) Phase 4: Compact heap 5.560ms
[29.531s][info][gc,heap        ] GC(79) Eden regions: 473->0(1228)
[29.531s][info][gc,heap        ] GC(79) Survivor regions: 0->0(15)
[29.531s][info][gc,heap        ] GC(79) Old regions: 19->19
[29.532s][info][gc,heap        ] GC(79) Humongous regions: 2->2
[29.532s][info][gc,metaspace   ] GC(79) Metaspace: 20015K(20736K)->20015K(20736K) NonClass: 17761K(18176K)->17761K(18176K) Class: 2254K(2560K)->2254K(2560K)
[29.532s][info][gc             ] GC(79) Pause Full (System.gc()) 1967M->76M(8192M) 43.353ms
[29.532s][info][gc,cpu         ] GC(79) User=0.03s Sys=0.00s Real=0.03s
[29.854s][info][gc,task        ] GC(80) Using 6 workers of 6 for full compaction
[29.854s][info][gc,start       ] GC(80) Pause Full (System.gc())
[29.855s][info][gc,phases,start] GC(80) Phase 1: Mark live objects
[29.872s][info][gc,stringtable ] GC(80) Cleaned string and symbol table, strings: 5706 processed, 0 removed, symbols: 53777 processed, 0 removed
[29.872s][info][gc,phases      ] GC(80) Phase 1: Mark live objects 17.782ms
[29.872s][info][gc,phases,start] GC(80) Phase 2: Prepare for compaction
[29.881s][info][gc,phases      ] GC(80) Phase 2: Prepare for compaction 8.939ms
[29.881s][info][gc,phases,start] GC(80) Phase 3: Adjust pointers
[29.891s][info][gc,phases      ] GC(80) Phase 3: Adjust pointers 9.256ms
[29.891s][info][gc,phases,start] GC(80) Phase 4: Compact heap
[29.896s][info][gc,phases      ] GC(80) Phase 4: Compact heap 5.289ms
[29.898s][info][gc,heap        ] GC(80) Eden regions: 473->0(1228)
[29.898s][info][gc,heap        ] GC(80) Survivor regions: 0->0(15)
[29.898s][info][gc,heap        ] GC(80) Old regions: 19->19
[29.899s][info][gc,heap        ] GC(80) Humongous regions: 2->2
[29.899s][info][gc,metaspace   ] GC(80) Metaspace: 20015K(20736K)->20015K(20736K) NonClass: 17761K(18176K)->17761K(18176K) Class: 2254K(2560K)->2254K(2560K)
[29.899s][info][gc             ] GC(80) Pause Full (System.gc()) 1966M->76M(8192M) 44.312ms
[29.899s][info][gc,cpu         ] GC(80) User=0.05s Sys=0.00s Real=0.05s
[30.219s][info][gc,task        ] GC(81) Using 6 workers of 6 for full compaction
[30.219s][info][gc,start       ] GC(81) Pause Full (System.gc())
[30.220s][info][gc,phases,start] GC(81) Phase 1: Mark live objects
[30.238s][info][gc,stringtable ] GC(81) Cleaned string and symbol table, strings: 5706 processed, 0 removed, symbols: 53777 processed, 0 removed
[30.238s][info][gc,phases      ] GC(81) Phase 1: Mark live objects 18.225ms
[30.238s][info][gc,phases,start] GC(81) Phase 2: Prepare for compaction
[30.247s][info][gc,phases      ] GC(81) Phase 2: Prepare for compaction 9.040ms
[30.247s][info][gc,phases,start] GC(81) Phase 3: Adjust pointers
[30.256s][info][gc,phases      ] GC(81) Phase 3: Adjust pointers 9.338ms
[30.256s][info][gc,phases,start] GC(81) Phase 4: Compact heap
[30.262s][info][gc,phases      ] GC(81) Phase 4: Compact heap 5.311ms
[30.264s][info][gc,heap        ] GC(81) Eden regions: 473->0(1228)
[30.264s][info][gc,heap        ] GC(81) Survivor regions: 0->0(15)
[30.264s][info][gc,heap        ] GC(81) Old regions: 19->18
[30.264s][info][gc,heap        ] GC(81) Humongous regions: 2->2
[30.264s][info][gc,metaspace   ] GC(81) Metaspace: 20015K(20736K)->20015K(20736K) NonClass: 17761K(18176K)->17761K(18176K) Class: 2254K(2560K)->2254K(2560K)
[30.264s][info][gc             ] GC(81) Pause Full (System.gc()) 1965M->76M(8192M) 44.647ms
[30.264s][info][gc,cpu         ] GC(81) User=0.05s Sys=0.00s Real=0.04s
[30.587s][info][gc,task        ] GC(82) Using 6 workers of 6 for full compaction
[30.587s][info][gc,start       ] GC(82) Pause Full (System.gc())
[30.587s][info][gc,phases,start] GC(82) Phase 1: Mark live objects
[30.605s][info][gc,stringtable ] GC(82) Cleaned string and symbol table, strings: 5706 processed, 0 removed, symbols: 53777 processed, 0 removed
[30.605s][info][gc,phases      ] GC(82) Phase 1: Mark live objects 18.031ms
[30.605s][info][gc,phases,start] GC(82) Phase 2: Prepare for compaction
[30.614s][info][gc,phases      ] GC(82) Phase 2: Prepare for compaction 9.237ms
[30.614s][info][gc,phases,start] GC(82) Phase 3: Adjust pointers
[30.623s][info][gc,phases      ] GC(82) Phase 3: Adjust pointers 9.180ms
[30.623s][info][gc,phases,start] GC(82) Phase 4: Compact heap
[30.629s][info][gc,phases      ] GC(82) Phase 4: Compact heap 5.812ms
[30.632s][info][gc,heap        ] GC(82) Eden regions: 473->0(1228)
[30.632s][info][gc,heap        ] GC(82) Survivor regions: 0->0(15)
[30.632s][info][gc,heap        ] GC(82) Old regions: 18->19
[30.632s][info][gc,heap        ] GC(82) Humongous regions: 2->2
[30.632s][info][gc,metaspace   ] GC(82) Metaspace: 20015K(20736K)->20015K(20736K) NonClass: 17761K(18176K)->17761K(18176K) Class: 2254K(2560K)->2254K(2560K)
[30.632s][info][gc             ] GC(82) Pause Full (System.gc()) 1965M->76M(8192M) 44.971ms
[30.632s][info][gc,cpu         ] GC(82) User=0.08s Sys=0.00s Real=0.05s
[30.951s][info][gc,task        ] GC(83) Using 6 workers of 6 for full compaction
[30.951s][info][gc,start       ] GC(83) Pause Full (System.gc())
[30.951s][info][gc,phases,start] GC(83) Phase 1: Mark live objects
[30.969s][info][gc,stringtable ] GC(83) Cleaned string and symbol table, strings: 5706 processed, 0 removed, symbols: 53777 processed, 0 removed
[30.969s][info][gc,phases      ] GC(83) Phase 1: Mark live objects 17.925ms
[30.969s][info][gc,phases,start] GC(83) Phase 2: Prepare for compaction
[30.978s][info][gc,phases      ] GC(83) Phase 2: Prepare for compaction 8.620ms
[30.978s][info][gc,phases,start] GC(83) Phase 3: Adjust pointers
[30.988s][info][gc,phases      ] GC(83) Phase 3: Adjust pointers 9.787ms
[30.988s][info][gc,phases,start] GC(83) Phase 4: Compact heap
[30.994s][info][gc,phases      ] GC(83) Phase 4: Compact heap 5.642ms
[30.996s][info][gc,heap        ] GC(83) Eden regions: 472->0(1228)
[30.996s][info][gc,heap        ] GC(83) Survivor regions: 0->0(15)
[30.996s][info][gc,heap        ] GC(83) Old regions: 19->19
[30.996s][info][gc,heap        ] GC(83) Humongous regions: 2->2
[30.996s][info][gc,metaspace   ] GC(83) Metaspace: 20015K(20736K)->20015K(20736K) NonClass: 17761K(18176K)->17761K(18176K) Class: 2254K(2560K)->2254K(2560K)
[30.996s][info][gc             ] GC(83) Pause Full (System.gc()) 1964M->76M(8192M) 44.428ms
[30.996s][info][gc,cpu         ] GC(83) User=0.05s Sys=0.00s Real=0.03s
[31.316s][info][gc,task        ] GC(84) Using 6 workers of 6 for full compaction
[31.316s][info][gc,start       ] GC(84) Pause Full (System.gc())
[31.316s][info][gc,phases,start] GC(84) Phase 1: Mark live objects
[31.334s][info][gc,stringtable ] GC(84) Cleaned string and symbol table, strings: 5706 processed, 0 removed, symbols: 53777 processed, 0 removed
[31.334s][info][gc,phases      ] GC(84) Phase 1: Mark live objects 17.976ms
[31.334s][info][gc,phases,start] GC(84) Phase 2: Prepare for compaction
[31.343s][info][gc,phases      ] GC(84) Phase 2: Prepare for compaction 8.873ms
[31.343s][info][gc,phases,start] GC(84) Phase 3: Adjust pointers
[31.353s][info][gc,phases      ] GC(84) Phase 3: Adjust pointers 9.638ms
[31.353s][info][gc,phases,start] GC(84) Phase 4: Compact heap
[31.358s][info][gc,phases      ] GC(84) Phase 4: Compact heap 5.750ms
[31.360s][info][gc,heap        ] GC(84) Eden regions: 472->0(1228)
[31.360s][info][gc,heap        ] GC(84) Survivor regions: 0->0(15)
[31.360s][info][gc,heap        ] GC(84) Old regions: 19->19
[31.361s][info][gc,heap        ] GC(84) Humongous regions: 2->2
[31.361s][info][gc,metaspace   ] GC(84) Metaspace: 20015K(20736K)->20015K(20736K) NonClass: 17761K(18176K)->17761K(18176K) Class: 2254K(2560K)->2254K(2560K)
[31.361s][info][gc             ] GC(84) Pause Full (System.gc()) 1963M->76M(8192M) 44.790ms
[31.361s][info][gc,cpu         ] GC(84) User=0.08s Sys=0.00s Real=0.05s
[31.684s][info][gc,task        ] GC(85) Using 6 workers of 6 for full compaction
[31.684s][info][gc,start       ] GC(85) Pause Full (System.gc())
[31.685s][info][gc,phases,start] GC(85) Phase 1: Mark live objects
[31.702s][info][gc,stringtable ] GC(85) Cleaned string and symbol table, strings: 5706 processed, 0 removed, symbols: 53777 processed, 0 removed
[31.702s][info][gc,phases      ] GC(85) Phase 1: Mark live objects 17.908ms
[31.702s][info][gc,phases,start] GC(85) Phase 2: Prepare for compaction
[31.711s][info][gc,phases      ] GC(85) Phase 2: Prepare for compaction 8.339ms
[31.711s][info][gc,phases,start] GC(85) Phase 3: Adjust pointers
[31.720s][info][gc,phases      ] GC(85) Phase 3: Adjust pointers 8.914ms
[31.720s][info][gc,phases,start] GC(85) Phase 4: Compact heap
[31.725s][info][gc,phases      ] GC(85) Phase 4: Compact heap 5.591ms
[31.727s][info][gc,heap        ] GC(85) Eden regions: 473->0(1228)
[31.728s][info][gc,heap        ] GC(85) Survivor regions: 0->0(15)
[31.728s][info][gc,heap        ] GC(85) Old regions: 19->19
[31.728s][info][gc,heap        ] GC(85) Humongous regions: 2->2
[31.728s][info][gc,metaspace   ] GC(85) Metaspace: 20015K(20736K)->20015K(20736K) NonClass: 17761K(18176K)->17761K(18176K) Class: 2254K(2560K)->2254K(2560K)
[31.728s][info][gc             ] GC(85) Pause Full (System.gc()) 1965M->76M(8192M) 43.149ms
[31.728s][info][gc,cpu         ] GC(85) User=0.08s Sys=0.00s Real=0.04s
[32.049s][info][gc,task        ] GC(86) Using 6 workers of 6 for full compaction
[32.050s][info][gc,start       ] GC(86) Pause Full (System.gc())
[32.050s][info][gc,phases,start] GC(86) Phase 1: Mark live objects
[32.068s][info][gc,stringtable ] GC(86) Cleaned string and symbol table, strings: 5706 processed, 0 removed, symbols: 53777 processed, 0 removed
[32.068s][info][gc,phases      ] GC(86) Phase 1: Mark live objects 18.088ms
[32.068s][info][gc,phases,start] GC(86) Phase 2: Prepare for compaction
[32.077s][info][gc,phases      ] GC(86) Phase 2: Prepare for compaction 8.894ms
[32.077s][info][gc,phases,start] GC(86) Phase 3: Adjust pointers
[32.087s][info][gc,phases      ] GC(86) Phase 3: Adjust pointers 9.995ms
[32.087s][info][gc,phases,start] GC(86) Phase 4: Compact heap
[32.093s][info][gc,phases      ] GC(86) Phase 4: Compact heap 5.842ms
[32.095s][info][gc,heap        ] GC(86) Eden regions: 472->0(1228)
[32.095s][info][gc,heap        ] GC(86) Survivor regions: 0->0(15)
[32.095s][info][gc,heap        ] GC(86) Old regions: 19->19
[32.095s][info][gc,heap        ] GC(86) Humongous regions: 2->2
[32.095s][info][gc,metaspace   ] GC(86) Metaspace: 20017K(20736K)->20017K(20736K) NonClass: 17763K(18176K)->17763K(18176K) Class: 2254K(2560K)->2254K(2560K)
[32.095s][info][gc             ] GC(86) Pause Full (System.gc()) 1963M->76M(8192M) 45.372ms
[32.095s][info][gc,cpu         ] GC(86) User=0.08s Sys=0.00s Real=0.05s
[32.420s][info][gc,task        ] GC(87) Using 6 workers of 6 for full compaction
[32.420s][info][gc,start       ] GC(87) Pause Full (System.gc())
[32.420s][info][gc,phases,start] GC(87) Phase 1: Mark live objects
[32.438s][info][gc,stringtable ] GC(87) Cleaned string and symbol table, strings: 5706 processed, 0 removed, symbols: 53777 processed, 0 removed
[32.438s][info][gc,phases      ] GC(87) Phase 1: Mark live objects 18.011ms
[32.438s][info][gc,phases,start] GC(87) Phase 2: Prepare for compaction
[32.448s][info][gc,phases      ] GC(87) Phase 2: Prepare for compaction 9.264ms
[32.448s][info][gc,phases,start] GC(87) Phase 3: Adjust pointers
[32.457s][info][gc,phases      ] GC(87) Phase 3: Adjust pointers 9.596ms
[32.457s][info][gc,phases,start] GC(87) Phase 4: Compact heap
[32.464s][info][gc,phases      ] GC(87) Phase 4: Compact heap 6.264ms
[32.466s][info][gc,heap        ] GC(87) Eden regions: 472->0(1228)
[32.466s][info][gc,heap        ] GC(87) Survivor regions: 0->0(15)
[32.466s][info][gc,heap        ] GC(87) Old regions: 19->19
[32.466s][info][gc,heap        ] GC(87) Humongous regions: 2->2
[32.466s][info][gc,metaspace   ] GC(87) Metaspace: 20018K(20736K)->20018K(20736K) NonClass: 17764K(18176K)->17764K(18176K) Class: 2254K(2560K)->2254K(2560K)
[32.466s][info][gc             ] GC(87) Pause Full (System.gc()) 1963M->76M(8192M) 45.972ms
[32.466s][info][gc,cpu         ] GC(87) User=0.05s Sys=0.00s Real=0.05s
[32.788s][info][gc,task        ] GC(88) Using 6 workers of 6 for full compaction
[32.788s][info][gc,start       ] GC(88) Pause Full (System.gc())
[32.789s][info][gc,phases,start] GC(88) Phase 1: Mark live objects
[32.807s][info][gc,stringtable ] GC(88) Cleaned string and symbol table, strings: 5706 processed, 0 removed, symbols: 53777 processed, 0 removed
[32.807s][info][gc,phases      ] GC(88) Phase 1: Mark live objects 18.199ms
[32.807s][info][gc,phases,start] GC(88) Phase 2: Prepare for compaction
[32.815s][info][gc,phases      ] GC(88) Phase 2: Prepare for compaction 8.616ms
[32.815s][info][gc,phases,start] GC(88) Phase 3: Adjust pointers
[32.824s][info][gc,phases      ] GC(88) Phase 3: Adjust pointers 8.671ms
[32.824s][info][gc,phases,start] GC(88) Phase 4: Compact heap
[32.830s][info][gc,phases      ] GC(88) Phase 4: Compact heap 5.425ms
[32.832s][info][gc,heap        ] GC(88) Eden regions: 472->0(1228)
[32.832s][info][gc,heap        ] GC(88) Survivor regions: 0->0(15)
[32.832s][info][gc,heap        ] GC(88) Old regions: 19->19
[32.832s][info][gc,heap        ] GC(88) Humongous regions: 2->2
[32.832s][info][gc,metaspace   ] GC(88) Metaspace: 20019K(20736K)->20019K(20736K) NonClass: 17765K(18176K)->17765K(18176K) Class: 2254K(2560K)->2254K(2560K)
[32.832s][info][gc             ] GC(88) Pause Full (System.gc()) 1963M->76M(8192M) 43.669ms
[32.832s][info][gc,cpu         ] GC(88) User=0.06s Sys=0.00s Real=0.05s
[33.154s][info][gc,task        ] GC(89) Using 6 workers of 6 for full compaction
[33.154s][info][gc,start       ] GC(89) Pause Full (System.gc())
[33.154s][info][gc,phases,start] GC(89) Phase 1: Mark live objects
[33.172s][info][gc,stringtable ] GC(89) Cleaned string and symbol table, strings: 5706 processed, 0 removed, symbols: 53777 processed, 0 removed
[33.172s][info][gc,phases      ] GC(89) Phase 1: Mark live objects 18.045ms
[33.172s][info][gc,phases,start] GC(89) Phase 2: Prepare for compaction
[33.181s][info][gc,phases      ] GC(89) Phase 2: Prepare for compaction 9.355ms
[33.181s][info][gc,phases,start] GC(89) Phase 3: Adjust pointers
[33.190s][info][gc,phases      ] GC(89) Phase 3: Adjust pointers 9.063ms
[33.191s][info][gc,phases,start] GC(89) Phase 4: Compact heap
[33.197s][info][gc,phases      ] GC(89) Phase 4: Compact heap 6.481ms
[33.200s][info][gc,heap        ] GC(89) Eden regions: 472->0(1228)
[33.200s][info][gc,heap        ] GC(89) Survivor regions: 0->0(15)
[33.200s][info][gc,heap        ] GC(89) Old regions: 19->19
[33.200s][info][gc,heap        ] GC(89) Humongous regions: 2->2
[33.200s][info][gc,metaspace   ] GC(89) Metaspace: 20019K(20736K)->20019K(20736K) NonClass: 17765K(18176K)->17765K(18176K) Class: 2254K(2560K)->2254K(2560K)
[33.200s][info][gc             ] GC(89) Pause Full (System.gc()) 1964M->76M(8192M) 45.953ms
[33.200s][info][gc,cpu         ] GC(89) User=0.09s Sys=0.00s Real=0.05s
[33.519s][info][gc,task        ] GC(90) Using 6 workers of 6 for full compaction
[33.520s][info][gc,start       ] GC(90) Pause Full (System.gc())
[33.520s][info][gc,phases,start] GC(90) Phase 1: Mark live objects
[33.538s][info][gc,stringtable ] GC(90) Cleaned string and symbol table, strings: 5706 processed, 0 removed, symbols: 53777 processed, 0 removed
[33.538s][info][gc,phases      ] GC(90) Phase 1: Mark live objects 18.027ms
[33.538s][info][gc,phases,start] GC(90) Phase 2: Prepare for compaction
[33.547s][info][gc,phases      ] GC(90) Phase 2: Prepare for compaction 8.715ms
[33.547s][info][gc,phases,start] GC(90) Phase 3: Adjust pointers
[33.556s][info][gc,phases      ] GC(90) Phase 3: Adjust pointers 9.507ms
[33.556s][info][gc,phases,start] GC(90) Phase 4: Compact heap
[33.562s][info][gc,phases      ] GC(90) Phase 4: Compact heap 5.785ms
[33.565s][info][gc,heap        ] GC(90) Eden regions: 472->0(1228)
[33.565s][info][gc,heap        ] GC(90) Survivor regions: 0->0(15)
[33.565s][info][gc,heap        ] GC(90) Old regions: 19->19
[33.565s][info][gc,heap        ] GC(90) Humongous regions: 2->2
[33.565s][info][gc,metaspace   ] GC(90) Metaspace: 20019K(20736K)->20019K(20736K) NonClass: 17765K(18176K)->17765K(18176K) Class: 2254K(2560K)->2254K(2560K)
[33.565s][info][gc             ] GC(90) Pause Full (System.gc()) 1962M->76M(8192M) 45.057ms
[33.565s][info][gc,cpu         ] GC(90) User=0.08s Sys=0.00s Real=0.05s
[33.877s][info][gc,task        ] GC(91) Using 6 workers of 6 for full compaction
[33.878s][info][gc,start       ] GC(91) Pause Full (System.gc())
[33.878s][info][gc,phases,start] GC(91) Phase 1: Mark live objects
[33.896s][info][gc,stringtable ] GC(91) Cleaned string and symbol table, strings: 5706 processed, 0 removed, symbols: 53777 processed, 0 removed
[33.896s][info][gc,phases      ] GC(91) Phase 1: Mark live objects 17.986ms
[33.896s][info][gc,phases,start] GC(91) Phase 2: Prepare for compaction
[33.905s][info][gc,phases      ] GC(91) Phase 2: Prepare for compaction 9.161ms
[33.905s][info][gc,phases,start] GC(91) Phase 3: Adjust pointers
[33.914s][info][gc,phases      ] GC(91) Phase 3: Adjust pointers 9.497ms
[33.915s][info][gc,phases,start] GC(91) Phase 4: Compact heap
[33.921s][info][gc,phases      ] GC(91) Phase 4: Compact heap 5.995ms
[33.923s][info][gc,heap        ] GC(91) Eden regions: 473->0(1228)
[33.923s][info][gc,heap        ] GC(91) Survivor regions: 0->0(15)
[33.923s][info][gc,heap        ] GC(91) Old regions: 19->19
[33.923s][info][gc,heap        ] GC(91) Humongous regions: 2->2
[33.923s][info][gc,metaspace   ] GC(91) Metaspace: 20020K(20736K)->20020K(20736K) NonClass: 17766K(18176K)->17766K(18176K) Class: 2254K(2560K)->2254K(2560K)
[33.923s][info][gc             ] GC(91) Pause Full (System.gc()) 1966M->76M(8192M) 45.312ms
[33.923s][info][gc,cpu         ] GC(91) User=0.05s Sys=0.00s Real=0.05s
[34.246s][info][gc,task        ] GC(92) Using 6 workers of 6 for full compaction
[34.246s][info][gc,start       ] GC(92) Pause Full (System.gc())
[34.247s][info][gc,phases,start] GC(92) Phase 1: Mark live objects
[34.265s][info][gc,stringtable ] GC(92) Cleaned string and symbol table, strings: 5706 processed, 0 removed, symbols: 53777 processed, 0 removed
[34.265s][info][gc,phases      ] GC(92) Phase 1: Mark live objects 18.194ms
[34.265s][info][gc,phases,start] GC(92) Phase 2: Prepare for compaction
[34.274s][info][gc,phases      ] GC(92) Phase 2: Prepare for compaction 9.362ms
[34.274s][info][gc,phases,start] GC(92) Phase 3: Adjust pointers
[34.284s][info][gc,phases      ] GC(92) Phase 3: Adjust pointers 10.029ms
[34.284s][info][gc,phases,start] GC(92) Phase 4: Compact heap
[34.290s][info][gc,phases      ] GC(92) Phase 4: Compact heap 6.229ms
[34.293s][info][gc,heap        ] GC(92) Eden regions: 472->0(1228)
[34.293s][info][gc,heap        ] GC(92) Survivor regions: 0->0(15)
[34.293s][info][gc,heap        ] GC(92) Old regions: 19->19
[34.293s][info][gc,heap        ] GC(92) Humongous regions: 2->2
[34.293s][info][gc,metaspace   ] GC(92) Metaspace: 20024K(20736K)->20024K(20736K) NonClass: 17770K(18176K)->17770K(18176K) Class: 2254K(2560K)->2254K(2560K)
[34.293s][info][gc             ] GC(92) Pause Full (System.gc()) 1964M->76M(8192M) 46.837ms
[34.293s][info][gc,cpu         ] GC(92) User=0.05s Sys=0.00s Real=0.05s
[34.611s][info][gc,task        ] GC(93) Using 6 workers of 6 for full compaction
[34.611s][info][gc,start       ] GC(93) Pause Full (System.gc())
[34.611s][info][gc,phases,start] GC(93) Phase 1: Mark live objects
[34.629s][info][gc,stringtable ] GC(93) Cleaned string and symbol table, strings: 5706 processed, 0 removed, symbols: 53777 processed, 0 removed
[34.629s][info][gc,phases      ] GC(93) Phase 1: Mark live objects 18.077ms
[34.629s][info][gc,phases,start] GC(93) Phase 2: Prepare for compaction
[34.638s][info][gc,phases      ] GC(93) Phase 2: Prepare for compaction 8.951ms
[34.639s][info][gc,phases,start] GC(93) Phase 3: Adjust pointers
[34.648s][info][gc,phases      ] GC(93) Phase 3: Adjust pointers 9.002ms
[34.648s][info][gc,phases,start] GC(93) Phase 4: Compact heap
[34.653s][info][gc,phases      ] GC(93) Phase 4: Compact heap 5.417ms
[34.655s][info][gc,heap        ] GC(93) Eden regions: 473->0(1228)
[34.655s][info][gc,heap        ] GC(93) Survivor regions: 0->0(15)
[34.655s][info][gc,heap        ] GC(93) Old regions: 19->18
[34.655s][info][gc,heap        ] GC(93) Humongous regions: 2->2
[34.655s][info][gc,metaspace   ] GC(93) Metaspace: 20024K(20736K)->20024K(20736K) NonClass: 17770K(18176K)->17770K(18176K) Class: 2254K(2560K)->2254K(2560K)
[34.655s][info][gc             ] GC(93) Pause Full (System.gc()) 1966M->76M(8192M) 43.964ms
[34.655s][info][gc,cpu         ] GC(93) User=0.05s Sys=0.00s Real=0.05s
[34.965s][info][gc,task        ] GC(94) Using 6 workers of 6 for full compaction
[34.965s][info][gc,start       ] GC(94) Pause Full (System.gc())
[34.965s][info][gc,phases,start] GC(94) Phase 1: Mark live objects
[34.983s][info][gc,stringtable ] GC(94) Cleaned string and symbol table, strings: 5706 processed, 0 removed, symbols: 53777 processed, 0 removed
[34.983s][info][gc,phases      ] GC(94) Phase 1: Mark live objects 18.129ms
[34.983s][info][gc,phases,start] GC(94) Phase 2: Prepare for compaction
[34.991s][info][gc,phases      ] GC(94) Phase 2: Prepare for compaction 8.215ms
[34.991s][info][gc,phases,start] GC(94) Phase 3: Adjust pointers
[35.000s][info][gc,phases      ] GC(94) Phase 3: Adjust pointers 9.162ms
[35.001s][info][gc,phases,start] GC(94) Phase 4: Compact heap
[35.006s][info][gc,phases      ] GC(94) Phase 4: Compact heap 5.383ms
[35.008s][info][gc,heap        ] GC(94) Eden regions: 472->0(1228)
[35.008s][info][gc,heap        ] GC(94) Survivor regions: 0->0(15)
[35.008s][info][gc,heap        ] GC(94) Old regions: 18->19
[35.008s][info][gc,heap        ] GC(94) Humongous regions: 2->2
[35.008s][info][gc,metaspace   ] GC(94) Metaspace: 20024K(20736K)->20024K(20736K) NonClass: 17770K(18176K)->17770K(18176K) Class: 2254K(2560K)->2254K(2560K)
[35.008s][info][gc             ] GC(94) Pause Full (System.gc()) 1964M->76M(8192M) 43.247ms
[35.008s][info][gc,cpu         ] GC(94) User=0.05s Sys=0.00s Real=0.05s
[35.325s][info][gc,task        ] GC(95) Using 6 workers of 6 for full compaction
[35.325s][info][gc,start       ] GC(95) Pause Full (System.gc())
[35.325s][info][gc,phases,start] GC(95) Phase 1: Mark live objects
[35.343s][info][gc,stringtable ] GC(95) Cleaned string and symbol table, strings: 5706 processed, 0 removed, symbols: 53777 processed, 0 removed
[35.344s][info][gc,phases      ] GC(95) Phase 1: Mark live objects 18.309ms
[35.344s][info][gc,phases,start] GC(95) Phase 2: Prepare for compaction
[35.354s][info][gc,phases      ] GC(95) Phase 2: Prepare for compaction 10.613ms
[35.354s][info][gc,phases,start] GC(95) Phase 3: Adjust pointers
[35.365s][info][gc,phases      ] GC(95) Phase 3: Adjust pointers 10.500ms
[35.365s][info][gc,phases,start] GC(95) Phase 4: Compact heap
[35.371s][info][gc,phases      ] GC(95) Phase 4: Compact heap 6.613ms
[35.374s][info][gc,heap        ] GC(95) Eden regions: 472->0(1228)
[35.374s][info][gc,heap        ] GC(95) Survivor regions: 0->0(15)
[35.374s][info][gc,heap        ] GC(95) Old regions: 19->18
[35.374s][info][gc,heap        ] GC(95) Humongous regions: 2->2
[35.374s][info][gc,metaspace   ] GC(95) Metaspace: 20024K(20736K)->20024K(20736K) NonClass: 17770K(18176K)->17770K(18176K) Class: 2254K(2560K)->2254K(2560K)
[35.374s][info][gc             ] GC(95) Pause Full (System.gc()) 1963M->76M(8192M) 48.635ms
[35.374s][info][gc,cpu         ] GC(95) User=0.03s Sys=0.00s Real=0.05s
[35.697s][info][gc,task        ] GC(96) Using 6 workers of 6 for full compaction
[35.697s][info][gc,start       ] GC(96) Pause Full (System.gc())
[35.697s][info][gc,phases,start] GC(96) Phase 1: Mark live objects
[35.715s][info][gc,stringtable ] GC(96) Cleaned string and symbol table, strings: 5721 processed, 0 removed, symbols: 53777 processed, 0 removed
[35.715s][info][gc,phases      ] GC(96) Phase 1: Mark live objects 17.935ms
[35.715s][info][gc,phases,start] GC(96) Phase 2: Prepare for compaction
[35.724s][info][gc,phases      ] GC(96) Phase 2: Prepare for compaction 9.002ms
[35.724s][info][gc,phases,start] GC(96) Phase 3: Adjust pointers
[35.734s][info][gc,phases      ] GC(96) Phase 3: Adjust pointers 9.295ms
[35.734s][info][gc,phases,start] GC(96) Phase 4: Compact heap
[35.739s][info][gc,phases      ] GC(96) Phase 4: Compact heap 5.786ms
[35.741s][info][gc,heap        ] GC(96) Eden regions: 472->0(1228)
[35.742s][info][gc,heap        ] GC(96) Survivor regions: 0->0(15)
[35.742s][info][gc,heap        ] GC(96) Old regions: 18->19
[35.742s][info][gc,heap        ] GC(96) Humongous regions: 2->2
[35.742s][info][gc,metaspace   ] GC(96) Metaspace: 20024K(20736K)->20024K(20736K) NonClass: 17770K(18176K)->17770K(18176K) Class: 2254K(2560K)->2254K(2560K)
[35.742s][info][gc             ] GC(96) Pause Full (System.gc()) 1964M->76M(8192M) 44.491ms
[35.742s][info][gc,cpu         ] GC(96) User=0.06s Sys=0.00s Real=0.05s
[36.067s][info][gc,task        ] GC(97) Using 6 workers of 6 for full compaction
[36.067s][info][gc,start       ] GC(97) Pause Full (System.gc())
[36.068s][info][gc,phases,start] GC(97) Phase 1: Mark live objects
[36.085s][info][gc,stringtable ] GC(97) Cleaned string and symbol table, strings: 5721 processed, 0 removed, symbols: 53777 processed, 0 removed
[36.085s][info][gc,phases      ] GC(97) Phase 1: Mark live objects 17.933ms
[36.085s][info][gc,phases,start] GC(97) Phase 2: Prepare for compaction
[36.095s][info][gc,phases      ] GC(97) Phase 2: Prepare for compaction 9.720ms
[36.095s][info][gc,phases,start] GC(97) Phase 3: Adjust pointers
[36.105s][info][gc,phases      ] GC(97) Phase 3: Adjust pointers 9.424ms
[36.105s][info][gc,phases,start] GC(97) Phase 4: Compact heap
[36.111s][info][gc,phases      ] GC(97) Phase 4: Compact heap 5.764ms
[36.113s][info][gc,heap        ] GC(97) Eden regions: 472->0(1228)
[36.113s][info][gc,heap        ] GC(97) Survivor regions: 0->0(15)
[36.113s][info][gc,heap        ] GC(97) Old regions: 19->18
[36.113s][info][gc,heap        ] GC(97) Humongous regions: 2->2
[36.113s][info][gc,metaspace   ] GC(97) Metaspace: 20024K(20736K)->20024K(20736K) NonClass: 17770K(18176K)->17770K(18176K) Class: 2254K(2560K)->2254K(2560K)
[36.113s][info][gc             ] GC(97) Pause Full (System.gc()) 1964M->76M(8192M) 46.048ms
[36.114s][info][gc,cpu         ] GC(97) User=0.05s Sys=0.00s Real=0.05s
[36.463s][info][gc,task        ] GC(98) Using 6 workers of 6 for full compaction
[36.463s][info][gc,start       ] GC(98) Pause Full (System.gc())
[36.463s][info][gc,phases,start] GC(98) Phase 1: Mark live objects
[36.481s][info][gc,stringtable ] GC(98) Cleaned string and symbol table, strings: 5721 processed, 0 removed, symbols: 53777 processed, 0 removed
[36.481s][info][gc,phases      ] GC(98) Phase 1: Mark live objects 17.920ms
[36.481s][info][gc,phases,start] GC(98) Phase 2: Prepare for compaction
[36.490s][info][gc,phases      ] GC(98) Phase 2: Prepare for compaction 9.208ms
[36.490s][info][gc,phases,start] GC(98) Phase 3: Adjust pointers
[36.500s][info][gc,phases      ] GC(98) Phase 3: Adjust pointers 10.021ms
[36.501s][info][gc,phases,start] GC(98) Phase 4: Compact heap
[36.506s][info][gc,phases      ] GC(98) Phase 4: Compact heap 5.942ms
[36.509s][info][gc,heap        ] GC(98) Eden regions: 473->0(1228)
[36.509s][info][gc,heap        ] GC(98) Survivor regions: 0->0(15)
[36.509s][info][gc,heap        ] GC(98) Old regions: 18->18
[36.509s][info][gc,heap        ] GC(98) Humongous regions: 2->2
[36.509s][info][gc,metaspace   ] GC(98) Metaspace: 20024K(20736K)->20024K(20736K) NonClass: 17770K(18176K)->17770K(18176K) Class: 2254K(2560K)->2254K(2560K)
[36.509s][info][gc             ] GC(98) Pause Full (System.gc()) 1967M->76M(8192M) 45.514ms
[36.509s][info][gc,cpu         ] GC(98) User=0.08s Sys=0.00s Real=0.05s
[36.836s][info][gc,task        ] GC(99) Using 6 workers of 6 for full compaction
[36.836s][info][gc,start       ] GC(99) Pause Full (System.gc())
[36.836s][info][gc,phases,start] GC(99) Phase 1: Mark live objects
[36.854s][info][gc,stringtable ] GC(99) Cleaned string and symbol table, strings: 5721 processed, 0 removed, symbols: 53777 processed, 0 removed
[36.854s][info][gc,phases      ] GC(99) Phase 1: Mark live objects 18.038ms
[36.854s][info][gc,phases,start] GC(99) Phase 2: Prepare for compaction
[36.863s][info][gc,phases      ] GC(99) Phase 2: Prepare for compaction 9.146ms
[36.863s][info][gc,phases,start] GC(99) Phase 3: Adjust pointers
[36.872s][info][gc,phases      ] GC(99) Phase 3: Adjust pointers 8.871ms
[36.872s][info][gc,phases,start] GC(99) Phase 4: Compact heap
[36.878s][info][gc,phases      ] GC(99) Phase 4: Compact heap 5.846ms
[36.880s][info][gc,heap        ] GC(99) Eden regions: 472->0(1228)
[36.880s][info][gc,heap        ] GC(99) Survivor regions: 0->0(15)
[36.880s][info][gc,heap        ] GC(99) Old regions: 18->19
[36.880s][info][gc,heap        ] GC(99) Humongous regions: 2->2
[36.880s][info][gc,metaspace   ] GC(99) Metaspace: 20024K(20736K)->20024K(20736K) NonClass: 17770K(18176K)->17770K(18176K) Class: 2254K(2560K)->2254K(2560K)
[36.880s][info][gc             ] GC(99) Pause Full (System.gc()) 1964M->76M(8192M) 44.468ms
[36.881s][info][gc,cpu         ] GC(99) User=0.05s Sys=0.00s Real=0.03s
[37.206s][info][gc,task        ] GC(100) Using 6 workers of 6 for full compaction
[37.206s][info][gc,start       ] GC(100) Pause Full (System.gc())
[37.206s][info][gc,phases,start] GC(100) Phase 1: Mark live objects
[37.224s][info][gc,stringtable ] GC(100) Cleaned string and symbol table, strings: 5721 processed, 0 removed, symbols: 53777 processed, 0 removed
[37.224s][info][gc,phases      ] GC(100) Phase 1: Mark live objects 17.937ms
[37.224s][info][gc,phases,start] GC(100) Phase 2: Prepare for compaction
[37.233s][info][gc,phases      ] GC(100) Phase 2: Prepare for compaction 9.149ms
[37.233s][info][gc,phases,start] GC(100) Phase 3: Adjust pointers
[37.242s][info][gc,phases      ] GC(100) Phase 3: Adjust pointers 8.851ms
[37.242s][info][gc,phases,start] GC(100) Phase 4: Compact heap
[37.248s][info][gc,phases      ] GC(100) Phase 4: Compact heap 5.917ms
[37.251s][info][gc,heap        ] GC(100) Eden regions: 472->0(1228)
[37.251s][info][gc,heap        ] GC(100) Survivor regions: 0->0(15)
[37.251s][info][gc,heap        ] GC(100) Old regions: 19->19
[37.251s][info][gc,heap        ] GC(100) Humongous regions: 2->2
[37.251s][info][gc,metaspace   ] GC(100) Metaspace: 20024K(20736K)->20024K(20736K) NonClass: 17770K(18176K)->17770K(18176K) Class: 2254K(2560K)->2254K(2560K)
[37.251s][info][gc             ] GC(100) Pause Full (System.gc()) 1963M->76M(8192M) 44.804ms
[37.251s][info][gc,cpu         ] GC(100) User=0.05s Sys=0.00s Real=0.05s
[37.577s][info][gc,task        ] GC(101) Using 6 workers of 6 for full compaction
[37.578s][info][gc,start       ] GC(101) Pause Full (System.gc())
[37.578s][info][gc,phases,start] GC(101) Phase 1: Mark live objects
[37.596s][info][gc,stringtable ] GC(101) Cleaned string and symbol table, strings: 5721 processed, 0 removed, symbols: 53777 processed, 0 removed
[37.596s][info][gc,phases      ] GC(101) Phase 1: Mark live objects 17.971ms
[37.596s][info][gc,phases,start] GC(101) Phase 2: Prepare for compaction
[37.606s][info][gc,phases      ] GC(101) Phase 2: Prepare for compaction 9.986ms
[37.606s][info][gc,phases,start] GC(101) Phase 3: Adjust pointers
[37.616s][info][gc,phases      ] GC(101) Phase 3: Adjust pointers 10.105ms
[37.616s][info][gc,phases,start] GC(101) Phase 4: Compact heap
[37.622s][info][gc,phases      ] GC(101) Phase 4: Compact heap 6.250ms
[37.624s][info][gc,heap        ] GC(101) Eden regions: 472->0(1228)
[37.624s][info][gc,heap        ] GC(101) Survivor regions: 0->0(15)
[37.625s][info][gc,heap        ] GC(101) Old regions: 19->18
[37.625s][info][gc,heap        ] GC(101) Humongous regions: 2->2
[37.625s][info][gc,metaspace   ] GC(101) Metaspace: 20025K(20736K)->20025K(20736K) NonClass: 17771K(18176K)->17771K(18176K) Class: 2254K(2560K)->2254K(2560K)
[37.625s][info][gc             ] GC(101) Pause Full (System.gc()) 1963M->76M(8192M) 46.921ms
[37.625s][info][gc,cpu         ] GC(101) User=0.05s Sys=0.00s Real=0.05s
[37.947s][info][gc,task        ] GC(102) Using 6 workers of 6 for full compaction
[37.947s][info][gc,start       ] GC(102) Pause Full (System.gc())
[37.947s][info][gc,phases,start] GC(102) Phase 1: Mark live objects
[37.965s][info][gc,stringtable ] GC(102) Cleaned string and symbol table, strings: 5721 processed, 0 removed, symbols: 53777 processed, 0 removed
[37.965s][info][gc,phases      ] GC(102) Phase 1: Mark live objects 18.283ms
[37.965s][info][gc,phases,start] GC(102) Phase 2: Prepare for compaction
[37.976s][info][gc,phases      ] GC(102) Phase 2: Prepare for compaction 10.654ms
[37.976s][info][gc,phases,start] GC(102) Phase 3: Adjust pointers
[37.986s][info][gc,phases      ] GC(102) Phase 3: Adjust pointers 9.544ms
[37.986s][info][gc,phases,start] GC(102) Phase 4: Compact heap
[37.992s][info][gc,phases      ] GC(102) Phase 4: Compact heap 6.373ms
[37.995s][info][gc,heap        ] GC(102) Eden regions: 472->0(1228)
[37.995s][info][gc,heap        ] GC(102) Survivor regions: 0->0(15)
[37.995s][info][gc,heap        ] GC(102) Old regions: 18->19
[37.995s][info][gc,heap        ] GC(102) Humongous regions: 2->2
[37.995s][info][gc,metaspace   ] GC(102) Metaspace: 20030K(20736K)->20030K(20736K) NonClass: 17776K(18176K)->17776K(18176K) Class: 2254K(2560K)->2254K(2560K)
[37.995s][info][gc             ] GC(102) Pause Full (System.gc()) 1962M->76M(8192M) 47.825ms
[37.995s][info][gc,cpu         ] GC(102) User=0.05s Sys=0.00s Real=0.05s
[38.308s][info][gc,task        ] GC(103) Using 6 workers of 6 for full compaction
[38.308s][info][gc,start       ] GC(103) Pause Full (System.gc())
[38.309s][info][gc,phases,start] GC(103) Phase 1: Mark live objects
[38.327s][info][gc,stringtable ] GC(103) Cleaned string and symbol table, strings: 5721 processed, 0 removed, symbols: 53777 processed, 0 removed
[38.327s][info][gc,phases      ] GC(103) Phase 1: Mark live objects 18.152ms
[38.327s][info][gc,phases,start] GC(103) Phase 2: Prepare for compaction
[38.337s][info][gc,phases      ] GC(103) Phase 2: Prepare for compaction 9.908ms
[38.337s][info][gc,phases,start] GC(103) Phase 3: Adjust pointers
[38.346s][info][gc,phases      ] GC(103) Phase 3: Adjust pointers 9.636ms
[38.346s][info][gc,phases,start] GC(103) Phase 4: Compact heap
[38.353s][info][gc,phases      ] GC(103) Phase 4: Compact heap 6.387ms
[38.355s][info][gc,heap        ] GC(103) Eden regions: 472->0(1228)
[38.355s][info][gc,heap        ] GC(103) Survivor regions: 0->0(15)
[38.355s][info][gc,heap        ] GC(103) Old regions: 19->19
[38.355s][info][gc,heap        ] GC(103) Humongous regions: 2->2
[38.355s][info][gc,metaspace   ] GC(103) Metaspace: 20039K(20992K)->20039K(20992K) NonClass: 17785K(18432K)->17785K(18432K) Class: 2254K(2560K)->2254K(2560K)
[38.355s][info][gc             ] GC(103) Pause Full (System.gc()) 1964M->76M(8192M) 46.675ms
[38.355s][info][gc,cpu         ] GC(103) User=0.06s Sys=0.02s Real=0.05s
[38.672s][info][gc,task        ] GC(104) Using 6 workers of 6 for full compaction
[38.672s][info][gc,start       ] GC(104) Pause Full (System.gc())
[38.672s][info][gc,phases,start] GC(104) Phase 1: Mark live objects
[38.690s][info][gc,stringtable ] GC(104) Cleaned string and symbol table, strings: 5721 processed, 0 removed, symbols: 53777 processed, 0 removed
[38.690s][info][gc,phases      ] GC(104) Phase 1: Mark live objects 18.223ms
[38.690s][info][gc,phases,start] GC(104) Phase 2: Prepare for compaction
[38.700s][info][gc,phases      ] GC(104) Phase 2: Prepare for compaction 9.214ms
[38.700s][info][gc,phases,start] GC(104) Phase 3: Adjust pointers
[38.709s][info][gc,phases      ] GC(104) Phase 3: Adjust pointers 9.138ms
[38.709s][info][gc,phases,start] GC(104) Phase 4: Compact heap
[38.715s][info][gc,phases      ] GC(104) Phase 4: Compact heap 6.170ms
[38.718s][info][gc,heap        ] GC(104) Eden regions: 472->0(1228)
[38.718s][info][gc,heap        ] GC(104) Survivor regions: 0->0(15)
[38.718s][info][gc,heap        ] GC(104) Old regions: 19->19
[38.718s][info][gc,heap        ] GC(104) Humongous regions: 2->2
[38.718s][info][gc,metaspace   ] GC(104) Metaspace: 20039K(20992K)->20039K(20992K) NonClass: 17785K(18432K)->17785K(18432K) Class: 2254K(2560K)->2254K(2560K)
[38.718s][info][gc             ] GC(104) Pause Full (System.gc()) 1963M->76M(8192M) 45.681ms
[38.718s][info][gc,cpu         ] GC(104) User=0.05s Sys=0.00s Real=0.03s
[39.037s][info][gc,task        ] GC(105) Using 6 workers of 6 for full compaction
[39.037s][info][gc,start       ] GC(105) Pause Full (System.gc())
[39.037s][info][gc,phases,start] GC(105) Phase 1: Mark live objects
[39.055s][info][gc,stringtable ] GC(105) Cleaned string and symbol table, strings: 5721 processed, 0 removed, symbols: 53777 processed, 0 removed
[39.055s][info][gc,phases      ] GC(105) Phase 1: Mark live objects 17.888ms
[39.055s][info][gc,phases,start] GC(105) Phase 2: Prepare for compaction
[39.064s][info][gc,phases      ] GC(105) Phase 2: Prepare for compaction 8.557ms
[39.064s][info][gc,phases,start] GC(105) Phase 3: Adjust pointers
[39.073s][info][gc,phases      ] GC(105) Phase 3: Adjust pointers 8.808ms
[39.073s][info][gc,phases,start] GC(105) Phase 4: Compact heap
[39.080s][info][gc,phases      ] GC(105) Phase 4: Compact heap 7.366ms
[39.082s][info][gc,heap        ] GC(105) Eden regions: 472->0(1228)
[39.082s][info][gc,heap        ] GC(105) Survivor regions: 0->0(15)
[39.082s][info][gc,heap        ] GC(105) Old regions: 19->19
[39.082s][info][gc,heap        ] GC(105) Humongous regions: 2->2
[39.082s][info][gc,metaspace   ] GC(105) Metaspace: 20039K(20992K)->20039K(20992K) NonClass: 17785K(18432K)->17785K(18432K) Class: 2254K(2560K)->2254K(2560K)
[39.082s][info][gc             ] GC(105) Pause Full (System.gc()) 1964M->76M(8192M) 45.180ms
[39.083s][info][gc,cpu         ] GC(105) User=0.06s Sys=0.00s Real=0.05s
[39.410s][info][gc,heap,exit   ] Heap
[39.410s][info][gc,heap,exit   ]  garbage-first heap   total 8388608K, used 2016045K [0x0000000600000000, 0x0000000800000000)
[39.410s][info][gc,heap,exit   ]   region size 4096K, 474 young (1941504K), 0 survivors (0K)
[39.410s][info][gc,heap,exit   ]  Metaspace       used 20112K, capacity 20653K, committed 20992K, reserved 1067008K
[39.410s][info][gc,heap,exit   ]   class space    used 2264K, capacity 2484K, committed 2560K, reserved 1048576K
