[0.007s][info][gc,init] CardTable entry size: 512
[0.008s][info][gc     ] Using G1
[0.021s][info][gc,init] Version: 21.0.4+7-adhoc.Administrator.jdk21u (release)
[0.021s][info][gc,init] CPUs: 6 total, 6 available
[0.022s][info][gc,init] Memory: 15591M
[0.022s][info][gc,init] Large Page Support: Disabled
[0.022s][info][gc,init] NUMA Support: Disabled
[0.022s][info][gc,init] Compressed Oops: Enabled (Zero based)
[0.022s][info][gc,init] Heap Region Size: 2M
[0.022s][info][gc,init] Heap Min Capacity: 4G
[0.022s][info][gc,init] Heap Initial Capacity: 4G
[0.022s][info][gc,init] Heap Max Capacity: 4G
[0.022s][info][gc,init] Pre-touch: Disabled
[0.027s][info][gc,init] Parallel Workers: 6
[0.027s][info][gc,init] Concurrent Workers: 2
[0.027s][info][gc,init] Concurrent Refinement Workers: 6
[0.027s][info][gc,init] Periodic GC: Disabled
[0.037s][info][gc,metaspace] CDS archive(s) mapped at: [0x000001d280000000-0x000001d280c90000-0x000001d280c90000), size 13172736, SharedBaseAddress: 0x000001d280000000, ArchiveRelocationMode: 1.
[0.037s][info][gc,metaspace] Compressed class space mapped at: 0x000001d281000000-0x000001d2c1000000, reserved size: 1073741824
[0.037s][info][gc,metaspace] Narrow klass base: 0x000001d280000000, Narrow klass shift: 0, Narrow klass range: 0x100000000
[6.869s][info][gc,start    ] GC(0) Pause Young (Concurrent Start) (Metadata GC Threshold)
[6.869s][info][gc,task     ] GC(0) Using 6 workers of 6 for evacuation
[6.876s][info][gc,phases   ] GC(0)   Pre Evacuate Collection Set: 0.4ms
[6.877s][info][gc,phases   ] GC(0)   Merge Heap Roots: 0.1ms
[6.877s][info][gc,phases   ] GC(0)   Evacuate Collection Set: 5.6ms
[6.877s][info][gc,phases   ] GC(0)   Post Evacuate Collection Set: 0.8ms
[6.877s][info][gc,phases   ] GC(0)   Other: 0.3ms
[6.877s][info][gc,heap     ] GC(0) Eden regions: 40->0(94)
[6.877s][info][gc,heap     ] GC(0) Survivor regions: 0->8(13)
[6.877s][info][gc,heap     ] GC(0) Old regions: 0->0
[6.877s][info][gc,heap     ] GC(0) Humongous regions: 3->3
[6.877s][info][gc,metaspace] GC(0) Metaspace: 21262K(21504K)->21262K(21504K) NonClass: 18600K(18752K)->18600K(18752K) Class: 2661K(2752K)->2661K(2752K)
[6.877s][info][gc          ] GC(0) Pause Young (Concurrent Start) (Metadata GC Threshold) 85M->21M(4096M) 7.455ms
[6.877s][info][gc,cpu      ] GC(0) User=0.00s Sys=0.00s Real=0.00s
[6.877s][info][gc          ] GC(1) Concurrent Mark Cycle
[6.877s][info][gc,marking  ] GC(1) Concurrent Scan Root Regions
[6.879s][info][gc,marking  ] GC(1) Concurrent Scan Root Regions 2.094ms
[6.879s][info][gc,marking  ] GC(1) Concurrent Mark
[6.879s][info][gc,marking  ] GC(1) Concurrent Mark From Roots
[6.879s][info][gc,task     ] GC(1) Using 2 workers of 2 for marking
[6.879s][info][gc,marking  ] GC(1) Concurrent Mark From Roots 0.426ms
[6.879s][info][gc,marking  ] GC(1) Concurrent Preclean
[6.879s][info][gc,marking  ] GC(1) Concurrent Preclean 0.009ms
[6.879s][info][gc,start    ] GC(1) Pause Remark
[6.881s][info][gc          ] GC(1) Pause Remark 23M->23M(4096M) 1.790ms
[6.881s][info][gc,cpu      ] GC(1) User=0.00s Sys=0.00s Real=0.00s
[6.881s][info][gc,marking  ] GC(1) Concurrent Mark 2.394ms
[6.881s][info][gc,marking  ] GC(1) Concurrent Rebuild Remembered Sets and Scrub Regions
[6.881s][info][gc,marking  ] GC(1) Concurrent Rebuild Remembered Sets and Scrub Regions 0.074ms
[6.881s][info][gc,start    ] GC(1) Pause Cleanup
[6.881s][info][gc          ] GC(1) Pause Cleanup 23M->23M(4096M) 0.022ms
[6.881s][info][gc,cpu      ] GC(1) User=0.00s Sys=0.00s Real=0.00s
[6.881s][info][gc,marking  ] GC(1) Concurrent Clear Claimed Marks
[6.881s][info][gc,marking  ] GC(1) Concurrent Clear Claimed Marks 0.015ms
[6.881s][info][gc,marking  ] GC(1) Concurrent Cleanup for Next Mark
[6.898s][info][gc,marking  ] GC(1) Concurrent Cleanup for Next Mark 16.458ms
[6.898s][info][gc          ] GC(1) Concurrent Mark Cycle 21.372ms
[7.670s][info][gc,start    ] GC(2) Pause Young (Concurrent Start) (Metadata GC Threshold)
[7.670s][info][gc,task     ] GC(2) Using 6 workers of 6 for evacuation
[7.678s][info][gc,phases   ] GC(2)   Pre Evacuate Collection Set: 0.3ms
[7.678s][info][gc,phases   ] GC(2)   Merge Heap Roots: 0.1ms
[7.678s][info][gc,phases   ] GC(2)   Evacuate Collection Set: 7.2ms
[7.679s][info][gc,phases   ] GC(2)   Post Evacuate Collection Set: 1.0ms
[7.679s][info][gc,phases   ] GC(2)   Other: 0.1ms
[7.679s][info][gc,heap     ] GC(2) Eden regions: 28->0(99)
[7.679s][info][gc,heap     ] GC(2) Survivor regions: 8->3(13)
[7.679s][info][gc,heap     ] GC(2) Old regions: 0->8
[7.679s][info][gc,heap     ] GC(2) Humongous regions: 3->3
[7.679s][info][gc,metaspace] GC(2) Metaspace: 35676K(36096K)->35676K(36096K) NonClass: 31237K(31424K)->31237K(31424K) Class: 4438K(4672K)->4438K(4672K)
[7.679s][info][gc          ] GC(2) Pause Young (Concurrent Start) (Metadata GC Threshold) 76M->25M(4096M) 9.024ms
[7.679s][info][gc          ] GC(3) Concurrent Mark Cycle
[7.679s][info][gc,cpu      ] GC(2) User=0.00s Sys=0.00s Real=0.00s
[7.679s][info][gc,marking  ] GC(3) Concurrent Scan Root Regions
[7.681s][info][gc,marking  ] GC(3) Concurrent Scan Root Regions 2.645ms
[7.681s][info][gc,marking  ] GC(3) Concurrent Mark
[7.681s][info][gc,marking  ] GC(3) Concurrent Mark From Roots
[7.681s][info][gc,task     ] GC(3) Using 2 workers of 2 for marking
[7.682s][info][gc,marking  ] GC(3) Concurrent Mark From Roots 0.263ms
[7.682s][info][gc,marking  ] GC(3) Concurrent Preclean
[7.682s][info][gc,marking  ] GC(3) Concurrent Preclean 0.009ms
[7.682s][info][gc,start    ] GC(3) Pause Remark
[7.684s][info][gc          ] GC(3) Pause Remark 27M->27M(4096M) 1.764ms
[7.684s][info][gc,cpu      ] GC(3) User=0.00s Sys=0.00s Real=0.00s
[7.684s][info][gc,marking  ] GC(3) Concurrent Mark 2.737ms
[7.684s][info][gc,marking  ] GC(3) Concurrent Rebuild Remembered Sets and Scrub Regions
[7.686s][info][gc,marking  ] GC(3) Concurrent Rebuild Remembered Sets and Scrub Regions 1.586ms
[7.686s][info][gc,start    ] GC(3) Pause Cleanup
[7.686s][info][gc          ] GC(3) Pause Cleanup 27M->27M(4096M) 0.149ms
[7.686s][info][gc,cpu      ] GC(3) User=0.00s Sys=0.00s Real=0.00s
[7.686s][info][gc,marking  ] GC(3) Concurrent Clear Claimed Marks
[7.686s][info][gc,marking  ] GC(3) Concurrent Clear Claimed Marks 0.037ms
[7.686s][info][gc,marking  ] GC(3) Concurrent Cleanup for Next Mark
[7.693s][info][gc,marking  ] GC(3) Concurrent Cleanup for Next Mark 7.398ms
[7.694s][info][gc          ] GC(3) Concurrent Mark Cycle 14.951ms
[8.509s][info][gc,start    ] GC(4) Pause Young (Normal) (G1 Evacuation Pause)
[8.509s][info][gc,task     ] GC(4) Using 6 workers of 6 for evacuation
[8.886s][info][gc,mmu      ] GC(4) MMU target violated: 201.0ms (200.0ms/201.0ms)
[8.886s][info][gc,phases   ] GC(4)   Pre Evacuate Collection Set: 0.3ms
[8.886s][info][gc,phases   ] GC(4)   Merge Heap Roots: 0.1ms
[8.886s][info][gc,phases   ] GC(4)   Evacuate Collection Set: 375.3ms
[8.886s][info][gc,phases   ] GC(4)   Post Evacuate Collection Set: 0.9ms
[8.886s][info][gc,phases   ] GC(4)   Other: 0.2ms
[8.886s][info][gc,heap     ] GC(4) Eden regions: 99->0(89)
[8.886s][info][gc,heap     ] GC(4) Survivor regions: 3->13(13)
[8.886s][info][gc,heap     ] GC(4) Old regions: 8->67
[8.886s][info][gc,heap     ] GC(4) Humongous regions: 3->3
[8.886s][info][gc,metaspace] GC(4) Metaspace: 48897K(49408K)->48897K(49408K) NonClass: 42832K(43136K)->42832K(43136K) Class: 6065K(6272K)->6065K(6272K)
[8.886s][info][gc          ] GC(4) Pause Young (Normal) (G1 Evacuation Pause) 223M->166M(4096M) 376.952ms
[8.886s][info][gc,cpu      ] GC(4) User=0.11s Sys=0.05s Real=0.38s
[9.059s][info][gc,start    ] GC(5) Pause Young (Normal) (G1 Evacuation Pause)
[9.059s][info][gc,task     ] GC(5) Using 6 workers of 6 for evacuation
[9.596s][info][gc,mmu      ] GC(5) MMU target violated: 201.0ms (200.0ms/201.0ms)
[9.596s][info][gc,phases   ] GC(5)   Pre Evacuate Collection Set: 0.4ms
[9.596s][info][gc,phases   ] GC(5)   Merge Heap Roots: 0.1ms
[9.596s][info][gc,phases   ] GC(5)   Evacuate Collection Set: 535.5ms
[9.596s][info][gc,phases   ] GC(5)   Post Evacuate Collection Set: 0.6ms
[9.596s][info][gc,phases   ] GC(5)   Other: 0.1ms
[9.596s][info][gc,heap     ] GC(5) Eden regions: 89->0(89)
[9.596s][info][gc,heap     ] GC(5) Survivor regions: 13->13(13)
[9.596s][info][gc,heap     ] GC(5) Old regions: 67->156
[9.596s][info][gc,heap     ] GC(5) Humongous regions: 3->3
[9.596s][info][gc,metaspace] GC(5) Metaspace: 48906K(49408K)->48906K(49408K) NonClass: 42838K(43136K)->42838K(43136K) Class: 6067K(6272K)->6067K(6272K)
[9.596s][info][gc          ] GC(5) Pause Young (Normal) (G1 Evacuation Pause) 344M->344M(4096M) 537.047ms
[9.596s][info][gc,cpu      ] GC(5) User=0.28s Sys=0.06s Real=0.55s
[9.775s][info][gc,start    ] GC(6) Pause Young (Normal) (G1 Evacuation Pause)
[9.775s][info][gc,task     ] GC(6) Using 6 workers of 6 for evacuation
[10.329s][info][gc,mmu      ] GC(6) MMU target violated: 201.0ms (200.0ms/201.0ms)
[10.329s][info][gc,phases   ] GC(6)   Pre Evacuate Collection Set: 0.5ms
[10.329s][info][gc,phases   ] GC(6)   Merge Heap Roots: 0.1ms
[10.329s][info][gc,phases   ] GC(6)   Evacuate Collection Set: 553.4ms
[10.329s][info][gc,phases   ] GC(6)   Post Evacuate Collection Set: 0.3ms
[10.329s][info][gc,phases   ] GC(6)   Other: 0.2ms
[10.329s][info][gc,heap     ] GC(6) Eden regions: 89->0(89)
[10.329s][info][gc,heap     ] GC(6) Survivor regions: 13->13(13)
[10.329s][info][gc,heap     ] GC(6) Old regions: 156->246
[10.329s][info][gc,heap     ] GC(6) Humongous regions: 3->3
[10.329s][info][gc,metaspace] GC(6) Metaspace: 48906K(49408K)->48906K(49408K) NonClass: 42838K(43136K)->42838K(43136K) Class: 6067K(6272K)->6067K(6272K)
[10.329s][info][gc          ] GC(6) Pause Young (Normal) (G1 Evacuation Pause) 522M->523M(4096M) 554.683ms
[10.329s][info][gc,cpu      ] GC(6) User=0.33s Sys=0.00s Real=0.55s
[11.298s][info][gc,start    ] GC(7) Pause Full (System.gc())
[11.298s][info][gc,task     ] GC(7) Using 6 workers of 6 for full compaction
[11.298s][info][gc,phases,start] GC(7) Phase 1: Mark live objects
[11.306s][info][gc,phases      ] GC(7) Phase 1: Mark live objects 7.803ms
[11.306s][info][gc,phases,start] GC(7) Phase 2: Prepare compaction
[11.307s][info][gc,phases      ] GC(7) Phase 2: Prepare compaction 1.389ms
[11.307s][info][gc,phases,start] GC(7) Phase 3: Adjust pointers
[11.311s][info][gc,phases      ] GC(7) Phase 3: Adjust pointers 3.811ms
[11.311s][info][gc,phases,start] GC(7) Phase 4: Compact heap
[11.313s][info][gc,phases      ] GC(7) Phase 4: Compact heap 1.965ms
[11.313s][info][gc,phases,start] GC(7) Phase 5: Reset Metadata
[11.316s][info][gc,phases      ] GC(7) Phase 5: Reset Metadata 2.455ms
[11.326s][info][gc,heap        ] GC(7) Eden regions: 69->0(102)
[11.326s][info][gc,heap        ] GC(7) Survivor regions: 13->0(13)
[11.326s][info][gc,heap        ] GC(7) Old regions: 246->16
[11.326s][info][gc,heap        ] GC(7) Humongous regions: 6->3
[11.326s][info][gc,metaspace   ] GC(7) Metaspace: 56794K(57408K)->56794K(57408K) NonClass: 49694K(50048K)->49694K(50048K) Class: 7100K(7360K)->7100K(7360K)
[11.327s][info][gc             ] GC(7) Pause Full (System.gc()) 667M->30M(4096M) 28.688ms
[11.327s][info][gc,cpu         ] GC(7) User=0.03s Sys=0.00s Real=0.03s
[12.326s][info][gc,start       ] GC(8) Pause Young (Normal) (G1 Evacuation Pause)
[12.326s][info][gc,task        ] GC(8) Using 6 workers of 6 for evacuation
[12.330s][info][gc,phases      ] GC(8)   Pre Evacuate Collection Set: 0.3ms
[12.330s][info][gc,phases      ] GC(8)   Merge Heap Roots: 0.1ms
[12.330s][info][gc,phases      ] GC(8)   Evacuate Collection Set: 3.2ms
[12.330s][info][gc,phases      ] GC(8)   Post Evacuate Collection Set: 0.7ms
[12.330s][info][gc,phases      ] GC(8)   Other: 0.1ms
[12.330s][info][gc,heap        ] GC(8) Eden regions: 102->0(97)
[12.330s][info][gc,heap        ] GC(8) Survivor regions: 0->5(13)
[12.330s][info][gc,heap        ] GC(8) Old regions: 16->16
[12.330s][info][gc,heap        ] GC(8) Humongous regions: 6->3
[12.330s][info][gc,metaspace   ] GC(8) Metaspace: 66155K(67136K)->66155K(67136K) NonClass: 57804K(58368K)->57804K(58368K) Class: 8351K(8768K)->8351K(8768K)
[12.331s][info][gc             ] GC(8) Pause Young (Normal) (G1 Evacuation Pause) 240M->38M(4096M) 4.518ms
[12.331s][info][gc,cpu         ] GC(8) User=0.00s Sys=0.00s Real=0.00s
[12.466s][info][gc,start       ] GC(9) Pause Young (Normal) (G1 Evacuation Pause)
[12.466s][info][gc,task        ] GC(9) Using 6 workers of 6 for evacuation
[12.469s][info][gc,phases      ] GC(9)   Pre Evacuate Collection Set: 0.3ms
[12.469s][info][gc,phases      ] GC(9)   Merge Heap Roots: 0.1ms
[12.469s][info][gc,phases      ] GC(9)   Evacuate Collection Set: 1.8ms
[12.469s][info][gc,phases      ] GC(9)   Post Evacuate Collection Set: 0.7ms
[12.469s][info][gc,phases      ] GC(9)   Other: 0.1ms
[12.469s][info][gc,heap        ] GC(9) Eden regions: 97->0(98)
[12.469s][info][gc,heap        ] GC(9) Survivor regions: 5->4(13)
[12.469s][info][gc,heap        ] GC(9) Old regions: 16->16
[12.469s][info][gc,heap        ] GC(9) Humongous regions: 3->3
[12.469s][info][gc,metaspace   ] GC(9) Metaspace: 66176K(67136K)->66176K(67136K) NonClass: 57825K(58368K)->57825K(58368K) Class: 8351K(8768K)->8351K(8768K)
[12.469s][info][gc             ] GC(9) Pause Young (Normal) (G1 Evacuation Pause) 232M->37M(4096M) 3.106ms
[12.469s][info][gc,cpu         ] GC(9) User=0.00s Sys=0.00s Real=0.00s
[12.550s][info][gc,start       ] GC(10) Pause Young (Normal) (G1 Evacuation Pause)
[12.550s][info][gc,task        ] GC(10) Using 6 workers of 6 for evacuation
[12.553s][info][gc,phases      ] GC(10)   Pre Evacuate Collection Set: 0.2ms
[12.553s][info][gc,phases      ] GC(10)   Merge Heap Roots: 0.1ms
[12.553s][info][gc,phases      ] GC(10)   Evacuate Collection Set: 1.7ms
[12.553s][info][gc,phases      ] GC(10)   Post Evacuate Collection Set: 0.5ms
[12.553s][info][gc,phases      ] GC(10)   Other: 0.1ms
[12.553s][info][gc,heap        ] GC(10) Eden regions: 98->0(98)
[12.553s][info][gc,heap        ] GC(10) Survivor regions: 4->4(13)
[12.553s][info][gc,heap        ] GC(10) Old regions: 16->16
[12.553s][info][gc,heap        ] GC(10) Humongous regions: 3->3
[12.553s][info][gc,metaspace   ] GC(10) Metaspace: 66179K(67136K)->66179K(67136K) NonClass: 57828K(58368K)->57828K(58368K) Class: 8351K(8768K)->8351K(8768K)
[12.553s][info][gc             ] GC(10) Pause Young (Normal) (G1 Evacuation Pause) 233M->36M(4096M) 2.806ms
[12.553s][info][gc,cpu         ] GC(10) User=0.00s Sys=0.00s Real=0.00s
[12.595s][info][gc,start       ] GC(11) Pause Young (Normal) (G1 Evacuation Pause)
[12.595s][info][gc,task        ] GC(11) Using 6 workers of 6 for evacuation
[12.598s][info][gc,phases      ] GC(11)   Pre Evacuate Collection Set: 0.2ms
[12.598s][info][gc,phases      ] GC(11)   Merge Heap Roots: 0.1ms
[12.598s][info][gc,phases      ] GC(11)   Evacuate Collection Set: 1.8ms
[12.598s][info][gc,phases      ] GC(11)   Post Evacuate Collection Set: 0.5ms
[12.598s][info][gc,phases      ] GC(11)   Other: 0.1ms
[12.598s][info][gc,heap        ] GC(11) Eden regions: 98->0(1224)
[12.598s][info][gc,heap        ] GC(11) Survivor regions: 4->4(13)
[12.598s][info][gc,heap        ] GC(11) Old regions: 16->16
[12.598s][info][gc,heap        ] GC(11) Humongous regions: 3->3
[12.598s][info][gc,metaspace   ] GC(11) Metaspace: 66187K(67136K)->66187K(67136K) NonClass: 57835K(58368K)->57835K(58368K) Class: 8351K(8768K)->8351K(8768K)
[12.598s][info][gc             ] GC(11) Pause Young (Normal) (G1 Evacuation Pause) 232M->36M(4096M) 2.840ms
[12.598s][info][gc,cpu         ] GC(11) User=0.00s Sys=0.00s Real=0.00s
[13.497s][info][gc,start       ] GC(12) Pause Young (Normal) (G1 Evacuation Pause)
[13.497s][info][gc,task        ] GC(12) Using 6 workers of 6 for evacuation
[13.501s][info][gc,phases      ] GC(12)   Pre Evacuate Collection Set: 0.3ms
[13.501s][info][gc,phases      ] GC(12)   Merge Heap Roots: 0.2ms
[13.501s][info][gc,phases      ] GC(12)   Evacuate Collection Set: 2.6ms
[13.501s][info][gc,phases      ] GC(12)   Post Evacuate Collection Set: 1.1ms
[13.501s][info][gc,phases      ] GC(12)   Other: 0.4ms
[13.502s][info][gc,heap        ] GC(12) Eden regions: 1224->0(1224)
[13.502s][info][gc,heap        ] GC(12) Survivor regions: 4->4(154)
[13.502s][info][gc,heap        ] GC(12) Old regions: 16->16
[13.502s][info][gc,heap        ] GC(12) Humongous regions: 4->3
[13.502s][info][gc,metaspace   ] GC(12) Metaspace: 66882K(67840K)->66882K(67840K) NonClass: 58396K(58944K)->58396K(58944K) Class: 8486K(8896K)->8486K(8896K)
[13.502s][info][gc             ] GC(12) Pause Young (Normal) (G1 Evacuation Pause) 2486M->36M(4096M) 4.918ms
[13.502s][info][gc,cpu         ] GC(12) User=0.00s Sys=0.00s Real=0.00s
[15.067s][info][gc,start       ] GC(13) Pause Young (Normal) (G1 Evacuation Pause)
[15.067s][info][gc,task        ] GC(13) Using 6 workers of 6 for evacuation
[15.136s][info][gc,phases      ] GC(13)   Pre Evacuate Collection Set: 0.3ms
[15.136s][info][gc,phases      ] GC(13)   Merge Heap Roots: 0.2ms
[15.136s][info][gc,phases      ] GC(13)   Evacuate Collection Set: 67.1ms
[15.136s][info][gc,phases      ] GC(13)   Post Evacuate Collection Set: 1.2ms
[15.136s][info][gc,phases      ] GC(13)   Other: 0.1ms
[15.136s][info][gc,heap        ] GC(13) Eden regions: 1224->0(1176)
[15.136s][info][gc,heap        ] GC(13) Survivor regions: 4->52(154)
[15.136s][info][gc,heap        ] GC(13) Old regions: 16->16
[15.136s][info][gc,heap        ] GC(13) Humongous regions: 21->15
[15.136s][info][gc,metaspace   ] GC(13) Metaspace: 68778K(69888K)->68778K(69888K) NonClass: 59945K(60608K)->59945K(60608K) Class: 8832K(9280K)->8832K(9280K)
[15.136s][info][gc             ] GC(13) Pause Young (Normal) (G1 Evacuation Pause) 2520M->158M(4096M) 69.109ms
[15.136s][info][gc,cpu         ] GC(13) User=0.34s Sys=0.08s Real=0.08s
[15.774s][info][gc,start       ] GC(14) Pause Young (Normal) (G1 Evacuation Pause)
[15.774s][info][gc,task        ] GC(14) Using 6 workers of 6 for evacuation
[15.900s][info][gc,phases      ] GC(14)   Pre Evacuate Collection Set: 0.2ms
[15.900s][info][gc,phases      ] GC(14)   Merge Heap Roots: 0.3ms
[15.900s][info][gc,phases      ] GC(14)   Evacuate Collection Set: 125.3ms
[15.901s][info][gc,phases      ] GC(14)   Post Evacuate Collection Set: 0.7ms
[15.901s][info][gc,phases      ] GC(14)   Other: 0.1ms
[15.901s][info][gc,heap        ] GC(14) Eden regions: 410->0(67)
[15.901s][info][gc,heap        ] GC(14) Survivor regions: 52->58(58)
[15.901s][info][gc,heap        ] GC(14) Old regions: 16->74
[15.901s][info][gc,heap        ] GC(14) Humongous regions: 43->43
[15.901s][info][gc,metaspace   ] GC(14) Metaspace: 69415K(70592K)->69415K(70592K) NonClass: 60462K(61120K)->60462K(61120K) Class: 8953K(9472K)->8953K(9472K)
[15.901s][info][gc             ] GC(14) Pause Young (Normal) (G1 Evacuation Pause) 1034M->341M(4096M) 126.722ms
[15.901s][info][gc,cpu         ] GC(14) User=0.67s Sys=0.00s Real=0.12s
[15.952s][info][gc,start       ] GC(15) Pause Young (Normal) (G1 Evacuation Pause)
[15.952s][info][gc,task        ] GC(15) Using 6 workers of 6 for evacuation
[16.005s][info][gc,phases      ] GC(15)   Pre Evacuate Collection Set: 0.2ms
[16.005s][info][gc,phases      ] GC(15)   Merge Heap Roots: 0.2ms
[16.005s][info][gc,phases      ] GC(15)   Evacuate Collection Set: 52.4ms
[16.005s][info][gc,phases      ] GC(15)   Post Evacuate Collection Set: 0.4ms
[16.005s][info][gc,phases      ] GC(15)   Other: 0.1ms
[16.005s][info][gc,heap        ] GC(15) Eden regions: 63->0(685)
[16.005s][info][gc,heap        ] GC(15) Survivor regions: 58->8(16)
[16.005s][info][gc,heap        ] GC(15) Old regions: 74->133
[16.005s][info][gc,heap        ] GC(15) Humongous regions: 43->43
[16.005s][info][gc,metaspace   ] GC(15) Metaspace: 69418K(70592K)->69418K(70592K) NonClass: 60464K(61120K)->60464K(61120K) Class: 8953K(9472K)->8953K(9472K)
[16.005s][info][gc             ] GC(15) Pause Young (Normal) (G1 Evacuation Pause) 467M->359M(4096M) 53.507ms
[16.005s][info][gc,cpu         ] GC(15) User=0.23s Sys=0.00s Real=0.05s
[17.258s][info][gc,start       ] GC(16) Pause Young (Normal) (G1 Evacuation Pause)
[17.258s][info][gc,task        ] GC(16) Using 6 workers of 6 for evacuation
[17.362s][info][gc,phases      ] GC(16)   Pre Evacuate Collection Set: 0.2ms
[17.362s][info][gc,phases      ] GC(16)   Merge Heap Roots: 0.4ms
[17.362s][info][gc,phases      ] GC(16)   Evacuate Collection Set: 102.0ms
[17.362s][info][gc,phases      ] GC(16)   Post Evacuate Collection Set: 0.6ms
[17.362s][info][gc,phases      ] GC(16)   Other: 0.1ms
[17.362s][info][gc,heap        ] GC(16) Eden regions: 530->0(197)
[17.362s][info][gc,heap        ] GC(16) Survivor regions: 8->42(68)
[17.362s][info][gc,heap        ] GC(16) Old regions: 133->133
[17.362s][info][gc,heap        ] GC(16) Humongous regions: 78->71
[17.362s][info][gc,metaspace   ] GC(16) Metaspace: 69718K(70784K)->69718K(70784K) NonClass: 60737K(61312K)->60737K(61312K) Class: 8981K(9472K)->8981K(9472K)
[17.362s][info][gc             ] GC(16) Pause Young (Normal) (G1 Evacuation Pause) 1489M->483M(4096M) 103.537ms
[17.362s][info][gc,cpu         ] GC(16) User=0.56s Sys=0.00s Real=0.09s
[17.533s][info][gc,start       ] GC(17) Pause Young (Normal) (G1 Evacuation Pause)
[17.533s][info][gc,task        ] GC(17) Using 6 workers of 6 for evacuation
[17.629s][info][gc,phases      ] GC(17)   Pre Evacuate Collection Set: 0.2ms
[17.629s][info][gc,phases      ] GC(17)   Merge Heap Roots: 0.4ms
[17.629s][info][gc,phases      ] GC(17)   Evacuate Collection Set: 94.0ms
[17.629s][info][gc,phases      ] GC(17)   Post Evacuate Collection Set: 0.7ms
[17.629s][info][gc,phases      ] GC(17)   Other: 0.1ms
[17.629s][info][gc,heap        ] GC(17) Eden regions: 138->0(245)
[17.629s][info][gc,heap        ] GC(17) Survivor regions: 42->23(23)
[17.629s][info][gc,heap        ] GC(17) Old regions: 133->189
[17.629s][info][gc,heap        ] GC(17) Humongous regions: 87->87
[17.629s][info][gc,metaspace   ] GC(17) Metaspace: 69725K(70848K)->69725K(70848K) NonClass: 60743K(61376K)->60743K(61376K) Class: 8981K(9472K)->8981K(9472K)
[17.629s][info][gc             ] GC(17) Pause Young (Normal) (G1 Evacuation Pause) 791M->590M(4096M) 95.640ms
[17.629s][info][gc,cpu         ] GC(17) User=0.47s Sys=0.03s Real=0.09s
[17.813s][info][gc,start       ] GC(18) Pause Young (Normal) (G1 Evacuation Pause)
[17.813s][info][gc,task        ] GC(18) Using 6 workers of 6 for evacuation
[17.881s][info][gc,phases      ] GC(18)   Pre Evacuate Collection Set: 0.2ms
[17.881s][info][gc,phases      ] GC(18)   Merge Heap Roots: 0.4ms
[17.881s][info][gc,phases      ] GC(18)   Evacuate Collection Set: 67.2ms
[17.881s][info][gc,phases      ] GC(18)   Post Evacuate Collection Set: 0.6ms
[17.881s][info][gc,phases      ] GC(18)   Other: 0.1ms
[17.881s][info][gc,heap        ] GC(18) Eden regions: 222->0(277)
[17.881s][info][gc,heap        ] GC(18) Survivor regions: 23->27(31)
[17.881s][info][gc,heap        ] GC(18) Old regions: 189->213
[17.881s][info][gc,heap        ] GC(18) Humongous regions: 99->99
[17.881s][info][gc,metaspace   ] GC(18) Metaspace: 69726K(70848K)->69726K(70848K) NonClass: 60744K(61376K)->60744K(61376K) Class: 8981K(9472K)->8981K(9472K)
[17.881s][info][gc             ] GC(18) Pause Young (Normal) (G1 Evacuation Pause) 1058M->669M(4096M) 68.721ms
[17.881s][info][gc,cpu         ] GC(18) User=0.45s Sys=0.00s Real=0.08s
[18.077s][info][gc,start       ] GC(19) Pause Young (Normal) (G1 Evacuation Pause)
[18.077s][info][gc,task        ] GC(19) Using 6 workers of 6 for evacuation
[18.153s][info][gc,phases      ] GC(19)   Pre Evacuate Collection Set: 0.3ms
[18.153s][info][gc,phases      ] GC(19)   Merge Heap Roots: 0.6ms
[18.153s][info][gc,phases      ] GC(19)   Evacuate Collection Set: 74.1ms
[18.153s][info][gc,phases      ] GC(19)   Post Evacuate Collection Set: 0.6ms
[18.153s][info][gc,phases      ] GC(19)   Other: 0.1ms
[18.153s][info][gc,heap        ] GC(19) Eden regions: 221->0(355)
[18.153s][info][gc,heap        ] GC(19) Survivor regions: 27->20(31)
[18.153s][info][gc,heap        ] GC(19) Old regions: 213->238
[18.153s][info][gc,heap        ] GC(19) Humongous regions: 111->111
[18.153s][info][gc,metaspace   ] GC(19) Metaspace: 69726K(70848K)->69726K(70848K) NonClass: 60745K(61376K)->60745K(61376K) Class: 8981K(9472K)->8981K(9472K)
[18.153s][info][gc             ] GC(19) Pause Young (Normal) (G1 Evacuation Pause) 1135M->729M(4096M) 75.883ms
[18.153s][info][gc,cpu         ] GC(19) User=0.36s Sys=0.03s Real=0.08s
[19.026s][info][gc,start       ] GC(20) Pause Young (Normal) (G1 Evacuation Pause)
[19.026s][info][gc,task        ] GC(20) Using 6 workers of 6 for evacuation
[19.145s][info][gc,phases      ] GC(20)   Pre Evacuate Collection Set: 0.3ms
[19.145s][info][gc,phases      ] GC(20)   Merge Heap Roots: 0.4ms
[19.145s][info][gc,phases      ] GC(20)   Evacuate Collection Set: 117.6ms
[19.145s][info][gc,phases      ] GC(20)   Post Evacuate Collection Set: 0.8ms
[19.145s][info][gc,phases      ] GC(20)   Other: 0.1ms
[19.145s][info][gc,heap        ] GC(20) Eden regions: 399->0(184)
[19.145s][info][gc,heap        ] GC(20) Survivor regions: 20->49(53)
[19.145s][info][gc,heap        ] GC(20) Old regions: 238->238
[19.145s][info][gc,heap        ] GC(20) Humongous regions: 145->131
[19.145s][info][gc,metaspace   ] GC(20) Metaspace: 70486K(71808K)->70486K(71808K) NonClass: 61379K(62144K)->61379K(62144K) Class: 9106K(9664K)->9106K(9664K)
[19.145s][info][gc             ] GC(20) Pause Young (Normal) (G1 Evacuation Pause) 1595M->827M(4096M) 119.368ms
[19.145s][info][gc,cpu         ] GC(20) User=0.75s Sys=0.00s Real=0.13s
[19.453s][info][gc,start       ] GC(21) Pause Young (Normal) (G1 Evacuation Pause)
[19.453s][info][gc,task        ] GC(21) Using 6 workers of 6 for evacuation
[19.594s][info][gc,phases      ] GC(21)   Pre Evacuate Collection Set: 0.2ms
[19.594s][info][gc,phases      ] GC(21)   Merge Heap Roots: 0.5ms
[19.594s][info][gc,phases      ] GC(21)   Evacuate Collection Set: 138.9ms
[19.594s][info][gc,phases      ] GC(21)   Post Evacuate Collection Set: 1.0ms
[19.594s][info][gc,phases      ] GC(21)   Other: 0.1ms
[19.594s][info][gc,heap        ] GC(21) Eden regions: 172->0(321)
[19.594s][info][gc,heap        ] GC(21) Survivor regions: 49->28(28)
[19.594s][info][gc,heap        ] GC(21) Old regions: 238->286
[19.594s][info][gc,heap        ] GC(21) Humongous regions: 162->155
[19.594s][info][gc,metaspace   ] GC(21) Metaspace: 70660K(71936K)->70660K(71936K) NonClass: 61530K(62272K)->61530K(62272K) Class: 9130K(9664K)->9130K(9664K)
[19.594s][info][gc             ] GC(21) Pause Young (Normal) (G1 Evacuation Pause) 1233M->929M(4096M) 140.880ms
[19.594s][info][gc,cpu         ] GC(21) User=0.80s Sys=0.00s Real=0.14s
[20.763s][info][gc,start       ] GC(22) Pause Young (Normal) (G1 Evacuation Pause)
[20.763s][info][gc,task        ] GC(22) Using 6 workers of 6 for evacuation
[20.873s][info][gc,phases      ] GC(22)   Pre Evacuate Collection Set: 0.3ms
[20.873s][info][gc,phases      ] GC(22)   Merge Heap Roots: 0.3ms
[20.873s][info][gc,phases      ] GC(22)   Evacuate Collection Set: 108.8ms
[20.874s][info][gc,phases      ] GC(22)   Post Evacuate Collection Set: 0.6ms
[20.874s][info][gc,phases      ] GC(22)   Other: 0.1ms
[20.874s][info][gc,heap        ] GC(22) Eden regions: 378->0(298)
[20.874s][info][gc,heap        ] GC(22) Survivor regions: 28->41(51)
[20.874s][info][gc,heap        ] GC(22) Old regions: 286->311
[20.874s][info][gc,heap        ] GC(22) Humongous regions: 178->171
[20.874s][info][gc,metaspace   ] GC(22) Metaspace: 70901K(72128K)->70901K(72128K) NonClass: 61749K(62464K)->61749K(62464K) Class: 9152K(9664K)->9152K(9664K)
[20.874s][info][gc             ] GC(22) Pause Young (Normal) (G1 Evacuation Pause) 1731M->1037M(4096M) 110.287ms
[20.874s][info][gc,cpu         ] GC(22) User=0.62s Sys=0.05s Real=0.11s
[21.373s][info][gc,start       ] GC(23) Pause Young (Normal) (G1 Evacuation Pause)
[21.373s][info][gc,task        ] GC(23) Using 6 workers of 6 for evacuation
[21.489s][info][gc,phases      ] GC(23)   Pre Evacuate Collection Set: 0.3ms
[21.489s][info][gc,phases      ] GC(23)   Merge Heap Roots: 0.4ms
[21.489s][info][gc,phases      ] GC(23)   Evacuate Collection Set: 114.3ms
[21.489s][info][gc,phases      ] GC(23)   Post Evacuate Collection Set: 0.7ms
[21.489s][info][gc,phases      ] GC(23)   Other: 0.1ms
[21.489s][info][gc,heap        ] GC(23) Eden regions: 299->0(375)
[21.489s][info][gc,heap        ] GC(23) Survivor regions: 41->31(43)
[21.489s][info][gc,heap        ] GC(23) Old regions: 311->351
[21.489s][info][gc,heap        ] GC(23) Humongous regions: 298->213
[21.489s][info][gc,metaspace   ] GC(23) Metaspace: 72468K(73728K)->72468K(73728K) NonClass: 63089K(63808K)->63089K(63808K) Class: 9379K(9920K)->9379K(9920K)
[21.489s][info][gc             ] GC(23) Pause Young (Normal) (G1 Evacuation Pause) 1889M->1181M(4096M) 115.931ms
[21.489s][info][gc,cpu         ] GC(23) User=0.66s Sys=0.00s Real=0.13s
[21.646s][info][gc,start       ] GC(24) Pause Full (System.gc())
[21.646s][info][gc,task        ] GC(24) Using 6 workers of 6 for full compaction
[21.646s][info][gc,phases,start] GC(24) Phase 1: Mark live objects
[21.678s][info][gc,phases      ] GC(24) Phase 1: Mark live objects 31.505ms
[21.678s][info][gc,phases,start] GC(24) Phase 2: Prepare compaction
[21.683s][info][gc,phases      ] GC(24) Phase 2: Prepare compaction 4.667ms
[21.683s][info][gc,phases,start] GC(24) Phase 3: Adjust pointers
[21.693s][info][gc,phases      ] GC(24) Phase 3: Adjust pointers 10.725ms
[21.693s][info][gc,phases,start] GC(24) Phase 4: Compact heap
[21.698s][info][gc,phases      ] GC(24) Phase 4: Compact heap 4.721ms
[21.698s][info][gc,phases,start] GC(24) Phase 5: Reset Metadata
[21.704s][info][gc,phases      ] GC(24) Phase 5: Reset Metadata 5.308ms
[21.716s][info][gc,heap        ] GC(24) Eden regions: 156->0(517)
[21.716s][info][gc,heap        ] GC(24) Survivor regions: 31->0(43)
[21.716s][info][gc,heap        ] GC(24) Old regions: 351->75
[21.716s][info][gc,heap        ] GC(24) Humongous regions: 215->3
[21.716s][info][gc,metaspace   ] GC(24) Metaspace: 72581K(73856K)->72095K(73856K) NonClass: 63185K(63936K)->62837K(63936K) Class: 9395K(9920K)->9257K(9920K)
[21.716s][info][gc             ] GC(24) Pause Full (System.gc()) 1496M->149M(4096M) 69.996ms
[21.716s][info][gc,cpu         ] GC(24) User=0.06s Sys=0.00s Real=0.07s
[22.255s][info][gc,start       ] GC(25) Pause Young (Normal) (G1 Evacuation Pause)
[22.255s][info][gc,task        ] GC(25) Using 6 workers of 6 for evacuation
[22.368s][info][gc,phases      ] GC(25)   Pre Evacuate Collection Set: 0.3ms
[22.368s][info][gc,phases      ] GC(25)   Merge Heap Roots: 0.4ms
[22.368s][info][gc,phases      ] GC(25)   Evacuate Collection Set: 111.2ms
[22.368s][info][gc,phases      ] GC(25)   Post Evacuate Collection Set: 0.8ms
[22.368s][info][gc,phases      ] GC(25)   Other: 0.1ms
[22.368s][info][gc,heap        ] GC(25) Eden regions: 540->0(555)
[22.368s][info][gc,heap        ] GC(25) Survivor regions: 0->68(68)
[22.368s][info][gc,heap        ] GC(25) Old regions: 75->80
[22.368s][info][gc,heap        ] GC(25) Humongous regions: 42->39
[22.368s][info][gc,metaspace   ] GC(25) Metaspace: 72157K(73856K)->72157K(73856K) NonClass: 62881K(63936K)->62881K(63936K) Class: 9276K(9920K)->9276K(9920K)
[22.368s][info][gc             ] GC(25) Pause Young (Normal) (G1 Evacuation Pause) 1307M->367M(4096M) 112.959ms
[22.368s][info][gc,cpu         ] GC(25) User=0.59s Sys=0.00s Real=0.11s
[23.365s][info][gc,start       ] GC(26) Pause Young (Normal) (G1 Evacuation Pause)
[23.365s][info][gc,task        ] GC(26) Using 6 workers of 6 for evacuation
[23.569s][info][gc,mmu         ] GC(26) MMU target violated: 201.0ms (200.0ms/201.0ms)
[23.569s][info][gc,phases      ] GC(26)   Pre Evacuate Collection Set: 0.3ms
[23.569s][info][gc,phases      ] GC(26)   Merge Heap Roots: 0.4ms
[23.569s][info][gc,phases      ] GC(26)   Evacuate Collection Set: 201.9ms
[23.569s][info][gc,phases      ] GC(26)   Post Evacuate Collection Set: 1.0ms
[23.569s][info][gc,phases      ] GC(26)   Other: 0.1ms
[23.569s][info][gc,heap        ] GC(26) Eden regions: 537->0(170)
[23.569s][info][gc,heap        ] GC(26) Survivor regions: 68->67(76)
[23.569s][info][gc,heap        ] GC(26) Old regions: 80->148
[23.569s][info][gc,heap        ] GC(26) Humongous regions: 78->71
[23.569s][info][gc,metaspace   ] GC(26) Metaspace: 72240K(73856K)->72240K(73856K) NonClass: 62964K(63936K)->62964K(63936K) Class: 9276K(9920K)->9276K(9920K)
[23.569s][info][gc             ] GC(26) Pause Young (Normal) (G1 Evacuation Pause) 1519M->563M(4096M) 203.909ms
[23.569s][info][gc,cpu         ] GC(26) User=1.14s Sys=0.00s Real=0.20s
[23.705s][info][gc,start       ] GC(27) Pause Young (Normal) (G1 Evacuation Pause)
[23.705s][info][gc,task        ] GC(27) Using 6 workers of 6 for evacuation
[23.800s][info][gc,phases      ] GC(27)   Pre Evacuate Collection Set: 0.2ms
[23.800s][info][gc,phases      ] GC(27)   Merge Heap Roots: 0.4ms
[23.800s][info][gc,phases      ] GC(27)   Evacuate Collection Set: 93.3ms
[23.800s][info][gc,phases      ] GC(27)   Post Evacuate Collection Set: 0.7ms
[23.800s][info][gc,phases      ] GC(27)   Other: 0.1ms
[23.800s][info][gc,heap        ] GC(27) Eden regions: 178->0(519)
[23.800s][info][gc,heap        ] GC(27) Survivor regions: 67->22(31)
[23.800s][info][gc,heap        ] GC(27) Old regions: 148->214
[23.800s][info][gc,heap        ] GC(27) Humongous regions: 83->83
[23.800s][info][gc,metaspace   ] GC(27) Metaspace: 72240K(73856K)->72240K(73856K) NonClass: 62964K(63936K)->62964K(63936K) Class: 9276K(9920K)->9276K(9920K)
[23.800s][info][gc             ] GC(27) Pause Young (Normal) (G1 Evacuation Pause) 943M->629M(4096M) 94.936ms
[23.800s][info][gc,cpu         ] GC(27) User=0.50s Sys=0.00s Real=0.09s
[24.248s][info][gc,start       ] GC(28) Pause Young (Normal) (G1 Evacuation Pause)
[24.248s][info][gc,task        ] GC(28) Using 6 workers of 6 for evacuation
[24.353s][info][gc,phases      ] GC(28)   Pre Evacuate Collection Set: 0.2ms
[24.353s][info][gc,phases      ] GC(28)   Merge Heap Roots: 0.6ms
[24.353s][info][gc,phases      ] GC(28)   Evacuate Collection Set: 102.9ms
[24.353s][info][gc,phases      ] GC(28)   Post Evacuate Collection Set: 0.6ms
[24.353s][info][gc,phases      ] GC(28)   Other: 0.1ms
[24.353s][info][gc,heap        ] GC(28) Eden regions: 500->0(364)
[24.353s][info][gc,heap        ] GC(28) Survivor regions: 22->55(66)
[24.353s][info][gc,heap        ] GC(28) Old regions: 214->214
[24.353s][info][gc,heap        ] GC(28) Humongous regions: 95->95
[24.353s][info][gc,metaspace   ] GC(28) Metaspace: 72240K(73856K)->72240K(73856K) NonClass: 62964K(63936K)->62964K(63936K) Class: 9276K(9920K)->9276K(9920K)
[24.353s][info][gc             ] GC(28) Pause Young (Normal) (G1 Evacuation Pause) 1653M->720M(4096M) 104.757ms
[24.353s][info][gc,cpu         ] GC(28) User=0.58s Sys=0.00s Real=0.10s
[25.301s][info][gc,start       ] GC(29) Pause Young (Normal) (G1 Evacuation Pause)
[25.302s][info][gc,task        ] GC(29) Using 6 workers of 6 for evacuation
[25.488s][info][gc,phases      ] GC(29)   Pre Evacuate Collection Set: 0.3ms
[25.488s][info][gc,phases      ] GC(29)   Merge Heap Roots: 0.9ms
[25.488s][info][gc,phases      ] GC(29)   Evacuate Collection Set: 184.3ms
[25.488s][info][gc,phases      ] GC(29)   Post Evacuate Collection Set: 0.9ms
[25.488s][info][gc,phases      ] GC(29)   Other: 0.1ms
[25.488s][info][gc,heap        ] GC(29) Eden regions: 311->0(404)
[25.488s][info][gc,heap        ] GC(29) Survivor regions: 55->39(46)
[25.488s][info][gc,heap        ] GC(29) Old regions: 214->268
[25.488s][info][gc,heap        ] GC(29) Humongous regions: 160->139
[25.488s][info][gc,metaspace   ] GC(29) Metaspace: 72377K(73920K)->72377K(73920K) NonClass: 63100K(64000K)->63100K(64000K) Class: 9277K(9920K)->9277K(9920K)
[25.488s][info][gc             ] GC(29) Pause Young (Normal) (G1 Evacuation Pause) 1472M->885M(4096M) 186.552ms
[25.488s][info][gc,cpu         ] GC(29) User=1.05s Sys=0.00s Real=0.19s
[26.341s][info][gc,start       ] GC(30) Pause Young (Normal) (G1 Evacuation Pause)
[26.341s][info][gc,task        ] GC(30) Using 6 workers of 6 for evacuation
[26.485s][info][gc,phases      ] GC(30)   Pre Evacuate Collection Set: 0.3ms
[26.485s][info][gc,phases      ] GC(30)   Merge Heap Roots: 0.4ms
[26.485s][info][gc,phases      ] GC(30)   Evacuate Collection Set: 142.9ms
[26.485s][info][gc,phases      ] GC(30)   Post Evacuate Collection Set: 0.7ms
[26.485s][info][gc,phases      ] GC(30)   Other: 0.1ms
[26.485s][info][gc,heap        ] GC(30) Eden regions: 432->0(384)
[26.485s][info][gc,heap        ] GC(30) Survivor regions: 39->48(59)
[26.485s][info][gc,heap        ] GC(30) Old regions: 268->308
[26.485s][info][gc,heap        ] GC(30) Humongous regions: 227->191
[26.485s][info][gc,metaspace   ] GC(30) Metaspace: 72579K(73920K)->72579K(73920K) NonClass: 63275K(64000K)->63275K(64000K) Class: 9304K(9920K)->9304K(9920K)
[26.485s][info][gc             ] GC(30) Pause Young (Normal) (G1 Evacuation Pause) 1925M->1086M(4096M) 144.478ms
[26.485s][info][gc,cpu         ] GC(30) User=0.75s Sys=0.02s Real=0.15s
[26.950s][info][gc,start       ] GC(31) Pause Full (System.gc())
[26.950s][info][gc,task        ] GC(31) Using 6 workers of 6 for full compaction
[26.950s][info][gc,phases,start] GC(31) Phase 1: Mark live objects
[26.979s][info][gc,phases      ] GC(31) Phase 1: Mark live objects 28.700ms
[26.979s][info][gc,phases,start] GC(31) Phase 2: Prepare compaction
[26.981s][info][gc,phases      ] GC(31) Phase 2: Prepare compaction 1.437ms
[26.981s][info][gc,phases,start] GC(31) Phase 3: Adjust pointers
[26.990s][info][gc,phases      ] GC(31) Phase 3: Adjust pointers 9.585ms
[26.990s][info][gc,phases,start] GC(31) Phase 4: Compact heap
[26.991s][info][gc,phases      ] GC(31) Phase 4: Compact heap 1.169ms
[26.992s][info][gc,phases,start] GC(31) Phase 5: Reset Metadata
[26.998s][info][gc,phases      ] GC(31) Phase 5: Reset Metadata 6.062ms
[27.010s][info][gc,heap        ] GC(31) Eden regions: 405->0(704)
[27.010s][info][gc,heap        ] GC(31) Survivor regions: 48->0(59)
[27.010s][info][gc,heap        ] GC(31) Old regions: 308->76
[27.010s][info][gc,heap        ] GC(31) Humongous regions: 256->3
[27.010s][info][gc,metaspace   ] GC(31) Metaspace: 72633K(73984K)->72633K(73984K) NonClass: 63329K(64064K)->63329K(64064K) Class: 9304K(9920K)->9304K(9920K)
[27.010s][info][gc             ] GC(31) Pause Full (System.gc()) 2025M->149M(4096M) 60.050ms
[27.010s][info][gc,cpu         ] GC(31) User=0.12s Sys=0.00s Real=0.06s
[27.673s][info][gc,start       ] GC(32) Pause Young (Normal) (G1 Evacuation Pause)
[27.673s][info][gc,task        ] GC(32) Using 6 workers of 6 for evacuation
[27.812s][info][gc,phases      ] GC(32)   Pre Evacuate Collection Set: 0.3ms
[27.812s][info][gc,phases      ] GC(32)   Merge Heap Roots: 0.4ms
[27.812s][info][gc,phases      ] GC(32)   Evacuate Collection Set: 137.2ms
[27.812s][info][gc,phases      ] GC(32)   Post Evacuate Collection Set: 1.0ms
[27.812s][info][gc,phases      ] GC(32)   Other: 0.1ms
[27.812s][info][gc,heap        ] GC(32) Eden regions: 760->0(711)
[27.812s][info][gc,heap        ] GC(32) Survivor regions: 0->84(95)
[27.812s][info][gc,heap        ] GC(32) Old regions: 76->76
[27.812s][info][gc,heap        ] GC(32) Humongous regions: 42->39
[27.812s][info][gc,metaspace   ] GC(32) Metaspace: 72690K(73984K)->72690K(73984K) NonClass: 63386K(64064K)->63386K(64064K) Class: 9304K(9920K)->9304K(9920K)
[27.812s][info][gc             ] GC(32) Pause Young (Normal) (G1 Evacuation Pause) 1747M->388M(4096M) 139.149ms
[27.812s][info][gc,cpu         ] GC(32) User=0.75s Sys=0.00s Real=0.14s
[28.830s][info][gc,start       ] GC(33) Pause Young (Normal) (G1 Evacuation Pause)
[28.830s][info][gc,task        ] GC(33) Using 6 workers of 6 for evacuation
[29.104s][info][gc,mmu         ] GC(33) MMU target violated: 201.0ms (200.0ms/201.0ms)
[29.104s][info][gc,phases      ] GC(33)   Pre Evacuate Collection Set: 0.3ms
[29.104s][info][gc,phases      ] GC(33)   Merge Heap Roots: 0.7ms
[29.104s][info][gc,phases      ] GC(33)   Evacuate Collection Set: 271.0ms
[29.104s][info][gc,phases      ] GC(33)   Post Evacuate Collection Set: 1.0ms
[29.104s][info][gc,phases      ] GC(33)   Other: 0.2ms
[29.104s][info][gc,heap        ] GC(33) Eden regions: 695->0(171)
[29.104s][info][gc,heap        ] GC(33) Survivor regions: 84->92(98)
[29.104s][info][gc,heap        ] GC(33) Old regions: 76->157
[29.104s][info][gc,heap        ] GC(33) Humongous regions: 102->95
[29.104s][info][gc,metaspace   ] GC(33) Metaspace: 72753K(74048K)->72753K(74048K) NonClass: 63447K(64128K)->63447K(64128K) Class: 9306K(9920K)->9306K(9920K)
[29.104s][info][gc             ] GC(33) Pause Young (Normal) (G1 Evacuation Pause) 1904M->678M(4096M) 273.412ms
[29.104s][info][gc,cpu         ] GC(33) User=1.61s Sys=0.00s Real=0.28s
[29.269s][info][gc,start       ] GC(34) Pause Young (Normal) (G1 Evacuation Pause)
[29.269s][info][gc,task        ] GC(34) Using 6 workers of 6 for evacuation
[29.380s][info][gc,phases      ] GC(34)   Pre Evacuate Collection Set: 0.3ms
[29.380s][info][gc,phases      ] GC(34)   Merge Heap Roots: 0.5ms
[29.380s][info][gc,phases      ] GC(34)   Evacuate Collection Set: 109.6ms
[29.380s][info][gc,phases      ] GC(34)   Post Evacuate Collection Set: 0.5ms
[29.380s][info][gc,phases      ] GC(34)   Other: 0.1ms
[29.380s][info][gc,heap        ] GC(34) Eden regions: 192->0(764)
[29.380s][info][gc,heap        ] GC(34) Survivor regions: 92->16(36)
[29.380s][info][gc,heap        ] GC(34) Old regions: 157->247
[29.380s][info][gc,heap        ] GC(34) Humongous regions: 95->95
[29.380s][info][gc,metaspace   ] GC(34) Metaspace: 72753K(74048K)->72753K(74048K) NonClass: 63447K(64128K)->63447K(64128K) Class: 9306K(9920K)->9306K(9920K)
[29.380s][info][gc             ] GC(34) Pause Young (Normal) (G1 Evacuation Pause) 1062M->705M(4096M) 111.157ms
[29.380s][info][gc,cpu         ] GC(34) User=0.58s Sys=0.00s Real=0.11s
[30.834s][info][gc,start       ] GC(35) Pause Young (Normal) (G1 Evacuation Pause)
[30.834s][info][gc,task        ] GC(35) Using 6 workers of 6 for evacuation
[31.064s][info][gc,mmu         ] GC(35) MMU target violated: 201.0ms (200.0ms/201.0ms)
[31.064s][info][gc,phases      ] GC(35)   Pre Evacuate Collection Set: 0.3ms
[31.064s][info][gc,phases      ] GC(35)   Merge Heap Roots: 0.5ms
[31.064s][info][gc,phases      ] GC(35)   Evacuate Collection Set: 228.7ms
[31.064s][info][gc,phases      ] GC(35)   Post Evacuate Collection Set: 0.8ms
[31.064s][info][gc,phases      ] GC(35)   Other: 0.2ms
[31.064s][info][gc,heap        ] GC(35) Eden regions: 798->0(38)
[31.064s][info][gc,heap        ] GC(35) Survivor regions: 16->98(102)
[31.064s][info][gc,heap        ] GC(35) Old regions: 247->247
[31.064s][info][gc,heap        ] GC(35) Humongous regions: 179->151
[31.064s][info][gc,metaspace   ] GC(35) Metaspace: 72915K(74112K)->72915K(74112K) NonClass: 63608K(64192K)->63608K(64192K) Class: 9306K(9920K)->9306K(9920K)
[31.064s][info][gc             ] GC(35) Pause Young (Normal) (G1 Evacuation Pause) 2469M->981M(4096M) 230.627ms
[31.064s][info][gc,cpu         ] GC(35) User=1.33s Sys=0.00s Real=0.24s
[31.227s][info][gc,start       ] GC(36) Pause Young (Normal) (G1 Evacuation Pause)
[31.227s][info][gc,task        ] GC(36) Using 6 workers of 6 for evacuation
[31.333s][info][gc,phases      ] GC(36)   Pre Evacuate Collection Set: 0.2ms
[31.333s][info][gc,phases      ] GC(36)   Merge Heap Roots: 0.4ms
[31.333s][info][gc,phases      ] GC(36)   Evacuate Collection Set: 104.3ms
[31.333s][info][gc,phases      ] GC(36)   Post Evacuate Collection Set: 0.5ms
[31.333s][info][gc,phases      ] GC(36)   Other: 0.1ms
[31.333s][info][gc,heap        ] GC(36) Eden regions: 39->0(1025)
[31.333s][info][gc,heap        ] GC(36) Survivor regions: 98->6(18)
[31.333s][info][gc,heap        ] GC(36) Old regions: 247->344
[31.333s][info][gc,heap        ] GC(36) Humongous regions: 239->205
[31.333s][info][gc,metaspace   ] GC(36) Metaspace: 72933K(74176K)->72933K(74176K) NonClass: 63626K(64256K)->63626K(64256K) Class: 9306K(9920K)->9306K(9920K)
[31.333s][info][gc             ] GC(36) Pause Young (Normal) (G1 Evacuation Pause) 1235M->1101M(4096M) 105.821ms
[31.333s][info][gc,cpu         ] GC(36) User=0.58s Sys=0.02s Real=0.12s
[31.611s][info][gc,start       ] GC(37) Pause Full (System.gc())
[31.611s][info][gc,task        ] GC(37) Using 6 workers of 6 for full compaction
[31.611s][info][gc,phases,start] GC(37) Phase 1: Mark live objects
[31.638s][info][gc,phases      ] GC(37) Phase 1: Mark live objects 26.881ms
[31.638s][info][gc,phases,start] GC(37) Phase 2: Prepare compaction
[31.640s][info][gc,phases      ] GC(37) Phase 2: Prepare compaction 1.603ms
[31.640s][info][gc,phases,start] GC(37) Phase 3: Adjust pointers
[31.649s][info][gc,phases      ] GC(37) Phase 3: Adjust pointers 9.717ms
[31.649s][info][gc,phases,start] GC(37) Phase 4: Compact heap
[31.651s][info][gc,phases      ] GC(37) Phase 4: Compact heap 1.288ms
[31.651s][info][gc,phases,start] GC(37) Phase 5: Reset Metadata
[31.657s][info][gc,phases      ] GC(37) Phase 5: Reset Metadata 6.646ms
[31.670s][info][gc,heap        ] GC(37) Eden regions: 417->0(1088)
[31.670s][info][gc,heap        ] GC(37) Survivor regions: 6->0(18)
[31.670s][info][gc,heap        ] GC(37) Old regions: 344->76
[31.670s][info][gc,heap        ] GC(37) Humongous regions: 252->3
[31.670s][info][gc,metaspace   ] GC(37) Metaspace: 72953K(74176K)->72953K(74176K) NonClass: 63647K(64256K)->63647K(64256K) Class: 9306K(9920K)->9306K(9920K)
[31.670s][info][gc             ] GC(37) Pause Full (System.gc()) 2028M->149M(4096M) 59.379ms
[31.670s][info][gc,cpu         ] GC(37) User=0.17s Sys=0.00s Real=0.07s
[33.175s][info][gc,start       ] GC(38) Pause Young (Normal) (G1 Evacuation Pause)
[33.175s][info][gc,task        ] GC(38) Using 6 workers of 6 for evacuation
[33.425s][info][gc,mmu         ] GC(38) MMU target violated: 201.0ms (200.0ms/201.0ms)
[33.425s][info][gc,phases      ] GC(38)   Pre Evacuate Collection Set: 0.4ms
[33.425s][info][gc,phases      ] GC(38)   Merge Heap Roots: 0.6ms
[33.425s][info][gc,phases      ] GC(38)   Evacuate Collection Set: 247.9ms
[33.425s][info][gc,phases      ] GC(38)   Post Evacuate Collection Set: 1.2ms
[33.425s][info][gc,phases      ] GC(38)   Other: 0.2ms
[33.425s][info][gc,heap        ] GC(38) Eden regions: 1116->0(876)
[33.425s][info][gc,heap        ] GC(38) Survivor regions: 0->140(140)
[33.426s][info][gc,heap        ] GC(38) Old regions: 76->76
[33.426s][info][gc,heap        ] GC(38) Humongous regions: 81->71
[33.426s][info][gc,metaspace   ] GC(38) Metaspace: 73079K(74240K)->73079K(74240K) NonClass: 63770K(64320K)->63770K(64320K) Class: 9308K(9920K)->9308K(9920K)
[33.426s][info][gc             ] GC(38) Pause Young (Normal) (G1 Evacuation Pause) 2537M->565M(4096M) 250.461ms
[33.426s][info][gc,cpu         ] GC(38) User=1.36s Sys=0.00s Real=0.25s
[34.694s][info][gc,start       ] GC(39) Pause Young (Normal) (G1 Evacuation Pause)
[34.694s][info][gc,task        ] GC(39) Using 6 workers of 6 for evacuation
[35.020s][info][gc,mmu         ] GC(39) MMU target violated: 201.0ms (200.0ms/201.0ms)
[35.020s][info][gc,phases      ] GC(39)   Pre Evacuate Collection Set: 0.3ms
[35.020s][info][gc,phases      ] GC(39)   Merge Heap Roots: 0.8ms
[35.020s][info][gc,phases      ] GC(39)   Evacuate Collection Set: 324.3ms
[35.020s][info][gc,phases      ] GC(39)   Post Evacuate Collection Set: 1.1ms
[35.020s][info][gc,phases      ] GC(39)   Other: 0.1ms
[35.020s][info][gc,heap        ] GC(39) Eden regions: 833->0(144)
[35.020s][info][gc,heap        ] GC(39) Survivor regions: 140->77(122)
[35.020s][info][gc,heap        ] GC(39) Old regions: 76->216
[35.020s][info][gc,heap        ] GC(39) Humongous regions: 141->127
[35.020s][info][gc,metaspace   ] GC(39) Metaspace: 73134K(74304K)->73134K(74304K) NonClass: 63825K(64384K)->63825K(64384K) Class: 9308K(9920K)->9308K(9920K)
[35.020s][info][gc             ] GC(39) Pause Young (Normal) (G1 Evacuation Pause) 2371M->830M(4096M) 326.760ms
[35.021s][info][gc,cpu         ] GC(39) User=1.88s Sys=0.00s Real=0.31s
[35.305s][info][gc,start       ] GC(40) Pause Young (Normal) (G1 Evacuation Pause)
[35.305s][info][gc,task        ] GC(40) Using 6 workers of 6 for evacuation
[35.451s][info][gc,phases      ] GC(40)   Pre Evacuate Collection Set: 0.3ms
[35.451s][info][gc,phases      ] GC(40)   Merge Heap Roots: 0.5ms
[35.451s][info][gc,phases      ] GC(40)   Evacuate Collection Set: 144.7ms
[35.451s][info][gc,phases      ] GC(40)   Post Evacuate Collection Set: 0.6ms
[35.451s][info][gc,phases      ] GC(40)   Other: 0.1ms
[35.451s][info][gc,heap        ] GC(40) Eden regions: 176->0(605)
[35.451s][info][gc,heap        ] GC(40) Survivor regions: 77->25(32)
[35.451s][info][gc,heap        ] GC(40) Old regions: 216->290
[35.451s][info][gc,heap        ] GC(40) Humongous regions: 146->139
[35.451s][info][gc,metaspace   ] GC(40) Metaspace: 73184K(74368K)->73184K(74368K) NonClass: 63874K(64448K)->63874K(64448K) Class: 9309K(9920K)->9309K(9920K)
[35.451s][info][gc             ] GC(40) Pause Young (Normal) (G1 Evacuation Pause) 1220M->897M(4096M) 146.373ms
[35.451s][info][gc,cpu         ] GC(40) User=0.83s Sys=0.02s Real=0.16s
[36.373s][info][gc,start       ] GC(41) Pause Young (Normal) (G1 Evacuation Pause)
[36.373s][info][gc,task        ] GC(41) Using 6 workers of 6 for evacuation
[36.520s][info][gc,phases      ] GC(41)   Pre Evacuate Collection Set: 0.4ms
[36.520s][info][gc,phases      ] GC(41)   Merge Heap Roots: 0.5ms
[36.520s][info][gc,phases      ] GC(41)   Evacuate Collection Set: 144.9ms
[36.520s][info][gc,phases      ] GC(41)   Post Evacuate Collection Set: 0.7ms
[36.520s][info][gc,phases      ] GC(41)   Other: 0.2ms
[36.520s][info][gc,heap        ] GC(41) Eden regions: 629->0(160)
[36.520s][info][gc,heap        ] GC(41) Survivor regions: 25->82(82)
[36.520s][info][gc,heap        ] GC(41) Old regions: 290->293
[36.520s][info][gc,heap        ] GC(41) Humongous regions: 296->197
[36.520s][info][gc,metaspace   ] GC(41) Metaspace: 73219K(74432K)->73219K(74432K) NonClass: 63909K(64512K)->63909K(64512K) Class: 9310K(9920K)->9310K(9920K)
[36.520s][info][gc             ] GC(41) Pause Young (Normal) (G1 Evacuation Pause) 2469M->1134M(4096M) 147.041ms
[36.520s][info][gc,cpu         ] GC(41) User=0.84s Sys=0.00s Real=0.14s
[36.605s][info][gc,start       ] GC(42) Pause Full (System.gc())
[36.606s][info][gc,task        ] GC(42) Using 6 workers of 6 for full compaction
[36.606s][info][gc,phases,start] GC(42) Phase 1: Mark live objects
[36.633s][info][gc,phases      ] GC(42) Phase 1: Mark live objects 26.764ms
[36.633s][info][gc,phases,start] GC(42) Phase 2: Prepare compaction
[36.634s][info][gc,phases      ] GC(42) Phase 2: Prepare compaction 1.096ms
[36.634s][info][gc,phases,start] GC(42) Phase 3: Adjust pointers
[36.643s][info][gc,phases      ] GC(42) Phase 3: Adjust pointers 9.279ms
[36.643s][info][gc,phases,start] GC(42) Phase 4: Compact heap
[36.644s][info][gc,phases      ] GC(42) Phase 4: Compact heap 0.918ms
[36.644s][info][gc,phases,start] GC(42) Phase 5: Reset Metadata
[36.651s][info][gc,phases      ] GC(42) Phase 5: Reset Metadata 6.939ms
[36.664s][info][gc,heap        ] GC(42) Eden regions: 145->0(833)
[36.664s][info][gc,heap        ] GC(42) Survivor regions: 82->0(82)
[36.664s][info][gc,heap        ] GC(42) Old regions: 293->76
[36.664s][info][gc,heap        ] GC(42) Humongous regions: 199->3
[36.664s][info][gc,metaspace   ] GC(42) Metaspace: 73221K(74432K)->73221K(74432K) NonClass: 63911K(64512K)->63911K(64512K) Class: 9310K(9920K)->9310K(9920K)
[36.664s][info][gc             ] GC(42) Pause Full (System.gc()) 1427M->149M(4096M) 58.970ms
[36.664s][info][gc,cpu         ] GC(42) User=0.11s Sys=0.00s Real=0.06s
[37.925s][info][gc,start       ] GC(43) Pause Young (Normal) (G1 Evacuation Pause)
[37.925s][info][gc,task        ] GC(43) Using 6 workers of 6 for evacuation
[38.098s][info][gc,phases      ] GC(43)   Pre Evacuate Collection Set: 0.3ms
[38.099s][info][gc,phases      ] GC(43)   Merge Heap Roots: 0.4ms
[38.099s][info][gc,phases      ] GC(43)   Evacuate Collection Set: 171.9ms
[38.099s][info][gc,phases      ] GC(43)   Post Evacuate Collection Set: 0.9ms
[38.099s][info][gc,phases      ] GC(43)   Other: 0.1ms
[38.099s][info][gc,heap        ] GC(43) Eden regions: 887->0(802)
[38.099s][info][gc,heap        ] GC(43) Survivor regions: 0->89(111)
[38.099s][info][gc,heap        ] GC(43) Old regions: 76->76
[38.099s][info][gc,heap        ] GC(43) Humongous regions: 57->47
[38.099s][info][gc,metaspace   ] GC(43) Metaspace: 73278K(74496K)->73278K(74496K) NonClass: 63966K(64576K)->63966K(64576K) Class: 9311K(9920K)->9311K(9920K)
[38.099s][info][gc             ] GC(43) Pause Young (Normal) (G1 Evacuation Pause) 2031M->414M(4096M) 173.794ms
[38.099s][info][gc,cpu         ] GC(43) User=1.00s Sys=0.00s Real=0.17s
[38.850s][info][gc,start       ] GC(44) Pause Young (Normal) (G1 Evacuation Pause)
[38.850s][info][gc,task        ] GC(44) Using 6 workers of 6 for evacuation
[39.124s][info][gc,mmu         ] GC(44) MMU target violated: 201.0ms (200.0ms/201.0ms)
[39.124s][info][gc,phases      ] GC(44)   Pre Evacuate Collection Set: 0.3ms
[39.124s][info][gc,phases      ] GC(44)   Merge Heap Roots: 0.6ms
[39.124s][info][gc,phases      ] GC(44)   Evacuate Collection Set: 271.7ms
[39.124s][info][gc,phases      ] GC(44)   Post Evacuate Collection Set: 1.5ms
[39.124s][info][gc,phases      ] GC(44)   Other: 0.2ms
[39.124s][info][gc,heap        ] GC(44) Eden regions: 794->0(138)
[39.124s][info][gc,heap        ] GC(44) Survivor regions: 89->98(111)
[39.124s][info][gc,heap        ] GC(44) Old regions: 76->164
[39.124s][info][gc,heap        ] GC(44) Humongous regions: 95->95
[39.124s][info][gc,metaspace   ] GC(44) Metaspace: 73281K(74496K)->73281K(74496K) NonClass: 63969K(64576K)->63969K(64576K) Class: 9311K(9920K)->9311K(9920K)
[39.124s][info][gc             ] GC(44) Pause Young (Normal) (G1 Evacuation Pause) 2098M->705M(4096M) 274.553ms
[39.124s][info][gc,cpu         ] GC(44) User=1.67s Sys=0.00s Real=0.28s
[39.642s][info][gc,start       ] GC(45) Pause Young (Normal) (G1 Evacuation Pause)
[39.642s][info][gc,task        ] GC(45) Using 6 workers of 6 for evacuation
[39.801s][info][gc,phases      ] GC(45)   Pre Evacuate Collection Set: 0.2ms
[39.801s][info][gc,phases      ] GC(45)   Merge Heap Roots: 0.4ms
[39.801s][info][gc,phases      ] GC(45)   Evacuate Collection Set: 157.1ms
[39.801s][info][gc,phases      ] GC(45)   Post Evacuate Collection Set: 0.6ms
[39.801s][info][gc,phases      ] GC(45)   Other: 0.1ms
[39.801s][info][gc,heap        ] GC(45) Eden regions: 151->0(768)
[39.801s][info][gc,heap        ] GC(45) Survivor regions: 98->19(32)
[39.801s][info][gc,heap        ] GC(45) Old regions: 164->260
[39.801s][info][gc,heap        ] GC(45) Humongous regions: 122->115
[39.801s][info][gc,metaspace   ] GC(45) Metaspace: 73298K(74496K)->73298K(74496K) NonClass: 63986K(64576K)->63986K(64576K) Class: 9312K(9920K)->9312K(9920K)
[39.801s][info][gc             ] GC(45) Pause Young (Normal) (G1 Evacuation Pause) 1061M->778M(4096M) 158.711ms
[39.801s][info][gc,cpu         ] GC(45) User=0.86s Sys=0.00s Real=0.16s
[41.067s][info][gc,start       ] GC(46) Pause Young (Normal) (G1 Evacuation Pause)
[41.067s][info][gc,task        ] GC(46) Using 6 workers of 6 for evacuation
[41.297s][info][gc,mmu         ] GC(46) MMU target violated: 201.0ms (200.0ms/201.0ms)
[41.298s][info][gc,phases      ] GC(46)   Pre Evacuate Collection Set: 0.4ms
[41.298s][info][gc,phases      ] GC(46)   Merge Heap Roots: 0.9ms
[41.298s][info][gc,phases      ] GC(46)   Evacuate Collection Set: 227.8ms
[41.298s][info][gc,phases      ] GC(46)   Post Evacuate Collection Set: 1.2ms
[41.298s][info][gc,phases      ] GC(46)   Other: 0.3ms
[41.298s][info][gc,heap        ] GC(46) Eden regions: 762->0(10)
[41.298s][info][gc,heap        ] GC(46) Survivor regions: 19->98(98)
[41.298s][info][gc,heap        ] GC(46) Old regions: 260->265
[41.298s][info][gc,heap        ] GC(46) Humongous regions: 299->202
[41.298s][info][gc,metaspace   ] GC(46) Metaspace: 73462K(74624K)->73462K(74624K) NonClass: 64146K(64704K)->64146K(64704K) Class: 9315K(9920K)->9315K(9920K)
[41.298s][info][gc             ] GC(46) Pause Young (Normal) (G1 Evacuation Pause) 2670M->1121M(4096M) 230.821ms
[41.298s][info][gc,cpu         ] GC(46) User=1.33s Sys=0.00s Real=0.24s
[41.320s][info][gc,start       ] GC(47) Pause Young (Normal) (G1 Evacuation Pause)
[41.320s][info][gc,task        ] GC(47) Using 6 workers of 6 for evacuation
[41.436s][info][gc,phases      ] GC(47)   Pre Evacuate Collection Set: 0.2ms
[41.436s][info][gc,phases      ] GC(47)   Merge Heap Roots: 0.7ms
[41.436s][info][gc,phases      ] GC(47)   Evacuate Collection Set: 114.7ms
[41.436s][info][gc,phases      ] GC(47)   Post Evacuate Collection Set: 0.4ms
[41.436s][info][gc,phases      ] GC(47)   Other: 0.1ms
[41.436s][info][gc,heap        ] GC(47) Eden regions: 13->0(769)
[41.436s][info][gc,heap        ] GC(47) Survivor regions: 98->8(14)
[41.436s][info][gc,heap        ] GC(47) Old regions: 265->364
[41.436s][info][gc,heap        ] GC(47) Humongous regions: 206->202
[41.436s][info][gc,metaspace   ] GC(47) Metaspace: 73466K(74624K)->73466K(74624K) NonClass: 64150K(64704K)->64150K(64704K) Class: 9315K(9920K)->9315K(9920K)
[41.436s][info][gc             ] GC(47) Pause Young (Normal) (G1 Evacuation Pause) 1155M->1138M(4096M) 116.355ms
[41.436s][info][gc,cpu         ] GC(47) User=0.67s Sys=0.00s Real=0.13s
[41.612s][info][gc,start       ] GC(48) Pause Full (System.gc())
[41.613s][info][gc,task        ] GC(48) Using 6 workers of 6 for full compaction
[41.613s][info][gc,phases,start] GC(48) Phase 1: Mark live objects
[41.640s][info][gc,phases      ] GC(48) Phase 1: Mark live objects 26.634ms
[41.640s][info][gc,phases,start] GC(48) Phase 2: Prepare compaction
[41.641s][info][gc,phases      ] GC(48) Phase 2: Prepare compaction 1.536ms
[41.641s][info][gc,phases,start] GC(48) Phase 3: Adjust pointers
[41.650s][info][gc,phases      ] GC(48) Phase 3: Adjust pointers 8.969ms
[41.650s][info][gc,phases,start] GC(48) Phase 4: Compact heap
[41.651s][info][gc,phases      ] GC(48) Phase 4: Compact heap 0.998ms
[41.651s][info][gc,phases,start] GC(48) Phase 5: Reset Metadata
[41.658s][info][gc,phases      ] GC(48) Phase 5: Reset Metadata 6.736ms
[41.671s][info][gc,heap        ] GC(48) Eden regions: 279->0(809)
[41.671s][info][gc,heap        ] GC(48) Survivor regions: 8->0(14)
[41.671s][info][gc,heap        ] GC(48) Old regions: 364->76
[41.671s][info][gc,heap        ] GC(48) Humongous regions: 206->3
[41.671s][info][gc,metaspace   ] GC(48) Metaspace: 73466K(74624K)->73466K(74624K) NonClass: 64150K(64704K)->64150K(64704K) Class: 9315K(9920K)->9315K(9920K)
[41.671s][info][gc             ] GC(48) Pause Full (System.gc()) 1704M->149M(4096M) 58.531ms
[41.671s][info][gc,cpu         ] GC(48) User=0.09s Sys=0.00s Real=0.06s
[42.433s][info][gc,start       ] GC(49) Pause Young (Normal) (G1 Evacuation Pause)
[42.433s][info][gc,task        ] GC(49) Using 6 workers of 6 for evacuation
[42.588s][info][gc,phases      ] GC(49)   Pre Evacuate Collection Set: 0.2ms
[42.588s][info][gc,phases      ] GC(49)   Merge Heap Roots: 0.4ms
[42.588s][info][gc,phases      ] GC(49)   Evacuate Collection Set: 152.6ms
[42.588s][info][gc,phases      ] GC(49)   Post Evacuate Collection Set: 0.8ms
[42.588s][info][gc,phases      ] GC(49)   Other: 0.1ms
[42.588s][info][gc,heap        ] GC(49) Eden regions: 857->0(798)
[42.588s][info][gc,heap        ] GC(49) Survivor regions: 0->89(108)
[42.588s][info][gc,heap        ] GC(49) Old regions: 76->76
[42.588s][info][gc,heap        ] GC(49) Humongous regions: 42->39
[42.588s][info][gc,metaspace   ] GC(49) Metaspace: 73502K(74624K)->73502K(74624K) NonClass: 64186K(64704K)->64186K(64704K) Class: 9315K(9920K)->9315K(9920K)
[42.588s][info][gc             ] GC(49) Pause Young (Normal) (G1 Evacuation Pause) 1941M->398M(4096M) 154.404ms
[42.588s][info][gc,cpu         ] GC(49) User=0.92s Sys=0.00s Real=0.16s
[43.656s][info][gc,start       ] GC(50) Pause Young (Normal) (G1 Evacuation Pause)
[43.656s][info][gc,task        ] GC(50) Using 6 workers of 6 for evacuation
[43.944s][info][gc,mmu         ] GC(50) MMU target violated: 201.0ms (200.0ms/201.0ms)
[43.944s][info][gc,phases      ] GC(50)   Pre Evacuate Collection Set: 0.3ms
[43.944s][info][gc,phases      ] GC(50)   Merge Heap Roots: 0.7ms
[43.944s][info][gc,phases      ] GC(50)   Evacuate Collection Set: 285.6ms
[43.944s][info][gc,phases      ] GC(50)   Post Evacuate Collection Set: 1.0ms
[43.944s][info][gc,phases      ] GC(50)   Other: 0.2ms
[43.944s][info][gc,heap        ] GC(50) Eden regions: 792->0(177)
[43.944s][info][gc,heap        ] GC(50) Survivor regions: 89->97(111)
[43.944s][info][gc,heap        ] GC(50) Old regions: 76->164
[43.944s][info][gc,heap        ] GC(50) Humongous regions: 102->95
[43.944s][info][gc,metaspace   ] GC(50) Metaspace: 73527K(74624K)->73527K(74624K) NonClass: 64211K(64704K)->64211K(64704K) Class: 9316K(9920K)->9316K(9920K)
[43.944s][info][gc             ] GC(50) Pause Young (Normal) (G1 Evacuation Pause) 2108M->702M(4096M) 287.990ms
[43.944s][info][gc,cpu         ] GC(50) User=1.69s Sys=0.00s Real=0.30s
[44.526s][info][gc,start       ] GC(51) Pause Young (Normal) (G1 Evacuation Pause)
[44.526s][info][gc,task        ] GC(51) Using 6 workers of 6 for evacuation
[44.691s][info][gc,phases      ] GC(51)   Pre Evacuate Collection Set: 0.2ms
[44.691s][info][gc,phases      ] GC(51)   Merge Heap Roots: 0.5ms
[44.691s][info][gc,phases      ] GC(51)   Evacuate Collection Set: 162.6ms
[44.691s][info][gc,phases      ] GC(51)   Post Evacuate Collection Set: 0.7ms
[44.691s][info][gc,phases      ] GC(51)   Other: 0.1ms
[44.691s][info][gc,heap        ] GC(51) Eden regions: 200->0(745)
[44.691s][info][gc,heap        ] GC(51) Survivor regions: 97->24(38)
[44.691s][info][gc,heap        ] GC(51) Old regions: 164->258
[44.691s][info][gc,heap        ] GC(51) Humongous regions: 122->115
[44.691s][info][gc,metaspace   ] GC(51) Metaspace: 73567K(74688K)->73567K(74688K) NonClass: 64242K(64768K)->64242K(64768K) Class: 9324K(9920K)->9324K(9920K)
[44.691s][info][gc             ] GC(51) Pause Young (Normal) (G1 Evacuation Pause) 1156M->784M(4096M) 164.278ms
[44.691s][info][gc,cpu         ] GC(51) User=0.92s Sys=0.00s Real=0.17s
[45.929s][info][gc,start       ] GC(52) Pause Young (Normal) (G1 Evacuation Pause)
[45.929s][info][gc,task        ] GC(52) Using 6 workers of 6 for evacuation
[46.148s][info][gc,mmu         ] GC(52) MMU target violated: 201.0ms (200.0ms/201.0ms)
[46.148s][info][gc,phases      ] GC(52)   Pre Evacuate Collection Set: 0.4ms
[46.148s][info][gc,phases      ] GC(52)   Merge Heap Roots: 0.7ms
[46.148s][info][gc,phases      ] GC(52)   Evacuate Collection Set: 216.2ms
[46.148s][info][gc,phases      ] GC(52)   Post Evacuate Collection Set: 1.4ms
[46.148s][info][gc,phases      ] GC(52)   Other: 0.3ms
[46.148s][info][gc,heap        ] GC(52) Eden regions: 741->0(41)
[46.148s][info][gc,heap        ] GC(52) Survivor regions: 24->96(96)
[46.148s][info][gc,heap        ] GC(52) Old regions: 258->267
[46.148s][info][gc,heap        ] GC(52) Humongous regions: 290->197
[46.148s][info][gc,metaspace   ] GC(52) Metaspace: 73702K(74816K)->73702K(74816K) NonClass: 64369K(64896K)->64369K(64896K) Class: 9332K(9920K)->9332K(9920K)
[46.148s][info][gc             ] GC(52) Pause Young (Normal) (G1 Evacuation Pause) 2616M->1110M(4096M) 219.181ms
[46.148s][info][gc,cpu         ] GC(52) User=1.23s Sys=0.00s Real=0.22s
[46.209s][info][gc,start       ] GC(53) Pause Young (Normal) (G1 Evacuation Pause)
[46.209s][info][gc,task        ] GC(53) Using 6 workers of 6 for evacuation
[46.318s][info][gc,phases      ] GC(53)   Pre Evacuate Collection Set: 0.3ms
[46.318s][info][gc,phases      ] GC(53)   Merge Heap Roots: 0.9ms
[46.318s][info][gc,phases      ] GC(53)   Evacuate Collection Set: 107.2ms
[46.318s][info][gc,phases      ] GC(53)   Post Evacuate Collection Set: 0.4ms
[46.318s][info][gc,phases      ] GC(53)   Other: 0.1ms
[46.318s][info][gc,heap        ] GC(53) Eden regions: 53->0(776)
[46.318s][info][gc,heap        ] GC(53) Survivor regions: 96->14(19)
[46.318s][info][gc,heap        ] GC(53) Old regions: 267->364
[46.318s][info][gc,heap        ] GC(53) Humongous regions: 207->199
[46.318s][info][gc,metaspace   ] GC(53) Metaspace: 73721K(74880K)->73721K(74880K) NonClass: 64388K(64960K)->64388K(64960K) Class: 9332K(9920K)->9332K(9920K)
[46.318s][info][gc             ] GC(53) Pause Young (Normal) (G1 Evacuation Pause) 1236M->1143M(4096M) 109.144ms
[46.318s][info][gc,cpu         ] GC(53) User=0.47s Sys=0.00s Real=0.11s
[46.470s][info][gc,start       ] GC(54) Pause Full (System.gc())
[46.470s][info][gc,task        ] GC(54) Using 6 workers of 6 for full compaction
[46.470s][info][gc,phases,start] GC(54) Phase 1: Mark live objects
[46.496s][info][gc,phases      ] GC(54) Phase 1: Mark live objects 26.085ms
[46.496s][info][gc,phases,start] GC(54) Phase 2: Prepare compaction
[46.498s][info][gc,phases      ] GC(54) Phase 2: Prepare compaction 1.390ms
[46.498s][info][gc,phases,start] GC(54) Phase 3: Adjust pointers
[46.507s][info][gc,phases      ] GC(54) Phase 3: Adjust pointers 9.458ms
[46.507s][info][gc,phases,start] GC(54) Phase 4: Compact heap
[46.508s][info][gc,phases      ] GC(54) Phase 4: Compact heap 1.152ms
[46.508s][info][gc,phases,start] GC(54) Phase 5: Reset Metadata
[46.515s][info][gc,phases      ] GC(54) Phase 5: Reset Metadata 6.187ms
[46.528s][info][gc,heap        ] GC(54) Eden regions: 246->0(844)
[46.528s][info][gc,heap        ] GC(54) Survivor regions: 14->0(19)
[46.528s][info][gc,heap        ] GC(54) Old regions: 364->76
[46.528s][info][gc,heap        ] GC(54) Humongous regions: 201->3
[46.528s][info][gc,metaspace   ] GC(54) Metaspace: 73721K(74880K)->73721K(74880K) NonClass: 64388K(64960K)->64388K(64960K) Class: 9332K(9920K)->9332K(9920K)
[46.528s][info][gc             ] GC(54) Pause Full (System.gc()) 1639M->149M(4096M) 58.422ms
[46.528s][info][gc,cpu         ] GC(54) User=0.08s Sys=0.00s Real=0.06s
[47.729s][info][gc,start       ] GC(55) Pause Young (Normal) (G1 Evacuation Pause)
[47.729s][info][gc,task        ] GC(55) Using 6 workers of 6 for evacuation
[47.902s][info][gc,phases      ] GC(55)   Pre Evacuate Collection Set: 0.3ms
[47.902s][info][gc,phases      ] GC(55)   Merge Heap Roots: 0.4ms
[47.902s][info][gc,phases      ] GC(55)   Evacuate Collection Set: 171.4ms
[47.902s][info][gc,phases      ] GC(55)   Post Evacuate Collection Set: 0.7ms
[47.902s][info][gc,phases      ] GC(55)   Other: 0.1ms
[47.902s][info][gc,heap        ] GC(55) Eden regions: 885->0(810)
[47.902s][info][gc,heap        ] GC(55) Survivor regions: 0->89(111)
[47.902s][info][gc,heap        ] GC(55) Old regions: 76->76
[47.902s][info][gc,heap        ] GC(55) Humongous regions: 52->47
[47.902s][info][gc,metaspace   ] GC(55) Metaspace: 73739K(74880K)->73739K(74880K) NonClass: 64406K(64960K)->64406K(64960K) Class: 9332K(9920K)->9332K(9920K)
[47.902s][info][gc             ] GC(55) Pause Young (Normal) (G1 Evacuation Pause) 2017M->414M(4096M) 173.118ms
[47.902s][info][gc,cpu         ] GC(55) User=0.95s Sys=0.00s Real=0.17s
[48.677s][info][gc,start       ] GC(56) Pause Young (Normal) (G1 Evacuation Pause)
[48.677s][info][gc,task        ] GC(56) Using 6 workers of 6 for evacuation
[48.951s][info][gc,mmu         ] GC(56) MMU target violated: 201.0ms (200.0ms/201.0ms)
[48.951s][info][gc,phases      ] GC(56)   Pre Evacuate Collection Set: 0.3ms
[48.951s][info][gc,phases      ] GC(56)   Merge Heap Roots: 0.7ms
[48.951s][info][gc,phases      ] GC(56)   Evacuate Collection Set: 272.4ms
[48.951s][info][gc,phases      ] GC(56)   Post Evacuate Collection Set: 0.8ms
[48.951s][info][gc,phases      ] GC(56)   Other: 0.2ms
[48.951s][info][gc,heap        ] GC(56) Eden regions: 806->0(178)
[48.951s][info][gc,heap        ] GC(56) Survivor regions: 89->99(112)
[48.951s][info][gc,heap        ] GC(56) Old regions: 76->165
[48.951s][info][gc,heap        ] GC(56) Humongous regions: 100->95
[48.951s][info][gc,metaspace   ] GC(56) Metaspace: 73760K(74880K)->73760K(74880K) NonClass: 64427K(64960K)->64427K(64960K) Class: 9332K(9920K)->9332K(9920K)
[48.951s][info][gc             ] GC(56) Pause Young (Normal) (G1 Evacuation Pause) 2132M->707M(4096M) 274.586ms
[48.951s][info][gc,cpu         ] GC(56) User=1.55s Sys=0.03s Real=0.28s
[49.541s][info][gc,start       ] GC(57) Pause Young (Normal) (G1 Evacuation Pause)
[49.541s][info][gc,task        ] GC(57) Using 6 workers of 6 for evacuation
[49.706s][info][gc,phases      ] GC(57)   Pre Evacuate Collection Set: 0.3ms
[49.706s][info][gc,phases      ] GC(57)   Merge Heap Roots: 0.4ms
[49.706s][info][gc,phases      ] GC(57)   Evacuate Collection Set: 163.5ms
[49.706s][info][gc,phases      ] GC(57)   Post Evacuate Collection Set: 0.8ms
[49.706s][info][gc,phases      ] GC(57)   Other: 0.1ms
[49.706s][info][gc,heap        ] GC(57) Eden regions: 209->0(775)
[49.706s][info][gc,heap        ] GC(57) Survivor regions: 99->22(39)
[49.706s][info][gc,heap        ] GC(57) Old regions: 165->261
[49.706s][info][gc,heap        ] GC(57) Humongous regions: 129->115
[49.706s][info][gc,metaspace   ] GC(57) Metaspace: 73806K(74944K)->73806K(74944K) NonClass: 64472K(65024K)->64472K(65024K) Class: 9333K(9920K)->9333K(9920K)
[49.706s][info][gc             ] GC(57) Pause Young (Normal) (G1 Evacuation Pause) 1193M->786M(4096M) 165.412ms
[49.707s][info][gc,cpu         ] GC(57) User=1.00s Sys=0.00s Real=0.17s
[51.036s][info][gc,start       ] GC(58) Pause Young (Normal) (G1 Evacuation Pause)
[51.037s][info][gc,task        ] GC(58) Using 6 workers of 6 for evacuation
[51.256s][info][gc,mmu         ] GC(58) MMU target violated: 201.0ms (200.0ms/201.0ms)
[51.257s][info][gc,phases      ] GC(58)   Pre Evacuate Collection Set: 0.6ms
[51.257s][info][gc,phases      ] GC(58)   Merge Heap Roots: 0.7ms
[51.257s][info][gc,phases      ] GC(58)   Evacuate Collection Set: 217.5ms
[51.257s][info][gc,phases      ] GC(58)   Post Evacuate Collection Set: 1.0ms
[51.257s][info][gc,phases      ] GC(58)   Other: 0.2ms
[51.257s][info][gc,heap        ] GC(58) Eden regions: 767->0(56)
[51.257s][info][gc,heap        ] GC(58) Survivor regions: 22->99(99)
[51.257s][info][gc,heap        ] GC(58) Old regions: 261->274
[51.257s][info][gc,heap        ] GC(58) Humongous regions: 289->188
[51.257s][info][gc,metaspace   ] GC(58) Metaspace: 73920K(75008K)->73920K(75008K) NonClass: 64585K(65088K)->64585K(65088K) Class: 9334K(9920K)->9334K(9920K)
[51.257s][info][gc             ] GC(58) Pause Young (Normal) (G1 Evacuation Pause) 2668M->1112M(4096M) 220.150ms
[51.257s][info][gc,cpu         ] GC(58) User=1.34s Sys=0.00s Real=0.22s
[51.293s][info][gc,start       ] GC(59) Pause Young (Normal) (G1 Evacuation Pause)
[51.293s][info][gc,task        ] GC(59) Using 6 workers of 6 for evacuation
[51.386s][info][gc,phases      ] GC(59)   Pre Evacuate Collection Set: 0.3ms
[51.386s][info][gc,phases      ] GC(59)   Merge Heap Roots: 0.9ms
[51.387s][info][gc,phases      ] GC(59)   Evacuate Collection Set: 92.0ms
[51.387s][info][gc,phases      ] GC(59)   Post Evacuate Collection Set: 0.5ms
[51.387s][info][gc,phases      ] GC(59)   Other: 0.1ms
[51.387s][info][gc,heap        ] GC(59) Eden regions: 57->0(1113)
[51.387s][info][gc,heap        ] GC(59) Survivor regions: 99->3(20)
[51.387s][info][gc,heap        ] GC(59) Old regions: 274->375
[51.387s][info][gc,heap        ] GC(59) Humongous regions: 188->188
[51.387s][info][gc,metaspace   ] GC(59) Metaspace: 73922K(75008K)->73922K(75008K) NonClass: 64587K(65088K)->64587K(65088K) Class: 9334K(9920K)->9334K(9920K)
[51.387s][info][gc             ] GC(59) Pause Young (Normal) (G1 Evacuation Pause) 1226M->1122M(4096M) 93.956ms
[51.387s][info][gc,cpu         ] GC(59) User=0.48s Sys=0.00s Real=0.09s
[51.483s][info][gc,start       ] GC(60) Pause Full (System.gc())
[51.483s][info][gc,task        ] GC(60) Using 6 workers of 6 for full compaction
[51.484s][info][gc,phases,start] GC(60) Phase 1: Mark live objects
[51.511s][info][gc,phases      ] GC(60) Phase 1: Mark live objects 27.286ms
[51.511s][info][gc,phases,start] GC(60) Phase 2: Prepare compaction
[51.512s][info][gc,phases      ] GC(60) Phase 2: Prepare compaction 1.295ms
[51.512s][info][gc,phases,start] GC(60) Phase 3: Adjust pointers
[51.522s][info][gc,phases      ] GC(60) Phase 3: Adjust pointers 9.610ms
[51.522s][info][gc,phases,start] GC(60) Phase 4: Compact heap
[51.523s][info][gc,phases      ] GC(60) Phase 4: Compact heap 0.918ms
[51.523s][info][gc,phases,start] GC(60) Phase 5: Reset Metadata
[51.529s][info][gc,phases      ] GC(60) Phase 5: Reset Metadata 6.079ms
[51.543s][info][gc,heap        ] GC(60) Eden regions: 165->0(1143)
[51.543s][info][gc,heap        ] GC(60) Survivor regions: 3->0(20)
[51.543s][info][gc,heap        ] GC(60) Old regions: 375->76
[51.543s][info][gc,heap        ] GC(60) Humongous regions: 190->3
[51.543s][info][gc,metaspace   ] GC(60) Metaspace: 73923K(75008K)->73923K(75008K) NonClass: 64588K(65088K)->64588K(65088K) Class: 9334K(9920K)->9334K(9920K)
[51.543s][info][gc             ] GC(60) Pause Full (System.gc()) 1456M->149M(4096M) 59.482ms
[51.543s][info][gc,cpu         ] GC(60) User=0.11s Sys=0.00s Real=0.06s
[53.081s][info][gc,start       ] GC(61) Pause Young (Normal) (G1 Evacuation Pause)
[53.081s][info][gc,task        ] GC(61) Using 6 workers of 6 for evacuation
[53.345s][info][gc,mmu         ] GC(61) MMU target violated: 201.0ms (200.0ms/201.0ms)
[53.345s][info][gc,phases      ] GC(61)   Pre Evacuate Collection Set: 0.3ms
[53.345s][info][gc,phases      ] GC(61)   Merge Heap Roots: 0.6ms
[53.345s][info][gc,phases      ] GC(61)   Evacuate Collection Set: 261.5ms
[53.345s][info][gc,phases      ] GC(61)   Post Evacuate Collection Set: 1.5ms
[53.345s][info][gc,phases      ] GC(61)   Other: 0.2ms
[53.345s][info][gc,heap        ] GC(61) Eden regions: 1186->0(905)
[53.345s][info][gc,heap        ] GC(61) Survivor regions: 0->148(149)
[53.345s][info][gc,heap        ] GC(61) Old regions: 76->76
[53.345s][info][gc,heap        ] GC(61) Humongous regions: 85->75
[53.345s][info][gc,metaspace   ] GC(61) Metaspace: 73970K(75072K)->73970K(75072K) NonClass: 64634K(65152K)->64634K(65152K) Class: 9335K(9920K)->9335K(9920K)
[53.345s][info][gc             ] GC(61) Pause Young (Normal) (G1 Evacuation Pause) 2685M->589M(4096M) 264.199ms
[53.345s][info][gc,cpu         ] GC(61) User=1.48s Sys=0.03s Real=0.27s
[54.667s][info][gc,start       ] GC(62) Pause Young (Normal) (G1 Evacuation Pause)
[54.667s][info][gc,task        ] GC(62) Using 6 workers of 6 for evacuation
[54.998s][info][gc,mmu         ] GC(62) MMU target violated: 201.0ms (200.0ms/201.0ms)
[54.998s][info][gc,phases      ] GC(62)   Pre Evacuate Collection Set: 0.3ms
[54.998s][info][gc,phases      ] GC(62)   Merge Heap Roots: 1.0ms
[54.998s][info][gc,phases      ] GC(62)   Evacuate Collection Set: 327.4ms
[54.998s][info][gc,phases      ] GC(62)   Post Evacuate Collection Set: 1.4ms
[54.998s][info][gc,phases      ] GC(62)   Other: 0.2ms
[54.998s][info][gc,heap        ] GC(62) Eden regions: 850->0(204)
[54.998s][info][gc,heap        ] GC(62) Survivor regions: 148->76(125)
[54.998s][info][gc,heap        ] GC(62) Old regions: 76->223
[54.998s][info][gc,heap        ] GC(62) Humongous regions: 148->127
[54.998s][info][gc,metaspace   ] GC(62) Metaspace: 74077K(75200K)->74077K(75200K) NonClass: 64740K(65280K)->64740K(65280K) Class: 9336K(9920K)->9336K(9920K)
[54.998s][info][gc             ] GC(62) Pause Young (Normal) (G1 Evacuation Pause) 2435M->842M(4096M) 330.571ms
[54.998s][info][gc,cpu         ] GC(62) User=1.91s Sys=0.00s Real=0.33s
[55.367s][info][gc,start       ] GC(63) Pause Young (Normal) (G1 Evacuation Pause)
[55.367s][info][gc,task        ] GC(63) Using 6 workers of 6 for evacuation
[55.501s][info][gc,phases      ] GC(63)   Pre Evacuate Collection Set: 0.3ms
[55.501s][info][gc,phases      ] GC(63)   Merge Heap Roots: 0.4ms
[55.501s][info][gc,phases      ] GC(63)   Evacuate Collection Set: 132.6ms
[55.501s][info][gc,phases      ] GC(63)   Post Evacuate Collection Set: 0.8ms
[55.501s][info][gc,phases      ] GC(63)   Other: 0.1ms
[55.501s][info][gc,heap        ] GC(63) Eden regions: 236->0(905)
[55.501s][info][gc,heap        ] GC(63) Survivor regions: 76->25(39)
[55.501s][info][gc,heap        ] GC(63) Old regions: 223->297
[55.501s][info][gc,heap        ] GC(63) Humongous regions: 146->139
[55.501s][info][gc,metaspace   ] GC(63) Metaspace: 74114K(75264K)->74114K(75264K) NonClass: 64776K(65344K)->64776K(65344K) Class: 9337K(9920K)->9337K(9920K)
[55.501s][info][gc             ] GC(63) Pause Young (Normal) (G1 Evacuation Pause) 1352M->913M(4096M) 134.477ms
[55.501s][info][gc,cpu         ] GC(63) User=0.77s Sys=0.00s Real=0.14s
[56.236s][info][gc,start       ] GC(64) Pause Full (System.gc())
[56.236s][info][gc,task        ] GC(64) Using 6 workers of 6 for full compaction
[56.236s][info][gc,phases,start] GC(64) Phase 1: Mark live objects
[56.263s][info][gc,phases      ] GC(64) Phase 1: Mark live objects 27.523ms
[56.263s][info][gc,phases,start] GC(64) Phase 2: Prepare compaction
[56.265s][info][gc,phases      ] GC(64) Phase 2: Prepare compaction 1.798ms
[56.265s][info][gc,phases,start] GC(64) Phase 3: Adjust pointers
[56.275s][info][gc,phases      ] GC(64) Phase 3: Adjust pointers 9.605ms
[56.275s][info][gc,phases,start] GC(64) Phase 4: Compact heap
[56.276s][info][gc,phases      ] GC(64) Phase 4: Compact heap 1.292ms
[56.276s][info][gc,phases,start] GC(64) Phase 5: Reset Metadata
[56.284s][info][gc,phases      ] GC(64) Phase 5: Reset Metadata 7.162ms
[56.297s][info][gc,heap        ] GC(64) Eden regions: 617->0(1119)
[56.297s][info][gc,heap        ] GC(64) Survivor regions: 25->0(39)
[56.297s][info][gc,heap        ] GC(64) Old regions: 297->76
[56.297s][info][gc,heap        ] GC(64) Humongous regions: 286->3
[56.297s][info][gc,metaspace   ] GC(64) Metaspace: 74142K(75264K)->74142K(75264K) NonClass: 64803K(65344K)->64803K(65344K) Class: 9338K(9920K)->9338K(9920K)
[56.297s][info][gc             ] GC(64) Pause Full (System.gc()) 2441M->150M(4096M) 61.674ms
[56.297s][info][gc,cpu         ] GC(64) User=0.12s Sys=0.00s Real=0.06s
[57.810s][info][gc,start       ] GC(65) Pause Young (Normal) (G1 Evacuation Pause)
[57.810s][info][gc,task        ] GC(65) Using 6 workers of 6 for evacuation
[58.064s][info][gc,mmu         ] GC(65) MMU target violated: 201.0ms (200.0ms/201.0ms)
[58.064s][info][gc,phases      ] GC(65)   Pre Evacuate Collection Set: 0.3ms
[58.064s][info][gc,phases      ] GC(65)   Merge Heap Roots: 0.7ms
[58.064s][info][gc,phases      ] GC(65)   Evacuate Collection Set: 251.2ms
[58.064s][info][gc,phases      ] GC(65)   Post Evacuate Collection Set: 1.5ms
[58.064s][info][gc,phases      ] GC(65)   Other: 0.2ms
[58.064s][info][gc,heap        ] GC(65) Eden regions: 1150->0(983)
[58.064s][info][gc,heap        ] GC(65) Survivor regions: 0->144(144)
[58.064s][info][gc,heap        ] GC(65) Old regions: 76->77
[58.064s][info][gc,heap        ] GC(65) Humongous regions: 81->71
[58.064s][info][gc,metaspace   ] GC(65) Metaspace: 74190K(75328K)->74190K(75328K) NonClass: 64850K(65408K)->64850K(65408K) Class: 9339K(9920K)->9339K(9920K)
[58.064s][info][gc             ] GC(65) Pause Young (Normal) (G1 Evacuation Pause) 2606M->576M(4096M) 254.093ms
[58.064s][info][gc,cpu         ] GC(65) User=1.41s Sys=0.00s Real=0.25s
[59.500s][info][gc,start       ] GC(66) Pause Young (Normal) (G1 Evacuation Pause)
[59.500s][info][gc,task        ] GC(66) Using 6 workers of 6 for evacuation
[59.864s][info][gc,mmu         ] GC(66) MMU target violated: 201.0ms (200.0ms/201.0ms)
[59.865s][info][gc,phases      ] GC(66)   Pre Evacuate Collection Set: 0.3ms
[59.865s][info][gc,phases      ] GC(66)   Merge Heap Roots: 1.0ms
[59.865s][info][gc,phases      ] GC(66)   Evacuate Collection Set: 362.0ms
[59.865s][info][gc,phases      ] GC(66)   Post Evacuate Collection Set: 1.0ms
[59.865s][info][gc,phases      ] GC(66)   Other: 0.2ms
[59.865s][info][gc,heap        ] GC(66) Eden regions: 929->0(110)
[59.865s][info][gc,heap        ] GC(66) Survivor regions: 144->90(135)
[59.865s][info][gc,heap        ] GC(66) Old regions: 77->220
[59.865s][info][gc,heap        ] GC(66) Humongous regions: 160->139
[59.865s][info][gc,metaspace   ] GC(66) Metaspace: 74238K(75328K)->74238K(75328K) NonClass: 64897K(65408K)->64897K(65408K) Class: 9340K(9920K)->9340K(9920K)
[59.865s][info][gc             ] GC(66) Pause Young (Normal) (G1 Evacuation Pause) 2612M->889M(4096M) 364.643ms
[59.865s][info][gc,cpu         ] GC(66) User=2.09s Sys=0.00s Real=0.36s
[60.104s][info][gc,start       ] GC(67) Pause Young (Normal) (G1 Evacuation Pause)
[60.104s][info][gc,task        ] GC(67) Using 6 workers of 6 for evacuation
[60.217s][info][gc,phases      ] GC(67)   Pre Evacuate Collection Set: 0.2ms
[60.217s][info][gc,phases      ] GC(67)   Merge Heap Roots: 0.4ms
[60.217s][info][gc,phases      ] GC(67)   Evacuate Collection Set: 111.1ms
[60.217s][info][gc,phases      ] GC(67)   Post Evacuate Collection Set: 0.8ms
[60.217s][info][gc,phases      ] GC(67)   Other: 0.1ms
[60.217s][info][gc,heap        ] GC(67) Eden regions: 131->0(747)
[60.217s][info][gc,heap        ] GC(67) Survivor regions: 90->9(28)
[60.217s][info][gc,heap        ] GC(67) Old regions: 220->307
[60.217s][info][gc,heap        ] GC(67) Humongous regions: 146->139
[60.217s][info][gc,metaspace   ] GC(67) Metaspace: 74241K(75328K)->74241K(75328K) NonClass: 64901K(65408K)->64901K(65408K) Class: 9340K(9920K)->9340K(9920K)
[60.217s][info][gc             ] GC(67) Pause Young (Normal) (G1 Evacuation Pause) 1165M->900M(4096M) 112.882ms
[60.217s][info][gc,cpu         ] GC(67) User=0.58s Sys=0.00s Real=0.11s
[61.016s][info][gc,start       ] GC(68) Pause Full (System.gc())
[61.017s][info][gc,task        ] GC(68) Using 6 workers of 6 for full compaction
[61.017s][info][gc,phases,start] GC(68) Phase 1: Mark live objects
[61.044s][info][gc,phases      ] GC(68) Phase 1: Mark live objects 27.473ms
[61.044s][info][gc,phases,start] GC(68) Phase 2: Prepare compaction
[61.046s][info][gc,phases      ] GC(68) Phase 2: Prepare compaction 1.824ms
[61.046s][info][gc,phases,start] GC(68) Phase 3: Adjust pointers
[61.056s][info][gc,phases      ] GC(68) Phase 3: Adjust pointers 9.413ms
[61.056s][info][gc,phases,start] GC(68) Phase 4: Compact heap
[61.057s][info][gc,phases      ] GC(68) Phase 4: Compact heap 1.599ms
[61.057s][info][gc,phases,start] GC(68) Phase 5: Reset Metadata
[61.065s][info][gc,phases      ] GC(68) Phase 5: Reset Metadata 7.227ms
[61.078s][info][gc,heap        ] GC(68) Eden regions: 678->0(800)
[61.078s][info][gc,heap        ] GC(68) Survivor regions: 9->0(28)
[61.078s][info][gc,heap        ] GC(68) Old regions: 307->76
[61.078s][info][gc,heap        ] GC(68) Humongous regions: 283->3
[61.078s][info][gc,metaspace   ] GC(68) Metaspace: 74253K(75328K)->74253K(75328K) NonClass: 64913K(65408K)->64913K(65408K) Class: 9340K(9920K)->9340K(9920K)
[61.078s][info][gc             ] GC(68) Pause Full (System.gc()) 2544M->150M(4096M) 61.712ms
[61.078s][info][gc,cpu         ] GC(68) User=0.11s Sys=0.00s Real=0.05s
[62.167s][info][gc,start       ] GC(69) Pause Young (Normal) (G1 Evacuation Pause)
[62.167s][info][gc,task        ] GC(69) Using 6 workers of 6 for evacuation
[62.341s][info][gc,phases      ] GC(69)   Pre Evacuate Collection Set: 0.3ms
[62.341s][info][gc,phases      ] GC(69)   Merge Heap Roots: 0.4ms
[62.341s][info][gc,phases      ] GC(69)   Evacuate Collection Set: 172.4ms
[62.341s][info][gc,phases      ] GC(69)   Post Evacuate Collection Set: 0.9ms
[62.341s][info][gc,phases      ] GC(69)   Other: 0.1ms
[62.341s][info][gc,heap        ] GC(69) Eden regions: 861->0(769)
[62.341s][info][gc,heap        ] GC(69) Survivor regions: 0->89(108)
[62.341s][info][gc,heap        ] GC(69) Old regions: 76->76
[62.341s][info][gc,heap        ] GC(69) Humongous regions: 50->47
[62.341s][info][gc,metaspace   ] GC(69) Metaspace: 74264K(75392K)->74264K(75392K) NonClass: 64924K(65472K)->64924K(65472K) Class: 9340K(9920K)->9340K(9920K)
[62.341s][info][gc             ] GC(69) Pause Young (Normal) (G1 Evacuation Pause) 1966M->415M(4096M) 174.319ms
[62.341s][info][gc,cpu         ] GC(69) User=0.88s Sys=0.00s Real=0.17s
[63.131s][info][gc,start       ] GC(70) Pause Young (Normal) (G1 Evacuation Pause)
[63.131s][info][gc,task        ] GC(70) Using 6 workers of 6 for evacuation
[63.400s][info][gc,mmu         ] GC(70) MMU target violated: 201.0ms (200.0ms/201.0ms)
[63.400s][info][gc,phases      ] GC(70)   Pre Evacuate Collection Set: 0.3ms
[63.400s][info][gc,phases      ] GC(70)   Merge Heap Roots: 0.7ms
[63.400s][info][gc,phases      ] GC(70)   Evacuate Collection Set: 266.5ms
[63.400s][info][gc,phases      ] GC(70)   Post Evacuate Collection Set: 1.4ms
[63.400s][info][gc,phases      ] GC(70)   Other: 0.2ms
[63.400s][info][gc,heap        ] GC(70) Eden regions: 765->0(161)
[63.400s][info][gc,heap        ] GC(70) Survivor regions: 89->96(107)
[63.400s][info][gc,heap        ] GC(70) Old regions: 76->165
[63.400s][info][gc,heap        ] GC(70) Humongous regions: 102->95
[63.400s][info][gc,metaspace   ] GC(70) Metaspace: 74321K(75392K)->74321K(75392K) NonClass: 64981K(65472K)->64981K(65472K) Class: 9340K(9920K)->9340K(9920K)
[63.400s][info][gc             ] GC(70) Pause Young (Normal) (G1 Evacuation Pause) 2055M->703M(4096M) 269.282ms
[63.400s][info][gc,cpu         ] GC(70) User=1.52s Sys=0.00s Real=0.27s
[63.920s][info][gc,start       ] GC(71) Pause Young (Normal) (G1 Evacuation Pause)
[63.921s][info][gc,task        ] GC(71) Using 6 workers of 6 for evacuation
[64.077s][info][gc,phases      ] GC(71)   Pre Evacuate Collection Set: 0.3ms
[64.077s][info][gc,phases      ] GC(71)   Merge Heap Roots: 0.5ms
[64.077s][info][gc,phases      ] GC(71)   Evacuate Collection Set: 154.5ms
[64.077s][info][gc,phases      ] GC(71)   Post Evacuate Collection Set: 0.7ms
[64.077s][info][gc,phases      ] GC(71)   Other: 0.1ms
[64.077s][info][gc,heap        ] GC(71) Eden regions: 191->0(757)
[64.077s][info][gc,heap        ] GC(71) Survivor regions: 96->18(36)
[64.077s][info][gc,heap        ] GC(71) Old regions: 165->258
[64.077s][info][gc,heap        ] GC(71) Humongous regions: 122->115
[64.077s][info][gc,metaspace   ] GC(71) Metaspace: 74333K(75456K)->74333K(75456K) NonClass: 64993K(65536K)->64993K(65536K) Class: 9340K(9920K)->9340K(9920K)
[64.077s][info][gc             ] GC(71) Pause Young (Normal) (G1 Evacuation Pause) 1139M->773M(4096M) 156.337ms
[64.077s][info][gc,cpu         ] GC(71) User=0.95s Sys=0.00s Real=0.16s
[65.340s][info][gc,start       ] GC(72) Pause Young (Normal) (G1 Evacuation Pause)
[65.340s][info][gc,task        ] GC(72) Using 6 workers of 6 for evacuation
[65.568s][info][gc,mmu         ] GC(72) MMU target violated: 201.0ms (200.0ms/201.0ms)
[65.568s][info][gc,phases      ] GC(72)   Pre Evacuate Collection Set: 0.4ms
[65.568s][info][gc,phases      ] GC(72)   Merge Heap Roots: 0.9ms
[65.568s][info][gc,phases      ] GC(72)   Evacuate Collection Set: 226.0ms
[65.568s][info][gc,phases      ] GC(72)   Post Evacuate Collection Set: 0.9ms
[65.568s][info][gc,phases      ] GC(72)   Other: 0.2ms
[65.568s][info][gc,heap        ] GC(72) Eden regions: 753->0(30)
[65.568s][info][gc,heap        ] GC(72) Survivor regions: 18->97(97)
[65.568s][info][gc,heap        ] GC(72) Old regions: 258->265
[65.568s][info][gc,heap        ] GC(72) Humongous regions: 296->198
[65.568s][info][gc,metaspace   ] GC(72) Metaspace: 74459K(75520K)->74459K(75520K) NonClass: 65118K(65600K)->65118K(65600K) Class: 9340K(9920K)->9340K(9920K)
[65.568s][info][gc             ] GC(72) Pause Young (Normal) (G1 Evacuation Pause) 2641M->1110M(4096M) 228.584ms
[65.568s][info][gc,cpu         ] GC(72) User=1.31s Sys=0.00s Real=0.22s
[65.635s][info][gc,start       ] GC(73) Pause Young (Normal) (G1 Evacuation Pause)
[65.635s][info][gc,task        ] GC(73) Using 6 workers of 6 for evacuation
[65.758s][info][gc,phases      ] GC(73)   Pre Evacuate Collection Set: 0.3ms
[65.758s][info][gc,phases      ] GC(73)   Merge Heap Roots: 0.7ms
[65.758s][info][gc,phases      ] GC(73)   Evacuate Collection Set: 121.3ms
[65.758s][info][gc,phases      ] GC(73)   Post Evacuate Collection Set: 0.5ms
[65.758s][info][gc,phases      ] GC(73)   Other: 0.1ms
[65.758s][info][gc,heap        ] GC(73) Eden regions: 33->0(785)
[65.759s][info][gc,heap        ] GC(73) Survivor regions: 97->8(17)
[65.759s][info][gc,heap        ] GC(73) Old regions: 265->363
[65.759s][info][gc,heap        ] GC(73) Humongous regions: 208->203
[65.759s][info][gc,metaspace   ] GC(73) Metaspace: 74468K(75584K)->74468K(75584K) NonClass: 65128K(65664K)->65128K(65664K) Class: 9340K(9920K)->9340K(9920K)
[65.759s][info][gc             ] GC(73) Pause Young (Normal) (G1 Evacuation Pause) 1196M->1138M(4096M) 123.110ms
[65.759s][info][gc,cpu         ] GC(73) User=0.67s Sys=0.00s Real=0.12s
[65.937s][info][gc,start       ] GC(74) Pause Full (System.gc())
[65.937s][info][gc,task        ] GC(74) Using 6 workers of 6 for full compaction
[65.938s][info][gc,phases,start] GC(74) Phase 1: Mark live objects
[65.964s][info][gc,phases      ] GC(74) Phase 1: Mark live objects 26.725ms
[65.964s][info][gc,phases,start] GC(74) Phase 2: Prepare compaction
[65.966s][info][gc,phases      ] GC(74) Phase 2: Prepare compaction 1.459ms
[65.966s][info][gc,phases,start] GC(74) Phase 3: Adjust pointers
[65.976s][info][gc,phases      ] GC(74) Phase 3: Adjust pointers 9.583ms
[65.976s][info][gc,phases,start] GC(74) Phase 4: Compact heap
[65.977s][info][gc,phases      ] GC(74) Phase 4: Compact heap 1.028ms
[65.977s][info][gc,phases,start] GC(74) Phase 5: Reset Metadata
[65.983s][info][gc,phases      ] GC(74) Phase 5: Reset Metadata 6.266ms
[65.997s][info][gc,heap        ] GC(74) Eden regions: 283->0(836)
[65.997s][info][gc,heap        ] GC(74) Survivor regions: 8->0(17)
[65.997s][info][gc,heap        ] GC(74) Old regions: 363->76
[65.997s][info][gc,heap        ] GC(74) Humongous regions: 207->3
[65.997s][info][gc,metaspace   ] GC(74) Metaspace: 74469K(75584K)->74469K(75584K) NonClass: 65129K(65664K)->65129K(65664K) Class: 9340K(9920K)->9340K(9920K)
[65.997s][info][gc             ] GC(74) Pause Full (System.gc()) 1711M->150M(4096M) 60.037ms
[65.997s][info][gc,cpu         ] GC(74) User=0.09s Sys=0.00s Real=0.06s
[67.226s][info][gc,start       ] GC(75) Pause Young (Normal) (G1 Evacuation Pause)
[67.226s][info][gc,task        ] GC(75) Using 6 workers of 6 for evacuation
[67.402s][info][gc,phases      ] GC(75)   Pre Evacuate Collection Set: 0.3ms
[67.402s][info][gc,phases      ] GC(75)   Merge Heap Roots: 0.5ms
[67.402s][info][gc,phases      ] GC(75)   Evacuate Collection Set: 174.8ms
[67.402s][info][gc,phases      ] GC(75)   Post Evacuate Collection Set: 0.9ms
[67.402s][info][gc,phases      ] GC(75)   Other: 0.1ms
[67.402s][info][gc,heap        ] GC(75) Eden regions: 898->0(811)
[67.402s][info][gc,heap        ] GC(75) Survivor regions: 0->90(113)
[67.402s][info][gc,heap        ] GC(75) Old regions: 76->76
[67.402s][info][gc,heap        ] GC(75) Humongous regions: 57->47
[67.402s][info][gc,metaspace   ] GC(75) Metaspace: 74490K(75584K)->74490K(75584K) NonClass: 65149K(65664K)->65149K(65664K) Class: 9341K(9920K)->9341K(9920K)
[67.402s][info][gc             ] GC(75) Pause Young (Normal) (G1 Evacuation Pause) 2054M->417M(4096M) 176.789ms
[67.402s][info][gc,cpu         ] GC(75) User=0.97s Sys=0.00s Real=0.17s
[68.162s][info][gc,start       ] GC(76) Pause Young (Normal) (G1 Evacuation Pause)
[68.162s][info][gc,task        ] GC(76) Using 6 workers of 6 for evacuation
[68.436s][info][gc,mmu         ] GC(76) MMU target violated: 201.0ms (200.0ms/201.0ms)
[68.436s][info][gc,phases      ] GC(76)   Pre Evacuate Collection Set: 0.3ms
[68.436s][info][gc,phases      ] GC(76)   Merge Heap Roots: 0.8ms
[68.436s][info][gc,phases      ] GC(76)   Evacuate Collection Set: 271.3ms
[68.436s][info][gc,phases      ] GC(76)   Post Evacuate Collection Set: 1.1ms
[68.436s][info][gc,phases      ] GC(76)   Other: 0.2ms
[68.436s][info][gc,heap        ] GC(76) Eden regions: 808->0(165)
[68.436s][info][gc,heap        ] GC(76) Survivor regions: 90->99(113)
[68.436s][info][gc,heap        ] GC(76) Old regions: 76->165
[68.436s][info][gc,heap        ] GC(76) Humongous regions: 95->95
[68.436s][info][gc,metaspace   ] GC(76) Metaspace: 74491K(75584K)->74491K(75584K) NonClass: 65150K(65664K)->65150K(65664K) Class: 9341K(9920K)->9341K(9920K)
[68.436s][info][gc             ] GC(76) Pause Young (Normal) (G1 Evacuation Pause) 2129M->709M(4096M) 273.858ms
[68.436s][info][gc,cpu         ] GC(76) User=1.61s Sys=0.00s Real=0.28s
[69.005s][info][gc,start       ] GC(77) Pause Young (Normal) (G1 Evacuation Pause)
[69.005s][info][gc,task        ] GC(77) Using 6 workers of 6 for evacuation
[69.169s][info][gc,phases      ] GC(77)   Pre Evacuate Collection Set: 0.4ms
[69.169s][info][gc,phases      ] GC(77)   Merge Heap Roots: 0.5ms
[69.169s][info][gc,phases      ] GC(77)   Evacuate Collection Set: 161.5ms
[69.169s][info][gc,phases      ] GC(77)   Post Evacuate Collection Set: 1.0ms
[69.169s][info][gc,phases      ] GC(77)   Other: 0.1ms
[69.169s][info][gc,heap        ] GC(77) Eden regions: 193->0(782)
[69.169s][info][gc,heap        ] GC(77) Survivor regions: 99->21(37)
[69.169s][info][gc,heap        ] GC(77) Old regions: 165->262
[69.169s][info][gc,heap        ] GC(77) Humongous regions: 129->115
[69.169s][info][gc,metaspace   ] GC(77) Metaspace: 74589K(75712K)->74589K(75712K) NonClass: 65248K(65792K)->65248K(65792K) Class: 9341K(9920K)->9341K(9920K)
[69.169s][info][gc             ] GC(77) Pause Young (Normal) (G1 Evacuation Pause) 1163M->786M(4096M) 163.675ms
[69.169s][info][gc,cpu         ] GC(77) User=0.94s Sys=0.00s Real=0.17s
[70.338s][info][gc,start       ] GC(78) Pause Young (Normal) (G1 Evacuation Pause)
[70.338s][info][gc,task        ] GC(78) Using 6 workers of 6 for evacuation
[70.565s][info][gc,mmu         ] GC(78) MMU target violated: 201.0ms (200.0ms/201.0ms)
[70.565s][info][gc,phases      ] GC(78)   Pre Evacuate Collection Set: 0.3ms
[70.565s][info][gc,phases      ] GC(78)   Merge Heap Roots: 0.7ms
[70.565s][info][gc,phases      ] GC(78)   Evacuate Collection Set: 224.8ms
[70.565s][info][gc,phases      ] GC(78)   Post Evacuate Collection Set: 0.9ms
[70.565s][info][gc,phases      ] GC(78)   Other: 0.2ms
[70.565s][info][gc,heap        ] GC(78) Eden regions: 770->0(53)
[70.565s][info][gc,heap        ] GC(78) Survivor regions: 21->99(99)
[70.565s][info][gc,heap        ] GC(78) Old regions: 262->274
[70.565s][info][gc,heap        ] GC(78) Humongous regions: 303->197
[70.565s][info][gc,metaspace   ] GC(78) Metaspace: 74620K(75776K)->74620K(75776K) NonClass: 65279K(65856K)->65279K(65856K) Class: 9341K(9920K)->9341K(9920K)
[70.565s][info][gc             ] GC(78) Pause Young (Normal) (G1 Evacuation Pause) 2702M->1130M(4096M) 227.100ms
[70.565s][info][gc,cpu         ] GC(78) User=1.31s Sys=0.00s Real=0.22s
[70.601s][info][gc,start       ] GC(79) Pause Young (Normal) (G1 Evacuation Pause)
[70.601s][info][gc,task        ] GC(79) Using 6 workers of 6 for evacuation
[70.702s][info][gc,phases      ] GC(79)   Pre Evacuate Collection Set: 0.3ms
[70.702s][info][gc,phases      ] GC(79)   Merge Heap Roots: 0.9ms
[70.702s][info][gc,phases      ] GC(79)   Evacuate Collection Set: 98.8ms
[70.702s][info][gc,phases      ] GC(79)   Post Evacuate Collection Set: 0.6ms
[70.702s][info][gc,phases      ] GC(79)   Other: 0.1ms
[70.702s][info][gc,heap        ] GC(79) Eden regions: 57->0(1113)
[70.702s][info][gc,heap        ] GC(79) Survivor regions: 99->3(20)
[70.702s][info][gc,heap        ] GC(79) Old regions: 274->374
[70.702s][info][gc,heap        ] GC(79) Humongous regions: 197->197
[70.702s][info][gc,metaspace   ] GC(79) Metaspace: 74625K(75776K)->74625K(75776K) NonClass: 65283K(65856K)->65283K(65856K) Class: 9341K(9920K)->9341K(9920K)
[70.702s][info][gc             ] GC(79) Pause Young (Normal) (G1 Evacuation Pause) 1244M->1140M(4096M) 101.043ms
[70.702s][info][gc,cpu         ] GC(79) User=0.56s Sys=0.00s Real=0.09s
[70.799s][info][gc,start       ] GC(80) Pause Full (System.gc())
[70.800s][info][gc,task        ] GC(80) Using 6 workers of 6 for full compaction
[70.800s][info][gc,phases,start] GC(80) Phase 1: Mark live objects
[70.827s][info][gc,phases      ] GC(80) Phase 1: Mark live objects 27.423ms
[70.827s][info][gc,phases,start] GC(80) Phase 2: Prepare compaction
[70.829s][info][gc,phases      ] GC(80) Phase 2: Prepare compaction 1.234ms
[70.829s][info][gc,phases,start] GC(80) Phase 3: Adjust pointers
[70.839s][info][gc,phases      ] GC(80) Phase 3: Adjust pointers 10.100ms
[70.839s][info][gc,phases,start] GC(80) Phase 4: Compact heap
[70.840s][info][gc,phases      ] GC(80) Phase 4: Compact heap 0.944ms
[70.840s][info][gc,phases,start] GC(80) Phase 5: Reset Metadata
[70.846s][info][gc,phases      ] GC(80) Phase 5: Reset Metadata 6.369ms
[70.860s][info][gc,heap        ] GC(80) Eden regions: 161->0(1146)
[70.860s][info][gc,heap        ] GC(80) Survivor regions: 3->0(20)
[70.860s][info][gc,heap        ] GC(80) Old regions: 374->76
[70.860s][info][gc,heap        ] GC(80) Humongous regions: 199->3
[70.860s][info][gc,metaspace   ] GC(80) Metaspace: 74625K(75776K)->74625K(75776K) NonClass: 65283K(65856K)->65283K(65856K) Class: 9341K(9920K)->9341K(9920K)
[70.860s][info][gc             ] GC(80) Pause Full (System.gc()) 1466M->150M(4096M) 60.957ms
[70.860s][info][gc,cpu         ] GC(80) User=0.12s Sys=0.00s Real=0.06s
[72.426s][info][gc,start       ] GC(81) Pause Young (Normal) (G1 Evacuation Pause)
[72.426s][info][gc,task        ] GC(81) Using 6 workers of 6 for evacuation
[72.696s][info][gc,mmu         ] GC(81) MMU target violated: 201.0ms (200.0ms/201.0ms)
[72.696s][info][gc,phases      ] GC(81)   Pre Evacuate Collection Set: 0.3ms
[72.696s][info][gc,phases      ] GC(81)   Merge Heap Roots: 0.7ms
[72.696s][info][gc,phases      ] GC(81)   Evacuate Collection Set: 266.9ms
[72.696s][info][gc,phases      ] GC(81)   Post Evacuate Collection Set: 1.4ms
[72.696s][info][gc,phases      ] GC(81)   Other: 0.2ms
[72.696s][info][gc,heap        ] GC(81) Eden regions: 1208->0(896)
[72.696s][info][gc,heap        ] GC(81) Survivor regions: 0->150(151)
[72.696s][info][gc,heap        ] GC(81) Old regions: 76->76
[72.696s][info][gc,heap        ] GC(81) Humongous regions: 85->75
[72.696s][info][gc,metaspace   ] GC(81) Metaspace: 74653K(75776K)->74653K(75776K) NonClass: 65311K(65856K)->65311K(65856K) Class: 9342K(9920K)->9342K(9920K)
[72.696s][info][gc             ] GC(81) Pause Young (Normal) (G1 Evacuation Pause) 2730M->593M(4096M) 269.539ms
[72.696s][info][gc,cpu         ] GC(81) User=1.48s Sys=0.06s Real=0.27s
[74.023s][info][gc,start       ] GC(82) Pause Young (Normal) (G1 Evacuation Pause)
[74.023s][info][gc,task        ] GC(82) Using 6 workers of 6 for evacuation
[74.363s][info][gc,mmu         ] GC(82) MMU target violated: 201.0ms (200.0ms/201.0ms)
[74.364s][info][gc,phases      ] GC(82)   Pre Evacuate Collection Set: 0.3ms
[74.364s][info][gc,phases      ] GC(82)   Merge Heap Roots: 0.9ms
[74.364s][info][gc,phases      ] GC(82)   Evacuate Collection Set: 337.9ms
[74.364s][info][gc,phases      ] GC(82)   Post Evacuate Collection Set: 1.1ms
[74.364s][info][gc,phases      ] GC(82)   Other: 0.2ms
[74.364s][info][gc,heap        ] GC(82) Eden regions: 844->0(187)
[74.364s][info][gc,heap        ] GC(82) Survivor regions: 150->77(125)
[74.364s][info][gc,heap        ] GC(82) Old regions: 76->226
[74.364s][info][gc,heap        ] GC(82) Humongous regions: 156->135
[74.364s][info][gc,metaspace   ] GC(82) Metaspace: 74697K(75840K)->74697K(75840K) NonClass: 65354K(65920K)->65354K(65920K) Class: 9343K(9920K)->9343K(9920K)
[74.364s][info][gc             ] GC(82) Pause Young (Normal) (G1 Evacuation Pause) 2443M->867M(4096M) 340.497ms
[74.364s][info][gc,cpu         ] GC(82) User=1.97s Sys=0.00s Real=0.33s
[74.699s][info][gc,start       ] GC(83) Pause Young (Normal) (G1 Evacuation Pause)
[74.699s][info][gc,task        ] GC(83) Using 6 workers of 6 for evacuation
[74.818s][info][gc,phases      ] GC(83)   Pre Evacuate Collection Set: 0.3ms
[74.818s][info][gc,phases      ] GC(83)   Merge Heap Roots: 0.5ms
[74.818s][info][gc,phases      ] GC(83)   Evacuate Collection Set: 117.8ms
[74.818s][info][gc,phases      ] GC(83)   Post Evacuate Collection Set: 0.8ms
[74.818s][info][gc,phases      ] GC(83)   Other: 0.1ms
[74.818s][info][gc,heap        ] GC(83) Eden regions: 219->0(688)
[74.818s][info][gc,heap        ] GC(83) Survivor regions: 77->21(37)
[74.818s][info][gc,heap        ] GC(83) Old regions: 226->302
[74.818s][info][gc,heap        ] GC(83) Humongous regions: 146->139
[74.819s][info][gc,metaspace   ] GC(83) Metaspace: 74710K(75840K)->74710K(75840K) NonClass: 65367K(65920K)->65367K(65920K) Class: 9343K(9920K)->9343K(9920K)
[74.819s][info][gc             ] GC(83) Pause Young (Normal) (G1 Evacuation Pause) 1327M->915M(4096M) 119.647ms
[74.819s][info][gc,cpu         ] GC(83) User=0.67s Sys=0.00s Real=0.12s
[75.578s][info][gc,start       ] GC(84) Pause Full (System.gc())
[75.578s][info][gc,task        ] GC(84) Using 6 workers of 6 for full compaction
[75.578s][info][gc,phases,start] GC(84) Phase 1: Mark live objects
[75.605s][info][gc,phases      ] GC(84) Phase 1: Mark live objects 26.365ms
[75.605s][info][gc,phases,start] GC(84) Phase 2: Prepare compaction
[75.607s][info][gc,phases      ] GC(84) Phase 2: Prepare compaction 1.918ms
[75.607s][info][gc,phases,start] GC(84) Phase 3: Adjust pointers
[75.617s][info][gc,phases      ] GC(84) Phase 3: Adjust pointers 10.052ms
[75.617s][info][gc,phases,start] GC(84) Phase 4: Compact heap
[75.618s][info][gc,phases      ] GC(84) Phase 4: Compact heap 1.521ms
[75.618s][info][gc,phases,start] GC(84) Phase 5: Reset Metadata
[75.625s][info][gc,phases      ] GC(84) Phase 5: Reset Metadata 6.153ms
[75.639s][info][gc,heap        ] GC(84) Eden regions: 617->0(826)
[75.639s][info][gc,heap        ] GC(84) Survivor regions: 21->0(37)
[75.639s][info][gc,heap        ] GC(84) Old regions: 302->76
[75.639s][info][gc,heap        ] GC(84) Humongous regions: 281->3
[75.639s][info][gc,metaspace   ] GC(84) Metaspace: 74726K(75840K)->74726K(75840K) NonClass: 65383K(65920K)->65383K(65920K) Class: 9343K(9920K)->9343K(9920K)
[75.639s][info][gc             ] GC(84) Pause Full (System.gc()) 2433M->150M(4096M) 61.084ms
[75.639s][info][gc,cpu         ] GC(84) User=0.08s Sys=0.00s Real=0.06s
[76.858s][info][gc,start       ] GC(85) Pause Young (Normal) (G1 Evacuation Pause)
[76.858s][info][gc,task        ] GC(85) Using 6 workers of 6 for evacuation
[77.031s][info][gc,phases      ] GC(85)   Pre Evacuate Collection Set: 0.3ms
[77.031s][info][gc,phases      ] GC(85)   Merge Heap Roots: 0.5ms
[77.031s][info][gc,phases      ] GC(85)   Evacuate Collection Set: 170.7ms
[77.031s][info][gc,phases      ] GC(85)   Post Evacuate Collection Set: 1.0ms
[77.031s][info][gc,phases      ] GC(85)   Other: 0.1ms
[77.031s][info][gc,heap        ] GC(85) Eden regions: 889->0(801)
[77.031s][info][gc,heap        ] GC(85) Survivor regions: 0->89(112)
[77.031s][info][gc,heap        ] GC(85) Old regions: 76->76
[77.031s][info][gc,heap        ] GC(85) Humongous regions: 57->47
[77.031s][info][gc,metaspace   ] GC(85) Metaspace: 74831K(75968K)->74831K(75968K) NonClass: 65487K(66048K)->65487K(66048K) Class: 9343K(9920K)->9343K(9920K)
[77.031s][info][gc             ] GC(85) Pause Young (Normal) (G1 Evacuation Pause) 2036M->415M(4096M) 172.757ms
[77.031s][info][gc,cpu         ] GC(85) User=0.91s Sys=0.00s Real=0.17s
[77.784s][info][gc,start       ] GC(86) Pause Young (Normal) (G1 Evacuation Pause)
[77.784s][info][gc,task        ] GC(86) Using 6 workers of 6 for evacuation
[78.057s][info][gc,mmu         ] GC(86) MMU target violated: 201.0ms (200.0ms/201.0ms)
[78.057s][info][gc,phases      ] GC(86)   Pre Evacuate Collection Set: 0.3ms
[78.057s][info][gc,phases      ] GC(86)   Merge Heap Roots: 0.8ms
[78.057s][info][gc,phases      ] GC(86)   Evacuate Collection Set: 270.3ms
[78.057s][info][gc,phases      ] GC(86)   Post Evacuate Collection Set: 1.0ms
[78.057s][info][gc,phases      ] GC(86)   Other: 0.2ms
[78.057s][info][gc,heap        ] GC(86) Eden regions: 798->0(183)
[78.057s][info][gc,heap        ] GC(86) Survivor regions: 89->99(111)
[78.057s][info][gc,heap        ] GC(86) Old regions: 76->165
[78.057s][info][gc,heap        ] GC(86) Humongous regions: 95->95
[78.057s][info][gc,metaspace   ] GC(86) Metaspace: 74832K(75968K)->74832K(75968K) NonClass: 65489K(66048K)->65489K(66048K) Class: 9343K(9920K)->9343K(9920K)
[78.057s][info][gc             ] GC(86) Pause Young (Normal) (G1 Evacuation Pause) 2107M->709M(4096M) 272.757ms
[78.057s][info][gc,cpu         ] GC(86) User=1.61s Sys=0.00s Real=0.28s
[78.649s][info][gc,start       ] GC(87) Pause Young (Normal) (G1 Evacuation Pause)
[78.649s][info][gc,task        ] GC(87) Using 6 workers of 6 for evacuation
[78.817s][info][gc,phases      ] GC(87)   Pre Evacuate Collection Set: 0.3ms
[78.817s][info][gc,phases      ] GC(87)   Merge Heap Roots: 0.5ms
[78.817s][info][gc,phases      ] GC(87)   Evacuate Collection Set: 165.7ms
[78.817s][info][gc,phases      ] GC(87)   Post Evacuate Collection Set: 0.7ms
[78.817s][info][gc,phases      ] GC(87)   Other: 0.1ms
[78.817s][info][gc,heap        ] GC(87) Eden regions: 206->0(762)
[78.817s][info][gc,heap        ] GC(87) Survivor regions: 99->22(39)
[78.817s][info][gc,heap        ] GC(87) Old regions: 165->261
[78.817s][info][gc,heap        ] GC(87) Humongous regions: 129->115
[78.817s][info][gc,metaspace   ] GC(87) Metaspace: 74888K(76032K)->74888K(76032K) NonClass: 65543K(66112K)->65543K(66112K) Class: 9344K(9920K)->9344K(9920K)
[78.817s][info][gc             ] GC(87) Pause Young (Normal) (G1 Evacuation Pause) 1189M->786M(4096M) 167.396ms
[78.817s][info][gc,cpu         ] GC(87) User=0.95s Sys=0.00s Real=0.17s
[80.091s][info][gc,start       ] GC(88) Pause Young (Normal) (G1 Evacuation Pause)
[80.091s][info][gc,task        ] GC(88) Using 6 workers of 6 for evacuation
[80.310s][info][gc,mmu         ] GC(88) MMU target violated: 201.0ms (200.0ms/201.0ms)
[80.310s][info][gc,phases      ] GC(88)   Pre Evacuate Collection Set: 0.4ms
[80.310s][info][gc,phases      ] GC(88)   Merge Heap Roots: 0.9ms
[80.310s][info][gc,phases      ] GC(88)   Evacuate Collection Set: 216.4ms
[80.310s][info][gc,phases      ] GC(88)   Post Evacuate Collection Set: 1.0ms
[80.310s][info][gc,phases      ] GC(88)   Other: 0.1ms
[80.310s][info][gc,heap        ] GC(88) Eden regions: 744->0(63)
[80.310s][info][gc,heap        ] GC(88) Survivor regions: 22->96(96)
[80.310s][info][gc,heap        ] GC(88) Old regions: 261->277
[80.310s][info][gc,heap        ] GC(88) Humongous regions: 291->188
[80.310s][info][gc,metaspace   ] GC(88) Metaspace: 74941K(76096K)->74941K(76096K) NonClass: 65596K(66176K)->65596K(66176K) Class: 9344K(9920K)->9344K(9920K)
[80.310s][info][gc             ] GC(88) Pause Young (Normal) (G1 Evacuation Pause) 2626M->1112M(4096M) 219.044ms
[80.310s][info][gc,cpu         ] GC(88) User=1.23s Sys=0.00s Real=0.22s
[80.363s][info][gc,start       ] GC(89) Pause Young (Normal) (G1 Evacuation Pause)
[80.363s][info][gc,task        ] GC(89) Using 6 workers of 6 for evacuation
[80.461s][info][gc,phases      ] GC(89)   Pre Evacuate Collection Set: 0.3ms
[80.461s][info][gc,phases      ] GC(89)   Merge Heap Roots: 0.5ms
[80.461s][info][gc,phases      ] GC(89)   Evacuate Collection Set: 95.8ms
[80.461s][info][gc,phases      ] GC(89)   Post Evacuate Collection Set: 0.5ms
[80.461s][info][gc,phases      ] GC(89)   Other: 0.1ms
[80.461s][info][gc,heap        ] GC(89) Eden regions: 80->0(1194)
[80.461s][info][gc,heap        ] GC(89) Survivor regions: 96->3(22)
[80.461s][info][gc,heap        ] GC(89) Old regions: 277->374
[80.461s][info][gc,heap        ] GC(89) Humongous regions: 188->188
[80.461s][info][gc,metaspace   ] GC(89) Metaspace: 74941K(76096K)->74941K(76096K) NonClass: 65596K(66176K)->65596K(66176K) Class: 9344K(9920K)->9344K(9920K)
[80.461s][info][gc             ] GC(89) Pause Young (Normal) (G1 Evacuation Pause) 1272M->1122M(4096M) 97.322ms
[80.461s][info][gc,cpu         ] GC(89) User=0.56s Sys=0.00s Real=0.10s
[80.559s][info][gc,start       ] GC(90) Pause Full (System.gc())
[80.559s][info][gc,task        ] GC(90) Using 6 workers of 6 for full compaction
[80.559s][info][gc,phases,start] GC(90) Phase 1: Mark live objects
[80.587s][info][gc,phases      ] GC(90) Phase 1: Mark live objects 27.477ms
[80.587s][info][gc,phases,start] GC(90) Phase 2: Prepare compaction
[80.588s][info][gc,phases      ] GC(90) Phase 2: Prepare compaction 1.343ms
[80.588s][info][gc,phases,start] GC(90) Phase 3: Adjust pointers
[80.599s][info][gc,phases      ] GC(90) Phase 3: Adjust pointers 11.120ms
[80.599s][info][gc,phases,start] GC(90) Phase 4: Compact heap
[80.601s][info][gc,phases      ] GC(90) Phase 4: Compact heap 1.529ms
[80.601s][info][gc,phases,start] GC(90) Phase 5: Reset Metadata
[80.608s][info][gc,phases      ] GC(90) Phase 5: Reset Metadata 6.545ms
[80.622s][info][gc,heap        ] GC(90) Eden regions: 165->0(1228)
[80.622s][info][gc,heap        ] GC(90) Survivor regions: 3->0(22)
[80.622s][info][gc,heap        ] GC(90) Old regions: 374->76
[80.622s][info][gc,heap        ] GC(90) Humongous regions: 190->3
[80.622s][info][gc,metaspace   ] GC(90) Metaspace: 74941K(76096K)->74941K(76096K) NonClass: 65596K(66176K)->65596K(66176K) Class: 9344K(9920K)->9344K(9920K)
[80.622s][info][gc             ] GC(90) Pause Full (System.gc()) 1456M->150M(4096M) 63.317ms
[80.622s][info][gc,cpu         ] GC(90) User=0.11s Sys=0.00s Real=0.06s
[82.196s][info][gc,start       ] GC(91) Pause Young (Normal) (G1 Evacuation Pause)
[82.196s][info][gc,task        ] GC(91) Using 6 workers of 6 for evacuation
[82.476s][info][gc,mmu         ] GC(91) MMU target violated: 201.0ms (200.0ms/201.0ms)
[82.476s][info][gc,phases      ] GC(91)   Pre Evacuate Collection Set: 0.3ms
[82.476s][info][gc,phases      ] GC(91)   Merge Heap Roots: 0.7ms
[82.476s][info][gc,phases      ] GC(91)   Evacuate Collection Set: 277.2ms
[82.476s][info][gc,phases      ] GC(91)   Post Evacuate Collection Set: 1.2ms
[82.476s][info][gc,phases      ] GC(91)   Other: 0.2ms
[82.476s][info][gc,heap        ] GC(91) Eden regions: 1228->0(905)
[82.476s][info][gc,heap        ] GC(91) Survivor regions: 0->152(154)
[82.476s][info][gc,heap        ] GC(91) Old regions: 76->76
[82.476s][info][gc,heap        ] GC(91) Humongous regions: 93->83
[82.476s][info][gc,metaspace   ] GC(91) Metaspace: 75002K(76096K)->75002K(76096K) NonClass: 65658K(66176K)->65658K(66176K) Class: 9344K(9920K)->9344K(9920K)
[82.476s][info][gc             ] GC(91) Pause Young (Normal) (G1 Evacuation Pause) 2786M->613M(4096M) 279.782ms
[82.476s][info][gc,cpu         ] GC(91) User=1.55s Sys=0.02s Real=0.28s
[83.745s][info][gc,start       ] GC(92) Pause Young (Normal) (G1 Evacuation Pause)
[83.745s][info][gc,task        ] GC(92) Using 6 workers of 6 for evacuation
[84.067s][info][gc,mmu         ] GC(92) MMU target violated: 201.0ms (200.0ms/201.0ms)
[84.067s][info][gc,phases      ] GC(92)   Pre Evacuate Collection Set: 0.3ms
[84.067s][info][gc,phases      ] GC(92)   Merge Heap Roots: 1.6ms
[84.067s][info][gc,phases      ] GC(92)   Evacuate Collection Set: 318.6ms
[84.067s][info][gc,phases      ] GC(92)   Post Evacuate Collection Set: 1.3ms
[84.067s][info][gc,phases      ] GC(92)   Other: 0.2ms
[84.067s][info][gc,heap        ] GC(92) Eden regions: 803->0(230)
[84.067s][info][gc,heap        ] GC(92) Survivor regions: 152->70(120)
[84.067s][info][gc,heap        ] GC(92) Old regions: 76->228
[84.067s][info][gc,heap        ] GC(92) Humongous regions: 148->127
[84.067s][info][gc,metaspace   ] GC(92) Metaspace: 75067K(76160K)->75067K(76160K) NonClass: 65722K(66240K)->65722K(66240K) Class: 9344K(9920K)->9344K(9920K)
[84.067s][info][gc             ] GC(92) Pause Young (Normal) (G1 Evacuation Pause) 2349M->840M(4096M) 322.159ms
[84.067s][info][gc,cpu         ] GC(92) User=1.83s Sys=0.03s Real=0.34s
[84.472s][info][gc,start       ] GC(93) Pause Young (Normal) (G1 Evacuation Pause)
[84.472s][info][gc,task        ] GC(93) Using 6 workers of 6 for evacuation
[84.609s][info][gc,phases      ] GC(93)   Pre Evacuate Collection Set: 0.3ms
[84.609s][info][gc,phases      ] GC(93)   Merge Heap Roots: 0.5ms
[84.609s][info][gc,phases      ] GC(93)   Evacuate Collection Set: 135.6ms
[84.609s][info][gc,phases      ] GC(93)   Post Evacuate Collection Set: 0.8ms
[84.609s][info][gc,phases      ] GC(93)   Other: 0.1ms
[84.609s][info][gc,heap        ] GC(93) Eden regions: 296->0(550)
[84.609s][info][gc,heap        ] GC(93) Survivor regions: 70->33(46)
[84.609s][info][gc,heap        ] GC(93) Old regions: 228->296
[84.609s][info][gc,heap        ] GC(93) Humongous regions: 150->143
[84.609s][info][gc,metaspace   ] GC(93) Metaspace: 75080K(76160K)->75080K(76160K) NonClass: 65735K(66240K)->65735K(66240K) Class: 9344K(9920K)->9344K(9920K)
[84.609s][info][gc             ] GC(93) Pause Young (Normal) (G1 Evacuation Pause) 1478M->935M(4096M) 137.490ms
[84.609s][info][gc,cpu         ] GC(93) User=0.84s Sys=0.00s Real=0.13s
[85.377s][info][gc,start       ] GC(94) Pause Full (System.gc())
[85.377s][info][gc,task        ] GC(94) Using 6 workers of 6 for full compaction
[85.377s][info][gc,phases,start] GC(94) Phase 1: Mark live objects
[85.404s][info][gc,phases      ] GC(94) Phase 1: Mark live objects 26.568ms
[85.404s][info][gc,phases,start] GC(94) Phase 2: Prepare compaction
[85.406s][info][gc,phases      ] GC(94) Phase 2: Prepare compaction 2.030ms
[85.406s][info][gc,phases,start] GC(94) Phase 3: Adjust pointers
[85.415s][info][gc,phases      ] GC(94) Phase 3: Adjust pointers 9.580ms
[85.415s][info][gc,phases,start] GC(94) Phase 4: Compact heap
[85.417s][info][gc,phases      ] GC(94) Phase 4: Compact heap 1.358ms
[85.417s][info][gc,phases,start] GC(94) Phase 5: Reset Metadata
[85.424s][info][gc,phases      ] GC(94) Phase 5: Reset Metadata 6.899ms
[85.438s][info][gc,heap        ] GC(94) Eden regions: 557->0(752)
[85.438s][info][gc,heap        ] GC(94) Survivor regions: 33->0(46)
[85.438s][info][gc,heap        ] GC(94) Old regions: 296->76
[85.438s][info][gc,heap        ] GC(94) Humongous regions: 279->3
[85.438s][info][gc,metaspace   ] GC(94) Metaspace: 75084K(76160K)->75084K(76160K) NonClass: 65739K(66240K)->65739K(66240K) Class: 9345K(9920K)->9345K(9920K)
[85.438s][info][gc             ] GC(94) Pause Full (System.gc()) 2320M->150M(4096M) 61.377ms
[85.438s][info][gc,cpu         ] GC(94) User=0.09s Sys=0.00s Real=0.05s
[86.137s][info][gc,start       ] GC(95) Pause Young (Normal) (G1 Evacuation Pause)
[86.137s][info][gc,task        ] GC(95) Using 6 workers of 6 for evacuation
[86.283s][info][gc,phases      ] GC(95)   Pre Evacuate Collection Set: 0.3ms
[86.283s][info][gc,phases      ] GC(95)   Merge Heap Roots: 0.4ms
[86.283s][info][gc,phases      ] GC(95)   Evacuate Collection Set: 145.0ms
[86.283s][info][gc,phases      ] GC(95)   Post Evacuate Collection Set: 0.9ms
[86.283s][info][gc,phases      ] GC(95)   Other: 0.1ms
[86.283s][info][gc,heap        ] GC(95) Eden regions: 821->0(758)
[86.283s][info][gc,heap        ] GC(95) Survivor regions: 0->87(103)
[86.283s][info][gc,heap        ] GC(95) Old regions: 76->76
[86.283s][info][gc,heap        ] GC(95) Humongous regions: 42->39
[86.284s][info][gc,metaspace   ] GC(95) Metaspace: 75119K(76224K)->75119K(76224K) NonClass: 65773K(66304K)->65773K(66304K) Class: 9346K(9920K)->9346K(9920K)
[86.284s][info][gc             ] GC(95) Pause Young (Normal) (G1 Evacuation Pause) 1870M->395M(4096M) 147.025ms
[86.284s][info][gc,cpu         ] GC(95) User=0.84s Sys=0.00s Real=0.14s
[87.351s][info][gc,start       ] GC(96) Pause Young (Normal) (G1 Evacuation Pause)
[87.351s][info][gc,task        ] GC(96) Using 6 workers of 6 for evacuation
[87.639s][info][gc,mmu         ] GC(96) MMU target violated: 201.0ms (200.0ms/201.0ms)
[87.639s][info][gc,phases      ] GC(96)   Pre Evacuate Collection Set: 0.3ms
[87.639s][info][gc,phases      ] GC(96)   Merge Heap Roots: 0.7ms
[87.639s][info][gc,phases      ] GC(96)   Evacuate Collection Set: 285.1ms
[87.639s][info][gc,phases      ] GC(96)   Post Evacuate Collection Set: 1.2ms
[87.639s][info][gc,phases      ] GC(96)   Other: 0.2ms
[87.639s][info][gc,heap        ] GC(96) Eden regions: 756->0(219)
[87.639s][info][gc,heap        ] GC(96) Survivor regions: 87->96(106)
[87.639s][info][gc,heap        ] GC(96) Old regions: 76->161
[87.639s][info][gc,heap        ] GC(96) Humongous regions: 102->95
[87.639s][info][gc,metaspace   ] GC(96) Metaspace: 75131K(76224K)->75131K(76224K) NonClass: 65784K(66304K)->65784K(66304K) Class: 9346K(9920K)->9346K(9920K)
[87.639s][info][gc             ] GC(96) Pause Young (Normal) (G1 Evacuation Pause) 2033M->695M(4096M) 287.763ms
[87.639s][info][gc,cpu         ] GC(96) User=1.66s Sys=0.00s Real=0.28s
[88.200s][info][gc,start       ] GC(97) Pause Young (Normal) (G1 Evacuation Pause)
[88.200s][info][gc,task        ] GC(97) Using 6 workers of 6 for evacuation
[88.366s][info][gc,phases      ] GC(97)   Pre Evacuate Collection Set: 0.3ms
[88.366s][info][gc,phases      ] GC(97)   Merge Heap Roots: 0.6ms
[88.366s][info][gc,phases      ] GC(97)   Evacuate Collection Set: 164.4ms
[88.366s][info][gc,phases      ] GC(97)   Post Evacuate Collection Set: 0.7ms
[88.366s][info][gc,phases      ] GC(97)   Other: 0.1ms
[88.366s][info][gc,heap        ] GC(97) Eden regions: 235->0(721)
[88.366s][info][gc,heap        ] GC(97) Survivor regions: 96->22(42)
[88.366s][info][gc,heap        ] GC(97) Old regions: 161->253
[88.366s][info][gc,heap        ] GC(97) Humongous regions: 122->115
[88.366s][info][gc,metaspace   ] GC(97) Metaspace: 75134K(76224K)->75134K(76224K) NonClass: 65788K(66304K)->65788K(66304K) Class: 9346K(9920K)->9346K(9920K)
[88.366s][info][gc             ] GC(97) Pause Young (Normal) (G1 Evacuation Pause) 1219M->771M(4096M) 166.174ms
[88.366s][info][gc,cpu         ] GC(97) User=0.94s Sys=0.00s Real=0.16s
[89.538s][info][gc,start       ] GC(98) Pause Young (Normal) (G1 Evacuation Pause)
[89.538s][info][gc,task        ] GC(98) Using 6 workers of 6 for evacuation
[89.768s][info][gc,mmu         ] GC(98) MMU target violated: 201.0ms (200.0ms/201.0ms)
[89.768s][info][gc,phases      ] GC(98)   Pre Evacuate Collection Set: 0.3ms
[89.768s][info][gc,phases      ] GC(98)   Merge Heap Roots: 0.6ms
[89.768s][info][gc,phases      ] GC(98)   Evacuate Collection Set: 227.8ms
[89.768s][info][gc,phases      ] GC(98)   Post Evacuate Collection Set: 0.8ms
[89.768s][info][gc,phases      ] GC(98)   Other: 0.1ms
[89.768s][info][gc,heap        ] GC(98) Eden regions: 726->0(39)
[89.768s][info][gc,heap        ] GC(98) Survivor regions: 22->94(94)
[89.768s][info][gc,heap        ] GC(98) Old regions: 253->262
[89.768s][info][gc,heap        ] GC(98) Humongous regions: 271->207
[89.768s][info][gc,metaspace   ] GC(98) Metaspace: 75192K(76288K)->75192K(76288K) NonClass: 65846K(66368K)->65846K(66368K) Class: 9346K(9920K)->9346K(9920K)
[89.768s][info][gc             ] GC(98) Pause Young (Normal) (G1 Evacuation Pause) 2535M->1118M(4096M) 229.820ms
[89.768s][info][gc,cpu         ] GC(98) User=1.30s Sys=0.00s Real=0.22s
[89.893s][info][gc,start       ] GC(99) Pause Young (Normal) (G1 Evacuation Pause)
[89.893s][info][gc,task        ] GC(99) Using 6 workers of 6 for evacuation
[90.006s][info][gc,phases      ] GC(99)   Pre Evacuate Collection Set: 0.3ms
[90.006s][info][gc,phases      ] GC(99)   Merge Heap Roots: 0.7ms
[90.006s][info][gc,phases      ] GC(99)   Evacuate Collection Set: 111.3ms
[90.006s][info][gc,phases      ] GC(99)   Post Evacuate Collection Set: 0.6ms
[90.006s][info][gc,phases      ] GC(99)   Other: 0.1ms
[90.006s][info][gc,heap        ] GC(99) Eden regions: 58->0(748)
[90.006s][info][gc,heap        ] GC(99) Survivor regions: 94->11(19)
[90.006s][info][gc,heap        ] GC(99) Old regions: 262->358
[90.006s][info][gc,heap        ] GC(99) Humongous regions: 233->216
[90.006s][info][gc,metaspace   ] GC(99) Metaspace: 75192K(76288K)->75192K(76288K) NonClass: 65846K(66368K)->65846K(66368K) Class: 9346K(9920K)->9346K(9920K)
[90.006s][info][gc             ] GC(99) Pause Young (Normal) (G1 Evacuation Pause) 1286M->1161M(4096M) 113.128ms
[90.006s][info][gc,cpu         ] GC(99) User=0.62s Sys=0.00s Real=0.11s
[90.194s][info][gc,start       ] GC(100) Pause Full (System.gc())
[90.194s][info][gc,task        ] GC(100) Using 6 workers of 6 for full compaction
[90.194s][info][gc,phases,start] GC(100) Phase 1: Mark live objects
[90.221s][info][gc,phases      ] GC(100) Phase 1: Mark live objects 27.157ms
[90.221s][info][gc,phases,start] GC(100) Phase 2: Prepare compaction
[90.223s][info][gc,phases      ] GC(100) Phase 2: Prepare compaction 1.607ms
[90.223s][info][gc,phases,start] GC(100) Phase 3: Adjust pointers
[90.232s][info][gc,phases      ] GC(100) Phase 3: Adjust pointers 9.398ms
[90.232s][info][gc,phases,start] GC(100) Phase 4: Compact heap
[90.234s][info][gc,phases      ] GC(100) Phase 4: Compact heap 1.258ms
[90.234s][info][gc,phases,start] GC(100) Phase 5: Reset Metadata
[90.241s][info][gc,phases      ] GC(100) Phase 5: Reset Metadata 6.912ms
[90.255s][info][gc,heap        ] GC(100) Eden regions: 286->0(827)
[90.255s][info][gc,heap        ] GC(100) Survivor regions: 11->0(19)
[90.255s][info][gc,heap        ] GC(100) Old regions: 358->76
[90.255s][info][gc,heap        ] GC(100) Humongous regions: 224->3
[90.255s][info][gc,metaspace   ] GC(100) Metaspace: 75197K(76288K)->75197K(76288K) NonClass: 65851K(66368K)->65851K(66368K) Class: 9346K(9920K)->9346K(9920K)
[90.255s][info][gc             ] GC(100) Pause Full (System.gc()) 1748M->150M(4096M) 61.169ms
[90.255s][info][gc,cpu         ] GC(100) User=0.11s Sys=0.00s Real=0.06s
[91.475s][info][gc,start       ] GC(101) Pause Young (Normal) (G1 Evacuation Pause)
[91.475s][info][gc,task        ] GC(101) Using 6 workers of 6 for evacuation
[91.649s][info][gc,phases      ] GC(101)   Pre Evacuate Collection Set: 0.3ms
[91.649s][info][gc,phases      ] GC(101)   Merge Heap Roots: 0.5ms
[91.649s][info][gc,phases      ] GC(101)   Evacuate Collection Set: 171.5ms
[91.649s][info][gc,phases      ] GC(101)   Post Evacuate Collection Set: 1.4ms
[91.649s][info][gc,phases      ] GC(101)   Other: 0.1ms
[91.649s][info][gc,heap        ] GC(101) Eden regions: 903->0(815)
[91.649s][info][gc,heap        ] GC(101) Survivor regions: 0->92(113)
[91.649s][info][gc,heap        ] GC(101) Old regions: 76->76
[91.649s][info][gc,heap        ] GC(101) Humongous regions: 57->47
[91.649s][info][gc,metaspace   ] GC(101) Metaspace: 75210K(76288K)->75210K(76288K) NonClass: 65862K(66368K)->65862K(66368K) Class: 9348K(9920K)->9348K(9920K)
[91.649s][info][gc             ] GC(101) Pause Young (Normal) (G1 Evacuation Pause) 2064M->421M(4096M) 174.078ms
[91.649s][info][gc,cpu         ] GC(101) User=0.95s Sys=0.00s Real=0.17s
[92.420s][info][gc,start       ] GC(102) Pause Young (Normal) (G1 Evacuation Pause)
[92.420s][info][gc,task        ] GC(102) Using 6 workers of 6 for evacuation
[92.696s][info][gc,mmu         ] GC(102) MMU target violated: 201.0ms (200.0ms/201.0ms)
[92.696s][info][gc,phases      ] GC(102)   Pre Evacuate Collection Set: 0.3ms
[92.696s][info][gc,phases      ] GC(102)   Merge Heap Roots: 0.7ms
[92.696s][info][gc,phases      ] GC(102)   Evacuate Collection Set: 274.0ms
[92.696s][info][gc,phases      ] GC(102)   Post Evacuate Collection Set: 0.8ms
[92.696s][info][gc,phases      ] GC(102)   Other: 0.2ms
[92.696s][info][gc,heap        ] GC(102) Eden regions: 813->0(168)
[92.696s][info][gc,heap        ] GC(102) Survivor regions: 92->98(114)
[92.696s][info][gc,heap        ] GC(102) Old regions: 76->166
[92.696s][info][gc,heap        ] GC(102) Humongous regions: 95->95
[92.696s][info][gc,metaspace   ] GC(102) Metaspace: 75213K(76288K)->75213K(76288K) NonClass: 65865K(66368K)->65865K(66368K) Class: 9348K(9920K)->9348K(9920K)
[92.696s][info][gc             ] GC(102) Pause Young (Normal) (G1 Evacuation Pause) 2143M->710M(4096M) 276.109ms
[92.696s][info][gc,cpu         ] GC(102) User=1.56s Sys=0.00s Real=0.28s
[93.286s][info][gc,start       ] GC(103) Pause Young (Normal) (G1 Evacuation Pause)
[93.286s][info][gc,task        ] GC(103) Using 6 workers of 6 for evacuation
[93.453s][info][gc,phases      ] GC(103)   Pre Evacuate Collection Set: 0.3ms
[93.453s][info][gc,phases      ] GC(103)   Merge Heap Roots: 0.5ms
[93.453s][info][gc,phases      ] GC(103)   Evacuate Collection Set: 164.8ms
[93.453s][info][gc,phases      ] GC(103)   Post Evacuate Collection Set: 0.8ms
[93.453s][info][gc,phases      ] GC(103)   Other: 0.1ms
[93.453s][info][gc,heap        ] GC(103) Eden regions: 202->0(751)
[93.453s][info][gc,heap        ] GC(103) Survivor regions: 98->24(38)
[93.453s][info][gc,heap        ] GC(103) Old regions: 166->263
[93.453s][info][gc,heap        ] GC(103) Humongous regions: 133->119
[93.453s][info][gc,metaspace   ] GC(103) Metaspace: 75255K(76352K)->75255K(76352K) NonClass: 65907K(66432K)->65907K(66432K) Class: 9348K(9920K)->9348K(9920K)
[93.453s][info][gc             ] GC(103) Pause Young (Normal) (G1 Evacuation Pause) 1190M->802M(4096M) 166.503ms
[93.453s][info][gc,cpu         ] GC(103) User=1.03s Sys=0.00s Real=0.16s
[94.633s][info][gc,start       ] GC(104) Pause Young (Normal) (G1 Evacuation Pause)
[94.633s][info][gc,task        ] GC(104) Using 6 workers of 6 for evacuation
[94.851s][info][gc,mmu         ] GC(104) MMU target violated: 201.0ms (200.0ms/201.0ms)
[94.851s][info][gc,phases      ] GC(104)   Pre Evacuate Collection Set: 0.4ms
[94.851s][info][gc,phases      ] GC(104)   Merge Heap Roots: 0.9ms
[94.851s][info][gc,phases      ] GC(104)   Evacuate Collection Set: 215.8ms
[94.851s][info][gc,phases      ] GC(104)   Post Evacuate Collection Set: 0.8ms
[94.851s][info][gc,phases      ] GC(104)   Other: 0.2ms
[94.851s][info][gc,heap        ] GC(104) Eden regions: 737->0(64)
[94.851s][info][gc,heap        ] GC(104) Survivor regions: 24->96(96)
[94.851s][info][gc,heap        ] GC(104) Old regions: 263->277
[94.851s][info][gc,heap        ] GC(104) Humongous regions: 287->188
[94.851s][info][gc,metaspace   ] GC(104) Metaspace: 75377K(76480K)->75377K(76480K) NonClass: 66028K(66560K)->66028K(66560K) Class: 9349K(9920K)->9349K(9920K)
[94.851s][info][gc             ] GC(104) Pause Young (Normal) (G1 Evacuation Pause) 2612M->1113M(4096M) 218.379ms
[94.851s][info][gc,cpu         ] GC(104) User=1.12s Sys=0.00s Real=0.22s
[94.899s][info][gc,start       ] GC(105) Pause Young (Normal) (G1 Evacuation Pause)
[94.900s][info][gc,task        ] GC(105) Using 6 workers of 6 for evacuation
[94.989s][info][gc,phases      ] GC(105)   Pre Evacuate Collection Set: 0.3ms
[94.989s][info][gc,phases      ] GC(105)   Merge Heap Roots: 0.9ms
[94.989s][info][gc,phases      ] GC(105)   Evacuate Collection Set: 88.0ms
[94.989s][info][gc,phases      ] GC(105)   Post Evacuate Collection Set: 0.5ms
[94.989s][info][gc,phases      ] GC(105)   Other: 0.1ms
[94.989s][info][gc,heap        ] GC(105) Eden regions: 75->0(875)
[94.989s][info][gc,heap        ] GC(105) Survivor regions: 96->3(22)
[94.989s][info][gc,heap        ] GC(105) Old regions: 277->374
[94.989s][info][gc,heap        ] GC(105) Humongous regions: 188->188
[94.989s][info][gc,metaspace   ] GC(105) Metaspace: 75381K(76480K)->75381K(76480K) NonClass: 66032K(66560K)->66032K(66560K) Class: 9349K(9920K)->9349K(9920K)
[94.989s][info][gc             ] GC(105) Pause Young (Normal) (G1 Evacuation Pause) 1263M->1121M(4096M) 89.946ms
[94.989s][info][gc,cpu         ] GC(105) User=0.39s Sys=0.00s Real=0.10s
[95.082s][info][gc,start       ] GC(106) Pause Full (System.gc())
[95.083s][info][gc,task        ] GC(106) Using 6 workers of 6 for full compaction
[95.083s][info][gc,phases,start] GC(106) Phase 1: Mark live objects
[95.110s][info][gc,phases      ] GC(106) Phase 1: Mark live objects 27.452ms
[95.110s][info][gc,phases,start] GC(106) Phase 2: Prepare compaction
[95.112s][info][gc,phases      ] GC(106) Phase 2: Prepare compaction 1.414ms
[95.112s][info][gc,phases,start] GC(106) Phase 3: Adjust pointers
[95.121s][info][gc,phases      ] GC(106) Phase 3: Adjust pointers 9.551ms
[95.121s][info][gc,phases,start] GC(106) Phase 4: Compact heap
[95.123s][info][gc,phases      ] GC(106) Phase 4: Compact heap 1.021ms
[95.123s][info][gc,phases,start] GC(106) Phase 5: Reset Metadata
[95.129s][info][gc,phases      ] GC(106) Phase 5: Reset Metadata 6.147ms
[95.144s][info][gc,heap        ] GC(106) Eden regions: 153->0(884)
[95.144s][info][gc,heap        ] GC(106) Survivor regions: 3->0(22)
[95.144s][info][gc,heap        ] GC(106) Old regions: 374->76
[95.144s][info][gc,heap        ] GC(106) Humongous regions: 190->3
[95.144s][info][gc,metaspace   ] GC(106) Metaspace: 75381K(76480K)->75381K(76480K) NonClass: 66032K(66560K)->66032K(66560K) Class: 9349K(9920K)->9349K(9920K)
[95.144s][info][gc             ] GC(106) Pause Full (System.gc()) 1431M->150M(4096M) 61.168ms
[95.144s][info][gc,cpu         ] GC(106) User=0.12s Sys=0.00s Real=0.06s
[96.409s][info][gc,start       ] GC(107) Pause Young (Normal) (G1 Evacuation Pause)
[96.409s][info][gc,task        ] GC(107) Using 6 workers of 6 for evacuation
[96.593s][info][gc,phases      ] GC(107)   Pre Evacuate Collection Set: 0.3ms
[96.593s][info][gc,phases      ] GC(107)   Merge Heap Roots: 0.5ms
[96.593s][info][gc,phases      ] GC(107)   Evacuate Collection Set: 181.2ms
[96.593s][info][gc,phases      ] GC(107)   Post Evacuate Collection Set: 1.3ms
[96.593s][info][gc,phases      ] GC(107)   Other: 0.1ms
[96.593s][info][gc,heap        ] GC(107) Eden regions: 919->0(844)
[96.593s][info][gc,heap        ] GC(107) Survivor regions: 0->94(115)
[96.593s][info][gc,heap        ] GC(107) Old regions: 76->76
[96.593s][info][gc,heap        ] GC(107) Humongous regions: 61->51
[96.593s][info][gc,metaspace   ] GC(107) Metaspace: 75413K(76544K)->75413K(76544K) NonClass: 66061K(66624K)->66061K(66624K) Class: 9352K(9920K)->9352K(9920K)
[96.593s][info][gc             ] GC(107) Pause Young (Normal) (G1 Evacuation Pause) 2104M->434M(4096M) 183.589ms
[96.593s][info][gc,cpu         ] GC(107) User=0.95s Sys=0.00s Real=0.18s
[97.725s][info][gc,start       ] GC(108) Pause Young (Normal) (G1 Evacuation Pause)
[97.725s][info][gc,task        ] GC(108) Using 6 workers of 6 for evacuation
[98.019s][info][gc,mmu         ] GC(108) MMU target violated: 201.0ms (200.0ms/201.0ms)
[98.019s][info][gc,phases      ] GC(108)   Pre Evacuate Collection Set: 0.3ms
[98.019s][info][gc,phases      ] GC(108)   Merge Heap Roots: 0.8ms
[98.019s][info][gc,phases      ] GC(108)   Evacuate Collection Set: 292.2ms
[98.019s][info][gc,phases      ] GC(108)   Post Evacuate Collection Set: 0.9ms
[98.019s][info][gc,phases      ] GC(108)   Other: 0.2ms
[98.019s][info][gc,heap        ] GC(108) Eden regions: 837->0(117)
[98.019s][info][gc,heap        ] GC(108) Survivor regions: 94->95(117)
[98.019s][info][gc,heap        ] GC(108) Old regions: 76->171
[98.019s][info][gc,heap        ] GC(108) Humongous regions: 103->103
[98.019s][info][gc,metaspace   ] GC(108) Metaspace: 75414K(76544K)->75414K(76544K) NonClass: 66062K(66624K)->66062K(66624K) Class: 9352K(9920K)->9352K(9920K)
[98.019s][info][gc             ] GC(108) Pause Young (Normal) (G1 Evacuation Pause) 2212M->730M(4096M) 294.619ms
[98.020s][info][gc,cpu         ] GC(108) User=1.75s Sys=0.00s Real=0.30s
[98.315s][info][gc,start       ] GC(109) Pause Young (Normal) (G1 Evacuation Pause)
[98.315s][info][gc,task        ] GC(109) Using 6 workers of 6 for evacuation
[98.468s][info][gc,phases      ] GC(109)   Pre Evacuate Collection Set: 0.3ms
[98.468s][info][gc,phases      ] GC(109)   Merge Heap Roots: 0.5ms
[98.468s][info][gc,phases      ] GC(109)   Evacuate Collection Set: 151.3ms
[98.468s][info][gc,phases      ] GC(109)   Post Evacuate Collection Set: 0.8ms
[98.468s][info][gc,phases      ] GC(109)   Other: 0.1ms
[98.468s][info][gc,heap        ] GC(109) Eden regions: 168->0(833)
[98.468s][info][gc,heap        ] GC(109) Survivor regions: 95->24(33)
[98.468s][info][gc,heap        ] GC(109) Old regions: 171->266
[98.468s][info][gc,heap        ] GC(109) Humongous regions: 135->121
[98.468s][info][gc,metaspace   ] GC(109) Metaspace: 75440K(76544K)->75440K(76544K) NonClass: 66087K(66624K)->66087K(66624K) Class: 9353K(9920K)->9353K(9920K)
[98.468s][info][gc             ] GC(109) Pause Young (Normal) (G1 Evacuation Pause) 1130M->812M(4096M) 153.209ms
[98.468s][info][gc,cpu         ] GC(109) User=0.86s Sys=0.00s Real=0.16s
[99.709s][info][gc,start       ] GC(110) Pause Young (Normal) (G1 Evacuation Pause)
[99.709s][info][gc,task        ] GC(110) Using 6 workers of 6 for evacuation
[99.916s][info][gc,mmu         ] GC(110) MMU target violated: 201.0ms (200.0ms/201.0ms)
[99.916s][info][gc,phases      ] GC(110)   Pre Evacuate Collection Set: 0.4ms
[99.916s][info][gc,phases      ] GC(110)   Merge Heap Roots: 0.8ms
[99.916s][info][gc,phases      ] GC(110)   Evacuate Collection Set: 204.8ms
[99.916s][info][gc,phases      ] GC(110)   Post Evacuate Collection Set: 0.8ms
[99.916s][info][gc,phases      ] GC(110)   Other: 0.2ms
[99.916s][info][gc,heap        ] GC(110) Eden regions: 834->0(115)
[99.916s][info][gc,heap        ] GC(110) Survivor regions: 24->108(108)
[99.916s][info][gc,heap        ] GC(110) Old regions: 266->266
[99.916s][info][gc,heap        ] GC(110) Humongous regions: 287->188
[99.916s][info][gc,metaspace   ] GC(110) Metaspace: 75473K(76608K)->75473K(76608K) NonClass: 66118K(66688K)->66118K(66688K) Class: 9354K(9920K)->9354K(9920K)
[99.916s][info][gc             ] GC(110) Pause Young (Normal) (G1 Evacuation Pause) 2812M->1114M(4096M) 207.123ms
[99.916s][info][gc,cpu         ] GC(110) User=1.16s Sys=0.00s Real=0.21s
[99.990s][info][gc,start       ] GC(111) Pause Full (System.gc())
[99.990s][info][gc,task        ] GC(111) Using 6 workers of 6 for full compaction
[99.991s][info][gc,phases,start] GC(111) Phase 1: Mark live objects
[100.018s][info][gc,phases      ] GC(111) Phase 1: Mark live objects 27.414ms
[100.018s][info][gc,phases,start] GC(111) Phase 2: Prepare compaction
[100.020s][info][gc,phases      ] GC(111) Phase 2: Prepare compaction 1.388ms
[100.020s][info][gc,phases,start] GC(111) Phase 3: Adjust pointers
[100.029s][info][gc,phases      ] GC(111) Phase 3: Adjust pointers 9.821ms
[100.029s][info][gc,phases,start] GC(111) Phase 4: Compact heap
[100.030s][info][gc,phases      ] GC(111) Phase 4: Compact heap 0.989ms
[100.031s][info][gc,phases,start] GC(111) Phase 5: Reset Metadata
[100.037s][info][gc,phases      ] GC(111) Phase 5: Reset Metadata 6.460ms
[100.052s][info][gc,heap        ] GC(111) Eden regions: 127->0(847)
[100.052s][info][gc,heap        ] GC(111) Survivor regions: 108->0(108)
[100.052s][info][gc,heap        ] GC(111) Old regions: 266->76
[100.052s][info][gc,heap        ] GC(111) Humongous regions: 190->3
[100.052s][info][gc,metaspace   ] GC(111) Metaspace: 75473K(76608K)->75473K(76608K) NonClass: 66118K(66688K)->66118K(66688K) Class: 9354K(9920K)->9354K(9920K)
[100.052s][info][gc             ] GC(111) Pause Full (System.gc()) 1372M->150M(4096M) 61.715ms
[100.052s][info][gc,cpu         ] GC(111) User=0.12s Sys=0.00s Real=0.06s
[101.200s][info][gc,start       ] GC(112) Pause Young (Normal) (G1 Evacuation Pause)
[101.200s][info][gc,task        ] GC(112) Using 6 workers of 6 for evacuation
[101.373s][info][gc,phases      ] GC(112)   Pre Evacuate Collection Set: 0.3ms
[101.373s][info][gc,phases      ] GC(112)   Merge Heap Roots: 0.5ms
[101.373s][info][gc,phases      ] GC(112)   Evacuate Collection Set: 170.9ms
[101.373s][info][gc,phases      ] GC(112)   Post Evacuate Collection Set: 0.9ms
[101.373s][info][gc,phases      ] GC(112)   Other: 0.1ms
[101.373s][info][gc,heap        ] GC(112) Eden regions: 864->0(813)
[101.373s][info][gc,heap        ] GC(112) Survivor regions: 0->88(108)
[101.373s][info][gc,heap        ] GC(112) Old regions: 76->76
[101.373s][info][gc,heap        ] GC(112) Humongous regions: 50->47
[101.373s][info][gc,metaspace   ] GC(112) Metaspace: 75489K(76608K)->75489K(76608K) NonClass: 66135K(66688K)->66135K(66688K) Class: 9354K(9920K)->9354K(9920K)
[101.373s][info][gc             ] GC(112) Pause Young (Normal) (G1 Evacuation Pause) 1972M->414M(4096M) 172.816ms
[101.373s][info][gc,cpu         ] GC(112) User=0.95s Sys=0.00s Real=0.17s
[102.186s][info][gc,start       ] GC(113) Pause Young (Normal) (G1 Evacuation Pause)
[102.186s][info][gc,task        ] GC(113) Using 6 workers of 6 for evacuation
[102.462s][info][gc,mmu         ] GC(113) MMU target violated: 201.0ms (200.0ms/201.0ms)
[102.462s][info][gc,phases      ] GC(113)   Pre Evacuate Collection Set: 0.4ms
[102.462s][info][gc,phases      ] GC(113)   Merge Heap Roots: 0.7ms
[102.462s][info][gc,phases      ] GC(113)   Evacuate Collection Set: 273.2ms
[102.462s][info][gc,phases      ] GC(113)   Post Evacuate Collection Set: 1.1ms
[102.462s][info][gc,phases      ] GC(113)   Other: 0.2ms
[102.462s][info][gc,heap        ] GC(113) Eden regions: 808->0(166)
[102.462s][info][gc,heap        ] GC(113) Survivor regions: 88->98(112)
[102.462s][info][gc,heap        ] GC(113) Old regions: 76->164
[102.462s][info][gc,heap        ] GC(113) Humongous regions: 102->95
[102.462s][info][gc,metaspace   ] GC(113) Metaspace: 75493K(76608K)->75493K(76608K) NonClass: 66138K(66688K)->66138K(66688K) Class: 9354K(9920K)->9354K(9920K)
[102.462s][info][gc             ] GC(113) Pause Young (Normal) (G1 Evacuation Pause) 2140M->706M(4096M) 275.692ms
[102.462s][info][gc,cpu         ] GC(113) User=1.69s Sys=0.00s Real=0.28s
[103.019s][info][gc,start       ] GC(114) Pause Young (Normal) (G1 Evacuation Pause)
[103.019s][info][gc,task        ] GC(114) Using 6 workers of 6 for evacuation
[103.182s][info][gc,phases      ] GC(114)   Pre Evacuate Collection Set: 0.3ms
[103.182s][info][gc,phases      ] GC(114)   Merge Heap Roots: 0.4ms
[103.182s][info][gc,phases      ] GC(114)   Evacuate Collection Set: 161.1ms
[103.182s][info][gc,phases      ] GC(114)   Post Evacuate Collection Set: 0.9ms
[103.182s][info][gc,phases      ] GC(114)   Other: 0.1ms
[103.182s][info][gc,heap        ] GC(114) Eden regions: 196->0(757)
[103.182s][info][gc,heap        ] GC(114) Survivor regions: 98->23(37)
[103.182s][info][gc,heap        ] GC(114) Old regions: 164->259
[103.182s][info][gc,heap        ] GC(114) Humongous regions: 122->115
[103.182s][info][gc,metaspace   ] GC(114) Metaspace: 75497K(76608K)->75497K(76608K) NonClass: 66142K(66688K)->66142K(66688K) Class: 9354K(9920K)->9354K(9920K)
[103.182s][info][gc             ] GC(114) Pause Young (Normal) (G1 Evacuation Pause) 1152M->785M(4096M) 163.002ms
[103.182s][info][gc,cpu         ] GC(114) User=0.94s Sys=0.00s Real=0.16s
[104.479s][info][gc,start       ] GC(115) Pause Young (Normal) (G1 Evacuation Pause)
[104.479s][info][gc,task        ] GC(115) Using 6 workers of 6 for evacuation
[104.701s][info][gc,mmu         ] GC(115) MMU target violated: 201.0ms (200.0ms/201.0ms)
[104.701s][info][gc,phases      ] GC(115)   Pre Evacuate Collection Set: 0.3ms
[104.701s][info][gc,phases      ] GC(115)   Merge Heap Roots: 1.0ms
[104.701s][info][gc,phases      ] GC(115)   Evacuate Collection Set: 220.0ms
[104.701s][info][gc,phases      ] GC(115)   Post Evacuate Collection Set: 1.0ms
[104.701s][info][gc,phases      ] GC(115)   Other: 0.2ms
[104.701s][info][gc,heap        ] GC(115) Eden regions: 750->0(39)
[104.701s][info][gc,heap        ] GC(115) Survivor regions: 23->97(97)
[104.701s][info][gc,heap        ] GC(115) Old regions: 259->275
[104.701s][info][gc,heap        ] GC(115) Humongous regions: 298->188
[104.701s][info][gc,metaspace   ] GC(115) Metaspace: 75512K(76608K)->75512K(76608K) NonClass: 66155K(66688K)->66155K(66688K) Class: 9356K(9920K)->9356K(9920K)
[104.701s][info][gc             ] GC(115) Pause Young (Normal) (G1 Evacuation Pause) 2651M->1111M(4096M) 222.704ms
[104.701s][info][gc,cpu         ] GC(115) User=1.27s Sys=0.00s Real=0.22s
[104.733s][info][gc,start       ] GC(116) Pause Young (Normal) (G1 Evacuation Pause)
[104.733s][info][gc,task        ] GC(116) Using 6 workers of 6 for evacuation
[104.824s][info][gc,phases      ] GC(116)   Pre Evacuate Collection Set: 0.3ms
[104.824s][info][gc,phases      ] GC(116)   Merge Heap Roots: 0.8ms
[104.824s][info][gc,phases      ] GC(116)   Evacuate Collection Set: 89.6ms
[104.824s][info][gc,phases      ] GC(116)   Post Evacuate Collection Set: 0.6ms
[104.824s][info][gc,phases      ] GC(116)   Other: 0.1ms
[104.824s][info][gc,heap        ] GC(116) Eden regions: 47->0(1073)
[104.824s][info][gc,heap        ] GC(116) Survivor regions: 97->3(18)
[104.824s][info][gc,heap        ] GC(116) Old regions: 275->373
[104.824s][info][gc,heap        ] GC(116) Humongous regions: 188->188
[104.824s][info][gc,metaspace   ] GC(116) Metaspace: 75513K(76608K)->75513K(76608K) NonClass: 66157K(66688K)->66157K(66688K) Class: 9356K(9920K)->9356K(9920K)
[104.824s][info][gc             ] GC(116) Pause Young (Normal) (G1 Evacuation Pause) 1205M->1120M(4096M) 91.690ms
[104.824s][info][gc,cpu         ] GC(116) User=0.48s Sys=0.00s Real=0.09s
[104.954s][info][gc,start       ] GC(117) Pause Full (System.gc())
[104.954s][info][gc,task        ] GC(117) Using 6 workers of 6 for full compaction
[104.954s][info][gc,phases,start] GC(117) Phase 1: Mark live objects
[104.981s][info][gc,phases      ] GC(117) Phase 1: Mark live objects 26.982ms
[104.981s][info][gc,phases,start] GC(117) Phase 2: Prepare compaction
[104.983s][info][gc,phases      ] GC(117) Phase 2: Prepare compaction 1.451ms
[104.983s][info][gc,phases,start] GC(117) Phase 3: Adjust pointers
[104.993s][info][gc,phases      ] GC(117) Phase 3: Adjust pointers 9.806ms
[104.993s][info][gc,phases,start] GC(117) Phase 4: Compact heap
[104.994s][info][gc,phases      ] GC(117) Phase 4: Compact heap 1.242ms
[104.994s][info][gc,phases,start] GC(117) Phase 5: Reset Metadata
[105.001s][info][gc,phases      ] GC(117) Phase 5: Reset Metadata 6.700ms
[105.016s][info][gc,heap        ] GC(117) Eden regions: 213->0(1100)
[105.016s][info][gc,heap        ] GC(117) Survivor regions: 3->0(18)
[105.016s][info][gc,heap        ] GC(117) Old regions: 373->76
[105.016s][info][gc,heap        ] GC(117) Humongous regions: 190->3
[105.016s][info][gc,metaspace   ] GC(117) Metaspace: 75513K(76608K)->75513K(76608K) NonClass: 66157K(66688K)->66157K(66688K) Class: 9356K(9920K)->9356K(9920K)
[105.016s][info][gc             ] GC(117) Pause Full (System.gc()) 1550M->150M(4096M) 62.013ms
[105.016s][info][gc,cpu         ] GC(117) User=0.11s Sys=0.00s Real=0.06s
[106.526s][info][gc,start       ] GC(118) Pause Young (Normal) (G1 Evacuation Pause)
[106.526s][info][gc,task        ] GC(118) Using 6 workers of 6 for evacuation
[106.782s][info][gc,mmu         ] GC(118) MMU target violated: 201.0ms (200.0ms/201.0ms)
[106.782s][info][gc,phases      ] GC(118)   Pre Evacuate Collection Set: 0.3ms
[106.782s][info][gc,phases      ] GC(118)   Merge Heap Roots: 0.6ms
[106.782s][info][gc,phases      ] GC(118)   Evacuate Collection Set: 254.0ms
[106.782s][info][gc,phases      ] GC(118)   Post Evacuate Collection Set: 1.5ms
[106.782s][info][gc,phases      ] GC(118)   Other: 0.2ms
[106.782s][info][gc,heap        ] GC(118) Eden regions: 1143->0(900)
[106.782s][info][gc,heap        ] GC(118) Survivor regions: 0->143(143)
[106.782s][info][gc,heap        ] GC(118) Old regions: 76->77
[106.782s][info][gc,heap        ] GC(118) Humongous regions: 81->71
[106.782s][info][gc,metaspace   ] GC(118) Metaspace: 75532K(76672K)->75532K(76672K) NonClass: 66175K(66752K)->66175K(66752K) Class: 9357K(9920K)->9357K(9920K)
[106.782s][info][gc             ] GC(118) Pause Young (Normal) (G1 Evacuation Pause) 2592M->573M(4096M) 256.803ms
[106.782s][info][gc,cpu         ] GC(118) User=1.58s Sys=0.00s Real=0.27s
[108.108s][info][gc,start       ] GC(119) Pause Young (Normal) (G1 Evacuation Pause)
[108.108s][info][gc,task        ] GC(119) Using 6 workers of 6 for evacuation
[108.443s][info][gc,mmu         ] GC(119) MMU target violated: 201.0ms (200.0ms/201.0ms)
[108.443s][info][gc,phases      ] GC(119)   Pre Evacuate Collection Set: 0.3ms
[108.443s][info][gc,phases      ] GC(119)   Merge Heap Roots: 1.0ms
[108.443s][info][gc,phases      ] GC(119)   Evacuate Collection Set: 332.8ms
[108.443s][info][gc,phases      ] GC(119)   Post Evacuate Collection Set: 1.2ms
[108.443s][info][gc,phases      ] GC(119)   Other: 0.2ms
[108.443s][info][gc,heap        ] GC(119) Eden regions: 859->0(180)
[108.443s][info][gc,heap        ] GC(119) Survivor regions: 143->77(126)
[108.443s][info][gc,heap        ] GC(119) Old regions: 77->219
[108.443s][info][gc,heap        ] GC(119) Humongous regions: 141->127
[108.443s][info][gc,metaspace   ] GC(119) Metaspace: 75551K(76672K)->75551K(76672K) NonClass: 66193K(66752K)->66193K(66752K) Class: 9358K(9920K)->9358K(9920K)
[108.443s][info][gc             ] GC(119) Pause Young (Normal) (G1 Evacuation Pause) 2431M->837M(4096M) 335.603ms
[108.443s][info][gc,cpu         ] GC(119) User=1.95s Sys=0.00s Real=0.33s
[108.805s][info][gc,start       ] GC(120) Pause Young (Normal) (G1 Evacuation Pause)
[108.805s][info][gc,task        ] GC(120) Using 6 workers of 6 for evacuation
[108.935s][info][gc,phases      ] GC(120)   Pre Evacuate Collection Set: 0.3ms
[108.935s][info][gc,phases      ] GC(120)   Merge Heap Roots: 0.4ms
[108.935s][info][gc,phases      ] GC(120)   Evacuate Collection Set: 128.1ms
[108.935s][info][gc,phases      ] GC(120)   Post Evacuate Collection Set: 0.7ms
[108.935s][info][gc,phases      ] GC(120)   Other: 0.1ms
[108.935s][info][gc,heap        ] GC(120) Eden regions: 208->0(987)
[108.935s][info][gc,heap        ] GC(120) Survivor regions: 77->19(36)
[108.935s][info][gc,heap        ] GC(120) Old regions: 219->296
[108.935s][info][gc,heap        ] GC(120) Humongous regions: 153->139
[108.935s][info][gc,metaspace   ] GC(120) Metaspace: 75578K(76672K)->75578K(76672K) NonClass: 66220K(66752K)->66220K(66752K) Class: 9358K(9920K)->9358K(9920K)
[108.935s][info][gc             ] GC(120) Pause Young (Normal) (G1 Evacuation Pause) 1305M->898M(4096M) 129.864ms
[108.935s][info][gc,cpu         ] GC(120) User=0.67s Sys=0.00s Real=0.13s
[109.743s][info][gc,start       ] GC(121) Pause Full (System.gc())
[109.743s][info][gc,task        ] GC(121) Using 6 workers of 6 for full compaction
[109.743s][info][gc,phases,start] GC(121) Phase 1: Mark live objects
[109.771s][info][gc,phases      ] GC(121) Phase 1: Mark live objects 27.670ms
[109.771s][info][gc,phases,start] GC(121) Phase 2: Prepare compaction
[109.773s][info][gc,phases      ] GC(121) Phase 2: Prepare compaction 1.988ms
[109.773s][info][gc,phases,start] GC(121) Phase 3: Adjust pointers
[109.783s][info][gc,phases      ] GC(121) Phase 3: Adjust pointers 10.015ms
[109.783s][info][gc,phases,start] GC(121) Phase 4: Compact heap
[109.784s][info][gc,phases      ] GC(121) Phase 4: Compact heap 1.591ms
[109.784s][info][gc,phases,start] GC(121) Phase 5: Reset Metadata
[109.792s][info][gc,phases      ] GC(121) Phase 5: Reset Metadata 7.148ms
[109.806s][info][gc,heap        ] GC(121) Eden regions: 674->0(1117)
[109.806s][info][gc,heap        ] GC(121) Survivor regions: 19->0(36)
[109.806s][info][gc,heap        ] GC(121) Old regions: 296->76
[109.806s][info][gc,heap        ] GC(121) Humongous regions: 275->3
[109.806s][info][gc,metaspace   ] GC(121) Metaspace: 75583K(76672K)->75583K(76672K) NonClass: 66225K(66752K)->66225K(66752K) Class: 9358K(9920K)->9358K(9920K)
[109.806s][info][gc             ] GC(121) Pause Full (System.gc()) 2517M->150M(4096M) 63.685ms
[109.806s][info][gc,cpu         ] GC(121) User=0.12s Sys=0.00s Real=0.06s
[111.341s][info][gc,start       ] GC(122) Pause Young (Normal) (G1 Evacuation Pause)
[111.341s][info][gc,task        ] GC(122) Using 6 workers of 6 for evacuation
[111.600s][info][gc,mmu         ] GC(122) MMU target violated: 201.0ms (200.0ms/201.0ms)
[111.601s][info][gc,phases      ] GC(122)   Pre Evacuate Collection Set: 0.3ms
[111.601s][info][gc,phases      ] GC(122)   Merge Heap Roots: 0.7ms
[111.601s][info][gc,phases      ] GC(122)   Evacuate Collection Set: 256.7ms
[111.601s][info][gc,phases      ] GC(122)   Post Evacuate Collection Set: 1.2ms
[111.601s][info][gc,phases      ] GC(122)   Other: 0.2ms
[111.601s][info][gc,heap        ] GC(122) Eden regions: 1170->0(993)
[111.601s][info][gc,heap        ] GC(122) Survivor regions: 0->147(147)
[111.601s][info][gc,heap        ] GC(122) Old regions: 76->76
[111.601s][info][gc,heap        ] GC(122) Humongous regions: 85->75
[111.601s][info][gc,metaspace   ] GC(122) Metaspace: 75624K(76736K)->75624K(76736K) NonClass: 66266K(66816K)->66266K(66816K) Class: 9358K(9920K)->9358K(9920K)
[111.601s][info][gc             ] GC(122) Pause Young (Normal) (G1 Evacuation Pause) 2654M->587M(4096M) 259.296ms
[111.601s][info][gc,cpu         ] GC(122) User=1.50s Sys=0.00s Real=0.27s
[113.061s][info][gc,start       ] GC(123) Pause Young (Normal) (G1 Evacuation Pause)
[113.061s][info][gc,task        ] GC(123) Using 6 workers of 6 for evacuation
[113.432s][info][gc,mmu         ] GC(123) MMU target violated: 201.0ms (200.0ms/201.0ms)
[113.432s][info][gc,phases      ] GC(123)   Pre Evacuate Collection Set: 0.3ms
[113.432s][info][gc,phases      ] GC(123)   Merge Heap Roots: 1.1ms
[113.432s][info][gc,phases      ] GC(123)   Evacuate Collection Set: 368.1ms
[113.432s][info][gc,phases      ] GC(123)   Post Evacuate Collection Set: 1.3ms
[113.432s][info][gc,phases      ] GC(123)   Other: 0.2ms
[113.432s][info][gc,heap        ] GC(123) Eden regions: 933->0(117)
[113.432s][info][gc,heap        ] GC(123) Survivor regions: 147->90(135)
[113.432s][info][gc,heap        ] GC(123) Old regions: 76->222
[113.432s][info][gc,heap        ] GC(123) Humongous regions: 160->139
[113.432s][info][gc,metaspace   ] GC(123) Metaspace: 75645K(76736K)->75645K(76736K) NonClass: 66287K(66816K)->66287K(66816K) Class: 9358K(9920K)->9358K(9920K)
[113.432s][info][gc             ] GC(123) Pause Young (Normal) (G1 Evacuation Pause) 2623M->892M(4096M) 371.191ms
[113.432s][info][gc,cpu         ] GC(123) User=2.11s Sys=0.00s Real=0.38s
[113.632s][info][gc,start       ] GC(124) Pause Young (Normal) (G1 Evacuation Pause)
[113.632s][info][gc,task        ] GC(124) Using 6 workers of 6 for evacuation
[113.738s][info][gc,phases      ] GC(124)   Pre Evacuate Collection Set: 0.3ms
[113.738s][info][gc,phases      ] GC(124)   Merge Heap Roots: 0.4ms
[113.738s][info][gc,phases      ] GC(124)   Evacuate Collection Set: 104.4ms
[113.738s][info][gc,phases      ] GC(124)   Post Evacuate Collection Set: 0.7ms
[113.738s][info][gc,phases      ] GC(124)   Other: 0.1ms
[113.738s][info][gc,heap        ] GC(124) Eden regions: 140->0(1119)
[113.738s][info][gc,heap        ] GC(124) Survivor regions: 90->9(29)
[113.738s][info][gc,heap        ] GC(124) Old regions: 222->311
[113.738s][info][gc,heap        ] GC(124) Humongous regions: 146->139
[113.738s][info][gc,metaspace   ] GC(124) Metaspace: 75652K(76736K)->75652K(76736K) NonClass: 66293K(66816K)->66293K(66816K) Class: 9358K(9920K)->9358K(9920K)
[113.738s][info][gc             ] GC(124) Pause Young (Normal) (G1 Evacuation Pause) 1186M->909M(4096M) 106.077ms
[113.738s][info][gc,cpu         ] GC(124) User=0.66s Sys=0.00s Real=0.11s
[114.644s][info][gc,start       ] GC(125) Pause Full (System.gc())
[114.644s][info][gc,task        ] GC(125) Using 6 workers of 6 for full compaction
[114.644s][info][gc,phases,start] GC(125) Phase 1: Mark live objects
[114.671s][info][gc,phases      ] GC(125) Phase 1: Mark live objects 27.211ms
[114.671s][info][gc,phases,start] GC(125) Phase 2: Prepare compaction
[114.673s][info][gc,phases      ] GC(125) Phase 2: Prepare compaction 1.784ms
[114.673s][info][gc,phases,start] GC(125) Phase 3: Adjust pointers
[114.684s][info][gc,phases      ] GC(125) Phase 3: Adjust pointers 10.465ms
[114.684s][info][gc,phases,start] GC(125) Phase 4: Compact heap
[114.685s][info][gc,phases      ] GC(125) Phase 4: Compact heap 1.593ms
[114.686s][info][gc,phases,start] GC(125) Phase 5: Reset Metadata
[114.692s][info][gc,phases      ] GC(125) Phase 5: Reset Metadata 6.429ms
[114.707s][info][gc,heap        ] GC(125) Eden regions: 642->0(1212)
[114.707s][info][gc,heap        ] GC(125) Survivor regions: 9->0(29)
[114.707s][info][gc,heap        ] GC(125) Old regions: 311->76
[114.707s][info][gc,heap        ] GC(125) Humongous regions: 274->3
[114.707s][info][gc,metaspace   ] GC(125) Metaspace: 75661K(76736K)->75661K(76736K) NonClass: 66303K(66816K)->66303K(66816K) Class: 9358K(9920K)->9358K(9920K)
[114.707s][info][gc             ] GC(125) Pause Full (System.gc()) 2462M->150M(4096M) 63.198ms
[114.707s][info][gc,cpu         ] GC(125) User=0.09s Sys=0.00s Real=0.06s
[116.287s][info][gc,start       ] GC(126) Pause Young (Normal) (G1 Evacuation Pause)
[116.287s][info][gc,task        ] GC(126) Using 6 workers of 6 for evacuation
[116.563s][info][gc,mmu         ] GC(126) MMU target violated: 201.0ms (200.0ms/201.0ms)
[116.563s][info][gc,phases      ] GC(126)   Pre Evacuate Collection Set: 0.4ms
[116.563s][info][gc,phases      ] GC(126)   Merge Heap Roots: 0.7ms
[116.563s][info][gc,phases      ] GC(126)   Evacuate Collection Set: 273.8ms
[116.563s][info][gc,phases      ] GC(126)   Post Evacuate Collection Set: 1.2ms
[116.563s][info][gc,phases      ] GC(126)   Other: 0.2ms
[116.563s][info][gc,heap        ] GC(126) Eden regions: 1228->0(1026)
[116.563s][info][gc,heap        ] GC(126) Survivor regions: 0->152(154)
[116.563s][info][gc,heap        ] GC(126) Old regions: 76->76
[116.563s][info][gc,heap        ] GC(126) Humongous regions: 93->83
[116.563s][info][gc,metaspace   ] GC(126) Metaspace: 75685K(76800K)->75685K(76800K) NonClass: 66326K(66880K)->66326K(66880K) Class: 9358K(9920K)->9358K(9920K)
[116.563s][info][gc             ] GC(126) Pause Young (Normal) (G1 Evacuation Pause) 2786M->614M(4096M) 276.525ms
[116.563s][info][gc,cpu         ] GC(126) User=1.56s Sys=0.00s Real=0.28s
[118.144s][info][gc,start       ] GC(127) Pause Young (Normal) (G1 Evacuation Pause)
[118.144s][info][gc,task        ] GC(127) Using 6 workers of 6 for evacuation
[118.512s][info][gc,mmu         ] GC(127) MMU target violated: 201.0ms (200.0ms/201.0ms)
[118.512s][info][gc,phases      ] GC(127)   Pre Evacuate Collection Set: 0.3ms
[118.512s][info][gc,phases      ] GC(127)   Merge Heap Roots: 1.5ms
[118.512s][info][gc,phases      ] GC(127)   Evacuate Collection Set: 364.5ms
[118.512s][info][gc,phases      ] GC(127)   Post Evacuate Collection Set: 1.5ms
[118.512s][info][gc,phases      ] GC(127)   Other: 0.2ms
[118.512s][info][gc,heap        ] GC(127) Eden regions: 963->0(163)
[118.512s][info][gc,heap        ] GC(127) Survivor regions: 152->84(140)
[118.512s][info][gc,heap        ] GC(127) Old regions: 76->228
[118.512s][info][gc,heap        ] GC(127) Humongous regions: 167->139
[118.512s][info][gc,metaspace   ] GC(127) Metaspace: 75713K(76800K)->75713K(76800K) NonClass: 66355K(66880K)->66355K(66880K) Class: 9358K(9920K)->9358K(9920K)
[118.512s][info][gc             ] GC(127) Pause Young (Normal) (G1 Evacuation Pause) 2708M->892M(4096M) 368.117ms
[118.512s][info][gc,cpu         ] GC(127) User=2.05s Sys=0.00s Real=0.36s
[118.644s][info][gc,start       ] GC(128) Pause Young (Normal) (G1 Evacuation Pause)
[118.644s][info][gc,task        ] GC(128) Using 6 workers of 6 for evacuation
[118.770s][info][gc,phases      ] GC(128)   Pre Evacuate Collection Set: 0.3ms
[118.771s][info][gc,phases      ] GC(128)   Merge Heap Roots: 0.4ms
[118.771s][info][gc,phases      ] GC(128)   Evacuate Collection Set: 124.8ms
[118.771s][info][gc,phases      ] GC(128)   Post Evacuate Collection Set: 0.5ms
[118.771s][info][gc,phases      ] GC(128)   Other: 0.1ms
[118.771s][info][gc,heap        ] GC(128) Eden regions: 196->0(942)
[118.771s][info][gc,heap        ] GC(128) Survivor regions: 84->28(35)
[118.771s][info][gc,heap        ] GC(128) Old regions: 228->311
[118.771s][info][gc,heap        ] GC(128) Humongous regions: 145->145
[118.771s][info][gc,metaspace   ] GC(128) Metaspace: 75714K(76800K)->75714K(76800K) NonClass: 66356K(66880K)->66356K(66880K) Class: 9358K(9920K)->9358K(9920K)
[118.771s][info][gc             ] GC(128) Pause Young (Normal) (G1 Evacuation Pause) 1296M->958M(4096M) 126.257ms
[118.771s][info][gc,cpu         ] GC(128) User=0.67s Sys=0.00s Real=0.12s
[119.416s][info][gc,start       ] GC(129) Pause Full (System.gc())
[119.416s][info][gc,task        ] GC(129) Using 6 workers of 6 for full compaction
[119.416s][info][gc,phases,start] GC(129) Phase 1: Mark live objects
[119.445s][info][gc,phases      ] GC(129) Phase 1: Mark live objects 28.453ms
[119.445s][info][gc,phases,start] GC(129) Phase 2: Prepare compaction
[119.447s][info][gc,phases      ] GC(129) Phase 2: Prepare compaction 1.717ms
[119.447s][info][gc,phases,start] GC(129) Phase 3: Adjust pointers
[119.456s][info][gc,phases      ] GC(129) Phase 3: Adjust pointers 9.862ms
[119.456s][info][gc,phases,start] GC(129) Phase 4: Compact heap
[119.458s][info][gc,phases      ] GC(129) Phase 4: Compact heap 1.361ms
[119.458s][info][gc,phases,start] GC(129) Phase 5: Reset Metadata
[119.465s][info][gc,phases      ] GC(129) Phase 5: Reset Metadata 7.142ms
[119.480s][info][gc,heap        ] GC(129) Eden regions: 496->0(1162)
[119.480s][info][gc,heap        ] GC(129) Survivor regions: 28->0(35)
[119.480s][info][gc,heap        ] GC(129) Old regions: 311->76
[119.480s][info][gc,heap        ] GC(129) Humongous regions: 283->3
[119.480s][info][gc,metaspace   ] GC(129) Metaspace: 75718K(76800K)->75718K(76800K) NonClass: 66359K(66880K)->66359K(66880K) Class: 9358K(9920K)->9358K(9920K)
[119.480s][info][gc             ] GC(129) Pause Full (System.gc()) 2225M->150M(4096M) 64.091ms
[119.480s][info][gc,cpu         ] GC(129) User=0.20s Sys=0.00s Real=0.06s
[121.033s][info][gc,start       ] GC(130) Pause Young (Normal) (G1 Evacuation Pause)
[121.033s][info][gc,task        ] GC(130) Using 6 workers of 6 for evacuation
[121.300s][info][gc,mmu         ] GC(130) MMU target violated: 201.0ms (200.0ms/201.0ms)
[121.300s][info][gc,phases      ] GC(130)   Pre Evacuate Collection Set: 0.3ms
[121.300s][info][gc,phases      ] GC(130)   Merge Heap Roots: 0.7ms
[121.300s][info][gc,phases      ] GC(130)   Evacuate Collection Set: 264.7ms
[121.300s][info][gc,phases      ] GC(130)   Post Evacuate Collection Set: 1.6ms
[121.300s][info][gc,phases      ] GC(130)   Other: 0.2ms
[121.300s][info][gc,heap        ] GC(130) Eden regions: 1209->0(1033)
[121.300s][info][gc,heap        ] GC(130) Survivor regions: 0->151(152)
[121.300s][info][gc,heap        ] GC(130) Old regions: 76->76
[121.300s][info][gc,heap        ] GC(130) Humongous regions: 87->77
[121.300s][info][gc,metaspace   ] GC(130) Metaspace: 75839K(76928K)->75839K(76928K) NonClass: 66478K(67008K)->66478K(67008K) Class: 9360K(9920K)->9360K(9920K)
[121.300s][info][gc             ] GC(130) Pause Young (Normal) (G1 Evacuation Pause) 2736M->599M(4096M) 267.679ms
[121.300s][info][gc,cpu         ] GC(130) User=1.52s Sys=0.00s Real=0.27s
[122.920s][info][gc,start       ] GC(131) Pause Young (Normal) (G1 Evacuation Pause)
[122.920s][info][gc,task        ] GC(131) Using 6 workers of 6 for evacuation
[123.286s][info][gc,mmu         ] GC(131) MMU target violated: 201.0ms (200.0ms/201.0ms)
[123.286s][info][gc,phases      ] GC(131)   Pre Evacuate Collection Set: 0.4ms
[123.286s][info][gc,phases      ] GC(131)   Merge Heap Roots: 1.3ms
[123.286s][info][gc,phases      ] GC(131)   Evacuate Collection Set: 362.5ms
[123.286s][info][gc,phases      ] GC(131)   Post Evacuate Collection Set: 1.6ms
[123.286s][info][gc,phases      ] GC(131)   Other: 0.2ms
[123.286s][info][gc,heap        ] GC(131) Eden regions: 1000->0(162)
[123.286s][info][gc,heap        ] GC(131) Survivor regions: 151->88(144)
[123.286s][info][gc,heap        ] GC(131) Old regions: 76->226
[123.286s][info][gc,heap        ] GC(131) Humongous regions: 167->139
[123.286s][info][gc,metaspace   ] GC(131) Metaspace: 75857K(76928K)->75857K(76928K) NonClass: 66496K(67008K)->66496K(67008K) Class: 9361K(9920K)->9361K(9920K)
[123.286s][info][gc             ] GC(131) Pause Young (Normal) (G1 Evacuation Pause) 2779M->897M(4096M) 366.095ms
[123.286s][info][gc,cpu         ] GC(131) User=2.11s Sys=0.00s Real=0.36s
[123.414s][info][gc,start       ] GC(132) Pause Young (Normal) (G1 Evacuation Pause)
[123.415s][info][gc,task        ] GC(132) Using 6 workers of 6 for evacuation
[123.539s][info][gc,phases      ] GC(132)   Pre Evacuate Collection Set: 0.3ms
[123.540s][info][gc,phases      ] GC(132)   Merge Heap Roots: 0.5ms
[123.540s][info][gc,phases      ] GC(132)   Evacuate Collection Set: 123.5ms
[123.540s][info][gc,phases      ] GC(132)   Post Evacuate Collection Set: 0.6ms
[123.540s][info][gc,phases      ] GC(132)   Other: 0.1ms
[123.540s][info][gc,heap        ] GC(132) Eden regions: 182->0(695)
[123.540s][info][gc,heap        ] GC(132) Survivor regions: 88->27(34)
[123.540s][info][gc,heap        ] GC(132) Old regions: 226->313
[123.540s][info][gc,heap        ] GC(132) Humongous regions: 147->147
[123.540s][info][gc,metaspace   ] GC(132) Metaspace: 75861K(76928K)->75861K(76928K) NonClass: 66500K(67008K)->66500K(67008K) Class: 9361K(9920K)->9361K(9920K)
[123.540s][info][gc             ] GC(132) Pause Young (Normal) (G1 Evacuation Pause) 1277M->966M(4096M) 125.136ms
[123.540s][info][gc,cpu         ] GC(132) User=0.75s Sys=0.00s Real=0.13s
[124.152s][info][gc,start       ] GC(133) Pause Full (System.gc())
[124.152s][info][gc,task        ] GC(133) Using 6 workers of 6 for full compaction
[124.152s][info][gc,phases,start] GC(133) Phase 1: Mark live objects
[124.181s][info][gc,phases      ] GC(133) Phase 1: Mark live objects 28.577ms
[124.181s][info][gc,phases,start] GC(133) Phase 2: Prepare compaction
[124.183s][info][gc,phases      ] GC(133) Phase 2: Prepare compaction 1.831ms
[124.183s][info][gc,phases,start] GC(133) Phase 3: Adjust pointers
[124.193s][info][gc,phases      ] GC(133) Phase 3: Adjust pointers 10.537ms
[124.193s][info][gc,phases,start] GC(133) Phase 4: Compact heap
[124.195s][info][gc,phases      ] GC(133) Phase 4: Compact heap 1.468ms
[124.195s][info][gc,phases,start] GC(133) Phase 5: Reset Metadata
[124.201s][info][gc,phases      ] GC(133) Phase 5: Reset Metadata 6.552ms
[124.216s][info][gc,heap        ] GC(133) Eden regions: 492->0(936)
[124.216s][info][gc,heap        ] GC(133) Survivor regions: 27->0(34)
[124.216s][info][gc,heap        ] GC(133) Old regions: 313->76
[124.216s][info][gc,heap        ] GC(133) Humongous regions: 286->3
[124.216s][info][gc,metaspace   ] GC(133) Metaspace: 75873K(76928K)->75873K(76928K) NonClass: 66512K(67008K)->66512K(67008K) Class: 9361K(9920K)->9361K(9920K)
[124.216s][info][gc             ] GC(133) Pause Full (System.gc()) 2228M->150M(4096M) 64.819ms
[124.216s][info][gc,cpu         ] GC(133) User=0.06s Sys=0.00s Real=0.07s
[125.591s][info][gc,start       ] GC(134) Pause Young (Normal) (G1 Evacuation Pause)
[125.591s][info][gc,task        ] GC(134) Using 6 workers of 6 for evacuation
[125.806s][info][gc,mmu         ] GC(134) MMU target violated: 201.0ms (200.0ms/201.0ms)
[125.806s][info][gc,phases      ] GC(134)   Pre Evacuate Collection Set: 0.3ms
[125.806s][info][gc,phases      ] GC(134)   Merge Heap Roots: 0.5ms
[125.806s][info][gc,phases      ] GC(134)   Evacuate Collection Set: 212.9ms
[125.806s][info][gc,phases      ] GC(134)   Post Evacuate Collection Set: 1.3ms
[125.806s][info][gc,phases      ] GC(134)   Other: 0.2ms
[125.806s][info][gc,heap        ] GC(134) Eden regions: 998->0(854)
[125.806s][info][gc,heap        ] GC(134) Survivor regions: 0->108(125)
[125.806s][info][gc,heap        ] GC(134) Old regions: 76->76
[125.807s][info][gc,heap        ] GC(134) Humongous regions: 69->59
[125.807s][info][gc,metaspace   ] GC(134) Metaspace: 75880K(76928K)->75880K(76928K) NonClass: 66518K(67008K)->66518K(67008K) Class: 9361K(9920K)->9361K(9920K)
[125.807s][info][gc             ] GC(134) Pause Young (Normal) (G1 Evacuation Pause) 2278M->477M(4096M) 215.470ms
[125.807s][info][gc,cpu         ] GC(134) User=1.30s Sys=0.00s Real=0.22s
[126.994s][info][gc,start       ] GC(135) Pause Young (Normal) (G1 Evacuation Pause)
[126.994s][info][gc,task        ] GC(135) Using 6 workers of 6 for evacuation
[127.298s][info][gc,mmu         ] GC(135) MMU target violated: 201.0ms (200.0ms/201.0ms)
[127.299s][info][gc,phases      ] GC(135)   Pre Evacuate Collection Set: 0.3ms
[127.299s][info][gc,phases      ] GC(135)   Merge Heap Roots: 0.9ms
[127.299s][info][gc,phases      ] GC(135)   Evacuate Collection Set: 302.0ms
[127.299s][info][gc,phases      ] GC(135)   Post Evacuate Collection Set: 1.3ms
[127.299s][info][gc,phases      ] GC(135)   Other: 0.2ms
[127.299s][info][gc,heap        ] GC(135) Eden regions: 837->0(74)
[127.299s][info][gc,heap        ] GC(135) Survivor regions: 108->96(119)
[127.299s][info][gc,heap        ] GC(135) Old regions: 76->183
[127.299s][info][gc,heap        ] GC(135) Humongous regions: 122->115
[127.299s][info][gc,metaspace   ] GC(135) Metaspace: 75881K(76928K)->75881K(76928K) NonClass: 66520K(67008K)->66520K(67008K) Class: 9361K(9920K)->9361K(9920K)
[127.299s][info][gc             ] GC(135) Pause Young (Normal) (G1 Evacuation Pause) 2277M->780M(4096M) 304.762ms
[127.299s][info][gc,cpu         ] GC(135) User=1.78s Sys=0.00s Real=0.30s
[127.454s][info][gc,start       ] GC(136) Pause Young (Normal) (G1 Evacuation Pause)
[127.454s][info][gc,task        ] GC(136) Using 6 workers of 6 for evacuation
[127.588s][info][gc,phases      ] GC(136)   Pre Evacuate Collection Set: 0.3ms
[127.588s][info][gc,phases      ] GC(136)   Merge Heap Roots: 1.2ms
[127.588s][info][gc,phases      ] GC(136)   Evacuate Collection Set: 132.2ms
[127.588s][info][gc,phases      ] GC(136)   Post Evacuate Collection Set: 0.6ms
[127.588s][info][gc,phases      ] GC(136)   Other: 0.1ms
[127.588s][info][gc,heap        ] GC(136) Eden regions: 99->0(749)
[127.588s][info][gc,heap        ] GC(136) Survivor regions: 96->16(25)
[127.588s][info][gc,heap        ] GC(136) Old regions: 183->276
[127.588s][info][gc,heap        ] GC(136) Humongous regions: 134->127
[127.588s][info][gc,metaspace   ] GC(136) Metaspace: 75881K(76928K)->75881K(76928K) NonClass: 66520K(67008K)->66520K(67008K) Class: 9361K(9920K)->9361K(9920K)
[127.588s][info][gc             ] GC(136) Pause Young (Normal) (G1 Evacuation Pause) 1016M->829M(4096M) 134.657ms
[127.588s][info][gc,cpu         ] GC(136) User=0.77s Sys=0.00s Real=0.13s
[128.744s][info][gc,start       ] GC(137) Pause Young (Normal) (G1 Evacuation Pause)
[128.744s][info][gc,task        ] GC(137) Using 6 workers of 6 for evacuation
[128.942s][info][gc,phases      ] GC(137)   Pre Evacuate Collection Set: 0.4ms
[128.942s][info][gc,phases      ] GC(137)   Merge Heap Roots: 0.9ms
[128.942s][info][gc,phases      ] GC(137)   Evacuate Collection Set: 195.6ms
[128.942s][info][gc,phases      ] GC(137)   Post Evacuate Collection Set: 0.8ms
[128.942s][info][gc,phases      ] GC(137)   Other: 0.1ms
[128.942s][info][gc,heap        ] GC(137) Eden regions: 754->0(56)
[128.942s][info][gc,heap        ] GC(137) Survivor regions: 16->97(97)
[128.942s][info][gc,heap        ] GC(137) Old regions: 276->277
[128.942s][info][gc,heap        ] GC(137) Humongous regions: 298->197
[128.942s][info][gc,metaspace   ] GC(137) Metaspace: 75893K(76992K)->75893K(76992K) NonClass: 66531K(67072K)->66531K(67072K) Class: 9361K(9920K)->9361K(9920K)
[128.942s][info][gc             ] GC(137) Pause Young (Normal) (G1 Evacuation Pause) 2679M->1133M(4096M) 197.930ms
[128.942s][info][gc,cpu         ] GC(137) User=1.12s Sys=0.00s Real=0.19s
[128.994s][info][gc,start       ] GC(138) Pause Young (Normal) (G1 Evacuation Pause)
[128.995s][info][gc,task        ] GC(138) Using 6 workers of 6 for evacuation
[129.092s][info][gc,phases      ] GC(138)   Pre Evacuate Collection Set: 0.5ms
[129.092s][info][gc,phases      ] GC(138)   Merge Heap Roots: 0.7ms
[129.092s][info][gc,phases      ] GC(138)   Evacuate Collection Set: 95.8ms
[129.092s][info][gc,phases      ] GC(138)   Post Evacuate Collection Set: 0.6ms
[129.092s][info][gc,phases      ] GC(138)   Other: 0.1ms
[129.092s][info][gc,heap        ] GC(138) Eden regions: 82->0(944)
[129.092s][info][gc,heap        ] GC(138) Survivor regions: 97->3(23)
[129.092s][info][gc,heap        ] GC(138) Old regions: 277->373
[129.092s][info][gc,heap        ] GC(138) Humongous regions: 197->197
[129.092s][info][gc,metaspace   ] GC(138) Metaspace: 75893K(76992K)->75893K(76992K) NonClass: 66531K(67072K)->66531K(67072K) Class: 9361K(9920K)->9361K(9920K)
[129.092s][info][gc             ] GC(138) Pause Young (Normal) (G1 Evacuation Pause) 1297M->1137M(4096M) 97.871ms
[129.092s][info][gc,cpu         ] GC(138) User=0.55s Sys=0.00s Real=0.11s
[129.156s][info][gc,start       ] GC(139) Pause Full (System.gc())
[129.156s][info][gc,task        ] GC(139) Using 6 workers of 6 for full compaction
[129.156s][info][gc,phases,start] GC(139) Phase 1: Mark live objects
[129.186s][info][gc,phases      ] GC(139) Phase 1: Mark live objects 29.081ms
[129.186s][info][gc,phases,start] GC(139) Phase 2: Prepare compaction
[129.187s][info][gc,phases      ] GC(139) Phase 2: Prepare compaction 1.331ms
[129.187s][info][gc,phases,start] GC(139) Phase 3: Adjust pointers
[129.197s][info][gc,phases      ] GC(139) Phase 3: Adjust pointers 9.818ms
[129.197s][info][gc,phases,start] GC(139) Phase 4: Compact heap
[129.198s][info][gc,phases      ] GC(139) Phase 4: Compact heap 1.163ms
[129.198s][info][gc,phases,start] GC(139) Phase 5: Reset Metadata
[129.206s][info][gc,phases      ] GC(139) Phase 5: Reset Metadata 8.080ms
[129.222s][info][gc,heap        ] GC(139) Eden regions: 116->0(957)
[129.222s][info][gc,heap        ] GC(139) Survivor regions: 3->0(23)
[129.222s][info][gc,heap        ] GC(139) Old regions: 373->76
[129.222s][info][gc,heap        ] GC(139) Humongous regions: 199->3
[129.222s][info][gc,metaspace   ] GC(139) Metaspace: 75893K(76992K)->75893K(76992K) NonClass: 66531K(67072K)->66531K(67072K) Class: 9361K(9920K)->9361K(9920K)
[129.222s][info][gc             ] GC(139) Pause Full (System.gc()) 1372M->151M(4096M) 65.887ms
[129.222s][info][gc,cpu         ] GC(139) User=0.09s Sys=0.00s Real=0.06s
[130.596s][info][gc,start       ] GC(140) Pause Young (Normal) (G1 Evacuation Pause)
[130.597s][info][gc,task        ] GC(140) Using 6 workers of 6 for evacuation
[130.811s][info][gc,mmu         ] GC(140) MMU target violated: 201.0ms (200.0ms/201.0ms)
[130.812s][info][gc,phases      ] GC(140)   Pre Evacuate Collection Set: 0.3ms
[130.812s][info][gc,phases      ] GC(140)   Merge Heap Roots: 0.6ms
[130.812s][info][gc,phases      ] GC(140)   Evacuate Collection Set: 212.4ms
[130.812s][info][gc,phases      ] GC(140)   Post Evacuate Collection Set: 1.5ms
[130.812s][info][gc,phases      ] GC(140)   Other: 0.2ms
[130.812s][info][gc,heap        ] GC(140) Eden regions: 995->0(894)
[130.812s][info][gc,heap        ] GC(140) Survivor regions: 0->107(125)
[130.812s][info][gc,heap        ] GC(140) Old regions: 76->76
[130.812s][info][gc,heap        ] GC(140) Humongous regions: 69->59
[130.812s][info][gc,metaspace   ] GC(140) Metaspace: 75902K(76992K)->75902K(76992K) NonClass: 66541K(67072K)->66541K(67072K) Class: 9361K(9920K)->9361K(9920K)
[130.812s][info][gc             ] GC(140) Pause Young (Normal) (G1 Evacuation Pause) 2273M->476M(4096M) 215.182ms
[130.812s][info][gc,cpu         ] GC(140) User=1.22s Sys=0.00s Real=0.22s
[132.051s][info][gc,start       ] GC(141) Pause Young (Normal) (G1 Evacuation Pause)
[132.051s][info][gc,task        ] GC(141) Using 6 workers of 6 for evacuation
[132.359s][info][gc,mmu         ] GC(141) MMU target violated: 201.0ms (200.0ms/201.0ms)
[132.359s][info][gc,phases      ] GC(141)   Pre Evacuate Collection Set: 0.3ms
[132.359s][info][gc,phases      ] GC(141)   Merge Heap Roots: 0.9ms
[132.359s][info][gc,phases      ] GC(141)   Evacuate Collection Set: 305.3ms
[132.359s][info][gc,phases      ] GC(141)   Post Evacuate Collection Set: 1.3ms
[132.359s][info][gc,phases      ] GC(141)   Other: 0.2ms
[132.359s][info][gc,heap        ] GC(141) Eden regions: 882->0(60)
[132.359s][info][gc,heap        ] GC(141) Survivor regions: 107->98(124)
[132.359s][info][gc,heap        ] GC(141) Old regions: 76->182
[132.359s][info][gc,heap        ] GC(141) Humongous regions: 123->115
[132.359s][info][gc,metaspace   ] GC(141) Metaspace: 75905K(76992K)->75905K(76992K) NonClass: 66544K(67072K)->66544K(67072K) Class: 9361K(9920K)->9361K(9920K)
[132.359s][info][gc             ] GC(141) Pause Young (Normal) (G1 Evacuation Pause) 2368M->783M(4096M) 308.141ms
[132.359s][info][gc,cpu         ] GC(141) User=1.69s Sys=0.00s Real=0.31s
[132.479s][info][gc,start       ] GC(142) Pause Young (Normal) (G1 Evacuation Pause)
[132.479s][info][gc,task        ] GC(142) Using 6 workers of 6 for evacuation
[132.612s][info][gc,phases      ] GC(142)   Pre Evacuate Collection Set: 0.8ms
[132.612s][info][gc,phases      ] GC(142)   Merge Heap Roots: 0.7ms
[132.612s][info][gc,phases      ] GC(142)   Evacuate Collection Set: 130.8ms
[132.612s][info][gc,phases      ] GC(142)   Post Evacuate Collection Set: 0.6ms
[132.612s][info][gc,phases      ] GC(142)   Other: 0.1ms
[132.612s][info][gc,heap        ] GC(142) Eden regions: 76->0(930)
[132.612s][info][gc,heap        ] GC(142) Survivor regions: 98->16(22)
[132.612s][info][gc,heap        ] GC(142) Old regions: 182->280
[132.612s][info][gc,heap        ] GC(142) Humongous regions: 133->127
[132.612s][info][gc,metaspace   ] GC(142) Metaspace: 75911K(76992K)->75911K(76992K) NonClass: 66549K(67072K)->66549K(67072K) Class: 9361K(9920K)->9361K(9920K)
[132.612s][info][gc             ] GC(142) Pause Young (Normal) (G1 Evacuation Pause) 971M->837M(4096M) 133.091ms
[132.612s][info][gc,cpu         ] GC(142) User=0.75s Sys=0.00s Real=0.14s
[133.994s][info][gc,start       ] GC(143) Pause Full (System.gc())
[133.994s][info][gc,task        ] GC(143) Using 6 workers of 6 for full compaction
[133.995s][info][gc,phases,start] GC(143) Phase 1: Mark live objects
[134.024s][info][gc,phases      ] GC(143) Phase 1: Mark live objects 28.868ms
[134.024s][info][gc,phases,start] GC(143) Phase 2: Prepare compaction
[134.026s][info][gc,phases      ] GC(143) Phase 2: Prepare compaction 2.161ms
[134.026s][info][gc,phases,start] GC(143) Phase 3: Adjust pointers
[134.037s][info][gc,phases      ] GC(143) Phase 3: Adjust pointers 11.030ms
[134.037s][info][gc,phases,start] GC(143) Phase 4: Compact heap
[134.039s][info][gc,phases      ] GC(143) Phase 4: Compact heap 1.822ms
[134.039s][info][gc,phases,start] GC(143) Phase 5: Reset Metadata
[134.045s][info][gc,phases      ] GC(143) Phase 5: Reset Metadata 6.297ms
[134.060s][info][gc,heap        ] GC(143) Eden regions: 929->0(1047)
[134.060s][info][gc,heap        ] GC(143) Survivor regions: 16->0(22)
[134.060s][info][gc,heap        ] GC(143) Old regions: 280->76
[134.060s][info][gc,heap        ] GC(143) Humongous regions: 293->3
[134.060s][info][gc,metaspace   ] GC(143) Metaspace: 75938K(77056K)->75938K(77056K) NonClass: 66577K(67136K)->66577K(67136K) Class: 9361K(9920K)->9361K(9920K)
[134.060s][info][gc             ] GC(143) Pause Full (System.gc()) 3026M->151M(4096M) 65.529ms
[134.060s][info][gc,cpu         ] GC(143) User=0.14s Sys=0.00s Real=0.06s
[135.504s][info][gc,start       ] GC(144) Pause Young (Normal) (G1 Evacuation Pause)
[135.504s][info][gc,task        ] GC(144) Using 6 workers of 6 for evacuation
[135.749s][info][gc,mmu         ] GC(144) MMU target violated: 201.0ms (200.0ms/201.0ms)
[135.749s][info][gc,phases      ] GC(144)   Pre Evacuate Collection Set: 0.3ms
[135.749s][info][gc,phases      ] GC(144)   Merge Heap Roots: 0.7ms
[135.749s][info][gc,phases      ] GC(144)   Evacuate Collection Set: 242.1ms
[135.749s][info][gc,phases      ] GC(144)   Post Evacuate Collection Set: 1.4ms
[135.749s][info][gc,phases      ] GC(144)   Other: 0.2ms
[135.749s][info][gc,heap        ] GC(144) Eden regions: 1079->0(929)
[135.749s][info][gc,heap        ] GC(144) Survivor regions: 0->135(135)
[135.749s][info][gc,heap        ] GC(144) Old regions: 76->78
[135.749s][info][gc,heap        ] GC(144) Humongous regions: 81->71
[135.749s][info][gc,metaspace   ] GC(144) Metaspace: 75951K(77056K)->75951K(77056K) NonClass: 66589K(67136K)->66589K(67136K) Class: 9361K(9920K)->9361K(9920K)
[135.749s][info][gc             ] GC(144) Pause Young (Normal) (G1 Evacuation Pause) 2465M->560M(4096M) 244.806ms
[135.749s][info][gc,cpu         ] GC(144) User=1.42s Sys=0.00s Real=0.25s
[137.095s][info][gc,start       ] GC(145) Pause Young (Normal) (G1 Evacuation Pause)
[137.095s][info][gc,task        ] GC(145) Using 6 workers of 6 for evacuation
[137.438s][info][gc,mmu         ] GC(145) MMU target violated: 201.0ms (200.0ms/201.0ms)
[137.438s][info][gc,phases      ] GC(145)   Pre Evacuate Collection Set: 0.3ms
[137.438s][info][gc,phases      ] GC(145)   Merge Heap Roots: 0.9ms
[137.438s][info][gc,phases      ] GC(145)   Evacuate Collection Set: 340.1ms
[137.438s][info][gc,phases      ] GC(145)   Post Evacuate Collection Set: 1.3ms
[137.438s][info][gc,phases      ] GC(145)   Other: 0.2ms
[137.438s][info][gc,heap        ] GC(145) Eden regions: 912->0(123)
[137.438s][info][gc,heap        ] GC(145) Survivor regions: 135->84(131)
[137.438s][info][gc,heap        ] GC(145) Old regions: 78->214
[137.438s][info][gc,heap        ] GC(145) Humongous regions: 141->127
[137.438s][info][gc,metaspace   ] GC(145) Metaspace: 75951K(77056K)->75951K(77056K) NonClass: 66590K(67136K)->66590K(67136K) Class: 9361K(9920K)->9361K(9920K)
[137.438s][info][gc             ] GC(145) Pause Young (Normal) (G1 Evacuation Pause) 2524M->842M(4096M) 343.066ms
[137.438s][info][gc,cpu         ] GC(145) User=1.98s Sys=0.00s Real=0.35s
[137.642s][info][gc,start       ] GC(146) Pause Young (Normal) (G1 Evacuation Pause)
[137.642s][info][gc,task        ] GC(146) Using 6 workers of 6 for evacuation
[137.778s][info][gc,phases      ] GC(146)   Pre Evacuate Collection Set: 0.3ms
[137.778s][info][gc,phases      ] GC(146)   Merge Heap Roots: 0.6ms
[137.778s][info][gc,phases      ] GC(146)   Evacuate Collection Set: 134.9ms
[137.778s][info][gc,phases      ] GC(146)   Post Evacuate Collection Set: 0.5ms
[137.778s][info][gc,phases      ] GC(146)   Other: 0.1ms
[137.778s][info][gc,heap        ] GC(146) Eden regions: 133->0(987)
[137.778s][info][gc,heap        ] GC(146) Survivor regions: 84->18(28)
[137.778s][info][gc,heap        ] GC(146) Old regions: 214->296
[137.778s][info][gc,heap        ] GC(146) Humongous regions: 146->139
[137.778s][info][gc,metaspace   ] GC(146) Metaspace: 75954K(77056K)->75954K(77056K) NonClass: 66593K(67136K)->66593K(67136K) Class: 9361K(9920K)->9361K(9920K)
[137.778s][info][gc             ] GC(146) Pause Young (Normal) (G1 Evacuation Pause) 1146M->898M(4096M) 136.575ms
[137.778s][info][gc,cpu         ] GC(146) User=0.81s Sys=0.00s Real=0.15s
[138.873s][info][gc,start       ] GC(147) Pause Full (System.gc())
[138.873s][info][gc,task        ] GC(147) Using 6 workers of 6 for full compaction
[138.874s][info][gc,phases,start] GC(147) Phase 1: Mark live objects
[138.902s][info][gc,phases      ] GC(147) Phase 1: Mark live objects 28.355ms
[138.902s][info][gc,phases,start] GC(147) Phase 2: Prepare compaction
[138.904s][info][gc,phases      ] GC(147) Phase 2: Prepare compaction 2.140ms
[138.904s][info][gc,phases,start] GC(147) Phase 3: Adjust pointers
[138.918s][info][gc,phases      ] GC(147) Phase 3: Adjust pointers 13.684ms
[138.918s][info][gc,phases,start] GC(147) Phase 4: Compact heap
[138.920s][info][gc,phases      ] GC(147) Phase 4: Compact heap 2.075ms
[138.920s][info][gc,phases,start] GC(147) Phase 5: Reset Metadata
[138.927s][info][gc,phases      ] GC(147) Phase 5: Reset Metadata 6.285ms
[138.942s][info][gc,heap        ] GC(147) Eden regions: 761->0(1110)
[138.942s][info][gc,heap        ] GC(147) Survivor regions: 18->0(28)
[138.942s][info][gc,heap        ] GC(147) Old regions: 296->76
[138.942s][info][gc,heap        ] GC(147) Humongous regions: 289->3
[138.942s][info][gc,metaspace   ] GC(147) Metaspace: 75959K(77056K)->75959K(77056K) NonClass: 66598K(67136K)->66598K(67136K) Class: 9361K(9920K)->9361K(9920K)
[138.942s][info][gc             ] GC(147) Pause Full (System.gc()) 2720M->151M(4096M) 68.770ms
[138.942s][info][gc,cpu         ] GC(147) User=0.11s Sys=0.00s Real=0.06s
[140.468s][info][gc,start       ] GC(148) Pause Young (Normal) (G1 Evacuation Pause)
[140.468s][info][gc,task        ] GC(148) Using 6 workers of 6 for evacuation
[140.723s][info][gc,mmu         ] GC(148) MMU target violated: 201.0ms (200.0ms/201.0ms)
[140.723s][info][gc,phases      ] GC(148)   Pre Evacuate Collection Set: 0.3ms
[140.723s][info][gc,phases      ] GC(148)   Merge Heap Roots: 0.6ms
[140.723s][info][gc,phases      ] GC(148)   Evacuate Collection Set: 252.6ms
[140.723s][info][gc,phases      ] GC(148)   Post Evacuate Collection Set: 1.3ms
[140.723s][info][gc,phases      ] GC(148)   Other: 0.2ms
[140.723s][info][gc,heap        ] GC(148) Eden regions: 1157->0(976)
[140.723s][info][gc,heap        ] GC(148) Survivor regions: 0->145(145)
[140.723s][info][gc,heap        ] GC(148) Old regions: 76->77
[140.723s][info][gc,heap        ] GC(148) Humongous regions: 81->71
[140.723s][info][gc,metaspace   ] GC(148) Metaspace: 75993K(77120K)->75993K(77120K) NonClass: 66631K(67200K)->66631K(67200K) Class: 9361K(9920K)->9361K(9920K)
[140.723s][info][gc             ] GC(148) Pause Young (Normal) (G1 Evacuation Pause) 2621M->579M(4096M) 255.146ms
[140.723s][info][gc,cpu         ] GC(148) User=1.45s Sys=0.00s Real=0.25s
[142.212s][info][gc,start       ] GC(149) Pause Young (Normal) (G1 Evacuation Pause)
[142.212s][info][gc,task        ] GC(149) Using 6 workers of 6 for evacuation
[142.584s][info][gc,mmu         ] GC(149) MMU target violated: 201.0ms (200.0ms/201.0ms)
[142.584s][info][gc,phases      ] GC(149)   Pre Evacuate Collection Set: 0.3ms
[142.584s][info][gc,phases      ] GC(149)   Merge Heap Roots: 1.0ms
[142.584s][info][gc,phases      ] GC(149)   Evacuate Collection Set: 369.3ms
[142.584s][info][gc,phases      ] GC(149)   Post Evacuate Collection Set: 1.1ms
[142.584s][info][gc,phases      ] GC(149)   Other: 0.2ms
[142.584s][info][gc,heap        ] GC(149) Eden regions: 952->0(97)
[142.584s][info][gc,heap        ] GC(149) Survivor regions: 145->91(138)
[142.584s][info][gc,heap        ] GC(149) Old regions: 77->221
[142.584s][info][gc,heap        ] GC(149) Humongous regions: 160->139
[142.584s][info][gc,metaspace   ] GC(149) Metaspace: 76036K(77120K)->76036K(77120K) NonClass: 66674K(67200K)->66674K(67200K) Class: 9362K(9920K)->9362K(9920K)
[142.584s][info][gc             ] GC(149) Pause Young (Normal) (G1 Evacuation Pause) 2661M->893M(4096M) 371.981ms
[142.584s][info][gc,cpu         ] GC(149) User=2.17s Sys=0.00s Real=0.38s
[142.764s][info][gc,start       ] GC(150) Pause Young (Normal) (G1 Evacuation Pause)
[142.764s][info][gc,task        ] GC(150) Using 6 workers of 6 for evacuation
[142.867s][info][gc,phases      ] GC(150)   Pre Evacuate Collection Set: 0.2ms
[142.867s][info][gc,phases      ] GC(150)   Merge Heap Roots: 0.4ms
[142.867s][info][gc,phases      ] GC(150)   Evacuate Collection Set: 101.2ms
[142.867s][info][gc,phases      ] GC(150)   Post Evacuate Collection Set: 0.6ms
[142.867s][info][gc,phases      ] GC(150)   Other: 0.1ms
[142.867s][info][gc,heap        ] GC(150) Eden regions: 125->0(1136)
[142.867s][info][gc,heap        ] GC(150) Survivor regions: 91->7(27)
[142.867s][info][gc,heap        ] GC(150) Old regions: 221->311
[142.867s][info][gc,heap        ] GC(150) Humongous regions: 146->139
[142.867s][info][gc,metaspace   ] GC(150) Metaspace: 76036K(77120K)->76036K(77120K) NonClass: 66674K(67200K)->66674K(67200K) Class: 9362K(9920K)->9362K(9920K)
[142.867s][info][gc             ] GC(150) Pause Young (Normal) (G1 Evacuation Pause) 1157M->906M(4096M) 102.692ms
[142.867s][info][gc,cpu         ] GC(150) User=0.56s Sys=0.00s Real=0.10s
[143.652s][info][gc,start       ] GC(151) Pause Full (System.gc())
[143.652s][info][gc,task        ] GC(151) Using 6 workers of 6 for full compaction
[143.652s][info][gc,phases,start] GC(151) Phase 1: Mark live objects
[143.680s][info][gc,phases      ] GC(151) Phase 1: Mark live objects 28.396ms
[143.681s][info][gc,phases,start] GC(151) Phase 2: Prepare compaction
[143.682s][info][gc,phases      ] GC(151) Phase 2: Prepare compaction 1.885ms
[143.682s][info][gc,phases,start] GC(151) Phase 3: Adjust pointers
[143.693s][info][gc,phases      ] GC(151) Phase 3: Adjust pointers 10.313ms
[143.693s][info][gc,phases,start] GC(151) Phase 4: Compact heap
[143.695s][info][gc,phases      ] GC(151) Phase 4: Compact heap 2.063ms
[143.695s][info][gc,phases,start] GC(151) Phase 5: Reset Metadata
[143.702s][info][gc,phases      ] GC(151) Phase 5: Reset Metadata 6.972ms
[143.717s][info][gc,heap        ] GC(151) Eden regions: 651->0(1216)
[143.717s][info][gc,heap        ] GC(151) Survivor regions: 7->0(27)
[143.717s][info][gc,heap        ] GC(151) Old regions: 311->76
[143.717s][info][gc,heap        ] GC(151) Humongous regions: 291->3
[143.717s][info][gc,metaspace   ] GC(151) Metaspace: 76039K(77120K)->76039K(77120K) NonClass: 66677K(67200K)->66677K(67200K) Class: 9362K(9920K)->9362K(9920K)
[143.717s][info][gc             ] GC(151) Pause Full (System.gc()) 2511M->151M(4096M) 65.169ms
[143.717s][info][gc,cpu         ] GC(151) User=0.11s Sys=0.00s Real=0.06s
[145.297s][info][gc,start       ] GC(152) Pause Young (Normal) (G1 Evacuation Pause)
[145.297s][info][gc,task        ] GC(152) Using 6 workers of 6 for evacuation
[145.574s][info][gc,mmu         ] GC(152) MMU target violated: 201.0ms (200.0ms/201.0ms)
[145.574s][info][gc,phases      ] GC(152)   Pre Evacuate Collection Set: 0.3ms
[145.574s][info][gc,phases      ] GC(152)   Merge Heap Roots: 0.7ms
[145.574s][info][gc,phases      ] GC(152)   Evacuate Collection Set: 274.5ms
[145.574s][info][gc,phases      ] GC(152)   Post Evacuate Collection Set: 1.2ms
[145.574s][info][gc,phases      ] GC(152)   Other: 0.2ms
[145.574s][info][gc,heap        ] GC(152) Eden regions: 1228->0(1015)
[145.574s][info][gc,heap        ] GC(152) Survivor regions: 0->152(154)
[145.574s][info][gc,heap        ] GC(152) Old regions: 76->76
[145.574s][info][gc,heap        ] GC(152) Humongous regions: 93->83
[145.574s][info][gc,metaspace   ] GC(152) Metaspace: 76053K(77184K)->76053K(77184K) NonClass: 66691K(67264K)->66691K(67264K) Class: 9362K(9920K)->9362K(9920K)
[145.574s][info][gc             ] GC(152) Pause Young (Normal) (G1 Evacuation Pause) 2787M->615M(4096M) 277.072ms
[145.574s][info][gc,cpu         ] GC(152) User=1.64s Sys=0.00s Real=0.28s
[147.191s][info][gc,start       ] GC(153) Pause Young (Normal) (G1 Evacuation Pause)
[147.191s][info][gc,task        ] GC(153) Using 6 workers of 6 for evacuation
[147.555s][info][gc,mmu         ] GC(153) MMU target violated: 201.0ms (200.0ms/201.0ms)
[147.555s][info][gc,phases      ] GC(153)   Pre Evacuate Collection Set: 0.4ms
[147.555s][info][gc,phases      ] GC(153)   Merge Heap Roots: 1.9ms
[147.555s][info][gc,phases      ] GC(153)   Evacuate Collection Set: 360.7ms
[147.555s][info][gc,phases      ] GC(153)   Post Evacuate Collection Set: 1.3ms
[147.555s][info][gc,phases      ] GC(153)   Other: 0.2ms
[147.555s][info][gc,heap        ] GC(153) Eden regions: 966->0(164)
[147.555s][info][gc,heap        ] GC(153) Survivor regions: 152->84(140)
[147.555s][info][gc,heap        ] GC(153) Old regions: 76->227
[147.555s][info][gc,heap        ] GC(153) Humongous regions: 167->139
[147.555s][info][gc,metaspace   ] GC(153) Metaspace: 76068K(77184K)->76068K(77184K) NonClass: 66706K(67264K)->66706K(67264K) Class: 9362K(9920K)->9362K(9920K)
[147.555s][info][gc             ] GC(153) Pause Young (Normal) (G1 Evacuation Pause) 2715M->893M(4096M) 364.669ms
[147.555s][info][gc,cpu         ] GC(153) User=2.08s Sys=0.00s Real=0.36s
[147.686s][info][gc,start       ] GC(154) Pause Young (Normal) (G1 Evacuation Pause)
[147.686s][info][gc,task        ] GC(154) Using 6 workers of 6 for evacuation
[147.810s][info][gc,phases      ] GC(154)   Pre Evacuate Collection Set: 0.3ms
[147.810s][info][gc,phases      ] GC(154)   Merge Heap Roots: 0.5ms
[147.810s][info][gc,phases      ] GC(154)   Evacuate Collection Set: 123.0ms
[147.810s][info][gc,phases      ] GC(154)   Post Evacuate Collection Set: 0.6ms
[147.810s][info][gc,phases      ] GC(154)   Other: 0.1ms
[147.810s][info][gc,heap        ] GC(154) Eden regions: 195->0(869)
[147.810s][info][gc,heap        ] GC(154) Survivor regions: 84->28(35)
[147.810s][info][gc,heap        ] GC(154) Old regions: 227->311
[147.810s][info][gc,heap        ] GC(154) Humongous regions: 145->145
[147.810s][info][gc,metaspace   ] GC(154) Metaspace: 76068K(77184K)->76068K(77184K) NonClass: 66706K(67264K)->66706K(67264K) Class: 9362K(9920K)->9362K(9920K)
[147.810s][info][gc             ] GC(154) Pause Young (Normal) (G1 Evacuation Pause) 1295M->960M(4096M) 124.646ms
[147.810s][info][gc,cpu         ] GC(154) User=0.67s Sys=0.00s Real=0.13s
[148.425s][info][gc,start       ] GC(155) Pause Full (System.gc())
[148.425s][info][gc,task        ] GC(155) Using 6 workers of 6 for full compaction
[148.425s][info][gc,phases,start] GC(155) Phase 1: Mark live objects
[148.453s][info][gc,phases      ] GC(155) Phase 1: Mark live objects 28.098ms
[148.453s][info][gc,phases,start] GC(155) Phase 2: Prepare compaction
[148.455s][info][gc,phases      ] GC(155) Phase 2: Prepare compaction 1.755ms
[148.455s][info][gc,phases,start] GC(155) Phase 3: Adjust pointers
[148.467s][info][gc,phases      ] GC(155) Phase 3: Adjust pointers 11.912ms
[148.467s][info][gc,phases,start] GC(155) Phase 4: Compact heap
[148.469s][info][gc,phases      ] GC(155) Phase 4: Compact heap 1.603ms
[148.469s][info][gc,phases,start] GC(155) Phase 5: Reset Metadata
[148.476s][info][gc,phases      ] GC(155) Phase 5: Reset Metadata 7.341ms
[148.491s][info][gc,heap        ] GC(155) Eden regions: 497->0(1115)
[148.491s][info][gc,heap        ] GC(155) Survivor regions: 28->0(35)
[148.491s][info][gc,heap        ] GC(155) Old regions: 311->76
[148.491s][info][gc,heap        ] GC(155) Humongous regions: 286->3
[148.491s][info][gc,metaspace   ] GC(155) Metaspace: 76069K(77184K)->76069K(77184K) NonClass: 66707K(67264K)->66707K(67264K) Class: 9362K(9920K)->9362K(9920K)
[148.491s][info][gc             ] GC(155) Pause Full (System.gc()) 2235M->151M(4096M) 66.400ms
[148.491s][info][gc,cpu         ] GC(155) User=0.11s Sys=0.00s Real=0.06s
[150.046s][info][gc,start       ] GC(156) Pause Young (Normal) (G1 Evacuation Pause)
[150.046s][info][gc,task        ] GC(156) Using 6 workers of 6 for evacuation
[150.301s][info][gc,mmu         ] GC(156) MMU target violated: 201.0ms (200.0ms/201.0ms)
[150.301s][info][gc,phases      ] GC(156)   Pre Evacuate Collection Set: 0.3ms
[150.301s][info][gc,phases      ] GC(156)   Merge Heap Roots: 0.5ms
[150.301s][info][gc,phases      ] GC(156)   Evacuate Collection Set: 252.0ms
[150.301s][info][gc,phases      ] GC(156)   Post Evacuate Collection Set: 1.7ms
[150.301s][info][gc,phases      ] GC(156)   Other: 0.2ms
[150.301s][info][gc,heap        ] GC(156) Eden regions: 1147->0(979)
[150.301s][info][gc,heap        ] GC(156) Survivor regions: 0->144(144)
[150.301s][info][gc,heap        ] GC(156) Old regions: 76->77
[150.301s][info][gc,heap        ] GC(156) Humongous regions: 81->71
[150.301s][info][gc,metaspace   ] GC(156) Metaspace: 76069K(77184K)->76069K(77184K) NonClass: 66707K(67264K)->66707K(67264K) Class: 9362K(9920K)->9362K(9920K)
[150.301s][info][gc             ] GC(156) Pause Young (Normal) (G1 Evacuation Pause) 2601M->576M(4096M) 254.918ms
[150.301s][info][gc,cpu         ] GC(156) User=1.55s Sys=0.00s Real=0.26s
[151.770s][info][gc,start       ] GC(157) Pause Young (Normal) (G1 Evacuation Pause)
[151.770s][info][gc,task        ] GC(157) Using 6 workers of 6 for evacuation
[152.145s][info][gc,mmu         ] GC(157) MMU target violated: 201.0ms (200.0ms/201.0ms)
[152.146s][info][gc,phases      ] GC(157)   Pre Evacuate Collection Set: 0.3ms
[152.146s][info][gc,phases      ] GC(157)   Merge Heap Roots: 1.1ms
[152.146s][info][gc,phases      ] GC(157)   Evacuate Collection Set: 373.1ms
[152.146s][info][gc,phases      ] GC(157)   Post Evacuate Collection Set: 1.2ms
[152.146s][info][gc,phases      ] GC(157)   Other: 0.3ms
[152.146s][info][gc,heap        ] GC(157) Eden regions: 948->0(97)
[152.146s][info][gc,heap        ] GC(157) Survivor regions: 144->93(137)
[152.146s][info][gc,heap        ] GC(157) Old regions: 77->219
[152.146s][info][gc,heap        ] GC(157) Humongous regions: 160->139
[152.146s][info][gc,metaspace   ] GC(157) Metaspace: 76092K(77184K)->76092K(77184K) NonClass: 66730K(67264K)->66730K(67264K) Class: 9362K(9920K)->9362K(9920K)
[152.146s][info][gc             ] GC(157) Pause Young (Normal) (G1 Evacuation Pause) 2650M->894M(4096M) 376.107ms
[152.146s][info][gc,cpu         ] GC(157) User=2.20s Sys=0.00s Real=0.38s
[152.339s][info][gc,start       ] GC(158) Pause Young (Normal) (G1 Evacuation Pause)
[152.339s][info][gc,task        ] GC(158) Using 6 workers of 6 for evacuation
[152.446s][info][gc,phases      ] GC(158)   Pre Evacuate Collection Set: 0.2ms
[152.446s][info][gc,phases      ] GC(158)   Merge Heap Roots: 0.4ms
[152.446s][info][gc,phases      ] GC(158)   Evacuate Collection Set: 104.8ms
[152.446s][info][gc,phases      ] GC(158)   Post Evacuate Collection Set: 0.8ms
[152.446s][info][gc,phases      ] GC(158)   Other: 0.1ms
[152.446s][info][gc,heap        ] GC(158) Eden regions: 122->0(1044)
[152.446s][info][gc,heap        ] GC(158) Survivor regions: 93->6(27)
[152.446s][info][gc,heap        ] GC(158) Old regions: 219->310
[152.446s][info][gc,heap        ] GC(158) Humongous regions: 146->139
[152.446s][info][gc,metaspace   ] GC(158) Metaspace: 76093K(77184K)->76093K(77184K) NonClass: 66731K(67264K)->66731K(67264K) Class: 9362K(9920K)->9362K(9920K)
[152.446s][info][gc             ] GC(158) Pause Young (Normal) (G1 Evacuation Pause) 1152M->902M(4096M) 106.582ms
[152.446s][info][gc,cpu         ] GC(158) User=0.58s Sys=0.00s Real=0.10s
[153.312s][info][gc,start       ] GC(159) Pause Full (System.gc())
[153.312s][info][gc,task        ] GC(159) Using 6 workers of 6 for full compaction
[153.313s][info][gc,phases,start] GC(159) Phase 1: Mark live objects
[153.342s][info][gc,phases      ] GC(159) Phase 1: Mark live objects 29.301ms
[153.342s][info][gc,phases,start] GC(159) Phase 2: Prepare compaction
[153.344s][info][gc,phases      ] GC(159) Phase 2: Prepare compaction 1.933ms
[153.344s][info][gc,phases,start] GC(159) Phase 3: Adjust pointers
[153.356s][info][gc,phases      ] GC(159) Phase 3: Adjust pointers 11.441ms
[153.356s][info][gc,phases,start] GC(159) Phase 4: Compact heap
[153.357s][info][gc,phases      ] GC(159) Phase 4: Compact heap 1.627ms
[153.357s][info][gc,phases,start] GC(159) Phase 5: Reset Metadata
[153.364s][info][gc,phases      ] GC(159) Phase 5: Reset Metadata 6.466ms
[153.380s][info][gc,heap        ] GC(159) Eden regions: 667->0(1067)
[153.380s][info][gc,heap        ] GC(159) Survivor regions: 6->0(27)
[153.380s][info][gc,heap        ] GC(159) Old regions: 310->76
[153.380s][info][gc,heap        ] GC(159) Humongous regions: 281->3
[153.380s][info][gc,metaspace   ] GC(159) Metaspace: 76093K(77184K)->76093K(77184K) NonClass: 66731K(67264K)->66731K(67264K) Class: 9362K(9920K)->9362K(9920K)
[153.380s][info][gc             ] GC(159) Pause Full (System.gc()) 2519M->151M(4096M) 67.433ms
[153.380s][info][gc,cpu         ] GC(159) User=0.08s Sys=0.00s Real=0.07s
[154.858s][info][gc,start       ] GC(160) Pause Young (Normal) (G1 Evacuation Pause)
[154.858s][info][gc,task        ] GC(160) Using 6 workers of 6 for evacuation
[155.104s][info][gc,mmu         ] GC(160) MMU target violated: 201.0ms (200.0ms/201.0ms)
[155.104s][info][gc,phases      ] GC(160)   Pre Evacuate Collection Set: 0.3ms
[155.104s][info][gc,phases      ] GC(160)   Merge Heap Roots: 0.7ms
[155.104s][info][gc,phases      ] GC(160)   Evacuate Collection Set: 243.9ms
[155.104s][info][gc,phases      ] GC(160)   Post Evacuate Collection Set: 1.1ms
[155.104s][info][gc,phases      ] GC(160)   Other: 0.2ms
[155.104s][info][gc,heap        ] GC(160) Eden regions: 1091->0(962)
[155.104s][info][gc,heap        ] GC(160) Survivor regions: 0->137(137)
[155.104s][info][gc,heap        ] GC(160) Old regions: 76->77
[155.104s][info][gc,heap        ] GC(160) Humongous regions: 81->71
[155.104s][info][gc,metaspace   ] GC(160) Metaspace: 76099K(77184K)->76099K(77184K) NonClass: 66737K(67264K)->66737K(67264K) Class: 9362K(9920K)->9362K(9920K)
[155.104s][info][gc             ] GC(160) Pause Young (Normal) (G1 Evacuation Pause) 2489M->563M(4096M) 246.408ms
[155.104s][info][gc,cpu         ] GC(160) User=1.42s Sys=0.00s Real=0.25s
[156.478s][info][gc,start       ] GC(161) Pause Young (Normal) (G1 Evacuation Pause)
[156.479s][info][gc,task        ] GC(161) Using 6 workers of 6 for evacuation
[156.818s][info][gc,mmu         ] GC(161) MMU target violated: 201.0ms (200.0ms/201.0ms)
[156.818s][info][gc,phases      ] GC(161)   Pre Evacuate Collection Set: 0.4ms
[156.818s][info][gc,phases      ] GC(161)   Merge Heap Roots: 0.9ms
[156.818s][info][gc,phases      ] GC(161)   Evacuate Collection Set: 336.9ms
[156.818s][info][gc,phases      ] GC(161)   Post Evacuate Collection Set: 1.2ms
[156.818s][info][gc,phases      ] GC(161)   Other: 0.2ms
[156.818s][info][gc,heap        ] GC(161) Eden regions: 940->0(136)
[156.818s][info][gc,heap        ] GC(161) Survivor regions: 137->83(135)
[156.818s][info][gc,heap        ] GC(161) Old regions: 77->215
[156.818s][info][gc,heap        ] GC(161) Humongous regions: 148->127
[156.818s][info][gc,metaspace   ] GC(161) Metaspace: 76106K(77184K)->76106K(77184K) NonClass: 66744K(67264K)->66744K(67264K) Class: 9362K(9920K)->9362K(9920K)
[156.818s][info][gc             ] GC(161) Pause Young (Normal) (G1 Evacuation Pause) 2597M->842M(4096M) 339.688ms
[156.818s][info][gc,cpu         ] GC(161) User=1.88s Sys=0.03s Real=0.35s
[157.145s][info][gc,start       ] GC(162) Pause Young (Normal) (G1 Evacuation Pause)
[157.145s][info][gc,task        ] GC(162) Using 6 workers of 6 for evacuation
[157.280s][info][gc,phases      ] GC(162)   Pre Evacuate Collection Set: 0.3ms
[157.280s][info][gc,phases      ] GC(162)   Merge Heap Roots: 0.5ms
[157.280s][info][gc,phases      ] GC(162)   Evacuate Collection Set: 134.1ms
[157.281s][info][gc,phases      ] GC(162)   Post Evacuate Collection Set: 0.8ms
[157.281s][info][gc,phases      ] GC(162)   Other: 0.1ms
[157.281s][info][gc,heap        ] GC(162) Eden regions: 166->0(537)
[157.281s][info][gc,heap        ] GC(162) Survivor regions: 83->17(32)
[157.281s][info][gc,heap        ] GC(162) Old regions: 215->296
[157.281s][info][gc,heap        ] GC(162) Humongous regions: 146->139
[157.281s][info][gc,metaspace   ] GC(162) Metaspace: 76120K(77248K)->76120K(77248K) NonClass: 66758K(67328K)->66758K(67328K) Class: 9362K(9920K)->9362K(9920K)
[157.281s][info][gc             ] GC(162) Pause Young (Normal) (G1 Evacuation Pause) 1212M->897M(4096M) 135.988ms
[157.281s][info][gc,cpu         ] GC(162) User=0.77s Sys=0.00s Real=0.14s
[158.109s][info][gc,start       ] GC(163) Pause Young (Normal) (G1 Evacuation Pause)
[158.109s][info][gc,task        ] GC(163) Using 6 workers of 6 for evacuation
[158.250s][info][gc,phases      ] GC(163)   Pre Evacuate Collection Set: 0.4ms
[158.250s][info][gc,phases      ] GC(163)   Merge Heap Roots: 0.7ms
[158.250s][info][gc,phases      ] GC(163)   Evacuate Collection Set: 138.7ms
[158.250s][info][gc,phases      ] GC(163)   Post Evacuate Collection Set: 0.7ms
[158.250s][info][gc,phases      ] GC(163)   Other: 0.2ms
[158.250s][info][gc,heap        ] GC(163) Eden regions: 558->0(223)
[158.250s][info][gc,heap        ] GC(163) Survivor regions: 17->72(72)
[158.250s][info][gc,heap        ] GC(163) Old regions: 296->301
[158.250s][info][gc,heap        ] GC(163) Humongous regions: 280->194
[158.250s][info][gc,metaspace   ] GC(163) Metaspace: 76121K(77248K)->76121K(77248K) NonClass: 66759K(67328K)->66759K(67328K) Class: 9362K(9920K)->9362K(9920K)
[158.250s][info][gc             ] GC(163) Pause Young (Normal) (G1 Evacuation Pause) 2295M->1126M(4096M) 140.967ms
[158.250s][info][gc,cpu         ] GC(163) User=0.75s Sys=0.00s Real=0.14s
[158.325s][info][gc,start       ] GC(164) Pause Full (System.gc())
[158.325s][info][gc,task        ] GC(164) Using 6 workers of 6 for full compaction
[158.325s][info][gc,phases,start] GC(164) Phase 1: Mark live objects
[158.355s][info][gc,phases      ] GC(164) Phase 1: Mark live objects 29.376ms
[158.355s][info][gc,phases,start] GC(164) Phase 2: Prepare compaction
[158.356s][info][gc,phases      ] GC(164) Phase 2: Prepare compaction 1.329ms
[158.356s][info][gc,phases,start] GC(164) Phase 3: Adjust pointers
[158.366s][info][gc,phases      ] GC(164) Phase 3: Adjust pointers 10.319ms
[158.366s][info][gc,phases,start] GC(164) Phase 4: Compact heap
[158.368s][info][gc,phases      ] GC(164) Phase 4: Compact heap 1.042ms
[158.368s][info][gc,phases,start] GC(164) Phase 5: Reset Metadata
[158.374s][info][gc,phases      ] GC(164) Phase 5: Reset Metadata 6.438ms
[158.389s][info][gc,heap        ] GC(164) Eden regions: 129->0(640)
[158.389s][info][gc,heap        ] GC(164) Survivor regions: 72->0(72)
[158.389s][info][gc,heap        ] GC(164) Old regions: 301->76
[158.389s][info][gc,heap        ] GC(164) Humongous regions: 196->3
[158.389s][info][gc,metaspace   ] GC(164) Metaspace: 76122K(77248K)->76122K(77248K) NonClass: 66760K(67328K)->66760K(67328K) Class: 9362K(9920K)->9362K(9920K)
[158.389s][info][gc             ] GC(164) Pause Full (System.gc()) 1387M->151M(4096M) 64.386ms
[158.389s][info][gc,cpu         ] GC(164) User=0.12s Sys=0.00s Real=0.06s
[158.965s][info][gc,start       ] GC(165) Pause Young (Normal) (G1 Evacuation Pause)
[158.965s][info][gc,task        ] GC(165) Using 6 workers of 6 for evacuation
[159.097s][info][gc,phases      ] GC(165)   Pre Evacuate Collection Set: 0.3ms
[159.097s][info][gc,phases      ] GC(165)   Merge Heap Roots: 0.4ms
[159.097s][info][gc,phases      ] GC(165)   Evacuate Collection Set: 130.4ms
[159.097s][info][gc,phases      ] GC(165)   Post Evacuate Collection Set: 0.8ms
[159.097s][info][gc,phases      ] GC(165)   Other: 0.1ms
[159.097s][info][gc,heap        ] GC(165) Eden regions: 685->0(653)
[159.097s][info][gc,heap        ] GC(165) Survivor regions: 0->81(86)
[159.097s][info][gc,heap        ] GC(165) Old regions: 76->76
[159.097s][info][gc,heap        ] GC(165) Humongous regions: 42->39
[159.097s][info][gc,metaspace   ] GC(165) Metaspace: 76125K(77248K)->76125K(77248K) NonClass: 66763K(67328K)->66763K(67328K) Class: 9362K(9920K)->9362K(9920K)
[159.097s][info][gc             ] GC(165) Pause Young (Normal) (G1 Evacuation Pause) 1599M->384M(4096M) 132.293ms
[159.098s][info][gc,cpu         ] GC(165) User=0.77s Sys=0.00s Real=0.14s
[160.105s][info][gc,start       ] GC(166) Pause Young (Normal) (G1 Evacuation Pause)
[160.105s][info][gc,task        ] GC(166) Using 6 workers of 6 for evacuation
[160.361s][info][gc,mmu         ] GC(166) MMU target violated: 201.0ms (200.0ms/201.0ms)
[160.361s][info][gc,phases      ] GC(166)   Pre Evacuate Collection Set: 0.3ms
[160.361s][info][gc,phases      ] GC(166)   Merge Heap Roots: 0.5ms
[160.361s][info][gc,phases      ] GC(166)   Evacuate Collection Set: 253.4ms
[160.361s][info][gc,phases      ] GC(166)   Post Evacuate Collection Set: 1.3ms
[160.361s][info][gc,phases      ] GC(166)   Other: 0.2ms
[160.361s][info][gc,heap        ] GC(166) Eden regions: 655->0(225)
[160.361s][info][gc,heap        ] GC(166) Survivor regions: 81->87(92)
[160.361s][info][gc,heap        ] GC(166) Old regions: 76->154
[160.361s][info][gc,heap        ] GC(166) Humongous regions: 90->83
[160.361s][info][gc,metaspace   ] GC(166) Metaspace: 76125K(77248K)->76125K(77248K) NonClass: 66763K(67328K)->66763K(67328K) Class: 9362K(9920K)->9362K(9920K)
[160.361s][info][gc             ] GC(166) Pause Young (Normal) (G1 Evacuation Pause) 1796M->641M(4096M) 255.909ms
[160.361s][info][gc,cpu         ] GC(166) User=1.47s Sys=0.00s Real=0.25s
[160.568s][info][gc,start       ] GC(167) Pause Young (Normal) (G1 Evacuation Pause)
[160.568s][info][gc,task        ] GC(167) Using 6 workers of 6 for evacuation
[160.683s][info][gc,phases      ] GC(167)   Pre Evacuate Collection Set: 0.3ms
[160.683s][info][gc,phases      ] GC(167)   Merge Heap Roots: 0.6ms
[160.683s][info][gc,phases      ] GC(167)   Evacuate Collection Set: 113.6ms
[160.683s][info][gc,phases      ] GC(167)   Post Evacuate Collection Set: 0.8ms
[160.683s][info][gc,phases      ] GC(167)   Other: 0.1ms
[160.683s][info][gc,heap        ] GC(167) Eden regions: 236->0(661)
[160.683s][info][gc,heap        ] GC(167) Survivor regions: 87->19(41)
[160.683s][info][gc,heap        ] GC(167) Old regions: 154->240
[160.683s][info][gc,heap        ] GC(167) Humongous regions: 95->95
[160.683s][info][gc,metaspace   ] GC(167) Metaspace: 76125K(77248K)->76125K(77248K) NonClass: 66763K(67328K)->66763K(67328K) Class: 9362K(9920K)->9362K(9920K)
[160.683s][info][gc             ] GC(167) Pause Young (Normal) (G1 Evacuation Pause) 1137M->699M(4096M) 115.646ms
[160.683s][info][gc,cpu         ] GC(167) User=0.56s Sys=0.00s Real=0.10s
[161.942s][info][gc,start       ] GC(168) Pause Young (Normal) (G1 Evacuation Pause)
[161.942s][info][gc,task        ] GC(168) Using 6 workers of 6 for evacuation
[162.136s][info][gc,phases      ] GC(168)   Pre Evacuate Collection Set: 0.3ms
[162.136s][info][gc,phases      ] GC(168)   Merge Heap Roots: 0.5ms
[162.136s][info][gc,phases      ] GC(168)   Evacuate Collection Set: 192.0ms
[162.136s][info][gc,phases      ] GC(168)   Post Evacuate Collection Set: 1.3ms
[162.136s][info][gc,phases      ] GC(168)   Other: 0.1ms
[162.136s][info][gc,heap        ] GC(168) Eden regions: 684->0(147)
[162.136s][info][gc,heap        ] GC(168) Survivor regions: 19->83(88)
[162.136s][info][gc,heap        ] GC(168) Old regions: 240->240
[162.136s][info][gc,heap        ] GC(168) Humongous regions: 167->139
[162.136s][info][gc,metaspace   ] GC(168) Metaspace: 76134K(77248K)->76134K(77248K) NonClass: 66772K(67328K)->66772K(67328K) Class: 9362K(9920K)->9362K(9920K)
[162.136s][info][gc             ] GC(168) Pause Young (Normal) (G1 Evacuation Pause) 2211M->915M(4096M) 194.408ms
[162.136s][info][gc,cpu         ] GC(168) User=1.12s Sys=0.00s Real=0.19s
[162.241s][info][gc,start       ] GC(169) Pause Young (Normal) (G1 Evacuation Pause)
[162.241s][info][gc,task        ] GC(169) Using 6 workers of 6 for evacuation
[162.347s][info][gc,phases      ] GC(169)   Pre Evacuate Collection Set: 0.3ms
[162.347s][info][gc,phases      ] GC(169)   Merge Heap Roots: 0.5ms
[162.347s][info][gc,phases      ] GC(169)   Evacuate Collection Set: 104.4ms
[162.347s][info][gc,phases      ] GC(169)   Post Evacuate Collection Set: 0.5ms
[162.347s][info][gc,phases      ] GC(169)   Other: 0.1ms
[162.347s][info][gc,heap        ] GC(169) Eden regions: 153->0(555)
[162.347s][info][gc,heap        ] GC(169) Survivor regions: 83->24(30)
[162.347s][info][gc,heap        ] GC(169) Old regions: 240->320
[162.347s][info][gc,heap        ] GC(169) Humongous regions: 151->151
[162.347s][info][gc,metaspace   ] GC(169) Metaspace: 76134K(77248K)->76134K(77248K) NonClass: 66772K(67328K)->66772K(67328K) Class: 9362K(9920K)->9362K(9920K)
[162.347s][info][gc             ] GC(169) Pause Young (Normal) (G1 Evacuation Pause) 1245M->982M(4096M) 106.049ms
[162.347s][info][gc,cpu         ] GC(169) User=0.48s Sys=0.00s Real=0.10s
[162.926s][info][gc,start       ] GC(170) Pause Full (System.gc())
[162.926s][info][gc,task        ] GC(170) Using 6 workers of 6 for full compaction
[162.927s][info][gc,phases,start] GC(170) Phase 1: Mark live objects
[162.955s][info][gc,phases      ] GC(170) Phase 1: Mark live objects 28.771ms
[162.955s][info][gc,phases,start] GC(170) Phase 2: Prepare compaction
[162.957s][info][gc,phases      ] GC(170) Phase 2: Prepare compaction 1.762ms
[162.957s][info][gc,phases,start] GC(170) Phase 3: Adjust pointers
[162.968s][info][gc,phases      ] GC(170) Phase 3: Adjust pointers 10.777ms
[162.968s][info][gc,phases,start] GC(170) Phase 4: Compact heap
[162.970s][info][gc,phases      ] GC(170) Phase 4: Compact heap 1.487ms
[162.970s][info][gc,phases,start] GC(170) Phase 5: Reset Metadata
[162.976s][info][gc,phases      ] GC(170) Phase 5: Reset Metadata 6.607ms
[162.992s][info][gc,heap        ] GC(170) Eden regions: 470->0(700)
[162.992s][info][gc,heap        ] GC(170) Survivor regions: 24->0(30)
[162.992s][info][gc,heap        ] GC(170) Old regions: 320->76
[162.992s][info][gc,heap        ] GC(170) Humongous regions: 281->3
[162.992s][info][gc,metaspace   ] GC(170) Metaspace: 76139K(77248K)->76139K(77248K) NonClass: 66777K(67328K)->66777K(67328K) Class: 9362K(9920K)->9362K(9920K)
[162.992s][info][gc             ] GC(170) Pause Full (System.gc()) 2182M->151M(4096M) 65.887ms
[162.992s][info][gc,cpu         ] GC(170) User=0.05s Sys=0.00s Real=0.06s
[163.630s][info][gc,start       ] GC(171) Pause Young (Normal) (G1 Evacuation Pause)
[163.630s][info][gc,task        ] GC(171) Using 6 workers of 6 for evacuation
[163.770s][info][gc,phases      ] GC(171)   Pre Evacuate Collection Set: 0.3ms
[163.770s][info][gc,phases      ] GC(171)   Merge Heap Roots: 0.4ms
[163.770s][info][gc,phases      ] GC(171)   Evacuate Collection Set: 137.7ms
[163.770s][info][gc,phases      ] GC(171)   Post Evacuate Collection Set: 0.9ms
[163.770s][info][gc,phases      ] GC(171)   Other: 0.1ms
[163.770s][info][gc,heap        ] GC(171) Eden regions: 749->0(699)
[163.770s][info][gc,heap        ] GC(171) Survivor regions: 0->84(94)
[163.770s][info][gc,heap        ] GC(171) Old regions: 76->76
[163.770s][info][gc,heap        ] GC(171) Humongous regions: 42->39
[163.770s][info][gc,metaspace   ] GC(171) Metaspace: 76139K(77248K)->76139K(77248K) NonClass: 66777K(67328K)->66777K(67328K) Class: 9362K(9920K)->9362K(9920K)
[163.770s][info][gc             ] GC(171) Pause Young (Normal) (G1 Evacuation Pause) 1727M->391M(4096M) 139.542ms
[163.770s][info][gc,cpu         ] GC(171) User=0.75s Sys=0.00s Real=0.13s
[164.775s][info][gc,start       ] GC(172) Pause Young (Normal) (G1 Evacuation Pause)
[164.775s][info][gc,task        ] GC(172) Using 6 workers of 6 for evacuation
[165.048s][info][gc,mmu         ] GC(172) MMU target violated: 201.0ms (200.0ms/201.0ms)
[165.049s][info][gc,phases      ] GC(172)   Pre Evacuate Collection Set: 0.3ms
[165.049s][info][gc,phases      ] GC(172)   Merge Heap Roots: 0.9ms
[165.049s][info][gc,phases      ] GC(172)   Evacuate Collection Set: 270.7ms
[165.049s][info][gc,phases      ] GC(172)   Post Evacuate Collection Set: 1.1ms
[165.049s][info][gc,phases      ] GC(172)   Other: 0.2ms
[165.049s][info][gc,heap        ] GC(172) Eden regions: 684->0(217)
[165.049s][info][gc,heap        ] GC(172) Survivor regions: 84->91(96)
[165.049s][info][gc,heap        ] GC(172) Old regions: 76->158
[165.049s][info][gc,heap        ] GC(172) Humongous regions: 102->95
[165.049s][info][gc,metaspace   ] GC(172) Metaspace: 76139K(77248K)->76139K(77248K) NonClass: 66777K(67328K)->66777K(67328K) Class: 9362K(9920K)->9362K(9920K)
[165.049s][info][gc             ] GC(172) Pause Young (Normal) (G1 Evacuation Pause) 1885M->681M(4096M) 273.395ms
[165.049s][info][gc,cpu         ] GC(172) User=1.69s Sys=0.00s Real=0.27s
[165.244s][info][gc,start       ] GC(173) Pause Young (Normal) (G1 Evacuation Pause)
[165.244s][info][gc,task        ] GC(173) Using 6 workers of 6 for evacuation
[165.355s][info][gc,phases      ] GC(173)   Pre Evacuate Collection Set: 0.3ms
[165.355s][info][gc,phases      ] GC(173)   Merge Heap Roots: 0.5ms
[165.355s][info][gc,phases      ] GC(173)   Evacuate Collection Set: 109.4ms
[165.355s][info][gc,phases      ] GC(173)   Post Evacuate Collection Set: 0.5ms
[165.355s][info][gc,phases      ] GC(173)   Other: 0.1ms
[165.355s][info][gc,heap        ] GC(173) Eden regions: 226->0(757)
[165.355s][info][gc,heap        ] GC(173) Survivor regions: 91->17(40)
[165.355s][info][gc,heap        ] GC(173) Old regions: 158->247
[165.355s][info][gc,heap        ] GC(173) Humongous regions: 95->95
[165.355s][info][gc,metaspace   ] GC(173) Metaspace: 76139K(77248K)->76139K(77248K) NonClass: 66777K(67328K)->66777K(67328K) Class: 9362K(9920K)->9362K(9920K)
[165.355s][info][gc             ] GC(173) Pause Young (Normal) (G1 Evacuation Pause) 1133M->711M(4096M) 111.015ms
[165.355s][info][gc,cpu         ] GC(173) User=0.59s Sys=0.00s Real=0.11s
[166.820s][info][gc,start       ] GC(174) Pause Young (Normal) (G1 Evacuation Pause)
[166.820s][info][gc,task        ] GC(174) Using 6 workers of 6 for evacuation
[167.058s][info][gc,mmu         ] GC(174) MMU target violated: 201.0ms (200.0ms/201.0ms)
[167.058s][info][gc,phases      ] GC(174)   Pre Evacuate Collection Set: 0.3ms
[167.058s][info][gc,phases      ] GC(174)   Merge Heap Roots: 0.5ms
[167.058s][info][gc,phases      ] GC(174)   Evacuate Collection Set: 235.5ms
[167.058s][info][gc,phases      ] GC(174)   Post Evacuate Collection Set: 0.8ms
[167.058s][info][gc,phases      ] GC(174)   Other: 0.2ms
[167.058s][info][gc,heap        ] GC(174) Eden regions: 786->0(64)
[167.058s][info][gc,heap        ] GC(174) Survivor regions: 17->100(101)
[167.058s][info][gc,heap        ] GC(174) Old regions: 247->247
[167.058s][info][gc,heap        ] GC(174) Humongous regions: 188->160
[167.058s][info][gc,metaspace   ] GC(174) Metaspace: 76147K(77248K)->76147K(77248K) NonClass: 66785K(67328K)->66785K(67328K) Class: 9362K(9920K)->9362K(9920K)
[167.058s][info][gc             ] GC(174) Pause Young (Normal) (G1 Evacuation Pause) 2469M->1006M(4096M) 237.487ms
[167.058s][info][gc,cpu         ] GC(174) User=1.36s Sys=0.00s Real=0.24s
[167.165s][info][gc,start       ] GC(175) Pause Young (Normal) (G1 Evacuation Pause)
[167.165s][info][gc,task        ] GC(175) Using 6 workers of 6 for evacuation
[167.277s][info][gc,phases      ] GC(175)   Pre Evacuate Collection Set: 0.3ms
[167.277s][info][gc,phases      ] GC(175)   Merge Heap Roots: 0.7ms
[167.277s][info][gc,phases      ] GC(175)   Evacuate Collection Set: 110.7ms
[167.277s][info][gc,phases      ] GC(175)   Post Evacuate Collection Set: 0.5ms
[167.277s][info][gc,phases      ] GC(175)   Other: 0.1ms
[167.277s][info][gc,heap        ] GC(175) Eden regions: 69->0(881)
[167.277s][info][gc,heap        ] GC(175) Survivor regions: 100->13(22)
[167.277s][info][gc,heap        ] GC(175) Old regions: 247->345
[167.277s][info][gc,heap        ] GC(175) Humongous regions: 224->192
[167.277s][info][gc,metaspace   ] GC(175) Metaspace: 76149K(77248K)->76149K(77248K) NonClass: 66787K(67328K)->66787K(67328K) Class: 9362K(9920K)->9362K(9920K)
[167.277s][info][gc             ] GC(175) Pause Young (Normal) (G1 Evacuation Pause) 1272M->1092M(4096M) 112.474ms
[167.277s][info][gc,cpu         ] GC(175) User=0.58s Sys=0.00s Real=0.11s
[167.613s][info][gc,start       ] GC(176) Pause Full (System.gc())
[167.613s][info][gc,task        ] GC(176) Using 6 workers of 6 for full compaction
[167.613s][info][gc,phases,start] GC(176) Phase 1: Mark live objects
[167.641s][info][gc,phases      ] GC(176) Phase 1: Mark live objects 28.131ms
[167.641s][info][gc,phases,start] GC(176) Phase 2: Prepare compaction
[167.643s][info][gc,phases      ] GC(176) Phase 2: Prepare compaction 1.587ms
[167.643s][info][gc,phases,start] GC(176) Phase 3: Adjust pointers
[167.654s][info][gc,phases      ] GC(176) Phase 3: Adjust pointers 10.785ms
[167.654s][info][gc,phases,start] GC(176) Phase 4: Compact heap
[167.655s][info][gc,phases      ] GC(176) Phase 4: Compact heap 1.503ms
[167.655s][info][gc,phases,start] GC(176) Phase 5: Reset Metadata
[167.662s][info][gc,phases      ] GC(176) Phase 5: Reset Metadata 6.974ms
[167.678s][info][gc,heap        ] GC(176) Eden regions: 365->0(1044)
[167.678s][info][gc,heap        ] GC(176) Survivor regions: 13->0(22)
[167.678s][info][gc,heap        ] GC(176) Old regions: 345->76
[167.678s][info][gc,heap        ] GC(176) Humongous regions: 246->3
[167.678s][info][gc,metaspace   ] GC(176) Metaspace: 76150K(77248K)->76150K(77248K) NonClass: 66788K(67328K)->66788K(67328K) Class: 9362K(9920K)->9362K(9920K)
[167.678s][info][gc             ] GC(176) Pause Full (System.gc()) 1929M->151M(4096M) 65.401ms
[167.678s][info][gc,cpu         ] GC(176) User=0.11s Sys=0.00s Real=0.06s
[169.138s][info][gc,start       ] GC(177) Pause Young (Normal) (G1 Evacuation Pause)
[169.138s][info][gc,task        ] GC(177) Using 6 workers of 6 for evacuation
[169.383s][info][gc,mmu         ] GC(177) MMU target violated: 201.0ms (200.0ms/201.0ms)
[169.383s][info][gc,phases      ] GC(177)   Pre Evacuate Collection Set: 0.3ms
[169.383s][info][gc,phases      ] GC(177)   Merge Heap Roots: 0.6ms
[169.383s][info][gc,phases      ] GC(177)   Evacuate Collection Set: 243.1ms
[169.383s][info][gc,phases      ] GC(177)   Post Evacuate Collection Set: 1.2ms
[169.383s][info][gc,phases      ] GC(177)   Other: 0.2ms
[169.383s][info][gc,heap        ] GC(177) Eden regions: 1085->0(852)
[169.383s][info][gc,heap        ] GC(177) Survivor regions: 0->136(136)
[169.383s][info][gc,heap        ] GC(177) Old regions: 76->77
[169.383s][info][gc,heap        ] GC(177) Humongous regions: 81->71
[169.383s][info][gc,metaspace   ] GC(177) Metaspace: 76156K(77248K)->76156K(77248K) NonClass: 66794K(67328K)->66794K(67328K) Class: 9362K(9920K)->9362K(9920K)
[169.384s][info][gc             ] GC(177) Pause Young (Normal) (G1 Evacuation Pause) 2477M->561M(4096M) 245.560ms
[169.384s][info][gc,cpu         ] GC(177) User=1.38s Sys=0.00s Real=0.24s
[170.613s][info][gc,start       ] GC(178) Pause Young (Normal) (G1 Evacuation Pause)
[170.613s][info][gc,task        ] GC(178) Using 6 workers of 6 for evacuation
[170.917s][info][gc,mmu         ] GC(178) MMU target violated: 201.0ms (200.0ms/201.0ms)
[170.917s][info][gc,phases      ] GC(178)   Pre Evacuate Collection Set: 0.3ms
[170.917s][info][gc,phases      ] GC(178)   Merge Heap Roots: 0.9ms
[170.917s][info][gc,phases      ] GC(178)   Evacuate Collection Set: 301.7ms
[170.917s][info][gc,phases      ] GC(178)   Post Evacuate Collection Set: 1.1ms
[170.917s][info][gc,phases      ] GC(178)   Other: 0.2ms
[170.917s][info][gc,heap        ] GC(178) Eden regions: 830->0(210)
[170.917s][info][gc,heap        ] GC(178) Survivor regions: 136->72(121)
[170.917s][info][gc,heap        ] GC(178) Old regions: 77->215
[170.917s][info][gc,heap        ] GC(178) Humongous regions: 133->119
[170.917s][info][gc,metaspace   ] GC(178) Metaspace: 76177K(77312K)->76177K(77312K) NonClass: 66815K(67392K)->66815K(67392K) Class: 9362K(9920K)->9362K(9920K)
[170.917s][info][gc             ] GC(178) Pause Young (Normal) (G1 Evacuation Pause) 2345M->803M(4096M) 304.471ms
[170.917s][info][gc,cpu         ] GC(178) User=1.78s Sys=0.00s Real=0.30s
[171.288s][info][gc,start       ] GC(179) Pause Young (Normal) (G1 Evacuation Pause)
[171.288s][info][gc,task        ] GC(179) Using 6 workers of 6 for evacuation
[171.439s][info][gc,phases      ] GC(179)   Pre Evacuate Collection Set: 0.3ms
[171.439s][info][gc,phases      ] GC(179)   Merge Heap Roots: 0.6ms
[171.439s][info][gc,phases      ] GC(179)   Evacuate Collection Set: 149.8ms
[171.439s][info][gc,phases      ] GC(179)   Post Evacuate Collection Set: 0.6ms
[171.439s][info][gc,phases      ] GC(179)   Other: 0.1ms
[171.439s][info][gc,heap        ] GC(179) Eden regions: 228->0(384)
[171.439s][info][gc,heap        ] GC(179) Survivor regions: 72->29(38)
[171.439s][info][gc,heap        ] GC(179) Old regions: 215->285
[171.439s][info][gc,heap        ] GC(179) Humongous regions: 146->139
[171.439s][info][gc,metaspace   ] GC(179) Metaspace: 76200K(77312K)->76200K(77312K) NonClass: 66837K(67392K)->66837K(67392K) Class: 9362K(9920K)->9362K(9920K)
[171.439s][info][gc             ] GC(179) Pause Young (Normal) (G1 Evacuation Pause) 1313M->899M(4096M) 151.561ms
[171.440s][info][gc,cpu         ] GC(179) User=0.86s Sys=0.00s Real=0.16s
[172.087s][info][gc,start       ] GC(180) Pause Young (Normal) (G1 Evacuation Pause)
[172.087s][info][gc,task        ] GC(180) Using 6 workers of 6 for evacuation
[172.218s][info][gc,phases      ] GC(180)   Pre Evacuate Collection Set: 0.3ms
[172.218s][info][gc,phases      ] GC(180)   Merge Heap Roots: 0.4ms
[172.218s][info][gc,phases      ] GC(180)   Evacuate Collection Set: 129.6ms
[172.218s][info][gc,phases      ] GC(180)   Post Evacuate Collection Set: 0.7ms
[172.218s][info][gc,phases      ] GC(180)   Other: 0.1ms
[172.218s][info][gc,heap        ] GC(180) Eden regions: 401->0(322)
[172.218s][info][gc,heap        ] GC(180) Survivor regions: 29->49(54)
[172.218s][info][gc,heap        ] GC(180) Old regions: 285->314
[172.218s][info][gc,heap        ] GC(180) Humongous regions: 276->209
[172.218s][info][gc,metaspace   ] GC(180) Metaspace: 76260K(77376K)->76260K(77376K) NonClass: 66896K(67456K)->66896K(67456K) Class: 9364K(9920K)->9364K(9920K)
[172.218s][info][gc             ] GC(180) Pause Young (Normal) (G1 Evacuation Pause) 1975M->1134M(4096M) 131.293ms
[172.218s][info][gc,cpu         ] GC(180) User=0.75s Sys=0.00s Real=0.13s
[172.471s][info][gc,start       ] GC(181) Pause Full (System.gc())
[172.471s][info][gc,task        ] GC(181) Using 6 workers of 6 for full compaction
[172.471s][info][gc,phases,start] GC(181) Phase 1: Mark live objects
[172.500s][info][gc,phases      ] GC(181) Phase 1: Mark live objects 28.759ms
[172.500s][info][gc,phases,start] GC(181) Phase 2: Prepare compaction
[172.501s][info][gc,phases      ] GC(181) Phase 2: Prepare compaction 1.502ms
[172.501s][info][gc,phases,start] GC(181) Phase 3: Adjust pointers
[172.514s][info][gc,phases      ] GC(181) Phase 3: Adjust pointers 12.132ms
[172.514s][info][gc,phases,start] GC(181) Phase 4: Compact heap
[172.515s][info][gc,phases      ] GC(181) Phase 4: Compact heap 1.532ms
[172.515s][info][gc,phases,start] GC(181) Phase 5: Reset Metadata
[172.523s][info][gc,phases      ] GC(181) Phase 5: Reset Metadata 7.471ms
[172.538s][info][gc,heap        ] GC(181) Eden regions: 339->0(530)
[172.538s][info][gc,heap        ] GC(181) Survivor regions: 49->0(54)
[172.538s][info][gc,heap        ] GC(181) Old regions: 314->76
[172.538s][info][gc,heap        ] GC(181) Humongous regions: 231->3
[172.538s][info][gc,metaspace   ] GC(181) Metaspace: 76262K(77376K)->76262K(77376K) NonClass: 66898K(67456K)->66898K(67456K) Class: 9364K(9920K)->9364K(9920K)
[172.538s][info][gc             ] GC(181) Pause Full (System.gc()) 1856M->151M(4096M) 67.616ms
[172.538s][info][gc,cpu         ] GC(181) User=0.12s Sys=0.00s Real=0.08s
[173.011s][info][gc,start       ] GC(182) Pause Young (Normal) (G1 Evacuation Pause)
[173.011s][info][gc,task        ] GC(182) Using 6 workers of 6 for evacuation
[173.128s][info][gc,phases      ] GC(182)   Pre Evacuate Collection Set: 0.3ms
[173.129s][info][gc,phases      ] GC(182)   Merge Heap Roots: 0.4ms
[173.129s][info][gc,phases      ] GC(182)   Evacuate Collection Set: 115.8ms
[173.129s][info][gc,phases      ] GC(182)   Post Evacuate Collection Set: 0.7ms
[173.129s][info][gc,phases      ] GC(182)   Other: 0.1ms
[173.129s][info][gc,heap        ] GC(182) Eden regions: 560->0(560)
[173.129s][info][gc,heap        ] GC(182) Survivor regions: 0->70(70)
[173.129s][info][gc,heap        ] GC(182) Old regions: 76->81
[173.129s][info][gc,heap        ] GC(182) Humongous regions: 42->39
[173.129s][info][gc,metaspace   ] GC(182) Metaspace: 76275K(77376K)->76275K(77376K) NonClass: 66910K(67456K)->66910K(67456K) Class: 9364K(9920K)->9364K(9920K)
[173.129s][info][gc             ] GC(182) Pause Young (Normal) (G1 Evacuation Pause) 1349M->372M(4096M) 117.546ms
[173.129s][info][gc,cpu         ] GC(182) User=0.66s Sys=0.00s Real=0.11s
[174.069s][info][gc,start       ] GC(183) Pause Young (Normal) (G1 Evacuation Pause)
[174.069s][info][gc,task        ] GC(183) Using 6 workers of 6 for evacuation
[174.280s][info][gc,mmu         ] GC(183) MMU target violated: 201.0ms (200.0ms/201.0ms)
[174.280s][info][gc,phases      ] GC(183)   Pre Evacuate Collection Set: 0.3ms
[174.280s][info][gc,phases      ] GC(183)   Merge Heap Roots: 0.5ms
[174.280s][info][gc,phases      ] GC(183)   Evacuate Collection Set: 208.5ms
[174.280s][info][gc,phases      ] GC(183)   Post Evacuate Collection Set: 1.3ms
[174.280s][info][gc,phases      ] GC(183)   Other: 0.2ms
[174.280s][info][gc,heap        ] GC(183) Eden regions: 567->0(232)
[174.280s][info][gc,heap        ] GC(183) Survivor regions: 70->73(80)
[174.280s][info][gc,heap        ] GC(183) Old regions: 81->150
[174.280s][info][gc,heap        ] GC(183) Humongous regions: 78->71
[174.280s][info][gc,metaspace   ] GC(183) Metaspace: 76280K(77376K)->76280K(77376K) NonClass: 66915K(67456K)->66915K(67456K) Class: 9364K(9920K)->9364K(9920K)
[174.280s][info][gc             ] GC(183) Pause Young (Normal) (G1 Evacuation Pause) 1584M->580M(4096M) 210.894ms
[174.280s][info][gc,cpu         ] GC(183) User=1.19s Sys=0.00s Real=0.20s
[174.503s][info][gc,start       ] GC(184) Pause Young (Normal) (G1 Evacuation Pause)
[174.503s][info][gc,task        ] GC(184) Using 6 workers of 6 for evacuation
[174.627s][info][gc,phases      ] GC(184)   Pre Evacuate Collection Set: 0.3ms
[174.627s][info][gc,phases      ] GC(184)   Merge Heap Roots: 0.6ms
[174.627s][info][gc,phases      ] GC(184)   Evacuate Collection Set: 121.7ms
[174.627s][info][gc,phases      ] GC(184)   Post Evacuate Collection Set: 0.7ms
[174.627s][info][gc,phases      ] GC(184)   Other: 0.1ms
[174.627s][info][gc,heap        ] GC(184) Eden regions: 245->0(550)
[174.627s][info][gc,heap        ] GC(184) Survivor regions: 73->26(40)
[174.627s][info][gc,heap        ] GC(184) Old regions: 150->222
[174.627s][info][gc,heap        ] GC(184) Humongous regions: 95->95
[174.627s][info][gc,metaspace   ] GC(184) Metaspace: 76280K(77376K)->76280K(77376K) NonClass: 66915K(67456K)->66915K(67456K) Class: 9364K(9920K)->9364K(9920K)
[174.627s][info][gc             ] GC(184) Pause Young (Normal) (G1 Evacuation Pause) 1118M->678M(4096M) 123.567ms
[174.627s][info][gc,cpu         ] GC(184) User=0.73s Sys=0.00s Real=0.13s
[175.619s][info][gc,start       ] GC(185) Pause Young (Normal) (G1 Evacuation Pause)
[175.620s][info][gc,task        ] GC(185) Using 6 workers of 6 for evacuation
[175.793s][info][gc,phases      ] GC(185)   Pre Evacuate Collection Set: 0.3ms
[175.794s][info][gc,phases      ] GC(185)   Merge Heap Roots: 0.4ms
[175.794s][info][gc,phases      ] GC(185)   Evacuate Collection Set: 172.1ms
[175.794s][info][gc,phases      ] GC(185)   Post Evacuate Collection Set: 1.1ms
[175.794s][info][gc,phases      ] GC(185)   Other: 0.1ms
[175.794s][info][gc,heap        ] GC(185) Eden regions: 571->0(138)
[175.794s][info][gc,heap        ] GC(185) Survivor regions: 26->75(75)
[175.794s][info][gc,heap        ] GC(185) Old regions: 222->223
[175.794s][info][gc,heap        ] GC(185) Humongous regions: 141->127
[175.794s][info][gc,metaspace   ] GC(185) Metaspace: 76289K(77376K)->76289K(77376K) NonClass: 66923K(67456K)->66923K(67456K) Class: 9366K(9920K)->9366K(9920K)
[175.794s][info][gc             ] GC(185) Pause Young (Normal) (G1 Evacuation Pause) 1912M->843M(4096M) 174.185ms
[175.794s][info][gc,cpu         ] GC(185) User=0.98s Sys=0.00s Real=0.17s
[175.999s][info][gc,start       ] GC(186) Pause Young (Normal) (G1 Evacuation Pause)
[175.999s][info][gc,task        ] GC(186) Using 6 workers of 6 for evacuation
[176.129s][info][gc,phases      ] GC(186)   Pre Evacuate Collection Set: 0.4ms
[176.129s][info][gc,phases      ] GC(186)   Merge Heap Roots: 0.4ms
[176.129s][info][gc,phases      ] GC(186)   Evacuate Collection Set: 128.4ms
[176.129s][info][gc,phases      ] GC(186)   Post Evacuate Collection Set: 0.7ms
[176.129s][info][gc,phases      ] GC(186)   Other: 0.1ms
[176.129s][info][gc,heap        ] GC(186) Eden regions: 140->0(550)
[176.129s][info][gc,heap        ] GC(186) Survivor regions: 75->22(27)
[176.129s][info][gc,heap        ] GC(186) Old regions: 223->296
[176.129s][info][gc,heap        ] GC(186) Humongous regions: 146->139
[176.129s][info][gc,metaspace   ] GC(186) Metaspace: 76293K(77376K)->76293K(77376K) NonClass: 66927K(67456K)->66927K(67456K) Class: 9366K(9920K)->9366K(9920K)
[176.129s][info][gc             ] GC(186) Pause Young (Normal) (G1 Evacuation Pause) 1161M->906M(4096M) 130.194ms
[176.129s][info][gc,cpu         ] GC(186) User=0.72s Sys=0.00s Real=0.14s
[177.127s][info][gc,start       ] GC(187) Pause Young (Normal) (G1 Evacuation Pause)
[177.127s][info][gc,task        ] GC(187) Using 6 workers of 6 for evacuation
[177.280s][info][gc,phases      ] GC(187)   Pre Evacuate Collection Set: 0.4ms
[177.280s][info][gc,phases      ] GC(187)   Merge Heap Roots: 0.8ms
[177.280s][info][gc,phases      ] GC(187)   Evacuate Collection Set: 151.3ms
[177.280s][info][gc,phases      ] GC(187)   Post Evacuate Collection Set: 0.8ms
[177.280s][info][gc,phases      ] GC(187)   Other: 0.1ms
[177.280s][info][gc,heap        ] GC(187) Eden regions: 548->0(180)
[177.280s][info][gc,heap        ] GC(187) Survivor regions: 22->72(72)
[177.280s][info][gc,heap        ] GC(187) Old regions: 296->308
[177.280s][info][gc,heap        ] GC(187) Humongous regions: 284->191
[177.280s][info][gc,metaspace   ] GC(187) Metaspace: 76295K(77376K)->76295K(77376K) NonClass: 66929K(67456K)->66929K(67456K) Class: 9366K(9920K)->9366K(9920K)
[177.280s][info][gc             ] GC(187) Pause Young (Normal) (G1 Evacuation Pause) 2292M->1134M(4096M) 153.655ms
[177.280s][info][gc,cpu         ] GC(187) User=0.84s Sys=0.00s Real=0.16s
[177.416s][info][gc,start       ] GC(188) Pause Young (Normal) (G1 Evacuation Pause)
[177.416s][info][gc,task        ] GC(188) Using 6 workers of 6 for evacuation
[177.518s][info][gc,phases      ] GC(188)   Pre Evacuate Collection Set: 0.5ms
[177.518s][info][gc,phases      ] GC(188)   Merge Heap Roots: 0.5ms
[177.518s][info][gc,phases      ] GC(188)   Evacuate Collection Set: 101.0ms
[177.518s][info][gc,phases      ] GC(188)   Post Evacuate Collection Set: 0.6ms
[177.518s][info][gc,phases      ] GC(188)   Other: 0.1ms
[177.518s][info][gc,heap        ] GC(188) Eden regions: 210->0(675)
[177.518s][info][gc,heap        ] GC(188) Survivor regions: 72->22(36)
[177.519s][info][gc,heap        ] GC(188) Old regions: 308->380
[177.519s][info][gc,heap        ] GC(188) Humongous regions: 193->193
[177.519s][info][gc,metaspace   ] GC(188) Metaspace: 76295K(77376K)->76295K(77376K) NonClass: 66929K(67456K)->66929K(67456K) Class: 9366K(9920K)->9366K(9920K)
[177.519s][info][gc             ] GC(188) Pause Young (Normal) (G1 Evacuation Pause) 1558M->1183M(4096M) 102.932ms
[177.519s][info][gc,cpu         ] GC(188) User=0.38s Sys=0.00s Real=0.11s
[177.538s][info][gc,start       ] GC(189) Pause Full (System.gc())
[177.538s][info][gc,task        ] GC(189) Using 6 workers of 6 for full compaction
[177.538s][info][gc,phases,start] GC(189) Phase 1: Mark live objects
[177.566s][info][gc,phases      ] GC(189) Phase 1: Mark live objects 28.168ms
[177.567s][info][gc,phases,start] GC(189) Phase 2: Prepare compaction
[177.568s][info][gc,phases      ] GC(189) Phase 2: Prepare compaction 1.296ms
[177.568s][info][gc,phases,start] GC(189) Phase 3: Adjust pointers
[177.579s][info][gc,phases      ] GC(189) Phase 3: Adjust pointers 10.702ms
[177.579s][info][gc,phases,start] GC(189) Phase 4: Compact heap
[177.580s][info][gc,phases      ] GC(189) Phase 4: Compact heap 1.085ms
[177.580s][info][gc,phases,start] GC(189) Phase 5: Reset Metadata
[177.587s][info][gc,phases      ] GC(189) Phase 5: Reset Metadata 7.505ms
[177.603s][info][gc,heap        ] GC(189) Eden regions: 40->0(811)
[177.603s][info][gc,heap        ] GC(189) Survivor regions: 22->0(36)
[177.603s][info][gc,heap        ] GC(189) Old regions: 380->76
[177.603s][info][gc,heap        ] GC(189) Humongous regions: 193->3
[177.603s][info][gc,metaspace   ] GC(189) Metaspace: 76295K(77376K)->76295K(77376K) NonClass: 66929K(67456K)->66929K(67456K) Class: 9366K(9920K)->9366K(9920K)
[177.603s][info][gc             ] GC(189) Pause Full (System.gc()) 1263M->151M(4096M) 64.967ms
[177.603s][info][gc,cpu         ] GC(189) User=0.03s Sys=0.00s Real=0.06s
[178.323s][info][gc,start       ] GC(190) Pause Young (Normal) (G1 Evacuation Pause)
[178.324s][info][gc,task        ] GC(190) Using 6 workers of 6 for evacuation
[178.470s][info][gc,phases      ] GC(190)   Pre Evacuate Collection Set: 0.3ms
[178.470s][info][gc,phases      ] GC(190)   Merge Heap Roots: 0.4ms
[178.470s][info][gc,phases      ] GC(190)   Evacuate Collection Set: 145.2ms
[178.470s][info][gc,phases      ] GC(190)   Post Evacuate Collection Set: 0.8ms
[178.470s][info][gc,phases      ] GC(190)   Other: 0.1ms
[178.470s][info][gc,heap        ] GC(190) Eden regions: 843->0(792)
[178.470s][info][gc,heap        ] GC(190) Survivor regions: 0->88(106)
[178.470s][info][gc,heap        ] GC(190) Old regions: 76->76
[178.470s][info][gc,heap        ] GC(190) Humongous regions: 42->39
[178.470s][info][gc,metaspace   ] GC(190) Metaspace: 76299K(77376K)->76299K(77376K) NonClass: 66933K(67456K)->66933K(67456K) Class: 9366K(9920K)->9366K(9920K)
[178.470s][info][gc             ] GC(190) Pause Young (Normal) (G1 Evacuation Pause) 1915M->399M(4096M) 146.987ms
[178.470s][info][gc,cpu         ] GC(190) User=0.84s Sys=0.00s Real=0.14s
[179.543s][info][gc,start       ] GC(191) Pause Young (Normal) (G1 Evacuation Pause)
[179.543s][info][gc,task        ] GC(191) Using 6 workers of 6 for evacuation
[179.830s][info][gc,mmu         ] GC(191) MMU target violated: 201.0ms (200.0ms/201.0ms)
[179.830s][info][gc,phases      ] GC(191)   Pre Evacuate Collection Set: 0.3ms
[179.830s][info][gc,phases      ] GC(191)   Merge Heap Roots: 0.7ms
[179.830s][info][gc,phases      ] GC(191)   Evacuate Collection Set: 284.6ms
[179.830s][info][gc,phases      ] GC(191)   Post Evacuate Collection Set: 0.9ms
[179.830s][info][gc,phases      ] GC(191)   Other: 0.2ms
[179.830s][info][gc,heap        ] GC(191) Eden regions: 776->0(170)
[179.830s][info][gc,heap        ] GC(191) Survivor regions: 88->97(108)
[179.830s][info][gc,heap        ] GC(191) Old regions: 76->163
[179.830s][info][gc,heap        ] GC(191) Humongous regions: 102->95
[179.830s][info][gc,metaspace   ] GC(191) Metaspace: 76301K(77376K)->76301K(77376K) NonClass: 66935K(67456K)->66935K(67456K) Class: 9366K(9920K)->9366K(9920K)
[179.830s][info][gc             ] GC(191) Pause Young (Normal) (G1 Evacuation Pause) 2077M->702M(4096M) 286.792ms
[179.830s][info][gc,cpu         ] GC(191) User=1.69s Sys=0.00s Real=0.28s
[180.323s][info][gc,start       ] GC(192) Pause Young (Normal) (G1 Evacuation Pause)
[180.323s][info][gc,task        ] GC(192) Using 6 workers of 6 for evacuation
[180.466s][info][gc,phases      ] GC(192)   Pre Evacuate Collection Set: 0.3ms
[180.466s][info][gc,phases      ] GC(192)   Merge Heap Roots: 0.5ms
[180.466s][info][gc,phases      ] GC(192)   Evacuate Collection Set: 141.7ms
[180.466s][info][gc,phases      ] GC(192)   Post Evacuate Collection Set: 0.6ms
[180.466s][info][gc,phases      ] GC(192)   Other: 0.1ms
[180.466s][info][gc,heap        ] GC(192) Eden regions: 181->0(804)
[180.466s][info][gc,heap        ] GC(192) Survivor regions: 97->15(35)
[180.466s][info][gc,heap        ] GC(192) Old regions: 163->256
[180.466s][info][gc,heap        ] GC(192) Humongous regions: 114->107
[180.466s][info][gc,metaspace   ] GC(192) Metaspace: 76302K(77376K)->76302K(77376K) NonClass: 66936K(67456K)->66936K(67456K) Class: 9366K(9920K)->9366K(9920K)
[180.466s][info][gc             ] GC(192) Pause Young (Normal) (G1 Evacuation Pause) 1102M->747M(4096M) 143.369ms
[180.466s][info][gc,cpu         ] GC(192) User=0.80s Sys=0.00s Real=0.15s
[181.736s][info][gc,start       ] GC(193) Pause Young (Normal) (G1 Evacuation Pause)
[181.736s][info][gc,task        ] GC(193) Using 6 workers of 6 for evacuation
[181.982s][info][gc,mmu         ] GC(193) MMU target violated: 201.0ms (200.0ms/201.0ms)
[181.983s][info][gc,phases      ] GC(193)   Pre Evacuate Collection Set: 0.4ms
[181.983s][info][gc,phases      ] GC(193)   Merge Heap Roots: 1.1ms
[181.983s][info][gc,phases      ] GC(193)   Evacuate Collection Set: 244.0ms
[181.983s][info][gc,phases      ] GC(193)   Post Evacuate Collection Set: 1.2ms
[181.983s][info][gc,phases      ] GC(193)   Other: 0.2ms
[181.983s][info][gc,heap        ] GC(193) Eden regions: 788->0(24)
[181.983s][info][gc,heap        ] GC(193) Survivor regions: 15->101(101)
[181.983s][info][gc,heap        ] GC(193) Old regions: 256->263
[181.983s][info][gc,heap        ] GC(193) Humongous regions: 296->204
[181.983s][info][gc,metaspace   ] GC(193) Metaspace: 76309K(77440K)->76309K(77440K) NonClass: 66942K(67520K)->66942K(67520K) Class: 9367K(9920K)->9367K(9920K)
[181.983s][info][gc             ] GC(193) Pause Young (Normal) (G1 Evacuation Pause) 2701M->1129M(4096M) 247.048ms
[181.983s][info][gc,cpu         ] GC(193) User=1.41s Sys=0.02s Real=0.25s
[182.017s][info][gc,start       ] GC(194) Pause Young (Normal) (G1 Evacuation Pause)
[182.017s][info][gc,task        ] GC(194) Using 6 workers of 6 for evacuation
[182.126s][info][gc,phases      ] GC(194)   Pre Evacuate Collection Set: 0.4ms
[182.126s][info][gc,phases      ] GC(194)   Merge Heap Roots: 0.6ms
[182.126s][info][gc,phases      ] GC(194)   Evacuate Collection Set: 107.0ms
[182.126s][info][gc,phases      ] GC(194)   Post Evacuate Collection Set: 0.4ms
[182.126s][info][gc,phases      ] GC(194)   Other: 0.1ms
[182.126s][info][gc,heap        ] GC(194) Eden regions: 31->0(660)
[182.126s][info][gc,heap        ] GC(194) Survivor regions: 101->12(17)
[182.126s][info][gc,heap        ] GC(194) Old regions: 263->366
[182.126s][info][gc,heap        ] GC(194) Humongous regions: 210->198
[182.126s][info][gc,metaspace   ] GC(194) Metaspace: 76309K(77440K)->76309K(77440K) NonClass: 66942K(67520K)->66942K(67520K) Class: 9367K(9920K)->9367K(9920K)
[182.126s][info][gc             ] GC(194) Pause Young (Normal) (G1 Evacuation Pause) 1203M->1144M(4096M) 108.680ms
[182.126s][info][gc,cpu         ] GC(194) User=0.56s Sys=0.00s Real=0.11s
[182.292s][info][gc,start       ] GC(195) Pause Full (System.gc())
[182.292s][info][gc,task        ] GC(195) Using 6 workers of 6 for full compaction
[182.292s][info][gc,phases,start] GC(195) Phase 1: Mark live objects
[182.321s][info][gc,phases      ] GC(195) Phase 1: Mark live objects 28.903ms
[182.321s][info][gc,phases,start] GC(195) Phase 2: Prepare compaction
[182.323s][info][gc,phases      ] GC(195) Phase 2: Prepare compaction 1.478ms
[182.323s][info][gc,phases,start] GC(195) Phase 3: Adjust pointers
[182.334s][info][gc,phases      ] GC(195) Phase 3: Adjust pointers 11.009ms
[182.334s][info][gc,phases,start] GC(195) Phase 4: Compact heap
[182.335s][info][gc,phases      ] GC(195) Phase 4: Compact heap 1.347ms
[182.335s][info][gc,phases,start] GC(195) Phase 5: Reset Metadata
[182.341s][info][gc,phases      ] GC(195) Phase 5: Reset Metadata 6.243ms
[182.357s][info][gc,heap        ] GC(195) Eden regions: 263->0(729)
[182.357s][info][gc,heap        ] GC(195) Survivor regions: 12->0(17)
[182.357s][info][gc,heap        ] GC(195) Old regions: 366->76
[182.357s][info][gc,heap        ] GC(195) Humongous regions: 200->3
[182.357s][info][gc,metaspace   ] GC(195) Metaspace: 76309K(77440K)->76309K(77440K) NonClass: 66942K(67520K)->66942K(67520K) Class: 9367K(9920K)->9367K(9920K)
[182.357s][info][gc             ] GC(195) Pause Full (System.gc()) 1673M->151M(4096M) 65.068ms
[182.357s][info][gc,cpu         ] GC(195) User=0.12s Sys=0.00s Real=0.06s
[183.005s][info][gc,start       ] GC(196) Pause Young (Normal) (G1 Evacuation Pause)
[183.005s][info][gc,task        ] GC(196) Using 6 workers of 6 for evacuation
[183.145s][info][gc,phases      ] GC(196)   Pre Evacuate Collection Set: 0.3ms
[183.145s][info][gc,phases      ] GC(196)   Merge Heap Roots: 0.4ms
[183.145s][info][gc,phases      ] GC(196)   Evacuate Collection Set: 138.2ms
[183.145s][info][gc,phases      ] GC(196)   Post Evacuate Collection Set: 0.9ms
[183.145s][info][gc,phases      ] GC(196)   Other: 0.1ms
[183.145s][info][gc,heap        ] GC(196) Eden regions: 772->0(726)
[183.145s][info][gc,heap        ] GC(196) Survivor regions: 0->85(97)
[183.145s][info][gc,heap        ] GC(196) Old regions: 76->76
[183.145s][info][gc,heap        ] GC(196) Humongous regions: 42->39
[183.145s][info][gc,metaspace   ] GC(196) Metaspace: 76311K(77440K)->76311K(77440K) NonClass: 66944K(67520K)->66944K(67520K) Class: 9367K(9920K)->9367K(9920K)
[183.145s][info][gc             ] GC(196) Pause Young (Normal) (G1 Evacuation Pause) 1773M->393M(4096M) 140.153ms
[183.145s][info][gc,cpu         ] GC(196) User=0.67s Sys=0.00s Real=0.13s
[184.172s][info][gc,start       ] GC(197) Pause Young (Normal) (G1 Evacuation Pause)
[184.173s][info][gc,task        ] GC(197) Using 6 workers of 6 for evacuation
[184.451s][info][gc,mmu         ] GC(197) MMU target violated: 201.0ms (200.0ms/201.0ms)
[184.451s][info][gc,phases      ] GC(197)   Pre Evacuate Collection Set: 0.3ms
[184.451s][info][gc,phases      ] GC(197)   Merge Heap Roots: 0.8ms
[184.451s][info][gc,phases      ] GC(197)   Evacuate Collection Set: 275.9ms
[184.451s][info][gc,phases      ] GC(197)   Post Evacuate Collection Set: 1.4ms
[184.451s][info][gc,phases      ] GC(197)   Other: 0.2ms
[184.451s][info][gc,heap        ] GC(197) Eden regions: 718->0(188)
[184.451s][info][gc,heap        ] GC(197) Survivor regions: 85->93(101)
[184.451s][info][gc,heap        ] GC(197) Old regions: 76->159
[184.451s][info][gc,heap        ] GC(197) Humongous regions: 102->95
[184.451s][info][gc,metaspace   ] GC(197) Metaspace: 76313K(77440K)->76313K(77440K) NonClass: 66946K(67520K)->66946K(67520K) Class: 9367K(9920K)->9367K(9920K)
[184.451s][info][gc             ] GC(197) Pause Young (Normal) (G1 Evacuation Pause) 1955M->686M(4096M) 278.831ms
[184.451s][info][gc,cpu         ] GC(197) User=1.58s Sys=0.00s Real=0.27s
[184.636s][info][gc,start       ] GC(198) Pause Young (Normal) (G1 Evacuation Pause)
[184.636s][info][gc,task        ] GC(198) Using 6 workers of 6 for evacuation
[184.749s][info][gc,phases      ] GC(198)   Pre Evacuate Collection Set: 0.3ms
[184.749s][info][gc,phases      ] GC(198)   Merge Heap Roots: 0.4ms
[184.749s][info][gc,phases      ] GC(198)   Evacuate Collection Set: 111.6ms
[184.749s][info][gc,phases      ] GC(198)   Post Evacuate Collection Set: 0.6ms
[184.749s][info][gc,phases      ] GC(198)   Other: 0.1ms
[184.749s][info][gc,heap        ] GC(198) Eden regions: 213->0(781)
[184.749s][info][gc,heap        ] GC(198) Survivor regions: 93->16(39)
[184.749s][info][gc,heap        ] GC(198) Old regions: 159->250
[184.749s][info][gc,heap        ] GC(198) Humongous regions: 95->95
[184.749s][info][gc,metaspace   ] GC(198) Metaspace: 76313K(77440K)->76313K(77440K) NonClass: 66946K(67520K)->66946K(67520K) Class: 9367K(9920K)->9367K(9920K)
[184.750s][info][gc             ] GC(198) Pause Young (Normal) (G1 Evacuation Pause) 1112M->714M(4096M) 113.208ms
[184.750s][info][gc,cpu         ] GC(198) User=0.69s Sys=0.00s Real=0.11s
[186.311s][info][gc,start       ] GC(199) Pause Young (Normal) (G1 Evacuation Pause)
[186.311s][info][gc,task        ] GC(199) Using 6 workers of 6 for evacuation
[186.568s][info][gc,mmu         ] GC(199) MMU target violated: 201.0ms (200.0ms/201.0ms)
[186.568s][info][gc,phases      ] GC(199)   Pre Evacuate Collection Set: 0.4ms
[186.568s][info][gc,phases      ] GC(199)   Merge Heap Roots: 0.6ms
[186.568s][info][gc,phases      ] GC(199)   Evacuate Collection Set: 255.3ms
[186.568s][info][gc,phases      ] GC(199)   Post Evacuate Collection Set: 1.0ms
[186.568s][info][gc,phases      ] GC(199)   Other: 0.2ms
[186.568s][info][gc,heap        ] GC(199) Eden regions: 793->0(15)
[186.568s][info][gc,heap        ] GC(199) Survivor regions: 16->102(102)
[186.568s][info][gc,heap        ] GC(199) Old regions: 250->252
[186.568s][info][gc,heap        ] GC(199) Humongous regions: 253->196
[186.568s][info][gc,metaspace   ] GC(199) Metaspace: 76318K(77440K)->76318K(77440K) NonClass: 66951K(67520K)->66951K(67520K) Class: 9367K(9920K)->9367K(9920K)
[186.568s][info][gc             ] GC(199) Pause Young (Normal) (G1 Evacuation Pause) 2616M->1092M(4096M) 257.667ms
[186.568s][info][gc,cpu         ] GC(199) User=1.50s Sys=0.00s Real=0.25s
[186.589s][info][gc,start       ] GC(200) Pause Young (Normal) (G1 Evacuation Pause)
[186.589s][info][gc,task        ] GC(200) Using 6 workers of 6 for evacuation
[186.693s][info][gc,phases      ] GC(200)   Pre Evacuate Collection Set: 0.3ms
[186.693s][info][gc,phases      ] GC(200)   Merge Heap Roots: 0.5ms
[186.693s][info][gc,phases      ] GC(200)   Evacuate Collection Set: 102.3ms
[186.693s][info][gc,phases      ] GC(200)   Post Evacuate Collection Set: 0.5ms
[186.693s][info][gc,phases      ] GC(200)   Other: 0.1ms
[186.693s][info][gc,heap        ] GC(200) Eden regions: 20->0(401)
[186.693s][info][gc,heap        ] GC(200) Survivor regions: 102->5(16)
[186.693s][info][gc,heap        ] GC(200) Old regions: 252->354
[186.693s][info][gc,heap        ] GC(200) Humongous regions: 217->208
[186.693s][info][gc,metaspace   ] GC(200) Metaspace: 76320K(77440K)->76320K(77440K) NonClass: 66953K(67520K)->66953K(67520K) Class: 9367K(9920K)->9367K(9920K)
[186.693s][info][gc             ] GC(200) Pause Young (Normal) (G1 Evacuation Pause) 1174M->1126M(4096M) 103.733ms
[186.693s][info][gc,cpu         ] GC(200) User=0.58s Sys=0.00s Real=0.11s
[187.006s][info][gc,start       ] GC(201) Pause Full (System.gc())
[187.006s][info][gc,task        ] GC(201) Using 6 workers of 6 for full compaction
[187.006s][info][gc,phases,start] GC(201) Phase 1: Mark live objects
[187.035s][info][gc,phases      ] GC(201) Phase 1: Mark live objects 28.733ms
[187.035s][info][gc,phases,start] GC(201) Phase 2: Prepare compaction
[187.036s][info][gc,phases      ] GC(201) Phase 2: Prepare compaction 1.663ms
[187.037s][info][gc,phases,start] GC(201) Phase 3: Adjust pointers
[187.047s][info][gc,phases      ] GC(201) Phase 3: Adjust pointers 10.916ms
[187.047s][info][gc,phases,start] GC(201) Phase 4: Compact heap
[187.049s][info][gc,phases      ] GC(201) Phase 4: Compact heap 1.390ms
[187.049s][info][gc,phases,start] GC(201) Phase 5: Reset Metadata
[187.055s][info][gc,phases      ] GC(201) Phase 5: Reset Metadata 6.322ms
[187.071s][info][gc,heap        ] GC(201) Eden regions: 368->0(413)
[187.071s][info][gc,heap        ] GC(201) Survivor regions: 5->0(16)
[187.071s][info][gc,heap        ] GC(201) Old regions: 354->76
[187.071s][info][gc,heap        ] GC(201) Humongous regions: 248->3
[187.071s][info][gc,metaspace   ] GC(201) Metaspace: 76320K(77440K)->76320K(77440K) NonClass: 66953K(67520K)->66953K(67520K) Class: 9367K(9920K)->9367K(9920K)
[187.071s][info][gc             ] GC(201) Pause Full (System.gc()) 1940M->151M(4096M) 64.974ms
[187.071s][info][gc,cpu         ] GC(201) User=0.12s Sys=0.00s Real=0.06s
[187.451s][info][gc,start       ] GC(202) Pause Young (Normal) (G1 Evacuation Pause)
[187.451s][info][gc,task        ] GC(202) Using 6 workers of 6 for evacuation
[187.549s][info][gc,phases      ] GC(202)   Pre Evacuate Collection Set: 0.3ms
[187.549s][info][gc,phases      ] GC(202)   Merge Heap Roots: 0.4ms
[187.549s][info][gc,phases      ] GC(202)   Evacuate Collection Set: 96.9ms
[187.549s][info][gc,phases      ] GC(202)   Post Evacuate Collection Set: 0.6ms
[187.549s][info][gc,phases      ] GC(202)   Other: 0.1ms
[187.549s][info][gc,heap        ] GC(202) Eden regions: 440->0(450)
[187.549s][info][gc,heap        ] GC(202) Survivor regions: 0->55(55)
[187.549s][info][gc,heap        ] GC(202) Old regions: 76->87
[187.549s][info][gc,heap        ] GC(202) Humongous regions: 42->39
[187.549s][info][gc,metaspace   ] GC(202) Metaspace: 76324K(77440K)->76324K(77440K) NonClass: 66956K(67520K)->66956K(67520K) Class: 9367K(9920K)->9367K(9920K)
[187.549s][info][gc             ] GC(202) Pause Young (Normal) (G1 Evacuation Pause) 1109M->354M(4096M) 98.483ms
[187.549s][info][gc,cpu         ] GC(202) User=0.52s Sys=0.00s Real=0.09s
[188.348s][info][gc,start       ] GC(203) Pause Young (Normal) (G1 Evacuation Pause)
[188.348s][info][gc,task        ] GC(203) Using 6 workers of 6 for evacuation
[188.477s][info][gc,phases      ] GC(203)   Pre Evacuate Collection Set: 0.3ms
[188.477s][info][gc,phases      ] GC(203)   Merge Heap Roots: 0.3ms
[188.477s][info][gc,phases      ] GC(203)   Evacuate Collection Set: 127.6ms
[188.477s][info][gc,phases      ] GC(203)   Post Evacuate Collection Set: 0.9ms
[188.477s][info][gc,phases      ] GC(203)   Other: 0.1ms
[188.477s][info][gc,heap        ] GC(203) Eden regions: 468->0(411)
[188.477s][info][gc,heap        ] GC(203) Survivor regions: 55->30(66)
[188.477s][info][gc,heap        ] GC(203) Old regions: 87->143
[188.477s][info][gc,heap        ] GC(203) Humongous regions: 54->47
[188.477s][info][gc,metaspace   ] GC(203) Metaspace: 76325K(77440K)->76325K(77440K) NonClass: 66958K(67520K)->66958K(67520K) Class: 9367K(9920K)->9367K(9920K)
[188.477s][info][gc             ] GC(203) Pause Young (Normal) (G1 Evacuation Pause) 1320M->432M(4096M) 129.404ms
[188.477s][info][gc,cpu         ] GC(203) User=0.70s Sys=0.00s Real=0.12s
[188.902s][info][gc,start       ] GC(204) Pause Young (Normal) (G1 Evacuation Pause)
[188.902s][info][gc,task        ] GC(204) Using 6 workers of 6 for evacuation
[189.044s][info][gc,phases      ] GC(204)   Pre Evacuate Collection Set: 0.3ms
[189.044s][info][gc,phases      ] GC(204)   Merge Heap Roots: 0.5ms
[189.044s][info][gc,phases      ] GC(204)   Evacuate Collection Set: 140.3ms
[189.044s][info][gc,phases      ] GC(204)   Post Evacuate Collection Set: 0.9ms
[189.044s][info][gc,phases      ] GC(204)   Other: 0.1ms
[189.044s][info][gc,heap        ] GC(204) Eden regions: 422->0(323)
[189.044s][info][gc,heap        ] GC(204) Survivor regions: 30->57(57)
[189.044s][info][gc,heap        ] GC(204) Old regions: 143->185
[189.044s][info][gc,heap        ] GC(204) Humongous regions: 83->83
[189.044s][info][gc,metaspace   ] GC(204) Metaspace: 76325K(77440K)->76325K(77440K) NonClass: 66958K(67520K)->66958K(67520K) Class: 9367K(9920K)->9367K(9920K)
[189.044s][info][gc             ] GC(204) Pause Young (Normal) (G1 Evacuation Pause) 1348M->643M(4096M) 142.235ms
[189.044s][info][gc,cpu         ] GC(204) User=0.77s Sys=0.00s Real=0.14s
[189.331s][info][gc,start       ] GC(205) Pause Young (Normal) (G1 Evacuation Pause)
[189.331s][info][gc,task        ] GC(205) Using 6 workers of 6 for evacuation
[189.441s][info][gc,phases      ] GC(205)   Pre Evacuate Collection Set: 0.3ms
[189.441s][info][gc,phases      ] GC(205)   Merge Heap Roots: 0.7ms
[189.441s][info][gc,phases      ] GC(205)   Evacuate Collection Set: 108.9ms
[189.441s][info][gc,phases      ] GC(205)   Post Evacuate Collection Set: 0.6ms
[189.441s][info][gc,phases      ] GC(205)   Other: 0.1ms
[189.441s][info][gc,heap        ] GC(205) Eden regions: 325->0(508)
[189.442s][info][gc,heap        ] GC(205) Survivor regions: 57->25(48)
[189.442s][info][gc,heap        ] GC(205) Old regions: 185->244
[189.442s][info][gc,heap        ] GC(205) Humongous regions: 95->95
[189.442s][info][gc,metaspace   ] GC(205) Metaspace: 76325K(77440K)->76325K(77440K) NonClass: 66958K(67520K)->66958K(67520K) Class: 9367K(9920K)->9367K(9920K)
[189.442s][info][gc             ] GC(205) Pause Young (Normal) (G1 Evacuation Pause) 1317M->720M(4096M) 110.797ms
[189.442s][info][gc,cpu         ] GC(205) User=0.58s Sys=0.00s Real=0.11s
[190.565s][info][gc,start       ] GC(206) Pause Young (Normal) (G1 Evacuation Pause)
[190.565s][info][gc,task        ] GC(206) Using 6 workers of 6 for evacuation
[190.741s][info][gc,phases      ] GC(206)   Pre Evacuate Collection Set: 0.3ms
[190.741s][info][gc,phases      ] GC(206)   Merge Heap Roots: 0.5ms
[190.741s][info][gc,phases      ] GC(206)   Evacuate Collection Set: 173.9ms
[190.741s][info][gc,phases      ] GC(206)   Post Evacuate Collection Set: 0.8ms
[190.741s][info][gc,phases      ] GC(206)   Other: 0.1ms
[190.741s][info][gc,heap        ] GC(206) Eden regions: 511->0(278)
[190.741s][info][gc,heap        ] GC(206) Survivor regions: 25->67(67)
[190.741s][info][gc,heap        ] GC(206) Old regions: 244->251
[190.741s][info][gc,heap        ] GC(206) Humongous regions: 167->139
[190.741s][info][gc,metaspace   ] GC(206) Metaspace: 76328K(77440K)->76328K(77440K) NonClass: 66960K(67520K)->66960K(67520K) Class: 9367K(9920K)->9367K(9920K)
[190.741s][info][gc             ] GC(206) Pause Young (Normal) (G1 Evacuation Pause) 1886M->906M(4096M) 175.836ms
[190.741s][info][gc,cpu         ] GC(206) User=1.03s Sys=0.00s Real=0.17s
[191.058s][info][gc,start       ] GC(207) Pause Young (Normal) (G1 Evacuation Pause)
[191.058s][info][gc,task        ] GC(207) Using 6 workers of 6 for evacuation
[191.189s][info][gc,phases      ] GC(207)   Pre Evacuate Collection Set: 0.3ms
[191.189s][info][gc,phases      ] GC(207)   Merge Heap Roots: 0.5ms
[191.189s][info][gc,phases      ] GC(207)   Evacuate Collection Set: 129.8ms
[191.189s][info][gc,phases      ] GC(207)   Post Evacuate Collection Set: 0.6ms
[191.189s][info][gc,phases      ] GC(207)   Other: 0.1ms
[191.189s][info][gc,heap        ] GC(207) Eden regions: 276->0(454)
[191.189s][info][gc,heap        ] GC(207) Survivor regions: 67->36(43)
[191.189s][info][gc,heap        ] GC(207) Old regions: 251->319
[191.189s][info][gc,heap        ] GC(207) Humongous regions: 153->153
[191.189s][info][gc,metaspace   ] GC(207) Metaspace: 76328K(77440K)->76328K(77440K) NonClass: 66960K(67520K)->66960K(67520K) Class: 9367K(9920K)->9367K(9920K)
[191.189s][info][gc             ] GC(207) Pause Young (Normal) (G1 Evacuation Pause) 1486M->1008M(4096M) 131.503ms
[191.189s][info][gc,cpu         ] GC(207) User=0.81s Sys=0.00s Real=0.14s
[191.670s][info][gc,start       ] GC(208) Pause Full (System.gc())
[191.670s][info][gc,task        ] GC(208) Using 6 workers of 6 for full compaction
[191.670s][info][gc,phases,start] GC(208) Phase 1: Mark live objects
[191.699s][info][gc,phases      ] GC(208) Phase 1: Mark live objects 28.477ms
[191.699s][info][gc,phases,start] GC(208) Phase 2: Prepare compaction
[191.700s][info][gc,phases      ] GC(208) Phase 2: Prepare compaction 1.617ms
[191.700s][info][gc,phases,start] GC(208) Phase 3: Adjust pointers
[191.714s][info][gc,phases      ] GC(208) Phase 3: Adjust pointers 13.662ms
[191.714s][info][gc,phases,start] GC(208) Phase 4: Compact heap
[191.716s][info][gc,phases      ] GC(208) Phase 4: Compact heap 1.763ms
[191.716s][info][gc,phases,start] GC(208) Phase 5: Reset Metadata
[191.723s][info][gc,phases      ] GC(208) Phase 5: Reset Metadata 7.399ms
[191.739s][info][gc,heap        ] GC(208) Eden regions: 444->0(651)
[191.739s][info][gc,heap        ] GC(208) Survivor regions: 36->0(43)
[191.739s][info][gc,heap        ] GC(208) Old regions: 319->76
[191.739s][info][gc,heap        ] GC(208) Humongous regions: 278->3
[191.739s][info][gc,metaspace   ] GC(208) Metaspace: 76330K(77440K)->76330K(77440K) NonClass: 66962K(67520K)->66962K(67520K) Class: 9367K(9920K)->9367K(9920K)
[191.739s][info][gc             ] GC(208) Pause Full (System.gc()) 2145M->151M(4096M) 69.329ms
[191.739s][info][gc,cpu         ] GC(208) User=0.19s Sys=0.00s Real=0.08s
[192.316s][info][gc,start       ] GC(209) Pause Young (Normal) (G1 Evacuation Pause)
[192.316s][info][gc,task        ] GC(209) Using 6 workers of 6 for evacuation
[192.448s][info][gc,phases      ] GC(209)   Pre Evacuate Collection Set: 0.3ms
[192.448s][info][gc,phases      ] GC(209)   Merge Heap Roots: 0.4ms
[192.448s][info][gc,phases      ] GC(209)   Evacuate Collection Set: 130.9ms
[192.448s][info][gc,phases      ] GC(209)   Post Evacuate Collection Set: 0.7ms
[192.448s][info][gc,phases      ] GC(209)   Other: 0.2ms
[192.448s][info][gc,heap        ] GC(209) Eden regions: 681->0(657)
[192.448s][info][gc,heap        ] GC(209) Survivor regions: 0->81(86)
[192.448s][info][gc,heap        ] GC(209) Old regions: 76->76
[192.448s][info][gc,heap        ] GC(209) Humongous regions: 42->39
[192.449s][info][gc,metaspace   ] GC(209) Metaspace: 76336K(77440K)->76336K(77440K) NonClass: 66968K(67520K)->66968K(67520K) Class: 9367K(9920K)->9367K(9920K)
[192.449s][info][gc             ] GC(209) Pause Young (Normal) (G1 Evacuation Pause) 1591M->385M(4096M) 132.663ms
[192.449s][info][gc,cpu         ] GC(209) User=0.77s Sys=0.00s Real=0.14s
[193.413s][info][gc,start       ] GC(210) Pause Young (Normal) (G1 Evacuation Pause)
[193.414s][info][gc,task        ] GC(210) Using 6 workers of 6 for evacuation
[193.662s][info][gc,mmu         ] GC(210) MMU target violated: 201.0ms (200.0ms/201.0ms)
[193.662s][info][gc,phases      ] GC(210)   Pre Evacuate Collection Set: 0.3ms
[193.662s][info][gc,phases      ] GC(210)   Merge Heap Roots: 0.6ms
[193.662s][info][gc,phases      ] GC(210)   Evacuate Collection Set: 246.8ms
[193.662s][info][gc,phases      ] GC(210)   Post Evacuate Collection Set: 1.0ms
[193.662s][info][gc,phases      ] GC(210)   Other: 0.1ms
[193.662s][info][gc,heap        ] GC(210) Eden regions: 642->0(240)
[193.662s][info][gc,heap        ] GC(210) Survivor regions: 81->85(91)
[193.662s][info][gc,heap        ] GC(210) Old regions: 76->153
[193.662s][info][gc,heap        ] GC(210) Humongous regions: 90->83
[193.662s][info][gc,metaspace   ] GC(210) Metaspace: 76336K(77440K)->76336K(77440K) NonClass: 66969K(67520K)->66969K(67520K) Class: 9367K(9920K)->9367K(9920K)
[193.662s][info][gc             ] GC(210) Pause Young (Normal) (G1 Evacuation Pause) 1771M->635M(4096M) 249.027ms
[193.663s][info][gc,cpu         ] GC(210) User=1.42s Sys=0.00s Real=0.25s
[193.875s][info][gc,start       ] GC(211) Pause Young (Normal) (G1 Evacuation Pause)
[193.875s][info][gc,task        ] GC(211) Using 6 workers of 6 for evacuation
[193.992s][info][gc,phases      ] GC(211)   Pre Evacuate Collection Set: 0.3ms
[193.993s][info][gc,phases      ] GC(211)   Merge Heap Roots: 0.7ms
[193.993s][info][gc,phases      ] GC(211)   Evacuate Collection Set: 115.6ms
[193.993s][info][gc,phases      ] GC(211)   Post Evacuate Collection Set: 0.8ms
[193.993s][info][gc,phases      ] GC(211)   Other: 0.1ms
[193.993s][info][gc,heap        ] GC(211) Eden regions: 241->0(672)
[193.993s][info][gc,heap        ] GC(211) Survivor regions: 85->20(41)
[193.993s][info][gc,heap        ] GC(211) Old regions: 153->238
[193.993s][info][gc,heap        ] GC(211) Humongous regions: 95->95
[193.993s][info][gc,metaspace   ] GC(211) Metaspace: 76336K(77440K)->76336K(77440K) NonClass: 66969K(67520K)->66969K(67520K) Class: 9367K(9920K)->9367K(9920K)
[193.993s][info][gc             ] GC(211) Pause Young (Normal) (G1 Evacuation Pause) 1141M->698M(4096M) 117.694ms
[193.993s][info][gc,cpu         ] GC(211) User=0.67s Sys=0.00s Real=0.13s
[195.245s][info][gc,start       ] GC(212) Pause Young (Normal) (G1 Evacuation Pause)
[195.245s][info][gc,task        ] GC(212) Using 6 workers of 6 for evacuation
[195.442s][info][gc,phases      ] GC(212)   Pre Evacuate Collection Set: 0.3ms
[195.442s][info][gc,phases      ] GC(212)   Merge Heap Roots: 0.5ms
[195.442s][info][gc,phases      ] GC(212)   Evacuate Collection Set: 194.2ms
[195.442s][info][gc,phases      ] GC(212)   Post Evacuate Collection Set: 1.1ms
[195.442s][info][gc,phases      ] GC(212)   Other: 0.1ms
[195.442s][info][gc,heap        ] GC(212) Eden regions: 684->0(147)
[195.442s][info][gc,heap        ] GC(212) Survivor regions: 20->83(88)
[195.442s][info][gc,heap        ] GC(212) Old regions: 238->238
[195.442s][info][gc,heap        ] GC(212) Humongous regions: 167->139
[195.442s][info][gc,metaspace   ] GC(212) Metaspace: 76337K(77440K)->76337K(77440K) NonClass: 66969K(67520K)->66969K(67520K) Class: 9367K(9920K)->9367K(9920K)
[195.442s][info][gc             ] GC(212) Pause Young (Normal) (G1 Evacuation Pause) 2210M->912M(4096M) 196.630ms
[195.442s][info][gc,cpu         ] GC(212) User=1.16s Sys=0.00s Real=0.20s
[195.547s][info][gc,start       ] GC(213) Pause Young (Normal) (G1 Evacuation Pause)
[195.547s][info][gc,task        ] GC(213) Using 6 workers of 6 for evacuation
[195.656s][info][gc,phases      ] GC(213)   Pre Evacuate Collection Set: 0.3ms
[195.656s][info][gc,phases      ] GC(213)   Merge Heap Roots: 0.5ms
[195.656s][info][gc,phases      ] GC(213)   Evacuate Collection Set: 107.8ms
[195.656s][info][gc,phases      ] GC(213)   Post Evacuate Collection Set: 0.5ms
[195.656s][info][gc,phases      ] GC(213)   Other: 0.1ms
[195.656s][info][gc,heap        ] GC(213) Eden regions: 156->0(620)
[195.656s][info][gc,heap        ] GC(213) Survivor regions: 83->25(30)
[195.656s][info][gc,heap        ] GC(213) Old regions: 238->319
[195.656s][info][gc,heap        ] GC(213) Humongous regions: 149->149
[195.657s][info][gc,metaspace   ] GC(213) Metaspace: 76337K(77440K)->76337K(77440K) NonClass: 66969K(67520K)->66969K(67520K) Class: 9367K(9920K)->9367K(9920K)
[195.657s][info][gc             ] GC(213) Pause Young (Normal) (G1 Evacuation Pause) 1244M->977M(4096M) 109.251ms
[195.657s][info][gc,cpu         ] GC(213) User=0.58s Sys=0.00s Real=0.11s
[196.294s][info][gc,start       ] GC(214) Pause Full (System.gc())
[196.294s][info][gc,task        ] GC(214) Using 6 workers of 6 for full compaction
[196.294s][info][gc,phases,start] GC(214) Phase 1: Mark live objects
[196.322s][info][gc,phases      ] GC(214) Phase 1: Mark live objects 28.024ms
[196.322s][info][gc,phases,start] GC(214) Phase 2: Prepare compaction
[196.324s][info][gc,phases      ] GC(214) Phase 2: Prepare compaction 1.751ms
[196.324s][info][gc,phases,start] GC(214) Phase 3: Adjust pointers
[196.338s][info][gc,phases      ] GC(214) Phase 3: Adjust pointers 13.277ms
[196.338s][info][gc,phases,start] GC(214) Phase 4: Compact heap
[196.339s][info][gc,phases      ] GC(214) Phase 4: Compact heap 1.827ms
[196.339s][info][gc,phases,start] GC(214) Phase 5: Reset Metadata
[196.346s][info][gc,phases      ] GC(214) Phase 5: Reset Metadata 6.364ms
[196.361s][info][gc,heap        ] GC(214) Eden regions: 478->0(838)
[196.361s][info][gc,heap        ] GC(214) Survivor regions: 25->0(30)
[196.361s][info][gc,heap        ] GC(214) Old regions: 319->76
[196.361s][info][gc,heap        ] GC(214) Humongous regions: 284->3
[196.361s][info][gc,metaspace   ] GC(214) Metaspace: 76343K(77440K)->76343K(77440K) NonClass: 66975K(67520K)->66975K(67520K) Class: 9367K(9920K)->9367K(9920K)
[196.361s][info][gc             ] GC(214) Pause Full (System.gc()) 2203M->151M(4096M) 67.196ms
[196.361s][info][gc,cpu         ] GC(214) User=0.14s Sys=0.00s Real=0.07s
[197.570s][info][gc,start       ] GC(215) Pause Young (Normal) (G1 Evacuation Pause)
[197.570s][info][gc,task        ] GC(215) Using 6 workers of 6 for evacuation
[197.744s][info][gc,phases      ] GC(215)   Pre Evacuate Collection Set: 0.3ms
[197.744s][info][gc,phases      ] GC(215)   Merge Heap Roots: 0.4ms
[197.744s][info][gc,phases      ] GC(215)   Evacuate Collection Set: 172.2ms
[197.744s][info][gc,phases      ] GC(215)   Post Evacuate Collection Set: 0.9ms
[197.744s][info][gc,phases      ] GC(215)   Other: 0.1ms
[197.744s][info][gc,heap        ] GC(215) Eden regions: 880->0(797)
[197.744s][info][gc,heap        ] GC(215) Survivor regions: 0->89(110)
[197.744s][info][gc,heap        ] GC(215) Old regions: 76->76
[197.744s][info][gc,heap        ] GC(215) Humongous regions: 54->47
[197.744s][info][gc,metaspace   ] GC(215) Metaspace: 76343K(77440K)->76343K(77440K) NonClass: 66975K(67520K)->66975K(67520K) Class: 9367K(9920K)->9367K(9920K)
[197.744s][info][gc             ] GC(215) Pause Young (Normal) (G1 Evacuation Pause) 2013M->416M(4096M) 174.162ms
[197.744s][info][gc,cpu         ] GC(215) User=0.97s Sys=0.00s Real=0.17s
[198.498s][info][gc,start       ] GC(216) Pause Young (Normal) (G1 Evacuation Pause)
[198.498s][info][gc,task        ] GC(216) Using 6 workers of 6 for evacuation
[198.769s][info][gc,mmu         ] GC(216) MMU target violated: 201.0ms (200.0ms/201.0ms)
[198.769s][info][gc,phases      ] GC(216)   Pre Evacuate Collection Set: 0.3ms
[198.769s][info][gc,phases      ] GC(216)   Merge Heap Roots: 0.8ms
[198.769s][info][gc,phases      ] GC(216)   Evacuate Collection Set: 268.3ms
[198.769s][info][gc,phases      ] GC(216)   Post Evacuate Collection Set: 0.9ms
[198.769s][info][gc,phases      ] GC(216)   Other: 0.2ms
[198.769s][info][gc,heap        ] GC(216) Eden regions: 788->0(173)
[198.769s][info][gc,heap        ] GC(216) Survivor regions: 89->97(110)
[198.769s][info][gc,heap        ] GC(216) Old regions: 76->165
[198.769s][info][gc,heap        ] GC(216) Humongous regions: 98->95
[198.769s][info][gc,metaspace   ] GC(216) Metaspace: 76344K(77440K)->76344K(77440K) NonClass: 66976K(67520K)->66976K(67520K) Class: 9367K(9920K)->9367K(9920K)
[198.769s][info][gc             ] GC(216) Pause Young (Normal) (G1 Evacuation Pause) 2094M->707M(4096M) 270.621ms
[198.769s][info][gc,cpu         ] GC(216) User=1.55s Sys=0.00s Real=0.27s
[199.331s][info][gc,start       ] GC(217) Pause Young (Normal) (G1 Evacuation Pause)
[199.331s][info][gc,task        ] GC(217) Using 6 workers of 6 for evacuation
[199.496s][info][gc,phases      ] GC(217)   Pre Evacuate Collection Set: 0.3ms
[199.496s][info][gc,phases      ] GC(217)   Merge Heap Roots: 0.5ms
[199.496s][info][gc,phases      ] GC(217)   Evacuate Collection Set: 163.2ms
[199.496s][info][gc,phases      ] GC(217)   Post Evacuate Collection Set: 0.6ms
[199.496s][info][gc,phases      ] GC(217)   Other: 0.1ms
[199.496s][info][gc,heap        ] GC(217) Eden regions: 191->0(742)
[199.496s][info][gc,heap        ] GC(217) Survivor regions: 97->23(36)
[199.496s][info][gc,heap        ] GC(217) Old regions: 165->260
[199.496s][info][gc,heap        ] GC(217) Humongous regions: 122->115
[199.496s][info][gc,metaspace   ] GC(217) Metaspace: 76344K(77440K)->76344K(77440K) NonClass: 66976K(67520K)->66976K(67520K) Class: 9367K(9920K)->9367K(9920K)
[199.496s][info][gc             ] GC(217) Pause Young (Normal) (G1 Evacuation Pause) 1143M->789M(4096M) 164.857ms
[199.496s][info][gc,cpu         ] GC(217) User=0.95s Sys=0.00s Real=0.17s
[200.603s][info][gc,start       ] GC(218) Pause Young (Normal) (G1 Evacuation Pause)
[200.603s][info][gc,task        ] GC(218) Using 6 workers of 6 for evacuation
[200.817s][info][gc,mmu         ] GC(218) MMU target violated: 201.0ms (200.0ms/201.0ms)
[200.817s][info][gc,phases      ] GC(218)   Pre Evacuate Collection Set: 0.4ms
[200.817s][info][gc,phases      ] GC(218)   Merge Heap Roots: 0.8ms
[200.817s][info][gc,phases      ] GC(218)   Evacuate Collection Set: 211.6ms
[200.817s][info][gc,phases      ] GC(218)   Post Evacuate Collection Set: 1.1ms
[200.818s][info][gc,phases      ] GC(218)   Other: 0.2ms
[200.818s][info][gc,heap        ] GC(218) Eden regions: 713->0(60)
[200.818s][info][gc,heap        ] GC(218) Survivor regions: 23->92(92)
[200.818s][info][gc,heap        ] GC(218) Old regions: 260->272
[200.818s][info][gc,heap        ] GC(218) Humongous regions: 292->200
[200.818s][info][gc,metaspace   ] GC(218) Metaspace: 76362K(77440K)->76362K(77440K) NonClass: 66994K(67520K)->66994K(67520K) Class: 9367K(9920K)->9367K(9920K)
[200.818s][info][gc             ] GC(218) Pause Young (Normal) (G1 Evacuation Pause) 2569M->1120M(4096M) 214.209ms
[200.818s][info][gc,cpu         ] GC(218) User=1.25s Sys=0.00s Real=0.22s
[200.888s][info][gc,start       ] GC(219) Pause Young (Normal) (G1 Evacuation Pause)
[200.888s][info][gc,task        ] GC(219) Using 6 workers of 6 for evacuation
[201.002s][info][gc,phases      ] GC(219)   Pre Evacuate Collection Set: 0.4ms
[201.002s][info][gc,phases      ] GC(219)   Merge Heap Roots: 0.8ms
[201.002s][info][gc,phases      ] GC(219)   Evacuate Collection Set: 111.4ms
[201.002s][info][gc,phases      ] GC(219)   Post Evacuate Collection Set: 0.6ms
[201.002s][info][gc,phases      ] GC(219)   Other: 0.1ms
[201.002s][info][gc,heap        ] GC(219) Eden regions: 59->0(654)
[201.002s][info][gc,heap        ] GC(219) Survivor regions: 92->16(19)
[201.002s][info][gc,heap        ] GC(219) Old regions: 272->365
[201.002s][info][gc,heap        ] GC(219) Humongous regions: 210->202
[201.002s][info][gc,metaspace   ] GC(219) Metaspace: 76362K(77440K)->76362K(77440K) NonClass: 66994K(67520K)->66994K(67520K) Class: 9367K(9920K)->9367K(9920K)
[201.002s][info][gc             ] GC(219) Pause Young (Normal) (G1 Evacuation Pause) 1258M->1158M(4096M) 113.637ms
[201.002s][info][gc,cpu         ] GC(219) User=0.64s Sys=0.00s Real=0.11s
[201.159s][info][gc,start       ] GC(220) Pause Full (System.gc())
[201.159s][info][gc,task        ] GC(220) Using 6 workers of 6 for full compaction
[201.159s][info][gc,phases,start] GC(220) Phase 1: Mark live objects
[201.188s][info][gc,phases      ] GC(220) Phase 1: Mark live objects 28.705ms
[201.188s][info][gc,phases,start] GC(220) Phase 2: Prepare compaction
[201.189s][info][gc,phases      ] GC(220) Phase 2: Prepare compaction 1.525ms
[201.189s][info][gc,phases,start] GC(220) Phase 3: Adjust pointers
[201.201s][info][gc,phases      ] GC(220) Phase 3: Adjust pointers 11.289ms
[201.201s][info][gc,phases,start] GC(220) Phase 4: Compact heap
[201.202s][info][gc,phases      ] GC(220) Phase 4: Compact heap 1.536ms
[201.202s][info][gc,phases,start] GC(220) Phase 5: Reset Metadata
[201.209s][info][gc,phases      ] GC(220) Phase 5: Reset Metadata 6.310ms
[201.225s][info][gc,heap        ] GC(220) Eden regions: 252->0(766)
[201.225s][info][gc,heap        ] GC(220) Survivor regions: 16->0(19)
[201.225s][info][gc,heap        ] GC(220) Old regions: 365->76
[201.225s][info][gc,heap        ] GC(220) Humongous regions: 204->3
[201.225s][info][gc,metaspace   ] GC(220) Metaspace: 76362K(77440K)->76362K(77440K) NonClass: 66994K(67520K)->66994K(67520K) Class: 9367K(9920K)->9367K(9920K)
[201.225s][info][gc             ] GC(220) Pause Full (System.gc()) 1666M->151M(4096M) 66.341ms
[201.225s][info][gc,cpu         ] GC(220) User=0.16s Sys=0.00s Real=0.08s
[201.921s][info][gc,start       ] GC(221) Pause Young (Normal) (G1 Evacuation Pause)
[201.921s][info][gc,task        ] GC(221) Using 6 workers of 6 for evacuation
[202.065s][info][gc,phases      ] GC(221)   Pre Evacuate Collection Set: 0.3ms
[202.065s][info][gc,phases      ] GC(221)   Merge Heap Roots: 0.4ms
[202.065s][info][gc,phases      ] GC(221)   Evacuate Collection Set: 142.7ms
[202.065s][info][gc,phases      ] GC(221)   Post Evacuate Collection Set: 0.9ms
[202.065s][info][gc,phases      ] GC(221)   Other: 0.1ms
[202.065s][info][gc,heap        ] GC(221) Eden regions: 822->0(765)
[202.065s][info][gc,heap        ] GC(221) Survivor regions: 0->87(103)
[202.065s][info][gc,heap        ] GC(221) Old regions: 76->76
[202.065s][info][gc,heap        ] GC(221) Humongous regions: 42->39
[202.065s][info][gc,metaspace   ] GC(221) Metaspace: 76375K(77440K)->76375K(77440K) NonClass: 67007K(67520K)->67007K(67520K) Class: 9367K(9920K)->9367K(9920K)
[202.065s][info][gc             ] GC(221) Pause Young (Normal) (G1 Evacuation Pause) 1873M->397M(4096M) 144.562ms
[202.065s][info][gc,cpu         ] GC(221) User=0.78s Sys=0.00s Real=0.14s
[203.111s][info][gc,start       ] GC(222) Pause Young (Normal) (G1 Evacuation Pause)
[203.111s][info][gc,task        ] GC(222) Using 6 workers of 6 for evacuation
[203.399s][info][gc,mmu         ] GC(222) MMU target violated: 201.0ms (200.0ms/201.0ms)
[203.399s][info][gc,phases      ] GC(222)   Pre Evacuate Collection Set: 0.3ms
[203.399s][info][gc,phases      ] GC(222)   Merge Heap Roots: 0.7ms
[203.399s][info][gc,phases      ] GC(222)   Evacuate Collection Set: 286.0ms
[203.399s][info][gc,phases      ] GC(222)   Post Evacuate Collection Set: 1.3ms
[203.399s][info][gc,phases      ] GC(222)   Other: 0.2ms
[203.399s][info][gc,heap        ] GC(222) Eden regions: 756->0(195)
[203.399s][info][gc,heap        ] GC(222) Survivor regions: 87->96(106)
[203.399s][info][gc,heap        ] GC(222) Old regions: 76->162
[203.399s][info][gc,heap        ] GC(222) Humongous regions: 102->95
[203.399s][info][gc,metaspace   ] GC(222) Metaspace: 76380K(77440K)->76380K(77440K) NonClass: 67012K(67520K)->67012K(67520K) Class: 9367K(9920K)->9367K(9920K)
[203.399s][info][gc             ] GC(222) Pause Young (Normal) (G1 Evacuation Pause) 2035M->697M(4096M) 288.715ms
[203.399s][info][gc,cpu         ] GC(222) User=1.72s Sys=0.00s Real=0.29s
[203.921s][info][gc,start       ] GC(223) Pause Young (Normal) (G1 Evacuation Pause)
[203.921s][info][gc,task        ] GC(223) Using 6 workers of 6 for evacuation
[204.061s][info][gc,phases      ] GC(223)   Pre Evacuate Collection Set: 0.3ms
[204.061s][info][gc,phases      ] GC(223)   Merge Heap Roots: 0.5ms
[204.061s][info][gc,phases      ] GC(223)   Evacuate Collection Set: 138.4ms
[204.061s][info][gc,phases      ] GC(223)   Post Evacuate Collection Set: 0.8ms
[204.061s][info][gc,phases      ] GC(223)   Other: 0.1ms
[204.061s][info][gc,heap        ] GC(223) Eden regions: 211->0(798)
[204.061s][info][gc,heap        ] GC(223) Survivor regions: 96->15(39)
[204.061s][info][gc,heap        ] GC(223) Old regions: 162->254
[204.061s][info][gc,heap        ] GC(223) Humongous regions: 110->103
[204.061s][info][gc,metaspace   ] GC(223) Metaspace: 76380K(77440K)->76380K(77440K) NonClass: 67012K(67520K)->67012K(67520K) Class: 9367K(9920K)->9367K(9920K)
[204.061s][info][gc             ] GC(223) Pause Young (Normal) (G1 Evacuation Pause) 1149M->735M(4096M) 140.427ms
[204.061s][info][gc,cpu         ] GC(223) User=0.77s Sys=0.00s Real=0.14s
[205.328s][info][gc,start       ] GC(224) Pause Young (Normal) (G1 Evacuation Pause)
[205.328s][info][gc,task        ] GC(224) Using 6 workers of 6 for evacuation
[205.572s][info][gc,mmu         ] GC(224) MMU target violated: 201.0ms (200.0ms/201.0ms)
[205.572s][info][gc,phases      ] GC(224)   Pre Evacuate Collection Set: 0.3ms
[205.572s][info][gc,phases      ] GC(224)   Merge Heap Roots: 0.8ms
[205.572s][info][gc,phases      ] GC(224)   Evacuate Collection Set: 241.9ms
[205.572s][info][gc,phases      ] GC(224)   Post Evacuate Collection Set: 1.2ms
[205.572s][info][gc,phases      ] GC(224)   Other: 0.2ms
[205.572s][info][gc,heap        ] GC(224) Eden regions: 783->0(26)
[205.572s][info][gc,heap        ] GC(224) Survivor regions: 15->100(100)
[205.572s][info][gc,heap        ] GC(224) Old regions: 254->263
[205.572s][info][gc,heap        ] GC(224) Humongous regions: 290->190
[205.572s][info][gc,metaspace   ] GC(224) Metaspace: 76383K(77440K)->76383K(77440K) NonClass: 67015K(67520K)->67015K(67520K) Class: 9367K(9920K)->9367K(9920K)
[205.572s][info][gc             ] GC(224) Pause Young (Normal) (G1 Evacuation Pause) 2675M->1099M(4096M) 244.543ms
[205.572s][info][gc,cpu         ] GC(224) User=1.42s Sys=0.00s Real=0.24s
[205.642s][info][gc,start       ] GC(225) Pause Young (Normal) (G1 Evacuation Pause)
[205.642s][info][gc,task        ] GC(225) Using 6 workers of 6 for evacuation
[205.752s][info][gc,phases      ] GC(225)   Pre Evacuate Collection Set: 0.3ms
[205.752s][info][gc,phases      ] GC(225)   Merge Heap Roots: 0.6ms
[205.752s][info][gc,phases      ] GC(225)   Evacuate Collection Set: 109.2ms
[205.752s][info][gc,phases      ] GC(225)   Post Evacuate Collection Set: 0.6ms
[205.752s][info][gc,phases      ] GC(225)   Other: 0.1ms
[205.753s][info][gc,heap        ] GC(225) Eden regions: 37->0(734)
[205.753s][info][gc,heap        ] GC(225) Survivor regions: 100->15(18)
[205.753s][info][gc,heap        ] GC(225) Old regions: 263->365
[205.753s][info][gc,heap        ] GC(225) Humongous regions: 202->198
[205.753s][info][gc,metaspace   ] GC(225) Metaspace: 76383K(77440K)->76383K(77440K) NonClass: 67015K(67520K)->67015K(67520K) Class: 9367K(9920K)->9367K(9920K)
[205.753s][info][gc             ] GC(225) Pause Young (Normal) (G1 Evacuation Pause) 1197M->1148M(4096M) 111.001ms
[205.753s][info][gc,cpu         ] GC(225) User=0.58s Sys=0.00s Real=0.11s
[205.924s][info][gc,start       ] GC(226) Pause Full (System.gc())
[205.924s][info][gc,task        ] GC(226) Using 6 workers of 6 for full compaction
[205.924s][info][gc,phases,start] GC(226) Phase 1: Mark live objects
[205.952s][info][gc,phases      ] GC(226) Phase 1: Mark live objects 28.018ms
[205.952s][info][gc,phases,start] GC(226) Phase 2: Prepare compaction
[205.954s][info][gc,phases      ] GC(226) Phase 2: Prepare compaction 1.546ms
[205.954s][info][gc,phases,start] GC(226) Phase 3: Adjust pointers
[205.965s][info][gc,phases      ] GC(226) Phase 3: Adjust pointers 11.459ms
[205.965s][info][gc,phases,start] GC(226) Phase 4: Compact heap
[205.967s][info][gc,phases      ] GC(226) Phase 4: Compact heap 1.651ms
[205.967s][info][gc,phases,start] GC(226) Phase 5: Reset Metadata
[205.973s][info][gc,phases      ] GC(226) Phase 5: Reset Metadata 6.266ms
[205.989s][info][gc,heap        ] GC(226) Eden regions: 274->0(835)
[205.989s][info][gc,heap        ] GC(226) Survivor regions: 15->0(18)
[205.989s][info][gc,heap        ] GC(226) Old regions: 365->76
[205.989s][info][gc,heap        ] GC(226) Humongous regions: 200->3
[205.989s][info][gc,metaspace   ] GC(226) Metaspace: 76383K(77440K)->76383K(77440K) NonClass: 67015K(67520K)->67015K(67520K) Class: 9367K(9920K)->9367K(9920K)
[205.989s][info][gc             ] GC(226) Pause Full (System.gc()) 1700M->151M(4096M) 64.989ms
[205.989s][info][gc,cpu         ] GC(226) User=0.12s Sys=0.00s Real=0.06s
[207.265s][info][gc,start       ] GC(227) Pause Young (Normal) (G1 Evacuation Pause)
[207.265s][info][gc,task        ] GC(227) Using 6 workers of 6 for evacuation
[207.462s][info][gc,phases      ] GC(227)   Pre Evacuate Collection Set: 0.3ms
[207.462s][info][gc,phases      ] GC(227)   Merge Heap Roots: 0.6ms
[207.462s][info][gc,phases      ] GC(227)   Evacuate Collection Set: 195.5ms
[207.462s][info][gc,phases      ] GC(227)   Post Evacuate Collection Set: 0.8ms
[207.462s][info][gc,phases      ] GC(227)   Other: 0.1ms
[207.462s][info][gc,heap        ] GC(227) Eden regions: 924->0(806)
[207.462s][info][gc,heap        ] GC(227) Survivor regions: 0->96(116)
[207.462s][info][gc,heap        ] GC(227) Old regions: 76->76
[207.462s][info][gc,heap        ] GC(227) Humongous regions: 69->59
[207.462s][info][gc,metaspace   ] GC(227) Metaspace: 76402K(77504K)->76402K(77504K) NonClass: 67033K(67584K)->67033K(67584K) Class: 9368K(9920K)->9368K(9920K)
[207.462s][info][gc             ] GC(227) Pause Young (Normal) (G1 Evacuation Pause) 2131M->455M(4096M) 197.559ms
[207.462s][info][gc,cpu         ] GC(227) User=1.14s Sys=0.00s Real=0.20s
[208.194s][info][gc,start       ] GC(228) Pause Young (Normal) (G1 Evacuation Pause)
[208.194s][info][gc,task        ] GC(228) Using 6 workers of 6 for evacuation
[208.456s][info][gc,mmu         ] GC(228) MMU target violated: 201.0ms (200.0ms/201.0ms)
[208.456s][info][gc,phases      ] GC(228)   Pre Evacuate Collection Set: 0.3ms
[208.456s][info][gc,phases      ] GC(228)   Merge Heap Roots: 0.8ms
[208.456s][info][gc,phases      ] GC(228)   Evacuate Collection Set: 260.2ms
[208.456s][info][gc,phases      ] GC(228)   Post Evacuate Collection Set: 1.0ms
[208.456s][info][gc,phases      ] GC(228)   Other: 0.2ms
[208.456s][info][gc,heap        ] GC(228) Eden regions: 801->0(101)
[208.456s][info][gc,heap        ] GC(228) Survivor regions: 96->92(113)
[208.456s][info][gc,heap        ] GC(228) Old regions: 76->172
[208.456s][info][gc,heap        ] GC(228) Humongous regions: 95->95
[208.456s][info][gc,metaspace   ] GC(228) Metaspace: 76402K(77504K)->76402K(77504K) NonClass: 67033K(67584K)->67033K(67584K) Class: 9368K(9920K)->9368K(9920K)
[208.456s][info][gc             ] GC(228) Pause Young (Normal) (G1 Evacuation Pause) 2129M->711M(4096M) 262.712ms
[208.457s][info][gc,cpu         ] GC(228) User=1.52s Sys=0.00s Real=0.27s
[208.968s][info][gc,start       ] GC(229) Pause Young (Normal) (G1 Evacuation Pause)
[208.968s][info][gc,task        ] GC(229) Using 6 workers of 6 for evacuation
[209.123s][info][gc,phases      ] GC(229)   Pre Evacuate Collection Set: 0.2ms
[209.123s][info][gc,phases      ] GC(229)   Merge Heap Roots: 0.4ms
[209.123s][info][gc,phases      ] GC(229)   Evacuate Collection Set: 153.1ms
[209.123s][info][gc,phases      ] GC(229)   Post Evacuate Collection Set: 0.9ms
[209.123s][info][gc,phases      ] GC(229)   Other: 0.1ms
[209.123s][info][gc,heap        ] GC(229) Eden regions: 145->0(767)
[209.123s][info][gc,heap        ] GC(229) Survivor regions: 92->18(30)
[209.123s][info][gc,heap        ] GC(229) Old regions: 172->264
[209.123s][info][gc,heap        ] GC(229) Humongous regions: 122->115
[209.123s][info][gc,metaspace   ] GC(229) Metaspace: 76402K(77504K)->76402K(77504K) NonClass: 67033K(67584K)->67033K(67584K) Class: 9368K(9920K)->9368K(9920K)
[209.123s][info][gc             ] GC(229) Pause Young (Normal) (G1 Evacuation Pause) 1055M->786M(4096M) 155.010ms
[209.123s][info][gc,cpu         ] GC(229) User=0.86s Sys=0.00s Real=0.16s
[210.438s][info][gc,start       ] GC(230) Pause Young (Normal) (G1 Evacuation Pause)
[210.438s][info][gc,task        ] GC(230) Using 6 workers of 6 for evacuation
[210.655s][info][gc,mmu         ] GC(230) MMU target violated: 201.0ms (200.0ms/201.0ms)
[210.656s][info][gc,phases      ] GC(230)   Pre Evacuate Collection Set: 0.4ms
[210.656s][info][gc,phases      ] GC(230)   Merge Heap Roots: 0.7ms
[210.656s][info][gc,phases      ] GC(230)   Evacuate Collection Set: 215.3ms
[210.656s][info][gc,phases      ] GC(230)   Post Evacuate Collection Set: 0.9ms
[210.656s][info][gc,phases      ] GC(230)   Other: 0.2ms
[210.656s][info][gc,heap        ] GC(230) Eden regions: 758->0(27)
[210.656s][info][gc,heap        ] GC(230) Survivor regions: 18->97(97)
[210.656s][info][gc,heap        ] GC(230) Old regions: 264->276
[210.656s][info][gc,heap        ] GC(230) Humongous regions: 293->188
[210.656s][info][gc,metaspace   ] GC(230) Metaspace: 76435K(77504K)->76435K(77504K) NonClass: 67066K(67584K)->67066K(67584K) Class: 9368K(9920K)->9368K(9920K)
[210.656s][info][gc             ] GC(230) Pause Young (Normal) (G1 Evacuation Pause) 2658M->1115M(4096M) 217.723ms
[210.656s][info][gc,cpu         ] GC(230) User=1.22s Sys=0.00s Real=0.21s
[210.676s][info][gc,start       ] GC(231) Pause Young (Normal) (G1 Evacuation Pause)
[210.676s][info][gc,task        ] GC(231) Using 6 workers of 6 for evacuation
[210.769s][info][gc,phases      ] GC(231)   Pre Evacuate Collection Set: 0.3ms
[210.769s][info][gc,phases      ] GC(231)   Merge Heap Roots: 0.8ms
[210.769s][info][gc,phases      ] GC(231)   Evacuate Collection Set: 91.0ms
[210.769s][info][gc,phases      ] GC(231)   Post Evacuate Collection Set: 0.5ms
[210.769s][info][gc,phases      ] GC(231)   Other: 0.1ms
[210.769s][info][gc,heap        ] GC(231) Eden regions: 30->0(1157)
[210.769s][info][gc,heap        ] GC(231) Survivor regions: 97->3(16)
[210.769s][info][gc,heap        ] GC(231) Old regions: 276->375
[210.769s][info][gc,heap        ] GC(231) Humongous regions: 188->188
[210.769s][info][gc,metaspace   ] GC(231) Metaspace: 76435K(77504K)->76435K(77504K) NonClass: 67066K(67584K)->67066K(67584K) Class: 9368K(9920K)->9368K(9920K)
[210.769s][info][gc             ] GC(231) Pause Young (Normal) (G1 Evacuation Pause) 1175M->1124M(4096M) 93.037ms
[210.769s][info][gc,cpu         ] GC(231) User=0.48s Sys=0.00s Real=0.09s
[210.907s][info][gc,start       ] GC(232) Pause Full (System.gc())
[210.907s][info][gc,task        ] GC(232) Using 6 workers of 6 for full compaction
[210.908s][info][gc,phases,start] GC(232) Phase 1: Mark live objects
[210.937s][info][gc,phases      ] GC(232) Phase 1: Mark live objects 28.851ms
[210.937s][info][gc,phases,start] GC(232) Phase 2: Prepare compaction
[210.938s][info][gc,phases      ] GC(232) Phase 2: Prepare compaction 1.584ms
[210.939s][info][gc,phases,start] GC(232) Phase 3: Adjust pointers
[210.950s][info][gc,phases      ] GC(232) Phase 3: Adjust pointers 11.078ms
[210.950s][info][gc,phases,start] GC(232) Phase 4: Compact heap
[210.951s][info][gc,phases      ] GC(232) Phase 4: Compact heap 1.290ms
[210.951s][info][gc,phases,start] GC(232) Phase 5: Reset Metadata
[210.958s][info][gc,phases      ] GC(232) Phase 5: Reset Metadata 7.302ms
[210.974s][info][gc,heap        ] GC(232) Eden regions: 224->0(1201)
[210.974s][info][gc,heap        ] GC(232) Survivor regions: 3->0(16)
[210.974s][info][gc,heap        ] GC(232) Old regions: 375->76
[210.974s][info][gc,heap        ] GC(232) Humongous regions: 190->3
[210.974s][info][gc,metaspace   ] GC(232) Metaspace: 76435K(77504K)->76435K(77504K) NonClass: 67066K(67584K)->67066K(67584K) Class: 9368K(9920K)->9368K(9920K)
[210.974s][info][gc             ] GC(232) Pause Full (System.gc()) 1576M->151M(4096M) 66.615ms
[210.974s][info][gc,cpu         ] GC(232) User=0.11s Sys=0.00s Real=0.06s
[212.563s][info][gc,start       ] GC(233) Pause Young (Normal) (G1 Evacuation Pause)
[212.563s][info][gc,task        ] GC(233) Using 6 workers of 6 for evacuation
[212.841s][info][gc,mmu         ] GC(233) MMU target violated: 201.0ms (200.0ms/201.0ms)
[212.841s][info][gc,phases      ] GC(233)   Pre Evacuate Collection Set: 0.3ms
[212.841s][info][gc,phases      ] GC(233)   Merge Heap Roots: 0.6ms
[212.841s][info][gc,phases      ] GC(233)   Evacuate Collection Set: 275.7ms
[212.841s][info][gc,phases      ] GC(233)   Post Evacuate Collection Set: 1.2ms
[212.841s][info][gc,phases      ] GC(233)   Other: 0.2ms
[212.841s][info][gc,heap        ] GC(233) Eden regions: 1228->0(884)
[212.841s][info][gc,heap        ] GC(233) Survivor regions: 0->152(154)
[212.841s][info][gc,heap        ] GC(233) Old regions: 76->76
[212.841s][info][gc,heap        ] GC(233) Humongous regions: 93->83
[212.841s][info][gc,metaspace   ] GC(233) Metaspace: 76436K(77504K)->76436K(77504K) NonClass: 67067K(67584K)->67067K(67584K) Class: 9368K(9920K)->9368K(9920K)
[212.841s][info][gc             ] GC(233) Pause Young (Normal) (G1 Evacuation Pause) 2787M->615M(4096M) 278.211ms
[212.841s][info][gc,cpu         ] GC(233) User=1.59s Sys=0.00s Real=0.27s
[214.070s][info][gc,start       ] GC(234) Pause Young (Normal) (G1 Evacuation Pause)
[214.070s][info][gc,task        ] GC(234) Using 6 workers of 6 for evacuation
[214.400s][info][gc,mmu         ] GC(234) MMU target violated: 201.0ms (200.0ms/201.0ms)
[214.400s][info][gc,phases      ] GC(234)   Pre Evacuate Collection Set: 0.3ms
[214.400s][info][gc,phases      ] GC(234)   Merge Heap Roots: 1.5ms
[214.400s][info][gc,phases      ] GC(234)   Evacuate Collection Set: 326.5ms
[214.400s][info][gc,phases      ] GC(234)   Post Evacuate Collection Set: 1.4ms
[214.400s][info][gc,phases      ] GC(234)   Other: 0.2ms
[214.400s][info][gc,heap        ] GC(234) Eden regions: 775->0(220)
[214.400s][info][gc,heap        ] GC(234) Survivor regions: 152->69(116)
[214.400s][info][gc,heap        ] GC(234) Old regions: 76->228
[214.400s][info][gc,heap        ] GC(234) Humongous regions: 141->127
[214.400s][info][gc,metaspace   ] GC(234) Metaspace: 76436K(77504K)->76436K(77504K) NonClass: 67067K(67584K)->67067K(67584K) Class: 9368K(9920K)->9368K(9920K)
[214.400s][info][gc             ] GC(234) Pause Young (Normal) (G1 Evacuation Pause) 2281M->839M(4096M) 330.204ms
[214.400s][info][gc,cpu         ] GC(234) User=1.91s Sys=0.00s Real=0.33s
[214.814s][info][gc,start       ] GC(235) Pause Young (Normal) (G1 Evacuation Pause)
[214.814s][info][gc,task        ] GC(235) Using 6 workers of 6 for evacuation
[214.948s][info][gc,phases      ] GC(235)   Pre Evacuate Collection Set: 0.3ms
[214.948s][info][gc,phases      ] GC(235)   Merge Heap Roots: 0.4ms
[214.948s][info][gc,phases      ] GC(235)   Evacuate Collection Set: 132.1ms
[214.948s][info][gc,phases      ] GC(235)   Post Evacuate Collection Set: 1.0ms
[214.948s][info][gc,phases      ] GC(235)   Other: 0.1ms
[214.948s][info][gc,heap        ] GC(235) Eden regions: 295->0(788)
[214.948s][info][gc,heap        ] GC(235) Survivor regions: 69->31(46)
[214.948s][info][gc,heap        ] GC(235) Old regions: 228->295
[214.948s][info][gc,heap        ] GC(235) Humongous regions: 154->140
[214.948s][info][gc,metaspace   ] GC(235) Metaspace: 76436K(77504K)->76436K(77504K) NonClass: 67067K(67584K)->67067K(67584K) Class: 9368K(9920K)->9368K(9920K)
[214.948s][info][gc             ] GC(235) Pause Young (Normal) (G1 Evacuation Pause) 1483M->925M(4096M) 134.111ms
[214.948s][info][gc,cpu         ] GC(235) User=0.77s Sys=0.00s Real=0.14s
[215.707s][info][gc,start       ] GC(236) Pause Full (System.gc())
[215.707s][info][gc,task        ] GC(236) Using 6 workers of 6 for full compaction
[215.707s][info][gc,phases,start] GC(236) Phase 1: Mark live objects
[215.735s][info][gc,phases      ] GC(236) Phase 1: Mark live objects 28.241ms
[215.735s][info][gc,phases,start] GC(236) Phase 2: Prepare compaction
[215.737s][info][gc,phases      ] GC(236) Phase 2: Prepare compaction 1.866ms
[215.737s][info][gc,phases,start] GC(236) Phase 3: Adjust pointers
[215.748s][info][gc,phases      ] GC(236) Phase 3: Adjust pointers 10.991ms
[215.748s][info][gc,phases,start] GC(236) Phase 4: Compact heap
[215.750s][info][gc,phases      ] GC(236) Phase 4: Compact heap 1.834ms
[215.750s][info][gc,phases,start] GC(236) Phase 5: Reset Metadata
[215.757s][info][gc,phases      ] GC(236) Phase 5: Reset Metadata 7.023ms
[215.773s][info][gc,heap        ] GC(236) Eden regions: 588->0(1147)
[215.773s][info][gc,heap        ] GC(236) Survivor regions: 31->0(46)
[215.773s][info][gc,heap        ] GC(236) Old regions: 295->76
[215.773s][info][gc,heap        ] GC(236) Humongous regions: 284->3
[215.773s][info][gc,metaspace   ] GC(236) Metaspace: 76437K(77504K)->76437K(77504K) NonClass: 67068K(67584K)->67068K(67584K) Class: 9368K(9920K)->9368K(9920K)
[215.773s][info][gc             ] GC(236) Pause Full (System.gc()) 2388M->151M(4096M) 66.303ms
[215.773s][info][gc,cpu         ] GC(236) User=0.12s Sys=0.00s Real=0.06s
[217.310s][info][gc,start       ] GC(237) Pause Young (Normal) (G1 Evacuation Pause)
[217.310s][info][gc,task        ] GC(237) Using 6 workers of 6 for evacuation
[217.573s][info][gc,mmu         ] GC(237) MMU target violated: 201.0ms (200.0ms/201.0ms)
[217.573s][info][gc,phases      ] GC(237)   Pre Evacuate Collection Set: 0.3ms
[217.573s][info][gc,phases      ] GC(237)   Merge Heap Roots: 0.7ms
[217.573s][info][gc,phases      ] GC(237)   Evacuate Collection Set: 260.6ms
[217.573s][info][gc,phases      ] GC(237)   Post Evacuate Collection Set: 1.4ms
[217.573s][info][gc,phases      ] GC(237)   Other: 0.2ms
[217.573s][info][gc,heap        ] GC(237) Eden regions: 1191->0(955)
[217.573s][info][gc,heap        ] GC(237) Survivor regions: 0->148(149)
[217.573s][info][gc,heap        ] GC(237) Old regions: 76->76
[217.573s][info][gc,heap        ] GC(237) Humongous regions: 85->75
[217.573s][info][gc,metaspace   ] GC(237) Metaspace: 76442K(77504K)->76442K(77504K) NonClass: 67073K(67584K)->67073K(67584K) Class: 9368K(9920K)->9368K(9920K)
[217.573s][info][gc             ] GC(237) Pause Young (Normal) (G1 Evacuation Pause) 2697M->591M(4096M) 263.437ms
[217.573s][info][gc,cpu         ] GC(237) User=1.52s Sys=0.00s Real=0.27s
[218.999s][info][gc,start       ] GC(238) Pause Young (Normal) (G1 Evacuation Pause)
[218.999s][info][gc,task        ] GC(238) Using 6 workers of 6 for evacuation
[219.368s][info][gc,mmu         ] GC(238) MMU target violated: 201.0ms (200.0ms/201.0ms)
[219.368s][info][gc,phases      ] GC(238)   Pre Evacuate Collection Set: 0.3ms
[219.368s][info][gc,phases      ] GC(238)   Merge Heap Roots: 1.1ms
[219.368s][info][gc,phases      ] GC(238)   Evacuate Collection Set: 366.1ms
[219.368s][info][gc,phases      ] GC(238)   Post Evacuate Collection Set: 1.2ms
[219.368s][info][gc,phases      ] GC(238)   Other: 0.2ms
[219.368s][info][gc,heap        ] GC(238) Eden regions: 910->0(134)
[219.368s][info][gc,heap        ] GC(238) Survivor regions: 148->88(133)
[219.368s][info][gc,heap        ] GC(238) Old regions: 76->224
[219.368s][info][gc,heap        ] GC(238) Humongous regions: 160->139
[219.368s][info][gc,metaspace   ] GC(238) Metaspace: 76463K(77568K)->76463K(77568K) NonClass: 67094K(67648K)->67094K(67648K) Class: 9368K(9920K)->9368K(9920K)
[219.368s][info][gc             ] GC(238) Pause Young (Normal) (G1 Evacuation Pause) 2581M->893M(4096M) 369.147ms
[219.368s][info][gc,cpu         ] GC(238) User=2.14s Sys=0.00s Real=0.36s
[219.579s][info][gc,start       ] GC(239) Pause Young (Normal) (G1 Evacuation Pause)
[219.579s][info][gc,task        ] GC(239) Using 6 workers of 6 for evacuation
[219.683s][info][gc,phases      ] GC(239)   Pre Evacuate Collection Set: 0.3ms
[219.683s][info][gc,phases      ] GC(239)   Merge Heap Roots: 0.5ms
[219.683s][info][gc,phases      ] GC(239)   Evacuate Collection Set: 101.7ms
[219.683s][info][gc,phases      ] GC(239)   Post Evacuate Collection Set: 0.8ms
[219.683s][info][gc,phases      ] GC(239)   Other: 0.1ms
[219.683s][info][gc,heap        ] GC(239) Eden regions: 158->0(1122)
[219.683s][info][gc,heap        ] GC(239) Survivor regions: 88->11(31)
[219.683s][info][gc,heap        ] GC(239) Old regions: 224->310
[219.683s][info][gc,heap        ] GC(239) Humongous regions: 146->139
[219.683s][info][gc,metaspace   ] GC(239) Metaspace: 76464K(77568K)->76464K(77568K) NonClass: 67095K(67648K)->67095K(67648K) Class: 9368K(9920K)->9368K(9920K)
[219.683s][info][gc             ] GC(239) Pause Young (Normal) (G1 Evacuation Pause) 1223M->912M(4096M) 103.584ms
[219.683s][info][gc,cpu         ] GC(239) User=0.58s Sys=0.00s Real=0.11s
[220.481s][info][gc,start       ] GC(240) Pause Full (System.gc())
[220.481s][info][gc,task        ] GC(240) Using 6 workers of 6 for full compaction
[220.482s][info][gc,phases,start] GC(240) Phase 1: Mark live objects
[220.510s][info][gc,phases      ] GC(240) Phase 1: Mark live objects 28.294ms
[220.510s][info][gc,phases,start] GC(240) Phase 2: Prepare compaction
[220.512s][info][gc,phases      ] GC(240) Phase 2: Prepare compaction 1.961ms
[220.512s][info][gc,phases,start] GC(240) Phase 3: Adjust pointers
[220.523s][info][gc,phases      ] GC(240) Phase 3: Adjust pointers 10.860ms
[220.523s][info][gc,phases,start] GC(240) Phase 4: Compact heap
[220.524s][info][gc,phases      ] GC(240) Phase 4: Compact heap 1.618ms
[220.524s][info][gc,phases,start] GC(240) Phase 5: Reset Metadata
[220.531s][info][gc,phases      ] GC(240) Phase 5: Reset Metadata 6.791ms
[220.547s][info][gc,heap        ] GC(240) Eden regions: 623->0(1201)
[220.547s][info][gc,heap        ] GC(240) Survivor regions: 11->0(31)
[220.547s][info][gc,heap        ] GC(240) Old regions: 310->76
[220.547s][info][gc,heap        ] GC(240) Humongous regions: 281->3
[220.547s][info][gc,metaspace   ] GC(240) Metaspace: 76464K(77568K)->76464K(77568K) NonClass: 67095K(67648K)->67095K(67648K) Class: 9368K(9920K)->9368K(9920K)
[220.547s][info][gc             ] GC(240) Pause Full (System.gc()) 2442M->152M(4096M) 66.177ms
[220.547s][info][gc,cpu         ] GC(240) User=0.12s Sys=0.00s Real=0.08s
[222.136s][info][gc,start       ] GC(241) Pause Young (Normal) (G1 Evacuation Pause)
[222.136s][info][gc,task        ] GC(241) Using 6 workers of 6 for evacuation
[222.415s][info][gc,mmu         ] GC(241) MMU target violated: 201.0ms (200.0ms/201.0ms)
[222.415s][info][gc,phases      ] GC(241)   Pre Evacuate Collection Set: 0.4ms
[222.415s][info][gc,phases      ] GC(241)   Merge Heap Roots: 0.7ms
[222.415s][info][gc,phases      ] GC(241)   Evacuate Collection Set: 276.8ms
[222.415s][info][gc,phases      ] GC(241)   Post Evacuate Collection Set: 1.4ms
[222.415s][info][gc,phases      ] GC(241)   Other: 0.2ms
[222.415s][info][gc,heap        ] GC(241) Eden regions: 1228->0(1027)
[222.415s][info][gc,heap        ] GC(241) Survivor regions: 0->152(154)
[222.415s][info][gc,heap        ] GC(241) Old regions: 76->76
[222.415s][info][gc,heap        ] GC(241) Humongous regions: 93->83
[222.415s][info][gc,metaspace   ] GC(241) Metaspace: 76507K(77568K)->76507K(77568K) NonClass: 67138K(67648K)->67138K(67648K) Class: 9369K(9920K)->9369K(9920K)
[222.416s][info][gc             ] GC(241) Pause Young (Normal) (G1 Evacuation Pause) 2788M->616M(4096M) 279.630ms
[222.416s][info][gc,cpu         ] GC(241) User=1.70s Sys=0.00s Real=0.29s
[223.993s][info][gc,start       ] GC(242) Pause Young (Normal) (G1 Evacuation Pause)
[223.993s][info][gc,task        ] GC(242) Using 6 workers of 6 for evacuation
[224.358s][info][gc,mmu         ] GC(242) MMU target violated: 201.0ms (200.0ms/201.0ms)
[224.358s][info][gc,phases      ] GC(242)   Pre Evacuate Collection Set: 0.4ms
[224.358s][info][gc,phases      ] GC(242)   Merge Heap Roots: 1.5ms
[224.358s][info][gc,phases      ] GC(242)   Evacuate Collection Set: 361.5ms
[224.358s][info][gc,phases      ] GC(242)   Post Evacuate Collection Set: 1.5ms
[224.358s][info][gc,phases      ] GC(242)   Other: 0.2ms
[224.358s][info][gc,heap        ] GC(242) Eden regions: 964->0(169)
[224.358s][info][gc,heap        ] GC(242) Survivor regions: 152->84(140)
[224.358s][info][gc,heap        ] GC(242) Old regions: 76->228
[224.358s][info][gc,heap        ] GC(242) Humongous regions: 167->139
[224.358s][info][gc,metaspace   ] GC(242) Metaspace: 76534K(77632K)->76534K(77632K) NonClass: 67164K(67712K)->67164K(67712K) Class: 9370K(9920K)->9370K(9920K)
[224.358s][info][gc             ] GC(242) Pause Young (Normal) (G1 Evacuation Pause) 2712M->894M(4096M) 365.195ms
[224.358s][info][gc,cpu         ] GC(242) User=2.06s Sys=0.00s Real=0.38s
[224.490s][info][gc,start       ] GC(243) Pause Young (Normal) (G1 Evacuation Pause)
[224.490s][info][gc,task        ] GC(243) Using 6 workers of 6 for evacuation
[224.619s][info][gc,phases      ] GC(243)   Pre Evacuate Collection Set: 0.3ms
[224.619s][info][gc,phases      ] GC(243)   Merge Heap Roots: 0.5ms
[224.619s][info][gc,phases      ] GC(243)   Evacuate Collection Set: 127.2ms
[224.619s][info][gc,phases      ] GC(243)   Post Evacuate Collection Set: 0.5ms
[224.619s][info][gc,phases      ] GC(243)   Other: 0.1ms
[224.619s][info][gc,heap        ] GC(243) Eden regions: 197->0(712)
[224.619s][info][gc,heap        ] GC(243) Survivor regions: 84->29(36)
[224.619s][info][gc,heap        ] GC(243) Old regions: 228->312
[224.619s][info][gc,heap        ] GC(243) Humongous regions: 147->147
[224.619s][info][gc,metaspace   ] GC(243) Metaspace: 76542K(77632K)->76542K(77632K) NonClass: 67172K(67712K)->67172K(67712K) Class: 9370K(9920K)->9370K(9920K)
[224.619s][info][gc             ] GC(243) Pause Young (Normal) (G1 Evacuation Pause) 1304M->968M(4096M) 128.784ms
[224.619s][info][gc,cpu         ] GC(243) User=0.75s Sys=0.00s Real=0.13s
[225.266s][info][gc,start       ] GC(244) Pause Full (System.gc())
[225.266s][info][gc,task        ] GC(244) Using 6 workers of 6 for full compaction
[225.267s][info][gc,phases,start] GC(244) Phase 1: Mark live objects
[225.296s][info][gc,phases      ] GC(244) Phase 1: Mark live objects 29.596ms
[225.296s][info][gc,phases,start] GC(244) Phase 2: Prepare compaction
[225.298s][info][gc,phases      ] GC(244) Phase 2: Prepare compaction 1.763ms
[225.298s][info][gc,phases,start] GC(244) Phase 3: Adjust pointers
[225.309s][info][gc,phases      ] GC(244) Phase 3: Adjust pointers 10.770ms
[225.309s][info][gc,phases,start] GC(244) Phase 4: Compact heap
[225.311s][info][gc,phases      ] GC(244) Phase 4: Compact heap 1.814ms
[225.311s][info][gc,phases,start] GC(244) Phase 5: Reset Metadata
[225.318s][info][gc,phases      ] GC(244) Phase 5: Reset Metadata 7.038ms
[225.334s][info][gc,heap        ] GC(244) Eden regions: 493->0(1008)
[225.334s][info][gc,heap        ] GC(244) Survivor regions: 29->0(36)
[225.334s][info][gc,heap        ] GC(244) Old regions: 312->76
[225.334s][info][gc,heap        ] GC(244) Humongous regions: 281->3
[225.334s][info][gc,metaspace   ] GC(244) Metaspace: 76544K(77632K)->76544K(77632K) NonClass: 67174K(67712K)->67174K(67712K) Class: 9370K(9920K)->9370K(9920K)
[225.334s][info][gc             ] GC(244) Pause Full (System.gc()) 2222M->152M(4096M) 67.735ms
[225.334s][info][gc,cpu         ] GC(244) User=0.06s Sys=0.00s Real=0.08s
[226.781s][info][gc,start       ] GC(245) Pause Young (Normal) (G1 Evacuation Pause)
[226.781s][info][gc,task        ] GC(245) Using 6 workers of 6 for evacuation
[227.020s][info][gc,mmu         ] GC(245) MMU target violated: 201.0ms (200.0ms/201.0ms)
[227.020s][info][gc,phases      ] GC(245)   Pre Evacuate Collection Set: 0.3ms
[227.020s][info][gc,phases      ] GC(245)   Merge Heap Roots: 0.6ms
[227.020s][info][gc,phases      ] GC(245)   Evacuate Collection Set: 236.6ms
[227.020s][info][gc,phases      ] GC(245)   Post Evacuate Collection Set: 1.2ms
[227.020s][info][gc,phases      ] GC(245)   Other: 0.2ms
[227.020s][info][gc,heap        ] GC(245) Eden regions: 1067->0(889)
[227.020s][info][gc,heap        ] GC(245) Survivor regions: 0->134(134)
[227.020s][info][gc,heap        ] GC(245) Old regions: 76->76
[227.020s][info][gc,heap        ] GC(245) Humongous regions: 81->71
[227.020s][info][gc,metaspace   ] GC(245) Metaspace: 76554K(77632K)->76554K(77632K) NonClass: 67183K(67712K)->67183K(67712K) Class: 9370K(9920K)->9370K(9920K)
[227.020s][info][gc             ] GC(245) Pause Young (Normal) (G1 Evacuation Pause) 2442M->556M(4096M) 239.068ms
[227.020s][info][gc,cpu         ] GC(245) User=1.33s Sys=0.02s Real=0.24s
[228.323s][info][gc,start       ] GC(246) Pause Young (Normal) (G1 Evacuation Pause)
[228.323s][info][gc,task        ] GC(246) Using 6 workers of 6 for evacuation
[228.657s][info][gc,mmu         ] GC(246) MMU target violated: 201.0ms (200.0ms/201.0ms)
[228.657s][info][gc,phases      ] GC(246)   Pre Evacuate Collection Set: 0.3ms
[228.657s][info][gc,phases      ] GC(246)   Merge Heap Roots: 0.9ms
[228.657s][info][gc,phases      ] GC(246)   Evacuate Collection Set: 331.5ms
[228.657s][info][gc,phases      ] GC(246)   Post Evacuate Collection Set: 1.5ms
[228.657s][info][gc,phases      ] GC(246)   Other: 0.2ms
[228.657s][info][gc,heap        ] GC(246) Eden regions: 876->0(134)
[228.657s][info][gc,heap        ] GC(246) Survivor regions: 134->83(127)
[228.657s][info][gc,heap        ] GC(246) Old regions: 76->210
[228.657s][info][gc,heap        ] GC(246) Humongous regions: 141->127
[228.657s][info][gc,metaspace   ] GC(246) Metaspace: 76556K(77632K)->76556K(77632K) NonClass: 67185K(67712K)->67185K(67712K) Class: 9371K(9920K)->9371K(9920K)
[228.657s][info][gc             ] GC(246) Pause Young (Normal) (G1 Evacuation Pause) 2448M->833M(4096M) 334.521ms
[228.657s][info][gc,cpu         ] GC(246) User=1.94s Sys=0.00s Real=0.33s
[228.859s][info][gc,start       ] GC(247) Pause Young (Normal) (G1 Evacuation Pause)
[228.859s][info][gc,task        ] GC(247) Using 6 workers of 6 for evacuation
[229.005s][info][gc,phases      ] GC(247)   Pre Evacuate Collection Set: 0.3ms
[229.005s][info][gc,phases      ] GC(247)   Merge Heap Roots: 0.7ms
[229.005s][info][gc,phases      ] GC(247)   Evacuate Collection Set: 144.8ms
[229.005s][info][gc,phases      ] GC(247)   Post Evacuate Collection Set: 0.6ms
[229.005s][info][gc,phases      ] GC(247)   Other: 0.1ms
[229.005s][info][gc,heap        ] GC(247) Eden regions: 135->0(615)
[229.005s][info][gc,heap        ] GC(247) Survivor regions: 83->21(28)
[229.005s][info][gc,heap        ] GC(247) Old regions: 210->289
[229.005s][info][gc,heap        ] GC(247) Humongous regions: 146->139
[229.005s][info][gc,metaspace   ] GC(247) Metaspace: 76556K(77632K)->76556K(77632K) NonClass: 67185K(67712K)->67185K(67712K) Class: 9371K(9920K)->9371K(9920K)
[229.006s][info][gc             ] GC(247) Pause Young (Normal) (G1 Evacuation Pause) 1141M->891M(4096M) 146.716ms
[229.006s][info][gc,cpu         ] GC(247) User=0.73s Sys=0.00s Real=0.16s
[229.985s][info][gc,start       ] GC(248) Pause Young (Normal) (G1 Evacuation Pause)
[229.985s][info][gc,task        ] GC(248) Using 6 workers of 6 for evacuation
[230.144s][info][gc,phases      ] GC(248)   Pre Evacuate Collection Set: 0.4ms
[230.144s][info][gc,phases      ] GC(248)   Merge Heap Roots: 0.7ms
[230.144s][info][gc,phases      ] GC(248)   Evacuate Collection Set: 156.9ms
[230.144s][info][gc,phases      ] GC(248)   Post Evacuate Collection Set: 0.8ms
[230.144s][info][gc,phases      ] GC(248)   Other: 0.2ms
[230.144s][info][gc,heap        ] GC(248) Eden regions: 660->0(134)
[230.144s][info][gc,heap        ] GC(248) Survivor regions: 21->84(86)
[230.144s][info][gc,heap        ] GC(248) Old regions: 289->289
[230.144s][info][gc,heap        ] GC(248) Humongous regions: 283->194
[230.144s][info][gc,metaspace   ] GC(248) Metaspace: 76556K(77632K)->76556K(77632K) NonClass: 67185K(67712K)->67185K(67712K) Class: 9371K(9920K)->9371K(9920K)
[230.144s][info][gc             ] GC(248) Pause Young (Normal) (G1 Evacuation Pause) 2499M->1127M(4096M) 159.192ms
[230.144s][info][gc,cpu         ] GC(248) User=0.91s Sys=0.00s Real=0.16s
[230.232s][info][gc,start       ] GC(249) Pause Full (System.gc())
[230.232s][info][gc,task        ] GC(249) Using 6 workers of 6 for full compaction
[230.232s][info][gc,phases,start] GC(249) Phase 1: Mark live objects
[230.261s][info][gc,phases      ] GC(249) Phase 1: Mark live objects 28.528ms
[230.261s][info][gc,phases,start] GC(249) Phase 2: Prepare compaction
[230.262s][info][gc,phases      ] GC(249) Phase 2: Prepare compaction 1.381ms
[230.262s][info][gc,phases,start] GC(249) Phase 3: Adjust pointers
[230.273s][info][gc,phases      ] GC(249) Phase 3: Adjust pointers 10.701ms
[230.273s][info][gc,phases,start] GC(249) Phase 4: Compact heap
[230.274s][info][gc,phases      ] GC(249) Phase 4: Compact heap 1.278ms
[230.274s][info][gc,phases,start] GC(249) Phase 5: Reset Metadata
[230.281s][info][gc,phases      ] GC(249) Phase 5: Reset Metadata 6.813ms
[230.297s][info][gc,heap        ] GC(249) Eden regions: 148->0(726)
[230.297s][info][gc,heap        ] GC(249) Survivor regions: 84->0(86)
[230.297s][info][gc,heap        ] GC(249) Old regions: 289->76
[230.297s][info][gc,heap        ] GC(249) Humongous regions: 196->3
[230.297s][info][gc,metaspace   ] GC(249) Metaspace: 76556K(77632K)->76556K(77632K) NonClass: 67185K(67712K)->67185K(67712K) Class: 9371K(9920K)->9371K(9920K)
[230.297s][info][gc             ] GC(249) Pause Full (System.gc()) 1427M->152M(4096M) 65.076ms
[230.297s][info][gc,cpu         ] GC(249) User=0.12s Sys=0.00s Real=0.06s
[230.960s][info][gc,start       ] GC(250) Pause Young (Normal) (G1 Evacuation Pause)
[230.960s][info][gc,task        ] GC(250) Using 6 workers of 6 for evacuation
[231.102s][info][gc,phases      ] GC(250)   Pre Evacuate Collection Set: 0.3ms
[231.102s][info][gc,phases      ] GC(250)   Merge Heap Roots: 0.4ms
[231.102s][info][gc,phases      ] GC(250)   Evacuate Collection Set: 139.8ms
[231.102s][info][gc,phases      ] GC(250)   Post Evacuate Collection Set: 0.9ms
[231.102s][info][gc,phases      ] GC(250)   Other: 0.1ms
[231.102s][info][gc,heap        ] GC(250) Eden regions: 789->0(736)
[231.102s][info][gc,heap        ] GC(250) Survivor regions: 0->86(99)
[231.102s][info][gc,heap        ] GC(250) Old regions: 76->76
[231.102s][info][gc,heap        ] GC(250) Humongous regions: 42->39
[231.102s][info][gc,metaspace   ] GC(250) Metaspace: 76556K(77632K)->76556K(77632K) NonClass: 67185K(67712K)->67185K(67712K) Class: 9371K(9920K)->9371K(9920K)
[231.102s][info][gc             ] GC(250) Pause Young (Normal) (G1 Evacuation Pause) 1808M->395M(4096M) 141.725ms
[231.102s][info][gc,cpu         ] GC(250) User=0.84s Sys=0.00s Real=0.14s
[232.136s][info][gc,start       ] GC(251) Pause Young (Normal) (G1 Evacuation Pause)
[232.136s][info][gc,task        ] GC(251) Using 6 workers of 6 for evacuation
[232.421s][info][gc,mmu         ] GC(251) MMU target violated: 201.0ms (200.0ms/201.0ms)
[232.421s][info][gc,phases      ] GC(251)   Pre Evacuate Collection Set: 0.3ms
[232.421s][info][gc,phases      ] GC(251)   Merge Heap Roots: 0.7ms
[232.421s][info][gc,phases      ] GC(251)   Evacuate Collection Set: 282.4ms
[232.421s][info][gc,phases      ] GC(251)   Post Evacuate Collection Set: 1.3ms
[232.421s][info][gc,phases      ] GC(251)   Other: 0.2ms
[232.421s][info][gc,heap        ] GC(251) Eden regions: 735->0(167)
[232.421s][info][gc,heap        ] GC(251) Survivor regions: 86->94(103)
[232.421s][info][gc,heap        ] GC(251) Old regions: 76->159
[232.421s][info][gc,heap        ] GC(251) Humongous regions: 102->95
[232.421s][info][gc,metaspace   ] GC(251) Metaspace: 76556K(77632K)->76556K(77632K) NonClass: 67185K(67712K)->67185K(67712K) Class: 9371K(9920K)->9371K(9920K)
[232.421s][info][gc             ] GC(251) Pause Young (Normal) (G1 Evacuation Pause) 1991M->689M(4096M) 285.065ms
[232.421s][info][gc,cpu         ] GC(251) User=1.62s Sys=0.00s Real=0.30s
[232.589s][info][gc,start       ] GC(252) Pause Young (Normal) (G1 Evacuation Pause)
[232.589s][info][gc,task        ] GC(252) Using 6 workers of 6 for evacuation
[232.698s][info][gc,phases      ] GC(252)   Pre Evacuate Collection Set: 0.3ms
[232.699s][info][gc,phases      ] GC(252)   Merge Heap Roots: 0.5ms
[232.699s][info][gc,phases      ] GC(252)   Evacuate Collection Set: 108.1ms
[232.699s][info][gc,phases      ] GC(252)   Post Evacuate Collection Set: 0.6ms
[232.699s][info][gc,phases      ] GC(252)   Other: 0.1ms
[232.699s][info][gc,heap        ] GC(252) Eden regions: 192->0(765)
[232.699s][info][gc,heap        ] GC(252) Survivor regions: 94->15(36)
[232.699s][info][gc,heap        ] GC(252) Old regions: 159->251
[232.699s][info][gc,heap        ] GC(252) Humongous regions: 95->95
[232.699s][info][gc,metaspace   ] GC(252) Metaspace: 76556K(77632K)->76556K(77632K) NonClass: 67185K(67712K)->67185K(67712K) Class: 9371K(9920K)->9371K(9920K)
[232.699s][info][gc             ] GC(252) Pause Young (Normal) (G1 Evacuation Pause) 1073M->714M(4096M) 109.683ms
[232.699s][info][gc,cpu         ] GC(252) User=0.62s Sys=0.02s Real=0.11s
[234.273s][info][gc,start       ] GC(253) Pause Young (Normal) (G1 Evacuation Pause)
[234.273s][info][gc,task        ] GC(253) Using 6 workers of 6 for evacuation
[234.521s][info][gc,mmu         ] GC(253) MMU target violated: 201.0ms (200.0ms/201.0ms)
[234.521s][info][gc,phases      ] GC(253)   Pre Evacuate Collection Set: 0.3ms
[234.521s][info][gc,phases      ] GC(253)   Merge Heap Roots: 0.5ms
[234.521s][info][gc,phases      ] GC(253)   Evacuate Collection Set: 245.9ms
[234.521s][info][gc,phases      ] GC(253)   Post Evacuate Collection Set: 1.0ms
[234.521s][info][gc,phases      ] GC(253)   Other: 0.2ms
[234.521s][info][gc,heap        ] GC(253) Eden regions: 778->0(13)
[234.521s][info][gc,heap        ] GC(253) Survivor regions: 15->100(100)
[234.521s][info][gc,heap        ] GC(253) Old regions: 251->254
[234.521s][info][gc,heap        ] GC(253) Humongous regions: 259->194
[234.521s][info][gc,metaspace   ] GC(253) Metaspace: 76565K(77632K)->76565K(77632K) NonClass: 67194K(67712K)->67194K(67712K) Class: 9371K(9920K)->9371K(9920K)
[234.521s][info][gc             ] GC(253) Pause Young (Normal) (G1 Evacuation Pause) 2598M->1089M(4096M) 248.082ms
[234.521s][info][gc,cpu         ] GC(253) User=1.36s Sys=0.00s Real=0.26s
[234.543s][info][gc,start       ] GC(254) Pause Young (Normal) (G1 Evacuation Pause)
[234.543s][info][gc,task        ] GC(254) Using 6 workers of 6 for evacuation
[234.651s][info][gc,phases      ] GC(254)   Pre Evacuate Collection Set: 0.3ms
[234.651s][info][gc,phases      ] GC(254)   Merge Heap Roots: 0.5ms
[234.651s][info][gc,phases      ] GC(254)   Evacuate Collection Set: 106.7ms
[234.651s][info][gc,phases      ] GC(254)   Post Evacuate Collection Set: 0.7ms
[234.651s][info][gc,phases      ] GC(254)   Other: 0.1ms
[234.651s][info][gc,heap        ] GC(254) Eden regions: 23->0(765)
[234.651s][info][gc,heap        ] GC(254) Survivor regions: 100->7(16)
[234.651s][info][gc,heap        ] GC(254) Old regions: 254->353
[234.651s][info][gc,heap        ] GC(254) Humongous regions: 225->199
[234.651s][info][gc,metaspace   ] GC(254) Metaspace: 76565K(77632K)->76565K(77632K) NonClass: 67194K(67712K)->67194K(67712K) Class: 9371K(9920K)->9371K(9920K)
[234.651s][info][gc             ] GC(254) Pause Young (Normal) (G1 Evacuation Pause) 1197M->1110M(4096M) 108.417ms
[234.651s][info][gc,cpu         ] GC(254) User=0.61s Sys=0.00s Real=0.11s
[234.917s][info][gc,start       ] GC(255) Pause Full (System.gc())
[234.917s][info][gc,task        ] GC(255) Using 6 workers of 6 for full compaction
[234.917s][info][gc,phases,start] GC(255) Phase 1: Mark live objects
[234.946s][info][gc,phases      ] GC(255) Phase 1: Mark live objects 28.308ms
[234.946s][info][gc,phases,start] GC(255) Phase 2: Prepare compaction
[234.947s][info][gc,phases      ] GC(255) Phase 2: Prepare compaction 1.598ms
[234.947s][info][gc,phases,start] GC(255) Phase 3: Adjust pointers
[234.958s][info][gc,phases      ] GC(255) Phase 3: Adjust pointers 11.060ms
[234.959s][info][gc,phases,start] GC(255) Phase 4: Compact heap
[234.960s][info][gc,phases      ] GC(255) Phase 4: Compact heap 1.478ms
[234.960s][info][gc,phases,start] GC(255) Phase 5: Reset Metadata
[234.967s][info][gc,phases      ] GC(255) Phase 5: Reset Metadata 6.494ms
[234.983s][info][gc,heap        ] GC(255) Eden regions: 363->0(823)
[234.983s][info][gc,heap        ] GC(255) Survivor regions: 7->0(16)
[234.983s][info][gc,heap        ] GC(255) Old regions: 353->76
[234.983s][info][gc,heap        ] GC(255) Humongous regions: 223->3
[234.983s][info][gc,metaspace   ] GC(255) Metaspace: 76565K(77632K)->76565K(77632K) NonClass: 67194K(67712K)->67194K(67712K) Class: 9371K(9920K)->9371K(9920K)
[234.983s][info][gc             ] GC(255) Pause Full (System.gc()) 1883M->152M(4096M) 65.941ms
[234.983s][info][gc,cpu         ] GC(255) User=0.12s Sys=0.00s Real=0.07s
[236.189s][info][gc,start       ] GC(256) Pause Young (Normal) (G1 Evacuation Pause)
[236.189s][info][gc,task        ] GC(256) Using 6 workers of 6 for evacuation
[236.362s][info][gc,phases      ] GC(256)   Pre Evacuate Collection Set: 0.3ms
[236.362s][info][gc,phases      ] GC(256)   Merge Heap Roots: 0.5ms
[236.362s][info][gc,phases      ] GC(256)   Evacuate Collection Set: 170.4ms
[236.362s][info][gc,phases      ] GC(256)   Post Evacuate Collection Set: 0.9ms
[236.362s][info][gc,phases      ] GC(256)   Other: 0.1ms
[236.362s][info][gc,heap        ] GC(256) Eden regions: 887->0(800)
[236.362s][info][gc,heap        ] GC(256) Survivor regions: 0->88(111)
[236.362s][info][gc,heap        ] GC(256) Old regions: 76->76
[236.362s][info][gc,heap        ] GC(256) Humongous regions: 57->47
[236.362s][info][gc,metaspace   ] GC(256) Metaspace: 76566K(77632K)->76566K(77632K) NonClass: 67194K(67712K)->67194K(67712K) Class: 9371K(9920K)->9371K(9920K)
[236.362s][info][gc             ] GC(256) Pause Young (Normal) (G1 Evacuation Pause) 2034M->416M(4096M) 172.388ms
[236.362s][info][gc,cpu         ] GC(256) User=0.95s Sys=0.00s Real=0.17s
[237.130s][info][gc,start       ] GC(257) Pause Young (Normal) (G1 Evacuation Pause)
[237.130s][info][gc,task        ] GC(257) Using 6 workers of 6 for evacuation
[237.403s][info][gc,mmu         ] GC(257) MMU target violated: 201.0ms (200.0ms/201.0ms)
[237.403s][info][gc,phases      ] GC(257)   Pre Evacuate Collection Set: 0.3ms
[237.403s][info][gc,phases      ] GC(257)   Merge Heap Roots: 0.7ms
[237.403s][info][gc,phases      ] GC(257)   Evacuate Collection Set: 270.6ms
[237.403s][info][gc,phases      ] GC(257)   Post Evacuate Collection Set: 1.1ms
[237.403s][info][gc,phases      ] GC(257)   Other: 0.2ms
[237.403s][info][gc,heap        ] GC(257) Eden regions: 795->0(158)
[237.403s][info][gc,heap        ] GC(257) Survivor regions: 88->98(111)
[237.403s][info][gc,heap        ] GC(257) Old regions: 76->164
[237.403s][info][gc,heap        ] GC(257) Humongous regions: 95->95
[237.403s][info][gc,metaspace   ] GC(257) Metaspace: 76566K(77632K)->76566K(77632K) NonClass: 67194K(67712K)->67194K(67712K) Class: 9371K(9920K)->9371K(9920K)
[237.403s][info][gc             ] GC(257) Pause Young (Normal) (G1 Evacuation Pause) 2102M->708M(4096M) 273.136ms
[237.403s][info][gc,cpu         ] GC(257) User=1.59s Sys=0.00s Real=0.28s
[237.951s][info][gc,start       ] GC(258) Pause Young (Normal) (G1 Evacuation Pause)
[237.951s][info][gc,task        ] GC(258) Using 6 workers of 6 for evacuation
[238.113s][info][gc,phases      ] GC(258)   Pre Evacuate Collection Set: 0.3ms
[238.113s][info][gc,phases      ] GC(258)   Merge Heap Roots: 0.4ms
[238.113s][info][gc,phases      ] GC(258)   Evacuate Collection Set: 160.7ms
[238.113s][info][gc,phases      ] GC(258)   Post Evacuate Collection Set: 0.9ms
[238.113s][info][gc,phases      ] GC(258)   Other: 0.1ms
[238.113s][info][gc,heap        ] GC(258) Eden regions: 186->0(750)
[238.113s][info][gc,heap        ] GC(258) Survivor regions: 98->22(36)
[238.113s][info][gc,heap        ] GC(258) Old regions: 164->259
[238.113s][info][gc,heap        ] GC(258) Humongous regions: 122->115
[238.113s][info][gc,metaspace   ] GC(258) Metaspace: 76566K(77632K)->76566K(77632K) NonClass: 67194K(67712K)->67194K(67712K) Class: 9371K(9920K)->9371K(9920K)
[238.113s][info][gc             ] GC(258) Pause Young (Normal) (G1 Evacuation Pause) 1134M->785M(4096M) 162.644ms
[238.113s][info][gc,cpu         ] GC(258) User=1.00s Sys=0.00s Real=0.17s
[239.227s][info][gc,start       ] GC(259) Pause Young (Normal) (G1 Evacuation Pause)
[239.227s][info][gc,task        ] GC(259) Using 6 workers of 6 for evacuation
[239.450s][info][gc,mmu         ] GC(259) MMU target violated: 201.0ms (200.0ms/201.0ms)
[239.450s][info][gc,phases      ] GC(259)   Pre Evacuate Collection Set: 0.3ms
[239.450s][info][gc,phases      ] GC(259)   Merge Heap Roots: 0.8ms
[239.450s][info][gc,phases      ] GC(259)   Evacuate Collection Set: 219.9ms
[239.450s][info][gc,phases      ] GC(259)   Post Evacuate Collection Set: 1.1ms
[239.450s][info][gc,phases      ] GC(259)   Other: 0.2ms
[239.450s][info][gc,heap        ] GC(259) Eden regions: 728->0(33)
[239.450s][info][gc,heap        ] GC(259) Survivor regions: 22->94(94)
[239.450s][info][gc,heap        ] GC(259) Old regions: 259->269
[239.450s][info][gc,heap        ] GC(259) Humongous regions: 299->199
[239.450s][info][gc,metaspace   ] GC(259) Metaspace: 76566K(77632K)->76566K(77632K) NonClass: 67194K(67712K)->67194K(67712K) Class: 9371K(9920K)->9371K(9920K)
[239.450s][info][gc             ] GC(259) Pause Young (Normal) (G1 Evacuation Pause) 2609M->1118M(4096M) 222.531ms
[239.450s][info][gc,cpu         ] GC(259) User=1.23s Sys=0.00s Real=0.22s
[239.501s][info][gc,start       ] GC(260) Pause Young (Normal) (G1 Evacuation Pause)
[239.501s][info][gc,task        ] GC(260) Using 6 workers of 6 for evacuation
[239.607s][info][gc,phases      ] GC(260)   Pre Evacuate Collection Set: 0.3ms
[239.607s][info][gc,phases      ] GC(260)   Merge Heap Roots: 0.9ms
[239.607s][info][gc,phases      ] GC(260)   Evacuate Collection Set: 104.7ms
[239.607s][info][gc,phases      ] GC(260)   Post Evacuate Collection Set: 0.5ms
[239.607s][info][gc,phases      ] GC(260)   Other: 0.1ms
[239.607s][info][gc,heap        ] GC(260) Eden regions: 53->0(729)
[239.607s][info][gc,heap        ] GC(260) Survivor regions: 94->13(19)
[239.607s][info][gc,heap        ] GC(260) Old regions: 269->365
[239.607s][info][gc,heap        ] GC(260) Humongous regions: 205->201
[239.607s][info][gc,metaspace   ] GC(260) Metaspace: 76566K(77632K)->76566K(77632K) NonClass: 67194K(67712K)->67194K(67712K) Class: 9371K(9920K)->9371K(9920K)
[239.607s][info][gc             ] GC(260) Pause Young (Normal) (G1 Evacuation Pause) 1236M->1150M(4096M) 106.679ms
[239.607s][info][gc,cpu         ] GC(260) User=0.58s Sys=0.00s Real=0.11s
[239.753s][info][gc,start       ] GC(261) Pause Full (System.gc())
[239.753s][info][gc,task        ] GC(261) Using 6 workers of 6 for full compaction
[239.754s][info][gc,phases,start] GC(261) Phase 1: Mark live objects
[239.782s][info][gc,phases      ] GC(261) Phase 1: Mark live objects 28.432ms
[239.782s][info][gc,phases,start] GC(261) Phase 2: Prepare compaction
[239.784s][info][gc,phases      ] GC(261) Phase 2: Prepare compaction 1.613ms
[239.784s][info][gc,phases,start] GC(261) Phase 3: Adjust pointers
[239.795s][info][gc,phases      ] GC(261) Phase 3: Adjust pointers 11.297ms
[239.795s][info][gc,phases,start] GC(261) Phase 4: Compact heap
[239.796s][info][gc,phases      ] GC(261) Phase 4: Compact heap 1.405ms
[239.797s][info][gc,phases,start] GC(261) Phase 5: Reset Metadata
[239.804s][info][gc,phases      ] GC(261) Phase 5: Reset Metadata 7.173ms
[239.819s][info][gc,heap        ] GC(261) Eden regions: 238->0(820)
[239.819s][info][gc,heap        ] GC(261) Survivor regions: 13->0(19)
[239.820s][info][gc,heap        ] GC(261) Old regions: 365->76
[239.820s][info][gc,heap        ] GC(261) Humongous regions: 203->3
[239.820s][info][gc,metaspace   ] GC(261) Metaspace: 76566K(77632K)->76566K(77632K) NonClass: 67194K(67712K)->67194K(67712K) Class: 9371K(9920K)->9371K(9920K)
[239.820s][info][gc             ] GC(261) Pause Full (System.gc()) 1630M->152M(4096M) 66.415ms
[239.820s][info][gc,cpu         ] GC(261) User=0.12s Sys=0.00s Real=0.06s
[241.046s][info][gc,start       ] GC(262) Pause Young (Normal) (G1 Evacuation Pause)
[241.046s][info][gc,task        ] GC(262) Using 6 workers of 6 for evacuation
[241.221s][info][gc,phases      ] GC(262)   Pre Evacuate Collection Set: 0.3ms
[241.221s][info][gc,phases      ] GC(262)   Merge Heap Roots: 0.4ms
[241.221s][info][gc,phases      ] GC(262)   Evacuate Collection Set: 172.7ms
[241.221s][info][gc,phases      ] GC(262)   Post Evacuate Collection Set: 1.5ms
[241.221s][info][gc,phases      ] GC(262)   Other: 0.2ms
[241.221s][info][gc,heap        ] GC(262) Eden regions: 907->0(817)
[241.221s][info][gc,heap        ] GC(262) Survivor regions: 0->92(114)
[241.221s][info][gc,heap        ] GC(262) Old regions: 76->76
[241.221s][info][gc,heap        ] GC(262) Humongous regions: 57->47
[241.221s][info][gc,metaspace   ] GC(262) Metaspace: 76567K(77632K)->76567K(77632K) NonClass: 67196K(67712K)->67196K(67712K) Class: 9371K(9920K)->9371K(9920K)
[241.221s][info][gc             ] GC(262) Pause Young (Normal) (G1 Evacuation Pause) 2074M->423M(4096M) 175.406ms
[241.221s][info][gc,cpu         ] GC(262) User=0.98s Sys=0.00s Real=0.17s
[241.991s][info][gc,start       ] GC(263) Pause Young (Normal) (G1 Evacuation Pause)
[241.991s][info][gc,task        ] GC(263) Using 6 workers of 6 for evacuation
[242.265s][info][gc,mmu         ] GC(263) MMU target violated: 201.0ms (200.0ms/201.0ms)
[242.265s][info][gc,phases      ] GC(263)   Pre Evacuate Collection Set: 0.3ms
[242.265s][info][gc,phases      ] GC(263)   Merge Heap Roots: 0.6ms
[242.265s][info][gc,phases      ] GC(263)   Evacuate Collection Set: 272.2ms
[242.265s][info][gc,phases      ] GC(263)   Post Evacuate Collection Set: 1.0ms
[242.265s][info][gc,phases      ] GC(263)   Other: 0.2ms
[242.265s][info][gc,heap        ] GC(263) Eden regions: 816->0(132)
[242.265s][info][gc,heap        ] GC(263) Survivor regions: 92->98(114)
[242.265s][info][gc,heap        ] GC(263) Old regions: 76->167
[242.265s][info][gc,heap        ] GC(263) Humongous regions: 95->95
[242.265s][info][gc,metaspace   ] GC(263) Metaspace: 76567K(77632K)->76567K(77632K) NonClass: 67196K(67712K)->67196K(67712K) Class: 9371K(9920K)->9371K(9920K)
[242.265s][info][gc             ] GC(263) Pause Young (Normal) (G1 Evacuation Pause) 2151M->713M(4096M) 274.507ms
[242.265s][info][gc,cpu         ] GC(263) User=1.52s Sys=0.00s Real=0.27s
[242.810s][info][gc,start       ] GC(264) Pause Young (Normal) (G1 Evacuation Pause)
[242.810s][info][gc,task        ] GC(264) Using 6 workers of 6 for evacuation
[242.970s][info][gc,phases      ] GC(264)   Pre Evacuate Collection Set: 0.3ms
[242.970s][info][gc,phases      ] GC(264)   Merge Heap Roots: 0.4ms
[242.970s][info][gc,phases      ] GC(264)   Evacuate Collection Set: 158.4ms
[242.970s][info][gc,phases      ] GC(264)   Post Evacuate Collection Set: 0.7ms
[242.970s][info][gc,phases      ] GC(264)   Other: 0.1ms
[242.970s][info][gc,heap        ] GC(264) Eden regions: 171->0(781)
[242.970s][info][gc,heap        ] GC(264) Survivor regions: 98->19(34)
[242.970s][info][gc,heap        ] GC(264) Old regions: 167->264
[242.970s][info][gc,heap        ] GC(264) Humongous regions: 129->115
[242.970s][info][gc,metaspace   ] GC(264) Metaspace: 76567K(77632K)->76567K(77632K) NonClass: 67196K(67712K)->67196K(67712K) Class: 9371K(9920K)->9371K(9920K)
[242.970s][info][gc             ] GC(264) Pause Young (Normal) (G1 Evacuation Pause) 1123M->789M(4096M) 160.163ms
[242.970s][info][gc,cpu         ] GC(264) User=0.88s Sys=0.00s Real=0.15s
[244.228s][info][gc,start       ] GC(265) Pause Young (Normal) (G1 Evacuation Pause)
[244.228s][info][gc,task        ] GC(265) Using 6 workers of 6 for evacuation
[244.456s][info][gc,mmu         ] GC(265) MMU target violated: 201.0ms (200.0ms/201.0ms)
[244.456s][info][gc,phases      ] GC(265)   Pre Evacuate Collection Set: 0.6ms
[244.456s][info][gc,phases      ] GC(265)   Merge Heap Roots: 0.9ms
[244.456s][info][gc,phases      ] GC(265)   Evacuate Collection Set: 225.0ms
[244.456s][info][gc,phases      ] GC(265)   Post Evacuate Collection Set: 0.9ms
[244.456s][info][gc,phases      ] GC(265)   Other: 0.2ms
[244.456s][info][gc,heap        ] GC(265) Eden regions: 763->0(46)
[244.456s][info][gc,heap        ] GC(265) Survivor regions: 19->98(98)
[244.456s][info][gc,heap        ] GC(265) Old regions: 264->275
[244.456s][info][gc,heap        ] GC(265) Humongous regions: 294->194
[244.456s][info][gc,metaspace   ] GC(265) Metaspace: 76567K(77632K)->76567K(77632K) NonClass: 67196K(67712K)->67196K(67712K) Class: 9371K(9920K)->9371K(9920K)
[244.456s][info][gc             ] GC(265) Pause Young (Normal) (G1 Evacuation Pause) 2673M->1127M(4096M) 227.618ms
[244.456s][info][gc,cpu         ] GC(265) User=1.02s Sys=0.06s Real=0.23s
[244.487s][info][gc,start       ] GC(266) Pause Young (Normal) (G1 Evacuation Pause)
[244.487s][info][gc,task        ] GC(266) Using 6 workers of 6 for evacuation
[244.581s][info][gc,phases      ] GC(266)   Pre Evacuate Collection Set: 0.4ms
[244.581s][info][gc,phases      ] GC(266)   Merge Heap Roots: 0.7ms
[244.581s][info][gc,phases      ] GC(266)   Evacuate Collection Set: 92.0ms
[244.581s][info][gc,phases      ] GC(266)   Post Evacuate Collection Set: 0.4ms
[244.581s][info][gc,phases      ] GC(266)   Other: 0.1ms
[244.581s][info][gc,heap        ] GC(266) Eden regions: 49->0(995)
[244.581s][info][gc,heap        ] GC(266) Survivor regions: 98->3(19)
[244.581s][info][gc,heap        ] GC(266) Old regions: 275->374
[244.581s][info][gc,heap        ] GC(266) Humongous regions: 194->194
[244.581s][info][gc,metaspace   ] GC(266) Metaspace: 76567K(77632K)->76567K(77632K) NonClass: 67196K(67712K)->67196K(67712K) Class: 9371K(9920K)->9371K(9920K)
[244.581s][info][gc             ] GC(266) Pause Young (Normal) (G1 Evacuation Pause) 1225M->1135M(4096M) 93.806ms
[244.581s][info][gc,cpu         ] GC(266) User=0.56s Sys=0.00s Real=0.09s
[244.689s][info][gc,start       ] GC(267) Pause Full (System.gc())
[244.689s][info][gc,task        ] GC(267) Using 6 workers of 6 for full compaction
[244.689s][info][gc,phases,start] GC(267) Phase 1: Mark live objects
[244.717s][info][gc,phases      ] GC(267) Phase 1: Mark live objects 28.365ms
[244.717s][info][gc,phases,start] GC(267) Phase 2: Prepare compaction
[244.719s][info][gc,phases      ] GC(267) Phase 2: Prepare compaction 1.531ms
[244.719s][info][gc,phases,start] GC(267) Phase 3: Adjust pointers
[244.732s][info][gc,phases      ] GC(267) Phase 3: Adjust pointers 13.168ms
[244.732s][info][gc,phases,start] GC(267) Phase 4: Compact heap
[244.734s][info][gc,phases      ] GC(267) Phase 4: Compact heap 1.665ms
[244.734s][info][gc,phases,start] GC(267) Phase 5: Reset Metadata
[244.740s][info][gc,phases      ] GC(267) Phase 5: Reset Metadata 6.358ms
[244.756s][info][gc,heap        ] GC(267) Eden regions: 180->0(1018)
[244.756s][info][gc,heap        ] GC(267) Survivor regions: 3->0(19)
[244.756s][info][gc,heap        ] GC(267) Old regions: 374->76
[244.756s][info][gc,heap        ] GC(267) Humongous regions: 196->3
[244.756s][info][gc,metaspace   ] GC(267) Metaspace: 76567K(77632K)->76567K(77632K) NonClass: 67196K(67712K)->67196K(67712K) Class: 9371K(9920K)->9371K(9920K)
[244.756s][info][gc             ] GC(267) Pause Full (System.gc()) 1499M->152M(4096M) 67.164ms
[244.756s][info][gc,cpu         ] GC(267) User=0.12s Sys=0.00s Real=0.06s
[246.195s][info][gc,start       ] GC(268) Pause Young (Normal) (G1 Evacuation Pause)
[246.195s][info][gc,task        ] GC(268) Using 6 workers of 6 for evacuation
[246.437s][info][gc,mmu         ] GC(268) MMU target violated: 201.0ms (200.0ms/201.0ms)
[246.437s][info][gc,phases      ] GC(268)   Pre Evacuate Collection Set: 0.3ms
[246.437s][info][gc,phases      ] GC(268)   Merge Heap Roots: 0.7ms
[246.437s][info][gc,phases      ] GC(268)   Evacuate Collection Set: 239.6ms
[246.437s][info][gc,phases      ] GC(268)   Post Evacuate Collection Set: 1.4ms
[246.437s][info][gc,phases      ] GC(268)   Other: 0.2ms
[246.437s][info][gc,heap        ] GC(268) Eden regions: 1065->0(881)
[246.438s][info][gc,heap        ] GC(268) Survivor regions: 0->134(134)
[246.438s][info][gc,heap        ] GC(268) Old regions: 76->76
[246.438s][info][gc,heap        ] GC(268) Humongous regions: 81->71
[246.438s][info][gc,metaspace   ] GC(268) Metaspace: 76569K(77632K)->76569K(77632K) NonClass: 67198K(67712K)->67198K(67712K) Class: 9371K(9920K)->9371K(9920K)
[246.438s][info][gc             ] GC(268) Pause Young (Normal) (G1 Evacuation Pause) 2438M->556M(4096M) 242.420ms
[246.438s][info][gc,cpu         ] GC(268) User=1.50s Sys=0.00s Real=0.24s
[247.701s][info][gc,start       ] GC(269) Pause Young (Normal) (G1 Evacuation Pause)
[247.701s][info][gc,task        ] GC(269) Using 6 workers of 6 for evacuation
[248.012s][info][gc,mmu         ] GC(269) MMU target violated: 201.0ms (200.0ms/201.0ms)
[248.013s][info][gc,phases      ] GC(269)   Pre Evacuate Collection Set: 0.3ms
[248.013s][info][gc,phases      ] GC(269)   Merge Heap Roots: 0.9ms
[248.013s][info][gc,phases      ] GC(269)   Evacuate Collection Set: 308.7ms
[248.013s][info][gc,phases      ] GC(269)   Post Evacuate Collection Set: 1.5ms
[248.013s][info][gc,phases      ] GC(269)   Other: 0.2ms
[248.013s][info][gc,heap        ] GC(269) Eden regions: 855->0(179)
[248.013s][info][gc,heap        ] GC(269) Survivor regions: 134->77(124)
[248.013s][info][gc,heap        ] GC(269) Old regions: 76->210
[248.013s][info][gc,heap        ] GC(269) Humongous regions: 133->119
[248.013s][info][gc,metaspace   ] GC(269) Metaspace: 76572K(77632K)->76572K(77632K) NonClass: 67201K(67712K)->67201K(67712K) Class: 9371K(9920K)->9371K(9920K)
[248.013s][info][gc             ] GC(269) Pause Young (Normal) (G1 Evacuation Pause) 2390M->805M(4096M) 311.814ms
[248.013s][info][gc,cpu         ] GC(269) User=1.80s Sys=0.00s Real=0.31s
[248.266s][info][gc,start       ] GC(270) Pause Young (Normal) (G1 Evacuation Pause)
[248.266s][info][gc,task        ] GC(270) Using 6 workers of 6 for evacuation
[248.413s][info][gc,phases      ] GC(270)   Pre Evacuate Collection Set: 0.3ms
[248.413s][info][gc,phases      ] GC(270)   Merge Heap Roots: 0.9ms
[248.413s][info][gc,phases      ] GC(270)   Evacuate Collection Set: 144.6ms
[248.413s][info][gc,phases      ] GC(270)   Post Evacuate Collection Set: 0.6ms
[248.413s][info][gc,phases      ] GC(270)   Other: 0.1ms
[248.413s][info][gc,heap        ] GC(270) Eden regions: 152->0(388)
[248.413s][info][gc,heap        ] GC(270) Survivor regions: 77->24(29)
[248.413s][info][gc,heap        ] GC(270) Old regions: 210->286
[248.413s][info][gc,heap        ] GC(270) Humongous regions: 146->139
[248.413s][info][gc,metaspace   ] GC(270) Metaspace: 76576K(77632K)->76576K(77632K) NonClass: 67205K(67712K)->67205K(67712K) Class: 9371K(9920K)->9371K(9920K)
[248.413s][info][gc             ] GC(270) Pause Young (Normal) (G1 Evacuation Pause) 1163M->890M(4096M) 146.612ms
[248.413s][info][gc,cpu         ] GC(270) User=0.84s Sys=0.00s Real=0.14s
[249.149s][info][gc,start       ] GC(271) Pause Young (Normal) (G1 Evacuation Pause)
[249.149s][info][gc,task        ] GC(271) Using 6 workers of 6 for evacuation
[249.276s][info][gc,phases      ] GC(271)   Pre Evacuate Collection Set: 0.3ms
[249.276s][info][gc,phases      ] GC(271)   Merge Heap Roots: 0.3ms
[249.276s][info][gc,phases      ] GC(271)   Evacuate Collection Set: 125.5ms
[249.276s][info][gc,phases      ] GC(271)   Post Evacuate Collection Set: 0.9ms
[249.276s][info][gc,phases      ] GC(271)   Other: 0.1ms
[249.276s][info][gc,heap        ] GC(271) Eden regions: 429->0(245)
[249.276s][info][gc,heap        ] GC(271) Survivor regions: 24->57(57)
[249.276s][info][gc,heap        ] GC(271) Old regions: 286->295
[249.276s][info][gc,heap        ] GC(271) Humongous regions: 220->181
[249.276s][info][gc,metaspace   ] GC(271) Metaspace: 76577K(77632K)->76577K(77632K) NonClass: 67206K(67712K)->67206K(67712K) Class: 9371K(9920K)->9371K(9920K)
[249.276s][info][gc             ] GC(271) Pause Young (Normal) (G1 Evacuation Pause) 1910M->1060M(4096M) 127.331ms
[249.276s][info][gc,cpu         ] GC(271) User=0.70s Sys=0.00s Real=0.13s
[249.553s][info][gc,start       ] GC(272) Pause Young (Normal) (G1 Evacuation Pause)
[249.553s][info][gc,task        ] GC(272) Using 6 workers of 6 for evacuation
[249.644s][info][gc,phases      ] GC(272)   Pre Evacuate Collection Set: 0.2ms
[249.644s][info][gc,phases      ] GC(272)   Merge Heap Roots: 0.4ms
[249.644s][info][gc,phases      ] GC(272)   Evacuate Collection Set: 90.6ms
[249.644s][info][gc,phases      ] GC(272)   Post Evacuate Collection Set: 0.6ms
[249.644s][info][gc,phases      ] GC(272)   Other: 0.1ms
[249.645s][info][gc,heap        ] GC(272) Eden regions: 261->0(520)
[249.645s][info][gc,heap        ] GC(272) Survivor regions: 57->25(40)
[249.645s][info][gc,heap        ] GC(272) Old regions: 295->353
[249.645s][info][gc,heap        ] GC(272) Humongous regions: 241->190
[249.645s][info][gc,metaspace   ] GC(272) Metaspace: 76600K(77696K)->76600K(77696K) NonClass: 67229K(67776K)->67229K(67776K) Class: 9371K(9920K)->9371K(9920K)
[249.645s][info][gc             ] GC(272) Pause Young (Normal) (G1 Evacuation Pause) 1702M->1128M(4096M) 92.026ms
[249.645s][info][gc,cpu         ] GC(272) User=0.48s Sys=0.00s Real=0.09s
[249.716s][info][gc,start       ] GC(273) Pause Full (System.gc())
[249.716s][info][gc,task        ] GC(273) Using 6 workers of 6 for full compaction
[249.716s][info][gc,phases,start] GC(273) Phase 1: Mark live objects
[249.745s][info][gc,phases      ] GC(273) Phase 1: Mark live objects 28.577ms
[249.745s][info][gc,phases,start] GC(273) Phase 2: Prepare compaction
[249.746s][info][gc,phases      ] GC(273) Phase 2: Prepare compaction 1.356ms
[249.746s][info][gc,phases,start] GC(273) Phase 3: Adjust pointers
[249.758s][info][gc,phases      ] GC(273) Phase 3: Adjust pointers 11.182ms
[249.758s][info][gc,phases,start] GC(273) Phase 4: Compact heap
[249.759s][info][gc,phases      ] GC(273) Phase 4: Compact heap 1.254ms
[249.759s][info][gc,phases,start] GC(273) Phase 5: Reset Metadata
[249.766s][info][gc,phases      ] GC(273) Phase 5: Reset Metadata 6.675ms
[249.782s][info][gc,heap        ] GC(273) Eden regions: 122->0(651)
[249.782s][info][gc,heap        ] GC(273) Survivor regions: 25->0(40)
[249.782s][info][gc,heap        ] GC(273) Old regions: 353->76
[249.782s][info][gc,heap        ] GC(273) Humongous regions: 192->3
[249.782s][info][gc,metaspace   ] GC(273) Metaspace: 76600K(77696K)->76600K(77696K) NonClass: 67229K(67776K)->67229K(67776K) Class: 9371K(9920K)->9371K(9920K)
[249.782s][info][gc             ] GC(273) Pause Full (System.gc()) 1375M->152M(4096M) 65.867ms
[249.782s][info][gc,cpu         ] GC(273) User=0.12s Sys=0.00s Real=0.06s
[250.367s][info][gc,start       ] GC(274) Pause Young (Normal) (G1 Evacuation Pause)
[250.367s][info][gc,task        ] GC(274) Using 6 workers of 6 for evacuation
[250.499s][info][gc,phases      ] GC(274)   Pre Evacuate Collection Set: 0.3ms
[250.499s][info][gc,phases      ] GC(274)   Merge Heap Roots: 0.4ms
[250.499s][info][gc,phases      ] GC(274)   Evacuate Collection Set: 130.3ms
[250.499s][info][gc,phases      ] GC(274)   Post Evacuate Collection Set: 0.7ms
[250.499s][info][gc,phases      ] GC(274)   Other: 0.1ms
[250.499s][info][gc,heap        ] GC(274) Eden regions: 689->0(654)
[250.499s][info][gc,heap        ] GC(274) Survivor regions: 0->81(87)
[250.499s][info][gc,heap        ] GC(274) Old regions: 76->76
[250.499s][info][gc,heap        ] GC(274) Humongous regions: 42->39
[250.499s][info][gc,metaspace   ] GC(274) Metaspace: 76600K(77696K)->76600K(77696K) NonClass: 67229K(67776K)->67229K(67776K) Class: 9371K(9920K)->9371K(9920K)
[250.499s][info][gc             ] GC(274) Pause Young (Normal) (G1 Evacuation Pause) 1608M->386M(4096M) 132.044ms
[250.499s][info][gc,cpu         ] GC(274) User=0.75s Sys=0.00s Real=0.13s
[251.477s][info][gc,start       ] GC(275) Pause Young (Normal) (G1 Evacuation Pause)
[251.477s][info][gc,task        ] GC(275) Using 6 workers of 6 for evacuation
[251.728s][info][gc,mmu         ] GC(275) MMU target violated: 201.0ms (200.0ms/201.0ms)
[251.728s][info][gc,phases      ] GC(275)   Pre Evacuate Collection Set: 0.3ms
[251.728s][info][gc,phases      ] GC(275)   Merge Heap Roots: 0.6ms
[251.728s][info][gc,phases      ] GC(275)   Evacuate Collection Set: 248.8ms
[251.728s][info][gc,phases      ] GC(275)   Post Evacuate Collection Set: 1.0ms
[251.728s][info][gc,phases      ] GC(275)   Other: 0.1ms
[251.728s][info][gc,heap        ] GC(275) Eden regions: 653->0(240)
[251.728s][info][gc,heap        ] GC(275) Survivor regions: 81->86(92)
[251.728s][info][gc,heap        ] GC(275) Old regions: 76->154
[251.728s][info][gc,heap        ] GC(275) Humongous regions: 90->83
[251.728s][info][gc,metaspace   ] GC(275) Metaspace: 76601K(77696K)->76601K(77696K) NonClass: 67230K(67776K)->67230K(67776K) Class: 9371K(9920K)->9371K(9920K)
[251.728s][info][gc             ] GC(275) Pause Young (Normal) (G1 Evacuation Pause) 1794M->639M(4096M) 251.023ms
[251.728s][info][gc,cpu         ] GC(275) User=1.41s Sys=0.00s Real=0.25s
[251.941s][info][gc,start       ] GC(276) Pause Young (Normal) (G1 Evacuation Pause)
[251.942s][info][gc,task        ] GC(276) Using 6 workers of 6 for evacuation
[252.057s][info][gc,phases      ] GC(276)   Pre Evacuate Collection Set: 0.3ms
[252.057s][info][gc,phases      ] GC(276)   Merge Heap Roots: 0.6ms
[252.057s][info][gc,phases      ] GC(276)   Evacuate Collection Set: 113.8ms
[252.057s][info][gc,phases      ] GC(276)   Post Evacuate Collection Set: 0.6ms
[252.057s][info][gc,phases      ] GC(276)   Other: 0.1ms
[252.057s][info][gc,heap        ] GC(276) Eden regions: 248->0(665)
[252.057s][info][gc,heap        ] GC(276) Survivor regions: 86->20(42)
[252.057s][info][gc,heap        ] GC(276) Old regions: 154->240
[252.057s][info][gc,heap        ] GC(276) Humongous regions: 95->95
[252.057s][info][gc,metaspace   ] GC(276) Metaspace: 76601K(77696K)->76601K(77696K) NonClass: 67230K(67776K)->67230K(67776K) Class: 9371K(9920K)->9371K(9920K)
[252.057s][info][gc             ] GC(276) Pause Young (Normal) (G1 Evacuation Pause) 1159M->703M(4096M) 115.617ms
[252.057s][info][gc,cpu         ] GC(276) User=0.69s Sys=0.00s Real=0.13s
[253.315s][info][gc,start       ] GC(277) Pause Young (Normal) (G1 Evacuation Pause)
[253.315s][info][gc,task        ] GC(277) Using 6 workers of 6 for evacuation
[253.507s][info][gc,phases      ] GC(277)   Pre Evacuate Collection Set: 0.3ms
[253.507s][info][gc,phases      ] GC(277)   Merge Heap Roots: 0.5ms
[253.507s][info][gc,phases      ] GC(277)   Evacuate Collection Set: 190.4ms
[253.507s][info][gc,phases      ] GC(277)   Post Evacuate Collection Set: 1.1ms
[253.507s][info][gc,phases      ] GC(277)   Other: 0.1ms
[253.507s][info][gc,heap        ] GC(277) Eden regions: 683->0(154)
[253.507s][info][gc,heap        ] GC(277) Survivor regions: 20->85(88)
[253.507s][info][gc,heap        ] GC(277) Old regions: 240->240
[253.507s][info][gc,heap        ] GC(277) Humongous regions: 167->139
[253.507s][info][gc,metaspace   ] GC(277) Metaspace: 76603K(77696K)->76603K(77696K) NonClass: 67231K(67776K)->67231K(67776K) Class: 9371K(9920K)->9371K(9920K)
[253.508s][info][gc             ] GC(277) Pause Young (Normal) (G1 Evacuation Pause) 2213M->920M(4096M) 192.556ms
[253.508s][info][gc,cpu         ] GC(277) User=1.06s Sys=0.00s Real=0.19s
[253.714s][info][gc,start       ] GC(278) Pause Young (Normal) (G1 Evacuation Pause)
[253.714s][info][gc,task        ] GC(278) Using 6 workers of 6 for evacuation
[253.835s][info][gc,phases      ] GC(278)   Pre Evacuate Collection Set: 0.3ms
[253.835s][info][gc,phases      ] GC(278)   Merge Heap Roots: 0.4ms
[253.835s][info][gc,phases      ] GC(278)   Evacuate Collection Set: 119.3ms
[253.835s][info][gc,phases      ] GC(278)   Post Evacuate Collection Set: 0.5ms
[253.835s][info][gc,phases      ] GC(278)   Other: 0.1ms
[253.835s][info][gc,heap        ] GC(278) Eden regions: 156->0(552)
[253.835s][info][gc,heap        ] GC(278) Survivor regions: 85->25(31)
[253.835s][info][gc,heap        ] GC(278) Old regions: 240->322
[253.835s][info][gc,heap        ] GC(278) Humongous regions: 151->151
[253.835s][info][gc,metaspace   ] GC(278) Metaspace: 76603K(77696K)->76603K(77696K) NonClass: 67231K(67776K)->67231K(67776K) Class: 9371K(9920K)->9371K(9920K)
[253.835s][info][gc             ] GC(278) Pause Young (Normal) (G1 Evacuation Pause) 1256M->989M(4096M) 120.797ms
[253.835s][info][gc,cpu         ] GC(278) User=0.67s Sys=0.00s Real=0.12s
[254.304s][info][gc,start       ] GC(279) Pause Full (System.gc())
[254.304s][info][gc,task        ] GC(279) Using 6 workers of 6 for full compaction
[254.305s][info][gc,phases,start] GC(279) Phase 1: Mark live objects
[254.333s][info][gc,phases      ] GC(279) Phase 1: Mark live objects 28.292ms
[254.333s][info][gc,phases,start] GC(279) Phase 2: Prepare compaction
[254.335s][info][gc,phases      ] GC(279) Phase 2: Prepare compaction 1.907ms
[254.335s][info][gc,phases,start] GC(279) Phase 3: Adjust pointers
[254.346s][info][gc,phases      ] GC(279) Phase 3: Adjust pointers 10.895ms
[254.346s][info][gc,phases,start] GC(279) Phase 4: Compact heap
[254.348s][info][gc,phases      ] GC(279) Phase 4: Compact heap 1.491ms
[254.348s][info][gc,phases,start] GC(279) Phase 5: Reset Metadata
[254.355s][info][gc,phases      ] GC(279) Phase 5: Reset Metadata 6.938ms
[254.371s][info][gc,heap        ] GC(279) Eden regions: 453->0(697)
[254.371s][info][gc,heap        ] GC(279) Survivor regions: 25->0(31)
[254.371s][info][gc,heap        ] GC(279) Old regions: 322->76
[254.371s][info][gc,heap        ] GC(279) Humongous regions: 286->3
[254.371s][info][gc,metaspace   ] GC(279) Metaspace: 76603K(77696K)->76603K(77696K) NonClass: 67232K(67776K)->67232K(67776K) Class: 9371K(9920K)->9371K(9920K)
[254.371s][info][gc             ] GC(279) Pause Full (System.gc()) 2165M->152M(4096M) 66.537ms
[254.371s][info][gc,cpu         ] GC(279) User=0.09s Sys=0.00s Real=0.06s
[254.994s][info][gc,start       ] GC(280) Pause Young (Normal) (G1 Evacuation Pause)
[254.994s][info][gc,task        ] GC(280) Using 6 workers of 6 for evacuation
[255.132s][info][gc,phases      ] GC(280)   Pre Evacuate Collection Set: 0.3ms
[255.132s][info][gc,phases      ] GC(280)   Merge Heap Roots: 0.4ms
[255.132s][info][gc,phases      ] GC(280)   Evacuate Collection Set: 136.3ms
[255.132s][info][gc,phases      ] GC(280)   Post Evacuate Collection Set: 1.0ms
[255.132s][info][gc,phases      ] GC(280)   Other: 0.1ms
[255.132s][info][gc,heap        ] GC(280) Eden regions: 742->0(698)
[255.132s][info][gc,heap        ] GC(280) Survivor regions: 0->84(93)
[255.132s][info][gc,heap        ] GC(280) Old regions: 76->76
[255.132s][info][gc,heap        ] GC(280) Humongous regions: 42->39
[255.132s][info][gc,metaspace   ] GC(280) Metaspace: 76619K(77696K)->76619K(77696K) NonClass: 67248K(67776K)->67248K(67776K) Class: 9371K(9920K)->9371K(9920K)
[255.132s][info][gc             ] GC(280) Pause Young (Normal) (G1 Evacuation Pause) 1714M->392M(4096M) 138.251ms
[255.132s][info][gc,cpu         ] GC(280) User=0.75s Sys=0.00s Real=0.12s
[256.133s][info][gc,start       ] GC(281) Pause Young (Normal) (G1 Evacuation Pause)
[256.133s][info][gc,task        ] GC(281) Using 6 workers of 6 for evacuation
[256.408s][info][gc,mmu         ] GC(281) MMU target violated: 201.0ms (200.0ms/201.0ms)
[256.408s][info][gc,phases      ] GC(281)   Pre Evacuate Collection Set: 0.3ms
[256.408s][info][gc,phases      ] GC(281)   Merge Heap Roots: 0.7ms
[256.408s][info][gc,phases      ] GC(281)   Evacuate Collection Set: 272.3ms
[256.408s][info][gc,phases      ] GC(281)   Post Evacuate Collection Set: 1.5ms
[256.408s][info][gc,phases      ] GC(281)   Other: 0.2ms
[256.408s][info][gc,heap        ] GC(281) Eden regions: 680->0(227)
[256.408s][info][gc,heap        ] GC(281) Survivor regions: 84->91(96)
[256.408s][info][gc,heap        ] GC(281) Old regions: 76->157
[256.408s][info][gc,heap        ] GC(281) Humongous regions: 102->95
[256.408s][info][gc,metaspace   ] GC(281) Metaspace: 76624K(77696K)->76624K(77696K) NonClass: 67253K(67776K)->67253K(67776K) Class: 9371K(9920K)->9371K(9920K)
[256.408s][info][gc             ] GC(281) Pause Young (Normal) (G1 Evacuation Pause) 1878M->679M(4096M) 275.249ms
[256.408s][info][gc,cpu         ] GC(281) User=1.64s Sys=0.00s Real=0.28s
[256.607s][info][gc,start       ] GC(282) Pause Young (Normal) (G1 Evacuation Pause)
[256.607s][info][gc,task        ] GC(282) Using 6 workers of 6 for evacuation
[256.718s][info][gc,phases      ] GC(282)   Pre Evacuate Collection Set: 0.2ms
[256.718s][info][gc,phases      ] GC(282)   Merge Heap Roots: 0.4ms
[256.718s][info][gc,phases      ] GC(282)   Evacuate Collection Set: 109.0ms
[256.718s][info][gc,phases      ] GC(282)   Post Evacuate Collection Set: 0.7ms
[256.718s][info][gc,phases      ] GC(282)   Other: 0.1ms
[256.718s][info][gc,heap        ] GC(282) Eden regions: 236->0(764)
[256.718s][info][gc,heap        ] GC(282) Survivor regions: 91->18(41)
[256.718s][info][gc,heap        ] GC(282) Old regions: 157->246
[256.718s][info][gc,heap        ] GC(282) Humongous regions: 95->95
[256.718s][info][gc,metaspace   ] GC(282) Metaspace: 76624K(77696K)->76624K(77696K) NonClass: 67253K(67776K)->67253K(67776K) Class: 9371K(9920K)->9371K(9920K)
[256.718s][info][gc             ] GC(282) Pause Young (Normal) (G1 Evacuation Pause) 1151M->711M(4096M) 110.532ms
[256.718s][info][gc,cpu         ] GC(282) User=0.58s Sys=0.00s Real=0.11s
[258.149s][info][gc,start       ] GC(283) Pause Young (Normal) (G1 Evacuation Pause)
[258.149s][info][gc,task        ] GC(283) Using 6 workers of 6 for evacuation
[258.393s][info][gc,mmu         ] GC(283) MMU target violated: 201.0ms (200.0ms/201.0ms)
[258.393s][info][gc,phases      ] GC(283)   Pre Evacuate Collection Set: 0.3ms
[258.393s][info][gc,phases      ] GC(283)   Merge Heap Roots: 0.5ms
[258.393s][info][gc,phases      ] GC(283)   Evacuate Collection Set: 241.9ms
[258.393s][info][gc,phases      ] GC(283)   Post Evacuate Collection Set: 1.0ms
[258.393s][info][gc,phases      ] GC(283)   Other: 0.2ms
[258.393s][info][gc,heap        ] GC(283) Eden regions: 789->0(55)
[258.393s][info][gc,heap        ] GC(283) Survivor regions: 18->101(101)
[258.393s][info][gc,heap        ] GC(283) Old regions: 246->246
[258.393s][info][gc,heap        ] GC(283) Humongous regions: 188->160
[258.393s][info][gc,metaspace   ] GC(283) Metaspace: 76625K(77696K)->76625K(77696K) NonClass: 67253K(67776K)->67253K(67776K) Class: 9371K(9920K)->9371K(9920K)
[258.393s][info][gc             ] GC(283) Pause Young (Normal) (G1 Evacuation Pause) 2475M->1007M(4096M) 244.160ms
[258.393s][info][gc,cpu         ] GC(283) User=1.39s Sys=0.00s Real=0.24s
[258.546s][info][gc,start       ] GC(284) Pause Young (Normal) (G1 Evacuation Pause)
[258.546s][info][gc,task        ] GC(284) Using 6 workers of 6 for evacuation
[258.652s][info][gc,phases      ] GC(284)   Pre Evacuate Collection Set: 0.3ms
[258.653s][info][gc,phases      ] GC(284)   Merge Heap Roots: 0.5ms
[258.653s][info][gc,phases      ] GC(284)   Evacuate Collection Set: 105.1ms
[258.653s][info][gc,phases      ] GC(284)   Post Evacuate Collection Set: 0.5ms
[258.653s][info][gc,phases      ] GC(284)   Other: 0.1ms
[258.653s][info][gc,heap        ] GC(284) Eden regions: 50->0(934)
[258.653s][info][gc,heap        ] GC(284) Survivor regions: 101->10(19)
[258.653s][info][gc,heap        ] GC(284) Old regions: 246->345
[258.653s][info][gc,heap        ] GC(284) Humongous regions: 256->199
[258.653s][info][gc,metaspace   ] GC(284) Metaspace: 76625K(77696K)->76625K(77696K) NonClass: 67253K(67776K)->67253K(67776K) Class: 9371K(9920K)->9371K(9920K)
[258.653s][info][gc             ] GC(284) Pause Young (Normal) (G1 Evacuation Pause) 1299M->1101M(4096M) 106.779ms
[258.653s][info][gc,cpu         ] GC(284) User=0.62s Sys=0.00s Real=0.11s
[258.912s][info][gc,start       ] GC(285) Pause Full (System.gc())
[258.912s][info][gc,task        ] GC(285) Using 6 workers of 6 for full compaction
[258.912s][info][gc,phases,start] GC(285) Phase 1: Mark live objects
[258.941s][info][gc,phases      ] GC(285) Phase 1: Mark live objects 28.736ms
[258.941s][info][gc,phases,start] GC(285) Phase 2: Prepare compaction
[258.943s][info][gc,phases      ] GC(285) Phase 2: Prepare compaction 1.611ms
[258.943s][info][gc,phases,start] GC(285) Phase 3: Adjust pointers
[258.954s][info][gc,phases      ] GC(285) Phase 3: Adjust pointers 11.007ms
[258.954s][info][gc,phases,start] GC(285) Phase 4: Compact heap
[258.955s][info][gc,phases      ] GC(285) Phase 4: Compact heap 1.510ms
[258.955s][info][gc,phases,start] GC(285) Phase 5: Reset Metadata
[258.962s][info][gc,phases      ] GC(285) Phase 5: Reset Metadata 6.484ms
[258.978s][info][gc,heap        ] GC(285) Eden regions: 386->0(1048)
[258.978s][info][gc,heap        ] GC(285) Survivor regions: 10->0(19)
[258.978s][info][gc,heap        ] GC(285) Old regions: 345->77
[258.978s][info][gc,heap        ] GC(285) Humongous regions: 229->3
[258.978s][info][gc,metaspace   ] GC(285) Metaspace: 76625K(77696K)->76625K(77696K) NonClass: 67253K(67776K)->67253K(67776K) Class: 9371K(9920K)->9371K(9920K)
[258.978s][info][gc             ] GC(285) Pause Full (System.gc()) 1933M->152M(4096M) 65.720ms
[258.978s][info][gc,cpu         ] GC(285) User=0.09s Sys=0.00s Real=0.06s
[260.425s][info][gc,start       ] GC(286) Pause Young (Normal) (G1 Evacuation Pause)
[260.425s][info][gc,task        ] GC(286) Using 6 workers of 6 for evacuation
[260.670s][info][gc,mmu         ] GC(286) MMU target violated: 201.0ms (200.0ms/201.0ms)
[260.670s][info][gc,phases      ] GC(286)   Pre Evacuate Collection Set: 0.3ms
[260.670s][info][gc,phases      ] GC(286)   Merge Heap Roots: 0.6ms
[260.670s][info][gc,phases      ] GC(286)   Evacuate Collection Set: 242.8ms
[260.670s][info][gc,phases      ] GC(286)   Post Evacuate Collection Set: 1.2ms
[260.670s][info][gc,phases      ] GC(286)   Other: 0.2ms
[260.670s][info][gc,heap        ] GC(286) Eden regions: 1081->0(854)
[260.670s][info][gc,heap        ] GC(286) Survivor regions: 0->136(136)
[260.670s][info][gc,heap        ] GC(286) Old regions: 77->77
[260.670s][info][gc,heap        ] GC(286) Humongous regions: 81->71
[260.670s][info][gc,metaspace   ] GC(286) Metaspace: 76625K(77696K)->76625K(77696K) NonClass: 67254K(67776K)->67254K(67776K) Class: 9371K(9920K)->9371K(9920K)
[260.670s][info][gc             ] GC(286) Pause Young (Normal) (G1 Evacuation Pause) 2470M->560M(4096M) 245.244ms
[260.670s][info][gc,cpu         ] GC(286) User=1.45s Sys=0.00s Real=0.25s
[261.864s][info][gc,start       ] GC(287) Pause Young (Normal) (G1 Evacuation Pause)
[261.864s][info][gc,task        ] GC(287) Using 6 workers of 6 for evacuation
[262.169s][info][gc,mmu         ] GC(287) MMU target violated: 201.0ms (200.0ms/201.0ms)
[262.169s][info][gc,phases      ] GC(287)   Pre Evacuate Collection Set: 0.3ms
[262.169s][info][gc,phases      ] GC(287)   Merge Heap Roots: 0.8ms
[262.169s][info][gc,phases      ] GC(287)   Evacuate Collection Set: 302.5ms
[262.169s][info][gc,phases      ] GC(287)   Post Evacuate Collection Set: 1.3ms
[262.169s][info][gc,phases      ] GC(287)   Other: 0.2ms
[262.169s][info][gc,heap        ] GC(287) Eden regions: 815->0(254)
[262.169s][info][gc,heap        ] GC(287) Survivor regions: 136->68(119)
[262.169s][info][gc,heap        ] GC(287) Old regions: 77->214
[262.169s][info][gc,heap        ] GC(287) Humongous regions: 129->115
[262.169s][info][gc,metaspace   ] GC(287) Metaspace: 76627K(77696K)->76627K(77696K) NonClass: 67256K(67776K)->67256K(67776K) Class: 9371K(9920K)->9371K(9920K)
[262.169s][info][gc             ] GC(287) Pause Young (Normal) (G1 Evacuation Pause) 2306M->785M(4096M) 305.332ms
[262.169s][info][gc,cpu         ] GC(287) User=1.77s Sys=0.00s Real=0.30s
[262.581s][info][gc,start       ] GC(288) Pause Young (Normal) (G1 Evacuation Pause)
[262.581s][info][gc,task        ] GC(288) Using 6 workers of 6 for evacuation
[262.738s][info][gc,phases      ] GC(288)   Pre Evacuate Collection Set: 0.3ms
[262.738s][info][gc,phases      ] GC(288)   Merge Heap Roots: 0.7ms
[262.738s][info][gc,phases      ] GC(288)   Evacuate Collection Set: 154.9ms
[262.738s][info][gc,phases      ] GC(288)   Post Evacuate Collection Set: 0.7ms
[262.738s][info][gc,phases      ] GC(288)   Other: 0.1ms
[262.738s][info][gc,heap        ] GC(288) Eden regions: 260->0(663)
[262.738s][info][gc,heap        ] GC(288) Survivor regions: 68->32(41)
[262.738s][info][gc,heap        ] GC(288) Old regions: 214->281
[262.738s][info][gc,heap        ] GC(288) Humongous regions: 146->139
[262.738s][info][gc,metaspace   ] GC(288) Metaspace: 76627K(77696K)->76627K(77696K) NonClass: 67256K(67776K)->67256K(67776K) Class: 9371K(9920K)->9371K(9920K)
[262.738s][info][gc             ] GC(288) Pause Young (Normal) (G1 Evacuation Pause) 1367M->896M(4096M) 156.944ms
[262.738s][info][gc,cpu         ] GC(288) User=0.84s Sys=0.00s Real=0.16s
[263.626s][info][gc,start       ] GC(289) Pause Young (Normal) (G1 Evacuation Pause)
[263.626s][info][gc,task        ] GC(289) Using 6 workers of 6 for evacuation
[263.815s][info][gc,phases      ] GC(289)   Pre Evacuate Collection Set: 0.3ms
[263.815s][info][gc,phases      ] GC(289)   Merge Heap Roots: 0.6ms
[263.815s][info][gc,phases      ] GC(289)   Evacuate Collection Set: 187.4ms
[263.815s][info][gc,phases      ] GC(289)   Post Evacuate Collection Set: 0.8ms
[263.815s][info][gc,phases      ] GC(289)   Other: 0.1ms
[263.815s][info][gc,heap        ] GC(289) Eden regions: 672->0(109)
[263.815s][info][gc,heap        ] GC(289) Survivor regions: 32->88(88)
[263.815s][info][gc,heap        ] GC(289) Old regions: 281->307
[263.815s][info][gc,heap        ] GC(289) Humongous regions: 293->199
[263.815s][info][gc,metaspace   ] GC(289) Metaspace: 76630K(77696K)->76630K(77696K) NonClass: 67259K(67776K)->67259K(67776K) Class: 9371K(9920K)->9371K(9920K)
[263.815s][info][gc             ] GC(289) Pause Young (Normal) (G1 Evacuation Pause) 2548M->1179M(4096M) 189.520ms
[263.816s][info][gc,cpu         ] GC(289) User=0.91s Sys=0.00s Real=0.19s
[263.842s][info][gc,start       ] GC(290) Pause Full (System.gc())
[263.842s][info][gc,task        ] GC(290) Using 6 workers of 6 for full compaction
[263.843s][info][gc,phases,start] GC(290) Phase 1: Mark live objects
[263.871s][info][gc,phases      ] GC(290) Phase 1: Mark live objects 27.956ms
[263.871s][info][gc,phases,start] GC(290) Phase 2: Prepare compaction
[263.872s][info][gc,phases      ] GC(290) Phase 2: Prepare compaction 1.189ms
[263.872s][info][gc,phases,start] GC(290) Phase 3: Adjust pointers
[263.884s][info][gc,phases      ] GC(290) Phase 3: Adjust pointers 11.831ms
[263.884s][info][gc,phases,start] GC(290) Phase 4: Compact heap
[263.885s][info][gc,phases      ] GC(290) Phase 4: Compact heap 0.956ms
[263.885s][info][gc,phases,start] GC(290) Phase 5: Reset Metadata
[263.891s][info][gc,phases      ] GC(290) Phase 5: Reset Metadata 6.417ms
[263.908s][info][gc,heap        ] GC(290) Eden regions: 59->0(947)
[263.908s][info][gc,heap        ] GC(290) Survivor regions: 88->0(88)
[263.908s][info][gc,heap        ] GC(290) Old regions: 307->77
[263.908s][info][gc,heap        ] GC(290) Humongous regions: 199->3
[263.908s][info][gc,metaspace   ] GC(290) Metaspace: 76630K(77696K)->76630K(77696K) NonClass: 67259K(67776K)->67259K(67776K) Class: 9371K(9920K)->9371K(9920K)
[263.908s][info][gc             ] GC(290) Pause Full (System.gc()) 1297M->152M(4096M) 65.367ms
[263.908s][info][gc,cpu         ] GC(290) User=0.09s Sys=0.00s Real=0.06s
[265.281s][info][gc,start       ] GC(291) Pause Young (Normal) (G1 Evacuation Pause)
[265.281s][info][gc,task        ] GC(291) Using 6 workers of 6 for evacuation
[265.494s][info][gc,mmu         ] GC(291) MMU target violated: 201.0ms (200.0ms/201.0ms)
[265.494s][info][gc,phases      ] GC(291)   Pre Evacuate Collection Set: 0.3ms
[265.494s][info][gc,phases      ] GC(291)   Merge Heap Roots: 0.6ms
[265.494s][info][gc,phases      ] GC(291)   Evacuate Collection Set: 210.6ms
[265.495s][info][gc,phases      ] GC(291)   Post Evacuate Collection Set: 1.3ms
[265.495s][info][gc,phases      ] GC(291)   Other: 0.2ms
[265.495s][info][gc,heap        ] GC(291) Eden regions: 989->0(863)
[265.495s][info][gc,heap        ] GC(291) Survivor regions: 0->106(124)
[265.495s][info][gc,heap        ] GC(291) Old regions: 77->77
[265.495s][info][gc,heap        ] GC(291) Humongous regions: 69->59
[265.495s][info][gc,metaspace   ] GC(291) Metaspace: 76634K(77696K)->76634K(77696K) NonClass: 67263K(67776K)->67263K(67776K) Class: 9371K(9920K)->9371K(9920K)
[265.495s][info][gc             ] GC(291) Pause Young (Normal) (G1 Evacuation Pause) 2262M->476M(4096M) 213.250ms
[265.495s][info][gc,cpu         ] GC(291) User=1.38s Sys=0.00s Real=0.22s
[266.657s][info][gc,start       ] GC(292) Pause Young (Normal) (G1 Evacuation Pause)
[266.657s][info][gc,task        ] GC(292) Using 6 workers of 6 for evacuation
[266.956s][info][gc,mmu         ] GC(292) MMU target violated: 201.0ms (200.0ms/201.0ms)
[266.956s][info][gc,phases      ] GC(292)   Pre Evacuate Collection Set: 0.3ms
[266.956s][info][gc,phases      ] GC(292)   Merge Heap Roots: 0.8ms
[266.956s][info][gc,phases      ] GC(292)   Evacuate Collection Set: 296.6ms
[266.956s][info][gc,phases      ] GC(292)   Post Evacuate Collection Set: 1.1ms
[266.956s][info][gc,phases      ] GC(292)   Other: 0.2ms
[266.956s][info][gc,heap        ] GC(292) Eden regions: 831->0(36)
[266.956s][info][gc,heap        ] GC(292) Survivor regions: 106->95(118)
[266.956s][info][gc,heap        ] GC(292) Old regions: 77->182
[266.956s][info][gc,heap        ] GC(292) Humongous regions: 122->115
[266.956s][info][gc,metaspace   ] GC(292) Metaspace: 76635K(77696K)->76635K(77696K) NonClass: 67263K(67776K)->67263K(67776K) Class: 9371K(9920K)->9371K(9920K)
[266.956s][info][gc             ] GC(292) Pause Young (Normal) (G1 Evacuation Pause) 2264M->775M(4096M) 298.995ms
[266.956s][info][gc,cpu         ] GC(292) User=1.73s Sys=0.00s Real=0.30s
[267.072s][info][gc,start       ] GC(293) Pause Young (Normal) (G1 Evacuation Pause)
[267.072s][info][gc,task        ] GC(293) Using 6 workers of 6 for evacuation
[267.187s][info][gc,phases      ] GC(293)   Pre Evacuate Collection Set: 0.3ms
[267.187s][info][gc,phases      ] GC(293)   Merge Heap Roots: 1.2ms
[267.187s][info][gc,phases      ] GC(293)   Evacuate Collection Set: 112.6ms
[267.187s][info][gc,phases      ] GC(293)   Post Evacuate Collection Set: 0.8ms
[267.187s][info][gc,phases      ] GC(293)   Other: 0.1ms
[267.187s][info][gc,heap        ] GC(293) Eden regions: 63->0(799)
[267.187s][info][gc,heap        ] GC(293) Survivor regions: 95->9(20)
[267.187s][info][gc,heap        ] GC(293) Old regions: 182->275
[267.187s][info][gc,heap        ] GC(293) Humongous regions: 119->115
[267.187s][info][gc,metaspace   ] GC(293) Metaspace: 76635K(77696K)->76635K(77696K) NonClass: 67264K(67776K)->67264K(67776K) Class: 9371K(9920K)->9371K(9920K)
[267.187s][info][gc             ] GC(293) Pause Young (Normal) (G1 Evacuation Pause) 909M->789M(4096M) 115.155ms
[267.187s][info][gc,cpu         ] GC(293) User=0.64s Sys=0.00s Real=0.11s
[268.484s][info][gc,start       ] GC(294) Pause Young (Normal) (G1 Evacuation Pause)
[268.484s][info][gc,task        ] GC(294) Using 6 workers of 6 for evacuation
[268.685s][info][gc,mmu         ] GC(294) MMU target violated: 201.0ms (200.0ms/201.0ms)
[268.685s][info][gc,phases      ] GC(294)   Pre Evacuate Collection Set: 0.4ms
[268.685s][info][gc,phases      ] GC(294)   Merge Heap Roots: 0.7ms
[268.685s][info][gc,phases      ] GC(294)   Evacuate Collection Set: 199.3ms
[268.685s][info][gc,phases      ] GC(294)   Post Evacuate Collection Set: 0.8ms
[268.685s][info][gc,phases      ] GC(294)   Other: 0.2ms
[268.685s][info][gc,heap        ] GC(294) Eden regions: 804->0(29)
[268.685s][info][gc,heap        ] GC(294) Survivor regions: 9->100(102)
[268.685s][info][gc,heap        ] GC(294) Old regions: 275->275
[268.685s][info][gc,heap        ] GC(294) Humongous regions: 289->188
[268.685s][info][gc,metaspace   ] GC(294) Metaspace: 76641K(77696K)->76641K(77696K) NonClass: 67270K(67776K)->67270K(67776K) Class: 9371K(9920K)->9371K(9920K)
[268.685s][info][gc             ] GC(294) Pause Young (Normal) (G1 Evacuation Pause) 2745M->1116M(4096M) 201.761ms
[268.685s][info][gc,cpu         ] GC(294) User=1.14s Sys=0.00s Real=0.20s
[268.720s][info][gc,start       ] GC(295) Pause Young (Normal) (G1 Evacuation Pause)
[268.720s][info][gc,task        ] GC(295) Using 6 workers of 6 for evacuation
[268.811s][info][gc,phases      ] GC(295)   Pre Evacuate Collection Set: 0.2ms
[268.811s][info][gc,phases      ] GC(295)   Merge Heap Roots: 0.4ms
[268.811s][info][gc,phases      ] GC(295)   Evacuate Collection Set: 90.0ms
[268.811s][info][gc,phases      ] GC(295)   Post Evacuate Collection Set: 0.4ms
[268.811s][info][gc,phases      ] GC(295)   Other: 0.1ms
[268.811s][info][gc,heap        ] GC(295) Eden regions: 55->0(1043)
[268.811s][info][gc,heap        ] GC(295) Survivor regions: 100->3(20)
[268.811s][info][gc,heap        ] GC(295) Old regions: 275->374
[268.811s][info][gc,heap        ] GC(295) Humongous regions: 188->188
[268.811s][info][gc,metaspace   ] GC(295) Metaspace: 76641K(77696K)->76641K(77696K) NonClass: 67270K(67776K)->67270K(67776K) Class: 9371K(9920K)->9371K(9920K)
[268.811s][info][gc             ] GC(295) Pause Young (Normal) (G1 Evacuation Pause) 1226M->1121M(4096M) 91.300ms
[268.812s][info][gc,cpu         ] GC(295) User=0.47s Sys=0.00s Real=0.08s
[268.890s][info][gc,start       ] GC(296) Pause Full (System.gc())
[268.890s][info][gc,task        ] GC(296) Using 6 workers of 6 for full compaction
[268.891s][info][gc,phases,start] GC(296) Phase 1: Mark live objects
[268.920s][info][gc,phases      ] GC(296) Phase 1: Mark live objects 29.016ms
[268.920s][info][gc,phases,start] GC(296) Phase 2: Prepare compaction
[268.921s][info][gc,phases      ] GC(296) Phase 2: Prepare compaction 1.328ms
[268.921s][info][gc,phases,start] GC(296) Phase 3: Adjust pointers
[268.932s][info][gc,phases      ] GC(296) Phase 3: Adjust pointers 10.734ms
[268.932s][info][gc,phases,start] GC(296) Phase 4: Compact heap
[268.933s][info][gc,phases      ] GC(296) Phase 4: Compact heap 1.065ms
[268.933s][info][gc,phases,start] GC(296) Phase 5: Reset Metadata
[268.940s][info][gc,phases      ] GC(296) Phase 5: Reset Metadata 6.501ms
[268.956s][info][gc,heap        ] GC(296) Eden regions: 140->0(1069)
[268.956s][info][gc,heap        ] GC(296) Survivor regions: 3->0(20)
[268.956s][info][gc,heap        ] GC(296) Old regions: 374->76
[268.956s][info][gc,heap        ] GC(296) Humongous regions: 190->3
[268.956s][info][gc,metaspace   ] GC(296) Metaspace: 76641K(77696K)->76641K(77696K) NonClass: 67270K(67776K)->67270K(67776K) Class: 9371K(9920K)->9371K(9920K)
[268.956s][info][gc             ] GC(296) Pause Full (System.gc()) 1404M->152M(4096M) 65.432ms
[268.956s][info][gc,cpu         ] GC(296) User=0.12s Sys=0.00s Real=0.08s
[270.432s][info][gc,start       ] GC(297) Pause Young (Normal) (G1 Evacuation Pause)
[270.432s][info][gc,task        ] GC(297) Using 6 workers of 6 for evacuation
[270.681s][info][gc,mmu         ] GC(297) MMU target violated: 201.0ms (200.0ms/201.0ms)
[270.681s][info][gc,phases      ] GC(297)   Pre Evacuate Collection Set: 0.3ms
[270.681s][info][gc,phases      ] GC(297)   Merge Heap Roots: 0.6ms
[270.681s][info][gc,phases      ] GC(297)   Evacuate Collection Set: 246.9ms
[270.681s][info][gc,phases      ] GC(297)   Post Evacuate Collection Set: 1.2ms
[270.681s][info][gc,phases      ] GC(297)   Other: 0.2ms
[270.681s][info][gc,heap        ] GC(297) Eden regions: 1099->0(900)
[270.681s][info][gc,heap        ] GC(297) Survivor regions: 0->138(138)
[270.681s][info][gc,heap        ] GC(297) Old regions: 76->78
[270.681s][info][gc,heap        ] GC(297) Humongous regions: 81->71
[270.681s][info][gc,metaspace   ] GC(297) Metaspace: 76648K(77696K)->76648K(77696K) NonClass: 67277K(67776K)->67277K(67776K) Class: 9371K(9920K)->9371K(9920K)
[270.681s][info][gc             ] GC(297) Pause Young (Normal) (G1 Evacuation Pause) 2506M->567M(4096M) 249.274ms
[270.681s][info][gc,cpu         ] GC(297) User=1.42s Sys=0.00s Real=0.25s
[272.004s][info][gc,start       ] GC(298) Pause Young (Normal) (G1 Evacuation Pause)
[272.004s][info][gc,task        ] GC(298) Using 6 workers of 6 for evacuation
[272.342s][info][gc,mmu         ] GC(298) MMU target violated: 201.0ms (200.0ms/201.0ms)
[272.342s][info][gc,phases      ] GC(298)   Pre Evacuate Collection Set: 0.3ms
[272.342s][info][gc,phases      ] GC(298)   Merge Heap Roots: 1.0ms
[272.342s][info][gc,phases      ] GC(298)   Evacuate Collection Set: 335.2ms
[272.342s][info][gc,phases      ] GC(298)   Post Evacuate Collection Set: 1.3ms
[272.342s][info][gc,phases      ] GC(298)   Other: 0.2ms
[272.342s][info][gc,heap        ] GC(298) Eden regions: 867->0(140)
[272.342s][info][gc,heap        ] GC(298) Survivor regions: 138->80(126)
[272.342s][info][gc,heap        ] GC(298) Old regions: 78->217
[272.342s][info][gc,heap        ] GC(298) Humongous regions: 141->127
[272.342s][info][gc,metaspace   ] GC(298) Metaspace: 76648K(77696K)->76648K(77696K) NonClass: 67277K(67776K)->67277K(67776K) Class: 9371K(9920K)->9371K(9920K)
[272.342s][info][gc             ] GC(298) Pause Young (Normal) (G1 Evacuation Pause) 2441M->842M(4096M) 338.127ms
[272.342s][info][gc,cpu         ] GC(298) User=1.75s Sys=0.00s Real=0.35s
[272.563s][info][gc,start       ] GC(299) Pause Young (Normal) (G1 Evacuation Pause)
[272.563s][info][gc,task        ] GC(299) Using 6 workers of 6 for evacuation
[272.698s][info][gc,phases      ] GC(299)   Pre Evacuate Collection Set: 0.3ms
[272.698s][info][gc,phases      ] GC(299)   Merge Heap Roots: 0.4ms
[272.698s][info][gc,phases      ] GC(299)   Evacuate Collection Set: 134.0ms
[272.698s][info][gc,phases      ] GC(299)   Post Evacuate Collection Set: 0.7ms
[272.698s][info][gc,phases      ] GC(299)   Other: 0.1ms
[272.698s][info][gc,heap        ] GC(299) Eden regions: 159->0(561)
[272.698s][info][gc,heap        ] GC(299) Survivor regions: 80->18(30)
[272.698s][info][gc,heap        ] GC(299) Old regions: 217->297
[272.698s][info][gc,heap        ] GC(299) Humongous regions: 146->139
[272.698s][info][gc,metaspace   ] GC(299) Metaspace: 76650K(77696K)->76650K(77696K) NonClass: 67278K(67776K)->67278K(67776K) Class: 9371K(9920K)->9371K(9920K)
[272.698s][info][gc             ] GC(299) Pause Young (Normal) (G1 Evacuation Pause) 1198M->901M(4096M) 135.653ms
[272.699s][info][gc,cpu         ] GC(299) User=0.75s Sys=0.00s Real=0.12s
[273.636s][info][gc,start       ] GC(300) Pause Young (Normal) (G1 Evacuation Pause)
[273.636s][info][gc,task        ] GC(300) Using 6 workers of 6 for evacuation
[273.781s][info][gc,phases      ] GC(300)   Pre Evacuate Collection Set: 0.3ms
[273.782s][info][gc,phases      ] GC(300)   Merge Heap Roots: 0.6ms
[273.782s][info][gc,phases      ] GC(300)   Evacuate Collection Set: 144.1ms
[273.782s][info][gc,phases      ] GC(300)   Post Evacuate Collection Set: 0.8ms
[273.782s][info][gc,phases      ] GC(300)   Other: 0.1ms
[273.782s][info][gc,heap        ] GC(300) Eden regions: 571->0(189)
[273.782s][info][gc,heap        ] GC(300) Survivor regions: 18->74(74)
[273.782s][info][gc,heap        ] GC(300) Old regions: 297->301
[273.782s][info][gc,heap        ] GC(300) Humongous regions: 287->194
[273.782s][info][gc,metaspace   ] GC(300) Metaspace: 76654K(77696K)->76654K(77696K) NonClass: 67283K(67776K)->67283K(67776K) Class: 9371K(9920K)->9371K(9920K)
[273.782s][info][gc             ] GC(300) Pause Young (Normal) (G1 Evacuation Pause) 2339M->1132M(4096M) 146.040ms
[273.782s][info][gc,cpu         ] GC(300) User=0.84s Sys=0.00s Real=0.14s
[273.894s][info][gc,start       ] GC(301) Pause Full (System.gc())
[273.894s][info][gc,task        ] GC(301) Using 6 workers of 6 for full compaction
[273.895s][info][gc,phases,start] GC(301) Phase 1: Mark live objects
[273.924s][info][gc,phases      ] GC(301) Phase 1: Mark live objects 28.942ms
[273.924s][info][gc,phases,start] GC(301) Phase 2: Prepare compaction
[273.925s][info][gc,phases      ] GC(301) Phase 2: Prepare compaction 1.261ms
[273.925s][info][gc,phases,start] GC(301) Phase 3: Adjust pointers
[273.936s][info][gc,phases      ] GC(301) Phase 3: Adjust pointers 10.792ms
[273.936s][info][gc,phases,start] GC(301) Phase 4: Compact heap
[273.937s][info][gc,phases      ] GC(301) Phase 4: Compact heap 1.294ms
[273.937s][info][gc,phases,start] GC(301) Phase 5: Reset Metadata
[273.945s][info][gc,phases      ] GC(301) Phase 5: Reset Metadata 7.313ms
[273.960s][info][gc,heap        ] GC(301) Eden regions: 188->0(674)
[273.960s][info][gc,heap        ] GC(301) Survivor regions: 74->0(74)
[273.960s][info][gc,heap        ] GC(301) Old regions: 301->77
[273.960s][info][gc,heap        ] GC(301) Humongous regions: 196->3
[273.960s][info][gc,metaspace   ] GC(301) Metaspace: 76654K(77696K)->76654K(77696K) NonClass: 67283K(67776K)->67283K(67776K) Class: 9371K(9920K)->9371K(9920K)
[273.960s][info][gc             ] GC(301) Pause Full (System.gc()) 1511M->152M(4096M) 65.891ms
[273.960s][info][gc,cpu         ] GC(301) User=0.12s Sys=0.00s Real=0.07s
[274.573s][info][gc,start       ] GC(302) Pause Young (Normal) (G1 Evacuation Pause)
[274.573s][info][gc,task        ] GC(302) Using 6 workers of 6 for evacuation
[274.709s][info][gc,phases      ] GC(302)   Pre Evacuate Collection Set: 0.3ms
[274.709s][info][gc,phases      ] GC(302)   Merge Heap Roots: 0.4ms
[274.709s][info][gc,phases      ] GC(302)   Evacuate Collection Set: 133.8ms
[274.709s][info][gc,phases      ] GC(302)   Post Evacuate Collection Set: 0.9ms
[274.709s][info][gc,phases      ] GC(302)   Other: 0.1ms
[274.709s][info][gc,heap        ] GC(302) Eden regions: 723->0(682)
[274.709s][info][gc,heap        ] GC(302) Survivor regions: 0->83(91)
[274.709s][info][gc,heap        ] GC(302) Old regions: 77->77
[274.709s][info][gc,heap        ] GC(302) Humongous regions: 42->39
[274.709s][info][gc,metaspace   ] GC(302) Metaspace: 76654K(77696K)->76654K(77696K) NonClass: 67283K(67776K)->67283K(67776K) Class: 9371K(9920K)->9371K(9920K)
[274.709s][info][gc             ] GC(302) Pause Young (Normal) (G1 Evacuation Pause) 1676M->390M(4096M) 135.808ms
[274.709s][info][gc,cpu         ] GC(302) User=0.77s Sys=0.00s Real=0.14s
[275.731s][info][gc,start       ] GC(303) Pause Young (Normal) (G1 Evacuation Pause)
[275.732s][info][gc,task        ] GC(303) Using 6 workers of 6 for evacuation
[276.003s][info][gc,mmu         ] GC(303) MMU target violated: 201.0ms (200.0ms/201.0ms)
[276.003s][info][gc,phases      ] GC(303)   Pre Evacuate Collection Set: 0.3ms
[276.003s][info][gc,phases      ] GC(303)   Merge Heap Roots: 0.7ms
[276.003s][info][gc,phases      ] GC(303)   Evacuate Collection Set: 268.7ms
[276.003s][info][gc,phases      ] GC(303)   Post Evacuate Collection Set: 1.4ms
[276.003s][info][gc,phases      ] GC(303)   Other: 0.2ms
[276.003s][info][gc,heap        ] GC(303) Eden regions: 671->0(191)
[276.003s][info][gc,heap        ] GC(303) Survivor regions: 83->90(95)
[276.003s][info][gc,heap        ] GC(303) Old regions: 77->156
[276.003s][info][gc,heap        ] GC(303) Humongous regions: 102->95
[276.003s][info][gc,metaspace   ] GC(303) Metaspace: 76658K(77696K)->76658K(77696K) NonClass: 67286K(67776K)->67286K(67776K) Class: 9371K(9920K)->9371K(9920K)
[276.003s][info][gc             ] GC(303) Pause Young (Normal) (G1 Evacuation Pause) 1858M->673M(4096M) 271.461ms
[276.003s][info][gc,cpu         ] GC(303) User=1.47s Sys=0.06s Real=0.28s
[276.173s][info][gc,start       ] GC(304) Pause Young (Normal) (G1 Evacuation Pause)
[276.173s][info][gc,task        ] GC(304) Using 6 workers of 6 for evacuation
[276.282s][info][gc,phases      ] GC(304)   Pre Evacuate Collection Set: 0.3ms
[276.282s][info][gc,phases      ] GC(304)   Merge Heap Roots: 0.5ms
[276.282s][info][gc,phases      ] GC(304)   Evacuate Collection Set: 107.5ms
[276.282s][info][gc,phases      ] GC(304)   Post Evacuate Collection Set: 0.6ms
[276.282s][info][gc,phases      ] GC(304)   Other: 0.1ms
[276.282s][info][gc,heap        ] GC(304) Eden regions: 207->0(736)
[276.282s][info][gc,heap        ] GC(304) Survivor regions: 90->17(38)
[276.282s][info][gc,heap        ] GC(304) Old regions: 156->244
[276.282s][info][gc,heap        ] GC(304) Humongous regions: 95->95
[276.282s][info][gc,metaspace   ] GC(304) Metaspace: 76658K(77696K)->76658K(77696K) NonClass: 67286K(67776K)->67286K(67776K) Class: 9371K(9920K)->9371K(9920K)
[276.282s][info][gc             ] GC(304) Pause Young (Normal) (G1 Evacuation Pause) 1087M->703M(4096M) 109.155ms
[276.282s][info][gc,cpu         ] GC(304) User=0.61s Sys=0.03s Real=0.11s
[277.577s][info][gc,start       ] GC(305) Pause Young (Normal) (G1 Evacuation Pause)
[277.577s][info][gc,task        ] GC(305) Using 6 workers of 6 for evacuation
[277.785s][info][gc,mmu         ] GC(305) MMU target violated: 201.0ms (200.0ms/201.0ms)
[277.786s][info][gc,phases      ] GC(305)   Pre Evacuate Collection Set: 0.3ms
[277.786s][info][gc,phases      ] GC(305)   Merge Heap Roots: 0.5ms
[277.786s][info][gc,phases      ] GC(305)   Evacuate Collection Set: 206.5ms
[277.786s][info][gc,phases      ] GC(305)   Post Evacuate Collection Set: 1.2ms
[277.786s][info][gc,phases      ] GC(305)   Other: 0.2ms
[277.786s][info][gc,heap        ] GC(305) Eden regions: 775->0(87)
[277.786s][info][gc,heap        ] GC(305) Survivor regions: 17->95(99)
[277.786s][info][gc,heap        ] GC(305) Old regions: 244->244
[277.786s][info][gc,heap        ] GC(305) Humongous regions: 171->143
[277.786s][info][gc,metaspace   ] GC(305) Metaspace: 76660K(77696K)->76660K(77696K) NonClass: 67289K(67776K)->67289K(67776K) Class: 9371K(9920K)->9371K(9920K)
[277.786s][info][gc             ] GC(305) Pause Young (Normal) (G1 Evacuation Pause) 2405M->954M(4096M) 208.842ms
[277.786s][info][gc,cpu         ] GC(305) User=1.20s Sys=0.00s Real=0.22s
[278.071s][info][gc,start       ] GC(306) Pause Young (Normal) (G1 Evacuation Pause)
[278.071s][info][gc,task        ] GC(306) Using 6 workers of 6 for evacuation
[278.198s][info][gc,phases      ] GC(306)   Pre Evacuate Collection Set: 0.4ms
[278.198s][info][gc,phases      ] GC(306)   Merge Heap Roots: 0.6ms
[278.198s][info][gc,phases      ] GC(306)   Evacuate Collection Set: 125.1ms
[278.198s][info][gc,phases      ] GC(306)   Post Evacuate Collection Set: 0.5ms
[278.198s][info][gc,phases      ] GC(306)   Other: 0.1ms
[278.198s][info][gc,heap        ] GC(306) Eden regions: 89->0(645)
[278.198s][info][gc,heap        ] GC(306) Survivor regions: 95->13(23)
[278.198s][info][gc,heap        ] GC(306) Old regions: 244->338
[278.198s][info][gc,heap        ] GC(306) Humongous regions: 206->191
[278.198s][info][gc,metaspace   ] GC(306) Metaspace: 76660K(77696K)->76660K(77696K) NonClass: 67289K(67776K)->67289K(67776K) Class: 9371K(9920K)->9371K(9920K)
[278.198s][info][gc             ] GC(306) Pause Young (Normal) (G1 Evacuation Pause) 1258M->1074M(4096M) 126.882ms
[278.198s][info][gc,cpu         ] GC(306) User=0.70s Sys=0.00s Real=0.12s
[278.530s][info][gc,start       ] GC(307) Pause Full (System.gc())
[278.530s][info][gc,task        ] GC(307) Using 6 workers of 6 for full compaction
[278.530s][info][gc,phases,start] GC(307) Phase 1: Mark live objects
[278.559s][info][gc,phases      ] GC(307) Phase 1: Mark live objects 28.290ms
[278.559s][info][gc,phases,start] GC(307) Phase 2: Prepare compaction
[278.560s][info][gc,phases      ] GC(307) Phase 2: Prepare compaction 1.710ms
[278.561s][info][gc,phases,start] GC(307) Phase 3: Adjust pointers
[278.572s][info][gc,phases      ] GC(307) Phase 3: Adjust pointers 11.095ms
[278.572s][info][gc,phases,start] GC(307) Phase 4: Compact heap
[278.573s][info][gc,phases      ] GC(307) Phase 4: Compact heap 1.504ms
[278.573s][info][gc,phases,start] GC(307) Phase 5: Reset Metadata
[278.579s][info][gc,phases      ] GC(307) Phase 5: Reset Metadata 6.189ms
[278.596s][info][gc,heap        ] GC(307) Eden regions: 417->0(725)
[278.596s][info][gc,heap        ] GC(307) Survivor regions: 13->0(23)
[278.596s][info][gc,heap        ] GC(307) Old regions: 338->76
[278.596s][info][gc,heap        ] GC(307) Humongous regions: 271->3
[278.596s][info][gc,metaspace   ] GC(307) Metaspace: 76663K(77696K)->76663K(77696K) NonClass: 67292K(67776K)->67292K(67776K) Class: 9371K(9920K)->9371K(9920K)
[278.596s][info][gc             ] GC(307) Pause Full (System.gc()) 2067M->152M(4096M) 66.124ms
[278.596s][info][gc,cpu         ] GC(307) User=0.12s Sys=0.00s Real=0.06s
[279.257s][info][gc,start       ] GC(308) Pause Young (Normal) (G1 Evacuation Pause)
[279.257s][info][gc,task        ] GC(308) Using 6 workers of 6 for evacuation
[279.400s][info][gc,phases      ] GC(308)   Pre Evacuate Collection Set: 0.3ms
[279.400s][info][gc,phases      ] GC(308)   Merge Heap Roots: 0.4ms
[279.400s][info][gc,phases      ] GC(308)   Evacuate Collection Set: 141.4ms
[279.400s][info][gc,phases      ] GC(308)   Post Evacuate Collection Set: 0.7ms
[279.400s][info][gc,phases      ] GC(308)   Other: 0.1ms
[279.400s][info][gc,heap        ] GC(308) Eden regions: 780->0(726)
[279.400s][info][gc,heap        ] GC(308) Survivor regions: 0->85(98)
[279.400s][info][gc,heap        ] GC(308) Old regions: 76->76
[279.400s][info][gc,heap        ] GC(308) Humongous regions: 42->39
[279.400s][info][gc,metaspace   ] GC(308) Metaspace: 76663K(77696K)->76663K(77696K) NonClass: 67292K(67776K)->67292K(67776K) Class: 9371K(9920K)->9371K(9920K)
[279.400s][info][gc             ] GC(308) Pause Young (Normal) (G1 Evacuation Pause) 1790M->394M(4096M) 143.011ms
[279.400s][info][gc,cpu         ] GC(308) User=0.78s Sys=0.00s Real=0.14s
[280.412s][info][gc,start       ] GC(309) Pause Young (Normal) (G1 Evacuation Pause)
[280.412s][info][gc,task        ] GC(309) Using 6 workers of 6 for evacuation
[280.691s][info][gc,mmu         ] GC(309) MMU target violated: 201.0ms (200.0ms/201.0ms)
[280.691s][info][gc,phases      ] GC(309)   Pre Evacuate Collection Set: 0.3ms
[280.691s][info][gc,phases      ] GC(309)   Merge Heap Roots: 0.9ms
[280.691s][info][gc,phases      ] GC(309)   Evacuate Collection Set: 276.8ms
[280.691s][info][gc,phases      ] GC(309)   Post Evacuate Collection Set: 0.9ms
[280.691s][info][gc,phases      ] GC(309)   Other: 0.2ms
[280.691s][info][gc,heap        ] GC(309) Eden regions: 712->0(214)
[280.691s][info][gc,heap        ] GC(309) Survivor regions: 85->93(100)
[280.691s][info][gc,heap        ] GC(309) Old regions: 76->160
[280.691s][info][gc,heap        ] GC(309) Humongous regions: 102->95
[280.691s][info][gc,metaspace   ] GC(309) Metaspace: 76663K(77696K)->76663K(77696K) NonClass: 67292K(67776K)->67292K(67776K) Class: 9371K(9920K)->9371K(9920K)
[280.691s][info][gc             ] GC(309) Pause Young (Normal) (G1 Evacuation Pause) 1944M->688M(4096M) 279.252ms
[280.691s][info][gc,cpu         ] GC(309) User=1.61s Sys=0.00s Real=0.28s
[280.889s][info][gc,start       ] GC(310) Pause Young (Normal) (G1 Evacuation Pause)
[280.889s][info][gc,task        ] GC(310) Using 6 workers of 6 for evacuation
[281.001s][info][gc,phases      ] GC(310)   Pre Evacuate Collection Set: 0.3ms
[281.001s][info][gc,phases      ] GC(310)   Merge Heap Roots: 0.5ms
[281.001s][info][gc,phases      ] GC(310)   Evacuate Collection Set: 110.6ms
[281.001s][info][gc,phases      ] GC(310)   Post Evacuate Collection Set: 0.6ms
[281.001s][info][gc,phases      ] GC(310)   Other: 0.1ms
[281.001s][info][gc,heap        ] GC(310) Eden regions: 231->0(791)
[281.001s][info][gc,heap        ] GC(310) Survivor regions: 93->17(41)
[281.001s][info][gc,heap        ] GC(310) Old regions: 160->250
[281.001s][info][gc,heap        ] GC(310) Humongous regions: 95->95
[281.001s][info][gc,metaspace   ] GC(310) Metaspace: 76663K(77696K)->76663K(77696K) NonClass: 67292K(67776K)->67292K(67776K) Class: 9371K(9920K)->9371K(9920K)
[281.001s][info][gc             ] GC(310) Pause Young (Normal) (G1 Evacuation Pause) 1150M->717M(4096M) 112.236ms
[281.001s][info][gc,cpu         ] GC(310) User=0.66s Sys=0.00s Real=0.12s
[282.562s][info][gc,start       ] GC(311) Pause Young (Normal) (G1 Evacuation Pause)
[282.562s][info][gc,task        ] GC(311) Using 6 workers of 6 for evacuation
[282.814s][info][gc,mmu         ] GC(311) MMU target violated: 201.0ms (200.0ms/201.0ms)
[282.814s][info][gc,phases      ] GC(311)   Pre Evacuate Collection Set: 0.3ms
[282.814s][info][gc,phases      ] GC(311)   Merge Heap Roots: 0.7ms
[282.814s][info][gc,phases      ] GC(311)   Evacuate Collection Set: 249.8ms
[282.814s][info][gc,phases      ] GC(311)   Post Evacuate Collection Set: 1.0ms
[282.814s][info][gc,phases      ] GC(311)   Other: 0.1ms
[282.814s][info][gc,heap        ] GC(311) Eden regions: 788->0(38)
[282.814s][info][gc,heap        ] GC(311) Survivor regions: 17->101(101)
[282.814s][info][gc,heap        ] GC(311) Old regions: 250->255
[282.814s][info][gc,heap        ] GC(311) Humongous regions: 262->195
[282.814s][info][gc,metaspace   ] GC(311) Metaspace: 76664K(77696K)->76664K(77696K) NonClass: 67293K(67776K)->67293K(67776K) Class: 9371K(9920K)->9371K(9920K)
[282.814s][info][gc             ] GC(311) Pause Young (Normal) (G1 Evacuation Pause) 2627M->1095M(4096M) 252.097ms
[282.815s][info][gc,cpu         ] GC(311) User=1.42s Sys=0.00s Real=0.26s
[282.868s][info][gc,start       ] GC(312) Pause Young (Normal) (G1 Evacuation Pause)
[282.868s][info][gc,task        ] GC(312) Using 6 workers of 6 for evacuation
[282.980s][info][gc,phases      ] GC(312)   Pre Evacuate Collection Set: 0.4ms
[282.980s][info][gc,phases      ] GC(312)   Merge Heap Roots: 0.6ms
[282.980s][info][gc,phases      ] GC(312)   Evacuate Collection Set: 110.9ms
[282.980s][info][gc,phases      ] GC(312)   Post Evacuate Collection Set: 0.4ms
[282.980s][info][gc,phases      ] GC(312)   Other: 0.1ms
[282.980s][info][gc,heap        ] GC(312) Eden regions: 37->0(815)
[282.980s][info][gc,heap        ] GC(312) Survivor regions: 101->7(18)
[282.980s][info][gc,heap        ] GC(312) Old regions: 255->356
[282.980s][info][gc,heap        ] GC(312) Humongous regions: 206->196
[282.980s][info][gc,metaspace   ] GC(312) Metaspace: 76664K(77696K)->76664K(77696K) NonClass: 67293K(67776K)->67293K(67776K) Class: 9371K(9920K)->9371K(9920K)
[282.980s][info][gc             ] GC(312) Pause Young (Normal) (G1 Evacuation Pause) 1191M->1111M(4096M) 112.629ms
[282.980s][info][gc,cpu         ] GC(312) User=0.61s Sys=0.00s Real=0.11s
[283.270s][info][gc,start       ] GC(313) Pause Full (System.gc())
[283.270s][info][gc,task        ] GC(313) Using 6 workers of 6 for full compaction
[283.270s][info][gc,phases,start] GC(313) Phase 1: Mark live objects
[283.298s][info][gc,phases      ] GC(313) Phase 1: Mark live objects 28.006ms
[283.298s][info][gc,phases,start] GC(313) Phase 2: Prepare compaction
[283.300s][info][gc,phases      ] GC(313) Phase 2: Prepare compaction 1.535ms
[283.300s][info][gc,phases,start] GC(313) Phase 3: Adjust pointers
[283.311s][info][gc,phases      ] GC(313) Phase 3: Adjust pointers 11.305ms
[283.311s][info][gc,phases,start] GC(313) Phase 4: Compact heap
[283.312s][info][gc,phases      ] GC(313) Phase 4: Compact heap 1.539ms
[283.313s][info][gc,phases,start] GC(313) Phase 5: Reset Metadata
[283.320s][info][gc,phases      ] GC(313) Phase 5: Reset Metadata 7.212ms
[283.336s][info][gc,heap        ] GC(313) Eden regions: 333->0(893)
[283.336s][info][gc,heap        ] GC(313) Survivor regions: 7->0(18)
[283.336s][info][gc,heap        ] GC(313) Old regions: 356->77
[283.336s][info][gc,heap        ] GC(313) Humongous regions: 232->3
[283.336s][info][gc,metaspace   ] GC(313) Metaspace: 76666K(77696K)->76666K(77696K) NonClass: 67295K(67776K)->67295K(67776K) Class: 9371K(9920K)->9371K(9920K)
[283.336s][info][gc             ] GC(313) Pause Full (System.gc()) 1849M->152M(4096M) 66.148ms
[283.336s][info][gc,cpu         ] GC(313) User=0.12s Sys=0.00s Real=0.06s
[284.643s][info][gc,start       ] GC(314) Pause Young (Normal) (G1 Evacuation Pause)
[284.643s][info][gc,task        ] GC(314) Using 6 workers of 6 for evacuation
[284.853s][info][gc,mmu         ] GC(314) MMU target violated: 201.0ms (200.0ms/201.0ms)
[284.853s][info][gc,phases      ] GC(314)   Pre Evacuate Collection Set: 0.3ms
[284.853s][info][gc,phases      ] GC(314)   Merge Heap Roots: 0.6ms
[284.853s][info][gc,phases      ] GC(314)   Evacuate Collection Set: 208.2ms
[284.853s][info][gc,phases      ] GC(314)   Post Evacuate Collection Set: 0.8ms
[284.853s][info][gc,phases      ] GC(314)   Other: 0.2ms
[284.853s][info][gc,heap        ] GC(314) Eden regions: 949->0(829)
[284.853s][info][gc,heap        ] GC(314) Survivor regions: 0->103(119)
[284.853s][info][gc,heap        ] GC(314) Old regions: 77->77
[284.853s][info][gc,heap        ] GC(314) Humongous regions: 69->59
[284.853s][info][gc,metaspace   ] GC(314) Metaspace: 76667K(77696K)->76667K(77696K) NonClass: 67296K(67776K)->67296K(67776K) Class: 9371K(9920K)->9371K(9920K)
[284.853s][info][gc             ] GC(314) Pause Young (Normal) (G1 Evacuation Pause) 2182M->469M(4096M) 210.242ms
[284.854s][info][gc,cpu         ] GC(314) User=1.22s Sys=0.00s Real=0.20s
[285.916s][info][gc,start       ] GC(315) Pause Young (Normal) (G1 Evacuation Pause)
[285.916s][info][gc,task        ] GC(315) Using 6 workers of 6 for evacuation
[286.198s][info][gc,mmu         ] GC(315) MMU target violated: 201.0ms (200.0ms/201.0ms)
[286.198s][info][gc,phases      ] GC(315)   Pre Evacuate Collection Set: 0.3ms
[286.198s][info][gc,phases      ] GC(315)   Merge Heap Roots: 0.9ms
[286.198s][info][gc,phases      ] GC(315)   Evacuate Collection Set: 279.2ms
[286.198s][info][gc,phases      ] GC(315)   Post Evacuate Collection Set: 1.1ms
[286.198s][info][gc,phases      ] GC(315)   Other: 0.2ms
[286.198s][info][gc,heap        ] GC(315) Eden regions: 807->0(102)
[286.198s][info][gc,heap        ] GC(315) Survivor regions: 103->91(114)
[286.198s][info][gc,heap        ] GC(315) Old regions: 77->176
[286.198s][info][gc,heap        ] GC(315) Humongous regions: 103->103
[286.198s][info][gc,metaspace   ] GC(315) Metaspace: 76667K(77696K)->76667K(77696K) NonClass: 67296K(67776K)->67296K(67776K) Class: 9371K(9920K)->9371K(9920K)
[286.198s][info][gc             ] GC(315) Pause Young (Normal) (G1 Evacuation Pause) 2171M->731M(4096M) 281.701ms
[286.198s][info][gc,cpu         ] GC(315) User=1.61s Sys=0.00s Real=0.28s
[286.455s][info][gc,start       ] GC(316) Pause Young (Normal) (G1 Evacuation Pause)
[286.456s][info][gc,task        ] GC(316) Using 6 workers of 6 for evacuation
[286.590s][info][gc,phases      ] GC(316)   Pre Evacuate Collection Set: 0.3ms
[286.590s][info][gc,phases      ] GC(316)   Merge Heap Roots: 0.5ms
[286.590s][info][gc,phases      ] GC(316)   Evacuate Collection Set: 132.7ms
[286.590s][info][gc,phases      ] GC(316)   Post Evacuate Collection Set: 0.7ms
[286.590s][info][gc,phases      ] GC(316)   Other: 0.1ms
[286.590s][info][gc,heap        ] GC(316) Eden regions: 144->0(862)
[286.590s][info][gc,heap        ] GC(316) Survivor regions: 91->18(30)
[286.590s][info][gc,heap        ] GC(316) Old regions: 176->267
[286.590s][info][gc,heap        ] GC(316) Humongous regions: 129->115
[286.590s][info][gc,metaspace   ] GC(316) Metaspace: 76667K(77696K)->76667K(77696K) NonClass: 67296K(67776K)->67296K(67776K) Class: 9371K(9920K)->9371K(9920K)
[286.590s][info][gc             ] GC(316) Pause Young (Normal) (G1 Evacuation Pause) 1071M->790M(4096M) 134.525ms
[286.590s][info][gc,cpu         ] GC(316) User=0.84s Sys=0.00s Real=0.14s
[287.833s][info][gc,start       ] GC(317) Pause Young (Normal) (G1 Evacuation Pause)
[287.834s][info][gc,task        ] GC(317) Using 6 workers of 6 for evacuation
[288.054s][info][gc,mmu         ] GC(317) MMU target violated: 201.0ms (200.0ms/201.0ms)
[288.054s][info][gc,phases      ] GC(317)   Pre Evacuate Collection Set: 0.6ms
[288.054s][info][gc,phases      ] GC(317)   Merge Heap Roots: 1.3ms
[288.054s][info][gc,phases      ] GC(317)   Evacuate Collection Set: 217.4ms
[288.054s][info][gc,phases      ] GC(317)   Post Evacuate Collection Set: 0.9ms
[288.054s][info][gc,phases      ] GC(317)   Other: 0.2ms
[288.054s][info][gc,heap        ] GC(317) Eden regions: 859->0(1)
[288.054s][info][gc,heap        ] GC(317) Survivor regions: 18->108(110)
[288.054s][info][gc,heap        ] GC(317) Old regions: 267->267
[288.054s][info][gc,heap        ] GC(317) Humongous regions: 303->197
[288.054s][info][gc,metaspace   ] GC(317) Metaspace: 76668K(77696K)->76668K(77696K) NonClass: 67297K(67776K)->67297K(67776K) Class: 9371K(9920K)->9371K(9920K)
[288.054s][info][gc             ] GC(317) Pause Young (Normal) (G1 Evacuation Pause) 2884M->1135M(4096M) 220.643ms
[288.054s][info][gc,cpu         ] GC(317) User=1.09s Sys=0.03s Real=0.22s
[288.079s][info][gc,start       ] GC(318) Pause Young (Normal) (G1 Evacuation Pause)
[288.079s][info][gc,task        ] GC(318) Using 6 workers of 6 for evacuation
[288.185s][info][gc,phases      ] GC(318)   Pre Evacuate Collection Set: 0.3ms
[288.185s][info][gc,phases      ] GC(318)   Merge Heap Roots: 0.6ms
[288.185s][info][gc,phases      ] GC(318)   Evacuate Collection Set: 104.3ms
[288.185s][info][gc,phases      ] GC(318)   Post Evacuate Collection Set: 0.4ms
[288.185s][info][gc,phases      ] GC(318)   Other: 0.1ms
[288.185s][info][gc,heap        ] GC(318) Eden regions: 38->0(1176)
[288.185s][info][gc,heap        ] GC(318) Survivor regions: 108->6(19)
[288.185s][info][gc,heap        ] GC(318) Old regions: 267->374
[288.185s][info][gc,heap        ] GC(318) Humongous regions: 199->199
[288.185s][info][gc,metaspace   ] GC(318) Metaspace: 76668K(77696K)->76668K(77696K) NonClass: 67297K(67776K)->67297K(67776K) Class: 9371K(9920K)->9371K(9920K)
[288.185s][info][gc             ] GC(318) Pause Young (Normal) (G1 Evacuation Pause) 1215M->1150M(4096M) 106.000ms
[288.185s][info][gc,cpu         ] GC(318) User=0.58s Sys=0.00s Real=0.11s
[288.232s][info][gc,start       ] GC(319) Pause Full (System.gc())
[288.232s][info][gc,task        ] GC(319) Using 6 workers of 6 for full compaction
[288.233s][info][gc,phases,start] GC(319) Phase 1: Mark live objects
[288.262s][info][gc,phases      ] GC(319) Phase 1: Mark live objects 29.244ms
[288.262s][info][gc,phases,start] GC(319) Phase 2: Prepare compaction
[288.263s][info][gc,phases      ] GC(319) Phase 2: Prepare compaction 1.298ms
[288.263s][info][gc,phases,start] GC(319) Phase 3: Adjust pointers
[288.276s][info][gc,phases      ] GC(319) Phase 3: Adjust pointers 13.295ms
[288.277s][info][gc,phases,start] GC(319) Phase 4: Compact heap
[288.278s][info][gc,phases      ] GC(319) Phase 4: Compact heap 1.702ms
[288.278s][info][gc,phases,start] GC(319) Phase 5: Reset Metadata
[288.286s][info][gc,phases      ] GC(319) Phase 5: Reset Metadata 7.963ms
[288.303s][info][gc,heap        ] GC(319) Eden regions: 88->0(1228)
[288.303s][info][gc,heap        ] GC(319) Survivor regions: 6->0(19)
[288.303s][info][gc,heap        ] GC(319) Old regions: 374->76
[288.303s][info][gc,heap        ] GC(319) Humongous regions: 199->3
[288.303s][info][gc,metaspace   ] GC(319) Metaspace: 76668K(77696K)->76668K(77696K) NonClass: 67297K(67776K)->67297K(67776K) Class: 9371K(9920K)->9371K(9920K)
[288.303s][info][gc             ] GC(319) Pause Full (System.gc()) 1325M->152M(4096M) 70.923ms
[288.303s][info][gc,cpu         ] GC(319) User=0.03s Sys=0.02s Real=0.06s
[289.877s][info][gc,start       ] GC(320) Pause Young (Normal) (G1 Evacuation Pause)
[289.877s][info][gc,task        ] GC(320) Using 6 workers of 6 for evacuation
[290.156s][info][gc,mmu         ] GC(320) MMU target violated: 201.0ms (200.0ms/201.0ms)
[290.156s][info][gc,phases      ] GC(320)   Pre Evacuate Collection Set: 0.4ms
[290.156s][info][gc,phases      ] GC(320)   Merge Heap Roots: 0.7ms
[290.156s][info][gc,phases      ] GC(320)   Evacuate Collection Set: 276.2ms
[290.156s][info][gc,phases      ] GC(320)   Post Evacuate Collection Set: 1.2ms
[290.156s][info][gc,phases      ] GC(320)   Other: 0.2ms
[290.156s][info][gc,heap        ] GC(320) Eden regions: 1228->0(923)
[290.156s][info][gc,heap        ] GC(320) Survivor regions: 0->153(154)
[290.156s][info][gc,heap        ] GC(320) Old regions: 76->76
[290.156s][info][gc,heap        ] GC(320) Humongous regions: 93->83
[290.156s][info][gc,metaspace   ] GC(320) Metaspace: 76670K(77696K)->76670K(77696K) NonClass: 67299K(67776K)->67299K(67776K) Class: 9371K(9920K)->9371K(9920K)
[290.156s][info][gc             ] GC(320) Pause Young (Normal) (G1 Evacuation Pause) 2788M->617M(4096M) 278.911ms
[290.156s][info][gc,cpu         ] GC(320) User=1.61s Sys=0.00s Real=0.28s
[291.488s][info][gc,start       ] GC(321) Pause Young (Normal) (G1 Evacuation Pause)
[291.489s][info][gc,task        ] GC(321) Using 6 workers of 6 for evacuation
[291.843s][info][gc,mmu         ] GC(321) MMU target violated: 201.0ms (200.0ms/201.0ms)
[291.843s][info][gc,phases      ] GC(321)   Pre Evacuate Collection Set: 0.3ms
[291.843s][info][gc,phases      ] GC(321)   Merge Heap Roots: 1.4ms
[291.843s][info][gc,phases      ] GC(321)   Evacuate Collection Set: 351.9ms
[291.843s][info][gc,phases      ] GC(321)   Post Evacuate Collection Set: 1.1ms
[291.843s][info][gc,phases      ] GC(321)   Other: 0.2ms
[291.843s][info][gc,heap        ] GC(321) Eden regions: 835->0(177)
[291.844s][info][gc,heap        ] GC(321) Survivor regions: 153->79(124)
[291.844s][info][gc,heap        ] GC(321) Old regions: 76->228
[291.844s][info][gc,heap        ] GC(321) Humongous regions: 160->139
[291.844s][info][gc,metaspace   ] GC(321) Metaspace: 76671K(77760K)->76671K(77760K) NonClass: 67300K(67840K)->67300K(67840K) Class: 9371K(9920K)->9371K(9920K)
[291.844s][info][gc             ] GC(321) Pause Young (Normal) (G1 Evacuation Pause) 2441M->885M(4096M) 355.056ms
[291.844s][info][gc,cpu         ] GC(321) User=2.11s Sys=0.00s Real=0.35s
[292.156s][info][gc,start       ] GC(322) Pause Young (Normal) (G1 Evacuation Pause)
[292.156s][info][gc,task        ] GC(322) Using 6 workers of 6 for evacuation
[292.271s][info][gc,phases      ] GC(322)   Pre Evacuate Collection Set: 0.2ms
[292.271s][info][gc,phases      ] GC(322)   Merge Heap Roots: 0.4ms
[292.271s][info][gc,phases      ] GC(322)   Evacuate Collection Set: 113.0ms
[292.271s][info][gc,phases      ] GC(322)   Post Evacuate Collection Set: 1.1ms
[292.271s][info][gc,phases      ] GC(322)   Other: 0.1ms
[292.271s][info][gc,heap        ] GC(322) Eden regions: 213->0(736)
[292.271s][info][gc,heap        ] GC(322) Survivor regions: 79->20(37)
[292.271s][info][gc,heap        ] GC(322) Old regions: 228->304
[292.271s][info][gc,heap        ] GC(322) Humongous regions: 146->139
[292.271s][info][gc,metaspace   ] GC(322) Metaspace: 76671K(77760K)->76671K(77760K) NonClass: 67300K(67840K)->67300K(67840K) Class: 9371K(9920K)->9371K(9920K)
[292.271s][info][gc             ] GC(322) Pause Young (Normal) (G1 Evacuation Pause) 1325M->920M(4096M) 114.972ms
[292.271s][info][gc,cpu         ] GC(322) User=0.59s Sys=0.00s Real=0.11s
[293.046s][info][gc,start       ] GC(323) Pause Full (System.gc())
[293.046s][info][gc,task        ] GC(323) Using 6 workers of 6 for full compaction
[293.047s][info][gc,phases,start] GC(323) Phase 1: Mark live objects
[293.075s][info][gc,phases      ] GC(323) Phase 1: Mark live objects 28.940ms
[293.076s][info][gc,phases,start] GC(323) Phase 2: Prepare compaction
[293.077s][info][gc,phases      ] GC(323) Phase 2: Prepare compaction 1.780ms
[293.077s][info][gc,phases,start] GC(323) Phase 3: Adjust pointers
[293.089s][info][gc,phases      ] GC(323) Phase 3: Adjust pointers 11.402ms
[293.089s][info][gc,phases,start] GC(323) Phase 4: Compact heap
[293.091s][info][gc,phases      ] GC(323) Phase 4: Compact heap 1.927ms
[293.091s][info][gc,phases,start] GC(323) Phase 5: Reset Metadata
[293.098s][info][gc,phases      ] GC(323) Phase 5: Reset Metadata 6.836ms
[293.114s][info][gc,heap        ] GC(323) Eden regions: 609->0(878)
[293.114s][info][gc,heap        ] GC(323) Survivor regions: 20->0(37)
[293.114s][info][gc,heap        ] GC(323) Old regions: 304->76
[293.114s][info][gc,heap        ] GC(323) Humongous regions: 285->3
[293.114s][info][gc,metaspace   ] GC(323) Metaspace: 76671K(77760K)->76671K(77760K) NonClass: 67300K(67840K)->67300K(67840K) Class: 9371K(9920K)->9371K(9920K)
[293.114s][info][gc             ] GC(323) Pause Full (System.gc()) 2429M->152M(4096M) 68.066ms
[293.114s][info][gc,cpu         ] GC(323) User=0.17s Sys=0.00s Real=0.08s
[294.437s][info][gc,start       ] GC(324) Pause Young (Normal) (G1 Evacuation Pause)
[294.437s][info][gc,task        ] GC(324) Using 6 workers of 6 for evacuation
[294.647s][info][gc,mmu         ] GC(324) MMU target violated: 201.0ms (200.0ms/201.0ms)
[294.647s][info][gc,phases      ] GC(324)   Pre Evacuate Collection Set: 0.3ms
[294.647s][info][gc,phases      ] GC(324)   Merge Heap Roots: 0.5ms
[294.647s][info][gc,phases      ] GC(324)   Evacuate Collection Set: 207.7ms
[294.647s][info][gc,phases      ] GC(324)   Post Evacuate Collection Set: 1.0ms
[294.647s][info][gc,phases      ] GC(324)   Other: 0.1ms
[294.647s][info][gc,heap        ] GC(324) Eden regions: 949->0(832)
[294.647s][info][gc,heap        ] GC(324) Survivor regions: 0->103(119)
[294.647s][info][gc,heap        ] GC(324) Old regions: 76->76
[294.647s][info][gc,heap        ] GC(324) Humongous regions: 69->59
[294.647s][info][gc,metaspace   ] GC(324) Metaspace: 76675K(77760K)->76675K(77760K) NonClass: 67303K(67840K)->67303K(67840K) Class: 9371K(9920K)->9371K(9920K)
[294.647s][info][gc             ] GC(324) Pause Young (Normal) (G1 Evacuation Pause) 2182M->469M(4096M) 209.861ms
[294.647s][info][gc,cpu         ] GC(324) User=1.22s Sys=0.00s Real=0.20s
[295.784s][info][gc,start       ] GC(325) Pause Young (Normal) (G1 Evacuation Pause)
[295.784s][info][gc,task        ] GC(325) Using 6 workers of 6 for evacuation
[296.072s][info][gc,mmu         ] GC(325) MMU target violated: 201.0ms (200.0ms/201.0ms)
[296.072s][info][gc,phases      ] GC(325)   Pre Evacuate Collection Set: 0.3ms
[296.072s][info][gc,phases      ] GC(325)   Merge Heap Roots: 0.9ms
[296.072s][info][gc,phases      ] GC(325)   Evacuate Collection Set: 286.1ms
[296.072s][info][gc,phases      ] GC(325)   Post Evacuate Collection Set: 1.0ms
[296.072s][info][gc,phases      ] GC(325)   Other: 0.2ms
[296.072s][info][gc,heap        ] GC(325) Eden regions: 821->0(124)
[296.072s][info][gc,heap        ] GC(325) Survivor regions: 103->91(116)
[296.072s][info][gc,heap        ] GC(325) Old regions: 76->175
[296.072s][info][gc,heap        ] GC(325) Humongous regions: 104->103
[296.072s][info][gc,metaspace   ] GC(325) Metaspace: 76675K(77760K)->76675K(77760K) NonClass: 67303K(67840K)->67303K(67840K) Class: 9371K(9920K)->9371K(9920K)
[296.072s][info][gc             ] GC(325) Pause Young (Normal) (G1 Evacuation Pause) 2201M->731M(4096M) 288.474ms
[296.073s][info][gc,cpu         ] GC(325) User=1.61s Sys=0.00s Real=0.28s
[296.330s][info][gc,start       ] GC(326) Pause Young (Normal) (G1 Evacuation Pause)
[296.330s][info][gc,task        ] GC(326) Using 6 workers of 6 for evacuation
[296.488s][info][gc,phases      ] GC(326)   Pre Evacuate Collection Set: 0.3ms
[296.488s][info][gc,phases      ] GC(326)   Merge Heap Roots: 0.5ms
[296.488s][info][gc,phases      ] GC(326)   Evacuate Collection Set: 156.5ms
[296.488s][info][gc,phases      ] GC(326)   Post Evacuate Collection Set: 0.9ms
[296.488s][info][gc,phases      ] GC(326)   Other: 0.1ms
[296.488s][info][gc,heap        ] GC(326) Eden regions: 160->0(795)
[296.488s][info][gc,heap        ] GC(326) Survivor regions: 91->25(32)
[296.488s][info][gc,heap        ] GC(326) Old regions: 175->266
[296.488s][info][gc,heap        ] GC(326) Humongous regions: 140->127
[296.488s][info][gc,metaspace   ] GC(326) Metaspace: 76675K(77760K)->76675K(77760K) NonClass: 67303K(67840K)->67303K(67840K) Class: 9371K(9920K)->9371K(9920K)
[296.488s][info][gc             ] GC(326) Pause Young (Normal) (G1 Evacuation Pause) 1125M->828M(4096M) 158.400ms
[296.488s][info][gc,cpu         ] GC(326) User=0.91s Sys=0.02s Real=0.16s
[297.687s][info][gc,start       ] GC(327) Pause Young (Normal) (G1 Evacuation Pause)
[297.687s][info][gc,task        ] GC(327) Using 6 workers of 6 for evacuation
[297.897s][info][gc,mmu         ] GC(327) MMU target violated: 201.0ms (200.0ms/201.0ms)
[297.897s][info][gc,phases      ] GC(327)   Pre Evacuate Collection Set: 0.4ms
[297.897s][info][gc,phases      ] GC(327)   Merge Heap Roots: 1.1ms
[297.897s][info][gc,phases      ] GC(327)   Evacuate Collection Set: 207.3ms
[297.897s][info][gc,phases      ] GC(327)   Post Evacuate Collection Set: 0.9ms
[297.897s][info][gc,phases      ] GC(327)   Other: 0.2ms
[297.897s][info][gc,heap        ] GC(327) Eden regions: 789->0(19)
[297.897s][info][gc,heap        ] GC(327) Survivor regions: 25->102(102)
[297.897s][info][gc,heap        ] GC(327) Old regions: 266->272
[297.897s][info][gc,heap        ] GC(327) Humongous regions: 293->197
[297.897s][info][gc,metaspace   ] GC(327) Metaspace: 76677K(77760K)->76677K(77760K) NonClass: 67305K(67840K)->67305K(67840K) Class: 9371K(9920K)->9371K(9920K)
[297.897s][info][gc             ] GC(327) Pause Young (Normal) (G1 Evacuation Pause) 2738M->1136M(4096M) 210.031ms
[297.897s][info][gc,cpu         ] GC(327) User=1.08s Sys=0.00s Real=0.22s
[297.931s][info][gc,start       ] GC(328) Pause Young (Normal) (G1 Evacuation Pause)
[297.931s][info][gc,task        ] GC(328) Using 6 workers of 6 for evacuation
[298.035s][info][gc,phases      ] GC(328)   Pre Evacuate Collection Set: 0.3ms
[298.035s][info][gc,phases      ] GC(328)   Merge Heap Roots: 0.5ms
[298.035s][info][gc,phases      ] GC(328)   Evacuate Collection Set: 102.7ms
[298.035s][info][gc,phases      ] GC(328)   Post Evacuate Collection Set: 0.5ms
[298.035s][info][gc,phases      ] GC(328)   Other: 0.1ms
[298.035s][info][gc,heap        ] GC(328) Eden regions: 54->0(1102)
[298.035s][info][gc,heap        ] GC(328) Survivor regions: 102->3(20)
[298.035s][info][gc,heap        ] GC(328) Old regions: 272->374
[298.035s][info][gc,heap        ] GC(328) Humongous regions: 197->197
[298.035s][info][gc,metaspace   ] GC(328) Metaspace: 76677K(77760K)->76677K(77760K) NonClass: 67305K(67840K)->67305K(67840K) Class: 9371K(9920K)->9371K(9920K)
[298.035s][info][gc             ] GC(328) Pause Young (Normal) (G1 Evacuation Pause) 1244M->1142M(4096M) 104.262ms
[298.035s][info][gc,cpu         ] GC(328) User=0.56s Sys=0.00s Real=0.09s
[298.100s][info][gc,start       ] GC(329) Pause Full (System.gc())
[298.100s][info][gc,task        ] GC(329) Using 6 workers of 6 for full compaction
[298.100s][info][gc,phases,start] GC(329) Phase 1: Mark live objects
[298.129s][info][gc,phases      ] GC(329) Phase 1: Mark live objects 28.807ms
[298.129s][info][gc,phases,start] GC(329) Phase 2: Prepare compaction
[298.130s][info][gc,phases      ] GC(329) Phase 2: Prepare compaction 1.374ms
[298.130s][info][gc,phases,start] GC(329) Phase 3: Adjust pointers
[298.145s][info][gc,phases      ] GC(329) Phase 3: Adjust pointers 14.454ms
[298.145s][info][gc,phases,start] GC(329) Phase 4: Compact heap
[298.146s][info][gc,phases      ] GC(329) Phase 4: Compact heap 1.463ms
[298.146s][info][gc,phases,start] GC(329) Phase 5: Reset Metadata
[298.154s][info][gc,phases      ] GC(329) Phase 5: Reset Metadata 7.245ms
[298.170s][info][gc,heap        ] GC(329) Eden regions: 114->0(1122)
[298.170s][info][gc,heap        ] GC(329) Survivor regions: 3->0(20)
[298.170s][info][gc,heap        ] GC(329) Old regions: 374->76
[298.170s][info][gc,heap        ] GC(329) Humongous regions: 199->3
[298.170s][info][gc,metaspace   ] GC(329) Metaspace: 76677K(77760K)->76677K(77760K) NonClass: 67305K(67840K)->67305K(67840K) Class: 9371K(9920K)->9371K(9920K)
[298.170s][info][gc             ] GC(329) Pause Full (System.gc()) 1374M->152M(4096M) 70.051ms
[298.170s][info][gc,cpu         ] GC(329) User=0.11s Sys=0.00s Real=0.08s
[299.668s][info][gc,start       ] GC(330) Pause Young (Normal) (G1 Evacuation Pause)
[299.669s][info][gc,task        ] GC(330) Using 6 workers of 6 for evacuation
[299.925s][info][gc,mmu         ] GC(330) MMU target violated: 201.0ms (200.0ms/201.0ms)
[299.925s][info][gc,phases      ] GC(330)   Pre Evacuate Collection Set: 0.4ms
[299.925s][info][gc,phases      ] GC(330)   Merge Heap Roots: 0.7ms
[299.925s][info][gc,phases      ] GC(330)   Evacuate Collection Set: 253.7ms
[299.925s][info][gc,phases      ] GC(330)   Post Evacuate Collection Set: 1.4ms
[299.925s][info][gc,phases      ] GC(330)   Other: 0.2ms
[299.925s][info][gc,heap        ] GC(330) Eden regions: 1149->0(947)
[299.925s][info][gc,heap        ] GC(330) Survivor regions: 0->144(144)
[299.925s][info][gc,heap        ] GC(330) Old regions: 76->77
[299.925s][info][gc,heap        ] GC(330) Humongous regions: 82->72
[299.925s][info][gc,metaspace   ] GC(330) Metaspace: 76677K(77760K)->76677K(77760K) NonClass: 67305K(67840K)->67305K(67840K) Class: 9371K(9920K)->9371K(9920K)
[299.925s][info][gc             ] GC(330) Pause Young (Normal) (G1 Evacuation Pause) 2608M->580M(4096M) 256.429ms
[299.925s][info][gc,cpu         ] GC(330) User=1.55s Sys=0.00s Real=0.27s
[301.347s][info][gc,start       ] GC(331) Pause Young (Normal) (G1 Evacuation Pause)
[301.347s][info][gc,task        ] GC(331) Using 6 workers of 6 for evacuation
[301.712s][info][gc,mmu         ] GC(331) MMU target violated: 201.0ms (200.0ms/201.0ms)
[301.712s][info][gc,phases      ] GC(331)   Pre Evacuate Collection Set: 0.3ms
[301.712s][info][gc,phases      ] GC(331)   Merge Heap Roots: 1.0ms
[301.712s][info][gc,phases      ] GC(331)   Evacuate Collection Set: 362.4ms
[301.712s][info][gc,phases      ] GC(331)   Post Evacuate Collection Set: 1.1ms
[301.712s][info][gc,phases      ] GC(331)   Other: 0.1ms
[301.712s][info][gc,heap        ] GC(331) Eden regions: 918->0(121)
[301.712s][info][gc,heap        ] GC(331) Survivor regions: 144->88(133)
[301.712s][info][gc,heap        ] GC(331) Old regions: 77->220
[301.712s][info][gc,heap        ] GC(331) Humongous regions: 160->139
[301.712s][info][gc,metaspace   ] GC(331) Metaspace: 76677K(77760K)->76677K(77760K) NonClass: 67306K(67840K)->67306K(67840K) Class: 9371K(9920K)->9371K(9920K)
[301.712s][info][gc             ] GC(331) Pause Young (Normal) (G1 Evacuation Pause) 2592M->886M(4096M) 365.095ms
[301.712s][info][gc,cpu         ] GC(331) User=2.11s Sys=0.00s Real=0.36s
[301.969s][info][gc,start       ] GC(332) Pause Young (Normal) (G1 Evacuation Pause)
[301.969s][info][gc,task        ] GC(332) Using 6 workers of 6 for evacuation
[302.086s][info][gc,phases      ] GC(332)   Pre Evacuate Collection Set: 0.3ms
[302.086s][info][gc,phases      ] GC(332)   Merge Heap Roots: 0.4ms
[302.086s][info][gc,phases      ] GC(332)   Evacuate Collection Set: 114.7ms
[302.086s][info][gc,phases      ] GC(332)   Post Evacuate Collection Set: 0.9ms
[302.086s][info][gc,phases      ] GC(332)   Other: 0.1ms
[302.086s][info][gc,heap        ] GC(332) Eden regions: 143->0(820)
[302.086s][info][gc,heap        ] GC(332) Survivor regions: 88->10(29)
[302.086s][info][gc,heap        ] GC(332) Old regions: 220->305
[302.086s][info][gc,heap        ] GC(332) Humongous regions: 146->139
[302.086s][info][gc,metaspace   ] GC(332) Metaspace: 76677K(77760K)->76677K(77760K) NonClass: 67306K(67840K)->67306K(67840K) Class: 9371K(9920K)->9371K(9920K)
[302.086s][info][gc             ] GC(332) Pause Young (Normal) (G1 Evacuation Pause) 1186M->900M(4096M) 116.616ms
[302.086s][info][gc,cpu         ] GC(332) User=0.66s Sys=0.00s Real=0.11s
[302.888s][info][gc,start       ] GC(333) Pause Full (System.gc())
[302.888s][info][gc,task        ] GC(333) Using 6 workers of 6 for full compaction
[302.888s][info][gc,phases,start] GC(333) Phase 1: Mark live objects
[302.917s][info][gc,phases      ] GC(333) Phase 1: Mark live objects 29.377ms
[302.917s][info][gc,phases,start] GC(333) Phase 2: Prepare compaction
[302.919s][info][gc,phases      ] GC(333) Phase 2: Prepare compaction 2.000ms
[302.920s][info][gc,phases,start] GC(333) Phase 3: Adjust pointers
[302.931s][info][gc,phases      ] GC(333) Phase 3: Adjust pointers 11.036ms
[302.931s][info][gc,phases,start] GC(333) Phase 4: Compact heap
[302.933s][info][gc,phases      ] GC(333) Phase 4: Compact heap 1.927ms
[302.933s][info][gc,phases,start] GC(333) Phase 5: Reset Metadata
[302.940s][info][gc,phases      ] GC(333) Phase 5: Reset Metadata 6.961ms
[302.956s][info][gc,heap        ] GC(333) Eden regions: 673->0(879)
[302.956s][info][gc,heap        ] GC(333) Survivor regions: 10->0(29)
[302.956s][info][gc,heap        ] GC(333) Old regions: 305->76
[302.956s][info][gc,heap        ] GC(333) Humongous regions: 283->3
[302.956s][info][gc,metaspace   ] GC(333) Metaspace: 76677K(77760K)->76677K(77760K) NonClass: 67306K(67840K)->67306K(67840K) Class: 9371K(9920K)->9371K(9920K)
[302.956s][info][gc             ] GC(333) Pause Full (System.gc()) 2534M->152M(4096M) 68.049ms
[302.956s][info][gc,cpu         ] GC(333) User=0.12s Sys=0.00s Real=0.08s
[304.233s][info][gc,start       ] GC(334) Pause Young (Normal) (G1 Evacuation Pause)
[304.233s][info][gc,task        ] GC(334) Using 6 workers of 6 for evacuation
[304.426s][info][gc,phases      ] GC(334)   Pre Evacuate Collection Set: 0.3ms
[304.426s][info][gc,phases      ] GC(334)   Merge Heap Roots: 0.6ms
[304.426s][info][gc,phases      ] GC(334)   Evacuate Collection Set: 191.0ms
[304.426s][info][gc,phases      ] GC(334)   Post Evacuate Collection Set: 1.1ms
[304.426s][info][gc,phases      ] GC(334)   Other: 0.1ms
[304.426s][info][gc,heap        ] GC(334) Eden regions: 923->0(830)
[304.426s][info][gc,heap        ] GC(334) Survivor regions: 0->97(116)
[304.426s][info][gc,heap        ] GC(334) Old regions: 76->76
[304.426s][info][gc,heap        ] GC(334) Humongous regions: 69->59
[304.426s][info][gc,metaspace   ] GC(334) Metaspace: 76678K(77760K)->76678K(77760K) NonClass: 67307K(67840K)->67307K(67840K) Class: 9371K(9920K)->9371K(9920K)
[304.426s][info][gc             ] GC(334) Pause Young (Normal) (G1 Evacuation Pause) 2130M->457M(4096M) 193.407ms
[304.426s][info][gc,cpu         ] GC(334) User=1.12s Sys=0.00s Real=0.19s
[305.522s][info][gc,start       ] GC(335) Pause Young (Normal) (G1 Evacuation Pause)
[305.522s][info][gc,task        ] GC(335) Using 6 workers of 6 for evacuation
[305.812s][info][gc,mmu         ] GC(335) MMU target violated: 201.0ms (200.0ms/201.0ms)
[305.812s][info][gc,phases      ] GC(335)   Pre Evacuate Collection Set: 0.3ms
[305.812s][info][gc,phases      ] GC(335)   Merge Heap Roots: 0.9ms
[305.812s][info][gc,phases      ] GC(335)   Evacuate Collection Set: 287.5ms
[305.812s][info][gc,phases      ] GC(335)   Post Evacuate Collection Set: 1.0ms
[305.812s][info][gc,phases      ] GC(335)   Other: 0.2ms
[305.812s][info][gc,heap        ] GC(335) Eden regions: 825->0(118)
[305.812s][info][gc,heap        ] GC(335) Survivor regions: 97->94(116)
[305.812s][info][gc,heap        ] GC(335) Old regions: 76->172
[305.812s][info][gc,heap        ] GC(335) Humongous regions: 103->103
[305.812s][info][gc,metaspace   ] GC(335) Metaspace: 76678K(77760K)->76678K(77760K) NonClass: 67307K(67840K)->67307K(67840K) Class: 9371K(9920K)->9371K(9920K)
[305.812s][info][gc             ] GC(335) Pause Young (Normal) (G1 Evacuation Pause) 2195M->731M(4096M) 290.028ms
[305.812s][info][gc,cpu         ] GC(335) User=1.59s Sys=0.00s Real=0.28s
[306.085s][info][gc,start       ] GC(336) Pause Young (Normal) (G1 Evacuation Pause)
[306.085s][info][gc,task        ] GC(336) Using 6 workers of 6 for evacuation
[306.221s][info][gc,phases      ] GC(336)   Pre Evacuate Collection Set: 0.3ms
[306.221s][info][gc,phases      ] GC(336)   Merge Heap Roots: 0.4ms
[306.221s][info][gc,phases      ] GC(336)   Evacuate Collection Set: 134.7ms
[306.221s][info][gc,phases      ] GC(336)   Post Evacuate Collection Set: 0.7ms
[306.221s][info][gc,phases      ] GC(336)   Other: 0.1ms
[306.221s][info][gc,heap        ] GC(336) Eden regions: 143->0(857)
[306.221s][info][gc,heap        ] GC(336) Survivor regions: 94->18(30)
[306.221s][info][gc,heap        ] GC(336) Old regions: 172->266
[306.221s][info][gc,heap        ] GC(336) Humongous regions: 129->115
[306.221s][info][gc,metaspace   ] GC(336) Metaspace: 76678K(77760K)->76678K(77760K) NonClass: 67307K(67840K)->67307K(67840K) Class: 9371K(9920K)->9371K(9920K)
[306.221s][info][gc             ] GC(336) Pause Young (Normal) (G1 Evacuation Pause) 1069M->790M(4096M) 136.313ms
[306.221s][info][gc,cpu         ] GC(336) User=0.75s Sys=0.00s Real=0.13s
[307.498s][info][gc,start       ] GC(337) Pause Young (Normal) (G1 Evacuation Pause)
[307.498s][info][gc,task        ] GC(337) Using 6 workers of 6 for evacuation
[307.717s][info][gc,mmu         ] GC(337) MMU target violated: 201.0ms (200.0ms/201.0ms)
[307.717s][info][gc,phases      ] GC(337)   Pre Evacuate Collection Set: 0.4ms
[307.717s][info][gc,phases      ] GC(337)   Merge Heap Roots: 0.8ms
[307.717s][info][gc,phases      ] GC(337)   Evacuate Collection Set: 216.2ms
[307.717s][info][gc,phases      ] GC(337)   Post Evacuate Collection Set: 0.9ms
[307.717s][info][gc,phases      ] GC(337)   Other: 0.2ms
[307.717s][info][gc,heap        ] GC(337) Eden regions: 854->0(70)
[307.717s][info][gc,heap        ] GC(337) Survivor regions: 18->108(109)
[307.717s][info][gc,heap        ] GC(337) Old regions: 266->266
[307.717s][info][gc,heap        ] GC(337) Humongous regions: 296->197
[307.717s][info][gc,metaspace   ] GC(337) Metaspace: 76678K(77760K)->76678K(77760K) NonClass: 67307K(67840K)->67307K(67840K) Class: 9371K(9920K)->9371K(9920K)
[307.717s][info][gc             ] GC(337) Pause Young (Normal) (G1 Evacuation Pause) 2860M->1134M(4096M) 218.766ms
[307.717s][info][gc,cpu         ] GC(337) User=1.23s Sys=0.00s Real=0.22s
[307.785s][info][gc,start       ] GC(338) Pause Young (Normal) (G1 Evacuation Pause)
[307.785s][info][gc,task        ] GC(338) Using 6 workers of 6 for evacuation
[307.927s][info][gc,phases      ] GC(338)   Pre Evacuate Collection Set: 0.3ms
[307.927s][info][gc,phases      ] GC(338)   Merge Heap Roots: 0.6ms
[307.927s][info][gc,phases      ] GC(338)   Evacuate Collection Set: 140.4ms
[307.927s][info][gc,phases      ] GC(338)   Post Evacuate Collection Set: 0.5ms
[307.927s][info][gc,phases      ] GC(338)   Other: 0.1ms
[307.927s][info][gc,heap        ] GC(338) Eden regions: 111->0(845)
[307.927s][info][gc,heap        ] GC(338) Survivor regions: 108->22(28)
[307.927s][info][gc,heap        ] GC(338) Old regions: 266->374
[307.927s][info][gc,heap        ] GC(338) Humongous regions: 199->199
[307.927s][info][gc,metaspace   ] GC(338) Metaspace: 76678K(77760K)->76678K(77760K) NonClass: 67307K(67840K)->67307K(67840K) Class: 9371K(9920K)->9371K(9920K)
[307.927s][info][gc             ] GC(338) Pause Young (Normal) (G1 Evacuation Pause) 1360M->1182M(4096M) 142.118ms
[307.927s][info][gc,cpu         ] GC(338) User=0.67s Sys=0.02s Real=0.14s
[307.940s][info][gc,start       ] GC(339) Pause Full (System.gc())
[307.940s][info][gc,task        ] GC(339) Using 6 workers of 6 for full compaction
[307.940s][info][gc,phases,start] GC(339) Phase 1: Mark live objects
[307.968s][info][gc,phases      ] GC(339) Phase 1: Mark live objects 27.922ms
[307.968s][info][gc,phases,start] GC(339) Phase 2: Prepare compaction
[307.969s][info][gc,phases      ] GC(339) Phase 2: Prepare compaction 1.054ms
[307.969s][info][gc,phases,start] GC(339) Phase 3: Adjust pointers
[307.980s][info][gc,phases      ] GC(339) Phase 3: Adjust pointers 11.086ms
[307.980s][info][gc,phases,start] GC(339) Phase 4: Compact heap
[307.981s][info][gc,phases      ] GC(339) Phase 4: Compact heap 0.985ms
[307.981s][info][gc,phases,start] GC(339) Phase 5: Reset Metadata
[307.988s][info][gc,phases      ] GC(339) Phase 5: Reset Metadata 6.683ms
[308.004s][info][gc,heap        ] GC(339) Eden regions: 27->0(1130)
[308.004s][info][gc,heap        ] GC(339) Survivor regions: 22->0(28)
[308.004s][info][gc,heap        ] GC(339) Old regions: 374->76
[308.004s][info][gc,heap        ] GC(339) Humongous regions: 199->3
[308.004s][info][gc,metaspace   ] GC(339) Metaspace: 76678K(77760K)->76678K(77760K) NonClass: 67307K(67840K)->67307K(67840K) Class: 9371K(9920K)->9371K(9920K)
[308.004s][info][gc             ] GC(339) Pause Full (System.gc()) 1236M->152M(4096M) 64.593ms
[308.004s][info][gc,cpu         ] GC(339) User=0.05s Sys=0.00s Real=0.06s
[309.542s][info][gc,start       ] GC(340) Pause Young (Normal) (G1 Evacuation Pause)
[309.542s][info][gc,task        ] GC(340) Using 6 workers of 6 for evacuation
[309.804s][info][gc,mmu         ] GC(340) MMU target violated: 201.0ms (200.0ms/201.0ms)
[309.804s][info][gc,phases      ] GC(340)   Pre Evacuate Collection Set: 0.3ms
[309.804s][info][gc,phases      ] GC(340)   Merge Heap Roots: 0.6ms
[309.804s][info][gc,phases      ] GC(340)   Evacuate Collection Set: 259.6ms
[309.804s][info][gc,phases      ] GC(340)   Post Evacuate Collection Set: 1.3ms
[309.804s][info][gc,phases      ] GC(340)   Other: 0.2ms
[309.804s][info][gc,heap        ] GC(340) Eden regions: 1186->0(894)
[309.804s][info][gc,heap        ] GC(340) Survivor regions: 0->148(149)
[309.804s][info][gc,heap        ] GC(340) Old regions: 76->76
[309.804s][info][gc,heap        ] GC(340) Humongous regions: 85->75
[309.804s][info][gc,metaspace   ] GC(340) Metaspace: 76679K(77760K)->76679K(77760K) NonClass: 67307K(67840K)->67307K(67840K) Class: 9371K(9920K)->9371K(9920K)
[309.804s][info][gc             ] GC(340) Pause Young (Normal) (G1 Evacuation Pause) 2688M->591M(4096M) 262.198ms
[309.805s][info][gc,cpu         ] GC(340) User=1.50s Sys=0.00s Real=0.25s
[311.116s][info][gc,start       ] GC(341) Pause Young (Normal) (G1 Evacuation Pause)
[311.116s][info][gc,task        ] GC(341) Using 6 workers of 6 for evacuation
[311.452s][info][gc,mmu         ] GC(341) MMU target violated: 201.0ms (200.0ms/201.0ms)
[311.452s][info][gc,phases      ] GC(341)   Pre Evacuate Collection Set: 0.3ms
[311.452s][info][gc,phases      ] GC(341)   Merge Heap Roots: 1.0ms
[311.452s][info][gc,phases      ] GC(341)   Evacuate Collection Set: 332.7ms
[311.452s][info][gc,phases      ] GC(341)   Post Evacuate Collection Set: 1.6ms
[311.452s][info][gc,phases      ] GC(341)   Other: 0.2ms
[311.452s][info][gc,heap        ] GC(341) Eden regions: 851->0(177)
[311.452s][info][gc,heap        ] GC(341) Survivor regions: 148->76(125)
[311.452s][info][gc,heap        ] GC(341) Old regions: 76->224
[311.452s][info][gc,heap        ] GC(341) Humongous regions: 148->127
[311.452s][info][gc,metaspace   ] GC(341) Metaspace: 76679K(77760K)->76679K(77760K) NonClass: 67307K(67840K)->67307K(67840K) Class: 9371K(9920K)->9371K(9920K)
[311.452s][info][gc             ] GC(341) Pause Young (Normal) (G1 Evacuation Pause) 2439M->847M(4096M) 336.010ms
[311.452s][info][gc,cpu         ] GC(341) User=1.95s Sys=0.00s Real=0.33s
[311.795s][info][gc,start       ] GC(342) Pause Young (Normal) (G1 Evacuation Pause)
[311.795s][info][gc,task        ] GC(342) Using 6 workers of 6 for evacuation
[311.926s][info][gc,phases      ] GC(342)   Pre Evacuate Collection Set: 0.3ms
[311.926s][info][gc,phases      ] GC(342)   Merge Heap Roots: 0.4ms
[311.926s][info][gc,phases      ] GC(342)   Evacuate Collection Set: 128.7ms
[311.926s][info][gc,phases      ] GC(342)   Post Evacuate Collection Set: 0.9ms
[311.926s][info][gc,phases      ] GC(342)   Other: 0.1ms
[311.926s][info][gc,heap        ] GC(342) Eden regions: 208->0(598)
[311.926s][info][gc,heap        ] GC(342) Survivor regions: 76->22(36)
[311.926s][info][gc,heap        ] GC(342) Old regions: 224->298
[311.926s][info][gc,heap        ] GC(342) Humongous regions: 146->139
[311.926s][info][gc,metaspace   ] GC(342) Metaspace: 76679K(77760K)->76679K(77760K) NonClass: 67307K(67840K)->67307K(67840K) Class: 9371K(9920K)->9371K(9920K)
[311.926s][info][gc             ] GC(342) Pause Young (Normal) (G1 Evacuation Pause) 1301M->912M(4096M) 130.547ms
[311.926s][info][gc,cpu         ] GC(342) User=0.70s Sys=0.00s Real=0.14s
[312.735s][info][gc,start       ] GC(343) Pause Young (Normal) (G1 Evacuation Pause)
[312.735s][info][gc,task        ] GC(343) Using 6 workers of 6 for evacuation
[312.914s][info][gc,phases      ] GC(343)   Pre Evacuate Collection Set: 0.5ms
[312.914s][info][gc,phases      ] GC(343)   Merge Heap Roots: 0.8ms
[312.914s][info][gc,phases      ] GC(343)   Evacuate Collection Set: 177.2ms
[312.914s][info][gc,phases      ] GC(343)   Post Evacuate Collection Set: 0.8ms
[312.914s][info][gc,phases      ] GC(343)   Other: 0.1ms
[312.914s][info][gc,heap        ] GC(343) Eden regions: 620->0(197)
[312.914s][info][gc,heap        ] GC(343) Survivor regions: 22->81(81)
[312.914s][info][gc,heap        ] GC(343) Old regions: 298->314
[312.914s][info][gc,heap        ] GC(343) Humongous regions: 286->196
[312.914s][info][gc,metaspace   ] GC(343) Metaspace: 76680K(77760K)->76680K(77760K) NonClass: 67309K(67840K)->67309K(67840K) Class: 9371K(9920K)->9371K(9920K)
[312.914s][info][gc             ] GC(343) Pause Young (Normal) (G1 Evacuation Pause) 2446M->1176M(4096M) 179.631ms
[312.914s][info][gc,cpu         ] GC(343) User=0.84s Sys=0.00s Real=0.17s
[312.924s][info][gc,start       ] GC(344) Pause Full (System.gc())
[312.924s][info][gc,task        ] GC(344) Using 6 workers of 6 for full compaction
[312.924s][info][gc,phases,start] GC(344) Phase 1: Mark live objects
[312.952s][info][gc,phases      ] GC(344) Phase 1: Mark live objects 27.840ms
[312.952s][info][gc,phases,start] GC(344) Phase 2: Prepare compaction
[312.953s][info][gc,phases      ] GC(344) Phase 2: Prepare compaction 1.070ms
[312.953s][info][gc,phases,start] GC(344) Phase 3: Adjust pointers
[312.964s][info][gc,phases      ] GC(344) Phase 3: Adjust pointers 11.189ms
[312.964s][info][gc,phases,start] GC(344) Phase 4: Compact heap
[312.965s][info][gc,phases      ] GC(344) Phase 4: Compact heap 1.053ms
[312.965s][info][gc,phases,start] GC(344) Phase 5: Reset Metadata
[312.972s][info][gc,phases      ] GC(344) Phase 5: Reset Metadata 6.527ms
[312.988s][info][gc,heap        ] GC(344) Eden regions: 18->0(704)
[312.988s][info][gc,heap        ] GC(344) Survivor regions: 81->0(81)
[312.989s][info][gc,heap        ] GC(344) Old regions: 314->76
[312.989s][info][gc,heap        ] GC(344) Humongous regions: 196->3
[312.989s][info][gc,metaspace   ] GC(344) Metaspace: 76680K(77760K)->76680K(77760K) NonClass: 67309K(67840K)->67309K(67840K) Class: 9371K(9920K)->9371K(9920K)
[312.989s][info][gc             ] GC(344) Pause Full (System.gc()) 1211M->153M(4096M) 64.796ms
[312.989s][info][gc,cpu         ] GC(344) User=0.05s Sys=0.00s Real=0.06s
[313.618s][info][gc,start       ] GC(345) Pause Young (Normal) (G1 Evacuation Pause)
[313.618s][info][gc,task        ] GC(345) Using 6 workers of 6 for evacuation
[313.758s][info][gc,phases      ] GC(345)   Pre Evacuate Collection Set: 0.3ms
[313.758s][info][gc,phases      ] GC(345)   Merge Heap Roots: 0.4ms
[313.758s][info][gc,phases      ] GC(345)   Evacuate Collection Set: 137.8ms
[313.758s][info][gc,phases      ] GC(345)   Post Evacuate Collection Set: 0.8ms
[313.758s][info][gc,phases      ] GC(345)   Other: 0.1ms
[313.758s][info][gc,heap        ] GC(345) Eden regions: 748->0(705)
[313.758s][info][gc,heap        ] GC(345) Survivor regions: 0->84(94)
[313.758s][info][gc,heap        ] GC(345) Old regions: 76->76
[313.758s][info][gc,heap        ] GC(345) Humongous regions: 42->39
[313.758s][info][gc,metaspace   ] GC(345) Metaspace: 76681K(77760K)->76681K(77760K) NonClass: 67310K(67840K)->67310K(67840K) Class: 9371K(9920K)->9371K(9920K)
[313.758s][info][gc             ] GC(345) Pause Young (Normal) (G1 Evacuation Pause) 1727M->392M(4096M) 139.643ms
[313.758s][info][gc,cpu         ] GC(345) User=0.83s Sys=0.00s Real=0.14s
[314.777s][info][gc,start       ] GC(346) Pause Young (Normal) (G1 Evacuation Pause)
[314.777s][info][gc,task        ] GC(346) Using 6 workers of 6 for evacuation
[315.054s][info][gc,mmu         ] GC(346) MMU target violated: 201.0ms (200.0ms/201.0ms)
[315.054s][info][gc,phases      ] GC(346)   Pre Evacuate Collection Set: 0.3ms
[315.054s][info][gc,phases      ] GC(346)   Merge Heap Roots: 0.7ms
[315.054s][info][gc,phases      ] GC(346)   Evacuate Collection Set: 273.9ms
[315.054s][info][gc,phases      ] GC(346)   Post Evacuate Collection Set: 1.1ms
[315.054s][info][gc,phases      ] GC(346)   Other: 0.2ms
[315.054s][info][gc,heap        ] GC(346) Eden regions: 696->0(206)
[315.054s][info][gc,heap        ] GC(346) Survivor regions: 84->92(98)
[315.054s][info][gc,heap        ] GC(346) Old regions: 76->157
[315.054s][info][gc,heap        ] GC(346) Humongous regions: 102->95
[315.054s][info][gc,metaspace   ] GC(346) Metaspace: 76687K(77760K)->76687K(77760K) NonClass: 67314K(67840K)->67314K(67840K) Class: 9372K(9920K)->9372K(9920K)
[315.054s][info][gc             ] GC(346) Pause Young (Normal) (G1 Evacuation Pause) 1910M->682M(4096M) 276.392ms
[315.054s][info][gc,cpu         ] GC(346) User=1.61s Sys=0.00s Real=0.28s
[315.243s][info][gc,start       ] GC(347) Pause Young (Normal) (G1 Evacuation Pause)
[315.243s][info][gc,task        ] GC(347) Using 6 workers of 6 for evacuation
[315.354s][info][gc,phases      ] GC(347)   Pre Evacuate Collection Set: 0.3ms
[315.355s][info][gc,phases      ] GC(347)   Merge Heap Roots: 0.5ms
[315.355s][info][gc,phases      ] GC(347)   Evacuate Collection Set: 109.8ms
[315.355s][info][gc,phases      ] GC(347)   Post Evacuate Collection Set: 0.7ms
[315.355s][info][gc,phases      ] GC(347)   Other: 0.1ms
[315.355s][info][gc,heap        ] GC(347) Eden regions: 226->0(745)
[315.355s][info][gc,heap        ] GC(347) Survivor regions: 92->17(40)
[315.355s][info][gc,heap        ] GC(347) Old regions: 157->247
[315.355s][info][gc,heap        ] GC(347) Humongous regions: 95->95
[315.355s][info][gc,metaspace   ] GC(347) Metaspace: 76687K(77760K)->76687K(77760K) NonClass: 67314K(67840K)->67314K(67840K) Class: 9372K(9920K)->9372K(9920K)
[315.355s][info][gc             ] GC(347) Pause Young (Normal) (G1 Evacuation Pause) 1134M->712M(4096M) 111.608ms
[315.355s][info][gc,cpu         ] GC(347) User=0.56s Sys=0.00s Real=0.10s
[316.823s][info][gc,start       ] GC(348) Pause Young (Normal) (G1 Evacuation Pause)
[316.824s][info][gc,task        ] GC(348) Using 6 workers of 6 for evacuation
[317.059s][info][gc,mmu         ] GC(348) MMU target violated: 201.0ms (200.0ms/201.0ms)
[317.059s][info][gc,phases      ] GC(348)   Pre Evacuate Collection Set: 0.3ms
[317.059s][info][gc,phases      ] GC(348)   Merge Heap Roots: 0.5ms
[317.059s][info][gc,phases      ] GC(348)   Evacuate Collection Set: 233.7ms
[317.059s][info][gc,phases      ] GC(348)   Post Evacuate Collection Set: 0.9ms
[317.059s][info][gc,phases      ] GC(348)   Other: 0.1ms
[317.059s][info][gc,heap        ] GC(348) Eden regions: 777->0(56)
[317.059s][info][gc,heap        ] GC(348) Survivor regions: 17->100(100)
[317.059s][info][gc,heap        ] GC(348) Old regions: 247->247
[317.059s][info][gc,heap        ] GC(348) Humongous regions: 190->162
[317.059s][info][gc,metaspace   ] GC(348) Metaspace: 76689K(77760K)->76689K(77760K) NonClass: 67316K(67840K)->67316K(67840K) Class: 9372K(9920K)->9372K(9920K)
[317.059s][info][gc             ] GC(348) Pause Young (Normal) (G1 Evacuation Pause) 2456M->1011M(4096M) 235.720ms
[317.059s][info][gc,cpu         ] GC(348) User=1.33s Sys=0.00s Real=0.24s
[317.142s][info][gc,start       ] GC(349) Pause Young (Normal) (G1 Evacuation Pause)
[317.142s][info][gc,task        ] GC(349) Using 6 workers of 6 for evacuation
[317.251s][info][gc,phases      ] GC(349)   Pre Evacuate Collection Set: 0.3ms
[317.251s][info][gc,phases      ] GC(349)   Merge Heap Roots: 0.5ms
[317.251s][info][gc,phases      ] GC(349)   Evacuate Collection Set: 108.3ms
[317.251s][info][gc,phases      ] GC(349)   Post Evacuate Collection Set: 0.5ms
[317.252s][info][gc,phases      ] GC(349)   Other: 0.1ms
[317.252s][info][gc,heap        ] GC(349) Eden regions: 58->0(883)
[317.252s][info][gc,heap        ] GC(349) Survivor regions: 100->12(20)
[317.252s][info][gc,heap        ] GC(349) Old regions: 247->345
[317.252s][info][gc,heap        ] GC(349) Humongous regions: 211->186
[317.252s][info][gc,metaspace   ] GC(349) Metaspace: 76691K(77760K)->76691K(77760K) NonClass: 67319K(67840K)->67319K(67840K) Class: 9372K(9920K)->9372K(9920K)
[317.252s][info][gc             ] GC(349) Pause Young (Normal) (G1 Evacuation Pause) 1225M->1078M(4096M) 110.000ms
[317.252s][info][gc,cpu         ] GC(349) User=0.58s Sys=0.00s Real=0.11s
[317.639s][info][gc,start       ] GC(350) Pause Full (System.gc())
[317.639s][info][gc,task        ] GC(350) Using 6 workers of 6 for full compaction
[317.639s][info][gc,phases,start] GC(350) Phase 1: Mark live objects
[317.667s][info][gc,phases      ] GC(350) Phase 1: Mark live objects 28.287ms
[317.667s][info][gc,phases,start] GC(350) Phase 2: Prepare compaction
[317.669s][info][gc,phases      ] GC(350) Phase 2: Prepare compaction 1.849ms
[317.669s][info][gc,phases,start] GC(350) Phase 3: Adjust pointers
[317.681s][info][gc,phases      ] GC(350) Phase 3: Adjust pointers 11.836ms
[317.681s][info][gc,phases,start] GC(350) Phase 4: Compact heap
[317.683s][info][gc,phases      ] GC(350) Phase 4: Compact heap 1.538ms
[317.683s][info][gc,phases,start] GC(350) Phase 5: Reset Metadata
[317.690s][info][gc,phases      ] GC(350) Phase 5: Reset Metadata 7.452ms
[317.706s][info][gc,heap        ] GC(350) Eden regions: 375->0(1019)
[317.706s][info][gc,heap        ] GC(350) Survivor regions: 12->0(20)
[317.706s][info][gc,heap        ] GC(350) Old regions: 345->76
[317.706s][info][gc,heap        ] GC(350) Humongous regions: 254->3
[317.706s][info][gc,metaspace   ] GC(350) Metaspace: 76692K(77760K)->76692K(77760K) NonClass: 67320K(67840K)->67320K(67840K) Class: 9372K(9920K)->9372K(9920K)
[317.706s][info][gc             ] GC(350) Pause Full (System.gc()) 1963M->153M(4096M) 67.847ms
[317.706s][info][gc,cpu         ] GC(350) User=0.11s Sys=0.00s Real=0.06s
[319.141s][info][gc,start       ] GC(351) Pause Young (Normal) (G1 Evacuation Pause)
[319.141s][info][gc,task        ] GC(351) Using 6 workers of 6 for evacuation
[319.381s][info][gc,mmu         ] GC(351) MMU target violated: 201.0ms (200.0ms/201.0ms)
[319.381s][info][gc,phases      ] GC(351)   Pre Evacuate Collection Set: 0.3ms
[319.381s][info][gc,phases      ] GC(351)   Merge Heap Roots: 0.6ms
[319.381s][info][gc,phases      ] GC(351)   Evacuate Collection Set: 237.6ms
[319.381s][info][gc,phases      ] GC(351)   Post Evacuate Collection Set: 1.3ms
[319.381s][info][gc,phases      ] GC(351)   Other: 0.2ms
[319.381s][info][gc,heap        ] GC(351) Eden regions: 1067->0(855)
[319.381s][info][gc,heap        ] GC(351) Survivor regions: 0->134(134)
[319.381s][info][gc,heap        ] GC(351) Old regions: 76->76
[319.381s][info][gc,heap        ] GC(351) Humongous regions: 81->71
[319.381s][info][gc,metaspace   ] GC(351) Metaspace: 76706K(77760K)->76706K(77760K) NonClass: 67330K(67840K)->67330K(67840K) Class: 9375K(9920K)->9375K(9920K)
[319.381s][info][gc             ] GC(351) Pause Young (Normal) (G1 Evacuation Pause) 2443M->557M(4096M) 240.205ms
[319.381s][info][gc,cpu         ] GC(351) User=1.58s Sys=0.00s Real=0.25s
[320.604s][info][gc,start       ] GC(352) Pause Young (Normal) (G1 Evacuation Pause)
[320.604s][info][gc,task        ] GC(352) Using 6 workers of 6 for evacuation
[320.905s][info][gc,mmu         ] GC(352) MMU target violated: 201.0ms (200.0ms/201.0ms)
[320.905s][info][gc,phases      ] GC(352)   Pre Evacuate Collection Set: 0.3ms
[320.905s][info][gc,phases      ] GC(352)   Merge Heap Roots: 0.9ms
[320.905s][info][gc,phases      ] GC(352)   Evacuate Collection Set: 298.2ms
[320.905s][info][gc,phases      ] GC(352)   Post Evacuate Collection Set: 1.4ms
[320.905s][info][gc,phases      ] GC(352)   Other: 0.2ms
[320.905s][info][gc,heap        ] GC(352) Eden regions: 834->0(222)
[320.905s][info][gc,heap        ] GC(352) Survivor regions: 134->72(121)
[320.905s][info][gc,heap        ] GC(352) Old regions: 76->211
[320.905s][info][gc,heap        ] GC(352) Humongous regions: 129->115
[320.906s][info][gc,metaspace   ] GC(352) Metaspace: 76706K(77760K)->76706K(77760K) NonClass: 67330K(67840K)->67330K(67840K) Class: 9375K(9920K)->9375K(9920K)
[320.906s][info][gc             ] GC(352) Pause Young (Normal) (G1 Evacuation Pause) 2341M->790M(4096M) 301.157ms
[320.906s][info][gc,cpu         ] GC(352) User=1.58s Sys=0.08s Real=0.30s
[321.191s][info][gc,start       ] GC(353) Pause Young (Normal) (G1 Evacuation Pause)
[321.191s][info][gc,task        ] GC(353) Using 6 workers of 6 for evacuation
[321.346s][info][gc,phases      ] GC(353)   Pre Evacuate Collection Set: 0.2ms
[321.346s][info][gc,phases      ] GC(353)   Merge Heap Roots: 0.7ms
[321.346s][info][gc,phases      ] GC(353)   Evacuate Collection Set: 153.0ms
[321.346s][info][gc,phases      ] GC(353)   Post Evacuate Collection Set: 0.7ms
[321.346s][info][gc,phases      ] GC(353)   Other: 0.1ms
[321.346s][info][gc,heap        ] GC(353) Eden regions: 191->0(708)
[321.346s][info][gc,heap        ] GC(353) Survivor regions: 72->32(33)
[321.346s][info][gc,heap        ] GC(353) Old regions: 211->281
[321.346s][info][gc,heap        ] GC(353) Humongous regions: 146->139
[321.346s][info][gc,metaspace   ] GC(353) Metaspace: 76706K(77760K)->76706K(77760K) NonClass: 67330K(67840K)->67330K(67840K) Class: 9375K(9920K)->9375K(9920K)
[321.346s][info][gc             ] GC(353) Pause Young (Normal) (G1 Evacuation Pause) 1234M->897M(4096M) 154.998ms
[321.346s][info][gc,cpu         ] GC(353) User=0.83s Sys=0.00s Real=0.14s
[322.375s][info][gc,start       ] GC(354) Pause Young (Normal) (G1 Evacuation Pause)
[322.375s][info][gc,task        ] GC(354) Using 6 workers of 6 for evacuation
[322.564s][info][gc,phases      ] GC(354)   Pre Evacuate Collection Set: 0.3ms
[322.564s][info][gc,phases      ] GC(354)   Merge Heap Roots: 0.7ms
[322.564s][info][gc,phases      ] GC(354)   Evacuate Collection Set: 186.5ms
[322.564s][info][gc,phases      ] GC(354)   Post Evacuate Collection Set: 0.8ms
[322.564s][info][gc,phases      ] GC(354)   Other: 0.1ms
[322.564s][info][gc,heap        ] GC(354) Eden regions: 733->0(60)
[322.564s][info][gc,heap        ] GC(354) Survivor regions: 32->96(96)
[322.564s][info][gc,heap        ] GC(354) Old regions: 281->298
[322.564s][info][gc,heap        ] GC(354) Humongous regions: 288->196
[322.564s][info][gc,metaspace   ] GC(354) Metaspace: 76716K(77760K)->76716K(77760K) NonClass: 67340K(67840K)->67340K(67840K) Class: 9375K(9920K)->9375K(9920K)
[322.564s][info][gc             ] GC(354) Pause Young (Normal) (G1 Evacuation Pause) 2661M->1174M(4096M) 188.689ms
[322.564s][info][gc,cpu         ] GC(354) User=0.94s Sys=0.00s Real=0.19s
[322.591s][info][gc,start       ] GC(355) Pause Full (System.gc())
[322.591s][info][gc,task        ] GC(355) Using 6 workers of 6 for full compaction
[322.591s][info][gc,phases,start] GC(355) Phase 1: Mark live objects
[322.620s][info][gc,phases      ] GC(355) Phase 1: Mark live objects 28.679ms
[322.620s][info][gc,phases,start] GC(355) Phase 2: Prepare compaction
[322.621s][info][gc,phases      ] GC(355) Phase 2: Prepare compaction 1.345ms
[322.621s][info][gc,phases,start] GC(355) Phase 3: Adjust pointers
[322.632s][info][gc,phases      ] GC(355) Phase 3: Adjust pointers 10.896ms
[322.632s][info][gc,phases,start] GC(355) Phase 4: Compact heap
[322.634s][info][gc,phases      ] GC(355) Phase 4: Compact heap 1.372ms
[322.634s][info][gc,phases,start] GC(355) Phase 5: Reset Metadata
[322.641s][info][gc,phases      ] GC(355) Phase 5: Reset Metadata 6.967ms
[322.657s][info][gc,heap        ] GC(355) Eden regions: 60->0(851)
[322.657s][info][gc,heap        ] GC(355) Survivor regions: 96->0(96)
[322.657s][info][gc,heap        ] GC(355) Old regions: 298->76
[322.657s][info][gc,heap        ] GC(355) Humongous regions: 196->3
[322.657s][info][gc,metaspace   ] GC(355) Metaspace: 76716K(77760K)->76716K(77760K) NonClass: 67340K(67840K)->67340K(67840K) Class: 9375K(9920K)->9375K(9920K)
[322.657s][info][gc             ] GC(355) Pause Full (System.gc()) 1294M->153M(4096M) 65.836ms
[322.657s][info][gc,cpu         ] GC(355) User=0.09s Sys=0.00s Real=0.08s
[323.884s][info][gc,start       ] GC(356) Pause Young (Normal) (G1 Evacuation Pause)
[323.884s][info][gc,task        ] GC(356) Using 6 workers of 6 for evacuation
[324.058s][info][gc,phases      ] GC(356)   Pre Evacuate Collection Set: 0.3ms
[324.058s][info][gc,phases      ] GC(356)   Merge Heap Roots: 0.4ms
[324.058s][info][gc,phases      ] GC(356)   Evacuate Collection Set: 171.9ms
[324.058s][info][gc,phases      ] GC(356)   Post Evacuate Collection Set: 1.1ms
[324.058s][info][gc,phases      ] GC(356)   Other: 0.1ms
[324.058s][info][gc,heap        ] GC(356) Eden regions: 893->0(813)
[324.058s][info][gc,heap        ] GC(356) Survivor regions: 0->89(112)
[324.058s][info][gc,heap        ] GC(356) Old regions: 76->76
[324.058s][info][gc,heap        ] GC(356) Humongous regions: 57->47
[324.058s][info][gc,metaspace   ] GC(356) Metaspace: 76740K(77824K)->76740K(77824K) NonClass: 67363K(67904K)->67363K(67904K) Class: 9376K(9920K)->9376K(9920K)
[324.058s][info][gc             ] GC(356) Pause Young (Normal) (G1 Evacuation Pause) 2047M->419M(4096M) 174.136ms
[324.058s][info][gc,cpu         ] GC(356) User=0.97s Sys=0.00s Real=0.17s
[324.822s][info][gc,start       ] GC(357) Pause Young (Normal) (G1 Evacuation Pause)
[324.822s][info][gc,task        ] GC(357) Using 6 workers of 6 for evacuation
[325.094s][info][gc,mmu         ] GC(357) MMU target violated: 201.0ms (200.0ms/201.0ms)
[325.094s][info][gc,phases      ] GC(357)   Pre Evacuate Collection Set: 0.3ms
[325.094s][info][gc,phases      ] GC(357)   Merge Heap Roots: 0.7ms
[325.094s][info][gc,phases      ] GC(357)   Evacuate Collection Set: 270.0ms
[325.094s][info][gc,phases      ] GC(357)   Post Evacuate Collection Set: 1.0ms
[325.094s][info][gc,phases      ] GC(357)   Other: 0.2ms
[325.094s][info][gc,heap        ] GC(357) Eden regions: 811->0(131)
[325.094s][info][gc,heap        ] GC(357) Survivor regions: 89->99(113)
[325.094s][info][gc,heap        ] GC(357) Old regions: 76->165
[325.094s][info][gc,heap        ] GC(357) Humongous regions: 95->95
[325.094s][info][gc,metaspace   ] GC(357) Metaspace: 76740K(77824K)->76740K(77824K) NonClass: 67363K(67904K)->67363K(67904K) Class: 9376K(9920K)->9376K(9920K)
[325.094s][info][gc             ] GC(357) Pause Young (Normal) (G1 Evacuation Pause) 2137M->712M(4096M) 272.278ms
[325.094s][info][gc,cpu         ] GC(357) User=1.66s Sys=0.00s Real=0.28s
[325.614s][info][gc,start       ] GC(358) Pause Young (Normal) (G1 Evacuation Pause)
[325.614s][info][gc,task        ] GC(358) Using 6 workers of 6 for evacuation
[325.777s][info][gc,phases      ] GC(358)   Pre Evacuate Collection Set: 0.3ms
[325.777s][info][gc,phases      ] GC(358)   Merge Heap Roots: 0.5ms
[325.777s][info][gc,phases      ] GC(358)   Evacuate Collection Set: 161.2ms
[325.777s][info][gc,phases      ] GC(358)   Post Evacuate Collection Set: 0.7ms
[325.777s][info][gc,phases      ] GC(358)   Other: 0.1ms
[325.777s][info][gc,heap        ] GC(358) Eden regions: 160->0(781)
[325.777s][info][gc,heap        ] GC(358) Survivor regions: 99->20(33)
[325.777s][info][gc,heap        ] GC(358) Old regions: 165->262
[325.777s][info][gc,heap        ] GC(358) Humongous regions: 122->115
[325.777s][info][gc,metaspace   ] GC(358) Metaspace: 76744K(77824K)->76744K(77824K) NonClass: 67368K(67904K)->67368K(67904K) Class: 9376K(9920K)->9376K(9920K)
[325.777s][info][gc             ] GC(358) Pause Young (Normal) (G1 Evacuation Pause) 1086M->789M(4096M) 162.969ms
[325.777s][info][gc,cpu         ] GC(358) User=0.94s Sys=0.00s Real=0.17s
[327.148s][info][gc,start       ] GC(359) Pause Young (Normal) (G1 Evacuation Pause)
[327.148s][info][gc,task        ] GC(359) Using 6 workers of 6 for evacuation
[327.375s][info][gc,mmu         ] GC(359) MMU target violated: 201.0ms (200.0ms/201.0ms)
[327.375s][info][gc,phases      ] GC(359)   Pre Evacuate Collection Set: 0.3ms
[327.375s][info][gc,phases      ] GC(359)   Merge Heap Roots: 0.8ms
[327.375s][info][gc,phases      ] GC(359)   Evacuate Collection Set: 224.2ms
[327.375s][info][gc,phases      ] GC(359)   Post Evacuate Collection Set: 1.1ms
[327.375s][info][gc,phases      ] GC(359)   Other: 0.2ms
[327.375s][info][gc,heap        ] GC(359) Eden regions: 764->0(27)
[327.375s][info][gc,heap        ] GC(359) Survivor regions: 20->98(98)
[327.375s][info][gc,heap        ] GC(359) Old regions: 262->275
[327.375s][info][gc,heap        ] GC(359) Humongous regions: 298->191
[327.375s][info][gc,metaspace   ] GC(359) Metaspace: 76845K(77888K)->76845K(77888K) NonClass: 67468K(67968K)->67468K(67968K) Class: 9376K(9920K)->9376K(9920K)
[327.375s][info][gc             ] GC(359) Pause Young (Normal) (G1 Evacuation Pause) 2683M->1122M(4096M) 226.737ms
[327.375s][info][gc,cpu         ] GC(359) User=1.38s Sys=0.00s Real=0.22s
[327.395s][info][gc,start       ] GC(360) Pause Young (Normal) (G1 Evacuation Pause)
[327.395s][info][gc,task        ] GC(360) Using 6 workers of 6 for evacuation
[327.486s][info][gc,phases      ] GC(360)   Pre Evacuate Collection Set: 0.4ms
[327.486s][info][gc,phases      ] GC(360)   Merge Heap Roots: 0.6ms
[327.486s][info][gc,phases      ] GC(360)   Evacuate Collection Set: 88.5ms
[327.486s][info][gc,phases      ] GC(360)   Post Evacuate Collection Set: 0.8ms
[327.486s][info][gc,phases      ] GC(360)   Other: 0.1ms
[327.486s][info][gc,heap        ] GC(360) Eden regions: 29->0(1073)
[327.486s][info][gc,heap        ] GC(360) Survivor regions: 98->3(16)
[327.486s][info][gc,heap        ] GC(360) Old regions: 275->374
[327.486s][info][gc,heap        ] GC(360) Humongous regions: 191->191
[327.486s][info][gc,metaspace   ] GC(360) Metaspace: 76855K(77888K)->76855K(77888K) NonClass: 67478K(67968K)->67478K(67968K) Class: 9376K(9920K)->9376K(9920K)
[327.486s][info][gc             ] GC(360) Pause Young (Normal) (G1 Evacuation Pause) 1180M->1131M(4096M) 90.593ms
[327.486s][info][gc,cpu         ] GC(360) User=0.48s Sys=0.00s Real=0.10s
[327.620s][info][gc,start       ] GC(361) Pause Full (System.gc())
[327.621s][info][gc,task        ] GC(361) Using 6 workers of 6 for full compaction
[327.621s][info][gc,phases,start] GC(361) Phase 1: Mark live objects
[327.650s][info][gc,phases      ] GC(361) Phase 1: Mark live objects 29.023ms
[327.650s][info][gc,phases,start] GC(361) Phase 2: Prepare compaction
[327.651s][info][gc,phases      ] GC(361) Phase 2: Prepare compaction 1.472ms
[327.651s][info][gc,phases,start] GC(361) Phase 3: Adjust pointers
[327.662s][info][gc,phases      ] GC(361) Phase 3: Adjust pointers 11.033ms
[327.662s][info][gc,phases,start] GC(361) Phase 4: Compact heap
[327.664s][info][gc,phases      ] GC(361) Phase 4: Compact heap 1.836ms
[327.664s][info][gc,phases,start] GC(361) Phase 5: Reset Metadata
[327.671s][info][gc,phases      ] GC(361) Phase 5: Reset Metadata 6.706ms
[327.687s][info][gc,heap        ] GC(361) Eden regions: 222->0(1105)
[327.687s][info][gc,heap        ] GC(361) Survivor regions: 3->0(16)
[327.687s][info][gc,heap        ] GC(361) Old regions: 374->76
[327.687s][info][gc,heap        ] GC(361) Humongous regions: 193->3
[327.687s][info][gc,metaspace   ] GC(361) Metaspace: 76855K(77888K)->76855K(77888K) NonClass: 67478K(67968K)->67478K(67968K) Class: 9376K(9920K)->9376K(9920K)
[327.687s][info][gc             ] GC(361) Pause Full (System.gc()) 1579M->153M(4096M) 66.526ms
[327.687s][info][gc,cpu         ] GC(361) User=0.14s Sys=0.00s Real=0.06s
[329.198s][info][gc,start       ] GC(362) Pause Young (Normal) (G1 Evacuation Pause)
[329.198s][info][gc,task        ] GC(362) Using 6 workers of 6 for evacuation
[329.462s][info][gc,mmu         ] GC(362) MMU target violated: 201.0ms (200.0ms/201.0ms)
[329.462s][info][gc,phases      ] GC(362)   Pre Evacuate Collection Set: 0.3ms
[329.462s][info][gc,phases      ] GC(362)   Merge Heap Roots: 0.6ms
[329.462s][info][gc,phases      ] GC(362)   Evacuate Collection Set: 261.1ms
[329.462s][info][gc,phases      ] GC(362)   Post Evacuate Collection Set: 1.6ms
[329.462s][info][gc,phases      ] GC(362)   Other: 0.2ms
[329.462s][info][gc,heap        ] GC(362) Eden regions: 1164->0(882)
[329.462s][info][gc,heap        ] GC(362) Survivor regions: 0->146(146)
[329.462s][info][gc,heap        ] GC(362) Old regions: 76->76
[329.462s][info][gc,heap        ] GC(362) Humongous regions: 85->75
[329.462s][info][gc,metaspace   ] GC(362) Metaspace: 76857K(77888K)->76857K(77888K) NonClass: 67480K(67968K)->67480K(67968K) Class: 9376K(9920K)->9376K(9920K)
[329.462s][info][gc             ] GC(362) Pause Young (Normal) (G1 Evacuation Pause) 2645M->589M(4096M) 264.048ms
[329.462s][info][gc,cpu         ] GC(362) User=1.58s Sys=0.00s Real=0.27s
[330.754s][info][gc,start       ] GC(363) Pause Young (Normal) (G1 Evacuation Pause)
[330.754s][info][gc,task        ] GC(363) Using 6 workers of 6 for evacuation
[331.084s][info][gc,mmu         ] GC(363) MMU target violated: 201.0ms (200.0ms/201.0ms)
[331.084s][info][gc,phases      ] GC(363)   Pre Evacuate Collection Set: 0.3ms
[331.084s][info][gc,phases      ] GC(363)   Merge Heap Roots: 1.1ms
[331.084s][info][gc,phases      ] GC(363)   Evacuate Collection Set: 327.0ms
[331.084s][info][gc,phases      ] GC(363)   Post Evacuate Collection Set: 1.1ms
[331.084s][info][gc,phases      ] GC(363)   Other: 0.2ms
[331.084s][info][gc,heap        ] GC(363) Eden regions: 835->0(187)
[331.084s][info][gc,heap        ] GC(363) Survivor regions: 146->75(123)
[331.084s][info][gc,heap        ] GC(363) Old regions: 76->221
[331.084s][info][gc,heap        ] GC(363) Humongous regions: 141->127
[331.084s][info][gc,metaspace   ] GC(363) Metaspace: 76859K(77888K)->76859K(77888K) NonClass: 67482K(67968K)->67482K(67968K) Class: 9376K(9920K)->9376K(9920K)
[331.084s][info][gc             ] GC(363) Pause Young (Normal) (G1 Evacuation Pause) 2391M->839M(4096M) 329.899ms
[331.084s][info][gc,cpu         ] GC(363) User=1.91s Sys=0.00s Real=0.33s
[331.446s][info][gc,start       ] GC(364) Pause Young (Normal) (G1 Evacuation Pause)
[331.446s][info][gc,task        ] GC(364) Using 6 workers of 6 for evacuation
[331.575s][info][gc,phases      ] GC(364)   Pre Evacuate Collection Set: 0.3ms
[331.575s][info][gc,phases      ] GC(364)   Merge Heap Roots: 0.5ms
[331.575s][info][gc,phases      ] GC(364)   Evacuate Collection Set: 127.6ms
[331.575s][info][gc,phases      ] GC(364)   Post Evacuate Collection Set: 0.9ms
[331.575s][info][gc,phases      ] GC(364)   Other: 0.1ms
[331.575s][info][gc,heap        ] GC(364) Eden regions: 218->0(979)
[331.575s][info][gc,heap        ] GC(364) Survivor regions: 75->21(37)
[331.575s][info][gc,heap        ] GC(364) Old regions: 221->295
[331.575s][info][gc,heap        ] GC(364) Humongous regions: 153->139
[331.575s][info][gc,metaspace   ] GC(364) Metaspace: 76859K(77888K)->76859K(77888K) NonClass: 67483K(67968K)->67483K(67968K) Class: 9376K(9920K)->9376K(9920K)
[331.575s][info][gc             ] GC(364) Pause Young (Normal) (G1 Evacuation Pause) 1327M->904M(4096M) 129.532ms
[331.575s][info][gc,cpu         ] GC(364) User=0.59s Sys=0.00s Real=0.13s
[332.370s][info][gc,start       ] GC(365) Pause Full (System.gc())
[332.370s][info][gc,task        ] GC(365) Using 6 workers of 6 for full compaction
[332.370s][info][gc,phases,start] GC(365) Phase 1: Mark live objects
[332.399s][info][gc,phases      ] GC(365) Phase 1: Mark live objects 28.743ms
[332.399s][info][gc,phases,start] GC(365) Phase 2: Prepare compaction
[332.401s][info][gc,phases      ] GC(365) Phase 2: Prepare compaction 1.792ms
[332.401s][info][gc,phases,start] GC(365) Phase 3: Adjust pointers
[332.412s][info][gc,phases      ] GC(365) Phase 3: Adjust pointers 11.271ms
[332.412s][info][gc,phases,start] GC(365) Phase 4: Compact heap
[332.414s][info][gc,phases      ] GC(365) Phase 4: Compact heap 1.738ms
[332.414s][info][gc,phases,start] GC(365) Phase 5: Reset Metadata
[332.421s][info][gc,phases      ] GC(365) Phase 5: Reset Metadata 6.797ms
[332.437s][info][gc,heap        ] GC(365) Eden regions: 667->0(1156)
[332.437s][info][gc,heap        ] GC(365) Survivor regions: 21->0(37)
[332.437s][info][gc,heap        ] GC(365) Old regions: 295->77
[332.437s][info][gc,heap        ] GC(365) Humongous regions: 283->3
[332.437s][info][gc,metaspace   ] GC(365) Metaspace: 76862K(77888K)->76862K(77888K) NonClass: 67485K(67968K)->67485K(67968K) Class: 9376K(9920K)->9376K(9920K)
[332.437s][info][gc             ] GC(365) Pause Full (System.gc()) 2525M->153M(4096M) 67.332ms
[332.437s][info][gc,cpu         ] GC(365) User=0.12s Sys=0.00s Real=0.06s
[334.008s][info][gc,start       ] GC(366) Pause Young (Normal) (G1 Evacuation Pause)
[334.008s][info][gc,task        ] GC(366) Using 6 workers of 6 for evacuation
[334.286s][info][gc,mmu         ] GC(366) MMU target violated: 201.0ms (200.0ms/201.0ms)
[334.286s][info][gc,phases      ] GC(366)   Pre Evacuate Collection Set: 0.3ms
[334.286s][info][gc,phases      ] GC(366)   Merge Heap Roots: 0.7ms
[334.286s][info][gc,phases      ] GC(366)   Evacuate Collection Set: 275.6ms
[334.286s][info][gc,phases      ] GC(366)   Post Evacuate Collection Set: 1.3ms
[334.286s][info][gc,phases      ] GC(366)   Other: 0.2ms
[334.286s][info][gc,heap        ] GC(366) Eden regions: 1228->0(975)
[334.286s][info][gc,heap        ] GC(366) Survivor regions: 0->153(154)
[334.286s][info][gc,heap        ] GC(366) Old regions: 77->77
[334.286s][info][gc,heap        ] GC(366) Humongous regions: 93->83
[334.286s][info][gc,metaspace   ] GC(366) Metaspace: 76862K(77888K)->76862K(77888K) NonClass: 67485K(67968K)->67485K(67968K) Class: 9376K(9920K)->9376K(9920K)
[334.286s][info][gc             ] GC(366) Pause Young (Normal) (G1 Evacuation Pause) 2789M->618M(4096M) 278.147ms
[334.286s][info][gc,cpu         ] GC(366) User=1.61s Sys=0.00s Real=0.28s
[335.679s][info][gc,start       ] GC(367) Pause Young (Normal) (G1 Evacuation Pause)
[335.679s][info][gc,task        ] GC(367) Using 6 workers of 6 for evacuation
[336.042s][info][gc,mmu         ] GC(367) MMU target violated: 201.0ms (200.0ms/201.0ms)
[336.042s][info][gc,phases      ] GC(367)   Pre Evacuate Collection Set: 0.4ms
[336.042s][info][gc,phases      ] GC(367)   Merge Heap Roots: 1.6ms
[336.042s][info][gc,phases      ] GC(367)   Evacuate Collection Set: 359.7ms
[336.042s][info][gc,phases      ] GC(367)   Post Evacuate Collection Set: 1.2ms
[336.042s][info][gc,phases      ] GC(367)   Other: 0.2ms
[336.042s][info][gc,heap        ] GC(367) Eden regions: 877->0(155)
[336.042s][info][gc,heap        ] GC(367) Survivor regions: 153->83(129)
[336.042s][info][gc,heap        ] GC(367) Old regions: 77->229
[336.042s][info][gc,heap        ] GC(367) Humongous regions: 160->139
[336.042s][info][gc,metaspace   ] GC(367) Metaspace: 76862K(77888K)->76862K(77888K) NonClass: 67485K(67968K)->67485K(67968K) Class: 9376K(9920K)->9376K(9920K)
[336.042s][info][gc             ] GC(367) Pause Young (Normal) (G1 Evacuation Pause) 2526M->894M(4096M) 363.278ms
[336.042s][info][gc,cpu         ] GC(367) User=2.09s Sys=0.00s Real=0.36s
[336.264s][info][gc,start       ] GC(368) Pause Young (Normal) (G1 Evacuation Pause)
[336.264s][info][gc,task        ] GC(368) Using 6 workers of 6 for evacuation
[336.369s][info][gc,phases      ] GC(368)   Pre Evacuate Collection Set: 0.3ms
[336.369s][info][gc,phases      ] GC(368)   Merge Heap Roots: 0.4ms
[336.369s][info][gc,phases      ] GC(368)   Evacuate Collection Set: 103.4ms
[336.369s][info][gc,phases      ] GC(368)   Post Evacuate Collection Set: 0.8ms
[336.369s][info][gc,phases      ] GC(368)   Other: 0.1ms
[336.369s][info][gc,heap        ] GC(368) Eden regions: 184->0(1112)
[336.369s][info][gc,heap        ] GC(368) Survivor regions: 83->15(34)
[336.369s][info][gc,heap        ] GC(368) Old regions: 229->311
[336.369s][info][gc,heap        ] GC(368) Humongous regions: 146->139
[336.369s][info][gc,metaspace   ] GC(368) Metaspace: 76865K(77888K)->76865K(77888K) NonClass: 67487K(67968K)->67487K(67968K) Class: 9377K(9920K)->9377K(9920K)
[336.369s][info][gc             ] GC(368) Pause Young (Normal) (G1 Evacuation Pause) 1276M->922M(4096M) 105.248ms
[336.369s][info][gc,cpu         ] GC(368) User=0.64s Sys=0.00s Real=0.11s
[337.134s][info][gc,start       ] GC(369) Pause Full (System.gc())
[337.134s][info][gc,task        ] GC(369) Using 6 workers of 6 for full compaction
[337.134s][info][gc,phases,start] GC(369) Phase 1: Mark live objects
[337.163s][info][gc,phases      ] GC(369) Phase 1: Mark live objects 28.884ms
[337.163s][info][gc,phases,start] GC(369) Phase 2: Prepare compaction
[337.165s][info][gc,phases      ] GC(369) Phase 2: Prepare compaction 2.035ms
[337.165s][info][gc,phases,start] GC(369) Phase 3: Adjust pointers
[337.177s][info][gc,phases      ] GC(369) Phase 3: Adjust pointers 11.814ms
[337.177s][info][gc,phases,start] GC(369) Phase 4: Compact heap
[337.179s][info][gc,phases      ] GC(369) Phase 4: Compact heap 1.498ms
[337.179s][info][gc,phases,start] GC(369) Phase 5: Reset Metadata
[337.185s][info][gc,phases      ] GC(369) Phase 5: Reset Metadata 6.262ms
[337.201s][info][gc,heap        ] GC(369) Eden regions: 596->0(1202)
[337.201s][info][gc,heap        ] GC(369) Survivor regions: 15->0(34)
[337.201s][info][gc,heap        ] GC(369) Old regions: 311->77
[337.201s][info][gc,heap        ] GC(369) Humongous regions: 289->3
[337.201s][info][gc,metaspace   ] GC(369) Metaspace: 76866K(77888K)->76866K(77888K) NonClass: 67488K(67968K)->67488K(67968K) Class: 9377K(9920K)->9377K(9920K)
[337.201s][info][gc             ] GC(369) Pause Full (System.gc()) 2413M->153M(4096M) 67.136ms
[337.201s][info][gc,cpu         ] GC(369) User=0.11s Sys=0.00s Real=0.06s
[338.772s][info][gc,start       ] GC(370) Pause Young (Normal) (G1 Evacuation Pause)
[338.772s][info][gc,task        ] GC(370) Using 6 workers of 6 for evacuation
[339.047s][info][gc,mmu         ] GC(370) MMU target violated: 201.0ms (200.0ms/201.0ms)
[339.047s][info][gc,phases      ] GC(370)   Pre Evacuate Collection Set: 0.3ms
[339.047s][info][gc,phases      ] GC(370)   Merge Heap Roots: 0.8ms
[339.047s][info][gc,phases      ] GC(370)   Evacuate Collection Set: 273.0ms
[339.047s][info][gc,phases      ] GC(370)   Post Evacuate Collection Set: 1.1ms
[339.047s][info][gc,phases      ] GC(370)   Other: 0.2ms
[339.047s][info][gc,heap        ] GC(370) Eden regions: 1228->0(1039)
[339.047s][info][gc,heap        ] GC(370) Survivor regions: 0->152(154)
[339.047s][info][gc,heap        ] GC(370) Old regions: 77->77
[339.047s][info][gc,heap        ] GC(370) Humongous regions: 93->83
[339.047s][info][gc,metaspace   ] GC(370) Metaspace: 76866K(77888K)->76866K(77888K) NonClass: 67488K(67968K)->67488K(67968K) Class: 9377K(9920K)->9377K(9920K)
[339.047s][info][gc             ] GC(370) Pause Young (Normal) (G1 Evacuation Pause) 2789M->617M(4096M) 275.621ms
[339.047s][info][gc,cpu         ] GC(370) User=1.61s Sys=0.00s Real=0.28s
[340.637s][info][gc,start       ] GC(371) Pause Young (Normal) (G1 Evacuation Pause)
[340.637s][info][gc,task        ] GC(371) Using 6 workers of 6 for evacuation
[340.999s][info][gc,mmu         ] GC(371) MMU target violated: 201.0ms (200.0ms/201.0ms)
[340.999s][info][gc,phases      ] GC(371)   Pre Evacuate Collection Set: 0.3ms
[340.999s][info][gc,phases      ] GC(371)   Merge Heap Roots: 1.4ms
[340.999s][info][gc,phases      ] GC(371)   Evacuate Collection Set: 358.9ms
[340.999s][info][gc,phases      ] GC(371)   Post Evacuate Collection Set: 1.3ms
[340.999s][info][gc,phases      ] GC(371)   Other: 0.2ms
[340.999s][info][gc,heap        ] GC(371) Eden regions: 980->0(170)
[340.999s][info][gc,heap        ] GC(371) Survivor regions: 152->85(142)
[340.999s][info][gc,heap        ] GC(371) Old regions: 77->229
[340.999s][info][gc,heap        ] GC(371) Humongous regions: 167->139
[340.999s][info][gc,metaspace   ] GC(371) Metaspace: 76866K(77888K)->76866K(77888K) NonClass: 67489K(67968K)->67489K(67968K) Class: 9377K(9920K)->9377K(9920K)
[340.999s][info][gc             ] GC(371) Pause Young (Normal) (G1 Evacuation Pause) 2745M->898M(4096M) 362.196ms
[340.999s][info][gc,cpu         ] GC(371) User=2.08s Sys=0.00s Real=0.36s
[341.129s][info][gc,start       ] GC(372) Pause Young (Normal) (G1 Evacuation Pause)
[341.130s][info][gc,task        ] GC(372) Using 6 workers of 6 for evacuation
[341.257s][info][gc,phases      ] GC(372)   Pre Evacuate Collection Set: 0.3ms
[341.257s][info][gc,phases      ] GC(372)   Merge Heap Roots: 0.5ms
[341.257s][info][gc,phases      ] GC(372)   Evacuate Collection Set: 125.8ms
[341.257s][info][gc,phases      ] GC(372)   Post Evacuate Collection Set: 0.6ms
[341.257s][info][gc,phases      ] GC(372)   Other: 0.1ms
[341.257s][info][gc,heap        ] GC(372) Eden regions: 195->0(688)
[341.257s][info][gc,heap        ] GC(372) Survivor regions: 85->29(35)
[341.257s][info][gc,heap        ] GC(372) Old regions: 229->314
[341.257s][info][gc,heap        ] GC(372) Humongous regions: 147->147
[341.257s][info][gc,metaspace   ] GC(372) Metaspace: 76866K(77888K)->76866K(77888K) NonClass: 67489K(67968K)->67489K(67968K) Class: 9377K(9920K)->9377K(9920K)
[341.257s][info][gc             ] GC(372) Pause Young (Normal) (G1 Evacuation Pause) 1304M->971M(4096M) 127.442ms
[341.257s][info][gc,cpu         ] GC(372) User=0.70s Sys=0.00s Real=0.13s
[341.896s][info][gc,start       ] GC(373) Pause Full (System.gc())
[341.896s][info][gc,task        ] GC(373) Using 6 workers of 6 for full compaction
[341.896s][info][gc,phases,start] GC(373) Phase 1: Mark live objects
[341.925s][info][gc,phases      ] GC(373) Phase 1: Mark live objects 28.758ms
[341.925s][info][gc,phases,start] GC(373) Phase 2: Prepare compaction
[341.927s][info][gc,phases      ] GC(373) Phase 2: Prepare compaction 1.755ms
[341.927s][info][gc,phases,start] GC(373) Phase 3: Adjust pointers
[341.939s][info][gc,phases      ] GC(373) Phase 3: Adjust pointers 11.742ms
[341.939s][info][gc,phases,start] GC(373) Phase 4: Compact heap
[341.940s][info][gc,phases      ] GC(373) Phase 4: Compact heap 1.589ms
[341.940s][info][gc,phases,start] GC(373) Phase 5: Reset Metadata
[341.947s][info][gc,phases      ] GC(373) Phase 5: Reset Metadata 6.460ms
[341.963s][info][gc,heap        ] GC(373) Eden regions: 484->0(964)
[341.963s][info][gc,heap        ] GC(373) Survivor regions: 29->0(35)
[341.963s][info][gc,heap        ] GC(373) Old regions: 314->77
[341.963s][info][gc,heap        ] GC(373) Humongous regions: 286->3
[341.963s][info][gc,metaspace   ] GC(373) Metaspace: 76866K(77888K)->76866K(77888K) NonClass: 67489K(67968K)->67489K(67968K) Class: 9377K(9920K)->9377K(9920K)
[341.963s][info][gc             ] GC(373) Pause Full (System.gc()) 2216M->153M(4096M) 67.308ms
[341.963s][info][gc,cpu         ] GC(373) User=0.06s Sys=0.00s Real=0.06s
[343.372s][info][gc,start       ] GC(374) Pause Young (Normal) (G1 Evacuation Pause)
[343.372s][info][gc,task        ] GC(374) Using 6 workers of 6 for evacuation
[343.597s][info][gc,mmu         ] GC(374) MMU target violated: 201.0ms (200.0ms/201.0ms)
[343.597s][info][gc,phases      ] GC(374)   Pre Evacuate Collection Set: 0.3ms
[343.597s][info][gc,phases      ] GC(374)   Merge Heap Roots: 0.6ms
[343.597s][info][gc,phases      ] GC(374)   Evacuate Collection Set: 222.3ms
[343.597s][info][gc,phases      ] GC(374)   Post Evacuate Collection Set: 1.1ms
[343.597s][info][gc,phases      ] GC(374)   Other: 0.2ms
[343.597s][info][gc,heap        ] GC(374) Eden regions: 1032->0(873)
[343.597s][info][gc,heap        ] GC(374) Survivor regions: 0->119(129)
[343.597s][info][gc,heap        ] GC(374) Old regions: 77->77
[343.597s][info][gc,heap        ] GC(374) Humongous regions: 81->71
[343.597s][info][gc,metaspace   ] GC(374) Metaspace: 76866K(77888K)->76866K(77888K) NonClass: 67489K(67968K)->67489K(67968K) Class: 9377K(9920K)->9377K(9920K)
[343.597s][info][gc             ] GC(374) Pause Young (Normal) (G1 Evacuation Pause) 2373M->527M(4096M) 224.783ms
[343.597s][info][gc,cpu         ] GC(374) User=1.27s Sys=0.00s Real=0.22s
[344.828s][info][gc,start       ] GC(375) Pause Young (Normal) (G1 Evacuation Pause)
[344.828s][info][gc,task        ] GC(375) Using 6 workers of 6 for evacuation
[345.136s][info][gc,mmu         ] GC(375) MMU target violated: 201.0ms (200.0ms/201.0ms)
[345.136s][info][gc,phases      ] GC(375)   Pre Evacuate Collection Set: 0.4ms
[345.136s][info][gc,phases      ] GC(375)   Merge Heap Roots: 0.9ms
[345.136s][info][gc,phases      ] GC(375)   Evacuate Collection Set: 304.5ms
[345.136s][info][gc,phases      ] GC(375)   Post Evacuate Collection Set: 1.3ms
[345.136s][info][gc,phases      ] GC(375)   Other: 0.2ms
[345.136s][info][gc,heap        ] GC(375) Eden regions: 866->0(133)
[345.136s][info][gc,heap        ] GC(375) Survivor regions: 119->86(124)
[345.136s][info][gc,heap        ] GC(375) Old regions: 77->197
[345.136s][info][gc,heap        ] GC(375) Humongous regions: 129->115
[345.136s][info][gc,metaspace   ] GC(375) Metaspace: 76866K(77888K)->76866K(77888K) NonClass: 67489K(67968K)->67489K(67968K) Class: 9377K(9920K)->9377K(9920K)
[345.136s][info][gc             ] GC(375) Pause Young (Normal) (G1 Evacuation Pause) 2375M->788M(4096M) 307.534ms
[345.136s][info][gc,cpu         ] GC(375) User=1.80s Sys=0.00s Real=0.31s
[345.379s][info][gc,start       ] GC(376) Pause Young (Normal) (G1 Evacuation Pause)
[345.379s][info][gc,task        ] GC(376) Using 6 workers of 6 for evacuation
[345.527s][info][gc,phases      ] GC(376)   Pre Evacuate Collection Set: 0.3ms
[345.527s][info][gc,phases      ] GC(376)   Merge Heap Roots: 0.6ms
[345.527s][info][gc,phases      ] GC(376)   Evacuate Collection Set: 146.2ms
[345.527s][info][gc,phases      ] GC(376)   Post Evacuate Collection Set: 0.6ms
[345.527s][info][gc,phases      ] GC(376)   Other: 0.1ms
[345.527s][info][gc,heap        ] GC(376) Eden regions: 156->0(821)
[345.527s][info][gc,heap        ] GC(376) Survivor regions: 86->24(31)
[345.527s][info][gc,heap        ] GC(376) Old regions: 197->282
[345.527s][info][gc,heap        ] GC(376) Humongous regions: 146->139
[345.527s][info][gc,metaspace   ] GC(376) Metaspace: 76866K(77888K)->76866K(77888K) NonClass: 67489K(67968K)->67489K(67968K) Class: 9377K(9920K)->9377K(9920K)
[345.527s][info][gc             ] GC(376) Pause Young (Normal) (G1 Evacuation Pause) 1162M->883M(4096M) 147.963ms
[345.527s][info][gc,cpu         ] GC(376) User=0.84s Sys=0.00s Real=0.14s
[346.604s][info][gc,start       ] GC(377) Pause Full (System.gc())
[346.604s][info][gc,task        ] GC(377) Using 6 workers of 6 for full compaction
[346.604s][info][gc,phases,start] GC(377) Phase 1: Mark live objects
[346.633s][info][gc,phases      ] GC(377) Phase 1: Mark live objects 29.182ms
[346.633s][info][gc,phases,start] GC(377) Phase 2: Prepare compaction
[346.635s][info][gc,phases      ] GC(377) Phase 2: Prepare compaction 1.985ms
[346.635s][info][gc,phases,start] GC(377) Phase 3: Adjust pointers
[346.647s][info][gc,phases      ] GC(377) Phase 3: Adjust pointers 11.332ms
[346.647s][info][gc,phases,start] GC(377) Phase 4: Compact heap
[346.649s][info][gc,phases      ] GC(377) Phase 4: Compact heap 2.256ms
[346.649s][info][gc,phases,start] GC(377) Phase 5: Reset Metadata
[346.656s][info][gc,phases      ] GC(377) Phase 5: Reset Metadata 6.484ms
[346.671s][info][gc,heap        ] GC(377) Eden regions: 829->0(932)
[346.672s][info][gc,heap        ] GC(377) Survivor regions: 24->0(31)
[346.672s][info][gc,heap        ] GC(377) Old regions: 282->76
[346.672s][info][gc,heap        ] GC(377) Humongous regions: 298->3
[346.672s][info][gc,metaspace   ] GC(377) Metaspace: 76868K(77888K)->76868K(77888K) NonClass: 67490K(67968K)->67490K(67968K) Class: 9377K(9920K)->9377K(9920K)
[346.672s][info][gc             ] GC(377) Pause Full (System.gc()) 2859M->153M(4096M) 67.885ms
[346.672s][info][gc,cpu         ] GC(377) User=0.11s Sys=0.00s Real=0.06s
[348.024s][info][gc,start       ] GC(378) Pause Young (Normal) (G1 Evacuation Pause)
[348.024s][info][gc,task        ] GC(378) Using 6 workers of 6 for evacuation
[348.238s][info][gc,mmu         ] GC(378) MMU target violated: 201.0ms (200.0ms/201.0ms)
[348.238s][info][gc,phases      ] GC(378)   Pre Evacuate Collection Set: 0.3ms
[348.238s][info][gc,phases      ] GC(378)   Merge Heap Roots: 0.5ms
[348.238s][info][gc,phases      ] GC(378)   Evacuate Collection Set: 211.9ms
[348.238s][info][gc,phases      ] GC(378)   Post Evacuate Collection Set: 1.1ms
[348.238s][info][gc,phases      ] GC(378)   Other: 0.2ms
[348.238s][info][gc,heap        ] GC(378) Eden regions: 961->0(870)
[348.238s][info][gc,heap        ] GC(378) Survivor regions: 0->104(121)
[348.238s][info][gc,heap        ] GC(378) Old regions: 76->76
[348.238s][info][gc,heap        ] GC(378) Humongous regions: 69->59
[348.238s][info][gc,metaspace   ] GC(378) Metaspace: 76870K(77888K)->76870K(77888K) NonClass: 67493K(67968K)->67493K(67968K) Class: 9377K(9920K)->9377K(9920K)
[348.238s][info][gc             ] GC(378) Pause Young (Normal) (G1 Evacuation Pause) 2207M->473M(4096M) 214.232ms
[348.238s][info][gc,cpu         ] GC(378) User=1.22s Sys=0.00s Real=0.22s
[349.441s][info][gc,start       ] GC(379) Pause Young (Normal) (G1 Evacuation Pause)
[349.441s][info][gc,task        ] GC(379) Using 6 workers of 6 for evacuation
[349.741s][info][gc,mmu         ] GC(379) MMU target violated: 201.0ms (200.0ms/201.0ms)
[349.741s][info][gc,phases      ] GC(379)   Pre Evacuate Collection Set: 0.3ms
[349.741s][info][gc,phases      ] GC(379)   Merge Heap Roots: 0.9ms
[349.741s][info][gc,phases      ] GC(379)   Evacuate Collection Set: 298.2ms
[349.741s][info][gc,phases      ] GC(379)   Post Evacuate Collection Set: 1.1ms
[349.741s][info][gc,phases      ] GC(379)   Other: 0.2ms
[349.741s][info][gc,heap        ] GC(379) Eden regions: 865->0(33)
[349.741s][info][gc,heap        ] GC(379) Survivor regions: 104->98(122)
[349.741s][info][gc,heap        ] GC(379) Old regions: 76->179
[349.741s][info][gc,heap        ] GC(379) Humongous regions: 122->115
[349.741s][info][gc,metaspace   ] GC(379) Metaspace: 76870K(77888K)->76870K(77888K) NonClass: 67493K(67968K)->67493K(67968K) Class: 9377K(9920K)->9377K(9920K)
[349.741s][info][gc             ] GC(379) Pause Young (Normal) (G1 Evacuation Pause) 2329M->779M(4096M) 300.813ms
[349.741s][info][gc,cpu         ] GC(379) User=1.73s Sys=0.00s Real=0.30s
[349.859s][info][gc,start       ] GC(380) Pause Young (Normal) (G1 Evacuation Pause)
[349.859s][info][gc,task        ] GC(380) Using 6 workers of 6 for evacuation
[349.973s][info][gc,phases      ] GC(380)   Pre Evacuate Collection Set: 0.3ms
[349.973s][info][gc,phases      ] GC(380)   Merge Heap Roots: 0.4ms
[349.973s][info][gc,phases      ] GC(380)   Evacuate Collection Set: 113.0ms
[349.973s][info][gc,phases      ] GC(380)   Post Evacuate Collection Set: 0.5ms
[349.973s][info][gc,phases      ] GC(380)   Other: 0.1ms
[349.973s][info][gc,heap        ] GC(380) Eden regions: 74->0(779)
[349.973s][info][gc,heap        ] GC(380) Survivor regions: 98->9(22)
[349.973s][info][gc,heap        ] GC(380) Old regions: 179->275
[349.973s][info][gc,heap        ] GC(380) Humongous regions: 122->115
[349.973s][info][gc,metaspace   ] GC(380) Metaspace: 76870K(77888K)->76870K(77888K) NonClass: 67493K(67968K)->67493K(67968K) Class: 9377K(9920K)->9377K(9920K)
[349.974s][info][gc             ] GC(380) Pause Young (Normal) (G1 Evacuation Pause) 941M->792M(4096M) 114.479ms
[349.974s][info][gc,cpu         ] GC(380) User=0.64s Sys=0.00s Real=0.13s
[351.219s][info][gc,start       ] GC(381) Pause Young (Normal) (G1 Evacuation Pause)
[351.220s][info][gc,task        ] GC(381) Using 6 workers of 6 for evacuation
[351.430s][info][gc,mmu         ] GC(381) MMU target violated: 201.0ms (200.0ms/201.0ms)
[351.430s][info][gc,phases      ] GC(381)   Pre Evacuate Collection Set: 0.5ms
[351.430s][info][gc,phases      ] GC(381)   Merge Heap Roots: 0.9ms
[351.430s][info][gc,phases      ] GC(381)   Evacuate Collection Set: 207.8ms
[351.430s][info][gc,phases      ] GC(381)   Post Evacuate Collection Set: 1.0ms
[351.430s][info][gc,phases      ] GC(381)   Other: 0.2ms
[351.430s][info][gc,heap        ] GC(381) Eden regions: 780->0(7)
[351.430s][info][gc,heap        ] GC(381) Survivor regions: 9->99(99)
[351.430s][info][gc,heap        ] GC(381) Old regions: 275->275
[351.430s][info][gc,heap        ] GC(381) Humongous regions: 296->197
[351.430s][info][gc,metaspace   ] GC(381) Metaspace: 76871K(77888K)->76871K(77888K) NonClass: 67494K(67968K)->67494K(67968K) Class: 9377K(9920K)->9377K(9920K)
[351.430s][info][gc             ] GC(381) Pause Young (Normal) (G1 Evacuation Pause) 2714M->1135M(4096M) 210.580ms
[351.430s][info][gc,cpu         ] GC(381) User=1.22s Sys=0.00s Real=0.20s
[351.469s][info][gc,start       ] GC(382) Pause Young (Normal) (G1 Evacuation Pause)
[351.470s][info][gc,task        ] GC(382) Using 6 workers of 6 for evacuation
[351.564s][info][gc,phases      ] GC(382)   Pre Evacuate Collection Set: 0.3ms
[351.564s][info][gc,phases      ] GC(382)   Merge Heap Roots: 0.6ms
[351.564s][info][gc,phases      ] GC(382)   Evacuate Collection Set: 93.3ms
[351.564s][info][gc,phases      ] GC(382)   Post Evacuate Collection Set: 0.4ms
[351.564s][info][gc,phases      ] GC(382)   Other: 0.1ms
[351.564s][info][gc,heap        ] GC(382) Eden regions: 60->0(887)
[351.564s][info][gc,heap        ] GC(382) Survivor regions: 99->3(20)
[351.564s][info][gc,heap        ] GC(382) Old regions: 275->374
[351.564s][info][gc,heap        ] GC(382) Humongous regions: 197->197
[351.564s][info][gc,metaspace   ] GC(382) Metaspace: 76871K(77888K)->76871K(77888K) NonClass: 67494K(67968K)->67494K(67968K) Class: 9377K(9920K)->9377K(9920K)
[351.564s][info][gc             ] GC(382) Pause Young (Normal) (G1 Evacuation Pause) 1255M->1142M(4096M) 94.931ms
[351.564s][info][gc,cpu         ] GC(382) User=0.50s Sys=0.00s Real=0.09s
[351.646s][info][gc,start       ] GC(383) Pause Full (System.gc())
[351.646s][info][gc,task        ] GC(383) Using 6 workers of 6 for full compaction
[351.646s][info][gc,phases,start] GC(383) Phase 1: Mark live objects
[351.675s][info][gc,phases      ] GC(383) Phase 1: Mark live objects 28.535ms
[351.675s][info][gc,phases,start] GC(383) Phase 2: Prepare compaction
[351.676s][info][gc,phases      ] GC(383) Phase 2: Prepare compaction 1.272ms
[351.676s][info][gc,phases,start] GC(383) Phase 3: Adjust pointers
[351.687s][info][gc,phases      ] GC(383) Phase 3: Adjust pointers 11.191ms
[351.687s][info][gc,phases,start] GC(383) Phase 4: Compact heap
[351.688s][info][gc,phases      ] GC(383) Phase 4: Compact heap 1.075ms
[351.688s][info][gc,phases,start] GC(383) Phase 5: Reset Metadata
[351.696s][info][gc,phases      ] GC(383) Phase 5: Reset Metadata 7.555ms
[351.712s][info][gc,heap        ] GC(383) Eden regions: 144->0(896)
[351.712s][info][gc,heap        ] GC(383) Survivor regions: 3->0(20)
[351.712s][info][gc,heap        ] GC(383) Old regions: 374->77
[351.712s][info][gc,heap        ] GC(383) Humongous regions: 199->3
[351.712s][info][gc,metaspace   ] GC(383) Metaspace: 76871K(77888K)->76871K(77888K) NonClass: 67494K(67968K)->67494K(67968K) Class: 9377K(9920K)->9377K(9920K)
[351.712s][info][gc             ] GC(383) Pause Full (System.gc()) 1433M->153M(4096M) 66.269ms
[351.712s][info][gc,cpu         ] GC(383) User=0.12s Sys=0.00s Real=0.06s
[353.007s][info][gc,start       ] GC(384) Pause Young (Normal) (G1 Evacuation Pause)
[353.007s][info][gc,task        ] GC(384) Using 6 workers of 6 for evacuation
[353.209s][info][gc,mmu         ] GC(384) MMU target violated: 201.0ms (200.0ms/201.0ms)
[353.209s][info][gc,phases      ] GC(384)   Pre Evacuate Collection Set: 0.3ms
[353.209s][info][gc,phases      ] GC(384)   Merge Heap Roots: 0.6ms
[353.209s][info][gc,phases      ] GC(384)   Evacuate Collection Set: 199.5ms
[353.209s][info][gc,phases      ] GC(384)   Post Evacuate Collection Set: 1.1ms
[353.209s][info][gc,phases      ] GC(384)   Other: 0.2ms
[353.209s][info][gc,heap        ] GC(384) Eden regions: 935->0(846)
[353.209s][info][gc,heap        ] GC(384) Survivor regions: 0->101(117)
[353.209s][info][gc,heap        ] GC(384) Old regions: 77->77
[353.209s][info][gc,heap        ] GC(384) Humongous regions: 69->59
[353.209s][info][gc,metaspace   ] GC(384) Metaspace: 76875K(77888K)->76875K(77888K) NonClass: 67498K(67968K)->67498K(67968K) Class: 9377K(9920K)->9377K(9920K)
[353.209s][info][gc             ] GC(384) Pause Young (Normal) (G1 Evacuation Pause) 2155M->467M(4096M) 201.805ms
[353.209s][info][gc,cpu         ] GC(384) User=1.14s Sys=0.00s Real=0.20s
[354.336s][info][gc,start       ] GC(385) Pause Young (Normal) (G1 Evacuation Pause)
[354.337s][info][gc,task        ] GC(385) Using 6 workers of 6 for evacuation
[354.624s][info][gc,mmu         ] GC(385) MMU target violated: 201.0ms (200.0ms/201.0ms)
[354.624s][info][gc,phases      ] GC(385)   Pre Evacuate Collection Set: 0.3ms
[354.624s][info][gc,phases      ] GC(385)   Merge Heap Roots: 0.8ms
[354.624s][info][gc,phases      ] GC(385)   Evacuate Collection Set: 285.3ms
[354.624s][info][gc,phases      ] GC(385)   Post Evacuate Collection Set: 1.0ms
[354.624s][info][gc,phases      ] GC(385)   Other: 0.2ms
[354.624s][info][gc,heap        ] GC(385) Eden regions: 828->0(97)
[354.624s][info][gc,heap        ] GC(385) Survivor regions: 101->92(117)
[354.624s][info][gc,heap        ] GC(385) Old regions: 77->174
[354.624s][info][gc,heap        ] GC(385) Humongous regions: 103->103
[354.624s][info][gc,metaspace   ] GC(385) Metaspace: 76875K(77888K)->76875K(77888K) NonClass: 67498K(67968K)->67498K(67968K) Class: 9377K(9920K)->9377K(9920K)
[354.624s][info][gc             ] GC(385) Pause Young (Normal) (G1 Evacuation Pause) 2211M->731M(4096M) 287.739ms
[354.624s][info][gc,cpu         ] GC(385) User=1.77s Sys=0.00s Real=0.29s
[354.863s][info][gc,start       ] GC(386) Pause Young (Normal) (G1 Evacuation Pause)
[354.863s][info][gc,task        ] GC(386) Using 6 workers of 6 for evacuation
[355.009s][info][gc,phases      ] GC(386)   Pre Evacuate Collection Set: 0.3ms
[355.009s][info][gc,phases      ] GC(386)   Merge Heap Roots: 0.5ms
[355.009s][info][gc,phases      ] GC(386)   Evacuate Collection Set: 144.0ms
[355.009s][info][gc,phases      ] GC(386)   Post Evacuate Collection Set: 0.7ms
[355.009s][info][gc,phases      ] GC(386)   Other: 0.1ms
[355.009s][info][gc,heap        ] GC(386) Eden regions: 149->0(851)
[355.009s][info][gc,heap        ] GC(386) Survivor regions: 92->21(31)
[355.009s][info][gc,heap        ] GC(386) Old regions: 174->266
[355.009s][info][gc,heap        ] GC(386) Humongous regions: 129->115
[355.009s][info][gc,metaspace   ] GC(386) Metaspace: 76875K(77888K)->76875K(77888K) NonClass: 67498K(67968K)->67498K(67968K) Class: 9377K(9920K)->9377K(9920K)
[355.009s][info][gc             ] GC(386) Pause Young (Normal) (G1 Evacuation Pause) 1081M->797M(4096M) 145.793ms
[355.009s][info][gc,cpu         ] GC(386) User=0.83s Sys=0.02s Real=0.14s
[356.243s][info][gc,start       ] GC(387) Pause Young (Normal) (G1 Evacuation Pause)
[356.243s][info][gc,task        ] GC(387) Using 6 workers of 6 for evacuation
[356.461s][info][gc,mmu         ] GC(387) MMU target violated: 201.0ms (200.0ms/201.0ms)
[356.461s][info][gc,phases      ] GC(387)   Pre Evacuate Collection Set: 0.4ms
[356.461s][info][gc,phases      ] GC(387)   Merge Heap Roots: 1.1ms
[356.461s][info][gc,phases      ] GC(387)   Evacuate Collection Set: 215.3ms
[356.461s][info][gc,phases      ] GC(387)   Post Evacuate Collection Set: 1.0ms
[356.461s][info][gc,phases      ] GC(387)   Other: 0.2ms
[356.461s][info][gc,heap        ] GC(387) Eden regions: 851->0(19)
[356.461s][info][gc,heap        ] GC(387) Survivor regions: 21->108(109)
[356.461s][info][gc,heap        ] GC(387) Old regions: 266->266
[356.461s][info][gc,heap        ] GC(387) Humongous regions: 293->194
[356.461s][info][gc,metaspace   ] GC(387) Metaspace: 76876K(77888K)->76876K(77888K) NonClass: 67499K(67968K)->67499K(67968K) Class: 9377K(9920K)->9377K(9920K)
[356.461s][info][gc             ] GC(387) Pause Young (Normal) (G1 Evacuation Pause) 2855M->1128M(4096M) 218.101ms
[356.461s][info][gc,cpu         ] GC(387) User=1.27s Sys=0.00s Real=0.22s
[356.509s][info][gc,start       ] GC(388) Pause Young (Normal) (G1 Evacuation Pause)
[356.509s][info][gc,task        ] GC(388) Using 6 workers of 6 for evacuation
[356.635s][info][gc,phases      ] GC(388)   Pre Evacuate Collection Set: 0.3ms
[356.635s][info][gc,phases      ] GC(388)   Merge Heap Roots: 0.5ms
[356.635s][info][gc,phases      ] GC(388)   Evacuate Collection Set: 125.1ms
[356.635s][info][gc,phases      ] GC(388)   Post Evacuate Collection Set: 0.5ms
[356.635s][info][gc,phases      ] GC(388)   Other: 0.1ms
[356.635s][info][gc,heap        ] GC(388) Eden regions: 73->0(862)
[356.635s][info][gc,heap        ] GC(388) Survivor regions: 108->22(23)
[356.635s][info][gc,heap        ] GC(388) Old regions: 266->374
[356.635s][info][gc,heap        ] GC(388) Humongous regions: 196->196
[356.635s][info][gc,metaspace   ] GC(388) Metaspace: 76876K(77888K)->76876K(77888K) NonClass: 67499K(67968K)->67499K(67968K) Class: 9377K(9920K)->9377K(9920K)
[356.635s][info][gc             ] GC(388) Pause Young (Normal) (G1 Evacuation Pause) 1278M->1176M(4096M) 126.676ms
[356.635s][info][gc,cpu         ] GC(388) User=0.59s Sys=0.00s Real=0.13s
[356.658s][info][gc,start       ] GC(389) Pause Full (System.gc())
[356.658s][info][gc,task        ] GC(389) Using 6 workers of 6 for full compaction
[356.658s][info][gc,phases,start] GC(389) Phase 1: Mark live objects
[356.687s][info][gc,phases      ] GC(389) Phase 1: Mark live objects 28.471ms
[356.687s][info][gc,phases,start] GC(389) Phase 2: Prepare compaction
[356.688s][info][gc,phases      ] GC(389) Phase 2: Prepare compaction 1.259ms
[356.688s][info][gc,phases,start] GC(389) Phase 3: Adjust pointers
[356.700s][info][gc,phases      ] GC(389) Phase 3: Adjust pointers 11.663ms
[356.700s][info][gc,phases,start] GC(389) Phase 4: Compact heap
[356.701s][info][gc,phases      ] GC(389) Phase 4: Compact heap 1.038ms
[356.701s][info][gc,phases,start] GC(389) Phase 5: Reset Metadata
[356.708s][info][gc,phases      ] GC(389) Phase 5: Reset Metadata 7.505ms
[356.724s][info][gc,heap        ] GC(389) Eden regions: 47->0(957)
[356.724s][info][gc,heap        ] GC(389) Survivor regions: 22->0(23)
[356.724s][info][gc,heap        ] GC(389) Old regions: 374->76
[356.724s][info][gc,heap        ] GC(389) Humongous regions: 196->3
[356.725s][info][gc,metaspace   ] GC(389) Metaspace: 76876K(77888K)->76876K(77888K) NonClass: 67499K(67968K)->67499K(67968K) Class: 9377K(9920K)->9377K(9920K)
[356.725s][info][gc             ] GC(389) Pause Full (System.gc()) 1270M->153M(4096M) 66.940ms
[356.725s][info][gc,cpu         ] GC(389) User=0.05s Sys=0.00s Real=0.06s
[358.094s][info][gc,start       ] GC(390) Pause Young (Normal) (G1 Evacuation Pause)
[358.094s][info][gc,task        ] GC(390) Using 6 workers of 6 for evacuation
[358.307s][info][gc,mmu         ] GC(390) MMU target violated: 201.0ms (200.0ms/201.0ms)
[358.307s][info][gc,phases      ] GC(390)   Pre Evacuate Collection Set: 0.3ms
[358.307s][info][gc,phases      ] GC(390)   Merge Heap Roots: 0.5ms
[358.307s][info][gc,phases      ] GC(390)   Evacuate Collection Set: 210.9ms
[358.307s][info][gc,phases      ] GC(390)   Post Evacuate Collection Set: 1.3ms
[358.307s][info][gc,phases      ] GC(390)   Other: 0.2ms
[358.307s][info][gc,heap        ] GC(390) Eden regions: 981->0(890)
[358.307s][info][gc,heap        ] GC(390) Survivor regions: 0->105(123)
[358.307s][info][gc,heap        ] GC(390) Old regions: 76->76
[358.307s][info][gc,heap        ] GC(390) Humongous regions: 69->59
[358.307s][info][gc,metaspace   ] GC(390) Metaspace: 76876K(77888K)->76876K(77888K) NonClass: 67499K(67968K)->67499K(67968K) Class: 9377K(9920K)->9377K(9920K)
[358.307s][info][gc             ] GC(390) Pause Young (Normal) (G1 Evacuation Pause) 2247M->474M(4096M) 213.387ms
[358.307s][info][gc,cpu         ] GC(390) User=1.22s Sys=0.00s Real=0.20s
[359.535s][info][gc,start       ] GC(391) Pause Young (Normal) (G1 Evacuation Pause)
[359.535s][info][gc,task        ] GC(391) Using 6 workers of 6 for evacuation
[359.849s][info][gc,mmu         ] GC(391) MMU target violated: 201.0ms (200.0ms/201.0ms)
[359.849s][info][gc,phases      ] GC(391)   Pre Evacuate Collection Set: 0.3ms
[359.849s][info][gc,phases      ] GC(391)   Merge Heap Roots: 0.8ms
[359.849s][info][gc,phases      ] GC(391)   Evacuate Collection Set: 311.1ms
[359.849s][info][gc,phases      ] GC(391)   Post Evacuate Collection Set: 1.1ms
[359.849s][info][gc,phases      ] GC(391)   Other: 0.2ms
[359.849s][info][gc,heap        ] GC(391) Eden regions: 875->0(27)
[359.849s][info][gc,heap        ] GC(391) Survivor regions: 105->100(123)
[359.849s][info][gc,heap        ] GC(391) Old regions: 76->181
[359.849s][info][gc,heap        ] GC(391) Humongous regions: 122->115
[359.849s][info][gc,metaspace   ] GC(391) Metaspace: 76881K(77952K)->76881K(77952K) NonClass: 67504K(68032K)->67504K(68032K) Class: 9377K(9920K)->9377K(9920K)
[359.849s][info][gc             ] GC(391) Pause Young (Normal) (G1 Evacuation Pause) 2350M->786M(4096M) 313.667ms
[359.849s][info][gc,cpu         ] GC(391) User=1.77s Sys=0.00s Real=0.31s
[359.878s][info][gc,start       ] GC(392) Pause Young (Normal) (G1 Evacuation Pause)
[359.878s][info][gc,task        ] GC(392) Using 6 workers of 6 for evacuation
[359.979s][info][gc,phases      ] GC(392)   Pre Evacuate Collection Set: 0.3ms
[359.979s][info][gc,phases      ] GC(392)   Merge Heap Roots: 0.5ms
[359.979s][info][gc,phases      ] GC(392)   Evacuate Collection Set: 99.6ms
[359.979s][info][gc,phases      ] GC(392)   Post Evacuate Collection Set: 0.5ms
[359.979s][info][gc,phases      ] GC(392)   Other: 0.1ms
[359.979s][info][gc,heap        ] GC(392) Eden regions: 41->0(1107)
[359.979s][info][gc,heap        ] GC(392) Survivor regions: 100->3(18)
[359.979s][info][gc,heap        ] GC(392) Old regions: 181->281
[359.979s][info][gc,heap        ] GC(392) Humongous regions: 122->115
[359.979s][info][gc,metaspace   ] GC(392) Metaspace: 76881K(77952K)->76881K(77952K) NonClass: 67504K(68032K)->67504K(68032K) Class: 9377K(9920K)->9377K(9920K)
[359.979s][info][gc             ] GC(392) Pause Young (Normal) (G1 Evacuation Pause) 882M->793M(4096M) 101.081ms
[359.980s][info][gc,cpu         ] GC(392) User=0.56s Sys=0.00s Real=0.10s
[361.310s][info][gc,start       ] GC(393) Pause Full (System.gc())
[361.310s][info][gc,task        ] GC(393) Using 6 workers of 6 for full compaction
[361.310s][info][gc,phases,start] GC(393) Phase 1: Mark live objects
[361.338s][info][gc,phases      ] GC(393) Phase 1: Mark live objects 27.985ms
[361.338s][info][gc,phases,start] GC(393) Phase 2: Prepare compaction
[361.340s][info][gc,phases      ] GC(393) Phase 2: Prepare compaction 2.123ms
[361.340s][info][gc,phases,start] GC(393) Phase 3: Adjust pointers
[361.352s][info][gc,phases      ] GC(393) Phase 3: Adjust pointers 11.543ms
[361.352s][info][gc,phases,start] GC(393) Phase 4: Compact heap
[361.354s][info][gc,phases      ] GC(393) Phase 4: Compact heap 2.270ms
[361.354s][info][gc,phases,start] GC(393) Phase 5: Reset Metadata
[361.361s][info][gc,phases      ] GC(393) Phase 5: Reset Metadata 6.920ms
[361.378s][info][gc,heap        ] GC(393) Eden regions: 986->0(1125)
[361.378s][info][gc,heap        ] GC(393) Survivor regions: 3->0(18)
[361.378s][info][gc,heap        ] GC(393) Old regions: 281->77
[361.378s][info][gc,heap        ] GC(393) Humongous regions: 289->3
[361.378s][info][gc,metaspace   ] GC(393) Metaspace: 76881K(77952K)->76881K(77952K) NonClass: 67504K(68032K)->67504K(68032K) Class: 9377K(9920K)->9377K(9920K)
[361.378s][info][gc             ] GC(393) Pause Full (System.gc()) 3113M->153M(4096M) 68.133ms
[361.378s][info][gc,cpu         ] GC(393) User=0.11s Sys=0.00s Real=0.06s
[362.875s][info][gc,start       ] GC(394) Pause Young (Normal) (G1 Evacuation Pause)
[362.875s][info][gc,task        ] GC(394) Using 6 workers of 6 for evacuation
[363.129s][info][gc,mmu         ] GC(394) MMU target violated: 201.0ms (200.0ms/201.0ms)
[363.129s][info][gc,phases      ] GC(394)   Pre Evacuate Collection Set: 0.3ms
[363.129s][info][gc,phases      ] GC(394)   Merge Heap Roots: 0.6ms
[363.129s][info][gc,phases      ] GC(394)   Evacuate Collection Set: 251.7ms
[363.129s][info][gc,phases      ] GC(394)   Post Evacuate Collection Set: 1.6ms
[363.129s][info][gc,phases      ] GC(394)   Other: 0.2ms
[363.129s][info][gc,heap        ] GC(394) Eden regions: 1155->0(937)
[363.129s][info][gc,heap        ] GC(394) Survivor regions: 0->145(145)
[363.129s][info][gc,heap        ] GC(394) Old regions: 77->78
[363.129s][info][gc,heap        ] GC(394) Humongous regions: 81->71
[363.129s][info][gc,metaspace   ] GC(394) Metaspace: 76881K(77952K)->76881K(77952K) NonClass: 67504K(68032K)->67504K(68032K) Class: 9377K(9920K)->9377K(9920K)
[363.129s][info][gc             ] GC(394) Pause Young (Normal) (G1 Evacuation Pause) 2619M->580M(4096M) 254.565ms
[363.129s][info][gc,cpu         ] GC(394) User=1.42s Sys=0.00s Real=0.25s
[364.540s][info][gc,start       ] GC(395) Pause Young (Normal) (G1 Evacuation Pause)
[364.540s][info][gc,task        ] GC(395) Using 6 workers of 6 for evacuation
[364.903s][info][gc,mmu         ] GC(395) MMU target violated: 201.0ms (200.0ms/201.0ms)
[364.903s][info][gc,phases      ] GC(395)   Pre Evacuate Collection Set: 0.3ms
[364.903s][info][gc,phases      ] GC(395)   Merge Heap Roots: 1.1ms
[364.903s][info][gc,phases      ] GC(395)   Evacuate Collection Set: 360.3ms
[364.903s][info][gc,phases      ] GC(395)   Post Evacuate Collection Set: 1.2ms
[364.903s][info][gc,phases      ] GC(395)   Other: 0.2ms
[364.903s][info][gc,heap        ] GC(395) Eden regions: 911->0(115)
[364.903s][info][gc,heap        ] GC(395) Survivor regions: 145->88(132)
[364.903s][info][gc,heap        ] GC(395) Old regions: 78->221
[364.903s][info][gc,heap        ] GC(395) Humongous regions: 160->139
[364.903s][info][gc,metaspace   ] GC(395) Metaspace: 76883K(77952K)->76883K(77952K) NonClass: 67505K(68032K)->67505K(68032K) Class: 9377K(9920K)->9377K(9920K)
[364.903s][info][gc             ] GC(395) Pause Young (Normal) (G1 Evacuation Pause) 2580M->888M(4096M) 363.367ms
[364.903s][info][gc,cpu         ] GC(395) User=2.12s Sys=0.00s Real=0.36s
[365.161s][info][gc,start       ] GC(396) Pause Young (Normal) (G1 Evacuation Pause)
[365.161s][info][gc,task        ] GC(396) Using 6 workers of 6 for evacuation
[365.276s][info][gc,phases      ] GC(396)   Pre Evacuate Collection Set: 0.3ms
[365.276s][info][gc,phases      ] GC(396)   Merge Heap Roots: 0.4ms
[365.276s][info][gc,phases      ] GC(396)   Evacuate Collection Set: 113.4ms
[365.276s][info][gc,phases      ] GC(396)   Post Evacuate Collection Set: 0.8ms
[365.276s][info][gc,phases      ] GC(396)   Other: 0.1ms
[365.276s][info][gc,heap        ] GC(396) Eden regions: 139->0(881)
[365.276s][info][gc,heap        ] GC(396) Survivor regions: 88->10(29)
[365.276s][info][gc,heap        ] GC(396) Old regions: 221->305
[365.276s][info][gc,heap        ] GC(396) Humongous regions: 146->139
[365.276s][info][gc,metaspace   ] GC(396) Metaspace: 76883K(77952K)->76883K(77952K) NonClass: 67505K(68032K)->67505K(68032K) Class: 9377K(9920K)->9377K(9920K)
[365.276s][info][gc             ] GC(396) Pause Young (Normal) (G1 Evacuation Pause) 1180M->900M(4096M) 115.198ms
[365.276s][info][gc,cpu         ] GC(396) User=0.62s Sys=0.00s Real=0.11s
[366.068s][info][gc,start       ] GC(397) Pause Full (System.gc())
[366.068s][info][gc,task        ] GC(397) Using 6 workers of 6 for full compaction
[366.068s][info][gc,phases,start] GC(397) Phase 1: Mark live objects
[366.098s][info][gc,phases      ] GC(397) Phase 1: Mark live objects 29.904ms
[366.098s][info][gc,phases,start] GC(397) Phase 2: Prepare compaction
[366.100s][info][gc,phases      ] GC(397) Phase 2: Prepare compaction 1.751ms
[366.100s][info][gc,phases,start] GC(397) Phase 3: Adjust pointers
[366.111s][info][gc,phases      ] GC(397) Phase 3: Adjust pointers 11.239ms
[366.111s][info][gc,phases,start] GC(397) Phase 4: Compact heap
[366.113s][info][gc,phases      ] GC(397) Phase 4: Compact heap 1.582ms
[366.113s][info][gc,phases,start] GC(397) Phase 5: Reset Metadata
[366.120s][info][gc,phases      ] GC(397) Phase 5: Reset Metadata 7.392ms
[366.137s][info][gc,heap        ] GC(397) Eden regions: 680->0(932)
[366.137s][info][gc,heap        ] GC(397) Survivor regions: 10->0(29)
[366.137s][info][gc,heap        ] GC(397) Old regions: 305->77
[366.137s][info][gc,heap        ] GC(397) Humongous regions: 286->3
[366.137s][info][gc,metaspace   ] GC(397) Metaspace: 76883K(77952K)->76883K(77952K) NonClass: 67505K(68032K)->67505K(68032K) Class: 9377K(9920K)->9377K(9920K)
[366.137s][info][gc             ] GC(397) Pause Full (System.gc()) 2553M->153M(4096M) 68.981ms
[366.137s][info][gc,cpu         ] GC(397) User=0.12s Sys=0.00s Real=0.08s
[367.507s][info][gc,start       ] GC(398) Pause Young (Normal) (G1 Evacuation Pause)
[367.507s][info][gc,task        ] GC(398) Using 6 workers of 6 for evacuation
[367.718s][info][gc,mmu         ] GC(398) MMU target violated: 201.0ms (200.0ms/201.0ms)
[367.718s][info][gc,phases      ] GC(398)   Pre Evacuate Collection Set: 0.3ms
[367.718s][info][gc,phases      ] GC(398)   Merge Heap Roots: 0.6ms
[367.718s][info][gc,phases      ] GC(398)   Evacuate Collection Set: 208.6ms
[367.718s][info][gc,phases      ] GC(398)   Post Evacuate Collection Set: 1.1ms
[367.718s][info][gc,phases      ] GC(398)   Other: 0.2ms
[367.718s][info][gc,heap        ] GC(398) Eden regions: 977->0(871)
[367.718s][info][gc,heap        ] GC(398) Survivor regions: 0->104(123)
[367.718s][info][gc,heap        ] GC(398) Old regions: 77->77
[367.718s][info][gc,heap        ] GC(398) Humongous regions: 69->59
[367.718s][info][gc,metaspace   ] GC(398) Metaspace: 76883K(77952K)->76883K(77952K) NonClass: 67505K(68032K)->67505K(68032K) Class: 9377K(9920K)->9377K(9920K)
[367.718s][info][gc             ] GC(398) Pause Young (Normal) (G1 Evacuation Pause) 2239M->473M(4096M) 210.922ms
[367.718s][info][gc,cpu         ] GC(398) User=1.22s Sys=0.00s Real=0.20s
[368.907s][info][gc,start       ] GC(399) Pause Young (Normal) (G1 Evacuation Pause)
[368.907s][info][gc,task        ] GC(399) Using 6 workers of 6 for evacuation
[369.214s][info][gc,mmu         ] GC(399) MMU target violated: 201.0ms (200.0ms/201.0ms)
[369.215s][info][gc,phases      ] GC(399)   Pre Evacuate Collection Set: 0.3ms
[369.215s][info][gc,phases      ] GC(399)   Merge Heap Roots: 0.8ms
[369.215s][info][gc,phases      ] GC(399)   Evacuate Collection Set: 304.8ms
[369.215s][info][gc,phases      ] GC(399)   Post Evacuate Collection Set: 1.1ms
[369.215s][info][gc,phases      ] GC(399)   Other: 0.2ms
[369.215s][info][gc,heap        ] GC(399) Eden regions: 857->0(39)
[369.215s][info][gc,heap        ] GC(399) Survivor regions: 104->98(121)
[369.215s][info][gc,heap        ] GC(399) Old regions: 77->181
[369.215s][info][gc,heap        ] GC(399) Humongous regions: 122->115
[369.215s][info][gc,metaspace   ] GC(399) Metaspace: 76883K(77952K)->76883K(77952K) NonClass: 67506K(68032K)->67506K(68032K) Class: 9377K(9920K)->9377K(9920K)
[369.215s][info][gc             ] GC(399) Pause Young (Normal) (G1 Evacuation Pause) 2313M->781M(4096M) 307.452ms
[369.215s][info][gc,cpu         ] GC(399) User=1.78s Sys=0.00s Real=0.31s
[369.334s][info][gc,start       ] GC(400) Pause Young (Normal) (G1 Evacuation Pause)
[369.334s][info][gc,task        ] GC(400) Using 6 workers of 6 for evacuation
[369.450s][info][gc,phases      ] GC(400)   Pre Evacuate Collection Set: 0.3ms
[369.450s][info][gc,phases      ] GC(400)   Merge Heap Roots: 0.4ms
[369.450s][info][gc,phases      ] GC(400)   Evacuate Collection Set: 114.4ms
[369.450s][info][gc,phases      ] GC(400)   Post Evacuate Collection Set: 0.8ms
[369.450s][info][gc,phases      ] GC(400)   Other: 0.1ms
[369.450s][info][gc,heap        ] GC(400) Eden regions: 81->0(788)
[369.450s][info][gc,heap        ] GC(400) Survivor regions: 98->12(23)
[369.450s][info][gc,heap        ] GC(400) Old regions: 181->276
[369.450s][info][gc,heap        ] GC(400) Humongous regions: 122->115
[369.450s][info][gc,metaspace   ] GC(400) Metaspace: 76883K(77952K)->76883K(77952K) NonClass: 67506K(68032K)->67506K(68032K) Class: 9377K(9920K)->9377K(9920K)
[369.450s][info][gc             ] GC(400) Pause Young (Normal) (G1 Evacuation Pause) 957M->798M(4096M) 116.154ms
[369.450s][info][gc,cpu         ] GC(400) User=0.66s Sys=0.00s Real=0.11s
[370.629s][info][gc,start       ] GC(401) Pause Young (Normal) (G1 Evacuation Pause)
[370.629s][info][gc,task        ] GC(401) Using 6 workers of 6 for evacuation
[370.835s][info][gc,mmu         ] GC(401) MMU target violated: 201.0ms (200.0ms/201.0ms)
[370.835s][info][gc,phases      ] GC(401)   Pre Evacuate Collection Set: 0.4ms
[370.835s][info][gc,phases      ] GC(401)   Merge Heap Roots: 0.8ms
[370.835s][info][gc,phases      ] GC(401)   Evacuate Collection Set: 203.3ms
[370.835s][info][gc,phases      ] GC(401)   Post Evacuate Collection Set: 0.9ms
[370.835s][info][gc,phases      ] GC(401)   Other: 0.2ms
[370.835s][info][gc,heap        ] GC(401) Eden regions: 785->0(24)
[370.835s][info][gc,heap        ] GC(401) Survivor regions: 12->98(100)
[370.835s][info][gc,heap        ] GC(401) Old regions: 276->276
[370.835s][info][gc,heap        ] GC(401) Humongous regions: 303->197
[370.835s][info][gc,metaspace   ] GC(401) Metaspace: 76884K(77952K)->76884K(77952K) NonClass: 67507K(68032K)->67507K(68032K) Class: 9377K(9920K)->9377K(9920K)
[370.835s][info][gc             ] GC(401) Pause Young (Normal) (G1 Evacuation Pause) 2744M->1135M(4096M) 205.790ms
[370.835s][info][gc,cpu         ] GC(401) User=1.19s Sys=0.00s Real=0.22s
[370.884s][info][gc,start       ] GC(402) Pause Young (Normal) (G1 Evacuation Pause)
[370.884s][info][gc,task        ] GC(402) Using 6 workers of 6 for evacuation
[370.982s][info][gc,phases      ] GC(402)   Pre Evacuate Collection Set: 0.3ms
[370.982s][info][gc,phases      ] GC(402)   Merge Heap Roots: 0.5ms
[370.982s][info][gc,phases      ] GC(402)   Evacuate Collection Set: 96.6ms
[370.982s][info][gc,phases      ] GC(402)   Post Evacuate Collection Set: 0.4ms
[370.982s][info][gc,phases      ] GC(402)   Other: 0.1ms
[370.982s][info][gc,heap        ] GC(402) Eden regions: 77->0(906)
[370.982s][info][gc,heap        ] GC(402) Survivor regions: 98->3(22)
[370.982s][info][gc,heap        ] GC(402) Old regions: 276->374
[370.982s][info][gc,heap        ] GC(402) Humongous regions: 197->197
[370.982s][info][gc,metaspace   ] GC(402) Metaspace: 76884K(77952K)->76884K(77952K) NonClass: 67507K(68032K)->67507K(68032K) Class: 9377K(9920K)->9377K(9920K)
[370.982s][info][gc             ] GC(402) Pause Young (Normal) (G1 Evacuation Pause) 1289M->1141M(4096M) 98.168ms
[370.982s][info][gc,cpu         ] GC(402) User=0.56s Sys=0.00s Real=0.09s
[371.040s][info][gc,start       ] GC(403) Pause Full (System.gc())
[371.041s][info][gc,task        ] GC(403) Using 6 workers of 6 for full compaction
[371.041s][info][gc,phases,start] GC(403) Phase 1: Mark live objects
[371.070s][info][gc,phases      ] GC(403) Phase 1: Mark live objects 28.625ms
[371.070s][info][gc,phases,start] GC(403) Phase 2: Prepare compaction
[371.071s][info][gc,phases      ] GC(403) Phase 2: Prepare compaction 1.302ms
[371.071s][info][gc,phases,start] GC(403) Phase 3: Adjust pointers
[371.082s][info][gc,phases      ] GC(403) Phase 3: Adjust pointers 11.391ms
[371.082s][info][gc,phases,start] GC(403) Phase 4: Compact heap
[371.084s][info][gc,phases      ] GC(403) Phase 4: Compact heap 1.305ms
[371.084s][info][gc,phases,start] GC(403) Phase 5: Reset Metadata
[371.090s][info][gc,phases      ] GC(403) Phase 5: Reset Metadata 6.492ms
[371.106s][info][gc,heap        ] GC(403) Eden regions: 109->0(916)
[371.106s][info][gc,heap        ] GC(403) Survivor regions: 3->0(22)
[371.106s][info][gc,heap        ] GC(403) Old regions: 374->77
[371.106s][info][gc,heap        ] GC(403) Humongous regions: 199->3
[371.106s][info][gc,metaspace   ] GC(403) Metaspace: 76884K(77952K)->76884K(77952K) NonClass: 67507K(68032K)->67507K(68032K) Class: 9377K(9920K)->9377K(9920K)
[371.106s][info][gc             ] GC(403) Pause Full (System.gc()) 1363M->153M(4096M) 65.750ms
[371.106s][info][gc,cpu         ] GC(403) User=0.12s Sys=0.00s Real=0.06s
[372.431s][info][gc,start       ] GC(404) Pause Young (Normal) (G1 Evacuation Pause)
[372.431s][info][gc,task        ] GC(404) Using 6 workers of 6 for evacuation
[372.642s][info][gc,mmu         ] GC(404) MMU target violated: 201.0ms (200.0ms/201.0ms)
[372.642s][info][gc,phases      ] GC(404)   Pre Evacuate Collection Set: 0.3ms
[372.642s][info][gc,phases      ] GC(404)   Merge Heap Roots: 0.6ms
[372.642s][info][gc,phases      ] GC(404)   Evacuate Collection Set: 209.0ms
[372.642s][info][gc,phases      ] GC(404)   Post Evacuate Collection Set: 0.9ms
[372.642s][info][gc,phases      ] GC(404)   Other: 0.2ms
[372.642s][info][gc,heap        ] GC(404) Eden regions: 952->0(857)
[372.642s][info][gc,heap        ] GC(404) Survivor regions: 0->103(119)
[372.642s][info][gc,heap        ] GC(404) Old regions: 77->77
[372.642s][info][gc,heap        ] GC(404) Humongous regions: 69->59
[372.642s][info][gc,metaspace   ] GC(404) Metaspace: 76884K(77952K)->76884K(77952K) NonClass: 67507K(68032K)->67507K(68032K) Class: 9377K(9920K)->9377K(9920K)
[372.642s][info][gc             ] GC(404) Pause Young (Normal) (G1 Evacuation Pause) 2189M->470M(4096M) 211.225ms
[372.642s][info][gc,cpu         ] GC(404) User=1.19s Sys=0.00s Real=0.22s
[373.811s][info][gc,start       ] GC(405) Pause Young (Normal) (G1 Evacuation Pause)
[373.811s][info][gc,task        ] GC(405) Using 6 workers of 6 for evacuation
[374.095s][info][gc,mmu         ] GC(405) MMU target violated: 201.0ms (200.0ms/201.0ms)
[374.095s][info][gc,phases      ] GC(405)   Pre Evacuate Collection Set: 0.4ms
[374.095s][info][gc,phases      ] GC(405)   Merge Heap Roots: 0.9ms
[374.095s][info][gc,phases      ] GC(405)   Evacuate Collection Set: 280.9ms
[374.095s][info][gc,phases      ] GC(405)   Post Evacuate Collection Set: 1.6ms
[374.095s][info][gc,phases      ] GC(405)   Other: 0.2ms
[374.095s][info][gc,heap        ] GC(405) Eden regions: 843->0(94)
[374.095s][info][gc,heap        ] GC(405) Survivor regions: 103->93(119)
[374.095s][info][gc,heap        ] GC(405) Old regions: 77->177
[374.095s][info][gc,heap        ] GC(405) Humongous regions: 110->103
[374.095s][info][gc,metaspace   ] GC(405) Metaspace: 76884K(77952K)->76884K(77952K) NonClass: 67507K(68032K)->67507K(68032K) Class: 9377K(9920K)->9377K(9920K)
[374.095s][info][gc             ] GC(405) Pause Young (Normal) (G1 Evacuation Pause) 2258M->739M(4096M) 284.259ms
[374.095s][info][gc,cpu         ] GC(405) User=1.62s Sys=0.00s Real=0.28s
[374.297s][info][gc,start       ] GC(406) Pause Young (Normal) (G1 Evacuation Pause)
[374.297s][info][gc,task        ] GC(406) Using 6 workers of 6 for evacuation
[374.447s][info][gc,phases      ] GC(406)   Pre Evacuate Collection Set: 0.3ms
[374.447s][info][gc,phases      ] GC(406)   Merge Heap Roots: 0.5ms
[374.447s][info][gc,phases      ] GC(406)   Evacuate Collection Set: 147.7ms
[374.447s][info][gc,phases      ] GC(406)   Post Evacuate Collection Set: 1.0ms
[374.447s][info][gc,phases      ] GC(406)   Other: 0.1ms
[374.447s][info][gc,heap        ] GC(406) Eden regions: 130->0(440)
[374.447s][info][gc,heap        ] GC(406) Survivor regions: 93->22(28)
[374.447s][info][gc,heap        ] GC(406) Old regions: 177->268
[374.447s][info][gc,heap        ] GC(406) Humongous regions: 132->125
[374.447s][info][gc,metaspace   ] GC(406) Metaspace: 76884K(77952K)->76884K(77952K) NonClass: 67507K(68032K)->67507K(68032K) Class: 9377K(9920K)->9377K(9920K)
[374.447s][info][gc             ] GC(406) Pause Young (Normal) (G1 Evacuation Pause) 1057M->822M(4096M) 149.869ms
[374.447s][info][gc,cpu         ] GC(406) User=0.84s Sys=0.00s Real=0.16s
[375.048s][info][gc,start       ] GC(407) Pause Young (Normal) (G1 Evacuation Pause)
[375.049s][info][gc,task        ] GC(407) Using 6 workers of 6 for evacuation
[375.173s][info][gc,phases      ] GC(407)   Pre Evacuate Collection Set: 0.3ms
[375.173s][info][gc,phases      ] GC(407)   Merge Heap Roots: 0.3ms
[375.173s][info][gc,phases      ] GC(407)   Evacuate Collection Set: 123.1ms
[375.173s][info][gc,phases      ] GC(407)   Post Evacuate Collection Set: 0.8ms
[375.173s][info][gc,phases      ] GC(407)   Other: 0.1ms
[375.173s][info][gc,heap        ] GC(407) Eden regions: 472->0(278)
[375.173s][info][gc,heap        ] GC(407) Survivor regions: 22->62(62)
[375.173s][info][gc,heap        ] GC(407) Old regions: 268->279
[375.173s][info][gc,heap        ] GC(407) Humongous regions: 163->149
[375.173s][info][gc,metaspace   ] GC(407) Metaspace: 76886K(77952K)->76886K(77952K) NonClass: 67509K(68032K)->67509K(68032K) Class: 9377K(9920K)->9377K(9920K)
[375.173s][info][gc             ] GC(407) Pause Young (Normal) (G1 Evacuation Pause) 1842M->972M(4096M) 124.880ms
[375.173s][info][gc,cpu         ] GC(407) User=0.72s Sys=0.00s Real=0.13s
[375.803s][info][gc,start       ] GC(408) Pause Young (Normal) (G1 Evacuation Pause)
[375.803s][info][gc,task        ] GC(408) Using 6 workers of 6 for evacuation
[375.935s][info][gc,phases      ] GC(408)   Pre Evacuate Collection Set: 0.4ms
[375.935s][info][gc,phases      ] GC(408)   Merge Heap Roots: 0.9ms
[375.935s][info][gc,phases      ] GC(408)   Evacuate Collection Set: 130.3ms
[375.935s][info][gc,phases      ] GC(408)   Post Evacuate Collection Set: 0.5ms
[375.935s][info][gc,phases      ] GC(408)   Other: 0.1ms
[375.935s][info][gc,heap        ] GC(408) Eden regions: 270->0(442)
[375.935s][info][gc,heap        ] GC(408) Survivor regions: 62->35(42)
[375.935s][info][gc,heap        ] GC(408) Old regions: 279->342
[375.935s][info][gc,heap        ] GC(408) Humongous regions: 269->188
[375.935s][info][gc,metaspace   ] GC(408) Metaspace: 76891K(77952K)->76891K(77952K) NonClass: 67514K(68032K)->67514K(68032K) Class: 9377K(9920K)->9377K(9920K)
[375.936s][info][gc             ] GC(408) Pause Young (Normal) (G1 Evacuation Pause) 1752M->1122M(4096M) 132.272ms
[375.936s][info][gc,cpu         ] GC(408) User=0.64s Sys=0.00s Real=0.14s
[376.068s][info][gc,start       ] GC(409) Pause Full (System.gc())
[376.068s][info][gc,task        ] GC(409) Using 6 workers of 6 for full compaction
[376.068s][info][gc,phases,start] GC(409) Phase 1: Mark live objects
[376.098s][info][gc,phases      ] GC(409) Phase 1: Mark live objects 29.822ms
[376.098s][info][gc,phases,start] GC(409) Phase 2: Prepare compaction
[376.099s][info][gc,phases      ] GC(409) Phase 2: Prepare compaction 1.319ms
[376.099s][info][gc,phases,start] GC(409) Phase 3: Adjust pointers
[376.111s][info][gc,phases      ] GC(409) Phase 3: Adjust pointers 12.235ms
[376.112s][info][gc,phases,start] GC(409) Phase 4: Compact heap
[376.113s][info][gc,phases      ] GC(409) Phase 4: Compact heap 1.196ms
[376.113s][info][gc,phases,start] GC(409) Phase 5: Reset Metadata
[376.119s][info][gc,phases      ] GC(409) Phase 5: Reset Metadata 6.500ms
[376.136s][info][gc,heap        ] GC(409) Eden regions: 218->0(603)
[376.136s][info][gc,heap        ] GC(409) Survivor regions: 35->0(42)
[376.136s][info][gc,heap        ] GC(409) Old regions: 342->77
[376.136s][info][gc,heap        ] GC(409) Humongous regions: 190->3
[376.136s][info][gc,metaspace   ] GC(409) Metaspace: 76891K(77952K)->76891K(77952K) NonClass: 67514K(68032K)->67514K(68032K) Class: 9377K(9920K)->9377K(9920K)
[376.136s][info][gc             ] GC(409) Pause Full (System.gc()) 1561M->153M(4096M) 68.410ms
[376.136s][info][gc,cpu         ] GC(409) User=0.06s Sys=0.00s Real=0.08s
[376.669s][info][gc,start       ] GC(410) Pause Young (Normal) (G1 Evacuation Pause)
[376.670s][info][gc,task        ] GC(410) Using 6 workers of 6 for evacuation
[376.795s][info][gc,phases      ] GC(410)   Pre Evacuate Collection Set: 0.3ms
[376.795s][info][gc,phases      ] GC(410)   Merge Heap Roots: 0.4ms
[376.795s][info][gc,phases      ] GC(410)   Evacuate Collection Set: 124.3ms
[376.795s][info][gc,phases      ] GC(410)   Post Evacuate Collection Set: 0.8ms
[376.795s][info][gc,phases      ] GC(410)   Other: 0.1ms
[376.795s][info][gc,heap        ] GC(410) Eden regions: 633->0(621)
[376.795s][info][gc,heap        ] GC(410) Survivor regions: 0->78(80)
[376.795s][info][gc,heap        ] GC(410) Old regions: 77->77
[376.795s][info][gc,heap        ] GC(410) Humongous regions: 42->39
[376.796s][info][gc,metaspace   ] GC(410) Metaspace: 76891K(77952K)->76891K(77952K) NonClass: 67514K(68032K)->67514K(68032K) Class: 9377K(9920K)->9377K(9920K)
[376.796s][info][gc             ] GC(410) Pause Young (Normal) (G1 Evacuation Pause) 1497M->381M(4096M) 126.056ms
[376.796s][info][gc,cpu         ] GC(410) User=0.67s Sys=0.00s Real=0.12s
[377.758s][info][gc,start       ] GC(411) Pause Young (Normal) (G1 Evacuation Pause)
[377.759s][info][gc,task        ] GC(411) Using 6 workers of 6 for evacuation
[377.997s][info][gc,mmu         ] GC(411) MMU target violated: 201.0ms (200.0ms/201.0ms)
[377.997s][info][gc,phases      ] GC(411)   Pre Evacuate Collection Set: 0.4ms
[377.997s][info][gc,phases      ] GC(411)   Merge Heap Roots: 0.6ms
[377.997s][info][gc,phases      ] GC(411)   Evacuate Collection Set: 236.3ms
[377.997s][info][gc,phases      ] GC(411)   Post Evacuate Collection Set: 0.9ms
[377.997s][info][gc,phases      ] GC(411)   Other: 0.2ms
[377.997s][info][gc,heap        ] GC(411) Eden regions: 618->0(228)
[377.997s][info][gc,heap        ] GC(411) Survivor regions: 78->82(87)
[377.997s][info][gc,heap        ] GC(411) Old regions: 77->152
[377.997s][info][gc,heap        ] GC(411) Humongous regions: 90->83
[377.997s][info][gc,metaspace   ] GC(411) Metaspace: 76891K(77952K)->76891K(77952K) NonClass: 67514K(68032K)->67514K(68032K) Class: 9377K(9920K)->9377K(9920K)
[377.997s][info][gc             ] GC(411) Pause Young (Normal) (G1 Evacuation Pause) 1719M->626M(4096M) 238.508ms
[377.997s][info][gc,cpu         ] GC(411) User=1.34s Sys=0.00s Real=0.24s
[378.202s][info][gc,start       ] GC(412) Pause Young (Normal) (G1 Evacuation Pause)
[378.202s][info][gc,task        ] GC(412) Using 6 workers of 6 for evacuation
[378.320s][info][gc,phases      ] GC(412)   Pre Evacuate Collection Set: 0.4ms
[378.320s][info][gc,phases      ] GC(412)   Merge Heap Roots: 0.6ms
[378.320s][info][gc,phases      ] GC(412)   Evacuate Collection Set: 116.2ms
[378.320s][info][gc,phases      ] GC(412)   Post Evacuate Collection Set: 0.7ms
[378.320s][info][gc,phases      ] GC(412)   Other: 0.1ms
[378.320s][info][gc,heap        ] GC(412) Eden regions: 231->0(647)
[378.320s][info][gc,heap        ] GC(412) Survivor regions: 82->21(40)
[378.320s][info][gc,heap        ] GC(412) Old regions: 152->232
[378.320s][info][gc,heap        ] GC(412) Humongous regions: 95->95
[378.320s][info][gc,metaspace   ] GC(412) Metaspace: 76891K(77952K)->76891K(77952K) NonClass: 67514K(68032K)->67514K(68032K) Class: 9377K(9920K)->9377K(9920K)
[378.320s][info][gc             ] GC(412) Pause Young (Normal) (G1 Evacuation Pause) 1112M->689M(4096M) 118.245ms
[378.320s][info][gc,cpu         ] GC(412) User=0.67s Sys=0.00s Real=0.13s
[379.521s][info][gc,start       ] GC(413) Pause Young (Normal) (G1 Evacuation Pause)
[379.521s][info][gc,task        ] GC(413) Using 6 workers of 6 for evacuation
[379.714s][info][gc,phases      ] GC(413)   Pre Evacuate Collection Set: 0.3ms
[379.714s][info][gc,phases      ] GC(413)   Merge Heap Roots: 0.5ms
[379.714s][info][gc,phases      ] GC(413)   Evacuate Collection Set: 191.3ms
[379.714s][info][gc,phases      ] GC(413)   Post Evacuate Collection Set: 0.9ms
[379.714s][info][gc,phases      ] GC(413)   Other: 0.1ms
[379.715s][info][gc,heap        ] GC(413) Eden regions: 663->0(124)
[379.715s][info][gc,heap        ] GC(413) Survivor regions: 21->82(86)
[379.715s][info][gc,heap        ] GC(413) Old regions: 232->232
[379.715s][info][gc,heap        ] GC(413) Humongous regions: 160->139
[379.715s][info][gc,metaspace   ] GC(413) Metaspace: 76891K(77952K)->76891K(77952K) NonClass: 67514K(68032K)->67514K(68032K) Class: 9377K(9920K)->9377K(9920K)
[379.715s][info][gc             ] GC(413) Pause Young (Normal) (G1 Evacuation Pause) 2145M->899M(4096M) 193.206ms
[379.715s][info][gc,cpu         ] GC(413) User=1.12s Sys=0.00s Real=0.19s
[379.862s][info][gc,start       ] GC(414) Pause Young (Normal) (G1 Evacuation Pause)
[379.862s][info][gc,task        ] GC(414) Using 6 workers of 6 for evacuation
[379.960s][info][gc,phases      ] GC(414)   Pre Evacuate Collection Set: 0.2ms
[379.960s][info][gc,phases      ] GC(414)   Merge Heap Roots: 0.4ms
[379.960s][info][gc,phases      ] GC(414)   Evacuate Collection Set: 96.4ms
[379.960s][info][gc,phases      ] GC(414)   Post Evacuate Collection Set: 0.7ms
[379.960s][info][gc,phases      ] GC(414)   Other: 0.1ms
[379.960s][info][gc,heap        ] GC(414) Eden regions: 137->0(806)
[379.960s][info][gc,heap        ] GC(414) Survivor regions: 82->14(28)
[379.960s][info][gc,heap        ] GC(414) Old regions: 232->312
[379.960s][info][gc,heap        ] GC(414) Humongous regions: 146->139
[379.960s][info][gc,metaspace   ] GC(414) Metaspace: 76891K(77952K)->76891K(77952K) NonClass: 67514K(68032K)->67514K(68032K) Class: 9377K(9920K)->9377K(9920K)
[379.960s][info][gc             ] GC(414) Pause Young (Normal) (G1 Evacuation Pause) 1187M->923M(4096M) 97.957ms
[379.960s][info][gc,cpu         ] GC(414) User=0.48s Sys=0.00s Real=0.09s
[380.673s][info][gc,start       ] GC(415) Pause Full (System.gc())
[380.673s][info][gc,task        ] GC(415) Using 6 workers of 6 for full compaction
[380.673s][info][gc,phases,start] GC(415) Phase 1: Mark live objects
[380.703s][info][gc,phases      ] GC(415) Phase 1: Mark live objects 29.856ms
[380.703s][info][gc,phases,start] GC(415) Phase 2: Prepare compaction
[380.705s][info][gc,phases      ] GC(415) Phase 2: Prepare compaction 1.727ms
[380.705s][info][gc,phases,start] GC(415) Phase 3: Adjust pointers
[380.716s][info][gc,phases      ] GC(415) Phase 3: Adjust pointers 11.194ms
[380.716s][info][gc,phases,start] GC(415) Phase 4: Compact heap
[380.718s][info][gc,phases      ] GC(415) Phase 4: Compact heap 2.105ms
[380.718s][info][gc,phases,start] GC(415) Phase 5: Reset Metadata
[380.726s][info][gc,phases      ] GC(415) Phase 5: Reset Metadata 7.465ms
[380.742s][info][gc,heap        ] GC(415) Eden regions: 602->0(923)
[380.742s][info][gc,heap        ] GC(415) Survivor regions: 14->0(28)
[380.742s][info][gc,heap        ] GC(415) Old regions: 312->77
[380.742s][info][gc,heap        ] GC(415) Humongous regions: 283->3
[380.742s][info][gc,metaspace   ] GC(415) Metaspace: 76893K(78016K)->76893K(78016K) NonClass: 67516K(68096K)->67516K(68096K) Class: 9377K(9920K)->9377K(9920K)
[380.742s][info][gc             ] GC(415) Pause Full (System.gc()) 2415M->153M(4096M) 68.978ms
[380.742s][info][gc,cpu         ] GC(415) User=0.14s Sys=0.00s Real=0.08s
[382.046s][info][gc,start       ] GC(416) Pause Young (Normal) (G1 Evacuation Pause)
[382.046s][info][gc,task        ] GC(416) Using 6 workers of 6 for evacuation
[382.253s][info][gc,mmu         ] GC(416) MMU target violated: 201.0ms (200.0ms/201.0ms)
[382.253s][info][gc,phases      ] GC(416)   Pre Evacuate Collection Set: 0.3ms
[382.253s][info][gc,phases      ] GC(416)   Merge Heap Roots: 0.6ms
[382.253s][info][gc,phases      ] GC(416)   Evacuate Collection Set: 204.3ms
[382.253s][info][gc,phases      ] GC(416)   Post Evacuate Collection Set: 1.0ms
[382.253s][info][gc,phases      ] GC(416)   Other: 0.2ms
[382.253s][info][gc,heap        ] GC(416) Eden regions: 947->0(844)
[382.253s][info][gc,heap        ] GC(416) Survivor regions: 0->102(119)
[382.253s][info][gc,heap        ] GC(416) Old regions: 77->77
[382.253s][info][gc,heap        ] GC(416) Humongous regions: 69->59
[382.253s][info][gc,metaspace   ] GC(416) Metaspace: 76893K(78016K)->76893K(78016K) NonClass: 67516K(68096K)->67516K(68096K) Class: 9377K(9920K)->9377K(9920K)
[382.253s][info][gc             ] GC(416) Pause Young (Normal) (G1 Evacuation Pause) 2179M->469M(4096M) 206.540ms
[382.253s][info][gc,cpu         ] GC(416) User=1.17s Sys=0.00s Real=0.20s
[383.416s][info][gc,start       ] GC(417) Pause Young (Normal) (G1 Evacuation Pause)
[383.416s][info][gc,task        ] GC(417) Using 6 workers of 6 for evacuation
[383.701s][info][gc,mmu         ] GC(417) MMU target violated: 201.0ms (200.0ms/201.0ms)
[383.701s][info][gc,phases      ] GC(417)   Pre Evacuate Collection Set: 0.3ms
[383.701s][info][gc,phases      ] GC(417)   Merge Heap Roots: 0.7ms
[383.701s][info][gc,phases      ] GC(417)   Evacuate Collection Set: 283.0ms
[383.701s][info][gc,phases      ] GC(417)   Post Evacuate Collection Set: 0.9ms
[383.701s][info][gc,phases      ] GC(417)   Other: 0.2ms
[383.701s][info][gc,heap        ] GC(417) Eden regions: 824->0(100)
[383.701s][info][gc,heap        ] GC(417) Survivor regions: 102->91(116)
[383.701s][info][gc,heap        ] GC(417) Old regions: 77->176
[383.701s][info][gc,heap        ] GC(417) Humongous regions: 107->103
[383.701s][info][gc,metaspace   ] GC(417) Metaspace: 76893K(78016K)->76893K(78016K) NonClass: 67516K(68096K)->67516K(68096K) Class: 9377K(9920K)->9377K(9920K)
[383.701s][info][gc             ] GC(417) Pause Young (Normal) (G1 Evacuation Pause) 2213M->731M(4096M) 285.301ms
[383.701s][info][gc,cpu         ] GC(417) User=1.61s Sys=0.00s Real=0.28s
[383.897s][info][gc,start       ] GC(418) Pause Young (Normal) (G1 Evacuation Pause)
[383.897s][info][gc,task        ] GC(418) Using 6 workers of 6 for evacuation
[384.035s][info][gc,phases      ] GC(418)   Pre Evacuate Collection Set: 0.3ms
[384.035s][info][gc,phases      ] GC(418)   Merge Heap Roots: 0.4ms
[384.035s][info][gc,phases      ] GC(418)   Evacuate Collection Set: 136.7ms
[384.035s][info][gc,phases      ] GC(418)   Post Evacuate Collection Set: 0.6ms
[384.035s][info][gc,phases      ] GC(418)   Other: 0.1ms
[384.035s][info][gc,heap        ] GC(418) Eden regions: 130->0(857)
[384.035s][info][gc,heap        ] GC(418) Survivor regions: 91->18(28)
[384.035s][info][gc,heap        ] GC(418) Old regions: 176->267
[384.035s][info][gc,heap        ] GC(418) Humongous regions: 125->115
[384.035s][info][gc,metaspace   ] GC(418) Metaspace: 76893K(78016K)->76893K(78016K) NonClass: 67516K(68096K)->67516K(68096K) Class: 9377K(9920K)->9377K(9920K)
[384.035s][info][gc             ] GC(418) Pause Young (Normal) (G1 Evacuation Pause) 1035M->792M(4096M) 138.470ms
[384.035s][info][gc,cpu         ] GC(418) User=0.86s Sys=0.00s Real=0.14s
[385.270s][info][gc,start       ] GC(419) Pause Young (Normal) (G1 Evacuation Pause)
[385.270s][info][gc,task        ] GC(419) Using 6 workers of 6 for evacuation
[385.493s][info][gc,mmu         ] GC(419) MMU target violated: 201.0ms (200.0ms/201.0ms)
[385.493s][info][gc,phases      ] GC(419)   Pre Evacuate Collection Set: 0.4ms
[385.493s][info][gc,phases      ] GC(419)   Merge Heap Roots: 0.7ms
[385.493s][info][gc,phases      ] GC(419)   Evacuate Collection Set: 221.3ms
[385.493s][info][gc,phases      ] GC(419)   Post Evacuate Collection Set: 1.0ms
[385.493s][info][gc,phases      ] GC(419)   Other: 0.2ms
[385.493s][info][gc,heap        ] GC(419) Eden regions: 848->0(1)
[385.493s][info][gc,heap        ] GC(419) Survivor regions: 18->108(109)
[385.493s][info][gc,heap        ] GC(419) Old regions: 267->267
[385.493s][info][gc,heap        ] GC(419) Humongous regions: 303->197
[385.493s][info][gc,metaspace   ] GC(419) Metaspace: 76893K(78016K)->76893K(78016K) NonClass: 67516K(68096K)->67516K(68096K) Class: 9377K(9920K)->9377K(9920K)
[385.494s][info][gc             ] GC(419) Pause Young (Normal) (G1 Evacuation Pause) 2864M->1136M(4096M) 223.722ms
[385.494s][info][gc,cpu         ] GC(419) User=1.39s Sys=0.00s Real=0.23s
[385.519s][info][gc,start       ] GC(420) Pause Young (Normal) (G1 Evacuation Pause)
[385.519s][info][gc,task        ] GC(420) Using 6 workers of 6 for evacuation
[385.621s][info][gc,phases      ] GC(420)   Pre Evacuate Collection Set: 0.3ms
[385.622s][info][gc,phases      ] GC(420)   Merge Heap Roots: 0.6ms
[385.622s][info][gc,phases      ] GC(420)   Evacuate Collection Set: 100.5ms
[385.622s][info][gc,phases      ] GC(420)   Post Evacuate Collection Set: 0.5ms
[385.622s][info][gc,phases      ] GC(420)   Other: 0.1ms
[385.622s][info][gc,heap        ] GC(420) Eden regions: 41->0(1145)
[385.622s][info][gc,heap        ] GC(420) Survivor regions: 108->3(19)
[385.622s][info][gc,heap        ] GC(420) Old regions: 267->375
[385.622s][info][gc,heap        ] GC(420) Humongous regions: 197->197
[385.622s][info][gc,metaspace   ] GC(420) Metaspace: 76893K(78016K)->76893K(78016K) NonClass: 67516K(68096K)->67516K(68096K) Class: 9377K(9920K)->9377K(9920K)
[385.622s][info][gc             ] GC(420) Pause Young (Normal) (G1 Evacuation Pause) 1218M->1142M(4096M) 102.259ms
[385.622s][info][gc,cpu         ] GC(420) User=0.55s Sys=0.00s Real=0.11s
[385.672s][info][gc,start       ] GC(421) Pause Full (System.gc())
[385.672s][info][gc,task        ] GC(421) Using 6 workers of 6 for full compaction
[385.673s][info][gc,phases,start] GC(421) Phase 1: Mark live objects
[385.703s][info][gc,phases      ] GC(421) Phase 1: Mark live objects 29.765ms
[385.703s][info][gc,phases,start] GC(421) Phase 2: Prepare compaction
[385.704s][info][gc,phases      ] GC(421) Phase 2: Prepare compaction 1.197ms
[385.704s][info][gc,phases,start] GC(421) Phase 3: Adjust pointers
[385.715s][info][gc,phases      ] GC(421) Phase 3: Adjust pointers 11.596ms
[385.715s][info][gc,phases,start] GC(421) Phase 4: Compact heap
[385.717s][info][gc,phases      ] GC(421) Phase 4: Compact heap 1.433ms
[385.717s][info][gc,phases,start] GC(421) Phase 5: Reset Metadata
[385.724s][info][gc,phases      ] GC(421) Phase 5: Reset Metadata 6.822ms
[385.740s][info][gc,heap        ] GC(421) Eden regions: 96->0(1170)
[385.740s][info][gc,heap        ] GC(421) Survivor regions: 3->0(19)
[385.740s][info][gc,heap        ] GC(421) Old regions: 375->77
[385.740s][info][gc,heap        ] GC(421) Humongous regions: 199->3
[385.740s][info][gc,metaspace   ] GC(421) Metaspace: 76893K(78016K)->76893K(78016K) NonClass: 67516K(68096K)->67516K(68096K) Class: 9377K(9920K)->9377K(9920K)
[385.740s][info][gc             ] GC(421) Pause Full (System.gc()) 1338M->153M(4096M) 67.885ms
[385.740s][info][gc,cpu         ] GC(421) User=0.11s Sys=0.00s Real=0.06s
[387.269s][info][gc,start       ] GC(422) Pause Young (Normal) (G1 Evacuation Pause)
[387.269s][info][gc,task        ] GC(422) Using 6 workers of 6 for evacuation
[387.538s][info][gc,mmu         ] GC(422) MMU target violated: 201.0ms (200.0ms/201.0ms)
[387.539s][info][gc,phases      ] GC(422)   Pre Evacuate Collection Set: 0.3ms
[387.539s][info][gc,phases      ] GC(422)   Merge Heap Roots: 0.7ms
[387.539s][info][gc,phases      ] GC(422)   Evacuate Collection Set: 266.7ms
[387.539s][info][gc,phases      ] GC(422)   Post Evacuate Collection Set: 1.5ms
[387.539s][info][gc,phases      ] GC(422)   Other: 0.2ms
[387.539s][info][gc,heap        ] GC(422) Eden regions: 1202->0(935)
[387.539s][info][gc,heap        ] GC(422) Survivor regions: 0->150(151)
[387.539s][info][gc,heap        ] GC(422) Old regions: 77->77
[387.539s][info][gc,heap        ] GC(422) Humongous regions: 85->75
[387.539s][info][gc,metaspace   ] GC(422) Metaspace: 76895K(78016K)->76895K(78016K) NonClass: 67517K(68096K)->67517K(68096K) Class: 9377K(9920K)->9377K(9920K)
[387.539s][info][gc             ] GC(422) Pause Young (Normal) (G1 Evacuation Pause) 2721M->596M(4096M) 269.505ms
[387.539s][info][gc,cpu         ] GC(422) User=1.56s Sys=0.00s Real=0.27s
[388.937s][info][gc,start       ] GC(423) Pause Young (Normal) (G1 Evacuation Pause)
[388.937s][info][gc,task        ] GC(423) Using 6 workers of 6 for evacuation
[389.295s][info][gc,mmu         ] GC(423) MMU target violated: 201.0ms (200.0ms/201.0ms)
[389.296s][info][gc,phases      ] GC(423)   Pre Evacuate Collection Set: 0.3ms
[389.296s][info][gc,phases      ] GC(423)   Merge Heap Roots: 1.1ms
[389.296s][info][gc,phases      ] GC(423)   Evacuate Collection Set: 355.4ms
[389.296s][info][gc,phases      ] GC(423)   Post Evacuate Collection Set: 1.3ms
[389.296s][info][gc,phases      ] GC(423)   Other: 0.2ms
[389.296s][info][gc,heap        ] GC(423) Eden regions: 872->0(154)
[389.296s][info][gc,heap        ] GC(423) Survivor regions: 150->84(128)
[389.296s][info][gc,heap        ] GC(423) Old regions: 77->226
[389.296s][info][gc,heap        ] GC(423) Humongous regions: 160->139
[389.296s][info][gc,metaspace   ] GC(423) Metaspace: 76969K(78080K)->76969K(78080K) NonClass: 67575K(68160K)->67575K(68160K) Class: 9394K(9920K)->9394K(9920K)
[389.296s][info][gc             ] GC(423) Pause Young (Normal) (G1 Evacuation Pause) 2510M->890M(4096M) 358.432ms
[389.296s][info][gc,cpu         ] GC(423) User=2.08s Sys=0.00s Real=0.37s
[389.596s][info][gc,start       ] GC(424) Pause Young (Normal) (G1 Evacuation Pause)
[389.596s][info][gc,task        ] GC(424) Using 6 workers of 6 for evacuation
[389.706s][info][gc,phases      ] GC(424)   Pre Evacuate Collection Set: 0.3ms
[389.706s][info][gc,phases      ] GC(424)   Merge Heap Roots: 0.5ms
[389.706s][info][gc,phases      ] GC(424)   Evacuate Collection Set: 108.3ms
[389.706s][info][gc,phases      ] GC(424)   Post Evacuate Collection Set: 0.8ms
[389.706s][info][gc,phases      ] GC(424)   Other: 0.1ms
[389.706s][info][gc,heap        ] GC(424) Eden regions: 175->0(754)
[389.706s][info][gc,heap        ] GC(424) Survivor regions: 84->15(33)
[389.706s][info][gc,heap        ] GC(424) Old regions: 226->306
[389.706s][info][gc,heap        ] GC(424) Humongous regions: 146->139
[389.706s][info][gc,metaspace   ] GC(424) Metaspace: 76969K(78080K)->76969K(78080K) NonClass: 67575K(68160K)->67575K(68160K) Class: 9394K(9920K)->9394K(9920K)
[389.706s][info][gc             ] GC(424) Pause Young (Normal) (G1 Evacuation Pause) 1254M->912M(4096M) 110.177ms
[389.706s][info][gc,cpu         ] GC(424) User=0.66s Sys=0.00s Real=0.10s
[390.537s][info][gc,start       ] GC(425) Pause Full (System.gc())
[390.537s][info][gc,task        ] GC(425) Using 6 workers of 6 for full compaction
[390.538s][info][gc,phases,start] GC(425) Phase 1: Mark live objects
[390.568s][info][gc,phases      ] GC(425) Phase 1: Mark live objects 30.008ms
[390.568s][info][gc,phases,start] GC(425) Phase 2: Prepare compaction
[390.570s][info][gc,phases      ] GC(425) Phase 2: Prepare compaction 2.010ms
[390.570s][info][gc,phases,start] GC(425) Phase 3: Adjust pointers
[390.581s][info][gc,phases      ] GC(425) Phase 3: Adjust pointers 11.665ms
[390.581s][info][gc,phases,start] GC(425) Phase 4: Compact heap
[390.583s][info][gc,phases      ] GC(425) Phase 4: Compact heap 1.994ms
[390.583s][info][gc,phases,start] GC(425) Phase 5: Reset Metadata
[390.590s][info][gc,phases      ] GC(425) Phase 5: Reset Metadata 6.353ms
[390.606s][info][gc,heap        ] GC(425) Eden regions: 635->0(849)
[390.606s][info][gc,heap        ] GC(425) Survivor regions: 15->0(33)
[390.606s][info][gc,heap        ] GC(425) Old regions: 306->77
[390.606s][info][gc,heap        ] GC(425) Humongous regions: 286->3
[390.606s][info][gc,metaspace   ] GC(425) Metaspace: 76969K(78080K)->76969K(78080K) NonClass: 67575K(68160K)->67575K(68160K) Class: 9394K(9920K)->9394K(9920K)
[390.606s][info][gc             ] GC(425) Pause Full (System.gc()) 2476M->153M(4096M) 68.880ms
[390.606s][info][gc,cpu         ] GC(425) User=0.09s Sys=0.00s Real=0.08s
[391.826s][info][gc,start       ] GC(426) Pause Young (Normal) (G1 Evacuation Pause)
[391.826s][info][gc,task        ] GC(426) Using 6 workers of 6 for evacuation
[392.002s][info][gc,phases      ] GC(426)   Pre Evacuate Collection Set: 0.3ms
[392.002s][info][gc,phases      ] GC(426)   Merge Heap Roots: 0.5ms
[392.002s][info][gc,phases      ] GC(426)   Evacuate Collection Set: 173.7ms
[392.002s][info][gc,phases      ] GC(426)   Post Evacuate Collection Set: 1.3ms
[392.002s][info][gc,phases      ] GC(426)   Other: 0.1ms
[392.002s][info][gc,heap        ] GC(426) Eden regions: 904->0(817)
[392.002s][info][gc,heap        ] GC(426) Survivor regions: 0->92(113)
[392.002s][info][gc,heap        ] GC(426) Old regions: 77->77
[392.002s][info][gc,heap        ] GC(426) Humongous regions: 57->47
[392.002s][info][gc,metaspace   ] GC(426) Metaspace: 76969K(78080K)->76969K(78080K) NonClass: 67575K(68160K)->67575K(68160K) Class: 9394K(9920K)->9394K(9920K)
[392.002s][info][gc             ] GC(426) Pause Young (Normal) (G1 Evacuation Pause) 2069M->424M(4096M) 176.183ms
[392.002s][info][gc,cpu         ] GC(426) User=0.95s Sys=0.00s Real=0.18s
[392.771s][info][gc,start       ] GC(427) Pause Young (Normal) (G1 Evacuation Pause)
[392.771s][info][gc,task        ] GC(427) Using 6 workers of 6 for evacuation
[393.048s][info][gc,mmu         ] GC(427) MMU target violated: 201.0ms (200.0ms/201.0ms)
[393.048s][info][gc,phases      ] GC(427)   Pre Evacuate Collection Set: 0.3ms
[393.048s][info][gc,phases      ] GC(427)   Merge Heap Roots: 0.7ms
[393.048s][info][gc,phases      ] GC(427)   Evacuate Collection Set: 275.3ms
[393.048s][info][gc,phases      ] GC(427)   Post Evacuate Collection Set: 1.0ms
[393.048s][info][gc,phases      ] GC(427)   Other: 0.2ms
[393.048s][info][gc,heap        ] GC(427) Eden regions: 813->0(165)
[393.048s][info][gc,heap        ] GC(427) Survivor regions: 92->98(114)
[393.048s][info][gc,heap        ] GC(427) Old regions: 77->168
[393.048s][info][gc,heap        ] GC(427) Humongous regions: 95->95
[393.048s][info][gc,metaspace   ] GC(427) Metaspace: 76969K(78080K)->76969K(78080K) NonClass: 67575K(68160K)->67575K(68160K) Class: 9394K(9920K)->9394K(9920K)
[393.048s][info][gc             ] GC(427) Pause Young (Normal) (G1 Evacuation Pause) 2146M->714M(4096M) 277.668ms
[393.048s][info][gc,cpu         ] GC(427) User=1.56s Sys=0.00s Real=0.28s
[393.603s][info][gc,start       ] GC(428) Pause Young (Normal) (G1 Evacuation Pause)
[393.603s][info][gc,task        ] GC(428) Using 6 workers of 6 for evacuation
[393.767s][info][gc,phases      ] GC(428)   Pre Evacuate Collection Set: 0.3ms
[393.767s][info][gc,phases      ] GC(428)   Merge Heap Roots: 0.5ms
[393.767s][info][gc,phases      ] GC(428)   Evacuate Collection Set: 162.1ms
[393.767s][info][gc,phases      ] GC(428)   Post Evacuate Collection Set: 0.9ms
[393.767s][info][gc,phases      ] GC(428)   Other: 0.1ms
[393.767s][info][gc,heap        ] GC(428) Eden regions: 186->0(770)
[393.767s][info][gc,heap        ] GC(428) Survivor regions: 98->21(36)
[393.767s][info][gc,heap        ] GC(428) Old regions: 168->265
[393.767s][info][gc,heap        ] GC(428) Humongous regions: 129->115
[393.767s][info][gc,metaspace   ] GC(428) Metaspace: 76969K(78080K)->76969K(78080K) NonClass: 67575K(68160K)->67575K(68160K) Class: 9394K(9920K)->9394K(9920K)
[393.767s][info][gc             ] GC(428) Pause Young (Normal) (G1 Evacuation Pause) 1154M->794M(4096M) 164.172ms
[393.767s][info][gc,cpu         ] GC(428) User=0.91s Sys=0.00s Real=0.16s
[394.937s][info][gc,start       ] GC(429) Pause Young (Normal) (G1 Evacuation Pause)
[394.937s][info][gc,task        ] GC(429) Using 6 workers of 6 for evacuation
[395.162s][info][gc,mmu         ] GC(429) MMU target violated: 201.0ms (200.0ms/201.0ms)
[395.162s][info][gc,phases      ] GC(429)   Pre Evacuate Collection Set: 0.4ms
[395.162s][info][gc,phases      ] GC(429)   Merge Heap Roots: 0.8ms
[395.162s][info][gc,phases      ] GC(429)   Evacuate Collection Set: 222.8ms
[395.162s][info][gc,phases      ] GC(429)   Post Evacuate Collection Set: 1.1ms
[395.162s][info][gc,phases      ] GC(429)   Other: 0.2ms
[395.162s][info][gc,heap        ] GC(429) Eden regions: 750->0(52)
[395.162s][info][gc,heap        ] GC(429) Survivor regions: 21->97(97)
[395.162s][info][gc,heap        ] GC(429) Old regions: 265->278
[395.162s][info][gc,heap        ] GC(429) Humongous regions: 295->194
[395.162s][info][gc,metaspace   ] GC(429) Metaspace: 76969K(78080K)->76969K(78080K) NonClass: 67575K(68160K)->67575K(68160K) Class: 9394K(9920K)->9394K(9920K)
[395.162s][info][gc             ] GC(429) Pause Young (Normal) (G1 Evacuation Pause) 2654M->1130M(4096M) 225.416ms
[395.162s][info][gc,cpu         ] GC(429) User=1.30s Sys=0.00s Real=0.22s
[395.203s][info][gc,start       ] GC(430) Pause Young (Normal) (G1 Evacuation Pause)
[395.203s][info][gc,task        ] GC(430) Using 6 workers of 6 for evacuation
[395.296s][info][gc,phases      ] GC(430)   Pre Evacuate Collection Set: 0.3ms
[395.296s][info][gc,phases      ] GC(430)   Merge Heap Roots: 0.6ms
[395.296s][info][gc,phases      ] GC(430)   Evacuate Collection Set: 90.8ms
[395.296s][info][gc,phases      ] GC(430)   Post Evacuate Collection Set: 0.5ms
[395.296s][info][gc,phases      ] GC(430)   Other: 0.1ms
[395.296s][info][gc,heap        ] GC(430) Eden regions: 63->0(941)
[395.296s][info][gc,heap        ] GC(430) Survivor regions: 97->3(20)
[395.296s][info][gc,heap        ] GC(430) Old regions: 278->376
[395.296s][info][gc,heap        ] GC(430) Humongous regions: 194->194
[395.296s][info][gc,metaspace   ] GC(430) Metaspace: 76969K(78080K)->76969K(78080K) NonClass: 67575K(68160K)->67575K(68160K) Class: 9394K(9920K)->9394K(9920K)
[395.296s][info][gc             ] GC(430) Pause Young (Normal) (G1 Evacuation Pause) 1256M->1139M(4096M) 92.426ms
[395.296s][info][gc,cpu         ] GC(430) User=0.47s Sys=0.00s Real=0.08s
[395.395s][info][gc,start       ] GC(431) Pause Full (System.gc())
[395.395s][info][gc,task        ] GC(431) Using 6 workers of 6 for full compaction
[395.395s][info][gc,phases,start] GC(431) Phase 1: Mark live objects
[395.424s][info][gc,phases      ] GC(431) Phase 1: Mark live objects 28.989ms
[395.424s][info][gc,phases,start] GC(431) Phase 2: Prepare compaction
[395.426s][info][gc,phases      ] GC(431) Phase 2: Prepare compaction 1.347ms
[395.426s][info][gc,phases,start] GC(431) Phase 3: Adjust pointers
[395.437s][info][gc,phases      ] GC(431) Phase 3: Adjust pointers 11.649ms
[395.437s][info][gc,phases,start] GC(431) Phase 4: Compact heap
[395.439s][info][gc,phases      ] GC(431) Phase 4: Compact heap 1.241ms
[395.439s][info][gc,phases,start] GC(431) Phase 5: Reset Metadata
[395.446s][info][gc,phases      ] GC(431) Phase 5: Reset Metadata 7.455ms
[395.463s][info][gc,heap        ] GC(431) Eden regions: 166->0(956)
[395.463s][info][gc,heap        ] GC(431) Survivor regions: 3->0(20)
[395.463s][info][gc,heap        ] GC(431) Old regions: 376->77
[395.463s][info][gc,heap        ] GC(431) Humongous regions: 196->3
[395.463s][info][gc,metaspace   ] GC(431) Metaspace: 76969K(78080K)->76969K(78080K) NonClass: 67575K(68160K)->67575K(68160K) Class: 9394K(9920K)->9394K(9920K)
[395.463s][info][gc             ] GC(431) Pause Full (System.gc()) 1474M->153M(4096M) 67.703ms
[395.463s][info][gc,cpu         ] GC(431) User=0.11s Sys=0.00s Real=0.06s
[396.833s][info][gc,start       ] GC(432) Pause Young (Normal) (G1 Evacuation Pause)
[396.833s][info][gc,task        ] GC(432) Using 6 workers of 6 for evacuation
[397.050s][info][gc,mmu         ] GC(432) MMU target violated: 201.0ms (200.0ms/201.0ms)
[397.050s][info][gc,phases      ] GC(432)   Pre Evacuate Collection Set: 0.3ms
[397.050s][info][gc,phases      ] GC(432)   Merge Heap Roots: 0.5ms
[397.050s][info][gc,phases      ] GC(432)   Evacuate Collection Set: 214.0ms
[397.050s][info][gc,phases      ] GC(432)   Post Evacuate Collection Set: 1.7ms
[397.050s][info][gc,phases      ] GC(432)   Other: 0.2ms
[397.050s][info][gc,heap        ] GC(432) Eden regions: 1000->0(885)
[397.050s][info][gc,heap        ] GC(432) Survivor regions: 0->108(125)
[397.050s][info][gc,heap        ] GC(432) Old regions: 77->77
[397.050s][info][gc,heap        ] GC(432) Humongous regions: 69->59
[397.050s][info][gc,metaspace   ] GC(432) Metaspace: 76969K(78080K)->76969K(78080K) NonClass: 67575K(68160K)->67575K(68160K) Class: 9394K(9920K)->9394K(9920K)
[397.050s][info][gc             ] GC(432) Pause Young (Normal) (G1 Evacuation Pause) 2285M->481M(4096M) 216.800ms
[397.050s][info][gc,cpu         ] GC(432) User=1.31s Sys=0.00s Real=0.20s
[398.278s][info][gc,start       ] GC(433) Pause Young (Normal) (G1 Evacuation Pause)
[398.278s][info][gc,task        ] GC(433) Using 6 workers of 6 for evacuation
[398.586s][info][gc,mmu         ] GC(433) MMU target violated: 201.0ms (200.0ms/201.0ms)
[398.586s][info][gc,phases      ] GC(433)   Pre Evacuate Collection Set: 0.3ms
[398.586s][info][gc,phases      ] GC(433)   Merge Heap Roots: 0.8ms
[398.586s][info][gc,phases      ] GC(433)   Evacuate Collection Set: 305.9ms
[398.586s][info][gc,phases      ] GC(433)   Post Evacuate Collection Set: 1.3ms
[398.586s][info][gc,phases      ] GC(433)   Other: 0.2ms
[398.586s][info][gc,heap        ] GC(433) Eden regions: 862->0(52)
[398.586s][info][gc,heap        ] GC(433) Survivor regions: 108->97(122)
[398.586s][info][gc,heap        ] GC(433) Old regions: 77->185
[398.586s][info][gc,heap        ] GC(433) Humongous regions: 122->115
[398.586s][info][gc,metaspace   ] GC(433) Metaspace: 76969K(78080K)->76969K(78080K) NonClass: 67575K(68160K)->67575K(68160K) Class: 9394K(9920K)->9394K(9920K)
[398.586s][info][gc             ] GC(433) Pause Young (Normal) (G1 Evacuation Pause) 2331M->786M(4096M) 308.585ms
[398.586s][info][gc,cpu         ] GC(433) User=1.77s Sys=0.00s Real=0.30s
[398.665s][info][gc,start       ] GC(434) Pause Young (Normal) (G1 Evacuation Pause)
[398.665s][info][gc,task        ] GC(434) Using 6 workers of 6 for evacuation
[398.785s][info][gc,phases      ] GC(434)   Pre Evacuate Collection Set: 0.3ms
[398.785s][info][gc,phases      ] GC(434)   Merge Heap Roots: 1.2ms
[398.785s][info][gc,phases      ] GC(434)   Evacuate Collection Set: 118.3ms
[398.785s][info][gc,phases      ] GC(434)   Post Evacuate Collection Set: 0.5ms
[398.785s][info][gc,phases      ] GC(434)   Other: 0.1ms
[398.785s][info][gc,heap        ] GC(434) Eden regions: 66->0(991)
[398.785s][info][gc,heap        ] GC(434) Survivor regions: 97->10(21)
[398.785s][info][gc,heap        ] GC(434) Old regions: 185->281
[398.785s][info][gc,heap        ] GC(434) Humongous regions: 134->127
[398.785s][info][gc,metaspace   ] GC(434) Metaspace: 76969K(78080K)->76969K(78080K) NonClass: 67575K(68160K)->67575K(68160K) Class: 9394K(9920K)->9394K(9920K)
[398.785s][info][gc             ] GC(434) Pause Young (Normal) (G1 Evacuation Pause) 956M->829M(4096M) 120.550ms
[398.785s][info][gc,cpu         ] GC(434) User=0.75s Sys=0.00s Real=0.12s
[400.082s][info][gc,start       ] GC(435) Pause Full (System.gc())
[400.083s][info][gc,task        ] GC(435) Using 6 workers of 6 for full compaction
[400.083s][info][gc,phases,start] GC(435) Phase 1: Mark live objects
[400.112s][info][gc,phases      ] GC(435) Phase 1: Mark live objects 29.496ms
[400.112s][info][gc,phases,start] GC(435) Phase 2: Prepare compaction
[400.114s][info][gc,phases      ] GC(435) Phase 2: Prepare compaction 2.046ms
[400.114s][info][gc,phases,start] GC(435) Phase 3: Adjust pointers
[400.127s][info][gc,phases      ] GC(435) Phase 3: Adjust pointers 12.030ms
[400.127s][info][gc,phases,start] GC(435) Phase 4: Compact heap
[400.129s][info][gc,phases      ] GC(435) Phase 4: Compact heap 2.104ms
[400.129s][info][gc,phases,start] GC(435) Phase 5: Reset Metadata
[400.135s][info][gc,phases      ] GC(435) Phase 5: Reset Metadata 6.373ms
[400.152s][info][gc,heap        ] GC(435) Eden regions: 955->0(1093)
[400.152s][info][gc,heap        ] GC(435) Survivor regions: 10->0(21)
[400.152s][info][gc,heap        ] GC(435) Old regions: 281->77
[400.152s][info][gc,heap        ] GC(435) Humongous regions: 297->3
[400.152s][info][gc,metaspace   ] GC(435) Metaspace: 76969K(78080K)->76969K(78080K) NonClass: 67575K(68160K)->67575K(68160K) Class: 9394K(9920K)->9394K(9920K)
[400.152s][info][gc             ] GC(435) Pause Full (System.gc()) 3079M->153M(4096M) 69.561ms
[400.152s][info][gc,cpu         ] GC(435) User=0.09s Sys=0.02s Real=0.06s
[401.638s][info][gc,start       ] GC(436) Pause Young (Normal) (G1 Evacuation Pause)
[401.638s][info][gc,task        ] GC(436) Using 6 workers of 6 for evacuation
[401.888s][info][gc,mmu         ] GC(436) MMU target violated: 201.0ms (200.0ms/201.0ms)
[401.889s][info][gc,phases      ] GC(436)   Pre Evacuate Collection Set: 0.3ms
[401.889s][info][gc,phases      ] GC(436)   Merge Heap Roots: 0.7ms
[401.889s][info][gc,phases      ] GC(436)   Evacuate Collection Set: 248.0ms
[401.889s][info][gc,phases      ] GC(436)   Post Evacuate Collection Set: 1.4ms
[401.889s][info][gc,phases      ] GC(436)   Other: 0.2ms
[401.889s][info][gc,heap        ] GC(436) Eden regions: 1137->0(933)
[401.889s][info][gc,heap        ] GC(436) Survivor regions: 0->143(143)
[401.889s][info][gc,heap        ] GC(436) Old regions: 77->77
[401.889s][info][gc,heap        ] GC(436) Humongous regions: 81->71
[401.889s][info][gc,metaspace   ] GC(436) Metaspace: 76972K(78080K)->76972K(78080K) NonClass: 67578K(68160K)->67578K(68160K) Class: 9394K(9920K)->9394K(9920K)
[401.889s][info][gc             ] GC(436) Pause Young (Normal) (G1 Evacuation Pause) 2583M->575M(4096M) 250.815ms
[401.889s][info][gc,cpu         ] GC(436) User=1.42s Sys=0.00s Real=0.25s
[403.298s][info][gc,start       ] GC(437) Pause Young (Normal) (G1 Evacuation Pause)
[403.298s][info][gc,task        ] GC(437) Using 6 workers of 6 for evacuation
[403.655s][info][gc,mmu         ] GC(437) MMU target violated: 201.0ms (200.0ms/201.0ms)
[403.655s][info][gc,phases      ] GC(437)   Pre Evacuate Collection Set: 0.4ms
[403.655s][info][gc,phases      ] GC(437)   Merge Heap Roots: 1.0ms
[403.655s][info][gc,phases      ] GC(437)   Evacuate Collection Set: 353.8ms
[403.655s][info][gc,phases      ] GC(437)   Post Evacuate Collection Set: 1.2ms
[403.655s][info][gc,phases      ] GC(437)   Other: 0.2ms
[403.655s][info][gc,heap        ] GC(437) Eden regions: 914->0(126)
[403.655s][info][gc,heap        ] GC(437) Survivor regions: 143->85(133)
[403.655s][info][gc,heap        ] GC(437) Old regions: 77->218
[403.655s][info][gc,heap        ] GC(437) Humongous regions: 156->135
[403.655s][info][gc,metaspace   ] GC(437) Metaspace: 76972K(78080K)->76972K(78080K) NonClass: 67578K(68160K)->67578K(68160K) Class: 9394K(9920K)->9394K(9920K)
[403.655s][info][gc             ] GC(437) Pause Young (Normal) (G1 Evacuation Pause) 2573M->869M(4096M) 356.730ms
[403.655s][info][gc,cpu         ] GC(437) User=2.11s Sys=0.02s Real=0.36s
[403.944s][info][gc,start       ] GC(438) Pause Young (Normal) (G1 Evacuation Pause)
[403.944s][info][gc,task        ] GC(438) Using 6 workers of 6 for evacuation
[404.065s][info][gc,phases      ] GC(438)   Pre Evacuate Collection Set: 0.3ms
[404.065s][info][gc,phases      ] GC(438)   Merge Heap Roots: 0.4ms
[404.065s][info][gc,phases      ] GC(438)   Evacuate Collection Set: 119.4ms
[404.065s][info][gc,phases      ] GC(438)   Post Evacuate Collection Set: 0.8ms
[404.065s][info][gc,phases      ] GC(438)   Other: 0.1ms
[404.065s][info][gc,heap        ] GC(438) Eden regions: 159->0(529)
[404.065s][info][gc,heap        ] GC(438) Survivor regions: 85->13(31)
[404.065s][info][gc,heap        ] GC(438) Old regions: 218->302
[404.065s][info][gc,heap        ] GC(438) Humongous regions: 146->139
[404.065s][info][gc,metaspace   ] GC(438) Metaspace: 76972K(78080K)->76972K(78080K) NonClass: 67578K(68160K)->67578K(68160K) Class: 9394K(9920K)->9394K(9920K)
[404.065s][info][gc             ] GC(438) Pause Young (Normal) (G1 Evacuation Pause) 1209M->900M(4096M) 121.281ms
[404.065s][info][gc,cpu         ] GC(438) User=0.66s Sys=0.00s Real=0.11s
[404.818s][info][gc,start       ] GC(439) Pause Young (Normal) (G1 Evacuation Pause)
[404.819s][info][gc,task        ] GC(439) Using 6 workers of 6 for evacuation
[404.954s][info][gc,phases      ] GC(439)   Pre Evacuate Collection Set: 0.5ms
[404.954s][info][gc,phases      ] GC(439)   Merge Heap Roots: 0.7ms
[404.954s][info][gc,phases      ] GC(439)   Evacuate Collection Set: 133.5ms
[404.954s][info][gc,phases      ] GC(439)   Post Evacuate Collection Set: 0.7ms
[404.954s][info][gc,phases      ] GC(439)   Other: 0.1ms
[404.954s][info][gc,heap        ] GC(439) Eden regions: 546->0(231)
[404.954s][info][gc,heap        ] GC(439) Survivor regions: 13->70(70)
[404.954s][info][gc,heap        ] GC(439) Old regions: 302->304
[404.954s][info][gc,heap        ] GC(439) Humongous regions: 284->197
[404.954s][info][gc,metaspace   ] GC(439) Metaspace: 76984K(78080K)->76984K(78080K) NonClass: 67589K(68160K)->67589K(68160K) Class: 9394K(9920K)->9394K(9920K)
[404.954s][info][gc             ] GC(439) Pause Young (Normal) (G1 Evacuation Pause) 2282M->1134M(4096M) 135.694ms
[404.954s][info][gc,cpu         ] GC(439) User=0.72s Sys=0.00s Real=0.14s
[405.032s][info][gc,start       ] GC(440) Pause Full (System.gc())
[405.032s][info][gc,task        ] GC(440) Using 6 workers of 6 for full compaction
[405.032s][info][gc,phases,start] GC(440) Phase 1: Mark live objects
[405.061s][info][gc,phases      ] GC(440) Phase 1: Mark live objects 29.284ms
[405.061s][info][gc,phases,start] GC(440) Phase 2: Prepare compaction
[405.063s][info][gc,phases      ] GC(440) Phase 2: Prepare compaction 1.139ms
[405.063s][info][gc,phases,start] GC(440) Phase 3: Adjust pointers
[405.078s][info][gc,phases      ] GC(440) Phase 3: Adjust pointers 15.796ms
[405.079s][info][gc,phases,start] GC(440) Phase 4: Compact heap
[405.080s][info][gc,phases      ] GC(440) Phase 4: Compact heap 1.416ms
[405.080s][info][gc,phases,start] GC(440) Phase 5: Reset Metadata
[405.088s][info][gc,phases      ] GC(440) Phase 5: Reset Metadata 7.867ms
[405.104s][info][gc,heap        ] GC(440) Eden regions: 130->0(582)
[405.104s][info][gc,heap        ] GC(440) Survivor regions: 70->0(70)
[405.104s][info][gc,heap        ] GC(440) Old regions: 304->77
[405.104s][info][gc,heap        ] GC(440) Humongous regions: 199->3
[405.104s][info][gc,metaspace   ] GC(440) Metaspace: 76984K(78080K)->76984K(78080K) NonClass: 67589K(68160K)->67589K(68160K) Class: 9394K(9920K)->9394K(9920K)
[405.104s][info][gc             ] GC(440) Pause Full (System.gc()) 1398M->153M(4096M) 72.497ms
[405.104s][info][gc,cpu         ] GC(440) User=0.11s Sys=0.00s Real=0.07s
[405.626s][info][gc,start       ] GC(441) Pause Young (Normal) (G1 Evacuation Pause)
[405.626s][info][gc,task        ] GC(441) Using 6 workers of 6 for evacuation
[405.751s][info][gc,phases      ] GC(441)   Pre Evacuate Collection Set: 0.3ms
[405.751s][info][gc,phases      ] GC(441)   Merge Heap Roots: 0.4ms
[405.751s][info][gc,phases      ] GC(441)   Evacuate Collection Set: 123.6ms
[405.751s][info][gc,phases      ] GC(441)   Post Evacuate Collection Set: 0.9ms
[405.751s][info][gc,phases      ] GC(441)   Other: 0.1ms
[405.751s][info][gc,heap        ] GC(441) Eden regions: 618->0(602)
[405.751s][info][gc,heap        ] GC(441) Survivor regions: 0->78(78)
[405.751s][info][gc,heap        ] GC(441) Old regions: 77->77
[405.751s][info][gc,heap        ] GC(441) Humongous regions: 42->39
[405.751s][info][gc,metaspace   ] GC(441) Metaspace: 76984K(78080K)->76984K(78080K) NonClass: 67590K(68160K)->67590K(68160K) Class: 9394K(9920K)->9394K(9920K)
[405.751s][info][gc             ] GC(441) Pause Young (Normal) (G1 Evacuation Pause) 1467M->381M(4096M) 125.628ms
[405.751s][info][gc,cpu         ] GC(441) User=0.67s Sys=0.00s Real=0.13s
[406.700s][info][gc,start       ] GC(442) Pause Young (Normal) (G1 Evacuation Pause)
[406.700s][info][gc,task        ] GC(442) Using 6 workers of 6 for evacuation
[406.937s][info][gc,mmu         ] GC(442) MMU target violated: 201.0ms (200.0ms/201.0ms)
[406.937s][info][gc,phases      ] GC(442)   Pre Evacuate Collection Set: 0.3ms
[406.937s][info][gc,phases      ] GC(442)   Merge Heap Roots: 0.6ms
[406.937s][info][gc,phases      ] GC(442)   Evacuate Collection Set: 235.4ms
[406.937s][info][gc,phases      ] GC(442)   Post Evacuate Collection Set: 1.1ms
[406.937s][info][gc,phases      ] GC(442)   Other: 0.2ms
[406.937s][info][gc,heap        ] GC(442) Eden regions: 604->0(204)
[406.937s][info][gc,heap        ] GC(442) Survivor regions: 78->79(86)
[406.937s][info][gc,heap        ] GC(442) Old regions: 77->151
[406.937s][info][gc,heap        ] GC(442) Humongous regions: 90->83
[406.937s][info][gc,metaspace   ] GC(442) Metaspace: 76985K(78080K)->76985K(78080K) NonClass: 67591K(68160K)->67591K(68160K) Class: 9394K(9920K)->9394K(9920K)
[406.937s][info][gc             ] GC(442) Pause Young (Normal) (G1 Evacuation Pause) 1691M->619M(4096M) 237.838ms
[406.938s][info][gc,cpu         ] GC(442) User=1.34s Sys=0.00s Real=0.24s
[407.122s][info][gc,start       ] GC(443) Pause Young (Normal) (G1 Evacuation Pause)
[407.122s][info][gc,task        ] GC(443) Using 6 workers of 6 for evacuation
[407.236s][info][gc,phases      ] GC(443)   Pre Evacuate Collection Set: 0.3ms
[407.236s][info][gc,phases      ] GC(443)   Merge Heap Roots: 0.5ms
[407.236s][info][gc,phases      ] GC(443)   Evacuate Collection Set: 112.9ms
[407.236s][info][gc,phases      ] GC(443)   Post Evacuate Collection Set: 0.7ms
[407.236s][info][gc,phases      ] GC(443)   Other: 0.1ms
[407.236s][info][gc,heap        ] GC(443) Eden regions: 208->0(619)
[407.236s][info][gc,heap        ] GC(443) Survivor regions: 79->21(36)
[407.236s][info][gc,heap        ] GC(443) Old regions: 151->230
[407.236s][info][gc,heap        ] GC(443) Humongous regions: 95->95
[407.236s][info][gc,metaspace   ] GC(443) Metaspace: 76985K(78080K)->76985K(78080K) NonClass: 67591K(68160K)->67591K(68160K) Class: 9394K(9920K)->9394K(9920K)
[407.236s][info][gc             ] GC(443) Pause Young (Normal) (G1 Evacuation Pause) 1059M->684M(4096M) 114.660ms
[407.236s][info][gc,cpu         ] GC(443) User=0.66s Sys=0.00s Real=0.11s
[408.340s][info][gc,start       ] GC(444) Pause Young (Normal) (G1 Evacuation Pause)
[408.341s][info][gc,task        ] GC(444) Using 6 workers of 6 for evacuation
[408.533s][info][gc,phases      ] GC(444)   Pre Evacuate Collection Set: 0.2ms
[408.533s][info][gc,phases      ] GC(444)   Merge Heap Roots: 0.5ms
[408.533s][info][gc,phases      ] GC(444)   Evacuate Collection Set: 190.6ms
[408.533s][info][gc,phases      ] GC(444)   Post Evacuate Collection Set: 1.0ms
[408.533s][info][gc,phases      ] GC(444)   Other: 0.1ms
[408.533s][info][gc,heap        ] GC(444) Eden regions: 640->0(140)
[408.533s][info][gc,heap        ] GC(444) Survivor regions: 21->81(83)
[408.533s][info][gc,heap        ] GC(444) Old regions: 230->230
[408.533s][info][gc,heap        ] GC(444) Humongous regions: 160->139
[408.533s][info][gc,metaspace   ] GC(444) Metaspace: 76986K(78080K)->76986K(78080K) NonClass: 67592K(68160K)->67592K(68160K) Class: 9394K(9920K)->9394K(9920K)
[408.533s][info][gc             ] GC(444) Pause Young (Normal) (G1 Evacuation Pause) 2094M->891M(4096M) 192.612ms
[408.533s][info][gc,cpu         ] GC(444) User=1.08s Sys=0.00s Real=0.19s
[408.788s][info][gc,start       ] GC(445) Pause Young (Normal) (G1 Evacuation Pause)
[408.789s][info][gc,task        ] GC(445) Using 6 workers of 6 for evacuation
[408.886s][info][gc,phases      ] GC(445)   Pre Evacuate Collection Set: 0.3ms
[408.886s][info][gc,phases      ] GC(445)   Merge Heap Roots: 0.4ms
[408.886s][info][gc,phases      ] GC(445)   Evacuate Collection Set: 96.4ms
[408.886s][info][gc,phases      ] GC(445)   Post Evacuate Collection Set: 0.6ms
[408.886s][info][gc,phases      ] GC(445)   Other: 0.1ms
[408.886s][info][gc,heap        ] GC(445) Eden regions: 147->0(627)
[408.886s][info][gc,heap        ] GC(445) Survivor regions: 81->11(29)
[408.886s][info][gc,heap        ] GC(445) Old regions: 230->307
[408.886s][info][gc,heap        ] GC(445) Humongous regions: 146->139
[408.886s][info][gc,metaspace   ] GC(445) Metaspace: 76986K(78080K)->76986K(78080K) NonClass: 67592K(68160K)->67592K(68160K) Class: 9394K(9920K)->9394K(9920K)
[408.886s][info][gc             ] GC(445) Pause Young (Normal) (G1 Evacuation Pause) 1199M->907M(4096M) 98.007ms
[408.886s][info][gc,cpu         ] GC(445) User=0.50s Sys=0.00s Real=0.09s
[409.774s][info][gc,start       ] GC(446) Pause Young (Normal) (G1 Evacuation Pause)
[409.774s][info][gc,task        ] GC(446) Using 6 workers of 6 for evacuation
[409.940s][info][gc,phases      ] GC(446)   Pre Evacuate Collection Set: 0.4ms
[409.940s][info][gc,phases      ] GC(446)   Merge Heap Roots: 0.8ms
[409.940s][info][gc,phases      ] GC(446)   Evacuate Collection Set: 163.7ms
[409.940s][info][gc,phases      ] GC(446)   Post Evacuate Collection Set: 0.8ms
[409.940s][info][gc,phases      ] GC(446)   Other: 0.1ms
[409.940s][info][gc,heap        ] GC(446) Eden regions: 631->0(184)
[409.940s][info][gc,heap        ] GC(446) Survivor regions: 11->81(81)
[409.940s][info][gc,heap        ] GC(446) Old regions: 307->315
[409.940s][info][gc,heap        ] GC(446) Humongous regions: 282->196
[409.940s][info][gc,metaspace   ] GC(446) Metaspace: 76986K(78080K)->76986K(78080K) NonClass: 67592K(68160K)->67592K(68160K) Class: 9394K(9920K)->9394K(9920K)
[409.940s][info][gc             ] GC(446) Pause Young (Normal) (G1 Evacuation Pause) 2455M->1177M(4096M) 165.989ms
[409.940s][info][gc,cpu         ] GC(446) User=0.88s Sys=0.00s Real=0.17s
[409.956s][info][gc,start       ] GC(447) Pause Full (System.gc())
[409.956s][info][gc,task        ] GC(447) Using 6 workers of 6 for full compaction
[409.956s][info][gc,phases,start] GC(447) Phase 1: Mark live objects
[409.985s][info][gc,phases      ] GC(447) Phase 1: Mark live objects 28.761ms
[409.985s][info][gc,phases,start] GC(447) Phase 2: Prepare compaction
[409.986s][info][gc,phases      ] GC(447) Phase 2: Prepare compaction 1.204ms
[409.986s][info][gc,phases,start] GC(447) Phase 3: Adjust pointers
[410.000s][info][gc,phases      ] GC(447) Phase 3: Adjust pointers 13.350ms
[410.000s][info][gc,phases,start] GC(447) Phase 4: Compact heap
[410.001s][info][gc,phases      ] GC(447) Phase 4: Compact heap 1.423ms
[410.001s][info][gc,phases,start] GC(447) Phase 5: Reset Metadata
[410.008s][info][gc,phases      ] GC(447) Phase 5: Reset Metadata 6.671ms
[410.025s][info][gc,heap        ] GC(447) Eden regions: 32->0(651)
[410.025s][info][gc,heap        ] GC(447) Survivor regions: 81->0(81)
[410.025s][info][gc,heap        ] GC(447) Old regions: 315->77
[410.025s][info][gc,heap        ] GC(447) Humongous regions: 196->3
[410.025s][info][gc,metaspace   ] GC(447) Metaspace: 76986K(78080K)->76986K(78080K) NonClass: 67592K(68160K)->67592K(68160K) Class: 9394K(9920K)->9394K(9920K)
[410.025s][info][gc             ] GC(447) Pause Full (System.gc()) 1241M->153M(4096M) 68.870ms
[410.025s][info][gc,cpu         ] GC(447) User=0.06s Sys=0.00s Real=0.08s
[410.612s][info][gc,start       ] GC(448) Pause Young (Normal) (G1 Evacuation Pause)
[410.612s][info][gc,task        ] GC(448) Using 6 workers of 6 for evacuation
[410.745s][info][gc,phases      ] GC(448)   Pre Evacuate Collection Set: 0.3ms
[410.745s][info][gc,phases      ] GC(448)   Merge Heap Roots: 0.4ms
[410.745s][info][gc,phases      ] GC(448)   Evacuate Collection Set: 131.2ms
[410.745s][info][gc,phases      ] GC(448)   Post Evacuate Collection Set: 0.7ms
[410.745s][info][gc,phases      ] GC(448)   Other: 0.1ms
[410.745s][info][gc,heap        ] GC(448) Eden regions: 696->0(662)
[410.745s][info][gc,heap        ] GC(448) Survivor regions: 0->82(87)
[410.745s][info][gc,heap        ] GC(448) Old regions: 77->77
[410.745s][info][gc,heap        ] GC(448) Humongous regions: 42->39
[410.745s][info][gc,metaspace   ] GC(448) Metaspace: 76986K(78080K)->76986K(78080K) NonClass: 67592K(68160K)->67592K(68160K) Class: 9394K(9920K)->9394K(9920K)
[410.745s][info][gc             ] GC(448) Pause Young (Normal) (G1 Evacuation Pause) 1623M->388M(4096M) 132.917ms
[410.745s][info][gc,cpu         ] GC(448) User=0.62s Sys=0.00s Real=0.14s
[411.724s][info][gc,start       ] GC(449) Pause Young (Normal) (G1 Evacuation Pause)
[411.724s][info][gc,task        ] GC(449) Using 6 workers of 6 for evacuation
[411.976s][info][gc,mmu         ] GC(449) MMU target violated: 201.0ms (200.0ms/201.0ms)
[411.976s][info][gc,phases      ] GC(449)   Pre Evacuate Collection Set: 0.3ms
[411.976s][info][gc,phases      ] GC(449)   Merge Heap Roots: 0.6ms
[411.976s][info][gc,phases      ] GC(449)   Evacuate Collection Set: 249.3ms
[411.976s][info][gc,phases      ] GC(449)   Post Evacuate Collection Set: 1.0ms
[411.976s][info][gc,phases      ] GC(449)   Other: 0.1ms
[411.976s][info][gc,heap        ] GC(449) Eden regions: 651->0(210)
[411.976s][info][gc,heap        ] GC(449) Survivor regions: 82->87(92)
[411.976s][info][gc,heap        ] GC(449) Old regions: 77->155
[411.976s][info][gc,heap        ] GC(449) Humongous regions: 93->86
[411.976s][info][gc,metaspace   ] GC(449) Metaspace: 76986K(78080K)->76986K(78080K) NonClass: 67592K(68160K)->67592K(68160K) Class: 9394K(9920K)->9394K(9920K)
[411.976s][info][gc             ] GC(449) Pause Young (Normal) (G1 Evacuation Pause) 1798M->649M(4096M) 251.463ms
[411.976s][info][gc,cpu         ] GC(449) User=1.42s Sys=0.00s Real=0.25s
[412.160s][info][gc,start       ] GC(450) Pause Young (Normal) (G1 Evacuation Pause)
[412.160s][info][gc,task        ] GC(450) Using 6 workers of 6 for evacuation
[412.276s][info][gc,phases      ] GC(450)   Pre Evacuate Collection Set: 0.3ms
[412.276s][info][gc,phases      ] GC(450)   Merge Heap Roots: 0.5ms
[412.276s][info][gc,phases      ] GC(450)   Evacuate Collection Set: 114.1ms
[412.276s][info][gc,phases      ] GC(450)   Post Evacuate Collection Set: 0.8ms
[412.276s][info][gc,phases      ] GC(450)   Other: 0.1ms
[412.276s][info][gc,heap        ] GC(450) Eden regions: 213->0(683)
[412.276s][info][gc,heap        ] GC(450) Survivor regions: 87->18(38)
[412.276s][info][gc,heap        ] GC(450) Old regions: 155->241
[412.276s][info][gc,heap        ] GC(450) Humongous regions: 95->95
[412.276s][info][gc,metaspace   ] GC(450) Metaspace: 76986K(78080K)->76986K(78080K) NonClass: 67592K(68160K)->67592K(68160K) Class: 9394K(9920K)->9394K(9920K)
[412.276s][info][gc             ] GC(450) Pause Young (Normal) (G1 Evacuation Pause) 1093M->701M(4096M) 115.997ms
[412.276s][info][gc,cpu         ] GC(450) User=0.66s Sys=0.00s Real=0.11s
[413.523s][info][gc,start       ] GC(451) Pause Young (Normal) (G1 Evacuation Pause)
[413.523s][info][gc,task        ] GC(451) Using 6 workers of 6 for evacuation
[413.715s][info][gc,phases      ] GC(451)   Pre Evacuate Collection Set: 0.3ms
[413.716s][info][gc,phases      ] GC(451)   Merge Heap Roots: 0.5ms
[413.716s][info][gc,phases      ] GC(451)   Evacuate Collection Set: 190.0ms
[413.716s][info][gc,phases      ] GC(451)   Post Evacuate Collection Set: 1.1ms
[413.716s][info][gc,phases      ] GC(451)   Other: 0.1ms
[413.716s][info][gc,heap        ] GC(451) Eden regions: 703->0(153)
[413.716s][info][gc,heap        ] GC(451) Survivor regions: 18->82(91)
[413.716s][info][gc,heap        ] GC(451) Old regions: 241->241
[413.716s][info][gc,heap        ] GC(451) Humongous regions: 167->139
[413.716s][info][gc,metaspace   ] GC(451) Metaspace: 76986K(78080K)->76986K(78080K) NonClass: 67592K(68160K)->67592K(68160K) Class: 9394K(9920K)->9394K(9920K)
[413.716s][info][gc             ] GC(451) Pause Young (Normal) (G1 Evacuation Pause) 2251M->916M(4096M) 192.275ms
[413.716s][info][gc,cpu         ] GC(451) User=1.08s Sys=0.00s Real=0.19s
[413.831s][info][gc,start       ] GC(452) Pause Young (Normal) (G1 Evacuation Pause)
[413.831s][info][gc,task        ] GC(452) Using 6 workers of 6 for evacuation
[413.944s][info][gc,phases      ] GC(452)   Pre Evacuate Collection Set: 0.2ms
[413.944s][info][gc,phases      ] GC(452)   Merge Heap Roots: 0.4ms
[413.944s][info][gc,phases      ] GC(452)   Evacuate Collection Set: 112.1ms
[413.944s][info][gc,phases      ] GC(452)   Post Evacuate Collection Set: 0.5ms
[413.944s][info][gc,phases      ] GC(452)   Other: 0.1ms
[413.944s][info][gc,heap        ] GC(452) Eden regions: 159->0(537)
[413.944s][info][gc,heap        ] GC(452) Survivor regions: 82->26(31)
[413.944s][info][gc,heap        ] GC(452) Old regions: 241->322
[413.944s][info][gc,heap        ] GC(452) Humongous regions: 149->149
[413.944s][info][gc,metaspace   ] GC(452) Metaspace: 76986K(78080K)->76986K(78080K) NonClass: 67592K(68160K)->67592K(68160K) Class: 9394K(9920K)->9394K(9920K)
[413.944s][info][gc             ] GC(452) Pause Young (Normal) (G1 Evacuation Pause) 1254M->985M(4096M) 113.515ms
[413.944s][info][gc,cpu         ] GC(452) User=0.59s Sys=0.00s Real=0.11s
[414.537s][info][gc,start       ] GC(453) Pause Full (System.gc())
[414.537s][info][gc,task        ] GC(453) Using 6 workers of 6 for full compaction
[414.538s][info][gc,phases,start] GC(453) Phase 1: Mark live objects
[414.567s][info][gc,phases      ] GC(453) Phase 1: Mark live objects 29.168ms
[414.567s][info][gc,phases,start] GC(453) Phase 2: Prepare compaction
[414.569s][info][gc,phases      ] GC(453) Phase 2: Prepare compaction 1.644ms
[414.569s][info][gc,phases,start] GC(453) Phase 3: Adjust pointers
[414.580s][info][gc,phases      ] GC(453) Phase 3: Adjust pointers 11.451ms
[414.580s][info][gc,phases,start] GC(453) Phase 4: Compact heap
[414.582s][info][gc,phases      ] GC(453) Phase 4: Compact heap 1.464ms
[414.582s][info][gc,phases,start] GC(453) Phase 5: Reset Metadata
[414.588s][info][gc,phases      ] GC(453) Phase 5: Reset Metadata 6.678ms
[414.605s][info][gc,heap        ] GC(453) Eden regions: 458->0(700)
[414.605s][info][gc,heap        ] GC(453) Survivor regions: 26->0(31)
[414.605s][info][gc,heap        ] GC(453) Old regions: 322->78
[414.605s][info][gc,heap        ] GC(453) Humongous regions: 283->3
[414.605s][info][gc,metaspace   ] GC(453) Metaspace: 76986K(78080K)->76986K(78080K) NonClass: 67592K(68160K)->67592K(68160K) Class: 9394K(9920K)->9394K(9920K)
[414.605s][info][gc             ] GC(453) Pause Full (System.gc()) 2169M->154M(4096M) 67.303ms
[414.605s][info][gc,cpu         ] GC(453) User=0.05s Sys=0.00s Real=0.06s
[415.233s][info][gc,start       ] GC(454) Pause Young (Normal) (G1 Evacuation Pause)
[415.233s][info][gc,task        ] GC(454) Using 6 workers of 6 for evacuation
[415.371s][info][gc,phases      ] GC(454)   Pre Evacuate Collection Set: 0.3ms
[415.371s][info][gc,phases      ] GC(454)   Merge Heap Roots: 0.4ms
[415.371s][info][gc,phases      ] GC(454)   Evacuate Collection Set: 135.7ms
[415.371s][info][gc,phases      ] GC(454)   Post Evacuate Collection Set: 0.9ms
[415.371s][info][gc,phases      ] GC(454)   Other: 0.1ms
[415.371s][info][gc,heap        ] GC(454) Eden regions: 747->0(702)
[415.371s][info][gc,heap        ] GC(454) Survivor regions: 0->84(94)
[415.371s][info][gc,heap        ] GC(454) Old regions: 78->78
[415.371s][info][gc,heap        ] GC(454) Humongous regions: 42->39
[415.371s][info][gc,metaspace   ] GC(454) Metaspace: 76986K(78080K)->76986K(78080K) NonClass: 67592K(68160K)->67592K(68160K) Class: 9394K(9920K)->9394K(9920K)
[415.371s][info][gc             ] GC(454) Pause Young (Normal) (G1 Evacuation Pause) 1726M->394M(4096M) 137.674ms
[415.371s][info][gc,cpu         ] GC(454) User=0.77s Sys=0.00s Real=0.14s
[416.394s][info][gc,start       ] GC(455) Pause Young (Normal) (G1 Evacuation Pause)
[416.394s][info][gc,task        ] GC(455) Using 6 workers of 6 for evacuation
[416.668s][info][gc,mmu         ] GC(455) MMU target violated: 201.0ms (200.0ms/201.0ms)
[416.668s][info][gc,phases      ] GC(455)   Pre Evacuate Collection Set: 0.3ms
[416.668s][info][gc,phases      ] GC(455)   Merge Heap Roots: 0.9ms
[416.668s][info][gc,phases      ] GC(455)   Evacuate Collection Set: 271.5ms
[416.668s][info][gc,phases      ] GC(455)   Post Evacuate Collection Set: 1.0ms
[416.668s][info][gc,phases      ] GC(455)   Other: 0.2ms
[416.668s][info][gc,heap        ] GC(455) Eden regions: 686->0(220)
[416.668s][info][gc,heap        ] GC(455) Survivor regions: 84->91(97)
[416.668s][info][gc,heap        ] GC(455) Old regions: 78->160
[416.668s][info][gc,heap        ] GC(455) Humongous regions: 102->95
[416.668s][info][gc,metaspace   ] GC(455) Metaspace: 76986K(78080K)->76986K(78080K) NonClass: 67592K(68160K)->67592K(68160K) Class: 9394K(9920K)->9394K(9920K)
[416.668s][info][gc             ] GC(455) Pause Young (Normal) (G1 Evacuation Pause) 1892M->682M(4096M) 274.102ms
[416.668s][info][gc,cpu         ] GC(455) User=1.59s Sys=0.00s Real=0.27s
[416.858s][info][gc,start       ] GC(456) Pause Young (Normal) (G1 Evacuation Pause)
[416.858s][info][gc,task        ] GC(456) Using 6 workers of 6 for evacuation
[416.972s][info][gc,phases      ] GC(456)   Pre Evacuate Collection Set: 0.3ms
[416.972s][info][gc,phases      ] GC(456)   Merge Heap Roots: 0.5ms
[416.972s][info][gc,phases      ] GC(456)   Evacuate Collection Set: 112.0ms
[416.972s][info][gc,phases      ] GC(456)   Post Evacuate Collection Set: 0.5ms
[416.972s][info][gc,phases      ] GC(456)   Other: 0.1ms
[416.972s][info][gc,heap        ] GC(456) Eden regions: 227->0(753)
[416.972s][info][gc,heap        ] GC(456) Survivor regions: 91->18(40)
[416.972s][info][gc,heap        ] GC(456) Old regions: 160->249
[416.972s][info][gc,heap        ] GC(456) Humongous regions: 95->95
[416.972s][info][gc,metaspace   ] GC(456) Metaspace: 76986K(78080K)->76986K(78080K) NonClass: 67592K(68160K)->67592K(68160K) Class: 9394K(9920K)->9394K(9920K)
[416.972s][info][gc             ] GC(456) Pause Young (Normal) (G1 Evacuation Pause) 1136M->715M(4096M) 113.602ms
[416.972s][info][gc,cpu         ] GC(456) User=0.58s Sys=0.00s Real=0.12s
[418.380s][info][gc,start       ] GC(457) Pause Young (Normal) (G1 Evacuation Pause)
[418.380s][info][gc,task        ] GC(457) Using 6 workers of 6 for evacuation
[418.616s][info][gc,mmu         ] GC(457) MMU target violated: 201.0ms (200.0ms/201.0ms)
[418.616s][info][gc,phases      ] GC(457)   Pre Evacuate Collection Set: 0.3ms
[418.616s][info][gc,phases      ] GC(457)   Merge Heap Roots: 0.5ms
[418.616s][info][gc,phases      ] GC(457)   Evacuate Collection Set: 233.7ms
[418.616s][info][gc,phases      ] GC(457)   Post Evacuate Collection Set: 0.9ms
[418.616s][info][gc,phases      ] GC(457)   Other: 0.2ms
[418.616s][info][gc,heap        ] GC(457) Eden regions: 780->0(60)
[418.616s][info][gc,heap        ] GC(457) Survivor regions: 18->100(100)
[418.616s][info][gc,heap        ] GC(457) Old regions: 249->250
[418.616s][info][gc,heap        ] GC(457) Humongous regions: 183->155
[418.616s][info][gc,metaspace   ] GC(457) Metaspace: 76990K(78080K)->76990K(78080K) NonClass: 67595K(68160K)->67595K(68160K) Class: 9394K(9920K)->9394K(9920K)
[418.616s][info][gc             ] GC(457) Pause Young (Normal) (G1 Evacuation Pause) 2451M->1001M(4096M) 235.764ms
[418.616s][info][gc,cpu         ] GC(457) User=1.33s Sys=0.00s Real=0.24s
[418.760s][info][gc,start       ] GC(458) Pause Young (Normal) (G1 Evacuation Pause)
[418.760s][info][gc,task        ] GC(458) Using 6 workers of 6 for evacuation
[418.873s][info][gc,phases      ] GC(458)   Pre Evacuate Collection Set: 0.3ms
[418.873s][info][gc,phases      ] GC(458)   Merge Heap Roots: 0.5ms
[418.873s][info][gc,phases      ] GC(458)   Evacuate Collection Set: 112.1ms
[418.873s][info][gc,phases      ] GC(458)   Post Evacuate Collection Set: 0.4ms
[418.873s][info][gc,phases      ] GC(458)   Other: 0.1ms
[418.873s][info][gc,heap        ] GC(458) Eden regions: 56->0(955)
[418.873s][info][gc,heap        ] GC(458) Survivor regions: 100->10(20)
[418.873s][info][gc,heap        ] GC(458) Old regions: 250->348
[418.873s][info][gc,heap        ] GC(458) Humongous regions: 227->191
[418.873s][info][gc,metaspace   ] GC(458) Metaspace: 76990K(78080K)->76990K(78080K) NonClass: 67596K(68160K)->67596K(68160K) Class: 9394K(9920K)->9394K(9920K)
[418.873s][info][gc             ] GC(458) Pause Young (Normal) (G1 Evacuation Pause) 1257M->1090M(4096M) 113.486ms
[418.873s][info][gc,cpu         ] GC(458) User=0.56s Sys=0.00s Real=0.11s
[419.214s][info][gc,start       ] GC(459) Pause Full (System.gc())
[419.215s][info][gc,task        ] GC(459) Using 6 workers of 6 for full compaction
[419.215s][info][gc,phases,start] GC(459) Phase 1: Mark live objects
[419.245s][info][gc,phases      ] GC(459) Phase 1: Mark live objects 29.756ms
[419.245s][info][gc,phases,start] GC(459) Phase 2: Prepare compaction
[419.246s][info][gc,phases      ] GC(459) Phase 2: Prepare compaction 1.496ms
[419.246s][info][gc,phases,start] GC(459) Phase 3: Adjust pointers
[419.259s][info][gc,phases      ] GC(459) Phase 3: Adjust pointers 13.186ms
[419.260s][info][gc,phases,start] GC(459) Phase 4: Compact heap
[419.261s][info][gc,phases      ] GC(459) Phase 4: Compact heap 1.921ms
[419.262s][info][gc,phases,start] GC(459) Phase 5: Reset Metadata
[419.268s][info][gc,phases      ] GC(459) Phase 5: Reset Metadata 6.415ms
[419.284s][info][gc,heap        ] GC(459) Eden regions: 386->0(1084)
[419.284s][info][gc,heap        ] GC(459) Survivor regions: 10->0(20)
[419.284s][info][gc,heap        ] GC(459) Old regions: 348->77
[419.284s][info][gc,heap        ] GC(459) Humongous regions: 248->3
[419.284s][info][gc,metaspace   ] GC(459) Metaspace: 76990K(78080K)->76990K(78080K) NonClass: 67596K(68160K)->67596K(68160K) Class: 9394K(9920K)->9394K(9920K)
[419.284s][info][gc             ] GC(459) Pause Full (System.gc()) 1974M->154M(4096M) 69.630ms
[419.284s][info][gc,cpu         ] GC(459) User=0.12s Sys=0.00s Real=0.06s
[420.766s][info][gc,start       ] GC(460) Pause Young (Normal) (G1 Evacuation Pause)
[420.766s][info][gc,task        ] GC(460) Using 6 workers of 6 for evacuation
[421.021s][info][gc,mmu         ] GC(460) MMU target violated: 201.0ms (200.0ms/201.0ms)
[421.021s][info][gc,phases      ] GC(460)   Pre Evacuate Collection Set: 0.3ms
[421.021s][info][gc,phases      ] GC(460)   Merge Heap Roots: 0.7ms
[421.021s][info][gc,phases      ] GC(460)   Evacuate Collection Set: 252.3ms
[421.021s][info][gc,phases      ] GC(460)   Post Evacuate Collection Set: 1.3ms
[421.021s][info][gc,phases      ] GC(460)   Other: 0.2ms
[421.021s][info][gc,heap        ] GC(460) Eden regions: 1119->0(857)
[421.021s][info][gc,heap        ] GC(460) Survivor regions: 0->140(140)
[421.021s][info][gc,heap        ] GC(460) Old regions: 77->78
[421.021s][info][gc,heap        ] GC(460) Humongous regions: 81->71
[421.021s][info][gc,metaspace   ] GC(460) Metaspace: 76995K(78080K)->76995K(78080K) NonClass: 67601K(68160K)->67601K(68160K) Class: 9394K(9920K)->9394K(9920K)
[421.021s][info][gc             ] GC(460) Pause Young (Normal) (G1 Evacuation Pause) 2548M->572M(4096M) 254.986ms
[421.021s][info][gc,cpu         ] GC(460) User=1.44s Sys=0.00s Real=0.25s
[422.249s][info][gc,start       ] GC(461) Pause Young (Normal) (G1 Evacuation Pause)
[422.249s][info][gc,task        ] GC(461) Using 6 workers of 6 for evacuation
[422.570s][info][gc,mmu         ] GC(461) MMU target violated: 201.0ms (200.0ms/201.0ms)
[422.570s][info][gc,phases      ] GC(461)   Pre Evacuate Collection Set: 0.3ms
[422.570s][info][gc,phases      ] GC(461)   Merge Heap Roots: 1.0ms
[422.570s][info][gc,phases      ] GC(461)   Evacuate Collection Set: 318.7ms
[422.570s][info][gc,phases      ] GC(461)   Post Evacuate Collection Set: 1.1ms
[422.570s][info][gc,phases      ] GC(461)   Other: 0.2ms
[422.570s][info][gc,heap        ] GC(461) Eden regions: 813->0(181)
[422.570s][info][gc,heap        ] GC(461) Survivor regions: 140->73(120)
[422.570s][info][gc,heap        ] GC(461) Old regions: 78->218
[422.570s][info][gc,heap        ] GC(461) Humongous regions: 141->127
[422.570s][info][gc,metaspace   ] GC(461) Metaspace: 76997K(78080K)->76997K(78080K) NonClass: 67602K(68160K)->67602K(68160K) Class: 9394K(9920K)->9394K(9920K)
[422.570s][info][gc             ] GC(461) Pause Young (Normal) (G1 Evacuation Pause) 2338M->829M(4096M) 321.470ms
[422.570s][info][gc,cpu         ] GC(461) User=1.89s Sys=0.00s Real=0.33s
[422.914s][info][gc,start       ] GC(462) Pause Young (Normal) (G1 Evacuation Pause)
[422.914s][info][gc,task        ] GC(462) Using 6 workers of 6 for evacuation
[423.058s][info][gc,phases      ] GC(462)   Pre Evacuate Collection Set: 0.3ms
[423.058s][info][gc,phases      ] GC(462)   Merge Heap Roots: 0.5ms
[423.058s][info][gc,phases      ] GC(462)   Evacuate Collection Set: 142.2ms
[423.058s][info][gc,phases      ] GC(462)   Post Evacuate Collection Set: 0.7ms
[423.058s][info][gc,phases      ] GC(462)   Other: 0.1ms
[423.058s][info][gc,heap        ] GC(462) Eden regions: 212->0(641)
[423.058s][info][gc,heap        ] GC(462) Survivor regions: 73->25(36)
[423.058s][info][gc,heap        ] GC(462) Old regions: 218->289
[423.058s][info][gc,heap        ] GC(462) Humongous regions: 146->139
[423.058s][info][gc,metaspace   ] GC(462) Metaspace: 76997K(78080K)->76997K(78080K) NonClass: 67602K(68160K)->67602K(68160K) Class: 9394K(9920K)->9394K(9920K)
[423.058s][info][gc             ] GC(462) Pause Young (Normal) (G1 Evacuation Pause) 1291M->900M(4096M) 143.881ms
[423.058s][info][gc,cpu         ] GC(462) User=0.77s Sys=0.00s Real=0.14s
[423.993s][info][gc,start       ] GC(463) Pause Young (Normal) (G1 Evacuation Pause)
[423.994s][info][gc,task        ] GC(463) Using 6 workers of 6 for evacuation
[424.143s][info][gc,phases      ] GC(463)   Pre Evacuate Collection Set: 0.4ms
[424.143s][info][gc,phases      ] GC(463)   Merge Heap Roots: 1.0ms
[424.143s][info][gc,phases      ] GC(463)   Evacuate Collection Set: 146.9ms
[424.143s][info][gc,phases      ] GC(463)   Post Evacuate Collection Set: 0.8ms
[424.143s][info][gc,phases      ] GC(463)   Other: 0.2ms
[424.143s][info][gc,heap        ] GC(463) Eden regions: 655->0(185)
[424.143s][info][gc,heap        ] GC(463) Survivor regions: 25->85(85)
[424.143s][info][gc,heap        ] GC(463) Old regions: 289->297
[424.143s][info][gc,heap        ] GC(463) Humongous regions: 285->193
[424.143s][info][gc,metaspace   ] GC(463) Metaspace: 76997K(78080K)->76997K(78080K) NonClass: 67603K(68160K)->67603K(68160K) Class: 9394K(9920K)->9394K(9920K)
[424.143s][info][gc             ] GC(463) Pause Young (Normal) (G1 Evacuation Pause) 2502M->1143M(4096M) 149.530ms
[424.143s][info][gc,cpu         ] GC(463) User=0.86s Sys=0.00s Real=0.16s
[424.188s][info][gc,start       ] GC(464) Pause Full (System.gc())
[424.188s][info][gc,task        ] GC(464) Using 6 workers of 6 for full compaction
[424.189s][info][gc,phases,start] GC(464) Phase 1: Mark live objects
[424.217s][info][gc,phases      ] GC(464) Phase 1: Mark live objects 28.491ms
[424.217s][info][gc,phases,start] GC(464) Phase 2: Prepare compaction
[424.218s][info][gc,phases      ] GC(464) Phase 2: Prepare compaction 1.252ms
[424.218s][info][gc,phases,start] GC(464) Phase 3: Adjust pointers
[424.229s][info][gc,phases      ] GC(464) Phase 3: Adjust pointers 11.063ms
[424.230s][info][gc,phases,start] GC(464) Phase 4: Compact heap
[424.231s][info][gc,phases      ] GC(464) Phase 4: Compact heap 1.005ms
[424.231s][info][gc,phases,start] GC(464) Phase 5: Reset Metadata
[424.238s][info][gc,phases      ] GC(464) Phase 5: Reset Metadata 7.699ms
[424.255s][info][gc,heap        ] GC(464) Eden regions: 85->0(897)
[424.255s][info][gc,heap        ] GC(464) Survivor regions: 85->0(85)
[424.255s][info][gc,heap        ] GC(464) Old regions: 297->78
[424.255s][info][gc,heap        ] GC(464) Humongous regions: 193->3
[424.255s][info][gc,metaspace   ] GC(464) Metaspace: 76997K(78080K)->76997K(78080K) NonClass: 67603K(68160K)->67603K(68160K) Class: 9394K(9920K)->9394K(9920K)
[424.255s][info][gc             ] GC(464) Pause Full (System.gc()) 1313M->154M(4096M) 66.625ms
[424.255s][info][gc,cpu         ] GC(464) User=0.05s Sys=0.00s Real=0.06s
[425.583s][info][gc,start       ] GC(465) Pause Young (Normal) (G1 Evacuation Pause)
[425.583s][info][gc,task        ] GC(465) Using 6 workers of 6 for evacuation
[425.793s][info][gc,mmu         ] GC(465) MMU target violated: 201.0ms (200.0ms/201.0ms)
[425.793s][info][gc,phases      ] GC(465)   Pre Evacuate Collection Set: 0.3ms
[425.793s][info][gc,phases      ] GC(465)   Merge Heap Roots: 0.5ms
[425.793s][info][gc,phases      ] GC(465)   Evacuate Collection Set: 207.8ms
[425.793s][info][gc,phases      ] GC(465)   Post Evacuate Collection Set: 1.1ms
[425.793s][info][gc,phases      ] GC(465)   Other: 0.2ms
[425.793s][info][gc,heap        ] GC(465) Eden regions: 954->0(826)
[425.793s][info][gc,heap        ] GC(465) Survivor regions: 0->103(120)
[425.793s][info][gc,heap        ] GC(465) Old regions: 78->78
[425.793s][info][gc,heap        ] GC(465) Humongous regions: 69->59
[425.793s][info][gc,metaspace   ] GC(465) Metaspace: 76998K(78080K)->76998K(78080K) NonClass: 67604K(68160K)->67604K(68160K) Class: 9394K(9920K)->9394K(9920K)
[425.793s][info][gc             ] GC(465) Pause Young (Normal) (G1 Evacuation Pause) 2194M->472M(4096M) 210.069ms
[425.793s][info][gc,cpu         ] GC(465) User=1.22s Sys=0.00s Real=0.20s
[426.817s][info][gc,start       ] GC(466) Pause Young (Normal) (G1 Evacuation Pause)
[426.818s][info][gc,task        ] GC(466) Using 6 workers of 6 for evacuation
[427.100s][info][gc,mmu         ] GC(466) MMU target violated: 201.0ms (200.0ms/201.0ms)
[427.100s][info][gc,phases      ] GC(466)   Pre Evacuate Collection Set: 0.3ms
[427.100s][info][gc,phases      ] GC(466)   Merge Heap Roots: 0.8ms
[427.100s][info][gc,phases      ] GC(466)   Evacuate Collection Set: 280.0ms
[427.100s][info][gc,phases      ] GC(466)   Post Evacuate Collection Set: 1.3ms
[427.100s][info][gc,phases      ] GC(466)   Other: 0.2ms
[427.100s][info][gc,heap        ] GC(466) Eden regions: 797->0(113)
[427.100s][info][gc,heap        ] GC(466) Survivor regions: 103->88(113)
[427.100s][info][gc,heap        ] GC(466) Old regions: 78->179
[427.100s][info][gc,heap        ] GC(466) Humongous regions: 103->103
[427.100s][info][gc,metaspace   ] GC(466) Metaspace: 76998K(78080K)->76998K(78080K) NonClass: 67604K(68160K)->67604K(68160K) Class: 9394K(9920K)->9394K(9920K)
[427.100s][info][gc             ] GC(466) Pause Young (Normal) (G1 Evacuation Pause) 2154M->731M(4096M) 282.818ms
[427.100s][info][gc,cpu         ] GC(466) User=1.69s Sys=0.00s Real=0.27s
[427.377s][info][gc,start       ] GC(467) Pause Young (Normal) (G1 Evacuation Pause)
[427.377s][info][gc,task        ] GC(467) Using 6 workers of 6 for evacuation
[427.520s][info][gc,phases      ] GC(467)   Pre Evacuate Collection Set: 0.3ms
[427.520s][info][gc,phases      ] GC(467)   Merge Heap Roots: 0.4ms
[427.520s][info][gc,phases      ] GC(467)   Evacuate Collection Set: 141.2ms
[427.520s][info][gc,phases      ] GC(467)   Post Evacuate Collection Set: 0.7ms
[427.520s][info][gc,phases      ] GC(467)   Other: 0.1ms
[427.520s][info][gc,heap        ] GC(467) Eden regions: 153->0(843)
[427.520s][info][gc,heap        ] GC(467) Survivor regions: 88->18(31)
[427.520s][info][gc,heap        ] GC(467) Old regions: 179->267
[427.520s][info][gc,heap        ] GC(467) Humongous regions: 129->115
[427.520s][info][gc,metaspace   ] GC(467) Metaspace: 77001K(78080K)->77001K(78080K) NonClass: 67607K(68160K)->67607K(68160K) Class: 9394K(9920K)->9394K(9920K)
[427.520s][info][gc             ] GC(467) Pause Young (Normal) (G1 Evacuation Pause) 1089M->792M(4096M) 142.840ms
[427.520s][info][gc,cpu         ] GC(467) User=0.78s Sys=0.00s Real=0.14s
[428.727s][info][gc,start       ] GC(468) Pause Young (Normal) (G1 Evacuation Pause)
[428.727s][info][gc,task        ] GC(468) Using 6 workers of 6 for evacuation
[428.946s][info][gc,mmu         ] GC(468) MMU target violated: 201.0ms (200.0ms/201.0ms)
[428.947s][info][gc,phases      ] GC(468)   Pre Evacuate Collection Set: 0.4ms
[428.947s][info][gc,phases      ] GC(468)   Merge Heap Roots: 0.9ms
[428.947s][info][gc,phases      ] GC(468)   Evacuate Collection Set: 216.8ms
[428.947s][info][gc,phases      ] GC(468)   Post Evacuate Collection Set: 0.9ms
[428.947s][info][gc,phases      ] GC(468)   Other: 0.2ms
[428.947s][info][gc,heap        ] GC(468) Eden regions: 832->0(1)
[428.947s][info][gc,heap        ] GC(468) Survivor regions: 18->107(107)
[428.947s][info][gc,heap        ] GC(468) Old regions: 267->268
[428.947s][info][gc,heap        ] GC(468) Humongous regions: 301->197
[428.947s][info][gc,metaspace   ] GC(468) Metaspace: 77024K(78080K)->77024K(78080K) NonClass: 67630K(68160K)->67630K(68160K) Class: 9394K(9920K)->9394K(9920K)
[428.947s][info][gc             ] GC(468) Pause Young (Normal) (G1 Evacuation Pause) 2828M->1135M(4096M) 219.501ms
[428.947s][info][gc,cpu         ] GC(468) User=1.33s Sys=0.00s Real=0.22s
[428.965s][info][gc,start       ] GC(469) Pause Young (Normal) (G1 Evacuation Pause)
[428.965s][info][gc,task        ] GC(469) Using 6 workers of 6 for evacuation
[429.073s][info][gc,phases      ] GC(469)   Pre Evacuate Collection Set: 0.3ms
[429.073s][info][gc,phases      ] GC(469)   Merge Heap Roots: 0.6ms
[429.073s][info][gc,phases      ] GC(469)   Evacuate Collection Set: 106.3ms
[429.073s][info][gc,phases      ] GC(469)   Post Evacuate Collection Set: 0.6ms
[429.073s][info][gc,phases      ] GC(469)   Other: 0.1ms
[429.073s][info][gc,heap        ] GC(469) Eden regions: 29->0(1099)
[429.073s][info][gc,heap        ] GC(469) Survivor regions: 107->3(17)
[429.073s][info][gc,heap        ] GC(469) Old regions: 268->375
[429.073s][info][gc,heap        ] GC(469) Humongous regions: 197->197
[429.073s][info][gc,metaspace   ] GC(469) Metaspace: 77024K(78080K)->77024K(78080K) NonClass: 67630K(68160K)->67630K(68160K) Class: 9394K(9920K)->9394K(9920K)
[429.073s][info][gc             ] GC(469) Pause Young (Normal) (G1 Evacuation Pause) 1193M->1142M(4096M) 108.094ms
[429.073s][info][gc,cpu         ] GC(469) User=0.58s Sys=0.00s Real=0.11s
[429.138s][info][gc,start       ] GC(470) Pause Full (System.gc())
[429.138s][info][gc,task        ] GC(470) Using 6 workers of 6 for full compaction
[429.139s][info][gc,phases,start] GC(470) Phase 1: Mark live objects
[429.168s][info][gc,phases      ] GC(470) Phase 1: Mark live objects 29.390ms
[429.168s][info][gc,phases,start] GC(470) Phase 2: Prepare compaction
[429.169s][info][gc,phases      ] GC(470) Phase 2: Prepare compaction 1.466ms
[429.170s][info][gc,phases,start] GC(470) Phase 3: Adjust pointers
[429.181s][info][gc,phases      ] GC(470) Phase 3: Adjust pointers 11.249ms
[429.181s][info][gc,phases,start] GC(470) Phase 4: Compact heap
[429.182s][info][gc,phases      ] GC(470) Phase 4: Compact heap 1.478ms
[429.182s][info][gc,phases,start] GC(470) Phase 5: Reset Metadata
[429.189s][info][gc,phases      ] GC(470) Phase 5: Reset Metadata 6.665ms
[429.205s][info][gc,heap        ] GC(470) Eden regions: 117->0(1125)
[429.205s][info][gc,heap        ] GC(470) Survivor regions: 3->0(17)
[429.205s][info][gc,heap        ] GC(470) Old regions: 375->77
[429.205s][info][gc,heap        ] GC(470) Humongous regions: 199->3
[429.205s][info][gc,metaspace   ] GC(470) Metaspace: 77024K(78080K)->77024K(78080K) NonClass: 67630K(68160K)->67630K(68160K) Class: 9394K(9920K)->9394K(9920K)
[429.205s][info][gc             ] GC(470) Pause Full (System.gc()) 1380M->153M(4096M) 67.178ms
[429.205s][info][gc,cpu         ] GC(470) User=0.12s Sys=0.00s Real=0.06s
[430.717s][info][gc,start       ] GC(471) Pause Young (Normal) (G1 Evacuation Pause)
[430.717s][info][gc,task        ] GC(471) Using 6 workers of 6 for evacuation
[430.975s][info][gc,mmu         ] GC(471) MMU target violated: 201.0ms (200.0ms/201.0ms)
[430.975s][info][gc,phases      ] GC(471)   Pre Evacuate Collection Set: 0.3ms
[430.975s][info][gc,phases      ] GC(471)   Merge Heap Roots: 0.6ms
[430.975s][info][gc,phases      ] GC(471)   Evacuate Collection Set: 255.2ms
[430.975s][info][gc,phases      ] GC(471)   Post Evacuate Collection Set: 1.4ms
[430.975s][info][gc,phases      ] GC(471)   Other: 0.2ms
[430.975s][info][gc,heap        ] GC(471) Eden regions: 1157->0(936)
[430.975s][info][gc,heap        ] GC(471) Survivor regions: 0->145(145)
[430.975s][info][gc,heap        ] GC(471) Old regions: 77->78
[430.975s][info][gc,heap        ] GC(471) Humongous regions: 82->72
[430.975s][info][gc,metaspace   ] GC(471) Metaspace: 77076K(78144K)->77076K(78144K) NonClass: 67682K(68224K)->67682K(68224K) Class: 9394K(9920K)->9394K(9920K)
[430.975s][info][gc             ] GC(471) Pause Young (Normal) (G1 Evacuation Pause) 2625M->582M(4096M) 257.829ms
[430.975s][info][gc,cpu         ] GC(471) User=1.50s Sys=0.00s Real=0.25s
[432.339s][info][gc,start       ] GC(472) Pause Young (Normal) (G1 Evacuation Pause)
[432.339s][info][gc,task        ] GC(472) Using 6 workers of 6 for evacuation
[432.688s][info][gc,mmu         ] GC(472) MMU target violated: 201.0ms (200.0ms/201.0ms)
[432.688s][info][gc,phases      ] GC(472)   Pre Evacuate Collection Set: 0.3ms
[432.688s][info][gc,phases      ] GC(472)   Merge Heap Roots: 1.0ms
[432.688s][info][gc,phases      ] GC(472)   Evacuate Collection Set: 346.1ms
[432.688s][info][gc,phases      ] GC(472)   Post Evacuate Collection Set: 1.1ms
[432.688s][info][gc,phases      ] GC(472)   Other: 0.2ms
[432.688s][info][gc,heap        ] GC(472) Eden regions: 890->0(146)
[432.688s][info][gc,heap        ] GC(472) Survivor regions: 145->82(130)
[432.688s][info][gc,heap        ] GC(472) Old regions: 78->221
[432.688s][info][gc,heap        ] GC(472) Humongous regions: 152->131
[432.688s][info][gc,metaspace   ] GC(472) Metaspace: 77082K(78144K)->77082K(78144K) NonClass: 67688K(68224K)->67688K(68224K) Class: 9394K(9920K)->9394K(9920K)
[432.688s][info][gc             ] GC(472) Pause Young (Normal) (G1 Evacuation Pause) 2522M->860M(4096M) 348.865ms
[432.688s][info][gc,cpu         ] GC(472) User=1.98s Sys=0.02s Real=0.35s
[433.004s][info][gc,start       ] GC(473) Pause Young (Normal) (G1 Evacuation Pause)
[433.004s][info][gc,task        ] GC(473) Using 6 workers of 6 for evacuation
[433.131s][info][gc,phases      ] GC(473)   Pre Evacuate Collection Set: 0.3ms
[433.131s][info][gc,phases      ] GC(473)   Merge Heap Roots: 0.5ms
[433.131s][info][gc,phases      ] GC(473)   Evacuate Collection Set: 125.3ms
[433.131s][info][gc,phases      ] GC(473)   Post Evacuate Collection Set: 1.0ms
[433.131s][info][gc,phases      ] GC(473)   Other: 0.1ms
[433.131s][info][gc,heap        ] GC(473) Eden regions: 194->0(432)
[433.131s][info][gc,heap        ] GC(473) Survivor regions: 82->18(35)
[433.131s][info][gc,heap        ] GC(473) Old regions: 221->302
[433.131s][info][gc,heap        ] GC(473) Humongous regions: 146->139
[433.131s][info][gc,metaspace   ] GC(473) Metaspace: 77082K(78144K)->77082K(78144K) NonClass: 67688K(68224K)->67688K(68224K) Class: 9394K(9920K)->9394K(9920K)
[433.131s][info][gc             ] GC(473) Pause Young (Normal) (G1 Evacuation Pause) 1278M->910M(4096M) 127.428ms
[433.131s][info][gc,cpu         ] GC(473) User=0.69s Sys=0.00s Real=0.13s
[433.834s][info][gc,start       ] GC(474) Pause Young (Normal) (G1 Evacuation Pause)
[433.834s][info][gc,task        ] GC(474) Using 6 workers of 6 for evacuation
[433.961s][info][gc,phases      ] GC(474)   Pre Evacuate Collection Set: 0.3ms
[433.961s][info][gc,phases      ] GC(474)   Merge Heap Roots: 0.6ms
[433.961s][info][gc,phases      ] GC(474)   Evacuate Collection Set: 124.7ms
[433.961s][info][gc,phases      ] GC(474)   Post Evacuate Collection Set: 0.6ms
[433.961s][info][gc,phases      ] GC(474)   Other: 0.1ms
[433.961s][info][gc,heap        ] GC(474) Eden regions: 448->0(282)
[433.961s][info][gc,heap        ] GC(474) Survivor regions: 18->59(59)
[433.961s][info][gc,heap        ] GC(474) Old regions: 302->315
[433.961s][info][gc,heap        ] GC(474) Humongous regions: 271->188
[433.961s][info][gc,metaspace   ] GC(474) Metaspace: 77082K(78144K)->77082K(78144K) NonClass: 67688K(68224K)->67688K(68224K) Class: 9394K(9920K)->9394K(9920K)
[433.961s][info][gc             ] GC(474) Pause Young (Normal) (G1 Evacuation Pause) 2070M->1116M(4096M) 126.532ms
[433.961s][info][gc,cpu         ] GC(474) User=0.67s Sys=0.00s Real=0.12s
[434.077s][info][gc,start       ] GC(475) Pause Full (System.gc())
[434.077s][info][gc,task        ] GC(475) Using 6 workers of 6 for full compaction
[434.077s][info][gc,phases,start] GC(475) Phase 1: Mark live objects
[434.106s][info][gc,phases      ] GC(475) Phase 1: Mark live objects 29.033ms
[434.106s][info][gc,phases,start] GC(475) Phase 2: Prepare compaction
[434.107s][info][gc,phases      ] GC(475) Phase 2: Prepare compaction 1.272ms
[434.107s][info][gc,phases,start] GC(475) Phase 3: Adjust pointers
[434.120s][info][gc,phases      ] GC(475) Phase 3: Adjust pointers 13.083ms
[434.120s][info][gc,phases,start] GC(475) Phase 4: Compact heap
[434.122s][info][gc,phases      ] GC(475) Phase 4: Compact heap 1.615ms
[434.122s][info][gc,phases,start] GC(475) Phase 5: Reset Metadata
[434.130s][info][gc,phases      ] GC(475) Phase 5: Reset Metadata 7.669ms
[434.146s][info][gc,heap        ] GC(475) Eden regions: 192->0(516)
[434.146s][info][gc,heap        ] GC(475) Survivor regions: 59->0(59)
[434.146s][info][gc,heap        ] GC(475) Old regions: 315->78
[434.146s][info][gc,heap        ] GC(475) Humongous regions: 190->3
[434.146s][info][gc,metaspace   ] GC(475) Metaspace: 77082K(78144K)->77082K(78144K) NonClass: 67688K(68224K)->67688K(68224K) Class: 9394K(9920K)->9394K(9920K)
[434.146s][info][gc             ] GC(475) Pause Full (System.gc()) 1504M->154M(4096M) 69.689ms
[434.146s][info][gc,cpu         ] GC(475) User=0.22s Sys=0.00s Real=0.08s
[434.610s][info][gc,start       ] GC(476) Pause Young (Normal) (G1 Evacuation Pause)
[434.611s][info][gc,task        ] GC(476) Using 6 workers of 6 for evacuation
[434.724s][info][gc,phases      ] GC(476)   Pre Evacuate Collection Set: 0.3ms
[434.724s][info][gc,phases      ] GC(476)   Merge Heap Roots: 0.4ms
[434.724s][info][gc,phases      ] GC(476)   Evacuate Collection Set: 112.0ms
[434.724s][info][gc,phases      ] GC(476)   Post Evacuate Collection Set: 0.7ms
[434.724s][info][gc,phases      ] GC(476)   Other: 0.1ms
[434.724s][info][gc,heap        ] GC(476) Eden regions: 544->0(550)
[434.724s][info][gc,heap        ] GC(476) Survivor regions: 0->68(68)
[434.724s][info][gc,heap        ] GC(476) Old regions: 78->84
[434.724s][info][gc,heap        ] GC(476) Humongous regions: 42->39
[434.724s][info][gc,metaspace   ] GC(476) Metaspace: 77087K(78144K)->77087K(78144K) NonClass: 67693K(68224K)->67693K(68224K) Class: 9394K(9920K)->9394K(9920K)
[434.724s][info][gc             ] GC(476) Pause Young (Normal) (G1 Evacuation Pause) 1320M->373M(4096M) 113.718ms
[434.724s][info][gc,cpu         ] GC(476) User=0.67s Sys=0.00s Real=0.11s
[435.680s][info][gc,start       ] GC(477) Pause Young (Normal) (G1 Evacuation Pause)
[435.680s][info][gc,task        ] GC(477) Using 6 workers of 6 for evacuation
[435.879s][info][gc,phases      ] GC(477)   Pre Evacuate Collection Set: 0.3ms
[435.879s][info][gc,phases      ] GC(477)   Merge Heap Roots: 0.4ms
[435.879s][info][gc,phases      ] GC(477)   Evacuate Collection Set: 197.7ms
[435.879s][info][gc,phases      ] GC(477)   Post Evacuate Collection Set: 0.8ms
[435.879s][info][gc,phases      ] GC(477)   Other: 0.1ms
[435.879s][info][gc,heap        ] GC(477) Eden regions: 556->0(251)
[435.879s][info][gc,heap        ] GC(477) Survivor regions: 68->72(78)
[435.879s][info][gc,heap        ] GC(477) Old regions: 84->151
[435.879s][info][gc,heap        ] GC(477) Humongous regions: 78->71
[435.879s][info][gc,metaspace   ] GC(477) Metaspace: 77087K(78144K)->77087K(78144K) NonClass: 67693K(68224K)->67693K(68224K) Class: 9394K(9920K)->9394K(9920K)
[435.879s][info][gc             ] GC(477) Pause Young (Normal) (G1 Evacuation Pause) 1563M->578M(4096M) 199.480ms
[435.879s][info][gc,cpu         ] GC(477) User=1.12s Sys=0.00s Real=0.19s
[436.113s][info][gc,start       ] GC(478) Pause Young (Normal) (G1 Evacuation Pause)
[436.113s][info][gc,task        ] GC(478) Using 6 workers of 6 for evacuation
[436.237s][info][gc,phases      ] GC(478)   Pre Evacuate Collection Set: 0.3ms
[436.237s][info][gc,phases      ] GC(478)   Merge Heap Roots: 0.5ms
[436.237s][info][gc,phases      ] GC(478)   Evacuate Collection Set: 122.7ms
[436.237s][info][gc,phases      ] GC(478)   Post Evacuate Collection Set: 0.6ms
[436.237s][info][gc,phases      ] GC(478)   Other: 0.1ms
[436.237s][info][gc,heap        ] GC(478) Eden regions: 267->0(550)
[436.237s][info][gc,heap        ] GC(478) Survivor regions: 72->27(43)
[436.237s][info][gc,heap        ] GC(478) Old regions: 151->222
[436.237s][info][gc,heap        ] GC(478) Humongous regions: 95->95
[436.237s][info][gc,metaspace   ] GC(478) Metaspace: 77087K(78144K)->77087K(78144K) NonClass: 67693K(68224K)->67693K(68224K) Class: 9394K(9920K)->9394K(9920K)
[436.237s][info][gc             ] GC(478) Pause Young (Normal) (G1 Evacuation Pause) 1160M->679M(4096M) 124.396ms
[436.237s][info][gc,cpu         ] GC(478) User=0.67s Sys=0.00s Real=0.12s
[437.215s][info][gc,start       ] GC(479) Pause Young (Normal) (G1 Evacuation Pause)
[437.215s][info][gc,task        ] GC(479) Using 6 workers of 6 for evacuation
[437.382s][info][gc,phases      ] GC(479)   Pre Evacuate Collection Set: 0.3ms
[437.382s][info][gc,phases      ] GC(479)   Merge Heap Roots: 0.4ms
[437.382s][info][gc,phases      ] GC(479)   Evacuate Collection Set: 165.3ms
[437.382s][info][gc,phases      ] GC(479)   Post Evacuate Collection Set: 1.0ms
[437.382s][info][gc,phases      ] GC(479)   Other: 0.1ms
[437.382s][info][gc,heap        ] GC(479) Eden regions: 571->0(170)
[437.382s][info][gc,heap        ] GC(479) Survivor regions: 27->75(75)
[437.382s][info][gc,heap        ] GC(479) Old regions: 222->224
[437.382s][info][gc,heap        ] GC(479) Humongous regions: 141->127
[437.382s][info][gc,metaspace   ] GC(479) Metaspace: 77087K(78144K)->77087K(78144K) NonClass: 67693K(68224K)->67693K(68224K) Class: 9394K(9920K)->9394K(9920K)
[437.382s][info][gc             ] GC(479) Pause Young (Normal) (G1 Evacuation Pause) 1913M->843M(4096M) 167.238ms
[437.382s][info][gc,cpu         ] GC(479) User=0.94s Sys=0.00s Real=0.16s
[437.652s][info][gc,start       ] GC(480) Pause Young (Normal) (G1 Evacuation Pause)
[437.652s][info][gc,task        ] GC(480) Using 6 workers of 6 for evacuation
[437.791s][info][gc,phases      ] GC(480)   Pre Evacuate Collection Set: 0.3ms
[437.791s][info][gc,phases      ] GC(480)   Merge Heap Roots: 0.5ms
[437.791s][info][gc,phases      ] GC(480)   Evacuate Collection Set: 137.0ms
[437.791s][info][gc,phases      ] GC(480)   Post Evacuate Collection Set: 0.6ms
[437.791s][info][gc,phases      ] GC(480)   Other: 0.1ms
[437.791s][info][gc,heap        ] GC(480) Eden regions: 174->0(491)
[437.791s][info][gc,heap        ] GC(480) Survivor regions: 75->24(32)
[437.791s][info][gc,heap        ] GC(480) Old regions: 224->297
[437.791s][info][gc,heap        ] GC(480) Humongous regions: 146->139
[437.791s][info][gc,metaspace   ] GC(480) Metaspace: 77087K(78144K)->77087K(78144K) NonClass: 67693K(68224K)->67693K(68224K) Class: 9394K(9920K)->9394K(9920K)
[437.791s][info][gc             ] GC(480) Pause Young (Normal) (G1 Evacuation Pause) 1229M->910M(4096M) 138.683ms
[437.791s][info][gc,cpu         ] GC(480) User=0.80s Sys=0.00s Real=0.14s
[438.576s][info][gc,start       ] GC(481) Pause Young (Normal) (G1 Evacuation Pause)
[438.576s][info][gc,task        ] GC(481) Using 6 workers of 6 for evacuation
[438.717s][info][gc,phases      ] GC(481)   Pre Evacuate Collection Set: 0.3ms
[438.717s][info][gc,phases      ] GC(481)   Merge Heap Roots: 0.7ms
[438.717s][info][gc,phases      ] GC(481)   Evacuate Collection Set: 139.5ms
[438.717s][info][gc,phases      ] GC(481)   Post Evacuate Collection Set: 0.7ms
[438.717s][info][gc,phases      ] GC(481)   Other: 0.1ms
[438.717s][info][gc,heap        ] GC(481) Eden regions: 491->0(247)
[438.717s][info][gc,heap        ] GC(481) Survivor regions: 24->65(65)
[438.717s][info][gc,heap        ] GC(481) Old regions: 297->311
[438.717s][info][gc,heap        ] GC(481) Humongous regions: 289->195
[438.717s][info][gc,metaspace   ] GC(481) Metaspace: 77087K(78144K)->77087K(78144K) NonClass: 67693K(68224K)->67693K(68224K) Class: 9394K(9920K)->9394K(9920K)
[438.717s][info][gc             ] GC(481) Pause Young (Normal) (G1 Evacuation Pause) 2192M->1132M(4096M) 141.641ms
[438.717s][info][gc,cpu         ] GC(481) User=0.77s Sys=0.00s Real=0.14s
[438.884s][info][gc,start       ] GC(482) Pause Young (Normal) (G1 Evacuation Pause)
[438.884s][info][gc,task        ] GC(482) Using 6 workers of 6 for evacuation
[439.010s][info][gc,phases      ] GC(482)   Pre Evacuate Collection Set: 0.3ms
[439.010s][info][gc,phases      ] GC(482)   Merge Heap Roots: 0.4ms
[439.010s][info][gc,phases      ] GC(482)   Evacuate Collection Set: 125.0ms
[439.010s][info][gc,phases      ] GC(482)   Post Evacuate Collection Set: 0.6ms
[439.010s][info][gc,phases      ] GC(482)   Other: 0.1ms
[439.010s][info][gc,heap        ] GC(482) Eden regions: 263->0(334)
[439.010s][info][gc,heap        ] GC(482) Survivor regions: 65->28(41)
[439.010s][info][gc,heap        ] GC(482) Old regions: 311->377
[439.010s][info][gc,heap        ] GC(482) Humongous regions: 199->199
[439.010s][info][gc,metaspace   ] GC(482) Metaspace: 77087K(78144K)->77087K(78144K) NonClass: 67693K(68224K)->67693K(68224K) Class: 9394K(9920K)->9394K(9920K)
[439.010s][info][gc             ] GC(482) Pause Young (Normal) (G1 Evacuation Pause) 1666M->1200M(4096M) 126.522ms
[439.010s][info][gc,cpu         ] GC(482) User=0.48s Sys=0.00s Real=0.13s
[439.019s][info][gc,start       ] GC(483) Pause Full (System.gc())
[439.019s][info][gc,task        ] GC(483) Using 6 workers of 6 for full compaction
[439.020s][info][gc,phases,start] GC(483) Phase 1: Mark live objects
[439.048s][info][gc,phases      ] GC(483) Phase 1: Mark live objects 28.648ms
[439.048s][info][gc,phases,start] GC(483) Phase 2: Prepare compaction
[439.049s][info][gc,phases      ] GC(483) Phase 2: Prepare compaction 1.085ms
[439.049s][info][gc,phases,start] GC(483) Phase 3: Adjust pointers
[439.061s][info][gc,phases      ] GC(483) Phase 3: Adjust pointers 11.784ms
[439.061s][info][gc,phases,start] GC(483) Phase 4: Compact heap
[439.062s][info][gc,phases      ] GC(483) Phase 4: Compact heap 0.918ms
[439.062s][info][gc,phases,start] GC(483) Phase 5: Reset Metadata
[439.069s][info][gc,phases      ] GC(483) Phase 5: Reset Metadata 6.676ms
[439.085s][info][gc,heap        ] GC(483) Eden regions: 17->0(382)
[439.085s][info][gc,heap        ] GC(483) Survivor regions: 28->0(41)
[439.085s][info][gc,heap        ] GC(483) Old regions: 377->78
[439.085s][info][gc,heap        ] GC(483) Humongous regions: 199->3
[439.085s][info][gc,metaspace   ] GC(483) Metaspace: 77087K(78144K)->77087K(78144K) NonClass: 67693K(68224K)->67693K(68224K) Class: 9394K(9920K)->9394K(9920K)
[439.085s][info][gc             ] GC(483) Pause Full (System.gc()) 1233M->154M(4096M) 65.790ms
[439.085s][info][gc,cpu         ] GC(483) User=0.06s Sys=0.00s Real=0.06s
[439.407s][info][gc,start       ] GC(484) Pause Young (Normal) (G1 Evacuation Pause)
[439.407s][info][gc,task        ] GC(484) Using 6 workers of 6 for evacuation
[439.486s][info][gc,phases      ] GC(484)   Pre Evacuate Collection Set: 0.3ms
[439.486s][info][gc,phases      ] GC(484)   Merge Heap Roots: 0.3ms
[439.486s][info][gc,phases      ] GC(484)   Evacuate Collection Set: 77.8ms
[439.486s][info][gc,phases      ] GC(484)   Post Evacuate Collection Set: 0.6ms
[439.486s][info][gc,phases      ] GC(484)   Other: 0.1ms
[439.486s][info][gc,heap        ] GC(484) Eden regions: 394->0(420)
[439.486s][info][gc,heap        ] GC(484) Survivor regions: 0->50(50)
[439.486s][info][gc,heap        ] GC(484) Old regions: 78->90
[439.486s][info][gc,heap        ] GC(484) Humongous regions: 33->30
[439.486s][info][gc,metaspace   ] GC(484) Metaspace: 77087K(78144K)->77087K(78144K) NonClass: 67693K(68224K)->67693K(68224K) Class: 9394K(9920K)->9394K(9920K)
[439.486s][info][gc             ] GC(484) Pause Young (Normal) (G1 Evacuation Pause) 1002M->331M(4096M) 79.363ms
[439.486s][info][gc,cpu         ] GC(484) User=0.38s Sys=0.00s Real=0.07s
[439.861s][info][gc,start       ] GC(485) Pause Young (Normal) (G1 Evacuation Pause)
[439.862s][info][gc,task        ] GC(485) Using 6 workers of 6 for evacuation
[439.960s][info][gc,phases      ] GC(485)   Pre Evacuate Collection Set: 0.3ms
[439.960s][info][gc,phases      ] GC(485)   Merge Heap Roots: 0.4ms
[439.960s][info][gc,phases      ] GC(485)   Evacuate Collection Set: 97.4ms
[439.960s][info][gc,phases      ] GC(485)   Post Evacuate Collection Set: 0.5ms
[439.960s][info][gc,phases      ] GC(485)   Other: 0.1ms
[439.960s][info][gc,heap        ] GC(485) Eden regions: 429->0(424)
[439.960s][info][gc,heap        ] GC(485) Survivor regions: 50->27(60)
[439.960s][info][gc,heap        ] GC(485) Old regions: 90->141
[439.960s][info][gc,heap        ] GC(485) Humongous regions: 39->39
[439.960s][info][gc,metaspace   ] GC(485) Metaspace: 77087K(78144K)->77087K(78144K) NonClass: 67693K(68224K)->67693K(68224K) Class: 9394K(9920K)->9394K(9920K)
[439.960s][info][gc             ] GC(485) Pause Young (Normal) (G1 Evacuation Pause) 1207M->405M(4096M) 98.990ms
[439.960s][info][gc,cpu         ] GC(485) User=0.62s Sys=0.00s Real=0.11s
[440.718s][info][gc,start       ] GC(486) Pause Young (Normal) (G1 Evacuation Pause)
[440.719s][info][gc,task        ] GC(486) Using 6 workers of 6 for evacuation
[440.879s][info][gc,phases      ] GC(486)   Pre Evacuate Collection Set: 0.3ms
[440.879s][info][gc,phases      ] GC(486)   Merge Heap Roots: 0.5ms
[440.879s][info][gc,phases      ] GC(486)   Evacuate Collection Set: 158.7ms
[440.879s][info][gc,phases      ] GC(486)   Post Evacuate Collection Set: 0.8ms
[440.879s][info][gc,phases      ] GC(486)   Other: 0.1ms
[440.879s][info][gc,heap        ] GC(486) Eden regions: 422->0(330)
[440.879s][info][gc,heap        ] GC(486) Survivor regions: 27->57(57)
[440.879s][info][gc,heap        ] GC(486) Old regions: 141->178
[440.879s][info][gc,heap        ] GC(486) Humongous regions: 90->83
[440.879s][info][gc,metaspace   ] GC(486) Metaspace: 77087K(78144K)->77087K(78144K) NonClass: 67693K(68224K)->67693K(68224K) Class: 9394K(9920K)->9394K(9920K)
[440.879s][info][gc             ] GC(486) Pause Young (Normal) (G1 Evacuation Pause) 1351M->627M(4096M) 160.549ms
[440.879s][info][gc,cpu         ] GC(486) User=0.91s Sys=0.00s Real=0.16s
[441.161s][info][gc,start       ] GC(487) Pause Young (Normal) (G1 Evacuation Pause)
[441.161s][info][gc,task        ] GC(487) Using 6 workers of 6 for evacuation
[441.279s][info][gc,phases      ] GC(487)   Pre Evacuate Collection Set: 0.3ms
[441.279s][info][gc,phases      ] GC(487)   Merge Heap Roots: 0.6ms
[441.279s][info][gc,phases      ] GC(487)   Evacuate Collection Set: 116.4ms
[441.279s][info][gc,phases      ] GC(487)   Post Evacuate Collection Set: 0.6ms
[441.279s][info][gc,phases      ] GC(487)   Other: 0.1ms
[441.279s][info][gc,heap        ] GC(487) Eden regions: 326->0(468)
[441.279s][info][gc,heap        ] GC(487) Survivor regions: 57->28(48)
[441.279s][info][gc,heap        ] GC(487) Old regions: 178->236
[441.279s][info][gc,heap        ] GC(487) Humongous regions: 95->95
[441.279s][info][gc,metaspace   ] GC(487) Metaspace: 77087K(78144K)->77087K(78144K) NonClass: 67693K(68224K)->67693K(68224K) Class: 9394K(9920K)->9394K(9920K)
[441.279s][info][gc             ] GC(487) Pause Young (Normal) (G1 Evacuation Pause) 1303M->708M(4096M) 118.286ms
[441.279s][info][gc,cpu         ] GC(487) User=0.66s Sys=0.00s Real=0.11s
[442.193s][info][gc,start       ] GC(488) Pause Young (Normal) (G1 Evacuation Pause)
[442.193s][info][gc,task        ] GC(488) Using 6 workers of 6 for evacuation
[442.353s][info][gc,phases      ] GC(488)   Pre Evacuate Collection Set: 0.3ms
[442.353s][info][gc,phases      ] GC(488)   Merge Heap Roots: 0.5ms
[442.353s][info][gc,phases      ] GC(488)   Evacuate Collection Set: 158.5ms
[442.353s][info][gc,phases      ] GC(488)   Post Evacuate Collection Set: 1.1ms
[442.353s][info][gc,phases      ] GC(488)   Other: 0.1ms
[442.353s][info][gc,heap        ] GC(488) Eden regions: 477->0(283)
[442.353s][info][gc,heap        ] GC(488) Survivor regions: 28->64(64)
[442.353s][info][gc,heap        ] GC(488) Old regions: 236->245
[442.353s][info][gc,heap        ] GC(488) Humongous regions: 152->131
[442.353s][info][gc,metaspace   ] GC(488) Metaspace: 77087K(78144K)->77087K(78144K) NonClass: 67693K(68224K)->67693K(68224K) Class: 9394K(9920K)->9394K(9920K)
[442.353s][info][gc             ] GC(488) Pause Young (Normal) (G1 Evacuation Pause) 1776M->871M(4096M) 160.736ms
[442.353s][info][gc,cpu         ] GC(488) User=0.88s Sys=0.00s Real=0.16s
[442.730s][info][gc,start       ] GC(489) Pause Young (Normal) (G1 Evacuation Pause)
[442.730s][info][gc,task        ] GC(489) Using 6 workers of 6 for evacuation
[442.850s][info][gc,phases      ] GC(489)   Pre Evacuate Collection Set: 0.3ms
[442.850s][info][gc,phases      ] GC(489)   Merge Heap Roots: 0.5ms
[442.850s][info][gc,phases      ] GC(489)   Evacuate Collection Set: 118.3ms
[442.850s][info][gc,phases      ] GC(489)   Post Evacuate Collection Set: 0.6ms
[442.850s][info][gc,phases      ] GC(489)   Other: 0.1ms
[442.850s][info][gc,heap        ] GC(489) Eden regions: 283->0(429)
[442.850s][info][gc,heap        ] GC(489) Survivor regions: 64->29(44)
[442.850s][info][gc,heap        ] GC(489) Old regions: 245->310
[442.850s][info][gc,heap        ] GC(489) Humongous regions: 150->143
[442.850s][info][gc,metaspace   ] GC(489) Metaspace: 77087K(78144K)->77087K(78144K) NonClass: 67693K(68224K)->67693K(68224K) Class: 9394K(9920K)->9394K(9920K)
[442.850s][info][gc             ] GC(489) Pause Young (Normal) (G1 Evacuation Pause) 1475M->956M(4096M) 119.978ms
[442.850s][info][gc,cpu         ] GC(489) User=0.67s Sys=0.00s Real=0.13s
[443.573s][info][gc,start       ] GC(490) Pause Young (Normal) (G1 Evacuation Pause)
[443.573s][info][gc,task        ] GC(490) Using 6 workers of 6 for evacuation
[443.692s][info][gc,phases      ] GC(490)   Pre Evacuate Collection Set: 0.5ms
[443.692s][info][gc,phases      ] GC(490)   Merge Heap Roots: 0.7ms
[443.692s][info][gc,phases      ] GC(490)   Evacuate Collection Set: 117.5ms
[443.692s][info][gc,phases      ] GC(490)   Post Evacuate Collection Set: 0.6ms
[443.692s][info][gc,phases      ] GC(490)   Other: 0.1ms
[443.692s][info][gc,heap        ] GC(490) Eden regions: 430->0(328)
[443.692s][info][gc,heap        ] GC(490) Survivor regions: 29->58(58)
[443.692s][info][gc,heap        ] GC(490) Old regions: 310->324
[443.692s][info][gc,heap        ] GC(490) Humongous regions: 272->188
[443.692s][info][gc,metaspace   ] GC(490) Metaspace: 77087K(78144K)->77087K(78144K) NonClass: 67693K(68224K)->67693K(68224K) Class: 9394K(9920K)->9394K(9920K)
[443.692s][info][gc             ] GC(490) Pause Young (Normal) (G1 Evacuation Pause) 2074M->1131M(4096M) 119.546ms
[443.692s][info][gc,cpu         ] GC(490) User=0.64s Sys=0.00s Real=0.11s
[443.762s][info][gc,start       ] GC(491) Pause Full (System.gc())
[443.762s][info][gc,task        ] GC(491) Using 6 workers of 6 for full compaction
[443.762s][info][gc,phases,start] GC(491) Phase 1: Mark live objects
[443.791s][info][gc,phases      ] GC(491) Phase 1: Mark live objects 28.717ms
[443.791s][info][gc,phases,start] GC(491) Phase 2: Prepare compaction
[443.792s][info][gc,phases      ] GC(491) Phase 2: Prepare compaction 1.291ms
[443.792s][info][gc,phases,start] GC(491) Phase 3: Adjust pointers
[443.804s][info][gc,phases      ] GC(491) Phase 3: Adjust pointers 11.110ms
[443.804s][info][gc,phases,start] GC(491) Phase 4: Compact heap
[443.805s][info][gc,phases      ] GC(491) Phase 4: Compact heap 1.144ms
[443.805s][info][gc,phases,start] GC(491) Phase 5: Reset Metadata
[443.812s][info][gc,phases      ] GC(491) Phase 5: Reset Metadata 6.904ms
[443.828s][info][gc,heap        ] GC(491) Eden regions: 120->0(570)
[443.828s][info][gc,heap        ] GC(491) Survivor regions: 58->0(58)
[443.828s][info][gc,heap        ] GC(491) Old regions: 324->78
[443.828s][info][gc,heap        ] GC(491) Humongous regions: 190->3
[443.828s][info][gc,metaspace   ] GC(491) Metaspace: 77087K(78144K)->77087K(78144K) NonClass: 67693K(68224K)->67693K(68224K) Class: 9394K(9920K)->9394K(9920K)
[443.828s][info][gc             ] GC(491) Pause Full (System.gc()) 1375M->154M(4096M) 65.844ms
[443.828s][info][gc,cpu         ] GC(491) User=0.11s Sys=0.00s Real=0.06s
[444.326s][info][gc,start       ] GC(492) Pause Young (Normal) (G1 Evacuation Pause)
[444.326s][info][gc,task        ] GC(492) Using 6 workers of 6 for evacuation
[444.448s][info][gc,phases      ] GC(492)   Pre Evacuate Collection Set: 0.3ms
[444.448s][info][gc,phases      ] GC(492)   Merge Heap Roots: 0.4ms
[444.448s][info][gc,phases      ] GC(492)   Evacuate Collection Set: 120.1ms
[444.448s][info][gc,phases      ] GC(492)   Post Evacuate Collection Set: 0.7ms
[444.448s][info][gc,phases      ] GC(492)   Other: 0.1ms
[444.448s][info][gc,heap        ] GC(492) Eden regions: 590->0(595)
[444.448s][info][gc,heap        ] GC(492) Survivor regions: 0->74(74)
[444.448s][info][gc,heap        ] GC(492) Old regions: 78->80
[444.448s][info][gc,heap        ] GC(492) Humongous regions: 42->39
[444.448s][info][gc,metaspace   ] GC(492) Metaspace: 77088K(78144K)->77088K(78144K) NonClass: 67694K(68224K)->67694K(68224K) Class: 9394K(9920K)->9394K(9920K)
[444.448s][info][gc             ] GC(492) Pause Young (Normal) (G1 Evacuation Pause) 1412M->378M(4096M) 121.732ms
[444.448s][info][gc,cpu         ] GC(492) User=0.66s Sys=0.00s Real=0.11s
[445.405s][info][gc,start       ] GC(493) Pause Young (Normal) (G1 Evacuation Pause)
[445.405s][info][gc,task        ] GC(493) Using 6 workers of 6 for evacuation
[445.624s][info][gc,mmu         ] GC(493) MMU target violated: 201.0ms (200.0ms/201.0ms)
[445.625s][info][gc,phases      ] GC(493)   Pre Evacuate Collection Set: 0.3ms
[445.625s][info][gc,phases      ] GC(493)   Merge Heap Roots: 0.5ms
[445.625s][info][gc,phases      ] GC(493)   Evacuate Collection Set: 217.8ms
[445.625s][info][gc,phases      ] GC(493)   Post Evacuate Collection Set: 1.2ms
[445.625s][info][gc,phases      ] GC(493)   Other: 0.1ms
[445.625s][info][gc,heap        ] GC(493) Eden regions: 589->0(244)
[445.625s][info][gc,heap        ] GC(493) Survivor regions: 74->77(83)
[445.625s][info][gc,heap        ] GC(493) Old regions: 80->153
[445.625s][info][gc,heap        ] GC(493) Humongous regions: 82->75
[445.625s][info][gc,metaspace   ] GC(493) Metaspace: 77088K(78144K)->77088K(78144K) NonClass: 67694K(68224K)->67694K(68224K) Class: 9394K(9920K)->9394K(9920K)
[445.625s][info][gc             ] GC(493) Pause Young (Normal) (G1 Evacuation Pause) 1642M->599M(4096M) 219.954ms
[445.625s][info][gc,cpu         ] GC(493) User=1.22s Sys=0.00s Real=0.22s
[445.839s][info][gc,start       ] GC(494) Pause Young (Normal) (G1 Evacuation Pause)
[445.840s][info][gc,task        ] GC(494) Using 6 workers of 6 for evacuation
[445.960s][info][gc,phases      ] GC(494)   Pre Evacuate Collection Set: 0.3ms
[445.960s][info][gc,phases      ] GC(494)   Merge Heap Roots: 0.6ms
[445.960s][info][gc,phases      ] GC(494)   Evacuate Collection Set: 118.5ms
[445.960s][info][gc,phases      ] GC(494)   Post Evacuate Collection Set: 0.6ms
[445.960s][info][gc,phases      ] GC(494)   Other: 0.1ms
[445.960s][info][gc,heap        ] GC(494) Eden regions: 241->0(578)
[445.960s][info][gc,heap        ] GC(494) Survivor regions: 77->25(40)
[445.960s][info][gc,heap        ] GC(494) Old regions: 153->228
[445.960s][info][gc,heap        ] GC(494) Humongous regions: 95->95
[445.960s][info][gc,metaspace   ] GC(494) Metaspace: 77089K(78144K)->77089K(78144K) NonClass: 67695K(68224K)->67695K(68224K) Class: 9394K(9920K)->9394K(9920K)
[445.960s][info][gc             ] GC(494) Pause Young (Normal) (G1 Evacuation Pause) 1121M->687M(4096M) 120.373ms
[445.960s][info][gc,cpu         ] GC(494) User=0.64s Sys=0.02s Real=0.13s
[446.998s][info][gc,start       ] GC(495) Pause Young (Normal) (G1 Evacuation Pause)
[446.998s][info][gc,task        ] GC(495) Using 6 workers of 6 for evacuation
[447.165s][info][gc,phases      ] GC(495)   Pre Evacuate Collection Set: 0.3ms
[447.165s][info][gc,phases      ] GC(495)   Merge Heap Roots: 0.5ms
[447.165s][info][gc,phases      ] GC(495)   Evacuate Collection Set: 165.4ms
[447.165s][info][gc,phases      ] GC(495)   Post Evacuate Collection Set: 0.9ms
[447.165s][info][gc,phases      ] GC(495)   Other: 0.1ms
[447.165s][info][gc,heap        ] GC(495) Eden regions: 593->0(185)
[447.165s][info][gc,heap        ] GC(495) Survivor regions: 25->73(78)
[447.165s][info][gc,heap        ] GC(495) Old regions: 228->228
[447.165s][info][gc,heap        ] GC(495) Humongous regions: 148->127
[447.165s][info][gc,metaspace   ] GC(495) Metaspace: 77089K(78144K)->77089K(78144K) NonClass: 67695K(68224K)->67695K(68224K) Class: 9394K(9920K)->9394K(9920K)
[447.165s][info][gc             ] GC(495) Pause Young (Normal) (G1 Evacuation Pause) 1979M->848M(4096M) 167.370ms
[447.165s][info][gc,cpu         ] GC(495) User=0.94s Sys=0.00s Real=0.16s
[447.499s][info][gc,start       ] GC(496) Pause Young (Normal) (G1 Evacuation Pause)
[447.499s][info][gc,task        ] GC(496) Using 6 workers of 6 for evacuation
[447.615s][info][gc,phases      ] GC(496)   Pre Evacuate Collection Set: 0.3ms
[447.615s][info][gc,phases      ] GC(496)   Merge Heap Roots: 0.4ms
[447.615s][info][gc,phases      ] GC(496)   Evacuate Collection Set: 115.0ms
[447.615s][info][gc,phases      ] GC(496)   Post Evacuate Collection Set: 0.7ms
[447.615s][info][gc,phases      ] GC(496)   Other: 0.1ms
[447.615s][info][gc,heap        ] GC(496) Eden regions: 184->0(723)
[447.615s][info][gc,heap        ] GC(496) Survivor regions: 73->18(33)
[447.615s][info][gc,heap        ] GC(496) Old regions: 228->301
[447.615s][info][gc,heap        ] GC(496) Humongous regions: 146->139
[447.615s][info][gc,metaspace   ] GC(496) Metaspace: 77089K(78144K)->77089K(78144K) NonClass: 67695K(68224K)->67695K(68224K) Class: 9394K(9920K)->9394K(9920K)
[447.615s][info][gc             ] GC(496) Pause Young (Normal) (G1 Evacuation Pause) 1254M->908M(4096M) 116.633ms
[447.616s][info][gc,cpu         ] GC(496) User=0.66s Sys=0.00s Real=0.12s
[448.447s][info][gc,start       ] GC(497) Pause Full (System.gc())
[448.447s][info][gc,task        ] GC(497) Using 6 workers of 6 for full compaction
[448.447s][info][gc,phases,start] GC(497) Phase 1: Mark live objects
[448.476s][info][gc,phases      ] GC(497) Phase 1: Mark live objects 28.541ms
[448.476s][info][gc,phases,start] GC(497) Phase 2: Prepare compaction
[448.477s][info][gc,phases      ] GC(497) Phase 2: Prepare compaction 1.855ms
[448.477s][info][gc,phases,start] GC(497) Phase 3: Adjust pointers
[448.489s][info][gc,phases      ] GC(497) Phase 3: Adjust pointers 11.847ms
[448.489s][info][gc,phases,start] GC(497) Phase 4: Compact heap
[448.491s][info][gc,phases      ] GC(497) Phase 4: Compact heap 1.700ms
[448.491s][info][gc,phases,start] GC(497) Phase 5: Reset Metadata
[448.498s][info][gc,phases      ] GC(497) Phase 5: Reset Metadata 6.607ms
[448.515s][info][gc,heap        ] GC(497) Eden regions: 685->0(881)
[448.515s][info][gc,heap        ] GC(497) Survivor regions: 18->0(33)
[448.515s][info][gc,heap        ] GC(497) Old regions: 301->77
[448.515s][info][gc,heap        ] GC(497) Humongous regions: 286->3
[448.515s][info][gc,metaspace   ] GC(497) Metaspace: 77090K(78144K)->77090K(78144K) NonClass: 67696K(68224K)->67696K(68224K) Class: 9394K(9920K)->9394K(9920K)
[448.515s][info][gc             ] GC(497) Pause Full (System.gc()) 2571M->154M(4096M) 68.305ms
[448.515s][info][gc,cpu         ] GC(497) User=0.12s Sys=0.00s Real=0.06s
[449.754s][info][gc,start       ] GC(498) Pause Young (Normal) (G1 Evacuation Pause)
[449.754s][info][gc,task        ] GC(498) Using 6 workers of 6 for evacuation
[449.936s][info][gc,phases      ] GC(498)   Pre Evacuate Collection Set: 0.3ms
[449.936s][info][gc,phases      ] GC(498)   Merge Heap Roots: 0.5ms
[449.936s][info][gc,phases      ] GC(498)   Evacuate Collection Set: 179.8ms
[449.936s][info][gc,phases      ] GC(498)   Post Evacuate Collection Set: 1.1ms
[449.936s][info][gc,phases      ] GC(498)   Other: 0.1ms
[449.936s][info][gc,heap        ] GC(498) Eden regions: 913->0(828)
[449.936s][info][gc,heap        ] GC(498) Survivor regions: 0->93(115)
[449.936s][info][gc,heap        ] GC(498) Old regions: 77->77
[449.936s][info][gc,heap        ] GC(498) Humongous regions: 61->51
[449.936s][info][gc,metaspace   ] GC(498) Metaspace: 77090K(78144K)->77090K(78144K) NonClass: 67696K(68224K)->67696K(68224K) Class: 9394K(9920K)->9394K(9920K)
[449.936s][info][gc             ] GC(498) Pause Young (Normal) (G1 Evacuation Pause) 2096M->435M(4096M) 182.159ms
[449.936s][info][gc,cpu         ] GC(498) User=1.03s Sys=0.00s Real=0.17s
[450.701s][info][gc,start       ] GC(499) Pause Young (Normal) (G1 Evacuation Pause)
[450.701s][info][gc,task        ] GC(499) Using 6 workers of 6 for evacuation
[450.970s][info][gc,mmu         ] GC(499) MMU target violated: 201.0ms (200.0ms/201.0ms)
[450.970s][info][gc,phases      ] GC(499)   Pre Evacuate Collection Set: 0.3ms
[450.971s][info][gc,phases      ] GC(499)   Merge Heap Roots: 0.9ms
[450.971s][info][gc,phases      ] GC(499)   Evacuate Collection Set: 267.1ms
[450.971s][info][gc,phases      ] GC(499)   Post Evacuate Collection Set: 0.9ms
[450.971s][info][gc,phases      ] GC(499)   Other: 0.2ms
[450.971s][info][gc,heap        ] GC(499) Eden regions: 817->0(141)
[450.971s][info][gc,heap        ] GC(499) Survivor regions: 93->97(114)
[450.971s][info][gc,heap        ] GC(499) Old regions: 77->170
[450.971s][info][gc,heap        ] GC(499) Humongous regions: 95->95
[450.971s][info][gc,metaspace   ] GC(499) Metaspace: 77090K(78144K)->77090K(78144K) NonClass: 67696K(68224K)->67696K(68224K) Class: 9394K(9920K)->9394K(9920K)
[450.971s][info][gc             ] GC(499) Pause Young (Normal) (G1 Evacuation Pause) 2157M->716M(4096M) 269.409ms
[450.971s][info][gc,cpu         ] GC(499) User=1.45s Sys=0.00s Real=0.27s
[451.483s][info][gc,start       ] GC(500) Pause Young (Normal) (G1 Evacuation Pause)
[451.483s][info][gc,task        ] GC(500) Using 6 workers of 6 for evacuation
[451.642s][info][gc,phases      ] GC(500)   Pre Evacuate Collection Set: 0.3ms
[451.642s][info][gc,phases      ] GC(500)   Merge Heap Roots: 0.5ms
[451.642s][info][gc,phases      ] GC(500)   Evacuate Collection Set: 157.6ms
[451.642s][info][gc,phases      ] GC(500)   Post Evacuate Collection Set: 0.7ms
[451.642s][info][gc,phases      ] GC(500)   Other: 0.1ms
[451.642s][info][gc,heap        ] GC(500) Eden regions: 150->0(783)
[451.642s][info][gc,heap        ] GC(500) Survivor regions: 97->18(31)
[451.642s][info][gc,heap        ] GC(500) Old regions: 170->265
[451.642s][info][gc,heap        ] GC(500) Humongous regions: 124->115
[451.642s][info][gc,metaspace   ] GC(500) Metaspace: 77090K(78144K)->77090K(78144K) NonClass: 67696K(68224K)->67696K(68224K) Class: 9394K(9920K)->9394K(9920K)
[451.642s][info][gc             ] GC(500) Pause Young (Normal) (G1 Evacuation Pause) 1074M->789M(4096M) 159.341ms
[451.642s][info][gc,cpu         ] GC(500) User=0.95s Sys=0.00s Real=0.17s
[452.794s][info][gc,start       ] GC(501) Pause Young (Normal) (G1 Evacuation Pause)
[452.794s][info][gc,task        ] GC(501) Using 6 workers of 6 for evacuation
[453.021s][info][gc,mmu         ] GC(501) MMU target violated: 201.0ms (200.0ms/201.0ms)
[453.021s][info][gc,phases      ] GC(501)   Pre Evacuate Collection Set: 0.3ms
[453.021s][info][gc,phases      ] GC(501)   Merge Heap Roots: 0.8ms
[453.021s][info][gc,phases      ] GC(501)   Evacuate Collection Set: 224.4ms
[453.021s][info][gc,phases      ] GC(501)   Post Evacuate Collection Set: 1.0ms
[453.021s][info][gc,phases      ] GC(501)   Other: 0.2ms
[453.021s][info][gc,heap        ] GC(501) Eden regions: 755->0(32)
[453.021s][info][gc,heap        ] GC(501) Survivor regions: 18->97(97)
[453.021s][info][gc,heap        ] GC(501) Old regions: 265->277
[453.021s][info][gc,heap        ] GC(501) Humongous regions: 308->197
[453.021s][info][gc,metaspace   ] GC(501) Metaspace: 77093K(78144K)->77093K(78144K) NonClass: 67699K(68224K)->67699K(68224K) Class: 9394K(9920K)->9394K(9920K)
[453.021s][info][gc             ] GC(501) Pause Young (Normal) (G1 Evacuation Pause) 2685M->1135M(4096M) 226.819ms
[453.021s][info][gc,cpu         ] GC(501) User=1.30s Sys=0.00s Real=0.23s
[453.043s][info][gc,start       ] GC(502) Pause Young (Normal) (G1 Evacuation Pause)
[453.043s][info][gc,task        ] GC(502) Using 6 workers of 6 for evacuation
[453.134s][info][gc,phases      ] GC(502)   Pre Evacuate Collection Set: 0.3ms
[453.134s][info][gc,phases      ] GC(502)   Merge Heap Roots: 0.7ms
[453.134s][info][gc,phases      ] GC(502)   Evacuate Collection Set: 89.6ms
[453.134s][info][gc,phases      ] GC(502)   Post Evacuate Collection Set: 0.8ms
[453.134s][info][gc,phases      ] GC(502)   Other: 0.1ms
[453.134s][info][gc,heap        ] GC(502) Eden regions: 34->0(972)
[453.134s][info][gc,heap        ] GC(502) Survivor regions: 97->3(17)
[453.134s][info][gc,heap        ] GC(502) Old regions: 277->375
[453.134s][info][gc,heap        ] GC(502) Humongous regions: 197->197
[453.134s][info][gc,metaspace   ] GC(502) Metaspace: 77093K(78144K)->77093K(78144K) NonClass: 67699K(68224K)->67699K(68224K) Class: 9394K(9920K)->9394K(9920K)
[453.134s][info][gc             ] GC(502) Pause Young (Normal) (G1 Evacuation Pause) 1203M->1144M(4096M) 91.744ms
[453.135s][info][gc,cpu         ] GC(502) User=0.48s Sys=0.00s Real=0.09s
[453.267s][info][gc,start       ] GC(503) Pause Full (System.gc())
[453.268s][info][gc,task        ] GC(503) Using 6 workers of 6 for full compaction
[453.268s][info][gc,phases,start] GC(503) Phase 1: Mark live objects
[453.298s][info][gc,phases      ] GC(503) Phase 1: Mark live objects 30.092ms
[453.298s][info][gc,phases,start] GC(503) Phase 2: Prepare compaction
[453.299s][info][gc,phases      ] GC(503) Phase 2: Prepare compaction 1.192ms
[453.299s][info][gc,phases,start] GC(503) Phase 3: Adjust pointers
[453.311s][info][gc,phases      ] GC(503) Phase 3: Adjust pointers 11.811ms
[453.311s][info][gc,phases,start] GC(503) Phase 4: Compact heap
[453.312s][info][gc,phases      ] GC(503) Phase 4: Compact heap 1.222ms
[453.312s][info][gc,phases,start] GC(503) Phase 5: Reset Metadata
[453.320s][info][gc,phases      ] GC(503) Phase 5: Reset Metadata 7.436ms
[453.336s][info][gc,heap        ] GC(503) Eden regions: 216->0(990)
[453.336s][info][gc,heap        ] GC(503) Survivor regions: 3->0(17)
[453.336s][info][gc,heap        ] GC(503) Old regions: 375->79
[453.336s][info][gc,heap        ] GC(503) Humongous regions: 199->3
[453.337s][info][gc,metaspace   ] GC(503) Metaspace: 77093K(78144K)->77093K(78144K) NonClass: 67699K(68224K)->67699K(68224K) Class: 9394K(9920K)->9394K(9920K)
[453.337s][info][gc             ] GC(503) Pause Full (System.gc()) 1580M->154M(4096M) 69.059ms
[453.337s][info][gc,cpu         ] GC(503) User=0.16s Sys=0.00s Real=0.08s
[454.752s][info][gc,start       ] GC(504) Pause Young (Normal) (G1 Evacuation Pause)
[454.752s][info][gc,task        ] GC(504) Using 6 workers of 6 for evacuation
[454.974s][info][gc,mmu         ] GC(504) MMU target violated: 201.0ms (200.0ms/201.0ms)
[454.974s][info][gc,phases      ] GC(504)   Pre Evacuate Collection Set: 0.3ms
[454.974s][info][gc,phases      ] GC(504)   Merge Heap Roots: 0.6ms
[454.974s][info][gc,phases      ] GC(504)   Evacuate Collection Set: 220.1ms
[454.974s][info][gc,phases      ] GC(504)   Post Evacuate Collection Set: 1.3ms
[454.974s][info][gc,phases      ] GC(504)   Other: 0.2ms
[454.974s][info][gc,heap        ] GC(504) Eden regions: 1032->0(911)
[454.974s][info][gc,heap        ] GC(504) Survivor regions: 0->121(129)
[454.974s][info][gc,heap        ] GC(504) Old regions: 79->79
[454.974s][info][gc,heap        ] GC(504) Humongous regions: 81->71
[454.974s][info][gc,metaspace   ] GC(504) Metaspace: 77093K(78144K)->77093K(78144K) NonClass: 67699K(68224K)->67699K(68224K) Class: 9394K(9920K)->9394K(9920K)
[454.974s][info][gc             ] GC(504) Pause Young (Normal) (G1 Evacuation Pause) 2374M->531M(4096M) 222.730ms
[454.974s][info][gc,cpu         ] GC(504) User=1.31s Sys=0.00s Real=0.24s
[456.226s][info][gc,start       ] GC(505) Pause Young (Normal) (G1 Evacuation Pause)
[456.226s][info][gc,task        ] GC(505) Using 6 workers of 6 for evacuation
[456.540s][info][gc,mmu         ] GC(505) MMU target violated: 201.0ms (200.0ms/201.0ms)
[456.540s][info][gc,phases      ] GC(505)   Pre Evacuate Collection Set: 0.3ms
[456.540s][info][gc,phases      ] GC(505)   Merge Heap Roots: 0.9ms
[456.540s][info][gc,phases      ] GC(505)   Evacuate Collection Set: 311.5ms
[456.540s][info][gc,phases      ] GC(505)   Post Evacuate Collection Set: 1.1ms
[456.540s][info][gc,phases      ] GC(505)   Other: 0.2ms
[456.540s][info][gc,heap        ] GC(505) Eden regions: 886->0(111)
[456.540s][info][gc,heap        ] GC(505) Survivor regions: 121->89(126)
[456.540s][info][gc,heap        ] GC(505) Old regions: 79->200
[456.540s][info][gc,heap        ] GC(505) Humongous regions: 133->119
[456.540s][info][gc,metaspace   ] GC(505) Metaspace: 77095K(78144K)->77095K(78144K) NonClass: 67701K(68224K)->67701K(68224K) Class: 9394K(9920K)->9394K(9920K)
[456.540s][info][gc             ] GC(505) Pause Young (Normal) (G1 Evacuation Pause) 2427M->805M(4096M) 314.099ms
[456.540s][info][gc,cpu         ] GC(505) User=1.67s Sys=0.00s Real=0.32s
[456.696s][info][gc,start       ] GC(506) Pause Young (Normal) (G1 Evacuation Pause)
[456.696s][info][gc,task        ] GC(506) Using 6 workers of 6 for evacuation
[456.820s][info][gc,phases      ] GC(506)   Pre Evacuate Collection Set: 0.3ms
[456.820s][info][gc,phases      ] GC(506)   Merge Heap Roots: 0.6ms
[456.820s][info][gc,phases      ] GC(506)   Evacuate Collection Set: 122.0ms
[456.820s][info][gc,phases      ] GC(506)   Post Evacuate Collection Set: 0.8ms
[456.820s][info][gc,phases      ] GC(506)   Other: 0.1ms
[456.820s][info][gc,heap        ] GC(506) Eden regions: 115->0(402)
[456.820s][info][gc,heap        ] GC(506) Survivor regions: 89->15(26)
[456.820s][info][gc,heap        ] GC(506) Old regions: 200->288
[456.820s][info][gc,heap        ] GC(506) Humongous regions: 134->127
[456.820s][info][gc,metaspace   ] GC(506) Metaspace: 77095K(78144K)->77095K(78144K) NonClass: 67701K(68224K)->67701K(68224K) Class: 9394K(9920K)->9394K(9920K)
[456.820s][info][gc             ] GC(506) Pause Young (Normal) (G1 Evacuation Pause) 1065M->849M(4096M) 123.912ms
[456.820s][info][gc,cpu         ] GC(506) User=0.69s Sys=0.00s Real=0.12s
[457.489s][info][gc,start       ] GC(507) Pause Young (Normal) (G1 Evacuation Pause)
[457.489s][info][gc,task        ] GC(507) Using 6 workers of 6 for evacuation
[457.610s][info][gc,phases      ] GC(507)   Pre Evacuate Collection Set: 0.3ms
[457.610s][info][gc,phases      ] GC(507)   Merge Heap Roots: 0.3ms
[457.610s][info][gc,phases      ] GC(507)   Evacuate Collection Set: 119.9ms
[457.610s][info][gc,phases      ] GC(507)   Post Evacuate Collection Set: 0.6ms
[457.610s][info][gc,phases      ] GC(507)   Other: 0.1ms
[457.610s][info][gc,heap        ] GC(507) Eden regions: 434->0(240)
[457.610s][info][gc,heap        ] GC(507) Survivor regions: 15->57(57)
[457.610s][info][gc,heap        ] GC(507) Old regions: 288->296
[457.610s][info][gc,heap        ] GC(507) Humongous regions: 179->163
[457.610s][info][gc,metaspace   ] GC(507) Metaspace: 77095K(78144K)->77095K(78144K) NonClass: 67701K(68224K)->67701K(68224K) Class: 9394K(9920K)->9394K(9920K)
[457.610s][info][gc             ] GC(507) Pause Young (Normal) (G1 Evacuation Pause) 1821M->1020M(4096M) 121.393ms
[457.610s][info][gc,cpu         ] GC(507) User=0.66s Sys=0.00s Real=0.11s
[457.998s][info][gc,start       ] GC(508) Pause Young (Normal) (G1 Evacuation Pause)
[457.998s][info][gc,task        ] GC(508) Using 6 workers of 6 for evacuation
[458.101s][info][gc,phases      ] GC(508)   Pre Evacuate Collection Set: 0.4ms
[458.101s][info][gc,phases      ] GC(508)   Merge Heap Roots: 0.6ms
[458.101s][info][gc,phases      ] GC(508)   Evacuate Collection Set: 101.3ms
[458.101s][info][gc,phases      ] GC(508)   Post Evacuate Collection Set: 0.6ms
[458.101s][info][gc,phases      ] GC(508)   Other: 0.1ms
[458.101s][info][gc,heap        ] GC(508) Eden regions: 247->0(446)
[458.101s][info][gc,heap        ] GC(508) Survivor regions: 57->29(38)
[458.101s][info][gc,heap        ] GC(508) Old regions: 296->354
[458.101s][info][gc,heap        ] GC(508) Humongous regions: 265->204
[458.101s][info][gc,metaspace   ] GC(508) Metaspace: 77095K(78144K)->77095K(78144K) NonClass: 67701K(68224K)->67701K(68224K) Class: 9394K(9920K)->9394K(9920K)
[458.101s][info][gc             ] GC(508) Pause Young (Normal) (G1 Evacuation Pause) 1718M->1161M(4096M) 103.179ms
[458.101s][info][gc,cpu         ] GC(508) User=0.58s Sys=0.00s Real=0.11s
[458.203s][info][gc,start       ] GC(509) Pause Full (System.gc())
[458.203s][info][gc,task        ] GC(509) Using 6 workers of 6 for full compaction
[458.203s][info][gc,phases,start] GC(509) Phase 1: Mark live objects
[458.232s][info][gc,phases      ] GC(509) Phase 1: Mark live objects 29.100ms
[458.232s][info][gc,phases,start] GC(509) Phase 2: Prepare compaction
[458.234s][info][gc,phases      ] GC(509) Phase 2: Prepare compaction 1.374ms
[458.234s][info][gc,phases,start] GC(509) Phase 3: Adjust pointers
[458.247s][info][gc,phases      ] GC(509) Phase 3: Adjust pointers 13.490ms
[458.247s][info][gc,phases,start] GC(509) Phase 4: Compact heap
[458.249s][info][gc,phases      ] GC(509) Phase 4: Compact heap 1.561ms
[458.249s][info][gc,phases,start] GC(509) Phase 5: Reset Metadata
[458.256s][info][gc,phases      ] GC(509) Phase 5: Reset Metadata 6.818ms
[458.272s][info][gc,heap        ] GC(509) Eden regions: 170->0(566)
[458.272s][info][gc,heap        ] GC(509) Survivor regions: 29->0(38)
[458.272s][info][gc,heap        ] GC(509) Old regions: 354->78
[458.272s][info][gc,heap        ] GC(509) Humongous regions: 206->3
[458.272s][info][gc,metaspace   ] GC(509) Metaspace: 77095K(78144K)->77095K(78144K) NonClass: 67701K(68224K)->67701K(68224K) Class: 9394K(9920K)->9394K(9920K)
[458.272s][info][gc             ] GC(509) Pause Full (System.gc()) 1505M->154M(4096M) 69.213ms
[458.272s][info][gc,cpu         ] GC(509) User=0.12s Sys=0.00s Real=0.08s
[458.781s][info][gc,start       ] GC(510) Pause Young (Normal) (G1 Evacuation Pause)
[458.781s][info][gc,task        ] GC(510) Using 6 workers of 6 for evacuation
[458.902s][info][gc,phases      ] GC(510)   Pre Evacuate Collection Set: 0.3ms
[458.902s][info][gc,phases      ] GC(510)   Merge Heap Roots: 0.5ms
[458.902s][info][gc,phases      ] GC(510)   Evacuate Collection Set: 118.9ms
[458.902s][info][gc,phases      ] GC(510)   Post Evacuate Collection Set: 0.7ms
[458.902s][info][gc,phases      ] GC(510)   Other: 0.1ms
[458.902s][info][gc,heap        ] GC(510) Eden regions: 595->0(586)
[458.902s][info][gc,heap        ] GC(510) Survivor regions: 0->75(75)
[458.902s][info][gc,heap        ] GC(510) Old regions: 78->79
[458.902s][info][gc,heap        ] GC(510) Humongous regions: 42->39
[458.902s][info][gc,metaspace   ] GC(510) Metaspace: 77095K(78144K)->77095K(78144K) NonClass: 67701K(68224K)->67701K(68224K) Class: 9394K(9920K)->9394K(9920K)
[458.902s][info][gc             ] GC(510) Pause Young (Normal) (G1 Evacuation Pause) 1422M->378M(4096M) 120.690ms
[458.902s][info][gc,cpu         ] GC(510) User=0.73s Sys=0.00s Real=0.12s
[459.842s][info][gc,start       ] GC(511) Pause Young (Normal) (G1 Evacuation Pause)
[459.843s][info][gc,task        ] GC(511) Using 6 workers of 6 for evacuation
[460.062s][info][gc,mmu         ] GC(511) MMU target violated: 201.0ms (200.0ms/201.0ms)
[460.062s][info][gc,phases      ] GC(511)   Pre Evacuate Collection Set: 0.3ms
[460.062s][info][gc,phases      ] GC(511)   Merge Heap Roots: 0.5ms
[460.062s][info][gc,phases      ] GC(511)   Evacuate Collection Set: 217.7ms
[460.062s][info][gc,phases      ] GC(511)   Post Evacuate Collection Set: 1.0ms
[460.062s][info][gc,phases      ] GC(511)   Other: 0.2ms
[460.062s][info][gc,heap        ] GC(511) Eden regions: 590->0(223)
[460.062s][info][gc,heap        ] GC(511) Survivor regions: 75->77(84)
[460.062s][info][gc,heap        ] GC(511) Old regions: 79->151
[460.062s][info][gc,heap        ] GC(511) Humongous regions: 82->75
[460.062s][info][gc,metaspace   ] GC(511) Metaspace: 77095K(78144K)->77095K(78144K) NonClass: 67701K(68224K)->67701K(68224K) Class: 9394K(9920K)->9394K(9920K)
[460.062s][info][gc             ] GC(511) Pause Young (Normal) (G1 Evacuation Pause) 1644M->597M(4096M) 219.926ms
[460.062s][info][gc,cpu         ] GC(511) User=1.17s Sys=0.00s Real=0.21s
[460.264s][info][gc,start       ] GC(512) Pause Young (Normal) (G1 Evacuation Pause)
[460.264s][info][gc,task        ] GC(512) Using 6 workers of 6 for evacuation
[460.384s][info][gc,phases      ] GC(512)   Pre Evacuate Collection Set: 0.3ms
[460.384s][info][gc,phases      ] GC(512)   Merge Heap Roots: 0.6ms
[460.384s][info][gc,phases      ] GC(512)   Evacuate Collection Set: 117.9ms
[460.384s][info][gc,phases      ] GC(512)   Post Evacuate Collection Set: 0.7ms
[460.384s][info][gc,phases      ] GC(512)   Other: 0.1ms
[460.384s][info][gc,heap        ] GC(512) Eden regions: 225->0(591)
[460.384s][info][gc,heap        ] GC(512) Survivor regions: 77->23(38)
[460.384s][info][gc,heap        ] GC(512) Old regions: 151->227
[460.384s][info][gc,heap        ] GC(512) Humongous regions: 95->95
[460.384s][info][gc,metaspace   ] GC(512) Metaspace: 77095K(78144K)->77095K(78144K) NonClass: 67701K(68224K)->67701K(68224K) Class: 9394K(9920K)->9394K(9920K)
[460.384s][info][gc             ] GC(512) Pause Young (Normal) (G1 Evacuation Pause) 1087M->682M(4096M) 119.857ms
[460.384s][info][gc,cpu         ] GC(512) User=0.67s Sys=0.00s Real=0.13s
[461.430s][info][gc,start       ] GC(513) Pause Young (Normal) (G1 Evacuation Pause)
[461.430s][info][gc,task        ] GC(513) Using 6 workers of 6 for evacuation
[461.601s][info][gc,phases      ] GC(513)   Pre Evacuate Collection Set: 0.3ms
[461.601s][info][gc,phases      ] GC(513)   Merge Heap Roots: 0.4ms
[461.601s][info][gc,phases      ] GC(513)   Evacuate Collection Set: 168.5ms
[461.601s][info][gc,phases      ] GC(513)   Post Evacuate Collection Set: 0.9ms
[461.601s][info][gc,phases      ] GC(513)   Other: 0.1ms
[461.601s][info][gc,heap        ] GC(513) Eden regions: 612->0(171)
[461.601s][info][gc,heap        ] GC(513) Survivor regions: 23->73(80)
[461.601s][info][gc,heap        ] GC(513) Old regions: 227->227
[461.601s][info][gc,heap        ] GC(513) Humongous regions: 148->127
[461.601s][info][gc,metaspace   ] GC(513) Metaspace: 77102K(78144K)->77102K(78144K) NonClass: 67707K(68224K)->67707K(68224K) Class: 9394K(9920K)->9394K(9920K)
[461.601s][info][gc             ] GC(513) Pause Young (Normal) (G1 Evacuation Pause) 2012M->846M(4096M) 170.357ms
[461.601s][info][gc,cpu         ] GC(513) User=0.95s Sys=0.00s Real=0.17s
[461.925s][info][gc,start       ] GC(514) Pause Young (Normal) (G1 Evacuation Pause)
[461.925s][info][gc,task        ] GC(514) Using 6 workers of 6 for evacuation
[462.040s][info][gc,phases      ] GC(514)   Pre Evacuate Collection Set: 0.3ms
[462.040s][info][gc,phases      ] GC(514)   Merge Heap Roots: 0.5ms
[462.041s][info][gc,phases      ] GC(514)   Evacuate Collection Set: 113.5ms
[462.041s][info][gc,phases      ] GC(514)   Post Evacuate Collection Set: 0.9ms
[462.041s][info][gc,phases      ] GC(514)   Other: 0.1ms
[462.041s][info][gc,heap        ] GC(514) Eden regions: 173->0(640)
[462.041s][info][gc,heap        ] GC(514) Survivor regions: 73->18(31)
[462.041s][info][gc,heap        ] GC(514) Old regions: 227->299
[462.041s][info][gc,heap        ] GC(514) Humongous regions: 146->139
[462.041s][info][gc,metaspace   ] GC(514) Metaspace: 77102K(78144K)->77102K(78144K) NonClass: 67707K(68224K)->67707K(68224K) Class: 9394K(9920K)->9394K(9920K)
[462.041s][info][gc             ] GC(514) Pause Young (Normal) (G1 Evacuation Pause) 1230M->904M(4096M) 115.437ms
[462.041s][info][gc,cpu         ] GC(514) User=0.66s Sys=0.00s Real=0.12s
[462.900s][info][gc,start       ] GC(515) Pause Young (Normal) (G1 Evacuation Pause)
[462.900s][info][gc,task        ] GC(515) Using 6 workers of 6 for evacuation
[463.072s][info][gc,phases      ] GC(515)   Pre Evacuate Collection Set: 0.4ms
[463.072s][info][gc,phases      ] GC(515)   Merge Heap Roots: 0.9ms
[463.072s][info][gc,phases      ] GC(515)   Evacuate Collection Set: 170.0ms
[463.072s][info][gc,phases      ] GC(515)   Post Evacuate Collection Set: 0.7ms
[463.072s][info][gc,phases      ] GC(515)   Other: 0.1ms
[463.072s][info][gc,heap        ] GC(515) Eden regions: 635->0(217)
[463.072s][info][gc,heap        ] GC(515) Survivor regions: 18->82(82)
[463.072s][info][gc,heap        ] GC(515) Old regions: 299->316
[463.072s][info][gc,heap        ] GC(515) Humongous regions: 281->196
[463.072s][info][gc,metaspace   ] GC(515) Metaspace: 77102K(78144K)->77102K(78144K) NonClass: 67707K(68224K)->67707K(68224K) Class: 9394K(9920K)->9394K(9920K)
[463.072s][info][gc             ] GC(515) Pause Young (Normal) (G1 Evacuation Pause) 2458M->1180M(4096M) 172.302ms
[463.072s][info][gc,cpu         ] GC(515) User=0.88s Sys=0.00s Real=0.17s
[463.096s][info][gc,start       ] GC(516) Pause Full (System.gc())
[463.096s][info][gc,task        ] GC(516) Using 6 workers of 6 for full compaction
[463.096s][info][gc,phases,start] GC(516) Phase 1: Mark live objects
[463.126s][info][gc,phases      ] GC(516) Phase 1: Mark live objects 29.372ms
[463.126s][info][gc,phases,start] GC(516) Phase 2: Prepare compaction
[463.127s][info][gc,phases      ] GC(516) Phase 2: Prepare compaction 1.156ms
[463.127s][info][gc,phases,start] GC(516) Phase 3: Adjust pointers
[463.138s][info][gc,phases      ] GC(516) Phase 3: Adjust pointers 11.286ms
[463.138s][info][gc,phases,start] GC(516) Phase 4: Compact heap
[463.140s][info][gc,phases      ] GC(516) Phase 4: Compact heap 1.182ms
[463.140s][info][gc,phases,start] GC(516) Phase 5: Reset Metadata
[463.146s][info][gc,phases      ] GC(516) Phase 5: Reset Metadata 6.692ms
[463.163s][info][gc,heap        ] GC(516) Eden regions: 51->0(724)
[463.163s][info][gc,heap        ] GC(516) Survivor regions: 82->0(82)
[463.163s][info][gc,heap        ] GC(516) Old regions: 316->78
[463.163s][info][gc,heap        ] GC(516) Humongous regions: 196->3
[463.163s][info][gc,metaspace   ] GC(516) Metaspace: 77102K(78144K)->77102K(78144K) NonClass: 67707K(68224K)->67707K(68224K) Class: 9394K(9920K)->9394K(9920K)
[463.163s][info][gc             ] GC(516) Pause Full (System.gc()) 1282M->154M(4096M) 66.534ms
[463.163s][info][gc,cpu         ] GC(516) User=0.06s Sys=0.00s Real=0.06s
[463.813s][info][gc,start       ] GC(517) Pause Young (Normal) (G1 Evacuation Pause)
[463.813s][info][gc,task        ] GC(517) Using 6 workers of 6 for evacuation
[463.954s][info][gc,phases      ] GC(517)   Pre Evacuate Collection Set: 0.3ms
[463.954s][info][gc,phases      ] GC(517)   Merge Heap Roots: 0.4ms
[463.954s][info][gc,phases      ] GC(517)   Evacuate Collection Set: 138.5ms
[463.954s][info][gc,phases      ] GC(517)   Post Evacuate Collection Set: 0.8ms
[463.954s][info][gc,phases      ] GC(517)   Other: 0.1ms
[463.954s][info][gc,heap        ] GC(517) Eden regions: 771->0(723)
[463.954s][info][gc,heap        ] GC(517) Survivor regions: 0->85(97)
[463.954s][info][gc,heap        ] GC(517) Old regions: 78->78
[463.954s][info][gc,heap        ] GC(517) Humongous regions: 42->39
[463.954s][info][gc,metaspace   ] GC(517) Metaspace: 77102K(78144K)->77102K(78144K) NonClass: 67707K(68224K)->67707K(68224K) Class: 9394K(9920K)->9394K(9920K)
[463.954s][info][gc             ] GC(517) Pause Young (Normal) (G1 Evacuation Pause) 1774M->395M(4096M) 140.361ms
[463.954s][info][gc,cpu         ] GC(517) User=0.83s Sys=0.00s Real=0.15s
[464.979s][info][gc,start       ] GC(518) Pause Young (Normal) (G1 Evacuation Pause)
[464.980s][info][gc,task        ] GC(518) Using 6 workers of 6 for evacuation
[465.252s][info][gc,mmu         ] GC(518) MMU target violated: 201.0ms (200.0ms/201.0ms)
[465.252s][info][gc,phases      ] GC(518)   Pre Evacuate Collection Set: 0.3ms
[465.252s][info][gc,phases      ] GC(518)   Merge Heap Roots: 0.7ms
[465.252s][info][gc,phases      ] GC(518)   Evacuate Collection Set: 270.2ms
[465.252s][info][gc,phases      ] GC(518)   Post Evacuate Collection Set: 1.1ms
[465.252s][info][gc,phases      ] GC(518)   Other: 0.2ms
[465.252s][info][gc,heap        ] GC(518) Eden regions: 707->0(193)
[465.252s][info][gc,heap        ] GC(518) Survivor regions: 85->93(99)
[465.252s][info][gc,heap        ] GC(518) Old regions: 78->160
[465.252s][info][gc,heap        ] GC(518) Humongous regions: 102->95
[465.252s][info][gc,metaspace   ] GC(518) Metaspace: 77102K(78144K)->77102K(78144K) NonClass: 67707K(68224K)->67707K(68224K) Class: 9394K(9920K)->9394K(9920K)
[465.252s][info][gc             ] GC(518) Pause Young (Normal) (G1 Evacuation Pause) 1935M->687M(4096M) 272.629ms
[465.252s][info][gc,cpu         ] GC(518) User=1.59s Sys=0.00s Real=0.28s
[465.431s][info][gc,start       ] GC(519) Pause Young (Normal) (G1 Evacuation Pause)
[465.431s][info][gc,task        ] GC(519) Using 6 workers of 6 for evacuation
[465.540s][info][gc,phases      ] GC(519)   Pre Evacuate Collection Set: 0.3ms
[465.540s][info][gc,phases      ] GC(519)   Merge Heap Roots: 0.5ms
[465.540s][info][gc,phases      ] GC(519)   Evacuate Collection Set: 107.8ms
[465.540s][info][gc,phases      ] GC(519)   Post Evacuate Collection Set: 0.5ms
[465.540s][info][gc,phases      ] GC(519)   Other: 0.1ms
[465.540s][info][gc,heap        ] GC(519) Eden regions: 206->0(772)
[465.540s][info][gc,heap        ] GC(519) Survivor regions: 93->16(38)
[465.540s][info][gc,heap        ] GC(519) Old regions: 160->251
[465.540s][info][gc,heap        ] GC(519) Humongous regions: 95->95
[465.540s][info][gc,metaspace   ] GC(519) Metaspace: 77102K(78144K)->77102K(78144K) NonClass: 67707K(68224K)->67707K(68224K) Class: 9394K(9920K)->9394K(9920K)
[465.540s][info][gc             ] GC(519) Pause Young (Normal) (G1 Evacuation Pause) 1099M->714M(4096M) 109.306ms
[465.540s][info][gc,cpu         ] GC(519) User=0.58s Sys=0.00s Real=0.11s
[467.066s][info][gc,start       ] GC(520) Pause Young (Normal) (G1 Evacuation Pause)
[467.066s][info][gc,task        ] GC(520) Using 6 workers of 6 for evacuation
[467.314s][info][gc,mmu         ] GC(520) MMU target violated: 201.0ms (200.0ms/201.0ms)
[467.314s][info][gc,phases      ] GC(520)   Pre Evacuate Collection Set: 0.3ms
[467.314s][info][gc,phases      ] GC(520)   Merge Heap Roots: 0.6ms
[467.314s][info][gc,phases      ] GC(520)   Evacuate Collection Set: 246.0ms
[467.314s][info][gc,phases      ] GC(520)   Post Evacuate Collection Set: 1.1ms
[467.314s][info][gc,phases      ] GC(520)   Other: 0.2ms
[467.314s][info][gc,heap        ] GC(520) Eden regions: 778->0(21)
[467.314s][info][gc,heap        ] GC(520) Survivor regions: 16->100(100)
[467.314s][info][gc,heap        ] GC(520) Old regions: 251->251
[467.314s][info][gc,heap        ] GC(520) Humongous regions: 225->184
[467.314s][info][gc,metaspace   ] GC(520) Metaspace: 77108K(78208K)->77108K(78208K) NonClass: 67713K(68288K)->67713K(68288K) Class: 9394K(9920K)->9394K(9920K)
[467.314s][info][gc             ] GC(520) Pause Young (Normal) (G1 Evacuation Pause) 2530M->1060M(4096M) 248.394ms
[467.315s][info][gc,cpu         ] GC(520) User=1.39s Sys=0.00s Real=0.25s
[467.360s][info][gc,start       ] GC(521) Pause Young (Normal) (G1 Evacuation Pause)
[467.360s][info][gc,task        ] GC(521) Using 6 workers of 6 for evacuation
[467.470s][info][gc,phases      ] GC(521)   Pre Evacuate Collection Set: 0.3ms
[467.470s][info][gc,phases      ] GC(521)   Merge Heap Roots: 0.4ms
[467.470s][info][gc,phases      ] GC(521)   Evacuate Collection Set: 108.7ms
[467.470s][info][gc,phases      ] GC(521)   Post Evacuate Collection Set: 0.4ms
[467.470s][info][gc,phases      ] GC(521)   Other: 0.1ms
[467.470s][info][gc,heap        ] GC(521) Eden regions: 25->0(957)
[467.470s][info][gc,heap        ] GC(521) Survivor regions: 100->6(16)
[467.470s][info][gc,heap        ] GC(521) Old regions: 251->349
[467.470s][info][gc,heap        ] GC(521) Humongous regions: 212->196
[467.470s][info][gc,metaspace   ] GC(521) Metaspace: 77108K(78208K)->77108K(78208K) NonClass: 67713K(68288K)->67713K(68288K) Class: 9394K(9920K)->9394K(9920K)
[467.470s][info][gc             ] GC(521) Pause Young (Normal) (G1 Evacuation Pause) 1166M->1093M(4096M) 110.195ms
[467.470s][info][gc,cpu         ] GC(521) User=0.58s Sys=0.00s Real=0.11s
[467.773s][info][gc,start       ] GC(522) Pause Full (System.gc())
[467.773s][info][gc,task        ] GC(522) Using 6 workers of 6 for full compaction
[467.773s][info][gc,phases,start] GC(522) Phase 1: Mark live objects
[467.802s][info][gc,phases      ] GC(522) Phase 1: Mark live objects 29.170ms
[467.802s][info][gc,phases,start] GC(522) Phase 2: Prepare compaction
[467.804s][info][gc,phases      ] GC(522) Phase 2: Prepare compaction 1.810ms
[467.804s][info][gc,phases,start] GC(522) Phase 3: Adjust pointers
[467.816s][info][gc,phases      ] GC(522) Phase 3: Adjust pointers 11.780ms
[467.816s][info][gc,phases,start] GC(522) Phase 4: Compact heap
[467.818s][info][gc,phases      ] GC(522) Phase 4: Compact heap 1.931ms
[467.818s][info][gc,phases,start] GC(522) Phase 5: Reset Metadata
[467.825s][info][gc,phases      ] GC(522) Phase 5: Reset Metadata 6.708ms
[467.841s][info][gc,heap        ] GC(522) Eden regions: 396->0(1019)
[467.841s][info][gc,heap        ] GC(522) Survivor regions: 6->0(16)
[467.841s][info][gc,heap        ] GC(522) Old regions: 349->77
[467.841s][info][gc,heap        ] GC(522) Humongous regions: 257->3
[467.841s][info][gc,metaspace   ] GC(522) Metaspace: 77108K(78208K)->77108K(78208K) NonClass: 67713K(68288K)->67713K(68288K) Class: 9394K(9920K)->9394K(9920K)
[467.841s][info][gc             ] GC(522) Pause Full (System.gc()) 2006M->154M(4096M) 68.633ms
[467.841s][info][gc,cpu         ] GC(522) User=0.11s Sys=0.00s Real=0.06s
[469.243s][info][gc,start       ] GC(523) Pause Young (Normal) (G1 Evacuation Pause)
[469.243s][info][gc,task        ] GC(523) Using 6 workers of 6 for evacuation
[469.474s][info][gc,mmu         ] GC(523) MMU target violated: 201.0ms (200.0ms/201.0ms)
[469.474s][info][gc,phases      ] GC(523)   Pre Evacuate Collection Set: 0.3ms
[469.474s][info][gc,phases      ] GC(523)   Merge Heap Roots: 0.7ms
[469.474s][info][gc,phases      ] GC(523)   Evacuate Collection Set: 228.5ms
[469.474s][info][gc,phases      ] GC(523)   Post Evacuate Collection Set: 1.2ms
[469.474s][info][gc,phases      ] GC(523)   Other: 0.2ms
[469.474s][info][gc,heap        ] GC(523) Eden regions: 1045->0(876)
[469.474s][info][gc,heap        ] GC(523) Survivor regions: 0->126(131)
[469.474s][info][gc,heap        ] GC(523) Old regions: 77->77
[469.474s][info][gc,heap        ] GC(523) Humongous regions: 81->71
[469.474s][info][gc,metaspace   ] GC(523) Metaspace: 77110K(78208K)->77110K(78208K) NonClass: 67715K(68288K)->67715K(68288K) Class: 9394K(9920K)->9394K(9920K)
[469.474s][info][gc             ] GC(523) Pause Young (Normal) (G1 Evacuation Pause) 2400M->542M(4096M) 231.075ms
[469.475s][info][gc,cpu         ] GC(523) User=1.30s Sys=0.00s Real=0.22s
[470.698s][info][gc,start       ] GC(524) Pause Young (Normal) (G1 Evacuation Pause)
[470.698s][info][gc,task        ] GC(524) Using 6 workers of 6 for evacuation
[471.004s][info][gc,mmu         ] GC(524) MMU target violated: 201.0ms (200.0ms/201.0ms)
[471.004s][info][gc,phases      ] GC(524)   Pre Evacuate Collection Set: 0.3ms
[471.004s][info][gc,phases      ] GC(524)   Merge Heap Roots: 0.9ms
[471.004s][info][gc,phases      ] GC(524)   Evacuate Collection Set: 303.3ms
[471.004s][info][gc,phases      ] GC(524)   Post Evacuate Collection Set: 1.3ms
[471.004s][info][gc,phases      ] GC(524)   Other: 0.2ms
[471.004s][info][gc,heap        ] GC(524) Eden regions: 854->0(143)
[471.004s][info][gc,heap        ] GC(524) Survivor regions: 126->80(123)
[471.004s][info][gc,heap        ] GC(524) Old regions: 77->203
[471.004s][info][gc,heap        ] GC(524) Humongous regions: 129->115
[471.004s][info][gc,metaspace   ] GC(524) Metaspace: 77110K(78208K)->77110K(78208K) NonClass: 67715K(68288K)->67715K(68288K) Class: 9394K(9920K)->9394K(9920K)
[471.004s][info][gc             ] GC(524) Pause Young (Normal) (G1 Evacuation Pause) 2366M->789M(4096M) 306.163ms
[471.004s][info][gc,cpu         ] GC(524) User=1.75s Sys=0.00s Real=0.31s
[471.176s][info][gc,start       ] GC(525) Pause Young (Normal) (G1 Evacuation Pause)
[471.176s][info][gc,task        ] GC(525) Using 6 workers of 6 for evacuation
[471.307s][info][gc,phases      ] GC(525)   Pre Evacuate Collection Set: 0.3ms
[471.307s][info][gc,phases      ] GC(525)   Merge Heap Roots: 0.6ms
[471.307s][info][gc,phases      ] GC(525)   Evacuate Collection Set: 129.1ms
[471.307s][info][gc,phases      ] GC(525)   Post Evacuate Collection Set: 0.7ms
[471.307s][info][gc,phases      ] GC(525)   Other: 0.1ms
[471.307s][info][gc,heap        ] GC(525) Eden regions: 131->0(861)
[471.307s][info][gc,heap        ] GC(525) Survivor regions: 80->18(27)
[471.307s][info][gc,heap        ] GC(525) Old regions: 203->282
[471.307s][info][gc,heap        ] GC(525) Humongous regions: 134->127
[471.307s][info][gc,metaspace   ] GC(525) Metaspace: 77110K(78208K)->77110K(78208K) NonClass: 67715K(68288K)->67715K(68288K) Class: 9394K(9920K)->9394K(9920K)
[471.307s][info][gc             ] GC(525) Pause Young (Normal) (G1 Evacuation Pause) 1089M->847M(4096M) 130.995ms
[471.307s][info][gc,cpu         ] GC(525) User=0.70s Sys=0.00s Real=0.14s
[472.463s][info][gc,start       ] GC(526) Pause Full (System.gc())
[472.463s][info][gc,task        ] GC(526) Using 6 workers of 6 for full compaction
[472.464s][info][gc,phases,start] GC(526) Phase 1: Mark live objects
[472.493s][info][gc,phases      ] GC(526) Phase 1: Mark live objects 28.884ms
[472.493s][info][gc,phases,start] GC(526) Phase 2: Prepare compaction
[472.495s][info][gc,phases      ] GC(526) Phase 2: Prepare compaction 1.944ms
[472.495s][info][gc,phases,start] GC(526) Phase 3: Adjust pointers
[472.506s][info][gc,phases      ] GC(526) Phase 3: Adjust pointers 11.644ms
[472.506s][info][gc,phases,start] GC(526) Phase 4: Compact heap
[472.508s][info][gc,phases      ] GC(526) Phase 4: Compact heap 1.614ms
[472.508s][info][gc,phases,start] GC(526) Phase 5: Reset Metadata
[472.515s][info][gc,phases      ] GC(526) Phase 5: Reset Metadata 7.412ms
[472.532s][info][gc,heap        ] GC(526) Eden regions: 855->0(923)
[472.532s][info][gc,heap        ] GC(526) Survivor regions: 18->0(27)
[472.532s][info][gc,heap        ] GC(526) Old regions: 282->78
[472.532s][info][gc,heap        ] GC(526) Humongous regions: 290->3
[472.532s][info][gc,metaspace   ] GC(526) Metaspace: 77110K(78208K)->77110K(78208K) NonClass: 67715K(68288K)->67715K(68288K) Class: 9394K(9920K)->9394K(9920K)
[472.532s][info][gc             ] GC(526) Pause Full (System.gc()) 2882M->154M(4096M) 68.864ms
[472.532s][info][gc,cpu         ] GC(526) User=0.11s Sys=0.00s Real=0.08s
[473.846s][info][gc,start       ] GC(527) Pause Young (Normal) (G1 Evacuation Pause)
[473.846s][info][gc,task        ] GC(527) Using 6 workers of 6 for evacuation
[474.048s][info][gc,mmu         ] GC(527) MMU target violated: 201.0ms (200.0ms/201.0ms)
[474.048s][info][gc,phases      ] GC(527)   Pre Evacuate Collection Set: 0.3ms
[474.048s][info][gc,phases      ] GC(527)   Merge Heap Roots: 0.5ms
[474.048s][info][gc,phases      ] GC(527)   Evacuate Collection Set: 199.7ms
[474.048s][info][gc,phases      ] GC(527)   Post Evacuate Collection Set: 1.0ms
[474.048s][info][gc,phases      ] GC(527)   Other: 0.2ms
[474.048s][info][gc,heap        ] GC(527) Eden regions: 941->0(872)
[474.048s][info][gc,heap        ] GC(527) Survivor regions: 0->101(118)
[474.048s][info][gc,heap        ] GC(527) Old regions: 78->78
[474.048s][info][gc,heap        ] GC(527) Humongous regions: 69->59
[474.048s][info][gc,metaspace   ] GC(527) Metaspace: 77110K(78208K)->77110K(78208K) NonClass: 67715K(68288K)->67715K(68288K) Class: 9394K(9920K)->9394K(9920K)
[474.048s][info][gc             ] GC(527) Pause Young (Normal) (G1 Evacuation Pause) 2168M->467M(4096M) 201.884ms
[474.048s][info][gc,cpu         ] GC(527) User=1.19s Sys=0.00s Real=0.19s
[475.281s][info][gc,start       ] GC(528) Pause Young (Normal) (G1 Evacuation Pause)
[475.281s][info][gc,task        ] GC(528) Using 6 workers of 6 for evacuation
[475.582s][info][gc,mmu         ] GC(528) MMU target violated: 201.0ms (200.0ms/201.0ms)
[475.582s][info][gc,phases      ] GC(528)   Pre Evacuate Collection Set: 0.3ms
[475.582s][info][gc,phases      ] GC(528)   Merge Heap Roots: 0.9ms
[475.582s][info][gc,phases      ] GC(528)   Evacuate Collection Set: 298.4ms
[475.582s][info][gc,phases      ] GC(528)   Post Evacuate Collection Set: 1.2ms
[475.582s][info][gc,phases      ] GC(528)   Other: 0.2ms
[475.582s][info][gc,heap        ] GC(528) Eden regions: 867->0(32)
[475.582s][info][gc,heap        ] GC(528) Survivor regions: 101->98(121)
[475.582s][info][gc,heap        ] GC(528) Old regions: 78->176
[475.582s][info][gc,heap        ] GC(528) Humongous regions: 114->107
[475.582s][info][gc,metaspace   ] GC(528) Metaspace: 77110K(78208K)->77110K(78208K) NonClass: 67715K(68288K)->67715K(68288K) Class: 9394K(9920K)->9394K(9920K)
[475.582s][info][gc             ] GC(528) Pause Young (Normal) (G1 Evacuation Pause) 2311M->753M(4096M) 301.269ms
[475.582s][info][gc,cpu         ] GC(528) User=1.70s Sys=0.03s Real=0.30s
[475.707s][info][gc,start       ] GC(529) Pause Young (Normal) (G1 Evacuation Pause)
[475.707s][info][gc,task        ] GC(529) Using 6 workers of 6 for evacuation
[475.833s][info][gc,phases      ] GC(529)   Pre Evacuate Collection Set: 0.2ms
[475.833s][info][gc,phases      ] GC(529)   Merge Heap Roots: 0.4ms
[475.833s][info][gc,phases      ] GC(529)   Evacuate Collection Set: 124.5ms
[475.833s][info][gc,phases      ] GC(529)   Post Evacuate Collection Set: 0.5ms
[475.833s][info][gc,phases      ] GC(529)   Other: 0.1ms
[475.833s][info][gc,heap        ] GC(529) Eden regions: 70->0(489)
[475.833s][info][gc,heap        ] GC(529) Survivor regions: 98->11(21)
[475.833s][info][gc,heap        ] GC(529) Old regions: 176->273
[475.833s][info][gc,heap        ] GC(529) Humongous regions: 116->115
[475.833s][info][gc,metaspace   ] GC(529) Metaspace: 77110K(78208K)->77110K(78208K) NonClass: 67715K(68288K)->67715K(68288K) Class: 9394K(9920K)->9394K(9920K)
[475.833s][info][gc             ] GC(529) Pause Young (Normal) (G1 Evacuation Pause) 911M->789M(4096M) 125.923ms
[475.833s][info][gc,cpu         ] GC(529) User=0.67s Sys=0.00s Real=0.12s
[476.499s][info][gc,start       ] GC(530) Pause Young (Normal) (G1 Evacuation Pause)
[476.499s][info][gc,task        ] GC(530) Using 6 workers of 6 for evacuation
[476.632s][info][gc,phases      ] GC(530)   Pre Evacuate Collection Set: 0.3ms
[476.632s][info][gc,phases      ] GC(530)   Merge Heap Roots: 0.3ms
[476.632s][info][gc,phases      ] GC(530)   Evacuate Collection Set: 131.3ms
[476.632s][info][gc,phases      ] GC(530)   Post Evacuate Collection Set: 0.9ms
[476.632s][info][gc,phases      ] GC(530)   Other: 0.1ms
[476.632s][info][gc,heap        ] GC(530) Eden regions: 524->0(209)
[476.632s][info][gc,heap        ] GC(530) Survivor regions: 11->67(67)
[476.632s][info][gc,heap        ] GC(530) Old regions: 273->275
[476.632s][info][gc,heap        ] GC(530) Humongous regions: 169->149
[476.632s][info][gc,metaspace   ] GC(530) Metaspace: 77116K(78208K)->77116K(78208K) NonClass: 67721K(68288K)->67721K(68288K) Class: 9394K(9920K)->9394K(9920K)
[476.632s][info][gc             ] GC(530) Pause Young (Normal) (G1 Evacuation Pause) 1945M->974M(4096M) 133.301ms
[476.632s][info][gc,cpu         ] GC(530) User=0.75s Sys=0.00s Real=0.12s
[477.038s][info][gc,start       ] GC(531) Pause Young (Normal) (G1 Evacuation Pause)
[477.038s][info][gc,task        ] GC(531) Using 6 workers of 6 for evacuation
[477.165s][info][gc,phases      ] GC(531)   Pre Evacuate Collection Set: 0.3ms
[477.165s][info][gc,phases      ] GC(531)   Merge Heap Roots: 0.7ms
[477.165s][info][gc,phases      ] GC(531)   Evacuate Collection Set: 125.6ms
[477.165s][info][gc,phases      ] GC(531)   Post Evacuate Collection Set: 0.8ms
[477.166s][info][gc,phases      ] GC(531)   Other: 0.1ms
[477.166s][info][gc,heap        ] GC(531) Eden regions: 199->0(472)
[477.166s][info][gc,heap        ] GC(531) Survivor regions: 67->27(34)
[477.166s][info][gc,heap        ] GC(531) Old regions: 275->344
[477.166s][info][gc,heap        ] GC(531) Humongous regions: 278->191
[477.166s][info][gc,metaspace   ] GC(531) Metaspace: 77116K(78208K)->77116K(78208K) NonClass: 67722K(68288K)->67722K(68288K) Class: 9394K(9920K)->9394K(9920K)
[477.166s][info][gc             ] GC(531) Pause Young (Normal) (G1 Evacuation Pause) 1630M->1115M(4096M) 127.805ms
[477.166s][info][gc,cpu         ] GC(531) User=0.70s Sys=0.00s Real=0.13s
[477.347s][info][gc,start       ] GC(532) Pause Full (System.gc())
[477.347s][info][gc,task        ] GC(532) Using 6 workers of 6 for full compaction
[477.347s][info][gc,phases,start] GC(532) Phase 1: Mark live objects
[477.375s][info][gc,phases      ] GC(532) Phase 1: Mark live objects 27.883ms
[477.375s][info][gc,phases,start] GC(532) Phase 2: Prepare compaction
[477.377s][info][gc,phases      ] GC(532) Phase 2: Prepare compaction 1.338ms
[477.377s][info][gc,phases,start] GC(532) Phase 3: Adjust pointers
[477.388s][info][gc,phases      ] GC(532) Phase 3: Adjust pointers 11.743ms
[477.388s][info][gc,phases,start] GC(532) Phase 4: Compact heap
[477.390s][info][gc,phases      ] GC(532) Phase 4: Compact heap 1.300ms
[477.390s][info][gc,phases,start] GC(532) Phase 5: Reset Metadata
[477.397s][info][gc,phases      ] GC(532) Phase 5: Reset Metadata 7.441ms
[477.414s][info][gc,heap        ] GC(532) Eden regions: 284->0(614)
[477.414s][info][gc,heap        ] GC(532) Survivor regions: 27->0(34)
[477.414s][info][gc,heap        ] GC(532) Old regions: 344->79
[477.414s][info][gc,heap        ] GC(532) Humongous regions: 199->3
[477.414s][info][gc,metaspace   ] GC(532) Metaspace: 77116K(78208K)->77116K(78208K) NonClass: 67722K(68288K)->67722K(68288K) Class: 9394K(9920K)->9394K(9920K)
[477.414s][info][gc             ] GC(532) Pause Full (System.gc()) 1697M->154M(4096M) 66.869ms
[477.414s][info][gc,cpu         ] GC(532) User=0.05s Sys=0.00s Real=0.06s
[477.965s][info][gc,start       ] GC(533) Pause Young (Normal) (G1 Evacuation Pause)
[477.965s][info][gc,task        ] GC(533) Using 6 workers of 6 for evacuation
[478.094s][info][gc,phases      ] GC(533)   Pre Evacuate Collection Set: 0.3ms
[478.094s][info][gc,phases      ] GC(533)   Merge Heap Roots: 0.5ms
[478.094s][info][gc,phases      ] GC(533)   Evacuate Collection Set: 127.2ms
[478.094s][info][gc,phases      ] GC(533)   Post Evacuate Collection Set: 0.8ms
[478.094s][info][gc,phases      ] GC(533)   Other: 0.1ms
[478.094s][info][gc,heap        ] GC(533) Eden regions: 659->0(631)
[478.094s][info][gc,heap        ] GC(533) Survivor regions: 0->80(83)
[478.094s][info][gc,heap        ] GC(533) Old regions: 79->79
[478.094s][info][gc,heap        ] GC(533) Humongous regions: 42->39
[478.094s][info][gc,metaspace   ] GC(533) Metaspace: 77125K(78208K)->77125K(78208K) NonClass: 67730K(68288K)->67730K(68288K) Class: 9394K(9920K)->9394K(9920K)
[478.094s][info][gc             ] GC(533) Pause Young (Normal) (G1 Evacuation Pause) 1550M->386M(4096M) 129.285ms
[478.094s][info][gc,cpu         ] GC(533) User=0.70s Sys=0.00s Real=0.13s
[479.081s][info][gc,start       ] GC(534) Pause Young (Normal) (G1 Evacuation Pause)
[479.081s][info][gc,task        ] GC(534) Using 6 workers of 6 for evacuation
[479.323s][info][gc,mmu         ] GC(534) MMU target violated: 201.0ms (200.0ms/201.0ms)
[479.323s][info][gc,phases      ] GC(534)   Pre Evacuate Collection Set: 0.3ms
[479.323s][info][gc,phases      ] GC(534)   Merge Heap Roots: 0.5ms
[479.323s][info][gc,phases      ] GC(534)   Evacuate Collection Set: 239.5ms
[479.323s][info][gc,phases      ] GC(534)   Post Evacuate Collection Set: 1.1ms
[479.323s][info][gc,phases      ] GC(534)   Other: 0.2ms
[479.323s][info][gc,heap        ] GC(534) Eden regions: 631->0(238)
[479.323s][info][gc,heap        ] GC(534) Survivor regions: 80->84(89)
[479.323s][info][gc,heap        ] GC(534) Old regions: 79->156
[479.323s][info][gc,heap        ] GC(534) Humongous regions: 90->83
[479.323s][info][gc,metaspace   ] GC(534) Metaspace: 77125K(78208K)->77125K(78208K) NonClass: 67730K(68288K)->67730K(68288K) Class: 9394K(9920K)->9394K(9920K)
[479.323s][info][gc             ] GC(534) Pause Young (Normal) (G1 Evacuation Pause) 1750M->634M(4096M) 241.825ms
[479.323s][info][gc,cpu         ] GC(534) User=1.44s Sys=0.00s Real=0.24s
[479.538s][info][gc,start       ] GC(535) Pause Young (Normal) (G1 Evacuation Pause)
[479.539s][info][gc,task        ] GC(535) Using 6 workers of 6 for evacuation
[479.659s][info][gc,phases      ] GC(535)   Pre Evacuate Collection Set: 0.3ms
[479.660s][info][gc,phases      ] GC(535)   Merge Heap Roots: 0.5ms
[479.660s][info][gc,phases      ] GC(535)   Evacuate Collection Set: 119.2ms
[479.660s][info][gc,phases      ] GC(535)   Post Evacuate Collection Set: 0.7ms
[479.660s][info][gc,phases      ] GC(535)   Other: 0.1ms
[479.660s][info][gc,heap        ] GC(535) Eden regions: 242->0(649)
[479.660s][info][gc,heap        ] GC(535) Survivor regions: 84->22(41)
[479.660s][info][gc,heap        ] GC(535) Old regions: 156->238
[479.660s][info][gc,heap        ] GC(535) Humongous regions: 95->95
[479.660s][info][gc,metaspace   ] GC(535) Metaspace: 77125K(78208K)->77125K(78208K) NonClass: 67730K(68288K)->67730K(68288K) Class: 9394K(9920K)->9394K(9920K)
[479.660s][info][gc             ] GC(535) Pause Young (Normal) (G1 Evacuation Pause) 1142M->699M(4096M) 121.164ms
[479.660s][info][gc,cpu         ] GC(535) User=0.61s Sys=0.02s Real=0.13s
[480.904s][info][gc,start       ] GC(536) Pause Young (Normal) (G1 Evacuation Pause)
[480.904s][info][gc,task        ] GC(536) Using 6 workers of 6 for evacuation
[481.095s][info][gc,phases      ] GC(536)   Pre Evacuate Collection Set: 0.3ms
[481.095s][info][gc,phases      ] GC(536)   Merge Heap Roots: 0.5ms
[481.095s][info][gc,phases      ] GC(536)   Evacuate Collection Set: 188.5ms
[481.095s][info][gc,phases      ] GC(536)   Post Evacuate Collection Set: 1.4ms
[481.095s][info][gc,phases      ] GC(536)   Other: 0.1ms
[481.095s][info][gc,heap        ] GC(536) Eden regions: 671->0(157)
[481.095s][info][gc,heap        ] GC(536) Survivor regions: 22->79(87)
[481.095s][info][gc,heap        ] GC(536) Old regions: 238->238
[481.095s][info][gc,heap        ] GC(536) Humongous regions: 167->139
[481.095s][info][gc,metaspace   ] GC(536) Metaspace: 77138K(78208K)->77138K(78208K) NonClass: 67743K(68288K)->67743K(68288K) Class: 9394K(9920K)->9394K(9920K)
[481.095s][info][gc             ] GC(536) Pause Young (Normal) (G1 Evacuation Pause) 2185M->902M(4096M) 191.054ms
[481.095s][info][gc,cpu         ] GC(536) User=1.06s Sys=0.00s Real=0.19s
[481.210s][info][gc,start       ] GC(537) Pause Young (Normal) (G1 Evacuation Pause)
[481.210s][info][gc,task        ] GC(537) Using 6 workers of 6 for evacuation
[481.319s][info][gc,phases      ] GC(537)   Pre Evacuate Collection Set: 0.3ms
[481.320s][info][gc,phases      ] GC(537)   Merge Heap Roots: 0.6ms
[481.320s][info][gc,phases      ] GC(537)   Evacuate Collection Set: 107.4ms
[481.320s][info][gc,phases      ] GC(537)   Post Evacuate Collection Set: 0.8ms
[481.320s][info][gc,phases      ] GC(537)   Other: 0.1ms
[481.320s][info][gc,heap        ] GC(537) Eden regions: 166->0(625)
[481.320s][info][gc,heap        ] GC(537) Survivor regions: 79->24(31)
[481.320s][info][gc,heap        ] GC(537) Old regions: 238->317
[481.320s][info][gc,heap        ] GC(537) Humongous regions: 143->143
[481.320s][info][gc,metaspace   ] GC(537) Metaspace: 77138K(78208K)->77138K(78208K) NonClass: 67743K(68288K)->67743K(68288K) Class: 9394K(9920K)->9394K(9920K)
[481.320s][info][gc             ] GC(537) Pause Young (Normal) (G1 Evacuation Pause) 1242M->958M(4096M) 109.432ms
[481.320s][info][gc,cpu         ] GC(537) User=0.58s Sys=0.00s Real=0.11s
[481.945s][info][gc,start       ] GC(538) Pause Full (System.gc())
[481.945s][info][gc,task        ] GC(538) Using 6 workers of 6 for full compaction
[481.945s][info][gc,phases,start] GC(538) Phase 1: Mark live objects
[481.975s][info][gc,phases      ] GC(538) Phase 1: Mark live objects 29.346ms
[481.975s][info][gc,phases,start] GC(538) Phase 2: Prepare compaction
[481.976s][info][gc,phases      ] GC(538) Phase 2: Prepare compaction 1.692ms
[481.976s][info][gc,phases,start] GC(538) Phase 3: Adjust pointers
[481.988s][info][gc,phases      ] GC(538) Phase 3: Adjust pointers 11.620ms
[481.988s][info][gc,phases,start] GC(538) Phase 4: Compact heap
[481.990s][info][gc,phases      ] GC(538) Phase 4: Compact heap 1.686ms
[481.990s][info][gc,phases,start] GC(538) Phase 5: Reset Metadata
[481.997s][info][gc,phases      ] GC(538) Phase 5: Reset Metadata 7.136ms
[482.013s][info][gc,heap        ] GC(538) Eden regions: 514->0(846)
[482.013s][info][gc,heap        ] GC(538) Survivor regions: 24->0(31)
[482.013s][info][gc,heap        ] GC(538) Old regions: 317->78
[482.013s][info][gc,heap        ] GC(538) Humongous regions: 291->3
[482.013s][info][gc,metaspace   ] GC(538) Metaspace: 77155K(78208K)->77155K(78208K) NonClass: 67760K(68288K)->67760K(68288K) Class: 9394K(9920K)->9394K(9920K)
[482.013s][info][gc             ] GC(538) Pause Full (System.gc()) 2281M->154M(4096M) 68.616ms
[482.014s][info][gc,cpu         ] GC(538) User=0.11s Sys=0.00s Real=0.06s
[483.218s][info][gc,start       ] GC(539) Pause Young (Normal) (G1 Evacuation Pause)
[483.218s][info][gc,task        ] GC(539) Using 6 workers of 6 for evacuation
[483.392s][info][gc,phases      ] GC(539)   Pre Evacuate Collection Set: 0.4ms
[483.392s][info][gc,phases      ] GC(539)   Merge Heap Roots: 0.4ms
[483.392s][info][gc,phases      ] GC(539)   Evacuate Collection Set: 171.9ms
[483.392s][info][gc,phases      ] GC(539)   Post Evacuate Collection Set: 1.0ms
[483.392s][info][gc,phases      ] GC(539)   Other: 0.1ms
[483.392s][info][gc,heap        ] GC(539) Eden regions: 885->0(803)
[483.392s][info][gc,heap        ] GC(539) Survivor regions: 0->88(111)
[483.392s][info][gc,heap        ] GC(539) Old regions: 78->78
[483.392s][info][gc,heap        ] GC(539) Humongous regions: 57->47
[483.392s][info][gc,metaspace   ] GC(539) Metaspace: 77155K(78208K)->77155K(78208K) NonClass: 67760K(68288K)->67760K(68288K) Class: 9394K(9920K)->9394K(9920K)
[483.392s][info][gc             ] GC(539) Pause Young (Normal) (G1 Evacuation Pause) 2032M->418M(4096M) 173.992ms
[483.392s][info][gc,cpu         ] GC(539) User=0.97s Sys=0.00s Real=0.17s
[484.142s][info][gc,start       ] GC(540) Pause Young (Normal) (G1 Evacuation Pause)
[484.142s][info][gc,task        ] GC(540) Using 6 workers of 6 for evacuation
[484.418s][info][gc,mmu         ] GC(540) MMU target violated: 201.0ms (200.0ms/201.0ms)
[484.418s][info][gc,phases      ] GC(540)   Pre Evacuate Collection Set: 0.3ms
[484.418s][info][gc,phases      ] GC(540)   Merge Heap Roots: 0.7ms
[484.418s][info][gc,phases      ] GC(540)   Evacuate Collection Set: 273.7ms
[484.418s][info][gc,phases      ] GC(540)   Post Evacuate Collection Set: 1.1ms
[484.418s][info][gc,phases      ] GC(540)   Other: 0.2ms
[484.418s][info][gc,heap        ] GC(540) Eden regions: 794->0(163)
[484.418s][info][gc,heap        ] GC(540) Survivor regions: 88->98(111)
[484.418s][info][gc,heap        ] GC(540) Old regions: 78->167
[484.418s][info][gc,heap        ] GC(540) Humongous regions: 95->95
[484.418s][info][gc,metaspace   ] GC(540) Metaspace: 77155K(78208K)->77155K(78208K) NonClass: 67760K(68288K)->67760K(68288K) Class: 9394K(9920K)->9394K(9920K)
[484.418s][info][gc             ] GC(540) Pause Young (Normal) (G1 Evacuation Pause) 2102M->711M(4096M) 276.233ms
[484.418s][info][gc,cpu         ] GC(540) User=1.59s Sys=0.00s Real=0.28s
[484.958s][info][gc,start       ] GC(541) Pause Young (Normal) (G1 Evacuation Pause)
[484.958s][info][gc,task        ] GC(541) Using 6 workers of 6 for evacuation
[485.126s][info][gc,phases      ] GC(541)   Pre Evacuate Collection Set: 0.3ms
[485.126s][info][gc,phases      ] GC(541)   Merge Heap Roots: 0.4ms
[485.126s][info][gc,phases      ] GC(541)   Evacuate Collection Set: 166.3ms
[485.126s][info][gc,phases      ] GC(541)   Post Evacuate Collection Set: 0.7ms
[485.126s][info][gc,phases      ] GC(541)   Other: 0.1ms
[485.126s][info][gc,heap        ] GC(541) Eden regions: 180->0(750)
[485.126s][info][gc,heap        ] GC(541) Survivor regions: 98->21(35)
[485.126s][info][gc,heap        ] GC(541) Old regions: 167->262
[485.126s][info][gc,heap        ] GC(541) Humongous regions: 122->115
[485.126s][info][gc,metaspace   ] GC(541) Metaspace: 77155K(78208K)->77155K(78208K) NonClass: 67760K(68288K)->67760K(68288K) Class: 9394K(9920K)->9394K(9920K)
[485.126s][info][gc             ] GC(541) Pause Young (Normal) (G1 Evacuation Pause) 1125M->788M(4096M) 168.000ms
[485.126s][info][gc,cpu         ] GC(541) User=0.92s Sys=0.00s Real=0.16s
[486.224s][info][gc,start       ] GC(542) Pause Young (Normal) (G1 Evacuation Pause)
[486.224s][info][gc,task        ] GC(542) Using 6 workers of 6 for evacuation
[486.440s][info][gc,mmu         ] GC(542) MMU target violated: 201.0ms (200.0ms/201.0ms)
[486.440s][info][gc,phases      ] GC(542)   Pre Evacuate Collection Set: 0.3ms
[486.440s][info][gc,phases      ] GC(542)   Merge Heap Roots: 0.6ms
[486.440s][info][gc,phases      ] GC(542)   Evacuate Collection Set: 213.5ms
[486.440s][info][gc,phases      ] GC(542)   Post Evacuate Collection Set: 1.0ms
[486.440s][info][gc,phases      ] GC(542)   Other: 0.2ms
[486.440s][info][gc,heap        ] GC(542) Eden regions: 716->0(48)
[486.440s][info][gc,heap        ] GC(542) Survivor regions: 21->93(93)
[486.440s][info][gc,heap        ] GC(542) Old regions: 262->271
[486.440s][info][gc,heap        ] GC(542) Humongous regions: 300->203
[486.440s][info][gc,metaspace   ] GC(542) Metaspace: 77165K(78208K)->77165K(78208K) NonClass: 67770K(68288K)->67770K(68288K) Class: 9394K(9920K)->9394K(9920K)
[486.440s][info][gc             ] GC(542) Pause Young (Normal) (G1 Evacuation Pause) 2590M->1126M(4096M) 215.730ms
[486.440s][info][gc,cpu         ] GC(542) User=1.17s Sys=0.00s Real=0.20s
[486.502s][info][gc,start       ] GC(543) Pause Young (Normal) (G1 Evacuation Pause)
[486.502s][info][gc,task        ] GC(543) Using 6 workers of 6 for evacuation
[486.614s][info][gc,phases      ] GC(543)   Pre Evacuate Collection Set: 0.3ms
[486.614s][info][gc,phases      ] GC(543)   Merge Heap Roots: 0.7ms
[486.614s][info][gc,phases      ] GC(543)   Evacuate Collection Set: 110.3ms
[486.614s][info][gc,phases      ] GC(543)   Post Evacuate Collection Set: 0.6ms
[486.614s][info][gc,phases      ] GC(543)   Other: 0.1ms
[486.614s][info][gc,heap        ] GC(543) Eden regions: 53->0(689)
[486.614s][info][gc,heap        ] GC(543) Survivor regions: 93->14(19)
[486.614s][info][gc,heap        ] GC(543) Old regions: 271->364
[486.614s][info][gc,heap        ] GC(543) Humongous regions: 213->201
[486.614s][info][gc,metaspace   ] GC(543) Metaspace: 77165K(78208K)->77165K(78208K) NonClass: 67770K(68288K)->67770K(68288K) Class: 9394K(9920K)->9394K(9920K)
[486.614s][info][gc             ] GC(543) Pause Young (Normal) (G1 Evacuation Pause) 1252M->1150M(4096M) 112.179ms
[486.614s][info][gc,cpu         ] GC(543) User=0.61s Sys=0.00s Real=0.11s
[486.772s][info][gc,start       ] GC(544) Pause Full (System.gc())
[486.772s][info][gc,task        ] GC(544) Using 6 workers of 6 for full compaction
[486.772s][info][gc,phases,start] GC(544) Phase 1: Mark live objects
[486.802s][info][gc,phases      ] GC(544) Phase 1: Mark live objects 29.596ms
[486.802s][info][gc,phases,start] GC(544) Phase 2: Prepare compaction
[486.803s][info][gc,phases      ] GC(544) Phase 2: Prepare compaction 1.232ms
[486.803s][info][gc,phases,start] GC(544) Phase 3: Adjust pointers
[486.815s][info][gc,phases      ] GC(544) Phase 3: Adjust pointers 11.548ms
[486.815s][info][gc,phases,start] GC(544) Phase 4: Compact heap
[486.816s][info][gc,phases      ] GC(544) Phase 4: Compact heap 1.114ms
[486.816s][info][gc,phases,start] GC(544) Phase 5: Reset Metadata
[486.823s][info][gc,phases      ] GC(544) Phase 5: Reset Metadata 7.605ms
[486.840s][info][gc,heap        ] GC(544) Eden regions: 255->0(798)
[486.840s][info][gc,heap        ] GC(544) Survivor regions: 14->0(19)
[486.840s][info][gc,heap        ] GC(544) Old regions: 364->79
[486.840s][info][gc,heap        ] GC(544) Humongous regions: 203->3
[486.840s][info][gc,metaspace   ] GC(544) Metaspace: 77165K(78208K)->77165K(78208K) NonClass: 67770K(68288K)->67770K(68288K) Class: 9394K(9920K)->9394K(9920K)
[486.840s][info][gc             ] GC(544) Pause Full (System.gc()) 1664M->154M(4096M) 68.480ms
[486.840s][info][gc,cpu         ] GC(544) User=0.14s Sys=0.00s Real=0.08s
[487.899s][info][gc,start       ] GC(545) Pause Young (Normal) (G1 Evacuation Pause)
[487.899s][info][gc,task        ] GC(545) Using 6 workers of 6 for evacuation
[488.073s][info][gc,phases      ] GC(545)   Pre Evacuate Collection Set: 0.3ms
[488.073s][info][gc,phases      ] GC(545)   Merge Heap Roots: 0.5ms
[488.073s][info][gc,phases      ] GC(545)   Evacuate Collection Set: 172.3ms
[488.073s][info][gc,phases      ] GC(545)   Post Evacuate Collection Set: 0.9ms
[488.073s][info][gc,phases      ] GC(545)   Other: 0.1ms
[488.073s][info][gc,heap        ] GC(545) Eden regions: 856->0(774)
[488.073s][info][gc,heap        ] GC(545) Survivor regions: 0->89(107)
[488.073s][info][gc,heap        ] GC(545) Old regions: 79->79
[488.073s][info][gc,heap        ] GC(545) Humongous regions: 50->47
[488.073s][info][gc,metaspace   ] GC(545) Metaspace: 77165K(78208K)->77165K(78208K) NonClass: 67770K(68288K)->67770K(68288K) Class: 9394K(9920K)->9394K(9920K)
[488.073s][info][gc             ] GC(545) Pause Young (Normal) (G1 Evacuation Pause) 1960M->419M(4096M) 174.321ms
[488.073s][info][gc,cpu         ] GC(545) User=0.95s Sys=0.00s Real=0.18s
[488.883s][info][gc,start       ] GC(546) Pause Young (Normal) (G1 Evacuation Pause)
[488.883s][info][gc,task        ] GC(546) Using 6 workers of 6 for evacuation
[489.150s][info][gc,mmu         ] GC(546) MMU target violated: 201.0ms (200.0ms/201.0ms)
[489.150s][info][gc,phases      ] GC(546)   Pre Evacuate Collection Set: 0.3ms
[489.150s][info][gc,phases      ] GC(546)   Merge Heap Roots: 0.7ms
[489.150s][info][gc,phases      ] GC(546)   Evacuate Collection Set: 265.1ms
[489.150s][info][gc,phases      ] GC(546)   Post Evacuate Collection Set: 1.1ms
[489.151s][info][gc,phases      ] GC(546)   Other: 0.2ms
[489.151s][info][gc,heap        ] GC(546) Eden regions: 770->0(153)
[489.151s][info][gc,heap        ] GC(546) Survivor regions: 89->96(108)
[489.151s][info][gc,heap        ] GC(546) Old regions: 79->168
[489.151s][info][gc,heap        ] GC(546) Humongous regions: 102->95
[489.151s][info][gc,metaspace   ] GC(546) Metaspace: 77165K(78208K)->77165K(78208K) NonClass: 67770K(68288K)->67770K(68288K) Class: 9394K(9920K)->9394K(9920K)
[489.151s][info][gc             ] GC(546) Pause Young (Normal) (G1 Evacuation Pause) 2069M->707M(4096M) 267.653ms
[489.151s][info][gc,cpu         ] GC(546) User=1.52s Sys=0.00s Real=0.27s
[489.708s][info][gc,start       ] GC(547) Pause Young (Normal) (G1 Evacuation Pause)
[489.708s][info][gc,task        ] GC(547) Using 6 workers of 6 for evacuation
[489.863s][info][gc,phases      ] GC(547)   Pre Evacuate Collection Set: 0.3ms
[489.863s][info][gc,phases      ] GC(547)   Merge Heap Roots: 0.4ms
[489.863s][info][gc,phases      ] GC(547)   Evacuate Collection Set: 153.5ms
[489.863s][info][gc,phases      ] GC(547)   Post Evacuate Collection Set: 0.9ms
[489.863s][info][gc,phases      ] GC(547)   Other: 0.1ms
[489.863s][info][gc,heap        ] GC(547) Eden regions: 197->0(756)
[489.863s][info][gc,heap        ] GC(547) Survivor regions: 96->21(37)
[489.863s][info][gc,heap        ] GC(547) Old regions: 168->260
[489.863s][info][gc,heap        ] GC(547) Humongous regions: 122->115
[489.863s][info][gc,metaspace   ] GC(547) Metaspace: 77165K(78208K)->77165K(78208K) NonClass: 67770K(68288K)->67770K(68288K) Class: 9394K(9920K)->9394K(9920K)
[489.863s][info][gc             ] GC(547) Pause Young (Normal) (G1 Evacuation Pause) 1155M->780M(4096M) 155.403ms
[489.863s][info][gc,cpu         ] GC(547) User=0.88s Sys=0.00s Real=0.16s
[491.050s][info][gc,start       ] GC(548) Pause Young (Normal) (G1 Evacuation Pause)
[491.051s][info][gc,task        ] GC(548) Using 6 workers of 6 for evacuation
[491.280s][info][gc,mmu         ] GC(548) MMU target violated: 201.0ms (200.0ms/201.0ms)
[491.280s][info][gc,phases      ] GC(548)   Pre Evacuate Collection Set: 0.4ms
[491.280s][info][gc,phases      ] GC(548)   Merge Heap Roots: 0.8ms
[491.280s][info][gc,phases      ] GC(548)   Evacuate Collection Set: 227.5ms
[491.280s][info][gc,phases      ] GC(548)   Post Evacuate Collection Set: 0.8ms
[491.280s][info][gc,phases      ] GC(548)   Other: 0.2ms
[491.280s][info][gc,heap        ] GC(548) Eden regions: 748->0(21)
[491.280s][info][gc,heap        ] GC(548) Survivor regions: 21->97(97)
[491.280s][info][gc,heap        ] GC(548) Old regions: 260->269
[491.280s][info][gc,heap        ] GC(548) Humongous regions: 293->201
[491.280s][info][gc,metaspace   ] GC(548) Metaspace: 77168K(78272K)->77168K(78272K) NonClass: 67773K(68352K)->67773K(68352K) Class: 9394K(9920K)->9394K(9920K)
[491.280s][info][gc             ] GC(548) Pause Young (Normal) (G1 Evacuation Pause) 2632M->1123M(4096M) 229.924ms
[491.280s][info][gc,cpu         ] GC(548) User=1.31s Sys=0.00s Real=0.24s
[491.327s][info][gc,start       ] GC(549) Pause Young (Normal) (G1 Evacuation Pause)
[491.327s][info][gc,task        ] GC(549) Using 6 workers of 6 for evacuation
[491.438s][info][gc,phases      ] GC(549)   Pre Evacuate Collection Set: 0.4ms
[491.438s][info][gc,phases      ] GC(549)   Merge Heap Roots: 0.9ms
[491.438s][info][gc,phases      ] GC(549)   Evacuate Collection Set: 109.0ms
[491.438s][info][gc,phases      ] GC(549)   Post Evacuate Collection Set: 0.4ms
[491.438s][info][gc,phases      ] GC(549)   Other: 0.1ms
[491.438s][info][gc,heap        ] GC(549) Eden regions: 29->0(733)
[491.438s][info][gc,heap        ] GC(549) Survivor regions: 97->6(16)
[491.438s][info][gc,heap        ] GC(549) Old regions: 269->367
[491.438s][info][gc,heap        ] GC(549) Humongous regions: 207->203
[491.438s][info][gc,metaspace   ] GC(549) Metaspace: 77168K(78272K)->77168K(78272K) NonClass: 67773K(68352K)->67773K(68352K) Class: 9394K(9920K)->9394K(9920K)
[491.438s][info][gc             ] GC(549) Pause Young (Normal) (G1 Evacuation Pause) 1193M->1140M(4096M) 110.989ms
[491.438s][info][gc,cpu         ] GC(549) User=0.58s Sys=0.00s Real=0.11s
[491.624s][info][gc,start       ] GC(550) Pause Full (System.gc())
[491.624s][info][gc,task        ] GC(550) Using 6 workers of 6 for full compaction
[491.624s][info][gc,phases,start] GC(550) Phase 1: Mark live objects
[491.654s][info][gc,phases      ] GC(550) Phase 1: Mark live objects 29.659ms
[491.654s][info][gc,phases,start] GC(550) Phase 2: Prepare compaction
[491.655s][info][gc,phases      ] GC(550) Phase 2: Prepare compaction 1.323ms
[491.655s][info][gc,phases,start] GC(550) Phase 3: Adjust pointers
[491.667s][info][gc,phases      ] GC(550) Phase 3: Adjust pointers 11.279ms
[491.667s][info][gc,phases,start] GC(550) Phase 4: Compact heap
[491.668s][info][gc,phases      ] GC(550) Phase 4: Compact heap 1.246ms
[491.668s][info][gc,phases,start] GC(550) Phase 5: Reset Metadata
[491.675s][info][gc,phases      ] GC(550) Phase 5: Reset Metadata 6.702ms
[491.691s][info][gc,heap        ] GC(550) Eden regions: 287->0(763)
[491.691s][info][gc,heap        ] GC(550) Survivor regions: 6->0(16)
[491.691s][info][gc,heap        ] GC(550) Old regions: 367->78
[491.691s][info][gc,heap        ] GC(550) Humongous regions: 211->3
[491.691s][info][gc,metaspace   ] GC(550) Metaspace: 77168K(78272K)->77168K(78272K) NonClass: 67773K(68352K)->67773K(68352K) Class: 9394K(9920K)->9394K(9920K)
[491.691s][info][gc             ] GC(550) Pause Full (System.gc()) 1729M->154M(4096M) 67.175ms
[491.691s][info][gc,cpu         ] GC(550) User=0.11s Sys=0.00s Real=0.06s
[492.371s][info][gc,start       ] GC(551) Pause Young (Normal) (G1 Evacuation Pause)
[492.371s][info][gc,task        ] GC(551) Using 6 workers of 6 for evacuation
[492.515s][info][gc,phases      ] GC(551)   Pre Evacuate Collection Set: 0.3ms
[492.515s][info][gc,phases      ] GC(551)   Merge Heap Roots: 0.5ms
[492.515s][info][gc,phases      ] GC(551)   Evacuate Collection Set: 141.5ms
[492.515s][info][gc,phases      ] GC(551)   Post Evacuate Collection Set: 0.8ms
[492.515s][info][gc,phases      ] GC(551)   Other: 0.1ms
[492.515s][info][gc,heap        ] GC(551) Eden regions: 807->0(761)
[492.515s][info][gc,heap        ] GC(551) Survivor regions: 0->87(101)
[492.515s][info][gc,heap        ] GC(551) Old regions: 78->78
[492.515s][info][gc,heap        ] GC(551) Humongous regions: 42->39
[492.515s][info][gc,metaspace   ] GC(551) Metaspace: 77169K(78272K)->77169K(78272K) NonClass: 67774K(68352K)->67774K(68352K) Class: 9394K(9920K)->9394K(9920K)
[492.515s][info][gc             ] GC(551) Pause Young (Normal) (G1 Evacuation Pause) 1846M->399M(4096M) 143.416ms
[492.515s][info][gc,cpu         ] GC(551) User=0.84s Sys=0.00s Real=0.15s
[493.575s][info][gc,start       ] GC(552) Pause Young (Normal) (G1 Evacuation Pause)
[493.575s][info][gc,task        ] GC(552) Using 6 workers of 6 for evacuation
[493.855s][info][gc,mmu         ] GC(552) MMU target violated: 201.0ms (200.0ms/201.0ms)
[493.855s][info][gc,phases      ] GC(552)   Pre Evacuate Collection Set: 0.3ms
[493.855s][info][gc,phases      ] GC(552)   Merge Heap Roots: 0.7ms
[493.855s][info][gc,phases      ] GC(552)   Evacuate Collection Set: 278.0ms
[493.855s][info][gc,phases      ] GC(552)   Post Evacuate Collection Set: 1.0ms
[493.855s][info][gc,phases      ] GC(552)   Other: 0.2ms
[493.855s][info][gc,heap        ] GC(552) Eden regions: 754->0(212)
[493.855s][info][gc,heap        ] GC(552) Survivor regions: 87->96(106)
[493.855s][info][gc,heap        ] GC(552) Old regions: 78->163
[493.855s][info][gc,heap        ] GC(552) Humongous regions: 102->95
[493.855s][info][gc,metaspace   ] GC(552) Metaspace: 77169K(78272K)->77169K(78272K) NonClass: 67774K(68352K)->67774K(68352K) Class: 9394K(9920K)->9394K(9920K)
[493.855s][info][gc             ] GC(552) Pause Young (Normal) (G1 Evacuation Pause) 2033M->699M(4096M) 280.298ms
[493.855s][info][gc,cpu         ] GC(552) User=1.59s Sys=0.00s Real=0.27s
[494.382s][info][gc,start       ] GC(553) Pause Young (Normal) (G1 Evacuation Pause)
[494.382s][info][gc,task        ] GC(553) Using 6 workers of 6 for evacuation
[494.527s][info][gc,phases      ] GC(553)   Pre Evacuate Collection Set: 0.3ms
[494.527s][info][gc,phases      ] GC(553)   Merge Heap Roots: 0.5ms
[494.527s][info][gc,phases      ] GC(553)   Evacuate Collection Set: 143.1ms
[494.527s][info][gc,phases      ] GC(553)   Post Evacuate Collection Set: 0.8ms
[494.527s][info][gc,phases      ] GC(553)   Other: 0.1ms
[494.527s][info][gc,heap        ] GC(553) Eden regions: 227->0(797)
[494.527s][info][gc,heap        ] GC(553) Survivor regions: 96->15(41)
[494.527s][info][gc,heap        ] GC(553) Old regions: 163->255
[494.527s][info][gc,heap        ] GC(553) Humongous regions: 110->103
[494.527s][info][gc,metaspace   ] GC(553) Metaspace: 77169K(78272K)->77169K(78272K) NonClass: 67774K(68352K)->67774K(68352K) Class: 9394K(9920K)->9394K(9920K)
[494.527s][info][gc             ] GC(553) Pause Young (Normal) (G1 Evacuation Pause) 1183M->737M(4096M) 144.983ms
[494.527s][info][gc,cpu         ] GC(553) User=0.78s Sys=0.00s Real=0.14s
[495.809s][info][gc,start       ] GC(554) Pause Young (Normal) (G1 Evacuation Pause)
[495.809s][info][gc,task        ] GC(554) Using 6 workers of 6 for evacuation
[496.053s][info][gc,mmu         ] GC(554) MMU target violated: 201.0ms (200.0ms/201.0ms)
[496.053s][info][gc,phases      ] GC(554)   Pre Evacuate Collection Set: 0.4ms
[496.053s][info][gc,phases      ] GC(554)   Merge Heap Roots: 1.1ms
[496.053s][info][gc,phases      ] GC(554)   Evacuate Collection Set: 241.2ms
[496.053s][info][gc,phases      ] GC(554)   Post Evacuate Collection Set: 1.2ms
[496.053s][info][gc,phases      ] GC(554)   Other: 0.2ms
[496.053s][info][gc,heap        ] GC(554) Eden regions: 784->0(28)
[496.053s][info][gc,heap        ] GC(554) Survivor regions: 15->100(100)
[496.053s][info][gc,heap        ] GC(554) Old regions: 255->264
[496.053s][info][gc,heap        ] GC(554) Humongous regions: 293->192
[496.053s][info][gc,metaspace   ] GC(554) Metaspace: 77171K(78272K)->77171K(78272K) NonClass: 67776K(68352K)->67776K(68352K) Class: 9394K(9920K)->9394K(9920K)
[496.053s][info][gc             ] GC(554) Pause Young (Normal) (G1 Evacuation Pause) 2685M->1103M(4096M) 244.209ms
[496.053s][info][gc,cpu         ] GC(554) User=1.52s Sys=0.00s Real=0.25s
[496.121s][info][gc,start       ] GC(555) Pause Young (Normal) (G1 Evacuation Pause)
[496.121s][info][gc,task        ] GC(555) Using 6 workers of 6 for evacuation
[496.229s][info][gc,phases      ] GC(555)   Pre Evacuate Collection Set: 0.3ms
[496.229s][info][gc,phases      ] GC(555)   Merge Heap Roots: 0.8ms
[496.229s][info][gc,phases      ] GC(555)   Evacuate Collection Set: 107.0ms
[496.229s][info][gc,phases      ] GC(555)   Post Evacuate Collection Set: 0.4ms
[496.229s][info][gc,phases      ] GC(555)   Other: 0.1ms
[496.229s][info][gc,heap        ] GC(555) Eden regions: 35->0(748)
[496.229s][info][gc,heap        ] GC(555) Survivor regions: 100->14(17)
[496.229s][info][gc,heap        ] GC(555) Old regions: 264->365
[496.229s][info][gc,heap        ] GC(555) Humongous regions: 202->192
[496.229s][info][gc,metaspace   ] GC(555) Metaspace: 77171K(78272K)->77171K(78272K) NonClass: 67776K(68352K)->67776K(68352K) Class: 9394K(9920K)->9394K(9920K)
[496.229s][info][gc             ] GC(555) Pause Young (Normal) (G1 Evacuation Pause) 1193M->1133M(4096M) 108.817ms
[496.229s][info][gc,cpu         ] GC(555) User=0.58s Sys=0.00s Real=0.11s
[496.402s][info][gc,start       ] GC(556) Pause Full (System.gc())
[496.402s][info][gc,task        ] GC(556) Using 6 workers of 6 for full compaction
[496.402s][info][gc,phases,start] GC(556) Phase 1: Mark live objects
[496.432s][info][gc,phases      ] GC(556) Phase 1: Mark live objects 29.268ms
[496.432s][info][gc,phases,start] GC(556) Phase 2: Prepare compaction
[496.433s][info][gc,phases      ] GC(556) Phase 2: Prepare compaction 1.405ms
[496.433s][info][gc,phases,start] GC(556) Phase 3: Adjust pointers
[496.445s][info][gc,phases      ] GC(556) Phase 3: Adjust pointers 11.497ms
[496.445s][info][gc,phases,start] GC(556) Phase 4: Compact heap
[496.446s][info][gc,phases      ] GC(556) Phase 4: Compact heap 1.377ms
[496.446s][info][gc,phases,start] GC(556) Phase 5: Reset Metadata
[496.453s][info][gc,phases      ] GC(556) Phase 5: Reset Metadata 6.692ms
[496.469s][info][gc,heap        ] GC(556) Eden regions: 275->0(871)
[496.469s][info][gc,heap        ] GC(556) Survivor regions: 14->0(17)
[496.469s][info][gc,heap        ] GC(556) Old regions: 365->78
[496.469s][info][gc,heap        ] GC(556) Humongous regions: 196->3
[496.469s][info][gc,metaspace   ] GC(556) Metaspace: 77171K(78272K)->77171K(78272K) NonClass: 67776K(68352K)->67776K(68352K) Class: 9394K(9920K)->9394K(9920K)
[496.469s][info][gc             ] GC(556) Pause Full (System.gc()) 1690M->154M(4096M) 67.223ms
[496.469s][info][gc,cpu         ] GC(556) User=0.12s Sys=0.00s Real=0.06s
[497.812s][info][gc,start       ] GC(557) Pause Young (Normal) (G1 Evacuation Pause)
[497.812s][info][gc,task        ] GC(557) Using 6 workers of 6 for evacuation
[498.021s][info][gc,mmu         ] GC(557) MMU target violated: 201.0ms (200.0ms/201.0ms)
[498.021s][info][gc,phases      ] GC(557)   Pre Evacuate Collection Set: 0.3ms
[498.021s][info][gc,phases      ] GC(557)   Merge Heap Roots: 0.5ms
[498.021s][info][gc,phases      ] GC(557)   Evacuate Collection Set: 206.4ms
[498.021s][info][gc,phases      ] GC(557)   Post Evacuate Collection Set: 1.0ms
[498.021s][info][gc,phases      ] GC(557)   Other: 0.1ms
[498.021s][info][gc,heap        ] GC(557) Eden regions: 949->0(820)
[498.021s][info][gc,heap        ] GC(557) Survivor regions: 0->103(119)
[498.021s][info][gc,heap        ] GC(557) Old regions: 78->78
[498.021s][info][gc,heap        ] GC(557) Humongous regions: 69->59
[498.021s][info][gc,metaspace   ] GC(557) Metaspace: 77171K(78272K)->77171K(78272K) NonClass: 67776K(68352K)->67776K(68352K) Class: 9394K(9920K)->9394K(9920K)
[498.021s][info][gc             ] GC(557) Pause Young (Normal) (G1 Evacuation Pause) 2184M->471M(4096M) 208.447ms
[498.021s][info][gc,cpu         ] GC(557) User=1.30s Sys=0.00s Real=0.21s
[499.051s][info][gc,start       ] GC(558) Pause Young (Normal) (G1 Evacuation Pause)
[499.051s][info][gc,task        ] GC(558) Using 6 workers of 6 for evacuation
[499.335s][info][gc,mmu         ] GC(558) MMU target violated: 201.0ms (200.0ms/201.0ms)
[499.335s][info][gc,phases      ] GC(558)   Pre Evacuate Collection Set: 0.3ms
[499.335s][info][gc,phases      ] GC(558)   Merge Heap Roots: 0.9ms
[499.335s][info][gc,phases      ] GC(558)   Evacuate Collection Set: 281.7ms
[499.335s][info][gc,phases      ] GC(558)   Post Evacuate Collection Set: 1.2ms
[499.335s][info][gc,phases      ] GC(558)   Other: 0.2ms
[499.335s][info][gc,heap        ] GC(558) Eden regions: 800->0(85)
[499.335s][info][gc,heap        ] GC(558) Survivor regions: 103->91(113)
[499.335s][info][gc,heap        ] GC(558) Old regions: 78->177
[499.335s][info][gc,heap        ] GC(558) Humongous regions: 103->103
[499.335s][info][gc,metaspace   ] GC(558) Metaspace: 77171K(78272K)->77171K(78272K) NonClass: 67776K(68352K)->67776K(68352K) Class: 9394K(9920K)->9394K(9920K)
[499.335s][info][gc             ] GC(558) Pause Young (Normal) (G1 Evacuation Pause) 2159M->733M(4096M) 284.452ms
[499.335s][info][gc,cpu         ] GC(558) User=1.52s Sys=0.05s Real=0.30s
[499.608s][info][gc,start       ] GC(559) Pause Young (Normal) (G1 Evacuation Pause)
[499.608s][info][gc,task        ] GC(559) Using 6 workers of 6 for evacuation
[499.745s][info][gc,phases      ] GC(559)   Pre Evacuate Collection Set: 0.3ms
[499.745s][info][gc,phases      ] GC(559)   Merge Heap Roots: 0.4ms
[499.745s][info][gc,phases      ] GC(559)   Evacuate Collection Set: 135.7ms
[499.745s][info][gc,phases      ] GC(559)   Post Evacuate Collection Set: 0.6ms
[499.745s][info][gc,phases      ] GC(559)   Other: 0.1ms
[499.745s][info][gc,heap        ] GC(559) Eden regions: 137->0(855)
[499.745s][info][gc,heap        ] GC(559) Survivor regions: 91->18(29)
[499.745s][info][gc,heap        ] GC(559) Old regions: 177->267
[499.745s][info][gc,heap        ] GC(559) Humongous regions: 129->115
[499.745s][info][gc,metaspace   ] GC(559) Metaspace: 77171K(78272K)->77171K(78272K) NonClass: 67776K(68352K)->67776K(68352K) Class: 9394K(9920K)->9394K(9920K)
[499.745s][info][gc             ] GC(559) Pause Young (Normal) (G1 Evacuation Pause) 1059M->791M(4096M) 137.194ms
[499.745s][info][gc,cpu         ] GC(559) User=0.75s Sys=0.00s Real=0.13s
[500.991s][info][gc,start       ] GC(560) Pause Young (Normal) (G1 Evacuation Pause)
[500.991s][info][gc,task        ] GC(560) Using 6 workers of 6 for evacuation
[501.211s][info][gc,mmu         ] GC(560) MMU target violated: 201.0ms (200.0ms/201.0ms)
[501.211s][info][gc,phases      ] GC(560)   Pre Evacuate Collection Set: 0.5ms
[501.211s][info][gc,phases      ] GC(560)   Merge Heap Roots: 0.8ms
[501.211s][info][gc,phases      ] GC(560)   Evacuate Collection Set: 217.4ms
[501.211s][info][gc,phases      ] GC(560)   Post Evacuate Collection Set: 1.0ms
[501.211s][info][gc,phases      ] GC(560)   Other: 0.2ms
[501.211s][info][gc,heap        ] GC(560) Eden regions: 849->0(1)
[501.211s][info][gc,heap        ] GC(560) Survivor regions: 18->108(109)
[501.211s][info][gc,heap        ] GC(560) Old regions: 267->267
[501.211s][info][gc,heap        ] GC(560) Humongous regions: 295->194
[501.211s][info][gc,metaspace   ] GC(560) Metaspace: 77178K(78272K)->77178K(78272K) NonClass: 67784K(68352K)->67784K(68352K) Class: 9394K(9920K)->9394K(9920K)
[501.211s][info][gc             ] GC(560) Pause Young (Normal) (G1 Evacuation Pause) 2849M->1129M(4096M) 220.034ms
[501.211s][info][gc,cpu         ] GC(560) User=1.25s Sys=0.00s Real=0.22s
[501.232s][info][gc,start       ] GC(561) Pause Young (Normal) (G1 Evacuation Pause)
[501.232s][info][gc,task        ] GC(561) Using 6 workers of 6 for evacuation
[501.334s][info][gc,phases      ] GC(561)   Pre Evacuate Collection Set: 0.3ms
[501.334s][info][gc,phases      ] GC(561)   Merge Heap Roots: 0.5ms
[501.334s][info][gc,phases      ] GC(561)   Evacuate Collection Set: 100.9ms
[501.334s][info][gc,phases      ] GC(561)   Post Evacuate Collection Set: 0.4ms
[501.334s][info][gc,phases      ] GC(561)   Other: 0.1ms
[501.334s][info][gc,heap        ] GC(561) Eden regions: 32->0(1225)
[501.334s][info][gc,heap        ] GC(561) Survivor regions: 108->3(18)
[501.334s][info][gc,heap        ] GC(561) Old regions: 267->375
[501.334s][info][gc,heap        ] GC(561) Humongous regions: 194->194
[501.334s][info][gc,metaspace   ] GC(561) Metaspace: 77178K(78272K)->77178K(78272K) NonClass: 67784K(68352K)->67784K(68352K) Class: 9394K(9920K)->9394K(9920K)
[501.334s][info][gc             ] GC(561) Pause Young (Normal) (G1 Evacuation Pause) 1193M->1136M(4096M) 102.443ms
[501.334s][info][gc,cpu         ] GC(561) User=0.56s Sys=0.00s Real=0.10s
[501.509s][info][gc,heap,exit   ] Heap
[501.509s][info][gc,heap,exit   ]  garbage-first heap   total 4194304K, used 1444067K [0x0000000700000000, 0x0000000800000000)
[501.509s][info][gc,heap,exit   ]   region size 2048K, 138 young (282624K), 3 survivors (6144K)
[501.509s][info][gc,heap,exit   ]  Metaspace       used 77636K, committed 78656K, reserved 1179648K
[501.509s][info][gc,heap,exit   ]   class space    used 9495K, committed 9984K, reserved 1048576K
