[0.019s][info][gc] Using Parallel
[0.020s][info][gc,heap,coops] Heap address: 0x0000000700000000, size: 4096 MB, Compressed Oops mode: Zero based, Oop shift amount: 3
[1.028s][info][gc,start     ] GC(0) Pause Young (System.gc())
[1.031s][info][gc,heap      ] GC(0) PSYoungGen: 62914K->3361K(1223168K)
[1.031s][info][gc,heap      ] GC(0) ParOldGen: 0K->8K(2796544K)
[1.031s][info][gc,metaspace ] GC(0) Metaspace: 9637K(10240K)->9637K(10240K) NonClass: 8770K(9216K)->8770K(9216K) Class: 867K(1024K)->867K(1024K)
[1.031s][info][gc           ] GC(0) Pause Young (System.gc()) 61M->3M(3925M) 2.740ms
[1.031s][info][gc,cpu       ] GC(0) User=0.00s Sys=0.00s Real=0.00s
[1.033s][info][gc,start     ] GC(1) Pause Full (System.gc())
[1.033s][info][gc,phases,start] GC(1) Marking Phase
[1.036s][info][gc,phases      ] GC(1) Marking Phase 2.941ms
[1.036s][info][gc,phases,start] GC(1) Summary Phase
[1.036s][info][gc,phases      ] GC(1) Summary Phase 0.009ms
[1.036s][info][gc,phases,start] GC(1) Adjust Roots
[1.038s][info][gc,phases      ] GC(1) Adjust Roots 1.467ms
[1.038s][info][gc,phases,start] GC(1) Compaction Phase
[1.041s][info][gc,phases      ] GC(1) Compaction Phase 3.691ms
[1.042s][info][gc,phases,start] GC(1) Post Compact
[1.042s][info][gc,phases      ] GC(1) Post Compact 0.519ms
[1.042s][info][gc,heap        ] GC(1) PSYoungGen: 3361K->0K(1223168K)
[1.042s][info][gc,heap        ] GC(1) ParOldGen: 8K->3246K(2796544K)
[1.042s][info][gc,metaspace   ] GC(1) Metaspace: 9637K(10240K)->9637K(10240K) NonClass: 8770K(9216K)->8770K(9216K) Class: 867K(1024K)->867K(1024K)
[1.042s][info][gc             ] GC(1) Pause Full (System.gc()) 3M->3M(3925M) 8.870ms
[1.042s][info][gc,cpu         ] GC(1) User=0.05s Sys=0.03s Real=0.01s
[1.999s][info][gc,start       ] GC(2) Pause Young (Allocation Failure)
[2.021s][info][gc,heap        ] GC(2) PSYoungGen: 1048576K->75657K(1223168K)
[2.021s][info][gc,heap        ] GC(2) ParOldGen: 3246K->3254K(2796544K)
[2.021s][info][gc,metaspace   ] GC(2) Metaspace: 19549K(20224K)->19549K(20224K) NonClass: 17507K(17920K)->17507K(17920K) Class: 2041K(2304K)->2041K(2304K)
[2.021s][info][gc             ] GC(2) Pause Young (Allocation Failure) 1027M->77M(3925M) 22.030ms
[2.021s][info][gc,cpu         ] GC(2) User=0.09s Sys=0.09s Real=0.02s
[2.981s][info][gc,start       ] GC(3) Pause Young (Allocation Failure)
[3.006s][info][gc,heap        ] GC(3) PSYoungGen: 1124233K->89262K(1223168K)
[3.006s][info][gc,heap        ] GC(3) ParOldGen: 3254K->3262K(2796544K)
[3.006s][info][gc,metaspace   ] GC(3) Metaspace: 19964K(20480K)->19964K(20480K) NonClass: 17891K(18176K)->17891K(18176K) Class: 2073K(2304K)->2073K(2304K)
[3.006s][info][gc             ] GC(3) Pause Young (Allocation Failure) 1101M->90M(3925M) 25.570ms
[3.006s][info][gc,cpu         ] GC(3) User=0.09s Sys=0.09s Real=0.03s
[3.864s][info][gc,start       ] GC(4) Pause Young (Allocation Failure)
[3.881s][info][gc,heap        ] GC(4) PSYoungGen: 1137838K->89235K(1223168K)
[3.881s][info][gc,heap        ] GC(4) ParOldGen: 3262K->3270K(2796544K)
[3.881s][info][gc,metaspace   ] GC(4) Metaspace: 19975K(20480K)->19975K(20480K) NonClass: 17902K(18176K)->17902K(18176K) Class: 2073K(2304K)->2073K(2304K)
[3.881s][info][gc             ] GC(4) Pause Young (Allocation Failure) 1114M->90M(3925M) 16.552ms
[3.881s][info][gc,cpu         ] GC(4) User=0.05s Sys=0.05s Real=0.02s
[4.740s][info][gc,start       ] GC(5) Pause Young (Allocation Failure)
[4.755s][info][gc,heap        ] GC(5) PSYoungGen: 1137811K->89256K(1223168K)
[4.755s][info][gc,heap        ] GC(5) ParOldGen: 3270K->3278K(2796544K)
[4.755s][info][gc,metaspace   ] GC(5) Metaspace: 19975K(20480K)->19975K(20480K) NonClass: 17902K(18176K)->17902K(18176K) Class: 2073K(2304K)->2073K(2304K)
[4.755s][info][gc             ] GC(5) Pause Young (Allocation Failure) 1114M->90M(3925M) 15.510ms
[4.755s][info][gc,cpu         ] GC(5) User=0.06s Sys=0.03s Real=0.01s
[5.605s][info][gc,start       ] GC(6) Pause Young (Allocation Failure)
[5.620s][info][gc,heap        ] GC(6) PSYoungGen: 1137832K->89234K(1259520K)
[5.620s][info][gc,heap        ] GC(6) ParOldGen: 3278K->3286K(2796544K)
[5.620s][info][gc,metaspace   ] GC(6) Metaspace: 19975K(20480K)->19975K(20480K) NonClass: 17902K(18176K)->17902K(18176K) Class: 2073K(2304K)->2073K(2304K)
[5.620s][info][gc             ] GC(6) Pause Young (Allocation Failure) 1114M->90M(3961M) 15.451ms
[5.620s][info][gc,cpu         ] GC(6) User=0.06s Sys=0.03s Real=0.02s
[6.497s][info][gc,start       ] GC(7) Pause Young (Allocation Failure)
[6.516s][info][gc,heap        ] GC(7) PSYoungGen: 1174162K->89261K(1223168K)
[6.516s][info][gc,heap        ] GC(7) ParOldGen: 3286K->3294K(2796544K)
[6.516s][info][gc,metaspace   ] GC(7) Metaspace: 19978K(20480K)->19978K(20480K) NonClass: 17904K(18176K)->17904K(18176K) Class: 2073K(2304K)->2073K(2304K)
[6.516s][info][gc             ] GC(7) Pause Young (Allocation Failure) 1149M->90M(3925M) 19.306ms
[6.516s][info][gc,cpu         ] GC(7) User=0.09s Sys=0.00s Real=0.02s
[7.395s][info][gc,start       ] GC(8) Pause Young (Allocation Failure)
[7.421s][info][gc,heap        ] GC(8) PSYoungGen: 1174189K->190K(1245696K)
[7.421s][info][gc,heap        ] GC(8) ParOldGen: 3294K->92463K(2796544K)
[7.421s][info][gc,metaspace   ] GC(8) Metaspace: 19981K(20736K)->19981K(20736K) NonClass: 17907K(18432K)->17907K(18432K) Class: 2074K(2304K)->2074K(2304K)
[7.421s][info][gc             ] GC(8) Pause Young (Allocation Failure) 1149M->90M(3947M) 26.683ms
[7.421s][info][gc,cpu         ] GC(8) User=0.11s Sys=0.00s Real=0.03s
[8.305s][info][gc,start       ] GC(9) Pause Young (Allocation Failure)
[8.306s][info][gc,heap        ] GC(9) PSYoungGen: 1108158K->126K(1108480K)
[8.306s][info][gc,heap        ] GC(9) ParOldGen: 92463K->92495K(2796544K)
[8.306s][info][gc,metaspace   ] GC(9) Metaspace: 19985K(20736K)->19985K(20736K) NonClass: 17911K(18432K)->17911K(18432K) Class: 2074K(2304K)->2074K(2304K)
[8.306s][info][gc             ] GC(9) Pause Young (Allocation Failure) 1172M->90M(3813M) 0.965ms
[8.306s][info][gc,cpu         ] GC(9) User=0.00s Sys=0.00s Real=0.00s
[9.191s][info][gc,start       ] GC(10) Pause Young (System.gc())
[9.192s][info][gc,heap        ] GC(10) PSYoungGen: 1084864K->96K(1247744K)
[9.192s][info][gc,heap        ] GC(10) ParOldGen: 92495K->92503K(2796544K)
[9.192s][info][gc,metaspace   ] GC(10) Metaspace: 20122K(20736K)->20122K(20736K) NonClass: 18041K(18432K)->18041K(18432K) Class: 2081K(2304K)->2081K(2304K)
[9.192s][info][gc             ] GC(10) Pause Young (System.gc()) 1149M->90M(3949M) 0.767ms
[9.192s][info][gc,cpu         ] GC(10) User=0.02s Sys=0.02s Real=0.00s
[9.192s][info][gc,start       ] GC(11) Pause Full (System.gc())
[9.192s][info][gc,phases,start] GC(11) Marking Phase
[9.197s][info][gc,phases      ] GC(11) Marking Phase 5.685ms
[9.198s][info][gc,phases,start] GC(11) Summary Phase
[9.198s][info][gc,phases      ] GC(11) Summary Phase 0.010ms
[9.198s][info][gc,phases,start] GC(11) Adjust Roots
[9.202s][info][gc,phases      ] GC(11) Adjust Roots 3.947ms
[9.202s][info][gc,phases,start] GC(11) Compaction Phase
[9.220s][info][gc,phases      ] GC(11) Compaction Phase 18.117ms
[9.220s][info][gc,phases,start] GC(11) Post Compact
[9.221s][info][gc,phases      ] GC(11) Post Compact 1.162ms
[9.221s][info][gc,heap        ] GC(11) PSYoungGen: 96K->0K(1247744K)
[9.221s][info][gc,heap        ] GC(11) ParOldGen: 92503K->5462K(2796544K)
[9.221s][info][gc,metaspace   ] GC(11) Metaspace: 20122K(20736K)->20122K(20736K) NonClass: 18041K(18432K)->18041K(18432K) Class: 2081K(2304K)->2081K(2304K)
[9.221s][info][gc             ] GC(11) Pause Full (System.gc()) 90M->5M(3949M) 29.191ms
[9.221s][info][gc,cpu         ] GC(11) User=0.06s Sys=0.03s Real=0.03s
[9.697s][info][gc,start       ] GC(12) Pause Young (Allocation Failure)
[9.710s][info][gc,heap        ] GC(12) PSYoungGen: 1099776K->80269K(1180160K)
[9.710s][info][gc,heap        ] GC(12) ParOldGen: 5462K->5462K(2796544K)
[9.710s][info][gc,metaspace   ] GC(12) Metaspace: 20123K(20736K)->20123K(20736K) NonClass: 18042K(18432K)->18042K(18432K) Class: 2081K(2304K)->2081K(2304K)
[9.710s][info][gc             ] GC(12) Pause Young (Allocation Failure) 1079M->83M(3883M) 13.155ms
[9.710s][info][gc,cpu         ] GC(12) User=0.09s Sys=0.00s Real=0.03s
[10.554s][info][gc,start       ] GC(13) Pause Young (Allocation Failure)
[10.566s][info][gc,heap        ] GC(13) PSYoungGen: 1180045K->6799K(1249280K)
[10.566s][info][gc,heap        ] GC(13) ParOldGen: 5462K->85649K(2796544K)
[10.566s][info][gc,metaspace   ] GC(13) Metaspace: 20123K(20736K)->20123K(20736K) NonClass: 18042K(18432K)->18042K(18432K) Class: 2081K(2304K)->2081K(2304K)
[10.566s][info][gc             ] GC(13) Pause Young (Allocation Failure) 1157M->90M(3951M) 12.943ms
[10.566s][info][gc,cpu         ] GC(13) User=0.08s Sys=0.02s Real=0.02s
[11.439s][info][gc,start       ] GC(14) Pause Young (Allocation Failure)
[11.441s][info][gc,heap        ] GC(14) PSYoungGen: 1106063K->62K(1247744K)
[11.441s][info][gc,heap        ] GC(14) ParOldGen: 85649K->92414K(2796544K)
[11.441s][info][gc,metaspace   ] GC(14) Metaspace: 20123K(20736K)->20123K(20736K) NonClass: 18042K(18432K)->18042K(18432K) Class: 2081K(2304K)->2081K(2304K)
[11.441s][info][gc             ] GC(14) Pause Young (Allocation Failure) 1163M->90M(3949M) 1.868ms
[11.441s][info][gc,cpu         ] GC(14) User=0.06s Sys=0.03s Real=0.00s
[12.310s][info][gc,start       ] GC(15) Pause Young (Allocation Failure)
[12.311s][info][gc,heap        ] GC(15) PSYoungGen: 1099326K->96K(1252864K)
[12.311s][info][gc,heap        ] GC(15) ParOldGen: 92414K->92414K(2796544K)
[12.311s][info][gc,metaspace   ] GC(15) Metaspace: 20123K(20736K)->20123K(20736K) NonClass: 18042K(18432K)->18042K(18432K) Class: 2081K(2304K)->2081K(2304K)
[12.311s][info][gc             ] GC(15) Pause Young (Allocation Failure) 1163M->90M(3954M) 0.949ms
[12.311s][info][gc,cpu         ] GC(15) User=0.00s Sys=0.00s Real=0.00s
[13.187s][info][gc,start       ] GC(16) Pause Young (Allocation Failure)
[13.188s][info][gc,heap        ] GC(16) PSYoungGen: 1105504K->94K(1250304K)
[13.188s][info][gc,heap        ] GC(16) ParOldGen: 92414K->92414K(2796544K)
[13.188s][info][gc,metaspace   ] GC(16) Metaspace: 20123K(20736K)->20123K(20736K) NonClass: 18042K(18432K)->18042K(18432K) Class: 2081K(2304K)->2081K(2304K)
[13.188s][info][gc             ] GC(16) Pause Young (Allocation Failure) 1169M->90M(3952M) 0.889ms
[13.188s][info][gc,cpu         ] GC(16) User=0.00s Sys=0.00s Real=0.00s
[14.066s][info][gc,start       ] GC(17) Pause Young (Allocation Failure)
[14.067s][info][gc,heap        ] GC(17) PSYoungGen: 1105502K->126K(1260544K)
[14.067s][info][gc,heap        ] GC(17) ParOldGen: 92414K->92414K(2796544K)
[14.067s][info][gc,metaspace   ] GC(17) Metaspace: 20123K(20736K)->20123K(20736K) NonClass: 18042K(18432K)->18042K(18432K) Class: 2081K(2304K)->2081K(2304K)
[14.067s][info][gc             ] GC(17) Pause Young (Allocation Failure) 1169M->90M(3962M) 0.970ms
[14.067s][info][gc,cpu         ] GC(17) User=0.00s Sys=0.00s Real=0.00s
[14.953s][info][gc,start       ] GC(18) Pause Young (Allocation Failure)
[14.953s][info][gc,heap        ] GC(18) PSYoungGen: 1118846K->126K(1255936K)
[14.954s][info][gc,heap        ] GC(18) ParOldGen: 92414K->92414K(2796544K)
[14.954s][info][gc,metaspace   ] GC(18) Metaspace: 20123K(20736K)->20123K(20736K) NonClass: 18042K(18432K)->18042K(18432K) Class: 2081K(2304K)->2081K(2304K)
[14.954s][info][gc             ] GC(18) Pause Young (Allocation Failure) 1182M->90M(3957M) 0.719ms
[14.954s][info][gc,cpu         ] GC(18) User=0.00s Sys=0.00s Real=0.00s
[15.849s][info][gc,start       ] GC(19) Pause Young (Allocation Failure)
[15.850s][info][gc,heap        ] GC(19) PSYoungGen: 1118846K->62K(1270272K)
[15.850s][info][gc,heap        ] GC(19) ParOldGen: 92414K->92414K(2796544K)
[15.850s][info][gc,metaspace   ] GC(19) Metaspace: 20123K(20736K)->20123K(20736K) NonClass: 18042K(18432K)->18042K(18432K) Class: 2081K(2304K)->2081K(2304K)
[15.850s][info][gc             ] GC(19) Pause Young (Allocation Failure) 1182M->90M(3971M) 0.977ms
[15.850s][info][gc,cpu         ] GC(19) User=0.00s Sys=0.00s Real=0.00s
[16.411s][info][gc,start       ] GC(20) Pause Young (System.gc())
[16.412s][info][gc,heap        ] GC(20) PSYoungGen: 682497K->32K(1265152K)
[16.412s][info][gc,heap        ] GC(20) ParOldGen: 92414K->92414K(2796544K)
[16.412s][info][gc,metaspace   ] GC(20) Metaspace: 20123K(20736K)->20123K(20736K) NonClass: 18042K(18432K)->18042K(18432K) Class: 2081K(2304K)->2081K(2304K)
[16.412s][info][gc             ] GC(20) Pause Young (System.gc()) 756M->90M(3966M) 0.997ms
[16.412s][info][gc,cpu         ] GC(20) User=0.00s Sys=0.00s Real=0.00s
[16.412s][info][gc,start       ] GC(21) Pause Full (System.gc())
[16.412s][info][gc,phases,start] GC(21) Marking Phase
[16.417s][info][gc,phases      ] GC(21) Marking Phase 4.827ms
[16.417s][info][gc,phases,start] GC(21) Summary Phase
[16.417s][info][gc,phases      ] GC(21) Summary Phase 0.020ms
[16.417s][info][gc,phases,start] GC(21) Adjust Roots
[16.419s][info][gc,phases      ] GC(21) Adjust Roots 1.895ms
[16.419s][info][gc,phases,start] GC(21) Compaction Phase
[16.426s][info][gc,phases      ] GC(21) Compaction Phase 6.285ms
[16.426s][info][gc,phases,start] GC(21) Post Compact
[16.427s][info][gc,phases      ] GC(21) Post Compact 0.959ms
[16.427s][info][gc,heap        ] GC(21) PSYoungGen: 32K->0K(1265152K)
[16.427s][info][gc,heap        ] GC(21) ParOldGen: 92414K->5461K(2796544K)
[16.427s][info][gc,metaspace   ] GC(21) Metaspace: 20123K(20736K)->20123K(20736K) NonClass: 18042K(18432K)->18042K(18432K) Class: 2081K(2304K)->2081K(2304K)
[16.427s][info][gc             ] GC(21) Pause Full (System.gc()) 90M->5M(3966M) 14.223ms
[16.427s][info][gc,cpu         ] GC(21) User=0.09s Sys=0.00s Real=0.01s
[16.908s][info][gc,start       ] GC(22) Pause Young (Allocation Failure)
[16.925s][info][gc,heap        ] GC(22) PSYoungGen: 1137664K->83042K(1251328K)
[16.925s][info][gc,heap        ] GC(22) ParOldGen: 5461K->5461K(2796544K)
[16.925s][info][gc,metaspace   ] GC(22) Metaspace: 20123K(20736K)->20123K(20736K) NonClass: 18042K(18432K)->18042K(18432K) Class: 2081K(2304K)->2081K(2304K)
[16.925s][info][gc             ] GC(22) Pause Young (Allocation Failure) 1116M->86M(3953M) 17.358ms
[16.925s][info][gc,cpu         ] GC(22) User=0.12s Sys=0.05s Real=0.02s
[17.807s][info][gc,start       ] GC(23) Pause Young (Allocation Failure)
[17.819s][info][gc,heap        ] GC(23) PSYoungGen: 1212514K->4038K(1263616K)
[17.819s][info][gc,heap        ] GC(23) ParOldGen: 5461K->88423K(2796544K)
[17.819s][info][gc,metaspace   ] GC(23) Metaspace: 20123K(20736K)->20123K(20736K) NonClass: 18042K(18432K)->18042K(18432K) Class: 2081K(2304K)->2081K(2304K)
[17.819s][info][gc             ] GC(23) Pause Young (Allocation Failure) 1189M->90M(3965M) 12.907ms
[17.819s][info][gc,cpu         ] GC(23) User=0.08s Sys=0.02s Real=0.02s
[18.721s][info][gc,start       ] GC(24) Pause Young (Allocation Failure)
[18.722s][info][gc,heap        ] GC(24) PSYoungGen: 1133510K->62K(1274880K)
[18.722s][info][gc,heap        ] GC(24) ParOldGen: 88423K->92438K(2796544K)
[18.722s][info][gc,metaspace   ] GC(24) Metaspace: 20123K(20736K)->20123K(20736K) NonClass: 18042K(18432K)->18042K(18432K) Class: 2081K(2304K)->2081K(2304K)
[18.722s][info][gc             ] GC(24) Pause Young (Allocation Failure) 1193M->90M(3976M) 1.303ms
[18.722s][info][gc,cpu         ] GC(24) User=0.02s Sys=0.08s Real=0.00s
[19.635s][info][gc,start       ] GC(25) Pause Young (Allocation Failure)
[19.636s][info][gc,heap        ] GC(25) PSYoungGen: 1146942K->64K(1269760K)
[19.636s][info][gc,heap        ] GC(25) ParOldGen: 92438K->92438K(2796544K)
[19.636s][info][gc,metaspace   ] GC(25) Metaspace: 20123K(20736K)->20123K(20736K) NonClass: 18042K(18432K)->18042K(18432K) Class: 2081K(2304K)->2081K(2304K)
[19.636s][info][gc             ] GC(25) Pause Young (Allocation Failure) 1210M->90M(3971M) 0.954ms
[19.636s][info][gc,cpu         ] GC(25) User=0.00s Sys=0.00s Real=0.00s
[20.547s][info][gc,start       ] GC(26) Pause Young (Allocation Failure)
[20.547s][info][gc,heap        ] GC(26) PSYoungGen: 1146944K->94K(1286144K)
[20.547s][info][gc,heap        ] GC(26) ParOldGen: 92438K->92438K(2796544K)
[20.548s][info][gc,metaspace   ] GC(26) Metaspace: 20123K(20736K)->20123K(20736K) NonClass: 18042K(18432K)->18042K(18432K) Class: 2081K(2304K)->2081K(2304K)
[20.548s][info][gc             ] GC(26) Pause Young (Allocation Failure) 1210M->90M(3987M) 0.836ms
[20.548s][info][gc,cpu         ] GC(26) User=0.00s Sys=0.00s Real=0.00s
[21.480s][info][gc,start       ] GC(27) Pause Young (Allocation Failure)
[21.480s][info][gc,heap        ] GC(27) PSYoungGen: 1168990K->96K(1280512K)
[21.480s][info][gc,heap        ] GC(27) ParOldGen: 92438K->92438K(2796544K)
[21.480s][info][gc,metaspace   ] GC(27) Metaspace: 20123K(20736K)->20123K(20736K) NonClass: 18042K(18432K)->18042K(18432K) Class: 2081K(2304K)->2081K(2304K)
[21.480s][info][gc             ] GC(27) Pause Young (Allocation Failure) 1231M->90M(3981M) 0.649ms
[21.480s][info][gc,cpu         ] GC(27) User=0.00s Sys=0.00s Real=0.00s
[22.416s][info][gc,start       ] GC(28) Pause Young (Allocation Failure)
[22.417s][info][gc,heap        ] GC(28) PSYoungGen: 1168992K->126K(1297408K)
[22.417s][info][gc,heap        ] GC(28) ParOldGen: 92438K->92446K(2796544K)
[22.417s][info][gc,metaspace   ] GC(28) Metaspace: 20123K(20736K)->20123K(20736K) NonClass: 18042K(18432K)->18042K(18432K) Class: 2081K(2304K)->2081K(2304K)
[22.417s][info][gc             ] GC(28) Pause Young (Allocation Failure) 1231M->90M(3998M) 0.676ms
[22.417s][info][gc,cpu         ] GC(28) User=0.00s Sys=0.00s Real=0.00s
[23.375s][info][gc,start       ] GC(29) Pause Young (Allocation Failure)
[23.375s][info][gc,heap        ] GC(29) PSYoungGen: 1191550K->96K(1291776K)
[23.375s][info][gc,heap        ] GC(29) ParOldGen: 92446K->92446K(2796544K)
[23.375s][info][gc,metaspace   ] GC(29) Metaspace: 20123K(20736K)->20123K(20736K) NonClass: 18042K(18432K)->18042K(18432K) Class: 2081K(2304K)->2081K(2304K)
[23.375s][info][gc             ] GC(29) Pause Young (Allocation Failure) 1253M->90M(3992M) 0.898ms
[23.375s][info][gc,cpu         ] GC(29) User=0.00s Sys=0.00s Real=0.00s
[23.634s][info][gc,start       ] GC(30) Pause Young (System.gc())
[23.634s][info][gc,heap        ] GC(30) PSYoungGen: 309728K->64K(1308672K)
[23.634s][info][gc,heap        ] GC(30) ParOldGen: 92446K->92446K(2796544K)
[23.634s][info][gc,metaspace   ] GC(30) Metaspace: 20123K(20736K)->20123K(20736K) NonClass: 18042K(18432K)->18042K(18432K) Class: 2081K(2304K)->2081K(2304K)
[23.634s][info][gc             ] GC(30) Pause Young (System.gc()) 392M->90M(4009M) 0.542ms
[23.634s][info][gc,cpu         ] GC(30) User=0.00s Sys=0.00s Real=0.00s
[23.634s][info][gc,start       ] GC(31) Pause Full (System.gc())
[23.634s][info][gc,phases,start] GC(31) Marking Phase
[23.639s][info][gc,phases      ] GC(31) Marking Phase 4.792ms
[23.639s][info][gc,phases,start] GC(31) Summary Phase
[23.639s][info][gc,phases      ] GC(31) Summary Phase 0.010ms
[23.639s][info][gc,phases,start] GC(31) Adjust Roots
[23.641s][info][gc,phases      ] GC(31) Adjust Roots 1.809ms
[23.641s][info][gc,phases,start] GC(31) Compaction Phase
[23.644s][info][gc,phases      ] GC(31) Compaction Phase 2.919ms
[23.644s][info][gc,phases,start] GC(31) Post Compact
[23.645s][info][gc,phases      ] GC(31) Post Compact 0.818ms
[23.645s][info][gc,heap        ] GC(31) PSYoungGen: 64K->0K(1308672K)
[23.645s][info][gc,heap        ] GC(31) ParOldGen: 92446K->5462K(2796544K)
[23.645s][info][gc,metaspace   ] GC(31) Metaspace: 20123K(20736K)->20123K(20736K) NonClass: 18042K(18432K)->18042K(18432K) Class: 2081K(2304K)->2081K(2304K)
[23.645s][info][gc             ] GC(31) Pause Full (System.gc()) 90M->5M(4009M) 10.607ms
[23.645s][info][gc,cpu         ] GC(31) User=0.08s Sys=0.02s Real=0.01s
[24.172s][info][gc,start       ] GC(32) Pause Young (Allocation Failure)
[24.186s][info][gc,heap        ] GC(32) PSYoungGen: 1213952K->87023K(1268736K)
[24.186s][info][gc,heap        ] GC(32) ParOldGen: 5462K->5462K(2796544K)
[24.186s][info][gc,metaspace   ] GC(32) Metaspace: 20123K(20736K)->20123K(20736K) NonClass: 18042K(18432K)->18042K(18432K) Class: 2081K(2304K)->2081K(2304K)
[24.186s][info][gc             ] GC(32) Pause Young (Allocation Failure) 1190M->90M(3970M) 14.420ms
[24.186s][info][gc,cpu         ] GC(32) User=0.09s Sys=0.00s Real=0.03s
[25.128s][info][gc,start       ] GC(33) Pause Young (Allocation Failure)
[25.141s][info][gc,heap        ] GC(33) PSYoungGen: 1268719K->158K(1287680K)
[25.141s][info][gc,heap        ] GC(33) ParOldGen: 5462K->92382K(2796544K)
[25.141s][info][gc,metaspace   ] GC(33) Metaspace: 20123K(20736K)->20123K(20736K) NonClass: 18042K(18432K)->18042K(18432K) Class: 2081K(2304K)->2081K(2304K)
[25.141s][info][gc             ] GC(33) Pause Young (Allocation Failure) 1244M->90M(3988M) 12.943ms
[25.141s][info][gc,cpu         ] GC(33) User=0.00s Sys=0.00s Real=0.02s
[26.092s][info][gc,start       ] GC(34) Pause Young (Allocation Failure)
[26.093s][info][gc,heap        ] GC(34) PSYoungGen: 1191070K->158K(1294336K)
[26.093s][info][gc,heap        ] GC(34) ParOldGen: 92382K->92382K(2796544K)
[26.093s][info][gc,metaspace   ] GC(34) Metaspace: 20123K(20736K)->20123K(20736K) NonClass: 18042K(18432K)->18042K(18432K) Class: 2081K(2304K)->2081K(2304K)
[26.093s][info][gc             ] GC(34) Pause Young (Allocation Failure) 1253M->90M(3995M) 0.614ms
[26.093s][info][gc,cpu         ] GC(34) User=0.00s Sys=0.00s Real=0.00s
[27.046s][info][gc,start       ] GC(35) Pause Young (Allocation Failure)
[27.047s][info][gc,heap        ] GC(35) PSYoungGen: 1191070K->158K(1305088K)
[27.047s][info][gc,heap        ] GC(35) ParOldGen: 92382K->92382K(2796544K)
[27.047s][info][gc,metaspace   ] GC(35) Metaspace: 20123K(20736K)->20123K(20736K) NonClass: 18042K(18432K)->18042K(18432K) Class: 2081K(2304K)->2081K(2304K)
[27.047s][info][gc             ] GC(35) Pause Young (Allocation Failure) 1253M->90M(4005M) 0.848ms
[27.047s][info][gc,cpu         ] GC(35) User=0.00s Sys=0.00s Real=0.00s
[28.016s][info][gc,start       ] GC(36) Pause Young (Allocation Failure)
[28.017s][info][gc,heap        ] GC(36) PSYoungGen: 1206942K->158K(1299456K)
[28.017s][info][gc,heap        ] GC(36) ParOldGen: 92382K->92382K(2796544K)
[28.017s][info][gc,metaspace   ] GC(36) Metaspace: 20123K(20736K)->20123K(20736K) NonClass: 18042K(18432K)->18042K(18432K) Class: 2081K(2304K)->2081K(2304K)
[28.017s][info][gc             ] GC(36) Pause Young (Allocation Failure) 1268M->90M(4000M) 1.071ms
[28.017s][info][gc,cpu         ] GC(36) User=0.00s Sys=0.00s Real=0.00s
[28.977s][info][gc,start       ] GC(37) Pause Young (Allocation Failure)
[28.978s][info][gc,heap        ] GC(37) PSYoungGen: 1206942K->64K(1315328K)
[28.978s][info][gc,heap        ] GC(37) ParOldGen: 92382K->92382K(2796544K)
[28.978s][info][gc,metaspace   ] GC(37) Metaspace: 20123K(20736K)->20123K(20736K) NonClass: 18042K(18432K)->18042K(18432K) Class: 2081K(2304K)->2081K(2304K)
[28.978s][info][gc             ] GC(37) Pause Young (Allocation Failure) 1268M->90M(4015M) 0.806ms
[28.978s][info][gc,cpu         ] GC(37) User=0.00s Sys=0.00s Real=0.00s
[29.955s][info][gc,start       ] GC(38) Pause Young (Allocation Failure)
[29.956s][info][gc,heap        ] GC(38) PSYoungGen: 1227840K->94K(1310208K)
[29.956s][info][gc,heap        ] GC(38) ParOldGen: 92382K->92382K(2796544K)
[29.956s][info][gc,metaspace   ] GC(38) Metaspace: 20123K(20736K)->20123K(20736K) NonClass: 18042K(18432K)->18042K(18432K) Class: 2081K(2304K)->2081K(2304K)
[29.956s][info][gc             ] GC(38) Pause Young (Allocation Failure) 1289M->90M(4010M) 1.163ms
[29.956s][info][gc,cpu         ] GC(38) User=0.00s Sys=0.00s Real=0.02s
[30.851s][info][gc,start       ] GC(39) Pause Young (System.gc())
[30.852s][info][gc,heap        ] GC(39) PSYoungGen: 1105090K->32K(1325056K)
[30.852s][info][gc,heap        ] GC(39) ParOldGen: 92382K->92382K(2796544K)
[30.852s][info][gc,metaspace   ] GC(39) Metaspace: 20123K(20736K)->20123K(20736K) NonClass: 18042K(18432K)->18042K(18432K) Class: 2081K(2304K)->2081K(2304K)
[30.852s][info][gc             ] GC(39) Pause Young (System.gc()) 1169M->90M(4025M) 0.517ms
[30.852s][info][gc,cpu         ] GC(39) User=0.00s Sys=0.00s Real=0.00s
[30.852s][info][gc,start       ] GC(40) Pause Full (System.gc())
[30.852s][info][gc,phases,start] GC(40) Marking Phase
[30.856s][info][gc,phases      ] GC(40) Marking Phase 4.571ms
[30.856s][info][gc,phases,start] GC(40) Summary Phase
[30.856s][info][gc,phases      ] GC(40) Summary Phase 0.010ms
[30.856s][info][gc,phases,start] GC(40) Adjust Roots
[30.858s][info][gc,phases      ] GC(40) Adjust Roots 1.802ms
[30.858s][info][gc,phases,start] GC(40) Compaction Phase
[30.861s][info][gc,phases      ] GC(40) Compaction Phase 2.754ms
[30.861s][info][gc,phases,start] GC(40) Post Compact
[30.862s][info][gc,phases      ] GC(40) Post Compact 1.152ms
[30.862s][info][gc,heap        ] GC(40) PSYoungGen: 32K->0K(1325056K)
[30.862s][info][gc,heap        ] GC(40) ParOldGen: 92382K->5462K(2796544K)
[30.862s][info][gc,metaspace   ] GC(40) Metaspace: 20123K(20736K)->20123K(20736K) NonClass: 18042K(18432K)->18042K(18432K) Class: 2081K(2304K)->2081K(2304K)
[30.862s][info][gc             ] GC(40) Pause Full (System.gc()) 90M->5M(4025M) 10.622ms
[30.862s][info][gc,cpu         ] GC(40) User=0.00s Sys=0.00s Real=0.02s
[31.411s][info][gc,start       ] GC(41) Pause Young (Allocation Failure)
[31.424s][info][gc,heap        ] GC(41) PSYoungGen: 1247232K->72685K(1286144K)
[31.424s][info][gc,heap        ] GC(41) ParOldGen: 5462K->19771K(2796544K)
[31.424s][info][gc,metaspace   ] GC(41) Metaspace: 20123K(20736K)->20123K(20736K) NonClass: 18042K(18432K)->18042K(18432K) Class: 2081K(2304K)->2081K(2304K)
[31.424s][info][gc             ] GC(41) Pause Young (Allocation Failure) 1223M->90M(3987M) 12.963ms
[31.424s][info][gc,cpu         ] GC(41) User=0.00s Sys=0.00s Real=0.02s
[32.392s][info][gc,start       ] GC(42) Pause Young (Allocation Failure)
[32.403s][info][gc,heap        ] GC(42) PSYoungGen: 1286125K->96K(1295360K)
[32.403s][info][gc,heap        ] GC(42) ParOldGen: 19771K->92406K(2796544K)
[32.403s][info][gc,metaspace   ] GC(42) Metaspace: 20123K(20736K)->20123K(20736K) NonClass: 18042K(18432K)->18042K(18432K) Class: 2081K(2304K)->2081K(2304K)
[32.403s][info][gc             ] GC(42) Pause Young (Allocation Failure) 1275M->90M(3996M) 10.736ms
[32.403s][info][gc,cpu         ] GC(42) User=0.06s Sys=0.03s Real=0.01s
[33.384s][info][gc,start       ] GC(43) Pause Young (Allocation Failure)
[33.385s][info][gc,heap        ] GC(43) PSYoungGen: 1217632K->64K(1307648K)
[33.385s][info][gc,heap        ] GC(43) ParOldGen: 92406K->92406K(2796544K)
[33.385s][info][gc,metaspace   ] GC(43) Metaspace: 20123K(20736K)->20123K(20736K) NonClass: 18042K(18432K)->18042K(18432K) Class: 2081K(2304K)->2081K(2304K)
[33.385s][info][gc             ] GC(43) Pause Young (Allocation Failure) 1279M->90M(4008M) 0.943ms
[33.385s][info][gc,cpu         ] GC(43) User=0.00s Sys=0.00s Real=0.00s
[34.357s][info][gc,start       ] GC(44) Pause Young (Allocation Failure)
[34.358s][info][gc,heap        ] GC(44) PSYoungGen: 1217600K->126K(1316864K)
[34.358s][info][gc,heap        ] GC(44) ParOldGen: 92406K->92406K(2796544K)
[34.358s][info][gc,metaspace   ] GC(44) Metaspace: 20123K(20736K)->20123K(20736K) NonClass: 18042K(18432K)->18042K(18432K) Class: 2081K(2304K)->2081K(2304K)
[34.358s][info][gc             ] GC(44) Pause Young (Allocation Failure) 1279M->90M(4017M) 0.789ms
[34.358s][info][gc,cpu         ] GC(44) User=0.00s Sys=0.00s Real=0.00s
[35.343s][info][gc,start       ] GC(45) Pause Young (Allocation Failure)
[35.344s][info][gc,heap        ] GC(45) PSYoungGen: 1231486K->190K(1312256K)
[35.344s][info][gc,heap        ] GC(45) ParOldGen: 92406K->92406K(2796544K)
[35.344s][info][gc,metaspace   ] GC(45) Metaspace: 20123K(20736K)->20123K(20736K) NonClass: 18042K(18432K)->18042K(18432K) Class: 2081K(2304K)->2081K(2304K)
[35.344s][info][gc             ] GC(45) Pause Young (Allocation Failure) 1292M->90M(4012M) 0.856ms
[35.344s][info][gc,cpu         ] GC(45) User=0.00s Sys=0.00s Real=0.00s
[36.329s][info][gc,start       ] GC(46) Pause Young (Allocation Failure)
[36.330s][info][gc,heap        ] GC(46) PSYoungGen: 1231550K->62K(1326080K)
[36.330s][info][gc,heap        ] GC(46) ParOldGen: 92406K->92406K(2796544K)
[36.330s][info][gc,metaspace   ] GC(46) Metaspace: 20123K(20736K)->20123K(20736K) NonClass: 18042K(18432K)->18042K(18432K) Class: 2081K(2304K)->2081K(2304K)
[36.330s][info][gc             ] GC(46) Pause Young (Allocation Failure) 1292M->90M(4026M) 0.715ms
[36.330s][info][gc,cpu         ] GC(46) User=0.00s Sys=0.00s Real=0.00s
[37.325s][info][gc,start       ] GC(47) Pause Young (Allocation Failure)
[37.326s][info][gc,heap        ] GC(47) PSYoungGen: 1249854K->126K(1321472K)
[37.326s][info][gc,heap        ] GC(47) ParOldGen: 92406K->92406K(2796544K)
[37.326s][info][gc,metaspace   ] GC(47) Metaspace: 20123K(20736K)->20123K(20736K) NonClass: 18042K(18432K)->18042K(18432K) Class: 2081K(2304K)->2081K(2304K)
[37.326s][info][gc             ] GC(47) Pause Young (Allocation Failure) 1310M->90M(4021M) 0.896ms
[37.326s][info][gc,cpu         ] GC(47) User=0.00s Sys=0.00s Real=0.00s
[38.077s][info][gc,start       ] GC(48) Pause Young (System.gc())
[38.077s][info][gc,heap        ] GC(48) PSYoungGen: 924643K->32K(1334272K)
[38.077s][info][gc,heap        ] GC(48) ParOldGen: 92406K->92406K(2796544K)
[38.077s][info][gc,metaspace   ] GC(48) Metaspace: 20123K(20736K)->20123K(20736K) NonClass: 18042K(18432K)->18042K(18432K) Class: 2081K(2304K)->2081K(2304K)
[38.077s][info][gc             ] GC(48) Pause Young (System.gc()) 993M->90M(4034M) 0.587ms
[38.077s][info][gc,cpu         ] GC(48) User=0.00s Sys=0.00s Real=0.00s
[38.078s][info][gc,start       ] GC(49) Pause Full (System.gc())
[38.078s][info][gc,phases,start] GC(49) Marking Phase
[38.082s][info][gc,phases      ] GC(49) Marking Phase 4.731ms
[38.082s][info][gc,phases,start] GC(49) Summary Phase
[38.082s][info][gc,phases      ] GC(49) Summary Phase 0.010ms
[38.082s][info][gc,phases,start] GC(49) Adjust Roots
[38.084s][info][gc,phases      ] GC(49) Adjust Roots 1.791ms
[38.084s][info][gc,phases,start] GC(49) Compaction Phase
[38.087s][info][gc,phases      ] GC(49) Compaction Phase 2.576ms
[38.087s][info][gc,phases,start] GC(49) Post Compact
[38.088s][info][gc,phases      ] GC(49) Post Compact 0.887ms
[38.088s][info][gc,heap        ] GC(49) PSYoungGen: 32K->0K(1334272K)
[38.088s][info][gc,heap        ] GC(49) ParOldGen: 92406K->5462K(2796544K)
[38.088s][info][gc,metaspace   ] GC(49) Metaspace: 20123K(20736K)->20123K(20736K) NonClass: 18042K(18432K)->18042K(18432K) Class: 2081K(2304K)->2081K(2304K)
[38.088s][info][gc             ] GC(49) Pause Full (System.gc()) 90M->5M(4034M) 10.303ms
[38.088s][info][gc,cpu         ] GC(49) User=0.02s Sys=0.00s Real=0.02s
[38.651s][info][gc,start       ] GC(50) Pause Young (Allocation Failure)
[38.664s][info][gc,heap        ] GC(50) PSYoungGen: 1266688K->63472K(1295872K)
[38.664s][info][gc,heap        ] GC(50) ParOldGen: 5462K->29000K(2796544K)
[38.664s][info][gc,metaspace   ] GC(50) Metaspace: 20123K(20736K)->20123K(20736K) NonClass: 18042K(18432K)->18042K(18432K) Class: 2081K(2304K)->2081K(2304K)
[38.664s][info][gc             ] GC(50) Pause Young (Allocation Failure) 1242M->90M(3996M) 12.892ms
[38.664s][info][gc,cpu         ] GC(50) User=0.08s Sys=0.00s Real=0.03s
[39.657s][info][gc,start       ] GC(51) Pause Young (Allocation Failure)
[39.666s][info][gc,heap        ] GC(51) PSYoungGen: 1295856K->128K(1300480K)
[39.666s][info][gc,heap        ] GC(51) ParOldGen: 29000K->92430K(2796544K)
[39.666s][info][gc,metaspace   ] GC(51) Metaspace: 20123K(20736K)->20123K(20736K) NonClass: 18042K(18432K)->18042K(18432K) Class: 2081K(2304K)->2081K(2304K)
[39.666s][info][gc             ] GC(51) Pause Young (Allocation Failure) 1293M->90M(4001M) 9.606ms
[39.666s][info][gc,cpu         ] GC(51) User=0.09s Sys=0.00s Real=0.02s
[40.651s][info][gc,start       ] GC(52) Pause Young (Allocation Failure)
[40.651s][info][gc,heap        ] GC(52) PSYoungGen: 1233024K->190K(1315328K)
[40.651s][info][gc,heap        ] GC(52) ParOldGen: 92430K->92430K(2796544K)
[40.651s][info][gc,metaspace   ] GC(52) Metaspace: 20123K(20736K)->20123K(20736K) NonClass: 18042K(18432K)->18042K(18432K) Class: 2081K(2304K)->2081K(2304K)
[40.651s][info][gc             ] GC(52) Pause Young (Allocation Failure) 1294M->90M(4015M) 0.824ms
[40.652s][info][gc,cpu         ] GC(52) User=0.00s Sys=0.00s Real=0.00s
[41.634s][info][gc,start       ] GC(53) Pause Young (Allocation Failure)
[41.634s][info][gc,heap        ] GC(53) PSYoungGen: 1233086K->62K(1323520K)
[41.634s][info][gc,heap        ] GC(53) ParOldGen: 92430K->92430K(2796544K)
[41.634s][info][gc,metaspace   ] GC(53) Metaspace: 20123K(20736K)->20123K(20736K) NonClass: 18042K(18432K)->18042K(18432K) Class: 2081K(2304K)->2081K(2304K)
[41.634s][info][gc             ] GC(53) Pause Young (Allocation Failure) 1294M->90M(4023M) 0.817ms
[41.634s][info][gc,cpu         ] GC(53) User=0.00s Sys=0.00s Real=0.00s
[42.625s][info][gc,start       ] GC(54) Pause Young (Allocation Failure)
[42.626s][info][gc,heap        ] GC(54) PSYoungGen: 1245246K->64K(1319424K)
[42.626s][info][gc,heap        ] GC(54) ParOldGen: 92430K->92430K(2796544K)
[42.626s][info][gc,metaspace   ] GC(54) Metaspace: 20123K(20736K)->20123K(20736K) NonClass: 18042K(18432K)->18042K(18432K) Class: 2081K(2304K)->2081K(2304K)
[42.626s][info][gc             ] GC(54) Pause Young (Allocation Failure) 1306M->90M(4019M) 1.086ms
[42.626s][info][gc,cpu         ] GC(54) User=0.00s Sys=0.00s Real=0.00s
[43.618s][info][gc,start       ] GC(55) Pause Young (Allocation Failure)
[43.619s][info][gc,heap        ] GC(55) PSYoungGen: 1245248K->96K(1331712K)
[43.619s][info][gc,heap        ] GC(55) ParOldGen: 92430K->92430K(2796544K)
[43.619s][info][gc,metaspace   ] GC(55) Metaspace: 20123K(20736K)->20123K(20736K) NonClass: 18042K(18432K)->18042K(18432K) Class: 2081K(2304K)->2081K(2304K)
[43.619s][info][gc             ] GC(55) Pause Young (Allocation Failure) 1306M->90M(4031M) 1.092ms
[43.619s][info][gc,cpu         ] GC(55) User=0.00s Sys=0.00s Real=0.00s
[44.626s][info][gc,start       ] GC(56) Pause Young (Allocation Failure)
[44.627s][info][gc,heap        ] GC(56) PSYoungGen: 1261664K->190K(1327616K)
[44.627s][info][gc,heap        ] GC(56) ParOldGen: 92430K->92430K(2796544K)
[44.627s][info][gc,metaspace   ] GC(56) Metaspace: 20123K(20736K)->20123K(20736K) NonClass: 18042K(18432K)->18042K(18432K) Class: 2081K(2304K)->2081K(2304K)
[44.627s][info][gc             ] GC(56) Pause Young (Allocation Failure) 1322M->90M(4027M) 1.120ms
[44.627s][info][gc,cpu         ] GC(56) User=0.00s Sys=0.00s Real=0.00s
[45.290s][info][gc,start       ] GC(57) Pause Young (System.gc())
[45.291s][info][gc,heap        ] GC(57) PSYoungGen: 807251K->96K(1339904K)
[45.291s][info][gc,heap        ] GC(57) ParOldGen: 92430K->92430K(2796544K)
[45.291s][info][gc,metaspace   ] GC(57) Metaspace: 20127K(20736K)->20127K(20736K) NonClass: 18046K(18432K)->18046K(18432K) Class: 2081K(2304K)->2081K(2304K)
[45.291s][info][gc             ] GC(57) Pause Young (System.gc()) 878M->90M(4039M) 0.647ms
[45.291s][info][gc,cpu         ] GC(57) User=0.00s Sys=0.00s Real=0.00s
[45.291s][info][gc,start       ] GC(58) Pause Full (System.gc())
[45.291s][info][gc,phases,start] GC(58) Marking Phase
[45.296s][info][gc,phases      ] GC(58) Marking Phase 4.641ms
[45.296s][info][gc,phases,start] GC(58) Summary Phase
[45.296s][info][gc,phases      ] GC(58) Summary Phase 0.010ms
[45.296s][info][gc,phases,start] GC(58) Adjust Roots
[45.298s][info][gc,phases      ] GC(58) Adjust Roots 1.812ms
[45.298s][info][gc,phases,start] GC(58) Compaction Phase
[45.300s][info][gc,phases      ] GC(58) Compaction Phase 2.464ms
[45.300s][info][gc,phases,start] GC(58) Post Compact
[45.301s][info][gc,phases      ] GC(58) Post Compact 0.826ms
[45.301s][info][gc,heap        ] GC(58) PSYoungGen: 96K->0K(1339904K)
[45.301s][info][gc,heap        ] GC(58) ParOldGen: 92430K->5463K(2796544K)
[45.301s][info][gc,metaspace   ] GC(58) Metaspace: 20127K(20736K)->20127K(20736K) NonClass: 18046K(18432K)->18046K(18432K) Class: 2081K(2304K)->2081K(2304K)
[45.301s][info][gc             ] GC(58) Pause Full (System.gc()) 90M->5M(4039M) 10.011ms
[45.301s][info][gc,cpu         ] GC(58) User=0.08s Sys=0.02s Real=0.02s
[45.877s][info][gc,start       ] GC(59) Pause Young (Allocation Failure)
[45.890s][info][gc,heap        ] GC(59) PSYoungGen: 1277952K->57839K(1300992K)
[45.890s][info][gc,heap        ] GC(59) ParOldGen: 5463K->34621K(2796544K)
[45.890s][info][gc,metaspace   ] GC(59) Metaspace: 20127K(20736K)->20127K(20736K) NonClass: 18046K(18432K)->18046K(18432K) Class: 2081K(2304K)->2081K(2304K)
[45.890s][info][gc             ] GC(59) Pause Young (Allocation Failure) 1253M->90M(4001M) 12.961ms
[45.890s][info][gc,cpu         ] GC(59) User=0.09s Sys=0.00s Real=0.02s
[46.888s][info][gc,start       ] GC(60) Pause Young (Allocation Failure)
[46.897s][info][gc,heap        ] GC(60) PSYoungGen: 1300975K->160K(1303040K)
[46.897s][info][gc,heap        ] GC(60) ParOldGen: 34621K->92415K(2796544K)
[46.897s][info][gc,metaspace   ] GC(60) Metaspace: 20127K(20736K)->20127K(20736K) NonClass: 18046K(18432K)->18046K(18432K) Class: 2081K(2304K)->2081K(2304K)
[46.897s][info][gc             ] GC(60) Pause Young (Allocation Failure) 1304M->90M(4003M) 8.999ms
[46.897s][info][gc,cpu         ] GC(60) User=0.09s Sys=0.00s Real=0.01s
[47.889s][info][gc,start       ] GC(61) Pause Young (Allocation Failure)
[47.890s][info][gc,heap        ] GC(61) PSYoungGen: 1241248K->64K(1319424K)
[47.890s][info][gc,heap        ] GC(61) ParOldGen: 92415K->92415K(2796544K)
[47.890s][info][gc,metaspace   ] GC(61) Metaspace: 20127K(20736K)->20127K(20736K) NonClass: 18046K(18432K)->18046K(18432K) Class: 2081K(2304K)->2081K(2304K)
[47.890s][info][gc             ] GC(61) Pause Young (Allocation Failure) 1302M->90M(4019M) 0.736ms
[47.890s][info][gc,cpu         ] GC(61) User=0.00s Sys=0.00s Real=0.00s
[48.878s][info][gc,start       ] GC(62) Pause Young (Allocation Failure)
[48.879s][info][gc,heap        ] GC(62) PSYoungGen: 1241152K->94K(1327616K)
[48.879s][info][gc,heap        ] GC(62) ParOldGen: 92415K->92415K(2796544K)
[48.879s][info][gc,metaspace   ] GC(62) Metaspace: 20127K(20736K)->20127K(20736K) NonClass: 18046K(18432K)->18046K(18432K) Class: 2081K(2304K)->2081K(2304K)
[48.879s][info][gc             ] GC(62) Pause Young (Allocation Failure) 1302M->90M(4027M) 0.856ms
[48.879s][info][gc,cpu         ] GC(62) User=0.00s Sys=0.00s Real=0.00s
[49.878s][info][gc,start       ] GC(63) Pause Young (Allocation Failure)
[49.878s][info][gc,heap        ] GC(63) PSYoungGen: 1253470K->94K(1323520K)
[49.878s][info][gc,heap        ] GC(63) ParOldGen: 92415K->92415K(2796544K)
[49.878s][info][gc,metaspace   ] GC(63) Metaspace: 20127K(20736K)->20127K(20736K) NonClass: 18046K(18432K)->18046K(18432K) Class: 2081K(2304K)->2081K(2304K)
[49.878s][info][gc             ] GC(63) Pause Young (Allocation Failure) 1314M->90M(4023M) 0.754ms
[49.878s][info][gc,cpu         ] GC(63) User=0.03s Sys=0.00s Real=0.00s
[50.881s][info][gc,start       ] GC(64) Pause Young (Allocation Failure)
[50.882s][info][gc,heap        ] GC(64) PSYoungGen: 1253470K->96K(1335296K)
[50.882s][info][gc,heap        ] GC(64) ParOldGen: 92415K->92415K(2796544K)
[50.882s][info][gc,metaspace   ] GC(64) Metaspace: 20127K(20736K)->20127K(20736K) NonClass: 18046K(18432K)->18046K(18432K) Class: 2081K(2304K)->2081K(2304K)
[50.882s][info][gc             ] GC(64) Pause Young (Allocation Failure) 1314M->90M(4035M) 0.845ms
[50.882s][info][gc,cpu         ] GC(64) User=0.00s Sys=0.00s Real=0.00s
[51.896s][info][gc,start       ] GC(65) Pause Young (Allocation Failure)
[51.897s][info][gc,heap        ] GC(65) PSYoungGen: 1268832K->96K(1331200K)
[51.897s][info][gc,heap        ] GC(65) ParOldGen: 92415K->92415K(2796544K)
[51.897s][info][gc,metaspace   ] GC(65) Metaspace: 20127K(20736K)->20127K(20736K) NonClass: 18046K(18432K)->18046K(18432K) Class: 2081K(2304K)->2081K(2304K)
[51.897s][info][gc             ] GC(65) Pause Young (Allocation Failure) 1329M->90M(4031M) 0.907ms
[51.897s][info][gc,cpu         ] GC(65) User=0.00s Sys=0.00s Real=0.00s
[52.509s][info][gc,start       ] GC(66) Pause Young (System.gc())
[52.509s][info][gc,heap        ] GC(66) PSYoungGen: 760919K->32K(1342464K)
[52.509s][info][gc,heap        ] GC(66) ParOldGen: 92415K->92415K(2796544K)
[52.509s][info][gc,metaspace   ] GC(66) Metaspace: 20128K(20736K)->20128K(20736K) NonClass: 18046K(18432K)->18046K(18432K) Class: 2081K(2304K)->2081K(2304K)
[52.509s][info][gc             ] GC(66) Pause Young (System.gc()) 833M->90M(4042M) 0.553ms
[52.509s][info][gc,cpu         ] GC(66) User=0.00s Sys=0.00s Real=0.00s
[52.509s][info][gc,start       ] GC(67) Pause Full (System.gc())
[52.509s][info][gc,phases,start] GC(67) Marking Phase
[52.514s][info][gc,phases      ] GC(67) Marking Phase 4.598ms
[52.514s][info][gc,phases,start] GC(67) Summary Phase
[52.514s][info][gc,phases      ] GC(67) Summary Phase 0.009ms
[52.514s][info][gc,phases,start] GC(67) Adjust Roots
[52.516s][info][gc,phases      ] GC(67) Adjust Roots 1.803ms
[52.516s][info][gc,phases,start] GC(67) Compaction Phase
[52.519s][info][gc,phases      ] GC(67) Compaction Phase 3.671ms
[52.519s][info][gc,phases,start] GC(67) Post Compact
[52.520s][info][gc,phases      ] GC(67) Post Compact 0.829ms
[52.520s][info][gc,heap        ] GC(67) PSYoungGen: 32K->0K(1342464K)
[52.520s][info][gc,heap        ] GC(67) ParOldGen: 92415K->5463K(2796544K)
[52.520s][info][gc,metaspace   ] GC(67) Metaspace: 20128K(20736K)->20128K(20736K) NonClass: 18046K(18432K)->18046K(18432K) Class: 2081K(2304K)->2081K(2304K)
[52.520s][info][gc             ] GC(67) Pause Full (System.gc()) 90M->5M(4042M) 11.180ms
[52.520s][info][gc,cpu         ] GC(67) User=0.09s Sys=0.00s Real=0.01s
[53.101s][info][gc,start       ] GC(68) Pause Young (Allocation Failure)
[53.114s][info][gc,heap        ] GC(68) PSYoungGen: 1283584K->55269K(1304064K)
[53.114s][info][gc,heap        ] GC(68) ParOldGen: 5463K->37191K(2796544K)
[53.114s][info][gc,metaspace   ] GC(68) Metaspace: 20128K(20736K)->20128K(20736K) NonClass: 18046K(18432K)->18046K(18432K) Class: 2081K(2304K)->2081K(2304K)
[53.114s][info][gc             ] GC(68) Pause Young (Allocation Failure) 1258M->90M(4004M) 13.157ms
[53.114s][info][gc,cpu         ] GC(68) User=0.09s Sys=0.00s Real=0.02s
[54.112s][info][gc,start       ] GC(69) Pause Young (Allocation Failure)
[54.120s][info][gc,heap        ] GC(69) PSYoungGen: 1304037K->96K(1304064K)
[54.120s][info][gc,heap        ] GC(69) ParOldGen: 37191K->92407K(2796544K)
[54.120s][info][gc,metaspace   ] GC(69) Metaspace: 20128K(20736K)->20128K(20736K) NonClass: 18046K(18432K)->18046K(18432K) Class: 2081K(2304K)->2081K(2304K)
[54.120s][info][gc             ] GC(69) Pause Young (Allocation Failure) 1309M->90M(4004M) 8.579ms
[54.120s][info][gc,cpu         ] GC(69) User=0.09s Sys=0.00s Real=0.02s
[55.116s][info][gc,start       ] GC(70) Pause Young (Allocation Failure)
[55.118s][info][gc,heap        ] GC(70) PSYoungGen: 1245280K->158K(1321472K)
[55.118s][info][gc,heap        ] GC(70) ParOldGen: 92407K->92407K(2796544K)
[55.118s][info][gc,metaspace   ] GC(70) Metaspace: 20128K(20736K)->20128K(20736K) NonClass: 18046K(18432K)->18046K(18432K) Class: 2081K(2304K)->2081K(2304K)
[55.118s][info][gc             ] GC(70) Pause Young (Allocation Failure) 1306M->90M(4021M) 1.218ms
[55.118s][info][gc,cpu         ] GC(70) User=0.00s Sys=0.00s Real=0.00s
[56.112s][info][gc,start       ] GC(71) Pause Young (Allocation Failure)
[56.113s][info][gc,heap        ] GC(71) PSYoungGen: 1245342K->126K(1329152K)
[56.113s][info][gc,heap        ] GC(71) ParOldGen: 92407K->92407K(2796544K)
[56.113s][info][gc,metaspace   ] GC(71) Metaspace: 20128K(20736K)->20128K(20736K) NonClass: 18046K(18432K)->18046K(18432K) Class: 2081K(2304K)->2081K(2304K)
[56.113s][info][gc             ] GC(71) Pause Young (Allocation Failure) 1306M->90M(4029M) 0.708ms
[56.113s][info][gc,cpu         ] GC(71) User=0.02s Sys=0.00s Real=0.00s
[57.114s][info][gc,start       ] GC(72) Pause Young (Allocation Failure)
[57.114s][info][gc,heap        ] GC(72) PSYoungGen: 1257086K->126K(1325568K)
[57.114s][info][gc,heap        ] GC(72) ParOldGen: 92407K->92407K(2796544K)
[57.114s][info][gc,metaspace   ] GC(72) Metaspace: 20128K(20736K)->20128K(20736K) NonClass: 18046K(18432K)->18046K(18432K) Class: 2081K(2304K)->2081K(2304K)
[57.114s][info][gc             ] GC(72) Pause Young (Allocation Failure) 1317M->90M(4025M) 0.815ms
[57.114s][info][gc,cpu         ] GC(72) User=0.00s Sys=0.00s Real=0.00s
[58.116s][info][gc,start       ] GC(73) Pause Young (Allocation Failure)
[58.117s][info][gc,heap        ] GC(73) PSYoungGen: 1257086K->126K(1336832K)
[58.117s][info][gc,heap        ] GC(73) ParOldGen: 92407K->92407K(2796544K)
[58.117s][info][gc,metaspace   ] GC(73) Metaspace: 20128K(20736K)->20128K(20736K) NonClass: 18046K(18432K)->18046K(18432K) Class: 2081K(2304K)->2081K(2304K)
[58.117s][info][gc             ] GC(73) Pause Young (Allocation Failure) 1317M->90M(4036M) 0.850ms
[58.117s][info][gc,cpu         ] GC(73) User=0.00s Sys=0.00s Real=0.00s
[59.177s][info][gc,start       ] GC(74) Pause Young (Allocation Failure)
[59.178s][info][gc,heap        ] GC(74) PSYoungGen: 1272446K->96K(1333248K)
[59.178s][info][gc,heap        ] GC(74) ParOldGen: 92407K->92407K(2796544K)
[59.178s][info][gc,metaspace   ] GC(74) Metaspace: 20128K(20736K)->20128K(20736K) NonClass: 18046K(18432K)->18046K(18432K) Class: 2081K(2304K)->2081K(2304K)
[59.178s][info][gc             ] GC(74) Pause Young (Allocation Failure) 1332M->90M(4033M) 0.935ms
[59.178s][info][gc,cpu         ] GC(74) User=0.00s Sys=0.00s Real=0.00s
[59.767s][info][gc,start       ] GC(75) Pause Young (System.gc())
[59.768s][info][gc,heap        ] GC(75) PSYoungGen: 737606K->32K(1344000K)
[59.768s][info][gc,heap        ] GC(75) ParOldGen: 92407K->92407K(2796544K)
[59.768s][info][gc,metaspace   ] GC(75) Metaspace: 20128K(20736K)->20128K(20736K) NonClass: 18046K(18432K)->18046K(18432K) Class: 2081K(2304K)->2081K(2304K)
[59.768s][info][gc             ] GC(75) Pause Young (System.gc()) 810M->90M(4043M) 0.628ms
[59.768s][info][gc,cpu         ] GC(75) User=0.00s Sys=0.00s Real=0.01s
[59.768s][info][gc,start       ] GC(76) Pause Full (System.gc())
[59.768s][info][gc,phases,start] GC(76) Marking Phase
[59.773s][info][gc,phases      ] GC(76) Marking Phase 5.368ms
[59.774s][info][gc,phases,start] GC(76) Summary Phase
[59.774s][info][gc,phases      ] GC(76) Summary Phase 0.010ms
[59.774s][info][gc,phases,start] GC(76) Adjust Roots
[59.775s][info][gc,phases      ] GC(76) Adjust Roots 1.796ms
[59.775s][info][gc,phases,start] GC(76) Compaction Phase
[59.778s][info][gc,phases      ] GC(76) Compaction Phase 2.617ms
[59.778s][info][gc,phases,start] GC(76) Post Compact
[59.779s][info][gc,phases      ] GC(76) Post Compact 0.961ms
[59.779s][info][gc,heap        ] GC(76) PSYoungGen: 32K->0K(1344000K)
[59.779s][info][gc,heap        ] GC(76) ParOldGen: 92407K->5463K(2796544K)
[59.779s][info][gc,metaspace   ] GC(76) Metaspace: 20128K(20736K)->20128K(20736K) NonClass: 18046K(18432K)->18046K(18432K) Class: 2081K(2304K)->2081K(2304K)
[59.779s][info][gc             ] GC(76) Pause Full (System.gc()) 90M->5M(4043M) 11.050ms
[59.779s][info][gc,cpu         ] GC(76) User=0.09s Sys=0.00s Real=0.01s
[60.363s][info][gc,start       ] GC(77) Pause Young (Allocation Failure)
[60.376s][info][gc,heap        ] GC(77) PSYoungGen: 1286656K->53734K(1305088K)
[60.376s][info][gc,heap        ] GC(77) ParOldGen: 5463K->38740K(2796544K)
[60.376s][info][gc,metaspace   ] GC(77) Metaspace: 20128K(20736K)->20128K(20736K) NonClass: 18047K(18432K)->18047K(18432K) Class: 2081K(2304K)->2081K(2304K)
[60.376s][info][gc             ] GC(77) Pause Young (Allocation Failure) 1261M->90M(4005M) 13.055ms
[60.376s][info][gc,cpu         ] GC(77) User=0.00s Sys=0.00s Real=0.02s
[61.374s][info][gc,start       ] GC(78) Pause Young (Allocation Failure)
[61.382s][info][gc,heap        ] GC(78) PSYoungGen: 1305062K->158K(1304576K)
[61.382s][info][gc,heap        ] GC(78) ParOldGen: 38740K->92423K(2796544K)
[61.382s][info][gc,metaspace   ] GC(78) Metaspace: 20128K(20736K)->20128K(20736K) NonClass: 18047K(18432K)->18047K(18432K) Class: 2081K(2304K)->2081K(2304K)
[61.382s][info][gc             ] GC(78) Pause Young (Allocation Failure) 1312M->90M(4005M) 8.281ms
[61.382s][info][gc,cpu         ] GC(78) User=0.06s Sys=0.00s Real=0.01s
[62.374s][info][gc,start       ] GC(79) Pause Young (Allocation Failure)
[62.375s][info][gc,heap        ] GC(79) PSYoungGen: 1247390K->128K(1322496K)
[62.375s][info][gc,heap        ] GC(79) ParOldGen: 92423K->92431K(2796544K)
[62.375s][info][gc,metaspace   ] GC(79) Metaspace: 20128K(20736K)->20128K(20736K) NonClass: 18047K(18432K)->18047K(18432K) Class: 2081K(2304K)->2081K(2304K)
[62.375s][info][gc             ] GC(79) Pause Young (Allocation Failure) 1308M->90M(4022M) 1.176ms
[62.375s][info][gc,cpu         ] GC(79) User=0.00s Sys=0.00s Real=0.00s
[63.370s][info][gc,start       ] GC(80) Pause Young (Allocation Failure)
[63.370s][info][gc,heap        ] GC(80) PSYoungGen: 1247360K->94K(1330176K)
[63.370s][info][gc,heap        ] GC(80) ParOldGen: 92431K->92431K(2796544K)
[63.370s][info][gc,metaspace   ] GC(80) Metaspace: 20128K(20736K)->20128K(20736K) NonClass: 18047K(18432K)->18047K(18432K) Class: 2081K(2304K)->2081K(2304K)
[63.370s][info][gc             ] GC(80) Pause Young (Allocation Failure) 1308M->90M(4030M) 0.834ms
[63.370s][info][gc,cpu         ] GC(80) User=0.00s Sys=0.00s Real=0.00s
[64.371s][info][gc,start       ] GC(81) Pause Young (Allocation Failure)
[64.372s][info][gc,heap        ] GC(81) PSYoungGen: 1259102K->160K(1326592K)
[64.372s][info][gc,heap        ] GC(81) ParOldGen: 92431K->92431K(2796544K)
[64.372s][info][gc,metaspace   ] GC(81) Metaspace: 20128K(20736K)->20128K(20736K) NonClass: 18047K(18432K)->18047K(18432K) Class: 2081K(2304K)->2081K(2304K)
[64.372s][info][gc             ] GC(81) Pause Young (Allocation Failure) 1319M->90M(4026M) 0.858ms
[64.372s][info][gc,cpu         ] GC(81) User=0.00s Sys=0.00s Real=0.00s
[65.374s][info][gc,start       ] GC(82) Pause Young (Allocation Failure)
[65.375s][info][gc,heap        ] GC(82) PSYoungGen: 1259168K->126K(1337344K)
[65.375s][info][gc,heap        ] GC(82) ParOldGen: 92431K->92431K(2796544K)
[65.375s][info][gc,metaspace   ] GC(82) Metaspace: 20129K(20736K)->20129K(20736K) NonClass: 18047K(18432K)->18047K(18432K) Class: 2081K(2304K)->2081K(2304K)
[65.375s][info][gc             ] GC(82) Pause Young (Allocation Failure) 1319M->90M(4037M) 0.737ms
[65.375s][info][gc,cpu         ] GC(82) User=0.00s Sys=0.00s Real=0.00s
[66.392s][info][gc,start       ] GC(83) Pause Young (Allocation Failure)
[66.393s][info][gc,heap        ] GC(83) PSYoungGen: 1273470K->126K(1333760K)
[66.393s][info][gc,heap        ] GC(83) ParOldGen: 92431K->92431K(2796544K)
[66.393s][info][gc,metaspace   ] GC(83) Metaspace: 20129K(20736K)->20129K(20736K) NonClass: 18047K(18432K)->18047K(18432K) Class: 2081K(2304K)->2081K(2304K)
[66.393s][info][gc             ] GC(83) Pause Young (Allocation Failure) 1333M->90M(4033M) 0.973ms
[66.393s][info][gc,cpu         ] GC(83) User=0.00s Sys=0.00s Real=0.00s
[66.971s][info][gc,start       ] GC(84) Pause Young (System.gc())
[66.972s][info][gc,heap        ] GC(84) PSYoungGen: 718153K->64K(1344512K)
[66.972s][info][gc,heap        ] GC(84) ParOldGen: 92431K->92431K(2796544K)
[66.972s][info][gc,metaspace   ] GC(84) Metaspace: 20130K(20736K)->20130K(20736K) NonClass: 18049K(18432K)->18049K(18432K) Class: 2081K(2304K)->2081K(2304K)
[66.972s][info][gc             ] GC(84) Pause Young (System.gc()) 791M->90M(4044M) 0.594ms
[66.972s][info][gc,cpu         ] GC(84) User=0.00s Sys=0.00s Real=0.00s
[66.972s][info][gc,start       ] GC(85) Pause Full (System.gc())
[66.972s][info][gc,phases,start] GC(85) Marking Phase
[66.976s][info][gc,phases      ] GC(85) Marking Phase 4.689ms
[66.976s][info][gc,phases,start] GC(85) Summary Phase
[66.976s][info][gc,phases      ] GC(85) Summary Phase 0.010ms
[66.976s][info][gc,phases,start] GC(85) Adjust Roots
[66.978s][info][gc,phases      ] GC(85) Adjust Roots 1.824ms
[66.978s][info][gc,phases,start] GC(85) Compaction Phase
[66.982s][info][gc,phases      ] GC(85) Compaction Phase 3.334ms
[66.982s][info][gc,phases,start] GC(85) Post Compact
[66.983s][info][gc,phases      ] GC(85) Post Compact 1.056ms
[66.983s][info][gc,heap        ] GC(85) PSYoungGen: 64K->0K(1344512K)
[66.983s][info][gc,heap        ] GC(85) ParOldGen: 92431K->5463K(2796544K)
[66.983s][info][gc,metaspace   ] GC(85) Metaspace: 20130K(20736K)->20130K(20736K) NonClass: 18049K(18432K)->18049K(18432K) Class: 2081K(2304K)->2081K(2304K)
[66.983s][info][gc             ] GC(85) Pause Full (System.gc()) 90M->5M(4044M) 11.194ms
[66.983s][info][gc,cpu         ] GC(85) User=0.00s Sys=0.00s Real=0.01s
[67.565s][info][gc,start       ] GC(86) Pause Young (Allocation Failure)
[67.578s][info][gc,heap        ] GC(86) PSYoungGen: 1287680K->53246K(1305600K)
[67.578s][info][gc,heap        ] GC(86) ParOldGen: 5463K->39205K(2796544K)
[67.578s][info][gc,metaspace   ] GC(86) Metaspace: 20130K(20736K)->20130K(20736K) NonClass: 18049K(18432K)->18049K(18432K) Class: 2081K(2304K)->2081K(2304K)
[67.578s][info][gc             ] GC(86) Pause Young (Allocation Failure) 1262M->90M(4006M) 13.043ms
[67.578s][info][gc,cpu         ] GC(86) User=0.08s Sys=0.00s Real=0.01s
[68.582s][info][gc,start       ] GC(87) Pause Young (Allocation Failure)
[68.591s][info][gc,heap        ] GC(87) PSYoungGen: 1305598K->96K(1306112K)
[68.591s][info][gc,heap        ] GC(87) ParOldGen: 39205K->92415K(2796544K)
[68.591s][info][gc,metaspace   ] GC(87) Metaspace: 20131K(20736K)->20131K(20736K) NonClass: 18049K(18432K)->18049K(18432K) Class: 2081K(2304K)->2081K(2304K)
[68.591s][info][gc             ] GC(87) Pause Young (Allocation Failure) 1313M->90M(4006M) 8.486ms
[68.591s][info][gc,cpu         ] GC(87) User=0.00s Sys=0.00s Real=0.02s
[69.588s][info][gc,start       ] GC(88) Pause Young (Allocation Failure)
[69.589s][info][gc,heap        ] GC(88) PSYoungGen: 1249376K->158K(1323520K)
[69.589s][info][gc,heap        ] GC(88) ParOldGen: 92415K->92415K(2796544K)
[69.589s][info][gc,metaspace   ] GC(88) Metaspace: 20131K(20736K)->20131K(20736K) NonClass: 18049K(18432K)->18049K(18432K) Class: 2081K(2304K)->2081K(2304K)
[69.589s][info][gc             ] GC(88) Pause Young (Allocation Failure) 1310M->90M(4023M) 1.049ms
[69.589s][info][gc,cpu         ] GC(88) User=0.00s Sys=0.00s Real=0.00s
[70.587s][info][gc,start       ] GC(89) Pause Young (Allocation Failure)
[70.588s][info][gc,heap        ] GC(89) PSYoungGen: 1249438K->126K(1330688K)
[70.588s][info][gc,heap        ] GC(89) ParOldGen: 92415K->92415K(2796544K)
[70.588s][info][gc,metaspace   ] GC(89) Metaspace: 20132K(20736K)->20132K(20736K) NonClass: 18050K(18432K)->18050K(18432K) Class: 2081K(2304K)->2081K(2304K)
[70.588s][info][gc             ] GC(89) Pause Young (Allocation Failure) 1310M->90M(4030M) 0.933ms
[70.588s][info][gc,cpu         ] GC(89) User=0.00s Sys=0.00s Real=0.00s
[71.591s][info][gc,start       ] GC(90) Pause Young (Allocation Failure)
[71.592s][info][gc,heap        ] GC(90) PSYoungGen: 1260158K->126K(1327104K)
[71.592s][info][gc,heap        ] GC(90) ParOldGen: 92415K->92415K(2796544K)
[71.592s][info][gc,metaspace   ] GC(90) Metaspace: 20132K(20736K)->20132K(20736K) NonClass: 18050K(18432K)->18050K(18432K) Class: 2081K(2304K)->2081K(2304K)
[71.592s][info][gc             ] GC(90) Pause Young (Allocation Failure) 1320M->90M(4027M) 0.981ms
[71.592s][info][gc,cpu         ] GC(90) User=0.00s Sys=0.00s Real=0.00s
[72.599s][info][gc,start       ] GC(91) Pause Young (Allocation Failure)
[72.599s][info][gc,heap        ] GC(91) PSYoungGen: 1260158K->126K(1337856K)
[72.599s][info][gc,heap        ] GC(91) ParOldGen: 92415K->92415K(2796544K)
[72.599s][info][gc,metaspace   ] GC(91) Metaspace: 20132K(20736K)->20132K(20736K) NonClass: 18050K(18432K)->18050K(18432K) Class: 2081K(2304K)->2081K(2304K)
[72.600s][info][gc             ] GC(91) Pause Young (Allocation Failure) 1320M->90M(4037M) 0.879ms
[72.600s][info][gc,cpu         ] GC(91) User=0.00s Sys=0.00s Real=0.00s
[73.615s][info][gc,start       ] GC(92) Pause Young (Allocation Failure)
[73.615s][info][gc,heap        ] GC(92) PSYoungGen: 1274494K->158K(1334272K)
[73.615s][info][gc,heap        ] GC(92) ParOldGen: 92415K->92415K(2796544K)
[73.615s][info][gc,metaspace   ] GC(92) Metaspace: 20132K(20736K)->20132K(20736K) NonClass: 18050K(18432K)->18050K(18432K) Class: 2081K(2304K)->2081K(2304K)
[73.615s][info][gc             ] GC(92) Pause Young (Allocation Failure) 1334M->90M(4034M) 0.842ms
[73.615s][info][gc,cpu         ] GC(92) User=0.00s Sys=0.00s Real=0.00s
[74.189s][info][gc,heap,exit   ] Heap
[74.189s][info][gc,heap,exit   ]  PSYoungGen      total 1334272K, used 764217K [0x00000007aab00000, 0x0000000800000000, 0x0000000800000000)
[74.189s][info][gc,heap,exit   ]   eden space 1274368K, 59% used [0x00000007aab00000,0x00000007d9526f08,0x00000007f8780000)
[74.189s][info][gc,heap,exit   ]   from space 59904K, 0% used [0x00000007f8780000,0x00000007f87a7818,0x00000007fc200000)
[74.189s][info][gc,heap,exit   ]   to   space 56320K, 0% used [0x00000007fc900000,0x00000007fc900000,0x0000000800000000)
[74.189s][info][gc,heap,exit   ]  ParOldGen       total 2796544K, used 92415K [0x0000000700000000, 0x00000007aab00000, 0x00000007aab00000)
[74.189s][info][gc,heap,exit   ]   object space 2796544K, 3% used [0x0000000700000000,0x0000000705a3ff50,0x00000007aab00000)
[74.189s][info][gc,heap,exit   ]  Metaspace       used 20150K, capacity 20691K, committed 20736K, reserved 1067008K
[74.189s][info][gc,heap,exit   ]   class space    used 2083K, capacity 2285K, committed 2304K, reserved 1048576K
