[0.028s][info][gc] Using Parallel
[0.029s][info][gc,heap,coops] Heap address: 0x0000000600000000, size: 8192 MB, Compressed Oops mode: Zero based, Oop shift amount: 3
[1.042s][info][gc,start     ] GC(0) Pause Young (System.gc())
[1.044s][info][gc,heap      ] GC(0) PSYoungGen: 125860K->3363K(2446848K)
[1.045s][info][gc,heap      ] GC(0) ParOldGen: 0K->8K(5592576K)
[1.045s][info][gc,metaspace ] GC(0) Metaspace: 9628K(9984K)->9628K(9984K) NonClass: 8760K(8960K)->8760K(8960K) Class: 867K(1024K)->867K(1024K)
[1.045s][info][gc           ] GC(0) Pause Young (System.gc()) 122M->3M(7851M) 2.588ms
[1.045s][info][gc,cpu       ] GC(0) User=0.00s Sys=0.00s Real=0.00s
[1.047s][info][gc,start     ] GC(1) Pause Full (System.gc())
[1.047s][info][gc,phases,start] GC(1) Marking Phase
[1.050s][info][gc,phases      ] GC(1) Marking Phase 2.820ms
[1.050s][info][gc,phases,start] GC(1) Summary Phase
[1.050s][info][gc,phases      ] GC(1) Summary Phase 0.009ms
[1.050s][info][gc,phases,start] GC(1) Adjust Roots
[1.051s][info][gc,phases      ] GC(1) Adjust Roots 1.492ms
[1.051s][info][gc,phases,start] GC(1) Compaction Phase
[1.056s][info][gc,phases      ] GC(1) Compaction Phase 4.212ms
[1.056s][info][gc,phases,start] GC(1) Post Compact
[1.056s][info][gc,phases      ] GC(1) Post Compact 0.440ms
[1.056s][info][gc,heap        ] GC(1) PSYoungGen: 3363K->0K(2446848K)
[1.056s][info][gc,heap        ] GC(1) ParOldGen: 8K->3246K(5592576K)
[1.056s][info][gc,metaspace   ] GC(1) Metaspace: 9628K(9984K)->9628K(9984K) NonClass: 8760K(8960K)->8760K(8960K) Class: 867K(1024K)->867K(1024K)
[1.056s][info][gc             ] GC(1) Pause Full (System.gc()) 3M->3M(7851M) 9.162ms
[1.056s][info][gc,cpu         ] GC(1) User=0.00s Sys=0.00s Real=0.01s
[3.027s][info][gc,start       ] GC(2) Pause Young (Allocation Failure)
[3.053s][info][gc,heap        ] GC(2) PSYoungGen: 2097664K->89309K(2446848K)
[3.053s][info][gc,heap        ] GC(2) ParOldGen: 3246K->3254K(5592576K)
[3.053s][info][gc,metaspace   ] GC(2) Metaspace: 20000K(20736K)->20000K(20736K) NonClass: 17926K(18432K)->17926K(18432K) Class: 2073K(2304K)->2073K(2304K)
[3.053s][info][gc             ] GC(2) Pause Young (Allocation Failure) 2051M->90M(7851M) 26.123ms
[3.053s][info][gc,cpu         ] GC(2) User=0.03s Sys=0.06s Real=0.03s
[4.825s][info][gc,start       ] GC(3) Pause Young (Allocation Failure)
[4.850s][info][gc,heap        ] GC(3) PSYoungGen: 2186973K->89255K(2446848K)
[4.850s][info][gc,heap        ] GC(3) ParOldGen: 3254K->3262K(5592576K)
[4.850s][info][gc,metaspace   ] GC(3) Metaspace: 20012K(20736K)->20012K(20736K) NonClass: 17938K(18432K)->17938K(18432K) Class: 2073K(2304K)->2073K(2304K)
[4.850s][info][gc             ] GC(3) Pause Young (Allocation Failure) 2138M->90M(7851M) 24.982ms
[4.850s][info][gc,cpu         ] GC(3) User=0.03s Sys=0.06s Real=0.02s
[6.622s][info][gc,start       ] GC(4) Pause Young (Allocation Failure)
[6.638s][info][gc,heap        ] GC(4) PSYoungGen: 2186919K->89286K(2446848K)
[6.638s][info][gc,heap        ] GC(4) ParOldGen: 3262K->3270K(5592576K)
[6.638s][info][gc,metaspace   ] GC(4) Metaspace: 20013K(20736K)->20013K(20736K) NonClass: 17940K(18432K)->17940K(18432K) Class: 2073K(2304K)->2073K(2304K)
[6.638s][info][gc             ] GC(4) Pause Young (Allocation Failure) 2138M->90M(7851M) 15.631ms
[6.638s][info][gc,cpu         ] GC(4) User=0.09s Sys=0.00s Real=0.03s
[8.370s][info][gc,start       ] GC(5) Pause Young (Allocation Failure)
[8.386s][info][gc,heap        ] GC(5) PSYoungGen: 2186950K->89303K(2446848K)
[8.386s][info][gc,heap        ] GC(5) ParOldGen: 3270K->3278K(5592576K)
[8.386s][info][gc,metaspace   ] GC(5) Metaspace: 20021K(20736K)->20021K(20736K) NonClass: 17947K(18432K)->17947K(18432K) Class: 2074K(2304K)->2074K(2304K)
[8.386s][info][gc             ] GC(5) Pause Young (Allocation Failure) 2138M->90M(7851M) 15.499ms
[8.386s][info][gc,cpu         ] GC(5) User=0.08s Sys=0.02s Real=0.02s
[9.425s][info][gc,start       ] GC(6) Pause Young (System.gc())
[9.427s][info][gc,heap        ] GC(6) PSYoungGen: 1342576K->2352K(2446848K)
[9.427s][info][gc,heap        ] GC(6) ParOldGen: 3278K->3286K(5592576K)
[9.427s][info][gc,metaspace   ] GC(6) Metaspace: 20163K(20736K)->20163K(20736K) NonClass: 18082K(18432K)->18082K(18432K) Class: 2081K(2304K)->2081K(2304K)
[9.427s][info][gc             ] GC(6) Pause Young (System.gc()) 1314M->5M(7851M) 2.176ms
[9.427s][info][gc,cpu         ] GC(6) User=0.00s Sys=0.00s Real=0.00s
[9.427s][info][gc,start       ] GC(7) Pause Full (System.gc())
[9.427s][info][gc,phases,start] GC(7) Marking Phase
[9.432s][info][gc,phases      ] GC(7) Marking Phase 5.164ms
[9.432s][info][gc,phases,start] GC(7) Summary Phase
[9.432s][info][gc,phases      ] GC(7) Summary Phase 0.009ms
[9.432s][info][gc,phases,start] GC(7) Adjust Roots
[9.436s][info][gc,phases      ] GC(7) Adjust Roots 4.004ms
[9.436s][info][gc,phases,start] GC(7) Compaction Phase
[9.451s][info][gc,phases      ] GC(7) Compaction Phase 14.690ms
[9.451s][info][gc,phases,start] GC(7) Post Compact
[9.453s][info][gc,phases      ] GC(7) Post Compact 1.277ms
[9.453s][info][gc,heap        ] GC(7) PSYoungGen: 2352K->0K(2446848K)
[9.453s][info][gc,heap        ] GC(7) ParOldGen: 3286K->5472K(5592576K)
[9.453s][info][gc,metaspace   ] GC(7) Metaspace: 20163K(20736K)->20163K(20736K) NonClass: 18082K(18432K)->18082K(18432K) Class: 2081K(2304K)->2081K(2304K)
[9.453s][info][gc             ] GC(7) Pause Full (System.gc()) 5M->5M(7851M) 25.498ms
[9.453s][info][gc,cpu         ] GC(7) User=0.05s Sys=0.03s Real=0.03s
[10.700s][info][gc,start       ] GC(8) Pause Young (Allocation Failure)
[10.713s][info][gc,heap        ] GC(8) PSYoungGen: 2097664K->86978K(2446848K)
[10.713s][info][gc,heap        ] GC(8) ParOldGen: 5472K->5472K(5592576K)
[10.713s][info][gc,metaspace   ] GC(8) Metaspace: 20164K(20736K)->20164K(20736K) NonClass: 18082K(18432K)->18082K(18432K) Class: 2081K(2304K)->2081K(2304K)
[10.713s][info][gc             ] GC(8) Pause Young (Allocation Failure) 2053M->90M(7851M) 13.246ms
[10.713s][info][gc,cpu         ] GC(8) User=0.05s Sys=0.02s Real=0.03s
[12.370s][info][gc,start       ] GC(9) Pause Young (Allocation Failure)
[12.393s][info][gc,heap        ] GC(9) PSYoungGen: 2184642K->87007K(2649600K)
[12.393s][info][gc,heap        ] GC(9) ParOldGen: 5472K->5472K(5592576K)
[12.393s][info][gc,metaspace   ] GC(9) Metaspace: 20164K(20736K)->20164K(20736K) NonClass: 18082K(18432K)->18082K(18432K) Class: 2081K(2304K)->2081K(2304K)
[12.393s][info][gc             ] GC(9) Pause Young (Allocation Failure) 2138M->90M(8049M) 22.296ms
[12.393s][info][gc,cpu         ] GC(9) User=0.08s Sys=0.02s Real=0.03s
[14.400s][info][gc,start       ] GC(10) Pause Young (Allocation Failure)
[14.418s][info][gc,heap        ] GC(10) PSYoungGen: 2590175K->86992K(2649600K)
[14.418s][info][gc,heap        ] GC(10) ParOldGen: 5472K->5472K(5592576K)
[14.418s][info][gc,metaspace   ] GC(10) Metaspace: 20164K(20736K)->20164K(20736K) NonClass: 18082K(18432K)->18082K(18432K) Class: 2081K(2304K)->2081K(2304K)
[14.418s][info][gc             ] GC(10) Pause Young (Allocation Failure) 2534M->90M(8049M) 18.547ms
[14.418s][info][gc,cpu         ] GC(10) User=0.06s Sys=0.03s Real=0.02s
[16.411s][info][gc,start       ] GC(11) Pause Young (Allocation Failure)
[16.424s][info][gc,heap        ] GC(11) PSYoungGen: 2590160K->87008K(2651648K)
[16.424s][info][gc,heap        ] GC(11) ParOldGen: 5472K->5472K(5592576K)
[16.424s][info][gc,metaspace   ] GC(11) Metaspace: 20164K(20736K)->20164K(20736K) NonClass: 18082K(18432K)->18082K(18432K) Class: 2081K(2304K)->2081K(2304K)
[16.424s][info][gc             ] GC(11) Pause Young (Allocation Failure) 2534M->90M(8051M) 13.171ms
[16.424s][info][gc,cpu         ] GC(11) User=0.09s Sys=0.00s Real=0.02s
[16.699s][info][gc,start       ] GC(12) Pause Young (System.gc())
[16.699s][info][gc,heap        ] GC(12) PSYoungGen: 436967K->0K(2506752K)
[16.699s][info][gc,heap        ] GC(12) ParOldGen: 5472K->5472K(5592576K)
[16.699s][info][gc,metaspace   ] GC(12) Metaspace: 20164K(20736K)->20164K(20736K) NonClass: 18082K(18432K)->18082K(18432K) Class: 2081K(2304K)->2081K(2304K)
[16.699s][info][gc             ] GC(12) Pause Young (System.gc()) 432M->5M(7909M) 0.436ms
[16.699s][info][gc,cpu         ] GC(12) User=0.00s Sys=0.00s Real=0.00s
[16.699s][info][gc,start       ] GC(13) Pause Full (System.gc())
[16.699s][info][gc,phases,start] GC(13) Marking Phase
[16.704s][info][gc,phases      ] GC(13) Marking Phase 4.832ms
[16.704s][info][gc,phases,start] GC(13) Summary Phase
[16.704s][info][gc,phases      ] GC(13) Summary Phase 0.009ms
[16.704s][info][gc,phases,start] GC(13) Adjust Roots
[16.706s][info][gc,phases      ] GC(13) Adjust Roots 2.075ms
[16.706s][info][gc,phases,start] GC(13) Compaction Phase
[16.714s][info][gc,phases      ] GC(13) Compaction Phase 7.915ms
[16.714s][info][gc,phases,start] GC(13) Post Compact
[16.715s][info][gc,phases      ] GC(13) Post Compact 0.397ms
[16.715s][info][gc,heap        ] GC(13) PSYoungGen: 0K->0K(2506752K)
[16.715s][info][gc,heap        ] GC(13) ParOldGen: 5472K->5472K(5592576K)
[16.715s][info][gc,metaspace   ] GC(13) Metaspace: 20164K(20736K)->20164K(20736K) NonClass: 18082K(18432K)->18082K(18432K) Class: 2081K(2304K)->2081K(2304K)
[16.715s][info][gc             ] GC(13) Pause Full (System.gc()) 5M->5M(7909M) 15.420ms
[16.715s][info][gc,cpu         ] GC(13) User=0.05s Sys=0.05s Real=0.03s
[18.272s][info][gc,start       ] GC(14) Pause Young (Allocation Failure)
[18.285s][info][gc,heap        ] GC(14) PSYoungGen: 2506240K->86978K(2646528K)
[18.285s][info][gc,heap        ] GC(14) ParOldGen: 5472K->5472K(5592576K)
[18.285s][info][gc,metaspace   ] GC(14) Metaspace: 20164K(20736K)->20164K(20736K) NonClass: 18082K(18432K)->18082K(18432K) Class: 2081K(2304K)->2081K(2304K)
[18.285s][info][gc             ] GC(14) Pause Young (Allocation Failure) 2452M->90M(8046M) 13.422ms
[18.285s][info][gc,cpu         ] GC(14) User=0.05s Sys=0.05s Real=0.02s
[20.271s][info][gc,start       ] GC(15) Pause Young (Allocation Failure)
[20.293s][info][gc,heap        ] GC(15) PSYoungGen: 2584002K->126K(2497536K)
[20.293s][info][gc,heap        ] GC(15) ParOldGen: 5472K->92401K(5592576K)
[20.293s][info][gc,metaspace   ] GC(15) Metaspace: 20164K(20736K)->20164K(20736K) NonClass: 18083K(18432K)->18083K(18432K) Class: 2081K(2304K)->2081K(2304K)
[20.293s][info][gc             ] GC(15) Pause Young (Allocation Failure) 2528M->90M(7900M) 22.640ms
[20.293s][info][gc,cpu         ] GC(15) User=0.14s Sys=0.05s Real=0.03s
[22.280s][info][gc,start       ] GC(16) Pause Young (Allocation Failure)
[22.280s][info][gc,heap        ] GC(16) PSYoungGen: 2497150K->126K(2641920K)
[22.280s][info][gc,heap        ] GC(16) ParOldGen: 92401K->92401K(5592576K)
[22.281s][info][gc,metaspace   ] GC(16) Metaspace: 20164K(20736K)->20164K(20736K) NonClass: 18083K(18432K)->18083K(18432K) Class: 2081K(2304K)->2081K(2304K)
[22.281s][info][gc             ] GC(16) Pause Young (Allocation Failure) 2528M->90M(8041M) 0.991ms
[22.281s][info][gc,cpu         ] GC(16) User=0.00s Sys=0.00s Real=0.02s
[23.912s][info][gc,start       ] GC(17) Pause Young (System.gc())
[23.912s][info][gc,heap        ] GC(17) PSYoungGen: 2040381K->32K(2642944K)
[23.912s][info][gc,heap        ] GC(17) ParOldGen: 92401K->92409K(5592576K)
[23.912s][info][gc,metaspace   ] GC(17) Metaspace: 20164K(20736K)->20164K(20736K) NonClass: 18083K(18432K)->18083K(18432K) Class: 2081K(2304K)->2081K(2304K)
[23.912s][info][gc             ] GC(17) Pause Young (System.gc()) 2082M->90M(8042M) 0.735ms
[23.912s][info][gc,cpu         ] GC(17) User=0.00s Sys=0.00s Real=0.00s
[23.912s][info][gc,start       ] GC(18) Pause Full (System.gc())
[23.912s][info][gc,phases,start] GC(18) Marking Phase
[23.917s][info][gc,phases      ] GC(18) Marking Phase 4.580ms
[23.917s][info][gc,phases,start] GC(18) Summary Phase
[23.917s][info][gc,phases      ] GC(18) Summary Phase 0.020ms
[23.917s][info][gc,phases,start] GC(18) Adjust Roots
[23.919s][info][gc,phases      ] GC(18) Adjust Roots 1.837ms
[23.919s][info][gc,phases,start] GC(18) Compaction Phase
[23.922s][info][gc,phases      ] GC(18) Compaction Phase 3.201ms
[23.922s][info][gc,phases,start] GC(18) Post Compact
[23.923s][info][gc,phases      ] GC(18) Post Compact 1.092ms
[23.923s][info][gc,heap        ] GC(18) PSYoungGen: 32K->0K(2642944K)
[23.923s][info][gc,heap        ] GC(18) ParOldGen: 92409K->5472K(5592576K)
[23.923s][info][gc,metaspace   ] GC(18) Metaspace: 20164K(20736K)->20164K(20736K) NonClass: 18083K(18432K)->18083K(18432K) Class: 2081K(2304K)->2081K(2304K)
[23.923s][info][gc             ] GC(18) Pause Full (System.gc()) 90M->5M(8042M) 10.968ms
[23.923s][info][gc,cpu         ] GC(18) User=0.02s Sys=0.00s Real=0.02s
[25.469s][info][gc,start       ] GC(19) Pause Young (Allocation Failure)
[25.483s][info][gc,heap        ] GC(19) PSYoungGen: 2489856K->86991K(2636288K)
[25.483s][info][gc,heap        ] GC(19) ParOldGen: 5472K->5472K(5592576K)
[25.483s][info][gc,metaspace   ] GC(19) Metaspace: 20164K(20736K)->20164K(20736K) NonClass: 18083K(18432K)->18083K(18432K) Class: 2081K(2304K)->2081K(2304K)
[25.483s][info][gc             ] GC(19) Pause Young (Allocation Failure) 2436M->90M(8036M) 13.593ms
[25.483s][info][gc,cpu         ] GC(19) User=0.06s Sys=0.03s Real=0.02s
[27.463s][info][gc,start       ] GC(20) Pause Young (Allocation Failure)
[27.476s][info][gc,heap        ] GC(20) PSYoungGen: 2570703K->128K(2639872K)
[27.476s][info][gc,heap        ] GC(20) ParOldGen: 5472K->92409K(5592576K)
[27.476s][info][gc,metaspace   ] GC(20) Metaspace: 20164K(20736K)->20164K(20736K) NonClass: 18083K(18432K)->18083K(18432K) Class: 2081K(2304K)->2081K(2304K)
[27.476s][info][gc             ] GC(20) Pause Young (Allocation Failure) 2515M->90M(8039M) 13.111ms
[27.476s][info][gc,cpu         ] GC(20) User=0.00s Sys=0.00s Real=0.01s
[29.454s][info][gc,start       ] GC(21) Pause Young (Allocation Failure)
[29.454s][info][gc,heap        ] GC(21) PSYoungGen: 2483840K->126K(2643968K)
[29.454s][info][gc,heap        ] GC(21) ParOldGen: 92409K->92409K(5592576K)
[29.454s][info][gc,metaspace   ] GC(21) Metaspace: 20164K(20736K)->20164K(20736K) NonClass: 18083K(18432K)->18083K(18432K) Class: 2081K(2304K)->2081K(2304K)
[29.454s][info][gc             ] GC(21) Pause Young (Allocation Failure) 2515M->90M(8043M) 0.744ms
[29.454s][info][gc,cpu         ] GC(21) User=0.00s Sys=0.00s Real=0.00s
[31.119s][info][gc,start       ] GC(22) Pause Young (System.gc())
[31.119s][info][gc,heap        ] GC(22) PSYoungGen: 2086005K->32K(2641408K)
[31.119s][info][gc,heap        ] GC(22) ParOldGen: 92409K->92409K(5592576K)
[31.119s][info][gc,metaspace   ] GC(22) Metaspace: 20164K(20736K)->20164K(20736K) NonClass: 18083K(18432K)->18083K(18432K) Class: 2081K(2304K)->2081K(2304K)
[31.119s][info][gc             ] GC(22) Pause Young (System.gc()) 2127M->90M(8041M) 0.459ms
[31.120s][info][gc,cpu         ] GC(22) User=0.00s Sys=0.00s Real=0.00s
[31.120s][info][gc,start       ] GC(23) Pause Full (System.gc())
[31.120s][info][gc,phases,start] GC(23) Marking Phase
[31.124s][info][gc,phases      ] GC(23) Marking Phase 4.681ms
[31.124s][info][gc,phases,start] GC(23) Summary Phase
[31.124s][info][gc,phases      ] GC(23) Summary Phase 0.010ms
[31.124s][info][gc,phases,start] GC(23) Adjust Roots
[31.126s][info][gc,phases      ] GC(23) Adjust Roots 1.812ms
[31.126s][info][gc,phases,start] GC(23) Compaction Phase
[31.129s][info][gc,phases      ] GC(23) Compaction Phase 2.694ms
[31.129s][info][gc,phases,start] GC(23) Post Compact
[31.130s][info][gc,phases      ] GC(23) Post Compact 1.125ms
[31.130s][info][gc,heap        ] GC(23) PSYoungGen: 32K->0K(2641408K)
[31.130s][info][gc,heap        ] GC(23) ParOldGen: 92409K->5472K(5592576K)
[31.130s][info][gc,metaspace   ] GC(23) Metaspace: 20164K(20736K)->20164K(20736K) NonClass: 18083K(18432K)->18083K(18432K) Class: 2081K(2304K)->2081K(2304K)
[31.130s][info][gc             ] GC(23) Pause Full (System.gc()) 90M->5M(8041M) 10.550ms
[31.130s][info][gc,cpu         ] GC(23) User=0.00s Sys=0.00s Real=0.02s
[32.673s][info][gc,start       ] GC(24) Pause Young (Allocation Failure)
[32.686s][info][gc,heap        ] GC(24) PSYoungGen: 2489344K->86992K(2634240K)
[32.686s][info][gc,heap        ] GC(24) ParOldGen: 5472K->5472K(5592576K)
[32.686s][info][gc,metaspace   ] GC(24) Metaspace: 20164K(20736K)->20164K(20736K) NonClass: 18083K(18432K)->18083K(18432K) Class: 2081K(2304K)->2081K(2304K)
[32.686s][info][gc             ] GC(24) Pause Young (Allocation Failure) 2436M->90M(8034M) 13.093ms
[32.686s][info][gc,cpu         ] GC(24) User=0.09s Sys=0.00s Real=0.02s
[34.658s][info][gc,start       ] GC(25) Pause Young (Allocation Failure)
[34.670s][info][gc,heap        ] GC(25) PSYoungGen: 2572752K->96K(2640896K)
[34.670s][info][gc,heap        ] GC(25) ParOldGen: 5472K->92401K(5592576K)
[34.670s][info][gc,metaspace   ] GC(25) Metaspace: 20164K(20736K)->20164K(20736K) NonClass: 18083K(18432K)->18083K(18432K) Class: 2081K(2304K)->2081K(2304K)
[34.670s][info][gc             ] GC(25) Pause Young (Allocation Failure) 2517M->90M(8040M) 12.785ms
[34.671s][info][gc,cpu         ] GC(25) User=0.09s Sys=0.00s Real=0.02s
[36.649s][info][gc,start       ] GC(26) Pause Young (Allocation Failure)
[36.649s][info][gc,heap        ] GC(26) PSYoungGen: 2485856K->64K(2649088K)
[36.649s][info][gc,heap        ] GC(26) ParOldGen: 92401K->92401K(5592576K)
[36.649s][info][gc,metaspace   ] GC(26) Metaspace: 20164K(20736K)->20164K(20736K) NonClass: 18083K(18432K)->18083K(18432K) Class: 2081K(2304K)->2081K(2304K)
[36.649s][info][gc             ] GC(26) Pause Young (Allocation Failure) 2517M->90M(8048M) 0.641ms
[36.650s][info][gc,cpu         ] GC(26) User=0.00s Sys=0.00s Real=0.00s
[38.308s][info][gc,start       ] GC(27) Pause Young (System.gc())
[38.309s][info][gc,heap        ] GC(27) PSYoungGen: 2092281K->32K(2644480K)
[38.309s][info][gc,heap        ] GC(27) ParOldGen: 92401K->92401K(5592576K)
[38.309s][info][gc,metaspace   ] GC(27) Metaspace: 20164K(20736K)->20164K(20736K) NonClass: 18083K(18432K)->18083K(18432K) Class: 2081K(2304K)->2081K(2304K)
[38.309s][info][gc             ] GC(27) Pause Young (System.gc()) 2133M->90M(8044M) 0.832ms
[38.309s][info][gc,cpu         ] GC(27) User=0.00s Sys=0.00s Real=0.00s
[38.309s][info][gc,start       ] GC(28) Pause Full (System.gc())
[38.309s][info][gc,phases,start] GC(28) Marking Phase
[38.313s][info][gc,phases      ] GC(28) Marking Phase 4.553ms
[38.313s][info][gc,phases,start] GC(28) Summary Phase
[38.313s][info][gc,phases      ] GC(28) Summary Phase 0.009ms
[38.313s][info][gc,phases,start] GC(28) Adjust Roots
[38.315s][info][gc,phases      ] GC(28) Adjust Roots 1.817ms
[38.315s][info][gc,phases,start] GC(28) Compaction Phase
[38.319s][info][gc,phases      ] GC(28) Compaction Phase 3.550ms
[38.319s][info][gc,phases,start] GC(28) Post Compact
[38.320s][info][gc,phases      ] GC(28) Post Compact 0.686ms
[38.320s][info][gc,heap        ] GC(28) PSYoungGen: 32K->0K(2644480K)
[38.320s][info][gc,heap        ] GC(28) ParOldGen: 92401K->5472K(5592576K)
[38.320s][info][gc,metaspace   ] GC(28) Metaspace: 20164K(20736K)->20164K(20736K) NonClass: 18083K(18432K)->18083K(18432K) Class: 2081K(2304K)->2081K(2304K)
[38.320s][info][gc             ] GC(28) Pause Full (System.gc()) 90M->5M(8044M) 10.815ms
[38.320s][info][gc,cpu         ] GC(28) User=0.00s Sys=0.00s Real=0.01s
[39.866s][info][gc,start       ] GC(29) Pause Young (Allocation Failure)
[39.880s][info][gc,heap        ] GC(29) PSYoungGen: 2497536K->86994K(2635264K)
[39.880s][info][gc,heap        ] GC(29) ParOldGen: 5472K->5472K(5592576K)
[39.880s][info][gc,metaspace   ] GC(29) Metaspace: 20164K(20736K)->20164K(20736K) NonClass: 18083K(18432K)->18083K(18432K) Class: 2081K(2304K)->2081K(2304K)
[39.880s][info][gc             ] GC(29) Pause Young (Allocation Failure) 2444M->90M(8035M) 13.565ms
[39.880s][info][gc,cpu         ] GC(29) User=0.09s Sys=0.00s Real=0.02s
[41.867s][info][gc,start       ] GC(30) Pause Young (Allocation Failure)
[41.880s][info][gc,heap        ] GC(30) PSYoungGen: 2580946K->94K(2644992K)
[41.880s][info][gc,heap        ] GC(30) ParOldGen: 5472K->92409K(5592576K)
[41.880s][info][gc,metaspace   ] GC(30) Metaspace: 20164K(20736K)->20164K(20736K) NonClass: 18083K(18432K)->18083K(18432K) Class: 2081K(2304K)->2081K(2304K)
[41.880s][info][gc             ] GC(30) Pause Young (Allocation Failure) 2525M->90M(8044M) 12.986ms
[41.880s][info][gc,cpu         ] GC(30) User=0.09s Sys=0.00s Real=0.01s
[43.866s][info][gc,start       ] GC(31) Pause Young (Allocation Failure)
[43.867s][info][gc,heap        ] GC(31) PSYoungGen: 2494046K->126K(2655744K)
[43.867s][info][gc,heap        ] GC(31) ParOldGen: 92409K->92409K(5592576K)
[43.867s][info][gc,metaspace   ] GC(31) Metaspace: 20164K(20736K)->20164K(20736K) NonClass: 18083K(18432K)->18083K(18432K) Class: 2081K(2304K)->2081K(2304K)
[43.867s][info][gc             ] GC(31) Pause Young (Allocation Failure) 2525M->90M(8055M) 1.054ms
[43.867s][info][gc,cpu         ] GC(31) User=0.00s Sys=0.00s Real=0.01s
[45.507s][info][gc,start       ] GC(32) Pause Young (System.gc())
[45.507s][info][gc,heap        ] GC(32) PSYoungGen: 2052548K->128K(2650112K)
[45.507s][info][gc,heap        ] GC(32) ParOldGen: 92409K->92409K(5592576K)
[45.507s][info][gc,metaspace   ] GC(32) Metaspace: 20168K(20736K)->20168K(20736K) NonClass: 18086K(18432K)->18086K(18432K) Class: 2081K(2304K)->2081K(2304K)
[45.507s][info][gc             ] GC(32) Pause Young (System.gc()) 2094M->90M(8049M) 0.539ms
[45.507s][info][gc,cpu         ] GC(32) User=0.00s Sys=0.00s Real=0.00s
[45.508s][info][gc,start       ] GC(33) Pause Full (System.gc())
[45.508s][info][gc,phases,start] GC(33) Marking Phase
[45.512s][info][gc,phases      ] GC(33) Marking Phase 4.598ms
[45.512s][info][gc,phases,start] GC(33) Summary Phase
[45.512s][info][gc,phases      ] GC(33) Summary Phase 0.009ms
[45.512s][info][gc,phases,start] GC(33) Adjust Roots
[45.514s][info][gc,phases      ] GC(33) Adjust Roots 2.152ms
[45.514s][info][gc,phases,start] GC(33) Compaction Phase
[45.518s][info][gc,phases      ] GC(33) Compaction Phase 3.540ms
[45.518s][info][gc,phases,start] GC(33) Post Compact
[45.519s][info][gc,phases      ] GC(33) Post Compact 0.702ms
[45.519s][info][gc,heap        ] GC(33) PSYoungGen: 128K->0K(2650112K)
[45.519s][info][gc,heap        ] GC(33) ParOldGen: 92409K->5473K(5592576K)
[45.519s][info][gc,metaspace   ] GC(33) Metaspace: 20168K(20736K)->20168K(20736K) NonClass: 18086K(18432K)->18086K(18432K) Class: 2081K(2304K)->2081K(2304K)
[45.519s][info][gc             ] GC(33) Pause Full (System.gc()) 90M->5M(8049M) 11.277ms
[45.519s][info][gc,cpu         ] GC(33) User=0.08s Sys=0.02s Real=0.02s
[47.077s][info][gc,start       ] GC(34) Pause Young (Allocation Failure)
[47.090s][info][gc,heap        ] GC(34) PSYoungGen: 2509824K->87024K(2638848K)
[47.090s][info][gc,heap        ] GC(34) ParOldGen: 5473K->5473K(5592576K)
[47.090s][info][gc,metaspace   ] GC(34) Metaspace: 20168K(20736K)->20168K(20736K) NonClass: 18086K(18432K)->18086K(18432K) Class: 2081K(2304K)->2081K(2304K)
[47.090s][info][gc             ] GC(34) Pause Young (Allocation Failure) 2456M->90M(8038M) 13.750ms
[47.090s][info][gc,cpu         ] GC(34) User=0.09s Sys=0.00s Real=0.03s
[49.086s][info][gc,start       ] GC(35) Pause Young (Allocation Failure)
[49.099s][info][gc,heap        ] GC(35) PSYoungGen: 2591216K->158K(2650112K)
[49.099s][info][gc,heap        ] GC(35) ParOldGen: 5473K->92402K(5592576K)
[49.099s][info][gc,metaspace   ] GC(35) Metaspace: 20168K(20736K)->20168K(20736K) NonClass: 18086K(18432K)->18086K(18432K) Class: 2081K(2304K)->2081K(2304K)
[49.099s][info][gc             ] GC(35) Pause Young (Allocation Failure) 2535M->90M(8049M) 12.881ms
[49.099s][info][gc,cpu         ] GC(35) User=0.09s Sys=0.00s Real=0.02s
[51.093s][info][gc,start       ] GC(36) Pause Young (Allocation Failure)
[51.094s][info][gc,heap        ] GC(36) PSYoungGen: 2504350K->160K(2661888K)
[51.094s][info][gc,heap        ] GC(36) ParOldGen: 92402K->92402K(5592576K)
[51.094s][info][gc,metaspace   ] GC(36) Metaspace: 20168K(20736K)->20168K(20736K) NonClass: 18086K(18432K)->18086K(18432K) Class: 2081K(2304K)->2081K(2304K)
[51.094s][info][gc             ] GC(36) Pause Young (Allocation Failure) 2535M->90M(8061M) 0.937ms
[51.094s][info][gc,cpu         ] GC(36) User=0.00s Sys=0.00s Real=0.00s
[52.708s][info][gc,start       ] GC(37) Pause Young (System.gc())
[52.708s][info][gc,heap        ] GC(37) PSYoungGen: 2011713K->32K(2655744K)
[52.708s][info][gc,heap        ] GC(37) ParOldGen: 92402K->92402K(5592576K)
[52.708s][info][gc,metaspace   ] GC(37) Metaspace: 20168K(20736K)->20168K(20736K) NonClass: 18086K(18432K)->18086K(18432K) Class: 2081K(2304K)->2081K(2304K)
[52.709s][info][gc             ] GC(37) Pause Young (System.gc()) 2054M->90M(8055M) 0.667ms
[52.709s][info][gc,cpu         ] GC(37) User=0.00s Sys=0.00s Real=0.02s
[52.709s][info][gc,start       ] GC(38) Pause Full (System.gc())
[52.709s][info][gc,phases,start] GC(38) Marking Phase
[52.714s][info][gc,phases      ] GC(38) Marking Phase 4.939ms
[52.714s][info][gc,phases,start] GC(38) Summary Phase
[52.714s][info][gc,phases      ] GC(38) Summary Phase 0.010ms
[52.714s][info][gc,phases,start] GC(38) Adjust Roots
[52.715s][info][gc,phases      ] GC(38) Adjust Roots 1.825ms
[52.715s][info][gc,phases,start] GC(38) Compaction Phase
[52.719s][info][gc,phases      ] GC(38) Compaction Phase 3.813ms
[52.719s][info][gc,phases,start] GC(38) Post Compact
[52.720s][info][gc,phases      ] GC(38) Post Compact 0.633ms
[52.720s][info][gc,heap        ] GC(38) PSYoungGen: 32K->0K(2655744K)
[52.720s][info][gc,heap        ] GC(38) ParOldGen: 92402K->5473K(5592576K)
[52.720s][info][gc,metaspace   ] GC(38) Metaspace: 20168K(20736K)->20168K(20736K) NonClass: 18086K(18432K)->18086K(18432K) Class: 2081K(2304K)->2081K(2304K)
[52.720s][info][gc             ] GC(38) Pause Full (System.gc()) 90M->5M(8055M) 11.411ms
[52.720s][info][gc,cpu         ] GC(38) User=0.00s Sys=0.02s Real=0.01s
[54.286s][info][gc,start       ] GC(39) Pause Young (Allocation Failure)
[54.299s][info][gc,heap        ] GC(39) PSYoungGen: 2521600K->86990K(2642432K)
[54.299s][info][gc,heap        ] GC(39) ParOldGen: 5473K->5473K(5592576K)
[54.299s][info][gc,metaspace   ] GC(39) Metaspace: 20168K(20736K)->20168K(20736K) NonClass: 18086K(18432K)->18086K(18432K) Class: 2081K(2304K)->2081K(2304K)
[54.299s][info][gc             ] GC(39) Pause Young (Allocation Failure) 2467M->90M(8042M) 13.638ms
[54.299s][info][gc,cpu         ] GC(39) User=0.09s Sys=0.00s Real=0.01s
[56.303s][info][gc,start       ] GC(40) Pause Young (Allocation Failure)
[56.316s][info][gc,heap        ] GC(40) PSYoungGen: 2601422K->96K(2655232K)
[56.316s][info][gc,heap        ] GC(40) ParOldGen: 5473K->92402K(5592576K)
[56.316s][info][gc,metaspace   ] GC(40) Metaspace: 20168K(20736K)->20168K(20736K) NonClass: 18086K(18432K)->18086K(18432K) Class: 2081K(2304K)->2081K(2304K)
[56.316s][info][gc             ] GC(40) Pause Young (Allocation Failure) 2545M->90M(8054M) 13.171ms
[56.316s][info][gc,cpu         ] GC(40) User=0.09s Sys=0.00s Real=0.02s
[58.316s][info][gc,start       ] GC(41) Pause Young (Allocation Failure)
[58.317s][info][gc,heap        ] GC(41) PSYoungGen: 2514528K->64K(2667008K)
[58.317s][info][gc,heap        ] GC(41) ParOldGen: 92402K->92402K(5592576K)
[58.317s][info][gc,metaspace   ] GC(41) Metaspace: 20168K(20736K)->20168K(20736K) NonClass: 18086K(18432K)->18086K(18432K) Class: 2081K(2304K)->2081K(2304K)
[58.317s][info][gc             ] GC(41) Pause Young (Allocation Failure) 2545M->90M(8066M) 1.109ms
[58.317s][info][gc,cpu         ] GC(41) User=0.00s Sys=0.00s Real=0.00s
[59.904s][info][gc,start       ] GC(42) Pause Young (System.gc())
[59.905s][info][gc,heap        ] GC(42) PSYoungGen: 2019687K->32K(2660864K)
[59.905s][info][gc,heap        ] GC(42) ParOldGen: 92402K->92402K(5592576K)
[59.905s][info][gc,metaspace   ] GC(42) Metaspace: 20168K(20736K)->20168K(20736K) NonClass: 18086K(18432K)->18086K(18432K) Class: 2081K(2304K)->2081K(2304K)
[59.905s][info][gc             ] GC(42) Pause Young (System.gc()) 2062M->90M(8060M) 0.531ms
[59.905s][info][gc,cpu         ] GC(42) User=0.00s Sys=0.00s Real=0.00s
[59.905s][info][gc,start       ] GC(43) Pause Full (System.gc())
[59.905s][info][gc,phases,start] GC(43) Marking Phase
[59.910s][info][gc,phases      ] GC(43) Marking Phase 4.805ms
[59.910s][info][gc,phases,start] GC(43) Summary Phase
[59.910s][info][gc,phases      ] GC(43) Summary Phase 0.020ms
[59.910s][info][gc,phases,start] GC(43) Adjust Roots
[59.912s][info][gc,phases      ] GC(43) Adjust Roots 1.819ms
[59.912s][info][gc,phases,start] GC(43) Compaction Phase
[59.915s][info][gc,phases      ] GC(43) Compaction Phase 3.060ms
[59.915s][info][gc,phases,start] GC(43) Post Compact
[59.915s][info][gc,phases      ] GC(43) Post Compact 0.646ms
[59.915s][info][gc,heap        ] GC(43) PSYoungGen: 32K->0K(2660864K)
[59.915s][info][gc,heap        ] GC(43) ParOldGen: 92402K->5473K(5592576K)
[59.915s][info][gc,metaspace   ] GC(43) Metaspace: 20168K(20736K)->20168K(20736K) NonClass: 18086K(18432K)->18086K(18432K) Class: 2081K(2304K)->2081K(2304K)
[59.915s][info][gc             ] GC(43) Pause Full (System.gc()) 90M->5M(8060M) 10.538ms
[59.916s][info][gc,cpu         ] GC(43) User=0.00s Sys=0.00s Real=0.02s
[61.486s][info][gc,start       ] GC(44) Pause Young (Allocation Failure)
[61.499s][info][gc,heap        ] GC(44) PSYoungGen: 2531840K->87020K(2645504K)
[61.499s][info][gc,heap        ] GC(44) ParOldGen: 5473K->5473K(5592576K)
[61.499s][info][gc,metaspace   ] GC(44) Metaspace: 20168K(20736K)->20168K(20736K) NonClass: 18086K(18432K)->18086K(18432K) Class: 2081K(2304K)->2081K(2304K)
[61.500s][info][gc             ] GC(44) Pause Young (Allocation Failure) 2477M->90M(8045M) 13.347ms
[61.500s][info][gc,cpu         ] GC(44) User=0.09s Sys=0.00s Real=0.02s
[63.512s][info][gc,start       ] GC(45) Pause Young (Allocation Failure)
[63.525s][info][gc,heap        ] GC(45) PSYoungGen: 2609644K->64K(2659328K)
[63.525s][info][gc,heap        ] GC(45) ParOldGen: 5473K->92410K(5592576K)
[63.525s][info][gc,metaspace   ] GC(45) Metaspace: 20168K(20736K)->20168K(20736K) NonClass: 18086K(18432K)->18086K(18432K) Class: 2081K(2304K)->2081K(2304K)
[63.525s][info][gc             ] GC(45) Pause Young (Allocation Failure) 2553M->90M(8058M) 13.023ms
[63.525s][info][gc,cpu         ] GC(45) User=0.06s Sys=0.02s Real=0.01s
[65.530s][info][gc,start       ] GC(46) Pause Young (Allocation Failure)
[65.531s][info][gc,heap        ] GC(46) PSYoungGen: 2522688K->62K(2671616K)
[65.531s][info][gc,heap        ] GC(46) ParOldGen: 92410K->92410K(5592576K)
[65.531s][info][gc,metaspace   ] GC(46) Metaspace: 20168K(20736K)->20168K(20736K) NonClass: 18086K(18432K)->18086K(18432K) Class: 2081K(2304K)->2081K(2304K)
[65.531s][info][gc             ] GC(46) Pause Young (Allocation Failure) 2553M->90M(8070M) 1.259ms
[65.531s][info][gc,cpu         ] GC(46) User=0.00s Sys=0.00s Real=0.00s
[67.101s][info][gc,start       ] GC(47) Pause Young (System.gc())
[67.102s][info][gc,heap        ] GC(47) PSYoungGen: 1992843K->64K(2665472K)
[67.102s][info][gc,heap        ] GC(47) ParOldGen: 92410K->92426K(5592576K)
[67.102s][info][gc,metaspace   ] GC(47) Metaspace: 20169K(20736K)->20169K(20736K) NonClass: 18087K(18432K)->18087K(18432K) Class: 2081K(2304K)->2081K(2304K)
[67.102s][info][gc             ] GC(47) Pause Young (System.gc()) 2036M->90M(8064M) 0.588ms
[67.102s][info][gc,cpu         ] GC(47) User=0.00s Sys=0.00s Real=0.00s
[67.102s][info][gc,start       ] GC(48) Pause Full (System.gc())
[67.102s][info][gc,phases,start] GC(48) Marking Phase
[67.106s][info][gc,phases      ] GC(48) Marking Phase 4.644ms
[67.106s][info][gc,phases,start] GC(48) Summary Phase
[67.106s][info][gc,phases      ] GC(48) Summary Phase 0.009ms
[67.106s][info][gc,phases,start] GC(48) Adjust Roots
[67.108s][info][gc,phases      ] GC(48) Adjust Roots 1.856ms
[67.108s][info][gc,phases,start] GC(48) Compaction Phase
[67.111s][info][gc,phases      ] GC(48) Compaction Phase 2.512ms
[67.111s][info][gc,phases,start] GC(48) Post Compact
[67.111s][info][gc,phases      ] GC(48) Post Compact 0.661ms
[67.112s][info][gc,heap        ] GC(48) PSYoungGen: 64K->0K(2665472K)
[67.112s][info][gc,heap        ] GC(48) ParOldGen: 92426K->5474K(5592576K)
[67.112s][info][gc,metaspace   ] GC(48) Metaspace: 20169K(20736K)->20169K(20736K) NonClass: 18087K(18432K)->18087K(18432K) Class: 2081K(2304K)->2081K(2304K)
[67.112s][info][gc             ] GC(48) Pause Full (System.gc()) 90M->5M(8064M) 9.886ms
[67.112s][info][gc,cpu         ] GC(48) User=0.09s Sys=0.00s Real=0.02s
[68.693s][info][gc,start       ] GC(49) Pause Young (Allocation Failure)
[68.707s][info][gc,heap        ] GC(49) PSYoungGen: 2541056K->86938K(2648064K)
[68.707s][info][gc,heap        ] GC(49) ParOldGen: 5474K->5474K(5592576K)
[68.707s][info][gc,metaspace   ] GC(49) Metaspace: 20170K(20736K)->20170K(20736K) NonClass: 18088K(18432K)->18088K(18432K) Class: 2081K(2304K)->2081K(2304K)
[68.707s][info][gc             ] GC(49) Pause Young (Allocation Failure) 2486M->90M(8047M) 13.624ms
[68.707s][info][gc,cpu         ] GC(49) User=0.09s Sys=0.00s Real=0.02s
[70.716s][info][gc,start       ] GC(50) Pause Young (Allocation Failure)
[70.729s][info][gc,heap        ] GC(50) PSYoungGen: 2616730K->128K(2662912K)
[70.729s][info][gc,heap        ] GC(50) ParOldGen: 5474K->92410K(5592576K)
[70.729s][info][gc,metaspace   ] GC(50) Metaspace: 20170K(20736K)->20170K(20736K) NonClass: 18088K(18432K)->18088K(18432K) Class: 2081K(2304K)->2081K(2304K)
[70.729s][info][gc             ] GC(50) Pause Young (Allocation Failure) 2560M->90M(8062M) 12.850ms
[70.729s][info][gc,cpu         ] GC(50) User=0.09s Sys=0.00s Real=0.03s
[72.742s][info][gc,start       ] GC(51) Pause Young (Allocation Failure)
[72.742s][info][gc,heap        ] GC(51) PSYoungGen: 2529920K->96K(2674688K)
[72.742s][info][gc,heap        ] GC(51) ParOldGen: 92410K->92410K(5592576K)
[72.742s][info][gc,metaspace   ] GC(51) Metaspace: 20170K(20736K)->20170K(20736K) NonClass: 18088K(18432K)->18088K(18432K) Class: 2081K(2304K)->2081K(2304K)
[72.742s][info][gc             ] GC(51) Pause Young (Allocation Failure) 2560M->90M(8073M) 0.562ms
[72.742s][info][gc,cpu         ] GC(51) User=0.00s Sys=0.00s Real=0.00s
[74.312s][info][gc,heap,exit   ] Heap
[74.312s][info][gc,heap,exit   ]  PSYoungGen      total 2674688K, used 2030577K [0x0000000755580000, 0x0000000800000000, 0x0000000800000000)
[74.312s][info][gc,heap,exit   ]   eden space 2547200K, 79% used [0x0000000755580000,0x00000007d1464578,0x00000007f0d00000)
[74.312s][info][gc,heap,exit   ]   from space 127488K, 0% used [0x00000007f8380000,0x00000007f8398000,0x0000000800000000)
[74.312s][info][gc,heap,exit   ]   to   space 121344K, 0% used [0x00000007f0d00000,0x00000007f0d00000,0x00000007f8380000)
[74.312s][info][gc,heap,exit   ]  ParOldGen       total 5592576K, used 92410K [0x0000000600000000, 0x0000000755580000, 0x0000000755580000)
[74.312s][info][gc,heap,exit   ]   object space 5592576K, 1% used [0x0000000600000000,0x0000000605a3ea68,0x0000000755580000)
[74.312s][info][gc,heap,exit   ]  Metaspace       used 20188K, capacity 20691K, committed 20736K, reserved 1067008K
[74.312s][info][gc,heap,exit   ]   class space    used 2083K, capacity 2285K, committed 2304K, reserved 1048576K
