OpenJDK 64-Bit Server VM (25.422-b05) for windows-amd64 JRE (1.8.0_422-422-b05), built on Jul 18 2024 05:34:18 by "Administrator" with MS VC++ 16.10 / 16.11 (VS2019)
Memory: 4k page, physical 15965620k(10764988k free), swap 17079732k(10767316k free)
CommandLine flags: -XX:InitialHeapSize=4294967296 -XX:MaxHeapSize=4294967296 -XX:MaxNewSize=523452416 -XX:MaxTenuringThreshold=6 -XX:NewSize=523452416 -XX:OldPLABSize=16 -XX:OldSize=1046904832 -XX:+PrintGC -XX:+PrintGCApplicationConcurrentTime -XX:+PrintGCApplicationStoppedTime -XX:+PrintGCDateStamps -XX:+PrintGCDetails -XX:+PrintGCTimeStamps -XX:+UnlockExperimentalVMOptions -XX:+UseCompressedClassPointers -XX:+UseCompressedOops -XX:+UseConcMarkSweepGC -XX:-UseLargePagesIndividualAllocation -XX:+UseParNewGC 
2024-10-09T21:16:30.859+0300: 0.076: Application time: 0.0181404 seconds
2024-10-09T21:16:30.859+0300: 0.076: Total time for which application threads were stopped: 0.0001010 seconds, Stopping threads took: 0.0000371 seconds
2024-10-09T21:16:30.875+0300: 0.084: Application time: 0.0079501 seconds
2024-10-09T21:16:30.875+0300: 0.084: Total time for which application threads were stopped: 0.0000723 seconds, Stopping threads took: 0.0000237 seconds
2024-10-09T21:16:31.049+0300: 0.259: Application time: 0.1750698 seconds
2024-10-09T21:16:31.049+0300: 0.259: [Full GC (System.gc()) 2024-10-09T21:16:31.049+0300: 0.259: [CMS: 0K->3742K(3683136K), 0.0298660 secs] 32721K->3742K(4143232K), [Metaspace: 7080K->7080K(1056768K)], 0.0308699 secs] [Times: user=0.00 sys=0.02, real=0.03 secs] 
2024-10-09T21:16:31.081+0300: 0.290: Total time for which application threads were stopped: 0.0310791 seconds, Stopping threads took: 0.0000281 seconds
2024-10-09T21:16:31.081+0300: 0.290: Application time: 0.0002253 seconds
2024-10-09T21:16:31.081+0300: 0.290: [Full GC (System.gc()) 2024-10-09T21:16:31.081+0300: 0.290: [CMS: 3742K->3742K(3683136K), 0.0108807 secs] 3742K->3742K(4143232K), [Metaspace: 7080K->7080K(1056768K)], 0.0116987 secs] [Times: user=0.00 sys=0.00, real=0.01 secs] 
2024-10-09T21:16:31.096+0300: 0.302: Total time for which application threads were stopped: 0.0119039 seconds, Stopping threads took: 0.0000952 seconds
2024-10-09T21:16:31.128+0300: 0.336: Application time: 0.0336461 seconds
2024-10-09T21:16:31.128+0300: 0.336: Total time for which application threads were stopped: 0.0001429 seconds, Stopping threads took: 0.0000317 seconds
2024-10-09T21:16:31.159+0300: 0.365: Application time: 0.0294352 seconds
2024-10-09T21:16:31.159+0300: 0.366: Total time for which application threads were stopped: 0.0001520 seconds, Stopping threads took: 0.0000321 seconds
2024-10-09T21:16:31.159+0300: 0.375: Application time: 0.0094209 seconds
2024-10-09T21:16:31.159+0300: 0.375: Total time for which application threads were stopped: 0.0001462 seconds, Stopping threads took: 0.0000262 seconds
2024-10-09T21:16:31.332+0300: 0.545: Application time: 0.1694668 seconds
2024-10-09T21:16:31.332+0300: 0.545: Total time for which application threads were stopped: 0.0004000 seconds, Stopping threads took: 0.0001382 seconds
2024-10-09T21:16:31.332+0300: 0.546: Application time: 0.0011822 seconds
2024-10-09T21:16:31.332+0300: 0.546: Total time for which application threads were stopped: 0.0002716 seconds, Stopping threads took: 0.0000815 seconds
2024-10-09T21:16:31.332+0300: 0.547: Application time: 0.0009155 seconds
2024-10-09T21:16:31.332+0300: 0.548: Total time for which application threads were stopped: 0.0004245 seconds, Stopping threads took: 0.0002387 seconds
2024-10-09T21:16:31.332+0300: 0.549: Application time: 0.0009348 seconds
2024-10-09T21:16:31.332+0300: 0.549: Total time for which application threads were stopped: 0.0002611 seconds, Stopping threads took: 0.0001055 seconds
2024-10-09T21:16:31.332+0300: 0.549: Application time: 0.0005106 seconds
2024-10-09T21:16:31.332+0300: 0.550: Total time for which application threads were stopped: 0.0001882 seconds, Stopping threads took: 0.0000612 seconds
2024-10-09T21:16:31.442+0300: 0.651: Application time: 0.1011472 seconds
2024-10-09T21:16:31.442+0300: 0.651: Total time for which application threads were stopped: 0.0005902 seconds, Stopping threads took: 0.0002976 seconds
2024-10-09T21:16:31.881+0300: 1.096: Application time: 0.4441918 seconds
2024-10-09T21:16:31.881+0300: 1.096: Total time for which application threads were stopped: 0.0007717 seconds, Stopping threads took: 0.0006183 seconds
2024-10-09T21:16:32.053+0300: 1.266: Application time: 0.1696650 seconds
2024-10-09T21:16:32.053+0300: 1.266: Total time for which application threads were stopped: 0.0003133 seconds, Stopping threads took: 0.0001663 seconds
2024-10-09T21:16:32.128+0300: 1.332: Application time: 0.0655525 seconds
2024-10-09T21:16:32.128+0300: 1.332: Total time for which application threads were stopped: 0.0004450 seconds, Stopping threads took: 0.0001258 seconds
2024-10-09T21:16:32.179+0300: 1.397: Application time: 0.0648322 seconds
2024-10-09T21:16:32.194+0300: 1.397: Total time for which application threads were stopped: 0.0002893 seconds, Stopping threads took: 0.0001281 seconds
2024-10-09T21:16:32.242+0300: 1.452: Application time: 0.0547606 seconds
2024-10-09T21:16:32.242+0300: 1.453: [GC (Allocation Failure) 2024-10-09T21:16:32.242+0300: 1.453: [ParNew: 409024K->51072K(460096K), 0.0399408 secs] 412766K->60536K(4143232K), 0.0401207 secs] [Times: user=0.09 sys=0.02, real=0.05 secs] 
2024-10-09T21:16:32.289+0300: 1.493: Total time for which application threads were stopped: 0.0404394 seconds, Stopping threads took: 0.0001630 seconds
2024-10-09T21:16:32.791+0300: 1.998: Application time: 0.5054070 seconds
2024-10-09T21:16:32.791+0300: 1.998: Total time for which application threads were stopped: 0.0003473 seconds, Stopping threads took: 0.0001657 seconds
2024-10-09T21:16:32.885+0300: 2.095: Application time: 0.0965312 seconds
2024-10-09T21:16:32.885+0300: 2.095: Total time for which application threads were stopped: 0.0003011 seconds, Stopping threads took: 0.0001236 seconds
2024-10-09T21:16:32.885+0300: 2.098: Application time: 0.0028644 seconds
2024-10-09T21:16:32.885+0300: 2.098: [GC (Allocation Failure) 2024-10-09T21:16:32.885+0300: 2.098: [ParNew: 460096K->51072K(460096K), 0.0363694 secs] 469560K->88716K(4143232K), 0.0364935 secs] [Times: user=0.11 sys=0.00, real=0.05 secs] 
2024-10-09T21:16:32.930+0300: 2.135: Total time for which application threads were stopped: 0.0367192 seconds, Stopping threads took: 0.0000623 seconds
2024-10-09T21:16:33.042+0300: 2.254: Application time: 0.1191309 seconds
2024-10-09T21:16:33.042+0300: 2.254: Total time for which application threads were stopped: 0.0003190 seconds, Stopping threads took: 0.0001534 seconds
2024-10-09T21:16:33.246+0300: 2.464: Application time: 0.2098360 seconds
2024-10-09T21:16:33.246+0300: 2.464: Total time for which application threads were stopped: 0.0003026 seconds, Stopping threads took: 0.0001203 seconds
2024-10-09T21:16:33.387+0300: 2.590: Application time: 0.1259082 seconds
2024-10-09T21:16:33.387+0300: 2.591: [GC (Allocation Failure) 2024-10-09T21:16:33.387+0300: 2.591: [ParNew: 460096K->51072K(460096K), 0.0269736 secs] 497740K->97279K(4143232K), 0.0270900 secs] [Times: user=0.09 sys=0.00, real=0.02 secs] 
2024-10-09T21:16:33.403+0300: 2.618: Total time for which application threads were stopped: 0.0274364 seconds, Stopping threads took: 0.0001110 seconds
2024-10-09T21:16:33.701+0300: 2.914: Application time: 0.2962653 seconds
2024-10-09T21:16:33.701+0300: 2.915: [GC (Allocation Failure) 2024-10-09T21:16:33.701+0300: 2.915: [ParNew: 460096K->51072K(460096K), 0.0345729 secs] 506303K->122650K(4143232K), 0.0346739 secs] [Times: user=0.19 sys=0.00, real=0.03 secs] 
2024-10-09T21:16:33.733+0300: 2.950: Total time for which application threads were stopped: 0.0355744 seconds, Stopping threads took: 0.0007240 seconds
2024-10-09T21:16:33.968+0300: 3.180: Application time: 0.2302428 seconds
2024-10-09T21:16:33.968+0300: 3.180: [GC (Allocation Failure) 2024-10-09T21:16:33.968+0300: 3.180: [ParNew: 460096K->51072K(460096K), 0.0268114 secs] 531674K->126920K(4143232K), 0.0269050 secs] [Times: user=0.05 sys=0.00, real=0.03 secs] 
2024-10-09T21:16:33.999+0300: 3.207: Total time for which application threads were stopped: 0.0273193 seconds, Stopping threads took: 0.0001388 seconds
2024-10-09T21:16:34.172+0300: 3.377: Application time: 0.1697993 seconds
2024-10-09T21:16:34.172+0300: 3.377: [GC (Allocation Failure) 2024-10-09T21:16:34.172+0300: 3.380: [ParNew: 460096K->41048K(460096K), 0.0338625 secs] 535944K->154959K(4143232K), 0.0361715 secs] [Times: user=0.06 sys=0.00, real=0.03 secs] 
2024-10-09T21:16:34.203+0300: 3.413: Total time for which application threads were stopped: 0.0364683 seconds, Stopping threads took: 0.0001288 seconds
2024-10-09T21:16:34.407+0300: 3.618: Application time: 0.2049391 seconds
2024-10-09T21:16:34.407+0300: 3.619: [GC (Allocation Failure) 2024-10-09T21:16:34.407+0300: 3.619: [ParNew: 450072K->51072K(460096K), 0.0225025 secs] 563983K->166918K(4143232K), 0.0225936 secs] [Times: user=0.05 sys=0.00, real=0.03 secs] 
2024-10-09T21:16:34.434+0300: 3.641: Total time for which application threads were stopped: 0.0228416 seconds, Stopping threads took: 0.0001324 seconds
2024-10-09T21:16:34.627+0300: 3.836: Application time: 0.1950458 seconds
2024-10-09T21:16:34.627+0300: 3.837: [GC (Allocation Failure) 2024-10-09T21:16:34.627+0300: 3.837: [ParNew: 460096K->51072K(460096K), 0.0271610 secs] 575942K->177167K(4143232K), 0.0272800 secs] [Times: user=0.03 sys=0.00, real=0.03 secs] 
2024-10-09T21:16:34.659+0300: 3.864: Total time for which application threads were stopped: 0.0275604 seconds, Stopping threads took: 0.0001366 seconds
2024-10-09T21:16:34.816+0300: 4.032: Application time: 0.1681359 seconds
2024-10-09T21:16:34.816+0300: 4.032: [GC (Allocation Failure) 2024-10-09T21:16:34.816+0300: 4.032: [ParNew: 460096K->45192K(460096K), 0.0311218 secs] 586191K->204991K(4143232K), 0.0312248 secs] [Times: user=0.05 sys=0.00, real=0.03 secs] 
2024-10-09T21:16:34.848+0300: 4.064: Total time for which application threads were stopped: 0.0315425 seconds, Stopping threads took: 0.0001962 seconds
2024-10-09T21:16:34.910+0300: 4.113: Application time: 0.0497182 seconds
2024-10-09T21:16:34.910+0300: 4.114: Total time for which application threads were stopped: 0.0002864 seconds, Stopping threads took: 0.0001734 seconds
2024-10-09T21:16:35.052+0300: 4.270: Application time: 0.1568251 seconds
2024-10-09T21:16:35.067+0300: 4.271: [GC (Allocation Failure) 2024-10-09T21:16:35.067+0300: 4.271: [ParNew: 454216K->51072K(460096K), 0.0224706 secs] 614015K->213131K(4143232K), 0.0225694 secs] [Times: user=0.05 sys=0.00, real=0.02 secs] 
2024-10-09T21:16:35.083+0300: 4.293: Total time for which application threads were stopped: 0.0228629 seconds, Stopping threads took: 0.0001694 seconds
2024-10-09T21:16:35.271+0300: 4.487: Application time: 0.1933452 seconds
2024-10-09T21:16:35.271+0300: 4.487: [GC (Allocation Failure) 2024-10-09T21:16:35.271+0300: 4.487: [ParNew: 460096K->51072K(460096K), 0.0312614 secs] 622155K->229728K(4143232K), 0.0313569 secs] [Times: user=0.06 sys=0.00, real=0.03 secs] 
2024-10-09T21:16:35.303+0300: 4.518: Total time for which application threads were stopped: 0.0316309 seconds, Stopping threads took: 0.0001483 seconds
2024-10-09T21:16:35.476+0300: 4.689: Application time: 0.1705441 seconds
2024-10-09T21:16:35.476+0300: 4.689: [GC (Allocation Failure) 2024-10-09T21:16:35.476+0300: 4.689: [ParNew: 460096K->51072K(460096K), 0.0395737 secs] 638752K->264081K(4143232K), 0.0396665 secs] [Times: user=0.11 sys=0.02, real=0.05 secs] 
2024-10-09T21:16:35.523+0300: 4.729: Total time for which application threads were stopped: 0.0399720 seconds, Stopping threads took: 0.0001732 seconds
2024-10-09T21:16:35.711+0300: 4.923: Application time: 0.1942030 seconds
2024-10-09T21:16:35.711+0300: 4.923: [GC (Allocation Failure) 2024-10-09T21:16:35.711+0300: 4.923: [ParNew: 460096K->51072K(460096K), 0.0232935 secs] 673105K->267756K(4143232K), 0.0233893 secs] [Times: user=0.03 sys=0.00, real=0.03 secs] 
2024-10-09T21:16:35.743+0300: 4.947: Total time for which application threads were stopped: 0.0236817 seconds, Stopping threads took: 0.0001664 seconds
2024-10-09T21:16:35.930+0300: 5.135: Application time: 0.1880468 seconds
2024-10-09T21:16:35.930+0300: 5.135: [GC (Allocation Failure) 2024-10-09T21:16:35.930+0300: 5.135: [ParNew: 460096K->51072K(460096K), 0.0419390 secs] 676780K->290580K(4143232K), 0.0420461 secs] [Times: user=0.02 sys=0.00, real=0.03 secs] 
2024-10-09T21:16:35.962+0300: 5.177: Total time for which application threads were stopped: 0.0422915 seconds, Stopping threads took: 0.0001322 seconds
2024-10-09T21:16:36.137+0300: 5.341: Application time: 0.1643512 seconds
2024-10-09T21:16:36.137+0300: 5.342: [GC (Allocation Failure) 2024-10-09T21:16:36.137+0300: 5.342: [ParNew: 460096K->50345K(460096K), 0.0357167 secs] 699604K->319856K(4143232K), 0.0358136 secs] [Times: user=0.03 sys=0.02, real=0.03 secs] 
2024-10-09T21:16:36.166+0300: 5.377: Total time for which application threads were stopped: 0.0360907 seconds, Stopping threads took: 0.0001561 seconds
2024-10-09T21:16:36.354+0300: 5.564: Application time: 0.1869846 seconds
2024-10-09T21:16:36.354+0300: 5.565: [GC (Allocation Failure) 2024-10-09T21:16:36.354+0300: 5.565: [ParNew: 459369K->50717K(460096K), 0.0315373 secs] 728880K->345772K(4143232K), 0.0316360 secs] [Times: user=0.06 sys=0.00, real=0.03 secs] 
2024-10-09T21:16:36.386+0300: 5.596: Total time for which application threads were stopped: 0.0319115 seconds, Stopping threads took: 0.0001572 seconds
2024-10-09T21:16:36.589+0300: 5.801: Application time: 0.2046445 seconds
2024-10-09T21:16:36.589+0300: 5.801: [GC (Allocation Failure) 2024-10-09T21:16:36.589+0300: 5.801: [ParNew: 459741K->51072K(460096K), 0.0267274 secs] 754796K->356532K(4143232K), 0.0268332 secs] [Times: user=0.06 sys=0.01, real=0.03 secs] 
2024-10-09T21:16:36.621+0300: 5.828: Total time for which application threads were stopped: 0.0271126 seconds, Stopping threads took: 0.0001273 seconds
2024-10-09T21:16:36.793+0300: 6.004: Application time: 0.1762101 seconds
2024-10-09T21:16:36.793+0300: 6.005: [GC (Allocation Failure) 2024-10-09T21:16:36.793+0300: 6.005: [ParNew: 460096K->51072K(460096K), 0.0385276 secs] 765556K->389798K(4143232K), 0.0386205 secs] [Times: user=0.08 sys=0.00, real=0.05 secs] 
2024-10-09T21:16:36.839+0300: 6.043: Total time for which application threads were stopped: 0.0388585 seconds, Stopping threads took: 0.0001258 seconds
2024-10-09T21:16:37.013+0300: 6.228: Application time: 0.1846030 seconds
2024-10-09T21:16:37.013+0300: 6.228: [GC (Allocation Failure) 2024-10-09T21:16:37.013+0300: 6.228: [ParNew: 460096K->51072K(460096K), 0.0282374 secs] 798822K->406580K(4143232K), 0.0283299 secs] [Times: user=0.03 sys=0.00, real=0.03 secs] 
2024-10-09T21:16:37.045+0300: 6.256: Total time for which application threads were stopped: 0.0285665 seconds, Stopping threads took: 0.0001296 seconds
2024-10-09T21:16:37.233+0300: 6.438: Application time: 0.1812698 seconds
2024-10-09T21:16:37.233+0300: 6.438: [GC (Allocation Failure) 2024-10-09T21:16:37.233+0300: 6.438: [ParNew: 460096K->51072K(460096K), 0.0328300 secs] 815604K->430172K(4143232K), 0.0329469 secs] [Times: user=0.06 sys=0.00, real=0.03 secs] 
2024-10-09T21:16:37.265+0300: 6.471: Total time for which application threads were stopped: 0.0332713 seconds, Stopping threads took: 0.0001866 seconds
2024-10-09T21:16:37.440+0300: 6.649: Application time: 0.1781023 seconds
2024-10-09T21:16:37.440+0300: 6.649: [GC (Allocation Failure) 2024-10-09T21:16:37.440+0300: 6.649: [ParNew: 460096K->51072K(460096K), 0.0259518 secs] 839196K->444020K(4143232K), 0.0260643 secs] [Times: user=0.03 sys=0.00, real=0.03 secs] 
2024-10-09T21:16:37.469+0300: 6.675: Total time for which application threads were stopped: 0.0263337 seconds, Stopping threads took: 0.0001523 seconds
2024-10-09T21:16:37.657+0300: 6.862: Application time: 0.1863951 seconds
2024-10-09T21:16:37.657+0300: 6.862: [GC (Allocation Failure) 2024-10-09T21:16:37.657+0300: 6.862: [ParNew: 460096K->50025K(460096K), 0.0306190 secs] 853044K->463769K(4143232K), 0.0307058 secs] [Times: user=0.03 sys=0.00, real=0.03 secs] 
2024-10-09T21:16:37.689+0300: 6.893: Total time for which application threads were stopped: 0.0309517 seconds, Stopping threads took: 0.0001214 seconds
2024-10-09T21:16:37.861+0300: 7.065: Application time: 0.1723671 seconds
2024-10-09T21:16:37.861+0300: 7.065: [GC (Allocation Failure) 2024-10-09T21:16:37.861+0300: 7.065: [ParNew: 459049K->51072K(460096K), 0.0299010 secs] 872793K->489544K(4143232K), 0.0299955 secs] [Times: user=0.02 sys=0.00, real=0.02 secs] 
2024-10-09T21:16:37.877+0300: 7.095: Total time for which application threads were stopped: 0.0302375 seconds, Stopping threads took: 0.0001268 seconds
2024-10-09T21:16:38.081+0300: 7.286: Application time: 0.1906545 seconds
2024-10-09T21:16:38.081+0300: 7.286: [GC (Allocation Failure) 2024-10-09T21:16:38.081+0300: 7.286: [ParNew: 460096K->51072K(460096K), 0.0247174 secs] 898568K->502443K(4143232K), 0.0248054 secs] [Times: user=0.02 sys=0.00, real=0.02 secs] 
2024-10-09T21:16:38.097+0300: 7.311: Total time for which application threads were stopped: 0.0251127 seconds, Stopping threads took: 0.0001857 seconds
2024-10-09T21:16:38.285+0300: 7.494: Application time: 0.1829029 seconds
2024-10-09T21:16:38.285+0300: 7.494: [GC (Allocation Failure) 2024-10-09T21:16:38.285+0300: 7.494: [ParNew: 460096K->51072K(460096K), 0.0266209 secs] 911467K->515000K(4143232K), 0.0267126 secs] [Times: user=0.01 sys=0.00, real=0.03 secs] 
2024-10-09T21:16:38.316+0300: 7.521: Total time for which application threads were stopped: 0.0269733 seconds, Stopping threads took: 0.0001425 seconds
2024-10-09T21:16:38.473+0300: 7.690: Application time: 0.1693237 seconds
2024-10-09T21:16:38.473+0300: 7.691: [GC (Allocation Failure) 2024-10-09T21:16:38.473+0300: 7.691: [ParNew: 460096K->51072K(460096K), 0.0371063 secs] 924024K->541293K(4143232K), 0.0372077 secs] [Times: user=0.16 sys=0.00, real=0.05 secs] 
2024-10-09T21:16:38.520+0300: 7.728: Total time for which application threads were stopped: 0.0375322 seconds, Stopping threads took: 0.0001862 seconds
2024-10-09T21:16:38.708+0300: 7.922: Application time: 0.1940937 seconds
2024-10-09T21:16:38.708+0300: 7.922: [GC (Allocation Failure) 2024-10-09T21:16:38.708+0300: 7.922: [ParNew: 460096K->46010K(460096K), 0.0309063 secs] 950317K->561465K(4143232K), 0.0309951 secs] [Times: user=0.05 sys=0.00, real=0.04 secs] 
2024-10-09T21:16:38.743+0300: 7.953: Total time for which application threads were stopped: 0.0312544 seconds, Stopping threads took: 0.0001489 seconds
2024-10-09T21:16:38.928+0300: 8.141: Application time: 0.1874065 seconds
2024-10-09T21:16:38.928+0300: 8.141: [GC (Allocation Failure) 2024-10-09T21:16:38.928+0300: 8.141: [ParNew: 455034K->51072K(460096K), 0.0260902 secs] 970489K->576954K(4143232K), 0.0261811 secs] [Times: user=0.03 sys=0.00, real=0.03 secs] 
2024-10-09T21:16:38.960+0300: 8.167: Total time for which application threads were stopped: 0.0264337 seconds, Stopping threads took: 0.0001207 seconds
2024-10-09T21:16:39.117+0300: 8.329: Application time: 0.1624672 seconds
2024-10-09T21:16:39.117+0300: 8.330: [GC (Allocation Failure) 2024-10-09T21:16:39.117+0300: 8.330: [ParNew: 460096K->51072K(460096K), 0.0286229 secs] 985978K->600526K(4143232K), 0.0287192 secs] [Times: user=0.03 sys=0.02, real=0.03 secs] 
2024-10-09T21:16:39.149+0300: 8.358: Total time for which application threads were stopped: 0.0289907 seconds, Stopping threads took: 0.0001526 seconds
2024-10-09T21:16:39.344+0300: 8.548: Application time: 0.1892984 seconds
2024-10-09T21:16:39.344+0300: 8.548: [GC (Allocation Failure) 2024-10-09T21:16:39.344+0300: 8.548: [ParNew: 460096K->46345K(460096K), 0.0254070 secs] 1009550K->612844K(4143232K), 0.0254944 secs] [Times: user=0.03 sys=0.00, real=0.02 secs] 
2024-10-09T21:16:39.368+0300: 8.574: Total time for which application threads were stopped: 0.0257515 seconds, Stopping threads took: 0.0001481 seconds
2024-10-09T21:16:39.557+0300: 8.765: Application time: 0.1914894 seconds
2024-10-09T21:16:39.557+0300: 8.765: [GC (Allocation Failure) 2024-10-09T21:16:39.557+0300: 8.765: [ParNew: 455369K->51072K(460096K), 0.0303023 secs] 1021868K->632443K(4143232K), 0.0304038 secs] [Times: user=0.06 sys=0.00, real=0.03 secs] 
2024-10-09T21:16:39.588+0300: 8.796: Total time for which application threads were stopped: 0.0306774 seconds, Stopping threads took: 0.0001430 seconds
2024-10-09T21:16:39.745+0300: 8.959: Application time: 0.1633457 seconds
2024-10-09T21:16:39.745+0300: 8.959: [GC (Allocation Failure) 2024-10-09T21:16:39.745+0300: 8.959: [ParNew: 460096K->49603K(460096K), 0.0296735 secs] 1041467K->655248K(4143232K), 0.0297670 secs] [Times: user=0.03 sys=0.00, real=0.03 secs] 
2024-10-09T21:16:39.776+0300: 8.989: Total time for which application threads were stopped: 0.0300361 seconds, Stopping threads took: 0.0001434 seconds
2024-10-09T21:16:39.965+0300: 9.169: Application time: 0.1800583 seconds
2024-10-09T21:16:39.965+0300: 9.169: [GC (Allocation Failure) 2024-10-09T21:16:39.965+0300: 9.169: [ParNew: 458627K->51072K(460096K), 0.0273883 secs] 1064272K->677302K(4143232K), 0.0274765 secs] [Times: user=0.02 sys=0.00, real=0.02 secs] 
2024-10-09T21:16:39.980+0300: 9.197: Total time for which application threads were stopped: 0.0277185 seconds, Stopping threads took: 0.0001326 seconds
2024-10-09T21:16:40.169+0300: 9.385: Application time: 0.1883824 seconds
2024-10-09T21:16:40.169+0300: 9.385: [GC (Allocation Failure) 2024-10-09T21:16:40.169+0300: 9.385: [ParNew: 460096K->51072K(460096K), 0.0250493 secs] 1086326K->686179K(4143232K), 0.0251408 secs] [Times: user=0.03 sys=0.00, real=0.03 secs] 
2024-10-09T21:16:40.200+0300: 9.411: Total time for which application threads were stopped: 0.0253840 seconds, Stopping threads took: 0.0001357 seconds
2024-10-09T21:16:40.373+0300: 9.586: Application time: 0.1753533 seconds
2024-10-09T21:16:40.373+0300: 9.586: [GC (Allocation Failure) 2024-10-09T21:16:40.373+0300: 9.586: [ParNew: 460096K->47816K(460096K), 0.0347321 secs] 1095203K->711759K(4143232K), 0.0348171 secs] [Times: user=0.05 sys=0.00, real=0.04 secs] 
2024-10-09T21:16:40.414+0300: 9.621: Total time for which application threads were stopped: 0.0350899 seconds, Stopping threads took: 0.0001636 seconds
2024-10-09T21:16:40.593+0300: 9.808: Application time: 0.1872170 seconds
2024-10-09T21:16:40.593+0300: 9.809: [GC (Allocation Failure) 2024-10-09T21:16:40.593+0300: 9.809: [ParNew: 456840K->51072K(460096K), 0.0255154 secs] 1120783K->730569K(4143232K), 0.0256147 secs] [Times: user=0.05 sys=0.00, real=0.03 secs] 
2024-10-09T21:16:40.624+0300: 9.834: Total time for which application threads were stopped: 0.0258953 seconds, Stopping threads took: 0.0001390 seconds
2024-10-09T21:16:40.812+0300: 10.026: Application time: 0.1917364 seconds
2024-10-09T21:16:40.812+0300: 10.026: [GC (Allocation Failure) 2024-10-09T21:16:40.812+0300: 10.026: [ParNew: 460096K->51072K(460096K), 0.0267895 secs] 1139593K->743588K(4143232K), 0.0268808 secs] [Times: user=0.03 sys=0.00, real=0.03 secs] 
2024-10-09T21:16:40.847+0300: 10.053: Total time for which application threads were stopped: 0.0271389 seconds, Stopping threads took: 0.0001483 seconds
2024-10-09T21:16:41.016+0300: 10.226: Application time: 0.1728744 seconds
2024-10-09T21:16:41.016+0300: 10.226: [GC (Allocation Failure) 2024-10-09T21:16:41.016+0300: 10.226: [ParNew: 460096K->51072K(460096K), 0.0320319 secs] 1152612K->767099K(4143232K), 0.0321189 secs] [Times: user=0.02 sys=0.01, real=0.03 secs] 
2024-10-09T21:16:41.048+0300: 10.258: Total time for which application threads were stopped: 0.0323584 seconds, Stopping threads took: 0.0001257 seconds
2024-10-09T21:16:41.220+0300: 10.435: Application time: 0.1763553 seconds
2024-10-09T21:16:41.220+0300: 10.435: [GC (Allocation Failure) 2024-10-09T21:16:41.220+0300: 10.435: [ParNew: 460096K->51072K(460096K), 0.0272433 secs] 1176123K->786886K(4143232K), 0.0273315 secs] [Times: user=0.03 sys=0.02, real=0.03 secs] 
2024-10-09T21:16:41.252+0300: 10.462: Total time for which application threads were stopped: 0.0276062 seconds, Stopping threads took: 0.0001635 seconds
2024-10-09T21:16:41.440+0300: 10.650: Application time: 0.1876601 seconds
2024-10-09T21:16:41.440+0300: 10.650: [GC (Allocation Failure) 2024-10-09T21:16:41.440+0300: 10.650: [ParNew: 460096K->51072K(460096K), 0.0256959 secs] 1195910K->798007K(4143232K), 0.0257882 secs] [Times: user=0.03 sys=0.00, real=0.03 secs] 
2024-10-09T21:16:41.472+0300: 10.676: Total time for which application threads were stopped: 0.0260643 seconds, Stopping threads took: 0.0001594 seconds
2024-10-09T21:16:41.649+0300: 10.859: Application time: 0.1827516 seconds
2024-10-09T21:16:41.649+0300: 10.859: [GC (Allocation Failure) 2024-10-09T21:16:41.649+0300: 10.859: [ParNew: 460096K->51072K(460096K), 0.0335960 secs] 1207031K->826125K(4143232K), 0.0336913 secs] [Times: user=0.02 sys=0.00, real=0.03 secs] 
2024-10-09T21:16:41.676+0300: 10.893: Total time for which application threads were stopped: 0.0339632 seconds, Stopping threads took: 0.0001238 seconds
2024-10-09T21:16:41.864+0300: 11.068: Application time: 0.1753993 seconds
2024-10-09T21:16:41.864+0300: 11.068: [GC (Allocation Failure) 2024-10-09T21:16:41.864+0300: 11.068: [ParNew: 460096K->42040K(460096K), 0.0300998 secs] 1235149K->842481K(4143232K), 0.0301833 secs] [Times: user=0.01 sys=0.00, real=0.02 secs] 
2024-10-09T21:16:41.880+0300: 11.099: Total time for which application threads were stopped: 0.0304094 seconds, Stopping threads took: 0.0001184 seconds
2024-10-09T21:16:42.068+0300: 11.287: Application time: 0.1881520 seconds
2024-10-09T21:16:42.068+0300: 11.287: [GC (Allocation Failure) 2024-10-09T21:16:42.068+0300: 11.287: [ParNew: 451064K->51072K(460096K), 0.0247053 secs] 1251505K->862383K(4143232K), 0.0247934 secs] [Times: user=0.03 sys=0.00, real=0.03 secs] 
2024-10-09T21:16:42.100+0300: 11.312: Total time for which application threads were stopped: 0.0250420 seconds, Stopping threads took: 0.0001403 seconds
2024-10-09T21:16:42.272+0300: 11.488: Application time: 0.1758149 seconds
2024-10-09T21:16:42.272+0300: 11.488: [GC (Allocation Failure) 2024-10-09T21:16:42.272+0300: 11.488: [ParNew: 460096K->51072K(460096K), 0.0308374 secs] 1271407K->886547K(4143232K), 0.0309331 secs] [Times: user=0.02 sys=0.02, real=0.03 secs] 
2024-10-09T21:16:42.304+0300: 11.519: Total time for which application threads were stopped: 0.0312110 seconds, Stopping threads took: 0.0001574 seconds
2024-10-09T21:16:42.476+0300: 11.694: Application time: 0.1752741 seconds
2024-10-09T21:16:42.476+0300: 11.694: [GC (Allocation Failure) 2024-10-09T21:16:42.476+0300: 11.694: [ParNew: 460096K->44216K(460096K), 0.0296553 secs] 1295571K->902059K(4143232K), 0.0297691 secs] [Times: user=0.05 sys=0.00, real=0.03 secs] 
2024-10-09T21:16:42.507+0300: 11.724: Total time for which application threads were stopped: 0.0300750 seconds, Stopping threads took: 0.0001704 seconds
2024-10-09T21:16:42.711+0300: 11.919: Application time: 0.1950699 seconds
2024-10-09T21:16:42.711+0300: 11.919: [GC (Allocation Failure) 2024-10-09T21:16:42.711+0300: 11.919: [ParNew: 453240K->51072K(460096K), 0.0259253 secs] 1311083K->921134K(4143232K), 0.0260098 secs] [Times: user=0.03 sys=0.02, real=0.02 secs] 
2024-10-09T21:16:42.727+0300: 11.945: Total time for which application threads were stopped: 0.0262660 seconds, Stopping threads took: 0.0001451 seconds
2024-10-09T21:16:42.915+0300: 12.120: Application time: 0.1747066 seconds
2024-10-09T21:16:42.915+0300: 12.120: [GC (Allocation Failure) 2024-10-09T21:16:42.915+0300: 12.120: [ParNew: 460096K->51072K(460096K), 0.0269865 secs] 1330158K->935434K(4143232K), 0.0270705 secs] [Times: user=0.02 sys=0.00, real=0.02 secs] 
2024-10-09T21:16:42.931+0300: 12.147: Total time for which application threads were stopped: 0.0273131 seconds, Stopping threads took: 0.0001214 seconds
2024-10-09T21:16:43.120+0300: 12.325: Application time: 0.1774220 seconds
2024-10-09T21:16:43.120+0300: 12.325: [GC (Allocation Failure) 2024-10-09T21:16:43.120+0300: 12.325: [ParNew: 460096K->46174K(460096K), 0.0282738 secs] 1344458K->952673K(4143232K), 0.0283620 secs] [Times: user=0.02 sys=0.00, real=0.02 secs] 
2024-10-09T21:16:43.135+0300: 12.354: Total time for which application threads were stopped: 0.0286067 seconds, Stopping threads took: 0.0001381 seconds
2024-10-09T21:16:43.324+0300: 12.537: Application time: 0.1837898 seconds
2024-10-09T21:16:43.324+0300: 12.538: [GC (Allocation Failure) 2024-10-09T21:16:43.324+0300: 12.538: [ParNew: 455198K->51072K(460096K), 0.0260892 secs] 1361697K->972995K(4143232K), 0.0261773 secs] [Times: user=0.03 sys=0.00, real=0.03 secs] 
2024-10-09T21:16:43.355+0300: 12.564: Total time for which application threads were stopped: 0.0264188 seconds, Stopping threads took: 0.0001277 seconds
2024-10-09T21:16:43.543+0300: 12.749: Application time: 0.1851804 seconds
2024-10-09T21:16:43.543+0300: 12.749: [GC (Allocation Failure) 2024-10-09T21:16:43.543+0300: 12.749: [ParNew: 460096K->51072K(460096K), 0.0289753 secs] 1382019K->991741K(4143232K), 0.0290712 secs] [Times: user=0.02 sys=0.00, real=0.03 secs] 
2024-10-09T21:16:43.575+0300: 12.778: Total time for which application threads were stopped: 0.0293093 seconds, Stopping threads took: 0.0001190 seconds
2024-10-09T21:16:43.754+0300: 12.959: Application time: 0.1809345 seconds
2024-10-09T21:16:43.754+0300: 12.959: [GC (Allocation Failure) 2024-10-09T21:16:43.754+0300: 12.959: [ParNew: 460096K->51072K(460096K), 0.0304917 secs] 1400765K->1015758K(4143232K), 0.0305777 secs] [Times: user=0.03 sys=0.00, real=0.03 secs] 
2024-10-09T21:16:43.779+0300: 12.990: Total time for which application threads were stopped: 0.0308448 seconds, Stopping threads took: 0.0001514 seconds
2024-10-09T21:16:43.954+0300: 13.167: Application time: 0.1774059 seconds
2024-10-09T21:16:43.954+0300: 13.168: [GC (Allocation Failure) 2024-10-09T21:16:43.954+0300: 13.168: [ParNew: 460096K->51072K(460096K), 0.0261385 secs] 1424782K->1029102K(4143232K), 0.0262262 secs] [Times: user=0.03 sys=0.00, real=0.03 secs] 
2024-10-09T21:16:43.983+0300: 13.194: Total time for which application threads were stopped: 0.0265115 seconds, Stopping threads took: 0.0001507 seconds
2024-10-09T21:16:44.171+0300: 13.378: Application time: 0.1841667 seconds
2024-10-09T21:16:44.171+0300: 13.378: [GC (Allocation Failure) 2024-10-09T21:16:44.171+0300: 13.378: [ParNew: 460096K->51072K(460096K), 0.0292974 secs] 1438126K->1049906K(4143232K), 0.0293847 secs] [Times: user=0.01 sys=0.00, real=0.03 secs] 
2024-10-09T21:16:44.202+0300: 13.408: Total time for which application threads were stopped: 0.0296585 seconds, Stopping threads took: 0.0001594 seconds
2024-10-09T21:16:44.375+0300: 13.579: Application time: 0.1713007 seconds
2024-10-09T21:16:44.375+0300: 13.579: [GC (Allocation Failure) 2024-10-09T21:16:44.375+0300: 13.579: [ParNew: 460096K->51072K(460096K), 0.0280350 secs] 1458930K->1069228K(4143232K), 0.0281223 secs] [Times: user=0.02 sys=0.00, real=0.02 secs] 
2024-10-09T21:16:44.391+0300: 13.607: Total time for which application threads were stopped: 0.0283671 seconds, Stopping threads took: 0.0001325 seconds
2024-10-09T21:16:44.579+0300: 13.790: Application time: 0.1825070 seconds
2024-10-09T21:16:44.579+0300: 13.790: [GC (Allocation Failure) 2024-10-09T21:16:44.579+0300: 13.790: [ParNew: 460096K->51012K(460096K), 0.0267970 secs] 1478252K->1084124K(4143232K), 0.0268861 secs] [Times: user=0.05 sys=0.02, real=0.03 secs] 
2024-10-09T21:16:44.610+0300: 13.817: Total time for which application threads were stopped: 0.0271805 seconds, Stopping threads took: 0.0001647 seconds
2024-10-09T21:16:44.798+0300: 14.002: Application time: 0.1848302 seconds
2024-10-09T21:16:44.798+0300: 14.002: [GC (Allocation Failure) 2024-10-09T21:16:44.798+0300: 14.002: [ParNew: 460036K->51072K(460096K), 0.0291576 secs] 1493148K->1105916K(4143232K), 0.0292508 secs] [Times: user=0.02 sys=0.00, real=0.02 secs] 
2024-10-09T21:16:44.814+0300: 14.032: Total time for which application threads were stopped: 0.0295445 seconds, Stopping threads took: 0.0001542 seconds
2024-10-09T21:16:44.987+0300: 14.203: Application time: 0.1713524 seconds
2024-10-09T21:16:44.987+0300: 14.203: [GC (Allocation Failure) 2024-10-09T21:16:44.987+0300: 14.203: [ParNew: 460096K->51072K(460096K), 0.0257068 secs] 1514940K->1118760K(4143232K), 0.0258604 secs] [Times: user=0.03 sys=0.00, real=0.03 secs] 
2024-10-09T21:16:45.018+0300: 14.229: Total time for which application threads were stopped: 0.0261210 seconds, Stopping threads took: 0.0001470 seconds
2024-10-09T21:16:45.191+0300: 14.407: Application time: 0.1782297 seconds
2024-10-09T21:16:45.191+0300: 14.407: [GC (Allocation Failure) 2024-10-09T21:16:45.191+0300: 14.407: [ParNew: 460096K->51072K(460096K), 0.0330922 secs] 1527784K->1148355K(4143232K), 0.0331822 secs] [Times: user=0.03 sys=0.00, real=0.03 secs] 
2024-10-09T21:16:45.222+0300: 14.441: Total time for which application threads were stopped: 0.0334254 seconds, Stopping threads took: 0.0001291 seconds
2024-10-09T21:16:45.411+0300: 14.621: Application time: 0.1799319 seconds
2024-10-09T21:16:45.411+0300: 14.621: [GC (Allocation Failure) 2024-10-09T21:16:45.411+0300: 14.621: [ParNew: 460096K->49695K(460096K), 0.0290987 secs] 1557379K->1167080K(4143232K), 0.0291931 secs] [Times: user=0.05 sys=0.00, real=0.04 secs] 
2024-10-09T21:16:45.446+0300: 14.650: Total time for which application threads were stopped: 0.0294465 seconds, Stopping threads took: 0.0001401 seconds
2024-10-09T21:16:45.614+0300: 14.832: Application time: 0.1820697 seconds
2024-10-09T21:16:45.614+0300: 14.832: [GC (Allocation Failure) 2024-10-09T21:16:45.614+0300: 14.832: [ParNew: 458719K->51072K(460096K), 0.0258027 secs] 1576104K->1179371K(4143232K), 0.0258951 secs] [Times: user=0.06 sys=0.00, real=0.03 secs] 
2024-10-09T21:16:45.646+0300: 14.858: Total time for which application threads were stopped: 0.0261846 seconds, Stopping threads took: 0.0001617 seconds
2024-10-09T21:16:45.834+0300: 15.037: Application time: 0.1789435 seconds
2024-10-09T21:16:45.834+0300: 15.037: [GC (Allocation Failure) 2024-10-09T21:16:45.834+0300: 15.038: [ParNew: 460096K->48583K(460096K), 0.0313183 secs] 1588395K->1206680K(4143232K), 0.0314211 secs] [Times: user=0.03 sys=0.00, real=0.03 secs] 
2024-10-09T21:16:45.866+0300: 15.069: Total time for which application threads were stopped: 0.0317226 seconds, Stopping threads took: 0.0001741 seconds
2024-10-09T21:16:46.039+0300: 15.252: Application time: 0.1834405 seconds
2024-10-09T21:16:46.039+0300: 15.253: [GC (Allocation Failure) 2024-10-09T21:16:46.039+0300: 15.253: [ParNew: 457607K->51072K(460096K), 0.0224936 secs] 1615704K->1213225K(4143232K), 0.0226010 secs] [Times: user=0.05 sys=0.00, real=0.03 secs] 
2024-10-09T21:16:46.072+0300: 15.275: Total time for which application threads were stopped: 0.0228697 seconds, Stopping threads took: 0.0001541 seconds
2024-10-09T21:16:46.243+0300: 15.452: Application time: 0.1764454 seconds
2024-10-09T21:16:46.243+0300: 15.452: [GC (Allocation Failure) 2024-10-09T21:16:46.243+0300: 15.452: [ParNew: 460096K->51072K(460096K), 0.0335410 secs] 1622249K->1238784K(4143232K), 0.0336327 secs] [Times: user=0.05 sys=0.00, real=0.03 secs] 
2024-10-09T21:16:46.274+0300: 15.486: Total time for which application threads were stopped: 0.0339047 seconds, Stopping threads took: 0.0001492 seconds
2024-10-09T21:16:46.447+0300: 15.661: Application time: 0.1756627 seconds
2024-10-09T21:16:46.447+0300: 15.662: [GC (Allocation Failure) 2024-10-09T21:16:46.447+0300: 15.662: [ParNew: 460096K->51072K(460096K), 0.0309329 secs] 1647808K->1262673K(4143232K), 0.0310252 secs] [Times: user=0.03 sys=0.00, real=0.03 secs] 
2024-10-09T21:16:46.478+0300: 15.693: Total time for which application threads were stopped: 0.0312839 seconds, Stopping threads took: 0.0001415 seconds
2024-10-09T21:16:46.698+0300: 15.909: Application time: 0.2162219 seconds
2024-10-09T21:16:46.698+0300: 15.909: [GC (Allocation Failure) 2024-10-09T21:16:46.698+0300: 15.909: [ParNew: 460096K->39181K(460096K), 0.0265666 secs] 1671697K->1277546K(4143232K), 0.0266575 secs] [Times: user=0.03 sys=0.00, real=0.03 secs] 
2024-10-09T21:16:46.730+0300: 15.936: Total time for which application threads were stopped: 0.0268826 seconds, Stopping threads took: 0.0001029 seconds
2024-10-09T21:16:46.793+0300: 15.998: Application time: 0.0622928 seconds
2024-10-09T21:16:46.793+0300: 15.998: Total time for which application threads were stopped: 0.0003671 seconds, Stopping threads took: 0.0003136 seconds
2024-10-09T21:16:46.981+0300: 16.185: Application time: 0.1867486 seconds
2024-10-09T21:16:46.981+0300: 16.185: [GC (Allocation Failure) 2024-10-09T21:16:46.981+0300: 16.185: [ParNew: 448205K->51072K(460096K), 0.0231251 secs] 1686570K->1291981K(4143232K), 0.0232054 secs] [Times: user=0.03 sys=0.00, real=0.02 secs] 
2024-10-09T21:16:46.997+0300: 16.209: Total time for which application threads were stopped: 0.0234268 seconds, Stopping threads took: 0.0001011 seconds
2024-10-09T21:16:47.170+0300: 16.379: Application time: 0.1704782 seconds
2024-10-09T21:16:47.170+0300: 16.379: [GC (Allocation Failure) 2024-10-09T21:16:47.170+0300: 16.379: [ParNew: 460096K->51072K(460096K), 0.0275801 secs] 1701005K->1304544K(4143232K), 0.0276745 secs] [Times: user=0.05 sys=0.00, real=0.03 secs] 
2024-10-09T21:16:47.201+0300: 16.407: Total time for which application threads were stopped: 0.0279374 seconds, Stopping threads took: 0.0001336 seconds
2024-10-09T21:16:47.374+0300: 16.580: Application time: 0.1732592 seconds
2024-10-09T21:16:47.374+0300: 16.580: [GC (Allocation Failure) 2024-10-09T21:16:47.374+0300: 16.580: [ParNew: 460096K->43903K(460096K), 0.0323440 secs] 1713568K->1335956K(4143232K), 0.0324267 secs] [Times: user=0.03 sys=0.00, real=0.03 secs] 
2024-10-09T21:16:47.405+0300: 16.613: Total time for which application threads were stopped: 0.0326829 seconds, Stopping threads took: 0.0001439 seconds
2024-10-09T21:16:47.609+0300: 16.826: Application time: 0.2134637 seconds
2024-10-09T21:16:47.609+0300: 16.827: [GC (Allocation Failure) 2024-10-09T21:16:47.609+0300: 16.827: [ParNew: 452927K->51072K(460096K), 0.0227204 secs] 1744980K->1345867K(4143232K), 0.0228022 secs] [Times: user=0.03 sys=0.00, real=0.03 secs] 
2024-10-09T21:16:47.640+0300: 16.849: Total time for which application threads were stopped: 0.0230520 seconds, Stopping threads took: 0.0001368 seconds
2024-10-09T21:16:47.813+0300: 17.029: Application time: 0.1799212 seconds
2024-10-09T21:16:47.813+0300: 17.030: [GC (Allocation Failure) 2024-10-09T21:16:47.813+0300: 17.030: [ParNew: 460096K->51072K(460096K), 0.0351822 secs] 1754891K->1367616K(4143232K), 0.0352695 secs] [Times: user=0.03 sys=0.00, real=0.05 secs] 
2024-10-09T21:16:47.860+0300: 17.065: Total time for which application threads were stopped: 0.0355475 seconds, Stopping threads took: 0.0001648 seconds
2024-10-09T21:16:48.017+0300: 17.221: Application time: 0.1560344 seconds
2024-10-09T21:16:48.017+0300: 17.221: [GC (Allocation Failure) 2024-10-09T21:16:48.017+0300: 17.221: [ParNew: 460096K->51072K(460096K), 0.0324462 secs] 1776640K->1405498K(4143232K), 0.0325259 secs] [Times: user=0.03 sys=0.00, real=0.03 secs] 
2024-10-09T21:16:48.048+0300: 17.254: Total time for which application threads were stopped: 0.0327852 seconds, Stopping threads took: 0.0001481 seconds
2024-10-09T21:16:48.252+0300: 17.466: Application time: 0.2118940 seconds
2024-10-09T21:16:48.252+0300: 17.466: [GC (Allocation Failure) 2024-10-09T21:16:48.252+0300: 17.466: [ParNew: 460096K->51072K(460096K), 0.0227231 secs] 1814522K->1408070K(4143232K), 0.0228007 secs] [Times: user=0.03 sys=0.00, real=0.03 secs] 
2024-10-09T21:16:48.284+0300: 17.489: Total time for which application threads were stopped: 0.0230744 seconds, Stopping threads took: 0.0001617 seconds
2024-10-09T21:16:48.473+0300: 17.677: Application time: 0.1886549 seconds
2024-10-09T21:16:48.473+0300: 17.678: [GC (Allocation Failure) 2024-10-09T21:16:48.473+0300: 17.678: [ParNew: 460096K->51072K(460096K), 0.0348560 secs] 1817094K->1428992K(4143232K), 0.0349452 secs] [Times: user=0.09 sys=0.00, real=0.03 secs] 
2024-10-09T21:16:48.504+0300: 17.713: Total time for which application threads were stopped: 0.0352611 seconds, Stopping threads took: 0.0001924 seconds
2024-10-09T21:16:48.664+0300: 17.871: Application time: 0.1580970 seconds
2024-10-09T21:16:48.664+0300: 17.871: [GC (Allocation Failure) 2024-10-09T21:16:48.664+0300: 17.871: [ParNew: 460096K->51072K(460096K), 0.0341807 secs] 1838016K->1464313K(4143232K), 0.0342738 secs] [Times: user=0.02 sys=0.00, real=0.03 secs] 
2024-10-09T21:16:48.692+0300: 17.905: Total time for which application threads were stopped: 0.0345768 seconds, Stopping threads took: 0.0001834 seconds
2024-10-09T21:16:48.896+0300: 18.106: Application time: 0.2004381 seconds
2024-10-09T21:16:48.896+0300: 18.106: [GC (Allocation Failure) 2024-10-09T21:16:48.896+0300: 18.106: [ParNew: 460096K->51072K(460096K), 0.0215878 secs] 1873337K->1466708K(4143232K), 0.0216735 secs] [Times: user=0.01 sys=0.00, real=0.02 secs] 
2024-10-09T21:16:48.912+0300: 18.128: Total time for which application threads were stopped: 0.0219572 seconds, Stopping threads took: 0.0001606 seconds
2024-10-09T21:16:49.116+0300: 18.323: Application time: 0.1956600 seconds
2024-10-09T21:16:49.116+0300: 18.324: [GC (Allocation Failure) 2024-10-09T21:16:49.116+0300: 18.324: [ParNew: 460096K->51072K(460096K), 0.0321344 secs] 1875732K->1485473K(4143232K), 0.0322163 secs] [Times: user=0.03 sys=0.00, real=0.03 secs] 
2024-10-09T21:16:49.147+0300: 18.356: Total time for which application threads were stopped: 0.0324674 seconds, Stopping threads took: 0.0001366 seconds
2024-10-09T21:16:49.304+0300: 18.511: Application time: 0.1552407 seconds
2024-10-09T21:16:49.304+0300: 18.511: [GC (Allocation Failure) 2024-10-09T21:16:49.304+0300: 18.511: [ParNew: 460096K->51072K(460096K), 0.0366971 secs] 1894497K->1522474K(4143232K), 0.0367852 secs] [Times: user=0.05 sys=0.00, real=0.04 secs] 
2024-10-09T21:16:49.344+0300: 18.548: Total time for which application threads were stopped: 0.0370737 seconds, Stopping threads took: 0.0001623 seconds
2024-10-09T21:16:49.540+0300: 18.745: Application time: 0.1972585 seconds
2024-10-09T21:16:49.540+0300: 18.746: [GC (Allocation Failure) 2024-10-09T21:16:49.540+0300: 18.746: [ParNew: 460096K->40576K(460096K), 0.0288845 secs] 1931498K->1536448K(4143232K), 0.0289749 secs] [Times: user=0.02 sys=0.00, real=0.03 secs] 
2024-10-09T21:16:49.566+0300: 18.775: Total time for which application threads were stopped: 0.0292651 seconds, Stopping threads took: 0.0001540 seconds
2024-10-09T21:16:49.760+0300: 18.967: Application time: 0.1919439 seconds
2024-10-09T21:16:49.760+0300: 18.967: [GC (Allocation Failure) 2024-10-09T21:16:49.760+0300: 18.967: [ParNew: 449600K->51072K(460096K), 0.0260378 secs] 1945472K->1555782K(4143232K), 0.0261213 secs] [Times: user=0.02 sys=0.00, real=0.02 secs] 
2024-10-09T21:16:49.776+0300: 18.993: Total time for which application threads were stopped: 0.0263768 seconds, Stopping threads took: 0.0001449 seconds
2024-10-09T21:16:49.948+0300: 19.151: Application time: 0.1584885 seconds
2024-10-09T21:16:49.948+0300: 19.152: [GC (Allocation Failure) 2024-10-09T21:16:49.948+0300: 19.152: [ParNew: 460096K->51072K(460096K), 0.0356467 secs] 1964806K->1587497K(4143232K), 0.0357320 secs] [Times: user=0.03 sys=0.00, real=0.03 secs] 
2024-10-09T21:16:49.980+0300: 19.187: Total time for which application threads were stopped: 0.0359806 seconds, Stopping threads took: 0.0001257 seconds
2024-10-09T21:16:50.168+0300: 19.372: Application time: 0.1846557 seconds
2024-10-09T21:16:50.168+0300: 19.372: [GC (Allocation Failure) 2024-10-09T21:16:50.168+0300: 19.372: [ParNew: 460096K->50616K(460096K), 0.0269064 secs] 1996521K->1607133K(4143232K), 0.0269976 secs] [Times: user=0.02 sys=0.00, real=0.02 secs] 
2024-10-09T21:16:50.183+0300: 19.399: Total time for which application threads were stopped: 0.0272462 seconds, Stopping threads took: 0.0001237 seconds
2024-10-09T21:16:50.372+0300: 19.590: Application time: 0.1906559 seconds
2024-10-09T21:16:50.372+0300: 19.590: [GC (Allocation Failure) 2024-10-09T21:16:50.372+0300: 19.590: [ParNew: 459640K->51072K(460096K), 0.0282027 secs] 2016157K->1622621K(4143232K), 0.0282926 secs] [Times: user=0.03 sys=0.00, real=0.03 secs] 
2024-10-09T21:16:50.403+0300: 19.619: Total time for which application threads were stopped: 0.0285478 seconds, Stopping threads took: 0.0001274 seconds
2024-10-09T21:16:50.576+0300: 19.793: Application time: 0.1745906 seconds
2024-10-09T21:16:50.576+0300: 19.793: [GC (Allocation Failure) 2024-10-09T21:16:50.576+0300: 19.794: [ParNew: 460096K->51072K(460096K), 0.0254628 secs] 2031645K->1634294K(4143232K), 0.0255633 secs] [Times: user=0.03 sys=0.00, real=0.03 secs] 
2024-10-09T21:16:50.607+0300: 19.819: Total time for which application threads were stopped: 0.0259152 seconds, Stopping threads took: 0.0002252 seconds
2024-10-09T21:16:50.796+0300: 20.000: Application time: 0.1811548 seconds
2024-10-09T21:16:50.796+0300: 20.000: [GC (Allocation Failure) 2024-10-09T21:16:50.796+0300: 20.001: [ParNew: 460096K->46993K(460096K), 0.0303003 secs] 2043318K->1655688K(4143232K), 0.0303885 secs] [Times: user=0.03 sys=0.00, real=0.03 secs] 
2024-10-09T21:16:50.827+0300: 20.031: Total time for which application threads were stopped: 0.0306586 seconds, Stopping threads took: 0.0001538 seconds
2024-10-09T21:16:51.000+0300: 20.216: Application time: 0.1853478 seconds
2024-10-09T21:16:51.000+0300: 20.216: [GC (Allocation Failure) 2024-10-09T21:16:51.000+0300: 20.217: [ParNew: 456017K->50720K(460096K), 0.0281995 secs] 2064712K->1675493K(4143232K), 0.0282939 secs] [Times: user=0.03 sys=0.00, real=0.03 secs] 
2024-10-09T21:16:51.031+0300: 20.245: Total time for which application threads were stopped: 0.0285818 seconds, Stopping threads took: 0.0001634 seconds
2024-10-09T21:16:51.204+0300: 20.417: Application time: 0.1725451 seconds
2024-10-09T21:16:51.204+0300: 20.418: [GC (Allocation Failure) 2024-10-09T21:16:51.204+0300: 20.418: [ParNew: 459744K->51072K(460096K), 0.0280280 secs] 2084517K->1691295K(4143232K), 0.0281137 secs] [Times: user=0.05 sys=0.00, real=0.03 secs] 
2024-10-09T21:16:51.235+0300: 20.446: Total time for which application threads were stopped: 0.0284087 seconds, Stopping threads took: 0.0001760 seconds
2024-10-09T21:16:51.408+0300: 20.626: Application time: 0.1797479 seconds
2024-10-09T21:16:51.408+0300: 20.626: [GC (Allocation Failure) 2024-10-09T21:16:51.408+0300: 20.626: [ParNew: 460096K->51072K(460096K), 0.0325580 secs] 2100319K->1717852K(4143232K), 0.0326536 secs] [Times: user=0.05 sys=0.00, real=0.05 secs] 
2024-10-09T21:16:51.454+0300: 20.659: Total time for which application threads were stopped: 0.0329636 seconds, Stopping threads took: 0.0001592 seconds
2024-10-09T21:16:51.643+0300: 20.847: Application time: 0.1884960 seconds
2024-10-09T21:16:51.643+0300: 20.847: [GC (Allocation Failure) 2024-10-09T21:16:51.643+0300: 20.847: [ParNew: 460096K->42434K(460096K), 0.0285635 secs] 2126876K->1728412K(4143232K), 0.0286537 secs] [Times: user=0.02 sys=0.02, real=0.03 secs] 
2024-10-09T21:16:51.670+0300: 20.876: Total time for which application threads were stopped: 0.0289064 seconds, Stopping threads took: 0.0001092 seconds
2024-10-09T21:16:51.831+0300: 21.049: Application time: 0.1735044 seconds
2024-10-09T21:16:51.831+0300: 21.050: [GC (Allocation Failure) 2024-10-09T21:16:51.831+0300: 21.050: [ParNew: 451458K->51072K(460096K), 0.0249630 secs] 2137436K->1745545K(4143232K), 0.0250477 secs] [Times: user=0.03 sys=0.00, real=0.04 secs] 
2024-10-09T21:16:51.871+0300: 21.075: Total time for which application threads were stopped: 0.0253478 seconds, Stopping threads took: 0.0001846 seconds
2024-10-09T21:16:52.051+0300: 21.259: Application time: 0.1839277 seconds
2024-10-09T21:16:52.051+0300: 21.259: [GC (Allocation Failure) 2024-10-09T21:16:52.051+0300: 21.259: [ParNew: 460096K->51072K(460096K), 0.0295793 secs] 2154569K->1766974K(4143232K), 0.0296601 secs] [Times: user=0.03 sys=0.00, real=0.03 secs] 
2024-10-09T21:16:52.083+0300: 21.289: Total time for which application threads were stopped: 0.0299148 seconds, Stopping threads took: 0.0001435 seconds
2024-10-09T21:16:52.255+0300: 21.466: Application time: 0.1774650 seconds
2024-10-09T21:16:52.255+0300: 21.466: [GC (Allocation Failure) 2024-10-09T21:16:52.255+0300: 21.466: [ParNew: 460096K->51072K(460096K), 0.0241520 secs] 2175998K->1778770K(4143232K), 0.0242357 secs] [Times: user=0.03 sys=0.00, real=0.03 secs] 
2024-10-09T21:16:52.287+0300: 21.491: Total time for which application threads were stopped: 0.0244905 seconds, Stopping threads took: 0.0001369 seconds
2024-10-09T21:16:52.459+0300: 21.668: Application time: 0.1770031 seconds
2024-10-09T21:16:52.459+0300: 21.668: [GC (Allocation Failure) 2024-10-09T21:16:52.459+0300: 21.668: [ParNew: 460096K->51072K(460096K), 0.0379235 secs] 2187794K->1806927K(4143232K), 0.0380150 secs] [Times: user=0.03 sys=0.00, real=0.03 secs] 
2024-10-09T21:16:52.491+0300: 21.706: Total time for which application threads were stopped: 0.0382744 seconds, Stopping threads took: 0.0001389 seconds
2024-10-09T21:16:52.679+0300: 21.891: Application time: 0.1849041 seconds
2024-10-09T21:16:52.679+0300: 21.891: [GC (Allocation Failure) 2024-10-09T21:16:52.679+0300: 21.891: [ParNew: 460096K->48883K(460096K), 0.0307922 secs] 2215951K->1827497K(4143232K), 0.0308876 secs] [Times: user=0.02 sys=0.02, real=0.03 secs] 
2024-10-09T21:16:52.711+0300: 21.922: Total time for which application threads were stopped: 0.0311874 seconds, Stopping threads took: 0.0001774 seconds
2024-10-09T21:16:52.899+0300: 22.103: Application time: 0.1810151 seconds
2024-10-09T21:16:52.899+0300: 22.103: [GC (Allocation Failure) 2024-10-09T21:16:52.899+0300: 22.103: [ParNew: 457907K->51072K(460096K), 0.0262523 secs] 2236521K->1842973K(4143232K), 0.0263377 secs] [Times: user=0.02 sys=0.00, real=0.02 secs] 
2024-10-09T21:16:52.914+0300: 22.130: Total time for which application threads were stopped: 0.0265830 seconds, Stopping threads took: 0.0001327 seconds
2024-10-09T21:16:53.103+0300: 22.306: Application time: 0.1766345 seconds
2024-10-09T21:16:53.103+0300: 22.306: [GC (Allocation Failure) 2024-10-09T21:16:53.103+0300: 22.306: [ParNew: 460096K->50176K(460096K), 0.0331299 secs] 2251997K->1868773K(4143232K), 0.0332150 secs] [Times: user=0.02 sys=0.00, real=0.03 secs] 
2024-10-09T21:16:53.134+0300: 22.340: Total time for which application threads were stopped: 0.0334816 seconds, Stopping threads took: 0.0001435 seconds
2024-10-09T21:16:53.307+0300: 22.523: Application time: 0.1833180 seconds
2024-10-09T21:16:53.307+0300: 22.523: [GC (Allocation Failure) 2024-10-09T21:16:53.307+0300: 22.523: [ParNew: 459200K->51072K(460096K), 0.0287911 secs] 2277797K->1887509K(4143232K), 0.0288811 secs] [Times: user=0.03 sys=0.00, real=0.03 secs] 
2024-10-09T21:16:53.338+0300: 22.552: Total time for which application threads were stopped: 0.0292007 seconds, Stopping threads took: 0.0001832 seconds
2024-10-09T21:16:53.527+0300: 22.736: Application time: 0.1840685 seconds
2024-10-09T21:16:53.527+0300: 22.737: [GC (Allocation Failure) 2024-10-09T21:16:53.527+0300: 22.737: [ParNew: 460096K->51072K(460096K), 0.0277933 secs] 2296533K->1901726K(4143232K), 0.0278821 secs] [Times: user=0.19 sys=0.00, real=0.03 secs] 
2024-10-09T21:16:53.558+0300: 22.765: Total time for which application threads were stopped: 0.0283271 seconds, Stopping threads took: 0.0003105 seconds
2024-10-09T21:16:53.558+0300: 22.765: Application time: 0.0000965 seconds
2024-10-09T21:16:53.558+0300: 22.765: [GC (CMS Initial Mark) [1 CMS-initial-mark: 1850654K(3683136K)] 1907165K(4143232K), 0.0049231 secs] [Times: user=0.00 sys=0.00, real=0.00 secs] 
2024-10-09T21:16:53.558+0300: 22.770: Total time for which application threads were stopped: 0.0051605 seconds, Stopping threads took: 0.0001085 seconds
2024-10-09T21:16:53.558+0300: 22.770: [CMS-concurrent-mark-start]
2024-10-09T21:16:53.575+0300: 22.783: [CMS-concurrent-mark: 0.013/0.013 secs] [Times: user=0.02 sys=0.00, real=0.02 secs] 
2024-10-09T21:16:53.575+0300: 22.783: [CMS-concurrent-preclean-start]
2024-10-09T21:16:53.575+0300: 22.787: [CMS-concurrent-preclean: 0.004/0.004 secs] [Times: user=0.00 sys=0.00, real=0.00 secs] 
2024-10-09T21:16:53.575+0300: 22.787: [CMS-concurrent-abortable-preclean-start]
2024-10-09T21:16:53.762+0300: 22.976: Application time: 0.2059463 seconds
2024-10-09T21:16:53.762+0300: 22.976: [GC (Allocation Failure) 2024-10-09T21:16:53.762+0300: 22.976: [ParNew: 460096K->51072K(460096K), 0.0351108 secs] 2310750K->1931518K(4143232K), 0.0352125 secs] [Times: user=0.03 sys=0.00, real=0.03 secs] 
2024-10-09T21:16:53.794+0300: 23.011: Total time for which application threads were stopped: 0.0354889 seconds, Stopping threads took: 0.0001565 seconds
2024-10-09T21:16:53.825+0300: 23.034: [CMS-concurrent-abortable-preclean: 0.211/0.247 secs] [Times: user=1.20 sys=0.00, real=0.25 secs] 
2024-10-09T21:16:53.825+0300: 23.034: Application time: 0.0226465 seconds
2024-10-09T21:16:53.825+0300: 23.034: [GC (CMS Final Remark) [YG occupancy: 106045 K (460096 K)]2024-10-09T21:16:53.825+0300: 23.034: [Rescan (parallel) , 0.0094748 secs]2024-10-09T21:16:53.825+0300: 23.044: [weak refs processing, 0.0000200 secs]2024-10-09T21:16:53.825+0300: 23.044: [class unloading, 0.0021521 secs]2024-10-09T21:16:53.841+0300: 23.046: [scrub symbol table, 0.0007378 secs]2024-10-09T21:16:53.841+0300: 23.047: [scrub string table, 0.0002009 secs][1 CMS-remark: 1880446K(3683136K)] 1986492K(4143232K), 0.0127077 secs] [Times: user=0.00 sys=0.00, real=0.02 secs] 
2024-10-09T21:16:53.841+0300: 23.047: Total time for which application threads were stopped: 0.0129485 seconds, Stopping threads took: 0.0001505 seconds
2024-10-09T21:16:53.841+0300: 23.047: [CMS-concurrent-sweep-start]
2024-10-09T21:16:54.029+0300: 23.245: Application time: 0.1976142 seconds
2024-10-09T21:16:54.029+0300: 23.245: [GC (Allocation Failure) 2024-10-09T21:16:54.029+0300: 23.245: [ParNew: 460096K->47972K(460096K), 0.0275580 secs] 2060242K->1662405K(4143232K), 0.0276450 secs] [Times: user=0.03 sys=0.00, real=0.03 secs] 
2024-10-09T21:16:54.061+0300: 23.272: Total time for which application threads were stopped: 0.0279467 seconds, Stopping threads took: 0.0001806 seconds
2024-10-09T21:16:54.264+0300: 23.479: Application time: 0.2063751 seconds
2024-10-09T21:16:54.264+0300: 23.479: [GC (Allocation Failure) 2024-10-09T21:16:54.264+0300: 23.479: [ParNew: 456996K->49335K(460096K), 0.0269496 secs] 1804686K->1414054K(4143232K), 0.0270518 secs] [Times: user=0.01 sys=0.00, real=0.03 secs] 
2024-10-09T21:16:54.296+0300: 23.506: Total time for which application threads were stopped: 0.0273546 seconds, Stopping threads took: 0.0001559 seconds
2024-10-09T21:16:54.500+0300: 23.714: Application time: 0.2074070 seconds
2024-10-09T21:16:54.500+0300: 23.714: [GC (Allocation Failure) 2024-10-09T21:16:54.500+0300: 23.714: [ParNew: 458359K->45591K(460096K), 0.0284572 secs] 1580652K->1188260K(4143232K), 0.0285470 secs] [Times: user=0.03 sys=0.00, real=0.03 secs] 
2024-10-09T21:16:54.531+0300: 23.743: Total time for which application threads were stopped: 0.0289355 seconds, Stopping threads took: 0.0002600 seconds
2024-10-09T21:16:54.751+0300: 23.963: Application time: 0.2206650 seconds
2024-10-09T21:16:54.751+0300: 23.963: [GC (Allocation Failure) 2024-10-09T21:16:54.751+0300: 23.963: [ParNew: 454615K->51072K(460096K), 0.0229831 secs] 1345998K->950308K(4143232K), 0.0230692 secs] [Times: user=0.03 sys=0.00, real=0.03 secs] 
2024-10-09T21:16:54.782+0300: 23.987: Total time for which application threads were stopped: 0.0233524 seconds, Stopping threads took: 0.0001653 seconds
2024-10-09T21:16:54.978+0300: 24.189: Application time: 0.2024958 seconds
2024-10-09T21:16:54.978+0300: 24.189: [GC (Allocation Failure) 2024-10-09T21:16:54.978+0300: 24.189: [ParNew: 460096K->51072K(460096K), 0.0282564 secs] 1124407K->737418K(4143232K), 0.0283425 secs] [Times: user=0.02 sys=0.00, real=0.03 secs] 
2024-10-09T21:16:55.003+0300: 24.218: Total time for which application threads were stopped: 0.0286160 seconds, Stopping threads took: 0.0001547 seconds
2024-10-09T21:16:55.222+0300: 24.428: Application time: 0.2106982 seconds
2024-10-09T21:16:55.222+0300: 24.429: [GC (Allocation Failure) 2024-10-09T21:16:55.222+0300: 24.429: [ParNew: 460096K->50498K(460096K), 0.0238136 secs] 909173K->513974K(4143232K), 0.0239018 secs] [Times: user=0.02 sys=0.00, real=0.02 secs] 
2024-10-09T21:16:55.238+0300: 24.453: Total time for which application threads were stopped: 0.0241587 seconds, Stopping threads took: 0.0001445 seconds
2024-10-09T21:16:55.441+0300: 24.656: Application time: 0.2032401 seconds
2024-10-09T21:16:55.441+0300: 24.656: [GC (Allocation Failure) 2024-10-09T21:16:55.441+0300: 24.656: [ParNew: 459522K->51072K(460096K), 0.0237178 secs] 686634K->294800K(4143232K), 0.0238165 secs] [Times: user=0.03 sys=0.00, real=0.03 secs] 
2024-10-09T21:16:55.472+0300: 24.680: Total time for which application threads were stopped: 0.0241279 seconds, Stopping threads took: 0.0001808 seconds
2024-10-09T21:16:55.536+0300: 24.749: [CMS-concurrent-sweep: 1.517/1.702 secs] [Times: user=8.84 sys=0.00, real=1.69 secs] 
2024-10-09T21:16:55.536+0300: 24.749: [CMS-concurrent-reset-start]
2024-10-09T21:16:55.552+0300: 24.757: [CMS-concurrent-reset: 0.008/0.008 secs] [Times: user=0.01 sys=0.00, real=0.02 secs] 
2024-10-09T21:16:55.679+0300: 24.888: Application time: 0.2080202 seconds
2024-10-09T21:16:55.679+0300: 24.888: [GC (Allocation Failure) 2024-10-09T21:16:55.679+0300: 24.888: [ParNew: 460096K->51072K(460096K), 0.0267213 secs] 629258K->238706K(4143232K), 0.0268274 secs] [Times: user=0.11 sys=0.00, real=0.03 secs] 
2024-10-09T21:16:55.709+0300: 24.915: Total time for which application threads were stopped: 0.0271367 seconds, Stopping threads took: 0.0001558 seconds
2024-10-09T21:16:55.881+0300: 25.089: Application time: 0.1741708 seconds
2024-10-09T21:16:55.881+0300: 25.089: [GC (Allocation Failure) 2024-10-09T21:16:55.881+0300: 25.090: [ParNew: 460096K->51072K(460096K), 0.0283233 secs] 647730K->258990K(4143232K), 0.0284077 secs] [Times: user=0.01 sys=0.00, real=0.03 secs] 
2024-10-09T21:16:55.913+0300: 25.118: Total time for which application threads were stopped: 0.0286596 seconds, Stopping threads took: 0.0001387 seconds
2024-10-09T21:16:56.085+0300: 25.295: Application time: 0.1766629 seconds
2024-10-09T21:16:56.085+0300: 25.295: [GC (Allocation Failure) 2024-10-09T21:16:56.085+0300: 25.295: [ParNew: 460096K->45862K(460096K), 0.0303693 secs] 668014K->282540K(4143232K), 0.0304633 secs] [Times: user=0.03 sys=0.00, real=0.03 secs] 
2024-10-09T21:16:56.117+0300: 25.325: Total time for which application threads were stopped: 0.0307320 seconds, Stopping threads took: 0.0001556 seconds
2024-10-09T21:16:56.289+0300: 25.507: Application time: 0.1818478 seconds
2024-10-09T21:16:56.289+0300: 25.507: [GC (Allocation Failure) 2024-10-09T21:16:56.289+0300: 25.507: [ParNew: 454886K->51072K(460096K), 0.0252065 secs] 691564K->304091K(4143232K), 0.0252987 secs] [Times: user=0.06 sys=0.00, real=0.03 secs] 
2024-10-09T21:16:56.321+0300: 25.533: Total time for which application threads were stopped: 0.0255717 seconds, Stopping threads took: 0.0001554 seconds
2024-10-09T21:16:56.509+0300: 25.717: Application time: 0.1840539 seconds
2024-10-09T21:16:56.509+0300: 25.717: [GC (Allocation Failure) 2024-10-09T21:16:56.509+0300: 25.717: [ParNew: 460096K->51072K(460096K), 0.0277095 secs] 713115K->321602K(4143232K), 0.0277965 secs] [Times: user=0.01 sys=0.00, real=0.03 secs] 
2024-10-09T21:16:56.540+0300: 25.745: Total time for which application threads were stopped: 0.0280865 seconds, Stopping threads took: 0.0001579 seconds
2024-10-09T21:16:56.697+0300: 25.916: Application time: 0.1708786 seconds
2024-10-09T21:16:56.697+0300: 25.916: [GC (Allocation Failure) 2024-10-09T21:16:56.697+0300: 25.916: [ParNew: 460096K->51072K(460096K), 0.0279469 secs] 730626K->349250K(4143232K), 0.0280295 secs] [Times: user=0.02 sys=0.00, real=0.03 secs] 
2024-10-09T21:16:56.729+0300: 25.944: Total time for which application threads were stopped: 0.0282545 seconds, Stopping threads took: 0.0001153 seconds
2024-10-09T21:16:56.917+0300: 26.128: Application time: 0.1835035 seconds
2024-10-09T21:16:56.917+0300: 26.128: [GC (Allocation Failure) 2024-10-09T21:16:56.917+0300: 26.128: [ParNew: 460096K->48051K(460096K), 0.0244466 secs] 758274K->360594K(4143232K), 0.0245265 secs] [Times: user=0.02 sys=0.00, real=0.03 secs] 
2024-10-09T21:16:56.949+0300: 26.152: Total time for which application threads were stopped: 0.0247727 seconds, Stopping threads took: 0.0001292 seconds
2024-10-09T21:16:57.121+0300: 26.334: Application time: 0.1813767 seconds
2024-10-09T21:16:57.121+0300: 26.334: [GC (Allocation Failure) 2024-10-09T21:16:57.121+0300: 26.334: [ParNew: 457075K->51072K(460096K), 0.0233825 secs] 769618K->373386K(4143232K), 0.0234710 secs] [Times: user=0.03 sys=0.00, real=0.03 secs] 
2024-10-09T21:16:57.152+0300: 26.357: Total time for which application threads were stopped: 0.0237426 seconds, Stopping threads took: 0.0001549 seconds
2024-10-09T21:16:57.310+0300: 26.527: Application time: 0.1696469 seconds
2024-10-09T21:16:57.310+0300: 26.527: [GC (Allocation Failure) 2024-10-09T21:16:57.310+0300: 26.527: [ParNew: 460096K->51072K(460096K), 0.0279885 secs] 782410K->395198K(4143232K), 0.0280772 secs] [Times: user=0.03 sys=0.00, real=0.03 secs] 
2024-10-09T21:16:57.341+0300: 26.555: Total time for which application threads were stopped: 0.0283614 seconds, Stopping threads took: 0.0001718 seconds
2024-10-09T21:16:57.545+0300: 26.751: Application time: 0.1957075 seconds
2024-10-09T21:16:57.545+0300: 26.751: [GC (Allocation Failure) 2024-10-09T21:16:57.545+0300: 26.751: [ParNew: 460096K->51072K(460096K), 0.0257427 secs] 804222K->414348K(4143232K), 0.0258363 secs] [Times: user=0.11 sys=0.00, real=0.01 secs] 
2024-10-09T21:16:57.560+0300: 26.777: Total time for which application threads were stopped: 0.0261078 seconds, Stopping threads took: 0.0001379 seconds
2024-10-09T21:16:57.749+0300: 26.960: Application time: 0.1827911 seconds
2024-10-09T21:16:57.749+0300: 26.960: [GC (Allocation Failure) 2024-10-09T21:16:57.749+0300: 26.960: [ParNew: 460096K->51072K(460096K), 0.0242506 secs] 823372K->426285K(4143232K), 0.0243485 secs] [Times: user=0.02 sys=0.00, real=0.03 secs] 
2024-10-09T21:16:57.780+0300: 26.985: Total time for which application threads were stopped: 0.0246184 seconds, Stopping threads took: 0.0001411 seconds
2024-10-09T21:16:57.937+0300: 27.152: Application time: 0.1673255 seconds
2024-10-09T21:16:57.937+0300: 27.152: [GC (Allocation Failure) 2024-10-09T21:16:57.937+0300: 27.152: [ParNew: 460096K->51072K(460096K), 0.0316251 secs] 835309K->454377K(4143232K), 0.0317112 secs] [Times: user=0.03 sys=0.00, real=0.03 secs] 
2024-10-09T21:16:57.968+0300: 27.184: Total time for which application threads were stopped: 0.0319732 seconds, Stopping threads took: 0.0001479 seconds
2024-10-09T21:16:58.157+0300: 27.363: Application time: 0.1789422 seconds
2024-10-09T21:16:58.157+0300: 27.363: [GC (Allocation Failure) 2024-10-09T21:16:58.157+0300: 27.363: [ParNew: 460096K->50612K(460096K), 0.0249635 secs] 863401K->473888K(4143232K), 0.0250469 secs] [Times: user=0.02 sys=0.00, real=0.03 secs] 
2024-10-09T21:16:58.185+0300: 27.388: Total time for which application threads were stopped: 0.0253158 seconds, Stopping threads took: 0.0001543 seconds
2024-10-09T21:16:58.361+0300: 27.576: Application time: 0.1882444 seconds
2024-10-09T21:16:58.361+0300: 27.577: [GC (Allocation Failure) 2024-10-09T21:16:58.361+0300: 27.577: [ParNew: 459636K->51072K(460096K), 0.0246396 secs] 882912K->487800K(4143232K), 0.0247231 secs] [Times: user=0.03 sys=0.00, real=0.03 secs] 
2024-10-09T21:16:58.392+0300: 27.601: Total time for which application threads were stopped: 0.0249706 seconds, Stopping threads took: 0.0001297 seconds
2024-10-09T21:16:58.565+0300: 27.781: Application time: 0.1795737 seconds
2024-10-09T21:16:58.565+0300: 27.781: [GC (Allocation Failure) 2024-10-09T21:16:58.565+0300: 27.781: [ParNew: 460096K->51072K(460096K), 0.0256425 secs] 896824K->502522K(4143232K), 0.0257386 secs] [Times: user=0.03 sys=0.00, real=0.03 secs] 
2024-10-09T21:16:58.596+0300: 27.807: Total time for which application threads were stopped: 0.0260313 seconds, Stopping threads took: 0.0001553 seconds
2024-10-09T21:16:58.769+0300: 27.977: Application time: 0.1703691 seconds
2024-10-09T21:16:58.769+0300: 27.978: [GC (Allocation Failure) 2024-10-09T21:16:58.769+0300: 27.978: [ParNew: 460096K->51072K(460096K), 0.0259011 secs] 911546K->523897K(4143232K), 0.0260504 secs] [Times: user=0.02 sys=0.00, real=0.03 secs] 
2024-10-09T21:16:58.801+0300: 28.004: Total time for which application threads were stopped: 0.0263888 seconds, Stopping threads took: 0.0001356 seconds
2024-10-09T21:16:58.989+0300: 28.193: Application time: 0.1888981 seconds
2024-10-09T21:16:58.989+0300: 28.193: [GC (Allocation Failure) 2024-10-09T21:16:58.989+0300: 28.193: [ParNew: 460096K->51072K(460096K), 0.0248015 secs] 932921K->538314K(4143232K), 0.0248887 secs] [Times: user=0.02 sys=0.00, real=0.02 secs] 
2024-10-09T21:16:59.005+0300: 28.218: Total time for which application threads were stopped: 0.0251419 seconds, Stopping threads took: 0.0001385 seconds
2024-10-09T21:16:59.193+0300: 28.399: Application time: 0.1807738 seconds
2024-10-09T21:16:59.193+0300: 28.399: [GC (Allocation Failure) 2024-10-09T21:16:59.193+0300: 28.399: [ParNew: 460096K->51072K(460096K), 0.0237998 secs] 947338K->550385K(4143232K), 0.0238855 secs] [Times: user=0.01 sys=0.00, real=0.02 secs] 
2024-10-09T21:16:59.209+0300: 28.423: Total time for which application threads were stopped: 0.0241332 seconds, Stopping threads took: 0.0001279 seconds
2024-10-09T21:16:59.397+0300: 28.604: Application time: 0.1812305 seconds
2024-10-09T21:16:59.397+0300: 28.604: [GC (Allocation Failure) 2024-10-09T21:16:59.397+0300: 28.604: [ParNew: 460096K->44973K(460096K), 0.0253343 secs] 959409K->565170K(4143232K), 0.0254154 secs] [Times: user=0.01 sys=0.00, real=0.02 secs] 
2024-10-09T21:16:59.413+0300: 28.630: Total time for which application threads were stopped: 0.0256551 seconds, Stopping threads took: 0.0001291 seconds
2024-10-09T21:16:59.616+0300: 28.828: Application time: 0.1982954 seconds
2024-10-09T21:16:59.616+0300: 28.828: [GC (Allocation Failure) 2024-10-09T21:16:59.616+0300: 28.828: [ParNew: 453997K->51072K(460096K), 0.0233009 secs] 974194K->583308K(4143232K), 0.0233964 secs] [Times: user=0.02 sys=0.00, real=0.03 secs] 
2024-10-09T21:16:59.647+0300: 28.852: Total time for which application threads were stopped: 0.0237161 seconds, Stopping threads took: 0.0001681 seconds
2024-10-09T21:16:59.819+0300: 29.036: Application time: 0.1839448 seconds
2024-10-09T21:16:59.819+0300: 29.036: [GC (Allocation Failure) 2024-10-09T21:16:59.819+0300: 29.036: [ParNew: 460096K->51072K(460096K), 0.0289588 secs] 992332K->604031K(4143232K), 0.0290550 secs] [Times: user=0.03 sys=0.00, real=0.03 secs] 
2024-10-09T21:16:59.851+0300: 29.065: Total time for which application threads were stopped: 0.0292878 seconds, Stopping threads took: 0.0001097 seconds
2024-10-09T21:17:00.023+0300: 29.231: Application time: 0.1656232 seconds
2024-10-09T21:17:00.023+0300: 29.231: [GC (Allocation Failure) 2024-10-09T21:17:00.023+0300: 29.231: [ParNew: 460096K->51072K(460096K), 0.0291175 secs] 1013055K->626474K(4143232K), 0.0292132 secs] [Times: user=0.05 sys=0.00, real=0.03 secs] 
2024-10-09T21:17:00.055+0300: 29.260: Total time for which application threads were stopped: 0.0295111 seconds, Stopping threads took: 0.0001495 seconds
2024-10-09T21:17:00.243+0300: 29.451: Application time: 0.1912941 seconds
2024-10-09T21:17:00.243+0300: 29.452: [GC (Allocation Failure) 2024-10-09T21:17:00.243+0300: 29.452: [ParNew: 460096K->50077K(460096K), 0.0258378 secs] 1035498K->646682K(4143232K), 0.0259334 secs] [Times: user=0.03 sys=0.00, real=0.03 secs] 
2024-10-09T21:17:00.274+0300: 29.478: Total time for which application threads were stopped: 0.0261815 seconds, Stopping threads took: 0.0001266 seconds
2024-10-09T21:17:00.462+0300: 29.666: Application time: 0.1881191 seconds
2024-10-09T21:17:00.462+0300: 29.666: [GC (Allocation Failure) 2024-10-09T21:17:00.462+0300: 29.666: [ParNew: 459101K->51072K(460096K), 0.0252091 secs] 1055706K->662323K(4143232K), 0.0252917 secs] [Times: user=0.02 sys=0.00, real=0.02 secs] 
2024-10-09T21:17:00.478+0300: 29.692: Total time for which application threads were stopped: 0.0259622 seconds, Stopping threads took: 0.0005151 seconds
2024-10-09T21:17:00.667+0300: 29.876: Application time: 0.1843506 seconds
2024-10-09T21:17:00.667+0300: 29.876: [GC (Allocation Failure) 2024-10-09T21:17:00.667+0300: 29.876: [ParNew: 460096K->49321K(460096K), 0.0255734 secs] 1071347K->675133K(4143232K), 0.0256765 secs] [Times: user=0.08 sys=0.00, real=0.03 secs] 
2024-10-09T21:17:00.699+0300: 29.902: Total time for which application threads were stopped: 0.0259457 seconds, Stopping threads took: 0.0001403 seconds
2024-10-09T21:17:00.891+0300: 30.099: Application time: 0.1969473 seconds
2024-10-09T21:17:00.891+0300: 30.099: [GC (Allocation Failure) 2024-10-09T21:17:00.891+0300: 30.099: [ParNew: 458345K->51072K(460096K), 0.0265152 secs] 1084157K->698401K(4143232K), 0.0266032 secs] [Times: user=0.12 sys=0.00, real=0.03 secs] 
2024-10-09T21:17:00.918+0300: 30.126: Total time for which application threads were stopped: 0.0268513 seconds, Stopping threads took: 0.0001171 seconds
2024-10-09T21:17:01.107+0300: 30.314: Application time: 0.1886275 seconds
2024-10-09T21:17:01.107+0300: 30.315: [GC (Allocation Failure) 2024-10-09T21:17:01.107+0300: 30.315: [ParNew: 460096K->51072K(460096K), 0.0257574 secs] 1107425K->712733K(4143232K), 0.0258322 secs] [Times: user=0.16 sys=0.00, real=0.02 secs] 
2024-10-09T21:17:01.123+0300: 30.340: Total time for which application threads were stopped: 0.0260671 seconds, Stopping threads took: 0.0001133 seconds
2024-10-09T21:17:01.311+0300: 30.521: Application time: 0.1809848 seconds
2024-10-09T21:17:01.311+0300: 30.522: [GC (Allocation Failure) 2024-10-09T21:17:01.311+0300: 30.522: [ParNew: 460096K->51072K(460096K), 0.0287200 secs] 1121757K->737644K(4143232K), 0.0288071 secs] [Times: user=0.11 sys=0.00, real=0.03 secs] 
2024-10-09T21:17:01.342+0300: 30.550: Total time for which application threads were stopped: 0.0290599 seconds, Stopping threads took: 0.0001282 seconds
2024-10-09T21:17:01.531+0300: 30.744: Application time: 0.1939204 seconds
2024-10-09T21:17:01.531+0300: 30.745: [GC (Allocation Failure) 2024-10-09T21:17:01.531+0300: 30.745: [ParNew: 460096K->51072K(460096K), 0.0396636 secs] 1146668K->757691K(4143232K), 0.0397410 secs] [Times: user=0.11 sys=0.00, real=0.05 secs] 
2024-10-09T21:17:01.578+0300: 30.784: Total time for which application threads were stopped: 0.0400135 seconds, Stopping threads took: 0.0001372 seconds
2024-10-09T21:17:01.766+0300: 30.972: Application time: 0.1874381 seconds
2024-10-09T21:17:01.766+0300: 30.972: [GC (Allocation Failure) 2024-10-09T21:17:01.766+0300: 30.972: [ParNew: 460096K->51072K(460096K), 0.0282568 secs] 1166715K->776722K(4143232K), 0.0283424 secs] [Times: user=0.19 sys=0.00, real=0.03 secs] 
2024-10-09T21:17:01.792+0300: 31.000: Total time for which application threads were stopped: 0.0286008 seconds, Stopping threads took: 0.0001332 seconds
2024-10-09T21:17:01.970+0300: 31.174: Application time: 0.1738582 seconds
2024-10-09T21:17:01.970+0300: 31.175: [GC (Allocation Failure) 2024-10-09T21:17:01.970+0300: 31.175: [ParNew: 460096K->51072K(460096K), 0.0272194 secs] 1185746K->796810K(4143232K), 0.0273124 secs] [Times: user=0.11 sys=0.00, real=0.02 secs] 
2024-10-09T21:17:01.993+0300: 31.202: Total time for which application threads were stopped: 0.0275492 seconds, Stopping threads took: 0.0001083 seconds
2024-10-09T21:17:02.174+0300: 31.378: Application time: 0.1763479 seconds
2024-10-09T21:17:02.174+0300: 31.378: [GC (Allocation Failure) 2024-10-09T21:17:02.174+0300: 31.378: [ParNew: 460096K->50754K(460096K), 0.0265506 secs] 1205834K->817684K(4143232K), 0.0266401 secs] [Times: user=0.09 sys=0.00, real=0.02 secs] 
2024-10-09T21:17:02.193+0300: 31.405: Total time for which application threads were stopped: 0.0268735 seconds, Stopping threads took: 0.0001012 seconds
2024-10-09T21:17:02.378+0300: 31.594: Application time: 0.1889166 seconds
2024-10-09T21:17:02.378+0300: 31.594: [GC (Allocation Failure) 2024-10-09T21:17:02.378+0300: 31.594: [ParNew: 459778K->50233K(460096K), 0.0259951 secs] 1226708K->834957K(4143232K), 0.0260873 secs] [Times: user=0.17 sys=0.00, real=0.03 secs] 
2024-10-09T21:17:02.409+0300: 31.620: Total time for which application threads were stopped: 0.0263457 seconds, Stopping threads took: 0.0001225 seconds
2024-10-09T21:17:02.598+0300: 31.806: Application time: 0.1852511 seconds
2024-10-09T21:17:02.598+0300: 31.806: [GC (Allocation Failure) 2024-10-09T21:17:02.598+0300: 31.806: [ParNew: 459257K->51072K(460096K), 0.0259446 secs] 1243981K->850680K(4143232K), 0.0260445 secs] [Times: user=0.17 sys=0.00, real=0.01 secs] 
2024-10-09T21:17:02.613+0300: 31.832: Total time for which application threads were stopped: 0.0263113 seconds, Stopping threads took: 0.0001411 seconds
2024-10-09T21:17:02.802+0300: 32.011: Application time: 0.1788629 seconds
2024-10-09T21:17:02.802+0300: 32.011: [GC (Allocation Failure) 2024-10-09T21:17:02.802+0300: 32.011: [ParNew: 460096K->51072K(460096K), 0.0277896 secs] 1259704K->872618K(4143232K), 0.0278804 secs] [Times: user=0.11 sys=0.00, real=0.03 secs] 
2024-10-09T21:17:02.833+0300: 32.039: Total time for which application threads were stopped: 0.0281904 seconds, Stopping threads took: 0.0001740 seconds
2024-10-09T21:17:03.006+0300: 32.221: Application time: 0.1817842 seconds
2024-10-09T21:17:03.006+0300: 32.221: [GC (Allocation Failure) 2024-10-09T21:17:03.006+0300: 32.221: [ParNew: 460096K->48138K(460096K), 0.0302668 secs] 1281642K->895177K(4143232K), 0.0303488 secs] [Times: user=0.14 sys=0.00, real=0.03 secs] 
2024-10-09T21:17:03.037+0300: 32.251: Total time for which application threads were stopped: 0.0305956 seconds, Stopping threads took: 0.0001235 seconds
2024-10-09T21:17:03.226+0300: 32.429: Application time: 0.1777047 seconds
2024-10-09T21:17:03.226+0300: 32.429: [GC (Allocation Failure) 2024-10-09T21:17:03.226+0300: 32.429: [ParNew: 457162K->51072K(460096K), 0.0245764 secs] 1304201K->909762K(4143232K), 0.0246726 secs] [Times: user=0.08 sys=0.00, real=0.01 secs] 
2024-10-09T21:17:03.241+0300: 32.454: Total time for which application threads were stopped: 0.0249311 seconds, Stopping threads took: 0.0001335 seconds
2024-10-09T21:17:03.414+0300: 32.626: Application time: 0.1723056 seconds
2024-10-09T21:17:03.414+0300: 32.627: [GC (Allocation Failure) 2024-10-09T21:17:03.414+0300: 32.627: [ParNew: 460096K->51072K(460096K), 0.0272647 secs] 1318786K->930814K(4143232K), 0.0273554 secs] [Times: user=0.19 sys=0.00, real=0.03 secs] 
2024-10-09T21:17:03.446+0300: 32.654: Total time for which application threads were stopped: 0.0276538 seconds, Stopping threads took: 0.0001671 seconds
2024-10-09T21:17:03.634+0300: 32.843: Application time: 0.1892635 seconds
2024-10-09T21:17:03.634+0300: 32.844: [GC (Allocation Failure) 2024-10-09T21:17:03.634+0300: 32.844: [ParNew: 460096K->51072K(460096K), 0.0263204 secs] 1339838K->951221K(4143232K), 0.0264088 secs] [Times: user=0.02 sys=0.00, real=0.03 secs] 
2024-10-09T21:17:03.665+0300: 32.870: Total time for which application threads were stopped: 0.0267179 seconds, Stopping threads took: 0.0001697 seconds
2024-10-09T21:17:03.838+0300: 33.052: Application time: 0.1816757 seconds
2024-10-09T21:17:03.838+0300: 33.052: [GC (Allocation Failure) 2024-10-09T21:17:03.838+0300: 33.052: [ParNew: 460096K->51072K(460096K), 0.0243345 secs] 1360245K->963995K(4143232K), 0.0244192 secs] [Times: user=0.03 sys=0.00, real=0.03 secs] 
2024-10-09T21:17:03.869+0300: 33.076: Total time for which application threads were stopped: 0.0246809 seconds, Stopping threads took: 0.0001447 seconds
2024-10-09T21:17:04.042+0300: 33.251: Application time: 0.1743295 seconds
2024-10-09T21:17:04.042+0300: 33.251: [GC (Allocation Failure) 2024-10-09T21:17:04.042+0300: 33.251: [ParNew: 460096K->51072K(460096K), 0.0293662 secs] 1373019K->985352K(4143232K), 0.0294507 secs] [Times: user=0.03 sys=0.00, real=0.03 secs] 
2024-10-09T21:17:04.073+0300: 33.280: Total time for which application threads were stopped: 0.0296981 seconds, Stopping threads took: 0.0001355 seconds
2024-10-09T21:17:04.246+0300: 33.455: Application time: 0.1743278 seconds
2024-10-09T21:17:04.246+0300: 33.455: [GC (Allocation Failure) 2024-10-09T21:17:04.246+0300: 33.455: [ParNew: 460096K->51072K(460096K), 0.0288365 secs] 1394376K->1007584K(4143232K), 0.0289222 secs] [Times: user=0.05 sys=0.00, real=0.03 secs] 
2024-10-09T21:17:04.277+0300: 33.484: Total time for which application threads were stopped: 0.0292141 seconds, Stopping threads took: 0.0001697 seconds
2024-10-09T21:17:04.450+0300: 33.666: Application time: 0.1824364 seconds
2024-10-09T21:17:04.450+0300: 33.667: [GC (Allocation Failure) 2024-10-09T21:17:04.450+0300: 33.667: [ParNew: 460096K->51072K(460096K), 0.0309671 secs] 1416608K->1030895K(4143232K), 0.0310703 secs] [Times: user=0.03 sys=0.00, real=0.03 secs] 
2024-10-09T21:17:04.482+0300: 33.698: Total time for which application threads were stopped: 0.0314069 seconds, Stopping threads took: 0.0001956 seconds
2024-10-09T21:17:04.670+0300: 33.878: Application time: 0.1804342 seconds
2024-10-09T21:17:04.670+0300: 33.878: [GC (Allocation Failure) 2024-10-09T21:17:04.670+0300: 33.878: [ParNew: 460096K->50414K(460096K), 0.0262862 secs] 1439919K->1046686K(4143232K), 0.0263786 secs] [Times: user=0.02 sys=0.00, real=0.03 secs] 
2024-10-09T21:17:04.702+0300: 33.905: Total time for which application threads were stopped: 0.0266684 seconds, Stopping threads took: 0.0001752 seconds
2024-10-09T21:17:04.858+0300: 34.075: Application time: 0.1704319 seconds
2024-10-09T21:17:04.858+0300: 34.075: [GC (Allocation Failure) 2024-10-09T21:17:04.858+0300: 34.076: [ParNew: 459438K->51072K(460096K), 0.0260737 secs] 1455710K->1067844K(4143232K), 0.0261638 secs] [Times: user=0.03 sys=0.00, real=0.03 secs] 
2024-10-09T21:17:04.890+0300: 34.102: Total time for which application threads were stopped: 0.0264003 seconds, Stopping threads took: 0.0001189 seconds
2024-10-09T21:17:05.078+0300: 34.287: Application time: 0.1849403 seconds
2024-10-09T21:17:05.078+0300: 34.287: [GC (Allocation Failure) 2024-10-09T21:17:05.078+0300: 34.287: [ParNew: 460096K->51072K(460096K), 0.0323815 secs] 1476868K->1095186K(4143232K), 0.0324696 secs] [Times: user=0.03 sys=0.00, real=0.03 secs] 
2024-10-09T21:17:05.110+0300: 34.319: Total time for which application threads were stopped: 0.0327181 seconds, Stopping threads took: 0.0001324 seconds
2024-10-09T21:17:05.282+0300: 34.495: Application time: 0.1756842 seconds
2024-10-09T21:17:05.282+0300: 34.495: [GC (Allocation Failure) 2024-10-09T21:17:05.282+0300: 34.495: [ParNew: 460096K->51072K(460096K), 0.0292529 secs] 1504210K->1119102K(4143232K), 0.0293416 secs] [Times: user=0.03 sys=0.00, real=0.03 secs] 
2024-10-09T21:17:05.314+0300: 34.525: Total time for which application threads were stopped: 0.0295895 seconds, Stopping threads took: 0.0001315 seconds
2024-10-09T21:17:05.486+0300: 34.699: Application time: 0.1745974 seconds
2024-10-09T21:17:05.486+0300: 34.699: [GC (Allocation Failure) 2024-10-09T21:17:05.486+0300: 34.700: [ParNew: 460096K->51072K(460096K), 0.0397197 secs] 1528126K->1136171K(4143232K), 0.0398118 secs] [Times: user=0.19 sys=0.00, real=0.05 secs] 
2024-10-09T21:17:05.533+0300: 34.739: Total time for which application threads were stopped: 0.0401137 seconds, Stopping threads took: 0.0001765 seconds
2024-10-09T21:17:05.722+0300: 34.929: Application time: 0.1895921 seconds
2024-10-09T21:17:05.722+0300: 34.929: [GC (Allocation Failure) 2024-10-09T21:17:05.722+0300: 34.929: [ParNew: 460096K->51072K(460096K), 0.0254235 secs] 1545195K->1153895K(4143232K), 0.0255097 secs] [Times: user=0.01 sys=0.00, real=0.02 secs] 
2024-10-09T21:17:05.738+0300: 34.955: Total time for which application threads were stopped: 0.0257691 seconds, Stopping threads took: 0.0001409 seconds
2024-10-09T21:17:05.926+0300: 35.137: Application time: 0.1818110 seconds
2024-10-09T21:17:05.926+0300: 35.137: [GC (Allocation Failure) 2024-10-09T21:17:05.926+0300: 35.137: [ParNew: 460096K->51072K(460096K), 0.0272087 secs] 1562919K->1172293K(4143232K), 0.0272922 secs] [Times: user=0.03 sys=0.00, real=0.03 secs] 
2024-10-09T21:17:05.957+0300: 35.164: Total time for which application threads were stopped: 0.0275545 seconds, Stopping threads took: 0.0001484 seconds
2024-10-09T21:17:06.114+0300: 35.333: Application time: 0.1686267 seconds
2024-10-09T21:17:06.114+0300: 35.333: [GC (Allocation Failure) 2024-10-09T21:17:06.114+0300: 35.333: [ParNew: 460096K->51072K(460096K), 0.0254308 secs] 1581317K->1190117K(4143232K), 0.0255212 secs] [Times: user=0.02 sys=0.00, real=0.03 secs] 
2024-10-09T21:17:06.146+0300: 35.359: Total time for which application threads were stopped: 0.0257883 seconds, Stopping threads took: 0.0001506 seconds
2024-10-09T21:17:06.334+0300: 35.544: Application time: 0.1851759 seconds
2024-10-09T21:17:06.334+0300: 35.544: [GC (Allocation Failure) 2024-10-09T21:17:06.334+0300: 35.544: [ParNew: 460096K->51072K(460096K), 0.0252067 secs] 1599141K->1206964K(4143232K), 0.0252962 secs] [Times: user=0.02 sys=0.00, real=0.03 secs] 
2024-10-09T21:17:06.365+0300: 35.569: Total time for which application threads were stopped: 0.0255537 seconds, Stopping threads took: 0.0001385 seconds
2024-10-09T21:17:06.554+0300: 35.759: Application time: 0.1895448 seconds
2024-10-09T21:17:06.554+0300: 35.759: [GC (Allocation Failure) 2024-10-09T21:17:06.554+0300: 35.759: [ParNew: 460096K->51072K(460096K), 0.0277719 secs] 1615988K->1224961K(4143232K), 0.0278585 secs] [Times: user=0.02 sys=0.00, real=0.02 secs] 
2024-10-09T21:17:06.569+0300: 35.787: Total time for which application threads were stopped: 0.0281484 seconds, Stopping threads took: 0.0001660 seconds
2024-10-09T21:17:06.742+0300: 35.957: Application time: 0.1704345 seconds
2024-10-09T21:17:06.742+0300: 35.958: [GC (Allocation Failure) 2024-10-09T21:17:06.742+0300: 35.958: [ParNew: 460096K->51072K(460096K), 0.0296603 secs] 1633985K->1246503K(4143232K), 0.0297562 secs] [Times: user=0.01 sys=0.00, real=0.03 secs] 
2024-10-09T21:17:06.773+0300: 35.987: Total time for which application threads were stopped: 0.0300729 seconds, Stopping threads took: 0.0001767 seconds
2024-10-09T21:17:06.962+0300: 36.171: Application time: 0.1835565 seconds
2024-10-09T21:17:06.962+0300: 36.171: [GC (Allocation Failure) 2024-10-09T21:17:06.962+0300: 36.173: [ParNew: 460096K->51072K(460096K), 0.0264871 secs] 1655527K->1267733K(4143232K), 0.0287569 secs] [Times: user=0.03 sys=0.00, real=0.03 secs] 
2024-10-09T21:17:06.993+0300: 36.200: Total time for which application threads were stopped: 0.0290499 seconds, Stopping threads took: 0.0001718 seconds
2024-10-09T21:17:07.166+0300: 36.381: Application time: 0.1808014 seconds
2024-10-09T21:17:07.166+0300: 36.381: [GC (Allocation Failure) 2024-10-09T21:17:07.166+0300: 36.381: [ParNew: 460096K->51072K(460096K), 0.0261224 secs] 1676757K->1283492K(4143232K), 0.0262170 secs] [Times: user=0.06 sys=0.00, real=0.03 secs] 
2024-10-09T21:17:07.197+0300: 36.407: Total time for which application threads were stopped: 0.0264760 seconds, Stopping threads took: 0.0001367 seconds
2024-10-09T21:17:07.370+0300: 36.582: Application time: 0.1751508 seconds
2024-10-09T21:17:07.370+0300: 36.583: [GC (Allocation Failure) 2024-10-09T21:17:07.370+0300: 36.583: [ParNew: 460096K->51072K(460096K), 0.0252046 secs] 1692516K->1299271K(4143232K), 0.0252961 secs] [Times: user=0.03 sys=0.00, real=0.04 secs] 
2024-10-09T21:17:07.405+0300: 36.608: Total time for which application threads were stopped: 0.0255525 seconds, Stopping threads took: 0.0001422 seconds
2024-10-09T21:17:07.589+0300: 36.801: Application time: 0.1929455 seconds
2024-10-09T21:17:07.589+0300: 36.801: [GC (Allocation Failure) 2024-10-09T21:17:07.589+0300: 36.801: [ParNew: 460096K->49318K(460096K), 0.0290833 secs] 1708295K->1322876K(4143232K), 0.0291810 secs] [Times: user=0.03 sys=0.00, real=0.03 secs] 
2024-10-09T21:17:07.621+0300: 36.830: Total time for which application threads were stopped: 0.0294922 seconds, Stopping threads took: 0.0001674 seconds
2024-10-09T21:17:07.809+0300: 37.014: Application time: 0.1836382 seconds
2024-10-09T21:17:07.809+0300: 37.014: [GC (Allocation Failure) 2024-10-09T21:17:07.809+0300: 37.014: [ParNew: 458342K->51072K(460096K), 0.0250022 secs] 1731900K->1341888K(4143232K), 0.0251061 secs] [Times: user=0.02 sys=0.00, real=0.02 secs] 
2024-10-09T21:17:07.825+0300: 37.039: Total time for which application threads were stopped: 0.0253571 seconds, Stopping threads took: 0.0001262 seconds
2024-10-09T21:17:08.006+0300: 37.216: Application time: 0.1769580 seconds
2024-10-09T21:17:08.006+0300: 37.217: [GC (Allocation Failure) 2024-10-09T21:17:08.006+0300: 37.217: [ParNew: 460096K->51072K(460096K), 0.0277064 secs] 1750912K->1360576K(4143232K), 0.0278019 secs] [Times: user=0.02 sys=0.01, real=0.02 secs] 
2024-10-09T21:17:08.029+0300: 37.245: Total time for which application threads were stopped: 0.0280579 seconds, Stopping threads took: 0.0001372 seconds
2024-10-09T21:17:08.218+0300: 37.426: Application time: 0.1811786 seconds
2024-10-09T21:17:08.218+0300: 37.426: [GC (Allocation Failure) 2024-10-09T21:17:08.218+0300: 37.426: [ParNew: 460096K->51072K(460096K), 0.0246867 secs] 1769600K->1378363K(4143232K), 0.0247724 secs] [Times: user=0.03 sys=0.00, real=0.02 secs] 
2024-10-09T21:17:08.233+0300: 37.451: Total time for which application threads were stopped: 0.0250129 seconds, Stopping threads took: 0.0001251 seconds
2024-10-09T21:17:08.422+0300: 37.636: Application time: 0.1852326 seconds
2024-10-09T21:17:08.422+0300: 37.636: [GC (Allocation Failure) 2024-10-09T21:17:08.422+0300: 37.636: [ParNew: 460096K->51072K(460096K), 0.0248631 secs] 1787387K->1393904K(4143232K), 0.0249456 secs] [Times: user=0.03 sys=0.00, real=0.03 secs] 
2024-10-09T21:17:08.453+0300: 37.661: Total time for which application threads were stopped: 0.0252306 seconds, Stopping threads took: 0.0001721 seconds
2024-10-09T21:17:08.641+0300: 37.850: Application time: 0.1888694 seconds
2024-10-09T21:17:08.641+0300: 37.850: [GC (Allocation Failure) 2024-10-09T21:17:08.641+0300: 37.850: [ParNew: 460096K->51072K(460096K), 0.0275296 secs] 1802928K->1410371K(4143232K), 0.0276146 secs] [Times: user=0.01 sys=0.00, real=0.03 secs] 
2024-10-09T21:17:08.673+0300: 37.878: Total time for which application threads were stopped: 0.0278611 seconds, Stopping threads took: 0.0001241 seconds
2024-10-09T21:17:08.845+0300: 38.055: Application time: 0.1771843 seconds
2024-10-09T21:17:08.845+0300: 38.055: [GC (Allocation Failure) 2024-10-09T21:17:08.845+0300: 38.055: [ParNew: 460096K->51072K(460096K), 0.0293401 secs] 1819395K->1437380K(4143232K), 0.0294272 secs] [Times: user=0.03 sys=0.00, real=0.03 secs] 
2024-10-09T21:17:08.877+0300: 38.085: Total time for which application threads were stopped: 0.0296684 seconds, Stopping threads took: 0.0001257 seconds
2024-10-09T21:17:09.065+0300: 38.268: Application time: 0.1829815 seconds
2024-10-09T21:17:09.065+0300: 38.268: [GC (Allocation Failure) 2024-10-09T21:17:09.065+0300: 38.268: [ParNew: 460096K->51072K(460096K), 0.0233045 secs] 1846404K->1450056K(4143232K), 0.0233899 secs] [Times: user=0.05 sys=0.00, real=0.01 secs] 
2024-10-09T21:17:09.080+0300: 38.291: Total time for which application threads were stopped: 0.0236776 seconds, Stopping threads took: 0.0001595 seconds
2024-10-09T21:17:09.269+0300: 38.475: Application time: 0.1830990 seconds
2024-10-09T21:17:09.269+0300: 38.475: [GC (Allocation Failure) 2024-10-09T21:17:09.269+0300: 38.475: [ParNew: 460096K->51072K(460096K), 0.0256520 secs] 1859080K->1465651K(4143232K), 0.0257412 secs] [Times: user=0.02 sys=0.00, real=0.01 secs] 
2024-10-09T21:17:09.284+0300: 38.501: Total time for which application threads were stopped: 0.0260110 seconds, Stopping threads took: 0.0001345 seconds
2024-10-09T21:17:09.457+0300: 38.675: Application time: 0.1740649 seconds
2024-10-09T21:17:09.457+0300: 38.675: [GC (Allocation Failure) 2024-10-09T21:17:09.457+0300: 38.675: [ParNew: 460096K->51072K(460096K), 0.0300720 secs] 1874675K->1487969K(4143232K), 0.0301625 secs] [Times: user=0.03 sys=0.00, real=0.03 secs] 
2024-10-09T21:17:09.488+0300: 38.705: Total time for which application threads were stopped: 0.0304291 seconds, Stopping threads took: 0.0001515 seconds
2024-10-09T21:17:09.677+0300: 38.888: Application time: 0.1831893 seconds
2024-10-09T21:17:09.677+0300: 38.888: [GC (Allocation Failure) 2024-10-09T21:17:09.677+0300: 38.889: [ParNew: 460096K->51072K(460096K), 0.0280614 secs] 1896993K->1510838K(4143232K), 0.0281573 secs] [Times: user=0.01 sys=0.00, real=0.03 secs] 
2024-10-09T21:17:09.710+0300: 38.917: Total time for which application threads were stopped: 0.0284502 seconds, Stopping threads took: 0.0001577 seconds
2024-10-09T21:17:09.881+0300: 39.099: Application time: 0.1822351 seconds
2024-10-09T21:17:09.881+0300: 39.099: [GC (Allocation Failure) 2024-10-09T21:17:09.881+0300: 39.099: [ParNew: 460096K->51072K(460096K), 0.0247912 secs] 1919862K->1525901K(4143232K), 0.0248825 secs] [Times: user=0.03 sys=0.00, real=0.03 secs] 
2024-10-09T21:17:09.913+0300: 39.124: Total time for which application threads were stopped: 0.0251456 seconds, Stopping threads took: 0.0001423 seconds
2024-10-09T21:17:10.085+0300: 39.303: Application time: 0.1787763 seconds
2024-10-09T21:17:10.085+0300: 39.303: [GC (Allocation Failure) 2024-10-09T21:17:10.085+0300: 39.303: [ParNew: 460096K->51072K(460096K), 0.0280564 secs] 1934925K->1547518K(4143232K), 0.0281445 secs] [Times: user=0.03 sys=0.00, real=0.03 secs] 
2024-10-09T21:17:10.117+0300: 39.331: Total time for which application threads were stopped: 0.0284358 seconds, Stopping threads took: 0.0001688 seconds
2024-10-09T21:17:10.305+0300: 39.510: Application time: 0.1783984 seconds
2024-10-09T21:17:10.305+0300: 39.510: [GC (Allocation Failure) 2024-10-09T21:17:10.305+0300: 39.510: [ParNew: 460096K->51072K(460096K), 0.0279918 secs] 1956542K->1568414K(4143232K), 0.0280808 secs] [Times: user=0.03 sys=0.00, real=0.02 secs] 
2024-10-09T21:17:10.321+0300: 39.538: Total time for which application threads were stopped: 0.0283592 seconds, Stopping threads took: 0.0001585 seconds
2024-10-09T21:17:10.512+0300: 39.722: Application time: 0.1839623 seconds
2024-10-09T21:17:10.512+0300: 39.722: [GC (Allocation Failure) 2024-10-09T21:17:10.512+0300: 39.722: [ParNew: 460096K->51072K(460096K), 0.0234852 secs] 1977438K->1577570K(4143232K), 0.0235813 secs] [Times: user=0.03 sys=0.00, real=0.03 secs] 
2024-10-09T21:17:10.540+0300: 39.746: Total time for which application threads were stopped: 0.0238987 seconds, Stopping threads took: 0.0001837 seconds
2024-10-09T21:17:10.728+0300: 39.932: Application time: 0.1860669 seconds
2024-10-09T21:17:10.728+0300: 39.932: [GC (Allocation Failure) 2024-10-09T21:17:10.728+0300: 39.932: [ParNew: 460096K->51072K(460096K), 0.0284124 secs] 1986594K->1600203K(4143232K), 0.0284983 secs] [Times: user=0.02 sys=0.00, real=0.02 secs] 
2024-10-09T21:17:10.743+0300: 39.961: Total time for which application threads were stopped: 0.0287708 seconds, Stopping threads took: 0.0001551 seconds
2024-10-09T21:17:10.932+0300: 40.141: Application time: 0.1801607 seconds
2024-10-09T21:17:10.932+0300: 40.141: [GC (Allocation Failure) 2024-10-09T21:17:10.932+0300: 40.141: [ParNew: 460096K->51072K(460096K), 0.0290947 secs] 2009227K->1619184K(4143232K), 0.0291803 secs] [Times: user=0.03 sys=0.00, real=0.03 secs] 
2024-10-09T21:17:10.963+0300: 40.170: Total time for which application threads were stopped: 0.0294232 seconds, Stopping threads took: 0.0001306 seconds
2024-10-09T21:17:11.136+0300: 40.345: Application time: 0.1741593 seconds
2024-10-09T21:17:11.136+0300: 40.345: [GC (Allocation Failure) 2024-10-09T21:17:11.136+0300: 40.345: [ParNew: 460096K->51072K(460096K), 0.0308780 secs] 2028208K->1645338K(4143232K), 0.0309732 secs] [Times: user=0.03 sys=0.00, real=0.03 secs] 
2024-10-09T21:17:11.167+0300: 40.376: Total time for which application threads were stopped: 0.0312456 seconds, Stopping threads took: 0.0001504 seconds
2024-10-09T21:17:11.356+0300: 40.560: Application time: 0.1847214 seconds
2024-10-09T21:17:11.356+0300: 40.561: [GC (Allocation Failure) 2024-10-09T21:17:11.356+0300: 40.561: [ParNew: 460096K->51072K(460096K), 0.0268579 secs] 2054362K->1668213K(4143232K), 0.0269476 secs] [Times: user=0.02 sys=0.00, real=0.02 secs] 
2024-10-09T21:17:11.371+0300: 40.588: Total time for which application threads were stopped: 0.0271858 seconds, Stopping threads took: 0.0001265 seconds
2024-10-09T21:17:11.560+0300: 40.777: Application time: 0.1895432 seconds
2024-10-09T21:17:11.560+0300: 40.777: [GC (Allocation Failure) 2024-10-09T21:17:11.560+0300: 40.777: [ParNew: 460096K->51072K(460096K), 0.0244026 secs] 2077237K->1679871K(4143232K), 0.0244910 secs] [Times: user=0.05 sys=0.00, real=0.03 secs] 
2024-10-09T21:17:11.591+0300: 40.802: Total time for which application threads were stopped: 0.0247582 seconds, Stopping threads took: 0.0001452 seconds
2024-10-09T21:17:11.764+0300: 40.976: Application time: 0.1742764 seconds
2024-10-09T21:17:11.764+0300: 40.976: [GC (Allocation Failure) 2024-10-09T21:17:11.764+0300: 40.976: [ParNew: 460096K->51072K(460096K), 0.0294462 secs] 2088895K->1702656K(4143232K), 0.0295326 secs] [Times: user=0.03 sys=0.00, real=0.03 secs] 
2024-10-09T21:17:11.795+0300: 41.006: Total time for which application threads were stopped: 0.0297580 seconds, Stopping threads took: 0.0001070 seconds
2024-10-09T21:17:11.968+0300: 41.186: Application time: 0.1796840 seconds
2024-10-09T21:17:11.968+0300: 41.186: [GC (Allocation Failure) 2024-10-09T21:17:11.968+0300: 41.186: [ParNew: 460096K->43443K(460096K), 0.0263460 secs] 2111680K->1717071K(4143232K), 0.0264346 secs] [Times: user=0.03 sys=0.00, real=0.04 secs] 
2024-10-09T21:17:12.009+0300: 41.212: Total time for which application threads were stopped: 0.0266900 seconds, Stopping threads took: 0.0001417 seconds
2024-10-09T21:17:12.188+0300: 41.399: Application time: 0.1869850 seconds
2024-10-09T21:17:12.188+0300: 41.400: [GC (Allocation Failure) 2024-10-09T21:17:12.188+0300: 41.400: [ParNew: 452467K->51072K(460096K), 0.0240413 secs] 2126095K->1734381K(4143232K), 0.0241295 secs] [Times: user=0.05 sys=0.00, real=0.03 secs] 
2024-10-09T21:17:12.219+0300: 41.424: Total time for which application threads were stopped: 0.0243821 seconds, Stopping threads took: 0.0001275 seconds
2024-10-09T21:17:12.392+0300: 41.595: Application time: 0.1716358 seconds
2024-10-09T21:17:12.392+0300: 41.596: [GC (Allocation Failure) 2024-10-09T21:17:12.392+0300: 41.596: [ParNew: 460096K->51072K(460096K), 0.0252723 secs] 2143405K->1751425K(4143232K), 0.0253593 secs] [Times: user=0.01 sys=0.00, real=0.02 secs] 
2024-10-09T21:17:12.416+0300: 41.621: Total time for which application threads were stopped: 0.0255992 seconds, Stopping threads took: 0.0001295 seconds
2024-10-09T21:17:12.596+0300: 41.806: Application time: 0.1847783 seconds
2024-10-09T21:17:12.596+0300: 41.806: [GC (Allocation Failure) 2024-10-09T21:17:12.596+0300: 41.806: [ParNew: 460096K->49522K(460096K), 0.0254607 secs] 2160449K->1771262K(4143232K), 0.0255544 secs] [Times: user=0.02 sys=0.00, real=0.03 secs] 
2024-10-09T21:17:12.627+0300: 41.832: Total time for which application threads were stopped: 0.0258430 seconds, Stopping threads took: 0.0001612 seconds
2024-10-09T21:17:12.817+0300: 42.025: Application time: 0.1928942 seconds
2024-10-09T21:17:12.817+0300: 42.025: [GC (Allocation Failure) 2024-10-09T21:17:12.817+0300: 42.025: [ParNew: 458546K->51072K(460096K), 0.0238495 secs] 2180286K->1779137K(4143232K), 0.0239324 secs] [Times: user=0.03 sys=0.00, real=0.01 secs] 
2024-10-09T21:17:12.831+0300: 42.049: Total time for which application threads were stopped: 0.0241695 seconds, Stopping threads took: 0.0001234 seconds
2024-10-09T21:17:13.004+0300: 42.217: Application time: 0.1679313 seconds
2024-10-09T21:17:13.004+0300: 42.217: [GC (Allocation Failure) 2024-10-09T21:17:13.004+0300: 42.217: [ParNew: 460096K->51072K(460096K), 0.0277363 secs] 2188161K->1799468K(4143232K), 0.0278261 secs] [Times: user=0.03 sys=0.00, real=0.03 secs] 
2024-10-09T21:17:13.035+0300: 42.245: Total time for which application threads were stopped: 0.0280646 seconds, Stopping threads took: 0.0001267 seconds
2024-10-09T21:17:13.208+0300: 42.419: Application time: 0.1738183 seconds
2024-10-09T21:17:13.208+0300: 42.419: [GC (Allocation Failure) 2024-10-09T21:17:13.208+0300: 42.419: [ParNew: 460096K->44255K(460096K), 0.0270669 secs] 2208492K->1818381K(4143232K), 0.0271561 secs] [Times: user=0.01 sys=0.00, real=0.03 secs] 
2024-10-09T21:17:13.240+0300: 42.446: Total time for which application threads were stopped: 0.0274200 seconds, Stopping threads took: 0.0001510 seconds
2024-10-09T21:17:13.428+0300: 42.640: Application time: 0.1945005 seconds
2024-10-09T21:17:13.428+0300: 42.641: [GC (Allocation Failure) 2024-10-09T21:17:13.428+0300: 42.641: [ParNew: 453279K->51072K(460096K), 0.0244574 secs] 2227405K->1834652K(4143232K), 0.0245610 secs] [Times: user=0.03 sys=0.00, real=0.03 secs] 
2024-10-09T21:17:13.459+0300: 42.665: Total time for which application threads were stopped: 0.0248541 seconds, Stopping threads took: 0.0001633 seconds
2024-10-09T21:17:13.632+0300: 42.839: Application time: 0.1738257 seconds
2024-10-09T21:17:13.632+0300: 42.839: [GC (Allocation Failure) 2024-10-09T21:17:13.632+0300: 42.839: [ParNew: 460096K->51072K(460096K), 0.0273740 secs] 2243676K->1852076K(4143232K), 0.0274566 secs] [Times: user=0.02 sys=0.00, real=0.03 secs] 
2024-10-09T21:17:13.663+0300: 42.867: Total time for which application threads were stopped: 0.0277694 seconds, Stopping threads took: 0.0001922 seconds
2024-10-09T21:17:13.820+0300: 43.038: Application time: 0.1714430 seconds
2024-10-09T21:17:13.820+0300: 43.039: [GC (Allocation Failure) 2024-10-09T21:17:13.820+0300: 43.039: [ParNew: 460096K->47459K(460096K), 0.0270848 secs] 2261100K->1874290K(4143232K), 0.0271758 secs] [Times: user=0.05 sys=0.00, real=0.03 secs] 
2024-10-09T21:17:13.852+0300: 43.066: Total time for which application threads were stopped: 0.0274501 seconds, Stopping threads took: 0.0001535 seconds
2024-10-09T21:17:14.056+0300: 43.262: Application time: 0.1960225 seconds
2024-10-09T21:17:14.056+0300: 43.262: [GC (Allocation Failure) 2024-10-09T21:17:14.056+0300: 43.262: [ParNew: 456483K->51072K(460096K), 0.0246464 secs] 2283314K->1890198K(4143232K), 0.0247275 secs] [Times: user=0.01 sys=0.00, real=0.02 secs] 
2024-10-09T21:17:14.072+0300: 43.287: Total time for which application threads were stopped: 0.0249584 seconds, Stopping threads took: 0.0001198 seconds
2024-10-09T21:17:14.244+0300: 43.462: Application time: 0.1757103 seconds
2024-10-09T21:17:14.244+0300: 43.463: [GC (Allocation Failure) 2024-10-09T21:17:14.244+0300: 43.463: [ParNew: 460096K->51072K(460096K), 0.0280172 secs] 2299222K->1908249K(4143232K), 0.0281009 secs] [Times: user=0.03 sys=0.00, real=0.03 secs] 
2024-10-09T21:17:14.276+0300: 43.491: Total time for which application threads were stopped: 0.0283782 seconds, Stopping threads took: 0.0001530 seconds
2024-10-09T21:17:14.448+0300: 43.660: Application time: 0.1689957 seconds
2024-10-09T21:17:14.448+0300: 43.660: [GC (Allocation Failure) 2024-10-09T21:17:14.448+0300: 43.660: [ParNew: 460096K->41050K(460096K), 0.0303389 secs] 2317273K->1925020K(4143232K), 0.0304325 secs] [Times: user=0.03 sys=0.00, real=0.03 secs] 
2024-10-09T21:17:14.480+0300: 43.691: Total time for which application threads were stopped: 0.0307021 seconds, Stopping threads took: 0.0001410 seconds
2024-10-09T21:17:14.684+0300: 43.888: Application time: 0.1970435 seconds
2024-10-09T21:17:14.684+0300: 43.888: [GC (Allocation Failure) 2024-10-09T21:17:14.684+0300: 43.888: [ParNew: 450074K->48153K(460096K), 0.0289574 secs] 2334044K->1953343K(4143232K), 0.0290551 secs] [Times: user=0.02 sys=0.00, real=0.01 secs] 
2024-10-09T21:17:14.699+0300: 43.917: Total time for which application threads were stopped: 0.0293339 seconds, Stopping threads took: 0.0001289 seconds
2024-10-09T21:17:14.888+0300: 44.096: Application time: 0.1795077 seconds
2024-10-09T21:17:14.888+0300: 44.097: [GC (Allocation Failure) 2024-10-09T21:17:14.888+0300: 44.097: [ParNew: 457177K->51072K(460096K), 0.0235249 secs] 2362367K->1963007K(4143232K), 0.0236149 secs] [Times: user=0.01 sys=0.00, real=0.02 secs] 
2024-10-09T21:17:14.904+0300: 44.120: Total time for which application threads were stopped: 0.0239039 seconds, Stopping threads took: 0.0001777 seconds
2024-10-09T21:17:15.077+0300: 44.289: Application time: 0.1682135 seconds
2024-10-09T21:17:15.077+0300: 44.289: [GC (Allocation Failure) 2024-10-09T21:17:15.077+0300: 44.289: [ParNew: 460096K->42373K(460096K), 0.0333725 secs] 2372031K->1985325K(4143232K), 0.0334564 secs] [Times: user=0.03 sys=0.00, real=0.03 secs] 
2024-10-09T21:17:15.108+0300: 44.322: Total time for which application threads were stopped: 0.0337116 seconds, Stopping threads took: 0.0001370 seconds
2024-10-09T21:17:15.296+0300: 44.510: Application time: 0.1875593 seconds
2024-10-09T21:17:15.296+0300: 44.510: [GC (Allocation Failure) 2024-10-09T21:17:15.296+0300: 44.510: [ParNew: 451397K->51072K(460096K), 0.0231467 secs] 2394349K->1997434K(4143232K), 0.0232397 secs] [Times: user=0.03 sys=0.00, real=0.03 secs] 
2024-10-09T21:17:15.328+0300: 44.533: Total time for which application threads were stopped: 0.0235105 seconds, Stopping threads took: 0.0001475 seconds
2024-10-09T21:17:15.516+0300: 44.725: Application time: 0.1916665 seconds
2024-10-09T21:17:15.516+0300: 44.725: [GC (Allocation Failure) 2024-10-09T21:17:15.516+0300: 44.725: [ParNew: 460096K->51072K(460096K), 0.0337115 secs] 2406458K->2017144K(4143232K), 0.0338027 secs] [Times: user=0.03 sys=0.00, real=0.03 secs] 
2024-10-09T21:17:15.548+0300: 44.759: Total time for which application threads were stopped: 0.0340742 seconds, Stopping threads took: 0.0001407 seconds
2024-10-09T21:17:15.723+0300: 44.926: Application time: 0.1673396 seconds
2024-10-09T21:17:15.723+0300: 44.927: [GC (Allocation Failure) 2024-10-09T21:17:15.723+0300: 44.927: [ParNew: 460096K->51072K(460096K), 0.0349339 secs] 2426168K->2045145K(4143232K), 0.0350249 secs] [Times: user=0.00 sys=0.00, real=0.03 secs] 
2024-10-09T21:17:15.752+0300: 44.962: Total time for which application threads were stopped: 0.0352706 seconds, Stopping threads took: 0.0001058 seconds
2024-10-09T21:17:15.941+0300: 45.148: Application time: 0.1863600 seconds
2024-10-09T21:17:15.941+0300: 45.148: [GC (Allocation Failure) 2024-10-09T21:17:15.941+0300: 45.148: [ParNew: 460096K->46191K(460096K), 0.0299633 secs] 2454169K->2061965K(4143232K), 0.0300545 secs] [Times: user=0.03 sys=0.00, real=0.03 secs] 
2024-10-09T21:17:15.972+0300: 45.178: Total time for which application threads were stopped: 0.0302981 seconds, Stopping threads took: 0.0001293 seconds
2024-10-09T21:17:16.160+0300: 45.367: Application time: 0.1891054 seconds
2024-10-09T21:17:16.160+0300: 45.368: [GC (Allocation Failure) 2024-10-09T21:17:16.160+0300: 45.368: [ParNew: 455215K->51072K(460096K), 0.0254291 secs] 2470989K->2076343K(4143232K), 0.0255126 secs] [Times: user=0.02 sys=0.00, real=0.02 secs] 
2024-10-09T21:17:16.176+0300: 45.393: Total time for which application threads were stopped: 0.0257769 seconds, Stopping threads took: 0.0001406 seconds
2024-10-09T21:17:16.349+0300: 45.557: Application time: 0.1633332 seconds
2024-10-09T21:17:16.349+0300: 45.557: [GC (Allocation Failure) 2024-10-09T21:17:16.349+0300: 45.557: [ParNew: 460096K->51072K(460096K), 0.0322728 secs] 2485367K->2101764K(4143232K), 0.0323597 secs] [Times: user=0.03 sys=0.00, real=0.03 secs] 
2024-10-09T21:17:16.380+0300: 45.589: Total time for which application threads were stopped: 0.0326489 seconds, Stopping threads took: 0.0001735 seconds
2024-10-09T21:17:16.568+0300: 45.779: Application time: 0.1901206 seconds
2024-10-09T21:17:16.568+0300: 45.780: [GC (Allocation Failure) 2024-10-09T21:17:16.568+0300: 45.780: [ParNew: 460096K->48091K(460096K), 0.0285001 secs] 2510788K->2120056K(4143232K), 0.0285803 secs] [Times: user=0.01 sys=0.02, real=0.03 secs] 
2024-10-09T21:17:16.600+0300: 45.808: Total time for which application threads were stopped: 0.0288201 seconds, Stopping threads took: 0.0001233 seconds
2024-10-09T21:17:16.788+0300: 45.996: Application time: 0.1882176 seconds
2024-10-09T21:17:16.788+0300: 45.997: [GC (Allocation Failure) 2024-10-09T21:17:16.788+0300: 45.997: [ParNew: 457115K->51072K(460096K), 0.0279601 secs] 2529080K->2136935K(4143232K), 0.0280472 secs] [Times: user=0.03 sys=0.00, real=0.03 secs] 
2024-10-09T21:17:16.819+0300: 46.025: Total time for which application threads were stopped: 0.0282935 seconds, Stopping threads took: 0.0001278 seconds
2024-10-09T21:17:16.976+0300: 46.193: Application time: 0.1686817 seconds
2024-10-09T21:17:16.976+0300: 46.194: [GC (Allocation Failure) 2024-10-09T21:17:16.976+0300: 46.194: [ParNew: 460096K->51072K(460096K), 0.0243468 secs] 2545959K->2148767K(4143232K), 0.0244434 secs] [Times: user=0.03 sys=0.00, real=0.03 secs] 
2024-10-09T21:17:17.008+0300: 46.218: Total time for which application threads were stopped: 0.0247390 seconds, Stopping threads took: 0.0001717 seconds
2024-10-09T21:17:17.180+0300: 46.396: Application time: 0.1778360 seconds
2024-10-09T21:17:17.180+0300: 46.396: [GC (Allocation Failure) 2024-10-09T21:17:17.180+0300: 46.396: [ParNew: 460096K->51072K(460096K), 0.0272061 secs] 2557791K->2165810K(4143232K), 0.0272926 secs] [Times: user=0.03 sys=0.00, real=0.03 secs] 
2024-10-09T21:17:17.212+0300: 46.424: Total time for which application threads were stopped: 0.0275763 seconds, Stopping threads took: 0.0001627 seconds
2024-10-09T21:17:17.400+0300: 46.607: Application time: 0.1839224 seconds
2024-10-09T21:17:17.400+0300: 46.608: [GC (Allocation Failure) 2024-10-09T21:17:17.400+0300: 46.608: [ParNew: 460096K->51072K(460096K), 0.0301981 secs] 2574834K->2184376K(4143232K), 0.0302802 secs] [Times: user=0.03 sys=0.00, real=0.03 secs] 
2024-10-09T21:17:17.432+0300: 46.638: Total time for which application threads were stopped: 0.0305460 seconds, Stopping threads took: 0.0001565 seconds
2024-10-09T21:17:17.604+0300: 46.814: Application time: 0.1758184 seconds
2024-10-09T21:17:17.604+0300: 46.814: [GC (Allocation Failure) 2024-10-09T21:17:17.604+0300: 46.814: [ParNew: 460096K->51072K(460096K), 0.0342112 secs] 2593400K->2209524K(4143232K), 0.0343073 secs] [Times: user=0.06 sys=0.00, real=0.04 secs] 
2024-10-09T21:17:17.640+0300: 46.848: Total time for which application threads were stopped: 0.0345677 seconds, Stopping threads took: 0.0001165 seconds
2024-10-09T21:17:17.828+0300: 47.033: Application time: 0.1843095 seconds
2024-10-09T21:17:17.828+0300: 47.033: [GC (Allocation Failure) 2024-10-09T21:17:17.828+0300: 47.033: [ParNew: 460096K->50553K(460096K), 0.0291179 secs] 2618548K->2227336K(4143232K), 0.0292078 secs] [Times: user=0.03 sys=0.00, real=0.03 secs] 
2024-10-09T21:17:17.855+0300: 47.062: Total time for which application threads were stopped: 0.0295181 seconds, Stopping threads took: 0.0001882 seconds
2024-10-09T21:17:18.028+0300: 47.246: Application time: 0.1835862 seconds
2024-10-09T21:17:18.028+0300: 47.246: [GC (Allocation Failure) 2024-10-09T21:17:18.028+0300: 47.246: [ParNew: 459577K->48246K(460096K), 0.0271876 secs] 2636360K->2239587K(4143232K), 0.0272726 secs] [Times: user=0.03 sys=0.00, real=0.04 secs] 
2024-10-09T21:17:18.068+0300: 47.273: Total time for which application threads were stopped: 0.0275454 seconds, Stopping threads took: 0.0001506 seconds
2024-10-09T21:17:18.232+0300: 47.449: Application time: 0.1760630 seconds
2024-10-09T21:17:18.232+0300: 47.450: [GC (Allocation Failure) 2024-10-09T21:17:18.232+0300: 47.450: [ParNew: 457270K->51072K(460096K), 0.0299642 secs] 2648611K->2262998K(4143232K), 0.0300552 secs] [Times: user=0.05 sys=0.00, real=0.03 secs] 
2024-10-09T21:17:18.263+0300: 47.480: Total time for which application threads were stopped: 0.0303097 seconds, Stopping threads took: 0.0001359 seconds
2024-10-09T21:17:18.452+0300: 47.663: Application time: 0.1830363 seconds
2024-10-09T21:17:18.452+0300: 47.663: [GC (Allocation Failure) 2024-10-09T21:17:18.452+0300: 47.663: [ParNew: 460096K->51072K(460096K), 0.0280167 secs] 2672022K->2278780K(4143232K), 0.0281096 secs] [Times: user=0.03 sys=0.00, real=0.03 secs] 
2024-10-09T21:17:18.483+0300: 47.691: Total time for which application threads were stopped: 0.0283482 seconds, Stopping threads took: 0.0001198 seconds
2024-10-09T21:17:18.656+0300: 47.875: Application time: 0.1836648 seconds
2024-10-09T21:17:18.672+0300: 47.875: [GC (Allocation Failure) 2024-10-09T21:17:18.672+0300: 47.875: [ParNew: 460096K->47812K(460096K), 0.0271558 secs] 2687804K->2290433K(4143232K), 0.0272485 secs] [Times: user=0.02 sys=0.00, real=0.02 secs] 
2024-10-09T21:17:18.688+0300: 47.902: Total time for which application threads were stopped: 0.0275926 seconds, Stopping threads took: 0.0002206 seconds
2024-10-09T21:17:18.861+0300: 48.074: Application time: 0.1719495 seconds
2024-10-09T21:17:18.861+0300: 48.075: [GC (Allocation Failure) 2024-10-09T21:17:18.861+0300: 48.075: [ParNew: 456836K->51072K(460096K), 0.0241366 secs] 2699457K->2306161K(4143232K), 0.0242377 secs] [Times: user=0.03 sys=0.00, real=0.03 secs] 
2024-10-09T21:17:18.892+0300: 48.099: Total time for which application threads were stopped: 0.0245444 seconds, Stopping threads took: 0.0001743 seconds
2024-10-09T21:17:19.080+0300: 48.293: Application time: 0.1943006 seconds
2024-10-09T21:17:19.080+0300: 48.293: [GC (Allocation Failure) 2024-10-09T21:17:19.080+0300: 48.293: [ParNew: 460096K->51072K(460096K), 0.0318412 secs] 2715185K->2329657K(4143232K), 0.0319270 secs] [Times: user=0.05 sys=0.00, real=0.03 secs] 
2024-10-09T21:17:19.112+0300: 48.325: Total time for which application threads were stopped: 0.0321911 seconds, Stopping threads took: 0.0001473 seconds
2024-10-09T21:17:19.300+0300: 48.504: Application time: 0.1783060 seconds
2024-10-09T21:17:19.300+0300: 48.504: [GC (Allocation Failure) 2024-10-09T21:17:19.300+0300: 48.506: [ParNew: 460096K->51072K(460096K), 0.0298531 secs] 2738681K->2348426K(4143232K), 0.0320826 secs] [Times: user=0.02 sys=0.00, real=0.03 secs] 
2024-10-09T21:17:19.332+0300: 48.536: Total time for which application threads were stopped: 0.0323623 seconds, Stopping threads took: 0.0001409 seconds
2024-10-09T21:17:19.504+0300: 48.710: Application time: 0.1739201 seconds
2024-10-09T21:17:19.504+0300: 48.710: [GC (Allocation Failure) 2024-10-09T21:17:19.504+0300: 48.710: [ParNew: 460096K->50806K(460096K), 0.0385434 secs] 2757450K->2373334K(4143232K), 0.0386515 secs] [Times: user=0.17 sys=0.00, real=0.03 secs] 
2024-10-09T21:17:19.536+0300: 48.749: Total time for which application threads were stopped: 0.0389182 seconds, Stopping threads took: 0.0001229 seconds
2024-10-09T21:17:19.740+0300: 48.947: Application time: 0.1979974 seconds
2024-10-09T21:17:19.740+0300: 48.947: [GC (Allocation Failure) 2024-10-09T21:17:19.740+0300: 48.947: [ParNew: 459830K->51072K(460096K), 0.0295194 secs] 2782358K->2394729K(4143232K), 0.0296028 secs] [Times: user=0.02 sys=0.00, real=0.03 secs] 
2024-10-09T21:17:19.771+0300: 48.977: Total time for which application threads were stopped: 0.0298761 seconds, Stopping threads took: 0.0001587 seconds
2024-10-09T21:17:19.944+0300: 49.153: Application time: 0.1756918 seconds
2024-10-09T21:17:19.944+0300: 49.153: [GC (Allocation Failure) 2024-10-09T21:17:19.944+0300: 49.153: [ParNew: 460096K->51072K(460096K), 0.0304630 secs] 2803753K->2411990K(4143232K), 0.0305525 secs] [Times: user=0.03 sys=0.00, real=0.03 secs] 
2024-10-09T21:17:19.975+0300: 49.183: Total time for which application threads were stopped: 0.0308064 seconds, Stopping threads took: 0.0001310 seconds
2024-10-09T21:17:20.148+0300: 49.354: Application time: 0.1703923 seconds
2024-10-09T21:17:20.148+0300: 49.354: [GC (Allocation Failure) 2024-10-09T21:17:20.148+0300: 49.354: [ParNew: 460096K->51072K(460096K), 0.0352986 secs] 2821014K->2441590K(4143232K), 0.0354073 secs] [Times: user=0.02 sys=0.02, real=0.03 secs] 
2024-10-09T21:17:20.179+0300: 49.389: Total time for which application threads were stopped: 0.0357247 seconds, Stopping threads took: 0.0001656 seconds
2024-10-09T21:17:20.368+0300: 49.586: Application time: 0.1961074 seconds
2024-10-09T21:17:20.368+0300: 49.586: [GC (Allocation Failure) 2024-10-09T21:17:20.368+0300: 49.586: [ParNew: 460096K->45670K(460096K), 0.0306303 secs] 2850614K->2460721K(4143232K), 0.0307194 secs] [Times: user=0.03 sys=0.00, real=0.03 secs] 
2024-10-09T21:17:20.399+0300: 49.617: Total time for which application threads were stopped: 0.0309917 seconds, Stopping threads took: 0.0001505 seconds
2024-10-09T21:17:20.587+0300: 49.801: Application time: 0.1849485 seconds
2024-10-09T21:17:20.587+0300: 49.802: [GC (Allocation Failure) 2024-10-09T21:17:20.587+0300: 49.802: [ParNew: 454694K->51072K(460096K), 0.0258346 secs] 2869745K->2475113K(4143232K), 0.0259200 secs] [Times: user=0.06 sys=0.00, real=0.03 secs] 
2024-10-09T21:17:20.620+0300: 49.828: Total time for which application threads were stopped: 0.0261749 seconds, Stopping threads took: 0.0001305 seconds
2024-10-09T21:17:20.791+0300: 49.999: Application time: 0.1708485 seconds
2024-10-09T21:17:20.791+0300: 49.999: [GC (Allocation Failure) 2024-10-09T21:17:20.791+0300: 49.999: [ParNew: 460096K->49334K(460096K), 0.0355745 secs] 2884137K->2504599K(4143232K), 0.0356691 secs] [Times: user=0.02 sys=0.00, real=0.03 secs] 
2024-10-09T21:17:20.822+0300: 50.034: Total time for which application threads were stopped: 0.0359464 seconds, Stopping threads took: 0.0001610 seconds
2024-10-09T21:17:21.010+0300: 50.219: Application time: 0.1843233 seconds
2024-10-09T21:17:21.010+0300: 50.219: [GC (Allocation Failure) 2024-10-09T21:17:21.010+0300: 50.219: [ParNew: 458358K->51072K(460096K), 0.0304683 secs] 2913623K->2529972K(4143232K), 0.0305562 secs] [Times: user=0.05 sys=0.00, real=0.04 secs] 
2024-10-09T21:17:21.046+0300: 50.250: Total time for which application threads were stopped: 0.0308252 seconds, Stopping threads took: 0.0001497 seconds
2024-10-09T21:17:21.230+0300: 50.435: Application time: 0.1855426 seconds
2024-10-09T21:17:21.230+0300: 50.435: [GC (Allocation Failure) 2024-10-09T21:17:21.230+0300: 50.435: [ParNew: 460096K->51072K(460096K), 0.0232249 secs] 2938996K->2535414K(4143232K), 0.0233116 secs] [Times: user=0.05 sys=0.00, real=0.02 secs] 
2024-10-09T21:17:21.246+0300: 50.459: Total time for which application threads were stopped: 0.0235720 seconds, Stopping threads took: 0.0001311 seconds
2024-10-09T21:17:21.418+0300: 50.625: Application time: 0.1659545 seconds
2024-10-09T21:17:21.418+0300: 50.625: [GC (Allocation Failure) 2024-10-09T21:17:21.418+0300: 50.625: [ParNew: 460096K->51072K(460096K), 0.0307867 secs] 2944438K->2559158K(4143232K), 0.0308719 secs] [Times: user=0.03 sys=0.00, real=0.03 secs] 
2024-10-09T21:17:21.450+0300: 50.656: Total time for which application threads were stopped: 0.0311388 seconds, Stopping threads took: 0.0001553 seconds
2024-10-09T21:17:21.639+0300: 50.845: Application time: 0.1891461 seconds
2024-10-09T21:17:21.639+0300: 50.845: [GC (Allocation Failure) 2024-10-09T21:17:21.639+0300: 50.845: [ParNew: 460096K->51072K(460096K), 0.0289355 secs] 2968182K->2578878K(4143232K), 0.0290169 secs] [Times: user=0.02 sys=0.00, real=0.03 secs] 
2024-10-09T21:17:21.670+0300: 50.874: Total time for which application threads were stopped: 0.0292737 seconds, Stopping threads took: 0.0001236 seconds
2024-10-09T21:17:21.843+0300: 51.057: Application time: 0.1825590 seconds
2024-10-09T21:17:21.843+0300: 51.057: [GC (Allocation Failure) 2024-10-09T21:17:21.843+0300: 51.057: [ParNew: 460096K->51072K(460096K), 0.0259867 secs] 2987902K->2592717K(4143232K), 0.0260697 secs] [Times: user=0.02 sys=0.00, real=0.03 secs] 
2024-10-09T21:17:21.874+0300: 51.083: Total time for which application threads were stopped: 0.0263366 seconds, Stopping threads took: 0.0001519 seconds
2024-10-09T21:17:22.047+0300: 51.256: Application time: 0.1725453 seconds
2024-10-09T21:17:22.047+0300: 51.256: [GC (Allocation Failure) 2024-10-09T21:17:22.047+0300: 51.256: [ParNew: 460096K->51072K(460096K), 0.0295049 secs] 3001741K->2613454K(4143232K), 0.0295923 secs] [Times: user=0.02 sys=0.00, real=0.03 secs] 
2024-10-09T21:17:22.078+0300: 51.286: Total time for which application threads were stopped: 0.0298687 seconds, Stopping threads took: 0.0001515 seconds
2024-10-09T21:17:22.266+0300: 51.469: Application time: 0.1837674 seconds
2024-10-09T21:17:22.266+0300: 51.470: [GC (Allocation Failure) 2024-10-09T21:17:22.266+0300: 51.470: [ParNew: 460096K->51072K(460096K), 0.0256107 secs] 3022478K->2627975K(4143232K), 0.0257057 secs] [Times: user=0.03 sys=0.00, real=0.02 secs] 
2024-10-09T21:17:22.282+0300: 51.495: Total time for which application threads were stopped: 0.0259686 seconds, Stopping threads took: 0.0001323 seconds
2024-10-09T21:17:22.470+0300: 51.673: Application time: 0.1779418 seconds
2024-10-09T21:17:22.470+0300: 51.673: [GC (Allocation Failure) 2024-10-09T21:17:22.470+0300: 51.674: [ParNew: 460096K->51072K(460096K), 0.0402488 secs] 3036999K->2654636K(4143232K), 0.0403541 secs] [Times: user=0.03 sys=0.00, real=0.03 secs] 
2024-10-09T21:17:22.501+0300: 51.714: Total time for which application threads were stopped: 0.0406037 seconds, Stopping threads took: 0.0001119 seconds
2024-10-09T21:17:22.674+0300: 51.888: Application time: 0.1745194 seconds
2024-10-09T21:17:22.674+0300: 51.889: [GC (Allocation Failure) 2024-10-09T21:17:22.674+0300: 51.889: [ParNew: 460096K->49109K(460096K), 0.0295331 secs] 3063660K->2675134K(4143232K), 0.0296206 secs] [Times: user=0.03 sys=0.00, real=0.03 secs] 
2024-10-09T21:17:22.705+0300: 51.918: Total time for which application threads were stopped: 0.0298852 seconds, Stopping threads took: 0.0001498 seconds
2024-10-09T21:17:22.894+0300: 52.109: Application time: 0.1906366 seconds
2024-10-09T21:17:22.894+0300: 52.109: [GC (Allocation Failure) 2024-10-09T21:17:22.894+0300: 52.109: [ParNew: 458133K->51072K(460096K), 0.0258019 secs] 3084158K->2689067K(4143232K), 0.0258907 secs] [Times: user=0.03 sys=0.00, real=0.04 secs] 
2024-10-09T21:17:22.931+0300: 52.135: Total time for which application threads were stopped: 0.0261622 seconds, Stopping threads took: 0.0001536 seconds
2024-10-09T21:17:23.097+0300: 52.306: Application time: 0.1711555 seconds
2024-10-09T21:17:23.097+0300: 52.306: [GC (Allocation Failure) 2024-10-09T21:17:23.097+0300: 52.306: [ParNew: 460096K->51072K(460096K), 0.0318805 secs] 3098091K->2711309K(4143232K), 0.0319696 secs] [Times: user=0.03 sys=0.00, real=0.03 secs] 
2024-10-09T21:17:23.129+0300: 52.338: Total time for which application threads were stopped: 0.0322194 seconds, Stopping threads took: 0.0001346 seconds
2024-10-09T21:17:23.301+0300: 52.516: Application time: 0.1777202 seconds
2024-10-09T21:17:23.301+0300: 52.516: [GC (Allocation Failure) 2024-10-09T21:17:23.301+0300: 52.516: [ParNew: 460096K->51072K(460096K), 0.0283418 secs] 3120333K->2730287K(4143232K), 0.0284306 secs] [Times: user=0.08 sys=0.00, real=0.04 secs] 
2024-10-09T21:17:23.340+0300: 52.545: Total time for which application threads were stopped: 0.0286897 seconds, Stopping threads took: 0.0001392 seconds
2024-10-09T21:17:23.522+0300: 52.738: Application time: 0.1933661 seconds
2024-10-09T21:17:23.522+0300: 52.739: [GC (Allocation Failure) 2024-10-09T21:17:23.522+0300: 52.739: [ParNew: 460096K->51072K(460096K), 0.0293118 secs] 3139311K->2747770K(4143232K), 0.0294089 secs] [Times: user=0.03 sys=0.00, real=0.03 secs] 
2024-10-09T21:17:23.553+0300: 52.768: Total time for which application threads were stopped: 0.0297239 seconds, Stopping threads took: 0.0001688 seconds
2024-10-09T21:17:23.726+0300: 52.938: Application time: 0.1704338 seconds
2024-10-09T21:17:23.726+0300: 52.939: [GC (Allocation Failure) 2024-10-09T21:17:23.726+0300: 52.939: [ParNew: 460096K->51072K(460096K), 0.0266489 secs] 3156794K->2759611K(4143232K), 0.0267336 secs] [Times: user=0.03 sys=0.00, real=0.03 secs] 
2024-10-09T21:17:23.757+0300: 52.965: Total time for which application threads were stopped: 0.0269789 seconds, Stopping threads took: 0.0001280 seconds
2024-10-09T21:17:23.930+0300: 53.141: Application time: 0.1754667 seconds
2024-10-09T21:17:23.930+0300: 53.141: [GC (Allocation Failure) 2024-10-09T21:17:23.930+0300: 53.141: [ParNew: 460096K->48760K(460096K), 0.0310045 secs] 3168635K->2782802K(4143232K), 0.0310881 secs] [Times: user=0.05 sys=0.00, real=0.03 secs] 
2024-10-09T21:17:23.961+0300: 53.172: Total time for which application threads were stopped: 0.0313589 seconds, Stopping threads took: 0.0001524 seconds
2024-10-09T21:17:24.150+0300: 53.359: Application time: 0.1869506 seconds
2024-10-09T21:17:24.150+0300: 53.359: [GC (Allocation Failure) 2024-10-09T21:17:24.150+0300: 53.359: [ParNew: 457784K->51072K(460096K), 0.0304937 secs] 3191826K->2805652K(4143232K), 0.0305813 secs] [Times: user=0.01 sys=0.00, real=0.03 secs] 
2024-10-09T21:17:24.181+0300: 53.390: Total time for which application threads were stopped: 0.0308437 seconds, Stopping threads took: 0.0001424 seconds
2024-10-09T21:17:24.353+0300: 53.562: Application time: 0.1724159 seconds
2024-10-09T21:17:24.353+0300: 53.563: [GC (Allocation Failure) 2024-10-09T21:17:24.353+0300: 53.563: [ParNew: 460096K->51072K(460096K), 0.0303282 secs] 3214676K->2823623K(4143232K), 0.0304165 secs] [Times: user=0.03 sys=0.00, real=0.03 secs] 
2024-10-09T21:17:24.385+0300: 53.593: Total time for which application threads were stopped: 0.0306601 seconds, Stopping threads took: 0.0001298 seconds
2024-10-09T21:17:24.557+0300: 53.774: Application time: 0.1811837 seconds
2024-10-09T21:17:24.557+0300: 53.775: [GC (Allocation Failure) 2024-10-09T21:17:24.557+0300: 53.775: [ParNew: 460096K->51072K(460096K), 0.0318177 secs] 3232647K->2851001K(4143232K), 0.0319101 secs] [Times: user=0.06 sys=0.03, real=0.03 secs] 
2024-10-09T21:17:24.589+0300: 53.807: Total time for which application threads were stopped: 0.0322282 seconds, Stopping threads took: 0.0001749 seconds
2024-10-09T21:17:24.777+0300: 53.994: Application time: 0.1877130 seconds
2024-10-09T21:17:24.777+0300: 53.994: [GC (Allocation Failure) 2024-10-09T21:17:24.777+0300: 53.995: [ParNew: 460096K->51072K(460096K), 0.0244354 secs] 3260025K->2861299K(4143232K), 0.0245276 secs] [Times: user=0.03 sys=0.00, real=0.03 secs] 
2024-10-09T21:17:24.808+0300: 54.019: Total time for which application threads were stopped: 0.0248057 seconds, Stopping threads took: 0.0001586 seconds
2024-10-09T21:17:24.981+0300: 54.199: Application time: 0.1794683 seconds
2024-10-09T21:17:24.981+0300: 54.199: [GC (Allocation Failure) 2024-10-09T21:17:24.981+0300: 54.199: [ParNew: 460096K->51072K(460096K), 0.0263822 secs] 3270323K->2872342K(4143232K), 0.0264633 secs] [Times: user=0.03 sys=0.00, real=0.03 secs] 
2024-10-09T21:17:25.012+0300: 54.225: Total time for which application threads were stopped: 0.0267362 seconds, Stopping threads took: 0.0001588 seconds
2024-10-09T21:17:25.185+0300: 54.393: Application time: 0.1680313 seconds
2024-10-09T21:17:25.185+0300: 54.393: [GC (Allocation Failure) 2024-10-09T21:17:25.185+0300: 54.394: [ParNew: 460096K->49366K(460096K), 0.0335153 secs] 3281366K->2902149K(4143232K), 0.0335989 secs] [Times: user=0.05 sys=0.00, real=0.03 secs] 
2024-10-09T21:17:25.219+0300: 54.427: Total time for which application threads were stopped: 0.0338301 seconds, Stopping threads took: 0.0001155 seconds
2024-10-09T21:17:25.404+0300: 54.618: Application time: 0.1912447 seconds
2024-10-09T21:17:25.404+0300: 54.619: [GC (Allocation Failure) 2024-10-09T21:17:25.404+0300: 54.619: [ParNew: 458390K->50780K(460096K), 0.0254502 secs] 3311173K->2915077K(4143232K), 0.0255405 secs] [Times: user=0.03 sys=0.00, real=0.03 secs] 
2024-10-09T21:17:25.435+0300: 54.644: Total time for which application threads were stopped: 0.0258036 seconds, Stopping threads took: 0.0001405 seconds
2024-10-09T21:17:25.624+0300: 54.830: Application time: 0.1856737 seconds
2024-10-09T21:17:25.624+0300: 54.830: [GC (Allocation Failure) 2024-10-09T21:17:25.624+0300: 54.830: [ParNew: 459804K->51072K(460096K), 0.0262202 secs] 3324101K->2926485K(4143232K), 0.0263105 secs] [Times: user=0.01 sys=0.00, real=0.02 secs] 
2024-10-09T21:17:25.645+0300: 54.856: Total time for which application threads were stopped: 0.0266358 seconds, Stopping threads took: 0.0001963 seconds
2024-10-09T21:17:25.811+0300: 55.027: Application time: 0.1707036 seconds
2024-10-09T21:17:25.811+0300: 55.027: [GC (Allocation Failure) 2024-10-09T21:17:25.811+0300: 55.027: [ParNew: 460096K->51072K(460096K), 0.0335948 secs] 3335509K->2958410K(4143232K), 0.0336880 secs] [Times: user=0.03 sys=0.00, real=0.03 secs] 
2024-10-09T21:17:25.845+0300: 55.061: Total time for which application threads were stopped: 0.0339989 seconds, Stopping threads took: 0.0001688 seconds
2024-10-09T21:17:26.047+0300: 55.259: Application time: 0.1978932 seconds
2024-10-09T21:17:26.047+0300: 55.259: [GC (Allocation Failure) 2024-10-09T21:17:26.047+0300: 55.259: [ParNew: 460096K->51072K(460096K), 0.0230628 secs] 3367434K->2961355K(4143232K), 0.0231458 secs] [Times: user=0.03 sys=0.00, real=0.03 secs] 
2024-10-09T21:17:26.078+0300: 55.283: Total time for which application threads were stopped: 0.0234260 seconds, Stopping threads took: 0.0001576 seconds
2024-10-09T21:17:26.251+0300: 55.467: Application time: 0.1844712 seconds
2024-10-09T21:17:26.251+0300: 55.467: [GC (Allocation Failure) 2024-10-09T21:17:26.251+0300: 55.467: [ParNew: 460096K->51072K(460096K), 0.0340854 secs] 3370379K->2982893K(4143232K), 0.0341765 secs] [Times: user=0.03 sys=0.00, real=0.05 secs] 
2024-10-09T21:17:26.297+0300: 55.501: Total time for which application threads were stopped: 0.0344268 seconds, Stopping threads took: 0.0001286 seconds
2024-10-09T21:17:26.455+0300: 55.662: Application time: 0.1610655 seconds
2024-10-09T21:17:26.455+0300: 55.663: [GC (Allocation Failure) 2024-10-09T21:17:26.455+0300: 55.663: [ParNew: 460096K->51072K(460096K), 0.0371975 secs] 3391917K->3014832K(4143232K), 0.0372800 secs] [Times: user=0.02 sys=0.00, real=0.03 secs] 
2024-10-09T21:17:26.486+0300: 55.700: Total time for which application threads were stopped: 0.0375388 seconds, Stopping threads took: 0.0001419 seconds
2024-10-09T21:17:26.675+0300: 55.893: Application time: 0.1925538 seconds
2024-10-09T21:17:26.675+0300: 55.893: [GC (Allocation Failure) 2024-10-09T21:17:26.675+0300: 55.893: [ParNew: 460096K->46642K(460096K), 0.0284717 secs] 3423856K->3029144K(4143232K), 0.0285607 secs] [Times: user=0.02 sys=0.00, real=0.03 secs] 
2024-10-09T21:17:26.706+0300: 55.921: Total time for which application threads were stopped: 0.0288191 seconds, Stopping threads took: 0.0001408 seconds
2024-10-09T21:17:26.894+0300: 56.104: Application time: 0.1826181 seconds
2024-10-09T21:17:26.894+0300: 56.104: [GC (Allocation Failure) 2024-10-09T21:17:26.894+0300: 56.104: [ParNew: 455666K->51072K(460096K), 0.0262675 secs] 3438168K->3042601K(4143232K), 0.0263524 secs] [Times: user=0.03 sys=0.00, real=0.03 secs] 
2024-10-09T21:17:26.925+0300: 56.131: Total time for which application threads were stopped: 0.0266696 seconds, Stopping threads took: 0.0001768 seconds
2024-10-09T21:17:27.083+0300: 56.294: Application time: 0.1630562 seconds
2024-10-09T21:17:27.083+0300: 56.294: [GC (Allocation Failure) 2024-10-09T21:17:27.083+0300: 56.294: [ParNew: 460096K->51072K(460096K), 0.0322306 secs] 3451625K->3067712K(4143232K), 0.0323148 secs] [Times: user=0.02 sys=0.00, real=0.03 secs] 
2024-10-09T21:17:27.114+0300: 56.326: Total time for which application threads were stopped: 0.0325638 seconds, Stopping threads took: 0.0001362 seconds
2024-10-09T21:17:27.302+0300: 56.518: Application time: 0.1916256 seconds
2024-10-09T21:17:27.302+0300: 56.518: [GC (Allocation Failure) 2024-10-09T21:17:27.302+0300: 56.518: [ParNew: 460096K->44717K(460096K), 0.0304879 secs] 3476736K->3085485K(4143232K), 0.0305810 secs] [Times: user=0.05 sys=0.00, real=0.03 secs] 
2024-10-09T21:17:27.334+0300: 56.549: Total time for which application threads were stopped: 0.0308261 seconds, Stopping threads took: 0.0001233 seconds
2024-10-09T21:17:27.522+0300: 56.741: Application time: 0.1919209 seconds
2024-10-09T21:17:27.538+0300: 56.741: [GC (Allocation Failure) 2024-10-09T21:17:27.538+0300: 56.743: [ParNew: 453741K->51072K(460096K), 0.0234858 secs] 3494509K->3095420K(4143232K), 0.0258677 secs] [Times: user=0.01 sys=0.00, real=0.02 secs] 
2024-10-09T21:17:27.554+0300: 56.767: Total time for which application threads were stopped: 0.0261540 seconds, Stopping threads took: 0.0001489 seconds
2024-10-09T21:17:27.710+0300: 56.925: Application time: 0.1585162 seconds
2024-10-09T21:17:27.710+0300: 56.926: [GC (Allocation Failure) 2024-10-09T21:17:27.710+0300: 56.926: [ParNew: 460096K->51032K(460096K), 0.0346511 secs] 3504444K->3122550K(4143232K), 0.0347631 secs] [Times: user=0.02 sys=0.00, real=0.05 secs] 
2024-10-09T21:17:27.757+0300: 56.961: Total time for which application threads were stopped: 0.0351384 seconds, Stopping threads took: 0.0002377 seconds
2024-10-09T21:17:27.950+0300: 57.153: Application time: 0.1924843 seconds
2024-10-09T21:17:27.950+0300: 57.153: [GC (Allocation Failure) 2024-10-09T21:17:27.950+0300: 57.153: [ParNew: 460056K->43431K(460096K), 0.0288167 secs] 3531574K->3138259K(4143232K), 0.0289665 secs] [Times: user=0.06 sys=0.00, real=0.03 secs] 
2024-10-09T21:17:27.977+0300: 57.182: Total time for which application threads were stopped: 0.0292125 seconds, Stopping threads took: 0.0001272 seconds
2024-10-09T21:17:28.165+0300: 57.374: Application time: 0.1919624 seconds
2024-10-09T21:17:28.165+0300: 57.374: [GC (Allocation Failure) 2024-10-09T21:17:28.165+0300: 57.374: [ParNew: 452455K->51072K(460096K), 0.0244486 secs] 3547283K->3150656K(4143232K), 0.0245337 secs] [Times: user=0.02 sys=0.00, real=0.02 secs] 
2024-10-09T21:17:28.181+0300: 57.399: Total time for which application threads were stopped: 0.0247758 seconds, Stopping threads took: 0.0001278 seconds
2024-10-09T21:17:28.354+0300: 57.559: Application time: 0.1596039 seconds
2024-10-09T21:17:28.354+0300: 57.559: [GC (Allocation Failure) 2024-10-09T21:17:28.354+0300: 57.559: [ParNew: 460096K->51072K(460096K), 0.0333407 secs] 3559680K->3175315K(4143232K), 0.0334241 secs] [Times: user=0.00 sys=0.00, real=0.03 secs] 
2024-10-09T21:17:28.385+0300: 57.592: Total time for which application threads were stopped: 0.0336779 seconds, Stopping threads took: 0.0001403 seconds
2024-10-09T21:17:28.574+0300: 57.782: Application time: 0.1901572 seconds
2024-10-09T21:17:28.574+0300: 57.783: [GC (Allocation Failure) 2024-10-09T21:17:28.574+0300: 57.783: [ParNew: 460096K->50449K(460096K), 0.0296704 secs] 3584339K->3199077K(4143232K), 0.0297569 secs] [Times: user=0.03 sys=0.00, real=0.03 secs] 
2024-10-09T21:17:28.605+0300: 57.812: Total time for which application threads were stopped: 0.0300480 seconds, Stopping threads took: 0.0001601 seconds
2024-10-09T21:17:28.794+0300: 58.002: Application time: 0.1899797 seconds
2024-10-09T21:17:28.794+0300: 58.003: [GC (Allocation Failure) 2024-10-09T21:17:28.794+0300: 58.003: [ParNew: 459473K->51072K(460096K), 0.0240525 secs] 3608101K->3206461K(4143232K), 0.0241347 secs] [Times: user=0.02 sys=0.00, real=0.02 secs] 
2024-10-09T21:17:28.809+0300: 58.027: Total time for which application threads were stopped: 0.0243814 seconds, Stopping threads took: 0.0001299 seconds
2024-10-09T21:17:28.982+0300: 58.190: Application time: 0.1633538 seconds
2024-10-09T21:17:28.982+0300: 58.190: [GC (Allocation Failure) 2024-10-09T21:17:28.982+0300: 58.190: [ParNew: 460096K->51072K(460096K), 0.0361870 secs] 3615485K->3233624K(4143232K), 0.0362757 secs] [Times: user=0.02 sys=0.00, real=0.03 secs] 
2024-10-09T21:17:29.014+0300: 58.227: Total time for which application threads were stopped: 0.0365500 seconds, Stopping threads took: 0.0001589 seconds
2024-10-09T21:17:29.202+0300: 58.406: Application time: 0.1794468 seconds
2024-10-09T21:17:29.202+0300: 58.406: [GC (Allocation Failure) 2024-10-09T21:17:29.202+0300: 58.406: [ParNew: 460096K->45440K(460096K), 0.0295324 secs] 3642648K->3252397K(4143232K), 0.0296241 secs] [Times: user=0.03 sys=0.00, real=0.02 secs] 
2024-10-09T21:17:29.218+0300: 58.436: Total time for which application threads were stopped: 0.0298885 seconds, Stopping threads took: 0.0001298 seconds
2024-10-09T21:17:29.422+0300: 58.629: Application time: 0.1930394 seconds
2024-10-09T21:17:29.422+0300: 58.629: [GC (Allocation Failure) 2024-10-09T21:17:29.422+0300: 58.629: [ParNew: 454464K->49426K(460096K), 0.0285243 secs] 3661421K->3272176K(4143232K), 0.0286120 secs] [Times: user=0.03 sys=0.00, real=0.03 secs] 
2024-10-09T21:17:29.454+0300: 58.658: Total time for which application threads were stopped: 0.0288813 seconds, Stopping threads took: 0.0001505 seconds
2024-10-09T21:17:29.626+0300: 58.832: Application time: 0.1740308 seconds
2024-10-09T21:17:29.626+0300: 58.832: [GC (Allocation Failure) 2024-10-09T21:17:29.626+0300: 58.832: [ParNew: 458450K->51072K(460096K), 0.0252333 secs] 3681200K->3283513K(4143232K), 0.0253228 secs] [Times: user=0.06 sys=0.00, real=0.03 secs] 
2024-10-09T21:17:29.653+0300: 58.858: Total time for which application threads were stopped: 0.0256051 seconds, Stopping threads took: 0.0001468 seconds
2024-10-09T21:17:29.815+0300: 59.030: Application time: 0.1726135 seconds
2024-10-09T21:17:29.815+0300: 59.030: [GC (Allocation Failure) 2024-10-09T21:17:29.815+0300: 59.030: [ParNew: 460096K->41882K(460096K), 0.0354188 secs] 3692537K->3310214K(4143232K), 0.0355063 secs] [Times: user=0.03 sys=0.02, real=0.05 secs] 
2024-10-09T21:17:29.862+0300: 59.066: Total time for which application threads were stopped: 0.0357506 seconds, Stopping threads took: 0.0001283 seconds
2024-10-09T21:17:30.054+0300: 59.260: Application time: 0.1943518 seconds
2024-10-09T21:17:30.054+0300: 59.261: [GC (Allocation Failure) 2024-10-09T21:17:30.054+0300: 59.261: [ParNew: 450906K->51072K(460096K), 0.0218628 secs] 3719238K->3321860K(4143232K), 0.0219456 secs] [Times: user=0.01 sys=0.00, real=0.01 secs] 
2024-10-09T21:17:30.066+0300: 59.283: Total time for which application threads were stopped: 0.0221913 seconds, Stopping threads took: 0.0001313 seconds
2024-10-09T21:17:30.255+0300: 59.459: Application time: 0.1761052 seconds
2024-10-09T21:17:30.255+0300: 59.459: [GC (Allocation Failure) 2024-10-09T21:17:30.255+0300: 59.459: [ParNew: 460096K->51072K(460096K), 0.0316045 secs] 3730884K->3338007K(4143232K), 0.0316946 secs] [Times: user=0.05 sys=0.00, real=0.03 secs] 
2024-10-09T21:17:30.285+0300: 59.491: Total time for which application threads were stopped: 0.0319536 seconds, Stopping threads took: 0.0001349 seconds
2024-10-09T21:17:30.458+0300: 59.662: Application time: 0.1709843 seconds
2024-10-09T21:17:30.458+0300: 59.662: [GC (Allocation Failure) 2024-10-09T21:17:30.458+0300: 59.662: [ParNew: 460096K->51072K(460096K), 0.0394371 secs] 3747031K->3373752K(4143232K), 0.0395426 secs] [Times: user=0.00 sys=0.00, real=0.03 secs] 
2024-10-09T21:17:30.489+0300: 59.701: Total time for which application threads were stopped: 0.0398157 seconds, Stopping threads took: 0.0001473 seconds
2024-10-09T21:17:30.678+0300: 59.897: Application time: 0.1953533 seconds
2024-10-09T21:17:30.678+0300: 59.897: [GC (Allocation Failure) 2024-10-09T21:17:30.678+0300: 59.897: [ParNew: 460096K->49898K(460096K), 0.0247222 secs] 3782776K->3383933K(4143232K), 0.0248117 secs] [Times: user=0.01 sys=0.00, real=0.03 secs] 
2024-10-09T21:17:30.710+0300: 59.922: Total time for which application threads were stopped: 0.0250852 seconds, Stopping threads took: 0.0001495 seconds
2024-10-09T21:17:30.898+0300: 60.103: Application time: 0.1814520 seconds
2024-10-09T21:17:30.898+0300: 60.104: [GC (Allocation Failure) 2024-10-09T21:17:30.898+0300: 60.104: [ParNew: 458922K->51072K(460096K), 0.0252069 secs] 3792957K->3394055K(4143232K), 0.0252861 secs] [Times: user=0.02 sys=0.00, real=0.02 secs] 
2024-10-09T21:17:30.914+0300: 60.129: Total time for which application threads were stopped: 0.0255450 seconds, Stopping threads took: 0.0001429 seconds
2024-10-09T21:17:31.086+0300: 60.296: Application time: 0.1667072 seconds
2024-10-09T21:17:31.086+0300: 60.296: [GC (Allocation Failure) 2024-10-09T21:17:31.086+0300: 60.296: [ParNew: 460096K->51072K(460096K), 0.0389546 secs] 3803079K->3431646K(4143232K), 0.0390422 secs] [Times: user=0.02 sys=0.00, real=0.03 secs] 
2024-10-09T21:17:31.120+0300: 60.335: Total time for which application threads were stopped: 0.0393198 seconds, Stopping threads took: 0.0001653 seconds
2024-10-09T21:17:31.120+0300: 60.335: Application time: 0.0000883 seconds
2024-10-09T21:17:31.120+0300: 60.335: [GC (CMS Initial Mark) [1 CMS-initial-mark: 3380574K(3683136K)] 3437019K(4143232K), 0.0044543 secs] [Times: user=0.02 sys=0.00, real=0.01 secs] 
2024-10-09T21:17:31.133+0300: 60.340: Total time for which application threads were stopped: 0.0047147 seconds, Stopping threads took: 0.0001416 seconds
2024-10-09T21:17:31.133+0300: 60.340: [CMS-concurrent-mark-start]
2024-10-09T21:17:31.156+0300: 60.359: [CMS-concurrent-mark: 0.020/0.020 secs] [Times: user=0.02 sys=0.00, real=0.02 secs] 
2024-10-09T21:17:31.156+0300: 60.359: [CMS-concurrent-preclean-start]
2024-10-09T21:17:31.156+0300: 60.363: [CMS-concurrent-preclean: 0.004/0.004 secs] [Times: user=0.00 sys=0.00, real=0.00 secs] 
2024-10-09T21:17:31.156+0300: 60.363: [CMS-concurrent-abortable-preclean-start]
2024-10-09T21:17:31.291+0300: 60.506: [CMS-concurrent-abortable-preclean: 0.143/0.143 secs] [Times: user=0.92 sys=0.00, real=0.13 secs] 
2024-10-09T21:17:31.291+0300: 60.506: Application time: 0.1666289 seconds
2024-10-09T21:17:31.291+0300: 60.507: [GC (CMS Final Remark) [YG occupancy: 361583 K (460096 K)]2024-10-09T21:17:31.291+0300: 60.507: [Rescan (parallel) , 0.0357262 secs]2024-10-09T21:17:31.337+0300: 60.542: [weak refs processing, 0.0000191 secs]2024-10-09T21:17:31.337+0300: 60.542: [class unloading, 0.0021540 secs]2024-10-09T21:17:31.337+0300: 60.545: [scrub symbol table, 0.0007622 secs]2024-10-09T21:17:31.337+0300: 60.545: [scrub string table, 0.0002107 secs][1 CMS-remark: 3380574K(3683136K)] 3742158K(4143232K), 0.0390047 secs] [Times: user=0.08 sys=0.00, real=0.05 secs] 
2024-10-09T21:17:31.337+0300: 60.546: Total time for which application threads were stopped: 0.0392577 seconds, Stopping threads took: 0.0001636 seconds
2024-10-09T21:17:31.337+0300: 60.546: [CMS-concurrent-sweep-start]
2024-10-09T21:17:31.369+0300: 60.587: Application time: 0.0411012 seconds
2024-10-09T21:17:31.369+0300: 60.587: [GC (Allocation Failure) 2024-10-09T21:17:31.369+0300: 60.587: [ParNew: 460096K->49186K(460096K), 0.0242099 secs] 3763491K->3367436K(4143232K), 0.0242958 secs] [Times: user=0.03 sys=0.00, real=0.03 secs] 
2024-10-09T21:17:31.400+0300: 60.611: Total time for which application threads were stopped: 0.0245941 seconds, Stopping threads took: 0.0001800 seconds
2024-10-09T21:17:31.635+0300: 60.838: Application time: 0.2270847 seconds
2024-10-09T21:17:31.635+0300: 60.839: [GC (Allocation Failure) 2024-10-09T21:17:31.635+0300: 60.841: [ParNew: 458210K->51072K(460096K), 0.0240370 secs] 3456249K->3060326K(4143232K), 0.0264793 secs] [Times: user=0.02 sys=0.00, real=0.02 secs] 
2024-10-09T21:17:31.657+0300: 60.865: Total time for which application threads were stopped: 0.0267898 seconds, Stopping threads took: 0.0001643 seconds
2024-10-09T21:17:31.871+0300: 61.078: Application time: 0.2124187 seconds
2024-10-09T21:17:31.871+0300: 61.078: [GC (Allocation Failure) 2024-10-09T21:17:31.871+0300: 61.078: [ParNew: 460096K->51072K(460096K), 0.0260220 secs] 3176330K->2782428K(4143232K), 0.0261137 secs] [Times: user=0.01 sys=0.00, real=0.02 secs] 
2024-10-09T21:17:31.887+0300: 61.104: Total time for which application threads were stopped: 0.0264255 seconds, Stopping threads took: 0.0001882 seconds
2024-10-09T21:17:32.106+0300: 61.317: Application time: 0.2130977 seconds
2024-10-09T21:17:32.106+0300: 61.317: [GC (Allocation Failure) 2024-10-09T21:17:32.106+0300: 61.317: [ParNew: 460096K->51072K(460096K), 0.0274201 secs] 2912728K->2523021K(4143232K), 0.0275053 secs] [Times: user=0.03 sys=0.00, real=0.03 secs] 
2024-10-09T21:17:32.138+0300: 61.345: Total time for which application threads were stopped: 0.0278426 seconds, Stopping threads took: 0.0002073 seconds
2024-10-09T21:17:32.327+0300: 61.540: Application time: 0.1945865 seconds
2024-10-09T21:17:32.327+0300: 61.540: [GC (Allocation Failure) 2024-10-09T21:17:32.327+0300: 61.540: [ParNew: 460096K->51072K(460096K), 0.0282389 secs] 2695876K->2312872K(4143232K), 0.0283274 secs] [Times: user=0.05 sys=0.00, real=0.03 secs] 
2024-10-09T21:17:32.359+0300: 61.568: Total time for which application threads were stopped: 0.0286213 seconds, Stopping threads took: 0.0001731 seconds
2024-10-09T21:17:32.578+0300: 61.791: Application time: 0.2226017 seconds
2024-10-09T21:17:32.578+0300: 61.791: [GC (Allocation Failure) 2024-10-09T21:17:32.578+0300: 61.791: [ParNew: 460096K->47454K(460096K), 0.0289144 secs] 2443552K->2054154K(4143232K), 0.0290008 secs] [Times: user=0.03 sys=0.00, real=0.03 secs] 
2024-10-09T21:17:32.609+0300: 61.820: Total time for which application threads were stopped: 0.0292985 seconds, Stopping threads took: 0.0001685 seconds
2024-10-09T21:17:32.828+0300: 62.043: Application time: 0.2229436 seconds
2024-10-09T21:17:32.828+0300: 62.043: [GC (Allocation Failure) 2024-10-09T21:17:32.828+0300: 62.043: [ParNew: 456478K->51072K(460096K), 0.0236304 secs] 2179297K->1785930K(4143232K), 0.0237229 secs] [Times: user=0.03 sys=0.00, real=0.03 secs] 
2024-10-09T21:17:32.860+0300: 62.067: Total time for which application threads were stopped: 0.0240036 seconds, Stopping threads took: 0.0001605 seconds
2024-10-09T21:17:33.064+0300: 62.272: Application time: 0.2054473 seconds
2024-10-09T21:17:33.064+0300: 62.273: [GC (Allocation Failure) 2024-10-09T21:17:33.064+0300: 62.273: [ParNew: 460096K->51072K(460096K), 0.0304865 secs] 1969243K->1585141K(4143232K), 0.0305768 secs] [Times: user=0.03 sys=0.00, real=0.03 secs] 
2024-10-09T21:17:33.095+0300: 62.303: Total time for which application threads were stopped: 0.0308396 seconds, Stopping threads took: 0.0001341 seconds
2024-10-09T21:17:33.299+0300: 62.508: Application time: 0.2050988 seconds
2024-10-09T21:17:33.299+0300: 62.509: [GC (Allocation Failure) 2024-10-09T21:17:33.299+0300: 62.509: [ParNew: 460096K->51072K(460096K), 0.0257558 secs] 1771458K->1377898K(4143232K), 0.0258406 secs] [Times: user=0.02 sys=0.00, real=0.03 secs] 
2024-10-09T21:17:33.331+0300: 62.535: Total time for which application threads were stopped: 0.0261428 seconds, Stopping threads took: 0.0001693 seconds
2024-10-09T21:17:33.535+0300: 62.753: Application time: 0.2185329 seconds
2024-10-09T21:17:33.535+0300: 62.753: [GC (Allocation Failure) 2024-10-09T21:17:33.550+0300: 62.753: [ParNew: 460096K->45688K(460096K), 0.0325313 secs] 1535323K->1152339K(4143232K), 0.0326760 secs] [Times: user=0.08 sys=0.00, real=0.05 secs] 
2024-10-09T21:17:33.582+0300: 62.786: Total time for which application threads were stopped: 0.0329684 seconds, Stopping threads took: 0.0001495 seconds
2024-10-09T21:17:33.802+0300: 63.009: Application time: 0.2226290 seconds
2024-10-09T21:17:33.802+0300: 63.009: [GC (Allocation Failure) 2024-10-09T21:17:33.802+0300: 63.009: [ParNew: 454712K->51072K(460096K), 0.0236000 secs] 1321783K->929266K(4143232K), 0.0236863 secs] [Times: user=0.02 sys=0.00, real=0.01 secs] 
2024-10-09T21:17:33.817+0300: 63.033: Total time for which application threads were stopped: 0.0239593 seconds, Stopping threads took: 0.0001542 seconds
2024-10-09T21:17:34.022+0300: 63.232: Application time: 0.1994214 seconds
2024-10-09T21:17:34.022+0300: 63.232: [GC (Allocation Failure) 2024-10-09T21:17:34.022+0300: 63.232: [ParNew: 460096K->51072K(460096K), 0.0284652 secs] 1117077K->727657K(4143232K), 0.0285498 secs] [Times: user=0.03 sys=0.00, real=0.03 secs] 
2024-10-09T21:17:34.053+0300: 63.261: Total time for which application threads were stopped: 0.0288299 seconds, Stopping threads took: 0.0001607 seconds
2024-10-09T21:17:34.262+0300: 63.466: Application time: 0.2052626 seconds
2024-10-09T21:17:34.262+0300: 63.466: [GC (Allocation Failure) 2024-10-09T21:17:34.262+0300: 63.466: [ParNew: 460096K->51072K(460096K), 0.0301703 secs] 908699K->528219K(4143232K), 0.0302525 secs] [Times: user=0.02 sys=0.00, real=0.03 secs] 
2024-10-09T21:17:34.289+0300: 63.497: Total time for which application threads were stopped: 0.0304968 seconds, Stopping threads took: 0.0001312 seconds
2024-10-09T21:17:34.430+0300: 63.648: [CMS-concurrent-sweep: 2.741/3.102 secs] [Times: user=15.94 sys=0.06, real=3.09 secs] 
2024-10-09T21:17:34.430+0300: 63.648: [CMS-concurrent-reset-start]
2024-10-09T21:17:34.446+0300: 63.656: [CMS-concurrent-reset: 0.008/0.008 secs] [Times: user=0.09 sys=0.00, real=0.02 secs] 
2024-10-09T21:17:34.509+0300: 63.715: Application time: 0.2182467 seconds
2024-10-09T21:17:34.509+0300: 63.715: [GC (Allocation Failure) 2024-10-09T21:17:34.509+0300: 63.715: [ParNew: 460096K->51072K(460096K), 0.0285517 secs] 751543K->361305K(4143232K), 0.0286531 secs] [Times: user=0.09 sys=0.02, real=0.03 secs] 
2024-10-09T21:17:34.540+0300: 63.744: Total time for which application threads were stopped: 0.0289599 seconds, Stopping threads took: 0.0001698 seconds
2024-10-09T21:17:34.713+0300: 63.918: Application time: 0.1743485 seconds
2024-10-09T21:17:34.713+0300: 63.918: [GC (Allocation Failure) 2024-10-09T21:17:34.713+0300: 63.919: [ParNew: 460096K->51072K(460096K), 0.0265702 secs] 770329K->378528K(4143232K), 0.0266562 secs] [Times: user=0.01 sys=0.00, real=0.02 secs] 
2024-10-09T21:17:34.729+0300: 63.945: Total time for which application threads were stopped: 0.0269201 seconds, Stopping threads took: 0.0001445 seconds
2024-10-09T21:17:34.901+0300: 64.119: Application time: 0.1737413 seconds
2024-10-09T21:17:34.901+0300: 64.119: [GC (Allocation Failure) 2024-10-09T21:17:34.901+0300: 64.119: [ParNew: 460096K->46596K(460096K), 0.0303065 secs] 787552K->400759K(4143232K), 0.0303916 secs] [Times: user=0.03 sys=0.00, real=0.03 secs] 
2024-10-09T21:17:34.933+0300: 64.150: Total time for which application threads were stopped: 0.0306707 seconds, Stopping threads took: 0.0001639 seconds
2024-10-09T21:17:35.120+0300: 64.326: Application time: 0.1766177 seconds
2024-10-09T21:17:35.120+0300: 64.326: [GC (Allocation Failure) 2024-10-09T21:17:35.120+0300: 64.326: [ParNew: 455620K->51072K(460096K), 0.0260488 secs] 809783K->424689K(4143232K), 0.0261332 secs] [Times: user=0.01 sys=0.00, real=0.02 secs] 
2024-10-09T21:17:35.136+0300: 64.353: Total time for which application threads were stopped: 0.0264042 seconds, Stopping threads took: 0.0001507 seconds
2024-10-09T21:17:35.324+0300: 64.528: Application time: 0.1756858 seconds
2024-10-09T21:17:35.324+0300: 64.529: [GC (Allocation Failure) 2024-10-09T21:17:35.324+0300: 64.529: [ParNew: 460096K->51072K(460096K), 0.0270009 secs] 833713K->441555K(4143232K), 0.0270839 secs] [Times: user=0.01 sys=0.00, real=0.02 secs] 
2024-10-09T21:17:35.341+0300: 64.556: Total time for which application threads were stopped: 0.0274175 seconds, Stopping threads took: 0.0001987 seconds
2024-10-09T21:17:35.529+0300: 64.745: Application time: 0.1891127 seconds
2024-10-09T21:17:35.529+0300: 64.745: [GC (Allocation Failure) 2024-10-09T21:17:35.529+0300: 64.745: [ParNew: 460096K->51072K(460096K), 0.0302044 secs] 850579K->469483K(4143232K), 0.0303038 secs] [Times: user=0.06 sys=0.00, real=0.04 secs] 
2024-10-09T21:17:35.565+0300: 64.775: Total time for which application threads were stopped: 0.0305756 seconds, Stopping threads took: 0.0001263 seconds
2024-10-09T21:17:35.733+0300: 64.951: Application time: 0.1760419 seconds
2024-10-09T21:17:35.733+0300: 64.952: [GC (Allocation Failure) 2024-10-09T21:17:35.733+0300: 64.952: [ParNew: 460096K->51072K(460096K), 0.0302128 secs] 878507K->494265K(4143232K), 0.0303040 secs] [Times: user=0.03 sys=0.00, real=0.03 secs] 
2024-10-09T21:17:35.766+0300: 64.982: Total time for which application threads were stopped: 0.0306054 seconds, Stopping threads took: 0.0001734 seconds
2024-10-09T21:17:35.966+0300: 65.169: Application time: 0.1872851 seconds
2024-10-09T21:17:35.966+0300: 65.170: [GC (Allocation Failure) 2024-10-09T21:17:35.966+0300: 65.170: [ParNew: 460096K->51072K(460096K), 0.0297545 secs] 903289K->520574K(4143232K), 0.0298425 secs] [Times: user=0.02 sys=0.00, real=0.02 secs] 
2024-10-09T21:17:35.985+0300: 65.199: Total time for which application threads were stopped: 0.0300932 seconds, Stopping threads took: 0.0001364 seconds
2024-10-09T21:17:36.166+0300: 65.375: Application time: 0.1755416 seconds
2024-10-09T21:17:36.166+0300: 65.375: [GC (Allocation Failure) 2024-10-09T21:17:36.166+0300: 65.375: [ParNew: 460096K->51072K(460096K), 0.0242962 secs] 929598K->537057K(4143232K), 0.0243865 secs] [Times: user=0.01 sys=0.00, real=0.02 secs] 
2024-10-09T21:17:36.189+0300: 65.400: Total time for which application threads were stopped: 0.0246574 seconds, Stopping threads took: 0.0001486 seconds
2024-10-09T21:17:36.367+0300: 65.577: Application time: 0.1776498 seconds
2024-10-09T21:17:36.367+0300: 65.578: [GC (Allocation Failure) 2024-10-09T21:17:36.367+0300: 65.578: [ParNew: 460096K->51072K(460096K), 0.0249199 secs] 946081K->553507K(4143232K), 0.0250100 secs] [Times: user=0.03 sys=0.00, real=0.02 secs] 
2024-10-09T21:17:36.392+0300: 65.603: Total time for which application threads were stopped: 0.0252656 seconds, Stopping threads took: 0.0001402 seconds
2024-10-09T21:17:36.580+0300: 65.785: Application time: 0.1819907 seconds
2024-10-09T21:17:36.580+0300: 65.785: [GC (Allocation Failure) 2024-10-09T21:17:36.580+0300: 65.785: [ParNew: 460096K->51072K(460096K), 0.0249593 secs] 962531K->570631K(4143232K), 0.0250610 secs] [Times: user=0.02 sys=0.00, real=0.02 secs] 
2024-10-09T21:17:36.596+0300: 65.810: Total time for which application threads were stopped: 0.0253371 seconds, Stopping threads took: 0.0001433 seconds
2024-10-09T21:17:36.770+0300: 65.987: Application time: 0.1768686 seconds
2024-10-09T21:17:36.770+0300: 65.987: [GC (Allocation Failure) 2024-10-09T21:17:36.770+0300: 65.987: [ParNew: 460096K->51072K(460096K), 0.0261367 secs] 979655K->589762K(4143232K), 0.0262272 secs] [Times: user=0.03 sys=0.00, real=0.03 secs] 
2024-10-09T21:17:36.801+0300: 66.013: Total time for which application threads were stopped: 0.0264703 seconds, Stopping threads took: 0.0001246 seconds
2024-10-09T21:17:36.989+0300: 66.193: Application time: 0.1796146 seconds
2024-10-09T21:17:36.989+0300: 66.193: [GC (Allocation Failure) 2024-10-09T21:17:36.989+0300: 66.193: [ParNew: 460096K->51072K(460096K), 0.0241891 secs] 998786K->603545K(4143232K), 0.0242746 secs] [Times: user=0.02 sys=0.00, real=0.02 secs] 
2024-10-09T21:17:37.005+0300: 66.217: Total time for which application threads were stopped: 0.0245330 seconds, Stopping threads took: 0.0001437 seconds
2024-10-09T21:17:37.178+0300: 66.396: Application time: 0.1785897 seconds
2024-10-09T21:17:37.178+0300: 66.396: [GC (Allocation Failure) 2024-10-09T21:17:37.178+0300: 66.396: [ParNew: 460096K->50993K(460096K), 0.0250353 secs] 1012569K->621182K(4143232K), 0.0251210 secs] [Times: user=0.03 sys=0.00, real=0.03 secs] 
2024-10-09T21:17:37.209+0300: 66.421: Total time for which application threads were stopped: 0.0253913 seconds, Stopping threads took: 0.0001526 seconds
2024-10-09T21:17:37.397+0300: 66.609: Application time: 0.1873039 seconds
2024-10-09T21:17:37.397+0300: 66.609: [GC (Allocation Failure) 2024-10-09T21:17:37.397+0300: 66.609: [ParNew: 460017K->51072K(460096K), 0.0268566 secs] 1030206K->641016K(4143232K), 0.0269469 secs] [Times: user=0.05 sys=0.00, real=0.03 secs] 
2024-10-09T21:17:37.429+0300: 66.636: Total time for which application threads were stopped: 0.0272232 seconds, Stopping threads took: 0.0001571 seconds
2024-10-09T21:17:37.601+0300: 66.818: Application time: 0.1824193 seconds
2024-10-09T21:17:37.601+0300: 66.819: [GC (Allocation Failure) 2024-10-09T21:17:37.601+0300: 66.819: [ParNew: 460096K->51072K(460096K), 0.0236220 secs] 1050040K->651724K(4143232K), 0.0237087 secs] [Times: user=0.05 sys=0.00, real=0.03 secs] 
2024-10-09T21:17:37.632+0300: 66.842: Total time for which application threads were stopped: 0.0239807 seconds, Stopping threads took: 0.0001469 seconds
2024-10-09T21:17:37.805+0300: 67.014: Application time: 0.1716699 seconds
2024-10-09T21:17:37.805+0300: 67.014: [GC (Allocation Failure) 2024-10-09T21:17:37.805+0300: 67.014: [ParNew: 460096K->47404K(460096K), 0.0250185 secs] 1060748K->668553K(4143232K), 0.0251098 secs] [Times: user=0.03 sys=0.00, real=0.03 secs] 
2024-10-09T21:17:37.836+0300: 67.039: Total time for which application threads were stopped: 0.0253449 seconds, Stopping threads took: 0.0001258 seconds
2024-10-09T21:17:38.009+0300: 67.218: Application time: 0.1790834 seconds
2024-10-09T21:17:38.009+0300: 67.219: [GC (Allocation Failure) 2024-10-09T21:17:38.009+0300: 67.219: [ParNew: 456428K->51072K(460096K), 0.0248785 secs] 1077577K->688957K(4143232K), 0.0249609 secs] [Times: user=0.03 sys=0.00, real=0.03 secs] 
2024-10-09T21:17:38.040+0300: 67.244: Total time for which application threads were stopped: 0.0252251 seconds, Stopping threads took: 0.0001470 seconds
2024-10-09T21:17:38.214+0300: 67.422: Application time: 0.1782378 seconds
2024-10-09T21:17:38.214+0300: 67.422: [GC (Allocation Failure) 2024-10-09T21:17:38.214+0300: 67.422: [ParNew: 460096K->51072K(460096K), 0.0316559 secs] 1097981K->713219K(4143232K), 0.0317472 secs] [Times: user=0.03 sys=0.00, real=0.03 secs] 
2024-10-09T21:17:38.245+0300: 67.454: Total time for which application threads were stopped: 0.0320066 seconds, Stopping threads took: 0.0001394 seconds
2024-10-09T21:17:38.418+0300: 67.626: Application time: 0.1720474 seconds
2024-10-09T21:17:38.418+0300: 67.626: [GC (Allocation Failure) 2024-10-09T21:17:38.418+0300: 67.626: [ParNew: 460096K->51072K(460096K), 0.0295521 secs] 1122243K->740382K(4143232K), 0.0296389 secs] [Times: user=0.01 sys=0.00, real=0.03 secs] 
2024-10-09T21:17:38.449+0300: 67.656: Total time for which application threads were stopped: 0.0298809 seconds, Stopping threads took: 0.0001284 seconds
2024-10-09T21:17:38.637+0300: 67.843: Application time: 0.1873967 seconds
2024-10-09T21:17:38.637+0300: 67.843: [GC (Allocation Failure) 2024-10-09T21:17:38.637+0300: 67.844: [ParNew: 460096K->51072K(460096K), 0.0255530 secs] 1149406K->760202K(4143232K), 0.0256468 secs] [Times: user=0.02 sys=0.00, real=0.02 secs] 
2024-10-09T21:17:38.653+0300: 67.869: Total time for which application threads were stopped: 0.0259442 seconds, Stopping threads took: 0.0001628 seconds
2024-10-09T21:17:38.841+0300: 68.050: Application time: 0.1810285 seconds
2024-10-09T21:17:38.841+0300: 68.050: [GC (Allocation Failure) 2024-10-09T21:17:38.841+0300: 68.050: [ParNew: 460096K->51072K(460096K), 0.0243093 secs] 1169226K->772035K(4143232K), 0.0243892 secs] [Times: user=0.01 sys=0.00, real=0.02 secs] 
2024-10-09T21:17:38.857+0300: 68.075: Total time for which application threads were stopped: 0.0246469 seconds, Stopping threads took: 0.0001429 seconds
2024-10-09T21:17:39.045+0300: 68.249: Application time: 0.1740049 seconds
2024-10-09T21:17:39.045+0300: 68.249: [GC (Allocation Failure) 2024-10-09T21:17:39.045+0300: 68.249: [ParNew: 460096K->51072K(460096K), 0.0325008 secs] 1181059K->799786K(4143232K), 0.0325941 secs] [Times: user=0.03 sys=0.00, real=0.03 secs] 
2024-10-09T21:17:39.077+0300: 68.282: Total time for which application threads were stopped: 0.0328814 seconds, Stopping threads took: 0.0001512 seconds
2024-10-09T21:17:39.249+0300: 68.464: Application time: 0.1818713 seconds
2024-10-09T21:17:39.249+0300: 68.464: [GC (Allocation Failure) 2024-10-09T21:17:39.249+0300: 68.464: [ParNew: 460096K->51072K(460096K), 0.0263070 secs] 1208810K->822752K(4143232K), 0.0263929 secs] [Times: user=0.03 sys=0.00, real=0.03 secs] 
2024-10-09T21:17:39.281+0300: 68.490: Total time for which application threads were stopped: 0.0266432 seconds, Stopping threads took: 0.0001379 seconds
2024-10-09T21:17:39.474+0300: 68.681: Application time: 0.1911569 seconds
2024-10-09T21:17:39.474+0300: 68.682: [GC (Allocation Failure) 2024-10-09T21:17:39.474+0300: 68.682: [ParNew: 460096K->51072K(460096K), 0.0248215 secs] 1231776K->832904K(4143232K), 0.0249081 secs] [Times: user=0.09 sys=0.00, real=0.03 secs] 
2024-10-09T21:17:39.501+0300: 68.707: Total time for which application threads were stopped: 0.0252530 seconds, Stopping threads took: 0.0002114 seconds
2024-10-09T21:17:39.689+0300: 68.894: Application time: 0.1872957 seconds
2024-10-09T21:17:39.689+0300: 68.894: [GC (Allocation Failure) 2024-10-09T21:17:39.689+0300: 68.894: [ParNew: 460096K->51072K(460096K), 0.0308351 secs] 1241928K->862006K(4143232K), 0.0309187 secs] [Times: user=0.02 sys=0.00, real=0.03 secs] 
2024-10-09T21:17:39.720+0300: 68.925: Total time for which application threads were stopped: 0.0311501 seconds, Stopping threads took: 0.0001060 seconds
2024-10-09T21:17:39.893+0300: 69.098: Application time: 0.1728523 seconds
2024-10-09T21:17:39.893+0300: 69.098: [GC (Allocation Failure) 2024-10-09T21:17:39.893+0300: 69.100: [ParNew: 460096K->51072K(460096K), 0.0244052 secs] 1271030K->877079K(4143232K), 0.0267367 secs] [Times: user=0.02 sys=0.00, real=0.02 secs] 
2024-10-09T21:17:39.909+0300: 69.125: Total time for which application threads were stopped: 0.0269806 seconds, Stopping threads took: 0.0001259 seconds
2024-10-09T21:17:40.097+0300: 69.305: Application time: 0.1803411 seconds
2024-10-09T21:17:40.097+0300: 69.306: [GC (Allocation Failure) 2024-10-09T21:17:40.097+0300: 69.306: [ParNew: 460096K->51072K(460096K), 0.0292698 secs] 1286103K->902150K(4143232K), 0.0293629 secs] [Times: user=0.03 sys=0.00, real=0.03 secs] 
2024-10-09T21:17:40.128+0300: 69.335: Total time for which application threads were stopped: 0.0296238 seconds, Stopping threads took: 0.0001462 seconds
2024-10-09T21:17:40.301+0300: 69.513: Application time: 0.1781510 seconds
2024-10-09T21:17:40.301+0300: 69.513: [GC (Allocation Failure) 2024-10-09T21:17:40.301+0300: 69.513: [ParNew: 460096K->51072K(460096K), 0.0239747 secs] 1311174K->917047K(4143232K), 0.0240655 secs] [Times: user=0.03 sys=0.00, real=0.03 secs] 
2024-10-09T21:17:40.332+0300: 69.537: Total time for which application threads were stopped: 0.0243385 seconds, Stopping threads took: 0.0001498 seconds
2024-10-09T21:17:40.505+0300: 69.716: Application time: 0.1782218 seconds
2024-10-09T21:17:40.505+0300: 69.716: [GC (Allocation Failure) 2024-10-09T21:17:40.505+0300: 69.716: [ParNew: 460096K->51072K(460096K), 0.0266321 secs] 1326071K->935028K(4143232K), 0.0267236 secs] [Times: user=0.05 sys=0.00, real=0.03 secs] 
2024-10-09T21:17:40.536+0300: 69.743: Total time for which application threads were stopped: 0.0270011 seconds, Stopping threads took: 0.0001397 seconds
2024-10-09T21:17:40.716+0300: 69.920: Application time: 0.1773170 seconds
2024-10-09T21:17:40.716+0300: 69.920: [GC (Allocation Failure) 2024-10-09T21:17:40.716+0300: 69.920: [ParNew: 460096K->44441K(460096K), 0.0262999 secs] 1344052K->949212K(4143232K), 0.0263826 secs] [Times: user=0.01 sys=0.00, real=0.02 secs] 
2024-10-09T21:17:40.741+0300: 69.947: Total time for which application threads were stopped: 0.0266337 seconds, Stopping threads took: 0.0001358 seconds
2024-10-09T21:17:40.914+0300: 70.129: Application time: 0.1820739 seconds
2024-10-09T21:17:40.914+0300: 70.129: [GC (Allocation Failure) 2024-10-09T21:17:40.914+0300: 70.129: [ParNew: 453465K->51072K(460096K), 0.0252463 secs] 1358236K->971327K(4143232K), 0.0253303 secs] [Times: user=0.03 sys=0.00, real=0.03 secs] 
2024-10-09T21:17:40.945+0300: 70.154: Total time for which application threads were stopped: 0.0256106 seconds, Stopping threads took: 0.0001644 seconds
2024-10-09T21:17:41.118+0300: 70.331: Application time: 0.1763818 seconds
2024-10-09T21:17:41.118+0300: 70.331: [GC (Allocation Failure) 2024-10-09T21:17:41.118+0300: 70.331: [ParNew: 460096K->51072K(460096K), 0.0229104 secs] 1380351K->982694K(4143232K), 0.0229911 secs] [Times: user=0.03 sys=0.00, real=0.03 secs] 
2024-10-09T21:17:41.149+0300: 70.354: Total time for which application threads were stopped: 0.0232450 seconds, Stopping threads took: 0.0001411 seconds
2024-10-09T21:17:41.322+0300: 70.530: Application time: 0.1756459 seconds
2024-10-09T21:17:41.322+0300: 70.530: [GC (Allocation Failure) 2024-10-09T21:17:41.322+0300: 70.530: [ParNew: 460096K->51072K(460096K), 0.0231239 secs] 1391718K->996737K(4143232K), 0.0232303 secs] [Times: user=0.02 sys=0.00, real=0.02 secs] 
2024-10-09T21:17:41.338+0300: 70.553: Total time for which application threads were stopped: 0.0234890 seconds, Stopping threads took: 0.0001322 seconds
2024-10-09T21:17:41.526+0300: 70.740: Application time: 0.1869232 seconds
2024-10-09T21:17:41.526+0300: 70.740: [GC (Allocation Failure) 2024-10-09T21:17:41.526+0300: 70.740: [ParNew: 460096K->51072K(460096K), 0.0269086 secs] 1405761K->1015519K(4143232K), 0.0269967 secs] [Times: user=0.03 sys=0.00, real=0.03 secs] 
2024-10-09T21:17:41.557+0300: 70.767: Total time for which application threads were stopped: 0.0273113 seconds, Stopping threads took: 0.0001818 seconds
2024-10-09T21:17:41.730+0300: 70.944: Application time: 0.1765863 seconds
2024-10-09T21:17:41.730+0300: 70.944: [GC (Allocation Failure) 2024-10-09T21:17:41.730+0300: 70.944: [ParNew: 460096K->51072K(460096K), 0.0255431 secs] 1424543K->1031656K(4143232K), 0.0256372 secs] [Times: user=0.03 sys=0.00, real=0.03 secs] 
2024-10-09T21:17:41.761+0300: 70.970: Total time for which application threads were stopped: 0.0258969 seconds, Stopping threads took: 0.0001417 seconds
2024-10-09T21:17:41.935+0300: 71.151: Application time: 0.1808913 seconds
2024-10-09T21:17:41.935+0300: 71.151: [GC (Allocation Failure) 2024-10-09T21:17:41.935+0300: 71.151: [ParNew: 460096K->50932K(460096K), 0.0266208 secs] 1440680K->1051354K(4143232K), 0.0267065 secs] [Times: user=0.03 sys=0.00, real=0.03 secs] 
2024-10-09T21:17:41.966+0300: 71.178: Total time for which application threads were stopped: 0.0269606 seconds, Stopping threads took: 0.0001436 seconds
2024-10-09T21:17:42.139+0300: 71.353: Application time: 0.1749034 seconds
2024-10-09T21:17:42.139+0300: 71.353: [GC (Allocation Failure) 2024-10-09T21:17:42.139+0300: 71.353: [ParNew: 459956K->51072K(460096K), 0.0235153 secs] 1460378K->1066071K(4143232K), 0.0236040 secs] [Times: user=0.03 sys=0.00, real=0.03 secs] 
2024-10-09T21:17:42.173+0300: 71.376: Total time for which application threads were stopped: 0.0238419 seconds, Stopping threads took: 0.0001217 seconds
2024-10-09T21:17:42.342+0300: 71.557: Application time: 0.1808964 seconds
2024-10-09T21:17:42.342+0300: 71.558: [GC (Allocation Failure) 2024-10-09T21:17:42.342+0300: 71.558: [ParNew: 460096K->51072K(460096K), 0.0244638 secs] 1475095K->1080584K(4143232K), 0.0245581 secs] [Times: user=0.05 sys=0.00, real=0.03 secs] 
2024-10-09T21:17:42.374+0300: 71.582: Total time for which application threads were stopped: 0.0248212 seconds, Stopping threads took: 0.0001417 seconds
2024-10-09T21:17:42.562+0300: 71.771: Application time: 0.1893286 seconds
2024-10-09T21:17:42.562+0300: 71.772: [GC (Allocation Failure) 2024-10-09T21:17:42.562+0300: 71.772: [ParNew: 460096K->51072K(460096K), 0.0251514 secs] 1489608K->1097032K(4143232K), 0.0252434 secs] [Times: user=0.03 sys=0.00, real=0.03 secs] 
2024-10-09T21:17:42.594+0300: 71.797: Total time for which application threads were stopped: 0.0255558 seconds, Stopping threads took: 0.0001630 seconds
2024-10-09T21:17:42.766+0300: 71.974: Application time: 0.1773755 seconds
2024-10-09T21:17:42.766+0300: 71.975: [GC (Allocation Failure) 2024-10-09T21:17:42.766+0300: 71.975: [ParNew: 460096K->51072K(460096K), 0.0244828 secs] 1506056K->1112611K(4143232K), 0.0245730 secs] [Times: user=0.02 sys=0.00, real=0.02 secs] 
2024-10-09T21:17:42.782+0300: 71.999: Total time for which application threads were stopped: 0.0248421 seconds, Stopping threads took: 0.0001533 seconds
2024-10-09T21:17:42.970+0300: 72.178: Application time: 0.1788334 seconds
2024-10-09T21:17:42.970+0300: 72.178: [GC (Allocation Failure) 2024-10-09T21:17:42.970+0300: 72.178: [ParNew: 460096K->50345K(460096K), 0.0262382 secs] 1521635K->1130169K(4143232K), 0.0263185 secs] [Times: user=0.02 sys=0.00, real=0.02 secs] 
2024-10-09T21:17:42.986+0300: 72.205: Total time for which application threads were stopped: 0.0265793 seconds, Stopping threads took: 0.0001488 seconds
2024-10-09T21:17:43.182+0300: 72.385: Application time: 0.1804590 seconds
2024-10-09T21:17:43.182+0300: 72.385: [GC (Allocation Failure) 2024-10-09T21:17:43.182+0300: 72.385: [ParNew: 459369K->51072K(460096K), 0.0273609 secs] 1539193K->1153092K(4143232K), 0.0274493 secs] [Times: user=0.00 sys=0.00, real=0.02 secs] 
2024-10-09T21:17:43.206+0300: 72.413: Total time for which application threads were stopped: 0.0276988 seconds, Stopping threads took: 0.0001280 seconds
2024-10-09T21:17:43.378+0300: 72.585: Application time: 0.1717943 seconds
2024-10-09T21:17:43.378+0300: 72.585: [GC (Allocation Failure) 2024-10-09T21:17:43.378+0300: 72.585: [ParNew: 460096K->51072K(460096K), 0.0253625 secs] 1562116K->1168412K(4143232K), 0.0254504 secs] [Times: user=0.02 sys=0.00, real=0.02 secs] 
2024-10-09T21:17:43.394+0300: 72.610: Total time for which application threads were stopped: 0.0256845 seconds, Stopping threads took: 0.0001222 seconds
2024-10-09T21:17:43.583+0300: 72.799: Application time: 0.1884739 seconds
2024-10-09T21:17:43.583+0300: 72.799: [GC (Allocation Failure) 2024-10-09T21:17:43.583+0300: 72.799: [ParNew: 460096K->51072K(460096K), 0.0309501 secs] 1577436K->1196732K(4143232K), 0.0310474 secs] [Times: user=0.05 sys=0.00, real=0.03 secs] 
2024-10-09T21:17:43.614+0300: 72.830: Total time for which application threads were stopped: 0.0314172 seconds, Stopping threads took: 0.0002242 seconds
2024-10-09T21:17:43.802+0300: 73.011: Application time: 0.1807637 seconds
2024-10-09T21:17:43.802+0300: 73.011: [GC (Allocation Failure) 2024-10-09T21:17:43.802+0300: 73.011: [ParNew: 460096K->51072K(460096K), 0.0235719 secs] 1605756K->1211520K(4143232K), 0.0236611 secs] [Times: user=0.02 sys=0.00, real=0.02 secs] 
2024-10-09T21:17:43.818+0300: 73.035: Total time for which application threads were stopped: 0.0239302 seconds, Stopping threads took: 0.0001543 seconds
2024-10-09T21:17:43.991+0300: 73.206: Application time: 0.1714946 seconds
2024-10-09T21:17:43.991+0300: 73.207: [GC (Allocation Failure) 2024-10-09T21:17:43.991+0300: 73.207: [ParNew: 460096K->51072K(460096K), 0.0298266 secs] 1620544K->1235234K(4143232K), 0.0299177 secs] [Times: user=0.03 sys=0.00, real=0.03 secs] 
2024-10-09T21:17:44.022+0300: 73.237: Total time for which application threads were stopped: 0.0301926 seconds, Stopping threads took: 0.0001535 seconds
2024-10-09T21:17:44.210+0300: 73.414: Application time: 0.1772215 seconds
2024-10-09T21:17:44.210+0300: 73.414: [GC (Allocation Failure) 2024-10-09T21:17:44.210+0300: 73.414: [ParNew: 460096K->47590K(460096K), 0.0250496 secs] 1644258K->1250298K(4143232K), 0.0251363 secs] [Times: user=0.02 sys=0.00, real=0.02 secs] 
2024-10-09T21:17:44.226+0300: 73.439: Total time for which application threads were stopped: 0.0253377 seconds, Stopping threads took: 0.0000829 seconds
2024-10-09T21:17:44.414+0300: 73.626: Application time: 0.1868985 seconds
2024-10-09T21:17:44.414+0300: 73.626: [GC (Allocation Failure) 2024-10-09T21:17:44.414+0300: 73.626: [ParNew: 456614K->51072K(460096K), 0.0267487 secs] 1659322K->1272501K(4143232K), 0.0268324 secs] [Times: user=0.03 sys=0.00, real=0.03 secs] 
2024-10-09T21:17:44.445+0300: 73.653: Total time for which application threads were stopped: 0.0271170 seconds, Stopping threads took: 0.0001678 seconds
2024-10-09T21:17:44.618+0300: 73.833: Application time: 0.1803115 seconds
2024-10-09T21:17:44.618+0300: 73.834: [GC (Allocation Failure) 2024-10-09T21:17:44.618+0300: 73.834: [ParNew: 460096K->51072K(460096K), 0.0231179 secs] 1681525K->1283600K(4143232K), 0.0232068 secs] [Times: user=0.03 sys=0.00, real=0.03 secs] 
2024-10-09T21:17:44.649+0300: 73.857: Total time for which application threads were stopped: 0.0235280 seconds, Stopping threads took: 0.0001950 seconds
2024-10-09T21:17:44.822+0300: 74.036: Application time: 0.1791696 seconds
2024-10-09T21:17:44.822+0300: 74.036: [GC (Allocation Failure) 2024-10-09T21:17:44.822+0300: 74.036: [ParNew: 460096K->51072K(460096K), 0.0250181 secs] 1692624K->1301459K(4143232K), 0.0251057 secs] [Times: user=0.03 sys=0.00, real=0.03 secs] 
2024-10-09T21:17:44.853+0300: 74.062: Total time for which application threads were stopped: 0.0253574 seconds, Stopping threads took: 0.0001360 seconds
2024-10-09T21:17:45.042+0300: 74.249: Application time: 0.1876832 seconds
2024-10-09T21:17:45.042+0300: 74.249: [GC (Allocation Failure) 2024-10-09T21:17:45.042+0300: 74.249: [ParNew: 460096K->51072K(460096K), 0.0263279 secs] 1710483K->1322494K(4143232K), 0.0264144 secs] [Times: user=0.02 sys=0.00, real=0.02 secs] 
2024-10-09T21:17:45.058+0300: 74.276: Total time for which application threads were stopped: 0.0266757 seconds, Stopping threads took: 0.0001365 seconds
2024-10-09T21:17:45.246+0300: 74.450: Application time: 0.1740613 seconds
2024-10-09T21:17:45.246+0300: 74.450: [GC (Allocation Failure) 2024-10-09T21:17:45.246+0300: 74.450: [ParNew: 460096K->51072K(460096K), 0.0241261 secs] 1731518K->1334886K(4143232K), 0.0242046 secs] [Times: user=0.02 sys=0.00, real=0.02 secs] 
2024-10-09T21:17:45.262+0300: 74.474: Total time for which application threads were stopped: 0.0244619 seconds, Stopping threads took: 0.0001409 seconds
2024-10-09T21:17:45.450+0300: 74.657: Application time: 0.1821661 seconds
2024-10-09T21:17:45.450+0300: 74.657: [GC (Allocation Failure) 2024-10-09T21:17:45.450+0300: 74.657: [ParNew: 460096K->51072K(460096K), 0.0326055 secs] 1743910K->1365419K(4143232K), 0.0327020 secs] [Times: user=0.02 sys=0.00, real=0.03 secs] 
2024-10-09T21:17:45.481+0300: 74.690: Total time for which application threads were stopped: 0.0329662 seconds, Stopping threads took: 0.0001498 seconds
2024-10-09T21:17:45.669+0300: 74.878: Application time: 0.1880814 seconds
2024-10-09T21:17:45.669+0300: 74.878: [GC (Allocation Failure) 2024-10-09T21:17:45.669+0300: 74.878: [ParNew: 460096K->51072K(460096K), 0.0278935 secs] 1774443K->1389102K(4143232K), 0.0279835 secs] [Times: user=0.03 sys=0.00, real=0.03 secs] 
2024-10-09T21:17:45.701+0300: 74.906: Total time for which application threads were stopped: 0.0283002 seconds, Stopping threads took: 0.0001968 seconds
2024-10-09T21:17:45.874+0300: 75.082: Application time: 0.1756214 seconds
2024-10-09T21:17:45.874+0300: 75.082: [GC (Allocation Failure) 2024-10-09T21:17:45.874+0300: 75.082: [ParNew: 460096K->51072K(460096K), 0.0223842 secs] 1798126K->1397954K(4143232K), 0.0224657 secs] [Times: user=0.01 sys=0.00, real=0.02 secs] 
2024-10-09T21:17:45.890+0300: 75.104: Total time for which application threads were stopped: 0.0227163 seconds, Stopping threads took: 0.0001332 seconds
2024-10-09T21:17:46.078+0300: 75.286: Application time: 0.1818032 seconds
2024-10-09T21:17:46.078+0300: 75.286: [GC (Allocation Failure) 2024-10-09T21:17:46.078+0300: 75.286: [ParNew: 460096K->51072K(460096K), 0.0327764 secs] 1806978K->1430169K(4143232K), 0.0328638 secs] [Times: user=0.03 sys=0.00, real=0.03 secs] 
2024-10-09T21:17:46.110+0300: 75.319: Total time for which application threads were stopped: 0.0331415 seconds, Stopping threads took: 0.0001594 seconds
2024-10-09T21:17:46.288+0300: 75.497: Application time: 0.1775757 seconds
2024-10-09T21:17:46.288+0300: 75.497: [GC (Allocation Failure) 2024-10-09T21:17:46.288+0300: 75.497: [ParNew: 460096K->51072K(460096K), 0.0255253 secs] 1839193K->1447265K(4143232K), 0.0256135 secs] [Times: user=0.03 sys=0.00, real=0.02 secs] 
2024-10-09T21:17:46.313+0300: 75.523: Total time for which application threads were stopped: 0.0258644 seconds, Stopping threads took: 0.0001383 seconds
2024-10-09T21:17:46.489+0300: 75.702: Application time: 0.1795671 seconds
2024-10-09T21:17:46.489+0300: 75.703: [GC (Allocation Failure) 2024-10-09T21:17:46.489+0300: 75.703: [ParNew: 460096K->51072K(460096K), 0.0253363 secs] 1856289K->1460835K(4143232K), 0.0254375 secs] [Times: user=0.09 sys=0.00, real=0.03 secs] 
2024-10-09T21:17:46.517+0300: 75.728: Total time for which application threads were stopped: 0.0257667 seconds, Stopping threads took: 0.0001856 seconds
2024-10-09T21:17:46.690+0300: 75.907: Application time: 0.1793356 seconds
2024-10-09T21:17:46.690+0300: 75.908: [GC (Allocation Failure) 2024-10-09T21:17:46.690+0300: 75.908: [ParNew: 460096K->51072K(460096K), 0.0280323 secs] 1869859K->1483696K(4143232K), 0.0281164 secs] [Times: user=0.03 sys=0.00, real=0.03 secs] 
2024-10-09T21:17:46.722+0300: 75.936: Total time for which application threads were stopped: 0.0283740 seconds, Stopping threads took: 0.0001430 seconds
2024-10-09T21:17:46.910+0300: 76.114: Application time: 0.1785664 seconds
2024-10-09T21:17:46.910+0300: 76.115: [GC (Allocation Failure) 2024-10-09T21:17:46.910+0300: 76.115: [ParNew: 460096K->51072K(460096K), 0.0260575 secs] 1892720K->1501780K(4143232K), 0.0261527 secs] [Times: user=0.02 sys=0.00, real=0.02 secs] 
2024-10-09T21:17:46.926+0300: 76.141: Total time for which application threads were stopped: 0.0264095 seconds, Stopping threads took: 0.0001202 seconds
2024-10-09T21:17:47.114+0300: 76.320: Application time: 0.1796447 seconds
2024-10-09T21:17:47.114+0300: 76.321: [GC (Allocation Failure) 2024-10-09T21:17:47.114+0300: 76.321: [ParNew: 460096K->51072K(460096K), 0.0269546 secs] 1910804K->1520277K(4143232K), 0.0270582 secs] [Times: user=0.16 sys=0.00, real=0.02 secs] 
2024-10-09T21:17:47.130+0300: 76.348: Total time for which application threads were stopped: 0.0273445 seconds, Stopping threads took: 0.0001464 seconds
2024-10-09T21:17:47.318+0300: 76.526: Application time: 0.1780212 seconds
2024-10-09T21:17:47.318+0300: 76.526: [GC (Allocation Failure) 2024-10-09T21:17:47.318+0300: 76.526: [ParNew: 460096K->51072K(460096K), 0.0290252 secs] 1929301K->1546148K(4143232K), 0.0291086 secs] [Times: user=0.03 sys=0.00, real=0.03 secs] 
2024-10-09T21:17:47.350+0300: 76.555: Total time for which application threads were stopped: 0.0293778 seconds, Stopping threads took: 0.0001501 seconds
2024-10-09T21:17:47.538+0300: 76.741: Application time: 0.1860227 seconds
2024-10-09T21:17:47.538+0300: 76.741: [GC (Allocation Failure) 2024-10-09T21:17:47.538+0300: 76.741: [ParNew: 460096K->51072K(460096K), 0.0269027 secs] 1955172K->1564066K(4143232K), 0.0269951 secs] [Times: user=0.05 sys=0.00, real=0.01 secs] 
2024-10-09T21:17:47.553+0300: 76.768: Total time for which application threads were stopped: 0.0272660 seconds, Stopping threads took: 0.0001317 seconds
2024-10-09T21:17:47.742+0300: 76.947: Application time: 0.1784305 seconds
2024-10-09T21:17:47.742+0300: 76.947: [GC (Allocation Failure) 2024-10-09T21:17:47.742+0300: 76.947: [ParNew: 460096K->51072K(460096K), 0.0298244 secs] 1973090K->1585468K(4143232K), 0.0299074 secs] [Times: user=0.03 sys=0.00, real=0.03 secs] 
2024-10-09T21:17:47.773+0300: 76.977: Total time for which application threads were stopped: 0.0301689 seconds, Stopping threads took: 0.0001429 seconds
2024-10-09T21:17:47.946+0300: 77.150: Application time: 0.1727623 seconds
2024-10-09T21:17:47.946+0300: 77.150: [GC (Allocation Failure) 2024-10-09T21:17:47.946+0300: 77.150: [ParNew: 460096K->46660K(460096K), 0.0272807 secs] 1994492K->1603546K(4143232K), 0.0273684 secs] [Times: user=0.02 sys=0.00, real=0.03 secs] 
2024-10-09T21:17:47.973+0300: 77.177: Total time for which application threads were stopped: 0.0276082 seconds, Stopping threads took: 0.0001141 seconds
2024-10-09T21:17:48.165+0300: 77.370: Application time: 0.1923972 seconds
2024-10-09T21:17:48.165+0300: 77.370: [GC (Allocation Failure) 2024-10-09T21:17:48.165+0300: 77.370: [ParNew: 455684K->51072K(460096K), 0.0263544 secs] 2012570K->1627194K(4143232K), 0.0264484 secs] [Times: user=0.02 sys=0.00, real=0.03 secs] 
2024-10-09T21:17:48.192+0300: 77.396: Total time for which application threads were stopped: 0.0266981 seconds, Stopping threads took: 0.0001163 seconds
2024-10-09T21:17:48.354+0300: 77.572: Application time: 0.1758585 seconds
2024-10-09T21:17:48.354+0300: 77.573: [GC (Allocation Failure) 2024-10-09T21:17:48.354+0300: 77.573: [ParNew: 460096K->51072K(460096K), 0.0272886 secs] 2036218K->1644776K(4143232K), 0.0273729 secs] [Times: user=0.03 sys=0.00, real=0.04 secs] 
2024-10-09T21:17:48.393+0300: 77.600: Total time for which application threads were stopped: 0.0276323 seconds, Stopping threads took: 0.0001462 seconds
2024-10-09T21:17:48.558+0300: 77.776: Application time: 0.1759309 seconds
2024-10-09T21:17:48.558+0300: 77.776: [GC (Allocation Failure) 2024-10-09T21:17:48.558+0300: 77.776: [ParNew: 460096K->46602K(460096K), 0.0346505 secs] 2053800K->1677032K(4143232K), 0.0347489 secs] [Times: user=0.05 sys=0.00, real=0.05 secs] 
2024-10-09T21:17:48.606+0300: 77.811: Total time for which application threads were stopped: 0.0350038 seconds, Stopping threads took: 0.0001279 seconds
2024-10-09T21:17:48.793+0300: 77.997: Application time: 0.1857260 seconds
2024-10-09T21:17:48.793+0300: 77.997: [GC (Allocation Failure) 2024-10-09T21:17:48.793+0300: 77.997: [ParNew: 455626K->51072K(460096K), 0.0247085 secs] 2086056K->1697831K(4143232K), 0.0247973 secs] [Times: user=0.02 sys=0.00, real=0.02 secs] 
2024-10-09T21:17:48.809+0300: 78.022: Total time for which application threads were stopped: 0.0250860 seconds, Stopping threads took: 0.0001619 seconds
2024-10-09T21:17:48.994+0300: 78.197: Application time: 0.1753369 seconds
2024-10-09T21:17:48.994+0300: 78.197: [GC (Allocation Failure) 2024-10-09T21:17:48.994+0300: 78.197: [ParNew: 460096K->51072K(460096K), 0.0259837 secs] 2106855K->1714657K(4143232K), 0.0260777 secs] [Times: user=0.02 sys=0.00, real=0.02 secs] 
2024-10-09T21:17:49.013+0300: 78.223: Total time for which application threads were stopped: 0.0263583 seconds, Stopping threads took: 0.0001577 seconds
2024-10-09T21:17:49.185+0300: 78.392: Application time: 0.1688991 seconds
2024-10-09T21:17:49.185+0300: 78.393: [GC (Allocation Failure) 2024-10-09T21:17:49.185+0300: 78.393: [ParNew: 460096K->50647K(460096K), 0.0295245 secs] 2123681K->1741266K(4143232K), 0.0296104 secs] [Times: user=0.03 sys=0.00, real=0.03 secs] 
2024-10-09T21:17:49.217+0300: 78.422: Total time for which application threads were stopped: 0.0298412 seconds, Stopping threads took: 0.0001159 seconds
2024-10-09T21:17:49.395+0300: 78.608: Application time: 0.1856322 seconds
2024-10-09T21:17:49.395+0300: 78.608: [GC (Allocation Failure) 2024-10-09T21:17:49.395+0300: 78.608: [ParNew: 459671K->51072K(460096K), 0.0239335 secs] 2150290K->1752146K(4143232K), 0.0240323 secs] [Times: user=0.06 sys=0.00, real=0.03 secs] 
2024-10-09T21:17:49.421+0300: 78.632: Total time for which application threads were stopped: 0.0243222 seconds, Stopping threads took: 0.0001680 seconds
2024-10-09T21:17:49.609+0300: 78.814: Application time: 0.1815893 seconds
2024-10-09T21:17:49.609+0300: 78.814: [GC (Allocation Failure) 2024-10-09T21:17:49.609+0300: 78.814: [ParNew: 460096K->51072K(460096K), 0.0279697 secs] 2161170K->1771635K(4143232K), 0.0280679 secs] [Times: user=0.06 sys=0.02, real=0.02 secs] 
2024-10-09T21:17:49.625+0300: 78.842: Total time for which application threads were stopped: 0.0283590 seconds, Stopping threads took: 0.0001465 seconds
2024-10-09T21:17:49.798+0300: 79.016: Application time: 0.1734843 seconds
2024-10-09T21:17:49.798+0300: 79.016: [GC (Allocation Failure) 2024-10-09T21:17:49.798+0300: 79.016: [ParNew: 460096K->49697K(460096K), 0.0278222 secs] 2180659K->1794039K(4143232K), 0.0279055 secs] [Times: user=0.06 sys=0.00, real=0.03 secs] 
2024-10-09T21:17:49.829+0300: 79.044: Total time for which application threads were stopped: 0.0281489 seconds, Stopping threads took: 0.0001286 seconds
2024-10-09T21:17:50.017+0300: 79.229: Application time: 0.1855822 seconds
2024-10-09T21:17:50.017+0300: 79.230: [GC (Allocation Failure) 2024-10-09T21:17:50.017+0300: 79.230: [ParNew: 458721K->51072K(460096K), 0.0238396 secs] 2203063K->1803645K(4143232K), 0.0239211 secs] [Times: user=0.03 sys=0.00, real=0.03 secs] 
2024-10-09T21:17:50.049+0300: 79.254: Total time for which application threads were stopped: 0.0241878 seconds, Stopping threads took: 0.0001536 seconds
2024-10-09T21:17:50.206+0300: 79.421: Application time: 0.1672146 seconds
2024-10-09T21:17:50.206+0300: 79.421: [GC (Allocation Failure) 2024-10-09T21:17:50.206+0300: 79.421: [ParNew: 460096K->51072K(460096K), 0.0246482 secs] 2212669K->1818559K(4143232K), 0.0247357 secs] [Times: user=0.03 sys=0.00, real=0.03 secs] 
2024-10-09T21:17:50.237+0300: 79.446: Total time for which application threads were stopped: 0.0250058 seconds, Stopping threads took: 0.0001531 seconds
2024-10-09T21:17:50.410+0300: 79.623: Application time: 0.1775488 seconds
2024-10-09T21:17:50.410+0300: 79.624: [GC (Allocation Failure) 2024-10-09T21:17:50.410+0300: 79.624: [ParNew: 460096K->51072K(460096K), 0.0241556 secs] 2227583K->1834578K(4143232K), 0.0242453 secs] [Times: user=0.03 sys=0.00, real=0.03 secs] 
2024-10-09T21:17:50.441+0300: 79.648: Total time for which application threads were stopped: 0.0245151 seconds, Stopping threads took: 0.0001484 seconds
2024-10-09T21:17:50.630+0300: 79.844: Application time: 0.1965992 seconds
2024-10-09T21:17:50.630+0300: 79.845: [GC (Allocation Failure) 2024-10-09T21:17:50.630+0300: 79.845: [ParNew: 460096K->51072K(460096K), 0.0246730 secs] 2243602K->1847118K(4143232K), 0.0247841 secs] [Times: user=0.11 sys=0.02, real=0.03 secs] 
2024-10-09T21:17:50.661+0300: 79.869: Total time for which application threads were stopped: 0.0250669 seconds, Stopping threads took: 0.0001400 seconds
2024-10-09T21:17:50.834+0300: 80.044: Application time: 0.1742462 seconds
2024-10-09T21:17:50.834+0300: 80.044: [GC (Allocation Failure) 2024-10-09T21:17:50.834+0300: 80.044: [ParNew: 460096K->51072K(460096K), 0.0253613 secs] 2256142K->1864922K(4143232K), 0.0254446 secs] [Times: user=0.03 sys=0.00, real=0.03 secs] 
2024-10-09T21:17:50.865+0300: 80.069: Total time for which application threads were stopped: 0.0257249 seconds, Stopping threads took: 0.0001520 seconds
2024-10-09T21:17:51.038+0300: 80.247: Application time: 0.1778630 seconds
2024-10-09T21:17:51.038+0300: 80.248: [GC (Allocation Failure) 2024-10-09T21:17:51.038+0300: 80.248: [ParNew: 460096K->51072K(460096K), 0.0273120 secs] 2273946K->1884663K(4143232K), 0.0274006 secs] [Times: user=0.03 sys=0.00, real=0.03 secs] 
2024-10-09T21:17:51.069+0300: 80.275: Total time for which application threads were stopped: 0.0276584 seconds, Stopping threads took: 0.0001353 seconds
2024-10-09T21:17:51.242+0300: 80.455: Application time: 0.1804006 seconds
2024-10-09T21:17:51.242+0300: 80.456: [GC (Allocation Failure) 2024-10-09T21:17:51.242+0300: 80.456: [ParNew: 460096K->51072K(460096K), 0.0274505 secs] 2293687K->1905874K(4143232K), 0.0275390 secs] [Times: user=0.05 sys=0.00, real=0.03 secs] 
2024-10-09T21:17:51.273+0300: 80.483: Total time for which application threads were stopped: 0.0278198 seconds, Stopping threads took: 0.0001619 seconds
2024-10-09T21:17:51.446+0300: 80.655: Application time: 0.1722644 seconds
2024-10-09T21:17:51.446+0300: 80.656: [GC (Allocation Failure) 2024-10-09T21:17:51.446+0300: 80.656: [ParNew: 460096K->51072K(460096K), 0.0292671 secs] 2314898K->1927083K(4143232K), 0.0293530 secs] [Times: user=0.03 sys=0.00, real=0.03 secs] 
2024-10-09T21:17:51.477+0300: 80.685: Total time for which application threads were stopped: 0.0296294 seconds, Stopping threads took: 0.0001646 seconds
2024-10-09T21:17:51.665+0300: 80.876: Application time: 0.1907092 seconds
2024-10-09T21:17:51.665+0300: 80.876: [GC (Allocation Failure) 2024-10-09T21:17:51.665+0300: 80.876: [ParNew: 460096K->51072K(460096K), 0.0240693 secs] 2336107K->1941152K(4143232K), 0.0241631 secs] [Times: user=0.06 sys=0.00, real=0.03 secs] 
2024-10-09T21:17:51.697+0300: 80.900: Total time for which application threads were stopped: 0.0244490 seconds, Stopping threads took: 0.0001379 seconds
2024-10-09T21:17:51.870+0300: 81.086: Application time: 0.1855448 seconds
2024-10-09T21:17:51.870+0300: 81.086: [GC (Allocation Failure) 2024-10-09T21:17:51.870+0300: 81.086: [ParNew: 460096K->50441K(460096K), 0.0245847 secs] 2350176K->1956059K(4143232K), 0.0246735 secs] [Times: user=0.03 sys=0.00, real=0.03 secs] 
2024-10-09T21:17:51.902+0300: 81.111: Total time for which application threads were stopped: 0.0249740 seconds, Stopping threads took: 0.0001798 seconds
2024-10-09T21:17:52.090+0300: 81.295: Application time: 0.1845935 seconds
2024-10-09T21:17:52.090+0300: 81.296: [GC (Allocation Failure) 2024-10-09T21:17:52.090+0300: 81.296: [ParNew: 459465K->51072K(460096K), 0.0240660 secs] 2365083K->1972589K(4143232K), 0.0241504 secs] [Times: user=0.02 sys=0.00, real=0.02 secs] 
2024-10-09T21:17:52.106+0300: 81.320: Total time for which application threads were stopped: 0.0244069 seconds, Stopping threads took: 0.0001424 seconds
2024-10-09T21:17:52.294+0300: 81.499: Application time: 0.1789949 seconds
2024-10-09T21:17:52.294+0300: 81.499: [GC (Allocation Failure) 2024-10-09T21:17:52.294+0300: 81.499: [ParNew: 460096K->48497K(460096K), 0.0285970 secs] 2381613K->1991555K(4143232K), 0.0286855 secs] [Times: user=0.03 sys=0.00, real=0.02 secs] 
2024-10-09T21:17:52.310+0300: 81.528: Total time for which application threads were stopped: 0.0289278 seconds, Stopping threads took: 0.0001207 seconds
2024-10-09T21:17:52.502+0300: 81.710: Application time: 0.1822154 seconds
2024-10-09T21:17:52.502+0300: 81.710: [GC (Allocation Failure) 2024-10-09T21:17:52.502+0300: 81.710: [ParNew: 457521K->51072K(460096K), 0.0356286 secs] 2400579K->2009875K(4143232K), 0.0357151 secs] [Times: user=0.16 sys=0.00, real=0.03 secs] 
2024-10-09T21:17:52.529+0300: 81.746: Total time for which application threads were stopped: 0.0360520 seconds, Stopping threads took: 0.0002115 seconds
2024-10-09T21:17:52.718+0300: 81.923: Application time: 0.1771277 seconds
2024-10-09T21:17:52.718+0300: 81.923: [GC (Allocation Failure) 2024-10-09T21:17:52.718+0300: 81.923: [ParNew: 460096K->51072K(460096K), 0.0258734 secs] 2418899K->2029887K(4143232K), 0.0259666 secs] [Times: user=0.01 sys=0.00, real=0.02 secs] 
2024-10-09T21:17:52.733+0300: 81.949: Total time for which application threads were stopped: 0.0262156 seconds, Stopping threads took: 0.0001284 seconds
2024-10-09T21:17:52.922+0300: 82.140: Application time: 0.1903224 seconds
2024-10-09T21:17:52.922+0300: 82.140: [GC (Allocation Failure) 2024-10-09T21:17:52.922+0300: 82.140: [ParNew: 460096K->51072K(460096K), 0.0242209 secs] 2438911K->2041982K(4143232K), 0.0243018 secs] [Times: user=0.03 sys=0.00, real=0.03 secs] 
2024-10-09T21:17:52.953+0300: 82.164: Total time for which application threads were stopped: 0.0246250 seconds, Stopping threads took: 0.0001909 seconds
2024-10-09T21:17:53.126+0300: 82.340: Application time: 0.1756814 seconds
2024-10-09T21:17:53.126+0300: 82.340: [GC (Allocation Failure) 2024-10-09T21:17:53.126+0300: 82.340: [ParNew: 460096K->51072K(460096K), 0.0303674 secs] 2451006K->2066880K(4143232K), 0.0304512 secs] [Times: user=0.03 sys=0.00, real=0.03 secs] 
2024-10-09T21:17:53.157+0300: 82.371: Total time for which application threads were stopped: 0.0307152 seconds, Stopping threads took: 0.0001476 seconds
2024-10-09T21:17:53.345+0300: 82.549: Application time: 0.1786974 seconds
2024-10-09T21:17:53.345+0300: 82.550: [GC (Allocation Failure) 2024-10-09T21:17:53.345+0300: 82.550: [ParNew: 460096K->51072K(460096K), 0.0309182 secs] 2475904K->2096166K(4143232K), 0.0310017 secs] [Times: user=0.03 sys=0.00, real=0.03 secs] 
2024-10-09T21:17:53.376+0300: 82.581: Total time for which application threads were stopped: 0.0312609 seconds, Stopping threads took: 0.0001451 seconds
2024-10-09T21:17:53.549+0300: 82.767: Application time: 0.1864166 seconds
2024-10-09T21:17:53.549+0300: 82.767: [GC (Allocation Failure) 2024-10-09T21:17:53.564+0300: 82.767: [ParNew: 460096K->51072K(460096K), 0.0252100 secs] 2505190K->2109922K(4143232K), 0.0252983 secs] [Times: user=0.05 sys=0.00, real=0.03 secs] 
2024-10-09T21:17:53.580+0300: 82.793: Total time for which application threads were stopped: 0.0256369 seconds, Stopping threads took: 0.0002035 seconds
2024-10-09T21:17:53.768+0300: 82.972: Application time: 0.1788869 seconds
2024-10-09T21:17:53.768+0300: 82.972: [GC (Allocation Failure) 2024-10-09T21:17:53.768+0300: 82.972: [ParNew: 460096K->51072K(460096K), 0.0294956 secs] 2518946K->2134922K(4143232K), 0.0295853 secs] [Times: user=0.01 sys=0.00, real=0.02 secs] 
2024-10-09T21:17:53.784+0300: 83.001: Total time for which application threads were stopped: 0.0298319 seconds, Stopping threads took: 0.0001318 seconds
2024-10-09T21:17:53.976+0300: 83.180: Application time: 0.1780959 seconds
2024-10-09T21:17:53.976+0300: 83.180: [GC (Allocation Failure) 2024-10-09T21:17:53.976+0300: 83.180: [ParNew: 460096K->51072K(460096K), 0.0264635 secs] 2543946K->2152846K(4143232K), 0.0265672 secs] [Times: user=0.14 sys=0.00, real=0.01 secs] 
2024-10-09T21:17:53.988+0300: 83.206: Total time for which application threads were stopped: 0.0268344 seconds, Stopping threads took: 0.0001190 seconds
2024-10-09T21:17:54.177+0300: 83.386: Application time: 0.1791892 seconds
2024-10-09T21:17:54.177+0300: 83.386: [GC (Allocation Failure) 2024-10-09T21:17:54.177+0300: 83.386: [ParNew: 460096K->51072K(460096K), 0.0259097 secs] 2561870K->2172394K(4143232K), 0.0259945 secs] [Times: user=0.02 sys=0.00, real=0.03 secs] 
2024-10-09T21:17:54.208+0300: 83.412: Total time for which application threads were stopped: 0.0262389 seconds, Stopping threads took: 0.0001237 seconds
2024-10-09T21:17:54.381+0300: 83.590: Application time: 0.1777451 seconds
2024-10-09T21:17:54.381+0300: 83.590: [GC (Allocation Failure) 2024-10-09T21:17:54.381+0300: 83.590: [ParNew: 460096K->51072K(460096K), 0.0286707 secs] 2581418K->2194925K(4143232K), 0.0287593 secs] [Times: user=0.03 sys=0.00, real=0.03 secs] 
2024-10-09T21:17:54.412+0300: 83.619: Total time for which application threads were stopped: 0.0290544 seconds, Stopping threads took: 0.0001686 seconds
2024-10-09T21:17:54.600+0300: 83.804: Application time: 0.1855625 seconds
2024-10-09T21:17:54.600+0300: 83.804: [GC (Allocation Failure) 2024-10-09T21:17:54.600+0300: 83.804: [ParNew: 460096K->51072K(460096K), 0.0239054 secs] 2603949K->2206278K(4143232K), 0.0239981 secs] [Times: user=0.05 sys=0.00, real=0.02 secs] 
2024-10-09T21:17:54.616+0300: 83.828: Total time for which application threads were stopped: 0.0242635 seconds, Stopping threads took: 0.0001250 seconds
2024-10-09T21:17:54.789+0300: 84.001: Application time: 0.1727419 seconds
2024-10-09T21:17:54.789+0300: 84.001: [GC (Allocation Failure) 2024-10-09T21:17:54.789+0300: 84.001: [ParNew: 460096K->51072K(460096K), 0.0291330 secs] 2615302K->2232630K(4143232K), 0.0292152 secs] [Times: user=0.05 sys=0.00, real=0.03 secs] 
2024-10-09T21:17:54.820+0300: 84.031: Total time for which application threads were stopped: 0.0294902 seconds, Stopping threads took: 0.0001625 seconds
2024-10-09T21:17:54.993+0300: 84.210: Application time: 0.1795321 seconds
2024-10-09T21:17:54.993+0300: 84.210: [GC (Allocation Failure) 2024-10-09T21:17:54.993+0300: 84.210: [ParNew: 460096K->51072K(460096K), 0.0265712 secs] 2641654K->2248219K(4143232K), 0.0266636 secs] [Times: user=0.03 sys=0.00, real=0.03 secs] 
2024-10-09T21:17:55.025+0300: 84.237: Total time for which application threads were stopped: 0.0269184 seconds, Stopping threads took: 0.0001362 seconds
2024-10-09T21:17:55.213+0300: 84.423: Application time: 0.1862258 seconds
2024-10-09T21:17:55.213+0300: 84.424: [GC (Allocation Failure) 2024-10-09T21:17:55.213+0300: 84.424: [ParNew: 460096K->51072K(460096K), 0.0267356 secs] 2657243K->2266667K(4143232K), 0.0268276 secs] [Times: user=0.06 sys=0.00, real=0.03 secs] 
2024-10-09T21:17:55.244+0300: 84.450: Total time for which application threads were stopped: 0.0271154 seconds, Stopping threads took: 0.0001483 seconds
2024-10-09T21:17:55.409+0300: 84.619: Application time: 0.1683549 seconds
2024-10-09T21:17:55.409+0300: 84.619: [GC (Allocation Failure) 2024-10-09T21:17:55.409+0300: 84.619: [ParNew: 460096K->51056K(460096K), 0.0255136 secs] 2675691K->2284685K(4143232K), 0.0256025 secs] [Times: user=0.03 sys=0.00, real=0.02 secs] 
2024-10-09T21:17:55.433+0300: 84.645: Total time for which application threads were stopped: 0.0258683 seconds, Stopping threads took: 0.0001488 seconds
2024-10-09T21:17:55.621+0300: 84.829: Application time: 0.1841913 seconds
2024-10-09T21:17:55.621+0300: 84.829: [GC (Allocation Failure) 2024-10-09T21:17:55.621+0300: 84.829: [ParNew: 460080K->51072K(460096K), 0.0247438 secs] 2693709K->2301760K(4143232K), 0.0248431 secs] [Times: user=0.02 sys=0.00, real=0.02 secs] 
2024-10-09T21:17:55.637+0300: 84.854: Total time for which application threads were stopped: 0.0251193 seconds, Stopping threads took: 0.0001357 seconds
2024-10-09T21:17:55.831+0300: 85.042: Application time: 0.1875400 seconds
2024-10-09T21:17:55.831+0300: 85.042: [GC (Allocation Failure) 2024-10-09T21:17:55.831+0300: 85.042: [ParNew: 460096K->51072K(460096K), 0.0277907 secs] 2710784K->2321750K(4143232K), 0.0278762 secs] [Times: user=0.03 sys=0.00, real=0.03 secs] 
2024-10-09T21:17:55.857+0300: 85.070: Total time for which application threads were stopped: 0.0281853 seconds, Stopping threads took: 0.0001896 seconds
2024-10-09T21:17:56.029+0300: 85.243: Application time: 0.1735702 seconds
2024-10-09T21:17:56.029+0300: 85.244: [GC (Allocation Failure) 2024-10-09T21:17:56.029+0300: 85.244: [ParNew: 460096K->51072K(460096K), 0.0240466 secs] 2730774K->2335293K(4143232K), 0.0241307 secs] [Times: user=0.03 sys=0.00, real=0.03 secs] 
2024-10-09T21:17:56.061+0300: 85.268: Total time for which application threads were stopped: 0.0243920 seconds, Stopping threads took: 0.0001487 seconds
2024-10-09T21:17:56.233+0300: 85.444: Application time: 0.1764917 seconds
2024-10-09T21:17:56.233+0300: 85.444: [GC (Allocation Failure) 2024-10-09T21:17:56.233+0300: 85.444: [ParNew: 460096K->51072K(460096K), 0.0263892 secs] 2744317K->2356899K(4143232K), 0.0265341 secs] [Times: user=0.02 sys=0.00, real=0.03 secs] 
2024-10-09T21:17:56.265+0300: 85.471: Total time for which application threads were stopped: 0.0267815 seconds, Stopping threads took: 0.0001308 seconds
2024-10-09T21:17:56.453+0300: 85.661: Application time: 0.1900269 seconds
2024-10-09T21:17:56.453+0300: 85.661: [GC (Allocation Failure) 2024-10-09T21:17:56.453+0300: 85.661: [ParNew: 460096K->51072K(460096K), 0.0255188 secs] 2765923K->2373020K(4143232K), 0.0256108 secs] [Times: user=0.02 sys=0.00, real=0.02 secs] 
2024-10-09T21:17:56.469+0300: 85.687: Total time for which application threads were stopped: 0.0258463 seconds, Stopping threads took: 0.0001058 seconds
2024-10-09T21:17:56.657+0300: 85.868: Application time: 0.1808639 seconds
2024-10-09T21:17:56.657+0300: 85.868: [GC (Allocation Failure) 2024-10-09T21:17:56.657+0300: 85.868: [ParNew: 460096K->51072K(460096K), 0.0241673 secs] 2782044K->2385641K(4143232K), 0.0242558 secs] [Times: user=0.02 sys=0.00, real=0.03 secs] 
2024-10-09T21:17:56.688+0300: 85.892: Total time for which application threads were stopped: 0.0245595 seconds, Stopping threads took: 0.0001715 seconds
2024-10-09T21:17:56.861+0300: 86.067: Application time: 0.1751447 seconds
2024-10-09T21:17:56.861+0300: 86.068: [GC (Allocation Failure) 2024-10-09T21:17:56.861+0300: 86.068: [ParNew: 460096K->38569K(460096K), 0.0258366 secs] 2794665K->2395450K(4143232K), 0.0259194 secs] [Times: user=0.01 sys=0.00, real=0.02 secs] 
2024-10-09T21:17:56.877+0300: 86.094: Total time for which application threads were stopped: 0.0261637 seconds, Stopping threads took: 0.0001233 seconds
2024-10-09T21:17:57.081+0300: 86.284: Application time: 0.1902351 seconds
2024-10-09T21:17:57.081+0300: 86.284: [GC (Allocation Failure) 2024-10-09T21:17:57.081+0300: 86.284: [ParNew: 447593K->51072K(460096K), 0.0239821 secs] 2804474K->2419931K(4143232K), 0.0240909 secs] [Times: user=0.02 sys=0.00, real=0.01 secs] 
2024-10-09T21:17:57.096+0300: 86.308: Total time for which application threads were stopped: 0.0244403 seconds, Stopping threads took: 0.0001682 seconds
2024-10-09T21:17:57.269+0300: 86.482: Application time: 0.1738589 seconds
2024-10-09T21:17:57.269+0300: 86.482: [GC (Allocation Failure) 2024-10-09T21:17:57.269+0300: 86.482: [ParNew: 460096K->51072K(460096K), 0.0231027 secs] 2828955K->2427350K(4143232K), 0.0231902 secs] [Times: user=0.05 sys=0.00, real=0.03 secs] 
2024-10-09T21:17:57.301+0300: 86.506: Total time for which application threads were stopped: 0.0234731 seconds, Stopping threads took: 0.0001593 seconds
2024-10-09T21:17:57.473+0300: 86.678: Application time: 0.1719841 seconds
2024-10-09T21:17:57.473+0300: 86.678: [GC (Allocation Failure) 2024-10-09T21:17:57.473+0300: 86.678: [ParNew: 460096K->42205K(460096K), 0.0390457 secs] 2836374K->2454419K(4143232K), 0.0391359 secs] [Times: user=0.05 sys=0.00, real=0.04 secs] 
2024-10-09T21:17:57.513+0300: 86.717: Total time for which application threads were stopped: 0.0394041 seconds, Stopping threads took: 0.0001546 seconds
2024-10-09T21:17:57.693+0300: 86.907: Application time: 0.1904561 seconds
2024-10-09T21:17:57.693+0300: 86.908: [GC (Allocation Failure) 2024-10-09T21:17:57.693+0300: 86.908: [ParNew: 451229K->51072K(460096K), 0.0233182 secs] 2863443K->2466888K(4143232K), 0.0233982 secs] [Times: user=0.03 sys=0.00, real=0.03 secs] 
2024-10-09T21:17:57.725+0300: 86.931: Total time for which application threads were stopped: 0.0236362 seconds, Stopping threads took: 0.0001251 seconds
2024-10-09T21:17:57.897+0300: 87.110: Application time: 0.1790501 seconds
2024-10-09T21:17:57.897+0300: 87.110: [GC (Allocation Failure) 2024-10-09T21:17:57.897+0300: 87.110: [ParNew: 460096K->51072K(460096K), 0.0284977 secs] 2875912K->2482985K(4143232K), 0.0285829 secs] [Times: user=0.03 sys=0.00, real=0.03 secs] 
2024-10-09T21:17:57.929+0300: 87.139: Total time for which application threads were stopped: 0.0288593 seconds, Stopping threads took: 0.0001625 seconds
2024-10-09T21:17:58.101+0300: 87.308: Application time: 0.1689147 seconds
2024-10-09T21:17:58.101+0300: 87.308: [GC (Allocation Failure) 2024-10-09T21:17:58.101+0300: 87.308: [ParNew: 460096K->46014K(460096K), 0.0322187 secs] 2892009K->2514220K(4143232K), 0.0323083 secs] [Times: user=0.05 sys=0.00, real=0.03 secs] 
2024-10-09T21:17:58.133+0300: 87.341: Total time for which application threads were stopped: 0.0325672 seconds, Stopping threads took: 0.0001429 seconds
2024-10-09T21:17:58.321+0300: 87.528: Application time: 0.1875500 seconds
2024-10-09T21:17:58.321+0300: 87.528: [GC (Allocation Failure) 2024-10-09T21:17:58.321+0300: 87.528: [ParNew: 455038K->51072K(460096K), 0.0231786 secs] 2923244K->2523394K(4143232K), 0.0232524 secs] [Times: user=0.02 sys=0.00, real=0.02 secs] 
2024-10-09T21:17:58.337+0300: 87.552: Total time for which application threads were stopped: 0.0234891 seconds, Stopping threads took: 0.0001238 seconds
2024-10-09T21:17:58.525+0300: 87.742: Application time: 0.1901061 seconds
2024-10-09T21:17:58.525+0300: 87.742: [GC (Allocation Failure) 2024-10-09T21:17:58.525+0300: 87.742: [ParNew: 460096K->51072K(460096K), 0.0334428 secs] 2932418K->2547920K(4143232K), 0.0335322 secs] [Times: user=0.08 sys=0.00, real=0.05 secs] 
2024-10-09T21:17:58.572+0300: 87.775: Total time for which application threads were stopped: 0.0338293 seconds, Stopping threads took: 0.0001552 seconds
2024-10-09T21:17:58.729+0300: 87.941: Application time: 0.1656957 seconds
2024-10-09T21:17:58.729+0300: 87.941: [GC (Allocation Failure) 2024-10-09T21:17:58.729+0300: 87.941: [ParNew: 460096K->51072K(460096K), 0.0315724 secs] 2956944K->2576323K(4143232K), 0.0316707 secs] [Times: user=0.03 sys=0.00, real=0.03 secs] 
2024-10-09T21:17:58.761+0300: 87.973: Total time for which application threads were stopped: 0.0319418 seconds, Stopping threads took: 0.0001553 seconds
2024-10-09T21:17:58.949+0300: 88.152: Application time: 0.1789037 seconds
2024-10-09T21:17:58.949+0300: 88.152: [GC (Allocation Failure) 2024-10-09T21:17:58.949+0300: 88.152: [ParNew: 460096K->51072K(460096K), 0.0249443 secs] 2985347K->2595094K(4143232K), 0.0250332 secs] [Times: user=0.02 sys=0.00, real=0.02 secs] 
2024-10-09T21:17:58.965+0300: 88.177: Total time for which application threads were stopped: 0.0252658 seconds, Stopping threads took: 0.0001087 seconds
2024-10-09T21:17:59.153+0300: 88.369: Application time: 0.1919173 seconds
2024-10-09T21:17:59.153+0300: 88.369: [GC (Allocation Failure) 2024-10-09T21:17:59.153+0300: 88.369: [ParNew: 460096K->51072K(460096K), 0.0239587 secs] 3004118K->2604824K(4143232K), 0.0240432 secs] [Times: user=0.03 sys=0.00, real=0.03 secs] 
2024-10-09T21:17:59.184+0300: 88.394: Total time for which application threads were stopped: 0.0243070 seconds, Stopping threads took: 0.0001478 seconds
2024-10-09T21:17:59.341+0300: 88.560: Application time: 0.1662293 seconds
2024-10-09T21:17:59.357+0300: 88.560: [GC (Allocation Failure) 2024-10-09T21:17:59.357+0300: 88.560: [ParNew: 460096K->48223K(460096K), 0.0259682 secs] 3013848K->2621307K(4143232K), 0.0260637 secs] [Times: user=0.02 sys=0.00, real=0.02 secs] 
2024-10-09T21:17:59.373+0300: 88.586: Total time for which application threads were stopped: 0.0264350 seconds, Stopping threads took: 0.0002069 seconds
2024-10-09T21:17:59.561+0300: 88.770: Application time: 0.1835738 seconds
2024-10-09T21:17:59.561+0300: 88.770: [GC (Allocation Failure) 2024-10-09T21:17:59.561+0300: 88.770: [ParNew: 457247K->49098K(460096K), 0.0262740 secs] 3030331K->2646282K(4143232K), 0.0263624 secs] [Times: user=0.03 sys=0.00, real=0.03 secs] 
2024-10-09T21:17:59.593+0300: 88.796: Total time for which application threads were stopped: 0.0266055 seconds, Stopping threads took: 0.0001251 seconds
2024-10-09T21:17:59.780+0300: 88.985: Application time: 0.1890324 seconds
2024-10-09T21:17:59.780+0300: 88.986: [GC (Allocation Failure) 2024-10-09T21:17:59.780+0300: 88.986: [ParNew: 458122K->51072K(460096K), 0.0253673 secs] 3055306K->2659008K(4143232K), 0.0254534 secs] [Times: user=0.02 sys=0.00, real=0.02 secs] 
2024-10-09T21:17:59.796+0300: 89.011: Total time for which application threads were stopped: 0.0257246 seconds, Stopping threads took: 0.0001454 seconds
2024-10-09T21:17:59.969+0300: 89.177: Application time: 0.1656129 seconds
2024-10-09T21:17:59.969+0300: 89.177: [GC (Allocation Failure) 2024-10-09T21:17:59.969+0300: 89.177: [ParNew: 460096K->51072K(460096K), 0.0249205 secs] 3068032K->2672827K(4143232K), 0.0250244 secs] [Times: user=0.03 sys=0.00, real=0.01 secs] 
2024-10-09T21:17:59.984+0300: 89.202: Total time for which application threads were stopped: 0.0253074 seconds, Stopping threads took: 0.0001539 seconds
2024-10-09T21:18:00.173+0300: 89.379: Application time: 0.1767047 seconds
2024-10-09T21:18:00.173+0300: 89.379: [GC (Allocation Failure) 2024-10-09T21:18:00.173+0300: 89.379: [ParNew: 460096K->44854K(460096K), 0.0308738 secs] 3081851K->2699040K(4143232K), 0.0309618 secs] [Times: user=0.03 sys=0.00, real=0.03 secs] 
2024-10-09T21:18:00.204+0300: 89.410: Total time for which application threads were stopped: 0.0312352 seconds, Stopping threads took: 0.0001453 seconds
2024-10-09T21:18:00.392+0300: 89.600: Application time: 0.1899045 seconds
2024-10-09T21:18:00.392+0300: 89.600: [GC (Allocation Failure) 2024-10-09T21:18:00.392+0300: 89.600: [ParNew: 453878K->51072K(460096K), 0.0219428 secs] 3108064K->2708633K(4143232K), 0.0220251 secs] [Times: user=0.02 sys=0.00, real=0.02 secs] 
2024-10-09T21:18:00.407+0300: 89.622: Total time for which application threads were stopped: 0.0222923 seconds, Stopping threads took: 0.0001515 seconds
2024-10-09T21:18:00.596+0300: 89.800: Application time: 0.1774703 seconds
2024-10-09T21:18:00.596+0300: 89.800: [GC (Allocation Failure) 2024-10-09T21:18:00.596+0300: 89.800: [ParNew: 460096K->51072K(460096K), 0.0252873 secs] 3117657K->2722657K(4143232K), 0.0253845 secs] [Times: user=0.03 sys=0.00, real=0.02 secs] 
2024-10-09T21:18:00.620+0300: 89.825: Total time for which application threads were stopped: 0.0256433 seconds, Stopping threads took: 0.0001345 seconds
2024-10-09T21:18:00.784+0300: 89.996: Application time: 0.1708196 seconds
2024-10-09T21:18:00.784+0300: 89.996: [GC (Allocation Failure) 2024-10-09T21:18:00.784+0300: 89.996: [ParNew: 460096K->48217K(460096K), 0.0311627 secs] 3131681K->2750177K(4143232K), 0.0312524 secs] [Times: user=0.03 sys=0.00, real=0.04 secs] 
2024-10-09T21:18:00.821+0300: 90.028: Total time for which application threads were stopped: 0.0315329 seconds, Stopping threads took: 0.0001620 seconds
2024-10-09T21:18:01.004+0300: 90.216: Application time: 0.1878197 seconds
2024-10-09T21:18:01.004+0300: 90.216: [GC (Allocation Failure) 2024-10-09T21:18:01.004+0300: 90.216: [ParNew: 457241K->51072K(460096K), 0.0256658 secs] 3159201K->2769488K(4143232K), 0.0257616 secs] [Times: user=0.05 sys=0.00, real=0.03 secs] 
2024-10-09T21:18:01.035+0300: 90.242: Total time for which application threads were stopped: 0.0260351 seconds, Stopping threads took: 0.0001352 seconds
2024-10-09T21:18:01.208+0300: 90.419: Application time: 0.1773977 seconds
2024-10-09T21:18:01.208+0300: 90.419: [GC (Allocation Failure) 2024-10-09T21:18:01.208+0300: 90.419: [ParNew: 460096K->51072K(460096K), 0.0226786 secs] 3178512K->2776988K(4143232K), 0.0227639 secs] [Times: user=0.02 sys=0.00, real=0.02 secs] 
2024-10-09T21:18:01.224+0300: 90.442: Total time for which application threads were stopped: 0.0230359 seconds, Stopping threads took: 0.0001534 seconds
2024-10-09T21:18:01.398+0300: 90.614: Application time: 0.1721776 seconds
2024-10-09T21:18:01.398+0300: 90.614: [GC (Allocation Failure) 2024-10-09T21:18:01.398+0300: 90.614: [ParNew: 460096K->51072K(460096K), 0.0363219 secs] 3186012K->2815102K(4143232K), 0.0364078 secs] [Times: user=0.03 sys=0.00, real=0.05 secs] 
2024-10-09T21:18:01.444+0300: 90.651: Total time for which application threads were stopped: 0.0366447 seconds, Stopping threads took: 0.0001239 seconds
2024-10-09T21:18:01.632+0300: 90.850: Application time: 0.1988812 seconds
2024-10-09T21:18:01.632+0300: 90.850: [GC (Allocation Failure) 2024-10-09T21:18:01.632+0300: 90.850: [ParNew: 460096K->47304K(460096K), 0.0264993 secs] 3224126K->2831873K(4143232K), 0.0265964 secs] [Times: user=0.06 sys=0.00, real=0.03 secs] 
2024-10-09T21:18:01.663+0300: 90.877: Total time for which application threads were stopped: 0.0269140 seconds, Stopping threads took: 0.0001738 seconds
2024-10-09T21:18:01.852+0300: 91.059: Application time: 0.1823571 seconds
2024-10-09T21:18:01.852+0300: 91.059: [GC (Allocation Failure) 2024-10-09T21:18:01.852+0300: 91.059: [ParNew: 456328K->51072K(460096K), 0.0230304 secs] 3240897K->2841625K(4143232K), 0.0231145 secs] [Times: user=0.01 sys=0.00, real=0.02 secs] 
2024-10-09T21:18:01.867+0300: 91.082: Total time for which application threads were stopped: 0.0233772 seconds, Stopping threads took: 0.0001456 seconds
2024-10-09T21:18:02.040+0300: 91.249: Application time: 0.1670832 seconds
2024-10-09T21:18:02.040+0300: 91.250: [GC (Allocation Failure) 2024-10-09T21:18:02.040+0300: 91.250: [ParNew: 460096K->42317K(460096K), 0.0302533 secs] 3250649K->2862829K(4143232K), 0.0303336 secs] [Times: user=0.03 sys=0.00, real=0.03 secs] 
2024-10-09T21:18:02.072+0300: 91.280: Total time for which application threads were stopped: 0.0306623 seconds, Stopping threads took: 0.0002094 seconds
2024-10-09T21:18:02.260+0300: 91.470: Application time: 0.1903299 seconds
2024-10-09T21:18:02.260+0300: 91.471: [GC (Allocation Failure) 2024-10-09T21:18:02.260+0300: 91.471: [ParNew: 451341K->45023K(460096K), 0.0264837 secs] 3271853K->2888269K(4143232K), 0.0265757 secs] [Times: user=0.05 sys=0.00, real=0.03 secs] 
2024-10-09T21:18:02.291+0300: 91.497: Total time for which application threads were stopped: 0.0268117 seconds, Stopping threads took: 0.0001132 seconds
2024-10-09T21:18:02.480+0300: 91.683: Application time: 0.1858946 seconds
2024-10-09T21:18:02.480+0300: 91.683: [GC (Allocation Failure) 2024-10-09T21:18:02.480+0300: 91.683: [ParNew: 454047K->51072K(460096K), 0.0237213 secs] 3297293K->2901179K(4143232K), 0.0238128 secs] [Times: user=0.09 sys=0.00, real=0.01 secs] 
2024-10-09T21:18:02.495+0300: 91.707: Total time for which application threads were stopped: 0.0241346 seconds, Stopping threads took: 0.0001840 seconds
2024-10-09T21:18:02.668+0300: 91.877: Application time: 0.1692835 seconds
2024-10-09T21:18:02.668+0300: 91.877: [GC (Allocation Failure) 2024-10-09T21:18:02.668+0300: 91.877: [ParNew: 460096K->49211K(460096K), 0.0280064 secs] 3310203K->2920509K(4143232K), 0.0280899 secs] [Times: user=0.03 sys=0.00, real=0.03 secs] 
2024-10-09T21:18:02.699+0300: 91.905: Total time for which application threads were stopped: 0.0283424 seconds, Stopping threads took: 0.0001407 seconds
2024-10-09T21:18:02.888+0300: 92.092: Application time: 0.1873394 seconds
2024-10-09T21:18:02.888+0300: 92.092: [GC (Allocation Failure) 2024-10-09T21:18:02.888+0300: 92.092: [ParNew: 458235K->51072K(460096K), 0.0247550 secs] 3329533K->2941435K(4143232K), 0.0248398 secs] [Times: user=0.01 sys=0.00, real=0.02 secs] 
2024-10-09T21:18:02.903+0300: 92.117: Total time for which application threads were stopped: 0.0250825 seconds, Stopping threads took: 0.0001265 seconds
2024-10-09T21:18:03.092+0300: 92.306: Application time: 0.1886147 seconds
2024-10-09T21:18:03.092+0300: 92.306: [GC (Allocation Failure) 2024-10-09T21:18:03.092+0300: 92.306: [ParNew: 460096K->51072K(460096K), 0.0250433 secs] 3350459K->2951783K(4143232K), 0.0251248 secs] [Times: user=0.03 sys=0.00, real=0.03 secs] 
2024-10-09T21:18:03.126+0300: 92.331: Total time for which application threads were stopped: 0.0254015 seconds, Stopping threads took: 0.0001551 seconds
2024-10-09T21:18:03.280+0300: 92.499: Application time: 0.1675931 seconds
2024-10-09T21:18:03.296+0300: 92.499: [GC (Allocation Failure) 2024-10-09T21:18:03.296+0300: 92.499: [ParNew: 460096K->47029K(460096K), 0.0307985 secs] 3360807K->2974329K(4143232K), 0.0308858 secs] [Times: user=0.01 sys=0.00, real=0.03 secs] 
2024-10-09T21:18:03.326+0300: 92.530: Total time for which application threads were stopped: 0.0312153 seconds, Stopping threads took: 0.0001373 seconds
2024-10-09T21:18:03.500+0300: 92.717: Application time: 0.1865040 seconds
2024-10-09T21:18:03.500+0300: 92.717: [GC (Allocation Failure) 2024-10-09T21:18:03.500+0300: 92.717: [ParNew: 456053K->51072K(460096K), 0.0265747 secs] 3383353K->2995670K(4143232K), 0.0266678 secs] [Times: user=0.03 sys=0.00, real=0.03 secs] 
2024-10-09T21:18:03.532+0300: 92.744: Total time for which application threads were stopped: 0.0269516 seconds, Stopping threads took: 0.0001620 seconds
2024-10-09T21:18:03.720+0300: 92.927: Application time: 0.1836480 seconds
2024-10-09T21:18:03.720+0300: 92.927: [GC (Allocation Failure) 2024-10-09T21:18:03.720+0300: 92.928: [ParNew: 460096K->51072K(460096K), 0.0244739 secs] 3404694K->3009277K(4143232K), 0.0245657 secs] [Times: user=0.02 sys=0.00, real=0.02 secs] 
2024-10-09T21:18:03.736+0300: 92.952: Total time for which application threads were stopped: 0.0248224 seconds, Stopping threads took: 0.0001246 seconds
2024-10-09T21:18:03.927+0300: 93.138: Application time: 0.1857048 seconds
2024-10-09T21:18:03.927+0300: 93.138: [GC (Allocation Failure) 2024-10-09T21:18:03.927+0300: 93.138: [ParNew: 460096K->51072K(460096K), 0.0252325 secs] 3418301K->3024678K(4143232K), 0.0253246 secs] [Times: user=0.06 sys=0.00, real=0.03 secs] 
2024-10-09T21:18:03.955+0300: 93.163: Total time for which application threads were stopped: 0.0256206 seconds, Stopping threads took: 0.0001574 seconds
2024-10-09T21:18:04.143+0300: 93.350: Application time: 0.1861921 seconds
2024-10-09T21:18:04.143+0300: 93.350: [GC (Allocation Failure) 2024-10-09T21:18:04.143+0300: 93.350: [ParNew: 460096K->51072K(460096K), 0.0293340 secs] 3433702K->3046579K(4143232K), 0.0294209 secs] [Times: user=0.16 sys=0.00, real=0.03 secs] 
2024-10-09T21:18:04.174+0300: 93.380: Total time for which application threads were stopped: 0.0299460 seconds, Stopping threads took: 0.0004030 seconds
2024-10-09T21:18:04.347+0300: 93.563: Application time: 0.1838460 seconds
2024-10-09T21:18:04.347+0300: 93.564: [GC (Allocation Failure) 2024-10-09T21:18:04.347+0300: 93.564: [ParNew: 460096K->51072K(460096K), 0.0258271 secs] 3455603K->3065626K(4143232K), 0.0259163 secs] [Times: user=0.16 sys=0.00, real=0.03 secs] 
2024-10-09T21:18:04.378+0300: 93.590: Total time for which application threads were stopped: 0.0261893 seconds, Stopping threads took: 0.0001391 seconds
2024-10-09T21:18:04.567+0300: 93.780: Application time: 0.1903139 seconds
2024-10-09T21:18:04.567+0300: 93.780: [GC (Allocation Failure) 2024-10-09T21:18:04.567+0300: 93.780: [ParNew: 460096K->51072K(460096K), 0.0260901 secs] 3474650K->3081465K(4143232K), 0.0261742 secs] [Times: user=0.12 sys=0.00, real=0.03 secs] 
2024-10-09T21:18:04.598+0300: 93.806: Total time for which application threads were stopped: 0.0264412 seconds, Stopping threads took: 0.0001425 seconds
2024-10-09T21:18:04.771+0300: 93.989: Application time: 0.1823677 seconds
2024-10-09T21:18:04.771+0300: 93.989: [GC (Allocation Failure) 2024-10-09T21:18:04.771+0300: 93.989: [ParNew: 460096K->51072K(460096K), 0.0246136 secs] 3490489K->3093482K(4143232K), 0.0246987 secs] [Times: user=0.11 sys=0.00, real=0.03 secs] 
2024-10-09T21:18:04.802+0300: 94.014: Total time for which application threads were stopped: 0.0249922 seconds, Stopping threads took: 0.0001459 seconds
2024-10-09T21:18:04.975+0300: 94.188: Application time: 0.1740617 seconds
2024-10-09T21:18:04.975+0300: 94.188: [GC (Allocation Failure) 2024-10-09T21:18:04.975+0300: 94.188: [ParNew: 460096K->51072K(460096K), 0.0319869 secs] 3502506K->3123466K(4143232K), 0.0320716 secs] [Times: user=0.11 sys=0.00, real=0.03 secs] 
2024-10-09T21:18:05.006+0300: 94.220: Total time for which application threads were stopped: 0.0323893 seconds, Stopping threads took: 0.0001807 seconds
2024-10-09T21:18:05.194+0300: 94.406: Application time: 0.1854902 seconds
2024-10-09T21:18:05.194+0300: 94.406: [GC (Allocation Failure) 2024-10-09T21:18:05.194+0300: 94.406: [ParNew: 460096K->51072K(460096K), 0.0262767 secs] 3532490K->3142869K(4143232K), 0.0263581 secs] [Times: user=0.19 sys=0.00, real=0.03 secs] 
2024-10-09T21:18:05.226+0300: 94.432: Total time for which application threads were stopped: 0.0266122 seconds, Stopping threads took: 0.0001180 seconds
2024-10-09T21:18:05.414+0300: 94.620: Application time: 0.1876939 seconds
2024-10-09T21:18:05.414+0300: 94.620: [GC (Allocation Failure) 2024-10-09T21:18:05.414+0300: 94.620: [ParNew: 460096K->51072K(460096K), 0.0289892 secs] 3551893K->3163408K(4143232K), 0.0290832 secs] [Times: user=0.28 sys=0.00, real=0.03 secs] 
2024-10-09T21:18:05.446+0300: 94.649: Total time for which application threads were stopped: 0.0293840 seconds, Stopping threads took: 0.0001664 seconds
2024-10-09T21:18:05.618+0300: 94.828: Application time: 0.1785722 seconds
2024-10-09T21:18:05.618+0300: 94.828: [GC (Allocation Failure) 2024-10-09T21:18:05.618+0300: 94.828: [ParNew: 460096K->51072K(460096K), 0.0297698 secs] 3572432K->3185860K(4143232K), 0.0298648 secs] [Times: user=0.11 sys=0.00, real=0.03 secs] 
2024-10-09T21:18:05.650+0300: 94.858: Total time for which application threads were stopped: 0.0301476 seconds, Stopping threads took: 0.0001487 seconds
2024-10-09T21:18:05.832+0300: 95.036: Application time: 0.1783304 seconds
2024-10-09T21:18:05.832+0300: 95.037: [GC (Allocation Failure) 2024-10-09T21:18:05.832+0300: 95.037: [ParNew: 460096K->51072K(460096K), 0.0261618 secs] 3594884K->3207481K(4143232K), 0.0262490 secs] [Times: user=0.11 sys=0.00, real=0.03 secs] 
2024-10-09T21:18:05.859+0300: 95.063: Total time for which application threads were stopped: 0.0266754 seconds, Stopping threads took: 0.0002554 seconds
2024-10-09T21:18:06.042+0300: 95.257: Application time: 0.1936553 seconds
2024-10-09T21:18:06.042+0300: 95.257: [GC (Allocation Failure) 2024-10-09T21:18:06.042+0300: 95.257: [ParNew: 460096K->51072K(460096K), 0.0246938 secs] 3616505K->3219115K(4143232K), 0.0247855 secs] [Times: user=0.11 sys=0.00, real=0.03 secs] 
2024-10-09T21:18:06.074+0300: 95.282: Total time for which application threads were stopped: 0.0250734 seconds, Stopping threads took: 0.0001542 seconds
2024-10-09T21:18:06.246+0300: 95.452: Application time: 0.1701492 seconds
2024-10-09T21:18:06.246+0300: 95.452: [GC (Allocation Failure) 2024-10-09T21:18:06.246+0300: 95.452: [ParNew: 460096K->51072K(460096K), 0.0253629 secs] 3628139K->3233201K(4143232K), 0.0254427 secs] [Times: user=0.17 sys=0.00, real=0.02 secs] 
2024-10-09T21:18:06.262+0300: 95.478: Total time for which application threads were stopped: 0.0257106 seconds, Stopping threads took: 0.0001371 seconds
2024-10-09T21:18:06.450+0300: 95.661: Application time: 0.1834220 seconds
2024-10-09T21:18:06.450+0300: 95.661: [GC (Allocation Failure) 2024-10-09T21:18:06.450+0300: 95.661: [ParNew: 460096K->45218K(460096K), 0.0283054 secs] 3642225K->3253509K(4143232K), 0.0284129 secs] [Times: user=0.14 sys=0.01, real=0.03 secs] 
2024-10-09T21:18:06.482+0300: 95.690: Total time for which application threads were stopped: 0.0286620 seconds, Stopping threads took: 0.0001176 seconds
2024-10-09T21:18:06.670+0300: 95.888: Application time: 0.1984178 seconds
2024-10-09T21:18:06.670+0300: 95.888: [GC (Allocation Failure) 2024-10-09T21:18:06.670+0300: 95.888: [ParNew: 454242K->51072K(460096K), 0.0228835 secs] 3662533K->3266704K(4143232K), 0.0229686 secs] [Times: user=0.03 sys=0.00, real=0.03 secs] 
2024-10-09T21:18:06.701+0300: 95.911: Total time for which application threads were stopped: 0.0232319 seconds, Stopping threads took: 0.0001397 seconds
2024-10-09T21:18:06.875+0300: 96.085: Application time: 0.1738582 seconds
2024-10-09T21:18:06.875+0300: 96.086: [GC (Allocation Failure) 2024-10-09T21:18:06.875+0300: 96.086: [ParNew: 460096K->51072K(460096K), 0.0304492 secs] 3675728K->3288264K(4143232K), 0.0305301 secs] [Times: user=0.03 sys=0.00, real=0.03 secs] 
2024-10-09T21:18:06.906+0300: 96.116: Total time for which application threads were stopped: 0.0308184 seconds, Stopping threads took: 0.0001723 seconds
2024-10-09T21:18:07.079+0300: 96.287: Application time: 0.1709703 seconds
2024-10-09T21:18:07.079+0300: 96.287: [GC (Allocation Failure) 2024-10-09T21:18:07.079+0300: 96.287: [ParNew: 460096K->42648K(460096K), 0.0298546 secs] 3697288K->3311521K(4143232K), 0.0299468 secs] [Times: user=0.03 sys=0.00, real=0.03 secs] 
2024-10-09T21:18:07.110+0300: 96.317: Total time for which application threads were stopped: 0.0302473 seconds, Stopping threads took: 0.0001797 seconds
2024-10-09T21:18:07.110+0300: 96.318: Application time: 0.0002144 seconds
2024-10-09T21:18:07.110+0300: 96.318: [GC (CMS Initial Mark) [1 CMS-initial-mark: 3268872K(3683136K)] 3319659K(4143232K), 0.0045083 secs] [Times: user=0.00 sys=0.00, real=0.00 secs] 
2024-10-09T21:18:07.110+0300: 96.322: Total time for which application threads were stopped: 0.0047810 seconds, Stopping threads took: 0.0001841 seconds
2024-10-09T21:18:07.110+0300: 96.322: [CMS-concurrent-mark-start]
2024-10-09T21:18:07.134+0300: 96.343: [CMS-concurrent-mark: 0.020/0.020 secs] [Times: user=0.03 sys=0.00, real=0.02 secs] 
2024-10-09T21:18:07.134+0300: 96.343: [CMS-concurrent-preclean-start]
2024-10-09T21:18:07.141+0300: 96.347: [CMS-concurrent-preclean: 0.004/0.004 secs] [Times: user=0.00 sys=0.00, real=0.01 secs] 
2024-10-09T21:18:07.141+0300: 96.347: [CMS-concurrent-abortable-preclean-start]
2024-10-09T21:18:07.345+0300: 96.554: Application time: 0.2311911 seconds
2024-10-09T21:18:07.345+0300: 96.554: [GC (Allocation Failure) 2024-10-09T21:18:07.345+0300: 96.554: [ParNew: 451672K->51072K(460096K), 0.0252057 secs] 3720545K->3331141K(4143232K), 0.0252929 secs] [Times: user=0.05 sys=0.00, real=0.02 secs] 
2024-10-09T21:18:07.361+0300: 96.579: Total time for which application threads were stopped: 0.0255655 seconds, Stopping threads took: 0.0001497 seconds
2024-10-09T21:18:07.581+0300: 96.789: Application time: 0.2097726 seconds
2024-10-09T21:18:07.581+0300: 96.789: [GC (Allocation Failure) 2024-10-09T21:18:07.581+0300: 96.789: [ParNew: 460096K->51072K(460096K), 0.0387795 secs] 3740165K->3365624K(4143232K), 0.0388715 secs] [Times: user=0.06 sys=0.00, real=0.03 secs] 
2024-10-09T21:18:07.612+0300: 96.828: Total time for which application threads were stopped: 0.0391775 seconds, Stopping threads took: 0.0001765 seconds
2024-10-09T21:18:07.628+0300: 96.832: [CMS-concurrent-abortable-preclean: 0.420/0.485 secs] [Times: user=2.52 sys=0.00, real=0.49 secs] 
2024-10-09T21:18:07.659+0300: 96.862: Application time: 0.0343719 seconds
2024-10-09T21:18:07.659+0300: 96.863: [GC (CMS Final Remark) [YG occupancy: 118731 K (460096 K)]2024-10-09T21:18:07.659+0300: 96.863: [Rescan (parallel) , 0.0157384 secs]2024-10-09T21:18:07.675+0300: 96.878: [weak refs processing, 0.0000175 secs]2024-10-09T21:18:07.675+0300: 96.878: [class unloading, 0.0021162 secs]2024-10-09T21:18:07.675+0300: 96.881: [scrub symbol table, 0.0007364 secs]2024-10-09T21:18:07.675+0300: 96.881: [scrub string table, 0.0002033 secs][1 CMS-remark: 3314552K(3683136K)] 3433283K(4143232K), 0.0189456 secs] [Times: user=0.02 sys=0.00, real=0.02 secs] 
2024-10-09T21:18:07.675+0300: 96.882: Total time for which application threads were stopped: 0.0191732 seconds, Stopping threads took: 0.0001341 seconds
2024-10-09T21:18:07.675+0300: 96.882: [CMS-concurrent-sweep-start]
2024-10-09T21:18:07.836+0300: 97.044: Application time: 0.1625181 seconds
2024-10-09T21:18:07.836+0300: 97.045: [GC (Allocation Failure) 2024-10-09T21:18:07.836+0300: 97.045: [ParNew: 460096K->51072K(460096K), 0.0255315 secs] 3496750K->3103893K(4143232K), 0.0256264 secs] [Times: user=0.02 sys=0.00, real=0.03 secs] 
2024-10-09T21:18:07.863+0300: 97.070: Total time for which application threads were stopped: 0.0263290 seconds, Stopping threads took: 0.0005655 seconds
2024-10-09T21:18:08.086+0300: 97.289: Application time: 0.2184571 seconds
2024-10-09T21:18:08.086+0300: 97.289: [GC (Allocation Failure) 2024-10-09T21:18:08.086+0300: 97.289: [ParNew: 460096K->42394K(460096K), 0.0295992 secs] 3158931K->2769461K(4143232K), 0.0296796 secs] [Times: user=0.03 sys=0.00, real=0.03 secs] 
2024-10-09T21:18:08.115+0300: 97.319: Total time for which application threads were stopped: 0.0299928 seconds, Stopping threads took: 0.0001702 seconds
2024-10-09T21:18:08.337+0300: 97.549: Application time: 0.2299828 seconds
2024-10-09T21:18:08.337+0300: 97.549: [GC (Allocation Failure) 2024-10-09T21:18:08.337+0300: 97.549: [ParNew: 451418K->51072K(460096K), 0.0274492 secs] 2828425K->2443799K(4143232K), 0.0275443 secs] [Times: user=0.01 sys=0.00, real=0.03 secs] 
2024-10-09T21:18:08.366+0300: 97.577: Total time for which application threads were stopped: 0.0278246 seconds, Stopping threads took: 0.0001601 seconds
2024-10-09T21:18:08.586+0300: 97.789: Application time: 0.2125230 seconds
2024-10-09T21:18:08.586+0300: 97.789: [GC (Allocation Failure) 2024-10-09T21:18:08.586+0300: 97.790: [ParNew: 460096K->47072K(460096K), 0.0270620 secs] 2521803K->2125338K(4143232K), 0.0271596 secs] [Times: user=0.05 sys=0.00, real=0.02 secs] 
2024-10-09T21:18:08.601+0300: 97.817: Total time for which application threads were stopped: 0.0274156 seconds, Stopping threads took: 0.0001140 seconds
2024-10-09T21:18:08.821+0300: 98.027: Application time: 0.2105900 seconds
2024-10-09T21:18:08.821+0300: 98.028: [GC (Allocation Failure) 2024-10-09T21:18:08.821+0300: 98.028: [ParNew: 456096K->51072K(460096K), 0.0230416 secs] 2203827K->1813247K(4143232K), 0.0231327 secs] [Times: user=0.03 sys=0.00, real=0.02 secs] 
2024-10-09T21:18:08.838+0300: 98.051: Total time for which application threads were stopped: 0.0234519 seconds, Stopping threads took: 0.0001802 seconds
2024-10-09T21:18:09.041+0300: 98.259: Application time: 0.2086759 seconds
2024-10-09T21:18:09.056+0300: 98.260: [GC (Allocation Failure) 2024-10-09T21:18:09.056+0300: 98.260: [ParNew: 460096K->51072K(460096K), 0.0255903 secs] 1927048K->1536216K(4143232K), 0.0256778 secs] [Times: user=0.01 sys=0.00, real=0.02 secs] 
2024-10-09T21:18:09.072+0300: 98.285: Total time for which application threads were stopped: 0.0260204 seconds, Stopping threads took: 0.0001960 seconds
2024-10-09T21:18:09.277+0300: 98.489: Application time: 0.2040378 seconds
2024-10-09T21:18:09.277+0300: 98.490: [GC (Allocation Failure) 2024-10-09T21:18:09.277+0300: 98.490: [ParNew: 460096K->51072K(460096K), 0.0271062 secs] 1675851K->1284697K(4143232K), 0.0271955 secs] [Times: user=0.05 sys=0.00, real=0.03 secs] 
2024-10-09T21:18:09.308+0300: 98.517: Total time for which application threads were stopped: 0.0275140 seconds, Stopping threads took: 0.0001885 seconds
2024-10-09T21:18:09.527+0300: 98.737: Application time: 0.2202474 seconds
2024-10-09T21:18:09.527+0300: 98.738: [GC (Allocation Failure) 2024-10-09T21:18:09.527+0300: 98.738: [ParNew: 460096K->44246K(460096K), 0.0330025 secs] 1398551K->1014366K(4143232K), 0.0331087 secs] [Times: user=0.08 sys=0.00, real=0.03 secs] 
2024-10-09T21:18:09.559+0300: 98.771: Total time for which application threads were stopped: 0.0335834 seconds, Stopping threads took: 0.0003358 seconds
2024-10-09T21:18:09.779+0300: 98.988: Application time: 0.2167460 seconds
2024-10-09T21:18:09.779+0300: 98.988: [GC (Allocation Failure) 2024-10-09T21:18:09.779+0300: 98.988: [ParNew: 453270K->51072K(460096K), 0.0248207 secs] 1138308K->746822K(4143232K), 0.0249064 secs] [Times: user=0.01 sys=0.00, real=0.02 secs] 
2024-10-09T21:18:09.795+0300: 99.013: Total time for which application threads were stopped: 0.0252318 seconds, Stopping threads took: 0.0002081 seconds
2024-10-09T21:18:09.999+0300: 99.216: Application time: 0.2029985 seconds
2024-10-09T21:18:09.999+0300: 99.216: [GC (Allocation Failure) 2024-10-09T21:18:09.999+0300: 99.216: [ParNew: 460096K->51072K(460096K), 0.0290766 secs] 899116K->517596K(4143232K), 0.0291583 secs] [Times: user=0.05 sys=0.00, real=0.04 secs] 
2024-10-09T21:18:10.041+0300: 99.245: Total time for which application threads were stopped: 0.0294269 seconds, Stopping threads took: 0.0001489 seconds
2024-10-09T21:18:10.171+0300: 99.376: [CMS-concurrent-sweep: 2.217/2.494 secs] [Times: user=13.16 sys=0.00, real=2.50 secs] 
2024-10-09T21:18:10.171+0300: 99.376: [CMS-concurrent-reset-start]
2024-10-09T21:18:10.171+0300: 99.384: [CMS-concurrent-reset: 0.008/0.008 secs] [Times: user=0.00 sys=0.00, real=0.00 secs] 
2024-10-09T21:18:10.241+0300: 99.447: Application time: 0.2016515 seconds
2024-10-09T21:18:10.241+0300: 99.447: [GC (Allocation Failure) 2024-10-09T21:18:10.241+0300: 99.447: [ParNew: 460096K->51072K(460096K), 0.0222323 secs] 742017K->340990K(4143232K), 0.0223195 secs] [Times: user=0.02 sys=0.00, real=0.03 secs] 
2024-10-09T21:18:10.266+0300: 99.469: Total time for which application threads were stopped: 0.0225892 seconds, Stopping threads took: 0.0001332 seconds
2024-10-09T21:18:10.442+0300: 99.647: Application time: 0.1778289 seconds
2024-10-09T21:18:10.442+0300: 99.648: [GC (Allocation Failure) 2024-10-09T21:18:10.442+0300: 99.648: [ParNew: 460096K->51072K(460096K), 0.0281060 secs] 750014K->365336K(4143232K), 0.0281920 secs] [Times: user=0.03 sys=0.00, real=0.03 secs] 
2024-10-09T21:18:10.470+0300: 99.676: Total time for which application threads were stopped: 0.0284528 seconds, Stopping threads took: 0.0001467 seconds
2024-10-09T21:18:10.642+0300: 99.859: Application time: 0.1835534 seconds
2024-10-09T21:18:10.642+0300: 99.860: [GC (Allocation Failure) 2024-10-09T21:18:10.642+0300: 99.860: [ParNew: 460096K->51072K(460096K), 0.0242498 secs] 774360K->379519K(4143232K), 0.0243441 secs] [Times: user=0.03 sys=0.00, real=0.03 secs] 
2024-10-09T21:18:10.674+0300: 99.884: Total time for which application threads were stopped: 0.0246976 seconds, Stopping threads took: 0.0002159 seconds
2024-10-09T21:18:10.846+0300: 100.064: Application time: 0.1798322 seconds
2024-10-09T21:18:10.846+0300: 100.064: [GC (Allocation Failure) 2024-10-09T21:18:10.846+0300: 100.064: [ParNew: 460096K->50109K(460096K), 0.0332304 secs] 788543K->409716K(4143232K), 0.0333219 secs] [Times: user=0.05 sys=0.00, real=0.05 secs] 
2024-10-09T21:18:10.894+0300: 100.097: Total time for which application threads were stopped: 0.0335911 seconds, Stopping threads took: 0.0001413 seconds
2024-10-09T21:18:11.066+0300: 100.274: Application time: 0.1765757 seconds
2024-10-09T21:18:11.066+0300: 100.274: [GC (Allocation Failure) 2024-10-09T21:18:11.066+0300: 100.274: [ParNew: 459133K->51072K(460096K), 0.0246399 secs] 818740K->427679K(4143232K), 0.0247337 secs] [Times: user=0.02 sys=0.00, real=0.02 secs] 
2024-10-09T21:18:11.082+0300: 100.299: Total time for which application threads were stopped: 0.0250177 seconds, Stopping threads took: 0.0001634 seconds
2024-10-09T21:18:11.270+0300: 100.479: Application time: 0.1798489 seconds
2024-10-09T21:18:11.270+0300: 100.479: [GC (Allocation Failure) 2024-10-09T21:18:11.270+0300: 100.479: [ParNew: 460096K->51072K(460096K), 0.0235141 secs] 836703K->441075K(4143232K), 0.0235972 secs] [Times: user=0.02 sys=0.00, real=0.02 secs] 
2024-10-09T21:18:11.286+0300: 100.503: Total time for which application threads were stopped: 0.0238943 seconds, Stopping threads took: 0.0001716 seconds
2024-10-09T21:18:11.474+0300: 100.682: Application time: 0.1796835 seconds
2024-10-09T21:18:11.474+0300: 100.683: [GC (Allocation Failure) 2024-10-09T21:18:11.474+0300: 100.683: [ParNew: 460096K->51072K(460096K), 0.0274214 secs] 850099K->460162K(4143232K), 0.0275154 secs] [Times: user=0.06 sys=0.00, real=0.03 secs] 
2024-10-09T21:18:11.505+0300: 100.710: Total time for which application threads were stopped: 0.0278044 seconds, Stopping threads took: 0.0001465 seconds
2024-10-09T21:18:11.678+0300: 100.885: Application time: 0.1751430 seconds
2024-10-09T21:18:11.678+0300: 100.886: [GC (Allocation Failure) 2024-10-09T21:18:11.678+0300: 100.886: [ParNew: 460096K->51072K(460096K), 0.0306719 secs] 869186K->489959K(4143232K), 0.0307552 secs] [Times: user=0.03 sys=0.00, real=0.03 secs] 
2024-10-09T21:18:11.709+0300: 100.916: Total time for which application threads were stopped: 0.0310438 seconds, Stopping threads took: 0.0001689 seconds
2024-10-09T21:18:11.882+0300: 101.100: Application time: 0.1838022 seconds
2024-10-09T21:18:11.882+0300: 101.101: [GC (Allocation Failure) 2024-10-09T21:18:11.882+0300: 101.101: [ParNew: 460096K->51072K(460096K), 0.0268912 secs] 898983K->507539K(4143232K), 0.0269912 secs] [Times: user=0.03 sys=0.00, real=0.03 secs] 
2024-10-09T21:18:11.913+0300: 101.128: Total time for which application threads were stopped: 0.0272862 seconds, Stopping threads took: 0.0001405 seconds
2024-10-09T21:18:12.102+0300: 101.308: Application time: 0.1801754 seconds
2024-10-09T21:18:12.102+0300: 101.308: [GC (Allocation Failure) 2024-10-09T21:18:12.102+0300: 101.308: [ParNew: 460096K->51072K(460096K), 0.0275443 secs] 916563K->526956K(4143232K), 0.0276286 secs] [Times: user=0.02 sys=0.00, real=0.02 secs] 
2024-10-09T21:18:12.117+0300: 101.336: Total time for which application threads were stopped: 0.0278996 seconds, Stopping threads took: 0.0001400 seconds
2024-10-09T21:18:12.290+0300: 101.504: Application time: 0.1679183 seconds
2024-10-09T21:18:12.290+0300: 101.504: [GC (Allocation Failure) 2024-10-09T21:18:12.290+0300: 101.504: [ParNew: 460096K->46509K(460096K), 0.0268557 secs] 935980K->547874K(4143232K), 0.0269385 secs] [Times: user=0.09 sys=0.00, real=0.03 secs] 
2024-10-09T21:18:12.321+0300: 101.531: Total time for which application threads were stopped: 0.0272211 seconds, Stopping threads took: 0.0001597 seconds
2024-10-09T21:18:12.509+0300: 101.728: Application time: 0.1969199 seconds
2024-10-09T21:18:12.509+0300: 101.728: [GC (Allocation Failure) 2024-10-09T21:18:12.509+0300: 101.728: [ParNew: 455533K->51072K(460096K), 0.0240924 secs] 956898K->563409K(4143232K), 0.0241921 secs] [Times: user=0.16 sys=0.00, real=0.04 secs] 
2024-10-09T21:18:12.546+0300: 101.752: Total time for which application threads were stopped: 0.0244521 seconds, Stopping threads took: 0.0001238 seconds
2024-10-09T21:18:12.729+0300: 101.935: Application time: 0.1824582 seconds
2024-10-09T21:18:12.729+0300: 101.935: [GC (Allocation Failure) 2024-10-09T21:18:12.729+0300: 101.935: [ParNew: 460096K->51072K(460096K), 0.0272140 secs] 972433K->582063K(4143232K), 0.0273015 secs] [Times: user=0.01 sys=0.00, real=0.02 secs] 
2024-10-09T21:18:12.747+0300: 101.962: Total time for which application threads were stopped: 0.0275884 seconds, Stopping threads took: 0.0001678 seconds
2024-10-09T21:18:12.918+0300: 102.129: Application time: 0.1671232 seconds
2024-10-09T21:18:12.918+0300: 102.130: [GC (Allocation Failure) 2024-10-09T21:18:12.918+0300: 102.130: [ParNew: 460096K->51072K(460096K), 0.0264228 secs] 991087K->605055K(4143232K), 0.0265121 secs] [Times: user=0.03 sys=0.00, real=0.03 secs] 
2024-10-09T21:18:12.949+0300: 102.156: Total time for which application threads were stopped: 0.0267812 seconds, Stopping threads took: 0.0001521 seconds
2024-10-09T21:18:13.137+0300: 102.343: Application time: 0.1871231 seconds
2024-10-09T21:18:13.137+0300: 102.343: [GC (Allocation Failure) 2024-10-09T21:18:13.137+0300: 102.344: [ParNew: 460096K->51072K(460096K), 0.0255288 secs] 1014079K->620611K(4143232K), 0.0256179 secs] [Times: user=0.01 sys=0.00, real=0.02 secs] 
2024-10-09T21:18:13.153+0300: 102.369: Total time for which application threads were stopped: 0.0258839 seconds, Stopping threads took: 0.0001258 seconds
2024-10-09T21:18:13.348+0300: 102.555: Application time: 0.1862640 seconds
2024-10-09T21:18:13.348+0300: 102.556: [GC (Allocation Failure) 2024-10-09T21:18:13.348+0300: 102.556: [ParNew: 460096K->51072K(460096K), 0.0252286 secs] 1029635K->635730K(4143232K), 0.0253175 secs] [Times: user=0.06 sys=0.00, real=0.03 secs] 
2024-10-09T21:18:13.374+0300: 102.581: Total time for which application threads were stopped: 0.0255948 seconds, Stopping threads took: 0.0001560 seconds
2024-10-09T21:18:13.548+0300: 102.756: Application time: 0.1746714 seconds
2024-10-09T21:18:13.548+0300: 102.756: [GC (Allocation Failure) 2024-10-09T21:18:13.548+0300: 102.756: [ParNew: 460096K->51072K(460096K), 0.0271745 secs] 1044754K->655100K(4143232K), 0.0272629 secs] [Times: user=0.02 sys=0.00, real=0.03 secs] 
2024-10-09T21:18:13.577+0300: 102.783: Total time for which application threads were stopped: 0.0275513 seconds, Stopping threads took: 0.0001599 seconds
2024-10-09T21:18:13.750+0300: 102.959: Application time: 0.1758055 seconds
2024-10-09T21:18:13.750+0300: 102.959: [GC (Allocation Failure) 2024-10-09T21:18:13.750+0300: 102.959: [ParNew: 460096K->45285K(460096K), 0.0254097 secs] 1064124K->672247K(4143232K), 0.0254939 secs] [Times: user=0.03 sys=0.00, real=0.03 secs] 
2024-10-09T21:18:13.781+0300: 102.985: Total time for which application threads were stopped: 0.0257413 seconds, Stopping threads took: 0.0001337 seconds
2024-10-09T21:18:13.970+0300: 103.177: Application time: 0.1917890 seconds
2024-10-09T21:18:13.970+0300: 103.177: [GC (Allocation Failure) 2024-10-09T21:18:13.970+0300: 103.177: [ParNew: 454309K->51072K(460096K), 0.0238438 secs] 1081271K->690747K(4143232K), 0.0239321 secs] [Times: user=0.02 sys=0.00, real=0.02 secs] 
2024-10-09T21:18:13.986+0300: 103.201: Total time for which application threads were stopped: 0.0241777 seconds, Stopping threads took: 0.0001331 seconds
2024-10-09T21:18:14.159+0300: 103.371: Application time: 0.1699539 seconds
2024-10-09T21:18:14.159+0300: 103.371: [GC (Allocation Failure) 2024-10-09T21:18:14.159+0300: 103.371: [ParNew: 460096K->51072K(460096K), 0.0258140 secs] 1099771K->704147K(4143232K), 0.0259040 secs] [Times: user=0.03 sys=0.00, real=0.03 secs] 
2024-10-09T21:18:14.190+0300: 103.397: Total time for which application threads were stopped: 0.0262062 seconds, Stopping threads took: 0.0001720 seconds
2024-10-09T21:18:14.363+0300: 103.570: Application time: 0.1731779 seconds
2024-10-09T21:18:14.363+0300: 103.570: [GC (Allocation Failure) 2024-10-09T21:18:14.363+0300: 103.570: [ParNew: 460096K->41203K(460096K), 0.0294277 secs] 1113171K->725634K(4143232K), 0.0295082 secs] [Times: user=0.03 sys=0.00, real=0.03 secs] 
2024-10-09T21:18:14.394+0300: 103.600: Total time for which application threads were stopped: 0.0297749 seconds, Stopping threads took: 0.0001521 seconds
2024-10-09T21:18:14.582+0300: 103.796: Application time: 0.1961947 seconds
2024-10-09T21:18:14.582+0300: 103.796: [GC (Allocation Failure) 2024-10-09T21:18:14.582+0300: 103.796: [ParNew: 450227K->49353K(460096K), 0.0254145 secs] 1134658K->748919K(4143232K), 0.0255172 secs] [Times: user=0.03 sys=0.00, real=0.03 secs] 
2024-10-09T21:18:14.614+0300: 103.822: Total time for which application threads were stopped: 0.0258282 seconds, Stopping threads took: 0.0001612 seconds
2024-10-09T21:18:14.787+0300: 103.996: Application time: 0.1742273 seconds
2024-10-09T21:18:14.787+0300: 103.996: [GC (Allocation Failure) 2024-10-09T21:18:14.787+0300: 103.996: [ParNew: 458377K->51072K(460096K), 0.0221627 secs] 1157943K->757432K(4143232K), 0.0222490 secs] [Times: user=0.02 sys=0.00, real=0.02 secs] 
2024-10-09T21:18:14.802+0300: 104.019: Total time for which application threads were stopped: 0.0225111 seconds, Stopping threads took: 0.0001412 seconds
2024-10-09T21:18:14.975+0300: 104.183: Application time: 0.1647093 seconds
2024-10-09T21:18:14.975+0300: 104.184: [GC (Allocation Failure) 2024-10-09T21:18:14.975+0300: 104.184: [ParNew: 460096K->49058K(460096K), 0.0292965 secs] 1166456K->785795K(4143232K), 0.0293790 secs] [Times: user=0.03 sys=0.00, real=0.03 secs] 
2024-10-09T21:18:15.006+0300: 104.213: Total time for which application threads were stopped: 0.0296444 seconds, Stopping threads took: 0.0001436 seconds
2024-10-09T21:18:15.194+0300: 104.406: Application time: 0.1929059 seconds
2024-10-09T21:18:15.194+0300: 104.406: [GC (Allocation Failure) 2024-10-09T21:18:15.194+0300: 104.406: [ParNew: 458082K->51072K(460096K), 0.0230347 secs] 1194819K->792539K(4143232K), 0.0231148 secs] [Times: user=0.03 sys=0.00, real=0.03 secs] 
2024-10-09T21:18:15.226+0300: 104.429: Total time for which application threads were stopped: 0.0233624 seconds, Stopping threads took: 0.0001258 seconds
2024-10-09T21:18:15.399+0300: 104.611: Application time: 0.1816243 seconds
2024-10-09T21:18:15.399+0300: 104.611: [GC (Allocation Failure) 2024-10-09T21:18:15.399+0300: 104.611: [ParNew: 460096K->51072K(460096K), 0.0366515 secs] 1201563K->823797K(4143232K), 0.0367380 secs] [Times: user=0.06 sys=0.00, real=0.03 secs] 
2024-10-09T21:18:15.430+0300: 104.648: Total time for which application threads were stopped: 0.0370037 seconds, Stopping threads took: 0.0001516 seconds
2024-10-09T21:18:15.602+0300: 104.815: Application time: 0.1674772 seconds
2024-10-09T21:18:15.602+0300: 104.816: [GC (Allocation Failure) 2024-10-09T21:18:15.602+0300: 104.816: [ParNew: 460096K->51072K(460096K), 0.0293474 secs] 1232821K->853027K(4143232K), 0.0294373 secs] [Times: user=0.03 sys=0.00, real=0.03 secs] 
2024-10-09T21:18:15.634+0300: 104.845: Total time for which application threads were stopped: 0.0297194 seconds, Stopping threads took: 0.0001697 seconds
2024-10-09T21:18:15.823+0300: 105.040: Application time: 0.1944677 seconds
2024-10-09T21:18:15.823+0300: 105.040: [GC (Allocation Failure) 2024-10-09T21:18:15.823+0300: 105.040: [ParNew: 460096K->46959K(460096K), 0.0255503 secs] 1262051K->865475K(4143232K), 0.0256351 secs] [Times: user=0.05 sys=0.00, real=0.03 secs] 
2024-10-09T21:18:15.854+0300: 105.065: Total time for which application threads were stopped: 0.0259011 seconds, Stopping threads took: 0.0001415 seconds
2024-10-09T21:18:16.042+0300: 105.253: Application time: 0.1878426 seconds
2024-10-09T21:18:16.042+0300: 105.254: [GC (Allocation Failure) 2024-10-09T21:18:16.042+0300: 105.254: [ParNew: 455983K->51072K(460096K), 0.0271567 secs] 1274499K->884764K(4143232K), 0.0272423 secs] [Times: user=0.03 sys=0.00, real=0.03 secs] 
2024-10-09T21:18:16.074+0300: 105.281: Total time for which application threads were stopped: 0.0275767 seconds, Stopping threads took: 0.0002146 seconds
2024-10-09T21:18:16.231+0300: 105.442: Application time: 0.1612784 seconds
2024-10-09T21:18:16.231+0300: 105.442: [GC (Allocation Failure) 2024-10-09T21:18:16.231+0300: 105.442: [ParNew: 460096K->51072K(460096K), 0.0235580 secs] 1293788K->901509K(4143232K), 0.0236435 secs] [Times: user=0.02 sys=0.00, real=0.03 secs] 
2024-10-09T21:18:16.263+0300: 105.466: Total time for which application threads were stopped: 0.0239232 seconds, Stopping threads took: 0.0001658 seconds
2024-10-09T21:18:16.450+0300: 105.656: Application time: 0.1901921 seconds
2024-10-09T21:18:16.450+0300: 105.657: [GC (Allocation Failure) 2024-10-09T21:18:16.450+0300: 105.657: [ParNew: 460096K->47236K(460096K), 0.0298419 secs] 1310533K->926541K(4143232K), 0.0299296 secs] [Times: user=0.03 sys=0.00, real=0.03 secs] 
2024-10-09T21:18:16.482+0300: 105.687: Total time for which application threads were stopped: 0.0302374 seconds, Stopping threads took: 0.0001846 seconds
2024-10-09T21:18:16.671+0300: 105.877: Application time: 0.1908438 seconds
2024-10-09T21:18:16.671+0300: 105.878: [GC (Allocation Failure) 2024-10-09T21:18:16.671+0300: 105.878: [ParNew: 456260K->51072K(460096K), 0.0243982 secs] 1335565K->940075K(4143232K), 0.0244870 secs] [Times: user=0.02 sys=0.00, real=0.02 secs] 
2024-10-09T21:18:16.686+0300: 105.902: Total time for which application threads were stopped: 0.0247344 seconds, Stopping threads took: 0.0001243 seconds
2024-10-09T21:18:16.859+0300: 106.064: Application time: 0.1616522 seconds
2024-10-09T21:18:16.859+0300: 106.064: [GC (Allocation Failure) 2024-10-09T21:18:16.859+0300: 106.064: [ParNew: 460096K->48727K(460096K), 0.0244288 secs] 1349099K->953716K(4143232K), 0.0245098 secs] [Times: user=0.02 sys=0.00, real=0.02 secs] 
2024-10-09T21:18:16.875+0300: 106.089: Total time for which application threads were stopped: 0.0247568 seconds, Stopping threads took: 0.0001362 seconds
2024-10-09T21:18:17.063+0300: 106.278: Application time: 0.1892869 seconds
2024-10-09T21:18:17.063+0300: 106.278: [GC (Allocation Failure) 2024-10-09T21:18:17.063+0300: 106.278: [ParNew: 457751K->49497K(460096K), 0.0258527 secs] 1362740K->979339K(4143232K), 0.0259373 secs] [Times: user=0.03 sys=0.00, real=0.03 secs] 
2024-10-09T21:18:17.094+0300: 106.304: Total time for which application threads were stopped: 0.0261762 seconds, Stopping threads took: 0.0001182 seconds
2024-10-09T21:18:17.283+0300: 106.489: Application time: 0.1845972 seconds
2024-10-09T21:18:17.283+0300: 106.489: [GC (Allocation Failure) 2024-10-09T21:18:17.283+0300: 106.489: [ParNew: 458521K->51072K(460096K), 0.0232994 secs] 1388363K->988576K(4143232K), 0.0233825 secs] [Times: user=0.01 sys=0.00, real=0.02 secs] 
2024-10-09T21:18:17.298+0300: 106.512: Total time for which application threads were stopped: 0.0236602 seconds, Stopping threads took: 0.0001591 seconds
2024-10-09T21:18:17.471+0300: 106.677: Application time: 0.1643565 seconds
2024-10-09T21:18:17.471+0300: 106.677: [GC (Allocation Failure) 2024-10-09T21:18:17.471+0300: 106.677: [ParNew: 460096K->51072K(460096K), 0.0304338 secs] 1397600K->1014707K(4143232K), 0.0305209 secs] [Times: user=0.03 sys=0.00, real=0.03 secs] 
2024-10-09T21:18:17.503+0300: 106.707: Total time for which application threads were stopped: 0.0308183 seconds, Stopping threads took: 0.0001647 seconds
2024-10-09T21:18:17.691+0300: 106.900: Application time: 0.1923970 seconds
2024-10-09T21:18:17.691+0300: 106.900: [GC (Allocation Failure) 2024-10-09T21:18:17.691+0300: 106.900: [ParNew: 460096K->51072K(460096K), 0.0273180 secs] 1423731K->1038880K(4143232K), 0.0274062 secs] [Times: user=0.03 sys=0.00, real=0.03 secs] 
2024-10-09T21:18:17.722+0300: 106.928: Total time for which application threads were stopped: 0.0276760 seconds, Stopping threads took: 0.0001457 seconds
2024-10-09T21:18:17.895+0300: 107.111: Application time: 0.1835331 seconds
2024-10-09T21:18:17.895+0300: 107.111: [GC (Allocation Failure) 2024-10-09T21:18:17.895+0300: 107.111: [ParNew: 460096K->51072K(460096K), 0.0239889 secs] 1447904K->1046430K(4143232K), 0.0240764 secs] [Times: user=0.03 sys=0.00, real=0.03 secs] 
2024-10-09T21:18:17.926+0300: 107.135: Total time for which application threads were stopped: 0.0243607 seconds, Stopping threads took: 0.0001624 seconds
2024-10-09T21:18:18.099+0300: 107.304: Application time: 0.1684282 seconds
2024-10-09T21:18:18.099+0300: 107.304: [GC (Allocation Failure) 2024-10-09T21:18:18.099+0300: 107.304: [ParNew: 460096K->51072K(460096K), 0.0307291 secs] 1455454K->1075119K(4143232K), 0.0308124 secs] [Times: user=0.02 sys=0.00, real=0.03 secs] 
2024-10-09T21:18:18.130+0300: 107.335: Total time for which application threads were stopped: 0.0310860 seconds, Stopping threads took: 0.0001551 seconds
2024-10-09T21:18:18.303+0300: 107.517: Application time: 0.1815967 seconds
2024-10-09T21:18:18.303+0300: 107.517: [GC (Allocation Failure) 2024-10-09T21:18:18.303+0300: 107.517: [ParNew: 460096K->51072K(460096K), 0.0253281 secs] 1484143K->1093078K(4143232K), 0.0254206 secs] [Times: user=0.05 sys=0.00, real=0.03 secs] 
2024-10-09T21:18:18.334+0300: 107.542: Total time for which application threads were stopped: 0.0257002 seconds, Stopping threads took: 0.0001536 seconds
2024-10-09T21:18:18.522+0300: 107.734: Application time: 0.1917247 seconds
2024-10-09T21:18:18.522+0300: 107.734: [GC (Allocation Failure) 2024-10-09T21:18:18.522+0300: 107.734: [ParNew: 460096K->51072K(460096K), 0.0274233 secs] 1502102K->1110485K(4143232K), 0.0275148 secs] [Times: user=0.11 sys=0.00, real=0.03 secs] 
2024-10-09T21:18:18.554+0300: 107.762: Total time for which application threads were stopped: 0.0278632 seconds, Stopping threads took: 0.0002102 seconds
2024-10-09T21:18:18.726+0300: 107.935: Application time: 0.1731530 seconds
2024-10-09T21:18:18.726+0300: 107.935: [GC (Allocation Failure) 2024-10-09T21:18:18.726+0300: 107.935: [ParNew: 460096K->51072K(460096K), 0.0240836 secs] 1519509K->1125226K(4143232K), 0.0241749 secs] [Times: user=0.02 sys=0.00, real=0.02 secs] 
2024-10-09T21:18:18.742+0300: 107.959: Total time for which application threads were stopped: 0.0244761 seconds, Stopping threads took: 0.0001751 seconds
2024-10-09T21:18:18.930+0300: 108.147: Application time: 0.1872311 seconds
2024-10-09T21:18:18.930+0300: 108.147: [GC (Allocation Failure) 2024-10-09T21:18:18.930+0300: 108.147: [ParNew: 460096K->49279K(460096K), 0.0253400 secs] 1534250K->1142520K(4143232K), 0.0254306 secs] [Times: user=0.03 sys=0.00, real=0.03 secs] 
2024-10-09T21:18:18.962+0300: 108.172: Total time for which application threads were stopped: 0.0256792 seconds, Stopping threads took: 0.0001291 seconds
2024-10-09T21:18:19.134+0300: 108.348: Application time: 0.1751930 seconds
2024-10-09T21:18:19.134+0300: 108.348: [GC (Allocation Failure) 2024-10-09T21:18:19.134+0300: 108.348: [ParNew: 458303K->51072K(460096K), 0.0249751 secs] 1551544K->1159940K(4143232K), 0.0250590 secs] [Times: user=0.03 sys=0.00, real=0.03 secs] 
2024-10-09T21:18:19.166+0300: 108.373: Total time for which application threads were stopped: 0.0253312 seconds, Stopping threads took: 0.0001578 seconds
2024-10-09T21:18:19.339+0300: 108.544: Application time: 0.1708119 seconds
2024-10-09T21:18:19.339+0300: 108.544: [GC (Allocation Failure) 2024-10-09T21:18:19.339+0300: 108.544: [ParNew: 460096K->51072K(460096K), 0.0241267 secs] 1568964K->1173609K(4143232K), 0.0242155 secs] [Times: user=0.05 sys=0.00, real=0.02 secs] 
2024-10-09T21:18:19.361+0300: 108.568: Total time for which application threads were stopped: 0.0244986 seconds, Stopping threads took: 0.0001543 seconds
2024-10-09T21:18:19.561+0300: 108.767: Application time: 0.1989249 seconds
2024-10-09T21:18:19.561+0300: 108.768: [GC (Allocation Failure) 2024-10-09T21:18:19.561+0300: 108.768: [ParNew: 460096K->51072K(460096K), 0.0249789 secs] 1582633K->1191574K(4143232K), 0.0250661 secs] [Times: user=0.02 sys=0.00, real=0.01 secs] 
2024-10-09T21:18:19.574+0300: 108.793: Total time for which application threads were stopped: 0.0254551 seconds, Stopping threads took: 0.0002603 seconds
2024-10-09T21:18:19.762+0300: 108.965: Application time: 0.1723887 seconds
2024-10-09T21:18:19.762+0300: 108.965: [GC (Allocation Failure) 2024-10-09T21:18:19.762+0300: 108.965: [ParNew: 460096K->51072K(460096K), 0.0266930 secs] 1600598K->1208286K(4143232K), 0.0267768 secs] [Times: user=0.02 sys=0.00, real=0.02 secs] 
2024-10-09T21:18:19.778+0300: 108.992: Total time for which application threads were stopped: 0.0270240 seconds, Stopping threads took: 0.0001295 seconds
2024-10-09T21:18:19.962+0300: 109.167: Application time: 0.1749962 seconds
2024-10-09T21:18:19.962+0300: 109.167: [GC (Allocation Failure) 2024-10-09T21:18:19.962+0300: 109.167: [ParNew: 460096K->47692K(460096K), 0.0299803 secs] 1617310K->1233407K(4143232K), 0.0300703 secs] [Times: user=0.02 sys=0.00, real=0.02 secs] 
2024-10-09T21:18:19.983+0300: 109.197: Total time for which application threads were stopped: 0.0303358 seconds, Stopping threads took: 0.0001443 seconds
2024-10-09T21:18:20.187+0300: 109.390: Application time: 0.1926444 seconds
2024-10-09T21:18:20.187+0300: 109.390: [GC (Allocation Failure) 2024-10-09T21:18:20.187+0300: 109.390: [ParNew: 456716K->50516K(460096K), 0.0274872 secs] 1642431K->1259458K(4143232K), 0.0275759 secs] [Times: user=0.02 sys=0.00, real=0.02 secs] 
2024-10-09T21:18:20.203+0300: 109.418: Total time for which application threads were stopped: 0.0278362 seconds, Stopping threads took: 0.0001268 seconds
2024-10-09T21:18:20.391+0300: 109.595: Application time: 0.1769477 seconds
2024-10-09T21:18:20.391+0300: 109.595: [GC (Allocation Failure) 2024-10-09T21:18:20.391+0300: 109.595: [ParNew: 459540K->51072K(460096K), 0.0238624 secs] 1668482K->1268641K(4143232K), 0.0239491 secs] [Times: user=0.02 sys=0.00, real=0.02 secs] 
2024-10-09T21:18:20.407+0300: 109.619: Total time for which application threads were stopped: 0.0242131 seconds, Stopping threads took: 0.0001473 seconds
2024-10-09T21:18:20.580+0300: 109.788: Application time: 0.1688152 seconds
2024-10-09T21:18:20.580+0300: 109.788: [GC (Allocation Failure) 2024-10-09T21:18:20.580+0300: 109.788: [ParNew: 460096K->41688K(460096K), 0.0280361 secs] 1677665K->1288787K(4143232K), 0.0281304 secs] [Times: user=0.03 sys=0.00, real=0.03 secs] 
2024-10-09T21:18:20.611+0300: 109.816: Total time for which application threads were stopped: 0.0284548 seconds, Stopping threads took: 0.0001915 seconds
2024-10-09T21:18:20.799+0300: 110.016: Application time: 0.1995493 seconds
2024-10-09T21:18:20.799+0300: 110.016: [GC (Allocation Failure) 2024-10-09T21:18:20.799+0300: 110.016: [ParNew: 450712K->51072K(460096K), 0.0217007 secs] 1697811K->1301510K(4143232K), 0.0217889 secs] [Times: user=0.03 sys=0.00, real=0.03 secs] 
2024-10-09T21:18:20.831+0300: 110.038: Total time for which application threads were stopped: 0.0220305 seconds, Stopping threads took: 0.0001167 seconds
2024-10-09T21:18:21.003+0300: 110.221: Application time: 0.1834536 seconds
2024-10-09T21:18:21.003+0300: 110.222: [GC (Allocation Failure) 2024-10-09T21:18:21.003+0300: 110.222: [ParNew: 460096K->51072K(460096K), 0.0308806 secs] 1710534K->1321266K(4143232K), 0.0309698 secs] [Times: user=0.03 sys=0.00, real=0.03 secs] 
2024-10-09T21:18:21.035+0300: 110.253: Total time for which application threads were stopped: 0.0312433 seconds, Stopping threads took: 0.0001403 seconds
2024-10-09T21:18:21.207+0300: 110.411: Application time: 0.1581547 seconds
2024-10-09T21:18:21.207+0300: 110.411: [GC (Allocation Failure) 2024-10-09T21:18:21.207+0300: 110.411: [ParNew: 460096K->51072K(460096K), 0.0252004 secs] 1730290K->1348683K(4143232K), 0.0252868 secs] [Times: user=0.02 sys=0.00, real=0.02 secs] 
2024-10-09T21:18:21.223+0300: 110.436: Total time for which application threads were stopped: 0.0255441 seconds, Stopping threads took: 0.0001403 seconds
2024-10-09T21:18:21.427+0300: 110.634: Application time: 0.1975691 seconds
2024-10-09T21:18:21.427+0300: 110.634: [GC (Allocation Failure) 2024-10-09T21:18:21.427+0300: 110.634: [ParNew: 460096K->51072K(460096K), 0.0215661 secs] 1757707K->1351326K(4143232K), 0.0216510 secs] [Times: user=0.06 sys=0.00, real=0.02 secs] 
2024-10-09T21:18:21.443+0300: 110.656: Total time for which application threads were stopped: 0.0219137 seconds, Stopping threads took: 0.0001416 seconds
2024-10-09T21:18:21.631+0300: 110.847: Application time: 0.1917207 seconds
2024-10-09T21:18:21.631+0300: 110.848: [GC (Allocation Failure) 2024-10-09T21:18:21.631+0300: 110.848: [ParNew: 460096K->51072K(460096K), 0.0286624 secs] 1760350K->1365381K(4143232K), 0.0287540 secs] [Times: user=0.09 sys=0.00, real=0.03 secs] 
2024-10-09T21:18:21.665+0300: 110.877: Total time for which application threads were stopped: 0.0291376 seconds, Stopping threads took: 0.0002430 seconds
2024-10-09T21:18:21.819+0300: 111.030: Application time: 0.1530172 seconds
2024-10-09T21:18:21.819+0300: 111.030: [GC (Allocation Failure) 2024-10-09T21:18:21.819+0300: 111.030: [ParNew: 460096K->45830K(460096K), 0.0249900 secs] 1774405K->1385335K(4143232K), 0.0250690 secs] [Times: user=0.03 sys=0.00, real=0.03 secs] 
2024-10-09T21:18:21.851+0300: 111.055: Total time for which application threads were stopped: 0.0253484 seconds, Stopping threads took: 0.0001624 seconds
2024-10-09T21:18:22.039+0300: 111.251: Application time: 0.1965060 seconds
2024-10-09T21:18:22.039+0300: 111.252: [GC (Allocation Failure) 2024-10-09T21:18:22.039+0300: 111.252: [ParNew: 454854K->51072K(460096K), 0.0225044 secs] 1794359K->1394990K(4143232K), 0.0225796 secs] [Times: user=0.03 sys=0.00, real=0.03 secs] 
2024-10-09T21:18:22.071+0300: 111.274: Total time for which application threads were stopped: 0.0228365 seconds, Stopping threads took: 0.0001400 seconds
2024-10-09T21:18:22.259+0300: 111.467: Application time: 0.1931287 seconds
2024-10-09T21:18:22.259+0300: 111.468: [GC (Allocation Failure) 2024-10-09T21:18:22.259+0300: 111.468: [ParNew: 460096K->51072K(460096K), 0.0275887 secs] 1804014K->1408900K(4143232K), 0.0276695 secs] [Times: user=0.03 sys=0.00, real=0.03 secs] 
2024-10-09T21:18:22.290+0300: 111.495: Total time for which application threads were stopped: 0.0279101 seconds, Stopping threads took: 0.0001257 seconds
2024-10-09T21:18:22.432+0300: 111.647: Application time: 0.1519763 seconds
2024-10-09T21:18:22.432+0300: 111.648: [GC (Allocation Failure) 2024-10-09T21:18:22.432+0300: 111.650: [ParNew: 460096K->51072K(460096K), 0.0333009 secs] 1817924K->1439684K(4143232K), 0.0356266 secs] [Times: user=0.03 sys=0.00, real=0.05 secs] 
2024-10-09T21:18:22.479+0300: 111.683: Total time for which application threads were stopped: 0.0359266 seconds, Stopping threads took: 0.0001785 seconds
2024-10-09T21:18:22.667+0300: 111.874: Application time: 0.1911744 seconds
2024-10-09T21:18:22.667+0300: 111.875: [GC (Allocation Failure) 2024-10-09T21:18:22.667+0300: 111.875: [ParNew: 460096K->48289K(460096K), 0.0259759 secs] 1848708K->1459851K(4143232K), 0.0260662 secs] [Times: user=0.02 sys=0.00, real=0.02 secs] 
2024-10-09T21:18:22.683+0300: 111.901: Total time for which application threads were stopped: 0.0263049 seconds, Stopping threads took: 0.0001181 seconds
2024-10-09T21:18:22.887+0300: 112.095: Application time: 0.1937910 seconds
2024-10-09T21:18:22.887+0300: 112.095: [GC (Allocation Failure) 2024-10-09T21:18:22.887+0300: 112.095: [ParNew: 457313K->51072K(460096K), 0.0272350 secs] 1868875K->1475707K(4143232K), 0.0273246 secs] [Times: user=0.05 sys=0.00, real=0.03 secs] 
2024-10-09T21:18:22.918+0300: 112.122: Total time for which application threads were stopped: 0.0275955 seconds, Stopping threads took: 0.0001488 seconds
2024-10-09T21:18:23.075+0300: 112.286: Application time: 0.1638005 seconds
2024-10-09T21:18:23.075+0300: 112.286: [GC (Allocation Failure) 2024-10-09T21:18:23.075+0300: 112.286: [ParNew: 460096K->51072K(460096K), 0.0263134 secs] 1884731K->1492643K(4143232K), 0.0263953 secs] [Times: user=0.03 sys=0.00, real=0.03 secs] 
2024-10-09T21:18:23.106+0300: 112.313: Total time for which application threads were stopped: 0.0266720 seconds, Stopping threads took: 0.0001613 seconds
2024-10-09T21:18:23.279+0300: 112.495: Application time: 0.1822140 seconds
2024-10-09T21:18:23.279+0300: 112.495: [GC (Allocation Failure) 2024-10-09T21:18:23.279+0300: 112.495: [ParNew: 460096K->45640K(460096K), 0.0273105 secs] 1901667K->1515914K(4143232K), 0.0274045 secs] [Times: user=0.06 sys=0.00, real=0.03 secs] 
2024-10-09T21:18:23.311+0300: 112.523: Total time for which application threads were stopped: 0.0277602 seconds, Stopping threads took: 0.0002181 seconds
2024-10-09T21:18:23.499+0300: 112.718: Application time: 0.1950657 seconds
2024-10-09T21:18:23.515+0300: 112.718: [GC (Allocation Failure) 2024-10-09T21:18:23.515+0300: 112.718: [ParNew: 454664K->51072K(460096K), 0.0236082 secs] 1924938K->1526153K(4143232K), 0.0236861 secs] [Times: user=0.05 sys=0.00, real=0.01 secs] 
2024-10-09T21:18:23.530+0300: 112.742: Total time for which application threads were stopped: 0.0240978 seconds, Stopping threads took: 0.0002832 seconds
2024-10-09T21:18:23.703+0300: 112.911: Application time: 0.1691503 seconds
2024-10-09T21:18:23.703+0300: 112.911: [GC (Allocation Failure) 2024-10-09T21:18:23.703+0300: 112.911: [ParNew: 460096K->51072K(460096K), 0.0320149 secs] 1935177K->1550977K(4143232K), 0.0321054 secs] [Times: user=0.03 sys=0.00, real=0.03 secs] 
2024-10-09T21:18:23.734+0300: 112.943: Total time for which application threads were stopped: 0.0324326 seconds, Stopping threads took: 0.0002026 seconds
2024-10-09T21:18:23.907+0300: 113.120: Application time: 0.1768330 seconds
2024-10-09T21:18:23.907+0300: 113.120: [GC (Allocation Failure) 2024-10-09T21:18:23.907+0300: 113.120: [ParNew: 460096K->50446K(460096K), 0.0243338 secs] 1960001K->1569924K(4143232K), 0.0244185 secs] [Times: user=0.03 sys=0.00, real=0.03 secs] 
2024-10-09T21:18:23.938+0300: 113.145: Total time for which application threads were stopped: 0.0246955 seconds, Stopping threads took: 0.0001630 seconds
2024-10-09T21:18:24.127+0300: 113.332: Application time: 0.1874922 seconds
2024-10-09T21:18:24.127+0300: 113.333: [GC (Allocation Failure) 2024-10-09T21:18:24.127+0300: 113.333: [ParNew: 459470K->51072K(460096K), 0.0244111 secs] 1978948K->1583251K(4143232K), 0.0244949 secs] [Times: user=0.02 sys=0.00, real=0.01 secs] 
2024-10-09T21:18:24.142+0300: 113.357: Total time for which application threads were stopped: 0.0247265 seconds, Stopping threads took: 0.0001145 seconds
2024-10-09T21:18:24.315+0300: 113.533: Application time: 0.1756310 seconds
2024-10-09T21:18:24.315+0300: 113.533: [GC (Allocation Failure) 2024-10-09T21:18:24.315+0300: 113.533: [ParNew: 460096K->51072K(460096K), 0.0300149 secs] 1992275K->1606635K(4143232K), 0.0301005 secs] [Times: user=0.03 sys=0.00, real=0.03 secs] 
2024-10-09T21:18:24.346+0300: 113.563: Total time for which application threads were stopped: 0.0304531 seconds, Stopping threads took: 0.0001307 seconds
2024-10-09T21:18:24.535+0300: 113.743: Application time: 0.1795275 seconds
2024-10-09T21:18:24.535+0300: 113.743: [GC (Allocation Failure) 2024-10-09T21:18:24.535+0300: 113.743: [ParNew: 460096K->40450K(460096K), 0.0271263 secs] 2015659K->1618968K(4143232K), 0.0272103 secs] [Times: user=0.05 sys=0.00, real=0.03 secs] 
2024-10-09T21:18:24.566+0300: 113.770: Total time for which application threads were stopped: 0.0274899 seconds, Stopping threads took: 0.0001579 seconds
2024-10-09T21:18:24.739+0300: 113.950: Application time: 0.1796332 seconds
2024-10-09T21:18:24.739+0300: 113.950: [GC (Allocation Failure) 2024-10-09T21:18:24.739+0300: 113.950: [ParNew: 449474K->51072K(460096K), 0.0247460 secs] 2027992K->1645314K(4143232K), 0.0248238 secs] [Times: user=0.03 sys=0.00, real=0.03 secs] 
2024-10-09T21:18:24.772+0300: 113.975: Total time for which application threads were stopped: 0.0250828 seconds, Stopping threads took: 0.0001428 seconds
2024-10-09T21:18:24.942+0300: 114.153: Application time: 0.1777849 seconds
2024-10-09T21:18:24.942+0300: 114.153: [GC (Allocation Failure) 2024-10-09T21:18:24.942+0300: 114.153: [ParNew: 460096K->51072K(460096K), 0.0230991 secs] 2054338K->1656065K(4143232K), 0.0231871 secs] [Times: user=0.03 sys=0.00, real=0.03 secs] 
2024-10-09T21:18:24.972+0300: 114.176: Total time for which application threads were stopped: 0.0234398 seconds, Stopping threads took: 0.0001309 seconds
2024-10-09T21:18:25.146+0300: 114.350: Application time: 0.1741818 seconds
2024-10-09T21:18:25.146+0300: 114.351: [GC (Allocation Failure) 2024-10-09T21:18:25.146+0300: 114.351: [ParNew: 460096K->51072K(460096K), 0.0293418 secs] 2065089K->1681858K(4143232K), 0.0294283 secs] [Times: user=0.03 sys=0.00, real=0.03 secs] 
2024-10-09T21:18:25.173+0300: 114.380: Total time for which application threads were stopped: 0.0296772 seconds, Stopping threads took: 0.0001311 seconds
2024-10-09T21:18:25.350+0300: 114.557: Application time: 0.1773546 seconds
2024-10-09T21:18:25.350+0300: 114.558: [GC (Allocation Failure) 2024-10-09T21:18:25.350+0300: 114.558: [ParNew: 460096K->51072K(460096K), 0.0256284 secs] 2090882K->1699984K(4143232K), 0.0257108 secs] [Times: user=0.05 sys=0.00, real=0.02 secs] 
2024-10-09T21:18:25.373+0300: 114.583: Total time for which application threads were stopped: 0.0259711 seconds, Stopping threads took: 0.0001348 seconds
2024-10-09T21:18:25.555+0300: 114.769: Application time: 0.1855424 seconds
2024-10-09T21:18:25.555+0300: 114.769: [GC (Allocation Failure) 2024-10-09T21:18:25.555+0300: 114.769: [ParNew: 460096K->51072K(460096K), 0.0253890 secs] 2109008K->1714870K(4143232K), 0.0254759 secs] [Times: user=0.09 sys=0.00, real=0.03 secs] 
2024-10-09T21:18:25.586+0300: 114.795: Total time for which application threads were stopped: 0.0257967 seconds, Stopping threads took: 0.0001911 seconds
2024-10-09T21:18:25.759+0300: 114.972: Application time: 0.1775784 seconds
2024-10-09T21:18:25.759+0300: 114.973: [GC (Allocation Failure) 2024-10-09T21:18:25.759+0300: 114.973: [ParNew: 460096K->51072K(460096K), 0.0297923 secs] 2123894K->1742085K(4143232K), 0.0298837 secs] [Times: user=0.03 sys=0.00, real=0.03 secs] 
2024-10-09T21:18:25.790+0300: 115.002: Total time for which application threads were stopped: 0.0301596 seconds, Stopping threads took: 0.0001517 seconds
2024-10-09T21:18:25.974+0300: 115.181: Application time: 0.1786198 seconds
2024-10-09T21:18:25.974+0300: 115.181: [GC (Allocation Failure) 2024-10-09T21:18:25.974+0300: 115.181: [ParNew: 460096K->51072K(460096K), 0.0245597 secs] 2151109K->1757331K(4143232K), 0.0246437 secs] [Times: user=0.03 sys=0.00, real=0.03 secs] 
2024-10-09T21:18:26.003+0300: 115.206: Total time for which application threads were stopped: 0.0248823 seconds, Stopping threads took: 0.0001181 seconds
2024-10-09T21:18:26.174+0300: 115.385: Application time: 0.1791220 seconds
2024-10-09T21:18:26.182+0300: 115.385: [GC (Allocation Failure) 2024-10-09T21:18:26.182+0300: 115.385: [ParNew: 460096K->48732K(460096K), 0.0256996 secs] 2166355K->1773696K(4143232K), 0.0258071 secs] [Times: user=0.02 sys=0.00, real=0.02 secs] 
2024-10-09T21:18:26.198+0300: 115.411: Total time for which application threads were stopped: 0.0260997 seconds, Stopping threads took: 0.0001609 seconds
2024-10-09T21:18:26.387+0300: 115.590: Application time: 0.1787263 seconds
2024-10-09T21:18:26.387+0300: 115.590: [GC (Allocation Failure) 2024-10-09T21:18:26.387+0300: 115.590: [ParNew: 457756K->51072K(460096K), 0.0239077 secs] 2182720K->1791585K(4143232K), 0.0239853 secs] [Times: user=0.02 sys=0.00, real=0.01 secs] 
2024-10-09T21:18:26.402+0300: 115.614: Total time for which application threads were stopped: 0.0242315 seconds, Stopping threads took: 0.0001249 seconds
2024-10-09T21:18:26.591+0300: 115.799: Application time: 0.1848869 seconds
2024-10-09T21:18:26.591+0300: 115.799: [GC (Allocation Failure) 2024-10-09T21:18:26.591+0300: 115.799: [ParNew: 460096K->51072K(460096K), 0.0275279 secs] 2200609K->1809474K(4143232K), 0.0276274 secs] [Times: user=0.06 sys=0.00, real=0.03 secs] 
2024-10-09T21:18:26.622+0300: 115.827: Total time for which application threads were stopped: 0.0279244 seconds, Stopping threads took: 0.0001557 seconds
2024-10-09T21:18:26.795+0300: 116.000: Application time: 0.1725714 seconds
2024-10-09T21:18:26.795+0300: 116.000: [GC (Allocation Failure) 2024-10-09T21:18:26.795+0300: 116.000: [ParNew: 460096K->51072K(460096K), 0.0249308 secs] 2218498K->1830772K(4143232K), 0.0250206 secs] [Times: user=0.02 sys=0.00, real=0.01 secs] 
2024-10-09T21:18:26.810+0300: 116.025: Total time for which application threads were stopped: 0.0252891 seconds, Stopping threads took: 0.0001455 seconds
2024-10-09T21:18:26.999+0300: 116.208: Application time: 0.1830878 seconds
2024-10-09T21:18:26.999+0300: 116.208: [GC (Allocation Failure) 2024-10-09T21:18:26.999+0300: 116.208: [ParNew: 460096K->51072K(460096K), 0.0224810 secs] 2239796K->1840038K(4143232K), 0.0225652 secs] [Times: user=0.01 sys=0.00, real=0.02 secs] 
2024-10-09T21:18:27.015+0300: 116.231: Total time for which application threads were stopped: 0.0228364 seconds, Stopping threads took: 0.0001497 seconds
2024-10-09T21:18:27.203+0300: 116.409: Application time: 0.1781791 seconds
2024-10-09T21:18:27.203+0300: 116.409: [GC (Allocation Failure) 2024-10-09T21:18:27.203+0300: 116.409: [ParNew: 460096K->51072K(460096K), 0.0236466 secs] 2249062K->1854312K(4143232K), 0.0237308 secs] [Times: user=0.02 sys=0.00, real=0.02 secs] 
2024-10-09T21:18:27.219+0300: 116.433: Total time for which application threads were stopped: 0.0240031 seconds, Stopping threads took: 0.0001533 seconds
2024-10-09T21:18:27.391+0300: 116.601: Application time: 0.1684802 seconds
2024-10-09T21:18:27.391+0300: 116.602: [GC (Allocation Failure) 2024-10-09T21:18:27.391+0300: 116.602: [ParNew: 460096K->49505K(460096K), 0.0260675 secs] 2263336K->1876371K(4143232K), 0.0261639 secs] [Times: user=0.02 sys=0.00, real=0.03 secs] 
2024-10-09T21:18:27.422+0300: 116.628: Total time for which application threads were stopped: 0.0264381 seconds, Stopping threads took: 0.0001459 seconds
2024-10-09T21:18:27.611+0300: 116.823: Application time: 0.1949756 seconds
2024-10-09T21:18:27.611+0300: 116.823: [GC (Allocation Failure) 2024-10-09T21:18:27.611+0300: 116.823: [ParNew: 458529K->51072K(460096K), 0.0237125 secs] 2285395K->1887428K(4143232K), 0.0238004 secs] [Times: user=0.03 sys=0.00, real=0.03 secs] 
2024-10-09T21:18:27.642+0300: 116.847: Total time for which application threads were stopped: 0.0240748 seconds, Stopping threads took: 0.0001444 seconds
2024-10-09T21:18:27.815+0300: 117.028: Application time: 0.1812074 seconds
2024-10-09T21:18:27.815+0300: 117.028: [GC (Allocation Failure) 2024-10-09T21:18:27.815+0300: 117.028: [ParNew: 460096K->51072K(460096K), 0.0279373 secs] 2296452K->1907443K(4143232K), 0.0280243 secs] [Times: user=0.03 sys=0.00, real=0.03 secs] 
2024-10-09T21:18:27.846+0300: 117.056: Total time for which application threads were stopped: 0.0283017 seconds, Stopping threads took: 0.0001577 seconds
2024-10-09T21:18:28.019+0300: 117.224: Application time: 0.1674166 seconds
2024-10-09T21:18:28.019+0300: 117.224: [GC (Allocation Failure) 2024-10-09T21:18:28.019+0300: 117.224: [ParNew: 460096K->45029K(460096K), 0.0277892 secs] 2316467K->1927015K(4143232K), 0.0278795 secs] [Times: user=0.02 sys=0.00, real=0.01 secs] 
2024-10-09T21:18:28.034+0300: 117.252: Total time for which application threads were stopped: 0.0281642 seconds, Stopping threads took: 0.0001686 seconds
2024-10-09T21:18:28.239+0300: 117.445: Application time: 0.1924692 seconds
2024-10-09T21:18:28.239+0300: 117.445: [GC (Allocation Failure) 2024-10-09T21:18:28.239+0300: 117.445: [ParNew: 454053K->51072K(460096K), 0.0249299 secs] 2336039K->1948755K(4143232K), 0.0250189 secs] [Times: user=0.01 sys=0.00, real=0.01 secs] 
2024-10-09T21:18:28.254+0300: 117.470: Total time for which application threads were stopped: 0.0252690 seconds, Stopping threads took: 0.0001287 seconds
2024-10-09T21:18:28.443+0300: 117.658: Application time: 0.1878500 seconds
2024-10-09T21:18:28.443+0300: 117.658: [GC (Allocation Failure) 2024-10-09T21:18:28.443+0300: 117.658: [ParNew: 460096K->51072K(460096K), 0.0321269 secs] 2357779K->1975087K(4143232K), 0.0322145 secs] [Times: user=0.03 sys=0.00, real=0.04 secs] 
2024-10-09T21:18:28.479+0300: 117.690: Total time for which application threads were stopped: 0.0324859 seconds, Stopping threads took: 0.0001563 seconds
2024-10-09T21:18:28.647+0300: 117.863: Application time: 0.1725672 seconds
2024-10-09T21:18:28.647+0300: 117.863: [GC (Allocation Failure) 2024-10-09T21:18:28.647+0300: 117.863: [ParNew: 460096K->51072K(460096K), 0.0274184 secs] 2384111K->1995849K(4143232K), 0.0275089 secs] [Times: user=0.05 sys=0.00, real=0.03 secs] 
2024-10-09T21:18:28.680+0300: 117.890: Total time for which application threads were stopped: 0.0277688 seconds, Stopping threads took: 0.0001418 seconds
2024-10-09T21:18:28.851+0300: 118.069: Application time: 0.1787449 seconds
2024-10-09T21:18:28.851+0300: 118.070: [GC (Allocation Failure) 2024-10-09T21:18:28.851+0300: 118.070: [ParNew: 460096K->49453K(460096K), 0.0259130 secs] 2404873K->2017146K(4143232K), 0.0260098 secs] [Times: user=0.03 sys=0.00, real=0.03 secs] 
2024-10-09T21:18:28.883+0300: 118.096: Total time for which application threads were stopped: 0.0263435 seconds, Stopping threads took: 0.0001991 seconds
2024-10-09T21:18:29.081+0300: 118.287: Application time: 0.1910415 seconds
2024-10-09T21:18:29.081+0300: 118.287: [GC (Allocation Failure) 2024-10-09T21:18:29.081+0300: 118.287: [ParNew: 458477K->50488K(460096K), 0.0232769 secs] 2426170K->2030174K(4143232K), 0.0233595 secs] [Times: user=0.03 sys=0.00, real=0.02 secs] 
2024-10-09T21:18:29.102+0300: 118.310: Total time for which application threads were stopped: 0.0236372 seconds, Stopping threads took: 0.0001634 seconds
2024-10-09T21:18:29.275+0300: 118.481: Application time: 0.1703397 seconds
2024-10-09T21:18:29.275+0300: 118.481: [GC (Allocation Failure) 2024-10-09T21:18:29.275+0300: 118.481: [ParNew: 459512K->51072K(460096K), 0.0227762 secs] 2439198K->2039581K(4143232K), 0.0228548 secs] [Times: user=0.01 sys=0.00, real=0.02 secs] 
2024-10-09T21:18:29.291+0300: 118.504: Total time for which application threads were stopped: 0.0231163 seconds, Stopping threads took: 0.0001491 seconds
2024-10-09T21:18:29.463+0300: 118.674: Application time: 0.1707805 seconds
2024-10-09T21:18:29.463+0300: 118.675: [GC (Allocation Failure) 2024-10-09T21:18:29.463+0300: 118.675: [ParNew: 460096K->51072K(460096K), 0.0329373 secs] 2448605K->2071306K(4143232K), 0.0330371 secs] [Times: user=0.11 sys=0.00, real=0.03 secs] 
2024-10-09T21:18:29.495+0300: 118.708: Total time for which application threads were stopped: 0.0333069 seconds, Stopping threads took: 0.0001197 seconds
2024-10-09T21:18:29.699+0300: 118.903: Application time: 0.1954623 seconds
2024-10-09T21:18:29.699+0300: 118.903: [GC (Allocation Failure) 2024-10-09T21:18:29.699+0300: 118.903: [ParNew: 460096K->47544K(460096K), 0.0255061 secs] 2480330K->2084192K(4143232K), 0.0256013 secs] [Times: user=0.02 sys=0.00, real=0.02 secs] 
2024-10-09T21:18:29.715+0300: 118.929: Total time for which application threads were stopped: 0.0258599 seconds, Stopping threads took: 0.0001417 seconds
2024-10-09T21:18:29.888+0300: 119.104: Application time: 0.1750324 seconds
2024-10-09T21:18:29.888+0300: 119.104: [GC (Allocation Failure) 2024-10-09T21:18:29.888+0300: 119.104: [ParNew: 456568K->51072K(460096K), 0.0245231 secs] 2493216K->2097144K(4143232K), 0.0246110 secs] [Times: user=0.03 sys=0.00, real=0.03 secs] 
2024-10-09T21:18:29.919+0300: 119.129: Total time for which application threads were stopped: 0.0249201 seconds, Stopping threads took: 0.0001917 seconds
2024-10-09T21:18:30.092+0300: 119.296: Application time: 0.1664753 seconds
2024-10-09T21:18:30.092+0300: 119.296: [GC (Allocation Failure) 2024-10-09T21:18:30.092+0300: 119.296: [ParNew: 460096K->42828K(460096K), 0.0336467 secs] 2506168K->2127223K(4143232K), 0.0337346 secs] [Times: user=0.03 sys=0.00, real=0.03 secs] 
2024-10-09T21:18:30.123+0300: 119.330: Total time for which application threads were stopped: 0.0340197 seconds, Stopping threads took: 0.0001589 seconds
2024-10-09T21:18:30.311+0300: 119.521: Application time: 0.1917170 seconds
2024-10-09T21:18:30.311+0300: 119.522: [GC (Allocation Failure) 2024-10-09T21:18:30.311+0300: 119.522: [ParNew: 451852K->51072K(460096K), 0.0254046 secs] 2536247K->2155250K(4143232K), 0.0254902 secs] [Times: user=0.02 sys=0.00, real=0.03 secs] 
2024-10-09T21:18:30.343+0300: 119.547: Total time for which application threads were stopped: 0.0257438 seconds, Stopping threads took: 0.0001328 seconds
2024-10-09T21:18:30.531+0300: 119.735: Application time: 0.1877999 seconds
2024-10-09T21:18:30.531+0300: 119.735: [GC (Allocation Failure) 2024-10-09T21:18:30.531+0300: 119.735: [ParNew: 460096K->51072K(460096K), 0.0262132 secs] 2564274K->2165402K(4143232K), 0.0263006 secs] [Times: user=0.06 sys=0.00, real=0.02 secs] 
2024-10-09T21:18:30.547+0300: 119.761: Total time for which application threads were stopped: 0.0265718 seconds, Stopping threads took: 0.0001468 seconds
2024-10-09T21:18:30.719+0300: 119.927: Application time: 0.1654281 seconds
2024-10-09T21:18:30.719+0300: 119.927: [GC (Allocation Failure) 2024-10-09T21:18:30.719+0300: 119.927: [ParNew: 460096K->49667K(460096K), 0.0316750 secs] 2574426K->2194907K(4143232K), 0.0317577 secs] [Times: user=0.02 sys=0.00, real=0.03 secs] 
2024-10-09T21:18:30.751+0300: 119.959: Total time for which application threads were stopped: 0.0320171 seconds, Stopping threads took: 0.0001418 seconds
2024-10-09T21:18:30.939+0300: 120.143: Application time: 0.1845904 seconds
2024-10-09T21:18:30.939+0300: 120.144: [GC (Allocation Failure) 2024-10-09T21:18:30.939+0300: 120.144: [ParNew: 458691K->45174K(460096K), 0.0268292 secs] 2603931K->2214743K(4143232K), 0.0269140 secs] [Times: user=0.02 sys=0.00, real=0.02 secs] 
2024-10-09T21:18:30.955+0300: 120.171: Total time for which application threads were stopped: 0.0271756 seconds, Stopping threads took: 0.0001491 seconds
2024-10-09T21:18:31.143+0300: 120.357: Application time: 0.1863531 seconds
2024-10-09T21:18:31.143+0300: 120.357: [GC (Allocation Failure) 2024-10-09T21:18:31.143+0300: 120.357: [ParNew: 454198K->51072K(460096K), 0.0233380 secs] 2623767K->2226504K(4143232K), 0.0234438 secs] [Times: user=0.03 sys=0.00, real=0.03 secs] 
2024-10-09T21:18:31.174+0300: 120.381: Total time for which application threads were stopped: 0.0237315 seconds, Stopping threads took: 0.0001593 seconds
2024-10-09T21:18:31.331+0300: 120.546: Application time: 0.1653034 seconds
2024-10-09T21:18:31.331+0300: 120.546: [GC (Allocation Failure) 2024-10-09T21:18:31.331+0300: 120.546: [ParNew: 460096K->51072K(460096K), 0.0341135 secs] 2635528K->2259948K(4143232K), 0.0341957 secs] [Times: user=0.03 sys=0.00, real=0.03 secs] 
2024-10-09T21:18:31.363+0300: 120.580: Total time for which application threads were stopped: 0.0344357 seconds, Stopping threads took: 0.0001212 seconds
2024-10-09T21:18:31.567+0300: 120.770: Application time: 0.1895967 seconds
2024-10-09T21:18:31.567+0300: 120.770: [GC (Allocation Failure) 2024-10-09T21:18:31.567+0300: 120.770: [ParNew: 460096K->48024K(460096K), 0.0256098 secs] 2668972K->2277234K(4143232K), 0.0257060 secs] [Times: user=0.03 sys=0.00, real=0.02 secs] 
2024-10-09T21:18:31.586+0300: 120.796: Total time for which application threads were stopped: 0.0259935 seconds, Stopping threads took: 0.0001496 seconds
2024-10-09T21:18:31.771+0300: 120.979: Application time: 0.1828434 seconds
2024-10-09T21:18:31.771+0300: 120.979: [GC (Allocation Failure) 2024-10-09T21:18:31.771+0300: 120.979: [ParNew: 457048K->51072K(460096K), 0.0234722 secs] 2686258K->2290778K(4143232K), 0.0235606 secs] [Times: user=0.02 sys=0.00, real=0.02 secs] 
2024-10-09T21:18:31.787+0300: 121.003: Total time for which application threads were stopped: 0.0238149 seconds, Stopping threads took: 0.0001302 seconds
2024-10-09T21:18:31.959+0300: 121.175: Application time: 0.1720115 seconds
2024-10-09T21:18:31.959+0300: 121.175: [GC (Allocation Failure) 2024-10-09T21:18:31.959+0300: 121.175: [ParNew: 460096K->51072K(460096K), 0.0314862 secs] 2699802K->2317953K(4143232K), 0.0315751 secs] [Times: user=0.03 sys=0.00, real=0.03 secs] 
2024-10-09T21:18:31.991+0300: 121.207: Total time for which application threads were stopped: 0.0318501 seconds, Stopping threads took: 0.0001519 seconds
2024-10-09T21:18:32.179+0300: 121.389: Application time: 0.1823819 seconds
2024-10-09T21:18:32.179+0300: 121.389: [GC (Allocation Failure) 2024-10-09T21:18:32.179+0300: 121.389: [ParNew: 460096K->49078K(460096K), 0.0264815 secs] 2726977K->2337263K(4143232K), 0.0265592 secs] [Times: user=0.03 sys=0.00, real=0.03 secs] 
2024-10-09T21:18:32.210+0300: 121.416: Total time for which application threads were stopped: 0.0268184 seconds, Stopping threads took: 0.0001439 seconds
2024-10-09T21:18:32.388+0300: 121.597: Application time: 0.1815750 seconds
2024-10-09T21:18:32.388+0300: 121.598: [GC (Allocation Failure) 2024-10-09T21:18:32.388+0300: 121.598: [ParNew: 458102K->51072K(460096K), 0.0244440 secs] 2746287K->2352212K(4143232K), 0.0245310 secs] [Times: user=0.03 sys=0.00, real=0.03 secs] 
2024-10-09T21:18:32.414+0300: 121.622: Total time for which application threads were stopped: 0.0248062 seconds, Stopping threads took: 0.0001506 seconds
2024-10-09T21:18:32.589+0300: 121.804: Application time: 0.1813553 seconds
2024-10-09T21:18:32.589+0300: 121.804: [GC (Allocation Failure) 2024-10-09T21:18:32.589+0300: 121.804: [ParNew: 460096K->51072K(460096K), 0.0287218 secs] 2761236K->2375802K(4143232K), 0.0288074 secs] [Times: user=0.03 sys=0.00, real=0.03 secs] 
2024-10-09T21:18:32.618+0300: 121.833: Total time for which application threads were stopped: 0.0290468 seconds, Stopping threads took: 0.0001179 seconds
2024-10-09T21:18:32.807+0300: 122.014: Application time: 0.1817688 seconds
2024-10-09T21:18:32.807+0300: 122.015: [GC (Allocation Failure) 2024-10-09T21:18:32.807+0300: 122.015: [ParNew: 460096K->51072K(460096K), 0.0261633 secs] 2784826K->2392517K(4143232K), 0.0262511 secs] [Times: user=0.02 sys=0.00, real=0.02 secs] 
2024-10-09T21:18:32.822+0300: 122.041: Total time for which application threads were stopped: 0.0265135 seconds, Stopping threads took: 0.0001469 seconds
2024-10-09T21:18:33.012+0300: 122.222: Application time: 0.1809576 seconds
2024-10-09T21:18:33.012+0300: 122.222: [GC (Allocation Failure) 2024-10-09T21:18:33.012+0300: 122.222: [ParNew: 460096K->51072K(460096K), 0.0231115 secs] 2801541K->2402718K(4143232K), 0.0231996 secs] [Times: user=0.01 sys=0.00, real=0.01 secs] 
2024-10-09T21:18:33.027+0300: 122.245: Total time for which application threads were stopped: 0.0234700 seconds, Stopping threads took: 0.0001522 seconds
2024-10-09T21:18:33.215+0300: 122.422: Application time: 0.1770467 seconds
2024-10-09T21:18:33.215+0300: 122.423: [GC (Allocation Failure) 2024-10-09T21:18:33.215+0300: 122.423: [ParNew: 460096K->51072K(460096K), 0.0294946 secs] 2811742K->2426678K(4143232K), 0.0295807 secs] [Times: user=0.02 sys=0.00, real=0.03 secs] 
2024-10-09T21:18:33.246+0300: 122.452: Total time for which application threads were stopped: 0.0298490 seconds, Stopping threads took: 0.0001424 seconds
2024-10-09T21:18:33.419+0300: 122.635: Application time: 0.1823425 seconds
2024-10-09T21:18:33.419+0300: 122.635: [GC (Allocation Failure) 2024-10-09T21:18:33.419+0300: 122.635: [ParNew: 460096K->51072K(460096K), 0.0258522 secs] 2835702K->2444943K(4143232K), 0.0259365 secs] [Times: user=0.03 sys=0.00, real=0.03 secs] 
2024-10-09T21:18:33.450+0300: 122.661: Total time for which application threads were stopped: 0.0261727 seconds, Stopping threads took: 0.0001244 seconds
2024-10-09T21:18:33.638+0300: 122.845: Application time: 0.1845657 seconds
2024-10-09T21:18:33.638+0300: 122.846: [GC (Allocation Failure) 2024-10-09T21:18:33.638+0300: 122.846: [ParNew: 460096K->51072K(460096K), 0.0238676 secs] 2853967K->2458999K(4143232K), 0.0239536 secs] [Times: user=0.02 sys=0.00, real=0.02 secs] 
2024-10-09T21:18:33.654+0300: 122.870: Total time for which application threads were stopped: 0.0242139 seconds, Stopping threads took: 0.0001399 seconds
2024-10-09T21:18:33.842+0300: 123.046: Application time: 0.1764829 seconds
2024-10-09T21:18:33.842+0300: 123.046: [GC (Allocation Failure) 2024-10-09T21:18:33.842+0300: 123.046: [ParNew: 460096K->51072K(460096K), 0.0258146 secs] 2868023K->2477879K(4143232K), 0.0258976 secs] [Times: user=0.03 sys=0.00, real=0.02 secs] 
2024-10-09T21:18:33.858+0300: 123.072: Total time for which application threads were stopped: 0.0261960 seconds, Stopping threads took: 0.0001742 seconds
2024-10-09T21:18:34.046+0300: 123.256: Application time: 0.1834140 seconds
2024-10-09T21:18:34.046+0300: 123.256: [GC (Allocation Failure) 2024-10-09T21:18:34.046+0300: 123.256: [ParNew: 460096K->51072K(460096K), 0.0251665 secs] 2886903K->2493153K(4143232K), 0.0252555 secs] [Times: user=0.05 sys=0.00, real=0.03 secs] 
2024-10-09T21:18:34.078+0300: 123.281: Total time for which application threads were stopped: 0.0255795 seconds, Stopping threads took: 0.0001870 seconds
2024-10-09T21:18:34.250+0300: 123.458: Application time: 0.1764836 seconds
2024-10-09T21:18:34.250+0300: 123.458: [GC (Allocation Failure) 2024-10-09T21:18:34.250+0300: 123.458: [ParNew: 460096K->51072K(460096K), 0.0263668 secs] 2902177K->2511517K(4143232K), 0.0264520 secs] [Times: user=0.03 sys=0.00, real=0.03 secs] 
2024-10-09T21:18:34.281+0300: 123.484: Total time for which application threads were stopped: 0.0267301 seconds, Stopping threads took: 0.0001578 seconds
2024-10-09T21:18:34.454+0300: 123.660: Application time: 0.1751564 seconds
2024-10-09T21:18:34.454+0300: 123.660: [GC (Allocation Failure) 2024-10-09T21:18:34.454+0300: 123.660: [ParNew: 460096K->50967K(460096K), 0.0258147 secs] 2920541K->2533453K(4143232K), 0.0259036 secs] [Times: user=0.01 sys=0.00, real=0.02 secs] 
2024-10-09T21:18:34.469+0300: 123.686: Total time for which application threads were stopped: 0.0261628 seconds, Stopping threads took: 0.0001348 seconds
2024-10-09T21:18:34.674+0300: 123.878: Application time: 0.1926542 seconds
2024-10-09T21:18:34.674+0300: 123.879: [GC (Allocation Failure) 2024-10-09T21:18:34.674+0300: 123.879: [ParNew: 459991K->47401K(460096K), 0.0252931 secs] 2942477K->2543884K(4143232K), 0.0253850 secs] [Times: user=0.02 sys=0.00, real=0.02 secs] 
2024-10-09T21:18:34.693+0300: 123.904: Total time for which application threads were stopped: 0.0256240 seconds, Stopping threads took: 0.0001177 seconds
2024-10-09T21:18:34.862+0300: 124.079: Application time: 0.1752491 seconds
2024-10-09T21:18:34.862+0300: 124.079: [GC (Allocation Failure) 2024-10-09T21:18:34.862+0300: 124.080: [ParNew: 456425K->51072K(460096K), 0.0271263 secs] 2952908K->2564099K(4143232K), 0.0272147 secs] [Times: user=0.03 sys=0.00, real=0.03 secs] 
2024-10-09T21:18:34.893+0300: 124.107: Total time for which application threads were stopped: 0.0274891 seconds, Stopping threads took: 0.0001529 seconds
2024-10-09T21:18:35.066+0300: 124.276: Application time: 0.1695659 seconds
2024-10-09T21:18:35.066+0300: 124.277: [GC (Allocation Failure) 2024-10-09T21:18:35.066+0300: 124.277: [ParNew: 460096K->47515K(460096K), 0.0280411 secs] 2973123K->2589654K(4143232K), 0.0281399 secs] [Times: user=0.05 sys=0.02, real=0.03 secs] 
2024-10-09T21:18:35.097+0300: 124.305: Total time for which application threads were stopped: 0.0284502 seconds, Stopping threads took: 0.0001784 seconds
2024-10-09T21:18:35.286+0300: 124.497: Application time: 0.1923471 seconds
2024-10-09T21:18:35.294+0300: 124.497: [GC (Allocation Failure) 2024-10-09T21:18:35.294+0300: 124.497: [ParNew: 456539K->51072K(460096K), 0.0218340 secs] 2998678K->2595257K(4143232K), 0.0219147 secs] [Times: user=0.02 sys=0.00, real=0.01 secs] 
2024-10-09T21:18:35.302+0300: 124.519: Total time for which application threads were stopped: 0.0222129 seconds, Stopping threads took: 0.0001403 seconds
2024-10-09T21:18:35.495+0300: 124.701: Application time: 0.1816938 seconds
2024-10-09T21:18:35.495+0300: 124.701: [GC (Allocation Failure) 2024-10-09T21:18:35.495+0300: 124.701: [ParNew: 460096K->51072K(460096K), 0.0301823 secs] 3004281K->2611278K(4143232K), 0.0302754 secs] [Times: user=0.16 sys=0.00, real=0.03 secs] 
2024-10-09T21:18:35.521+0300: 124.732: Total time for which application threads were stopped: 0.0307317 seconds, Stopping threads took: 0.0003228 seconds
2024-10-09T21:18:35.695+0300: 124.901: Application time: 0.1697214 seconds
2024-10-09T21:18:35.695+0300: 124.902: [GC (Allocation Failure) 2024-10-09T21:18:35.695+0300: 124.902: [ParNew: 460096K->51072K(460096K), 0.0341370 secs] 3020302K->2645556K(4143232K), 0.0342218 secs] [Times: user=0.03 sys=0.00, real=0.03 secs] 
2024-10-09T21:18:35.726+0300: 124.936: Total time for which application threads were stopped: 0.0345004 seconds, Stopping threads took: 0.0001566 seconds
2024-10-09T21:18:35.914+0300: 125.126: Application time: 0.1901221 seconds
2024-10-09T21:18:35.914+0300: 125.126: [GC (Allocation Failure) 2024-10-09T21:18:35.914+0300: 125.126: [ParNew: 460096K->50339K(460096K), 0.0255860 secs] 3054580K->2660236K(4143232K), 0.0256752 secs] [Times: user=0.03 sys=0.00, real=0.03 secs] 
2024-10-09T21:18:35.945+0300: 125.152: Total time for which application threads were stopped: 0.0259462 seconds, Stopping threads took: 0.0001495 seconds
2024-10-09T21:18:36.118+0300: 125.333: Application time: 0.1807240 seconds
2024-10-09T21:18:36.118+0300: 125.333: [GC (Allocation Failure) 2024-10-09T21:18:36.118+0300: 125.333: [ParNew: 459363K->51072K(460096K), 0.0241477 secs] 3069260K->2675276K(4143232K), 0.0242308 secs] [Times: user=0.03 sys=0.00, real=0.03 secs] 
2024-10-09T21:18:36.150+0300: 125.357: Total time for which application threads were stopped: 0.0244819 seconds, Stopping threads took: 0.0001339 seconds
2024-10-09T21:18:36.322+0300: 125.529: Application time: 0.1716392 seconds
2024-10-09T21:18:36.322+0300: 125.529: [GC (Allocation Failure) 2024-10-09T21:18:36.322+0300: 125.529: [ParNew: 460096K->44523K(460096K), 0.0265934 secs] 3084300K->2691487K(4143232K), 0.0266751 secs] [Times: user=0.02 sys=0.00, real=0.02 secs] 
2024-10-09T21:18:36.338+0300: 125.556: Total time for which application threads were stopped: 0.0269059 seconds, Stopping threads took: 0.0001168 seconds
2024-10-09T21:18:36.542+0300: 125.749: Application time: 0.1932338 seconds
2024-10-09T21:18:36.542+0300: 125.749: [GC (Allocation Failure) 2024-10-09T21:18:36.542+0300: 125.749: [ParNew: 453547K->51072K(460096K), 0.0265985 secs] 3100511K->2714739K(4143232K), 0.0266808 secs] [Times: user=0.02 sys=0.00, real=0.02 secs] 
2024-10-09T21:18:36.558+0300: 125.776: Total time for which application threads were stopped: 0.0270347 seconds, Stopping threads took: 0.0002240 seconds
2024-10-09T21:18:36.746+0300: 125.954: Application time: 0.1776402 seconds
2024-10-09T21:18:36.746+0300: 125.954: [GC (Allocation Failure) 2024-10-09T21:18:36.746+0300: 125.954: [ParNew: 460096K->51072K(460096K), 0.0279240 secs] 3123763K->2733524K(4143232K), 0.0280092 secs] [Times: user=0.02 sys=0.00, real=0.03 secs] 
2024-10-09T21:18:36.777+0300: 125.982: Total time for which application threads were stopped: 0.0282705 seconds, Stopping threads took: 0.0001428 seconds
2024-10-09T21:18:36.950+0300: 126.154: Application time: 0.1718449 seconds
2024-10-09T21:18:36.950+0300: 126.154: [GC (Allocation Failure) 2024-10-09T21:18:36.950+0300: 126.154: [ParNew: 460096K->51072K(460096K), 0.0286054 secs] 3142548K->2758930K(4143232K), 0.0286885 secs] [Times: user=0.02 sys=0.00, real=0.02 secs] 
2024-10-09T21:18:36.966+0300: 126.183: Total time for which application threads were stopped: 0.0289576 seconds, Stopping threads took: 0.0001550 seconds
2024-10-09T21:18:37.154+0300: 126.369: Application time: 0.1860651 seconds
2024-10-09T21:18:37.154+0300: 126.369: [GC (Allocation Failure) 2024-10-09T21:18:37.154+0300: 126.369: [ParNew: 460096K->51072K(460096K), 0.0274291 secs] 3167954K->2778201K(4143232K), 0.0275117 secs] [Times: user=0.03 sys=0.00, real=0.03 secs] 
2024-10-09T21:18:37.186+0300: 126.397: Total time for which application threads were stopped: 0.0277864 seconds, Stopping threads took: 0.0001562 seconds
2024-10-09T21:18:37.358+0300: 126.575: Application time: 0.1787748 seconds
2024-10-09T21:18:37.358+0300: 126.576: [GC (Allocation Failure) 2024-10-09T21:18:37.358+0300: 126.576: [ParNew: 460096K->51072K(460096K), 0.0294719 secs] 3187225K->2802412K(4143232K), 0.0295628 secs] [Times: user=0.05 sys=0.00, real=0.04 secs] 
2024-10-09T21:18:37.399+0300: 126.605: Total time for which application threads were stopped: 0.0298692 seconds, Stopping threads took: 0.0001745 seconds
2024-10-09T21:18:37.578+0300: 126.785: Application time: 0.1796225 seconds
2024-10-09T21:18:37.578+0300: 126.785: [GC (Allocation Failure) 2024-10-09T21:18:37.578+0300: 126.785: [ParNew: 460096K->49358K(460096K), 0.0253490 secs] 3211436K->2818357K(4143232K), 0.0254339 secs] [Times: user=0.03 sys=0.00, real=0.02 secs] 
2024-10-09T21:18:37.599+0300: 126.811: Total time for which application threads were stopped: 0.0256990 seconds, Stopping threads took: 0.0001481 seconds
2024-10-09T21:18:37.782+0300: 126.992: Application time: 0.1810309 seconds
2024-10-09T21:18:37.782+0300: 126.992: [GC (Allocation Failure) 2024-10-09T21:18:37.782+0300: 126.992: [ParNew: 458382K->51072K(460096K), 0.0247262 secs] 3227381K->2835456K(4143232K), 0.0248160 secs] [Times: user=0.02 sys=0.00, real=0.02 secs] 
2024-10-09T21:18:37.800+0300: 127.017: Total time for which application threads were stopped: 0.0250800 seconds, Stopping threads took: 0.0001260 seconds
2024-10-09T21:18:37.986+0300: 127.195: Application time: 0.1782176 seconds
2024-10-09T21:18:37.986+0300: 127.195: [GC (Allocation Failure) 2024-10-09T21:18:37.986+0300: 127.195: [ParNew: 460096K->51072K(460096K), 0.0282467 secs] 3244480K->2857453K(4143232K), 0.0283350 secs] [Times: user=0.01 sys=0.00, real=0.03 secs] 
2024-10-09T21:18:38.018+0300: 127.224: Total time for which application threads were stopped: 0.0285934 seconds, Stopping threads took: 0.0001401 seconds
2024-10-09T21:18:38.190+0300: 127.402: Application time: 0.1788652 seconds
2024-10-09T21:18:38.190+0300: 127.403: [GC (Allocation Failure) 2024-10-09T21:18:38.190+0300: 127.403: [ParNew: 460096K->51072K(460096K), 0.0241681 secs] 3266477K->2871320K(4143232K), 0.0242550 secs] [Times: user=0.02 sys=0.00, real=0.03 secs] 
2024-10-09T21:18:38.222+0300: 127.427: Total time for which application threads were stopped: 0.0244970 seconds, Stopping threads took: 0.0001260 seconds
2024-10-09T21:18:38.401+0300: 127.605: Application time: 0.1776491 seconds
2024-10-09T21:18:38.401+0300: 127.605: [GC (Allocation Failure) 2024-10-09T21:18:38.401+0300: 127.605: [ParNew: 460096K->51072K(460096K), 0.0265796 secs] 3280344K->2890643K(4143232K), 0.0266655 secs] [Times: user=0.02 sys=0.00, real=0.03 secs] 
2024-10-09T21:18:38.426+0300: 127.632: Total time for which application threads were stopped: 0.0269468 seconds, Stopping threads took: 0.0001598 seconds
2024-10-09T21:18:38.614+0300: 127.817: Application time: 0.1854666 seconds
2024-10-09T21:18:38.614+0300: 127.817: [GC (Allocation Failure) 2024-10-09T21:18:38.614+0300: 127.817: [ParNew: 460096K->51072K(460096K), 0.0246607 secs] 3299667K->2904678K(4143232K), 0.0247558 secs] [Times: user=0.09 sys=0.00, real=0.02 secs] 
2024-10-09T21:18:38.636+0300: 127.842: Total time for which application threads were stopped: 0.0251109 seconds, Stopping threads took: 0.0002312 seconds
2024-10-09T21:18:38.819+0300: 128.025: Application time: 0.1824357 seconds
2024-10-09T21:18:38.819+0300: 128.025: [GC (Allocation Failure) 2024-10-09T21:18:38.819+0300: 128.027: [ParNew: 460096K->51072K(460096K), 0.0281125 secs] 3313702K->2925308K(4143232K), 0.0303754 secs] [Times: user=0.03 sys=0.00, real=0.03 secs] 
2024-10-09T21:18:38.850+0300: 128.055: Total time for which application threads were stopped: 0.0306108 seconds, Stopping threads took: 0.0001161 seconds
2024-10-09T21:18:39.023+0300: 128.231: Application time: 0.1756743 seconds
2024-10-09T21:18:39.023+0300: 128.231: [GC (Allocation Failure) 2024-10-09T21:18:39.023+0300: 128.231: [ParNew: 460096K->51072K(460096K), 0.0247387 secs] 3334332K->2939036K(4143232K), 0.0248242 secs] [Times: user=0.01 sys=0.00, real=0.02 secs] 
2024-10-09T21:18:39.038+0300: 128.256: Total time for which application threads were stopped: 0.0250723 seconds, Stopping threads took: 0.0001289 seconds
2024-10-09T21:18:39.227+0300: 128.441: Application time: 0.1848625 seconds
2024-10-09T21:18:39.227+0300: 128.441: [GC (Allocation Failure) 2024-10-09T21:18:39.227+0300: 128.441: [ParNew: 460096K->51072K(460096K), 0.0273138 secs] 3348060K->2962894K(4143232K), 0.0273965 secs] [Times: user=0.03 sys=0.00, real=0.03 secs] 
2024-10-09T21:18:39.258+0300: 128.468: Total time for which application threads were stopped: 0.0276660 seconds, Stopping threads took: 0.0001543 seconds
2024-10-09T21:18:39.431+0300: 128.648: Application time: 0.1798694 seconds
2024-10-09T21:18:39.431+0300: 128.649: [GC (Allocation Failure) 2024-10-09T21:18:39.431+0300: 128.649: [ParNew: 460096K->51072K(460096K), 0.0237396 secs] 3371918K->2973138K(4143232K), 0.0238287 secs] [Times: user=0.03 sys=0.00, real=0.03 secs] 
2024-10-09T21:18:39.462+0300: 128.672: Total time for which application threads were stopped: 0.0240914 seconds, Stopping threads took: 0.0001422 seconds
2024-10-09T21:18:39.650+0300: 128.858: Application time: 0.1855691 seconds
2024-10-09T21:18:39.650+0300: 128.858: [GC (Allocation Failure) 2024-10-09T21:18:39.650+0300: 128.858: [ParNew: 460096K->51072K(460096K), 0.0279782 secs] 3382162K->2993931K(4143232K), 0.0280574 secs] [Times: user=0.03 sys=0.00, real=0.03 secs] 
2024-10-09T21:18:39.683+0300: 128.886: Total time for which application threads were stopped: 0.0283111 seconds, Stopping threads took: 0.0001347 seconds
2024-10-09T21:18:39.855+0300: 129.061: Application time: 0.1749624 seconds
2024-10-09T21:18:39.855+0300: 129.061: [GC (Allocation Failure) 2024-10-09T21:18:39.855+0300: 129.062: [ParNew: 460096K->51072K(460096K), 0.0243186 secs] 3402955K->3008113K(4143232K), 0.0244037 secs] [Times: user=0.02 sys=0.00, real=0.02 secs] 
2024-10-09T21:18:39.871+0300: 129.086: Total time for which application threads were stopped: 0.0246618 seconds, Stopping threads took: 0.0001382 seconds
2024-10-09T21:18:40.060+0300: 129.270: Application time: 0.1842867 seconds
2024-10-09T21:18:40.060+0300: 129.271: [GC (Allocation Failure) 2024-10-09T21:18:40.060+0300: 129.271: [ParNew: 460096K->51072K(460096K), 0.0246178 secs] 3417137K->3024552K(4143232K), 0.0247031 secs] [Times: user=0.03 sys=0.00, real=0.03 secs] 
2024-10-09T21:18:40.091+0300: 129.295: Total time for which application threads were stopped: 0.0250118 seconds, Stopping threads took: 0.0001718 seconds
2024-10-09T21:18:40.264+0300: 129.475: Application time: 0.1793981 seconds
2024-10-09T21:18:40.264+0300: 129.475: [GC (Allocation Failure) 2024-10-09T21:18:40.264+0300: 129.475: [ParNew: 460096K->51072K(460096K), 0.0282118 secs] 3433576K->3044425K(4143232K), 0.0283002 secs] [Times: user=0.03 sys=0.00, real=0.03 secs] 
2024-10-09T21:18:40.295+0300: 129.503: Total time for which application threads were stopped: 0.0286647 seconds, Stopping threads took: 0.0002398 seconds
2024-10-09T21:18:40.468+0300: 129.680: Application time: 0.1762917 seconds
2024-10-09T21:18:40.468+0300: 129.680: [GC (Allocation Failure) 2024-10-09T21:18:40.468+0300: 129.680: [ParNew: 460096K->51072K(460096K), 0.0300009 secs] 3453449K->3071574K(4143232K), 0.0301053 secs] [Times: user=0.08 sys=0.00, real=0.04 secs] 
2024-10-09T21:18:40.505+0300: 129.710: Total time for which application threads were stopped: 0.0303910 seconds, Stopping threads took: 0.0001575 seconds
2024-10-09T21:18:40.687+0300: 129.891: Application time: 0.1814237 seconds
2024-10-09T21:18:40.687+0300: 129.892: [GC (Allocation Failure) 2024-10-09T21:18:40.687+0300: 129.892: [ParNew: 460096K->51072K(460096K), 0.0288046 secs] 3480598K->3082122K(4143232K), 0.0288940 secs] [Times: user=0.01 sys=0.00, real=0.02 secs] 
2024-10-09T21:18:40.706+0300: 129.921: Total time for which application threads were stopped: 0.0291576 seconds, Stopping threads took: 0.0001408 seconds
2024-10-09T21:18:40.891+0300: 130.109: Application time: 0.1882622 seconds
2024-10-09T21:18:40.891+0300: 130.109: [GC (Allocation Failure) 2024-10-09T21:18:40.891+0300: 130.109: [ParNew: 460096K->51072K(460096K), 0.0239945 secs] 3491146K->3093238K(4143232K), 0.0240785 secs] [Times: user=0.03 sys=0.00, real=0.03 secs] 
2024-10-09T21:18:40.923+0300: 130.133: Total time for which application threads were stopped: 0.0243228 seconds, Stopping threads took: 0.0001278 seconds
2024-10-09T21:18:41.095+0300: 130.307: Application time: 0.1733563 seconds
2024-10-09T21:18:41.095+0300: 130.307: [GC (Allocation Failure) 2024-10-09T21:18:41.095+0300: 130.307: [ParNew: 460096K->47382K(460096K), 0.0276834 secs] 3502262K->3111294K(4143232K), 0.0277693 secs] [Times: user=0.03 sys=0.00, real=0.03 secs] 
2024-10-09T21:18:41.127+0300: 130.335: Total time for which application threads were stopped: 0.0280471 seconds, Stopping threads took: 0.0001581 seconds
2024-10-09T21:18:41.307+0300: 130.513: Application time: 0.1781044 seconds
2024-10-09T21:18:41.307+0300: 130.513: [GC (Allocation Failure) 2024-10-09T21:18:41.307+0300: 130.513: [ParNew: 456406K->51072K(460096K), 0.0234205 secs] 3520318K->3132627K(4143232K), 0.0235117 secs] [Times: user=0.03 sys=0.00, real=0.02 secs] 
2024-10-09T21:18:41.331+0300: 130.537: Total time for which application threads were stopped: 0.0238246 seconds, Stopping threads took: 0.0001913 seconds
2024-10-09T21:18:41.520+0300: 130.736: Application time: 0.1993686 seconds
2024-10-09T21:18:41.520+0300: 130.736: [GC (Allocation Failure) 2024-10-09T21:18:41.520+0300: 130.736: [ParNew: 460096K->51072K(460096K), 0.0237565 secs] 3541651K->3141707K(4143232K), 0.0238469 secs] [Times: user=0.03 sys=0.00, real=0.03 secs] 
2024-10-09T21:18:41.551+0300: 130.760: Total time for which application threads were stopped: 0.0241118 seconds, Stopping threads took: 0.0001222 seconds
2024-10-09T21:18:41.724+0300: 130.930: Application time: 0.1701204 seconds
2024-10-09T21:18:41.724+0300: 130.930: [GC (Allocation Failure) 2024-10-09T21:18:41.724+0300: 130.930: [ParNew: 460096K->51072K(460096K), 0.0293788 secs] 3550731K->3163668K(4143232K), 0.0294595 secs] [Times: user=0.03 sys=0.00, real=0.03 secs] 
2024-10-09T21:18:41.755+0300: 130.960: Total time for which application threads were stopped: 0.0297469 seconds, Stopping threads took: 0.0001753 seconds
2024-10-09T21:18:41.928+0300: 131.134: Application time: 0.1737339 seconds
2024-10-09T21:18:41.928+0300: 131.134: [GC (Allocation Failure) 2024-10-09T21:18:41.928+0300: 131.134: [ParNew: 460096K->51072K(460096K), 0.0281066 secs] 3572692K->3190515K(4143232K), 0.0281870 secs] [Times: user=0.01 sys=0.00, real=0.02 secs] 
2024-10-09T21:18:41.943+0300: 131.162: Total time for which application threads were stopped: 0.0284350 seconds, Stopping threads took: 0.0001319 seconds
2024-10-09T21:18:42.147+0300: 131.355: Application time: 0.1924405 seconds
2024-10-09T21:18:42.147+0300: 131.355: [GC (Allocation Failure) 2024-10-09T21:18:42.147+0300: 131.355: [ParNew: 460096K->46516K(460096K), 0.0265724 secs] 3599539K->3202505K(4143232K), 0.0266561 secs] [Times: user=0.02 sys=0.00, real=0.02 secs] 
2024-10-09T21:18:42.163+0300: 131.381: Total time for which application threads were stopped: 0.0269162 seconds, Stopping threads took: 0.0001351 seconds
2024-10-09T21:18:42.351+0300: 131.556: Application time: 0.1741341 seconds
2024-10-09T21:18:42.351+0300: 131.556: [GC (Allocation Failure) 2024-10-09T21:18:42.351+0300: 131.556: [ParNew: 455540K->51072K(460096K), 0.0267308 secs] 3611529K->3223969K(4143232K), 0.0268102 secs] [Times: user=0.02 sys=0.00, real=0.02 secs] 
2024-10-09T21:18:42.367+0300: 131.583: Total time for which application threads were stopped: 0.0270679 seconds, Stopping threads took: 0.0001425 seconds
2024-10-09T21:18:42.555+0300: 131.764: Application time: 0.1816201 seconds
2024-10-09T21:18:42.555+0300: 131.765: [GC (Allocation Failure) 2024-10-09T21:18:42.555+0300: 131.765: [ParNew: 460096K->46690K(460096K), 0.0271478 secs] 3632993K->3245087K(4143232K), 0.0272312 secs] [Times: user=0.02 sys=0.00, real=0.03 secs] 
2024-10-09T21:18:42.587+0300: 131.792: Total time for which application threads were stopped: 0.0275143 seconds, Stopping threads took: 0.0001670 seconds
2024-10-09T21:18:42.775+0300: 131.979: Application time: 0.1872940 seconds
2024-10-09T21:18:42.775+0300: 131.979: [GC (Allocation Failure) 2024-10-09T21:18:42.775+0300: 131.979: [ParNew: 455714K->47839K(460096K), 0.0240424 secs] 3654111K->3259021K(4143232K), 0.0241281 secs] [Times: user=0.01 sys=0.00, real=0.02 secs] 
2024-10-09T21:18:42.791+0300: 132.003: Total time for which application threads were stopped: 0.0243897 seconds, Stopping threads took: 0.0001404 seconds
2024-10-09T21:18:42.979+0300: 132.184: Application time: 0.1802162 seconds
2024-10-09T21:18:42.979+0300: 132.184: [GC (Allocation Failure) 2024-10-09T21:18:42.979+0300: 132.184: [ParNew: 456863K->51072K(460096K), 0.0236927 secs] 3668045K->3272178K(4143232K), 0.0237749 secs] [Times: user=0.02 sys=0.00, real=0.02 secs] 
2024-10-09T21:18:42.995+0300: 132.208: Total time for which application threads were stopped: 0.0240411 seconds, Stopping threads took: 0.0001559 seconds
2024-10-09T21:18:43.167+0300: 132.384: Application time: 0.1762507 seconds
2024-10-09T21:18:43.167+0300: 132.384: [GC (Allocation Failure) 2024-10-09T21:18:43.167+0300: 132.384: [ParNew: 460096K->49031K(460096K), 0.0292927 secs] 3681202K->3299175K(4143232K), 0.0293742 secs] [Times: user=0.03 sys=0.00, real=0.03 secs] 
2024-10-09T21:18:43.199+0300: 132.414: Total time for which application threads were stopped: 0.0296056 seconds, Stopping threads took: 0.0001242 seconds
2024-10-09T21:18:43.387+0300: 132.600: Application time: 0.1861282 seconds
2024-10-09T21:18:43.387+0300: 132.600: [GC (Allocation Failure) 2024-10-09T21:18:43.387+0300: 132.600: [ParNew: 458055K->51072K(460096K), 0.0249554 secs] 3708199K->3311684K(4143232K), 0.0250486 secs] [Times: user=0.05 sys=0.00, real=0.03 secs] 
2024-10-09T21:18:43.419+0300: 132.625: Total time for which application threads were stopped: 0.0253142 seconds, Stopping threads took: 0.0001373 seconds
2024-10-09T21:18:43.607+0300: 132.810: Application time: 0.1849003 seconds
2024-10-09T21:18:43.607+0300: 132.810: [GC (Allocation Failure) 2024-10-09T21:18:43.607+0300: 132.810: [ParNew: 460096K->51072K(460096K), 0.0302909 secs] 3720708K->3335162K(4143232K), 0.0303845 secs] [Times: user=0.02 sys=0.00, real=0.02 secs] 
2024-10-09T21:18:43.623+0300: 132.841: Total time for which application threads were stopped: 0.0306414 seconds, Stopping threads took: 0.0001193 seconds
2024-10-09T21:18:43.795+0300: 133.013: Application time: 0.1726925 seconds
2024-10-09T21:18:43.795+0300: 133.014: [GC (Allocation Failure) 2024-10-09T21:18:43.795+0300: 133.014: [ParNew: 460096K->45927K(460096K), 0.0297571 secs] 3744186K->3362223K(4143232K), 0.0298408 secs] [Times: user=0.02 sys=0.00, real=0.03 secs] 
2024-10-09T21:18:43.827+0300: 133.043: Total time for which application threads were stopped: 0.0301128 seconds, Stopping threads took: 0.0001476 seconds
2024-10-09T21:18:43.827+0300: 133.044: Application time: 0.0000835 seconds
2024-10-09T21:18:43.827+0300: 133.044: [GC (CMS Initial Mark) [1 CMS-initial-mark: 3316296K(3683136K)] 3367659K(4143232K), 0.0040279 secs] [Times: user=0.01 sys=0.00, real=0.02 secs] 
2024-10-09T21:18:43.842+0300: 133.048: Total time for which application threads were stopped: 0.0042784 seconds, Stopping threads took: 0.0001507 seconds
2024-10-09T21:18:43.842+0300: 133.048: [CMS-concurrent-mark-start]
2024-10-09T21:18:43.858+0300: 133.068: [CMS-concurrent-mark: 0.021/0.021 secs] [Times: user=0.02 sys=0.00, real=0.02 secs] 
2024-10-09T21:18:43.858+0300: 133.069: [CMS-concurrent-preclean-start]
2024-10-09T21:18:43.858+0300: 133.073: [CMS-concurrent-preclean: 0.004/0.004 secs] [Times: user=0.00 sys=0.00, real=0.00 secs] 
2024-10-09T21:18:43.858+0300: 133.073: [CMS-concurrent-abortable-preclean-start]
2024-10-09T21:18:44.062+0300: 133.272: Application time: 0.2238679 seconds
2024-10-09T21:18:44.062+0300: 133.272: [GC (Allocation Failure) 2024-10-09T21:18:44.062+0300: 133.272: [ParNew: 454951K->51072K(460096K), 0.0229181 secs] 3771247K->3371336K(4143232K), 0.0229970 secs] [Times: user=0.02 sys=0.00, real=0.02 secs] 
2024-10-09T21:18:44.078+0300: 133.295: Total time for which application threads were stopped: 0.0232237 seconds, Stopping threads took: 0.0001187 seconds
2024-10-09T21:18:44.266+0300: 133.483: Application time: 0.1883655 seconds
2024-10-09T21:18:44.266+0300: 133.483: [GC (Allocation Failure) 2024-10-09T21:18:44.266+0300: 133.483: [ParNew: 460096K->51072K(460096K), 0.0333592 secs] 3780360K->3401441K(4143232K), 0.0334428 secs] [Times: user=0.05 sys=0.00, real=0.05 secs] 
2024-10-09T21:18:44.313+0300: 133.517: Total time for which application threads were stopped: 0.0336957 seconds, Stopping threads took: 0.0001368 seconds
2024-10-09T21:18:44.329+0300: 133.540: [CMS-concurrent-abortable-preclean: 0.410/0.467 secs] [Times: user=2.41 sys=0.00, real=0.47 secs] 
2024-10-09T21:18:44.329+0300: 133.540: Application time: 0.0231927 seconds
2024-10-09T21:18:44.329+0300: 133.540: [GC (CMS Final Remark) [YG occupancy: 96497 K (460096 K)]2024-10-09T21:18:44.329+0300: 133.540: [Rescan (parallel) , 0.0084926 secs]2024-10-09T21:18:44.344+0300: 133.549: [weak refs processing, 0.0000166 secs]2024-10-09T21:18:44.344+0300: 133.549: [class unloading, 0.0020977 secs]2024-10-09T21:18:44.344+0300: 133.551: [scrub symbol table, 0.0007293 secs]2024-10-09T21:18:44.344+0300: 133.552: [scrub string table, 0.0001998 secs][1 CMS-remark: 3350369K(3683136K)] 3446867K(4143232K), 0.0116472 secs] [Times: user=0.02 sys=0.00, real=0.02 secs] 
2024-10-09T21:18:44.344+0300: 133.552: Total time for which application threads were stopped: 0.0118658 seconds, Stopping threads took: 0.0001382 seconds
2024-10-09T21:18:44.344+0300: 133.552: [CMS-concurrent-sweep-start]
2024-10-09T21:18:44.549+0300: 133.762: Application time: 0.2103498 seconds
2024-10-09T21:18:44.549+0300: 133.763: [GC (Allocation Failure) 2024-10-09T21:18:44.549+0300: 133.763: [ParNew: 460096K->46969K(460096K), 0.0271149 secs] 3413117K->3020248K(4143232K), 0.0272077 secs] [Times: user=0.03 sys=0.00, real=0.03 secs] 
2024-10-09T21:18:44.580+0300: 133.790: Total time for which application threads were stopped: 0.0275643 seconds, Stopping threads took: 0.0002087 seconds
2024-10-09T21:18:44.801+0300: 134.007: Application time: 0.2174675 seconds
2024-10-09T21:18:44.801+0300: 134.008: [GC (Allocation Failure) 2024-10-09T21:18:44.801+0300: 134.008: [ParNew: 455993K->50236K(460096K), 0.0235566 secs] 3055565K->2658938K(4143232K), 0.0236410 secs] [Times: user=0.01 sys=0.00, real=0.02 secs] 
2024-10-09T21:18:44.817+0300: 134.031: Total time for which application threads were stopped: 0.0239862 seconds, Stopping threads took: 0.0001947 seconds
2024-10-09T21:18:45.021+0300: 134.226: Application time: 0.1949119 seconds
2024-10-09T21:18:45.021+0300: 134.227: [GC (Allocation Failure) 2024-10-09T21:18:45.021+0300: 134.227: [ParNew: 459260K->51072K(460096K), 0.0275792 secs] 2734793K->2352181K(4143232K), 0.0277021 secs] [Times: user=0.02 sys=0.00, real=0.02 secs] 
2024-10-09T21:18:45.036+0300: 134.254: Total time for which application threads were stopped: 0.0280417 seconds, Stopping threads took: 0.0001920 seconds
2024-10-09T21:18:45.256+0300: 134.470: Application time: 0.2157541 seconds
2024-10-09T21:18:45.256+0300: 134.470: [GC (Allocation Failure) 2024-10-09T21:18:45.256+0300: 134.470: [ParNew: 460096K->51072K(460096K), 0.0236477 secs] 2420970K->2022115K(4143232K), 0.0237344 secs] [Times: user=0.03 sys=0.00, real=0.03 secs] 
2024-10-09T21:18:45.287+0300: 134.494: Total time for which application threads were stopped: 0.0240150 seconds, Stopping threads took: 0.0001634 seconds
2024-10-09T21:18:45.491+0300: 134.703: Application time: 0.2087125 seconds
2024-10-09T21:18:45.491+0300: 134.703: [GC (Allocation Failure) 2024-10-09T21:18:45.491+0300: 134.703: [ParNew: 460096K->51072K(460096K), 0.0301208 secs] 2096156K->1712971K(4143232K), 0.0302205 secs] [Times: user=0.12 sys=0.00, real=0.03 secs] 
2024-10-09T21:18:45.523+0300: 134.733: Total time for which application threads were stopped: 0.0305389 seconds, Stopping threads took: 0.0001549 seconds
2024-10-09T21:18:45.742+0300: 134.952: Application time: 0.2189116 seconds
2024-10-09T21:18:45.742+0300: 134.952: [GC (Allocation Failure) 2024-10-09T21:18:45.742+0300: 134.953: [ParNew: 460096K->51072K(460096K), 0.0257375 secs] 1816038K->1427248K(4143232K), 0.0258208 secs] [Times: user=0.03 sys=0.00, real=0.03 secs] 
2024-10-09T21:18:45.774+0300: 134.978: Total time for which application threads were stopped: 0.0260735 seconds, Stopping threads took: 0.0001392 seconds
2024-10-09T21:18:45.978+0300: 135.190: Application time: 0.2113992 seconds
2024-10-09T21:18:45.978+0300: 135.190: [GC (Allocation Failure) 2024-10-09T21:18:45.978+0300: 135.190: [ParNew: 460096K->51072K(460096K), 0.0251561 secs] 1538205K->1139908K(4143232K), 0.0252504 secs] [Times: user=0.03 sys=0.00, real=0.03 secs] 
2024-10-09T21:18:46.009+0300: 135.215: Total time for which application threads were stopped: 0.0255493 seconds, Stopping threads took: 0.0001671 seconds
2024-10-09T21:18:46.218+0300: 135.426: Application time: 0.2104775 seconds
2024-10-09T21:18:46.218+0300: 135.426: [GC (Allocation Failure) 2024-10-09T21:18:46.218+0300: 135.426: [ParNew: 460096K->51072K(460096K), 0.0271372 secs] 1268754K->880368K(4143232K), 0.0272283 secs] [Times: user=0.03 sys=0.00, real=0.03 secs] 
2024-10-09T21:18:46.244+0300: 135.453: Total time for which application threads were stopped: 0.0274936 seconds, Stopping threads took: 0.0001304 seconds
2024-10-09T21:18:46.448+0300: 135.655: Application time: 0.2019718 seconds
2024-10-09T21:18:46.448+0300: 135.656: [GC (Allocation Failure) 2024-10-09T21:18:46.448+0300: 135.656: [ParNew: 460096K->51072K(460096K), 0.0265419 secs] 1018520K->626856K(4143232K), 0.0266370 secs] [Times: user=0.02 sys=0.00, real=0.02 secs] 
2024-10-09T21:18:46.464+0300: 135.682: Total time for which application threads were stopped: 0.0269309 seconds, Stopping threads took: 0.0001772 seconds
2024-10-09T21:18:46.684+0300: 135.898: Application time: 0.2156639 seconds
2024-10-09T21:18:46.684+0300: 135.898: [GC (Allocation Failure) 2024-10-09T21:18:46.684+0300: 135.898: [ParNew: 460096K->51072K(460096K), 0.0239312 secs] 726340K->330183K(4143232K), 0.0240159 secs] [Times: user=0.03 sys=0.00, real=0.03 secs] 
2024-10-09T21:18:46.715+0300: 135.922: Total time for which application threads were stopped: 0.0242798 seconds, Stopping threads took: 0.0001421 seconds
2024-10-09T21:18:46.747+0300: 135.952: [CMS-concurrent-sweep: 2.135/2.400 secs] [Times: user=12.47 sys=0.00, real=2.40 secs] 
2024-10-09T21:18:46.747+0300: 135.952: [CMS-concurrent-reset-start]
2024-10-09T21:18:46.747+0300: 135.960: [CMS-concurrent-reset: 0.008/0.008 secs] [Times: user=0.00 sys=0.00, real=0.00 secs] 
2024-10-09T21:18:46.903+0300: 136.111: Application time: 0.1885461 seconds
2024-10-09T21:18:46.903+0300: 136.111: [GC (Allocation Failure) 2024-10-09T21:18:46.903+0300: 136.111: [ParNew: 460096K->51072K(460096K), 0.0267492 secs] 709820K->323613K(4143232K), 0.0268321 secs] [Times: user=0.02 sys=0.00, real=0.02 secs] 
2024-10-09T21:18:46.919+0300: 136.138: Total time for which application threads were stopped: 0.0270925 seconds, Stopping threads took: 0.0001366 seconds
2024-10-09T21:18:47.107+0300: 136.312: Application time: 0.1738559 seconds
2024-10-09T21:18:47.107+0300: 136.312: [GC (Allocation Failure) 2024-10-09T21:18:47.107+0300: 136.312: [ParNew: 460096K->51072K(460096K), 0.0231808 secs] 732637K->335242K(4143232K), 0.0232719 secs] [Times: user=0.02 sys=0.00, real=0.02 secs] 
2024-10-09T21:18:47.123+0300: 136.335: Total time for which application threads were stopped: 0.0236239 seconds, Stopping threads took: 0.0002328 seconds
2024-10-09T21:18:47.311+0300: 136.516: Application time: 0.1811619 seconds
2024-10-09T21:18:47.311+0300: 136.517: [GC (Allocation Failure) 2024-10-09T21:18:47.311+0300: 136.517: [ParNew: 460096K->51072K(460096K), 0.0291642 secs] 744266K->362091K(4143232K), 0.0292555 secs] [Times: user=0.02 sys=0.00, real=0.02 secs] 
2024-10-09T21:18:47.327+0300: 136.546: Total time for which application threads were stopped: 0.0295167 seconds, Stopping threads took: 0.0001360 seconds
2024-10-09T21:18:47.521+0300: 136.731: Application time: 0.1851161 seconds
2024-10-09T21:18:47.521+0300: 136.731: [GC (Allocation Failure) 2024-10-09T21:18:47.521+0300: 136.731: [ParNew: 460096K->51072K(460096K), 0.0282852 secs] 771115K->380132K(4143232K), 0.0283769 secs] [Times: user=0.03 sys=0.00, real=0.03 secs] 
2024-10-09T21:18:47.547+0300: 136.760: Total time for which application threads were stopped: 0.0286730 seconds, Stopping threads took: 0.0001692 seconds
2024-10-09T21:18:47.721+0300: 136.933: Application time: 0.1729161 seconds
2024-10-09T21:18:47.721+0300: 136.933: [GC (Allocation Failure) 2024-10-09T21:18:47.721+0300: 136.933: [ParNew: 460096K->51072K(460096K), 0.0309902 secs] 789156K->408639K(4143232K), 0.0310820 secs] [Times: user=0.03 sys=0.00, real=0.03 secs] 
2024-10-09T21:18:47.751+0300: 136.964: Total time for which application threads were stopped: 0.0313758 seconds, Stopping threads took: 0.0001636 seconds
2024-10-09T21:18:47.924+0300: 137.141: Application time: 0.1773134 seconds
2024-10-09T21:18:47.924+0300: 137.142: [GC (Allocation Failure) 2024-10-09T21:18:47.924+0300: 137.142: [ParNew: 460096K->51072K(460096K), 0.0246308 secs] 817663K->424277K(4143232K), 0.0247192 secs] [Times: user=0.03 sys=0.00, real=0.03 secs] 
2024-10-09T21:18:47.955+0300: 137.166: Total time for which application threads were stopped: 0.0250077 seconds, Stopping threads took: 0.0001674 seconds
2024-10-09T21:18:48.128+0300: 137.346: Application time: 0.1795053 seconds
2024-10-09T21:18:48.128+0300: 137.346: [GC (Allocation Failure) 2024-10-09T21:18:48.128+0300: 137.346: [ParNew: 460096K->51072K(460096K), 0.0241651 secs] 833301K->437695K(4143232K), 0.0242501 secs] [Times: user=0.03 sys=0.00, real=0.03 secs] 
2024-10-09T21:18:48.159+0300: 137.370: Total time for which application threads were stopped: 0.0245116 seconds, Stopping threads took: 0.0001445 seconds
2024-10-09T21:18:48.332+0300: 137.546: Application time: 0.1754798 seconds
2024-10-09T21:18:48.332+0300: 137.546: [GC (Allocation Failure) 2024-10-09T21:18:48.332+0300: 137.546: [ParNew: 460096K->51072K(460096K), 0.0288016 secs] 846719K->461394K(4143232K), 0.0288887 secs] [Times: user=0.05 sys=0.00, real=0.04 secs] 
2024-10-09T21:18:48.371+0300: 137.575: Total time for which application threads were stopped: 0.0291567 seconds, Stopping threads took: 0.0001431 seconds
2024-10-09T21:18:48.552+0300: 137.758: Application time: 0.1826690 seconds
2024-10-09T21:18:48.552+0300: 137.758: [GC (Allocation Failure) 2024-10-09T21:18:48.552+0300: 137.758: [ParNew: 460096K->51072K(460096K), 0.0270747 secs] 870418K->484078K(4143232K), 0.0271672 secs] [Times: user=0.06 sys=0.00, real=0.02 secs] 
2024-10-09T21:18:48.568+0300: 137.785: Total time for which application threads were stopped: 0.0274395 seconds, Stopping threads took: 0.0001281 seconds
2024-10-09T21:18:48.756+0300: 137.969: Application time: 0.1834515 seconds
2024-10-09T21:18:48.756+0300: 137.969: [GC (Allocation Failure) 2024-10-09T21:18:48.756+0300: 137.969: [ParNew: 460096K->51072K(460096K), 0.0217290 secs] 893102K->489986K(4143232K), 0.0218117 secs] [Times: user=0.03 sys=0.00, real=0.03 secs] 
2024-10-09T21:18:48.787+0300: 137.991: Total time for which application threads were stopped: 0.0221067 seconds, Stopping threads took: 0.0001752 seconds
2024-10-09T21:18:48.944+0300: 138.161: Application time: 0.1700230 seconds
2024-10-09T21:18:48.944+0300: 138.161: [GC (Allocation Failure) 2024-10-09T21:18:48.944+0300: 138.161: [ParNew: 460096K->51072K(460096K), 0.0342723 secs] 899010K->524068K(4143232K), 0.0343620 secs] [Times: user=0.03 sys=0.00, real=0.05 secs] 
2024-10-09T21:18:48.991+0300: 138.195: Total time for which application threads were stopped: 0.0346591 seconds, Stopping threads took: 0.0001719 seconds
2024-10-09T21:18:49.164+0300: 138.375: Application time: 0.1799087 seconds
2024-10-09T21:18:49.164+0300: 138.376: [GC (Allocation Failure) 2024-10-09T21:18:49.164+0300: 138.376: [ParNew: 460096K->51072K(460096K), 0.0256713 secs] 933092K->544998K(4143232K), 0.0257606 secs] [Times: user=0.03 sys=0.00, real=0.03 secs] 
2024-10-09T21:18:49.195+0300: 138.401: Total time for which application threads were stopped: 0.0260259 seconds, Stopping threads took: 0.0001451 seconds
2024-10-09T21:18:49.384+0300: 138.594: Application time: 0.1922872 seconds
2024-10-09T21:18:49.384+0300: 138.594: [GC (Allocation Failure) 2024-10-09T21:18:49.384+0300: 138.594: [ParNew: 460096K->51072K(460096K), 0.0266469 secs] 954022K->561032K(4143232K), 0.0267280 secs] [Times: user=0.03 sys=0.00, real=0.03 secs] 
2024-10-09T21:18:49.415+0300: 138.621: Total time for which application threads were stopped: 0.0269823 seconds, Stopping threads took: 0.0001374 seconds
2024-10-09T21:18:49.587+0300: 138.796: Application time: 0.1757894 seconds
2024-10-09T21:18:49.587+0300: 138.797: [GC (Allocation Failure) 2024-10-09T21:18:49.587+0300: 138.797: [ParNew: 460096K->51072K(460096K), 0.0309707 secs] 970056K->585973K(4143232K), 0.0310728 secs] [Times: user=0.06 sys=0.00, real=0.03 secs] 
2024-10-09T21:18:49.619+0300: 138.828: Total time for which application threads were stopped: 0.0313790 seconds, Stopping threads took: 0.0001698 seconds
2024-10-09T21:18:49.791+0300: 139.002: Application time: 0.1739433 seconds
2024-10-09T21:18:49.791+0300: 139.002: [GC (Allocation Failure) 2024-10-09T21:18:49.791+0300: 139.002: [ParNew: 460096K->45640K(460096K), 0.0275334 secs] 994997K->607618K(4143232K), 0.0276189 secs] [Times: user=0.03 sys=0.00, real=0.04 secs] 
2024-10-09T21:18:49.826+0300: 139.030: Total time for which application threads were stopped: 0.0278926 seconds, Stopping threads took: 0.0001610 seconds
2024-10-09T21:18:50.011+0300: 139.217: Application time: 0.1870285 seconds
2024-10-09T21:18:50.011+0300: 139.217: [GC (Allocation Failure) 2024-10-09T21:18:50.011+0300: 139.217: [ParNew: 454664K->50086K(460096K), 0.0241626 secs] 1016642K->622268K(4143232K), 0.0242478 secs] [Times: user=0.02 sys=0.00, real=0.02 secs] 
2024-10-09T21:18:50.027+0300: 139.241: Total time for which application threads were stopped: 0.0245122 seconds, Stopping threads took: 0.0001424 seconds
2024-10-09T21:18:50.200+0300: 139.414: Application time: 0.1725948 seconds
2024-10-09T21:18:50.200+0300: 139.414: [GC (Allocation Failure) 2024-10-09T21:18:50.200+0300: 139.414: [ParNew: 459110K->51072K(460096K), 0.0246412 secs] 1031292K->636069K(4143232K), 0.0247278 secs] [Times: user=0.03 sys=0.00, real=0.03 secs] 
2024-10-09T21:18:50.232+0300: 139.439: Total time for which application threads were stopped: 0.0250078 seconds, Stopping threads took: 0.0001643 seconds
2024-10-09T21:18:50.404+0300: 139.614: Application time: 0.1749841 seconds
2024-10-09T21:18:50.404+0300: 139.614: [GC (Allocation Failure) 2024-10-09T21:18:50.404+0300: 139.614: [ParNew: 460096K->47471K(460096K), 0.0255215 secs] 1045093K->655401K(4143232K), 0.0256064 secs] [Times: user=0.03 sys=0.00, real=0.03 secs] 
2024-10-09T21:18:50.436+0300: 139.640: Total time for which application threads were stopped: 0.0258757 seconds, Stopping threads took: 0.0001530 seconds
2024-10-09T21:18:50.624+0300: 139.829: Application time: 0.1891061 seconds
2024-10-09T21:18:50.624+0300: 139.829: [GC (Allocation Failure) 2024-10-09T21:18:50.624+0300: 139.829: [ParNew: 456495K->51072K(460096K), 0.0245870 secs] 1064425K->672547K(4143232K), 0.0246726 secs] [Times: user=0.08 sys=0.00, real=0.03 secs] 
2024-10-09T21:18:50.650+0300: 139.854: Total time for which application threads were stopped: 0.0249268 seconds, Stopping threads took: 0.0001313 seconds
2024-10-09T21:18:50.812+0300: 140.028: Application time: 0.1743009 seconds
2024-10-09T21:18:50.812+0300: 140.028: [GC (Allocation Failure) 2024-10-09T21:18:50.812+0300: 140.028: [ParNew: 460096K->51072K(460096K), 0.0240017 secs] 1081571K->684129K(4143232K), 0.0240886 secs] [Times: user=0.03 sys=0.00, real=0.03 secs] 
2024-10-09T21:18:50.844+0300: 140.052: Total time for which application threads were stopped: 0.0243345 seconds, Stopping threads took: 0.0001280 seconds
2024-10-09T21:18:51.016+0300: 140.222: Application time: 0.1695411 seconds
2024-10-09T21:18:51.016+0300: 140.222: [GC (Allocation Failure) 2024-10-09T21:18:51.016+0300: 140.222: [ParNew: 460096K->46231K(460096K), 0.0281752 secs] 1093153K->705337K(4143232K), 0.0282598 secs] [Times: user=0.02 sys=0.00, real=0.02 secs] 
2024-10-09T21:18:51.032+0300: 140.250: Total time for which application threads were stopped: 0.0285180 seconds, Stopping threads took: 0.0001382 seconds
2024-10-09T21:18:51.229+0300: 140.439: Application time: 0.1886271 seconds
2024-10-09T21:18:51.236+0300: 140.439: [GC (Allocation Failure) 2024-10-09T21:18:51.236+0300: 140.439: [ParNew: 455255K->51072K(460096K), 0.0240498 secs] 1114361K->725171K(4143232K), 0.0241542 secs] [Times: user=0.05 sys=0.00, real=0.02 secs] 
2024-10-09T21:18:51.252+0300: 140.463: Total time for which application threads were stopped: 0.0244265 seconds, Stopping threads took: 0.0001259 seconds
2024-10-09T21:18:51.430+0300: 140.641: Application time: 0.1771363 seconds
2024-10-09T21:18:51.430+0300: 140.641: [GC (Allocation Failure) 2024-10-09T21:18:51.430+0300: 140.641: [ParNew: 460096K->51072K(460096K), 0.0234137 secs] 1134195K->733955K(4143232K), 0.0235027 secs] [Times: user=0.03 sys=0.00, real=0.03 secs] 
2024-10-09T21:18:51.456+0300: 140.664: Total time for which application threads were stopped: 0.0237608 seconds, Stopping threads took: 0.0001318 seconds
2024-10-09T21:18:51.630+0300: 140.835: Application time: 0.1709792 seconds
2024-10-09T21:18:51.630+0300: 140.836: [GC (Allocation Failure) 2024-10-09T21:18:51.630+0300: 140.836: [ParNew: 460096K->51072K(460096K), 0.0271377 secs] 1142979K->757397K(4143232K), 0.0272241 secs] [Times: user=0.01 sys=0.00, real=0.01 secs] 
2024-10-09T21:18:51.645+0300: 140.863: Total time for which application threads were stopped: 0.0275023 seconds, Stopping threads took: 0.0001358 seconds
2024-10-09T21:18:51.833+0300: 141.043: Application time: 0.1798822 seconds
2024-10-09T21:18:51.833+0300: 141.043: [GC (Allocation Failure) 2024-10-09T21:18:51.833+0300: 141.043: [ParNew: 460096K->50969K(460096K), 0.0235385 secs] 1166421K->771401K(4143232K), 0.0236221 secs] [Times: user=0.02 sys=0.00, real=0.02 secs] 
2024-10-09T21:18:51.849+0300: 141.067: Total time for which application threads were stopped: 0.0239013 seconds, Stopping threads took: 0.0001544 seconds
2024-10-09T21:18:52.037+0300: 141.250: Application time: 0.1835671 seconds
2024-10-09T21:18:52.037+0300: 141.250: [GC (Allocation Failure) 2024-10-09T21:18:52.037+0300: 141.250: [ParNew: 459993K->51072K(460096K), 0.0245933 secs] 1180425K->783622K(4143232K), 0.0246823 secs] [Times: user=0.03 sys=0.00, real=0.03 secs] 
2024-10-09T21:18:52.069+0300: 141.275: Total time for which application threads were stopped: 0.0249731 seconds, Stopping threads took: 0.0001683 seconds
2024-10-09T21:18:52.231+0300: 141.441: Application time: 0.1655468 seconds
2024-10-09T21:18:52.231+0300: 141.441: [GC (Allocation Failure) 2024-10-09T21:18:52.231+0300: 141.441: [ParNew: 460096K->51072K(460096K), 0.0240860 secs] 1192646K->798869K(4143232K), 0.0242394 secs] [Times: user=0.02 sys=0.00, real=0.03 secs] 
2024-10-09T21:18:52.257+0300: 141.465: Total time for which application threads were stopped: 0.0244904 seconds, Stopping threads took: 0.0001238 seconds
2024-10-09T21:18:52.432+0300: 141.643: Application time: 0.1782176 seconds
2024-10-09T21:18:52.432+0300: 141.644: [GC (Allocation Failure) 2024-10-09T21:18:52.432+0300: 141.644: [ParNew: 460096K->51072K(460096K), 0.0239013 secs] 1207893K->812442K(4143232K), 0.0240030 secs] [Times: user=0.01 sys=0.00, real=0.03 secs] 
2024-10-09T21:18:52.461+0300: 141.668: Total time for which application threads were stopped: 0.0243038 seconds, Stopping threads took: 0.0001534 seconds
2024-10-09T21:18:52.634+0300: 141.852: Application time: 0.1842302 seconds
2024-10-09T21:18:52.634+0300: 141.852: [GC (Allocation Failure) 2024-10-09T21:18:52.634+0300: 141.852: [ParNew: 460096K->51072K(460096K), 0.0326332 secs] 1221466K->840114K(4143232K), 0.0327186 secs] [Times: user=0.05 sys=0.00, real=0.05 secs] 
2024-10-09T21:18:52.681+0300: 141.885: Total time for which application threads were stopped: 0.0329970 seconds, Stopping threads took: 0.0001578 seconds
2024-10-09T21:18:52.838+0300: 142.053: Application time: 0.1682859 seconds
2024-10-09T21:18:52.838+0300: 142.053: [GC (Allocation Failure) 2024-10-09T21:18:52.838+0300: 142.054: [ParNew: 460096K->51072K(460096K), 0.0251911 secs] 1249138K->855865K(4143232K), 0.0252772 secs] [Times: user=0.03 sys=0.00, real=0.03 secs] 
2024-10-09T21:18:52.869+0300: 142.079: Total time for which application threads were stopped: 0.0255718 seconds, Stopping threads took: 0.0001712 seconds
2024-10-09T21:18:53.042+0300: 142.257: Application time: 0.1785348 seconds
2024-10-09T21:18:53.042+0300: 142.258: [GC (Allocation Failure) 2024-10-09T21:18:53.042+0300: 142.258: [ParNew: 460096K->51072K(460096K), 0.0262732 secs] 1264889K->875555K(4143232K), 0.0263602 secs] [Times: user=0.03 sys=0.00, real=0.03 secs] 
2024-10-09T21:18:53.073+0300: 142.284: Total time for which application threads were stopped: 0.0266092 seconds, Stopping threads took: 0.0001288 seconds
2024-10-09T21:18:53.246+0300: 142.462: Application time: 0.1783966 seconds
2024-10-09T21:18:53.246+0300: 142.463: [GC (Allocation Failure) 2024-10-09T21:18:53.246+0300: 142.463: [ParNew: 460096K->51072K(460096K), 0.0238864 secs] 1284579K->890093K(4143232K), 0.0239718 secs] [Times: user=0.05 sys=0.00, real=0.03 secs] 
2024-10-09T21:18:53.277+0300: 142.487: Total time for which application threads were stopped: 0.0242269 seconds, Stopping threads took: 0.0001404 seconds
2024-10-09T21:18:53.450+0300: 142.657: Application time: 0.1705289 seconds
2024-10-09T21:18:53.450+0300: 142.657: [GC (Allocation Failure) 2024-10-09T21:18:53.450+0300: 142.657: [ParNew: 460096K->51072K(460096K), 0.0273730 secs] 1299117K->908959K(4143232K), 0.0274560 secs] [Times: user=0.03 sys=0.00, real=0.03 secs] 
2024-10-09T21:18:53.481+0300: 142.685: Total time for which application threads were stopped: 0.0277392 seconds, Stopping threads took: 0.0001637 seconds
2024-10-09T21:18:53.654+0300: 142.865: Application time: 0.1798145 seconds
2024-10-09T21:18:53.654+0300: 142.865: [GC (Allocation Failure) 2024-10-09T21:18:53.654+0300: 142.865: [ParNew: 460096K->51072K(460096K), 0.0294622 secs] 1317983K->936412K(4143232K), 0.0295502 secs] [Times: user=0.03 sys=0.00, real=0.03 secs] 
2024-10-09T21:18:53.685+0300: 142.895: Total time for which application threads were stopped: 0.0298506 seconds, Stopping threads took: 0.0001717 seconds
2024-10-09T21:18:53.858+0300: 143.073: Application time: 0.1786513 seconds
2024-10-09T21:18:53.858+0300: 143.073: [GC (Allocation Failure) 2024-10-09T21:18:53.858+0300: 143.073: [ParNew: 460096K->48791K(460096K), 0.0276437 secs] 1345436K->955103K(4143232K), 0.0277361 secs] [Times: user=0.03 sys=0.00, real=0.03 secs] 
2024-10-09T21:18:53.889+0300: 143.101: Total time for which application threads were stopped: 0.0280107 seconds, Stopping threads took: 0.0001553 seconds
2024-10-09T21:18:54.062+0300: 143.273: Application time: 0.1713444 seconds
2024-10-09T21:18:54.062+0300: 143.273: [GC (Allocation Failure) 2024-10-09T21:18:54.062+0300: 143.273: [ParNew: 457815K->51072K(460096K), 0.0234319 secs] 1364127K->970559K(4143232K), 0.0235241 secs] [Times: user=0.02 sys=0.00, real=0.02 secs] 
2024-10-09T21:18:54.078+0300: 143.296: Total time for which application threads were stopped: 0.0237777 seconds, Stopping threads took: 0.0001293 seconds
2024-10-09T21:18:54.267+0300: 143.471: Application time: 0.1745615 seconds
2024-10-09T21:18:54.267+0300: 143.471: [GC (Allocation Failure) 2024-10-09T21:18:54.267+0300: 143.471: [ParNew: 460096K->50998K(460096K), 0.0251950 secs] 1379583K->990715K(4143232K), 0.0252778 secs] [Times: user=0.02 sys=0.00, real=0.02 secs] 
2024-10-09T21:18:54.282+0300: 143.496: Total time for which application threads were stopped: 0.0255224 seconds, Stopping threads took: 0.0001301 seconds
2024-10-09T21:18:54.471+0300: 143.675: Application time: 0.1790212 seconds
2024-10-09T21:18:54.471+0300: 143.676: [GC (Allocation Failure) 2024-10-09T21:18:54.471+0300: 143.676: [ParNew: 460022K->51072K(460096K), 0.0256441 secs] 1399739K->1006634K(4143232K), 0.0257286 secs] [Times: user=0.02 sys=0.00, real=0.02 secs] 
2024-10-09T21:18:54.486+0300: 143.701: Total time for which application threads were stopped: 0.0259906 seconds, Stopping threads took: 0.0001415 seconds
2024-10-09T21:18:54.675+0300: 143.880: Application time: 0.1784725 seconds
2024-10-09T21:18:54.675+0300: 143.880: [GC (Allocation Failure) 2024-10-09T21:18:54.675+0300: 143.880: [ParNew: 460096K->51072K(460096K), 0.0266529 secs] 1415658K->1023584K(4143232K), 0.0267433 secs] [Times: user=0.02 sys=0.00, real=0.02 secs] 
2024-10-09T21:18:54.690+0300: 143.907: Total time for which application threads were stopped: 0.0270347 seconds, Stopping threads took: 0.0001629 seconds
2024-10-09T21:18:54.878+0300: 144.085: Application time: 0.1778972 seconds
2024-10-09T21:18:54.878+0300: 144.085: [GC (Allocation Failure) 2024-10-09T21:18:54.878+0300: 144.085: [ParNew: 460096K->51072K(460096K), 0.0256294 secs] 1432608K->1043706K(4143232K), 0.0257237 secs] [Times: user=0.01 sys=0.00, real=0.02 secs] 
2024-10-09T21:18:54.894+0300: 144.111: Total time for which application threads were stopped: 0.0259948 seconds, Stopping threads took: 0.0001479 seconds
2024-10-09T21:18:55.082+0300: 144.288: Application time: 0.1770175 seconds
2024-10-09T21:18:55.082+0300: 144.288: [GC (Allocation Failure) 2024-10-09T21:18:55.082+0300: 144.288: [ParNew: 460096K->51072K(460096K), 0.0287597 secs] 1452730K->1066991K(4143232K), 0.0288395 secs] [Times: user=0.03 sys=0.00, real=0.03 secs] 
2024-10-09T21:18:55.113+0300: 144.317: Total time for which application threads were stopped: 0.0290858 seconds, Stopping threads took: 0.0001198 seconds
2024-10-09T21:18:55.286+0300: 144.492: Application time: 0.1750493 seconds
2024-10-09T21:18:55.286+0300: 144.492: [GC (Allocation Failure) 2024-10-09T21:18:55.286+0300: 144.492: [ParNew: 460096K->51072K(460096K), 0.0296915 secs] 1476015K->1091589K(4143232K), 0.0297850 secs] [Times: user=0.03 sys=0.00, real=0.03 secs] 
2024-10-09T21:18:55.317+0300: 144.522: Total time for which application threads were stopped: 0.0300254 seconds, Stopping threads took: 0.0001170 seconds
2024-10-09T21:18:55.490+0300: 144.698: Application time: 0.1764065 seconds
2024-10-09T21:18:55.490+0300: 144.699: [GC (Allocation Failure) 2024-10-09T21:18:55.490+0300: 144.699: [ParNew: 460096K->51072K(460096K), 0.0295752 secs] 1500613K->1108806K(4143232K), 0.0296619 secs] [Times: user=0.03 sys=0.00, real=0.03 secs] 
2024-10-09T21:18:55.521+0300: 144.728: Total time for which application threads were stopped: 0.0299792 seconds, Stopping threads took: 0.0001920 seconds
2024-10-09T21:18:55.694+0300: 144.906: Application time: 0.1773980 seconds
2024-10-09T21:18:55.694+0300: 144.906: [GC (Allocation Failure) 2024-10-09T21:18:55.694+0300: 144.906: [ParNew: 460096K->48341K(460096K), 0.0250686 secs] 1517830K->1121509K(4143232K), 0.0251541 secs] [Times: user=0.02 sys=0.00, real=0.03 secs] 
2024-10-09T21:18:55.725+0300: 144.931: Total time for which application threads were stopped: 0.0254027 seconds, Stopping threads took: 0.0001279 seconds
2024-10-09T21:18:55.898+0300: 145.108: Application time: 0.1769412 seconds
2024-10-09T21:18:55.898+0300: 145.108: [GC (Allocation Failure) 2024-10-09T21:18:55.898+0300: 145.108: [ParNew: 457365K->51072K(460096K), 0.0244941 secs] 1530533K->1141518K(4143232K), 0.0245816 secs] [Times: user=0.03 sys=0.00, real=0.03 secs] 
2024-10-09T21:18:55.929+0300: 145.133: Total time for which application threads were stopped: 0.0248824 seconds, Stopping threads took: 0.0001722 seconds
2024-10-09T21:18:56.103+0300: 145.314: Application time: 0.1812680 seconds
2024-10-09T21:18:56.103+0300: 145.315: [GC (Allocation Failure) 2024-10-09T21:18:56.103+0300: 145.315: [ParNew: 460096K->51072K(460096K), 0.0239894 secs] 1550542K->1155990K(4143232K), 0.0240735 secs] [Times: user=0.02 sys=0.00, real=0.03 secs] 
2024-10-09T21:18:56.134+0300: 145.339: Total time for which application threads were stopped: 0.0243150 seconds, Stopping threads took: 0.0001282 seconds
2024-10-09T21:18:56.307+0300: 145.514: Application time: 0.1752459 seconds
2024-10-09T21:18:56.307+0300: 145.514: [GC (Allocation Failure) 2024-10-09T21:18:56.307+0300: 145.514: [ParNew: 460096K->51072K(460096K), 0.0304689 secs] 1565014K->1183435K(4143232K), 0.0305517 secs] [Times: user=0.03 sys=0.00, real=0.03 secs] 
2024-10-09T21:18:56.341+0300: 145.545: Total time for which application threads were stopped: 0.0308115 seconds, Stopping threads took: 0.0001449 seconds
2024-10-09T21:18:56.511+0300: 145.721: Application time: 0.1758364 seconds
2024-10-09T21:18:56.511+0300: 145.721: [GC (Allocation Failure) 2024-10-09T21:18:56.511+0300: 145.721: [ParNew: 460096K->51072K(460096K), 0.0283779 secs] 1592459K->1203190K(4143232K), 0.0284800 secs] [Times: user=0.03 sys=0.00, real=0.03 secs] 
2024-10-09T21:18:56.542+0300: 145.749: Total time for which application threads were stopped: 0.0287816 seconds, Stopping threads took: 0.0001675 seconds
2024-10-09T21:18:56.715+0300: 145.926: Application time: 0.1765118 seconds
2024-10-09T21:18:56.715+0300: 145.926: [GC (Allocation Failure) 2024-10-09T21:18:56.715+0300: 145.926: [ParNew: 460096K->51072K(460096K), 0.0278713 secs] 1612214K->1226500K(4143232K), 0.0279610 secs] [Times: user=0.03 sys=0.00, real=0.04 secs] 
2024-10-09T21:18:56.751+0300: 145.954: Total time for which application threads were stopped: 0.0282472 seconds, Stopping threads took: 0.0001331 seconds
2024-10-09T21:18:56.919+0300: 146.135: Application time: 0.1809694 seconds
2024-10-09T21:18:56.919+0300: 146.135: [GC (Allocation Failure) 2024-10-09T21:18:56.919+0300: 146.135: [ParNew: 460096K->51072K(460096K), 0.0275940 secs] 1635524K->1245995K(4143232K), 0.0276847 secs] [Times: user=0.03 sys=0.00, real=0.03 secs] 
2024-10-09T21:18:56.951+0300: 146.163: Total time for which application threads were stopped: 0.0279483 seconds, Stopping threads took: 0.0001417 seconds
2024-10-09T21:18:57.123+0300: 146.336: Application time: 0.1730824 seconds
2024-10-09T21:18:57.123+0300: 146.336: [GC (Allocation Failure) 2024-10-09T21:18:57.123+0300: 146.336: [ParNew: 460096K->51072K(460096K), 0.0231550 secs] 1655019K->1256189K(4143232K), 0.0232393 secs] [Times: user=0.01 sys=0.00, real=0.03 secs] 
2024-10-09T21:18:57.155+0300: 146.360: Total time for which application threads were stopped: 0.0235286 seconds, Stopping threads took: 0.0001573 seconds
2024-10-09T21:18:57.327+0300: 146.536: Application time: 0.1763382 seconds
2024-10-09T21:18:57.327+0300: 146.536: [GC (Allocation Failure) 2024-10-09T21:18:57.327+0300: 146.536: [ParNew: 460096K->51072K(460096K), 0.0286343 secs] 1665213K->1282680K(4143232K), 0.0287151 secs] [Times: user=0.03 sys=0.00, real=0.03 secs] 
2024-10-09T21:18:57.359+0300: 146.565: Total time for which application threads were stopped: 0.0290180 seconds, Stopping threads took: 0.0001817 seconds
2024-10-09T21:18:57.547+0300: 146.753: Application time: 0.1882710 seconds
2024-10-09T21:18:57.547+0300: 146.753: [GC (Allocation Failure) 2024-10-09T21:18:57.547+0300: 146.754: [ParNew: 460096K->51072K(460096K), 0.0236616 secs] 1691704K->1292042K(4143232K), 0.0237656 secs] [Times: user=0.02 sys=0.00, real=0.02 secs] 
2024-10-09T21:18:57.563+0300: 146.777: Total time for which application threads were stopped: 0.0240208 seconds, Stopping threads took: 0.0001126 seconds
2024-10-09T21:18:57.751+0300: 146.957: Application time: 0.1794761 seconds
2024-10-09T21:18:57.751+0300: 146.957: [GC (Allocation Failure) 2024-10-09T21:18:57.751+0300: 146.957: [ParNew: 460096K->51072K(460096K), 0.0307883 secs] 1701066K->1318605K(4143232K), 0.0308720 secs] [Times: user=0.03 sys=0.00, real=0.03 secs] 
2024-10-09T21:18:57.782+0300: 146.988: Total time for which application threads were stopped: 0.0311314 seconds, Stopping threads took: 0.0001367 seconds
2024-10-09T21:18:57.955+0300: 147.164: Application time: 0.1765293 seconds
2024-10-09T21:18:57.955+0300: 147.165: [GC (Allocation Failure) 2024-10-09T21:18:57.955+0300: 147.165: [ParNew: 460096K->51072K(460096K), 0.0293782 secs] 1727629K->1349114K(4143232K), 0.0294526 secs] [Times: user=0.03 sys=0.00, real=0.03 secs] 
2024-10-09T21:18:57.986+0300: 147.194: Total time for which application threads were stopped: 0.0296932 seconds, Stopping threads took: 0.0001308 seconds
2024-10-09T21:18:58.175+0300: 147.384: Application time: 0.1898135 seconds
2024-10-09T21:18:58.175+0300: 147.384: [GC (Allocation Failure) 2024-10-09T21:18:58.175+0300: 147.384: [ParNew: 460096K->51072K(460096K), 0.0269514 secs] 1758138K->1363860K(4143232K), 0.0270409 secs] [Times: user=0.03 sys=0.00, real=0.03 secs] 
2024-10-09T21:18:58.206+0300: 147.411: Total time for which application threads were stopped: 0.0273157 seconds, Stopping threads took: 0.0001434 seconds
2024-10-09T21:18:58.379+0300: 147.583: Application time: 0.1718053 seconds
2024-10-09T21:18:58.379+0300: 147.583: [GC (Allocation Failure) 2024-10-09T21:18:58.379+0300: 147.583: [ParNew: 460096K->43978K(460096K), 0.0320874 secs] 1772884K->1386509K(4143232K), 0.0321760 secs] [Times: user=0.06 sys=0.00, real=0.03 secs] 
2024-10-09T21:18:58.410+0300: 147.615: Total time for which application threads were stopped: 0.0324255 seconds, Stopping threads took: 0.0001300 seconds
2024-10-09T21:18:58.583+0300: 147.797: Application time: 0.1819680 seconds
2024-10-09T21:18:58.583+0300: 147.798: [GC (Allocation Failure) 2024-10-09T21:18:58.583+0300: 147.798: [ParNew: 453002K->42196K(460096K), 0.0256910 secs] 1795533K->1405976K(4143232K), 0.0257844 secs] [Times: user=0.05 sys=0.00, real=0.03 secs] 
2024-10-09T21:18:58.614+0300: 147.824: Total time for which application threads were stopped: 0.0260860 seconds, Stopping threads took: 0.0001544 seconds
2024-10-09T21:18:58.802+0300: 148.011: Application time: 0.1869947 seconds
2024-10-09T21:18:58.802+0300: 148.011: [GC (Allocation Failure) 2024-10-09T21:18:58.802+0300: 148.011: [ParNew: 451220K->51072K(460096K), 0.0230246 secs] 1815000K->1424276K(4143232K), 0.0231126 secs] [Times: user=0.01 sys=0.00, real=0.02 secs] 
2024-10-09T21:18:58.818+0300: 148.034: Total time for which application threads were stopped: 0.0233938 seconds, Stopping threads took: 0.0001596 seconds
2024-10-09T21:18:58.991+0300: 148.207: Application time: 0.1734185 seconds
2024-10-09T21:18:58.991+0300: 148.208: [GC (Allocation Failure) 2024-10-09T21:18:58.991+0300: 148.208: [ParNew: 460096K->46766K(460096K), 0.0287280 secs] 1833300K->1443956K(4143232K), 0.0288185 secs] [Times: user=0.03 sys=0.00, real=0.03 secs] 
2024-10-09T21:18:59.022+0300: 148.236: Total time for which application threads were stopped: 0.0291052 seconds, Stopping threads took: 0.0001604 seconds
2024-10-09T21:18:59.195+0300: 148.413: Application time: 0.1761188 seconds
2024-10-09T21:18:59.195+0300: 148.413: [GC (Allocation Failure) 2024-10-09T21:18:59.195+0300: 148.413: [ParNew: 455790K->51072K(460096K), 0.0250506 secs] 1852980K->1468596K(4143232K), 0.0251387 secs] [Times: user=0.03 sys=0.00, real=0.03 secs] 
2024-10-09T21:18:59.226+0300: 148.438: Total time for which application threads were stopped: 0.0253908 seconds, Stopping threads took: 0.0001312 seconds
2024-10-09T21:18:59.415+0300: 148.628: Application time: 0.1900198 seconds
2024-10-09T21:18:59.415+0300: 148.628: [GC (Allocation Failure) 2024-10-09T21:18:59.415+0300: 148.628: [ParNew: 460096K->51072K(460096K), 0.0233214 secs] 1877620K->1477821K(4143232K), 0.0234156 secs] [Times: user=0.03 sys=0.00, real=0.03 secs] 
2024-10-09T21:18:59.448+0300: 148.652: Total time for which application threads were stopped: 0.0237226 seconds, Stopping threads took: 0.0001734 seconds
2024-10-09T21:18:59.619+0300: 148.829: Application time: 0.1769505 seconds
2024-10-09T21:18:59.619+0300: 148.829: [GC (Allocation Failure) 2024-10-09T21:18:59.619+0300: 148.829: [ParNew: 460096K->51072K(460096K), 0.0287392 secs] 1886845K->1501651K(4143232K), 0.0288355 secs] [Times: user=0.06 sys=0.00, real=0.03 secs] 
2024-10-09T21:18:59.651+0300: 148.858: Total time for which application threads were stopped: 0.0291626 seconds, Stopping threads took: 0.0001799 seconds
2024-10-09T21:18:59.823+0300: 149.035: Application time: 0.1775822 seconds
2024-10-09T21:18:59.823+0300: 149.036: [GC (Allocation Failure) 2024-10-09T21:18:59.823+0300: 149.036: [ParNew: 460096K->49696K(460096K), 0.0267833 secs] 1910675K->1522402K(4143232K), 0.0268723 secs] [Times: user=0.03 sys=0.00, real=0.03 secs] 
2024-10-09T21:18:59.855+0300: 149.063: Total time for which application threads were stopped: 0.0271412 seconds, Stopping threads took: 0.0001528 seconds
2024-10-09T21:19:00.049+0300: 149.253: Application time: 0.1902998 seconds
2024-10-09T21:19:00.049+0300: 149.253: [GC (Allocation Failure) 2024-10-09T21:19:00.049+0300: 149.253: [ParNew: 458720K->51072K(460096K), 0.0265341 secs] 1931426K->1539505K(4143232K), 0.0266296 secs] [Times: user=0.09 sys=0.00, real=0.02 secs] 
2024-10-09T21:19:00.074+0300: 149.280: Total time for which application threads were stopped: 0.0269027 seconds, Stopping threads took: 0.0001263 seconds
2024-10-09T21:19:00.247+0300: 149.450: Application time: 0.1702336 seconds
2024-10-09T21:19:00.247+0300: 149.450: [GC (Allocation Failure) 2024-10-09T21:19:00.247+0300: 149.450: [ParNew: 460096K->51072K(460096K), 0.0281974 secs] 1948529K->1561043K(4143232K), 0.0282845 secs] [Times: user=0.02 sys=0.00, real=0.02 secs] 
2024-10-09T21:19:00.263+0300: 149.479: Total time for which application threads were stopped: 0.0285650 seconds, Stopping threads took: 0.0001599 seconds
2024-10-09T21:19:00.435+0300: 149.652: Application time: 0.1737982 seconds
2024-10-09T21:19:00.435+0300: 149.653: [GC (Allocation Failure) 2024-10-09T21:19:00.435+0300: 149.653: [ParNew: 460096K->51072K(460096K), 0.0304628 secs] 1970067K->1588429K(4143232K), 0.0305476 secs] [Times: user=0.03 sys=0.00, real=0.03 secs] 
2024-10-09T21:19:00.467+0300: 149.683: Total time for which application threads were stopped: 0.0308253 seconds, Stopping threads took: 0.0001583 seconds
2024-10-09T21:19:00.671+0300: 149.878: Application time: 0.1948537 seconds
2024-10-09T21:19:00.671+0300: 149.878: [GC (Allocation Failure) 2024-10-09T21:19:00.671+0300: 149.878: [ParNew: 460096K->51072K(460096K), 0.0233146 secs] 1997453K->1600063K(4143232K), 0.0234005 secs] [Times: user=0.02 sys=0.00, real=0.02 secs] 
2024-10-09T21:19:00.686+0300: 149.902: Total time for which application threads were stopped: 0.0236801 seconds, Stopping threads took: 0.0001433 seconds
2024-10-09T21:19:00.859+0300: 150.074: Application time: 0.1719196 seconds
2024-10-09T21:19:00.859+0300: 150.074: [GC (Allocation Failure) 2024-10-09T21:19:00.859+0300: 150.074: [ParNew: 460096K->51072K(460096K), 0.0242561 secs] 2009087K->1615258K(4143232K), 0.0243477 secs] [Times: user=0.03 sys=0.00, real=0.03 secs] 
2024-10-09T21:19:00.890+0300: 150.098: Total time for which application threads were stopped: 0.0246261 seconds, Stopping threads took: 0.0001593 seconds
2024-10-09T21:19:01.063+0300: 150.275: Application time: 0.1765926 seconds
2024-10-09T21:19:01.063+0300: 150.275: [GC (Allocation Failure) 2024-10-09T21:19:01.063+0300: 150.275: [ParNew: 460096K->51072K(460096K), 0.0314322 secs] 2024282K->1646474K(4143232K), 0.0315225 secs] [Times: user=0.03 sys=0.00, real=0.03 secs] 
2024-10-09T21:19:01.094+0300: 150.307: Total time for which application threads were stopped: 0.0317994 seconds, Stopping threads took: 0.0001593 seconds
2024-10-09T21:19:01.283+0300: 150.491: Application time: 0.1846930 seconds
2024-10-09T21:19:01.283+0300: 150.492: [GC (Allocation Failure) 2024-10-09T21:19:01.283+0300: 150.492: [ParNew: 460096K->51072K(460096K), 0.0255632 secs] 2055498K->1664040K(4143232K), 0.0256545 secs] [Times: user=0.05 sys=0.00, real=0.03 secs] 
2024-10-09T21:19:01.314+0300: 150.517: Total time for which application threads were stopped: 0.0259303 seconds, Stopping threads took: 0.0001502 seconds
2024-10-09T21:19:01.487+0300: 150.695: Application time: 0.1776825 seconds
2024-10-09T21:19:01.487+0300: 150.695: [GC (Allocation Failure) 2024-10-09T21:19:01.487+0300: 150.695: [ParNew: 460096K->51072K(460096K), 0.0276907 secs] 2073064K->1677290K(4143232K), 0.0277923 secs] [Times: user=0.08 sys=0.00, real=0.03 secs] 
2024-10-09T21:19:01.518+0300: 150.723: Total time for which application threads were stopped: 0.0280736 seconds, Stopping threads took: 0.0001272 seconds
2024-10-09T21:19:01.691+0300: 150.896: Application time: 0.1725195 seconds
2024-10-09T21:19:01.691+0300: 150.896: [GC (Allocation Failure) 2024-10-09T21:19:01.691+0300: 150.896: [ParNew: 460096K->51072K(460096K), 0.0301282 secs] 2086314K->1704421K(4143232K), 0.0302261 secs] [Times: user=0.03 sys=0.00, real=0.03 secs] 
2024-10-09T21:19:01.722+0300: 150.926: Total time for which application threads were stopped: 0.0304984 seconds, Stopping threads took: 0.0001375 seconds
2024-10-09T21:19:01.910+0300: 151.114: Application time: 0.1880475 seconds
2024-10-09T21:19:01.910+0300: 151.114: [GC (Allocation Failure) 2024-10-09T21:19:01.910+0300: 151.114: [ParNew: 460096K->46335K(460096K), 0.0255026 secs] 2113445K->1720611K(4143232K), 0.0255910 secs] [Times: user=0.01 sys=0.00, real=0.02 secs] 
2024-10-09T21:19:01.926+0300: 151.140: Total time for which application threads were stopped: 0.0258554 seconds, Stopping threads took: 0.0001463 seconds
2024-10-09T21:19:02.114+0300: 151.319: Application time: 0.1794261 seconds
2024-10-09T21:19:02.114+0300: 151.320: [GC (Allocation Failure) 2024-10-09T21:19:02.114+0300: 151.320: [ParNew: 455359K->51072K(460096K), 0.0232526 secs] 2129635K->1735308K(4143232K), 0.0233354 secs] [Times: user=0.02 sys=0.00, real=0.01 secs] 
2024-10-09T21:19:02.129+0300: 151.343: Total time for which application threads were stopped: 0.0235894 seconds, Stopping threads took: 0.0001349 seconds
2024-10-09T21:19:02.302+0300: 151.514: Application time: 0.1713779 seconds
2024-10-09T21:19:02.302+0300: 151.515: [GC (Allocation Failure) 2024-10-09T21:19:02.302+0300: 151.515: [ParNew: 460096K->51072K(460096K), 0.0337611 secs] 2144332K->1771374K(4143232K), 0.0338502 secs] [Times: user=0.03 sys=0.00, real=0.03 secs] 
2024-10-09T21:19:02.333+0300: 151.549: Total time for which application threads were stopped: 0.0341287 seconds, Stopping threads took: 0.0001537 seconds
2024-10-09T21:19:02.522+0300: 151.731: Application time: 0.1828852 seconds
2024-10-09T21:19:02.522+0300: 151.732: [GC (Allocation Failure) 2024-10-09T21:19:02.522+0300: 151.732: [ParNew: 460096K->51072K(460096K), 0.0257106 secs] 2180398K->1791852K(4143232K), 0.0258010 secs] [Times: user=0.03 sys=0.00, real=0.03 secs] 
2024-10-09T21:19:02.553+0300: 151.758: Total time for which application threads were stopped: 0.0261023 seconds, Stopping threads took: 0.0001630 seconds
2024-10-09T21:19:02.726+0300: 151.934: Application time: 0.1769270 seconds
2024-10-09T21:19:02.726+0300: 151.935: [GC (Allocation Failure) 2024-10-09T21:19:02.726+0300: 151.935: [ParNew: 460096K->51072K(460096K), 0.0232194 secs] 2200876K->1801128K(4143232K), 0.0233070 secs] [Times: user=0.02 sys=0.00, real=0.01 secs] 
2024-10-09T21:19:02.741+0300: 151.958: Total time for which application threads were stopped: 0.0235615 seconds, Stopping threads took: 0.0001379 seconds
2024-10-09T21:19:02.930+0300: 152.134: Application time: 0.1764442 seconds
2024-10-09T21:19:02.930+0300: 152.135: [GC (Allocation Failure) 2024-10-09T21:19:02.930+0300: 152.135: [ParNew: 460096K->51072K(460096K), 0.0287934 secs] 2210152K->1824442K(4143232K), 0.0288845 secs] [Times: user=0.02 sys=0.00, real=0.03 secs] 
2024-10-09T21:19:02.956+0300: 152.164: Total time for which application threads were stopped: 0.0291092 seconds, Stopping threads took: 0.0001109 seconds
2024-10-09T21:19:03.134+0300: 152.340: Application time: 0.1762149 seconds
2024-10-09T21:19:03.134+0300: 152.340: [GC (Allocation Failure) 2024-10-09T21:19:03.134+0300: 152.340: [ParNew: 460096K->51072K(460096K), 0.0294449 secs] 2233466K->1851263K(4143232K), 0.0295250 secs] [Times: user=0.03 sys=0.00, real=0.03 secs] 
2024-10-09T21:19:03.166+0300: 152.370: Total time for which application threads were stopped: 0.0297886 seconds, Stopping threads took: 0.0001536 seconds
2024-10-09T21:19:03.338+0300: 152.547: Application time: 0.1769392 seconds
2024-10-09T21:19:03.338+0300: 152.547: [GC (Allocation Failure) 2024-10-09T21:19:03.338+0300: 152.547: [ParNew: 460096K->51072K(460096K), 0.0247278 secs] 2260287K->1865586K(4143232K), 0.0248154 secs] [Times: user=0.03 sys=0.00, real=0.02 secs] 
2024-10-09T21:19:03.357+0300: 152.572: Total time for which application threads were stopped: 0.0250654 seconds, Stopping threads took: 0.0001229 seconds
2024-10-09T21:19:03.542+0300: 152.759: Application time: 0.1871755 seconds
2024-10-09T21:19:03.542+0300: 152.759: [GC (Allocation Failure) 2024-10-09T21:19:03.542+0300: 152.759: [ParNew: 460096K->51072K(460096K), 0.0312429 secs] 2274610K->1892638K(4143232K), 0.0313344 secs] [Times: user=0.03 sys=0.00, real=0.03 secs] 
2024-10-09T21:19:03.574+0300: 152.790: Total time for which application threads were stopped: 0.0316515 seconds, Stopping threads took: 0.0001713 seconds
2024-10-09T21:19:03.746+0300: 152.958: Application time: 0.1678251 seconds
2024-10-09T21:19:03.746+0300: 152.959: [GC (Allocation Failure) 2024-10-09T21:19:03.746+0300: 152.959: [ParNew: 460096K->51072K(460096K), 0.0266795 secs] 2301662K->1911661K(4143232K), 0.0267668 secs] [Times: user=0.03 sys=0.00, real=0.03 secs] 
2024-10-09T21:19:03.778+0300: 152.985: Total time for which application threads were stopped: 0.0270765 seconds, Stopping threads took: 0.0001766 seconds
2024-10-09T21:19:03.958+0300: 153.163: Application time: 0.1781040 seconds
2024-10-09T21:19:03.958+0300: 153.164: [GC (Allocation Failure) 2024-10-09T21:19:03.958+0300: 153.164: [ParNew: 460096K->50750K(460096K), 0.0256581 secs] 2320685K->1931957K(4143232K), 0.0257464 secs] [Times: user=0.03 sys=0.00, real=0.02 secs] 
2024-10-09T21:19:03.982+0300: 153.189: Total time for which application threads were stopped: 0.0260184 seconds, Stopping threads took: 0.0001306 seconds
2024-10-09T21:19:04.170+0300: 153.377: Application time: 0.1874860 seconds
2024-10-09T21:19:04.170+0300: 153.377: [GC (Allocation Failure) 2024-10-09T21:19:04.170+0300: 153.377: [ParNew: 459774K->51072K(460096K), 0.0242203 secs] 2340981K->1946460K(4143232K), 0.0243112 secs] [Times: user=0.02 sys=0.00, real=0.02 secs] 
2024-10-09T21:19:04.186+0300: 153.401: Total time for which application threads were stopped: 0.0245479 seconds, Stopping threads took: 0.0001180 seconds
2024-10-09T21:19:04.374+0300: 153.579: Application time: 0.1776442 seconds
2024-10-09T21:19:04.374+0300: 153.579: [GC (Allocation Failure) 2024-10-09T21:19:04.374+0300: 153.579: [ParNew: 460096K->51072K(460096K), 0.0247444 secs] 2355484K->1960618K(4143232K), 0.0248371 secs] [Times: user=0.01 sys=0.00, real=0.02 secs] 
2024-10-09T21:19:04.390+0300: 153.604: Total time for which application threads were stopped: 0.0250917 seconds, Stopping threads took: 0.0001268 seconds
2024-10-09T21:19:04.579+0300: 153.785: Application time: 0.1811007 seconds
2024-10-09T21:19:04.579+0300: 153.786: [GC (Allocation Failure) 2024-10-09T21:19:04.579+0300: 153.786: [ParNew: 460096K->46259K(460096K), 0.0298698 secs] 2369642K->1983157K(4143232K), 0.0299583 secs] [Times: user=0.02 sys=0.00, real=0.03 secs] 
2024-10-09T21:19:04.610+0300: 153.816: Total time for which application threads were stopped: 0.0302384 seconds, Stopping threads took: 0.0001362 seconds
2024-10-09T21:19:04.783+0300: 153.999: Application time: 0.1831629 seconds
2024-10-09T21:19:04.783+0300: 153.999: [GC (Allocation Failure) 2024-10-09T21:19:04.783+0300: 153.999: [ParNew: 455283K->51072K(460096K), 0.0265508 secs] 2392181K->2005706K(4143232K), 0.0266414 secs] [Times: user=0.03 sys=0.00, real=0.03 secs] 
2024-10-09T21:19:04.814+0300: 154.026: Total time for which application threads were stopped: 0.0269363 seconds, Stopping threads took: 0.0001671 seconds
2024-10-09T21:19:04.987+0300: 154.202: Application time: 0.1760120 seconds
2024-10-09T21:19:04.987+0300: 154.202: [GC (Allocation Failure) 2024-10-09T21:19:04.987+0300: 154.202: [ParNew: 460096K->51072K(460096K), 0.0239676 secs] 2414730K->2013856K(4143232K), 0.0240577 secs] [Times: user=0.03 sys=0.00, real=0.03 secs] 
2024-10-09T21:19:05.019+0300: 154.226: Total time for which application threads were stopped: 0.0243215 seconds, Stopping threads took: 0.0001408 seconds
2024-10-09T21:19:05.191+0300: 154.402: Application time: 0.1764141 seconds
2024-10-09T21:19:05.191+0300: 154.403: [GC (Allocation Failure) 2024-10-09T21:19:05.191+0300: 154.403: [ParNew: 460096K->42455K(460096K), 0.0285530 secs] 2422880K->2034257K(4143232K), 0.0286359 secs] [Times: user=0.03 sys=0.00, real=0.03 secs] 
2024-10-09T21:19:05.223+0300: 154.431: Total time for which application threads were stopped: 0.0288795 seconds, Stopping threads took: 0.0001289 seconds
2024-10-09T21:19:05.411+0300: 154.615: Application time: 0.1834933 seconds
2024-10-09T21:19:05.411+0300: 154.615: [GC (Allocation Failure) 2024-10-09T21:19:05.411+0300: 154.615: [ParNew: 451479K->51072K(460096K), 0.0237683 secs] 2443281K->2053692K(4143232K), 0.0238495 secs] [Times: user=0.02 sys=0.00, real=0.02 secs] 
2024-10-09T21:19:05.427+0300: 154.639: Total time for which application threads were stopped: 0.0241004 seconds, Stopping threads took: 0.0001352 seconds
2024-10-09T21:19:05.615+0300: 154.826: Application time: 0.1870400 seconds
2024-10-09T21:19:05.615+0300: 154.826: [GC (Allocation Failure) 2024-10-09T21:19:05.615+0300: 154.826: [ParNew: 460096K->51072K(460096K), 0.0290083 secs] 2462716K->2074857K(4143232K), 0.0291052 secs] [Times: user=0.03 sys=0.00, real=0.03 secs] 
2024-10-09T21:19:05.646+0300: 154.855: Total time for which application threads were stopped: 0.0294114 seconds, Stopping threads took: 0.0001714 seconds
2024-10-09T21:19:05.818+0300: 155.025: Application time: 0.1697394 seconds
2024-10-09T21:19:05.818+0300: 155.025: [GC (Allocation Failure) 2024-10-09T21:19:05.818+0300: 155.025: [ParNew: 460096K->51072K(460096K), 0.0283151 secs] 2483881K->2100880K(4143232K), 0.0284036 secs] [Times: user=0.03 sys=0.00, real=0.03 secs] 
2024-10-09T21:19:05.850+0300: 155.054: Total time for which application threads were stopped: 0.0286979 seconds, Stopping threads took: 0.0001699 seconds
2024-10-09T21:19:06.022+0300: 155.237: Application time: 0.1836251 seconds
2024-10-09T21:19:06.022+0300: 155.238: [GC (Allocation Failure) 2024-10-09T21:19:06.022+0300: 155.238: [ParNew: 460096K->51072K(460096K), 0.0234431 secs] 2509904K->2113849K(4143232K), 0.0235291 secs] [Times: user=0.03 sys=0.00, real=0.03 secs] 
2024-10-09T21:19:06.054+0300: 155.261: Total time for which application threads were stopped: 0.0238172 seconds, Stopping threads took: 0.0001585 seconds
2024-10-09T21:19:06.242+0300: 155.449: Application time: 0.1880027 seconds
2024-10-09T21:19:06.242+0300: 155.449: [GC (Allocation Failure) 2024-10-09T21:19:06.242+0300: 155.450: [ParNew: 460096K->51072K(460096K), 0.0297143 secs] 2522873K->2136872K(4143232K), 0.0298093 secs] [Times: user=0.05 sys=0.00, real=0.03 secs] 
2024-10-09T21:19:06.274+0300: 155.479: Total time for which application threads were stopped: 0.0300934 seconds, Stopping threads took: 0.0001512 seconds
2024-10-09T21:19:06.430+0300: 155.644: Application time: 0.1646037 seconds
2024-10-09T21:19:06.430+0300: 155.644: [GC (Allocation Failure) 2024-10-09T21:19:06.430+0300: 155.644: [ParNew: 460096K->51072K(460096K), 0.0282557 secs] 2545896K->2158597K(4143232K), 0.0283549 secs] [Times: user=0.03 sys=0.00, real=0.03 secs] 
2024-10-09T21:19:06.464+0300: 155.673: Total time for which application threads were stopped: 0.0286233 seconds, Stopping threads took: 0.0001480 seconds
2024-10-09T21:19:06.650+0300: 155.861: Application time: 0.1880337 seconds
2024-10-09T21:19:06.650+0300: 155.861: [GC (Allocation Failure) 2024-10-09T21:19:06.650+0300: 155.861: [ParNew: 460096K->46252K(460096K), 0.0259987 secs] 2567621K->2175993K(4143232K), 0.0260841 secs] [Times: user=0.02 sys=0.00, real=0.03 secs] 
2024-10-09T21:19:06.682+0300: 155.887: Total time for which application threads were stopped: 0.0263548 seconds, Stopping threads took: 0.0001452 seconds
2024-10-09T21:19:06.870+0300: 156.077: Application time: 0.1904825 seconds
2024-10-09T21:19:06.870+0300: 156.078: [GC (Allocation Failure) 2024-10-09T21:19:06.870+0300: 156.078: [ParNew: 455276K->51072K(460096K), 0.0236569 secs] 2585017K->2190057K(4143232K), 0.0237451 secs] [Times: user=0.12 sys=0.00, real=0.02 secs] 
2024-10-09T21:19:06.886+0300: 156.101: Total time for which application threads were stopped: 0.0240390 seconds, Stopping threads took: 0.0001360 seconds
2024-10-09T21:19:07.074+0300: 156.277: Application time: 0.1755848 seconds
2024-10-09T21:19:07.074+0300: 156.277: [GC (Allocation Failure) 2024-10-09T21:19:07.074+0300: 156.277: [ParNew: 460096K->51072K(460096K), 0.0334137 secs] 2599081K->2221013K(4143232K), 0.0334978 secs] [Times: user=0.06 sys=0.00, real=0.03 secs] 
2024-10-09T21:19:07.105+0300: 156.311: Total time for which application threads were stopped: 0.0337603 seconds, Stopping threads took: 0.0001355 seconds
2024-10-09T21:19:07.294+0300: 156.499: Application time: 0.1880499 seconds
2024-10-09T21:19:07.294+0300: 156.499: [GC (Allocation Failure) 2024-10-09T21:19:07.294+0300: 156.499: [ParNew: 460096K->51072K(460096K), 0.0245714 secs] 2630037K->2239613K(4143232K), 0.0246549 secs] [Times: user=0.14 sys=0.02, real=0.02 secs] 
2024-10-09T21:19:07.309+0300: 156.524: Total time for which application threads were stopped: 0.0249709 seconds, Stopping threads took: 0.0001952 seconds
2024-10-09T21:19:07.498+0300: 156.715: Application time: 0.1908568 seconds
2024-10-09T21:19:07.498+0300: 156.715: [GC (Allocation Failure) 2024-10-09T21:19:07.498+0300: 156.715: [ParNew: 460096K->51072K(460096K), 0.0264492 secs] 2648637K->2251780K(4143232K), 0.0265354 secs] [Times: user=0.11 sys=0.00, real=0.03 secs] 
2024-10-09T21:19:07.529+0300: 156.742: Total time for which application threads were stopped: 0.0268948 seconds, Stopping threads took: 0.0002308 seconds
2024-10-09T21:19:07.717+0300: 156.921: Application time: 0.1796779 seconds
2024-10-09T21:19:07.717+0300: 156.922: [GC (Allocation Failure) 2024-10-09T21:19:07.717+0300: 156.922: [ParNew: 460096K->51072K(460096K), 0.0254917 secs] 2660804K->2266894K(4143232K), 0.0255682 secs] [Times: user=0.09 sys=0.00, real=0.02 secs] 
2024-10-09T21:19:07.733+0300: 156.947: Total time for which application threads were stopped: 0.0258158 seconds, Stopping threads took: 0.0001215 seconds
2024-10-09T21:19:07.906+0300: 157.116: Application time: 0.1685696 seconds
2024-10-09T21:19:07.906+0300: 157.116: [GC (Allocation Failure) 2024-10-09T21:19:07.906+0300: 157.116: [ParNew: 460096K->51072K(460096K), 0.0250488 secs] 2675918K->2287190K(4143232K), 0.0251239 secs] [Times: user=0.11 sys=0.01, real=0.03 secs] 
2024-10-09T21:19:07.937+0300: 157.141: Total time for which application threads were stopped: 0.0253490 seconds, Stopping threads took: 0.0001031 seconds
2024-10-09T21:19:08.110+0300: 157.328: Application time: 0.1873405 seconds
2024-10-09T21:19:08.110+0300: 157.329: [GC (Allocation Failure) 2024-10-09T21:19:08.110+0300: 157.329: [ParNew: 460096K->51072K(460096K), 0.0229023 secs] 2696214K->2296546K(4143232K), 0.0229875 secs] [Times: user=0.09 sys=0.00, real=0.03 secs] 
2024-10-09T21:19:08.141+0300: 157.352: Total time for which application threads were stopped: 0.0232903 seconds, Stopping threads took: 0.0001724 seconds
2024-10-09T21:19:08.314+0300: 157.529: Application time: 0.1773887 seconds
2024-10-09T21:19:08.314+0300: 157.529: [GC (Allocation Failure) 2024-10-09T21:19:08.314+0300: 157.529: [ParNew: 460096K->51072K(460096K), 0.0270721 secs] 2705570K->2314312K(4143232K), 0.0271648 secs] [Times: user=0.06 sys=0.00, real=0.03 secs] 
2024-10-09T21:19:08.345+0300: 157.557: Total time for which application threads were stopped: 0.0274246 seconds, Stopping threads took: 0.0001213 seconds
2024-10-09T21:19:08.519+0300: 157.732: Application time: 0.1751275 seconds
2024-10-09T21:19:08.519+0300: 157.732: [GC (Allocation Failure) 2024-10-09T21:19:08.519+0300: 157.732: [ParNew: 460096K->51072K(460096K), 0.0269510 secs] 2723336K->2333676K(4143232K), 0.0270405 secs] [Times: user=0.09 sys=0.00, real=0.03 secs] 
2024-10-09T21:19:08.550+0300: 157.759: Total time for which application threads were stopped: 0.0273165 seconds, Stopping threads took: 0.0001395 seconds
2024-10-09T21:19:08.739+0300: 157.947: Application time: 0.1883391 seconds
2024-10-09T21:19:08.739+0300: 157.948: [GC (Allocation Failure) 2024-10-09T21:19:08.739+0300: 157.948: [ParNew: 460096K->51072K(460096K), 0.0307625 secs] 2742700K->2358795K(4143232K), 0.0308476 secs] [Times: user=0.19 sys=0.00, real=0.03 secs] 
2024-10-09T21:19:08.770+0300: 157.978: Total time for which application threads were stopped: 0.0311175 seconds, Stopping threads took: 0.0001469 seconds
2024-10-09T21:19:08.943+0300: 158.156: Application time: 0.1777208 seconds
2024-10-09T21:19:08.943+0300: 158.156: [GC (Allocation Failure) 2024-10-09T21:19:08.943+0300: 158.156: [ParNew: 460096K->51072K(460096K), 0.0242479 secs] 2767819K->2369741K(4143232K), 0.0243333 secs] [Times: user=0.09 sys=0.00, real=0.03 secs] 
2024-10-09T21:19:08.974+0300: 158.181: Total time for which application threads were stopped: 0.0246186 seconds, Stopping threads took: 0.0001449 seconds
2024-10-09T21:19:09.147+0300: 158.354: Application time: 0.1732922 seconds
2024-10-09T21:19:09.147+0300: 158.354: [GC (Allocation Failure) 2024-10-09T21:19:09.147+0300: 158.354: [ParNew: 460096K->51072K(460096K), 0.0275220 secs] 2778765K->2392908K(4143232K), 0.0276084 secs] [Times: user=0.17 sys=0.00, real=0.03 secs] 
2024-10-09T21:19:09.178+0300: 158.382: Total time for which application threads were stopped: 0.0278616 seconds, Stopping threads took: 0.0001140 seconds
2024-10-09T21:19:09.351+0300: 158.570: Application time: 0.1876383 seconds
2024-10-09T21:19:09.366+0300: 158.570: [GC (Allocation Failure) 2024-10-09T21:19:09.366+0300: 158.570: [ParNew: 460096K->51072K(460096K), 0.0257845 secs] 2801932K->2410981K(4143232K), 0.0258803 secs] [Times: user=0.17 sys=0.00, real=0.02 secs] 
2024-10-09T21:19:09.382+0300: 158.596: Total time for which application threads were stopped: 0.0261556 seconds, Stopping threads took: 0.0001294 seconds
2024-10-09T21:19:09.570+0300: 158.787: Application time: 0.1916906 seconds
2024-10-09T21:19:09.570+0300: 158.788: [GC (Allocation Failure) 2024-10-09T21:19:09.570+0300: 158.788: [ParNew: 460096K->51072K(460096K), 0.0295574 secs] 2820005K->2431435K(4143232K), 0.0296637 secs] [Times: user=0.11 sys=0.00, real=0.03 secs] 
2024-10-09T21:19:09.602+0300: 158.818: Total time for which application threads were stopped: 0.0301693 seconds, Stopping threads took: 0.0003758 seconds
2024-10-09T21:19:09.790+0300: 158.995: Application time: 0.1774514 seconds
2024-10-09T21:19:09.790+0300: 158.995: [GC (Allocation Failure) 2024-10-09T21:19:09.790+0300: 158.995: [ParNew: 460096K->51072K(460096K), 0.0293723 secs] 2840459K->2458333K(4143232K), 0.0294446 secs] [Times: user=0.11 sys=0.00, real=0.03 secs] 
2024-10-09T21:19:09.821+0300: 159.025: Total time for which application threads were stopped: 0.0296749 seconds, Stopping threads took: 0.0001083 seconds
2024-10-09T21:19:09.994+0300: 159.206: Application time: 0.1813249 seconds
2024-10-09T21:19:09.994+0300: 159.206: [GC (Allocation Failure) 2024-10-09T21:19:09.994+0300: 159.206: [ParNew: 460096K->51072K(460096K), 0.0280878 secs] 2867357K->2477676K(4143232K), 0.0281709 secs] [Times: user=0.14 sys=0.00, real=0.03 secs] 
2024-10-09T21:19:10.025+0300: 159.234: Total time for which application threads were stopped: 0.0283894 seconds, Stopping threads took: 0.0000938 seconds
2024-10-09T21:19:10.198+0300: 159.411: Application time: 0.1769712 seconds
2024-10-09T21:19:10.198+0300: 159.412: [GC (Allocation Failure) 2024-10-09T21:19:10.198+0300: 159.412: [ParNew: 460096K->51072K(460096K), 0.0271223 secs] 2886700K->2498816K(4143232K), 0.0271973 secs] [Times: user=0.12 sys=0.00, real=0.03 secs] 
2024-10-09T21:19:10.229+0300: 159.439: Total time for which application threads were stopped: 0.0274593 seconds, Stopping threads took: 0.0001490 seconds
2024-10-09T21:19:10.402+0300: 159.619: Application time: 0.1804939 seconds
2024-10-09T21:19:10.402+0300: 159.620: [GC (Allocation Failure) 2024-10-09T21:19:10.402+0300: 159.620: [ParNew: 460096K->51072K(460096K), 0.0268919 secs] 2907840K->2519941K(4143232K), 0.0269735 secs] [Times: user=0.12 sys=0.00, real=0.03 secs] 
2024-10-09T21:19:10.433+0300: 159.647: Total time for which application threads were stopped: 0.0272778 seconds, Stopping threads took: 0.0001724 seconds
2024-10-09T21:19:10.637+0300: 159.847: Application time: 0.2008084 seconds
2024-10-09T21:19:10.637+0300: 159.848: [GC (Allocation Failure) 2024-10-09T21:19:10.637+0300: 159.848: [ParNew: 460096K->51072K(460096K), 0.0239376 secs] 2928965K->2533205K(4143232K), 0.0240350 secs] [Times: user=0.12 sys=0.00, real=0.03 secs] 
2024-10-09T21:19:10.664+0300: 159.872: Total time for which application threads were stopped: 0.0243622 seconds, Stopping threads took: 0.0001770 seconds
2024-10-09T21:19:10.842+0300: 160.045: Application time: 0.1734394 seconds
2024-10-09T21:19:10.842+0300: 160.045: [GC (Allocation Failure) 2024-10-09T21:19:10.842+0300: 160.045: [ParNew: 460096K->51072K(460096K), 0.0267124 secs] 2942229K->2550482K(4143232K), 0.0267952 secs] [Times: user=0.02 sys=0.00, real=0.02 secs] 
2024-10-09T21:19:10.857+0300: 160.072: Total time for which application threads were stopped: 0.0270464 seconds, Stopping threads took: 0.0001364 seconds
2024-10-09T21:19:11.046+0300: 160.251: Application time: 0.1789907 seconds
2024-10-09T21:19:11.046+0300: 160.252: [GC (Allocation Failure) 2024-10-09T21:19:11.046+0300: 160.252: [ParNew: 460096K->51072K(460096K), 0.0279029 secs] 2959506K->2575046K(4143232K), 0.0279902 secs] [Times: user=0.02 sys=0.00, real=0.03 secs] 
2024-10-09T21:19:11.074+0300: 160.280: Total time for which application threads were stopped: 0.0282521 seconds, Stopping threads took: 0.0001376 seconds
2024-10-09T21:19:11.250+0300: 160.461: Application time: 0.1816440 seconds
2024-10-09T21:19:11.250+0300: 160.461: [GC (Allocation Failure) 2024-10-09T21:19:11.250+0300: 160.461: [ParNew: 460096K->51072K(460096K), 0.0239929 secs] 2984070K->2586166K(4143232K), 0.0240868 secs] [Times: user=0.08 sys=0.00, real=0.03 secs] 
2024-10-09T21:19:11.281+0300: 160.486: Total time for which application threads were stopped: 0.0243681 seconds, Stopping threads took: 0.0001616 seconds
2024-10-09T21:19:11.454+0300: 160.662: Application time: 0.1761425 seconds
2024-10-09T21:19:11.454+0300: 160.662: [GC (Allocation Failure) 2024-10-09T21:19:11.454+0300: 160.662: [ParNew: 460096K->51072K(460096K), 0.0279242 secs] 2995190K->2608553K(4143232K), 0.0280040 secs] [Times: user=0.03 sys=0.00, real=0.03 secs] 
2024-10-09T21:19:11.486+0300: 160.690: Total time for which application threads were stopped: 0.0282372 seconds, Stopping threads took: 0.0001231 seconds
2024-10-09T21:19:11.675+0300: 160.884: Application time: 0.1940542 seconds
2024-10-09T21:19:11.675+0300: 160.884: [GC (Allocation Failure) 2024-10-09T21:19:11.675+0300: 160.884: [ParNew: 460096K->47534K(460096K), 0.0298000 secs] 3017577K->2632645K(4143232K), 0.0298908 secs] [Times: user=0.03 sys=0.00, real=0.03 secs] 
2024-10-09T21:19:11.705+0300: 160.914: Total time for which application threads were stopped: 0.0301707 seconds, Stopping threads took: 0.0001532 seconds
2024-10-09T21:19:11.878+0300: 161.093: Application time: 0.1789959 seconds
2024-10-09T21:19:11.878+0300: 161.093: [GC (Allocation Failure) 2024-10-09T21:19:11.878+0300: 161.093: [ParNew: 456558K->51072K(460096K), 0.0239490 secs] 3041669K->2646619K(4143232K), 0.0240392 secs] [Times: user=0.03 sys=0.00, real=0.03 secs] 
2024-10-09T21:19:11.909+0300: 161.117: Total time for which application threads were stopped: 0.0242977 seconds, Stopping threads took: 0.0001370 seconds
2024-10-09T21:19:12.082+0300: 161.288: Application time: 0.1705620 seconds
2024-10-09T21:19:12.082+0300: 161.288: [GC (Allocation Failure) 2024-10-09T21:19:12.082+0300: 161.288: [ParNew: 460096K->51072K(460096K), 0.0278179 secs] 3055643K->2670404K(4143232K), 0.0279066 secs] [Times: user=0.02 sys=0.00, real=0.02 secs] 
2024-10-09T21:19:12.098+0300: 161.316: Total time for which application threads were stopped: 0.0281927 seconds, Stopping threads took: 0.0001616 seconds
2024-10-09T21:19:12.286+0300: 161.500: Application time: 0.1840214 seconds
2024-10-09T21:19:12.286+0300: 161.500: [GC (Allocation Failure) 2024-10-09T21:19:12.286+0300: 161.501: [ParNew: 460096K->51072K(460096K), 0.0257225 secs] 3079428K->2690428K(4143232K), 0.0258061 secs] [Times: user=0.05 sys=0.00, real=0.03 secs] 
2024-10-09T21:19:12.317+0300: 161.526: Total time for which application threads were stopped: 0.0260649 seconds, Stopping threads took: 0.0001406 seconds
2024-10-09T21:19:12.490+0300: 161.707: Application time: 0.1804350 seconds
2024-10-09T21:19:12.490+0300: 161.707: [GC (Allocation Failure) 2024-10-09T21:19:12.490+0300: 161.707: [ParNew: 460096K->51072K(460096K), 0.0355151 secs] 3099452K->2706899K(4143232K), 0.0356146 secs] [Times: user=0.19 sys=0.00, real=0.05 secs] 
2024-10-09T21:19:12.539+0300: 161.743: Total time for which application threads were stopped: 0.0358814 seconds, Stopping threads took: 0.0001297 seconds
2024-10-09T21:19:12.694+0300: 161.911: Application time: 0.1683330 seconds
2024-10-09T21:19:12.694+0300: 161.911: [GC (Allocation Failure) 2024-10-09T21:19:12.694+0300: 161.911: [ParNew: 460096K->51072K(460096K), 0.0293755 secs] 3115923K->2730589K(4143232K), 0.0294683 secs] [Times: user=0.03 sys=0.00, real=0.03 secs] 
2024-10-09T21:19:12.725+0300: 161.941: Total time for which application threads were stopped: 0.0297864 seconds, Stopping threads took: 0.0001951 seconds
2024-10-09T21:19:12.913+0300: 162.126: Application time: 0.1849591 seconds
2024-10-09T21:19:12.913+0300: 162.126: [GC (Allocation Failure) 2024-10-09T21:19:12.913+0300: 162.126: [ParNew: 460096K->51072K(460096K), 0.0261319 secs] 3139613K->2747700K(4143232K), 0.0262244 secs] [Times: user=0.03 sys=0.00, real=0.03 secs] 
2024-10-09T21:19:12.945+0300: 162.152: Total time for which application threads were stopped: 0.0265167 seconds, Stopping threads took: 0.0001427 seconds
2024-10-09T21:19:13.117+0300: 162.333: Application time: 0.1806172 seconds
2024-10-09T21:19:13.117+0300: 162.333: [GC (Allocation Failure) 2024-10-09T21:19:13.117+0300: 162.333: [ParNew: 460096K->51072K(460096K), 0.0295264 secs] 3156724K->2770298K(4143232K), 0.0296172 secs] [Times: user=0.03 sys=0.00, real=0.03 secs] 
2024-10-09T21:19:13.149+0300: 162.363: Total time for which application threads were stopped: 0.0298798 seconds, Stopping threads took: 0.0001458 seconds
2024-10-09T21:19:13.321+0300: 162.533: Application time: 0.1703326 seconds
2024-10-09T21:19:13.321+0300: 162.533: [GC (Allocation Failure) 2024-10-09T21:19:13.321+0300: 162.533: [ParNew: 460096K->50739K(460096K), 0.0254299 secs] 3179322K->2790335K(4143232K), 0.0255130 secs] [Times: user=0.03 sys=0.00, real=0.03 secs] 
2024-10-09T21:19:13.353+0300: 162.559: Total time for which application threads were stopped: 0.0258271 seconds, Stopping threads took: 0.0001953 seconds
2024-10-09T21:19:13.541+0300: 162.751: Application time: 0.1919726 seconds
2024-10-09T21:19:13.541+0300: 162.751: [GC (Allocation Failure) 2024-10-09T21:19:13.541+0300: 162.751: [ParNew: 459763K->51072K(460096K), 0.0247379 secs] 3199359K->2802242K(4143232K), 0.0248206 secs] [Times: user=0.02 sys=0.00, real=0.03 secs] 
2024-10-09T21:19:13.572+0300: 162.776: Total time for which application threads were stopped: 0.0251132 seconds, Stopping threads took: 0.0001572 seconds
2024-10-09T21:19:13.745+0300: 162.953: Application time: 0.1765388 seconds
2024-10-09T21:19:13.745+0300: 162.953: [GC (Allocation Failure) 2024-10-09T21:19:13.745+0300: 162.953: [ParNew: 460096K->51072K(460096K), 0.0274400 secs] 3211266K->2823354K(4143232K), 0.0275257 secs] [Times: user=0.01 sys=0.00, real=0.03 secs] 
2024-10-09T21:19:13.776+0300: 162.980: Total time for which application threads were stopped: 0.0277856 seconds, Stopping threads took: 0.0001436 seconds
2024-10-09T21:19:13.934+0300: 163.150: Application time: 0.1701019 seconds
2024-10-09T21:19:13.934+0300: 163.151: [GC (Allocation Failure) 2024-10-09T21:19:13.934+0300: 163.151: [ParNew: 460096K->48556K(460096K), 0.0234643 secs] 3232378K->2838742K(4143232K), 0.0235456 secs] [Times: user=0.03 sys=0.00, real=0.03 secs] 
2024-10-09T21:19:13.965+0300: 163.174: Total time for which application threads were stopped: 0.0237991 seconds, Stopping threads took: 0.0001447 seconds
2024-10-09T21:19:14.153+0300: 163.372: Application time: 0.1974595 seconds
2024-10-09T21:19:14.153+0300: 163.372: [GC (Allocation Failure) 2024-10-09T21:19:14.153+0300: 163.372: [ParNew: 457580K->51072K(460096K), 0.0231638 secs] 3247766K->2849859K(4143232K), 0.0232504 secs] [Times: user=0.03 sys=0.00, real=0.03 secs] 
2024-10-09T21:19:14.185+0300: 163.395: Total time for which application threads were stopped: 0.0235202 seconds, Stopping threads took: 0.0001584 seconds
2024-10-09T21:19:14.357+0300: 163.566: Application time: 0.1711692 seconds
2024-10-09T21:19:14.357+0300: 163.567: [GC (Allocation Failure) 2024-10-09T21:19:14.357+0300: 163.567: [ParNew: 460096K->51072K(460096K), 0.0287705 secs] 3258883K->2870802K(4143232K), 0.0288537 secs] [Times: user=0.03 sys=0.00, real=0.03 secs] 
2024-10-09T21:19:14.389+0300: 163.596: Total time for which application threads were stopped: 0.0291153 seconds, Stopping threads took: 0.0001512 seconds
2024-10-09T21:19:14.562+0300: 163.775: Application time: 0.1790812 seconds
2024-10-09T21:19:14.562+0300: 163.775: [GC (Allocation Failure) 2024-10-09T21:19:14.562+0300: 163.775: [ParNew: 460096K->47024K(460096K), 0.0263300 secs] 3279826K->2889529K(4143232K), 0.0264165 secs] [Times: user=0.05 sys=0.00, real=0.03 secs] 
2024-10-09T21:19:14.594+0300: 163.801: Total time for which application threads were stopped: 0.0266825 seconds, Stopping threads took: 0.0001356 seconds
2024-10-09T21:19:14.782+0300: 163.995: Application time: 0.1934574 seconds
2024-10-09T21:19:14.782+0300: 163.995: [GC (Allocation Failure) 2024-10-09T21:19:14.782+0300: 163.995: [ParNew: 456048K->51072K(460096K), 0.0253518 secs] 3298553K->2906961K(4143232K), 0.0254417 secs] [Times: user=0.03 sys=0.00, real=0.03 secs] 
2024-10-09T21:19:14.813+0300: 164.020: Total time for which application threads were stopped: 0.0257216 seconds, Stopping threads took: 0.0001537 seconds
2024-10-09T21:19:14.986+0300: 164.191: Application time: 0.1701678 seconds
2024-10-09T21:19:14.986+0300: 164.191: [GC (Allocation Failure) 2024-10-09T21:19:14.986+0300: 164.191: [ParNew: 460096K->51072K(460096K), 0.0279261 secs] 3315985K->2925059K(4143232K), 0.0280109 secs] [Times: user=0.02 sys=0.00, real=0.01 secs] 
2024-10-09T21:19:15.001+0300: 164.219: Total time for which application threads were stopped: 0.0282759 seconds, Stopping threads took: 0.0001481 seconds
2024-10-09T21:19:15.183+0300: 164.388: Application time: 0.1690636 seconds
2024-10-09T21:19:15.183+0300: 164.388: [GC (Allocation Failure) 2024-10-09T21:19:15.183+0300: 164.388: [ParNew: 460096K->51072K(460096K), 0.0247923 secs] 3334083K->2944644K(4143232K), 0.0248792 secs] [Times: user=0.02 sys=0.00, real=0.02 secs] 
2024-10-09T21:19:15.206+0300: 164.413: Total time for which application threads were stopped: 0.0251447 seconds, Stopping threads took: 0.0001281 seconds
2024-10-09T21:19:15.394+0300: 164.607: Application time: 0.1942848 seconds
2024-10-09T21:19:15.394+0300: 164.608: [GC (Allocation Failure) 2024-10-09T21:19:15.394+0300: 164.608: [ParNew: 460096K->51072K(460096K), 0.0249120 secs] 3353668K->2960926K(4143232K), 0.0250096 secs] [Times: user=0.05 sys=0.00, real=0.03 secs] 
2024-10-09T21:19:15.425+0300: 164.633: Total time for which application threads were stopped: 0.0252579 seconds, Stopping threads took: 0.0001245 seconds
2024-10-09T21:19:15.598+0300: 164.814: Application time: 0.1812484 seconds
2024-10-09T21:19:15.598+0300: 164.814: [GC (Allocation Failure) 2024-10-09T21:19:15.598+0300: 164.814: [ParNew: 460096K->51072K(460096K), 0.0252826 secs] 3369950K->2973328K(4143232K), 0.0253758 secs] [Times: user=0.08 sys=0.00, real=0.03 secs] 
2024-10-09T21:19:15.629+0300: 164.840: Total time for which application threads were stopped: 0.0257153 seconds, Stopping threads took: 0.0001915 seconds
2024-10-09T21:19:15.802+0300: 165.007: Application time: 0.1675760 seconds
2024-10-09T21:19:15.802+0300: 165.007: [GC (Allocation Failure) 2024-10-09T21:19:15.802+0300: 165.007: [ParNew: 460096K->50158K(460096K), 0.0332446 secs] 3382352K->3008037K(4143232K), 0.0333314 secs] [Times: user=0.06 sys=0.00, real=0.03 secs] 
2024-10-09T21:19:15.833+0300: 165.041: Total time for which application threads were stopped: 0.0335701 seconds, Stopping threads took: 0.0001197 seconds
2024-10-09T21:19:16.022+0300: 165.233: Application time: 0.1924077 seconds
2024-10-09T21:19:16.022+0300: 165.233: [GC (Allocation Failure) 2024-10-09T21:19:16.022+0300: 165.233: [ParNew: 459182K->49234K(460096K), 0.0273170 secs] 3417061K->3026341K(4143232K), 0.0273969 secs] [Times: user=0.05 sys=0.00, real=0.03 secs] 
2024-10-09T21:19:16.053+0300: 165.261: Total time for which application threads were stopped: 0.0276400 seconds, Stopping threads took: 0.0001243 seconds
2024-10-09T21:19:16.226+0300: 165.441: Application time: 0.1803537 seconds
2024-10-09T21:19:16.226+0300: 165.441: [GC (Allocation Failure) 2024-10-09T21:19:16.226+0300: 165.441: [ParNew: 458258K->51072K(460096K), 0.0244989 secs] 3435365K->3035244K(4143232K), 0.0245882 secs] [Times: user=0.03 sys=0.00, real=0.03 secs] 
2024-10-09T21:19:16.257+0300: 165.466: Total time for which application threads were stopped: 0.0248480 seconds, Stopping threads took: 0.0001384 seconds
2024-10-09T21:19:16.414+0300: 165.632: Application time: 0.1662071 seconds
2024-10-09T21:19:16.414+0300: 165.633: [GC (Allocation Failure) 2024-10-09T21:19:16.414+0300: 165.633: [ParNew: 460096K->44053K(460096K), 0.0304629 secs] 3444268K->3064280K(4143232K), 0.0305462 secs] [Times: user=0.02 sys=0.00, real=0.03 secs] 
2024-10-09T21:19:16.445+0300: 165.663: Total time for which application threads were stopped: 0.0308308 seconds, Stopping threads took: 0.0001684 seconds
2024-10-09T21:19:16.649+0300: 165.857: Application time: 0.1940411 seconds
2024-10-09T21:19:16.649+0300: 165.857: [GC (Allocation Failure) 2024-10-09T21:19:16.649+0300: 165.857: [ParNew: 453077K->51072K(460096K), 0.0211732 secs] 3473304K->3073269K(4143232K), 0.0212511 secs] [Times: user=0.02 sys=0.00, real=0.02 secs] 
2024-10-09T21:19:16.665+0300: 165.879: Total time for which application threads were stopped: 0.0215033 seconds, Stopping threads took: 0.0001387 seconds
2024-10-09T21:19:16.854+0300: 166.058: Application time: 0.1797159 seconds
2024-10-09T21:19:16.854+0300: 166.059: [GC (Allocation Failure) 2024-10-09T21:19:16.854+0300: 166.059: [ParNew: 460096K->51072K(460096K), 0.0351388 secs] 3482293K->3103070K(4143232K), 0.0352261 secs] [Times: user=0.03 sys=0.00, real=0.03 secs] 
2024-10-09T21:19:16.886+0300: 166.094: Total time for which application threads were stopped: 0.0354645 seconds, Stopping threads took: 0.0001201 seconds
2024-10-09T21:19:17.042+0300: 166.256: Application time: 0.1625927 seconds
2024-10-09T21:19:17.042+0300: 166.257: [GC (Allocation Failure) 2024-10-09T21:19:17.042+0300: 166.257: [ParNew: 460096K->43798K(460096K), 0.0278419 secs] 3512094K->3123933K(4143232K), 0.0279233 secs] [Times: user=0.03 sys=0.00, real=0.03 secs] 
2024-10-09T21:19:17.073+0300: 166.285: Total time for which application threads were stopped: 0.0282277 seconds, Stopping threads took: 0.0001810 seconds
2024-10-09T21:19:17.262+0300: 166.473: Application time: 0.1878887 seconds
2024-10-09T21:19:17.262+0300: 166.473: [GC (Allocation Failure) 2024-10-09T21:19:17.262+0300: 166.473: [ParNew: 452822K->51072K(460096K), 0.0225433 secs] 3532957K->3134041K(4143232K), 0.0226294 secs] [Times: user=0.02 sys=0.00, real=0.02 secs] 
2024-10-09T21:19:17.287+0300: 166.495: Total time for which application threads were stopped: 0.0228821 seconds, Stopping threads took: 0.0001210 seconds
2024-10-09T21:19:17.469+0300: 166.673: Application time: 0.1774246 seconds
2024-10-09T21:19:17.469+0300: 166.673: [GC (Allocation Failure) 2024-10-09T21:19:17.469+0300: 166.673: [ParNew: 460096K->51072K(460096K), 0.0323334 secs] 3543065K->3158001K(4143232K), 0.0324120 secs] [Times: user=0.03 sys=0.00, real=0.03 secs] 
2024-10-09T21:19:17.498+0300: 166.706: Total time for which application threads were stopped: 0.0326515 seconds, Stopping threads took: 0.0001199 seconds
2024-10-09T21:19:17.670+0300: 166.876: Application time: 0.1701871 seconds
2024-10-09T21:19:17.670+0300: 166.876: [GC (Allocation Failure) 2024-10-09T21:19:17.670+0300: 166.876: [ParNew: 460096K->50064K(460096K), 0.0248228 secs] 3567025K->3175606K(4143232K), 0.0249129 secs] [Times: user=0.02 sys=0.00, real=0.02 secs] 
2024-10-09T21:19:17.688+0300: 166.901: Total time for which application threads were stopped: 0.0251606 seconds, Stopping threads took: 0.0001268 seconds
2024-10-09T21:19:17.874+0300: 167.088: Application time: 0.1867099 seconds
2024-10-09T21:19:17.874+0300: 167.088: [GC (Allocation Failure) 2024-10-09T21:19:17.874+0300: 167.088: [ParNew: 459088K->51072K(460096K), 0.0238666 secs] 3584630K->3188893K(4143232K), 0.0239545 secs] [Times: user=0.03 sys=0.00, real=0.03 secs] 
2024-10-09T21:19:17.906+0300: 167.112: Total time for which application threads were stopped: 0.0242060 seconds, Stopping threads took: 0.0001325 seconds
2024-10-09T21:19:18.078+0300: 167.287: Application time: 0.1749523 seconds
2024-10-09T21:19:18.078+0300: 167.287: [GC (Allocation Failure) 2024-10-09T21:19:18.078+0300: 167.287: [ParNew: 460096K->51072K(460096K), 0.0291738 secs] 3597917K->3209066K(4143232K), 0.0292642 secs] [Times: user=0.03 sys=0.00, real=0.03 secs] 
2024-10-09T21:19:18.110+0300: 167.316: Total time for which application threads were stopped: 0.0295230 seconds, Stopping threads took: 0.0001450 seconds
2024-10-09T21:19:18.266+0300: 167.483: Application time: 0.1666377 seconds
2024-10-09T21:19:18.266+0300: 167.483: [GC (Allocation Failure) 2024-10-09T21:19:18.266+0300: 167.483: [ParNew: 460096K->51072K(460096K), 0.0253296 secs] 3618090K->3226864K(4143232K), 0.0254212 secs] [Times: user=0.06 sys=0.00, real=0.03 secs] 
2024-10-09T21:19:18.298+0300: 167.509: Total time for which application threads were stopped: 0.0256972 seconds, Stopping threads took: 0.0001524 seconds
2024-10-09T21:19:18.490+0300: 167.703: Application time: 0.1947955 seconds
2024-10-09T21:19:18.490+0300: 167.704: [GC (Allocation Failure) 2024-10-09T21:19:18.502+0300: 167.706: [ParNew: 460096K->51072K(460096K), 0.0274230 secs] 3635888K->3248309K(4143232K), 0.0297269 secs] [Times: user=0.02 sys=0.00, real=0.03 secs] 
2024-10-09T21:19:18.518+0300: 167.733: Total time for which application threads were stopped: 0.0300037 seconds, Stopping threads took: 0.0001487 seconds
2024-10-09T21:19:18.706+0300: 167.913: Application time: 0.1800098 seconds
2024-10-09T21:19:18.706+0300: 167.914: [GC (Allocation Failure) 2024-10-09T21:19:18.706+0300: 167.914: [ParNew: 460096K->51072K(460096K), 0.0246212 secs] 3657333K->3261225K(4143232K), 0.0247050 secs] [Times: user=0.01 sys=0.00, real=0.01 secs] 
2024-10-09T21:19:18.721+0300: 167.938: Total time for which application threads were stopped: 0.0249521 seconds, Stopping threads took: 0.0001312 seconds
2024-10-09T21:19:18.894+0300: 168.106: Application time: 0.1673126 seconds
2024-10-09T21:19:18.894+0300: 168.106: [GC (Allocation Failure) 2024-10-09T21:19:18.894+0300: 168.106: [ParNew: 460096K->51072K(460096K), 0.0271896 secs] 3670249K->3284908K(4143232K), 0.0272804 secs] [Times: user=0.03 sys=0.00, real=0.03 secs] 
2024-10-09T21:19:18.925+0300: 168.133: Total time for which application threads were stopped: 0.0275312 seconds, Stopping threads took: 0.0001338 seconds
2024-10-09T21:19:19.114+0300: 168.319: Application time: 0.1854121 seconds
2024-10-09T21:19:19.114+0300: 168.319: [GC (Allocation Failure) 2024-10-09T21:19:19.114+0300: 168.319: [ParNew: 460096K->49777K(460096K), 0.0247613 secs] 3693932K->3300175K(4143232K), 0.0248439 secs] [Times: user=0.01 sys=0.00, real=0.01 secs] 
2024-10-09T21:19:19.129+0300: 168.344: Total time for which application threads were stopped: 0.0250942 seconds, Stopping threads took: 0.0001319 seconds
2024-10-09T21:19:19.302+0300: 168.519: Application time: 0.1750762 seconds
2024-10-09T21:19:19.302+0300: 168.519: [GC (Allocation Failure) 2024-10-09T21:19:19.302+0300: 168.519: [ParNew: 458801K->51072K(460096K), 0.0254426 secs] 3709199K->3314526K(4143232K), 0.0255285 secs] [Times: user=0.03 sys=0.00, real=0.03 secs] 
2024-10-09T21:19:19.333+0300: 168.545: Total time for which application threads were stopped: 0.0257847 seconds, Stopping threads took: 0.0001353 seconds
2024-10-09T21:19:19.506+0300: 168.710: Application time: 0.1650001 seconds
2024-10-09T21:19:19.506+0300: 168.710: [GC (Allocation Failure) 2024-10-09T21:19:19.506+0300: 168.710: [ParNew: 460096K->51072K(460096K), 0.0299853 secs] 3723550K->3340311K(4143232K), 0.0300775 secs] [Times: user=0.05 sys=0.00, real=0.02 secs] 
2024-10-09T21:19:19.522+0300: 168.740: Total time for which application threads were stopped: 0.0303294 seconds, Stopping threads took: 0.0001328 seconds
2024-10-09T21:19:19.710+0300: 168.928: Application time: 0.1878748 seconds
2024-10-09T21:19:19.710+0300: 168.928: [GC (Allocation Failure) 2024-10-09T21:19:19.710+0300: 168.928: [ParNew: 460096K->51072K(460096K), 0.0256500 secs] 3749335K->3359707K(4143232K), 0.0257356 secs] [Times: user=0.03 sys=0.00, real=0.03 secs] 
2024-10-09T21:19:19.741+0300: 168.954: Total time for which application threads were stopped: 0.0260170 seconds, Stopping threads took: 0.0001598 seconds
2024-10-09T21:19:19.930+0300: 169.133: Application time: 0.1790051 seconds
2024-10-09T21:19:19.930+0300: 169.133: [GC (Allocation Failure) 2024-10-09T21:19:19.930+0300: 169.133: [ParNew: 460096K->51072K(460096K), 0.0273932 secs] 3768731K->3376577K(4143232K), 0.0274855 secs] [Times: user=0.03 sys=0.00, real=0.01 secs] 
2024-10-09T21:19:19.945+0300: 169.161: Total time for which application threads were stopped: 0.0277750 seconds, Stopping threads took: 0.0001493 seconds
2024-10-09T21:19:20.118+0300: 169.326: Application time: 0.1657391 seconds
2024-10-09T21:19:20.118+0300: 169.327: [GC (Allocation Failure) 2024-10-09T21:19:20.118+0300: 169.327: [ParNew: 460096K->47862K(460096K), 0.0325184 secs] 3785601K->3404134K(4143232K), 0.0326033 secs] [Times: user=0.02 sys=0.00, real=0.03 secs] 
2024-10-09T21:19:20.149+0300: 169.359: Total time for which application threads were stopped: 0.0328565 seconds, Stopping threads took: 0.0001303 seconds
2024-10-09T21:19:20.149+0300: 169.359: Application time: 0.0001032 seconds
2024-10-09T21:19:20.149+0300: 169.360: [GC (CMS Initial Mark) [1 CMS-initial-mark: 3356272K(3683136K)] 3412258K(4143232K), 0.0052979 secs] [Times: user=0.00 sys=0.00, real=0.00 secs] 
2024-10-09T21:19:20.149+0300: 169.365: Total time for which application threads were stopped: 0.0056221 seconds, Stopping threads took: 0.0001770 seconds
2024-10-09T21:19:20.149+0300: 169.365: [CMS-concurrent-mark-start]
2024-10-09T21:19:20.165+0300: 169.383: [CMS-concurrent-mark: 0.018/0.018 secs] [Times: user=0.02 sys=0.00, real=0.02 secs] 
2024-10-09T21:19:20.165+0300: 169.383: [CMS-concurrent-preclean-start]
2024-10-09T21:19:20.181+0300: 169.387: [CMS-concurrent-preclean: 0.004/0.004 secs] [Times: user=0.01 sys=0.00, real=0.02 secs] 
2024-10-09T21:19:20.181+0300: 169.387: [CMS-concurrent-abortable-preclean-start]
2024-10-09T21:19:20.338+0300: 169.546: [CMS-concurrent-abortable-preclean: 0.158/0.159 secs] [Times: user=1.02 sys=0.00, real=0.16 secs] 
2024-10-09T21:19:20.338+0300: 169.546: Application time: 0.1812340 seconds
2024-10-09T21:19:20.338+0300: 169.546: [GC (CMS Final Remark) [YG occupancy: 360596 K (460096 K)]2024-10-09T21:19:20.338+0300: 169.546: [Rescan (parallel) , 0.0360070 secs]2024-10-09T21:19:20.369+0300: 169.582: [weak refs processing, 0.0000202 secs]2024-10-09T21:19:20.369+0300: 169.582: [class unloading, 0.0020992 secs]2024-10-09T21:19:20.369+0300: 169.585: [scrub symbol table, 0.0007380 secs]2024-10-09T21:19:20.369+0300: 169.585: [scrub string table, 0.0002086 secs][1 CMS-remark: 3356272K(3683136K)] 3716868K(4143232K), 0.0392015 secs] [Times: user=0.03 sys=0.00, real=0.03 secs] 
2024-10-09T21:19:20.369+0300: 169.586: Total time for which application threads were stopped: 0.0394251 seconds, Stopping threads took: 0.0001395 seconds
2024-10-09T21:19:20.369+0300: 169.586: [CMS-concurrent-sweep-start]
2024-10-09T21:19:20.416+0300: 169.626: Application time: 0.0404884 seconds
2024-10-09T21:19:20.416+0300: 169.626: [GC (Allocation Failure) 2024-10-09T21:19:20.416+0300: 169.626: [ParNew: 456886K->51072K(460096K), 0.0289426 secs] 3726303K->3345303K(4143232K), 0.0290364 secs] [Times: user=0.03 sys=0.00, real=0.03 secs] 
2024-10-09T21:19:20.447+0300: 169.655: Total time for which application threads were stopped: 0.0293859 seconds, Stopping threads took: 0.0002005 seconds
2024-10-09T21:19:20.667+0300: 169.877: Application time: 0.2218864 seconds
2024-10-09T21:19:20.667+0300: 169.878: [GC (Allocation Failure) 2024-10-09T21:19:20.667+0300: 169.878: [ParNew: 460096K->51072K(460096K), 0.0249929 secs] 3315083K->2919321K(4143232K), 0.0250906 secs] [Times: user=0.06 sys=0.00, real=0.03 secs] 
2024-10-09T21:19:20.699+0300: 169.903: Total time for which application threads were stopped: 0.0254036 seconds, Stopping threads took: 0.0001518 seconds
2024-10-09T21:19:20.902+0300: 170.106: Application time: 0.2027806 seconds
2024-10-09T21:19:20.902+0300: 170.106: [GC (Allocation Failure) 2024-10-09T21:19:20.902+0300: 170.106: [ParNew: 460096K->50107K(460096K), 0.0317791 secs] 2960317K->2580017K(4143232K), 0.0318775 secs] [Times: user=0.05 sys=0.00, real=0.03 secs] 
2024-10-09T21:19:20.933+0300: 170.138: Total time for which application threads were stopped: 0.0322444 seconds, Stopping threads took: 0.0002372 seconds
2024-10-09T21:19:21.153+0300: 170.358: Application time: 0.2198283 seconds
2024-10-09T21:19:21.153+0300: 170.358: [GC (Allocation Failure) 2024-10-09T21:19:21.153+0300: 170.358: [ParNew: 459131K->51072K(460096K), 0.0255045 secs] 2595755K->2208176K(4143232K), 0.0255968 secs] [Times: user=0.02 sys=0.00, real=0.02 secs] 
2024-10-09T21:19:21.169+0300: 170.384: Total time for which application threads were stopped: 0.0258941 seconds, Stopping threads took: 0.0001448 seconds
2024-10-09T21:19:21.396+0300: 170.599: Application time: 0.2158259 seconds
2024-10-09T21:19:21.396+0300: 170.600: [GC (Allocation Failure) 2024-10-09T21:19:21.396+0300: 170.600: [ParNew: 460096K->51072K(460096K), 0.0242713 secs] 2242920K->1842589K(4143232K), 0.0243647 secs] [Times: user=0.00 sys=0.02, real=0.02 secs] 
2024-10-09T21:19:21.420+0300: 170.624: Total time for which application threads were stopped: 0.0246328 seconds, Stopping threads took: 0.0001364 seconds
2024-10-09T21:19:21.639+0300: 170.843: Application time: 0.2190345 seconds
2024-10-09T21:19:21.639+0300: 170.843: [GC (Allocation Failure) 2024-10-09T21:19:21.639+0300: 170.843: [ParNew: 460096K->51072K(460096K), 0.0283865 secs] 1887266K->1500072K(4143232K), 0.0284829 secs] [Times: user=0.05 sys=0.00, real=0.02 secs] 
2024-10-09T21:19:21.655+0300: 170.872: Total time for which application threads were stopped: 0.0287924 seconds, Stopping threads took: 0.0001643 seconds
2024-10-09T21:19:21.859+0300: 171.074: Application time: 0.2020508 seconds
2024-10-09T21:19:21.859+0300: 171.074: [GC (Allocation Failure) 2024-10-09T21:19:21.859+0300: 171.074: [ParNew: 460096K->51072K(460096K), 0.0244003 secs] 1573327K->1180669K(4143232K), 0.0244898 secs] [Times: user=0.03 sys=0.00, real=0.03 secs] 
2024-10-09T21:19:21.890+0300: 171.099: Total time for which application threads were stopped: 0.0247907 seconds, Stopping threads took: 0.0001787 seconds
2024-10-09T21:19:22.097+0300: 171.312: Application time: 0.2132741 seconds
2024-10-09T21:19:22.097+0300: 171.312: [GC (Allocation Failure) 2024-10-09T21:19:22.097+0300: 171.312: [ParNew: 460096K->51072K(460096K), 0.0248490 secs] 1254700K->862717K(4143232K), 0.0249379 secs] [Times: user=0.03 sys=0.00, real=0.03 secs] 
2024-10-09T21:19:22.126+0300: 171.337: Total time for which application threads were stopped: 0.0252442 seconds, Stopping threads took: 0.0001878 seconds
2024-10-09T21:19:22.346+0300: 171.557: Application time: 0.2200620 seconds
2024-10-09T21:19:22.346+0300: 171.558: [GC (Allocation Failure) 2024-10-09T21:19:22.346+0300: 171.558: [ParNew: 460096K->51072K(460096K), 0.0235076 secs] 932281K->535958K(4143232K), 0.0235956 secs] [Times: user=0.03 sys=0.00, real=0.03 secs] 
2024-10-09T21:19:22.377+0300: 171.581: Total time for which application threads were stopped: 0.0238961 seconds, Stopping threads took: 0.0001618 seconds
2024-10-09T21:19:22.565+0300: 171.776: [CMS-concurrent-sweep: 1.950/2.191 secs] [Times: user=11.28 sys=0.02, real=2.20 secs] 
2024-10-09T21:19:22.565+0300: 171.776: [CMS-concurrent-reset-start]
2024-10-09T21:19:22.581+0300: 171.784: [CMS-concurrent-reset: 0.008/0.008 secs] [Times: user=0.00 sys=0.00, real=0.02 secs] 
2024-10-09T21:19:22.581+0300: 171.789: Application time: 0.2075684 seconds
2024-10-09T21:19:22.581+0300: 171.789: [GC (Allocation Failure) 2024-10-09T21:19:22.581+0300: 171.789: [ParNew: 460096K->51072K(460096K), 0.0280243 secs] 661032K->275659K(4143232K), 0.0281091 secs] [Times: user=0.01 sys=0.00, real=0.03 secs] 
2024-10-09T21:19:22.612+0300: 171.817: Total time for which application threads were stopped: 0.0283814 seconds, Stopping threads took: 0.0001400 seconds
2024-10-09T21:19:22.785+0300: 171.993: Application time: 0.1755934 seconds
2024-10-09T21:19:22.785+0300: 171.993: [GC (Allocation Failure) 2024-10-09T21:19:22.785+0300: 171.993: [ParNew: 460096K->51072K(460096K), 0.0294931 secs] 684683K->298532K(4143232K), 0.0295779 secs] [Times: user=0.02 sys=0.00, real=0.03 secs] 
2024-10-09T21:19:22.817+0300: 172.023: Total time for which application threads were stopped: 0.0298114 seconds, Stopping threads took: 0.0001183 seconds
2024-10-09T21:19:22.989+0300: 172.194: Application time: 0.1712227 seconds
2024-10-09T21:19:22.989+0300: 172.194: [GC (Allocation Failure) 2024-10-09T21:19:22.989+0300: 172.194: [ParNew: 460096K->51072K(460096K), 0.0265416 secs] 707556K->318757K(4143232K), 0.0266261 secs] [Times: user=0.02 sys=0.00, real=0.02 secs] 
2024-10-09T21:19:23.005+0300: 172.221: Total time for which application threads were stopped: 0.0268541 seconds, Stopping threads took: 0.0001064 seconds
2024-10-09T21:19:23.200+0300: 172.404: Application time: 0.1832220 seconds
2024-10-09T21:19:23.200+0300: 172.404: [GC (Allocation Failure) 2024-10-09T21:19:23.200+0300: 172.404: [ParNew: 460096K->51072K(460096K), 0.0214175 secs] 727781K->327272K(4143232K), 0.0215016 secs] [Times: user=0.00 sys=0.00, real=0.01 secs] 
2024-10-09T21:19:23.209+0300: 172.426: Total time for which application threads were stopped: 0.0217286 seconds, Stopping threads took: 0.0001118 seconds
2024-10-09T21:19:23.382+0300: 172.600: Application time: 0.1741609 seconds
2024-10-09T21:19:23.382+0300: 172.600: [GC (Allocation Failure) 2024-10-09T21:19:23.382+0300: 172.600: [ParNew: 460096K->51072K(460096K), 0.0232444 secs] 736296K->337982K(4143232K), 0.0233325 secs] [Times: user=0.03 sys=0.00, real=0.03 secs] 
2024-10-09T21:19:23.414+0300: 172.623: Total time for which application threads were stopped: 0.0236119 seconds, Stopping threads took: 0.0001563 seconds
2024-10-09T21:19:23.601+0300: 172.804: Application time: 0.1810358 seconds
2024-10-09T21:19:23.601+0300: 172.805: [GC (Allocation Failure) 2024-10-09T21:19:23.601+0300: 172.805: [ParNew: 460096K->51072K(460096K), 0.0266639 secs] 747006K->363204K(4143232K), 0.0267595 secs] [Times: user=0.05 sys=0.00, real=0.02 secs] 
2024-10-09T21:19:23.618+0300: 172.831: Total time for which application threads were stopped: 0.0270275 seconds, Stopping threads took: 0.0001392 seconds
2024-10-09T21:19:23.806+0300: 173.017: Application time: 0.1857349 seconds
2024-10-09T21:19:23.806+0300: 173.017: [GC (Allocation Failure) 2024-10-09T21:19:23.806+0300: 173.017: [ParNew: 460096K->51072K(460096K), 0.0228657 secs] 772228K->373532K(4143232K), 0.0229530 secs] [Times: user=0.02 sys=0.00, real=0.02 secs] 
2024-10-09T21:19:23.822+0300: 173.040: Total time for which application threads were stopped: 0.0232477 seconds, Stopping threads took: 0.0001564 seconds
2024-10-09T21:19:24.011+0300: 173.219: Application time: 0.1783547 seconds
2024-10-09T21:19:24.011+0300: 173.219: [GC (Allocation Failure) 2024-10-09T21:19:24.011+0300: 173.219: [ParNew: 460096K->51072K(460096K), 0.0247525 secs] 782556K->387901K(4143232K), 0.0248374 secs] [Times: user=0.01 sys=0.00, real=0.02 secs] 
2024-10-09T21:19:24.026+0300: 173.244: Total time for which application threads were stopped: 0.0250897 seconds, Stopping threads took: 0.0001333 seconds
2024-10-09T21:19:24.214+0300: 173.422: Application time: 0.1786434 seconds
2024-10-09T21:19:24.214+0300: 173.423: [GC (Allocation Failure) 2024-10-09T21:19:24.214+0300: 173.423: [ParNew: 460096K->43726K(460096K), 0.0253728 secs] 796925K->403249K(4143232K), 0.0254574 secs] [Times: user=0.02 sys=0.00, real=0.02 secs] 
2024-10-09T21:19:24.230+0300: 173.448: Total time for which application threads were stopped: 0.0257074 seconds, Stopping threads took: 0.0001338 seconds
2024-10-09T21:19:24.434+0300: 173.639: Application time: 0.1903699 seconds
2024-10-09T21:19:24.434+0300: 173.639: [GC (Allocation Failure) 2024-10-09T21:19:24.434+0300: 173.639: [ParNew: 452750K->51072K(460096K), 0.0228577 secs] 812273K->420663K(4143232K), 0.0229459 secs] [Times: user=0.03 sys=0.00, real=0.01 secs] 
2024-10-09T21:19:24.449+0300: 173.662: Total time for which application threads were stopped: 0.0232065 seconds, Stopping threads took: 0.0001370 seconds
2024-10-09T21:19:24.638+0300: 173.842: Application time: 0.1801669 seconds
2024-10-09T21:19:24.638+0300: 173.842: [GC (Allocation Failure) 2024-10-09T21:19:24.638+0300: 173.842: [ParNew: 460096K->51072K(460096K), 0.0292255 secs] 829687K->443821K(4143232K), 0.0293129 secs] [Times: user=0.03 sys=0.00, real=0.02 secs] 
2024-10-09T21:19:24.653+0300: 173.872: Total time for which application threads were stopped: 0.0295655 seconds, Stopping threads took: 0.0001360 seconds
2024-10-09T21:19:24.847+0300: 174.050: Application time: 0.1785069 seconds
2024-10-09T21:19:24.847+0300: 174.050: [GC (Allocation Failure) 2024-10-09T21:19:24.847+0300: 174.050: [ParNew: 460096K->51072K(460096K), 0.0242786 secs] 852845K->459619K(4143232K), 0.0243713 secs] [Times: user=0.02 sys=0.00, real=0.02 secs] 
2024-10-09T21:19:24.865+0300: 174.075: Total time for which application threads were stopped: 0.0246493 seconds, Stopping threads took: 0.0001455 seconds
2024-10-09T21:19:25.062+0300: 174.266: Application time: 0.1908495 seconds
2024-10-09T21:19:25.062+0300: 174.266: [GC (Allocation Failure) 2024-10-09T21:19:25.062+0300: 174.266: [ParNew: 460096K->51072K(460096K), 0.0251202 secs] 868643K->474387K(4143232K), 0.0252034 secs] [Times: user=0.01 sys=0.00, real=0.01 secs] 
2024-10-09T21:19:25.077+0300: 174.291: Total time for which application threads were stopped: 0.0254341 seconds, Stopping threads took: 0.0001104 seconds
2024-10-09T21:19:25.250+0300: 174.464: Application time: 0.1733659 seconds
2024-10-09T21:19:25.250+0300: 174.465: [GC (Allocation Failure) 2024-10-09T21:19:25.250+0300: 174.465: [ParNew: 460096K->51072K(460096K), 0.0246387 secs] 883411K->489730K(4143232K), 0.0247276 secs] [Times: user=0.03 sys=0.00, real=0.03 secs] 
2024-10-09T21:19:25.282+0300: 174.489: Total time for which application threads were stopped: 0.0250021 seconds, Stopping threads took: 0.0001456 seconds
2024-10-09T21:19:25.454+0300: 174.664: Application time: 0.1741832 seconds
2024-10-09T21:19:25.454+0300: 174.664: [GC (Allocation Failure) 2024-10-09T21:19:25.454+0300: 174.664: [ParNew: 460096K->51072K(460096K), 0.0287445 secs] 898754K->513033K(4143232K), 0.0288333 secs] [Times: user=0.03 sys=0.00, real=0.03 secs] 
2024-10-09T21:19:25.486+0300: 174.693: Total time for which application threads were stopped: 0.0291078 seconds, Stopping threads took: 0.0001586 seconds
2024-10-09T21:19:25.674+0300: 174.877: Application time: 0.1844824 seconds
2024-10-09T21:19:25.674+0300: 174.877: [GC (Allocation Failure) 2024-10-09T21:19:25.674+0300: 174.877: [ParNew: 460096K->51072K(460096K), 0.0250655 secs] 922057K->528923K(4143232K), 0.0251629 secs] [Times: user=0.05 sys=0.00, real=0.02 secs] 
2024-10-09T21:19:25.690+0300: 174.903: Total time for which application threads were stopped: 0.0254609 seconds, Stopping threads took: 0.0001344 seconds
2024-10-09T21:19:25.862+0300: 175.079: Application time: 0.1765350 seconds
2024-10-09T21:19:25.862+0300: 175.079: [GC (Allocation Failure) 2024-10-09T21:19:25.862+0300: 175.079: [ParNew: 460096K->51072K(460096K), 0.0272356 secs] 937947K->548406K(4143232K), 0.0273274 secs] [Times: user=0.03 sys=0.00, real=0.03 secs] 
2024-10-09T21:19:25.894+0300: 175.107: Total time for which application threads were stopped: 0.0275913 seconds, Stopping threads took: 0.0001427 seconds
2024-10-09T21:19:26.082+0300: 175.287: Application time: 0.1803842 seconds
2024-10-09T21:19:26.082+0300: 175.287: [GC (Allocation Failure) 2024-10-09T21:19:26.082+0300: 175.287: [ParNew: 460096K->51072K(460096K), 0.0300124 secs] 957430K->574304K(4143232K), 0.0300875 secs] [Times: user=0.03 sys=0.00, real=0.03 secs] 
2024-10-09T21:19:26.114+0300: 175.317: Total time for which application threads were stopped: 0.0303315 seconds, Stopping threads took: 0.0001344 seconds
2024-10-09T21:19:26.286+0300: 175.497: Application time: 0.1798540 seconds
2024-10-09T21:19:26.286+0300: 175.497: [GC (Allocation Failure) 2024-10-09T21:19:26.286+0300: 175.498: [ParNew: 460096K->51072K(460096K), 0.0263870 secs] 983328K->595230K(4143232K), 0.0264704 secs] [Times: user=0.03 sys=0.00, real=0.03 secs] 
2024-10-09T21:19:26.318+0300: 175.524: Total time for which application threads were stopped: 0.0267327 seconds, Stopping threads took: 0.0001427 seconds
2024-10-09T21:19:26.490+0300: 175.704: Application time: 0.1802200 seconds
2024-10-09T21:19:26.490+0300: 175.704: [GC (Allocation Failure) 2024-10-09T21:19:26.490+0300: 175.704: [ParNew: 460096K->51072K(460096K), 0.0247103 secs] 1004254K->608881K(4143232K), 0.0247987 secs] [Times: user=0.03 sys=0.00, real=0.03 secs] 
2024-10-09T21:19:26.522+0300: 175.729: Total time for which application threads were stopped: 0.0250566 seconds, Stopping threads took: 0.0001372 seconds
2024-10-09T21:19:26.694+0300: 175.906: Application time: 0.1763158 seconds
2024-10-09T21:19:26.694+0300: 175.906: [GC (Allocation Failure) 2024-10-09T21:19:26.694+0300: 175.906: [ParNew: 460096K->51072K(460096K), 0.0279595 secs] 1017905K->631471K(4143232K), 0.0280491 secs] [Times: user=0.03 sys=0.00, real=0.03 secs] 
2024-10-09T21:19:26.726+0300: 175.934: Total time for which application threads were stopped: 0.0283378 seconds, Stopping threads took: 0.0001544 seconds
2024-10-09T21:19:26.908+0300: 176.113: Application time: 0.1789340 seconds
2024-10-09T21:19:26.908+0300: 176.113: [GC (Allocation Failure) 2024-10-09T21:19:26.908+0300: 176.113: [ParNew: 460096K->51072K(460096K), 0.0259577 secs] 1040495K->652883K(4143232K), 0.0260469 secs] [Times: user=0.03 sys=0.00, real=0.02 secs] 
2024-10-09T21:19:26.930+0300: 176.139: Total time for which application threads were stopped: 0.0263132 seconds, Stopping threads took: 0.0001522 seconds
2024-10-09T21:19:27.118+0300: 176.328: Application time: 0.1886398 seconds
2024-10-09T21:19:27.118+0300: 176.328: [GC (Allocation Failure) 2024-10-09T21:19:27.118+0300: 176.328: [ParNew: 460096K->51072K(460096K), 0.0235714 secs] 1061907K->662848K(4143232K), 0.0236583 secs] [Times: user=0.02 sys=0.00, real=0.02 secs] 
2024-10-09T21:19:27.134+0300: 176.352: Total time for which application threads were stopped: 0.0239641 seconds, Stopping threads took: 0.0001537 seconds
2024-10-09T21:19:27.322+0300: 176.525: Application time: 0.1734252 seconds
2024-10-09T21:19:27.322+0300: 176.525: [GC (Allocation Failure) 2024-10-09T21:19:27.322+0300: 176.526: [ParNew: 460096K->51072K(460096K), 0.0294484 secs] 1071872K->684533K(4143232K), 0.0295402 secs] [Times: user=0.02 sys=0.00, real=0.02 secs] 
2024-10-09T21:19:27.338+0300: 176.555: Total time for which application threads were stopped: 0.0298108 seconds, Stopping threads took: 0.0001400 seconds
2024-10-09T21:19:27.527+0300: 176.738: Application time: 0.1826836 seconds
2024-10-09T21:19:27.527+0300: 176.738: [GC (Allocation Failure) 2024-10-09T21:19:27.527+0300: 176.738: [ParNew: 460096K->48043K(460096K), 0.0389849 secs] 1093557K->709422K(4143232K), 0.0390748 secs] [Times: user=0.09 sys=0.00, real=0.05 secs] 
2024-10-09T21:19:27.574+0300: 176.777: Total time for which application threads were stopped: 0.0393442 seconds, Stopping threads took: 0.0001369 seconds
2024-10-09T21:19:27.762+0300: 176.968: Application time: 0.1905242 seconds
2024-10-09T21:19:27.762+0300: 176.968: [GC (Allocation Failure) 2024-10-09T21:19:27.762+0300: 176.968: [ParNew: 457067K->51072K(460096K), 0.0242114 secs] 1118446K->724407K(4143232K), 0.0242933 secs] [Times: user=0.02 sys=0.00, real=0.02 secs] 
2024-10-09T21:19:27.778+0300: 176.992: Total time for which application threads were stopped: 0.0245540 seconds, Stopping threads took: 0.0001427 seconds
2024-10-09T21:19:27.966+0300: 177.170: Application time: 0.1778206 seconds
2024-10-09T21:19:27.966+0300: 177.170: [GC (Allocation Failure) 2024-10-09T21:19:27.966+0300: 177.170: [ParNew: 460096K->51072K(460096K), 0.0289993 secs] 1133431K->745527K(4143232K), 0.0290842 secs] [Times: user=0.02 sys=0.00, real=0.02 secs] 
2024-10-09T21:19:27.982+0300: 177.199: Total time for which application threads were stopped: 0.0293266 seconds, Stopping threads took: 0.0001315 seconds
2024-10-09T21:19:28.155+0300: 177.370: Application time: 0.1711294 seconds
2024-10-09T21:19:28.155+0300: 177.371: [GC (Allocation Failure) 2024-10-09T21:19:28.155+0300: 177.371: [ParNew: 460096K->46658K(460096K), 0.0276779 secs] 1154551K->772887K(4143232K), 0.0277672 secs] [Times: user=0.03 sys=0.00, real=0.03 secs] 
2024-10-09T21:19:28.186+0300: 177.399: Total time for which application threads were stopped: 0.0280660 seconds, Stopping threads took: 0.0001708 seconds
2024-10-09T21:19:28.374+0300: 177.593: Application time: 0.1940514 seconds
2024-10-09T21:19:28.374+0300: 177.593: [GC (Allocation Failure) 2024-10-09T21:19:28.374+0300: 177.593: [ParNew: 455682K->51072K(460096K), 0.0218851 secs] 1181911K->779253K(4143232K), 0.0219700 secs] [Times: user=0.05 sys=0.00, real=0.04 secs] 
2024-10-09T21:19:28.411+0300: 177.615: Total time for which application threads were stopped: 0.0222705 seconds, Stopping threads took: 0.0001783 seconds
2024-10-09T21:19:28.594+0300: 177.800: Application time: 0.1855546 seconds
2024-10-09T21:19:28.594+0300: 177.801: [GC (Allocation Failure) 2024-10-09T21:19:28.594+0300: 177.801: [ParNew: 460096K->51072K(460096K), 0.0301705 secs] 1188277K->801065K(4143232K), 0.0302566 secs] [Times: user=0.03 sys=0.00, real=0.03 secs] 
2024-10-09T21:19:28.626+0300: 177.831: Total time for which application threads were stopped: 0.0305676 seconds, Stopping threads took: 0.0001764 seconds
2024-10-09T21:19:28.783+0300: 177.997: Application time: 0.1660693 seconds
2024-10-09T21:19:28.783+0300: 177.997: [GC (Allocation Failure) 2024-10-09T21:19:28.783+0300: 177.997: [ParNew: 460096K->48193K(460096K), 0.0288424 secs] 1210089K->828747K(4143232K), 0.0289264 secs] [Times: user=0.03 sys=0.00, real=0.03 secs] 
2024-10-09T21:19:28.814+0300: 178.026: Total time for which application threads were stopped: 0.0292039 seconds, Stopping threads took: 0.0001578 seconds
2024-10-09T21:19:29.018+0300: 178.223: Application time: 0.1969311 seconds
2024-10-09T21:19:29.018+0300: 178.223: [GC (Allocation Failure) 2024-10-09T21:19:29.018+0300: 178.223: [ParNew: 457217K->44350K(460096K), 0.0245054 secs] 1237771K->838598K(4143232K), 0.0245947 secs] [Times: user=0.02 sys=0.00, real=0.02 secs] 
2024-10-09T21:19:29.034+0300: 178.248: Total time for which application threads were stopped: 0.0248556 seconds, Stopping threads took: 0.0001434 seconds
2024-10-09T21:19:29.222+0300: 178.428: Application time: 0.1795021 seconds
2024-10-09T21:19:29.222+0300: 178.428: [GC (Allocation Failure) 2024-10-09T21:19:29.222+0300: 178.428: [ParNew: 453374K->51072K(460096K), 0.0260936 secs] 1247622K->859762K(4143232K), 0.0261789 secs] [Times: user=0.01 sys=0.00, real=0.02 secs] 
2024-10-09T21:19:29.238+0300: 178.454: Total time for which application threads were stopped: 0.0264271 seconds, Stopping threads took: 0.0001353 seconds
2024-10-09T21:19:29.413+0300: 178.617: Application time: 0.1633202 seconds
2024-10-09T21:19:29.413+0300: 178.617: [GC (Allocation Failure) 2024-10-09T21:19:29.413+0300: 178.618: [ParNew: 460096K->47659K(460096K), 0.0309491 secs] 1268786K->888638K(4143232K), 0.0310232 secs] [Times: user=0.03 sys=0.00, real=0.03 secs] 
2024-10-09T21:19:29.442+0300: 178.649: Total time for which application threads were stopped: 0.0312576 seconds, Stopping threads took: 0.0001214 seconds
2024-10-09T21:19:29.631+0300: 178.848: Application time: 0.1992471 seconds
2024-10-09T21:19:29.631+0300: 178.848: [GC (Allocation Failure) 2024-10-09T21:19:29.631+0300: 178.848: [ParNew: 456683K->51072K(460096K), 0.0251090 secs] 1297662K->908391K(4143232K), 0.0251965 secs] [Times: user=0.03 sys=0.00, real=0.03 secs] 
2024-10-09T21:19:29.662+0300: 178.873: Total time for which application threads were stopped: 0.0255334 seconds, Stopping threads took: 0.0002033 seconds
2024-10-09T21:19:29.851+0300: 179.054: Application time: 0.1804623 seconds
2024-10-09T21:19:29.851+0300: 179.054: [GC (Allocation Failure) 2024-10-09T21:19:29.851+0300: 179.054: [ParNew: 460096K->51072K(460096K), 0.0278590 secs] 1317415K->925423K(4143232K), 0.0279404 secs] [Times: user=0.01 sys=0.00, real=0.01 secs] 
2024-10-09T21:19:29.866+0300: 179.082: Total time for which application threads were stopped: 0.0282111 seconds, Stopping threads took: 0.0001567 seconds
2024-10-09T21:19:30.039+0300: 179.248: Application time: 0.1663653 seconds
2024-10-09T21:19:30.039+0300: 179.249: [GC (Allocation Failure) 2024-10-09T21:19:30.039+0300: 179.249: [ParNew: 460096K->51072K(460096K), 0.0268047 secs] 1334447K->949078K(4143232K), 0.0268869 secs] [Times: user=0.02 sys=0.00, real=0.03 secs] 
2024-10-09T21:19:30.070+0300: 179.276: Total time for which application threads were stopped: 0.0271898 seconds, Stopping threads took: 0.0001874 seconds
2024-10-09T21:19:30.259+0300: 179.470: Application time: 0.1940183 seconds
2024-10-09T21:19:30.259+0300: 179.470: [GC (Allocation Failure) 2024-10-09T21:19:30.259+0300: 179.470: [ParNew: 460096K->51072K(460096K), 0.0270656 secs] 1358102K->970344K(4143232K), 0.0271467 secs] [Times: user=0.03 sys=0.00, real=0.03 secs] 
2024-10-09T21:19:30.290+0300: 179.497: Total time for which application threads were stopped: 0.0273884 seconds, Stopping threads took: 0.0001221 seconds
2024-10-09T21:19:30.463+0300: 179.673: Application time: 0.1755408 seconds
2024-10-09T21:19:30.463+0300: 179.673: [GC (Allocation Failure) 2024-10-09T21:19:30.463+0300: 179.673: [ParNew: 460096K->51072K(460096K), 0.0314275 secs] 1379368K->995184K(4143232K), 0.0315233 secs] [Times: user=0.03 sys=0.00, real=0.03 secs] 
2024-10-09T21:19:30.494+0300: 179.704: Total time for which application threads were stopped: 0.0318352 seconds, Stopping threads took: 0.0001843 seconds
2024-10-09T21:19:30.667+0300: 179.883: Application time: 0.1784924 seconds
2024-10-09T21:19:30.667+0300: 179.883: [GC (Allocation Failure) 2024-10-09T21:19:30.667+0300: 179.883: [ParNew: 460096K->51072K(460096K), 0.0281435 secs] 1404208K->1020098K(4143232K), 0.0282280 secs] [Times: user=0.03 sys=0.00, real=0.03 secs] 
2024-10-09T21:19:30.698+0300: 179.911: Total time for which application threads were stopped: 0.0285086 seconds, Stopping threads took: 0.0001603 seconds
2024-10-09T21:19:30.887+0300: 180.099: Application time: 0.1878354 seconds
2024-10-09T21:19:30.887+0300: 180.099: [GC (Allocation Failure) 2024-10-09T21:19:30.887+0300: 180.099: [ParNew: 460096K->51072K(460096K), 0.0248614 secs] 1429122K->1037919K(4143232K), 0.0249523 secs] [Times: user=0.03 sys=0.00, real=0.03 secs] 
2024-10-09T21:19:30.918+0300: 180.124: Total time for which application threads were stopped: 0.0252425 seconds, Stopping threads took: 0.0001762 seconds
2024-10-09T21:19:31.091+0300: 180.302: Application time: 0.1777762 seconds
2024-10-09T21:19:31.091+0300: 180.302: [GC (Allocation Failure) 2024-10-09T21:19:31.091+0300: 180.303: [ParNew: 460096K->51072K(460096K), 0.0268458 secs] 1446943K->1055795K(4143232K), 0.0269253 secs] [Times: user=0.03 sys=0.00, real=0.03 secs] 
2024-10-09T21:19:31.123+0300: 180.329: Total time for which application threads were stopped: 0.0272031 seconds, Stopping threads took: 0.0001613 seconds
2024-10-09T21:19:31.295+0300: 180.502: Application time: 0.1726342 seconds
2024-10-09T21:19:31.295+0300: 180.502: [GC (Allocation Failure) 2024-10-09T21:19:31.295+0300: 180.502: [ParNew: 460096K->51072K(460096K), 0.0292796 secs] 1464819K->1081615K(4143232K), 0.0293649 secs] [Times: user=0.03 sys=0.00, real=0.03 secs] 
2024-10-09T21:19:31.327+0300: 180.532: Total time for which application threads were stopped: 0.0296374 seconds, Stopping threads took: 0.0001557 seconds
2024-10-09T21:19:31.499+0300: 180.715: Application time: 0.1833793 seconds
2024-10-09T21:19:31.499+0300: 180.715: [GC (Allocation Failure) 2024-10-09T21:19:31.499+0300: 180.715: [ParNew: 460096K->51072K(460096K), 0.0286911 secs] 1490639K->1101058K(4143232K), 0.0287869 secs] [Times: user=0.03 sys=0.00, real=0.03 secs] 
2024-10-09T21:19:31.531+0300: 180.744: Total time for which application threads were stopped: 0.0290885 seconds, Stopping threads took: 0.0001549 seconds
2024-10-09T21:19:31.720+0300: 180.925: Application time: 0.1810662 seconds
2024-10-09T21:19:31.720+0300: 180.925: [GC (Allocation Failure) 2024-10-09T21:19:31.720+0300: 180.925: [ParNew: 460096K->51072K(460096K), 0.0266730 secs] 1510082K->1119206K(4143232K), 0.0267531 secs] [Times: user=0.02 sys=0.00, real=0.01 secs] 
2024-10-09T21:19:31.735+0300: 180.952: Total time for which application threads were stopped: 0.0270007 seconds, Stopping threads took: 0.0001327 seconds
2024-10-09T21:19:31.924+0300: 181.128: Application time: 0.1760275 seconds
2024-10-09T21:19:31.924+0300: 181.129: [GC (Allocation Failure) 2024-10-09T21:19:31.924+0300: 181.129: [ParNew: 460096K->46759K(460096K), 0.0270924 secs] 1528230K->1139592K(4143232K), 0.0271756 secs] [Times: user=0.02 sys=0.00, real=0.01 secs] 
2024-10-09T21:19:31.939+0300: 181.156: Total time for which application threads were stopped: 0.0274494 seconds, Stopping threads took: 0.0001574 seconds
2024-10-09T21:19:32.128+0300: 181.342: Application time: 0.1863257 seconds
2024-10-09T21:19:32.128+0300: 181.342: [GC (Allocation Failure) 2024-10-09T21:19:32.128+0300: 181.342: [ParNew: 455783K->51072K(460096K), 0.0248034 secs] 1548616K->1160850K(4143232K), 0.0248874 secs] [Times: user=0.03 sys=0.00, real=0.03 secs] 
2024-10-09T21:19:32.159+0300: 181.367: Total time for which application threads were stopped: 0.0251544 seconds, Stopping threads took: 0.0001520 seconds
2024-10-09T21:19:32.332+0300: 181.542: Application time: 0.1747568 seconds
2024-10-09T21:19:32.332+0300: 181.542: [GC (Allocation Failure) 2024-10-09T21:19:32.332+0300: 181.542: [ParNew: 460096K->51072K(460096K), 0.0260810 secs] 1569874K->1176296K(4143232K), 0.0261696 secs] [Times: user=0.02 sys=0.00, real=0.03 secs] 
2024-10-09T21:19:32.363+0300: 181.568: Total time for which application threads were stopped: 0.0264214 seconds, Stopping threads took: 0.0001316 seconds
2024-10-09T21:19:32.539+0300: 181.743: Application time: 0.1741128 seconds
2024-10-09T21:19:32.539+0300: 181.743: [GC (Allocation Failure) 2024-10-09T21:19:32.539+0300: 181.743: [ParNew: 460096K->45099K(460096K), 0.0251694 secs] 1585320K->1188240K(4143232K), 0.0252741 secs] [Times: user=0.05 sys=0.00, real=0.03 secs] 
2024-10-09T21:19:32.565+0300: 181.768: Total time for which application threads were stopped: 0.0255335 seconds, Stopping threads took: 0.0001173 seconds
2024-10-09T21:19:32.740+0300: 181.958: Application time: 0.1896521 seconds
2024-10-09T21:19:32.740+0300: 181.958: [GC (Allocation Failure) 2024-10-09T21:19:32.740+0300: 181.958: [ParNew: 454123K->51072K(460096K), 0.0247515 secs] 1597264K->1212966K(4143232K), 0.0248329 secs] [Times: user=0.03 sys=0.00, real=0.03 secs] 
2024-10-09T21:19:32.771+0300: 181.983: Total time for which application threads were stopped: 0.0251219 seconds, Stopping threads took: 0.0001642 seconds
2024-10-09T21:19:32.944+0300: 182.158: Application time: 0.1753133 seconds
2024-10-09T21:19:32.944+0300: 182.158: [GC (Allocation Failure) 2024-10-09T21:19:32.944+0300: 182.158: [ParNew: 460096K->51072K(460096K), 0.0219056 secs] 1621990K->1221001K(4143232K), 0.0219907 secs] [Times: user=0.03 sys=0.00, real=0.03 secs] 
2024-10-09T21:19:32.975+0300: 182.180: Total time for which application threads were stopped: 0.0222906 seconds, Stopping threads took: 0.0001798 seconds
2024-10-09T21:19:33.147+0300: 182.356: Application time: 0.1757560 seconds
2024-10-09T21:19:33.147+0300: 182.356: [GC (Allocation Failure) 2024-10-09T21:19:33.147+0300: 182.356: [ParNew: 460096K->51072K(460096K), 0.0304237 secs] 1630025K->1250030K(4143232K), 0.0305088 secs] [Times: user=0.03 sys=0.00, real=0.03 secs] 
2024-10-09T21:19:33.178+0300: 182.387: Total time for which application threads were stopped: 0.0307711 seconds, Stopping threads took: 0.0001461 seconds
2024-10-09T21:19:33.351+0300: 182.569: Application time: 0.1818434 seconds
2024-10-09T21:19:33.351+0300: 182.569: [GC (Allocation Failure) 2024-10-09T21:19:33.351+0300: 182.569: [ParNew: 460096K->51072K(460096K), 0.0246999 secs] 1659054K->1265286K(4143232K), 0.0247864 secs] [Times: user=0.03 sys=0.00, real=0.03 secs] 
2024-10-09T21:19:33.382+0300: 182.594: Total time for which application threads were stopped: 0.0250360 seconds, Stopping threads took: 0.0001316 seconds
2024-10-09T21:19:33.570+0300: 182.777: Application time: 0.1835402 seconds
2024-10-09T21:19:33.570+0300: 182.778: [GC (Allocation Failure) 2024-10-09T21:19:33.570+0300: 182.778: [ParNew: 460096K->51072K(460096K), 0.0244331 secs] 1674310K->1277566K(4143232K), 0.0245205 secs] [Times: user=0.02 sys=0.00, real=0.02 secs] 
2024-10-09T21:19:33.585+0300: 182.802: Total time for which application threads were stopped: 0.0248304 seconds, Stopping threads took: 0.0001758 seconds
2024-10-09T21:19:33.758+0300: 182.972: Application time: 0.1692864 seconds
2024-10-09T21:19:33.758+0300: 182.972: [GC (Allocation Failure) 2024-10-09T21:19:33.758+0300: 182.972: [ParNew: 460096K->46675K(460096K), 0.0306194 secs] 1686590K->1303509K(4143232K), 0.0307177 secs] [Times: user=0.03 sys=0.00, real=0.03 secs] 
2024-10-09T21:19:33.789+0300: 183.003: Total time for which application threads were stopped: 0.0310464 seconds, Stopping threads took: 0.0001818 seconds
2024-10-09T21:19:33.978+0300: 183.187: Application time: 0.1840368 seconds
2024-10-09T21:19:33.978+0300: 183.187: [GC (Allocation Failure) 2024-10-09T21:19:33.978+0300: 183.187: [ParNew: 455699K->51072K(460096K), 0.0232358 secs] 1712533K->1321992K(4143232K), 0.0233194 secs] [Times: user=0.01 sys=0.00, real=0.02 secs] 
2024-10-09T21:19:33.993+0300: 183.210: Total time for which application threads were stopped: 0.0235676 seconds, Stopping threads took: 0.0001287 seconds
2024-10-09T21:19:34.182+0300: 183.400: Application time: 0.1894253 seconds
2024-10-09T21:19:34.182+0300: 183.400: [GC (Allocation Failure) 2024-10-09T21:19:34.182+0300: 183.400: [ParNew: 460096K->51072K(460096K), 0.0265827 secs] 1731016K->1336755K(4143232K), 0.0266683 secs] [Times: user=0.03 sys=0.00, real=0.03 secs] 
2024-10-09T21:19:34.213+0300: 183.427: Total time for which application threads were stopped: 0.0269295 seconds, Stopping threads took: 0.0001470 seconds
2024-10-09T21:19:34.386+0300: 183.593: Application time: 0.1668150 seconds
2024-10-09T21:19:34.386+0300: 183.594: [GC (Allocation Failure) 2024-10-09T21:19:34.386+0300: 183.594: [ParNew: 460096K->51072K(460096K), 0.0271586 secs] 1745779K->1361089K(4143232K), 0.0272473 secs] [Times: user=0.03 sys=0.00, real=0.03 secs] 
2024-10-09T21:19:34.417+0300: 183.621: Total time for which application threads were stopped: 0.0275159 seconds, Stopping threads took: 0.0001506 seconds
2024-10-09T21:19:34.605+0300: 183.814: Application time: 0.1932901 seconds
2024-10-09T21:19:34.605+0300: 183.814: [GC (Allocation Failure) 2024-10-09T21:19:34.605+0300: 183.814: [ParNew: 460096K->51055K(460096K), 0.0260441 secs] 1770113K->1380825K(4143232K), 0.0261280 secs] [Times: user=0.05 sys=0.00, real=0.03 secs] 
2024-10-09T21:19:34.637+0300: 183.841: Total time for which application threads were stopped: 0.0263982 seconds, Stopping threads took: 0.0001310 seconds
2024-10-09T21:19:34.810+0300: 184.024: Application time: 0.1830287 seconds
2024-10-09T21:19:34.810+0300: 184.024: [GC (Allocation Failure) 2024-10-09T21:19:34.810+0300: 184.024: [ParNew: 460079K->51072K(460096K), 0.0248757 secs] 1789849K->1394795K(4143232K), 0.0249653 secs] [Times: user=0.03 sys=0.00, real=0.03 secs] 
2024-10-09T21:19:34.841+0300: 184.049: Total time for which application threads were stopped: 0.0252091 seconds, Stopping threads took: 0.0001288 seconds
2024-10-09T21:19:35.014+0300: 184.217: Application time: 0.1681632 seconds
2024-10-09T21:19:35.014+0300: 184.217: [GC (Allocation Failure) 2024-10-09T21:19:35.014+0300: 184.217: [ParNew: 460096K->51072K(460096K), 0.0257057 secs] 1803819K->1411926K(4143232K), 0.0258113 secs] [Times: user=0.01 sys=0.00, real=0.02 secs] 
2024-10-09T21:19:35.030+0300: 184.243: Total time for which application threads were stopped: 0.0260920 seconds, Stopping threads took: 0.0001247 seconds
2024-10-09T21:19:35.218+0300: 184.427: Application time: 0.1836022 seconds
2024-10-09T21:19:35.218+0300: 184.427: [GC (Allocation Failure) 2024-10-09T21:19:35.218+0300: 184.427: [ParNew: 460096K->48624K(460096K), 0.0280936 secs] 1820950K->1433935K(4143232K), 0.0281782 secs] [Times: user=0.02 sys=0.00, real=0.03 secs] 
2024-10-09T21:19:35.250+0300: 184.455: Total time for which application threads were stopped: 0.0284432 seconds, Stopping threads took: 0.0001534 seconds
2024-10-09T21:19:35.427+0300: 184.640: Application time: 0.1846002 seconds
2024-10-09T21:19:35.427+0300: 184.640: [GC (Allocation Failure) 2024-10-09T21:19:35.427+0300: 184.640: [ParNew: 457648K->51072K(460096K), 0.0256961 secs] 1842959K->1452624K(4143232K), 0.0257820 secs] [Times: user=0.03 sys=0.00, real=0.03 secs] 
2024-10-09T21:19:35.454+0300: 184.666: Total time for which application threads were stopped: 0.0260450 seconds, Stopping threads took: 0.0001491 seconds
2024-10-09T21:19:35.628+0300: 184.840: Application time: 0.1739055 seconds
2024-10-09T21:19:35.628+0300: 184.840: [GC (Allocation Failure) 2024-10-09T21:19:35.628+0300: 184.840: [ParNew: 460096K->51072K(460096K), 0.0279589 secs] 1861648K->1473351K(4143232K), 0.0280508 secs] [Times: user=0.03 sys=0.00, real=0.03 secs] 
2024-10-09T21:19:35.658+0300: 184.868: Total time for which application threads were stopped: 0.0283558 seconds, Stopping threads took: 0.0001736 seconds
2024-10-09T21:19:35.830+0300: 185.047: Application time: 0.1790480 seconds
2024-10-09T21:19:35.830+0300: 185.047: [GC (Allocation Failure) 2024-10-09T21:19:35.830+0300: 185.047: [ParNew: 460096K->49672K(460096K), 0.0277208 secs] 1882375K->1496324K(4143232K), 0.0278087 secs] [Times: user=0.03 sys=0.00, real=0.03 secs] 
2024-10-09T21:19:35.862+0300: 185.075: Total time for which application threads were stopped: 0.0280636 seconds, Stopping threads took: 0.0001405 seconds
2024-10-09T21:19:36.050+0300: 185.257: Application time: 0.1822997 seconds
2024-10-09T21:19:36.050+0300: 185.258: [GC (Allocation Failure) 2024-10-09T21:19:36.050+0300: 185.258: [ParNew: 458696K->50237K(460096K), 0.0240684 secs] 1905348K->1511465K(4143232K), 0.0241541 secs] [Times: user=0.01 sys=0.00, real=0.02 secs] 
2024-10-09T21:19:36.065+0300: 185.282: Total time for which application threads were stopped: 0.0244208 seconds, Stopping threads took: 0.0001204 seconds
2024-10-09T21:19:36.254+0300: 185.458: Application time: 0.1761767 seconds
2024-10-09T21:19:36.254+0300: 185.458: [GC (Allocation Failure) 2024-10-09T21:19:36.254+0300: 185.460: [ParNew: 459261K->51072K(460096K), 0.0242888 secs] 1920489K->1525632K(4143232K), 0.0265416 secs] [Times: user=0.02 sys=0.00, real=0.02 secs] 
2024-10-09T21:19:36.269+0300: 185.485: Total time for which application threads were stopped: 0.0267831 seconds, Stopping threads took: 0.0001251 seconds
2024-10-09T21:19:36.458+0300: 185.662: Application time: 0.1773881 seconds
2024-10-09T21:19:36.458+0300: 185.662: [GC (Allocation Failure) 2024-10-09T21:19:36.458+0300: 185.662: [ParNew: 460096K->51072K(460096K), 0.0288354 secs] 1934656K->1553079K(4143232K), 0.0289225 secs] [Times: user=0.01 sys=0.00, real=0.02 secs] 
2024-10-09T21:19:36.474+0300: 185.691: Total time for which application threads were stopped: 0.0291452 seconds, Stopping threads took: 0.0001029 seconds
2024-10-09T21:19:36.662+0300: 185.876: Application time: 0.1841301 seconds
2024-10-09T21:19:36.662+0300: 185.876: [GC (Allocation Failure) 2024-10-09T21:19:36.662+0300: 185.876: [ParNew: 460096K->51072K(460096K), 0.0230203 secs] 1962103K->1562333K(4143232K), 0.0231059 secs] [Times: user=0.06 sys=0.00, real=0.03 secs] 
2024-10-09T21:19:36.693+0300: 185.899: Total time for which application threads were stopped: 0.0234462 seconds, Stopping threads took: 0.0001907 seconds
2024-10-09T21:19:36.866+0300: 186.078: Application time: 0.1791312 seconds
2024-10-09T21:19:36.866+0300: 186.078: [GC (Allocation Failure) 2024-10-09T21:19:36.866+0300: 186.078: [ParNew: 460096K->51072K(460096K), 0.0305723 secs] 1971357K->1589458K(4143232K), 0.0306616 secs] [Times: user=0.03 sys=0.00, real=0.03 secs] 
2024-10-09T21:19:36.897+0300: 186.109: Total time for which application threads were stopped: 0.0308724 seconds, Stopping threads took: 0.0000979 seconds
2024-10-09T21:19:37.086+0300: 186.290: Application time: 0.1810779 seconds
2024-10-09T21:19:37.086+0300: 186.290: [GC (Allocation Failure) 2024-10-09T21:19:37.086+0300: 186.290: [ParNew: 460096K->51072K(460096K), 0.0275689 secs] 1998482K->1610960K(4143232K), 0.0276652 secs] [Times: user=0.01 sys=0.00, real=0.02 secs] 
2024-10-09T21:19:37.102+0300: 186.318: Total time for which application threads were stopped: 0.0279386 seconds, Stopping threads took: 0.0001407 seconds
2024-10-09T21:19:37.290+0300: 186.498: Application time: 0.1799597 seconds
2024-10-09T21:19:37.290+0300: 186.498: [GC (Allocation Failure) 2024-10-09T21:19:37.290+0300: 186.498: [ParNew: 460096K->51072K(460096K), 0.0216665 secs] 2019984K->1620523K(4143232K), 0.0217463 secs] [Times: user=0.02 sys=0.00, real=0.02 secs] 
2024-10-09T21:19:37.306+0300: 186.520: Total time for which application threads were stopped: 0.0220331 seconds, Stopping threads took: 0.0001716 seconds
2024-10-09T21:19:37.494+0300: 186.701: Application time: 0.1807164 seconds
2024-10-09T21:19:37.494+0300: 186.701: [GC (Allocation Failure) 2024-10-09T21:19:37.494+0300: 186.701: [ParNew: 460096K->51072K(460096K), 0.0336842 secs] 2029547K->1650236K(4143232K), 0.0337727 secs] [Times: user=0.03 sys=0.00, real=0.03 secs] 
2024-10-09T21:19:37.525+0300: 186.735: Total time for which application threads were stopped: 0.0340352 seconds, Stopping threads took: 0.0001416 seconds
2024-10-09T21:19:37.713+0300: 186.921: Application time: 0.1865463 seconds
2024-10-09T21:19:37.713+0300: 186.922: [GC (Allocation Failure) 2024-10-09T21:19:37.713+0300: 186.922: [ParNew: 460096K->51072K(460096K), 0.0278811 secs] 2059260K->1673782K(4143232K), 0.0279648 secs] [Times: user=0.03 sys=0.00, real=0.03 secs] 
2024-10-09T21:19:37.745+0300: 186.950: Total time for which application threads were stopped: 0.0282352 seconds, Stopping threads took: 0.0001562 seconds
2024-10-09T21:19:37.917+0300: 187.129: Application time: 0.1792757 seconds
2024-10-09T21:19:37.917+0300: 187.129: [GC (Allocation Failure) 2024-10-09T21:19:37.917+0300: 187.129: [ParNew: 460096K->51072K(460096K), 0.0277644 secs] 2082806K->1693302K(4143232K), 0.0278513 secs] [Times: user=0.03 sys=0.00, real=0.03 secs] 
2024-10-09T21:19:37.949+0300: 187.157: Total time for which application threads were stopped: 0.0281068 seconds, Stopping threads took: 0.0001379 seconds
2024-10-09T21:19:38.121+0300: 187.335: Application time: 0.1784288 seconds
2024-10-09T21:19:38.121+0300: 187.336: [GC (Allocation Failure) 2024-10-09T21:19:38.121+0300: 187.336: [ParNew: 460096K->51072K(460096K), 0.0315700 secs] 2102326K->1724818K(4143232K), 0.0316547 secs] [Times: user=0.03 sys=0.00, real=0.03 secs] 
2024-10-09T21:19:38.153+0300: 187.367: Total time for which application threads were stopped: 0.0319158 seconds, Stopping threads took: 0.0001450 seconds
2024-10-09T21:19:38.342+0300: 187.552: Application time: 0.1852341 seconds
2024-10-09T21:19:38.342+0300: 187.553: [GC (Allocation Failure) 2024-10-09T21:19:38.342+0300: 187.553: [ParNew: 460096K->51072K(460096K), 0.0252039 secs] 2133842K->1744054K(4143232K), 0.0252949 secs] [Times: user=0.03 sys=0.00, real=0.03 secs] 
2024-10-09T21:19:38.373+0300: 187.578: Total time for which application threads were stopped: 0.0256447 seconds, Stopping threads took: 0.0002225 seconds
2024-10-09T21:19:38.546+0300: 187.763: Application time: 0.1851058 seconds
2024-10-09T21:19:38.546+0300: 187.764: [GC (Allocation Failure) 2024-10-09T21:19:38.546+0300: 187.764: [ParNew: 460096K->51072K(460096K), 0.0260314 secs] 2153078K->1755344K(4143232K), 0.0261197 secs] [Times: user=0.06 sys=0.00, real=0.03 secs] 
2024-10-09T21:19:38.577+0300: 187.790: Total time for which application threads were stopped: 0.0264157 seconds, Stopping threads took: 0.0001544 seconds
2024-10-09T21:19:38.750+0300: 187.964: Application time: 0.1741168 seconds
2024-10-09T21:19:38.750+0300: 187.964: [GC (Allocation Failure) 2024-10-09T21:19:38.750+0300: 187.964: [ParNew: 460096K->49224K(460096K), 0.0329674 secs] 2164368K->1790701K(4143232K), 0.0330539 secs] [Times: user=0.03 sys=0.00, real=0.03 secs] 
2024-10-09T21:19:38.781+0300: 187.997: Total time for which application threads were stopped: 0.0333357 seconds, Stopping threads took: 0.0001671 seconds
2024-10-09T21:19:38.969+0300: 188.183: Application time: 0.1859824 seconds
2024-10-09T21:19:38.969+0300: 188.183: [GC (Allocation Failure) 2024-10-09T21:19:38.969+0300: 188.183: [ParNew: 458248K->41398K(460096K), 0.0252725 secs] 2199725K->1800983K(4143232K), 0.0253575 secs] [Times: user=0.03 sys=0.00, real=0.03 secs] 
2024-10-09T21:19:39.000+0300: 188.209: Total time for which application threads were stopped: 0.0256071 seconds, Stopping threads took: 0.0001342 seconds
2024-10-09T21:19:39.173+0300: 188.388: Application time: 0.1794065 seconds
2024-10-09T21:19:39.173+0300: 188.388: [GC (Allocation Failure) 2024-10-09T21:19:39.173+0300: 188.388: [ParNew: 450422K->51072K(460096K), 0.0255143 secs] 2210007K->1817957K(4143232K), 0.0256063 secs] [Times: user=0.03 sys=0.00, real=0.03 secs] 
2024-10-09T21:19:39.205+0300: 188.414: Total time for which application threads were stopped: 0.0259068 seconds, Stopping threads took: 0.0001708 seconds
2024-10-09T21:19:39.378+0300: 188.581: Application time: 0.1669311 seconds
2024-10-09T21:19:39.378+0300: 188.581: [GC (Allocation Failure) 2024-10-09T21:19:39.378+0300: 188.581: [ParNew: 460096K->48472K(460096K), 0.0263211 secs] 2226981K->1838311K(4143232K), 0.0264062 secs] [Times: user=0.03 sys=0.00, real=0.01 secs] 
2024-10-09T21:19:39.393+0300: 188.608: Total time for which application threads were stopped: 0.0266440 seconds, Stopping threads took: 0.0001212 seconds
2024-10-09T21:19:39.597+0300: 188.801: Application time: 0.1931687 seconds
2024-10-09T21:19:39.597+0300: 188.801: [GC (Allocation Failure) 2024-10-09T21:19:39.597+0300: 188.801: [ParNew: 457496K->51072K(460096K), 0.0249630 secs] 2247335K->1855880K(4143232K), 0.0250484 secs] [Times: user=0.02 sys=0.00, real=0.02 secs] 
2024-10-09T21:19:39.613+0300: 188.826: Total time for which application threads were stopped: 0.0253351 seconds, Stopping threads took: 0.0001378 seconds
2024-10-09T21:19:39.801+0300: 189.010: Application time: 0.1839726 seconds
2024-10-09T21:19:39.801+0300: 189.010: [GC (Allocation Failure) 2024-10-09T21:19:39.801+0300: 189.010: [ParNew: 460096K->51072K(460096K), 0.0256726 secs] 2264904K->1869624K(4143232K), 0.0257734 secs] [Times: user=0.02 sys=0.00, real=0.03 secs] 
2024-10-09T21:19:39.833+0300: 189.036: Total time for which application threads were stopped: 0.0260285 seconds, Stopping threads took: 0.0001311 seconds
2024-10-09T21:19:39.990+0300: 189.203: Application time: 0.1668096 seconds
2024-10-09T21:19:39.990+0300: 189.203: [GC (Allocation Failure) 2024-10-09T21:19:39.990+0300: 189.203: [ParNew: 460096K->51072K(460096K), 0.0337590 secs] 2278648K->1906242K(4143232K), 0.0338483 secs] [Times: user=0.03 sys=0.00, real=0.03 secs] 
2024-10-09T21:19:40.021+0300: 189.237: Total time for which application threads were stopped: 0.0341031 seconds, Stopping threads took: 0.0001259 seconds
2024-10-09T21:19:40.225+0300: 189.432: Application time: 0.1951211 seconds
2024-10-09T21:19:40.225+0300: 189.432: [GC (Allocation Failure) 2024-10-09T21:19:40.225+0300: 189.432: [ParNew: 460096K->49267K(460096K), 0.0245332 secs] 2315266K->1921056K(4143232K), 0.0246215 secs] [Times: user=0.01 sys=0.00, real=0.02 secs] 
2024-10-09T21:19:40.241+0300: 189.457: Total time for which application threads were stopped: 0.0248646 seconds, Stopping threads took: 0.0001250 seconds
2024-10-09T21:19:40.429+0300: 189.635: Application time: 0.1783731 seconds
2024-10-09T21:19:40.429+0300: 189.636: [GC (Allocation Failure) 2024-10-09T21:19:40.429+0300: 189.636: [ParNew: 458291K->51072K(460096K), 0.0249711 secs] 2330080K->1937248K(4143232K), 0.0250664 secs] [Times: user=0.03 sys=0.00, real=0.03 secs] 
2024-10-09T21:19:40.456+0300: 189.661: Total time for which application threads were stopped: 0.0253305 seconds, Stopping threads took: 0.0001465 seconds
2024-10-09T21:19:40.618+0300: 189.830: Application time: 0.1691735 seconds
2024-10-09T21:19:40.618+0300: 189.830: [GC (Allocation Failure) 2024-10-09T21:19:40.618+0300: 189.830: [ParNew: 460096K->45034K(460096K), 0.0280912 secs] 2346272K->1956846K(4143232K), 0.0281821 secs] [Times: user=0.03 sys=0.00, real=0.03 secs] 
2024-10-09T21:19:40.649+0300: 189.858: Total time for which application threads were stopped: 0.0285507 seconds, Stopping threads took: 0.0002158 seconds
2024-10-09T21:19:40.839+0300: 190.055: Application time: 0.1963432 seconds
2024-10-09T21:19:40.839+0300: 190.055: [GC (Allocation Failure) 2024-10-09T21:19:40.839+0300: 190.055: [ParNew: 454058K->51072K(460096K), 0.0248444 secs] 2365870K->1981397K(4143232K), 0.0249299 secs] [Times: user=0.03 sys=0.00, real=0.03 secs] 
2024-10-09T21:19:40.869+0300: 190.080: Total time for which application threads were stopped: 0.0252025 seconds, Stopping threads took: 0.0001525 seconds
2024-10-09T21:19:41.042+0300: 190.260: Application time: 0.1796486 seconds
2024-10-09T21:19:41.042+0300: 190.260: [GC (Allocation Failure) 2024-10-09T21:19:41.042+0300: 190.260: [ParNew: 460096K->51072K(460096K), 0.0261768 secs] 2390421K->1992194K(4143232K), 0.0262631 secs] [Times: user=0.03 sys=0.00, real=0.03 secs] 
2024-10-09T21:19:41.073+0300: 190.286: Total time for which application threads were stopped: 0.0265187 seconds, Stopping threads took: 0.0001384 seconds
2024-10-09T21:19:41.239+0300: 190.446: Application time: 0.1598010 seconds
2024-10-09T21:19:41.239+0300: 190.446: [GC (Allocation Failure) 2024-10-09T21:19:41.239+0300: 190.446: [ParNew: 460096K->51018K(460096K), 0.0304707 secs] 2401218K->2024803K(4143232K), 0.0305512 secs] [Times: user=0.03 sys=0.00, real=0.03 secs] 
2024-10-09T21:19:41.274+0300: 190.477: Total time for which application threads were stopped: 0.0308183 seconds, Stopping threads took: 0.0001500 seconds
2024-10-09T21:19:41.466+0300: 190.674: Application time: 0.1973526 seconds
2024-10-09T21:19:41.466+0300: 190.674: [GC (Allocation Failure) 2024-10-09T21:19:41.466+0300: 190.674: [ParNew: 460042K->41780K(460096K), 0.0250920 secs] 2433827K->2036005K(4143232K), 0.0251851 secs] [Times: user=0.01 sys=0.00, real=0.01 secs] 
2024-10-09T21:19:41.481+0300: 190.700: Total time for which application threads were stopped: 0.0254429 seconds, Stopping threads took: 0.0001389 seconds
2024-10-09T21:19:41.685+0300: 190.893: Application time: 0.1932463 seconds
2024-10-09T21:19:41.685+0300: 190.893: [GC (Allocation Failure) 2024-10-09T21:19:41.685+0300: 190.893: [ParNew: 450804K->51072K(460096K), 0.0239523 secs] 2445029K->2050865K(4143232K), 0.0240370 secs] [Times: user=0.01 sys=0.00, real=0.02 secs] 
2024-10-09T21:19:41.701+0300: 190.917: Total time for which application threads were stopped: 0.0243835 seconds, Stopping threads took: 0.0002150 seconds
2024-10-09T21:19:41.858+0300: 191.073: Application time: 0.1561557 seconds
2024-10-09T21:19:41.858+0300: 191.074: [GC (Allocation Failure) 2024-10-09T21:19:41.858+0300: 191.074: [ParNew: 460096K->44641K(460096K), 0.0267035 secs] 2459889K->2071692K(4143232K), 0.0267917 secs] [Times: user=0.03 sys=0.00, real=0.03 secs] 
2024-10-09T21:19:41.889+0300: 191.101: Total time for which application threads were stopped: 0.0270953 seconds, Stopping threads took: 0.0001856 seconds
2024-10-09T21:19:42.093+0300: 191.297: Application time: 0.1966914 seconds
2024-10-09T21:19:42.093+0300: 191.297: [GC (Allocation Failure) 2024-10-09T21:19:42.093+0300: 191.297: [ParNew: 453665K->51072K(460096K), 0.0216977 secs] 2480716K->2080318K(4143232K), 0.0217711 secs] [Times: user=0.01 sys=0.00, real=0.02 secs] 
2024-10-09T21:19:42.109+0300: 191.319: Total time for which application threads were stopped: 0.0220271 seconds, Stopping threads took: 0.0001392 seconds
2024-10-09T21:19:42.297+0300: 191.511: Application time: 0.1918810 seconds
2024-10-09T21:19:42.297+0300: 191.511: [GC (Allocation Failure) 2024-10-09T21:19:42.297+0300: 191.511: [ParNew: 460096K->51072K(460096K), 0.0334689 secs] 2489342K->2103441K(4143232K), 0.0335619 secs] [Times: user=0.03 sys=0.00, real=0.05 secs] 
2024-10-09T21:19:42.342+0300: 191.545: Total time for which application threads were stopped: 0.0337930 seconds, Stopping threads took: 0.0001091 seconds
2024-10-09T21:19:42.486+0300: 191.702: Application time: 0.1574165 seconds
2024-10-09T21:19:42.486+0300: 191.703: [GC (Allocation Failure) 2024-10-09T21:19:42.486+0300: 191.703: [ParNew: 460096K->45159K(460096K), 0.0324611 secs] 2512465K->2134232K(4143232K), 0.0325511 secs] [Times: user=0.03 sys=0.00, real=0.03 secs] 
2024-10-09T21:19:42.517+0300: 191.735: Total time for which application threads were stopped: 0.0328183 seconds, Stopping threads took: 0.0001502 seconds
2024-10-09T21:19:42.720+0300: 191.937: Application time: 0.2013626 seconds
2024-10-09T21:19:42.720+0300: 191.937: [GC (Allocation Failure) 2024-10-09T21:19:42.720+0300: 191.937: [ParNew: 454183K->46231K(460096K), 0.0251353 secs] 2543256K->2153320K(4143232K), 0.0252352 secs] [Times: user=0.03 sys=0.00, real=0.03 secs] 
2024-10-09T21:19:42.752+0300: 191.962: Total time for which application threads were stopped: 0.0255094 seconds, Stopping threads took: 0.0001308 seconds
2024-10-09T21:19:42.940+0300: 192.145: Application time: 0.1825240 seconds
2024-10-09T21:19:42.940+0300: 192.145: [GC (Allocation Failure) 2024-10-09T21:19:42.940+0300: 192.145: [ParNew: 455255K->51072K(460096K), 0.0247540 secs] 2562344K->2168411K(4143232K), 0.0248392 secs] [Times: user=0.02 sys=0.00, real=0.02 secs] 
2024-10-09T21:19:42.956+0300: 192.170: Total time for which application threads were stopped: 0.0251022 seconds, Stopping threads took: 0.0001429 seconds
2024-10-09T21:19:43.128+0300: 192.332: Application time: 0.1620562 seconds
2024-10-09T21:19:43.128+0300: 192.332: [GC (Allocation Failure) 2024-10-09T21:19:43.128+0300: 192.332: [ParNew: 460096K->42782K(460096K), 0.0328046 secs] 2577435K->2196759K(4143232K), 0.0328921 secs] [Times: user=0.03 sys=0.00, real=0.03 secs] 
2024-10-09T21:19:43.160+0300: 192.365: Total time for which application threads were stopped: 0.0331466 seconds, Stopping threads took: 0.0001399 seconds
2024-10-09T21:19:43.348+0300: 192.557: Application time: 0.1924873 seconds
2024-10-09T21:19:43.348+0300: 192.558: [GC (Allocation Failure) 2024-10-09T21:19:43.348+0300: 192.558: [ParNew: 451806K->47323K(460096K), 0.0280961 secs] 2605783K->2223536K(4143232K), 0.0282012 secs] [Times: user=0.06 sys=0.00, real=0.03 secs] 
2024-10-09T21:19:43.380+0300: 192.586: Total time for which application threads were stopped: 0.0284812 seconds, Stopping threads took: 0.0001498 seconds
2024-10-09T21:19:43.568+0300: 192.773: Application time: 0.1868407 seconds
2024-10-09T21:19:43.568+0300: 192.773: [GC (Allocation Failure) 2024-10-09T21:19:43.568+0300: 192.773: [ParNew: 456347K->51072K(460096K), 0.0256313 secs] 2632560K->2236444K(4143232K), 0.0257238 secs] [Times: user=0.00 sys=0.00, real=0.02 secs] 
2024-10-09T21:19:43.584+0300: 192.799: Total time for which application threads were stopped: 0.0259894 seconds, Stopping threads took: 0.0001385 seconds
2024-10-09T21:19:43.756+0300: 192.961: Application time: 0.1618937 seconds
2024-10-09T21:19:43.756+0300: 192.961: [GC (Allocation Failure) 2024-10-09T21:19:43.756+0300: 192.961: [ParNew: 460096K->51072K(460096K), 0.0316833 secs] 2645468K->2272689K(4143232K), 0.0317680 secs] [Times: user=0.02 sys=0.00, real=0.03 secs] 
2024-10-09T21:19:43.788+0300: 192.993: Total time for which application threads were stopped: 0.0320294 seconds, Stopping threads took: 0.0001453 seconds
2024-10-09T21:19:43.976+0300: 193.185: Application time: 0.1920061 seconds
2024-10-09T21:19:43.976+0300: 193.185: [GC (Allocation Failure) 2024-10-09T21:19:43.976+0300: 193.185: [ParNew: 460096K->49424K(460096K), 0.0235008 secs] 2681713K->2285725K(4143232K), 0.0235855 secs] [Times: user=0.03 sys=0.00, real=0.03 secs] 
2024-10-09T21:19:44.005+0300: 193.208: Total time for which application threads were stopped: 0.0238489 seconds, Stopping threads took: 0.0001483 seconds
2024-10-09T21:19:44.181+0300: 193.395: Application time: 0.1865644 seconds
2024-10-09T21:19:44.181+0300: 193.395: [GC (Allocation Failure) 2024-10-09T21:19:44.181+0300: 193.395: [ParNew: 458448K->51072K(460096K), 0.0253987 secs] 2694749K->2297364K(4143232K), 0.0254826 secs] [Times: user=0.03 sys=0.00, real=0.03 secs] 
2024-10-09T21:19:44.212+0300: 193.421: Total time for which application threads were stopped: 0.0257749 seconds, Stopping threads took: 0.0001656 seconds
2024-10-09T21:19:44.385+0300: 193.593: Application time: 0.1719198 seconds
2024-10-09T21:19:44.385+0300: 193.593: [GC (Allocation Failure) 2024-10-09T21:19:44.385+0300: 193.593: [ParNew: 460096K->50850K(460096K), 0.0301875 secs] 2706388K->2327942K(4143232K), 0.0302771 secs] [Times: user=0.06 sys=0.00, real=0.03 secs] 
2024-10-09T21:19:44.416+0300: 193.623: Total time for which application threads were stopped: 0.0305668 seconds, Stopping threads took: 0.0001681 seconds
2024-10-09T21:19:44.604+0300: 193.812: Application time: 0.1887324 seconds
2024-10-09T21:19:44.604+0300: 193.812: [GC (Allocation Failure) 2024-10-09T21:19:44.604+0300: 193.812: [ParNew: 459874K->51072K(460096K), 0.0233778 secs] 2736966K->2339169K(4143232K), 0.0234672 secs] [Times: user=0.02 sys=0.00, real=0.02 secs] 
2024-10-09T21:19:44.620+0300: 193.836: Total time for which application threads were stopped: 0.0237337 seconds, Stopping threads took: 0.0001428 seconds
2024-10-09T21:19:44.809+0300: 194.019: Application time: 0.1834721 seconds
2024-10-09T21:19:44.809+0300: 194.019: [GC (Allocation Failure) 2024-10-09T21:19:44.809+0300: 194.019: [ParNew: 460096K->51072K(460096K), 0.0294013 secs] 2748193K->2361346K(4143232K), 0.0294897 secs] [Times: user=0.03 sys=0.00, real=0.03 secs] 
2024-10-09T21:19:44.840+0300: 194.049: Total time for which application threads were stopped: 0.0297659 seconds, Stopping threads took: 0.0001554 seconds
2024-10-09T21:19:44.997+0300: 194.212: Application time: 0.1630344 seconds
2024-10-09T21:19:44.997+0300: 194.212: [GC (Allocation Failure) 2024-10-09T21:19:44.997+0300: 194.212: [ParNew: 460096K->51072K(460096K), 0.0230991 secs] 2770370K->2375012K(4143232K), 0.0231849 secs] [Times: user=0.03 sys=0.00, real=0.03 secs] 
2024-10-09T21:19:45.028+0300: 194.236: Total time for which application threads were stopped: 0.0235279 seconds, Stopping threads took: 0.0002171 seconds
2024-10-09T21:19:45.217+0300: 194.424: Application time: 0.1882820 seconds
2024-10-09T21:19:45.217+0300: 194.424: [GC (Allocation Failure) 2024-10-09T21:19:45.217+0300: 194.424: [ParNew: 460096K->51072K(460096K), 0.0258114 secs] 2784036K->2394383K(4143232K), 0.0258939 secs] [Times: user=0.02 sys=0.00, real=0.02 secs] 
2024-10-09T21:19:45.232+0300: 194.450: Total time for which application threads were stopped: 0.0261254 seconds, Stopping threads took: 0.0001217 seconds
2024-10-09T21:19:45.420+0300: 194.633: Application time: 0.1828454 seconds
2024-10-09T21:19:45.420+0300: 194.633: [GC (Allocation Failure) 2024-10-09T21:19:45.420+0300: 194.633: [ParNew: 460096K->48385K(460096K), 0.0266476 secs] 2803407K->2410727K(4143232K), 0.0267371 secs] [Times: user=0.03 sys=0.00, real=0.03 secs] 
2024-10-09T21:19:45.452+0300: 194.660: Total time for which application threads were stopped: 0.0269918 seconds, Stopping threads took: 0.0001373 seconds
2024-10-09T21:19:45.624+0300: 194.832: Application time: 0.1722013 seconds
2024-10-09T21:19:45.624+0300: 194.832: [GC (Allocation Failure) 2024-10-09T21:19:45.624+0300: 194.832: [ParNew: 457409K->51072K(460096K), 0.0227917 secs] 2819751K->2424535K(4143232K), 0.0228830 secs] [Times: user=0.06 sys=0.00, real=0.02 secs] 
2024-10-09T21:19:45.649+0300: 194.855: Total time for which application threads were stopped: 0.0231684 seconds, Stopping threads took: 0.0001540 seconds
2024-10-09T21:19:45.813+0300: 195.031: Application time: 0.1754458 seconds
2024-10-09T21:19:45.813+0300: 195.031: [GC (Allocation Failure) 2024-10-09T21:19:45.813+0300: 195.031: [ParNew: 460096K->51072K(460096K), 0.0292342 secs] 2833559K->2448988K(4143232K), 0.0293248 secs] [Times: user=0.03 sys=0.00, real=0.04 secs] 
2024-10-09T21:19:45.849+0300: 195.060: Total time for which application threads were stopped: 0.0295688 seconds, Stopping threads took: 0.0001293 seconds
2024-10-09T21:19:46.033+0300: 195.250: Application time: 0.1893578 seconds
2024-10-09T21:19:46.033+0300: 195.250: [GC (Allocation Failure) 2024-10-09T21:19:46.033+0300: 195.250: [ParNew: 460096K->51072K(460096K), 0.0290189 secs] 2858012K->2473278K(4143232K), 0.0291115 secs] [Times: user=0.03 sys=0.00, real=0.03 secs] 
2024-10-09T21:19:46.064+0300: 195.279: Total time for which application threads were stopped: 0.0294096 seconds, Stopping threads took: 0.0001606 seconds
2024-10-09T21:19:46.250+0300: 195.455: Application time: 0.1762464 seconds
2024-10-09T21:19:46.250+0300: 195.455: [GC (Allocation Failure) 2024-10-09T21:19:46.250+0300: 195.456: [ParNew: 460096K->51072K(460096K), 0.0216640 secs] 2882302K->2482789K(4143232K), 0.0217472 secs] [Times: user=0.02 sys=0.00, real=0.02 secs] 
2024-10-09T21:19:46.268+0300: 195.477: Total time for which application threads were stopped: 0.0220305 seconds, Stopping threads took: 0.0001676 seconds
2024-10-09T21:19:46.441+0300: 195.653: Application time: 0.1754644 seconds
2024-10-09T21:19:46.441+0300: 195.653: [GC (Allocation Failure) 2024-10-09T21:19:46.441+0300: 195.653: [ParNew: 460096K->51072K(460096K), 0.0304385 secs] 2891813K->2510602K(4143232K), 0.0305217 secs] [Times: user=0.03 sys=0.00, real=0.03 secs] 
2024-10-09T21:19:46.473+0300: 195.684: Total time for which application threads were stopped: 0.0307902 seconds, Stopping threads took: 0.0001535 seconds
2024-10-09T21:19:46.661+0300: 195.872: Application time: 0.1883990 seconds
2024-10-09T21:19:46.661+0300: 195.872: [GC (Allocation Failure) 2024-10-09T21:19:46.661+0300: 195.872: [ParNew: 460096K->51072K(460096K), 0.0274590 secs] 2919626K->2532101K(4143232K), 0.0275617 secs] [Times: user=0.03 sys=0.00, real=0.03 secs] 
2024-10-09T21:19:46.692+0300: 195.900: Total time for which application threads were stopped: 0.0279084 seconds, Stopping threads took: 0.0002063 seconds
2024-10-09T21:19:46.865+0300: 196.078: Application time: 0.1781348 seconds
2024-10-09T21:19:46.865+0300: 196.078: [GC (Allocation Failure) 2024-10-09T21:19:46.865+0300: 196.078: [ParNew: 460096K->51072K(460096K), 0.0244862 secs] 2941125K->2548393K(4143232K), 0.0245726 secs] [Times: user=0.03 sys=0.00, real=0.03 secs] 
2024-10-09T21:19:46.896+0300: 196.103: Total time for which application threads were stopped: 0.0248502 seconds, Stopping threads took: 0.0001632 seconds
2024-10-09T21:19:47.069+0300: 196.278: Application time: 0.1749560 seconds
2024-10-09T21:19:47.069+0300: 196.278: [GC (Allocation Failure) 2024-10-09T21:19:47.069+0300: 196.278: [ParNew: 460096K->51072K(460096K), 0.0277615 secs] 2957417K->2568444K(4143232K), 0.0278480 secs] [Times: user=0.01 sys=0.00, real=0.03 secs] 
2024-10-09T21:19:47.100+0300: 196.306: Total time for which application threads were stopped: 0.0280977 seconds, Stopping threads took: 0.0001307 seconds
2024-10-09T21:19:47.273+0300: 196.483: Application time: 0.1772648 seconds
2024-10-09T21:19:47.273+0300: 196.483: [GC (Allocation Failure) 2024-10-09T21:19:47.273+0300: 196.483: [ParNew: 460096K->49930K(460096K), 0.0275844 secs] 2977468K->2592136K(4143232K), 0.0276802 secs] [Times: user=0.02 sys=0.00, real=0.03 secs] 
2024-10-09T21:19:47.304+0300: 196.511: Total time for which application threads were stopped: 0.0279562 seconds, Stopping threads took: 0.0001395 seconds
2024-10-09T21:19:47.477+0300: 196.692: Application time: 0.1813190 seconds
2024-10-09T21:19:47.477+0300: 196.694: [GC (Allocation Failure) 2024-10-09T21:19:47.477+0300: 196.694: [ParNew: 458954K->51072K(460096K), 0.0252639 secs] 3001160K->2604390K(4143232K), 0.0253626 secs] [Times: user=0.03 sys=0.00, real=0.03 secs] 
2024-10-09T21:19:47.508+0300: 196.720: Total time for which application threads were stopped: 0.0272617 seconds, Stopping threads took: 0.0017441 seconds
2024-10-09T21:19:47.697+0300: 196.907: Application time: 0.1870349 seconds
2024-10-09T21:19:47.697+0300: 196.907: [GC (Allocation Failure) 2024-10-09T21:19:47.697+0300: 196.907: [ParNew: 460096K->51072K(460096K), 0.0239819 secs] 3013414K->2616969K(4143232K), 0.0240726 secs] [Times: user=0.01 sys=0.00, real=0.01 secs] 
2024-10-09T21:19:47.712+0300: 196.931: Total time for which application threads were stopped: 0.0243879 seconds, Stopping threads took: 0.0001713 seconds
2024-10-09T21:19:47.885+0300: 197.103: Application time: 0.1717544 seconds
2024-10-09T21:19:47.885+0300: 197.103: [GC (Allocation Failure) 2024-10-09T21:19:47.885+0300: 197.103: [ParNew: 460096K->51072K(460096K), 0.0279740 secs] 3025993K->2642181K(4143232K), 0.0280626 secs] [Times: user=0.03 sys=0.00, real=0.03 secs] 
2024-10-09T21:19:47.916+0300: 197.131: Total time for which application threads were stopped: 0.0283127 seconds, Stopping threads took: 0.0001259 seconds
2024-10-09T21:19:48.105+0300: 197.315: Application time: 0.1839818 seconds
2024-10-09T21:19:48.105+0300: 197.315: [GC (Allocation Failure) 2024-10-09T21:19:48.105+0300: 197.315: [ParNew: 460096K->51072K(460096K), 0.0263571 secs] 3051205K->2664130K(4143232K), 0.0264455 secs] [Times: user=0.03 sys=0.00, real=0.03 secs] 
2024-10-09T21:19:48.136+0300: 197.342: Total time for which application threads were stopped: 0.0267394 seconds, Stopping threads took: 0.0001686 seconds
2024-10-09T21:19:48.325+0300: 197.534: Application time: 0.1918606 seconds
2024-10-09T21:19:48.325+0300: 197.534: [GC (Allocation Failure) 2024-10-09T21:19:48.325+0300: 197.534: [ParNew: 460096K->51072K(460096K), 0.0297939 secs] 3073154K->2683795K(4143232K), 0.0298788 secs] [Times: user=0.05 sys=0.00, real=0.03 secs] 
2024-10-09T21:19:48.357+0300: 197.564: Total time for which application threads were stopped: 0.0301463 seconds, Stopping threads took: 0.0001378 seconds
2024-10-09T21:19:48.513+0300: 197.732: Application time: 0.1678692 seconds
2024-10-09T21:19:48.529+0300: 197.732: [GC (Allocation Failure) 2024-10-09T21:19:48.529+0300: 197.732: [ParNew: 460096K->51072K(460096K), 0.0316824 secs] 3092819K->2709583K(4143232K), 0.0317852 secs] [Times: user=0.17 sys=0.00, real=0.03 secs] 
2024-10-09T21:19:48.561+0300: 197.764: Total time for which application threads were stopped: 0.0321363 seconds, Stopping threads took: 0.0001380 seconds
2024-10-09T21:19:48.733+0300: 197.949: Application time: 0.1853622 seconds
2024-10-09T21:19:48.733+0300: 197.950: [GC (Allocation Failure) 2024-10-09T21:19:48.733+0300: 197.950: [ParNew: 460096K->51072K(460096K), 0.0248022 secs] 3118607K->2726864K(4143232K), 0.0248967 secs] [Times: user=0.03 sys=0.00, real=0.03 secs] 
2024-10-09T21:19:48.765+0300: 197.974: Total time for which application threads were stopped: 0.0251614 seconds, Stopping threads took: 0.0001463 seconds
2024-10-09T21:19:48.957+0300: 198.165: Application time: 0.1901328 seconds
2024-10-09T21:19:48.957+0300: 198.165: [GC (Allocation Failure) 2024-10-09T21:19:48.957+0300: 198.165: [ParNew: 460096K->51072K(460096K), 0.0296891 secs] 3135888K->2748196K(4143232K), 0.0297804 secs] [Times: user=0.03 sys=0.00, real=0.03 secs] 
2024-10-09T21:19:48.984+0300: 198.195: Total time for which application threads were stopped: 0.0300467 seconds, Stopping threads took: 0.0001320 seconds
2024-10-09T21:19:49.157+0300: 198.362: Application time: 0.1670354 seconds
2024-10-09T21:19:49.157+0300: 198.362: [GC (Allocation Failure) 2024-10-09T21:19:49.157+0300: 198.362: [ParNew: 460096K->51072K(460096K), 0.0297723 secs] 3157220K->2772133K(4143232K), 0.0298605 secs] [Times: user=0.03 sys=0.00, real=0.03 secs] 
2024-10-09T21:19:49.188+0300: 198.392: Total time for which application threads were stopped: 0.0301154 seconds, Stopping threads took: 0.0001449 seconds
2024-10-09T21:19:49.361+0300: 198.570: Application time: 0.1777553 seconds
2024-10-09T21:19:49.361+0300: 198.570: [GC (Allocation Failure) 2024-10-09T21:19:49.361+0300: 198.570: [ParNew: 460096K->39449K(460096K), 0.0294067 secs] 3181157K->2791465K(4143232K), 0.0294941 secs] [Times: user=0.05 sys=0.00, real=0.03 secs] 
2024-10-09T21:19:49.392+0300: 198.599: Total time for which application threads were stopped: 0.0297426 seconds, Stopping threads took: 0.0001273 seconds
2024-10-09T21:19:49.581+0300: 198.796: Application time: 0.1964149 seconds
2024-10-09T21:19:49.581+0300: 198.796: [GC (Allocation Failure) 2024-10-09T21:19:49.581+0300: 198.796: [ParNew: 448473K->49429K(460096K), 0.0265091 secs] 3200489K->2817283K(4143232K), 0.0266010 secs] [Times: user=0.11 sys=0.00, real=0.03 secs] 
2024-10-09T21:19:49.612+0300: 198.823: Total time for which application threads were stopped: 0.0269980 seconds, Stopping threads took: 0.0002650 seconds
2024-10-09T21:19:49.785+0300: 198.995: Application time: 0.1720274 seconds
2024-10-09T21:19:49.785+0300: 198.995: [GC (Allocation Failure) 2024-10-09T21:19:49.785+0300: 198.995: [ParNew: 458453K->51072K(460096K), 0.0237220 secs] 3226307K->2827691K(4143232K), 0.0238014 secs] [Times: user=0.02 sys=0.00, real=0.02 secs] 
2024-10-09T21:19:49.801+0300: 199.019: Total time for which application threads were stopped: 0.0241377 seconds, Stopping threads took: 0.0002165 seconds
2024-10-09T21:19:49.974+0300: 199.192: Application time: 0.1731492 seconds
2024-10-09T21:19:49.989+0300: 199.192: [GC (Allocation Failure) 2024-10-09T21:19:49.989+0300: 199.195: [ParNew: 460096K->42398K(460096K), 0.0331502 secs] 3236715K->2857078K(4143232K), 0.0354982 secs] [Times: user=0.02 sys=0.00, real=0.03 secs] 
2024-10-09T21:19:50.020+0300: 199.228: Total time for which application threads were stopped: 0.0358316 seconds, Stopping threads took: 0.0001909 seconds
2024-10-09T21:19:50.209+0300: 199.416: Application time: 0.1880136 seconds
2024-10-09T21:19:50.209+0300: 199.416: [GC (Allocation Failure) 2024-10-09T21:19:50.209+0300: 199.416: [ParNew: 451422K->51072K(460096K), 0.0242618 secs] 3266102K->2881479K(4143232K), 0.0243492 secs] [Times: user=0.01 sys=0.00, real=0.01 secs] 
2024-10-09T21:19:50.224+0300: 199.440: Total time for which application threads were stopped: 0.0245963 seconds, Stopping threads took: 0.0001354 seconds
2024-10-09T21:19:50.413+0300: 199.622: Application time: 0.1815336 seconds
2024-10-09T21:19:50.413+0300: 199.622: [GC (Allocation Failure) 2024-10-09T21:19:50.413+0300: 199.622: [ParNew: 460096K->51072K(460096K), 0.0269652 secs] 3290503K->2896450K(4143232K), 0.0270697 secs] [Times: user=0.03 sys=0.00, real=0.03 secs] 
2024-10-09T21:19:50.444+0300: 199.649: Total time for which application threads were stopped: 0.0273795 seconds, Stopping threads took: 0.0001738 seconds
2024-10-09T21:19:50.616+0300: 199.829: Application time: 0.1793783 seconds
2024-10-09T21:19:50.616+0300: 199.829: [GC (Allocation Failure) 2024-10-09T21:19:50.616+0300: 199.829: [ParNew: 460096K->42882K(460096K), 0.0258753 secs] 3305474K->2910190K(4143232K), 0.0259721 secs] [Times: user=0.03 sys=0.00, real=0.03 secs] 
2024-10-09T21:19:50.648+0300: 199.855: Total time for which application threads were stopped: 0.0262940 seconds, Stopping threads took: 0.0001973 seconds
2024-10-09T21:19:50.820+0300: 200.037: Application time: 0.1821427 seconds
2024-10-09T21:19:50.820+0300: 200.037: [GC (Allocation Failure) 2024-10-09T21:19:50.820+0300: 200.038: [ParNew: 451906K->51072K(460096K), 0.0234789 secs] 3319214K->2931688K(4143232K), 0.0235710 secs] [Times: user=0.03 sys=0.00, real=0.04 secs] 
2024-10-09T21:19:50.858+0300: 200.061: Total time for which application threads were stopped: 0.0238640 seconds, Stopping threads took: 0.0001639 seconds
2024-10-09T21:19:51.024+0300: 200.239: Application time: 0.1774531 seconds
2024-10-09T21:19:51.024+0300: 200.239: [GC (Allocation Failure) 2024-10-09T21:19:51.024+0300: 200.239: [ParNew: 460096K->51072K(460096K), 0.0267280 secs] 3340712K->2946470K(4143232K), 0.0268135 secs] [Times: user=0.03 sys=0.00, real=0.04 secs] 
2024-10-09T21:19:51.061+0300: 200.266: Total time for which application threads were stopped: 0.0270731 seconds, Stopping threads took: 0.0001463 seconds
2024-10-09T21:19:51.228+0300: 200.439: Application time: 0.1735939 seconds
2024-10-09T21:19:51.228+0300: 200.439: [GC (Allocation Failure) 2024-10-09T21:19:51.228+0300: 200.439: [ParNew: 460096K->51072K(460096K), 0.0286668 secs] 3355494K->2972984K(4143232K), 0.0287519 secs] [Times: user=0.03 sys=0.00, real=0.03 secs] 
2024-10-09T21:19:51.262+0300: 200.468: Total time for which application threads were stopped: 0.0290286 seconds, Stopping threads took: 0.0001642 seconds
2024-10-09T21:19:51.432+0300: 200.646: Application time: 0.1781248 seconds
2024-10-09T21:19:51.432+0300: 200.647: [GC (Allocation Failure) 2024-10-09T21:19:51.432+0300: 200.647: [ParNew: 460096K->51072K(460096K), 0.0234608 secs] 3382008K->2983727K(4143232K), 0.0235465 secs] [Times: user=0.03 sys=0.00, real=0.03 secs] 
2024-10-09T21:19:51.464+0300: 200.670: Total time for which application threads were stopped: 0.0238168 seconds, Stopping threads took: 0.0001512 seconds
2024-10-09T21:19:51.636+0300: 200.855: Application time: 0.1849475 seconds
2024-10-09T21:19:51.652+0300: 200.855: [GC (Allocation Failure) 2024-10-09T21:19:51.652+0300: 200.855: [ParNew: 460096K->51072K(460096K), 0.0283600 secs] 3392751K->3006248K(4143232K), 0.0284610 secs] [Times: user=0.11 sys=0.00, real=0.02 secs] 
2024-10-09T21:19:51.668+0300: 200.884: Total time for which application threads were stopped: 0.0287642 seconds, Stopping threads took: 0.0001631 seconds
2024-10-09T21:19:51.856+0300: 201.060: Application time: 0.1758114 seconds
2024-10-09T21:19:51.856+0300: 201.060: [GC (Allocation Failure) 2024-10-09T21:19:51.856+0300: 201.060: [ParNew: 460096K->42922K(460096K), 0.0260896 secs] 3415272K->3019441K(4143232K), 0.0261941 secs] [Times: user=0.02 sys=0.00, real=0.02 secs] 
2024-10-09T21:19:51.872+0300: 201.086: Total time for which application threads were stopped: 0.0264474 seconds, Stopping threads took: 0.0001332 seconds
2024-10-09T21:19:52.063+0300: 201.267: Application time: 0.1807483 seconds
2024-10-09T21:19:52.063+0300: 201.267: [GC (Allocation Failure) 2024-10-09T21:19:52.063+0300: 201.267: [ParNew: 451946K->51072K(460096K), 0.0239387 secs] 3428465K->3039104K(4143232K), 0.0240239 secs] [Times: user=0.02 sys=0.00, real=0.01 secs] 
2024-10-09T21:19:52.076+0300: 201.291: Total time for which application threads were stopped: 0.0242748 seconds, Stopping threads took: 0.0001327 seconds
2024-10-09T21:19:52.264+0300: 201.467: Application time: 0.1757879 seconds
2024-10-09T21:19:52.264+0300: 201.467: [GC (Allocation Failure) 2024-10-09T21:19:52.264+0300: 201.467: [ParNew: 460096K->51072K(460096K), 0.0248164 secs] 3448128K->3054271K(4143232K), 0.0249070 secs] [Times: user=0.03 sys=0.00, real=0.02 secs] 
2024-10-09T21:19:52.280+0300: 201.492: Total time for which application threads were stopped: 0.0251848 seconds, Stopping threads took: 0.0001449 seconds
2024-10-09T21:19:52.464+0300: 201.671: Application time: 0.1787361 seconds
2024-10-09T21:19:52.464+0300: 201.671: [GC (Allocation Failure) 2024-10-09T21:19:52.464+0300: 201.671: [ParNew: 460096K->49929K(460096K), 0.0287851 secs] 3463295K->3078066K(4143232K), 0.0288762 secs] [Times: user=0.02 sys=0.00, real=0.02 secs] 
2024-10-09T21:19:52.485+0300: 201.700: Total time for which application threads were stopped: 0.0291512 seconds, Stopping threads took: 0.0001490 seconds
2024-10-09T21:19:52.673+0300: 201.885: Application time: 0.1851043 seconds
2024-10-09T21:19:52.673+0300: 201.885: [GC (Allocation Failure) 2024-10-09T21:19:52.673+0300: 201.885: [ParNew: 458953K->51072K(460096K), 0.0246781 secs] 3487090K->3090473K(4143232K), 0.0247971 secs] [Times: user=0.02 sys=0.02, real=0.03 secs] 
2024-10-09T21:19:52.704+0300: 201.910: Total time for which application threads were stopped: 0.0251011 seconds, Stopping threads took: 0.0001640 seconds
2024-10-09T21:19:52.877+0300: 202.082: Application time: 0.1713385 seconds
2024-10-09T21:19:52.877+0300: 202.082: [GC (Allocation Failure) 2024-10-09T21:19:52.877+0300: 202.082: [ParNew: 460096K->51072K(460096K), 0.0274854 secs] 3499497K->3114060K(4143232K), 0.0275756 secs] [Times: user=0.02 sys=0.00, real=0.02 secs] 
2024-10-09T21:19:52.893+0300: 202.110: Total time for which application threads were stopped: 0.0278779 seconds, Stopping threads took: 0.0001706 seconds
2024-10-09T21:19:53.081+0300: 202.293: Application time: 0.1838618 seconds
2024-10-09T21:19:53.081+0300: 202.294: [GC (Allocation Failure) 2024-10-09T21:19:53.081+0300: 202.294: [ParNew: 460096K->51072K(460096K), 0.0237290 secs] 3523084K->3128674K(4143232K), 0.0238182 secs] [Times: user=0.02 sys=0.00, real=0.03 secs] 
2024-10-09T21:19:53.112+0300: 202.317: Total time for which application threads were stopped: 0.0240968 seconds, Stopping threads took: 0.0001489 seconds
2024-10-09T21:19:53.301+0300: 202.506: Application time: 0.1888775 seconds
2024-10-09T21:19:53.301+0300: 202.507: [GC (Allocation Failure) 2024-10-09T21:19:53.301+0300: 202.507: [ParNew: 460096K->51072K(460096K), 0.0280258 secs] 3537698K->3145107K(4143232K), 0.0281196 secs] [Times: user=0.02 sys=0.00, real=0.01 secs] 
2024-10-09T21:19:53.316+0300: 202.535: Total time for which application threads were stopped: 0.0283717 seconds, Stopping threads took: 0.0001265 seconds
2024-10-09T21:19:53.489+0300: 202.704: Application time: 0.1688762 seconds
2024-10-09T21:19:53.489+0300: 202.704: [GC (Allocation Failure) 2024-10-09T21:19:53.489+0300: 202.704: [ParNew: 460096K->51072K(460096K), 0.0262283 secs] 3554131K->3164012K(4143232K), 0.0263255 secs] [Times: user=0.03 sys=0.00, real=0.03 secs] 
2024-10-09T21:19:53.520+0300: 202.730: Total time for which application threads were stopped: 0.0265878 seconds, Stopping threads took: 0.0001411 seconds
2024-10-09T21:19:53.709+0300: 202.914: Application time: 0.1833990 seconds
2024-10-09T21:19:53.709+0300: 202.914: [GC (Allocation Failure) 2024-10-09T21:19:53.709+0300: 202.914: [ParNew: 460096K->51072K(460096K), 0.0253616 secs] 3573036K->3185771K(4143232K), 0.0254561 secs] [Times: user=0.03 sys=0.00, real=0.02 secs] 
2024-10-09T21:19:53.725+0300: 202.939: Total time for which application threads were stopped: 0.0257536 seconds, Stopping threads took: 0.0001666 seconds
2024-10-09T21:19:53.913+0300: 203.125: Application time: 0.1853566 seconds
2024-10-09T21:19:53.913+0300: 203.125: [GC (Allocation Failure) 2024-10-09T21:19:53.913+0300: 203.125: [ParNew: 460096K->51072K(460096K), 0.0233585 secs] 3594795K->3191896K(4143232K), 0.0234528 secs] [Times: user=0.03 sys=0.00, real=0.03 secs] 
2024-10-09T21:19:53.944+0300: 203.148: Total time for which application threads were stopped: 0.0237559 seconds, Stopping threads took: 0.0001834 seconds
2024-10-09T21:19:54.117+0300: 203.325: Application time: 0.1761449 seconds
2024-10-09T21:19:54.117+0300: 203.325: [GC (Allocation Failure) 2024-10-09T21:19:54.117+0300: 203.325: [ParNew: 460096K->51072K(460096K), 0.0324627 secs] 3600920K->3221365K(4143232K), 0.0325517 secs] [Times: user=0.03 sys=0.00, real=0.03 secs] 
2024-10-09T21:19:54.148+0300: 203.357: Total time for which application threads were stopped: 0.0328745 seconds, Stopping threads took: 0.0002056 seconds
2024-10-09T21:19:54.321+0300: 203.529: Application time: 0.1711661 seconds
2024-10-09T21:19:54.321+0300: 203.529: [GC (Allocation Failure) 2024-10-09T21:19:54.321+0300: 203.529: [ParNew: 460096K->51072K(460096K), 0.0247014 secs] 3630389K->3239100K(4143232K), 0.0247976 secs] [Times: user=0.03 sys=0.00, real=0.02 secs] 
2024-10-09T21:19:54.337+0300: 203.554: Total time for which application threads were stopped: 0.0251462 seconds, Stopping threads took: 0.0002264 seconds
2024-10-09T21:19:54.541+0300: 203.754: Application time: 0.2003206 seconds
2024-10-09T21:19:54.541+0300: 203.754: [GC (Allocation Failure) 2024-10-09T21:19:54.541+0300: 203.754: [ParNew: 460096K->51072K(460096K), 0.0260164 secs] 3648124K->3253403K(4143232K), 0.0261208 secs] [Times: user=0.05 sys=0.00, real=0.03 secs] 
2024-10-09T21:19:54.573+0300: 203.781: Total time for which application threads were stopped: 0.0264244 seconds, Stopping threads took: 0.0001474 seconds
2024-10-09T21:19:54.745+0300: 203.954: Application time: 0.1736979 seconds
2024-10-09T21:19:54.745+0300: 203.955: [GC (Allocation Failure) 2024-10-09T21:19:54.745+0300: 203.955: [ParNew: 460096K->51072K(460096K), 0.0309561 secs] 3662427K->3280798K(4143232K), 0.0310467 secs] [Times: user=0.03 sys=0.00, real=0.03 secs] 
2024-10-09T21:19:54.777+0300: 203.986: Total time for which application threads were stopped: 0.0313432 seconds, Stopping threads took: 0.0001623 seconds
2024-10-09T21:19:54.949+0300: 204.159: Application time: 0.1737983 seconds
2024-10-09T21:19:54.949+0300: 204.160: [GC (Allocation Failure) 2024-10-09T21:19:54.949+0300: 204.160: [ParNew: 460096K->50163K(460096K), 0.0235113 secs] 3689822K->3293796K(4143232K), 0.0235973 secs] [Times: user=0.02 sys=0.00, real=0.02 secs] 
2024-10-09T21:19:54.969+0300: 204.183: Total time for which application threads were stopped: 0.0238487 seconds, Stopping threads took: 0.0001302 seconds
2024-10-09T21:19:55.170+0300: 204.374: Application time: 0.1912278 seconds
2024-10-09T21:19:55.170+0300: 204.375: [GC (Allocation Failure) 2024-10-09T21:19:55.170+0300: 204.375: [ParNew: 459187K->51072K(460096K), 0.0243026 secs] 3702820K->3310009K(4143232K), 0.0243921 secs] [Times: user=0.02 sys=0.00, real=0.01 secs] 
2024-10-09T21:19:55.185+0300: 204.399: Total time for which application threads were stopped: 0.0246576 seconds, Stopping threads took: 0.0001454 seconds
2024-10-09T21:19:55.370+0300: 204.574: Application time: 0.1750305 seconds
2024-10-09T21:19:55.370+0300: 204.574: [GC (Allocation Failure) 2024-10-09T21:19:55.370+0300: 204.574: [ParNew: 460096K->51072K(460096K), 0.0271761 secs] 3719033K->3327303K(4143232K), 0.0272716 secs] [Times: user=0.02 sys=0.00, real=0.02 secs] 
2024-10-09T21:19:55.389+0300: 204.602: Total time for which application threads were stopped: 0.0275537 seconds, Stopping threads took: 0.0001640 seconds
2024-10-09T21:19:55.571+0300: 204.777: Application time: 0.1754191 seconds
2024-10-09T21:19:55.571+0300: 204.777: [GC (Allocation Failure) 2024-10-09T21:19:55.571+0300: 204.777: [ParNew: 460096K->51072K(460096K), 0.0314605 secs] 3736327K->3359870K(4143232K), 0.0315606 secs] [Times: user=0.02 sys=0.00, real=0.02 secs] 
2024-10-09T21:19:55.593+0300: 204.809: Total time for which application threads were stopped: 0.0318112 seconds, Stopping threads took: 0.0001150 seconds
2024-10-09T21:19:55.593+0300: 204.809: Application time: 0.0001019 seconds
2024-10-09T21:19:55.593+0300: 204.809: [GC (CMS Initial Mark) [1 CMS-initial-mark: 3308798K(3683136K)] 3366583K(4143232K), 0.0040051 secs] [Times: user=0.02 sys=0.00, real=0.02 secs] 
2024-10-09T21:19:55.609+0300: 204.813: Total time for which application threads were stopped: 0.0042848 seconds, Stopping threads took: 0.0001418 seconds
2024-10-09T21:19:55.609+0300: 204.813: [CMS-concurrent-mark-start]
2024-10-09T21:19:55.624+0300: 204.832: [CMS-concurrent-mark: 0.019/0.019 secs] [Times: user=0.02 sys=0.00, real=0.02 secs] 
2024-10-09T21:19:55.624+0300: 204.832: [CMS-concurrent-preclean-start]
2024-10-09T21:19:55.624+0300: 204.837: [CMS-concurrent-preclean: 0.004/0.004 secs] [Times: user=0.00 sys=0.00, real=0.00 secs] 
2024-10-09T21:19:55.624+0300: 204.837: [CMS-concurrent-abortable-preclean-start]
2024-10-09T21:19:55.749+0300: 204.966: [CMS-concurrent-abortable-preclean: 0.129/0.129 secs] [Times: user=0.81 sys=0.00, real=0.12 secs] 
2024-10-09T21:19:55.749+0300: 204.966: Application time: 0.1526049 seconds
2024-10-09T21:19:55.749+0300: 204.966: [GC (CMS Final Remark) [YG occupancy: 329098 K (460096 K)]2024-10-09T21:19:55.749+0300: 204.966: [Rescan (parallel) , 0.0319820 secs]2024-10-09T21:19:55.781+0300: 204.998: [weak refs processing, 0.0000195 secs]2024-10-09T21:19:55.781+0300: 204.998: [class unloading, 0.0021609 secs]2024-10-09T21:19:55.796+0300: 205.000: [scrub symbol table, 0.0007258 secs]2024-10-09T21:19:55.796+0300: 205.001: [scrub string table, 0.0002052 secs][1 CMS-remark: 3308798K(3683136K)] 3637897K(4143232K), 0.0352165 secs] [Times: user=0.05 sys=0.00, real=0.05 secs] 
2024-10-09T21:19:55.796+0300: 205.001: Total time for which application threads were stopped: 0.0354480 seconds, Stopping threads took: 0.0001466 seconds
2024-10-09T21:19:55.796+0300: 205.001: [CMS-concurrent-sweep-start]
2024-10-09T21:19:55.859+0300: 205.064: Application time: 0.0621314 seconds
2024-10-09T21:19:55.859+0300: 205.064: [GC (Allocation Failure) 2024-10-09T21:19:55.859+0300: 205.064: [ParNew: 460096K->43069K(460096K), 0.0281550 secs] 3640878K->3245079K(4143232K), 0.0282404 secs] [Times: user=0.02 sys=0.00, real=0.02 secs] 
2024-10-09T21:19:55.875+0300: 205.092: Total time for which application threads were stopped: 0.0284950 seconds, Stopping threads took: 0.0001352 seconds
2024-10-09T21:19:56.095+0300: 205.308: Application time: 0.2156490 seconds
2024-10-09T21:19:56.095+0300: 205.308: [GC (Allocation Failure) 2024-10-09T21:19:56.095+0300: 205.308: [ParNew: 452093K->47655K(460096K), 0.0276743 secs] 3235745K->2856103K(4143232K), 0.0277654 secs] [Times: user=0.03 sys=0.00, real=0.03 secs] 
2024-10-09T21:19:56.126+0300: 205.336: Total time for which application threads were stopped: 0.0280359 seconds, Stopping threads took: 0.0001497 seconds
2024-10-09T21:19:56.362+0300: 205.565: Application time: 0.2296408 seconds
2024-10-09T21:19:56.362+0300: 205.566: [GC (Allocation Failure) 2024-10-09T21:19:56.362+0300: 205.566: [ParNew: 456679K->51072K(460096K), 0.0248592 secs] 2846521K->2448234K(4143232K), 0.0249405 secs] [Times: user=0.06 sys=0.00, real=0.03 secs] 
2024-10-09T21:19:56.387+0300: 205.591: Total time for which application threads were stopped: 0.0251703 seconds, Stopping threads took: 0.0001024 seconds
2024-10-09T21:19:56.582+0300: 205.790: Application time: 0.1999560 seconds
2024-10-09T21:19:56.582+0300: 205.791: [GC (Allocation Failure) 2024-10-09T21:19:56.582+0300: 205.791: [ParNew: 460096K->51072K(460096K), 0.0287099 secs] 2489398K->2104035K(4143232K), 0.0287996 secs] [Times: user=0.05 sys=0.00, real=0.03 secs] 
2024-10-09T21:19:56.614+0300: 205.820: Total time for which application threads were stopped: 0.0292004 seconds, Stopping threads took: 0.0002570 seconds
2024-10-09T21:19:56.833+0300: 206.047: Application time: 0.2268778 seconds
2024-10-09T21:19:56.833+0300: 206.047: [GC (Allocation Failure) 2024-10-09T21:19:56.833+0300: 206.047: [ParNew: 460096K->51072K(460096K), 0.0244267 secs] 2102947K->1708923K(4143232K), 0.0245230 secs] [Times: user=0.03 sys=0.00, real=0.03 secs] 
2024-10-09T21:19:56.865+0300: 206.072: Total time for which application threads were stopped: 0.0249312 seconds, Stopping threads took: 0.0002213 seconds
2024-10-09T21:19:57.085+0300: 206.291: Application time: 0.2194247 seconds
2024-10-09T21:19:57.085+0300: 206.291: [GC (Allocation Failure) 2024-10-09T21:19:57.085+0300: 206.291: [ParNew: 460096K->51072K(460096K), 0.0294829 secs] 1723639K->1337577K(4143232K), 0.0295847 secs] [Times: user=0.01 sys=0.00, real=0.03 secs] 
2024-10-09T21:19:57.116+0300: 206.321: Total time for which application threads were stopped: 0.0299126 seconds, Stopping threads took: 0.0001848 seconds
2024-10-09T21:19:57.320+0300: 206.527: Application time: 0.2062892 seconds
2024-10-09T21:19:57.320+0300: 206.527: [GC (Allocation Failure) 2024-10-09T21:19:57.320+0300: 206.527: [ParNew: 460096K->51072K(460096K), 0.0269215 secs] 1393530K->1000867K(4143232K), 0.0270140 secs] [Times: user=0.05 sys=0.00, real=0.03 secs] 
2024-10-09T21:19:57.351+0300: 206.555: Total time for which application threads were stopped: 0.0273440 seconds, Stopping threads took: 0.0001952 seconds
2024-10-09T21:19:57.539+0300: 206.755: Application time: 0.2007283 seconds
2024-10-09T21:19:57.539+0300: 206.756: [GC (Allocation Failure) 2024-10-09T21:19:57.539+0300: 206.756: [ParNew: 460096K->46996K(460096K), 0.0313236 secs] 1070483K->689687K(4143232K), 0.0314229 secs] [Times: user=0.16 sys=0.00, real=0.04 secs] 
2024-10-09T21:19:57.575+0300: 206.787: Total time for which application threads were stopped: 0.0320109 seconds, Stopping threads took: 0.0004148 seconds
2024-10-09T21:19:57.791+0300: 207.006: Application time: 0.2192024 seconds
2024-10-09T21:19:57.791+0300: 207.007: [GC (Allocation Failure) 2024-10-09T21:19:57.791+0300: 207.007: [ParNew: 456020K->47239K(460096K), 0.0253546 secs] 716066K->323366K(4143232K), 0.0254414 secs] [Times: user=0.03 sys=0.00, real=0.03 secs] 
2024-10-09T21:19:57.822+0300: 207.032: Total time for which application threads were stopped: 0.0257025 seconds, Stopping threads took: 0.0001292 seconds
2024-10-09T21:19:57.869+0300: 207.076: [CMS-concurrent-sweep: 1.823/2.075 secs] [Times: user=10.53 sys=0.02, real=2.07 secs] 
2024-10-09T21:19:57.869+0300: 207.076: [CMS-concurrent-reset-start]
2024-10-09T21:19:57.876+0300: 207.084: [CMS-concurrent-reset: 0.008/0.008 secs] [Times: user=0.23 sys=0.00, real=0.01 secs] 
2024-10-09T21:19:58.011+0300: 207.224: Application time: 0.1920413 seconds
2024-10-09T21:19:58.011+0300: 207.224: [GC (Allocation Failure) 2024-10-09T21:19:58.011+0300: 207.224: [ParNew: 456263K->51072K(460096K), 0.0253459 secs] 676155K->285210K(4143232K), 0.0254308 secs] [Times: user=0.03 sys=0.00, real=0.03 secs] 
2024-10-09T21:19:58.042+0300: 207.250: Total time for which application threads were stopped: 0.0257057 seconds, Stopping threads took: 0.0001525 seconds
2024-10-09T21:19:58.215+0300: 207.422: Application time: 0.1724022 seconds
2024-10-09T21:19:58.215+0300: 207.423: [GC (Allocation Failure) 2024-10-09T21:19:58.215+0300: 207.423: [ParNew: 460096K->51072K(460096K), 0.0275795 secs] 694234K->308311K(4143232K), 0.0276713 secs] [Times: user=0.02 sys=0.00, real=0.03 secs] 
2024-10-09T21:19:58.246+0300: 207.450: Total time for which application threads were stopped: 0.0279322 seconds, Stopping threads took: 0.0001355 seconds
2024-10-09T21:19:58.419+0300: 207.630: Application time: 0.1801919 seconds
2024-10-09T21:19:58.419+0300: 207.631: [GC (Allocation Failure) 2024-10-09T21:19:58.419+0300: 207.631: [ParNew: 460096K->48730K(460096K), 0.0298127 secs] 717335K->331301K(4143232K), 0.0298962 secs] [Times: user=0.03 sys=0.00, real=0.03 secs] 
2024-10-09T21:19:58.450+0300: 207.661: Total time for which application threads were stopped: 0.0301639 seconds, Stopping threads took: 0.0001541 seconds
2024-10-09T21:19:58.638+0300: 207.846: Application time: 0.1849471 seconds
2024-10-09T21:19:58.638+0300: 207.846: [GC (Allocation Failure) 2024-10-09T21:19:58.638+0300: 207.846: [ParNew: 457754K->51072K(460096K), 0.0249390 secs] 740325K->348280K(4143232K), 0.0250321 secs] [Times: user=0.02 sys=0.00, real=0.02 secs] 
2024-10-09T21:19:58.654+0300: 207.871: Total time for which application threads were stopped: 0.0253527 seconds, Stopping threads took: 0.0001643 seconds
2024-10-09T21:19:58.827+0300: 208.043: Application time: 0.1722515 seconds
2024-10-09T21:19:58.827+0300: 208.043: [GC (Allocation Failure) 2024-10-09T21:19:58.827+0300: 208.043: [ParNew: 460096K->51072K(460096K), 0.0261973 secs] 757304K->365791K(4143232K), 0.0262813 secs] [Times: user=0.03 sys=0.00, real=0.03 secs] 
2024-10-09T21:19:58.858+0300: 208.070: Total time for which application threads were stopped: 0.0265771 seconds, Stopping threads took: 0.0001758 seconds
2024-10-09T21:19:59.031+0300: 208.249: Application time: 0.1793537 seconds
2024-10-09T21:19:59.031+0300: 208.249: [GC (Allocation Failure) 2024-10-09T21:19:59.031+0300: 208.249: [ParNew: 460096K->51072K(460096K), 0.0336992 secs] 774815K->398344K(4143232K), 0.0337825 secs] [Times: user=0.05 sys=0.00, real=0.05 secs] 
2024-10-09T21:19:59.078+0300: 208.283: Total time for which application threads were stopped: 0.0340441 seconds, Stopping threads took: 0.0001474 seconds
2024-10-09T21:19:59.250+0300: 208.468: Application time: 0.1849915 seconds
2024-10-09T21:19:59.250+0300: 208.468: [GC (Allocation Failure) 2024-10-09T21:19:59.250+0300: 208.468: [ParNew: 460096K->51072K(460096K), 0.0260633 secs] 807368K->417864K(4143232K), 0.0261540 secs] [Times: user=0.03 sys=0.00, real=0.03 secs] 
2024-10-09T21:19:59.282+0300: 208.495: Total time for which application threads were stopped: 0.0264082 seconds, Stopping threads took: 0.0001373 seconds
2024-10-09T21:19:59.454+0300: 208.667: Application time: 0.1727893 seconds
2024-10-09T21:19:59.454+0300: 208.668: [GC (Allocation Failure) 2024-10-09T21:19:59.454+0300: 208.668: [ParNew: 460096K->51072K(460096K), 0.0242694 secs] 826888K->431243K(4143232K), 0.0243593 secs] [Times: user=0.03 sys=0.00, real=0.03 secs] 
2024-10-09T21:19:59.486+0300: 208.692: Total time for which application threads were stopped: 0.0246561 seconds, Stopping threads took: 0.0001612 seconds
2024-10-09T21:19:59.674+0300: 208.880: Application time: 0.1878668 seconds
2024-10-09T21:19:59.674+0300: 208.880: [GC (Allocation Failure) 2024-10-09T21:19:59.674+0300: 208.880: [ParNew: 460096K->51072K(460096K), 0.0279152 secs] 840267K->454615K(4143232K), 0.0280124 secs] [Times: user=0.05 sys=0.00, real=0.02 secs] 
2024-10-09T21:19:59.690+0300: 208.908: Total time for which application threads were stopped: 0.0283232 seconds, Stopping threads took: 0.0001664 seconds
2024-10-09T21:19:59.880+0300: 209.094: Application time: 0.1853977 seconds
2024-10-09T21:19:59.880+0300: 209.094: [GC (Allocation Failure) 2024-10-09T21:19:59.880+0300: 209.094: [ParNew: 460096K->47579K(460096K), 0.0245417 secs] 863639K->469787K(4143232K), 0.0246305 secs] [Times: user=0.03 sys=0.00, real=0.03 secs] 
2024-10-09T21:19:59.910+0300: 209.118: Total time for which application threads were stopped: 0.0248968 seconds, Stopping threads took: 0.0001512 seconds
2024-10-09T21:20:00.082+0300: 209.296: Application time: 0.1774433 seconds
2024-10-09T21:20:00.082+0300: 209.296: [GC (Allocation Failure) 2024-10-09T21:20:00.082+0300: 209.296: [ParNew: 456603K->51072K(460096K), 0.0235216 secs] 878811K->482047K(4143232K), 0.0236085 secs] [Times: user=0.03 sys=0.00, real=0.03 secs] 
2024-10-09T21:20:00.114+0300: 209.320: Total time for which application threads were stopped: 0.0238726 seconds, Stopping threads took: 0.0001507 seconds
2024-10-09T21:20:00.287+0300: 209.498: Application time: 0.1778898 seconds
2024-10-09T21:20:00.287+0300: 209.498: [GC (Allocation Failure) 2024-10-09T21:20:00.287+0300: 209.498: [ParNew: 460096K->51072K(460096K), 0.0317355 secs] 891071K->515135K(4143232K), 0.0318286 secs] [Times: user=0.03 sys=0.00, real=0.03 secs] 
2024-10-09T21:20:00.318+0300: 209.530: Total time for which application threads were stopped: 0.0321103 seconds, Stopping threads took: 0.0001641 seconds
2024-10-09T21:20:00.491+0300: 209.708: Application time: 0.1782035 seconds
2024-10-09T21:20:00.491+0300: 209.708: [GC (Allocation Failure) 2024-10-09T21:20:00.491+0300: 209.708: [ParNew: 460096K->46590K(460096K), 0.0263256 secs] 924159K->529466K(4143232K), 0.0264175 secs] [Times: user=0.05 sys=0.00, real=0.04 secs] 
2024-10-09T21:20:00.531+0300: 209.735: Total time for which application threads were stopped: 0.0266719 seconds, Stopping threads took: 0.0001251 seconds
2024-10-09T21:20:00.711+0300: 209.921: Application time: 0.1860122 seconds
2024-10-09T21:20:00.711+0300: 209.921: [GC (Allocation Failure) 2024-10-09T21:20:00.711+0300: 209.921: [ParNew: 455614K->51072K(460096K), 0.0228598 secs] 938490K->543277K(4143232K), 0.0229491 secs] [Times: user=0.01 sys=0.00, real=0.02 secs] 
2024-10-09T21:20:00.726+0300: 209.944: Total time for which application threads were stopped: 0.0232105 seconds, Stopping threads took: 0.0001445 seconds
2024-10-09T21:20:00.915+0300: 210.119: Application time: 0.1753670 seconds
2024-10-09T21:20:00.915+0300: 210.119: [GC (Allocation Failure) 2024-10-09T21:20:00.915+0300: 210.120: [ParNew: 460096K->46530K(460096K), 0.0335382 secs] 952301K->574573K(4143232K), 0.0336246 secs] [Times: user=0.02 sys=0.00, real=0.03 secs] 
2024-10-09T21:20:00.946+0300: 210.153: Total time for which application threads were stopped: 0.0338793 seconds, Stopping threads took: 0.0001331 seconds
2024-10-09T21:20:01.119+0300: 210.334: Application time: 0.1808587 seconds
2024-10-09T21:20:01.119+0300: 210.334: [GC (Allocation Failure) 2024-10-09T21:20:01.119+0300: 210.334: [ParNew: 455554K->51072K(460096K), 0.0206255 secs] 983597K->587640K(4143232K), 0.0207079 secs] [Times: user=0.03 sys=0.00, real=0.03 secs] 
2024-10-09T21:20:01.150+0300: 210.355: Total time for which application threads were stopped: 0.0209963 seconds, Stopping threads took: 0.0001680 seconds
2024-10-09T21:20:01.323+0300: 210.537: Application time: 0.1819348 seconds
2024-10-09T21:20:01.323+0300: 210.537: [GC (Allocation Failure) 2024-10-09T21:20:01.323+0300: 210.537: [ParNew: 460096K->51072K(460096K), 0.0269802 secs] 996664K->604518K(4143232K), 0.0270710 secs] [Times: user=0.05 sys=0.00, real=0.03 secs] 
2024-10-09T21:20:01.354+0300: 210.564: Total time for which application threads were stopped: 0.0273480 seconds, Stopping threads took: 0.0001579 seconds
2024-10-09T21:20:01.527+0300: 210.735: Application time: 0.1708358 seconds
2024-10-09T21:20:01.527+0300: 210.735: [GC (Allocation Failure) 2024-10-09T21:20:01.527+0300: 210.735: [ParNew: 460096K->51072K(460096K), 0.0275287 secs] 1013542K->626180K(4143232K), 0.0276275 secs] [Times: user=0.11 sys=0.00, real=0.03 secs] 
2024-10-09T21:20:01.558+0300: 210.763: Total time for which application threads were stopped: 0.0279150 seconds, Stopping threads took: 0.0001412 seconds
2024-10-09T21:20:01.746+0300: 210.950: Application time: 0.1868045 seconds
2024-10-09T21:20:01.746+0300: 210.950: [GC (Allocation Failure) 2024-10-09T21:20:01.746+0300: 210.950: [ParNew: 460096K->51072K(460096K), 0.0252777 secs] 1035204K->647170K(4143232K), 0.0253598 secs] [Times: user=0.02 sys=0.00, real=0.02 secs] 
2024-10-09T21:20:01.762+0300: 210.975: Total time for which application threads were stopped: 0.0255934 seconds, Stopping threads took: 0.0001119 seconds
2024-10-09T21:20:01.950+0300: 211.161: Application time: 0.1857821 seconds
2024-10-09T21:20:01.950+0300: 211.161: [GC (Allocation Failure) 2024-10-09T21:20:01.950+0300: 211.162: [ParNew: 460096K->51072K(460096K), 0.0239198 secs] 1056194K->658774K(4143232K), 0.0239985 secs] [Times: user=0.03 sys=0.00, real=0.03 secs] 
2024-10-09T21:20:01.982+0300: 211.186: Total time for which application threads were stopped: 0.0242695 seconds, Stopping threads took: 0.0001581 seconds
2024-10-09T21:20:02.139+0300: 211.355: Application time: 0.1694861 seconds
2024-10-09T21:20:02.139+0300: 211.355: [GC (Allocation Failure) 2024-10-09T21:20:02.139+0300: 211.355: [ParNew: 460096K->51072K(460096K), 0.0292116 secs] 1067798K->684537K(4143232K), 0.0292967 secs] [Times: user=0.03 sys=0.00, real=0.03 secs] 
2024-10-09T21:20:02.170+0300: 211.385: Total time for which application threads were stopped: 0.0295659 seconds, Stopping threads took: 0.0001482 seconds
2024-10-09T21:20:02.358+0300: 211.562: Application time: 0.1776432 seconds
2024-10-09T21:20:02.358+0300: 211.562: [GC (Allocation Failure) 2024-10-09T21:20:02.358+0300: 211.562: [ParNew: 460096K->51072K(460096K), 0.0239156 secs] 1093561K->700796K(4143232K), 0.0240034 secs] [Times: user=0.02 sys=0.00, real=0.02 secs] 
2024-10-09T21:20:02.374+0300: 211.586: Total time for which application threads were stopped: 0.0242487 seconds, Stopping threads took: 0.0001283 seconds
2024-10-09T21:20:02.563+0300: 211.779: Application time: 0.1927077 seconds
2024-10-09T21:20:02.563+0300: 211.779: [GC (Allocation Failure) 2024-10-09T21:20:02.563+0300: 211.780: [ParNew: 460096K->51072K(460096K), 0.0250280 secs] 1109820K->715484K(4143232K), 0.0251202 secs] [Times: user=0.03 sys=0.00, real=0.03 secs] 
2024-10-09T21:20:02.594+0300: 211.805: Total time for which application threads were stopped: 0.0254535 seconds, Stopping threads took: 0.0001758 seconds
2024-10-09T21:20:02.766+0300: 211.979: Application time: 0.1747947 seconds
2024-10-09T21:20:02.766+0300: 211.980: [GC (Allocation Failure) 2024-10-09T21:20:02.766+0300: 211.980: [ParNew: 460096K->51072K(460096K), 0.0300379 secs] 1124508K->740126K(4143232K), 0.0301334 secs] [Times: user=0.03 sys=0.00, real=0.03 secs] 
2024-10-09T21:20:02.797+0300: 212.010: Total time for which application threads were stopped: 0.0303969 seconds, Stopping threads took: 0.0001277 seconds
2024-10-09T21:20:02.970+0300: 212.183: Application time: 0.1731341 seconds
2024-10-09T21:20:02.970+0300: 212.183: [GC (Allocation Failure) 2024-10-09T21:20:02.970+0300: 212.183: [ParNew: 460096K->51072K(460096K), 0.0268321 secs] 1149150K->762490K(4143232K), 0.0269189 secs] [Times: user=0.03 sys=0.00, real=0.03 secs] 
2024-10-09T21:20:03.001+0300: 212.210: Total time for which application threads were stopped: 0.0272147 seconds, Stopping threads took: 0.0001795 seconds
2024-10-09T21:20:03.190+0300: 212.395: Application time: 0.1843664 seconds
2024-10-09T21:20:03.190+0300: 212.395: [GC (Allocation Failure) 2024-10-09T21:20:03.190+0300: 212.395: [ParNew: 460096K->51072K(460096K), 0.0271279 secs] 1171514K->783293K(4143232K), 0.0272162 secs] [Times: user=0.02 sys=0.00, real=0.02 secs] 
2024-10-09T21:20:03.206+0300: 212.422: Total time for which application threads were stopped: 0.0274922 seconds, Stopping threads took: 0.0001486 seconds
2024-10-09T21:20:03.394+0300: 212.602: Application time: 0.1798200 seconds
2024-10-09T21:20:03.394+0300: 212.602: [GC (Allocation Failure) 2024-10-09T21:20:03.394+0300: 212.602: [ParNew: 460096K->51072K(460096K), 0.0235991 secs] 1192317K->794960K(4143232K), 0.0236847 secs] [Times: user=0.02 sys=0.00, real=0.02 secs] 
2024-10-09T21:20:03.410+0300: 212.626: Total time for which application threads were stopped: 0.0239090 seconds, Stopping threads took: 0.0001037 seconds
2024-10-09T21:20:03.598+0300: 212.806: Application time: 0.1805881 seconds
2024-10-09T21:20:03.598+0300: 212.807: [GC (Allocation Failure) 2024-10-09T21:20:03.598+0300: 212.807: [ParNew: 460096K->51072K(460096K), 0.0288082 secs] 1203984K->819161K(4143232K), 0.0288917 secs] [Times: user=0.02 sys=0.00, real=0.03 secs] 
2024-10-09T21:20:03.630+0300: 212.836: Total time for which application threads were stopped: 0.0292015 seconds, Stopping threads took: 0.0001793 seconds
2024-10-09T21:20:03.803+0300: 213.016: Application time: 0.1808600 seconds
2024-10-09T21:20:03.803+0300: 213.017: [GC (Allocation Failure) 2024-10-09T21:20:03.803+0300: 213.017: [ParNew: 460096K->48521K(460096K), 0.0262339 secs] 1228185K->839612K(4143232K), 0.0263206 secs] [Times: user=0.03 sys=0.00, real=0.03 secs] 
2024-10-09T21:20:03.834+0300: 213.043: Total time for which application threads were stopped: 0.0265778 seconds, Stopping threads took: 0.0001404 seconds
2024-10-09T21:20:04.022+0300: 213.226: Application time: 0.1833231 seconds
2024-10-09T21:20:04.022+0300: 213.227: [GC (Allocation Failure) 2024-10-09T21:20:04.022+0300: 213.227: [ParNew: 457545K->51072K(460096K), 0.0264059 secs] 1248636K->858887K(4143232K), 0.0265100 secs] [Times: user=0.02 sys=0.00, real=0.02 secs] 
2024-10-09T21:20:04.038+0300: 213.253: Total time for which application threads were stopped: 0.0268001 seconds, Stopping threads took: 0.0001396 seconds
2024-10-09T21:20:04.226+0300: 213.430: Application time: 0.1767607 seconds
2024-10-09T21:20:04.226+0300: 213.430: [GC (Allocation Failure) 2024-10-09T21:20:04.226+0300: 213.430: [ParNew: 460096K->51072K(460096K), 0.0265843 secs] 1267911K->879187K(4143232K), 0.0266721 secs] [Times: user=0.01 sys=0.00, real=0.02 secs] 
2024-10-09T21:20:04.242+0300: 213.457: Total time for which application threads were stopped: 0.0269187 seconds, Stopping threads took: 0.0001291 seconds
2024-10-09T21:20:04.430+0300: 213.637: Application time: 0.1803434 seconds
2024-10-09T21:20:04.430+0300: 213.637: [GC (Allocation Failure) 2024-10-09T21:20:04.430+0300: 213.637: [ParNew: 460096K->49192K(460096K), 0.0282809 secs] 1288211K->905765K(4143232K), 0.0283672 secs] [Times: user=0.05 sys=0.00, real=0.03 secs] 
2024-10-09T21:20:04.462+0300: 213.666: Total time for which application threads were stopped: 0.0286482 seconds, Stopping threads took: 0.0001577 seconds
2024-10-09T21:20:04.650+0300: 213.855: Application time: 0.1893707 seconds
2024-10-09T21:20:04.650+0300: 213.855: [GC (Allocation Failure) 2024-10-09T21:20:04.650+0300: 213.855: [ParNew: 458216K->51072K(460096K), 0.0221207 secs] 1314789K->912574K(4143232K), 0.0222018 secs] [Times: user=0.02 sys=0.00, real=0.02 secs] 
2024-10-09T21:20:04.666+0300: 213.878: Total time for which application threads were stopped: 0.0224649 seconds, Stopping threads took: 0.0001464 seconds
2024-10-09T21:20:04.838+0300: 214.051: Application time: 0.1733018 seconds
2024-10-09T21:20:04.838+0300: 214.051: [GC (Allocation Failure) 2024-10-09T21:20:04.838+0300: 214.051: [ParNew: 460096K->51072K(460096K), 0.0279605 secs] 1321598K->935841K(4143232K), 0.0280459 secs] [Times: user=0.03 sys=0.00, real=0.03 secs] 
2024-10-09T21:20:04.870+0300: 214.079: Total time for which application threads were stopped: 0.0283406 seconds, Stopping threads took: 0.0001768 seconds
2024-10-09T21:20:05.042+0300: 214.259: Application time: 0.1801095 seconds
2024-10-09T21:20:05.042+0300: 214.260: [GC (Allocation Failure) 2024-10-09T21:20:05.042+0300: 214.260: [ParNew: 460096K->51072K(460096K), 0.0279795 secs] 1344865K->962950K(4143232K), 0.0280665 secs] [Times: user=0.03 sys=0.00, real=0.03 secs] 
2024-10-09T21:20:05.074+0300: 214.288: Total time for which application threads were stopped: 0.0283223 seconds, Stopping threads took: 0.0001291 seconds
2024-10-09T21:20:05.262+0300: 214.474: Application time: 0.1857983 seconds
2024-10-09T21:20:05.262+0300: 214.474: [GC (Allocation Failure) 2024-10-09T21:20:05.262+0300: 214.474: [ParNew: 460096K->51072K(460096K), 0.0229082 secs] 1371974K->970673K(4143232K), 0.0229959 secs] [Times: user=0.03 sys=0.00, real=0.03 secs] 
2024-10-09T21:20:05.294+0300: 214.497: Total time for which application threads were stopped: 0.0232684 seconds, Stopping threads took: 0.0001358 seconds
2024-10-09T21:20:05.466+0300: 214.670: Application time: 0.1734226 seconds
2024-10-09T21:20:05.466+0300: 214.670: [GC (Allocation Failure) 2024-10-09T21:20:05.466+0300: 214.670: [ParNew: 460096K->51072K(460096K), 0.0295409 secs] 1379697K->997375K(4143232K), 0.0296227 secs] [Times: user=0.02 sys=0.02, real=0.03 secs] 
2024-10-09T21:20:05.492+0300: 214.700: Total time for which application threads were stopped: 0.0298684 seconds, Stopping threads took: 0.0001312 seconds
2024-10-09T21:20:05.670+0300: 214.883: Application time: 0.1828594 seconds
2024-10-09T21:20:05.670+0300: 214.883: [GC (Allocation Failure) 2024-10-09T21:20:05.670+0300: 214.883: [ParNew: 460096K->51072K(460096K), 0.0252932 secs] 1406399K->1014928K(4143232K), 0.0253933 secs] [Times: user=0.06 sys=0.00, real=0.03 secs] 
2024-10-09T21:20:05.702+0300: 214.909: Total time for which application threads were stopped: 0.0256548 seconds, Stopping threads took: 0.0001075 seconds
2024-10-09T21:20:05.874+0300: 215.091: Application time: 0.1826025 seconds
2024-10-09T21:20:05.874+0300: 215.091: [GC (Allocation Failure) 2024-10-09T21:20:05.874+0300: 215.092: [ParNew: 460096K->51072K(460096K), 0.0241364 secs] 1423952K->1030154K(4143232K), 0.0242271 secs] [Times: user=0.03 sys=0.00, real=0.03 secs] 
2024-10-09T21:20:05.906+0300: 215.116: Total time for which application threads were stopped: 0.0244879 seconds, Stopping threads took: 0.0001453 seconds
2024-10-09T21:20:06.078+0300: 215.292: Application time: 0.1766218 seconds
2024-10-09T21:20:06.078+0300: 215.293: [GC (Allocation Failure) 2024-10-09T21:20:06.078+0300: 215.293: [ParNew: 460096K->49214K(460096K), 0.0274777 secs] 1439178K->1050819K(4143232K), 0.0275651 secs] [Times: user=0.03 sys=0.00, real=0.03 secs] 
2024-10-09T21:20:06.110+0300: 215.320: Total time for which application threads were stopped: 0.0278164 seconds, Stopping threads took: 0.0001327 seconds
2024-10-09T21:20:06.294+0300: 215.501: Application time: 0.1807200 seconds
2024-10-09T21:20:06.294+0300: 215.501: [GC (Allocation Failure) 2024-10-09T21:20:06.294+0300: 215.501: [ParNew: 458238K->51072K(460096K), 0.0244628 secs] 1459843K->1069517K(4143232K), 0.0245574 secs] [Times: user=0.02 sys=0.00, real=0.02 secs] 
2024-10-09T21:20:06.314+0300: 215.526: Total time for which application threads were stopped: 0.0248332 seconds, Stopping threads took: 0.0001350 seconds
2024-10-09T21:20:06.494+0300: 215.701: Application time: 0.1754656 seconds
2024-10-09T21:20:06.494+0300: 215.701: [GC (Allocation Failure) 2024-10-09T21:20:06.494+0300: 215.701: [ParNew: 460096K->51072K(460096K), 0.0240847 secs] 1478541K->1084281K(4143232K), 0.0241713 secs] [Times: user=0.02 sys=0.00, real=0.02 secs] 
2024-10-09T21:20:06.518+0300: 215.726: Total time for which application threads were stopped: 0.0244390 seconds, Stopping threads took: 0.0001414 seconds
2024-10-09T21:20:06.695+0300: 215.909: Application time: 0.1829867 seconds
2024-10-09T21:20:06.695+0300: 215.909: [GC (Allocation Failure) 2024-10-09T21:20:06.695+0300: 215.909: [ParNew: 460096K->51072K(460096K), 0.0245878 secs] 1493305K->1100990K(4143232K), 0.0246757 secs] [Times: user=0.05 sys=0.00, real=0.03 secs] 
2024-10-09T21:20:06.722+0300: 215.934: Total time for which application threads were stopped: 0.0249767 seconds, Stopping threads took: 0.0001735 seconds
2024-10-09T21:20:06.910+0300: 216.116: Application time: 0.1824335 seconds
2024-10-09T21:20:06.910+0300: 216.116: [GC (Allocation Failure) 2024-10-09T21:20:06.910+0300: 216.116: [ParNew: 460096K->51072K(460096K), 0.0263520 secs] 1510014K->1119141K(4143232K), 0.0264371 secs] [Times: user=0.02 sys=0.00, real=0.02 secs] 
2024-10-09T21:20:06.926+0300: 216.143: Total time for which application threads were stopped: 0.0267048 seconds, Stopping threads took: 0.0001409 seconds
2024-10-09T21:20:07.099+0300: 216.315: Application time: 0.1726189 seconds
2024-10-09T21:20:07.099+0300: 216.316: [GC (Allocation Failure) 2024-10-09T21:20:07.099+0300: 216.316: [ParNew: 460096K->51072K(460096K), 0.0249975 secs] 1528165K->1134213K(4143232K), 0.0250743 secs] [Times: user=0.03 sys=0.00, real=0.03 secs] 
2024-10-09T21:20:07.130+0300: 216.341: Total time for which application threads were stopped: 0.0253364 seconds, Stopping threads took: 0.0001408 seconds
2024-10-09T21:20:07.303+0300: 216.520: Application time: 0.1788713 seconds
2024-10-09T21:20:07.303+0300: 216.520: [GC (Allocation Failure) 2024-10-09T21:20:07.303+0300: 216.520: [ParNew: 460096K->51072K(460096K), 0.0313175 secs] 1543237K->1165681K(4143232K), 0.0314050 secs] [Times: user=0.03 sys=0.00, real=0.03 secs] 
2024-10-09T21:20:07.334+0300: 216.551: Total time for which application threads were stopped: 0.0316805 seconds, Stopping threads took: 0.0001621 seconds
2024-10-09T21:20:07.523+0300: 216.737: Application time: 0.1856127 seconds
2024-10-09T21:20:07.523+0300: 216.737: [GC (Allocation Failure) 2024-10-09T21:20:07.523+0300: 216.737: [ParNew: 460096K->51072K(460096K), 0.0292705 secs] 1574705K->1176622K(4143232K), 0.0293567 secs] [Times: user=0.09 sys=0.00, real=0.03 secs] 
2024-10-09T21:20:07.554+0300: 216.767: Total time for which application threads were stopped: 0.0296723 seconds, Stopping threads took: 0.0001720 seconds
2024-10-09T21:20:07.727+0300: 216.942: Application time: 0.1755240 seconds
2024-10-09T21:20:07.727+0300: 216.942: [GC (Allocation Failure) 2024-10-09T21:20:07.727+0300: 216.942: [ParNew: 460096K->51072K(460096K), 0.0243571 secs] 1585646K->1189234K(4143232K), 0.0244386 secs] [Times: user=0.03 sys=0.00, real=0.03 secs] 
2024-10-09T21:20:07.758+0300: 216.967: Total time for which application threads were stopped: 0.0247123 seconds, Stopping threads took: 0.0001613 seconds
2024-10-09T21:20:07.931+0300: 217.143: Application time: 0.1757878 seconds
2024-10-09T21:20:07.931+0300: 217.143: [GC (Allocation Failure) 2024-10-09T21:20:07.931+0300: 217.143: [ParNew: 460096K->45782K(460096K), 0.0280752 secs] 1598258K->1212472K(4143232K), 0.0281637 secs] [Times: user=0.03 sys=0.00, real=0.03 secs] 
2024-10-09T21:20:07.962+0300: 217.171: Total time for which application threads were stopped: 0.0284135 seconds, Stopping threads took: 0.0001356 seconds
2024-10-09T21:20:08.151+0300: 217.362: Application time: 0.1914487 seconds
2024-10-09T21:20:08.151+0300: 217.363: [GC (Allocation Failure) 2024-10-09T21:20:08.151+0300: 217.363: [ParNew: 454806K->51072K(460096K), 0.0230131 secs] 1621496K->1226462K(4143232K), 0.0230912 secs] [Times: user=0.03 sys=0.00, real=0.03 secs] 
2024-10-09T21:20:08.182+0300: 217.386: Total time for which application threads were stopped: 0.0233114 seconds, Stopping threads took: 0.0001042 seconds
2024-10-09T21:20:08.356+0300: 217.560: Application time: 0.1738727 seconds
2024-10-09T21:20:08.356+0300: 217.560: [GC (Allocation Failure) 2024-10-09T21:20:08.356+0300: 217.560: [ParNew: 460096K->51072K(460096K), 0.0251170 secs] 1635486K->1239369K(4143232K), 0.0252157 secs] [Times: user=0.02 sys=0.00, real=0.02 secs] 
2024-10-09T21:20:08.376+0300: 217.585: Total time for which application threads were stopped: 0.0255192 seconds, Stopping threads took: 0.0001718 seconds
2024-10-09T21:20:08.543+0300: 217.761: Application time: 0.1763306 seconds
2024-10-09T21:20:08.543+0300: 217.762: [GC (Allocation Failure) 2024-10-09T21:20:08.543+0300: 217.762: [ParNew: 460096K->40278K(460096K), 0.0280573 secs] 1648393K->1254473K(4143232K), 0.0281590 secs] [Times: user=0.05 sys=0.00, real=0.03 secs] 
2024-10-09T21:20:08.574+0300: 217.790: Total time for which application threads were stopped: 0.0284353 seconds, Stopping threads took: 0.0001381 seconds
2024-10-09T21:20:08.763+0300: 217.980: Application time: 0.1902977 seconds
2024-10-09T21:20:08.763+0300: 217.980: [GC (Allocation Failure) 2024-10-09T21:20:08.763+0300: 217.980: [ParNew: 449302K->51072K(460096K), 0.0216284 secs] 1663497K->1267503K(4143232K), 0.0217098 secs] [Times: user=0.03 sys=0.00, real=0.04 secs] 
2024-10-09T21:20:08.799+0300: 218.002: Total time for which application threads were stopped: 0.0219673 seconds, Stopping threads took: 0.0001447 seconds
2024-10-09T21:20:08.967+0300: 218.180: Application time: 0.1774779 seconds
2024-10-09T21:20:08.967+0300: 218.180: [GC (Allocation Failure) 2024-10-09T21:20:08.967+0300: 218.180: [ParNew: 460096K->51072K(460096K), 0.0320162 secs] 1676527K->1291348K(4143232K), 0.0321051 secs] [Times: user=0.03 sys=0.00, real=0.03 secs] 
2024-10-09T21:20:09.000+0300: 218.212: Total time for which application threads were stopped: 0.0323687 seconds, Stopping threads took: 0.0001424 seconds
2024-10-09T21:20:09.171+0300: 218.381: Application time: 0.1688425 seconds
2024-10-09T21:20:09.171+0300: 218.381: [GC (Allocation Failure) 2024-10-09T21:20:09.171+0300: 218.381: [ParNew: 460096K->51072K(460096K), 0.0264792 secs] 1700372K->1315212K(4143232K), 0.0265624 secs] [Times: user=0.03 sys=0.00, real=0.03 secs] 
2024-10-09T21:20:09.203+0300: 218.408: Total time for which application threads were stopped: 0.0268288 seconds, Stopping threads took: 0.0001546 seconds
2024-10-09T21:20:09.391+0300: 218.594: Application time: 0.1862939 seconds
2024-10-09T21:20:09.391+0300: 218.594: [GC (Allocation Failure) 2024-10-09T21:20:09.391+0300: 218.594: [ParNew: 460096K->51072K(460096K), 0.0248054 secs] 1724236K->1331609K(4143232K), 0.0249143 secs] [Times: user=0.05 sys=0.00, real=0.02 secs] 
2024-10-09T21:20:09.407+0300: 218.619: Total time for which application threads were stopped: 0.0252134 seconds, Stopping threads took: 0.0001471 seconds
2024-10-09T21:20:09.601+0300: 218.805: Application time: 0.1859575 seconds
2024-10-09T21:20:09.601+0300: 218.805: [GC (Allocation Failure) 2024-10-09T21:20:09.601+0300: 218.806: [ParNew: 460096K->51072K(460096K), 0.0256158 secs] 1740633K->1345671K(4143232K), 0.0257133 secs] [Times: user=0.11 sys=0.00, real=0.02 secs] 
2024-10-09T21:20:09.626+0300: 218.831: Total time for which application threads were stopped: 0.0260185 seconds, Stopping threads took: 0.0001472 seconds
2024-10-09T21:20:09.783+0300: 218.999: Application time: 0.1675638 seconds
2024-10-09T21:20:09.783+0300: 218.999: [GC (Allocation Failure) 2024-10-09T21:20:09.783+0300: 218.999: [ParNew: 460096K->46854K(460096K), 0.0334770 secs] 1754695K->1375944K(4143232K), 0.0335672 secs] [Times: user=0.03 sys=0.00, real=0.03 secs] 
2024-10-09T21:20:09.814+0300: 219.033: Total time for which application threads were stopped: 0.0338369 seconds, Stopping threads took: 0.0001483 seconds
2024-10-09T21:20:10.003+0300: 219.216: Application time: 0.1834715 seconds
2024-10-09T21:20:10.003+0300: 219.216: [GC (Allocation Failure) 2024-10-09T21:20:10.003+0300: 219.216: [ParNew: 455878K->51072K(460096K), 0.0251077 secs] 1784968K->1398602K(4143232K), 0.0252017 secs] [Times: user=0.06 sys=0.00, real=0.03 secs] 
2024-10-09T21:20:10.034+0300: 219.242: Total time for which application threads were stopped: 0.0255007 seconds, Stopping threads took: 0.0001600 seconds
2024-10-09T21:20:10.222+0300: 219.426: Application time: 0.1841051 seconds
2024-10-09T21:20:10.222+0300: 219.426: [GC (Allocation Failure) 2024-10-09T21:20:10.222+0300: 219.426: [ParNew: 460096K->51072K(460096K), 0.0268300 secs] 1807626K->1413800K(4143232K), 0.0269164 secs] [Times: user=0.02 sys=0.00, real=0.02 secs] 
2024-10-09T21:20:10.238+0300: 219.453: Total time for which application threads were stopped: 0.0272254 seconds, Stopping threads took: 0.0001704 seconds
2024-10-09T21:20:10.411+0300: 219.619: Application time: 0.1664814 seconds
2024-10-09T21:20:10.411+0300: 219.620: [GC (Allocation Failure) 2024-10-09T21:20:10.411+0300: 219.620: [ParNew: 460096K->50008K(460096K), 0.0314496 secs] 1822824K->1444497K(4143232K), 0.0315348 secs] [Times: user=0.03 sys=0.00, real=0.03 secs] 
2024-10-09T21:20:10.442+0300: 219.651: Total time for which application threads were stopped: 0.0318541 seconds, Stopping threads took: 0.0001902 seconds
2024-10-09T21:20:10.630+0300: 219.844: Application time: 0.1923848 seconds
2024-10-09T21:20:10.630+0300: 219.844: [GC (Allocation Failure) 2024-10-09T21:20:10.630+0300: 219.844: [ParNew: 459032K->51072K(460096K), 0.0260258 secs] 1853521K->1464539K(4143232K), 0.0261099 secs] [Times: user=0.03 sys=0.00, real=0.03 secs] 
2024-10-09T21:20:10.661+0300: 219.870: Total time for which application threads were stopped: 0.0263839 seconds, Stopping threads took: 0.0001530 seconds
2024-10-09T21:20:10.850+0300: 220.057: Application time: 0.1865008 seconds
2024-10-09T21:20:10.850+0300: 220.057: [GC (Allocation Failure) 2024-10-09T21:20:10.850+0300: 220.057: [ParNew: 460096K->51072K(460096K), 0.0337131 secs] 1873563K->1494375K(4143232K), 0.0337942 secs] [Times: user=0.05 sys=0.00, real=0.03 secs] 
2024-10-09T21:20:10.881+0300: 220.091: Total time for which application threads were stopped: 0.0340774 seconds, Stopping threads took: 0.0001658 seconds
2024-10-09T21:20:11.054+0300: 220.266: Application time: 0.1754333 seconds
2024-10-09T21:20:11.054+0300: 220.266: [GC (Allocation Failure) 2024-10-09T21:20:11.054+0300: 220.266: [ParNew: 460096K->51072K(460096K), 0.0321401 secs] 1903399K->1524214K(4143232K), 0.0322264 secs] [Times: user=0.05 sys=0.00, real=0.03 secs] 
2024-10-09T21:20:11.085+0300: 220.299: Total time for which application threads were stopped: 0.0325882 seconds, Stopping threads took: 0.0002010 seconds
2024-10-09T21:20:11.289+0300: 220.495: Application time: 0.1962525 seconds
2024-10-09T21:20:11.289+0300: 220.495: [GC (Allocation Failure) 2024-10-09T21:20:11.289+0300: 220.495: [ParNew: 460096K->51072K(460096K), 0.0251581 secs] 1933238K->1543503K(4143232K), 0.0252448 secs] [Times: user=0.08 sys=0.00, real=0.02 secs] 
2024-10-09T21:20:11.305+0300: 220.520: Total time for which application threads were stopped: 0.0255202 seconds, Stopping threads took: 0.0001541 seconds
2024-10-09T21:20:11.494+0300: 220.702: Application time: 0.1820184 seconds
2024-10-09T21:20:11.494+0300: 220.703: [GC (Allocation Failure) 2024-10-09T21:20:11.494+0300: 220.703: [ParNew: 460096K->51072K(460096K), 0.0309031 secs] 1952527K->1564111K(4143232K), 0.0309820 secs] [Times: user=0.17 sys=0.00, real=0.03 secs] 
2024-10-09T21:20:11.525+0300: 220.734: Total time for which application threads were stopped: 0.0312226 seconds, Stopping threads took: 0.0001185 seconds
2024-10-09T21:20:11.706+0300: 220.917: Application time: 0.1828516 seconds
2024-10-09T21:20:11.706+0300: 220.917: [GC (Allocation Failure) 2024-10-09T21:20:11.706+0300: 220.917: [ParNew: 460096K->51072K(460096K), 0.0242157 secs] 1973135K->1578576K(4143232K), 0.0242951 secs] [Times: user=0.11 sys=0.00, real=0.02 secs] 
2024-10-09T21:20:11.729+0300: 220.941: Total time for which application threads were stopped: 0.0245553 seconds, Stopping threads took: 0.0001416 seconds
2024-10-09T21:20:11.918+0300: 221.121: Application time: 0.1800587 seconds
2024-10-09T21:20:11.918+0300: 221.121: [GC (Allocation Failure) 2024-10-09T21:20:11.918+0300: 221.121: [ParNew: 460096K->50618K(460096K), 0.0253640 secs] 1987600K->1600442K(4143232K), 0.0254378 secs] [Times: user=0.09 sys=0.00, real=0.02 secs] 
2024-10-09T21:20:11.933+0300: 221.147: Total time for which application threads were stopped: 0.0256858 seconds, Stopping threads took: 0.0001157 seconds
2024-10-09T21:20:12.122+0300: 221.330: Application time: 0.1826831 seconds
2024-10-09T21:20:12.122+0300: 221.330: [GC (Allocation Failure) 2024-10-09T21:20:12.122+0300: 221.330: [ParNew: 459642K->51072K(460096K), 0.0233147 secs] 2009466K->1608391K(4143232K), 0.0233925 secs] [Times: user=0.06 sys=0.00, real=0.02 secs] 
2024-10-09T21:20:12.138+0300: 221.353: Total time for which application threads were stopped: 0.0236585 seconds, Stopping threads took: 0.0001469 seconds
2024-10-09T21:20:12.326+0300: 221.530: Application time: 0.1769044 seconds
2024-10-09T21:20:12.326+0300: 221.530: [GC (Allocation Failure) 2024-10-09T21:20:12.326+0300: 221.530: [ParNew: 460096K->51072K(460096K), 0.0281644 secs] 2017415K->1631772K(4143232K), 0.0282558 secs] [Times: user=0.06 sys=0.00, real=0.02 secs] 
2024-10-09T21:20:12.342+0300: 221.559: Total time for which application threads were stopped: 0.0285709 seconds, Stopping threads took: 0.0001784 seconds
2024-10-09T21:20:12.530+0300: 221.744: Application time: 0.1855191 seconds
2024-10-09T21:20:12.530+0300: 221.745: [GC (Allocation Failure) 2024-10-09T21:20:12.530+0300: 221.745: [ParNew: 460096K->51072K(460096K), 0.0298849 secs] 2040796K->1656131K(4143232K), 0.0299681 secs] [Times: user=0.16 sys=0.00, real=0.03 secs] 
2024-10-09T21:20:12.561+0300: 221.775: Total time for which application threads were stopped: 0.0304099 seconds, Stopping threads took: 0.0003175 seconds
2024-10-09T21:20:12.750+0300: 221.964: Application time: 0.1898615 seconds
2024-10-09T21:20:12.750+0300: 221.965: [GC (Allocation Failure) 2024-10-09T21:20:12.750+0300: 221.965: [ParNew: 460096K->51072K(460096K), 0.0230453 secs] 2065155K->1660830K(4143232K), 0.0231301 secs] [Times: user=0.14 sys=0.00, real=0.03 secs] 
2024-10-09T21:20:12.781+0300: 221.988: Total time for which application threads were stopped: 0.0233890 seconds, Stopping threads took: 0.0001248 seconds
2024-10-09T21:20:12.954+0300: 222.159: Application time: 0.1710575 seconds
2024-10-09T21:20:12.954+0300: 222.159: [GC (Allocation Failure) 2024-10-09T21:20:12.954+0300: 222.159: [ParNew: 460096K->51072K(460096K), 0.0307160 secs] 2069854K->1689923K(4143232K), 0.0308209 secs] [Times: user=0.19 sys=0.00, real=0.03 secs] 
2024-10-09T21:20:12.985+0300: 222.190: Total time for which application threads were stopped: 0.0311047 seconds, Stopping threads took: 0.0001350 seconds
2024-10-09T21:20:13.158+0300: 222.375: Application time: 0.1852121 seconds
2024-10-09T21:20:13.158+0300: 222.375: [GC (Allocation Failure) 2024-10-09T21:20:13.158+0300: 222.375: [ParNew: 460096K->47007K(460096K), 0.0278243 secs] 2098947K->1711255K(4143232K), 0.0279011 secs] [Times: user=0.16 sys=0.00, real=0.03 secs] 
2024-10-09T21:20:13.189+0300: 222.403: Total time for which application threads were stopped: 0.0281645 seconds, Stopping threads took: 0.0001349 seconds
2024-10-09T21:20:13.388+0300: 222.594: Application time: 0.1910322 seconds
2024-10-09T21:20:13.388+0300: 222.595: [GC (Allocation Failure) 2024-10-09T21:20:13.388+0300: 222.595: [ParNew: 456031K->51072K(460096K), 0.0237180 secs] 2120279K->1722898K(4143232K), 0.0237968 secs] [Times: user=0.02 sys=0.00, real=0.02 secs] 
2024-10-09T21:20:13.409+0300: 222.618: Total time for which application threads were stopped: 0.0240262 seconds, Stopping threads took: 0.0001066 seconds
2024-10-09T21:20:13.582+0300: 222.796: Application time: 0.1776066 seconds
2024-10-09T21:20:13.582+0300: 222.796: [GC (Allocation Failure) 2024-10-09T21:20:13.582+0300: 222.796: [ParNew: 460096K->51072K(460096K), 0.0303242 secs] 2131922K->1748705K(4143232K), 0.0304100 secs] [Times: user=0.11 sys=0.00, real=0.03 secs] 
2024-10-09T21:20:13.613+0300: 222.827: Total time for which application threads were stopped: 0.0306580 seconds, Stopping threads took: 0.0001173 seconds
2024-10-09T21:20:13.804+0300: 223.010: Application time: 0.1828819 seconds
2024-10-09T21:20:13.804+0300: 223.010: [GC (Allocation Failure) 2024-10-09T21:20:13.804+0300: 223.010: [ParNew: 460096K->51072K(460096K), 0.0249090 secs] 2157729K->1767696K(4143232K), 0.0249954 secs] [Times: user=0.11 sys=0.00, real=0.01 secs] 
2024-10-09T21:20:13.817+0300: 223.035: Total time for which application threads were stopped: 0.0252394 seconds, Stopping threads took: 0.0001185 seconds
2024-10-09T21:20:14.021+0300: 223.225: Application time: 0.1899807 seconds
2024-10-09T21:20:14.021+0300: 223.225: [GC (Allocation Failure) 2024-10-09T21:20:14.021+0300: 223.225: [ParNew: 460096K->51072K(460096K), 0.0295331 secs] 2176720K->1789214K(4143232K), 0.0296256 secs] [Times: user=0.05 sys=0.00, real=0.02 secs] 
2024-10-09T21:20:14.037+0300: 223.255: Total time for which application threads were stopped: 0.0298712 seconds, Stopping threads took: 0.0001175 seconds
2024-10-09T21:20:14.211+0300: 223.425: Application time: 0.1703561 seconds
2024-10-09T21:20:14.211+0300: 223.425: [GC (Allocation Failure) 2024-10-09T21:20:14.211+0300: 223.425: [ParNew: 460096K->51072K(460096K), 0.0251055 secs] 2198238K->1805099K(4143232K), 0.0251947 secs] [Times: user=0.17 sys=0.00, real=0.03 secs] 
2024-10-09T21:20:14.241+0300: 223.451: Total time for which application threads were stopped: 0.0254476 seconds, Stopping threads took: 0.0001267 seconds
2024-10-09T21:20:14.429+0300: 223.633: Application time: 0.1823430 seconds
2024-10-09T21:20:14.429+0300: 223.633: [GC (Allocation Failure) 2024-10-09T21:20:14.429+0300: 223.633: [ParNew: 460096K->43249K(460096K), 0.0314849 secs] 2214123K->1829412K(4143232K), 0.0315694 secs] [Times: user=0.05 sys=0.00, real=0.03 secs] 
2024-10-09T21:20:14.461+0300: 223.665: Total time for which application threads were stopped: 0.0318181 seconds, Stopping threads took: 0.0001289 seconds
2024-10-09T21:20:14.649+0300: 223.859: Application time: 0.1941017 seconds
2024-10-09T21:20:14.649+0300: 223.859: [GC (Allocation Failure) 2024-10-09T21:20:14.649+0300: 223.859: [ParNew: 452273K->51072K(460096K), 0.0238109 secs] 2238436K->1849969K(4143232K), 0.0239073 secs] [Times: user=0.05 sys=0.00, real=0.02 secs] 
2024-10-09T21:20:14.665+0300: 223.883: Total time for which application threads were stopped: 0.0241827 seconds, Stopping threads took: 0.0001472 seconds
2024-10-09T21:20:14.853+0300: 224.059: Application time: 0.1756882 seconds
2024-10-09T21:20:14.853+0300: 224.059: [GC (Allocation Failure) 2024-10-09T21:20:14.853+0300: 224.059: [ParNew: 460096K->51072K(460096K), 0.0241465 secs] 2258993K->1861422K(4143232K), 0.0242335 secs] [Times: user=0.03 sys=0.00, real=0.02 secs] 
2024-10-09T21:20:14.869+0300: 224.083: Total time for which application threads were stopped: 0.0245101 seconds, Stopping threads took: 0.0001605 seconds
2024-10-09T21:20:15.042+0300: 224.255: Application time: 0.1713542 seconds
2024-10-09T21:20:15.042+0300: 224.255: [GC (Allocation Failure) 2024-10-09T21:20:15.042+0300: 224.255: [ParNew: 460096K->48279K(460096K), 0.0320958 secs] 2270446K->1895377K(4143232K), 0.0321837 secs] [Times: user=0.03 sys=0.00, real=0.03 secs] 
2024-10-09T21:20:15.073+0300: 224.287: Total time for which application threads were stopped: 0.0324098 seconds, Stopping threads took: 0.0001063 seconds
2024-10-09T21:20:15.262+0300: 224.477: Application time: 0.1902823 seconds
2024-10-09T21:20:15.262+0300: 224.477: [GC (Allocation Failure) 2024-10-09T21:20:15.262+0300: 224.477: [ParNew: 457303K->51072K(460096K), 0.0229138 secs] 2304401K->1902092K(4143232K), 0.0229921 secs] [Times: user=0.03 sys=0.00, real=0.03 secs] 
2024-10-09T21:20:15.293+0300: 224.500: Total time for which application threads were stopped: 0.0232375 seconds, Stopping threads took: 0.0001298 seconds
2024-10-09T21:20:15.466+0300: 224.677: Application time: 0.1767421 seconds
2024-10-09T21:20:15.466+0300: 224.677: [GC (Allocation Failure) 2024-10-09T21:20:15.466+0300: 224.677: [ParNew: 460096K->51072K(460096K), 0.0324771 secs] 2311116K->1925510K(4143232K), 0.0325596 secs] [Times: user=0.03 sys=0.00, real=0.03 secs] 
2024-10-09T21:20:15.497+0300: 224.710: Total time for which application threads were stopped: 0.0328154 seconds, Stopping threads took: 0.0001399 seconds
2024-10-09T21:20:15.685+0300: 224.890: Application time: 0.1800399 seconds
2024-10-09T21:20:15.685+0300: 224.890: [GC (Allocation Failure) 2024-10-09T21:20:15.685+0300: 224.890: [ParNew: 460096K->51072K(460096K), 0.0320748 secs] 2334534K->1956130K(4143232K), 0.0321634 secs] [Times: user=0.17 sys=0.00, real=0.03 secs] 
2024-10-09T21:20:15.717+0300: 224.923: Total time for which application threads were stopped: 0.0325040 seconds, Stopping threads took: 0.0001987 seconds
2024-10-09T21:20:15.889+0300: 225.106: Application time: 0.1832070 seconds
2024-10-09T21:20:15.889+0300: 225.106: [GC (Allocation Failure) 2024-10-09T21:20:15.889+0300: 225.106: [ParNew: 460096K->42379K(460096K), 0.0260455 secs] 2365154K->1970595K(4143232K), 0.0261353 secs] [Times: user=0.03 sys=0.00, real=0.03 secs] 
2024-10-09T21:20:15.921+0300: 225.132: Total time for which application threads were stopped: 0.0264039 seconds, Stopping threads took: 0.0001516 seconds
2024-10-09T21:20:16.109+0300: 225.318: Application time: 0.1856604 seconds
2024-10-09T21:20:16.109+0300: 225.318: [GC (Allocation Failure) 2024-10-09T21:20:16.109+0300: 225.318: [ParNew: 451403K->51072K(460096K), 0.0241621 secs] 2379619K->1988122K(4143232K), 0.0242512 secs] [Times: user=0.01 sys=0.00, real=0.02 secs] 
2024-10-09T21:20:16.125+0300: 225.342: Total time for which application threads were stopped: 0.0245077 seconds, Stopping threads took: 0.0001415 seconds
2024-10-09T21:20:16.298+0300: 225.516: Application time: 0.1736705 seconds
2024-10-09T21:20:16.298+0300: 225.516: [GC (Allocation Failure) 2024-10-09T21:20:16.298+0300: 225.516: [ParNew: 460096K->51072K(460096K), 0.0280495 secs] 2397146K->2011269K(4143232K), 0.0281386 secs] [Times: user=0.03 sys=0.00, real=0.03 secs] 
2024-10-09T21:20:16.330+0300: 225.545: Total time for which application threads were stopped: 0.0284645 seconds, Stopping threads took: 0.0001836 seconds
2024-10-09T21:20:16.502+0300: 225.719: Application time: 0.1746193 seconds
2024-10-09T21:20:16.502+0300: 225.719: [GC (Allocation Failure) 2024-10-09T21:20:16.502+0300: 225.719: [ParNew: 460096K->48219K(460096K), 0.0252720 secs] 2420293K->2029568K(4143232K), 0.0254677 secs] [Times: user=0.02 sys=0.00, real=0.03 secs] 
2024-10-09T21:20:16.534+0300: 225.745: Total time for which application threads were stopped: 0.0257438 seconds, Stopping threads took: 0.0001499 seconds
2024-10-09T21:20:16.722+0300: 225.933: Application time: 0.1879315 seconds
2024-10-09T21:20:16.722+0300: 225.933: [GC (Allocation Failure) 2024-10-09T21:20:16.722+0300: 225.933: [ParNew: 457243K->51072K(460096K), 0.0235412 secs] 2438592K->2042492K(4143232K), 0.0236314 secs] [Times: user=0.03 sys=0.00, real=0.03 secs] 
2024-10-09T21:20:16.753+0300: 225.957: Total time for which application threads were stopped: 0.0239075 seconds, Stopping threads took: 0.0001536 seconds
2024-10-09T21:20:16.917+0300: 226.127: Application time: 0.1707413 seconds
2024-10-09T21:20:16.917+0300: 226.128: [GC (Allocation Failure) 2024-10-09T21:20:16.917+0300: 226.128: [ParNew: 460096K->51072K(460096K), 0.0275305 secs] 2451516K->2064104K(4143232K), 0.0276102 secs] [Times: user=0.01 sys=0.00, real=0.02 secs] 
2024-10-09T21:20:16.942+0300: 226.155: Total time for which application threads were stopped: 0.0278726 seconds, Stopping threads took: 0.0001500 seconds
2024-10-09T21:20:17.118+0300: 226.331: Application time: 0.1755102 seconds
2024-10-09T21:20:17.118+0300: 226.331: [GC (Allocation Failure) 2024-10-09T21:20:17.118+0300: 226.331: [ParNew: 460096K->49285K(460096K), 0.0257069 secs] 2473128K->2084410K(4143232K), 0.0257924 secs] [Times: user=0.02 sys=0.00, real=0.03 secs] 
2024-10-09T21:20:17.146+0300: 226.357: Total time for which application threads were stopped: 0.0260626 seconds, Stopping threads took: 0.0001573 seconds
2024-10-09T21:20:17.334+0300: 226.540: Application time: 0.1834843 seconds
2024-10-09T21:20:17.334+0300: 226.541: [GC (Allocation Failure) 2024-10-09T21:20:17.334+0300: 226.543: [ParNew: 458309K->51072K(460096K), 0.0235887 secs] 2493434K->2097671K(4143232K), 0.0258517 secs] [Times: user=0.02 sys=0.00, real=0.02 secs] 
2024-10-09T21:20:17.350+0300: 226.567: Total time for which application threads were stopped: 0.0261140 seconds, Stopping threads took: 0.0001394 seconds
2024-10-09T21:20:17.522+0300: 226.739: Application time: 0.1724054 seconds
2024-10-09T21:20:17.522+0300: 226.739: [GC (Allocation Failure) 2024-10-09T21:20:17.522+0300: 226.739: [ParNew: 460096K->51072K(460096K), 0.0280121 secs] 2506695K->2117491K(4143232K), 0.0280993 secs] [Times: user=0.03 sys=0.00, real=0.03 secs] 
2024-10-09T21:20:17.554+0300: 226.767: Total time for which application threads were stopped: 0.0283836 seconds, Stopping threads took: 0.0001627 seconds
2024-10-09T21:20:17.742+0300: 226.948: Application time: 0.1810267 seconds
2024-10-09T21:20:17.742+0300: 226.949: [GC (Allocation Failure) 2024-10-09T21:20:17.742+0300: 226.949: [ParNew: 460096K->51072K(460096K), 0.0301409 secs] 2526515K->2145340K(4143232K), 0.0302288 secs] [Times: user=0.03 sys=0.00, real=0.03 secs] 
2024-10-09T21:20:17.773+0300: 226.979: Total time for which application threads were stopped: 0.0305298 seconds, Stopping threads took: 0.0001789 seconds
2024-10-09T21:20:17.946+0300: 227.161: Application time: 0.1816580 seconds
2024-10-09T21:20:17.946+0300: 227.161: [GC (Allocation Failure) 2024-10-09T21:20:17.946+0300: 227.161: [ParNew: 460096K->51072K(460096K), 0.0246619 secs] 2554364K->2158787K(4143232K), 0.0247474 secs] [Times: user=0.03 sys=0.00, real=0.03 secs] 
2024-10-09T21:20:17.978+0300: 227.186: Total time for which application threads were stopped: 0.0249882 seconds, Stopping threads took: 0.0001244 seconds
2024-10-09T21:20:18.150+0300: 227.358: Application time: 0.1722627 seconds
2024-10-09T21:20:18.150+0300: 227.358: [GC (Allocation Failure) 2024-10-09T21:20:18.150+0300: 227.358: [ParNew: 460096K->51072K(460096K), 0.0318751 secs] 2567811K->2187680K(4143232K), 0.0319624 secs] [Times: user=0.01 sys=0.00, real=0.03 secs] 
2024-10-09T21:20:18.182+0300: 227.390: Total time for which application threads were stopped: 0.0322492 seconds, Stopping threads took: 0.0001732 seconds
2024-10-09T21:20:18.354+0300: 227.568: Application time: 0.1780045 seconds
2024-10-09T21:20:18.354+0300: 227.568: [GC (Allocation Failure) 2024-10-09T21:20:18.354+0300: 227.568: [ParNew: 460096K->51072K(460096K), 0.0264020 secs] 2596704K->2205827K(4143232K), 0.0264956 secs] [Times: user=0.03 sys=0.00, real=0.03 secs] 
2024-10-09T21:20:18.386+0300: 227.595: Total time for which application threads were stopped: 0.0267658 seconds, Stopping threads took: 0.0001493 seconds
2024-10-09T21:20:18.575+0300: 227.784: Application time: 0.1890418 seconds
2024-10-09T21:20:18.575+0300: 227.784: [GC (Allocation Failure) 2024-10-09T21:20:18.575+0300: 227.784: [ParNew: 460096K->51072K(460096K), 0.0312780 secs] 2614851K->2231804K(4143232K), 0.0313746 secs] [Times: user=0.06 sys=0.00, real=0.03 secs] 
2024-10-09T21:20:18.606+0300: 227.816: Total time for which application threads were stopped: 0.0316468 seconds, Stopping threads took: 0.0001409 seconds
2024-10-09T21:20:18.779+0300: 227.985: Application time: 0.1696300 seconds
2024-10-09T21:20:18.779+0300: 227.985: [GC (Allocation Failure) 2024-10-09T21:20:18.779+0300: 227.985: [ParNew: 460096K->51072K(460096K), 0.0282788 secs] 2640828K->2254898K(4143232K), 0.0283617 secs] [Times: user=0.03 sys=0.00, real=0.03 secs] 
2024-10-09T21:20:18.810+0300: 228.014: Total time for which application threads were stopped: 0.0286206 seconds, Stopping threads took: 0.0001453 seconds
2024-10-09T21:20:18.983+0300: 228.192: Application time: 0.1777569 seconds
2024-10-09T21:20:18.983+0300: 228.192: [GC (Allocation Failure) 2024-10-09T21:20:18.983+0300: 228.192: [ParNew: 460096K->51072K(460096K), 0.0246903 secs] 2663922K->2271231K(4143232K), 0.0247773 secs] [Times: user=0.02 sys=0.00, real=0.01 secs] 
2024-10-09T21:20:18.998+0300: 228.217: Total time for which application threads were stopped: 0.0250347 seconds, Stopping threads took: 0.0001367 seconds
2024-10-09T21:20:19.187+0300: 228.396: Application time: 0.1790901 seconds
2024-10-09T21:20:19.187+0300: 228.396: [GC (Allocation Failure) 2024-10-09T21:20:19.187+0300: 228.396: [ParNew: 460096K->51072K(460096K), 0.0246625 secs] 2680255K->2285457K(4143232K), 0.0247498 secs] [Times: user=0.02 sys=0.00, real=0.01 secs] 
2024-10-09T21:20:19.202+0300: 228.421: Total time for which application threads were stopped: 0.0250170 seconds, Stopping threads took: 0.0001426 seconds
2024-10-09T21:20:19.375+0300: 228.593: Application time: 0.1726846 seconds
2024-10-09T21:20:19.375+0300: 228.594: [GC (Allocation Failure) 2024-10-09T21:20:19.391+0300: 228.594: [ParNew: 460096K->50874K(460096K), 0.0251567 secs] 2694481K->2303091K(4143232K), 0.0252991 secs] [Times: user=0.05 sys=0.00, real=0.03 secs] 
2024-10-09T21:20:19.406+0300: 228.619: Total time for which application threads were stopped: 0.0255615 seconds, Stopping threads took: 0.0001384 seconds
2024-10-09T21:20:19.595+0300: 228.807: Application time: 0.1880552 seconds
2024-10-09T21:20:19.595+0300: 228.807: [GC (Allocation Failure) 2024-10-09T21:20:19.595+0300: 228.807: [ParNew: 459898K->51072K(460096K), 0.0237917 secs] 2712115K->2317838K(4143232K), 0.0238765 secs] [Times: user=0.03 sys=0.00, real=0.03 secs] 
2024-10-09T21:20:19.626+0300: 228.831: Total time for which application threads were stopped: 0.0241435 seconds, Stopping threads took: 0.0001513 seconds
2024-10-09T21:20:19.799+0300: 229.011: Application time: 0.1799501 seconds
2024-10-09T21:20:19.799+0300: 229.011: [GC (Allocation Failure) 2024-10-09T21:20:19.799+0300: 229.011: [ParNew: 460096K->51072K(460096K), 0.0212192 secs] 2726862K->2325405K(4143232K), 0.0213083 secs] [Times: user=0.03 sys=0.00, real=0.02 secs] 
2024-10-09T21:20:19.824+0300: 229.033: Total time for which application threads were stopped: 0.0215904 seconds, Stopping threads took: 0.0001640 seconds
2024-10-09T21:20:19.986+0300: 229.199: Application time: 0.1663921 seconds
2024-10-09T21:20:19.986+0300: 229.199: [GC (Allocation Failure) 2024-10-09T21:20:19.986+0300: 229.199: [ParNew: 460096K->46719K(460096K), 0.0266847 secs] 2734429K->2343150K(4143232K), 0.0267703 secs] [Times: user=0.02 sys=0.00, real=0.03 secs] 
2024-10-09T21:20:20.018+0300: 229.226: Total time for which application threads were stopped: 0.0270689 seconds, Stopping threads took: 0.0001345 seconds
2024-10-09T21:20:20.206+0300: 229.413: Application time: 0.1869874 seconds
2024-10-09T21:20:20.206+0300: 229.413: [GC (Allocation Failure) 2024-10-09T21:20:20.206+0300: 229.413: [ParNew: 455743K->51072K(460096K), 0.0259987 secs] 2752174K->2365456K(4143232K), 0.0260890 secs] [Times: user=0.01 sys=0.00, real=0.02 secs] 
2024-10-09T21:20:20.225+0300: 229.440: Total time for which application threads were stopped: 0.0263714 seconds, Stopping threads took: 0.0001645 seconds
2024-10-09T21:20:20.410+0300: 229.621: Application time: 0.1812231 seconds
2024-10-09T21:20:20.410+0300: 229.621: [GC (Allocation Failure) 2024-10-09T21:20:20.410+0300: 229.621: [ParNew: 460096K->51072K(460096K), 0.0290289 secs] 2774480K->2386830K(4143232K), 0.0291115 secs] [Times: user=0.03 sys=0.00, real=0.03 secs] 
2024-10-09T21:20:20.442+0300: 229.650: Total time for which application threads were stopped: 0.0293285 seconds, Stopping threads took: 0.0001060 seconds
2024-10-09T21:20:20.614+0300: 229.823: Application time: 0.1732134 seconds
2024-10-09T21:20:20.614+0300: 229.824: [GC (Allocation Failure) 2024-10-09T21:20:20.614+0300: 229.824: [ParNew: 460096K->51072K(460096K), 0.0296865 secs] 2795854K->2412683K(4143232K), 0.0297726 secs] [Times: user=0.05 sys=0.00, real=0.03 secs] 
2024-10-09T21:20:20.646+0300: 229.853: Total time for which application threads were stopped: 0.0301113 seconds, Stopping threads took: 0.0002014 seconds
2024-10-09T21:20:20.834+0300: 230.042: Application time: 0.1884603 seconds
2024-10-09T21:20:20.834+0300: 230.042: [GC (Allocation Failure) 2024-10-09T21:20:20.834+0300: 230.042: [ParNew: 460096K->47559K(460096K), 0.0254523 secs] 2821707K->2429528K(4143232K), 0.0255476 secs] [Times: user=0.02 sys=0.00, real=0.02 secs] 
2024-10-09T21:20:20.850+0300: 230.068: Total time for which application threads were stopped: 0.0258862 seconds, Stopping threads took: 0.0001897 seconds
2024-10-09T21:20:21.045+0300: 230.249: Application time: 0.1809375 seconds
2024-10-09T21:20:21.046+0300: 230.249: [GC (Allocation Failure) 2024-10-09T21:20:21.046+0300: 230.249: [ParNew: 456583K->51072K(460096K), 0.0259977 secs] 2838552K->2446595K(4143232K), 0.0260844 secs] [Times: user=0.02 sys=0.00, real=0.02 secs] 
2024-10-09T21:20:21.069+0300: 230.275: Total time for which application threads were stopped: 0.0263897 seconds, Stopping threads took: 0.0001900 seconds
2024-10-09T21:20:21.226+0300: 230.439: Application time: 0.1643952 seconds
2024-10-09T21:20:21.226+0300: 230.440: [GC (Allocation Failure) 2024-10-09T21:20:21.226+0300: 230.440: [ParNew: 460096K->51072K(460096K), 0.0325363 secs] 2855619K->2479484K(4143232K), 0.0326229 secs] [Times: user=0.03 sys=0.00, real=0.03 secs] 
2024-10-09T21:20:21.257+0300: 230.472: Total time for which application threads were stopped: 0.0328860 seconds, Stopping threads took: 0.0001477 seconds
2024-10-09T21:20:21.445+0300: 230.660: Application time: 0.1878457 seconds
2024-10-09T21:20:21.445+0300: 230.660: [GC (Allocation Failure) 2024-10-09T21:20:21.445+0300: 230.663: [ParNew: 460096K->51072K(460096K), 0.0275617 secs] 2888508K->2504151K(4143232K), 0.0297548 secs] [Times: user=0.03 sys=0.00, real=0.03 secs] 
2024-10-09T21:20:21.477+0300: 230.690: Total time for which application threads were stopped: 0.0300472 seconds, Stopping threads took: 0.0001719 seconds
2024-10-09T21:20:21.665+0300: 230.878: Application time: 0.1878213 seconds
2024-10-09T21:20:21.665+0300: 230.878: [GC (Allocation Failure) 2024-10-09T21:20:21.665+0300: 230.878: [ParNew: 460096K->51072K(460096K), 0.0253147 secs] 2913175K->2513104K(4143232K), 0.0254045 secs] [Times: user=0.06 sys=0.00, real=0.03 secs] 
2024-10-09T21:20:21.696+0300: 230.904: Total time for which application threads were stopped: 0.0257284 seconds, Stopping threads took: 0.0001905 seconds
2024-10-09T21:20:21.853+0300: 231.068: Application time: 0.1641196 seconds
2024-10-09T21:20:21.853+0300: 231.068: [GC (Allocation Failure) 2024-10-09T21:20:21.853+0300: 231.068: [ParNew: 460096K->50100K(460096K), 0.0298714 secs] 2922128K->2542520K(4143232K), 0.0299646 secs] [Times: user=0.03 sys=0.00, real=0.03 secs] 
2024-10-09T21:20:21.884+0300: 231.098: Total time for which application threads were stopped: 0.0302307 seconds, Stopping threads took: 0.0001369 seconds
2024-10-09T21:20:22.072+0300: 231.282: Application time: 0.1840311 seconds
2024-10-09T21:20:22.072+0300: 231.282: [GC (Allocation Failure) 2024-10-09T21:20:22.072+0300: 231.282: [ParNew: 459124K->47462K(460096K), 0.0234187 secs] 2951544K->2555803K(4143232K), 0.0235058 secs] [Times: user=0.03 sys=0.00, real=0.02 secs] 
2024-10-09T21:20:22.088+0300: 231.306: Total time for which application threads were stopped: 0.0237594 seconds, Stopping threads took: 0.0001135 seconds
2024-10-09T21:20:22.276+0300: 231.487: Application time: 0.1807670 seconds
2024-10-09T21:20:22.276+0300: 231.487: [GC (Allocation Failure) 2024-10-09T21:20:22.276+0300: 231.487: [ParNew: 456486K->51072K(460096K), 0.0245670 secs] 2964827K->2569352K(4143232K), 0.0246503 secs] [Times: user=0.02 sys=0.00, real=0.03 secs] 
2024-10-09T21:20:22.308+0300: 231.512: Total time for which application threads were stopped: 0.0249149 seconds, Stopping threads took: 0.0001416 seconds
2024-10-09T21:20:22.465+0300: 231.674: Application time: 0.1628406 seconds
2024-10-09T21:20:22.465+0300: 231.675: [GC (Allocation Failure) 2024-10-09T21:20:22.465+0300: 231.675: [ParNew: 460096K->51072K(460096K), 0.0315700 secs] 2978376K->2601527K(4143232K), 0.0316598 secs] [Times: user=0.03 sys=0.00, real=0.03 secs] 
2024-10-09T21:20:22.496+0300: 231.706: Total time for which application threads were stopped: 0.0319258 seconds, Stopping threads took: 0.0001408 seconds
2024-10-09T21:20:22.684+0300: 231.892: Application time: 0.1860201 seconds
2024-10-09T21:20:22.684+0300: 231.893: [GC (Allocation Failure) 2024-10-09T21:20:22.684+0300: 231.893: [ParNew: 460096K->45145K(460096K), 0.0253346 secs] 3010551K->2615271K(4143232K), 0.0254269 secs] [Times: user=0.09 sys=0.00, real=0.02 secs] 
2024-10-09T21:20:22.700+0300: 231.918: Total time for which application threads were stopped: 0.0256997 seconds, Stopping threads took: 0.0001357 seconds
2024-10-09T21:20:22.888+0300: 232.106: Application time: 0.1879499 seconds
2024-10-09T21:20:22.888+0300: 232.106: [GC (Allocation Failure) 2024-10-09T21:20:22.888+0300: 232.106: [ParNew: 454169K->51072K(460096K), 0.0238901 secs] 3024295K->2631698K(4143232K), 0.0239838 secs] [Times: user=0.03 sys=0.00, real=0.03 secs] 
2024-10-09T21:20:22.920+0300: 232.130: Total time for which application threads were stopped: 0.0242656 seconds, Stopping threads took: 0.0001553 seconds
2024-10-09T21:20:23.092+0300: 232.299: Application time: 0.1685215 seconds
2024-10-09T21:20:23.092+0300: 232.299: [GC (Allocation Failure) 2024-10-09T21:20:23.092+0300: 232.299: [ParNew: 460096K->51072K(460096K), 0.0257890 secs] 3040722K->2649344K(4143232K), 0.0258797 secs] [Times: user=0.05 sys=0.00, real=0.02 secs] 
2024-10-09T21:20:23.108+0300: 232.325: Total time for which application threads were stopped: 0.0261906 seconds, Stopping threads took: 0.0001808 seconds
2024-10-09T21:20:23.297+0300: 232.505: Application time: 0.1797840 seconds
2024-10-09T21:20:23.297+0300: 232.505: [GC (Allocation Failure) 2024-10-09T21:20:23.297+0300: 232.505: [ParNew: 460096K->50681K(460096K), 0.0249219 secs] 3058368K->2668186K(4143232K), 0.0250101 secs] [Times: user=0.02 sys=0.00, real=0.02 secs] 
2024-10-09T21:20:23.312+0300: 232.530: Total time for which application threads were stopped: 0.0252921 seconds, Stopping threads took: 0.0001577 seconds
2024-10-09T21:20:23.517+0300: 232.724: Application time: 0.1942575 seconds
2024-10-09T21:20:23.517+0300: 232.725: [GC (Allocation Failure) 2024-10-09T21:20:23.517+0300: 232.725: [ParNew: 459705K->51072K(460096K), 0.0259164 secs] 3077210K->2681573K(4143232K), 0.0259965 secs] [Times: user=0.02 sys=0.00, real=0.02 secs] 
2024-10-09T21:20:23.533+0300: 232.751: Total time for which application threads were stopped: 0.0262511 seconds, Stopping threads took: 0.0001387 seconds
2024-10-09T21:20:23.721+0300: 232.924: Application time: 0.1735323 seconds
2024-10-09T21:20:23.721+0300: 232.924: [GC (Allocation Failure) 2024-10-09T21:20:23.721+0300: 232.924: [ParNew: 460096K->51072K(460096K), 0.0246001 secs] 3090597K->2694731K(4143232K), 0.0246898 secs] [Times: user=0.02 sys=0.00, real=0.02 secs] 
2024-10-09T21:20:23.737+0300: 232.949: Total time for which application threads were stopped: 0.0249579 seconds, Stopping threads took: 0.0001407 seconds
2024-10-09T21:20:23.909+0300: 233.121: Application time: 0.1717138 seconds
2024-10-09T21:20:23.909+0300: 233.121: [GC (Allocation Failure) 2024-10-09T21:20:23.909+0300: 233.121: [ParNew: 460096K->46556K(460096K), 0.0318842 secs] 3103755K->2724998K(4143232K), 0.0319755 secs] [Times: user=0.03 sys=0.00, real=0.03 secs] 
2024-10-09T21:20:23.941+0300: 233.153: Total time for which application threads were stopped: 0.0322965 seconds, Stopping threads took: 0.0001840 seconds
2024-10-09T21:20:24.133+0300: 233.347: Application time: 0.1940722 seconds
2024-10-09T21:20:24.133+0300: 233.347: [GC (Allocation Failure) 2024-10-09T21:20:24.133+0300: 233.348: [ParNew: 455580K->51072K(460096K), 0.0251236 secs] 3134022K->2744134K(4143232K), 0.0252083 secs] [Times: user=0.01 sys=0.00, real=0.03 secs] 
2024-10-09T21:20:24.161+0300: 233.373: Total time for which application threads were stopped: 0.0254735 seconds, Stopping threads took: 0.0001455 seconds
2024-10-09T21:20:24.333+0300: 233.545: Application time: 0.1722257 seconds
2024-10-09T21:20:24.333+0300: 233.545: [GC (Allocation Failure) 2024-10-09T21:20:24.333+0300: 233.545: [ParNew: 460096K->51072K(460096K), 0.0261955 secs] 3153158K->2758175K(4143232K), 0.0262832 secs] [Times: user=0.05 sys=0.00, real=0.03 secs] 
2024-10-09T21:20:24.364+0300: 233.572: Total time for which application threads were stopped: 0.0265720 seconds, Stopping threads took: 0.0001607 seconds
2024-10-09T21:20:24.534+0300: 233.740: Application time: 0.1685737 seconds
2024-10-09T21:20:24.537+0300: 233.740: [GC (Allocation Failure) 2024-10-09T21:20:24.537+0300: 233.740: [ParNew: 460096K->42047K(460096K), 0.0332064 secs] 3167199K->2783366K(4143232K), 0.0332946 secs] [Times: user=0.03 sys=0.00, real=0.03 secs] 
2024-10-09T21:20:24.568+0300: 233.774: Total time for which application threads were stopped: 0.0335845 seconds, Stopping threads took: 0.0001663 seconds
2024-10-09T21:20:24.757+0300: 233.970: Application time: 0.1959135 seconds
2024-10-09T21:20:24.757+0300: 233.970: [GC (Allocation Failure) 2024-10-09T21:20:24.757+0300: 233.970: [ParNew: 451071K->49006K(460096K), 0.0270696 secs] 3192390K->2811585K(4143232K), 0.0271535 secs] [Times: user=0.03 sys=0.00, real=0.03 secs] 
2024-10-09T21:20:24.788+0300: 233.997: Total time for which application threads were stopped: 0.0274088 seconds, Stopping threads took: 0.0001338 seconds
2024-10-09T21:20:24.961+0300: 234.172: Application time: 0.1745699 seconds
2024-10-09T21:20:24.961+0300: 234.172: [GC (Allocation Failure) 2024-10-09T21:20:24.961+0300: 234.172: [ParNew: 458030K->51072K(460096K), 0.0229948 secs] 3220609K->2821933K(4143232K), 0.0230839 secs] [Times: user=0.02 sys=0.00, real=0.02 secs] 
2024-10-09T21:20:24.977+0300: 234.195: Total time for which application threads were stopped: 0.0233839 seconds, Stopping threads took: 0.0001613 seconds
2024-10-09T21:20:25.149+0300: 234.357: Application time: 0.1623870 seconds
2024-10-09T21:20:25.149+0300: 234.358: [GC (Allocation Failure) 2024-10-09T21:20:25.149+0300: 234.358: [ParNew: 460096K->48906K(460096K), 0.0307906 secs] 3230957K->2848074K(4143232K), 0.0308776 secs] [Times: user=0.03 sys=0.00, real=0.03 secs] 
2024-10-09T21:20:25.180+0300: 234.389: Total time for which application threads were stopped: 0.0311464 seconds, Stopping threads took: 0.0001493 seconds
2024-10-09T21:20:25.369+0300: 234.576: Application time: 0.1877062 seconds
2024-10-09T21:20:25.369+0300: 234.576: [GC (Allocation Failure) 2024-10-09T21:20:25.369+0300: 234.576: [ParNew: 457930K->40701K(460096K), 0.0281364 secs] 3257098K->2865349K(4143232K), 0.0282313 secs] [Times: user=0.05 sys=0.00, real=0.03 secs] 
2024-10-09T21:20:25.400+0300: 234.605: Total time for which application threads were stopped: 0.0284825 seconds, Stopping threads took: 0.0001249 seconds
2024-10-09T21:20:25.573+0300: 234.792: Application time: 0.1868194 seconds
2024-10-09T21:20:25.588+0300: 234.792: [GC (Allocation Failure) 2024-10-09T21:20:25.588+0300: 234.792: [ParNew: 449725K->51072K(460096K), 0.0234726 secs] 3274373K->2880878K(4143232K), 0.0235665 secs] [Times: user=0.05 sys=0.00, real=0.02 secs] 
2024-10-09T21:20:25.604+0300: 234.815: Total time for which application threads were stopped: 0.0238679 seconds, Stopping threads took: 0.0001526 seconds
2024-10-09T21:20:25.777+0300: 234.981: Application time: 0.1653669 seconds
2024-10-09T21:20:25.777+0300: 234.981: [GC (Allocation Failure) 2024-10-09T21:20:25.777+0300: 234.981: [ParNew: 460096K->51072K(460096K), 0.0310866 secs] 3289902K->2912132K(4143232K), 0.0311648 secs] [Times: user=0.03 sys=0.00, real=0.03 secs] 
2024-10-09T21:20:25.808+0300: 235.012: Total time for which application threads were stopped: 0.0314030 seconds, Stopping threads took: 0.0001212 seconds
2024-10-09T21:20:25.981+0300: 235.192: Application time: 0.1798264 seconds
2024-10-09T21:20:25.981+0300: 235.192: [GC (Allocation Failure) 2024-10-09T21:20:25.981+0300: 235.192: [ParNew: 460096K->40621K(460096K), 0.0262272 secs] 3321156K->2926235K(4143232K), 0.0263153 secs] [Times: user=0.03 sys=0.00, real=0.03 secs] 
2024-10-09T21:20:26.012+0300: 235.219: Total time for which application threads were stopped: 0.0265586 seconds, Stopping threads took: 0.0001197 seconds
2024-10-09T21:20:26.200+0300: 235.404: Application time: 0.1850412 seconds
2024-10-09T21:20:26.200+0300: 235.404: [GC (Allocation Failure) 2024-10-09T21:20:26.200+0300: 235.404: [ParNew: 449645K->51072K(460096K), 0.0220000 secs] 3335259K->2940275K(4143232K), 0.0220747 secs] [Times: user=0.01 sys=0.00, real=0.02 secs] 
2024-10-09T21:20:26.216+0300: 235.426: Total time for which application threads were stopped: 0.0223438 seconds, Stopping threads took: 0.0001412 seconds
2024-10-09T21:20:26.373+0300: 235.588: Application time: 0.1618075 seconds
2024-10-09T21:20:26.373+0300: 235.588: [GC (Allocation Failure) 2024-10-09T21:20:26.373+0300: 235.588: [ParNew: 460096K->51072K(460096K), 0.0313738 secs] 3349299K->2969466K(4143232K), 0.0314594 secs] [Times: user=0.03 sys=0.00, real=0.03 secs] 
2024-10-09T21:20:26.405+0300: 235.619: Total time for which application threads were stopped: 0.0317341 seconds, Stopping threads took: 0.0001561 seconds
2024-10-09T21:20:26.593+0300: 235.803: Application time: 0.1837055 seconds
2024-10-09T21:20:26.593+0300: 235.803: [GC (Allocation Failure) 2024-10-09T21:20:26.593+0300: 235.804: [ParNew: 460096K->48122K(460096K), 0.0272359 secs] 3378490K->2992761K(4143232K), 0.0273278 secs] [Times: user=0.11 sys=0.02, real=0.03 secs] 
2024-10-09T21:20:26.624+0300: 235.831: Total time for which application threads were stopped: 0.0276490 seconds, Stopping threads took: 0.0001886 seconds
2024-10-09T21:20:26.813+0300: 236.025: Application time: 0.1938857 seconds
2024-10-09T21:20:26.813+0300: 236.025: [GC (Allocation Failure) 2024-10-09T21:20:26.813+0300: 236.025: [ParNew: 457146K->51072K(460096K), 0.0249662 secs] 3401785K->3004918K(4143232K), 0.0250477 secs] [Times: user=0.03 sys=0.00, real=0.03 secs] 
2024-10-09T21:20:26.844+0300: 236.050: Total time for which application threads were stopped: 0.0253143 seconds, Stopping threads took: 0.0001436 seconds
2024-10-09T21:20:27.001+0300: 236.212: Application time: 0.1621748 seconds
2024-10-09T21:20:27.001+0300: 236.212: [GC (Allocation Failure) 2024-10-09T21:20:27.001+0300: 236.212: [ParNew: 460096K->51072K(460096K), 0.0266927 secs] 3413942K->3021663K(4143232K), 0.0267821 secs] [Times: user=0.03 sys=0.00, real=0.03 secs] 
2024-10-09T21:20:27.032+0300: 236.239: Total time for which application threads were stopped: 0.0270395 seconds, Stopping threads took: 0.0001358 seconds
2024-10-09T21:20:27.205+0300: 236.415: Application time: 0.1759624 seconds
2024-10-09T21:20:27.205+0300: 236.415: [GC (Allocation Failure) 2024-10-09T21:20:27.205+0300: 236.415: [ParNew: 460096K->45737K(460096K), 0.0264802 secs] 3430687K->3042736K(4143232K), 0.0265731 secs] [Times: user=0.03 sys=0.00, real=0.03 secs] 
2024-10-09T21:20:27.236+0300: 236.442: Total time for which application threads were stopped: 0.0268264 seconds, Stopping threads took: 0.0001346 seconds
2024-10-09T21:20:27.425+0300: 236.633: Application time: 0.1905574 seconds
2024-10-09T21:20:27.425+0300: 236.633: [GC (Allocation Failure) 2024-10-09T21:20:27.425+0300: 236.633: [ParNew: 454761K->51072K(460096K), 0.0232661 secs] 3451760K->3056100K(4143232K), 0.0233485 secs] [Times: user=0.02 sys=0.00, real=0.02 secs] 
2024-10-09T21:20:27.441+0300: 236.656: Total time for which application threads were stopped: 0.0236201 seconds, Stopping threads took: 0.0001532 seconds
2024-10-09T21:20:27.613+0300: 236.830: Application time: 0.1739658 seconds
2024-10-09T21:20:27.613+0300: 236.830: [GC (Allocation Failure) 2024-10-09T21:20:27.613+0300: 236.831: [ParNew: 460096K->51072K(460096K), 0.0273071 secs] 3465124K->3074199K(4143232K), 0.0273999 secs] [Times: user=0.03 sys=0.00, real=0.03 secs] 
2024-10-09T21:20:27.645+0300: 236.858: Total time for which application threads were stopped: 0.0276919 seconds, Stopping threads took: 0.0001506 seconds
2024-10-09T21:20:27.817+0300: 237.031: Application time: 0.1727532 seconds
2024-10-09T21:20:27.817+0300: 237.031: [GC (Allocation Failure) 2024-10-09T21:20:27.817+0300: 237.031: [ParNew: 460096K->51072K(460096K), 0.0323787 secs] 3483223K->3109469K(4143232K), 0.0324698 secs] [Times: user=0.03 sys=0.02, real=0.04 secs] 
2024-10-09T21:20:27.860+0300: 237.063: Total time for which application threads were stopped: 0.0327721 seconds, Stopping threads took: 0.0001647 seconds
2024-10-09T21:20:28.042+0300: 237.253: Application time: 0.1892559 seconds
2024-10-09T21:20:28.042+0300: 237.253: [GC (Allocation Failure) 2024-10-09T21:20:28.042+0300: 237.253: [ParNew: 460096K->51072K(460096K), 0.0236010 secs] 3518493K->3120979K(4143232K), 0.0236893 secs] [Times: user=0.02 sys=0.00, real=0.03 secs] 
2024-10-09T21:20:28.069+0300: 237.277: Total time for which application threads were stopped: 0.0239727 seconds, Stopping threads took: 0.0001587 seconds
2024-10-09T21:20:28.243+0300: 237.450: Application time: 0.1736928 seconds
2024-10-09T21:20:28.243+0300: 237.451: [GC (Allocation Failure) 2024-10-09T21:20:28.243+0300: 237.451: [ParNew: 460096K->51072K(460096K), 0.0220526 secs] 3530003K->3128919K(4143232K), 0.0221404 secs] [Times: user=0.00 sys=0.00, real=0.01 secs] 
2024-10-09T21:20:28.257+0300: 237.473: Total time for which application threads were stopped: 0.0224045 seconds, Stopping threads took: 0.0001407 seconds
2024-10-09T21:20:28.429+0300: 237.644: Application time: 0.1709985 seconds
2024-10-09T21:20:28.429+0300: 237.644: [GC (Allocation Failure) 2024-10-09T21:20:28.429+0300: 237.644: [ParNew: 460096K->47589K(460096K), 0.0328585 secs] 3537943K->3159672K(4143232K), 0.0329514 secs] [Times: user=0.14 sys=0.00, real=0.03 secs] 
2024-10-09T21:20:28.461+0300: 237.677: Total time for which application threads were stopped: 0.0332664 seconds, Stopping threads took: 0.0001873 seconds
2024-10-09T21:20:28.665+0300: 237.874: Application time: 0.1969627 seconds
2024-10-09T21:20:28.665+0300: 237.874: [GC (Allocation Failure) 2024-10-09T21:20:28.665+0300: 237.874: [ParNew: 456613K->45294K(460096K), 0.0266352 secs] 3568696K->3177542K(4143232K), 0.0267293 secs] [Times: user=0.03 sys=0.00, real=0.03 secs] 
2024-10-09T21:20:28.697+0300: 237.901: Total time for which application threads were stopped: 0.0270090 seconds, Stopping threads took: 0.0001406 seconds
2024-10-09T21:20:28.869+0300: 238.079: Application time: 0.1783987 seconds
2024-10-09T21:20:28.869+0300: 238.080: [GC (Allocation Failure) 2024-10-09T21:20:28.869+0300: 238.080: [ParNew: 454318K->51072K(460096K), 0.0226305 secs] 3586566K->3188949K(4143232K), 0.0227192 secs] [Times: user=0.02 sys=0.00, real=0.02 secs] 
2024-10-09T21:20:28.884+0300: 238.102: Total time for which application threads were stopped: 0.0230187 seconds, Stopping threads took: 0.0001645 seconds
2024-10-09T21:20:29.057+0300: 238.274: Application time: 0.1720278 seconds
2024-10-09T21:20:29.057+0300: 238.275: [GC (Allocation Failure) 2024-10-09T21:20:29.057+0300: 238.275: [ParNew: 460096K->51072K(460096K), 0.0329771 secs] 3597973K->3222269K(4143232K), 0.0330648 secs] [Times: user=0.05 sys=0.00, real=0.05 secs] 
2024-10-09T21:20:29.104+0300: 238.308: Total time for which application threads were stopped: 0.0333560 seconds, Stopping threads took: 0.0001639 seconds
2024-10-09T21:20:29.277+0300: 238.485: Application time: 0.1771810 seconds
2024-10-09T21:20:29.277+0300: 238.485: [GC (Allocation Failure) 2024-10-09T21:20:29.277+0300: 238.485: [ParNew: 460096K->51072K(460096K), 0.0240957 secs] 3631293K->3236534K(4143232K), 0.0241877 secs] [Times: user=0.03 sys=0.00, real=0.02 secs] 
2024-10-09T21:20:29.292+0300: 238.509: Total time for which application threads were stopped: 0.0244564 seconds, Stopping threads took: 0.0001490 seconds
2024-10-09T21:20:29.481+0300: 238.692: Application time: 0.1830024 seconds
2024-10-09T21:20:29.481+0300: 238.693: [GC (Allocation Failure) 2024-10-09T21:20:29.481+0300: 238.693: [ParNew: 460096K->51072K(460096K), 0.0277811 secs] 3645558K->3252606K(4143232K), 0.0278717 secs] [Times: user=0.06 sys=0.00, real=0.03 secs] 
2024-10-09T21:20:29.512+0300: 238.721: Total time for which application threads were stopped: 0.0281616 seconds, Stopping threads took: 0.0001706 seconds
2024-10-09T21:20:29.685+0300: 238.900: Application time: 0.1789921 seconds
2024-10-09T21:20:29.685+0300: 238.900: [GC (Allocation Failure) 2024-10-09T21:20:29.685+0300: 238.900: [ParNew: 460096K->48154K(460096K), 0.0277385 secs] 3661630K->3273081K(4143232K), 0.0278298 secs] [Times: user=0.05 sys=0.00, real=0.03 secs] 
2024-10-09T21:20:29.716+0300: 238.928: Total time for which application threads were stopped: 0.0281252 seconds, Stopping threads took: 0.0001705 seconds
2024-10-09T21:20:29.889+0300: 239.104: Application time: 0.1765079 seconds
2024-10-09T21:20:29.889+0300: 239.104: [GC (Allocation Failure) 2024-10-09T21:20:29.889+0300: 239.105: [ParNew: 457178K->51072K(460096K), 0.0234571 secs] 3682105K->3288691K(4143232K), 0.0235439 secs] [Times: user=0.03 sys=0.00, real=0.03 secs] 
2024-10-09T21:20:29.920+0300: 239.128: Total time for which application threads were stopped: 0.0238069 seconds, Stopping threads took: 0.0001408 seconds
2024-10-09T21:20:30.093+0300: 239.311: Application time: 0.1829193 seconds
2024-10-09T21:20:30.093+0300: 239.311: [GC (Allocation Failure) 2024-10-09T21:20:30.093+0300: 239.311: [ParNew: 460096K->51072K(460096K), 0.0293494 secs] 3697715K->3310328K(4143232K), 0.0294445 secs] [Times: user=0.06 sys=0.00, real=0.03 secs] 
2024-10-09T21:20:30.124+0300: 239.341: Total time for which application threads were stopped: 0.0297173 seconds, Stopping threads took: 0.0001455 seconds
2024-10-09T21:20:30.297+0300: 239.514: Application time: 0.1731589 seconds
2024-10-09T21:20:30.297+0300: 239.514: [GC (Allocation Failure) 2024-10-09T21:20:30.297+0300: 239.514: [ParNew: 460096K->51072K(460096K), 0.0257207 secs] 3719352K->3329675K(4143232K), 0.0258101 secs] [Times: user=0.03 sys=0.00, real=0.03 secs] 
2024-10-09T21:20:30.328+0300: 239.540: Total time for which application threads were stopped: 0.0260879 seconds, Stopping threads took: 0.0001546 seconds
2024-10-09T21:20:30.501+0300: 239.718: Application time: 0.1778420 seconds
2024-10-09T21:20:30.501+0300: 239.718: [GC (Allocation Failure) 2024-10-09T21:20:30.501+0300: 239.718: [ParNew: 460096K->51072K(460096K), 0.0253916 secs] 3738699K->3344591K(4143232K), 0.0254876 secs] [Times: user=0.03 sys=0.00, real=0.03 secs] 
2024-10-09T21:20:30.532+0300: 239.744: Total time for which application threads were stopped: 0.0257791 seconds, Stopping threads took: 0.0001552 seconds
2024-10-09T21:20:30.721+0300: 239.926: Application time: 0.1824949 seconds
2024-10-09T21:20:30.721+0300: 239.926: [GC (Allocation Failure) 2024-10-09T21:20:30.721+0300: 239.926: [ParNew: 460096K->48782K(460096K), 0.0254520 secs] 3753615K->3358795K(4143232K), 0.0255452 secs] [Times: user=0.05 sys=0.00, real=0.03 secs] 
2024-10-09T21:20:30.748+0300: 239.952: Total time for which application threads were stopped: 0.0257953 seconds, Stopping threads took: 0.0001039 seconds
2024-10-09T21:20:30.925+0300: 240.130: Application time: 0.1778099 seconds
2024-10-09T21:20:30.925+0300: 240.130: [GC (Allocation Failure) 2024-10-09T21:20:30.925+0300: 240.130: [ParNew: 457806K->51072K(460096K), 0.0242341 secs] 3767819K->3377032K(4143232K), 0.0243183 secs] [Times: user=0.03 sys=0.00, real=0.02 secs] 
2024-10-09T21:20:30.948+0300: 240.154: Total time for which application threads were stopped: 0.0245917 seconds, Stopping threads took: 0.0001567 seconds
2024-10-09T21:20:31.129+0300: 240.337: Application time: 0.1823382 seconds
2024-10-09T21:20:31.129+0300: 240.337: [GC (Allocation Failure) 2024-10-09T21:20:31.129+0300: 240.337: [ParNew: 460096K->51072K(460096K), 0.0277513 secs] 3786056K->3396488K(4143232K), 0.0278338 secs] [Times: user=0.03 sys=0.00, real=0.03 secs] 
2024-10-09T21:20:31.161+0300: 240.365: Total time for which application threads were stopped: 0.0280717 seconds, Stopping threads took: 0.0001180 seconds
2024-10-09T21:20:31.333+0300: 240.537: Application time: 0.1719681 seconds
2024-10-09T21:20:31.333+0300: 240.537: [GC (Allocation Failure) 2024-10-09T21:20:31.333+0300: 240.537: [ParNew: 460096K->51072K(460096K), 0.0262515 secs] 3805512K->3415737K(4143232K), 0.0263337 secs] [Times: user=0.03 sys=0.02, real=0.02 secs] 
2024-10-09T21:20:31.349+0300: 240.563: Total time for which application threads were stopped: 0.0265867 seconds, Stopping threads took: 0.0001286 seconds
2024-10-09T21:20:31.521+0300: 240.739: Application time: 0.1754533 seconds
2024-10-09T21:20:31.521+0300: 240.739: [GC (Allocation Failure) 2024-10-09T21:20:31.521+0300: 240.739: [ParNew: 460096K->51072K(460096K), 0.0281695 secs] 3824761K->3435295K(4143232K), 0.0282550 secs] [Times: user=0.03 sys=0.00, real=0.03 secs] 
2024-10-09T21:20:31.553+0300: 240.767: Total time for which application threads were stopped: 0.0285097 seconds, Stopping threads took: 0.0001341 seconds
2024-10-09T21:20:31.553+0300: 240.767: Application time: 0.0000654 seconds
2024-10-09T21:20:31.553+0300: 240.767: [GC (CMS Initial Mark) [1 CMS-initial-mark: 3384223K(3683136K)] 3439325K(4143232K), 0.0056280 secs] [Times: user=0.00 sys=0.00, real=0.02 secs] 
2024-10-09T21:20:31.569+0300: 240.773: Total time for which application threads were stopped: 0.0058567 seconds, Stopping threads took: 0.0001229 seconds
2024-10-09T21:20:31.569+0300: 240.773: [CMS-concurrent-mark-start]
2024-10-09T21:20:31.584+0300: 240.790: [CMS-concurrent-mark: 0.017/0.017 secs] [Times: user=0.02 sys=0.00, real=0.02 secs] 
2024-10-09T21:20:31.584+0300: 240.790: [CMS-concurrent-preclean-start]
2024-10-09T21:20:31.584+0300: 240.794: [CMS-concurrent-preclean: 0.004/0.004 secs] [Times: user=0.00 sys=0.00, real=0.00 secs] 
2024-10-09T21:20:31.584+0300: 240.794: [CMS-concurrent-abortable-preclean-start]
2024-10-09T21:20:31.757+0300: 240.972: [CMS-concurrent-abortable-preclean: 0.178/0.178 secs] [Times: user=1.11 sys=0.00, real=0.17 secs] 
2024-10-09T21:20:31.757+0300: 240.972: Application time: 0.1988432 seconds
2024-10-09T21:20:31.757+0300: 240.972: [GC (CMS Final Remark) [YG occupancy: 440809 K (460096 K)]2024-10-09T21:20:31.757+0300: 240.972: [Rescan (parallel) , 0.0459905 secs]2024-10-09T21:20:31.804+0300: 241.018: [weak refs processing, 0.0000176 secs]2024-10-09T21:20:31.804+0300: 241.018: [class unloading, 0.0021184 secs]2024-10-09T21:20:31.804+0300: 241.020: [scrub symbol table, 0.0007296 secs]2024-10-09T21:20:31.804+0300: 241.021: [scrub string table, 0.0002025 secs][1 CMS-remark: 3384223K(3683136K)] 3825033K(4143232K), 0.0491715 secs] [Times: user=0.05 sys=0.00, real=0.05 secs] 
2024-10-09T21:20:31.804+0300: 241.021: Total time for which application threads were stopped: 0.0494087 seconds, Stopping threads took: 0.0001501 seconds
2024-10-09T21:20:31.804+0300: 241.022: [CMS-concurrent-sweep-start]
2024-10-09T21:20:31.820+0300: 241.034: Application time: 0.0124825 seconds
2024-10-09T21:20:31.820+0300: 241.034: [GC (Allocation Failure) 2024-10-09T21:20:31.820+0300: 241.034: [ParNew: 460096K->51072K(460096K), 0.0281252 secs] 3816784K->3426929K(4143232K), 0.0282191 secs] [Times: user=0.03 sys=0.00, real=0.03 secs] 
2024-10-09T21:20:31.851+0300: 241.062: Total time for which application threads were stopped: 0.0285178 seconds, Stopping threads took: 0.0001771 seconds
2024-10-09T21:20:32.055+0300: 241.274: Application time: 0.2114079 seconds
2024-10-09T21:20:32.071+0300: 241.274: [GC (Allocation Failure) 2024-10-09T21:20:32.071+0300: 241.274: [ParNew: 460096K->50552K(460096K), 0.0251609 secs] 3421149K->3033983K(4143232K), 0.0252518 secs] [Times: user=0.02 sys=0.00, real=0.02 secs] 
2024-10-09T21:20:32.087+0300: 241.299: Total time for which application threads were stopped: 0.0255722 seconds, Stopping threads took: 0.0001806 seconds
2024-10-09T21:20:32.307+0300: 241.523: Application time: 0.2234401 seconds
2024-10-09T21:20:32.307+0300: 241.523: [GC (Allocation Failure) 2024-10-09T21:20:32.307+0300: 241.523: [ParNew: 459576K->51072K(460096K), 0.0233765 secs] 3021427K->2622652K(4143232K), 0.0234651 secs] [Times: user=0.03 sys=0.00, real=0.03 secs] 
2024-10-09T21:20:32.338+0300: 241.547: Total time for which application threads were stopped: 0.0237672 seconds, Stopping threads took: 0.0001771 seconds
2024-10-09T21:20:32.558+0300: 241.763: Application time: 0.2166194 seconds
2024-10-09T21:20:32.558+0300: 241.764: [GC (Allocation Failure) 2024-10-09T21:20:32.558+0300: 241.764: [ParNew: 460096K->51072K(460096K), 0.0276494 secs] 2621767K->2227836K(4143232K), 0.0277565 secs] [Times: user=0.16 sys=0.00, real=0.02 secs] 
2024-10-09T21:20:32.574+0300: 241.791: Total time for which application threads were stopped: 0.0280522 seconds, Stopping threads took: 0.0001314 seconds
2024-10-09T21:20:32.793+0300: 241.998: Application time: 0.2065629 seconds
2024-10-09T21:20:32.793+0300: 241.998: [GC (Allocation Failure) 2024-10-09T21:20:32.793+0300: 241.998: [ParNew: 460096K->51072K(460096K), 0.0306766 secs] 2237547K->1856818K(4143232K), 0.0307634 secs] [Times: user=0.02 sys=0.00, real=0.03 secs] 
2024-10-09T21:20:32.824+0300: 242.029: Total time for which application threads were stopped: 0.0310840 seconds, Stopping threads took: 0.0001821 seconds
2024-10-09T21:20:33.028+0300: 242.239: Application time: 0.2104910 seconds
2024-10-09T21:20:33.028+0300: 242.240: [GC (Allocation Failure) 2024-10-09T21:20:33.028+0300: 242.240: [ParNew: 460096K->51072K(460096K), 0.0244093 secs] 1887959K->1493630K(4143232K), 0.0244981 secs] [Times: user=0.03 sys=0.00, real=0.03 secs] 
2024-10-09T21:20:33.060+0300: 242.264: Total time for which application threads were stopped: 0.0248359 seconds, Stopping threads took: 0.0002114 seconds
2024-10-09T21:20:33.264+0300: 242.476: Application time: 0.2121251 seconds
2024-10-09T21:20:33.264+0300: 242.477: [GC (Allocation Failure) 2024-10-09T21:20:33.264+0300: 242.477: [ParNew: 460096K->51072K(460096K), 0.0245443 secs] 1512110K->1119298K(4143232K), 0.0246304 secs] [Times: user=0.02 sys=0.00, real=0.03 secs] 
2024-10-09T21:20:33.295+0300: 242.501: Total time for which application threads were stopped: 0.0249198 seconds, Stopping threads took: 0.0001712 seconds
2024-10-09T21:20:33.517+0300: 242.720: Application time: 0.2189171 seconds
2024-10-09T21:20:33.517+0300: 242.720: [GC (Allocation Failure) 2024-10-09T21:20:33.517+0300: 242.721: [ParNew: 460096K->51072K(460096K), 0.0276711 secs] 1151088K->758241K(4143232K), 0.0277515 secs] [Times: user=0.03 sys=0.00, real=0.03 secs] 
2024-10-09T21:20:33.544+0300: 242.748: Total time for which application threads were stopped: 0.0280148 seconds, Stopping threads took: 0.0001459 seconds
2024-10-09T21:20:33.755+0300: 242.966: Application time: 0.2182170 seconds
2024-10-09T21:20:33.755+0300: 242.967: [GC (Allocation Failure) 2024-10-09T21:20:33.755+0300: 242.967: [ParNew: 460096K->51072K(460096K), 0.0297833 secs] 780820K->398283K(4143232K), 0.0298859 secs] [Times: user=0.03 sys=0.00, real=0.03 secs] 
2024-10-09T21:20:33.782+0300: 242.997: Total time for which application threads were stopped: 0.0301886 seconds, Stopping threads took: 0.0001722 seconds
2024-10-09T21:20:33.876+0300: 243.085: [CMS-concurrent-sweep: 1.818/2.063 secs] [Times: user=10.73 sys=0.00, real=2.07 secs] 
2024-10-09T21:20:33.876+0300: 243.085: [CMS-concurrent-reset-start]
2024-10-09T21:20:33.876+0300: 243.092: [CMS-concurrent-reset: 0.008/0.008 secs] [Times: user=0.08 sys=0.00, real=0.00 secs] 
2024-10-09T21:20:33.986+0300: 243.190: Application time: 0.1937590 seconds
2024-10-09T21:20:33.986+0300: 243.191: [GC (Allocation Failure) 2024-10-09T21:20:33.986+0300: 243.191: [ParNew: 460096K->51072K(460096K), 0.0246082 secs] 660764K->268030K(4143232K), 0.0247025 secs] [Times: user=0.01 sys=0.00, real=0.01 secs] 
2024-10-09T21:20:34.001+0300: 243.215: Total time for which application threads were stopped: 0.0249971 seconds, Stopping threads took: 0.0001481 seconds
2024-10-09T21:20:34.174+0300: 243.390: Application time: 0.1750538 seconds
2024-10-09T21:20:34.174+0300: 243.391: [GC (Allocation Failure) 2024-10-09T21:20:34.174+0300: 243.391: [ParNew: 460096K->51072K(460096K), 0.0293653 secs] 677054K->291455K(4143232K), 0.0294489 secs] [Times: user=0.03 sys=0.00, real=0.03 secs] 
2024-10-09T21:20:34.205+0300: 243.420: Total time for which application threads were stopped: 0.0297224 seconds, Stopping threads took: 0.0001498 seconds
2024-10-09T21:20:34.378+0300: 243.596: Application time: 0.1754147 seconds
2024-10-09T21:20:34.378+0300: 243.596: [GC (Allocation Failure) 2024-10-09T21:20:34.378+0300: 243.596: [ParNew: 460096K->51072K(460096K), 0.0262387 secs] 700479K->312128K(4143232K), 0.0263300 secs] [Times: user=0.05 sys=0.00, real=0.03 secs] 
2024-10-09T21:20:34.409+0300: 243.622: Total time for which application threads were stopped: 0.0265692 seconds, Stopping threads took: 0.0001179 seconds
2024-10-09T21:20:34.597+0300: 243.808: Application time: 0.1856596 seconds
2024-10-09T21:20:34.597+0300: 243.808: [GC (Allocation Failure) 2024-10-09T21:20:34.597+0300: 243.808: [ParNew: 460096K->51072K(460096K), 0.0261911 secs] 721152K->329926K(4143232K), 0.0262756 secs] [Times: user=0.05 sys=0.00, real=0.03 secs] 
2024-10-09T21:20:34.628+0300: 243.834: Total time for which application threads were stopped: 0.0265907 seconds, Stopping threads took: 0.0001844 seconds
2024-10-09T21:20:34.801+0300: 244.016: Application time: 0.1811377 seconds
2024-10-09T21:20:34.801+0300: 244.016: [GC (Allocation Failure) 2024-10-09T21:20:34.801+0300: 244.016: [ParNew: 460096K->51072K(460096K), 0.0291799 secs] 738950K->352305K(4143232K), 0.0292652 secs] [Times: user=0.03 sys=0.00, real=0.03 secs] 
2024-10-09T21:20:34.832+0300: 244.045: Total time for which application threads were stopped: 0.0295592 seconds, Stopping threads took: 0.0001767 seconds
2024-10-09T21:20:35.005+0300: 244.218: Application time: 0.1727785 seconds
2024-10-09T21:20:35.005+0300: 244.218: [GC (Allocation Failure) 2024-10-09T21:20:35.005+0300: 244.218: [ParNew: 460096K->51072K(460096K), 0.0291047 secs] 761329K->376811K(4143232K), 0.0291942 secs] [Times: user=0.05 sys=0.00, real=0.03 secs] 
2024-10-09T21:20:35.036+0300: 244.247: Total time for which application threads were stopped: 0.0295208 seconds, Stopping threads took: 0.0002020 seconds
2024-10-09T21:20:35.210+0300: 244.428: Application time: 0.1807095 seconds
2024-10-09T21:20:35.225+0300: 244.428: [GC (Allocation Failure) 2024-10-09T21:20:35.225+0300: 244.428: [ParNew: 460096K->51072K(460096K), 0.0230318 secs] 785835K->391244K(4143232K), 0.0231186 secs] [Times: user=0.02 sys=0.00, real=0.02 secs] 
2024-10-09T21:20:35.241+0300: 244.452: Total time for which application threads were stopped: 0.0234018 seconds, Stopping threads took: 0.0001482 seconds
2024-10-09T21:20:35.429+0300: 244.633: Application time: 0.1812699 seconds
2024-10-09T21:20:35.429+0300: 244.633: [GC (Allocation Failure) 2024-10-09T21:20:35.429+0300: 244.633: [ParNew: 460096K->51072K(460096K), 0.0261567 secs] 800268K->406650K(4143232K), 0.0262415 secs] [Times: user=0.02 sys=0.00, real=0.02 secs] 
2024-10-09T21:20:35.445+0300: 244.659: Total time for which application threads were stopped: 0.0265016 seconds, Stopping threads took: 0.0001424 seconds
2024-10-09T21:20:35.633+0300: 244.841: Application time: 0.1814040 seconds
2024-10-09T21:20:35.633+0300: 244.841: [GC (Allocation Failure) 2024-10-09T21:20:35.633+0300: 244.841: [ParNew: 460096K->51072K(460096K), 0.0313810 secs] 815674K->433942K(4143232K), 0.0314729 secs] [Times: user=0.05 sys=0.00, real=0.03 secs] 
2024-10-09T21:20:35.665+0300: 244.873: Total time for which application threads were stopped: 0.0317760 seconds, Stopping threads took: 0.0001630 seconds
2024-10-09T21:20:35.837+0300: 245.053: Application time: 0.1806290 seconds
2024-10-09T21:20:35.837+0300: 245.053: [GC (Allocation Failure) 2024-10-09T21:20:35.837+0300: 245.053: [ParNew: 460096K->50469K(460096K), 0.0257531 secs] 842966K->455251K(4143232K), 0.0258436 secs] [Times: user=0.03 sys=0.00, real=0.03 secs] 
2024-10-09T21:20:35.869+0300: 245.079: Total time for which application threads were stopped: 0.0261336 seconds, Stopping threads took: 0.0001634 seconds
2024-10-09T21:20:36.057+0300: 245.262: Application time: 0.1829050 seconds
2024-10-09T21:20:36.057+0300: 245.262: [GC (Allocation Failure) 2024-10-09T21:20:36.057+0300: 245.262: [ParNew: 459493K->51072K(460096K), 0.0244510 secs] 864275K->466783K(4143232K), 0.0245380 secs] [Times: user=0.02 sys=0.00, real=0.02 secs] 
2024-10-09T21:20:36.073+0300: 245.287: Total time for which application threads were stopped: 0.0247887 seconds, Stopping threads took: 0.0001294 seconds
2024-10-09T21:20:36.246+0300: 245.459: Application time: 0.1718134 seconds
2024-10-09T21:20:36.246+0300: 245.459: [GC (Allocation Failure) 2024-10-09T21:20:36.246+0300: 245.459: [ParNew: 460096K->51072K(460096K), 0.0309695 secs] 875807K->495514K(4143232K), 0.0310645 secs] [Times: user=0.03 sys=0.00, real=0.03 secs] 
2024-10-09T21:20:36.277+0300: 245.490: Total time for which application threads were stopped: 0.0313904 seconds, Stopping threads took: 0.0001744 seconds
2024-10-09T21:20:36.460+0300: 245.664: Application time: 0.1742520 seconds
2024-10-09T21:20:36.460+0300: 245.665: [GC (Allocation Failure) 2024-10-09T21:20:36.460+0300: 245.665: [ParNew: 460096K->48271K(460096K), 0.0257114 secs] 904538K->515484K(4143232K), 0.0258030 secs] [Times: user=0.03 sys=0.00, real=0.02 secs] 
2024-10-09T21:20:36.481+0300: 245.691: Total time for which application threads were stopped: 0.0260683 seconds, Stopping threads took: 0.0001428 seconds
2024-10-09T21:20:36.670+0300: 245.886: Application time: 0.1958901 seconds
2024-10-09T21:20:36.670+0300: 245.887: [GC (Allocation Failure) 2024-10-09T21:20:36.670+0300: 245.887: [ParNew: 457295K->51072K(460096K), 0.0243969 secs] 924508K->529637K(4143232K), 0.0244877 secs] [Times: user=0.06 sys=0.00, real=0.03 secs] 
2024-10-09T21:20:36.701+0300: 245.911: Total time for which application threads were stopped: 0.0248239 seconds, Stopping threads took: 0.0001909 seconds
2024-10-09T21:20:36.874+0300: 246.083: Application time: 0.1721940 seconds
2024-10-09T21:20:36.874+0300: 246.084: [GC (Allocation Failure) 2024-10-09T21:20:36.874+0300: 246.084: [ParNew: 460096K->51072K(460096K), 0.0266337 secs] 938661K->549507K(4143232K), 0.0267190 secs] [Times: user=0.03 sys=0.00, real=0.03 secs] 
2024-10-09T21:20:36.905+0300: 246.110: Total time for which application threads were stopped: 0.0270136 seconds, Stopping threads took: 0.0001757 seconds
2024-10-09T21:20:37.077+0300: 246.284: Application time: 0.1730483 seconds
2024-10-09T21:20:37.077+0300: 246.284: [GC (Allocation Failure) 2024-10-09T21:20:37.077+0300: 246.284: [ParNew: 460096K->50845K(460096K), 0.0225913 secs] 958531K->565769K(4143232K), 0.0226775 secs] [Times: user=0.01 sys=0.00, real=0.02 secs] 
2024-10-09T21:20:37.093+0300: 246.306: Total time for which application threads were stopped: 0.0229324 seconds, Stopping threads took: 0.0001342 seconds
2024-10-09T21:20:37.297+0300: 246.500: Application time: 0.1940384 seconds
2024-10-09T21:20:37.297+0300: 246.501: [GC (Allocation Failure) 2024-10-09T21:20:37.297+0300: 246.501: [ParNew: 459869K->51072K(460096K), 0.0239165 secs] 974793K->577919K(4143232K), 0.0240031 secs] [Times: user=0.01 sys=0.00, real=0.02 secs] 
2024-10-09T21:20:37.312+0300: 246.525: Total time for which application threads were stopped: 0.0242449 seconds, Stopping threads took: 0.0001270 seconds
2024-10-09T21:20:37.501+0300: 246.705: Application time: 0.1800747 seconds
2024-10-09T21:20:37.501+0300: 246.705: [GC (Allocation Failure) 2024-10-09T21:20:37.501+0300: 246.705: [ParNew: 460096K->51072K(460096K), 0.0269386 secs] 986943K->598651K(4143232K), 0.0270375 secs] [Times: user=0.02 sys=0.00, real=0.02 secs] 
2024-10-09T21:20:37.516+0300: 246.732: Total time for which application threads were stopped: 0.0273229 seconds, Stopping threads took: 0.0001580 seconds
2024-10-09T21:20:37.705+0300: 246.911: Application time: 0.1788771 seconds
2024-10-09T21:20:37.705+0300: 246.911: [GC (Allocation Failure) 2024-10-09T21:20:37.705+0300: 246.911: [ParNew: 460096K->50542K(460096K), 0.0312451 secs] 1007675K->626764K(4143232K), 0.0313330 secs] [Times: user=0.03 sys=0.00, real=0.03 secs] 
2024-10-09T21:20:37.736+0300: 246.943: Total time for which application threads were stopped: 0.0316163 seconds, Stopping threads took: 0.0001483 seconds
2024-10-09T21:20:37.924+0300: 247.135: Application time: 0.1921068 seconds
2024-10-09T21:20:37.924+0300: 247.135: [GC (Allocation Failure) 2024-10-09T21:20:37.924+0300: 247.135: [ParNew: 459566K->51072K(460096K), 0.0241835 secs] 1035788K->640089K(4143232K), 0.0242643 secs] [Times: user=0.03 sys=0.00, real=0.03 secs] 
2024-10-09T21:20:37.955+0300: 247.159: Total time for which application threads were stopped: 0.0245176 seconds, Stopping threads took: 0.0001356 seconds
2024-10-09T21:20:38.128+0300: 247.338: Application time: 0.1783147 seconds
2024-10-09T21:20:38.128+0300: 247.338: [GC (Allocation Failure) 2024-10-09T21:20:38.128+0300: 247.338: [ParNew: 460096K->51072K(460096K), 0.0264194 secs] 1049113K->655831K(4143232K), 0.0265007 secs] [Times: user=0.03 sys=0.00, real=0.03 secs] 
2024-10-09T21:20:38.160+0300: 247.364: Total time for which application threads were stopped: 0.0267645 seconds, Stopping threads took: 0.0001460 seconds
2024-10-09T21:20:38.332+0300: 247.541: Application time: 0.1762201 seconds
2024-10-09T21:20:38.332+0300: 247.541: [GC (Allocation Failure) 2024-10-09T21:20:38.332+0300: 247.541: [ParNew: 460096K->51072K(460096K), 0.0328111 secs] 1064855K->690581K(4143232K), 0.0328953 secs] [Times: user=0.05 sys=0.00, real=0.04 secs] 
2024-10-09T21:20:38.370+0300: 247.574: Total time for which application threads were stopped: 0.0331440 seconds, Stopping threads took: 0.0001264 seconds
2024-10-09T21:20:38.552+0300: 247.760: Application time: 0.1858910 seconds
2024-10-09T21:20:38.552+0300: 247.760: [GC (Allocation Failure) 2024-10-09T21:20:38.552+0300: 247.760: [ParNew: 460096K->47441K(460096K), 0.0300871 secs] 1099605K->706495K(4143232K), 0.0301928 secs] [Times: user=0.14 sys=0.00, real=0.03 secs] 
2024-10-09T21:20:38.586+0300: 247.790: Total time for which application threads were stopped: 0.0305311 seconds, Stopping threads took: 0.0001935 seconds
2024-10-09T21:20:38.765+0300: 247.972: Application time: 0.1821677 seconds
2024-10-09T21:20:38.765+0300: 247.973: [GC (Allocation Failure) 2024-10-09T21:20:38.765+0300: 247.973: [ParNew: 456465K->51072K(460096K), 0.0244627 secs] 1115519K->721974K(4143232K), 0.0245459 secs] [Times: user=0.02 sys=0.00, real=0.02 secs] 
2024-10-09T21:20:38.787+0300: 247.997: Total time for which application threads were stopped: 0.0248196 seconds, Stopping threads took: 0.0001584 seconds
2024-10-09T21:20:38.975+0300: 248.179: Application time: 0.1823286 seconds
2024-10-09T21:20:38.975+0300: 248.180: [GC (Allocation Failure) 2024-10-09T21:20:38.975+0300: 248.180: [ParNew: 460096K->51072K(460096K), 0.0263238 secs] 1130998K->742476K(4143232K), 0.0264088 secs] [Times: user=0.02 sys=0.00, real=0.02 secs] 
2024-10-09T21:20:38.991+0300: 248.206: Total time for which application threads were stopped: 0.0266962 seconds, Stopping threads took: 0.0001537 seconds
2024-10-09T21:20:39.179+0300: 248.392: Application time: 0.1858731 seconds
2024-10-09T21:20:39.179+0300: 248.392: [GC (Allocation Failure) 2024-10-09T21:20:39.179+0300: 248.392: [ParNew: 460096K->51072K(460096K), 0.0240418 secs] 1151500K->754611K(4143232K), 0.0241264 secs] [Times: user=0.03 sys=0.00, real=0.03 secs] 
2024-10-09T21:20:39.210+0300: 248.416: Total time for which application threads were stopped: 0.0244136 seconds, Stopping threads took: 0.0001655 seconds
2024-10-09T21:20:39.384+0300: 248.598: Application time: 0.1814041 seconds
2024-10-09T21:20:39.384+0300: 248.598: [GC (Allocation Failure) 2024-10-09T21:20:39.384+0300: 248.598: [ParNew: 460096K->51072K(460096K), 0.0344214 secs] 1163635K->788913K(4143232K), 0.0345130 secs] [Times: user=0.03 sys=0.00, real=0.03 secs] 
2024-10-09T21:20:39.415+0300: 248.633: Total time for which application threads were stopped: 0.0348073 seconds, Stopping threads took: 0.0001771 seconds
2024-10-09T21:20:39.603+0300: 248.816: Application time: 0.1831362 seconds
2024-10-09T21:20:39.603+0300: 248.816: [GC (Allocation Failure) 2024-10-09T21:20:39.603+0300: 248.816: [ParNew: 460096K->51072K(460096K), 0.0240935 secs] 1197937K->804892K(4143232K), 0.0241815 secs] [Times: user=0.08 sys=0.00, real=0.03 secs] 
2024-10-09T21:20:39.634+0300: 248.840: Total time for which application threads were stopped: 0.0244742 seconds, Stopping threads took: 0.0001533 seconds
2024-10-09T21:20:39.807+0300: 249.023: Application time: 0.1826608 seconds
2024-10-09T21:20:39.807+0300: 249.023: [GC (Allocation Failure) 2024-10-09T21:20:39.807+0300: 249.023: [ParNew: 460096K->51072K(460096K), 0.0248480 secs] 1213916K->819486K(4143232K), 0.0249478 secs] [Times: user=0.03 sys=0.00, real=0.03 secs] 
2024-10-09T21:20:39.838+0300: 249.048: Total time for which application threads were stopped: 0.0252490 seconds, Stopping threads took: 0.0001549 seconds
2024-10-09T21:20:40.011+0300: 249.225: Application time: 0.1770643 seconds
2024-10-09T21:20:40.011+0300: 249.225: [GC (Allocation Failure) 2024-10-09T21:20:40.011+0300: 249.226: [ParNew: 460096K->51072K(460096K), 0.0266212 secs] 1228510K->840477K(4143232K), 0.0267029 secs] [Times: user=0.03 sys=0.00, real=0.03 secs] 
2024-10-09T21:20:40.042+0300: 249.252: Total time for which application threads were stopped: 0.0269634 seconds, Stopping threads took: 0.0001442 seconds
2024-10-09T21:20:40.215+0300: 249.431: Application time: 0.1787638 seconds
2024-10-09T21:20:40.215+0300: 249.431: [GC (Allocation Failure) 2024-10-09T21:20:40.215+0300: 249.431: [ParNew: 460096K->51072K(460096K), 0.0269064 secs] 1249501K->861986K(4143232K), 0.0269939 secs] [Times: user=0.03 sys=0.00, real=0.03 secs] 
2024-10-09T21:20:40.246+0300: 249.458: Total time for which application threads were stopped: 0.0272309 seconds, Stopping threads took: 0.0001219 seconds
2024-10-09T21:20:40.419+0300: 249.637: Application time: 0.1785657 seconds
2024-10-09T21:20:40.419+0300: 249.637: [GC (Allocation Failure) 2024-10-09T21:20:40.419+0300: 249.637: [ParNew: 460096K->51072K(460096K), 0.0245381 secs] 1271010K->877745K(4143232K), 0.0246274 secs] [Times: user=0.05 sys=0.00, real=0.03 secs] 
2024-10-09T21:20:40.450+0300: 249.662: Total time for which application threads were stopped: 0.0249244 seconds, Stopping threads took: 0.0001721 seconds
2024-10-09T21:20:40.639+0300: 249.842: Application time: 0.1803271 seconds
2024-10-09T21:20:40.639+0300: 249.842: [GC (Allocation Failure) 2024-10-09T21:20:40.639+0300: 249.842: [ParNew: 460096K->48859K(460096K), 0.0281541 secs] 1286769K->899950K(4143232K), 0.0282461 secs] [Times: user=0.02 sys=0.00, real=0.02 secs] 
2024-10-09T21:20:40.654+0300: 249.871: Total time for which application threads were stopped: 0.0285181 seconds, Stopping threads took: 0.0001325 seconds
2024-10-09T21:20:40.843+0300: 250.052: Application time: 0.1810911 seconds
2024-10-09T21:20:40.843+0300: 250.052: [GC (Allocation Failure) 2024-10-09T21:20:40.843+0300: 250.052: [ParNew: 457883K->51072K(460096K), 0.0228249 secs] 1308974K->915321K(4143232K), 0.0229127 secs] [Times: user=0.03 sys=0.00, real=0.03 secs] 
2024-10-09T21:20:40.870+0300: 250.075: Total time for which application threads were stopped: 0.0232138 seconds, Stopping threads took: 0.0001868 seconds
2024-10-09T21:20:41.047+0300: 250.259: Application time: 0.1842166 seconds
2024-10-09T21:20:41.047+0300: 250.259: [GC (Allocation Failure) 2024-10-09T21:20:41.047+0300: 250.259: [ParNew: 460096K->51072K(460096K), 0.0279594 secs] 1324345K->933795K(4143232K), 0.0280467 secs] [Times: user=0.03 sys=0.00, real=0.03 secs] 
2024-10-09T21:20:41.079+0300: 250.287: Total time for which application threads were stopped: 0.0283065 seconds, Stopping threads took: 0.0001448 seconds
2024-10-09T21:20:41.251+0300: 250.455: Application time: 0.1678279 seconds
2024-10-09T21:20:41.251+0300: 250.455: [GC (Allocation Failure) 2024-10-09T21:20:41.251+0300: 250.455: [ParNew: 460096K->51072K(460096K), 0.0318610 secs] 1342819K->964972K(4143232K), 0.0319422 secs] [Times: user=0.03 sys=0.00, real=0.03 secs] 
2024-10-09T21:20:41.283+0300: 250.487: Total time for which application threads were stopped: 0.0321751 seconds, Stopping threads took: 0.0001187 seconds
2024-10-09T21:20:41.455+0300: 250.673: Application time: 0.1853075 seconds
2024-10-09T21:20:41.455+0300: 250.673: [GC (Allocation Failure) 2024-10-09T21:20:41.455+0300: 250.673: [ParNew: 460096K->51072K(460096K), 0.0261040 secs] 1373996K->985659K(4143232K), 0.0261928 secs] [Times: user=0.03 sys=0.00, real=0.03 secs] 
2024-10-09T21:20:41.487+0300: 250.699: Total time for which application threads were stopped: 0.0264482 seconds, Stopping threads took: 0.0001385 seconds
2024-10-09T21:20:41.675+0300: 250.883: Application time: 0.1838759 seconds
2024-10-09T21:20:41.675+0300: 250.883: [GC (Allocation Failure) 2024-10-09T21:20:41.675+0300: 250.883: [ParNew: 460096K->51072K(460096K), 0.0238304 secs] 1394683K->996463K(4143232K), 0.0239324 secs] [Times: user=0.03 sys=0.00, real=0.02 secs] 
2024-10-09T21:20:41.691+0300: 250.907: Total time for which application threads were stopped: 0.0242186 seconds, Stopping threads took: 0.0001536 seconds
2024-10-09T21:20:41.863+0300: 251.075: Application time: 0.1676988 seconds
2024-10-09T21:20:41.863+0300: 251.075: [GC (Allocation Failure) 2024-10-09T21:20:41.863+0300: 251.075: [ParNew: 460096K->51072K(460096K), 0.0251025 secs] 1405487K->1016193K(4143232K), 0.0251872 secs] [Times: user=0.01 sys=0.00, real=0.03 secs] 
2024-10-09T21:20:41.895+0300: 251.100: Total time for which application threads were stopped: 0.0254341 seconds, Stopping threads took: 0.0001264 seconds
2024-10-09T21:20:42.083+0300: 251.290: Application time: 0.1898958 seconds
2024-10-09T21:20:42.083+0300: 251.291: [GC (Allocation Failure) 2024-10-09T21:20:42.083+0300: 251.291: [ParNew: 460096K->49969K(460096K), 0.0244032 secs] 1425217K->1032756K(4143232K), 0.0245011 secs] [Times: user=0.03 sys=0.00, real=0.02 secs] 
2024-10-09T21:20:42.099+0300: 251.315: Total time for which application threads were stopped: 0.0247742 seconds, Stopping threads took: 0.0001433 seconds
2024-10-09T21:20:42.287+0300: 251.493: Application time: 0.1782450 seconds
2024-10-09T21:20:42.287+0300: 251.494: [GC (Allocation Failure) 2024-10-09T21:20:42.287+0300: 251.494: [ParNew: 458993K->51072K(460096K), 0.0236658 secs] 1441780K->1044408K(4143232K), 0.0237498 secs] [Times: user=0.02 sys=0.00, real=0.02 secs] 
2024-10-09T21:20:42.303+0300: 251.517: Total time for which application threads were stopped: 0.0240145 seconds, Stopping threads took: 0.0001415 seconds
2024-10-09T21:20:42.476+0300: 251.681: Application time: 0.1638382 seconds
2024-10-09T21:20:42.476+0300: 251.681: [GC (Allocation Failure) 2024-10-09T21:20:42.476+0300: 251.681: [ParNew: 460096K->51072K(460096K), 0.0277766 secs] 1453432K->1068808K(4143232K), 0.0278636 secs] [Times: user=0.02 sys=0.00, real=0.01 secs] 
2024-10-09T21:20:42.491+0300: 251.709: Total time for which application threads were stopped: 0.0281366 seconds, Stopping threads took: 0.0001531 seconds
2024-10-09T21:20:42.695+0300: 251.905: Application time: 0.1958904 seconds
2024-10-09T21:20:42.695+0300: 251.905: [GC (Allocation Failure) 2024-10-09T21:20:42.695+0300: 251.906: [ParNew: 460096K->50711K(460096K), 0.0245340 secs] 1477832K->1086328K(4143232K), 0.0246339 secs] [Times: user=0.03 sys=0.00, real=0.03 secs] 
2024-10-09T21:20:42.727+0300: 251.930: Total time for which application threads were stopped: 0.0249217 seconds, Stopping threads took: 0.0001434 seconds
2024-10-09T21:20:42.899+0300: 252.113: Application time: 0.1823856 seconds
2024-10-09T21:20:42.899+0300: 252.113: [GC (Allocation Failure) 2024-10-09T21:20:42.899+0300: 252.113: [ParNew: 459735K->51072K(460096K), 0.0239883 secs] 1495352K->1096271K(4143232K), 0.0240731 secs] [Times: user=0.03 sys=0.00, real=0.03 secs] 
2024-10-09T21:20:42.931+0300: 252.137: Total time for which application threads were stopped: 0.0243168 seconds, Stopping threads took: 0.0001245 seconds
2024-10-09T21:20:43.088+0300: 252.303: Application time: 0.1660566 seconds
2024-10-09T21:20:43.088+0300: 252.303: [GC (Allocation Failure) 2024-10-09T21:20:43.088+0300: 252.303: [ParNew: 460096K->48352K(460096K), 0.0320124 secs] 1505295K->1127072K(4143232K), 0.0320984 secs] [Times: user=0.03 sys=0.00, real=0.03 secs] 
2024-10-09T21:20:43.119+0300: 252.335: Total time for which application threads were stopped: 0.0323900 seconds, Stopping threads took: 0.0001588 seconds
2024-10-09T21:20:43.307+0300: 252.525: Application time: 0.1896698 seconds
2024-10-09T21:20:43.307+0300: 252.525: [GC (Allocation Failure) 2024-10-09T21:20:43.307+0300: 252.525: [ParNew: 457376K->44587K(460096K), 0.0280220 secs] 1536096K->1148986K(4143232K), 0.0281085 secs] [Times: user=0.05 sys=0.00, real=0.03 secs] 
2024-10-09T21:20:43.338+0300: 252.553: Total time for which application threads were stopped: 0.0283916 seconds, Stopping threads took: 0.0001555 seconds
2024-10-09T21:20:43.526+0300: 252.738: Application time: 0.1846266 seconds
2024-10-09T21:20:43.526+0300: 252.738: [GC (Allocation Failure) 2024-10-09T21:20:43.526+0300: 252.738: [ParNew: 453611K->51072K(460096K), 0.0279383 secs] 1558010K->1169852K(4143232K), 0.0280360 secs] [Times: user=0.09 sys=0.00, real=0.03 secs] 
2024-10-09T21:20:43.558+0300: 252.766: Total time for which application threads were stopped: 0.0283163 seconds, Stopping threads took: 0.0001352 seconds
2024-10-09T21:20:43.731+0300: 252.937: Application time: 0.1703731 seconds
2024-10-09T21:20:43.731+0300: 252.937: [GC (Allocation Failure) 2024-10-09T21:20:43.731+0300: 252.937: [ParNew: 460096K->50620K(460096K), 0.0309083 secs] 1578876K->1198759K(4143232K), 0.0309926 secs] [Times: user=0.03 sys=0.00, real=0.03 secs] 
2024-10-09T21:20:43.762+0300: 252.968: Total time for which application threads were stopped: 0.0312613 seconds, Stopping threads took: 0.0001509 seconds
2024-10-09T21:20:43.935+0300: 253.153: Application time: 0.1847090 seconds
2024-10-09T21:20:43.935+0300: 253.153: [GC (Allocation Failure) 2024-10-09T21:20:43.935+0300: 253.153: [ParNew: 459644K->49461K(460096K), 0.0233345 secs] 1607783K->1213415K(4143232K), 0.0234215 secs] [Times: user=0.03 sys=0.00, real=0.03 secs] 
2024-10-09T21:20:43.966+0300: 253.176: Total time for which application threads were stopped: 0.0237344 seconds, Stopping threads took: 0.0001909 seconds
2024-10-09T21:20:44.155+0300: 253.366: Application time: 0.1894201 seconds
2024-10-09T21:20:44.155+0300: 253.366: [GC (Allocation Failure) 2024-10-09T21:20:44.155+0300: 253.366: [ParNew: 458485K->51072K(460096K), 0.0256140 secs] 1622439K->1230622K(4143232K), 0.0256997 secs] [Times: user=0.02 sys=0.00, real=0.03 secs] 
2024-10-09T21:20:44.186+0300: 253.392: Total time for which application threads were stopped: 0.0259799 seconds, Stopping threads took: 0.0001595 seconds
2024-10-09T21:20:44.359+0300: 253.563: Application time: 0.1710026 seconds
2024-10-09T21:20:44.359+0300: 253.563: [GC (Allocation Failure) 2024-10-09T21:20:44.359+0300: 253.563: [ParNew: 460096K->51072K(460096K), 0.0282160 secs] 1639646K->1252237K(4143232K), 0.0283024 secs] [Times: user=0.02 sys=0.00, real=0.02 secs] 
2024-10-09T21:20:44.378+0300: 253.591: Total time for which application threads were stopped: 0.0285673 seconds, Stopping threads took: 0.0001432 seconds
2024-10-09T21:20:44.563+0300: 253.776: Application time: 0.1846351 seconds
2024-10-09T21:20:44.563+0300: 253.776: [GC (Allocation Failure) 2024-10-09T21:20:44.563+0300: 253.776: [ParNew: 460096K->49874K(460096K), 0.0292488 secs] 1661261K->1276963K(4143232K), 0.0293355 secs] [Times: user=0.03 sys=0.00, real=0.03 secs] 
2024-10-09T21:20:44.594+0300: 253.806: Total time for which application threads were stopped: 0.0296369 seconds, Stopping threads took: 0.0001686 seconds
2024-10-09T21:20:44.783+0300: 253.988: Application time: 0.1825603 seconds
2024-10-09T21:20:44.783+0300: 253.988: [GC (Allocation Failure) 2024-10-09T21:20:44.783+0300: 253.988: [ParNew: 458898K->51072K(460096K), 0.0252812 secs] 1685987K->1294361K(4143232K), 0.0253696 secs] [Times: user=0.02 sys=0.00, real=0.02 secs] 
2024-10-09T21:20:44.798+0300: 254.014: Total time for which application threads were stopped: 0.0256089 seconds, Stopping threads took: 0.0001220 seconds
2024-10-09T21:20:44.987+0300: 254.190: Application time: 0.1764959 seconds
2024-10-09T21:20:44.987+0300: 254.191: [GC (Allocation Failure) 2024-10-09T21:20:44.987+0300: 254.191: [ParNew: 460096K->51072K(460096K), 0.0228801 secs] 1703385K->1305606K(4143232K), 0.0229754 secs] [Times: user=0.01 sys=0.00, real=0.02 secs] 
2024-10-09T21:20:45.002+0300: 254.214: Total time for which application threads were stopped: 0.0232441 seconds, Stopping threads took: 0.0001418 seconds
2024-10-09T21:20:45.191+0300: 254.398: Application time: 0.1843240 seconds
2024-10-09T21:20:45.191+0300: 254.398: [GC (Allocation Failure) 2024-10-09T21:20:45.191+0300: 254.398: [ParNew: 460096K->51072K(460096K), 0.0245155 secs] 1714630K->1320942K(4143232K), 0.0246039 secs] [Times: user=0.02 sys=0.00, real=0.02 secs] 
2024-10-09T21:20:45.206+0300: 254.423: Total time for which application threads were stopped: 0.0248612 seconds, Stopping threads took: 0.0001372 seconds
2024-10-09T21:20:45.380+0300: 254.596: Application time: 0.1736623 seconds
2024-10-09T21:20:45.380+0300: 254.597: [GC (Allocation Failure) 2024-10-09T21:20:45.380+0300: 254.597: [ParNew: 460096K->51072K(460096K), 0.0269830 secs] 1729966K->1343045K(4143232K), 0.0270751 secs] [Times: user=0.05 sys=0.00, real=0.03 secs] 
2024-10-09T21:20:45.410+0300: 254.624: Total time for which application threads were stopped: 0.0273737 seconds, Stopping threads took: 0.0001721 seconds
2024-10-09T21:20:45.599+0300: 254.809: Application time: 0.1847194 seconds
2024-10-09T21:20:45.599+0300: 254.809: [GC (Allocation Failure) 2024-10-09T21:20:45.599+0300: 254.809: [ParNew: 460096K->51072K(460096K), 0.0246497 secs] 1752069K->1359032K(4143232K), 0.0247345 secs] [Times: user=0.03 sys=0.00, real=0.03 secs] 
2024-10-09T21:20:45.630+0300: 254.834: Total time for which application threads were stopped: 0.0250475 seconds, Stopping threads took: 0.0001776 seconds
2024-10-09T21:20:45.803+0300: 255.020: Application time: 0.1868396 seconds
2024-10-09T21:20:45.803+0300: 255.021: [GC (Allocation Failure) 2024-10-09T21:20:45.803+0300: 255.021: [ParNew: 460096K->51072K(460096K), 0.0267405 secs] 1768056K->1373691K(4143232K), 0.0268253 secs] [Times: user=0.05 sys=0.00, real=0.04 secs] 
2024-10-09T21:20:45.844+0300: 255.048: Total time for which application threads were stopped: 0.0271174 seconds, Stopping threads took: 0.0001696 seconds
2024-10-09T21:20:46.007+0300: 255.211: Application time: 0.1636735 seconds
2024-10-09T21:20:46.007+0300: 255.211: [GC (Allocation Failure) 2024-10-09T21:20:46.007+0300: 255.211: [ParNew: 460096K->51072K(460096K), 0.0268965 secs] 1782715K->1396310K(4143232K), 0.0269864 secs] [Times: user=0.02 sys=0.00, real=0.02 secs] 
2024-10-09T21:20:46.022+0300: 255.238: Total time for which application threads were stopped: 0.0272535 seconds, Stopping threads took: 0.0001446 seconds
2024-10-09T21:20:46.211+0300: 255.424: Application time: 0.1855761 seconds
2024-10-09T21:20:46.211+0300: 255.424: [GC (Allocation Failure) 2024-10-09T21:20:46.211+0300: 255.424: [ParNew: 460096K->51072K(460096K), 0.0248992 secs] 1805334K->1414933K(4143232K), 0.0249946 secs] [Times: user=0.03 sys=0.00, real=0.03 secs] 
2024-10-09T21:20:46.242+0300: 255.449: Total time for which application threads were stopped: 0.0252886 seconds, Stopping threads took: 0.0001693 seconds
2024-10-09T21:20:46.430+0300: 255.639: Application time: 0.1892612 seconds
2024-10-09T21:20:46.430+0300: 255.639: [GC (Allocation Failure) 2024-10-09T21:20:46.430+0300: 255.639: [ParNew: 460096K->51072K(460096K), 0.0245088 secs] 1823957K->1425756K(4143232K), 0.0245941 secs] [Times: user=0.02 sys=0.00, real=0.02 secs] 
2024-10-09T21:20:46.446+0300: 255.663: Total time for which application threads were stopped: 0.0248566 seconds, Stopping threads took: 0.0001446 seconds
2024-10-09T21:20:46.634+0300: 255.838: Application time: 0.1743571 seconds
2024-10-09T21:20:46.634+0300: 255.838: [GC (Allocation Failure) 2024-10-09T21:20:46.634+0300: 255.838: [ParNew: 460096K->51072K(460096K), 0.0256789 secs] 1834780K->1444501K(4143232K), 0.0257643 secs] [Times: user=0.02 sys=0.00, real=0.02 secs] 
2024-10-09T21:20:46.650+0300: 255.864: Total time for which application threads were stopped: 0.0260478 seconds, Stopping threads took: 0.0001438 seconds
2024-10-09T21:20:46.838+0300: 256.043: Application time: 0.1788753 seconds
2024-10-09T21:20:46.838+0300: 256.043: [GC (Allocation Failure) 2024-10-09T21:20:46.838+0300: 256.043: [ParNew: 460096K->49541K(460096K), 0.0237457 secs] 1853525K->1461392K(4143232K), 0.0238262 secs] [Times: user=0.00 sys=0.00, real=0.02 secs] 
2024-10-09T21:20:46.854+0300: 256.067: Total time for which application threads were stopped: 0.0240609 seconds, Stopping threads took: 0.0001144 seconds
2024-10-09T21:20:47.058+0300: 256.261: Application time: 0.1946253 seconds
2024-10-09T21:20:47.058+0300: 256.262: [GC (Allocation Failure) 2024-10-09T21:20:47.058+0300: 256.262: [ParNew: 458565K->51072K(460096K), 0.0256482 secs] 1870416K->1475264K(4143232K), 0.0257314 secs] [Times: user=0.01 sys=0.00, real=0.03 secs] 
2024-10-09T21:20:47.084+0300: 256.287: Total time for which application threads were stopped: 0.0260178 seconds, Stopping threads took: 0.0001325 seconds
2024-10-09T21:20:47.105+0300: 256.309: Application time: 0.0214687 seconds
2024-10-09T21:20:47.105+0300: 256.309: Total time for which application threads were stopped: 0.0001942 seconds, Stopping threads took: 0.0001400 seconds
2024-10-09T21:20:47.284+0300: 256.494: Application time: 0.1844016 seconds
2024-10-09T21:20:47.284+0300: 256.494: Total time for which application threads were stopped: 0.0005002 seconds, Stopping threads took: 0.0004128 seconds
2024-10-09T21:20:47.340+0300: 256.555: Application time: 0.0609307 seconds
2024-10-09T21:20:47.340+0300: 256.555: [GC (Allocation Failure) 2024-10-09T21:20:47.340+0300: 256.555: [ParNew: 460096K->51072K(460096K), 0.0249884 secs] 1884288K->1488984K(4143232K), 0.0250736 secs] [Times: user=0.03 sys=0.00, real=0.03 secs] 
2024-10-09T21:20:47.371+0300: 256.580: Total time for which application threads were stopped: 0.0253397 seconds, Stopping threads took: 0.0001514 seconds
2024-10-09T21:20:47.544+0300: 256.747: Application time: 0.1670257 seconds
2024-10-09T21:20:47.544+0300: 256.748: [GC (Allocation Failure) 2024-10-09T21:20:47.544+0300: 256.748: [ParNew: 460096K->42202K(460096K), 0.0316304 secs] 1898008K->1514846K(4143232K), 0.0317215 secs] [Times: user=0.05 sys=0.00, real=0.03 secs] 
2024-10-09T21:20:47.575+0300: 256.779: Total time for which application threads were stopped: 0.0320124 seconds, Stopping threads took: 0.0001512 seconds
2024-10-09T21:20:47.780+0300: 256.988: Application time: 0.2086105 seconds
2024-10-09T21:20:47.780+0300: 256.988: [GC (Allocation Failure) 2024-10-09T21:20:47.780+0300: 256.988: [ParNew: 451226K->51072K(460096K), 0.0217892 secs] 1923870K->1525477K(4143232K), 0.0218633 secs] [Times: user=0.03 sys=0.00, real=0.02 secs] 
2024-10-09T21:20:47.796+0300: 257.010: Total time for which application threads were stopped: 0.0221124 seconds, Stopping threads took: 0.0001185 seconds
2024-10-09T21:20:47.968+0300: 257.182: Application time: 0.1716818 seconds
2024-10-09T21:20:47.968+0300: 257.182: [GC (Allocation Failure) 2024-10-09T21:20:47.968+0300: 257.182: [ParNew: 460096K->51072K(460096K), 0.0301344 secs] 1934501K->1543863K(4143232K), 0.0302304 secs] [Times: user=0.03 sys=0.00, real=0.03 secs] 
2024-10-09T21:20:48.000+0300: 257.212: Total time for which application threads were stopped: 0.0305330 seconds, Stopping threads took: 0.0001731 seconds
2024-10-09T21:20:48.172+0300: 257.379: Application time: 0.1665680 seconds
2024-10-09T21:20:48.172+0300: 257.379: [GC (Allocation Failure) 2024-10-09T21:20:48.172+0300: 257.379: [ParNew: 460096K->45147K(460096K), 0.0297553 secs] 1952887K->1579528K(4143232K), 0.0298406 secs] [Times: user=0.03 sys=0.00, real=0.03 secs] 
2024-10-09T21:20:48.204+0300: 257.409: Total time for which application threads were stopped: 0.0300859 seconds, Stopping threads took: 0.0001300 seconds
2024-10-09T21:20:48.408+0300: 257.617: Application time: 0.2077252 seconds
2024-10-09T21:20:48.408+0300: 257.617: [GC (Allocation Failure) 2024-10-09T21:20:48.408+0300: 257.617: [ParNew: 454171K->51072K(460096K), 0.0215823 secs] 1988552K->1587164K(4143232K), 0.0216633 secs] [Times: user=0.02 sys=0.00, real=0.02 secs] 
2024-10-09T21:20:48.424+0300: 257.639: Total time for which application threads were stopped: 0.0219056 seconds, Stopping threads took: 0.0001259 seconds
2024-10-09T21:20:48.612+0300: 257.821: Application time: 0.1822104 seconds
2024-10-09T21:20:48.612+0300: 257.821: [GC (Allocation Failure) 2024-10-09T21:20:48.612+0300: 257.821: [ParNew: 460096K->51072K(460096K), 0.0290020 secs] 1996188K->1603525K(4143232K), 0.0291004 secs] [Times: user=0.12 sys=0.00, real=0.03 secs] 
2024-10-09T21:20:48.643+0300: 257.850: Total time for which application threads were stopped: 0.0294277 seconds, Stopping threads took: 0.0001816 seconds
2024-10-09T21:20:48.800+0300: 258.009: Application time: 0.1585579 seconds
2024-10-09T21:20:48.800+0300: 258.009: [GC (Allocation Failure) 2024-10-09T21:20:48.800+0300: 258.009: [ParNew: 460096K->44470K(460096K), 0.0276519 secs] 2012549K->1628475K(4143232K), 0.0277391 secs] [Times: user=0.01 sys=0.00, real=0.03 secs] 
2024-10-09T21:20:48.832+0300: 258.037: Total time for which application threads were stopped: 0.0280148 seconds, Stopping threads took: 0.0001530 seconds
2024-10-09T21:20:49.020+0300: 258.238: Application time: 0.2013925 seconds
2024-10-09T21:20:49.020+0300: 258.238: [GC (Allocation Failure) 2024-10-09T21:20:49.020+0300: 258.238: [ParNew: 453494K->51072K(460096K), 0.0215611 secs] 2037499K->1636522K(4143232K), 0.0216392 secs] [Times: user=0.03 sys=0.00, real=0.03 secs] 
2024-10-09T21:20:49.051+0300: 258.260: Total time for which application threads were stopped: 0.0218757 seconds, Stopping threads took: 0.0001212 seconds
2024-10-09T21:20:49.224+0300: 258.443: Application time: 0.1825227 seconds
2024-10-09T21:20:49.240+0300: 258.443: [GC (Allocation Failure) 2024-10-09T21:20:49.240+0300: 258.443: [ParNew: 460096K->51072K(460096K), 0.0288321 secs] 2045546K->1653364K(4143232K), 0.0289198 secs] [Times: user=0.02 sys=0.00, real=0.02 secs] 
2024-10-09T21:20:49.255+0300: 258.472: Total time for which application threads were stopped: 0.0292506 seconds, Stopping threads took: 0.0002061 seconds
2024-10-09T21:20:49.428+0300: 258.635: Application time: 0.1627850 seconds
2024-10-09T21:20:49.428+0300: 258.635: [GC (Allocation Failure) 2024-10-09T21:20:49.428+0300: 258.635: [ParNew: 460096K->45752K(460096K), 0.0356655 secs] 2062388K->1690882K(4143232K), 0.0357498 secs] [Times: user=0.06 sys=0.00, real=0.03 secs] 
2024-10-09T21:20:49.459+0300: 258.671: Total time for which application threads were stopped: 0.0360266 seconds, Stopping threads took: 0.0001529 seconds
2024-10-09T21:20:49.663+0300: 258.870: Application time: 0.1990013 seconds
2024-10-09T21:20:49.663+0300: 258.870: [GC (Allocation Failure) 2024-10-09T21:20:49.663+0300: 258.870: [ParNew: 454776K->46189K(460096K), 0.0245022 secs] 2099906K->1705558K(4143232K), 0.0246011 secs] [Times: user=0.05 sys=0.00, real=0.03 secs] 
2024-10-09T21:20:49.690+0300: 258.895: Total time for which application threads were stopped: 0.0248738 seconds, Stopping threads took: 0.0001197 seconds
2024-10-09T21:20:49.867+0300: 259.076: Application time: 0.1812899 seconds
2024-10-09T21:20:49.867+0300: 259.076: [GC (Allocation Failure) 2024-10-09T21:20:49.867+0300: 259.076: [ParNew: 455213K->51072K(460096K), 0.0253326 secs] 2114582K->1725412K(4143232K), 0.0254207 secs] [Times: user=0.02 sys=0.00, real=0.02 secs] 
2024-10-09T21:20:49.890+0300: 259.102: Total time for which application threads were stopped: 0.0256902 seconds, Stopping threads took: 0.0001456 seconds
2024-10-09T21:20:50.056+0300: 259.268: Application time: 0.1660496 seconds
2024-10-09T21:20:50.056+0300: 259.268: [GC (Allocation Failure) 2024-10-09T21:20:50.056+0300: 259.268: [ParNew: 460096K->46325K(460096K), 0.0281217 secs] 2134436K->1746437K(4143232K), 0.0282098 secs] [Times: user=0.03 sys=0.00, real=0.04 secs] 
2024-10-09T21:20:50.091+0300: 259.296: Total time for which application threads were stopped: 0.0285083 seconds, Stopping threads took: 0.0001760 seconds
2024-10-09T21:20:50.275+0300: 259.487: Application time: 0.1905727 seconds
2024-10-09T21:20:50.275+0300: 259.487: [GC (Allocation Failure) 2024-10-09T21:20:50.275+0300: 259.487: [ParNew: 455349K->48710K(460096K), 0.0238318 secs] 2155461K->1764564K(4143232K), 0.0239151 secs] [Times: user=0.03 sys=0.00, real=0.03 secs] 
2024-10-09T21:20:50.307+0300: 259.511: Total time for which application threads were stopped: 0.0241430 seconds, Stopping threads took: 0.0001121 seconds
2024-10-09T21:20:50.479+0300: 259.685: Application time: 0.1740926 seconds
2024-10-09T21:20:50.479+0300: 259.685: [GC (Allocation Failure) 2024-10-09T21:20:50.479+0300: 259.685: [ParNew: 457734K->51072K(460096K), 0.0229573 secs] 2173588K->1775221K(4143232K), 0.0230433 secs] [Times: user=0.02 sys=0.00, real=0.02 secs] 
2024-10-09T21:20:50.495+0300: 259.708: Total time for which application threads were stopped: 0.0233052 seconds, Stopping threads took: 0.0001405 seconds
2024-10-09T21:20:50.668+0300: 259.883: Application time: 0.1749748 seconds
2024-10-09T21:20:50.668+0300: 259.883: [GC (Allocation Failure) 2024-10-09T21:20:50.668+0300: 259.883: [ParNew: 460096K->51072K(460096K), 0.0284248 secs] 2184245K->1802583K(4143232K), 0.0285197 secs] [Times: user=0.03 sys=0.00, real=0.03 secs] 
2024-10-09T21:20:50.699+0300: 259.912: Total time for which application threads were stopped: 0.0287848 seconds, Stopping threads took: 0.0001295 seconds
2024-10-09T21:20:50.892+0300: 260.104: Application time: 0.1915872 seconds
2024-10-09T21:20:50.892+0300: 260.104: [GC (Allocation Failure) 2024-10-09T21:20:50.892+0300: 260.104: [ParNew: 460096K->42565K(460096K), 0.0256005 secs] 2211607K->1814735K(4143232K), 0.0256877 secs] [Times: user=0.03 sys=0.00, real=0.03 secs] 
2024-10-09T21:20:50.919+0300: 260.130: Total time for which application threads were stopped: 0.0259792 seconds, Stopping threads took: 0.0001719 seconds
2024-10-09T21:20:51.108+0300: 260.312: Application time: 0.1821948 seconds
2024-10-09T21:20:51.108+0300: 260.312: [GC (Allocation Failure) 2024-10-09T21:20:51.108+0300: 260.312: [ParNew: 451589K->51072K(460096K), 0.0227856 secs] 2223759K->1829339K(4143232K), 0.0228706 secs] [Times: user=0.05 sys=0.00, real=0.01 secs] 
2024-10-09T21:20:51.123+0300: 260.335: Total time for which application threads were stopped: 0.0231563 seconds, Stopping threads took: 0.0001665 seconds
2024-10-09T21:20:51.295+0300: 260.508: Application time: 0.1732577 seconds
2024-10-09T21:20:51.295+0300: 260.508: [GC (Allocation Failure) 2024-10-09T21:20:51.295+0300: 260.508: [ParNew: 460096K->41736K(460096K), 0.0308087 secs] 2238363K->1850743K(4143232K), 0.0308997 secs] [Times: user=0.06 sys=0.00, real=0.03 secs] 
2024-10-09T21:20:51.326+0300: 260.539: Total time for which application threads were stopped: 0.0311716 seconds, Stopping threads took: 0.0001473 seconds
2024-10-09T21:20:51.514+0300: 260.721: Application time: 0.1815829 seconds
2024-10-09T21:20:51.514+0300: 260.721: [GC (Allocation Failure) 2024-10-09T21:20:51.514+0300: 260.721: [ParNew: 450760K->50593K(460096K), 0.0253280 secs] 2259767K->1874903K(4143232K), 0.0254175 secs] [Times: user=0.02 sys=0.00, real=0.02 secs] 
2024-10-09T21:20:51.530+0300: 260.747: Total time for which application threads were stopped: 0.0256689 seconds, Stopping threads took: 0.0001294 seconds
2024-10-09T21:20:51.718+0300: 260.934: Application time: 0.1873718 seconds
2024-10-09T21:20:51.718+0300: 260.934: [GC (Allocation Failure) 2024-10-09T21:20:51.718+0300: 260.934: [ParNew: 459617K->51072K(460096K), 0.0239004 secs] 2283927K->1887737K(4143232K), 0.0239912 secs] [Times: user=0.03 sys=0.00, real=0.03 secs] 
2024-10-09T21:20:51.750+0300: 260.958: Total time for which application threads were stopped: 0.0242890 seconds, Stopping threads took: 0.0001759 seconds
2024-10-09T21:20:51.923+0300: 261.135: Application time: 0.1764511 seconds
2024-10-09T21:20:51.923+0300: 261.135: [GC (Allocation Failure) 2024-10-09T21:20:51.923+0300: 261.135: [ParNew: 460096K->39425K(460096K), 0.0287720 secs] 2296761K->1902141K(4143232K), 0.0288668 secs] [Times: user=0.03 sys=0.00, real=0.03 secs] 
2024-10-09T21:20:51.954+0300: 261.164: Total time for which application threads were stopped: 0.0291491 seconds, Stopping threads took: 0.0001573 seconds
2024-10-09T21:20:52.126+0300: 261.342: Application time: 0.1778279 seconds
2024-10-09T21:20:52.126+0300: 261.342: [GC (Allocation Failure) 2024-10-09T21:20:52.126+0300: 261.342: [ParNew: 448449K->51072K(460096K), 0.0246268 secs] 2311165K->1928549K(4143232K), 0.0247146 secs] [Times: user=0.01 sys=0.00, real=0.03 secs] 
2024-10-09T21:20:52.158+0300: 261.367: Total time for which application threads were stopped: 0.0250101 seconds, Stopping threads took: 0.0001724 seconds
2024-10-09T21:20:52.330+0300: 261.544: Application time: 0.1771259 seconds
2024-10-09T21:20:52.330+0300: 261.544: [GC (Allocation Failure) 2024-10-09T21:20:52.330+0300: 261.544: [ParNew: 460096K->51072K(460096K), 0.0294973 secs] 2337573K->1953353K(4143232K), 0.0295939 secs] [Times: user=0.03 sys=0.00, real=0.03 secs] 
2024-10-09T21:20:52.362+0300: 261.574: Total time for which application threads were stopped: 0.0299033 seconds, Stopping threads took: 0.0001727 seconds
2024-10-09T21:20:52.535+0300: 261.749: Application time: 0.1755685 seconds
2024-10-09T21:20:52.535+0300: 261.750: [GC (Allocation Failure) 2024-10-09T21:20:52.535+0300: 261.750: [ParNew: 460096K->51072K(460096K), 0.0264725 secs] 2362377K->1975132K(4143232K), 0.0265643 secs] [Times: user=0.06 sys=0.00, real=0.03 secs] 
2024-10-09T21:20:52.566+0300: 261.776: Total time for which application threads were stopped: 0.0269288 seconds, Stopping threads took: 0.0001912 seconds
2024-10-09T21:20:52.755+0300: 261.962: Application time: 0.1853216 seconds
2024-10-09T21:20:52.755+0300: 261.962: [GC (Allocation Failure) 2024-10-09T21:20:52.755+0300: 261.962: [ParNew: 460096K->51072K(460096K), 0.0239818 secs] 2384156K->1987952K(4143232K), 0.0240738 secs] [Times: user=0.02 sys=0.00, real=0.01 secs] 
2024-10-09T21:20:52.770+0300: 261.986: Total time for which application threads were stopped: 0.0243498 seconds, Stopping threads took: 0.0001552 seconds
2024-10-09T21:20:52.943+0300: 262.161: Application time: 0.1751829 seconds
2024-10-09T21:20:52.943+0300: 262.161: [GC (Allocation Failure) 2024-10-09T21:20:52.943+0300: 262.161: [ParNew: 460096K->51072K(460096K), 0.0298675 secs] 2396976K->2011387K(4143232K), 0.0299491 secs] [Times: user=0.03 sys=0.00, real=0.03 secs] 
2024-10-09T21:20:52.974+0300: 262.191: Total time for which application threads were stopped: 0.0302181 seconds, Stopping threads took: 0.0001536 seconds
2024-10-09T21:20:53.147+0300: 262.364: Application time: 0.1728641 seconds
2024-10-09T21:20:53.147+0300: 262.364: [GC (Allocation Failure) 2024-10-09T21:20:53.147+0300: 262.364: [ParNew: 460096K->51072K(460096K), 0.0288198 secs] 2420411K->2035741K(4143232K), 0.0289119 secs] [Times: user=0.03 sys=0.00, real=0.03 secs] 
2024-10-09T21:20:53.178+0300: 262.393: Total time for which application threads were stopped: 0.0292011 seconds, Stopping threads took: 0.0001737 seconds
2024-10-09T21:20:53.366+0300: 262.576: Application time: 0.1830881 seconds
2024-10-09T21:20:53.366+0300: 262.577: [GC (Allocation Failure) 2024-10-09T21:20:53.366+0300: 262.577: [ParNew: 460096K->51072K(460096K), 0.0301677 secs] 2444765K->2061818K(4143232K), 0.0302608 secs] [Times: user=0.03 sys=0.00, real=0.03 secs] 
2024-10-09T21:20:53.398+0300: 262.607: Total time for which application threads were stopped: 0.0305164 seconds, Stopping threads took: 0.0001438 seconds
2024-10-09T21:20:53.571+0300: 262.786: Application time: 0.1786352 seconds
2024-10-09T21:20:53.571+0300: 262.786: [GC (Allocation Failure) 2024-10-09T21:20:53.571+0300: 262.786: [ParNew: 460096K->51072K(460096K), 0.0264555 secs] 2470842K->2079023K(4143232K), 0.0265507 secs] [Times: user=0.09 sys=0.00, real=0.03 secs] 
2024-10-09T21:20:53.602+0300: 262.813: Total time for which application threads were stopped: 0.0268663 seconds, Stopping threads took: 0.0001719 seconds
2024-10-09T21:20:53.775+0300: 262.988: Application time: 0.1756408 seconds
2024-10-09T21:20:53.775+0300: 262.988: [GC (Allocation Failure) 2024-10-09T21:20:53.775+0300: 262.988: [ParNew: 460096K->51072K(460096K), 0.0291828 secs] 2488047K->2106561K(4143232K), 0.0292700 secs] [Times: user=0.03 sys=0.00, real=0.03 secs] 
2024-10-09T21:20:53.806+0300: 263.018: Total time for which application threads were stopped: 0.0295283 seconds, Stopping threads took: 0.0001393 seconds
2024-10-09T21:20:53.979+0300: 263.195: Application time: 0.1770339 seconds
2024-10-09T21:20:53.979+0300: 263.195: [GC (Allocation Failure) 2024-10-09T21:20:53.979+0300: 263.195: [ParNew: 460096K->51072K(460096K), 0.0294812 secs] 2515585K->2129573K(4143232K), 0.0295698 secs] [Times: user=0.03 sys=0.00, real=0.03 secs] 
2024-10-09T21:20:54.011+0300: 263.225: Total time for which application threads were stopped: 0.0298325 seconds, Stopping threads took: 0.0001396 seconds
2024-10-09T21:20:54.183+0300: 263.399: Application time: 0.1748078 seconds
2024-10-09T21:20:54.183+0300: 263.400: [GC (Allocation Failure) 2024-10-09T21:20:54.183+0300: 263.400: [ParNew: 460096K->51072K(460096K), 0.0264521 secs] 2538597K->2146649K(4143232K), 0.0265398 secs] [Times: user=0.03 sys=0.00, real=0.03 secs] 
2024-10-09T21:20:54.214+0300: 263.426: Total time for which application threads were stopped: 0.0268303 seconds, Stopping threads took: 0.0001590 seconds
2024-10-09T21:20:54.386+0300: 263.602: Application time: 0.1755961 seconds
2024-10-09T21:20:54.399+0300: 263.602: [GC (Allocation Failure) 2024-10-09T21:20:54.399+0300: 263.602: [ParNew: 460096K->51072K(460096K), 0.0268003 secs] 2555673K->2169364K(4143232K), 0.0268852 secs] [Times: user=0.02 sys=0.00, real=0.02 secs] 
2024-10-09T21:20:54.418+0300: 263.629: Total time for which application threads were stopped: 0.0271925 seconds, Stopping threads took: 0.0001933 seconds
2024-10-09T21:20:54.606+0300: 263.814: Application time: 0.1846894 seconds
2024-10-09T21:20:54.606+0300: 263.814: [GC (Allocation Failure) 2024-10-09T21:20:54.606+0300: 263.814: [ParNew: 460096K->51072K(460096K), 0.0216852 secs] 2578388K->2175493K(4143232K), 0.0217777 secs] [Times: user=0.02 sys=0.00, real=0.02 secs] 
2024-10-09T21:20:54.622+0300: 263.836: Total time for which application threads were stopped: 0.0220936 seconds, Stopping threads took: 0.0001735 seconds
2024-10-09T21:20:54.810+0300: 264.016: Application time: 0.1800598 seconds
2024-10-09T21:20:54.810+0300: 264.016: [GC (Allocation Failure) 2024-10-09T21:20:54.810+0300: 264.016: [ParNew: 460096K->51072K(460096K), 0.0309720 secs] 2584517K->2204535K(4143232K), 0.0310494 secs] [Times: user=0.03 sys=0.00, real=0.03 secs] 
2024-10-09T21:20:54.842+0300: 264.047: Total time for which application threads were stopped: 0.0313069 seconds, Stopping threads took: 0.0001381 seconds
2024-10-09T21:20:55.014+0300: 264.223: Application time: 0.1756817 seconds
2024-10-09T21:20:55.014+0300: 264.223: [GC (Allocation Failure) 2024-10-09T21:20:55.014+0300: 264.223: [ParNew: 460096K->51072K(460096K), 0.0292313 secs] 2613559K->2227479K(4143232K), 0.0293197 secs] [Times: user=0.03 sys=0.00, real=0.03 secs] 
2024-10-09T21:20:55.046+0300: 264.252: Total time for which application threads were stopped: 0.0296070 seconds, Stopping threads took: 0.0001689 seconds
2024-10-09T21:20:55.218+0300: 264.436: Application time: 0.1831144 seconds
2024-10-09T21:20:55.218+0300: 264.436: [GC (Allocation Failure) 2024-10-09T21:20:55.218+0300: 264.436: [ParNew: 460096K->51072K(460096K), 0.0269430 secs] 2636503K->2244560K(4143232K), 0.0270301 secs] [Times: user=0.03 sys=0.00, real=0.03 secs] 
2024-10-09T21:20:55.250+0300: 264.463: Total time for which application threads were stopped: 0.0273055 seconds, Stopping threads took: 0.0001503 seconds
2024-10-09T21:20:55.422+0300: 264.634: Application time: 0.1711651 seconds
2024-10-09T21:20:55.422+0300: 264.634: [GC (Allocation Failure) 2024-10-09T21:20:55.422+0300: 264.634: [ParNew: 460096K->51072K(460096K), 0.0281658 secs] 2653584K->2268336K(4143232K), 0.0282539 secs] [Times: user=0.05 sys=0.00, real=0.03 secs] 
2024-10-09T21:20:55.454+0300: 264.663: Total time for which application threads were stopped: 0.0285274 seconds, Stopping threads took: 0.0001527 seconds
2024-10-09T21:20:55.642+0300: 264.849: Application time: 0.1869265 seconds
2024-10-09T21:20:55.642+0300: 264.850: [GC (Allocation Failure) 2024-10-09T21:20:55.642+0300: 264.850: [ParNew: 460096K->51072K(460096K), 0.0289778 secs] 2677360K->2291879K(4143232K), 0.0290660 secs] [Times: user=0.01 sys=0.00, real=0.03 secs] 
2024-10-09T21:20:55.673+0300: 264.879: Total time for which application threads were stopped: 0.0293656 seconds, Stopping threads took: 0.0001593 seconds
2024-10-09T21:20:55.846+0300: 265.059: Application time: 0.1803823 seconds
2024-10-09T21:20:55.846+0300: 265.059: [GC (Allocation Failure) 2024-10-09T21:20:55.846+0300: 265.060: [ParNew: 460096K->51072K(460096K), 0.0254767 secs] 2700903K->2306129K(4143232K), 0.0255666 secs] [Times: user=0.03 sys=0.00, real=0.03 secs] 
2024-10-09T21:20:55.877+0300: 265.085: Total time for which application threads were stopped: 0.0258480 seconds, Stopping threads took: 0.0001601 seconds
2024-10-09T21:20:56.035+0300: 265.251: Application time: 0.1659963 seconds
2024-10-09T21:20:56.035+0300: 265.251: [GC (Allocation Failure) 2024-10-09T21:20:56.035+0300: 265.251: [ParNew: 460096K->51072K(460096K), 0.0278677 secs] 2715153K->2333263K(4143232K), 0.0279523 secs] [Times: user=0.03 sys=0.00, real=0.03 secs] 
2024-10-09T21:20:56.066+0300: 265.279: Total time for which application threads were stopped: 0.0282149 seconds, Stopping threads took: 0.0001470 seconds
2024-10-09T21:20:56.255+0300: 265.467: Application time: 0.1872165 seconds
2024-10-09T21:20:56.255+0300: 265.467: [GC (Allocation Failure) 2024-10-09T21:20:56.255+0300: 265.467: [ParNew: 460096K->47815K(460096K), 0.0227720 secs] 2742287K->2339242K(4143232K), 0.0228520 secs] [Times: user=0.03 sys=0.00, real=0.03 secs] 
2024-10-09T21:20:56.286+0300: 265.490: Total time for which application threads were stopped: 0.0231075 seconds, Stopping threads took: 0.0001385 seconds
2024-10-09T21:20:56.459+0300: 265.670: Application time: 0.1800958 seconds
2024-10-09T21:20:56.459+0300: 265.670: [GC (Allocation Failure) 2024-10-09T21:20:56.459+0300: 265.670: [ParNew: 456839K->51072K(460096K), 0.0264888 secs] 2748266K->2358769K(4143232K), 0.0265701 secs] [Times: user=0.03 sys=0.00, real=0.03 secs] 
2024-10-09T21:20:56.490+0300: 265.697: Total time for which application threads were stopped: 0.0268472 seconds, Stopping threads took: 0.0001515 seconds
2024-10-09T21:20:56.663+0300: 265.869: Application time: 0.1719607 seconds
2024-10-09T21:20:56.663+0300: 265.869: [GC (Allocation Failure) 2024-10-09T21:20:56.663+0300: 265.869: [ParNew: 460096K->51072K(460096K), 0.0269265 secs] 2767793K->2381559K(4143232K), 0.0270213 secs] [Times: user=0.02 sys=0.00, real=0.01 secs] 
2024-10-09T21:20:56.678+0300: 265.896: Total time for which application threads were stopped: 0.0273194 seconds, Stopping threads took: 0.0001535 seconds
2024-10-09T21:20:56.867+0300: 266.081: Application time: 0.1855557 seconds
2024-10-09T21:20:56.867+0300: 266.082: [GC (Allocation Failure) 2024-10-09T21:20:56.867+0300: 266.082: [ParNew: 460096K->51072K(460096K), 0.0273016 secs] 2790583K->2401094K(4143232K), 0.0274068 secs] [Times: user=0.05 sys=0.00, real=0.04 secs] 
2024-10-09T21:20:56.904+0300: 266.109: Total time for which application threads were stopped: 0.0276921 seconds, Stopping threads took: 0.0001313 seconds
2024-10-09T21:20:57.086+0300: 266.293: Application time: 0.1841753 seconds
2024-10-09T21:20:57.086+0300: 266.294: [GC (Allocation Failure) 2024-10-09T21:20:57.086+0300: 266.294: [ParNew: 460096K->51072K(460096K), 0.0267032 secs] 2810118K->2416510K(4143232K), 0.0267916 secs] [Times: user=0.02 sys=0.00, real=0.02 secs] 
2024-10-09T21:20:57.105+0300: 266.320: Total time for which application threads were stopped: 0.0270598 seconds, Stopping threads took: 0.0001444 seconds
2024-10-09T21:20:57.275+0300: 266.485: Application time: 0.1646853 seconds
2024-10-09T21:20:57.275+0300: 266.485: [GC (Allocation Failure) 2024-10-09T21:20:57.275+0300: 266.485: [ParNew: 460096K->51072K(460096K), 0.0285856 secs] 2825534K->2442658K(4143232K), 0.0286743 secs] [Times: user=0.03 sys=0.00, real=0.03 secs] 
2024-10-09T21:20:57.306+0300: 266.514: Total time for which application threads were stopped: 0.0289195 seconds, Stopping threads took: 0.0001265 seconds
2024-10-09T21:20:57.494+0300: 266.701: Application time: 0.1868154 seconds
2024-10-09T21:20:57.494+0300: 266.701: [GC (Allocation Failure) 2024-10-09T21:20:57.494+0300: 266.701: [ParNew: 460096K->44710K(460096K), 0.0292457 secs] 2851682K->2463513K(4143232K), 0.0293364 secs] [Times: user=0.02 sys=0.00, real=0.03 secs] 
2024-10-09T21:20:57.526+0300: 266.730: Total time for which application threads were stopped: 0.0295921 seconds, Stopping threads took: 0.0001331 seconds
2024-10-09T21:20:57.714+0300: 266.921: Application time: 0.1903444 seconds
2024-10-09T21:20:57.714+0300: 266.921: [GC (Allocation Failure) 2024-10-09T21:20:57.714+0300: 266.921: [ParNew: 453734K->51072K(460096K), 0.0234092 secs] 2872537K->2478763K(4143232K), 0.0235030 secs] [Times: user=0.05 sys=0.00, real=0.02 secs] 
2024-10-09T21:20:57.730+0300: 266.945: Total time for which application threads were stopped: 0.0237855 seconds, Stopping threads took: 0.0001389 seconds
2024-10-09T21:20:57.902+0300: 267.106: Application time: 0.1617060 seconds
2024-10-09T21:20:57.902+0300: 267.106: [GC (Allocation Failure) 2024-10-09T21:20:57.902+0300: 267.106: [ParNew: 460096K->47349K(460096K), 0.0290725 secs] 2887787K->2501656K(4143232K), 0.0291544 secs] [Times: user=0.01 sys=0.00, real=0.02 secs] 
2024-10-09T21:20:57.918+0300: 267.136: Total time for which application threads were stopped: 0.0294000 seconds, Stopping threads took: 0.0001290 seconds
2024-10-09T21:20:58.107+0300: 267.319: Application time: 0.1829216 seconds
2024-10-09T21:20:58.107+0300: 267.319: [GC (Allocation Failure) 2024-10-09T21:20:58.107+0300: 267.319: [ParNew: 456373K->46136K(460096K), 0.0274466 secs] 2910680K->2522399K(4143232K), 0.0275392 secs] [Times: user=0.03 sys=0.00, real=0.03 secs] 
2024-10-09T21:20:58.138+0300: 267.346: Total time for which application threads were stopped: 0.0278289 seconds, Stopping threads took: 0.0001350 seconds
2024-10-09T21:20:58.327+0300: 267.532: Application time: 0.1852661 seconds
2024-10-09T21:20:58.327+0300: 267.532: [GC (Allocation Failure) 2024-10-09T21:20:58.327+0300: 267.532: [ParNew: 455160K->51072K(460096K), 0.0249447 secs] 2931423K->2539224K(4143232K), 0.0250365 secs] [Times: user=0.01 sys=0.00, real=0.02 secs] 
2024-10-09T21:20:58.342+0300: 267.557: Total time for which application threads were stopped: 0.0253028 seconds, Stopping threads took: 0.0001399 seconds
2024-10-09T21:20:58.515+0300: 267.719: Application time: 0.1617109 seconds
2024-10-09T21:20:58.515+0300: 267.719: [GC (Allocation Failure) 2024-10-09T21:20:58.515+0300: 267.719: [ParNew: 460096K->41059K(460096K), 0.0332875 secs] 2948248K->2560633K(4143232K), 0.0333773 secs] [Times: user=0.02 sys=0.00, real=0.03 secs] 
2024-10-09T21:20:58.546+0300: 267.752: Total time for which application threads were stopped: 0.0336438 seconds, Stopping threads took: 0.0001508 seconds
2024-10-09T21:20:58.735+0300: 267.941: Application time: 0.1891678 seconds
2024-10-09T21:20:58.735+0300: 267.942: [GC (Allocation Failure) 2024-10-09T21:20:58.735+0300: 267.942: [ParNew: 450083K->47974K(460096K), 0.0253685 secs] 2969657K->2587860K(4143232K), 0.0254496 secs] [Times: user=0.02 sys=0.00, real=0.02 secs] 
2024-10-09T21:20:58.750+0300: 267.967: Total time for which application threads were stopped: 0.0256932 seconds, Stopping threads took: 0.0001269 seconds
2024-10-09T21:20:58.955+0300: 268.158: Application time: 0.1911969 seconds
2024-10-09T21:20:58.955+0300: 268.159: [GC (Allocation Failure) 2024-10-09T21:20:58.955+0300: 268.159: [ParNew: 456998K->49421K(460096K), 0.0277394 secs] 2996884K->2609901K(4143232K), 0.0278242 secs] [Times: user=0.02 sys=0.00, real=0.02 secs] 
2024-10-09T21:20:58.970+0300: 268.186: Total time for which application threads were stopped: 0.0280578 seconds, Stopping threads took: 0.0001197 seconds
2024-10-09T21:20:59.143+0300: 268.353: Application time: 0.1668741 seconds
2024-10-09T21:20:59.143+0300: 268.354: [GC (Allocation Failure) 2024-10-09T21:20:59.143+0300: 268.354: [ParNew: 458445K->51072K(460096K), 0.0226656 secs] 3018925K->2620873K(4143232K), 0.0227570 secs] [Times: user=0.02 sys=0.00, real=0.02 secs] 
2024-10-09T21:20:59.159+0300: 268.376: Total time for which application threads were stopped: 0.0230494 seconds, Stopping threads took: 0.0001609 seconds
2024-10-09T21:20:59.347+0300: 268.553: Application time: 0.1762258 seconds
2024-10-09T21:20:59.347+0300: 268.553: [GC (Allocation Failure) 2024-10-09T21:20:59.347+0300: 268.553: [ParNew: 460096K->46383K(460096K), 0.0307638 secs] 3029897K->2647769K(4143232K), 0.0308474 secs] [Times: user=0.03 sys=0.00, real=0.03 secs] 
2024-10-09T21:20:59.378+0300: 268.584: Total time for which application threads were stopped: 0.0311009 seconds, Stopping threads took: 0.0001354 seconds
2024-10-09T21:20:59.566+0300: 268.774: Application time: 0.1902974 seconds
2024-10-09T21:20:59.566+0300: 268.774: [GC (Allocation Failure) 2024-10-09T21:20:59.566+0300: 268.774: [ParNew: 455407K->47974K(460096K), 0.0281997 secs] 3056793K->2668594K(4143232K), 0.0282912 secs] [Times: user=0.09 sys=0.00, real=0.03 secs] 
2024-10-09T21:20:59.597+0300: 268.803: Total time for which application threads were stopped: 0.0285593 seconds, Stopping threads took: 0.0001335 seconds
2024-10-09T21:20:59.770+0300: 268.974: Application time: 0.1711250 seconds
2024-10-09T21:20:59.770+0300: 268.974: [GC (Allocation Failure) 2024-10-09T21:20:59.770+0300: 268.974: [ParNew: 456998K->51072K(460096K), 0.0237285 secs] 3077618K->2682476K(4143232K), 0.0238157 secs] [Times: user=0.02 sys=0.00, real=0.02 secs] 
2024-10-09T21:20:59.786+0300: 268.998: Total time for which application threads were stopped: 0.0240669 seconds, Stopping threads took: 0.0001170 seconds
2024-10-09T21:20:59.959+0300: 269.174: Application time: 0.1766311 seconds
2024-10-09T21:20:59.959+0300: 269.175: [GC (Allocation Failure) 2024-10-09T21:20:59.959+0300: 269.175: [ParNew: 460096K->51072K(460096K), 0.0306391 secs] 3091500K->2713522K(4143232K), 0.0307270 secs] [Times: user=0.03 sys=0.00, real=0.03 secs] 
2024-10-09T21:20:59.990+0300: 269.205: Total time for which application threads were stopped: 0.0309667 seconds, Stopping threads took: 0.0001164 seconds
2024-10-09T21:21:00.178+0300: 269.388: Application time: 0.1826133 seconds
2024-10-09T21:21:00.178+0300: 269.388: [GC (Allocation Failure) 2024-10-09T21:21:00.178+0300: 269.388: [ParNew: 460096K->51072K(460096K), 0.0250814 secs] 3122546K->2729662K(4143232K), 0.0251658 secs] [Times: user=0.02 sys=0.00, real=0.03 secs] 
2024-10-09T21:21:00.209+0300: 269.413: Total time for which application threads were stopped: 0.0254572 seconds, Stopping threads took: 0.0001465 seconds
2024-10-09T21:21:00.382+0300: 269.585: Application time: 0.1718249 seconds
2024-10-09T21:21:00.382+0300: 269.585: [GC (Allocation Failure) 2024-10-09T21:21:00.382+0300: 269.585: [ParNew: 460096K->51072K(460096K), 0.0232923 secs] 3138686K->2742603K(4143232K), 0.0233946 secs] [Times: user=0.05 sys=0.00, real=0.02 secs] 
2024-10-09T21:21:00.398+0300: 269.609: Total time for which application threads were stopped: 0.0236235 seconds, Stopping threads took: 0.0001066 seconds
2024-10-09T21:21:00.586+0300: 269.792: Application time: 0.1830020 seconds
2024-10-09T21:21:00.586+0300: 269.792: [GC (Allocation Failure) 2024-10-09T21:21:00.586+0300: 269.792: [ParNew: 460096K->51072K(460096K), 0.0254408 secs] 3151627K->2762808K(4143232K), 0.0255289 secs] [Times: user=0.08 sys=0.00, real=0.03 secs] 
2024-10-09T21:21:00.612+0300: 269.818: Total time for which application threads were stopped: 0.0257693 seconds, Stopping threads took: 0.0001112 seconds
2024-10-09T21:21:00.790+0300: 269.998: Application time: 0.1802524 seconds
2024-10-09T21:21:00.790+0300: 269.998: [GC (Allocation Failure) 2024-10-09T21:21:00.790+0300: 269.998: [ParNew: 460096K->51072K(460096K), 0.0256483 secs] 3171832K->2777535K(4143232K), 0.0257307 secs] [Times: user=0.01 sys=0.00, real=0.02 secs] 
2024-10-09T21:21:00.813+0300: 270.024: Total time for which application threads were stopped: 0.0260184 seconds, Stopping threads took: 0.0001689 seconds
2024-10-09T21:21:00.979+0300: 270.192: Application time: 0.1679214 seconds
2024-10-09T21:21:00.979+0300: 270.192: [GC (Allocation Failure) 2024-10-09T21:21:00.979+0300: 270.192: [ParNew: 460096K->51072K(460096K), 0.0252100 secs] 3186559K->2792344K(4143232K), 0.0252943 secs] [Times: user=0.03 sys=0.00, real=0.03 secs] 
2024-10-09T21:21:01.013+0300: 270.217: Total time for which application threads were stopped: 0.0256027 seconds, Stopping threads took: 0.0001893 seconds
2024-10-09T21:21:01.183+0300: 270.399: Application time: 0.1818291 seconds
2024-10-09T21:21:01.183+0300: 270.400: [GC (Allocation Failure) 2024-10-09T21:21:01.183+0300: 270.400: [ParNew: 460096K->46317K(460096K), 0.0354127 secs] 3201368K->2825685K(4143232K), 0.0354979 secs] [Times: user=0.05 sys=0.00, real=0.05 secs] 
2024-10-09T21:21:01.230+0300: 270.435: Total time for which application threads were stopped: 0.0357647 seconds, Stopping threads took: 0.0001508 seconds
2024-10-09T21:21:01.418+0300: 270.622: Application time: 0.1873134 seconds
2024-10-09T21:21:01.418+0300: 270.623: [GC (Allocation Failure) 2024-10-09T21:21:01.418+0300: 270.623: [ParNew: 455341K->51072K(460096K), 0.0253587 secs] 3234709K->2847013K(4143232K), 0.0254421 secs] [Times: user=0.03 sys=0.00, real=0.02 secs] 
2024-10-09T21:21:01.434+0300: 270.648: Total time for which application threads were stopped: 0.0257085 seconds, Stopping threads took: 0.0001458 seconds
2024-10-09T21:21:01.622+0300: 270.829: Application time: 0.1806070 seconds
2024-10-09T21:21:01.622+0300: 270.829: [GC (Allocation Failure) 2024-10-09T21:21:01.622+0300: 270.829: [ParNew: 460096K->51072K(460096K), 0.0271569 secs] 3256037K->2863843K(4143232K), 0.0272534 secs] [Times: user=0.05 sys=0.00, real=0.02 secs] 
2024-10-09T21:21:01.638+0300: 270.856: Total time for which application threads were stopped: 0.0275550 seconds, Stopping threads took: 0.0001450 seconds
2024-10-09T21:21:01.826+0300: 271.030: Application time: 0.1742298 seconds
2024-10-09T21:21:01.826+0300: 271.031: [GC (Allocation Failure) 2024-10-09T21:21:01.826+0300: 271.031: [ParNew: 460096K->40452K(460096K), 0.0298816 secs] 3272867K->2886009K(4143232K), 0.0299737 secs] [Times: user=0.03 sys=0.00, real=0.03 secs] 
2024-10-09T21:21:01.857+0300: 271.061: Total time for which application threads were stopped: 0.0302177 seconds, Stopping threads took: 0.0001217 seconds
2024-10-09T21:21:02.030+0300: 271.248: Application time: 0.1876976 seconds
2024-10-09T21:21:02.030+0300: 271.249: [GC (Allocation Failure) 2024-10-09T21:21:02.030+0300: 271.249: [ParNew: 449476K->51072K(460096K), 0.0246170 secs] 3295033K->2912823K(4143232K), 0.0247101 secs] [Times: user=0.03 sys=0.00, real=0.03 secs] 
2024-10-09T21:21:02.061+0300: 271.273: Total time for which application threads were stopped: 0.0249812 seconds, Stopping threads took: 0.0001509 seconds
2024-10-09T21:21:02.234+0300: 271.451: Application time: 0.1777196 seconds
2024-10-09T21:21:02.234+0300: 271.451: [GC (Allocation Failure) 2024-10-09T21:21:02.234+0300: 271.451: [ParNew: 460096K->51072K(460096K), 0.0245510 secs] 3321847K->2921795K(4143232K), 0.0246396 secs] [Times: user=0.03 sys=0.00, real=0.03 secs] 
2024-10-09T21:21:02.265+0300: 271.476: Total time for which application threads were stopped: 0.0248902 seconds, Stopping threads took: 0.0001292 seconds
2024-10-09T21:21:02.438+0300: 271.644: Application time: 0.1678880 seconds
2024-10-09T21:21:02.438+0300: 271.644: [GC (Allocation Failure) 2024-10-09T21:21:02.438+0300: 271.644: [ParNew: 460096K->49812K(460096K), 0.0296909 secs] 3330819K->2951753K(4143232K), 0.0308686 secs] [Times: user=0.01 sys=0.00, real=0.03 secs] 
2024-10-09T21:21:02.469+0300: 271.675: Total time for which application threads were stopped: 0.0311604 seconds, Stopping threads took: 0.0001512 seconds
2024-10-09T21:21:02.657+0300: 271.863: Application time: 0.1874950 seconds
2024-10-09T21:21:02.657+0300: 271.863: [GC (Allocation Failure) 2024-10-09T21:21:02.657+0300: 271.863: [ParNew: 458836K->42937K(460096K), 0.0262326 secs] 3360777K->2966693K(4143232K), 0.0263225 secs] [Times: user=0.02 sys=0.00, real=0.02 secs] 
2024-10-09T21:21:02.673+0300: 271.889: Total time for which application threads were stopped: 0.0266084 seconds, Stopping threads took: 0.0001273 seconds
2024-10-09T21:21:02.861+0300: 272.069: Application time: 0.1801709 seconds
2024-10-09T21:21:02.861+0300: 272.070: [GC (Allocation Failure) 2024-10-09T21:21:02.861+0300: 272.070: [ParNew: 451961K->51072K(460096K), 0.0251778 secs] 3375717K->2985398K(4143232K), 0.0252579 secs] [Times: user=0.02 sys=0.00, real=0.02 secs] 
2024-10-09T21:21:02.877+0300: 272.095: Total time for which application threads were stopped: 0.0255375 seconds, Stopping threads took: 0.0001616 seconds
2024-10-09T21:21:03.065+0300: 272.272: Application time: 0.1769017 seconds
2024-10-09T21:21:03.065+0300: 272.272: [GC (Allocation Failure) 2024-10-09T21:21:03.065+0300: 272.272: [ParNew: 460096K->51072K(460096K), 0.0300692 secs] 3394422K->3012041K(4143232K), 0.0301507 secs] [Times: user=0.03 sys=0.00, real=0.03 secs] 
2024-10-09T21:21:03.097+0300: 272.302: Total time for which application threads were stopped: 0.0303614 seconds, Stopping threads took: 0.0000775 seconds
2024-10-09T21:21:03.269+0300: 272.480: Application time: 0.1782750 seconds
2024-10-09T21:21:03.269+0300: 272.481: [GC (Allocation Failure) 2024-10-09T21:21:03.269+0300: 272.481: [ParNew: 460096K->42945K(460096K), 0.0291600 secs] 3421065K->3030489K(4143232K), 0.0292464 secs] [Times: user=0.03 sys=0.00, real=0.03 secs] 
2024-10-09T21:21:03.301+0300: 272.510: Total time for which application threads were stopped: 0.0295343 seconds, Stopping threads took: 0.0001633 seconds
2024-10-09T21:21:03.473+0300: 272.689: Application time: 0.1794089 seconds
2024-10-09T21:21:03.473+0300: 272.690: [GC (Allocation Failure) 2024-10-09T21:21:03.473+0300: 272.690: [ParNew: 451969K->51072K(460096K), 0.0247292 secs] 3439513K->3051036K(4143232K), 0.0248219 secs] [Times: user=0.09 sys=0.00, real=0.04 secs] 
2024-10-09T21:21:03.511+0300: 272.715: Total time for which application threads were stopped: 0.0251846 seconds, Stopping threads took: 0.0002379 seconds
2024-10-09T21:21:03.694+0300: 272.899: Application time: 0.1844672 seconds
2024-10-09T21:21:03.694+0300: 272.899: [GC (Allocation Failure) 2024-10-09T21:21:03.694+0300: 272.899: [ParNew: 460096K->51072K(460096K), 0.0301250 secs] 3460060K->3076715K(4143232K), 0.0302160 secs] [Times: user=0.03 sys=0.00, real=0.03 secs] 
2024-10-09T21:21:03.725+0300: 272.930: Total time for which application threads were stopped: 0.0304854 seconds, Stopping threads took: 0.0001255 seconds
2024-10-09T21:21:03.898+0300: 273.102: Application time: 0.1728951 seconds
2024-10-09T21:21:03.898+0300: 273.103: [GC (Allocation Failure) 2024-10-09T21:21:03.898+0300: 273.103: [ParNew: 460096K->51072K(460096K), 0.0243539 secs] 3485739K->3091369K(4143232K), 0.0244410 secs] [Times: user=0.03 sys=0.00, real=0.02 secs] 
2024-10-09T21:21:03.920+0300: 273.127: Total time for which application threads were stopped: 0.0246783 seconds, Stopping threads took: 0.0001235 seconds
2024-10-09T21:21:04.086+0300: 273.303: Application time: 0.1759219 seconds
2024-10-09T21:21:04.086+0300: 273.303: [GC (Allocation Failure) 2024-10-09T21:21:04.086+0300: 273.303: [ParNew: 460096K->50546K(460096K), 0.0259812 secs] 3500393K->3108554K(4143232K), 0.0260657 secs] [Times: user=0.03 sys=0.00, real=0.03 secs] 
2024-10-09T21:21:04.120+0300: 273.329: Total time for which application threads were stopped: 0.0263296 seconds, Stopping threads took: 0.0001409 seconds
2024-10-09T21:21:04.306+0300: 273.509: Application time: 0.1795698 seconds
2024-10-09T21:21:04.306+0300: 273.509: [GC (Allocation Failure) 2024-10-09T21:21:04.306+0300: 273.509: [ParNew: 459570K->49264K(460096K), 0.0278986 secs] 3517578K->3129799K(4143232K), 0.0279965 secs] [Times: user=0.03 sys=0.00, real=0.02 secs] 
2024-10-09T21:21:04.322+0300: 273.537: Total time for which application threads were stopped: 0.0282678 seconds, Stopping threads took: 0.0001466 seconds
2024-10-09T21:21:04.510+0300: 273.715: Application time: 0.1776724 seconds
2024-10-09T21:21:04.510+0300: 273.715: [GC (Allocation Failure) 2024-10-09T21:21:04.510+0300: 273.715: [ParNew: 458288K->51072K(460096K), 0.0265756 secs] 3538823K->3147268K(4143232K), 0.0266592 secs] [Times: user=0.02 sys=0.00, real=0.02 secs] 
2024-10-09T21:21:04.526+0300: 273.742: Total time for which application threads were stopped: 0.0269088 seconds, Stopping threads took: 0.0001307 seconds
2024-10-09T21:21:04.714+0300: 273.919: Application time: 0.1771840 seconds
2024-10-09T21:21:04.714+0300: 273.919: [GC (Allocation Failure) 2024-10-09T21:21:04.714+0300: 273.919: [ParNew: 460096K->51072K(460096K), 0.0247368 secs] 3556292K->3163944K(4143232K), 0.0248239 secs] [Times: user=0.03 sys=0.00, real=0.02 secs] 
2024-10-09T21:21:04.730+0300: 273.944: Total time for which application threads were stopped: 0.0250772 seconds, Stopping threads took: 0.0001200 seconds
2024-10-09T21:21:04.918+0300: 274.125: Application time: 0.1805102 seconds
2024-10-09T21:21:04.918+0300: 274.125: [GC (Allocation Failure) 2024-10-09T21:21:04.918+0300: 274.125: [ParNew: 460096K->51072K(460096K), 0.0257924 secs] 3572968K->3185810K(4143232K), 0.0258755 secs] [Times: user=0.01 sys=0.00, real=0.02 secs] 
2024-10-09T21:21:04.934+0300: 274.151: Total time for which application threads were stopped: 0.0261202 seconds, Stopping threads took: 0.0001257 seconds
2024-10-09T21:21:05.123+0300: 274.333: Application time: 0.1826169 seconds
2024-10-09T21:21:05.123+0300: 274.334: [GC (Allocation Failure) 2024-10-09T21:21:05.123+0300: 274.334: [ParNew: 460096K->51072K(460096K), 0.0230086 secs] 3594834K->3195011K(4143232K), 0.0230934 secs] [Times: user=0.02 sys=0.00, real=0.02 secs] 
2024-10-09T21:21:05.138+0300: 274.357: Total time for which application threads were stopped: 0.0233610 seconds, Stopping threads took: 0.0001462 seconds
2024-10-09T21:21:05.323+0300: 274.526: Application time: 0.1698117 seconds
2024-10-09T21:21:05.323+0300: 274.527: [GC (Allocation Failure) 2024-10-09T21:21:05.323+0300: 274.527: [ParNew: 460096K->51072K(460096K), 0.0281416 secs] 3604035K->3217122K(4143232K), 0.0282288 secs] [Times: user=0.05 sys=0.00, real=0.02 secs] 
2024-10-09T21:21:05.342+0300: 274.555: Total time for which application threads were stopped: 0.0285084 seconds, Stopping threads took: 0.0001602 seconds
2024-10-09T21:21:05.530+0300: 274.736: Application time: 0.1812288 seconds
2024-10-09T21:21:05.530+0300: 274.736: [GC (Allocation Failure) 2024-10-09T21:21:05.530+0300: 274.736: [ParNew: 460096K->51028K(460096K), 0.0316893 secs] 3626146K->3248292K(4143232K), 0.0317825 secs] [Times: user=0.08 sys=0.00, real=0.03 secs] 
2024-10-09T21:21:05.562+0300: 274.768: Total time for which application threads were stopped: 0.0320446 seconds, Stopping threads took: 0.0001298 seconds
2024-10-09T21:21:05.750+0300: 274.961: Application time: 0.1930518 seconds
2024-10-09T21:21:05.750+0300: 274.962: [GC (Allocation Failure) 2024-10-09T21:21:05.750+0300: 274.962: [ParNew: 460052K->51072K(460096K), 0.0250715 secs] 3657316K->3261529K(4143232K), 0.0251532 secs] [Times: user=0.02 sys=0.00, real=0.03 secs] 
2024-10-09T21:21:05.781+0300: 274.987: Total time for which application threads were stopped: 0.0253943 seconds, Stopping threads took: 0.0001126 seconds
2024-10-09T21:21:05.954+0300: 275.161: Application time: 0.1737994 seconds
2024-10-09T21:21:05.954+0300: 275.161: [GC (Allocation Failure) 2024-10-09T21:21:05.954+0300: 275.161: [ParNew: 460096K->51072K(460096K), 0.0260259 secs] 3670553K->3279205K(4143232K), 0.0261208 secs] [Times: user=0.02 sys=0.00, real=0.02 secs] 
2024-10-09T21:21:05.970+0300: 275.187: Total time for which application threads were stopped: 0.0263786 seconds, Stopping threads took: 0.0001351 seconds
2024-10-09T21:21:06.158+0300: 275.365: Application time: 0.1782271 seconds
2024-10-09T21:21:06.158+0300: 275.365: [GC (Allocation Failure) 2024-10-09T21:21:06.158+0300: 275.365: [ParNew: 460096K->44513K(460096K), 0.0323650 secs] 3688229K->3305110K(4143232K), 0.0324558 secs] [Times: user=0.03 sys=0.00, real=0.03 secs] 
2024-10-09T21:21:06.190+0300: 275.398: Total time for which application threads were stopped: 0.0327308 seconds, Stopping threads took: 0.0001507 seconds
2024-10-09T21:21:06.378+0300: 275.587: Application time: 0.1895562 seconds
2024-10-09T21:21:06.378+0300: 275.588: [GC (Allocation Failure) 2024-10-09T21:21:06.378+0300: 275.588: [ParNew: 453537K->51072K(460096K), 0.0241495 secs] 3714134K->3326080K(4143232K), 0.0242357 secs] [Times: user=0.01 sys=0.00, real=0.02 secs] 
2024-10-09T21:21:06.394+0300: 275.612: Total time for which application threads were stopped: 0.0245123 seconds, Stopping threads took: 0.0001578 seconds
2024-10-09T21:21:06.582+0300: 275.788: Application time: 0.1763005 seconds
2024-10-09T21:21:06.582+0300: 275.789: [GC (Allocation Failure) 2024-10-09T21:21:06.582+0300: 275.789: [ParNew: 460096K->51072K(460096K), 0.0319460 secs] 3735104K->3347553K(4143232K), 0.0320378 secs] [Times: user=0.08 sys=0.00, real=0.03 secs] 
2024-10-09T21:21:06.613+0300: 275.821: Total time for which application threads were stopped: 0.0324034 seconds, Stopping threads took: 0.0002309 seconds
2024-10-09T21:21:06.786+0300: 275.993: Application time: 0.1722283 seconds
2024-10-09T21:21:06.786+0300: 275.993: [GC (Allocation Failure) 2024-10-09T21:21:06.786+0300: 275.993: [ParNew: 460096K->51072K(460096K), 0.0282807 secs] 3756577K->3372634K(4143232K), 0.0283620 secs] [Times: user=0.03 sys=0.00, real=0.03 secs] 
2024-10-09T21:21:06.818+0300: 276.022: Total time for which application threads were stopped: 0.0286344 seconds, Stopping threads took: 0.0001574 seconds
2024-10-09T21:21:06.990+0300: 276.205: Application time: 0.1837506 seconds
2024-10-09T21:21:06.990+0300: 276.206: [GC (Allocation Failure) 2024-10-09T21:21:06.990+0300: 276.206: [ParNew: 460096K->51072K(460096K), 0.0258701 secs] 3781658K->3389950K(4143232K), 0.0259622 secs] [Times: user=0.03 sys=0.00, real=0.04 secs] 
2024-10-09T21:21:07.027+0300: 276.232: Total time for which application threads were stopped: 0.0262992 seconds, Stopping threads took: 0.0002015 seconds
2024-10-09T21:21:07.194+0300: 276.413: Application time: 0.1810103 seconds
2024-10-09T21:21:07.194+0300: 276.413: [GC (Allocation Failure) 2024-10-09T21:21:07.194+0300: 276.413: [ParNew: 460096K->51072K(460096K), 0.0247450 secs] 3798974K->3402569K(4143232K), 0.0248303 secs] [Times: user=0.05 sys=0.00, real=0.03 secs] 
2024-10-09T21:21:07.227+0300: 276.438: Total time for which application threads were stopped: 0.0250624 seconds, Stopping threads took: 0.0001128 seconds
2024-10-09T21:21:07.398+0300: 276.606: Application time: 0.1681219 seconds
2024-10-09T21:21:07.398+0300: 276.606: [GC (Allocation Failure) 2024-10-09T21:21:07.398+0300: 276.606: [ParNew: 460096K->51072K(460096K), 0.0342985 secs] 3811593K->3436156K(4143232K), 0.0343934 secs] [Times: user=0.05 sys=0.00, real=0.03 secs] 
2024-10-09T21:21:07.430+0300: 276.640: Total time for which application threads were stopped: 0.0346609 seconds, Stopping threads took: 0.0001488 seconds
2024-10-09T21:21:07.430+0300: 276.641: Application time: 0.0001850 seconds
2024-10-09T21:21:07.430+0300: 276.641: [GC (CMS Initial Mark) [1 CMS-initial-mark: 3385084K(3683136K)] 3444289K(4143232K), 0.0044278 secs] [Times: user=0.00 sys=0.00, real=0.00 secs] 
2024-10-09T21:21:07.430+0300: 276.645: Total time for which application threads were stopped: 0.0046676 seconds, Stopping threads took: 0.0001449 seconds
2024-10-09T21:21:07.430+0300: 276.645: [CMS-concurrent-mark-start]
2024-10-09T21:21:07.446+0300: 276.660: [CMS-concurrent-mark: 0.015/0.015 secs] [Times: user=0.02 sys=0.00, real=0.02 secs] 
2024-10-09T21:21:07.446+0300: 276.660: [CMS-concurrent-preclean-start]
2024-10-09T21:21:07.446+0300: 276.664: [CMS-concurrent-preclean: 0.004/0.004 secs] [Times: user=0.00 sys=0.00, real=0.00 secs] 
2024-10-09T21:21:07.446+0300: 276.664: [CMS-concurrent-abortable-preclean-start]
2024-10-09T21:21:07.634+0300: 276.839: [CMS-concurrent-abortable-preclean: 0.175/0.175 secs] [Times: user=1.11 sys=0.00, real=0.19 secs] 
2024-10-09T21:21:07.634+0300: 276.839: Application time: 0.1937972 seconds
2024-10-09T21:21:07.634+0300: 276.839: [GC (CMS Final Remark) [YG occupancy: 410662 K (460096 K)]2024-10-09T21:21:07.634+0300: 276.839: [Rescan (parallel) , 0.0425058 secs]2024-10-09T21:21:07.665+0300: 276.882: [weak refs processing, 0.0000223 secs]2024-10-09T21:21:07.665+0300: 276.882: [class unloading, 0.0021726 secs]2024-10-09T21:21:07.681+0300: 276.884: [scrub symbol table, 0.0008063 secs]2024-10-09T21:21:07.681+0300: 276.885: [scrub string table, 0.0002082 secs][1 CMS-remark: 3385084K(3683136K)] 3795746K(4143232K), 0.0458508 secs] [Times: user=0.03 sys=0.00, real=0.05 secs] 
2024-10-09T21:21:07.681+0300: 276.885: Total time for which application threads were stopped: 0.0460557 seconds, Stopping threads took: 0.0001092 seconds
2024-10-09T21:21:07.681+0300: 276.885: [CMS-concurrent-sweep-start]
2024-10-09T21:21:07.697+0300: 276.909: Application time: 0.0235730 seconds
2024-10-09T21:21:07.697+0300: 276.909: [GC (Allocation Failure) 2024-10-09T21:21:07.697+0300: 276.909: [ParNew: 460096K->42170K(460096K), 0.0283715 secs] 3794758K->3404477K(4143232K), 0.0284579 secs] [Times: user=0.03 sys=0.00, real=0.03 secs] 
2024-10-09T21:21:07.728+0300: 276.937: Total time for which application threads were stopped: 0.0287142 seconds, Stopping threads took: 0.0001454 seconds
2024-10-09T21:21:07.948+0300: 277.160: Application time: 0.2223404 seconds
2024-10-09T21:21:07.948+0300: 277.160: [GC (Allocation Failure) 2024-10-09T21:21:07.948+0300: 277.160: [ParNew: 451194K->51072K(460096K), 0.0252658 secs] 3365695K->2981121K(4143232K), 0.0253578 secs] [Times: user=0.03 sys=0.00, real=0.03 secs] 
2024-10-09T21:21:07.979+0300: 277.185: Total time for which application threads were stopped: 0.0256440 seconds, Stopping threads took: 0.0001699 seconds
2024-10-09T21:21:08.199+0300: 277.405: Application time: 0.2195262 seconds
2024-10-09T21:21:08.199+0300: 277.405: [GC (Allocation Failure) 2024-10-09T21:21:08.199+0300: 277.405: [ParNew: 460096K->51072K(460096K), 0.0262010 secs] 2969665K->2573441K(4143232K), 0.0262962 secs] [Times: user=0.02 sys=0.00, real=0.02 secs] 
2024-10-09T21:21:08.214+0300: 277.432: Total time for which application threads were stopped: 0.0266343 seconds, Stopping threads took: 0.0001854 seconds
2024-10-09T21:21:08.434+0300: 277.641: Application time: 0.2092488 seconds
2024-10-09T21:21:08.434+0300: 277.641: [GC (Allocation Failure) 2024-10-09T21:21:08.434+0300: 277.641: [ParNew: 460096K->51072K(460096K), 0.0303557 secs] 2599209K->2216073K(4143232K), 0.0304548 secs] [Times: user=0.03 sys=0.00, real=0.03 secs] 
2024-10-09T21:21:08.466+0300: 277.672: Total time for which application threads were stopped: 0.0308549 seconds, Stopping threads took: 0.0002084 seconds
2024-10-09T21:21:08.685+0300: 277.893: Application time: 0.2215384 seconds
2024-10-09T21:21:08.685+0300: 277.894: [GC (Allocation Failure) 2024-10-09T21:21:08.685+0300: 277.894: [ParNew: 460096K->51072K(460096K), 0.0226938 secs] 2195255K->1794150K(4143232K), 0.0227905 secs] [Times: user=0.02 sys=0.00, real=0.02 secs] 
2024-10-09T21:21:08.701+0300: 277.916: Total time for which application threads were stopped: 0.0231930 seconds, Stopping threads took: 0.0002462 seconds
2024-10-09T21:21:08.904+0300: 278.109: Application time: 0.1924836 seconds
2024-10-09T21:21:08.904+0300: 278.109: [GC (Allocation Failure) 2024-10-09T21:21:08.904+0300: 278.109: [ParNew: 460096K->49038K(460096K), 0.0297575 secs] 1860554K->1483043K(4143232K), 0.0298437 secs] [Times: user=0.01 sys=0.00, real=0.03 secs] 
2024-10-09T21:21:08.930+0300: 278.139: Total time for which application threads were stopped: 0.0301054 seconds, Stopping threads took: 0.0001455 seconds
2024-10-09T21:21:09.156+0300: 278.372: Application time: 0.2327195 seconds
2024-10-09T21:21:09.156+0300: 278.372: [GC (Allocation Failure) 2024-10-09T21:21:09.156+0300: 278.372: [ParNew: 458062K->51072K(460096K), 0.0237508 secs] 1450916K->1048141K(4143232K), 0.0238339 secs] [Times: user=0.03 sys=0.00, real=0.03 secs] 
2024-10-09T21:21:09.187+0300: 278.396: Total time for which application threads were stopped: 0.0241272 seconds, Stopping threads took: 0.0001752 seconds
2024-10-09T21:21:09.406+0300: 278.614: Application time: 0.2177330 seconds
2024-10-09T21:21:09.406+0300: 278.614: [GC (Allocation Failure) 2024-10-09T21:21:09.406+0300: 278.614: [ParNew: 460096K->50111K(460096K), 0.0288682 secs] 1079061K->688131K(4143232K), 0.0289598 secs] [Times: user=0.06 sys=0.00, real=0.03 secs] 
2024-10-09T21:21:09.438+0300: 278.643: Total time for which application threads were stopped: 0.0292361 seconds, Stopping threads took: 0.0001576 seconds
2024-10-09T21:21:09.642+0300: 278.850: Application time: 0.2071567 seconds
2024-10-09T21:21:09.642+0300: 278.850: [GC (Allocation Failure) 2024-10-09T21:21:09.642+0300: 278.850: [ParNew: 459135K->51072K(460096K), 0.0244614 secs] 692969K->300835K(4143232K), 0.0245521 secs] [Times: user=0.03 sys=0.00, real=0.02 secs] 
2024-10-09T21:21:09.658+0300: 278.875: Total time for which application threads were stopped: 0.0250544 seconds, Stopping threads took: 0.0003527 seconds
2024-10-09T21:21:09.705+0300: 278.913: [CMS-concurrent-sweep: 1.784/2.028 secs] [Times: user=10.06 sys=0.12, real=2.02 secs] 
2024-10-09T21:21:09.705+0300: 278.913: [CMS-concurrent-reset-start]
2024-10-09T21:21:09.705+0300: 278.921: [CMS-concurrent-reset: 0.008/0.008 secs] [Times: user=0.00 sys=0.00, real=0.00 secs] 
2024-10-09T21:21:09.846+0300: 279.055: Application time: 0.1795362 seconds
2024-10-09T21:21:09.846+0300: 279.055: [GC (Allocation Failure) 2024-10-09T21:21:09.846+0300: 279.055: [ParNew: 460096K->51072K(460096K), 0.0238465 secs] 654008K->263687K(4143232K), 0.0239300 secs] [Times: user=0.01 sys=0.00, real=0.02 secs] 
2024-10-09T21:21:09.862+0300: 279.079: Total time for which application threads were stopped: 0.0242129 seconds, Stopping threads took: 0.0001676 seconds
2024-10-09T21:21:10.050+0300: 279.266: Application time: 0.1870938 seconds
2024-10-09T21:21:10.050+0300: 279.266: [GC (Allocation Failure) 2024-10-09T21:21:10.050+0300: 279.266: [ParNew: 460096K->51072K(460096K), 0.0233883 secs] 672711K->275616K(4143232K), 0.0234758 secs] [Times: user=0.03 sys=0.00, real=0.03 secs] 
2024-10-09T21:21:10.081+0300: 279.290: Total time for which application threads were stopped: 0.0237500 seconds, Stopping threads took: 0.0001516 seconds
2024-10-09T21:21:10.254+0300: 279.465: Application time: 0.1750241 seconds
2024-10-09T21:21:10.254+0300: 279.465: [GC (Allocation Failure) 2024-10-09T21:21:10.254+0300: 279.465: [ParNew: 460096K->51072K(460096K), 0.0315586 secs] 684640K->303900K(4143232K), 0.0316472 secs] [Times: user=0.03 sys=0.00, real=0.03 secs] 
2024-10-09T21:21:10.285+0300: 279.497: Total time for which application threads were stopped: 0.0319159 seconds, Stopping threads took: 0.0001304 seconds
2024-10-09T21:21:10.458+0300: 279.667: Application time: 0.1701427 seconds
2024-10-09T21:21:10.458+0300: 279.667: [GC (Allocation Failure) 2024-10-09T21:21:10.458+0300: 279.667: [ParNew: 460096K->51072K(460096K), 0.0256264 secs] 712924K->323950K(4143232K), 0.0257231 secs] [Times: user=0.05 sys=0.00, real=0.03 secs] 
2024-10-09T21:21:10.489+0300: 279.693: Total time for which application threads were stopped: 0.0259868 seconds, Stopping threads took: 0.0001314 seconds
2024-10-09T21:21:10.678+0300: 279.883: Application time: 0.1907010 seconds
2024-10-09T21:21:10.678+0300: 279.884: [GC (Allocation Failure) 2024-10-09T21:21:10.678+0300: 279.886: [ParNew: 460096K->51072K(460096K), 0.0245604 secs] 732974K->341507K(4143232K), 0.0268110 secs] [Times: user=0.01 sys=0.00, real=0.02 secs] 
2024-10-09T21:21:10.693+0300: 279.911: Total time for which application threads were stopped: 0.0271926 seconds, Stopping threads took: 0.0002536 seconds
2024-10-09T21:21:10.882+0300: 280.087: Application time: 0.1761203 seconds
2024-10-09T21:21:10.882+0300: 280.087: [GC (Allocation Failure) 2024-10-09T21:21:10.882+0300: 280.087: [ParNew: 460096K->51072K(460096K), 0.0241099 secs] 750531K->355525K(4143232K), 0.0242026 secs] [Times: user=0.02 sys=0.00, real=0.02 secs] 
2024-10-09T21:21:10.897+0300: 280.111: Total time for which application threads were stopped: 0.0244796 seconds, Stopping threads took: 0.0001536 seconds
2024-10-09T21:21:11.070+0300: 280.287: Application time: 0.1762566 seconds
2024-10-09T21:21:11.070+0300: 280.288: [GC (Allocation Failure) 2024-10-09T21:21:11.070+0300: 280.288: [ParNew: 460096K->51072K(460096K), 0.0304021 secs] 764549K->382856K(4143232K), 0.0304901 secs] [Times: user=0.03 sys=0.00, real=0.03 secs] 
2024-10-09T21:21:11.101+0300: 280.318: Total time for which application threads were stopped: 0.0307955 seconds, Stopping threads took: 0.0001831 seconds
2024-10-09T21:21:11.274+0300: 280.491: Application time: 0.1727076 seconds
2024-10-09T21:21:11.274+0300: 280.491: [GC (Allocation Failure) 2024-10-09T21:21:11.274+0300: 280.491: [ParNew: 460096K->48620K(460096K), 0.0260590 secs] 791880K->402694K(4143232K), 0.0261443 secs] [Times: user=0.03 sys=0.00, real=0.03 secs] 
2024-10-09T21:21:11.305+0300: 280.517: Total time for which application threads were stopped: 0.0264380 seconds, Stopping threads took: 0.0001781 seconds
2024-10-09T21:21:11.479+0300: 280.694: Application time: 0.1769296 seconds
2024-10-09T21:21:11.479+0300: 280.695: [GC (Allocation Failure) 2024-10-09T21:21:11.479+0300: 280.695: [ParNew: 457644K->51072K(460096K), 0.0230497 secs] 811718K->415705K(4143232K), 0.0231365 secs] [Times: user=0.03 sys=0.00, real=0.03 secs] 
2024-10-09T21:21:11.510+0300: 280.718: Total time for which application threads were stopped: 0.0234075 seconds, Stopping threads took: 0.0001477 seconds
2024-10-09T21:21:11.683+0300: 280.901: Application time: 0.1827662 seconds
2024-10-09T21:21:11.683+0300: 280.901: [GC (Allocation Failure) 2024-10-09T21:21:11.683+0300: 280.901: [ParNew: 460096K->51072K(460096K), 0.0241777 secs] 824729K->430253K(4143232K), 0.0242630 secs] [Times: user=0.03 sys=0.00, real=0.03 secs] 
2024-10-09T21:21:11.714+0300: 280.925: Total time for which application threads were stopped: 0.0245733 seconds, Stopping threads took: 0.0001670 seconds
2024-10-09T21:21:11.887+0300: 281.097: Application time: 0.1716254 seconds
2024-10-09T21:21:11.887+0300: 281.097: [GC (Allocation Failure) 2024-10-09T21:21:11.887+0300: 281.097: [ParNew: 460096K->51072K(460096K), 0.0231977 secs] 839277K->443392K(4143232K), 0.0232842 secs] [Times: user=0.02 sys=0.00, real=0.01 secs] 
2024-10-09T21:21:11.902+0300: 281.120: Total time for which application threads were stopped: 0.0235501 seconds, Stopping threads took: 0.0001513 seconds
2024-10-09T21:21:12.091+0300: 281.300: Application time: 0.1797450 seconds
2024-10-09T21:21:12.091+0300: 281.300: [GC (Allocation Failure) 2024-10-09T21:21:12.091+0300: 281.300: [ParNew: 460096K->51072K(460096K), 0.0321351 secs] 852416K->476779K(4143232K), 0.0322822 secs] [Times: user=0.03 sys=0.00, real=0.03 secs] 
2024-10-09T21:21:12.122+0300: 281.333: Total time for which application threads were stopped: 0.0325460 seconds, Stopping threads took: 0.0001465 seconds
2024-10-09T21:21:12.295+0300: 281.512: Application time: 0.1798663 seconds
2024-10-09T21:21:12.295+0300: 281.513: [GC (Allocation Failure) 2024-10-09T21:21:12.295+0300: 281.513: [ParNew: 460096K->48657K(460096K), 0.0238796 secs] 885803K->487238K(4143232K), 0.0239664 secs] [Times: user=0.03 sys=0.00, real=0.03 secs] 
2024-10-09T21:21:12.326+0300: 281.537: Total time for which application threads were stopped: 0.0242309 seconds, Stopping threads took: 0.0001484 seconds
2024-10-09T21:21:12.499+0300: 281.714: Application time: 0.1771645 seconds
2024-10-09T21:21:12.499+0300: 281.714: [GC (Allocation Failure) 2024-10-09T21:21:12.499+0300: 281.714: [ParNew: 457681K->51072K(460096K), 0.0240748 secs] 896262K->502580K(4143232K), 0.0241642 secs] [Times: user=0.03 sys=0.00, real=0.03 secs] 
2024-10-09T21:21:12.530+0300: 281.738: Total time for which application threads were stopped: 0.0244389 seconds, Stopping threads took: 0.0001543 seconds
2024-10-09T21:21:12.719+0300: 281.922: Application time: 0.1834889 seconds
2024-10-09T21:21:12.719+0300: 281.922: [GC (Allocation Failure) 2024-10-09T21:21:12.719+0300: 281.922: [ParNew: 460096K->51072K(460096K), 0.0253464 secs] 911604K->522983K(4143232K), 0.0254207 secs] [Times: user=0.08 sys=0.00, real=0.02 secs] 
2024-10-09T21:21:12.739+0300: 281.948: Total time for which application threads were stopped: 0.0257124 seconds, Stopping threads took: 0.0001442 seconds
2024-10-09T21:21:12.923+0300: 282.130: Application time: 0.1828888 seconds
2024-10-09T21:21:12.923+0300: 282.131: [GC (Allocation Failure) 2024-10-09T21:21:12.923+0300: 282.131: [ParNew: 460096K->51072K(460096K), 0.0222435 secs] 932007K->532193K(4143232K), 0.0223266 secs] [Times: user=0.02 sys=0.00, real=0.02 secs] 
2024-10-09T21:21:12.940+0300: 282.153: Total time for which application threads were stopped: 0.0226109 seconds, Stopping threads took: 0.0001517 seconds
2024-10-09T21:21:13.127+0300: 282.333: Application time: 0.1800188 seconds
2024-10-09T21:21:13.127+0300: 282.333: [GC (Allocation Failure) 2024-10-09T21:21:13.127+0300: 282.333: [ParNew: 460096K->50948K(460096K), 0.0304085 secs] 941217K->556855K(4143232K), 0.0304693 secs] [Times: user=0.02 sys=0.00, real=0.03 secs] 
2024-10-09T21:21:13.158+0300: 282.364: Total time for which application threads were stopped: 0.0307384 seconds, Stopping threads took: 0.0001463 seconds
2024-10-09T21:21:13.331+0300: 282.538: Application time: 0.1738551 seconds
2024-10-09T21:21:13.331+0300: 282.538: [GC (Allocation Failure) 2024-10-09T21:21:13.331+0300: 282.538: [ParNew: 459972K->51072K(460096K), 0.0261542 secs] 965879K->579629K(4143232K), 0.0262399 secs] [Times: user=0.05 sys=0.00, real=0.02 secs] 
2024-10-09T21:21:13.347+0300: 282.564: Total time for which application threads were stopped: 0.0265038 seconds, Stopping threads took: 0.0001449 seconds
2024-10-09T21:21:13.541+0300: 282.747: Application time: 0.1830381 seconds
2024-10-09T21:21:13.541+0300: 282.747: [GC (Allocation Failure) 2024-10-09T21:21:13.541+0300: 282.747: [ParNew: 460096K->51072K(460096K), 0.0237726 secs] 988653K->590553K(4143232K), 0.0238647 secs] [Times: user=0.09 sys=0.00, real=0.03 secs] 
2024-10-09T21:21:13.566+0300: 282.771: Total time for which application threads were stopped: 0.0241685 seconds, Stopping threads took: 0.0001525 seconds
2024-10-09T21:21:13.742+0300: 282.954: Application time: 0.1823742 seconds
2024-10-09T21:21:13.742+0300: 282.954: [GC (Allocation Failure) 2024-10-09T21:21:13.742+0300: 282.954: [ParNew: 460096K->51072K(460096K), 0.0311184 secs] 999577K->615870K(4143232K), 0.0312051 secs] [Times: user=0.03 sys=0.00, real=0.03 secs] 
2024-10-09T21:21:13.771+0300: 282.985: Total time for which application threads were stopped: 0.0314940 seconds, Stopping threads took: 0.0001744 seconds
2024-10-09T21:21:13.943+0300: 283.158: Application time: 0.1728268 seconds
2024-10-09T21:21:13.943+0300: 283.158: [GC (Allocation Failure) 2024-10-09T21:21:13.943+0300: 283.158: [ParNew: 460096K->51072K(460096K), 0.0245853 secs] 1024894K->633131K(4143232K), 0.0246782 secs] [Times: user=0.01 sys=0.00, real=0.03 secs] 
2024-10-09T21:21:13.975+0300: 283.183: Total time for which application threads were stopped: 0.0249184 seconds, Stopping threads took: 0.0001248 seconds
2024-10-09T21:21:14.163+0300: 283.367: Application time: 0.1841871 seconds
2024-10-09T21:21:14.163+0300: 283.367: [GC (Allocation Failure) 2024-10-09T21:21:14.163+0300: 283.367: [ParNew: 460096K->51072K(460096K), 0.0249447 secs] 1042155K->649171K(4143232K), 0.0250338 secs] [Times: user=0.01 sys=0.00, real=0.02 secs] 
2024-10-09T21:21:14.179+0300: 283.392: Total time for which application threads were stopped: 0.0252654 seconds, Stopping threads took: 0.0001111 seconds
2024-10-09T21:21:14.367+0300: 283.580: Application time: 0.1878765 seconds
2024-10-09T21:21:14.367+0300: 283.581: [GC (Allocation Failure) 2024-10-09T21:21:14.367+0300: 283.581: [ParNew: 460096K->51072K(460096K), 0.0314158 secs] 1058195K->669314K(4143232K), 0.0315063 secs] [Times: user=0.08 sys=0.00, real=0.04 secs] 
2024-10-09T21:21:14.409+0300: 283.612: Total time for which application threads were stopped: 0.0318160 seconds, Stopping threads took: 0.0001624 seconds
2024-10-09T21:21:14.587+0300: 283.794: Application time: 0.1814681 seconds
2024-10-09T21:21:14.587+0300: 283.794: [GC (Allocation Failure) 2024-10-09T21:21:14.587+0300: 283.794: [ParNew: 460096K->50607K(460096K), 0.0299109 secs] 1078338K->688756K(4143232K), 0.0299996 secs] [Times: user=0.16 sys=0.00, real=0.03 secs] 
2024-10-09T21:21:14.618+0300: 283.824: Total time for which application threads were stopped: 0.0305100 seconds, Stopping threads took: 0.0003820 seconds
2024-10-09T21:21:14.790+0300: 284.009: Application time: 0.1846493 seconds
2024-10-09T21:21:14.806+0300: 284.010: [GC (Allocation Failure) 2024-10-09T21:21:14.806+0300: 284.012: [ParNew: 459631K->50957K(460096K), 0.0389900 secs] 1097780K->708323K(4143232K), 0.0409465 secs] [Times: user=0.08 sys=0.00, real=0.04 secs] 
2024-10-09T21:21:14.844+0300: 284.051: Total time for which application threads were stopped: 0.0420176 seconds, Stopping threads took: 0.0009374 seconds
2024-10-09T21:21:15.026+0300: 284.238: Application time: 0.1869116 seconds
2024-10-09T21:21:15.026+0300: 284.238: [GC (Allocation Failure) 2024-10-09T21:21:15.026+0300: 284.238: [ParNew: 459981K->51072K(460096K), 0.0227510 secs] 1117347K->717388K(4143232K), 0.0228346 secs] [Times: user=0.12 sys=0.00, real=0.03 secs] 
2024-10-09T21:21:15.058+0300: 284.261: Total time for which application threads were stopped: 0.0232111 seconds, Stopping threads took: 0.0002409 seconds
2024-10-09T21:21:15.230+0300: 284.438: Application time: 0.1767357 seconds
2024-10-09T21:21:15.230+0300: 284.438: [GC (Allocation Failure) 2024-10-09T21:21:15.230+0300: 284.438: [ParNew: 460096K->51072K(460096K), 0.0325169 secs] 1126412K->747043K(4143232K), 0.0326088 secs] [Times: user=0.12 sys=0.00, real=0.03 secs] 
2024-10-09T21:21:15.262+0300: 284.471: Total time for which application threads were stopped: 0.0329370 seconds, Stopping threads took: 0.0002065 seconds
2024-10-09T21:21:15.434+0300: 284.647: Application time: 0.1765492 seconds
2024-10-09T21:21:15.434+0300: 284.647: [GC (Allocation Failure) 2024-10-09T21:21:15.434+0300: 284.647: [ParNew: 460096K->51072K(460096K), 0.0276238 secs] 1156067K->771827K(4143232K), 0.0277097 secs] [Times: user=0.12 sys=0.00, real=0.03 secs] 
2024-10-09T21:21:15.466+0300: 284.675: Total time for which application threads were stopped: 0.0279534 seconds, Stopping threads took: 0.0001106 seconds
2024-10-09T21:21:15.654+0300: 284.867: Application time: 0.1914549 seconds
2024-10-09T21:21:15.654+0300: 284.867: [GC (Allocation Failure) 2024-10-09T21:21:15.654+0300: 284.867: [ParNew: 460096K->51072K(460096K), 0.0253167 secs] 1180851K->783039K(4143232K), 0.0254054 secs] [Times: user=0.11 sys=0.00, real=0.03 secs] 
2024-10-09T21:21:15.685+0300: 284.893: Total time for which application threads were stopped: 0.0260779 seconds, Stopping threads took: 0.0005404 seconds
2024-10-09T21:21:15.858+0300: 285.072: Application time: 0.1792343 seconds
2024-10-09T21:21:15.858+0300: 285.072: [GC (Allocation Failure) 2024-10-09T21:21:15.858+0300: 285.072: [ParNew: 460096K->51072K(460096K), 0.0298320 secs] 1192063K->809920K(4143232K), 0.0299097 secs] [Times: user=0.06 sys=0.00, real=0.03 secs] 
2024-10-09T21:21:15.890+0300: 285.102: Total time for which application threads were stopped: 0.0302025 seconds, Stopping threads took: 0.0001704 seconds
2024-10-09T21:21:16.078+0300: 285.286: Application time: 0.1840831 seconds
2024-10-09T21:21:16.078+0300: 285.286: [GC (Allocation Failure) 2024-10-09T21:21:16.078+0300: 285.286: [ParNew: 460096K->51072K(460096K), 0.0265872 secs] 1218944K->831292K(4143232K), 0.0266675 secs] [Times: user=0.05 sys=0.00, real=0.03 secs] 
2024-10-09T21:21:16.109+0300: 285.313: Total time for which application threads were stopped: 0.0269306 seconds, Stopping threads took: 0.0001356 seconds
2024-10-09T21:21:16.282+0300: 285.491: Application time: 0.1778022 seconds
2024-10-09T21:21:16.282+0300: 285.491: [GC (Allocation Failure) 2024-10-09T21:21:16.282+0300: 285.491: [ParNew: 460096K->51072K(460096K), 0.0251518 secs] 1240316K->845502K(4143232K), 0.0252344 secs] [Times: user=0.05 sys=0.00, real=0.02 secs] 
2024-10-09T21:21:16.313+0300: 285.516: Total time for which application threads were stopped: 0.0255001 seconds, Stopping threads took: 0.0001346 seconds
2024-10-09T21:21:16.486+0300: 285.693: Application time: 0.1768107 seconds
2024-10-09T21:21:16.486+0300: 285.693: [GC (Allocation Failure) 2024-10-09T21:21:16.486+0300: 285.693: [ParNew: 460096K->51072K(460096K), 0.0299803 secs] 1254526K->873742K(4143232K), 0.0300675 secs] [Times: user=0.05 sys=0.00, real=0.03 secs] 
2024-10-09T21:21:16.517+0300: 285.724: Total time for which application threads were stopped: 0.0303488 seconds, Stopping threads took: 0.0001375 seconds
2024-10-09T21:21:16.706+0300: 285.920: Application time: 0.1965873 seconds
2024-10-09T21:21:16.706+0300: 285.921: [GC (Allocation Failure) 2024-10-09T21:21:16.706+0300: 285.921: [ParNew: 460096K->51072K(460096K), 0.0248935 secs] 1282766K->890554K(4143232K), 0.0249982 secs] [Times: user=0.11 sys=0.00, real=0.03 secs] 
2024-10-09T21:21:16.737+0300: 285.946: Total time for which application threads were stopped: 0.0257044 seconds, Stopping threads took: 0.0005637 seconds
2024-10-09T21:21:16.894+0300: 286.112: Application time: 0.1662745 seconds
2024-10-09T21:21:16.894+0300: 286.112: [GC (Allocation Failure) 2024-10-09T21:21:16.894+0300: 286.112: [ParNew: 460096K->48584K(460096K), 0.0248660 secs] 1299578K->906317K(4143232K), 0.0249556 secs] [Times: user=0.12 sys=0.00, real=0.03 secs] 
2024-10-09T21:21:16.925+0300: 286.137: Total time for which application threads were stopped: 0.0252378 seconds, Stopping threads took: 0.0001557 seconds
2024-10-09T21:21:17.114+0300: 286.324: Application time: 0.1866186 seconds
2024-10-09T21:21:17.114+0300: 286.324: [GC (Allocation Failure) 2024-10-09T21:21:17.114+0300: 286.324: [ParNew: 457608K->40832K(460096K), 0.0255386 secs] 1315341K->919755K(4143232K), 0.0256198 secs] [Times: user=0.16 sys=0.00, real=0.03 secs] 
2024-10-09T21:21:17.145+0300: 286.350: Total time for which application threads were stopped: 0.0258622 seconds, Stopping threads took: 0.0001190 seconds
2024-10-09T21:21:17.333+0300: 286.539: Application time: 0.1886855 seconds
2024-10-09T21:21:17.333+0300: 286.539: [GC (Allocation Failure) 2024-10-09T21:21:17.333+0300: 286.539: [ParNew: 449856K->51072K(460096K), 0.0230078 secs] 1328779K->938068K(4143232K), 0.0230901 secs] [Times: user=0.14 sys=0.00, real=0.02 secs] 
2024-10-09T21:21:17.349+0300: 286.562: Total time for which application threads were stopped: 0.0233175 seconds, Stopping threads took: 0.0001077 seconds
2024-10-09T21:21:17.506+0300: 286.721: Application time: 0.1593047 seconds
2024-10-09T21:21:17.506+0300: 286.721: [GC (Allocation Failure) 2024-10-09T21:21:17.506+0300: 286.721: [ParNew: 460096K->47927K(460096K), 0.0287162 secs] 1347092K->959565K(4143232K), 0.0288061 secs] [Times: user=0.12 sys=0.00, real=0.03 secs] 
2024-10-09T21:21:17.537+0300: 286.750: Total time for which application threads were stopped: 0.0290755 seconds, Stopping threads took: 0.0001384 seconds
2024-10-09T21:21:17.725+0300: 286.943: Application time: 0.1925986 seconds
2024-10-09T21:21:17.725+0300: 286.943: [GC (Allocation Failure) 2024-10-09T21:21:17.725+0300: 286.943: [ParNew: 456951K->51072K(460096K), 0.0264880 secs] 1368589K->985227K(4143232K), 0.0265746 secs] [Times: user=0.19 sys=0.00, real=0.03 secs] 
2024-10-09T21:21:17.757+0300: 286.970: Total time for which application threads were stopped: 0.0268541 seconds, Stopping threads took: 0.0001494 seconds
2024-10-09T21:21:17.950+0300: 287.163: Application time: 0.1937709 seconds
2024-10-09T21:21:17.950+0300: 287.164: [GC (Allocation Failure) 2024-10-09T21:21:17.950+0300: 287.164: [ParNew: 460096K->51072K(460096K), 0.0249392 secs] 1394251K->997056K(4143232K), 0.0250264 secs] [Times: user=0.06 sys=0.00, real=0.03 secs] 
2024-10-09T21:21:17.977+0300: 287.189: Total time for which application threads were stopped: 0.0253149 seconds, Stopping threads took: 0.0001467 seconds
2024-10-09T21:21:18.151+0300: 287.357: Application time: 0.1684253 seconds
2024-10-09T21:21:18.151+0300: 287.357: [GC (Allocation Failure) 2024-10-09T21:21:18.151+0300: 287.357: [ParNew: 460096K->51072K(460096K), 0.0256292 secs] 1406080K->1011633K(4143232K), 0.0257069 secs] [Times: user=0.17 sys=0.00, real=0.01 secs] 
2024-10-09T21:21:18.165+0300: 287.383: Total time for which application threads were stopped: 0.0259660 seconds, Stopping threads took: 0.0001316 seconds
2024-10-09T21:21:18.353+0300: 287.564: Application time: 0.1810447 seconds
2024-10-09T21:21:18.353+0300: 287.564: [GC (Allocation Failure) 2024-10-09T21:21:18.353+0300: 287.565: [ParNew: 460096K->51072K(460096K), 0.0285563 secs] 1420657K->1043325K(4143232K), 0.0286489 secs] [Times: user=0.11 sys=0.00, real=0.03 secs] 
2024-10-09T21:21:18.385+0300: 287.593: Total time for which application threads were stopped: 0.0289225 seconds, Stopping threads took: 0.0001492 seconds
2024-10-09T21:21:18.589+0300: 287.793: Application time: 0.1998654 seconds
2024-10-09T21:21:18.589+0300: 287.793: [GC (Allocation Failure) 2024-10-09T21:21:18.589+0300: 287.793: [ParNew: 460096K->51072K(460096K), 0.0221367 secs] 1452349K->1046635K(4143232K), 0.0222280 secs] [Times: user=0.11 sys=0.00, real=0.02 secs] 
2024-10-09T21:21:18.605+0300: 287.816: Total time for which application threads were stopped: 0.0224790 seconds, Stopping threads took: 0.0001268 seconds
2024-10-09T21:21:18.777+0300: 287.993: Application time: 0.1774952 seconds
2024-10-09T21:21:18.777+0300: 287.993: [GC (Allocation Failure) 2024-10-09T21:21:18.777+0300: 287.993: [ParNew: 460096K->51072K(460096K), 0.0334972 secs] 1455659K->1074242K(4143232K), 0.0335923 secs] [Times: user=0.03 sys=0.00, real=0.03 secs] 
2024-10-09T21:21:18.808+0300: 288.027: Total time for which application threads were stopped: 0.0339354 seconds, Stopping threads took: 0.0002073 seconds
2024-10-09T21:21:18.997+0300: 288.201: Application time: 0.1742067 seconds
2024-10-09T21:21:18.997+0300: 288.201: [GC (Allocation Failure) 2024-10-09T21:21:18.997+0300: 288.201: [ParNew: 460096K->48829K(460096K), 0.0301889 secs] 1483266K->1107100K(4143232K), 0.0302716 secs] [Times: user=0.02 sys=0.00, real=0.03 secs] 
2024-10-09T21:21:19.028+0300: 288.232: Total time for which application threads were stopped: 0.0305234 seconds, Stopping threads took: 0.0001319 seconds
2024-10-09T21:21:19.217+0300: 288.430: Application time: 0.1980563 seconds
2024-10-09T21:21:19.217+0300: 288.430: [GC (Allocation Failure) 2024-10-09T21:21:19.217+0300: 288.430: [ParNew: 457853K->51072K(460096K), 0.0214391 secs] 1516124K->1112007K(4143232K), 0.0215217 secs] [Times: user=0.02 sys=0.00, real=0.03 secs] 
2024-10-09T21:21:19.248+0300: 288.452: Total time for which application threads were stopped: 0.0217932 seconds, Stopping threads took: 0.0001428 seconds
2024-10-09T21:21:19.421+0300: 288.628: Application time: 0.1766978 seconds
2024-10-09T21:21:19.421+0300: 288.628: [GC (Allocation Failure) 2024-10-09T21:21:19.421+0300: 288.629: [ParNew: 460096K->51072K(460096K), 0.0315802 secs] 1521031K->1132379K(4143232K), 0.0316700 secs] [Times: user=0.05 sys=0.00, real=0.03 secs] 
2024-10-09T21:21:19.454+0300: 288.660: Total time for which application threads were stopped: 0.0319462 seconds, Stopping threads took: 0.0001498 seconds
2024-10-09T21:21:19.625+0300: 288.836: Application time: 0.1755388 seconds
2024-10-09T21:21:19.625+0300: 288.836: [GC (Allocation Failure) 2024-10-09T21:21:19.625+0300: 288.836: [ParNew: 460096K->45786K(460096K), 0.0321481 secs] 1541403K->1165781K(4143232K), 0.0322414 secs] [Times: user=0.06 sys=0.00, real=0.03 secs] 
2024-10-09T21:21:19.657+0300: 288.868: Total time for which application threads were stopped: 0.0325513 seconds, Stopping threads took: 0.0001783 seconds
2024-10-09T21:21:19.855+0300: 289.063: Application time: 0.1943763 seconds
2024-10-09T21:21:19.855+0300: 289.063: [GC (Allocation Failure) 2024-10-09T21:21:19.855+0300: 289.063: [ParNew: 454810K->51072K(460096K), 0.0216612 secs] 1574805K->1173317K(4143232K), 0.0217346 secs] [Times: user=0.03 sys=0.00, real=0.03 secs] 
2024-10-09T21:21:19.881+0300: 289.085: Total time for which application threads were stopped: 0.0219851 seconds, Stopping threads took: 0.0001331 seconds
2024-10-09T21:21:20.055+0300: 289.267: Application time: 0.1821138 seconds
2024-10-09T21:21:20.055+0300: 289.267: [GC (Allocation Failure) 2024-10-09T21:21:20.055+0300: 289.267: [ParNew: 460096K->51072K(460096K), 0.0283276 secs] 1582341K->1191671K(4143232K), 0.0284085 secs] [Times: user=0.01 sys=0.00, real=0.02 secs] 
2024-10-09T21:21:20.080+0300: 289.295: Total time for which application threads were stopped: 0.0286702 seconds, Stopping threads took: 0.0001429 seconds
2024-10-09T21:21:20.255+0300: 289.459: Application time: 0.1633925 seconds
2024-10-09T21:21:20.255+0300: 289.459: [GC (Allocation Failure) 2024-10-09T21:21:20.255+0300: 289.459: [ParNew: 460096K->42885K(460096K), 0.0308438 secs] 1600695K->1218412K(4143232K), 0.0309269 secs] [Times: user=0.03 sys=0.00, real=0.03 secs] 
2024-10-09T21:21:20.284+0300: 289.490: Total time for which application threads were stopped: 0.0311600 seconds, Stopping threads took: 0.0001150 seconds
2024-10-09T21:21:20.472+0300: 289.681: Application time: 0.1913111 seconds
2024-10-09T21:21:20.472+0300: 289.682: [GC (Allocation Failure) 2024-10-09T21:21:20.472+0300: 289.682: [ParNew: 451909K->51072K(460096K), 0.0219086 secs] 1627436K->1229692K(4143232K), 0.0219889 secs] [Times: user=0.03 sys=0.00, real=0.02 secs] 
2024-10-09T21:21:20.488+0300: 289.704: Total time for which application threads were stopped: 0.0222318 seconds, Stopping threads took: 0.0001267 seconds
2024-10-09T21:21:20.676+0300: 289.888: Application time: 0.1845577 seconds
2024-10-09T21:21:20.676+0300: 289.888: [GC (Allocation Failure) 2024-10-09T21:21:20.676+0300: 289.888: [ParNew: 460096K->51072K(460096K), 0.0294192 secs] 1638716K->1248771K(4143232K), 0.0295211 secs] [Times: user=0.12 sys=0.00, real=0.03 secs] 
2024-10-09T21:21:20.708+0300: 289.918: Total time for which application threads were stopped: 0.0298362 seconds, Stopping threads took: 0.0001576 seconds
2024-10-09T21:21:20.880+0300: 290.094: Application time: 0.1756211 seconds
2024-10-09T21:21:20.880+0300: 290.094: [GC (Allocation Failure) 2024-10-09T21:21:20.880+0300: 290.094: [ParNew: 460096K->50848K(460096K), 0.0251244 secs] 1657795K->1270669K(4143232K), 0.0252122 secs] [Times: user=0.03 sys=0.00, real=0.03 secs] 
2024-10-09T21:21:20.912+0300: 290.119: Total time for which application threads were stopped: 0.0254817 seconds, Stopping threads took: 0.0001507 seconds
2024-10-09T21:21:21.100+0300: 290.313: Application time: 0.1935203 seconds
2024-10-09T21:21:21.100+0300: 290.313: [GC (Allocation Failure) 2024-10-09T21:21:21.100+0300: 290.313: [ParNew: 459872K->51072K(460096K), 0.0231390 secs] 1679693K->1281789K(4143232K), 0.0232284 secs] [Times: user=0.01 sys=0.00, real=0.03 secs] 
2024-10-09T21:21:21.131+0300: 290.336: Total time for which application threads were stopped: 0.0234802 seconds, Stopping threads took: 0.0001351 seconds
2024-10-09T21:21:21.304+0300: 290.522: Application time: 0.1855084 seconds
2024-10-09T21:21:21.304+0300: 290.522: [GC (Allocation Failure) 2024-10-09T21:21:21.304+0300: 290.522: [ParNew: 460096K->51072K(460096K), 0.0240608 secs] 1690813K->1295075K(4143232K), 0.0241502 secs] [Times: user=0.03 sys=0.00, real=0.03 secs] 
2024-10-09T21:21:21.335+0300: 290.546: Total time for which application threads were stopped: 0.0244456 seconds, Stopping threads took: 0.0001758 seconds
2024-10-09T21:21:21.507+0300: 290.717: Application time: 0.1706193 seconds
2024-10-09T21:21:21.507+0300: 290.717: [GC (Allocation Failure) 2024-10-09T21:21:21.507+0300: 290.717: [ParNew: 460096K->51072K(460096K), 0.0299427 secs] 1704099K->1323333K(4143232K), 0.0300281 secs] [Times: user=0.03 sys=0.00, real=0.03 secs] 
2024-10-09T21:21:21.539+0300: 290.747: Total time for which application threads were stopped: 0.0302906 seconds, Stopping threads took: 0.0001492 seconds
2024-10-09T21:21:21.727+0300: 290.936: Application time: 0.1885729 seconds
2024-10-09T21:21:21.727+0300: 290.936: [GC (Allocation Failure) 2024-10-09T21:21:21.727+0300: 290.936: [ParNew: 460096K->51072K(460096K), 0.0273822 secs] 1732357K->1342849K(4143232K), 0.0274647 secs] [Times: user=0.03 sys=0.00, real=0.03 secs] 
2024-10-09T21:21:21.758+0300: 290.963: Total time for which application threads were stopped: 0.0277188 seconds, Stopping threads took: 0.0001408 seconds
2024-10-09T21:21:21.931+0300: 291.139: Application time: 0.1753178 seconds
2024-10-09T21:21:21.931+0300: 291.139: [GC (Allocation Failure) 2024-10-09T21:21:21.931+0300: 291.139: [ParNew: 460096K->51072K(460096K), 0.0290957 secs] 1751873K->1366010K(4143232K), 0.0291780 secs] [Times: user=0.03 sys=0.00, real=0.03 secs] 
2024-10-09T21:21:21.962+0300: 291.168: Total time for which application threads were stopped: 0.0294515 seconds, Stopping threads took: 0.0001557 seconds
2024-10-09T21:21:22.119+0300: 291.335: Application time: 0.1666227 seconds
2024-10-09T21:21:22.119+0300: 291.335: [GC (Allocation Failure) 2024-10-09T21:21:22.119+0300: 291.335: [ParNew: 460096K->44185K(460096K), 0.0276277 secs] 1775034K->1382693K(4143232K), 0.0277076 secs] [Times: user=0.03 sys=0.00, real=0.04 secs] 
2024-10-09T21:21:22.159+0300: 291.363: Total time for which application threads were stopped: 0.0279888 seconds, Stopping threads took: 0.0001609 seconds
2024-10-09T21:21:22.339+0300: 291.547: Application time: 0.1847082 seconds
2024-10-09T21:21:22.339+0300: 291.548: [GC (Allocation Failure) 2024-10-09T21:21:22.339+0300: 291.548: [ParNew: 453209K->51072K(460096K), 0.0244313 secs] 1791717K->1405641K(4143232K), 0.0245158 secs] [Times: user=0.02 sys=0.00, real=0.02 secs] 
2024-10-09T21:21:22.360+0300: 291.572: Total time for which application threads were stopped: 0.0247760 seconds, Stopping threads took: 0.0001407 seconds
2024-10-09T21:21:22.543+0300: 291.756: Application time: 0.1835830 seconds
2024-10-09T21:21:22.543+0300: 291.756: [GC (Allocation Failure) 2024-10-09T21:21:22.543+0300: 291.756: [ParNew: 460096K->51072K(460096K), 0.0327999 secs] 1814665K->1426313K(4143232K), 0.0329002 secs] [Times: user=0.06 sys=0.00, real=0.03 secs] 
2024-10-09T21:21:22.574+0300: 291.789: Total time for which application threads were stopped: 0.0331851 seconds, Stopping threads took: 0.0001365 seconds
2024-10-09T21:21:22.747+0300: 291.954: Application time: 0.1655727 seconds
2024-10-09T21:21:22.747+0300: 291.955: [GC (Allocation Failure) 2024-10-09T21:21:22.747+0300: 291.955: [ParNew: 460096K->41421K(460096K), 0.0249393 secs] 1835337K->1437176K(4143232K), 0.0250283 secs] [Times: user=0.01 sys=0.00, real=0.02 secs] 
2024-10-09T21:21:22.763+0300: 291.980: Total time for which application threads were stopped: 0.0253077 seconds, Stopping threads took: 0.0001604 seconds
2024-10-09T21:21:22.961+0300: 292.164: Application time: 0.1845726 seconds
2024-10-09T21:21:22.961+0300: 292.165: [GC (Allocation Failure) 2024-10-09T21:21:22.961+0300: 292.165: [ParNew: 450445K->46115K(460096K), 0.0255030 secs] 1846200K->1461787K(4143232K), 0.0256102 secs] [Times: user=0.02 sys=0.00, real=0.02 secs] 
2024-10-09T21:21:22.982+0300: 292.190: Total time for which application threads were stopped: 0.0258674 seconds, Stopping threads took: 0.0001182 seconds
2024-10-09T21:21:23.171+0300: 292.380: Application time: 0.1896160 seconds
2024-10-09T21:21:23.171+0300: 292.380: [GC (Allocation Failure) 2024-10-09T21:21:23.171+0300: 292.380: [ParNew: 455139K->51072K(460096K), 0.0255571 secs] 1870811K->1479449K(4143232K), 0.0256495 secs] [Times: user=0.03 sys=0.00, real=0.03 secs] 
2024-10-09T21:21:23.202+0300: 292.406: Total time for which application threads were stopped: 0.0259612 seconds, Stopping threads took: 0.0001760 seconds
2024-10-09T21:21:23.362+0300: 292.571: Application time: 0.1651008 seconds
2024-10-09T21:21:23.362+0300: 292.571: [GC (Allocation Failure) 2024-10-09T21:21:23.362+0300: 292.571: [ParNew: 460096K->49446K(460096K), 0.0236286 secs] 1888473K->1493396K(4143232K), 0.0237143 secs] [Times: user=0.05 sys=0.00, real=0.03 secs] 
2024-10-09T21:21:23.390+0300: 292.595: Total time for which application threads were stopped: 0.0239785 seconds, Stopping threads took: 0.0001432 seconds
2024-10-09T21:21:23.578+0300: 292.785: Application time: 0.1905291 seconds
2024-10-09T21:21:23.578+0300: 292.786: [GC (Allocation Failure) 2024-10-09T21:21:23.578+0300: 292.786: [ParNew: 458470K->48391K(460096K), 0.0263361 secs] 1902420K->1514756K(4143232K), 0.0264278 secs] [Times: user=0.01 sys=0.00, real=0.02 secs] 
2024-10-09T21:21:23.594+0300: 292.812: Total time for which application threads were stopped: 0.0266865 seconds, Stopping threads took: 0.0001311 seconds
2024-10-09T21:21:23.801+0300: 293.004: Application time: 0.1915563 seconds
2024-10-09T21:21:23.801+0300: 293.004: [GC (Allocation Failure) 2024-10-09T21:21:23.801+0300: 293.004: [ParNew: 457415K->51072K(460096K), 0.0244202 secs] 1923780K->1528172K(4143232K), 0.0244985 secs] [Times: user=0.02 sys=0.00, real=0.02 secs] 
2024-10-09T21:21:23.819+0300: 293.028: Total time for which application threads were stopped: 0.0247346 seconds, Stopping threads took: 0.0001193 seconds
2024-10-09T21:21:23.987+0300: 293.193: Application time: 0.1645407 seconds
2024-10-09T21:21:23.987+0300: 293.193: [GC (Allocation Failure) 2024-10-09T21:21:23.987+0300: 293.193: [ParNew: 460096K->51072K(460096K), 0.0279723 secs] 1937196K->1547434K(4143232K), 0.0280587 secs] [Times: user=0.02 sys=0.00, real=0.02 secs] 
2024-10-09T21:21:24.003+0300: 293.221: Total time for which application threads were stopped: 0.0283962 seconds, Stopping threads took: 0.0001638 seconds
2024-10-09T21:21:24.191+0300: 293.402: Application time: 0.1807105 seconds
2024-10-09T21:21:24.191+0300: 293.402: [GC (Allocation Failure) 2024-10-09T21:21:24.191+0300: 293.402: [ParNew: 460096K->48627K(460096K), 0.0311978 secs] 1956458K->1581678K(4143232K), 0.0312908 secs] [Times: user=0.03 sys=0.00, real=0.03 secs] 
2024-10-09T21:21:24.222+0300: 293.434: Total time for which application threads were stopped: 0.0315655 seconds, Stopping threads took: 0.0001349 seconds
2024-10-09T21:21:24.411+0300: 293.624: Application time: 0.1906060 seconds
2024-10-09T21:21:24.411+0300: 293.624: [GC (Allocation Failure) 2024-10-09T21:21:24.411+0300: 293.624: [ParNew: 457651K->51072K(460096K), 0.0231818 secs] 1990702K->1587835K(4143232K), 0.0232539 secs] [Times: user=0.05 sys=0.00, real=0.03 secs] 
2024-10-09T21:21:24.442+0300: 293.648: Total time for which application threads were stopped: 0.0235200 seconds, Stopping threads took: 0.0001471 seconds
2024-10-09T21:21:24.615+0300: 293.823: Application time: 0.1749794 seconds
2024-10-09T21:21:24.615+0300: 293.823: [GC (Allocation Failure) 2024-10-09T21:21:24.615+0300: 293.823: [ParNew: 460096K->51072K(460096K), 0.0318643 secs] 1996859K->1612910K(4143232K), 0.0319574 secs] [Times: user=0.03 sys=0.00, real=0.03 secs] 
2024-10-09T21:21:24.646+0300: 293.855: Total time for which application threads were stopped: 0.0322366 seconds, Stopping threads took: 0.0001470 seconds
2024-10-09T21:21:24.819+0300: 294.025: Application time: 0.1697755 seconds
2024-10-09T21:21:24.819+0300: 294.025: [GC (Allocation Failure) 2024-10-09T21:21:24.819+0300: 294.025: [ParNew: 460096K->48483K(460096K), 0.0301139 secs] 2021934K->1642640K(4143232K), 0.0301968 secs] [Times: user=0.03 sys=0.00, real=0.03 secs] 
2024-10-09T21:21:24.850+0300: 294.055: Total time for which application threads were stopped: 0.0304500 seconds, Stopping threads took: 0.0001347 seconds
2024-10-09T21:21:25.038+0300: 294.249: Application time: 0.1937251 seconds
2024-10-09T21:21:25.038+0300: 294.249: [GC (Allocation Failure) 2024-10-09T21:21:25.038+0300: 294.249: [ParNew: 457507K->51072K(460096K), 0.0260415 secs] 2051664K->1660978K(4143232K), 0.0261216 secs] [Times: user=0.03 sys=0.00, real=0.03 secs] 
2024-10-09T21:21:25.069+0300: 294.275: Total time for which application threads were stopped: 0.0263817 seconds, Stopping threads took: 0.0001426 seconds
2024-10-09T21:21:25.242+0300: 294.451: Application time: 0.1752297 seconds
2024-10-09T21:21:25.242+0300: 294.451: [GC (Allocation Failure) 2024-10-09T21:21:25.242+0300: 294.451: [ParNew: 460096K->51072K(460096K), 0.0263927 secs] 2070002K->1674557K(4143232K), 0.0264756 secs] [Times: user=0.03 sys=0.00, real=0.03 secs] 
2024-10-09T21:21:25.273+0300: 294.477: Total time for which application threads were stopped: 0.0267191 seconds, Stopping threads took: 0.0001262 seconds
2024-10-09T21:21:25.430+0300: 294.640: Application time: 0.1629626 seconds
2024-10-09T21:21:25.430+0300: 294.640: [GC (Allocation Failure) 2024-10-09T21:21:25.430+0300: 294.641: [ParNew: 460096K->42893K(460096K), 0.0324362 secs] 2083581K->1703445K(4143232K), 0.0325351 secs] [Times: user=0.05 sys=0.00, real=0.04 secs] 
2024-10-09T21:21:25.467+0300: 294.673: Total time for which application threads were stopped: 0.0328556 seconds, Stopping threads took: 0.0001966 seconds
2024-10-09T21:21:25.667+0300: 294.872: Application time: 0.1986656 seconds
2024-10-09T21:21:25.667+0300: 294.872: [GC (Allocation Failure) 2024-10-09T21:21:25.667+0300: 294.872: [ParNew: 451917K->51072K(460096K), 0.0212533 secs] 2112469K->1714051K(4143232K), 0.0213344 secs] [Times: user=0.06 sys=0.00, real=0.01 secs] 
2024-10-09T21:21:25.682+0300: 294.893: Total time for which application threads were stopped: 0.0215933 seconds, Stopping threads took: 0.0001348 seconds
2024-10-09T21:21:25.870+0300: 295.074: Application time: 0.1810415 seconds
2024-10-09T21:21:25.870+0300: 295.075: [GC (Allocation Failure) 2024-10-09T21:21:25.870+0300: 295.075: [ParNew: 460096K->51072K(460096K), 0.0284294 secs] 2123075K->1732252K(4143232K), 0.0285186 secs] [Times: user=0.02 sys=0.00, real=0.02 secs] 
2024-10-09T21:21:25.886+0300: 295.103: Total time for which application threads were stopped: 0.0287979 seconds, Stopping threads took: 0.0001613 seconds
2024-10-09T21:21:26.058+0300: 295.266: Application time: 0.1627428 seconds
2024-10-09T21:21:26.058+0300: 295.266: [GC (Allocation Failure) 2024-10-09T21:21:26.058+0300: 295.266: [ParNew: 460096K->42589K(460096K), 0.0303924 secs] 2141276K->1754384K(4143232K), 0.0304790 secs] [Times: user=0.02 sys=0.00, real=0.03 secs] 
2024-10-09T21:21:26.090+0300: 295.297: Total time for which application threads were stopped: 0.0307462 seconds, Stopping threads took: 0.0001489 seconds
2024-10-09T21:21:26.278+0300: 295.484: Application time: 0.1869381 seconds
2024-10-09T21:21:26.278+0300: 295.484: [GC (Allocation Failure) 2024-10-09T21:21:26.278+0300: 295.484: [ParNew: 451613K->51072K(460096K), 0.0235566 secs] 2163408K->1778761K(4143232K), 0.0236405 secs] [Times: user=0.02 sys=0.00, real=0.02 secs] 
2024-10-09T21:21:26.294+0300: 295.508: Total time for which application threads were stopped: 0.0239075 seconds, Stopping threads took: 0.0001457 seconds
2024-10-09T21:21:26.482+0300: 295.690: Application time: 0.1826246 seconds
2024-10-09T21:21:26.482+0300: 295.690: [GC (Allocation Failure) 2024-10-09T21:21:26.482+0300: 295.690: [ParNew: 460096K->51072K(460096K), 0.0264459 secs] 2187785K->1791466K(4143232K), 0.0265390 secs] [Times: user=0.02 sys=0.00, real=0.03 secs] 
2024-10-09T21:21:26.513+0300: 295.717: Total time for which application threads were stopped: 0.0267936 seconds, Stopping threads took: 0.0001347 seconds
2024-10-09T21:21:26.671+0300: 295.887: Application time: 0.1698368 seconds
2024-10-09T21:21:26.671+0300: 295.887: [GC (Allocation Failure) 2024-10-09T21:21:26.671+0300: 295.887: [ParNew: 460096K->51072K(460096K), 0.0345063 secs] 2200490K->1826655K(4143232K), 0.0345964 secs] [Times: user=0.03 sys=0.00, real=0.05 secs] 
2024-10-09T21:21:26.717+0300: 295.922: Total time for which application threads were stopped: 0.0349973 seconds, Stopping threads took: 0.0002589 seconds
2024-10-09T21:21:26.890+0300: 296.106: Application time: 0.1840624 seconds
2024-10-09T21:21:26.890+0300: 296.106: [GC (Allocation Failure) 2024-10-09T21:21:26.890+0300: 296.106: [ParNew: 460096K->51072K(460096K), 0.0239552 secs] 2235679K->1844681K(4143232K), 0.0240413 secs] [Times: user=0.03 sys=0.00, real=0.03 secs] 
2024-10-09T21:21:26.921+0300: 296.130: Total time for which application threads were stopped: 0.0242988 seconds, Stopping threads took: 0.0001407 seconds
2024-10-09T21:21:27.110+0300: 296.315: Application time: 0.1850943 seconds
2024-10-09T21:21:27.110+0300: 296.315: [GC (Allocation Failure) 2024-10-09T21:21:27.110+0300: 296.315: [ParNew: 460096K->51072K(460096K), 0.0260532 secs] 2253705K->1859163K(4143232K), 0.0261444 secs] [Times: user=0.02 sys=0.00, real=0.02 secs] 
2024-10-09T21:21:27.125+0300: 296.342: Total time for which application threads were stopped: 0.0264062 seconds, Stopping threads took: 0.0001406 seconds
2024-10-09T21:21:27.298+0300: 296.507: Application time: 0.1650043 seconds
2024-10-09T21:21:27.298+0300: 296.507: [GC (Allocation Failure) 2024-10-09T21:21:27.298+0300: 296.507: [ParNew: 460096K->51072K(460096K), 0.0259707 secs] 2268187K->1876848K(4143232K), 0.0260603 secs] [Times: user=0.03 sys=0.00, real=0.03 secs] 
2024-10-09T21:21:27.329+0300: 296.533: Total time for which application threads were stopped: 0.0263321 seconds, Stopping threads took: 0.0001421 seconds
2024-10-09T21:21:27.503+0300: 296.720: Application time: 0.1869325 seconds
2024-10-09T21:21:27.503+0300: 296.720: [GC (Allocation Failure) 2024-10-09T21:21:27.503+0300: 296.720: [ParNew: 460096K->51072K(460096K), 0.0307754 secs] 2285872K->1906011K(4143232K), 0.0308674 secs] [Times: user=0.03 sys=0.00, real=0.03 secs] 
2024-10-09T21:21:27.534+0300: 296.751: Total time for which application threads were stopped: 0.0311676 seconds, Stopping threads took: 0.0001741 seconds
2024-10-09T21:21:27.722+0300: 296.939: Application time: 0.1874212 seconds
2024-10-09T21:21:27.722+0300: 296.939: [GC (Allocation Failure) 2024-10-09T21:21:27.722+0300: 296.939: [ParNew: 460096K->51072K(460096K), 0.0233844 secs] 2315035K->1915225K(4143232K), 0.0234819 secs] [Times: user=0.03 sys=0.00, real=0.03 secs] 
2024-10-09T21:21:27.754+0300: 296.962: Total time for which application threads were stopped: 0.0237916 seconds, Stopping threads took: 0.0001872 seconds
2024-10-09T21:21:27.911+0300: 297.127: Application time: 0.1649577 seconds
2024-10-09T21:21:27.911+0300: 297.128: [GC (Allocation Failure) 2024-10-09T21:21:27.911+0300: 297.128: [ParNew: 460096K->51072K(460096K), 0.0310996 secs] 2324249K->1946240K(4143232K), 0.0311878 secs] [Times: user=0.03 sys=0.00, real=0.03 secs] 
2024-10-09T21:21:27.942+0300: 297.159: Total time for which application threads were stopped: 0.0314755 seconds, Stopping threads took: 0.0001690 seconds
2024-10-09T21:21:28.131+0300: 297.345: Application time: 0.1861628 seconds
2024-10-09T21:21:28.131+0300: 297.345: [GC (Allocation Failure) 2024-10-09T21:21:28.131+0300: 297.345: [ParNew: 460096K->50323K(460096K), 0.0262016 secs] 2355264K->1965032K(4143232K), 0.0262996 secs] [Times: user=0.03 sys=0.00, real=0.03 secs] 
2024-10-09T21:21:28.162+0300: 297.371: Total time for which application threads were stopped: 0.0265744 seconds, Stopping threads took: 0.0001502 seconds
2024-10-09T21:21:28.350+0300: 297.556: Application time: 0.1845889 seconds
2024-10-09T21:21:28.350+0300: 297.556: [GC (Allocation Failure) 2024-10-09T21:21:28.350+0300: 297.556: [ParNew: 459347K->51072K(460096K), 0.0263055 secs] 2374056K->1981002K(4143232K), 0.0263864 secs] [Times: user=0.03 sys=0.00, real=0.02 secs] 
2024-10-09T21:21:28.373+0300: 297.583: Total time for which application threads were stopped: 0.0266551 seconds, Stopping threads took: 0.0001547 seconds
2024-10-09T21:21:28.539+0300: 297.745: Application time: 0.1623668 seconds
2024-10-09T21:21:28.539+0300: 297.745: [GC (Allocation Failure) 2024-10-09T21:21:28.539+0300: 297.745: [ParNew: 460096K->51072K(460096K), 0.0287257 secs] 2390026K->2006404K(4143232K), 0.0288103 secs] [Times: user=0.06 sys=0.00, real=0.03 secs] 
2024-10-09T21:21:28.570+0300: 297.774: Total time for which application threads were stopped: 0.0290761 seconds, Stopping threads took: 0.0001413 seconds
2024-10-09T21:21:28.743+0300: 297.958: Application time: 0.1842330 seconds
2024-10-09T21:21:28.743+0300: 297.959: [GC (Allocation Failure) 2024-10-09T21:21:28.743+0300: 297.959: [ParNew: 460096K->51072K(460096K), 0.0262386 secs] 2415428K->2026752K(4143232K), 0.0263294 secs] [Times: user=0.03 sys=0.00, real=0.03 secs] 
2024-10-09T21:21:28.774+0300: 297.985: Total time for which application threads were stopped: 0.0266421 seconds, Stopping threads took: 0.0001863 seconds
2024-10-09T21:21:28.962+0300: 298.176: Application time: 0.1913285 seconds
2024-10-09T21:21:28.962+0300: 298.177: [GC (Allocation Failure) 2024-10-09T21:21:28.962+0300: 298.177: [ParNew: 460096K->51072K(460096K), 0.0263806 secs] 2435776K->2042797K(4143232K), 0.0264638 secs] [Times: user=0.03 sys=0.00, real=0.03 secs] 
2024-10-09T21:21:28.994+0300: 298.203: Total time for which application threads were stopped: 0.0267014 seconds, Stopping threads took: 0.0001232 seconds
2024-10-09T21:21:29.151+0300: 298.365: Application time: 0.1621910 seconds
2024-10-09T21:21:29.151+0300: 298.366: [GC (Allocation Failure) 2024-10-09T21:21:29.151+0300: 298.366: [ParNew: 460096K->51072K(460096K), 0.0254773 secs] 2451821K->2060990K(4143232K), 0.0255616 secs] [Times: user=0.03 sys=0.00, real=0.03 secs] 
2024-10-09T21:21:29.183+0300: 298.391: Total time for which application threads were stopped: 0.0258384 seconds, Stopping threads took: 0.0001620 seconds
2024-10-09T21:21:29.370+0300: 298.577: Application time: 0.1857189 seconds
2024-10-09T21:21:29.370+0300: 298.577: [GC (Allocation Failure) 2024-10-09T21:21:29.370+0300: 298.577: [ParNew: 460096K->45044K(460096K), 0.0258125 secs] 2470014K->2077920K(4143232K), 0.0258967 secs] [Times: user=0.02 sys=0.00, real=0.02 secs] 
2024-10-09T21:21:29.387+0300: 298.603: Total time for which application threads were stopped: 0.0261505 seconds, Stopping threads took: 0.0001411 seconds
2024-10-09T21:21:29.591+0300: 298.800: Application time: 0.1965348 seconds
2024-10-09T21:21:29.591+0300: 298.800: [GC (Allocation Failure) 2024-10-09T21:21:29.591+0300: 298.800: [ParNew: 454068K->51072K(460096K), 0.0269052 secs] 2486944K->2101584K(4143232K), 0.0269970 secs] [Times: user=0.06 sys=0.00, real=0.03 secs] 
2024-10-09T21:21:29.622+0300: 298.827: Total time for which application threads were stopped: 0.0272722 seconds, Stopping threads took: 0.0001367 seconds
2024-10-09T21:21:29.779+0300: 298.993: Application time: 0.1666300 seconds
2024-10-09T21:21:29.779+0300: 298.994: [GC (Allocation Failure) 2024-10-09T21:21:29.779+0300: 298.994: [ParNew: 460096K->51072K(460096K), 0.0241775 secs] 2510608K->2114447K(4143232K), 0.0242661 secs] [Times: user=0.03 sys=0.00, real=0.03 secs] 
2024-10-09T21:21:29.810+0300: 299.018: Total time for which application threads were stopped: 0.0245638 seconds, Stopping threads took: 0.0001718 seconds
2024-10-09T21:21:29.983+0300: 299.194: Application time: 0.1764701 seconds
2024-10-09T21:21:29.983+0300: 299.195: [GC (Allocation Failure) 2024-10-09T21:21:29.983+0300: 299.195: [ParNew: 460096K->44369K(460096K), 0.0318230 secs] 2523471K->2143482K(4143232K), 0.0319167 secs] [Times: user=0.03 sys=0.00, real=0.03 secs] 
2024-10-09T21:21:30.014+0300: 299.227: Total time for which application threads were stopped: 0.0321635 seconds, Stopping threads took: 0.0001291 seconds
2024-10-09T21:21:30.203+0300: 299.415: Application time: 0.1879115 seconds
2024-10-09T21:21:30.203+0300: 299.415: [GC (Allocation Failure) 2024-10-09T21:21:30.203+0300: 299.415: [ParNew: 453393K->51072K(460096K), 0.0225507 secs] 2552506K->2153075K(4143232K), 0.0226276 secs] [Times: user=0.03 sys=0.00, real=0.03 secs] 
2024-10-09T21:21:30.234+0300: 299.437: Total time for which application threads were stopped: 0.0228812 seconds, Stopping threads took: 0.0001345 seconds
2024-10-09T21:21:30.391+0300: 299.607: Application time: 0.1693045 seconds
2024-10-09T21:21:30.391+0300: 299.607: [GC (Allocation Failure) 2024-10-09T21:21:30.391+0300: 299.607: [ParNew: 460096K->51072K(460096K), 0.0269552 secs] 2562099K->2167766K(4143232K), 0.0270467 secs] [Times: user=0.05 sys=0.00, real=0.03 secs] 
2024-10-09T21:21:30.422+0300: 299.634: Total time for which application threads were stopped: 0.0273206 seconds, Stopping threads took: 0.0001505 seconds
2024-10-09T21:21:30.595+0300: 299.809: Application time: 0.1752955 seconds
2024-10-09T21:21:30.595+0300: 299.810: [GC (Allocation Failure) 2024-10-09T21:21:30.595+0300: 299.810: [ParNew: 460096K->50055K(460096K), 0.0318025 secs] 2576790K->2203523K(4143232K), 0.0318951 secs] [Times: user=0.03 sys=0.00, real=0.03 secs] 
2024-10-09T21:21:30.626+0300: 299.842: Total time for which application threads were stopped: 0.0321766 seconds, Stopping threads took: 0.0001387 seconds
2024-10-09T21:21:30.815+0300: 300.028: Application time: 0.1862184 seconds
2024-10-09T21:21:30.815+0300: 300.028: [GC (Allocation Failure) 2024-10-09T21:21:30.815+0300: 300.028: [ParNew: 459079K->51072K(460096K), 0.0203801 secs] 2612547K->2206797K(4143232K), 0.0204640 secs] [Times: user=0.02 sys=0.00, real=0.01 secs] 
2024-10-09T21:21:30.830+0300: 300.048: Total time for which application threads were stopped: 0.0207131 seconds, Stopping threads took: 0.0001364 seconds
2024-10-09T21:21:31.019+0300: 300.223: Application time: 0.1742124 seconds
2024-10-09T21:21:31.019+0300: 300.223: [GC (Allocation Failure) 2024-10-09T21:21:31.019+0300: 300.223: [ParNew: 460096K->51072K(460096K), 0.0294799 secs] 2615821K->2226838K(4143232K), 0.0295745 secs] [Times: user=0.01 sys=0.00, real=0.01 secs] 
2024-10-09T21:21:31.034+0300: 300.253: Total time for which application threads were stopped: 0.0298501 seconds, Stopping threads took: 0.0001310 seconds
2024-10-09T21:21:31.207+0300: 300.422: Application time: 0.1691392 seconds
2024-10-09T21:21:31.207+0300: 300.422: [GC (Allocation Failure) 2024-10-09T21:21:31.207+0300: 300.422: [ParNew: 460096K->49007K(460096K), 0.0321360 secs] 2635862K->2261099K(4143232K), 0.0322291 secs] [Times: user=0.03 sys=0.00, real=0.03 secs] 
2024-10-09T21:21:31.238+0300: 300.454: Total time for which application threads were stopped: 0.0324987 seconds, Stopping threads took: 0.0001482 seconds
2024-10-09T21:21:31.442+0300: 300.647: Application time: 0.1926343 seconds
2024-10-09T21:21:31.442+0300: 300.647: [GC (Allocation Failure) 2024-10-09T21:21:31.442+0300: 300.647: [ParNew: 458031K->48158K(460096K), 0.0245974 secs] 2670123K->2273208K(4143232K), 0.0246883 secs] [Times: user=0.01 sys=0.00, real=0.02 secs] 
2024-10-09T21:21:31.458+0300: 300.672: Total time for which application threads were stopped: 0.0249870 seconds, Stopping threads took: 0.0001693 seconds
2024-10-09T21:21:31.631+0300: 300.846: Application time: 0.1737852 seconds
2024-10-09T21:21:31.631+0300: 300.846: [GC (Allocation Failure) 2024-10-09T21:21:31.631+0300: 300.846: [ParNew: 457182K->51072K(460096K), 0.0246344 secs] 2682232K->2288868K(4143232K), 0.0247241 secs] [Times: user=0.09 sys=0.00, real=0.03 secs] 
2024-10-09T21:21:31.662+0300: 300.871: Total time for which application threads were stopped: 0.0250338 seconds, Stopping threads took: 0.0001695 seconds
2024-10-09T21:21:31.835+0300: 301.041: Application time: 0.1701784 seconds
2024-10-09T21:21:31.835+0300: 301.041: [GC (Allocation Failure) 2024-10-09T21:21:31.835+0300: 301.041: [ParNew: 460096K->51072K(460096K), 0.0293000 secs] 2697892K->2320962K(4143232K), 0.0293905 secs] [Times: user=0.01 sys=0.00, real=0.03 secs] 
2024-10-09T21:21:31.866+0300: 301.070: Total time for which application threads were stopped: 0.0296368 seconds, Stopping threads took: 0.0001291 seconds
2024-10-09T21:21:32.054+0300: 301.258: Application time: 0.1872701 seconds
2024-10-09T21:21:32.054+0300: 301.258: [GC (Allocation Failure) 2024-10-09T21:21:32.054+0300: 301.258: [ParNew: 460096K->51072K(460096K), 0.0215142 secs] 2729986K->2324504K(4143232K), 0.0216023 secs] [Times: user=0.02 sys=0.00, real=0.02 secs] 
2024-10-09T21:21:32.069+0300: 301.280: Total time for which application threads were stopped: 0.0218428 seconds, Stopping threads took: 0.0001217 seconds
2024-10-09T21:21:32.242+0300: 301.447: Application time: 0.1672942 seconds
2024-10-09T21:21:32.242+0300: 301.447: [GC (Allocation Failure) 2024-10-09T21:21:32.242+0300: 301.447: [ParNew: 460096K->51072K(460096K), 0.0317303 secs] 2733528K->2350941K(4143232K), 0.0318151 secs] [Times: user=0.02 sys=0.00, real=0.03 secs] 
2024-10-09T21:21:32.273+0300: 301.479: Total time for which application threads were stopped: 0.0321108 seconds, Stopping threads took: 0.0001696 seconds
2024-10-09T21:21:32.446+0300: 301.651: Application time: 0.1719969 seconds
2024-10-09T21:21:32.446+0300: 301.651: [GC (Allocation Failure) 2024-10-09T21:21:32.446+0300: 301.651: [ParNew: 460096K->47522K(460096K), 0.0279807 secs] 2759965K->2379696K(4143232K), 0.0280600 secs] [Times: user=0.02 sys=0.00, real=0.02 secs] 
2024-10-09T21:21:32.462+0300: 301.679: Total time for which application threads were stopped: 0.0283180 seconds, Stopping threads took: 0.0001391 seconds
2024-10-09T21:21:32.666+0300: 301.876: Application time: 0.1970357 seconds
2024-10-09T21:21:32.666+0300: 301.877: [GC (Allocation Failure) 2024-10-09T21:21:32.666+0300: 301.877: [ParNew: 456546K->51072K(460096K), 0.0229773 secs] 2788720K->2386122K(4143232K), 0.0230583 secs] [Times: user=0.02 sys=0.00, real=0.02 secs] 
2024-10-09T21:21:32.683+0300: 301.900: Total time for which application threads were stopped: 0.0233902 seconds, Stopping threads took: 0.0001912 seconds
2024-10-09T21:21:32.854+0300: 302.063: Application time: 0.1631751 seconds
2024-10-09T21:21:32.854+0300: 302.063: [GC (Allocation Failure) 2024-10-09T21:21:32.854+0300: 302.063: [ParNew: 460096K->51072K(460096K), 0.0263700 secs] 2795146K->2402714K(4143232K), 0.0264547 secs] [Times: user=0.03 sys=0.00, real=0.03 secs] 
2024-10-09T21:21:32.886+0300: 302.090: Total time for which application threads were stopped: 0.0267279 seconds, Stopping threads took: 0.0001514 seconds
2024-10-09T21:21:33.058+0300: 302.266: Application time: 0.1759755 seconds
2024-10-09T21:21:33.058+0300: 302.266: [GC (Allocation Failure) 2024-10-09T21:21:33.058+0300: 302.266: [ParNew: 460096K->46689K(460096K), 0.0254274 secs] 2811738K->2421931K(4143232K), 0.0255111 secs] [Times: user=0.02 sys=0.00, real=0.03 secs] 
2024-10-09T21:21:33.084+0300: 302.291: Total time for which application threads were stopped: 0.0257547 seconds, Stopping threads took: 0.0001226 seconds
2024-10-09T21:21:33.278+0300: 302.487: Application time: 0.1958406 seconds
2024-10-09T21:21:33.278+0300: 302.487: [GC (Allocation Failure) 2024-10-09T21:21:33.278+0300: 302.487: [ParNew: 455713K->51072K(460096K), 0.0236505 secs] 2830955K->2436479K(4143232K), 0.0237326 secs] [Times: user=0.02 sys=0.00, real=0.02 secs] 
2024-10-09T21:21:33.294+0300: 302.511: Total time for which application threads were stopped: 0.0240046 seconds, Stopping threads took: 0.0001522 seconds
2024-10-09T21:21:33.466+0300: 302.681: Application time: 0.1694929 seconds
2024-10-09T21:21:33.466+0300: 302.681: [GC (Allocation Failure) 2024-10-09T21:21:33.466+0300: 302.681: [ParNew: 460096K->51072K(460096K), 0.0253555 secs] 2845503K->2450562K(4143232K), 0.0254709 secs] [Times: user=0.03 sys=0.00, real=0.03 secs] 
2024-10-09T21:21:33.498+0300: 302.707: Total time for which application threads were stopped: 0.0257655 seconds, Stopping threads took: 0.0001655 seconds
2024-10-09T21:21:33.670+0300: 302.887: Application time: 0.1800965 seconds
2024-10-09T21:21:33.670+0300: 302.887: [GC (Allocation Failure) 2024-10-09T21:21:33.670+0300: 302.887: [ParNew: 460096K->39491K(460096K), 0.0253638 secs] 2859586K->2464919K(4143232K), 0.0254558 secs] [Times: user=0.03 sys=0.00, real=0.03 secs] 
2024-10-09T21:21:33.701+0300: 302.912: Total time for which application threads were stopped: 0.0257315 seconds, Stopping threads took: 0.0001305 seconds
2024-10-09T21:21:33.905+0300: 303.112: Application time: 0.1995523 seconds
2024-10-09T21:21:33.905+0300: 303.112: [GC (Allocation Failure) 2024-10-09T21:21:33.905+0300: 303.112: [ParNew: 448515K->51072K(460096K), 0.0219097 secs] 2873943K->2478317K(4143232K), 0.0219819 secs] [Times: user=0.01 sys=0.00, real=0.02 secs] 
2024-10-09T21:21:33.921+0300: 303.134: Total time for which application threads were stopped: 0.0222146 seconds, Stopping threads took: 0.0001196 seconds
2024-10-09T21:21:34.094+0300: 303.310: Application time: 0.1757536 seconds
2024-10-09T21:21:34.094+0300: 303.310: [GC (Allocation Failure) 2024-10-09T21:21:34.094+0300: 303.310: [ParNew: 460096K->51072K(460096K), 0.0256707 secs] 2887341K->2491256K(4143232K), 0.0257578 secs] [Times: user=0.03 sys=0.00, real=0.03 secs] 
2024-10-09T21:21:34.125+0300: 303.336: Total time for which application threads were stopped: 0.0260296 seconds, Stopping threads took: 0.0001517 seconds
2024-10-09T21:21:34.298+0300: 303.507: Application time: 0.1706432 seconds
2024-10-09T21:21:34.298+0300: 303.507: [GC (Allocation Failure) 2024-10-09T21:21:34.298+0300: 303.507: [ParNew: 460096K->51072K(460096K), 0.0286393 secs] 2900280K->2520780K(4143232K), 0.0287464 secs] [Times: user=0.14 sys=0.00, real=0.03 secs] 
2024-10-09T21:21:34.329+0300: 303.536: Total time for which application threads were stopped: 0.0290308 seconds, Stopping threads took: 0.0001285 seconds
2024-10-09T21:21:34.517+0300: 303.727: Application time: 0.1916302 seconds
2024-10-09T21:21:34.517+0300: 303.727: [GC (Allocation Failure) 2024-10-09T21:21:34.517+0300: 303.727: [ParNew: 460096K->51072K(460096K), 0.0205540 secs] 2929804K->2522173K(4143232K), 0.0206392 secs] [Times: user=0.02 sys=0.00, real=0.02 secs] 
2024-10-09T21:21:34.533+0300: 303.748: Total time for which application threads were stopped: 0.0208779 seconds, Stopping threads took: 0.0001182 seconds
2024-10-09T21:21:34.721+0300: 303.934: Application time: 0.1854298 seconds
2024-10-09T21:21:34.721+0300: 303.934: [GC (Allocation Failure) 2024-10-09T21:21:34.721+0300: 303.934: [ParNew: 460096K->51072K(460096K), 0.0318101 secs] 2931197K->2546330K(4143232K), 0.0319054 secs] [Times: user=0.05 sys=0.00, real=0.03 secs] 
2024-10-09T21:21:34.752+0300: 303.966: Total time for which application threads were stopped: 0.0322369 seconds, Stopping threads took: 0.0002033 seconds
2024-10-09T21:21:34.925+0300: 304.134: Application time: 0.1684107 seconds
2024-10-09T21:21:34.925+0300: 304.134: [GC (Allocation Failure) 2024-10-09T21:21:34.925+0300: 304.134: [ParNew: 460096K->43050K(460096K), 0.0301679 secs] 2955354K->2569829K(4143232K), 0.0302492 secs] [Times: user=0.03 sys=0.00, real=0.03 secs] 
2024-10-09T21:21:34.956+0300: 304.165: Total time for which application threads were stopped: 0.0305355 seconds, Stopping threads took: 0.0001743 seconds
2024-10-09T21:21:35.145+0300: 304.349: Application time: 0.1839055 seconds
2024-10-09T21:21:35.145+0300: 304.349: [GC (Allocation Failure) 2024-10-09T21:21:35.145+0300: 304.349: [ParNew: 452074K->51072K(460096K), 0.0231758 secs] 2978853K->2591578K(4143232K), 0.0232617 secs] [Times: user=0.02 sys=0.00, real=0.02 secs] 
2024-10-09T21:21:35.161+0300: 304.372: Total time for which application threads were stopped: 0.0235152 seconds, Stopping threads took: 0.0001336 seconds
2024-10-09T21:21:35.333+0300: 304.552: Application time: 0.1793856 seconds
2024-10-09T21:21:35.333+0300: 304.552: [GC (Allocation Failure) 2024-10-09T21:21:35.333+0300: 304.552: [ParNew: 460096K->51072K(460096K), 0.0272487 secs] 3000602K->2607440K(4143232K), 0.0273385 secs] [Times: user=0.05 sys=0.00, real=0.03 secs] 
2024-10-09T21:21:35.365+0300: 304.579: Total time for which application threads were stopped: 0.0275758 seconds, Stopping threads took: 0.0001257 seconds
2024-10-09T21:21:35.537+0300: 304.753: Application time: 0.1734139 seconds
2024-10-09T21:21:35.537+0300: 304.753: [GC (Allocation Failure) 2024-10-09T21:21:35.537+0300: 304.753: [ParNew: 460096K->51072K(460096K), 0.0285753 secs] 3016464K->2630529K(4143232K), 0.0286744 secs] [Times: user=0.06 sys=0.00, real=0.03 secs] 
2024-10-09T21:21:35.568+0300: 304.782: Total time for which application threads were stopped: 0.0290320 seconds, Stopping threads took: 0.0002111 seconds
2024-10-09T21:21:35.757+0300: 304.961: Application time: 0.1797698 seconds
2024-10-09T21:21:35.757+0300: 304.961: [GC (Allocation Failure) 2024-10-09T21:21:35.757+0300: 304.962: [ParNew: 460096K->51072K(460096K), 0.0229934 secs] 3039553K->2645861K(4143232K), 0.0230732 secs] [Times: user=0.02 sys=0.00, real=0.02 secs] 
2024-10-09T21:21:35.772+0300: 304.985: Total time for which application threads were stopped: 0.0232934 seconds, Stopping threads took: 0.0001062 seconds
2024-10-09T21:21:35.961+0300: 305.169: Application time: 0.1841714 seconds
2024-10-09T21:21:35.961+0300: 305.169: [GC (Allocation Failure) 2024-10-09T21:21:35.961+0300: 305.169: [ParNew: 460096K->51072K(460096K), 0.0238098 secs] 3054885K->2659347K(4143232K), 0.0239021 secs] [Times: user=0.05 sys=0.00, real=0.02 secs] 
2024-10-09T21:21:35.976+0300: 305.193: Total time for which application threads were stopped: 0.0241809 seconds, Stopping threads took: 0.0001329 seconds
2024-10-09T21:21:36.165+0300: 305.371: Application time: 0.1777304 seconds
2024-10-09T21:21:36.165+0300: 305.371: [GC (Allocation Failure) 2024-10-09T21:21:36.165+0300: 305.371: [ParNew: 460096K->51072K(460096K), 0.0284866 secs] 3068371K->2681023K(4143232K), 0.0285727 secs] [Times: user=0.01 sys=0.00, real=0.03 secs] 
2024-10-09T21:21:36.191+0300: 305.400: Total time for which application threads were stopped: 0.0288182 seconds, Stopping threads took: 0.0001255 seconds
2024-10-09T21:21:36.353+0300: 305.569: Application time: 0.1696178 seconds
2024-10-09T21:21:36.353+0300: 305.569: [GC (Allocation Failure) 2024-10-09T21:21:36.353+0300: 305.569: [ParNew: 460096K->51072K(460096K), 0.0295151 secs] 3090047K->2706173K(4143232K), 0.0296049 secs] [Times: user=0.03 sys=0.00, real=0.04 secs] 
2024-10-09T21:21:36.391+0300: 305.599: Total time for which application threads were stopped: 0.0298779 seconds, Stopping threads took: 0.0001544 seconds
2024-10-09T21:21:36.573+0300: 305.789: Application time: 0.1896746 seconds
2024-10-09T21:21:36.573+0300: 305.789: [GC (Allocation Failure) 2024-10-09T21:21:36.573+0300: 305.789: [ParNew: 460096K->42563K(460096K), 0.0285807 secs] 3115197K->2721837K(4143232K), 0.0286685 secs] [Times: user=0.03 sys=0.00, real=0.03 secs] 
2024-10-09T21:21:36.604+0300: 305.818: Total time for which application threads were stopped: 0.0289362 seconds, Stopping threads took: 0.0001278 seconds
2024-10-09T21:21:36.792+0300: 306.005: Application time: 0.1870448 seconds
2024-10-09T21:21:36.792+0300: 306.005: [GC (Allocation Failure) 2024-10-09T21:21:36.792+0300: 306.005: [ParNew: 451587K->51072K(460096K), 0.0251411 secs] 3130861K->2746343K(4143232K), 0.0252256 secs] [Times: user=0.03 sys=0.00, real=0.03 secs] 
2024-10-09T21:21:36.824+0300: 306.030: Total time for which application threads were stopped: 0.0254974 seconds, Stopping threads took: 0.0001578 seconds
2024-10-09T21:21:36.993+0300: 306.198: Application time: 0.1677814 seconds
2024-10-09T21:21:36.993+0300: 306.198: [GC (Allocation Failure) 2024-10-09T21:21:36.993+0300: 306.198: [ParNew: 460096K->51072K(460096K), 0.0258397 secs] 3155367K->2760637K(4143232K), 0.0259378 secs] [Times: user=0.01 sys=0.00, real=0.02 secs] 
2024-10-09T21:21:37.012+0300: 306.224: Total time for which application threads were stopped: 0.0263067 seconds, Stopping threads took: 0.0002458 seconds
2024-10-09T21:21:37.193+0300: 306.403: Application time: 0.1783485 seconds
2024-10-09T21:21:37.193+0300: 306.403: [GC (Allocation Failure) 2024-10-09T21:21:37.193+0300: 306.403: [ParNew: 460096K->38809K(460096K), 0.0265639 secs] 3169661K->2773555K(4143232K), 0.0266503 secs] [Times: user=0.03 sys=0.00, real=0.02 secs] 
2024-10-09T21:21:37.216+0300: 306.430: Total time for which application threads were stopped: 0.0268901 seconds, Stopping threads took: 0.0001207 seconds
2024-10-09T21:21:37.404+0300: 306.618: Application time: 0.1885629 seconds
2024-10-09T21:21:37.404+0300: 306.618: [GC (Allocation Failure) 2024-10-09T21:21:37.404+0300: 306.618: [ParNew: 447833K->51072K(460096K), 0.0253872 secs] 3182579K->2801694K(4143232K), 0.0254804 secs] [Times: user=0.03 sys=0.00, real=0.03 secs] 
2024-10-09T21:21:37.435+0300: 306.644: Total time for which application threads were stopped: 0.0257608 seconds, Stopping threads took: 0.0001516 seconds
2024-10-09T21:21:37.609+0300: 306.826: Application time: 0.1819002 seconds
2024-10-09T21:21:37.609+0300: 306.826: [GC (Allocation Failure) 2024-10-09T21:21:37.609+0300: 306.826: [ParNew: 460096K->51072K(460096K), 0.0270423 secs] 3210718K->2816882K(4143232K), 0.0271349 secs] [Times: user=0.06 sys=0.00, real=0.03 secs] 
2024-10-09T21:21:37.640+0300: 306.853: Total time for which application threads were stopped: 0.0274216 seconds, Stopping threads took: 0.0001344 seconds
2024-10-09T21:21:37.813+0300: 307.025: Application time: 0.1720389 seconds
2024-10-09T21:21:37.813+0300: 307.025: [GC (Allocation Failure) 2024-10-09T21:21:37.813+0300: 307.025: [ParNew: 460096K->41653K(460096K), 0.0306773 secs] 3225906K->2841710K(4143232K), 0.0307629 secs] [Times: user=0.03 sys=0.00, real=0.03 secs] 
2024-10-09T21:21:37.844+0300: 307.056: Total time for which application threads were stopped: 0.0310374 seconds, Stopping threads took: 0.0001545 seconds
2024-10-09T21:21:38.032+0300: 307.249: Application time: 0.1930893 seconds
2024-10-09T21:21:38.032+0300: 307.250: [GC (Allocation Failure) 2024-10-09T21:21:38.032+0300: 307.250: [ParNew: 450677K->50025K(460096K), 0.0247805 secs] 3250734K->2866238K(4143232K), 0.0248736 secs] [Times: user=0.03 sys=0.00, real=0.03 secs] 
2024-10-09T21:21:38.064+0300: 307.274: Total time for which application threads were stopped: 0.0251169 seconds, Stopping threads took: 0.0001181 seconds
2024-10-09T21:21:38.236+0300: 307.454: Application time: 0.1797704 seconds
2024-10-09T21:21:38.236+0300: 307.454: [GC (Allocation Failure) 2024-10-09T21:21:38.236+0300: 307.454: [ParNew: 459049K->51072K(460096K), 0.0242295 secs] 3275262K->2876663K(4143232K), 0.0243173 secs] [Times: user=0.03 sys=0.00, real=0.03 secs] 
2024-10-09T21:21:38.268+0300: 307.479: Total time for which application threads were stopped: 0.0245643 seconds, Stopping threads took: 0.0001306 seconds
2024-10-09T21:21:38.440+0300: 307.645: Application time: 0.1666836 seconds
2024-10-09T21:21:38.440+0300: 307.646: [GC (Allocation Failure) 2024-10-09T21:21:38.440+0300: 307.646: [ParNew: 460096K->48456K(460096K), 0.0326797 secs] 3285687K->2911422K(4143232K), 0.0327589 secs] [Times: user=0.03 sys=0.00, real=0.03 secs] 
2024-10-09T21:21:38.472+0300: 307.678: Total time for which application threads were stopped: 0.0329935 seconds, Stopping threads took: 0.0001188 seconds
2024-10-09T21:21:38.660+0300: 307.877: Application time: 0.1981617 seconds
2024-10-09T21:21:38.660+0300: 307.877: [GC (Allocation Failure) 2024-10-09T21:21:38.660+0300: 307.877: [ParNew: 457480K->47767K(460096K), 0.0255470 secs] 3320446K->2928248K(4143232K), 0.0256407 secs] [Times: user=0.03 sys=0.00, real=0.04 secs] 
2024-10-09T21:21:38.696+0300: 307.903: Total time for which application threads were stopped: 0.0259564 seconds, Stopping threads took: 0.0001796 seconds
2024-10-09T21:21:38.881+0300: 308.085: Application time: 0.1827641 seconds
2024-10-09T21:21:38.882+0300: 308.086: [GC (Allocation Failure) 2024-10-09T21:21:38.882+0300: 308.086: [ParNew: 456791K->51072K(460096K), 0.0240455 secs] 3337272K->2939840K(4143232K), 0.0241271 secs] [Times: user=0.03 sys=0.00, real=0.02 secs] 
2024-10-09T21:21:38.906+0300: 308.110: Total time for which application threads were stopped: 0.0243998 seconds, Stopping threads took: 0.0001594 seconds
2024-10-09T21:21:39.068+0300: 308.280: Application time: 0.1707138 seconds
2024-10-09T21:21:39.068+0300: 308.281: [GC (Allocation Failure) 2024-10-09T21:21:39.068+0300: 308.281: [ParNew: 460096K->51072K(460096K), 0.0334031 secs] 3348864K->2975521K(4143232K), 0.0334885 secs] [Times: user=0.03 sys=0.00, real=0.03 secs] 
2024-10-09T21:21:39.100+0300: 308.314: Total time for which application threads were stopped: 0.0337889 seconds, Stopping threads took: 0.0001817 seconds
2024-10-09T21:21:39.298+0300: 308.504: Application time: 0.1901618 seconds
2024-10-09T21:21:39.298+0300: 308.505: [GC (Allocation Failure) 2024-10-09T21:21:39.298+0300: 308.505: [ParNew: 460096K->38957K(460096K), 0.0266321 secs] 3384545K->2987458K(4143232K), 0.0267221 secs] [Times: user=0.02 sys=0.00, real=0.02 secs] 
2024-10-09T21:21:39.320+0300: 308.531: Total time for which application threads were stopped: 0.0269751 seconds, Stopping threads took: 0.0001296 seconds
2024-10-09T21:21:39.508+0300: 308.717: Application time: 0.1853511 seconds
2024-10-09T21:21:39.508+0300: 308.717: [GC (Allocation Failure) 2024-10-09T21:21:39.508+0300: 308.717: [ParNew: 447981K->51072K(460096K), 0.0234363 secs] 3396482K->3003968K(4143232K), 0.0249602 secs] [Times: user=0.02 sys=0.00, real=0.03 secs] 
2024-10-09T21:21:39.539+0300: 308.742: Total time for which application threads were stopped: 0.0253422 seconds, Stopping threads took: 0.0001276 seconds
2024-10-09T21:21:39.699+0300: 308.909: Application time: 0.1673648 seconds
2024-10-09T21:21:39.699+0300: 308.910: [GC (Allocation Failure) 2024-10-09T21:21:39.699+0300: 308.910: [ParNew: 460096K->51072K(460096K), 0.0342872 secs] 3412992K->3041028K(4143232K), 0.0343784 secs] [Times: user=0.05 sys=0.00, real=0.03 secs] 
2024-10-09T21:21:39.727+0300: 308.944: Total time for which application threads were stopped: 0.0346859 seconds, Stopping threads took: 0.0001758 seconds
2024-10-09T21:21:39.916+0300: 309.132: Application time: 0.1879239 seconds
2024-10-09T21:21:39.916+0300: 309.132: [GC (Allocation Failure) 2024-10-09T21:21:39.916+0300: 309.132: [ParNew: 460096K->51072K(460096K), 0.0256305 secs] 3450052K->3061254K(4143232K), 0.0257171 secs] [Times: user=0.03 sys=0.00, real=0.03 secs] 
2024-10-09T21:21:39.947+0300: 309.158: Total time for which application threads were stopped: 0.0259804 seconds, Stopping threads took: 0.0001394 seconds
2024-10-09T21:21:40.135+0300: 309.346: Application time: 0.1880125 seconds
2024-10-09T21:21:40.135+0300: 309.346: [GC (Allocation Failure) 2024-10-09T21:21:40.135+0300: 309.346: [ParNew: 460096K->51072K(460096K), 0.0246460 secs] 3470278K->3073166K(4143232K), 0.0247279 secs] [Times: user=0.03 sys=0.00, real=0.03 secs] 
2024-10-09T21:21:40.166+0300: 309.371: Total time for which application threads were stopped: 0.0249827 seconds, Stopping threads took: 0.0001405 seconds
2024-10-09T21:21:40.324+0300: 309.531: Application time: 0.1600232 seconds
2024-10-09T21:21:40.324+0300: 309.531: [GC (Allocation Failure) 2024-10-09T21:21:40.324+0300: 309.531: [ParNew: 460096K->46189K(460096K), 0.0321960 secs] 3482190K->3100290K(4143232K), 0.0322845 secs] [Times: user=0.03 sys=0.00, real=0.03 secs] 
2024-10-09T21:21:40.355+0300: 309.564: Total time for which application threads were stopped: 0.0325525 seconds, Stopping threads took: 0.0001402 seconds
2024-10-09T21:21:40.544+0300: 309.751: Application time: 0.1869559 seconds
2024-10-09T21:21:40.544+0300: 309.751: [GC (Allocation Failure) 2024-10-09T21:21:40.544+0300: 309.751: [ParNew: 455213K->50730K(460096K), 0.0274273 secs] 3509314K->3125958K(4143232K), 0.0275170 secs] [Times: user=0.09 sys=0.00, real=0.03 secs] 
2024-10-09T21:21:40.575+0300: 309.778: Total time for which application threads were stopped: 0.0278548 seconds, Stopping threads took: 0.0001325 seconds
2024-10-09T21:21:40.748+0300: 309.965: Application time: 0.1860386 seconds
2024-10-09T21:21:40.748+0300: 309.965: [GC (Allocation Failure) 2024-10-09T21:21:40.748+0300: 309.965: [ParNew: 459754K->51072K(460096K), 0.0253433 secs] 3534982K->3137945K(4143232K), 0.0254331 secs] [Times: user=0.03 sys=0.00, real=0.03 secs] 
2024-10-09T21:21:40.779+0300: 309.990: Total time for which application threads were stopped: 0.0257148 seconds, Stopping threads took: 0.0001547 seconds
2024-10-09T21:21:40.936+0300: 310.152: Application time: 0.1614051 seconds
2024-10-09T21:21:40.936+0300: 310.152: [GC (Allocation Failure) 2024-10-09T21:21:40.936+0300: 310.152: [ParNew: 460096K->51072K(460096K), 0.0318437 secs] 3546969K->3170699K(4143232K), 0.0319324 secs] [Times: user=0.03 sys=0.00, real=0.03 secs] 
2024-10-09T21:21:40.967+0300: 310.184: Total time for which application threads were stopped: 0.0321696 seconds, Stopping threads took: 0.0001195 seconds
2024-10-09T21:21:41.171+0300: 310.376: Application time: 0.1918809 seconds
2024-10-09T21:21:41.171+0300: 310.376: [GC (Allocation Failure) 2024-10-09T21:21:41.171+0300: 310.376: [ParNew: 460096K->50500K(460096K), 0.0251903 secs] 3579723K->3190647K(4143232K), 0.0252747 secs] [Times: user=0.02 sys=0.00, real=0.02 secs] 
2024-10-09T21:21:41.187+0300: 310.401: Total time for which application threads were stopped: 0.0255192 seconds, Stopping threads took: 0.0001262 seconds
2024-10-09T21:21:41.375+0300: 310.582: Application time: 0.1804368 seconds
2024-10-09T21:21:41.375+0300: 310.582: [GC (Allocation Failure) 2024-10-09T21:21:41.375+0300: 310.582: [ParNew: 459524K->51072K(460096K), 0.0265736 secs] 3599671K->3206305K(4143232K), 0.0266637 secs] [Times: user=0.03 sys=0.00, real=0.03 secs] 
2024-10-09T21:21:41.403+0300: 310.609: Total time for which application threads were stopped: 0.0269429 seconds, Stopping threads took: 0.0001595 seconds
2024-10-09T21:21:41.564+0300: 310.773: Application time: 0.1641619 seconds
2024-10-09T21:21:41.564+0300: 310.773: [GC (Allocation Failure) 2024-10-09T21:21:41.564+0300: 310.773: [ParNew: 460096K->46994K(460096K), 0.0239057 secs] 3615329K->3216235K(4143232K), 0.0239999 secs] [Times: user=0.09 sys=0.00, real=0.02 secs] 
2024-10-09T21:21:41.579+0300: 310.797: Total time for which application threads were stopped: 0.0242417 seconds, Stopping threads took: 0.0001053 seconds
2024-10-09T21:21:41.784+0300: 310.990: Application time: 0.1930105 seconds
2024-10-09T21:21:41.784+0300: 310.990: [GC (Allocation Failure) 2024-10-09T21:21:41.784+0300: 310.990: [ParNew: 456018K->47410K(460096K), 0.0257968 secs] 3625259K->3238522K(4143232K), 0.0258852 secs] [Times: user=0.01 sys=0.00, real=0.02 secs] 
2024-10-09T21:21:41.803+0300: 311.016: Total time for which application threads were stopped: 0.0261568 seconds, Stopping threads took: 0.0001491 seconds
2024-10-09T21:21:41.988+0300: 311.200: Application time: 0.1835163 seconds
2024-10-09T21:21:41.988+0300: 311.200: [GC (Allocation Failure) 2024-10-09T21:21:41.988+0300: 311.200: [ParNew: 456434K->51072K(460096K), 0.0250688 secs] 3647546K->3253923K(4143232K), 0.0251617 secs] [Times: user=0.06 sys=0.00, real=0.03 secs] 
2024-10-09T21:21:42.019+0300: 311.225: Total time for which application threads were stopped: 0.0254481 seconds, Stopping threads took: 0.0001590 seconds
2024-10-09T21:21:42.176+0300: 311.385: Application time: 0.1593828 seconds
2024-10-09T21:21:42.176+0300: 311.385: [GC (Allocation Failure) 2024-10-09T21:21:42.176+0300: 311.385: [ParNew: 460096K->47505K(460096K), 0.0228887 secs] 3662947K->3265632K(4143232K), 0.0229710 secs] [Times: user=0.02 sys=0.00, real=0.03 secs] 
2024-10-09T21:21:42.204+0300: 311.408: Total time for which application threads were stopped: 0.0232428 seconds, Stopping threads took: 0.0001532 seconds
2024-10-09T21:21:42.380+0300: 311.596: Application time: 0.1885773 seconds
2024-10-09T21:21:42.380+0300: 311.597: [GC (Allocation Failure) 2024-10-09T21:21:42.380+0300: 311.597: [ParNew: 456529K->51072K(460096K), 0.0254861 secs] 3674656K->3289025K(4143232K), 0.0255840 secs] [Times: user=0.03 sys=0.00, real=0.03 secs] 
2024-10-09T21:21:42.412+0300: 311.622: Total time for which application threads were stopped: 0.0258387 seconds, Stopping threads took: 0.0001349 seconds
2024-10-09T21:21:42.605+0300: 311.814: Application time: 0.1917404 seconds
2024-10-09T21:21:42.605+0300: 311.814: [GC (Allocation Failure) 2024-10-09T21:21:42.605+0300: 311.814: [ParNew: 460096K->51072K(460096K), 0.0259680 secs] 3698049K->3298755K(4143232K), 0.0260538 secs] [Times: user=0.01 sys=0.00, real=0.03 secs] 
2024-10-09T21:21:42.631+0300: 311.840: Total time for which application threads were stopped: 0.0263289 seconds, Stopping threads took: 0.0001463 seconds
2024-10-09T21:21:42.788+0300: 312.000: Application time: 0.1594511 seconds
2024-10-09T21:21:42.788+0300: 312.000: [GC (Allocation Failure) 2024-10-09T21:21:42.788+0300: 312.000: [ParNew: 460096K->51072K(460096K), 0.0294848 secs] 3707779K->3328915K(4143232K), 0.0295672 secs] [Times: user=0.02 sys=0.00, real=0.03 secs] 
2024-10-09T21:21:42.820+0300: 312.030: Total time for which application threads were stopped: 0.0298973 seconds, Stopping threads took: 0.0001832 seconds
2024-10-09T21:21:43.009+0300: 312.215: Application time: 0.1856992 seconds
2024-10-09T21:21:43.009+0300: 312.216: [GC (Allocation Failure) 2024-10-09T21:21:43.009+0300: 312.216: [ParNew: 460096K->39273K(460096K), 0.0266814 secs] 3737939K->3338621K(4143232K), 0.0267702 secs] [Times: user=0.00 sys=0.00, real=0.01 secs] 
2024-10-09T21:21:43.024+0300: 312.242: Total time for which application threads were stopped: 0.0270526 seconds, Stopping threads took: 0.0001543 seconds
2024-10-09T21:21:43.228+0300: 312.431: Application time: 0.1884275 seconds
2024-10-09T21:21:43.228+0300: 312.431: [GC (Allocation Failure) 2024-10-09T21:21:43.228+0300: 312.431: [ParNew: 448297K->51072K(460096K), 0.0268737 secs] 3747645K->3362717K(4143232K), 0.0269571 secs] [Times: user=0.01 sys=0.00, real=0.02 secs] 
2024-10-09T21:21:43.243+0300: 312.458: Total time for which application threads were stopped: 0.0272128 seconds, Stopping threads took: 0.0001412 seconds
2024-10-09T21:21:43.407+0300: 312.612: Application time: 0.1536247 seconds
2024-10-09T21:21:43.407+0300: 312.612: [GC (Allocation Failure) 2024-10-09T21:21:43.407+0300: 312.612: [ParNew: 460096K->43436K(460096K), 0.0323418 secs] 3771741K->3387792K(4143232K), 0.0324262 secs] [Times: user=0.03 sys=0.00, real=0.02 secs] 
2024-10-09T21:21:43.432+0300: 312.644: Total time for which application threads were stopped: 0.0326995 seconds, Stopping threads took: 0.0001542 seconds
2024-10-09T21:21:43.432+0300: 312.644: Application time: 0.0001003 seconds
2024-10-09T21:21:43.432+0300: 312.645: [GC (CMS Initial Mark) [1 CMS-initial-mark: 3344356K(3683136K)] 3394578K(4143232K), 0.0048393 secs] [Times: user=0.00 sys=0.00, real=0.00 secs] 
2024-10-09T21:21:43.432+0300: 312.650: Total time for which application threads were stopped: 0.0050944 seconds, Stopping threads took: 0.0001535 seconds
2024-10-09T21:21:43.432+0300: 312.650: [CMS-concurrent-mark-start]
2024-10-09T21:21:43.463+0300: 312.668: [CMS-concurrent-mark: 0.018/0.018 secs] [Times: user=0.03 sys=0.00, real=0.03 secs] 
2024-10-09T21:21:43.463+0300: 312.668: [CMS-concurrent-preclean-start]
2024-10-09T21:21:43.463+0300: 312.672: [CMS-concurrent-preclean: 0.004/0.004 secs] [Times: user=0.00 sys=0.00, real=0.00 secs] 
2024-10-09T21:21:43.463+0300: 312.672: [CMS-concurrent-abortable-preclean-start]
2024-10-09T21:21:43.607+0300: 312.818: [CMS-concurrent-abortable-preclean: 0.146/0.147 secs] [Times: user=0.98 sys=0.00, real=0.14 secs] 
2024-10-09T21:21:43.607+0300: 312.818: Application time: 0.1689387 seconds
2024-10-09T21:21:43.607+0300: 312.819: [GC (CMS Final Remark) [YG occupancy: 341490 K (460096 K)]2024-10-09T21:21:43.607+0300: 312.819: [Rescan (parallel) , 0.0346251 secs]2024-10-09T21:21:43.651+0300: 312.856: [weak refs processing, 0.0000340 secs]2024-10-09T21:21:43.651+0300: 312.856: [class unloading, 0.0021122 secs]2024-10-09T21:21:43.651+0300: 312.858: [scrub symbol table, 0.0007331 secs]2024-10-09T21:21:43.651+0300: 312.859: [scrub string table, 0.0002009 secs][1 CMS-remark: 3344356K(3683136K)] 3685847K(4143232K), 0.0401244 secs] [Times: user=0.03 sys=0.00, real=0.04 secs] 
2024-10-09T21:21:43.651+0300: 312.859: Total time for which application threads were stopped: 0.0404072 seconds, Stopping threads took: 0.0001922 seconds
2024-10-09T21:21:43.651+0300: 312.859: [CMS-concurrent-sweep-start]
2024-10-09T21:21:43.714+0300: 312.917: Application time: 0.0583015 seconds
2024-10-09T21:21:43.714+0300: 312.918: [GC (Allocation Failure) 2024-10-09T21:21:43.714+0300: 312.918: [ParNew: 452460K->51072K(460096K), 0.0236393 secs] 3685459K->3293449K(4143232K), 0.0237263 secs] [Times: user=0.02 sys=0.00, real=0.02 secs] 
2024-10-09T21:21:43.730+0300: 312.941: Total time for which application threads were stopped: 0.0240701 seconds, Stopping threads took: 0.0002037 seconds
2024-10-09T21:21:43.934+0300: 313.146: Application time: 0.2051250 seconds
2024-10-09T21:21:43.934+0300: 313.147: [GC (Allocation Failure) 2024-10-09T21:21:43.934+0300: 313.147: [ParNew: 460096K->46788K(460096K), 0.0320317 secs] 3291689K->2912540K(4143232K), 0.0321188 secs] [Times: user=0.03 sys=0.00, real=0.03 secs] 
2024-10-09T21:21:43.965+0300: 313.179: Total time for which application threads were stopped: 0.0324606 seconds, Stopping threads took: 0.0001982 seconds
2024-10-09T21:21:44.200+0300: 313.405: Application time: 0.2262012 seconds
2024-10-09T21:21:44.200+0300: 313.405: [GC (Allocation Failure) 2024-10-09T21:21:44.200+0300: 313.405: [ParNew: 455812K->51072K(460096K), 0.0244710 secs] 2888649K->2493786K(4143232K), 0.0245617 secs] [Times: user=0.01 sys=0.00, real=0.02 secs] 
2024-10-09T21:21:44.217+0300: 313.430: Total time for which application threads were stopped: 0.0248752 seconds, Stopping threads took: 0.0001877 seconds
2024-10-09T21:21:44.436+0300: 313.642: Application time: 0.2117114 seconds
2024-10-09T21:21:44.436+0300: 313.642: [GC (Allocation Failure) 2024-10-09T21:21:44.436+0300: 313.642: [ParNew: 460096K->51072K(460096K), 0.0252856 secs] 2510971K->2115517K(4143232K), 0.0253650 secs] [Times: user=0.01 sys=0.00, real=0.02 secs] 
2024-10-09T21:21:44.452+0300: 313.667: Total time for which application threads were stopped: 0.0256592 seconds, Stopping threads took: 0.0001691 seconds
2024-10-09T21:21:44.671+0300: 313.879: Application time: 0.2120267 seconds
2024-10-09T21:21:44.671+0300: 313.880: [GC (Allocation Failure) 2024-10-09T21:21:44.671+0300: 313.880: [ParNew: 460096K->47033K(460096K), 0.0302392 secs] 2108866K->1725169K(4143232K), 0.0303284 secs] [Times: user=0.02 sys=0.00, real=0.03 secs] 
2024-10-09T21:21:44.703+0300: 313.910: Total time for which application threads were stopped: 0.0307245 seconds, Stopping threads took: 0.0002485 seconds
2024-10-09T21:21:44.923+0300: 314.134: Application time: 0.2241337 seconds
2024-10-09T21:21:44.923+0300: 314.135: [GC (Allocation Failure) 2024-10-09T21:21:44.923+0300: 314.135: [ParNew: 456057K->51072K(460096K), 0.0241442 secs] 1702808K->1310146K(4143232K), 0.0242267 secs] [Times: user=0.03 sys=0.00, real=0.03 secs] 
2024-10-09T21:21:44.954+0300: 314.159: Total time for which application threads were stopped: 0.0245765 seconds, Stopping threads took: 0.0002140 seconds
2024-10-09T21:21:45.142+0300: 314.358: Application time: 0.1990072 seconds
2024-10-09T21:21:45.142+0300: 314.358: [GC (Allocation Failure) 2024-10-09T21:21:45.142+0300: 314.358: [ParNew: 460096K->51072K(460096K), 0.0229160 secs] 1347399K->951162K(4143232K), 0.0230056 secs] [Times: user=0.03 sys=0.00, real=0.03 secs] 
2024-10-09T21:21:45.173+0300: 314.381: Total time for which application threads were stopped: 0.0233202 seconds, Stopping threads took: 0.0001929 seconds
2024-10-09T21:21:45.378+0300: 314.593: Application time: 0.2121687 seconds
2024-10-09T21:21:45.378+0300: 314.594: [GC (Allocation Failure) 2024-10-09T21:21:45.378+0300: 314.594: [ParNew: 460096K->48630K(460096K), 0.0249691 secs] 960877K->567485K(4143232K), 0.0250601 secs] [Times: user=0.05 sys=0.00, real=0.03 secs] 
2024-10-09T21:21:45.411+0300: 314.619: Total time for which application threads were stopped: 0.0253635 seconds, Stopping threads took: 0.0001648 seconds
2024-10-09T21:21:45.582+0300: 314.798: [CMS-concurrent-sweep: 1.728/1.939 secs] [Times: user=10.02 sys=0.02, real=1.93 secs] 
2024-10-09T21:21:45.582+0300: 314.799: [CMS-concurrent-reset-start]
2024-10-09T21:21:45.597+0300: 314.807: [CMS-concurrent-reset: 0.008/0.008 secs] [Times: user=0.09 sys=0.00, real=0.01 secs] 
2024-10-09T21:21:45.629+0300: 314.846: Application time: 0.2268457 seconds
2024-10-09T21:21:45.629+0300: 314.846: [GC (Allocation Failure) 2024-10-09T21:21:45.629+0300: 314.846: [ParNew: 457654K->51072K(460096K), 0.0262863 secs] 636316K->248230K(4143232K), 0.0263893 secs] [Times: user=0.08 sys=0.00, real=0.03 secs] 
2024-10-09T21:21:45.660+0300: 314.872: Total time for which application threads were stopped: 0.0267019 seconds, Stopping threads took: 0.0001527 seconds
2024-10-09T21:21:45.833+0300: 315.049: Application time: 0.1765233 seconds
2024-10-09T21:21:45.833+0300: 315.049: [GC (Allocation Failure) 2024-10-09T21:21:45.833+0300: 315.049: [ParNew: 460096K->51072K(460096K), 0.0283102 secs] 657254K->263662K(4143232K), 0.0283986 secs] [Times: user=0.03 sys=0.00, real=0.03 secs] 
2024-10-09T21:21:45.864+0300: 315.077: Total time for which application threads were stopped: 0.0286599 seconds, Stopping threads took: 0.0001339 seconds
2024-10-09T21:21:46.021+0300: 315.239: Application time: 0.1620849 seconds
2024-10-09T21:21:46.021+0300: 315.240: [GC (Allocation Failure) 2024-10-09T21:21:46.021+0300: 315.240: [ParNew: 460096K->43085K(460096K), 0.0248977 secs] 672686K->287908K(4143232K), 0.0249778 secs] [Times: user=0.03 sys=0.00, real=0.03 secs] 
2024-10-09T21:21:46.053+0300: 315.265: Total time for which application threads were stopped: 0.0252312 seconds, Stopping threads took: 0.0001399 seconds
2024-10-09T21:21:46.257+0300: 315.471: Application time: 0.2058294 seconds
2024-10-09T21:21:46.257+0300: 315.471: [GC (Allocation Failure) 2024-10-09T21:21:46.257+0300: 315.471: [ParNew: 452109K->51072K(460096K), 0.0218562 secs] 696932K->298003K(4143232K), 0.0219417 secs] [Times: user=0.03 sys=0.00, real=0.03 secs] 
2024-10-09T21:21:46.288+0300: 315.493: Total time for which application threads were stopped: 0.0221863 seconds, Stopping threads took: 0.0001300 seconds
2024-10-09T21:21:46.461+0300: 315.677: Application time: 0.1846208 seconds
2024-10-09T21:21:46.461+0300: 315.678: [GC (Allocation Failure) 2024-10-09T21:21:46.461+0300: 315.678: [ParNew: 460096K->51072K(460096K), 0.0307227 secs] 707027K->316979K(4143232K), 0.0308078 secs] [Times: user=0.03 sys=0.00, real=0.03 secs] 
2024-10-09T21:21:46.492+0300: 315.708: Total time for which application threads were stopped: 0.0310659 seconds, Stopping threads took: 0.0001374 seconds
2024-10-09T21:21:46.665+0300: 315.869: Application time: 0.1600918 seconds
2024-10-09T21:21:46.665+0300: 315.869: [GC (Allocation Failure) 2024-10-09T21:21:46.665+0300: 315.869: [ParNew: 460096K->47467K(460096K), 0.0313991 secs] 726003K->355146K(4143232K), 0.0314846 secs] [Times: user=0.03 sys=0.00, real=0.03 secs] 
2024-10-09T21:21:46.696+0300: 315.900: Total time for which application threads were stopped: 0.0317744 seconds, Stopping threads took: 0.0001627 seconds
2024-10-09T21:21:46.884+0300: 316.100: Application time: 0.1999725 seconds
2024-10-09T21:21:46.884+0300: 316.101: [GC (Allocation Failure) 2024-10-09T21:21:46.884+0300: 316.101: [ParNew: 456491K->51072K(460096K), 0.0230891 secs] 764170K->362359K(4143232K), 0.0231744 secs] [Times: user=0.03 sys=0.00, real=0.03 secs] 
2024-10-09T21:21:46.916+0300: 316.124: Total time for which application threads were stopped: 0.0234587 seconds, Stopping threads took: 0.0001639 seconds
2024-10-09T21:21:47.104+0300: 316.310: Application time: 0.1861177 seconds
2024-10-09T21:21:47.104+0300: 316.310: [GC (Allocation Failure) 2024-10-09T21:21:47.104+0300: 316.310: [ParNew: 460096K->51072K(460096K), 0.0269641 secs] 771383K->375930K(4143232K), 0.0270556 secs] [Times: user=0.02 sys=0.00, real=0.02 secs] 
2024-10-09T21:21:47.120+0300: 316.337: Total time for which application threads were stopped: 0.0273038 seconds, Stopping threads took: 0.0001248 seconds
2024-10-09T21:21:47.292+0300: 316.496: Application time: 0.1586856 seconds
2024-10-09T21:21:47.292+0300: 316.496: [GC (Allocation Failure) 2024-10-09T21:21:47.292+0300: 316.496: [ParNew: 460096K->51072K(460096K), 0.0315666 secs] 784954K->411988K(4143232K), 0.0316488 secs] [Times: user=0.02 sys=0.00, real=0.03 secs] 
2024-10-09T21:21:47.324+0300: 316.528: Total time for which application threads were stopped: 0.0318904 seconds, Stopping threads took: 0.0001287 seconds
2024-10-09T21:21:47.512+0300: 316.719: Application time: 0.1908187 seconds
2024-10-09T21:21:47.512+0300: 316.719: [GC (Allocation Failure) 2024-10-09T21:21:47.512+0300: 316.719: [ParNew: 460096K->51072K(460096K), 0.0222595 secs] 821012K->415023K(4143232K), 0.0223484 secs] [Times: user=0.02 sys=0.00, real=0.02 secs] 
2024-10-09T21:21:47.528+0300: 316.741: Total time for which application threads were stopped: 0.0225915 seconds, Stopping threads took: 0.0001177 seconds
2024-10-09T21:21:47.716+0300: 316.928: Application time: 0.1871988 seconds
2024-10-09T21:21:47.716+0300: 316.929: [GC (Allocation Failure) 2024-10-09T21:21:47.716+0300: 316.929: [ParNew: 460096K->51072K(460096K), 0.0283391 secs] 824047K->431942K(4143232K), 0.0284325 secs] [Times: user=0.03 sys=0.00, real=0.03 secs] 
2024-10-09T21:21:47.747+0300: 316.957: Total time for which application threads were stopped: 0.0287411 seconds, Stopping threads took: 0.0001634 seconds
2024-10-09T21:21:47.917+0300: 317.123: Application time: 0.1656949 seconds
2024-10-09T21:21:47.917+0300: 317.123: [GC (Allocation Failure) 2024-10-09T21:21:47.917+0300: 317.123: [ParNew: 460096K->44380K(460096K), 0.0324174 secs] 840966K->461133K(4143232K), 0.0325011 secs] [Times: user=0.01 sys=0.00, real=0.03 secs] 
2024-10-09T21:21:47.951+0300: 317.156: Total time for which application threads were stopped: 0.0327702 seconds, Stopping threads took: 0.0001286 seconds
2024-10-09T21:21:48.140+0300: 317.344: Application time: 0.1883947 seconds
2024-10-09T21:21:48.140+0300: 317.344: [GC (Allocation Failure) 2024-10-09T21:21:48.140+0300: 317.344: [ParNew: 453404K->51072K(460096K), 0.0233392 secs] 870157K->478465K(4143232K), 0.0234373 secs] [Times: user=0.02 sys=0.00, real=0.01 secs] 
2024-10-09T21:21:48.155+0300: 317.368: Total time for which application threads were stopped: 0.0237038 seconds, Stopping threads took: 0.0001379 seconds
2024-10-09T21:21:48.328+0300: 317.544: Application time: 0.1761905 seconds
2024-10-09T21:21:48.328+0300: 317.544: [GC (Allocation Failure) 2024-10-09T21:21:48.328+0300: 317.544: [ParNew: 460096K->51072K(460096K), 0.0340918 secs] 887489K->509469K(4143232K), 0.0341827 secs] [Times: user=0.05 sys=0.00, real=0.05 secs] 
2024-10-09T21:21:48.375+0300: 317.578: Total time for which application threads were stopped: 0.0344561 seconds, Stopping threads took: 0.0001491 seconds
2024-10-09T21:21:48.532+0300: 317.748: Application time: 0.1699729 seconds
2024-10-09T21:21:48.532+0300: 317.749: [GC (Allocation Failure) 2024-10-09T21:21:48.532+0300: 317.749: [ParNew: 460096K->48069K(460096K), 0.0300135 secs] 918493K->538186K(4143232K), 0.0301128 secs] [Times: user=0.06 sys=0.00, real=0.03 secs] 
2024-10-09T21:21:48.563+0300: 317.779: Total time for which application threads were stopped: 0.0304365 seconds, Stopping threads took: 0.0001692 seconds
2024-10-09T21:21:48.767+0300: 317.974: Application time: 0.1953547 seconds
2024-10-09T21:21:48.767+0300: 317.974: [GC (Allocation Failure) 2024-10-09T21:21:48.767+0300: 317.974: [ParNew: 457093K->51072K(460096K), 0.0242078 secs] 947210K->552171K(4143232K), 0.0243008 secs] [Times: user=0.03 sys=0.00, real=0.02 secs] 
2024-10-09T21:21:48.783+0300: 317.999: Total time for which application threads were stopped: 0.0245855 seconds, Stopping threads took: 0.0001359 seconds
2024-10-09T21:21:48.965+0300: 318.169: Application time: 0.1699447 seconds
2024-10-09T21:21:48.965+0300: 318.169: [GC (Allocation Failure) 2024-10-09T21:21:48.965+0300: 318.169: [ParNew: 460096K->51072K(460096K), 0.0290950 secs] 961195K->573342K(4143232K), 0.0291845 secs] [Times: user=0.01 sys=0.00, real=0.02 secs] 
2024-10-09T21:21:48.988+0300: 318.198: Total time for which application threads were stopped: 0.0294512 seconds, Stopping threads took: 0.0001400 seconds
2024-10-09T21:21:49.160+0300: 318.374: Application time: 0.1760639 seconds
2024-10-09T21:21:49.160+0300: 318.374: [GC (Allocation Failure) 2024-10-09T21:21:49.160+0300: 318.374: [ParNew: 460096K->51072K(460096K), 0.0253458 secs] 982366K->597355K(4143232K), 0.0254376 secs] [Times: user=0.05 sys=0.00, real=0.03 secs] 
2024-10-09T21:21:49.192+0300: 318.400: Total time for which application threads were stopped: 0.0257131 seconds, Stopping threads took: 0.0001403 seconds
2024-10-09T21:21:49.380+0300: 318.592: Application time: 0.1921341 seconds
2024-10-09T21:21:49.380+0300: 318.592: [GC (Allocation Failure) 2024-10-09T21:21:49.380+0300: 318.592: [ParNew: 460096K->51072K(460096K), 0.0241074 secs] 1006379K->606964K(4143232K), 0.0241897 secs] [Times: user=0.05 sys=0.00, real=0.03 secs] 
2024-10-09T21:21:49.411+0300: 318.616: Total time for which application threads were stopped: 0.0244569 seconds, Stopping threads took: 0.0001479 seconds
2024-10-09T21:21:49.584+0300: 318.792: Application time: 0.1754463 seconds
2024-10-09T21:21:49.584+0300: 318.792: [GC (Allocation Failure) 2024-10-09T21:21:49.584+0300: 318.792: [ParNew: 460096K->51072K(460096K), 0.0292583 secs] 1015988K->624780K(4143232K), 0.0293470 secs] [Times: user=0.03 sys=0.00, real=0.03 secs] 
2024-10-09T21:21:49.615+0300: 318.822: Total time for which application threads were stopped: 0.0296482 seconds, Stopping threads took: 0.0001717 seconds
2024-10-09T21:21:49.788+0300: 318.993: Application time: 0.1713504 seconds
2024-10-09T21:21:49.788+0300: 318.993: [GC (Allocation Failure) 2024-10-09T21:21:49.788+0300: 318.993: [ParNew: 460096K->49079K(460096K), 0.0266968 secs] 1033804K->652390K(4143232K), 0.0267837 secs] [Times: user=0.01 sys=0.00, real=0.02 secs] 
2024-10-09T21:21:49.804+0300: 319.020: Total time for which application threads were stopped: 0.0270231 seconds, Stopping threads took: 0.0001191 seconds
2024-10-09T21:21:50.008+0300: 319.216: Application time: 0.1959401 seconds
2024-10-09T21:21:50.008+0300: 319.216: [GC (Allocation Failure) 2024-10-09T21:21:50.008+0300: 319.216: [ParNew: 458103K->51072K(460096K), 0.0229570 secs] 1061414K->657048K(4143232K), 0.0230398 secs] [Times: user=0.01 sys=0.00, real=0.02 secs] 
2024-10-09T21:21:50.024+0300: 319.239: Total time for which application threads were stopped: 0.0232982 seconds, Stopping threads took: 0.0001376 seconds
2024-10-09T21:21:50.196+0300: 319.415: Application time: 0.1757138 seconds
2024-10-09T21:21:50.212+0300: 319.415: [GC (Allocation Failure) 2024-10-09T21:21:50.212+0300: 319.415: [ParNew: 460096K->51072K(460096K), 0.0317222 secs] 1066072K->684694K(4143232K), 0.0318189 secs] [Times: user=0.02 sys=0.00, real=0.03 secs] 
2024-10-09T21:21:50.244+0300: 319.447: Total time for which application threads were stopped: 0.0322023 seconds, Stopping threads took: 0.0002395 seconds
2024-10-09T21:21:50.400+0300: 319.615: Application time: 0.1680082 seconds
2024-10-09T21:21:50.400+0300: 319.615: [GC (Allocation Failure) 2024-10-09T21:21:50.400+0300: 319.615: [ParNew: 460096K->41113K(460096K), 0.0269212 secs] 1093718K->703553K(4143232K), 0.0270065 secs] [Times: user=0.03 sys=0.00, real=0.03 secs] 
2024-10-09T21:21:50.432+0300: 319.642: Total time for which application threads were stopped: 0.0272428 seconds, Stopping threads took: 0.0001214 seconds
2024-10-09T21:21:50.636+0300: 319.842: Application time: 0.1999457 seconds
2024-10-09T21:21:50.636+0300: 319.843: [GC (Allocation Failure) 2024-10-09T21:21:50.636+0300: 319.843: [ParNew: 450137K->51072K(460096K), 0.0225778 secs] 1112577K->716448K(4143232K), 0.0226695 secs] [Times: user=0.05 sys=0.00, real=0.02 secs] 
2024-10-09T21:21:50.652+0300: 319.865: Total time for which application threads were stopped: 0.0229507 seconds, Stopping threads took: 0.0001536 seconds
2024-10-09T21:21:50.825+0300: 320.043: Application time: 0.1781279 seconds
2024-10-09T21:21:50.840+0300: 320.044: [GC (Allocation Failure) 2024-10-09T21:21:50.840+0300: 320.044: [ParNew: 460096K->51072K(460096K), 0.0289687 secs] 1125472K->736997K(4143232K), 0.0290593 secs] [Times: user=0.02 sys=0.00, real=0.02 secs] 
2024-10-09T21:21:50.856+0300: 320.073: Total time for which application threads were stopped: 0.0294405 seconds, Stopping threads took: 0.0002420 seconds
2024-10-09T21:21:51.029+0300: 320.241: Application time: 0.1684094 seconds
2024-10-09T21:21:51.029+0300: 320.241: [GC (Allocation Failure) 2024-10-09T21:21:51.029+0300: 320.242: [ParNew: 460096K->49142K(460096K), 0.0320334 secs] 1146021K->767793K(4143232K), 0.0321218 secs] [Times: user=0.03 sys=0.00, real=0.03 secs] 
2024-10-09T21:21:51.060+0300: 320.274: Total time for which application threads were stopped: 0.0323853 seconds, Stopping threads took: 0.0001473 seconds
2024-10-09T21:21:51.249+0300: 320.461: Application time: 0.1874219 seconds
2024-10-09T21:21:51.249+0300: 320.461: [GC (Allocation Failure) 2024-10-09T21:21:51.249+0300: 320.461: [ParNew: 458166K->51072K(460096K), 0.0241989 secs] 1176817K->786510K(4143232K), 0.0242828 secs] [Times: user=0.02 sys=0.00, real=0.03 secs] 
2024-10-09T21:21:51.282+0300: 320.486: Total time for which application threads were stopped: 0.0245353 seconds, Stopping threads took: 0.0001299 seconds
2024-10-09T21:21:51.452+0300: 320.665: Application time: 0.1793793 seconds
2024-10-09T21:21:51.452+0300: 320.665: [GC (Allocation Failure) 2024-10-09T21:21:51.452+0300: 320.665: [ParNew: 460096K->51072K(460096K), 0.0238642 secs] 1195534K->798833K(4143232K), 0.0239457 secs] [Times: user=0.05 sys=0.00, real=0.03 secs] 
2024-10-09T21:21:51.484+0300: 320.689: Total time for which application threads were stopped: 0.0242093 seconds, Stopping threads took: 0.0001396 seconds
2024-10-09T21:21:51.656+0300: 320.870: Application time: 0.1807150 seconds
2024-10-09T21:21:51.656+0300: 320.870: [GC (Allocation Failure) 2024-10-09T21:21:51.656+0300: 320.870: [ParNew: 460096K->51072K(460096K), 0.0277645 secs] 1207857K->821727K(4143232K), 0.0278580 secs] [Times: user=0.03 sys=0.00, real=0.03 secs] 
2024-10-09T21:21:51.688+0300: 320.898: Total time for which application threads were stopped: 0.0281776 seconds, Stopping threads took: 0.0001872 seconds
2024-10-09T21:21:51.860+0300: 321.078: Application time: 0.1794718 seconds
2024-10-09T21:21:51.860+0300: 321.078: [GC (Allocation Failure) 2024-10-09T21:21:51.860+0300: 321.078: [ParNew: 460096K->51072K(460096K), 0.0232526 secs] 1230751K->836297K(4143232K), 0.0233417 secs] [Times: user=0.03 sys=0.00, real=0.03 secs] 
2024-10-09T21:21:51.892+0300: 321.101: Total time for which application threads were stopped: 0.0235882 seconds, Stopping threads took: 0.0001233 seconds
2024-10-09T21:21:52.080+0300: 321.285: Application time: 0.1839241 seconds
2024-10-09T21:21:52.080+0300: 321.285: [GC (Allocation Failure) 2024-10-09T21:21:52.080+0300: 321.285: [ParNew: 460096K->51072K(460096K), 0.0270620 secs] 1245321K->852693K(4143232K), 0.0271601 secs] [Times: user=0.11 sys=0.00, real=0.02 secs] 
2024-10-09T21:21:52.096+0300: 321.313: Total time for which application threads were stopped: 0.0274246 seconds, Stopping threads took: 0.0001200 seconds
2024-10-09T21:21:52.284+0300: 321.493: Application time: 0.1801637 seconds
2024-10-09T21:21:52.284+0300: 321.493: [GC (Allocation Failure) 2024-10-09T21:21:52.284+0300: 321.493: [ParNew: 460096K->47567K(460096K), 0.0270008 secs] 1261717K->873677K(4143232K), 0.0270868 secs] [Times: user=0.03 sys=0.00, real=0.03 secs] 
2024-10-09T21:21:52.315+0300: 321.520: Total time for which application threads were stopped: 0.0273498 seconds, Stopping threads took: 0.0001513 seconds
2024-10-09T21:21:52.489+0300: 321.698: Application time: 0.1777353 seconds
2024-10-09T21:21:52.489+0300: 321.698: [GC (Allocation Failure) 2024-10-09T21:21:52.489+0300: 321.698: [ParNew: 456591K->51072K(460096K), 0.0240894 secs] 1282701K->893179K(4143232K), 0.0241805 secs] [Times: user=0.02 sys=0.00, real=0.01 secs] 
2024-10-09T21:21:52.504+0300: 321.722: Total time for which application threads were stopped: 0.0244420 seconds, Stopping threads took: 0.0001336 seconds
2024-10-09T21:21:52.693+0300: 321.905: Application time: 0.1828150 seconds
2024-10-09T21:21:52.693+0300: 321.905: [GC (Allocation Failure) 2024-10-09T21:21:52.693+0300: 321.905: [ParNew: 460096K->51072K(460096K), 0.0267310 secs] 1302203K->911842K(4143232K), 0.0268284 secs] [Times: user=0.06 sys=0.00, real=0.03 secs] 
2024-10-09T21:21:52.728+0300: 321.932: Total time for which application threads were stopped: 0.0271361 seconds, Stopping threads took: 0.0001437 seconds
2024-10-09T21:21:52.913+0300: 322.116: Application time: 0.1841035 seconds
2024-10-09T21:21:52.913+0300: 322.116: [GC (Allocation Failure) 2024-10-09T21:21:52.913+0300: 322.117: [ParNew: 460096K->51072K(460096K), 0.0244324 secs] 1320866K->928364K(4143232K), 0.0245165 secs] [Times: user=0.01 sys=0.00, real=0.01 secs] 
2024-10-09T21:21:52.928+0300: 322.141: Total time for which application threads were stopped: 0.0247773 seconds, Stopping threads took: 0.0001428 seconds
2024-10-09T21:21:53.117+0300: 322.321: Application time: 0.1801612 seconds
2024-10-09T21:21:53.117+0300: 322.321: [GC (Allocation Failure) 2024-10-09T21:21:53.117+0300: 322.321: [ParNew: 460096K->51072K(460096K), 0.0243178 secs] 1337388K->940442K(4143232K), 0.0243953 secs] [Times: user=0.02 sys=0.00, real=0.02 secs] 
2024-10-09T21:21:53.133+0300: 322.346: Total time for which application threads were stopped: 0.0246474 seconds, Stopping threads took: 0.0001324 seconds
2024-10-09T21:21:53.305+0300: 322.520: Application time: 0.1739852 seconds
2024-10-09T21:21:53.305+0300: 322.520: [GC (Allocation Failure) 2024-10-09T21:21:53.305+0300: 322.520: [ParNew: 460096K->51072K(460096K), 0.0284125 secs] 1349466K->965299K(4143232K), 0.0285135 secs] [Times: user=0.03 sys=0.00, real=0.03 secs] 
2024-10-09T21:21:53.337+0300: 322.549: Total time for which application threads were stopped: 0.0287813 seconds, Stopping threads took: 0.0001429 seconds
2024-10-09T21:21:53.530+0300: 322.735: Application time: 0.1861685 seconds
2024-10-09T21:21:53.530+0300: 322.735: [GC (Allocation Failure) 2024-10-09T21:21:53.530+0300: 322.735: [ParNew: 460096K->49177K(460096K), 0.0289608 secs] 1374323K->990561K(4143232K), 0.0290568 secs] [Times: user=0.11 sys=0.00, real=0.03 secs] 
2024-10-09T21:21:53.556+0300: 322.764: Total time for which application threads were stopped: 0.0293360 seconds, Stopping threads took: 0.0001397 seconds
2024-10-09T21:21:53.730+0300: 322.947: Application time: 0.1828867 seconds
2024-10-09T21:21:53.730+0300: 322.947: [GC (Allocation Failure) 2024-10-09T21:21:53.730+0300: 322.947: [ParNew: 458201K->51072K(460096K), 0.0232780 secs] 1399585K->1000023K(4143232K), 0.0233649 secs] [Times: user=0.03 sys=0.00, real=0.03 secs] 
2024-10-09T21:21:53.760+0300: 322.971: Total time for which application threads were stopped: 0.0236071 seconds, Stopping threads took: 0.0001238 seconds
2024-10-09T21:21:53.933+0300: 323.139: Application time: 0.1688679 seconds
2024-10-09T21:21:53.933+0300: 323.140: [GC (Allocation Failure) 2024-10-09T21:21:53.933+0300: 323.140: [ParNew: 460096K->49367K(460096K), 0.0300644 secs] 1409047K->1027343K(4143232K), 0.0301439 secs] [Times: user=0.03 sys=0.00, real=0.03 secs] 
2024-10-09T21:21:53.964+0300: 323.170: Total time for which application threads were stopped: 0.0304022 seconds, Stopping threads took: 0.0001420 seconds
2024-10-09T21:21:54.153+0300: 323.358: Application time: 0.1880187 seconds
2024-10-09T21:21:54.153+0300: 323.358: [GC (Allocation Failure) 2024-10-09T21:21:54.153+0300: 323.358: [ParNew: 458391K->41070K(460096K), 0.0267290 secs] 1436367K->1044812K(4143232K), 0.0268165 secs] [Times: user=0.02 sys=0.00, real=0.02 secs] 
2024-10-09T21:21:54.169+0300: 323.385: Total time for which application threads were stopped: 0.0270493 seconds, Stopping threads took: 0.0001079 seconds
2024-10-09T21:21:54.356+0300: 323.568: Application time: 0.1827275 seconds
2024-10-09T21:21:54.356+0300: 323.568: [GC (Allocation Failure) 2024-10-09T21:21:54.356+0300: 323.568: [ParNew: 450094K->51072K(460096K), 0.0225376 secs] 1453836K->1060227K(4143232K), 0.0226367 secs] [Times: user=0.02 sys=0.00, real=0.02 secs] 
2024-10-09T21:21:54.372+0300: 323.591: Total time for which application threads were stopped: 0.0229514 seconds, Stopping threads took: 0.0001743 seconds
2024-10-09T21:21:54.545+0300: 323.759: Application time: 0.1686447 seconds
2024-10-09T21:21:54.545+0300: 323.760: [GC (Allocation Failure) 2024-10-09T21:21:54.545+0300: 323.760: [ParNew: 460096K->49601K(460096K), 0.0332511 secs] 1469251K->1089386K(4143232K), 0.0333451 secs] [Times: user=0.09 sys=0.00, real=0.03 secs] 
2024-10-09T21:21:54.576+0300: 323.793: Total time for which application threads were stopped: 0.0336845 seconds, Stopping threads took: 0.0002058 seconds
2024-10-09T21:21:54.764+0300: 323.977: Application time: 0.1835413 seconds
2024-10-09T21:21:54.764+0300: 323.977: [GC (Allocation Failure) 2024-10-09T21:21:54.764+0300: 323.977: [ParNew: 458625K->41053K(460096K), 0.0269906 secs] 1498410K->1107149K(4143232K), 0.0270899 secs] [Times: user=0.03 sys=0.00, real=0.03 secs] 
2024-10-09T21:21:54.796+0300: 324.004: Total time for which application threads were stopped: 0.0273960 seconds, Stopping threads took: 0.0001675 seconds
2024-10-09T21:21:54.984+0300: 324.193: Application time: 0.1895171 seconds
2024-10-09T21:21:54.984+0300: 324.194: [GC (Allocation Failure) 2024-10-09T21:21:54.984+0300: 324.194: [ParNew: 450077K->51072K(460096K), 0.0243512 secs] 1516173K->1125281K(4143232K), 0.0244458 secs] [Times: user=0.02 sys=0.00, real=0.02 secs] 
2024-10-09T21:21:55.000+0300: 324.218: Total time for which application threads were stopped: 0.0247157 seconds, Stopping threads took: 0.0001525 seconds
2024-10-09T21:21:55.172+0300: 324.385: Application time: 0.1672716 seconds
2024-10-09T21:21:55.172+0300: 324.386: [GC (Allocation Failure) 2024-10-09T21:21:55.172+0300: 324.386: [ParNew: 460096K->51072K(460096K), 0.0322436 secs] 1534305K->1156492K(4143232K), 0.0323273 secs] [Times: user=0.03 sys=0.00, real=0.03 secs] 
2024-10-09T21:21:55.204+0300: 324.418: Total time for which application threads were stopped: 0.0325735 seconds, Stopping threads took: 0.0001276 seconds
2024-10-09T21:21:55.392+0300: 324.604: Application time: 0.1859568 seconds
2024-10-09T21:21:55.392+0300: 324.604: [GC (Allocation Failure) 2024-10-09T21:21:55.392+0300: 324.604: [ParNew: 460096K->51072K(460096K), 0.0263142 secs] 1565516K->1181593K(4143232K), 0.0264041 secs] [Times: user=0.03 sys=0.00, real=0.03 secs] 
2024-10-09T21:21:55.423+0300: 324.631: Total time for which application threads were stopped: 0.0266667 seconds, Stopping threads took: 0.0001414 seconds
2024-10-09T21:21:55.612+0300: 324.822: Application time: 0.1909261 seconds
2024-10-09T21:21:55.612+0300: 324.822: [GC (Allocation Failure) 2024-10-09T21:21:55.612+0300: 324.822: [ParNew: 460096K->51072K(460096K), 0.0236315 secs] 1590617K->1190116K(4143232K), 0.0237164 secs] [Times: user=0.03 sys=0.00, real=0.02 secs] 
2024-10-09T21:21:55.634+0300: 324.846: Total time for which application threads were stopped: 0.0239969 seconds, Stopping threads took: 0.0001410 seconds
2024-10-09T21:21:55.800+0300: 325.014: Application time: 0.1684405 seconds
2024-10-09T21:21:55.800+0300: 325.014: [GC (Allocation Failure) 2024-10-09T21:21:55.800+0300: 325.014: [ParNew: 460096K->51072K(460096K), 0.0265699 secs] 1599140K->1210551K(4143232K), 0.0266558 secs] [Times: user=0.03 sys=0.00, real=0.04 secs] 
2024-10-09T21:21:55.835+0300: 325.041: Total time for which application threads were stopped: 0.0269094 seconds, Stopping threads took: 0.0001351 seconds
2024-10-09T21:21:56.020+0300: 325.225: Application time: 0.1842051 seconds
2024-10-09T21:21:56.020+0300: 325.225: [GC (Allocation Failure) 2024-10-09T21:21:56.020+0300: 325.225: [ParNew: 460096K->48143K(460096K), 0.0252367 secs] 1619575K->1226118K(4143232K), 0.0253379 secs] [Times: user=0.02 sys=0.00, real=0.02 secs] 
2024-10-09T21:21:56.035+0300: 325.251: Total time for which application threads were stopped: 0.0255847 seconds, Stopping threads took: 0.0001265 seconds
2024-10-09T21:21:56.223+0300: 325.432: Application time: 0.1811077 seconds
2024-10-09T21:21:56.223+0300: 325.432: [GC (Allocation Failure) 2024-10-09T21:21:56.223+0300: 325.432: [ParNew: 457167K->51072K(460096K), 0.0255976 secs] 1635142K->1245227K(4143232K), 0.0256857 secs] [Times: user=0.01 sys=0.00, real=0.02 secs] 
2024-10-09T21:21:56.239+0300: 325.458: Total time for which application threads were stopped: 0.0259203 seconds, Stopping threads took: 0.0001156 seconds
2024-10-09T21:21:56.427+0300: 325.631: Application time: 0.1727531 seconds
2024-10-09T21:21:56.427+0300: 325.631: [GC (Allocation Failure) 2024-10-09T21:21:56.427+0300: 325.631: [ParNew: 460096K->51072K(460096K), 0.0264628 secs] 1654251K->1262836K(4143232K), 0.0265575 secs] [Times: user=0.03 sys=0.00, real=0.02 secs] 
2024-10-09T21:21:56.443+0300: 325.657: Total time for which application threads were stopped: 0.0268546 seconds, Stopping threads took: 0.0001500 seconds
2024-10-09T21:21:56.637+0300: 325.844: Application time: 0.1869161 seconds
2024-10-09T21:21:56.637+0300: 325.845: [GC (Allocation Failure) 2024-10-09T21:21:56.637+0300: 325.845: [ParNew: 460096K->51072K(460096K), 0.0248355 secs] 1671860K->1278282K(4143232K), 0.0249260 secs] [Times: user=0.05 sys=0.00, real=0.03 secs] 
2024-10-09T21:21:56.663+0300: 325.870: Total time for which application threads were stopped: 0.0252151 seconds, Stopping threads took: 0.0001487 seconds
2024-10-09T21:21:56.837+0300: 326.043: Application time: 0.1734631 seconds
2024-10-09T21:21:56.837+0300: 326.043: [GC (Allocation Failure) 2024-10-09T21:21:56.837+0300: 326.043: [ParNew: 460096K->51072K(460096K), 0.0234991 secs] 1687306K->1292311K(4143232K), 0.0235725 secs] [Times: user=0.00 sys=0.00, real=0.01 secs] 
2024-10-09T21:21:56.851+0300: 326.067: Total time for which application threads were stopped: 0.0238212 seconds, Stopping threads took: 0.0001342 seconds
2024-10-09T21:21:57.039+0300: 326.246: Application time: 0.1789578 seconds
2024-10-09T21:21:57.039+0300: 326.246: [GC (Allocation Failure) 2024-10-09T21:21:57.039+0300: 326.246: [ParNew: 460096K->49293K(460096K), 0.0263490 secs] 1701335K->1310987K(4143232K), 0.0264373 secs] [Times: user=0.02 sys=0.00, real=0.02 secs] 
2024-10-09T21:21:57.055+0300: 326.272: Total time for which application threads were stopped: 0.0266972 seconds, Stopping threads took: 0.0001345 seconds
2024-10-09T21:21:57.243+0300: 326.460: Application time: 0.1871511 seconds
2024-10-09T21:21:57.243+0300: 326.460: [GC (Allocation Failure) 2024-10-09T21:21:57.243+0300: 326.460: [ParNew: 458317K->51072K(460096K), 0.0254183 secs] 1720011K->1326881K(4143232K), 0.0255102 secs] [Times: user=0.03 sys=0.00, real=0.03 secs] 
2024-10-09T21:21:57.275+0300: 326.485: Total time for which application threads were stopped: 0.0258131 seconds, Stopping threads took: 0.0001754 seconds
2024-10-09T21:21:57.439+0300: 326.650: Application time: 0.1646168 seconds
2024-10-09T21:21:57.447+0300: 326.650: [GC (Allocation Failure) 2024-10-09T21:21:57.447+0300: 326.650: [ParNew: 460096K->46165K(460096K), 0.0297109 secs] 1735905K->1346131K(4143232K), 0.0298118 secs] [Times: user=0.01 sys=0.00, real=0.02 secs] 
2024-10-09T21:21:57.463+0300: 326.680: Total time for which application threads were stopped: 0.0301842 seconds, Stopping threads took: 0.0001770 seconds
2024-10-09T21:21:57.651+0300: 326.867: Application time: 0.1871848 seconds
2024-10-09T21:21:57.651+0300: 326.868: [GC (Allocation Failure) 2024-10-09T21:21:57.651+0300: 326.868: [ParNew: 455189K->51072K(460096K), 0.0246759 secs] 1755155K->1367523K(4143232K), 0.0247595 secs] [Times: user=0.03 sys=0.00, real=0.03 secs] 
2024-10-09T21:21:57.682+0300: 326.892: Total time for which application threads were stopped: 0.0250352 seconds, Stopping threads took: 0.0001579 seconds
2024-10-09T21:21:57.871+0300: 327.079: Application time: 0.1865885 seconds
2024-10-09T21:21:57.871+0300: 327.079: [GC (Allocation Failure) 2024-10-09T21:21:57.871+0300: 327.079: [ParNew: 460096K->51072K(460096K), 0.0297872 secs] 1776547K->1391602K(4143232K), 0.0298747 secs] [Times: user=0.03 sys=0.00, real=0.03 secs] 
2024-10-09T21:21:57.902+0300: 327.109: Total time for which application threads were stopped: 0.0301485 seconds, Stopping threads took: 0.0001562 seconds
2024-10-09T21:21:58.059+0300: 327.277: Application time: 0.1679747 seconds
2024-10-09T21:21:58.059+0300: 327.277: [GC (Allocation Failure) 2024-10-09T21:21:58.059+0300: 327.277: [ParNew: 460096K->51072K(460096K), 0.0295712 secs] 1800626K->1415031K(4143232K), 0.0296606 secs] [Times: user=0.03 sys=0.00, real=0.03 secs] 
2024-10-09T21:21:58.090+0300: 327.307: Total time for which application threads were stopped: 0.0299248 seconds, Stopping threads took: 0.0001467 seconds
2024-10-09T21:21:58.279+0300: 327.484: Application time: 0.1773107 seconds
2024-10-09T21:21:58.279+0300: 327.485: [GC (Allocation Failure) 2024-10-09T21:21:58.279+0300: 327.485: [ParNew: 460096K->51072K(460096K), 0.0259690 secs] 1824055K->1437338K(4143232K), 0.0260561 secs] [Times: user=0.02 sys=0.00, real=0.01 secs] 
2024-10-09T21:21:58.294+0300: 327.511: Total time for which application threads were stopped: 0.0263349 seconds, Stopping threads took: 0.0001580 seconds
2024-10-09T21:21:58.498+0300: 327.702: Application time: 0.1909435 seconds
2024-10-09T21:21:58.498+0300: 327.702: [GC (Allocation Failure) 2024-10-09T21:21:58.498+0300: 327.702: [ParNew: 460096K->49306K(460096K), 0.0274487 secs] 1846362K->1455319K(4143232K), 0.0275289 secs] [Times: user=0.02 sys=0.00, real=0.02 secs] 
2024-10-09T21:21:58.514+0300: 327.729: Total time for which application threads were stopped: 0.0277916 seconds, Stopping threads took: 0.0001421 seconds
2024-10-09T21:21:58.702+0300: 327.907: Application time: 0.1778390 seconds
2024-10-09T21:21:58.702+0300: 327.908: [GC (Allocation Failure) 2024-10-09T21:21:58.702+0300: 327.908: [ParNew: 458330K->51072K(460096K), 0.0258899 secs] 1864343K->1469820K(4143232K), 0.0259863 secs] [Times: user=0.02 sys=0.00, real=0.02 secs] 
2024-10-09T21:21:58.718+0300: 327.934: Total time for which application threads were stopped: 0.0262629 seconds, Stopping threads took: 0.0001448 seconds
2024-10-09T21:21:58.898+0300: 328.106: Application time: 0.1728223 seconds
2024-10-09T21:21:58.898+0300: 328.107: [GC (Allocation Failure) 2024-10-09T21:21:58.898+0300: 328.107: [ParNew: 460096K->42041K(460096K), 0.0281433 secs] 1878844K->1494508K(4143232K), 0.0282275 secs] [Times: user=0.03 sys=0.00, real=0.02 secs] 
2024-10-09T21:21:58.922+0300: 328.135: Total time for which application threads were stopped: 0.0284927 seconds, Stopping threads took: 0.0001443 seconds
2024-10-09T21:21:59.127+0300: 328.330: Application time: 0.1955668 seconds
2024-10-09T21:21:59.127+0300: 328.331: [GC (Allocation Failure) 2024-10-09T21:21:59.127+0300: 328.331: [ParNew: 451065K->51072K(460096K), 0.0238113 secs] 1903532K->1507595K(4143232K), 0.0238880 secs] [Times: user=0.01 sys=0.00, real=0.02 secs] 
2024-10-09T21:21:59.143+0300: 328.355: Total time for which application threads were stopped: 0.0241802 seconds, Stopping threads took: 0.0001732 seconds
2024-10-09T21:21:59.331+0300: 328.536: Application time: 0.1811253 seconds
2024-10-09T21:21:59.331+0300: 328.536: [GC (Allocation Failure) 2024-10-09T21:21:59.331+0300: 328.536: [ParNew: 460096K->51072K(460096K), 0.0304069 secs] 1916619K->1528957K(4143232K), 0.0304848 secs] [Times: user=0.03 sys=0.00, real=0.03 secs] 
2024-10-09T21:21:59.362+0300: 328.567: Total time for which application threads were stopped: 0.0307559 seconds, Stopping threads took: 0.0001583 seconds
2024-10-09T21:21:59.519+0300: 328.736: Application time: 0.1693554 seconds
2024-10-09T21:21:59.519+0300: 328.736: [GC (Allocation Failure) 2024-10-09T21:21:59.519+0300: 328.736: [ParNew: 460096K->51072K(460096K), 0.0299539 secs] 1937981K->1562514K(4143232K), 0.0300527 secs] [Times: user=0.03 sys=0.00, real=0.03 secs] 
2024-10-09T21:21:59.551+0300: 328.766: Total time for which application threads were stopped: 0.0303240 seconds, Stopping threads took: 0.0001505 seconds
2024-10-09T21:21:59.755+0300: 328.963: Application time: 0.1968799 seconds
2024-10-09T21:21:59.755+0300: 328.963: [GC (Allocation Failure) 2024-10-09T21:21:59.755+0300: 328.963: [ParNew: 460096K->51072K(460096K), 0.0227200 secs] 1971538K->1566272K(4143232K), 0.0228125 secs] [Times: user=0.01 sys=0.00, real=0.01 secs] 
2024-10-09T21:21:59.770+0300: 328.986: Total time for which application threads were stopped: 0.0230942 seconds, Stopping threads took: 0.0001500 seconds
2024-10-09T21:21:59.959+0300: 329.162: Application time: 0.1760626 seconds
2024-10-09T21:21:59.959+0300: 329.162: [GC (Allocation Failure) 2024-10-09T21:21:59.959+0300: 329.163: [ParNew: 460096K->51072K(460096K), 0.0328250 secs] 1975296K->1593806K(4143232K), 0.0329059 secs] [Times: user=0.03 sys=0.00, real=0.03 secs] 
2024-10-09T21:21:59.990+0300: 329.195: Total time for which application threads were stopped: 0.0331668 seconds, Stopping threads took: 0.0001426 seconds
2024-10-09T21:22:00.147+0300: 329.363: Application time: 0.1675883 seconds
2024-10-09T21:22:00.147+0300: 329.363: [GC (Allocation Failure) 2024-10-09T21:22:00.147+0300: 329.363: [ParNew: 460096K->40506K(460096K), 0.0302567 secs] 2002830K->1618003K(4143232K), 0.0303415 secs] [Times: user=0.05 sys=0.00, real=0.03 secs] 
2024-10-09T21:22:00.178+0300: 329.394: Total time for which application threads were stopped: 0.0306085 seconds, Stopping threads took: 0.0001507 seconds
2024-10-09T21:22:00.367+0300: 329.582: Application time: 0.1882502 seconds
2024-10-09T21:22:00.367+0300: 329.582: [GC (Allocation Failure) 2024-10-09T21:22:00.367+0300: 329.582: [ParNew: 449530K->51072K(460096K), 0.0223360 secs] 2027027K->1631610K(4143232K), 0.0224119 secs] [Times: user=0.03 sys=0.00, real=0.03 secs] 
2024-10-09T21:22:00.398+0300: 329.605: Total time for which application threads were stopped: 0.0226610 seconds, Stopping threads took: 0.0001357 seconds
2024-10-09T21:22:00.570+0300: 329.787: Application time: 0.1823749 seconds
2024-10-09T21:22:00.570+0300: 329.787: [GC (Allocation Failure) 2024-10-09T21:22:00.570+0300: 329.787: [ParNew: 460096K->51072K(460096K), 0.0365466 secs] 2040634K->1661161K(4143232K), 0.0366523 secs] [Times: user=0.17 sys=0.00, real=0.05 secs] 
2024-10-09T21:22:00.617+0300: 329.824: Total time for which application threads were stopped: 0.0369654 seconds, Stopping threads took: 0.0001598 seconds
2024-10-09T21:22:00.775+0300: 329.989: Application time: 0.1649970 seconds
2024-10-09T21:22:00.775+0300: 329.989: [GC (Allocation Failure) 2024-10-09T21:22:00.775+0300: 329.989: [ParNew: 460096K->50507K(460096K), 0.0247966 secs] 2070185K->1682296K(4143232K), 0.0248862 secs] [Times: user=0.03 sys=0.00, real=0.03 secs] 
2024-10-09T21:22:00.806+0300: 330.014: Total time for which application threads were stopped: 0.0251788 seconds, Stopping threads took: 0.0001710 seconds
2024-10-09T21:22:00.994+0300: 330.199: Application time: 0.1846369 seconds
2024-10-09T21:22:00.994+0300: 330.199: [GC (Allocation Failure) 2024-10-09T21:22:00.994+0300: 330.199: [ParNew: 459531K->51072K(460096K), 0.0246074 secs] 2091320K->1694560K(4143232K), 0.0246995 secs] [Times: user=0.01 sys=0.00, real=0.02 secs] 
2024-10-09T21:22:01.010+0300: 330.224: Total time for which application threads were stopped: 0.0249773 seconds, Stopping threads took: 0.0001577 seconds
2024-10-09T21:22:01.183+0300: 330.399: Application time: 0.1753515 seconds
2024-10-09T21:22:01.183+0300: 330.399: [GC (Allocation Failure) 2024-10-09T21:22:01.183+0300: 330.399: [ParNew: 460096K->51072K(460096K), 0.0325283 secs] 2103584K->1721040K(4143232K), 0.0326157 secs] [Times: user=0.03 sys=0.00, real=0.03 secs] 
2024-10-09T21:22:01.214+0300: 330.432: Total time for which application threads were stopped: 0.0328674 seconds, Stopping threads took: 0.0001404 seconds
2024-10-09T21:22:01.387+0300: 330.602: Application time: 0.1698273 seconds
2024-10-09T21:22:01.387+0300: 330.602: [GC (Allocation Failure) 2024-10-09T21:22:01.387+0300: 330.602: [ParNew: 460096K->51072K(460096K), 0.0250005 secs] 2130064K->1738166K(4143232K), 0.0251021 secs] [Times: user=0.05 sys=0.00, real=0.03 secs] 
2024-10-09T21:22:01.418+0300: 330.627: Total time for which application threads were stopped: 0.0253792 seconds, Stopping threads took: 0.0001526 seconds
2024-10-09T21:22:01.607+0300: 330.820: Application time: 0.1927166 seconds
2024-10-09T21:22:01.607+0300: 330.820: [GC (Allocation Failure) 2024-10-09T21:22:01.607+0300: 330.820: [ParNew: 460096K->51072K(460096K), 0.0243794 secs] 2147190K->1750283K(4143232K), 0.0244754 secs] [Times: user=0.03 sys=0.00, real=0.03 secs] 
2024-10-09T21:22:01.638+0300: 330.845: Total time for which application threads were stopped: 0.0247782 seconds, Stopping threads took: 0.0001624 seconds
2024-10-09T21:22:01.811+0300: 331.015: Application time: 0.1705005 seconds
2024-10-09T21:22:01.811+0300: 331.015: [GC (Allocation Failure) 2024-10-09T21:22:01.811+0300: 331.015: [ParNew: 460096K->51072K(460096K), 0.0258297 secs] 2159307K->1769122K(4143232K), 0.0259146 secs] [Times: user=0.01 sys=0.00, real=0.01 secs] 
2024-10-09T21:22:01.826+0300: 331.041: Total time for which application threads were stopped: 0.0261851 seconds, Stopping threads took: 0.0001546 seconds
2024-10-09T21:22:01.999+0300: 331.215: Application time: 0.1732949 seconds
2024-10-09T21:22:01.999+0300: 331.215: [GC (Allocation Failure) 2024-10-09T21:22:01.999+0300: 331.215: [ParNew: 460096K->51072K(460096K), 0.0268203 secs] 2178146K->1791097K(4143232K), 0.0269041 secs] [Times: user=0.03 sys=0.00, real=0.03 secs] 
2024-10-09T21:22:02.030+0300: 331.242: Total time for which application threads were stopped: 0.0271564 seconds, Stopping threads took: 0.0001299 seconds
2024-10-09T21:22:02.219+0300: 331.427: Application time: 0.1848232 seconds
2024-10-09T21:22:02.219+0300: 331.427: [GC (Allocation Failure) 2024-10-09T21:22:02.219+0300: 331.427: [ParNew: 460096K->51072K(460096K), 0.0242313 secs] 2200121K->1804031K(4143232K), 0.0243171 secs] [Times: user=0.02 sys=0.00, real=0.01 secs] 
2024-10-09T21:22:02.234+0300: 331.451: Total time for which application threads were stopped: 0.0245741 seconds, Stopping threads took: 0.0001360 seconds
2024-10-09T21:22:02.407+0300: 331.622: Application time: 0.1703651 seconds
2024-10-09T21:22:02.407+0300: 331.622: [GC (Allocation Failure) 2024-10-09T21:22:02.407+0300: 331.622: [ParNew: 460096K->51072K(460096K), 0.0319029 secs] 2213055K->1831451K(4143232K), 0.0319897 secs] [Times: user=0.05 sys=0.00, real=0.04 secs] 
2024-10-09T21:22:02.449+0300: 331.654: Total time for which application threads were stopped: 0.0322687 seconds, Stopping threads took: 0.0001599 seconds
2024-10-09T21:22:02.627+0300: 331.835: Application time: 0.1810470 seconds
2024-10-09T21:22:02.627+0300: 331.835: [GC (Allocation Failure) 2024-10-09T21:22:02.627+0300: 331.835: [ParNew: 460096K->51072K(460096K), 0.0270796 secs] 2240475K->1856784K(4143232K), 0.0271760 secs] [Times: user=0.03 sys=0.00, real=0.03 secs] 
2024-10-09T21:22:02.658+0300: 331.862: Total time for which application threads were stopped: 0.0274714 seconds, Stopping threads took: 0.0001468 seconds
2024-10-09T21:22:02.850+0300: 332.053: Application time: 0.1911472 seconds
2024-10-09T21:22:02.850+0300: 332.054: [GC (Allocation Failure) 2024-10-09T21:22:02.850+0300: 332.054: [ParNew: 460096K->51072K(460096K), 0.0261834 secs] 2265808K->1870674K(4143232K), 0.0262740 secs] [Times: user=0.02 sys=0.00, real=0.01 secs] 
2024-10-09T21:22:02.862+0300: 332.080: Total time for which application threads were stopped: 0.0265178 seconds, Stopping threads took: 0.0001236 seconds
2024-10-09T21:22:03.035+0300: 332.253: Application time: 0.1725242 seconds
2024-10-09T21:22:03.035+0300: 332.253: [GC (Allocation Failure) 2024-10-09T21:22:03.035+0300: 332.253: [ParNew: 460096K->44884K(460096K), 0.0297316 secs] 2279698K->1890408K(4143232K), 0.0298171 secs] [Times: user=0.03 sys=0.00, real=0.03 secs] 
2024-10-09T21:22:03.066+0300: 332.283: Total time for which application threads were stopped: 0.0300830 seconds, Stopping threads took: 0.0001382 seconds
2024-10-09T21:22:03.254+0300: 332.459: Application time: 0.1767329 seconds
2024-10-09T21:22:03.254+0300: 332.460: [GC (Allocation Failure) 2024-10-09T21:22:03.254+0300: 332.460: [ParNew: 453908K->48741K(460096K), 0.0240382 secs] 2299432K->1912681K(4143232K), 0.0241310 secs] [Times: user=0.02 sys=0.00, real=0.02 secs] 
2024-10-09T21:22:03.270+0300: 332.484: Total time for which application threads were stopped: 0.0243821 seconds, Stopping threads took: 0.0001320 seconds
2024-10-09T21:22:03.458+0300: 332.672: Application time: 0.1883669 seconds
2024-10-09T21:22:03.458+0300: 332.672: [GC (Allocation Failure) 2024-10-09T21:22:03.458+0300: 332.672: [ParNew: 457765K->51072K(460096K), 0.0247113 secs] 2321705K->1927506K(4143232K), 0.0248190 secs] [Times: user=0.05 sys=0.00, real=0.03 secs] 
2024-10-09T21:22:03.489+0300: 332.697: Total time for which application threads were stopped: 0.0250979 seconds, Stopping threads took: 0.0001452 seconds
2024-10-09T21:22:03.662+0300: 332.875: Application time: 0.1775408 seconds
2024-10-09T21:22:03.662+0300: 332.875: [GC (Allocation Failure) 2024-10-09T21:22:03.662+0300: 332.875: [ParNew: 460096K->51072K(460096K), 0.0263395 secs] 2336530K->1944068K(4143232K), 0.0264344 secs] [Times: user=0.12 sys=0.00, real=0.03 secs] 
2024-10-09T21:22:03.693+0300: 332.901: Total time for which application threads were stopped: 0.0267135 seconds, Stopping threads took: 0.0001354 seconds
2024-10-09T21:22:03.866+0300: 333.080: Application time: 0.1785652 seconds
2024-10-09T21:22:03.866+0300: 333.080: [GC (Allocation Failure) 2024-10-09T21:22:03.866+0300: 333.080: [ParNew: 460096K->46314K(460096K), 0.0271506 secs] 2353092K->1962387K(4143232K), 0.0272416 secs] [Times: user=0.03 sys=0.00, real=0.03 secs] 
2024-10-09T21:22:03.897+0300: 333.108: Total time for which application threads were stopped: 0.0275327 seconds, Stopping threads took: 0.0001700 seconds
2024-10-09T21:22:04.086+0300: 333.300: Application time: 0.1922530 seconds
2024-10-09T21:22:04.086+0300: 333.300: [GC (Allocation Failure) 2024-10-09T21:22:04.086+0300: 333.300: [ParNew: 455338K->50836K(460096K), 0.0249910 secs] 2371411K->1977910K(4143232K), 0.0250878 secs] [Times: user=0.05 sys=0.00, real=0.03 secs] 
2024-10-09T21:22:04.117+0300: 333.325: Total time for which application threads were stopped: 0.0253537 seconds, Stopping threads took: 0.0001408 seconds
2024-10-09T21:22:04.290+0300: 333.501: Application time: 0.1762969 seconds
2024-10-09T21:22:04.290+0300: 333.502: [GC (Allocation Failure) 2024-10-09T21:22:04.290+0300: 333.502: [ParNew: 459860K->51072K(460096K), 0.0292753 secs] 2386934K->1998638K(4143232K), 0.0293801 secs] [Times: user=0.12 sys=0.00, real=0.03 secs] 
2024-10-09T21:22:04.321+0300: 333.531: Total time for which application threads were stopped: 0.0296299 seconds, Stopping threads took: 0.0001103 seconds
2024-10-09T21:22:04.494+0300: 333.707: Application time: 0.1755256 seconds
2024-10-09T21:22:04.494+0300: 333.707: [GC (Allocation Failure) 2024-10-09T21:22:04.494+0300: 333.707: [ParNew: 460096K->51072K(460096K), 0.0261970 secs] 2407662K->2020021K(4143232K), 0.0262893 secs] [Times: user=0.05 sys=0.00, real=0.03 secs] 
2024-10-09T21:22:04.525+0300: 333.733: Total time for which application threads were stopped: 0.0265640 seconds, Stopping threads took: 0.0001465 seconds
2024-10-09T21:22:04.714+0300: 333.923: Application time: 0.1901238 seconds
2024-10-09T21:22:04.714+0300: 333.924: [GC (Allocation Failure) 2024-10-09T21:22:04.714+0300: 333.924: [ParNew: 460096K->51072K(460096K), 0.0265451 secs] 2429045K->2040342K(4143232K), 0.0266421 secs] [Times: user=0.06 sys=0.00, real=0.03 secs] 
2024-10-09T21:22:04.745+0300: 333.950: Total time for which application threads were stopped: 0.0270866 seconds, Stopping threads took: 0.0003154 seconds
2024-10-09T21:22:04.918+0300: 334.129: Application time: 0.1783656 seconds
2024-10-09T21:22:04.918+0300: 334.129: [GC (Allocation Failure) 2024-10-09T21:22:04.918+0300: 334.129: [ParNew: 460096K->51072K(460096K), 0.0241869 secs] 2449366K->2049616K(4143232K), 0.0242787 secs] [Times: user=0.09 sys=0.00, real=0.03 secs] 
2024-10-09T21:22:04.949+0300: 334.153: Total time for which application threads were stopped: 0.0245551 seconds, Stopping threads took: 0.0001547 seconds
2024-10-09T21:22:05.122+0300: 334.329: Application time: 0.1754741 seconds
2024-10-09T21:22:05.122+0300: 334.329: [GC (Allocation Failure) 2024-10-09T21:22:05.122+0300: 334.329: [ParNew: 460096K->51072K(460096K), 0.0293898 secs] 2458640K->2076859K(4143232K), 0.0294758 secs] [Times: user=0.06 sys=0.00, real=0.03 secs] 
2024-10-09T21:22:05.155+0300: 334.359: Total time for which application threads were stopped: 0.0297416 seconds, Stopping threads took: 0.0001360 seconds
2024-10-09T21:22:05.326+0300: 334.543: Application time: 0.1849111 seconds
2024-10-09T21:22:05.326+0300: 334.544: [GC (Allocation Failure) 2024-10-09T21:22:05.326+0300: 334.544: [ParNew: 460096K->46111K(460096K), 0.0262331 secs] 2485883K->2084848K(4143232K), 0.0263329 secs] [Times: user=0.14 sys=0.00, real=0.03 secs] 
2024-10-09T21:22:05.357+0300: 334.570: Total time for which application threads were stopped: 0.0266272 seconds, Stopping threads took: 0.0001675 seconds
2024-10-09T21:22:05.545+0300: 334.751: Application time: 0.1805595 seconds
2024-10-09T21:22:05.545+0300: 334.751: [GC (Allocation Failure) 2024-10-09T21:22:05.545+0300: 334.751: [ParNew: 455135K->51072K(460096K), 0.0288819 secs] 2493872K->2104811K(4143232K), 0.0289692 secs] [Times: user=0.16 sys=0.00, real=0.02 secs] 
2024-10-09T21:22:05.561+0300: 334.780: Total time for which application threads were stopped: 0.0292939 seconds, Stopping threads took: 0.0001963 seconds
2024-10-09T21:22:05.749+0300: 334.954: Application time: 0.1744852 seconds
2024-10-09T21:22:05.749+0300: 334.955: [GC (Allocation Failure) 2024-10-09T21:22:05.749+0300: 334.955: [ParNew: 460096K->51072K(460096K), 0.0295931 secs] 2513835K->2131945K(4143232K), 0.0296996 secs] [Times: user=0.05 sys=0.00, real=0.03 secs] 
2024-10-09T21:22:05.781+0300: 334.984: Total time for which application threads were stopped: 0.0299597 seconds, Stopping threads took: 0.0001168 seconds
2024-10-09T21:22:05.957+0300: 335.168: Application time: 0.1833891 seconds
2024-10-09T21:22:05.957+0300: 335.168: [GC (Allocation Failure) 2024-10-09T21:22:05.957+0300: 335.168: [ParNew: 460096K->51072K(460096K), 0.0250235 secs] 2540969K->2146707K(4143232K), 0.0251182 secs] [Times: user=0.02 sys=0.00, real=0.03 secs] 
2024-10-09T21:22:05.985+0300: 335.193: Total time for which application threads were stopped: 0.0254122 seconds, Stopping threads took: 0.0001469 seconds
2024-10-09T21:22:06.158+0300: 335.370: Application time: 0.1764995 seconds
2024-10-09T21:22:06.158+0300: 335.370: [GC (Allocation Failure) 2024-10-09T21:22:06.158+0300: 335.370: [ParNew: 460096K->51072K(460096K), 0.0244274 secs] 2555731K->2160479K(4143232K), 0.0245142 secs] [Times: user=0.06 sys=0.00, real=0.03 secs] 
2024-10-09T21:22:06.189+0300: 335.395: Total time for which application threads were stopped: 0.0247766 seconds, Stopping threads took: 0.0001393 seconds
2024-10-09T21:22:06.362+0300: 335.571: Application time: 0.1769422 seconds
2024-10-09T21:22:06.362+0300: 335.572: [GC (Allocation Failure) 2024-10-09T21:22:06.362+0300: 335.572: [ParNew: 460096K->50968K(460096K), 0.0288953 secs] 2569503K->2185043K(4143232K), 0.0289948 secs] [Times: user=0.06 sys=0.00, real=0.03 secs] 
2024-10-09T21:22:06.394+0300: 335.601: Total time for which application threads were stopped: 0.0292658 seconds, Stopping threads took: 0.0001391 seconds
2024-10-09T21:22:06.582+0300: 335.787: Application time: 0.1861894 seconds
2024-10-09T21:22:06.582+0300: 335.787: [GC (Allocation Failure) 2024-10-09T21:22:06.582+0300: 335.787: [ParNew: 459992K->51072K(460096K), 0.0243395 secs] 2594067K->2196248K(4143232K), 0.0244294 secs] [Times: user=0.16 sys=0.00, real=0.02 secs] 
2024-10-09T21:22:06.598+0300: 335.812: Total time for which application threads were stopped: 0.0247954 seconds, Stopping threads took: 0.0002302 seconds
2024-10-09T21:22:06.770+0300: 335.984: Application time: 0.1718947 seconds
2024-10-09T21:22:06.770+0300: 335.984: [GC (Allocation Failure) 2024-10-09T21:22:06.770+0300: 335.984: [ParNew: 460096K->51072K(460096K), 0.0279716 secs] 2605272K->2218491K(4143232K), 0.0280733 secs] [Times: user=0.06 sys=0.00, real=0.03 secs] 
2024-10-09T21:22:06.802+0300: 336.012: Total time for which application threads were stopped: 0.0283717 seconds, Stopping threads took: 0.0001700 seconds
2024-10-09T21:22:06.974+0300: 336.191: Application time: 0.1792186 seconds
2024-10-09T21:22:06.974+0300: 336.191: [GC (Allocation Failure) 2024-10-09T21:22:06.974+0300: 336.191: [ParNew: 460096K->51072K(460096K), 0.0251954 secs] 2627515K->2233736K(4143232K), 0.0252951 secs] [Times: user=0.08 sys=0.00, real=0.04 secs] 
2024-10-09T21:22:07.013+0300: 336.217: Total time for which application threads were stopped: 0.0255937 seconds, Stopping threads took: 0.0001570 seconds
2024-10-09T21:22:07.179+0300: 336.393: Application time: 0.1761730 seconds
2024-10-09T21:22:07.179+0300: 336.393: [GC (Allocation Failure) 2024-10-09T21:22:07.179+0300: 336.393: [ParNew: 460096K->51072K(460096K), 0.0291408 secs] 2642760K->2256418K(4143232K), 0.0292304 secs] [Times: user=0.05 sys=0.00, real=0.03 secs] 
2024-10-09T21:22:07.210+0300: 336.422: Total time for which application threads were stopped: 0.0295200 seconds, Stopping threads took: 0.0001654 seconds
2024-10-09T21:22:07.383+0300: 336.593: Application time: 0.1704496 seconds
2024-10-09T21:22:07.383+0300: 336.593: [GC (Allocation Failure) 2024-10-09T21:22:07.383+0300: 336.593: [ParNew: 460096K->51072K(460096K), 0.0287672 secs] 2665442K->2279761K(4143232K), 0.0288568 secs] [Times: user=0.06 sys=0.00, real=0.03 secs] 
2024-10-09T21:22:07.414+0300: 336.622: Total time for which application threads were stopped: 0.0291293 seconds, Stopping threads took: 0.0001445 seconds
2024-10-09T21:22:07.603+0300: 336.815: Application time: 0.1924309 seconds
2024-10-09T21:22:07.603+0300: 336.815: [GC (Allocation Failure) 2024-10-09T21:22:07.603+0300: 336.815: [ParNew: 460096K->51072K(460096K), 0.0245725 secs] 2688785K->2294532K(4143232K), 0.0246654 secs] [Times: user=0.06 sys=0.00, real=0.03 secs] 
2024-10-09T21:22:07.634+0300: 336.839: Total time for which application threads were stopped: 0.0249155 seconds, Stopping threads took: 0.0000979 seconds
2024-10-09T21:22:07.807+0300: 337.013: Application time: 0.1740139 seconds
2024-10-09T21:22:07.807+0300: 337.014: [GC (Allocation Failure) 2024-10-09T21:22:07.807+0300: 337.014: [ParNew: 460096K->51072K(460096K), 0.0260937 secs] 2703556K->2309886K(4143232K), 0.0261917 secs] [Times: user=0.02 sys=0.00, real=0.02 secs] 
2024-10-09T21:22:07.823+0300: 337.040: Total time for which application threads were stopped: 0.0264969 seconds, Stopping threads took: 0.0001723 seconds
2024-10-09T21:22:07.996+0300: 337.209: Application time: 0.1691056 seconds
2024-10-09T21:22:07.996+0300: 337.209: [GC (Allocation Failure) 2024-10-09T21:22:07.996+0300: 337.209: [ParNew: 460096K->51072K(460096K), 0.0299887 secs] 2718910K->2338813K(4143232K), 0.0300789 secs] [Times: user=0.06 sys=0.00, real=0.03 secs] 
2024-10-09T21:22:08.027+0300: 337.239: Total time for which application threads were stopped: 0.0303553 seconds, Stopping threads took: 0.0001439 seconds
2024-10-09T21:22:08.215+0300: 337.423: Application time: 0.1839451 seconds
2024-10-09T21:22:08.215+0300: 337.424: [GC (Allocation Failure) 2024-10-09T21:22:08.215+0300: 337.424: [ParNew: 460096K->49885K(460096K), 0.0242311 secs] 2747837K->2350923K(4143232K), 0.0243301 secs] [Times: user=0.09 sys=0.00, real=0.02 secs] 
2024-10-09T21:22:08.231+0300: 337.448: Total time for which application threads were stopped: 0.0246024 seconds, Stopping threads took: 0.0001318 seconds
2024-10-09T21:22:08.419+0300: 337.627: Application time: 0.1785517 seconds
2024-10-09T21:22:08.419+0300: 337.627: [GC (Allocation Failure) 2024-10-09T21:22:08.419+0300: 337.627: [ParNew: 458909K->51072K(460096K), 0.0267377 secs] 2759947K->2367611K(4143232K), 0.0269236 secs] [Times: user=0.06 sys=0.00, real=0.03 secs] 
2024-10-09T21:22:08.450+0300: 337.654: Total time for which application threads were stopped: 0.0271779 seconds, Stopping threads took: 0.0001354 seconds
2024-10-09T21:22:08.608+0300: 337.826: Application time: 0.1719804 seconds
2024-10-09T21:22:08.608+0300: 337.826: [GC (Allocation Failure) 2024-10-09T21:22:08.608+0300: 337.826: [ParNew: 460096K->51072K(460096K), 0.0294820 secs] 2776635K->2395969K(4143232K), 0.0295778 secs] [Times: user=0.09 sys=0.00, real=0.03 secs] 
2024-10-09T21:22:08.639+0300: 337.856: Total time for which application threads were stopped: 0.0299110 seconds, Stopping threads took: 0.0001622 seconds
2024-10-09T21:22:08.827+0300: 338.042: Application time: 0.1860637 seconds
2024-10-09T21:22:08.827+0300: 338.042: [GC (Allocation Failure) 2024-10-09T21:22:08.827+0300: 338.042: [ParNew: 460096K->42852K(460096K), 0.0284362 secs] 2804993K->2409724K(4143232K), 0.0285335 secs] [Times: user=0.09 sys=0.00, real=0.04 secs] 
2024-10-09T21:22:08.863+0300: 338.070: Total time for which application threads were stopped: 0.0288386 seconds, Stopping threads took: 0.0001577 seconds
2024-10-09T21:22:09.032+0300: 338.246: Application time: 0.1756448 seconds
2024-10-09T21:22:09.032+0300: 338.246: [GC (Allocation Failure) 2024-10-09T21:22:09.032+0300: 338.246: [ParNew: 451876K->51072K(460096K), 0.0280400 secs] 2818748K->2432332K(4143232K), 0.0281256 secs] [Times: user=0.03 sys=0.00, real=0.03 secs] 
2024-10-09T21:22:09.063+0300: 338.275: Total time for which application threads were stopped: 0.0284168 seconds, Stopping threads took: 0.0001624 seconds
2024-10-09T21:22:09.236+0300: 338.441: Application time: 0.1661899 seconds
2024-10-09T21:22:09.236+0300: 338.441: [GC (Allocation Failure) 2024-10-09T21:22:09.236+0300: 338.441: [ParNew: 460096K->48105K(460096K), 0.0289155 secs] 2841356K->2457601K(4143232K), 0.0290035 secs] [Times: user=0.02 sys=0.00, real=0.03 secs] 
2024-10-09T21:22:09.264+0300: 338.470: Total time for which application threads were stopped: 0.0292558 seconds, Stopping threads took: 0.0001338 seconds
2024-10-09T21:22:09.440+0300: 338.654: Application time: 0.1836687 seconds
2024-10-09T21:22:09.440+0300: 338.654: [GC (Allocation Failure) 2024-10-09T21:22:09.440+0300: 338.654: [ParNew: 457129K->45245K(460096K), 0.0262990 secs] 2866625K->2474489K(4143232K), 0.0264082 secs] [Times: user=0.03 sys=0.00, real=0.03 secs] 
2024-10-09T21:22:09.471+0300: 338.680: Total time for which application threads were stopped: 0.0267172 seconds, Stopping threads took: 0.0001623 seconds
2024-10-09T21:22:09.659+0300: 338.866: Application time: 0.1855497 seconds
2024-10-09T21:22:09.659+0300: 338.866: [GC (Allocation Failure) 2024-10-09T21:22:09.659+0300: 338.866: [ParNew: 454269K->51072K(460096K), 0.0259388 secs] 2883513K->2493220K(4143232K), 0.0260356 secs] [Times: user=0.05 sys=0.00, real=0.02 secs] 
2024-10-09T21:22:09.675+0300: 338.892: Total time for which application threads were stopped: 0.0263166 seconds, Stopping threads took: 0.0001381 seconds
2024-10-09T21:22:09.848+0300: 339.064: Application time: 0.1720922 seconds
2024-10-09T21:22:09.848+0300: 339.065: [GC (Allocation Failure) 2024-10-09T21:22:09.848+0300: 339.065: [ParNew: 460096K->51072K(460096K), 0.0302423 secs] 2902244K->2523526K(4143232K), 0.0303254 secs] [Times: user=0.08 sys=0.02, real=0.03 secs] 
2024-10-09T21:22:09.879+0300: 339.095: Total time for which application threads were stopped: 0.0306255 seconds, Stopping threads took: 0.0001807 seconds
2024-10-09T21:22:10.068+0300: 339.278: Application time: 0.1825685 seconds
2024-10-09T21:22:10.068+0300: 339.278: [GC (Allocation Failure) 2024-10-09T21:22:10.068+0300: 339.278: [ParNew: 460096K->51072K(460096K), 0.0231831 secs] 2932550K->2533057K(4143232K), 0.0232675 secs] [Times: user=0.02 sys=0.00, real=0.01 secs] 
2024-10-09T21:22:10.083+0300: 339.301: Total time for which application threads were stopped: 0.0235315 seconds, Stopping threads took: 0.0001383 seconds
2024-10-09T21:22:10.272+0300: 339.475: Application time: 0.1743648 seconds
2024-10-09T21:22:10.272+0300: 339.476: [GC (Allocation Failure) 2024-10-09T21:22:10.272+0300: 339.476: [ParNew: 460096K->51072K(460096K), 0.0252700 secs] 2942081K->2548276K(4143232K), 0.0253608 secs] [Times: user=0.05 sys=0.00, real=0.02 secs] 
2024-10-09T21:22:10.288+0300: 339.501: Total time for which application threads were stopped: 0.0256528 seconds, Stopping threads took: 0.0001638 seconds
2024-10-09T21:22:10.467+0300: 339.676: Application time: 0.1748205 seconds
2024-10-09T21:22:10.467+0300: 339.676: [GC (Allocation Failure) 2024-10-09T21:22:10.467+0300: 339.676: [ParNew: 460096K->51072K(460096K), 0.0272605 secs] 2957300K->2570882K(4143232K), 0.0273585 secs] [Times: user=0.02 sys=0.00, real=0.03 secs] 
2024-10-09T21:22:10.492+0300: 339.704: Total time for which application threads were stopped: 0.0276631 seconds, Stopping threads took: 0.0001719 seconds
2024-10-09T21:22:10.680+0300: 339.895: Application time: 0.1909890 seconds
2024-10-09T21:22:10.680+0300: 339.895: [GC (Allocation Failure) 2024-10-09T21:22:10.680+0300: 339.895: [ParNew: 460096K->51072K(460096K), 0.0268784 secs] 2979906K->2587277K(4143232K), 0.0269771 secs] [Times: user=0.05 sys=0.00, real=0.03 secs] 
2024-10-09T21:22:10.711+0300: 339.922: Total time for which application threads were stopped: 0.0272724 seconds, Stopping threads took: 0.0001592 seconds
2024-10-09T21:22:10.884+0300: 340.092: Application time: 0.1699822 seconds
2024-10-09T21:22:10.884+0300: 340.092: [GC (Allocation Failure) 2024-10-09T21:22:10.884+0300: 340.092: [ParNew: 460096K->51072K(460096K), 0.0326672 secs] 2996301K->2615785K(4143232K), 0.0327629 secs] [Times: user=0.06 sys=0.00, real=0.03 secs] 
2024-10-09T21:22:10.915+0300: 340.125: Total time for which application threads were stopped: 0.0330564 seconds, Stopping threads took: 0.0001518 seconds
2024-10-09T21:22:11.088+0300: 340.304: Application time: 0.1787409 seconds
2024-10-09T21:22:11.088+0300: 340.304: [GC (Allocation Failure) 2024-10-09T21:22:11.088+0300: 340.304: [ParNew: 460096K->51072K(460096K), 0.0299287 secs] 3024809K->2645278K(4143232K), 0.0300156 secs] [Times: user=0.05 sys=0.00, real=0.03 secs] 
2024-10-09T21:22:11.119+0300: 340.334: Total time for which application threads were stopped: 0.0302663 seconds, Stopping threads took: 0.0001289 seconds
2024-10-09T21:22:11.308+0300: 340.518: Application time: 0.1838886 seconds
2024-10-09T21:22:11.308+0300: 340.518: [GC (Allocation Failure) 2024-10-09T21:22:11.308+0300: 340.518: [ParNew: 460096K->51072K(460096K), 0.0253247 secs] 3054302K->2657069K(4143232K), 0.0254108 secs] [Times: user=0.09 sys=0.00, real=0.03 secs] 
2024-10-09T21:22:11.339+0300: 340.543: Total time for which application threads were stopped: 0.0256769 seconds, Stopping threads took: 0.0001423 seconds
2024-10-09T21:22:11.512+0300: 340.716: Application time: 0.1721265 seconds
2024-10-09T21:22:11.512+0300: 340.716: [GC (Allocation Failure) 2024-10-09T21:22:11.512+0300: 340.716: [ParNew: 460096K->51072K(460096K), 0.0355420 secs] 3066093K->2687109K(4143232K), 0.0356340 secs] [Times: user=0.03 sys=0.00, real=0.04 secs] 
2024-10-09T21:22:11.548+0300: 340.752: Total time for which application threads were stopped: 0.0359097 seconds, Stopping threads took: 0.0001500 seconds
2024-10-09T21:22:11.732+0300: 340.940: Application time: 0.1880138 seconds
2024-10-09T21:22:11.732+0300: 340.940: [GC (Allocation Failure) 2024-10-09T21:22:11.732+0300: 340.940: [ParNew: 460096K->49679K(460096K), 0.0279659 secs] 3096133K->2708957K(4143232K), 0.0280581 secs] [Times: user=0.08 sys=0.00, real=0.03 secs] 
2024-10-09T21:22:11.763+0300: 340.968: Total time for which application threads were stopped: 0.0283561 seconds, Stopping threads took: 0.0001630 seconds
2024-10-09T21:22:11.936+0300: 341.145: Application time: 0.1775429 seconds
2024-10-09T21:22:11.936+0300: 341.146: [GC (Allocation Failure) 2024-10-09T21:22:11.936+0300: 341.146: [ParNew: 458703K->51072K(460096K), 0.0239931 secs] 3117981K->2722365K(4143232K), 0.0240807 secs] [Times: user=0.03 sys=0.00, real=0.01 secs] 
2024-10-09T21:22:11.951+0300: 341.170: Total time for which application threads were stopped: 0.0243469 seconds, Stopping threads took: 0.0001359 seconds
2024-10-09T21:22:12.140+0300: 341.346: Application time: 0.1758536 seconds
2024-10-09T21:22:12.140+0300: 341.346: [GC (Allocation Failure) 2024-10-09T21:22:12.140+0300: 341.346: [ParNew: 460096K->51072K(460096K), 0.0323231 secs] 3131389K->2750515K(4143232K), 0.0324095 secs] [Times: user=0.05 sys=0.00, real=0.03 secs] 
2024-10-09T21:22:12.171+0300: 341.378: Total time for which application threads were stopped: 0.0326647 seconds, Stopping threads took: 0.0001340 seconds
2024-10-09T21:22:12.359+0300: 341.564: Application time: 0.1860658 seconds
2024-10-09T21:22:12.359+0300: 341.565: [GC (Allocation Failure) 2024-10-09T21:22:12.359+0300: 341.567: [ParNew: 460096K->51072K(460096K), 0.0275066 secs] 3159539K->2774186K(4143232K), 0.0297027 secs] [Times: user=0.01 sys=0.00, real=0.03 secs] 
2024-10-09T21:22:12.391+0300: 341.594: Total time for which application threads were stopped: 0.0300017 seconds, Stopping threads took: 0.0001582 seconds
2024-10-09T21:22:12.571+0300: 341.779: Application time: 0.1848902 seconds
2024-10-09T21:22:12.571+0300: 341.780: [GC (Allocation Failure) 2024-10-09T21:22:12.571+0300: 341.780: [ParNew: 460096K->51072K(460096K), 0.0236808 secs] 3183210K->2783116K(4143232K), 0.0237760 secs] [Times: user=0.16 sys=0.00, real=0.02 secs] 
2024-10-09T21:22:12.595+0300: 341.803: Total time for which application threads were stopped: 0.0240899 seconds, Stopping threads took: 0.0001662 seconds
2024-10-09T21:22:12.772+0300: 341.982: Application time: 0.1786864 seconds
2024-10-09T21:22:12.772+0300: 341.982: [GC (Allocation Failure) 2024-10-09T21:22:12.772+0300: 341.982: [ParNew: 460096K->46544K(460096K), 0.0316699 secs] 3192140K->2809590K(4143232K), 0.0317691 secs] [Times: user=0.06 sys=0.00, real=0.03 secs] 
2024-10-09T21:22:12.799+0300: 342.014: Total time for which application threads were stopped: 0.0320744 seconds, Stopping threads took: 0.0001465 seconds
2024-10-09T21:22:12.987+0300: 342.197: Application time: 0.1827120 seconds
2024-10-09T21:22:12.987+0300: 342.197: [GC (Allocation Failure) 2024-10-09T21:22:12.987+0300: 342.197: [ParNew: 455568K->51072K(460096K), 0.0251594 secs] 3218614K->2828602K(4143232K), 0.0252455 secs] [Times: user=0.03 sys=0.00, real=0.03 secs] 
2024-10-09T21:22:13.019+0300: 342.222: Total time for which application threads were stopped: 0.0255382 seconds, Stopping threads took: 0.0001662 seconds
2024-10-09T21:22:13.191+0300: 342.400: Application time: 0.1773148 seconds
2024-10-09T21:22:13.191+0300: 342.400: [GC (Allocation Failure) 2024-10-09T21:22:13.191+0300: 342.400: [ParNew: 460096K->51072K(460096K), 0.0246544 secs] 3237626K->2840749K(4143232K), 0.0247407 secs] [Times: user=0.03 sys=0.00, real=0.02 secs] 
2024-10-09T21:22:13.207+0300: 342.425: Total time for which application threads were stopped: 0.0250086 seconds, Stopping threads took: 0.0001438 seconds
2024-10-09T21:22:13.395+0300: 342.603: Application time: 0.1786603 seconds
2024-10-09T21:22:13.395+0300: 342.604: [GC (Allocation Failure) 2024-10-09T21:22:13.395+0300: 342.604: [ParNew: 460096K->46201K(460096K), 0.0290499 secs] 3249773K->2864227K(4143232K), 0.0291391 secs] [Times: user=0.03 sys=0.00, real=0.03 secs] 
2024-10-09T21:22:13.427+0300: 342.633: Total time for which application threads were stopped: 0.0293891 seconds, Stopping threads took: 0.0001309 seconds
2024-10-09T21:22:13.615+0300: 342.825: Application time: 0.1920161 seconds
2024-10-09T21:22:13.615+0300: 342.825: [GC (Allocation Failure) 2024-10-09T21:22:13.615+0300: 342.825: [ParNew: 455225K->47532K(460096K), 0.0238823 secs] 3273251K->2879103K(4143232K), 0.0239847 secs] [Times: user=0.05 sys=0.00, real=0.03 secs] 
2024-10-09T21:22:13.646+0300: 342.849: Total time for which application threads were stopped: 0.0242858 seconds, Stopping threads took: 0.0001451 seconds
2024-10-09T21:22:13.819+0300: 343.026: Application time: 0.1772447 seconds
2024-10-09T21:22:13.819+0300: 343.027: [GC (Allocation Failure) 2024-10-09T21:22:13.819+0300: 343.027: [ParNew: 456556K->51072K(460096K), 0.0238540 secs] 3288127K->2894867K(4143232K), 0.0239427 secs] [Times: user=0.03 sys=0.00, real=0.02 secs] 
2024-10-09T21:22:13.834+0300: 343.051: Total time for which application threads were stopped: 0.0242181 seconds, Stopping threads took: 0.0001536 seconds
2024-10-09T21:22:14.023+0300: 343.230: Application time: 0.1795383 seconds
2024-10-09T21:22:14.023+0300: 343.230: [GC (Allocation Failure) 2024-10-09T21:22:14.023+0300: 343.230: [ParNew: 460096K->45619K(460096K), 0.0298029 secs] 3303891K->2917437K(4143232K), 0.0299066 secs] [Times: user=0.08 sys=0.00, real=0.03 secs] 
2024-10-09T21:22:14.054+0300: 343.260: Total time for which application threads were stopped: 0.0302861 seconds, Stopping threads took: 0.0002472 seconds
2024-10-09T21:22:14.242+0300: 343.453: Application time: 0.1922075 seconds
2024-10-09T21:22:14.242+0300: 343.453: [GC (Allocation Failure) 2024-10-09T21:22:14.242+0300: 343.453: [ParNew: 454643K->51072K(460096K), 0.0266789 secs] 3326461K->2940493K(4143232K), 0.0267689 secs] [Times: user=0.05 sys=0.00, real=0.03 secs] 
2024-10-09T21:22:14.275+0300: 343.480: Total time for which application threads were stopped: 0.0270371 seconds, Stopping threads took: 0.0001443 seconds
2024-10-09T21:22:14.447+0300: 343.657: Application time: 0.1776860 seconds
2024-10-09T21:22:14.447+0300: 343.658: [GC (Allocation Failure) 2024-10-09T21:22:14.447+0300: 343.658: [ParNew: 460096K->51072K(460096K), 0.0232707 secs] 3349517K->2947981K(4143232K), 0.0233601 secs] [Times: user=0.03 sys=0.00, real=0.03 secs] 
2024-10-09T21:22:14.476+0300: 343.681: Total time for which application threads were stopped: 0.0236603 seconds, Stopping threads took: 0.0001767 seconds
2024-10-09T21:22:14.651+0300: 343.859: Application time: 0.1783183 seconds
2024-10-09T21:22:14.651+0300: 343.860: [GC (Allocation Failure) 2024-10-09T21:22:14.651+0300: 343.860: [ParNew: 460096K->43108K(460096K), 0.0295734 secs] 3357005K->2972508K(4143232K), 0.0296591 secs] [Times: user=0.05 sys=0.00, real=0.04 secs] 
2024-10-09T21:22:14.686+0300: 343.889: Total time for which application threads were stopped: 0.0299179 seconds, Stopping threads took: 0.0001388 seconds
2024-10-09T21:22:14.877+0300: 344.083: Application time: 0.1941982 seconds
2024-10-09T21:22:14.877+0300: 344.084: [GC (Allocation Failure) 2024-10-09T21:22:14.877+0300: 344.084: [ParNew: 452132K->51072K(460096K), 0.0217040 secs] 3381532K->2982970K(4143232K), 0.0217856 secs] [Times: user=0.05 sys=0.00, real=0.02 secs] 
2024-10-09T21:22:14.901+0300: 344.105: Total time for which application threads were stopped: 0.0220243 seconds, Stopping threads took: 0.0001189 seconds
2024-10-09T21:22:15.077+0300: 344.291: Application time: 0.1859821 seconds
2024-10-09T21:22:15.077+0300: 344.292: [GC (Allocation Failure) 2024-10-09T21:22:15.077+0300: 344.292: [ParNew: 460096K->51072K(460096K), 0.0327154 secs] 3391994K->3004439K(4143232K), 0.0328130 secs] [Times: user=0.09 sys=0.00, real=0.04 secs] 
2024-10-09T21:22:15.121+0300: 344.325: Total time for which application threads were stopped: 0.0330922 seconds, Stopping threads took: 0.0001456 seconds
2024-10-09T21:22:15.277+0300: 344.484: Application time: 0.1597607 seconds
2024-10-09T21:22:15.277+0300: 344.485: [GC (Allocation Failure) 2024-10-09T21:22:15.277+0300: 344.485: [ParNew: 460096K->45519K(460096K), 0.0334881 secs] 3413463K->3037480K(4143232K), 0.0335851 secs] [Times: user=0.03 sys=0.00, real=0.03 secs] 
2024-10-09T21:22:15.309+0300: 344.518: Total time for which application threads were stopped: 0.0338664 seconds, Stopping threads took: 0.0001402 seconds
2024-10-09T21:22:15.497+0300: 344.715: Application time: 0.1963969 seconds
2024-10-09T21:22:15.497+0300: 344.715: [GC (Allocation Failure) 2024-10-09T21:22:15.497+0300: 344.715: [ParNew: 454543K->51072K(460096K), 0.0233965 secs] 3446504K->3046729K(4143232K), 0.0234840 secs] [Times: user=0.06 sys=0.00, real=0.03 secs] 
2024-10-09T21:22:15.528+0300: 344.738: Total time for which application threads were stopped: 0.0237391 seconds, Stopping threads took: 0.0001315 seconds
2024-10-09T21:22:15.717+0300: 344.932: Application time: 0.1934509 seconds
2024-10-09T21:22:15.717+0300: 344.932: [GC (Allocation Failure) 2024-10-09T21:22:15.717+0300: 344.932: [ParNew: 460096K->51072K(460096K), 0.0361440 secs] 3455753K->3074817K(4143232K), 0.0362426 secs] [Times: user=0.11 sys=0.00, real=0.05 secs] 
2024-10-09T21:22:15.764+0300: 344.968: Total time for which application threads were stopped: 0.0365293 seconds, Stopping threads took: 0.0001371 seconds
2024-10-09T21:22:15.921+0300: 345.134: Application time: 0.1658830 seconds
2024-10-09T21:22:15.921+0300: 345.134: [GC (Allocation Failure) 2024-10-09T21:22:15.921+0300: 345.134: [ParNew: 460096K->51072K(460096K), 0.0351901 secs] 3483841K->3116642K(4143232K), 0.0352730 secs] [Times: user=0.03 sys=0.00, real=0.03 secs] 
2024-10-09T21:22:15.952+0300: 345.170: Total time for which application threads were stopped: 0.0355695 seconds, Stopping threads took: 0.0001749 seconds
2024-10-09T21:22:16.140+0300: 345.359: Application time: 0.1892062 seconds
2024-10-09T21:22:16.156+0300: 345.359: [GC (Allocation Failure) 2024-10-09T21:22:16.156+0300: 345.359: [ParNew: 460096K->51072K(460096K), 0.0209768 secs] 3525666K->3118251K(4143232K), 0.0210589 secs] [Times: user=0.02 sys=0.00, real=0.02 secs] 
2024-10-09T21:22:16.172+0300: 345.380: Total time for which application threads were stopped: 0.0213615 seconds, Stopping threads took: 0.0001642 seconds
2024-10-09T21:22:16.360+0300: 345.564: Application time: 0.1835737 seconds
2024-10-09T21:22:16.360+0300: 345.564: [GC (Allocation Failure) 2024-10-09T21:22:16.360+0300: 345.564: [ParNew: 460096K->51072K(460096K), 0.0292132 secs] 3527275K->3136753K(4143232K), 0.0293068 secs] [Times: user=0.05 sys=0.00, real=0.02 secs] 
2024-10-09T21:22:16.380+0300: 345.593: Total time for which application threads were stopped: 0.0295538 seconds, Stopping threads took: 0.0001187 seconds
2024-10-09T21:22:16.564+0300: 345.768: Application time: 0.1742838 seconds
2024-10-09T21:22:16.564+0300: 345.768: [GC (Allocation Failure) 2024-10-09T21:22:16.564+0300: 345.768: [ParNew: 460096K->51012K(460096K), 0.0293096 secs] 3545777K->3162766K(4143232K), 0.0294019 secs] [Times: user=0.05 sys=0.00, real=0.02 secs] 
2024-10-09T21:22:16.581+0300: 345.797: Total time for which application threads were stopped: 0.0297145 seconds, Stopping threads took: 0.0001827 seconds
2024-10-09T21:22:16.781+0300: 345.986: Application time: 0.1884695 seconds
2024-10-09T21:22:16.781+0300: 345.986: [GC (Allocation Failure) 2024-10-09T21:22:16.781+0300: 345.986: [ParNew: 460036K->46024K(460096K), 0.0247461 secs] 3571790K->3170177K(4143232K), 0.0248500 secs] [Times: user=0.05 sys=0.00, real=0.02 secs] 
2024-10-09T21:22:16.800+0300: 346.011: Total time for which application threads were stopped: 0.0251482 seconds, Stopping threads took: 0.0001584 seconds
2024-10-09T21:22:16.988+0300: 346.199: Application time: 0.1876333 seconds
2024-10-09T21:22:16.988+0300: 346.199: [GC (Allocation Failure) 2024-10-09T21:22:16.988+0300: 346.199: [ParNew: 455048K->51072K(460096K), 0.0283971 secs] 3579201K->3196165K(4143232K), 0.0284861 secs] [Times: user=0.06 sys=0.00, real=0.03 secs] 
2024-10-09T21:22:17.020+0300: 346.227: Total time for which application threads were stopped: 0.0287441 seconds, Stopping threads took: 0.0001320 seconds
2024-10-09T21:22:17.192+0300: 346.400: Application time: 0.1725849 seconds
2024-10-09T21:22:17.192+0300: 346.400: [GC (Allocation Failure) 2024-10-09T21:22:17.192+0300: 346.400: [ParNew: 460096K->51072K(460096K), 0.0292145 secs] 3605189K->3223464K(4143232K), 0.0292982 secs] [Times: user=0.01 sys=0.00, real=0.03 secs] 
2024-10-09T21:22:17.224+0300: 346.430: Total time for which application threads were stopped: 0.0295798 seconds, Stopping threads took: 0.0001613 seconds
2024-10-09T21:22:17.397+0300: 346.615: Application time: 0.1850433 seconds
2024-10-09T21:22:17.397+0300: 346.615: [GC (Allocation Failure) 2024-10-09T21:22:17.397+0300: 346.615: [ParNew: 460096K->51072K(460096K), 0.0247265 secs] 3632488K->3239852K(4143232K), 0.0248171 secs] [Times: user=0.03 sys=0.00, real=0.03 secs] 
2024-10-09T21:22:17.428+0300: 346.640: Total time for which application threads were stopped: 0.0251037 seconds, Stopping threads took: 0.0001617 seconds
2024-10-09T21:22:17.616+0300: 346.829: Application time: 0.1895594 seconds
2024-10-09T21:22:17.616+0300: 346.830: [GC (Allocation Failure) 2024-10-09T21:22:17.616+0300: 346.830: [ParNew: 460096K->51072K(460096K), 0.0258560 secs] 3648876K->3258636K(4143232K), 0.0259478 secs] [Times: user=0.03 sys=0.00, real=0.03 secs] 
2024-10-09T21:22:17.648+0300: 346.856: Total time for which application threads were stopped: 0.0262743 seconds, Stopping threads took: 0.0001974 seconds
2024-10-09T21:22:17.820+0300: 347.033: Application time: 0.1774486 seconds
2024-10-09T21:22:17.820+0300: 347.033: [GC (Allocation Failure) 2024-10-09T21:22:17.820+0300: 347.036: [ParNew: 460096K->51072K(460096K), 0.0273555 secs] 3667660K->3277718K(4143232K), 0.0296326 secs] [Times: user=0.03 sys=0.00, real=0.03 secs] 
2024-10-09T21:22:17.852+0300: 347.063: Total time for which application threads were stopped: 0.0299258 seconds, Stopping threads took: 0.0001774 seconds
2024-10-09T21:22:18.040+0300: 347.246: Application time: 0.1826762 seconds
2024-10-09T21:22:18.040+0300: 347.246: [GC (Allocation Failure) 2024-10-09T21:22:18.040+0300: 347.246: [ParNew: 460096K->51072K(460096K), 0.0289558 secs] 3686742K->3302070K(4143232K), 0.0290391 secs] [Times: user=0.02 sys=0.00, real=0.03 secs] 
2024-10-09T21:22:18.071+0300: 347.275: Total time for which application threads were stopped: 0.0292955 seconds, Stopping threads took: 0.0001369 seconds
2024-10-09T21:22:18.244+0300: 347.454: Application time: 0.1785912 seconds
2024-10-09T21:22:18.244+0300: 347.454: [GC (Allocation Failure) 2024-10-09T21:22:18.244+0300: 347.454: [ParNew: 460096K->51072K(460096K), 0.0264578 secs] 3711094K->3318113K(4143232K), 0.0265476 secs] [Times: user=0.02 sys=0.00, real=0.03 secs] 
2024-10-09T21:22:18.275+0300: 347.480: Total time for which application threads were stopped: 0.0268054 seconds, Stopping threads took: 0.0001353 seconds
2024-10-09T21:22:18.432+0300: 347.651: Application time: 0.1706232 seconds
2024-10-09T21:22:18.448+0300: 347.651: [GC (Allocation Failure) 2024-10-09T21:22:18.448+0300: 347.651: [ParNew: 460096K->51072K(460096K), 0.0321665 secs] 3727137K->3348401K(4143232K), 0.0322583 secs] [Times: user=0.03 sys=0.00, real=0.03 secs] 
2024-10-09T21:22:18.479+0300: 347.684: Total time for which application threads were stopped: 0.0326170 seconds, Stopping threads took: 0.0002200 seconds
2024-10-09T21:22:18.652+0300: 347.871: Application time: 0.1870255 seconds
2024-10-09T21:22:18.668+0300: 347.871: [GC (Allocation Failure) 2024-10-09T21:22:18.668+0300: 347.871: [ParNew: 460096K->50726K(460096K), 0.0269512 secs] 3757425K->3372889K(4143232K), 0.0270563 secs] [Times: user=0.05 sys=0.00, real=0.02 secs] 
2024-10-09T21:22:18.685+0300: 347.898: Total time for which application threads were stopped: 0.0274596 seconds, Stopping threads took: 0.0002529 seconds
2024-10-09T21:22:18.872+0300: 348.080: Application time: 0.1823523 seconds
2024-10-09T21:22:18.872+0300: 348.081: [GC (Allocation Failure) 2024-10-09T21:22:18.872+0300: 348.081: [ParNew: 459750K->51072K(460096K), 0.0262024 secs] 3781913K->3384046K(4143232K), 0.0262796 secs] [Times: user=0.05 sys=0.00, real=0.03 secs] 
2024-10-09T21:22:18.903+0300: 348.107: Total time for which application threads were stopped: 0.0265563 seconds, Stopping threads took: 0.0001346 seconds
2024-10-09T21:22:19.076+0300: 348.283: Application time: 0.1760476 seconds
2024-10-09T21:22:19.076+0300: 348.283: [GC (Allocation Failure) 2024-10-09T21:22:19.076+0300: 348.283: [ParNew: 460096K->51072K(460096K), 0.0244090 secs] 3793070K->3398413K(4143232K), 0.0245038 secs] [Times: user=0.06 sys=0.00, real=0.03 secs] 
2024-10-09T21:22:19.105+0300: 348.308: Total time for which application threads were stopped: 0.0248958 seconds, Stopping threads took: 0.0002417 seconds
2024-10-09T21:22:19.286+0300: 348.494: Application time: 0.1859306 seconds
2024-10-09T21:22:19.286+0300: 348.494: [GC (Allocation Failure) 2024-10-09T21:22:19.286+0300: 348.494: [ParNew: 460096K->48351K(460096K), 0.0278445 secs] 3807437K->3416963K(4143232K), 0.0279419 secs] [Times: user=0.14 sys=0.00, real=0.03 secs] 
2024-10-09T21:22:19.311+0300: 348.522: Total time for which application threads were stopped: 0.0282433 seconds, Stopping threads took: 0.0001522 seconds
2024-10-09T21:22:19.500+0300: 348.715: Application time: 0.1926589 seconds
2024-10-09T21:22:19.500+0300: 348.715: [GC (Allocation Failure) 2024-10-09T21:22:19.500+0300: 348.715: [ParNew: 457375K->51072K(460096K), 0.0253990 secs] 3825987K->3430144K(4143232K), 0.0254872 secs] [Times: user=0.12 sys=0.00, real=0.03 secs] 
2024-10-09T21:22:19.531+0300: 348.741: Total time for which application threads were stopped: 0.0258767 seconds, Stopping threads took: 0.0002542 seconds
2024-10-09T21:22:19.704+0300: 348.921: Application time: 0.1801819 seconds
2024-10-09T21:22:19.704+0300: 348.921: [GC (Allocation Failure) 2024-10-09T21:22:19.704+0300: 348.921: [ParNew: 460096K->51072K(460096K), 0.0381921 secs] 3839168K->3459696K(4143232K), 0.0382761 secs] [Times: user=0.17 sys=0.02, real=0.05 secs] 
2024-10-09T21:22:19.751+0300: 348.959: Total time for which application threads were stopped: 0.0385463 seconds, Stopping threads took: 0.0001462 seconds
2024-10-09T21:22:19.751+0300: 348.960: Application time: 0.0000922 seconds
2024-10-09T21:22:19.751+0300: 348.960: [GC (CMS Initial Mark) [1 CMS-initial-mark: 3408624K(3683136K)] 3465140K(4143232K), 0.0044993 secs] [Times: user=0.00 sys=0.00, real=0.00 secs] 
2024-10-09T21:22:19.751+0300: 348.964: Total time for which application threads were stopped: 0.0047077 seconds, Stopping threads took: 0.0000868 seconds
2024-10-09T21:22:19.751+0300: 348.964: [CMS-concurrent-mark-start]
2024-10-09T21:22:19.766+0300: 348.978: [CMS-concurrent-mark: 0.013/0.013 secs] [Times: user=0.02 sys=0.00, real=0.02 secs] 
2024-10-09T21:22:19.766+0300: 348.978: [CMS-concurrent-preclean-start]
2024-10-09T21:22:19.766+0300: 348.982: [CMS-concurrent-preclean: 0.004/0.004 secs] [Times: user=0.00 sys=0.00, real=0.00 secs] 
2024-10-09T21:22:19.766+0300: 348.982: [CMS-concurrent-abortable-preclean-start]
2024-10-09T21:22:19.955+0300: 349.166: Application time: 0.2020238 seconds
2024-10-09T21:22:19.955+0300: 349.167: [GC (Allocation Failure) 2024-10-09T21:22:19.964+0300: 349.167: [ParNew: 460096K->51072K(460096K), 0.0303075 secs] 3868720K->3479080K(4143232K), 0.0304033 secs] [Times: user=0.16 sys=0.02, real=0.03 secs] 
2024-10-09T21:22:19.988+0300: 349.197: Total time for which application threads were stopped: 0.0308099 seconds, Stopping threads took: 0.0002876 seconds
2024-10-09T21:22:20.002+0300: 349.213: [CMS-concurrent-abortable-preclean: 0.200/0.231 secs] [Times: user=1.31 sys=0.02, real=0.24 secs] 
2024-10-09T21:22:20.002+0300: 349.213: Application time: 0.0162215 seconds
2024-10-09T21:22:20.002+0300: 349.214: [GC (CMS Final Remark) [YG occupancy: 71103 K (460096 K)]2024-10-09T21:22:20.002+0300: 349.214: [Rescan (parallel) , 0.0065484 secs]2024-10-09T21:22:20.002+0300: 349.220: [weak refs processing, 0.0000213 secs]2024-10-09T21:22:20.002+0300: 349.220: [class unloading, 0.0021222 secs]2024-10-09T21:22:20.018+0300: 349.222: [scrub symbol table, 0.0007403 secs]2024-10-09T21:22:20.018+0300: 349.223: [scrub string table, 0.0002019 secs][1 CMS-remark: 3428008K(3683136K)] 3499112K(4143232K), 0.0097474 secs] [Times: user=0.00 sys=0.00, real=0.02 secs] 
2024-10-09T21:22:20.018+0300: 349.223: Total time for which application threads were stopped: 0.0100177 seconds, Stopping threads took: 0.0001699 seconds
2024-10-09T21:22:20.018+0300: 349.223: [CMS-concurrent-sweep-start]
2024-10-09T21:22:20.222+0300: 349.428: Application time: 0.2051642 seconds
2024-10-09T21:22:20.222+0300: 349.429: [GC (Allocation Failure) 2024-10-09T21:22:20.222+0300: 349.429: [ParNew: 460096K->49573K(460096K), 0.0265077 secs] 3487235K->3097201K(4143232K), 0.0266231 secs] [Times: user=0.12 sys=0.00, real=0.02 secs] 
2024-10-09T21:22:20.237+0300: 349.455: Total time for which application threads were stopped: 0.0268989 seconds, Stopping threads took: 0.0001214 seconds
2024-10-09T21:22:20.472+0300: 349.682: Application time: 0.2266283 seconds
2024-10-09T21:22:20.472+0300: 349.682: [GC (Allocation Failure) 2024-10-09T21:22:20.472+0300: 349.682: [ParNew: 458597K->51072K(460096K), 0.0261466 secs] 3058485K->2664743K(4143232K), 0.0262337 secs] [Times: user=0.17 sys=0.00, real=0.03 secs] 
2024-10-09T21:22:20.504+0300: 349.709: Total time for which application threads were stopped: 0.0265348 seconds, Stopping threads took: 0.0001607 seconds
2024-10-09T21:22:20.708+0300: 349.924: Application time: 0.2158110 seconds
2024-10-09T21:22:20.708+0300: 349.925: [GC (Allocation Failure) 2024-10-09T21:22:20.708+0300: 349.925: [ParNew: 460096K->51072K(460096K), 0.0277939 secs] 2658167K->2266207K(4143232K), 0.0278856 secs] [Times: user=0.17 sys=0.00, real=0.03 secs] 
2024-10-09T21:22:20.739+0300: 349.953: Total time for which application threads were stopped: 0.0281841 seconds, Stopping threads took: 0.0001520 seconds
2024-10-09T21:22:20.959+0300: 350.164: Application time: 0.2117982 seconds
2024-10-09T21:22:20.959+0300: 350.165: [GC (Allocation Failure) 2024-10-09T21:22:20.959+0300: 350.165: [ParNew: 460096K->51072K(460096K), 0.0235839 secs] 2271236K->1877600K(4143232K), 0.0236767 secs] [Times: user=0.09 sys=0.00, real=0.02 secs] 
2024-10-09T21:22:20.975+0300: 350.188: Total time for which application threads were stopped: 0.0239777 seconds, Stopping threads took: 0.0001640 seconds
2024-10-09T21:22:21.178+0300: 350.392: Application time: 0.2040805 seconds
2024-10-09T21:22:21.178+0300: 350.393: [GC (Allocation Failure) 2024-10-09T21:22:21.178+0300: 350.393: [ParNew: 460096K->51072K(460096K), 0.0238430 secs] 1904506K->1509645K(4143232K), 0.0239422 secs] [Times: user=0.12 sys=0.00, real=0.03 secs] 
2024-10-09T21:22:21.210+0300: 350.417: Total time for which application threads were stopped: 0.0242995 seconds, Stopping threads took: 0.0001935 seconds
2024-10-09T21:22:21.430+0300: 350.640: Application time: 0.2229631 seconds
2024-10-09T21:22:21.430+0300: 350.640: [GC (Allocation Failure) 2024-10-09T21:22:21.430+0300: 350.640: [ParNew: 460096K->51072K(460096K), 0.0268424 secs] 1499974K->1111235K(4143232K), 0.0269308 secs] [Times: user=0.12 sys=0.00, real=0.03 secs] 
2024-10-09T21:22:21.461+0300: 350.667: Total time for which application threads were stopped: 0.0273145 seconds, Stopping threads took: 0.0002275 seconds
2024-10-09T21:22:21.680+0300: 350.884: Application time: 0.2167307 seconds
2024-10-09T21:22:21.680+0300: 350.884: [GC (Allocation Failure) 2024-10-09T21:22:21.680+0300: 350.884: [ParNew: 460096K->51072K(460096K), 0.0251305 secs] 1118169K->722952K(4143232K), 0.0252357 secs] [Times: user=0.17 sys=0.00, real=0.02 secs] 
2024-10-09T21:22:21.697+0300: 350.909: Total time for which application threads were stopped: 0.0257719 seconds, Stopping threads took: 0.0003720 seconds
2024-10-09T21:22:21.916+0300: 351.128: Application time: 0.2182624 seconds
2024-10-09T21:22:21.916+0300: 351.128: [GC (Allocation Failure) 2024-10-09T21:22:21.916+0300: 351.128: [ParNew: 460096K->44959K(460096K), 0.0300100 secs] 720867K->334493K(4143232K), 0.0301126 secs] [Times: user=0.17 sys=0.00, real=0.03 secs] 
2024-10-09T21:22:21.948+0300: 351.158: Total time for which application threads were stopped: 0.0304180 seconds, Stopping threads took: 0.0001507 seconds
2024-10-09T21:22:22.010+0300: 351.219: [CMS-concurrent-sweep: 1.782/1.995 secs] [Times: user=11.26 sys=0.09, real=1.99 secs] 
2024-10-09T21:22:22.010+0300: 351.219: [CMS-concurrent-reset-start]
2024-10-09T21:22:22.010+0300: 351.227: [CMS-concurrent-reset: 0.008/0.008 secs] [Times: user=0.06 sys=0.00, real=0.00 secs] 
2024-10-09T21:22:22.152+0300: 351.356: Application time: 0.1973898 seconds
2024-10-09T21:22:22.152+0300: 351.356: [GC (Allocation Failure) 2024-10-09T21:22:22.152+0300: 351.356: [ParNew: 453983K->51072K(460096K), 0.0232265 secs] 643727K->250804K(4143232K), 0.0233099 secs] [Times: user=0.12 sys=0.00, real=0.02 secs] 
2024-10-09T21:22:22.167+0300: 351.379: Total time for which application threads were stopped: 0.0235504 seconds, Stopping threads took: 0.0001215 seconds
2024-10-09T21:22:22.340+0300: 351.545: Application time: 0.1657855 seconds
2024-10-09T21:22:22.340+0300: 351.545: [GC (Allocation Failure) 2024-10-09T21:22:22.340+0300: 351.545: [ParNew: 460096K->51072K(460096K), 0.0242878 secs] 659828K->264527K(4143232K), 0.0243753 secs] [Times: user=0.09 sys=0.00, real=0.02 secs] 
2024-10-09T21:22:22.356+0300: 351.570: Total time for which application threads were stopped: 0.0246371 seconds, Stopping threads took: 0.0001216 seconds
2024-10-09T21:22:22.544+0300: 351.756: Application time: 0.1860943 seconds
2024-10-09T21:22:22.544+0300: 351.756: [GC (Allocation Failure) 2024-10-09T21:22:22.544+0300: 351.756: [ParNew: 460096K->50142K(460096K), 0.0283603 secs] 673551K->289421K(4143232K), 0.0284558 secs] [Times: user=0.19 sys=0.00, real=0.03 secs] 
2024-10-09T21:22:22.575+0300: 351.784: Total time for which application threads were stopped: 0.0287161 seconds, Stopping threads took: 0.0001254 seconds
2024-10-09T21:22:22.763+0300: 351.970: Application time: 0.1854704 seconds
2024-10-09T21:22:22.763+0300: 351.970: [GC (Allocation Failure) 2024-10-09T21:22:22.763+0300: 351.970: [ParNew: 459166K->51072K(460096K), 0.0238238 secs] 698445K->305341K(4143232K), 0.0239091 secs] [Times: user=0.02 sys=0.00, real=0.02 secs] 
2024-10-09T21:22:22.779+0300: 351.994: Total time for which application threads were stopped: 0.0241577 seconds, Stopping threads took: 0.0001333 seconds
2024-10-09T21:22:22.951+0300: 352.162: Application time: 0.1679228 seconds
2024-10-09T21:22:22.951+0300: 352.162: [GC (Allocation Failure) 2024-10-09T21:22:22.951+0300: 352.162: [ParNew: 460096K->51072K(460096K), 0.0239553 secs] 714365K->319470K(4143232K), 0.0240459 secs] [Times: user=0.03 sys=0.00, real=0.03 secs] 
2024-10-09T21:22:22.983+0300: 352.186: Total time for which application threads were stopped: 0.0243420 seconds, Stopping threads took: 0.0001687 seconds
2024-10-09T21:22:23.155+0300: 352.367: Application time: 0.1809184 seconds
2024-10-09T21:22:23.155+0300: 352.367: [GC (Allocation Failure) 2024-10-09T21:22:23.155+0300: 352.367: [ParNew: 460096K->51072K(460096K), 0.0308776 secs] 728494K->351151K(4143232K), 0.0309626 secs] [Times: user=0.03 sys=0.00, real=0.03 secs] 
2024-10-09T21:22:23.187+0300: 352.398: Total time for which application threads were stopped: 0.0312257 seconds, Stopping threads took: 0.0001424 seconds
2024-10-09T21:22:23.360+0300: 352.577: Application time: 0.1784744 seconds
2024-10-09T21:22:23.360+0300: 352.577: [GC (Allocation Failure) 2024-10-09T21:22:23.360+0300: 352.577: [ParNew: 460096K->51072K(460096K), 0.0265062 secs] 760175K->368481K(4143232K), 0.0266079 secs] [Times: user=0.06 sys=0.00, real=0.04 secs] 
2024-10-09T21:22:23.396+0300: 352.604: Total time for which application threads were stopped: 0.0269364 seconds, Stopping threads took: 0.0001785 seconds
2024-10-09T21:22:23.580+0300: 352.791: Application time: 0.1873664 seconds
2024-10-09T21:22:23.580+0300: 352.791: [GC (Allocation Failure) 2024-10-09T21:22:23.580+0300: 352.791: [ParNew: 460096K->51072K(460096K), 0.0288693 secs] 777505K->393651K(4143232K), 0.0289581 secs] [Times: user=0.03 sys=0.00, real=0.03 secs] 
2024-10-09T21:22:23.611+0300: 352.820: Total time for which application threads were stopped: 0.0292368 seconds, Stopping threads took: 0.0001494 seconds
2024-10-09T21:22:23.800+0300: 353.009: Application time: 0.1886783 seconds
2024-10-09T21:22:23.800+0300: 353.009: [GC (Allocation Failure) 2024-10-09T21:22:23.800+0300: 353.009: [ParNew: 460096K->51072K(460096K), 0.0248263 secs] 802675K->413363K(4143232K), 0.0249160 secs] [Times: user=0.03 sys=0.00, real=0.03 secs] 
2024-10-09T21:22:23.831+0300: 353.034: Total time for which application threads were stopped: 0.0251513 seconds, Stopping threads took: 0.0001149 seconds
2024-10-09T21:22:24.004+0300: 353.213: Application time: 0.1788505 seconds
2024-10-09T21:22:24.004+0300: 353.213: [GC (Allocation Failure) 2024-10-09T21:22:24.004+0300: 353.213: [ParNew: 460096K->51072K(460096K), 0.0235465 secs] 822387K->424106K(4143232K), 0.0236371 secs] [Times: user=0.02 sys=0.00, real=0.02 secs] 
2024-10-09T21:22:24.019+0300: 353.237: Total time for which application threads were stopped: 0.0238842 seconds, Stopping threads took: 0.0001261 seconds
2024-10-09T21:22:24.207+0300: 353.416: Application time: 0.1790092 seconds
2024-10-09T21:22:24.207+0300: 353.416: [GC (Allocation Failure) 2024-10-09T21:22:24.207+0300: 353.416: [ParNew: 460096K->51072K(460096K), 0.0250144 secs] 833130K->443303K(4143232K), 0.0251081 secs] [Times: user=0.02 sys=0.00, real=0.02 secs] 
2024-10-09T21:22:24.223+0300: 353.441: Total time for which application threads were stopped: 0.0254196 seconds, Stopping threads took: 0.0001799 seconds
2024-10-09T21:22:24.411+0300: 353.623: Application time: 0.1819265 seconds
2024-10-09T21:22:24.411+0300: 353.624: [GC (Allocation Failure) 2024-10-09T21:22:24.411+0300: 353.624: [ParNew: 460096K->51072K(460096K), 0.0244128 secs] 852327K->462034K(4143232K), 0.0245007 secs] [Times: user=0.03 sys=0.00, real=0.03 secs] 
2024-10-09T21:22:24.443+0300: 353.648: Total time for which application threads were stopped: 0.0247964 seconds, Stopping threads took: 0.0001582 seconds
2024-10-09T21:22:24.615+0300: 353.833: Application time: 0.1853110 seconds
2024-10-09T21:22:24.615+0300: 353.834: [GC (Allocation Failure) 2024-10-09T21:22:24.615+0300: 353.834: [ParNew: 460096K->51072K(460096K), 0.0287087 secs] 871058K->478492K(4143232K), 0.0287919 secs] [Times: user=0.06 sys=0.00, real=0.03 secs] 
2024-10-09T21:22:24.647+0300: 353.863: Total time for which application threads were stopped: 0.0291322 seconds, Stopping threads took: 0.0001872 seconds
2024-10-09T21:22:24.819+0300: 354.035: Application time: 0.1721158 seconds
2024-10-09T21:22:24.819+0300: 354.035: [GC (Allocation Failure) 2024-10-09T21:22:24.819+0300: 354.035: [ParNew: 460096K->49819K(460096K), 0.0288323 secs] 887516K->504290K(4143232K), 0.0289190 secs] [Times: user=0.03 sys=0.00, real=0.03 secs] 
2024-10-09T21:22:24.851+0300: 354.064: Total time for which application threads were stopped: 0.0292350 seconds, Stopping threads took: 0.0001966 seconds
2024-10-09T21:22:25.039+0300: 354.247: Application time: 0.1831216 seconds
2024-10-09T21:22:25.039+0300: 354.247: [GC (Allocation Failure) 2024-10-09T21:22:25.039+0300: 354.247: [ParNew: 458843K->51072K(460096K), 0.0245982 secs] 913314K->520934K(4143232K), 0.0246858 secs] [Times: user=0.03 sys=0.00, real=0.02 secs] 
2024-10-09T21:22:25.055+0300: 354.272: Total time for which application threads were stopped: 0.0249681 seconds, Stopping threads took: 0.0001652 seconds
2024-10-09T21:22:25.243+0300: 354.452: Application time: 0.1796701 seconds
2024-10-09T21:22:25.243+0300: 354.452: [GC (Allocation Failure) 2024-10-09T21:22:25.243+0300: 354.452: [ParNew: 460096K->51072K(460096K), 0.0299612 secs] 929958K->545713K(4143232K), 0.0300489 secs] [Times: user=0.03 sys=0.00, real=0.03 secs] 
2024-10-09T21:22:25.274+0300: 354.482: Total time for which application threads were stopped: 0.0303082 seconds, Stopping threads took: 0.0001400 seconds
2024-10-09T21:22:25.447+0300: 354.658: Application time: 0.1761156 seconds
2024-10-09T21:22:25.447+0300: 354.658: [GC (Allocation Failure) 2024-10-09T21:22:25.447+0300: 354.658: [ParNew: 460096K->51072K(460096K), 0.0254102 secs] 954737K->564574K(4143232K), 0.0255004 secs] [Times: user=0.01 sys=0.00, real=0.03 secs] 
2024-10-09T21:22:25.479+0300: 354.684: Total time for which application threads were stopped: 0.0257844 seconds, Stopping threads took: 0.0001351 seconds
2024-10-09T21:22:25.667+0300: 354.870: Application time: 0.1860957 seconds
2024-10-09T21:22:25.667+0300: 354.870: [GC (Allocation Failure) 2024-10-09T21:22:25.667+0300: 354.870: [ParNew: 460096K->51072K(460096K), 0.0278979 secs] 973598K->590111K(4143232K), 0.0279931 secs] [Times: user=0.01 sys=0.00, real=0.02 secs] 
2024-10-09T21:22:25.683+0300: 354.898: Total time for which application threads were stopped: 0.0282848 seconds, Stopping threads took: 0.0001547 seconds
2024-10-09T21:22:25.871+0300: 355.077: Application time: 0.1789445 seconds
2024-10-09T21:22:25.871+0300: 355.077: [GC (Allocation Failure) 2024-10-09T21:22:25.871+0300: 355.078: [ParNew: 460096K->51072K(460096K), 0.0235123 secs] 999135K->601662K(4143232K), 0.0235981 secs] [Times: user=0.02 sys=0.00, real=0.02 secs] 
2024-10-09T21:22:25.887+0300: 355.101: Total time for which application threads were stopped: 0.0238613 seconds, Stopping threads took: 0.0001426 seconds
2024-10-09T21:22:26.075+0300: 355.279: Application time: 0.1775674 seconds
2024-10-09T21:22:26.075+0300: 355.279: [GC (Allocation Failure) 2024-10-09T21:22:26.075+0300: 355.279: [ParNew: 460096K->51072K(460096K), 0.0303755 secs] 1010686K->629753K(4143232K), 0.0304650 secs] [Times: user=0.01 sys=0.00, real=0.03 secs] 
2024-10-09T21:22:26.102+0300: 355.309: Total time for which application threads were stopped: 0.0307370 seconds, Stopping threads took: 0.0001517 seconds
2024-10-09T21:22:26.279+0300: 355.487: Application time: 0.1775543 seconds
2024-10-09T21:22:26.279+0300: 355.487: [GC (Allocation Failure) 2024-10-09T21:22:26.279+0300: 355.487: [ParNew: 460096K->51072K(460096K), 0.0286763 secs] 1038777K->653635K(4143232K), 0.0287546 secs] [Times: user=0.03 sys=0.00, real=0.03 secs] 
2024-10-09T21:22:26.311+0300: 355.516: Total time for which application threads were stopped: 0.0290063 seconds, Stopping threads took: 0.0001346 seconds
2024-10-09T21:22:26.483+0300: 355.696: Application time: 0.1801431 seconds
2024-10-09T21:22:26.483+0300: 355.696: [GC (Allocation Failure) 2024-10-09T21:22:26.483+0300: 355.696: [ParNew: 460096K->51072K(460096K), 0.0276976 secs] 1062659K->672701K(4143232K), 0.0277845 secs] [Times: user=0.06 sys=0.00, real=0.03 secs] 
2024-10-09T21:22:26.515+0300: 355.724: Total time for which application threads were stopped: 0.0280784 seconds, Stopping threads took: 0.0001624 seconds
2024-10-09T21:22:26.703+0300: 355.911: Application time: 0.1863388 seconds
2024-10-09T21:22:26.703+0300: 355.911: [GC (Allocation Failure) 2024-10-09T21:22:26.703+0300: 355.911: [ParNew: 460096K->51072K(460096K), 0.0297904 secs] 1081725K->696911K(4143232K), 0.0298915 secs] [Times: user=0.05 sys=0.00, real=0.03 secs] 
2024-10-09T21:22:26.734+0300: 355.941: Total time for which application threads were stopped: 0.0301962 seconds, Stopping threads took: 0.0001299 seconds
2024-10-09T21:22:26.907+0300: 356.118: Application time: 0.1769383 seconds
2024-10-09T21:22:26.907+0300: 356.118: [GC (Allocation Failure) 2024-10-09T21:22:26.907+0300: 356.118: [ParNew: 460096K->49825K(460096K), 0.0275081 secs] 1105935K->719134K(4143232K), 0.0275953 secs] [Times: user=0.03 sys=0.00, real=0.03 secs] 
2024-10-09T21:22:26.938+0300: 356.146: Total time for which application threads were stopped: 0.0278637 seconds, Stopping threads took: 0.0001463 seconds
2024-10-09T21:22:27.111+0300: 356.329: Application time: 0.1835724 seconds
2024-10-09T21:22:27.111+0300: 356.329: [GC (Allocation Failure) 2024-10-09T21:22:27.111+0300: 356.329: [ParNew: 458849K->51072K(460096K), 0.0232606 secs] 1128158K->730301K(4143232K), 0.0233483 secs] [Times: user=0.03 sys=0.00, real=0.03 secs] 
2024-10-09T21:22:27.142+0300: 356.353: Total time for which application threads were stopped: 0.0236307 seconds, Stopping threads took: 0.0001573 seconds
2024-10-09T21:22:27.315+0300: 356.530: Application time: 0.1769802 seconds
2024-10-09T21:22:27.315+0300: 356.530: [GC (Allocation Failure) 2024-10-09T21:22:27.315+0300: 356.530: [ParNew: 460096K->51072K(460096K), 0.0264279 secs] 1139325K->751352K(4143232K), 0.0265172 secs] [Times: user=0.03 sys=0.00, real=0.03 secs] 
2024-10-09T21:22:27.346+0300: 356.557: Total time for which application threads were stopped: 0.0267867 seconds, Stopping threads took: 0.0001490 seconds
2024-10-09T21:22:27.519+0300: 356.737: Application time: 0.1805462 seconds
2024-10-09T21:22:27.519+0300: 356.737: [GC (Allocation Failure) 2024-10-09T21:22:27.519+0300: 356.737: [ParNew: 460096K->51072K(460096K), 0.0255252 secs] 1160376K->766722K(4143232K), 0.0256211 secs] [Times: user=0.03 sys=0.00, real=0.03 secs] 
2024-10-09T21:22:27.550+0300: 356.763: Total time for which application threads were stopped: 0.0258840 seconds, Stopping threads took: 0.0001398 seconds
2024-10-09T21:22:27.738+0300: 356.943: Application time: 0.1803875 seconds
2024-10-09T21:22:27.738+0300: 356.944: [GC (Allocation Failure) 2024-10-09T21:22:27.738+0300: 356.944: [ParNew: 460096K->51072K(460096K), 0.0233808 secs] 1175746K->778745K(4143232K), 0.0234620 secs] [Times: user=0.02 sys=0.00, real=0.02 secs] 
2024-10-09T21:22:27.754+0300: 356.967: Total time for which application threads were stopped: 0.0237118 seconds, Stopping threads took: 0.0001237 seconds
2024-10-09T21:22:27.927+0300: 357.141: Application time: 0.1739515 seconds
2024-10-09T21:22:27.927+0300: 357.141: [GC (Allocation Failure) 2024-10-09T21:22:27.927+0300: 357.141: [ParNew: 460096K->51072K(460096K), 0.0276968 secs] 1187769K->803322K(4143232K), 0.0277805 secs] [Times: user=0.03 sys=0.00, real=0.03 secs] 
2024-10-09T21:22:27.958+0300: 357.169: Total time for which application threads were stopped: 0.0280365 seconds, Stopping threads took: 0.0001357 seconds
2024-10-09T21:22:28.150+0300: 357.354: Application time: 0.1847848 seconds
2024-10-09T21:22:28.150+0300: 357.354: [GC (Allocation Failure) 2024-10-09T21:22:28.150+0300: 357.354: [ParNew: 460096K->51072K(460096K), 0.0263393 secs] 1212346K->820617K(4143232K), 0.0264255 secs] [Times: user=0.00 sys=0.00, real=0.01 secs] 
2024-10-09T21:22:28.162+0300: 357.381: Total time for which application threads were stopped: 0.0267032 seconds, Stopping threads took: 0.0001587 seconds
2024-10-09T21:22:28.351+0300: 357.554: Application time: 0.1736960 seconds
2024-10-09T21:22:28.351+0300: 357.555: [GC (Allocation Failure) 2024-10-09T21:22:28.351+0300: 357.555: [ParNew: 460096K->51072K(460096K), 0.0319466 secs] 1229641K->848003K(4143232K), 0.0320256 secs] [Times: user=0.03 sys=0.00, real=0.03 secs] 
2024-10-09T21:22:28.382+0300: 357.587: Total time for which application threads were stopped: 0.0322973 seconds, Stopping threads took: 0.0001534 seconds
2024-10-09T21:22:28.555+0300: 357.762: Application time: 0.1753993 seconds
2024-10-09T21:22:28.555+0300: 357.762: [GC (Allocation Failure) 2024-10-09T21:22:28.555+0300: 357.762: [ParNew: 460096K->51072K(460096K), 0.0330983 secs] 1257027K->879107K(4143232K), 0.0331916 secs] [Times: user=0.05 sys=0.00, real=0.03 secs] 
2024-10-09T21:22:28.586+0300: 357.796: Total time for which application threads were stopped: 0.0335141 seconds, Stopping threads took: 0.0001735 seconds
2024-10-09T21:22:28.774+0300: 357.984: Application time: 0.1882749 seconds
2024-10-09T21:22:28.774+0300: 357.984: [GC (Allocation Failure) 2024-10-09T21:22:28.774+0300: 357.984: [ParNew: 460096K->51072K(460096K), 0.0219630 secs] 1288131K->884771K(4143232K), 0.0220403 secs] [Times: user=0.02 sys=0.00, real=0.02 secs] 
2024-10-09T21:22:28.790+0300: 358.006: Total time for which application threads were stopped: 0.0223700 seconds, Stopping threads took: 0.0002118 seconds
2024-10-09T21:22:28.963+0300: 358.181: Application time: 0.1747595 seconds
2024-10-09T21:22:28.963+0300: 358.181: [GC (Allocation Failure) 2024-10-09T21:22:28.963+0300: 358.181: [ParNew: 460096K->51072K(460096K), 0.0313117 secs] 1293795K->912980K(4143232K), 0.0313948 secs] [Times: user=0.05 sys=0.00, real=0.04 secs] 
2024-10-09T21:22:29.008+0300: 358.213: Total time for which application threads were stopped: 0.0316650 seconds, Stopping threads took: 0.0001487 seconds
2024-10-09T21:22:29.182+0300: 358.389: Application time: 0.1768936 seconds
2024-10-09T21:22:29.182+0300: 358.390: [GC (Allocation Failure) 2024-10-09T21:22:29.182+0300: 358.390: [ParNew: 460096K->43403K(460096K), 0.0267377 secs] 1322004K->931128K(4143232K), 0.0268261 secs] [Times: user=0.02 sys=0.00, real=0.03 secs] 
2024-10-09T21:22:29.208+0300: 358.417: Total time for which application threads were stopped: 0.0270880 seconds, Stopping threads took: 0.0001387 seconds
2024-10-09T21:22:29.402+0300: 358.607: Application time: 0.1905107 seconds
2024-10-09T21:22:29.402+0300: 358.607: [GC (Allocation Failure) 2024-10-09T21:22:29.402+0300: 358.607: [ParNew: 452427K->51072K(460096K), 0.0221141 secs] 1340152K->944017K(4143232K), 0.0221978 secs] [Times: user=0.02 sys=0.00, real=0.02 secs] 
2024-10-09T21:22:29.418+0300: 358.630: Total time for which application threads were stopped: 0.0224560 seconds, Stopping threads took: 0.0001395 seconds
2024-10-09T21:22:29.609+0300: 358.813: Application time: 0.1833552 seconds
2024-10-09T21:22:29.609+0300: 358.813: [GC (Allocation Failure) 2024-10-09T21:22:29.609+0300: 358.813: [ParNew: 460096K->51072K(460096K), 0.0327772 secs] 1353041K->974563K(4143232K), 0.0328708 secs] [Times: user=0.06 sys=0.00, real=0.03 secs] 
2024-10-09T21:22:29.638+0300: 358.846: Total time for which application threads were stopped: 0.0331342 seconds, Stopping threads took: 0.0001177 seconds
2024-10-09T21:22:29.809+0300: 359.014: Application time: 0.1679084 seconds
2024-10-09T21:22:29.811+0300: 359.014: [GC (Allocation Failure) 2024-10-09T21:22:29.811+0300: 359.014: [ParNew: 460096K->51072K(460096K), 0.0217076 secs] 1383587K->988692K(4143232K), 0.0218106 secs] [Times: user=0.02 sys=0.00, real=0.02 secs] 
2024-10-09T21:22:29.827+0300: 359.036: Total time for which application threads were stopped: 0.0221234 seconds, Stopping threads took: 0.0001628 seconds
2024-10-09T21:22:30.015+0300: 359.223: Application time: 0.1869756 seconds
2024-10-09T21:22:30.015+0300: 359.223: [GC (Allocation Failure) 2024-10-09T21:22:30.015+0300: 359.223: [ParNew: 460096K->51072K(460096K), 0.0286216 secs] 1397716K->1009198K(4143232K), 0.0287112 secs] [Times: user=0.03 sys=0.00, real=0.03 secs] 
2024-10-09T21:22:30.046+0300: 359.252: Total time for which application threads were stopped: 0.0289510 seconds, Stopping threads took: 0.0001149 seconds
2024-10-09T21:22:30.219+0300: 359.430: Application time: 0.1780499 seconds
2024-10-09T21:22:30.219+0300: 359.430: [GC (Allocation Failure) 2024-10-09T21:22:30.219+0300: 359.430: [ParNew: 460096K->51072K(460096K), 0.0277448 secs] 1418222K->1030676K(4143232K), 0.0278269 secs] [Times: user=0.03 sys=0.00, real=0.03 secs] 
2024-10-09T21:22:30.250+0300: 359.458: Total time for which application threads were stopped: 0.0280827 seconds, Stopping threads took: 0.0001409 seconds
2024-10-09T21:22:30.423+0300: 359.630: Application time: 0.1716882 seconds
2024-10-09T21:22:30.423+0300: 359.630: [GC (Allocation Failure) 2024-10-09T21:22:30.423+0300: 359.630: [ParNew: 460096K->51072K(460096K), 0.0291004 secs] 1439700K->1055614K(4143232K), 0.0291862 secs] [Times: user=0.01 sys=0.00, real=0.03 secs] 
2024-10-09T21:22:30.454+0300: 359.659: Total time for which application threads were stopped: 0.0294655 seconds, Stopping threads took: 0.0001556 seconds
2024-10-09T21:22:30.643+0300: 359.846: Application time: 0.1865436 seconds
2024-10-09T21:22:30.643+0300: 359.846: [GC (Allocation Failure) 2024-10-09T21:22:30.643+0300: 359.846: [ParNew: 460096K->48871K(460096K), 0.0251397 secs] 1464638K->1072310K(4143232K), 0.0252294 secs] [Times: user=0.02 sys=0.00, real=0.02 secs] 
2024-10-09T21:22:30.658+0300: 359.871: Total time for which application threads were stopped: 0.0255289 seconds, Stopping threads took: 0.0001509 seconds
2024-10-09T21:22:30.847+0300: 360.050: Application time: 0.1783007 seconds
2024-10-09T21:22:30.847+0300: 360.050: [GC (Allocation Failure) 2024-10-09T21:22:30.847+0300: 360.050: [ParNew: 457895K->50748K(460096K), 0.0252576 secs] 1481334K->1090831K(4143232K), 0.0253458 secs] [Times: user=0.02 sys=0.00, real=0.02 secs] 
2024-10-09T21:22:30.862+0300: 360.075: Total time for which application threads were stopped: 0.0256016 seconds, Stopping threads took: 0.0001330 seconds
2024-10-09T21:22:31.035+0300: 360.251: Application time: 0.1760383 seconds
2024-10-09T21:22:31.035+0300: 360.252: [GC (Allocation Failure) 2024-10-09T21:22:31.035+0300: 360.252: [ParNew: 459772K->51072K(460096K), 0.0231314 secs] 1499855K->1101830K(4143232K), 0.0232212 secs] [Times: user=0.03 sys=0.00, real=0.03 secs] 
2024-10-09T21:22:31.066+0300: 360.275: Total time for which application threads were stopped: 0.0234932 seconds, Stopping threads took: 0.0001457 seconds
2024-10-09T21:22:31.239+0300: 360.450: Application time: 0.1755321 seconds
2024-10-09T21:22:31.239+0300: 360.451: [GC (Allocation Failure) 2024-10-09T21:22:31.239+0300: 360.451: [ParNew: 460096K->51072K(460096K), 0.0262728 secs] 1510854K->1121461K(4143232K), 0.0263658 secs] [Times: user=0.02 sys=0.00, real=0.03 secs] 
2024-10-09T21:22:31.270+0300: 360.477: Total time for which application threads were stopped: 0.0266538 seconds, Stopping threads took: 0.0001537 seconds
2024-10-09T21:22:31.443+0300: 360.657: Application time: 0.1802682 seconds
2024-10-09T21:22:31.443+0300: 360.657: [GC (Allocation Failure) 2024-10-09T21:22:31.443+0300: 360.658: [ParNew: 460096K->51072K(460096K), 0.0231537 secs] 1530485K->1134722K(4143232K), 0.0232420 secs] [Times: user=0.05 sys=0.00, real=0.03 secs] 
2024-10-09T21:22:31.474+0300: 360.681: Total time for which application threads were stopped: 0.0235091 seconds, Stopping threads took: 0.0001398 seconds
2024-10-09T21:22:31.663+0300: 360.867: Application time: 0.1860182 seconds
2024-10-09T21:22:31.663+0300: 360.867: [GC (Allocation Failure) 2024-10-09T21:22:31.663+0300: 360.867: [ParNew: 460096K->51072K(460096K), 0.0286112 secs] 1543746K->1154948K(4143232K), 0.0287029 secs] [Times: user=0.05 sys=0.00, real=0.02 secs] 
2024-10-09T21:22:31.679+0300: 360.896: Total time for which application threads were stopped: 0.0289548 seconds, Stopping threads took: 0.0001175 seconds
2024-10-09T21:22:31.851+0300: 361.068: Application time: 0.1718304 seconds
2024-10-09T21:22:31.851+0300: 361.068: [GC (Allocation Failure) 2024-10-09T21:22:31.851+0300: 361.068: [ParNew: 460096K->51072K(460096K), 0.0266018 secs] 1563972K->1176006K(4143232K), 0.0266938 secs] [Times: user=0.03 sys=0.00, real=0.03 secs] 
2024-10-09T21:22:31.883+0300: 361.095: Total time for which application threads were stopped: 0.0270620 seconds, Stopping threads took: 0.0002342 seconds
2024-10-09T21:22:32.071+0300: 361.276: Application time: 0.1818223 seconds
2024-10-09T21:22:32.071+0300: 361.277: [GC (Allocation Failure) 2024-10-09T21:22:32.071+0300: 361.277: [ParNew: 460096K->51072K(460096K), 0.0258162 secs] 1585030K->1194593K(4143232K), 0.0258984 secs] [Times: user=0.02 sys=0.00, real=0.01 secs] 
2024-10-09T21:22:32.086+0300: 361.303: Total time for which application threads were stopped: 0.0261717 seconds, Stopping threads took: 0.0001492 seconds
2024-10-09T21:22:32.275+0300: 361.489: Application time: 0.1860710 seconds
2024-10-09T21:22:32.275+0300: 361.489: [GC (Allocation Failure) 2024-10-09T21:22:32.275+0300: 361.489: [ParNew: 460096K->51072K(460096K), 0.0222491 secs] 1603617K->1202528K(4143232K), 0.0223367 secs] [Times: user=0.03 sys=0.00, real=0.03 secs] 
2024-10-09T21:22:32.306+0300: 361.511: Total time for which application threads were stopped: 0.0226229 seconds, Stopping threads took: 0.0001615 seconds
2024-10-09T21:22:32.479+0300: 361.685: Application time: 0.1737719 seconds
2024-10-09T21:22:32.479+0300: 361.685: [GC (Allocation Failure) 2024-10-09T21:22:32.479+0300: 361.685: [ParNew: 460096K->51072K(460096K), 0.0284537 secs] 1611552K->1225069K(4143232K), 0.0285394 secs] [Times: user=0.02 sys=0.00, real=0.03 secs] 
2024-10-09T21:22:32.510+0300: 361.714: Total time for which application threads were stopped: 0.0287812 seconds, Stopping threads took: 0.0001258 seconds
2024-10-09T21:22:32.683+0300: 361.897: Application time: 0.1832189 seconds
2024-10-09T21:22:32.683+0300: 361.897: [GC (Allocation Failure) 2024-10-09T21:22:32.683+0300: 361.897: [ParNew: 460096K->51072K(460096K), 0.0261534 secs] 1634093K->1248187K(4143232K), 0.0262431 secs] [Times: user=0.03 sys=0.00, real=0.03 secs] 
2024-10-09T21:22:32.716+0300: 361.924: Total time for which application threads were stopped: 0.0265551 seconds, Stopping threads took: 0.0001742 seconds
2024-10-09T21:22:32.903+0300: 362.108: Application time: 0.1840792 seconds
2024-10-09T21:22:32.903+0300: 362.108: [GC (Allocation Failure) 2024-10-09T21:22:32.903+0300: 362.110: [ParNew: 460096K->51072K(460096K), 0.0225708 secs] 1657211K->1258262K(4143232K), 0.0248852 secs] [Times: user=0.02 sys=0.00, real=0.02 secs] 
2024-10-09T21:22:32.919+0300: 362.133: Total time for which application threads were stopped: 0.0251550 seconds, Stopping threads took: 0.0001475 seconds
2024-10-09T21:22:33.091+0300: 362.309: Application time: 0.1763275 seconds
2024-10-09T21:22:33.091+0300: 362.310: [GC (Allocation Failure) 2024-10-09T21:22:33.091+0300: 362.310: [ParNew: 460096K->51072K(460096K), 0.0278944 secs] 1667286K->1279047K(4143232K), 0.0279861 secs] [Times: user=0.03 sys=0.00, real=0.03 secs] 
2024-10-09T21:22:33.123+0300: 362.338: Total time for which application threads were stopped: 0.0282847 seconds, Stopping threads took: 0.0001571 seconds
2024-10-09T21:22:33.295+0300: 362.511: Application time: 0.1729681 seconds
2024-10-09T21:22:33.295+0300: 362.511: [GC (Allocation Failure) 2024-10-09T21:22:33.295+0300: 362.511: [ParNew: 460096K->37779K(460096K), 0.0267428 secs] 1688071K->1289645K(4143232K), 0.0268259 secs] [Times: user=0.03 sys=0.00, real=0.03 secs] 
2024-10-09T21:22:33.327+0300: 362.538: Total time for which application threads were stopped: 0.0270581 seconds, Stopping threads took: 0.0001038 seconds
2024-10-09T21:22:33.520+0300: 362.724: Application time: 0.1861657 seconds
2024-10-09T21:22:33.521+0300: 362.724: [GC (Allocation Failure) 2024-10-09T21:22:33.521+0300: 362.724: [ParNew: 446803K->51072K(460096K), 0.0228657 secs] 1698669K->1312433K(4143232K), 0.0229707 secs] [Times: user=0.03 sys=0.00, real=0.02 secs] 
2024-10-09T21:22:33.544+0300: 362.747: Total time for which application threads were stopped: 0.0232686 seconds, Stopping threads took: 0.0001624 seconds
2024-10-09T21:22:33.718+0300: 362.933: Application time: 0.1858980 seconds
2024-10-09T21:22:33.718+0300: 362.933: [GC (Allocation Failure) 2024-10-09T21:22:33.718+0300: 362.933: [ParNew: 460096K->51072K(460096K), 0.0299262 secs] 1721457K->1335715K(4143232K), 0.0300256 secs] [Times: user=0.06 sys=0.00, real=0.03 secs] 
2024-10-09T21:22:33.749+0300: 362.963: Total time for which application threads were stopped: 0.0303458 seconds, Stopping threads took: 0.0001703 seconds
2024-10-09T21:22:33.922+0300: 363.129: Application time: 0.1655871 seconds
2024-10-09T21:22:33.922+0300: 363.129: [GC (Allocation Failure) 2024-10-09T21:22:33.922+0300: 363.129: [ParNew: 460096K->51072K(460096K), 0.0282839 secs] 1744739K->1359350K(4143232K), 0.0283643 secs] [Times: user=0.03 sys=0.00, real=0.03 secs] 
2024-10-09T21:22:33.953+0300: 363.157: Total time for which application threads were stopped: 0.0286220 seconds, Stopping threads took: 0.0001455 seconds
2024-10-09T21:22:34.142+0300: 363.348: Application time: 0.1901927 seconds
2024-10-09T21:22:34.142+0300: 363.348: [GC (Allocation Failure) 2024-10-09T21:22:34.142+0300: 363.348: [ParNew: 460096K->51072K(460096K), 0.0282758 secs] 1768374K->1382160K(4143232K), 0.0283760 secs] [Times: user=0.01 sys=0.00, real=0.03 secs] 
2024-10-09T21:22:34.173+0300: 363.376: Total time for which application threads were stopped: 0.0286321 seconds, Stopping threads took: 0.0001085 seconds
2024-10-09T21:22:34.346+0300: 363.558: Application time: 0.1818510 seconds
2024-10-09T21:22:34.346+0300: 363.558: [GC (Allocation Failure) 2024-10-09T21:22:34.346+0300: 363.558: [ParNew: 460096K->51072K(460096K), 0.0238767 secs] 1791184K->1392662K(4143232K), 0.0239586 secs] [Times: user=0.01 sys=0.00, real=0.03 secs] 
2024-10-09T21:22:34.377+0300: 363.582: Total time for which application threads were stopped: 0.0242495 seconds, Stopping threads took: 0.0001711 seconds
2024-10-09T21:22:34.534+0300: 363.750: Application time: 0.1680483 seconds
2024-10-09T21:22:34.534+0300: 363.751: [GC (Allocation Failure) 2024-10-09T21:22:34.534+0300: 363.751: [ParNew: 460096K->51072K(460096K), 0.0320727 secs] 1801686K->1423542K(4143232K), 0.0321690 secs] [Times: user=0.11 sys=0.00, real=0.03 secs] 
2024-10-09T21:22:34.566+0300: 363.783: Total time for which application threads were stopped: 0.0325015 seconds, Stopping threads took: 0.0001662 seconds
2024-10-09T21:22:34.754+0300: 363.966: Application time: 0.1828989 seconds
2024-10-09T21:22:34.754+0300: 363.966: [GC (Allocation Failure) 2024-10-09T21:22:34.754+0300: 363.966: [ParNew: 460096K->46971K(460096K), 0.0257615 secs] 1832566K->1440747K(4143232K), 0.0258511 secs] [Times: user=0.03 sys=0.00, real=0.03 secs] 
2024-10-09T21:22:34.785+0300: 363.992: Total time for which application threads were stopped: 0.0260992 seconds, Stopping threads took: 0.0001248 seconds
2024-10-09T21:22:34.958+0300: 364.174: Application time: 0.1822841 seconds
2024-10-09T21:22:34.958+0300: 364.175: [GC (Allocation Failure) 2024-10-09T21:22:34.958+0300: 364.175: [ParNew: 455995K->51072K(460096K), 0.0232751 secs] 1849771K->1454227K(4143232K), 0.0233568 secs] [Times: user=0.03 sys=0.00, real=0.03 secs] 
2024-10-09T21:22:34.989+0300: 364.198: Total time for which application threads were stopped: 0.0236643 seconds, Stopping threads took: 0.0001779 seconds
2024-10-09T21:22:35.162+0300: 364.370: Application time: 0.1724555 seconds
2024-10-09T21:22:35.162+0300: 364.371: [GC (Allocation Failure) 2024-10-09T21:22:35.162+0300: 364.371: [ParNew: 460096K->51072K(460096K), 0.0300710 secs] 1863251K->1482119K(4143232K), 0.0301526 secs] [Times: user=0.03 sys=0.00, real=0.03 secs] 
2024-10-09T21:22:35.193+0300: 364.401: Total time for which application threads were stopped: 0.0304155 seconds, Stopping threads took: 0.0001455 seconds
2024-10-09T21:22:35.366+0300: 364.575: Application time: 0.1743703 seconds
2024-10-09T21:22:35.366+0300: 364.575: [GC (Allocation Failure) 2024-10-09T21:22:35.366+0300: 364.575: [ParNew: 460096K->51072K(460096K), 0.0236499 secs] 1891143K->1497644K(4143232K), 0.0237398 secs] [Times: user=0.02 sys=0.00, real=0.02 secs] 
2024-10-09T21:22:35.382+0300: 364.599: Total time for which application threads were stopped: 0.0240357 seconds, Stopping threads took: 0.0001633 seconds
2024-10-09T21:22:35.586+0300: 364.789: Application time: 0.1900741 seconds
2024-10-09T21:22:35.586+0300: 364.789: [GC (Allocation Failure) 2024-10-09T21:22:35.586+0300: 364.790: [ParNew: 460096K->51072K(460096K), 0.0260736 secs] 1906668K->1512556K(4143232K), 0.0261670 secs] [Times: user=0.03 sys=0.00, real=0.02 secs] 
2024-10-09T21:22:35.601+0300: 364.816: Total time for which application threads were stopped: 0.0264076 seconds, Stopping threads took: 0.0001045 seconds
2024-10-09T21:22:35.790+0300: 364.994: Application time: 0.1786599 seconds
2024-10-09T21:22:35.790+0300: 364.995: [GC (Allocation Failure) 2024-10-09T21:22:35.790+0300: 364.995: [ParNew: 460096K->51072K(460096K), 0.0230365 secs] 1921580K->1525417K(4143232K), 0.0231284 secs] [Times: user=0.02 sys=0.00, real=0.02 secs] 
2024-10-09T21:22:35.805+0300: 365.018: Total time for which application threads were stopped: 0.0234129 seconds, Stopping threads took: 0.0001590 seconds
2024-10-09T21:22:35.993+0300: 365.201: Application time: 0.1836061 seconds
2024-10-09T21:22:35.993+0300: 365.202: [GC (Allocation Failure) 2024-10-09T21:22:35.993+0300: 365.202: [ParNew: 460096K->50609K(460096K), 0.0311701 secs] 1934441K->1554408K(4143232K), 0.0312613 secs] [Times: user=0.02 sys=0.00, real=0.03 secs] 
2024-10-09T21:22:36.025+0300: 365.233: Total time for which application threads were stopped: 0.0315263 seconds, Stopping threads took: 0.0001402 seconds
2024-10-09T21:22:36.198+0300: 365.416: Application time: 0.1828764 seconds
2024-10-09T21:22:36.198+0300: 365.416: [GC (Allocation Failure) 2024-10-09T21:22:36.198+0300: 365.416: [ParNew: 459633K->51072K(460096K), 0.0257940 secs] 1963432K->1573554K(4143232K), 0.0258796 secs] [Times: user=0.03 sys=0.00, real=0.03 secs] 
2024-10-09T21:22:36.229+0300: 365.442: Total time for which application threads were stopped: 0.0261501 seconds, Stopping threads took: 0.0001493 seconds
2024-10-09T21:22:36.401+0300: 365.610: Application time: 0.1684352 seconds
2024-10-09T21:22:36.401+0300: 365.611: [GC (Allocation Failure) 2024-10-09T21:22:36.401+0300: 365.611: [ParNew: 460096K->51072K(460096K), 0.0235453 secs] 1982578K->1585143K(4143232K), 0.0237081 secs] [Times: user=0.05 sys=0.00, real=0.02 secs] 
2024-10-09T21:22:36.424+0300: 365.634: Total time for which application threads were stopped: 0.0240516 seconds, Stopping threads took: 0.0002027 seconds
2024-10-09T21:22:36.605+0300: 365.818: Application time: 0.1833868 seconds
2024-10-09T21:22:36.605+0300: 365.818: [GC (Allocation Failure) 2024-10-09T21:22:36.605+0300: 365.818: [ParNew: 460096K->51072K(460096K), 0.0277936 secs] 1994167K->1612014K(4143232K), 0.0278819 secs] [Times: user=0.06 sys=0.00, real=0.03 secs] 
2024-10-09T21:22:36.637+0300: 365.846: Total time for which application threads were stopped: 0.0281804 seconds, Stopping threads took: 0.0001622 seconds
2024-10-09T21:22:36.825+0300: 366.030: Application time: 0.1838310 seconds
2024-10-09T21:22:36.825+0300: 366.030: [GC (Allocation Failure) 2024-10-09T21:22:36.825+0300: 366.030: [ParNew: 460096K->51072K(460096K), 0.0227233 secs] 2021038K->1618886K(4143232K), 0.0228079 secs] [Times: user=0.01 sys=0.00, real=0.02 secs] 
2024-10-09T21:22:36.841+0300: 366.053: Total time for which application threads were stopped: 0.0230878 seconds, Stopping threads took: 0.0001602 seconds
2024-10-09T21:22:37.013+0300: 366.217: Application time: 0.1643682 seconds
2024-10-09T21:22:37.013+0300: 366.218: [GC (Allocation Failure) 2024-10-09T21:22:37.013+0300: 366.218: [ParNew: 460096K->51072K(460096K), 0.0264991 secs] 2027910K->1638461K(4143232K), 0.0266015 secs] [Times: user=0.02 sys=0.00, real=0.02 secs] 
2024-10-09T21:22:37.029+0300: 366.244: Total time for which application threads were stopped: 0.0268733 seconds, Stopping threads took: 0.0001384 seconds
2024-10-09T21:22:37.217+0300: 366.427: Application time: 0.1825733 seconds
2024-10-09T21:22:37.217+0300: 366.427: [GC (Allocation Failure) 2024-10-09T21:22:37.217+0300: 366.427: [ParNew: 460096K->48526K(460096K), 0.0240843 secs] 2047485K->1655411K(4143232K), 0.0241674 secs] [Times: user=0.01 sys=0.00, real=0.02 secs] 
2024-10-09T21:22:37.233+0300: 366.451: Total time for which application threads were stopped: 0.0244546 seconds, Stopping threads took: 0.0001640 seconds
2024-10-09T21:22:37.437+0300: 366.641: Application time: 0.1897190 seconds
2024-10-09T21:22:37.437+0300: 366.641: [GC (Allocation Failure) 2024-10-09T21:22:37.437+0300: 366.641: [ParNew: 457550K->51072K(460096K), 0.0233954 secs] 2064435K->1665204K(4143232K), 0.0234762 secs] [Times: user=0.02 sys=0.00, real=0.02 secs] 
2024-10-09T21:22:37.453+0300: 366.665: Total time for which application threads were stopped: 0.0237208 seconds, Stopping threads took: 0.0001216 seconds
2024-10-09T21:22:37.627+0300: 366.832: Application time: 0.1674433 seconds
2024-10-09T21:22:37.627+0300: 366.832: [GC (Allocation Failure) 2024-10-09T21:22:37.627+0300: 366.832: [ParNew: 460096K->51072K(460096K), 0.0343123 secs] 2074228K->1700008K(4143232K), 0.0343987 secs] [Times: user=0.05 sys=0.00, real=0.03 secs] 
2024-10-09T21:22:37.657+0300: 366.867: Total time for which application threads were stopped: 0.0347037 seconds, Stopping threads took: 0.0001495 seconds
2024-10-09T21:22:37.830+0300: 367.048: Application time: 0.1812577 seconds
2024-10-09T21:22:37.830+0300: 367.048: [GC (Allocation Failure) 2024-10-09T21:22:37.830+0300: 367.048: [ParNew: 460096K->51072K(460096K), 0.0260737 secs] 2109032K->1723582K(4143232K), 0.0261637 secs] [Times: user=0.03 sys=0.00, real=0.03 secs] 
2024-10-09T21:22:37.861+0300: 367.074: Total time for which application threads were stopped: 0.0264423 seconds, Stopping threads took: 0.0001403 seconds
2024-10-09T21:22:38.050+0300: 367.268: Application time: 0.1932763 seconds
2024-10-09T21:22:38.050+0300: 367.268: [GC (Allocation Failure) 2024-10-09T21:22:38.050+0300: 367.268: [ParNew: 460096K->51072K(460096K), 0.0281307 secs] 2132606K->1740383K(4143232K), 0.0282202 secs] [Times: user=0.03 sys=0.00, real=0.03 secs] 
2024-10-09T21:22:38.081+0300: 367.296: Total time for which application threads were stopped: 0.0285163 seconds, Stopping threads took: 0.0001701 seconds
2024-10-09T21:22:38.253+0300: 367.462: Application time: 0.1657419 seconds
2024-10-09T21:22:38.253+0300: 367.462: [GC (Allocation Failure) 2024-10-09T21:22:38.253+0300: 367.462: [ParNew: 460096K->51072K(460096K), 0.0288065 secs] 2149407K->1761404K(4143232K), 0.0289061 secs] [Times: user=0.02 sys=0.02, real=0.03 secs] 
2024-10-09T21:22:38.284+0300: 367.491: Total time for which application threads were stopped: 0.0292180 seconds, Stopping threads took: 0.0001873 seconds
2024-10-09T21:22:38.457+0300: 367.667: Application time: 0.1757971 seconds
2024-10-09T21:22:38.457+0300: 367.667: [GC (Allocation Failure) 2024-10-09T21:22:38.457+0300: 367.667: [ParNew: 460096K->40050K(460096K), 0.0255306 secs] 2170428K->1776915K(4143232K), 0.0256196 secs] [Times: user=0.03 sys=0.00, real=0.03 secs] 
2024-10-09T21:22:38.488+0300: 367.693: Total time for which application threads were stopped: 0.0258879 seconds, Stopping threads took: 0.0001537 seconds
2024-10-09T21:22:38.693+0300: 367.899: Application time: 0.2063563 seconds
2024-10-09T21:22:38.693+0300: 367.899: [GC (Allocation Failure) 2024-10-09T21:22:38.693+0300: 367.900: [ParNew: 449074K->51072K(460096K), 0.0235837 secs] 2185939K->1791776K(4143232K), 0.0236700 secs] [Times: user=0.03 sys=0.00, real=0.01 secs] 
2024-10-09T21:22:38.708+0300: 367.923: Total time for which application threads were stopped: 0.0239068 seconds, Stopping threads took: 0.0000868 seconds
2024-10-09T21:22:38.881+0300: 368.099: Application time: 0.1754887 seconds
2024-10-09T21:22:38.881+0300: 368.099: [GC (Allocation Failure) 2024-10-09T21:22:38.881+0300: 368.099: [ParNew: 460096K->51072K(460096K), 0.0290835 secs] 2200800K->1811444K(4143232K), 0.0291667 secs] [Times: user=0.03 sys=0.00, real=0.03 secs] 
2024-10-09T21:22:38.912+0300: 368.128: Total time for which application threads were stopped: 0.0294178 seconds, Stopping threads took: 0.0001305 seconds
2024-10-09T21:22:39.085+0300: 368.293: Application time: 0.1645606 seconds
2024-10-09T21:22:39.085+0300: 368.293: [GC (Allocation Failure) 2024-10-09T21:22:39.085+0300: 368.293: [ParNew: 460096K->51072K(460096K), 0.0340944 secs] 2220468K->1853855K(4143232K), 0.0341806 secs] [Times: user=0.03 sys=0.00, real=0.03 secs] 
2024-10-09T21:22:39.116+0300: 368.327: Total time for which application threads were stopped: 0.0344498 seconds, Stopping threads took: 0.0001486 seconds
2024-10-09T21:22:39.321+0300: 368.526: Application time: 0.1992977 seconds
2024-10-09T21:22:39.321+0300: 368.527: [GC (Allocation Failure) 2024-10-09T21:22:39.321+0300: 368.527: [ParNew: 460096K->51072K(460096K), 0.0219460 secs] 2262879K->1856675K(4143232K), 0.0220267 secs] [Times: user=0.02 sys=0.00, real=0.02 secs] 
2024-10-09T21:22:39.337+0300: 368.549: Total time for which application threads were stopped: 0.0222571 seconds, Stopping threads took: 0.0001077 seconds
2024-10-09T21:22:39.531+0300: 368.734: Application time: 0.1854923 seconds
2024-10-09T21:22:39.531+0300: 368.734: [GC (Allocation Failure) 2024-10-09T21:22:39.531+0300: 368.735: [ParNew: 460096K->51072K(460096K), 0.0297779 secs] 2265699K->1874326K(4143232K), 0.0298779 secs] [Times: user=0.14 sys=0.00, real=0.03 secs] 
2024-10-09T21:22:39.556+0300: 368.764: Total time for which application threads were stopped: 0.0302303 seconds, Stopping threads took: 0.0001962 seconds
2024-10-09T21:22:39.712+0300: 368.931: Application time: 0.1665058 seconds
2024-10-09T21:22:39.728+0300: 368.931: [GC (Allocation Failure) 2024-10-09T21:22:39.728+0300: 368.934: [ParNew: 460096K->45389K(460096K), 0.0313807 secs] 2283350K->1904620K(4143232K), 0.0337547 secs] [Times: user=0.01 sys=0.00, real=0.03 secs] 
2024-10-09T21:22:39.760+0300: 368.965: Total time for which application threads were stopped: 0.0341524 seconds, Stopping threads took: 0.0002641 seconds
2024-10-09T21:22:39.949+0300: 369.158: Application time: 0.1928763 seconds
2024-10-09T21:22:39.949+0300: 369.158: [GC (Allocation Failure) 2024-10-09T21:22:39.949+0300: 369.158: [ParNew: 454413K->51072K(460096K), 0.0222325 secs] 2313644K->1914440K(4143232K), 0.0223128 secs] [Times: user=0.02 sys=0.00, real=0.02 secs] 
2024-10-09T21:22:39.964+0300: 369.181: Total time for which application threads were stopped: 0.0225554 seconds, Stopping threads took: 0.0001215 seconds
2024-10-09T21:22:40.153+0300: 369.361: Application time: 0.1802971 seconds
2024-10-09T21:22:40.153+0300: 369.361: [GC (Allocation Failure) 2024-10-09T21:22:40.153+0300: 369.361: [ParNew: 460096K->51072K(460096K), 0.0317798 secs] 2323464K->1936782K(4143232K), 0.0318689 secs] [Times: user=0.03 sys=0.00, real=0.03 secs] 
2024-10-09T21:22:40.184+0300: 369.393: Total time for which application threads were stopped: 0.0321274 seconds, Stopping threads took: 0.0001287 seconds
2024-10-09T21:22:40.341+0300: 369.556: Application time: 0.1633565 seconds
2024-10-09T21:22:40.341+0300: 369.557: [GC (Allocation Failure) 2024-10-09T21:22:40.341+0300: 369.557: [ParNew: 460096K->44387K(460096K), 0.0336899 secs] 2345806K->1963087K(4143232K), 0.0337768 secs] [Times: user=0.03 sys=0.00, real=0.03 secs] 
2024-10-09T21:22:40.372+0300: 369.590: Total time for which application threads were stopped: 0.0340222 seconds, Stopping threads took: 0.0001188 seconds
2024-10-09T21:22:40.561+0300: 369.777: Application time: 0.1865344 seconds
2024-10-09T21:22:40.561+0300: 369.777: [GC (Allocation Failure) 2024-10-09T21:22:40.561+0300: 369.777: [ParNew: 453411K->51072K(460096K), 0.0276744 secs] 2372111K->1989711K(4143232K), 0.0277705 secs] [Times: user=0.12 sys=0.00, real=0.03 secs] 
2024-10-09T21:22:40.592+0300: 369.805: Total time for which application threads were stopped: 0.0280453 seconds, Stopping threads took: 0.0001310 seconds
2024-10-09T21:22:40.764+0300: 369.983: Application time: 0.1778747 seconds
2024-10-09T21:22:40.764+0300: 369.983: [GC (Allocation Failure) 2024-10-09T21:22:40.764+0300: 369.983: [ParNew: 460096K->51072K(460096K), 0.0235725 secs] 2398735K->2000329K(4143232K), 0.0236581 secs] [Times: user=0.02 sys=0.00, real=0.03 secs] 
2024-10-09T21:22:40.796+0300: 370.007: Total time for which application threads were stopped: 0.0239350 seconds, Stopping threads took: 0.0001516 seconds
2024-10-09T21:22:40.968+0300: 370.179: Application time: 0.1719892 seconds
2024-10-09T21:22:40.968+0300: 370.179: [GC (Allocation Failure) 2024-10-09T21:22:40.968+0300: 370.179: [ParNew: 460096K->51072K(460096K), 0.0272469 secs] 2409353K->2021824K(4143232K), 0.0273347 secs] [Times: user=0.01 sys=0.00, real=0.03 secs] 
2024-10-09T21:22:41.000+0300: 370.206: Total time for which application threads were stopped: 0.0275978 seconds, Stopping threads took: 0.0001405 seconds
2024-10-09T21:22:41.173+0300: 370.389: Application time: 0.1824388 seconds
2024-10-09T21:22:41.173+0300: 370.389: [GC (Allocation Failure) 2024-10-09T21:22:41.173+0300: 370.389: [ParNew: 460096K->51072K(460096K), 0.0228759 secs] 2430848K->2035674K(4143232K), 0.0229670 secs] [Times: user=0.03 sys=0.00, real=0.03 secs] 
2024-10-09T21:22:41.204+0300: 370.412: Total time for which application threads were stopped: 0.0232563 seconds, Stopping threads took: 0.0001545 seconds
2024-10-09T21:22:41.377+0300: 370.588: Application time: 0.1758347 seconds
2024-10-09T21:22:41.377+0300: 370.588: [GC (Allocation Failure) 2024-10-09T21:22:41.377+0300: 370.588: [ParNew: 460096K->51072K(460096K), 0.0251904 secs] 2444698K->2049971K(4143232K), 0.0252770 secs] [Times: user=0.05 sys=0.00, real=0.03 secs] 
2024-10-09T21:22:41.408+0300: 370.613: Total time for which application threads were stopped: 0.0255216 seconds, Stopping threads took: 0.0001193 seconds
2024-10-09T21:22:41.581+0300: 370.797: Application time: 0.1840769 seconds
2024-10-09T21:22:41.581+0300: 370.798: [GC (Allocation Failure) 2024-10-09T21:22:41.581+0300: 370.798: [ParNew: 460096K->49308K(460096K), 0.0258072 secs] 2458995K->2065416K(4143232K), 0.0258978 secs] [Times: user=0.03 sys=0.00, real=0.03 secs] 
2024-10-09T21:22:41.612+0300: 370.824: Total time for which application threads were stopped: 0.0261707 seconds, Stopping threads took: 0.0001228 seconds
2024-10-09T21:22:41.785+0300: 370.999: Application time: 0.1756754 seconds
2024-10-09T21:22:41.785+0300: 371.000: [GC (Allocation Failure) 2024-10-09T21:22:41.785+0300: 371.000: [ParNew: 458332K->51072K(460096K), 0.0273762 secs] 2474440K->2085420K(4143232K), 0.0274701 secs] [Times: user=0.03 sys=0.00, real=0.04 secs] 
2024-10-09T21:22:41.824+0300: 371.027: Total time for which application threads were stopped: 0.0277395 seconds, Stopping threads took: 0.0001458 seconds
2024-10-09T21:22:41.990+0300: 371.196: Application time: 0.1685050 seconds
2024-10-09T21:22:41.990+0300: 371.196: [GC (Allocation Failure) 2024-10-09T21:22:41.990+0300: 371.196: [ParNew: 460096K->51072K(460096K), 0.0247977 secs] 2494444K->2103907K(4143232K), 0.0248830 secs] [Times: user=0.02 sys=0.00, real=0.02 secs] 
2024-10-09T21:22:42.005+0300: 371.221: Total time for which application threads were stopped: 0.0251910 seconds, Stopping threads took: 0.0001618 seconds
2024-10-09T21:22:42.194+0300: 371.406: Application time: 0.1852443 seconds
2024-10-09T21:22:42.194+0300: 371.406: [GC (Allocation Failure) 2024-10-09T21:22:42.194+0300: 371.406: [ParNew: 460096K->51072K(460096K), 0.0261720 secs] 2512931K->2123669K(4143232K), 0.0262571 secs] [Times: user=0.03 sys=0.00, real=0.03 secs] 
2024-10-09T21:22:42.225+0300: 371.433: Total time for which application threads were stopped: 0.0265245 seconds, Stopping threads took: 0.0001466 seconds
2024-10-09T21:22:42.398+0300: 371.614: Application time: 0.1809765 seconds
2024-10-09T21:22:42.398+0300: 371.614: [GC (Allocation Failure) 2024-10-09T21:22:42.398+0300: 371.614: [ParNew: 460096K->51072K(460096K), 0.0250814 secs] 2532693K->2134621K(4143232K), 0.0251729 secs] [Times: user=0.03 sys=0.00, real=0.03 secs] 
2024-10-09T21:22:42.429+0300: 371.639: Total time for which application threads were stopped: 0.0254614 seconds, Stopping threads took: 0.0001648 seconds
2024-10-09T21:22:42.602+0300: 371.807: Application time: 0.1678503 seconds
2024-10-09T21:22:42.602+0300: 371.807: [GC (Allocation Failure) 2024-10-09T21:22:42.602+0300: 371.807: [ParNew: 460096K->51072K(460096K), 0.0265499 secs] 2543645K->2154968K(4143232K), 0.0266512 secs] [Times: user=0.05 sys=0.00, real=0.02 secs] 
2024-10-09T21:22:42.617+0300: 371.834: Total time for which application threads were stopped: 0.0269503 seconds, Stopping threads took: 0.0001552 seconds
2024-10-09T21:22:42.821+0300: 372.025: Application time: 0.1915660 seconds
2024-10-09T21:22:42.821+0300: 372.026: [GC (Allocation Failure) 2024-10-09T21:22:42.821+0300: 372.026: [ParNew: 460096K->48135K(460096K), 0.0302911 secs] 2563992K->2183879K(4143232K), 0.0303774 secs] [Times: user=0.03 sys=0.00, real=0.03 secs] 
2024-10-09T21:22:42.852+0300: 372.056: Total time for which application threads were stopped: 0.0306087 seconds, Stopping threads took: 0.0001121 seconds
2024-10-09T21:22:43.037+0300: 372.243: Application time: 0.1869657 seconds
2024-10-09T21:22:43.037+0300: 372.243: [GC (Allocation Failure) 2024-10-09T21:22:43.037+0300: 372.243: [ParNew: 457159K->51072K(460096K), 0.0242547 secs] 2592903K->2196514K(4143232K), 0.0243344 secs] [Times: user=0.03 sys=0.00, real=0.02 secs] 
2024-10-09T21:22:43.056+0300: 372.267: Total time for which application threads were stopped: 0.0245665 seconds, Stopping threads took: 0.0001137 seconds
2024-10-09T21:22:43.213+0300: 372.428: Application time: 0.1604765 seconds
2024-10-09T21:22:43.213+0300: 372.428: [GC (Allocation Failure) 2024-10-09T21:22:43.213+0300: 372.428: [ParNew: 460096K->51072K(460096K), 0.0308641 secs] 2605538K->2224923K(4143232K), 0.0309508 secs] [Times: user=0.03 sys=0.00, real=0.03 secs] 
2024-10-09T21:22:43.245+0300: 372.459: Total time for which application threads were stopped: 0.0312097 seconds, Stopping threads took: 0.0001273 seconds
2024-10-09T21:22:43.438+0300: 372.645: Application time: 0.1861881 seconds
2024-10-09T21:22:43.438+0300: 372.646: [GC (Allocation Failure) 2024-10-09T21:22:43.438+0300: 372.646: [ParNew: 460096K->48035K(460096K), 0.0261281 secs] 2633947K->2246901K(4143232K), 0.0262200 secs] [Times: user=0.02 sys=0.00, real=0.03 secs] 
2024-10-09T21:22:43.465+0300: 372.672: Total time for which application threads were stopped: 0.0265115 seconds, Stopping threads took: 0.0001515 seconds
2024-10-09T21:22:43.653+0300: 372.865: Application time: 0.1934824 seconds
2024-10-09T21:22:43.653+0300: 372.866: [GC (Allocation Failure) 2024-10-09T21:22:43.653+0300: 372.866: [ParNew: 457059K->51072K(460096K), 0.0231737 secs] 2655925K->2257392K(4143232K), 0.0232620 secs] [Times: user=0.03 sys=0.00, real=0.03 secs] 
2024-10-09T21:22:43.684+0300: 372.889: Total time for which application threads were stopped: 0.0235461 seconds, Stopping threads took: 0.0001197 seconds
2024-10-09T21:22:43.841+0300: 373.052: Application time: 0.1626446 seconds
2024-10-09T21:22:43.841+0300: 373.052: [GC (Allocation Failure) 2024-10-09T21:22:43.841+0300: 373.052: [ParNew: 460096K->51072K(460096K), 0.0289543 secs] 2666416K->2278503K(4143232K), 0.0290375 secs] [Times: user=0.03 sys=0.00, real=0.03 secs] 
2024-10-09T21:22:43.873+0300: 373.081: Total time for which application threads were stopped: 0.0292979 seconds, Stopping threads took: 0.0001434 seconds
2024-10-09T21:22:44.061+0300: 373.265: Application time: 0.1838707 seconds
2024-10-09T21:22:44.061+0300: 373.265: [GC (Allocation Failure) 2024-10-09T21:22:44.061+0300: 373.265: [ParNew: 460096K->46472K(460096K), 0.0306014 secs] 2687527K->2309497K(4143232K), 0.0306876 secs] [Times: user=0.03 sys=0.00, real=0.03 secs] 
2024-10-09T21:22:44.092+0300: 373.296: Total time for which application threads were stopped: 0.0309606 seconds, Stopping threads took: 0.0001447 seconds
2024-10-09T21:22:44.265+0300: 373.483: Application time: 0.1872880 seconds
2024-10-09T21:22:44.265+0300: 373.483: [GC (Allocation Failure) 2024-10-09T21:22:44.265+0300: 373.483: [ParNew: 455496K->51072K(460096K), 0.0237604 secs] 2718521K->2318630K(4143232K), 0.0238449 secs] [Times: user=0.02 sys=0.01, real=0.03 secs] 
2024-10-09T21:22:44.296+0300: 373.507: Total time for which application threads were stopped: 0.0242012 seconds, Stopping threads took: 0.0002068 seconds
2024-10-09T21:22:44.469+0300: 373.678: Application time: 0.1704927 seconds
2024-10-09T21:22:44.469+0300: 373.678: [GC (Allocation Failure) 2024-10-09T21:22:44.469+0300: 373.678: [ParNew: 460096K->51072K(460096K), 0.0287594 secs] 2727654K->2336142K(4143232K), 0.0288408 secs] [Times: user=0.02 sys=0.02, real=0.03 secs] 
2024-10-09T21:22:44.500+0300: 373.707: Total time for which application threads were stopped: 0.0290926 seconds, Stopping threads took: 0.0001347 seconds
2024-10-09T21:22:44.673+0300: 373.890: Application time: 0.1834311 seconds
2024-10-09T21:22:44.673+0300: 373.891: [GC (Allocation Failure) 2024-10-09T21:22:44.673+0300: 373.891: [ParNew: 460096K->51072K(460096K), 0.0294150 secs] 2745166K->2366374K(4143232K), 0.0295053 secs] [Times: user=0.03 sys=0.00, real=0.03 secs] 
2024-10-09T21:22:44.704+0300: 373.920: Total time for which application threads were stopped: 0.0298357 seconds, Stopping threads took: 0.0001981 seconds
2024-10-09T21:22:44.893+0300: 374.104: Application time: 0.1844034 seconds
2024-10-09T21:22:44.893+0300: 374.105: [GC (Allocation Failure) 2024-10-09T21:22:44.893+0300: 374.105: [ParNew: 460096K->45855K(460096K), 0.0226863 secs] 2775398K->2372899K(4143232K), 0.0227712 secs] [Times: user=0.02 sys=0.00, real=0.03 secs] 
2024-10-09T21:22:44.924+0300: 374.128: Total time for which application threads were stopped: 0.0230471 seconds, Stopping threads took: 0.0001538 seconds
2024-10-09T21:22:45.097+0300: 374.300: Application time: 0.1727372 seconds
2024-10-09T21:22:45.097+0300: 374.300: [GC (Allocation Failure) 2024-10-09T21:22:45.097+0300: 374.301: [ParNew: 454879K->51072K(460096K), 0.0245983 secs] 2781923K->2390422K(4143232K), 0.0246904 secs] [Times: user=0.01 sys=0.00, real=0.02 secs] 
2024-10-09T21:22:45.112+0300: 374.325: Total time for which application threads were stopped: 0.0249701 seconds, Stopping threads took: 0.0001446 seconds
2024-10-09T21:22:45.285+0300: 374.502: Application time: 0.1772556 seconds
2024-10-09T21:22:45.285+0300: 374.503: [GC (Allocation Failure) 2024-10-09T21:22:45.285+0300: 374.503: [ParNew: 460096K->45959K(460096K), 0.0323472 secs] 2799446K->2420518K(4143232K), 0.0324382 secs] [Times: user=0.03 sys=0.00, real=0.03 secs] 
2024-10-09T21:22:45.317+0300: 374.535: Total time for which application threads were stopped: 0.0327022 seconds, Stopping threads took: 0.0001395 seconds
2024-10-09T21:22:45.505+0300: 374.714: Application time: 0.1788246 seconds
2024-10-09T21:22:45.505+0300: 374.714: [GC (Allocation Failure) 2024-10-09T21:22:45.505+0300: 374.714: [ParNew: 454983K->51072K(460096K), 0.0229547 secs] 2829542K->2439562K(4143232K), 0.0230486 secs] [Times: user=0.03 sys=0.00, real=0.02 secs] 
2024-10-09T21:22:45.521+0300: 374.737: Total time for which application threads were stopped: 0.0233108 seconds, Stopping threads took: 0.0001258 seconds
2024-10-09T21:22:45.709+0300: 374.922: Application time: 0.1845123 seconds
2024-10-09T21:22:45.709+0300: 374.922: [GC (Allocation Failure) 2024-10-09T21:22:45.709+0300: 374.922: [ParNew: 460096K->51072K(460096K), 0.0269565 secs] 2848586K->2456817K(4143232K), 0.0270483 secs] [Times: user=0.05 sys=0.00, real=0.03 secs] 
2024-10-09T21:22:45.743+0300: 374.949: Total time for which application threads were stopped: 0.0274167 seconds, Stopping threads took: 0.0002190 seconds
2024-10-09T21:22:45.913+0300: 375.124: Application time: 0.1744999 seconds
2024-10-09T21:22:45.913+0300: 375.124: [GC (Allocation Failure) 2024-10-09T21:22:45.913+0300: 375.124: [ParNew: 460096K->46857K(460096K), 0.0260879 secs] 2865841K->2474542K(4143232K), 0.0261773 secs] [Times: user=0.02 sys=0.00, real=0.03 secs] 
2024-10-09T21:22:45.945+0300: 375.150: Total time for which application threads were stopped: 0.0264490 seconds, Stopping threads took: 0.0001485 seconds
2024-10-09T21:22:46.117+0300: 375.330: Application time: 0.1793817 seconds
2024-10-09T21:22:46.117+0300: 375.330: [GC (Allocation Failure) 2024-10-09T21:22:46.117+0300: 375.330: [ParNew: 455881K->50288K(460096K), 0.0259753 secs] 2883566K->2499151K(4143232K), 0.0260559 secs] [Times: user=0.03 sys=0.01, real=0.03 secs] 
2024-10-09T21:22:46.149+0300: 375.356: Total time for which application threads were stopped: 0.0263498 seconds, Stopping threads took: 0.0001726 seconds
2024-10-09T21:22:46.337+0300: 375.540: Application time: 0.1841976 seconds
2024-10-09T21:22:46.337+0300: 375.540: [GC (Allocation Failure) 2024-10-09T21:22:46.337+0300: 375.540: [ParNew: 459312K->51072K(460096K), 0.0235136 secs] 2908175K->2508893K(4143232K), 0.0236007 secs] [Times: user=0.05 sys=0.00, real=0.02 secs] 
2024-10-09T21:22:46.353+0300: 375.564: Total time for which application threads were stopped: 0.0238693 seconds, Stopping threads took: 0.0001356 seconds
2024-10-09T21:22:46.526+0300: 375.736: Application time: 0.1719857 seconds
2024-10-09T21:22:46.526+0300: 375.736: [GC (Allocation Failure) 2024-10-09T21:22:46.526+0300: 375.736: [ParNew: 460096K->51072K(460096K), 0.0352389 secs] 2917917K->2542924K(4143232K), 0.0353248 secs] [Times: user=0.03 sys=0.00, real=0.03 secs] 
2024-10-09T21:22:46.557+0300: 375.772: Total time for which application threads were stopped: 0.0356004 seconds, Stopping threads took: 0.0001538 seconds
2024-10-09T21:22:46.745+0300: 375.953: Application time: 0.1814051 seconds
2024-10-09T21:22:46.745+0300: 375.953: [GC (Allocation Failure) 2024-10-09T21:22:46.745+0300: 375.953: [ParNew: 460096K->51072K(460096K), 0.0228063 secs] 2951948K->2556259K(4143232K), 0.0228972 secs] [Times: user=0.02 sys=0.00, real=0.02 secs] 
2024-10-09T21:22:46.761+0300: 375.976: Total time for which application threads were stopped: 0.0231931 seconds, Stopping threads took: 0.0001563 seconds
2024-10-09T21:22:46.949+0300: 376.162: Application time: 0.1860131 seconds
2024-10-09T21:22:46.949+0300: 376.162: [GC (Allocation Failure) 2024-10-09T21:22:46.949+0300: 376.163: [ParNew: 460096K->51072K(460096K), 0.0256736 secs] 2965283K->2572154K(4143232K), 0.0257554 secs] [Times: user=0.03 sys=0.00, real=0.03 secs] 
2024-10-09T21:22:46.980+0300: 376.188: Total time for which application threads were stopped: 0.0260390 seconds, Stopping threads took: 0.0001599 seconds
2024-10-09T21:22:47.153+0300: 376.358: Application time: 0.1693445 seconds
2024-10-09T21:22:47.153+0300: 376.358: [GC (Allocation Failure) 2024-10-09T21:22:47.153+0300: 376.358: [ParNew: 460096K->51072K(460096K), 0.0255341 secs] 2981178K->2590952K(4143232K), 0.0256217 secs] [Times: user=0.02 sys=0.00, real=0.02 secs] 
2024-10-09T21:22:47.169+0300: 376.384: Total time for which application threads were stopped: 0.0259165 seconds, Stopping threads took: 0.0001734 seconds
2024-10-09T21:22:47.357+0300: 376.562: Application time: 0.1787034 seconds
2024-10-09T21:22:47.357+0300: 376.562: [GC (Allocation Failure) 2024-10-09T21:22:47.357+0300: 376.562: [ParNew: 460096K->48625K(460096K), 0.0280264 secs] 2999976K->2612295K(4143232K), 0.0281079 secs] [Times: user=0.02 sys=0.00, real=0.02 secs] 
2024-10-09T21:22:47.373+0300: 376.591: Total time for which application threads were stopped: 0.0283631 seconds, Stopping threads took: 0.0001387 seconds
2024-10-09T21:22:47.561+0300: 376.777: Application time: 0.1865536 seconds
2024-10-09T21:22:47.561+0300: 376.777: [GC (Allocation Failure) 2024-10-09T21:22:47.561+0300: 376.777: [ParNew: 457649K->51072K(460096K), 0.0295265 secs] 3021319K->2634999K(4143232K), 0.0296221 secs] [Times: user=0.12 sys=0.00, real=0.03 secs] 
2024-10-09T21:22:47.592+0300: 376.807: Total time for which application threads were stopped: 0.0299384 seconds, Stopping threads took: 0.0001723 seconds
2024-10-09T21:22:47.765+0300: 376.976: Application time: 0.1692161 seconds
2024-10-09T21:22:47.765+0300: 376.977: [GC (Allocation Failure) 2024-10-09T21:22:47.765+0300: 376.977: [ParNew: 460096K->51072K(460096K), 0.0290577 secs] 3044023K->2659480K(4143232K), 0.0291552 secs] [Times: user=0.03 sys=0.00, real=0.03 secs] 
2024-10-09T21:22:47.796+0300: 377.006: Total time for which application threads were stopped: 0.0294538 seconds, Stopping threads took: 0.0001545 seconds
2024-10-09T21:22:47.985+0300: 377.188: Application time: 0.1820656 seconds
2024-10-09T21:22:47.985+0300: 377.188: [GC (Allocation Failure) 2024-10-09T21:22:47.985+0300: 377.188: [ParNew: 460096K->51072K(460096K), 0.0251400 secs] 3068504K->2677362K(4143232K), 0.0252271 secs] [Times: user=0.02 sys=0.00, real=0.02 secs] 
2024-10-09T21:22:48.000+0300: 377.213: Total time for which application threads were stopped: 0.0255088 seconds, Stopping threads took: 0.0001442 seconds
2024-10-09T21:22:48.173+0300: 377.391: Application time: 0.1773902 seconds
2024-10-09T21:22:48.173+0300: 377.391: [GC (Allocation Failure) 2024-10-09T21:22:48.173+0300: 377.391: [ParNew: 460096K->51072K(460096K), 0.0265277 secs] 3086386K->2697038K(4143232K), 0.0266071 secs] [Times: user=0.03 sys=0.00, real=0.03 secs] 
2024-10-09T21:22:48.204+0300: 377.418: Total time for which application threads were stopped: 0.0268535 seconds, Stopping threads took: 0.0001271 seconds
2024-10-09T21:22:48.377+0300: 377.590: Application time: 0.1721031 seconds
2024-10-09T21:22:48.377+0300: 377.590: [GC (Allocation Failure) 2024-10-09T21:22:48.377+0300: 377.590: [ParNew: 460096K->48762K(460096K), 0.0286236 secs] 3106062K->2716573K(4143232K), 0.0287115 secs] [Times: user=0.03 sys=0.00, real=0.03 secs] 
2024-10-09T21:22:48.408+0300: 377.619: Total time for which application threads were stopped: 0.0289968 seconds, Stopping threads took: 0.0001593 seconds
2024-10-09T21:22:48.596+0300: 377.808: Application time: 0.1894069 seconds
2024-10-09T21:22:48.596+0300: 377.808: [GC (Allocation Failure) 2024-10-09T21:22:48.596+0300: 377.808: [ParNew: 457786K->51072K(460096K), 0.0232370 secs] 3125597K->2729954K(4143232K), 0.0233255 secs] [Times: user=0.02 sys=0.00, real=0.03 secs] 
2024-10-09T21:22:48.627+0300: 377.832: Total time for which application threads were stopped: 0.0236434 seconds, Stopping threads took: 0.0001792 seconds
2024-10-09T21:22:48.801+0300: 378.006: Application time: 0.1740322 seconds
2024-10-09T21:22:48.801+0300: 378.006: [GC (Allocation Failure) 2024-10-09T21:22:48.801+0300: 378.006: [ParNew: 460096K->51072K(460096K), 0.0301800 secs] 3138978K->2753767K(4143232K), 0.0302717 secs] [Times: user=0.03 sys=0.00, real=0.03 secs] 
2024-10-09T21:22:48.832+0300: 378.036: Total time for which application threads were stopped: 0.0305359 seconds, Stopping threads took: 0.0001438 seconds
2024-10-09T21:22:49.005+0300: 378.208: Application time: 0.1718658 seconds
2024-10-09T21:22:49.005+0300: 378.208: [GC (Allocation Failure) 2024-10-09T21:22:49.005+0300: 378.209: [ParNew: 460096K->46986K(460096K), 0.0289874 secs] 3162791K->2777098K(4143232K), 0.0290782 secs] [Times: user=0.05 sys=0.00, real=0.01 secs] 
2024-10-09T21:22:49.020+0300: 378.238: Total time for which application threads were stopped: 0.0294077 seconds, Stopping threads took: 0.0001870 seconds
2024-10-09T21:22:49.209+0300: 378.422: Application time: 0.1848910 seconds
2024-10-09T21:22:49.209+0300: 378.423: [GC (Allocation Failure) 2024-10-09T21:22:49.209+0300: 378.423: [ParNew: 456010K->51072K(460096K), 0.0247235 secs] 3186122K->2794363K(4143232K), 0.0248251 secs] [Times: user=0.03 sys=0.00, real=0.03 secs] 
2024-10-09T21:22:49.240+0300: 378.448: Total time for which application threads were stopped: 0.0251288 seconds, Stopping threads took: 0.0001654 seconds
2024-10-09T21:22:49.413+0300: 378.629: Application time: 0.1808811 seconds
2024-10-09T21:22:49.413+0300: 378.629: [GC (Allocation Failure) 2024-10-09T21:22:49.413+0300: 378.629: [ParNew: 460096K->51072K(460096K), 0.0290913 secs] 3203387K->2814206K(4143232K), 0.0291820 secs] [Times: user=0.09 sys=0.00, real=0.04 secs] 
2024-10-09T21:22:49.451+0300: 378.658: Total time for which application threads were stopped: 0.0294318 seconds, Stopping threads took: 0.0001174 seconds
2024-10-09T21:22:49.617+0300: 378.835: Application time: 0.1771248 seconds
2024-10-09T21:22:49.617+0300: 378.835: [GC (Allocation Failure) 2024-10-09T21:22:49.617+0300: 378.835: [ParNew: 460096K->51072K(460096K), 0.0237076 secs] 3223230K->2832122K(4143232K), 0.0237979 secs] [Times: user=0.06 sys=0.00, real=0.03 secs] 
2024-10-09T21:22:49.652+0300: 378.859: Total time for which application threads were stopped: 0.0240818 seconds, Stopping threads took: 0.0001329 seconds
2024-10-09T21:22:49.837+0300: 379.044: Application time: 0.1843664 seconds
2024-10-09T21:22:49.837+0300: 379.044: [GC (Allocation Failure) 2024-10-09T21:22:49.837+0300: 379.044: [ParNew: 460096K->51072K(460096K), 0.0256844 secs] 3241146K->2850548K(4143232K), 0.0257709 secs] [Times: user=0.02 sys=0.00, real=0.02 secs] 
2024-10-09T21:22:49.853+0300: 379.070: Total time for which application threads were stopped: 0.0260640 seconds, Stopping threads took: 0.0001688 seconds
2024-10-09T21:22:50.041+0300: 379.252: Application time: 0.1823779 seconds
2024-10-09T21:22:50.041+0300: 379.252: [GC (Allocation Failure) 2024-10-09T21:22:50.041+0300: 379.252: [ParNew: 460096K->51072K(460096K), 0.0312140 secs] 3259572K->2876473K(4143232K), 0.0313046 secs] [Times: user=0.03 sys=0.00, real=0.03 secs] 
2024-10-09T21:22:50.073+0300: 379.284: Total time for which application threads were stopped: 0.0315676 seconds, Stopping threads took: 0.0001376 seconds
2024-10-09T21:22:50.245+0300: 379.448: Application time: 0.1649185 seconds
2024-10-09T21:22:50.245+0300: 379.449: [GC (Allocation Failure) 2024-10-09T21:22:50.245+0300: 379.449: [ParNew: 460096K->51072K(460096K), 0.0281449 secs] 3285497K->2903519K(4143232K), 0.0282350 secs] [Times: user=0.02 sys=0.00, real=0.02 secs] 
2024-10-09T21:22:50.261+0300: 379.477: Total time for which application threads were stopped: 0.0285144 seconds, Stopping threads took: 0.0001184 seconds
2024-10-09T21:22:50.453+0300: 379.664: Application time: 0.1868220 seconds
2024-10-09T21:22:50.453+0300: 379.664: [GC (Allocation Failure) 2024-10-09T21:22:50.453+0300: 379.664: [ParNew: 460096K->51072K(460096K), 0.0240642 secs] 3312543K->2915968K(4143232K), 0.0241539 secs] [Times: user=0.03 sys=0.00, real=0.03 secs] 
2024-10-09T21:22:50.481+0300: 379.688: Total time for which application threads were stopped: 0.0244378 seconds, Stopping threads took: 0.0001573 seconds
2024-10-09T21:22:50.669+0300: 379.877: Application time: 0.1887638 seconds
2024-10-09T21:22:50.669+0300: 379.877: [GC (Allocation Failure) 2024-10-09T21:22:50.669+0300: 379.877: [ParNew: 460096K->51072K(460096K), 0.0267843 secs] 3324992K->2933935K(4143232K), 0.0268836 secs] [Times: user=0.05 sys=0.00, real=0.03 secs] 
2024-10-09T21:22:50.701+0300: 379.904: Total time for which application threads were stopped: 0.0272016 seconds, Stopping threads took: 0.0001615 seconds
2024-10-09T21:22:50.858+0300: 380.069: Application time: 0.1646007 seconds
2024-10-09T21:22:50.858+0300: 380.069: [GC (Allocation Failure) 2024-10-09T21:22:50.858+0300: 380.069: [ParNew: 460096K->51072K(460096K), 0.0242018 secs] 3342959K->2952701K(4143232K), 0.0242900 secs] [Times: user=0.03 sys=0.00, real=0.03 secs] 
2024-10-09T21:22:50.889+0300: 380.093: Total time for which application threads were stopped: 0.0245456 seconds, Stopping threads took: 0.0001331 seconds
2024-10-09T21:22:51.077+0300: 380.284: Application time: 0.1909834 seconds
2024-10-09T21:22:51.077+0300: 380.285: [GC (Allocation Failure) 2024-10-09T21:22:51.077+0300: 380.285: [ParNew: 460096K->51072K(460096K), 0.0248864 secs] 3361725K->2968946K(4143232K), 0.0249703 secs] [Times: user=0.02 sys=0.00, real=0.02 secs] 
2024-10-09T21:22:51.093+0300: 380.310: Total time for which application threads were stopped: 0.0251995 seconds, Stopping threads took: 0.0001073 seconds
2024-10-09T21:22:51.281+0300: 380.488: Application time: 0.1782574 seconds
2024-10-09T21:22:51.281+0300: 380.488: [GC (Allocation Failure) 2024-10-09T21:22:51.281+0300: 380.488: [ParNew: 460096K->51072K(460096K), 0.0275053 secs] 3377970K->2988320K(4143232K), 0.0275876 secs] [Times: user=0.02 sys=0.00, real=0.02 secs] 
2024-10-09T21:22:51.297+0300: 380.516: Total time for which application threads were stopped: 0.0278652 seconds, Stopping threads took: 0.0001529 seconds
2024-10-09T21:22:51.470+0300: 380.685: Application time: 0.1688882 seconds
2024-10-09T21:22:51.470+0300: 380.685: [GC (Allocation Failure) 2024-10-09T21:22:51.470+0300: 380.685: [ParNew: 460096K->51072K(460096K), 0.0278248 secs] 3397344K->3009062K(4143232K), 0.0279125 secs] [Times: user=0.06 sys=0.00, real=0.03 secs] 
2024-10-09T21:22:51.502+0300: 380.713: Total time for which application threads were stopped: 0.0281883 seconds, Stopping threads took: 0.0001517 seconds
2024-10-09T21:22:51.705+0300: 380.909: Application time: 0.1962307 seconds
2024-10-09T21:22:51.705+0300: 380.909: [GC (Allocation Failure) 2024-10-09T21:22:51.705+0300: 380.909: [ParNew: 460096K->51072K(460096K), 0.0296205 secs] 3418086K->3037911K(4143232K), 0.0297143 secs] [Times: user=0.02 sys=0.00, real=0.02 secs] 
2024-10-09T21:22:51.721+0300: 380.939: Total time for which application threads were stopped: 0.0299705 seconds, Stopping threads took: 0.0001349 seconds
2024-10-09T21:22:51.909+0300: 381.117: Application time: 0.1781093 seconds
2024-10-09T21:22:51.909+0300: 381.117: [GC (Allocation Failure) 2024-10-09T21:22:51.909+0300: 381.117: [ParNew: 460096K->51072K(460096K), 0.0266367 secs] 3446935K->3055412K(4143232K), 0.0267257 secs] [Times: user=0.03 sys=0.00, real=0.03 secs] 
2024-10-09T21:22:51.941+0300: 381.144: Total time for which application threads were stopped: 0.0269979 seconds, Stopping threads took: 0.0001463 seconds
2024-10-09T21:22:52.113+0300: 381.319: Application time: 0.1751900 seconds
2024-10-09T21:22:52.113+0300: 381.319: [GC (Allocation Failure) 2024-10-09T21:22:52.113+0300: 381.320: [ParNew: 460096K->51072K(460096K), 0.0262258 secs] 3464436K->3073189K(4143232K), 0.0263099 secs] [Times: user=0.02 sys=0.00, real=0.02 secs] 
2024-10-09T21:22:52.129+0300: 381.346: Total time for which application threads were stopped: 0.0265726 seconds, Stopping threads took: 0.0001454 seconds
2024-10-09T21:22:52.317+0300: 381.526: Application time: 0.1800159 seconds
2024-10-09T21:22:52.317+0300: 381.526: [GC (Allocation Failure) 2024-10-09T21:22:52.317+0300: 381.526: [ParNew: 460096K->51072K(460096K), 0.0280207 secs] 3482213K->3099867K(4143232K), 0.0281118 secs] [Times: user=0.03 sys=0.00, real=0.03 secs] 
2024-10-09T21:22:52.349+0300: 381.554: Total time for which application threads were stopped: 0.0283398 seconds, Stopping threads took: 0.0000817 seconds
2024-10-09T21:22:52.521+0300: 381.737: Application time: 0.1824176 seconds
2024-10-09T21:22:52.521+0300: 381.737: [GC (Allocation Failure) 2024-10-09T21:22:52.521+0300: 381.737: [ParNew: 460096K->51072K(460096K), 0.0236576 secs] 3508891K->3110465K(4143232K), 0.0237481 secs] [Times: user=0.03 sys=0.00, real=0.03 secs] 
2024-10-09T21:22:52.553+0300: 381.761: Total time for which application threads were stopped: 0.0240708 seconds, Stopping threads took: 0.0001827 seconds
2024-10-09T21:22:52.725+0300: 381.943: Application time: 0.1820738 seconds
2024-10-09T21:22:52.725+0300: 381.943: [GC (Allocation Failure) 2024-10-09T21:22:52.725+0300: 381.943: [ParNew: 460096K->51072K(460096K), 0.0308909 secs] 3519489K->3134593K(4143232K), 0.0309838 secs] [Times: user=0.05 sys=0.00, real=0.03 secs] 
2024-10-09T21:22:52.759+0300: 381.974: Total time for which application threads were stopped: 0.0313129 seconds, Stopping threads took: 0.0001740 seconds
2024-10-09T21:22:52.930+0300: 382.148: Application time: 0.1740188 seconds
2024-10-09T21:22:52.930+0300: 382.148: [GC (Allocation Failure) 2024-10-09T21:22:52.930+0300: 382.148: [ParNew: 460096K->51072K(460096K), 0.0285053 secs] 3543617K->3162027K(4143232K), 0.0285905 secs] [Times: user=0.03 sys=0.00, real=0.03 secs] 
2024-10-09T21:22:52.962+0300: 382.177: Total time for which application threads were stopped: 0.0288373 seconds, Stopping threads took: 0.0001245 seconds
2024-10-09T21:22:53.149+0300: 382.360: Application time: 0.1825773 seconds
2024-10-09T21:22:53.149+0300: 382.360: [GC (Allocation Failure) 2024-10-09T21:22:53.149+0300: 382.360: [ParNew: 460096K->51072K(460096K), 0.0230999 secs] 3571051K->3171861K(4143232K), 0.0231850 secs] [Times: user=0.02 sys=0.00, real=0.02 secs] 
2024-10-09T21:22:53.166+0300: 382.383: Total time for which application threads were stopped: 0.0234849 seconds, Stopping threads took: 0.0001785 seconds
2024-10-09T21:22:53.360+0300: 382.565: Application time: 0.1822650 seconds
2024-10-09T21:22:53.360+0300: 382.565: [GC (Allocation Failure) 2024-10-09T21:22:53.360+0300: 382.566: [ParNew: 460096K->51072K(460096K), 0.0296134 secs] 3580885K->3191457K(4143232K), 0.0296960 secs] [Times: user=0.05 sys=0.00, real=0.03 secs] 
2024-10-09T21:22:53.385+0300: 382.595: Total time for which application threads were stopped: 0.0299475 seconds, Stopping threads took: 0.0001308 seconds
2024-10-09T21:22:53.560+0300: 382.768: Application time: 0.1731709 seconds
2024-10-09T21:22:53.560+0300: 382.769: [GC (Allocation Failure) 2024-10-09T21:22:53.560+0300: 382.769: [ParNew: 460096K->51072K(460096K), 0.0302198 secs] 3600481K->3219381K(4143232K), 0.0303171 secs] [Times: user=0.08 sys=0.00, real=0.03 secs] 
2024-10-09T21:22:53.590+0300: 382.799: Total time for which application threads were stopped: 0.0306082 seconds, Stopping threads took: 0.0001477 seconds
2024-10-09T21:22:53.778+0300: 382.985: Application time: 0.1861027 seconds
2024-10-09T21:22:53.778+0300: 382.985: [GC (Allocation Failure) 2024-10-09T21:22:53.778+0300: 382.985: [ParNew: 460096K->51072K(460096K), 0.0243837 secs] 3628405K->3235183K(4143232K), 0.0244783 secs] [Times: user=0.02 sys=0.00, real=0.02 secs] 
2024-10-09T21:22:53.794+0300: 383.010: Total time for which application threads were stopped: 0.0247708 seconds, Stopping threads took: 0.0001590 seconds
2024-10-09T21:22:53.982+0300: 383.191: Application time: 0.1812784 seconds
2024-10-09T21:22:53.982+0300: 383.191: [GC (Allocation Failure) 2024-10-09T21:22:53.982+0300: 383.191: [ParNew: 460096K->51072K(460096K), 0.0267567 secs] 3644207K->3250303K(4143232K), 0.0268516 secs] [Times: user=0.03 sys=0.00, real=0.03 secs] 
2024-10-09T21:22:54.013+0300: 383.218: Total time for which application threads were stopped: 0.0271449 seconds, Stopping threads took: 0.0001563 seconds
2024-10-09T21:22:54.186+0300: 383.392: Application time: 0.1734787 seconds
2024-10-09T21:22:54.186+0300: 383.392: [GC (Allocation Failure) 2024-10-09T21:22:54.186+0300: 383.392: [ParNew: 460096K->51072K(460096K), 0.0310847 secs] 3659327K->3279913K(4143232K), 0.0311692 secs] [Times: user=0.03 sys=0.00, real=0.03 secs] 
2024-10-09T21:22:54.217+0300: 383.423: Total time for which application threads were stopped: 0.0313885 seconds, Stopping threads took: 0.0000972 seconds
2024-10-09T21:22:54.390+0300: 383.607: Application time: 0.1841329 seconds
2024-10-09T21:22:54.390+0300: 383.608: [GC (Allocation Failure) 2024-10-09T21:22:54.390+0300: 383.608: [ParNew: 460096K->47721K(460096K), 0.0247638 secs] 3688937K->3296011K(4143232K), 0.0248546 secs] [Times: user=0.03 sys=0.00, real=0.03 secs] 
2024-10-09T21:22:54.421+0300: 383.632: Total time for which application threads were stopped: 0.0251502 seconds, Stopping threads took: 0.0001654 seconds
2024-10-09T21:22:54.609+0300: 383.821: Application time: 0.1883500 seconds
2024-10-09T21:22:54.609+0300: 383.821: [GC (Allocation Failure) 2024-10-09T21:22:54.609+0300: 383.821: [ParNew: 456745K->51072K(460096K), 0.0247224 secs] 3705035K->3309780K(4143232K), 0.0248194 secs] [Times: user=0.06 sys=0.00, real=0.03 secs] 
2024-10-09T21:22:54.640+0300: 383.846: Total time for which application threads were stopped: 0.0251297 seconds, Stopping threads took: 0.0001538 seconds
2024-10-09T21:22:54.813+0300: 384.024: Application time: 0.1785073 seconds
2024-10-09T21:22:54.813+0300: 384.025: [GC (Allocation Failure) 2024-10-09T21:22:54.813+0300: 384.025: [ParNew: 460096K->51072K(460096K), 0.0307732 secs] 3718804K->3336199K(4143232K), 0.0308678 secs] [Times: user=0.03 sys=0.00, real=0.03 secs] 
2024-10-09T21:22:54.844+0300: 384.056: Total time for which application threads were stopped: 0.0311707 seconds, Stopping threads took: 0.0001574 seconds
2024-10-09T21:22:55.017+0300: 384.232: Application time: 0.1762565 seconds
2024-10-09T21:22:55.017+0300: 384.232: [GC (Allocation Failure) 2024-10-09T21:22:55.017+0300: 384.232: [ParNew: 460096K->49613K(460096K), 0.0247689 secs] 3745223K->3350940K(4143232K), 0.0248549 secs] [Times: user=0.03 sys=0.00, real=0.03 secs] 
2024-10-09T21:22:55.048+0300: 384.257: Total time for which application threads were stopped: 0.0251059 seconds, Stopping threads took: 0.0001363 seconds
2024-10-09T21:22:55.221+0300: 384.439: Application time: 0.1821804 seconds
2024-10-09T21:22:55.221+0300: 384.439: [GC (Allocation Failure) 2024-10-09T21:22:55.221+0300: 384.439: [ParNew: 458637K->51072K(460096K), 0.0243420 secs] 3759964K->3367869K(4143232K), 0.0244250 secs] [Times: user=0.03 sys=0.00, real=0.03 secs] 
2024-10-09T21:22:55.252+0300: 384.464: Total time for which application threads were stopped: 0.0246897 seconds, Stopping threads took: 0.0001446 seconds
2024-10-09T21:22:55.441+0300: 384.644: Application time: 0.1805409 seconds
2024-10-09T21:22:55.441+0300: 384.645: [GC (Allocation Failure) 2024-10-09T21:22:55.441+0300: 384.645: [ParNew: 460096K->51072K(460096K), 0.0272082 secs] 3776893K->3387539K(4143232K), 0.0272985 secs] [Times: user=0.03 sys=0.00, real=0.02 secs] 
2024-10-09T21:22:55.464+0300: 384.672: Total time for which application threads were stopped: 0.0276131 seconds, Stopping threads took: 0.0001881 seconds
2024-10-09T21:22:55.645+0300: 384.849: Application time: 0.1773288 seconds
2024-10-09T21:22:55.645+0300: 384.850: [GC (Allocation Failure) 2024-10-09T21:22:55.645+0300: 384.850: [ParNew: 460096K->50519K(460096K), 0.0247218 secs] 3796563K->3401313K(4143232K), 0.0248137 secs] [Times: user=0.03 sys=0.00, real=0.02 secs] 
2024-10-09T21:22:55.665+0300: 384.874: Total time for which application threads were stopped: 0.0250942 seconds, Stopping threads took: 0.0001392 seconds
2024-10-09T21:22:55.834+0300: 385.051: Application time: 0.1768957 seconds
2024-10-09T21:22:55.834+0300: 385.052: [GC (Allocation Failure) 2024-10-09T21:22:55.834+0300: 385.052: [ParNew: 459543K->51072K(460096K), 0.0252858 secs] 3810337K->3422583K(4143232K), 0.0253743 secs] [Times: user=0.03 sys=0.00, real=0.03 secs] 
2024-10-09T21:22:55.865+0300: 385.077: Total time for which application threads were stopped: 0.0256344 seconds, Stopping threads took: 0.0001291 seconds
2024-10-09T21:22:56.054+0300: 385.261: Application time: 0.1842732 seconds
2024-10-09T21:22:56.054+0300: 385.262: [GC (Allocation Failure) 2024-10-09T21:22:56.054+0300: 385.262: [ParNew: 460096K->51072K(460096K), 0.0248076 secs] 3831607K->3436517K(4143232K), 0.0249003 secs] [Times: user=0.02 sys=0.00, real=0.02 secs] 
2024-10-09T21:22:56.070+0300: 385.286: Total time for which application threads were stopped: 0.0251875 seconds, Stopping threads took: 0.0001432 seconds
2024-10-09T21:22:56.258+0300: 385.463: Application time: 0.1762625 seconds
2024-10-09T21:22:56.258+0300: 385.463: [GC (Allocation Failure) 2024-10-09T21:22:56.258+0300: 385.463: [ParNew: 460096K->51072K(460096K), 0.0272918 secs] 3845541K->3452920K(4143232K), 0.0273783 secs] [Times: user=0.03 sys=0.00, real=0.02 secs] 
2024-10-09T21:22:56.274+0300: 385.490: Total time for which application threads were stopped: 0.0276327 seconds, Stopping threads took: 0.0001403 seconds
2024-10-09T21:22:56.274+0300: 385.490: Application time: 0.0001050 seconds
2024-10-09T21:22:56.274+0300: 385.491: [GC (CMS Initial Mark) [1 CMS-initial-mark: 3401848K(3683136K)] 3459777K(4143232K), 0.0054179 secs] [Times: user=0.02 sys=0.00, real=0.02 secs] 
2024-10-09T21:22:56.289+0300: 385.496: Total time for which application threads were stopped: 0.0056849 seconds, Stopping threads took: 0.0001556 seconds
2024-10-09T21:22:56.289+0300: 385.496: [CMS-concurrent-mark-start]
2024-10-09T21:22:56.305+0300: 385.510: [CMS-concurrent-mark: 0.014/0.014 secs] [Times: user=0.02 sys=0.00, real=0.02 secs] 
2024-10-09T21:22:56.305+0300: 385.510: [CMS-concurrent-preclean-start]
2024-10-09T21:22:56.305+0300: 385.514: [CMS-concurrent-preclean: 0.004/0.004 secs] [Times: user=0.00 sys=0.00, real=0.00 secs] 
2024-10-09T21:22:56.305+0300: 385.514: [CMS-concurrent-abortable-preclean-start]
2024-10-09T21:22:56.494+0300: 385.699: Application time: 0.2025012 seconds
2024-10-09T21:22:56.494+0300: 385.699: [GC (Allocation Failure) 2024-10-09T21:22:56.494+0300: 385.699: [ParNew: 460096K->48388K(460096K), 0.0321946 secs] 3861944K->3479700K(4143232K), 0.0322820 secs] [Times: user=0.06 sys=0.00, real=0.03 secs] 
2024-10-09T21:22:56.525+0300: 385.731: Total time for which application threads were stopped: 0.0325289 seconds, Stopping threads took: 0.0001244 seconds
2024-10-09T21:22:56.541+0300: 385.753: [CMS-concurrent-abortable-preclean: 0.206/0.239 secs] [Times: user=1.20 sys=0.00, real=0.24 secs] 
2024-10-09T21:22:56.573+0300: 385.776: Application time: 0.0445608 seconds
2024-10-09T21:22:56.573+0300: 385.776: [GC (CMS Final Remark) [YG occupancy: 157016 K (460096 K)]2024-10-09T21:22:56.573+0300: 385.776: [Rescan (parallel) , 0.0155918 secs]2024-10-09T21:22:56.588+0300: 385.792: [weak refs processing, 0.0000190 secs]2024-10-09T21:22:56.588+0300: 385.792: [class unloading, 0.0021550 secs]2024-10-09T21:22:56.588+0300: 385.794: [scrub symbol table, 0.0007837 secs]2024-10-09T21:22:56.588+0300: 385.795: [scrub string table, 0.0002110 secs][1 CMS-remark: 3431312K(3683136K)] 3588328K(4143232K), 0.0188868 secs] [Times: user=0.06 sys=0.00, real=0.02 secs] 
2024-10-09T21:22:56.588+0300: 385.795: Total time for which application threads were stopped: 0.0192387 seconds, Stopping threads took: 0.0002652 seconds
2024-10-09T21:22:56.588+0300: 385.795: [CMS-concurrent-sweep-start]
2024-10-09T21:22:56.761+0300: 385.970: Application time: 0.1753700 seconds
2024-10-09T21:22:56.768+0300: 385.971: [GC (Allocation Failure) 2024-10-09T21:22:56.768+0300: 385.971: [ParNew: 457412K->47396K(460096K), 0.0269022 secs] 3542174K->3146697K(4143232K), 0.0269963 secs] [Times: user=0.02 sys=0.00, real=0.02 secs] 
2024-10-09T21:22:56.792+0300: 385.998: Total time for which application threads were stopped: 0.0273058 seconds, Stopping threads took: 0.0001721 seconds
2024-10-09T21:22:56.996+0300: 386.212: Application time: 0.2147885 seconds
2024-10-09T21:22:56.996+0300: 386.213: [GC (Allocation Failure) 2024-10-09T21:22:56.996+0300: 386.213: [ParNew: 456420K->51072K(460096K), 0.0249243 secs] 3133989K->2742686K(4143232K), 0.0250162 secs] [Times: user=0.03 sys=0.00, real=0.03 secs] 
2024-10-09T21:22:57.027+0300: 386.238: Total time for which application threads were stopped: 0.0253022 seconds, Stopping threads took: 0.0001587 seconds
2024-10-09T21:22:57.231+0300: 386.439: Application time: 0.2012393 seconds
2024-10-09T21:22:57.231+0300: 386.439: [GC (Allocation Failure) 2024-10-09T21:22:57.231+0300: 386.439: [ParNew: 460096K->50352K(460096K), 0.0305596 secs] 2764467K->2379025K(4143232K), 0.0306620 secs] [Times: user=0.03 sys=0.00, real=0.03 secs] 
2024-10-09T21:22:57.262+0300: 386.470: Total time for which application threads were stopped: 0.0310042 seconds, Stopping threads took: 0.0001606 seconds
2024-10-09T21:22:57.469+0300: 386.679: Application time: 0.2085131 seconds
2024-10-09T21:22:57.469+0300: 386.679: [GC (Allocation Failure) 2024-10-09T21:22:57.469+0300: 386.679: [ParNew: 459376K->38466K(460096K), 0.0279426 secs] 2393372K->2003007K(4143232K), 0.0280657 secs] [Times: user=0.05 sys=0.00, real=0.03 secs] 
2024-10-09T21:22:57.498+0300: 386.707: Total time for which application threads were stopped: 0.0283721 seconds, Stopping threads took: 0.0001649 seconds
2024-10-09T21:22:57.733+0300: 386.939: Application time: 0.2324403 seconds
2024-10-09T21:22:57.733+0300: 386.940: [GC (Allocation Failure) 2024-10-09T21:22:57.733+0300: 386.940: [ParNew: 447490K->51072K(460096K), 0.0207216 secs] 1968726K->1573871K(4143232K), 0.0208274 secs] [Times: user=0.05 sys=0.00, real=0.02 secs] 
2024-10-09T21:22:57.749+0300: 386.961: Total time for which application threads were stopped: 0.0212001 seconds, Stopping threads took: 0.0001880 seconds
2024-10-09T21:22:57.937+0300: 387.154: Application time: 0.1936821 seconds
2024-10-09T21:22:57.937+0300: 387.155: [GC (Allocation Failure) 2024-10-09T21:22:57.937+0300: 387.155: [ParNew: 460096K->51072K(460096K), 0.0302798 secs] 1615198K->1229789K(4143232K), 0.0303668 secs] [Times: user=0.03 sys=0.00, real=0.03 secs] 
2024-10-09T21:22:57.970+0300: 387.185: Total time for which application threads were stopped: 0.0306754 seconds, Stopping threads took: 0.0001882 seconds
2024-10-09T21:22:58.204+0300: 387.412: Application time: 0.2271872 seconds
2024-10-09T21:22:58.204+0300: 387.412: [GC (Allocation Failure) 2024-10-09T21:22:58.204+0300: 387.412: [ParNew: 460096K->50140K(460096K), 0.0271760 secs] 1199239K->813212K(4143232K), 0.0272563 secs] [Times: user=0.03 sys=0.00, real=0.03 secs] 
2024-10-09T21:22:58.236+0300: 387.440: Total time for which application threads were stopped: 0.0275543 seconds, Stopping threads took: 0.0001723 seconds
2024-10-09T21:22:58.440+0300: 387.657: Application time: 0.2172946 seconds
2024-10-09T21:22:58.440+0300: 387.657: [GC (Allocation Failure) 2024-10-09T21:22:58.440+0300: 387.657: [ParNew: 459164K->51072K(460096K), 0.0242927 secs] 806986K->408848K(4143232K), 0.0243781 secs] [Times: user=0.03 sys=0.00, real=0.03 secs] 
2024-10-09T21:22:58.471+0300: 387.682: Total time for which application threads were stopped: 0.0246686 seconds, Stopping threads took: 0.0001663 seconds
2024-10-09T21:22:58.572+0300: 387.777: [CMS-concurrent-sweep: 1.765/1.982 secs] [Times: user=10.36 sys=0.03, real=1.98 secs] 
2024-10-09T21:22:58.572+0300: 387.777: [CMS-concurrent-reset-start]
2024-10-09T21:22:58.581+0300: 387.785: [CMS-concurrent-reset: 0.008/0.008 secs] [Times: user=0.03 sys=0.00, real=0.01 secs] 
2024-10-09T21:22:58.659+0300: 387.873: Application time: 0.1912498 seconds
2024-10-09T21:22:58.659+0300: 387.873: [GC (Allocation Failure) 2024-10-09T21:22:58.659+0300: 387.873: [ParNew: 460096K->51072K(460096K), 0.0279406 secs] 659844K->276388K(4143232K), 0.0280358 secs] [Times: user=0.03 sys=0.00, real=0.03 secs] 
2024-10-09T21:22:58.691+0300: 387.901: Total time for which application threads were stopped: 0.0282864 seconds, Stopping threads took: 0.0001186 seconds
2024-10-09T21:22:58.879+0300: 388.086: Application time: 0.1851967 seconds
2024-10-09T21:22:58.879+0300: 388.087: [GC (Allocation Failure) 2024-10-09T21:22:58.879+0300: 388.087: [ParNew: 460096K->51072K(460096K), 0.0230894 secs] 685412K->291809K(4143232K), 0.0231767 secs] [Times: user=0.01 sys=0.00, real=0.02 secs] 
2024-10-09T21:22:58.895+0300: 388.110: Total time for which application threads were stopped: 0.0234527 seconds, Stopping threads took: 0.0001566 seconds
2024-10-09T21:22:59.083+0300: 388.288: Application time: 0.1778118 seconds
2024-10-09T21:22:59.083+0300: 388.288: [GC (Allocation Failure) 2024-10-09T21:22:59.083+0300: 388.288: [ParNew: 460096K->51072K(460096K), 0.0288049 secs] 700833K->313456K(4143232K), 0.0288900 secs] [Times: user=0.02 sys=0.00, real=0.02 secs] 
2024-10-09T21:22:59.099+0300: 388.317: Total time for which application threads were stopped: 0.0291132 seconds, Stopping threads took: 0.0001024 seconds
2024-10-09T21:22:59.273+0300: 388.485: Application time: 0.1677465 seconds
2024-10-09T21:22:59.273+0300: 388.485: [GC (Allocation Failure) 2024-10-09T21:22:59.273+0300: 388.485: [ParNew: 460096K->51072K(460096K), 0.0260942 secs] 722480K->333584K(4143232K), 0.0261803 secs] [Times: user=0.05 sys=0.00, real=0.04 secs] 
2024-10-09T21:22:59.308+0300: 388.511: Total time for which application threads were stopped: 0.0264665 seconds, Stopping threads took: 0.0001407 seconds
2024-10-09T21:22:59.492+0300: 388.701: Application time: 0.1900354 seconds
2024-10-09T21:22:59.492+0300: 388.701: [GC (Allocation Failure) 2024-10-09T21:22:59.492+0300: 388.701: [ParNew: 460096K->51072K(460096K), 0.0237796 secs] 742608K->347498K(4143232K), 0.0238659 secs] [Times: user=0.02 sys=0.00, real=0.02 secs] 
2024-10-09T21:22:59.508+0300: 388.725: Total time for which application threads were stopped: 0.0241314 seconds, Stopping threads took: 0.0001453 seconds
2024-10-09T21:22:59.696+0300: 388.907: Application time: 0.1818838 seconds
2024-10-09T21:22:59.696+0300: 388.907: [GC (Allocation Failure) 2024-10-09T21:22:59.696+0300: 388.907: [ParNew: 460096K->51072K(460096K), 0.0272935 secs] 756522K->367785K(4143232K), 0.0273925 secs] [Times: user=0.03 sys=0.00, real=0.03 secs] 
2024-10-09T21:22:59.727+0300: 388.935: Total time for which application threads were stopped: 0.0277248 seconds, Stopping threads took: 0.0001782 seconds
2024-10-09T21:22:59.899+0300: 389.109: Application time: 0.1742313 seconds
2024-10-09T21:22:59.899+0300: 389.109: [GC (Allocation Failure) 2024-10-09T21:22:59.899+0300: 389.109: [ParNew: 460096K->51072K(460096K), 0.0288085 secs] 776809K->391139K(4143232K), 0.0288968 secs] [Times: user=0.06 sys=0.00, real=0.03 secs] 
2024-10-09T21:22:59.931+0300: 389.138: Total time for which application threads were stopped: 0.0291975 seconds, Stopping threads took: 0.0001629 seconds
2024-10-09T21:23:00.119+0300: 389.327: Application time: 0.1884339 seconds
2024-10-09T21:23:00.119+0300: 389.327: [GC (Allocation Failure) 2024-10-09T21:23:00.119+0300: 389.327: [ParNew: 460096K->51072K(460096K), 0.0259864 secs] 800163K->412544K(4143232K), 0.0260712 secs] [Times: user=0.02 sys=0.00, real=0.02 secs] 
2024-10-09T21:23:00.135+0300: 389.353: Total time for which application threads were stopped: 0.0263004 seconds, Stopping threads took: 0.0001042 seconds
2024-10-09T21:23:00.323+0300: 389.535: Application time: 0.1818723 seconds
2024-10-09T21:23:00.323+0300: 389.535: [GC (Allocation Failure) 2024-10-09T21:23:00.323+0300: 389.535: [ParNew: 460096K->51072K(460096K), 0.0288666 secs] 821568K->434849K(4143232K), 0.0289574 secs] [Times: user=0.06 sys=0.00, real=0.03 secs] 
2024-10-09T21:23:00.355+0300: 389.564: Total time for which application threads were stopped: 0.0292225 seconds, Stopping threads took: 0.0001387 seconds
2024-10-09T21:23:00.527+0300: 389.738: Application time: 0.1740881 seconds
2024-10-09T21:23:00.527+0300: 389.738: [GC (Allocation Failure) 2024-10-09T21:23:00.527+0300: 389.738: [ParNew: 460096K->51072K(460096K), 0.0327351 secs] 843873K->463498K(4143232K), 0.0328306 secs] [Times: user=0.03 sys=0.00, real=0.03 secs] 
2024-10-09T21:23:00.559+0300: 389.771: Total time for which application threads were stopped: 0.0331124 seconds, Stopping threads took: 0.0001523 seconds
2024-10-09T21:23:00.747+0300: 389.958: Application time: 0.1863723 seconds
2024-10-09T21:23:00.747+0300: 389.958: [GC (Allocation Failure) 2024-10-09T21:23:00.747+0300: 389.958: [ParNew: 460096K->51072K(460096K), 0.0290354 secs] 872522K->491333K(4143232K), 0.0291301 secs] [Times: user=0.06 sys=0.00, real=0.03 secs] 
2024-10-09T21:23:00.779+0300: 389.987: Total time for which application threads were stopped: 0.0294543 seconds, Stopping threads took: 0.0001989 seconds
2024-10-09T21:23:00.951+0300: 390.167: Application time: 0.1796522 seconds
2024-10-09T21:23:00.951+0300: 390.167: [GC (Allocation Failure) 2024-10-09T21:23:00.951+0300: 390.167: [ParNew: 460096K->51072K(460096K), 0.0229686 secs] 900357K->497882K(4143232K), 0.0230530 secs] [Times: user=0.03 sys=0.00, real=0.03 secs] 
2024-10-09T21:23:00.983+0300: 390.190: Total time for which application threads were stopped: 0.0233255 seconds, Stopping threads took: 0.0001546 seconds
2024-10-09T21:23:01.139+0300: 390.356: Application time: 0.1662000 seconds
2024-10-09T21:23:01.139+0300: 390.357: [GC (Allocation Failure) 2024-10-09T21:23:01.139+0300: 390.357: [ParNew: 460096K->51072K(460096K), 0.0307010 secs] 906906K->528128K(4143232K), 0.0307836 secs] [Times: user=0.02 sys=0.00, real=0.04 secs] 
2024-10-09T21:23:01.177+0300: 390.387: Total time for which application threads were stopped: 0.0310900 seconds, Stopping threads took: 0.0001858 seconds
2024-10-09T21:23:01.359+0300: 390.577: Application time: 0.1897835 seconds
2024-10-09T21:23:01.359+0300: 390.577: [GC (Allocation Failure) 2024-10-09T21:23:01.359+0300: 390.577: [ParNew: 460096K->50986K(460096K), 0.0250936 secs] 937152K->546065K(4143232K), 0.0251870 secs] [Times: user=0.05 sys=0.00, real=0.03 secs] 
2024-10-09T21:23:01.391+0300: 390.603: Total time for which application threads were stopped: 0.0254835 seconds, Stopping threads took: 0.0001692 seconds
2024-10-09T21:23:01.579+0300: 390.786: Application time: 0.1833177 seconds
2024-10-09T21:23:01.579+0300: 390.786: [GC (Allocation Failure) 2024-10-09T21:23:01.579+0300: 390.786: [ParNew: 460010K->51072K(460096K), 0.0271701 secs] 955089K->558189K(4143232K), 0.0272623 secs] [Times: user=0.02 sys=0.00, real=0.02 secs] 
2024-10-09T21:23:01.595+0300: 390.813: Total time for which application threads were stopped: 0.0275577 seconds, Stopping threads took: 0.0001537 seconds
2024-10-09T21:23:01.767+0300: 390.976: Application time: 0.1628185 seconds
2024-10-09T21:23:01.767+0300: 390.977: [GC (Allocation Failure) 2024-10-09T21:23:01.767+0300: 390.977: [ParNew: 460096K->46462K(460096K), 0.0310148 secs] 967213K->584610K(4143232K), 0.0311015 secs] [Times: user=0.03 sys=0.00, real=0.03 secs] 
2024-10-09T21:23:01.799+0300: 391.008: Total time for which application threads were stopped: 0.0313910 seconds, Stopping threads took: 0.0001725 seconds
2024-10-09T21:23:01.987+0300: 391.194: Application time: 0.1860418 seconds
2024-10-09T21:23:01.987+0300: 391.194: [GC (Allocation Failure) 2024-10-09T21:23:01.987+0300: 391.194: [ParNew: 455486K->46042K(460096K), 0.0256285 secs] 993634K->605920K(4143232K), 0.0257186 secs] [Times: user=0.02 sys=0.00, real=0.02 secs] 
2024-10-09T21:23:02.003+0300: 391.220: Total time for which application threads were stopped: 0.0259839 seconds, Stopping threads took: 0.0001431 seconds
2024-10-09T21:23:02.191+0300: 391.406: Application time: 0.1857854 seconds
2024-10-09T21:23:02.191+0300: 391.406: [GC (Allocation Failure) 2024-10-09T21:23:02.191+0300: 391.406: [ParNew: 455066K->51072K(460096K), 0.0249310 secs] 1014944K->623264K(4143232K), 0.0250144 secs] [Times: user=0.03 sys=0.00, real=0.03 secs] 
2024-10-09T21:23:02.222+0300: 391.431: Total time for which application threads were stopped: 0.0252678 seconds, Stopping threads took: 0.0001305 seconds
2024-10-09T21:23:02.380+0300: 391.592: Application time: 0.1610420 seconds
2024-10-09T21:23:02.380+0300: 391.592: [GC (Allocation Failure) 2024-10-09T21:23:02.380+0300: 391.592: [ParNew: 460096K->51072K(460096K), 0.0244808 secs] 1032288K->638690K(4143232K), 0.0245723 secs] [Times: user=0.03 sys=0.00, real=0.03 secs] 
2024-10-09T21:23:02.411+0300: 391.617: Total time for which application threads were stopped: 0.0248462 seconds, Stopping threads took: 0.0001460 seconds
2024-10-09T21:23:02.584+0300: 391.801: Application time: 0.1840034 seconds
2024-10-09T21:23:02.584+0300: 391.801: [GC (Allocation Failure) 2024-10-09T21:23:02.584+0300: 391.801: [ParNew: 460096K->37667K(460096K), 0.0298770 secs] 1047714K->651549K(4143232K), 0.0299684 secs] [Times: user=0.09 sys=0.00, real=0.03 secs] 
2024-10-09T21:23:02.615+0300: 391.831: Total time for which application threads were stopped: 0.0302051 seconds, Stopping threads took: 0.0001023 seconds
2024-10-09T21:23:02.803+0300: 392.018: Application time: 0.1873488 seconds
2024-10-09T21:23:02.803+0300: 392.018: [GC (Allocation Failure) 2024-10-09T21:23:02.803+0300: 392.019: [ParNew: 446691K->51072K(460096K), 0.0223202 secs] 1060573K->673211K(4143232K), 0.0224096 secs] [Times: user=0.03 sys=0.00, real=0.03 secs] 
2024-10-09T21:23:02.834+0300: 392.041: Total time for which application threads were stopped: 0.0226869 seconds, Stopping threads took: 0.0001540 seconds
2024-10-09T21:23:02.991+0300: 392.209: Application time: 0.1682492 seconds
2024-10-09T21:23:02.991+0300: 392.209: [GC (Allocation Failure) 2024-10-09T21:23:02.991+0300: 392.209: [ParNew: 460096K->51072K(460096K), 0.0299783 secs] 1082235K->695793K(4143232K), 0.0300602 secs] [Times: user=0.03 sys=0.00, real=0.03 secs] 
2024-10-09T21:23:03.022+0300: 392.240: Total time for which application threads were stopped: 0.0303408 seconds, Stopping threads took: 0.0001600 seconds
2024-10-09T21:23:03.195+0300: 392.413: Application time: 0.1734006 seconds
2024-10-09T21:23:03.195+0300: 392.413: [GC (Allocation Failure) 2024-10-09T21:23:03.195+0300: 392.413: [ParNew: 460096K->40670K(460096K), 0.0272576 secs] 1104817K->712435K(4143232K), 0.0273500 secs] [Times: user=0.03 sys=0.00, real=0.03 secs] 
2024-10-09T21:23:03.226+0300: 392.441: Total time for which application threads were stopped: 0.0276617 seconds, Stopping threads took: 0.0001798 seconds
2024-10-09T21:23:03.415+0300: 392.627: Application time: 0.1865740 seconds
2024-10-09T21:23:03.415+0300: 392.627: [GC (Allocation Failure) 2024-10-09T21:23:03.415+0300: 392.627: [ParNew: 449694K->51072K(460096K), 0.0231612 secs] 1121459K->733131K(4143232K), 0.0232583 secs] [Times: user=0.03 sys=0.00, real=0.03 secs] 
2024-10-09T21:23:03.446+0300: 392.651: Total time for which application threads were stopped: 0.0235509 seconds, Stopping threads took: 0.0001507 seconds
2024-10-09T21:23:03.619+0300: 392.830: Application time: 0.1795221 seconds
2024-10-09T21:23:03.619+0300: 392.831: [GC (Allocation Failure) 2024-10-09T21:23:03.619+0300: 392.831: [ParNew: 460096K->51072K(460096K), 0.0286073 secs] 1142155K->755052K(4143232K), 0.0287001 secs] [Times: user=0.03 sys=0.00, real=0.03 secs] 
2024-10-09T21:23:03.650+0300: 392.859: Total time for which application threads were stopped: 0.0290141 seconds, Stopping threads took: 0.0001744 seconds
2024-10-09T21:23:03.823+0300: 393.029: Application time: 0.1698164 seconds
2024-10-09T21:23:03.823+0300: 393.029: [GC (Allocation Failure) 2024-10-09T21:23:03.823+0300: 393.029: [ParNew: 460096K->51072K(460096K), 0.0266279 secs] 1164076K->777480K(4143232K), 0.0267185 secs] [Times: user=0.02 sys=0.00, real=0.02 secs] 
2024-10-09T21:23:03.839+0300: 393.056: Total time for which application threads were stopped: 0.0269760 seconds, Stopping threads took: 0.0001396 seconds
2024-10-09T21:23:04.027+0300: 393.238: Application time: 0.1814743 seconds
2024-10-09T21:23:04.027+0300: 393.238: [GC (Allocation Failure) 2024-10-09T21:23:04.027+0300: 393.238: [ParNew: 460096K->51072K(460096K), 0.0253678 secs] 1186504K->795701K(4143232K), 0.0254497 secs] [Times: user=0.03 sys=0.00, real=0.03 secs] 
2024-10-09T21:23:04.058+0300: 393.263: Total time for which application threads were stopped: 0.0256953 seconds, Stopping threads took: 0.0001183 seconds
2024-10-09T21:23:04.231+0300: 393.439: Application time: 0.1758340 seconds
2024-10-09T21:23:04.231+0300: 393.439: [GC (Allocation Failure) 2024-10-09T21:23:04.231+0300: 393.439: [ParNew: 460096K->51072K(460096K), 0.0276984 secs] 1204725K->814156K(4143232K), 0.0278403 secs] [Times: user=0.03 sys=0.00, real=0.03 secs] 
2024-10-09T21:23:04.262+0300: 393.467: Total time for which application threads were stopped: 0.0281303 seconds, Stopping threads took: 0.0001622 seconds
2024-10-09T21:23:04.435+0300: 393.643: Application time: 0.1754628 seconds
2024-10-09T21:23:04.435+0300: 393.643: [GC (Allocation Failure) 2024-10-09T21:23:04.435+0300: 393.643: [ParNew: 460096K->51072K(460096K), 0.0301824 secs] 1223180K->840877K(4143232K), 0.0302742 secs] [Times: user=0.01 sys=0.00, real=0.03 secs] 
2024-10-09T21:23:04.466+0300: 393.673: Total time for which application threads were stopped: 0.0305614 seconds, Stopping threads took: 0.0001580 seconds
2024-10-09T21:23:04.639+0300: 393.853: Application time: 0.1801802 seconds
2024-10-09T21:23:04.639+0300: 393.854: [GC (Allocation Failure) 2024-10-09T21:23:04.639+0300: 393.854: [ParNew: 460096K->51072K(460096K), 0.0289734 secs] 1249901K->863621K(4143232K), 0.0290625 secs] [Times: user=0.06 sys=0.00, real=0.03 secs] 
2024-10-09T21:23:04.670+0300: 393.883: Total time for which application threads were stopped: 0.0293645 seconds, Stopping threads took: 0.0001450 seconds
2024-10-09T21:23:04.844+0300: 394.062: Application time: 0.1792439 seconds
2024-10-09T21:23:04.859+0300: 394.062: [GC (Allocation Failure) 2024-10-09T21:23:04.859+0300: 394.062: [ParNew: 460096K->51072K(460096K), 0.0241888 secs] 1272645K->878903K(4143232K), 0.0242846 secs] [Times: user=0.02 sys=0.00, real=0.02 secs] 
2024-10-09T21:23:04.875+0300: 394.087: Total time for which application threads were stopped: 0.0246249 seconds, Stopping threads took: 0.0002040 seconds
2024-10-09T21:23:05.048+0300: 394.266: Application time: 0.1789815 seconds
2024-10-09T21:23:05.048+0300: 394.266: [GC (Allocation Failure) 2024-10-09T21:23:05.048+0300: 394.266: [ParNew: 460096K->51072K(460096K), 0.0256047 secs] 1287927K->895164K(4143232K), 0.0256948 secs] [Times: user=0.03 sys=0.00, real=0.04 secs] 
2024-10-09T21:23:05.086+0300: 394.292: Total time for which application threads were stopped: 0.0259576 seconds, Stopping threads took: 0.0001318 seconds
2024-10-09T21:23:05.251+0300: 394.466: Application time: 0.1748360 seconds
2024-10-09T21:23:05.251+0300: 394.467: [GC (Allocation Failure) 2024-10-09T21:23:05.251+0300: 394.467: [ParNew: 460096K->51072K(460096K), 0.0249931 secs] 1304188K->912930K(4143232K), 0.0250813 secs] [Times: user=0.03 sys=0.00, real=0.04 secs] 
2024-10-09T21:23:05.287+0300: 394.492: Total time for which application threads were stopped: 0.0253601 seconds, Stopping threads took: 0.0001570 seconds
2024-10-09T21:23:05.456+0300: 394.670: Application time: 0.1778010 seconds
2024-10-09T21:23:05.456+0300: 394.670: [GC (Allocation Failure) 2024-10-09T21:23:05.456+0300: 394.670: [ParNew: 460096K->47763K(460096K), 0.0257597 secs] 1321954K->931977K(4143232K), 0.0258443 secs] [Times: user=0.03 sys=0.00, real=0.03 secs] 
2024-10-09T21:23:05.487+0300: 394.696: Total time for which application threads were stopped: 0.0260944 seconds, Stopping threads took: 0.0001344 seconds
2024-10-09T21:23:05.675+0300: 394.882: Application time: 0.1865646 seconds
2024-10-09T21:23:05.675+0300: 394.883: [GC (Allocation Failure) 2024-10-09T21:23:05.675+0300: 394.883: [ParNew: 456787K->51072K(460096K), 0.0237377 secs] 1341001K->946264K(4143232K), 0.0238336 secs] [Times: user=0.01 sys=0.00, real=0.02 secs] 
2024-10-09T21:23:05.691+0300: 394.906: Total time for which application threads were stopped: 0.0241289 seconds, Stopping threads took: 0.0001577 seconds
2024-10-09T21:23:05.879+0300: 395.082: Application time: 0.1757552 seconds
2024-10-09T21:23:05.879+0300: 395.082: [GC (Allocation Failure) 2024-10-09T21:23:05.879+0300: 395.082: [ParNew: 460096K->51072K(460096K), 0.0271539 secs] 1355288K->968592K(4143232K), 0.0272521 secs] [Times: user=0.02 sys=0.00, real=0.02 secs] 
2024-10-09T21:23:05.895+0300: 395.110: Total time for which application threads were stopped: 0.0275471 seconds, Stopping threads took: 0.0001546 seconds
2024-10-09T21:23:06.067+0300: 395.286: Application time: 0.1762768 seconds
2024-10-09T21:23:06.083+0300: 395.286: [GC (Allocation Failure) 2024-10-09T21:23:06.083+0300: 395.286: [ParNew: 460096K->51072K(460096K), 0.0247512 secs] 1377616K->989088K(4143232K), 0.0248469 secs] [Times: user=0.01 sys=0.00, real=0.02 secs] 
2024-10-09T21:23:06.099+0300: 395.311: Total time for which application threads were stopped: 0.0251512 seconds, Stopping threads took: 0.0001748 seconds
2024-10-09T21:23:06.289+0300: 395.497: Application time: 0.1862265 seconds
2024-10-09T21:23:06.289+0300: 395.498: [GC (Allocation Failure) 2024-10-09T21:23:06.289+0300: 395.498: [ParNew: 460096K->51072K(460096K), 0.0231321 secs] 1398112K->997739K(4143232K), 0.0232179 secs] [Times: user=0.00 sys=0.00, real=0.01 secs] 
2024-10-09T21:23:06.303+0300: 395.521: Total time for which application threads were stopped: 0.0234835 seconds, Stopping threads took: 0.0001433 seconds
2024-10-09T21:23:06.475+0300: 395.690: Application time: 0.1690678 seconds
2024-10-09T21:23:06.475+0300: 395.690: [GC (Allocation Failure) 2024-10-09T21:23:06.475+0300: 395.690: [ParNew: 460096K->51072K(460096K), 0.0277692 secs] 1406763K->1019392K(4143232K), 0.0278582 secs] [Times: user=0.03 sys=0.00, real=0.03 secs] 
2024-10-09T21:23:06.507+0300: 395.718: Total time for which application threads were stopped: 0.0281544 seconds, Stopping threads took: 0.0001716 seconds
2024-10-09T21:23:06.696+0300: 395.903: Application time: 0.1845547 seconds
2024-10-09T21:23:06.696+0300: 395.903: [GC (Allocation Failure) 2024-10-09T21:23:06.696+0300: 395.903: [ParNew: 460096K->51072K(460096K), 0.0242523 secs] 1428416K->1037276K(4143232K), 0.0243421 secs] [Times: user=0.02 sys=0.00, real=0.01 secs] 
2024-10-09T21:23:06.711+0300: 395.927: Total time for which application threads were stopped: 0.0246847 seconds, Stopping threads took: 0.0002147 seconds
2024-10-09T21:23:06.900+0300: 396.110: Application time: 0.1826212 seconds
2024-10-09T21:23:06.900+0300: 396.110: [GC (Allocation Failure) 2024-10-09T21:23:06.900+0300: 396.110: [ParNew: 460096K->51072K(460096K), 0.0260336 secs] 1446300K->1053805K(4143232K), 0.0261328 secs] [Times: user=0.03 sys=0.00, real=0.03 secs] 
2024-10-09T21:23:06.931+0300: 396.136: Total time for which application threads were stopped: 0.0264216 seconds, Stopping threads took: 0.0001552 seconds
2024-10-09T21:23:07.091+0300: 396.304: Application time: 0.1678929 seconds
2024-10-09T21:23:07.091+0300: 396.305: [GC (Allocation Failure) 2024-10-09T21:23:07.091+0300: 396.305: [ParNew: 460096K->51072K(460096K), 0.0275552 secs] 1462829K->1074467K(4143232K), 0.0276424 secs] [Times: user=0.03 sys=0.00, real=0.03 secs] 
2024-10-09T21:23:07.119+0300: 396.332: Total time for which application threads were stopped: 0.0279221 seconds, Stopping threads took: 0.0001519 seconds
2024-10-09T21:23:07.308+0300: 396.513: Application time: 0.1806768 seconds
2024-10-09T21:23:07.308+0300: 396.513: [GC (Allocation Failure) 2024-10-09T21:23:07.308+0300: 396.513: [ParNew: 460096K->51072K(460096K), 0.0254349 secs] 1483491K->1096128K(4143232K), 0.0255234 secs] [Times: user=0.02 sys=0.00, real=0.02 secs] 
2024-10-09T21:23:07.324+0300: 396.539: Total time for which application threads were stopped: 0.0257561 seconds, Stopping threads took: 0.0001114 seconds
2024-10-09T21:23:07.512+0300: 396.718: Application time: 0.1796387 seconds
2024-10-09T21:23:07.512+0300: 396.718: [GC (Allocation Failure) 2024-10-09T21:23:07.512+0300: 396.719: [ParNew: 460096K->51072K(460096K), 0.0234709 secs] 1505152K->1109273K(4143232K), 0.0235621 secs] [Times: user=0.02 sys=0.00, real=0.02 secs] 
2024-10-09T21:23:07.528+0300: 396.742: Total time for which application threads were stopped: 0.0238266 seconds, Stopping threads took: 0.0001442 seconds
2024-10-09T21:23:07.716+0300: 396.920: Application time: 0.1775252 seconds
2024-10-09T21:23:07.716+0300: 396.920: [GC (Allocation Failure) 2024-10-09T21:23:07.716+0300: 396.920: [ParNew: 460096K->51072K(460096K), 0.0300661 secs] 1518297K->1134269K(4143232K), 0.0301612 secs] [Times: user=0.03 sys=0.00, real=0.02 secs] 
2024-10-09T21:23:07.732+0300: 396.950: Total time for which application threads were stopped: 0.0304351 seconds, Stopping threads took: 0.0001339 seconds
2024-10-09T21:23:07.920+0300: 397.133: Application time: 0.1824744 seconds
2024-10-09T21:23:07.920+0300: 397.133: [GC (Allocation Failure) 2024-10-09T21:23:07.920+0300: 397.133: [ParNew: 460096K->51072K(460096K), 0.0249234 secs] 1543293K->1154295K(4143232K), 0.0250144 secs] [Times: user=0.02 sys=0.00, real=0.03 secs] 
2024-10-09T21:23:07.951+0300: 397.158: Total time for which application threads were stopped: 0.0253229 seconds, Stopping threads took: 0.0001580 seconds
2024-10-09T21:23:08.140+0300: 397.344: Application time: 0.1864395 seconds
2024-10-09T21:23:08.140+0300: 397.345: [GC (Allocation Failure) 2024-10-09T21:23:08.140+0300: 397.345: [ParNew: 460096K->51072K(460096K), 0.0243861 secs] 1563319K->1167960K(4143232K), 0.0244784 secs] [Times: user=0.02 sys=0.00, real=0.01 secs] 
2024-10-09T21:23:08.155+0300: 397.369: Total time for which application threads were stopped: 0.0247404 seconds, Stopping threads took: 0.0001422 seconds
2024-10-09T21:23:08.328+0300: 397.543: Application time: 0.1741758 seconds
2024-10-09T21:23:08.328+0300: 397.544: [GC (Allocation Failure) 2024-10-09T21:23:08.328+0300: 397.544: [ParNew: 460096K->51072K(460096K), 0.0258296 secs] 1576984K->1183329K(4143232K), 0.0259236 secs] [Times: user=0.03 sys=0.00, real=0.03 secs] 
2024-10-09T21:23:08.359+0300: 397.569: Total time for which application threads were stopped: 0.0262414 seconds, Stopping threads took: 0.0001781 seconds
2024-10-09T21:23:08.532+0300: 397.746: Application time: 0.1769704 seconds
2024-10-09T21:23:08.532+0300: 397.747: [GC (Allocation Failure) 2024-10-09T21:23:08.532+0300: 397.747: [ParNew: 460096K->46829K(460096K), 0.0333105 secs] 1592353K->1212762K(4143232K), 0.0334032 secs] [Times: user=0.03 sys=0.00, real=0.03 secs] 
2024-10-09T21:23:08.563+0300: 397.780: Total time for which application threads were stopped: 0.0336499 seconds, Stopping threads took: 0.0001245 seconds
2024-10-09T21:23:08.751+0300: 397.969: Application time: 0.1891502 seconds
2024-10-09T21:23:08.751+0300: 397.969: [GC (Allocation Failure) 2024-10-09T21:23:08.751+0300: 397.970: [ParNew: 455853K->51072K(460096K), 0.0253504 secs] 1621786K->1232536K(4143232K), 0.0254405 secs] [Times: user=0.01 sys=0.00, real=0.03 secs] 
2024-10-09T21:23:08.782+0300: 397.995: Total time for which application threads were stopped: 0.0257041 seconds, Stopping threads took: 0.0001370 seconds
2024-10-09T21:23:08.960+0300: 398.165: Application time: 0.1705050 seconds
2024-10-09T21:23:08.960+0300: 398.166: [GC (Allocation Failure) 2024-10-09T21:23:08.960+0300: 398.166: [ParNew: 460096K->50543K(460096K), 0.0234406 secs] 1641560K->1245316K(4143232K), 0.0235234 secs] [Times: user=0.02 sys=0.00, real=0.01 secs] 
2024-10-09T21:23:08.971+0300: 398.189: Total time for which application threads were stopped: 0.0238251 seconds, Stopping threads took: 0.0001712 seconds
2024-10-09T21:23:09.159+0300: 398.369: Application time: 0.1794211 seconds
2024-10-09T21:23:09.159+0300: 398.369: [GC (Allocation Failure) 2024-10-09T21:23:09.159+0300: 398.369: [ParNew: 459567K->50776K(460096K), 0.0254482 secs] 1654340K->1266352K(4143232K), 0.0255359 secs] [Times: user=0.03 sys=0.00, real=0.03 secs] 
2024-10-09T21:23:09.191+0300: 398.395: Total time for which application threads were stopped: 0.0258246 seconds, Stopping threads took: 0.0001617 seconds
2024-10-09T21:23:09.363+0300: 398.574: Application time: 0.1798723 seconds
2024-10-09T21:23:09.363+0300: 398.575: [GC (Allocation Failure) 2024-10-09T21:23:09.363+0300: 398.575: [ParNew: 459800K->51072K(460096K), 0.0253000 secs] 1675376K->1282151K(4143232K), 0.0253891 secs] [Times: user=0.02 sys=0.00, real=0.03 secs] 
2024-10-09T21:23:09.396+0300: 398.600: Total time for which application threads were stopped: 0.0256623 seconds, Stopping threads took: 0.0001475 seconds
2024-10-09T21:23:09.567+0300: 398.772: Application time: 0.1724113 seconds
2024-10-09T21:23:09.567+0300: 398.773: [GC (Allocation Failure) 2024-10-09T21:23:09.567+0300: 398.773: [ParNew: 460096K->51072K(460096K), 0.0256894 secs] 1691175K->1295101K(4143232K), 0.0257783 secs] [Times: user=0.08 sys=0.00, real=0.02 secs] 
2024-10-09T21:23:09.583+0300: 398.799: Total time for which application threads were stopped: 0.0260341 seconds, Stopping threads took: 0.0001282 seconds
2024-10-09T21:23:09.771+0300: 398.981: Application time: 0.1829434 seconds
2024-10-09T21:23:09.771+0300: 398.982: [GC (Allocation Failure) 2024-10-09T21:23:09.771+0300: 398.982: [ParNew: 460096K->48810K(460096K), 0.0322723 secs] 1704125K->1329333K(4143232K), 0.0323584 secs] [Times: user=0.03 sys=0.00, real=0.03 secs] 
2024-10-09T21:23:09.803+0300: 399.014: Total time for which application threads were stopped: 0.0326322 seconds, Stopping threads took: 0.0001520 seconds
2024-10-09T21:23:09.991+0300: 399.199: Application time: 0.1848500 seconds
2024-10-09T21:23:09.991+0300: 399.199: [GC (Allocation Failure) 2024-10-09T21:23:09.991+0300: 399.199: [ParNew: 457834K->51072K(460096K), 0.0252219 secs] 1738357K->1346581K(4143232K), 0.0253169 secs] [Times: user=0.02 sys=0.00, real=0.02 secs] 
2024-10-09T21:23:10.007+0300: 399.225: Total time for which application threads were stopped: 0.0255967 seconds, Stopping threads took: 0.0001372 seconds
2024-10-09T21:23:10.198+0300: 399.407: Application time: 0.1826034 seconds
2024-10-09T21:23:10.198+0300: 399.407: [GC (Allocation Failure) 2024-10-09T21:23:10.198+0300: 399.407: [ParNew: 460096K->51072K(460096K), 0.0231964 secs] 1755605K->1355223K(4143232K), 0.0232813 secs] [Times: user=0.03 sys=0.00, real=0.03 secs] 
2024-10-09T21:23:10.227+0300: 399.431: Total time for which application threads were stopped: 0.0235632 seconds, Stopping threads took: 0.0001590 seconds
2024-10-09T21:23:10.398+0300: 399.603: Application time: 0.1721647 seconds
2024-10-09T21:23:10.400+0300: 399.603: [GC (Allocation Failure) 2024-10-09T21:23:10.400+0300: 399.603: [ParNew: 460096K->51072K(460096K), 0.0296659 secs] 1764247K->1386611K(4143232K), 0.0297654 secs] [Times: user=0.02 sys=0.00, real=0.02 secs] 
2024-10-09T21:23:10.416+0300: 399.633: Total time for which application threads were stopped: 0.0300647 seconds, Stopping threads took: 0.0001671 seconds
2024-10-09T21:23:10.620+0300: 399.828: Application time: 0.1953150 seconds
2024-10-09T21:23:10.620+0300: 399.829: [GC (Allocation Failure) 2024-10-09T21:23:10.620+0300: 399.829: [ParNew: 460096K->51072K(460096K), 0.0208725 secs] 1795635K->1389907K(4143232K), 0.0209627 secs] [Times: user=0.05 sys=0.00, real=0.02 secs] 
2024-10-09T21:23:10.635+0300: 399.850: Total time for which application threads were stopped: 0.0212676 seconds, Stopping threads took: 0.0001732 seconds
2024-10-09T21:23:10.824+0300: 400.030: Application time: 0.1808643 seconds
2024-10-09T21:23:10.824+0300: 400.031: [GC (Allocation Failure) 2024-10-09T21:23:10.824+0300: 400.031: [ParNew: 460096K->51072K(460096K), 0.0276599 secs] 1798931K->1409202K(4143232K), 0.0277482 secs] [Times: user=0.03 sys=0.00, real=0.03 secs] 
2024-10-09T21:23:10.855+0300: 400.058: Total time for which application threads were stopped: 0.0280145 seconds, Stopping threads took: 0.0001401 seconds
2024-10-09T21:23:11.012+0300: 400.227: Application time: 0.1689384 seconds
2024-10-09T21:23:11.012+0300: 400.228: [GC (Allocation Failure) 2024-10-09T21:23:11.012+0300: 400.228: [ParNew: 460096K->46273K(460096K), 0.0288477 secs] 1818226K->1434708K(4143232K), 0.0289344 secs] [Times: user=0.03 sys=0.00, real=0.03 secs] 
2024-10-09T21:23:11.043+0300: 400.257: Total time for which application threads were stopped: 0.0292402 seconds, Stopping threads took: 0.0001742 seconds
2024-10-09T21:23:11.231+0300: 400.443: Application time: 0.1861185 seconds
2024-10-09T21:23:11.231+0300: 400.443: [GC (Allocation Failure) 2024-10-09T21:23:11.231+0300: 400.443: [ParNew: 455297K->51072K(460096K), 0.0221188 secs] 1843732K->1443747K(4143232K), 0.0222081 secs] [Times: user=0.02 sys=0.00, real=0.02 secs] 
2024-10-09T21:23:11.247+0300: 400.465: Total time for which application threads were stopped: 0.0224657 seconds, Stopping threads took: 0.0001368 seconds
2024-10-09T21:23:11.435+0300: 400.641: Application time: 0.1754753 seconds
2024-10-09T21:23:11.435+0300: 400.641: [GC (Allocation Failure) 2024-10-09T21:23:11.435+0300: 400.641: [ParNew: 460096K->51072K(460096K), 0.0268426 secs] 1852771K->1462282K(4143232K), 0.0269376 secs] [Times: user=0.02 sys=0.00, real=0.02 secs] 
2024-10-09T21:23:11.451+0300: 400.668: Total time for which application threads were stopped: 0.0272192 seconds, Stopping threads took: 0.0001379 seconds
2024-10-09T21:23:11.623+0300: 400.842: Application time: 0.1740033 seconds
2024-10-09T21:23:11.639+0300: 400.842: [GC (Allocation Failure) 2024-10-09T21:23:11.639+0300: 400.842: [ParNew: 460096K->45411K(460096K), 0.0259070 secs] 1871306K->1479348K(4143232K), 0.0260074 secs] [Times: user=0.09 sys=0.00, real=0.02 secs] 
2024-10-09T21:23:11.655+0300: 400.868: Total time for which application threads were stopped: 0.0263179 seconds, Stopping threads took: 0.0001238 seconds
2024-10-09T21:23:11.843+0300: 401.053: Application time: 0.1850123 seconds
2024-10-09T21:23:11.843+0300: 401.053: [GC (Allocation Failure) 2024-10-09T21:23:11.843+0300: 401.054: [ParNew: 454435K->51072K(460096K), 0.0224853 secs] 1888372K->1492411K(4143232K), 0.0225715 secs] [Times: user=0.02 sys=0.00, real=0.02 secs] 
2024-10-09T21:23:11.859+0300: 401.076: Total time for which application threads were stopped: 0.0228597 seconds, Stopping threads took: 0.0001630 seconds
2024-10-09T21:23:12.047+0300: 401.252: Application time: 0.1756762 seconds
2024-10-09T21:23:12.047+0300: 401.252: [GC (Allocation Failure) 2024-10-09T21:23:12.047+0300: 401.252: [ParNew: 460096K->51072K(460096K), 0.0277735 secs] 1901435K->1511261K(4143232K), 0.0278508 secs] [Times: user=0.01 sys=0.00, real=0.02 secs] 
2024-10-09T21:23:12.063+0300: 401.280: Total time for which application threads were stopped: 0.0281592 seconds, Stopping threads took: 0.0001698 seconds
2024-10-09T21:23:12.235+0300: 401.445: Application time: 0.1652805 seconds
2024-10-09T21:23:12.235+0300: 401.445: [GC (Allocation Failure) 2024-10-09T21:23:12.235+0300: 401.445: [ParNew: 460096K->51072K(460096K), 0.0264890 secs] 1920285K->1533833K(4143232K), 0.0265664 secs] [Times: user=0.03 sys=0.00, real=0.03 secs] 
2024-10-09T21:23:12.267+0300: 401.472: Total time for which application threads were stopped: 0.0268241 seconds, Stopping threads took: 0.0001424 seconds
2024-10-09T21:23:12.439+0300: 401.656: Application time: 0.1842393 seconds
2024-10-09T21:23:12.439+0300: 401.657: [GC (Allocation Failure) 2024-10-09T21:23:12.439+0300: 401.657: [ParNew: 460096K->51072K(460096K), 0.0263680 secs] 1942857K->1553198K(4143232K), 0.0264598 secs] [Times: user=0.05 sys=0.00, real=0.03 secs] 
2024-10-09T21:23:12.471+0300: 401.683: Total time for which application threads were stopped: 0.0267418 seconds, Stopping threads took: 0.0001541 seconds
2024-10-09T21:23:12.659+0300: 401.869: Application time: 0.1862924 seconds
2024-10-09T21:23:12.659+0300: 401.870: [GC (Allocation Failure) 2024-10-09T21:23:12.659+0300: 401.870: [ParNew: 460096K->51072K(460096K), 0.0309044 secs] 1962222K->1575458K(4143232K), 0.0309855 secs] [Times: user=0.06 sys=0.00, real=0.03 secs] 
2024-10-09T21:23:12.691+0300: 401.901: Total time for which application threads were stopped: 0.0312634 seconds, Stopping threads took: 0.0001406 seconds
2024-10-09T21:23:12.848+0300: 402.066: Application time: 0.1651509 seconds
2024-10-09T21:23:12.848+0300: 402.066: [GC (Allocation Failure) 2024-10-09T21:23:12.848+0300: 402.066: [ParNew: 460096K->48370K(460096K), 0.0272279 secs] 1984482K->1598623K(4143232K), 0.0273078 secs] [Times: user=0.03 sys=0.00, real=0.03 secs] 
2024-10-09T21:23:12.879+0300: 402.093: Total time for which application threads were stopped: 0.0275550 seconds, Stopping threads took: 0.0001262 seconds
2024-10-09T21:23:13.067+0300: 402.275: Application time: 0.1819315 seconds
2024-10-09T21:23:13.067+0300: 402.275: [GC (Allocation Failure) 2024-10-09T21:23:13.067+0300: 402.276: [ParNew: 457394K->51072K(460096K), 0.0239467 secs] 2007647K->1618638K(4143232K), 0.0240361 secs] [Times: user=0.02 sys=0.00, real=0.02 secs] 
2024-10-09T21:23:13.083+0300: 402.300: Total time for which application threads were stopped: 0.0243319 seconds, Stopping threads took: 0.0001704 seconds
2024-10-09T21:23:13.278+0300: 402.482: Application time: 0.1822163 seconds
2024-10-09T21:23:13.278+0300: 402.482: [GC (Allocation Failure) 2024-10-09T21:23:13.278+0300: 402.482: [ParNew: 460096K->51072K(460096K), 0.0264323 secs] 2027662K->1632061K(4143232K), 0.0265165 secs] [Times: user=0.03 sys=0.00, real=0.03 secs] 
2024-10-09T21:23:13.305+0300: 402.509: Total time for which application threads were stopped: 0.0267795 seconds, Stopping threads took: 0.0001342 seconds
2024-10-09T21:23:13.460+0300: 402.673: Application time: 0.1645786 seconds
2024-10-09T21:23:13.460+0300: 402.673: [GC (Allocation Failure) 2024-10-09T21:23:13.460+0300: 402.673: [ParNew: 460096K->47216K(460096K), 0.0304793 secs] 2041085K->1656316K(4143232K), 0.0305650 secs] [Times: user=0.03 sys=0.00, real=0.03 secs] 
2024-10-09T21:23:13.491+0300: 402.704: Total time for which application threads were stopped: 0.0308260 seconds, Stopping threads took: 0.0001353 seconds
2024-10-09T21:23:13.679+0300: 402.893: Application time: 0.1887633 seconds
2024-10-09T21:23:13.679+0300: 402.893: [GC (Allocation Failure) 2024-10-09T21:23:13.679+0300: 402.893: [ParNew: 456240K->51072K(460096K), 0.0253339 secs] 2065340K->1679634K(4143232K), 0.0254304 secs] [Times: user=0.17 sys=0.00, real=0.03 secs] 
2024-10-09T21:23:13.711+0300: 402.919: Total time for which application threads were stopped: 0.0257667 seconds, Stopping threads took: 0.0001857 seconds
2024-10-09T21:23:13.899+0300: 403.103: Application time: 0.1842660 seconds
2024-10-09T21:23:13.899+0300: 403.103: [GC (Allocation Failure) 2024-10-09T21:23:13.899+0300: 403.103: [ParNew: 460096K->51072K(460096K), 0.0270703 secs] 2088658K->1691787K(4143232K), 0.0271682 secs] [Times: user=0.05 sys=0.00, real=0.02 secs] 
2024-10-09T21:23:13.915+0300: 403.130: Total time for which application threads were stopped: 0.0274470 seconds, Stopping threads took: 0.0001394 seconds
2024-10-09T21:23:14.087+0300: 403.293: Application time: 0.1631440 seconds
2024-10-09T21:23:14.087+0300: 403.294: [GC (Allocation Failure) 2024-10-09T21:23:14.087+0300: 403.294: [ParNew: 460096K->51072K(460096K), 0.0302412 secs] 2100811K->1718411K(4143232K), 0.0303273 secs] [Times: user=0.03 sys=0.00, real=0.03 secs] 
2024-10-09T21:23:14.119+0300: 403.324: Total time for which application threads were stopped: 0.0306105 seconds, Stopping threads took: 0.0001491 seconds
2024-10-09T21:23:14.291+0300: 403.509: Application time: 0.1846322 seconds
2024-10-09T21:23:14.291+0300: 403.509: [GC (Allocation Failure) 2024-10-09T21:23:14.291+0300: 403.509: [ParNew: 460096K->46429K(460096K), 0.0257382 secs] 2127435K->1734114K(4143232K), 0.0258239 secs] [Times: user=0.03 sys=0.00, real=0.03 secs] 
2024-10-09T21:23:14.323+0300: 403.535: Total time for which application threads were stopped: 0.0260833 seconds, Stopping threads took: 0.0001458 seconds
2024-10-09T21:23:14.512+0300: 403.716: Application time: 0.1809571 seconds
2024-10-09T21:23:14.512+0300: 403.716: [GC (Allocation Failure) 2024-10-09T21:23:14.512+0300: 403.716: [ParNew: 455453K->51072K(460096K), 0.0258676 secs] 2143138K->1751598K(4143232K), 0.0259574 secs] [Times: user=0.05 sys=0.00, real=0.01 secs] 
2024-10-09T21:23:14.527+0300: 403.742: Total time for which application threads were stopped: 0.0262154 seconds, Stopping threads took: 0.0001339 seconds
2024-10-09T21:23:14.707+0300: 403.911: Application time: 0.1686632 seconds
2024-10-09T21:23:14.707+0300: 403.911: [GC (Allocation Failure) 2024-10-09T21:23:14.707+0300: 403.911: [ParNew: 460096K->51072K(460096K), 0.0322529 secs] 2160622K->1781892K(4143232K), 0.0323399 secs] [Times: user=0.06 sys=0.00, real=0.03 secs] 
2024-10-09T21:23:14.732+0300: 403.943: Total time for which application threads were stopped: 0.0326623 seconds, Stopping threads took: 0.0001860 seconds
2024-10-09T21:23:14.920+0300: 404.130: Application time: 0.1863520 seconds
2024-10-09T21:23:14.920+0300: 404.130: [GC (Allocation Failure) 2024-10-09T21:23:14.920+0300: 404.130: [ParNew: 460096K->48639K(460096K), 0.0295722 secs] 2190916K->1808966K(4143232K), 0.0296470 secs] [Times: user=0.03 sys=0.00, real=0.03 secs] 
2024-10-09T21:23:14.952+0300: 404.159: Total time for which application threads were stopped: 0.0299122 seconds, Stopping threads took: 0.0001460 seconds
2024-10-09T21:23:15.140+0300: 404.344: Application time: 0.1846527 seconds
2024-10-09T21:23:15.140+0300: 404.344: [GC (Allocation Failure) 2024-10-09T21:23:15.140+0300: 404.344: [ParNew: 457663K->51072K(460096K), 0.0262011 secs] 2217990K->1823140K(4143232K), 0.0263033 secs] [Times: user=0.05 sys=0.00, real=0.02 secs] 
2024-10-09T21:23:15.156+0300: 404.371: Total time for which application threads were stopped: 0.0266017 seconds, Stopping threads took: 0.0001606 seconds
2024-10-09T21:23:15.328+0300: 404.533: Application time: 0.1624281 seconds
2024-10-09T21:23:15.328+0300: 404.533: [GC (Allocation Failure) 2024-10-09T21:23:15.328+0300: 404.533: [ParNew: 460096K->43129K(460096K), 0.0316802 secs] 2232164K->1849287K(4143232K), 0.0317600 secs] [Times: user=0.03 sys=0.00, real=0.03 secs] 
2024-10-09T21:23:15.360+0300: 404.565: Total time for which application threads were stopped: 0.0319998 seconds, Stopping threads took: 0.0001228 seconds
2024-10-09T21:23:15.548+0300: 404.754: Application time: 0.1885216 seconds
2024-10-09T21:23:15.548+0300: 404.754: [GC (Allocation Failure) 2024-10-09T21:23:15.548+0300: 404.754: [ParNew: 452153K->44051K(460096K), 0.0265315 secs] 2258311K->1868589K(4143232K), 0.0266154 secs] [Times: user=0.01 sys=0.00, real=0.02 secs] 
2024-10-09T21:23:15.564+0300: 404.781: Total time for which application threads were stopped: 0.0268430 seconds, Stopping threads took: 0.0001026 seconds
2024-10-09T21:23:15.752+0300: 404.970: Application time: 0.1892338 seconds
2024-10-09T21:23:15.752+0300: 404.970: [GC (Allocation Failure) 2024-10-09T21:23:15.752+0300: 404.970: [ParNew: 453075K->51072K(460096K), 0.0255595 secs] 2277613K->1888057K(4143232K), 0.0256428 secs] [Times: user=0.06 sys=0.00, real=0.03 secs] 
2024-10-09T21:23:15.783+0300: 404.996: Total time for which application threads were stopped: 0.0259376 seconds, Stopping threads took: 0.0001667 seconds
2024-10-09T21:23:15.956+0300: 405.160: Application time: 0.1646078 seconds
2024-10-09T21:23:15.956+0300: 405.161: [GC (Allocation Failure) 2024-10-09T21:23:15.956+0300: 405.161: [ParNew: 460096K->47035K(460096K), 0.0343440 secs] 2297081K->1919810K(4143232K), 0.0344246 secs] [Times: user=0.02 sys=0.00, real=0.03 secs] 
2024-10-09T21:23:15.987+0300: 405.195: Total time for which application threads were stopped: 0.0346966 seconds, Stopping threads took: 0.0001467 seconds
2024-10-09T21:23:16.160+0300: 405.378: Application time: 0.1829938 seconds
2024-10-09T21:23:16.160+0300: 405.378: [GC (Allocation Failure) 2024-10-09T21:23:16.160+0300: 405.378: [ParNew: 456059K->46971K(460096K), 0.0258274 secs] 2328834K->1942619K(4143232K), 0.0259212 secs] [Times: user=0.03 sys=0.00, real=0.03 secs] 
2024-10-09T21:23:16.191+0300: 405.404: Total time for which application threads were stopped: 0.0261882 seconds, Stopping threads took: 0.0001331 seconds
2024-10-09T21:23:16.379+0300: 405.595: Application time: 0.1906501 seconds
2024-10-09T21:23:16.379+0300: 405.595: [GC (Allocation Failure) 2024-10-09T21:23:16.379+0300: 405.595: [ParNew: 455995K->51072K(460096K), 0.0242854 secs] 2351643K->1957784K(4143232K), 0.0243849 secs] [Times: user=0.05 sys=0.00, real=0.03 secs] 
2024-10-09T21:23:16.411+0300: 405.620: Total time for which application threads were stopped: 0.0246872 seconds, Stopping threads took: 0.0001661 seconds
2024-10-09T21:23:16.567+0300: 405.786: Application time: 0.1662508 seconds
2024-10-09T21:23:16.583+0300: 405.786: [GC (Allocation Failure) 2024-10-09T21:23:16.583+0300: 405.786: [ParNew: 460096K->51072K(460096K), 0.0349758 secs] 2366808K->1991727K(4143232K), 0.0350752 secs] [Times: user=0.16 sys=0.00, real=0.03 secs] 
2024-10-09T21:23:16.615+0300: 405.821: Total time for which application threads were stopped: 0.0354376 seconds, Stopping threads took: 0.0001938 seconds
2024-10-09T21:23:16.787+0300: 406.001: Application time: 0.1801552 seconds
2024-10-09T21:23:16.787+0300: 406.002: [GC (Allocation Failure) 2024-10-09T21:23:16.787+0300: 406.002: [ParNew: 460096K->43752K(460096K), 0.0270386 secs] 2400751K->2011735K(4143232K), 0.0271290 secs] [Times: user=0.03 sys=0.00, real=0.03 secs] 
2024-10-09T21:23:16.819+0300: 406.029: Total time for which application threads were stopped: 0.0273973 seconds, Stopping threads took: 0.0001486 seconds
2024-10-09T21:23:17.012+0300: 406.219: Application time: 0.1903037 seconds
2024-10-09T21:23:17.012+0300: 406.219: [GC (Allocation Failure) 2024-10-09T21:23:17.012+0300: 406.219: [ParNew: 452776K->51072K(460096K), 0.0239843 secs] 2420759K->2023745K(4143232K), 0.0240731 secs] [Times: user=0.02 sys=0.00, real=0.03 secs] 
2024-10-09T21:23:17.039+0300: 406.243: Total time for which application threads were stopped: 0.0243296 seconds, Stopping threads took: 0.0001312 seconds
2024-10-09T21:23:17.211+0300: 406.415: Application time: 0.1712020 seconds
2024-10-09T21:23:17.211+0300: 406.415: [GC (Allocation Failure) 2024-10-09T21:23:17.211+0300: 406.415: [ParNew: 460096K->51072K(460096K), 0.0342264 secs] 2432769K->2054302K(4143232K), 0.0343204 secs] [Times: user=0.06 sys=0.00, real=0.03 secs] 
2024-10-09T21:23:17.242+0300: 406.449: Total time for which application threads were stopped: 0.0346247 seconds, Stopping threads took: 0.0001751 seconds
2024-10-09T21:23:17.415+0300: 406.625: Application time: 0.1761712 seconds
2024-10-09T21:23:17.415+0300: 406.626: [GC (Allocation Failure) 2024-10-09T21:23:17.415+0300: 406.626: [ParNew: 460096K->47291K(460096K), 0.0280644 secs] 2463326K->2079045K(4143232K), 0.0281543 secs] [Times: user=0.05 sys=0.00, real=0.03 secs] 
2024-10-09T21:23:17.446+0300: 406.654: Total time for which application threads were stopped: 0.0284212 seconds, Stopping threads took: 0.0001395 seconds
2024-10-09T21:23:17.635+0300: 406.843: Application time: 0.1895756 seconds
2024-10-09T21:23:17.635+0300: 406.844: [GC (Allocation Failure) 2024-10-09T21:23:17.635+0300: 406.844: [ParNew: 456315K->49762K(460096K), 0.0227314 secs] 2488069K->2090288K(4143232K), 0.0228209 secs] [Times: user=0.01 sys=0.00, real=0.02 secs] 
2024-10-09T21:23:17.650+0300: 406.867: Total time for which application threads were stopped: 0.0231173 seconds, Stopping threads took: 0.0001551 seconds
2024-10-09T21:23:17.839+0300: 407.043: Application time: 0.1763607 seconds
2024-10-09T21:23:17.839+0300: 407.043: [GC (Allocation Failure) 2024-10-09T21:23:17.839+0300: 407.043: [ParNew: 458786K->51072K(460096K), 0.0238100 secs] 2499312K->2104198K(4143232K), 0.0238977 secs] [Times: user=0.02 sys=0.00, real=0.02 secs] 
2024-10-09T21:23:17.854+0300: 407.067: Total time for which application threads were stopped: 0.0241635 seconds, Stopping threads took: 0.0001477 seconds
2024-10-09T21:23:18.027+0300: 407.242: Application time: 0.1752654 seconds
2024-10-09T21:23:18.027+0300: 407.243: [GC (Allocation Failure) 2024-10-09T21:23:18.027+0300: 407.243: [ParNew: 460096K->51072K(460096K), 0.0322916 secs] 2513222K->2137402K(4143232K), 0.0323830 secs] [Times: user=0.02 sys=0.00, real=0.03 secs] 
2024-10-09T21:23:18.058+0300: 407.275: Total time for which application threads were stopped: 0.0326431 seconds, Stopping threads took: 0.0001381 seconds
2024-10-09T21:23:18.246+0300: 407.458: Application time: 0.1829119 seconds
2024-10-09T21:23:18.246+0300: 407.458: [GC (Allocation Failure) 2024-10-09T21:23:18.246+0300: 407.458: [ParNew: 460096K->49527K(460096K), 0.0248315 secs] 2546426K->2151468K(4143232K), 0.0249160 secs] [Times: user=0.03 sys=0.00, real=0.03 secs] 
2024-10-09T21:23:18.277+0300: 407.483: Total time for which application threads were stopped: 0.0252168 seconds, Stopping threads took: 0.0001678 seconds
2024-10-09T21:23:18.450+0300: 407.663: Application time: 0.1799378 seconds
2024-10-09T21:23:18.450+0300: 407.663: [GC (Allocation Failure) 2024-10-09T21:23:18.450+0300: 407.663: [ParNew: 458551K->50293K(460096K), 0.0245027 secs] 2560492K->2165162K(4143232K), 0.0245906 secs] [Times: user=0.03 sys=0.00, real=0.03 secs] 
2024-10-09T21:23:18.482+0300: 407.688: Total time for which application threads were stopped: 0.0248752 seconds, Stopping threads took: 0.0001578 seconds
2024-10-09T21:23:18.654+0300: 407.871: Application time: 0.1832695 seconds
2024-10-09T21:23:18.654+0300: 407.872: [GC (Allocation Failure) 2024-10-09T21:23:18.654+0300: 407.872: [ParNew: 459317K->44764K(460096K), 0.0252168 secs] 2574186K->2180112K(4143232K), 0.0253195 secs] [Times: user=0.06 sys=0.00, real=0.03 secs] 
2024-10-09T21:23:18.685+0300: 407.897: Total time for which application threads were stopped: 0.0257203 seconds, Stopping threads took: 0.0002572 seconds
2024-10-09T21:23:18.858+0300: 408.073: Application time: 0.1758428 seconds
2024-10-09T21:23:18.858+0300: 408.073: [GC (Allocation Failure) 2024-10-09T21:23:18.858+0300: 408.073: [ParNew: 453788K->51072K(460096K), 0.0238782 secs] 2589136K->2197827K(4143232K), 0.0239627 secs] [Times: user=0.03 sys=0.00, real=0.03 secs] 
2024-10-09T21:23:18.889+0300: 408.097: Total time for which application threads were stopped: 0.0242932 seconds, Stopping threads took: 0.0001966 seconds
2024-10-09T21:23:19.062+0300: 408.277: Application time: 0.1800740 seconds
2024-10-09T21:23:19.062+0300: 408.277: [GC (Allocation Failure) 2024-10-09T21:23:19.062+0300: 408.277: [ParNew: 460096K->51072K(460096K), 0.0314704 secs] 2606851K->2226489K(4143232K), 0.0315589 secs] [Times: user=0.03 sys=0.00, real=0.03 secs] 
2024-10-09T21:23:19.093+0300: 408.309: Total time for which application threads were stopped: 0.0318404 seconds, Stopping threads took: 0.0001600 seconds
2024-10-09T21:23:19.281+0300: 408.486: Application time: 0.1773648 seconds
2024-10-09T21:23:19.281+0300: 408.487: [GC (Allocation Failure) 2024-10-09T21:23:19.281+0300: 408.487: [ParNew: 460096K->51072K(460096K), 0.0252761 secs] 2635513K->2247834K(4143232K), 0.0253676 secs] [Times: user=0.02 sys=0.00, real=0.02 secs] 
2024-10-09T21:23:19.297+0300: 408.512: Total time for which application threads were stopped: 0.0256035 seconds, Stopping threads took: 0.0001078 seconds
2024-10-09T21:23:19.486+0300: 408.697: Application time: 0.1852460 seconds
2024-10-09T21:23:19.486+0300: 408.697: [GC (Allocation Failure) 2024-10-09T21:23:19.486+0300: 408.698: [ParNew: 460096K->51072K(460096K), 0.0239306 secs] 2656858K->2260063K(4143232K), 0.0240193 secs] [Times: user=0.06 sys=0.00, real=0.03 secs] 
2024-10-09T21:23:19.518+0300: 408.722: Total time for which application threads were stopped: 0.0242882 seconds, Stopping threads took: 0.0001473 seconds
2024-10-09T21:23:19.690+0300: 408.904: Application time: 0.1824632 seconds
2024-10-09T21:23:19.690+0300: 408.904: [GC (Allocation Failure) 2024-10-09T21:23:19.690+0300: 408.904: [ParNew: 460096K->51072K(460096K), 0.0279054 secs] 2669087K->2282065K(4143232K), 0.0279968 secs] [Times: user=0.03 sys=0.00, real=0.03 secs] 
2024-10-09T21:23:19.722+0300: 408.932: Total time for which application threads were stopped: 0.0283199 seconds, Stopping threads took: 0.0001702 seconds
2024-10-09T21:23:19.894+0300: 409.111: Application time: 0.1791600 seconds
2024-10-09T21:23:19.894+0300: 409.112: [GC (Allocation Failure) 2024-10-09T21:23:19.894+0300: 409.112: [ParNew: 460096K->51072K(460096K), 0.0277342 secs] 2691089K->2305689K(4143232K), 0.0278203 secs] [Times: user=0.03 sys=0.00, real=0.03 secs] 
2024-10-09T21:23:19.926+0300: 409.140: Total time for which application threads were stopped: 0.0281040 seconds, Stopping threads took: 0.0001540 seconds
2024-10-09T21:23:20.114+0300: 409.319: Application time: 0.1793405 seconds
2024-10-09T21:23:20.114+0300: 409.319: [GC (Allocation Failure) 2024-10-09T21:23:20.114+0300: 409.319: [ParNew: 460096K->51072K(460096K), 0.0224617 secs] 2714713K->2312708K(4143232K), 0.0225362 secs] [Times: user=0.02 sys=0.00, real=0.02 secs] 
2024-10-09T21:23:20.130+0300: 409.342: Total time for which application threads were stopped: 0.0228736 seconds, Stopping threads took: 0.0002209 seconds
2024-10-09T21:23:20.302+0300: 409.506: Application time: 0.1646695 seconds
2024-10-09T21:23:20.302+0300: 409.507: [GC (Allocation Failure) 2024-10-09T21:23:20.302+0300: 409.507: [ParNew: 460096K->49489K(460096K), 0.0329517 secs] 2721732K->2345223K(4143232K), 0.0330378 secs] [Times: user=0.03 sys=0.00, real=0.03 secs] 
2024-10-09T21:23:20.334+0300: 409.540: Total time for which application threads were stopped: 0.0333349 seconds, Stopping threads took: 0.0001693 seconds
2024-10-09T21:23:20.520+0300: 409.723: Application time: 0.1836262 seconds
2024-10-09T21:23:20.520+0300: 409.724: [GC (Allocation Failure) 2024-10-09T21:23:20.520+0300: 409.724: [ParNew: 458513K->42185K(460096K), 0.0248562 secs] 2754247K->2357414K(4143232K), 0.0249585 secs] [Times: user=0.02 sys=0.00, real=0.02 secs] 
2024-10-09T21:23:20.538+0300: 409.749: Total time for which application threads were stopped: 0.0252466 seconds, Stopping threads took: 0.0001474 seconds
2024-10-09T21:23:20.726+0300: 409.938: Application time: 0.1894040 seconds
2024-10-09T21:23:20.726+0300: 409.938: [GC (Allocation Failure) 2024-10-09T21:23:20.726+0300: 409.938: [ParNew: 451209K->51072K(460096K), 0.0226563 secs] 2766438K->2371199K(4143232K), 0.0227442 secs] [Times: user=0.05 sys=0.00, real=0.03 secs] 
2024-10-09T21:23:20.758+0300: 409.961: Total time for which application threads were stopped: 0.0230610 seconds, Stopping threads took: 0.0001661 seconds
2024-10-09T21:23:20.921+0300: 410.126: Application time: 0.1644027 seconds
2024-10-09T21:23:20.921+0300: 410.126: [GC (Allocation Failure) 2024-10-09T21:23:20.921+0300: 410.126: [ParNew: 460096K->49684K(460096K), 0.0319414 secs] 2780223K->2402738K(4143232K), 0.0320283 secs] [Times: user=0.03 sys=0.00, real=0.03 secs] 
2024-10-09T21:23:20.946+0300: 410.158: Total time for which application threads were stopped: 0.0322857 seconds, Stopping threads took: 0.0001329 seconds
2024-10-09T21:23:21.134+0300: 410.344: Application time: 0.1860772 seconds
2024-10-09T21:23:21.134+0300: 410.344: [GC (Allocation Failure) 2024-10-09T21:23:21.134+0300: 410.344: [ParNew: 458708K->51072K(460096K), 0.0250480 secs] 2811762K->2421889K(4143232K), 0.0251356 secs] [Times: user=0.03 sys=0.00, real=0.03 secs] 
2024-10-09T21:23:21.166+0300: 410.369: Total time for which application threads were stopped: 0.0253715 seconds, Stopping threads took: 0.0001151 seconds
2024-10-09T21:23:21.338+0300: 410.556: Application time: 0.1871091 seconds
2024-10-09T21:23:21.338+0300: 410.557: [GC (Allocation Failure) 2024-10-09T21:23:21.338+0300: 410.557: [ParNew: 460096K->51072K(460096K), 0.0251377 secs] 2830913K->2433029K(4143232K), 0.0252257 secs] [Times: user=0.03 sys=0.00, real=0.03 secs] 
2024-10-09T21:23:21.370+0300: 410.582: Total time for which application threads were stopped: 0.0255103 seconds, Stopping threads took: 0.0001616 seconds
2024-10-09T21:23:21.527+0300: 410.743: Application time: 0.1612833 seconds
2024-10-09T21:23:21.527+0300: 410.743: [GC (Allocation Failure) 2024-10-09T21:23:21.527+0300: 410.743: [ParNew: 460096K->51072K(460096K), 0.0271708 secs] 2842053K->2451989K(4143232K), 0.0272598 secs] [Times: user=0.03 sys=0.00, real=0.03 secs] 
2024-10-09T21:23:21.558+0300: 410.771: Total time for which application threads were stopped: 0.0275426 seconds, Stopping threads took: 0.0001597 seconds
2024-10-09T21:23:21.747+0300: 410.960: Application time: 0.1888916 seconds
2024-10-09T21:23:21.747+0300: 410.960: [GC (Allocation Failure) 2024-10-09T21:23:21.747+0300: 410.960: [ParNew: 460096K->44562K(460096K), 0.0265283 secs] 2861013K->2470228K(4143232K), 0.0266248 secs] [Times: user=0.03 sys=0.00, real=0.03 secs] 
2024-10-09T21:23:21.778+0300: 410.987: Total time for which application threads were stopped: 0.0269851 seconds, Stopping threads took: 0.0002257 seconds
2024-10-09T21:23:21.966+0300: 411.177: Application time: 0.1900672 seconds
2024-10-09T21:23:21.966+0300: 411.177: [GC (Allocation Failure) 2024-10-09T21:23:21.966+0300: 411.177: [ParNew: 453586K->51072K(460096K), 0.0239270 secs] 2879252K->2486972K(4143232K), 0.0240122 secs] [Times: user=0.03 sys=0.00, real=0.03 secs] 
2024-10-09T21:23:21.997+0300: 411.201: Total time for which application threads were stopped: 0.0242700 seconds, Stopping threads took: 0.0001326 seconds
2024-10-09T21:23:22.155+0300: 411.364: Application time: 0.1630852 seconds
2024-10-09T21:23:22.155+0300: 411.364: [GC (Allocation Failure) 2024-10-09T21:23:22.155+0300: 411.364: [ParNew: 460096K->51072K(460096K), 0.0275202 secs] 2895996K->2506480K(4143232K), 0.0276073 secs] [Times: user=0.02 sys=0.00, real=0.03 secs] 
2024-10-09T21:23:22.186+0300: 411.392: Total time for which application threads were stopped: 0.0278544 seconds, Stopping threads took: 0.0001300 seconds
2024-10-09T21:23:22.359+0300: 411.572: Application time: 0.1805193 seconds
2024-10-09T21:23:22.359+0300: 411.573: [GC (Allocation Failure) 2024-10-09T21:23:22.359+0300: 411.573: [ParNew: 460096K->39427K(460096K), 0.0271124 secs] 2915504K->2522731K(4143232K), 0.0272024 secs] [Times: user=0.03 sys=0.00, real=0.03 secs] 
2024-10-09T21:23:22.390+0300: 411.600: Total time for which application threads were stopped: 0.0274910 seconds, Stopping threads took: 0.0001610 seconds
2024-10-09T21:23:22.578+0300: 411.792: Application time: 0.1916874 seconds
2024-10-09T21:23:22.578+0300: 411.792: [GC (Allocation Failure) 2024-10-09T21:23:22.578+0300: 411.792: [ParNew: 448451K->51072K(460096K), 0.0281326 secs] 2931755K->2540762K(4143232K), 0.0282247 secs] [Times: user=0.11 sys=0.00, real=0.03 secs] 
2024-10-09T21:23:22.609+0300: 411.820: Total time for which application threads were stopped: 0.0284931 seconds, Stopping threads took: 0.0001138 seconds
2024-10-09T21:23:22.782+0300: 411.990: Application time: 0.1697256 seconds
2024-10-09T21:23:22.782+0300: 411.990: [GC (Allocation Failure) 2024-10-09T21:23:22.782+0300: 411.990: [ParNew: 460096K->51072K(460096K), 0.0392978 secs] 2949786K->2577317K(4143232K), 0.0393854 secs] [Times: user=0.08 sys=0.00, real=0.04 secs] 
2024-10-09T21:23:22.825+0300: 412.030: Total time for which application threads were stopped: 0.0396758 seconds, Stopping threads took: 0.0001458 seconds
2024-10-09T21:23:23.002+0300: 412.215: Application time: 0.1857227 seconds
2024-10-09T21:23:23.002+0300: 412.216: [GC (Allocation Failure) 2024-10-09T21:23:23.002+0300: 412.216: [ParNew: 460096K->50336K(460096K), 0.0324181 secs] 2986341K->2611177K(4143232K), 0.0325046 secs] [Times: user=0.08 sys=0.00, real=0.03 secs] 
2024-10-09T21:23:23.033+0300: 412.248: Total time for which application threads were stopped: 0.0328025 seconds, Stopping threads took: 0.0001690 seconds
2024-10-09T21:23:23.226+0300: 412.438: Application time: 0.1900971 seconds
2024-10-09T21:23:23.226+0300: 412.438: [GC (Allocation Failure) 2024-10-09T21:23:23.226+0300: 412.438: [ParNew: 459360K->51072K(460096K), 0.0253366 secs] 3020201K->2613005K(4143232K), 0.0254265 secs] [Times: user=0.05 sys=0.00, real=0.03 secs] 
2024-10-09T21:23:23.253+0300: 412.464: Total time for which application threads were stopped: 0.0256668 seconds, Stopping threads took: 0.0001155 seconds
2024-10-09T21:23:23.427+0300: 412.640: Application time: 0.1761848 seconds
2024-10-09T21:23:23.427+0300: 412.640: [GC (Allocation Failure) 2024-10-09T21:23:23.427+0300: 412.640: [ParNew: 460096K->51072K(460096K), 0.0300003 secs] 3022029K->2636565K(4143232K), 0.0300816 secs] [Times: user=0.12 sys=0.00, real=0.03 secs] 
2024-10-09T21:23:23.457+0300: 412.670: Total time for which application threads were stopped: 0.0303464 seconds, Stopping threads took: 0.0001395 seconds
2024-10-09T21:23:23.645+0300: 412.853: Application time: 0.1821667 seconds
2024-10-09T21:23:23.645+0300: 412.853: [GC (Allocation Failure) 2024-10-09T21:23:23.645+0300: 412.853: [ParNew: 460096K->40523K(460096K), 0.0302603 secs] 3045589K->2658790K(4143232K), 0.0303566 secs] [Times: user=0.14 sys=0.00, real=0.03 secs] 
2024-10-09T21:23:23.677+0300: 412.883: Total time for which application threads were stopped: 0.0306008 seconds, Stopping threads took: 0.0001080 seconds
2024-10-09T21:23:23.865+0300: 413.073: Application time: 0.1902034 seconds
2024-10-09T21:23:23.865+0300: 413.074: [GC (Allocation Failure) 2024-10-09T21:23:23.865+0300: 413.074: [ParNew: 449547K->51072K(460096K), 0.0224449 secs] 3067814K->2673205K(4143232K), 0.0225168 secs] [Times: user=0.12 sys=0.00, real=0.02 secs] 
2024-10-09T21:23:23.881+0300: 413.096: Total time for which application threads were stopped: 0.0227810 seconds, Stopping threads took: 0.0001264 seconds
2024-10-09T21:23:24.053+0300: 413.269: Application time: 0.1731301 seconds
2024-10-09T21:23:24.053+0300: 413.270: [GC (Allocation Failure) 2024-10-09T21:23:24.053+0300: 413.270: [ParNew: 460096K->51072K(460096K), 0.0336299 secs] 3082229K->2695742K(4143232K), 0.0337824 secs] [Times: user=0.09 sys=0.00, real=0.05 secs] 
2024-10-09T21:23:24.100+0300: 413.303: Total time for which application threads were stopped: 0.0341023 seconds, Stopping threads took: 0.0001728 seconds
2024-10-09T21:23:24.273+0300: 413.478: Application time: 0.1749336 seconds
2024-10-09T21:23:24.273+0300: 413.479: [GC (Allocation Failure) 2024-10-09T21:23:24.273+0300: 413.479: [ParNew: 460096K->39288K(460096K), 0.0292637 secs] 3104766K->2712807K(4143232K), 0.0293442 secs] [Times: user=0.09 sys=0.00, real=0.03 secs] 
2024-10-09T21:23:24.304+0300: 413.508: Total time for which application threads were stopped: 0.0295979 seconds, Stopping threads took: 0.0001207 seconds
2024-10-09T21:23:24.477+0300: 413.693: Application time: 0.1847102 seconds
2024-10-09T21:23:24.477+0300: 413.693: [GC (Allocation Failure) 2024-10-09T21:23:24.477+0300: 413.693: [ParNew: 448312K->51072K(460096K), 0.0239286 secs] 3121831K->2732882K(4143232K), 0.0240100 secs] [Times: user=0.19 sys=0.00, real=0.03 secs] 
2024-10-09T21:23:24.508+0300: 413.717: Total time for which application threads were stopped: 0.0242631 seconds, Stopping threads took: 0.0001268 seconds
2024-10-09T21:23:24.681+0300: 413.900: Application time: 0.1828758 seconds
2024-10-09T21:23:24.697+0300: 413.900: [GC (Allocation Failure) 2024-10-09T21:23:24.697+0300: 413.900: [ParNew: 460096K->51072K(460096K), 0.0314043 secs] 3141906K->2761231K(4143232K), 0.0314777 secs] [Times: user=0.17 sys=0.00, real=0.03 secs] 
2024-10-09T21:23:24.728+0300: 413.932: Total time for which application threads were stopped: 0.0319827 seconds, Stopping threads took: 0.0003851 seconds
2024-10-09T21:23:24.901+0300: 414.109: Application time: 0.1772545 seconds
2024-10-09T21:23:24.901+0300: 414.109: [GC (Allocation Failure) 2024-10-09T21:23:24.901+0300: 414.109: [ParNew: 460096K->49170K(460096K), 0.0237125 secs] 3170255K->2774811K(4143232K), 0.0237894 secs] [Times: user=0.09 sys=0.00, real=0.01 secs] 
2024-10-09T21:23:24.930+0300: 414.133: Total time for which application threads were stopped: 0.0240987 seconds, Stopping threads took: 0.0001317 seconds
2024-10-09T21:23:25.105+0300: 414.316: Application time: 0.1832058 seconds
2024-10-09T21:23:25.105+0300: 414.317: [GC (Allocation Failure) 2024-10-09T21:23:25.105+0300: 414.317: [ParNew: 458194K->51072K(460096K), 0.0244146 secs] 3183835K->2790588K(4143232K), 0.0245043 secs] [Times: user=0.14 sys=0.00, real=0.03 secs] 
2024-10-09T21:23:25.137+0300: 414.341: Total time for which application threads were stopped: 0.0247837 seconds, Stopping threads took: 0.0001367 seconds
2024-10-09T21:23:25.309+0300: 414.512: Application time: 0.1708765 seconds
2024-10-09T21:23:25.309+0300: 414.512: [GC (Allocation Failure) 2024-10-09T21:23:25.309+0300: 414.512: [ParNew: 460096K->51072K(460096K), 0.0259578 secs] 3199612K->2808508K(4143232K), 0.0260399 secs] [Times: user=0.17 sys=0.00, real=0.02 secs] 
2024-10-09T21:23:25.331+0300: 414.538: Total time for which application threads were stopped: 0.0263354 seconds, Stopping threads took: 0.0001459 seconds
2024-10-09T21:23:25.513+0300: 414.718: Application time: 0.1800308 seconds
2024-10-09T21:23:25.513+0300: 414.719: [GC (Allocation Failure) 2024-10-09T21:23:25.513+0300: 414.719: [ParNew: 460096K->51072K(460096K), 0.0245154 secs] 3217532K->2823056K(4143232K), 0.0246067 secs] [Times: user=0.09 sys=0.00, real=0.02 secs] 
2024-10-09T21:23:25.532+0300: 414.743: Total time for which application threads were stopped: 0.0248548 seconds, Stopping threads took: 0.0001137 seconds
2024-10-09T21:23:25.717+0300: 414.929: Application time: 0.1858196 seconds
2024-10-09T21:23:25.717+0300: 414.929: [GC (Allocation Failure) 2024-10-09T21:23:25.717+0300: 414.929: [ParNew: 460096K->51072K(460096K), 0.0243067 secs] 3232080K->2835214K(4143232K), 0.0243963 secs] [Times: user=0.17 sys=0.00, real=0.03 secs] 
2024-10-09T21:23:25.749+0300: 414.954: Total time for which application threads were stopped: 0.0247091 seconds, Stopping threads took: 0.0001601 seconds
2024-10-09T21:23:25.921+0300: 415.127: Application time: 0.1735421 seconds
2024-10-09T21:23:25.921+0300: 415.128: [GC (Allocation Failure) 2024-10-09T21:23:25.921+0300: 415.128: [ParNew: 460096K->45617K(460096K), 0.0312453 secs] 3244238K->2863572K(4143232K), 0.0313166 secs] [Times: user=0.16 sys=0.00, real=0.03 secs] 
2024-10-09T21:23:25.953+0300: 415.159: Total time for which application threads were stopped: 0.0315939 seconds, Stopping threads took: 0.0001453 seconds
2024-10-09T21:23:26.141+0300: 415.350: Application time: 0.1913726 seconds
2024-10-09T21:23:26.141+0300: 415.350: [GC (Allocation Failure) 2024-10-09T21:23:26.141+0300: 415.351: [ParNew: 454641K->51072K(460096K), 0.0243254 secs] 3272596K->2879989K(4143232K), 0.0244160 secs] [Times: user=0.01 sys=0.00, real=0.02 secs] 
2024-10-09T21:23:26.157+0300: 415.375: Total time for which application threads were stopped: 0.0246841 seconds, Stopping threads took: 0.0001434 seconds
2024-10-09T21:23:26.345+0300: 415.552: Application time: 0.1768247 seconds
2024-10-09T21:23:26.345+0300: 415.552: [GC (Allocation Failure) 2024-10-09T21:23:26.345+0300: 415.552: [ParNew: 460096K->51072K(460096K), 0.0252479 secs] 3289013K->2892962K(4143232K), 0.0253409 secs] [Times: user=0.03 sys=0.00, real=0.02 secs] 
2024-10-09T21:23:26.361+0300: 415.577: Total time for which application threads were stopped: 0.0255880 seconds, Stopping threads took: 0.0001135 seconds
2024-10-09T21:23:26.534+0300: 415.748: Application time: 0.1707519 seconds
2024-10-09T21:23:26.534+0300: 415.748: [GC (Allocation Failure) 2024-10-09T21:23:26.534+0300: 415.748: [ParNew: 460096K->51072K(460096K), 0.0332556 secs] 3301986K->2929540K(4143232K), 0.0333586 secs] [Times: user=0.09 sys=0.00, real=0.03 secs] 
2024-10-09T21:23:26.565+0300: 415.782: Total time for which application threads were stopped: 0.0336949 seconds, Stopping threads took: 0.0001738 seconds
2024-10-09T21:23:26.784+0300: 415.994: Application time: 0.2119071 seconds
2024-10-09T21:23:26.784+0300: 415.994: [GC (Allocation Failure) 2024-10-09T21:23:26.784+0300: 415.994: [ParNew: 460096K->50416K(460096K), 0.0246362 secs] 3338564K->2939397K(4143232K), 0.0247899 secs] [Times: user=0.14 sys=0.00, real=0.03 secs] 
2024-10-09T21:23:26.816+0300: 416.019: Total time for which application threads were stopped: 0.0250848 seconds, Stopping threads took: 0.0001231 seconds
2024-10-09T21:23:26.989+0300: 416.204: Application time: 0.1850030 seconds
2024-10-09T21:23:26.989+0300: 416.204: [GC (Allocation Failure) 2024-10-09T21:23:26.989+0300: 416.204: [ParNew: 459440K->51072K(460096K), 0.0282717 secs] 3348421K->2955773K(4143232K), 0.0283616 secs] [Times: user=0.16 sys=0.00, real=0.03 secs] 
2024-10-09T21:23:27.020+0300: 416.233: Total time for which application threads were stopped: 0.0287836 seconds, Stopping threads took: 0.0002526 seconds
2024-10-09T21:23:27.193+0300: 416.406: Application time: 0.1735391 seconds
2024-10-09T21:23:27.193+0300: 416.406: [GC (Allocation Failure) 2024-10-09T21:23:27.193+0300: 416.406: [ParNew: 460096K->48930K(460096K), 0.0303966 secs] 3364797K->2983208K(4143232K), 0.0304828 secs] [Times: user=0.05 sys=0.00, real=0.03 secs] 
2024-10-09T21:23:27.224+0300: 416.437: Total time for which application threads were stopped: 0.0307677 seconds, Stopping threads took: 0.0001496 seconds
2024-10-09T21:23:27.428+0300: 416.631: Application time: 0.1944663 seconds
2024-10-09T21:23:27.428+0300: 416.632: [GC (Allocation Failure) 2024-10-09T21:23:27.428+0300: 416.632: [ParNew: 457954K->51072K(460096K), 0.0245950 secs] 3392232K->2997289K(4143232K), 0.0246800 secs] [Times: user=0.17 sys=0.00, real=0.02 secs] 
2024-10-09T21:23:27.444+0300: 416.657: Total time for which application threads were stopped: 0.0251758 seconds, Stopping threads took: 0.0003374 seconds
2024-10-09T21:23:27.636+0300: 416.845: Application time: 0.1882055 seconds
2024-10-09T21:23:27.636+0300: 416.845: [GC (Allocation Failure) 2024-10-09T21:23:27.636+0300: 416.845: [ParNew: 460096K->51072K(460096K), 0.0255661 secs] 3406313K->3009334K(4143232K), 0.0256627 secs] [Times: user=0.14 sys=0.00, real=0.03 secs] 
2024-10-09T21:23:27.664+0300: 416.871: Total time for which application threads were stopped: 0.0259984 seconds, Stopping threads took: 0.0001763 seconds
2024-10-09T21:23:27.852+0300: 417.055: Application time: 0.1846362 seconds
2024-10-09T21:23:27.852+0300: 417.056: [GC (Allocation Failure) 2024-10-09T21:23:27.852+0300: 417.056: [ParNew: 460096K->51072K(460096K), 0.0267237 secs] 3418358K->3029087K(4143232K), 0.0268015 secs] [Times: user=0.16 sys=0.00, real=0.02 secs] 
2024-10-09T21:23:27.867+0300: 417.082: Total time for which application threads were stopped: 0.0270870 seconds, Stopping threads took: 0.0001282 seconds
2024-10-09T21:23:28.056+0300: 417.268: Application time: 0.1852879 seconds
2024-10-09T21:23:28.056+0300: 417.268: [GC (Allocation Failure) 2024-10-09T21:23:28.056+0300: 417.268: [ParNew: 460096K->49305K(460096K), 0.0254777 secs] 3438111K->3043123K(4143232K), 0.0255599 secs] [Times: user=0.09 sys=0.00, real=0.03 secs] 
2024-10-09T21:23:28.087+0300: 417.294: Total time for which application threads were stopped: 0.0258389 seconds, Stopping threads took: 0.0001378 seconds
2024-10-09T21:23:28.260+0300: 417.478: Application time: 0.1839953 seconds
2024-10-09T21:23:28.260+0300: 417.478: [GC (Allocation Failure) 2024-10-09T21:23:28.260+0300: 417.478: [ParNew: 458329K->51072K(460096K), 0.0249703 secs] 3452147K->3060422K(4143232K), 0.0250580 secs] [Times: user=0.03 sys=0.00, real=0.03 secs] 
2024-10-09T21:23:28.291+0300: 417.503: Total time for which application threads were stopped: 0.0253178 seconds, Stopping threads took: 0.0001396 seconds
2024-10-09T21:23:28.479+0300: 417.689: Application time: 0.1857261 seconds
2024-10-09T21:23:28.479+0300: 417.689: [GC (Allocation Failure) 2024-10-09T21:23:28.479+0300: 417.689: [ParNew: 460096K->51072K(460096K), 0.0284305 secs] 3469446K->3081236K(4143232K), 0.0285255 secs] [Times: user=0.06 sys=0.00, real=0.03 secs] 
2024-10-09T21:23:28.511+0300: 417.717: Total time for which application threads were stopped: 0.0287842 seconds, Stopping threads took: 0.0001137 seconds
2024-10-09T21:23:28.684+0300: 417.900: Application time: 0.1830192 seconds
2024-10-09T21:23:28.684+0300: 417.901: [GC (Allocation Failure) 2024-10-09T21:23:28.684+0300: 417.901: [ParNew: 460096K->44837K(460096K), 0.0276961 secs] 3490260K->3100655K(4143232K), 0.0277921 secs] [Times: user=0.03 sys=0.00, real=0.03 secs] 
2024-10-09T21:23:28.715+0300: 417.929: Total time for which application threads were stopped: 0.0280838 seconds, Stopping threads took: 0.0001484 seconds
2024-10-09T21:23:28.904+0300: 418.118: Application time: 0.1895419 seconds
2024-10-09T21:23:28.904+0300: 418.118: [GC (Allocation Failure) 2024-10-09T21:23:28.904+0300: 418.118: [ParNew: 453861K->51072K(460096K), 0.0240949 secs] 3509679K->3119516K(4143232K), 0.0241817 secs] [Times: user=0.08 sys=0.00, real=0.03 secs] 
2024-10-09T21:23:28.938+0300: 418.143: Total time for which application threads were stopped: 0.0244762 seconds, Stopping threads took: 0.0001594 seconds
2024-10-09T21:23:29.108+0300: 418.320: Application time: 0.1778703 seconds
2024-10-09T21:23:29.108+0300: 418.321: [GC (Allocation Failure) 2024-10-09T21:23:29.108+0300: 418.321: [ParNew: 460096K->51072K(460096K), 0.0278994 secs] 3528540K->3138149K(4143232K), 0.0279880 secs] [Times: user=0.03 sys=0.00, real=0.03 secs] 
2024-10-09T21:23:29.140+0300: 418.349: Total time for which application threads were stopped: 0.0282558 seconds, Stopping threads took: 0.0001460 seconds
2024-10-09T21:23:29.312+0300: 418.522: Application time: 0.1729666 seconds
2024-10-09T21:23:29.312+0300: 418.522: [GC (Allocation Failure) 2024-10-09T21:23:29.312+0300: 418.522: [ParNew: 460096K->43446K(460096K), 0.0265984 secs] 3547173K->3151806K(4143232K), 0.0266811 secs] [Times: user=0.03 sys=0.00, real=0.03 secs] 
2024-10-09T21:23:29.344+0300: 418.549: Total time for which application threads were stopped: 0.0269440 seconds, Stopping threads took: 0.0001480 seconds
2024-10-09T21:23:29.516+0300: 418.731: Application time: 0.1828783 seconds
2024-10-09T21:23:29.516+0300: 418.732: [GC (Allocation Failure) 2024-10-09T21:23:29.516+0300: 418.732: [ParNew: 452470K->51072K(460096K), 0.0236772 secs] 3560830K->3170801K(4143232K), 0.0237725 secs] [Times: user=0.03 sys=0.00, real=0.03 secs] 
2024-10-09T21:23:29.548+0300: 418.756: Total time for which application threads were stopped: 0.0240570 seconds, Stopping threads took: 0.0001385 seconds
2024-10-09T21:23:29.739+0300: 418.944: Application time: 0.1880784 seconds
2024-10-09T21:23:29.739+0300: 418.944: [GC (Allocation Failure) 2024-10-09T21:23:29.739+0300: 418.944: [ParNew: 460096K->51072K(460096K), 0.0301759 secs] 3579825K->3196191K(4143232K), 0.0302757 secs] [Times: user=0.08 sys=0.00, real=0.03 secs] 
2024-10-09T21:23:29.767+0300: 418.974: Total time for which application threads were stopped: 0.0305642 seconds, Stopping threads took: 0.0001354 seconds
2024-10-09T21:23:29.940+0300: 419.149: Application time: 0.1747729 seconds
2024-10-09T21:23:29.940+0300: 419.149: [GC (Allocation Failure) 2024-10-09T21:23:29.940+0300: 419.149: [ParNew: 460096K->51072K(460096K), 0.0300363 secs] 3605215K->3223188K(4143232K), 0.0301232 secs] [Times: user=0.02 sys=0.00, real=0.03 secs] 
2024-10-09T21:23:29.971+0300: 419.179: Total time for which application threads were stopped: 0.0304186 seconds, Stopping threads took: 0.0001653 seconds
2024-10-09T21:23:30.159+0300: 419.365: Application time: 0.1855959 seconds
2024-10-09T21:23:30.159+0300: 419.365: [GC (Allocation Failure) 2024-10-09T21:23:30.159+0300: 419.365: [ParNew: 460096K->51072K(460096K), 0.0296430 secs] 3632212K->3245285K(4143232K), 0.0297287 secs] [Times: user=0.03 sys=0.00, real=0.03 secs] 
2024-10-09T21:23:30.191+0300: 419.395: Total time for which application threads were stopped: 0.0299864 seconds, Stopping threads took: 0.0001359 seconds
2024-10-09T21:23:30.348+0300: 419.564: Application time: 0.1688405 seconds
2024-10-09T21:23:30.348+0300: 419.564: [GC (Allocation Failure) 2024-10-09T21:23:30.348+0300: 419.564: [ParNew: 460096K->51072K(460096K), 0.0282608 secs] 3654309K->3268016K(4143232K), 0.0283500 secs] [Times: user=0.03 sys=0.00, real=0.03 secs] 
2024-10-09T21:23:30.379+0300: 419.592: Total time for which application threads were stopped: 0.0286320 seconds, Stopping threads took: 0.0001563 seconds
2024-10-09T21:23:30.552+0300: 419.770: Application time: 0.1775023 seconds
2024-10-09T21:23:30.552+0300: 419.770: [GC (Allocation Failure) 2024-10-09T21:23:30.552+0300: 419.770: [ParNew: 460096K->48808K(460096K), 0.0266060 secs] 3677040K->3287105K(4143232K), 0.0266872 secs] [Times: user=0.05 sys=0.00, real=0.03 secs] 
2024-10-09T21:23:30.583+0300: 419.797: Total time for which application threads were stopped: 0.0269885 seconds, Stopping threads took: 0.0001760 seconds
2024-10-09T21:23:30.771+0300: 419.984: Application time: 0.1867948 seconds
2024-10-09T21:23:30.771+0300: 419.984: [GC (Allocation Failure) 2024-10-09T21:23:30.771+0300: 419.984: [ParNew: 457832K->51072K(460096K), 0.0258309 secs] 3696129K->3301313K(4143232K), 0.0259188 secs] [Times: user=0.03 sys=0.00, real=0.03 secs] 
2024-10-09T21:23:30.803+0300: 420.010: Total time for which application threads were stopped: 0.0261953 seconds, Stopping threads took: 0.0001421 seconds
2024-10-09T21:23:30.975+0300: 420.179: Application time: 0.1690233 seconds
2024-10-09T21:23:30.975+0300: 420.179: [GC (Allocation Failure) 2024-10-09T21:23:30.975+0300: 420.179: [ParNew: 460096K->51072K(460096K), 0.0266322 secs] 3710337K->3321954K(4143232K), 0.0267249 secs] [Times: user=0.02 sys=0.00, real=0.02 secs] 
2024-10-09T21:23:30.991+0300: 420.206: Total time for which application threads were stopped: 0.0269777 seconds, Stopping threads took: 0.0001264 seconds
2024-10-09T21:23:31.179+0300: 420.386: Application time: 0.1796049 seconds
2024-10-09T21:23:31.179+0300: 420.386: [GC (Allocation Failure) 2024-10-09T21:23:31.179+0300: 420.386: [ParNew: 460096K->51072K(460096K), 0.0263290 secs] 3730978K->3343262K(4143232K), 0.0264166 secs] [Times: user=0.02 sys=0.00, real=0.02 secs] 
2024-10-09T21:23:31.195+0300: 420.412: Total time for which application threads were stopped: 0.0267030 seconds, Stopping threads took: 0.0001649 seconds
2024-10-09T21:23:31.383+0300: 420.597: Application time: 0.1848566 seconds
2024-10-09T21:23:31.383+0300: 420.597: [GC (Allocation Failure) 2024-10-09T21:23:31.383+0300: 420.597: [ParNew: 460096K->51072K(460096K), 0.0246427 secs] 3752286K->3356285K(4143232K), 0.0247271 secs] [Times: user=0.03 sys=0.00, real=0.03 secs] 
2024-10-09T21:23:31.415+0300: 420.622: Total time for which application threads were stopped: 0.0249917 seconds, Stopping threads took: 0.0001368 seconds
2024-10-09T21:23:31.588+0300: 420.794: Application time: 0.1721426 seconds
2024-10-09T21:23:31.588+0300: 420.794: [GC (Allocation Failure) 2024-10-09T21:23:31.588+0300: 420.795: [ParNew: 460096K->51072K(460096K), 0.0284039 secs] 3765309K->3375604K(4143232K), 0.0284887 secs] [Times: user=0.08 sys=0.00, real=0.03 secs] 
2024-10-09T21:23:31.619+0300: 420.823: Total time for which application threads were stopped: 0.0287496 seconds, Stopping threads took: 0.0001289 seconds
2024-10-09T21:23:31.792+0300: 421.005: Application time: 0.1824001 seconds
2024-10-09T21:23:31.792+0300: 421.006: [GC (Allocation Failure) 2024-10-09T21:23:31.792+0300: 421.008: [ParNew: 460096K->51072K(460096K), 0.0327539 secs] 3784628K->3406210K(4143232K), 0.0350449 secs] [Times: user=0.03 sys=0.00, real=0.03 secs] 
2024-10-09T21:23:31.823+0300: 421.041: Total time for which application threads were stopped: 0.0353408 seconds, Stopping threads took: 0.0001692 seconds
2024-10-09T21:23:31.823+0300: 421.041: Application time: 0.0000936 seconds
2024-10-09T21:23:31.823+0300: 421.041: [GC (CMS Initial Mark) [1 CMS-initial-mark: 3355138K(3683136K)] 3413049K(4143232K), 0.0044956 secs] [Times: user=0.02 sys=0.00, real=0.02 secs] 
2024-10-09T21:23:31.839+0300: 421.046: Total time for which application threads were stopped: 0.0047305 seconds, Stopping threads took: 0.0001173 seconds
2024-10-09T21:23:31.839+0300: 421.046: [CMS-concurrent-mark-start]
2024-10-09T21:23:31.855+0300: 421.061: [CMS-concurrent-mark: 0.016/0.016 secs] [Times: user=0.02 sys=0.00, real=0.02 secs] 
2024-10-09T21:23:31.855+0300: 421.061: [CMS-concurrent-preclean-start]
2024-10-09T21:23:31.855+0300: 421.065: [CMS-concurrent-preclean: 0.004/0.004 secs] [Times: user=0.00 sys=0.00, real=0.00 secs] 
2024-10-09T21:23:31.855+0300: 421.065: [CMS-concurrent-abortable-preclean-start]
2024-10-09T21:23:32.027+0300: 421.241: [CMS-concurrent-abortable-preclean: 0.176/0.176 secs] [Times: user=1.11 sys=0.00, real=0.17 secs] 
2024-10-09T21:23:32.027+0300: 421.241: Application time: 0.1959027 seconds
2024-10-09T21:23:32.027+0300: 421.242: [GC (CMS Final Remark) [YG occupancy: 435215 K (460096 K)]2024-10-09T21:23:32.027+0300: 421.242: [Rescan (parallel) , 0.0455460 secs]2024-10-09T21:23:32.074+0300: 421.287: [weak refs processing, 0.0000168 secs]2024-10-09T21:23:32.074+0300: 421.287: [class unloading, 0.0021311 secs]2024-10-09T21:23:32.074+0300: 421.290: [scrub symbol table, 0.0007313 secs]2024-10-09T21:23:32.074+0300: 421.290: [scrub string table, 0.0002051 secs][1 CMS-remark: 3355138K(3683136K)] 3790353K(4143232K), 0.0487428 secs] [Times: user=0.05 sys=0.00, real=0.05 secs] 
2024-10-09T21:23:32.074+0300: 421.291: Total time for which application threads were stopped: 0.0490610 seconds, Stopping threads took: 0.0001651 seconds
2024-10-09T21:23:32.074+0300: 421.291: [CMS-concurrent-sweep-start]
2024-10-09T21:23:32.090+0300: 421.302: Application time: 0.0118731 seconds
2024-10-09T21:23:32.090+0300: 421.303: [GC (Allocation Failure) 2024-10-09T21:23:32.090+0300: 421.303: [ParNew: 460096K->48815K(460096K), 0.0279583 secs] 3788710K->3400718K(4143232K), 0.0280472 secs] [Times: user=0.01 sys=0.00, real=0.03 secs] 
2024-10-09T21:23:32.121+0300: 421.331: Total time for which application threads were stopped: 0.0283243 seconds, Stopping threads took: 0.0001420 seconds
2024-10-09T21:23:32.345+0300: 421.550: Application time: 0.2195849 seconds
2024-10-09T21:23:32.345+0300: 421.551: [GC (Allocation Failure) 2024-10-09T21:23:32.345+0300: 421.551: [ParNew: 457839K->51072K(460096K), 0.0265678 secs] 3374910K->2983238K(4143232K), 0.0266787 secs] [Times: user=0.11 sys=0.00, real=0.03 secs] 
2024-10-09T21:23:32.373+0300: 421.577: Total time for which application threads were stopped: 0.0270124 seconds, Stopping threads took: 0.0001713 seconds
2024-10-09T21:23:32.577+0300: 421.785: Application time: 0.2077326 seconds
2024-10-09T21:23:32.577+0300: 421.785: [GC (Allocation Failure) 2024-10-09T21:23:32.577+0300: 421.785: [ParNew: 460096K->50021K(460096K), 0.0283389 secs] 2998256K->2610569K(4143232K), 0.0284445 secs] [Times: user=0.08 sys=0.00, real=0.03 secs] 
2024-10-09T21:23:32.608+0300: 421.814: Total time for which application threads were stopped: 0.0288248 seconds, Stopping threads took: 0.0002111 seconds
2024-10-09T21:23:32.828+0300: 422.035: Application time: 0.2213769 seconds
2024-10-09T21:23:32.828+0300: 422.036: [GC (Allocation Failure) 2024-10-09T21:23:32.828+0300: 422.036: [ParNew: 459045K->51072K(460096K), 0.0270330 secs] 2595273K->2206917K(4143232K), 0.0271267 secs] [Times: user=0.05 sys=0.00, real=0.03 secs] 
2024-10-09T21:23:32.859+0300: 422.063: Total time for which application threads were stopped: 0.0274490 seconds, Stopping threads took: 0.0001387 seconds
2024-10-09T21:23:33.063+0300: 422.273: Application time: 0.2103615 seconds
2024-10-09T21:23:33.063+0300: 422.274: [GC (Allocation Failure) 2024-10-09T21:23:33.063+0300: 422.274: [ParNew: 460096K->51072K(460096K), 0.0255746 secs] 2210459K->1815794K(4143232K), 0.0256623 secs] [Times: user=0.02 sys=0.00, real=0.03 secs] 
2024-10-09T21:23:33.094+0300: 422.299: Total time for which application threads were stopped: 0.0260977 seconds, Stopping threads took: 0.0002698 seconds
2024-10-09T21:23:33.298+0300: 422.502: Application time: 0.2026422 seconds
2024-10-09T21:23:33.298+0300: 422.502: [GC (Allocation Failure) 2024-10-09T21:23:33.298+0300: 422.502: [ParNew: 460096K->51072K(460096K), 0.0292770 secs] 1833059K->1452525K(4143232K), 0.0293646 secs] [Times: user=0.02 sys=0.00, real=0.02 secs] 
2024-10-09T21:23:33.314+0300: 422.531: Total time for which application threads were stopped: 0.0296246 seconds, Stopping threads took: 0.0001155 seconds
2024-10-09T21:23:33.550+0300: 422.760: Application time: 0.2287803 seconds
2024-10-09T21:23:33.550+0300: 422.760: [GC (Allocation Failure) 2024-10-09T21:23:33.550+0300: 422.761: [ParNew: 460096K->51072K(460096K), 0.0233660 secs] 1415713K->1014585K(4143232K), 0.0234584 secs] [Times: user=0.01 sys=0.00, real=0.03 secs] 
2024-10-09T21:23:33.581+0300: 422.784: Total time for which application threads were stopped: 0.0237355 seconds, Stopping threads took: 0.0001382 seconds
2024-10-09T21:23:33.769+0300: 422.986: Application time: 0.2021384 seconds
2024-10-09T21:23:33.769+0300: 422.987: [GC (Allocation Failure) 2024-10-09T21:23:33.769+0300: 422.987: [ParNew: 460096K->44707K(460096K), 0.0281068 secs] 1041741K->650073K(4143232K), 0.0282045 secs] [Times: user=0.03 sys=0.00, real=0.03 secs] 
2024-10-09T21:23:33.800+0300: 423.015: Total time for which application threads were stopped: 0.0285967 seconds, Stopping threads took: 0.0002464 seconds
2024-10-09T21:23:34.004+0300: 423.221: Application time: 0.2060164 seconds
2024-10-09T21:23:34.004+0300: 423.221: [GC (Allocation Failure) 2024-10-09T21:23:34.004+0300: 423.221: [ParNew: 453731K->50840K(460096K), 0.0231490 secs] 675039K->284944K(4143232K), 0.0232650 secs] [Times: user=0.09 sys=0.00, real=0.03 secs] 
2024-10-09T21:23:34.036+0300: 423.244: Total time for which application threads were stopped: 0.0235667 seconds, Stopping threads took: 0.0001357 seconds
2024-10-09T21:23:34.052+0300: 423.261: [CMS-concurrent-sweep: 1.727/1.971 secs] [Times: user=10.20 sys=0.01, real=1.98 secs] 
2024-10-09T21:23:34.052+0300: 423.261: [CMS-concurrent-reset-start]
2024-10-09T21:23:34.052+0300: 423.269: [CMS-concurrent-reset: 0.007/0.007 secs] [Times: user=0.00 sys=0.00, real=0.00 secs] 
2024-10-09T21:23:34.224+0300: 423.437: Application time: 0.1922813 seconds
2024-10-09T21:23:34.224+0300: 423.437: [GC (Allocation Failure) 2024-10-09T21:23:34.224+0300: 423.437: [ParNew: 459864K->51072K(460096K), 0.0244110 secs] 658041K->265530K(4143232K), 0.0245001 secs] [Times: user=0.03 sys=0.00, real=0.03 secs] 
2024-10-09T21:23:34.256+0300: 423.461: Total time for which application threads were stopped: 0.0247701 seconds, Stopping threads took: 0.0001423 seconds
2024-10-09T21:23:34.428+0300: 423.638: Application time: 0.1769964 seconds
2024-10-09T21:23:34.428+0300: 423.639: [GC (Allocation Failure) 2024-10-09T21:23:34.428+0300: 423.639: [ParNew: 460096K->51072K(460096K), 0.0254405 secs] 674554K->278755K(4143232K), 0.0255358 secs] [Times: user=0.06 sys=0.00, real=0.03 secs] 
2024-10-09T21:23:34.459+0300: 423.664: Total time for which application threads were stopped: 0.0258429 seconds, Stopping threads took: 0.0001621 seconds
2024-10-09T21:23:34.632+0300: 423.836: Application time: 0.1720765 seconds
2024-10-09T21:23:34.632+0300: 423.837: [GC (Allocation Failure) 2024-10-09T21:23:34.632+0300: 423.837: [ParNew: 460096K->51072K(460096K), 0.0285223 secs] 687779K->303488K(4143232K), 0.0286215 secs] [Times: user=0.08 sys=0.00, real=0.02 secs] 
2024-10-09T21:23:34.651+0300: 423.865: Total time for which application threads were stopped: 0.0289628 seconds, Stopping threads took: 0.0002024 seconds
2024-10-09T21:23:34.836+0300: 424.049: Application time: 0.1840816 seconds
2024-10-09T21:23:34.836+0300: 424.050: [GC (Allocation Failure) 2024-10-09T21:23:34.836+0300: 424.050: [ParNew: 460096K->45730K(460096K), 0.0247104 secs] 712512K->316448K(4143232K), 0.0247978 secs] [Times: user=0.03 sys=0.00, real=0.03 secs] 
2024-10-09T21:23:34.868+0300: 424.074: Total time for which application threads were stopped: 0.0250834 seconds, Stopping threads took: 0.0001556 seconds
2024-10-09T21:23:35.052+0300: 424.256: Application time: 0.1815166 seconds
2024-10-09T21:23:35.052+0300: 424.256: [GC (Allocation Failure) 2024-10-09T21:23:35.052+0300: 424.256: [ParNew: 454754K->51072K(460096K), 0.0234277 secs] 725472K->331166K(4143232K), 0.0235125 secs] [Times: user=0.03 sys=0.00, real=0.02 secs] 
2024-10-09T21:23:35.072+0300: 424.280: Total time for which application threads were stopped: 0.0237616 seconds, Stopping threads took: 0.0001310 seconds
2024-10-09T21:23:35.228+0300: 424.443: Application time: 0.1629692 seconds
2024-10-09T21:23:35.228+0300: 424.443: [GC (Allocation Failure) 2024-10-09T21:23:35.228+0300: 424.443: [ParNew: 460096K->51072K(460096K), 0.0273764 secs] 740190K->353485K(4143232K), 0.0274603 secs] [Times: user=0.03 sys=0.00, real=0.03 secs] 
2024-10-09T21:23:35.260+0300: 424.470: Total time for which application threads were stopped: 0.0277087 seconds, Stopping threads took: 0.0001297 seconds
2024-10-09T21:23:35.453+0300: 424.657: Application time: 0.1861845 seconds
2024-10-09T21:23:35.453+0300: 424.657: [GC (Allocation Failure) 2024-10-09T21:23:35.453+0300: 424.657: [ParNew: 460096K->51072K(460096K), 0.0235154 secs] 762509K->368527K(4143232K), 0.0236109 secs] [Times: user=0.02 sys=0.00, real=0.01 secs] 
2024-10-09T21:23:35.464+0300: 424.681: Total time for which application threads were stopped: 0.0239150 seconds, Stopping threads took: 0.0001738 seconds
2024-10-09T21:23:35.653+0300: 424.868: Application time: 0.1870785 seconds
2024-10-09T21:23:35.653+0300: 424.868: [GC (Allocation Failure) 2024-10-09T21:23:35.653+0300: 424.868: [ParNew: 460096K->51072K(460096K), 0.0270514 secs] 777551K->386692K(4143232K), 0.0271544 secs] [Times: user=0.03 sys=0.00, real=0.03 secs] 
2024-10-09T21:23:35.684+0300: 424.895: Total time for which application threads were stopped: 0.0274942 seconds, Stopping threads took: 0.0001858 seconds
2024-10-09T21:23:35.856+0300: 425.063: Application time: 0.1682048 seconds
2024-10-09T21:23:35.856+0300: 425.064: [GC (Allocation Failure) 2024-10-09T21:23:35.856+0300: 425.064: [ParNew: 460096K->51072K(460096K), 0.0279160 secs] 795716K->407751K(4143232K), 0.0279955 secs] [Times: user=0.03 sys=0.00, real=0.03 secs] 
2024-10-09T21:23:35.888+0300: 425.092: Total time for which application threads were stopped: 0.0283289 seconds, Stopping threads took: 0.0002188 seconds
2024-10-09T21:23:36.060+0300: 425.277: Application time: 0.1850040 seconds
2024-10-09T21:23:36.060+0300: 425.277: [GC (Allocation Failure) 2024-10-09T21:23:36.060+0300: 425.277: [ParNew: 460096K->51072K(460096K), 0.0273372 secs] 816775K->427017K(4143232K), 0.0274300 secs] [Times: user=0.03 sys=0.00, real=0.03 secs] 
2024-10-09T21:23:36.092+0300: 425.304: Total time for which application threads were stopped: 0.0276920 seconds, Stopping threads took: 0.0001413 seconds
2024-10-09T21:23:36.264+0300: 425.479: Application time: 0.1749837 seconds
2024-10-09T21:23:36.264+0300: 425.480: [GC (Allocation Failure) 2024-10-09T21:23:36.264+0300: 425.480: [ParNew: 460096K->51072K(460096K), 0.0264356 secs] 836041K->447287K(4143232K), 0.0265245 secs] [Times: user=0.05 sys=0.00, real=0.03 secs] 
2024-10-09T21:23:36.295+0300: 425.506: Total time for which application threads were stopped: 0.0268258 seconds, Stopping threads took: 0.0001753 seconds
2024-10-09T21:23:36.468+0300: 425.682: Application time: 0.1753763 seconds
2024-10-09T21:23:36.468+0300: 425.682: [GC (Allocation Failure) 2024-10-09T21:23:36.468+0300: 425.682: [ParNew: 460096K->51072K(460096K), 0.0268098 secs] 856311K->468088K(4143232K), 0.0268972 secs] [Times: user=0.03 sys=0.00, real=0.03 secs] 
2024-10-09T21:23:36.499+0300: 425.709: Total time for which application threads were stopped: 0.0271408 seconds, Stopping threads took: 0.0001244 seconds
2024-10-09T21:23:36.688+0300: 425.895: Application time: 0.1865307 seconds
2024-10-09T21:23:36.688+0300: 425.895: [GC (Allocation Failure) 2024-10-09T21:23:36.688+0300: 425.895: [ParNew: 460096K->51072K(460096K), 0.0250507 secs] 877112K->484326K(4143232K), 0.0251418 secs] [Times: user=0.01 sys=0.00, real=0.02 secs] 
2024-10-09T21:23:36.703+0300: 425.921: Total time for which application threads were stopped: 0.0254337 seconds, Stopping threads took: 0.0001583 seconds
2024-10-09T21:23:36.877+0300: 426.091: Application time: 0.1704188 seconds
2024-10-09T21:23:36.877+0300: 426.091: [GC (Allocation Failure) 2024-10-09T21:23:36.877+0300: 426.091: [ParNew: 460096K->49982K(460096K), 0.0255735 secs] 893350K->501041K(4143232K), 0.0256613 secs] [Times: user=0.03 sys=0.00, real=0.03 secs] 
2024-10-09T21:23:36.908+0300: 426.117: Total time for which application threads were stopped: 0.0259894 seconds, Stopping threads took: 0.0002054 seconds
2024-10-09T21:23:37.096+0300: 426.301: Application time: 0.1843792 seconds
2024-10-09T21:23:37.096+0300: 426.302: [GC (Allocation Failure) 2024-10-09T21:23:37.096+0300: 426.302: [ParNew: 459006K->51072K(460096K), 0.0233137 secs] 910065K->514806K(4143232K), 0.0234036 secs] [Times: user=0.02 sys=0.00, real=0.02 secs] 
2024-10-09T21:23:37.112+0300: 426.325: Total time for which application threads were stopped: 0.0236671 seconds, Stopping threads took: 0.0001367 seconds
2024-10-09T21:23:37.300+0300: 426.504: Application time: 0.1786238 seconds
2024-10-09T21:23:37.300+0300: 426.504: [GC (Allocation Failure) 2024-10-09T21:23:37.300+0300: 426.506: [ParNew: 460096K->51072K(460096K), 0.0232007 secs] 923830K->525908K(4143232K), 0.0255079 secs] [Times: user=0.01 sys=0.00, real=0.02 secs] 
2024-10-09T21:23:37.316+0300: 426.530: Total time for which application threads were stopped: 0.0257827 seconds, Stopping threads took: 0.0001419 seconds
2024-10-09T21:23:37.488+0300: 426.698: Application time: 0.1682041 seconds
2024-10-09T21:23:37.488+0300: 426.698: [GC (Allocation Failure) 2024-10-09T21:23:37.488+0300: 426.698: [ParNew: 460096K->51072K(460096K), 0.0287120 secs] 934932K->550607K(4143232K), 0.0288256 secs] [Times: user=0.06 sys=0.00, real=0.03 secs] 
2024-10-09T21:23:37.520+0300: 426.727: Total time for which application threads were stopped: 0.0291540 seconds, Stopping threads took: 0.0001690 seconds
2024-10-09T21:23:37.708+0300: 426.917: Application time: 0.1897583 seconds
2024-10-09T21:23:37.708+0300: 426.917: [GC (Allocation Failure) 2024-10-09T21:23:37.708+0300: 426.917: [ParNew: 460096K->47972K(460096K), 0.0264765 secs] 959631K->568944K(4143232K), 0.0265710 secs] [Times: user=0.02 sys=0.00, real=0.03 secs] 
2024-10-09T21:23:37.739+0300: 426.943: Total time for which application threads were stopped: 0.0268598 seconds, Stopping threads took: 0.0001437 seconds
2024-10-09T21:23:37.912+0300: 427.127: Application time: 0.1832642 seconds
2024-10-09T21:23:37.912+0300: 427.127: [GC (Allocation Failure) 2024-10-09T21:23:37.912+0300: 427.127: [ParNew: 456996K->51072K(460096K), 0.0252727 secs] 977968K->583959K(4143232K), 0.0253584 secs] [Times: user=0.05 sys=0.01, real=0.03 secs] 
2024-10-09T21:23:37.943+0300: 427.152: Total time for which application threads were stopped: 0.0256426 seconds, Stopping threads took: 0.0001608 seconds
2024-10-09T21:23:38.100+0300: 427.316: Application time: 0.1637949 seconds
2024-10-09T21:23:38.100+0300: 427.316: [GC (Allocation Failure) 2024-10-09T21:23:38.100+0300: 427.316: [ParNew: 460096K->48178K(460096K), 0.0321984 secs] 992983K->614592K(4143232K), 0.0322868 secs] [Times: user=0.01 sys=0.02, real=0.03 secs] 
2024-10-09T21:23:38.132+0300: 427.349: Total time for which application threads were stopped: 0.0325437 seconds, Stopping threads took: 0.0001400 seconds
2024-10-09T21:23:38.320+0300: 427.531: Application time: 0.1821946 seconds
2024-10-09T21:23:38.320+0300: 427.531: [GC (Allocation Failure) 2024-10-09T21:23:38.320+0300: 427.531: [ParNew: 457202K->51072K(460096K), 0.0243184 secs] 1023616K->637300K(4143232K), 0.0244044 secs] [Times: user=0.02 sys=0.00, real=0.03 secs] 
2024-10-09T21:23:38.351+0300: 427.556: Total time for which application threads were stopped: 0.0246831 seconds, Stopping threads took: 0.0001497 seconds
2024-10-09T21:23:38.540+0300: 427.747: Application time: 0.1911794 seconds
2024-10-09T21:23:38.540+0300: 427.747: [GC (Allocation Failure) 2024-10-09T21:23:38.540+0300: 427.747: [ParNew: 460096K->51072K(460096K), 0.0243978 secs] 1046324K->644654K(4143232K), 0.0244926 secs] [Times: user=0.02 sys=0.00, real=0.02 secs] 
2024-10-09T21:23:38.559+0300: 427.772: Total time for which application threads were stopped: 0.0247800 seconds, Stopping threads took: 0.0001640 seconds
2024-10-09T21:23:38.728+0300: 427.935: Application time: 0.1636372 seconds
2024-10-09T21:23:38.728+0300: 427.935: [GC (Allocation Failure) 2024-10-09T21:23:38.728+0300: 427.936: [ParNew: 460096K->48907K(460096K), 0.0285062 secs] 1053678K->669460K(4143232K), 0.0285962 secs] [Times: user=0.03 sys=0.00, real=0.03 secs] 
2024-10-09T21:23:38.760+0300: 427.964: Total time for which application threads were stopped: 0.0288801 seconds, Stopping threads took: 0.0001581 seconds
2024-10-09T21:23:38.932+0300: 428.145: Application time: 0.1806716 seconds
2024-10-09T21:23:38.932+0300: 428.145: [GC (Allocation Failure) 2024-10-09T21:23:38.932+0300: 428.145: [ParNew: 457931K->45553K(460096K), 0.0256367 secs] 1078484K->687969K(4143232K), 0.0257241 secs] [Times: user=0.03 sys=0.00, real=0.03 secs] 
2024-10-09T21:23:38.964+0300: 428.171: Total time for which application threads were stopped: 0.0259537 seconds, Stopping threads took: 0.0001051 seconds
2024-10-09T21:23:39.152+0300: 428.363: Application time: 0.1920916 seconds
2024-10-09T21:23:39.152+0300: 428.363: [GC (Allocation Failure) 2024-10-09T21:23:39.152+0300: 428.363: [ParNew: 454577K->51072K(460096K), 0.0249530 secs] 1096993K->705290K(4143232K), 0.0250416 secs] [Times: user=0.02 sys=0.00, real=0.03 secs] 
2024-10-09T21:23:39.183+0300: 428.388: Total time for which application threads were stopped: 0.0252927 seconds, Stopping threads took: 0.0001263 seconds
2024-10-09T21:23:39.341+0300: 428.551: Application time: 0.1625397 seconds
2024-10-09T21:23:39.341+0300: 428.551: [GC (Allocation Failure) 2024-10-09T21:23:39.341+0300: 428.551: [ParNew: 460096K->51072K(460096K), 0.0317748 secs] 1114314K->731162K(4143232K), 0.0318561 secs] [Times: user=0.03 sys=0.00, real=0.03 secs] 
2024-10-09T21:23:39.373+0300: 428.583: Total time for which application threads were stopped: 0.0321340 seconds, Stopping threads took: 0.0001610 seconds
2024-10-09T21:23:39.545+0300: 428.759: Application time: 0.1764266 seconds
2024-10-09T21:23:39.545+0300: 428.759: [GC (Allocation Failure) 2024-10-09T21:23:39.545+0300: 428.760: [ParNew: 460096K->51072K(460096K), 0.0268615 secs] 1140186K->754641K(4143232K), 0.0269516 secs] [Times: user=0.03 sys=0.00, real=0.03 secs] 
2024-10-09T21:23:39.577+0300: 428.786: Total time for which application threads were stopped: 0.0272180 seconds, Stopping threads took: 0.0001459 seconds
2024-10-09T21:23:39.765+0300: 428.980: Application time: 0.1939633 seconds
2024-10-09T21:23:39.765+0300: 428.981: [GC (Allocation Failure) 2024-10-09T21:23:39.765+0300: 428.981: [ParNew: 460096K->51072K(460096K), 0.0266215 secs] 1163665K->773145K(4143232K), 0.0267104 secs] [Times: user=0.03 sys=0.00, real=0.03 secs] 
2024-10-09T21:23:39.796+0300: 429.007: Total time for which application threads were stopped: 0.0269590 seconds, Stopping threads took: 0.0001291 seconds
2024-10-09T21:23:39.969+0300: 429.179: Application time: 0.1717019 seconds
2024-10-09T21:23:39.969+0300: 429.179: [GC (Allocation Failure) 2024-10-09T21:23:39.969+0300: 429.179: [ParNew: 460096K->51072K(460096K), 0.0264404 secs] 1182169K->790153K(4143232K), 0.0265271 secs] [Times: user=0.02 sys=0.00, real=0.03 secs] 
2024-10-09T21:23:40.001+0300: 429.206: Total time for which application threads were stopped: 0.0268381 seconds, Stopping threads took: 0.0001790 seconds
2024-10-09T21:23:40.173+0300: 429.377: Application time: 0.1710394 seconds
2024-10-09T21:23:40.173+0300: 429.377: [GC (Allocation Failure) 2024-10-09T21:23:40.173+0300: 429.377: [ParNew: 460096K->51072K(460096K), 0.0287067 secs] 1199177K->816093K(4143232K), 0.0287936 secs] [Times: user=0.02 sys=0.00, real=0.02 secs] 
2024-10-09T21:23:40.189+0300: 429.406: Total time for which application threads were stopped: 0.0290391 seconds, Stopping threads took: 0.0001243 seconds
2024-10-09T21:23:40.377+0300: 429.595: Application time: 0.1885157 seconds
2024-10-09T21:23:40.377+0300: 429.595: [GC (Allocation Failure) 2024-10-09T21:23:40.377+0300: 429.595: [ParNew: 460096K->51072K(460096K), 0.0266917 secs] 1225117K->838829K(4143232K), 0.0267809 secs] [Times: user=0.03 sys=0.00, real=0.03 secs] 
2024-10-09T21:23:40.409+0300: 429.622: Total time for which application threads were stopped: 0.0270449 seconds, Stopping threads took: 0.0001413 seconds
2024-10-09T21:23:40.597+0300: 429.803: Application time: 0.1816443 seconds
2024-10-09T21:23:40.597+0300: 429.803: [GC (Allocation Failure) 2024-10-09T21:23:40.597+0300: 429.804: [ParNew: 460096K->51072K(460096K), 0.0266615 secs] 1247853K->846888K(4143232K), 0.0267725 secs] [Times: user=0.05 sys=0.02, real=0.02 secs] 
2024-10-09T21:23:40.613+0300: 429.830: Total time for which application threads were stopped: 0.0270588 seconds, Stopping threads took: 0.0001448 seconds
2024-10-09T21:23:40.785+0300: 429.997: Application time: 0.1665403 seconds
2024-10-09T21:23:40.785+0300: 429.997: [GC (Allocation Failure) 2024-10-09T21:23:40.785+0300: 429.997: [ParNew: 460096K->51072K(460096K), 0.0287413 secs] 1255912K->873311K(4143232K), 0.0288314 secs] [Times: user=0.03 sys=0.00, real=0.03 secs] 
2024-10-09T21:23:40.817+0300: 430.026: Total time for which application threads were stopped: 0.0291111 seconds, Stopping threads took: 0.0001590 seconds
2024-10-09T21:23:41.005+0300: 430.216: Application time: 0.1895845 seconds
2024-10-09T21:23:41.005+0300: 430.216: [GC (Allocation Failure) 2024-10-09T21:23:41.005+0300: 430.216: [ParNew: 460096K->51072K(460096K), 0.0240756 secs] 1282335K->886391K(4143232K), 0.0241621 secs] [Times: user=0.02 sys=0.00, real=0.03 secs] 
2024-10-09T21:23:41.036+0300: 430.240: Total time for which application threads were stopped: 0.0244067 seconds, Stopping threads took: 0.0001255 seconds
2024-10-09T21:23:41.209+0300: 430.416: Application time: 0.1759193 seconds
2024-10-09T21:23:41.209+0300: 430.416: [GC (Allocation Failure) 2024-10-09T21:23:41.209+0300: 430.416: [ParNew: 460096K->51072K(460096K), 0.0232382 secs] 1295415K->896300K(4143232K), 0.0233244 secs] [Times: user=0.02 sys=0.00, real=0.02 secs] 
2024-10-09T21:23:41.225+0300: 430.439: Total time for which application threads were stopped: 0.0235990 seconds, Stopping threads took: 0.0001507 seconds
2024-10-09T21:23:41.397+0300: 430.608: Application time: 0.1680563 seconds
2024-10-09T21:23:41.397+0300: 430.608: [GC (Allocation Failure) 2024-10-09T21:23:41.397+0300: 430.608: [ParNew: 460096K->47559K(460096K), 0.0327898 secs] 1305324K->927867K(4143232K), 0.0328753 secs] [Times: user=0.03 sys=0.00, real=0.03 secs] 
2024-10-09T21:23:41.428+0300: 430.641: Total time for which application threads were stopped: 0.0331275 seconds, Stopping threads took: 0.0001290 seconds
2024-10-09T21:23:41.632+0300: 430.837: Application time: 0.1965570 seconds
2024-10-09T21:23:41.632+0300: 430.837: [GC (Allocation Failure) 2024-10-09T21:23:41.632+0300: 430.837: [ParNew: 456583K->51072K(460096K), 0.0249800 secs] 1336891K->946517K(4143232K), 0.0250739 secs] [Times: user=0.03 sys=0.00, real=0.02 secs] 
2024-10-09T21:23:41.648+0300: 430.863: Total time for which application threads were stopped: 0.0253441 seconds, Stopping threads took: 0.0001181 seconds
2024-10-09T21:23:41.821+0300: 431.035: Application time: 0.1728657 seconds
2024-10-09T21:23:41.821+0300: 431.036: [GC (Allocation Failure) 2024-10-09T21:23:41.821+0300: 431.036: [ParNew: 460096K->51072K(460096K), 0.0270602 secs] 1355541K->963386K(4143232K), 0.0271413 secs] [Times: user=0.03 sys=0.00, real=0.03 secs] 
2024-10-09T21:23:41.852+0300: 431.063: Total time for which application threads were stopped: 0.0274034 seconds, Stopping threads took: 0.0001439 seconds
2024-10-09T21:23:42.025+0300: 431.232: Application time: 0.1692987 seconds
2024-10-09T21:23:42.025+0300: 431.232: [GC (Allocation Failure) 2024-10-09T21:23:42.025+0300: 431.232: [ParNew: 460096K->46638K(460096K), 0.0302284 secs] 1372410K->989822K(4143232K), 0.0303136 secs] [Times: user=0.03 sys=0.00, real=0.03 secs] 
2024-10-09T21:23:42.056+0300: 431.263: Total time for which application threads were stopped: 0.0305667 seconds, Stopping threads took: 0.0001283 seconds
2024-10-09T21:23:42.245+0300: 431.455: Application time: 0.1925630 seconds
2024-10-09T21:23:42.245+0300: 431.455: [GC (Allocation Failure) 2024-10-09T21:23:42.245+0300: 431.456: [ParNew: 455662K->47642K(460096K), 0.0266284 secs] 1398846K->1011528K(4143232K), 0.0267203 secs] [Times: user=0.03 sys=0.00, real=0.03 secs] 
2024-10-09T21:23:42.276+0300: 431.482: Total time for which application threads were stopped: 0.0269822 seconds, Stopping threads took: 0.0001293 seconds
2024-10-09T21:23:42.449+0300: 431.660: Application time: 0.1780220 seconds
2024-10-09T21:23:42.449+0300: 431.661: [GC (Allocation Failure) 2024-10-09T21:23:42.449+0300: 431.661: [ParNew: 456666K->51072K(460096K), 0.0237839 secs] 1420552K->1024898K(4143232K), 0.0238642 secs] [Times: user=0.05 sys=0.00, real=0.03 secs] 
2024-10-09T21:23:42.480+0300: 431.684: Total time for which application threads were stopped: 0.0241367 seconds, Stopping threads took: 0.0001511 seconds
2024-10-09T21:23:42.637+0300: 431.855: Application time: 0.1709127 seconds
2024-10-09T21:23:42.637+0300: 431.856: [GC (Allocation Failure) 2024-10-09T21:23:42.637+0300: 431.856: [ParNew: 460096K->48562K(460096K), 0.0324621 secs] 1433922K->1058546K(4143232K), 0.0325603 secs] [Times: user=0.03 sys=0.00, real=0.05 secs] 
2024-10-09T21:23:42.684+0300: 431.888: Total time for which application threads were stopped: 0.0329004 seconds, Stopping threads took: 0.0001995 seconds
2024-10-09T21:23:42.873+0300: 432.077: Application time: 0.1889592 seconds
2024-10-09T21:23:42.873+0300: 432.077: [GC (Allocation Failure) 2024-10-09T21:23:42.873+0300: 432.077: [ParNew: 457586K->44465K(460096K), 0.0249076 secs] 1467570K->1074656K(4143232K), 0.0249965 secs] [Times: user=0.02 sys=0.00, real=0.02 secs] 
2024-10-09T21:23:42.888+0300: 432.102: Total time for which application threads were stopped: 0.0252649 seconds, Stopping threads took: 0.0001430 seconds
2024-10-09T21:23:43.077+0300: 432.289: Application time: 0.1864644 seconds
2024-10-09T21:23:43.077+0300: 432.289: [GC (Allocation Failure) 2024-10-09T21:23:43.077+0300: 432.289: [ParNew: 453489K->51072K(460096K), 0.0239247 secs] 1483680K->1088432K(4143232K), 0.0240057 secs] [Times: user=0.03 sys=0.00, real=0.03 secs] 
2024-10-09T21:23:43.108+0300: 432.313: Total time for which application threads were stopped: 0.0243088 seconds, Stopping threads took: 0.0001784 seconds
2024-10-09T21:23:43.265+0300: 432.469: Application time: 0.1554804 seconds
2024-10-09T21:23:43.265+0300: 432.469: [GC (Allocation Failure) 2024-10-09T21:23:43.265+0300: 432.469: [ParNew: 460096K->43533K(460096K), 0.0252248 secs] 1497456K->1102814K(4143232K), 0.0253116 secs] [Times: user=0.02 sys=0.00, real=0.02 secs] 
2024-10-09T21:23:43.281+0300: 432.494: Total time for which application threads were stopped: 0.0255744 seconds, Stopping threads took: 0.0001474 seconds
2024-10-09T21:23:43.485+0300: 432.694: Application time: 0.2000730 seconds
2024-10-09T21:23:43.485+0300: 432.695: [GC (Allocation Failure) 2024-10-09T21:23:43.485+0300: 432.695: [ParNew: 452557K->47992K(460096K), 0.0252999 secs] 1511838K->1128459K(4143232K), 0.0253874 secs] [Times: user=0.01 sys=0.00, real=0.03 secs] 
2024-10-09T21:23:43.516+0300: 432.720: Total time for which application threads were stopped: 0.0256519 seconds, Stopping threads took: 0.0001393 seconds
2024-10-09T21:23:43.704+0300: 432.918: Application time: 0.1976186 seconds
2024-10-09T21:23:43.704+0300: 432.918: [GC (Allocation Failure) 2024-10-09T21:23:43.704+0300: 432.918: [ParNew: 457016K->51072K(460096K), 0.0232829 secs] 1537483K->1136876K(4143232K), 0.0233637 secs] [Times: user=0.03 sys=0.00, real=0.03 secs] 
2024-10-09T21:23:43.735+0300: 432.941: Total time for which application threads were stopped: 0.0236185 seconds, Stopping threads took: 0.0001329 seconds
2024-10-09T21:23:43.893+0300: 433.098: Application time: 0.1562807 seconds
2024-10-09T21:23:43.893+0300: 433.098: [GC (Allocation Failure) 2024-10-09T21:23:43.893+0300: 433.098: [ParNew: 460096K->51072K(460096K), 0.0336119 secs] 1545900K->1171619K(4143232K), 0.0336971 secs] [Times: user=0.02 sys=0.00, real=0.03 secs] 
2024-10-09T21:23:43.924+0300: 433.132: Total time for which application threads were stopped: 0.0339680 seconds, Stopping threads took: 0.0001508 seconds
2024-10-09T21:23:44.113+0300: 433.325: Application time: 0.1930887 seconds
2024-10-09T21:23:44.113+0300: 433.325: [GC (Allocation Failure) 2024-10-09T21:23:44.113+0300: 433.325: [ParNew: 460096K->41128K(460096K), 0.0269153 secs] 1580643K->1187936K(4143232K), 0.0270030 secs] [Times: user=0.03 sys=0.00, real=0.03 secs] 
2024-10-09T21:23:44.144+0300: 433.352: Total time for which application threads were stopped: 0.0272599 seconds, Stopping threads took: 0.0001327 seconds
2024-10-09T21:23:44.332+0300: 433.543: Application time: 0.1910817 seconds
2024-10-09T21:23:44.332+0300: 433.543: [GC (Allocation Failure) 2024-10-09T21:23:44.332+0300: 433.543: [ParNew: 450152K->51072K(460096K), 0.0240697 secs] 1596960K->1204347K(4143232K), 0.0241506 secs] [Times: user=0.03 sys=0.00, real=0.03 secs] 
2024-10-09T21:23:44.363+0300: 433.567: Total time for which application threads were stopped: 0.0244035 seconds, Stopping threads took: 0.0001282 seconds
2024-10-09T21:23:44.521+0300: 433.728: Application time: 0.1604942 seconds
2024-10-09T21:23:44.521+0300: 433.728: [GC (Allocation Failure) 2024-10-09T21:23:44.521+0300: 433.728: [ParNew: 460096K->51072K(460096K), 0.0336346 secs] 1613371K->1239788K(4143232K), 0.0337310 secs] [Times: user=0.03 sys=0.00, real=0.03 secs] 
2024-10-09T21:23:44.552+0300: 433.762: Total time for which application threads were stopped: 0.0340146 seconds, Stopping threads took: 0.0001488 seconds
2024-10-09T21:23:44.741+0300: 433.951: Application time: 0.1895572 seconds
2024-10-09T21:23:44.741+0300: 433.952: [GC (Allocation Failure) 2024-10-09T21:23:44.741+0300: 433.952: [ParNew: 460096K->47922K(460096K), 0.0256864 secs] 1648812K->1256372K(4143232K), 0.0257790 secs] [Times: user=0.06 sys=0.00, real=0.03 secs] 
2024-10-09T21:23:44.773+0300: 433.978: Total time for which application threads were stopped: 0.0261176 seconds, Stopping threads took: 0.0001747 seconds
2024-10-09T21:23:44.960+0300: 434.165: Application time: 0.1877045 seconds
2024-10-09T21:23:44.960+0300: 434.165: [GC (Allocation Failure) 2024-10-09T21:23:44.960+0300: 434.166: [ParNew: 456946K->51072K(460096K), 0.0248547 secs] 1665396K->1273593K(4143232K), 0.0249397 secs] [Times: user=0.02 sys=0.00, real=0.02 secs] 
2024-10-09T21:23:44.976+0300: 434.190: Total time for which application threads were stopped: 0.0251934 seconds, Stopping threads took: 0.0001311 seconds
2024-10-09T21:23:45.149+0300: 434.362: Application time: 0.1710737 seconds
2024-10-09T21:23:45.149+0300: 434.362: [GC (Allocation Failure) 2024-10-09T21:23:45.149+0300: 434.362: [ParNew: 460096K->51072K(460096K), 0.0279665 secs] 1682617K->1294960K(4143232K), 0.0280539 secs] [Times: user=0.03 sys=0.00, real=0.03 secs] 
2024-10-09T21:23:45.180+0300: 434.390: Total time for which application threads were stopped: 0.0283359 seconds, Stopping threads took: 0.0001632 seconds
2024-10-09T21:23:45.374+0300: 434.578: Application time: 0.1882175 seconds
2024-10-09T21:23:45.374+0300: 434.578: [GC (Allocation Failure) 2024-10-09T21:23:45.374+0300: 434.578: [ParNew: 460096K->46289K(460096K), 0.0246547 secs] 1703984K->1309142K(4143232K), 0.0247440 secs] [Times: user=0.02 sys=0.00, real=0.01 secs] 
2024-10-09T21:23:45.384+0300: 434.603: Total time for which application threads were stopped: 0.0250028 seconds, Stopping threads took: 0.0001379 seconds
2024-10-09T21:23:45.574+0300: 434.791: Application time: 0.1881947 seconds
2024-10-09T21:23:45.588+0300: 434.792: [GC (Allocation Failure) 2024-10-09T21:23:45.588+0300: 434.792: [ParNew: 455313K->50739K(460096K), 0.0310586 secs] 1718166K->1335457K(4143232K), 0.0311571 secs] [Times: user=0.09 sys=0.00, real=0.02 secs] 
2024-10-09T21:23:45.620+0300: 434.823: Total time for which application threads were stopped: 0.0314652 seconds, Stopping threads took: 0.0001086 seconds
2024-10-09T21:23:45.792+0300: 434.996: Application time: 0.1728073 seconds
2024-10-09T21:23:45.792+0300: 434.996: [GC (Allocation Failure) 2024-10-09T21:23:45.792+0300: 434.996: [ParNew: 459763K->51072K(460096K), 0.0223370 secs] 1744481K->1345937K(4143232K), 0.0224451 secs] [Times: user=0.02 sys=0.00, real=0.02 secs] 
2024-10-09T21:23:45.808+0300: 435.018: Total time for which application threads were stopped: 0.0227273 seconds, Stopping threads took: 0.0001515 seconds
2024-10-09T21:23:45.996+0300: 435.205: Application time: 0.1867050 seconds
2024-10-09T21:23:45.996+0300: 435.205: [GC (Allocation Failure) 2024-10-09T21:23:45.996+0300: 435.205: [ParNew: 460096K->51072K(460096K), 0.0309491 secs] 1754961K->1373527K(4143232K), 0.0310332 secs] [Times: user=0.03 sys=0.00, real=0.03 secs] 
2024-10-09T21:23:46.028+0300: 435.236: Total time for which application threads were stopped: 0.0313024 seconds, Stopping threads took: 0.0001443 seconds
2024-10-09T21:23:46.200+0300: 435.408: Application time: 0.1718597 seconds
2024-10-09T21:23:46.200+0300: 435.408: [GC (Allocation Failure) 2024-10-09T21:23:46.200+0300: 435.408: [ParNew: 460096K->51072K(460096K), 0.0262461 secs] 1782551K->1392243K(4143232K), 0.0264020 secs] [Times: user=0.02 sys=0.02, real=0.03 secs] 
2024-10-09T21:23:46.232+0300: 435.435: Total time for which application threads were stopped: 0.0266827 seconds, Stopping threads took: 0.0001226 seconds
2024-10-09T21:23:46.404+0300: 435.610: Application time: 0.1746712 seconds
2024-10-09T21:23:46.404+0300: 435.610: [GC (Allocation Failure) 2024-10-09T21:23:46.404+0300: 435.610: [ParNew: 460096K->51072K(460096K), 0.0242577 secs] 1801267K->1410116K(4143232K), 0.0243380 secs] [Times: user=0.02 sys=0.00, real=0.02 secs] 
2024-10-09T21:23:46.420+0300: 435.634: Total time for which application threads were stopped: 0.0245952 seconds, Stopping threads took: 0.0001421 seconds
2024-10-09T21:23:46.623+0300: 435.827: Application time: 0.1932887 seconds
2024-10-09T21:23:46.623+0300: 435.828: [GC (Allocation Failure) 2024-10-09T21:23:46.623+0300: 435.828: [ParNew: 460096K->51072K(460096K), 0.0240190 secs] 1819140K->1421733K(4143232K), 0.0241066 secs] [Times: user=0.05 sys=0.00, real=0.02 secs] 
2024-10-09T21:23:46.639+0300: 435.852: Total time for which application threads were stopped: 0.0243719 seconds, Stopping threads took: 0.0001313 seconds
2024-10-09T21:23:46.812+0300: 436.026: Application time: 0.1743824 seconds
2024-10-09T21:23:46.812+0300: 436.026: [GC (Allocation Failure) 2024-10-09T21:23:46.812+0300: 436.026: [ParNew: 460096K->51072K(460096K), 0.0308923 secs] 1830757K->1449332K(4143232K), 0.0309756 secs] [Times: user=0.03 sys=0.00, real=0.03 secs] 
2024-10-09T21:23:46.843+0300: 436.057: Total time for which application threads were stopped: 0.0312490 seconds, Stopping threads took: 0.0001509 seconds
2024-10-09T21:23:47.016+0300: 436.231: Application time: 0.1733689 seconds
2024-10-09T21:23:47.016+0300: 436.231: [GC (Allocation Failure) 2024-10-09T21:23:47.016+0300: 436.231: [ParNew: 460096K->50436K(460096K), 0.0258745 secs] 1858356K->1468526K(4143232K), 0.0259597 secs] [Times: user=0.03 sys=0.00, real=0.03 secs] 
2024-10-09T21:23:47.047+0300: 436.257: Total time for which application threads were stopped: 0.0262215 seconds, Stopping threads took: 0.0001436 seconds
2024-10-09T21:23:47.236+0300: 436.449: Application time: 0.1917962 seconds
2024-10-09T21:23:47.236+0300: 436.449: [GC (Allocation Failure) 2024-10-09T21:23:47.236+0300: 436.449: [ParNew: 459460K->51072K(460096K), 0.0271771 secs] 1877550K->1488810K(4143232K), 0.0272597 secs] [Times: user=0.03 sys=0.00, real=0.03 secs] 
2024-10-09T21:23:47.267+0300: 436.476: Total time for which application threads were stopped: 0.0275277 seconds, Stopping threads took: 0.0001482 seconds
2024-10-09T21:23:47.440+0300: 436.651: Application time: 0.1747529 seconds
2024-10-09T21:23:47.440+0300: 436.651: [GC (Allocation Failure) 2024-10-09T21:23:47.440+0300: 436.651: [ParNew: 460096K->51072K(460096K), 0.0255142 secs] 1897834K->1503276K(4143232K), 0.0256028 secs] [Times: user=0.05 sys=0.00, real=0.03 secs] 
2024-10-09T21:23:47.474+0300: 436.677: Total time for which application threads were stopped: 0.0259200 seconds, Stopping threads took: 0.0001794 seconds
2024-10-09T21:23:47.643+0300: 436.854: Application time: 0.1768152 seconds
2024-10-09T21:23:47.643+0300: 436.854: [GC (Allocation Failure) 2024-10-09T21:23:47.643+0300: 436.854: [ParNew: 460096K->46869K(460096K), 0.0268248 secs] 1912300K->1524141K(4143232K), 0.0269199 secs] [Times: user=0.02 sys=0.00, real=0.03 secs] 
2024-10-09T21:23:47.674+0300: 436.881: Total time for which application threads were stopped: 0.0273368 seconds, Stopping threads took: 0.0002733 seconds
2024-10-09T21:23:47.863+0300: 437.074: Application time: 0.1930695 seconds
2024-10-09T21:23:47.863+0300: 437.074: [GC (Allocation Failure) 2024-10-09T21:23:47.863+0300: 437.074: [ParNew: 455893K->51072K(460096K), 0.0244119 secs] 1933165K->1542871K(4143232K), 0.0244970 secs] [Times: user=0.03 sys=0.00, real=0.03 secs] 
2024-10-09T21:23:47.894+0300: 437.099: Total time for which application threads were stopped: 0.0247404 seconds, Stopping threads took: 0.0001147 seconds
2024-10-09T21:23:48.067+0300: 437.283: Application time: 0.1837157 seconds
2024-10-09T21:23:48.067+0300: 437.283: [GC (Allocation Failure) 2024-10-09T21:23:48.067+0300: 437.283: [ParNew: 460096K->51072K(460096K), 0.0277940 secs] 1951895K->1560620K(4143232K), 0.0278824 secs] [Times: user=0.03 sys=0.00, real=0.03 secs] 
2024-10-09T21:23:48.098+0300: 437.311: Total time for which application threads were stopped: 0.0281581 seconds, Stopping threads took: 0.0001526 seconds
2024-10-09T21:23:48.271+0300: 437.475: Application time: 0.1644853 seconds
2024-10-09T21:23:48.271+0300: 437.476: [GC (Allocation Failure) 2024-10-09T21:23:48.271+0300: 437.476: [ParNew: 460096K->48624K(460096K), 0.0295118 secs] 1969644K->1592200K(4143232K), 0.0295966 secs] [Times: user=0.02 sys=0.00, real=0.02 secs] 
2024-10-09T21:23:48.287+0300: 437.505: Total time for which application threads were stopped: 0.0298225 seconds, Stopping threads took: 0.0001088 seconds
2024-10-09T21:23:48.491+0300: 437.698: Application time: 0.1929078 seconds
2024-10-09T21:23:48.491+0300: 437.698: [GC (Allocation Failure) 2024-10-09T21:23:48.491+0300: 437.698: [ParNew: 457648K->51072K(460096K), 0.0213340 secs] 2001224K->1596231K(4143232K), 0.0214105 secs] [Times: user=0.02 sys=0.00, real=0.02 secs] 
2024-10-09T21:23:48.506+0300: 437.720: Total time for which application threads were stopped: 0.0216882 seconds, Stopping threads took: 0.0001582 seconds
2024-10-09T21:23:48.694+0300: 437.907: Application time: 0.1870797 seconds
2024-10-09T21:23:48.694+0300: 437.907: [GC (Allocation Failure) 2024-10-09T21:23:48.694+0300: 437.907: [ParNew: 460096K->51072K(460096K), 0.0287687 secs] 2005255K->1614060K(4143232K), 0.0288697 secs] [Times: user=0.11 sys=0.00, real=0.03 secs] 
2024-10-09T21:23:48.726+0300: 437.936: Total time for which application threads were stopped: 0.0292235 seconds, Stopping threads took: 0.0002213 seconds
2024-10-09T21:23:48.898+0300: 438.102: Application time: 0.1659800 seconds
2024-10-09T21:23:48.898+0300: 438.102: [GC (Allocation Failure) 2024-10-09T21:23:48.898+0300: 438.102: [ParNew: 460096K->51072K(460096K), 0.0274354 secs] 2023084K->1642492K(4143232K), 0.0275244 secs] [Times: user=0.02 sys=0.00, real=0.02 secs] 
2024-10-09T21:23:48.914+0300: 438.130: Total time for which application threads were stopped: 0.0277748 seconds, Stopping threads took: 0.0001273 seconds
2024-10-09T21:23:49.102+0300: 438.320: Application time: 0.1904958 seconds
2024-10-09T21:23:49.102+0300: 438.321: [GC (Allocation Failure) 2024-10-09T21:23:49.102+0300: 438.321: [ParNew: 460096K->46527K(460096K), 0.0251911 secs] 2051516K->1654056K(4143232K), 0.0253001 secs] [Times: user=0.03 sys=0.00, real=0.03 secs] 
2024-10-09T21:23:49.134+0300: 438.346: Total time for which application threads were stopped: 0.0255761 seconds, Stopping threads took: 0.0001408 seconds
2024-10-09T21:23:49.306+0300: 438.524: Application time: 0.1778998 seconds
2024-10-09T21:23:49.306+0300: 438.524: [GC (Allocation Failure) 2024-10-09T21:23:49.306+0300: 438.524: [ParNew: 455551K->51072K(460096K), 0.0258653 secs] 2063080K->1671933K(4143232K), 0.0259506 secs] [Times: user=0.03 sys=0.00, real=0.03 secs] 
2024-10-09T21:23:49.338+0300: 438.550: Total time for which application threads were stopped: 0.0262351 seconds, Stopping threads took: 0.0001604 seconds
2024-10-09T21:23:49.511+0300: 438.717: Application time: 0.1672148 seconds
2024-10-09T21:23:49.511+0300: 438.718: [GC (Allocation Failure) 2024-10-09T21:23:49.511+0300: 438.718: [ParNew: 460096K->48268K(460096K), 0.0294083 secs] 2080957K->1698885K(4143232K), 0.0294857 secs] [Times: user=0.03 sys=0.00, real=0.03 secs] 
2024-10-09T21:23:49.542+0300: 438.747: Total time for which application threads were stopped: 0.0297417 seconds, Stopping threads took: 0.0001371 seconds
2024-10-09T21:23:49.730+0300: 438.940: Application time: 0.1928406 seconds
2024-10-09T21:23:49.730+0300: 438.940: [GC (Allocation Failure) 2024-10-09T21:23:49.730+0300: 438.940: [ParNew: 457292K->51072K(460096K), 0.0241403 secs] 2107909K->1714813K(4143232K), 0.0242308 secs] [Times: user=0.03 sys=0.00, real=0.02 secs] 
2024-10-09T21:23:49.746+0300: 438.964: Total time for which application threads were stopped: 0.0245440 seconds, Stopping threads took: 0.0001753 seconds
2024-10-09T21:23:49.934+0300: 439.140: Application time: 0.1760403 seconds
2024-10-09T21:23:49.934+0300: 439.141: [GC (Allocation Failure) 2024-10-09T21:23:49.934+0300: 439.141: [ParNew: 460096K->51072K(460096K), 0.0233038 secs] 2123837K->1724705K(4143232K), 0.0233917 secs] [Times: user=0.02 sys=0.00, real=0.02 secs] 
2024-10-09T21:23:49.950+0300: 439.164: Total time for which application threads were stopped: 0.0236550 seconds, Stopping threads took: 0.0001414 seconds
2024-10-09T21:23:50.123+0300: 439.331: Application time: 0.1672648 seconds
2024-10-09T21:23:50.123+0300: 439.332: [GC (Allocation Failure) 2024-10-09T21:23:50.123+0300: 439.332: [ParNew: 460096K->40525K(460096K), 0.0281459 secs] 2133729K->1740412K(4143232K), 0.0282276 secs] [Times: user=0.03 sys=0.00, real=0.03 secs] 
2024-10-09T21:23:50.154+0300: 439.360: Total time for which application threads were stopped: 0.0284758 seconds, Stopping threads took: 0.0001298 seconds
2024-10-09T21:23:50.327+0300: 439.544: Application time: 0.1837250 seconds
2024-10-09T21:23:50.327+0300: 439.544: [GC (Allocation Failure) 2024-10-09T21:23:50.327+0300: 439.544: [ParNew: 449549K->51072K(460096K), 0.0262356 secs] 2149436K->1767812K(4143232K), 0.0263341 secs] [Times: user=0.06 sys=0.00, real=0.03 secs] 
2024-10-09T21:23:50.358+0300: 439.570: Total time for which application threads were stopped: 0.0266309 seconds, Stopping threads took: 0.0001350 seconds
2024-10-09T21:23:50.531+0300: 439.745: Application time: 0.1747091 seconds
2024-10-09T21:23:50.531+0300: 439.745: [GC (Allocation Failure) 2024-10-09T21:23:50.531+0300: 439.745: [ParNew: 460096K->51072K(460096K), 0.0305204 secs] 2176836K->1787827K(4143232K), 0.0306060 secs] [Times: user=0.03 sys=0.00, real=0.03 secs] 
2024-10-09T21:23:50.562+0300: 439.776: Total time for which application threads were stopped: 0.0308764 seconds, Stopping threads took: 0.0001492 seconds
2024-10-09T21:23:50.735+0300: 439.953: Application time: 0.1775991 seconds
2024-10-09T21:23:50.735+0300: 439.954: [GC (Allocation Failure) 2024-10-09T21:23:50.735+0300: 439.954: [ParNew: 460096K->41791K(460096K), 0.0292016 secs] 2196851K->1807308K(4143232K), 0.0292857 secs] [Times: user=0.02 sys=0.00, real=0.03 secs] 
2024-10-09T21:23:50.766+0300: 439.983: Total time for which application threads were stopped: 0.0295367 seconds, Stopping threads took: 0.0001286 seconds
2024-10-09T21:23:50.955+0300: 440.167: Application time: 0.1840655 seconds
2024-10-09T21:23:50.955+0300: 440.167: [GC (Allocation Failure) 2024-10-09T21:23:50.955+0300: 440.167: [ParNew: 450815K->51072K(460096K), 0.0239196 secs] 2216332K->1824508K(4143232K), 0.0246969 secs] [Times: user=0.06 sys=0.00, real=0.03 secs] 
2024-10-09T21:23:50.986+0300: 440.192: Total time for which application threads were stopped: 0.0249938 seconds, Stopping threads took: 0.0001504 seconds
2024-10-09T21:23:51.143+0300: 440.361: Application time: 0.1691497 seconds
2024-10-09T21:23:51.143+0300: 440.361: [GC (Allocation Failure) 2024-10-09T21:23:51.143+0300: 440.361: [ParNew: 460096K->49645K(460096K), 0.0271811 secs] 2233532K->1844773K(4143232K), 0.0272651 secs] [Times: user=0.03 sys=0.00, real=0.03 secs] 
2024-10-09T21:23:51.175+0300: 440.389: Total time for which application threads were stopped: 0.0275381 seconds, Stopping threads took: 0.0001546 seconds
2024-10-09T21:23:51.363+0300: 440.570: Application time: 0.1812687 seconds
2024-10-09T21:23:51.363+0300: 440.570: [GC (Allocation Failure) 2024-10-09T21:23:51.363+0300: 440.570: [ParNew: 458669K->42081K(460096K), 0.0250419 secs] 2253797K->1857557K(4143232K), 0.0251322 secs] [Times: user=0.03 sys=0.00, real=0.02 secs] 
2024-10-09T21:23:51.387+0300: 440.595: Total time for which application threads were stopped: 0.0254019 seconds, Stopping threads took: 0.0001442 seconds
2024-10-09T21:23:51.575+0300: 440.782: Application time: 0.1869807 seconds
2024-10-09T21:23:51.575+0300: 440.783: [GC (Allocation Failure) 2024-10-09T21:23:51.575+0300: 440.783: [ParNew: 451105K->51072K(460096K), 0.0234659 secs] 2266581K->1876115K(4143232K), 0.0235660 secs] [Times: user=0.05 sys=0.00, real=0.02 secs] 
2024-10-09T21:23:51.598+0300: 440.806: Total time for which application threads were stopped: 0.0239724 seconds, Stopping threads took: 0.0002597 seconds
2024-10-09T21:23:51.756+0300: 440.973: Application time: 0.1670806 seconds
2024-10-09T21:23:51.756+0300: 440.974: [GC (Allocation Failure) 2024-10-09T21:23:51.756+0300: 440.974: [ParNew: 460096K->51072K(460096K), 0.0294896 secs] 2285139K->1902806K(4143232K), 0.0295744 secs] [Times: user=0.03 sys=0.00, real=0.03 secs] 
2024-10-09T21:23:51.788+0300: 441.003: Total time for which application threads were stopped: 0.0298267 seconds, Stopping threads took: 0.0001337 seconds
2024-10-09T21:23:51.988+0300: 441.194: Application time: 0.1903550 seconds
2024-10-09T21:23:51.988+0300: 441.194: [GC (Allocation Failure) 2024-10-09T21:23:51.988+0300: 441.194: [ParNew: 460096K->47215K(460096K), 0.0269164 secs] 2311830K->1922936K(4143232K), 0.0269972 secs] [Times: user=0.02 sys=0.00, real=0.02 secs] 
2024-10-09T21:23:52.007+0300: 441.221: Total time for which application threads were stopped: 0.0272720 seconds, Stopping threads took: 0.0001511 seconds
2024-10-09T21:23:52.195+0300: 441.410: Application time: 0.1893668 seconds
2024-10-09T21:23:52.195+0300: 441.410: [GC (Allocation Failure) 2024-10-09T21:23:52.195+0300: 441.410: [ParNew: 456239K->51072K(460096K), 0.0245282 secs] 2331960K->1936792K(4143232K), 0.0246084 secs] [Times: user=0.03 sys=0.00, real=0.03 secs] 
2024-10-09T21:23:52.226+0300: 441.435: Total time for which application threads were stopped: 0.0248552 seconds, Stopping threads took: 0.0001289 seconds
2024-10-09T21:23:52.389+0300: 441.594: Application time: 0.1589037 seconds
2024-10-09T21:23:52.389+0300: 441.594: [GC (Allocation Failure) 2024-10-09T21:23:52.389+0300: 441.594: [ParNew: 460096K->51072K(460096K), 0.0296236 secs] 2345816K->1961663K(4143232K), 0.0297144 secs] [Times: user=0.03 sys=0.00, real=0.03 secs] 
2024-10-09T21:23:52.414+0300: 441.624: Total time for which application threads were stopped: 0.0299809 seconds, Stopping threads took: 0.0001441 seconds
2024-10-09T21:23:52.603+0300: 441.821: Application time: 0.1974089 seconds
2024-10-09T21:23:52.618+0300: 441.822: [GC (Allocation Failure) 2024-10-09T21:23:52.618+0300: 441.822: [ParNew: 460096K->48205K(460096K), 0.0293246 secs] 2370687K->1988802K(4143232K), 0.0294162 secs] [Times: user=0.03 sys=0.00, real=0.02 secs] 
2024-10-09T21:23:52.634+0300: 441.851: Total time for which application threads were stopped: 0.0296825 seconds, Stopping threads took: 0.0001226 seconds
2024-10-09T21:23:52.822+0300: 442.040: Application time: 0.1892632 seconds
2024-10-09T21:23:52.822+0300: 442.041: [GC (Allocation Failure) 2024-10-09T21:23:52.822+0300: 442.041: [ParNew: 457229K->51072K(460096K), 0.0242315 secs] 2397826K->1998082K(4143232K), 0.0243260 secs] [Times: user=0.03 sys=0.00, real=0.03 secs] 
2024-10-09T21:23:52.854+0300: 442.065: Total time for which application threads were stopped: 0.0247135 seconds, Stopping threads took: 0.0002594 seconds
2024-10-09T21:23:53.011+0300: 442.227: Application time: 0.1622995 seconds
2024-10-09T21:23:53.011+0300: 442.228: [GC (Allocation Failure) 2024-10-09T21:23:53.011+0300: 442.228: [ParNew: 460096K->51072K(460096K), 0.0274439 secs] 2407106K->2019335K(4143232K), 0.0275318 secs] [Times: user=0.03 sys=0.00, real=0.03 secs] 
2024-10-09T21:23:53.042+0300: 442.255: Total time for which application threads were stopped: 0.0278049 seconds, Stopping threads took: 0.0001563 seconds
2024-10-09T21:23:53.231+0300: 442.441: Application time: 0.1860606 seconds
2024-10-09T21:23:53.231+0300: 442.441: [GC (Allocation Failure) 2024-10-09T21:23:53.231+0300: 442.441: [ParNew: 460096K->43092K(460096K), 0.0272173 secs] 2428359K->2041589K(4143232K), 0.0273030 secs] [Times: user=0.03 sys=0.00, real=0.03 secs] 
2024-10-09T21:23:53.262+0300: 442.469: Total time for which application threads were stopped: 0.0275519 seconds, Stopping threads took: 0.0001261 seconds
2024-10-09T21:23:53.450+0300: 442.659: Application time: 0.1905262 seconds
2024-10-09T21:23:53.450+0300: 442.660: [GC (Allocation Failure) 2024-10-09T21:23:53.450+0300: 442.660: [ParNew: 452116K->51072K(460096K), 0.0217013 secs] 2450613K->2051276K(4143232K), 0.0217837 secs] [Times: user=0.02 sys=0.00, real=0.02 secs] 
2024-10-09T21:23:53.466+0300: 442.681: Total time for which application threads were stopped: 0.0220364 seconds, Stopping threads took: 0.0001388 seconds
2024-10-09T21:23:53.639+0300: 442.853: Application time: 0.1714532 seconds
2024-10-09T21:23:53.639+0300: 442.853: [GC (Allocation Failure) 2024-10-09T21:23:53.639+0300: 442.853: [ParNew: 460096K->51072K(460096K), 0.0298231 secs] 2460300K->2076281K(4143232K), 0.0299079 secs] [Times: user=0.03 sys=0.00, real=0.03 secs] 
2024-10-09T21:23:53.670+0300: 442.883: Total time for which application threads were stopped: 0.0301983 seconds, Stopping threads took: 0.0001699 seconds
2024-10-09T21:23:53.858+0300: 443.064: Application time: 0.1806494 seconds
2024-10-09T21:23:53.858+0300: 443.064: [GC (Allocation Failure) 2024-10-09T21:23:53.858+0300: 443.064: [ParNew: 460096K->51072K(460096K), 0.0264820 secs] 2485305K->2102868K(4143232K), 0.0265706 secs] [Times: user=0.02 sys=0.00, real=0.02 secs] 
2024-10-09T21:23:53.874+0300: 443.091: Total time for which application threads were stopped: 0.0268241 seconds, Stopping threads took: 0.0001270 seconds
2024-10-09T21:23:54.078+0300: 443.281: Application time: 0.1908578 seconds
2024-10-09T21:23:54.078+0300: 443.282: [GC (Allocation Failure) 2024-10-09T21:23:54.078+0300: 443.282: [ParNew: 460096K->51072K(460096K), 0.0219852 secs] 2511892K->2106216K(4143232K), 0.0220611 secs] [Times: user=0.02 sys=0.00, real=0.02 secs] 
2024-10-09T21:23:54.094+0300: 443.304: Total time for which application threads were stopped: 0.0223195 seconds, Stopping threads took: 0.0001352 seconds
2024-10-09T21:23:54.266+0300: 443.476: Application time: 0.1724567 seconds
2024-10-09T21:23:54.266+0300: 443.476: [GC (Allocation Failure) 2024-10-09T21:23:54.266+0300: 443.476: [ParNew: 460096K->51072K(460096K), 0.0321469 secs] 2515240K->2133253K(4143232K), 0.0322289 secs] [Times: user=0.03 sys=0.00, real=0.03 secs] 
2024-10-09T21:23:54.298+0300: 443.509: Total time for which application threads were stopped: 0.0324857 seconds, Stopping threads took: 0.0001403 seconds
2024-10-09T21:23:54.471+0300: 443.686: Application time: 0.1775695 seconds
2024-10-09T21:23:54.471+0300: 443.686: [GC (Allocation Failure) 2024-10-09T21:23:54.471+0300: 443.687: [ParNew: 460096K->47045K(460096K), 0.0280530 secs] 2542277K->2155770K(4143232K), 0.0281437 secs] [Times: user=0.03 sys=0.00, real=0.03 secs] 
2024-10-09T21:23:54.502+0300: 443.715: Total time for which application threads were stopped: 0.0284632 seconds, Stopping threads took: 0.0001886 seconds
2024-10-09T21:23:54.706+0300: 443.911: Application time: 0.1961705 seconds
2024-10-09T21:23:54.706+0300: 443.911: [GC (Allocation Failure) 2024-10-09T21:23:54.706+0300: 443.911: [ParNew: 456069K->51072K(460096K), 0.0229788 secs] 2564794K->2168161K(4143232K), 0.0230710 secs] [Times: user=0.05 sys=0.00, real=0.02 secs] 
2024-10-09T21:23:54.722+0300: 443.934: Total time for which application threads were stopped: 0.0233744 seconds, Stopping threads took: 0.0001485 seconds
2024-10-09T21:23:54.895+0300: 444.107: Application time: 0.1731788 seconds
2024-10-09T21:23:54.895+0300: 444.108: [GC (Allocation Failure) 2024-10-09T21:23:54.895+0300: 444.108: [ParNew: 460096K->51072K(460096K), 0.0322620 secs] 2577185K->2196203K(4143232K), 0.0323501 secs] [Times: user=0.03 sys=0.00, real=0.03 secs] 
2024-10-09T21:23:54.926+0300: 444.140: Total time for which application threads were stopped: 0.0326349 seconds, Stopping threads took: 0.0001652 seconds
2024-10-09T21:23:55.099+0300: 444.317: Application time: 0.1771235 seconds
2024-10-09T21:23:55.114+0300: 444.317: [GC (Allocation Failure) 2024-10-09T21:23:55.114+0300: 444.317: [ParNew: 460096K->50966K(460096K), 0.0275434 secs] 2605227K->2219281K(4143232K), 0.0276446 secs] [Times: user=0.01 sys=0.00, real=0.02 secs] 
2024-10-09T21:23:55.130+0300: 444.345: Total time for which application threads were stopped: 0.0279688 seconds, Stopping threads took: 0.0001745 seconds
2024-10-09T21:23:55.318+0300: 444.532: Application time: 0.1873095 seconds
2024-10-09T21:23:55.318+0300: 444.533: [GC (Allocation Failure) 2024-10-09T21:23:55.318+0300: 444.533: [ParNew: 459990K->51072K(460096K), 0.0246984 secs] 2628305K->2233271K(4143232K), 0.0247837 secs] [Times: user=0.03 sys=0.00, real=0.03 secs] 
2024-10-09T21:23:55.349+0300: 444.557: Total time for which application threads were stopped: 0.0250347 seconds, Stopping threads took: 0.0001335 seconds
2024-10-09T21:23:55.522+0300: 444.727: Application time: 0.1694340 seconds
2024-10-09T21:23:55.522+0300: 444.727: [GC (Allocation Failure) 2024-10-09T21:23:55.522+0300: 444.727: [ParNew: 460096K->51072K(460096K), 0.0301834 secs] 2642295K->2259280K(4143232K), 0.0302649 secs] [Times: user=0.02 sys=0.00, real=0.03 secs] 
2024-10-09T21:23:55.553+0300: 444.757: Total time for which application threads were stopped: 0.0305232 seconds, Stopping threads took: 0.0001416 seconds
2024-10-09T21:23:55.742+0300: 444.946: Application time: 0.1884100 seconds
2024-10-09T21:23:55.742+0300: 444.946: [GC (Allocation Failure) 2024-10-09T21:23:55.742+0300: 444.946: [ParNew: 460096K->51072K(460096K), 0.0252954 secs] 2668304K->2276469K(4143232K), 0.0253824 secs] [Times: user=0.02 sys=0.00, real=0.01 secs] 
2024-10-09T21:23:55.757+0300: 444.972: Total time for which application threads were stopped: 0.0256734 seconds, Stopping threads took: 0.0001598 seconds
2024-10-09T21:23:55.946+0300: 445.155: Application time: 0.1833695 seconds
2024-10-09T21:23:55.946+0300: 445.155: [GC (Allocation Failure) 2024-10-09T21:23:55.946+0300: 445.155: [ParNew: 460096K->51072K(460096K), 0.0246341 secs] 2685493K->2288459K(4143232K), 0.0247212 secs] [Times: user=0.03 sys=0.00, real=0.02 secs] 
2024-10-09T21:23:55.962+0300: 445.180: Total time for which application threads were stopped: 0.0249890 seconds, Stopping threads took: 0.0001440 seconds
2024-10-09T21:23:56.135+0300: 445.349: Application time: 0.1686679 seconds
2024-10-09T21:23:56.135+0300: 445.349: [GC (Allocation Failure) 2024-10-09T21:23:56.135+0300: 445.349: [ParNew: 460096K->51072K(460096K), 0.0261948 secs] 2697483K->2309569K(4143232K), 0.0262818 secs] [Times: user=0.03 sys=0.00, real=0.03 secs] 
2024-10-09T21:23:56.166+0300: 445.375: Total time for which application threads were stopped: 0.0265739 seconds, Stopping threads took: 0.0001474 seconds
2024-10-09T21:23:56.354+0300: 445.561: Application time: 0.1857891 seconds
2024-10-09T21:23:56.354+0300: 445.561: [GC (Allocation Failure) 2024-10-09T21:23:56.354+0300: 445.561: [ParNew: 460096K->51072K(460096K), 0.0253413 secs] 2718593K->2328579K(4143232K), 0.0254253 secs] [Times: user=0.02 sys=0.00, real=0.02 secs] 
2024-10-09T21:23:56.370+0300: 445.587: Total time for which application threads were stopped: 0.0256744 seconds, Stopping threads took: 0.0001248 seconds
2024-10-09T21:23:56.558+0300: 445.775: Application time: 0.1881636 seconds
2024-10-09T21:23:56.558+0300: 445.775: [GC (Allocation Failure) 2024-10-09T21:23:56.558+0300: 445.775: [ParNew: 460096K->51072K(460096K), 0.0262492 secs] 2737603K->2344648K(4143232K), 0.0263469 secs] [Times: user=0.12 sys=0.00, real=0.03 secs] 
2024-10-09T21:23:56.598+0300: 445.802: Total time for which application threads were stopped: 0.0267955 seconds, Stopping threads took: 0.0002607 seconds
2024-10-09T21:23:56.762+0300: 445.974: Application time: 0.1723202 seconds
2024-10-09T21:23:56.762+0300: 445.974: [GC (Allocation Failure) 2024-10-09T21:23:56.762+0300: 445.974: [ParNew: 460096K->51072K(460096K), 0.0225262 secs] 2753672K->2355765K(4143232K), 0.0226200 secs] [Times: user=0.03 sys=0.00, real=0.03 secs] 
2024-10-09T21:23:56.789+0300: 445.997: Total time for which application threads were stopped: 0.0228531 seconds, Stopping threads took: 0.0001117 seconds
2024-10-09T21:23:56.967+0300: 446.181: Application time: 0.1840896 seconds
2024-10-09T21:23:56.967+0300: 446.181: [GC (Allocation Failure) 2024-10-09T21:23:56.967+0300: 446.181: [ParNew: 460096K->51072K(460096K), 0.0291737 secs] 2764789K->2382450K(4143232K), 0.0292654 secs] [Times: user=0.03 sys=0.00, real=0.03 secs] 
2024-10-09T21:23:56.999+0300: 446.210: Total time for which application threads were stopped: 0.0295440 seconds, Stopping threads took: 0.0001537 seconds
2024-10-09T21:23:57.186+0300: 446.393: Application time: 0.1829917 seconds
2024-10-09T21:23:57.186+0300: 446.394: [GC (Allocation Failure) 2024-10-09T21:23:57.186+0300: 446.394: [ParNew: 460096K->51072K(460096K), 0.0236607 secs] 2791474K->2393429K(4143232K), 0.0237458 secs] [Times: user=0.02 sys=0.00, real=0.02 secs] 
2024-10-09T21:23:57.202+0300: 446.417: Total time for which application threads were stopped: 0.0240261 seconds, Stopping threads took: 0.0001594 seconds
2024-10-09T21:23:57.375+0300: 446.585: Application time: 0.1671351 seconds
2024-10-09T21:23:57.375+0300: 446.585: [GC (Allocation Failure) 2024-10-09T21:23:57.375+0300: 446.585: [ParNew: 460096K->51072K(460096K), 0.0304910 secs] 2802453K->2418745K(4143232K), 0.0305785 secs] [Times: user=0.08 sys=0.00, real=0.03 secs] 
2024-10-09T21:23:57.407+0300: 446.615: Total time for which application threads were stopped: 0.0308655 seconds, Stopping threads took: 0.0001493 seconds
2024-10-09T21:23:57.578+0300: 446.793: Application time: 0.1773589 seconds
2024-10-09T21:23:57.578+0300: 446.793: [GC (Allocation Failure) 2024-10-09T21:23:57.578+0300: 446.793: [ParNew: 460096K->43531K(460096K), 0.0280456 secs] 2827769K->2436977K(4143232K), 0.0281384 secs] [Times: user=0.06 sys=0.00, real=0.03 secs] 
2024-10-09T21:23:57.610+0300: 446.821: Total time for which application threads were stopped: 0.0284718 seconds, Stopping threads took: 0.0001802 seconds
2024-10-09T21:23:57.801+0300: 447.006: Application time: 0.1844386 seconds
2024-10-09T21:23:57.801+0300: 447.006: [GC (Allocation Failure) 2024-10-09T21:23:57.801+0300: 447.006: [ParNew: 452555K->49269K(460096K), 0.0228917 secs] 2846001K->2452176K(4143232K), 0.0229731 secs] [Times: user=0.02 sys=0.00, real=0.01 secs] 
2024-10-09T21:23:57.814+0300: 447.029: Total time for which application threads were stopped: 0.0232458 seconds, Stopping threads took: 0.0001505 seconds
2024-10-09T21:23:57.987+0300: 447.201: Application time: 0.1720623 seconds
2024-10-09T21:23:57.987+0300: 447.201: [GC (Allocation Failure) 2024-10-09T21:23:57.987+0300: 447.201: [ParNew: 458293K->51072K(460096K), 0.0290312 secs] 2861200K->2478207K(4143232K), 0.0291254 secs] [Times: user=0.03 sys=0.00, real=0.03 secs] 
2024-10-09T21:23:58.018+0300: 447.230: Total time for which application threads were stopped: 0.0294373 seconds, Stopping threads took: 0.0001872 seconds
2024-10-09T21:23:58.202+0300: 447.406: Application time: 0.1751988 seconds
2024-10-09T21:23:58.202+0300: 447.406: [GC (Allocation Failure) 2024-10-09T21:23:58.202+0300: 447.406: [ParNew: 460096K->49536K(460096K), 0.0280794 secs] 2887231K->2500542K(4143232K), 0.0281613 secs] [Times: user=0.01 sys=0.00, real=0.02 secs] 
2024-10-09T21:23:58.222+0300: 447.434: Total time for which application threads were stopped: 0.0284136 seconds, Stopping threads took: 0.0001305 seconds
2024-10-09T21:23:58.402+0300: 447.612: Application time: 0.1779744 seconds
2024-10-09T21:23:58.402+0300: 447.612: [GC (Allocation Failure) 2024-10-09T21:23:58.402+0300: 447.612: [ParNew: 458560K->51072K(460096K), 0.0263956 secs] 2909566K->2521140K(4143232K), 0.0264914 secs] [Times: user=0.01 sys=0.00, real=0.03 secs] 
2024-10-09T21:23:58.427+0300: 447.639: Total time for which application threads were stopped: 0.0267347 seconds, Stopping threads took: 0.0000822 seconds
2024-10-09T21:23:58.615+0300: 447.822: Application time: 0.1830297 seconds
2024-10-09T21:23:58.615+0300: 447.822: [GC (Allocation Failure) 2024-10-09T21:23:58.615+0300: 447.822: [ParNew: 460096K->51072K(460096K), 0.0276233 secs] 2930164K->2537016K(4143232K), 0.0277171 secs] [Times: user=0.11 sys=0.00, real=0.03 secs] 
2024-10-09T21:23:58.646+0300: 447.850: Total time for which application threads were stopped: 0.0279828 seconds, Stopping threads took: 0.0001148 seconds
2024-10-09T21:23:58.818+0300: 448.026: Application time: 0.1766462 seconds
2024-10-09T21:23:58.818+0300: 448.027: [GC (Allocation Failure) 2024-10-09T21:23:58.818+0300: 448.027: [ParNew: 460096K->51072K(460096K), 0.0253257 secs] 2946040K->2555740K(4143232K), 0.0254147 secs] [Times: user=0.02 sys=0.00, real=0.02 secs] 
2024-10-09T21:23:58.834+0300: 448.052: Total time for which application threads were stopped: 0.0256747 seconds, Stopping threads took: 0.0001341 seconds
2024-10-09T21:23:59.022+0300: 448.230: Application time: 0.1781821 seconds
2024-10-09T21:23:59.022+0300: 448.231: [GC (Allocation Failure) 2024-10-09T21:23:59.022+0300: 448.231: [ParNew: 460096K->51072K(460096K), 0.0242147 secs] 2964764K->2568555K(4143232K), 0.0243065 secs] [Times: user=0.02 sys=0.00, real=0.02 secs] 
2024-10-09T21:23:59.038+0300: 448.255: Total time for which application threads were stopped: 0.0245852 seconds, Stopping threads took: 0.0001529 seconds
2024-10-09T21:23:59.211+0300: 448.427: Application time: 0.1720901 seconds
2024-10-09T21:23:59.211+0300: 448.427: [GC (Allocation Failure) 2024-10-09T21:23:59.211+0300: 448.427: [ParNew: 460096K->51072K(460096K), 0.0344682 secs] 2977579K->2603108K(4143232K), 0.0345535 secs] [Times: user=0.03 sys=0.00, real=0.05 secs] 
2024-10-09T21:23:59.258+0300: 448.462: Total time for which application threads were stopped: 0.0348115 seconds, Stopping threads took: 0.0001380 seconds
2024-10-09T21:23:59.431+0300: 448.647: Application time: 0.1849386 seconds
2024-10-09T21:23:59.431+0300: 448.647: [GC (Allocation Failure) 2024-10-09T21:23:59.431+0300: 448.647: [ParNew: 460096K->51072K(460096K), 0.0267726 secs] 3012132K->2621549K(4143232K), 0.0268586 secs] [Times: user=0.05 sys=0.00, real=0.03 secs] 
2024-10-09T21:23:59.462+0300: 448.674: Total time for which application threads were stopped: 0.0271476 seconds, Stopping threads took: 0.0001627 seconds
2024-10-09T21:23:59.651+0300: 448.859: Application time: 0.1849516 seconds
2024-10-09T21:23:59.651+0300: 448.859: [GC (Allocation Failure) 2024-10-09T21:23:59.651+0300: 448.859: [ParNew: 460096K->51072K(460096K), 0.0251895 secs] 3030573K->2635359K(4143232K), 0.0252834 secs] [Times: user=0.06 sys=0.00, real=0.01 secs] 
2024-10-09T21:23:59.666+0300: 448.884: Total time for which application threads were stopped: 0.0256122 seconds, Stopping threads took: 0.0001856 seconds
2024-10-09T21:23:59.839+0300: 449.054: Application time: 0.1695099 seconds
2024-10-09T21:23:59.839+0300: 449.054: [GC (Allocation Failure) 2024-10-09T21:23:59.839+0300: 449.054: [ParNew: 460096K->44760K(460096K), 0.0277147 secs] 3044383K->2652251K(4143232K), 0.0278029 secs] [Times: user=0.03 sys=0.00, real=0.03 secs] 
2024-10-09T21:23:59.870+0300: 449.082: Total time for which application threads were stopped: 0.0280741 seconds, Stopping threads took: 0.0001500 seconds
2024-10-09T21:24:00.059+0300: 449.272: Application time: 0.1894916 seconds
2024-10-09T21:24:00.059+0300: 449.272: [GC (Allocation Failure) 2024-10-09T21:24:00.059+0300: 449.272: [ParNew: 453784K->51072K(460096K), 0.0280501 secs] 3061275K->2682079K(4143232K), 0.0281424 secs] [Times: user=0.05 sys=0.00, real=0.03 secs] 
2024-10-09T21:24:00.090+0300: 449.300: Total time for which application threads were stopped: 0.0283930 seconds, Stopping threads took: 0.0001277 seconds
2024-10-09T21:24:00.262+0300: 449.478: Application time: 0.1780533 seconds
2024-10-09T21:24:00.262+0300: 449.478: [GC (Allocation Failure) 2024-10-09T21:24:00.262+0300: 449.478: [ParNew: 460096K->51072K(460096K), 0.0273465 secs] 3091103K->2699460K(4143232K), 0.0274302 secs] [Times: user=0.03 sys=0.00, real=0.03 secs] 
2024-10-09T21:24:00.293+0300: 449.506: Total time for which application threads were stopped: 0.0276732 seconds, Stopping threads took: 0.0001227 seconds
2024-10-09T21:24:00.466+0300: 449.672: Application time: 0.1664375 seconds
2024-10-09T21:24:00.466+0300: 449.672: [GC (Allocation Failure) 2024-10-09T21:24:00.466+0300: 449.673: [ParNew: 460096K->51072K(460096K), 0.0261788 secs] 3108484K->2720715K(4143232K), 0.0264315 secs] [Times: user=0.02 sys=0.00, real=0.02 secs] 
2024-10-09T21:24:00.482+0300: 449.699: Total time for which application threads were stopped: 0.0267101 seconds, Stopping threads took: 0.0001318 seconds
2024-10-09T21:24:00.686+0300: 449.891: Application time: 0.1921898 seconds
2024-10-09T21:24:00.686+0300: 449.891: [GC (Allocation Failure) 2024-10-09T21:24:00.686+0300: 449.891: [ParNew: 460096K->51072K(460096K), 0.0280966 secs] 3129739K->2743057K(4143232K), 0.0282040 secs] [Times: user=0.05 sys=0.00, real=0.02 secs] 
2024-10-09T21:24:00.707+0300: 449.920: Total time for which application threads were stopped: 0.0285886 seconds, Stopping threads took: 0.0002242 seconds
2024-10-09T21:24:00.890+0300: 450.099: Application time: 0.1793992 seconds
2024-10-09T21:24:00.890+0300: 450.099: [GC (Allocation Failure) 2024-10-09T21:24:00.890+0300: 450.099: [ParNew: 460096K->51072K(460096K), 0.0270160 secs] 3152081K->2759543K(4143232K), 0.0270979 secs] [Times: user=0.03 sys=0.00, real=0.03 secs] 
2024-10-09T21:24:00.922+0300: 450.126: Total time for which application threads were stopped: 0.0273637 seconds, Stopping threads took: 0.0001437 seconds
2024-10-09T21:24:01.094+0300: 450.302: Application time: 0.1755369 seconds
2024-10-09T21:24:01.094+0300: 450.302: [GC (Allocation Failure) 2024-10-09T21:24:01.094+0300: 450.302: [ParNew: 460096K->51072K(460096K), 0.0300930 secs] 3168567K->2786934K(4143232K), 0.0301786 secs] [Times: user=0.02 sys=0.00, real=0.03 secs] 
2024-10-09T21:24:01.126+0300: 450.332: Total time for which application threads were stopped: 0.0304442 seconds, Stopping threads took: 0.0001481 seconds
2024-10-09T21:24:01.308+0300: 450.517: Application time: 0.1846866 seconds
2024-10-09T21:24:01.308+0300: 450.517: [GC (Allocation Failure) 2024-10-09T21:24:01.308+0300: 450.517: [ParNew: 460096K->51072K(460096K), 0.0280756 secs] 3195958K->2807252K(4143232K), 0.0281639 secs] [Times: user=0.02 sys=0.00, real=0.02 secs] 
2024-10-09T21:24:01.330+0300: 450.545: Total time for which application threads were stopped: 0.0284139 seconds, Stopping threads took: 0.0001262 seconds
2024-10-09T21:24:01.509+0300: 450.715: Application time: 0.1696106 seconds
2024-10-09T21:24:01.509+0300: 450.715: [GC (Allocation Failure) 2024-10-09T21:24:01.509+0300: 450.715: [ParNew: 460096K->51072K(460096K), 0.0223631 secs] 3216276K->2819764K(4143232K), 0.0224483 secs] [Times: user=0.00 sys=0.00, real=0.02 secs] 
2024-10-09T21:24:01.534+0300: 450.738: Total time for which application threads were stopped: 0.0227351 seconds, Stopping threads took: 0.0001679 seconds
2024-10-09T21:24:01.722+0300: 450.926: Application time: 0.1882788 seconds
2024-10-09T21:24:01.722+0300: 450.926: [GC (Allocation Failure) 2024-10-09T21:24:01.722+0300: 450.926: [ParNew: 460096K->51072K(460096K), 0.0242829 secs] 3228788K->2836370K(4143232K), 0.0243741 secs] [Times: user=0.03 sys=0.00, real=0.02 secs] 
2024-10-09T21:24:01.738+0300: 450.951: Total time for which application threads were stopped: 0.0246894 seconds, Stopping threads took: 0.0001795 seconds
2024-10-09T21:24:01.926+0300: 451.133: Application time: 0.1827015 seconds
2024-10-09T21:24:01.926+0300: 451.134: [GC (Allocation Failure) 2024-10-09T21:24:01.926+0300: 451.134: [ParNew: 460096K->51072K(460096K), 0.0283353 secs] 3245394K->2853136K(4143232K), 0.0284258 secs] [Times: user=0.03 sys=0.00, real=0.03 secs] 
2024-10-09T21:24:01.958+0300: 451.162: Total time for which application threads were stopped: 0.0286821 seconds, Stopping threads took: 0.0001351 seconds
2024-10-09T21:24:02.115+0300: 451.329: Application time: 0.1668368 seconds
2024-10-09T21:24:02.115+0300: 451.329: [GC (Allocation Failure) 2024-10-09T21:24:02.115+0300: 451.329: [ParNew: 460096K->43256K(460096K), 0.0272116 secs] 3262160K->2870524K(4143232K), 0.0272946 secs] [Times: user=0.03 sys=0.00, real=0.03 secs] 
2024-10-09T21:24:02.146+0300: 451.357: Total time for which application threads were stopped: 0.0275648 seconds, Stopping threads took: 0.0001542 seconds
2024-10-09T21:24:02.334+0300: 451.546: Application time: 0.1896127 seconds
2024-10-09T21:24:02.334+0300: 451.546: [GC (Allocation Failure) 2024-10-09T21:24:02.334+0300: 451.546: [ParNew: 452280K->51072K(460096K), 0.0244731 secs] 3279548K->2892954K(4143232K), 0.0245661 secs] [Times: user=0.05 sys=0.00, real=0.03 secs] 
2024-10-09T21:24:02.366+0300: 451.571: Total time for which application threads were stopped: 0.0248359 seconds, Stopping threads took: 0.0001431 seconds
2024-10-09T21:24:02.554+0300: 451.758: Application time: 0.1867387 seconds
2024-10-09T21:24:02.554+0300: 451.758: [GC (Allocation Failure) 2024-10-09T21:24:02.554+0300: 451.758: [ParNew: 460096K->51072K(460096K), 0.0240362 secs] 3301978K->2902022K(4143232K), 0.0241181 secs] [Times: user=0.02 sys=0.00, real=0.02 secs] 
2024-10-09T21:24:02.570+0300: 451.782: Total time for which application threads were stopped: 0.0243934 seconds, Stopping threads took: 0.0001528 seconds
2024-10-09T21:24:02.742+0300: 451.948: Application time: 0.1653685 seconds
2024-10-09T21:24:02.742+0300: 451.948: [GC (Allocation Failure) 2024-10-09T21:24:02.742+0300: 451.948: [ParNew: 460096K->42713K(460096K), 0.0304106 secs] 3311046K->2926920K(4143232K), 0.0305092 secs] [Times: user=0.06 sys=0.00, real=0.03 secs] 
2024-10-09T21:24:02.774+0300: 451.978: Total time for which application threads were stopped: 0.0307964 seconds, Stopping threads took: 0.0001491 seconds
2024-10-09T21:24:02.962+0300: 452.167: Application time: 0.1884280 seconds
2024-10-09T21:24:02.962+0300: 452.167: [GC (Allocation Failure) 2024-10-09T21:24:02.962+0300: 452.167: [ParNew: 451737K->51072K(460096K), 0.0217923 secs] 3335944K->2937252K(4143232K), 0.0218675 secs] [Times: user=0.02 sys=0.00, real=0.02 secs] 
2024-10-09T21:24:02.978+0300: 452.189: Total time for which application threads were stopped: 0.0220773 seconds, Stopping threads took: 0.0000957 seconds
2024-10-09T21:24:03.166+0300: 452.378: Application time: 0.1892389 seconds
2024-10-09T21:24:03.166+0300: 452.378: [GC (Allocation Failure) 2024-10-09T21:24:03.166+0300: 452.378: [ParNew: 460096K->51072K(460096K), 0.0267140 secs] 3346276K->2951363K(4143232K), 0.0268047 secs] [Times: user=0.05 sys=0.00, real=0.03 secs] 
2024-10-09T21:24:03.197+0300: 452.405: Total time for which application threads were stopped: 0.0270621 seconds, Stopping threads took: 0.0001325 seconds
2024-10-09T21:24:03.354+0300: 452.564: Application time: 0.1592513 seconds
2024-10-09T21:24:03.354+0300: 452.565: [GC (Allocation Failure) 2024-10-09T21:24:03.354+0300: 452.565: [ParNew: 460096K->51072K(460096K), 0.0246149 secs] 3360387K->2967742K(4143232K), 0.0246944 secs] [Times: user=0.03 sys=0.00, real=0.03 secs] 
2024-10-09T21:24:03.386+0300: 452.589: Total time for which application threads were stopped: 0.0249621 seconds, Stopping threads took: 0.0001543 seconds
2024-10-09T21:24:03.574+0300: 452.780: Application time: 0.1909865 seconds
2024-10-09T21:24:03.574+0300: 452.781: [GC (Allocation Failure) 2024-10-09T21:24:03.574+0300: 452.781: [ParNew: 460096K->44814K(460096K), 0.0272390 secs] 3376766K->2988689K(4143232K), 0.0273377 secs] [Times: user=0.05 sys=0.00, real=0.02 secs] 
2024-10-09T21:24:03.590+0300: 452.808: Total time for which application threads were stopped: 0.0276479 seconds, Stopping threads took: 0.0001794 seconds
2024-10-09T21:24:03.794+0300: 453.002: Application time: 0.1940219 seconds
2024-10-09T21:24:03.794+0300: 453.002: [GC (Allocation Failure) 2024-10-09T21:24:03.794+0300: 453.002: [ParNew: 453838K->51072K(460096K), 0.0268892 secs] 3397713K->3001851K(4143232K), 0.0269705 secs] [Times: user=0.02 sys=0.00, real=0.03 secs] 
2024-10-09T21:24:03.825+0300: 453.029: Total time for which application threads were stopped: 0.0272172 seconds, Stopping threads took: 0.0001258 seconds
2024-10-09T21:24:03.982+0300: 453.200: Application time: 0.1703532 seconds
2024-10-09T21:24:03.982+0300: 453.200: [GC (Allocation Failure) 2024-10-09T21:24:03.982+0300: 453.200: [ParNew: 460096K->50207K(460096K), 0.0349084 secs] 3410875K->3033345K(4143232K), 0.0350026 secs] [Times: user=0.03 sys=0.00, real=0.05 secs] 
2024-10-09T21:24:04.029+0300: 453.235: Total time for which application threads were stopped: 0.0353672 seconds, Stopping threads took: 0.0002340 seconds
2024-10-09T21:24:04.202+0300: 453.415: Application time: 0.1802670 seconds
2024-10-09T21:24:04.202+0300: 453.415: [GC (Allocation Failure) 2024-10-09T21:24:04.202+0300: 453.416: [ParNew: 459231K->40853K(460096K), 0.0271146 secs] 3442369K->3053487K(4143232K), 0.0272052 secs] [Times: user=0.03 sys=0.00, real=0.03 secs] 
2024-10-09T21:24:04.234+0300: 453.443: Total time for which application threads were stopped: 0.0274761 seconds, Stopping threads took: 0.0001469 seconds
2024-10-09T21:24:04.422+0300: 453.634: Application time: 0.1913091 seconds
2024-10-09T21:24:04.422+0300: 453.634: [GC (Allocation Failure) 2024-10-09T21:24:04.422+0300: 453.634: [ParNew: 449877K->51072K(460096K), 0.0238133 secs] 3462511K->3068510K(4143232K), 0.0238932 secs] [Times: user=0.03 sys=0.00, real=0.03 secs] 
2024-10-09T21:24:04.453+0300: 453.658: Total time for which application threads were stopped: 0.0241475 seconds, Stopping threads took: 0.0001334 seconds
2024-10-09T21:24:04.626+0300: 453.836: Application time: 0.1779334 seconds
2024-10-09T21:24:04.626+0300: 453.836: [GC (Allocation Failure) 2024-10-09T21:24:04.626+0300: 453.836: [ParNew: 460096K->51072K(460096K), 0.0289093 secs] 3477534K->3085803K(4143232K), 0.0290011 secs] [Times: user=0.03 sys=0.00, real=0.03 secs] 
2024-10-09T21:24:04.658+0300: 453.865: Total time for which application threads were stopped: 0.0292943 seconds, Stopping threads took: 0.0001430 seconds
2024-10-09T21:24:04.831+0300: 454.036: Application time: 0.1705024 seconds
2024-10-09T21:24:04.831+0300: 454.036: [GC (Allocation Failure) 2024-10-09T21:24:04.831+0300: 454.036: [ParNew: 460096K->51072K(460096K), 0.0260221 secs] 3494827K->3110818K(4143232K), 0.0261065 secs] [Times: user=0.02 sys=0.00, real=0.01 secs] 
2024-10-09T21:24:04.846+0300: 454.062: Total time for which application threads were stopped: 0.0263889 seconds, Stopping threads took: 0.0001657 seconds
2024-10-09T21:24:05.050+0300: 454.255: Application time: 0.1930368 seconds
2024-10-09T21:24:05.050+0300: 454.256: [GC (Allocation Failure) 2024-10-09T21:24:05.050+0300: 454.256: [ParNew: 460096K->48513K(460096K), 0.0265111 secs] 3519842K->3124687K(4143232K), 0.0265951 secs] [Times: user=0.02 sys=0.00, real=0.02 secs] 
2024-10-09T21:24:05.066+0300: 454.282: Total time for which application threads were stopped: 0.0268543 seconds, Stopping threads took: 0.0001296 seconds
2024-10-09T21:24:05.254+0300: 454.463: Application time: 0.1806828 seconds
2024-10-09T21:24:05.254+0300: 454.463: [GC (Allocation Failure) 2024-10-09T21:24:05.254+0300: 454.463: [ParNew: 457537K->51072K(460096K), 0.0271132 secs] 3533711K->3141240K(4143232K), 0.0271979 secs] [Times: user=0.01 sys=0.00, real=0.03 secs] 
2024-10-09T21:24:05.286+0300: 454.490: Total time for which application threads were stopped: 0.0274691 seconds, Stopping threads took: 0.0001551 seconds
2024-10-09T21:24:05.443+0300: 454.653: Application time: 0.1628881 seconds
2024-10-09T21:24:05.443+0300: 454.653: [GC (Allocation Failure) 2024-10-09T21:24:05.443+0300: 454.654: [ParNew: 460096K->50194K(460096K), 0.0274910 secs] 3550264K->3167658K(4143232K), 0.0275794 secs] [Times: user=0.03 sys=0.00, real=0.03 secs] 
2024-10-09T21:24:05.474+0300: 454.681: Total time for which application threads were stopped: 0.0278380 seconds, Stopping threads took: 0.0001376 seconds
2024-10-09T21:24:05.662+0300: 454.878: Application time: 0.1973825 seconds
2024-10-09T21:24:05.662+0300: 454.879: [GC (Allocation Failure) 2024-10-09T21:24:05.662+0300: 454.879: [ParNew: 459218K->48763K(460096K), 0.0249898 secs] 3576682K->3183342K(4143232K), 0.0250857 secs] [Times: user=0.03 sys=0.00, real=0.03 secs] 
2024-10-09T21:24:05.694+0300: 454.904: Total time for which application threads were stopped: 0.0253988 seconds, Stopping threads took: 0.0001752 seconds
2024-10-09T21:24:05.882+0300: 455.090: Application time: 0.1861325 seconds
2024-10-09T21:24:05.882+0300: 455.090: [GC (Allocation Failure) 2024-10-09T21:24:05.882+0300: 455.090: [ParNew: 457787K->51072K(460096K), 0.0232437 secs] 3592366K->3193042K(4143232K), 0.0233356 secs] [Times: user=0.05 sys=0.00, real=0.02 secs] 
2024-10-09T21:24:05.898+0300: 455.114: Total time for which application threads were stopped: 0.0236079 seconds, Stopping threads took: 0.0001395 seconds
2024-10-09T21:24:06.070+0300: 455.278: Application time: 0.1640660 seconds
2024-10-09T21:24:06.070+0300: 455.278: [GC (Allocation Failure) 2024-10-09T21:24:06.070+0300: 455.278: [ParNew: 460096K->49036K(460096K), 0.0316763 secs] 3602066K->3225549K(4143232K), 0.0317600 secs] [Times: user=0.03 sys=0.00, real=0.03 secs] 
2024-10-09T21:24:06.101+0300: 455.310: Total time for which application threads were stopped: 0.0320043 seconds, Stopping threads took: 0.0001288 seconds
2024-10-09T21:24:06.290+0300: 455.504: Application time: 0.1947262 seconds
2024-10-09T21:24:06.290+0300: 455.505: [GC (Allocation Failure) 2024-10-09T21:24:06.290+0300: 455.505: [ParNew: 458060K->45090K(460096K), 0.0255587 secs] 3634573K->3241702K(4143232K), 0.0256495 secs] [Times: user=0.03 sys=0.00, real=0.03 secs] 
2024-10-09T21:24:06.322+0300: 455.530: Total time for which application threads were stopped: 0.0259335 seconds, Stopping threads took: 0.0001582 seconds
2024-10-09T21:24:06.510+0300: 455.719: Application time: 0.1882761 seconds
2024-10-09T21:24:06.510+0300: 455.719: [GC (Allocation Failure) 2024-10-09T21:24:06.510+0300: 455.719: [ParNew: 454114K->51072K(460096K), 0.0243723 secs] 3650726K->3254655K(4143232K), 0.0244552 secs] [Times: user=0.01 sys=0.00, real=0.02 secs] 
2024-10-09T21:24:06.526+0300: 455.743: Total time for which application threads were stopped: 0.0247181 seconds, Stopping threads took: 0.0001400 seconds
2024-10-09T21:24:06.698+0300: 455.909: Application time: 0.1654662 seconds
2024-10-09T21:24:06.698+0300: 455.909: [GC (Allocation Failure) 2024-10-09T21:24:06.698+0300: 455.909: [ParNew: 460096K->51072K(460096K), 0.0291428 secs] 3663679K->3281960K(4143232K), 0.0292393 secs] [Times: user=0.03 sys=0.00, real=0.03 secs] 
2024-10-09T21:24:06.730+0300: 455.938: Total time for which application threads were stopped: 0.0295544 seconds, Stopping threads took: 0.0001658 seconds
2024-10-09T21:24:06.920+0300: 456.126: Application time: 0.1875629 seconds
2024-10-09T21:24:06.920+0300: 456.126: [GC (Allocation Failure) 2024-10-09T21:24:06.920+0300: 456.126: [ParNew: 460096K->51072K(460096K), 0.0262767 secs] 3690984K->3303957K(4143232K), 0.0263690 secs] [Times: user=0.05 sys=0.00, real=0.03 secs] 
2024-10-09T21:24:06.949+0300: 456.153: Total time for which application threads were stopped: 0.0266220 seconds, Stopping threads took: 0.0001290 seconds
2024-10-09T21:24:07.137+0300: 456.342: Application time: 0.1893537 seconds
2024-10-09T21:24:07.137+0300: 456.342: [GC (Allocation Failure) 2024-10-09T21:24:07.137+0300: 456.342: [ParNew: 460096K->51072K(460096K), 0.0248291 secs] 3712981K->3315309K(4143232K), 0.0249113 secs] [Times: user=0.01 sys=0.00, real=0.02 secs] 
2024-10-09T21:24:07.153+0300: 456.367: Total time for which application threads were stopped: 0.0251653 seconds, Stopping threads took: 0.0001383 seconds
2024-10-09T21:24:07.321+0300: 456.527: Application time: 0.1602131 seconds
2024-10-09T21:24:07.321+0300: 456.528: [GC (Allocation Failure) 2024-10-09T21:24:07.321+0300: 456.528: [ParNew: 460096K->51072K(460096K), 0.0306414 secs] 3724333K->3343961K(4143232K), 0.0307370 secs] [Times: user=0.01 sys=0.00, real=0.02 secs] 
2024-10-09T21:24:07.341+0300: 456.558: Total time for which application threads were stopped: 0.0310705 seconds, Stopping threads took: 0.0002113 seconds
2024-10-09T21:24:07.530+0300: 456.744: Application time: 0.1858027 seconds
2024-10-09T21:24:07.530+0300: 456.744: [GC (Allocation Failure) 2024-10-09T21:24:07.530+0300: 456.744: [ParNew: 460096K->43433K(460096K), 0.0272215 secs] 3752985K->3361277K(4143232K), 0.0273046 secs] [Times: user=0.03 sys=0.00, real=0.03 secs] 
2024-10-09T21:24:07.561+0300: 456.772: Total time for which application threads were stopped: 0.0275819 seconds, Stopping threads took: 0.0001496 seconds
2024-10-09T21:24:07.749+0300: 456.962: Application time: 0.1899442 seconds
2024-10-09T21:24:07.749+0300: 456.962: [GC (Allocation Failure) 2024-10-09T21:24:07.749+0300: 456.962: [ParNew: 452457K->51072K(460096K), 0.0261856 secs] 3770301K->3381724K(4143232K), 0.0262680 secs] [Times: user=0.03 sys=0.00, real=0.03 secs] 
2024-10-09T21:24:07.781+0300: 456.988: Total time for which application threads were stopped: 0.0265350 seconds, Stopping threads took: 0.0001430 seconds
2024-10-09T21:24:07.938+0300: 457.151: Application time: 0.1631477 seconds
2024-10-09T21:24:07.938+0300: 457.152: [GC (Allocation Failure) 2024-10-09T21:24:07.938+0300: 457.152: [ParNew: 460096K->51072K(460096K), 0.0267544 secs] 3790748K->3398205K(4143232K), 0.0268443 secs] [Times: user=0.03 sys=0.00, real=0.03 secs] 
2024-10-09T21:24:07.969+0300: 457.179: Total time for which application threads were stopped: 0.0271442 seconds, Stopping threads took: 0.0001745 seconds
2024-10-09T21:24:08.157+0300: 457.364: Application time: 0.1854195 seconds
2024-10-09T21:24:08.157+0300: 457.364: [GC (Allocation Failure) 2024-10-09T21:24:08.157+0300: 457.364: [ParNew: 460096K->51072K(460096K), 0.0275305 secs] 3807229K->3424008K(4143232K), 0.0276173 secs] [Times: user=0.03 sys=0.00, real=0.03 secs] 
2024-10-09T21:24:08.189+0300: 457.392: Total time for which application threads were stopped: 0.0278883 seconds, Stopping threads took: 0.0001496 seconds
2024-10-09T21:24:08.189+0300: 457.392: Application time: 0.0001521 seconds
2024-10-09T21:24:08.189+0300: 457.392: [GC (CMS Initial Mark) [1 CMS-initial-mark: 3372936K(3683136K)] 3429402K(4143232K), 0.0038580 secs] [Times: user=0.00 sys=0.00, real=0.00 secs] 
2024-10-09T21:24:08.189+0300: 457.396: Total time for which application threads were stopped: 0.0041262 seconds, Stopping threads took: 0.0001622 seconds
2024-10-09T21:24:08.189+0300: 457.396: [CMS-concurrent-mark-start]
2024-10-09T21:24:08.204+0300: 457.416: [CMS-concurrent-mark: 0.020/0.020 secs] [Times: user=0.02 sys=0.00, real=0.02 secs] 
2024-10-09T21:24:08.204+0300: 457.416: [CMS-concurrent-preclean-start]
2024-10-09T21:24:08.204+0300: 457.420: [CMS-concurrent-preclean: 0.004/0.004 secs] [Times: user=0.00 sys=0.00, real=0.00 secs] 
2024-10-09T21:24:08.204+0300: 457.420: [CMS-concurrent-abortable-preclean-start]
2024-10-09T21:24:08.408+0300: 457.618: Application time: 0.2223500 seconds
2024-10-09T21:24:08.408+0300: 457.619: [GC (Allocation Failure) 2024-10-09T21:24:08.408+0300: 457.619: [ParNew: 460096K->51072K(460096K), 0.0249663 secs] 3833032K->3432840K(4143232K), 0.0250552 secs] [Times: user=0.03 sys=0.00, real=0.03 secs] 
2024-10-09T21:24:08.439+0300: 457.644: Total time for which application threads were stopped: 0.0253423 seconds, Stopping threads took: 0.0001454 seconds
2024-10-09T21:24:08.628+0300: 457.841: Application time: 0.1972927 seconds
2024-10-09T21:24:08.628+0300: 457.841: [GC (Allocation Failure) 2024-10-09T21:24:08.628+0300: 457.841: [ParNew: 460096K->51072K(460096K), 0.0269127 secs] 3841864K->3452322K(4143232K), 0.0270059 secs] [Times: user=0.06 sys=0.00, real=0.03 secs] 
2024-10-09T21:24:08.659+0300: 457.869: Total time for which application threads were stopped: 0.0273693 seconds, Stopping threads took: 0.0002254 seconds
2024-10-09T21:24:08.675+0300: 457.886: [CMS-concurrent-abortable-preclean: 0.413/0.466 secs] [Times: user=2.52 sys=0.00, real=0.47 secs] 
2024-10-09T21:24:08.690+0300: 457.904: Application time: 0.0354347 seconds
2024-10-09T21:24:08.690+0300: 457.904: [GC (CMS Final Remark) [YG occupancy: 119944 K (460096 K)]2024-10-09T21:24:08.690+0300: 457.904: [Rescan (parallel) , 0.0110644 secs]2024-10-09T21:24:08.706+0300: 457.915: [weak refs processing, 0.0000195 secs]2024-10-09T21:24:08.706+0300: 457.915: [class unloading, 0.0020871 secs]2024-10-09T21:24:08.706+0300: 457.918: [scrub symbol table, 0.0007307 secs]2024-10-09T21:24:08.706+0300: 457.918: [scrub string table, 0.0002123 secs][1 CMS-remark: 3401250K(3683136K)] 3521195K(4143232K), 0.0142484 secs] [Times: user=0.01 sys=0.00, real=0.02 secs] 
2024-10-09T21:24:08.706+0300: 457.919: Total time for which application threads were stopped: 0.0146051 seconds, Stopping threads took: 0.0002525 seconds
2024-10-09T21:24:08.706+0300: 457.919: [CMS-concurrent-sweep-start]
2024-10-09T21:24:08.879+0300: 458.095: Application time: 0.1765399 seconds
2024-10-09T21:24:08.879+0300: 458.095: [GC (Allocation Failure) 2024-10-09T21:24:08.879+0300: 458.095: [ParNew: 460096K->51072K(460096K), 0.0255954 secs] 3505832K->3113281K(4143232K), 0.0256873 secs] [Times: user=0.03 sys=0.00, real=0.03 secs] 
2024-10-09T21:24:08.910+0300: 458.121: Total time for which application threads were stopped: 0.0259733 seconds, Stopping threads took: 0.0001591 seconds
2024-10-09T21:24:09.130+0300: 458.339: Application time: 0.2174781 seconds
2024-10-09T21:24:09.130+0300: 458.339: [GC (Allocation Failure) 2024-10-09T21:24:09.130+0300: 458.339: [ParNew: 460096K->51072K(460096K), 0.0290193 secs] 3096769K->2713012K(4143232K), 0.0291198 secs] [Times: user=0.03 sys=0.00, real=0.03 secs] 
2024-10-09T21:24:09.161+0300: 458.368: Total time for which application threads were stopped: 0.0294534 seconds, Stopping threads took: 0.0001493 seconds
2024-10-09T21:24:09.381+0300: 458.584: Application time: 0.2163528 seconds
2024-10-09T21:24:09.381+0300: 458.585: [GC (Allocation Failure) 2024-10-09T21:24:09.381+0300: 458.585: [ParNew: 460096K->51072K(460096K), 0.0226959 secs] 2699030K->2295784K(4143232K), 0.0227791 secs] [Times: user=0.05 sys=0.00, real=0.02 secs] 
2024-10-09T21:24:09.397+0300: 458.607: Total time for which application threads were stopped: 0.0230790 seconds, Stopping threads took: 0.0001684 seconds
2024-10-09T21:24:09.610+0300: 458.814: Application time: 0.2068695 seconds
2024-10-09T21:24:09.611+0300: 458.815: [GC (Allocation Failure) 2024-10-09T21:24:09.611+0300: 458.815: [ParNew: 460096K->51072K(460096K), 0.0370283 secs] 2307488K->1926239K(4143232K), 0.0371179 secs] [Times: user=0.09 sys=0.00, real=0.04 secs] 
2024-10-09T21:24:09.648+0300: 458.852: Total time for which application threads were stopped: 0.0374809 seconds, Stopping threads took: 0.0001964 seconds
2024-10-09T21:24:09.867+0300: 459.071: Application time: 0.2188609 seconds
2024-10-09T21:24:09.867+0300: 459.071: [GC (Allocation Failure) 2024-10-09T21:24:09.867+0300: 459.071: [ParNew: 460096K->50860K(460096K), 0.0253993 secs] 1905896K->1516221K(4143232K), 0.0254889 secs] [Times: user=0.01 sys=0.00, real=0.02 secs] 
2024-10-09T21:24:09.883+0300: 459.096: Total time for which application threads were stopped: 0.0257992 seconds, Stopping threads took: 0.0001753 seconds
2024-10-09T21:24:10.087+0300: 459.303: Application time: 0.2062300 seconds
2024-10-09T21:24:10.087+0300: 459.303: [GC (Allocation Failure) 2024-10-09T21:24:10.087+0300: 459.303: [ParNew: 459884K->51072K(460096K), 0.0239273 secs] 1530240K->1136175K(4143232K), 0.0240224 secs] [Times: user=0.03 sys=0.00, real=0.03 secs] 
2024-10-09T21:24:10.118+0300: 459.327: Total time for which application threads were stopped: 0.0243909 seconds, Stopping threads took: 0.0002020 seconds
2024-10-09T21:24:10.328+0300: 459.538: Application time: 0.2110752 seconds
2024-10-09T21:24:10.328+0300: 459.539: [GC (Allocation Failure) 2024-10-09T21:24:10.328+0300: 459.539: [ParNew: 460096K->48004K(460096K), 0.0291177 secs] 1131932K->744230K(4143232K), 0.0292105 secs] [Times: user=0.03 sys=0.00, real=0.02 secs] 
2024-10-09T21:24:10.353+0300: 459.568: Total time for which application threads were stopped: 0.0295904 seconds, Stopping threads took: 0.0002423 seconds
2024-10-09T21:24:10.573+0300: 459.789: Application time: 0.2210952 seconds
2024-10-09T21:24:10.573+0300: 459.789: [GC (Allocation Failure) 2024-10-09T21:24:10.573+0300: 459.789: [ParNew: 457028K->51072K(460096K), 0.0261768 secs] 735239K->346600K(4143232K), 0.0262790 secs] [Times: user=0.11 sys=0.00, real=0.03 secs] 
2024-10-09T21:24:10.604+0300: 459.815: Total time for which application threads were stopped: 0.0266177 seconds, Stopping threads took: 0.0001585 seconds
2024-10-09T21:24:10.652+0300: 459.857: [CMS-concurrent-sweep: 1.715/1.938 secs] [Times: user=10.20 sys=0.03, real=1.95 secs] 
2024-10-09T21:24:10.652+0300: 459.857: [CMS-concurrent-reset-start]
2024-10-09T21:24:10.652+0300: 459.865: [CMS-concurrent-reset: 0.008/0.008 secs] [Times: user=0.16 sys=0.00, real=0.00 secs] 
2024-10-09T21:24:10.793+0300: 460.010: Application time: 0.1949529 seconds
2024-10-09T21:24:10.793+0300: 460.011: [GC (Allocation Failure) 2024-10-09T21:24:10.793+0300: 460.011: [ParNew: 460096K->51072K(460096K), 0.0255252 secs] 678174K->284352K(4143232K), 0.0256142 secs] [Times: user=0.03 sys=0.00, real=0.04 secs] 
2024-10-09T21:24:10.829+0300: 460.036: Total time for which application threads were stopped: 0.0258763 seconds, Stopping threads took: 0.0001379 seconds
2024-10-09T21:24:10.997+0300: 460.210: Application time: 0.1733812 seconds
2024-10-09T21:24:10.997+0300: 460.210: [GC (Allocation Failure) 2024-10-09T21:24:10.997+0300: 460.210: [ParNew: 460096K->51072K(460096K), 0.0317534 secs] 693376K->313370K(4143232K), 0.0318426 secs] [Times: user=0.03 sys=0.00, real=0.03 secs] 
2024-10-09T21:24:11.030+0300: 460.242: Total time for which application threads were stopped: 0.0321418 seconds, Stopping threads took: 0.0001769 seconds
2024-10-09T21:24:11.217+0300: 460.426: Application time: 0.1841161 seconds
2024-10-09T21:24:11.217+0300: 460.426: [GC (Allocation Failure) 2024-10-09T21:24:11.217+0300: 460.426: [ParNew: 460096K->51072K(460096K), 0.0243068 secs] 722394K->328727K(4143232K), 0.0243985 secs] [Times: user=0.02 sys=0.00, real=0.02 secs] 
2024-10-09T21:24:11.233+0300: 460.451: Total time for which application threads were stopped: 0.0246581 seconds, Stopping threads took: 0.0001296 seconds
2024-10-09T21:24:11.421+0300: 460.626: Application time: 0.1754643 seconds
2024-10-09T21:24:11.421+0300: 460.626: [GC (Allocation Failure) 2024-10-09T21:24:11.421+0300: 460.626: [ParNew: 460096K->51072K(460096K), 0.0261876 secs] 737751K->348014K(4143232K), 0.0262850 secs] [Times: user=0.05 sys=0.00, real=0.02 secs] 
2024-10-09T21:24:11.437+0300: 460.653: Total time for which application threads were stopped: 0.0265586 seconds, Stopping threads took: 0.0001341 seconds
2024-10-09T21:24:11.625+0300: 460.834: Application time: 0.1814448 seconds
2024-10-09T21:24:11.631+0300: 460.834: [GC (Allocation Failure) 2024-10-09T21:24:11.631+0300: 460.834: [ParNew: 460096K->48979K(460096K), 0.0263883 secs] 757038K->364736K(4143232K), 0.0264923 secs] [Times: user=0.05 sys=0.00, real=0.02 secs] 
2024-10-09T21:24:11.656+0300: 460.861: Total time for which application threads were stopped: 0.0268158 seconds, Stopping threads took: 0.0001637 seconds
2024-10-09T21:24:11.845+0300: 461.049: Application time: 0.1884585 seconds
2024-10-09T21:24:11.845+0300: 461.050: [GC (Allocation Failure) 2024-10-09T21:24:11.845+0300: 461.050: [ParNew: 458003K->51072K(460096K), 0.0249548 secs] 773760K->382557K(4143232K), 0.0250381 secs] [Times: user=0.01 sys=0.00, real=0.03 secs] 
2024-10-09T21:24:11.872+0300: 461.075: Total time for which application threads were stopped: 0.0253047 seconds, Stopping threads took: 0.0001268 seconds
2024-10-09T21:24:12.034+0300: 461.244: Application time: 0.1692914 seconds
2024-10-09T21:24:12.034+0300: 461.244: [GC (Allocation Failure) 2024-10-09T21:24:12.034+0300: 461.244: [ParNew: 460096K->51072K(460096K), 0.0254628 secs] 791581K->398546K(4143232K), 0.0255359 secs] [Times: user=0.03 sys=0.00, real=0.03 secs] 
2024-10-09T21:24:12.065+0300: 461.270: Total time for which application threads were stopped: 0.0258358 seconds, Stopping threads took: 0.0001747 seconds
2024-10-09T21:24:12.238+0300: 461.444: Application time: 0.1740593 seconds
2024-10-09T21:24:12.238+0300: 461.444: [GC (Allocation Failure) 2024-10-09T21:24:12.238+0300: 461.444: [ParNew: 460096K->50684K(460096K), 0.0237399 secs] 807570K->414650K(4143232K), 0.0238415 secs] [Times: user=0.00 sys=0.00, real=0.02 secs] 
2024-10-09T21:24:12.254+0300: 461.468: Total time for which application threads were stopped: 0.0241399 seconds, Stopping threads took: 0.0001571 seconds
2024-10-09T21:24:12.441+0300: 461.654: Application time: 0.1859508 seconds
2024-10-09T21:24:12.441+0300: 461.654: [GC (Allocation Failure) 2024-10-09T21:24:12.441+0300: 461.654: [ParNew: 459708K->46763K(460096K), 0.0256027 secs] 823674K->428885K(4143232K), 0.0256902 secs] [Times: user=0.03 sys=0.00, real=0.03 secs] 
2024-10-09T21:24:12.473+0300: 461.680: Total time for which application threads were stopped: 0.0259576 seconds, Stopping threads took: 0.0001477 seconds
2024-10-09T21:24:12.645+0300: 461.859: Application time: 0.1788566 seconds
2024-10-09T21:24:12.645+0300: 461.859: [GC (Allocation Failure) 2024-10-09T21:24:12.645+0300: 461.859: [ParNew: 455787K->51072K(460096K), 0.0246502 secs] 837909K->444931K(4143232K), 0.0247476 secs] [Times: user=0.03 sys=0.00, real=0.03 secs] 
2024-10-09T21:24:12.677+0300: 461.884: Total time for which application threads were stopped: 0.0250265 seconds, Stopping threads took: 0.0001373 seconds
2024-10-09T21:24:12.849+0300: 462.063: Application time: 0.1795643 seconds
2024-10-09T21:24:12.849+0300: 462.064: [GC (Allocation Failure) 2024-10-09T21:24:12.849+0300: 462.066: [ParNew: 460096K->51072K(460096K), 0.0285067 secs] 853955K->474030K(4143232K), 0.0307663 secs] [Times: user=0.03 sys=0.00, real=0.03 secs] 
2024-10-09T21:24:12.881+0300: 462.094: Total time for which application threads were stopped: 0.0310430 seconds, Stopping threads took: 0.0001560 seconds
2024-10-09T21:24:13.069+0300: 462.286: Application time: 0.1914361 seconds
2024-10-09T21:24:13.069+0300: 462.286: [GC (Allocation Failure) 2024-10-09T21:24:13.069+0300: 462.286: [ParNew: 460096K->48028K(460096K), 0.0240867 secs] 883054K->488764K(4143232K), 0.0241792 secs] [Times: user=0.03 sys=0.00, real=0.03 secs] 
2024-10-09T21:24:13.100+0300: 462.310: Total time for which application threads were stopped: 0.0244600 seconds, Stopping threads took: 0.0001552 seconds
2024-10-09T21:24:13.273+0300: 462.491: Application time: 0.1805661 seconds
2024-10-09T21:24:13.273+0300: 462.491: [GC (Allocation Failure) 2024-10-09T21:24:13.273+0300: 462.491: [ParNew: 457052K->51072K(460096K), 0.0220884 secs] 897788K->498279K(4143232K), 0.0221740 secs] [Times: user=0.03 sys=0.00, real=0.03 secs] 
2024-10-09T21:24:13.304+0300: 462.513: Total time for which application threads were stopped: 0.0224381 seconds, Stopping threads took: 0.0001427 seconds
2024-10-09T21:24:13.477+0300: 462.685: Application time: 0.1712875 seconds
2024-10-09T21:24:13.477+0300: 462.685: [GC (Allocation Failure) 2024-10-09T21:24:13.477+0300: 462.685: [ParNew: 460096K->51072K(460096K), 0.0284899 secs] 907303K->526151K(4143232K), 0.0285700 secs] [Times: user=0.02 sys=0.00, real=0.03 secs] 
2024-10-09T21:24:13.508+0300: 462.713: Total time for which application threads were stopped: 0.0288268 seconds, Stopping threads took: 0.0001280 seconds
2024-10-09T21:24:13.682+0300: 462.900: Application time: 0.1863627 seconds
2024-10-09T21:24:13.682+0300: 462.900: [GC (Allocation Failure) 2024-10-09T21:24:13.682+0300: 462.900: [ParNew: 460096K->49718K(460096K), 0.0232688 secs] 935175K->537792K(4143232K), 0.0233605 secs] [Times: user=0.03 sys=0.00, real=0.03 secs] 
2024-10-09T21:24:13.713+0300: 462.923: Total time for which application threads were stopped: 0.0236653 seconds, Stopping threads took: 0.0001459 seconds
2024-10-09T21:24:13.886+0300: 463.103: Application time: 0.1800046 seconds
2024-10-09T21:24:13.886+0300: 463.104: [GC (Allocation Failure) 2024-10-09T21:24:13.886+0300: 463.104: [ParNew: 458742K->51072K(460096K), 0.0261917 secs] 946816K->554953K(4143232K), 0.0262802 secs] [Times: user=0.03 sys=0.00, real=0.03 secs] 
2024-10-09T21:24:13.917+0300: 463.130: Total time for which application threads were stopped: 0.0265485 seconds, Stopping threads took: 0.0001473 seconds
2024-10-09T21:24:14.090+0300: 463.304: Application time: 0.1739965 seconds
2024-10-09T21:24:14.090+0300: 463.304: [GC (Allocation Failure) 2024-10-09T21:24:14.090+0300: 463.304: [ParNew: 460096K->51072K(460096K), 0.0312240 secs] 963977K->585636K(4143232K), 0.0313175 secs] [Times: user=0.05 sys=0.00, real=0.03 secs] 
2024-10-09T21:24:14.121+0300: 463.336: Total time for which application threads were stopped: 0.0315887 seconds, Stopping threads took: 0.0001514 seconds
2024-10-09T21:24:14.294+0300: 463.511: Application time: 0.1750781 seconds
2024-10-09T21:24:14.294+0300: 463.511: [GC (Allocation Failure) 2024-10-09T21:24:14.294+0300: 463.511: [ParNew: 460096K->51072K(460096K), 0.0245293 secs] 994660K->605751K(4143232K), 0.0246244 secs] [Times: user=0.03 sys=0.00, real=0.03 secs] 
2024-10-09T21:24:14.325+0300: 463.536: Total time for which application threads were stopped: 0.0248931 seconds, Stopping threads took: 0.0001415 seconds
2024-10-09T21:24:14.498+0300: 463.714: Application time: 0.1780336 seconds
2024-10-09T21:24:14.498+0300: 463.714: [GC (Allocation Failure) 2024-10-09T21:24:14.498+0300: 463.714: [ParNew: 460096K->51072K(460096K), 0.0235946 secs] 1014775K->617149K(4143232K), 0.0236827 secs] [Times: user=0.03 sys=0.00, real=0.03 secs] 
2024-10-09T21:24:14.529+0300: 463.738: Total time for which application threads were stopped: 0.0239588 seconds, Stopping threads took: 0.0001548 seconds
2024-10-09T21:24:14.717+0300: 463.925: Application time: 0.1870503 seconds
2024-10-09T21:24:14.717+0300: 463.925: [GC (Allocation Failure) 2024-10-09T21:24:14.717+0300: 463.925: [ParNew: 460096K->51072K(460096K), 0.0271857 secs] 1026173K->638190K(4143232K), 0.0272729 secs] [Times: user=0.05 sys=0.00, real=0.02 secs] 
2024-10-09T21:24:14.737+0300: 463.952: Total time for which application threads were stopped: 0.0275429 seconds, Stopping threads took: 0.0001450 seconds
2024-10-09T21:24:14.921+0300: 464.125: Application time: 0.1727526 seconds
2024-10-09T21:24:14.921+0300: 464.125: [GC (Allocation Failure) 2024-10-09T21:24:14.921+0300: 464.125: [ParNew: 460096K->51072K(460096K), 0.0240831 secs] 1047214K->657686K(4143232K), 0.0241809 secs] [Times: user=0.02 sys=0.00, real=0.02 secs] 
2024-10-09T21:24:14.937+0300: 464.149: Total time for which application threads were stopped: 0.0244280 seconds, Stopping threads took: 0.0001133 seconds
2024-10-09T21:24:15.125+0300: 464.332: Application time: 0.1828010 seconds
2024-10-09T21:24:15.125+0300: 464.332: [GC (Allocation Failure) 2024-10-09T21:24:15.125+0300: 464.332: [ParNew: 460096K->51072K(460096K), 0.0215876 secs] 1066710K->664064K(4143232K), 0.0216734 secs] [Times: user=0.02 sys=0.00, real=0.02 secs] 
2024-10-09T21:24:15.141+0300: 464.354: Total time for which application threads were stopped: 0.0219344 seconds, Stopping threads took: 0.0001435 seconds
2024-10-09T21:24:15.329+0300: 464.533: Application time: 0.1793739 seconds
2024-10-09T21:24:15.329+0300: 464.534: [GC (Allocation Failure) 2024-10-09T21:24:15.329+0300: 464.534: [ParNew: 460096K->51072K(460096K), 0.0335486 secs] 1073088K->698291K(4143232K), 0.0336287 secs] [Times: user=0.03 sys=0.00, real=0.03 secs] 
2024-10-09T21:24:15.361+0300: 464.567: Total time for which application threads were stopped: 0.0339130 seconds, Stopping threads took: 0.0001635 seconds
2024-10-09T21:24:15.538+0300: 464.744: Application time: 0.1765725 seconds
2024-10-09T21:24:15.538+0300: 464.744: [GC (Allocation Failure) 2024-10-09T21:24:15.538+0300: 464.744: [ParNew: 460096K->51072K(460096K), 0.0245488 secs] 1107315K->715491K(4143232K), 0.0262640 secs] [Times: user=0.03 sys=0.00, real=0.03 secs] 
2024-10-09T21:24:15.565+0300: 464.771: Total time for which application threads were stopped: 0.0265293 seconds, Stopping threads took: 0.0001441 seconds
2024-10-09T21:24:15.753+0300: 464.958: Application time: 0.1871168 seconds
2024-10-09T21:24:15.753+0300: 464.958: [GC (Allocation Failure) 2024-10-09T21:24:15.753+0300: 464.958: [ParNew: 460096K->51072K(460096K), 0.0277389 secs] 1124515K->733510K(4143232K), 0.0278298 secs] [Times: user=0.08 sys=0.00, real=0.02 secs] 
2024-10-09T21:24:15.769+0300: 464.986: Total time for which application threads were stopped: 0.0281356 seconds, Stopping threads took: 0.0001566 seconds
2024-10-09T21:24:15.957+0300: 465.161: Application time: 0.1756486 seconds
2024-10-09T21:24:15.957+0300: 465.162: [GC (Allocation Failure) 2024-10-09T21:24:15.957+0300: 465.162: [ParNew: 460096K->51072K(460096K), 0.0293975 secs] 1142534K->760153K(4143232K), 0.0294909 secs] [Times: user=0.00 sys=0.00, real=0.02 secs] 
2024-10-09T21:24:15.973+0300: 465.191: Total time for which application threads were stopped: 0.0297236 seconds, Stopping threads took: 0.0000975 seconds
2024-10-09T21:24:16.161+0300: 465.369: Application time: 0.1777521 seconds
2024-10-09T21:24:16.161+0300: 465.369: [GC (Allocation Failure) 2024-10-09T21:24:16.161+0300: 465.369: [ParNew: 460096K->51072K(460096K), 0.0229448 secs] 1169177K->771245K(4143232K), 0.0230332 secs] [Times: user=0.02 sys=0.00, real=0.02 secs] 
2024-10-09T21:24:16.177+0300: 465.392: Total time for which application threads were stopped: 0.0233442 seconds, Stopping threads took: 0.0001787 seconds
2024-10-09T21:24:16.365+0300: 465.569: Application time: 0.1765638 seconds
2024-10-09T21:24:16.365+0300: 465.569: [GC (Allocation Failure) 2024-10-09T21:24:16.365+0300: 465.569: [ParNew: 460096K->51072K(460096K), 0.0271848 secs] 1180269K->792281K(4143232K), 0.0272705 secs] [Times: user=0.02 sys=0.00, real=0.02 secs] 
2024-10-09T21:24:16.381+0300: 465.596: Total time for which application threads were stopped: 0.0275415 seconds, Stopping threads took: 0.0001428 seconds
2024-10-09T21:24:16.569+0300: 465.773: Application time: 0.1763350 seconds
2024-10-09T21:24:16.569+0300: 465.773: [GC (Allocation Failure) 2024-10-09T21:24:16.569+0300: 465.773: [ParNew: 460096K->51072K(460096K), 0.0264743 secs] 1201305K->813237K(4143232K), 0.0265594 secs] [Times: user=0.03 sys=0.00, real=0.02 secs] 
2024-10-09T21:24:16.585+0300: 465.800: Total time for which application threads were stopped: 0.0267972 seconds, Stopping threads took: 0.0001156 seconds
2024-10-09T21:24:16.773+0300: 465.987: Application time: 0.1871067 seconds
2024-10-09T21:24:16.773+0300: 465.987: [GC (Allocation Failure) 2024-10-09T21:24:16.773+0300: 465.987: [ParNew: 460096K->51072K(460096K), 0.0237488 secs] 1222261K->825263K(4143232K), 0.0238313 secs] [Times: user=0.03 sys=0.00, real=0.03 secs] 
2024-10-09T21:24:16.804+0300: 466.011: Total time for which application threads were stopped: 0.0241052 seconds, Stopping threads took: 0.0001467 seconds
2024-10-09T21:24:16.977+0300: 466.180: Application time: 0.1696643 seconds
2024-10-09T21:24:16.977+0300: 466.181: [GC (Allocation Failure) 2024-10-09T21:24:16.977+0300: 466.181: [ParNew: 460096K->51072K(460096K), 0.0309357 secs] 1234287K->852540K(4143232K), 0.0310682 secs] [Times: user=0.03 sys=0.00, real=0.03 secs] 
2024-10-09T21:24:17.008+0300: 466.212: Total time for which application threads were stopped: 0.0313609 seconds, Stopping threads took: 0.0001231 seconds
2024-10-09T21:24:17.181+0300: 466.387: Application time: 0.1756293 seconds
2024-10-09T21:24:17.181+0300: 466.388: [GC (Allocation Failure) 2024-10-09T21:24:17.181+0300: 466.388: [ParNew: 460096K->51072K(460096K), 0.0267833 secs] 1261564K->879732K(4143232K), 0.0268673 secs] [Times: user=0.02 sys=0.00, real=0.02 secs] 
2024-10-09T21:24:17.197+0300: 466.414: Total time for which application threads were stopped: 0.0271020 seconds, Stopping threads took: 0.0001208 seconds
2024-10-09T21:24:17.385+0300: 466.603: Application time: 0.1885013 seconds
2024-10-09T21:24:17.385+0300: 466.603: [GC (Allocation Failure) 2024-10-09T21:24:17.385+0300: 466.603: [ParNew: 460096K->51072K(460096K), 0.0237326 secs] 1288756K->890655K(4143232K), 0.0238218 secs] [Times: user=0.06 sys=0.00, real=0.03 secs] 
2024-10-09T21:24:17.416+0300: 466.627: Total time for which application threads were stopped: 0.0240760 seconds, Stopping threads took: 0.0001343 seconds
2024-10-09T21:24:17.589+0300: 466.803: Application time: 0.1760868 seconds
2024-10-09T21:24:17.589+0300: 466.803: [GC (Allocation Failure) 2024-10-09T21:24:17.589+0300: 466.804: [ParNew: 460096K->51072K(460096K), 0.0266911 secs] 1299679K->904313K(4143232K), 0.0267900 secs] [Times: user=0.09 sys=0.00, real=0.03 secs] 
2024-10-09T21:24:17.620+0300: 466.830: Total time for which application threads were stopped: 0.0271603 seconds, Stopping threads took: 0.0002208 seconds
2024-10-09T21:24:17.793+0300: 467.001: Application time: 0.1709623 seconds
2024-10-09T21:24:17.793+0300: 467.002: [GC (Allocation Failure) 2024-10-09T21:24:17.793+0300: 467.002: [ParNew: 460096K->40917K(460096K), 0.0271498 secs] 1313337K->923021K(4143232K), 0.0272297 secs] [Times: user=0.03 sys=0.00, real=0.03 secs] 
2024-10-09T21:24:17.824+0300: 467.029: Total time for which application threads were stopped: 0.0275188 seconds, Stopping threads took: 0.0001683 seconds
2024-10-09T21:24:18.013+0300: 467.219: Application time: 0.1901719 seconds
2024-10-09T21:24:18.013+0300: 467.219: [GC (Allocation Failure) 2024-10-09T21:24:18.013+0300: 467.219: [ParNew: 449941K->51072K(460096K), 0.0231129 secs] 1332045K->936523K(4143232K), 0.0232006 secs] [Times: user=0.02 sys=0.00, real=0.02 secs] 
2024-10-09T21:24:18.028+0300: 467.242: Total time for which application threads were stopped: 0.0234659 seconds, Stopping threads took: 0.0001384 seconds
2024-10-09T21:24:18.200+0300: 467.419: Application time: 0.1762939 seconds
2024-10-09T21:24:18.200+0300: 467.419: [GC (Allocation Failure) 2024-10-09T21:24:18.200+0300: 467.419: [ParNew: 460096K->51072K(460096K), 0.0301738 secs] 1345547K->957553K(4143232K), 0.0302606 secs] [Times: user=0.05 sys=0.00, real=0.04 secs] 
2024-10-09T21:24:18.244+0300: 467.449: Total time for which application threads were stopped: 0.0305352 seconds, Stopping threads took: 0.0001471 seconds
2024-10-09T21:24:18.404+0300: 467.619: Application time: 0.1697762 seconds
2024-10-09T21:24:18.404+0300: 467.619: [GC (Allocation Failure) 2024-10-09T21:24:18.404+0300: 467.619: [ParNew: 460096K->50908K(460096K), 0.0316085 secs] 1366577K->992467K(4143232K), 0.0316996 secs] [Times: user=0.03 sys=0.00, real=0.04 secs] 
2024-10-09T21:24:18.445+0300: 467.651: Total time for which application threads were stopped: 0.0320243 seconds, Stopping threads took: 0.0001853 seconds
2024-10-09T21:24:18.645+0300: 467.849: Application time: 0.1978949 seconds
2024-10-09T21:24:18.645+0300: 467.849: [GC (Allocation Failure) 2024-10-09T21:24:18.645+0300: 467.849: [ParNew: 459932K->51072K(460096K), 0.0268198 secs] 1401491K->1008595K(4143232K), 0.0269067 secs] [Times: user=0.06 sys=0.00, real=0.03 secs] 
2024-10-09T21:24:18.671+0300: 467.876: Total time for which application threads were stopped: 0.0271805 seconds, Stopping threads took: 0.0001419 seconds
2024-10-09T21:24:18.846+0300: 468.054: Application time: 0.1778271 seconds
2024-10-09T21:24:18.846+0300: 468.054: [GC (Allocation Failure) 2024-10-09T21:24:18.846+0300: 468.054: [ParNew: 460096K->51072K(460096K), 0.0266485 secs] 1417619K->1021847K(4143232K), 0.0267345 secs] [Times: user=0.02 sys=0.00, real=0.03 secs] 
2024-10-09T21:24:18.875+0300: 468.081: Total time for which application threads were stopped: 0.0270005 seconds, Stopping threads took: 0.0001361 seconds
2024-10-09T21:24:19.046+0300: 468.249: Application time: 0.1681431 seconds
2024-10-09T21:24:19.046+0300: 468.249: [GC (Allocation Failure) 2024-10-09T21:24:19.046+0300: 468.249: [ParNew: 460096K->50405K(460096K), 0.0270036 secs] 1430871K->1048338K(4143232K), 0.0270924 secs] [Times: user=0.02 sys=0.00, real=0.02 secs] 
2024-10-09T21:24:19.064+0300: 468.276: Total time for which application threads were stopped: 0.0273447 seconds, Stopping threads took: 0.0001303 seconds
2024-10-09T21:24:19.252+0300: 468.464: Application time: 0.1876576 seconds
2024-10-09T21:24:19.252+0300: 468.464: [GC (Allocation Failure) 2024-10-09T21:24:19.252+0300: 468.464: [ParNew: 459429K->48079K(460096K), 0.0233275 secs] 1457362K->1059604K(4143232K), 0.0234137 secs] [Times: user=0.03 sys=0.00, real=0.03 secs] 
2024-10-09T21:24:19.284+0300: 468.488: Total time for which application threads were stopped: 0.0236963 seconds, Stopping threads took: 0.0001541 seconds
2024-10-09T21:24:19.456+0300: 468.672: Application time: 0.1838790 seconds
2024-10-09T21:24:19.456+0300: 468.672: [GC (Allocation Failure) 2024-10-09T21:24:19.456+0300: 468.672: [ParNew: 457103K->51072K(460096K), 0.0242107 secs] 1468628K->1071628K(4143232K), 0.0243145 secs] [Times: user=0.06 sys=0.00, real=0.03 secs] 
2024-10-09T21:24:19.488+0300: 468.696: Total time for which application threads were stopped: 0.0246658 seconds, Stopping threads took: 0.0002122 seconds
2024-10-09T21:24:19.660+0300: 468.870: Application time: 0.1736237 seconds
2024-10-09T21:24:19.660+0300: 468.870: [GC (Allocation Failure) 2024-10-09T21:24:19.660+0300: 468.870: [ParNew: 460096K->48071K(460096K), 0.0333127 secs] 1480652K->1104379K(4143232K), 0.0334028 secs] [Times: user=0.05 sys=0.00, real=0.04 secs] 
2024-10-09T21:24:19.700+0300: 468.904: Total time for which application threads were stopped: 0.0337125 seconds, Stopping threads took: 0.0001741 seconds
2024-10-09T21:24:19.880+0300: 469.087: Application time: 0.1835715 seconds
2024-10-09T21:24:19.880+0300: 469.088: [GC (Allocation Failure) 2024-10-09T21:24:19.880+0300: 469.088: [ParNew: 457095K->51072K(460096K), 0.0216232 secs] 1513403K->1116755K(4143232K), 0.0217059 secs] [Times: user=0.01 sys=0.00, real=0.02 secs] 
2024-10-09T21:24:19.896+0300: 469.109: Total time for which application threads were stopped: 0.0219507 seconds, Stopping threads took: 0.0001234 seconds
2024-10-09T21:24:20.084+0300: 469.292: Application time: 0.1825345 seconds
2024-10-09T21:24:20.084+0300: 469.292: [GC (Allocation Failure) 2024-10-09T21:24:20.084+0300: 469.292: [ParNew: 460096K->51072K(460096K), 0.0231324 secs] 1525779K->1126865K(4143232K), 0.0232225 secs] [Times: user=0.02 sys=0.00, real=0.02 secs] 
2024-10-09T21:24:20.100+0300: 469.315: Total time for which application threads were stopped: 0.0234839 seconds, Stopping threads took: 0.0001403 seconds
2024-10-09T21:24:20.272+0300: 469.488: Application time: 0.1727512 seconds
2024-10-09T21:24:20.272+0300: 469.488: [GC (Allocation Failure) 2024-10-09T21:24:20.272+0300: 469.488: [ParNew: 460096K->46665K(460096K), 0.0283141 secs] 1535889K->1149403K(4143232K), 0.0283964 secs] [Times: user=0.03 sys=0.00, real=0.03 secs] 
2024-10-09T21:24:20.304+0300: 469.517: Total time for which application threads were stopped: 0.0286670 seconds, Stopping threads took: 0.0001542 seconds
2024-10-09T21:24:20.492+0300: 469.700: Application time: 0.1831573 seconds
2024-10-09T21:24:20.492+0300: 469.700: [GC (Allocation Failure) 2024-10-09T21:24:20.492+0300: 469.700: [ParNew: 455689K->51072K(460096K), 0.0230479 secs] 1558427K->1164008K(4143232K), 0.0231341 secs] [Times: user=0.02 sys=0.00, real=0.02 secs] 
2024-10-09T21:24:20.508+0300: 469.723: Total time for which application threads were stopped: 0.0234004 seconds, Stopping threads took: 0.0001481 seconds
2024-10-09T21:24:20.696+0300: 469.909: Application time: 0.1853240 seconds
2024-10-09T21:24:20.696+0300: 469.909: [GC (Allocation Failure) 2024-10-09T21:24:20.696+0300: 469.909: [ParNew: 460096K->51072K(460096K), 0.0253299 secs] 1573032K->1178240K(4143232K), 0.0254336 secs] [Times: user=0.12 sys=0.00, real=0.03 secs] 
2024-10-09T21:24:20.727+0300: 469.934: Total time for which application threads were stopped: 0.0257643 seconds, Stopping threads took: 0.0001512 seconds
2024-10-09T21:24:20.900+0300: 470.103: Application time: 0.1690591 seconds
2024-10-09T21:24:20.900+0300: 470.104: [GC (Allocation Failure) 2024-10-09T21:24:20.900+0300: 470.104: [ParNew: 460096K->51072K(460096K), 0.0290074 secs] 1587264K->1205851K(4143232K), 0.0291064 secs] [Times: user=0.02 sys=0.00, real=0.02 secs] 
2024-10-09T21:24:20.916+0300: 470.133: Total time for which application threads were stopped: 0.0293645 seconds, Stopping threads took: 0.0001242 seconds
2024-10-09T21:24:21.104+0300: 470.319: Application time: 0.1864492 seconds
2024-10-09T21:24:21.104+0300: 470.319: [GC (Allocation Failure) 2024-10-09T21:24:21.104+0300: 470.320: [ParNew: 460096K->51072K(460096K), 0.0212592 secs] 1614875K->1212355K(4143232K), 0.0213461 secs] [Times: user=0.05 sys=0.00, real=0.03 secs] 
2024-10-09T21:24:21.136+0300: 470.341: Total time for which application threads were stopped: 0.0216121 seconds, Stopping threads took: 0.0001379 seconds
2024-10-09T21:24:21.308+0300: 470.524: Application time: 0.1834310 seconds
2024-10-09T21:24:21.308+0300: 470.525: [GC (Allocation Failure) 2024-10-09T21:24:21.308+0300: 470.525: [ParNew: 460096K->51072K(460096K), 0.0320929 secs] 1621379K->1238713K(4143232K), 0.0321877 secs] [Times: user=0.03 sys=0.00, real=0.04 secs] 
2024-10-09T21:24:21.351+0300: 470.557: Total time for which application threads were stopped: 0.0324974 seconds, Stopping threads took: 0.0001840 seconds
2024-10-09T21:24:21.513+0300: 470.724: Application time: 0.1670542 seconds
2024-10-09T21:24:21.513+0300: 470.724: [GC (Allocation Failure) 2024-10-09T21:24:21.513+0300: 470.724: [ParNew: 460096K->40691K(460096K), 0.0305339 secs] 1647737K->1261636K(4143232K), 0.0306234 secs] [Times: user=0.03 sys=0.00, real=0.04 secs] 
2024-10-09T21:24:21.551+0300: 470.755: Total time for which application threads were stopped: 0.0309303 seconds, Stopping threads took: 0.0001798 seconds
2024-10-09T21:24:21.732+0300: 470.947: Application time: 0.1927019 seconds
2024-10-09T21:24:21.732+0300: 470.948: [GC (Allocation Failure) 2024-10-09T21:24:21.732+0300: 470.948: [ParNew: 449715K->51072K(460096K), 0.0220184 secs] 1670660K->1276598K(4143232K), 0.0221017 secs] [Times: user=0.03 sys=0.00, real=0.03 secs] 
2024-10-09T21:24:21.764+0300: 470.970: Total time for which application threads were stopped: 0.0224385 seconds, Stopping threads took: 0.0002060 seconds
2024-10-09T21:24:21.952+0300: 471.158: Application time: 0.1881251 seconds
2024-10-09T21:24:21.952+0300: 471.158: [GC (Allocation Failure) 2024-10-09T21:24:21.952+0300: 471.158: [ParNew: 460096K->51072K(460096K), 0.0300575 secs] 1685622K->1298728K(4143232K), 0.0301386 secs] [Times: user=0.03 sys=0.00, real=0.03 secs] 
2024-10-09T21:24:21.983+0300: 471.188: Total time for which application threads were stopped: 0.0303910 seconds, Stopping threads took: 0.0001322 seconds
2024-10-09T21:24:22.140+0300: 471.351: Application time: 0.1625333 seconds
2024-10-09T21:24:22.140+0300: 471.351: [GC (Allocation Failure) 2024-10-09T21:24:22.140+0300: 471.351: [ParNew: 460096K->41919K(460096K), 0.0302877 secs] 1707752K->1323473K(4143232K), 0.0303716 secs] [Times: user=0.03 sys=0.00, real=0.03 secs] 
2024-10-09T21:24:22.172+0300: 471.382: Total time for which application threads were stopped: 0.0306504 seconds, Stopping threads took: 0.0001606 seconds
2024-10-09T21:24:22.360+0300: 471.574: Application time: 0.1920402 seconds
2024-10-09T21:24:22.360+0300: 471.574: [GC (Allocation Failure) 2024-10-09T21:24:22.360+0300: 471.574: [ParNew: 450943K->51072K(460096K), 0.0248607 secs] 1732497K->1344477K(4143232K), 0.0251131 secs] [Times: user=0.03 sys=0.00, real=0.03 secs] 
2024-10-09T21:24:22.391+0300: 471.599: Total time for which application threads were stopped: 0.0253838 seconds, Stopping threads took: 0.0001253 seconds
2024-10-09T21:24:22.564+0300: 471.782: Application time: 0.1829405 seconds
2024-10-09T21:24:22.564+0300: 471.782: [GC (Allocation Failure) 2024-10-09T21:24:22.564+0300: 471.782: [ParNew: 460096K->51072K(460096K), 0.0330352 secs] 1753501K->1372279K(4143232K), 0.0331361 secs] [Times: user=0.14 sys=0.00, real=0.05 secs] 
2024-10-09T21:24:22.611+0300: 471.815: Total time for which application threads were stopped: 0.0334372 seconds, Stopping threads took: 0.0001637 seconds
2024-10-09T21:24:22.768+0300: 471.981: Application time: 0.1651374 seconds
2024-10-09T21:24:22.768+0300: 471.981: [GC (Allocation Failure) 2024-10-09T21:24:22.768+0300: 471.981: [ParNew: 460096K->51072K(460096K), 0.0261612 secs] 1781303K->1393233K(4143232K), 0.0262453 secs] [Times: user=0.03 sys=0.00, real=0.03 secs] 
2024-10-09T21:24:22.799+0300: 472.007: Total time for which application threads were stopped: 0.0265366 seconds, Stopping threads took: 0.0001726 seconds
2024-10-09T21:24:22.988+0300: 472.193: Application time: 0.1855689 seconds
2024-10-09T21:24:22.988+0300: 472.193: [GC (Allocation Failure) 2024-10-09T21:24:22.988+0300: 472.193: [ParNew: 460096K->47919K(460096K), 0.0255747 secs] 1802257K->1408565K(4143232K), 0.0256790 secs] [Times: user=0.01 sys=0.00, real=0.02 secs] 
2024-10-09T21:24:23.003+0300: 472.219: Total time for which application threads were stopped: 0.0259417 seconds, Stopping threads took: 0.0001169 seconds
2024-10-09T21:24:23.192+0300: 472.401: Application time: 0.1820832 seconds
2024-10-09T21:24:23.192+0300: 472.401: [GC (Allocation Failure) 2024-10-09T21:24:23.192+0300: 472.401: [ParNew: 456943K->51072K(460096K), 0.0244006 secs] 1817589K->1423953K(4143232K), 0.0244853 secs] [Times: user=0.02 sys=0.00, real=0.02 secs] 
2024-10-09T21:24:23.207+0300: 472.425: Total time for which application threads were stopped: 0.0247529 seconds, Stopping threads took: 0.0001460 seconds
2024-10-09T21:24:23.380+0300: 472.590: Application time: 0.1644671 seconds
2024-10-09T21:24:23.380+0300: 472.590: [GC (Allocation Failure) 2024-10-09T21:24:23.380+0300: 472.590: [ParNew: 460096K->40573K(460096K), 0.0271940 secs] 1832977K->1438761K(4143232K), 0.0272847 secs] [Times: user=0.03 sys=0.00, real=0.03 secs] 
2024-10-09T21:24:23.411+0300: 472.618: Total time for which application threads were stopped: 0.0276155 seconds, Stopping threads took: 0.0002015 seconds
2024-10-09T21:24:23.600+0300: 472.811: Application time: 0.1933575 seconds
2024-10-09T21:24:23.600+0300: 472.811: [GC (Allocation Failure) 2024-10-09T21:24:23.600+0300: 472.811: [ParNew: 449597K->51072K(460096K), 0.0264631 secs] 1847785K->1468505K(4143232K), 0.0265627 secs] [Times: user=0.09 sys=0.02, real=0.03 secs] 
2024-10-09T21:24:23.631+0300: 472.838: Total time for which application threads were stopped: 0.0268472 seconds, Stopping threads took: 0.0001353 seconds
2024-10-09T21:24:23.803+0300: 473.019: Application time: 0.1817307 seconds
2024-10-09T21:24:23.803+0300: 473.020: [GC (Allocation Failure) 2024-10-09T21:24:23.803+0300: 473.020: [ParNew: 460096K->51072K(460096K), 0.0276571 secs] 1877529K->1486269K(4143232K), 0.0277476 secs] [Times: user=0.03 sys=0.00, real=0.03 secs] 
2024-10-09T21:24:23.834+0300: 473.048: Total time for which application threads were stopped: 0.0280185 seconds, Stopping threads took: 0.0001419 seconds
2024-10-09T21:24:24.007+0300: 473.214: Application time: 0.1662558 seconds
2024-10-09T21:24:24.007+0300: 473.214: [GC (Allocation Failure) 2024-10-09T21:24:24.007+0300: 473.214: [ParNew: 460096K->51072K(460096K), 0.0253930 secs] 1895293K->1505691K(4143232K), 0.0254786 secs] [Times: user=0.02 sys=0.00, real=0.02 secs] 
2024-10-09T21:24:24.022+0300: 473.240: Total time for which application threads were stopped: 0.0257177 seconds, Stopping threads took: 0.0001227 seconds
2024-10-09T21:24:24.211+0300: 473.422: Application time: 0.1828410 seconds
2024-10-09T21:24:24.211+0300: 473.423: [GC (Allocation Failure) 2024-10-09T21:24:24.211+0300: 473.423: [ParNew: 460096K->51072K(460096K), 0.0284086 secs] 1914715K->1528911K(4143232K), 0.0284988 secs] [Times: user=0.03 sys=0.00, real=0.03 secs] 
2024-10-09T21:24:24.242+0300: 473.451: Total time for which application threads were stopped: 0.0288627 seconds, Stopping threads took: 0.0002399 seconds
2024-10-09T21:24:24.415+0300: 473.628: Application time: 0.1768195 seconds
2024-10-09T21:24:24.415+0300: 473.628: [GC (Allocation Failure) 2024-10-09T21:24:24.415+0300: 473.628: [ParNew: 460096K->51072K(460096K), 0.0299312 secs] 1937935K->1553942K(4143232K), 0.0300184 secs] [Times: user=0.03 sys=0.00, real=0.03 secs] 
2024-10-09T21:24:24.446+0300: 473.658: Total time for which application threads were stopped: 0.0302976 seconds, Stopping threads took: 0.0001603 seconds
2024-10-09T21:24:24.619+0300: 473.832: Application time: 0.1732000 seconds
2024-10-09T21:24:24.619+0300: 473.832: [GC (Allocation Failure) 2024-10-09T21:24:24.619+0300: 473.832: [ParNew: 460096K->50248K(460096K), 0.0262784 secs] 1962966K->1577366K(4143232K), 0.0263695 secs] [Times: user=0.06 sys=0.00, real=0.03 secs] 
2024-10-09T21:24:24.650+0300: 473.858: Total time for which application threads were stopped: 0.0266839 seconds, Stopping threads took: 0.0001907 seconds
2024-10-09T21:24:24.839+0300: 474.046: Application time: 0.1872903 seconds
2024-10-09T21:24:24.839+0300: 474.046: [GC (Allocation Failure) 2024-10-09T21:24:24.839+0300: 474.046: [ParNew: 459272K->50049K(460096K), 0.0238554 secs] 1986390K->1587310K(4143232K), 0.0239459 secs] [Times: user=0.02 sys=0.00, real=0.02 secs] 
2024-10-09T21:24:24.859+0300: 474.070: Total time for which application threads were stopped: 0.0242184 seconds, Stopping threads took: 0.0001453 seconds
2024-10-09T21:24:25.043+0300: 474.248: Application time: 0.1779862 seconds
2024-10-09T21:24:25.043+0300: 474.248: [GC (Allocation Failure) 2024-10-09T21:24:25.043+0300: 474.248: [ParNew: 459073K->51072K(460096K), 0.0251044 secs] 1996334K->1603935K(4143232K), 0.0251848 secs] [Times: user=0.01 sys=0.00, real=0.02 secs] 
2024-10-09T21:24:25.059+0300: 474.273: Total time for which application threads were stopped: 0.0254386 seconds, Stopping threads took: 0.0001396 seconds
2024-10-09T21:24:25.231+0300: 474.440: Application time: 0.1672102 seconds
2024-10-09T21:24:25.231+0300: 474.441: [GC (Allocation Failure) 2024-10-09T21:24:25.231+0300: 474.441: [ParNew: 460096K->51072K(460096K), 0.0279163 secs] 2012959K->1630165K(4143232K), 0.0280055 secs] [Times: user=0.03 sys=0.00, real=0.03 secs] 
2024-10-09T21:24:25.263+0300: 474.469: Total time for which application threads were stopped: 0.0284415 seconds, Stopping threads took: 0.0002805 seconds
2024-10-09T21:24:25.435+0300: 474.653: Application time: 0.1839277 seconds
2024-10-09T21:24:25.435+0300: 474.653: [GC (Allocation Failure) 2024-10-09T21:24:25.435+0300: 474.653: [ParNew: 460096K->51072K(460096K), 0.0238885 secs] 2039189K->1640796K(4143232K), 0.0239739 secs] [Times: user=0.03 sys=0.00, real=0.03 secs] 
2024-10-09T21:24:25.467+0300: 474.677: Total time for which application threads were stopped: 0.0241927 seconds, Stopping threads took: 0.0000963 seconds
2024-10-09T21:24:25.655+0300: 474.863: Application time: 0.1863159 seconds
2024-10-09T21:24:25.655+0300: 474.863: [GC (Allocation Failure) 2024-10-09T21:24:25.660+0300: 474.864: [ParNew: 460096K->51072K(460096K), 0.0318374 secs] 2049820K->1667506K(4143232K), 0.0319627 secs] [Times: user=0.03 sys=0.00, real=0.03 secs] 
2024-10-09T21:24:25.687+0300: 474.895: Total time for which application threads were stopped: 0.0322274 seconds, Stopping threads took: 0.0001110 seconds
2024-10-09T21:24:25.859+0300: 475.064: Application time: 0.1683566 seconds
2024-10-09T21:24:25.861+0300: 475.064: [GC (Allocation Failure) 2024-10-09T21:24:25.861+0300: 475.064: [ParNew: 460096K->45704K(460096K), 0.0303845 secs] 2076530K->1693159K(4143232K), 0.0304658 secs] [Times: user=0.03 sys=0.00, real=0.03 secs] 
2024-10-09T21:24:25.891+0300: 475.095: Total time for which application threads were stopped: 0.0307481 seconds, Stopping threads took: 0.0001520 seconds
2024-10-09T21:24:26.063+0300: 475.276: Application time: 0.1812211 seconds
2024-10-09T21:24:26.063+0300: 475.276: [GC (Allocation Failure) 2024-10-09T21:24:26.063+0300: 475.276: [ParNew: 454728K->51072K(460096K), 0.0241363 secs] 2102183K->1712072K(4143232K), 0.0242264 secs] [Times: user=0.01 sys=0.00, real=0.03 secs] 
2024-10-09T21:24:26.095+0300: 475.300: Total time for which application threads were stopped: 0.0244933 seconds, Stopping threads took: 0.0001409 seconds
2024-10-09T21:24:26.268+0300: 475.486: Application time: 0.1858083 seconds
2024-10-09T21:24:26.268+0300: 475.486: [GC (Allocation Failure) 2024-10-09T21:24:26.283+0300: 475.487: [ParNew: 460096K->49635K(460096K), 0.0322084 secs] 2121096K->1731317K(4143232K), 0.0323619 secs] [Times: user=0.16 sys=0.02, real=0.05 secs] 
2024-10-09T21:24:26.315+0300: 475.519: Total time for which application threads were stopped: 0.0326993 seconds, Stopping threads took: 0.0001574 seconds
2024-10-09T21:24:26.472+0300: 475.688: Application time: 0.1688833 seconds
2024-10-09T21:24:26.472+0300: 475.688: [GC (Allocation Failure) 2024-10-09T21:24:26.472+0300: 475.688: [ParNew: 458659K->51072K(460096K), 0.0258023 secs] 2140341K->1752584K(4143232K), 0.0259057 secs] [Times: user=0.09 sys=0.00, real=0.03 secs] 
2024-10-09T21:24:26.503+0300: 475.714: Total time for which application threads were stopped: 0.0262952 seconds, Stopping threads took: 0.0002245 seconds
2024-10-09T21:24:26.707+0300: 475.917: Application time: 0.2033023 seconds
2024-10-09T21:24:26.707+0300: 475.918: [GC (Allocation Failure) 2024-10-09T21:24:26.707+0300: 475.918: [ParNew: 460096K->51072K(460096K), 0.0267564 secs] 2161608K->1773439K(4143232K), 0.0268452 secs] [Times: user=0.16 sys=0.00, real=0.03 secs] 
2024-10-09T21:24:26.738+0300: 475.944: Total time for which application threads were stopped: 0.0271340 seconds, Stopping threads took: 0.0001499 seconds
2024-10-09T21:24:26.927+0300: 476.134: Application time: 0.1897533 seconds
2024-10-09T21:24:26.927+0300: 476.134: [GC (Allocation Failure) 2024-10-09T21:24:26.927+0300: 476.134: [ParNew: 460096K->50522K(460096K), 0.0295308 secs] 2182463K->1795110K(4143232K), 0.0296281 secs] [Times: user=0.16 sys=0.00, real=0.03 secs] 
2024-10-09T21:24:26.958+0300: 476.164: Total time for which application threads were stopped: 0.0298972 seconds, Stopping threads took: 0.0001333 seconds
2024-10-09T21:24:27.115+0300: 476.333: Application time: 0.1688607 seconds
2024-10-09T21:24:27.115+0300: 476.333: [GC (Allocation Failure) 2024-10-09T21:24:27.115+0300: 476.333: [ParNew: 459546K->51072K(460096K), 0.0234013 secs] 2204134K->1806499K(4143232K), 0.0234899 secs] [Times: user=0.19 sys=0.00, real=0.03 secs] 
2024-10-09T21:24:27.146+0300: 476.357: Total time for which application threads were stopped: 0.0237814 seconds, Stopping threads took: 0.0001662 seconds
2024-10-09T21:24:27.319+0300: 476.532: Application time: 0.1749128 seconds
2024-10-09T21:24:27.319+0300: 476.532: [GC (Allocation Failure) 2024-10-09T21:24:27.319+0300: 476.532: [ParNew: 460096K->39784K(460096K), 0.0326565 secs] 2215523K->1833195K(4143232K), 0.0327387 secs] [Times: user=0.06 sys=0.00, real=0.03 secs] 
2024-10-09T21:24:27.350+0300: 476.565: Total time for which application threads were stopped: 0.0330266 seconds, Stopping threads took: 0.0001558 seconds
2024-10-09T21:24:27.554+0300: 476.760: Application time: 0.1951414 seconds
2024-10-09T21:24:27.554+0300: 476.760: [GC (Allocation Failure) 2024-10-09T21:24:27.554+0300: 476.760: [ParNew: 448808K->51072K(460096K), 0.0239474 secs] 2242219K->1847167K(4143232K), 0.0240299 secs] [Times: user=0.12 sys=0.00, real=0.02 secs] 
2024-10-09T21:24:27.570+0300: 476.784: Total time for which application threads were stopped: 0.0242802 seconds, Stopping threads took: 0.0001258 seconds
2024-10-09T21:24:27.758+0300: 476.967: Application time: 0.1827986 seconds
2024-10-09T21:24:27.758+0300: 476.967: [GC (Allocation Failure) 2024-10-09T21:24:27.758+0300: 476.967: [ParNew: 460096K->51072K(460096K), 0.0265541 secs] 2256191K->1859672K(4143232K), 0.0266352 secs] [Times: user=0.12 sys=0.00, real=0.03 secs] 
2024-10-09T21:24:27.790+0300: 476.994: Total time for which application threads were stopped: 0.0269885 seconds, Stopping threads took: 0.0002112 seconds
2024-10-09T21:24:27.947+0300: 477.163: Application time: 0.1686471 seconds
2024-10-09T21:24:27.947+0300: 477.163: [GC (Allocation Failure) 2024-10-09T21:24:27.947+0300: 477.163: [ParNew: 460096K->45489K(460096K), 0.0258314 secs] 2268696K->1878989K(4143232K), 0.0259151 secs] [Times: user=0.16 sys=0.00, real=0.03 secs] 
2024-10-09T21:24:27.979+0300: 477.189: Total time for which application threads were stopped: 0.0261729 seconds, Stopping threads took: 0.0001285 seconds
2024-10-09T21:24:28.167+0300: 477.380: Application time: 0.1913978 seconds
2024-10-09T21:24:28.167+0300: 477.380: [GC (Allocation Failure) 2024-10-09T21:24:28.167+0300: 477.380: [ParNew: 454513K->42041K(460096K), 0.0253065 secs] 2288013K->1893554K(4143232K), 0.0254027 secs] [Times: user=0.11 sys=0.00, real=0.03 secs] 
2024-10-09T21:24:28.198+0300: 477.406: Total time for which application threads were stopped: 0.0257047 seconds, Stopping threads took: 0.0001669 seconds
2024-10-09T21:24:28.371+0300: 477.587: Application time: 0.1814580 seconds
2024-10-09T21:24:28.371+0300: 477.588: [GC (Allocation Failure) 2024-10-09T21:24:28.371+0300: 477.588: [ParNew: 451065K->51072K(460096K), 0.0268194 secs] 2302578K->1915604K(4143232K), 0.0269727 secs] [Times: user=0.16 sys=0.00, real=0.03 secs] 
2024-10-09T21:24:28.402+0300: 477.615: Total time for which application threads were stopped: 0.0272477 seconds, Stopping threads took: 0.0001486 seconds
2024-10-09T21:24:28.575+0300: 477.784: Application time: 0.1695100 seconds
2024-10-09T21:24:28.575+0300: 477.784: [GC (Allocation Failure) 2024-10-09T21:24:28.575+0300: 477.784: [ParNew: 460096K->49388K(460096K), 0.0305403 secs] 2324628K->1943518K(4143232K), 0.0306200 secs] [Times: user=0.16 sys=0.00, real=0.03 secs] 
2024-10-09T21:24:28.606+0300: 477.815: Total time for which application threads were stopped: 0.0308763 seconds, Stopping threads took: 0.0001329 seconds
2024-10-09T21:24:28.795+0300: 478.006: Application time: 0.1907208 seconds
2024-10-09T21:24:28.795+0300: 478.006: [GC (Allocation Failure) 2024-10-09T21:24:28.795+0300: 478.006: [ParNew: 458412K->51068K(460096K), 0.0273138 secs] 2352542K->1969011K(4143232K), 0.0273997 secs] [Times: user=0.14 sys=0.00, real=0.03 secs] 
2024-10-09T21:24:28.826+0300: 478.033: Total time for which application threads were stopped: 0.0277008 seconds, Stopping threads took: 0.0001676 seconds
2024-10-09T21:24:29.014+0300: 478.218: Application time: 0.1847676 seconds
2024-10-09T21:24:29.014+0300: 478.218: [GC (Allocation Failure) 2024-10-09T21:24:29.014+0300: 478.218: [ParNew: 460092K->51072K(460096K), 0.0232899 secs] 2378035K->1975422K(4143232K), 0.0233867 secs] [Times: user=0.17 sys=0.00, real=0.02 secs] 
2024-10-09T21:24:29.030+0300: 478.242: Total time for which application threads were stopped: 0.0236664 seconds, Stopping threads took: 0.0001299 seconds
2024-10-09T21:24:29.203+0300: 478.413: Application time: 0.1709431 seconds
2024-10-09T21:24:29.203+0300: 478.413: [GC (Allocation Failure) 2024-10-09T21:24:29.203+0300: 478.413: [ParNew: 460096K->51072K(460096K), 0.0305815 secs] 2384446K->2004248K(4143232K), 0.0306720 secs] [Times: user=0.16 sys=0.00, real=0.03 secs] 
2024-10-09T21:24:29.234+0300: 478.444: Total time for which application threads were stopped: 0.0309472 seconds, Stopping threads took: 0.0001411 seconds
2024-10-09T21:24:29.423+0300: 478.626: Application time: 0.1824984 seconds
2024-10-09T21:24:29.423+0300: 478.626: [GC (Allocation Failure) 2024-10-09T21:24:29.423+0300: 478.626: [ParNew: 460096K->46622K(460096K), 0.0249362 secs] 2413272K->2020147K(4143232K), 0.0250214 secs] [Times: user=0.12 sys=0.00, real=0.01 secs] 
2024-10-09T21:24:29.438+0300: 478.651: Total time for which application threads were stopped: 0.0252464 seconds, Stopping threads took: 0.0000936 seconds
2024-10-09T21:24:29.642+0300: 478.849: Application time: 0.1972321 seconds
2024-10-09T21:24:29.642+0300: 478.849: [GC (Allocation Failure) 2024-10-09T21:24:29.642+0300: 478.849: [ParNew: 455646K->51072K(460096K), 0.0236321 secs] 2429171K->2032227K(4143232K), 0.0237228 secs] [Times: user=0.05 sys=0.00, real=0.03 secs] 
2024-10-09T21:24:29.669+0300: 478.873: Total time for which application threads were stopped: 0.0240193 seconds, Stopping threads took: 0.0001391 seconds
2024-10-09T21:24:29.830+0300: 479.041: Application time: 0.1687296 seconds
2024-10-09T21:24:29.830+0300: 479.042: [GC (Allocation Failure) 2024-10-09T21:24:29.830+0300: 479.042: [ParNew: 460096K->51072K(460096K), 0.0326023 secs] 2441251K->2062247K(4143232K), 0.0326863 secs] [Times: user=0.05 sys=0.00, real=0.04 secs] 
2024-10-09T21:24:29.869+0300: 479.074: Total time for which application threads were stopped: 0.0329832 seconds, Stopping threads took: 0.0001666 seconds
2024-10-09T21:24:30.034+0300: 479.252: Application time: 0.1778308 seconds
2024-10-09T21:24:30.034+0300: 479.252: [GC (Allocation Failure) 2024-10-09T21:24:30.034+0300: 479.253: [ParNew: 460096K->51072K(460096K), 0.0248677 secs] 2471271K->2082811K(4143232K), 0.0249574 secs] [Times: user=0.03 sys=0.00, real=0.04 secs] 
2024-10-09T21:24:30.070+0300: 479.278: Total time for which application threads were stopped: 0.0252423 seconds, Stopping threads took: 0.0001574 seconds
2024-10-09T21:24:30.254+0300: 479.467: Application time: 0.1890120 seconds
2024-10-09T21:24:30.254+0300: 479.467: [GC (Allocation Failure) 2024-10-09T21:24:30.254+0300: 479.467: [ParNew: 460096K->51072K(460096K), 0.0246283 secs] 2491835K->2095457K(4143232K), 0.0247178 secs] [Times: user=0.03 sys=0.00, real=0.03 secs] 
2024-10-09T21:24:30.285+0300: 479.492: Total time for which application threads were stopped: 0.0249825 seconds, Stopping threads took: 0.0001306 seconds
2024-10-09T21:24:30.442+0300: 479.659: Application time: 0.1678287 seconds
2024-10-09T21:24:30.442+0300: 479.660: [GC (Allocation Failure) 2024-10-09T21:24:30.442+0300: 479.660: [ParNew: 460096K->51072K(460096K), 0.0310469 secs] 2504481K->2123062K(4143232K), 0.0311400 secs] [Times: user=0.06 sys=0.00, real=0.03 secs] 
2024-10-09T21:24:30.474+0300: 479.691: Total time for which application threads were stopped: 0.0314540 seconds, Stopping threads took: 0.0001823 seconds
2024-10-09T21:24:30.671+0300: 479.878: Application time: 0.1875257 seconds
2024-10-09T21:24:30.671+0300: 479.879: [GC (Allocation Failure) 2024-10-09T21:24:30.671+0300: 479.879: [ParNew: 460096K->50100K(460096K), 0.0265180 secs] 2532086K->2142672K(4143232K), 0.0266179 secs] [Times: user=0.08 sys=0.00, real=0.02 secs] 
2024-10-09T21:24:30.693+0300: 479.905: Total time for which application threads were stopped: 0.0269198 seconds, Stopping threads took: 0.0001563 seconds
2024-10-09T21:24:30.881+0300: 480.088: Application time: 0.1829895 seconds
2024-10-09T21:24:30.881+0300: 480.088: [GC (Allocation Failure) 2024-10-09T21:24:30.881+0300: 480.088: [ParNew: 459124K->51072K(460096K), 0.0255886 secs] 2551696K->2161452K(4143232K), 0.0256896 secs] [Times: user=0.02 sys=0.00, real=0.02 secs] 
2024-10-09T21:24:30.897+0300: 480.114: Total time for which application threads were stopped: 0.0259228 seconds, Stopping threads took: 0.0001066 seconds
2024-10-09T21:24:31.086+0300: 480.290: Application time: 0.1756734 seconds
2024-10-09T21:24:31.086+0300: 480.290: [GC (Allocation Failure) 2024-10-09T21:24:31.086+0300: 480.290: [ParNew: 460096K->51072K(460096K), 0.0249978 secs] 2570476K->2176347K(4143232K), 0.0250859 secs] [Times: user=0.02 sys=0.00, real=0.02 secs] 
2024-10-09T21:24:31.101+0300: 480.315: Total time for which application threads were stopped: 0.0253334 seconds, Stopping threads took: 0.0001279 seconds
2024-10-09T21:24:31.290+0300: 480.495: Application time: 0.1793426 seconds
2024-10-09T21:24:31.290+0300: 480.495: [GC (Allocation Failure) 2024-10-09T21:24:31.290+0300: 480.495: [ParNew: 460096K->51072K(460096K), 0.0272927 secs] 2585371K->2196749K(4143232K), 0.0273758 secs] [Times: user=0.02 sys=0.00, real=0.02 secs] 
2024-10-09T21:24:31.305+0300: 480.522: Total time for which application threads were stopped: 0.0276411 seconds, Stopping threads took: 0.0001453 seconds
2024-10-09T21:24:31.494+0300: 480.697: Application time: 0.1745602 seconds
2024-10-09T21:24:31.494+0300: 480.697: [GC (Allocation Failure) 2024-10-09T21:24:31.494+0300: 480.697: [ParNew: 460096K->51072K(460096K), 0.0250553 secs] 2605773K->2211565K(4143232K), 0.0251559 secs] [Times: user=0.03 sys=0.00, real=0.02 secs] 
2024-10-09T21:24:31.509+0300: 480.722: Total time for which application threads were stopped: 0.0254793 seconds, Stopping threads took: 0.0001590 seconds
2024-10-09T21:24:31.698+0300: 480.904: Application time: 0.1822985 seconds
2024-10-09T21:24:31.698+0300: 480.905: [GC (Allocation Failure) 2024-10-09T21:24:31.698+0300: 480.905: [ParNew: 460096K->50780K(460096K), 0.0278628 secs] 2620589K->2235443K(4143232K), 0.0279545 secs] [Times: user=0.03 sys=0.00, real=0.03 secs] 
2024-10-09T21:24:31.729+0300: 480.933: Total time for which application threads were stopped: 0.0282596 seconds, Stopping threads took: 0.0001524 seconds
2024-10-09T21:24:31.917+0300: 481.121: Application time: 0.1885777 seconds
2024-10-09T21:24:31.917+0300: 481.122: [GC (Allocation Failure) 2024-10-09T21:24:31.917+0300: 481.122: [ParNew: 459804K->51072K(460096K), 0.0243051 secs] 2644467K->2248459K(4143232K), 0.0243982 secs] [Times: user=0.02 sys=0.00, real=0.02 secs] 
2024-10-09T21:24:31.933+0300: 481.146: Total time for which application threads were stopped: 0.0246625 seconds, Stopping threads took: 0.0001350 seconds
2024-10-09T21:24:32.106+0300: 481.316: Application time: 0.1699878 seconds
2024-10-09T21:24:32.106+0300: 481.316: [GC (Allocation Failure) 2024-10-09T21:24:32.106+0300: 481.316: [ParNew: 460096K->51072K(460096K), 0.0266098 secs] 2657483K->2267773K(4143232K), 0.0266945 secs] [Times: user=0.03 sys=0.00, real=0.03 secs] 
2024-10-09T21:24:32.137+0300: 481.343: Total time for which application threads were stopped: 0.0269879 seconds, Stopping threads took: 0.0001764 seconds
2024-10-09T21:24:32.310+0300: 481.516: Application time: 0.1732020 seconds
2024-10-09T21:24:32.310+0300: 481.516: [GC (Allocation Failure) 2024-10-09T21:24:32.310+0300: 481.516: [ParNew: 460096K->38744K(460096K), 0.0271739 secs] 2676797K->2282920K(4143232K), 0.0272619 secs] [Times: user=0.01 sys=0.00, real=0.02 secs] 
2024-10-09T21:24:32.326+0300: 481.544: Total time for which application threads were stopped: 0.0275071 seconds, Stopping threads took: 0.0001205 seconds
2024-10-09T21:24:32.530+0300: 481.740: Application time: 0.1962423 seconds
2024-10-09T21:24:32.530+0300: 481.740: [GC (Allocation Failure) 2024-10-09T21:24:32.530+0300: 481.740: [ParNew: 447768K->51072K(460096K), 0.0239215 secs] 2691944K->2304138K(4143232K), 0.0240113 secs] [Times: user=0.03 sys=0.00, real=0.03 secs] 
2024-10-09T21:24:32.561+0300: 481.764: Total time for which application threads were stopped: 0.0242809 seconds, Stopping threads took: 0.0001494 seconds
2024-10-09T21:24:32.734+0300: 481.940: Application time: 0.1756395 seconds
2024-10-09T21:24:32.734+0300: 481.940: [GC (Allocation Failure) 2024-10-09T21:24:32.734+0300: 481.940: [ParNew: 460096K->51072K(460096K), 0.0274932 secs] 2713162K->2323431K(4143232K), 0.0275743 secs] [Times: user=0.02 sys=0.00, real=0.02 secs] 
2024-10-09T21:24:32.749+0300: 481.968: Total time for which application threads were stopped: 0.0278464 seconds, Stopping threads took: 0.0001368 seconds
2024-10-09T21:24:32.922+0300: 482.141: Application time: 0.1728212 seconds
2024-10-09T21:24:32.938+0300: 482.141: [GC (Allocation Failure) 2024-10-09T21:24:32.938+0300: 482.141: [ParNew: 460096K->47571K(460096K), 0.0276434 secs] 2732455K->2347663K(4143232K), 0.0277387 secs] [Times: user=0.02 sys=0.00, real=0.02 secs] 
2024-10-09T21:24:32.953+0300: 482.169: Total time for which application threads were stopped: 0.0280057 seconds, Stopping threads took: 0.0001370 seconds
2024-10-09T21:24:33.157+0300: 482.360: Application time: 0.1916483 seconds
2024-10-09T21:24:33.157+0300: 482.361: [GC (Allocation Failure) 2024-10-09T21:24:33.157+0300: 482.361: [ParNew: 456595K->51072K(460096K), 0.0255109 secs] 2756687K->2365026K(4143232K), 0.0256139 secs] [Times: user=0.03 sys=0.00, real=0.02 secs] 
2024-10-09T21:24:33.177+0300: 482.386: Total time for which application threads were stopped: 0.0258944 seconds, Stopping threads took: 0.0001359 seconds
2024-10-09T21:24:33.346+0300: 482.558: Application time: 0.1714016 seconds
2024-10-09T21:24:33.346+0300: 482.558: [GC (Allocation Failure) 2024-10-09T21:24:33.346+0300: 482.558: [ParNew: 460096K->51072K(460096K), 0.0271327 secs] 2774050K->2380239K(4143232K), 0.0272194 secs] [Times: user=0.05 sys=0.00, real=0.03 secs] 
2024-10-09T21:24:33.377+0300: 482.585: Total time for which application threads were stopped: 0.0274885 seconds, Stopping threads took: 0.0001491 seconds
2024-10-09T21:24:33.534+0300: 482.751: Application time: 0.1655545 seconds
2024-10-09T21:24:33.534+0300: 482.751: [GC (Allocation Failure) 2024-10-09T21:24:33.534+0300: 482.751: [ParNew: 460096K->42941K(460096K), 0.0282422 secs] 2789263K->2402168K(4143232K), 0.0283292 secs] [Times: user=0.03 sys=0.00, real=0.03 secs] 
2024-10-09T21:24:33.565+0300: 482.779: Total time for which application threads were stopped: 0.0286307 seconds, Stopping threads took: 0.0001663 seconds
2024-10-09T21:24:33.753+0300: 482.972: Application time: 0.1923787 seconds
2024-10-09T21:24:33.769+0300: 482.972: [GC (Allocation Failure) 2024-10-09T21:24:33.769+0300: 482.972: [ParNew: 451965K->51072K(460096K), 0.0216923 secs] 2811192K->2413354K(4143232K), 0.0217813 secs] [Times: user=0.02 sys=0.00, real=0.02 secs] 
2024-10-09T21:24:33.785+0300: 482.994: Total time for which application threads were stopped: 0.0221888 seconds, Stopping threads took: 0.0001983 seconds
2024-10-09T21:24:33.957+0300: 483.168: Application time: 0.1744604 seconds
2024-10-09T21:24:33.957+0300: 483.169: [GC (Allocation Failure) 2024-10-09T21:24:33.957+0300: 483.169: [ParNew: 460096K->51072K(460096K), 0.0279007 secs] 2822378K->2427873K(4143232K), 0.0279975 secs] [Times: user=0.03 sys=0.00, real=0.03 secs] 
2024-10-09T21:24:33.989+0300: 483.197: Total time for which application threads were stopped: 0.0283109 seconds, Stopping threads took: 0.0001798 seconds
2024-10-09T21:24:34.146+0300: 483.363: Application time: 0.1663655 seconds
2024-10-09T21:24:34.146+0300: 483.363: [GC (Allocation Failure) 2024-10-09T21:24:34.146+0300: 483.363: [ParNew: 460096K->44999K(460096K), 0.0317321 secs] 2836897K->2456379K(4143232K), 0.0318209 secs] [Times: user=0.03 sys=0.00, real=0.03 secs] 
2024-10-09T21:24:34.179+0300: 483.395: Total time for which application threads were stopped: 0.0320795 seconds, Stopping threads took: 0.0001376 seconds
2024-10-09T21:24:34.365+0300: 483.580: Application time: 0.1845116 seconds
2024-10-09T21:24:34.365+0300: 483.580: [GC (Allocation Failure) 2024-10-09T21:24:34.365+0300: 483.580: [ParNew: 454023K->46256K(460096K), 0.0226390 secs] 2865403K->2470028K(4143232K), 0.0227279 secs] [Times: user=0.02 sys=0.00, real=0.03 secs] 
2024-10-09T21:24:34.397+0300: 483.603: Total time for which application threads were stopped: 0.0229960 seconds, Stopping threads took: 0.0001476 seconds
2024-10-09T21:24:34.569+0300: 483.780: Application time: 0.1777850 seconds
2024-10-09T21:24:34.569+0300: 483.781: [GC (Allocation Failure) 2024-10-09T21:24:34.569+0300: 483.781: [ParNew: 455280K->51072K(460096K), 0.0255681 secs] 2879052K->2484693K(4143232K), 0.0256550 secs] [Times: user=0.01 sys=0.00, real=0.03 secs] 
2024-10-09T21:24:34.601+0300: 483.806: Total time for which application threads were stopped: 0.0259283 seconds, Stopping threads took: 0.0001504 seconds
2024-10-09T21:24:34.758+0300: 483.975: Application time: 0.1692144 seconds
2024-10-09T21:24:34.758+0300: 483.976: [GC (Allocation Failure) 2024-10-09T21:24:34.758+0300: 483.976: [ParNew: 460096K->51072K(460096K), 0.0277580 secs] 2893717K->2509654K(4143232K), 0.0278455 secs] [Times: user=0.05 sys=0.00, real=0.03 secs] 
2024-10-09T21:24:34.789+0300: 484.004: Total time for which application threads were stopped: 0.0281154 seconds, Stopping threads took: 0.0001437 seconds
2024-10-09T21:24:34.980+0300: 484.191: Application time: 0.1873205 seconds
2024-10-09T21:24:34.980+0300: 484.191: [GC (Allocation Failure) 2024-10-09T21:24:34.980+0300: 484.191: [ParNew: 460096K->51072K(460096K), 0.0253633 secs] 2918678K->2527340K(4143232K), 0.0254485 secs] [Times: user=0.03 sys=0.00, real=0.03 secs] 
2024-10-09T21:24:35.009+0300: 484.217: Total time for which application threads were stopped: 0.0257160 seconds, Stopping threads took: 0.0001403 seconds
2024-10-09T21:24:35.182+0300: 484.393: Application time: 0.1764500 seconds
2024-10-09T21:24:35.182+0300: 484.393: [GC (Allocation Failure) 2024-10-09T21:24:35.182+0300: 484.393: [ParNew: 460096K->51072K(460096K), 0.0249434 secs] 2936364K->2539791K(4143232K), 0.0250329 secs] [Times: user=0.02 sys=0.00, real=0.03 secs] 
2024-10-09T21:24:35.213+0300: 484.418: Total time for which application threads were stopped: 0.0252809 seconds, Stopping threads took: 0.0001270 seconds
2024-10-09T21:24:35.370+0300: 484.579: Application time: 0.1610113 seconds
2024-10-09T21:24:35.370+0300: 484.580: [GC (Allocation Failure) 2024-10-09T21:24:35.370+0300: 484.580: [ParNew: 460096K->40313K(460096K), 0.0271433 secs] 2948815K->2553305K(4143232K), 0.0272385 secs] [Times: user=0.02 sys=0.00, real=0.03 secs] 
2024-10-09T21:24:35.402+0300: 484.607: Total time for which application threads were stopped: 0.0276007 seconds, Stopping threads took: 0.0002344 seconds
2024-10-09T21:24:35.590+0300: 484.803: Application time: 0.1959711 seconds
2024-10-09T21:24:35.590+0300: 484.803: [GC (Allocation Failure) 2024-10-09T21:24:35.590+0300: 484.803: [ParNew: 449337K->43944K(460096K), 0.0276564 secs] 2962329K->2572680K(4143232K), 0.0277469 secs] [Times: user=0.11 sys=0.00, real=0.03 secs] 
2024-10-09T21:24:35.622+0300: 484.831: Total time for which application threads were stopped: 0.0280488 seconds, Stopping threads took: 0.0001668 seconds
2024-10-09T21:24:35.794+0300: 485.012: Application time: 0.1809015 seconds
2024-10-09T21:24:35.794+0300: 485.012: [GC (Allocation Failure) 2024-10-09T21:24:35.794+0300: 485.012: [ParNew: 452968K->51072K(460096K), 0.0242196 secs] 2981704K->2588868K(4143232K), 0.0243049 secs] [Times: user=0.03 sys=0.00, real=0.03 secs] 
2024-10-09T21:24:35.826+0300: 485.036: Total time for which application threads were stopped: 0.0245689 seconds, Stopping threads took: 0.0001428 seconds
2024-10-09T21:24:35.983+0300: 485.198: Application time: 0.1615302 seconds
2024-10-09T21:24:35.983+0300: 485.198: [GC (Allocation Failure) 2024-10-09T21:24:35.983+0300: 485.198: [ParNew: 460096K->42845K(460096K), 0.0269805 secs] 2997892K->2607010K(4143232K), 0.0270668 secs] [Times: user=0.03 sys=0.00, real=0.03 secs] 
2024-10-09T21:24:36.014+0300: 485.225: Total time for which application threads were stopped: 0.0273344 seconds, Stopping threads took: 0.0001451 seconds
2024-10-09T21:24:36.202+0300: 485.420: Application time: 0.1943409 seconds
2024-10-09T21:24:36.202+0300: 485.420: [GC (Allocation Failure) 2024-10-09T21:24:36.202+0300: 485.420: [ParNew: 451869K->51072K(460096K), 0.0213591 secs] 3016034K->2618156K(4143232K), 0.0214535 secs] [Times: user=0.03 sys=0.00, real=0.03 secs] 
2024-10-09T21:24:36.233+0300: 485.441: Total time for which application threads were stopped: 0.0217360 seconds, Stopping threads took: 0.0001467 seconds
2024-10-09T21:24:36.422+0300: 485.627: Application time: 0.1856270 seconds
2024-10-09T21:24:36.422+0300: 485.627: [GC (Allocation Failure) 2024-10-09T21:24:36.422+0300: 485.627: [ParNew: 460096K->51072K(460096K), 0.0320289 secs] 3027180K->2640763K(4143232K), 0.0321117 secs] [Times: user=0.03 sys=0.00, real=0.03 secs] 
2024-10-09T21:24:36.453+0300: 485.659: Total time for which application threads were stopped: 0.0323880 seconds, Stopping threads took: 0.0001598 seconds
2024-10-09T21:24:36.610+0300: 485.819: Application time: 0.1591303 seconds
2024-10-09T21:24:36.610+0300: 485.819: [GC (Allocation Failure) 2024-10-09T21:24:36.610+0300: 485.819: [ParNew: 460096K->45260K(460096K), 0.0358822 secs] 3049787K->2670060K(4143232K), 0.0359755 secs] [Times: user=0.03 sys=0.00, real=0.03 secs] 
2024-10-09T21:24:36.641+0300: 485.855: Total time for which application threads were stopped: 0.0362229 seconds, Stopping threads took: 0.0001160 seconds
2024-10-09T21:24:36.846+0300: 486.050: Application time: 0.1946958 seconds
2024-10-09T21:24:36.846+0300: 486.050: [GC (Allocation Failure) 2024-10-09T21:24:36.846+0300: 486.050: [ParNew: 454284K->42900K(460096K), 0.0263525 secs] 3079084K->2688268K(4143232K), 0.0264377 secs] [Times: user=0.01 sys=0.00, real=0.02 secs] 
2024-10-09T21:24:36.862+0300: 486.076: Total time for which application threads were stopped: 0.0267035 seconds, Stopping threads took: 0.0001385 seconds
2024-10-09T21:24:37.050+0300: 486.266: Application time: 0.1900793 seconds
2024-10-09T21:24:37.050+0300: 486.267: [GC (Allocation Failure) 2024-10-09T21:24:37.050+0300: 486.267: [ParNew: 451924K->51072K(460096K), 0.0247288 secs] 3097292K->2705167K(4143232K), 0.0248261 secs] [Times: user=0.03 sys=0.00, real=0.04 secs] 
2024-10-09T21:24:37.085+0300: 486.291: Total time for which application threads were stopped: 0.0251037 seconds, Stopping threads took: 0.0001509 seconds
2024-10-09T21:24:37.238+0300: 486.449: Application time: 0.1576868 seconds
2024-10-09T21:24:37.238+0300: 486.449: [GC (Allocation Failure) 2024-10-09T21:24:37.238+0300: 486.449: [ParNew: 460096K->50431K(460096K), 0.0275617 secs] 3114191K->2727771K(4143232K), 0.0276481 secs] [Times: user=0.03 sys=0.00, real=0.03 secs] 
2024-10-09T21:24:37.270+0300: 486.477: Total time for which application threads were stopped: 0.0279558 seconds, Stopping threads took: 0.0001921 seconds
2024-10-09T21:24:37.458+0300: 486.664: Application time: 0.1870859 seconds
2024-10-09T21:24:37.458+0300: 486.664: [GC (Allocation Failure) 2024-10-09T21:24:37.458+0300: 486.664: [ParNew: 459455K->47708K(460096K), 0.0254920 secs] 3136795K->2746613K(4143232K), 0.0255791 secs] [Times: user=0.03 sys=0.00, real=0.03 secs] 
2024-10-09T21:24:37.486+0300: 486.690: Total time for which application threads were stopped: 0.0258578 seconds, Stopping threads took: 0.0001519 seconds
2024-10-09T21:24:37.677+0300: 486.885: Application time: 0.1946407 seconds
2024-10-09T21:24:37.677+0300: 486.885: [GC (Allocation Failure) 2024-10-09T21:24:37.677+0300: 486.885: [ParNew: 456732K->51072K(460096K), 0.0254090 secs] 3155637K->2761512K(4143232K), 0.0255115 secs] [Times: user=0.14 sys=0.00, real=0.02 secs] 
2024-10-09T21:24:37.693+0300: 486.910: Total time for which application threads were stopped: 0.0257548 seconds, Stopping threads took: 0.0001011 seconds
2024-10-09T21:24:37.850+0300: 487.068: Application time: 0.1578864 seconds
2024-10-09T21:24:37.866+0300: 487.069: [GC (Allocation Failure) 2024-10-09T21:24:37.866+0300: 487.069: [ParNew: 460096K->51072K(460096K), 0.0309364 secs] 3170536K->2787325K(4143232K), 0.0310279 secs] [Times: user=0.03 sys=0.00, real=0.02 secs] 
2024-10-09T21:24:37.887+0300: 487.100: Total time for which application threads were stopped: 0.0314001 seconds, Stopping threads took: 0.0002039 seconds
2024-10-09T21:24:38.070+0300: 487.282: Application time: 0.1825432 seconds
2024-10-09T21:24:38.070+0300: 487.282: [GC (Allocation Failure) 2024-10-09T21:24:38.070+0300: 487.283: [ParNew: 460096K->44533K(460096K), 0.0266149 secs] 3196349K->2808612K(4143232K), 0.0267033 secs] [Times: user=0.03 sys=0.00, real=0.03 secs] 
2024-10-09T21:24:38.102+0300: 487.309: Total time for which application threads were stopped: 0.0269827 seconds, Stopping threads took: 0.0001499 seconds
2024-10-09T21:24:38.290+0300: 487.501: Application time: 0.1921274 seconds
2024-10-09T21:24:38.290+0300: 487.502: [GC (Allocation Failure) 2024-10-09T21:24:38.290+0300: 487.502: [ParNew: 453557K->51072K(460096K), 0.0262966 secs] 3217636K->2821359K(4143232K), 0.0263847 secs] [Times: user=0.03 sys=0.00, real=0.03 secs] 
2024-10-09T21:24:38.321+0300: 487.528: Total time for which application threads were stopped: 0.0266272 seconds, Stopping threads took: 0.0001255 seconds
2024-10-09T21:24:38.478+0300: 487.690: Application time: 0.1618487 seconds
2024-10-09T21:24:38.478+0300: 487.690: [GC (Allocation Failure) 2024-10-09T21:24:38.478+0300: 487.690: [ParNew: 460096K->51072K(460096K), 0.0296606 secs] 3230383K->2844707K(4143232K), 0.0297436 secs] [Times: user=0.03 sys=0.00, real=0.03 secs] 
2024-10-09T21:24:38.510+0300: 487.720: Total time for which application threads were stopped: 0.0300077 seconds, Stopping threads took: 0.0001407 seconds
2024-10-09T21:24:38.688+0300: 487.900: Application time: 0.1803181 seconds
2024-10-09T21:24:38.688+0300: 487.900: [GC (Allocation Failure) 2024-10-09T21:24:38.688+0300: 487.900: [ParNew: 460096K->40579K(460096K), 0.0280267 secs] 3253731K->2865804K(4143232K), 0.0281229 secs] [Times: user=0.03 sys=0.00, real=0.03 secs] 
2024-10-09T21:24:38.714+0300: 487.929: Total time for which application threads were stopped: 0.0283923 seconds, Stopping threads took: 0.0001290 seconds
2024-10-09T21:24:38.917+0300: 488.122: Application time: 0.1934092 seconds
2024-10-09T21:24:38.917+0300: 488.122: [GC (Allocation Failure) 2024-10-09T21:24:38.917+0300: 488.122: [ParNew: 449603K->51072K(460096K), 0.0238843 secs] 3274828K->2880772K(4143232K), 0.0239721 secs] [Times: user=0.02 sys=0.00, real=0.02 secs] 
2024-10-09T21:24:38.933+0300: 488.146: Total time for which application threads were stopped: 0.0242580 seconds, Stopping threads took: 0.0001456 seconds
2024-10-09T21:24:39.106+0300: 488.316: Application time: 0.1694637 seconds
2024-10-09T21:24:39.106+0300: 488.316: [GC (Allocation Failure) 2024-10-09T21:24:39.106+0300: 488.316: [ParNew: 460096K->51072K(460096K), 0.0323349 secs] 3289796K->2906308K(4143232K), 0.0324264 secs] [Times: user=0.03 sys=0.00, real=0.03 secs] 
2024-10-09T21:24:39.137+0300: 488.348: Total time for which application threads were stopped: 0.0326968 seconds, Stopping threads took: 0.0001456 seconds
2024-10-09T21:24:39.310+0300: 488.521: Application time: 0.1724981 seconds
2024-10-09T21:24:39.310+0300: 488.521: [GC (Allocation Failure) 2024-10-09T21:24:39.310+0300: 488.521: [ParNew: 460096K->51072K(460096K), 0.0305730 secs] 3315332K->2942362K(4143232K), 0.0306648 secs] [Times: user=0.03 sys=0.00, real=0.03 secs] 
2024-10-09T21:24:39.341+0300: 488.552: Total time for which application threads were stopped: 0.0309306 seconds, Stopping threads took: 0.0001395 seconds
2024-10-09T21:24:39.530+0300: 488.743: Application time: 0.1907322 seconds
2024-10-09T21:24:39.530+0300: 488.743: [GC (Allocation Failure) 2024-10-09T21:24:39.530+0300: 488.743: [ParNew: 460096K->51072K(460096K), 0.0226653 secs] 3351386K->2945503K(4143232K), 0.0227515 secs] [Times: user=0.03 sys=0.00, real=0.03 secs] 
2024-10-09T21:24:39.561+0300: 488.766: Total time for which application threads were stopped: 0.0230007 seconds, Stopping threads took: 0.0001308 seconds
2024-10-09T21:24:39.734+0300: 488.939: Application time: 0.1730613 seconds
2024-10-09T21:24:39.734+0300: 488.939: [GC (Allocation Failure) 2024-10-09T21:24:39.734+0300: 488.939: [ParNew: 460096K->51072K(460096K), 0.0278122 secs] 3354527K->2964725K(4143232K), 0.0279045 secs] [Times: user=0.05 sys=0.00, real=0.02 secs] 
2024-10-09T21:24:39.749+0300: 488.967: Total time for which application threads were stopped: 0.0281934 seconds, Stopping threads took: 0.0001577 seconds
2024-10-09T21:24:39.922+0300: 489.140: Application time: 0.1734899 seconds
2024-10-09T21:24:39.922+0300: 489.141: [GC (Allocation Failure) 2024-10-09T21:24:39.922+0300: 489.141: [ParNew: 460096K->41402K(460096K), 0.0267996 secs] 3373749K->2982207K(4143232K), 0.0268924 secs] [Times: user=0.03 sys=0.00, real=0.03 secs] 
2024-10-09T21:24:39.953+0300: 489.168: Total time for which application threads were stopped: 0.0271740 seconds, Stopping threads took: 0.0001586 seconds
2024-10-09T21:24:40.142+0300: 489.355: Application time: 0.1871826 seconds
2024-10-09T21:24:40.142+0300: 489.355: [GC (Allocation Failure) 2024-10-09T21:24:40.142+0300: 489.355: [ParNew: 450426K->51072K(460096K), 0.0216879 secs] 3391231K->2995303K(4143232K), 0.0234741 secs] [Times: user=0.02 sys=0.00, real=0.03 secs] 
2024-10-09T21:24:40.173+0300: 489.378: Total time for which application threads were stopped: 0.0237291 seconds, Stopping threads took: 0.0001218 seconds
2024-10-09T21:24:40.330+0300: 489.543: Application time: 0.1646717 seconds
2024-10-09T21:24:40.330+0300: 489.543: [GC (Allocation Failure) 2024-10-09T21:24:40.330+0300: 489.543: [ParNew: 460096K->51072K(460096K), 0.0286288 secs] 3404327K->3017142K(4143232K), 0.0287199 secs] [Times: user=0.03 sys=0.00, real=0.03 secs] 
2024-10-09T21:24:40.361+0300: 489.572: Total time for which application threads were stopped: 0.0290262 seconds, Stopping threads took: 0.0001833 seconds
2024-10-09T21:24:40.535+0300: 489.748: Application time: 0.1755688 seconds
2024-10-09T21:24:40.535+0300: 489.748: [GC (Allocation Failure) 2024-10-09T21:24:40.535+0300: 489.748: [ParNew: 460096K->46741K(460096K), 0.0302136 secs] 3426166K->3044243K(4143232K), 0.0303034 secs] [Times: user=0.03 sys=0.00, real=0.03 secs] 
2024-10-09T21:24:40.566+0300: 489.778: Total time for which application threads were stopped: 0.0305649 seconds, Stopping threads took: 0.0001357 seconds
2024-10-09T21:24:40.754+0300: 489.970: Application time: 0.1912506 seconds
2024-10-09T21:24:40.754+0300: 489.970: [GC (Allocation Failure) 2024-10-09T21:24:40.754+0300: 489.970: [ParNew: 455765K->51072K(460096K), 0.0236939 secs] 3453267K->3056948K(4143232K), 0.0237943 secs] [Times: user=0.03 sys=0.00, real=0.03 secs] 
2024-10-09T21:24:40.785+0300: 489.994: Total time for which application threads were stopped: 0.0241119 seconds, Stopping threads took: 0.0001635 seconds
2024-10-09T21:24:40.943+0300: 490.157: Application time: 0.1630504 seconds
2024-10-09T21:24:40.943+0300: 490.157: [GC (Allocation Failure) 2024-10-09T21:24:40.943+0300: 490.157: [ParNew: 460096K->51072K(460096K), 0.0292244 secs] 3465972K->3082980K(4143232K), 0.0293075 secs] [Times: user=0.03 sys=0.00, real=0.03 secs] 
2024-10-09T21:24:40.974+0300: 490.186: Total time for which application threads were stopped: 0.0295879 seconds, Stopping threads took: 0.0001582 seconds
2024-10-09T21:24:41.162+0300: 490.368: Application time: 0.1818604 seconds
2024-10-09T21:24:41.162+0300: 490.368: [GC (Allocation Failure) 2024-10-09T21:24:41.162+0300: 490.368: [ParNew: 460096K->51072K(460096K), 0.0261131 secs] 3492004K->3105937K(4143232K), 0.0262132 secs] [Times: user=0.02 sys=0.00, real=0.02 secs] 
2024-10-09T21:24:41.178+0300: 490.395: Total time for which application threads were stopped: 0.0264987 seconds, Stopping threads took: 0.0001439 seconds
2024-10-09T21:24:41.382+0300: 490.587: Application time: 0.1922662 seconds
2024-10-09T21:24:41.382+0300: 490.587: [GC (Allocation Failure) 2024-10-09T21:24:41.382+0300: 490.587: [ParNew: 460096K->51072K(460096K), 0.0253224 secs] 3514961K->3117225K(4143232K), 0.0254089 secs] [Times: user=0.03 sys=0.00, real=0.03 secs] 
2024-10-09T21:24:41.409+0300: 490.613: Total time for which application threads were stopped: 0.0256680 seconds, Stopping threads took: 0.0001312 seconds
2024-10-09T21:24:41.554+0300: 490.771: Application time: 0.1584359 seconds
2024-10-09T21:24:41.554+0300: 490.771: [GC (Allocation Failure) 2024-10-09T21:24:41.554+0300: 490.771: [ParNew: 460096K->51072K(460096K), 0.0278774 secs] 3526249K->3137461K(4143232K), 0.0279584 secs] [Times: user=0.05 sys=0.00, real=0.04 secs] 
2024-10-09T21:24:41.595+0300: 490.799: Total time for which application threads were stopped: 0.0282261 seconds, Stopping threads took: 0.0001497 seconds
2024-10-09T21:24:41.774+0300: 490.986: Application time: 0.1864644 seconds
2024-10-09T21:24:41.774+0300: 490.986: [GC (Allocation Failure) 2024-10-09T21:24:41.774+0300: 490.986: [ParNew: 460096K->50828K(460096K), 0.0250797 secs] 3546485K->3158890K(4143232K), 0.0251609 secs] [Times: user=0.03 sys=0.00, real=0.03 secs] 
2024-10-09T21:24:41.806+0300: 491.011: Total time for which application threads were stopped: 0.0254275 seconds, Stopping threads took: 0.0001510 seconds
2024-10-09T21:24:41.996+0300: 491.205: Application time: 0.1938313 seconds
2024-10-09T21:24:41.996+0300: 491.205: [GC (Allocation Failure) 2024-10-09T21:24:41.996+0300: 491.205: [ParNew: 459852K->51072K(460096K), 0.0248600 secs] 3567914K->3171617K(4143232K), 0.0249485 secs] [Times: user=0.02 sys=0.00, real=0.03 secs] 
2024-10-09T21:24:42.025+0300: 491.230: Total time for which application threads were stopped: 0.0251890 seconds, Stopping threads took: 0.0001147 seconds
2024-10-09T21:24:42.182+0300: 491.398: Application time: 0.1679772 seconds
2024-10-09T21:24:42.182+0300: 491.398: [GC (Allocation Failure) 2024-10-09T21:24:42.182+0300: 491.398: [ParNew: 460096K->51072K(460096K), 0.0239133 secs] 3580641K->3183944K(4143232K), 0.0240088 secs] [Times: user=0.03 sys=0.00, real=0.03 secs] 
2024-10-09T21:24:42.214+0300: 491.422: Total time for which application threads were stopped: 0.0243547 seconds, Stopping threads took: 0.0002110 seconds
2024-10-09T21:24:42.402+0300: 491.606: Application time: 0.1837754 seconds
2024-10-09T21:24:42.402+0300: 491.606: [GC (Allocation Failure) 2024-10-09T21:24:42.402+0300: 491.607: [ParNew: 460096K->51072K(460096K), 0.0262480 secs] 3592968K->3210268K(4143232K), 0.0263318 secs] [Times: user=0.02 sys=0.00, real=0.02 secs] 
2024-10-09T21:24:42.418+0300: 491.633: Total time for which application threads were stopped: 0.0265850 seconds, Stopping threads took: 0.0001378 seconds
2024-10-09T21:24:42.622+0300: 491.827: Application time: 0.1943969 seconds
2024-10-09T21:24:42.622+0300: 491.827: [GC (Allocation Failure) 2024-10-09T21:24:42.622+0300: 491.828: [ParNew: 460096K->51072K(460096K), 0.0220100 secs] 3619292K->3212603K(4143232K), 0.0220984 secs] [Times: user=0.06 sys=0.00, real=0.02 secs] 
2024-10-09T21:24:42.638+0300: 491.850: Total time for which application threads were stopped: 0.0223505 seconds, Stopping threads took: 0.0001112 seconds
2024-10-09T21:24:42.811+0300: 492.023: Application time: 0.1737673 seconds
2024-10-09T21:24:42.811+0300: 492.024: [GC (Allocation Failure) 2024-10-09T21:24:42.811+0300: 492.024: [ParNew: 460096K->51072K(460096K), 0.0293306 secs] 3621627K->3232078K(4143232K), 0.0294178 secs] [Times: user=0.03 sys=0.00, real=0.03 secs] 
2024-10-09T21:24:42.842+0300: 492.053: Total time for which application threads were stopped: 0.0297313 seconds, Stopping threads took: 0.0001927 seconds
2024-10-09T21:24:43.015+0300: 492.229: Application time: 0.1760560 seconds
2024-10-09T21:24:43.015+0300: 492.229: [GC (Allocation Failure) 2024-10-09T21:24:43.015+0300: 492.229: [ParNew: 460096K->42259K(460096K), 0.0287714 secs] 3641102K->3251019K(4143232K), 0.0288590 secs] [Times: user=0.03 sys=0.00, real=0.03 secs] 
2024-10-09T21:24:43.046+0300: 492.258: Total time for which application threads were stopped: 0.0291328 seconds, Stopping threads took: 0.0001548 seconds
2024-10-09T21:24:43.234+0300: 492.441: Application time: 0.1831350 seconds
2024-10-09T21:24:43.234+0300: 492.442: [GC (Allocation Failure) 2024-10-09T21:24:43.234+0300: 492.442: [ParNew: 451283K->51072K(460096K), 0.0249822 secs] 3660043K->3278151K(4143232K), 0.0250726 secs] [Times: user=0.02 sys=0.00, real=0.02 secs] 
2024-10-09T21:24:43.250+0300: 492.467: Total time for which application threads were stopped: 0.0253171 seconds, Stopping threads took: 0.0001207 seconds
2024-10-09T21:24:43.439+0300: 492.644: Application time: 0.1776579 seconds
2024-10-09T21:24:43.439+0300: 492.645: [GC (Allocation Failure) 2024-10-09T21:24:43.439+0300: 492.645: [ParNew: 460096K->51072K(460096K), 0.0238212 secs] 3687175K->3285676K(4143232K), 0.0239109 secs] [Times: user=0.05 sys=0.00, real=0.02 secs] 
2024-10-09T21:24:43.454+0300: 492.669: Total time for which application threads were stopped: 0.0241645 seconds, Stopping threads took: 0.0001342 seconds
2024-10-09T21:24:43.643+0300: 492.847: Application time: 0.1788328 seconds
2024-10-09T21:24:43.643+0300: 492.848: [GC (Allocation Failure) 2024-10-09T21:24:43.643+0300: 492.848: [ParNew: 460096K->51072K(460096K), 0.0332800 secs] 3694700K->3317703K(4143232K), 0.0333767 secs] [Times: user=0.08 sys=0.00, real=0.03 secs] 
2024-10-09T21:24:43.674+0300: 492.881: Total time for which application threads were stopped: 0.0336853 seconds, Stopping threads took: 0.0001487 seconds
2024-10-09T21:24:43.846+0300: 493.059: Application time: 0.1782432 seconds
2024-10-09T21:24:43.846+0300: 493.060: [GC (Allocation Failure) 2024-10-09T21:24:43.846+0300: 493.060: [ParNew: 460096K->42679K(460096K), 0.0239736 secs] 3726727K->3327831K(4143232K), 0.0240564 secs] [Times: user=0.03 sys=0.00, real=0.03 secs] 
2024-10-09T21:24:43.877+0300: 493.084: Total time for which application threads were stopped: 0.0243335 seconds, Stopping threads took: 0.0001592 seconds
2024-10-09T21:24:44.051+0300: 493.268: Application time: 0.1842505 seconds
2024-10-09T21:24:44.051+0300: 493.268: [GC (Allocation Failure) 2024-10-09T21:24:44.051+0300: 493.268: [ParNew: 451703K->51072K(460096K), 0.0235318 secs] 3736855K->3344725K(4143232K), 0.0236199 secs] [Times: user=0.03 sys=0.00, real=0.03 secs] 
2024-10-09T21:24:44.082+0300: 493.292: Total time for which application threads were stopped: 0.0239384 seconds, Stopping threads took: 0.0001934 seconds
2024-10-09T21:24:44.255+0300: 493.467: Application time: 0.1751605 seconds
2024-10-09T21:24:44.255+0300: 493.467: [GC (Allocation Failure) 2024-10-09T21:24:44.255+0300: 493.470: [ParNew: 460096K->51072K(460096K), 0.0296029 secs] 3753749K->3368163K(4143232K), 0.0319385 secs] [Times: user=0.03 sys=0.00, real=0.03 secs] 
2024-10-09T21:24:44.286+0300: 493.499: Total time for which application threads were stopped: 0.0322324 seconds, Stopping threads took: 0.0001752 seconds
2024-10-09T21:24:44.459+0300: 493.667: Application time: 0.1679685 seconds
2024-10-09T21:24:44.459+0300: 493.667: [GC (Allocation Failure) 2024-10-09T21:24:44.459+0300: 493.668: [ParNew: 460096K->45852K(460096K), 0.0259938 secs] 3777187K->3386500K(4143232K), 0.0260791 secs] [Times: user=0.03 sys=0.00, real=0.03 secs] 
2024-10-09T21:24:44.490+0300: 493.694: Total time for which application threads were stopped: 0.0263559 seconds, Stopping threads took: 0.0001343 seconds
2024-10-09T21:24:44.678+0300: 493.889: Application time: 0.1950483 seconds
2024-10-09T21:24:44.678+0300: 493.889: [GC (Allocation Failure) 2024-10-09T21:24:44.678+0300: 493.889: [ParNew: 454876K->51072K(460096K), 0.0235089 secs] 3795524K->3401338K(4143232K), 0.0236047 secs] [Times: user=0.03 sys=0.00, real=0.02 secs] 
2024-10-09T21:24:44.701+0300: 493.913: Total time for which application threads were stopped: 0.0238827 seconds, Stopping threads took: 0.0001356 seconds
2024-10-09T21:24:44.885+0300: 494.088: Application time: 0.1756502 seconds
2024-10-09T21:24:44.885+0300: 494.088: [GC (Allocation Failure) 2024-10-09T21:24:44.885+0300: 494.088: [ParNew: 460096K->51072K(460096K), 0.0304602 secs] 3810362K->3426832K(4143232K), 0.0305400 secs] [Times: user=0.03 sys=0.00, real=0.03 secs] 
2024-10-09T21:24:44.915+0300: 494.119: Total time for which application threads were stopped: 0.0308020 seconds, Stopping threads took: 0.0001442 seconds
2024-10-09T21:24:44.915+0300: 494.119: Application time: 0.0000756 seconds
2024-10-09T21:24:44.915+0300: 494.119: [GC (CMS Initial Mark) [1 CMS-initial-mark: 3375760K(3683136K)] 3433643K(4143232K), 0.0040048 secs] [Times: user=0.00 sys=0.00, real=0.01 secs] 
2024-10-09T21:24:44.920+0300: 494.123: Total time for which application threads were stopped: 0.0042072 seconds, Stopping threads took: 0.0001069 seconds
2024-10-09T21:24:44.920+0300: 494.123: [CMS-concurrent-mark-start]
2024-10-09T21:24:44.929+0300: 494.139: [CMS-concurrent-mark: 0.015/0.015 secs] [Times: user=0.00 sys=0.00, real=0.01 secs] 
2024-10-09T21:24:44.929+0300: 494.139: [CMS-concurrent-preclean-start]
2024-10-09T21:24:44.929+0300: 494.143: [CMS-concurrent-preclean: 0.004/0.004 secs] [Times: user=0.00 sys=0.00, real=0.00 secs] 
2024-10-09T21:24:44.929+0300: 494.143: [CMS-concurrent-abortable-preclean-start]
2024-10-09T21:24:45.117+0300: 494.330: Application time: 0.2069944 seconds
2024-10-09T21:24:45.117+0300: 494.330: [GC (Allocation Failure) 2024-10-09T21:24:45.117+0300: 494.331: [ParNew: 460096K->51072K(460096K), 0.0285942 secs] 3835856K->3446114K(4143232K), 0.0286855 secs] [Times: user=0.03 sys=0.00, real=0.03 secs] 
2024-10-09T21:24:45.148+0300: 494.359: Total time for which application threads were stopped: 0.0289263 seconds, Stopping threads took: 0.0001189 seconds
2024-10-09T21:24:45.148+0300: 494.360: [CMS-concurrent-abortable-preclean: 0.188/0.217 secs] [Times: user=1.16 sys=0.00, real=0.22 secs] 
2024-10-09T21:24:45.148+0300: 494.360: Application time: 0.0009157 seconds
2024-10-09T21:24:45.148+0300: 494.360: [GC (CMS Final Remark) [YG occupancy: 59206 K (460096 K)]2024-10-09T21:24:45.148+0300: 494.360: [Rescan (parallel) , 0.0073219 secs]2024-10-09T21:24:45.164+0300: 494.368: [weak refs processing, 0.0000163 secs]2024-10-09T21:24:45.164+0300: 494.368: [class unloading, 0.0020424 secs]2024-10-09T21:24:45.164+0300: 494.370: [scrub symbol table, 0.0007162 secs]2024-10-09T21:24:45.164+0300: 494.370: [scrub string table, 0.0001977 secs][1 CMS-remark: 3395042K(3683136K)] 3454249K(4143232K), 0.0103881 secs] [Times: user=0.02 sys=0.00, real=0.02 secs] 
2024-10-09T21:24:45.164+0300: 494.371: Total time for which application threads were stopped: 0.0105936 seconds, Stopping threads took: 0.0001245 seconds
2024-10-09T21:24:45.164+0300: 494.371: [CMS-concurrent-sweep-start]
2024-10-09T21:24:45.368+0300: 494.576: Application time: 0.2055911 seconds
2024-10-09T21:24:45.368+0300: 494.577: [GC (Allocation Failure) 2024-10-09T21:24:45.368+0300: 494.577: [ParNew: 460096K->38560K(460096K), 0.0280128 secs] 3444735K->3049900K(4143232K), 0.0281070 secs] [Times: user=0.02 sys=0.00, real=0.03 secs] 
2024-10-09T21:24:45.399+0300: 494.605: Total time for which application threads were stopped: 0.0283599 seconds, Stopping threads took: 0.0001333 seconds
2024-10-09T21:24:45.635+0300: 494.841: Application time: 0.2359515 seconds
2024-10-09T21:24:45.635+0300: 494.841: [GC (Allocation Failure) 2024-10-09T21:24:45.635+0300: 494.843: [ParNew: 447584K->51072K(460096K), 0.0216628 secs] 2988832K->2594824K(4143232K), 0.0239911 secs] [Times: user=0.01 sys=0.00, real=0.02 secs] 
2024-10-09T21:24:45.651+0300: 494.865: Total time for which application threads were stopped: 0.0243258 seconds, Stopping threads took: 0.0001453 seconds
2024-10-09T21:24:45.871+0300: 495.077: Application time: 0.2121087 seconds
2024-10-09T21:24:45.871+0300: 495.077: [GC (Allocation Failure) 2024-10-09T21:24:45.871+0300: 495.077: [ParNew: 460096K->51072K(460096K), 0.0335210 secs] 2598969K->2217834K(4143232K), 0.0336094 secs] [Times: user=0.03 sys=0.00, real=0.03 secs] 
2024-10-09T21:24:45.903+0300: 495.111: Total time for which application threads were stopped: 0.0339433 seconds, Stopping threads took: 0.0001892 seconds
2024-10-09T21:24:46.104+0300: 495.308: Application time: 0.1971744 seconds
2024-10-09T21:24:46.104+0300: 495.308: [GC (Allocation Failure) 2024-10-09T21:24:46.104+0300: 495.308: [ParNew: 460096K->48567K(460096K), 0.0283743 secs] 2247867K->1865585K(4143232K), 0.0284669 secs] [Times: user=0.05 sys=0.00, real=0.02 secs] 
2024-10-09T21:24:46.122+0300: 495.337: Total time for which application threads were stopped: 0.0287624 seconds, Stopping threads took: 0.0001631 seconds
2024-10-09T21:24:46.357+0300: 495.564: Application time: 0.2266261 seconds
2024-10-09T21:24:46.357+0300: 495.564: [GC (Allocation Failure) 2024-10-09T21:24:46.357+0300: 495.564: [ParNew: 457591K->51072K(460096K), 0.0219026 secs] 1840062K->1436270K(4143232K), 0.0219936 secs] [Times: user=0.02 sys=0.00, real=0.02 secs] 
2024-10-09T21:24:46.373+0300: 495.586: Total time for which application threads were stopped: 0.0222977 seconds, Stopping threads took: 0.0001278 seconds
2024-10-09T21:24:46.592+0300: 495.802: Application time: 0.2156277 seconds
2024-10-09T21:24:46.592+0300: 495.802: [GC (Allocation Failure) 2024-10-09T21:24:46.592+0300: 495.802: [ParNew: 460096K->51072K(460096K), 0.0298254 secs] 1429523K->1040795K(4143232K), 0.0299336 secs] [Times: user=0.14 sys=0.00, real=0.03 secs] 
2024-10-09T21:24:46.624+0300: 495.832: Total time for which application threads were stopped: 0.0303519 seconds, Stopping threads took: 0.0002309 seconds
2024-10-09T21:24:46.812+0300: 496.029: Application time: 0.1971294 seconds
2024-10-09T21:24:46.812+0300: 496.029: [GC (Allocation Failure) 2024-10-09T21:24:46.812+0300: 496.029: [ParNew: 460096K->49183K(460096K), 0.0278440 secs] 1080706K->692402K(4143232K), 0.0279301 secs] [Times: user=0.03 sys=0.00, real=0.03 secs] 
2024-10-09T21:24:46.844+0300: 496.057: Total time for which application threads were stopped: 0.0282801 seconds, Stopping threads took: 0.0002310 seconds
2024-10-09T21:24:47.063+0300: 496.267: Application time: 0.2092537 seconds
2024-10-09T21:24:47.063+0300: 496.267: [GC (Allocation Failure) 2024-10-09T21:24:47.063+0300: 496.267: [ParNew: 458207K->51072K(460096K), 0.0234063 secs] 698746K->306056K(4143232K), 0.0234949 secs] [Times: user=0.01 sys=0.00, real=0.02 secs] 
2024-10-09T21:24:47.079+0300: 496.290: Total time for which application threads were stopped: 0.0238073 seconds, Stopping threads took: 0.0001845 seconds
2024-10-09T21:24:47.110+0300: 496.328: [CMS-concurrent-sweep: 1.736/1.957 secs] [Times: user=10.26 sys=0.00, real=1.95 secs] 
2024-10-09T21:24:47.110+0300: 496.328: [CMS-concurrent-reset-start]
2024-10-09T21:24:47.126+0300: 496.335: [CMS-concurrent-reset: 0.007/0.007 secs] [Times: user=0.02 sys=0.00, real=0.02 secs] 
2024-10-09T21:24:47.267+0300: 496.479: Application time: 0.1884564 seconds
2024-10-09T21:24:47.267+0300: 496.479: [GC (Allocation Failure) 2024-10-09T21:24:47.267+0300: 496.479: [ParNew: 460096K->51072K(460096K), 0.0243339 secs] 656163K->262439K(4143232K), 0.0244184 secs] [Times: user=0.03 sys=0.00, real=0.03 secs] 
2024-10-09T21:24:47.299+0300: 496.503: Total time for which application threads were stopped: 0.0246639 seconds, Stopping threads took: 0.0001210 seconds
2024-10-09T21:24:47.471+0300: 496.688: Application time: 0.1849654 seconds
2024-10-09T21:24:47.471+0300: 496.689: [GC (Allocation Failure) 2024-10-09T21:24:47.471+0300: 496.689: [ParNew: 460096K->51072K(460096K), 0.0247988 secs] 671463K->278157K(4143232K), 0.0248899 secs] [Times: user=0.03 sys=0.00, real=0.04 secs] 
2024-10-09T21:24:47.507+0300: 496.714: Total time for which application threads were stopped: 0.0251719 seconds, Stopping threads took: 0.0001539 seconds
2024-10-09T21:24:47.550+0300: 496.761: Application time: 0.0478674 seconds
2024-10-09T21:24:47.550+0300: 496.762: Total time for which application threads were stopped: 0.0001880 seconds, Stopping threads took: 0.0001275 seconds
2024-10-09T21:24:47.613+0300: 496.824: Application time: 0.0620477 seconds
2024-10-09T21:24:47.613+0300: 496.824: Total time for which application threads were stopped: 0.0001927 seconds, Stopping threads took: 0.0001368 seconds
2024-10-09T21:24:47.660+0300: 496.870: Application time: 0.0463599 seconds
2024-10-09T21:24:47.660+0300: 496.870: Total time for which application threads were stopped: 0.0001755 seconds, Stopping threads took: 0.0001159 seconds
2024-10-09T21:24:47.754+0300: 496.967: Application time: 0.0962034 seconds
2024-10-09T21:24:47.754+0300: 496.967: [GC (Allocation Failure) 2024-10-09T21:24:47.754+0300: 496.967: [ParNew: 460096K->43683K(460096K), 0.0264552 secs] 687181K->303422K(4143232K), 0.0265574 secs] [Times: user=0.08 sys=0.00, real=0.03 secs] 
2024-10-09T21:24:47.785+0300: 496.993: Total time for which application threads were stopped: 0.0267436 seconds, Stopping threads took: 0.0000541 seconds
2024-10-09T21:24:47.832+0300: 497.037: Application time: 0.0433303 seconds
2024-10-09T21:24:47.832+0300: 497.037: Total time for which application threads were stopped: 0.0002405 seconds, Stopping threads took: 0.0001883 seconds
2024-10-09T21:24:48.021+0300: 497.225: Application time: 0.1878864 seconds
2024-10-09T21:24:48.021+0300: 497.225: [GC (Allocation Failure) 2024-10-09T21:24:48.021+0300: 497.225: [ParNew: 452707K->51072K(460096K), 0.0224023 secs] 712446K->313444K(4143232K), 0.0224869 secs] [Times: user=0.03 sys=0.00, real=0.02 secs] 
2024-10-09T21:24:48.036+0300: 497.248: Total time for which application threads were stopped: 0.0227653 seconds, Stopping threads took: 0.0001416 seconds
2024-10-09T21:24:48.210+0300: 497.427: Application time: 0.1790290 seconds
2024-10-09T21:24:48.210+0300: 497.427: [GC (Allocation Failure) 2024-10-09T21:24:48.210+0300: 497.427: [ParNew: 460096K->51072K(460096K), 0.0326723 secs] 722468K->335799K(4143232K), 0.0327553 secs] [Times: user=0.05 sys=0.00, real=0.05 secs] 
2024-10-09T21:24:48.256+0300: 497.460: Total time for which application threads were stopped: 0.0330077 seconds, Stopping threads took: 0.0001347 seconds
2024-10-09T21:24:48.397+0300: 497.608: Application time: 0.1483025 seconds
2024-10-09T21:24:48.397+0300: 497.608: [GC (Allocation Failure) 2024-10-09T21:24:48.397+0300: 497.608: [ParNew: 460096K->45249K(460096K), 0.0257532 secs] 744823K->358304K(4143232K), 0.0258407 secs] [Times: user=0.06 sys=0.00, real=0.03 secs] 
2024-10-09T21:24:48.429+0300: 497.634: Total time for which application threads were stopped: 0.0261354 seconds, Stopping threads took: 0.0001638 seconds
2024-10-09T21:24:48.633+0300: 497.841: Application time: 0.2069486 seconds
2024-10-09T21:24:48.633+0300: 497.841: [GC (Allocation Failure) 2024-10-09T21:24:48.633+0300: 497.841: [ParNew: 454273K->51072K(460096K), 0.0219092 secs] 767328K->365774K(4143232K), 0.0219968 secs] [Times: user=0.02 sys=0.00, real=0.02 secs] 
2024-10-09T21:24:48.649+0300: 497.863: Total time for which application threads were stopped: 0.0222739 seconds, Stopping threads took: 0.0001317 seconds
2024-10-09T21:24:48.837+0300: 498.049: Application time: 0.1854057 seconds
2024-10-09T21:24:48.837+0300: 498.049: [GC (Allocation Failure) 2024-10-09T21:24:48.837+0300: 498.049: [ParNew: 460096K->51072K(460096K), 0.0302264 secs] 774798K->385026K(4143232K), 0.0303220 secs] [Times: user=0.03 sys=0.00, real=0.03 secs] 
2024-10-09T21:24:48.868+0300: 498.079: Total time for which application threads were stopped: 0.0306325 seconds, Stopping threads took: 0.0001595 seconds
2024-10-09T21:24:49.026+0300: 498.230: Application time: 0.1507218 seconds
2024-10-09T21:24:49.026+0300: 498.230: [GC (Allocation Failure) 2024-10-09T21:24:49.026+0300: 498.230: [ParNew: 460096K->51072K(460096K), 0.0256796 secs] 794050K->408630K(4143232K), 0.0257611 secs] [Times: user=0.01 sys=0.00, real=0.01 secs] 
2024-10-09T21:24:49.041+0300: 498.256: Total time for which application threads were stopped: 0.0260341 seconds, Stopping threads took: 0.0001582 seconds
2024-10-09T21:24:49.229+0300: 498.448: Application time: 0.1914562 seconds
2024-10-09T21:24:49.229+0300: 498.448: [GC (Allocation Failure) 2024-10-09T21:24:49.229+0300: 498.448: [ParNew: 460096K->44110K(460096K), 0.0254829 secs] 817654K->421316K(4143232K), 0.0255730 secs] [Times: user=0.03 sys=0.00, real=0.03 secs] 
2024-10-09T21:24:49.261+0300: 498.473: Total time for which application threads were stopped: 0.0258680 seconds, Stopping threads took: 0.0001676 seconds
2024-10-09T21:24:49.449+0300: 498.654: Application time: 0.1802943 seconds
2024-10-09T21:24:49.449+0300: 498.654: [GC (Allocation Failure) 2024-10-09T21:24:49.449+0300: 498.654: [ParNew: 453134K->51072K(460096K), 0.0256221 secs] 830340K->440843K(4143232K), 0.0257048 secs] [Times: user=0.01 sys=0.00, real=0.02 secs] 
2024-10-09T21:24:49.465+0300: 498.680: Total time for which application threads were stopped: 0.0259613 seconds, Stopping threads took: 0.0001324 seconds
2024-10-09T21:24:49.637+0300: 498.848: Application time: 0.1683012 seconds
2024-10-09T21:24:49.637+0300: 498.848: [GC (Allocation Failure) 2024-10-09T21:24:49.637+0300: 498.848: [ParNew: 460096K->51072K(460096K), 0.0308127 secs] 849867K->473040K(4143232K), 0.0308994 secs] [Times: user=0.03 sys=0.00, real=0.03 secs] 
2024-10-09T21:24:49.669+0300: 498.879: Total time for which application threads were stopped: 0.0312292 seconds, Stopping threads took: 0.0001835 seconds
2024-10-09T21:24:49.857+0300: 499.071: Application time: 0.1921318 seconds
2024-10-09T21:24:49.857+0300: 499.072: [GC (Allocation Failure) 2024-10-09T21:24:49.857+0300: 499.072: [ParNew: 460096K->51072K(460096K), 0.0267143 secs] 882064K->489480K(4143232K), 0.0268050 secs] [Times: user=0.03 sys=0.00, real=0.03 secs] 
2024-10-09T21:24:49.888+0300: 499.098: Total time for which application threads were stopped: 0.0270620 seconds, Stopping threads took: 0.0001200 seconds
2024-10-09T21:24:50.061+0300: 499.273: Application time: 0.1749593 seconds
2024-10-09T21:24:50.061+0300: 499.274: [GC (Allocation Failure) 2024-10-09T21:24:50.061+0300: 499.274: [ParNew: 460096K->51072K(460096K), 0.0282753 secs] 898504K->509255K(4143232K), 0.0283664 secs] [Times: user=0.03 sys=0.00, real=0.03 secs] 
2024-10-09T21:24:50.093+0300: 499.302: Total time for which application threads were stopped: 0.0286669 seconds, Stopping threads took: 0.0001730 seconds
2024-10-09T21:24:50.265+0300: 499.469: Application time: 0.1673797 seconds
2024-10-09T21:24:50.265+0300: 499.470: [GC (Allocation Failure) 2024-10-09T21:24:50.265+0300: 499.470: [ParNew: 460096K->47147K(460096K), 0.0298558 secs] 918279K->540367K(4143232K), 0.0300031 secs] [Times: user=0.05 sys=0.00, real=0.03 secs] 
2024-10-09T21:24:50.297+0300: 499.500: Total time for which application threads were stopped: 0.0302661 seconds, Stopping threads took: 0.0001299 seconds
2024-10-09T21:24:50.485+0300: 499.690: Application time: 0.1904394 seconds
2024-10-09T21:24:50.485+0300: 499.690: [GC (Allocation Failure) 2024-10-09T21:24:50.485+0300: 499.690: [ParNew: 456171K->51072K(460096K), 0.0221391 secs] 949391K->546751K(4143232K), 0.0222261 secs] [Times: user=0.02 sys=0.00, real=0.02 secs] 
2024-10-09T21:24:50.501+0300: 499.713: Total time for which application threads were stopped: 0.0224788 seconds, Stopping threads took: 0.0001312 seconds
2024-10-09T21:24:50.673+0300: 499.891: Application time: 0.1788049 seconds
2024-10-09T21:24:50.673+0300: 499.892: [GC (Allocation Failure) 2024-10-09T21:24:50.673+0300: 499.892: [ParNew: 460096K->51072K(460096K), 0.0288727 secs] 955775K->564928K(4143232K), 0.0289581 secs] [Times: user=0.09 sys=0.00, real=0.04 secs] 
2024-10-09T21:24:50.714+0300: 499.921: Total time for which application threads were stopped: 0.0292453 seconds, Stopping threads took: 0.0001616 seconds
2024-10-09T21:24:50.877+0300: 500.087: Application time: 0.1665757 seconds
2024-10-09T21:24:50.877+0300: 500.088: [GC (Allocation Failure) 2024-10-09T21:24:50.877+0300: 500.088: [ParNew: 460096K->43472K(460096K), 0.0271699 secs] 973952K->586836K(4143232K), 0.0272586 secs] [Times: user=0.03 sys=0.00, real=0.03 secs] 
2024-10-09T21:24:50.909+0300: 500.115: Total time for which application threads were stopped: 0.0275525 seconds, Stopping threads took: 0.0001551 seconds
2024-10-09T21:24:51.097+0300: 500.308: Application time: 0.1932814 seconds
2024-10-09T21:24:51.097+0300: 500.308: [GC (Allocation Failure) 2024-10-09T21:24:51.097+0300: 500.308: [ParNew: 452496K->51072K(460096K), 0.0277410 secs] 995860K->602458K(4143232K), 0.0278280 secs] [Times: user=0.03 sys=0.00, real=0.03 secs] 
2024-10-09T21:24:51.129+0300: 500.336: Total time for which application threads were stopped: 0.0281030 seconds, Stopping threads took: 0.0001540 seconds
2024-10-09T21:24:51.301+0300: 500.509: Application time: 0.1728319 seconds
2024-10-09T21:24:51.301+0300: 500.509: [GC (Allocation Failure) 2024-10-09T21:24:51.301+0300: 500.509: [ParNew: 460096K->51072K(460096K), 0.0288225 secs] 1011482K->620326K(4143232K), 0.0289064 secs] [Times: user=0.02 sys=0.00, real=0.03 secs] 
2024-10-09T21:24:51.333+0300: 500.538: Total time for which application threads were stopped: 0.0291590 seconds, Stopping threads took: 0.0001338 seconds
2024-10-09T21:24:51.489+0300: 500.700: Application time: 0.1616204 seconds
2024-10-09T21:24:51.489+0300: 500.700: [GC (Allocation Failure) 2024-10-09T21:24:51.489+0300: 500.700: [ParNew: 460096K->51072K(460096K), 0.0268179 secs] 1029350K->650819K(4143232K), 0.0269046 secs] [Times: user=0.03 sys=0.00, real=0.03 secs] 
2024-10-09T21:24:51.521+0300: 500.727: Total time for which application threads were stopped: 0.0271799 seconds, Stopping threads took: 0.0001548 seconds
2024-10-09T21:24:51.716+0300: 500.924: Application time: 0.1968977 seconds
2024-10-09T21:24:51.716+0300: 500.924: [GC (Allocation Failure) 2024-10-09T21:24:51.716+0300: 500.924: [ParNew: 460096K->51072K(460096K), 0.0221592 secs] 1059843K->653996K(4143232K), 0.0222370 secs] [Times: user=0.02 sys=0.00, real=0.02 secs] 
2024-10-09T21:24:51.741+0300: 500.946: Total time for which application threads were stopped: 0.0224922 seconds, Stopping threads took: 0.0001382 seconds
2024-10-09T21:24:51.916+0300: 501.127: Application time: 0.1800625 seconds
2024-10-09T21:24:51.916+0300: 501.127: [GC (Allocation Failure) 2024-10-09T21:24:51.916+0300: 501.127: [ParNew: 460096K->51072K(460096K), 0.0285956 secs] 1063020K->669013K(4143232K), 0.0286863 secs] [Times: user=0.02 sys=0.00, real=0.03 secs] 
2024-10-09T21:24:51.945+0300: 501.155: Total time for which application threads were stopped: 0.0289646 seconds, Stopping threads took: 0.0001554 seconds
2024-10-09T21:24:52.102+0300: 501.318: Application time: 0.1624103 seconds
2024-10-09T21:24:52.102+0300: 501.318: [GC (Allocation Failure) 2024-10-09T21:24:52.102+0300: 501.318: [ParNew: 460096K->45971K(460096K), 0.0267110 secs] 1078037K->692574K(4143232K), 0.0267980 secs] [Times: user=0.02 sys=0.02, real=0.03 secs] 
2024-10-09T21:24:52.133+0300: 501.345: Total time for which application threads were stopped: 0.0271106 seconds, Stopping threads took: 0.0001732 seconds
2024-10-09T21:24:52.322+0300: 501.532: Application time: 0.1866617 seconds
2024-10-09T21:24:52.322+0300: 501.532: [GC (Allocation Failure) 2024-10-09T21:24:52.322+0300: 501.532: [ParNew: 454995K->51072K(460096K), 0.0220372 secs] 1101598K->700746K(4143232K), 0.0221242 secs] [Times: user=0.02 sys=0.00, real=0.01 secs] 
2024-10-09T21:24:52.337+0300: 501.554: Total time for which application threads were stopped: 0.0223829 seconds, Stopping threads took: 0.0001311 seconds
2024-10-09T21:24:52.526+0300: 501.734: Application time: 0.1804233 seconds
2024-10-09T21:24:52.526+0300: 501.735: [GC (Allocation Failure) 2024-10-09T21:24:52.526+0300: 501.735: [ParNew: 460096K->51072K(460096K), 0.0323704 secs] 1109770K->727648K(4143232K), 0.0324593 secs] [Times: user=0.03 sys=0.00, real=0.03 secs] 
2024-10-09T21:24:52.557+0300: 501.767: Total time for which application threads were stopped: 0.0327337 seconds, Stopping threads took: 0.0001544 seconds
2024-10-09T21:24:52.730+0300: 501.935: Application time: 0.1682001 seconds
2024-10-09T21:24:52.730+0300: 501.936: [GC (Allocation Failure) 2024-10-09T21:24:52.730+0300: 501.936: [ParNew: 460096K->48821K(460096K), 0.0241718 secs] 1136672K->744927K(4143232K), 0.0242638 secs] [Times: user=0.02 sys=0.00, real=0.01 secs] 
2024-10-09T21:24:52.745+0300: 501.960: Total time for which application threads were stopped: 0.0245209 seconds, Stopping threads took: 0.0001146 seconds
2024-10-09T21:24:52.934+0300: 502.141: Application time: 0.1812472 seconds
2024-10-09T21:24:52.934+0300: 502.141: [GC (Allocation Failure) 2024-10-09T21:24:52.934+0300: 502.141: [ParNew: 457845K->49661K(460096K), 0.0217647 secs] 1153951K->754268K(4143232K), 0.0218508 secs] [Times: user=0.02 sys=0.00, real=0.02 secs] 
2024-10-09T21:24:52.950+0300: 502.163: Total time for which application threads were stopped: 0.0221215 seconds, Stopping threads took: 0.0001459 seconds
2024-10-09T21:24:53.122+0300: 502.341: Application time: 0.1773632 seconds
2024-10-09T21:24:53.122+0300: 502.341: [GC (Allocation Failure) 2024-10-09T21:24:53.122+0300: 502.341: [ParNew: 458685K->51072K(460096K), 0.0234247 secs] 1163292K->767349K(4143232K), 0.0235152 secs] [Times: user=0.03 sys=0.00, real=0.03 secs] 
2024-10-09T21:24:53.154+0300: 502.364: Total time for which application threads were stopped: 0.0237765 seconds, Stopping threads took: 0.0001382 seconds
2024-10-09T21:24:53.327+0300: 502.532: Application time: 0.1673297 seconds
2024-10-09T21:24:53.327+0300: 502.532: [GC (Allocation Failure) 2024-10-09T21:24:53.327+0300: 502.532: [ParNew: 460096K->51072K(460096K), 0.0301123 secs] 1176373K->797526K(4143232K), 0.0301981 secs] [Times: user=0.05 sys=0.00, real=0.03 secs] 
2024-10-09T21:24:53.358+0300: 502.562: Total time for which application threads were stopped: 0.0304495 seconds, Stopping threads took: 0.0001249 seconds
2024-10-09T21:24:53.531+0300: 502.741: Application time: 0.1789928 seconds
2024-10-09T21:24:53.531+0300: 502.741: [GC (Allocation Failure) 2024-10-09T21:24:53.531+0300: 502.742: [ParNew: 460096K->51072K(460096K), 0.0230903 secs] 1206550K->808183K(4143232K), 0.0231792 secs] [Times: user=0.02 sys=0.00, real=0.02 secs] 
2024-10-09T21:24:53.547+0300: 502.765: Total time for which application threads were stopped: 0.0234546 seconds, Stopping threads took: 0.0001455 seconds
2024-10-09T21:24:53.735+0300: 502.943: Application time: 0.1785709 seconds
2024-10-09T21:24:53.735+0300: 502.944: [GC (Allocation Failure) 2024-10-09T21:24:53.735+0300: 502.944: [ParNew: 460096K->51072K(460096K), 0.0318813 secs] 1217207K->835559K(4143232K), 0.0319759 secs] [Times: user=0.02 sys=0.00, real=0.03 secs] 
2024-10-09T21:24:53.766+0300: 502.976: Total time for which application threads were stopped: 0.0323034 seconds, Stopping threads took: 0.0001851 seconds
2024-10-09T21:24:53.939+0300: 503.144: Application time: 0.1685109 seconds
2024-10-09T21:24:53.939+0300: 503.144: [GC (Allocation Failure) 2024-10-09T21:24:53.939+0300: 503.144: [ParNew: 460096K->46508K(460096K), 0.0308658 secs] 1244583K->862780K(4143232K), 0.0309569 secs] [Times: user=0.02 sys=0.00, real=0.03 secs] 
2024-10-09T21:24:53.970+0300: 503.175: Total time for which application threads were stopped: 0.0312211 seconds, Stopping threads took: 0.0001455 seconds
2024-10-09T21:24:54.143+0300: 503.353: Application time: 0.1780127 seconds
2024-10-09T21:24:54.143+0300: 503.354: [GC (Allocation Failure) 2024-10-09T21:24:54.143+0300: 503.354: [ParNew: 455532K->51072K(460096K), 0.0237006 secs] 1271804K->878302K(4143232K), 0.0237811 secs] [Times: user=0.02 sys=0.00, real=0.02 secs] 
2024-10-09T21:24:54.159+0300: 503.377: Total time for which application threads were stopped: 0.0240406 seconds, Stopping threads took: 0.0001409 seconds
2024-10-09T21:24:54.331+0300: 503.547: Application time: 0.1696179 seconds
2024-10-09T21:24:54.331+0300: 503.547: [GC (Allocation Failure) 2024-10-09T21:24:54.331+0300: 503.547: [ParNew: 460096K->51072K(460096K), 0.0274181 secs] 1287326K->900253K(4143232K), 0.0275237 secs] [Times: user=0.03 sys=0.00, real=0.03 secs] 
2024-10-09T21:24:54.362+0300: 503.575: Total time for which application threads were stopped: 0.0278776 seconds, Stopping threads took: 0.0002226 seconds
2024-10-09T21:24:54.535+0300: 503.744: Application time: 0.1691964 seconds
2024-10-09T21:24:54.535+0300: 503.744: [GC (Allocation Failure) 2024-10-09T21:24:54.535+0300: 503.744: [ParNew: 460096K->51072K(460096K), 0.0287320 secs] 1309277K->927363K(4143232K), 0.0288228 secs] [Times: user=0.02 sys=0.00, real=0.03 secs] 
2024-10-09T21:24:54.566+0300: 503.773: Total time for which application threads were stopped: 0.0290706 seconds, Stopping threads took: 0.0001206 seconds
2024-10-09T21:24:54.755+0300: 503.960: Application time: 0.1864283 seconds
2024-10-09T21:24:54.755+0300: 503.960: [GC (Allocation Failure) 2024-10-09T21:24:54.755+0300: 503.960: [ParNew: 460096K->51072K(460096K), 0.0236737 secs] 1336387K->938715K(4143232K), 0.0237772 secs] [Times: user=0.05 sys=0.00, real=0.02 secs] 
2024-10-09T21:24:54.771+0300: 503.984: Total time for which application threads were stopped: 0.0240394 seconds, Stopping threads took: 0.0001153 seconds
2024-10-09T21:24:54.953+0300: 504.157: Application time: 0.1738933 seconds
2024-10-09T21:24:54.954+0300: 504.158: [GC (Allocation Failure) 2024-10-09T21:24:54.954+0300: 504.158: [ParNew: 460096K->51072K(460096K), 0.0281404 secs] 1347739K->961023K(4143232K), 0.0282280 secs] [Times: user=0.01 sys=0.00, real=0.02 secs] 
2024-10-09T21:24:54.975+0300: 504.186: Total time for which application threads were stopped: 0.0285060 seconds, Stopping threads took: 0.0001458 seconds
2024-10-09T21:24:55.148+0300: 504.362: Application time: 0.1756345 seconds
2024-10-09T21:24:55.148+0300: 504.362: [GC (Allocation Failure) 2024-10-09T21:24:55.148+0300: 504.362: [ParNew: 460096K->48186K(460096K), 0.0273427 secs] 1370047K->979041K(4143232K), 0.0274331 secs] [Times: user=0.03 sys=0.00, real=0.03 secs] 
2024-10-09T21:24:55.179+0300: 504.389: Total time for which application threads were stopped: 0.0277017 seconds, Stopping threads took: 0.0001455 seconds
2024-10-09T21:24:55.352+0300: 504.561: Application time: 0.1717740 seconds
2024-10-09T21:24:55.352+0300: 504.561: [GC (Allocation Failure) 2024-10-09T21:24:55.352+0300: 504.561: [ParNew: 457210K->51072K(460096K), 0.0247489 secs] 1388065K->999799K(4143232K), 0.0248359 secs] [Times: user=0.02 sys=0.00, real=0.02 secs] 
2024-10-09T21:24:55.368+0300: 504.586: Total time for which application threads were stopped: 0.0251049 seconds, Stopping threads took: 0.0001545 seconds
2024-10-09T21:24:55.556+0300: 504.765: Application time: 0.1787939 seconds
2024-10-09T21:24:55.556+0300: 504.765: [GC (Allocation Failure) 2024-10-09T21:24:55.556+0300: 504.765: [ParNew: 460096K->51072K(460096K), 0.0245636 secs] 1408823K->1015672K(4143232K), 0.0246540 secs] [Times: user=0.02 sys=0.00, real=0.02 secs] 
2024-10-09T21:24:55.572+0300: 504.790: Total time for which application threads were stopped: 0.0249281 seconds, Stopping threads took: 0.0001220 seconds
2024-10-09T21:24:55.760+0300: 504.971: Application time: 0.1813259 seconds
2024-10-09T21:24:55.760+0300: 504.972: [GC (Allocation Failure) 2024-10-09T21:24:55.760+0300: 504.972: [ParNew: 460096K->51072K(460096K), 0.0270928 secs] 1424696K->1035009K(4143232K), 0.0272519 secs] [Times: user=0.08 sys=0.00, real=0.03 secs] 
2024-10-09T21:24:55.792+0300: 504.999: Total time for which application threads were stopped: 0.0275488 seconds, Stopping threads took: 0.0001528 seconds
2024-10-09T21:24:55.949+0300: 505.164: Application time: 0.1648282 seconds
2024-10-09T21:24:55.949+0300: 505.164: [GC (Allocation Failure) 2024-10-09T21:24:55.949+0300: 505.164: [ParNew: 460096K->50199K(460096K), 0.0309661 secs] 1444033K->1058527K(4143232K), 0.0310540 secs] [Times: user=0.02 sys=0.00, real=0.03 secs] 
2024-10-09T21:24:55.980+0300: 505.195: Total time for which application threads were stopped: 0.0313160 seconds, Stopping threads took: 0.0001456 seconds
2024-10-09T21:24:56.153+0300: 505.369: Application time: 0.1735758 seconds
2024-10-09T21:24:56.153+0300: 505.369: [GC (Allocation Failure) 2024-10-09T21:24:56.153+0300: 505.369: [ParNew: 459223K->51072K(460096K), 0.0249523 secs] 1467551K->1079865K(4143232K), 0.0250391 secs] [Times: user=0.03 sys=0.00, real=0.03 secs] 
2024-10-09T21:24:56.184+0300: 505.394: Total time for which application threads were stopped: 0.0253031 seconds, Stopping threads took: 0.0001415 seconds
2024-10-09T21:24:56.357+0300: 505.574: Application time: 0.1803443 seconds
2024-10-09T21:24:56.357+0300: 505.574: [GC (Allocation Failure) 2024-10-09T21:24:56.357+0300: 505.575: [ParNew: 460096K->51072K(460096K), 0.0244878 secs] 1488889K->1093039K(4143232K), 0.0245740 secs] [Times: user=0.03 sys=0.00, real=0.03 secs] 
2024-10-09T21:24:56.388+0300: 505.599: Total time for which application threads were stopped: 0.0248636 seconds, Stopping threads took: 0.0001630 seconds
2024-10-09T21:24:56.561+0300: 505.769: Application time: 0.1700792 seconds
2024-10-09T21:24:56.561+0300: 505.769: [GC (Allocation Failure) 2024-10-09T21:24:56.561+0300: 505.769: [ParNew: 460096K->51072K(460096K), 0.0273109 secs] 1502063K->1109705K(4143232K), 0.0288274 secs] [Times: user=0.01 sys=0.00, real=0.03 secs] 
2024-10-09T21:24:56.592+0300: 505.798: Total time for which application threads were stopped: 0.0290922 seconds, Stopping threads took: 0.0001460 seconds
2024-10-09T21:24:56.765+0300: 505.973: Application time: 0.1751589 seconds
2024-10-09T21:24:56.765+0300: 505.974: [GC (Allocation Failure) 2024-10-09T21:24:56.765+0300: 505.974: [ParNew: 460096K->51072K(460096K), 0.0323206 secs] 1518729K->1145651K(4143232K), 0.0324055 secs] [Times: user=0.03 sys=0.00, real=0.03 secs] 
2024-10-09T21:24:56.796+0300: 506.006: Total time for which application threads were stopped: 0.0326766 seconds, Stopping threads took: 0.0001483 seconds
2024-10-09T21:24:56.969+0300: 506.187: Application time: 0.1812686 seconds
2024-10-09T21:24:56.969+0300: 506.188: [GC (Allocation Failure) 2024-10-09T21:24:56.969+0300: 506.188: [ParNew: 460096K->51072K(460096K), 0.0212134 secs] 1554675K->1147388K(4143232K), 0.0213097 secs] [Times: user=0.03 sys=0.00, real=0.03 secs] 
2024-10-09T21:24:57.000+0300: 506.209: Total time for which application threads were stopped: 0.0215824 seconds, Stopping threads took: 0.0001453 seconds
2024-10-09T21:24:57.182+0300: 506.385: Application time: 0.1764126 seconds
2024-10-09T21:24:57.182+0300: 506.386: [GC (Allocation Failure) 2024-10-09T21:24:57.182+0300: 506.386: [ParNew: 460096K->51072K(460096K), 0.0289755 secs] 1556412K->1167126K(4143232K), 0.0290652 secs] [Times: user=0.01 sys=0.00, real=0.02 secs] 
2024-10-09T21:24:57.205+0300: 506.415: Total time for which application threads were stopped: 0.0293298 seconds, Stopping threads took: 0.0001399 seconds
2024-10-09T21:24:57.377+0300: 506.580: Application time: 0.1653955 seconds
2024-10-09T21:24:57.377+0300: 506.580: [GC (Allocation Failure) 2024-10-09T21:24:57.377+0300: 506.580: [ParNew: 460096K->49325K(460096K), 0.0283095 secs] 1576150K->1196054K(4143232K), 0.0283966 secs] [Times: user=0.02 sys=0.00, real=0.02 secs] 
2024-10-09T21:24:57.394+0300: 506.609: Total time for which application threads were stopped: 0.0286750 seconds, Stopping threads took: 0.0001432 seconds
2024-10-09T21:24:57.583+0300: 506.796: Application time: 0.1868382 seconds
2024-10-09T21:24:57.583+0300: 506.796: [GC (Allocation Failure) 2024-10-09T21:24:57.583+0300: 506.796: [ParNew: 458349K->51072K(460096K), 0.0222504 secs] 1605078K->1200464K(4143232K), 0.0223468 secs] [Times: user=0.09 sys=0.00, real=0.03 secs] 
2024-10-09T21:24:57.614+0300: 506.818: Total time for which application threads were stopped: 0.0226374 seconds, Stopping threads took: 0.0001375 seconds
2024-10-09T21:24:57.786+0300: 507.001: Application time: 0.1831661 seconds
2024-10-09T21:24:57.786+0300: 507.002: [GC (Allocation Failure) 2024-10-09T21:24:57.786+0300: 507.002: [ParNew: 460096K->51072K(460096K), 0.0295022 secs] 1609488K->1222519K(4143232K), 0.0295943 secs] [Times: user=0.03 sys=0.00, real=0.03 secs] 
2024-10-09T21:24:57.818+0300: 507.031: Total time for which application threads were stopped: 0.0298687 seconds, Stopping threads took: 0.0001541 seconds
2024-10-09T21:24:57.990+0300: 507.194: Application time: 0.1628953 seconds
2024-10-09T21:24:57.990+0300: 507.194: [GC (Allocation Failure) 2024-10-09T21:24:57.990+0300: 507.194: [ParNew: 460096K->48826K(460096K), 0.0330926 secs] 1631543K->1256385K(4143232K), 0.0331781 secs] [Times: user=0.02 sys=0.00, real=0.03 secs] 
2024-10-09T21:24:58.022+0300: 507.228: Total time for which application threads were stopped: 0.0334305 seconds, Stopping threads took: 0.0001302 seconds
2024-10-09T21:24:58.210+0300: 507.416: Application time: 0.1879824 seconds
2024-10-09T21:24:58.210+0300: 507.416: [GC (Allocation Failure) 2024-10-09T21:24:58.210+0300: 507.416: [ParNew: 457850K->42783K(460096K), 0.0245951 secs] 1665409K->1267660K(4143232K), 0.0246822 secs] [Times: user=0.03 sys=0.00, real=0.02 secs] 
2024-10-09T21:24:58.230+0300: 507.441: Total time for which application threads were stopped: 0.0249481 seconds, Stopping threads took: 0.0001407 seconds
2024-10-09T21:24:58.414+0300: 507.619: Application time: 0.1783029 seconds
2024-10-09T21:24:58.414+0300: 507.619: [GC (Allocation Failure) 2024-10-09T21:24:58.414+0300: 507.619: [ParNew: 451807K->51072K(460096K), 0.0240491 secs] 1676684K->1286996K(4143232K), 0.0241365 secs] [Times: user=0.03 sys=0.00, real=0.02 secs] 
2024-10-09T21:24:58.431+0300: 507.643: Total time for which application threads were stopped: 0.0243894 seconds, Stopping threads took: 0.0001307 seconds
2024-10-09T21:24:58.587+0300: 507.804: Application time: 0.1608468 seconds
2024-10-09T21:24:58.587+0300: 507.804: [GC (Allocation Failure) 2024-10-09T21:24:58.587+0300: 507.804: [ParNew: 460096K->51072K(460096K), 0.0330123 secs] 1696020K->1320393K(4143232K), 0.0331057 secs] [Times: user=0.09 sys=0.00, real=0.05 secs] 
2024-10-09T21:24:58.634+0300: 507.838: Total time for which application threads were stopped: 0.0334117 seconds, Stopping threads took: 0.0001583 seconds
2024-10-09T21:24:58.822+0300: 508.031: Application time: 0.1931459 seconds
2024-10-09T21:24:58.822+0300: 508.031: [GC (Allocation Failure) 2024-10-09T21:24:58.822+0300: 508.031: [ParNew: 460096K->44842K(460096K), 0.0294458 secs] 1729417K->1341966K(4143232K), 0.0295330 secs] [Times: user=0.02 sys=0.00, real=0.03 secs] 
2024-10-09T21:24:58.854+0300: 508.060: Total time for which application threads were stopped: 0.0297848 seconds, Stopping threads took: 0.0001290 seconds
2024-10-09T21:24:59.042+0300: 508.249: Application time: 0.1881783 seconds
2024-10-09T21:24:59.042+0300: 508.249: [GC (Allocation Failure) 2024-10-09T21:24:59.042+0300: 508.249: [ParNew: 453866K->51072K(460096K), 0.0245894 secs] 1750990K->1358835K(4143232K), 0.0246789 secs] [Times: user=0.01 sys=0.00, real=0.02 secs] 
2024-10-09T21:24:59.058+0300: 508.274: Total time for which application threads were stopped: 0.0249868 seconds, Stopping threads took: 0.0001818 seconds
2024-10-09T21:24:59.215+0300: 508.433: Application time: 0.1596272 seconds
2024-10-09T21:24:59.230+0300: 508.434: [GC (Allocation Failure) 2024-10-09T21:24:59.230+0300: 508.434: [ParNew: 460096K->51072K(460096K), 0.0268479 secs] 1767859K->1378073K(4143232K), 0.0269387 secs] [Times: user=0.02 sys=0.00, real=0.02 secs] 
2024-10-09T21:24:59.246+0300: 508.461: Total time for which application threads were stopped: 0.0272385 seconds, Stopping threads took: 0.0001499 seconds
2024-10-09T21:24:59.435+0300: 508.645: Application time: 0.1848434 seconds
2024-10-09T21:24:59.435+0300: 508.646: [GC (Allocation Failure) 2024-10-09T21:24:59.435+0300: 508.646: [ParNew: 460096K->45602K(460096K), 0.0274709 secs] 1787097K->1402606K(4143232K), 0.0275607 secs] [Times: user=0.05 sys=0.00, real=0.03 secs] 
2024-10-09T21:24:59.466+0300: 508.673: Total time for which application threads were stopped: 0.0278276 seconds, Stopping threads took: 0.0001434 seconds
2024-10-09T21:24:59.655+0300: 508.867: Application time: 0.1938383 seconds
2024-10-09T21:24:59.655+0300: 508.867: [GC (Allocation Failure) 2024-10-09T21:24:59.655+0300: 508.867: [ParNew: 454626K->51072K(460096K), 0.0240483 secs] 1811630K->1412369K(4143232K), 0.0241375 secs] [Times: user=0.03 sys=0.00, real=0.03 secs] 
2024-10-09T21:24:59.686+0300: 508.891: Total time for which application threads were stopped: 0.0244344 seconds, Stopping threads took: 0.0001354 seconds
2024-10-09T21:24:59.843+0300: 509.055: Application time: 0.1638537 seconds
2024-10-09T21:24:59.843+0300: 509.056: [GC (Allocation Failure) 2024-10-09T21:24:59.843+0300: 509.056: [ParNew: 460096K->51072K(460096K), 0.0317578 secs] 1821393K->1437830K(4143232K), 0.0318485 secs] [Times: user=0.03 sys=0.00, real=0.03 secs] 
2024-10-09T21:24:59.874+0300: 509.087: Total time for which application threads were stopped: 0.0321304 seconds, Stopping threads took: 0.0001613 seconds
2024-10-09T21:25:00.063+0300: 509.268: Application time: 0.1803612 seconds
2024-10-09T21:25:00.063+0300: 509.268: [GC (Allocation Failure) 2024-10-09T21:25:00.063+0300: 509.268: [ParNew: 460096K->48192K(460096K), 0.0278290 secs] 1846854K->1464206K(4143232K), 0.0279211 secs] [Times: user=0.01 sys=0.00, real=0.02 secs] 
2024-10-09T21:25:00.078+0300: 509.296: Total time for which application threads were stopped: 0.0281831 seconds, Stopping threads took: 0.0001429 seconds
2024-10-09T21:25:00.266+0300: 509.480: Application time: 0.1836723 seconds
2024-10-09T21:25:00.266+0300: 509.480: [GC (Allocation Failure) 2024-10-09T21:25:00.266+0300: 509.480: [ParNew: 457216K->51072K(460096K), 0.0223512 secs] 1873230K->1473223K(4143232K), 0.0224341 secs] [Times: user=0.03 sys=0.00, real=0.03 secs] 
2024-10-09T21:25:00.297+0300: 509.502: Total time for which application threads were stopped: 0.0226936 seconds, Stopping threads took: 0.0001334 seconds
2024-10-09T21:25:00.470+0300: 509.674: Application time: 0.1712963 seconds
2024-10-09T21:25:00.470+0300: 509.674: [GC (Allocation Failure) 2024-10-09T21:25:00.470+0300: 509.674: [ParNew: 460096K->51072K(460096K), 0.0312435 secs] 1882247K->1496226K(4143232K), 0.0313274 secs] [Times: user=0.05 sys=0.00, real=0.03 secs] 
2024-10-09T21:25:00.501+0300: 509.705: Total time for which application threads were stopped: 0.0315887 seconds, Stopping threads took: 0.0001346 seconds
2024-10-09T21:25:00.674+0300: 509.890: Application time: 0.1847072 seconds
2024-10-09T21:25:00.674+0300: 509.890: [GC (Allocation Failure) 2024-10-09T21:25:00.674+0300: 509.890: [ParNew: 460096K->51072K(460096K), 0.0275477 secs] 1905250K->1522603K(4143232K), 0.0276406 secs] [Times: user=0.03 sys=0.00, real=0.03 secs] 
2024-10-09T21:25:00.706+0300: 509.918: Total time for which application threads were stopped: 0.0279528 seconds, Stopping threads took: 0.0001515 seconds
2024-10-09T21:25:00.894+0300: 510.098: Application time: 0.1797782 seconds
2024-10-09T21:25:00.894+0300: 510.098: [GC (Allocation Failure) 2024-10-09T21:25:00.894+0300: 510.098: [ParNew: 460096K->47976K(460096K), 0.0240358 secs] 1931627K->1533059K(4143232K), 0.0241224 secs] [Times: user=0.01 sys=0.00, real=0.02 secs] 
2024-10-09T21:25:00.910+0300: 510.122: Total time for which application threads were stopped: 0.0243751 seconds, Stopping threads took: 0.0001151 seconds
2024-10-09T21:25:01.082+0300: 510.297: Application time: 0.1747929 seconds
2024-10-09T21:25:01.082+0300: 510.297: [GC (Allocation Failure) 2024-10-09T21:25:01.082+0300: 510.297: [ParNew: 457000K->51072K(460096K), 0.0242898 secs] 1942083K->1551344K(4143232K), 0.0243879 secs] [Times: user=0.03 sys=0.00, real=0.03 secs] 
2024-10-09T21:25:01.114+0300: 510.322: Total time for which application threads were stopped: 0.0246884 seconds, Stopping threads took: 0.0001691 seconds
2024-10-09T21:25:01.286+0300: 510.493: Application time: 0.1718297 seconds
2024-10-09T21:25:01.286+0300: 510.494: [GC (Allocation Failure) 2024-10-09T21:25:01.286+0300: 510.494: [ParNew: 460096K->51072K(460096K), 0.0304941 secs] 1960368K->1576222K(4143232K), 0.0305800 secs] [Times: user=0.03 sys=0.00, real=0.03 secs] 
2024-10-09T21:25:01.318+0300: 510.524: Total time for which application threads were stopped: 0.0308471 seconds, Stopping threads took: 0.0001498 seconds
2024-10-09T21:25:01.475+0300: 510.693: Application time: 0.1683414 seconds
2024-10-09T21:25:01.475+0300: 510.693: [GC (Allocation Failure) 2024-10-09T21:25:01.475+0300: 510.693: [ParNew: 460096K->49665K(460096K), 0.0251740 secs] 1985246K->1594499K(4143232K), 0.0252647 secs] [Times: user=0.03 sys=0.00, real=0.03 secs] 
2024-10-09T21:25:01.506+0300: 510.718: Total time for which application threads were stopped: 0.0255601 seconds, Stopping threads took: 0.0001640 seconds
2024-10-09T21:25:01.694+0300: 510.900: Application time: 0.1822693 seconds
2024-10-09T21:25:01.694+0300: 510.901: [GC (Allocation Failure) 2024-10-09T21:25:01.694+0300: 510.901: [ParNew: 458689K->51072K(460096K), 0.0243936 secs] 2003523K->1609276K(4143232K), 0.0244845 secs] [Times: user=0.03 sys=0.00, real=0.02 secs] 
2024-10-09T21:25:01.710+0300: 510.925: Total time for which application threads were stopped: 0.0248052 seconds, Stopping threads took: 0.0001787 seconds
2024-10-09T21:25:01.898+0300: 511.104: Application time: 0.1789930 seconds
2024-10-09T21:25:01.898+0300: 511.104: [GC (Allocation Failure) 2024-10-09T21:25:01.898+0300: 511.105: [ParNew: 460096K->51072K(460096K), 0.0263152 secs] 2018300K->1628800K(4143232K), 0.0264123 secs] [Times: user=0.02 sys=0.00, real=0.02 secs] 
2024-10-09T21:25:01.914+0300: 511.131: Total time for which application threads were stopped: 0.0267349 seconds, Stopping threads took: 0.0001864 seconds
2024-10-09T21:25:02.087+0300: 511.298: Application time: 0.1675072 seconds
2024-10-09T21:25:02.087+0300: 511.299: [GC (Allocation Failure) 2024-10-09T21:25:02.087+0300: 511.299: [ParNew: 460096K->51072K(460096K), 0.0229784 secs] 2037824K->1643852K(4143232K), 0.0230617 secs] [Times: user=0.03 sys=0.00, real=0.03 secs] 
2024-10-09T21:25:02.118+0300: 511.322: Total time for which application threads were stopped: 0.0233846 seconds, Stopping threads took: 0.0002010 seconds
2024-10-09T21:25:02.291+0300: 511.498: Application time: 0.1762232 seconds
2024-10-09T21:25:02.291+0300: 511.498: [GC (Allocation Failure) 2024-10-09T21:25:02.291+0300: 511.498: [ParNew: 460096K->51072K(460096K), 0.0247639 secs] 2052876K->1659257K(4143232K), 0.0248514 secs] [Times: user=0.02 sys=0.00, real=0.02 secs] 
2024-10-09T21:25:02.306+0300: 511.523: Total time for which application threads were stopped: 0.0251179 seconds, Stopping threads took: 0.0001407 seconds
2024-10-09T21:25:02.495+0300: 511.702: Application time: 0.1787438 seconds
2024-10-09T21:25:02.495+0300: 511.702: [GC (Allocation Failure) 2024-10-09T21:25:02.495+0300: 511.702: [ParNew: 460096K->51072K(460096K), 0.0263518 secs] 2068281K->1674980K(4143232K), 0.0264314 secs] [Times: user=0.02 sys=0.00, real=0.02 secs] 
2024-10-09T21:25:02.511+0300: 511.729: Total time for which application threads were stopped: 0.0266822 seconds, Stopping threads took: 0.0001276 seconds
2024-10-09T21:25:02.683+0300: 511.899: Application time: 0.1702456 seconds
2024-10-09T21:25:02.683+0300: 511.899: [GC (Allocation Failure) 2024-10-09T21:25:02.683+0300: 511.899: [ParNew: 460096K->51072K(460096K), 0.0281337 secs] 2084004K->1699065K(4143232K), 0.0282319 secs] [Times: user=0.19 sys=0.00, real=0.03 secs] 
2024-10-09T21:25:02.715+0300: 511.928: Total time for which application threads were stopped: 0.0287807 seconds, Stopping threads took: 0.0004063 seconds
2024-10-09T21:25:02.887+0300: 512.105: Application time: 0.1772998 seconds
2024-10-09T21:25:02.887+0300: 512.105: [GC (Allocation Failure) 2024-10-09T21:25:02.887+0300: 512.105: [ParNew: 460096K->51072K(460096K), 0.0237042 secs] 2108089K->1710501K(4143232K), 0.0237904 secs] [Times: user=0.03 sys=0.00, real=0.03 secs] 
2024-10-09T21:25:02.919+0300: 512.129: Total time for which application threads were stopped: 0.0240458 seconds, Stopping threads took: 0.0001335 seconds
2024-10-09T21:25:03.107+0300: 512.313: Application time: 0.1837857 seconds
2024-10-09T21:25:03.107+0300: 512.313: [GC (Allocation Failure) 2024-10-09T21:25:03.107+0300: 512.313: [ParNew: 460096K->51072K(460096K), 0.0290967 secs] 2119525K->1736162K(4143232K), 0.0291777 secs] [Times: user=0.02 sys=0.00, real=0.03 secs] 
2024-10-09T21:25:03.139+0300: 512.342: Total time for which application threads were stopped: 0.0294272 seconds, Stopping threads took: 0.0001279 seconds
2024-10-09T21:25:03.311+0300: 512.516: Application time: 0.1732876 seconds
2024-10-09T21:25:03.311+0300: 512.516: [GC (Allocation Failure) 2024-10-09T21:25:03.311+0300: 512.516: [ParNew: 460096K->51072K(460096K), 0.0288936 secs] 2145186K->1761585K(4143232K), 0.0289779 secs] [Times: user=0.03 sys=0.00, real=0.03 secs] 
2024-10-09T21:25:03.341+0300: 512.545: Total time for which application threads were stopped: 0.0292428 seconds, Stopping threads took: 0.0001479 seconds
2024-10-09T21:25:03.515+0300: 512.719: Application time: 0.1739692 seconds
2024-10-09T21:25:03.515+0300: 512.719: [GC (Allocation Failure) 2024-10-09T21:25:03.515+0300: 512.719: [ParNew: 460096K->51072K(460096K), 0.0226390 secs] 2170609K->1772673K(4143232K), 0.0227222 secs] [Times: user=0.02 sys=0.00, real=0.02 secs] 
2024-10-09T21:25:03.531+0300: 512.742: Total time for which application threads were stopped: 0.0229660 seconds, Stopping threads took: 0.0001201 seconds
2024-10-09T21:25:03.720+0300: 512.925: Application time: 0.1833044 seconds
2024-10-09T21:25:03.720+0300: 512.925: [GC (Allocation Failure) 2024-10-09T21:25:03.720+0300: 512.925: [ParNew: 460096K->51072K(460096K), 0.0268252 secs] 2181697K->1793780K(4143232K), 0.0269250 secs] [Times: user=0.03 sys=0.00, real=0.02 secs] 
2024-10-09T21:25:03.742+0300: 512.952: Total time for which application threads were stopped: 0.0271967 seconds, Stopping threads took: 0.0001124 seconds
2024-10-09T21:25:03.924+0300: 513.132: Application time: 0.1801059 seconds
2024-10-09T21:25:03.924+0300: 513.133: [GC (Allocation Failure) 2024-10-09T21:25:03.924+0300: 513.133: [ParNew: 460096K->51072K(460096K), 0.0246071 secs] 2202804K->1810365K(4143232K), 0.0246956 secs] [Times: user=0.02 sys=0.00, real=0.02 secs] 
2024-10-09T21:25:03.943+0300: 513.157: Total time for which application threads were stopped: 0.0249669 seconds, Stopping threads took: 0.0001449 seconds
2024-10-09T21:25:04.112+0300: 513.330: Application time: 0.1729854 seconds
2024-10-09T21:25:04.112+0300: 513.331: [GC (Allocation Failure) 2024-10-09T21:25:04.112+0300: 513.331: [ParNew: 460096K->51072K(460096K), 0.0261959 secs] 2219389K->1826365K(4143232K), 0.0262865 secs] [Times: user=0.03 sys=0.00, real=0.03 secs] 
2024-10-09T21:25:04.144+0300: 513.357: Total time for which application threads were stopped: 0.0265624 seconds, Stopping threads took: 0.0001313 seconds
2024-10-09T21:25:04.316+0300: 513.524: Application time: 0.1667820 seconds
2024-10-09T21:25:04.316+0300: 513.524: [GC (Allocation Failure) 2024-10-09T21:25:04.316+0300: 513.524: [ParNew: 460096K->51072K(460096K), 0.0281191 secs] 2235389K->1851509K(4143232K), 0.0282005 secs] [Times: user=0.03 sys=0.00, real=0.03 secs] 
2024-10-09T21:25:04.348+0300: 513.552: Total time for which application threads were stopped: 0.0284906 seconds, Stopping threads took: 0.0001655 seconds
2024-10-09T21:25:04.519+0300: 513.731: Application time: 0.1793665 seconds
2024-10-09T21:25:04.519+0300: 513.732: [GC (Allocation Failure) 2024-10-09T21:25:04.519+0300: 513.732: [ParNew: 460096K->51072K(460096K), 0.0255260 secs] 2260533K->1868099K(4143232K), 0.0256187 secs] [Times: user=0.03 sys=0.00, real=0.03 secs] 
2024-10-09T21:25:04.551+0300: 513.757: Total time for which application threads were stopped: 0.0258963 seconds, Stopping threads took: 0.0001551 seconds
2024-10-09T21:25:04.723+0300: 513.940: Application time: 0.1823828 seconds
2024-10-09T21:25:04.723+0300: 513.940: [GC (Allocation Failure) 2024-10-09T21:25:04.723+0300: 513.940: [ParNew: 460096K->51072K(460096K), 0.0301373 secs] 2277123K->1891553K(4143232K), 0.0302256 secs] [Times: user=0.03 sys=0.00, real=0.03 secs] 
2024-10-09T21:25:04.755+0300: 513.970: Total time for which application threads were stopped: 0.0304702 seconds, Stopping threads took: 0.0001251 seconds
2024-10-09T21:25:04.927+0300: 514.140: Application time: 0.1696656 seconds
2024-10-09T21:25:04.927+0300: 514.140: [GC (Allocation Failure) 2024-10-09T21:25:04.927+0300: 514.140: [ParNew: 460096K->51072K(460096K), 0.0264311 secs] 2300577K->1914261K(4143232K), 0.0265211 secs] [Times: user=0.03 sys=0.00, real=0.03 secs] 
2024-10-09T21:25:04.959+0300: 514.167: Total time for which application threads were stopped: 0.0268018 seconds, Stopping threads took: 0.0001544 seconds
2024-10-09T21:25:05.132+0300: 514.345: Application time: 0.1780049 seconds
2024-10-09T21:25:05.132+0300: 514.345: [GC (Allocation Failure) 2024-10-09T21:25:05.132+0300: 514.345: [ParNew: 460096K->45722K(460096K), 0.0271444 secs] 2323285K->1929194K(4143232K), 0.0272315 secs] [Times: user=0.03 sys=0.00, real=0.03 secs] 
2024-10-09T21:25:05.163+0300: 514.372: Total time for which application threads were stopped: 0.0275169 seconds, Stopping threads took: 0.0001640 seconds
2024-10-09T21:25:05.346+0300: 514.550: Application time: 0.1778965 seconds
2024-10-09T21:25:05.346+0300: 514.550: [GC (Allocation Failure) 2024-10-09T21:25:05.346+0300: 514.550: [ParNew: 454746K->51072K(460096K), 0.0249614 secs] 2338218K->1950343K(4143232K), 0.0250532 secs] [Times: user=0.03 sys=0.00, real=0.02 secs] 
2024-10-09T21:25:05.367+0300: 514.576: Total time for which application threads were stopped: 0.0253629 seconds, Stopping threads took: 0.0001835 seconds
2024-10-09T21:25:05.546+0300: 514.753: Application time: 0.1770179 seconds
2024-10-09T21:25:05.546+0300: 514.753: [GC (Allocation Failure) 2024-10-09T21:25:05.546+0300: 514.753: [ParNew: 460096K->51072K(460096K), 0.0276513 secs] 2359367K->1972801K(4143232K), 0.0277373 secs] [Times: user=0.03 sys=0.00, real=0.03 secs] 
2024-10-09T21:25:05.571+0300: 514.781: Total time for which application threads were stopped: 0.0280142 seconds, Stopping threads took: 0.0001546 seconds
2024-10-09T21:25:05.747+0300: 514.960: Application time: 0.1795117 seconds
2024-10-09T21:25:05.747+0300: 514.960: [GC (Allocation Failure) 2024-10-09T21:25:05.747+0300: 514.960: [ParNew: 460096K->51072K(460096K), 0.0229462 secs] 2381825K->1981231K(4143232K), 0.0230360 secs] [Times: user=0.03 sys=0.00, real=0.03 secs] 
2024-10-09T21:25:05.775+0300: 514.983: Total time for which application threads were stopped: 0.0233358 seconds, Stopping threads took: 0.0001605 seconds
2024-10-09T21:25:05.948+0300: 515.157: Application time: 0.1731488 seconds
2024-10-09T21:25:05.948+0300: 515.157: [GC (Allocation Failure) 2024-10-09T21:25:05.948+0300: 515.157: [ParNew: 460096K->47216K(460096K), 0.0324191 secs] 2390255K->2011794K(4143232K), 0.0325062 secs] [Times: user=0.03 sys=0.00, real=0.03 secs] 
2024-10-09T21:25:05.979+0300: 515.189: Total time for which application threads were stopped: 0.0327740 seconds, Stopping threads took: 0.0001495 seconds
2024-10-09T21:25:06.168+0300: 515.372: Application time: 0.1831146 seconds
2024-10-09T21:25:06.168+0300: 515.373: [GC (Allocation Failure) 2024-10-09T21:25:06.168+0300: 515.373: [ParNew: 456240K->44683K(460096K), 0.0249653 secs] 2420818K->2028482K(4143232K), 0.0258034 secs] [Times: user=0.01 sys=0.00, real=0.02 secs] 
2024-10-09T21:25:06.183+0300: 515.399: Total time for which application threads were stopped: 0.0260709 seconds, Stopping threads took: 0.0001447 seconds
2024-10-09T21:25:06.372+0300: 515.577: Application time: 0.1789736 seconds
2024-10-09T21:25:06.372+0300: 515.578: [GC (Allocation Failure) 2024-10-09T21:25:06.372+0300: 515.578: [ParNew: 453707K->51072K(460096K), 0.0232747 secs] 2437506K->2041535K(4143232K), 0.0233631 secs] [Times: user=0.02 sys=0.00, real=0.02 secs] 
2024-10-09T21:25:06.387+0300: 515.601: Total time for which application threads were stopped: 0.0236622 seconds, Stopping threads took: 0.0001698 seconds
2024-10-09T21:25:06.560+0300: 515.763: Application time: 0.1619557 seconds
2024-10-09T21:25:06.560+0300: 515.763: [GC (Allocation Failure) 2024-10-09T21:25:06.560+0300: 515.763: [ParNew: 460096K->41952K(460096K), 0.0321422 secs] 2450559K->2066814K(4143232K), 0.0322249 secs] [Times: user=0.01 sys=0.00, real=0.03 secs] 
2024-10-09T21:25:06.591+0300: 515.796: Total time for which application threads were stopped: 0.0325166 seconds, Stopping threads took: 0.0001615 seconds
2024-10-09T21:25:06.780+0300: 515.989: Application time: 0.1931550 seconds
2024-10-09T21:25:06.780+0300: 515.989: [GC (Allocation Failure) 2024-10-09T21:25:06.780+0300: 515.989: [ParNew: 450976K->51072K(460096K), 0.0244982 secs] 2475838K->2091894K(4143232K), 0.0245849 secs] [Times: user=0.02 sys=0.00, real=0.02 secs] 
2024-10-09T21:25:06.795+0300: 516.014: Total time for which application threads were stopped: 0.0248360 seconds, Stopping threads took: 0.0001309 seconds
2024-10-09T21:25:06.984+0300: 516.199: Application time: 0.1858508 seconds
2024-10-09T21:25:06.984+0300: 516.200: [GC (Allocation Failure) 2024-10-09T21:25:06.984+0300: 516.200: [ParNew: 460096K->51072K(460096K), 0.0246681 secs] 2500918K->2099887K(4143232K), 0.0247681 secs] [Times: user=0.03 sys=0.00, real=0.03 secs] 
2024-10-09T21:25:07.015+0300: 516.225: Total time for which application threads were stopped: 0.0250699 seconds, Stopping threads took: 0.0001666 seconds
2024-10-09T21:25:07.172+0300: 516.382: Application time: 0.1574925 seconds
2024-10-09T21:25:07.172+0300: 516.382: [GC (Allocation Failure) 2024-10-09T21:25:07.172+0300: 516.382: [ParNew: 460096K->50145K(460096K), 0.0320527 secs] 2508911K->2136159K(4143232K), 0.0321319 secs] [Times: user=0.05 sys=0.00, real=0.04 secs] 
2024-10-09T21:25:07.211+0300: 516.414: Total time for which application threads were stopped: 0.0323907 seconds, Stopping threads took: 0.0001407 seconds
2024-10-09T21:25:07.392+0300: 516.603: Application time: 0.1884633 seconds
2024-10-09T21:25:07.392+0300: 516.603: [GC (Allocation Failure) 2024-10-09T21:25:07.392+0300: 516.603: [ParNew: 459169K->51072K(460096K), 0.0206672 secs] 2545183K->2138286K(4143232K), 0.0207549 secs] [Times: user=0.05 sys=0.00, real=0.02 secs] 
2024-10-09T21:25:07.407+0300: 516.624: Total time for which application threads were stopped: 0.0210198 seconds, Stopping threads took: 0.0001404 seconds
2024-10-09T21:25:07.596+0300: 516.807: Application time: 0.1826359 seconds
2024-10-09T21:25:07.596+0300: 516.807: [GC (Allocation Failure) 2024-10-09T21:25:07.596+0300: 516.807: [ParNew: 460096K->51072K(460096K), 0.0329823 secs] 2547310K->2162407K(4143232K), 0.0330832 secs] [Times: user=0.17 sys=0.00, real=0.03 secs] 
2024-10-09T21:25:07.627+0300: 516.840: Total time for which application threads were stopped: 0.0334021 seconds, Stopping threads took: 0.0001538 seconds
2024-10-09T21:25:07.800+0300: 517.006: Application time: 0.1658567 seconds
2024-10-09T21:25:07.800+0300: 517.006: [GC (Allocation Failure) 2024-10-09T21:25:07.800+0300: 517.006: [ParNew: 460096K->51072K(460096K), 0.0262833 secs] 2571431K->2184050K(4143232K), 0.0263707 secs] [Times: user=0.01 sys=0.00, real=0.02 secs] 
2024-10-09T21:25:07.816+0300: 517.032: Total time for which application threads were stopped: 0.0266332 seconds, Stopping threads took: 0.0001415 seconds
2024-10-09T21:25:08.004+0300: 517.215: Application time: 0.1820700 seconds
2024-10-09T21:25:08.004+0300: 517.215: [GC (Allocation Failure) 2024-10-09T21:25:08.004+0300: 517.215: [ParNew: 460096K->47095K(460096K), 0.0287844 secs] 2593074K->2207052K(4143232K), 0.0288764 secs] [Times: user=0.06 sys=0.00, real=0.03 secs] 
2024-10-09T21:25:08.035+0300: 517.244: Total time for which application threads were stopped: 0.0291596 seconds, Stopping threads took: 0.0001609 seconds
2024-10-09T21:25:08.208+0300: 517.424: Application time: 0.1803392 seconds
2024-10-09T21:25:08.208+0300: 517.424: [GC (Allocation Failure) 2024-10-09T21:25:08.208+0300: 517.424: [ParNew: 456119K->51072K(460096K), 0.0249466 secs] 2616076K->2223128K(4143232K), 0.0250306 secs] [Times: user=0.03 sys=0.00, real=0.03 secs] 
2024-10-09T21:25:08.239+0300: 517.449: Total time for which application threads were stopped: 0.0252891 seconds, Stopping threads took: 0.0001299 seconds
2024-10-09T21:25:08.397+0300: 517.612: Application time: 0.1621977 seconds
2024-10-09T21:25:08.397+0300: 517.612: [GC (Allocation Failure) 2024-10-09T21:25:08.397+0300: 517.612: [ParNew: 460096K->51072K(460096K), 0.0280428 secs] 2632152K->2243882K(4143232K), 0.0281423 secs] [Times: user=0.05 sys=0.00, real=0.03 secs] 
2024-10-09T21:25:08.428+0300: 517.640: Total time for which application threads were stopped: 0.0284492 seconds, Stopping threads took: 0.0001749 seconds
2024-10-09T21:25:08.616+0300: 517.824: Application time: 0.1835510 seconds
2024-10-09T21:25:08.616+0300: 517.824: [GC (Allocation Failure) 2024-10-09T21:25:08.616+0300: 517.824: [ParNew: 460096K->43579K(460096K), 0.0264695 secs] 2652906K->2259885K(4143232K), 0.0265709 secs] [Times: user=0.09 sys=0.00, real=0.03 secs] 
2024-10-09T21:25:08.647+0300: 517.851: Total time for which application threads were stopped: 0.0271066 seconds, Stopping threads took: 0.0003481 seconds
2024-10-09T21:25:08.820+0300: 518.035: Application time: 0.1848573 seconds
2024-10-09T21:25:08.820+0300: 518.036: [GC (Allocation Failure) 2024-10-09T21:25:08.820+0300: 518.036: [ParNew: 452603K->51072K(460096K), 0.0226635 secs] 2668909K->2273828K(4143232K), 0.0227566 secs] [Times: user=0.05 sys=0.00, real=0.03 secs] 
2024-10-09T21:25:08.854+0300: 518.059: Total time for which application threads were stopped: 0.0230427 seconds, Stopping threads took: 0.0001362 seconds
2024-10-09T21:25:09.009+0300: 518.226: Application time: 0.1671258 seconds
2024-10-09T21:25:09.009+0300: 518.226: [GC (Allocation Failure) 2024-10-09T21:25:09.009+0300: 518.226: [ParNew: 460096K->51072K(460096K), 0.0326851 secs] 2682852K->2305029K(4143232K), 0.0327711 secs] [Times: user=0.03 sys=0.00, real=0.04 secs] 
2024-10-09T21:25:09.054+0300: 518.259: Total time for which application threads were stopped: 0.0330095 seconds, Stopping threads took: 0.0001180 seconds
2024-10-09T21:25:09.229+0300: 518.436: Application time: 0.1777476 seconds
2024-10-09T21:25:09.229+0300: 518.437: [GC (Allocation Failure) 2024-10-09T21:25:09.229+0300: 518.437: [ParNew: 460096K->47032K(460096K), 0.0235290 secs] 2714053K->2319732K(4143232K), 0.0236142 secs] [Times: user=0.02 sys=0.00, real=0.02 secs] 
2024-10-09T21:25:09.254+0300: 518.460: Total time for which application threads were stopped: 0.0238535 seconds, Stopping threads took: 0.0001207 seconds
2024-10-09T21:25:09.433+0300: 518.641: Application time: 0.1810991 seconds
2024-10-09T21:25:09.433+0300: 518.642: [GC (Allocation Failure) 2024-10-09T21:25:09.433+0300: 518.642: [ParNew: 456056K->51072K(460096K), 0.0233923 secs] 2728756K->2331304K(4143232K), 0.0234799 secs] [Times: user=0.02 sys=0.00, real=0.02 secs] 
2024-10-09T21:25:09.455+0300: 518.665: Total time for which application threads were stopped: 0.0237469 seconds, Stopping threads took: 0.0001443 seconds
2024-10-09T21:25:09.621+0300: 518.835: Application time: 0.1693829 seconds
2024-10-09T21:25:09.621+0300: 518.835: [GC (Allocation Failure) 2024-10-09T21:25:09.621+0300: 518.835: [ParNew: 460096K->51072K(460096K), 0.0271444 secs] 2740328K->2350497K(4143232K), 0.0272363 secs] [Times: user=0.06 sys=0.00, real=0.04 secs] 
2024-10-09T21:25:09.659+0300: 518.862: Total time for which application threads were stopped: 0.0275559 seconds, Stopping threads took: 0.0001522 seconds
2024-10-09T21:25:09.825+0300: 519.038: Application time: 0.1763073 seconds
2024-10-09T21:25:09.825+0300: 519.039: [GC (Allocation Failure) 2024-10-09T21:25:09.825+0300: 519.039: [ParNew: 460096K->49899K(460096K), 0.0257464 secs] 2759521K->2371432K(4143232K), 0.0258442 secs] [Times: user=0.05 sys=0.00, real=0.03 secs] 
2024-10-09T21:25:09.856+0300: 519.064: Total time for which application threads were stopped: 0.0261079 seconds, Stopping threads took: 0.0001363 seconds
2024-10-09T21:25:10.045+0300: 519.252: Application time: 0.1878197 seconds
2024-10-09T21:25:10.045+0300: 519.253: [GC (Allocation Failure) 2024-10-09T21:25:10.045+0300: 519.253: [ParNew: 458923K->51072K(460096K), 0.0224648 secs] 2780456K->2379206K(4143232K), 0.0225511 secs] [Times: user=0.02 sys=0.00, real=0.02 secs] 
2024-10-09T21:25:10.061+0300: 519.275: Total time for which application threads were stopped: 0.0228062 seconds, Stopping threads took: 0.0001327 seconds
2024-10-09T21:25:10.233+0300: 519.441: Application time: 0.1663088 seconds
2024-10-09T21:25:10.233+0300: 519.442: [GC (Allocation Failure) 2024-10-09T21:25:10.233+0300: 519.442: [ParNew: 460096K->51072K(460096K), 0.0321349 secs] 2788230K->2402831K(4143232K), 0.0322214 secs] [Times: user=0.03 sys=0.00, real=0.03 secs] 
2024-10-09T21:25:10.265+0300: 519.474: Total time for which application threads were stopped: 0.0324923 seconds, Stopping threads took: 0.0001537 seconds
2024-10-09T21:25:10.437+0300: 519.649: Application time: 0.1747464 seconds
2024-10-09T21:25:10.437+0300: 519.649: [GC (Allocation Failure) 2024-10-09T21:25:10.437+0300: 519.649: [ParNew: 460096K->47985K(460096K), 0.0249875 secs] 2811855K->2417632K(4143232K), 0.0250703 secs] [Times: user=0.03 sys=0.00, real=0.03 secs] 
2024-10-09T21:25:10.469+0300: 519.674: Total time for which application threads were stopped: 0.0253291 seconds, Stopping threads took: 0.0001357 seconds
2024-10-09T21:25:10.657+0300: 519.864: Application time: 0.1901386 seconds
2024-10-09T21:25:10.657+0300: 519.864: [GC (Allocation Failure) 2024-10-09T21:25:10.657+0300: 519.864: [ParNew: 457009K->51072K(460096K), 0.0239742 secs] 2826656K->2433854K(4143232K), 0.0240688 secs] [Times: user=0.01 sys=0.00, real=0.02 secs] 
2024-10-09T21:25:10.673+0300: 519.889: Total time for which application threads were stopped: 0.0243708 seconds, Stopping threads took: 0.0001596 seconds
2024-10-09T21:25:10.845+0300: 520.056: Application time: 0.1672998 seconds
2024-10-09T21:25:10.845+0300: 520.056: [GC (Allocation Failure) 2024-10-09T21:25:10.845+0300: 520.056: [ParNew: 460096K->51072K(460096K), 0.0298962 secs] 2842878K->2457725K(4143232K), 0.0299803 secs] [Times: user=0.03 sys=0.00, real=0.03 secs] 
2024-10-09T21:25:10.877+0300: 520.086: Total time for which application threads were stopped: 0.0302432 seconds, Stopping threads took: 0.0001393 seconds
2024-10-09T21:25:11.058+0300: 520.263: Application time: 0.1766796 seconds
2024-10-09T21:25:11.058+0300: 520.263: [GC (Allocation Failure) 2024-10-09T21:25:11.058+0300: 520.263: [ParNew: 460096K->45272K(460096K), 0.0257396 secs] 2866749K->2474654K(4143232K), 0.0258252 secs] [Times: user=0.02 sys=0.00, real=0.02 secs] 
2024-10-09T21:25:11.081+0300: 520.289: Total time for which application threads were stopped: 0.0260608 seconds, Stopping threads took: 0.0001203 seconds
2024-10-09T21:25:11.258+0300: 520.465: Application time: 0.1757509 seconds
2024-10-09T21:25:11.258+0300: 520.465: [GC (Allocation Failure) 2024-10-09T21:25:11.258+0300: 520.465: [ParNew: 454296K->51072K(460096K), 0.0242667 secs] 2883678K->2493375K(4143232K), 0.0243575 secs] [Times: user=0.00 sys=0.00, real=0.03 secs] 
2024-10-09T21:25:11.285+0300: 520.489: Total time for which application threads were stopped: 0.0246373 seconds, Stopping threads took: 0.0001525 seconds
2024-10-09T21:25:11.457+0300: 520.661: Application time: 0.1714438 seconds
2024-10-09T21:25:11.457+0300: 520.661: [GC (Allocation Failure) 2024-10-09T21:25:11.457+0300: 520.661: [ParNew: 460096K->51072K(460096K), 0.0241831 secs] 2902399K->2507091K(4143232K), 0.0242699 secs] [Times: user=0.02 sys=0.00, real=0.02 secs] 
2024-10-09T21:25:11.473+0300: 520.685: Total time for which application threads were stopped: 0.0245448 seconds, Stopping threads took: 0.0001510 seconds
2024-10-09T21:25:11.661+0300: 520.866: Application time: 0.1804321 seconds
2024-10-09T21:25:11.661+0300: 520.866: [GC (Allocation Failure) 2024-10-09T21:25:11.661+0300: 520.868: [ParNew: 460096K->45002K(460096K), 0.0270840 secs] 2916115K->2523354K(4143232K), 0.0292808 secs] [Times: user=0.02 sys=0.00, real=0.02 secs] 
2024-10-09T21:25:11.677+0300: 520.895: Total time for which application threads were stopped: 0.0295818 seconds, Stopping threads took: 0.0001787 seconds
2024-10-09T21:25:11.865+0300: 521.070: Application time: 0.1745091 seconds
2024-10-09T21:25:11.865+0300: 521.070: [GC (Allocation Failure) 2024-10-09T21:25:11.865+0300: 521.070: [ParNew: 454026K->51072K(460096K), 0.0238899 secs] 2932378K->2540631K(4143232K), 0.0239788 secs] [Times: user=0.02 sys=0.00, real=0.02 secs] 
2024-10-09T21:25:11.881+0300: 521.094: Total time for which application threads were stopped: 0.0242556 seconds, Stopping threads took: 0.0001547 seconds
2024-10-09T21:25:12.060+0300: 521.269: Application time: 0.1745502 seconds
2024-10-09T21:25:12.060+0300: 521.269: [GC (Allocation Failure) 2024-10-09T21:25:12.060+0300: 521.269: [ParNew: 460096K->47691K(460096K), 0.0284439 secs] 2949655K->2563208K(4143232K), 0.0285227 secs] [Times: user=0.01 sys=0.00, real=0.03 secs] 
2024-10-09T21:25:12.085+0300: 521.297: Total time for which application threads were stopped: 0.0288027 seconds, Stopping threads took: 0.0001552 seconds
2024-10-09T21:25:12.273+0300: 521.479: Application time: 0.1817706 seconds
2024-10-09T21:25:12.273+0300: 521.479: [GC (Allocation Failure) 2024-10-09T21:25:12.273+0300: 521.479: [ParNew: 456715K->44802K(460096K), 0.0265339 secs] 2972232K->2582907K(4143232K), 0.0266226 secs] [Times: user=0.02 sys=0.00, real=0.02 secs] 
2024-10-09T21:25:12.289+0300: 521.506: Total time for which application threads were stopped: 0.0268875 seconds, Stopping threads took: 0.0001452 seconds
2024-10-09T21:25:12.477+0300: 521.690: Application time: 0.1835631 seconds
2024-10-09T21:25:12.477+0300: 521.690: [GC (Allocation Failure) 2024-10-09T21:25:12.477+0300: 521.690: [ParNew: 453826K->51072K(460096K), 0.0237887 secs] 2991931K->2598118K(4143232K), 0.0238769 secs] [Times: user=0.03 sys=0.00, real=0.03 secs] 
2024-10-09T21:25:12.508+0300: 521.714: Total time for which application threads were stopped: 0.0241546 seconds, Stopping threads took: 0.0001573 seconds
2024-10-09T21:25:12.681+0300: 521.886: Application time: 0.1719035 seconds
2024-10-09T21:25:12.681+0300: 521.886: [GC (Allocation Failure) 2024-10-09T21:25:12.681+0300: 521.886: [ParNew: 460096K->48179K(460096K), 0.0310472 secs] 3007142K->2626247K(4143232K), 0.0311417 secs] [Times: user=0.08 sys=0.00, real=0.03 secs] 
2024-10-09T21:25:12.712+0300: 521.917: Total time for which application threads were stopped: 0.0314357 seconds, Stopping threads took: 0.0001524 seconds
2024-10-09T21:25:12.900+0300: 522.107: Application time: 0.1898006 seconds
2024-10-09T21:25:12.900+0300: 522.107: [GC (Allocation Failure) 2024-10-09T21:25:12.900+0300: 522.107: [ParNew: 457203K->49115K(460096K), 0.0247927 secs] 3035271K->2642129K(4143232K), 0.0248788 secs] [Times: user=0.01 sys=0.00, real=0.02 secs] 
2024-10-09T21:25:12.916+0300: 522.132: Total time for which application threads were stopped: 0.0251248 seconds, Stopping threads took: 0.0001245 seconds
2024-10-09T21:25:13.104+0300: 522.312: Application time: 0.1795232 seconds
2024-10-09T21:25:13.104+0300: 522.312: [GC (Allocation Failure) 2024-10-09T21:25:13.104+0300: 522.312: [ParNew: 458139K->51072K(460096K), 0.0230104 secs] 3051153K->2654003K(4143232K), 0.0231082 secs] [Times: user=0.02 sys=0.00, real=0.02 secs] 
2024-10-09T21:25:13.120+0300: 522.335: Total time for which application threads were stopped: 0.0233816 seconds, Stopping threads took: 0.0001455 seconds
2024-10-09T21:25:13.293+0300: 522.499: Application time: 0.1636705 seconds
2024-10-09T21:25:13.293+0300: 522.499: [GC (Allocation Failure) 2024-10-09T21:25:13.293+0300: 522.499: [ParNew: 460096K->51072K(460096K), 0.0272252 secs] 3063027K->2678315K(4143232K), 0.0273203 secs] [Times: user=0.03 sys=0.00, real=0.02 secs] 
2024-10-09T21:25:13.308+0300: 522.526: Total time for which application threads were stopped: 0.0275816 seconds, Stopping threads took: 0.0001324 seconds
2024-10-09T21:25:13.497+0300: 522.710: Application time: 0.1837008 seconds
2024-10-09T21:25:13.497+0300: 522.710: [GC (Allocation Failure) 2024-10-09T21:25:13.497+0300: 522.710: [ParNew: 460096K->49964K(460096K), 0.0243310 secs] 3087339K->2692513K(4143232K), 0.0244156 secs] [Times: user=0.05 sys=0.00, real=0.03 secs] 
2024-10-09T21:25:13.528+0300: 522.735: Total time for which application threads were stopped: 0.0246866 seconds, Stopping threads took: 0.0001446 seconds
2024-10-09T21:25:13.701+0300: 522.912: Application time: 0.1778157 seconds
2024-10-09T21:25:13.701+0300: 522.913: [GC (Allocation Failure) 2024-10-09T21:25:13.701+0300: 522.913: [ParNew: 458988K->51072K(460096K), 0.0238443 secs] 3101537K->2703254K(4143232K), 0.0239336 secs] [Times: user=0.05 sys=0.00, real=0.03 secs] 
2024-10-09T21:25:13.732+0300: 522.937: Total time for which application threads were stopped: 0.0242558 seconds, Stopping threads took: 0.0001622 seconds
2024-10-09T21:25:13.889+0300: 523.107: Application time: 0.1703353 seconds
2024-10-09T21:25:13.889+0300: 523.107: [GC (Allocation Failure) 2024-10-09T21:25:13.889+0300: 523.107: [ParNew: 460096K->48105K(460096K), 0.0271787 secs] 3112278K->2723612K(4143232K), 0.0272658 secs] [Times: user=0.03 sys=0.00, real=0.03 secs] 
2024-10-09T21:25:13.920+0300: 523.135: Total time for which application threads were stopped: 0.0275769 seconds, Stopping threads took: 0.0001935 seconds
2024-10-09T21:25:14.109+0300: 523.313: Application time: 0.1788053 seconds
2024-10-09T21:25:14.109+0300: 523.314: [GC (Allocation Failure) 2024-10-09T21:25:14.109+0300: 523.314: [ParNew: 457129K->51072K(460096K), 0.0242974 secs] 3132636K->2742563K(4143232K), 0.0243807 secs] [Times: user=0.01 sys=0.00, real=0.02 secs] 
2024-10-09T21:25:14.124+0300: 523.338: Total time for which application threads were stopped: 0.0246263 seconds, Stopping threads took: 0.0001274 seconds
2024-10-09T21:25:14.297+0300: 523.514: Application time: 0.1757962 seconds
2024-10-09T21:25:14.297+0300: 523.514: [GC (Allocation Failure) 2024-10-09T21:25:14.297+0300: 523.514: [ParNew: 460096K->51072K(460096K), 0.0298488 secs] 3151587K->2763802K(4143232K), 0.0299372 secs] [Times: user=0.03 sys=0.00, real=0.03 secs] 
2024-10-09T21:25:14.328+0300: 523.544: Total time for which application threads were stopped: 0.0302000 seconds, Stopping threads took: 0.0001410 seconds
2024-10-09T21:25:14.501+0300: 523.712: Application time: 0.1677361 seconds
2024-10-09T21:25:14.501+0300: 523.712: [GC (Allocation Failure) 2024-10-09T21:25:14.501+0300: 523.712: [ParNew: 460096K->51072K(460096K), 0.0265302 secs] 3172826K->2785939K(4143232K), 0.0266240 secs] [Times: user=0.02 sys=0.00, real=0.03 secs] 
2024-10-09T21:25:14.532+0300: 523.739: Total time for which application threads were stopped: 0.0269226 seconds, Stopping threads took: 0.0001714 seconds
2024-10-09T21:25:14.705+0300: 523.919: Application time: 0.1806202 seconds
2024-10-09T21:25:14.705+0300: 523.920: [GC (Allocation Failure) 2024-10-09T21:25:14.705+0300: 523.920: [ParNew: 460096K->51072K(460096K), 0.0233992 secs] 3194963K->2797833K(4143232K), 0.0234954 secs] [Times: user=0.05 sys=0.00, real=0.03 secs] 
2024-10-09T21:25:14.736+0300: 523.943: Total time for which application threads were stopped: 0.0238085 seconds, Stopping threads took: 0.0001641 seconds
2024-10-09T21:25:14.909+0300: 524.120: Application time: 0.1774179 seconds
2024-10-09T21:25:14.909+0300: 524.121: [GC (Allocation Failure) 2024-10-09T21:25:14.909+0300: 524.121: [ParNew: 460096K->51072K(460096K), 0.0324485 secs] 3206857K->2826583K(4143232K), 0.0325375 secs] [Times: user=0.03 sys=0.00, real=0.03 secs] 
2024-10-09T21:25:14.940+0300: 524.153: Total time for which application threads were stopped: 0.0327870 seconds, Stopping threads took: 0.0001301 seconds
2024-10-09T21:25:15.113+0300: 524.326: Application time: 0.1723922 seconds
2024-10-09T21:25:15.113+0300: 524.326: [GC (Allocation Failure) 2024-10-09T21:25:15.113+0300: 524.326: [ParNew: 460096K->44340K(460096K), 0.0272399 secs] 3235607K->2843161K(4143232K), 0.0273264 secs] [Times: user=0.03 sys=0.00, real=0.03 secs] 
2024-10-09T21:25:15.144+0300: 524.353: Total time for which application threads were stopped: 0.0275817 seconds, Stopping threads took: 0.0001346 seconds
2024-10-09T21:25:15.317+0300: 524.535: Application time: 0.1819191 seconds
2024-10-09T21:25:15.317+0300: 524.535: [GC (Allocation Failure) 2024-10-09T21:25:15.317+0300: 524.535: [ParNew: 453364K->51072K(460096K), 0.0248440 secs] 3252185K->2864760K(4143232K), 0.0249274 secs] [Times: user=0.03 sys=0.00, real=0.03 secs] 
2024-10-09T21:25:15.348+0300: 524.560: Total time for which application threads were stopped: 0.0251603 seconds, Stopping threads took: 0.0001117 seconds
2024-10-09T21:25:15.521+0300: 524.738: Application time: 0.1772920 seconds
2024-10-09T21:25:15.521+0300: 524.738: [GC (Allocation Failure) 2024-10-09T21:25:15.521+0300: 524.738: [ParNew: 460096K->51072K(460096K), 0.0287677 secs] 3273784K->2887615K(4143232K), 0.0288707 secs] [Times: user=0.03 sys=0.00, real=0.03 secs] 
2024-10-09T21:25:15.552+0300: 524.767: Total time for which application threads were stopped: 0.0291804 seconds, Stopping threads took: 0.0001776 seconds
2024-10-09T21:25:15.725+0300: 524.940: Application time: 0.1734281 seconds
2024-10-09T21:25:15.725+0300: 524.941: [GC (Allocation Failure) 2024-10-09T21:25:15.725+0300: 524.941: [ParNew: 460096K->51072K(460096K), 0.0241030 secs] 3296639K->2902900K(4143232K), 0.0241826 secs] [Times: user=0.05 sys=0.00, real=0.03 secs] 
2024-10-09T21:25:15.756+0300: 524.965: Total time for which application threads were stopped: 0.0244663 seconds, Stopping threads took: 0.0001620 seconds
2024-10-09T21:25:15.929+0300: 525.147: Application time: 0.1821772 seconds
2024-10-09T21:25:15.929+0300: 525.147: [GC (Allocation Failure) 2024-10-09T21:25:15.929+0300: 525.147: [ParNew: 460096K->48446K(460096K), 0.0248214 secs] 3311924K->2917977K(4143232K), 0.0249036 secs] [Times: user=0.05 sys=0.00, real=0.04 secs] 
2024-10-09T21:25:15.968+0300: 525.172: Total time for which application threads were stopped: 0.0251855 seconds, Stopping threads took: 0.0001633 seconds
2024-10-09T21:25:16.133+0300: 525.350: Application time: 0.1781354 seconds
2024-10-09T21:25:16.133+0300: 525.350: [GC (Allocation Failure) 2024-10-09T21:25:16.133+0300: 525.351: [ParNew: 457470K->51072K(460096K), 0.0234361 secs] 3327001K->2931471K(4143232K), 0.0235187 secs] [Times: user=0.03 sys=0.00, real=0.04 secs] 
2024-10-09T21:25:16.169+0300: 525.374: Total time for which application threads were stopped: 0.0237938 seconds, Stopping threads took: 0.0001553 seconds
2024-10-09T21:25:16.337+0300: 525.541: Application time: 0.1670688 seconds
2024-10-09T21:25:16.337+0300: 525.541: [GC (Allocation Failure) 2024-10-09T21:25:16.337+0300: 525.541: [ParNew: 460096K->51072K(460096K), 0.0299951 secs] 3340495K->2961291K(4143232K), 0.0300843 secs] [Times: user=0.05 sys=0.00, real=0.03 secs] 
2024-10-09T21:25:16.368+0300: 525.571: Total time for which application threads were stopped: 0.0303565 seconds, Stopping threads took: 0.0001446 seconds
2024-10-09T21:25:16.541+0300: 525.754: Application time: 0.1826142 seconds
2024-10-09T21:25:16.541+0300: 525.754: [GC (Allocation Failure) 2024-10-09T21:25:16.541+0300: 525.754: [ParNew: 460096K->49492K(460096K), 0.0259488 secs] 3370315K->2977614K(4143232K), 0.0260357 secs] [Times: user=0.03 sys=0.00, real=0.03 secs] 
2024-10-09T21:25:16.573+0300: 525.780: Total time for which application threads were stopped: 0.0263988 seconds, Stopping threads took: 0.0002324 seconds
2024-10-09T21:25:16.745+0300: 525.960: Application time: 0.1795863 seconds
2024-10-09T21:25:16.745+0300: 525.960: [GC (Allocation Failure) 2024-10-09T21:25:16.745+0300: 525.960: [ParNew: 458516K->51072K(460096K), 0.0256118 secs] 3386638K->2992421K(4143232K), 0.0257085 secs] [Times: user=0.03 sys=0.00, real=0.03 secs] 
2024-10-09T21:25:16.777+0300: 525.986: Total time for which application threads were stopped: 0.0259770 seconds, Stopping threads took: 0.0001474 seconds
2024-10-09T21:25:16.933+0300: 526.148: Application time: 0.1619802 seconds
2024-10-09T21:25:16.933+0300: 526.148: [GC (Allocation Failure) 2024-10-09T21:25:16.933+0300: 526.148: [ParNew: 460096K->47016K(460096K), 0.0269149 secs] 3401445K->3012726K(4143232K), 0.0270068 secs] [Times: user=0.05 sys=0.00, real=0.04 secs] 
2024-10-09T21:25:16.971+0300: 526.175: Total time for which application threads were stopped: 0.0272699 seconds, Stopping threads took: 0.0001311 seconds
2024-10-09T21:25:17.152+0300: 526.363: Application time: 0.1874211 seconds
2024-10-09T21:25:17.152+0300: 526.363: [GC (Allocation Failure) 2024-10-09T21:25:17.152+0300: 526.363: [ParNew: 456040K->48704K(460096K), 0.0254623 secs] 3421750K->3033404K(4143232K), 0.0255486 secs] [Times: user=0.02 sys=0.00, real=0.03 secs] 
2024-10-09T21:25:17.184+0300: 526.389: Total time for which application threads were stopped: 0.0258290 seconds, Stopping threads took: 0.0001551 seconds
2024-10-09T21:25:17.356+0300: 526.563: Application time: 0.1744579 seconds
2024-10-09T21:25:17.356+0300: 526.563: [GC (Allocation Failure) 2024-10-09T21:25:17.356+0300: 526.563: [ParNew: 457728K->51072K(460096K), 0.0235832 secs] 3442428K->3045736K(4143232K), 0.0236740 secs] [Times: user=0.02 sys=0.00, real=0.02 secs] 
2024-10-09T21:25:17.372+0300: 526.587: Total time for which application threads were stopped: 0.0239603 seconds, Stopping threads took: 0.0001474 seconds
2024-10-09T21:25:17.529+0300: 526.744: Application time: 0.1574208 seconds
2024-10-09T21:25:17.529+0300: 526.745: [GC (Allocation Failure) 2024-10-09T21:25:17.529+0300: 526.745: [ParNew: 460096K->48090K(460096K), 0.0336834 secs] 3454760K->3083047K(4143232K), 0.0337724 secs] [Times: user=0.05 sys=0.00, real=0.04 secs] 
2024-10-09T21:25:17.572+0300: 526.778: Total time for which application threads were stopped: 0.0340747 seconds, Stopping threads took: 0.0001783 seconds
2024-10-09T21:25:17.749+0300: 526.967: Application time: 0.1885959 seconds
2024-10-09T21:25:17.749+0300: 526.967: [GC (Allocation Failure) 2024-10-09T21:25:17.749+0300: 526.967: [ParNew: 457114K->51072K(460096K), 0.0223578 secs] 3492071K->3088679K(4143232K), 0.0224414 secs] [Times: user=0.03 sys=0.00, real=0.03 secs] 
2024-10-09T21:25:17.781+0300: 526.990: Total time for which application threads were stopped: 0.0227790 seconds, Stopping threads took: 0.0001916 seconds
2024-10-09T21:25:17.952+0300: 527.167: Application time: 0.1772442 seconds
2024-10-09T21:25:17.952+0300: 527.167: [GC (Allocation Failure) 2024-10-09T21:25:17.952+0300: 527.167: [ParNew: 460096K->51072K(460096K), 0.0262406 secs] 3497703K->3102103K(4143232K), 0.0263273 secs] [Times: user=0.03 sys=0.00, real=0.03 secs] 
2024-10-09T21:25:17.984+0300: 527.194: Total time for which application threads were stopped: 0.0266058 seconds, Stopping threads took: 0.0001572 seconds
2024-10-09T21:25:18.141+0300: 527.356: Application time: 0.1621529 seconds
2024-10-09T21:25:18.141+0300: 527.356: [GC (Allocation Failure) 2024-10-09T21:25:18.141+0300: 527.356: [ParNew: 460096K->51072K(460096K), 0.0318152 secs] 3511127K->3134674K(4143232K), 0.0318952 secs] [Times: user=0.03 sys=0.00, real=0.03 secs] 
2024-10-09T21:25:18.173+0300: 527.388: Total time for which application threads were stopped: 0.0321633 seconds, Stopping threads took: 0.0001427 seconds
2024-10-09T21:25:18.360+0300: 527.568: Application time: 0.1796496 seconds
2024-10-09T21:25:18.360+0300: 527.568: [GC (Allocation Failure) 2024-10-09T21:25:18.360+0300: 527.568: [ParNew: 460096K->51072K(460096K), 0.0261608 secs] 3543698K->3152967K(4143232K), 0.0262427 secs] [Times: user=0.05 sys=0.00, real=0.02 secs] 
2024-10-09T21:25:18.376+0300: 527.594: Total time for which application threads were stopped: 0.0265150 seconds, Stopping threads took: 0.0001360 seconds
2024-10-09T21:25:18.564+0300: 527.772: Application time: 0.1778015 seconds
2024-10-09T21:25:18.564+0300: 527.772: [GC (Allocation Failure) 2024-10-09T21:25:18.564+0300: 527.772: [ParNew: 460096K->51072K(460096K), 0.0293161 secs] 3561991K->3172856K(4143232K), 0.0294015 secs] [Times: user=0.01 sys=0.00, real=0.03 secs] 
2024-10-09T21:25:18.596+0300: 527.802: Total time for which application threads were stopped: 0.0296633 seconds, Stopping threads took: 0.0001386 seconds
2024-10-09T21:25:18.768+0300: 527.974: Application time: 0.1718903 seconds
2024-10-09T21:25:18.768+0300: 527.974: [GC (Allocation Failure) 2024-10-09T21:25:18.768+0300: 527.974: [ParNew: 460096K->51072K(460096K), 0.0247893 secs] 3581880K->3191872K(4143232K), 0.0248823 secs] [Times: user=0.02 sys=0.00, real=0.02 secs] 
2024-10-09T21:25:18.784+0300: 527.999: Total time for which application threads were stopped: 0.0251790 seconds, Stopping threads took: 0.0001716 seconds
2024-10-09T21:25:18.956+0300: 528.168: Application time: 0.1696465 seconds
2024-10-09T21:25:18.956+0300: 528.169: [GC (Allocation Failure) 2024-10-09T21:25:18.956+0300: 528.169: [ParNew: 460096K->51072K(460096K), 0.0271032 secs] 3600896K->3212458K(4143232K), 0.0271896 secs] [Times: user=0.03 sys=0.00, real=0.03 secs] 
2024-10-09T21:25:18.988+0300: 528.196: Total time for which application threads were stopped: 0.0274595 seconds, Stopping threads took: 0.0001405 seconds
2024-10-09T21:25:19.160+0300: 528.374: Application time: 0.1783856 seconds
2024-10-09T21:25:19.160+0300: 528.374: [GC (Allocation Failure) 2024-10-09T21:25:19.160+0300: 528.374: [ParNew: 460096K->51072K(460096K), 0.0250393 secs] 3621482K->3226504K(4143232K), 0.0251270 secs] [Times: user=0.03 sys=0.00, real=0.03 secs] 
2024-10-09T21:25:19.192+0300: 528.400: Total time for which application threads were stopped: 0.0253850 seconds, Stopping threads took: 0.0001365 seconds
2024-10-09T21:25:19.364+0300: 528.570: Application time: 0.1707597 seconds
2024-10-09T21:25:19.364+0300: 528.571: [GC (Allocation Failure) 2024-10-09T21:25:19.364+0300: 528.571: [ParNew: 460096K->51072K(460096K), 0.0285020 secs] 3635528K->3250676K(4143232K), 0.0285872 secs] [Times: user=0.03 sys=0.00, real=0.03 secs] 
2024-10-09T21:25:19.396+0300: 528.599: Total time for which application threads were stopped: 0.0288228 seconds, Stopping threads took: 0.0001078 seconds
2024-10-09T21:25:19.568+0300: 528.772: Application time: 0.1728453 seconds
2024-10-09T21:25:19.568+0300: 528.772: [GC (Allocation Failure) 2024-10-09T21:25:19.568+0300: 528.772: [ParNew: 460096K->51072K(460096K), 0.0258875 secs] 3659700K->3266907K(4143232K), 0.0259745 secs] [Times: user=0.02 sys=0.00, real=0.02 secs] 
2024-10-09T21:25:19.584+0300: 528.798: Total time for which application threads were stopped: 0.0262415 seconds, Stopping threads took: 0.0001364 seconds
2024-10-09T21:25:19.772+0300: 528.978: Application time: 0.1801729 seconds
2024-10-09T21:25:19.772+0300: 528.979: [GC (Allocation Failure) 2024-10-09T21:25:19.772+0300: 528.979: [ParNew: 460096K->50736K(460096K), 0.0244233 secs] 3675931K->3283074K(4143232K), 0.0245223 secs] [Times: user=0.02 sys=0.00, real=0.02 secs] 
2024-10-09T21:25:19.788+0300: 529.003: Total time for which application threads were stopped: 0.0248088 seconds, Stopping threads took: 0.0001351 seconds
2024-10-09T21:25:19.961+0300: 529.174: Application time: 0.1710146 seconds
2024-10-09T21:25:19.961+0300: 529.175: [GC (Allocation Failure) 2024-10-09T21:25:19.961+0300: 529.175: [ParNew: 459760K->51072K(460096K), 0.0240122 secs] 3692098K->3296238K(4143232K), 0.0241006 secs] [Times: user=0.05 sys=0.00, real=0.03 secs] 
2024-10-09T21:25:19.992+0300: 529.199: Total time for which application threads were stopped: 0.0243835 seconds, Stopping threads took: 0.0001555 seconds
2024-10-09T21:25:20.164+0300: 529.379: Application time: 0.1802698 seconds
2024-10-09T21:25:20.164+0300: 529.379: [GC (Allocation Failure) 2024-10-09T21:25:20.164+0300: 529.379: [ParNew: 460096K->51072K(460096K), 0.0307538 secs] 3705262K->3322347K(4143232K), 0.0308445 secs] [Times: user=0.03 sys=0.00, real=0.03 secs] 
2024-10-09T21:25:20.196+0300: 529.410: Total time for which application threads were stopped: 0.0310880 seconds, Stopping threads took: 0.0001247 seconds
2024-10-09T21:25:20.368+0300: 529.577: Application time: 0.1669060 seconds
2024-10-09T21:25:20.368+0300: 529.577: [GC (Allocation Failure) 2024-10-09T21:25:20.368+0300: 529.577: [ParNew: 460096K->51072K(460096K), 0.0275443 secs] 3731371K->3345281K(4143232K), 0.0276317 secs] [Times: user=0.03 sys=0.00, real=0.03 secs] 
2024-10-09T21:25:20.400+0300: 529.605: Total time for which application threads were stopped: 0.0279016 seconds, Stopping threads took: 0.0001466 seconds
2024-10-09T21:25:20.572+0300: 529.780: Application time: 0.1746692 seconds
2024-10-09T21:25:20.572+0300: 529.780: [GC (Allocation Failure) 2024-10-09T21:25:20.572+0300: 529.780: [ParNew: 460096K->51072K(460096K), 0.0244556 secs] 3754305K->3358184K(4143232K), 0.0245479 secs] [Times: user=0.06 sys=0.00, real=0.02 secs] 
2024-10-09T21:25:20.588+0300: 529.804: Total time for which application threads were stopped: 0.0248117 seconds, Stopping threads took: 0.0001267 seconds
2024-10-09T21:25:20.779+0300: 529.987: Application time: 0.1828153 seconds
2024-10-09T21:25:20.779+0300: 529.987: [GC (Allocation Failure) 2024-10-09T21:25:20.779+0300: 529.987: [ParNew: 460096K->51072K(460096K), 0.0298488 secs] 3767208K->3382209K(4143232K), 0.0299349 secs] [Times: user=0.03 sys=0.00, real=0.03 secs] 
2024-10-09T21:25:20.808+0300: 530.017: Total time for which application threads were stopped: 0.0302052 seconds, Stopping threads took: 0.0001468 seconds
2024-10-09T21:25:20.965+0300: 530.179: Application time: 0.1618935 seconds
2024-10-09T21:25:20.965+0300: 530.180: [GC (Allocation Failure) 2024-10-09T21:25:20.965+0300: 530.180: [ParNew: 460096K->50958K(460096K), 0.0262266 secs] 3791233K->3400095K(4143232K), 0.0263116 secs] [Times: user=0.03 sys=0.00, real=0.03 secs] 
2024-10-09T21:25:20.996+0300: 530.206: Total time for which application threads were stopped: 0.0266109 seconds, Stopping threads took: 0.0001700 seconds
2024-10-09T21:25:21.169+0300: 530.382: Application time: 0.1765846 seconds
2024-10-09T21:25:21.169+0300: 530.383: [GC (Allocation Failure) 2024-10-09T21:25:21.169+0300: 530.383: [ParNew: 459982K->51072K(460096K), 0.0255990 secs] 3809119K->3417265K(4143232K), 0.0256874 secs] [Times: user=0.03 sys=0.00, real=0.03 secs] 
2024-10-09T21:25:21.200+0300: 530.408: Total time for which application threads were stopped: 0.0259587 seconds, Stopping threads took: 0.0001479 seconds
2024-10-09T21:25:21.389+0300: 530.595: Application time: 0.1863379 seconds
2024-10-09T21:25:21.389+0300: 530.595: [GC (Allocation Failure) 2024-10-09T21:25:21.389+0300: 530.595: [ParNew: 460096K->51072K(460096K), 0.0269963 secs] 3826289K->3434878K(4143232K), 0.0270986 secs] [Times: user=0.02 sys=0.00, real=0.02 secs] 
2024-10-09T21:25:21.404+0300: 530.622: Total time for which application threads were stopped: 0.0273768 seconds, Stopping threads took: 0.0001410 seconds
2024-10-09T21:25:21.577+0300: 530.782: Application time: 0.1600482 seconds
2024-10-09T21:25:21.577+0300: 530.782: [GC (Allocation Failure) 2024-10-09T21:25:21.577+0300: 530.782: [ParNew: 460096K->51072K(460096K), 0.0282572 secs] 3843902K->3455426K(4143232K), 0.0283549 secs] [Times: user=0.05 sys=0.00, real=0.02 secs] 
2024-10-09T21:25:21.593+0300: 530.811: Total time for which application threads were stopped: 0.0286462 seconds, Stopping threads took: 0.0001612 seconds
2024-10-09T21:25:21.593+0300: 530.811: Application time: 0.0002158 seconds
2024-10-09T21:25:21.593+0300: 530.811: [GC (CMS Initial Mark) [1 CMS-initial-mark: 3404354K(3683136K)] 3462183K(4143232K), 0.0045915 secs] [Times: user=0.02 sys=0.00, real=0.02 secs] 
2024-10-09T21:25:21.608+0300: 530.816: Total time for which application threads were stopped: 0.0048257 seconds, Stopping threads took: 0.0001248 seconds
2024-10-09T21:25:21.608+0300: 530.816: [CMS-concurrent-mark-start]
2024-10-09T21:25:21.624+0300: 530.834: [CMS-concurrent-mark: 0.018/0.018 secs] [Times: user=0.01 sys=0.00, real=0.02 secs] 
2024-10-09T21:25:21.624+0300: 530.834: [CMS-concurrent-preclean-start]
2024-10-09T21:25:21.624+0300: 530.838: [CMS-concurrent-preclean: 0.004/0.004 secs] [Times: user=0.00 sys=0.00, real=0.00 secs] 
2024-10-09T21:25:21.624+0300: 530.838: [CMS-concurrent-abortable-preclean-start]
2024-10-09T21:25:21.812+0300: 531.017: [CMS-concurrent-abortable-preclean: 0.179/0.179 secs] [Times: user=1.12 sys=0.00, real=0.19 secs] 
2024-10-09T21:25:21.812+0300: 531.017: Application time: 0.2013496 seconds
2024-10-09T21:25:21.812+0300: 531.017: [GC (CMS Final Remark) [YG occupancy: 434904 K (460096 K)]2024-10-09T21:25:21.812+0300: 531.018: [Rescan (parallel) , 0.0446195 secs]2024-10-09T21:25:21.844+0300: 531.062: [weak refs processing, 0.0000176 secs]2024-10-09T21:25:21.844+0300: 531.062: [class unloading, 0.0021512 secs]2024-10-09T21:25:21.859+0300: 531.064: [scrub symbol table, 0.0007259 secs]2024-10-09T21:25:21.859+0300: 531.065: [scrub string table, 0.0002075 secs][1 CMS-remark: 3404354K(3683136K)] 3839258K(4143232K), 0.0478329 secs] [Times: user=0.05 sys=0.00, real=0.05 secs] 
2024-10-09T21:25:21.859+0300: 531.065: Total time for which application threads were stopped: 0.0480975 seconds, Stopping threads took: 0.0001747 seconds
2024-10-09T21:25:21.859+0300: 531.065: [CMS-concurrent-sweep-start]
2024-10-09T21:25:21.859+0300: 531.076: Application time: 0.0109011 seconds
2024-10-09T21:25:21.859+0300: 531.076: [GC (Allocation Failure) 2024-10-09T21:25:21.859+0300: 531.077: [ParNew: 460096K->43980K(460096K), 0.0321950 secs] 3839466K->3457484K(4143232K), 0.0322819 secs] [Times: user=0.03 sys=0.00, real=0.03 secs] 
2024-10-09T21:25:21.891+0300: 531.109: Total time for which application threads were stopped: 0.0325435 seconds, Stopping threads took: 0.0001344 seconds
2024-10-09T21:25:22.126+0300: 531.331: Application time: 0.2219356 seconds
2024-10-09T21:25:22.126+0300: 531.331: [GC (Allocation Failure) 2024-10-09T21:25:22.126+0300: 531.331: [ParNew: 453004K->51072K(460096K), 0.0288216 secs] 3428507K->3035376K(4143232K), 0.0289174 secs] [Times: user=0.02 sys=0.00, real=0.02 secs] 
2024-10-09T21:25:22.142+0300: 531.360: Total time for which application threads were stopped: 0.0292690 seconds, Stopping threads took: 0.0002135 seconds
2024-10-09T21:25:22.362+0300: 531.579: Application time: 0.2185300 seconds
2024-10-09T21:25:22.362+0300: 531.579: [GC (Allocation Failure) 2024-10-09T21:25:22.362+0300: 531.579: [ParNew: 460096K->51072K(460096K), 0.0308544 secs] 3030251K->2646631K(4143232K), 0.0309490 secs] [Times: user=0.03 sys=0.00, real=0.03 secs] 
2024-10-09T21:25:22.393+0300: 531.610: Total time for which application threads were stopped: 0.0312580 seconds, Stopping threads took: 0.0001570 seconds
2024-10-09T21:25:22.597+0300: 531.814: Application time: 0.2045231 seconds
2024-10-09T21:25:22.597+0300: 531.815: [GC (Allocation Failure) 2024-10-09T21:25:22.597+0300: 531.815: [ParNew: 460096K->51072K(460096K), 0.0288252 secs] 2666621K->2272555K(4143232K), 0.0289227 secs] [Times: user=0.12 sys=0.00, real=0.03 secs] 
2024-10-09T21:25:22.628+0300: 531.844: Total time for which application threads were stopped: 0.0292464 seconds, Stopping threads took: 0.0001590 seconds
2024-10-09T21:25:22.848+0300: 532.053: Application time: 0.2093222 seconds
2024-10-09T21:25:22.848+0300: 532.053: [GC (Allocation Failure) 2024-10-09T21:25:22.848+0300: 532.053: [ParNew: 460096K->51072K(460096K), 0.0258686 secs] 2281803K->1893554K(4143232K), 0.0259550 secs] [Times: user=0.02 sys=0.00, real=0.02 secs] 
2024-10-09T21:25:22.864+0300: 532.079: Total time for which application threads were stopped: 0.0262006 seconds, Stopping threads took: 0.0001155 seconds
2024-10-09T21:25:23.068+0300: 532.283: Application time: 0.2040000 seconds
2024-10-09T21:25:23.068+0300: 532.283: [GC (Allocation Failure) 2024-10-09T21:25:23.068+0300: 532.283: [ParNew: 460096K->45302K(460096K), 0.0267246 secs] 1919791K->1525973K(4143232K), 0.0268184 secs] [Times: user=0.03 sys=0.00, real=0.03 secs] 
2024-10-09T21:25:23.099+0300: 532.310: Total time for which application threads were stopped: 0.0270860 seconds, Stopping threads took: 0.0001435 seconds
2024-10-09T21:25:23.319+0300: 532.526: Application time: 0.2159129 seconds
2024-10-09T21:25:23.319+0300: 532.526: [GC (Allocation Failure) 2024-10-09T21:25:23.319+0300: 532.526: [ParNew: 454326K->51072K(460096K), 0.0251349 secs] 1539715K->1153737K(4143232K), 0.0252225 secs] [Times: user=0.02 sys=0.00, real=0.02 secs] 
2024-10-09T21:25:23.335+0300: 532.552: Total time for which application threads were stopped: 0.0255275 seconds, Stopping threads took: 0.0001779 seconds
2024-10-09T21:25:23.555+0300: 532.767: Application time: 0.2158520 seconds
2024-10-09T21:25:23.555+0300: 532.768: [GC (Allocation Failure) 2024-10-09T21:25:23.555+0300: 532.768: [ParNew: 460096K->51072K(460096K), 0.0346502 secs] 1150517K->766866K(4143232K), 0.0347424 secs] [Times: user=0.03 sys=0.00, real=0.03 secs] 
2024-10-09T21:25:23.586+0300: 532.803: Total time for which application threads were stopped: 0.0350327 seconds, Stopping threads took: 0.0001647 seconds
2024-10-09T21:25:23.790+0300: 533.001: Application time: 0.1986093 seconds
2024-10-09T21:25:23.790+0300: 533.002: [GC (Allocation Failure) 2024-10-09T21:25:23.790+0300: 533.002: [ParNew: 460096K->51072K(460096K), 0.0261417 secs] 794968K->402241K(4143232K), 0.0262359 secs] [Times: user=0.01 sys=0.00, real=0.03 secs] 
2024-10-09T21:25:23.822+0300: 533.028: Total time for which application threads were stopped: 0.0267269 seconds, Stopping threads took: 0.0003273 seconds
2024-10-09T21:25:23.886+0300: 533.094: [CMS-concurrent-sweep: 1.765/2.029 secs] [Times: user=10.48 sys=0.01, real=2.03 secs] 
2024-10-09T21:25:23.886+0300: 533.094: [CMS-concurrent-reset-start]
2024-10-09T21:25:23.886+0300: 533.102: [CMS-concurrent-reset: 0.007/0.007 secs] [Times: user=0.00 sys=0.00, real=0.00 secs] 
2024-10-09T21:25:24.010+0300: 533.223: Application time: 0.1953027 seconds
2024-10-09T21:25:24.010+0300: 533.223: [GC (Allocation Failure) 2024-10-09T21:25:24.010+0300: 533.223: [ParNew: 460096K->46531K(460096K), 0.0295215 secs] 681085K->293786K(4143232K), 0.0296150 secs] [Times: user=0.03 sys=0.00, real=0.03 secs] 
2024-10-09T21:25:24.041+0300: 533.253: Total time for which application threads were stopped: 0.0299056 seconds, Stopping threads took: 0.0001482 seconds
2024-10-09T21:25:24.230+0300: 533.437: Application time: 0.1841032 seconds
2024-10-09T21:25:24.230+0300: 533.437: [GC (Allocation Failure) 2024-10-09T21:25:24.230+0300: 533.437: [ParNew: 455555K->51072K(460096K), 0.0236454 secs] 702810K->312655K(4143232K), 0.0237314 secs] [Times: user=0.01 sys=0.00, real=0.01 secs] 
2024-10-09T21:25:24.245+0300: 533.461: Total time for which application threads were stopped: 0.0240124 seconds, Stopping threads took: 0.0001591 seconds
2024-10-09T21:25:24.418+0300: 533.633: Application time: 0.1718527 seconds
2024-10-09T21:25:24.418+0300: 533.633: [GC (Allocation Failure) 2024-10-09T21:25:24.418+0300: 533.633: [ParNew: 460096K->51072K(460096K), 0.0281753 secs] 721679K->330690K(4143232K), 0.0282594 secs] [Times: user=0.06 sys=0.00, real=0.03 secs] 
2024-10-09T21:25:24.449+0300: 533.662: Total time for which application threads were stopped: 0.0285559 seconds, Stopping threads took: 0.0001750 seconds
2024-10-09T21:25:24.638+0300: 533.846: Application time: 0.1848504 seconds
2024-10-09T21:25:24.638+0300: 533.847: [GC (Allocation Failure) 2024-10-09T21:25:24.638+0300: 533.847: [ParNew: 460096K->48437K(460096K), 0.0296639 secs] 739714K->357963K(4143232K), 0.0297512 secs] [Times: user=0.03 sys=0.00, real=0.03 secs] 
2024-10-09T21:25:24.669+0300: 533.876: Total time for which application threads were stopped: 0.0300159 seconds, Stopping threads took: 0.0001318 seconds
2024-10-09T21:25:24.857+0300: 534.063: Application time: 0.1862867 seconds
2024-10-09T21:25:24.857+0300: 534.063: [GC (Allocation Failure) 2024-10-09T21:25:24.857+0300: 534.063: [ParNew: 457461K->41178K(460096K), 0.0246041 secs] 766987K->369053K(4143232K), 0.0246937 secs] [Times: user=0.01 sys=0.00, real=0.02 secs] 
2024-10-09T21:25:24.873+0300: 534.088: Total time for which application threads were stopped: 0.0249509 seconds, Stopping threads took: 0.0001370 seconds
2024-10-09T21:25:25.062+0300: 534.267: Application time: 0.1796811 seconds
2024-10-09T21:25:25.062+0300: 534.268: [GC (Allocation Failure) 2024-10-09T21:25:25.062+0300: 534.268: [ParNew: 450202K->51072K(460096K), 0.0230660 secs] 778077K->386698K(4143232K), 0.0231609 secs] [Times: user=0.03 sys=0.00, real=0.01 secs] 
2024-10-09T21:25:25.077+0300: 534.291: Total time for which application threads were stopped: 0.0234194 seconds, Stopping threads took: 0.0001338 seconds
2024-10-09T21:25:25.251+0300: 534.460: Application time: 0.1696484 seconds
2024-10-09T21:25:25.251+0300: 534.461: [GC (Allocation Failure) 2024-10-09T21:25:25.251+0300: 534.461: [ParNew: 460096K->51072K(460096K), 0.0285284 secs] 795722K->417000K(4143232K), 0.0286146 secs] [Times: user=0.02 sys=0.00, real=0.03 secs] 
2024-10-09T21:25:25.282+0300: 534.489: Total time for which application threads were stopped: 0.0289091 seconds, Stopping threads took: 0.0001671 seconds
2024-10-09T21:25:25.470+0300: 534.676: Application time: 0.1868928 seconds
2024-10-09T21:25:25.470+0300: 534.677: [GC (Allocation Failure) 2024-10-09T21:25:25.470+0300: 534.677: [ParNew: 460096K->46768K(460096K), 0.0249146 secs] 826024K->430719K(4143232K), 0.0250040 secs] [Times: user=0.01 sys=0.00, real=0.02 secs] 
2024-10-09T21:25:25.489+0300: 534.702: Total time for which application threads were stopped: 0.0252832 seconds, Stopping threads took: 0.0001433 seconds
2024-10-09T21:25:25.675+0300: 534.888: Application time: 0.1867604 seconds
2024-10-09T21:25:25.675+0300: 534.889: [GC (Allocation Failure) 2024-10-09T21:25:25.675+0300: 534.889: [ParNew: 455792K->51072K(460096K), 0.0240189 secs] 839743K->442583K(4143232K), 0.0241085 secs] [Times: user=0.12 sys=0.00, real=0.03 secs] 
2024-10-09T21:25:25.706+0300: 534.913: Total time for which application threads were stopped: 0.0244726 seconds, Stopping threads took: 0.0002072 seconds
2024-10-09T21:25:25.863+0300: 535.077: Application time: 0.1637390 seconds
2024-10-09T21:25:25.863+0300: 535.077: [GC (Allocation Failure) 2024-10-09T21:25:25.863+0300: 535.077: [ParNew: 460096K->51072K(460096K), 0.0290744 secs] 851607K->470656K(4143232K), 0.0291667 secs] [Times: user=0.03 sys=0.00, real=0.03 secs] 
2024-10-09T21:25:25.895+0300: 535.106: Total time for which application threads were stopped: 0.0294287 seconds, Stopping threads took: 0.0001383 seconds
2024-10-09T21:25:26.083+0300: 535.293: Application time: 0.1866262 seconds
2024-10-09T21:25:26.083+0300: 535.293: [GC (Allocation Failure) 2024-10-09T21:25:26.083+0300: 535.293: [ParNew: 460096K->50229K(460096K), 0.0249979 secs] 879680K->488934K(4143232K), 0.0250963 secs] [Times: user=0.03 sys=0.00, real=0.03 secs] 
2024-10-09T21:25:26.115+0300: 535.318: Total time for which application threads were stopped: 0.0253662 seconds, Stopping threads took: 0.0001380 seconds
2024-10-09T21:25:26.287+0300: 535.491: Application time: 0.1734289 seconds
2024-10-09T21:25:26.287+0300: 535.492: [GC (Allocation Failure) 2024-10-09T21:25:26.287+0300: 535.492: [ParNew: 459253K->51072K(460096K), 0.0249639 secs] 897958K->502054K(4143232K), 0.0250492 secs] [Times: user=0.02 sys=0.00, real=0.02 secs] 
2024-10-09T21:25:26.303+0300: 535.517: Total time for which application threads were stopped: 0.0253721 seconds, Stopping threads took: 0.0002037 seconds
2024-10-09T21:25:26.475+0300: 535.681: Application time: 0.1641036 seconds
2024-10-09T21:25:26.475+0300: 535.681: [GC (Allocation Failure) 2024-10-09T21:25:26.475+0300: 535.681: [ParNew: 460096K->51072K(460096K), 0.0278324 secs] 911078K->526908K(4143232K), 0.0279286 secs] [Times: user=0.02 sys=0.00, real=0.02 secs] 
2024-10-09T21:25:26.492+0300: 535.709: Total time for which application threads were stopped: 0.0282189 seconds, Stopping threads took: 0.0001594 seconds
2024-10-09T21:25:26.692+0300: 535.898: Application time: 0.1886899 seconds
2024-10-09T21:25:26.692+0300: 535.898: [GC (Allocation Failure) 2024-10-09T21:25:26.692+0300: 535.898: [ParNew: 460096K->51072K(460096K), 0.0240643 secs] 935932K->543628K(4143232K), 0.0241623 secs] [Times: user=0.03 sys=0.00, real=0.02 secs] 
2024-10-09T21:25:26.711+0300: 535.922: Total time for which application threads were stopped: 0.0244898 seconds, Stopping threads took: 0.0001718 seconds
2024-10-09T21:25:26.892+0300: 536.096: Application time: 0.1733213 seconds
2024-10-09T21:25:26.892+0300: 536.096: [GC (Allocation Failure) 2024-10-09T21:25:26.892+0300: 536.096: [ParNew: 460096K->51072K(460096K), 0.0258978 secs] 952652K->561667K(4143232K), 0.0259837 secs] [Times: user=0.03 sys=0.00, real=0.02 secs] 
2024-10-09T21:25:26.915+0300: 536.122: Total time for which application threads were stopped: 0.0262499 seconds, Stopping threads took: 0.0001464 seconds
2024-10-09T21:25:27.087+0300: 536.293: Application time: 0.1713882 seconds
2024-10-09T21:25:27.087+0300: 536.293: [GC (Allocation Failure) 2024-10-09T21:25:27.087+0300: 536.293: [ParNew: 460096K->51072K(460096K), 0.0263646 secs] 970691K->582689K(4143232K), 0.0264465 secs] [Times: user=0.02 sys=0.00, real=0.02 secs] 
2024-10-09T21:25:27.103+0300: 536.320: Total time for which application threads were stopped: 0.0266926 seconds, Stopping threads took: 0.0001228 seconds
2024-10-09T21:25:27.293+0300: 536.507: Application time: 0.1874261 seconds
2024-10-09T21:25:27.293+0300: 536.508: [GC (Allocation Failure) 2024-10-09T21:25:27.293+0300: 536.508: [ParNew: 460096K->51072K(460096K), 0.0244793 secs] 991713K->598225K(4143232K), 0.0245755 secs] [Times: user=0.03 sys=0.00, real=0.03 secs] 
2024-10-09T21:25:27.323+0300: 536.532: Total time for which application threads were stopped: 0.0248540 seconds, Stopping threads took: 0.0001262 seconds
2024-10-09T21:25:27.496+0300: 536.700: Application time: 0.1680986 seconds
2024-10-09T21:25:27.496+0300: 536.701: [GC (Allocation Failure) 2024-10-09T21:25:27.496+0300: 536.701: [ParNew: 460096K->51072K(460096K), 0.0252175 secs] 1007249K->613378K(4143232K), 0.0253059 secs] [Times: user=0.02 sys=0.00, real=0.01 secs] 
2024-10-09T21:25:27.511+0300: 536.726: Total time for which application threads were stopped: 0.0255757 seconds, Stopping threads took: 0.0001472 seconds
2024-10-09T21:25:27.700+0300: 536.911: Application time: 0.1847599 seconds
2024-10-09T21:25:27.700+0300: 536.911: [GC (Allocation Failure) 2024-10-09T21:25:27.700+0300: 536.911: [ParNew: 460096K->45192K(460096K), 0.0291407 secs] 1022402K->638698K(4143232K), 0.0292348 secs] [Times: user=0.03 sys=0.00, real=0.03 secs] 
2024-10-09T21:25:27.731+0300: 536.940: Total time for which application threads were stopped: 0.0295362 seconds, Stopping threads took: 0.0001529 seconds
2024-10-09T21:25:27.919+0300: 537.126: Application time: 0.1856229 seconds
2024-10-09T21:25:27.919+0300: 537.126: [GC (Allocation Failure) 2024-10-09T21:25:27.919+0300: 537.126: [ParNew: 454216K->51072K(460096K), 0.0204445 secs] 1047722K->646418K(4143232K), 0.0205238 secs] [Times: user=0.02 sys=0.00, real=0.02 secs] 
2024-10-09T21:25:27.935+0300: 537.147: Total time for which application threads were stopped: 0.0207857 seconds, Stopping threads took: 0.0001437 seconds
2024-10-09T21:25:28.095+0300: 537.310: Application time: 0.1638206 seconds
2024-10-09T21:25:28.095+0300: 537.311: [GC (Allocation Failure) 2024-10-09T21:25:28.095+0300: 537.311: [ParNew: 460096K->51072K(460096K), 0.0301758 secs] 1055442K->672056K(4143232K), 0.0302616 secs] [Times: user=0.03 sys=0.00, real=0.03 secs] 
2024-10-09T21:25:28.123+0300: 537.341: Total time for which application threads were stopped: 0.0305114 seconds, Stopping threads took: 0.0001332 seconds
2024-10-09T21:25:28.311+0300: 537.520: Application time: 0.1792169 seconds
2024-10-09T21:25:28.311+0300: 537.520: [GC (Allocation Failure) 2024-10-09T21:25:28.311+0300: 537.520: [ParNew: 460096K->38029K(460096K), 0.0284281 secs] 1081080K->692325K(4143232K), 0.0285216 secs] [Times: user=0.02 sys=0.00, real=0.03 secs] 
2024-10-09T21:25:28.343+0300: 537.549: Total time for which application threads were stopped: 0.0287912 seconds, Stopping threads took: 0.0001448 seconds
2024-10-09T21:25:28.531+0300: 537.734: Application time: 0.1855102 seconds
2024-10-09T21:25:28.531+0300: 537.735: [GC (Allocation Failure) 2024-10-09T21:25:28.531+0300: 537.735: [ParNew: 447053K->51072K(460096K), 0.0218525 secs] 1101349K->707500K(4143232K), 0.0219405 secs] [Times: user=0.02 sys=0.00, real=0.02 secs] 
2024-10-09T21:25:28.547+0300: 537.757: Total time for which application threads were stopped: 0.0222518 seconds, Stopping threads took: 0.0001760 seconds
2024-10-09T21:25:28.719+0300: 537.923: Application time: 0.1666012 seconds
2024-10-09T21:25:28.719+0300: 537.924: [GC (Allocation Failure) 2024-10-09T21:25:28.719+0300: 537.924: [ParNew: 460096K->49217K(460096K), 0.0296933 secs] 1116524K->730274K(4143232K), 0.0297812 secs] [Times: user=0.05 sys=0.00, real=0.02 secs] 
2024-10-09T21:25:28.735+0300: 537.953: Total time for which application threads were stopped: 0.0300516 seconds, Stopping threads took: 0.0001436 seconds
2024-10-09T21:25:28.923+0300: 538.129: Application time: 0.1754371 seconds
2024-10-09T21:25:28.923+0300: 538.129: [GC (Allocation Failure) 2024-10-09T21:25:28.923+0300: 538.129: [ParNew: 458241K->38381K(460096K), 0.0266269 secs] 1139298K->749909K(4143232K), 0.0267141 secs] [Times: user=0.02 sys=0.00, real=0.02 secs] 
2024-10-09T21:25:28.939+0300: 538.156: Total time for which application threads were stopped: 0.0269628 seconds, Stopping threads took: 0.0001198 seconds
2024-10-09T21:25:29.143+0300: 538.346: Application time: 0.1905475 seconds
2024-10-09T21:25:29.143+0300: 538.347: [GC (Allocation Failure) 2024-10-09T21:25:29.143+0300: 538.347: [ParNew: 447405K->51072K(460096K), 0.0216480 secs] 1158933K->764698K(4143232K), 0.0217219 secs] [Times: user=0.02 sys=0.00, real=0.02 secs] 
2024-10-09T21:25:29.159+0300: 538.369: Total time for which application threads were stopped: 0.0221905 seconds, Stopping threads took: 0.0003542 seconds
2024-10-09T21:25:29.316+0300: 538.526: Application time: 0.1570234 seconds
2024-10-09T21:25:29.316+0300: 538.526: [GC (Allocation Failure) 2024-10-09T21:25:29.316+0300: 538.526: [ParNew: 460096K->51072K(460096K), 0.0269044 secs] 1173722K->782286K(4143232K), 0.0269937 secs] [Times: user=0.03 sys=0.00, real=0.03 secs] 
2024-10-09T21:25:29.347+0300: 538.553: Total time for which application threads were stopped: 0.0272673 seconds, Stopping threads took: 0.0001416 seconds
2024-10-09T21:25:29.520+0300: 538.729: Application time: 0.1759006 seconds
2024-10-09T21:25:29.520+0300: 538.729: [GC (Allocation Failure) 2024-10-09T21:25:29.520+0300: 538.729: [ParNew: 460096K->39676K(460096K), 0.0257884 secs] 1191310K->796549K(4143232K), 0.0258787 secs] [Times: user=0.02 sys=0.00, real=0.03 secs] 
2024-10-09T21:25:29.551+0300: 538.755: Total time for which application threads were stopped: 0.0261376 seconds, Stopping threads took: 0.0001110 seconds
2024-10-09T21:25:29.739+0300: 538.953: Application time: 0.1984079 seconds
2024-10-09T21:25:29.739+0300: 538.954: [GC (Allocation Failure) 2024-10-09T21:25:29.739+0300: 538.954: [ParNew: 448700K->51072K(460096K), 0.0233920 secs] 1205573K->815671K(4143232K), 0.0234900 secs] [Times: user=0.05 sys=0.00, real=0.03 secs] 
2024-10-09T21:25:29.771+0300: 538.977: Total time for which application threads were stopped: 0.0237937 seconds, Stopping threads took: 0.0001513 seconds
2024-10-09T21:25:29.943+0300: 539.153: Application time: 0.1754258 seconds
2024-10-09T21:25:29.943+0300: 539.153: [GC (Allocation Failure) 2024-10-09T21:25:29.943+0300: 539.153: [ParNew: 460096K->51072K(460096K), 0.0306093 secs] 1224695K->838999K(4143232K), 0.0306907 secs] [Times: user=0.09 sys=0.00, real=0.03 secs] 
2024-10-09T21:25:29.975+0300: 539.184: Total time for which application threads were stopped: 0.0309815 seconds, Stopping threads took: 0.0001437 seconds
2024-10-09T21:25:30.166+0300: 539.369: Application time: 0.1859888 seconds
2024-10-09T21:25:30.166+0300: 539.370: [GC (Allocation Failure) 2024-10-09T21:25:30.166+0300: 539.370: [ParNew: 460096K->41008K(460096K), 0.0279901 secs] 1248023K->858077K(4143232K), 0.0280907 secs] [Times: user=0.09 sys=0.00, real=0.03 secs] 
2024-10-09T21:25:30.194+0300: 539.398: Total time for which application threads were stopped: 0.0283223 seconds, Stopping threads took: 0.0001051 seconds
2024-10-09T21:25:30.383+0300: 539.595: Application time: 0.1974656 seconds
2024-10-09T21:25:30.383+0300: 539.595: [GC (Allocation Failure) 2024-10-09T21:25:30.383+0300: 539.596: [ParNew: 450032K->51072K(460096K), 0.0224014 secs] 1267101K->870746K(4143232K), 0.0224914 secs] [Times: user=0.19 sys=0.00, real=0.03 secs] 
2024-10-09T21:25:30.414+0300: 539.618: Total time for which application threads were stopped: 0.0227408 seconds, Stopping threads took: 0.0001182 seconds
2024-10-09T21:25:30.571+0300: 539.785: Application time: 0.1665298 seconds
2024-10-09T21:25:30.571+0300: 539.785: [GC (Allocation Failure) 2024-10-09T21:25:30.571+0300: 539.785: [ParNew: 460096K->51072K(460096K), 0.0308512 secs] 1279770K->896786K(4143232K), 0.0309306 secs] [Times: user=0.19 sys=0.00, real=0.03 secs] 
2024-10-09T21:25:30.603+0300: 539.816: Total time for which application threads were stopped: 0.0317059 seconds, Stopping threads took: 0.0006389 seconds
2024-10-09T21:25:30.791+0300: 539.997: Application time: 0.1806298 seconds
2024-10-09T21:25:30.791+0300: 539.997: [GC (Allocation Failure) 2024-10-09T21:25:30.791+0300: 539.997: [ParNew: 460096K->49562K(460096K), 0.0296447 secs] 1305810K->926226K(4143232K), 0.0297307 secs] [Times: user=0.11 sys=0.00, real=0.03 secs] 
2024-10-09T21:25:30.822+0300: 540.027: Total time for which application threads were stopped: 0.0299821 seconds, Stopping threads took: 0.0001160 seconds
2024-10-09T21:25:31.002+0300: 540.213: Application time: 0.1863517 seconds
2024-10-09T21:25:31.002+0300: 540.213: [GC (Allocation Failure) 2024-10-09T21:25:31.002+0300: 540.214: [ParNew: 458586K->51072K(460096K), 0.0261283 secs] 1335250K->935939K(4143232K), 0.0262115 secs] [Times: user=0.06 sys=0.00, real=0.02 secs] 
2024-10-09T21:25:31.027+0300: 540.240: Total time for which application threads were stopped: 0.0264847 seconds, Stopping threads took: 0.0001361 seconds
2024-10-09T21:25:31.202+0300: 540.406: Application time: 0.1658559 seconds
2024-10-09T21:25:31.202+0300: 540.406: [GC (Allocation Failure) 2024-10-09T21:25:31.202+0300: 540.406: [ParNew: 460096K->51072K(460096K), 0.0298073 secs] 1344963K->961871K(4143232K), 0.0298901 secs] [Times: user=0.17 sys=0.00, real=0.03 secs] 
2024-10-09T21:25:31.231+0300: 540.436: Total time for which application threads were stopped: 0.0301393 seconds, Stopping threads took: 0.0001140 seconds
2024-10-09T21:25:31.404+0300: 540.616: Application time: 0.1805745 seconds
2024-10-09T21:25:31.404+0300: 540.617: [GC (Allocation Failure) 2024-10-09T21:25:31.404+0300: 540.617: [ParNew: 460096K->51072K(460096K), 0.0293079 secs] 1370895K->991346K(4143232K), 0.0293852 secs] [Times: user=0.16 sys=0.00, real=0.03 secs] 
2024-10-09T21:25:31.435+0300: 540.646: Total time for which application threads were stopped: 0.0296399 seconds, Stopping threads took: 0.0001297 seconds
2024-10-09T21:25:31.623+0300: 540.836: Application time: 0.1900282 seconds
2024-10-09T21:25:31.623+0300: 540.836: [GC (Allocation Failure) 2024-10-09T21:25:31.623+0300: 540.837: [ParNew: 460096K->51072K(460096K), 0.0249548 secs] 1400370K->1000441K(4143232K), 0.0250548 secs] [Times: user=0.17 sys=0.00, real=0.03 secs] 
2024-10-09T21:25:31.655+0300: 540.862: Total time for which application threads were stopped: 0.0256035 seconds, Stopping threads took: 0.0003976 seconds
2024-10-09T21:25:31.827+0300: 541.032: Application time: 0.1699725 seconds
2024-10-09T21:25:31.827+0300: 541.032: [GC (Allocation Failure) 2024-10-09T21:25:31.827+0300: 541.032: [ParNew: 460096K->51072K(460096K), 0.0228449 secs] 1409465K->1010558K(4143232K), 0.0229305 secs] [Times: user=0.17 sys=0.00, real=0.02 secs] 
2024-10-09T21:25:31.843+0300: 541.055: Total time for which application threads were stopped: 0.0232152 seconds, Stopping threads took: 0.0001454 seconds
2024-10-09T21:25:32.016+0300: 541.228: Application time: 0.1729942 seconds
2024-10-09T21:25:32.016+0300: 541.228: [GC (Allocation Failure) 2024-10-09T21:25:32.016+0300: 541.228: [ParNew: 460096K->39891K(460096K), 0.0287745 secs] 1419582K->1030400K(4143232K), 0.0288528 secs] [Times: user=0.17 sys=0.02, real=0.03 secs] 
2024-10-09T21:25:32.047+0300: 541.257: Total time for which application threads were stopped: 0.0292082 seconds, Stopping threads took: 0.0002272 seconds
2024-10-09T21:25:32.235+0300: 541.446: Application time: 0.1894933 seconds
2024-10-09T21:25:32.235+0300: 541.447: [GC (Allocation Failure) 2024-10-09T21:25:32.235+0300: 541.447: [ParNew: 448915K->51072K(460096K), 0.0271070 secs] 1439424K->1049196K(4143232K), 0.0271971 secs] [Times: user=0.19 sys=0.00, real=0.03 secs] 
2024-10-09T21:25:32.266+0300: 541.474: Total time for which application threads were stopped: 0.0274552 seconds, Stopping threads took: 0.0001196 seconds
2024-10-09T21:25:32.439+0300: 541.644: Application time: 0.1696081 seconds
2024-10-09T21:25:32.439+0300: 541.644: [GC (Allocation Failure) 2024-10-09T21:25:32.439+0300: 541.644: [ParNew: 460096K->51072K(460096K), 0.0325660 secs] 1458220K->1075734K(4143232K), 0.0326719 secs] [Times: user=0.17 sys=0.00, real=0.03 secs] 
2024-10-09T21:25:32.470+0300: 541.676: Total time for which application threads were stopped: 0.0329451 seconds, Stopping threads took: 0.0001273 seconds
2024-10-09T21:25:32.648+0300: 541.857: Application time: 0.1804577 seconds
2024-10-09T21:25:32.648+0300: 541.857: [GC (Allocation Failure) 2024-10-09T21:25:32.648+0300: 541.857: [ParNew: 460096K->41942K(460096K), 0.0312342 secs] 1484758K->1101563K(4143232K), 0.0313239 secs] [Times: user=0.16 sys=0.00, real=0.03 secs] 
2024-10-09T21:25:32.675+0300: 541.889: Total time for which application threads were stopped: 0.0315862 seconds, Stopping threads took: 0.0001319 seconds
2024-10-09T21:25:32.863+0300: 542.079: Application time: 0.1901638 seconds
2024-10-09T21:25:32.863+0300: 542.079: [GC (Allocation Failure) 2024-10-09T21:25:32.863+0300: 542.079: [ParNew: 450966K->51072K(460096K), 0.0237253 secs] 1510587K->1114851K(4143232K), 0.0237990 secs] [Times: user=0.17 sys=0.00, real=0.03 secs] 
2024-10-09T21:25:32.894+0300: 542.103: Total time for which application threads were stopped: 0.0240655 seconds, Stopping threads took: 0.0001350 seconds
2024-10-09T21:25:33.067+0300: 542.272: Application time: 0.1687527 seconds
2024-10-09T21:25:33.067+0300: 542.272: [GC (Allocation Failure) 2024-10-09T21:25:33.067+0300: 542.272: [ParNew: 460096K->51072K(460096K), 0.0277100 secs] 1523875K->1132977K(4143232K), 0.0277934 secs] [Times: user=0.05 sys=0.00, real=0.02 secs] 
2024-10-09T21:25:33.083+0300: 542.300: Total time for which application threads were stopped: 0.0280988 seconds, Stopping threads took: 0.0001768 seconds
2024-10-09T21:25:33.256+0300: 542.473: Application time: 0.1730532 seconds
2024-10-09T21:25:33.256+0300: 542.473: [GC (Allocation Failure) 2024-10-09T21:25:33.256+0300: 542.473: [ParNew: 460096K->40402K(460096K), 0.0252024 secs] 1542001K->1145333K(4143232K), 0.0252959 secs] [Times: user=0.03 sys=0.00, real=0.03 secs] 
2024-10-09T21:25:33.287+0300: 542.498: Total time for which application threads were stopped: 0.0255544 seconds, Stopping threads took: 0.0001387 seconds
2024-10-09T21:25:33.475+0300: 542.687: Application time: 0.1889308 seconds
2024-10-09T21:25:33.475+0300: 542.687: [GC (Allocation Failure) 2024-10-09T21:25:33.475+0300: 542.687: [ParNew: 449426K->51072K(460096K), 0.0239313 secs] 1554357K->1167692K(4143232K), 0.0240199 secs] [Times: user=0.05 sys=0.00, real=0.03 secs] 
2024-10-09T21:25:33.507+0300: 542.711: Total time for which application threads were stopped: 0.0242797 seconds, Stopping threads took: 0.0001322 seconds
2024-10-09T21:25:33.664+0300: 542.881: Application time: 0.1696585 seconds
2024-10-09T21:25:33.664+0300: 542.881: [GC (Allocation Failure) 2024-10-09T21:25:33.664+0300: 542.881: [ParNew: 460096K->51072K(460096K), 0.0230645 secs] 1576716K->1176367K(4143232K), 0.0231654 secs] [Times: user=0.05 sys=0.00, real=0.03 secs] 
2024-10-09T21:25:33.695+0300: 542.905: Total time for which application threads were stopped: 0.0235355 seconds, Stopping threads took: 0.0002262 seconds
2024-10-09T21:25:33.868+0300: 543.082: Application time: 0.1772720 seconds
2024-10-09T21:25:33.868+0300: 543.082: [GC (Allocation Failure) 2024-10-09T21:25:33.868+0300: 543.082: [ParNew: 460096K->48131K(460096K), 0.0296853 secs] 1585391K->1203631K(4143232K), 0.0297684 secs] [Times: user=0.03 sys=0.00, real=0.04 secs] 
2024-10-09T21:25:33.908+0300: 543.112: Total time for which application threads were stopped: 0.0300207 seconds, Stopping threads took: 0.0001389 seconds
2024-10-09T21:25:34.088+0300: 543.297: Application time: 0.1845630 seconds
2024-10-09T21:25:34.088+0300: 543.297: [GC (Allocation Failure) 2024-10-09T21:25:34.088+0300: 543.297: [ParNew: 457155K->51072K(460096K), 0.0251897 secs] 1612655K->1221547K(4143232K), 0.0253012 secs] [Times: user=0.01 sys=0.00, real=0.02 secs] 
2024-10-09T21:25:34.109+0300: 543.322: Total time for which application threads were stopped: 0.0255908 seconds, Stopping threads took: 0.0001482 seconds
2024-10-09T21:25:34.276+0300: 543.493: Application time: 0.1711623 seconds
2024-10-09T21:25:34.276+0300: 543.494: [GC (Allocation Failure) 2024-10-09T21:25:34.276+0300: 543.494: [ParNew: 460096K->51072K(460096K), 0.0233804 secs] 1630571K->1230002K(4143232K), 0.0234640 secs] [Times: user=0.03 sys=0.00, real=0.03 secs] 
2024-10-09T21:25:34.309+0300: 543.517: Total time for which application threads were stopped: 0.0237427 seconds, Stopping threads took: 0.0001598 seconds
2024-10-09T21:25:34.481+0300: 543.690: Application time: 0.1729490 seconds
2024-10-09T21:25:34.481+0300: 543.690: [GC (Allocation Failure) 2024-10-09T21:25:34.481+0300: 543.690: [ParNew: 460096K->41399K(460096K), 0.0286406 secs] 1639026K->1251393K(4143232K), 0.0287214 secs] [Times: user=0.03 sys=0.00, real=0.03 secs] 
2024-10-09T21:25:34.512+0300: 543.719: Total time for which application threads were stopped: 0.0289550 seconds, Stopping threads took: 0.0001199 seconds
2024-10-09T21:25:34.700+0300: 543.911: Application time: 0.1915797 seconds
2024-10-09T21:25:34.700+0300: 543.911: [GC (Allocation Failure) 2024-10-09T21:25:34.700+0300: 543.911: [ParNew: 450423K->51072K(460096K), 0.0212808 secs] 1660417K->1263357K(4143232K), 0.0213728 secs] [Times: user=0.02 sys=0.00, real=0.02 secs] 
2024-10-09T21:25:34.716+0300: 543.932: Total time for which application threads were stopped: 0.0216950 seconds, Stopping threads took: 0.0001586 seconds
2024-10-09T21:25:34.888+0300: 544.106: Application time: 0.1734684 seconds
2024-10-09T21:25:34.888+0300: 544.106: [GC (Allocation Failure) 2024-10-09T21:25:34.904+0300: 544.108: [ParNew: 460096K->51072K(460096K), 0.0261876 secs] 1672381K->1281970K(4143232K), 0.0284813 secs] [Times: user=0.02 sys=0.00, real=0.03 secs] 
2024-10-09T21:25:34.920+0300: 544.134: Total time for which application threads were stopped: 0.0288081 seconds, Stopping threads took: 0.0002042 seconds
2024-10-09T21:25:35.111+0300: 544.314: Application time: 0.1797371 seconds
2024-10-09T21:25:35.111+0300: 544.314: [GC (Allocation Failure) 2024-10-09T21:25:35.111+0300: 544.314: [ParNew: 460096K->51072K(460096K), 0.0258894 secs] 1690994K->1305577K(4143232K), 0.0259747 secs] [Times: user=0.02 sys=0.00, real=0.01 secs] 
2024-10-09T21:25:35.124+0300: 544.340: Total time for which application threads were stopped: 0.0262315 seconds, Stopping threads took: 0.0001356 seconds
2024-10-09T21:25:35.312+0300: 544.523: Application time: 0.1824419 seconds
2024-10-09T21:25:35.312+0300: 544.523: [GC (Allocation Failure) 2024-10-09T21:25:35.312+0300: 544.523: [ParNew: 460096K->51072K(460096K), 0.0232563 secs] 1714601K->1312666K(4143232K), 0.0233472 secs] [Times: user=0.03 sys=0.00, real=0.03 secs] 
2024-10-09T21:25:35.343+0300: 544.547: Total time for which application threads were stopped: 0.0236479 seconds, Stopping threads took: 0.0001460 seconds
2024-10-09T21:25:35.500+0300: 544.712: Application time: 0.1659162 seconds
2024-10-09T21:25:35.500+0300: 544.713: [GC (Allocation Failure) 2024-10-09T21:25:35.500+0300: 544.713: [ParNew: 460096K->45967K(460096K), 0.0329000 secs] 1721690K->1341952K(4143232K), 0.0329876 secs] [Times: user=0.03 sys=0.00, real=0.03 secs] 
2024-10-09T21:25:35.532+0300: 544.746: Total time for which application threads were stopped: 0.0332624 seconds, Stopping threads took: 0.0001571 seconds
2024-10-09T21:25:35.720+0300: 544.935: Application time: 0.1890509 seconds
2024-10-09T21:25:35.720+0300: 544.935: [GC (Allocation Failure) 2024-10-09T21:25:35.720+0300: 544.935: [ParNew: 454991K->44711K(460096K), 0.0249277 secs] 1750976K->1361147K(4143232K), 0.0250303 secs] [Times: user=0.03 sys=0.00, real=0.03 secs] 
2024-10-09T21:25:35.751+0300: 544.960: Total time for which application threads were stopped: 0.0253306 seconds, Stopping threads took: 0.0001388 seconds
2024-10-09T21:25:35.940+0300: 545.144: Application time: 0.1835107 seconds
2024-10-09T21:25:35.940+0300: 545.144: [GC (Allocation Failure) 2024-10-09T21:25:35.940+0300: 545.144: [ParNew: 453735K->51072K(460096K), 0.0232817 secs] 1770171K->1376136K(4143232K), 0.0233689 secs] [Times: user=0.02 sys=0.00, real=0.01 secs] 
2024-10-09T21:25:35.955+0300: 545.167: Total time for which application threads were stopped: 0.0236128 seconds, Stopping threads took: 0.0001213 seconds
2024-10-09T21:25:36.113+0300: 545.330: Application time: 0.1631226 seconds
2024-10-09T21:25:36.113+0300: 545.331: [GC (Allocation Failure) 2024-10-09T21:25:36.113+0300: 545.331: [ParNew: 460096K->47154K(460096K), 0.0305495 secs] 1785160K->1398623K(4143232K), 0.0306319 secs] [Times: user=0.03 sys=0.00, real=0.03 secs] 
2024-10-09T21:25:36.144+0300: 545.361: Total time for which application threads were stopped: 0.0309094 seconds, Stopping threads took: 0.0001584 seconds
2024-10-09T21:25:36.332+0300: 545.540: Application time: 0.1784111 seconds
2024-10-09T21:25:36.332+0300: 545.540: [GC (Allocation Failure) 2024-10-09T21:25:36.332+0300: 545.540: [ParNew: 456178K->37410K(460096K), 0.0253780 secs] 1807647K->1415129K(4143232K), 0.0254641 secs] [Times: user=0.02 sys=0.00, real=0.02 secs] 
2024-10-09T21:25:36.348+0300: 545.565: Total time for which application threads were stopped: 0.0257192 seconds, Stopping threads took: 0.0001330 seconds
2024-10-09T21:25:36.536+0300: 545.752: Application time: 0.1864126 seconds
2024-10-09T21:25:36.536+0300: 545.752: [GC (Allocation Failure) 2024-10-09T21:25:36.536+0300: 545.752: [ParNew: 446434K->51072K(460096K), 0.0217399 secs] 1824153K->1431559K(4143232K), 0.0218209 secs] [Times: user=0.03 sys=0.00, real=0.03 secs] 
2024-10-09T21:25:36.567+0300: 545.774: Total time for which application threads were stopped: 0.0221087 seconds, Stopping threads took: 0.0001641 seconds
2024-10-09T21:25:36.739+0300: 545.947: Application time: 0.1726638 seconds
2024-10-09T21:25:36.739+0300: 545.947: [GC (Allocation Failure) 2024-10-09T21:25:36.739+0300: 545.947: [ParNew: 460096K->51072K(460096K), 0.0333010 secs] 1840583K->1462110K(4143232K), 0.0333882 secs] [Times: user=0.03 sys=0.00, real=0.03 secs] 
2024-10-09T21:25:36.771+0300: 545.980: Total time for which application threads were stopped: 0.0336478 seconds, Stopping threads took: 0.0001416 seconds
2024-10-09T21:25:36.943+0300: 546.157: Application time: 0.1767686 seconds
2024-10-09T21:25:36.943+0300: 546.157: [GC (Allocation Failure) 2024-10-09T21:25:36.943+0300: 546.157: [ParNew: 460096K->40419K(460096K), 0.0228135 secs] 1871134K->1471344K(4143232K), 0.0228997 secs] [Times: user=0.03 sys=0.00, real=0.03 secs] 
2024-10-09T21:25:36.975+0300: 546.180: Total time for which application threads were stopped: 0.0231833 seconds, Stopping threads took: 0.0001542 seconds
2024-10-09T21:25:37.163+0300: 546.370: Application time: 0.1899275 seconds
2024-10-09T21:25:37.163+0300: 546.370: [GC (Allocation Failure) 2024-10-09T21:25:37.163+0300: 546.370: [ParNew: 449443K->51072K(460096K), 0.0255726 secs] 1880368K->1494833K(4143232K), 0.0256628 secs] [Times: user=0.02 sys=0.00, real=0.01 secs] 
2024-10-09T21:25:37.178+0300: 546.396: Total time for which application threads were stopped: 0.0259509 seconds, Stopping threads took: 0.0001370 seconds
2024-10-09T21:25:37.351+0300: 546.563: Application time: 0.1668751 seconds
2024-10-09T21:25:37.351+0300: 546.563: [GC (Allocation Failure) 2024-10-09T21:25:37.351+0300: 546.563: [ParNew: 460096K->51072K(460096K), 0.0248729 secs] 1903857K->1508542K(4143232K), 0.0249598 secs] [Times: user=0.03 sys=0.00, real=0.03 secs] 
2024-10-09T21:25:37.382+0300: 546.588: Total time for which application threads were stopped: 0.0252075 seconds, Stopping threads took: 0.0001261 seconds
2024-10-09T21:25:37.555+0300: 546.762: Application time: 0.1739101 seconds
2024-10-09T21:25:37.555+0300: 546.762: [GC (Allocation Failure) 2024-10-09T21:25:37.555+0300: 546.762: [ParNew: 460096K->47564K(460096K), 0.0302981 secs] 1917566K->1535591K(4143232K), 0.0303909 secs] [Times: user=0.03 sys=0.00, real=0.03 secs] 
2024-10-09T21:25:37.586+0300: 546.793: Total time for which application threads were stopped: 0.0306709 seconds, Stopping threads took: 0.0001442 seconds
2024-10-09T21:25:37.759+0300: 546.977: Application time: 0.1840989 seconds
2024-10-09T21:25:37.759+0300: 546.977: [GC (Allocation Failure) 2024-10-09T21:25:37.759+0300: 546.977: [ParNew: 456588K->46176K(460096K), 0.0255042 secs] 1944615K->1549263K(4143232K), 0.0255966 secs] [Times: user=0.03 sys=0.00, real=0.03 secs] 
2024-10-09T21:25:37.790+0300: 547.003: Total time for which application threads were stopped: 0.0258900 seconds, Stopping threads took: 0.0001687 seconds
2024-10-09T21:25:37.963+0300: 547.174: Application time: 0.1714393 seconds
2024-10-09T21:25:37.963+0300: 547.174: [GC (Allocation Failure) 2024-10-09T21:25:37.963+0300: 547.175: [ParNew: 455200K->51072K(460096K), 0.0249239 secs] 1958287K->1569077K(4143232K), 0.0250043 secs] [Times: user=0.03 sys=0.00, real=0.03 secs] 
2024-10-09T21:25:37.994+0300: 547.200: Total time for which application threads were stopped: 0.0253230 seconds, Stopping threads took: 0.0002004 seconds
2024-10-09T21:25:38.167+0300: 547.381: Application time: 0.1813812 seconds
2024-10-09T21:25:38.167+0300: 547.381: [GC (Allocation Failure) 2024-10-09T21:25:38.167+0300: 547.381: [ParNew: 460096K->51072K(460096K), 0.0270882 secs] 1978101K->1589651K(4143232K), 0.0271807 secs] [Times: user=0.03 sys=0.00, real=0.03 secs] 
2024-10-09T21:25:38.198+0300: 547.408: Total time for which application threads were stopped: 0.0274547 seconds, Stopping threads took: 0.0001576 seconds
2024-10-09T21:25:38.380+0300: 547.583: Application time: 0.1745096 seconds
2024-10-09T21:25:38.380+0300: 547.583: [GC (Allocation Failure) 2024-10-09T21:25:38.380+0300: 547.583: [ParNew: 460096K->51072K(460096K), 0.0255315 secs] 1998675K->1604639K(4143232K), 0.0256100 secs] [Times: user=0.03 sys=0.00, real=0.02 secs] 
2024-10-09T21:25:38.402+0300: 547.609: Total time for which application threads were stopped: 0.0258469 seconds, Stopping threads took: 0.0001152 seconds
2024-10-09T21:25:38.575+0300: 547.780: Application time: 0.1711136 seconds
2024-10-09T21:25:38.575+0300: 547.780: [GC (Allocation Failure) 2024-10-09T21:25:38.575+0300: 547.780: [ParNew: 460096K->46352K(460096K), 0.0325998 secs] 2013663K->1634124K(4143232K), 0.0326872 secs] [Times: user=0.05 sys=0.00, real=0.03 secs] 
2024-10-09T21:25:38.606+0300: 547.813: Total time for which application threads were stopped: 0.0329778 seconds, Stopping threads took: 0.0001663 seconds
2024-10-09T21:25:38.794+0300: 547.999: Application time: 0.1865678 seconds
2024-10-09T21:25:38.794+0300: 548.000: [GC (Allocation Failure) 2024-10-09T21:25:38.794+0300: 548.000: [ParNew: 455376K->51072K(460096K), 0.0246809 secs] 2043148K->1653089K(4143232K), 0.0247731 secs] [Times: user=0.02 sys=0.00, real=0.03 secs] 
2024-10-09T21:25:38.819+0300: 548.024: Total time for which application threads were stopped: 0.0250527 seconds, Stopping threads took: 0.0001202 seconds
2024-10-09T21:25:38.983+0300: 548.197: Application time: 0.1729790 seconds
2024-10-09T21:25:38.983+0300: 548.198: [GC (Allocation Failure) 2024-10-09T21:25:38.983+0300: 548.198: [ParNew: 460096K->51072K(460096K), 0.0249563 secs] 2062113K->1664865K(4143232K), 0.0250402 secs] [Times: user=0.03 sys=0.00, real=0.04 secs] 
2024-10-09T21:25:39.019+0300: 548.223: Total time for which application threads were stopped: 0.0253073 seconds, Stopping threads took: 0.0001501 seconds
2024-10-09T21:25:39.171+0300: 548.384: Application time: 0.1613992 seconds
2024-10-09T21:25:39.171+0300: 548.384: [GC (Allocation Failure) 2024-10-09T21:25:39.171+0300: 548.384: [ParNew: 460096K->51072K(460096K), 0.0300412 secs] 2073889K->1696091K(4143232K), 0.0301326 secs] [Times: user=0.03 sys=0.00, real=0.03 secs] 
2024-10-09T21:25:39.202+0300: 548.415: Total time for which application threads were stopped: 0.0304023 seconds, Stopping threads took: 0.0001494 seconds
2024-10-09T21:25:39.391+0300: 548.597: Application time: 0.1825916 seconds
2024-10-09T21:25:39.391+0300: 548.597: [GC (Allocation Failure) 2024-10-09T21:25:39.391+0300: 548.597: [ParNew: 460096K->46442K(460096K), 0.0262995 secs] 2105115K->1710930K(4143232K), 0.0263833 secs] [Times: user=0.06 sys=0.00, real=0.03 secs] 
2024-10-09T21:25:39.420+0300: 548.624: Total time for which application threads were stopped: 0.0266239 seconds, Stopping threads took: 0.0001153 seconds
2024-10-09T21:25:39.595+0300: 548.803: Application time: 0.1793824 seconds
2024-10-09T21:25:39.595+0300: 548.803: [GC (Allocation Failure) 2024-10-09T21:25:39.595+0300: 548.803: [ParNew: 455466K->51072K(460096K), 0.0247578 secs] 2119954K->1728123K(4143232K), 0.0248514 secs] [Times: user=0.09 sys=0.00, real=0.03 secs] 
2024-10-09T21:25:39.621+0300: 548.828: Total time for which application threads were stopped: 0.0251308 seconds, Stopping threads took: 0.0001370 seconds
2024-10-09T21:25:39.783+0300: 548.992: Application time: 0.1632178 seconds
2024-10-09T21:25:39.783+0300: 548.992: [GC (Allocation Failure) 2024-10-09T21:25:39.783+0300: 548.992: [ParNew: 460096K->46519K(460096K), 0.0302064 secs] 2137147K->1752786K(4143232K), 0.0302939 secs] [Times: user=0.02 sys=0.00, real=0.03 secs] 
2024-10-09T21:25:39.814+0300: 549.022: Total time for which application threads were stopped: 0.0305504 seconds, Stopping threads took: 0.0001405 seconds
2024-10-09T21:25:40.003+0300: 549.207: Application time: 0.1846940 seconds
2024-10-09T21:25:40.003+0300: 549.207: [GC (Allocation Failure) 2024-10-09T21:25:40.003+0300: 549.207: [ParNew: 455543K->51072K(460096K), 0.0261131 secs] 2161810K->1779493K(4143232K), 0.0262013 secs] [Times: user=0.01 sys=0.00, real=0.02 secs] 
2024-10-09T21:25:40.022+0300: 549.233: Total time for which application threads were stopped: 0.0264812 seconds, Stopping threads took: 0.0001506 seconds
2024-10-09T21:25:40.207+0300: 549.413: Application time: 0.1796315 seconds
2024-10-09T21:25:40.207+0300: 549.413: [GC (Allocation Failure) 2024-10-09T21:25:40.207+0300: 549.413: [ParNew: 460096K->51072K(460096K), 0.0246119 secs] 2188517K->1790475K(4143232K), 0.0246946 secs] [Times: user=0.03 sys=0.00, real=0.03 secs] 
2024-10-09T21:25:40.234+0300: 549.438: Total time for which application threads were stopped: 0.0249607 seconds, Stopping threads took: 0.0001441 seconds
2024-10-09T21:25:40.395+0300: 549.600: Application time: 0.1625482 seconds
2024-10-09T21:25:40.395+0300: 549.601: [GC (Allocation Failure) 2024-10-09T21:25:40.395+0300: 549.601: [ParNew: 460096K->51072K(460096K), 0.0317423 secs] 2199499K->1823821K(4143232K), 0.0318289 secs] [Times: user=0.03 sys=0.00, real=0.03 secs] 
2024-10-09T21:25:40.427+0300: 549.632: Total time for which application threads were stopped: 0.0321027 seconds, Stopping threads took: 0.0001537 seconds
2024-10-09T21:25:40.599+0300: 549.813: Application time: 0.1802879 seconds
2024-10-09T21:25:40.599+0300: 549.813: [GC (Allocation Failure) 2024-10-09T21:25:40.599+0300: 549.813: [ParNew: 460096K->46900K(460096K), 0.0280837 secs] 2232845K->1839026K(4143232K), 0.0281755 secs] [Times: user=0.11 sys=0.00, real=0.03 secs] 
2024-10-09T21:25:40.631+0300: 549.841: Total time for which application threads were stopped: 0.0285175 seconds, Stopping threads took: 0.0001965 seconds
2024-10-09T21:25:40.824+0300: 550.027: Application time: 0.1854130 seconds
2024-10-09T21:25:40.824+0300: 550.027: [GC (Allocation Failure) 2024-10-09T21:25:40.824+0300: 550.027: [ParNew: 455924K->51072K(460096K), 0.0242450 secs] 2248050K->1851379K(4143232K), 0.0243364 secs] [Times: user=0.00 sys=0.00, real=0.01 secs] 
2024-10-09T21:25:40.835+0300: 550.051: Total time for which application threads were stopped: 0.0245962 seconds, Stopping threads took: 0.0001341 seconds
2024-10-09T21:25:41.007+0300: 550.214: Application time: 0.1630786 seconds
2024-10-09T21:25:41.007+0300: 550.215: [GC (Allocation Failure) 2024-10-09T21:25:41.007+0300: 550.215: [ParNew: 460096K->51072K(460096K), 0.0350835 secs] 2260403K->1887535K(4143232K), 0.0351759 secs] [Times: user=0.03 sys=0.00, real=0.03 secs] 
2024-10-09T21:25:41.039+0300: 550.250: Total time for which application threads were stopped: 0.0355417 seconds, Stopping threads took: 0.0002243 seconds
2024-10-09T21:25:41.227+0300: 550.431: Application time: 0.1808042 seconds
2024-10-09T21:25:41.227+0300: 550.431: [GC (Allocation Failure) 2024-10-09T21:25:41.227+0300: 550.431: [ParNew: 460096K->51072K(460096K), 0.0268967 secs] 2296559K->1906594K(4143232K), 0.0269780 secs] [Times: user=0.02 sys=0.00, real=0.02 secs] 
2024-10-09T21:25:41.243+0300: 550.458: Total time for which application threads were stopped: 0.0272398 seconds, Stopping threads took: 0.0001429 seconds
2024-10-09T21:25:41.431+0300: 550.638: Application time: 0.1801242 seconds
2024-10-09T21:25:41.431+0300: 550.638: [GC (Allocation Failure) 2024-10-09T21:25:41.431+0300: 550.638: [ParNew: 460096K->51072K(460096K), 0.0278664 secs] 2315618K->1926796K(4143232K), 0.0279480 secs] [Times: user=0.03 sys=0.00, real=0.03 secs] 
2024-10-09T21:25:41.462+0300: 550.666: Total time for which application threads were stopped: 0.0282103 seconds, Stopping threads took: 0.0001458 seconds
2024-10-09T21:25:41.635+0300: 550.839: Application time: 0.1728972 seconds
2024-10-09T21:25:41.635+0300: 550.839: [GC (Allocation Failure) 2024-10-09T21:25:41.635+0300: 550.839: [ParNew: 460096K->51072K(460096K), 0.0297747 secs] 2335820K->1952018K(4143232K), 0.0298646 secs] [Times: user=0.02 sys=0.00, real=0.02 secs] 
2024-10-09T21:25:41.651+0300: 550.869: Total time for which application threads were stopped: 0.0301410 seconds, Stopping threads took: 0.0001466 seconds
2024-10-09T21:25:41.839+0300: 551.046: Application time: 0.1769328 seconds
2024-10-09T21:25:41.839+0300: 551.047: [GC (Allocation Failure) 2024-10-09T21:25:41.839+0300: 551.047: [ParNew: 460096K->51072K(460096K), 0.0242567 secs] 2361042K->1968409K(4143232K), 0.0243448 secs] [Times: user=0.02 sys=0.00, real=0.02 secs] 
2024-10-09T21:25:41.855+0300: 551.071: Total time for which application threads were stopped: 0.0246120 seconds, Stopping threads took: 0.0001476 seconds
2024-10-09T21:25:42.028+0300: 551.243: Application time: 0.1725239 seconds
2024-10-09T21:25:42.028+0300: 551.244: [GC (Allocation Failure) 2024-10-09T21:25:42.028+0300: 551.244: [ParNew: 460096K->51072K(460096K), 0.0283524 secs] 2377433K->1989108K(4143232K), 0.0284414 secs] [Times: user=0.05 sys=0.00, real=0.03 secs] 
2024-10-09T21:25:42.059+0300: 551.272: Total time for which application threads were stopped: 0.0287298 seconds, Stopping threads took: 0.0001625 seconds
2024-10-09T21:25:42.232+0300: 551.448: Application time: 0.1755369 seconds
2024-10-09T21:25:42.232+0300: 551.448: [GC (Allocation Failure) 2024-10-09T21:25:42.232+0300: 551.448: [ParNew: 460096K->51072K(460096K), 0.0245633 secs] 2398132K->2004889K(4143232K), 0.0246529 secs] [Times: user=0.02 sys=0.00, real=0.03 secs] 
2024-10-09T21:25:42.263+0300: 551.473: Total time for which application threads were stopped: 0.0250009 seconds, Stopping threads took: 0.0002204 seconds
2024-10-09T21:25:42.436+0300: 551.651: Application time: 0.1781598 seconds
2024-10-09T21:25:42.436+0300: 551.651: [GC (Allocation Failure) 2024-10-09T21:25:42.436+0300: 551.651: [ParNew: 460096K->51072K(460096K), 0.0242584 secs] 2413913K->2019034K(4143232K), 0.0243507 secs] [Times: user=0.05 sys=0.00, real=0.03 secs] 
2024-10-09T21:25:42.468+0300: 551.676: Total time for which application threads were stopped: 0.0246318 seconds, Stopping threads took: 0.0001546 seconds
2024-10-09T21:25:42.640+0300: 551.853: Application time: 0.1772214 seconds
2024-10-09T21:25:42.640+0300: 551.853: [GC (Allocation Failure) 2024-10-09T21:25:42.640+0300: 551.853: [ParNew: 460096K->51072K(460096K), 0.0232342 secs] 2428058K->2031017K(4143232K), 0.0233267 secs] [Times: user=0.01 sys=0.00, real=0.03 secs] 
2024-10-09T21:25:42.672+0300: 551.876: Total time for which application threads were stopped: 0.0236304 seconds, Stopping threads took: 0.0001506 seconds
2024-10-09T21:25:42.844+0300: 552.057: Application time: 0.1806210 seconds
2024-10-09T21:25:42.844+0300: 552.057: [GC (Allocation Failure) 2024-10-09T21:25:42.844+0300: 552.057: [ParNew: 460096K->50919K(460096K), 0.0284425 secs] 2440041K->2056672K(4143232K), 0.0285303 secs] [Times: user=0.03 sys=0.00, real=0.03 secs] 
2024-10-09T21:25:42.876+0300: 552.086: Total time for which application threads were stopped: 0.0287906 seconds, Stopping threads took: 0.0001348 seconds
2024-10-09T21:25:43.048+0300: 552.264: Application time: 0.1784734 seconds
2024-10-09T21:25:43.048+0300: 552.264: [GC (Allocation Failure) 2024-10-09T21:25:43.048+0300: 552.265: [ParNew: 459943K->51072K(460096K), 0.0252119 secs] 2465696K->2073273K(4143232K), 0.0253010 secs] [Times: user=0.03 sys=0.00, real=0.03 secs] 
2024-10-09T21:25:43.080+0300: 552.290: Total time for which application threads were stopped: 0.0255650 seconds, Stopping threads took: 0.0001409 seconds
2024-10-09T21:25:43.252+0300: 552.459: Application time: 0.1692084 seconds
2024-10-09T21:25:43.252+0300: 552.459: [GC (Allocation Failure) 2024-10-09T21:25:43.252+0300: 552.459: [ParNew: 460096K->51072K(460096K), 0.0274273 secs] 2482297K->2091341K(4143232K), 0.0275198 secs] [Times: user=0.03 sys=0.00, real=0.03 secs] 
2024-10-09T21:25:43.284+0300: 552.487: Total time for which application threads were stopped: 0.0277884 seconds, Stopping threads took: 0.0001425 seconds
2024-10-09T21:25:43.456+0300: 552.666: Application time: 0.1794643 seconds
2024-10-09T21:25:43.456+0300: 552.667: [GC (Allocation Failure) 2024-10-09T21:25:43.456+0300: 552.667: [ParNew: 460096K->51072K(460096K), 0.0269197 secs] 2500365K->2115335K(4143232K), 0.0270076 secs] [Times: user=0.03 sys=0.00, real=0.03 secs] 
2024-10-09T21:25:43.488+0300: 552.694: Total time for which application threads were stopped: 0.0272726 seconds, Stopping threads took: 0.0001519 seconds
2024-10-09T21:25:43.660+0300: 552.876: Application time: 0.1827659 seconds
2024-10-09T21:25:43.660+0300: 552.877: [GC (Allocation Failure) 2024-10-09T21:25:43.660+0300: 552.877: [ParNew: 460096K->51072K(460096K), 0.0255041 secs] 2524359K->2129303K(4143232K), 0.0255990 secs] [Times: user=0.03 sys=0.00, real=0.03 secs] 
2024-10-09T21:25:43.692+0300: 552.902: Total time for which application threads were stopped: 0.0259800 seconds, Stopping threads took: 0.0002280 seconds
2024-10-09T21:25:43.864+0300: 553.072: Application time: 0.1692054 seconds
2024-10-09T21:25:43.864+0300: 553.072: [GC (Allocation Failure) 2024-10-09T21:25:43.864+0300: 553.072: [ParNew: 460096K->51072K(460096K), 0.0323672 secs] 2538327K->2159520K(4143232K), 0.0324553 secs] [Times: user=0.02 sys=0.00, real=0.03 secs] 
2024-10-09T21:25:43.896+0300: 553.104: Total time for which application threads were stopped: 0.0327221 seconds, Stopping threads took: 0.0001461 seconds
2024-10-09T21:25:44.068+0300: 553.280: Application time: 0.1752540 seconds
2024-10-09T21:25:44.068+0300: 553.280: [GC (Allocation Failure) 2024-10-09T21:25:44.068+0300: 553.280: [ParNew: 460096K->50166K(460096K), 0.0288060 secs] 2568544K->2186726K(4143232K), 0.0288963 secs] [Times: user=0.03 sys=0.00, real=0.03 secs] 
2024-10-09T21:25:44.100+0300: 553.309: Total time for which application threads were stopped: 0.0291629 seconds, Stopping threads took: 0.0001467 seconds
2024-10-09T21:25:44.272+0300: 553.488: Application time: 0.1788446 seconds
2024-10-09T21:25:44.272+0300: 553.488: [GC (Allocation Failure) 2024-10-09T21:25:44.272+0300: 553.488: [ParNew: 459190K->51072K(460096K), 0.0247365 secs] 2595750K->2199344K(4143232K), 0.0248226 secs] [Times: user=0.03 sys=0.00, real=0.03 secs] 
2024-10-09T21:25:44.303+0300: 553.513: Total time for which application threads were stopped: 0.0251031 seconds, Stopping threads took: 0.0001575 seconds
2024-10-09T21:25:44.476+0300: 553.680: Application time: 0.1674095 seconds
2024-10-09T21:25:44.476+0300: 553.680: [GC (Allocation Failure) 2024-10-09T21:25:44.476+0300: 553.680: [ParNew: 460096K->51072K(460096K), 0.0268366 secs] 2608368K->2215951K(4143232K), 0.0269290 secs] [Times: user=0.05 sys=0.00, real=0.01 secs] 
2024-10-09T21:25:44.491+0300: 553.707: Total time for which application threads were stopped: 0.0272030 seconds, Stopping threads took: 0.0001441 seconds
2024-10-09T21:25:44.680+0300: 553.895: Application time: 0.1875066 seconds
2024-10-09T21:25:44.680+0300: 553.895: [GC (Allocation Failure) 2024-10-09T21:25:44.680+0300: 553.895: [ParNew: 460096K->51072K(460096K), 0.0294096 secs] 2624975K->2242010K(4143232K), 0.0295097 secs] [Times: user=0.19 sys=0.00, real=0.03 secs] 
2024-10-09T21:25:44.711+0300: 553.925: Total time for which application threads were stopped: 0.0299606 seconds, Stopping threads took: 0.0002969 seconds
2024-10-09T21:25:44.900+0300: 554.108: Application time: 0.1828888 seconds
2024-10-09T21:25:44.900+0300: 554.108: [GC (Allocation Failure) 2024-10-09T21:25:44.900+0300: 554.108: [ParNew: 460096K->51072K(460096K), 0.0326558 secs] 2651034K->2262675K(4143232K), 0.0327533 secs] [Times: user=0.08 sys=0.00, real=0.03 secs] 
2024-10-09T21:25:44.933+0300: 554.141: Total time for which application threads were stopped: 0.0330733 seconds, Stopping threads took: 0.0001504 seconds
2024-10-09T21:25:45.104+0300: 554.312: Application time: 0.1717171 seconds
2024-10-09T21:25:45.104+0300: 554.313: [GC (Allocation Failure) 2024-10-09T21:25:45.104+0300: 554.313: [ParNew: 460096K->51072K(460096K), 0.0297353 secs] 2671699K->2285654K(4143232K), 0.0298373 secs] [Times: user=0.05 sys=0.00, real=0.03 secs] 
2024-10-09T21:25:45.135+0300: 554.343: Total time for which application threads were stopped: 0.0301559 seconds, Stopping threads took: 0.0001727 seconds
2024-10-09T21:25:45.308+0300: 554.519: Application time: 0.1763172 seconds
2024-10-09T21:25:45.308+0300: 554.519: [GC (Allocation Failure) 2024-10-09T21:25:45.308+0300: 554.519: [ParNew: 460096K->51072K(460096K), 0.0305036 secs] 2694678K->2313745K(4143232K), 0.0306048 secs] [Times: user=0.11 sys=0.00, real=0.03 secs] 
2024-10-09T21:25:45.340+0300: 554.550: Total time for which application threads were stopped: 0.0309138 seconds, Stopping threads took: 0.0001400 seconds
2024-10-09T21:25:45.528+0300: 554.732: Application time: 0.1818851 seconds
2024-10-09T21:25:45.528+0300: 554.732: [GC (Allocation Failure) 2024-10-09T21:25:45.528+0300: 554.732: [ParNew: 460096K->45143K(460096K), 0.0266719 secs] 2722769K->2325343K(4143232K), 0.0267634 secs] [Times: user=0.03 sys=0.00, real=0.02 secs] 
2024-10-09T21:25:45.544+0300: 554.759: Total time for which application threads were stopped: 0.0270764 seconds, Stopping threads took: 0.0001617 seconds
2024-10-09T21:25:45.735+0300: 554.940: Application time: 0.1808611 seconds
2024-10-09T21:25:45.735+0300: 554.940: [GC (Allocation Failure) 2024-10-09T21:25:45.735+0300: 554.940: [ParNew: 454167K->51072K(460096K), 0.0251187 secs] 2734367K->2341951K(4143232K), 0.0252064 secs] [Times: user=0.12 sys=0.00, real=0.01 secs] 
2024-10-09T21:25:45.748+0300: 554.965: Total time for which application threads were stopped: 0.0255928 seconds, Stopping threads took: 0.0002447 seconds
2024-10-09T21:25:45.920+0300: 555.136: Application time: 0.1704751 seconds
2024-10-09T21:25:45.920+0300: 555.136: [GC (Allocation Failure) 2024-10-09T21:25:45.920+0300: 555.136: [ParNew: 460096K->41342K(460096K), 0.0298050 secs] 2750975K->2362635K(4143232K), 0.0299180 secs] [Times: user=0.08 sys=0.00, real=0.03 secs] 
2024-10-09T21:25:45.952+0300: 555.166: Total time for which application threads were stopped: 0.0302094 seconds, Stopping threads took: 0.0001294 seconds
2024-10-09T21:25:46.140+0300: 555.346: Application time: 0.1797213 seconds
2024-10-09T21:25:46.140+0300: 555.346: [GC (Allocation Failure) 2024-10-09T21:25:46.140+0300: 555.346: [ParNew: 450366K->51072K(460096K), 0.0218638 secs] 2771659K->2377228K(4143232K), 0.0219541 secs] [Times: user=0.05 sys=0.00, real=0.02 secs] 
2024-10-09T21:25:46.156+0300: 555.368: Total time for which application threads were stopped: 0.0222509 seconds, Stopping threads took: 0.0001382 seconds
2024-10-09T21:25:46.336+0300: 555.543: Application time: 0.1747129 seconds
2024-10-09T21:25:46.336+0300: 555.543: [GC (Allocation Failure) 2024-10-09T21:25:46.336+0300: 555.543: [ParNew: 460096K->51072K(460096K), 0.0311630 secs] 2786252K->2401188K(4143232K), 0.0312507 secs] [Times: user=0.12 sys=0.00, real=0.02 secs] 
2024-10-09T21:25:46.360+0300: 555.574: Total time for which application threads were stopped: 0.0315895 seconds, Stopping threads took: 0.0001662 seconds
2024-10-09T21:25:46.536+0300: 555.748: Application time: 0.1736370 seconds
2024-10-09T21:25:46.536+0300: 555.748: [GC (Allocation Failure) 2024-10-09T21:25:46.536+0300: 555.748: [ParNew: 460096K->51072K(460096K), 0.0292209 secs] 2810212K->2429998K(4143232K), 0.0293067 secs] [Times: user=0.14 sys=0.00, real=0.03 secs] 
2024-10-09T21:25:46.564+0300: 555.777: Total time for which application threads were stopped: 0.0295908 seconds, Stopping threads took: 0.0001510 seconds
2024-10-09T21:25:46.752+0300: 555.971: Application time: 0.1934561 seconds
2024-10-09T21:25:46.768+0300: 555.971: [GC (Allocation Failure) 2024-10-09T21:25:46.768+0300: 555.971: [ParNew: 460096K->51072K(460096K), 0.0227189 secs] 2839022K->2434570K(4143232K), 0.0228052 secs] [Times: user=0.08 sys=0.00, real=0.02 secs] 
2024-10-09T21:25:46.784+0300: 555.994: Total time for which application threads were stopped: 0.0232337 seconds, Stopping threads took: 0.0002349 seconds
2024-10-09T21:25:46.957+0300: 556.167: Application time: 0.1732644 seconds
2024-10-09T21:25:46.957+0300: 556.168: [GC (Allocation Failure) 2024-10-09T21:25:46.957+0300: 556.168: [ParNew: 460096K->51072K(460096K), 0.0260702 secs] 2843594K->2453036K(4143232K), 0.0261675 secs] [Times: user=0.14 sys=0.00, real=0.03 secs] 
2024-10-09T21:25:46.988+0300: 556.194: Total time for which application threads were stopped: 0.0264999 seconds, Stopping threads took: 0.0001650 seconds
2024-10-09T21:25:47.161+0300: 556.370: Application time: 0.1765837 seconds
2024-10-09T21:25:47.161+0300: 556.371: [GC (Allocation Failure) 2024-10-09T21:25:47.161+0300: 556.371: [ParNew: 460096K->40949K(460096K), 0.0289969 secs] 2862060K->2471109K(4143232K), 0.0291077 secs] [Times: user=0.05 sys=0.00, real=0.03 secs] 
2024-10-09T21:25:47.192+0300: 556.400: Total time for which application threads were stopped: 0.0294002 seconds, Stopping threads took: 0.0001398 seconds
2024-10-09T21:25:47.380+0300: 556.597: Application time: 0.1972667 seconds
2024-10-09T21:25:47.380+0300: 556.598: [GC (Allocation Failure) 2024-10-09T21:25:47.380+0300: 556.598: [ParNew: 449973K->51072K(460096K), 0.0230854 secs] 2880133K->2484863K(4143232K), 0.0231830 secs] [Times: user=0.08 sys=0.00, real=0.03 secs] 
2024-10-09T21:25:47.412+0300: 556.621: Total time for which application threads were stopped: 0.0236326 seconds, Stopping threads took: 0.0002754 seconds
2024-10-09T21:25:47.585+0300: 556.801: Application time: 0.1804149 seconds
2024-10-09T21:25:47.585+0300: 556.802: [GC (Allocation Failure) 2024-10-09T21:25:47.585+0300: 556.802: [ParNew: 460096K->51072K(460096K), 0.0384442 secs] 2893887K->2509352K(4143232K), 0.0385176 secs] [Times: user=0.16 sys=0.00, real=0.05 secs] 
2024-10-09T21:25:47.632+0300: 556.840: Total time for which application threads were stopped: 0.0389021 seconds, Stopping threads took: 0.0002463 seconds
2024-10-09T21:25:47.805+0300: 557.019: Application time: 0.1791908 seconds
2024-10-09T21:25:47.805+0300: 557.020: [GC (Allocation Failure) 2024-10-09T21:25:47.805+0300: 557.020: [ParNew: 460096K->44190K(460096K), 0.0268066 secs] 2918376K->2528801K(4143232K), 0.0269019 secs] [Times: user=0.05 sys=0.01, real=0.03 secs] 
2024-10-09T21:25:47.839+0300: 557.047: Total time for which application threads were stopped: 0.0272532 seconds, Stopping threads took: 0.0001750 seconds
2024-10-09T21:25:48.041+0300: 557.258: Application time: 0.2110637 seconds
2024-10-09T21:25:48.041+0300: 557.258: [GC (Allocation Failure) 2024-10-09T21:25:48.041+0300: 557.258: [ParNew: 453214K->51072K(460096K), 0.0218712 secs] 2937825K->2537684K(4143232K), 0.0219500 secs] [Times: user=0.11 sys=0.00, real=0.03 secs] 
2024-10-09T21:25:48.072+0300: 557.280: Total time for which application threads were stopped: 0.0222207 seconds, Stopping threads took: 0.0001238 seconds
2024-10-09T21:25:48.245+0300: 557.454: Application time: 0.1741185 seconds
2024-10-09T21:25:48.245+0300: 557.454: [GC (Allocation Failure) 2024-10-09T21:25:48.245+0300: 557.454: [ParNew: 460096K->51072K(460096K), 0.0304359 secs] 2946708K->2560075K(4143232K), 0.0305278 secs] [Times: user=0.09 sys=0.00, real=0.03 secs] 
2024-10-09T21:25:48.276+0300: 557.485: Total time for which application threads were stopped: 0.0308825 seconds, Stopping threads took: 0.0001947 seconds
2024-10-09T21:25:48.448+0300: 557.659: Application time: 0.1740991 seconds
2024-10-09T21:25:48.448+0300: 557.659: [GC (Allocation Failure) 2024-10-09T21:25:48.448+0300: 557.659: [ParNew: 460096K->47063K(460096K), 0.0263839 secs] 2969099K->2577493K(4143232K), 0.0264708 secs] [Times: user=0.14 sys=0.00, real=0.03 secs] 
2024-10-09T21:25:48.480+0300: 557.686: Total time for which application threads were stopped: 0.0268310 seconds, Stopping threads took: 0.0002059 seconds
2024-10-09T21:25:48.684+0300: 557.894: Application time: 0.2077909 seconds
2024-10-09T21:25:48.684+0300: 557.894: [GC (Allocation Failure) 2024-10-09T21:25:48.684+0300: 557.894: [ParNew: 456087K->51072K(460096K), 0.0251609 secs] 2986517K->2595292K(4143232K), 0.0252477 secs] [Times: user=0.12 sys=0.00, real=0.03 secs] 
2024-10-09T21:25:48.715+0300: 557.919: Total time for which application threads were stopped: 0.0255044 seconds, Stopping threads took: 0.0001042 seconds
2024-10-09T21:25:48.888+0300: 558.094: Application time: 0.1751609 seconds
2024-10-09T21:25:48.888+0300: 558.095: [GC (Allocation Failure) 2024-10-09T21:25:48.888+0300: 558.095: [ParNew: 460096K->51072K(460096K), 0.0323938 secs] 3004316K->2612781K(4143232K), 0.0324785 secs] [Times: user=0.06 sys=0.00, real=0.03 secs] 
2024-10-09T21:25:48.919+0300: 558.127: Total time for which application threads were stopped: 0.0328065 seconds, Stopping threads took: 0.0001700 seconds
2024-10-09T21:25:49.092+0300: 558.301: Application time: 0.1743538 seconds
2024-10-09T21:25:49.092+0300: 558.302: [GC (Allocation Failure) 2024-10-09T21:25:49.092+0300: 558.302: [ParNew: 460096K->41669K(460096K), 0.0344448 secs] 3021805K->2638313K(4143232K), 0.0345499 secs] [Times: user=0.06 sys=0.00, real=0.03 secs] 
2024-10-09T21:25:49.123+0300: 558.336: Total time for which application threads were stopped: 0.0348411 seconds, Stopping threads took: 0.0001307 seconds
2024-10-09T21:25:49.312+0300: 558.519: Application time: 0.1832398 seconds
2024-10-09T21:25:49.312+0300: 558.520: [GC (Allocation Failure) 2024-10-09T21:25:49.312+0300: 558.520: [ParNew: 450693K->51072K(460096K), 0.0264790 secs] 3047337K->2667195K(4143232K), 0.0266887 secs] [Times: user=0.09 sys=0.00, real=0.03 secs] 
2024-10-09T21:25:49.343+0300: 558.547: Total time for which application threads were stopped: 0.0270317 seconds, Stopping threads took: 0.0001544 seconds
2024-10-09T21:25:49.516+0300: 558.723: Application time: 0.1769476 seconds
2024-10-09T21:25:49.516+0300: 558.724: [GC (Allocation Failure) 2024-10-09T21:25:49.516+0300: 558.724: [ParNew: 460096K->51072K(460096K), 0.0253265 secs] 3076219K->2675223K(4143232K), 0.0254046 secs] [Times: user=0.06 sys=0.00, real=0.03 secs] 
2024-10-09T21:25:49.543+0300: 558.749: Total time for which application threads were stopped: 0.0257121 seconds, Stopping threads took: 0.0001632 seconds
2024-10-09T21:25:49.720+0300: 558.934: Application time: 0.1844966 seconds
2024-10-09T21:25:49.720+0300: 558.934: [GC (Allocation Failure) 2024-10-09T21:25:49.720+0300: 558.934: [ParNew: 460096K->47493K(460096K), 0.0299839 secs] 3084247K->2699365K(4143232K), 0.0300801 secs] [Times: user=0.20 sys=0.00, real=0.04 secs] 
2024-10-09T21:25:49.761+0300: 558.964: Total time for which application threads were stopped: 0.0304220 seconds, Stopping threads took: 0.0001905 seconds
2024-10-09T21:25:49.924+0300: 559.133: Application time: 0.1693179 seconds
2024-10-09T21:25:49.924+0300: 559.134: [GC (Allocation Failure) 2024-10-09T21:25:49.924+0300: 559.134: [ParNew: 456517K->51072K(460096K), 0.0265810 secs] 3108389K->2724307K(4143232K), 0.0266760 secs] [Times: user=0.05 sys=0.00, real=0.03 secs] 
2024-10-09T21:25:49.956+0300: 559.160: Total time for which application threads were stopped: 0.0270047 seconds, Stopping threads took: 0.0001806 seconds
2024-10-09T21:25:50.128+0300: 559.341: Application time: 0.1807608 seconds
2024-10-09T21:25:50.128+0300: 559.342: [GC (Allocation Failure) 2024-10-09T21:25:50.128+0300: 559.342: [ParNew: 460096K->51072K(460096K), 0.0255850 secs] 3133331K->2733048K(4143232K), 0.0256732 secs] [Times: user=0.06 sys=0.00, real=0.04 secs] 
2024-10-09T21:25:50.164+0300: 559.367: Total time for which application threads were stopped: 0.0260120 seconds, Stopping threads took: 0.0001909 seconds
2024-10-09T21:25:50.332+0300: 559.539: Application time: 0.1718332 seconds
2024-10-09T21:25:50.332+0300: 559.539: [GC (Allocation Failure) 2024-10-09T21:25:50.332+0300: 559.539: [ParNew: 460096K->51072K(460096K), 0.0330001 secs] 3142072K->2759257K(4143232K), 0.0331046 secs] [Times: user=0.11 sys=0.00, real=0.03 secs] 
2024-10-09T21:25:50.364+0300: 559.572: Total time for which application threads were stopped: 0.0333959 seconds, Stopping threads took: 0.0001332 seconds
2024-10-09T21:25:50.536+0300: 559.742: Application time: 0.1697023 seconds
2024-10-09T21:25:50.536+0300: 559.742: [GC (Allocation Failure) 2024-10-09T21:25:50.536+0300: 559.742: [ParNew: 460096K->44400K(460096K), 0.0285820 secs] 3168281K->2774186K(4143232K), 0.0286729 secs] [Times: user=0.05 sys=0.00, real=0.03 secs] 
2024-10-09T21:25:50.568+0300: 559.771: Total time for which application threads were stopped: 0.0289651 seconds, Stopping threads took: 0.0001444 seconds
2024-10-09T21:25:50.756+0300: 559.963: Application time: 0.1915691 seconds
2024-10-09T21:25:50.756+0300: 559.964: [GC (Allocation Failure) 2024-10-09T21:25:50.756+0300: 559.964: [ParNew: 453424K->51072K(460096K), 0.0271644 secs] 3183210K->2796854K(4143232K), 0.0272679 secs] [Times: user=0.09 sys=0.00, real=0.03 secs] 
2024-10-09T21:25:50.788+0300: 559.992: Total time for which application threads were stopped: 0.0289507 seconds, Stopping threads took: 0.0015303 seconds
2024-10-09T21:25:50.960+0300: 560.169: Application time: 0.1769995 seconds
2024-10-09T21:25:50.960+0300: 560.169: [GC (Allocation Failure) 2024-10-09T21:25:50.960+0300: 560.169: [ParNew: 460096K->51072K(460096K), 0.0300436 secs] 3205878K->2821752K(4143232K), 0.0301534 secs] [Times: user=0.02 sys=0.00, real=0.03 secs] 
2024-10-09T21:25:50.992+0300: 560.199: Total time for which application threads were stopped: 0.0304581 seconds, Stopping threads took: 0.0001393 seconds
2024-10-09T21:25:51.164+0300: 560.376: Application time: 0.1767103 seconds
2024-10-09T21:25:51.164+0300: 560.376: [GC (Allocation Failure) 2024-10-09T21:25:51.164+0300: 560.376: [ParNew: 460096K->51072K(460096K), 0.0289131 secs] 3230776K->2844578K(4143232K), 0.0290198 secs] [Times: user=0.03 sys=0.00, real=0.03 secs] 
2024-10-09T21:25:51.199+0300: 560.405: Total time for which application threads were stopped: 0.0293078 seconds, Stopping threads took: 0.0001335 seconds
2024-10-09T21:25:51.369+0300: 560.580: Application time: 0.1750884 seconds
2024-10-09T21:25:51.369+0300: 560.580: [GC (Allocation Failure) 2024-10-09T21:25:51.369+0300: 560.581: [ParNew: 460096K->51072K(460096K), 0.0253281 secs] 3253602K->2861578K(4143232K), 0.0255510 secs] [Times: user=0.06 sys=0.00, real=0.03 secs] 
2024-10-09T21:25:51.402+0300: 560.606: Total time for which application threads were stopped: 0.0258531 seconds, Stopping threads took: 0.0001451 seconds
2024-10-09T21:25:51.604+0300: 560.813: Application time: 0.2069161 seconds
2024-10-09T21:25:51.620+0300: 560.823: [GC (Allocation Failure) 2024-10-09T21:25:51.620+0300: 560.823: [ParNew: 460096K->51072K(460096K), 0.0348415 secs] 3270602K->2877665K(4143232K), 0.0349643 secs] [Times: user=0.01 sys=0.00, real=0.03 secs] 
2024-10-09T21:25:51.652+0300: 560.858: Total time for which application threads were stopped: 0.0453861 seconds, Stopping threads took: 0.0102681 seconds
2024-10-09T21:25:51.824+0300: 561.032: Application time: 0.1731679 seconds
2024-10-09T21:25:51.824+0300: 561.032: [GC (Allocation Failure) 2024-10-09T21:25:51.824+0300: 561.032: [ParNew: 460096K->51072K(460096K), 0.0293191 secs] 3286689K->2904549K(4143232K), 0.0294295 secs] [Times: user=0.09 sys=0.00, real=0.03 secs] 
2024-10-09T21:25:51.856+0300: 561.061: Total time for which application threads were stopped: 0.0297200 seconds, Stopping threads took: 0.0001472 seconds
2024-10-09T21:25:52.028+0300: 561.244: Application time: 0.1830645 seconds
2024-10-09T21:25:52.028+0300: 561.245: [GC (Allocation Failure) 2024-10-09T21:25:52.028+0300: 561.245: [ParNew: 460096K->48883K(460096K), 0.0246194 secs] 3313573K->2916097K(4143232K), 0.0247116 secs] [Times: user=0.06 sys=0.00, real=0.03 secs] 
2024-10-09T21:25:52.060+0300: 561.269: Total time for which application threads were stopped: 0.0250320 seconds, Stopping threads took: 0.0001860 seconds
2024-10-09T21:25:52.232+0300: 561.441: Application time: 0.1717664 seconds
2024-10-09T21:25:52.232+0300: 561.441: [GC (Allocation Failure) 2024-10-09T21:25:52.232+0300: 561.442: [ParNew: 457907K->51072K(460096K), 0.0245532 secs] 3325121K->2929997K(4143232K), 0.0246730 secs] [Times: user=0.05 sys=0.00, real=0.02 secs] 
2024-10-09T21:25:52.249+0300: 561.466: Total time for which application threads were stopped: 0.0250346 seconds, Stopping threads took: 0.0001892 seconds
2024-10-09T21:25:52.421+0300: 561.637: Application time: 0.1707938 seconds
2024-10-09T21:25:52.421+0300: 561.637: [GC (Allocation Failure) 2024-10-09T21:25:52.421+0300: 561.637: [ParNew: 460096K->51072K(460096K), 0.0296756 secs] 3339021K->2955654K(4143232K), 0.0297797 secs] [Times: user=0.11 sys=0.00, real=0.03 secs] 
2024-10-09T21:25:52.452+0300: 561.667: Total time for which application threads were stopped: 0.0301215 seconds, Stopping threads took: 0.0001770 seconds
2024-10-09T21:25:52.650+0300: 561.858: Application time: 0.1904562 seconds
2024-10-09T21:25:52.650+0300: 561.858: [GC (Allocation Failure) 2024-10-09T21:25:52.656+0300: 561.860: [ParNew: 460096K->51072K(460096K), 0.0256703 secs] 3364678K->2972092K(4143232K), 0.0280582 secs] [Times: user=0.02 sys=0.00, real=0.03 secs] 
2024-10-09T21:25:52.682+0300: 561.886: Total time for which application threads were stopped: 0.0283484 seconds, Stopping threads took: 0.0001452 seconds
2024-10-09T21:25:52.860+0300: 562.068: Application time: 0.1819020 seconds
2024-10-09T21:25:52.860+0300: 562.068: [GC (Allocation Failure) 2024-10-09T21:25:52.860+0300: 562.068: [ParNew: 460096K->51072K(460096K), 0.0281420 secs] 3381116K->2989278K(4143232K), 0.0282409 secs] [Times: user=0.14 sys=0.00, real=0.03 secs] 
2024-10-09T21:25:52.891+0300: 562.096: Total time for which application threads were stopped: 0.0285676 seconds, Stopping threads took: 0.0001677 seconds
2024-10-09T21:25:53.064+0300: 562.269: Application time: 0.1725134 seconds
2024-10-09T21:25:53.064+0300: 562.269: [GC (Allocation Failure) 2024-10-09T21:25:53.064+0300: 562.269: [ParNew: 460096K->48157K(460096K), 0.0296092 secs] 3398302K->3013274K(4143232K), 0.0297009 secs] [Times: user=0.03 sys=0.00, real=0.03 secs] 
2024-10-09T21:25:53.095+0300: 562.299: Total time for which application threads were stopped: 0.0300305 seconds, Stopping threads took: 0.0001782 seconds
2024-10-09T21:25:53.268+0300: 562.478: Application time: 0.1794399 seconds
2024-10-09T21:25:53.268+0300: 562.479: [GC (Allocation Failure) 2024-10-09T21:25:53.268+0300: 562.479: [ParNew: 457181K->51072K(460096K), 0.0306328 secs] 3422298K->3037011K(4143232K), 0.0307334 secs] [Times: user=0.03 sys=0.00, real=0.03 secs] 
2024-10-09T21:25:53.299+0300: 562.509: Total time for which application threads were stopped: 0.0310385 seconds, Stopping threads took: 0.0001454 seconds
2024-10-09T21:25:53.472+0300: 562.685: Application time: 0.1758406 seconds
2024-10-09T21:25:53.472+0300: 562.686: [GC (Allocation Failure) 2024-10-09T21:25:53.472+0300: 562.686: [ParNew: 460096K->51072K(460096K), 0.0235556 secs] 3446035K->3044855K(4143232K), 0.0236556 secs] [Times: user=0.06 sys=0.00, real=0.03 secs] 
2024-10-09T21:25:53.503+0300: 562.709: Total time for which application threads were stopped: 0.0239724 seconds, Stopping threads took: 0.0001748 seconds
2024-10-09T21:25:53.676+0300: 562.886: Application time: 0.1762886 seconds
2024-10-09T21:25:53.676+0300: 562.886: [GC (Allocation Failure) 2024-10-09T21:25:53.676+0300: 562.886: [ParNew: 460096K->48943K(460096K), 0.0327101 secs] 3453879K->3075621K(4143232K), 0.0328046 secs] [Times: user=0.06 sys=0.00, real=0.03 secs] 
2024-10-09T21:25:53.707+0300: 562.919: Total time for which application threads were stopped: 0.0330805 seconds, Stopping threads took: 0.0001387 seconds
2024-10-09T21:25:53.880+0300: 563.094: Application time: 0.1756194 seconds
2024-10-09T21:25:53.880+0300: 563.094: [GC (Allocation Failure) 2024-10-09T21:25:53.880+0300: 563.094: [ParNew: 457967K->51072K(460096K), 0.0267535 secs] 3484645K->3100778K(4143232K), 0.0268395 secs] [Times: user=0.03 sys=0.00, real=0.03 secs] 
2024-10-09T21:25:53.911+0300: 563.121: Total time for which application threads were stopped: 0.0271206 seconds, Stopping threads took: 0.0001556 seconds
2024-10-09T21:25:54.084+0300: 563.300: Application time: 0.1790809 seconds
2024-10-09T21:25:54.084+0300: 563.301: [GC (Allocation Failure) 2024-10-09T21:25:54.084+0300: 563.301: [ParNew: 460096K->51072K(460096K), 0.0250685 secs] 3509802K->3111657K(4143232K), 0.0251535 secs] [Times: user=0.03 sys=0.00, real=0.03 secs] 
2024-10-09T21:25:54.115+0300: 563.326: Total time for which application threads were stopped: 0.0254327 seconds, Stopping threads took: 0.0001492 seconds
2024-10-09T21:25:54.272+0300: 563.490: Application time: 0.1637284 seconds
2024-10-09T21:25:54.272+0300: 563.490: [GC (Allocation Failure) 2024-10-09T21:25:54.272+0300: 563.490: [ParNew: 460096K->48204K(460096K), 0.0283064 secs] 3520681K->3132597K(4143232K), 0.0283982 secs] [Times: user=0.03 sys=0.00, real=0.03 secs] 
2024-10-09T21:25:54.303+0300: 563.518: Total time for which application threads were stopped: 0.0286871 seconds, Stopping threads took: 0.0001619 seconds
2024-10-09T21:25:54.492+0300: 563.697: Application time: 0.1791184 seconds
2024-10-09T21:25:54.492+0300: 563.698: [GC (Allocation Failure) 2024-10-09T21:25:54.492+0300: 563.698: [ParNew: 457228K->51072K(460096K), 0.0245684 secs] 3541621K->3154330K(4143232K), 0.0246507 secs] [Times: user=0.01 sys=0.00, real=0.01 secs] 
2024-10-09T21:25:54.507+0300: 563.722: Total time for which application threads were stopped: 0.0249202 seconds, Stopping threads took: 0.0001509 seconds
2024-10-09T21:25:54.696+0300: 563.912: Application time: 0.1892707 seconds
2024-10-09T21:25:54.696+0300: 563.912: [GC (Allocation Failure) 2024-10-09T21:25:54.696+0300: 563.912: [ParNew: 460096K->51072K(460096K), 0.0247117 secs] 3563354K->3166480K(4143232K), 0.0248154 secs] [Times: user=0.05 sys=0.00, real=0.03 secs] 
2024-10-09T21:25:54.727+0300: 563.937: Total time for which application threads were stopped: 0.0251486 seconds, Stopping threads took: 0.0001517 seconds
2024-10-09T21:25:54.884+0300: 564.098: Application time: 0.1614766 seconds
2024-10-09T21:25:54.884+0300: 564.098: [GC (Allocation Failure) 2024-10-09T21:25:54.884+0300: 564.098: [ParNew: 460096K->51072K(460096K), 0.0271993 secs] 3575504K->3190207K(4143232K), 0.0272852 secs] [Times: user=0.03 sys=0.00, real=0.03 secs] 
2024-10-09T21:25:54.915+0300: 564.126: Total time for which application threads were stopped: 0.0275524 seconds, Stopping threads took: 0.0001459 seconds
2024-10-09T21:25:55.104+0300: 564.311: Application time: 0.1855798 seconds
2024-10-09T21:25:55.104+0300: 564.312: [GC (Allocation Failure) 2024-10-09T21:25:55.104+0300: 564.312: [ParNew: 460096K->51072K(460096K), 0.0251238 secs] 3599231K->3210515K(4143232K), 0.0252045 secs] [Times: user=0.02 sys=0.00, real=0.01 secs] 
2024-10-09T21:25:55.119+0300: 564.337: Total time for which application threads were stopped: 0.0254665 seconds, Stopping threads took: 0.0001406 seconds
2024-10-09T21:25:55.308+0300: 564.521: Application time: 0.1837014 seconds
2024-10-09T21:25:55.308+0300: 564.521: [GC (Allocation Failure) 2024-10-09T21:25:55.308+0300: 564.521: [ParNew: 460096K->51072K(460096K), 0.0235990 secs] 3619539K->3220392K(4143232K), 0.0236842 secs] [Times: user=0.03 sys=0.00, real=0.03 secs] 
2024-10-09T21:25:55.339+0300: 564.545: Total time for which application threads were stopped: 0.0239591 seconds, Stopping threads took: 0.0001480 seconds
2024-10-09T21:25:55.497+0300: 564.708: Application time: 0.1636895 seconds
2024-10-09T21:25:55.497+0300: 564.708: [GC (Allocation Failure) 2024-10-09T21:25:55.497+0300: 564.709: [ParNew: 460096K->47051K(460096K), 0.0304438 secs] 3629416K->3241732K(4143232K), 0.0305397 secs] [Times: user=0.03 sys=0.00, real=0.03 secs] 
2024-10-09T21:25:55.528+0300: 564.739: Total time for which application threads were stopped: 0.0308886 seconds, Stopping threads took: 0.0002158 seconds
2024-10-09T21:25:55.716+0300: 564.934: Application time: 0.1951239 seconds
2024-10-09T21:25:55.716+0300: 564.934: [GC (Allocation Failure) 2024-10-09T21:25:55.716+0300: 564.935: [ParNew: 456075K->49618K(460096K), 0.0259365 secs] 3650756K->3267775K(4143232K), 0.0260361 secs] [Times: user=0.05 sys=0.00, real=0.04 secs] 
2024-10-09T21:25:55.756+0300: 564.961: Total time for which application threads were stopped: 0.0263239 seconds, Stopping threads took: 0.0001218 seconds
2024-10-09T21:25:55.937+0300: 565.147: Application time: 0.1868844 seconds
2024-10-09T21:25:55.937+0300: 565.148: [GC (Allocation Failure) 2024-10-09T21:25:55.937+0300: 565.148: [ParNew: 458642K->51072K(460096K), 0.0229221 secs] 3676799K->3273695K(4143232K), 0.0230014 secs] [Times: user=0.02 sys=0.00, real=0.02 secs] 
2024-10-09T21:25:55.957+0300: 565.171: Total time for which application threads were stopped: 0.0232629 seconds, Stopping threads took: 0.0001430 seconds
2024-10-09T21:25:56.125+0300: 565.330: Application time: 0.1596867 seconds
2024-10-09T21:25:56.125+0300: 565.331: [GC (Allocation Failure) 2024-10-09T21:25:56.125+0300: 565.331: [ParNew: 460096K->51072K(460096K), 0.0292780 secs] 3682719K->3302597K(4143232K), 0.0293638 secs] [Times: user=0.03 sys=0.00, real=0.03 secs] 
2024-10-09T21:25:56.156+0300: 565.360: Total time for which application threads were stopped: 0.0296056 seconds, Stopping threads took: 0.0001281 seconds
2024-10-09T21:25:56.345+0300: 565.549: Application time: 0.1887178 seconds
2024-10-09T21:25:56.345+0300: 565.549: [GC (Allocation Failure) 2024-10-09T21:25:56.345+0300: 565.549: [ParNew: 460096K->42300K(460096K), 0.0242878 secs] 3711621K->3313483K(4143232K), 0.0243792 secs] [Times: user=0.01 sys=0.00, real=0.02 secs] 
2024-10-09T21:25:56.361+0300: 565.573: Total time for which application threads were stopped: 0.0246327 seconds, Stopping threads took: 0.0001294 seconds
2024-10-09T21:25:56.549+0300: 565.759: Application time: 0.1860359 seconds
2024-10-09T21:25:56.549+0300: 565.760: [GC (Allocation Failure) 2024-10-09T21:25:56.549+0300: 565.760: [ParNew: 451324K->51072K(460096K), 0.0248544 secs] 3722507K->3332038K(4143232K), 0.0249495 secs] [Times: user=0.02 sys=0.02, real=0.03 secs] 
2024-10-09T21:25:56.581+0300: 565.785: Total time for which application threads were stopped: 0.0253288 seconds, Stopping threads took: 0.0002361 seconds
2024-10-09T21:25:56.738+0300: 565.949: Application time: 0.1645391 seconds
2024-10-09T21:25:56.738+0300: 565.950: [GC (Allocation Failure) 2024-10-09T21:25:56.738+0300: 565.950: [ParNew: 460096K->49137K(460096K), 0.0244288 secs] 3741062K->3348169K(4143232K), 0.0245308 secs] [Times: user=0.03 sys=0.00, real=0.03 secs] 
2024-10-09T21:25:56.769+0300: 565.974: Total time for which application threads were stopped: 0.0248392 seconds, Stopping threads took: 0.0001737 seconds
2024-10-09T21:25:56.942+0300: 566.160: Application time: 0.1857668 seconds
2024-10-09T21:25:56.942+0300: 566.160: [GC (Allocation Failure) 2024-10-09T21:25:56.942+0300: 566.160: [ParNew: 458161K->51072K(460096K), 0.0257138 secs] 3757193K->3370796K(4143232K), 0.0258008 secs] [Times: user=0.02 sys=0.00, real=0.03 secs] 
2024-10-09T21:25:56.973+0300: 566.186: Total time for which application threads were stopped: 0.0260914 seconds, Stopping threads took: 0.0001699 seconds
2024-10-09T21:25:57.162+0300: 566.367: Application time: 0.1811606 seconds
2024-10-09T21:25:57.162+0300: 566.367: [GC (Allocation Failure) 2024-10-09T21:25:57.162+0300: 566.367: [ParNew: 460096K->51072K(460096K), 0.0274493 secs] 3779820K->3383845K(4143232K), 0.0275418 secs] [Times: user=0.03 sys=0.00, real=0.02 secs] 
2024-10-09T21:25:57.177+0300: 566.395: Total time for which application threads were stopped: 0.0277975 seconds, Stopping threads took: 0.0001261 seconds
2024-10-09T21:25:57.350+0300: 566.556: Application time: 0.1607050 seconds
2024-10-09T21:25:57.350+0300: 566.556: [GC (Allocation Failure) 2024-10-09T21:25:57.350+0300: 566.556: [ParNew: 460096K->51072K(460096K), 0.0291252 secs] 3792869K->3413607K(4143232K), 0.0292043 secs] [Times: user=0.03 sys=0.00, real=0.03 secs] 
2024-10-09T21:25:57.381+0300: 566.585: Total time for which application threads were stopped: 0.0294792 seconds, Stopping threads took: 0.0001586 seconds
2024-10-09T21:25:57.381+0300: 566.585: Application time: 0.0001170 seconds
2024-10-09T21:25:57.381+0300: 566.585: [GC (CMS Initial Mark) [1 CMS-initial-mark: 3362535K(3683136K)] 3420402K(4143232K), 0.0041303 secs] [Times: user=0.00 sys=0.00, real=0.00 secs] 
2024-10-09T21:25:57.381+0300: 566.590: Total time for which application threads were stopped: 0.0044191 seconds, Stopping threads took: 0.0001606 seconds
2024-10-09T21:25:57.381+0300: 566.590: [CMS-concurrent-mark-start]
2024-10-09T21:25:57.397+0300: 566.607: [CMS-concurrent-mark: 0.018/0.018 secs] [Times: user=0.02 sys=0.00, real=0.02 secs] 
2024-10-09T21:25:57.397+0300: 566.607: [CMS-concurrent-preclean-start]
2024-10-09T21:25:57.397+0300: 566.611: [CMS-concurrent-preclean: 0.004/0.004 secs] [Times: user=0.00 sys=0.00, real=0.00 secs] 
2024-10-09T21:25:57.397+0300: 566.612: [CMS-concurrent-abortable-preclean-start]
2024-10-09T21:25:57.538+0300: 566.751: [CMS-concurrent-abortable-preclean: 0.139/0.139 secs] [Times: user=0.92 sys=0.00, real=0.14 secs] 
2024-10-09T21:25:57.538+0300: 566.751: Application time: 0.1612370 seconds
2024-10-09T21:25:57.538+0300: 566.751: [GC (CMS Final Remark) [YG occupancy: 350959 K (460096 K)]2024-10-09T21:25:57.538+0300: 566.751: [Rescan (parallel) , 0.0352220 secs]2024-10-09T21:25:57.570+0300: 566.786: [weak refs processing, 0.0000201 secs]2024-10-09T21:25:57.570+0300: 566.786: [class unloading, 0.0022344 secs]2024-10-09T21:25:57.585+0300: 566.789: [scrub symbol table, 0.0008055 secs]2024-10-09T21:25:57.585+0300: 566.790: [scrub string table, 0.0002169 secs][1 CMS-remark: 3362535K(3683136K)] 3713495K(4143232K), 0.0386421 secs] [Times: user=0.08 sys=0.00, real=0.05 secs] 
2024-10-09T21:25:57.585+0300: 566.790: Total time for which application threads were stopped: 0.0389086 seconds, Stopping threads took: 0.0001675 seconds
2024-10-09T21:25:57.585+0300: 566.790: [CMS-concurrent-sweep-start]
2024-10-09T21:25:57.641+0300: 566.845: Application time: 0.0552647 seconds
2024-10-09T21:25:57.642+0300: 566.845: [GC (Allocation Failure) 2024-10-09T21:25:57.642+0300: 566.845: [ParNew: 460096K->51072K(460096K), 0.0302698 secs] 3713695K->3318517K(4143232K), 0.0303814 secs] [Times: user=0.12 sys=0.00, real=0.02 secs] 
2024-10-09T21:25:57.664+0300: 566.876: Total time for which application threads were stopped: 0.0306834 seconds, Stopping threads took: 0.0001497 seconds
2024-10-09T21:25:57.884+0300: 567.096: Application time: 0.2200025 seconds
2024-10-09T21:25:57.884+0300: 567.096: [GC (Allocation Failure) 2024-10-09T21:25:57.884+0300: 567.096: [ParNew: 460096K->51072K(460096K), 0.0280442 secs] 3288522K->2901989K(4143232K), 0.0281348 secs] [Times: user=0.03 sys=0.00, real=0.03 secs] 
2024-10-09T21:25:57.915+0300: 567.124: Total time for which application threads were stopped: 0.0285218 seconds, Stopping threads took: 0.0002078 seconds
2024-10-09T21:25:58.119+0300: 567.335: Application time: 0.2107059 seconds
2024-10-09T21:25:58.119+0300: 567.335: [GC (Allocation Failure) 2024-10-09T21:25:58.119+0300: 567.338: [ParNew: 460096K->51072K(460096K), 0.0274806 secs] 2914894K->2523189K(4143232K), 0.0297753 secs] [Times: user=0.03 sys=0.00, real=0.04 secs] 
2024-10-09T21:25:58.162+0300: 567.365: Total time for which application threads were stopped: 0.0301692 seconds, Stopping threads took: 0.0002536 seconds
2024-10-09T21:25:58.362+0300: 567.565: Application time: 0.1998611 seconds
2024-10-09T21:25:58.362+0300: 567.565: [GC (Allocation Failure) 2024-10-09T21:25:58.362+0300: 567.565: [ParNew: 460096K->45527K(460096K), 0.0330880 secs] 2557516K->2174062K(4143232K), 0.0331862 secs] [Times: user=0.05 sys=0.00, real=0.02 secs] 
2024-10-09T21:25:58.386+0300: 567.598: Total time for which application threads were stopped: 0.0334567 seconds, Stopping threads took: 0.0001417 seconds
2024-10-09T21:25:58.606+0300: 567.810: Application time: 0.2115998 seconds
2024-10-09T21:25:58.606+0300: 567.810: [GC (Allocation Failure) 2024-10-09T21:25:58.606+0300: 567.810: [ParNew: 454551K->49139K(460096K), 0.0346447 secs] 2178891K->1794816K(4143232K), 0.0347425 secs] [Times: user=0.16 sys=0.00, real=0.03 secs] 
2024-10-09T21:25:58.637+0300: 567.845: Total time for which application threads were stopped: 0.0350290 seconds, Stopping threads took: 0.0001361 seconds
2024-10-09T21:25:58.863+0300: 568.070: Application time: 0.2246370 seconds
2024-10-09T21:25:58.863+0300: 568.070: [GC (Allocation Failure) 2024-10-09T21:25:58.863+0300: 568.070: [ParNew: 458163K->51072K(460096K), 0.0240799 secs] 1770909K->1376740K(4143232K), 0.0241694 secs] [Times: user=0.02 sys=0.00, real=0.03 secs] 
2024-10-09T21:25:58.888+0300: 568.094: Total time for which application threads were stopped: 0.0245003 seconds, Stopping threads took: 0.0002030 seconds
2024-10-09T21:25:59.092+0300: 568.307: Application time: 0.2128595 seconds
2024-10-09T21:25:59.092+0300: 568.307: [GC (Allocation Failure) 2024-10-09T21:25:59.092+0300: 568.307: [ParNew: 460096K->51072K(460096K), 0.0266781 secs] 1379859K->984163K(4143232K), 0.0267824 secs] [Times: user=0.06 sys=0.00, real=0.03 secs] 
2024-10-09T21:25:59.124+0300: 568.334: Total time for which application threads were stopped: 0.0271365 seconds, Stopping threads took: 0.0001926 seconds
2024-10-09T21:25:59.328+0300: 568.531: Application time: 0.1970045 seconds
2024-10-09T21:25:59.328+0300: 568.532: [GC (Allocation Failure) 2024-10-09T21:25:59.328+0300: 568.532: [ParNew: 460096K->49502K(460096K), 0.0292971 secs] 1017973K->634431K(4143232K), 0.0293847 secs] [Times: user=0.11 sys=0.00, real=0.01 secs] 
2024-10-09T21:25:59.343+0300: 568.561: Total time for which application threads were stopped: 0.0298701 seconds, Stopping threads took: 0.0003158 seconds
2024-10-09T21:25:59.564+0300: 568.767: Application time: 0.2063612 seconds
2024-10-09T21:25:59.564+0300: 568.768: [GC (Allocation Failure) 2024-10-09T21:25:59.564+0300: 568.768: [ParNew: 458526K->46480K(460096K), 0.0240268 secs] 666092K->269024K(4143232K), 0.0241342 secs] [Times: user=0.01 sys=0.00, real=0.02 secs] 
2024-10-09T21:25:59.579+0300: 568.792: Total time for which application threads were stopped: 0.0244005 seconds, Stopping threads took: 0.0001257 seconds
2024-10-09T21:25:59.595+0300: 568.801: [CMS-concurrent-sweep: 1.747/2.011 secs] [Times: user=10.36 sys=0.00, real=2.01 secs] 
2024-10-09T21:25:59.595+0300: 568.801: [CMS-concurrent-reset-start]
2024-10-09T21:25:59.595+0300: 568.808: [CMS-concurrent-reset: 0.008/0.008 secs] [Times: user=0.00 sys=0.00, real=0.00 secs] 
2024-10-09T21:25:59.783+0300: 568.987: Application time: 0.1949454 seconds
2024-10-09T21:25:59.783+0300: 568.987: [GC (Allocation Failure) 2024-10-09T21:25:59.783+0300: 568.987: [ParNew: 455504K->51072K(460096K), 0.0273762 secs] 664972K->280441K(4143232K), 0.0274589 secs] [Times: user=0.02 sys=0.00, real=0.02 secs] 
2024-10-09T21:25:59.799+0300: 569.015: Total time for which application threads were stopped: 0.0277167 seconds, Stopping threads took: 0.0001283 seconds
2024-10-09T21:25:59.971+0300: 569.188: Application time: 0.1733925 seconds
2024-10-09T21:25:59.971+0300: 569.188: [GC (Allocation Failure) 2024-10-09T21:25:59.971+0300: 569.188: [ParNew: 460096K->51072K(460096K), 0.0324052 secs] 689465K->306256K(4143232K), 0.0325046 secs] [Times: user=0.03 sys=0.00, real=0.03 secs] 
2024-10-09T21:26:00.003+0300: 569.221: Total time for which application threads were stopped: 0.0327839 seconds, Stopping threads took: 0.0001537 seconds
2024-10-09T21:26:00.191+0300: 569.394: Application time: 0.1735894 seconds
2024-10-09T21:26:00.191+0300: 569.395: [GC (Allocation Failure) 2024-10-09T21:26:00.191+0300: 569.395: [ParNew: 460096K->51072K(460096K), 0.0256749 secs] 715280K->331122K(4143232K), 0.0257557 secs] [Times: user=0.01 sys=0.00, real=0.02 secs] 
2024-10-09T21:26:00.206+0300: 569.420: Total time for which application threads were stopped: 0.0260177 seconds, Stopping threads took: 0.0001478 seconds
2024-10-09T21:26:00.394+0300: 569.608: Application time: 0.1875710 seconds
2024-10-09T21:26:00.394+0300: 569.608: [GC (Allocation Failure) 2024-10-09T21:26:00.394+0300: 569.608: [ParNew: 460096K->51072K(460096K), 0.0217503 secs] 740146K->334361K(4143232K), 0.0218377 secs] [Times: user=0.06 sys=0.00, real=0.03 secs] 
2024-10-09T21:26:00.425+0300: 569.630: Total time for which application threads were stopped: 0.0221327 seconds, Stopping threads took: 0.0001549 seconds
2024-10-09T21:26:00.598+0300: 569.805: Application time: 0.1746061 seconds
2024-10-09T21:26:00.598+0300: 569.805: [GC (Allocation Failure) 2024-10-09T21:26:00.598+0300: 569.805: [ParNew: 460096K->51072K(460096K), 0.0312012 secs] 743385K->354892K(4143232K), 0.0312922 secs] [Times: user=0.11 sys=0.00, real=0.03 secs] 
2024-10-09T21:26:00.629+0300: 569.836: Total time for which application threads were stopped: 0.0317104 seconds, Stopping threads took: 0.0002827 seconds
2024-10-09T21:26:00.802+0300: 570.013: Application time: 0.1767122 seconds
2024-10-09T21:26:00.802+0300: 570.013: [GC (Allocation Failure) 2024-10-09T21:26:00.802+0300: 570.013: [ParNew: 460096K->45235K(460096K), 0.0288289 secs] 763916K->378591K(4143232K), 0.0289163 secs] [Times: user=0.03 sys=0.00, real=0.03 secs] 
2024-10-09T21:26:00.833+0300: 570.042: Total time for which application threads were stopped: 0.0291688 seconds, Stopping threads took: 0.0001303 seconds
2024-10-09T21:26:01.022+0300: 570.231: Application time: 0.1891452 seconds
2024-10-09T21:26:01.022+0300: 570.232: [GC (Allocation Failure) 2024-10-09T21:26:01.022+0300: 570.232: [ParNew: 454259K->51072K(460096K), 0.0261083 secs] 787615K->397880K(4143232K), 0.0262010 secs] [Times: user=0.06 sys=0.00, real=0.03 secs] 
2024-10-09T21:26:01.053+0300: 570.258: Total time for which application threads were stopped: 0.0264680 seconds, Stopping threads took: 0.0001382 seconds
2024-10-09T21:26:01.211+0300: 570.424: Application time: 0.1657093 seconds
2024-10-09T21:26:01.211+0300: 570.424: [GC (Allocation Failure) 2024-10-09T21:26:01.211+0300: 570.424: [ParNew: 460096K->51072K(460096K), 0.0266536 secs] 806904K->415162K(4143232K), 0.0267443 secs] [Times: user=0.03 sys=0.00, real=0.03 secs] 
2024-10-09T21:26:01.242+0300: 570.451: Total time for which application threads were stopped: 0.0270001 seconds, Stopping threads took: 0.0001270 seconds
2024-10-09T21:26:01.414+0300: 570.626: Application time: 0.1755266 seconds
2024-10-09T21:26:01.414+0300: 570.626: [GC (Allocation Failure) 2024-10-09T21:26:01.414+0300: 570.626: [ParNew: 460096K->39646K(460096K), 0.0289980 secs] 824186K->435560K(4143232K), 0.0290918 secs] [Times: user=0.03 sys=0.00, real=0.03 secs] 
2024-10-09T21:26:01.446+0300: 570.655: Total time for which application threads were stopped: 0.0293616 seconds, Stopping threads took: 0.0001535 seconds
2024-10-09T21:26:01.634+0300: 570.850: Application time: 0.1943306 seconds
2024-10-09T21:26:01.634+0300: 570.850: [GC (Allocation Failure) 2024-10-09T21:26:01.634+0300: 570.850: [ParNew: 448670K->51072K(460096K), 0.0217921 secs] 844584K->450214K(4143232K), 0.0218745 secs] [Times: user=0.03 sys=0.00, real=0.03 secs] 
2024-10-09T21:26:01.668+0300: 570.872: Total time for which application threads were stopped: 0.0221813 seconds, Stopping threads took: 0.0001752 seconds
2024-10-09T21:26:01.822+0300: 571.037: Application time: 0.1653197 seconds
2024-10-09T21:26:01.822+0300: 571.038: [GC (Allocation Failure) 2024-10-09T21:26:01.822+0300: 571.038: [ParNew: 460096K->51072K(460096K), 0.0308827 secs] 859238K->476800K(4143232K), 0.0309777 secs] [Times: user=0.03 sys=0.00, real=0.03 secs] 
2024-10-09T21:26:01.854+0300: 571.069: Total time for which application threads were stopped: 0.0312820 seconds, Stopping threads took: 0.0001609 seconds
2024-10-09T21:26:02.026+0300: 571.244: Application time: 0.1754739 seconds
2024-10-09T21:26:02.026+0300: 571.244: [GC (Allocation Failure) 2024-10-09T21:26:02.026+0300: 571.244: [ParNew: 460096K->39573K(460096K), 0.0303069 secs] 885824K->498895K(4143232K), 0.0303938 secs] [Times: user=0.03 sys=0.00, real=0.04 secs] 
2024-10-09T21:26:02.069+0300: 571.275: Total time for which application threads were stopped: 0.0306539 seconds, Stopping threads took: 0.0001365 seconds
2024-10-09T21:26:02.246+0300: 571.462: Application time: 0.1869604 seconds
2024-10-09T21:26:02.246+0300: 571.462: [GC (Allocation Failure) 2024-10-09T21:26:02.246+0300: 571.462: [ParNew: 448597K->51072K(460096K), 0.0255475 secs] 907919K->517606K(4143232K), 0.0256327 secs] [Times: user=0.03 sys=0.00, real=0.03 secs] 
2024-10-09T21:26:02.278+0300: 571.488: Total time for which application threads were stopped: 0.0259256 seconds, Stopping threads took: 0.0001679 seconds
2024-10-09T21:26:02.435+0300: 571.650: Application time: 0.1627411 seconds
2024-10-09T21:26:02.435+0300: 571.651: [GC (Allocation Failure) 2024-10-09T21:26:02.435+0300: 571.651: [ParNew: 460096K->51072K(460096K), 0.0317755 secs] 926630K->544984K(4143232K), 0.0318666 secs] [Times: user=0.06 sys=0.00, real=0.04 secs] 
2024-10-09T21:26:02.470+0300: 571.683: Total time for which application threads were stopped: 0.0321376 seconds, Stopping threads took: 0.0001477 seconds
2024-10-09T21:26:02.654+0300: 571.862: Application time: 0.1797409 seconds
2024-10-09T21:26:02.654+0300: 571.863: [GC (Allocation Failure) 2024-10-09T21:26:02.654+0300: 571.863: [ParNew: 460096K->46351K(460096K), 0.0279384 secs] 954008K->568886K(4143232K), 0.0280282 secs] [Times: user=0.01 sys=0.00, real=0.03 secs] 
2024-10-09T21:26:02.686+0300: 571.891: Total time for which application threads were stopped: 0.0284117 seconds, Stopping threads took: 0.0002447 seconds
2024-10-09T21:26:02.858+0300: 572.073: Application time: 0.1825015 seconds
2024-10-09T21:26:02.858+0300: 572.073: [GC (Allocation Failure) 2024-10-09T21:26:02.858+0300: 572.073: [ParNew: 455375K->51072K(460096K), 0.0235359 secs] 977910K->583233K(4143232K), 0.0236219 secs] [Times: user=0.03 sys=0.00, real=0.03 secs] 
2024-10-09T21:26:02.890+0300: 572.097: Total time for which application threads were stopped: 0.0238722 seconds, Stopping threads took: 0.0001305 seconds
2024-10-09T21:26:03.047+0300: 572.263: Application time: 0.1658533 seconds
2024-10-09T21:26:03.047+0300: 572.263: [GC (Allocation Failure) 2024-10-09T21:26:03.047+0300: 572.263: [ParNew: 460096K->50012K(460096K), 0.0242896 secs] 992257K->596915K(4143232K), 0.0243731 secs] [Times: user=0.03 sys=0.00, real=0.03 secs] 
2024-10-09T21:26:03.079+0300: 572.288: Total time for which application threads were stopped: 0.0247138 seconds, Stopping threads took: 0.0001869 seconds
2024-10-09T21:26:03.251+0300: 572.464: Application time: 0.1766842 seconds
2024-10-09T21:26:03.251+0300: 572.465: [GC (Allocation Failure) 2024-10-09T21:26:03.251+0300: 572.465: [ParNew: 459036K->50038K(460096K), 0.0262836 secs] 1005939K->620753K(4143232K), 0.0263723 secs] [Times: user=0.03 sys=0.00, real=0.03 secs] 
2024-10-09T21:26:03.283+0300: 572.491: Total time for which application threads were stopped: 0.0266224 seconds, Stopping threads took: 0.0001283 seconds
2024-10-09T21:26:03.455+0300: 572.673: Application time: 0.1816163 seconds
2024-10-09T21:26:03.455+0300: 572.673: [GC (Allocation Failure) 2024-10-09T21:26:03.455+0300: 572.673: [ParNew: 459062K->51072K(460096K), 0.0217815 secs] 1029777K->625226K(4143232K), 0.0218663 secs] [Times: user=0.03 sys=0.00, real=0.03 secs] 
2024-10-09T21:26:03.487+0300: 572.695: Total time for which application threads were stopped: 0.0221376 seconds, Stopping threads took: 0.0001466 seconds
2024-10-09T21:26:03.660+0300: 572.865: Application time: 0.1706745 seconds
2024-10-09T21:26:03.660+0300: 572.866: [GC (Allocation Failure) 2024-10-09T21:26:03.660+0300: 572.866: [ParNew: 460096K->51072K(460096K), 0.0256709 secs] 1034250K->645660K(4143232K), 0.0257638 secs] [Times: user=0.02 sys=0.00, real=0.02 secs] 
2024-10-09T21:26:03.676+0300: 572.891: Total time for which application threads were stopped: 0.0260316 seconds, Stopping threads took: 0.0001254 seconds
2024-10-09T21:26:03.863+0300: 573.076: Application time: 0.1841476 seconds
2024-10-09T21:26:03.863+0300: 573.076: [GC (Allocation Failure) 2024-10-09T21:26:03.863+0300: 573.076: [ParNew: 460096K->39388K(460096K), 0.0258635 secs] 1054684K->658818K(4143232K), 0.0259498 secs] [Times: user=0.03 sys=0.00, real=0.03 secs] 
2024-10-09T21:26:03.895+0300: 573.102: Total time for which application threads were stopped: 0.0262240 seconds, Stopping threads took: 0.0001445 seconds
2024-10-09T21:26:04.083+0300: 573.289: Application time: 0.1874893 seconds
2024-10-09T21:26:04.083+0300: 573.290: [GC (Allocation Failure) 2024-10-09T21:26:04.083+0300: 573.290: [ParNew: 448412K->51072K(460096K), 0.0216582 secs] 1067842K->672747K(4143232K), 0.0217430 secs] [Times: user=0.02 sys=0.00, real=0.02 secs] 
2024-10-09T21:26:04.099+0300: 573.311: Total time for which application threads were stopped: 0.0220209 seconds, Stopping threads took: 0.0001589 seconds
2024-10-09T21:26:04.256+0300: 573.466: Application time: 0.1546585 seconds
2024-10-09T21:26:04.256+0300: 573.466: [GC (Allocation Failure) 2024-10-09T21:26:04.256+0300: 573.466: [ParNew: 460096K->51072K(460096K), 0.0338772 secs] 1081771K->710354K(4143232K), 0.0339678 secs] [Times: user=0.03 sys=0.00, real=0.03 secs] 
2024-10-09T21:26:04.287+0300: 573.500: Total time for which application threads were stopped: 0.0342538 seconds, Stopping threads took: 0.0001541 seconds
2024-10-09T21:26:04.476+0300: 573.689: Application time: 0.1885899 seconds
2024-10-09T21:26:04.476+0300: 573.689: [GC (Allocation Failure) 2024-10-09T21:26:04.476+0300: 573.689: [ParNew: 460096K->40208K(460096K), 0.0263971 secs] 1119378K->724507K(4143232K), 0.0264804 secs] [Times: user=0.03 sys=0.00, real=0.03 secs] 
2024-10-09T21:26:04.507+0300: 573.716: Total time for which application threads were stopped: 0.0267496 seconds, Stopping threads took: 0.0001450 seconds
2024-10-09T21:26:04.695+0300: 573.910: Application time: 0.1945708 seconds
2024-10-09T21:26:04.695+0300: 573.910: [GC (Allocation Failure) 2024-10-09T21:26:04.695+0300: 573.910: [ParNew: 449232K->51072K(460096K), 0.0222372 secs] 1133531K->739377K(4143232K), 0.0223318 secs] [Times: user=0.03 sys=0.00, real=0.03 secs] 
2024-10-09T21:26:04.727+0300: 573.933: Total time for which application threads were stopped: 0.0226305 seconds, Stopping threads took: 0.0001455 seconds
2024-10-09T21:26:04.875+0300: 574.085: Application time: 0.1520783 seconds
2024-10-09T21:26:04.875+0300: 574.085: [GC (Allocation Failure) 2024-10-09T21:26:04.875+0300: 574.085: [ParNew: 460096K->51072K(460096K), 0.0274550 secs] 1148401K->759357K(4143232K), 0.0275478 secs] [Times: user=0.03 sys=0.00, real=0.02 secs] 
2024-10-09T21:26:04.899+0300: 574.113: Total time for which application threads were stopped: 0.0278504 seconds, Stopping threads took: 0.0001779 seconds
2024-10-09T21:26:05.088+0300: 574.299: Application time: 0.1867994 seconds
2024-10-09T21:26:05.088+0300: 574.300: [GC (Allocation Failure) 2024-10-09T21:26:05.088+0300: 574.300: [ParNew: 460096K->51072K(460096K), 0.0281953 secs] 1168381K->790985K(4143232K), 0.0282878 secs] [Times: user=0.03 sys=0.00, real=0.03 secs] 
2024-10-09T21:26:05.119+0300: 574.328: Total time for which application threads were stopped: 0.0285516 seconds, Stopping threads took: 0.0001383 seconds
2024-10-09T21:26:05.307+0300: 574.519: Application time: 0.1911320 seconds
2024-10-09T21:26:05.307+0300: 574.519: [GC (Allocation Failure) 2024-10-09T21:26:05.307+0300: 574.519: [ParNew: 460096K->51072K(460096K), 0.0245373 secs] 1200009K->796032K(4143232K), 0.0246217 secs] [Times: user=0.03 sys=0.00, real=0.03 secs] 
2024-10-09T21:26:05.339+0300: 574.544: Total time for which application threads were stopped: 0.0248801 seconds, Stopping threads took: 0.0001306 seconds
2024-10-09T21:26:05.496+0300: 574.706: Application time: 0.1620993 seconds
2024-10-09T21:26:05.496+0300: 574.706: [GC (Allocation Failure) 2024-10-09T21:26:05.496+0300: 574.706: [ParNew: 460096K->51072K(460096K), 0.0304693 secs] 1205056K->820664K(4143232K), 0.0305519 secs] [Times: user=0.03 sys=0.00, real=0.03 secs] 
2024-10-09T21:26:05.527+0300: 574.737: Total time for which application threads were stopped: 0.0308010 seconds, Stopping threads took: 0.0001307 seconds
2024-10-09T21:26:05.700+0300: 574.916: Application time: 0.1790845 seconds
2024-10-09T21:26:05.700+0300: 574.916: [GC (Allocation Failure) 2024-10-09T21:26:05.700+0300: 574.916: [ParNew: 460096K->40624K(460096K), 0.0289536 secs] 1229688K->846936K(4143232K), 0.0290394 secs] [Times: user=0.03 sys=0.00, real=0.03 secs] 
2024-10-09T21:26:05.731+0300: 574.945: Total time for which application threads were stopped: 0.0292868 seconds, Stopping threads took: 0.0001257 seconds
2024-10-09T21:26:05.936+0300: 575.140: Application time: 0.1950966 seconds
2024-10-09T21:26:05.936+0300: 575.141: [GC (Allocation Failure) 2024-10-09T21:26:05.936+0300: 575.141: [ParNew: 449648K->51072K(460096K), 0.0219040 secs] 1255960K->860132K(4143232K), 0.0219842 secs] [Times: user=0.02 sys=0.00, real=0.01 secs] 
2024-10-09T21:26:05.951+0300: 575.163: Total time for which application threads were stopped: 0.0222375 seconds, Stopping threads took: 0.0001284 seconds
2024-10-09T21:26:06.124+0300: 575.334: Application time: 0.1712928 seconds
2024-10-09T21:26:06.124+0300: 575.334: [GC (Allocation Failure) 2024-10-09T21:26:06.124+0300: 575.334: [ParNew: 460096K->51072K(460096K), 0.0314313 secs] 1269156K->882450K(4143232K), 0.0315186 secs] [Times: user=0.03 sys=0.00, real=0.03 secs] 
2024-10-09T21:26:06.155+0300: 575.366: Total time for which application threads were stopped: 0.0318299 seconds, Stopping threads took: 0.0001886 seconds
2024-10-09T21:26:06.312+0300: 575.531: Application time: 0.1646899 seconds
2024-10-09T21:26:06.312+0300: 575.531: [GC (Allocation Failure) 2024-10-09T21:26:06.312+0300: 575.531: [ParNew: 460096K->44199K(460096K), 0.0262049 secs] 1291474K->905618K(4143232K), 0.0262990 secs] [Times: user=0.03 sys=0.00, real=0.03 secs] 
2024-10-09T21:26:06.344+0300: 575.557: Total time for which application threads were stopped: 0.0265741 seconds, Stopping threads took: 0.0001320 seconds
2024-10-09T21:26:06.548+0300: 575.751: Application time: 0.1937928 seconds
2024-10-09T21:26:06.548+0300: 575.751: [GC (Allocation Failure) 2024-10-09T21:26:06.548+0300: 575.751: [ParNew: 453223K->51072K(460096K), 0.0217018 secs] 1314642K->915810K(4143232K), 0.0217849 secs] [Times: user=0.01 sys=0.00, real=0.01 secs] 
2024-10-09T21:26:06.563+0300: 575.773: Total time for which application threads were stopped: 0.0220669 seconds, Stopping threads took: 0.0001417 seconds
2024-10-09T21:26:06.751+0300: 575.955: Application time: 0.1820846 seconds
2024-10-09T21:26:06.751+0300: 575.955: [GC (Allocation Failure) 2024-10-09T21:26:06.751+0300: 575.955: [ParNew: 460096K->51072K(460096K), 0.0314713 secs] 1324834K->937129K(4143232K), 0.0315689 secs] [Times: user=0.03 sys=0.00, real=0.03 secs] 
2024-10-09T21:26:06.783+0300: 575.987: Total time for which application threads were stopped: 0.0318506 seconds, Stopping threads took: 0.0001266 seconds
2024-10-09T21:26:06.940+0300: 576.148: Application time: 0.1615709 seconds
2024-10-09T21:26:06.940+0300: 576.149: [GC (Allocation Failure) 2024-10-09T21:26:06.940+0300: 576.149: [ParNew: 460096K->44777K(460096K), 0.0305832 secs] 1346153K->965755K(4143232K), 0.0306701 secs] [Times: user=0.02 sys=0.00, real=0.03 secs] 
2024-10-09T21:26:06.971+0300: 576.179: Total time for which application threads were stopped: 0.0309493 seconds, Stopping threads took: 0.0001429 seconds
2024-10-09T21:26:07.160+0300: 576.367: Application time: 0.1872191 seconds
2024-10-09T21:26:07.160+0300: 576.367: [GC (Allocation Failure) 2024-10-09T21:26:07.160+0300: 576.367: [ParNew: 453801K->51072K(460096K), 0.0210166 secs] 1374779K->974303K(4143232K), 0.0210937 secs] [Times: user=0.03 sys=0.00, real=0.02 secs] 
2024-10-09T21:26:07.180+0300: 576.388: Total time for which application threads were stopped: 0.0213454 seconds, Stopping threads took: 0.0001255 seconds
2024-10-09T21:26:07.348+0300: 576.564: Application time: 0.1758345 seconds
2024-10-09T21:26:07.348+0300: 576.564: [GC (Allocation Failure) 2024-10-09T21:26:07.348+0300: 576.564: [ParNew: 460096K->51072K(460096K), 0.0316983 secs] 1383327K->998922K(4143232K), 0.0317836 secs] [Times: user=0.03 sys=0.00, real=0.03 secs] 
2024-10-09T21:26:07.381+0300: 576.596: Total time for which application threads were stopped: 0.0320663 seconds, Stopping threads took: 0.0001630 seconds
2024-10-09T21:26:07.552+0300: 576.759: Application time: 0.1635861 seconds
2024-10-09T21:26:07.552+0300: 576.760: [GC (Allocation Failure) 2024-10-09T21:26:07.552+0300: 576.760: [ParNew: 460096K->50222K(460096K), 0.0305011 secs] 1407946K->1029658K(4143232K), 0.0305895 secs] [Times: user=0.03 sys=0.00, real=0.03 secs] 
2024-10-09T21:26:07.584+0300: 576.790: Total time for which application threads were stopped: 0.0308771 seconds, Stopping threads took: 0.0001464 seconds
2024-10-09T21:26:07.782+0300: 576.987: Application time: 0.1963110 seconds
2024-10-09T21:26:07.782+0300: 576.987: [GC (Allocation Failure) 2024-10-09T21:26:07.782+0300: 576.987: [ParNew: 459246K->46896K(460096K), 0.0244328 secs] 1438682K->1041266K(4143232K), 0.0245306 secs] [Times: user=0.00 sys=0.02, real=0.02 secs] 
2024-10-09T21:26:07.803+0300: 577.012: Total time for which application threads were stopped: 0.0248586 seconds, Stopping threads took: 0.0001969 seconds
2024-10-09T21:26:07.976+0300: 577.180: Application time: 0.1689346 seconds
2024-10-09T21:26:07.976+0300: 577.181: [GC (Allocation Failure) 2024-10-09T21:26:07.976+0300: 577.181: [ParNew: 455920K->51072K(460096K), 0.0257657 secs] 1450290K->1059696K(4143232K), 0.0258585 secs] [Times: user=0.01 sys=0.00, real=0.02 secs] 
2024-10-09T21:26:07.992+0300: 577.207: Total time for which application threads were stopped: 0.0261560 seconds, Stopping threads took: 0.0001590 seconds
2024-10-09T21:26:08.169+0300: 577.372: Application time: 0.1658413 seconds
2024-10-09T21:26:08.169+0300: 577.373: [GC (Allocation Failure) 2024-10-09T21:26:08.169+0300: 577.373: [ParNew: 460096K->47425K(460096K), 0.0258035 secs] 1468720K->1079654K(4143232K), 0.0258872 secs] [Times: user=0.02 sys=0.00, real=0.01 secs] 
2024-10-09T21:26:08.182+0300: 577.399: Total time for which application threads were stopped: 0.0261526 seconds, Stopping threads took: 0.0001395 seconds
2024-10-09T21:26:08.368+0300: 577.584: Application time: 0.1851003 seconds
2024-10-09T21:26:08.368+0300: 577.584: [GC (Allocation Failure) 2024-10-09T21:26:08.368+0300: 577.584: [ParNew: 456449K->51072K(460096K), 0.0241826 secs] 1488678K->1098226K(4143232K), 0.0242702 secs] [Times: user=0.03 sys=0.00, real=0.03 secs] 
2024-10-09T21:26:08.400+0300: 577.608: Total time for which application threads were stopped: 0.0245456 seconds, Stopping threads took: 0.0001476 seconds
2024-10-09T21:26:08.572+0300: 577.776: Application time: 0.1678519 seconds
2024-10-09T21:26:08.572+0300: 577.776: [GC (Allocation Failure) 2024-10-09T21:26:08.572+0300: 577.776: [ParNew: 460096K->51072K(460096K), 0.0262235 secs] 1507250K->1110023K(4143232K), 0.0263109 secs] [Times: user=0.05 sys=0.00, real=0.02 secs] 
2024-10-09T21:26:08.588+0300: 577.803: Total time for which application threads were stopped: 0.0265693 seconds, Stopping threads took: 0.0001318 seconds
2024-10-09T21:26:08.761+0300: 577.977: Application time: 0.1740171 seconds
2024-10-09T21:26:08.761+0300: 577.977: [GC (Allocation Failure) 2024-10-09T21:26:08.761+0300: 577.977: [ParNew: 460096K->50292K(460096K), 0.0317027 secs] 1519047K->1144815K(4143232K), 0.0317893 secs] [Times: user=0.03 sys=0.00, real=0.03 secs] 
2024-10-09T21:26:08.792+0300: 578.009: Total time for which application threads were stopped: 0.0320528 seconds, Stopping threads took: 0.0001439 seconds
2024-10-09T21:26:08.984+0300: 578.189: Application time: 0.1803803 seconds
2024-10-09T21:26:08.984+0300: 578.189: [GC (Allocation Failure) 2024-10-09T21:26:08.984+0300: 578.189: [ParNew: 459316K->51072K(460096K), 0.0199930 secs] 1553839K->1148181K(4143232K), 0.0200777 secs] [Times: user=0.01 sys=0.00, real=0.01 secs] 
2024-10-09T21:26:08.997+0300: 578.209: Total time for which application threads were stopped: 0.0203404 seconds, Stopping threads took: 0.0001339 seconds
2024-10-09T21:26:09.169+0300: 578.380: Application time: 0.1707530 seconds
2024-10-09T21:26:09.169+0300: 578.380: [GC (Allocation Failure) 2024-10-09T21:26:09.169+0300: 578.381: [ParNew: 460096K->51072K(460096K), 0.0268346 secs] 1557205K->1165366K(4143232K), 0.0269200 secs] [Times: user=0.03 sys=0.00, real=0.03 secs] 
2024-10-09T21:26:09.200+0300: 578.407: Total time for which application threads were stopped: 0.0271854 seconds, Stopping threads took: 0.0001476 seconds
2024-10-09T21:26:09.357+0300: 578.575: Application time: 0.1679128 seconds
2024-10-09T21:26:09.372+0300: 578.576: [GC (Allocation Failure) 2024-10-09T21:26:09.372+0300: 578.576: [ParNew: 460096K->46155K(460096K), 0.0285184 secs] 1574390K->1190342K(4143232K), 0.0286056 secs] [Times: user=0.02 sys=0.00, real=0.02 secs] 
2024-10-09T21:26:09.389+0300: 578.604: Total time for which application threads were stopped: 0.0289216 seconds, Stopping threads took: 0.0001495 seconds
2024-10-09T21:26:09.577+0300: 578.788: Application time: 0.1834979 seconds
2024-10-09T21:26:09.577+0300: 578.788: [GC (Allocation Failure) 2024-10-09T21:26:09.577+0300: 578.788: [ParNew: 455179K->51072K(460096K), 0.0226777 secs] 1599366K->1200870K(4143232K), 0.0227731 secs] [Times: user=0.08 sys=0.00, real=0.02 secs] 
2024-10-09T21:26:09.593+0300: 578.811: Total time for which application threads were stopped: 0.0230845 seconds, Stopping threads took: 0.0001560 seconds
2024-10-09T21:26:09.780+0300: 578.986: Application time: 0.1753504 seconds
2024-10-09T21:26:09.780+0300: 578.986: [GC (Allocation Failure) 2024-10-09T21:26:09.780+0300: 578.986: [ParNew: 460096K->51072K(460096K), 0.0239090 secs] 1609894K->1215430K(4143232K), 0.0239918 secs] [Times: user=0.02 sys=0.00, real=0.02 secs] 
2024-10-09T21:26:09.797+0300: 579.010: Total time for which application threads were stopped: 0.0242233 seconds, Stopping threads took: 0.0001079 seconds
2024-10-09T21:26:09.969+0300: 579.181: Application time: 0.1708448 seconds
2024-10-09T21:26:09.969+0300: 579.182: [GC (Allocation Failure) 2024-10-09T21:26:09.969+0300: 579.182: [ParNew: 460096K->43689K(460096K), 0.0271008 secs] 1624454K->1234193K(4143232K), 0.0271849 secs] [Times: user=0.03 sys=0.00, real=0.03 secs] 
2024-10-09T21:26:10.001+0300: 579.209: Total time for which application threads were stopped: 0.0274699 seconds, Stopping threads took: 0.0001638 seconds
2024-10-09T21:26:10.187+0300: 579.391: Application time: 0.1822394 seconds
2024-10-09T21:26:10.187+0300: 579.391: [GC (Allocation Failure) 2024-10-09T21:26:10.187+0300: 579.391: [ParNew: 452713K->51072K(460096K), 0.0232051 secs] 1643217K->1248170K(4143232K), 0.0233014 secs] [Times: user=0.02 sys=0.00, real=0.02 secs] 
2024-10-09T21:26:10.205+0300: 579.415: Total time for which application threads were stopped: 0.0235552 seconds, Stopping threads took: 0.0001273 seconds
2024-10-09T21:26:10.362+0300: 579.580: Application time: 0.1651457 seconds
2024-10-09T21:26:10.362+0300: 579.580: [GC (Allocation Failure) 2024-10-09T21:26:10.362+0300: 579.580: [ParNew: 460096K->51072K(460096K), 0.0262771 secs] 1657194K->1266732K(4143232K), 0.0263643 secs] [Times: user=0.03 sys=0.00, real=0.03 secs] 
2024-10-09T21:26:10.393+0300: 579.606: Total time for which application threads were stopped: 0.0266481 seconds, Stopping threads took: 0.0001601 seconds
2024-10-09T21:26:10.566+0300: 579.779: Application time: 0.1724142 seconds
2024-10-09T21:26:10.566+0300: 579.779: [GC (Allocation Failure) 2024-10-09T21:26:10.566+0300: 579.779: [ParNew: 460096K->38955K(460096K), 0.0260037 secs] 1675756K->1275228K(4143232K), 0.0260948 secs] [Times: user=0.03 sys=0.00, real=0.03 secs] 
2024-10-09T21:26:10.597+0300: 579.805: Total time for which application threads were stopped: 0.0263492 seconds, Stopping threads took: 0.0001317 seconds
2024-10-09T21:26:10.788+0300: 579.998: Application time: 0.1930905 seconds
2024-10-09T21:26:10.788+0300: 579.998: [GC (Allocation Failure) 2024-10-09T21:26:10.788+0300: 579.999: [ParNew: 447979K->51072K(460096K), 0.0239594 secs] 1684252K->1295676K(4143232K), 0.0240648 secs] [Times: user=0.02 sys=0.02, real=0.03 secs] 
2024-10-09T21:26:10.817+0300: 580.023: Total time for which application threads were stopped: 0.0243774 seconds, Stopping threads took: 0.0001525 seconds
2024-10-09T21:26:10.981+0300: 580.185: Application time: 0.1626332 seconds
2024-10-09T21:26:10.982+0300: 580.185: [GC (Allocation Failure) 2024-10-09T21:26:10.982+0300: 580.185: [ParNew: 460096K->51072K(460096K), 0.0283225 secs] 1704700K->1316509K(4143232K), 0.0284156 secs] [Times: user=0.02 sys=0.00, real=0.02 secs] 
2024-10-09T21:26:11.005+0300: 580.214: Total time for which application threads were stopped: 0.0286803 seconds, Stopping threads took: 0.0001311 seconds
2024-10-09T21:26:11.178+0300: 580.384: Application time: 0.1700546 seconds
2024-10-09T21:26:11.178+0300: 580.384: [GC (Allocation Failure) 2024-10-09T21:26:11.178+0300: 580.384: [ParNew: 460096K->45034K(460096K), 0.0238821 secs] 1725533K->1328347K(4143232K), 0.0239662 secs] [Times: user=0.02 sys=0.00, real=0.02 secs] 
2024-10-09T21:26:11.194+0300: 580.408: Total time for which application threads were stopped: 0.0242481 seconds, Stopping threads took: 0.0001579 seconds
2024-10-09T21:26:11.389+0300: 580.593: Application time: 0.1850467 seconds
2024-10-09T21:26:11.389+0300: 580.593: [GC (Allocation Failure) 2024-10-09T21:26:11.389+0300: 580.594: [ParNew: 454058K->51072K(460096K), 0.0241327 secs] 1737371K->1346391K(4143232K), 0.0242204 secs] [Times: user=0.01 sys=0.00, real=0.02 secs] 
2024-10-09T21:26:11.413+0300: 580.618: Total time for which application threads were stopped: 0.0244633 seconds, Stopping threads took: 0.0001202 seconds
2024-10-09T21:26:11.570+0300: 580.783: Application time: 0.1656853 seconds
2024-10-09T21:26:11.570+0300: 580.784: [GC (Allocation Failure) 2024-10-09T21:26:11.570+0300: 580.784: [ParNew: 460096K->51072K(460096K), 0.0363118 secs] 1755415K->1379264K(4143232K), 0.0363975 secs] [Times: user=0.05 sys=0.00, real=0.03 secs] 
2024-10-09T21:26:11.602+0300: 580.820: Total time for which application threads were stopped: 0.0366465 seconds, Stopping threads took: 0.0001232 seconds
2024-10-09T21:26:11.790+0300: 580.995: Application time: 0.1753535 seconds
2024-10-09T21:26:11.790+0300: 580.996: [GC (Allocation Failure) 2024-10-09T21:26:11.790+0300: 580.996: [ParNew: 460096K->51072K(460096K), 0.0278134 secs] 1788288K->1406808K(4143232K), 0.0279001 secs] [Times: user=0.01 sys=0.00, real=0.02 secs] 
2024-10-09T21:26:11.806+0300: 581.024: Total time for which application threads were stopped: 0.0281812 seconds, Stopping threads took: 0.0001551 seconds
2024-10-09T21:26:11.994+0300: 581.208: Application time: 0.1844051 seconds
2024-10-09T21:26:11.994+0300: 581.208: [GC (Allocation Failure) 2024-10-09T21:26:11.994+0300: 581.208: [ParNew: 460096K->51072K(460096K), 0.0253181 secs] 1815832K->1417339K(4143232K), 0.0254366 secs] [Times: user=0.03 sys=0.00, real=0.03 secs] 
2024-10-09T21:26:12.025+0300: 581.234: Total time for which application threads were stopped: 0.0257229 seconds, Stopping threads took: 0.0001398 seconds
2024-10-09T21:26:12.198+0300: 581.407: Application time: 0.1733026 seconds
2024-10-09T21:26:12.198+0300: 581.407: [GC (Allocation Failure) 2024-10-09T21:26:12.198+0300: 581.407: [ParNew: 460096K->51072K(460096K), 0.0306209 secs] 1826363K->1441054K(4143232K), 0.0307105 secs] [Times: user=0.03 sys=0.00, real=0.03 secs] 
2024-10-09T21:26:12.229+0300: 581.438: Total time for which application threads were stopped: 0.0309825 seconds, Stopping threads took: 0.0001444 seconds
2024-10-09T21:26:12.402+0300: 581.608: Application time: 0.1695219 seconds
2024-10-09T21:26:12.402+0300: 581.608: [GC (Allocation Failure) 2024-10-09T21:26:12.402+0300: 581.608: [ParNew: 460096K->48013K(460096K), 0.0252268 secs] 1850078K->1462743K(4143232K), 0.0253139 secs] [Times: user=0.02 sys=0.00, real=0.02 secs] 
2024-10-09T21:26:12.418+0300: 581.633: Total time for which application threads were stopped: 0.0255662 seconds, Stopping threads took: 0.0001262 seconds
2024-10-09T21:26:12.606+0300: 581.825: Application time: 0.1918063 seconds
2024-10-09T21:26:12.622+0300: 581.825: [GC (Allocation Failure) 2024-10-09T21:26:12.622+0300: 581.825: [ParNew: 457037K->51072K(460096K), 0.0222069 secs] 1871767K->1467990K(4143232K), 0.0222998 secs] [Times: user=0.08 sys=0.00, real=0.02 secs] 
2024-10-09T21:26:12.644+0300: 581.848: Total time for which application threads were stopped: 0.0226483 seconds, Stopping threads took: 0.0001988 seconds
2024-10-09T21:26:12.811+0300: 582.018: Application time: 0.1704992 seconds
2024-10-09T21:26:12.811+0300: 582.018: [GC (Allocation Failure) 2024-10-09T21:26:12.811+0300: 582.018: [ParNew: 460096K->51072K(460096K), 0.0285886 secs] 1877014K->1489072K(4143232K), 0.0286724 secs] [Times: user=0.03 sys=0.00, real=0.03 secs] 
2024-10-09T21:26:12.842+0300: 582.047: Total time for which application threads were stopped: 0.0289181 seconds, Stopping threads took: 0.0001256 seconds
2024-10-09T21:26:12.999+0300: 582.215: Application time: 0.1683733 seconds
2024-10-09T21:26:12.999+0300: 582.216: [GC (Allocation Failure) 2024-10-09T21:26:12.999+0300: 582.216: [ParNew: 460096K->47442K(460096K), 0.0275792 secs] 1898096K->1514394K(4143232K), 0.0276620 secs] [Times: user=0.03 sys=0.00, real=0.03 secs] 
2024-10-09T21:26:13.031+0300: 582.243: Total time for which application threads were stopped: 0.0279186 seconds, Stopping threads took: 0.0001291 seconds
2024-10-09T21:26:13.219+0300: 582.436: Application time: 0.1924843 seconds
2024-10-09T21:26:13.219+0300: 582.436: [GC (Allocation Failure) 2024-10-09T21:26:13.219+0300: 582.436: [ParNew: 456466K->51072K(460096K), 0.0222756 secs] 1923418K->1520486K(4143232K), 0.0223526 secs] [Times: user=0.03 sys=0.00, real=0.03 secs] 
2024-10-09T21:26:13.250+0300: 582.458: Total time for which application threads were stopped: 0.0226050 seconds, Stopping threads took: 0.0001301 seconds
2024-10-09T21:26:13.423+0300: 582.627: Application time: 0.1687760 seconds
2024-10-09T21:26:13.423+0300: 582.627: [GC (Allocation Failure) 2024-10-09T21:26:13.423+0300: 582.627: [ParNew: 460096K->51072K(460096K), 0.0295002 secs] 1929510K->1541839K(4143232K), 0.0295804 secs] [Times: user=0.02 sys=0.00, real=0.02 secs] 
2024-10-09T21:26:13.439+0300: 582.657: Total time for which application threads were stopped: 0.0298598 seconds, Stopping threads took: 0.0001582 seconds
2024-10-09T21:26:13.628+0300: 582.831: Application time: 0.1741064 seconds
2024-10-09T21:26:13.628+0300: 582.831: [GC (Allocation Failure) 2024-10-09T21:26:13.628+0300: 582.831: [ParNew: 460096K->49723K(460096K), 0.0288061 secs] 1950863K->1573243K(4143232K), 0.0289100 secs] [Times: user=0.05 sys=0.00, real=0.01 secs] 
2024-10-09T21:26:13.643+0300: 582.860: Total time for which application threads were stopped: 0.0291637 seconds, Stopping threads took: 0.0000949 seconds
2024-10-09T21:26:13.847+0300: 583.054: Application time: 0.1932721 seconds
2024-10-09T21:26:13.847+0300: 583.054: [GC (Allocation Failure) 2024-10-09T21:26:13.847+0300: 583.054: [ParNew: 458747K->51072K(460096K), 0.0230019 secs] 1982267K->1577723K(4143232K), 0.0230841 secs] [Times: user=0.02 sys=0.00, real=0.02 secs] 
2024-10-09T21:26:13.863+0300: 583.077: Total time for which application threads were stopped: 0.0233319 seconds, Stopping threads took: 0.0001261 seconds
2024-10-09T21:26:14.035+0300: 583.253: Application time: 0.1760130 seconds
2024-10-09T21:26:14.035+0300: 583.253: [GC (Allocation Failure) 2024-10-09T21:26:14.035+0300: 583.253: [ParNew: 460096K->51072K(460096K), 0.0289541 secs] 1986747K->1594384K(4143232K), 0.0290459 secs] [Times: user=0.03 sys=0.00, real=0.03 secs] 
2024-10-09T21:26:14.066+0300: 583.282: Total time for which application threads were stopped: 0.0293215 seconds, Stopping threads took: 0.0001441 seconds
2024-10-09T21:26:14.240+0300: 583.444: Application time: 0.1622121 seconds
2024-10-09T21:26:14.240+0300: 583.445: [GC (Allocation Failure) 2024-10-09T21:26:14.240+0300: 583.445: [ParNew: 460096K->51072K(460096K), 0.0262905 secs] 2003408K->1625260K(4143232K), 0.0263710 secs] [Times: user=0.01 sys=0.00, real=0.02 secs] 
2024-10-09T21:26:14.255+0300: 583.471: Total time for which application threads were stopped: 0.0266208 seconds, Stopping threads took: 0.0001288 seconds
2024-10-09T21:26:14.459+0300: 583.664: Application time: 0.1929847 seconds
2024-10-09T21:26:14.459+0300: 583.664: [GC (Allocation Failure) 2024-10-09T21:26:14.459+0300: 583.664: [ParNew: 460096K->51072K(460096K), 0.0213810 secs] 2034284K->1626857K(4143232K), 0.0214602 secs] [Times: user=0.03 sys=0.00, real=0.02 secs] 
2024-10-09T21:26:14.475+0300: 583.686: Total time for which application threads were stopped: 0.0217034 seconds, Stopping threads took: 0.0001237 seconds
2024-10-09T21:26:14.663+0300: 583.872: Application time: 0.1861068 seconds
2024-10-09T21:26:14.663+0300: 583.872: [GC (Allocation Failure) 2024-10-09T21:26:14.663+0300: 583.872: [ParNew: 460096K->51072K(460096K), 0.0295620 secs] 2035881K->1645505K(4143232K), 0.0296578 secs] [Times: user=0.05 sys=0.00, real=0.03 secs] 
2024-10-09T21:26:14.696+0300: 583.902: Total time for which application threads were stopped: 0.0299949 seconds, Stopping threads took: 0.0001923 seconds
2024-10-09T21:26:14.852+0300: 584.061: Application time: 0.1592286 seconds
2024-10-09T21:26:14.852+0300: 584.061: [GC (Allocation Failure) 2024-10-09T21:26:14.852+0300: 584.061: [ParNew: 460096K->44550K(460096K), 0.0301901 secs] 2054529K->1674280K(4143232K), 0.0302704 secs] [Times: user=0.03 sys=0.00, real=0.03 secs] 
2024-10-09T21:26:14.883+0300: 584.092: Total time for which application threads were stopped: 0.0305409 seconds, Stopping threads took: 0.0001553 seconds
2024-10-09T21:26:15.072+0300: 584.287: Application time: 0.1953098 seconds
2024-10-09T21:26:15.072+0300: 584.287: [GC (Allocation Failure) 2024-10-09T21:26:15.072+0300: 584.287: [ParNew: 453574K->51072K(460096K), 0.0237702 secs] 2083304K->1685289K(4143232K), 0.0238621 secs] [Times: user=0.03 sys=0.00, real=0.03 secs] 
2024-10-09T21:26:15.103+0300: 584.311: Total time for which application threads were stopped: 0.0241228 seconds, Stopping threads took: 0.0001333 seconds
2024-10-09T21:26:15.275+0300: 584.493: Application time: 0.1818177 seconds
2024-10-09T21:26:15.275+0300: 584.493: [GC (Allocation Failure) 2024-10-09T21:26:15.275+0300: 584.493: [ParNew: 460096K->51072K(460096K), 0.0293978 secs] 2094313K->1702760K(4143232K), 0.0294931 secs] [Times: user=0.03 sys=0.00, real=0.03 secs] 
2024-10-09T21:26:15.307+0300: 584.523: Total time for which application threads were stopped: 0.0297848 seconds, Stopping threads took: 0.0001342 seconds
2024-10-09T21:26:15.463+0300: 584.680: Application time: 0.1577215 seconds
2024-10-09T21:26:15.463+0300: 584.681: [GC (Allocation Failure) 2024-10-09T21:26:15.463+0300: 584.681: [ParNew: 460096K->51072K(460096K), 0.0297254 secs] 2111784K->1733205K(4143232K), 0.0298192 secs] [Times: user=0.03 sys=0.00, real=0.03 secs] 
2024-10-09T21:26:15.497+0300: 584.711: Total time for which application threads were stopped: 0.0300859 seconds, Stopping threads took: 0.0001422 seconds
2024-10-09T21:26:15.699+0300: 584.908: Application time: 0.1977444 seconds
2024-10-09T21:26:15.699+0300: 584.909: [GC (Allocation Failure) 2024-10-09T21:26:15.699+0300: 584.909: [ParNew: 460096K->36581K(460096K), 0.0266002 secs] 2142229K->1742706K(4143232K), 0.0267009 secs] [Times: user=0.05 sys=0.00, real=0.03 secs] 
2024-10-09T21:26:15.730+0300: 584.935: Total time for which application threads were stopped: 0.0270060 seconds, Stopping threads took: 0.0001424 seconds
2024-10-09T21:26:15.918+0300: 585.129: Application time: 0.1941597 seconds
2024-10-09T21:26:15.918+0300: 585.130: [GC (Allocation Failure) 2024-10-09T21:26:15.918+0300: 585.130: [ParNew: 445605K->51072K(460096K), 0.0254453 secs] 2151730K->1766051K(4143232K), 0.0262597 secs] [Times: user=0.05 sys=0.00, real=0.03 secs] 
2024-10-09T21:26:15.950+0300: 585.156: Total time for which application threads were stopped: 0.0265280 seconds, Stopping threads took: 0.0001311 seconds
2024-10-09T21:26:16.106+0300: 585.314: Application time: 0.1580595 seconds
2024-10-09T21:26:16.106+0300: 585.314: [GC (Allocation Failure) 2024-10-09T21:26:16.106+0300: 585.314: [ParNew: 460096K->50959K(460096K), 0.0302235 secs] 2175075K->1792750K(4143232K), 0.0303133 secs] [Times: user=0.01 sys=0.00, real=0.03 secs] 
2024-10-09T21:26:16.138+0300: 585.345: Total time for which application threads were stopped: 0.0306002 seconds, Stopping threads took: 0.0001619 seconds
2024-10-09T21:26:16.326+0300: 585.531: Application time: 0.1862800 seconds
2024-10-09T21:26:16.326+0300: 585.531: [GC (Allocation Failure) 2024-10-09T21:26:16.326+0300: 585.531: [ParNew: 459983K->43407K(460096K), 0.0256606 secs] 2201774K->1808997K(4143232K), 0.0257454 secs] [Times: user=0.02 sys=0.00, real=0.02 secs] 
2024-10-09T21:26:16.342+0300: 585.557: Total time for which application threads were stopped: 0.0259998 seconds, Stopping threads took: 0.0001292 seconds
2024-10-09T21:26:16.530+0300: 585.748: Application time: 0.1910472 seconds
2024-10-09T21:26:16.530+0300: 585.748: [GC (Allocation Failure) 2024-10-09T21:26:16.530+0300: 585.748: [ParNew: 452431K->51072K(460096K), 0.0228571 secs] 2218021K->1823351K(4143232K), 0.0229482 secs] [Times: user=0.03 sys=0.00, real=0.03 secs] 
2024-10-09T21:26:16.561+0300: 585.771: Total time for which application threads were stopped: 0.0232309 seconds, Stopping threads took: 0.0001277 seconds
2024-10-09T21:26:16.734+0300: 585.938: Application time: 0.1666371 seconds
2024-10-09T21:26:16.734+0300: 585.938: [GC (Allocation Failure) 2024-10-09T21:26:16.734+0300: 585.938: [ParNew: 460096K->49218K(460096K), 0.0250502 secs] 2232375K->1838054K(4143232K), 0.0251392 secs] [Times: user=0.05 sys=0.00, real=0.02 secs] 
2024-10-09T21:26:16.750+0300: 585.963: Total time for which application threads were stopped: 0.0254074 seconds, Stopping threads took: 0.0001234 seconds
2024-10-09T21:26:16.938+0300: 586.143: Application time: 0.1796756 seconds
2024-10-09T21:26:16.938+0300: 586.143: [GC (Allocation Failure) 2024-10-09T21:26:16.938+0300: 586.143: [ParNew: 458242K->49263K(460096K), 0.0258437 secs] 2247078K->1861898K(4143232K), 0.0259267 secs] [Times: user=0.01 sys=0.00, real=0.02 secs] 
2024-10-09T21:26:16.954+0300: 586.169: Total time for which application threads were stopped: 0.0261726 seconds, Stopping threads took: 0.0001307 seconds
2024-10-09T21:26:17.142+0300: 586.350: Application time: 0.1805011 seconds
2024-10-09T21:26:17.142+0300: 586.350: [GC (Allocation Failure) 2024-10-09T21:26:17.142+0300: 586.350: [ParNew: 458287K->51072K(460096K), 0.0225963 secs] 2270922K->1866733K(4143232K), 0.0226968 secs] [Times: user=0.02 sys=0.00, real=0.02 secs] 
2024-10-09T21:26:17.157+0300: 586.373: Total time for which application threads were stopped: 0.0229741 seconds, Stopping threads took: 0.0001453 seconds
2024-10-09T21:26:17.314+0300: 586.532: Application time: 0.1597618 seconds
2024-10-09T21:26:17.314+0300: 586.533: [GC (Allocation Failure) 2024-10-09T21:26:17.330+0300: 586.534: [ParNew: 460096K->51072K(460096K), 0.0353175 secs] 2275757K->1904859K(4143232K), 0.0364880 secs] [Times: user=0.03 sys=0.00, real=0.05 secs] 
2024-10-09T21:26:17.361+0300: 586.569: Total time for which application threads were stopped: 0.0367629 seconds, Stopping threads took: 0.0001541 seconds
2024-10-09T21:26:17.534+0300: 586.750: Application time: 0.1805519 seconds
2024-10-09T21:26:17.534+0300: 586.750: [GC (Allocation Failure) 2024-10-09T21:26:17.534+0300: 586.750: [ParNew: 460096K->51072K(460096K), 0.0229791 secs] 2313883K->1920050K(4143232K), 0.0230629 secs] [Times: user=0.03 sys=0.00, real=0.03 secs] 
2024-10-09T21:26:17.565+0300: 586.773: Total time for which application threads were stopped: 0.0233080 seconds, Stopping threads took: 0.0001218 seconds
2024-10-09T21:26:17.754+0300: 586.958: Application time: 0.1851457 seconds
2024-10-09T21:26:17.754+0300: 586.958: [GC (Allocation Failure) 2024-10-09T21:26:17.754+0300: 586.958: [ParNew: 460096K->51072K(460096K), 0.0290946 secs] 2329074K->1940765K(4143232K), 0.0291990 secs] [Times: user=0.08 sys=0.00, real=0.02 secs] 
2024-10-09T21:26:17.769+0300: 586.988: Total time for which application threads were stopped: 0.0294710 seconds, Stopping threads took: 0.0001173 seconds
2024-10-09T21:26:17.942+0300: 587.149: Application time: 0.1617032 seconds
2024-10-09T21:26:17.942+0300: 587.150: [GC (Allocation Failure) 2024-10-09T21:26:17.942+0300: 587.150: [ParNew: 460096K->51072K(460096K), 0.0258999 secs] 2349789K->1961949K(4143232K), 0.0259891 secs] [Times: user=0.02 sys=0.00, real=0.02 secs] 
2024-10-09T21:26:17.958+0300: 587.176: Total time for which application threads were stopped: 0.0262596 seconds, Stopping threads took: 0.0001454 seconds
2024-10-09T21:26:18.154+0300: 587.358: Application time: 0.1824088 seconds
2024-10-09T21:26:18.155+0300: 587.358: [GC (Allocation Failure) 2024-10-09T21:26:18.155+0300: 587.358: [ParNew: 460096K->51072K(460096K), 0.0279985 secs] 2370973K->1982841K(4143232K), 0.0280852 secs] [Times: user=0.01 sys=0.00, real=0.02 secs] 
2024-10-09T21:26:18.177+0300: 587.386: Total time for which application threads were stopped: 0.0283445 seconds, Stopping threads took: 0.0001369 seconds
2024-10-09T21:26:18.350+0300: 587.561: Application time: 0.1746816 seconds
2024-10-09T21:26:18.350+0300: 587.561: [GC (Allocation Failure) 2024-10-09T21:26:18.350+0300: 587.561: [ParNew: 460096K->51072K(460096K), 0.0247745 secs] 2391865K->1998294K(4143232K), 0.0248615 secs] [Times: user=0.03 sys=0.00, real=0.03 secs] 
2024-10-09T21:26:18.381+0300: 587.586: Total time for which application threads were stopped: 0.0251095 seconds, Stopping threads took: 0.0001229 seconds
2024-10-09T21:26:18.538+0300: 587.752: Application time: 0.1654887 seconds
2024-10-09T21:26:18.538+0300: 587.752: [GC (Allocation Failure) 2024-10-09T21:26:18.538+0300: 587.752: [ParNew: 460096K->50166K(460096K), 0.0250513 secs] 2407318K->2015757K(4143232K), 0.0251322 secs] [Times: user=0.03 sys=0.00, real=0.03 secs] 
2024-10-09T21:26:18.570+0300: 587.777: Total time for which application threads were stopped: 0.0253908 seconds, Stopping threads took: 0.0001354 seconds
2024-10-09T21:26:18.758+0300: 587.966: Application time: 0.1886564 seconds
2024-10-09T21:26:18.758+0300: 587.966: [GC (Allocation Failure) 2024-10-09T21:26:18.758+0300: 587.966: [ParNew: 459190K->51072K(460096K), 0.0242248 secs] 2424781K->2031598K(4143232K), 0.0243160 secs] [Times: user=0.02 sys=0.00, real=0.02 secs] 
2024-10-09T21:26:18.774+0300: 587.990: Total time for which application threads were stopped: 0.0246499 seconds, Stopping threads took: 0.0002070 seconds
2024-10-09T21:26:18.946+0300: 588.163: Application time: 0.1729286 seconds
2024-10-09T21:26:18.946+0300: 588.163: [GC (Allocation Failure) 2024-10-09T21:26:18.946+0300: 588.164: [ParNew: 460096K->49456K(460096K), 0.0303344 secs] 2440622K->2055288K(4143232K), 0.0304760 secs] [Times: user=0.03 sys=0.00, real=0.03 secs] 
2024-10-09T21:26:18.978+0300: 588.194: Total time for which application threads were stopped: 0.0307578 seconds, Stopping threads took: 0.0001566 seconds
2024-10-09T21:26:19.150+0300: 588.367: Application time: 0.1726002 seconds
2024-10-09T21:26:19.150+0300: 588.367: [GC (Allocation Failure) 2024-10-09T21:26:19.150+0300: 588.367: [ParNew: 458480K->51072K(460096K), 0.0243632 secs] 2464312K->2072543K(4143232K), 0.0244532 secs] [Times: user=0.03 sys=0.00, real=0.03 secs] 
2024-10-09T21:26:19.181+0300: 588.391: Total time for which application threads were stopped: 0.0247322 seconds, Stopping threads took: 0.0001508 seconds
2024-10-09T21:26:19.354+0300: 588.568: Application time: 0.1767553 seconds
2024-10-09T21:26:19.354+0300: 588.568: [GC (Allocation Failure) 2024-10-09T21:26:19.354+0300: 588.568: [ParNew: 460096K->51072K(460096K), 0.0274162 secs] 2481567K->2092812K(4143232K), 0.0275119 secs] [Times: user=0.03 sys=0.00, real=0.03 secs] 
2024-10-09T21:26:19.386+0300: 588.596: Total time for which application threads were stopped: 0.0277649 seconds, Stopping threads took: 0.0001220 seconds
2024-10-09T21:26:19.559+0300: 588.770: Application time: 0.1740941 seconds
2024-10-09T21:26:19.559+0300: 588.770: [GC (Allocation Failure) 2024-10-09T21:26:19.559+0300: 588.770: [ParNew: 460096K->51072K(460096K), 0.0285116 secs] 2501836K->2113390K(4143232K), 0.0285956 secs] [Times: user=0.03 sys=0.00, real=0.03 secs] 
2024-10-09T21:26:19.590+0300: 588.799: Total time for which application threads were stopped: 0.0288508 seconds, Stopping threads took: 0.0001339 seconds
2024-10-09T21:26:19.778+0300: 588.985: Application time: 0.1860434 seconds
2024-10-09T21:26:19.778+0300: 588.985: [GC (Allocation Failure) 2024-10-09T21:26:19.778+0300: 588.985: [ParNew: 460096K->51072K(460096K), 0.0237000 secs] 2522414K->2127144K(4143232K), 0.0237898 secs] [Times: user=0.05 sys=0.00, real=0.02 secs] 
2024-10-09T21:26:19.794+0300: 589.009: Total time for which application threads were stopped: 0.0240693 seconds, Stopping threads took: 0.0001399 seconds
2024-10-09T21:26:19.967+0300: 589.183: Application time: 0.1744644 seconds
2024-10-09T21:26:19.967+0300: 589.184: [GC (Allocation Failure) 2024-10-09T21:26:19.967+0300: 589.184: [ParNew: 460096K->51072K(460096K), 0.0233988 secs] 2536168K->2139499K(4143232K), 0.0234778 secs] [Times: user=0.03 sys=0.00, real=0.03 secs] 
2024-10-09T21:26:19.998+0300: 589.207: Total time for which application threads were stopped: 0.0237328 seconds, Stopping threads took: 0.0001414 seconds
2024-10-09T21:26:20.170+0300: 589.382: Application time: 0.1751254 seconds
2024-10-09T21:26:20.170+0300: 589.382: [GC (Allocation Failure) 2024-10-09T21:26:20.170+0300: 589.383: [ParNew: 460096K->50914K(460096K), 0.0288255 secs] 2548523K->2167490K(4143232K), 0.0289133 secs] [Times: user=0.03 sys=0.00, real=0.04 secs] 
2024-10-09T21:26:20.208+0300: 589.411: Total time for which application threads were stopped: 0.0291922 seconds, Stopping threads took: 0.0001537 seconds
2024-10-09T21:26:20.390+0300: 589.596: Application time: 0.1847739 seconds
2024-10-09T21:26:20.390+0300: 589.596: [GC (Allocation Failure) 2024-10-09T21:26:20.390+0300: 589.596: [ParNew: 459938K->51072K(460096K), 0.0254873 secs] 2576514K->2183424K(4143232K), 0.0255775 secs] [Times: user=0.02 sys=0.00, real=0.02 secs] 
2024-10-09T21:26:20.408+0300: 589.622: Total time for which application threads were stopped: 0.0258327 seconds, Stopping threads took: 0.0001283 seconds
2024-10-09T21:26:20.578+0300: 589.791: Application time: 0.1685354 seconds
2024-10-09T21:26:20.578+0300: 589.791: [GC (Allocation Failure) 2024-10-09T21:26:20.578+0300: 589.791: [ParNew: 460096K->51072K(460096K), 0.0291487 secs] 2592448K->2201913K(4143232K), 0.0292550 secs] [Times: user=0.11 sys=0.00, real=0.03 secs] 
2024-10-09T21:26:20.610+0300: 589.820: Total time for which application threads were stopped: 0.0295860 seconds, Stopping threads took: 0.0001625 seconds
2024-10-09T21:26:20.783+0300: 589.989: Application time: 0.1687856 seconds
2024-10-09T21:26:20.783+0300: 589.989: [GC (Allocation Failure) 2024-10-09T21:26:20.783+0300: 589.989: [ParNew: 460096K->45211K(460096K), 0.0312891 secs] 2610937K->2228793K(4143232K), 0.0313767 secs] [Times: user=0.03 sys=0.00, real=0.03 secs] 
2024-10-09T21:26:20.814+0300: 590.021: Total time for which application threads were stopped: 0.0316230 seconds, Stopping threads took: 0.0001242 seconds
2024-10-09T21:26:21.002+0300: 590.206: Application time: 0.1856198 seconds
2024-10-09T21:26:21.002+0300: 590.206: [GC (Allocation Failure) 2024-10-09T21:26:21.002+0300: 590.206: [ParNew: 454235K->51072K(460096K), 0.0243053 secs] 2637817K->2246356K(4143232K), 0.0243932 secs] [Times: user=0.02 sys=0.00, real=0.03 secs] 
2024-10-09T21:26:21.028+0300: 590.231: Total time for which application threads were stopped: 0.0246713 seconds, Stopping threads took: 0.0001220 seconds
2024-10-09T21:26:21.190+0300: 590.403: Application time: 0.1724694 seconds
2024-10-09T21:26:21.190+0300: 590.404: [GC (Allocation Failure) 2024-10-09T21:26:21.190+0300: 590.404: [ParNew: 460096K->51072K(460096K), 0.0237228 secs] 2655380K->2258213K(4143232K), 0.0238086 secs] [Times: user=0.03 sys=0.00, real=0.03 secs] 
2024-10-09T21:26:21.222+0300: 590.427: Total time for which application threads were stopped: 0.0240727 seconds, Stopping threads took: 0.0001446 seconds
2024-10-09T21:26:21.379+0300: 590.595: Application time: 0.1671242 seconds
2024-10-09T21:26:21.379+0300: 590.595: [GC (Allocation Failure) 2024-10-09T21:26:21.379+0300: 590.595: [ParNew: 460096K->46281K(460096K), 0.0296000 secs] 2667237K->2279620K(4143232K), 0.0296832 secs] [Times: user=0.03 sys=0.00, real=0.03 secs] 
2024-10-09T21:26:21.410+0300: 590.625: Total time for which application threads were stopped: 0.0299483 seconds, Stopping threads took: 0.0001444 seconds
2024-10-09T21:26:21.598+0300: 590.807: Application time: 0.1820740 seconds
2024-10-09T21:26:21.598+0300: 590.807: [GC (Allocation Failure) 2024-10-09T21:26:21.598+0300: 590.807: [ParNew: 455305K->51072K(460096K), 0.0267607 secs] 2688644K->2297804K(4143232K), 0.0268568 secs] [Times: user=0.06 sys=0.00, real=0.03 secs] 
2024-10-09T21:26:21.630+0300: 590.834: Total time for which application threads were stopped: 0.0271881 seconds, Stopping threads took: 0.0001774 seconds
2024-10-09T21:26:21.787+0300: 591.004: Application time: 0.1698695 seconds
2024-10-09T21:26:21.787+0300: 591.004: [GC (Allocation Failure) 2024-10-09T21:26:21.787+0300: 591.004: [ParNew: 460096K->51072K(460096K), 0.0286133 secs] 2706828K->2320461K(4143232K), 0.0287054 secs] [Times: user=0.03 sys=0.00, real=0.03 secs] 
2024-10-09T21:26:21.819+0300: 591.033: Total time for which application threads were stopped: 0.0289815 seconds, Stopping threads took: 0.0001483 seconds
2024-10-09T21:26:21.991+0300: 591.201: Application time: 0.1681751 seconds
2024-10-09T21:26:21.991+0300: 591.201: [GC (Allocation Failure) 2024-10-09T21:26:21.991+0300: 591.201: [ParNew: 460096K->51072K(460096K), 0.0254489 secs] 2729485K->2338380K(4143232K), 0.0255407 secs] [Times: user=0.06 sys=0.00, real=0.03 secs] 
2024-10-09T21:26:22.023+0300: 591.227: Total time for which application threads were stopped: 0.0258065 seconds, Stopping threads took: 0.0001398 seconds
2024-10-09T21:26:22.195+0300: 591.404: Application time: 0.1778299 seconds
2024-10-09T21:26:22.195+0300: 591.405: [GC (Allocation Failure) 2024-10-09T21:26:22.195+0300: 591.405: [ParNew: 460096K->51072K(460096K), 0.0272657 secs] 2747404K->2358784K(4143232K), 0.0273523 secs] [Times: user=0.02 sys=0.00, real=0.03 secs] 
2024-10-09T21:26:22.227+0300: 591.432: Total time for which application threads were stopped: 0.0276330 seconds, Stopping threads took: 0.0001567 seconds
2024-10-09T21:26:22.400+0300: 591.608: Application time: 0.1759503 seconds
2024-10-09T21:26:22.400+0300: 591.608: [GC (Allocation Failure) 2024-10-09T21:26:22.400+0300: 591.608: [ParNew: 460096K->51072K(460096K), 0.0233756 secs] 2767808K->2371780K(4143232K), 0.0234610 secs] [Times: user=0.01 sys=0.00, real=0.02 secs] 
2024-10-09T21:26:22.416+0300: 591.632: Total time for which application threads were stopped: 0.0237061 seconds, Stopping threads took: 0.0001258 seconds
2024-10-09T21:26:22.604+0300: 591.807: Application time: 0.1757036 seconds
2024-10-09T21:26:22.604+0300: 591.808: [GC (Allocation Failure) 2024-10-09T21:26:22.604+0300: 591.808: [ParNew: 460096K->51072K(460096K), 0.0269203 secs] 2780804K->2387894K(4143232K), 0.0270155 secs] [Times: user=0.08 sys=0.00, real=0.02 secs] 
2024-10-09T21:26:22.620+0300: 591.835: Total time for which application threads were stopped: 0.0273042 seconds, Stopping threads took: 0.0001403 seconds
2024-10-09T21:26:22.792+0300: 592.009: Application time: 0.1739412 seconds
2024-10-09T21:26:22.792+0300: 592.009: [GC (Allocation Failure) 2024-10-09T21:26:22.792+0300: 592.009: [ParNew: 460096K->51072K(460096K), 0.0289928 secs] 2796918K->2409951K(4143232K), 0.0290827 secs] [Times: user=0.03 sys=0.00, real=0.03 secs] 
2024-10-09T21:26:22.824+0300: 592.038: Total time for which application threads were stopped: 0.0293383 seconds, Stopping threads took: 0.0001326 seconds
2024-10-09T21:26:22.996+0300: 592.213: Application time: 0.1749761 seconds
2024-10-09T21:26:22.996+0300: 592.213: [GC (Allocation Failure) 2024-10-09T21:26:22.996+0300: 592.213: [ParNew: 460096K->51072K(460096K), 0.0287679 secs] 2818975K->2434464K(4143232K), 0.0288522 secs] [Times: user=0.03 sys=0.00, real=0.03 secs] 
2024-10-09T21:26:23.028+0300: 592.242: Total time for which application threads were stopped: 0.0291150 seconds, Stopping threads took: 0.0001378 seconds
2024-10-09T21:26:23.201+0300: 592.415: Application time: 0.1724275 seconds
2024-10-09T21:26:23.201+0300: 592.415: [GC (Allocation Failure) 2024-10-09T21:26:23.201+0300: 592.415: [ParNew: 460096K->51072K(460096K), 0.0237329 secs] 2843488K->2445635K(4143232K), 0.0238276 secs] [Times: user=0.03 sys=0.00, real=0.03 secs] 
2024-10-09T21:26:23.232+0300: 592.439: Total time for which application threads were stopped: 0.0241125 seconds, Stopping threads took: 0.0001454 seconds
2024-10-09T21:26:23.405+0300: 592.609: Application time: 0.1702072 seconds
2024-10-09T21:26:23.405+0300: 592.609: [GC (Allocation Failure) 2024-10-09T21:26:23.405+0300: 592.609: [ParNew: 460096K->51072K(460096K), 0.0259234 secs] 2854659K->2462613K(4143232K), 0.0260100 secs] [Times: user=0.02 sys=0.00, real=0.02 secs] 
2024-10-09T21:26:23.421+0300: 592.635: Total time for which application threads were stopped: 0.0262626 seconds, Stopping threads took: 0.0001235 seconds
2024-10-09T21:26:23.609+0300: 592.817: Application time: 0.1818050 seconds
2024-10-09T21:26:23.609+0300: 592.817: [GC (Allocation Failure) 2024-10-09T21:26:23.609+0300: 592.817: [ParNew: 460096K->51072K(460096K), 0.0313085 secs] 2871637K->2492146K(4143232K), 0.0314067 secs] [Times: user=0.17 sys=0.00, real=0.04 secs] 
2024-10-09T21:26:23.645+0300: 592.849: Total time for which application threads were stopped: 0.0317241 seconds, Stopping threads took: 0.0001784 seconds
2024-10-09T21:26:23.816+0300: 593.024: Application time: 0.1757469 seconds
2024-10-09T21:26:23.816+0300: 593.025: [GC (Allocation Failure) 2024-10-09T21:26:23.816+0300: 593.025: [ParNew: 460096K->51072K(460096K), 0.0248896 secs] 2901170K->2505400K(4143232K), 0.0249723 secs] [Times: user=0.03 sys=0.00, real=0.03 secs] 
2024-10-09T21:26:23.845+0300: 593.050: Total time for which application threads were stopped: 0.0252425 seconds, Stopping threads took: 0.0001490 seconds
2024-10-09T21:26:24.017+0300: 593.222: Application time: 0.1722647 seconds
2024-10-09T21:26:24.017+0300: 593.222: [GC (Allocation Failure) 2024-10-09T21:26:24.017+0300: 593.222: [ParNew: 460096K->51072K(460096K), 0.0321104 secs] 2914424K->2535018K(4143232K), 0.0321905 secs] [Times: user=0.03 sys=0.00, real=0.03 secs] 
2024-10-09T21:26:24.049+0300: 593.254: Total time for which application threads were stopped: 0.0324290 seconds, Stopping threads took: 0.0001257 seconds
2024-10-09T21:26:24.221+0300: 593.432: Application time: 0.1777056 seconds
2024-10-09T21:26:24.221+0300: 593.432: [GC (Allocation Failure) 2024-10-09T21:26:24.221+0300: 593.432: [ParNew: 460096K->51072K(460096K), 0.0266234 secs] 2944042K->2557790K(4143232K), 0.0267126 secs] [Times: user=0.01 sys=0.00, real=0.03 secs] 
2024-10-09T21:26:24.253+0300: 593.459: Total time for which application threads were stopped: 0.0269444 seconds, Stopping threads took: 0.0001096 seconds
2024-10-09T21:26:24.426+0300: 593.634: Application time: 0.1745391 seconds
2024-10-09T21:26:24.426+0300: 593.634: [GC (Allocation Failure) 2024-10-09T21:26:24.426+0300: 593.634: [ParNew: 460096K->51072K(460096K), 0.0239024 secs] 2966814K->2569450K(4143232K), 0.0239888 secs] [Times: user=0.02 sys=0.00, real=0.02 secs] 
2024-10-09T21:26:24.442+0300: 593.658: Total time for which application threads were stopped: 0.0242567 seconds, Stopping threads took: 0.0001410 seconds
2024-10-09T21:26:24.630+0300: 593.841: Application time: 0.1835329 seconds
2024-10-09T21:26:24.630+0300: 593.842: [GC (Allocation Failure) 2024-10-09T21:26:24.630+0300: 593.842: [ParNew: 460096K->51072K(460096K), 0.0252933 secs] 2978474K->2584639K(4143232K), 0.0253902 secs] [Times: user=0.03 sys=0.00, real=0.03 secs] 
2024-10-09T21:26:24.661+0300: 593.867: Total time for which application threads were stopped: 0.0256984 seconds, Stopping threads took: 0.0001607 seconds
2024-10-09T21:26:24.818+0300: 594.035: Application time: 0.1682735 seconds
2024-10-09T21:26:24.818+0300: 594.036: [GC (Allocation Failure) 2024-10-09T21:26:24.818+0300: 594.036: [ParNew: 460096K->51072K(460096K), 0.0258233 secs] 2993663K->2605140K(4143232K), 0.0259096 secs] [Times: user=0.03 sys=0.00, real=0.03 secs] 
2024-10-09T21:26:24.849+0300: 594.062: Total time for which application threads were stopped: 0.0262106 seconds, Stopping threads took: 0.0001764 seconds
2024-10-09T21:26:25.022+0300: 594.238: Application time: 0.1760775 seconds
2024-10-09T21:26:25.022+0300: 594.238: [GC (Allocation Failure) 2024-10-09T21:26:25.022+0300: 594.238: [ParNew: 460096K->51072K(460096K), 0.0244653 secs] 3014164K->2618119K(4143232K), 0.0245489 secs] [Times: user=0.03 sys=0.00, real=0.03 secs] 
2024-10-09T21:26:25.053+0300: 594.262: Total time for which application threads were stopped: 0.0248178 seconds, Stopping threads took: 0.0001442 seconds
2024-10-09T21:26:25.226+0300: 594.445: Application time: 0.1821689 seconds
2024-10-09T21:26:25.242+0300: 594.445: [GC (Allocation Failure) 2024-10-09T21:26:25.242+0300: 594.445: [ParNew: 460096K->51072K(460096K), 0.0298677 secs] 3027143K->2642977K(4143232K), 0.0299590 secs] [Times: user=0.02 sys=0.00, real=0.01 secs] 
2024-10-09T21:26:25.257+0300: 594.475: Total time for which application threads were stopped: 0.0302735 seconds, Stopping threads took: 0.0001356 seconds
2024-10-09T21:26:25.430+0300: 594.640: Application time: 0.1646752 seconds
2024-10-09T21:26:25.430+0300: 594.640: [GC (Allocation Failure) 2024-10-09T21:26:25.430+0300: 594.640: [ParNew: 460096K->49594K(460096K), 0.0292537 secs] 3052001K->2670239K(4143232K), 0.0293510 secs] [Times: user=0.02 sys=0.00, real=0.03 secs] 
2024-10-09T21:26:25.461+0300: 594.669: Total time for which application threads were stopped: 0.0296421 seconds, Stopping threads took: 0.0001411 seconds
2024-10-09T21:26:25.634+0300: 594.852: Application time: 0.1831981 seconds
2024-10-09T21:26:25.634+0300: 594.853: [GC (Allocation Failure) 2024-10-09T21:26:25.634+0300: 594.853: [ParNew: 458618K->51072K(460096K), 0.0239560 secs] 3079263K->2685768K(4143232K), 0.0240563 secs] [Times: user=0.03 sys=0.00, real=0.03 secs] 
2024-10-09T21:26:25.665+0300: 594.877: Total time for which application threads were stopped: 0.0243887 seconds, Stopping threads took: 0.0001509 seconds
2024-10-09T21:26:25.854+0300: 595.061: Application time: 0.1837153 seconds
2024-10-09T21:26:25.854+0300: 595.061: [GC (Allocation Failure) 2024-10-09T21:26:25.854+0300: 595.061: [ParNew: 460096K->51072K(460096K), 0.0264811 secs] 3094792K->2701203K(4143232K), 0.0265777 secs] [Times: user=0.05 sys=0.00, real=0.03 secs] 
2024-10-09T21:26:25.881+0300: 595.087: Total time for which application threads were stopped: 0.0268247 seconds, Stopping threads took: 0.0001187 seconds
2024-10-09T21:26:26.042+0300: 595.248: Application time: 0.1610074 seconds
2024-10-09T21:26:26.042+0300: 595.249: [GC (Allocation Failure) 2024-10-09T21:26:26.042+0300: 595.249: [ParNew: 460096K->51072K(460096K), 0.0270027 secs] 3110227K->2721388K(4143232K), 0.0270926 secs] [Times: user=0.03 sys=0.00, real=0.03 secs] 
2024-10-09T21:26:26.072+0300: 595.276: Total time for which application threads were stopped: 0.0273278 seconds, Stopping threads took: 0.0001168 seconds
2024-10-09T21:26:26.246+0300: 595.455: Application time: 0.1795309 seconds
2024-10-09T21:26:26.246+0300: 595.455: [GC (Allocation Failure) 2024-10-09T21:26:26.246+0300: 595.456: [ParNew: 460096K->51072K(460096K), 0.0330779 secs] 3130412K->2756327K(4143232K), 0.0331661 secs] [Times: user=0.03 sys=0.00, real=0.03 secs] 
2024-10-09T21:26:26.277+0300: 595.489: Total time for which application threads were stopped: 0.0334440 seconds, Stopping threads took: 0.0001547 seconds
2024-10-09T21:26:26.466+0300: 595.675: Application time: 0.1858668 seconds
2024-10-09T21:26:26.466+0300: 595.675: [GC (Allocation Failure) 2024-10-09T21:26:26.466+0300: 595.675: [ParNew: 460096K->50113K(460096K), 0.0276415 secs] 3165351K->2775786K(4143232K), 0.0277279 secs] [Times: user=0.03 sys=0.00, real=0.03 secs] 
2024-10-09T21:26:26.497+0300: 595.703: Total time for which application threads were stopped: 0.0279796 seconds, Stopping threads took: 0.0001251 seconds
2024-10-09T21:26:26.670+0300: 595.879: Application time: 0.1765193 seconds
2024-10-09T21:26:26.670+0300: 595.879: [GC (Allocation Failure) 2024-10-09T21:26:26.670+0300: 595.879: [ParNew: 459137K->51072K(460096K), 0.0248436 secs] 3184810K->2788419K(4143232K), 0.0249380 secs] [Times: user=0.05 sys=0.00, real=0.02 secs] 
2024-10-09T21:26:26.686+0300: 595.904: Total time for which application threads were stopped: 0.0252221 seconds, Stopping threads took: 0.0001349 seconds
2024-10-09T21:26:26.859+0300: 596.073: Application time: 0.1682376 seconds
2024-10-09T21:26:26.859+0300: 596.073: [GC (Allocation Failure) 2024-10-09T21:26:26.859+0300: 596.073: [ParNew: 460096K->48341K(460096K), 0.0315801 secs] 3197443K->2820319K(4143232K), 0.0316694 secs] [Times: user=0.03 sys=0.00, real=0.03 secs] 
2024-10-09T21:26:26.890+0300: 596.104: Total time for which application threads were stopped: 0.0319716 seconds, Stopping threads took: 0.0001769 seconds
2024-10-09T21:26:27.078+0300: 596.291: Application time: 0.1865691 seconds
2024-10-09T21:26:27.078+0300: 596.291: [GC (Allocation Failure) 2024-10-09T21:26:27.078+0300: 596.291: [ParNew: 457365K->45195K(460096K), 0.0259696 secs] 3229343K->2836204K(4143232K), 0.0260558 secs] [Times: user=0.03 sys=0.00, real=0.03 secs] 
2024-10-09T21:26:27.109+0300: 596.317: Total time for which application threads were stopped: 0.0263168 seconds, Stopping threads took: 0.0001409 seconds
2024-10-09T21:26:27.283+0300: 596.494: Application time: 0.1765848 seconds
2024-10-09T21:26:27.283+0300: 596.494: [GC (Allocation Failure) 2024-10-09T21:26:27.283+0300: 596.494: [ParNew: 454219K->51072K(460096K), 0.0232439 secs] 3245228K->2848878K(4143232K), 0.0233239 secs] [Times: user=0.03 sys=0.00, real=0.03 secs] 
2024-10-09T21:26:27.314+0300: 596.518: Total time for which application threads were stopped: 0.0235982 seconds, Stopping threads took: 0.0001489 seconds
2024-10-09T21:26:27.470+0300: 596.680: Application time: 0.1621025 seconds
2024-10-09T21:26:27.470+0300: 596.680: [GC (Allocation Failure) 2024-10-09T21:26:27.470+0300: 596.680: [ParNew: 460096K->49291K(460096K), 0.0322142 secs] 3257902K->2883642K(4143232K), 0.0322993 secs] [Times: user=0.03 sys=0.00, real=0.03 secs] 
2024-10-09T21:26:27.502+0300: 596.712: Total time for which application threads were stopped: 0.0325373 seconds, Stopping threads took: 0.0001201 seconds
2024-10-09T21:26:27.690+0300: 596.906: Application time: 0.1934926 seconds
2024-10-09T21:26:27.690+0300: 596.906: [GC (Allocation Failure) 2024-10-09T21:26:27.690+0300: 596.906: [ParNew: 458315K->43739K(460096K), 0.0245986 secs] 3292666K->2895854K(4143232K), 0.0247269 secs] [Times: user=0.06 sys=0.00, real=0.03 secs] 
2024-10-09T21:26:27.724+0300: 596.931: Total time for which application threads were stopped: 0.0249780 seconds, Stopping threads took: 0.0000994 seconds
2024-10-09T21:26:27.910+0300: 597.114: Application time: 0.1836028 seconds
2024-10-09T21:26:27.910+0300: 597.115: [GC (Allocation Failure) 2024-10-09T21:26:27.910+0300: 597.115: [ParNew: 452763K->51072K(460096K), 0.0228023 secs] 3304878K->2909384K(4143232K), 0.0228975 secs] [Times: user=0.02 sys=0.00, real=0.02 secs] 
2024-10-09T21:26:27.926+0300: 597.137: Total time for which application threads were stopped: 0.0231543 seconds, Stopping threads took: 0.0001191 seconds
2024-10-09T21:26:28.083+0300: 597.297: Application time: 0.1593739 seconds
2024-10-09T21:26:28.083+0300: 597.297: [GC (Allocation Failure) 2024-10-09T21:26:28.083+0300: 597.297: [ParNew: 460096K->49381K(460096K), 0.0306632 secs] 3318408K->2939290K(4143232K), 0.0307456 secs] [Times: user=0.03 sys=0.00, real=0.03 secs] 
2024-10-09T21:26:28.114+0300: 597.328: Total time for which application threads were stopped: 0.0310258 seconds, Stopping threads took: 0.0001627 seconds
2024-10-09T21:26:28.302+0300: 597.516: Application time: 0.1881175 seconds
2024-10-09T21:26:28.302+0300: 597.516: [GC (Allocation Failure) 2024-10-09T21:26:28.302+0300: 597.516: [ParNew: 458405K->39699K(460096K), 0.0257977 secs] 3348314K->2952609K(4143232K), 0.0258820 secs] [Times: user=0.03 sys=0.00, real=0.03 secs] 
2024-10-09T21:26:28.334+0300: 597.542: Total time for which application threads were stopped: 0.0261673 seconds, Stopping threads took: 0.0001417 seconds
2024-10-09T21:26:28.522+0300: 597.726: Application time: 0.1840506 seconds
2024-10-09T21:26:28.522+0300: 597.726: [GC (Allocation Failure) 2024-10-09T21:26:28.522+0300: 597.726: [ParNew: 448723K->51072K(460096K), 0.0227009 secs] 3361633K->2966874K(4143232K), 0.0227765 secs] [Times: user=0.05 sys=0.00, real=0.02 secs] 
2024-10-09T21:26:28.538+0300: 597.749: Total time for which application threads were stopped: 0.0230361 seconds, Stopping threads took: 0.0001364 seconds
2024-10-09T21:26:28.711+0300: 597.914: Application time: 0.1649927 seconds
2024-10-09T21:26:28.711+0300: 597.914: [GC (Allocation Failure) 2024-10-09T21:26:28.711+0300: 597.914: [ParNew: 460096K->51072K(460096K), 0.0301519 secs] 3375898K->2996653K(4143232K), 0.0302408 secs] [Times: user=0.03 sys=0.00, real=0.02 secs] 
2024-10-09T21:26:28.727+0300: 597.945: Total time for which application threads were stopped: 0.0304979 seconds, Stopping threads took: 0.0001267 seconds
2024-10-09T21:26:28.914+0300: 598.127: Application time: 0.1825569 seconds
2024-10-09T21:26:28.914+0300: 598.128: [GC (Allocation Failure) 2024-10-09T21:26:28.914+0300: 598.128: [ParNew: 460096K->51072K(460096K), 0.0244746 secs] 3405677K->3013305K(4143232K), 0.0245694 secs] [Times: user=0.05 sys=0.00, real=0.03 secs] 
2024-10-09T21:26:28.946+0300: 598.152: Total time for which application threads were stopped: 0.0248753 seconds, Stopping threads took: 0.0001608 seconds
2024-10-09T21:26:29.128+0300: 598.336: Application time: 0.1837978 seconds
2024-10-09T21:26:29.128+0300: 598.336: [GC (Allocation Failure) 2024-10-09T21:26:29.128+0300: 598.336: [ParNew: 460096K->51072K(460096K), 0.0288213 secs] 3422329K->3030786K(4143232K), 0.0289090 secs] [Times: user=0.03 sys=0.00, real=0.02 secs] 
2024-10-09T21:26:29.150+0300: 598.365: Total time for which application threads were stopped: 0.0291946 seconds, Stopping threads took: 0.0001594 seconds
2024-10-09T21:26:29.307+0300: 598.525: Application time: 0.1596835 seconds
2024-10-09T21:26:29.307+0300: 598.525: [GC (Allocation Failure) 2024-10-09T21:26:29.307+0300: 598.525: [ParNew: 460096K->51072K(460096K), 0.0336132 secs] 3439810K->3066249K(4143232K), 0.0336969 secs] [Times: user=0.05 sys=0.00, real=0.05 secs] 
2024-10-09T21:26:29.354+0300: 598.559: Total time for which application threads were stopped: 0.0339490 seconds, Stopping threads took: 0.0001315 seconds
2024-10-09T21:26:29.529+0300: 598.738: Application time: 0.1787915 seconds
2024-10-09T21:26:29.529+0300: 598.738: [GC (Allocation Failure) 2024-10-09T21:26:29.529+0300: 598.738: [ParNew: 460096K->51072K(460096K), 0.0240762 secs] 3475273K->3081210K(4143232K), 0.0241597 secs] [Times: user=0.03 sys=0.00, real=0.03 secs] 
2024-10-09T21:26:29.558+0300: 598.762: Total time for which application threads were stopped: 0.0244178 seconds, Stopping threads took: 0.0001407 seconds
2024-10-09T21:26:29.731+0300: 598.946: Application time: 0.1838163 seconds
2024-10-09T21:26:29.731+0300: 598.946: [GC (Allocation Failure) 2024-10-09T21:26:29.731+0300: 598.946: [ParNew: 460096K->51072K(460096K), 0.0286826 secs] 3490234K->3105325K(4143232K), 0.0287772 secs] [Times: user=0.06 sys=0.00, real=0.03 secs] 
2024-10-09T21:26:29.762+0300: 598.975: Total time for which application threads were stopped: 0.0290747 seconds, Stopping threads took: 0.0001469 seconds
2024-10-09T21:26:29.935+0300: 599.142: Application time: 0.1668684 seconds
2024-10-09T21:26:29.935+0300: 599.142: [GC (Allocation Failure) 2024-10-09T21:26:29.935+0300: 599.142: [ParNew: 460096K->48222K(460096K), 0.0252814 secs] 3514349K->3118975K(4143232K), 0.0253659 secs] [Times: user=0.02 sys=0.00, real=0.02 secs] 
2024-10-09T21:26:29.951+0300: 599.167: Total time for which application threads were stopped: 0.0256332 seconds, Stopping threads took: 0.0001449 seconds
2024-10-09T21:26:30.139+0300: 599.343: Application time: 0.1758937 seconds
2024-10-09T21:26:30.139+0300: 599.344: [GC (Allocation Failure) 2024-10-09T21:26:30.139+0300: 599.344: [ParNew: 457246K->51072K(460096K), 0.0246304 secs] 3527999K->3138070K(4143232K), 0.0247261 secs] [Times: user=0.01 sys=0.00, real=0.02 secs] 
2024-10-09T21:26:30.155+0300: 599.368: Total time for which application threads were stopped: 0.0250081 seconds, Stopping threads took: 0.0001318 seconds
2024-10-09T21:26:30.330+0300: 599.541: Application time: 0.1722626 seconds
2024-10-09T21:26:30.330+0300: 599.541: [GC (Allocation Failure) 2024-10-09T21:26:30.330+0300: 599.541: [ParNew: 460096K->51072K(460096K), 0.0246571 secs] 3547094K->3153104K(4143232K), 0.0247449 secs] [Times: user=0.03 sys=0.00, real=0.03 secs] 
2024-10-09T21:26:30.359+0300: 599.566: Total time for which application threads were stopped: 0.0250087 seconds, Stopping threads took: 0.0001326 seconds
2024-10-09T21:26:30.532+0300: 599.736: Application time: 0.1704957 seconds
2024-10-09T21:26:30.532+0300: 599.736: [GC (Allocation Failure) 2024-10-09T21:26:30.532+0300: 599.736: [ParNew: 460096K->49364K(460096K), 0.0247045 secs] 3562128K->3168954K(4143232K), 0.0247863 secs] [Times: user=0.02 sys=0.00, real=0.02 secs] 
2024-10-09T21:26:30.548+0300: 599.761: Total time for which application threads were stopped: 0.0250590 seconds, Stopping threads took: 0.0001498 seconds
2024-10-09T21:26:30.736+0300: 599.953: Application time: 0.1915658 seconds
2024-10-09T21:26:30.736+0300: 599.953: [GC (Allocation Failure) 2024-10-09T21:26:30.736+0300: 599.953: [ParNew: 458388K->51072K(460096K), 0.0250327 secs] 3577978K->3183956K(4143232K), 0.0251297 secs] [Times: user=0.03 sys=0.00, real=0.03 secs] 
2024-10-09T21:26:30.767+0300: 599.978: Total time for which application threads were stopped: 0.0254530 seconds, Stopping threads took: 0.0001505 seconds
2024-10-09T21:26:30.940+0300: 600.149: Application time: 0.1706508 seconds
2024-10-09T21:26:30.940+0300: 600.149: [GC (Allocation Failure) 2024-10-09T21:26:30.940+0300: 600.149: [ParNew: 460096K->51072K(460096K), 0.0267547 secs] 3592980K->3197287K(4143232K), 0.0268347 secs] [Times: user=0.03 sys=0.00, real=0.03 secs] 
2024-10-09T21:26:30.971+0300: 600.176: Total time for which application threads were stopped: 0.0270990 seconds, Stopping threads took: 0.0001421 seconds
2024-10-09T21:26:31.144+0300: 600.349: Application time: 0.1732745 seconds
2024-10-09T21:26:31.144+0300: 600.349: [GC (Allocation Failure) 2024-10-09T21:26:31.144+0300: 600.349: [ParNew: 460096K->42881K(460096K), 0.0287067 secs] 3606311K->3221919K(4143232K), 0.0288036 secs] [Times: user=0.01 sys=0.00, real=0.02 secs] 
2024-10-09T21:26:31.160+0300: 600.378: Total time for which application threads were stopped: 0.0290426 seconds, Stopping threads took: 0.0001172 seconds
2024-10-09T21:26:31.363+0300: 600.571: Application time: 0.1925097 seconds
2024-10-09T21:26:31.363+0300: 600.571: [GC (Allocation Failure) 2024-10-09T21:26:31.363+0300: 600.571: [ParNew: 451905K->51072K(460096K), 0.0217680 secs] 3630943K->3232640K(4143232K), 0.0218575 secs] [Times: user=0.02 sys=0.00, real=0.02 secs] 
2024-10-09T21:26:31.379+0300: 600.593: Total time for which application threads were stopped: 0.0221525 seconds, Stopping threads took: 0.0001516 seconds
2024-10-09T21:26:31.567+0300: 600.773: Application time: 0.1801218 seconds
2024-10-09T21:26:31.567+0300: 600.773: [GC (Allocation Failure) 2024-10-09T21:26:31.567+0300: 600.773: [ParNew: 460096K->51072K(460096K), 0.0311867 secs] 3641664K->3253423K(4143232K), 0.0312714 secs] [Times: user=0.02 sys=0.00, real=0.03 secs] 
2024-10-09T21:26:31.598+0300: 600.805: Total time for which application threads were stopped: 0.0315303 seconds, Stopping threads took: 0.0001361 seconds
2024-10-09T21:26:31.755+0300: 600.974: Application time: 0.1689461 seconds
2024-10-09T21:26:31.755+0300: 600.974: [GC (Allocation Failure) 2024-10-09T21:26:31.755+0300: 600.974: [ParNew: 460096K->45202K(460096K), 0.0286719 secs] 3662447K->3279358K(4143232K), 0.0287650 secs] [Times: user=0.06 sys=0.00, real=0.03 secs] 
2024-10-09T21:26:31.787+0300: 601.003: Total time for which application threads were stopped: 0.0290859 seconds, Stopping threads took: 0.0001526 seconds
2024-10-09T21:26:31.975+0300: 601.193: Application time: 0.1903045 seconds
2024-10-09T21:26:31.975+0300: 601.193: [GC (Allocation Failure) 2024-10-09T21:26:31.975+0300: 601.193: [ParNew: 454226K->51072K(460096K), 0.0225159 secs] 3688382K->3288527K(4143232K), 0.0225973 secs] [Times: user=0.03 sys=0.00, real=0.03 secs] 
2024-10-09T21:26:32.006+0300: 601.216: Total time for which application threads were stopped: 0.0228699 seconds, Stopping threads took: 0.0001488 seconds
2024-10-09T21:26:32.195+0300: 601.401: Application time: 0.1854393 seconds
2024-10-09T21:26:32.195+0300: 601.401: [GC (Allocation Failure) 2024-10-09T21:26:32.195+0300: 601.401: [ParNew: 460096K->51072K(460096K), 0.0305060 secs] 3697551K->3307989K(4143232K), 0.0305922 secs] [Times: user=0.02 sys=0.00, real=0.03 secs] 
2024-10-09T21:26:32.226+0300: 601.432: Total time for which application threads were stopped: 0.0308156 seconds, Stopping threads took: 0.0000987 seconds
2024-10-09T21:26:32.383+0300: 601.594: Application time: 0.1616429 seconds
2024-10-09T21:26:32.383+0300: 601.594: [GC (Allocation Failure) 2024-10-09T21:26:32.383+0300: 601.594: [ParNew: 460096K->46050K(460096K), 0.0360263 secs] 3717013K->3344374K(4143232K), 0.0361141 secs] [Times: user=0.03 sys=0.00, real=0.03 secs] 
2024-10-09T21:26:32.414+0300: 601.630: Total time for which application threads were stopped: 0.0364228 seconds, Stopping threads took: 0.0001849 seconds
2024-10-09T21:26:32.414+0300: 601.630: Application time: 0.0001196 seconds
2024-10-09T21:26:32.414+0300: 601.630: [GC (CMS Initial Mark) [1 CMS-initial-mark: 3298323K(3683136K)] 3351203K(4143232K), 0.0038707 secs] [Times: user=0.02 sys=0.00, real=0.02 secs] 
2024-10-09T21:26:32.430+0300: 601.634: Total time for which application threads were stopped: 0.0041484 seconds, Stopping threads took: 0.0001647 seconds
2024-10-09T21:26:32.430+0300: 601.634: [CMS-concurrent-mark-start]
2024-10-09T21:26:32.446+0300: 601.655: [CMS-concurrent-mark: 0.021/0.021 secs] [Times: user=0.02 sys=0.00, real=0.02 secs] 
2024-10-09T21:26:32.446+0300: 601.655: [CMS-concurrent-preclean-start]
2024-10-09T21:26:32.446+0300: 601.659: [CMS-concurrent-preclean: 0.004/0.004 secs] [Times: user=0.00 sys=0.00, real=0.00 secs] 
2024-10-09T21:26:32.446+0300: 601.660: [CMS-concurrent-abortable-preclean-start]
2024-10-09T21:26:32.650+0300: 601.864: Application time: 0.2291494 seconds
2024-10-09T21:26:32.650+0300: 601.864: [GC (Allocation Failure) 2024-10-09T21:26:32.650+0300: 601.864: [ParNew: 455074K->51072K(460096K), 0.0241869 secs] 3753398K->3360049K(4143232K), 0.0242748 secs] [Times: user=0.06 sys=0.00, real=0.03 secs] 
2024-10-09T21:26:32.681+0300: 601.888: Total time for which application threads were stopped: 0.0246791 seconds, Stopping threads took: 0.0002734 seconds
2024-10-09T21:26:32.870+0300: 602.085: Application time: 0.1969387 seconds
2024-10-09T21:26:32.870+0300: 602.085: [GC (Allocation Failure) 2024-10-09T21:26:32.870+0300: 602.085: [ParNew: 460096K->51072K(460096K), 0.0320551 secs] 3769073K->3385307K(4143232K), 0.0321404 secs] [Times: user=0.03 sys=0.00, real=0.03 secs] 
2024-10-09T21:26:32.901+0300: 602.118: Total time for which application threads were stopped: 0.0324112 seconds, Stopping threads took: 0.0001454 seconds
2024-10-09T21:26:32.935+0300: 602.139: [CMS-concurrent-abortable-preclean: 0.421/0.479 secs] [Times: user=2.51 sys=0.00, real=0.49 secs] 
2024-10-09T21:26:32.948+0300: 602.152: Application time: 0.0340768 seconds
2024-10-09T21:26:32.948+0300: 602.152: [GC (CMS Final Remark) [YG occupancy: 118031 K (460096 K)]2024-10-09T21:26:32.948+0300: 602.152: [Rescan (parallel) , 0.0115380 secs]2024-10-09T21:26:32.948+0300: 602.163: [weak refs processing, 0.0000174 secs]2024-10-09T21:26:32.948+0300: 602.163: [class unloading, 0.0021071 secs]2024-10-09T21:26:32.948+0300: 602.166: [scrub symbol table, 0.0007274 secs]2024-10-09T21:26:32.948+0300: 602.166: [scrub string table, 0.0002029 secs][1 CMS-remark: 3334235K(3683136K)] 3452267K(4143232K), 0.0147090 secs] [Times: user=0.00 sys=0.00, real=0.00 secs] 
2024-10-09T21:26:32.948+0300: 602.167: Total time for which application threads were stopped: 0.0149520 seconds, Stopping threads took: 0.0001449 seconds
2024-10-09T21:26:32.948+0300: 602.167: [CMS-concurrent-sweep-start]
2024-10-09T21:26:33.137+0300: 602.340: Application time: 0.1734989 seconds
2024-10-09T21:26:33.137+0300: 602.340: [GC (Allocation Failure) 2024-10-09T21:26:33.137+0300: 602.340: [ParNew: 460096K->46319K(460096K), 0.0287221 secs] 3452368K->3062823K(4143232K), 0.0288037 secs] [Times: user=0.02 sys=0.00, real=0.01 secs] 
2024-10-09T21:26:33.152+0300: 602.369: Total time for which application threads were stopped: 0.0290963 seconds, Stopping threads took: 0.0001407 seconds
2024-10-09T21:26:33.388+0300: 602.595: Application time: 0.2258465 seconds
2024-10-09T21:26:33.388+0300: 602.595: [GC (Allocation Failure) 2024-10-09T21:26:33.388+0300: 602.595: [ParNew: 455343K->51072K(460096K), 0.0264065 secs] 3033815K->2645754K(4143232K), 0.0265033 secs] [Times: user=0.06 sys=0.00, real=0.02 secs] 
2024-10-09T21:26:33.404+0300: 602.622: Total time for which application threads were stopped: 0.0268175 seconds, Stopping threads took: 0.0001583 seconds
2024-10-09T21:26:33.623+0300: 602.833: Application time: 0.2106325 seconds
2024-10-09T21:26:33.623+0300: 602.833: [GC (Allocation Failure) 2024-10-09T21:26:33.623+0300: 602.833: [ParNew: 460096K->51072K(460096K), 0.0274503 secs] 2643302K->2254099K(4143232K), 0.0275400 secs] [Times: user=0.12 sys=0.00, real=0.03 secs] 
2024-10-09T21:26:33.655+0300: 602.860: Total time for which application threads were stopped: 0.0278706 seconds, Stopping threads took: 0.0001503 seconds
2024-10-09T21:26:33.890+0300: 603.094: Application time: 0.2338538 seconds
2024-10-09T21:26:33.890+0300: 603.094: [GC (Allocation Failure) 2024-10-09T21:26:33.890+0300: 603.095: [ParNew: 460096K->51072K(460096K), 0.0244927 secs] 2212454K->1817978K(4143232K), 0.0245695 secs] [Times: user=0.12 sys=0.00, real=0.02 secs] 
2024-10-09T21:26:33.906+0300: 603.119: Total time for which application threads were stopped: 0.0248585 seconds, Stopping threads took: 0.0001460 seconds
2024-10-09T21:26:34.110+0300: 603.328: Application time: 0.2085647 seconds
2024-10-09T21:26:34.110+0300: 603.328: [GC (Allocation Failure) 2024-10-09T21:26:34.110+0300: 603.328: [ParNew: 460096K->51072K(460096K), 0.0232822 secs] 1823484K->1422809K(4143232K), 0.0233806 secs] [Times: user=0.11 sys=0.00, real=0.03 secs] 
2024-10-09T21:26:34.142+0300: 603.351: Total time for which application threads were stopped: 0.0237538 seconds, Stopping threads took: 0.0002340 seconds
2024-10-09T21:26:34.361+0300: 603.565: Application time: 0.2134523 seconds
2024-10-09T21:26:34.361+0300: 603.565: [GC (Allocation Failure) 2024-10-09T21:26:34.361+0300: 603.565: [ParNew: 460096K->48350K(460096K), 0.0309489 secs] 1423917K->1038291K(4143232K), 0.0310506 secs] [Times: user=0.19 sys=0.00, real=0.03 secs] 
2024-10-09T21:26:34.392+0300: 603.596: Total time for which application threads were stopped: 0.0313432 seconds, Stopping threads took: 0.0001340 seconds
2024-10-09T21:26:34.597+0300: 603.815: Application time: 0.2184346 seconds
2024-10-09T21:26:34.597+0300: 603.815: [GC (Allocation Failure) 2024-10-09T21:26:34.597+0300: 603.815: [ParNew: 457374K->51072K(460096K), 0.0258136 secs] 1021200K->624192K(4143232K), 0.0259005 secs] [Times: user=0.14 sys=0.00, real=0.03 secs] 
2024-10-09T21:26:34.628+0300: 603.841: Total time for which application threads were stopped: 0.0261911 seconds, Stopping threads took: 0.0001539 seconds
2024-10-09T21:26:34.832+0300: 604.041: Application time: 0.1999495 seconds
2024-10-09T21:26:34.832+0300: 604.041: [GC (Allocation Failure) 2024-10-09T21:26:34.832+0300: 604.041: [ParNew: 460096K->51072K(460096K), 0.0283283 secs] 688032K->302082K(4143232K), 0.0284030 secs] [Times: user=0.05 sys=0.00, real=0.03 secs] 
2024-10-09T21:26:34.863+0300: 604.070: Total time for which application threads were stopped: 0.0287157 seconds, Stopping threads took: 0.0001694 seconds
2024-10-09T21:26:34.863+0300: 604.080: [CMS-concurrent-sweep: 1.694/1.913 secs] [Times: user=10.47 sys=0.00, real=1.91 secs] 
2024-10-09T21:26:34.863+0300: 604.080: [CMS-concurrent-reset-start]
2024-10-09T21:26:34.879+0300: 604.088: [CMS-concurrent-reset: 0.008/0.008 secs] [Times: user=0.01 sys=0.00, real=0.02 secs] 
2024-10-09T21:26:35.021+0300: 604.238: Application time: 0.1682384 seconds
2024-10-09T21:26:35.021+0300: 604.238: [GC (Allocation Failure) 2024-10-09T21:26:35.021+0300: 604.238: [ParNew: 460096K->48213K(460096K), 0.0270543 secs] 679925K->291372K(4143232K), 0.0271297 secs] [Times: user=0.09 sys=0.00, real=0.03 secs] 
2024-10-09T21:26:35.052+0300: 604.265: Total time for which application threads were stopped: 0.0274177 seconds, Stopping threads took: 0.0001672 seconds
2024-10-09T21:26:35.241+0300: 604.449: Application time: 0.1834244 seconds
2024-10-09T21:26:35.241+0300: 604.449: [GC (Allocation Failure) 2024-10-09T21:26:35.241+0300: 604.449: [ParNew: 457237K->51072K(460096K), 0.0246849 secs] 700396K->309057K(4143232K), 0.0247726 secs] [Times: user=0.06 sys=0.02, real=0.02 secs] 
2024-10-09T21:26:35.256+0300: 604.474: Total time for which application threads were stopped: 0.0250619 seconds, Stopping threads took: 0.0001521 seconds
2024-10-09T21:26:35.445+0300: 604.649: Application time: 0.1754533 seconds
2024-10-09T21:26:35.445+0300: 604.649: [GC (Allocation Failure) 2024-10-09T21:26:35.445+0300: 604.649: [ParNew: 460096K->51072K(460096K), 0.0236531 secs] 718081K->317754K(4143232K), 0.0237534 secs] [Times: user=0.09 sys=0.00, real=0.02 secs] 
2024-10-09T21:26:35.460+0300: 604.673: Total time for which application threads were stopped: 0.0240266 seconds, Stopping threads took: 0.0001246 seconds
2024-10-09T21:26:35.641+0300: 604.848: Application time: 0.1744909 seconds
2024-10-09T21:26:35.641+0300: 604.848: [GC (Allocation Failure) 2024-10-09T21:26:35.641+0300: 604.848: [ParNew: 460096K->43593K(460096K), 0.0315573 secs] 726778K->339186K(4143232K), 0.0316344 secs] [Times: user=0.14 sys=0.00, real=0.02 secs] 
2024-10-09T21:26:35.664+0300: 604.880: Total time for which application threads were stopped: 0.0320718 seconds, Stopping threads took: 0.0003035 seconds
2024-10-09T21:26:35.853+0300: 605.065: Application time: 0.1851321 seconds
2024-10-09T21:26:35.853+0300: 605.065: [GC (Allocation Failure) 2024-10-09T21:26:35.853+0300: 605.065: [ParNew: 452617K->51072K(460096K), 0.0283116 secs] 748210K->368062K(4143232K), 0.0283950 secs] [Times: user=0.16 sys=0.00, real=0.03 secs] 
2024-10-09T21:26:35.884+0300: 605.094: Total time for which application threads were stopped: 0.0286428 seconds, Stopping threads took: 0.0001042 seconds
2024-10-09T21:26:36.057+0300: 605.270: Application time: 0.1762636 seconds
2024-10-09T21:26:36.057+0300: 605.270: [GC (Allocation Failure) 2024-10-09T21:26:36.057+0300: 605.270: [ParNew: 460096K->51072K(460096K), 0.0265023 secs] 777086K->382254K(4143232K), 0.0265897 secs] [Times: user=0.12 sys=0.00, real=0.03 secs] 
2024-10-09T21:26:36.088+0300: 605.297: Total time for which application threads were stopped: 0.0268435 seconds, Stopping threads took: 0.0001115 seconds
2024-10-09T21:26:36.260+0300: 605.467: Application time: 0.1702657 seconds
2024-10-09T21:26:36.260+0300: 605.467: [GC (Allocation Failure) 2024-10-09T21:26:36.260+0300: 605.467: [ParNew: 460096K->48220K(460096K), 0.0271987 secs] 791278K->403181K(4143232K), 0.0272836 secs] [Times: user=0.11 sys=0.00, real=0.03 secs] 
2024-10-09T21:26:36.291+0300: 605.494: Total time for which application threads were stopped: 0.0275722 seconds, Stopping threads took: 0.0001512 seconds
2024-10-09T21:26:36.464+0300: 605.670: Application time: 0.1753605 seconds
2024-10-09T21:26:36.464+0300: 605.670: [GC (Allocation Failure) 2024-10-09T21:26:36.464+0300: 605.670: [ParNew: 457244K->51072K(460096K), 0.0250661 secs] 812205K->423798K(4143232K), 0.0251469 secs] [Times: user=0.09 sys=0.00, real=0.02 secs] 
2024-10-09T21:26:36.479+0300: 605.695: Total time for which application threads were stopped: 0.0253948 seconds, Stopping threads took: 0.0001095 seconds
2024-10-09T21:26:36.668+0300: 605.884: Application time: 0.1886154 seconds
2024-10-09T21:26:36.668+0300: 605.884: [GC (Allocation Failure) 2024-10-09T21:26:36.668+0300: 605.884: [ParNew: 460096K->51072K(460096K), 0.0262499 secs] 832822K->439863K(4143232K), 0.0263413 secs] [Times: user=0.16 sys=0.00, real=0.03 secs] 
2024-10-09T21:26:36.699+0300: 605.910: Total time for which application threads were stopped: 0.0265981 seconds, Stopping threads took: 0.0001085 seconds
2024-10-09T21:26:36.872+0300: 606.082: Application time: 0.1710695 seconds
2024-10-09T21:26:36.872+0300: 606.082: [GC (Allocation Failure) 2024-10-09T21:26:36.872+0300: 606.082: [ParNew: 460096K->51051K(460096K), 0.0280261 secs] 848887K->464141K(4143232K), 0.0281166 secs] [Times: user=0.19 sys=0.00, real=0.03 secs] 
2024-10-09T21:26:36.904+0300: 606.110: Total time for which application threads were stopped: 0.0283962 seconds, Stopping threads took: 0.0001414 seconds
2024-10-09T21:26:37.076+0300: 606.286: Application time: 0.1761431 seconds
2024-10-09T21:26:37.076+0300: 606.286: [GC (Allocation Failure) 2024-10-09T21:26:37.076+0300: 606.286: [ParNew: 460075K->51072K(460096K), 0.0210711 secs] 873165K->471484K(4143232K), 0.0211523 secs] [Times: user=0.09 sys=0.00, real=0.02 secs] 
2024-10-09T21:26:37.092+0300: 606.308: Total time for which application threads were stopped: 0.0214459 seconds, Stopping threads took: 0.0001541 seconds
2024-10-09T21:26:37.265+0300: 606.482: Application time: 0.1749521 seconds
2024-10-09T21:26:37.265+0300: 606.483: [GC (Allocation Failure) 2024-10-09T21:26:37.265+0300: 606.483: [ParNew: 460096K->51072K(460096K), 0.0310561 secs] 880508K->499610K(4143232K), 0.0311392 secs] [Times: user=0.12 sys=0.00, real=0.03 secs] 
2024-10-09T21:26:37.296+0300: 606.514: Total time for which application threads were stopped: 0.0315032 seconds, Stopping threads took: 0.0002151 seconds
2024-10-09T21:26:37.485+0300: 606.689: Application time: 0.1753692 seconds
2024-10-09T21:26:37.485+0300: 606.690: [GC (Allocation Failure) 2024-10-09T21:26:37.485+0300: 606.690: [ParNew: 460096K->51072K(460096K), 0.0273682 secs] 908634K->522434K(4143232K), 0.0274633 secs] [Times: user=0.03 sys=0.00, real=0.02 secs] 
2024-10-09T21:26:37.500+0300: 606.717: Total time for which application threads were stopped: 0.0277377 seconds, Stopping threads took: 0.0001387 seconds
2024-10-09T21:26:37.689+0300: 606.903: Application time: 0.1855830 seconds
2024-10-09T21:26:37.689+0300: 606.903: [GC (Allocation Failure) 2024-10-09T21:26:37.689+0300: 606.903: [ParNew: 460096K->51072K(460096K), 0.0233528 secs] 931458K->530888K(4143232K), 0.0234570 secs] [Times: user=0.09 sys=0.00, real=0.03 secs] 
2024-10-09T21:26:37.720+0300: 606.926: Total time for which application threads were stopped: 0.0237688 seconds, Stopping threads took: 0.0001673 seconds
2024-10-09T21:26:37.893+0300: 607.097: Application time: 0.1706921 seconds
2024-10-09T21:26:37.893+0300: 607.097: [GC (Allocation Failure) 2024-10-09T21:26:37.893+0300: 607.097: [ParNew: 460096K->48166K(460096K), 0.0311368 secs] 939912K->557221K(4143232K), 0.0312205 secs] [Times: user=0.03 sys=0.00, real=0.03 secs] 
2024-10-09T21:26:37.924+0300: 607.129: Total time for which application threads were stopped: 0.0314860 seconds, Stopping threads took: 0.0001361 seconds
2024-10-09T21:26:38.097+0300: 607.307: Application time: 0.1788770 seconds
2024-10-09T21:26:38.097+0300: 607.308: [GC (Allocation Failure) 2024-10-09T21:26:38.097+0300: 607.308: [ParNew: 457190K->51072K(460096K), 0.0246191 secs] 966245K->576461K(4143232K), 0.0246988 secs] [Times: user=0.03 sys=0.00, real=0.03 secs] 
2024-10-09T21:26:38.128+0300: 607.332: Total time for which application threads were stopped: 0.0249792 seconds, Stopping threads took: 0.0001591 seconds
2024-10-09T21:26:38.301+0300: 607.514: Application time: 0.1813188 seconds
2024-10-09T21:26:38.301+0300: 607.514: [GC (Allocation Failure) 2024-10-09T21:26:38.301+0300: 607.514: [ParNew: 460096K->51072K(460096K), 0.0284616 secs] 985485K->595644K(4143232K), 0.0285492 secs] [Times: user=0.03 sys=0.00, real=0.03 secs] 
2024-10-09T21:26:38.332+0300: 607.543: Total time for which application threads were stopped: 0.0288315 seconds, Stopping threads took: 0.0001573 seconds
2024-10-09T21:26:38.489+0300: 607.707: Application time: 0.1642245 seconds
2024-10-09T21:26:38.489+0300: 607.707: [GC (Allocation Failure) 2024-10-09T21:26:38.489+0300: 607.707: [ParNew: 460096K->51072K(460096K), 0.0271177 secs] 1004668K->617200K(4143232K), 0.0272006 secs] [Times: user=0.03 sys=0.00, real=0.03 secs] 
2024-10-09T21:26:38.521+0300: 607.734: Total time for which application threads were stopped: 0.0275139 seconds, Stopping threads took: 0.0001909 seconds
2024-10-09T21:26:38.710+0300: 607.919: Application time: 0.1849251 seconds
2024-10-09T21:26:38.710+0300: 607.920: [GC (Allocation Failure) 2024-10-09T21:26:38.710+0300: 607.920: [ParNew: 460096K->43038K(460096K), 0.0277856 secs] 1026224K->637902K(4143232K), 0.0278812 secs] [Times: user=0.05 sys=0.00, real=0.03 secs] 
2024-10-09T21:26:38.741+0300: 607.947: Total time for which application threads were stopped: 0.0281744 seconds, Stopping threads took: 0.0001482 seconds
2024-10-09T21:26:38.929+0300: 608.135: Application time: 0.1872292 seconds
2024-10-09T21:26:38.929+0300: 608.135: [GC (Allocation Failure) 2024-10-09T21:26:38.929+0300: 608.135: [ParNew: 452062K->51072K(460096K), 0.0230257 secs] 1046926K->653910K(4143232K), 0.0231021 secs] [Times: user=0.03 sys=0.00, real=0.02 secs] 
2024-10-09T21:26:38.948+0300: 608.158: Total time for which application threads were stopped: 0.0233799 seconds, Stopping threads took: 0.0001409 seconds
2024-10-09T21:26:39.102+0300: 608.317: Application time: 0.1591605 seconds
2024-10-09T21:26:39.102+0300: 608.317: [GC (Allocation Failure) 2024-10-09T21:26:39.102+0300: 608.318: [ParNew: 460096K->51072K(460096K), 0.0293730 secs] 1062934K->679320K(4143232K), 0.0294590 secs] [Times: user=0.03 sys=0.00, real=0.03 secs] 
2024-10-09T21:26:39.133+0300: 608.347: Total time for which application threads were stopped: 0.0297402 seconds, Stopping threads took: 0.0001572 seconds
2024-10-09T21:26:39.305+0300: 608.521: Application time: 0.1740624 seconds
2024-10-09T21:26:39.305+0300: 608.521: [GC (Allocation Failure) 2024-10-09T21:26:39.305+0300: 608.521: [ParNew: 460096K->43750K(460096K), 0.0261243 secs] 1088344K->694195K(4143232K), 0.0262159 secs] [Times: user=0.03 sys=0.00, real=0.03 secs] 
2024-10-09T21:26:39.337+0300: 608.548: Total time for which application threads were stopped: 0.0265183 seconds, Stopping threads took: 0.0001811 seconds
2024-10-09T21:26:39.525+0300: 608.736: Application time: 0.1882320 seconds
2024-10-09T21:26:39.525+0300: 608.736: [GC (Allocation Failure) 2024-10-09T21:26:39.525+0300: 608.736: [ParNew: 452774K->51072K(460096K), 0.0251323 secs] 1103219K->712448K(4143232K), 0.0252175 secs] [Times: user=0.03 sys=0.00, real=0.03 secs] 
2024-10-09T21:26:39.557+0300: 608.761: Total time for which application threads were stopped: 0.0254857 seconds, Stopping threads took: 0.0001377 seconds
2024-10-09T21:26:39.729+0300: 608.933: Application time: 0.1714369 seconds
2024-10-09T21:26:39.729+0300: 608.933: [GC (Allocation Failure) 2024-10-09T21:26:39.729+0300: 608.933: [ParNew: 460096K->51072K(460096K), 0.0276742 secs] 1121472K->732915K(4143232K), 0.0277671 secs] [Times: user=0.02 sys=0.00, real=0.02 secs] 
2024-10-09T21:26:39.750+0300: 608.961: Total time for which application threads were stopped: 0.0280661 seconds, Stopping threads took: 0.0001421 seconds
2024-10-09T21:26:39.917+0300: 609.133: Application time: 0.1724827 seconds
2024-10-09T21:26:39.917+0300: 609.134: [GC (Allocation Failure) 2024-10-09T21:26:39.917+0300: 609.134: [ParNew: 460096K->40208K(460096K), 0.0262987 secs] 1141939K->751865K(4143232K), 0.0263993 secs] [Times: user=0.05 sys=0.00, real=0.03 secs] 
2024-10-09T21:26:39.950+0300: 609.160: Total time for which application threads were stopped: 0.0266965 seconds, Stopping threads took: 0.0001629 seconds
2024-10-09T21:26:40.151+0300: 609.354: Application time: 0.1942473 seconds
2024-10-09T21:26:40.151+0300: 609.354: [GC (Allocation Failure) 2024-10-09T21:26:40.151+0300: 609.354: [ParNew: 449232K->51072K(460096K), 0.0254189 secs] 1160889K->768638K(4143232K), 0.0255016 secs] [Times: user=0.01 sys=0.00, real=0.02 secs] 
2024-10-09T21:26:40.169+0300: 609.380: Total time for which application threads were stopped: 0.0257705 seconds, Stopping threads took: 0.0001417 seconds
2024-10-09T21:26:40.341+0300: 609.551: Application time: 0.1708466 seconds
2024-10-09T21:26:40.341+0300: 609.551: [GC (Allocation Failure) 2024-10-09T21:26:40.341+0300: 609.551: [ParNew: 460096K->51072K(460096K), 0.0320079 secs] 1177662K->792323K(4143232K), 0.0320929 secs] [Times: user=0.03 sys=0.00, real=0.03 secs] 
2024-10-09T21:26:40.373+0300: 609.583: Total time for which application threads were stopped: 0.0323642 seconds, Stopping threads took: 0.0001473 seconds
2024-10-09T21:26:40.545+0300: 609.748: Application time: 0.1647402 seconds
2024-10-09T21:26:40.545+0300: 609.748: [GC (Allocation Failure) 2024-10-09T21:26:40.545+0300: 609.748: [ParNew: 460096K->44116K(460096K), 0.0251153 secs] 1201347K->813768K(4143232K), 0.0251992 secs] [Times: user=0.02 sys=0.00, real=0.02 secs] 
2024-10-09T21:26:40.561+0300: 609.773: Total time for which application threads were stopped: 0.0254674 seconds, Stopping threads took: 0.0001334 seconds
2024-10-09T21:26:40.765+0300: 609.978: Application time: 0.2044808 seconds
2024-10-09T21:26:40.765+0300: 609.978: [GC (Allocation Failure) 2024-10-09T21:26:40.765+0300: 609.978: [ParNew: 453140K->51072K(460096K), 0.0219704 secs] 1222792K->822847K(4143232K), 0.0220626 secs] [Times: user=0.03 sys=0.00, real=0.03 secs] 
2024-10-09T21:26:40.796+0300: 610.000: Total time for which application threads were stopped: 0.0223676 seconds, Stopping threads took: 0.0001578 seconds
2024-10-09T21:26:40.968+0300: 610.174: Application time: 0.1733664 seconds
2024-10-09T21:26:40.968+0300: 610.174: [GC (Allocation Failure) 2024-10-09T21:26:40.968+0300: 610.174: [ParNew: 460096K->51072K(460096K), 0.0278051 secs] 1231871K->840172K(4143232K), 0.0278884 secs] [Times: user=0.02 sys=0.00, real=0.02 secs] 
2024-10-09T21:26:40.984+0300: 610.202: Total time for which application threads were stopped: 0.0281560 seconds, Stopping threads took: 0.0001462 seconds
2024-10-09T21:26:41.157+0300: 610.368: Application time: 0.1660244 seconds
2024-10-09T21:26:41.157+0300: 610.368: [GC (Allocation Failure) 2024-10-09T21:26:41.157+0300: 610.368: [ParNew: 460096K->43825K(460096K), 0.0267753 secs] 1249196K->857365K(4143232K), 0.0268693 secs] [Times: user=0.02 sys=0.00, real=0.03 secs] 
2024-10-09T21:26:41.192+0300: 610.395: Total time for which application threads were stopped: 0.0271863 seconds, Stopping threads took: 0.0001896 seconds
2024-10-09T21:26:41.362+0300: 610.579: Application time: 0.1843578 seconds
2024-10-09T21:26:41.362+0300: 610.580: [GC (Allocation Failure) 2024-10-09T21:26:41.362+0300: 610.580: [ParNew: 452849K->51072K(460096K), 0.0245330 secs] 1266389K->881213K(4143232K), 0.0246194 secs] [Times: user=0.05 sys=0.00, real=0.03 secs] 
2024-10-09T21:26:41.393+0300: 610.604: Total time for which application threads were stopped: 0.0249047 seconds, Stopping threads took: 0.0001524 seconds
2024-10-09T21:26:41.566+0300: 610.781: Application time: 0.1770748 seconds
2024-10-09T21:26:41.566+0300: 610.782: [GC (Allocation Failure) 2024-10-09T21:26:41.566+0300: 610.782: [ParNew: 460096K->51072K(460096K), 0.0250171 secs] 1290237K->890240K(4143232K), 0.0251029 secs] [Times: user=0.03 sys=0.00, real=0.03 secs] 
2024-10-09T21:26:41.598+0300: 610.807: Total time for which application threads were stopped: 0.0253533 seconds, Stopping threads took: 0.0001245 seconds
2024-10-09T21:26:41.770+0300: 610.979: Application time: 0.1718718 seconds
2024-10-09T21:26:41.770+0300: 610.979: [GC (Allocation Failure) 2024-10-09T21:26:41.770+0300: 610.979: [ParNew: 460096K->48858K(460096K), 0.0308157 secs] 1299264K->919402K(4143232K), 0.0309051 secs] [Times: user=0.02 sys=0.00, real=0.03 secs] 
2024-10-09T21:26:41.801+0300: 611.010: Total time for which application threads were stopped: 0.0312309 seconds, Stopping threads took: 0.0001874 seconds
2024-10-09T21:26:41.974+0300: 611.184: Application time: 0.1742776 seconds
2024-10-09T21:26:41.974+0300: 611.184: [GC (Allocation Failure) 2024-10-09T21:26:41.974+0300: 611.184: [ParNew: 457882K->51072K(460096K), 0.0240777 secs] 1328426K->936061K(4143232K), 0.0241633 secs] [Times: user=0.03 sys=0.00, real=0.03 secs] 
2024-10-09T21:26:42.005+0300: 611.209: Total time for which application threads were stopped: 0.0244303 seconds, Stopping threads took: 0.0001446 seconds
2024-10-09T21:26:42.178+0300: 611.388: Application time: 0.1790140 seconds
2024-10-09T21:26:42.178+0300: 611.388: [GC (Allocation Failure) 2024-10-09T21:26:42.178+0300: 611.388: [ParNew: 460096K->51072K(460096K), 0.0238867 secs] 1345085K->947741K(4143232K), 0.0239660 secs] [Times: user=0.03 sys=0.00, real=0.02 secs] 
2024-10-09T21:26:42.194+0300: 611.412: Total time for which application threads were stopped: 0.0242477 seconds, Stopping threads took: 0.0001493 seconds
2024-10-09T21:26:42.367+0300: 611.581: Application time: 0.1690767 seconds
2024-10-09T21:26:42.367+0300: 611.581: [GC (Allocation Failure) 2024-10-09T21:26:42.367+0300: 611.581: [ParNew: 460096K->51072K(460096K), 0.0269072 secs] 1356765K->968660K(4143232K), 0.0270013 secs] [Times: user=0.03 sys=0.00, real=0.03 secs] 
2024-10-09T21:26:42.398+0300: 611.608: Total time for which application threads were stopped: 0.0272716 seconds, Stopping threads took: 0.0001384 seconds
2024-10-09T21:26:42.571+0300: 611.782: Application time: 0.1738519 seconds
2024-10-09T21:26:42.571+0300: 611.782: [GC (Allocation Failure) 2024-10-09T21:26:42.571+0300: 611.782: [ParNew: 460096K->51072K(460096K), 0.0265463 secs] 1377684K->989393K(4143232K), 0.0266461 secs] [Times: user=0.05 sys=0.00, real=0.03 secs] 
2024-10-09T21:26:42.602+0300: 611.809: Total time for which application threads were stopped: 0.0269439 seconds, Stopping threads took: 0.0001359 seconds
2024-10-09T21:26:42.775+0300: 611.985: Application time: 0.1758178 seconds
2024-10-09T21:26:42.775+0300: 611.985: [GC (Allocation Failure) 2024-10-09T21:26:42.775+0300: 611.985: [ParNew: 460096K->51072K(460096K), 0.0242043 secs] 1398417K->1004273K(4143232K), 0.0242917 secs] [Times: user=0.01 sys=0.00, real=0.02 secs] 
2024-10-09T21:26:42.806+0300: 612.009: Total time for which application threads were stopped: 0.0245598 seconds, Stopping threads took: 0.0001343 seconds
2024-10-09T21:26:42.979+0300: 612.193: Application time: 0.1835287 seconds
2024-10-09T21:26:42.979+0300: 612.193: [GC (Allocation Failure) 2024-10-09T21:26:42.979+0300: 612.193: [ParNew: 460096K->51072K(460096K), 0.0258459 secs] 1413297K->1020223K(4143232K), 0.0259406 secs] [Times: user=0.03 sys=0.00, real=0.03 secs] 
2024-10-09T21:26:43.010+0300: 612.219: Total time for which application threads were stopped: 0.0262411 seconds, Stopping threads took: 0.0001670 seconds
2024-10-09T21:26:43.183+0300: 612.391: Application time: 0.1714746 seconds
2024-10-09T21:26:43.183+0300: 612.391: [GC (Allocation Failure) 2024-10-09T21:26:43.183+0300: 612.391: [ParNew: 460096K->50615K(460096K), 0.0312365 secs] 1429247K->1047357K(4143232K), 0.0313204 secs] [Times: user=0.02 sys=0.00, real=0.03 secs] 
2024-10-09T21:26:43.214+0300: 612.422: Total time for which application threads were stopped: 0.0315983 seconds, Stopping threads took: 0.0001506 seconds
2024-10-09T21:26:43.387+0300: 612.593: Application time: 0.1710889 seconds
2024-10-09T21:26:43.387+0300: 612.594: [GC (Allocation Failure) 2024-10-09T21:26:43.387+0300: 612.594: [ParNew: 459639K->51072K(460096K), 0.0233356 secs] 1456381K->1061713K(4143232K), 0.0234260 secs] [Times: user=0.02 sys=0.00, real=0.02 secs] 
2024-10-09T21:26:43.403+0300: 612.617: Total time for which application threads were stopped: 0.0236804 seconds, Stopping threads took: 0.0001179 seconds
2024-10-09T21:26:43.591+0300: 612.808: Application time: 0.1909564 seconds
2024-10-09T21:26:43.591+0300: 612.808: [GC (Allocation Failure) 2024-10-09T21:26:43.591+0300: 612.808: [ParNew: 460096K->51072K(460096K), 0.0306692 secs] 1470737K->1086837K(4143232K), 0.0307633 secs] [Times: user=0.06 sys=0.00, real=0.03 secs] 
2024-10-09T21:26:43.622+0300: 612.839: Total time for which application threads were stopped: 0.0310597 seconds, Stopping threads took: 0.0001526 seconds
2024-10-09T21:26:43.811+0300: 613.021: Application time: 0.1821617 seconds
2024-10-09T21:26:43.811+0300: 613.021: [GC (Allocation Failure) 2024-10-09T21:26:43.811+0300: 613.021: [ParNew: 460096K->51072K(460096K), 0.0247940 secs] 1495861K->1102475K(4143232K), 0.0248861 secs] [Times: user=0.03 sys=0.00, real=0.03 secs] 
2024-10-09T21:26:43.842+0300: 613.046: Total time for which application threads were stopped: 0.0251919 seconds, Stopping threads took: 0.0001680 seconds
2024-10-09T21:26:43.999+0300: 613.214: Application time: 0.1674940 seconds
2024-10-09T21:26:43.999+0300: 613.214: [GC (Allocation Failure) 2024-10-09T21:26:43.999+0300: 613.214: [ParNew: 460096K->51072K(460096K), 0.0263122 secs] 1511499K->1119619K(4143232K), 0.0264067 secs] [Times: user=0.02 sys=0.00, real=0.03 secs] 
2024-10-09T21:26:44.031+0300: 613.241: Total time for which application threads were stopped: 0.0266908 seconds, Stopping threads took: 0.0001522 seconds
2024-10-09T21:26:44.203+0300: 613.421: Application time: 0.1803259 seconds
2024-10-09T21:26:44.203+0300: 613.421: [GC (Allocation Failure) 2024-10-09T21:26:44.203+0300: 613.421: [ParNew: 460096K->51071K(460096K), 0.0233455 secs] 1528643K->1134772K(4143232K), 0.0234271 secs] [Times: user=0.03 sys=0.00, real=0.03 secs] 
2024-10-09T21:26:44.235+0300: 613.445: Total time for which application threads were stopped: 0.0237058 seconds, Stopping threads took: 0.0001524 seconds
2024-10-09T21:26:44.407+0300: 613.624: Application time: 0.1798588 seconds
2024-10-09T21:26:44.407+0300: 613.625: [GC (Allocation Failure) 2024-10-09T21:26:44.407+0300: 613.625: [ParNew: 460095K->51072K(460096K), 0.0251759 secs] 1543796K->1151112K(4143232K), 0.0252692 secs] [Times: user=0.03 sys=0.00, real=0.03 secs] 
2024-10-09T21:26:44.438+0300: 613.650: Total time for which application threads were stopped: 0.0255601 seconds, Stopping threads took: 0.0001458 seconds
2024-10-09T21:26:44.611+0300: 613.826: Application time: 0.1759898 seconds
2024-10-09T21:26:44.611+0300: 613.826: [GC (Allocation Failure) 2024-10-09T21:26:44.611+0300: 613.826: [ParNew: 460096K->51072K(460096K), 0.0261672 secs] 1560136K->1166851K(4143232K), 0.0262619 secs] [Times: user=0.09 sys=0.00, real=0.03 secs] 
2024-10-09T21:26:44.643+0300: 613.853: Total time for which application threads were stopped: 0.0265446 seconds, Stopping threads took: 0.0001446 seconds
2024-10-09T21:26:44.815+0300: 614.032: Application time: 0.1789700 seconds
2024-10-09T21:26:44.815+0300: 614.032: [GC (Allocation Failure) 2024-10-09T21:26:44.815+0300: 614.032: [ParNew: 460096K->51072K(460096K), 0.0260854 secs] 1575875K->1182716K(4143232K), 0.0261744 secs] [Times: user=0.05 sys=0.00, real=0.03 secs] 
2024-10-09T21:26:44.847+0300: 614.058: Total time for which application threads were stopped: 0.0264734 seconds, Stopping threads took: 0.0001665 seconds
2024-10-09T21:26:45.029+0300: 614.233: Application time: 0.1750290 seconds
2024-10-09T21:26:45.030+0300: 614.233: [GC (Allocation Failure) 2024-10-09T21:26:45.030+0300: 614.233: [ParNew: 460096K->44172K(460096K), 0.0302964 secs] 1591740K->1200834K(4143232K), 0.0303957 secs] [Times: user=0.03 sys=0.00, real=0.02 secs] 
2024-10-09T21:26:45.051+0300: 614.264: Total time for which application threads were stopped: 0.0307562 seconds, Stopping threads took: 0.0001303 seconds
2024-10-09T21:26:45.240+0300: 614.449: Application time: 0.1847523 seconds
2024-10-09T21:26:45.240+0300: 614.449: [GC (Allocation Failure) 2024-10-09T21:26:45.240+0300: 614.449: [ParNew: 453196K->51072K(460096K), 0.0248122 secs] 1609858K->1221046K(4143232K), 0.0249153 secs] [Times: user=0.22 sys=0.00, real=0.02 secs] 
2024-10-09T21:26:45.262+0300: 614.474: Total time for which application threads were stopped: 0.0252187 seconds, Stopping threads took: 0.0001489 seconds
2024-10-09T21:26:45.428+0300: 614.647: Application time: 0.1730503 seconds
2024-10-09T21:26:45.444+0300: 614.647: [GC (Allocation Failure) 2024-10-09T21:26:45.444+0300: 614.647: [ParNew: 460096K->51072K(460096K), 0.0269371 secs] 1630070K->1240394K(4143232K), 0.0270382 secs] [Times: user=0.05 sys=0.00, real=0.02 secs] 
2024-10-09T21:26:45.462+0300: 614.674: Total time for which application threads were stopped: 0.0273495 seconds, Stopping threads took: 0.0001604 seconds
2024-10-09T21:26:45.648+0300: 614.858: Application time: 0.1833949 seconds
2024-10-09T21:26:45.648+0300: 614.858: [GC (Allocation Failure) 2024-10-09T21:26:45.648+0300: 614.858: [ParNew: 460096K->51072K(460096K), 0.0296077 secs] 1649418K->1264405K(4143232K), 0.0297004 secs] [Times: user=0.06 sys=0.00, real=0.03 secs] 
2024-10-09T21:26:45.679+0300: 614.888: Total time for which application threads were stopped: 0.0300065 seconds, Stopping threads took: 0.0001510 seconds
2024-10-09T21:26:45.868+0300: 615.072: Application time: 0.1848641 seconds
2024-10-09T21:26:45.868+0300: 615.073: [GC (Allocation Failure) 2024-10-09T21:26:45.868+0300: 615.073: [ParNew: 460096K->51072K(460096K), 0.0243855 secs] 1673429K->1278308K(4143232K), 0.0244684 secs] [Times: user=0.01 sys=0.00, real=0.01 secs] 
2024-10-09T21:26:45.883+0300: 615.097: Total time for which application threads were stopped: 0.0247490 seconds, Stopping threads took: 0.0001581 seconds
2024-10-09T21:26:46.064+0300: 615.270: Application time: 0.1724166 seconds
2024-10-09T21:26:46.064+0300: 615.270: [GC (Allocation Failure) 2024-10-09T21:26:46.064+0300: 615.270: [ParNew: 460096K->51072K(460096K), 0.0263111 secs] 1687332K->1295064K(4143232K), 0.0263954 secs] [Times: user=0.03 sys=0.00, real=0.02 secs] 
2024-10-09T21:26:46.087+0300: 615.296: Total time for which application threads were stopped: 0.0266695 seconds, Stopping threads took: 0.0001511 seconds
2024-10-09T21:26:46.264+0300: 615.471: Application time: 0.1744217 seconds
2024-10-09T21:26:46.264+0300: 615.471: [GC (Allocation Failure) 2024-10-09T21:26:46.264+0300: 615.471: [ParNew: 460096K->51072K(460096K), 0.0291402 secs] 1704088K->1320094K(4143232K), 0.0292283 secs] [Times: user=0.03 sys=0.00, real=0.03 secs] 
2024-10-09T21:26:46.292+0300: 615.500: Total time for which application threads were stopped: 0.0295088 seconds, Stopping threads took: 0.0001549 seconds
2024-10-09T21:26:46.464+0300: 615.679: Application time: 0.1789023 seconds
2024-10-09T21:26:46.464+0300: 615.679: [GC (Allocation Failure) 2024-10-09T21:26:46.464+0300: 615.679: [ParNew: 460096K->51072K(460096K), 0.0275137 secs] 1729118K->1338699K(4143232K), 0.0276627 secs] [Times: user=0.03 sys=0.00, real=0.03 secs] 
2024-10-09T21:26:46.496+0300: 615.707: Total time for which application threads were stopped: 0.0279297 seconds, Stopping threads took: 0.0001395 seconds
2024-10-09T21:26:46.668+0300: 615.883: Application time: 0.1762340 seconds
2024-10-09T21:26:46.668+0300: 615.884: [GC (Allocation Failure) 2024-10-09T21:26:46.668+0300: 615.884: [ParNew: 460096K->51072K(460096K), 0.0295592 secs] 1747723K->1363256K(4143232K), 0.0296467 secs] [Times: user=0.05 sys=0.00, real=0.03 secs] 
2024-10-09T21:26:46.700+0300: 615.913: Total time for which application threads were stopped: 0.0299209 seconds, Stopping threads took: 0.0001505 seconds
2024-10-09T21:26:46.881+0300: 616.088: Application time: 0.1743415 seconds
2024-10-09T21:26:46.881+0300: 616.088: [GC (Allocation Failure) 2024-10-09T21:26:46.881+0300: 616.088: [ParNew: 460096K->50639K(460096K), 0.0254258 secs] 1772280K->1381356K(4143232K), 0.0255146 secs] [Times: user=0.03 sys=0.00, real=0.02 secs] 
2024-10-09T21:26:46.904+0300: 616.113: Total time for which application threads were stopped: 0.0258239 seconds, Stopping threads took: 0.0001631 seconds
2024-10-09T21:26:47.076+0300: 616.289: Application time: 0.1758693 seconds
2024-10-09T21:26:47.076+0300: 616.290: [GC (Allocation Failure) 2024-10-09T21:26:47.076+0300: 616.290: [ParNew: 459663K->51072K(460096K), 0.0240467 secs] 1790380K->1394515K(4143232K), 0.0241269 secs] [Times: user=0.03 sys=0.00, real=0.03 secs] 
2024-10-09T21:26:47.108+0300: 616.314: Total time for which application threads were stopped: 0.0244497 seconds, Stopping threads took: 0.0001853 seconds
2024-10-09T21:26:47.280+0300: 616.488: Application time: 0.1744242 seconds
2024-10-09T21:26:47.280+0300: 616.488: [GC (Allocation Failure) 2024-10-09T21:26:47.280+0300: 616.488: [ParNew: 460096K->51072K(460096K), 0.0306155 secs] 1803539K->1421482K(4143232K), 0.0307022 secs] [Times: user=0.03 sys=0.00, real=0.03 secs] 
2024-10-09T21:26:47.312+0300: 616.519: Total time for which application threads were stopped: 0.0309549 seconds, Stopping threads took: 0.0001303 seconds
2024-10-09T21:26:47.484+0300: 616.689: Application time: 0.1701779 seconds
2024-10-09T21:26:47.484+0300: 616.689: [GC (Allocation Failure) 2024-10-09T21:26:47.484+0300: 616.690: [ParNew: 460096K->47991K(460096K), 0.0296503 secs] 1830506K->1446697K(4143232K), 0.0297341 secs] [Times: user=0.03 sys=0.00, real=0.03 secs] 
2024-10-09T21:26:47.516+0300: 616.719: Total time for which application threads were stopped: 0.0300099 seconds, Stopping threads took: 0.0001521 seconds
2024-10-09T21:26:47.688+0300: 616.901: Application time: 0.1817022 seconds
2024-10-09T21:26:47.688+0300: 616.901: [GC (Allocation Failure) 2024-10-09T21:26:47.688+0300: 616.901: [ParNew: 457015K->51072K(460096K), 0.0233348 secs] 1855721K->1462267K(4143232K), 0.0234360 secs] [Times: user=0.08 sys=0.00, real=0.03 secs] 
2024-10-09T21:26:47.720+0300: 616.925: Total time for which application threads were stopped: 0.0238071 seconds, Stopping threads took: 0.0002143 seconds
2024-10-09T21:26:47.892+0300: 617.102: Application time: 0.1772487 seconds
2024-10-09T21:26:47.892+0300: 617.102: [GC (Allocation Failure) 2024-10-09T21:26:47.892+0300: 617.102: [ParNew: 460096K->51072K(460096K), 0.0269006 secs] 1871291K->1483489K(4143232K), 0.0269908 secs] [Times: user=0.03 sys=0.00, real=0.03 secs] 
2024-10-09T21:26:47.924+0300: 617.129: Total time for which application threads were stopped: 0.0272961 seconds, Stopping threads took: 0.0001623 seconds
2024-10-09T21:26:48.097+0300: 617.304: Application time: 0.1744583 seconds
2024-10-09T21:26:48.097+0300: 617.304: [GC (Allocation Failure) 2024-10-09T21:26:48.097+0300: 617.304: [ParNew: 460096K->51072K(460096K), 0.0258554 secs] 1892513K->1504425K(4143232K), 0.0259500 secs] [Times: user=0.02 sys=0.00, real=0.02 secs] 
2024-10-09T21:26:48.112+0300: 617.330: Total time for which application threads were stopped: 0.0262319 seconds, Stopping threads took: 0.0001551 seconds
2024-10-09T21:26:48.301+0300: 617.506: Application time: 0.1755105 seconds
2024-10-09T21:26:48.301+0300: 617.506: [GC (Allocation Failure) 2024-10-09T21:26:48.301+0300: 617.506: [ParNew: 460096K->51072K(460096K), 0.0232811 secs] 1913449K->1515976K(4143232K), 0.0233648 secs] [Times: user=0.02 sys=0.00, real=0.02 secs] 
2024-10-09T21:26:48.325+0300: 617.529: Total time for which application threads were stopped: 0.0236161 seconds, Stopping threads took: 0.0001262 seconds
2024-10-09T21:26:48.490+0300: 617.699: Application time: 0.1698937 seconds
2024-10-09T21:26:48.490+0300: 617.699: [GC (Allocation Failure) 2024-10-09T21:26:48.490+0300: 617.699: [ParNew: 460096K->51072K(460096K), 0.0276963 secs] 1925000K->1539372K(4143232K), 0.0277807 secs] [Times: user=0.02 sys=0.00, real=0.03 secs] 
2024-10-09T21:26:48.521+0300: 617.727: Total time for which application threads were stopped: 0.0280653 seconds, Stopping threads took: 0.0001573 seconds
2024-10-09T21:26:48.694+0300: 617.904: Application time: 0.1769890 seconds
2024-10-09T21:26:48.694+0300: 617.904: [GC (Allocation Failure) 2024-10-09T21:26:48.694+0300: 617.904: [ParNew: 460096K->51072K(460096K), 0.0268951 secs] 1948396K->1560259K(4143232K), 0.0269851 secs] [Times: user=0.06 sys=0.00, real=0.03 secs] 
2024-10-09T21:26:48.726+0300: 617.931: Total time for which application threads were stopped: 0.0272807 seconds, Stopping threads took: 0.0001569 seconds
2024-10-09T21:26:48.898+0300: 618.112: Application time: 0.1810650 seconds
2024-10-09T21:26:48.898+0300: 618.113: [GC (Allocation Failure) 2024-10-09T21:26:48.898+0300: 618.113: [ParNew: 460096K->51072K(460096K), 0.0233824 secs] 1969283K->1573329K(4143232K), 0.0234741 secs] [Times: user=0.03 sys=0.00, real=0.03 secs] 
2024-10-09T21:26:48.930+0300: 618.136: Total time for which application threads were stopped: 0.0237899 seconds, Stopping threads took: 0.0001705 seconds
2024-10-09T21:26:49.102+0300: 618.310: Application time: 0.1741596 seconds
2024-10-09T21:26:49.102+0300: 618.311: [GC (Allocation Failure) 2024-10-09T21:26:49.102+0300: 618.311: [ParNew: 460096K->51072K(460096K), 0.0302328 secs] 1982353K->1595308K(4143232K), 0.0303195 secs] [Times: user=0.03 sys=0.00, real=0.03 secs] 
2024-10-09T21:26:49.134+0300: 618.341: Total time for which application threads were stopped: 0.0305658 seconds, Stopping threads took: 0.0001201 seconds
2024-10-09T21:26:49.291+0300: 618.508: Application time: 0.1665218 seconds
2024-10-09T21:26:49.291+0300: 618.508: [GC (Allocation Failure) 2024-10-09T21:26:49.291+0300: 618.508: [ParNew: 460096K->40950K(460096K), 0.0311237 secs] 2004332K->1615837K(4143232K), 0.0312120 secs] [Times: user=0.03 sys=0.00, real=0.03 secs] 
2024-10-09T21:26:49.322+0300: 618.539: Total time for which application threads were stopped: 0.0314594 seconds, Stopping threads took: 0.0001244 seconds
2024-10-09T21:26:49.511+0300: 618.715: Application time: 0.1762077 seconds
2024-10-09T21:26:49.511+0300: 618.715: [GC (Allocation Failure) 2024-10-09T21:26:49.511+0300: 618.715: [ParNew: 449974K->51072K(460096K), 0.0211699 secs] 2024861K->1634167K(4143232K), 0.0212549 secs] [Times: user=0.03 sys=0.00, real=0.02 secs] 
2024-10-09T21:26:49.526+0300: 618.737: Total time for which application threads were stopped: 0.0215199 seconds, Stopping threads took: 0.0001353 seconds
2024-10-09T21:26:49.715+0300: 618.922: Application time: 0.1849615 seconds
2024-10-09T21:26:49.715+0300: 618.922: [GC (Allocation Failure) 2024-10-09T21:26:49.715+0300: 618.922: [ParNew: 460096K->51072K(460096K), 0.0255022 secs] 2043191K->1649241K(4143232K), 0.0255929 secs] [Times: user=0.02 sys=0.00, real=0.02 secs] 
2024-10-09T21:26:49.730+0300: 618.948: Total time for which application threads were stopped: 0.0258653 seconds, Stopping threads took: 0.0001427 seconds
2024-10-09T21:26:49.903+0300: 619.114: Application time: 0.1666692 seconds
2024-10-09T21:26:49.903+0300: 619.114: [GC (Allocation Failure) 2024-10-09T21:26:49.903+0300: 619.115: [ParNew: 460096K->51072K(460096K), 0.0312427 secs] 2058265K->1679671K(4143232K), 0.0313884 secs] [Times: user=0.03 sys=0.00, real=0.03 secs] 
2024-10-09T21:26:49.934+0300: 619.146: Total time for which application threads were stopped: 0.0316482 seconds, Stopping threads took: 0.0001340 seconds
2024-10-09T21:26:50.107+0300: 619.325: Application time: 0.1793819 seconds
2024-10-09T21:26:50.122+0300: 619.325: [GC (Allocation Failure) 2024-10-09T21:26:50.122+0300: 619.326: [ParNew: 460096K->51072K(460096K), 0.0243111 secs] 2088695K->1694519K(4143232K), 0.0244075 secs] [Times: user=0.02 sys=0.00, real=0.02 secs] 
2024-10-09T21:26:50.138+0300: 619.350: Total time for which application threads were stopped: 0.0247001 seconds, Stopping threads took: 0.0001690 seconds
2024-10-09T21:26:50.326+0300: 619.533: Application time: 0.1834995 seconds
2024-10-09T21:26:50.326+0300: 619.534: [GC (Allocation Failure) 2024-10-09T21:26:50.326+0300: 619.534: [ParNew: 460096K->51072K(460096K), 0.0308152 secs] 2103543K->1718189K(4143232K), 0.0309015 secs] [Times: user=0.03 sys=0.00, real=0.03 secs] 
2024-10-09T21:26:50.358+0300: 619.565: Total time for which application threads were stopped: 0.0311533 seconds, Stopping threads took: 0.0001330 seconds
2024-10-09T21:26:50.515+0300: 619.730: Application time: 0.1650369 seconds
2024-10-09T21:26:50.515+0300: 619.730: [GC (Allocation Failure) 2024-10-09T21:26:50.515+0300: 619.730: [ParNew: 460096K->47169K(460096K), 0.0306264 secs] 2127213K->1741093K(4143232K), 0.0307154 secs] [Times: user=0.03 sys=0.00, real=0.04 secs] 
2024-10-09T21:26:50.558+0300: 619.761: Total time for which application threads were stopped: 0.0310101 seconds, Stopping threads took: 0.0001723 seconds
2024-10-09T21:26:50.734+0300: 619.944: Application time: 0.1835554 seconds
2024-10-09T21:26:50.734+0300: 619.944: [GC (Allocation Failure) 2024-10-09T21:26:50.734+0300: 619.945: [ParNew: 456193K->43927K(460096K), 0.0268826 secs] 2150117K->1762381K(4143232K), 0.0269670 secs] [Times: user=0.02 sys=0.00, real=0.03 secs] 
2024-10-09T21:26:50.766+0300: 619.971: Total time for which application threads were stopped: 0.0272788 seconds, Stopping threads took: 0.0001724 seconds
2024-10-09T21:26:50.938+0300: 620.154: Application time: 0.1827895 seconds
2024-10-09T21:26:50.938+0300: 620.155: [GC (Allocation Failure) 2024-10-09T21:26:50.938+0300: 620.155: [ParNew: 452951K->51072K(460096K), 0.0253594 secs] 2171405K->1781940K(4143232K), 0.0254499 secs] [Times: user=0.03 sys=0.00, real=0.04 secs] 
2024-10-09T21:26:50.974+0300: 620.180: Total time for which application threads were stopped: 0.0257720 seconds, Stopping threads took: 0.0001784 seconds
2024-10-09T21:26:51.143+0300: 620.349: Application time: 0.1694349 seconds
2024-10-09T21:26:51.143+0300: 620.350: [GC (Allocation Failure) 2024-10-09T21:26:51.143+0300: 620.350: [ParNew: 460096K->51072K(460096K), 0.0281288 secs] 2190964K->1803800K(4143232K), 0.0282324 secs] [Times: user=0.03 sys=0.00, real=0.03 secs] 
2024-10-09T21:26:51.174+0300: 620.378: Total time for which application threads were stopped: 0.0285117 seconds, Stopping threads took: 0.0001391 seconds
2024-10-09T21:26:51.346+0300: 620.552: Application time: 0.1740274 seconds
2024-10-09T21:26:51.346+0300: 620.552: [GC (Allocation Failure) 2024-10-09T21:26:51.346+0300: 620.552: [ParNew: 460096K->50818K(460096K), 0.0265392 secs] 2212824K->1827034K(4143232K), 0.0266200 secs] [Times: user=0.03 sys=0.00, real=0.03 secs] 
2024-10-09T21:26:51.375+0300: 620.579: Total time for which application threads were stopped: 0.0268602 seconds, Stopping threads took: 0.0001243 seconds
2024-10-09T21:26:51.550+0300: 620.763: Application time: 0.1840311 seconds
2024-10-09T21:26:51.550+0300: 620.763: [GC (Allocation Failure) 2024-10-09T21:26:51.550+0300: 620.763: [ParNew: 459842K->51072K(460096K), 0.0267154 secs] 2236058K->1842226K(4143232K), 0.0268016 secs] [Times: user=0.03 sys=0.00, real=0.03 secs] 
2024-10-09T21:26:51.582+0300: 620.790: Total time for which application threads were stopped: 0.0271308 seconds, Stopping threads took: 0.0001306 seconds
2024-10-09T21:26:51.754+0300: 620.964: Application time: 0.1740813 seconds
2024-10-09T21:26:51.754+0300: 620.964: [GC (Allocation Failure) 2024-10-09T21:26:51.754+0300: 620.964: [ParNew: 460096K->51072K(460096K), 0.0269426 secs] 2251250K->1860013K(4143232K), 0.0270295 secs] [Times: user=0.03 sys=0.00, real=0.03 secs] 
2024-10-09T21:26:51.785+0300: 620.991: Total time for which application threads were stopped: 0.0273275 seconds, Stopping threads took: 0.0001723 seconds
2024-10-09T21:26:51.958+0300: 621.164: Application time: 0.1727838 seconds
2024-10-09T21:26:51.958+0300: 621.164: [GC (Allocation Failure) 2024-10-09T21:26:51.958+0300: 621.165: [ParNew: 460096K->46361K(460096K), 0.0274192 secs] 2269037K->1878283K(4143232K), 0.0275026 secs] [Times: user=0.02 sys=0.00, real=0.02 secs] 
2024-10-09T21:26:51.976+0300: 621.192: Total time for which application threads were stopped: 0.0277679 seconds, Stopping threads took: 0.0001438 seconds
2024-10-09T21:26:52.162+0300: 621.375: Application time: 0.1828401 seconds
2024-10-09T21:26:52.162+0300: 621.375: [GC (Allocation Failure) 2024-10-09T21:26:52.162+0300: 621.375: [ParNew: 455385K->51072K(460096K), 0.0261124 secs] 2287307K->1901340K(4143232K), 0.0262088 secs] [Times: user=0.03 sys=0.00, real=0.03 secs] 
2024-10-09T21:26:52.194+0300: 621.401: Total time for which application threads were stopped: 0.0265140 seconds, Stopping threads took: 0.0001608 seconds
2024-10-09T21:26:52.366+0300: 621.570: Application time: 0.1681628 seconds
2024-10-09T21:26:52.366+0300: 621.570: [GC (Allocation Failure) 2024-10-09T21:26:52.366+0300: 621.570: [ParNew: 460096K->48363K(460096K), 0.0293874 secs] 2310364K->1922747K(4143232K), 0.0294750 secs] [Times: user=0.02 sys=0.00, real=0.02 secs] 
2024-10-09T21:26:52.382+0300: 621.599: Total time for which application threads were stopped: 0.0297378 seconds, Stopping threads took: 0.0001371 seconds
2024-10-09T21:26:52.570+0300: 621.780: Application time: 0.1803148 seconds
2024-10-09T21:26:52.570+0300: 621.780: [GC (Allocation Failure) 2024-10-09T21:26:52.570+0300: 621.780: [ParNew: 457387K->50605K(460096K), 0.0267751 secs] 2331771K->1945092K(4143232K), 0.0268670 secs] [Times: user=0.03 sys=0.00, real=0.03 secs] 
2024-10-09T21:26:52.602+0300: 621.807: Total time for which application threads were stopped: 0.0271288 seconds, Stopping threads took: 0.0001300 seconds
2024-10-09T21:26:52.778+0300: 621.985: Application time: 0.1785342 seconds
2024-10-09T21:26:52.778+0300: 621.985: [GC (Allocation Failure) 2024-10-09T21:26:52.778+0300: 621.986: [ParNew: 459629K->51072K(460096K), 0.0248355 secs] 2354116K->1961753K(4143232K), 0.0249242 secs] [Times: user=0.02 sys=0.00, real=0.03 secs] 
2024-10-09T21:26:52.806+0300: 622.010: Total time for which application threads were stopped: 0.0251626 seconds, Stopping threads took: 0.0001155 seconds
2024-10-09T21:26:52.962+0300: 622.179: Application time: 0.1683737 seconds
2024-10-09T21:26:52.962+0300: 622.179: [GC (Allocation Failure) 2024-10-09T21:26:52.962+0300: 622.179: [ParNew: 460096K->48895K(460096K), 0.0270975 secs] 2370777K->1977801K(4143232K), 0.0271865 secs] [Times: user=0.06 sys=0.00, real=0.03 secs] 
2024-10-09T21:26:52.994+0300: 622.206: Total time for which application threads were stopped: 0.0274772 seconds, Stopping threads took: 0.0001662 seconds
2024-10-09T21:26:53.182+0300: 622.390: Application time: 0.1839329 seconds
2024-10-09T21:26:53.182+0300: 622.390: [GC (Allocation Failure) 2024-10-09T21:26:53.182+0300: 622.390: [ParNew: 457919K->49409K(460096K), 0.0243430 secs] 2386825K->1994674K(4143232K), 0.0244239 secs] [Times: user=0.01 sys=0.00, real=0.02 secs] 
2024-10-09T21:26:53.198+0300: 622.415: Total time for which application threads were stopped: 0.0246880 seconds, Stopping threads took: 0.0001467 seconds
2024-10-09T21:26:53.380+0300: 622.588: Application time: 0.1726730 seconds
2024-10-09T21:26:53.380+0300: 622.588: [GC (Allocation Failure) 2024-10-09T21:26:53.380+0300: 622.588: [ParNew: 458433K->51072K(460096K), 0.0279504 secs] 2403698K->2015975K(4143232K), 0.0281286 secs] [Times: user=0.06 sys=0.00, real=0.02 secs] 
2024-10-09T21:26:53.402+0300: 622.616: Total time for which application threads were stopped: 0.0284211 seconds, Stopping threads took: 0.0001598 seconds
2024-10-09T21:26:53.580+0300: 622.790: Application time: 0.1743992 seconds
2024-10-09T21:26:53.580+0300: 622.791: [GC (Allocation Failure) 2024-10-09T21:26:53.580+0300: 622.791: [ParNew: 460096K->39708K(460096K), 0.0269891 secs] 2424999K->2026014K(4143232K), 0.0270912 secs] [Times: user=0.05 sys=0.00, real=0.03 secs] 
2024-10-09T21:26:53.605+0300: 622.818: Total time for which application threads were stopped: 0.0273958 seconds, Stopping threads took: 0.0001367 seconds
2024-10-09T21:26:53.794+0300: 623.009: Application time: 0.1916516 seconds
2024-10-09T21:26:53.794+0300: 623.010: [GC (Allocation Failure) 2024-10-09T21:26:53.794+0300: 623.010: [ParNew: 448732K->51072K(460096K), 0.0275827 secs] 2435038K->2053559K(4143232K), 0.0276776 secs] [Times: user=0.03 sys=0.00, real=0.03 secs] 
2024-10-09T21:26:53.825+0300: 623.037: Total time for which application threads were stopped: 0.0279755 seconds, Stopping threads took: 0.0001686 seconds
2024-10-09T21:26:53.998+0300: 623.209: Application time: 0.1711374 seconds
2024-10-09T21:26:53.998+0300: 623.209: [GC (Allocation Failure) 2024-10-09T21:26:53.998+0300: 623.209: [ParNew: 460096K->51072K(460096K), 0.0334238 secs] 2462583K->2082601K(4143232K), 0.0335106 secs] [Times: user=0.03 sys=0.00, real=0.03 secs] 
2024-10-09T21:26:54.029+0300: 623.242: Total time for which application threads were stopped: 0.0337804 seconds, Stopping threads took: 0.0001475 seconds
2024-10-09T21:26:54.202+0300: 623.413: Application time: 0.1710376 seconds
2024-10-09T21:26:54.202+0300: 623.414: [GC (Allocation Failure) 2024-10-09T21:26:54.202+0300: 623.414: [ParNew: 460096K->40425K(460096K), 0.0283927 secs] 2491625K->2100937K(4143232K), 0.0284816 secs] [Times: user=0.03 sys=0.00, real=0.03 secs] 
2024-10-09T21:26:54.233+0300: 623.442: Total time for which application threads were stopped: 0.0287770 seconds, Stopping threads took: 0.0001714 seconds
2024-10-09T21:26:54.422+0300: 623.632: Application time: 0.1897199 seconds
2024-10-09T21:26:54.422+0300: 623.632: [GC (Allocation Failure) 2024-10-09T21:26:54.422+0300: 623.632: [ParNew: 449449K->51033K(460096K), 0.0239227 secs] 2509961K->2124760K(4143232K), 0.0240147 secs] [Times: user=0.03 sys=0.00, real=0.02 secs] 
2024-10-09T21:26:54.438+0300: 623.656: Total time for which application threads were stopped: 0.0242851 seconds, Stopping threads took: 0.0001368 seconds
2024-10-09T21:26:54.626+0300: 623.835: Application time: 0.1788921 seconds
2024-10-09T21:26:54.626+0300: 623.835: [GC (Allocation Failure) 2024-10-09T21:26:54.626+0300: 623.835: [ParNew: 460057K->51072K(460096K), 0.0250840 secs] 2533784K->2136986K(4143232K), 0.0251821 secs] [Times: user=0.06 sys=0.00, real=0.03 secs] 
2024-10-09T21:26:54.657+0300: 623.861: Total time for which application threads were stopped: 0.0255454 seconds, Stopping threads took: 0.0001916 seconds
2024-10-09T21:26:54.814+0300: 624.027: Application time: 0.1668468 seconds
2024-10-09T21:26:54.814+0300: 624.028: [GC (Allocation Failure) 2024-10-09T21:26:54.814+0300: 624.028: [ParNew: 460096K->46681K(460096K), 0.0292298 secs] 2546010K->2161966K(4143232K), 0.0293182 secs] [Times: user=0.03 sys=0.00, real=0.03 secs] 
2024-10-09T21:26:54.845+0300: 624.057: Total time for which application threads were stopped: 0.0295753 seconds, Stopping threads took: 0.0001339 seconds
2024-10-09T21:26:55.034+0300: 624.245: Application time: 0.1883301 seconds
2024-10-09T21:26:55.034+0300: 624.246: [GC (Allocation Failure) 2024-10-09T21:26:55.034+0300: 624.246: [ParNew: 455705K->51072K(460096K), 0.0241213 secs] 2570990K->2180844K(4143232K), 0.0241985 secs] [Times: user=0.03 sys=0.00, real=0.03 secs] 
2024-10-09T21:26:55.065+0300: 624.270: Total time for which application threads were stopped: 0.0244413 seconds, Stopping threads took: 0.0001225 seconds
2024-10-09T21:26:55.269+0300: 624.486: Application time: 0.2156794 seconds
2024-10-09T21:26:55.269+0300: 624.486: [GC (Allocation Failure) 2024-10-09T21:26:55.269+0300: 624.486: [ParNew: 460096K->51072K(460096K), 0.0262798 secs] 2589868K->2195498K(4143232K), 0.0264646 secs] [Times: user=0.19 sys=0.00, real=0.03 secs] 
2024-10-09T21:26:55.300+0300: 624.512: Total time for which application threads were stopped: 0.0267822 seconds, Stopping threads took: 0.0001448 seconds
2024-10-09T21:26:55.488+0300: 624.698: Application time: 0.1854373 seconds
2024-10-09T21:26:55.488+0300: 624.699: [GC (Allocation Failure) 2024-10-09T21:26:55.488+0300: 624.699: [ParNew: 460096K->51072K(460096K), 0.0317967 secs] 2604522K->2220123K(4143232K), 0.0318957 secs] [Times: user=0.09 sys=0.00, real=0.03 secs] 
2024-10-09T21:26:55.519+0300: 624.731: Total time for which application threads were stopped: 0.0330219 seconds, Stopping threads took: 0.0009653 seconds
2024-10-09T21:26:55.739+0300: 624.945: Application time: 0.2145120 seconds
2024-10-09T21:26:55.739+0300: 624.947: [GC (Allocation Failure) 2024-10-09T21:26:55.746+0300: 624.949: [ParNew: 460096K->50375K(460096K), 0.0299481 secs] 2629147K->2245940K(4143232K), 0.0315724 secs] [Times: user=0.09 sys=0.00, real=0.03 secs] 
2024-10-09T21:26:55.771+0300: 624.979: Total time for which application threads were stopped: 0.0338021 seconds, Stopping threads took: 0.0020605 seconds
2024-10-09T21:26:55.985+0300: 625.189: Application time: 0.2103753 seconds
2024-10-09T21:26:55.985+0300: 625.190: [GC (Allocation Failure) 2024-10-09T21:26:55.985+0300: 625.190: [ParNew: 459399K->51072K(460096K), 0.0238285 secs] 2654964K->2257641K(4143232K), 0.0239358 secs] [Times: user=0.16 sys=0.00, real=0.02 secs] 
2024-10-09T21:26:56.007+0300: 625.214: Total time for which application threads were stopped: 0.0242362 seconds, Stopping threads took: 0.0001214 seconds
2024-10-09T21:26:56.195+0300: 625.412: Application time: 0.1978627 seconds
2024-10-09T21:26:56.195+0300: 625.413: [GC (Allocation Failure) 2024-10-09T21:26:56.195+0300: 625.413: [ParNew: 460096K->51072K(460096K), 0.0245012 secs] 2666665K->2271138K(4143232K), 0.0246047 secs] [Times: user=0.12 sys=0.00, real=0.03 secs] 
2024-10-09T21:26:56.226+0300: 625.438: Total time for which application threads were stopped: 0.0262559 seconds, Stopping threads took: 0.0014884 seconds
2024-10-09T21:26:56.399+0300: 625.610: Application time: 0.1717971 seconds
2024-10-09T21:26:56.399+0300: 625.612: [GC (Allocation Failure) 2024-10-09T21:26:56.399+0300: 625.612: [ParNew: 460096K->51072K(460096K), 0.0256574 secs] 2680162K->2291107K(4143232K), 0.0257681 secs] [Times: user=0.17 sys=0.00, real=0.03 secs] 
2024-10-09T21:26:56.430+0300: 625.638: Total time for which application threads were stopped: 0.0280583 seconds, Stopping threads took: 0.0021251 seconds
2024-10-09T21:26:56.619+0300: 625.826: Application time: 0.1886172 seconds
2024-10-09T21:26:56.619+0300: 625.827: [GC (Allocation Failure) 2024-10-09T21:26:56.619+0300: 625.827: [ParNew: 460096K->51072K(460096K), 0.0246876 secs] 2700131K->2303298K(4143232K), 0.0247795 secs] [Times: user=0.08 sys=0.00, real=0.02 secs] 
2024-10-09T21:26:56.634+0300: 625.851: Total time for which application threads were stopped: 0.0250619 seconds, Stopping threads took: 0.0001207 seconds
2024-10-09T21:26:56.823+0300: 626.028: Application time: 0.1764527 seconds
2024-10-09T21:26:56.823+0300: 626.028: [GC (Allocation Failure) 2024-10-09T21:26:56.823+0300: 626.028: [ParNew: 460096K->51072K(460096K), 0.0277807 secs] 2712322K->2320479K(4143232K), 0.0278614 secs] [Times: user=0.09 sys=0.00, real=0.02 secs] 
2024-10-09T21:26:56.838+0300: 626.056: Total time for which application threads were stopped: 0.0281613 seconds, Stopping threads took: 0.0001574 seconds
2024-10-09T21:26:57.027+0300: 626.242: Application time: 0.1856031 seconds
2024-10-09T21:26:57.027+0300: 626.242: [GC (Allocation Failure) 2024-10-09T21:26:57.027+0300: 626.242: [ParNew: 460096K->51072K(460096K), 0.0272360 secs] 2729503K->2344377K(4143232K), 0.0273917 secs] [Times: user=0.17 sys=0.00, real=0.03 secs] 
2024-10-09T21:26:57.058+0300: 626.269: Total time for which application threads were stopped: 0.0276828 seconds, Stopping threads took: 0.0001321 seconds
2024-10-09T21:26:57.246+0300: 626.452: Application time: 0.1832072 seconds
2024-10-09T21:26:57.246+0300: 626.453: [GC (Allocation Failure) 2024-10-09T21:26:57.246+0300: 626.453: [ParNew: 460096K->51072K(460096K), 0.0222032 secs] 2753401K->2351959K(4143232K), 0.0222840 secs] [Times: user=0.02 sys=0.00, real=0.02 secs] 
2024-10-09T21:26:57.262+0300: 626.475: Total time for which application threads were stopped: 0.0225732 seconds, Stopping threads took: 0.0001220 seconds
2024-10-09T21:26:57.435+0300: 626.650: Application time: 0.1746067 seconds
2024-10-09T21:26:57.435+0300: 626.650: [GC (Allocation Failure) 2024-10-09T21:26:57.435+0300: 626.650: [ParNew: 460096K->51072K(460096K), 0.0286111 secs] 2760983K->2374657K(4143232K), 0.0286844 secs] [Times: user=0.03 sys=0.00, real=0.03 secs] 
2024-10-09T21:26:57.466+0300: 626.679: Total time for which application threads were stopped: 0.0290116 seconds, Stopping threads took: 0.0001825 seconds
2024-10-09T21:26:57.639+0300: 626.846: Application time: 0.1672577 seconds
2024-10-09T21:26:57.639+0300: 626.846: [GC (Allocation Failure) 2024-10-09T21:26:57.639+0300: 626.846: [ParNew: 460096K->51072K(460096K), 0.0242592 secs] 2783681K->2392418K(4143232K), 0.0243489 secs] [Times: user=0.01 sys=0.00, real=0.02 secs] 
2024-10-09T21:26:57.655+0300: 626.871: Total time for which application threads were stopped: 0.0246025 seconds, Stopping threads took: 0.0001281 seconds
2024-10-09T21:26:57.843+0300: 627.053: Application time: 0.1827853 seconds
2024-10-09T21:26:57.843+0300: 627.054: [GC (Allocation Failure) 2024-10-09T21:26:57.843+0300: 627.054: [ParNew: 460096K->51072K(460096K), 0.0247508 secs] 2801442K->2406341K(4143232K), 0.0248308 secs] [Times: user=0.03 sys=0.00, real=0.03 secs] 
2024-10-09T21:26:57.874+0300: 627.078: Total time for which application threads were stopped: 0.0251303 seconds, Stopping threads took: 0.0001803 seconds
2024-10-09T21:26:58.047+0300: 627.252: Application time: 0.1739912 seconds
2024-10-09T21:26:58.047+0300: 627.253: [GC (Allocation Failure) 2024-10-09T21:26:58.047+0300: 627.253: [ParNew: 460096K->51072K(460096K), 0.0254907 secs] 2815365K->2423332K(4143232K), 0.0255729 secs] [Times: user=0.02 sys=0.00, real=0.02 secs] 
2024-10-09T21:26:58.063+0300: 627.278: Total time for which application threads were stopped: 0.0258467 seconds, Stopping threads took: 0.0001530 seconds
2024-10-09T21:26:58.236+0300: 627.450: Application time: 0.1716194 seconds
2024-10-09T21:26:58.236+0300: 627.450: [GC (Allocation Failure) 2024-10-09T21:26:58.236+0300: 627.450: [ParNew: 460096K->51072K(460096K), 0.0250859 secs] 2832356K->2442292K(4143232K), 0.0251837 secs] [Times: user=0.06 sys=0.00, real=0.03 secs] 
2024-10-09T21:26:58.267+0300: 627.475: Total time for which application threads were stopped: 0.0254727 seconds, Stopping threads took: 0.0001571 seconds
2024-10-09T21:26:58.456+0300: 627.660: Application time: 0.1842687 seconds
2024-10-09T21:26:58.456+0300: 627.660: [GC (Allocation Failure) 2024-10-09T21:26:58.456+0300: 627.660: [ParNew: 460096K->51072K(460096K), 0.0276073 secs] 2851316K->2462795K(4143232K), 0.0277014 secs] [Times: user=0.03 sys=0.00, real=0.01 secs] 
2024-10-09T21:26:58.471+0300: 627.688: Total time for which application threads were stopped: 0.0279666 seconds, Stopping threads took: 0.0001373 seconds
2024-10-09T21:26:58.660+0300: 627.868: Application time: 0.1798740 seconds
2024-10-09T21:26:58.660+0300: 627.868: [GC (Allocation Failure) 2024-10-09T21:26:58.660+0300: 627.868: [ParNew: 460096K->51072K(460096K), 0.0287682 secs] 2871819K->2484812K(4143232K), 0.0288735 secs] [Times: user=0.06 sys=0.00, real=0.03 secs] 
2024-10-09T21:26:58.691+0300: 627.897: Total time for which application threads were stopped: 0.0291957 seconds, Stopping threads took: 0.0001629 seconds
2024-10-09T21:26:58.864+0300: 628.072: Application time: 0.1756218 seconds
2024-10-09T21:26:58.864+0300: 628.073: [GC (Allocation Failure) 2024-10-09T21:26:58.864+0300: 628.073: [ParNew: 460096K->51072K(460096K), 0.0271467 secs] 2893836K->2505701K(4143232K), 0.0272832 secs] [Times: user=0.03 sys=0.00, real=0.03 secs] 
2024-10-09T21:26:58.895+0300: 628.100: Total time for which application threads were stopped: 0.0275180 seconds, Stopping threads took: 0.0001162 seconds
2024-10-09T21:26:59.068+0300: 628.278: Application time: 0.1782911 seconds
2024-10-09T21:26:59.068+0300: 628.278: [GC (Allocation Failure) 2024-10-09T21:26:59.068+0300: 628.278: [ParNew: 460096K->48826K(460096K), 0.0267131 secs] 2914725K->2525966K(4143232K), 0.0268151 secs] [Times: user=0.03 sys=0.00, real=0.03 secs] 
2024-10-09T21:26:59.099+0300: 628.305: Total time for which application threads were stopped: 0.0270983 seconds, Stopping threads took: 0.0001380 seconds
2024-10-09T21:26:59.272+0300: 628.484: Application time: 0.1785279 seconds
2024-10-09T21:26:59.272+0300: 628.484: [GC (Allocation Failure) 2024-10-09T21:26:59.272+0300: 628.484: [ParNew: 457850K->51072K(460096K), 0.0226340 secs] 2934990K->2538825K(4143232K), 0.0227388 secs] [Times: user=0.03 sys=0.00, real=0.03 secs] 
2024-10-09T21:26:59.303+0300: 628.507: Total time for which application threads were stopped: 0.0230227 seconds, Stopping threads took: 0.0001349 seconds
2024-10-09T21:26:59.476+0300: 628.688: Application time: 0.1807964 seconds
2024-10-09T21:26:59.476+0300: 628.688: [GC (Allocation Failure) 2024-10-09T21:26:59.476+0300: 628.688: [ParNew: 460096K->51072K(460096K), 0.0250551 secs] 2947849K->2551344K(4143232K), 0.0251406 secs] [Times: user=0.06 sys=0.00, real=0.03 secs] 
2024-10-09T21:26:59.507+0300: 628.713: Total time for which application threads were stopped: 0.0254780 seconds, Stopping threads took: 0.0001738 seconds
2024-10-09T21:26:59.664+0300: 628.880: Application time: 0.1665310 seconds
2024-10-09T21:26:59.664+0300: 628.880: [GC (Allocation Failure) 2024-10-09T21:26:59.664+0300: 628.880: [ParNew: 460096K->51072K(460096K), 0.0296293 secs] 2960368K->2576347K(4143232K), 0.0297206 secs] [Times: user=0.03 sys=0.00, real=0.03 secs] 
2024-10-09T21:26:59.696+0300: 628.910: Total time for which application threads were stopped: 0.0300047 seconds, Stopping threads took: 0.0001585 seconds
2024-10-09T21:26:59.884+0300: 629.089: Application time: 0.1796523 seconds
2024-10-09T21:26:59.884+0300: 629.090: [GC (Allocation Failure) 2024-10-09T21:26:59.884+0300: 629.090: [ParNew: 460096K->51072K(460096K), 0.0291348 secs] 2985371K->2602728K(4143232K), 0.0292348 secs] [Times: user=0.03 sys=0.00, real=0.03 secs] 
2024-10-09T21:26:59.916+0300: 629.119: Total time for which application threads were stopped: 0.0295017 seconds, Stopping threads took: 0.0001326 seconds
2024-10-09T21:27:00.094+0300: 629.303: Application time: 0.1842839 seconds
2024-10-09T21:27:00.094+0300: 629.303: [GC (Allocation Failure) 2024-10-09T21:27:00.094+0300: 629.303: [ParNew: 460096K->51072K(460096K), 0.0237760 secs] 3011752K->2612139K(4143232K), 0.0238638 secs] [Times: user=0.03 sys=0.00, real=0.03 secs] 
2024-10-09T21:27:00.120+0300: 629.327: Total time for which application threads were stopped: 0.0241722 seconds, Stopping threads took: 0.0001554 seconds
2024-10-09T21:27:00.276+0300: 629.488: Application time: 0.1609594 seconds
2024-10-09T21:27:00.276+0300: 629.488: [GC (Allocation Failure) 2024-10-09T21:27:00.276+0300: 629.488: [ParNew: 460096K->51072K(460096K), 0.0325878 secs] 3021163K->2642331K(4143232K), 0.0326810 secs] [Times: user=0.03 sys=0.00, real=0.03 secs] 
2024-10-09T21:27:00.308+0300: 629.521: Total time for which application threads were stopped: 0.0329622 seconds, Stopping threads took: 0.0001560 seconds
2024-10-09T21:27:00.480+0300: 629.697: Application time: 0.1761593 seconds
2024-10-09T21:27:00.480+0300: 629.698: [GC (Allocation Failure) 2024-10-09T21:27:00.480+0300: 629.698: [ParNew: 460096K->50184K(460096K), 0.0262905 secs] 3051355K->2666940K(4143232K), 0.0264488 secs] [Times: user=0.05 sys=0.00, real=0.03 secs] 
2024-10-09T21:27:00.512+0300: 629.724: Total time for which application threads were stopped: 0.0267292 seconds, Stopping threads took: 0.0001448 seconds
2024-10-09T21:27:00.700+0300: 629.916: Application time: 0.1920051 seconds
2024-10-09T21:27:00.700+0300: 629.919: [GC (Allocation Failure) 2024-10-09T21:27:00.700+0300: 629.919: [ParNew: 459208K->51072K(460096K), 0.0261540 secs] 3075964K->2674645K(4143232K), 0.0262544 secs] [Times: user=0.16 sys=0.00, real=0.03 secs] 
2024-10-09T21:27:00.732+0300: 629.945: Total time for which application threads were stopped: 0.0288673 seconds, Stopping threads took: 0.0024666 seconds
2024-10-09T21:27:00.904+0300: 630.112: Application time: 0.1672156 seconds
2024-10-09T21:27:00.904+0300: 630.112: [GC (Allocation Failure) 2024-10-09T21:27:00.904+0300: 630.112: [ParNew: 460096K->51072K(460096K), 0.0227486 secs] 3083669K->2683616K(4143232K), 0.0228290 secs] [Times: user=0.03 sys=0.00, real=0.02 secs] 
2024-10-09T21:27:00.920+0300: 630.135: Total time for which application threads were stopped: 0.0231165 seconds, Stopping threads took: 0.0001594 seconds
2024-10-09T21:27:01.096+0300: 630.311: Application time: 0.1760891 seconds
2024-10-09T21:27:01.096+0300: 630.312: [GC (Allocation Failure) 2024-10-09T21:27:01.096+0300: 630.312: [ParNew: 460096K->40512K(460096K), 0.0296703 secs] 3092640K->2701011K(4143232K), 0.0297598 secs] [Times: user=0.03 sys=0.00, real=0.03 secs] 
2024-10-09T21:27:01.125+0300: 630.341: Total time for which application threads were stopped: 0.0300377 seconds, Stopping threads took: 0.0001477 seconds
2024-10-09T21:27:01.313+0300: 630.530: Application time: 0.1890547 seconds
2024-10-09T21:27:01.313+0300: 630.531: [GC (Allocation Failure) 2024-10-09T21:27:01.313+0300: 630.531: [ParNew: 449536K->51072K(460096K), 0.0253265 secs] 3110035K->2723155K(4143232K), 0.0254287 secs] [Times: user=0.16 sys=0.02, real=0.03 secs] 
2024-10-09T21:27:01.344+0300: 630.556: Total time for which application threads were stopped: 0.0257292 seconds, Stopping threads took: 0.0001371 seconds
2024-10-09T21:27:01.516+0300: 630.731: Application time: 0.1744087 seconds
2024-10-09T21:27:01.516+0300: 630.731: [GC (Allocation Failure) 2024-10-09T21:27:01.516+0300: 630.731: [ParNew: 460096K->51072K(460096K), 0.0293161 secs] 3132179K->2746175K(4143232K), 0.0294207 secs] [Times: user=0.06 sys=0.00, real=0.03 secs] 
2024-10-09T21:27:01.548+0300: 630.760: Total time for which application threads were stopped: 0.0298204 seconds, Stopping threads took: 0.0002359 seconds
2024-10-09T21:27:01.736+0300: 630.945: Application time: 0.1849369 seconds
2024-10-09T21:27:01.736+0300: 630.946: [GC (Allocation Failure) 2024-10-09T21:27:01.736+0300: 630.946: [ParNew: 460096K->44531K(460096K), 0.0272238 secs] 3155199K->2759495K(4143232K), 0.0273306 secs] [Times: user=0.11 sys=0.00, real=0.03 secs] 
2024-10-09T21:27:01.768+0300: 630.973: Total time for which application threads were stopped: 0.0277009 seconds, Stopping threads took: 0.0002125 seconds
2024-10-09T21:27:01.940+0300: 631.158: Application time: 0.1844457 seconds
2024-10-09T21:27:01.940+0300: 631.158: [GC (Allocation Failure) 2024-10-09T21:27:01.940+0300: 631.158: [ParNew: 453555K->51072K(460096K), 0.0256824 secs] 3168519K->2783820K(4143232K), 0.0257784 secs] [Times: user=0.05 sys=0.00, real=0.03 secs] 
2024-10-09T21:27:01.972+0300: 631.184: Total time for which application threads were stopped: 0.0261152 seconds, Stopping threads took: 0.0001875 seconds
2024-10-09T21:27:02.145+0300: 631.361: Application time: 0.1770250 seconds
2024-10-09T21:27:02.145+0300: 631.361: [GC (Allocation Failure) 2024-10-09T21:27:02.145+0300: 631.361: [ParNew: 460096K->51072K(460096K), 0.0232615 secs] 3192844K->2793051K(4143232K), 0.0233437 secs] [Times: user=0.03 sys=0.00, real=0.03 secs] 
2024-10-09T21:27:02.176+0300: 631.384: Total time for which application threads were stopped: 0.0236098 seconds, Stopping threads took: 0.0001395 seconds
2024-10-09T21:27:02.349+0300: 631.565: Application time: 0.1810085 seconds
2024-10-09T21:27:02.349+0300: 631.566: [GC (Allocation Failure) 2024-10-09T21:27:02.349+0300: 631.566: [ParNew: 460096K->47097K(460096K), 0.0265156 secs] 3202075K->2807956K(4143232K), 0.0267070 secs] [Times: user=0.11 sys=0.00, real=0.03 secs] 
2024-10-09T21:27:02.380+0300: 631.592: Total time for which application threads were stopped: 0.0270181 seconds, Stopping threads took: 0.0001485 seconds
2024-10-09T21:27:02.553+0300: 631.768: Application time: 0.1758117 seconds
2024-10-09T21:27:02.553+0300: 631.768: [GC (Allocation Failure) 2024-10-09T21:27:02.553+0300: 631.768: [ParNew: 456121K->48707K(460096K), 0.0267967 secs] 3216980K->2830202K(4143232K), 0.0268858 secs] [Times: user=0.03 sys=0.00, real=0.03 secs] 
2024-10-09T21:27:02.584+0300: 631.795: Total time for which application threads were stopped: 0.0271305 seconds, Stopping threads took: 0.0001169 seconds
2024-10-09T21:27:02.756+0300: 631.974: Application time: 0.1785228 seconds
2024-10-09T21:27:02.756+0300: 631.974: [GC (Allocation Failure) 2024-10-09T21:27:02.756+0300: 631.974: [ParNew: 457731K->51072K(460096K), 0.0238077 secs] 3239226K->2844921K(4143232K), 0.0238950 secs] [Times: user=0.03 sys=0.00, real=0.03 secs] 
2024-10-09T21:27:02.787+0300: 631.998: Total time for which application threads were stopped: 0.0241819 seconds, Stopping threads took: 0.0001592 seconds
2024-10-09T21:27:02.960+0300: 632.176: Application time: 0.1783488 seconds
2024-10-09T21:27:02.960+0300: 632.177: [GC (Allocation Failure) 2024-10-09T21:27:02.960+0300: 632.177: [ParNew: 460096K->51072K(460096K), 0.0310352 secs] 3253945K->2873730K(4143232K), 0.0311197 secs] [Times: user=0.05 sys=0.00, real=0.04 secs] 
2024-10-09T21:27:03.000+0300: 632.208: Total time for which application threads were stopped: 0.0313713 seconds, Stopping threads took: 0.0001258 seconds
2024-10-09T21:27:03.180+0300: 632.387: Application time: 0.1790335 seconds
2024-10-09T21:27:03.180+0300: 632.387: [GC (Allocation Failure) 2024-10-09T21:27:03.180+0300: 632.387: [ParNew: 460096K->47642K(460096K), 0.0279969 secs] 3282754K->2895530K(4143232K), 0.0280811 secs] [Times: user=0.05 sys=0.00, real=0.03 secs] 
2024-10-09T21:27:03.211+0300: 632.415: Total time for which application threads were stopped: 0.0283443 seconds, Stopping threads took: 0.0001329 seconds
2024-10-09T21:27:03.384+0300: 632.592: Application time: 0.1770778 seconds
2024-10-09T21:27:03.384+0300: 632.592: [GC (Allocation Failure) 2024-10-09T21:27:03.384+0300: 632.592: [ParNew: 456666K->51072K(460096K), 0.0224763 secs] 3304554K->2906962K(4143232K), 0.0225629 secs] [Times: user=0.03 sys=0.00, real=0.02 secs] 
2024-10-09T21:27:03.401+0300: 632.615: Total time for which application threads were stopped: 0.0228244 seconds, Stopping threads took: 0.0001361 seconds
2024-10-09T21:27:03.588+0300: 632.792: Application time: 0.1765880 seconds
2024-10-09T21:27:03.588+0300: 632.792: [GC (Allocation Failure) 2024-10-09T21:27:03.588+0300: 632.792: [ParNew: 460096K->51072K(460096K), 0.0384982 secs] 3315986K->2944095K(4143232K), 0.0385863 secs] [Times: user=0.03 sys=0.00, real=0.03 secs] 
2024-10-09T21:27:03.619+0300: 632.830: Total time for which application threads were stopped: 0.0388473 seconds, Stopping threads took: 0.0001349 seconds
2024-10-09T21:27:03.823+0300: 633.040: Application time: 0.2090784 seconds
2024-10-09T21:27:03.823+0300: 633.040: [GC (Allocation Failure) 2024-10-09T21:27:03.823+0300: 633.040: [ParNew: 460096K->51072K(460096K), 0.0261813 secs] 3353119K->2960290K(4143232K), 0.0262870 secs] [Times: user=0.16 sys=0.00, real=0.03 secs] 
2024-10-09T21:27:03.855+0300: 633.066: Total time for which application threads were stopped: 0.0265871 seconds, Stopping threads took: 0.0001391 seconds
2024-10-09T21:27:04.059+0300: 633.277: Application time: 0.2105125 seconds
2024-10-09T21:27:04.059+0300: 633.277: [GC (Allocation Failure) 2024-10-09T21:27:04.059+0300: 633.277: [ParNew: 460096K->51072K(460096K), 0.0272786 secs] 3369314K->2976677K(4143232K), 0.0273798 secs] [Times: user=0.11 sys=0.00, real=0.03 secs] 
2024-10-09T21:27:04.090+0300: 633.304: Total time for which application threads were stopped: 0.0276673 seconds, Stopping threads took: 0.0001259 seconds
2024-10-09T21:27:04.294+0300: 633.500: Application time: 0.1959715 seconds
2024-10-09T21:27:04.303+0300: 633.506: [GC (Allocation Failure) 2024-10-09T21:27:04.303+0300: 633.506: [ParNew: 460096K->51072K(460096K), 0.0351713 secs] 3385701K->3009018K(4143232K), 0.0352860 secs] [Times: user=0.16 sys=0.00, real=0.02 secs] 
2024-10-09T21:27:04.326+0300: 633.542: Total time for which application threads were stopped: 0.0412686 seconds, Stopping threads took: 0.0058123 seconds
2024-10-09T21:27:04.530+0300: 633.740: Application time: 0.1984294 seconds
2024-10-09T21:27:04.530+0300: 633.740: [GC (Allocation Failure) 2024-10-09T21:27:04.530+0300: 633.740: [ParNew: 460096K->51072K(460096K), 0.0254893 secs] 3418042K->3023190K(4143232K), 0.0255804 secs] [Times: user=0.14 sys=0.00, real=0.03 secs] 
2024-10-09T21:27:04.561+0300: 633.766: Total time for which application threads were stopped: 0.0260066 seconds, Stopping threads took: 0.0002596 seconds
2024-10-09T21:27:04.750+0300: 633.962: Application time: 0.1959862 seconds
2024-10-09T21:27:04.750+0300: 633.963: [GC (Allocation Failure) 2024-10-09T21:27:04.750+0300: 633.963: [ParNew: 460096K->51072K(460096K), 0.0276297 secs] 3432214K->3044711K(4143232K), 0.0277216 secs] [Times: user=0.11 sys=0.00, real=0.03 secs] 
2024-10-09T21:27:04.781+0300: 633.991: Total time for which application threads were stopped: 0.0289893 seconds, Stopping threads took: 0.0011191 seconds
2024-10-09T21:27:04.954+0300: 634.168: Application time: 0.1773488 seconds
2024-10-09T21:27:04.954+0300: 634.169: [GC (Allocation Failure) 2024-10-09T21:27:04.954+0300: 634.169: [ParNew: 460096K->51072K(460096K), 0.0298793 secs] 3453735K->3065950K(4143232K), 0.0299960 secs] [Times: user=0.16 sys=0.00, real=0.03 secs] 
2024-10-09T21:27:04.985+0300: 634.199: Total time for which application threads were stopped: 0.0303551 seconds, Stopping threads took: 0.0001861 seconds
2024-10-09T21:27:05.173+0300: 634.385: Application time: 0.1861910 seconds
2024-10-09T21:27:05.173+0300: 634.391: [GC (Allocation Failure) 2024-10-09T21:27:05.173+0300: 634.391: [ParNew: 460096K->51072K(460096K), 0.0314299 secs] 3474974K->3093693K(4143232K), 0.0315289 secs] [Times: user=0.16 sys=0.00, real=0.05 secs] 
2024-10-09T21:27:05.219+0300: 634.422: Total time for which application threads were stopped: 0.0376314 seconds, Stopping threads took: 0.0059476 seconds
2024-10-09T21:27:05.392+0300: 634.607: Application time: 0.1847362 seconds
2024-10-09T21:27:05.392+0300: 634.608: [GC (Allocation Failure) 2024-10-09T21:27:05.392+0300: 634.608: [ParNew: 460096K->51072K(460096K), 0.0270410 secs] 3502717K->3112066K(4143232K), 0.0271432 secs] [Times: user=0.16 sys=0.00, real=0.03 secs] 
2024-10-09T21:27:05.424+0300: 634.635: Total time for which application threads were stopped: 0.0275990 seconds, Stopping threads took: 0.0002903 seconds
2024-10-09T21:27:05.612+0300: 634.821: Application time: 0.1859909 seconds
2024-10-09T21:27:05.612+0300: 634.822: [GC (Allocation Failure) 2024-10-09T21:27:05.612+0300: 634.822: [ParNew: 460096K->51072K(460096K), 0.0242583 secs] 3521090K->3119696K(4143232K), 0.0243464 secs] [Times: user=0.08 sys=0.00, real=0.03 secs] 
2024-10-09T21:27:05.643+0300: 634.847: Total time for which application threads were stopped: 0.0260052 seconds, Stopping threads took: 0.0015153 seconds
2024-10-09T21:27:05.816+0300: 635.032: Application time: 0.1847928 seconds
2024-10-09T21:27:05.816+0300: 635.032: [GC (Allocation Failure) 2024-10-09T21:27:05.816+0300: 635.032: [ParNew: 460096K->47487K(460096K), 0.0292559 secs] 3528720K->3139561K(4143232K), 0.0293539 secs] [Times: user=0.16 sys=0.00, real=0.03 secs] 
2024-10-09T21:27:05.847+0300: 635.061: Total time for which application threads were stopped: 0.0296765 seconds, Stopping threads took: 0.0001654 seconds
2024-10-09T21:27:06.051+0300: 635.260: Application time: 0.1989943 seconds
2024-10-09T21:27:06.051+0300: 635.261: [GC (Allocation Failure) 2024-10-09T21:27:06.051+0300: 635.261: [ParNew: 456511K->51072K(460096K), 0.0266469 secs] 3548585K->3161345K(4143232K), 0.0267479 secs] [Times: user=0.09 sys=0.00, real=0.03 secs] 
2024-10-09T21:27:06.083+0300: 635.287: Total time for which application threads were stopped: 0.0270172 seconds, Stopping threads took: 0.0001274 seconds
2024-10-09T21:27:06.255+0300: 635.466: Application time: 0.1782365 seconds
2024-10-09T21:27:06.255+0300: 635.466: [GC (Allocation Failure) 2024-10-09T21:27:06.255+0300: 635.467: [ParNew: 460096K->51072K(460096K), 0.0272236 secs] 3570369K->3177585K(4143232K), 0.0273160 secs] [Times: user=0.16 sys=0.00, real=0.03 secs] 
2024-10-09T21:27:06.287+0300: 635.494: Total time for which application threads were stopped: 0.0282732 seconds, Stopping threads took: 0.0008094 seconds
2024-10-09T21:27:06.459+0300: 635.670: Application time: 0.1758570 seconds
2024-10-09T21:27:06.459+0300: 635.670: [GC (Allocation Failure) 2024-10-09T21:27:06.459+0300: 635.670: [ParNew: 460096K->51072K(460096K), 0.0293439 secs] 3586609K->3201629K(4143232K), 0.0294424 secs] [Times: user=0.12 sys=0.00, real=0.03 secs] 
2024-10-09T21:27:06.491+0300: 635.699: Total time for which application threads were stopped: 0.0297265 seconds, Stopping threads took: 0.0001326 seconds
2024-10-09T21:27:06.695+0300: 635.901: Application time: 0.2014865 seconds
2024-10-09T21:27:06.695+0300: 635.901: [GC (Allocation Failure) 2024-10-09T21:27:06.695+0300: 635.901: [ParNew: 460096K->51072K(460096K), 0.0254786 secs] 3610653K->3219060K(4143232K), 0.0255820 secs] [Times: user=0.11 sys=0.00, real=0.03 secs] 
2024-10-09T21:27:06.723+0300: 635.927: Total time for which application threads were stopped: 0.0258675 seconds, Stopping threads took: 0.0001305 seconds
2024-10-09T21:27:06.884+0300: 636.101: Application time: 0.1741209 seconds
2024-10-09T21:27:06.884+0300: 636.101: [GC (Allocation Failure) 2024-10-09T21:27:06.884+0300: 636.101: [ParNew: 460096K->51072K(460096K), 0.0230341 secs] 3628084K->3226757K(4143232K), 0.0231185 secs] [Times: user=0.05 sys=0.00, real=0.03 secs] 
2024-10-09T21:27:06.915+0300: 636.124: Total time for which application threads were stopped: 0.0233889 seconds, Stopping threads took: 0.0001127 seconds
2024-10-09T21:27:07.088+0300: 636.301: Application time: 0.1763369 seconds
2024-10-09T21:27:07.088+0300: 636.301: [GC (Allocation Failure) 2024-10-09T21:27:07.088+0300: 636.301: [ParNew: 460096K->47895K(460096K), 0.0324381 secs] 3635781K->3256870K(4143232K), 0.0325401 secs] [Times: user=0.17 sys=0.00, real=0.03 secs] 
2024-10-09T21:27:07.120+0300: 636.333: Total time for which application threads were stopped: 0.0328606 seconds, Stopping threads took: 0.0001532 seconds
2024-10-09T21:27:07.355+0300: 636.560: Application time: 0.2260748 seconds
2024-10-09T21:27:07.355+0300: 636.562: [GC (Allocation Failure) 2024-10-09T21:27:07.355+0300: 636.563: [ParNew: 456919K->51072K(460096K), 0.0235136 secs] 3665894K->3263843K(4143232K), 0.0236044 secs] [Times: user=0.12 sys=0.00, real=0.02 secs] 
2024-10-09T21:27:07.371+0300: 636.586: Total time for which application threads were stopped: 0.0265355 seconds, Stopping threads took: 0.0027823 seconds
2024-10-09T21:27:07.611+0300: 636.816: Application time: 0.2294719 seconds
2024-10-09T21:27:07.611+0300: 636.818: [GC (Allocation Failure) 2024-10-09T21:27:07.611+0300: 636.818: [ParNew: 460096K->51072K(460096K), 0.0400581 secs] 3672867K->3283549K(4143232K), 0.0401689 secs] [Times: user=0.20 sys=0.00, real=0.04 secs] 
2024-10-09T21:27:07.654+0300: 636.858: Total time for which application threads were stopped: 0.0428793 seconds, Stopping threads took: 0.0025454 seconds
2024-10-09T21:27:07.827+0300: 637.040: Application time: 0.1816160 seconds
2024-10-09T21:27:07.827+0300: 637.041: [GC (Allocation Failure) 2024-10-09T21:27:07.827+0300: 637.041: [ParNew: 460096K->43437K(460096K), 0.0314359 secs] 3692573K->3310685K(4143232K), 0.0315281 secs] [Times: user=0.14 sys=0.00, real=0.03 secs] 
2024-10-09T21:27:07.858+0300: 637.072: Total time for which application threads were stopped: 0.0323363 seconds, Stopping threads took: 0.0006541 seconds
2024-10-09T21:27:08.112+0300: 637.319: Application time: 0.2464308 seconds
2024-10-09T21:27:08.112+0300: 637.319: [GC (Allocation Failure) 2024-10-09T21:27:08.112+0300: 637.319: [ParNew: 452461K->51072K(460096K), 0.0230909 secs] 3719709K->3321519K(4143232K), 0.0232038 secs] [Times: user=0.14 sys=0.00, real=0.01 secs] 
2024-10-09T21:27:08.125+0300: 637.342: Total time for which application threads were stopped: 0.0235320 seconds, Stopping threads took: 0.0001649 seconds
2024-10-09T21:27:08.360+0300: 637.572: Application time: 0.2294634 seconds
2024-10-09T21:27:08.360+0300: 637.574: [GC (Allocation Failure) 2024-10-09T21:27:08.360+0300: 637.574: [ParNew: 460096K->51072K(460096K), 0.0289679 secs] 3730543K->3338561K(4143232K), 0.0290633 secs] [Times: user=0.11 sys=0.00, real=0.03 secs] 
2024-10-09T21:27:08.392+0300: 637.603: Total time for which application threads were stopped: 0.0308198 seconds, Stopping threads took: 0.0016077 seconds
2024-10-09T21:27:08.580+0300: 637.788: Application time: 0.1854957 seconds
2024-10-09T21:27:08.580+0300: 637.789: [GC (Allocation Failure) 2024-10-09T21:27:08.580+0300: 637.789: [ParNew: 460096K->43847K(460096K), 0.0278462 secs] 3747585K->3359621K(4143232K), 0.0279469 secs] [Times: user=0.12 sys=0.00, real=0.03 secs] 
2024-10-09T21:27:08.613+0300: 637.817: Total time for which application threads were stopped: 0.0291758 seconds, Stopping threads took: 0.0010882 seconds
2024-10-09T21:27:08.816+0300: 638.033: Application time: 0.2160911 seconds
2024-10-09T21:27:08.816+0300: 638.034: [GC (Allocation Failure) 2024-10-09T21:27:08.816+0300: 638.034: [ParNew: 452871K->51072K(460096K), 0.0210090 secs] 3768645K->3368110K(4143232K), 0.0211113 secs] [Times: user=0.12 sys=0.00, real=0.03 secs] 
2024-10-09T21:27:08.847+0300: 638.055: Total time for which application threads were stopped: 0.0215501 seconds, Stopping threads took: 0.0002637 seconds
2024-10-09T21:27:09.036+0300: 638.244: Application time: 0.1886478 seconds
2024-10-09T21:27:09.036+0300: 638.245: [GC (Allocation Failure) 2024-10-09T21:27:09.036+0300: 638.245: [ParNew: 460096K->51072K(460096K), 0.0344296 secs] 3777134K->3398463K(4143232K), 0.0345228 secs] [Times: user=0.14 sys=0.00, real=0.03 secs] 
2024-10-09T21:27:09.067+0300: 638.279: Total time for which application threads were stopped: 0.0356249 seconds, Stopping threads took: 0.0009488 seconds
2024-10-09T21:27:09.240+0300: 638.456: Application time: 0.1769690 seconds
2024-10-09T21:27:09.240+0300: 638.457: [GC (Allocation Failure) 2024-10-09T21:27:09.240+0300: 638.457: [ParNew: 460096K->45357K(460096K), 0.0292303 secs] 3807487K->3416891K(4143232K), 0.0293218 secs] [Times: user=0.19 sys=0.00, real=0.03 secs] 
2024-10-09T21:27:09.272+0300: 638.486: Total time for which application threads were stopped: 0.0297876 seconds, Stopping threads took: 0.0002791 seconds
2024-10-09T21:27:09.272+0300: 638.487: Application time: 0.0012851 seconds
2024-10-09T21:27:09.272+0300: 638.488: [GC (CMS Initial Mark) [1 CMS-initial-mark: 3371534K(3683136K)] 3425016K(4143232K), 0.0038058 secs] [Times: user=0.00 sys=0.00, real=0.01 secs] 
2024-10-09T21:27:09.287+0300: 638.491: Total time for which application threads were stopped: 0.0040505 seconds, Stopping threads took: 0.0001159 seconds
2024-10-09T21:27:09.287+0300: 638.491: [CMS-concurrent-mark-start]
2024-10-09T21:27:09.303+0300: 638.512: [CMS-concurrent-mark: 0.021/0.021 secs] [Times: user=0.12 sys=0.00, real=0.02 secs] 
2024-10-09T21:27:09.303+0300: 638.512: [CMS-concurrent-preclean-start]
2024-10-09T21:27:09.303+0300: 638.516: [CMS-concurrent-preclean: 0.004/0.004 secs] [Times: user=0.00 sys=0.00, real=0.00 secs] 
2024-10-09T21:27:09.303+0300: 638.516: [CMS-concurrent-abortable-preclean-start]
2024-10-09T21:27:09.460+0300: 638.667: [CMS-concurrent-abortable-preclean: 0.150/0.150 secs] [Times: user=0.97 sys=0.00, real=0.16 secs] 
2024-10-09T21:27:09.460+0300: 638.667: Application time: 0.1753158 seconds
2024-10-09T21:27:09.460+0300: 638.667: [GC (CMS Final Remark) [YG occupancy: 360874 K (460096 K)]2024-10-09T21:27:09.460+0300: 638.667: [Rescan (parallel) , 0.0368826 secs]2024-10-09T21:27:09.492+0300: 638.704: [weak refs processing, 0.0000206 secs]2024-10-09T21:27:09.492+0300: 638.704: [class unloading, 0.0025102 secs]2024-10-09T21:27:09.492+0300: 638.706: [scrub symbol table, 0.0010138 secs]2024-10-09T21:27:09.492+0300: 638.707: [scrub string table, 0.0002337 secs][1 CMS-remark: 3371534K(3683136K)] 3732408K(4143232K), 0.0408118 secs] [Times: user=0.19 sys=0.00, real=0.03 secs] 
2024-10-09T21:27:09.492+0300: 638.708: Total time for which application threads were stopped: 0.0410725 seconds, Stopping threads took: 0.0001475 seconds
2024-10-09T21:27:09.492+0300: 638.708: [CMS-concurrent-sweep-start]
2024-10-09T21:27:09.555+0300: 638.769: Application time: 0.0609036 seconds
2024-10-09T21:27:09.555+0300: 638.769: [GC (Allocation Failure) 2024-10-09T21:27:09.555+0300: 638.769: [ParNew: 454381K->51072K(460096K), 0.0251180 secs] 3703950K->3312367K(4143232K), 0.0252670 secs] [Times: user=0.16 sys=0.00, real=0.03 secs] 
2024-10-09T21:27:09.586+0300: 638.794: Total time for which application threads were stopped: 0.0256760 seconds, Stopping threads took: 0.0002251 seconds
2024-10-09T21:27:09.821+0300: 639.036: Application time: 0.2418668 seconds
2024-10-09T21:27:09.837+0300: 639.040: [GC (Allocation Failure) 2024-10-09T21:27:09.837+0300: 639.040: [ParNew: 460096K->51035K(460096K), 0.0337053 secs] 3239529K->2858027K(4143232K), 0.0338015 secs] [Times: user=0.12 sys=0.00, real=0.03 secs] 
2024-10-09T21:27:09.868+0300: 639.074: Total time for which application threads were stopped: 0.0379535 seconds, Stopping threads took: 0.0039952 seconds
2024-10-09T21:27:10.119+0300: 639.325: Application time: 0.2505715 seconds
2024-10-09T21:27:10.119+0300: 639.326: [GC (Allocation Failure) 2024-10-09T21:27:10.119+0300: 639.326: [ParNew: 460059K->51072K(460096K), 0.0249044 secs] 2791614K->2396995K(4143232K), 0.0249901 secs] [Times: user=0.12 sys=0.00, real=0.02 secs] 
2024-10-09T21:27:10.135+0300: 639.351: Total time for which application threads were stopped: 0.0258454 seconds, Stopping threads took: 0.0006989 seconds
2024-10-09T21:27:10.387+0300: 639.599: Application time: 0.2485162 seconds
2024-10-09T21:27:10.387+0300: 639.600: [GC (Allocation Failure) 2024-10-09T21:27:10.387+0300: 639.600: [ParNew: 460096K->51072K(460096K), 0.0294746 secs] 2346129K->1960550K(4143232K), 0.0295775 secs] [Times: user=0.17 sys=0.00, real=0.03 secs] 
2024-10-09T21:27:10.418+0300: 639.629: Total time for which application threads were stopped: 0.0300110 seconds, Stopping threads took: 0.0002749 seconds
2024-10-09T21:27:10.669+0300: 639.873: Application time: 0.2439741 seconds
2024-10-09T21:27:10.669+0300: 639.873: [GC (Allocation Failure) 2024-10-09T21:27:10.669+0300: 639.873: [ParNew: 460096K->51072K(460096K), 0.0241425 secs] 1884343K->1484981K(4143232K), 0.0242584 secs] [Times: user=0.11 sys=0.00, real=0.02 secs] 
2024-10-09T21:27:10.685+0300: 639.898: Total time for which application threads were stopped: 0.0246266 seconds, Stopping threads took: 0.0001565 seconds
2024-10-09T21:27:10.904+0300: 640.110: Application time: 0.2123530 seconds
2024-10-09T21:27:10.904+0300: 640.110: [GC (Allocation Failure) 2024-10-09T21:27:10.904+0300: 640.110: [ParNew: 460096K->46487K(460096K), 0.0301762 secs] 1490221K->1104393K(4143232K), 0.0302880 secs] [Times: user=0.14 sys=0.00, real=0.03 secs] 
2024-10-09T21:27:10.937+0300: 640.141: Total time for which application threads were stopped: 0.0306194 seconds, Stopping threads took: 0.0001631 seconds
2024-10-09T21:27:11.156+0300: 640.366: Application time: 0.2255083 seconds
2024-10-09T21:27:11.156+0300: 640.367: [GC (Allocation Failure) 2024-10-09T21:27:11.156+0300: 640.367: [ParNew: 455511K->51072K(460096K), 0.0225340 secs] 1079157K->681063K(4143232K), 0.0226527 secs] [Times: user=0.16 sys=0.00, real=0.02 secs] 
2024-10-09T21:27:11.172+0300: 640.389: Total time for which application threads were stopped: 0.0230069 seconds, Stopping threads took: 0.0001619 seconds
2024-10-09T21:27:11.392+0300: 640.599: Application time: 0.2100395 seconds
2024-10-09T21:27:11.392+0300: 640.600: [GC (Allocation Failure) 2024-10-09T21:27:11.392+0300: 640.600: [ParNew: 460096K->45477K(460096K), 0.0281875 secs] 681215K->291986K(4143232K), 0.0282864 secs] [Times: user=0.19 sys=0.00, real=0.03 secs] 
2024-10-09T21:27:11.423+0300: 640.628: Total time for which application threads were stopped: 0.0290419 seconds, Stopping threads took: 0.0005905 seconds
2024-10-09T21:27:11.455+0300: 640.661: [CMS-concurrent-sweep: 1.726/1.953 secs] [Times: user=10.31 sys=0.03, real=1.96 secs] 
2024-10-09T21:27:11.455+0300: 640.661: [CMS-concurrent-reset-start]
2024-10-09T21:27:11.455+0300: 640.669: [CMS-concurrent-reset: 0.008/0.008 secs] [Times: user=0.05 sys=0.00, real=0.00 secs] 
2024-10-09T21:27:11.643+0300: 640.849: Application time: 0.2203682 seconds
2024-10-09T21:27:11.643+0300: 640.849: [GC (Allocation Failure) 2024-10-09T21:27:11.643+0300: 640.849: [ParNew: 454501K->51072K(460096K), 0.0218024 secs] 640288K->242923K(4143232K), 0.0218777 secs] [Times: user=0.14 sys=0.00, real=0.02 secs] 
2024-10-09T21:27:11.659+0300: 640.871: Total time for which application threads were stopped: 0.0225373 seconds, Stopping threads took: 0.0004980 seconds
2024-10-09T21:27:11.847+0300: 641.053: Application time: 0.1822316 seconds
2024-10-09T21:27:11.847+0300: 641.054: [GC (Allocation Failure) 2024-10-09T21:27:11.847+0300: 641.054: [ParNew: 460096K->51072K(460096K), 0.0306936 secs] 651947K->267487K(4143232K), 0.0307952 secs] [Times: user=0.19 sys=0.00, real=0.03 secs] 
2024-10-09T21:27:11.881+0300: 641.085: Total time for which application threads were stopped: 0.0311281 seconds, Stopping threads took: 0.0001612 seconds
2024-10-09T21:27:12.050+0300: 641.262: Application time: 0.1777490 seconds
2024-10-09T21:27:12.050+0300: 641.263: [GC (Allocation Failure) 2024-10-09T21:27:12.050+0300: 641.263: [ParNew: 460096K->51072K(460096K), 0.0273024 secs] 676511K->289758K(4143232K), 0.0274094 secs] [Times: user=0.14 sys=0.00, real=0.03 secs] 
2024-10-09T21:27:12.082+0300: 641.290: Total time for which application threads were stopped: 0.0280460 seconds, Stopping threads took: 0.0004726 seconds
2024-10-09T21:27:12.270+0300: 641.481: Application time: 0.1907269 seconds
2024-10-09T21:27:12.270+0300: 641.481: [GC (Allocation Failure) 2024-10-09T21:27:12.270+0300: 641.481: [ParNew: 460096K->51072K(460096K), 0.0285703 secs] 698782K->309822K(4143232K), 0.0286652 secs] [Times: user=0.14 sys=0.00, real=0.03 secs] 
2024-10-09T21:27:12.302+0300: 641.510: Total time for which application threads were stopped: 0.0289392 seconds, Stopping threads took: 0.0001260 seconds
2024-10-09T21:27:12.490+0300: 641.697: Application time: 0.1866588 seconds
2024-10-09T21:27:12.490+0300: 641.697: [GC (Allocation Failure) 2024-10-09T21:27:12.490+0300: 641.697: [ParNew: 460096K->51072K(460096K), 0.0287131 secs] 718846K->331858K(4143232K), 0.0287998 secs] [Times: user=0.14 sys=0.00, real=0.03 secs] 
2024-10-09T21:27:12.522+0300: 641.726: Total time for which application threads were stopped: 0.0293272 seconds, Stopping threads took: 0.0003797 seconds
2024-10-09T21:27:12.694+0300: 641.908: Application time: 0.1816891 seconds
2024-10-09T21:27:12.694+0300: 641.908: [GC (Allocation Failure) 2024-10-09T21:27:12.694+0300: 641.908: [ParNew: 460096K->49586K(460096K), 0.0276398 secs] 740882K->349780K(4143232K), 0.0277355 secs] [Times: user=0.14 sys=0.00, real=0.03 secs] 
2024-10-09T21:27:12.726+0300: 641.936: Total time for which application threads were stopped: 0.0280219 seconds, Stopping threads took: 0.0001290 seconds
2024-10-09T21:27:12.898+0300: 642.115: Application time: 0.1794073 seconds
2024-10-09T21:27:12.898+0300: 642.115: [GC (Allocation Failure) 2024-10-09T21:27:12.898+0300: 642.116: [ParNew: 458610K->50269K(460096K), 0.0281868 secs] 758804K->370235K(4143232K), 0.0282862 secs] [Times: user=0.14 sys=0.00, real=0.03 secs] 
2024-10-09T21:27:12.930+0300: 642.144: Total time for which application threads were stopped: 0.0286237 seconds, Stopping threads took: 0.0001816 seconds
2024-10-09T21:27:13.121+0300: 642.333: Application time: 0.1893664 seconds
2024-10-09T21:27:13.121+0300: 642.333: [GC (Allocation Failure) 2024-10-09T21:27:13.121+0300: 642.333: [ParNew: 459293K->51072K(460096K), 0.0257044 secs] 779259K->387637K(4143232K), 0.0258083 secs] [Times: user=0.19 sys=0.00, real=0.03 secs] 
2024-10-09T21:27:13.149+0300: 642.359: Total time for which application threads were stopped: 0.0261073 seconds, Stopping threads took: 0.0001327 seconds
2024-10-09T21:27:13.322+0300: 642.538: Application time: 0.1791089 seconds
2024-10-09T21:27:13.337+0300: 642.541: [GC (Allocation Failure) 2024-10-09T21:27:13.337+0300: 642.541: [ParNew: 460096K->51072K(460096K), 0.0269916 secs] 796661K->402579K(4143232K), 0.0270981 secs] [Times: user=0.08 sys=0.00, real=0.02 secs] 
2024-10-09T21:27:13.353+0300: 642.568: Total time for which application threads were stopped: 0.0298791 seconds, Stopping threads took: 0.0026148 seconds
2024-10-09T21:27:13.542+0300: 642.749: Application time: 0.1808050 seconds
2024-10-09T21:27:13.542+0300: 642.749: [GC (Allocation Failure) 2024-10-09T21:27:13.542+0300: 642.752: [ParNew: 460096K->51072K(460096K), 0.0282461 secs] 811603K->424660K(4143232K), 0.0305043 secs] [Times: user=0.19 sys=0.00, real=0.03 secs] 
2024-10-09T21:27:13.573+0300: 642.780: Total time for which application threads were stopped: 0.0308574 seconds, Stopping threads took: 0.0001938 seconds
2024-10-09T21:27:13.777+0300: 642.981: Application time: 0.2008467 seconds
2024-10-09T21:27:13.777+0300: 642.982: [GC (Allocation Failure) 2024-10-09T21:27:13.777+0300: 642.982: [ParNew: 460096K->51072K(460096K), 0.0302743 secs] 833684K->449320K(4143232K), 0.0303633 secs] [Times: user=0.11 sys=0.00, real=0.03 secs] 
2024-10-09T21:27:13.808+0300: 643.012: Total time for which application threads were stopped: 0.0312432 seconds, Stopping threads took: 0.0007401 seconds
2024-10-09T21:27:13.981+0300: 643.193: Application time: 0.1813019 seconds
2024-10-09T21:27:13.981+0300: 643.194: [GC (Allocation Failure) 2024-10-09T21:27:13.981+0300: 643.194: [ParNew: 460096K->51072K(460096K), 0.0254310 secs] 858344K->462188K(4143232K), 0.0255187 secs] [Times: user=0.16 sys=0.01, real=0.03 secs] 
2024-10-09T21:27:14.012+0300: 643.219: Total time for which application threads were stopped: 0.0258365 seconds, Stopping threads took: 0.0001492 seconds
2024-10-09T21:27:14.185+0300: 643.396: Application time: 0.1770951 seconds
2024-10-09T21:27:14.185+0300: 643.397: [GC (Allocation Failure) 2024-10-09T21:27:14.185+0300: 643.397: [ParNew: 460096K->45597K(460096K), 0.0243485 secs] 871212K->471077K(4143232K), 0.0244374 secs] [Times: user=0.08 sys=0.00, real=0.03 secs] 
2024-10-09T21:27:14.216+0300: 643.421: Total time for which application threads were stopped: 0.0247589 seconds, Stopping threads took: 0.0001574 seconds
2024-10-09T21:27:14.390+0300: 643.603: Application time: 0.1820819 seconds
2024-10-09T21:27:14.390+0300: 643.605: [GC (Allocation Failure) 2024-10-09T21:27:14.390+0300: 643.605: [ParNew: 454621K->51072K(460096K), 0.0285432 secs] 880101K->499962K(4143232K), 0.0286356 secs] [Times: user=0.19 sys=0.00, real=0.03 secs] 
2024-10-09T21:27:14.424+0300: 643.634: Total time for which application threads were stopped: 0.0308996 seconds, Stopping threads took: 0.0021136 seconds
2024-10-09T21:27:14.609+0300: 643.827: Application time: 0.1932219 seconds
2024-10-09T21:27:14.609+0300: 643.828: [GC (Allocation Failure) 2024-10-09T21:27:14.609+0300: 643.828: [ParNew: 460096K->51072K(460096K), 0.0244552 secs] 908986K->511351K(4143232K), 0.0245626 secs] [Times: user=0.17 sys=0.00, real=0.03 secs] 
2024-10-09T21:27:14.640+0300: 643.852: Total time for which application threads were stopped: 0.0249254 seconds, Stopping threads took: 0.0001936 seconds
2024-10-09T21:27:14.829+0300: 644.036: Application time: 0.1834051 seconds
2024-10-09T21:27:14.833+0300: 644.036: [GC (Allocation Failure) 2024-10-09T21:27:14.833+0300: 644.036: [ParNew: 460096K->51072K(460096K), 0.0317519 secs] 920375K->539186K(4143232K), 0.0318527 secs] [Times: user=0.09 sys=0.00, real=0.03 secs] 
2024-10-09T21:27:14.860+0300: 644.068: Total time for which application threads were stopped: 0.0322042 seconds, Stopping threads took: 0.0001619 seconds
2024-10-09T21:27:15.049+0300: 644.253: Application time: 0.1853074 seconds
2024-10-09T21:27:15.049+0300: 644.254: [GC (Allocation Failure) 2024-10-09T21:27:15.049+0300: 644.254: [ParNew: 460096K->51072K(460096K), 0.0278097 secs] 948210K->560504K(4143232K), 0.0279014 secs] [Times: user=0.09 sys=0.00, real=0.01 secs] 
2024-10-09T21:27:15.064+0300: 644.282: Total time for which application threads were stopped: 0.0284518 seconds, Stopping threads took: 0.0004040 seconds
2024-10-09T21:27:15.268+0300: 644.474: Application time: 0.1922860 seconds
2024-10-09T21:27:15.268+0300: 644.475: [GC (Allocation Failure) 2024-10-09T21:27:15.268+0300: 644.475: [ParNew: 460096K->51072K(460096K), 0.0291922 secs] 969528K->578599K(4143232K), 0.0292775 secs] [Times: user=0.12 sys=0.00, real=0.03 secs] 
2024-10-09T21:27:15.300+0300: 644.504: Total time for which application threads were stopped: 0.0300367 seconds, Stopping threads took: 0.0006112 seconds
2024-10-09T21:27:15.473+0300: 644.688: Application time: 0.1837473 seconds
2024-10-09T21:27:15.473+0300: 644.688: [GC (Allocation Failure) 2024-10-09T21:27:15.473+0300: 644.688: [ParNew: 460096K->51072K(460096K), 0.0330073 secs] 987623K->607411K(4143232K), 0.0331016 secs] [Times: user=0.16 sys=0.00, real=0.04 secs] 
2024-10-09T21:27:15.517+0300: 644.721: Total time for which application threads were stopped: 0.0335138 seconds, Stopping threads took: 0.0002275 seconds
2024-10-09T21:27:15.708+0300: 644.912: Application time: 0.1909259 seconds
2024-10-09T21:27:15.708+0300: 644.912: [GC (Allocation Failure) 2024-10-09T21:27:15.708+0300: 644.912: [ParNew: 460096K->51072K(460096K), 0.0263529 secs] 1016435K->622947K(4143232K), 0.0264473 secs] [Times: user=0.11 sys=0.00, real=0.02 secs] 
2024-10-09T21:27:15.727+0300: 644.939: Total time for which application threads were stopped: 0.0267736 seconds, Stopping threads took: 0.0001680 seconds
2024-10-09T21:27:15.912+0300: 645.127: Application time: 0.1877656 seconds
2024-10-09T21:27:15.912+0300: 645.127: [GC (Allocation Failure) 2024-10-09T21:27:15.912+0300: 645.127: [ParNew: 460096K->51072K(460096K), 0.0326221 secs] 1031971K->650296K(4143232K), 0.0327211 secs] [Times: user=0.17 sys=0.00, real=0.03 secs] 
2024-10-09T21:27:15.943+0300: 645.160: Total time for which application threads were stopped: 0.0332542 seconds, Stopping threads took: 0.0003880 seconds
2024-10-09T21:27:16.132+0300: 645.343: Application time: 0.1833838 seconds
2024-10-09T21:27:16.132+0300: 645.344: [GC (Allocation Failure) 2024-10-09T21:27:16.132+0300: 645.344: [ParNew: 460096K->51072K(460096K), 0.0256383 secs] 1059320K->668354K(4143232K), 0.0257402 secs] [Times: user=0.09 sys=0.00, real=0.03 secs] 
2024-10-09T21:27:16.165+0300: 645.369: Total time for which application threads were stopped: 0.0260948 seconds, Stopping threads took: 0.0002052 seconds
2024-10-09T21:27:16.336+0300: 645.550: Application time: 0.1805239 seconds
2024-10-09T21:27:16.336+0300: 645.550: [GC (Allocation Failure) 2024-10-09T21:27:16.336+0300: 645.550: [ParNew: 460096K->51072K(460096K), 0.0238229 secs] 1077378K->677164K(4143232K), 0.0239171 secs] [Times: user=0.11 sys=0.00, real=0.03 secs] 
2024-10-09T21:27:16.367+0300: 645.574: Total time for which application threads were stopped: 0.0242456 seconds, Stopping threads took: 0.0001636 seconds
2024-10-09T21:27:16.540+0300: 645.748: Application time: 0.1740190 seconds
2024-10-09T21:27:16.540+0300: 645.748: [GC (Allocation Failure) 2024-10-09T21:27:16.540+0300: 645.748: [ParNew: 460096K->47710K(460096K), 0.0276650 secs] 1086188K->695260K(4143232K), 0.0277702 secs] [Times: user=0.19 sys=0.00, real=0.03 secs] 
2024-10-09T21:27:16.571+0300: 645.776: Total time for which application threads were stopped: 0.0280643 seconds, Stopping threads took: 0.0001339 seconds
2024-10-09T21:27:16.760+0300: 645.964: Application time: 0.1881962 seconds
2024-10-09T21:27:16.760+0300: 645.965: [GC (Allocation Failure) 2024-10-09T21:27:16.760+0300: 645.965: [ParNew: 456734K->41313K(460096K), 0.0273679 secs] 1104284K->711657K(4143232K), 0.0274585 secs] [Times: user=0.06 sys=0.00, real=0.02 secs] 
2024-10-09T21:27:16.775+0300: 645.992: Total time for which application threads were stopped: 0.0277311 seconds, Stopping threads took: 0.0001258 seconds
2024-10-09T21:27:16.979+0300: 646.183: Application time: 0.1912166 seconds
2024-10-09T21:27:16.979+0300: 646.184: [GC (Allocation Failure) 2024-10-09T21:27:16.979+0300: 646.184: [ParNew: 450337K->51072K(460096K), 0.0238084 secs] 1120681K->727121K(4143232K), 0.0238794 secs] [Times: user=0.06 sys=0.00, real=0.02 secs] 
2024-10-09T21:27:16.995+0300: 646.208: Total time for which application threads were stopped: 0.0241477 seconds, Stopping threads took: 0.0001150 seconds
2024-10-09T21:27:17.168+0300: 646.379: Application time: 0.1712137 seconds
2024-10-09T21:27:17.168+0300: 646.379: [GC (Allocation Failure) 2024-10-09T21:27:17.168+0300: 646.379: [ParNew: 460096K->51072K(460096K), 0.0311601 secs] 1136145K->755683K(4143232K), 0.0312364 secs] [Times: user=0.08 sys=0.00, real=0.03 secs] 
2024-10-09T21:27:17.199+0300: 646.410: Total time for which application threads were stopped: 0.0315528 seconds, Stopping threads took: 0.0001523 seconds
2024-10-09T21:27:17.387+0300: 646.592: Application time: 0.1815619 seconds
2024-10-09T21:27:17.387+0300: 646.592: [GC (Allocation Failure) 2024-10-09T21:27:17.387+0300: 646.592: [ParNew: 460096K->51072K(460096K), 0.0249819 secs] 1164707K->775234K(4143232K), 0.0250770 secs] [Times: user=0.09 sys=0.00, real=0.02 secs] 
2024-10-09T21:27:17.411+0300: 646.617: Total time for which application threads were stopped: 0.0253684 seconds, Stopping threads took: 0.0001362 seconds
2024-10-09T21:27:17.592+0300: 646.806: Application time: 0.1889456 seconds
2024-10-09T21:27:17.592+0300: 646.806: [GC (Allocation Failure) 2024-10-09T21:27:17.592+0300: 646.806: [ParNew: 460096K->51072K(460096K), 0.0269156 secs] 1184258K->782166K(4143232K), 0.0271215 secs] [Times: user=0.12 sys=0.00, real=0.03 secs] 
2024-10-09T21:27:17.623+0300: 646.834: Total time for which application threads were stopped: 0.0273843 seconds, Stopping threads took: 0.0001153 seconds
2024-10-09T21:27:17.796+0300: 647.004: Application time: 0.1708039 seconds
2024-10-09T21:27:17.796+0300: 647.005: [GC (Allocation Failure) 2024-10-09T21:27:17.796+0300: 647.005: [ParNew: 460096K->51072K(460096K), 0.0266777 secs] 1191190K->800418K(4143232K), 0.0267615 secs] [Times: user=0.05 sys=0.00, real=0.03 secs] 
2024-10-09T21:27:17.827+0300: 647.031: Total time for which application threads were stopped: 0.0270824 seconds, Stopping threads took: 0.0001693 seconds
2024-10-09T21:27:18.000+0300: 647.203: Application time: 0.1720410 seconds
2024-10-09T21:27:18.000+0300: 647.204: [GC (Allocation Failure) 2024-10-09T21:27:18.000+0300: 647.204: [ParNew: 460096K->51072K(460096K), 0.0277593 secs] 1209442K->822549K(4143232K), 0.0278512 secs] [Times: user=0.08 sys=0.00, real=0.02 secs] 
2024-10-09T21:27:18.015+0300: 647.232: Total time for which application threads were stopped: 0.0281273 seconds, Stopping threads took: 0.0001233 seconds
2024-10-09T21:27:18.204+0300: 647.414: Application time: 0.1824819 seconds
2024-10-09T21:27:18.204+0300: 647.414: [GC (Allocation Failure) 2024-10-09T21:27:18.204+0300: 647.414: [ParNew: 460096K->51072K(460096K), 0.0237706 secs] 1231573K->835839K(4143232K), 0.0238529 secs] [Times: user=0.01 sys=0.00, real=0.03 secs] 
2024-10-09T21:27:18.233+0300: 647.438: Total time for which application threads were stopped: 0.0241182 seconds, Stopping threads took: 0.0001463 seconds
2024-10-09T21:27:18.392+0300: 647.607: Application time: 0.1686013 seconds
2024-10-09T21:27:18.392+0300: 647.607: [GC (Allocation Failure) 2024-10-09T21:27:18.392+0300: 647.607: [ParNew: 460096K->51072K(460096K), 0.0289441 secs] 1244863K->859240K(4143232K), 0.0290318 secs] [Times: user=0.03 sys=0.00, real=0.03 secs] 
2024-10-09T21:27:18.423+0300: 647.636: Total time for which application threads were stopped: 0.0293111 seconds, Stopping threads took: 0.0001478 seconds
2024-10-09T21:27:18.612+0300: 647.816: Application time: 0.1800503 seconds
2024-10-09T21:27:18.612+0300: 647.816: [GC (Allocation Failure) 2024-10-09T21:27:18.612+0300: 647.817: [ParNew: 460096K->51072K(460096K), 0.0324798 secs] 1268264K->883068K(4143232K), 0.0325753 secs] [Times: user=0.25 sys=0.00, real=0.03 secs] 
2024-10-09T21:27:18.643+0300: 647.849: Total time for which application threads were stopped: 0.0328766 seconds, Stopping threads took: 0.0001638 seconds
2024-10-09T21:27:18.816+0300: 648.024: Application time: 0.1747530 seconds
2024-10-09T21:27:18.816+0300: 648.024: [GC (Allocation Failure) 2024-10-09T21:27:18.816+0300: 648.024: [ParNew: 460096K->51072K(460096K), 0.0262241 secs] 1292092K->902722K(4143232K), 0.0263479 secs] [Times: user=0.01 sys=0.00, real=0.03 secs] 
2024-10-09T21:27:18.847+0300: 648.051: Total time for which application threads were stopped: 0.0266560 seconds, Stopping threads took: 0.0001673 seconds
2024-10-09T21:27:19.020+0300: 648.225: Application time: 0.1740897 seconds
2024-10-09T21:27:19.020+0300: 648.226: [GC (Allocation Failure) 2024-10-09T21:27:19.020+0300: 648.226: [ParNew: 460096K->51072K(460096K), 0.0266997 secs] 1311746K->918645K(4143232K), 0.0267907 secs] [Times: user=0.11 sys=0.00, real=0.02 secs] 
2024-10-09T21:27:19.036+0300: 648.252: Total time for which application threads were stopped: 0.0277794 seconds, Stopping threads took: 0.0008327 seconds
2024-10-09T21:27:19.224+0300: 648.432: Application time: 0.1791459 seconds
2024-10-09T21:27:19.224+0300: 648.432: [GC (Allocation Failure) 2024-10-09T21:27:19.224+0300: 648.432: [ParNew: 460096K->51072K(460096K), 0.0245609 secs] 1327669K->932652K(4143232K), 0.0246521 secs] [Times: user=0.02 sys=0.00, real=0.02 secs] 
2024-10-09T21:27:19.240+0300: 648.456: Total time for which application threads were stopped: 0.0249467 seconds, Stopping threads took: 0.0001571 seconds
2024-10-09T21:27:19.412+0300: 648.625: Application time: 0.1684884 seconds
2024-10-09T21:27:19.412+0300: 648.625: [GC (Allocation Failure) 2024-10-09T21:27:19.412+0300: 648.625: [ParNew: 460096K->51072K(460096K), 0.0229157 secs] 1341676K->944061K(4143232K), 0.0230080 secs] [Times: user=0.08 sys=0.00, real=0.03 secs] 
2024-10-09T21:27:19.444+0300: 648.648: Total time for which application threads were stopped: 0.0233107 seconds, Stopping threads took: 0.0001675 seconds
2024-10-09T21:27:19.616+0300: 648.827: Application time: 0.1785827 seconds
2024-10-09T21:27:19.616+0300: 648.827: [GC (Allocation Failure) 2024-10-09T21:27:19.616+0300: 648.827: [ParNew: 460096K->50828K(460096K), 0.0326039 secs] 1353085K->969257K(4143232K), 0.0326962 secs] [Times: user=0.09 sys=0.00, real=0.03 secs] 
2024-10-09T21:27:19.648+0300: 648.860: Total time for which application threads were stopped: 0.0329730 seconds, Stopping threads took: 0.0001289 seconds
2024-10-09T21:27:19.820+0300: 649.038: Application time: 0.1781391 seconds
2024-10-09T21:27:19.820+0300: 649.038: [GC (Allocation Failure) 2024-10-09T21:27:19.820+0300: 649.038: [ParNew: 459852K->51072K(460096K), 0.0264460 secs] 1378281K->986596K(4143232K), 0.0265303 secs] [Times: user=0.05 sys=0.00, real=0.04 secs] 
2024-10-09T21:27:19.861+0300: 649.065: Total time for which application threads were stopped: 0.0267843 seconds, Stopping threads took: 0.0001245 seconds
2024-10-09T21:27:20.025+0300: 649.239: Application time: 0.1740440 seconds
2024-10-09T21:27:20.025+0300: 649.239: [GC (Allocation Failure) 2024-10-09T21:27:20.025+0300: 649.239: [ParNew: 460096K->51072K(460096K), 0.0284670 secs] 1395620K->1007227K(4143232K), 0.0285578 secs] [Times: user=0.03 sys=0.00, real=0.03 secs] 
2024-10-09T21:27:20.056+0300: 649.268: Total time for which application threads were stopped: 0.0288340 seconds, Stopping threads took: 0.0001526 seconds
2024-10-09T21:27:20.229+0300: 649.432: Application time: 0.1646150 seconds
2024-10-09T21:27:20.229+0300: 649.432: [GC (Allocation Failure) 2024-10-09T21:27:20.229+0300: 649.433: [ParNew: 460096K->51001K(460096K), 0.0284176 secs] 1416251K->1034601K(4143232K), 0.0285220 secs] [Times: user=0.02 sys=0.00, real=0.02 secs] 
2024-10-09T21:27:20.245+0300: 649.461: Total time for which application threads were stopped: 0.0287893 seconds, Stopping threads took: 0.0001357 seconds
2024-10-09T21:27:20.438+0300: 649.644: Application time: 0.1828366 seconds
2024-10-09T21:27:20.438+0300: 649.644: [GC (Allocation Failure) 2024-10-09T21:27:20.438+0300: 649.644: [ParNew: 460025K->51072K(460096K), 0.0242359 secs] 1443625K->1048437K(4143232K), 0.0243336 secs] [Times: user=0.02 sys=0.00, real=0.03 secs] 
2024-10-09T21:27:20.465+0300: 649.668: Total time for which application threads were stopped: 0.0245889 seconds, Stopping threads took: 0.0001284 seconds
2024-10-09T21:27:20.638+0300: 649.851: Application time: 0.1823827 seconds
2024-10-09T21:27:20.638+0300: 649.851: [GC (Allocation Failure) 2024-10-09T21:27:20.638+0300: 649.851: [ParNew: 460096K->51072K(460096K), 0.0239669 secs] 1457461K->1060378K(4143232K), 0.0240518 secs] [Times: user=0.03 sys=0.00, real=0.03 secs] 
2024-10-09T21:27:20.669+0300: 649.875: Total time for which application threads were stopped: 0.0243102 seconds, Stopping threads took: 0.0001323 seconds
2024-10-09T21:27:20.825+0300: 650.040: Application time: 0.1648597 seconds
2024-10-09T21:27:20.825+0300: 650.040: [GC (Allocation Failure) 2024-10-09T21:27:20.825+0300: 650.040: [ParNew: 460096K->51072K(460096K), 0.0255899 secs] 1469402K->1082328K(4143232K), 0.0256749 secs] [Times: user=0.03 sys=0.00, real=0.03 secs] 
2024-10-09T21:27:20.857+0300: 650.066: Total time for which application threads were stopped: 0.0259452 seconds, Stopping threads took: 0.0001318 seconds
2024-10-09T21:27:21.045+0300: 650.252: Application time: 0.1858319 seconds
2024-10-09T21:27:21.045+0300: 650.252: [GC (Allocation Failure) 2024-10-09T21:27:21.045+0300: 650.252: [ParNew: 460096K->51072K(460096K), 0.0221704 secs] 1491352K->1092082K(4143232K), 0.0222611 secs] [Times: user=0.02 sys=0.00, real=0.02 secs] 
2024-10-09T21:27:21.061+0300: 650.274: Total time for which application threads were stopped: 0.0225232 seconds, Stopping threads took: 0.0001370 seconds
2024-10-09T21:27:21.249+0300: 650.459: Application time: 0.1846995 seconds
2024-10-09T21:27:21.249+0300: 650.459: [GC (Allocation Failure) 2024-10-09T21:27:21.249+0300: 650.459: [ParNew: 460096K->51072K(460096K), 0.0240387 secs] 1501106K->1103986K(4143232K), 0.0241347 secs] [Times: user=0.01 sys=0.00, real=0.02 secs] 
2024-10-09T21:27:21.265+0300: 650.484: Total time for which application threads were stopped: 0.0244538 seconds, Stopping threads took: 0.0001709 seconds
2024-10-09T21:27:21.440+0300: 650.646: Application time: 0.1626316 seconds
2024-10-09T21:27:21.440+0300: 650.646: [GC (Allocation Failure) 2024-10-09T21:27:21.440+0300: 650.646: [ParNew: 460096K->46759K(460096K), 0.0258301 secs] 1513010K->1121434K(4143232K), 0.0259253 secs] [Times: user=0.03 sys=0.00, real=0.01 secs] 
2024-10-09T21:27:21.454+0300: 650.672: Total time for which application threads were stopped: 0.0262201 seconds, Stopping threads took: 0.0001503 seconds
2024-10-09T21:27:21.658+0300: 650.863: Application time: 0.1909844 seconds
2024-10-09T21:27:21.658+0300: 650.864: [GC (Allocation Failure) 2024-10-09T21:27:21.658+0300: 650.864: [ParNew: 455783K->50846K(460096K), 0.0244491 secs] 1530458K->1142062K(4143232K), 0.0245371 secs] [Times: user=0.05 sys=0.00, real=0.02 secs] 
2024-10-09T21:27:21.673+0300: 650.888: Total time for which application threads were stopped: 0.0248322 seconds, Stopping threads took: 0.0001545 seconds
2024-10-09T21:27:21.877+0300: 651.082: Application time: 0.1942357 seconds
2024-10-09T21:27:21.877+0300: 651.083: [GC (Allocation Failure) 2024-10-09T21:27:21.877+0300: 651.083: [ParNew: 459870K->51072K(460096K), 0.0275261 secs] 1551086K->1158979K(4143232K), 0.0276146 secs] [Times: user=0.03 sys=0.00, real=0.02 secs] 
2024-10-09T21:27:21.893+0300: 651.110: Total time for which application threads were stopped: 0.0278589 seconds, Stopping threads took: 0.0001156 seconds
2024-10-09T21:27:22.066+0300: 651.275: Application time: 0.1651388 seconds
2024-10-09T21:27:22.066+0300: 651.276: [GC (Allocation Failure) 2024-10-09T21:27:22.066+0300: 651.276: [ParNew: 460096K->51072K(460096K), 0.0262404 secs] 1568003K->1177837K(4143232K), 0.0263355 secs] [Times: user=0.03 sys=0.00, real=0.03 secs] 
2024-10-09T21:27:22.097+0300: 651.302: Total time for which application threads were stopped: 0.0266292 seconds, Stopping threads took: 0.0001556 seconds
2024-10-09T21:27:22.270+0300: 651.484: Application time: 0.1823189 seconds
2024-10-09T21:27:22.270+0300: 651.485: [GC (Allocation Failure) 2024-10-09T21:27:22.270+0300: 651.485: [ParNew: 460096K->44406K(460096K), 0.0289358 secs] 1586861K->1200466K(4143232K), 0.0290239 secs] [Times: user=0.03 sys=0.00, real=0.03 secs] 
2024-10-09T21:27:22.301+0300: 651.514: Total time for which application threads were stopped: 0.0293352 seconds, Stopping threads took: 0.0001828 seconds
2024-10-09T21:27:22.492+0300: 651.701: Application time: 0.1874032 seconds
2024-10-09T21:27:22.492+0300: 651.701: [GC (Allocation Failure) 2024-10-09T21:27:22.492+0300: 651.701: [ParNew: 453430K->51072K(460096K), 0.0257575 secs] 1609490K->1222749K(4143232K), 0.0258548 secs] [Times: user=0.06 sys=0.00, real=0.03 secs] 
2024-10-09T21:27:22.520+0300: 651.727: Total time for which application threads were stopped: 0.0261135 seconds, Stopping threads took: 0.0001279 seconds
2024-10-09T21:27:22.693+0300: 651.904: Application time: 0.1767210 seconds
2024-10-09T21:27:22.693+0300: 651.904: [GC (Allocation Failure) 2024-10-09T21:27:22.693+0300: 651.904: [ParNew: 460096K->51072K(460096K), 0.0234416 secs] 1631773K->1232894K(4143232K), 0.0235341 secs] [Times: user=0.05 sys=0.00, real=0.03 secs] 
2024-10-09T21:27:22.724+0300: 651.928: Total time for which application threads were stopped: 0.0238330 seconds, Stopping threads took: 0.0001405 seconds
2024-10-09T21:27:22.897+0300: 652.105: Application time: 0.1776260 seconds
2024-10-09T21:27:22.897+0300: 652.106: [GC (Allocation Failure) 2024-10-09T21:27:22.897+0300: 652.106: [ParNew: 460096K->46529K(460096K), 0.0311324 secs] 1641918K->1261633K(4143232K), 0.0312199 secs] [Times: user=0.03 sys=0.00, real=0.03 secs] 
2024-10-09T21:27:22.928+0300: 652.137: Total time for which application threads were stopped: 0.0314944 seconds, Stopping threads took: 0.0001540 seconds
2024-10-09T21:27:23.117+0300: 652.328: Application time: 0.1906086 seconds
2024-10-09T21:27:23.117+0300: 652.328: [GC (Allocation Failure) 2024-10-09T21:27:23.117+0300: 652.328: [ParNew: 455553K->51072K(460096K), 0.0255144 secs] 1670657K->1285703K(4143232K), 0.0256058 secs] [Times: user=0.05 sys=0.00, real=0.03 secs] 
2024-10-09T21:27:23.149+0300: 652.353: Total time for which application threads were stopped: 0.0258736 seconds, Stopping threads took: 0.0001436 seconds
2024-10-09T21:27:23.321+0300: 652.529: Application time: 0.1757033 seconds
2024-10-09T21:27:23.321+0300: 652.529: [GC (Allocation Failure) 2024-10-09T21:27:23.321+0300: 652.529: [ParNew: 460096K->51072K(460096K), 0.0227870 secs] 1694727K->1293063K(4143232K), 0.0228711 secs] [Times: user=0.02 sys=0.00, real=0.02 secs] 
2024-10-09T21:27:23.344+0300: 652.552: Total time for which application threads were stopped: 0.0231210 seconds, Stopping threads took: 0.0001322 seconds
2024-10-09T21:27:23.510+0300: 652.725: Application time: 0.1726022 seconds
2024-10-09T21:27:23.510+0300: 652.725: [GC (Allocation Failure) 2024-10-09T21:27:23.510+0300: 652.725: [ParNew: 460096K->48342K(460096K), 0.0296263 secs] 1702087K->1319347K(4143232K), 0.0297139 secs] [Times: user=0.06 sys=0.00, real=0.03 secs] 
2024-10-09T21:27:23.544+0300: 652.755: Total time for which application threads were stopped: 0.0300455 seconds, Stopping threads took: 0.0002118 seconds
2024-10-09T21:27:23.745+0300: 652.952: Application time: 0.1971966 seconds
2024-10-09T21:27:23.745+0300: 652.952: [GC (Allocation Failure) 2024-10-09T21:27:23.745+0300: 652.952: [ParNew: 457366K->49343K(460096K), 0.0245207 secs] 1728371K->1335724K(4143232K), 0.0246178 secs] [Times: user=0.08 sys=0.00, real=0.02 secs] 
2024-10-09T21:27:23.760+0300: 652.977: Total time for which application threads were stopped: 0.0249404 seconds, Stopping threads took: 0.0001721 seconds
2024-10-09T21:27:23.945+0300: 653.152: Application time: 0.1747162 seconds
2024-10-09T21:27:23.949+0300: 653.152: [GC (Allocation Failure) 2024-10-09T21:27:23.949+0300: 653.152: [ParNew: 458367K->51072K(460096K), 0.0262921 secs] 1744748K->1352340K(4143232K), 0.0263778 secs] [Times: user=0.02 sys=0.00, real=0.02 secs] 
2024-10-09T21:27:23.965+0300: 653.178: Total time for which application threads were stopped: 0.0266486 seconds, Stopping threads took: 0.0001504 seconds
2024-10-09T21:27:24.146+0300: 653.353: Application time: 0.1749766 seconds
2024-10-09T21:27:24.146+0300: 653.354: [GC (Allocation Failure) 2024-10-09T21:27:24.146+0300: 653.354: [ParNew: 460096K->51072K(460096K), 0.0351273 secs] 1761364K->1387549K(4143232K), 0.0352219 secs] [Times: user=0.06 sys=0.00, real=0.04 secs] 
2024-10-09T21:27:24.184+0300: 653.389: Total time for which application threads were stopped: 0.0355109 seconds, Stopping threads took: 0.0001685 seconds
2024-10-09T21:27:24.357+0300: 653.567: Application time: 0.1783746 seconds
2024-10-09T21:27:24.357+0300: 653.568: [GC (Allocation Failure) 2024-10-09T21:27:24.357+0300: 653.568: [ParNew: 460096K->51072K(460096K), 0.0253181 secs] 1796573K->1407192K(4143232K), 0.0254021 secs] [Times: user=0.06 sys=0.00, real=0.03 secs] 
2024-10-09T21:27:24.388+0300: 653.593: Total time for which application threads were stopped: 0.0256878 seconds, Stopping threads took: 0.0001602 seconds
2024-10-09T21:27:24.547+0300: 653.762: Application time: 0.1691746 seconds
2024-10-09T21:27:24.547+0300: 653.762: [GC (Allocation Failure) 2024-10-09T21:27:24.547+0300: 653.762: [ParNew: 460096K->51072K(460096K), 0.0295139 secs] 1816216K->1430544K(4143232K), 0.0296010 secs] [Times: user=0.03 sys=0.00, real=0.03 secs] 
2024-10-09T21:27:24.577+0300: 653.792: Total time for which application threads were stopped: 0.0299051 seconds, Stopping threads took: 0.0001829 seconds
2024-10-09T21:27:24.765+0300: 653.972: Application time: 0.1802036 seconds
2024-10-09T21:27:24.765+0300: 653.972: [GC (Allocation Failure) 2024-10-09T21:27:24.765+0300: 653.972: [ParNew: 460096K->51072K(460096K), 0.0278881 secs] 1839568K->1453264K(4143232K), 0.0279749 secs] [Times: user=0.03 sys=0.00, real=0.03 secs] 
2024-10-09T21:27:24.796+0300: 654.000: Total time for which application threads were stopped: 0.0282153 seconds, Stopping threads took: 0.0001086 seconds
2024-10-09T21:27:24.969+0300: 654.181: Application time: 0.1803759 seconds
2024-10-09T21:27:24.969+0300: 654.182: [GC (Allocation Failure) 2024-10-09T21:27:24.969+0300: 654.183: [ParNew: 460096K->51072K(460096K), 0.0291569 secs] 1862288K->1478164K(4143232K), 0.0292541 secs] [Times: user=0.05 sys=0.00, real=0.03 secs] 
2024-10-09T21:27:25.001+0300: 654.212: Total time for which application threads were stopped: 0.0309341 seconds, Stopping threads took: 0.0015211 seconds
2024-10-09T21:27:25.173+0300: 654.379: Application time: 0.1676634 seconds
2024-10-09T21:27:25.173+0300: 654.380: [GC (Allocation Failure) 2024-10-09T21:27:25.173+0300: 654.380: [ParNew: 460096K->51072K(460096K), 0.0234389 secs] 1887188K->1487612K(4143232K), 0.0235186 secs] [Times: user=0.01 sys=0.00, real=0.02 secs] 
2024-10-09T21:27:25.189+0300: 654.403: Total time for which application threads were stopped: 0.0237963 seconds, Stopping threads took: 0.0001569 seconds
2024-10-09T21:27:25.378+0300: 654.582: Application time: 0.1785547 seconds
2024-10-09T21:27:25.379+0300: 654.582: [GC (Allocation Failure) 2024-10-09T21:27:25.379+0300: 654.582: [ParNew: 460096K->47794K(460096K), 0.0314272 secs] 1896636K->1515543K(4143232K), 0.0315035 secs] [Times: user=0.08 sys=0.00, real=0.03 secs] 
2024-10-09T21:27:25.408+0300: 654.614: Total time for which application threads were stopped: 0.0317973 seconds, Stopping threads took: 0.0001460 seconds
2024-10-09T21:27:25.581+0300: 654.795: Application time: 0.1818621 seconds
2024-10-09T21:27:25.581+0300: 654.796: [GC (Allocation Failure) 2024-10-09T21:27:25.581+0300: 654.796: [ParNew: 456818K->51072K(460096K), 0.0238821 secs] 1924567K->1532817K(4143232K), 0.0239955 secs] [Times: user=0.11 sys=0.00, real=0.03 secs] 
2024-10-09T21:27:25.612+0300: 654.820: Total time for which application threads were stopped: 0.0243179 seconds, Stopping threads took: 0.0001425 seconds
2024-10-09T21:27:25.785+0300: 654.996: Application time: 0.1764223 seconds
2024-10-09T21:27:25.785+0300: 654.996: [GC (Allocation Failure) 2024-10-09T21:27:25.785+0300: 654.996: [ParNew: 460096K->51072K(460096K), 0.0294452 secs] 1941841K->1554811K(4143232K), 0.0295292 secs] [Times: user=0.03 sys=0.00, real=0.03 secs] 
2024-10-09T21:27:25.816+0300: 655.026: Total time for which application threads were stopped: 0.0297941 seconds, Stopping threads took: 0.0001396 seconds
2024-10-09T21:27:25.989+0300: 655.198: Application time: 0.1722434 seconds
2024-10-09T21:27:25.989+0300: 655.198: [GC (Allocation Failure) 2024-10-09T21:27:25.989+0300: 655.198: [ParNew: 460096K->51072K(460096K), 0.0293153 secs] 1963835K->1581508K(4143232K), 0.0294001 secs] [Times: user=0.03 sys=0.00, real=0.03 secs] 
2024-10-09T21:27:26.020+0300: 655.228: Total time for which application threads were stopped: 0.0296593 seconds, Stopping threads took: 0.0001408 seconds
2024-10-09T21:27:26.194+0300: 655.402: Application time: 0.1737254 seconds
2024-10-09T21:27:26.194+0300: 655.402: [GC (Allocation Failure) 2024-10-09T21:27:26.194+0300: 655.402: [ParNew: 460096K->51072K(460096K), 0.0238060 secs] 1990532K->1593250K(4143232K), 0.0238985 secs] [Times: user=0.01 sys=0.00, real=0.02 secs] 
2024-10-09T21:27:26.209+0300: 655.426: Total time for which application threads were stopped: 0.0241800 seconds, Stopping threads took: 0.0001435 seconds
2024-10-09T21:27:26.397+0300: 655.603: Application time: 0.1770384 seconds
2024-10-09T21:27:26.397+0300: 655.603: [GC (Allocation Failure) 2024-10-09T21:27:26.397+0300: 655.603: [ParNew: 460096K->50954K(460096K), 0.0299205 secs] 2002274K->1616194K(4143232K), 0.0300075 secs] [Times: user=0.03 sys=0.00, real=0.03 secs] 
2024-10-09T21:27:26.429+0300: 655.633: Total time for which application threads were stopped: 0.0302483 seconds, Stopping threads took: 0.0001081 seconds
2024-10-09T21:27:26.601+0300: 655.815: Application time: 0.1817334 seconds
2024-10-09T21:27:26.601+0300: 655.815: [GC (Allocation Failure) 2024-10-09T21:27:26.601+0300: 655.815: [ParNew: 459978K->51072K(460096K), 0.0279810 secs] 2025218K->1633869K(4143232K), 0.0280666 secs] [Times: user=0.09 sys=0.00, real=0.03 secs] 
2024-10-09T21:27:26.633+0300: 655.843: Total time for which application threads were stopped: 0.0283864 seconds, Stopping threads took: 0.0001869 seconds
2024-10-09T21:27:26.805+0300: 656.016: Application time: 0.1727625 seconds
2024-10-09T21:27:26.805+0300: 656.016: [GC (Allocation Failure) 2024-10-09T21:27:26.805+0300: 656.016: [ParNew: 460096K->48588K(460096K), 0.0248714 secs] 2042893K->1648413K(4143232K), 0.0249471 secs] [Times: user=0.03 sys=0.00, real=0.03 secs] 
2024-10-09T21:27:26.837+0300: 656.041: Total time for which application threads were stopped: 0.0252134 seconds, Stopping threads took: 0.0001483 seconds
2024-10-09T21:27:27.009+0300: 656.217: Application time: 0.1753002 seconds
2024-10-09T21:27:27.009+0300: 656.217: [GC (Allocation Failure) 2024-10-09T21:27:27.009+0300: 656.217: [ParNew: 457612K->51072K(460096K), 0.0243329 secs] 2057437K->1667947K(4143232K), 0.0244325 secs] [Times: user=0.02 sys=0.00, real=0.02 secs] 
2024-10-09T21:27:27.025+0300: 656.241: Total time for which application threads were stopped: 0.0247323 seconds, Stopping threads took: 0.0001486 seconds
2024-10-09T21:27:27.213+0300: 656.428: Application time: 0.1868861 seconds
2024-10-09T21:27:27.213+0300: 656.428: [GC (Allocation Failure) 2024-10-09T21:27:27.213+0300: 656.428: [ParNew: 460096K->51072K(460096K), 0.0246356 secs] 2076971K->1680694K(4143232K), 0.0247290 secs] [Times: user=0.03 sys=0.00, real=0.03 secs] 
2024-10-09T21:27:27.244+0300: 656.453: Total time for which application threads were stopped: 0.0250289 seconds, Stopping threads took: 0.0001503 seconds
2024-10-09T21:27:27.402+0300: 656.617: Application time: 0.1643180 seconds
2024-10-09T21:27:27.402+0300: 656.618: [GC (Allocation Failure) 2024-10-09T21:27:27.402+0300: 656.618: [ParNew: 460096K->45227K(460096K), 0.0299672 secs] 2089718K->1701798K(4143232K), 0.0300589 secs] [Times: user=0.06 sys=0.00, real=0.03 secs] 
2024-10-09T21:27:27.433+0300: 656.648: Total time for which application threads were stopped: 0.0303675 seconds, Stopping threads took: 0.0001743 seconds
2024-10-09T21:27:27.621+0300: 656.831: Application time: 0.1831361 seconds
2024-10-09T21:27:27.621+0300: 656.831: [GC (Allocation Failure) 2024-10-09T21:27:27.621+0300: 656.831: [ParNew: 454251K->51072K(460096K), 0.0259329 secs] 2110822K->1730748K(4143232K), 0.0260224 secs] [Times: user=0.01 sys=0.00, real=0.03 secs] 
2024-10-09T21:27:27.653+0300: 656.857: Total time for which application threads were stopped: 0.0263039 seconds, Stopping threads took: 0.0001355 seconds
2024-10-09T21:27:27.841+0300: 657.052: Application time: 0.1943250 seconds
2024-10-09T21:27:27.841+0300: 657.052: [GC (Allocation Failure) 2024-10-09T21:27:27.841+0300: 657.052: [ParNew: 460096K->51072K(460096K), 0.0247094 secs] 2139772K->1740162K(4143232K), 0.0247940 secs] [Times: user=0.03 sys=0.00, real=0.03 secs] 
2024-10-09T21:27:27.873+0300: 657.077: Total time for which application threads were stopped: 0.0250429 seconds, Stopping threads took: 0.0001238 seconds
2024-10-09T21:27:28.030+0300: 657.243: Application time: 0.1658972 seconds
2024-10-09T21:27:28.030+0300: 657.243: [GC (Allocation Failure) 2024-10-09T21:27:28.030+0300: 657.243: [ParNew: 460096K->51072K(460096K), 0.0279527 secs] 2149186K->1757217K(4143232K), 0.0280371 secs] [Times: user=0.03 sys=0.00, real=0.03 secs] 
2024-10-09T21:27:28.061+0300: 657.271: Total time for which application threads were stopped: 0.0282956 seconds, Stopping threads took: 0.0001349 seconds
2024-10-09T21:27:28.234+0300: 657.443: Application time: 0.1723820 seconds
2024-10-09T21:27:28.234+0300: 657.443: [GC (Allocation Failure) 2024-10-09T21:27:28.234+0300: 657.443: [ParNew: 460096K->41468K(460096K), 0.0286731 secs] 2166241K->1780253K(4143232K), 0.0287590 secs] [Times: user=0.02 sys=0.00, real=0.03 secs] 
2024-10-09T21:27:28.265+0300: 657.472: Total time for which application threads were stopped: 0.0290162 seconds, Stopping threads took: 0.0001284 seconds
2024-10-09T21:27:28.455+0300: 657.664: Application time: 0.1920773 seconds
2024-10-09T21:27:28.455+0300: 657.665: [GC (Allocation Failure) 2024-10-09T21:27:28.455+0300: 657.665: [ParNew: 450492K->51072K(460096K), 0.0217497 secs] 2189277K->1792284K(4143232K), 0.0218518 secs] [Times: user=0.09 sys=0.00, real=0.01 secs] 
2024-10-09T21:27:28.469+0300: 657.686: Total time for which application threads were stopped: 0.0221257 seconds, Stopping threads took: 0.0001181 seconds
2024-10-09T21:27:28.658+0300: 657.868: Application time: 0.1813764 seconds
2024-10-09T21:27:28.658+0300: 657.868: [GC (Allocation Failure) 2024-10-09T21:27:28.658+0300: 657.868: [ParNew: 460096K->51072K(460096K), 0.0293480 secs] 2201308K->1811378K(4143232K), 0.0294408 secs] [Times: user=0.03 sys=0.00, real=0.03 secs] 
2024-10-09T21:27:28.689+0300: 657.898: Total time for which application threads were stopped: 0.0297627 seconds, Stopping threads took: 0.0001793 seconds
2024-10-09T21:27:28.856+0300: 658.062: Application time: 0.1647325 seconds
2024-10-09T21:27:28.856+0300: 658.063: [GC (Allocation Failure) 2024-10-09T21:27:28.856+0300: 658.063: [ParNew: 460096K->51072K(460096K), 0.0297760 secs] 2220402K->1846694K(4143232K), 0.0298609 secs] [Times: user=0.02 sys=0.00, real=0.02 secs] 
2024-10-09T21:27:28.877+0300: 658.092: Total time for which application threads were stopped: 0.0301177 seconds, Stopping threads took: 0.0001378 seconds
2024-10-09T21:27:29.066+0300: 658.284: Application time: 0.1918248 seconds
2024-10-09T21:27:29.066+0300: 658.285: [GC (Allocation Failure) 2024-10-09T21:27:29.066+0300: 658.285: [ParNew: 460096K->51072K(460096K), 0.0211702 secs] 2255718K->1849304K(4143232K), 0.0212578 secs] [Times: user=0.03 sys=0.00, real=0.03 secs] 
2024-10-09T21:27:29.097+0300: 658.306: Total time for which application threads were stopped: 0.0215276 seconds, Stopping threads took: 0.0001497 seconds
2024-10-09T21:27:29.270+0300: 658.484: Application time: 0.1784296 seconds
2024-10-09T21:27:29.270+0300: 658.485: [GC (Allocation Failure) 2024-10-09T21:27:29.270+0300: 658.485: [ParNew: 460096K->51072K(460096K), 0.0286274 secs] 2258328K->1865821K(4143232K), 0.0287191 secs] [Times: user=0.03 sys=0.00, real=0.03 secs] 
2024-10-09T21:27:29.301+0300: 658.513: Total time for which application threads were stopped: 0.0290517 seconds, Stopping threads took: 0.0001854 seconds
2024-10-09T21:27:29.459+0300: 658.674: Application time: 0.1603179 seconds
2024-10-09T21:27:29.459+0300: 658.674: [GC (Allocation Failure) 2024-10-09T21:27:29.459+0300: 658.674: [ParNew: 460096K->51072K(460096K), 0.0313913 secs] 2274845K->1900166K(4143232K), 0.0314793 secs] [Times: user=0.05 sys=0.00, real=0.03 secs] 
2024-10-09T21:27:29.490+0300: 658.705: Total time for which application threads were stopped: 0.0317659 seconds, Stopping threads took: 0.0001639 seconds
2024-10-09T21:27:29.694+0300: 658.904: Application time: 0.1981979 seconds
2024-10-09T21:27:29.694+0300: 658.904: [GC (Allocation Failure) 2024-10-09T21:27:29.694+0300: 658.904: [ParNew: 460096K->49741K(460096K), 0.0245608 secs] 2309190K->1911556K(4143232K), 0.0246445 secs] [Times: user=0.01 sys=0.00, real=0.03 secs] 
2024-10-09T21:27:29.725+0300: 658.929: Total time for which application threads were stopped: 0.0249538 seconds, Stopping threads took: 0.0001739 seconds
2024-10-09T21:27:29.898+0300: 659.108: Application time: 0.1793620 seconds
2024-10-09T21:27:29.898+0300: 659.108: [GC (Allocation Failure) 2024-10-09T21:27:29.898+0300: 659.108: [ParNew: 458765K->51072K(460096K), 0.0278208 secs] 2320580K->1931655K(4143232K), 0.0279075 secs] [Times: user=0.03 sys=0.00, real=0.03 secs] 
2024-10-09T21:27:29.929+0300: 659.136: Total time for which application threads were stopped: 0.0281416 seconds, Stopping threads took: 0.0001110 seconds
2024-10-09T21:27:30.086+0300: 659.302: Application time: 0.1657342 seconds
2024-10-09T21:27:30.086+0300: 659.302: [GC (Allocation Failure) 2024-10-09T21:27:30.086+0300: 659.302: [ParNew: 460096K->51072K(460096K), 0.0280811 secs] 2340679K->1958162K(4143232K), 0.0281691 secs] [Times: user=0.03 sys=0.00, real=0.03 secs] 
2024-10-09T21:27:30.117+0300: 659.330: Total time for which application threads were stopped: 0.0284517 seconds, Stopping threads took: 0.0001575 seconds
2024-10-09T21:27:30.306+0300: 659.519: Application time: 0.1887148 seconds
2024-10-09T21:27:30.306+0300: 659.519: [GC (Allocation Failure) 2024-10-09T21:27:30.306+0300: 659.519: [ParNew: 460096K->45852K(460096K), 0.0252906 secs] 2367186K->1969206K(4143232K), 0.0253922 secs] [Times: user=0.03 sys=0.00, real=0.04 secs] 
2024-10-09T21:27:30.341+0300: 659.545: Total time for which application threads were stopped: 0.0257444 seconds, Stopping threads took: 0.0001768 seconds
2024-10-09T21:27:30.510+0300: 659.724: Application time: 0.1795941 seconds
2024-10-09T21:27:30.510+0300: 659.725: [GC (Allocation Failure) 2024-10-09T21:27:30.510+0300: 659.725: [ParNew: 454876K->51072K(460096K), 0.0251405 secs] 2378230K->1986943K(4143232K), 0.0252508 secs] [Times: user=0.03 sys=0.00, real=0.03 secs] 
2024-10-09T21:27:30.541+0300: 659.750: Total time for which application threads were stopped: 0.0255510 seconds, Stopping threads took: 0.0001516 seconds
2024-10-09T21:27:30.714+0300: 659.922: Application time: 0.1716320 seconds
2024-10-09T21:27:30.714+0300: 659.922: [GC (Allocation Failure) 2024-10-09T21:27:30.714+0300: 659.922: [ParNew: 460096K->51072K(460096K), 0.0287010 secs] 2395967K->2013861K(4143232K), 0.0287942 secs] [Times: user=0.03 sys=0.00, real=0.03 secs] 
2024-10-09T21:27:30.745+0300: 659.951: Total time for which application threads were stopped: 0.0290960 seconds, Stopping threads took: 0.0001501 seconds
2024-10-09T21:27:30.918+0300: 660.132: Application time: 0.1811876 seconds
2024-10-09T21:27:30.918+0300: 660.132: [GC (Allocation Failure) 2024-10-09T21:27:30.918+0300: 660.132: [ParNew: 460096K->50501K(460096K), 0.0286643 secs] 2422885K->2035068K(4143232K), 0.0287519 secs] [Times: user=0.03 sys=0.00, real=0.03 secs] 
2024-10-09T21:27:30.950+0300: 660.161: Total time for which application threads were stopped: 0.0290643 seconds, Stopping threads took: 0.0001854 seconds
2024-10-09T21:27:31.122+0300: 660.338: Application time: 0.1772169 seconds
2024-10-09T21:27:31.122+0300: 660.338: [GC (Allocation Failure) 2024-10-09T21:27:31.122+0300: 660.338: [ParNew: 459525K->51072K(460096K), 0.0236132 secs] 2444092K->2042708K(4143232K), 0.0237050 secs] [Times: user=0.03 sys=0.00, real=0.03 secs] 
2024-10-09T21:27:31.154+0300: 660.362: Total time for which application threads were stopped: 0.0240126 seconds, Stopping threads took: 0.0001783 seconds
2024-10-09T21:27:31.326+0300: 660.532: Application time: 0.1695393 seconds
2024-10-09T21:27:31.326+0300: 660.532: [GC (Allocation Failure) 2024-10-09T21:27:31.326+0300: 660.532: [ParNew: 460096K->51072K(460096K), 0.0290624 secs] 2451732K->2067933K(4143232K), 0.0291599 secs] [Times: user=0.02 sys=0.00, real=0.03 secs] 
2024-10-09T21:27:31.358+0300: 660.561: Total time for which application threads were stopped: 0.0294480 seconds, Stopping threads took: 0.0001538 seconds
2024-10-09T21:27:31.531+0300: 660.742: Application time: 0.1811630 seconds
2024-10-09T21:27:31.531+0300: 660.743: [GC (Allocation Failure) 2024-10-09T21:27:31.531+0300: 660.743: [ParNew: 460096K->51072K(460096K), 0.0247312 secs] 2476957K->2079760K(4143232K), 0.0248199 secs] [Times: user=0.02 sys=0.00, real=0.03 secs] 
2024-10-09T21:27:31.562+0300: 660.767: Total time for which application threads were stopped: 0.0251847 seconds, Stopping threads took: 0.0002204 seconds
2024-10-09T21:27:31.750+0300: 660.954: Application time: 0.1861220 seconds
2024-10-09T21:27:31.750+0300: 660.954: [GC (Allocation Failure) 2024-10-09T21:27:31.750+0300: 660.954: [ParNew: 460096K->51072K(460096K), 0.0283241 secs] 2488784K->2101496K(4143232K), 0.0284154 secs] [Times: user=0.08 sys=0.00, real=0.02 secs] 
2024-10-09T21:27:31.766+0300: 660.982: Total time for which application threads were stopped: 0.0287281 seconds, Stopping threads took: 0.0001723 seconds
2024-10-09T21:27:31.954+0300: 661.160: Application time: 0.1773131 seconds
2024-10-09T21:27:31.954+0300: 661.160: [GC (Allocation Failure) 2024-10-09T21:27:31.954+0300: 661.160: [ParNew: 460096K->51072K(460096K), 0.0258311 secs] 2510520K->2122362K(4143232K), 0.0259210 secs] [Times: user=0.01 sys=0.00, real=0.02 secs] 
2024-10-09T21:27:31.970+0300: 661.186: Total time for which application threads were stopped: 0.0261833 seconds, Stopping threads took: 0.0001368 seconds
2024-10-09T21:27:32.163+0300: 661.372: Application time: 0.1866622 seconds
2024-10-09T21:27:32.163+0300: 661.373: [GC (Allocation Failure) 2024-10-09T21:27:32.163+0300: 661.373: [ParNew: 460096K->51072K(460096K), 0.0236560 secs] 2531386K->2132512K(4143232K), 0.0237379 secs] [Times: user=0.03 sys=0.00, real=0.03 secs] 
2024-10-09T21:27:32.190+0300: 661.397: Total time for which application threads were stopped: 0.0240573 seconds, Stopping threads took: 0.0001954 seconds
2024-10-09T21:27:32.347+0300: 661.561: Application time: 0.1643628 seconds
2024-10-09T21:27:32.347+0300: 661.561: [GC (Allocation Failure) 2024-10-09T21:27:32.347+0300: 661.561: [ParNew: 460096K->51072K(460096K), 0.0275676 secs] 2541536K->2154093K(4143232K), 0.0276586 secs] [Times: user=0.05 sys=0.00, real=0.03 secs] 
2024-10-09T21:27:32.379+0300: 661.589: Total time for which application threads were stopped: 0.0279260 seconds, Stopping threads took: 0.0001397 seconds
2024-10-09T21:27:32.567+0300: 661.774: Application time: 0.1853086 seconds
2024-10-09T21:27:32.567+0300: 661.774: [GC (Allocation Failure) 2024-10-09T21:27:32.567+0300: 661.774: [ParNew: 460096K->51072K(460096K), 0.0246293 secs] 2563117K->2170189K(4143232K), 0.0247279 secs] [Times: user=0.01 sys=0.00, real=0.02 secs] 
2024-10-09T21:27:32.583+0300: 661.799: Total time for which application threads were stopped: 0.0250121 seconds, Stopping threads took: 0.0001474 seconds
2024-10-09T21:27:32.771+0300: 661.988: Application time: 0.1888525 seconds
2024-10-09T21:27:32.771+0300: 661.988: [GC (Allocation Failure) 2024-10-09T21:27:32.771+0300: 661.988: [ParNew: 460096K->51072K(460096K), 0.0248840 secs] 2579213K->2184019K(4143232K), 0.0249915 secs] [Times: user=0.08 sys=0.00, real=0.03 secs] 
2024-10-09T21:27:32.802+0300: 662.013: Total time for which application threads were stopped: 0.0252969 seconds, Stopping threads took: 0.0001476 seconds
2024-10-09T21:27:32.965+0300: 662.175: Application time: 0.1619961 seconds
2024-10-09T21:27:32.965+0300: 662.175: [GC (Allocation Failure) 2024-10-09T21:27:32.965+0300: 662.176: [ParNew: 460096K->51072K(460096K), 0.0265562 secs] 2593043K->2203944K(4143232K), 0.0266432 secs] [Times: user=0.02 sys=0.00, real=0.03 secs] 
2024-10-09T21:27:32.990+0300: 662.202: Total time for which application threads were stopped: 0.0268907 seconds, Stopping threads took: 0.0001295 seconds
2024-10-09T21:27:33.178+0300: 662.389: Application time: 0.1865895 seconds
2024-10-09T21:27:33.178+0300: 662.389: [GC (Allocation Failure) 2024-10-09T21:27:33.178+0300: 662.389: [ParNew: 460096K->44464K(460096K), 0.0255777 secs] 2612968K->2219365K(4143232K), 0.0256646 secs] [Times: user=0.02 sys=0.00, real=0.03 secs] 
2024-10-09T21:27:33.210+0300: 662.415: Total time for which application threads were stopped: 0.0259449 seconds, Stopping threads took: 0.0001545 seconds
2024-10-09T21:27:33.382+0300: 662.600: Application time: 0.1854494 seconds
2024-10-09T21:27:33.382+0300: 662.600: [GC (Allocation Failure) 2024-10-09T21:27:33.382+0300: 662.600: [ParNew: 453488K->51072K(460096K), 0.0284579 secs] 2628389K->2244803K(4143232K), 0.0285477 secs] [Times: user=0.01 sys=0.00, real=0.03 secs] 
2024-10-09T21:27:33.414+0300: 662.629: Total time for which application threads were stopped: 0.0288644 seconds, Stopping threads took: 0.0001687 seconds
2024-10-09T21:27:33.586+0300: 662.800: Application time: 0.1706605 seconds
2024-10-09T21:27:33.586+0300: 662.800: [GC (Allocation Failure) 2024-10-09T21:27:33.586+0300: 662.800: [ParNew: 460096K->51072K(460096K), 0.0301756 secs] 2653827K->2265912K(4143232K), 0.0302581 secs] [Times: user=0.19 sys=0.00, real=0.03 secs] 
2024-10-09T21:27:33.618+0300: 662.830: Total time for which application threads were stopped: 0.0306282 seconds, Stopping threads took: 0.0002150 seconds
2024-10-09T21:27:33.807+0300: 663.014: Application time: 0.1833348 seconds
2024-10-09T21:27:33.807+0300: 663.014: [GC (Allocation Failure) 2024-10-09T21:27:33.807+0300: 663.014: [ParNew: 460096K->47282K(460096K), 0.0275797 secs] 2674936K->2289464K(4143232K), 0.0276649 secs] [Times: user=0.03 sys=0.00, real=0.03 secs] 
2024-10-09T21:27:33.838+0300: 663.042: Total time for which application threads were stopped: 0.0279131 seconds, Stopping threads took: 0.0001268 seconds
2024-10-09T21:27:34.027+0300: 663.235: Application time: 0.1938353 seconds
2024-10-09T21:27:34.027+0300: 663.236: [GC (Allocation Failure) 2024-10-09T21:27:34.027+0300: 663.236: [ParNew: 456306K->47561K(460096K), 0.0246468 secs] 2698488K->2306087K(4143232K), 0.0247300 secs] [Times: user=0.02 sys=0.00, real=0.02 secs] 
2024-10-09T21:27:34.042+0300: 663.260: Total time for which application threads were stopped: 0.0249796 seconds, Stopping threads took: 0.0001277 seconds
2024-10-09T21:27:34.230+0300: 663.444: Application time: 0.1837513 seconds
2024-10-09T21:27:34.230+0300: 663.444: [GC (Allocation Failure) 2024-10-09T21:27:34.230+0300: 663.444: [ParNew: 456585K->51072K(460096K), 0.0243666 secs] 2715111K->2319111K(4143232K), 0.0244503 secs] [Times: user=0.03 sys=0.00, real=0.03 secs] 
2024-10-09T21:27:34.262+0300: 663.469: Total time for which application threads were stopped: 0.0247128 seconds, Stopping threads took: 0.0001419 seconds
2024-10-09T21:27:34.434+0300: 663.639: Application time: 0.1698158 seconds
2024-10-09T21:27:34.434+0300: 663.639: [GC (Allocation Failure) 2024-10-09T21:27:34.434+0300: 663.639: [ParNew: 460096K->48406K(460096K), 0.0297041 secs] 2728135K->2347351K(4143232K), 0.0297986 secs] [Times: user=0.02 sys=0.00, real=0.02 secs] 
2024-10-09T21:27:34.466+0300: 663.669: Total time for which application threads were stopped: 0.0301645 seconds, Stopping threads took: 0.0001710 seconds
2024-10-09T21:27:34.654+0300: 663.865: Application time: 0.1957047 seconds
2024-10-09T21:27:34.654+0300: 663.865: [GC (Allocation Failure) 2024-10-09T21:27:34.654+0300: 663.865: [ParNew: 457430K->42315K(460096K), 0.0256117 secs] 2756375K->2362205K(4143232K), 0.0257090 secs] [Times: user=0.01 sys=0.00, real=0.03 secs] 
2024-10-09T21:27:34.686+0300: 663.891: Total time for which application threads were stopped: 0.0259692 seconds, Stopping threads took: 0.0001132 seconds
2024-10-09T21:27:34.858+0300: 664.065: Application time: 0.1742215 seconds
2024-10-09T21:27:34.858+0300: 664.065: [GC (Allocation Failure) 2024-10-09T21:27:34.858+0300: 664.065: [ParNew: 451339K->51072K(460096K), 0.0240461 secs] 2771229K->2378576K(4143232K), 0.0241289 secs] [Times: user=0.02 sys=0.00, real=0.02 secs] 
2024-10-09T21:27:34.874+0300: 664.089: Total time for which application threads were stopped: 0.0243779 seconds, Stopping threads took: 0.0001224 seconds
2024-10-09T21:27:35.047+0300: 664.262: Application time: 0.1725909 seconds
2024-10-09T21:27:35.047+0300: 664.262: [GC (Allocation Failure) 2024-10-09T21:27:35.047+0300: 664.262: [ParNew: 460096K->49592K(460096K), 0.0282114 secs] 2787600K->2405818K(4143232K), 0.0283000 secs] [Times: user=0.03 sys=0.00, real=0.03 secs] 
2024-10-09T21:27:35.079+0300: 664.290: Total time for which application threads were stopped: 0.0285889 seconds, Stopping threads took: 0.0001618 seconds
2024-10-09T21:27:35.266+0300: 664.471: Application time: 0.1809742 seconds
2024-10-09T21:27:35.266+0300: 664.472: [GC (Allocation Failure) 2024-10-09T21:27:35.266+0300: 664.472: [ParNew: 458616K->51072K(460096K), 0.0222465 secs] 2814842K->2415803K(4143232K), 0.0223326 secs] [Times: user=0.02 sys=0.00, real=0.02 secs] 
2024-10-09T21:27:35.282+0300: 664.494: Total time for which application threads were stopped: 0.0225844 seconds, Stopping threads took: 0.0001313 seconds
2024-10-09T21:27:35.455+0300: 664.669: Application time: 0.1746849 seconds
2024-10-09T21:27:35.455+0300: 664.669: [GC (Allocation Failure) 2024-10-09T21:27:35.455+0300: 664.669: [ParNew: 460096K->51072K(460096K), 0.0284448 secs] 2824827K->2436775K(4143232K), 0.0285371 secs] [Times: user=0.05 sys=0.00, real=0.03 secs] 
2024-10-09T21:27:35.487+0300: 664.697: Total time for which application threads were stopped: 0.0288655 seconds, Stopping threads took: 0.0001651 seconds
2024-10-09T21:27:35.670+0300: 664.877: Application time: 0.1799831 seconds
2024-10-09T21:27:35.670+0300: 664.878: [GC (Allocation Failure) 2024-10-09T21:27:35.670+0300: 664.878: [ParNew: 460096K->51072K(460096K), 0.0292606 secs] 2845799K->2463970K(4143232K), 0.0293620 secs] [Times: user=0.02 sys=0.00, real=0.02 secs] 
2024-10-09T21:27:35.691+0300: 664.907: Total time for which application threads were stopped: 0.0296549 seconds, Stopping threads took: 0.0001552 seconds
2024-10-09T21:27:35.879+0300: 665.091: Application time: 0.1839585 seconds
2024-10-09T21:27:35.879+0300: 665.091: [GC (Allocation Failure) 2024-10-09T21:27:35.879+0300: 665.091: [ParNew: 460096K->51072K(460096K), 0.0282007 secs] 2872994K->2483167K(4143232K), 0.0282904 secs] [Times: user=0.03 sys=0.00, real=0.03 secs] 
2024-10-09T21:27:35.910+0300: 665.120: Total time for which application threads were stopped: 0.0285275 seconds, Stopping threads took: 0.0001164 seconds
2024-10-09T21:27:36.083+0300: 665.287: Application time: 0.1672947 seconds
2024-10-09T21:27:36.083+0300: 665.287: [GC (Allocation Failure) 2024-10-09T21:27:36.083+0300: 665.287: [ParNew: 460096K->51072K(460096K), 0.0290286 secs] 2892191K->2509916K(4143232K), 0.0291183 secs] [Times: user=0.01 sys=0.00, real=0.02 secs] 
2024-10-09T21:27:36.099+0300: 665.316: Total time for which application threads were stopped: 0.0293950 seconds, Stopping threads took: 0.0001333 seconds
2024-10-09T21:27:36.287+0300: 665.495: Application time: 0.1784829 seconds
2024-10-09T21:27:36.287+0300: 665.495: [GC (Allocation Failure) 2024-10-09T21:27:36.287+0300: 665.495: [ParNew: 460096K->51072K(460096K), 0.0294119 secs] 2918940K->2533142K(4143232K), 0.0294970 secs] [Times: user=0.02 sys=0.00, real=0.03 secs] 
2024-10-09T21:27:36.321+0300: 665.525: Total time for which application threads were stopped: 0.0297668 seconds, Stopping threads took: 0.0001471 seconds
2024-10-09T21:27:36.507+0300: 665.711: Application time: 0.1861719 seconds
2024-10-09T21:27:36.507+0300: 665.711: [GC (Allocation Failure) 2024-10-09T21:27:36.507+0300: 665.711: [ParNew: 460096K->51072K(460096K), 0.0250248 secs] 2942166K->2547663K(4143232K), 0.0251048 secs] [Times: user=0.02 sys=0.00, real=0.02 secs] 
2024-10-09T21:27:36.523+0300: 665.736: Total time for which application threads were stopped: 0.0254036 seconds, Stopping threads took: 0.0001678 seconds
2024-10-09T21:27:36.695+0300: 665.904: Application time: 0.1675231 seconds
2024-10-09T21:27:36.695+0300: 665.904: [GC (Allocation Failure) 2024-10-09T21:27:36.695+0300: 665.904: [ParNew: 460096K->46844K(460096K), 0.0267235 secs] 2956687K->2566680K(4143232K), 0.0268110 secs] [Times: user=0.06 sys=0.00, real=0.03 secs] 
2024-10-09T21:27:36.727+0300: 665.931: Total time for which application threads were stopped: 0.0271242 seconds, Stopping threads took: 0.0001868 seconds
2024-10-09T21:27:36.899+0300: 666.111: Application time: 0.1806977 seconds
2024-10-09T21:27:36.899+0300: 666.112: [GC (Allocation Failure) 2024-10-09T21:27:36.899+0300: 666.112: [ParNew: 455868K->51072K(460096K), 0.0244860 secs] 2975704K->2585697K(4143232K), 0.0245745 secs] [Times: user=0.02 sys=0.00, real=0.03 secs] 
2024-10-09T21:27:36.933+0300: 666.136: Total time for which application threads were stopped: 0.0248459 seconds, Stopping threads took: 0.0001459 seconds
2024-10-09T21:27:37.104+0300: 666.320: Application time: 0.1839410 seconds
2024-10-09T21:27:37.104+0300: 666.320: [GC (Allocation Failure) 2024-10-09T21:27:37.104+0300: 666.321: [ParNew: 460096K->51072K(460096K), 0.0313841 secs] 2994721K->2612118K(4143232K), 0.0314668 secs] [Times: user=0.03 sys=0.00, real=0.03 secs] 
2024-10-09T21:27:37.135+0300: 666.352: Total time for which application threads were stopped: 0.0317293 seconds, Stopping threads took: 0.0001306 seconds
2024-10-09T21:27:37.308+0300: 666.517: Application time: 0.1649942 seconds
2024-10-09T21:27:37.308+0300: 666.517: [GC (Allocation Failure) 2024-10-09T21:27:37.308+0300: 666.517: [ParNew: 460096K->51072K(460096K), 0.0285136 secs] 3021142K->2633067K(4143232K), 0.0285984 secs] [Times: user=0.03 sys=0.00, real=0.03 secs] 
2024-10-09T21:27:37.339+0300: 666.546: Total time for which application threads were stopped: 0.0288834 seconds, Stopping threads took: 0.0001313 seconds
2024-10-09T21:27:37.512+0300: 666.729: Application time: 0.1831873 seconds
2024-10-09T21:27:37.512+0300: 666.729: [GC (Allocation Failure) 2024-10-09T21:27:37.512+0300: 666.729: [ParNew: 460096K->49673K(460096K), 0.0295816 secs] 3042091K->2658307K(4143232K), 0.0296600 secs] [Times: user=0.19 sys=0.00, real=0.03 secs] 
2024-10-09T21:27:37.543+0300: 666.759: Total time for which application threads were stopped: 0.0299387 seconds, Stopping threads took: 0.0001333 seconds
2024-10-09T21:27:37.747+0300: 666.956: Application time: 0.1969040 seconds
2024-10-09T21:27:37.747+0300: 666.956: [GC (Allocation Failure) 2024-10-09T21:27:37.747+0300: 666.956: [ParNew: 458697K->51072K(460096K), 0.0240265 secs] 3067331K->2669162K(4143232K), 0.0241185 secs] [Times: user=0.11 sys=0.00, real=0.03 secs] 
2024-10-09T21:27:37.775+0300: 666.980: Total time for which application threads were stopped: 0.0244149 seconds, Stopping threads took: 0.0001371 seconds
2024-10-09T21:27:37.951+0300: 667.156: Application time: 0.1760455 seconds
2024-10-09T21:27:37.951+0300: 667.157: [GC (Allocation Failure) 2024-10-09T21:27:37.951+0300: 667.157: [ParNew: 460096K->51072K(460096K), 0.0249320 secs] 3078186K->2685657K(4143232K), 0.0250187 secs] [Times: user=0.09 sys=0.00, real=0.02 secs] 
2024-10-09T21:27:37.975+0300: 667.182: Total time for which application threads were stopped: 0.0252590 seconds, Stopping threads took: 0.0001126 seconds
2024-10-09T21:27:38.155+0300: 667.368: Application time: 0.1860454 seconds
2024-10-09T21:27:38.155+0300: 667.368: [GC (Allocation Failure) 2024-10-09T21:27:38.155+0300: 667.368: [ParNew: 460096K->51072K(460096K), 0.0245583 secs] 3094681K->2700795K(4143232K), 0.0246523 secs] [Times: user=0.17 sys=0.00, real=0.03 secs] 
2024-10-09T21:27:38.187+0300: 667.393: Total time for which application threads were stopped: 0.0250044 seconds, Stopping threads took: 0.0002074 seconds
2024-10-09T21:27:38.359+0300: 667.568: Application time: 0.1752634 seconds
2024-10-09T21:27:38.359+0300: 667.568: [GC (Allocation Failure) 2024-10-09T21:27:38.359+0300: 667.568: [ParNew: 460096K->51072K(460096K), 0.0251774 secs] 3109819K->2717643K(4143232K), 0.0252755 secs] [Times: user=0.09 sys=0.00, real=0.02 secs] 
2024-10-09T21:27:38.376+0300: 667.594: Total time for which application threads were stopped: 0.0256595 seconds, Stopping threads took: 0.0002396 seconds
2024-10-09T21:27:38.579+0300: 667.787: Application time: 0.1937479 seconds
2024-10-09T21:27:38.579+0300: 667.788: [GC (Allocation Failure) 2024-10-09T21:27:38.579+0300: 667.788: [ParNew: 460096K->51072K(460096K), 0.0250561 secs] 3126667K->2733680K(4143232K), 0.0251391 secs] [Times: user=0.08 sys=0.00, real=0.02 secs] 
2024-10-09T21:27:38.595+0300: 667.813: Total time for which application threads were stopped: 0.0254179 seconds, Stopping threads took: 0.0001441 seconds
2024-10-09T21:27:38.783+0300: 667.990: Application time: 0.1774333 seconds
2024-10-09T21:27:38.783+0300: 667.990: [GC (Allocation Failure) 2024-10-09T21:27:38.783+0300: 667.990: [ParNew: 460096K->51072K(460096K), 0.0247485 secs] 3142704K->2748689K(4143232K), 0.0248297 secs] [Times: user=0.08 sys=0.00, real=0.02 secs] 
2024-10-09T21:27:38.799+0300: 668.015: Total time for which application threads were stopped: 0.0251134 seconds, Stopping threads took: 0.0001595 seconds
2024-10-09T21:27:38.978+0300: 668.186: Application time: 0.1706276 seconds
2024-10-09T21:27:38.978+0300: 668.186: [GC (Allocation Failure) 2024-10-09T21:27:38.978+0300: 668.186: [ParNew: 460096K->51072K(460096K), 0.0273313 secs] 3157713K->2766497K(4143232K), 0.0274074 secs] [Times: user=0.14 sys=0.00, real=0.03 secs] 
2024-10-09T21:27:39.003+0300: 668.214: Total time for which application threads were stopped: 0.0276468 seconds, Stopping threads took: 0.0001091 seconds
2024-10-09T21:27:39.191+0300: 668.405: Application time: 0.1911543 seconds
2024-10-09T21:27:39.191+0300: 668.405: [GC (Allocation Failure) 2024-10-09T21:27:39.191+0300: 668.405: [ParNew: 460096K->51072K(460096K), 0.0256028 secs] 3175521K->2781582K(4143232K), 0.0256868 secs] [Times: user=0.09 sys=0.02, real=0.03 secs] 
2024-10-09T21:27:39.222+0300: 668.431: Total time for which application threads were stopped: 0.0259593 seconds, Stopping threads took: 0.0001339 seconds
2024-10-09T21:27:39.395+0300: 668.599: Application time: 0.1687351 seconds
2024-10-09T21:27:39.395+0300: 668.600: [GC (Allocation Failure) 2024-10-09T21:27:39.395+0300: 668.600: [ParNew: 460096K->51072K(460096K), 0.0276004 secs] 3190606K->2800469K(4143232K), 0.0276890 secs] [Times: user=0.19 sys=0.00, real=0.03 secs] 
2024-10-09T21:27:39.424+0300: 668.627: Total time for which application threads were stopped: 0.0279385 seconds, Stopping threads took: 0.0001134 seconds
2024-10-09T21:27:39.584+0300: 668.798: Application time: 0.1705669 seconds
2024-10-09T21:27:39.584+0300: 668.798: [GC (Allocation Failure) 2024-10-09T21:27:39.584+0300: 668.798: [ParNew: 460096K->51072K(460096K), 0.0262392 secs] 3209493K->2818869K(4143232K), 0.0263390 secs] [Times: user=0.11 sys=0.00, real=0.03 secs] 
2024-10-09T21:27:39.615+0300: 668.825: Total time for which application threads were stopped: 0.0266451 seconds, Stopping threads took: 0.0001367 seconds
2024-10-09T21:27:39.803+0300: 669.015: Application time: 0.1905902 seconds
2024-10-09T21:27:39.803+0300: 669.015: [GC (Allocation Failure) 2024-10-09T21:27:39.803+0300: 669.015: [ParNew: 460096K->51072K(460096K), 0.0267857 secs] 3227893K->2839067K(4143232K), 0.0268702 secs] [Times: user=0.14 sys=0.00, real=0.03 secs] 
2024-10-09T21:27:39.834+0300: 669.042: Total time for which application threads were stopped: 0.0271254 seconds, Stopping threads took: 0.0001267 seconds
2024-10-09T21:27:40.007+0300: 669.213: Application time: 0.1708899 seconds
2024-10-09T21:27:40.007+0300: 669.213: [GC (Allocation Failure) 2024-10-09T21:27:40.007+0300: 669.214: [ParNew: 460096K->51072K(460096K), 0.0240721 secs] 3248091K->2848731K(4143232K), 0.0241639 secs] [Times: user=0.17 sys=0.00, real=0.02 secs] 
2024-10-09T21:27:40.023+0300: 669.238: Total time for which application threads were stopped: 0.0244530 seconds, Stopping threads took: 0.0001492 seconds
2024-10-09T21:27:40.196+0300: 669.408: Application time: 0.1698509 seconds
2024-10-09T21:27:40.196+0300: 669.408: [GC (Allocation Failure) 2024-10-09T21:27:40.196+0300: 669.408: [ParNew: 460096K->46958K(460096K), 0.0286542 secs] 3257755K->2871006K(4143232K), 0.0287405 secs] [Times: user=0.19 sys=0.00, real=0.03 secs] 
2024-10-09T21:27:40.227+0300: 669.437: Total time for which application threads were stopped: 0.0289928 seconds, Stopping threads took: 0.0001035 seconds
2024-10-09T21:27:40.415+0300: 669.619: Application time: 0.1828941 seconds
2024-10-09T21:27:40.415+0300: 669.620: [GC (Allocation Failure) 2024-10-09T21:27:40.415+0300: 669.620: [ParNew: 455982K->51072K(460096K), 0.0251508 secs] 3280030K->2890262K(4143232K), 0.0252271 secs] [Times: user=0.12 sys=0.00, real=0.02 secs] 
2024-10-09T21:27:40.431+0300: 669.645: Total time for which application threads were stopped: 0.0256964 seconds, Stopping threads took: 0.0003427 seconds
2024-10-09T21:27:40.620+0300: 669.826: Application time: 0.1808481 seconds
2024-10-09T21:27:40.620+0300: 669.826: [GC (Allocation Failure) 2024-10-09T21:27:40.620+0300: 669.826: [ParNew: 460096K->51072K(460096K), 0.0269646 secs] 3299286K->2904651K(4143232K), 0.0270728 secs] [Times: user=0.11 sys=0.00, real=0.02 secs] 
2024-10-09T21:27:40.635+0300: 669.853: Total time for which application threads were stopped: 0.0273717 seconds, Stopping threads took: 0.0001298 seconds
2024-10-09T21:27:40.824+0300: 670.030: Application time: 0.1767179 seconds
2024-10-09T21:27:40.824+0300: 670.030: [GC (Allocation Failure) 2024-10-09T21:27:40.824+0300: 670.030: [ParNew: 460096K->43827K(460096K), 0.0237776 secs] 3313675K->2915654K(4143232K), 0.0238672 secs] [Times: user=0.02 sys=0.00, real=0.02 secs] 
2024-10-09T21:27:40.839+0300: 670.054: Total time for which application threads were stopped: 0.0241220 seconds, Stopping threads took: 0.0001324 seconds
2024-10-09T21:27:41.028+0300: 670.239: Application time: 0.1850705 seconds
2024-10-09T21:27:41.028+0300: 670.239: [GC (Allocation Failure) 2024-10-09T21:27:41.028+0300: 670.240: [ParNew: 452851K->51072K(460096K), 0.0240409 secs] 3324678K->2936249K(4143232K), 0.0241253 secs] [Times: user=0.03 sys=0.00, real=0.03 secs] 
2024-10-09T21:27:41.059+0300: 670.264: Total time for which application threads were stopped: 0.0243863 seconds, Stopping threads took: 0.0001323 seconds
2024-10-09T21:27:41.216+0300: 670.434: Application time: 0.1706710 seconds
2024-10-09T21:27:41.216+0300: 670.435: [GC (Allocation Failure) 2024-10-09T21:27:41.216+0300: 670.435: [ParNew: 460096K->51072K(460096K), 0.0268677 secs] 3345273K->2955454K(4143232K), 0.0269590 secs] [Times: user=0.02 sys=0.00, real=0.03 secs] 
2024-10-09T21:27:41.247+0300: 670.462: Total time for which application threads were stopped: 0.0272488 seconds, Stopping threads took: 0.0001614 seconds
2024-10-09T21:27:41.436+0300: 670.643: Application time: 0.1810912 seconds
2024-10-09T21:27:41.436+0300: 670.643: [GC (Allocation Failure) 2024-10-09T21:27:41.436+0300: 670.643: [ParNew: 460096K->51072K(460096K), 0.0259640 secs] 3364478K->2975987K(4143232K), 0.0260649 secs] [Times: user=0.03 sys=0.00, real=0.02 secs] 
2024-10-09T21:27:41.452+0300: 670.669: Total time for which application threads were stopped: 0.0263210 seconds, Stopping threads took: 0.0001216 seconds
2024-10-09T21:27:41.639+0300: 670.852: Application time: 0.1824899 seconds
2024-10-09T21:27:41.639+0300: 670.852: [GC (Allocation Failure) 2024-10-09T21:27:41.639+0300: 670.852: [ParNew: 460096K->51072K(460096K), 0.0268524 secs] 3385011K->2992539K(4143232K), 0.0269538 secs] [Times: user=0.12 sys=0.00, real=0.03 secs] 
2024-10-09T21:27:41.671+0300: 670.879: Total time for which application threads were stopped: 0.0272570 seconds, Stopping threads took: 0.0001481 seconds
2024-10-09T21:27:41.843+0300: 671.048: Application time: 0.1689614 seconds
2024-10-09T21:27:41.843+0300: 671.048: [GC (Allocation Failure) 2024-10-09T21:27:41.843+0300: 671.048: [ParNew: 460096K->51072K(460096K), 0.0310653 secs] 3401563K->3020892K(4143232K), 0.0311494 secs] [Times: user=0.03 sys=0.00, real=0.03 secs] 
2024-10-09T21:27:41.874+0300: 671.079: Total time for which application threads were stopped: 0.0314155 seconds, Stopping threads took: 0.0001356 seconds
2024-10-09T21:27:42.047+0300: 671.263: Application time: 0.1835560 seconds
2024-10-09T21:27:42.047+0300: 671.263: [GC (Allocation Failure) 2024-10-09T21:27:42.047+0300: 671.263: [ParNew: 460096K->51072K(460096K), 0.0250940 secs] 3429916K->3039483K(4143232K), 0.0251859 secs] [Times: user=0.03 sys=0.00, real=0.04 secs] 
2024-10-09T21:27:42.084+0300: 671.288: Total time for which application threads were stopped: 0.0254997 seconds, Stopping threads took: 0.0001832 seconds
2024-10-09T21:27:42.251+0300: 671.466: Application time: 0.1777082 seconds
2024-10-09T21:27:42.251+0300: 671.466: [GC (Allocation Failure) 2024-10-09T21:27:42.251+0300: 671.466: [ParNew: 460096K->51072K(460096K), 0.0253687 secs] 3448507K->3055224K(4143232K), 0.0254433 secs] [Times: user=0.05 sys=0.00, real=0.03 secs] 
2024-10-09T21:27:42.284+0300: 671.492: Total time for which application threads were stopped: 0.0256696 seconds, Stopping threads took: 0.0000976 seconds
2024-10-09T21:27:42.440+0300: 671.657: Application time: 0.1652379 seconds
2024-10-09T21:27:42.440+0300: 671.657: [GC (Allocation Failure) 2024-10-09T21:27:42.440+0300: 671.657: [ParNew: 460096K->44526K(460096K), 0.0296688 secs] 3464248K->3074706K(4143232K), 0.0297609 secs] [Times: user=0.02 sys=0.02, real=0.03 secs] 
2024-10-09T21:27:42.471+0300: 671.687: Total time for which application threads were stopped: 0.0300221 seconds, Stopping threads took: 0.0001339 seconds
2024-10-09T21:27:42.675+0300: 671.882: Application time: 0.1947215 seconds
2024-10-09T21:27:42.675+0300: 671.882: [GC (Allocation Failure) 2024-10-09T21:27:42.675+0300: 671.882: [ParNew: 453550K->51072K(460096K), 0.0253731 secs] 3483730K->3100701K(4143232K), 0.0254727 secs] [Times: user=0.05 sys=0.00, real=0.02 secs] 
2024-10-09T21:27:42.691+0300: 671.907: Total time for which application threads were stopped: 0.0257559 seconds, Stopping threads took: 0.0001227 seconds
2024-10-09T21:27:42.886+0300: 672.089: Application time: 0.1816220 seconds
2024-10-09T21:27:42.886+0300: 672.089: [GC (Allocation Failure) 2024-10-09T21:27:42.886+0300: 672.089: [ParNew: 460096K->51072K(460096K), 0.0247776 secs] 3509725K->3114753K(4143232K), 0.0248584 secs] [Times: user=0.02 sys=0.00, real=0.03 secs] 
2024-10-09T21:27:42.911+0300: 672.114: Total time for which application threads were stopped: 0.0251329 seconds, Stopping threads took: 0.0001442 seconds
2024-10-09T21:27:43.067+0300: 672.279: Application time: 0.1647875 seconds
2024-10-09T21:27:43.067+0300: 672.279: [GC (Allocation Failure) 2024-10-09T21:27:43.067+0300: 672.279: [ParNew: 460096K->51072K(460096K), 0.0289765 secs] 3523777K->3136434K(4143232K), 0.0290654 secs] [Times: user=0.03 sys=0.00, real=0.03 secs] 
2024-10-09T21:27:43.099+0300: 672.308: Total time for which application threads were stopped: 0.0293700 seconds, Stopping threads took: 0.0001738 seconds
2024-10-09T21:27:43.288+0300: 672.492: Application time: 0.1841873 seconds
2024-10-09T21:27:43.288+0300: 672.493: [GC (Allocation Failure) 2024-10-09T21:27:43.288+0300: 672.493: [ParNew: 460096K->46959K(460096K), 0.0264797 secs] 3545458K->3156888K(4143232K), 0.0266581 secs] [Times: user=0.02 sys=0.00, real=0.01 secs] 
2024-10-09T21:27:43.303+0300: 672.519: Total time for which application threads were stopped: 0.0269222 seconds, Stopping threads took: 0.0001470 seconds
2024-10-09T21:27:43.492+0300: 672.700: Application time: 0.1802946 seconds
2024-10-09T21:27:43.492+0300: 672.700: [GC (Allocation Failure) 2024-10-09T21:27:43.492+0300: 672.700: [ParNew: 455983K->51072K(460096K), 0.0233446 secs] 3565912K->3170864K(4143232K), 0.0234310 secs] [Times: user=0.02 sys=0.00, real=0.01 secs] 
2024-10-09T21:27:43.507+0300: 672.723: Total time for which application threads were stopped: 0.0236972 seconds, Stopping threads took: 0.0001404 seconds
2024-10-09T21:27:43.688+0300: 672.898: Application time: 0.1743344 seconds
2024-10-09T21:27:43.688+0300: 672.898: [GC (Allocation Failure) 2024-10-09T21:27:43.688+0300: 672.898: [ParNew: 460096K->46881K(460096K), 0.0289719 secs] 3579888K->3193561K(4143232K), 0.0290728 secs] [Times: user=0.05 sys=0.00, real=0.02 secs] 
2024-10-09T21:27:43.711+0300: 672.927: Total time for which application threads were stopped: 0.0294402 seconds, Stopping threads took: 0.0002264 seconds
2024-10-09T21:27:43.899+0300: 673.115: Application time: 0.1875245 seconds
2024-10-09T21:27:43.899+0300: 673.115: [GC (Allocation Failure) 2024-10-09T21:27:43.899+0300: 673.115: [ParNew: 455905K->51072K(460096K), 0.0254939 secs] 3602585K->3217642K(4143232K), 0.0255861 secs] [Times: user=0.03 sys=0.00, real=0.03 secs] 
2024-10-09T21:27:43.931+0300: 673.141: Total time for which application threads were stopped: 0.0259152 seconds, Stopping threads took: 0.0001655 seconds
2024-10-09T21:27:44.103+0300: 673.321: Application time: 0.1803903 seconds
2024-10-09T21:27:44.103+0300: 673.321: [GC (Allocation Failure) 2024-10-09T21:27:44.103+0300: 673.321: [ParNew: 460096K->51072K(460096K), 0.0274612 secs] 3626666K->3232391K(4143232K), 0.0275477 secs] [Times: user=0.03 sys=0.00, real=0.03 secs] 
2024-10-09T21:27:44.135+0300: 673.349: Total time for which application threads were stopped: 0.0278590 seconds, Stopping threads took: 0.0001836 seconds
2024-10-09T21:27:44.307+0300: 673.520: Application time: 0.1706992 seconds
2024-10-09T21:27:44.307+0300: 673.520: [GC (Allocation Failure) 2024-10-09T21:27:44.307+0300: 673.520: [ParNew: 460096K->49880K(460096K), 0.0285483 secs] 3641415K->3261968K(4143232K), 0.0286332 secs] [Times: user=0.03 sys=0.00, real=0.03 secs] 
2024-10-09T21:27:44.339+0300: 673.548: Total time for which application threads were stopped: 0.0289433 seconds, Stopping threads took: 0.0001859 seconds
2024-10-09T21:27:44.527+0300: 673.732: Application time: 0.1831359 seconds
2024-10-09T21:27:44.527+0300: 673.732: [GC (Allocation Failure) 2024-10-09T21:27:44.527+0300: 673.732: [ParNew: 458904K->51072K(460096K), 0.0231831 secs] 3670992K->3267773K(4143232K), 0.0232636 secs] [Times: user=0.05 sys=0.00, real=0.02 secs] 
2024-10-09T21:27:44.543+0300: 673.755: Total time for which application threads were stopped: 0.0235281 seconds, Stopping threads took: 0.0001348 seconds
2024-10-09T21:27:44.731+0300: 673.938: Application time: 0.1828268 seconds
2024-10-09T21:27:44.731+0300: 673.938: [GC (Allocation Failure) 2024-10-09T21:27:44.731+0300: 673.938: [ParNew: 460096K->51072K(460096K), 0.0315462 secs] 3676797K->3292460K(4143232K), 0.0316402 secs] [Times: user=0.06 sys=0.00, real=0.03 secs] 
2024-10-09T21:27:44.762+0300: 673.970: Total time for which application threads were stopped: 0.0319725 seconds, Stopping threads took: 0.0001774 seconds
2024-10-09T21:27:44.935+0300: 674.146: Application time: 0.1759540 seconds
2024-10-09T21:27:44.935+0300: 674.146: [GC (Allocation Failure) 2024-10-09T21:27:44.935+0300: 674.146: [ParNew: 460096K->51072K(460096K), 0.0289148 secs] 3701484K->3319827K(4143232K), 0.0290074 secs] [Times: user=0.03 sys=0.00, real=0.03 secs] 
2024-10-09T21:27:44.966+0300: 674.175: Total time for which application threads were stopped: 0.0292914 seconds, Stopping threads took: 0.0001379 seconds
2024-10-09T21:27:45.139+0300: 674.357: Application time: 0.1815864 seconds
2024-10-09T21:27:45.139+0300: 674.357: [GC (Allocation Failure) 2024-10-09T21:27:45.139+0300: 674.357: [ParNew: 460096K->51072K(460096K), 0.0237628 secs] 3728851K->3330279K(4143232K), 0.0238489 secs] [Times: user=0.02 sys=0.00, real=0.03 secs] 
2024-10-09T21:27:45.170+0300: 674.381: Total time for which application threads were stopped: 0.0242388 seconds, Stopping threads took: 0.0002594 seconds
2024-10-09T21:27:45.343+0300: 674.548: Application time: 0.1665883 seconds
2024-10-09T21:27:45.343+0300: 674.548: [GC (Allocation Failure) 2024-10-09T21:27:45.343+0300: 674.548: [ParNew: 460096K->51072K(460096K), 0.0275867 secs] 3739303K->3353338K(4143232K), 0.0276762 secs] [Times: user=0.05 sys=0.00, real=0.02 secs] 
2024-10-09T21:27:45.358+0300: 674.576: Total time for which application threads were stopped: 0.0279574 seconds, Stopping threads took: 0.0001535 seconds
2024-10-09T21:27:45.547+0300: 674.765: Application time: 0.1894634 seconds
2024-10-09T21:27:45.547+0300: 674.765: [GC (Allocation Failure) 2024-10-09T21:27:45.547+0300: 674.765: [ParNew: 460096K->46222K(460096K), 0.0256705 secs] 3762362K->3367935K(4143232K), 0.0257659 secs] [Times: user=0.02 sys=0.00, real=0.03 secs] 
2024-10-09T21:27:45.578+0300: 674.791: Total time for which application threads were stopped: 0.0260432 seconds, Stopping threads took: 0.0001496 seconds
2024-10-09T21:27:45.766+0300: 674.976: Application time: 0.1847420 seconds
2024-10-09T21:27:45.766+0300: 674.976: [GC (Allocation Failure) 2024-10-09T21:27:45.766+0300: 674.976: [ParNew: 455246K->51072K(460096K), 0.0235014 secs] 3776959K->3381759K(4143232K), 0.0235945 secs] [Times: user=0.03 sys=0.00, real=0.03 secs] 
2024-10-09T21:27:45.792+0300: 675.000: Total time for which application threads were stopped: 0.0239293 seconds, Stopping threads took: 0.0001673 seconds
2024-10-09T21:27:45.955+0300: 675.162: Application time: 0.1617478 seconds
2024-10-09T21:27:45.955+0300: 675.162: [GC (Allocation Failure) 2024-10-09T21:27:45.955+0300: 675.162: [ParNew: 460096K->47667K(460096K), 0.0324065 secs] 3790783K->3409594K(4143232K), 0.0324928 secs] [Times: user=0.02 sys=0.00, real=0.03 secs] 
2024-10-09T21:27:45.986+0300: 675.194: Total time for which application threads were stopped: 0.0327643 seconds, Stopping threads took: 0.0001467 seconds
2024-10-09T21:27:45.986+0300: 675.194: Application time: 0.0001484 seconds
2024-10-09T21:27:45.986+0300: 675.195: [GC (CMS Initial Mark) [1 CMS-initial-mark: 3361927K(3683136K)] 3416429K(4143232K), 0.0042290 secs] [Times: user=0.02 sys=0.00, real=0.01 secs] 
2024-10-09T21:27:45.993+0300: 675.199: Total time for which application threads were stopped: 0.0045473 seconds, Stopping threads took: 0.0001763 seconds
2024-10-09T21:27:45.993+0300: 675.199: [CMS-concurrent-mark-start]
2024-10-09T21:27:46.002+0300: 675.216: [CMS-concurrent-mark: 0.017/0.017 secs] [Times: user=0.00 sys=0.00, real=0.01 secs] 
2024-10-09T21:27:46.002+0300: 675.216: [CMS-concurrent-preclean-start]
2024-10-09T21:27:46.002+0300: 675.220: [CMS-concurrent-preclean: 0.004/0.004 secs] [Times: user=0.00 sys=0.00, real=0.00 secs] 
2024-10-09T21:27:46.002+0300: 675.220: [CMS-concurrent-abortable-preclean-start]
2024-10-09T21:27:46.190+0300: 675.395: [CMS-concurrent-abortable-preclean: 0.175/0.175 secs] [Times: user=1.05 sys=0.00, real=0.19 secs] 
2024-10-09T21:27:46.190+0300: 675.396: Application time: 0.1965162 seconds
2024-10-09T21:27:46.190+0300: 675.396: [GC (CMS Final Remark) [YG occupancy: 408538 K (460096 K)]2024-10-09T21:27:46.190+0300: 675.396: [Rescan (parallel) , 0.0415249 secs]2024-10-09T21:27:46.222+0300: 675.437: [weak refs processing, 0.0000190 secs]2024-10-09T21:27:46.222+0300: 675.437: [class unloading, 0.0021114 secs]2024-10-09T21:27:46.222+0300: 675.439: [scrub symbol table, 0.0007341 secs]2024-10-09T21:27:46.222+0300: 675.440: [scrub string table, 0.0002286 secs][1 CMS-remark: 3361927K(3683136K)] 3770466K(4143232K), 0.0447457 secs] [Times: user=0.03 sys=0.00, real=0.05 secs] 
2024-10-09T21:27:46.237+0300: 675.441: Total time for which application threads were stopped: 0.0449954 seconds, Stopping threads took: 0.0001537 seconds
2024-10-09T21:27:46.237+0300: 675.441: [CMS-concurrent-sweep-start]
2024-10-09T21:27:46.253+0300: 675.461: Application time: 0.0208122 seconds
2024-10-09T21:27:46.253+0300: 675.462: [GC (Allocation Failure) 2024-10-09T21:27:46.253+0300: 675.462: [ParNew: 456691K->51072K(460096K), 0.0266684 secs] 3781015K->3398258K(4143232K), 0.0267556 secs] [Times: user=0.03 sys=0.00, real=0.03 secs] 
2024-10-09T21:27:46.284+0300: 675.488: Total time for which application threads were stopped: 0.0271168 seconds, Stopping threads took: 0.0001974 seconds
2024-10-09T21:27:46.494+0300: 675.706: Application time: 0.2173237 seconds
2024-10-09T21:27:46.494+0300: 675.706: [GC (Allocation Failure) 2024-10-09T21:27:46.494+0300: 675.706: [ParNew: 460096K->51072K(460096K), 0.0229950 secs] 3379420K->2975176K(4143232K), 0.0230840 secs] [Times: user=0.01 sys=0.00, real=0.03 secs] 
2024-10-09T21:27:46.520+0300: 675.729: Total time for which application threads were stopped: 0.0235052 seconds, Stopping threads took: 0.0002794 seconds
2024-10-09T21:27:46.724+0300: 675.933: Application time: 0.2035109 seconds
2024-10-09T21:27:46.724+0300: 675.933: [GC (Allocation Failure) 2024-10-09T21:27:46.724+0300: 675.933: [ParNew: 460096K->47883K(460096K), 0.0294947 secs] 2992685K->2601545K(4143232K), 0.0295863 secs] [Times: user=0.03 sys=0.00, real=0.03 secs] 
2024-10-09T21:27:46.755+0300: 675.963: Total time for which application threads were stopped: 0.0299968 seconds, Stopping threads took: 0.0002456 seconds
2024-10-09T21:27:46.960+0300: 676.177: Application time: 0.2141263 seconds
2024-10-09T21:27:46.960+0300: 676.177: [GC (Allocation Failure) 2024-10-09T21:27:46.960+0300: 676.177: [ParNew: 456907K->49955K(460096K), 0.0277521 secs] 2603100K->2219928K(4143232K), 0.0278418 secs] [Times: user=0.05 sys=0.00, real=0.03 secs] 
2024-10-09T21:27:46.995+0300: 676.205: Total time for which application threads were stopped: 0.0281518 seconds, Stopping threads took: 0.0001760 seconds
2024-10-09T21:27:47.212+0300: 676.422: Application time: 0.2165547 seconds
2024-10-09T21:27:47.212+0300: 676.422: [GC (Allocation Failure) 2024-10-09T21:27:47.212+0300: 676.422: [ParNew: 458979K->51072K(460096K), 0.0222560 secs] 2217659K->1816607K(4143232K), 0.0223419 secs] [Times: user=0.02 sys=0.00, real=0.02 secs] 
2024-10-09T21:27:47.227+0300: 676.444: Total time for which application threads were stopped: 0.0226589 seconds, Stopping threads took: 0.0001836 seconds
2024-10-09T21:27:47.431+0300: 676.640: Application time: 0.1956657 seconds
2024-10-09T21:27:47.431+0300: 676.640: [GC (Allocation Failure) 2024-10-09T21:27:47.431+0300: 676.640: [ParNew: 460096K->44836K(460096K), 0.0249567 secs] 1847238K->1451611K(4143232K), 0.0250448 secs] [Times: user=0.02 sys=0.00, real=0.02 secs] 
2024-10-09T21:27:47.447+0300: 676.665: Total time for which application threads were stopped: 0.0253562 seconds, Stopping threads took: 0.0001757 seconds
2024-10-09T21:27:47.696+0300: 676.900: Application time: 0.2349887 seconds
2024-10-09T21:27:47.696+0300: 676.901: [GC (Allocation Failure) 2024-10-09T21:27:47.696+0300: 676.901: [ParNew: 453860K->51072K(460096K), 0.0251915 secs] 1412793K->1026045K(4143232K), 0.0252917 secs] [Times: user=0.01 sys=0.00, real=0.02 secs] 
2024-10-09T21:27:47.714+0300: 676.926: Total time for which application threads were stopped: 0.0256317 seconds, Stopping threads took: 0.0001872 seconds
2024-10-09T21:27:47.934+0300: 677.140: Application time: 0.2137393 seconds
2024-10-09T21:27:47.934+0300: 677.140: [GC (Allocation Failure) 2024-10-09T21:27:47.934+0300: 677.140: [ParNew: 460096K->51072K(460096K), 0.0271119 secs] 1031024K->635650K(4143232K), 0.0272009 secs] [Times: user=0.01 sys=0.00, real=0.01 secs] 
2024-10-09T21:27:47.949+0300: 677.167: Total time for which application threads were stopped: 0.0275330 seconds, Stopping threads took: 0.0002079 seconds
2024-10-09T21:27:48.154+0300: 677.366: Application time: 0.1990545 seconds
2024-10-09T21:27:48.154+0300: 677.367: [GC (Allocation Failure) 2024-10-09T21:27:48.154+0300: 677.367: [ParNew: 460096K->51072K(460096K), 0.0315675 secs] 675041K->297997K(4143232K), 0.0316580 secs] [Times: user=0.03 sys=0.00, real=0.03 secs] 
2024-10-09T21:27:48.185+0300: 677.398: Total time for which application threads were stopped: 0.0319698 seconds, Stopping threads took: 0.0001813 seconds
2024-10-09T21:27:48.217+0300: 677.422: [CMS-concurrent-sweep: 1.739/1.982 secs] [Times: user=9.80 sys=0.06, real=1.98 secs] 
2024-10-09T21:27:48.217+0300: 677.422: [CMS-concurrent-reset-start]
2024-10-09T21:27:48.217+0300: 677.430: [CMS-concurrent-reset: 0.008/0.008 secs] [Times: user=0.00 sys=0.00, real=0.00 secs] 
2024-10-09T21:27:48.358+0300: 677.575: Application time: 0.1768255 seconds
2024-10-09T21:27:48.358+0300: 677.575: [GC (Allocation Failure) 2024-10-09T21:27:48.358+0300: 677.575: [ParNew: 460096K->44309K(460096K), 0.0281060 secs] 654716K->258555K(4143232K), 0.0281921 secs] [Times: user=0.06 sys=0.00, real=0.04 secs] 
2024-10-09T21:27:48.398+0300: 677.604: Total time for which application threads were stopped: 0.0285275 seconds, Stopping threads took: 0.0001900 seconds
2024-10-09T21:27:48.562+0300: 677.779: Application time: 0.1755844 seconds
2024-10-09T21:27:48.562+0300: 677.779: [GC (Allocation Failure) 2024-10-09T21:27:48.562+0300: 677.779: [ParNew: 453333K->51072K(460096K), 0.0239256 secs] 667579K->274560K(4143232K), 0.0240134 secs] [Times: user=0.02 sys=0.00, real=0.04 secs] 
2024-10-09T21:27:48.598+0300: 677.803: Total time for which application threads were stopped: 0.0242841 seconds, Stopping threads took: 0.0001361 seconds
2024-10-09T21:27:48.782+0300: 677.986: Application time: 0.1826885 seconds
2024-10-09T21:27:48.782+0300: 677.986: [GC (Allocation Failure) 2024-10-09T21:27:48.782+0300: 677.986: [ParNew: 460096K->51072K(460096K), 0.0277189 secs] 683584K->296770K(4143232K), 0.0278060 secs] [Times: user=0.02 sys=0.00, real=0.02 secs] 
2024-10-09T21:27:48.798+0300: 678.014: Total time for which application threads were stopped: 0.0280546 seconds, Stopping threads took: 0.0001222 seconds
2024-10-09T21:27:48.970+0300: 678.181: Application time: 0.1666293 seconds
2024-10-09T21:27:48.970+0300: 678.181: [GC (Allocation Failure) 2024-10-09T21:27:48.970+0300: 678.181: [ParNew: 460096K->51072K(460096K), 0.0285569 secs] 705794K->320829K(4143232K), 0.0286616 secs] [Times: user=0.03 sys=0.00, real=0.03 secs] 
2024-10-09T21:27:49.002+0300: 678.210: Total time for which application threads were stopped: 0.0289513 seconds, Stopping threads took: 0.0001537 seconds
2024-10-09T21:27:49.174+0300: 678.388: Application time: 0.1784082 seconds
2024-10-09T21:27:49.174+0300: 678.388: [GC (Allocation Failure) 2024-10-09T21:27:49.174+0300: 678.388: [ParNew: 460096K->51072K(460096K), 0.0272833 secs] 729853K->340610K(4143232K), 0.0273797 secs] [Times: user=0.03 sys=0.00, real=0.03 secs] 
2024-10-09T21:27:49.206+0300: 678.416: Total time for which application threads were stopped: 0.0276302 seconds, Stopping threads took: 0.0001236 seconds
2024-10-09T21:27:49.378+0300: 678.593: Application time: 0.1770129 seconds
2024-10-09T21:27:49.378+0300: 678.593: [GC (Allocation Failure) 2024-10-09T21:27:49.378+0300: 678.593: [ParNew: 460096K->51072K(460096K), 0.0257130 secs] 749634K->355663K(4143232K), 0.0257989 secs] [Times: user=0.06 sys=0.00, real=0.03 secs] 
2024-10-09T21:27:49.409+0300: 678.619: Total time for which application threads were stopped: 0.0260952 seconds, Stopping threads took: 0.0001709 seconds
2024-10-09T21:27:49.566+0300: 678.784: Application time: 0.1651757 seconds
2024-10-09T21:27:49.566+0300: 678.784: [GC (Allocation Failure) 2024-10-09T21:27:49.566+0300: 678.784: [ParNew: 460096K->51072K(460096K), 0.0322585 secs] 764687K->384117K(4143232K), 0.0323425 secs] [Times: user=0.03 sys=0.00, real=0.05 secs] 
2024-10-09T21:27:49.613+0300: 678.817: Total time for which application threads were stopped: 0.0326318 seconds, Stopping threads took: 0.0001526 seconds
2024-10-09T21:27:49.786+0300: 678.998: Application time: 0.1810312 seconds
2024-10-09T21:27:49.786+0300: 678.998: [GC (Allocation Failure) 2024-10-09T21:27:49.786+0300: 678.998: [ParNew: 460096K->51072K(460096K), 0.0245511 secs] 793141K->402172K(4143232K), 0.0246409 secs] [Times: user=0.03 sys=0.00, real=0.03 secs] 
2024-10-09T21:27:49.817+0300: 679.023: Total time for which application threads were stopped: 0.0248950 seconds, Stopping threads took: 0.0001286 seconds
2024-10-09T21:27:49.990+0300: 679.202: Application time: 0.1792743 seconds
2024-10-09T21:27:49.990+0300: 679.202: [GC (Allocation Failure) 2024-10-09T21:27:49.990+0300: 679.202: [ParNew: 460096K->51072K(460096K), 0.0256784 secs] 811196K->417943K(4143232K), 0.0257906 secs] [Times: user=0.03 sys=0.00, real=0.03 secs] 
2024-10-09T21:27:50.021+0300: 679.228: Total time for which application threads were stopped: 0.0261439 seconds, Stopping threads took: 0.0002042 seconds
2024-10-09T21:27:50.194+0300: 679.398: Application time: 0.1703640 seconds
2024-10-09T21:27:50.194+0300: 679.399: [GC (Allocation Failure) 2024-10-09T21:27:50.194+0300: 679.399: [ParNew: 460096K->51072K(460096K), 0.0241055 secs] 826967K->433718K(4143232K), 0.0241946 secs] [Times: user=0.02 sys=0.00, real=0.02 secs] 
2024-10-09T21:27:50.210+0300: 679.423: Total time for which application threads were stopped: 0.0244525 seconds, Stopping threads took: 0.0001324 seconds
2024-10-09T21:27:50.382+0300: 679.597: Application time: 0.1743461 seconds
2024-10-09T21:27:50.382+0300: 679.598: [GC (Allocation Failure) 2024-10-09T21:27:50.382+0300: 679.598: [ParNew: 460096K->49326K(460096K), 0.0302071 secs] 842742K->462632K(4143232K), 0.0302995 secs] [Times: user=0.03 sys=0.00, real=0.03 secs] 
2024-10-09T21:27:50.414+0300: 679.628: Total time for which application threads were stopped: 0.0305873 seconds, Stopping threads took: 0.0001578 seconds
2024-10-09T21:27:50.602+0300: 679.814: Application time: 0.1863744 seconds
2024-10-09T21:27:50.602+0300: 679.815: [GC (Allocation Failure) 2024-10-09T21:27:50.602+0300: 679.815: [ParNew: 458350K->51072K(460096K), 0.0273230 secs] 871656K->478246K(4143232K), 0.0274165 secs] [Times: user=0.12 sys=0.00, real=0.03 secs] 
2024-10-09T21:27:50.633+0300: 679.842: Total time for which application threads were stopped: 0.0277598 seconds, Stopping threads took: 0.0001983 seconds
2024-10-09T21:27:50.806+0300: 680.010: Application time: 0.1678533 seconds
2024-10-09T21:27:50.806+0300: 680.010: [GC (Allocation Failure) 2024-10-09T21:27:50.806+0300: 680.010: [ParNew: 460096K->51072K(460096K), 0.0243947 secs] 887270K->493451K(4143232K), 0.0244809 secs] [Times: user=0.02 sys=0.00, real=0.02 secs] 
2024-10-09T21:27:50.822+0300: 680.035: Total time for which application threads were stopped: 0.0247420 seconds, Stopping threads took: 0.0001369 seconds
2024-10-09T21:27:51.003+0300: 680.207: Application time: 0.1723290 seconds
2024-10-09T21:27:51.003+0300: 680.207: [GC (Allocation Failure) 2024-10-09T21:27:51.003+0300: 680.207: [ParNew: 460096K->45002K(460096K), 0.0272673 secs] 902475K->511520K(4143232K), 0.0273539 secs] [Times: user=0.03 sys=0.00, real=0.02 secs] 
2024-10-09T21:27:51.026+0300: 680.235: Total time for which application threads were stopped: 0.0276681 seconds, Stopping threads took: 0.0001798 seconds
2024-10-09T21:27:51.214+0300: 680.422: Application time: 0.1870473 seconds
2024-10-09T21:27:51.214+0300: 680.422: [GC (Allocation Failure) 2024-10-09T21:27:51.214+0300: 680.422: [ParNew: 454026K->51072K(460096K), 0.0257905 secs] 920544K->531160K(4143232K), 0.0258827 secs] [Times: user=0.02 sys=0.00, real=0.02 secs] 
2024-10-09T21:27:51.230+0300: 680.448: Total time for which application threads were stopped: 0.0261888 seconds, Stopping threads took: 0.0001359 seconds
2024-10-09T21:27:51.404+0300: 680.616: Application time: 0.1677547 seconds
2024-10-09T21:27:51.404+0300: 680.616: [GC (Allocation Failure) 2024-10-09T21:27:51.404+0300: 680.616: [ParNew: 460096K->51072K(460096K), 0.0295563 secs] 940184K->551054K(4143232K), 0.0296567 secs] [Times: user=0.06 sys=0.00, real=0.03 secs] 
2024-10-09T21:27:51.434+0300: 680.646: Total time for which application threads were stopped: 0.0299412 seconds, Stopping threads took: 0.0001463 seconds
2024-10-09T21:27:51.607+0300: 680.824: Application time: 0.1782316 seconds
2024-10-09T21:27:51.607+0300: 680.824: [GC (Allocation Failure) 2024-10-09T21:27:51.607+0300: 680.824: [ParNew: 460096K->47138K(460096K), 0.0316981 secs] 960078K->581839K(4143232K), 0.0317958 secs] [Times: user=0.14 sys=0.00, real=0.03 secs] 
2024-10-09T21:27:51.638+0300: 680.856: Total time for which application threads were stopped: 0.0321436 seconds, Stopping threads took: 0.0001906 seconds
2024-10-09T21:27:51.826+0300: 681.043: Application time: 0.1869879 seconds
2024-10-09T21:27:51.826+0300: 681.043: [GC (Allocation Failure) 2024-10-09T21:27:51.826+0300: 681.043: [ParNew: 456162K->51072K(460096K), 0.0216607 secs] 990863K->587802K(4143232K), 0.0217352 secs] [Times: user=0.03 sys=0.00, real=0.03 secs] 
2024-10-09T21:27:51.858+0300: 681.065: Total time for which application threads were stopped: 0.0220233 seconds, Stopping threads took: 0.0001680 seconds
2024-10-09T21:27:52.031+0300: 681.236: Application time: 0.1708489 seconds
2024-10-09T21:27:52.031+0300: 681.236: [GC (Allocation Failure) 2024-10-09T21:27:52.031+0300: 681.236: [ParNew: 460096K->51072K(460096K), 0.0268883 secs] 996826K->604716K(4143232K), 0.0269719 secs] [Times: user=0.03 sys=0.00, real=0.03 secs] 
2024-10-09T21:27:52.057+0300: 681.263: Total time for which application threads were stopped: 0.0272629 seconds, Stopping threads took: 0.0001540 seconds
2024-10-09T21:27:52.219+0300: 681.437: Application time: 0.1741692 seconds
2024-10-09T21:27:52.219+0300: 681.437: [GC (Allocation Failure) 2024-10-09T21:27:52.219+0300: 681.438: [ParNew: 460096K->39889K(460096K), 0.0298549 secs] 1013740K->626134K(4143232K), 0.0299390 secs] [Times: user=0.03 sys=0.00, real=0.03 secs] 
2024-10-09T21:27:52.251+0300: 681.467: Total time for which application threads were stopped: 0.0302224 seconds, Stopping threads took: 0.0001579 seconds
2024-10-09T21:27:52.439+0300: 681.652: Application time: 0.1849263 seconds
2024-10-09T21:27:52.439+0300: 681.653: [GC (Allocation Failure) 2024-10-09T21:27:52.439+0300: 681.653: [ParNew: 448913K->51072K(460096K), 0.0221507 secs] 1035158K->640832K(4143232K), 0.0222450 secs] [Times: user=0.03 sys=0.00, real=0.03 secs] 
2024-10-09T21:27:52.470+0300: 681.675: Total time for which application threads were stopped: 0.0225431 seconds, Stopping threads took: 0.0001668 seconds
2024-10-09T21:27:52.643+0300: 681.850: Application time: 0.1745695 seconds
2024-10-09T21:27:52.643+0300: 681.850: [GC (Allocation Failure) 2024-10-09T21:27:52.643+0300: 681.850: [ParNew: 460096K->51072K(460096K), 0.0329270 secs] 1049856K->670142K(4143232K), 0.0330180 secs] [Times: user=0.02 sys=0.00, real=0.03 secs] 
2024-10-09T21:27:52.674+0300: 681.883: Total time for which application threads were stopped: 0.0333175 seconds, Stopping threads took: 0.0001572 seconds
2024-10-09T21:27:52.847+0300: 682.055: Application time: 0.1723471 seconds
2024-10-09T21:27:52.847+0300: 682.055: [GC (Allocation Failure) 2024-10-09T21:27:52.847+0300: 682.055: [ParNew: 460096K->46718K(460096K), 0.0302025 secs] 1079166K->696822K(4143232K), 0.0302853 secs] [Times: user=0.03 sys=0.00, real=0.03 secs] 
2024-10-09T21:27:52.879+0300: 682.086: Total time for which application threads were stopped: 0.0305484 seconds, Stopping threads took: 0.0001425 seconds
2024-10-09T21:27:53.067+0300: 682.271: Application time: 0.1851930 seconds
2024-10-09T21:27:53.067+0300: 682.271: [GC (Allocation Failure) 2024-10-09T21:27:53.067+0300: 682.271: [ParNew: 455742K->51072K(460096K), 0.0235379 secs] 1105846K->710830K(4143232K), 0.0236253 secs] [Times: user=0.02 sys=0.00, real=0.02 secs] 
2024-10-09T21:27:53.083+0300: 682.295: Total time for which application threads were stopped: 0.0239069 seconds, Stopping threads took: 0.0001550 seconds
2024-10-09T21:27:53.255+0300: 682.465: Application time: 0.1697460 seconds
2024-10-09T21:27:53.255+0300: 682.465: [GC (Allocation Failure) 2024-10-09T21:27:53.255+0300: 682.465: [ParNew: 460096K->51072K(460096K), 0.0244247 secs] 1119854K->727078K(4143232K), 0.0245247 secs] [Times: user=0.03 sys=0.00, real=0.03 secs] 
2024-10-09T21:27:53.286+0300: 682.489: Total time for which application threads were stopped: 0.0247760 seconds, Stopping threads took: 0.0001242 seconds
2024-10-09T21:27:53.443+0300: 682.661: Application time: 0.1712346 seconds
2024-10-09T21:27:53.443+0300: 682.661: [GC (Allocation Failure) 2024-10-09T21:27:53.443+0300: 682.661: [ParNew: 460096K->49856K(460096K), 0.0245984 secs] 1136102K->743893K(4143232K), 0.0246904 secs] [Times: user=0.03 sys=0.00, real=0.03 secs] 
2024-10-09T21:27:53.475+0300: 682.686: Total time for which application threads were stopped: 0.0249922 seconds, Stopping threads took: 0.0001460 seconds
2024-10-09T21:27:53.663+0300: 682.873: Application time: 0.1873712 seconds
2024-10-09T21:27:53.663+0300: 682.873: [GC (Allocation Failure) 2024-10-09T21:27:53.663+0300: 682.873: [ParNew: 458880K->51072K(460096K), 0.0247725 secs] 1152917K->760907K(4143232K), 0.0248630 secs] [Times: user=0.01 sys=0.00, real=0.03 secs] 
2024-10-09T21:27:53.694+0300: 682.898: Total time for which application threads were stopped: 0.0251804 seconds, Stopping threads took: 0.0001738 seconds
2024-10-09T21:27:53.867+0300: 683.077: Application time: 0.1791902 seconds
2024-10-09T21:27:53.867+0300: 683.078: [GC (Allocation Failure) 2024-10-09T21:27:53.867+0300: 683.078: [ParNew: 460096K->51072K(460096K), 0.0243965 secs] 1169931K->775725K(4143232K), 0.0244815 secs] [Times: user=0.01 sys=0.00, real=0.03 secs] 
2024-10-09T21:27:53.898+0300: 683.102: Total time for which application threads were stopped: 0.0247671 seconds, Stopping threads took: 0.0001589 seconds
2024-10-09T21:27:54.071+0300: 683.275: Application time: 0.1730943 seconds
2024-10-09T21:27:54.071+0300: 683.275: [GC (Allocation Failure) 2024-10-09T21:27:54.071+0300: 683.275: [ParNew: 460096K->49796K(460096K), 0.0277579 secs] 1184749K->796445K(4143232K), 0.0278417 secs] [Times: user=0.02 sys=0.00, real=0.02 secs] 
2024-10-09T21:27:54.087+0300: 683.303: Total time for which application threads were stopped: 0.0280975 seconds, Stopping threads took: 0.0001299 seconds
2024-10-09T21:27:54.276+0300: 683.481: Application time: 0.1774322 seconds
2024-10-09T21:27:54.276+0300: 683.481: [GC (Allocation Failure) 2024-10-09T21:27:54.276+0300: 683.481: [ParNew: 458820K->48730K(460096K), 0.0240351 secs] 1205469K->811169K(4143232K), 0.0241196 secs] [Times: user=0.02 sys=0.00, real=0.01 secs] 
2024-10-09T21:27:54.291+0300: 683.505: Total time for which application threads were stopped: 0.0243773 seconds, Stopping threads took: 0.0001392 seconds
2024-10-09T21:27:54.480+0300: 683.686: Application time: 0.1807797 seconds
2024-10-09T21:27:54.480+0300: 683.686: [GC (Allocation Failure) 2024-10-09T21:27:54.480+0300: 683.686: [ParNew: 457754K->51072K(460096K), 0.0238121 secs] 1220193K->827659K(4143232K), 0.0238962 secs] [Times: user=0.02 sys=0.00, real=0.01 secs] 
2024-10-09T21:27:54.495+0300: 683.710: Total time for which application threads were stopped: 0.0241693 seconds, Stopping threads took: 0.0001407 seconds
2024-10-09T21:27:54.684+0300: 683.889: Application time: 0.1792464 seconds
2024-10-09T21:27:54.684+0300: 683.890: [GC (Allocation Failure) 2024-10-09T21:27:54.684+0300: 683.890: [ParNew: 460096K->51072K(460096K), 0.0258177 secs] 1236683K->842867K(4143232K), 0.0259142 secs] [Times: user=0.03 sys=0.00, real=0.03 secs] 
2024-10-09T21:27:54.711+0300: 683.916: Total time for which application threads were stopped: 0.0262227 seconds, Stopping threads took: 0.0001719 seconds
2024-10-09T21:27:54.872+0300: 684.086: Application time: 0.1706698 seconds
2024-10-09T21:27:54.872+0300: 684.086: [GC (Allocation Failure) 2024-10-09T21:27:54.872+0300: 684.087: [ParNew: 460096K->51072K(460096K), 0.0333511 secs] 1251891K->876845K(4143232K), 0.0334384 secs] [Times: user=0.03 sys=0.00, real=0.04 secs] 
2024-10-09T21:27:54.912+0300: 684.120: Total time for which application threads were stopped: 0.0337493 seconds, Stopping threads took: 0.0001773 seconds
2024-10-09T21:27:55.092+0300: 684.305: Application time: 0.1849323 seconds
2024-10-09T21:27:55.092+0300: 684.305: [GC (Allocation Failure) 2024-10-09T21:27:55.092+0300: 684.305: [ParNew: 460096K->51072K(460096K), 0.0286447 secs] 1285869K->901306K(4143232K), 0.0287348 secs] [Times: user=0.06 sys=0.00, real=0.03 secs] 
2024-10-09T21:27:55.123+0300: 684.334: Total time for which application threads were stopped: 0.0290448 seconds, Stopping threads took: 0.0001686 seconds
2024-10-09T21:27:55.296+0300: 684.506: Application time: 0.1719216 seconds
2024-10-09T21:27:55.296+0300: 684.506: [GC (Allocation Failure) 2024-10-09T21:27:55.296+0300: 684.506: [ParNew: 460096K->51072K(460096K), 0.0260639 secs] 1310330K->915732K(4143232K), 0.0261632 secs] [Times: user=0.03 sys=0.00, real=0.03 secs] 
2024-10-09T21:27:55.327+0300: 684.532: Total time for which application threads were stopped: 0.0264628 seconds, Stopping threads took: 0.0001640 seconds
2024-10-09T21:27:55.484+0300: 684.701: Application time: 0.1686206 seconds
2024-10-09T21:27:55.484+0300: 684.701: [GC (Allocation Failure) 2024-10-09T21:27:55.484+0300: 684.701: [ParNew: 460096K->51072K(460096K), 0.0274996 secs] 1324756K->937843K(4143232K), 0.0275812 secs] [Times: user=0.03 sys=0.00, real=0.03 secs] 
2024-10-09T21:27:55.516+0300: 684.729: Total time for which application threads were stopped: 0.0278168 seconds, Stopping threads took: 0.0001106 seconds
2024-10-09T21:27:55.704+0300: 684.916: Application time: 0.1867753 seconds
2024-10-09T21:27:55.704+0300: 684.916: [GC (Allocation Failure) 2024-10-09T21:27:55.704+0300: 684.916: [ParNew: 460096K->47622K(460096K), 0.0249378 secs] 1346867K->954232K(4143232K), 0.0250230 secs] [Times: user=0.03 sys=0.00, real=0.03 secs] 
2024-10-09T21:27:55.735+0300: 684.941: Total time for which application threads were stopped: 0.0253483 seconds, Stopping threads took: 0.0001729 seconds
2024-10-09T21:27:55.914+0300: 685.119: Application time: 0.1783266 seconds
2024-10-09T21:27:55.914+0300: 685.119: [GC (Allocation Failure) 2024-10-09T21:27:55.914+0300: 685.120: [ParNew: 456646K->51072K(460096K), 0.0241133 secs] 1363256K->967388K(4143232K), 0.0242077 secs] [Times: user=0.02 sys=0.00, real=0.02 secs] 
2024-10-09T21:27:55.939+0300: 685.144: Total time for which application threads were stopped: 0.0244832 seconds, Stopping threads took: 0.0001494 seconds
2024-10-09T21:27:56.112+0300: 685.315: Application time: 0.1713292 seconds
2024-10-09T21:27:56.112+0300: 685.315: [GC (Allocation Failure) 2024-10-09T21:27:56.112+0300: 685.315: [ParNew: 460096K->51072K(460096K), 0.0292734 secs] 1376412K->994110K(4143232K), 0.0293681 secs] [Times: user=0.02 sys=0.00, real=0.02 secs] 
2024-10-09T21:27:56.128+0300: 685.345: Total time for which application threads were stopped: 0.0296601 seconds, Stopping threads took: 0.0001422 seconds
2024-10-09T21:27:56.316+0300: 685.522: Application time: 0.1769366 seconds
2024-10-09T21:27:56.316+0300: 685.522: [GC (Allocation Failure) 2024-10-09T21:27:56.316+0300: 685.522: [ParNew: 460096K->51072K(460096K), 0.0252236 secs] 1403134K->1014227K(4143232K), 0.0253070 secs] [Times: user=0.01 sys=0.00, real=0.02 secs] 
2024-10-09T21:27:56.332+0300: 685.547: Total time for which application threads were stopped: 0.0255498 seconds, Stopping threads took: 0.0001160 seconds
2024-10-09T21:27:56.515+0300: 685.718: Application time: 0.1712499 seconds
2024-10-09T21:27:56.515+0300: 685.719: [GC (Allocation Failure) 2024-10-09T21:27:56.515+0300: 685.719: [ParNew: 460096K->51072K(460096K), 0.0238083 secs] 1423251K->1027003K(4143232K), 0.0238978 secs] [Times: user=0.01 sys=0.00, real=0.02 secs] 
2024-10-09T21:27:56.536+0300: 685.743: Total time for which application threads were stopped: 0.0241649 seconds, Stopping threads took: 0.0001374 seconds
2024-10-09T21:27:56.716+0300: 685.926: Application time: 0.1830674 seconds
2024-10-09T21:27:56.716+0300: 685.926: [GC (Allocation Failure) 2024-10-09T21:27:56.716+0300: 685.926: [ParNew: 460096K->51072K(460096K), 0.0272631 secs] 1436027K->1048737K(4143232K), 0.0273686 secs] [Times: user=0.05 sys=0.00, real=0.02 secs] 
2024-10-09T21:27:56.740+0300: 685.953: Total time for which application threads were stopped: 0.0276826 seconds, Stopping threads took: 0.0001559 seconds
2024-10-09T21:27:56.929+0300: 686.132: Application time: 0.1783888 seconds
2024-10-09T21:27:56.929+0300: 686.132: [GC (Allocation Failure) 2024-10-09T21:27:56.929+0300: 686.132: [ParNew: 460096K->51072K(460096K), 0.0243013 secs] 1457761K->1062134K(4143232K), 0.0244011 secs] [Times: user=0.02 sys=0.00, real=0.02 secs] 
2024-10-09T21:27:56.944+0300: 686.157: Total time for which application threads were stopped: 0.0247534 seconds, Stopping threads took: 0.0001717 seconds
2024-10-09T21:27:57.116+0300: 686.328: Application time: 0.1714414 seconds
2024-10-09T21:27:57.116+0300: 686.328: [GC (Allocation Failure) 2024-10-09T21:27:57.116+0300: 686.328: [ParNew: 460096K->44477K(460096K), 0.0248134 secs] 1471158K->1074712K(4143232K), 0.0248924 secs] [Times: user=0.03 sys=0.00, real=0.03 secs] 
2024-10-09T21:27:57.148+0300: 686.353: Total time for which application threads were stopped: 0.0251592 seconds, Stopping threads took: 0.0001432 seconds
2024-10-09T21:27:57.320+0300: 686.534: Application time: 0.1811296 seconds
2024-10-09T21:27:57.320+0300: 686.535: [GC (Allocation Failure) 2024-10-09T21:27:57.320+0300: 686.535: [ParNew: 453501K->51072K(460096K), 0.0249634 secs] 1483736K->1096021K(4143232K), 0.0250538 secs] [Times: user=0.03 sys=0.00, real=0.03 secs] 
2024-10-09T21:27:57.352+0300: 686.560: Total time for which application threads were stopped: 0.0253729 seconds, Stopping threads took: 0.0001865 seconds
2024-10-09T21:27:57.534+0300: 686.737: Application time: 0.1769608 seconds
2024-10-09T21:27:57.534+0300: 686.737: [GC (Allocation Failure) 2024-10-09T21:27:57.534+0300: 686.737: [ParNew: 460096K->51072K(460096K), 0.0292223 secs] 1505045K->1117684K(4143232K), 0.0293156 secs] [Times: user=0.03 sys=0.00, real=0.02 secs] 
2024-10-09T21:27:57.556+0300: 686.766: Total time for which application threads were stopped: 0.0295625 seconds, Stopping threads took: 0.0001155 seconds
2024-10-09T21:27:57.729+0300: 686.937: Application time: 0.1705753 seconds
2024-10-09T21:27:57.729+0300: 686.937: [GC (Allocation Failure) 2024-10-09T21:27:57.729+0300: 686.937: [ParNew: 460096K->50236K(460096K), 0.0277049 secs] 1526708K->1141860K(4143232K), 0.0277946 secs] [Times: user=0.02 sys=0.00, real=0.03 secs] 
2024-10-09T21:27:57.760+0300: 686.965: Total time for which application threads were stopped: 0.0281245 seconds, Stopping threads took: 0.0001872 seconds
2024-10-09T21:27:57.949+0300: 687.152: Application time: 0.1869054 seconds
2024-10-09T21:27:57.949+0300: 687.152: [GC (Allocation Failure) 2024-10-09T21:27:57.949+0300: 687.152: [ParNew: 459260K->51072K(460096K), 0.0241307 secs] 1550884K->1156533K(4143232K), 0.0242191 secs] [Times: user=0.01 sys=0.00, real=0.02 secs] 
2024-10-09T21:27:57.964+0300: 687.176: Total time for which application threads were stopped: 0.0244896 seconds, Stopping threads took: 0.0001431 seconds
2024-10-09T21:27:58.149+0300: 687.353: Application time: 0.1763732 seconds
2024-10-09T21:27:58.149+0300: 687.353: [GC (Allocation Failure) 2024-10-09T21:27:58.149+0300: 687.353: [ParNew: 460096K->51072K(460096K), 0.0278441 secs] 1565557K->1172892K(4143232K), 0.0279289 secs] [Times: user=0.03 sys=0.00, real=0.02 secs] 
2024-10-09T21:27:58.168+0300: 687.381: Total time for which application threads were stopped: 0.0281691 seconds, Stopping threads took: 0.0001075 seconds
2024-10-09T21:27:58.341+0300: 687.545: Application time: 0.1646149 seconds
2024-10-09T21:27:58.341+0300: 687.546: [GC (Allocation Failure) 2024-10-09T21:27:58.341+0300: 687.546: [ParNew: 460096K->48353K(460096K), 0.0292151 secs] 1581916K->1201095K(4143232K), 0.0293050 secs] [Times: user=0.03 sys=0.00, real=0.02 secs] 
2024-10-09T21:27:58.357+0300: 687.575: Total time for which application threads were stopped: 0.0295544 seconds, Stopping threads took: 0.0001261 seconds
2024-10-09T21:27:58.545+0300: 687.756: Application time: 0.1813048 seconds
2024-10-09T21:27:58.545+0300: 687.757: [GC (Allocation Failure) 2024-10-09T21:27:58.545+0300: 687.757: [ParNew: 457377K->51072K(460096K), 0.0248138 secs] 1610119K->1218691K(4143232K), 0.0249071 secs] [Times: user=0.03 sys=0.00, real=0.03 secs] 
2024-10-09T21:27:58.576+0300: 687.782: Total time for which application threads were stopped: 0.0251961 seconds, Stopping threads took: 0.0001610 seconds
2024-10-09T21:27:58.749+0300: 687.961: Application time: 0.1798214 seconds
2024-10-09T21:27:58.749+0300: 687.962: [GC (Allocation Failure) 2024-10-09T21:27:58.749+0300: 687.962: [ParNew: 460096K->51072K(460096K), 0.0295290 secs] 1627715K->1239110K(4143232K), 0.0296191 secs] [Times: user=0.03 sys=0.00, real=0.03 secs] 
2024-10-09T21:27:58.780+0300: 687.991: Total time for which application threads were stopped: 0.0299552 seconds, Stopping threads took: 0.0001902 seconds
2024-10-09T21:27:58.953+0300: 688.163: Application time: 0.1719600 seconds
2024-10-09T21:27:58.953+0300: 688.163: [GC (Allocation Failure) 2024-10-09T21:27:58.953+0300: 688.163: [ParNew: 460096K->51072K(460096K), 0.0239459 secs] 1648134K->1256173K(4143232K), 0.0240322 secs] [Times: user=0.03 sys=0.00, real=0.03 secs] 
2024-10-09T21:27:58.984+0300: 688.188: Total time for which application threads were stopped: 0.0242886 seconds, Stopping threads took: 0.0001338 seconds
2024-10-09T21:27:59.157+0300: 688.363: Application time: 0.1758819 seconds
2024-10-09T21:27:59.157+0300: 688.364: [GC (Allocation Failure) 2024-10-09T21:27:59.157+0300: 688.364: [ParNew: 460096K->51072K(460096K), 0.0266474 secs] 1665197K->1274770K(4143232K), 0.0267324 secs] [Times: user=0.02 sys=0.00, real=0.01 secs] 
2024-10-09T21:27:59.172+0300: 688.390: Total time for which application threads were stopped: 0.0269758 seconds, Stopping threads took: 0.0001213 seconds
2024-10-09T21:27:59.361+0300: 688.568: Application time: 0.1778467 seconds
2024-10-09T21:27:59.361+0300: 688.569: [GC (Allocation Failure) 2024-10-09T21:27:59.361+0300: 688.569: [ParNew: 460096K->50036K(460096K), 0.0284715 secs] 1683794K->1297664K(4143232K), 0.0285565 secs] [Times: user=0.03 sys=0.00, real=0.03 secs] 
2024-10-09T21:27:59.392+0300: 688.597: Total time for which application threads were stopped: 0.0288666 seconds, Stopping threads took: 0.0001588 seconds
2024-10-09T21:27:59.565+0300: 688.777: Application time: 0.1797108 seconds
2024-10-09T21:27:59.565+0300: 688.777: [GC (Allocation Failure) 2024-10-09T21:27:59.565+0300: 688.777: [ParNew: 459060K->51072K(460096K), 0.0252343 secs] 1706688K->1313132K(4143232K), 0.0253326 secs] [Times: user=0.03 sys=0.00, real=0.03 secs] 
2024-10-09T21:27:59.596+0300: 688.802: Total time for which application threads were stopped: 0.0256109 seconds, Stopping threads took: 0.0001341 seconds
2024-10-09T21:27:59.769+0300: 688.984: Application time: 0.1815694 seconds
2024-10-09T21:27:59.769+0300: 688.984: [GC (Allocation Failure) 2024-10-09T21:27:59.769+0300: 688.984: [ParNew: 460096K->51072K(460096K), 0.0238270 secs] 1722156K->1325503K(4143232K), 0.0239102 secs] [Times: user=0.03 sys=0.00, real=0.03 secs] 
2024-10-09T21:27:59.800+0300: 689.008: Total time for which application threads were stopped: 0.0241936 seconds, Stopping threads took: 0.0001611 seconds
2024-10-09T21:27:59.973+0300: 689.180: Application time: 0.1720144 seconds
2024-10-09T21:27:59.973+0300: 689.180: [GC (Allocation Failure) 2024-10-09T21:27:59.973+0300: 689.180: [ParNew: 460096K->51072K(460096K), 0.0249842 secs] 1734527K->1345652K(4143232K), 0.0250732 secs] [Times: user=0.02 sys=0.00, real=0.02 secs] 
2024-10-09T21:27:59.989+0300: 689.206: Total time for which application threads were stopped: 0.0253304 seconds, Stopping threads took: 0.0001304 seconds
2024-10-09T21:28:00.177+0300: 689.391: Application time: 0.1857577 seconds
2024-10-09T21:28:00.177+0300: 689.392: [GC (Allocation Failure) 2024-10-09T21:28:00.177+0300: 689.392: [ParNew: 460096K->51072K(460096K), 0.0252838 secs] 1754676K->1360926K(4143232K), 0.0253859 secs] [Times: user=0.03 sys=0.00, real=0.03 secs] 
2024-10-09T21:28:00.208+0300: 689.417: Total time for which application threads were stopped: 0.0256654 seconds, Stopping threads took: 0.0001389 seconds
2024-10-09T21:28:00.381+0300: 689.592: Application time: 0.1751701 seconds
2024-10-09T21:28:00.381+0300: 689.592: [GC (Allocation Failure) 2024-10-09T21:28:00.381+0300: 689.592: [ParNew: 460096K->51072K(460096K), 0.0241974 secs] 1769950K->1374143K(4143232K), 0.0242835 secs] [Times: user=0.03 sys=0.00, real=0.03 secs] 
2024-10-09T21:28:00.412+0300: 689.617: Total time for which application threads were stopped: 0.0245527 seconds, Stopping threads took: 0.0001339 seconds
2024-10-09T21:28:00.570+0300: 689.783: Application time: 0.1666223 seconds
2024-10-09T21:28:00.570+0300: 689.784: [GC (Allocation Failure) 2024-10-09T21:28:00.570+0300: 689.784: [ParNew: 460096K->51072K(460096K), 0.0250840 secs] 1783167K->1391886K(4143232K), 0.0251795 secs] [Times: user=0.03 sys=0.00, real=0.03 secs] 
2024-10-09T21:28:00.601+0300: 689.809: Total time for which application threads were stopped: 0.0254912 seconds, Stopping threads took: 0.0001659 seconds
2024-10-09T21:28:00.789+0300: 689.998: Application time: 0.1895289 seconds
2024-10-09T21:28:00.789+0300: 689.999: [GC (Allocation Failure) 2024-10-09T21:28:00.789+0300: 689.999: [ParNew: 460096K->51072K(460096K), 0.0242195 secs] 1800910K->1405042K(4143232K), 0.0243133 secs] [Times: user=0.02 sys=0.00, real=0.02 secs] 
2024-10-09T21:28:00.805+0300: 690.023: Total time for which application threads were stopped: 0.0246282 seconds, Stopping threads took: 0.0001731 seconds
2024-10-09T21:28:00.993+0300: 690.197: Application time: 0.1742921 seconds
2024-10-09T21:28:00.993+0300: 690.198: [GC (Allocation Failure) 2024-10-09T21:28:00.993+0300: 690.198: [ParNew: 460096K->51072K(460096K), 0.0287072 secs] 1814066K->1428848K(4143232K), 0.0287894 secs] [Times: user=0.02 sys=0.00, real=0.02 secs] 
2024-10-09T21:28:01.009+0300: 690.226: Total time for which application threads were stopped: 0.0290527 seconds, Stopping threads took: 0.0001379 seconds
2024-10-09T21:28:01.182+0300: 690.400: Application time: 0.1736608 seconds
2024-10-09T21:28:01.182+0300: 690.400: [GC (Allocation Failure) 2024-10-09T21:28:01.182+0300: 690.400: [ParNew: 460096K->49206K(460096K), 0.0241486 secs] 1837872K->1442753K(4143232K), 0.0242363 secs] [Times: user=0.05 sys=0.00, real=0.03 secs] 
2024-10-09T21:28:01.213+0300: 690.425: Total time for which application threads were stopped: 0.0245073 seconds, Stopping threads took: 0.0001413 seconds
2024-10-09T21:28:01.402+0300: 690.605: Application time: 0.1805510 seconds
2024-10-09T21:28:01.402+0300: 690.605: [GC (Allocation Failure) 2024-10-09T21:28:01.402+0300: 690.605: [ParNew: 458230K->51072K(460096K), 0.0243314 secs] 1851777K->1458425K(4143232K), 0.0244228 secs] [Times: user=0.03 sys=0.00, real=0.02 secs] 
2024-10-09T21:28:01.426+0300: 690.630: Total time for which application threads were stopped: 0.0246657 seconds, Stopping threads took: 0.0000838 seconds
2024-10-09T21:28:01.590+0300: 690.803: Application time: 0.1729858 seconds
2024-10-09T21:28:01.590+0300: 690.803: [GC (Allocation Failure) 2024-10-09T21:28:01.590+0300: 690.803: [ParNew: 460096K->51072K(460096K), 0.0249273 secs] 1867449K->1476197K(4143232K), 0.0250325 secs] [Times: user=0.08 sys=0.00, real=0.03 secs] 
2024-10-09T21:28:01.621+0300: 690.828: Total time for which application threads were stopped: 0.0253169 seconds, Stopping threads took: 0.0001160 seconds
2024-10-09T21:28:01.810+0300: 691.014: Application time: 0.1859473 seconds
2024-10-09T21:28:01.810+0300: 691.014: [GC (Allocation Failure) 2024-10-09T21:28:01.810+0300: 691.014: [ParNew: 460096K->51072K(460096K), 0.0240237 secs] 1885221K->1490874K(4143232K), 0.0241133 secs] [Times: user=0.01 sys=0.00, real=0.02 secs] 
2024-10-09T21:28:01.827+0300: 691.038: Total time for which application threads were stopped: 0.0244527 seconds, Stopping threads took: 0.0001998 seconds
2024-10-09T21:28:01.998+0300: 691.214: Application time: 0.1757760 seconds
2024-10-09T21:28:01.998+0300: 691.214: [GC (Allocation Failure) 2024-10-09T21:28:01.998+0300: 691.214: [ParNew: 460096K->51072K(460096K), 0.0240423 secs] 1899898K->1500724K(4143232K), 0.0241325 secs] [Times: user=0.03 sys=0.00, real=0.03 secs] 
2024-10-09T21:28:02.030+0300: 691.239: Total time for which application threads were stopped: 0.0244025 seconds, Stopping threads took: 0.0001453 seconds
2024-10-09T21:28:02.203+0300: 691.410: Application time: 0.1715110 seconds
2024-10-09T21:28:02.203+0300: 691.410: [GC (Allocation Failure) 2024-10-09T21:28:02.203+0300: 691.410: [ParNew: 460096K->48467K(460096K), 0.0288459 secs] 1909748K->1525612K(4143232K), 0.0289275 secs] [Times: user=0.03 sys=0.00, real=0.03 secs] 
2024-10-09T21:28:02.234+0300: 691.439: Total time for which application threads were stopped: 0.0292383 seconds, Stopping threads took: 0.0001815 seconds
2024-10-09T21:28:02.407+0300: 691.622: Application time: 0.1823101 seconds
2024-10-09T21:28:02.407+0300: 691.622: [GC (Allocation Failure) 2024-10-09T21:28:02.407+0300: 691.622: [ParNew: 457491K->51072K(460096K), 0.0238272 secs] 1934636K->1541183K(4143232K), 0.0239193 secs] [Times: user=0.03 sys=0.00, real=0.03 secs] 
2024-10-09T21:28:02.439+0300: 691.646: Total time for which application threads were stopped: 0.0241869 seconds, Stopping threads took: 0.0001385 seconds
2024-10-09T21:28:02.611+0300: 691.824: Application time: 0.1785382 seconds
2024-10-09T21:28:02.611+0300: 691.825: [GC (Allocation Failure) 2024-10-09T21:28:02.611+0300: 691.825: [ParNew: 460096K->51072K(460096K), 0.0362505 secs] 1950207K->1569842K(4143232K), 0.0363428 secs] [Times: user=0.11 sys=0.00, real=0.03 secs] 
2024-10-09T21:28:02.643+0300: 691.861: Total time for which application threads were stopped: 0.0367384 seconds, Stopping threads took: 0.0002410 seconds
2024-10-09T21:28:02.815+0300: 692.028: Application time: 0.1665762 seconds
2024-10-09T21:28:02.815+0300: 692.028: [GC (Allocation Failure) 2024-10-09T21:28:02.815+0300: 692.028: [ParNew: 460096K->50230K(460096K), 0.0289282 secs] 1978866K->1594877K(4143232K), 0.0290197 secs] [Times: user=0.03 sys=0.00, real=0.03 secs] 
2024-10-09T21:28:02.847+0300: 692.057: Total time for which application threads were stopped: 0.0293380 seconds, Stopping threads took: 0.0001894 seconds
2024-10-09T21:28:03.035+0300: 692.246: Application time: 0.1888178 seconds
2024-10-09T21:28:03.035+0300: 692.246: [GC (Allocation Failure) 2024-10-09T21:28:03.035+0300: 692.246: [ParNew: 459254K->51072K(460096K), 0.0240380 secs] 2003901K->1608936K(4143232K), 0.0241237 secs] [Times: user=0.05 sys=0.00, real=0.03 secs] 
2024-10-09T21:28:03.066+0300: 692.270: Total time for which application threads were stopped: 0.0243919 seconds, Stopping threads took: 0.0001378 seconds
2024-10-09T21:28:03.230+0300: 692.442: Application time: 0.1716938 seconds
2024-10-09T21:28:03.239+0300: 692.442: [GC (Allocation Failure) 2024-10-09T21:28:03.239+0300: 692.442: [ParNew: 460096K->51072K(460096K), 0.0254221 secs] 2017960K->1624761K(4143232K), 0.0255242 secs] [Times: user=0.02 sys=0.00, real=0.02 secs] 
2024-10-09T21:28:03.255+0300: 692.468: Total time for which application threads were stopped: 0.0258040 seconds, Stopping threads took: 0.0001429 seconds
2024-10-09T21:28:03.430+0300: 692.636: Application time: 0.1683954 seconds
2024-10-09T21:28:03.430+0300: 692.636: [GC (Allocation Failure) 2024-10-09T21:28:03.430+0300: 692.636: [ParNew: 460096K->51017K(460096K), 0.0280140 secs] 2033785K->1648721K(4143232K), 0.0281006 secs] [Times: user=0.00 sys=0.00, real=0.03 secs] 
2024-10-09T21:28:03.459+0300: 692.665: Total time for which application threads were stopped: 0.0283596 seconds, Stopping threads took: 0.0001353 seconds
2024-10-09T21:28:03.647+0300: 692.857: Application time: 0.1922857 seconds
2024-10-09T21:28:03.647+0300: 692.857: [GC (Allocation Failure) 2024-10-09T21:28:03.647+0300: 692.857: [ParNew: 460041K->51072K(460096K), 0.0255976 secs] 2057745K->1662535K(4143232K), 0.0256943 secs] [Times: user=0.03 sys=0.00, real=0.03 secs] 
2024-10-09T21:28:03.678+0300: 692.883: Total time for which application threads were stopped: 0.0259813 seconds, Stopping threads took: 0.0001247 seconds
2024-10-09T21:28:03.851+0300: 693.054: Application time: 0.1716063 seconds
2024-10-09T21:28:03.851+0300: 693.055: [GC (Allocation Failure) 2024-10-09T21:28:03.851+0300: 693.055: [ParNew: 460096K->51072K(460096K), 0.0261901 secs] 2071559K->1679940K(4143232K), 0.0262735 secs] [Times: user=0.02 sys=0.00, real=0.02 secs] 
2024-10-09T21:28:03.867+0300: 693.081: Total time for which application threads were stopped: 0.0265544 seconds, Stopping threads took: 0.0001564 seconds
2024-10-09T21:28:04.039+0300: 693.253: Application time: 0.1716713 seconds
2024-10-09T21:28:04.039+0300: 693.253: [GC (Allocation Failure) 2024-10-09T21:28:04.039+0300: 693.253: [ParNew: 460096K->46024K(460096K), 0.0290054 secs] 2088964K->1702690K(4143232K), 0.0290941 secs] [Times: user=0.06 sys=0.00, real=0.03 secs] 
2024-10-09T21:28:04.071+0300: 693.282: Total time for which application threads were stopped: 0.0293820 seconds, Stopping threads took: 0.0001565 seconds
2024-10-09T21:28:04.259+0300: 693.464: Application time: 0.1822403 seconds
2024-10-09T21:28:04.259+0300: 693.465: [GC (Allocation Failure) 2024-10-09T21:28:04.259+0300: 693.465: [ParNew: 455048K->51072K(460096K), 0.0250515 secs] 2111714K->1723855K(4143232K), 0.0252082 secs] [Times: user=0.02 sys=0.00, real=0.02 secs] 
2024-10-09T21:28:04.275+0300: 693.490: Total time for which application threads were stopped: 0.0254700 seconds, Stopping threads took: 0.0001404 seconds
2024-10-09T21:28:04.462+0300: 693.665: Application time: 0.1756122 seconds
2024-10-09T21:28:04.462+0300: 693.666: [GC (Allocation Failure) 2024-10-09T21:28:04.462+0300: 693.666: [ParNew: 460096K->51072K(460096K), 0.0260289 secs] 2132879K->1738627K(4143232K), 0.0261160 secs] [Times: user=0.02 sys=0.00, real=0.02 secs] 
2024-10-09T21:28:04.485+0300: 693.692: Total time for which application threads were stopped: 0.0264194 seconds, Stopping threads took: 0.0001674 seconds
2024-10-09T21:28:04.651+0300: 693.861: Application time: 0.1695208 seconds
2024-10-09T21:28:04.651+0300: 693.862: [GC (Allocation Failure) 2024-10-09T21:28:04.651+0300: 693.862: [ParNew: 460096K->51072K(460096K), 0.0273564 secs] 2147651K->1762538K(4143232K), 0.0274513 secs] [Times: user=0.08 sys=0.00, real=0.03 secs] 
2024-10-09T21:28:04.683+0300: 693.889: Total time for which application threads were stopped: 0.0277514 seconds, Stopping threads took: 0.0001580 seconds
2024-10-09T21:28:04.855+0300: 694.071: Application time: 0.1818007 seconds
2024-10-09T21:28:04.855+0300: 694.071: [GC (Allocation Failure) 2024-10-09T21:28:04.855+0300: 694.071: [ParNew: 460096K->51072K(460096K), 0.0257798 secs] 2171562K->1778586K(4143232K), 0.0258680 secs] [Times: user=0.03 sys=0.00, real=0.03 secs] 
2024-10-09T21:28:04.887+0300: 694.097: Total time for which application threads were stopped: 0.0261377 seconds, Stopping threads took: 0.0001373 seconds
2024-10-09T21:28:05.059+0300: 694.275: Application time: 0.1782826 seconds
2024-10-09T21:28:05.059+0300: 694.276: [GC (Allocation Failure) 2024-10-09T21:28:05.059+0300: 694.276: [ParNew: 460096K->51072K(460096K), 0.0287273 secs] 2187610K->1798515K(4143232K), 0.0288155 secs] [Times: user=0.03 sys=0.00, real=0.03 secs] 
2024-10-09T21:28:05.091+0300: 694.304: Total time for which application threads were stopped: 0.0290762 seconds, Stopping threads took: 0.0001309 seconds
2024-10-09T21:28:05.264+0300: 694.474: Application time: 0.1699865 seconds
2024-10-09T21:28:05.264+0300: 694.475: [GC (Allocation Failure) 2024-10-09T21:28:05.264+0300: 694.475: [ParNew: 460096K->51072K(460096K), 0.0286255 secs] 2207539K->1823102K(4143232K), 0.0287161 secs] [Times: user=0.03 sys=0.00, real=0.03 secs] 
2024-10-09T21:28:05.295+0300: 694.503: Total time for which application threads were stopped: 0.0290590 seconds, Stopping threads took: 0.0002006 seconds
2024-10-09T21:28:05.468+0300: 694.678: Application time: 0.1747088 seconds
2024-10-09T21:28:05.468+0300: 694.678: [GC (Allocation Failure) 2024-10-09T21:28:05.468+0300: 694.678: [ParNew: 460096K->51072K(460096K), 0.0239747 secs] 2232126K->1834791K(4143232K), 0.0240639 secs] [Times: user=0.02 sys=0.00, real=0.03 secs] 
2024-10-09T21:28:05.499+0300: 694.702: Total time for which application threads were stopped: 0.0243316 seconds, Stopping threads took: 0.0001386 seconds
2024-10-09T21:28:05.672+0300: 694.889: Application time: 0.1865998 seconds
2024-10-09T21:28:05.672+0300: 694.889: [GC (Allocation Failure) 2024-10-09T21:28:05.672+0300: 694.889: [ParNew: 460096K->51072K(460096K), 0.0280466 secs] 2243815K->1857466K(4143232K), 0.0281435 secs] [Times: user=0.03 sys=0.00, real=0.03 secs] 
2024-10-09T21:28:05.703+0300: 694.918: Total time for which application threads were stopped: 0.0284906 seconds, Stopping threads took: 0.0001805 seconds
2024-10-09T21:28:05.876+0300: 695.089: Application time: 0.1717385 seconds
2024-10-09T21:28:05.876+0300: 695.090: [GC (Allocation Failure) 2024-10-09T21:28:05.876+0300: 695.090: [ParNew: 460096K->51072K(460096K), 0.0263795 secs] 2266490K->1877267K(4143232K), 0.0264651 secs] [Times: user=0.03 sys=0.00, real=0.03 secs] 
2024-10-09T21:28:05.907+0300: 695.116: Total time for which application threads were stopped: 0.0267273 seconds, Stopping threads took: 0.0001407 seconds
2024-10-09T21:28:06.080+0300: 695.291: Application time: 0.1750956 seconds
2024-10-09T21:28:06.080+0300: 695.291: [GC (Allocation Failure) 2024-10-09T21:28:06.080+0300: 695.291: [ParNew: 460096K->51072K(460096K), 0.0233883 secs] 2286291K->1886866K(4143232K), 0.0234673 secs] [Times: user=0.03 sys=0.00, real=0.03 secs] 
2024-10-09T21:28:06.111+0300: 695.315: Total time for which application threads were stopped: 0.0237351 seconds, Stopping threads took: 0.0001427 seconds
2024-10-09T21:28:06.284+0300: 695.492: Application time: 0.1774805 seconds
2024-10-09T21:28:06.284+0300: 695.493: [GC (Allocation Failure) 2024-10-09T21:28:06.284+0300: 695.493: [ParNew: 460096K->51072K(460096K), 0.0287112 secs] 2295890K->1913241K(4143232K), 0.0287993 secs] [Times: user=0.01 sys=0.00, real=0.03 secs] 
2024-10-09T21:28:06.315+0300: 695.521: Total time for which application threads were stopped: 0.0290508 seconds, Stopping threads took: 0.0001246 seconds
2024-10-09T21:28:06.488+0300: 695.703: Application time: 0.1812060 seconds
2024-10-09T21:28:06.488+0300: 695.703: [GC (Allocation Failure) 2024-10-09T21:28:06.488+0300: 695.703: [ParNew: 460096K->51072K(460096K), 0.0221929 secs] 2322265K->1922189K(4143232K), 0.0222905 secs] [Times: user=0.03 sys=0.00, real=0.03 secs] 
2024-10-09T21:28:06.519+0300: 695.725: Total time for which application threads were stopped: 0.0225860 seconds, Stopping threads took: 0.0001630 seconds
2024-10-09T21:28:06.692+0300: 695.909: Application time: 0.1839782 seconds
2024-10-09T21:28:06.692+0300: 695.910: [GC (Allocation Failure) 2024-10-09T21:28:06.692+0300: 695.910: [ParNew: 460096K->51072K(460096K), 0.0289876 secs] 2331213K->1942435K(4143232K), 0.0290924 secs] [Times: user=0.03 sys=0.00, real=0.03 secs] 
2024-10-09T21:28:06.723+0300: 695.939: Total time for which application threads were stopped: 0.0294494 seconds, Stopping threads took: 0.0001833 seconds
2024-10-09T21:28:06.896+0300: 696.112: Application time: 0.1738464 seconds
2024-10-09T21:28:06.896+0300: 696.113: [GC (Allocation Failure) 2024-10-09T21:28:06.896+0300: 696.113: [ParNew: 460096K->48187K(460096K), 0.0272891 secs] 2351459K->1964052K(4143232K), 0.0273796 secs] [Times: user=0.03 sys=0.00, real=0.03 secs] 
2024-10-09T21:28:06.927+0300: 696.140: Total time for which application threads were stopped: 0.0276505 seconds, Stopping threads took: 0.0001414 seconds
2024-10-09T21:28:07.121+0300: 696.325: Application time: 0.1847474 seconds
2024-10-09T21:28:07.121+0300: 696.325: [GC (Allocation Failure) 2024-10-09T21:28:07.121+0300: 696.325: [ParNew: 457211K->51072K(460096K), 0.0245397 secs] 2373076K->1979203K(4143232K), 0.0246203 secs] [Times: user=0.02 sys=0.00, real=0.02 secs] 
2024-10-09T21:28:07.146+0300: 696.350: Total time for which application threads were stopped: 0.0249143 seconds, Stopping threads took: 0.0001458 seconds
2024-10-09T21:28:07.319+0300: 696.528: Application time: 0.1778668 seconds
2024-10-09T21:28:07.319+0300: 696.528: [GC (Allocation Failure) 2024-10-09T21:28:07.319+0300: 696.528: [ParNew: 460096K->51072K(460096K), 0.0236180 secs] 2388227K->1989325K(4143232K), 0.0237093 secs] [Times: user=0.05 sys=0.00, real=0.02 secs] 
2024-10-09T21:28:07.338+0300: 696.552: Total time for which application threads were stopped: 0.0239713 seconds, Stopping threads took: 0.0001392 seconds
2024-10-09T21:28:07.507+0300: 696.724: Application time: 0.1719112 seconds
2024-10-09T21:28:07.507+0300: 696.724: [GC (Allocation Failure) 2024-10-09T21:28:07.507+0300: 696.724: [ParNew: 460096K->47898K(460096K), 0.0261831 secs] 2398349K->2008243K(4143232K), 0.0262818 secs] [Times: user=0.03 sys=0.00, real=0.03 secs] 
2024-10-09T21:28:07.538+0300: 696.750: Total time for which application threads were stopped: 0.0266099 seconds, Stopping threads took: 0.0001903 seconds
2024-10-09T21:28:07.726+0300: 696.937: Application time: 0.1865638 seconds
2024-10-09T21:28:07.726+0300: 696.937: [GC (Allocation Failure) 2024-10-09T21:28:07.726+0300: 696.937: [ParNew: 456922K->51072K(460096K), 0.0249511 secs] 2417267K->2026873K(4143232K), 0.0250398 secs] [Times: user=0.03 sys=0.00, real=0.03 secs] 
2024-10-09T21:28:07.759+0300: 696.962: Total time for which application threads were stopped: 0.0253971 seconds, Stopping threads took: 0.0001954 seconds
2024-10-09T21:28:07.930+0300: 697.137: Application time: 0.1749647 seconds
2024-10-09T21:28:07.930+0300: 697.137: [GC (Allocation Failure) 2024-10-09T21:28:07.930+0300: 697.137: [ParNew: 460096K->51072K(460096K), 0.0306733 secs] 2435897K->2050159K(4143232K), 0.0307630 secs] [Times: user=0.03 sys=0.00, real=0.03 secs] 
2024-10-09T21:28:07.962+0300: 697.168: Total time for which application threads were stopped: 0.0310218 seconds, Stopping threads took: 0.0001340 seconds
2024-10-09T21:28:08.119+0300: 697.337: Application time: 0.1691390 seconds
2024-10-09T21:28:08.134+0300: 697.338: [GC (Allocation Failure) 2024-10-09T21:28:08.134+0300: 697.338: [ParNew: 460096K->51072K(460096K), 0.0283698 secs] 2459183K->2074462K(4143232K), 0.0284581 secs] [Times: user=0.02 sys=0.00, real=0.02 secs] 
2024-10-09T21:28:08.151+0300: 697.366: Total time for which application threads were stopped: 0.0288299 seconds, Stopping threads took: 0.0001814 seconds
2024-10-09T21:28:08.323+0300: 697.540: Application time: 0.1743860 seconds
2024-10-09T21:28:08.323+0300: 697.541: [GC (Allocation Failure) 2024-10-09T21:28:08.323+0300: 697.541: [ParNew: 460096K->51072K(460096K), 0.0257518 secs] 2483486K->2092232K(4143232K), 0.0258410 secs] [Times: user=0.02 sys=0.02, real=0.03 secs] 
2024-10-09T21:28:08.355+0300: 697.567: Total time for which application threads were stopped: 0.0261064 seconds, Stopping threads took: 0.0001397 seconds
2024-10-09T21:28:08.543+0300: 697.750: Application time: 0.1837857 seconds
2024-10-09T21:28:08.543+0300: 697.751: [GC (Allocation Failure) 2024-10-09T21:28:08.543+0300: 697.751: [ParNew: 460096K->51072K(460096K), 0.0259293 secs] 2501256K->2107056K(4143232K), 0.0260368 secs] [Times: user=0.01 sys=0.00, real=0.02 secs] 
2024-10-09T21:28:08.559+0300: 697.777: Total time for which application threads were stopped: 0.0263509 seconds, Stopping threads took: 0.0001505 seconds
2024-10-09T21:28:08.747+0300: 697.955: Application time: 0.1783410 seconds
2024-10-09T21:28:08.747+0300: 697.955: [GC (Allocation Failure) 2024-10-09T21:28:08.747+0300: 697.955: [ParNew: 460096K->51072K(460096K), 0.0306898 secs] 2516080K->2133814K(4143232K), 0.0307905 secs] [Times: user=0.08 sys=0.00, real=0.03 secs] 
2024-10-09T21:28:08.779+0300: 697.986: Total time for which application threads were stopped: 0.0310797 seconds, Stopping threads took: 0.0001456 seconds
2024-10-09T21:28:08.951+0300: 698.160: Application time: 0.1739611 seconds
2024-10-09T21:28:08.951+0300: 698.160: [GC (Allocation Failure) 2024-10-09T21:28:08.951+0300: 698.160: [ParNew: 460096K->51072K(460096K), 0.0297628 secs] 2542838K->2165273K(4143232K), 0.0298509 secs] [Times: user=0.03 sys=0.00, real=0.03 secs] 
2024-10-09T21:28:08.982+0300: 698.190: Total time for which application threads were stopped: 0.0301077 seconds, Stopping threads took: 0.0001291 seconds
2024-10-09T21:28:09.171+0300: 698.375: Application time: 0.1849450 seconds
2024-10-09T21:28:09.171+0300: 698.375: [GC (Allocation Failure) 2024-10-09T21:28:09.171+0300: 698.375: [ParNew: 460096K->51072K(460096K), 0.0246967 secs] 2574297K->2175142K(4143232K), 0.0247727 secs] [Times: user=0.01 sys=0.00, real=0.02 secs] 
2024-10-09T21:28:09.186+0300: 698.400: Total time for which application threads were stopped: 0.0250333 seconds, Stopping threads took: 0.0001302 seconds
2024-10-09T21:28:09.359+0300: 698.573: Application time: 0.1723850 seconds
2024-10-09T21:28:09.359+0300: 698.573: [GC (Allocation Failure) 2024-10-09T21:28:09.359+0300: 698.573: [ParNew: 460096K->51072K(460096K), 0.0247681 secs] 2584166K->2190337K(4143232K), 0.0248550 secs] [Times: user=0.03 sys=0.00, real=0.03 secs] 
2024-10-09T21:28:09.390+0300: 698.598: Total time for which application threads were stopped: 0.0251699 seconds, Stopping threads took: 0.0001783 seconds
2024-10-09T21:28:09.563+0300: 698.776: Application time: 0.1785270 seconds
2024-10-09T21:28:09.563+0300: 698.777: [GC (Allocation Failure) 2024-10-09T21:28:09.563+0300: 698.777: [ParNew: 460096K->43953K(460096K), 0.0275345 secs] 2599361K->2208335K(4143232K), 0.0276225 secs] [Times: user=0.03 sys=0.00, real=0.03 secs] 
2024-10-09T21:28:09.594+0300: 698.804: Total time for which application threads were stopped: 0.0279149 seconds, Stopping threads took: 0.0001594 seconds
2024-10-09T21:28:09.783+0300: 698.996: Application time: 0.1920092 seconds
2024-10-09T21:28:09.783+0300: 698.996: [GC (Allocation Failure) 2024-10-09T21:28:09.783+0300: 698.997: [ParNew: 452977K->51072K(460096K), 0.0226570 secs] 2617359K->2220352K(4143232K), 0.0227525 secs] [Times: user=0.03 sys=0.00, real=0.03 secs] 
2024-10-09T21:28:09.814+0300: 699.019: Total time for which application threads were stopped: 0.0230143 seconds, Stopping threads took: 0.0001259 seconds
2024-10-09T21:28:09.971+0300: 699.185: Application time: 0.1656881 seconds
2024-10-09T21:28:09.971+0300: 699.185: [GC (Allocation Failure) 2024-10-09T21:28:09.971+0300: 699.185: [ParNew: 460096K->50386K(460096K), 0.0351515 secs] 2629376K->2254343K(4143232K), 0.0352390 secs] [Times: user=0.03 sys=0.00, real=0.03 secs] 
2024-10-09T21:28:10.002+0300: 699.220: Total time for which application threads were stopped: 0.0354811 seconds, Stopping threads took: 0.0001258 seconds
2024-10-09T21:28:10.190+0300: 699.403: Application time: 0.1821016 seconds
2024-10-09T21:28:10.190+0300: 699.403: [GC (Allocation Failure) 2024-10-09T21:28:10.190+0300: 699.403: [ParNew: 459410K->51072K(460096K), 0.0250952 secs] 2663367K->2274179K(4143232K), 0.0251794 secs] [Times: user=0.03 sys=0.00, real=0.03 secs] 
2024-10-09T21:28:10.222+0300: 699.428: Total time for which application threads were stopped: 0.0254490 seconds, Stopping threads took: 0.0001407 seconds
2024-10-09T21:28:10.410+0300: 699.614: Application time: 0.1856692 seconds
2024-10-09T21:28:10.410+0300: 699.614: [GC (Allocation Failure) 2024-10-09T21:28:10.410+0300: 699.614: [ParNew: 460096K->51072K(460096K), 0.0247101 secs] 2683203K->2283915K(4143232K), 0.0247993 secs] [Times: user=0.01 sys=0.00, real=0.02 secs] 
2024-10-09T21:28:10.426+0300: 699.639: Total time for which application threads were stopped: 0.0250581 seconds, Stopping threads took: 0.0001301 seconds
2024-10-09T21:28:10.599+0300: 699.806: Application time: 0.1668648 seconds
2024-10-09T21:28:10.599+0300: 699.806: [GC (Allocation Failure) 2024-10-09T21:28:10.599+0300: 699.806: [ParNew: 460096K->48920K(460096K), 0.0339475 secs] 2692939K->2309870K(4143232K), 0.0340380 secs] [Times: user=0.03 sys=0.00, real=0.03 secs] 
2024-10-09T21:28:10.630+0300: 699.840: Total time for which application threads were stopped: 0.0343261 seconds, Stopping threads took: 0.0001395 seconds
2024-10-09T21:28:10.803+0300: 700.020: Application time: 0.1798012 seconds
2024-10-09T21:28:10.803+0300: 700.020: [GC (Allocation Failure) 2024-10-09T21:28:10.803+0300: 700.020: [ParNew: 457944K->51072K(460096K), 0.0268639 secs] 2718894K->2334594K(4143232K), 0.0270123 secs] [Times: user=0.03 sys=0.00, real=0.03 secs] 
2024-10-09T21:28:10.834+0300: 700.047: Total time for which application threads were stopped: 0.0273221 seconds, Stopping threads took: 0.0001586 seconds
2024-10-09T21:28:11.023+0300: 700.230: Application time: 0.1832476 seconds
2024-10-09T21:28:11.023+0300: 700.231: [GC (Allocation Failure) 2024-10-09T21:28:11.023+0300: 700.231: [ParNew: 460096K->51072K(460096K), 0.0275758 secs] 2743618K->2350696K(4143232K), 0.0276706 secs] [Times: user=0.03 sys=0.00, real=0.03 secs] 
2024-10-09T21:28:11.054+0300: 700.258: Total time for which application threads were stopped: 0.0279822 seconds, Stopping threads took: 0.0001648 seconds
2024-10-09T21:28:11.212+0300: 700.422: Application time: 0.1640692 seconds
2024-10-09T21:28:11.212+0300: 700.423: [GC (Allocation Failure) 2024-10-09T21:28:11.212+0300: 700.423: [ParNew: 460096K->51072K(460096K), 0.0286634 secs] 2759720K->2372861K(4143232K), 0.0287531 secs] [Times: user=0.03 sys=0.00, real=0.03 secs] 
2024-10-09T21:28:11.246+0300: 700.451: Total time for which application threads were stopped: 0.0290249 seconds, Stopping threads took: 0.0001480 seconds
2024-10-09T21:28:11.416+0300: 700.633: Application time: 0.1820520 seconds
2024-10-09T21:28:11.416+0300: 700.634: [GC (Allocation Failure) 2024-10-09T21:28:11.416+0300: 700.634: [ParNew: 460096K->50744K(460096K), 0.0250962 secs] 2781885K->2392630K(4143232K), 0.0251831 secs] [Times: user=0.05 sys=0.00, real=0.03 secs] 
2024-10-09T21:28:11.447+0300: 700.659: Total time for which application threads were stopped: 0.0254500 seconds, Stopping threads took: 0.0001366 seconds
2024-10-09T21:28:11.635+0300: 700.844: Application time: 0.1849203 seconds
2024-10-09T21:28:11.635+0300: 700.844: [GC (Allocation Failure) 2024-10-09T21:28:11.635+0300: 700.844: [ParNew: 459768K->51072K(460096K), 0.0237374 secs] 2801654K->2402685K(4143232K), 0.0238271 secs] [Times: user=0.14 sys=0.00, real=0.02 secs] 
2024-10-09T21:28:11.651+0300: 700.868: Total time for which application threads were stopped: 0.0242701 seconds, Stopping threads took: 0.0003029 seconds
2024-10-09T21:28:11.823+0300: 701.037: Application time: 0.1687745 seconds
2024-10-09T21:28:11.823+0300: 701.037: [GC (Allocation Failure) 2024-10-09T21:28:11.823+0300: 701.037: [ParNew: 460096K->46667K(460096K), 0.0283629 secs] 2811709K->2423935K(4143232K), 0.0284478 secs] [Times: user=0.03 sys=0.00, real=0.03 secs] 
2024-10-09T21:28:11.854+0300: 701.066: Total time for which application threads were stopped: 0.0287402 seconds, Stopping threads took: 0.0001647 seconds
2024-10-09T21:28:12.048+0300: 701.251: Application time: 0.1856722 seconds
2024-10-09T21:28:12.048+0300: 701.252: [GC (Allocation Failure) 2024-10-09T21:28:12.048+0300: 701.252: [ParNew: 455691K->51072K(460096K), 0.0245004 secs] 2832959K->2446056K(4143232K), 0.0245905 secs] [Times: user=0.02 sys=0.00, real=0.01 secs] 
2024-10-09T21:28:12.058+0300: 701.276: Total time for which application threads were stopped: 0.0249119 seconds, Stopping threads took: 0.0001896 seconds
2024-10-09T21:28:12.248+0300: 701.453: Application time: 0.1772817 seconds
2024-10-09T21:28:12.248+0300: 701.454: [GC (Allocation Failure) 2024-10-09T21:28:12.248+0300: 701.454: [ParNew: 460096K->51072K(460096K), 0.0237974 secs] 2855080K->2456387K(4143232K), 0.0238684 secs] [Times: user=0.02 sys=0.00, real=0.02 secs] 
2024-10-09T21:28:12.263+0300: 701.478: Total time for which application threads were stopped: 0.0241415 seconds, Stopping threads took: 0.0001419 seconds
2024-10-09T21:28:12.435+0300: 701.641: Application time: 0.1630009 seconds
2024-10-09T21:28:12.435+0300: 701.641: [GC (Allocation Failure) 2024-10-09T21:28:12.435+0300: 701.641: [ParNew: 460096K->51072K(460096K), 0.0273059 secs] 2865411K->2479202K(4143232K), 0.0273926 secs] [Times: user=0.02 sys=0.00, real=0.02 secs] 
2024-10-09T21:28:12.451+0300: 701.668: Total time for which application threads were stopped: 0.0276561 seconds, Stopping threads took: 0.0001366 seconds
2024-10-09T21:28:12.655+0300: 701.859: Application time: 0.1911305 seconds
2024-10-09T21:28:12.655+0300: 701.860: [GC (Allocation Failure) 2024-10-09T21:28:12.655+0300: 701.860: [ParNew: 460096K->51072K(460096K), 0.0267537 secs] 2888226K->2498156K(4143232K), 0.0268500 secs] [Times: user=0.02 sys=0.00, real=0.02 secs] 
2024-10-09T21:28:12.671+0300: 701.887: Total time for which application threads were stopped: 0.0271537 seconds, Stopping threads took: 0.0001620 seconds
2024-10-09T21:28:12.849+0300: 702.061: Application time: 0.1741321 seconds
2024-10-09T21:28:12.849+0300: 702.061: [GC (Allocation Failure) 2024-10-09T21:28:12.849+0300: 702.061: [ParNew: 460096K->51072K(460096K), 0.0262150 secs] 2907180K->2513005K(4143232K), 0.0262957 secs] [Times: user=0.03 sys=0.00, real=0.03 secs] 
2024-10-09T21:28:12.875+0300: 702.087: Total time for which application threads were stopped: 0.0265617 seconds, Stopping threads took: 0.0001433 seconds
2024-10-09T21:28:13.050+0300: 702.257: Application time: 0.1694069 seconds
2024-10-09T21:28:13.063+0300: 702.267: [GC (Allocation Failure) 2024-10-09T21:28:13.063+0300: 702.267: [ParNew: 460096K->48015K(460096K), 0.0290268 secs] 2922029K->2541105K(4143232K), 0.0291665 secs] [Times: user=0.01 sys=0.00, real=0.02 secs] 
2024-10-09T21:28:13.079+0300: 702.296: Total time for which application threads were stopped: 0.0393978 seconds, Stopping threads took: 0.0099989 seconds
2024-10-09T21:28:13.268+0300: 702.483: Application time: 0.1865130 seconds
2024-10-09T21:28:13.268+0300: 702.483: [GC (Allocation Failure) 2024-10-09T21:28:13.268+0300: 702.483: [ParNew: 457039K->50453K(460096K), 0.0242661 secs] 2950129K->2557518K(4143232K), 0.0243516 secs] [Times: user=0.03 sys=0.00, real=0.03 secs] 
2024-10-09T21:28:13.299+0300: 702.507: Total time for which application threads were stopped: 0.0246186 seconds, Stopping threads took: 0.0001406 seconds
2024-10-09T21:28:13.472+0300: 702.683: Application time: 0.1758458 seconds
2024-10-09T21:28:13.472+0300: 702.683: [GC (Allocation Failure) 2024-10-09T21:28:13.472+0300: 702.683: [ParNew: 459477K->51072K(460096K), 0.0258561 secs] 2966542K->2573513K(4143232K), 0.0259422 secs] [Times: user=0.05 sys=0.00, real=0.03 secs] 
2024-10-09T21:28:13.503+0300: 702.709: Total time for which application threads were stopped: 0.0262319 seconds, Stopping threads took: 0.0001621 seconds
2024-10-09T21:28:13.676+0300: 702.880: Application time: 0.1709226 seconds
2024-10-09T21:28:13.676+0300: 702.880: [GC (Allocation Failure) 2024-10-09T21:28:13.676+0300: 702.881: [ParNew: 460096K->51072K(460096K), 0.0304261 secs] 2982537K->2605022K(4143232K), 0.0305187 secs] [Times: user=0.05 sys=0.00, real=0.03 secs] 
2024-10-09T21:28:13.707+0300: 702.911: Total time for which application threads were stopped: 0.0308211 seconds, Stopping threads took: 0.0001479 seconds
2024-10-09T21:28:13.895+0300: 703.101: Application time: 0.1898692 seconds
2024-10-09T21:28:13.895+0300: 703.101: [GC (Allocation Failure) 2024-10-09T21:28:13.895+0300: 703.101: [ParNew: 460096K->48271K(460096K), 0.0246001 secs] 3014046K->2618048K(4143232K), 0.0246899 secs] [Times: user=0.02 sys=0.00, real=0.02 secs] 
2024-10-09T21:28:13.911+0300: 703.126: Total time for which application threads were stopped: 0.0249531 seconds, Stopping threads took: 0.0001326 seconds
2024-10-09T21:28:14.099+0300: 703.304: Application time: 0.1786406 seconds
2024-10-09T21:28:14.099+0300: 703.305: [GC (Allocation Failure) 2024-10-09T21:28:14.099+0300: 703.305: [ParNew: 457295K->51072K(460096K), 0.0270179 secs] 3027072K->2635728K(4143232K), 0.0271038 secs] [Times: user=0.02 sys=0.00, real=0.02 secs] 
2024-10-09T21:28:14.114+0300: 703.332: Total time for which application threads were stopped: 0.0273735 seconds, Stopping threads took: 0.0001442 seconds
2024-10-09T21:28:14.287+0300: 703.491: Application time: 0.1590013 seconds
2024-10-09T21:28:14.287+0300: 703.491: [GC (Allocation Failure) 2024-10-09T21:28:14.287+0300: 703.491: [ParNew: 460096K->42566K(460096K), 0.0267530 secs] 3044752K->2653640K(4143232K), 0.0268474 secs] [Times: user=0.02 sys=0.00, real=0.02 secs] 
2024-10-09T21:28:14.303+0300: 703.518: Total time for which application threads were stopped: 0.0271006 seconds, Stopping threads took: 0.0001161 seconds
2024-10-09T21:28:14.507+0300: 703.716: Application time: 0.1983689 seconds
2024-10-09T21:28:14.507+0300: 703.717: [GC (Allocation Failure) 2024-10-09T21:28:14.507+0300: 703.717: [ParNew: 451590K->50362K(460096K), 0.0249201 secs] 3062664K->2680150K(4143232K), 0.0250063 secs] [Times: user=0.02 sys=0.00, real=0.03 secs] 
2024-10-09T21:28:14.538+0300: 703.742: Total time for which application threads were stopped: 0.0252754 seconds, Stopping threads took: 0.0001367 seconds
2024-10-09T21:28:14.726+0300: 703.934: Application time: 0.1922829 seconds
2024-10-09T21:28:14.726+0300: 703.934: [GC (Allocation Failure) 2024-10-09T21:28:14.726+0300: 703.934: [ParNew: 459386K->51072K(460096K), 0.0258206 secs] 3089174K->2690576K(4143232K), 0.0259119 secs] [Times: user=0.03 sys=0.00, real=0.03 secs] 
2024-10-09T21:28:14.753+0300: 703.960: Total time for which application threads were stopped: 0.0261898 seconds, Stopping threads took: 0.0001441 seconds
2024-10-09T21:28:14.899+0300: 704.115: Application time: 0.1545241 seconds
2024-10-09T21:28:14.899+0300: 704.115: [GC (Allocation Failure) 2024-10-09T21:28:14.899+0300: 704.115: [ParNew: 460096K->51072K(460096K), 0.0287245 secs] 3099600K->2724957K(4143232K), 0.0288104 secs] [Times: user=0.03 sys=0.00, real=0.03 secs] 
2024-10-09T21:28:14.930+0300: 704.144: Total time for which application threads were stopped: 0.0291177 seconds, Stopping threads took: 0.0001851 seconds
2024-10-09T21:28:15.134+0300: 704.345: Application time: 0.2015961 seconds
2024-10-09T21:28:15.134+0300: 704.346: [GC (Allocation Failure) 2024-10-09T21:28:15.134+0300: 704.346: [ParNew: 460096K->51072K(460096K), 0.0209655 secs] 3133981K->2726723K(4143232K), 0.0210478 secs] [Times: user=0.02 sys=0.00, real=0.02 secs] 
2024-10-09T21:28:15.154+0300: 704.367: Total time for which application threads were stopped: 0.0212858 seconds, Stopping threads took: 0.0001134 seconds
2024-10-09T21:28:15.338+0300: 704.553: Application time: 0.1868638 seconds
2024-10-09T21:28:15.338+0300: 704.554: [GC (Allocation Failure) 2024-10-09T21:28:15.338+0300: 704.554: [ParNew: 460096K->51072K(460096K), 0.0261529 secs] 3135747K->2736101K(4143232K), 0.0262394 secs] [Times: user=0.03 sys=0.00, real=0.03 secs] 
2024-10-09T21:28:15.370+0300: 704.580: Total time for which application threads were stopped: 0.0265234 seconds, Stopping threads took: 0.0001492 seconds
2024-10-09T21:28:15.531+0300: 704.735: Application time: 0.1548275 seconds
2024-10-09T21:28:15.531+0300: 704.735: [GC (Allocation Failure) 2024-10-09T21:28:15.531+0300: 704.735: [ParNew: 460096K->51072K(460096K), 0.0276383 secs] 3145125K->2764035K(4143232K), 0.0277145 secs] [Times: user=0.03 sys=0.00, real=0.03 secs] 
2024-10-09T21:28:15.558+0300: 704.763: Total time for which application threads were stopped: 0.0279666 seconds, Stopping threads took: 0.0001315 seconds
2024-10-09T21:28:15.762+0300: 704.970: Application time: 0.2069194 seconds
2024-10-09T21:28:15.762+0300: 704.970: [GC (Allocation Failure) 2024-10-09T21:28:15.762+0300: 704.970: [ParNew: 460096K->51072K(460096K), 0.0207460 secs] 3173059K->2765779K(4143232K), 0.0208298 secs] [Times: user=0.08 sys=0.00, real=0.02 secs] 
2024-10-09T21:28:15.778+0300: 704.991: Total time for which application threads were stopped: 0.0211627 seconds, Stopping threads took: 0.0001883 seconds
2024-10-09T21:28:15.967+0300: 705.181: Application time: 0.1901531 seconds
2024-10-09T21:28:15.967+0300: 705.181: [GC (Allocation Failure) 2024-10-09T21:28:15.967+0300: 705.181: [ParNew: 460096K->51072K(460096K), 0.0284603 secs] 3174803K->2781738K(4143232K), 0.0285462 secs] [Times: user=0.06 sys=0.00, real=0.03 secs] 
2024-10-09T21:28:15.998+0300: 705.210: Total time for which application threads were stopped: 0.0288614 seconds, Stopping threads took: 0.0001764 seconds
2024-10-09T21:28:16.171+0300: 705.376: Application time: 0.1658028 seconds
2024-10-09T21:28:16.171+0300: 705.376: [GC (Allocation Failure) 2024-10-09T21:28:16.171+0300: 705.376: [ParNew: 460096K->51072K(460096K), 0.0296284 secs] 3190762K->2811749K(4143232K), 0.0297138 secs] [Times: user=0.03 sys=0.00, real=0.03 secs] 
2024-10-09T21:28:16.202+0300: 705.406: Total time for which application threads were stopped: 0.0299675 seconds, Stopping threads took: 0.0001356 seconds
2024-10-09T21:28:16.375+0300: 705.590: Application time: 0.1841577 seconds
2024-10-09T21:28:16.375+0300: 705.590: [GC (Allocation Failure) 2024-10-09T21:28:16.375+0300: 705.590: [ParNew: 460096K->47158K(460096K), 0.0231932 secs] 3220773K->2821495K(4143232K), 0.0232876 secs] [Times: user=0.05 sys=0.00, real=0.03 secs] 
2024-10-09T21:28:16.406+0300: 705.613: Total time for which application threads were stopped: 0.0235758 seconds, Stopping threads took: 0.0001575 seconds
2024-10-09T21:28:16.579+0300: 705.793: Application time: 0.1794839 seconds
2024-10-09T21:28:16.579+0300: 705.793: [GC (Allocation Failure) 2024-10-09T21:28:16.579+0300: 705.793: [ParNew: 456182K->51072K(460096K), 0.0318121 secs] 3230519K->2838115K(4143232K), 0.0318998 secs] [Times: user=0.16 sys=0.00, real=0.03 secs] 
2024-10-09T21:28:16.611+0300: 705.825: Total time for which application threads were stopped: 0.0321449 seconds, Stopping threads took: 0.0001076 seconds
2024-10-09T21:28:16.783+0300: 705.998: Application time: 0.1729107 seconds
2024-10-09T21:28:16.783+0300: 705.998: [GC (Allocation Failure) 2024-10-09T21:28:16.783+0300: 705.998: [ParNew: 460096K->51072K(460096K), 0.0242074 secs] 3247139K->2853660K(4143232K), 0.0242987 secs] [Times: user=0.03 sys=0.00, real=0.03 secs] 
2024-10-09T21:28:16.814+0300: 706.023: Total time for which application threads were stopped: 0.0245953 seconds, Stopping threads took: 0.0001671 seconds
2024-10-09T21:28:16.987+0300: 706.204: Application time: 0.1813106 seconds
2024-10-09T21:28:16.987+0300: 706.204: [GC (Allocation Failure) 2024-10-09T21:28:16.987+0300: 706.204: [ParNew: 460096K->51072K(460096K), 0.0248406 secs] 3262684K->2870115K(4143232K), 0.0249248 secs] [Times: user=0.03 sys=0.00, real=0.03 secs] 
2024-10-09T21:28:17.018+0300: 706.229: Total time for which application threads were stopped: 0.0252123 seconds, Stopping threads took: 0.0001650 seconds
2024-10-09T21:28:17.191+0300: 706.405: Application time: 0.1756256 seconds
2024-10-09T21:28:17.191+0300: 706.405: [GC (Allocation Failure) 2024-10-09T21:28:17.191+0300: 706.405: [ParNew: 460096K->51072K(460096K), 0.0254810 secs] 3279139K->2883601K(4143232K), 0.0255667 secs] [Times: user=0.03 sys=0.00, real=0.03 secs] 
2024-10-09T21:28:17.223+0300: 706.431: Total time for which application threads were stopped: 0.0258552 seconds, Stopping threads took: 0.0001632 seconds
2024-10-09T21:28:17.395+0300: 706.601: Application time: 0.1705797 seconds
2024-10-09T21:28:17.395+0300: 706.601: [GC (Allocation Failure) 2024-10-09T21:28:17.395+0300: 706.601: [ParNew: 460096K->47313K(460096K), 0.0250793 secs] 3292625K->2899427K(4143232K), 0.0251652 secs] [Times: user=0.02 sys=0.00, real=0.02 secs] 
2024-10-09T21:28:17.411+0300: 706.627: Total time for which application threads were stopped: 0.0254096 seconds, Stopping threads took: 0.0001225 seconds
2024-10-09T21:28:17.599+0300: 706.816: Application time: 0.1890264 seconds
2024-10-09T21:28:17.599+0300: 706.816: [GC (Allocation Failure) 2024-10-09T21:28:17.599+0300: 706.816: [ParNew: 456337K->51072K(460096K), 0.0249550 secs] 3308451K->2920504K(4143232K), 0.0250606 secs] [Times: user=0.06 sys=0.00, real=0.03 secs] 
2024-10-09T21:28:17.631+0300: 706.841: Total time for which application threads were stopped: 0.0253546 seconds, Stopping threads took: 0.0001279 seconds
2024-10-09T21:28:17.803+0300: 707.019: Application time: 0.1776168 seconds
2024-10-09T21:28:17.803+0300: 707.019: [GC (Allocation Failure) 2024-10-09T21:28:17.803+0300: 707.019: [ParNew: 460096K->51072K(460096K), 0.0263116 secs] 3329528K->2933152K(4143232K), 0.0264123 secs] [Times: user=0.03 sys=0.00, real=0.03 secs] 
2024-10-09T21:28:17.835+0300: 707.045: Total time for which application threads were stopped: 0.0266804 seconds, Stopping threads took: 0.0001296 seconds
2024-10-09T21:28:17.991+0300: 707.208: Application time: 0.1628691 seconds
2024-10-09T21:28:17.991+0300: 707.208: [GC (Allocation Failure) 2024-10-09T21:28:17.991+0300: 707.208: [ParNew: 460096K->50087K(460096K), 0.0299646 secs] 3342176K->2962745K(4143232K), 0.0300539 secs] [Times: user=0.03 sys=0.00, real=0.03 secs] 
2024-10-09T21:28:18.023+0300: 707.238: Total time for which application threads were stopped: 0.0302901 seconds, Stopping threads took: 0.0001100 seconds
2024-10-09T21:28:18.211+0300: 707.429: Application time: 0.1909584 seconds
2024-10-09T21:28:18.226+0300: 707.430: [GC (Allocation Failure) 2024-10-09T21:28:18.226+0300: 707.430: [ParNew: 459111K->51072K(460096K), 0.0210877 secs] 3371769K->2966260K(4143232K), 0.0211800 secs] [Times: user=0.02 sys=0.00, real=0.02 secs] 
2024-10-09T21:28:18.242+0300: 707.451: Total time for which application threads were stopped: 0.0215113 seconds, Stopping threads took: 0.0001760 seconds
2024-10-09T21:28:18.415+0300: 707.631: Application time: 0.1798332 seconds
2024-10-09T21:28:18.415+0300: 707.631: [GC (Allocation Failure) 2024-10-09T21:28:18.415+0300: 707.631: [ParNew: 460096K->51072K(460096K), 0.0276579 secs] 3375284K->2980000K(4143232K), 0.0277402 secs] [Times: user=0.03 sys=0.00, real=0.03 secs] 
2024-10-09T21:28:18.447+0300: 707.659: Total time for which application threads were stopped: 0.0280598 seconds, Stopping threads took: 0.0001904 seconds
2024-10-09T21:28:18.604+0300: 707.820: Application time: 0.1611889 seconds
2024-10-09T21:28:18.604+0300: 707.820: [GC (Allocation Failure) 2024-10-09T21:28:18.604+0300: 707.820: [ParNew: 460096K->45357K(460096K), 0.0325497 secs] 3389024K->3012558K(4143232K), 0.0326387 secs] [Times: user=0.09 sys=0.00, real=0.03 secs] 
2024-10-09T21:28:18.635+0300: 707.853: Total time for which application threads were stopped: 0.0329797 seconds, Stopping threads took: 0.0001862 seconds
2024-10-09T21:28:18.839+0300: 708.047: Application time: 0.1937919 seconds
2024-10-09T21:28:18.839+0300: 708.047: [GC (Allocation Failure) 2024-10-09T21:28:18.839+0300: 708.047: [ParNew: 454381K->51072K(460096K), 0.0235828 secs] 3421582K->3021727K(4143232K), 0.0236626 secs] [Times: user=0.02 sys=0.00, real=0.02 secs] 
2024-10-09T21:28:18.862+0300: 708.071: Total time for which application threads were stopped: 0.0239284 seconds, Stopping threads took: 0.0001345 seconds
2024-10-09T21:28:19.043+0300: 708.254: Application time: 0.1830803 seconds
2024-10-09T21:28:19.043+0300: 708.254: [GC (Allocation Failure) 2024-10-09T21:28:19.043+0300: 708.254: [ParNew: 460096K->51072K(460096K), 0.0322165 secs] 3430751K->3045679K(4143232K), 0.0323093 secs] [Times: user=0.03 sys=0.00, real=0.03 secs] 
2024-10-09T21:28:19.075+0300: 708.286: Total time for which application threads were stopped: 0.0325577 seconds, Stopping threads took: 0.0001209 seconds
2024-10-09T21:28:19.232+0300: 708.442: Application time: 0.1557141 seconds
2024-10-09T21:28:19.232+0300: 708.442: [GC (Allocation Failure) 2024-10-09T21:28:19.232+0300: 708.442: [ParNew: 460096K->44004K(460096K), 0.0295222 secs] 3454703K->3073402K(4143232K), 0.0296090 secs] [Times: user=0.03 sys=0.00, real=0.03 secs] 
2024-10-09T21:28:19.263+0300: 708.472: Total time for which application threads were stopped: 0.0298719 seconds, Stopping threads took: 0.0001452 seconds
2024-10-09T21:28:19.451+0300: 708.666: Application time: 0.1936547 seconds
2024-10-09T21:28:19.451+0300: 708.666: [GC (Allocation Failure) 2024-10-09T21:28:19.451+0300: 708.666: [ParNew: 453028K->51072K(460096K), 0.0224774 secs] 3482426K->3084388K(4143232K), 0.0225603 secs] [Times: user=0.05 sys=0.00, real=0.03 secs] 
2024-10-09T21:28:19.483+0300: 708.688: Total time for which application threads were stopped: 0.0228268 seconds, Stopping threads took: 0.0001426 seconds
2024-10-09T21:28:19.664+0300: 708.872: Application time: 0.1831850 seconds
2024-10-09T21:28:19.664+0300: 708.872: [GC (Allocation Failure) 2024-10-09T21:28:19.664+0300: 708.872: [ParNew: 460096K->51072K(460096K), 0.0267680 secs] 3493412K->3098790K(4143232K), 0.0268632 secs] [Times: user=0.06 sys=0.00, real=0.02 secs] 
2024-10-09T21:28:19.687+0300: 708.899: Total time for which application threads were stopped: 0.0271690 seconds, Stopping threads took: 0.0001722 seconds
2024-10-09T21:28:19.843+0300: 709.054: Application time: 0.1556452 seconds
2024-10-09T21:28:19.843+0300: 709.055: [GC (Allocation Failure) 2024-10-09T21:28:19.843+0300: 709.055: [ParNew: 460096K->50714K(460096K), 0.0307106 secs] 3507814K->3132291K(4143232K), 0.0308006 secs] [Times: user=0.03 sys=0.00, real=0.03 secs] 
2024-10-09T21:28:19.875+0300: 709.086: Total time for which application threads were stopped: 0.0310772 seconds, Stopping threads took: 0.0001498 seconds
2024-10-09T21:28:20.065+0300: 709.276: Application time: 0.1905613 seconds
2024-10-09T21:28:20.065+0300: 709.276: [GC (Allocation Failure) 2024-10-09T21:28:20.065+0300: 709.276: [ParNew: 459738K->51072K(460096K), 0.0252160 secs] 3541315K->3147267K(4143232K), 0.0253181 secs] [Times: user=0.03 sys=0.00, real=0.03 secs] 
2024-10-09T21:28:20.095+0300: 709.302: Total time for which application threads were stopped: 0.0255913 seconds, Stopping threads took: 0.0001351 seconds
2024-10-09T21:28:20.267+0300: 709.481: Application time: 0.1794780 seconds
2024-10-09T21:28:20.267+0300: 709.481: [GC (Allocation Failure) 2024-10-09T21:28:20.267+0300: 709.481: [ParNew: 460096K->51072K(460096K), 0.0233230 secs] 3556291K->3155452K(4143232K), 0.0234069 secs] [Times: user=0.03 sys=0.00, real=0.03 secs] 
2024-10-09T21:28:20.299+0300: 709.505: Total time for which application threads were stopped: 0.0236733 seconds, Stopping threads took: 0.0001391 seconds
2024-10-09T21:28:20.454+0300: 709.668: Application time: 0.1629220 seconds
2024-10-09T21:28:20.454+0300: 709.668: [GC (Allocation Failure) 2024-10-09T21:28:20.454+0300: 709.668: [ParNew: 460096K->49069K(460096K), 0.0305123 secs] 3564476K->3186388K(4143232K), 0.0306004 secs] [Times: user=0.01 sys=0.02, real=0.03 secs] 
2024-10-09T21:28:20.486+0300: 709.699: Total time for which application threads were stopped: 0.0308574 seconds, Stopping threads took: 0.0001279 seconds
2024-10-09T21:28:20.674+0300: 709.888: Application time: 0.1893281 seconds
2024-10-09T21:28:20.674+0300: 709.888: [GC (Allocation Failure) 2024-10-09T21:28:20.674+0300: 709.890: [ParNew: 458093K->51072K(460096K), 0.0239973 secs] 3595412K->3192517K(4143232K), 0.0263280 secs] [Times: user=0.03 sys=0.00, real=0.03 secs] 
2024-10-09T21:28:20.706+0300: 709.915: Total time for which application threads were stopped: 0.0266327 seconds, Stopping threads took: 0.0001478 seconds
2024-10-09T21:28:20.878+0300: 710.089: Application time: 0.1748140 seconds
2024-10-09T21:28:20.878+0300: 710.090: [GC (Allocation Failure) 2024-10-09T21:28:20.878+0300: 710.090: [ParNew: 460096K->51072K(460096K), 0.0308480 secs] 3601541K->3216344K(4143232K), 0.0309464 secs] [Times: user=0.03 sys=0.00, real=0.03 secs] 
2024-10-09T21:28:20.910+0300: 710.121: Total time for which application threads were stopped: 0.0312207 seconds, Stopping threads took: 0.0001401 seconds
2024-10-09T21:28:21.082+0300: 710.287: Application time: 0.1663164 seconds
2024-10-09T21:28:21.082+0300: 710.287: [GC (Allocation Failure) 2024-10-09T21:28:21.082+0300: 710.287: [ParNew: 460096K->50134K(460096K), 0.0282377 secs] 3625368K->3244766K(4143232K), 0.0283270 secs] [Times: user=0.02 sys=0.00, real=0.02 secs] 
2024-10-09T21:28:21.098+0300: 710.316: Total time for which application threads were stopped: 0.0286211 seconds, Stopping threads took: 0.0001421 seconds
2024-10-09T21:28:21.286+0300: 710.498: Application time: 0.1825584 seconds
2024-10-09T21:28:21.286+0300: 710.498: [GC (Allocation Failure) 2024-10-09T21:28:21.286+0300: 710.498: [ParNew: 459158K->51072K(460096K), 0.0215669 secs] 3653790K->3251006K(4143232K), 0.0216592 secs] [Times: user=0.02 sys=0.00, real=0.02 secs] 
2024-10-09T21:28:21.302+0300: 710.520: Total time for which application threads were stopped: 0.0219370 seconds, Stopping threads took: 0.0001497 seconds
2024-10-09T21:28:21.475+0300: 710.690: Application time: 0.1703828 seconds
2024-10-09T21:28:21.475+0300: 710.691: [GC (Allocation Failure) 2024-10-09T21:28:21.475+0300: 710.691: [ParNew: 460096K->51072K(460096K), 0.0351046 secs] 3660030K->3284573K(4143232K), 0.0351925 secs] [Times: user=0.03 sys=0.00, real=0.05 secs] 
2024-10-09T21:28:21.522+0300: 710.726: Total time for which application threads were stopped: 0.0354904 seconds, Stopping threads took: 0.0001697 seconds
2024-10-09T21:28:21.695+0300: 710.901: Application time: 0.1750930 seconds
2024-10-09T21:28:21.695+0300: 710.901: [GC (Allocation Failure) 2024-10-09T21:28:21.695+0300: 710.901: [ParNew: 460096K->38756K(460096K), 0.0291731 secs] 3693597K->3303801K(4143232K), 0.0292620 secs] [Times: user=0.06 sys=0.00, real=0.03 secs] 
2024-10-09T21:28:21.726+0300: 710.931: Total time for which application threads were stopped: 0.0295287 seconds, Stopping threads took: 0.0001328 seconds
2024-10-09T21:28:21.914+0300: 711.118: Application time: 0.1873862 seconds
2024-10-09T21:28:21.914+0300: 711.118: [GC (Allocation Failure) 2024-10-09T21:28:21.914+0300: 711.118: [ParNew: 447780K->51072K(460096K), 0.0244681 secs] 3712825K->3321395K(4143232K), 0.0245529 secs] [Times: user=0.02 sys=0.00, real=0.02 secs] 
2024-10-09T21:28:21.930+0300: 711.143: Total time for which application threads were stopped: 0.0247977 seconds, Stopping threads took: 0.0001197 seconds
2024-10-09T21:28:22.103+0300: 711.311: Application time: 0.1677849 seconds
2024-10-09T21:28:22.103+0300: 711.311: [GC (Allocation Failure) 2024-10-09T21:28:22.103+0300: 711.311: [ParNew: 460096K->51072K(460096K), 0.0342176 secs] 3730419K->3351061K(4143232K), 0.0343070 secs] [Times: user=0.03 sys=0.00, real=0.03 secs] 
2024-10-09T21:28:22.134+0300: 711.345: Total time for which application threads were stopped: 0.0345457 seconds, Stopping threads took: 0.0000899 seconds
2024-10-09T21:28:22.307+0300: 711.519: Application time: 0.1734892 seconds
2024-10-09T21:28:22.307+0300: 711.519: [GC (Allocation Failure) 2024-10-09T21:28:22.307+0300: 711.519: [ParNew: 460096K->42009K(460096K), 0.0285092 secs] 3760085K->3374185K(4143232K), 0.0285940 secs] [Times: user=0.03 sys=0.00, real=0.03 secs] 
2024-10-09T21:28:22.338+0300: 711.547: Total time for which application threads were stopped: 0.0288631 seconds, Stopping threads took: 0.0001519 seconds
2024-10-09T21:28:22.338+0300: 711.548: Application time: 0.0000950 seconds
2024-10-09T21:28:22.338+0300: 711.548: [GC (CMS Initial Mark) [1 CMS-initial-mark: 3332176K(3683136K)] 3380950K(4143232K), 0.0040782 secs] [Times: user=0.00 sys=0.00, real=0.00 secs] 
2024-10-09T21:28:22.338+0300: 711.552: Total time for which application threads were stopped: 0.0043361 seconds, Stopping threads took: 0.0001333 seconds
2024-10-09T21:28:22.338+0300: 711.552: [CMS-concurrent-mark-start]
2024-10-09T21:28:22.370+0300: 711.577: [CMS-concurrent-mark: 0.025/0.025 secs] [Times: user=0.03 sys=0.00, real=0.03 secs] 
2024-10-09T21:28:22.370+0300: 711.577: [CMS-concurrent-preclean-start]
2024-10-09T21:28:22.370+0300: 711.582: [CMS-concurrent-preclean: 0.004/0.004 secs] [Times: user=0.00 sys=0.00, real=0.00 secs] 
2024-10-09T21:28:22.370+0300: 711.582: [CMS-concurrent-abortable-preclean-start]
2024-10-09T21:28:22.574+0300: 711.780: Application time: 0.2284932 seconds
2024-10-09T21:28:22.574+0300: 711.781: [GC (Allocation Failure) 2024-10-09T21:28:22.574+0300: 711.781: [ParNew: 451033K->51072K(460096K), 0.0220974 secs] 3783209K->3386012K(4143232K), 0.0221780 secs] [Times: user=0.05 sys=0.00, real=0.02 secs] 
2024-10-09T21:28:22.589+0300: 711.803: Total time for which application threads were stopped: 0.0224661 seconds, Stopping threads took: 0.0001516 seconds
2024-10-09T21:28:22.793+0300: 712.003: Application time: 0.2004820 seconds
2024-10-09T21:28:22.793+0300: 712.004: [GC (Allocation Failure) 2024-10-09T21:28:22.793+0300: 712.004: [ParNew: 460096K->51072K(460096K), 0.0341898 secs] 3795036K->3410456K(4143232K), 0.0342804 secs] [Times: user=0.05 sys=0.00, real=0.03 secs] 
2024-10-09T21:28:22.825+0300: 712.038: Total time for which application threads were stopped: 0.0345604 seconds, Stopping threads took: 0.0001630 seconds
2024-10-09T21:28:22.840+0300: 712.059: [CMS-concurrent-abortable-preclean: 0.419/0.477 secs] [Times: user=2.64 sys=0.00, real=0.47 secs] 
2024-10-09T21:28:22.840+0300: 712.059: Application time: 0.0207937 seconds
2024-10-09T21:28:22.840+0300: 712.059: [GC (CMS Final Remark) [YG occupancy: 84246 K (460096 K)]2024-10-09T21:28:22.840+0300: 712.059: [Rescan (parallel) , 0.0083895 secs]2024-10-09T21:28:22.856+0300: 712.067: [weak refs processing, 0.0000169 secs]2024-10-09T21:28:22.856+0300: 712.067: [class unloading, 0.0020855 secs]2024-10-09T21:28:22.856+0300: 712.070: [scrub symbol table, 0.0007267 secs]2024-10-09T21:28:22.856+0300: 712.070: [scrub string table, 0.0002011 secs][1 CMS-remark: 3359384K(3683136K)] 3443630K(4143232K), 0.0115396 secs] [Times: user=0.00 sys=0.00, real=0.02 secs] 
2024-10-09T21:28:22.856+0300: 712.070: Total time for which application threads were stopped: 0.0118022 seconds, Stopping threads took: 0.0001710 seconds
2024-10-09T21:28:22.856+0300: 712.071: [CMS-concurrent-sweep-start]
2024-10-09T21:28:23.044+0300: 712.253: Application time: 0.1829857 seconds
2024-10-09T21:28:23.044+0300: 712.254: [GC (Allocation Failure) 2024-10-09T21:28:23.044+0300: 712.254: [ParNew: 460096K->50273K(460096K), 0.0305865 secs] 3460172K->3083576K(4143232K), 0.0306749 secs] [Times: user=0.03 sys=0.00, real=0.03 secs] 
2024-10-09T21:28:23.076+0300: 712.284: Total time for which application threads were stopped: 0.0309461 seconds, Stopping threads took: 0.0001382 seconds
2024-10-09T21:28:23.296+0300: 712.514: Application time: 0.2291725 seconds
2024-10-09T21:28:23.296+0300: 712.514: [GC (Allocation Failure) 2024-10-09T21:28:23.296+0300: 712.514: [ParNew: 459297K->51072K(460096K), 0.0225915 secs] 3036445K->2630415K(4143232K), 0.0226775 secs] [Times: user=0.03 sys=0.00, real=0.03 secs] 
2024-10-09T21:28:23.327+0300: 712.537: Total time for which application threads were stopped: 0.0230346 seconds, Stopping threads took: 0.0001747 seconds
2024-10-09T21:28:23.531+0300: 712.740: Application time: 0.2037288 seconds
2024-10-09T21:28:23.531+0300: 712.741: [GC (Allocation Failure) 2024-10-09T21:28:23.531+0300: 712.741: [ParNew: 460096K->51072K(460096K), 0.0340305 secs] 2656272K->2275949K(4143232K), 0.0341222 secs] [Times: user=0.06 sys=0.00, real=0.04 secs] 
2024-10-09T21:28:23.572+0300: 712.775: Total time for which application threads were stopped: 0.0345312 seconds, Stopping threads took: 0.0002688 seconds
2024-10-09T21:28:23.772+0300: 712.977: Application time: 0.2023579 seconds
2024-10-09T21:28:23.772+0300: 712.978: [GC (Allocation Failure) 2024-10-09T21:28:23.772+0300: 712.978: [ParNew: 460096K->51072K(460096K), 0.0281352 secs] 2298975K->1913431K(4143232K), 0.0282315 secs] [Times: user=0.03 sys=0.00, real=0.02 secs] 
2024-10-09T21:28:23.797+0300: 713.006: Total time for which application threads were stopped: 0.0287742 seconds, Stopping threads took: 0.0004001 seconds
2024-10-09T21:28:24.017+0300: 713.228: Application time: 0.2219212 seconds
2024-10-09T21:28:24.017+0300: 713.228: [GC (Allocation Failure) 2024-10-09T21:28:24.017+0300: 713.228: [ParNew: 460096K->51072K(460096K), 0.0271898 secs] 1894923K->1505338K(4143232K), 0.0272768 secs] [Times: user=0.03 sys=0.00, real=0.03 secs] 
2024-10-09T21:28:24.048+0300: 713.256: Total time for which application threads were stopped: 0.0276506 seconds, Stopping threads took: 0.0001988 seconds
2024-10-09T21:28:24.253+0300: 713.471: Application time: 0.2154701 seconds
2024-10-09T21:28:24.268+0300: 713.471: [GC (Allocation Failure) 2024-10-09T21:28:24.268+0300: 713.471: [ParNew: 460096K->51072K(460096K), 0.0285008 secs] 1494495K->1105340K(4143232K), 0.0286051 secs] [Times: user=0.01 sys=0.00, real=0.02 secs] 
2024-10-09T21:28:24.284+0300: 713.500: Total time for which application threads were stopped: 0.0289692 seconds, Stopping threads took: 0.0001876 seconds
2024-10-09T21:28:24.504+0300: 713.718: Application time: 0.2181993 seconds
2024-10-09T21:28:24.504+0300: 713.718: [GC (Allocation Failure) 2024-10-09T21:28:24.504+0300: 713.719: [ParNew: 460096K->51065K(460096K), 0.0335099 secs] 1090810K->711908K(4143232K), 0.0336013 secs] [Times: user=0.03 sys=0.00, real=0.03 secs] 
2024-10-09T21:28:24.535+0300: 713.752: Total time for which application threads were stopped: 0.0338760 seconds, Stopping threads took: 0.0001439 seconds
2024-10-09T21:28:24.739+0300: 713.956: Application time: 0.2040146 seconds
2024-10-09T21:28:24.739+0300: 713.956: [GC (Allocation Failure) 2024-10-09T21:28:24.739+0300: 713.956: [ParNew: 460089K->44312K(460096K), 0.0231456 secs] 747081K->346275K(4143232K), 0.0232369 secs] [Times: user=0.03 sys=0.00, real=0.03 secs] 
2024-10-09T21:28:24.774+0300: 713.980: Total time for which application threads were stopped: 0.0235585 seconds, Stopping threads took: 0.0001381 seconds
2024-10-09T21:28:24.802+0300: 714.010: [CMS-concurrent-sweep: 1.707/1.939 secs] [Times: user=9.84 sys=0.00, real=1.95 secs] 
2024-10-09T21:28:24.802+0300: 714.010: [CMS-concurrent-reset-start]
2024-10-09T21:28:24.802+0300: 714.017: [CMS-concurrent-reset: 0.007/0.007 secs] [Times: user=0.00 sys=0.00, real=0.00 secs] 
2024-10-09T21:28:24.943+0300: 714.160: Application time: 0.1799123 seconds
2024-10-09T21:28:24.943+0300: 714.160: [GC (Allocation Failure) 2024-10-09T21:28:24.943+0300: 714.160: [ParNew: 453336K->51072K(460096K), 0.0245431 secs] 702246K->316822K(4143232K), 0.0246308 secs] [Times: user=0.02 sys=0.00, real=0.03 secs] 
2024-10-09T21:28:24.975+0300: 714.185: Total time for which application threads were stopped: 0.0249239 seconds, Stopping threads took: 0.0001552 seconds
2024-10-09T21:28:25.163+0300: 714.368: Application time: 0.1833150 seconds
2024-10-09T21:28:25.163+0300: 714.368: [GC (Allocation Failure) 2024-10-09T21:28:25.163+0300: 714.368: [ParNew: 460096K->51072K(460096K), 0.0264596 secs] 725846K->335971K(4143232K), 0.0265497 secs] [Times: user=0.02 sys=0.00, real=0.02 secs] 
2024-10-09T21:28:25.179+0300: 714.395: Total time for which application threads were stopped: 0.0269248 seconds, Stopping threads took: 0.0002440 seconds
2024-10-09T21:28:25.351+0300: 714.565: Application time: 0.1700669 seconds
2024-10-09T21:28:25.351+0300: 714.565: [GC (Allocation Failure) 2024-10-09T21:28:25.351+0300: 714.565: [ParNew: 460096K->51072K(460096K), 0.0253359 secs] 744995K->349758K(4143232K), 0.0254235 secs] [Times: user=0.03 sys=0.00, real=0.03 secs] 
2024-10-09T21:28:25.383+0300: 714.591: Total time for which application threads were stopped: 0.0257274 seconds, Stopping threads took: 0.0001693 seconds
2024-10-09T21:28:25.555+0300: 714.766: Application time: 0.1758736 seconds
2024-10-09T21:28:25.555+0300: 714.767: [GC (Allocation Failure) 2024-10-09T21:28:25.555+0300: 714.767: [ParNew: 460096K->48546K(460096K), 0.0270778 secs] 758782K->372861K(4143232K), 0.0271721 secs] [Times: user=0.02 sys=0.00, real=0.03 secs] 
2024-10-09T21:28:25.587+0300: 714.794: Total time for which application threads were stopped: 0.0274186 seconds, Stopping threads took: 0.0001172 seconds
2024-10-09T21:28:25.777+0300: 714.980: Application time: 0.1860456 seconds
2024-10-09T21:28:25.777+0300: 714.980: [GC (Allocation Failure) 2024-10-09T21:28:25.777+0300: 714.980: [ParNew: 457570K->51072K(460096K), 0.0246974 secs] 781885K->386651K(4143232K), 0.0247856 secs] [Times: user=0.02 sys=0.00, real=0.01 secs] 
2024-10-09T21:28:25.791+0300: 715.005: Total time for which application threads were stopped: 0.0250653 seconds, Stopping threads took: 0.0001580 seconds
2024-10-09T21:28:25.963+0300: 715.174: Application time: 0.1690413 seconds
2024-10-09T21:28:25.963+0300: 715.174: [GC (Allocation Failure) 2024-10-09T21:28:25.963+0300: 715.174: [ParNew: 460096K->51072K(460096K), 0.0273188 secs] 795675K->404767K(4143232K), 0.0274119 secs] [Times: user=0.03 sys=0.00, real=0.03 secs] 
2024-10-09T21:28:25.995+0300: 715.202: Total time for which application threads were stopped: 0.0277202 seconds, Stopping threads took: 0.0001810 seconds
2024-10-09T21:28:26.167+0300: 715.379: Application time: 0.1769396 seconds
2024-10-09T21:28:26.167+0300: 715.379: [GC (Allocation Failure) 2024-10-09T21:28:26.167+0300: 715.379: [ParNew: 460096K->39543K(460096K), 0.0297714 secs] 813791K->426352K(4143232K), 0.0298609 secs] [Times: user=0.03 sys=0.00, real=0.03 secs] 
2024-10-09T21:28:26.199+0300: 715.409: Total time for which application threads were stopped: 0.0301505 seconds, Stopping threads took: 0.0001637 seconds
2024-10-09T21:28:26.387+0300: 715.598: Application time: 0.1890308 seconds
2024-10-09T21:28:26.387+0300: 715.598: [GC (Allocation Failure) 2024-10-09T21:28:26.387+0300: 715.598: [ParNew: 448567K->51072K(460096K), 0.0226395 secs] 835376K->441557K(4143232K), 0.0227235 secs] [Times: user=0.03 sys=0.00, real=0.02 secs] 
2024-10-09T21:28:26.403+0300: 715.621: Total time for which application threads were stopped: 0.0230036 seconds, Stopping threads took: 0.0001446 seconds
2024-10-09T21:28:26.579+0300: 715.788: Application time: 0.1671789 seconds
2024-10-09T21:28:26.579+0300: 715.788: [GC (Allocation Failure) 2024-10-09T21:28:26.579+0300: 715.788: [ParNew: 460096K->51072K(460096K), 0.0383331 secs] 850581K->469791K(4143232K), 0.0384341 secs] [Times: user=0.09 sys=0.00, real=0.04 secs] 
2024-10-09T21:28:26.622+0300: 715.827: Total time for which application threads were stopped: 0.0386918 seconds, Stopping threads took: 0.0000943 seconds
2024-10-09T21:28:26.795+0300: 716.000: Application time: 0.1731264 seconds
2024-10-09T21:28:26.795+0300: 716.000: [GC (Allocation Failure) 2024-10-09T21:28:26.795+0300: 716.000: [ParNew: 460096K->48783K(460096K), 0.0281632 secs] 878815K->495808K(4143232K), 0.0282526 secs] [Times: user=0.02 sys=0.00, real=0.01 secs] 
2024-10-09T21:28:26.810+0300: 716.028: Total time for which application threads were stopped: 0.0285040 seconds, Stopping threads took: 0.0001323 seconds
2024-10-09T21:28:27.014+0300: 716.220: Application time: 0.1913358 seconds
2024-10-09T21:28:27.014+0300: 716.220: [GC (Allocation Failure) 2024-10-09T21:28:27.014+0300: 716.220: [ParNew: 457807K->51072K(460096K), 0.0235905 secs] 904832K->508303K(4143232K), 0.0236795 secs] [Times: user=0.02 sys=0.00, real=0.02 secs] 
2024-10-09T21:28:27.030+0300: 716.244: Total time for which application threads were stopped: 0.0240115 seconds, Stopping threads took: 0.0002057 seconds
2024-10-09T21:28:27.202+0300: 716.414: Application time: 0.1699175 seconds
2024-10-09T21:28:27.211+0300: 716.414: [GC (Allocation Failure) 2024-10-09T21:28:27.211+0300: 716.414: [ParNew: 460096K->51072K(460096K), 0.0227474 secs] 917327K->516532K(4143232K), 0.0228274 secs] [Times: user=0.03 sys=0.00, real=0.02 secs] 
2024-10-09T21:28:27.230+0300: 716.437: Total time for which application threads were stopped: 0.0231594 seconds, Stopping threads took: 0.0001634 seconds
2024-10-09T21:28:27.407+0300: 716.614: Application time: 0.1768620 seconds
2024-10-09T21:28:27.407+0300: 716.614: [GC (Allocation Failure) 2024-10-09T21:28:27.407+0300: 716.614: [ParNew: 460096K->48255K(460096K), 0.0268917 secs] 925556K->539136K(4143232K), 0.0269791 secs] [Times: user=0.02 sys=0.00, real=0.02 secs] 
2024-10-09T21:28:27.423+0300: 716.641: Total time for which application threads were stopped: 0.0272139 seconds, Stopping threads took: 0.0001144 seconds
2024-10-09T21:28:27.611+0300: 716.826: Application time: 0.1855189 seconds
2024-10-09T21:28:27.611+0300: 716.827: [GC (Allocation Failure) 2024-10-09T21:28:27.611+0300: 716.827: [ParNew: 457279K->48416K(460096K), 0.0278975 secs] 948160K->554378K(4143232K), 0.0279936 secs] [Times: user=0.09 sys=0.00, real=0.03 secs] 
2024-10-09T21:28:27.642+0300: 716.855: Total time for which application threads were stopped: 0.0283047 seconds, Stopping threads took: 0.0001784 seconds
2024-10-09T21:28:27.815+0300: 717.027: Application time: 0.1723117 seconds
2024-10-09T21:28:27.815+0300: 717.027: [GC (Allocation Failure) 2024-10-09T21:28:27.815+0300: 717.027: [ParNew: 457440K->51072K(460096K), 0.0235539 secs] 963402K->567134K(4143232K), 0.0236410 secs] [Times: user=0.03 sys=0.00, real=0.03 secs] 
2024-10-09T21:28:27.847+0300: 717.051: Total time for which application threads were stopped: 0.0239191 seconds, Stopping threads took: 0.0001514 seconds
2024-10-09T21:28:28.019+0300: 717.229: Application time: 0.1779897 seconds
2024-10-09T21:28:28.019+0300: 717.229: [GC (Allocation Failure) 2024-10-09T21:28:28.019+0300: 717.229: [ParNew: 460096K->47214K(460096K), 0.0283647 secs] 976158K->592582K(4143232K), 0.0284572 secs] [Times: user=0.03 sys=0.00, real=0.03 secs] 
2024-10-09T21:28:28.051+0300: 717.258: Total time for which application threads were stopped: 0.0287628 seconds, Stopping threads took: 0.0001747 seconds
2024-10-09T21:28:28.223+0300: 717.435: Application time: 0.1774863 seconds
2024-10-09T21:28:28.223+0300: 717.435: [GC (Allocation Failure) 2024-10-09T21:28:28.223+0300: 717.436: [ParNew: 456238K->51072K(460096K), 0.0217648 secs] 1001606K->600285K(4143232K), 0.0218533 secs] [Times: user=0.01 sys=0.00, real=0.03 secs] 
2024-10-09T21:28:28.254+0300: 717.457: Total time for which application threads were stopped: 0.0221340 seconds, Stopping threads took: 0.0001519 seconds
2024-10-09T21:28:28.411+0300: 717.628: Application time: 0.1710594 seconds
2024-10-09T21:28:28.411+0300: 717.629: [GC (Allocation Failure) 2024-10-09T21:28:28.411+0300: 717.629: [ParNew: 460096K->51072K(460096K), 0.0288125 secs] 1009309K->626369K(4143232K), 0.0289134 secs] [Times: user=0.03 sys=0.00, real=0.03 secs] 
2024-10-09T21:28:28.443+0300: 717.658: Total time for which application threads were stopped: 0.0292872 seconds, Stopping threads took: 0.0002424 seconds
2024-10-09T21:28:28.631+0300: 717.844: Application time: 0.1865892 seconds
2024-10-09T21:28:28.631+0300: 717.845: [GC (Allocation Failure) 2024-10-09T21:28:28.631+0300: 717.845: [ParNew: 460096K->51072K(460096K), 0.0275719 secs] 1035393K->652216K(4143232K), 0.0276659 secs] [Times: user=0.11 sys=0.00, real=0.03 secs] 
2024-10-09T21:28:28.662+0300: 717.872: Total time for which application threads were stopped: 0.0279367 seconds, Stopping threads took: 0.0001266 seconds
2024-10-09T21:28:28.850+0300: 718.058: Application time: 0.1855161 seconds
2024-10-09T21:28:28.850+0300: 718.058: [GC (Allocation Failure) 2024-10-09T21:28:28.850+0300: 718.058: [ParNew: 460096K->51072K(460096K), 0.0216483 secs] 1061240K->655863K(4143232K), 0.0217209 secs] [Times: user=0.01 sys=0.00, real=0.02 secs] 
2024-10-09T21:28:28.866+0300: 718.080: Total time for which application threads were stopped: 0.0220132 seconds, Stopping threads took: 0.0001629 seconds
2024-10-09T21:28:29.023+0300: 718.240: Application time: 0.1599807 seconds
2024-10-09T21:28:29.023+0300: 718.240: [GC (Allocation Failure) 2024-10-09T21:28:29.023+0300: 718.240: [ParNew: 460096K->47722K(460096K), 0.0250979 secs] 1064887K->673335K(4143232K), 0.0251894 secs] [Times: user=0.03 sys=0.00, real=0.03 secs] 
2024-10-09T21:28:29.055+0300: 718.265: Total time for which application threads were stopped: 0.0254633 seconds, Stopping threads took: 0.0001497 seconds
2024-10-09T21:28:29.243+0300: 718.449: Application time: 0.1837634 seconds
2024-10-09T21:28:29.243+0300: 718.449: [GC (Allocation Failure) 2024-10-09T21:28:29.243+0300: 718.449: [ParNew: 456746K->44540K(460096K), 0.0258746 secs] 1082359K->695135K(4143232K), 0.0259645 secs] [Times: user=0.02 sys=0.00, real=0.02 secs] 
2024-10-09T21:28:29.259+0300: 718.475: Total time for which application threads were stopped: 0.0262532 seconds, Stopping threads took: 0.0001535 seconds
2024-10-09T21:28:29.447+0300: 718.664: Application time: 0.1889340 seconds
2024-10-09T21:28:29.447+0300: 718.664: [GC (Allocation Failure) 2024-10-09T21:28:29.447+0300: 718.664: [ParNew: 453564K->51072K(460096K), 0.0217289 secs] 1104159K->704239K(4143232K), 0.0218179 secs] [Times: user=0.05 sys=0.00, real=0.03 secs] 
2024-10-09T21:28:29.478+0300: 718.686: Total time for which application threads were stopped: 0.0221046 seconds, Stopping threads took: 0.0001490 seconds
2024-10-09T21:28:29.635+0300: 718.846: Application time: 0.1601186 seconds
2024-10-09T21:28:29.635+0300: 718.847: [GC (Allocation Failure) 2024-10-09T21:28:29.635+0300: 718.847: [ParNew: 460096K->51072K(460096K), 0.0279934 secs] 1113263K->730367K(4143232K), 0.0280864 secs] [Times: user=0.03 sys=0.02, real=0.03 secs] 
2024-10-09T21:28:29.666+0300: 718.875: Total time for which application threads were stopped: 0.0283476 seconds, Stopping threads took: 0.0001205 seconds
2024-10-09T21:28:29.855+0300: 719.060: Application time: 0.1847768 seconds
2024-10-09T21:28:29.855+0300: 719.060: [GC (Allocation Failure) 2024-10-09T21:28:29.855+0300: 719.060: [ParNew: 460096K->47167K(460096K), 0.0253855 secs] 1139391K->744498K(4143232K), 0.0254746 secs] [Times: user=0.02 sys=0.00, real=0.01 secs] 
2024-10-09T21:28:29.870+0300: 719.085: Total time for which application threads were stopped: 0.0257568 seconds, Stopping threads took: 0.0001554 seconds
2024-10-09T21:28:30.059+0300: 719.275: Application time: 0.1900496 seconds
2024-10-09T21:28:30.059+0300: 719.276: [GC (Allocation Failure) 2024-10-09T21:28:30.059+0300: 719.276: [ParNew: 456191K->51072K(460096K), 0.0275976 secs] 1153522K->765365K(4143232K), 0.0276872 secs] [Times: user=0.03 sys=0.00, real=0.03 secs] 
2024-10-09T21:28:30.090+0300: 719.303: Total time for which application threads were stopped: 0.0279512 seconds, Stopping threads took: 0.0001395 seconds
2024-10-09T21:28:30.247+0300: 719.461: Application time: 0.1578387 seconds
2024-10-09T21:28:30.247+0300: 719.461: [GC (Allocation Failure) 2024-10-09T21:28:30.247+0300: 719.461: [ParNew: 460096K->51072K(460096K), 0.0307478 secs] 1174389K->790326K(4143232K), 0.0308331 secs] [Times: user=0.03 sys=0.00, real=0.04 secs] 
2024-10-09T21:28:30.286+0300: 719.492: Total time for which application threads were stopped: 0.0311113 seconds, Stopping threads took: 0.0001545 seconds
2024-10-09T21:28:30.467+0300: 719.672: Application time: 0.1792807 seconds
2024-10-09T21:28:30.467+0300: 719.672: [GC (Allocation Failure) 2024-10-09T21:28:30.467+0300: 719.672: [ParNew: 460096K->40147K(460096K), 0.0281615 secs] 1199350K->808653K(4143232K), 0.0282445 secs] [Times: user=0.01 sys=0.00, real=0.02 secs] 
2024-10-09T21:28:30.487+0300: 719.700: Total time for which application threads were stopped: 0.0285084 seconds, Stopping threads took: 0.0001383 seconds
2024-10-09T21:28:30.687+0300: 719.892: Application time: 0.1916036 seconds
2024-10-09T21:28:30.687+0300: 719.892: [GC (Allocation Failure) 2024-10-09T21:28:30.687+0300: 719.892: [ParNew: 449171K->51072K(460096K), 0.0248462 secs] 1217677K->831538K(4143232K), 0.0249346 secs] [Times: user=0.02 sys=0.00, real=0.01 secs] 
2024-10-09T21:28:30.702+0300: 719.917: Total time for which application threads were stopped: 0.0251856 seconds, Stopping threads took: 0.0000952 seconds
2024-10-09T21:28:30.875+0300: 720.085: Application time: 0.1677122 seconds
2024-10-09T21:28:30.875+0300: 720.085: [GC (Allocation Failure) 2024-10-09T21:28:30.875+0300: 720.085: [ParNew: 460096K->51072K(460096K), 0.0243642 secs] 1240562K->844934K(4143232K), 0.0244501 secs] [Times: user=0.02 sys=0.00, real=0.02 secs] 
2024-10-09T21:28:30.891+0300: 720.109: Total time for which application threads were stopped: 0.0247254 seconds, Stopping threads took: 0.0001512 seconds
2024-10-09T21:28:31.079+0300: 720.287: Application time: 0.1776452 seconds
2024-10-09T21:28:31.079+0300: 720.287: [GC (Allocation Failure) 2024-10-09T21:28:31.079+0300: 720.287: [ParNew: 460096K->51072K(460096K), 0.0280863 secs] 1253958K->874336K(4143232K), 0.0281750 secs] [Times: user=0.02 sys=0.00, real=0.03 secs] 
2024-10-09T21:28:31.110+0300: 720.315: Total time for which application threads were stopped: 0.0284608 seconds, Stopping threads took: 0.0001570 seconds
2024-10-09T21:28:31.289+0300: 720.498: Application time: 0.1827250 seconds
2024-10-09T21:28:31.289+0300: 720.498: [GC (Allocation Failure) 2024-10-09T21:28:31.289+0300: 720.498: [ParNew: 460096K->51072K(460096K), 0.0233664 secs] 1283360K->881670K(4143232K), 0.0234583 secs] [Times: user=0.03 sys=0.00, real=0.02 secs] 
2024-10-09T21:28:31.314+0300: 720.522: Total time for which application threads were stopped: 0.0237357 seconds, Stopping threads took: 0.0001482 seconds
2024-10-09T21:28:31.471+0300: 720.688: Application time: 0.1664994 seconds
2024-10-09T21:28:31.471+0300: 720.689: [GC (Allocation Failure) 2024-10-09T21:28:31.471+0300: 720.689: [ParNew: 460096K->51072K(460096K), 0.0285704 secs] 1290694K->904236K(4143232K), 0.0286637 secs] [Times: user=0.03 sys=0.00, real=0.03 secs] 
2024-10-09T21:28:31.502+0300: 720.717: Total time for which application threads were stopped: 0.0289734 seconds, Stopping threads took: 0.0001806 seconds
2024-10-09T21:28:31.691+0300: 720.895: Application time: 0.1775651 seconds
2024-10-09T21:28:31.691+0300: 720.895: [GC (Allocation Failure) 2024-10-09T21:28:31.691+0300: 720.895: [ParNew: 460096K->44612K(460096K), 0.0277346 secs] 1313260K->923008K(4143232K), 0.0278350 secs] [Times: user=0.01 sys=0.00, real=0.02 secs] 
2024-10-09T21:28:31.706+0300: 720.923: Total time for which application threads were stopped: 0.0281707 seconds, Stopping threads took: 0.0002023 seconds
2024-10-09T21:28:31.895+0300: 721.107: Application time: 0.1834860 seconds
2024-10-09T21:28:31.895+0300: 721.107: [GC (Allocation Failure) 2024-10-09T21:28:31.895+0300: 721.107: [ParNew: 453636K->51072K(460096K), 0.0261536 secs] 1332032K->945965K(4143232K), 0.0262386 secs] [Times: user=0.03 sys=0.00, real=0.03 secs] 
2024-10-09T21:28:31.929+0300: 721.133: Total time for which application threads were stopped: 0.0264849 seconds, Stopping threads took: 0.0001208 seconds
2024-10-09T21:28:32.099+0300: 721.305: Application time: 0.1722333 seconds
2024-10-09T21:28:32.099+0300: 721.306: [GC (Allocation Failure) 2024-10-09T21:28:32.099+0300: 721.306: [ParNew: 460096K->51072K(460096K), 0.0234682 secs] 1354989K->957244K(4143232K), 0.0235560 secs] [Times: user=0.01 sys=0.00, real=0.02 secs] 
2024-10-09T21:28:32.115+0300: 721.329: Total time for which application threads were stopped: 0.0238601 seconds, Stopping threads took: 0.0001743 seconds
2024-10-09T21:28:32.291+0300: 721.502: Application time: 0.1723385 seconds
2024-10-09T21:28:32.291+0300: 721.502: [GC (Allocation Failure) 2024-10-09T21:28:32.291+0300: 721.502: [ParNew: 460096K->46580K(460096K), 0.0257820 secs] 1366268K->976229K(4143232K), 0.0258696 secs] [Times: user=0.02 sys=0.00, real=0.03 secs] 
2024-10-09T21:28:32.319+0300: 721.528: Total time for which application threads were stopped: 0.0261878 seconds, Stopping threads took: 0.0001732 seconds
2024-10-09T21:28:32.491+0300: 721.708: Application time: 0.1798241 seconds
2024-10-09T21:28:32.491+0300: 721.708: [GC (Allocation Failure) 2024-10-09T21:28:32.491+0300: 721.708: [ParNew: 455604K->51072K(460096K), 0.0257099 secs] 1385253K->996103K(4143232K), 0.0258008 secs] [Times: user=0.03 sys=0.00, real=0.03 secs] 
2024-10-09T21:28:32.522+0300: 721.734: Total time for which application threads were stopped: 0.0261221 seconds, Stopping threads took: 0.0001713 seconds
2024-10-09T21:28:32.696+0300: 721.910: Application time: 0.1759288 seconds
2024-10-09T21:28:32.696+0300: 721.910: [GC (Allocation Failure) 2024-10-09T21:28:32.696+0300: 721.910: [ParNew: 460096K->51072K(460096K), 0.0271529 secs] 1405127K->1013237K(4143232K), 0.0272384 secs] [Times: user=0.03 sys=0.00, real=0.03 secs] 
2024-10-09T21:28:32.727+0300: 721.937: Total time for which application threads were stopped: 0.0275290 seconds, Stopping threads took: 0.0001560 seconds
2024-10-09T21:28:32.900+0300: 722.117: Application time: 0.1794497 seconds
2024-10-09T21:28:32.900+0300: 722.117: [GC (Allocation Failure) 2024-10-09T21:28:32.900+0300: 722.117: [ParNew: 460096K->51072K(460096K), 0.0254292 secs] 1422261K->1032135K(4143232K), 0.0255159 secs] [Times: user=0.03 sys=0.00, real=0.03 secs] 
2024-10-09T21:28:32.931+0300: 722.142: Total time for which application threads were stopped: 0.0258031 seconds, Stopping threads took: 0.0001570 seconds
2024-10-09T21:28:33.119+0300: 722.323: Application time: 0.1805870 seconds
2024-10-09T21:28:33.119+0300: 722.323: [GC (Allocation Failure) 2024-10-09T21:28:33.119+0300: 722.323: [ParNew: 460096K->51072K(460096K), 0.0281375 secs] 1441159K->1051413K(4143232K), 0.0282278 secs] [Times: user=0.01 sys=0.00, real=0.03 secs] 
2024-10-09T21:28:33.148+0300: 722.351: Total time for which application threads were stopped: 0.0285050 seconds, Stopping threads took: 0.0001477 seconds
2024-10-09T21:28:33.308+0300: 722.523: Application time: 0.1715064 seconds
2024-10-09T21:28:33.308+0300: 722.523: [GC (Allocation Failure) 2024-10-09T21:28:33.308+0300: 722.523: [ParNew: 460096K->46626K(460096K), 0.0275806 secs] 1460437K->1072863K(4143232K), 0.0276769 secs] [Times: user=0.03 sys=0.00, real=0.03 secs] 
2024-10-09T21:28:33.339+0300: 722.551: Total time for which application threads were stopped: 0.0279802 seconds, Stopping threads took: 0.0001680 seconds
2024-10-09T21:28:33.527+0300: 722.734: Application time: 0.1828703 seconds
2024-10-09T21:28:33.527+0300: 722.734: [GC (Allocation Failure) 2024-10-09T21:28:33.527+0300: 722.734: [ParNew: 455650K->51072K(460096K), 0.0229940 secs] 1481887K->1087426K(4143232K), 0.0230812 secs] [Times: user=0.02 sys=0.00, real=0.02 secs] 
2024-10-09T21:28:33.543+0300: 722.757: Total time for which application threads were stopped: 0.0233436 seconds, Stopping threads took: 0.0001377 seconds
2024-10-09T21:28:33.731+0300: 722.941: Application time: 0.1837270 seconds
2024-10-09T21:28:33.731+0300: 722.941: [GC (Allocation Failure) 2024-10-09T21:28:33.731+0300: 722.941: [ParNew: 460096K->51072K(460096K), 0.0297395 secs] 1496450K->1110566K(4143232K), 0.0298482 secs] [Times: user=0.03 sys=0.00, real=0.03 secs] 
2024-10-09T21:28:33.763+0300: 722.971: Total time for which application threads were stopped: 0.0301712 seconds, Stopping threads took: 0.0001673 seconds
2024-10-09T21:28:33.935+0300: 723.141: Application time: 0.1696633 seconds
2024-10-09T21:28:33.935+0300: 723.141: [GC (Allocation Failure) 2024-10-09T21:28:33.935+0300: 723.141: [ParNew: 460096K->51072K(460096K), 0.0246155 secs] 1519590K->1128991K(4143232K), 0.0247063 secs] [Times: user=0.01 sys=0.00, real=0.02 secs] 
2024-10-09T21:28:33.951+0300: 723.166: Total time for which application threads were stopped: 0.0250005 seconds, Stopping threads took: 0.0001408 seconds
2024-10-09T21:28:34.139+0300: 723.353: Application time: 0.1874081 seconds
2024-10-09T21:28:34.139+0300: 723.353: [GC (Allocation Failure) 2024-10-09T21:28:34.139+0300: 723.353: [ParNew: 460096K->51072K(460096K), 0.0236909 secs] 1538015K->1142204K(4143232K), 0.0237809 secs] [Times: user=0.02 sys=0.00, real=0.03 secs] 
2024-10-09T21:28:34.170+0300: 723.377: Total time for which application threads were stopped: 0.0240787 seconds, Stopping threads took: 0.0001712 seconds
2024-10-09T21:28:34.343+0300: 723.555: Application time: 0.1775166 seconds
2024-10-09T21:28:34.343+0300: 723.555: [GC (Allocation Failure) 2024-10-09T21:28:34.343+0300: 723.555: [ParNew: 460096K->51072K(460096K), 0.0277263 secs] 1551228K->1160921K(4143232K), 0.0278242 secs] [Times: user=0.03 sys=0.00, real=0.03 secs] 
2024-10-09T21:28:34.374+0300: 723.583: Total time for which application threads were stopped: 0.0281291 seconds, Stopping threads took: 0.0001654 seconds
2024-10-09T21:28:34.531+0300: 723.750: Application time: 0.1667014 seconds
2024-10-09T21:28:34.531+0300: 723.750: [GC (Allocation Failure) 2024-10-09T21:28:34.531+0300: 723.750: [ParNew: 460096K->51072K(460096K), 0.0271064 secs] 1569945K->1185355K(4143232K), 0.0271879 secs] [Times: user=0.03 sys=0.00, real=0.03 secs] 
2024-10-09T21:28:34.563+0300: 723.777: Total time for which application threads were stopped: 0.0274380 seconds, Stopping threads took: 0.0001279 seconds
2024-10-09T21:28:34.751+0300: 723.962: Application time: 0.1847222 seconds
2024-10-09T21:28:34.751+0300: 723.962: [GC (Allocation Failure) 2024-10-09T21:28:34.751+0300: 723.962: [ParNew: 460096K->46338K(460096K), 0.0248335 secs] 1594379K->1198902K(4143232K), 0.0249330 secs] [Times: user=0.02 sys=0.00, real=0.03 secs] 
2024-10-09T21:28:34.782+0300: 723.987: Total time for which application threads were stopped: 0.0252628 seconds, Stopping threads took: 0.0001782 seconds
2024-10-09T21:28:34.955+0300: 724.168: Application time: 0.1805516 seconds
2024-10-09T21:28:34.955+0300: 724.168: [GC (Allocation Failure) 2024-10-09T21:28:34.955+0300: 724.168: [ParNew: 455362K->51072K(460096K), 0.0246456 secs] 1607926K->1216048K(4143232K), 0.0247278 secs] [Times: user=0.03 sys=0.00, real=0.03 secs] 
2024-10-09T21:28:34.987+0300: 724.193: Total time for which application threads were stopped: 0.0250250 seconds, Stopping threads took: 0.0001696 seconds
2024-10-09T21:28:35.144+0300: 724.356: Application time: 0.1630744 seconds
2024-10-09T21:28:35.144+0300: 724.356: [GC (Allocation Failure) 2024-10-09T21:28:35.144+0300: 724.356: [ParNew: 460096K->46976K(460096K), 0.0250746 secs] 1625072K->1230928K(4143232K), 0.0251610 secs] [Times: user=0.03 sys=0.00, real=0.03 secs] 
2024-10-09T21:28:35.175+0300: 724.381: Total time for which application threads were stopped: 0.0254459 seconds, Stopping threads took: 0.0001376 seconds
2024-10-09T21:28:35.348+0300: 724.557: Application time: 0.1753958 seconds
2024-10-09T21:28:35.348+0300: 724.557: [GC (Allocation Failure) 2024-10-09T21:28:35.348+0300: 724.557: [ParNew: 456000K->51072K(460096K), 0.0251685 secs] 1639952K->1256909K(4143232K), 0.0252571 secs] [Times: user=0.02 sys=0.00, real=0.01 secs] 
2024-10-09T21:28:35.379+0300: 724.582: Total time for which application threads were stopped: 0.0255109 seconds, Stopping threads took: 0.0001248 seconds
2024-10-09T21:28:35.552+0300: 724.760: Application time: 0.1777935 seconds
2024-10-09T21:28:35.552+0300: 724.760: [GC (Allocation Failure) 2024-10-09T21:28:35.552+0300: 724.760: [ParNew: 460096K->51072K(460096K), 0.0228608 secs] 1665933K->1265212K(4143232K), 0.0229429 secs] [Times: user=0.02 sys=0.00, real=0.02 secs] 
2024-10-09T21:28:35.568+0300: 724.783: Total time for which application threads were stopped: 0.0232182 seconds, Stopping threads took: 0.0001497 seconds
2024-10-09T21:28:35.741+0300: 724.957: Application time: 0.1740061 seconds
2024-10-09T21:28:35.741+0300: 724.957: [GC (Allocation Failure) 2024-10-09T21:28:35.741+0300: 724.957: [ParNew: 460096K->51072K(460096K), 0.0281548 secs] 1674236K->1288353K(4143232K), 0.0282442 secs] [Times: user=0.03 sys=0.00, real=0.03 secs] 
2024-10-09T21:28:35.772+0300: 724.986: Total time for which application threads were stopped: 0.0285648 seconds, Stopping threads took: 0.0001784 seconds
2024-10-09T21:28:35.945+0300: 725.160: Application time: 0.1741803 seconds
2024-10-09T21:28:35.945+0300: 725.160: [GC (Allocation Failure) 2024-10-09T21:28:35.945+0300: 725.160: [ParNew: 460096K->51072K(460096K), 0.0281977 secs] 1697377K->1312233K(4143232K), 0.0282872 secs] [Times: user=0.03 sys=0.00, real=0.03 secs] 
2024-10-09T21:28:35.976+0300: 725.188: Total time for which application threads were stopped: 0.0285577 seconds, Stopping threads took: 0.0001439 seconds
2024-10-09T21:28:36.164+0300: 725.371: Application time: 0.1824280 seconds
2024-10-09T21:28:36.164+0300: 725.371: [GC (Allocation Failure) 2024-10-09T21:28:36.164+0300: 725.371: [ParNew: 460096K->51072K(460096K), 0.0263851 secs] 1721257K->1330381K(4143232K), 0.0264703 secs] [Times: user=0.02 sys=0.00, real=0.02 secs] 
2024-10-09T21:28:36.180+0300: 725.398: Total time for which application threads were stopped: 0.0267410 seconds, Stopping threads took: 0.0001562 seconds
2024-10-09T21:28:36.352+0300: 725.570: Application time: 0.1722342 seconds
2024-10-09T21:28:36.352+0300: 725.570: [GC (Allocation Failure) 2024-10-09T21:28:36.352+0300: 725.570: [ParNew: 460096K->51072K(460096K), 0.0239748 secs] 1739405K->1341158K(4143232K), 0.0240600 secs] [Times: user=0.03 sys=0.00, real=0.03 secs] 
2024-10-09T21:28:36.384+0300: 725.594: Total time for which application threads were stopped: 0.0243474 seconds, Stopping threads took: 0.0001618 seconds
2024-10-09T21:28:36.556+0300: 725.760: Application time: 0.1663793 seconds
2024-10-09T21:28:36.556+0300: 725.761: [GC (Allocation Failure) 2024-10-09T21:28:36.556+0300: 725.761: [ParNew: 460096K->51072K(460096K), 0.0288214 secs] 1750182K->1369041K(4143232K), 0.0289152 secs] [Times: user=0.02 sys=0.00, real=0.02 secs] 
2024-10-09T21:28:36.572+0300: 725.790: Total time for which application threads were stopped: 0.0291548 seconds, Stopping threads took: 0.0001191 seconds
2024-10-09T21:28:36.760+0300: 725.970: Application time: 0.1805018 seconds
2024-10-09T21:28:36.760+0300: 725.970: [GC (Allocation Failure) 2024-10-09T21:28:36.760+0300: 725.970: [ParNew: 460096K->49982K(460096K), 0.0240342 secs] 1778065K->1381455K(4143232K), 0.0241335 secs] [Times: user=0.01 sys=0.00, real=0.03 secs] 
2024-10-09T21:28:36.791+0300: 725.995: Total time for which application threads were stopped: 0.0244304 seconds, Stopping threads took: 0.0001648 seconds
2024-10-09T21:28:36.964+0300: 726.171: Application time: 0.1766824 seconds
2024-10-09T21:28:36.964+0300: 726.172: [GC (Allocation Failure) 2024-10-09T21:28:36.964+0300: 726.172: [ParNew: 459006K->51072K(460096K), 0.0229546 secs] 1790479K->1392586K(4143232K), 0.0230358 secs] [Times: user=0.02 sys=0.00, real=0.02 secs] 
2024-10-09T21:28:36.980+0300: 726.195: Total time for which application threads were stopped: 0.0233151 seconds, Stopping threads took: 0.0001552 seconds
2024-10-09T21:28:37.152+0300: 726.367: Application time: 0.1719377 seconds
2024-10-09T21:28:37.152+0300: 726.367: [GC (Allocation Failure) 2024-10-09T21:28:37.152+0300: 726.367: [ParNew: 460096K->51072K(460096K), 0.0282571 secs] 1801610K->1418146K(4143232K), 0.0283442 secs] [Times: user=0.03 sys=0.00, real=0.03 secs] 
2024-10-09T21:28:37.184+0300: 726.395: Total time for which application threads were stopped: 0.0286057 seconds, Stopping threads took: 0.0001397 seconds
2024-10-09T21:28:37.357+0300: 726.575: Application time: 0.1800395 seconds
2024-10-09T21:28:37.357+0300: 726.575: [GC (Allocation Failure) 2024-10-09T21:28:37.357+0300: 726.575: [ParNew: 460096K->51072K(460096K), 0.0309557 secs] 1827170K->1443112K(4143232K), 0.0310487 secs] [Times: user=0.03 sys=0.00, real=0.04 secs] 
2024-10-09T21:28:37.402+0300: 726.607: Total time for which application threads were stopped: 0.0313399 seconds, Stopping threads took: 0.0001478 seconds
2024-10-09T21:28:37.576+0300: 726.782: Application time: 0.1750364 seconds
2024-10-09T21:28:37.576+0300: 726.782: [GC (Allocation Failure) 2024-10-09T21:28:37.576+0300: 726.782: [ParNew: 460096K->49956K(460096K), 0.0291277 secs] 1852136K->1462574K(4143232K), 0.0292241 secs] [Times: user=0.05 sys=0.00, real=0.03 secs] 
2024-10-09T21:28:37.602+0300: 726.811: Total time for which application threads were stopped: 0.0295106 seconds, Stopping threads took: 0.0001564 seconds
2024-10-09T21:28:37.765+0300: 726.982: Application time: 0.1705599 seconds
2024-10-09T21:28:37.765+0300: 726.982: [GC (Allocation Failure) 2024-10-09T21:28:37.765+0300: 726.982: [ParNew: 458980K->51072K(460096K), 0.0231597 secs] 1871598K->1476107K(4143232K), 0.0232477 secs] [Times: user=0.03 sys=0.00, real=0.03 secs] 
2024-10-09T21:28:37.796+0300: 727.005: Total time for which application threads were stopped: 0.0235406 seconds, Stopping threads took: 0.0001647 seconds
2024-10-09T21:28:37.969+0300: 727.187: Application time: 0.1822546 seconds
2024-10-09T21:28:37.984+0300: 727.188: [GC (Allocation Failure) 2024-10-09T21:28:37.984+0300: 727.188: [ParNew: 460096K->50438K(460096K), 0.0256265 secs] 1885131K->1493278K(4143232K), 0.0257211 secs] [Times: user=0.02 sys=0.00, real=0.02 secs] 
2024-10-09T21:28:38.003+0300: 727.213: Total time for which application threads were stopped: 0.0260487 seconds, Stopping threads took: 0.0001862 seconds
2024-10-09T21:28:38.173+0300: 727.390: Application time: 0.1763921 seconds
2024-10-09T21:28:38.173+0300: 727.390: [GC (Allocation Failure) 2024-10-09T21:28:38.173+0300: 727.390: [ParNew: 459462K->51072K(460096K), 0.0250949 secs] 1902302K->1510206K(4143232K), 0.0251770 secs] [Times: user=0.03 sys=0.00, real=0.03 secs] 
2024-10-09T21:28:38.205+0300: 727.415: Total time for which application threads were stopped: 0.0255186 seconds, Stopping threads took: 0.0001447 seconds
2024-10-09T21:28:38.377+0300: 727.586: Application time: 0.1703297 seconds
2024-10-09T21:28:38.377+0300: 727.586: [GC (Allocation Failure) 2024-10-09T21:28:38.377+0300: 727.586: [ParNew: 460096K->51072K(460096K), 0.0243625 secs] 1919230K->1524639K(4143232K), 0.0244514 secs] [Times: user=0.03 sys=0.00, real=0.03 secs] 
2024-10-09T21:28:38.404+0300: 727.610: Total time for which application threads were stopped: 0.0247265 seconds, Stopping threads took: 0.0001483 seconds
2024-10-09T21:28:38.581+0300: 727.794: Application time: 0.1832542 seconds
2024-10-09T21:28:38.581+0300: 727.794: [GC (Allocation Failure) 2024-10-09T21:28:38.581+0300: 727.794: [ParNew: 460096K->50516K(460096K), 0.0251567 secs] 1933663K->1541868K(4143232K), 0.0252547 secs] [Times: user=0.09 sys=0.00, real=0.03 secs] 
2024-10-09T21:28:38.613+0300: 727.819: Total time for which application threads were stopped: 0.0255598 seconds, Stopping threads took: 0.0001528 seconds
2024-10-09T21:28:38.785+0300: 728.001: Application time: 0.1815032 seconds
2024-10-09T21:28:38.785+0300: 728.001: [GC (Allocation Failure) 2024-10-09T21:28:38.785+0300: 728.001: [ParNew: 459540K->51072K(460096K), 0.0242552 secs] 1950892K->1554231K(4143232K), 0.0243378 secs] [Times: user=0.03 sys=0.00, real=0.03 secs] 
2024-10-09T21:28:38.817+0300: 728.025: Total time for which application threads were stopped: 0.0246335 seconds, Stopping threads took: 0.0001671 seconds
2024-10-09T21:28:38.973+0300: 728.191: Application time: 0.1651031 seconds
2024-10-09T21:28:38.973+0300: 728.191: [GC (Allocation Failure) 2024-10-09T21:28:38.973+0300: 728.191: [ParNew: 460096K->47115K(460096K), 0.0318857 secs] 1963255K->1582547K(4143232K), 0.0319731 secs] [Times: user=0.03 sys=0.00, real=0.03 secs] 
2024-10-09T21:28:39.007+0300: 728.223: Total time for which application threads were stopped: 0.0322437 seconds, Stopping threads took: 0.0001436 seconds
2024-10-09T21:28:39.206+0300: 728.410: Application time: 0.1872665 seconds
2024-10-09T21:28:39.206+0300: 728.410: [GC (Allocation Failure) 2024-10-09T21:28:39.206+0300: 728.410: [ParNew: 456139K->48007K(460096K), 0.0278474 secs] 1991571K->1606601K(4143232K), 0.0279388 secs] [Times: user=0.02 sys=0.00, real=0.02 secs] 
2024-10-09T21:28:39.225+0300: 728.438: Total time for which application threads were stopped: 0.0282030 seconds, Stopping threads took: 0.0001415 seconds
2024-10-09T21:28:39.413+0300: 728.623: Application time: 0.1843932 seconds
2024-10-09T21:28:39.413+0300: 728.623: [GC (Allocation Failure) 2024-10-09T21:28:39.413+0300: 728.623: [ParNew: 457031K->51072K(460096K), 0.0226251 secs] 2015625K->1616946K(4143232K), 0.0227222 secs] [Times: user=0.08 sys=0.00, real=0.02 secs] 
2024-10-09T21:28:39.429+0300: 728.646: Total time for which application threads were stopped: 0.0229962 seconds, Stopping threads took: 0.0001186 seconds
2024-10-09T21:28:39.607+0300: 728.812: Application time: 0.1664300 seconds
2024-10-09T21:28:39.607+0300: 728.813: [GC (Allocation Failure) 2024-10-09T21:28:39.607+0300: 728.813: [ParNew: 460096K->51072K(460096K), 0.0314656 secs] 2025970K->1647987K(4143232K), 0.0315691 secs] [Times: user=0.19 sys=0.00, real=0.03 secs] 
2024-10-09T21:28:39.633+0300: 728.844: Total time for which application threads were stopped: 0.0320844 seconds, Stopping threads took: 0.0003501 seconds
2024-10-09T21:28:39.822+0300: 729.028: Application time: 0.1841614 seconds
2024-10-09T21:28:39.822+0300: 729.029: [GC (Allocation Failure) 2024-10-09T21:28:39.822+0300: 729.029: [ParNew: 460096K->45095K(460096K), 0.0252646 secs] 2057011K->1658264K(4143232K), 0.0253543 secs] [Times: user=0.01 sys=0.00, real=0.01 secs] 
2024-10-09T21:28:39.837+0300: 729.054: Total time for which application threads were stopped: 0.0256057 seconds, Stopping threads took: 0.0001122 seconds
2024-10-09T21:28:40.010+0300: 729.229: Application time: 0.1746262 seconds
2024-10-09T21:28:40.026+0300: 729.229: [GC (Allocation Failure) 2024-10-09T21:28:40.026+0300: 729.229: [ParNew: 454119K->51072K(460096K), 0.0236104 secs] 2067288K->1674322K(4143232K), 0.0237214 secs] [Times: user=0.02 sys=0.00, real=0.01 secs] 
2024-10-09T21:28:40.041+0300: 729.253: Total time for which application threads were stopped: 0.0241135 seconds, Stopping threads took: 0.0002324 seconds
2024-10-09T21:28:40.214+0300: 729.424: Application time: 0.1715165 seconds
2024-10-09T21:28:40.214+0300: 729.424: [GC (Allocation Failure) 2024-10-09T21:28:40.214+0300: 729.424: [ParNew: 460096K->51072K(460096K), 0.0305342 secs] 2083346K->1702648K(4143232K), 0.0306251 secs] [Times: user=0.03 sys=0.00, real=0.03 secs] 
2024-10-09T21:28:40.245+0300: 729.455: Total time for which application threads were stopped: 0.0309010 seconds, Stopping threads took: 0.0001503 seconds
2024-10-09T21:28:40.418+0300: 729.636: Application time: 0.1804723 seconds
2024-10-09T21:28:40.418+0300: 729.636: [GC (Allocation Failure) 2024-10-09T21:28:40.418+0300: 729.636: [ParNew: 460096K->47992K(460096K), 0.0258049 secs] 2111672K->1719184K(4143232K), 0.0258929 secs] [Times: user=0.03 sys=0.00, real=0.03 secs] 
2024-10-09T21:28:40.449+0300: 729.662: Total time for which application threads were stopped: 0.0261949 seconds, Stopping threads took: 0.0001723 seconds
2024-10-09T21:28:40.638+0300: 729.842: Application time: 0.1799740 seconds
2024-10-09T21:28:40.638+0300: 729.842: [GC (Allocation Failure) 2024-10-09T21:28:40.638+0300: 729.842: [ParNew: 457016K->51072K(460096K), 0.0252228 secs] 2128208K->1735233K(4143232K), 0.0253010 secs] [Times: user=0.09 sys=0.00, real=0.02 secs] 
2024-10-09T21:28:40.653+0300: 729.867: Total time for which application threads were stopped: 0.0255683 seconds, Stopping threads took: 0.0001211 seconds
2024-10-09T21:28:40.841+0300: 730.055: Application time: 0.1873382 seconds
2024-10-09T21:28:40.841+0300: 730.055: [GC (Allocation Failure) 2024-10-09T21:28:40.841+0300: 730.055: [ParNew: 460096K->51072K(460096K), 0.0296729 secs] 2144257K->1760752K(4143232K), 0.0297609 secs] [Times: user=0.17 sys=0.00, real=0.03 secs] 
2024-10-09T21:28:40.873+0300: 730.085: Total time for which application threads were stopped: 0.0300980 seconds, Stopping threads took: 0.0001740 seconds
2024-10-09T21:28:41.061+0300: 730.278: Application time: 0.1930906 seconds
2024-10-09T21:28:41.061+0300: 730.278: [GC (Allocation Failure) 2024-10-09T21:28:41.061+0300: 730.278: [ParNew: 460096K->51072K(460096K), 0.0279535 secs] 2169776K->1780551K(4143232K), 0.0280420 secs] [Times: user=0.11 sys=0.00, real=0.03 secs] 
2024-10-09T21:28:41.092+0300: 730.306: Total time for which application threads were stopped: 0.0283116 seconds, Stopping threads took: 0.0001271 seconds
2024-10-09T21:28:41.265+0300: 730.481: Application time: 0.1743404 seconds
2024-10-09T21:28:41.265+0300: 730.481: [GC (Allocation Failure) 2024-10-09T21:28:41.265+0300: 730.481: [ParNew: 460096K->51072K(460096K), 0.0296581 secs] 2189575K->1805705K(4143232K), 0.0297481 secs] [Times: user=0.12 sys=0.00, real=0.03 secs] 
2024-10-09T21:28:41.297+0300: 730.511: Total time for which application threads were stopped: 0.0300248 seconds, Stopping threads took: 0.0001452 seconds
2024-10-09T21:28:41.469+0300: 730.685: Application time: 0.1747415 seconds
2024-10-09T21:28:41.469+0300: 730.686: [GC (Allocation Failure) 2024-10-09T21:28:41.469+0300: 730.686: [ParNew: 460096K->49736K(460096K), 0.0238680 secs] 2214729K->1821857K(4143232K), 0.0239601 secs] [Times: user=0.16 sys=0.00, real=0.03 secs] 
2024-10-09T21:28:41.501+0300: 730.710: Total time for which application threads were stopped: 0.0242757 seconds, Stopping threads took: 0.0001691 seconds
2024-10-09T21:28:41.689+0300: 730.895: Application time: 0.1853501 seconds
2024-10-09T21:28:41.689+0300: 730.895: [GC (Allocation Failure) 2024-10-09T21:28:41.689+0300: 730.895: [ParNew: 458760K->51072K(460096K), 0.0263396 secs] 2230881K->1836778K(4143232K), 0.0264376 secs] [Times: user=0.22 sys=0.00, real=0.02 secs] 
2024-10-09T21:28:41.711+0300: 730.922: Total time for which application threads were stopped: 0.0267332 seconds, Stopping threads took: 0.0001470 seconds
2024-10-09T21:28:41.888+0300: 731.092: Application time: 0.1704422 seconds
2024-10-09T21:28:41.889+0300: 731.092: [GC (Allocation Failure) 2024-10-09T21:28:41.889+0300: 731.092: [ParNew: 460096K->51072K(460096K), 0.0296514 secs] 2245802K->1863916K(4143232K), 0.0297565 secs] [Times: user=0.06 sys=0.00, real=0.03 secs] 
2024-10-09T21:28:41.914+0300: 731.122: Total time for which application threads were stopped: 0.0300703 seconds, Stopping threads took: 0.0001700 seconds
2024-10-09T21:28:42.082+0300: 731.297: Application time: 0.1743728 seconds
2024-10-09T21:28:42.082+0300: 731.297: [GC (Allocation Failure) 2024-10-09T21:28:42.082+0300: 731.297: [ParNew: 460096K->51072K(460096K), 0.0237507 secs] 2272940K->1878398K(4143232K), 0.0238318 secs] [Times: user=0.06 sys=0.00, real=0.03 secs] 
2024-10-09T21:28:42.113+0300: 731.321: Total time for which application threads were stopped: 0.0241406 seconds, Stopping threads took: 0.0001779 seconds
2024-10-09T21:28:42.301+0300: 731.506: Application time: 0.1853295 seconds
2024-10-09T21:28:42.301+0300: 731.506: [GC (Allocation Failure) 2024-10-09T21:28:42.301+0300: 731.506: [ParNew: 460096K->51072K(460096K), 0.0237967 secs] 2287422K->1886801K(4143232K), 0.0238743 secs] [Times: user=0.09 sys=0.00, real=0.02 secs] 
2024-10-09T21:28:42.317+0300: 731.530: Total time for which application threads were stopped: 0.0241571 seconds, Stopping threads took: 0.0001451 seconds
2024-10-09T21:28:42.490+0300: 731.697: Application time: 0.1672097 seconds
2024-10-09T21:28:42.490+0300: 731.698: [GC (Allocation Failure) 2024-10-09T21:28:42.490+0300: 731.698: [ParNew: 460096K->51072K(460096K), 0.0366799 secs] 2295825K->1922479K(4143232K), 0.0367692 secs] [Times: user=0.16 sys=0.00, real=0.03 secs] 
2024-10-09T21:28:42.521+0300: 731.734: Total time for which application threads were stopped: 0.0370685 seconds, Stopping threads took: 0.0001623 seconds
2024-10-09T21:28:42.713+0300: 731.923: Application time: 0.1887449 seconds
2024-10-09T21:28:42.713+0300: 731.923: [GC (Allocation Failure) 2024-10-09T21:28:42.713+0300: 731.923: [ParNew: 460096K->51072K(460096K), 0.0237218 secs] 2331503K->1940067K(4143232K), 0.0238200 secs] [Times: user=0.09 sys=0.00, real=0.03 secs] 
2024-10-09T21:28:42.741+0300: 731.947: Total time for which application threads were stopped: 0.0241069 seconds, Stopping threads took: 0.0001373 seconds
2024-10-09T21:28:42.929+0300: 732.138: Application time: 0.1909897 seconds
2024-10-09T21:28:42.929+0300: 732.139: [GC (Allocation Failure) 2024-10-09T21:28:42.929+0300: 732.139: [ParNew: 460096K->51072K(460096K), 0.0258300 secs] 2349091K->1949663K(4143232K), 0.0259141 secs] [Times: user=0.09 sys=0.00, real=0.03 secs] 
2024-10-09T21:28:42.960+0300: 732.164: Total time for which application threads were stopped: 0.0261771 seconds, Stopping threads took: 0.0001304 seconds
2024-10-09T21:28:43.117+0300: 732.326: Application time: 0.1618066 seconds
2024-10-09T21:28:43.117+0300: 732.326: [GC (Allocation Failure) 2024-10-09T21:28:43.117+0300: 732.327: [ParNew: 460096K->49262K(460096K), 0.0309942 secs] 2358687K->1976130K(4143232K), 0.0310745 secs] [Times: user=0.11 sys=0.00, real=0.03 secs] 
2024-10-09T21:28:43.149+0300: 732.358: Total time for which application threads were stopped: 0.0313226 seconds, Stopping threads took: 0.0001223 seconds
2024-10-09T21:28:43.337+0300: 732.544: Application time: 0.1866566 seconds
2024-10-09T21:28:43.337+0300: 732.545: [GC (Allocation Failure) 2024-10-09T21:28:43.337+0300: 732.545: [ParNew: 458286K->42709K(460096K), 0.0265030 secs] 2385154K->1995151K(4143232K), 0.0265909 secs] [Times: user=0.16 sys=0.00, real=0.02 secs] 
2024-10-09T21:28:43.353+0300: 732.571: Total time for which application threads were stopped: 0.0268980 seconds, Stopping threads took: 0.0001795 seconds
2024-10-09T21:28:43.557+0300: 732.763: Application time: 0.1916861 seconds
2024-10-09T21:28:43.557+0300: 732.763: [GC (Allocation Failure) 2024-10-09T21:28:43.557+0300: 732.763: [ParNew: 451733K->51072K(460096K), 0.0262835 secs] 2404175K->2016187K(4143232K), 0.0263840 secs] [Times: user=0.09 sys=0.00, real=0.02 secs] 
2024-10-09T21:28:43.573+0300: 732.790: Total time for which application threads were stopped: 0.0267132 seconds, Stopping threads took: 0.0001922 seconds
2024-10-09T21:28:43.745+0300: 732.961: Application time: 0.1715823 seconds
2024-10-09T21:28:43.745+0300: 732.961: [GC (Allocation Failure) 2024-10-09T21:28:43.745+0300: 732.961: [ParNew: 460096K->51072K(460096K), 0.0272412 secs] 2425211K->2033581K(4143232K), 0.0273270 secs] [Times: user=0.19 sys=0.00, real=0.03 secs] 
2024-10-09T21:28:43.777+0300: 732.989: Total time for which application threads were stopped: 0.0276394 seconds, Stopping threads took: 0.0001708 seconds
2024-10-09T21:28:43.965+0300: 733.171: Application time: 0.1825904 seconds
2024-10-09T21:28:43.965+0300: 733.172: [GC (Allocation Failure) 2024-10-09T21:28:43.965+0300: 733.172: [ParNew: 460096K->40764K(460096K), 0.0269708 secs] 2442605K->2052402K(4143232K), 0.0270565 secs] [Times: user=0.09 sys=0.00, real=0.02 secs] 
2024-10-09T21:28:43.981+0300: 733.199: Total time for which application threads were stopped: 0.0273201 seconds, Stopping threads took: 0.0001224 seconds
2024-10-09T21:28:44.188+0300: 733.392: Application time: 0.1928160 seconds
2024-10-09T21:28:44.188+0300: 733.392: [GC (Allocation Failure) 2024-10-09T21:28:44.188+0300: 733.392: [ParNew: 449788K->51072K(460096K), 0.0220459 secs] 2461426K->2064886K(4143232K), 0.0221344 secs] [Times: user=0.11 sys=0.00, real=0.01 secs] 
2024-10-09T21:28:44.201+0300: 733.414: Total time for which application threads were stopped: 0.0224055 seconds, Stopping threads took: 0.0001297 seconds
2024-10-09T21:28:44.374+0300: 733.579: Application time: 0.1648922 seconds
2024-10-09T21:28:44.374+0300: 733.579: [GC (Allocation Failure) 2024-10-09T21:28:44.374+0300: 733.579: [ParNew: 460096K->51072K(460096K), 0.0315276 secs] 2473910K->2092632K(4143232K), 0.0316098 secs] [Times: user=0.16 sys=0.00, real=0.03 secs] 
2024-10-09T21:28:44.405+0300: 733.611: Total time for which application threads were stopped: 0.0318552 seconds, Stopping threads took: 0.0001181 seconds
2024-10-09T21:28:44.578+0300: 733.787: Application time: 0.1767993 seconds
2024-10-09T21:28:44.578+0300: 733.788: [GC (Allocation Failure) 2024-10-09T21:28:44.578+0300: 733.788: [ParNew: 460096K->37411K(460096K), 0.0283107 secs] 2501656K->2109427K(4143232K), 0.0284034 secs] [Times: user=0.06 sys=0.00, real=0.03 secs] 
2024-10-09T21:28:44.609+0300: 733.816: Total time for which application threads were stopped: 0.0286968 seconds, Stopping threads took: 0.0001398 seconds
2024-10-09T21:28:44.798+0300: 734.011: Application time: 0.1950433 seconds
2024-10-09T21:28:44.798+0300: 734.011: [GC (Allocation Failure) 2024-10-09T21:28:44.798+0300: 734.012: [ParNew: 446435K->51072K(460096K), 0.0222561 secs] 2518451K->2125723K(4143232K), 0.0223374 secs] [Times: user=0.03 sys=0.00, real=0.03 secs] 
2024-10-09T21:28:44.829+0300: 734.034: Total time for which application threads were stopped: 0.0226166 seconds, Stopping threads took: 0.0001576 seconds
2024-10-09T21:28:44.986+0300: 734.195: Application time: 0.1606860 seconds
2024-10-09T21:28:44.986+0300: 734.195: [GC (Allocation Failure) 2024-10-09T21:28:44.986+0300: 734.195: [ParNew: 460096K->51005K(460096K), 0.0302984 secs] 2534747K->2150868K(4143232K), 0.0303817 secs] [Times: user=0.02 sys=0.01, real=0.03 secs] 
2024-10-09T21:28:45.018+0300: 734.225: Total time for which application threads were stopped: 0.0306701 seconds, Stopping threads took: 0.0001626 seconds
2024-10-09T21:28:45.190+0300: 734.403: Application time: 0.1782814 seconds
2024-10-09T21:28:45.190+0300: 734.404: [GC (Allocation Failure) 2024-10-09T21:28:45.190+0300: 734.404: [ParNew: 460029K->39061K(460096K), 0.0277319 secs] 2559892K->2169366K(4143232K), 0.0278168 secs] [Times: user=0.03 sys=0.00, real=0.03 secs] 
2024-10-09T21:28:45.222+0300: 734.432: Total time for which application threads were stopped: 0.0280814 seconds, Stopping threads took: 0.0001374 seconds
2024-10-09T21:28:45.457+0300: 734.662: Application time: 0.2305222 seconds
2024-10-09T21:28:45.457+0300: 734.662: [GC (Allocation Failure) 2024-10-09T21:28:45.457+0300: 734.662: [ParNew: 448085K->51072K(460096K), 0.0218626 secs] 2578390K->2184120K(4143232K), 0.0219812 secs] [Times: user=0.16 sys=0.00, real=0.02 secs] 
2024-10-09T21:28:45.473+0300: 734.684: Total time for which application threads were stopped: 0.0223509 seconds, Stopping threads took: 0.0001983 seconds
2024-10-09T21:28:45.661+0300: 734.873: Application time: 0.1881544 seconds
2024-10-09T21:28:45.661+0300: 734.873: [GC (Allocation Failure) 2024-10-09T21:28:45.661+0300: 734.873: [ParNew: 460096K->51072K(460096K), 0.0316862 secs] 2593144K->2205892K(4143232K), 0.0317763 secs] [Times: user=0.12 sys=0.00, real=0.03 secs] 
2024-10-09T21:28:45.692+0300: 734.905: Total time for which application threads were stopped: 0.0321661 seconds, Stopping threads took: 0.0002323 seconds
2024-10-09T21:28:45.880+0300: 735.091: Application time: 0.1864127 seconds
2024-10-09T21:28:45.880+0300: 735.095: [GC (Allocation Failure) 2024-10-09T21:28:45.880+0300: 735.095: [ParNew: 460096K->41040K(460096K), 0.0334998 secs] 2614916K->2232573K(4143232K), 0.0336011 secs] [Times: user=0.16 sys=0.00, real=0.04 secs] 
2024-10-09T21:28:45.920+0300: 735.129: Total time for which application threads were stopped: 0.0376347 seconds, Stopping threads took: 0.0038856 seconds
2024-10-09T21:28:46.163+0300: 735.369: Application time: 0.2401485 seconds
2024-10-09T21:28:46.163+0300: 735.369: [GC (Allocation Failure) 2024-10-09T21:28:46.163+0300: 735.369: [ParNew: 450064K->51072K(460096K), 0.0204538 secs] 2641597K->2242907K(4143232K), 0.0205936 secs] [Times: user=0.11 sys=0.00, real=0.01 secs] 
2024-10-09T21:28:46.178+0300: 735.390: Total time for which application threads were stopped: 0.0211012 seconds, Stopping threads took: 0.0003300 seconds
2024-10-09T21:28:46.382+0300: 735.591: Application time: 0.2013539 seconds
2024-10-09T21:28:46.382+0300: 735.594: [GC (Allocation Failure) 2024-10-09T21:28:46.382+0300: 735.594: [ParNew: 460096K->51072K(460096K), 0.0320559 secs] 2651931K->2267596K(4143232K), 0.0321630 secs] [Times: user=0.17 sys=0.02, real=0.04 secs] 
2024-10-09T21:28:46.422+0300: 735.627: Total time for which application threads were stopped: 0.0351656 seconds, Stopping threads took: 0.0028455 seconds
2024-10-09T21:28:46.622+0300: 735.826: Application time: 0.1996798 seconds
2024-10-09T21:28:46.622+0300: 735.827: [GC (Allocation Failure) 2024-10-09T21:28:46.622+0300: 735.827: [ParNew: 460096K->51072K(460096K), 0.0327297 secs] 2676620K->2296588K(4143232K), 0.0328300 secs] [Times: user=0.14 sys=0.00, real=0.03 secs] 
2024-10-09T21:28:46.649+0300: 735.859: Total time for which application threads were stopped: 0.0331523 seconds, Stopping threads took: 0.0001638 seconds
2024-10-09T21:28:46.838+0300: 736.049: Application time: 0.1898803 seconds
2024-10-09T21:28:46.838+0300: 736.050: [GC (Allocation Failure) 2024-10-09T21:28:46.838+0300: 736.050: [ParNew: 460096K->51072K(460096K), 0.0238445 secs] 2705612K->2303842K(4143232K), 0.0239546 secs] [Times: user=0.17 sys=0.00, real=0.03 secs] 
2024-10-09T21:28:46.869+0300: 736.074: Total time for which application threads were stopped: 0.0242149 seconds, Stopping threads took: 0.0001026 seconds
2024-10-09T21:28:47.026+0300: 736.234: Application time: 0.1599559 seconds
2024-10-09T21:28:47.026+0300: 736.234: [GC (Allocation Failure) 2024-10-09T21:28:47.026+0300: 736.234: [ParNew: 460096K->51072K(460096K), 0.0307112 secs] 2712866K->2331596K(4143232K), 0.0308146 secs] [Times: user=0.05 sys=0.00, real=0.03 secs] 
2024-10-09T21:28:47.058+0300: 736.265: Total time for which application threads were stopped: 0.0311281 seconds, Stopping threads took: 0.0001656 seconds
2024-10-09T21:28:47.258+0300: 736.461: Application time: 0.1966164 seconds
2024-10-09T21:28:47.258+0300: 736.461: [GC (Allocation Failure) 2024-10-09T21:28:47.258+0300: 736.462: [ParNew: 460096K->51072K(460096K), 0.0265803 secs] 2740620K->2352741K(4143232K), 0.0266980 secs] [Times: user=0.09 sys=0.00, real=0.02 secs] 
2024-10-09T21:28:47.278+0300: 736.488: Total time for which application threads were stopped: 0.0269873 seconds, Stopping threads took: 0.0001055 seconds
2024-10-09T21:28:47.466+0300: 736.679: Application time: 0.1909734 seconds
2024-10-09T21:28:47.466+0300: 736.679: [GC (Allocation Failure) 2024-10-09T21:28:47.466+0300: 736.680: [ParNew: 460096K->51072K(460096K), 0.0243649 secs] 2761765K->2361305K(4143232K), 0.0244577 secs] [Times: user=0.06 sys=0.00, real=0.03 secs] 
2024-10-09T21:28:47.497+0300: 736.704: Total time for which application threads were stopped: 0.0247596 seconds, Stopping threads took: 0.0001627 seconds
2024-10-09T21:28:47.655+0300: 736.864: Application time: 0.1598938 seconds
2024-10-09T21:28:47.655+0300: 736.864: [GC (Allocation Failure) 2024-10-09T21:28:47.655+0300: 736.864: [ParNew: 460096K->49333K(460096K), 0.0311088 secs] 2770329K->2391734K(4143232K), 0.0311960 secs] [Times: user=0.03 sys=0.00, real=0.03 secs] 
2024-10-09T21:28:47.686+0300: 736.895: Total time for which application threads were stopped: 0.0314413 seconds, Stopping threads took: 0.0001216 seconds
2024-10-09T21:28:47.874+0300: 737.090: Application time: 0.1943802 seconds
2024-10-09T21:28:47.874+0300: 737.090: [GC (Allocation Failure) 2024-10-09T21:28:47.874+0300: 737.090: [ParNew: 458357K->35413K(460096K), 0.0258391 secs] 2800758K->2400611K(4143232K), 0.0259299 secs] [Times: user=0.03 sys=0.00, real=0.03 secs] 
2024-10-09T21:28:47.905+0300: 737.116: Total time for which application threads were stopped: 0.0261966 seconds, Stopping threads took: 0.0001221 seconds
2024-10-09T21:28:48.016+0300: 737.222: Application time: 0.1057660 seconds
2024-10-09T21:28:48.016+0300: 737.222: Total time for which application threads were stopped: 0.0002823 seconds, Stopping threads took: 0.0001942 seconds
2024-10-09T21:28:48.094+0300: 737.307: Application time: 0.0851322 seconds
2024-10-09T21:28:48.094+0300: 737.307: [GC (Allocation Failure) 2024-10-09T21:28:48.094+0300: 737.307: [ParNew: 444437K->51072K(460096K), 0.0265835 secs] 2809635K->2432134K(4143232K), 0.0266846 secs] [Times: user=0.05 sys=0.00, real=0.03 secs] 
2024-10-09T21:28:48.125+0300: 737.334: Total time for which application threads were stopped: 0.0269637 seconds, Stopping threads took: 0.0001470 seconds
2024-10-09T21:28:48.188+0300: 737.399: Application time: 0.0649771 seconds
2024-10-09T21:28:48.188+0300: 737.399: Total time for which application threads were stopped: 0.0001746 seconds, Stopping threads took: 0.0001047 seconds
2024-10-09T21:28:48.226+0300: 737.431: Application time: 0.0322771 seconds
2024-10-09T21:28:48.226+0300: 737.432: Total time for which application threads were stopped: 0.0001698 seconds, Stopping threads took: 0.0001040 seconds
2024-10-09T21:28:48.251+0300: 737.457: Application time: 0.0252077 seconds
2024-10-09T21:28:48.251+0300: 737.457: Total time for which application threads were stopped: 0.0001391 seconds, Stopping threads took: 0.0000832 seconds
2024-10-09T21:28:48.329+0300: 737.535: Application time: 0.0775458 seconds
2024-10-09T21:28:48.345+0300: 737.548: Total time for which application threads were stopped: 0.0137040 seconds, Stopping threads took: 0.0136117 seconds
2024-10-09T21:28:48.407+0300: 737.625: Application time: 0.0767890 seconds
2024-10-09T21:28:48.407+0300: 737.625: [GC (Allocation Failure) 2024-10-09T21:28:48.407+0300: 737.625: [ParNew: 460096K->51072K(460096K), 0.0276358 secs] 2841158K->2449624K(4143232K), 0.0277315 secs] [Times: user=0.05 sys=0.00, real=0.03 secs] 
2024-10-09T21:28:48.439+0300: 737.653: Total time for which application threads were stopped: 0.0280242 seconds, Stopping threads took: 0.0001627 seconds
2024-10-09T21:28:48.596+0300: 737.807: Application time: 0.1541308 seconds
2024-10-09T21:28:48.596+0300: 737.807: [GC (Allocation Failure) 2024-10-09T21:28:48.596+0300: 737.808: [ParNew: 460096K->43398K(460096K), 0.0291607 secs] 2858648K->2479655K(4143232K), 0.0292516 secs] [Times: user=0.03 sys=0.00, real=0.03 secs] 
2024-10-09T21:28:48.628+0300: 737.837: Total time for which application threads were stopped: 0.0295396 seconds, Stopping threads took: 0.0001611 seconds
2024-10-09T21:28:48.831+0300: 738.049: Application time: 0.2121025 seconds
2024-10-09T21:28:48.831+0300: 738.049: [GC (Allocation Failure) 2024-10-09T21:28:48.831+0300: 738.049: [ParNew: 452422K->51072K(460096K), 0.0223261 secs] 2888679K->2489704K(4143232K), 0.0224137 secs] [Times: user=0.03 sys=0.00, real=0.03 secs] 
2024-10-09T21:28:48.863+0300: 738.072: Total time for which application threads were stopped: 0.0226711 seconds, Stopping threads took: 0.0001294 seconds
2024-10-09T21:28:49.051+0300: 738.267: Application time: 0.1958041 seconds
2024-10-09T21:28:49.051+0300: 738.268: [GC (Allocation Failure) 2024-10-09T21:28:49.051+0300: 738.268: [ParNew: 460096K->51072K(460096K), 0.0338980 secs] 2898728K->2505881K(4143232K), 0.0339955 secs] [Times: user=0.16 sys=0.00, real=0.05 secs] 
2024-10-09T21:28:49.098+0300: 738.302: Total time for which application threads were stopped: 0.0343357 seconds, Stopping threads took: 0.0001841 seconds
2024-10-09T21:28:49.264+0300: 738.468: Application time: 0.1660885 seconds
2024-10-09T21:28:49.265+0300: 738.468: [GC (Allocation Failure) 2024-10-09T21:28:49.265+0300: 738.468: [ParNew: 460096K->46336K(460096K), 0.0263971 secs] 2914905K->2531635K(4143232K), 0.0264815 secs] [Times: user=0.03 sys=0.00, real=0.02 secs] 
2024-10-09T21:28:49.287+0300: 738.495: Total time for which application threads were stopped: 0.0267509 seconds, Stopping threads took: 0.0001365 seconds
2024-10-09T21:28:49.506+0300: 738.712: Application time: 0.2179160 seconds
2024-10-09T21:28:49.506+0300: 738.713: [GC (Allocation Failure) 2024-10-09T21:28:49.506+0300: 738.713: [ParNew: 455360K->51072K(460096K), 0.0216876 secs] 2940659K->2538737K(4143232K), 0.0217848 secs] [Times: user=0.14 sys=0.00, real=0.02 secs] 
2024-10-09T21:28:49.529+0300: 738.735: Total time for which application threads were stopped: 0.0222578 seconds, Stopping threads took: 0.0003352 seconds
2024-10-09T21:28:49.711+0300: 738.924: Application time: 0.1897063 seconds
2024-10-09T21:28:49.711+0300: 738.925: [GC (Allocation Failure) 2024-10-09T21:28:49.711+0300: 738.925: [ParNew: 460096K->51072K(460096K), 0.0288448 secs] 2947761K->2553949K(4143232K), 0.0289323 secs] [Times: user=0.27 sys=0.00, real=0.03 secs] 
2024-10-09T21:28:49.742+0300: 738.954: Total time for which application threads were stopped: 0.0292214 seconds, Stopping threads took: 0.0001578 seconds
2024-10-09T21:28:49.915+0300: 739.122: Application time: 0.1681216 seconds
2024-10-09T21:28:49.915+0300: 739.122: [GC (Allocation Failure) 2024-10-09T21:28:49.915+0300: 739.122: [ParNew: 460096K->51072K(460096K), 0.0313013 secs] 2962973K->2587270K(4143232K), 0.0314089 secs] [Times: user=0.12 sys=0.00, real=0.03 secs] 
2024-10-09T21:28:49.946+0300: 739.153: Total time for which application threads were stopped: 0.0316983 seconds, Stopping threads took: 0.0001404 seconds
2024-10-09T21:28:50.135+0300: 739.350: Application time: 0.1968227 seconds
2024-10-09T21:28:50.135+0300: 739.351: [GC (Allocation Failure) 2024-10-09T21:28:50.135+0300: 739.351: [ParNew: 460096K->51072K(460096K), 0.0222320 secs] 2996294K->2589667K(4143232K), 0.0223343 secs] [Times: user=0.11 sys=0.00, real=0.03 secs] 
2024-10-09T21:28:50.166+0300: 739.373: Total time for which application threads were stopped: 0.0228034 seconds, Stopping threads took: 0.0003219 seconds
2024-10-09T21:28:50.339+0300: 739.547: Application time: 0.1736209 seconds
2024-10-09T21:28:50.339+0300: 739.547: [GC (Allocation Failure) 2024-10-09T21:28:50.339+0300: 739.547: [ParNew: 460096K->51072K(460096K), 0.0330043 secs] 2998691K->2615330K(4143232K), 0.0331014 secs] [Times: user=0.03 sys=0.00, real=0.03 secs] 
2024-10-09T21:28:50.370+0300: 739.580: Total time for which application threads were stopped: 0.0334127 seconds, Stopping threads took: 0.0001622 seconds
2024-10-09T21:28:50.543+0300: 739.753: Application time: 0.1728348 seconds
2024-10-09T21:28:50.543+0300: 739.753: [GC (Allocation Failure) 2024-10-09T21:28:50.543+0300: 739.753: [ParNew: 460096K->51072K(460096K), 0.0288810 secs] 3024354K->2641863K(4143232K), 0.0289899 secs] [Times: user=0.03 sys=0.00, real=0.03 secs] 
2024-10-09T21:28:50.574+0300: 739.782: Total time for which application threads were stopped: 0.0292596 seconds, Stopping threads took: 0.0001402 seconds
2024-10-09T21:28:50.763+0300: 739.978: Application time: 0.1959585 seconds
2024-10-09T21:28:50.763+0300: 739.978: [GC (Allocation Failure) 2024-10-09T21:28:50.763+0300: 739.978: [ParNew: 460096K->50873K(460096K), 0.0230517 secs] 3050887K->2649705K(4143232K), 0.0231433 secs] [Times: user=0.03 sys=0.00, real=0.03 secs] 
2024-10-09T21:28:50.794+0300: 740.002: Total time for which application threads were stopped: 0.0234300 seconds, Stopping threads took: 0.0001335 seconds
2024-10-09T21:28:50.961+0300: 740.166: Application time: 0.1642286 seconds
2024-10-09T21:28:50.961+0300: 740.166: [GC (Allocation Failure) 2024-10-09T21:28:50.961+0300: 740.166: [ParNew: 459897K->51072K(460096K), 0.0249270 secs] 3058729K->2665304K(4143232K), 0.0250142 secs] [Times: user=0.03 sys=0.00, real=0.02 secs] 
2024-10-09T21:28:50.983+0300: 740.191: Total time for which application threads were stopped: 0.0252726 seconds, Stopping threads took: 0.0001342 seconds
2024-10-09T21:28:51.155+0300: 740.369: Application time: 0.1780030 seconds
2024-10-09T21:28:51.155+0300: 740.369: [GC (Allocation Failure) 2024-10-09T21:28:51.155+0300: 740.369: [ParNew: 460096K->43840K(460096K), 0.0258138 secs] 3074328K->2683618K(4143232K), 0.0259008 secs] [Times: user=0.03 sys=0.00, real=0.03 secs] 
2024-10-09T21:28:51.187+0300: 740.395: Total time for which application threads were stopped: 0.0261696 seconds, Stopping threads took: 0.0001418 seconds
2024-10-09T21:28:51.375+0300: 740.589: Application time: 0.1938221 seconds
2024-10-09T21:28:51.375+0300: 740.589: [GC (Allocation Failure) 2024-10-09T21:28:51.375+0300: 740.589: [ParNew: 452864K->51072K(460096K), 0.0228954 secs] 3092642K->2697644K(4143232K), 0.0229868 secs] [Times: user=0.05 sys=0.00, real=0.03 secs] 
2024-10-09T21:28:51.406+0300: 740.612: Total time for which application threads were stopped: 0.0232810 seconds, Stopping threads took: 0.0001581 seconds
2024-10-09T21:28:51.564+0300: 740.779: Application time: 0.1665967 seconds
2024-10-09T21:28:51.564+0300: 740.779: [GC (Allocation Failure) 2024-10-09T21:28:51.564+0300: 740.779: [ParNew: 460096K->51072K(460096K), 0.0245062 secs] 3106668K->2711858K(4143232K), 0.0245915 secs] [Times: user=0.03 sys=0.00, real=0.03 secs] 
2024-10-09T21:28:51.596+0300: 740.804: Total time for which application threads were stopped: 0.0248622 seconds, Stopping threads took: 0.0001459 seconds
2024-10-09T21:28:51.768+0300: 740.980: Application time: 0.1758990 seconds
2024-10-09T21:28:51.768+0300: 740.980: [GC (Allocation Failure) 2024-10-09T21:28:51.768+0300: 740.980: [ParNew: 460096K->50617K(460096K), 0.0280106 secs] 3120882K->2738280K(4143232K), 0.0281130 secs] [Times: user=0.03 sys=0.00, real=0.03 secs] 
2024-10-09T21:28:51.800+0300: 741.008: Total time for which application threads were stopped: 0.0283981 seconds, Stopping threads took: 0.0001483 seconds
2024-10-09T21:28:51.988+0300: 741.198: Application time: 0.1897981 seconds
2024-10-09T21:28:51.988+0300: 741.198: [GC (Allocation Failure) 2024-10-09T21:28:51.988+0300: 741.198: [ParNew: 459641K->51072K(460096K), 0.0239012 secs] 3147304K->2749457K(4143232K), 0.0239888 secs] [Times: user=0.02 sys=0.00, real=0.02 secs] 
2024-10-09T21:28:52.004+0300: 741.222: Total time for which application threads were stopped: 0.0242620 seconds, Stopping threads took: 0.0001345 seconds
2024-10-09T21:28:52.177+0300: 741.390: Application time: 0.1675873 seconds
2024-10-09T21:28:52.177+0300: 741.390: [GC (Allocation Failure) 2024-10-09T21:28:52.177+0300: 741.390: [ParNew: 460096K->51072K(460096K), 0.0278993 secs] 3158481K->2767792K(4143232K), 0.0279861 secs] [Times: user=0.03 sys=0.00, real=0.03 secs] 
2024-10-09T21:28:52.208+0300: 741.418: Total time for which application threads were stopped: 0.0282742 seconds, Stopping threads took: 0.0001692 seconds
2024-10-09T21:28:52.380+0300: 741.596: Application time: 0.1780689 seconds
2024-10-09T21:28:52.380+0300: 741.596: [GC (Allocation Failure) 2024-10-09T21:28:52.380+0300: 741.596: [ParNew: 460096K->40082K(460096K), 0.0272609 secs] 3176816K->2782951K(4143232K), 0.0273578 secs] [Times: user=0.03 sys=0.00, real=0.03 secs] 
2024-10-09T21:28:52.412+0300: 741.624: Total time for which application threads were stopped: 0.0276400 seconds, Stopping threads took: 0.0001450 seconds
2024-10-09T21:28:52.600+0300: 741.814: Application time: 0.1897656 seconds
2024-10-09T21:28:52.600+0300: 741.814: [GC (Allocation Failure) 2024-10-09T21:28:52.600+0300: 741.814: [ParNew: 449106K->51072K(460096K), 0.0214257 secs] 3191975K->2796458K(4143232K), 0.0215078 secs] [Times: user=0.03 sys=0.00, real=0.03 secs] 
2024-10-09T21:28:52.631+0300: 741.835: Total time for which application threads were stopped: 0.0217823 seconds, Stopping threads took: 0.0001447 seconds
2024-10-09T21:28:52.804+0300: 742.011: Application time: 0.1753044 seconds
2024-10-09T21:28:52.804+0300: 742.011: [GC (Allocation Failure) 2024-10-09T21:28:52.804+0300: 742.011: [ParNew: 460096K->51072K(460096K), 0.0355362 secs] 3205482K->2828481K(4143232K), 0.0356177 secs] [Times: user=0.03 sys=0.00, real=0.04 secs] 
2024-10-09T21:28:52.843+0300: 742.047: Total time for which application threads were stopped: 0.0358821 seconds, Stopping threads took: 0.0001389 seconds
2024-10-09T21:28:53.008+0300: 742.227: Application time: 0.1799464 seconds
2024-10-09T21:28:53.024+0300: 742.227: [GC (Allocation Failure) 2024-10-09T21:28:53.024+0300: 742.227: [ParNew: 460096K->48940K(460096K), 0.0327150 secs] 3237505K->2859908K(4143232K), 0.0328157 secs] [Times: user=0.03 sys=0.00, real=0.03 secs] 
2024-10-09T21:28:53.055+0300: 742.260: Total time for which application threads were stopped: 0.0331263 seconds, Stopping threads took: 0.0001652 seconds
2024-10-09T21:28:53.236+0300: 742.446: Application time: 0.1863544 seconds
2024-10-09T21:28:53.236+0300: 742.446: [GC (Allocation Failure) 2024-10-09T21:28:53.236+0300: 742.446: [ParNew: 457964K->51072K(460096K), 0.0243823 secs] 3268932K->2871655K(4143232K), 0.0244699 secs] [Times: user=0.03 sys=0.00, real=0.02 secs] 
2024-10-09T21:28:53.259+0300: 742.471: Total time for which application threads were stopped: 0.0247436 seconds, Stopping threads took: 0.0001477 seconds
2024-10-09T21:28:53.432+0300: 742.638: Application time: 0.1674675 seconds
2024-10-09T21:28:53.432+0300: 742.638: [GC (Allocation Failure) 2024-10-09T21:28:53.432+0300: 742.638: [ParNew: 460096K->51072K(460096K), 0.0272823 secs] 3280679K->2893755K(4143232K), 0.0273694 secs] [Times: user=0.02 sys=0.00, real=0.02 secs] 
2024-10-09T21:28:53.448+0300: 742.666: Total time for which application threads were stopped: 0.0276438 seconds, Stopping threads took: 0.0001487 seconds
2024-10-09T21:28:53.652+0300: 742.862: Application time: 0.1966177 seconds
2024-10-09T21:28:53.652+0300: 742.863: [GC (Allocation Failure) 2024-10-09T21:28:53.652+0300: 742.863: [ParNew: 460096K->47834K(460096K), 0.0293223 secs] 3302779K->2918512K(4143232K), 0.0294274 secs] [Times: user=0.14 sys=0.00, real=0.03 secs] 
2024-10-09T21:28:53.683+0300: 742.893: Total time for which application threads were stopped: 0.0300167 seconds, Stopping threads took: 0.0004349 seconds
2024-10-09T21:28:53.871+0300: 743.085: Application time: 0.1921128 seconds
2024-10-09T21:28:53.871+0300: 743.085: [GC (Allocation Failure) 2024-10-09T21:28:53.871+0300: 743.085: [ParNew: 456858K->51072K(460096K), 0.0225323 secs] 3327536K->2928680K(4143232K), 0.0226173 secs] [Times: user=0.03 sys=0.00, real=0.03 secs] 
2024-10-09T21:28:53.903+0300: 743.108: Total time for which application threads were stopped: 0.0228728 seconds, Stopping threads took: 0.0001331 seconds
2024-10-09T21:28:54.060+0300: 743.275: Application time: 0.1672322 seconds
2024-10-09T21:28:54.060+0300: 743.275: [GC (Allocation Failure) 2024-10-09T21:28:54.060+0300: 743.275: [ParNew: 460096K->51072K(460096K), 0.0313277 secs] 3337704K->2954825K(4143232K), 0.0314308 secs] [Times: user=0.06 sys=0.00, real=0.03 secs] 
2024-10-09T21:28:54.091+0300: 743.307: Total time for which application threads were stopped: 0.0318229 seconds, Stopping threads took: 0.0002352 seconds
2024-10-09T21:28:54.279+0300: 743.492: Application time: 0.1852966 seconds
2024-10-09T21:28:54.279+0300: 743.492: [GC (Allocation Failure) 2024-10-09T21:28:54.279+0300: 743.492: [ParNew: 460096K->50073K(460096K), 0.0300165 secs] 3363849K->2985554K(4143232K), 0.0301118 secs] [Times: user=0.06 sys=0.00, real=0.03 secs] 
2024-10-09T21:28:54.311+0300: 743.522: Total time for which application threads were stopped: 0.0304266 seconds, Stopping threads took: 0.0001761 seconds
2024-10-09T21:28:54.499+0300: 743.706: Application time: 0.1839393 seconds
2024-10-09T21:28:54.499+0300: 743.706: [GC (Allocation Failure) 2024-10-09T21:28:54.499+0300: 743.707: [ParNew: 459097K->51072K(460096K), 0.0242257 secs] 3394578K->2996862K(4143232K), 0.0243216 secs] [Times: user=0.06 sys=0.00, real=0.02 secs] 
2024-10-09T21:28:54.515+0300: 743.731: Total time for which application threads were stopped: 0.0246217 seconds, Stopping threads took: 0.0001651 seconds
2024-10-09T21:28:54.703+0300: 743.908: Application time: 0.1773877 seconds
2024-10-09T21:28:54.703+0300: 743.909: [GC (Allocation Failure) 2024-10-09T21:28:54.703+0300: 743.909: [ParNew: 460096K->51072K(460096K), 0.0237197 secs] 3405886K->3009628K(4143232K), 0.0238071 secs] [Times: user=0.02 sys=0.00, real=0.02 secs] 
2024-10-09T21:28:54.719+0300: 743.932: Total time for which application threads were stopped: 0.0241227 seconds, Stopping threads took: 0.0001810 seconds
2024-10-09T21:28:54.891+0300: 744.103: Application time: 0.1701959 seconds
2024-10-09T21:28:54.891+0300: 744.103: [GC (Allocation Failure) 2024-10-09T21:28:54.891+0300: 744.105: [ParNew: 460096K->51072K(460096K), 0.0282731 secs] 3418652K->3036522K(4143232K), 0.0306111 secs] [Times: user=0.03 sys=0.00, real=0.04 secs] 
2024-10-09T21:28:54.930+0300: 744.133: Total time for which application threads were stopped: 0.0308943 seconds, Stopping threads took: 0.0001595 seconds
2024-10-09T21:28:55.111+0300: 744.324: Application time: 0.1901510 seconds
2024-10-09T21:28:55.111+0300: 744.324: [GC (Allocation Failure) 2024-10-09T21:28:55.111+0300: 744.324: [ParNew: 460096K->50305K(460096K), 0.0237669 secs] 3445546K->3047486K(4143232K), 0.0238527 secs] [Times: user=0.03 sys=0.00, real=0.03 secs] 
2024-10-09T21:28:55.142+0300: 744.348: Total time for which application threads were stopped: 0.0241405 seconds, Stopping threads took: 0.0001600 seconds
2024-10-09T21:28:55.315+0300: 744.525: Application time: 0.1773414 seconds
2024-10-09T21:28:55.315+0300: 744.525: [GC (Allocation Failure) 2024-10-09T21:28:55.315+0300: 744.525: [ParNew: 459329K->51072K(460096K), 0.0253499 secs] 3456510K->3061853K(4143232K), 0.0254392 secs] [Times: user=0.03 sys=0.00, real=0.03 secs] 
2024-10-09T21:28:55.346+0300: 744.551: Total time for which application threads were stopped: 0.0257030 seconds, Stopping threads took: 0.0001247 seconds
2024-10-09T21:28:55.503+0300: 744.721: Application time: 0.1706899 seconds
2024-10-09T21:28:55.519+0300: 744.722: [GC (Allocation Failure) 2024-10-09T21:28:55.519+0300: 744.722: [ParNew: 460096K->46362K(460096K), 0.0279517 secs] 3470877K->3080608K(4143232K), 0.0280455 secs] [Times: user=0.03 sys=0.00, real=0.02 secs] 
2024-10-09T21:28:55.541+0300: 744.750: Total time for which application threads were stopped: 0.0283919 seconds, Stopping threads took: 0.0002039 seconds
2024-10-09T21:28:55.742+0300: 744.947: Application time: 0.1974605 seconds
2024-10-09T21:28:55.742+0300: 744.948: [GC (Allocation Failure) 2024-10-09T21:28:55.742+0300: 744.948: [ParNew: 455386K->49254K(460096K), 0.0254309 secs] 3489632K->3099326K(4143232K), 0.0255249 secs] [Times: user=0.12 sys=0.00, real=0.03 secs] 
2024-10-09T21:28:55.770+0300: 744.974: Total time for which application threads were stopped: 0.0261473 seconds, Stopping threads took: 0.0004713 seconds
2024-10-09T21:28:55.942+0300: 745.148: Application time: 0.1748739 seconds
2024-10-09T21:28:55.942+0300: 745.149: [GC (Allocation Failure) 2024-10-09T21:28:55.942+0300: 745.149: [ParNew: 458278K->51072K(460096K), 0.0256277 secs] 3508350K->3115131K(4143232K), 0.0257159 secs] [Times: user=0.02 sys=0.00, real=0.02 secs] 
2024-10-09T21:28:55.958+0300: 745.174: Total time for which application threads were stopped: 0.0259672 seconds, Stopping threads took: 0.0001268 seconds
2024-10-09T21:28:56.142+0300: 745.348: Application time: 0.1739694 seconds
2024-10-09T21:28:56.142+0300: 745.349: [GC (Allocation Failure) 2024-10-09T21:28:56.142+0300: 745.349: [ParNew: 460096K->51072K(460096K), 0.0243512 secs] 3524155K->3132347K(4143232K), 0.0244374 secs] [Times: user=0.02 sys=0.00, real=0.02 secs] 
2024-10-09T21:28:56.162+0300: 745.373: Total time for which application threads were stopped: 0.0247264 seconds, Stopping threads took: 0.0001686 seconds
2024-10-09T21:28:56.351+0300: 745.557: Application time: 0.1836974 seconds
2024-10-09T21:28:56.351+0300: 745.557: [GC (Allocation Failure) 2024-10-09T21:28:56.351+0300: 745.557: [ParNew: 460096K->51072K(460096K), 0.0286137 secs] 3541371K->3153485K(4143232K), 0.0287095 secs] [Times: user=0.09 sys=0.00, real=0.03 secs] 
2024-10-09T21:28:56.382+0300: 745.586: Total time for which application threads were stopped: 0.0289910 seconds, Stopping threads took: 0.0001216 seconds
2024-10-09T21:28:56.555+0300: 745.760: Application time: 0.1740290 seconds
2024-10-09T21:28:56.555+0300: 745.760: [GC (Allocation Failure) 2024-10-09T21:28:56.555+0300: 745.760: [ParNew: 460096K->48499K(460096K), 0.0258428 secs] 3562509K->3167962K(4143232K), 0.0259370 secs] [Times: user=0.01 sys=0.00, real=0.02 secs] 
2024-10-09T21:28:56.571+0300: 745.786: Total time for which application threads were stopped: 0.0261893 seconds, Stopping threads took: 0.0001258 seconds
2024-10-09T21:28:56.759+0300: 745.972: Application time: 0.1861373 seconds
2024-10-09T21:28:56.759+0300: 745.972: [GC (Allocation Failure) 2024-10-09T21:28:56.759+0300: 745.972: [ParNew: 457523K->51072K(460096K), 0.0237326 secs] 3576986K->3185346K(4143232K), 0.0238194 secs] [Times: user=0.02 sys=0.00, real=0.03 secs] 
2024-10-09T21:28:56.791+0300: 745.996: Total time for which application threads were stopped: 0.0240906 seconds, Stopping threads took: 0.0001513 seconds
2024-10-09T21:28:56.964+0300: 746.172: Application time: 0.1755570 seconds
2024-10-09T21:28:56.964+0300: 746.172: [GC (Allocation Failure) 2024-10-09T21:28:56.964+0300: 746.172: [ParNew: 460096K->51072K(460096K), 0.0256187 secs] 3594370K->3199350K(4143232K), 0.0256987 secs] [Times: user=0.02 sys=0.00, real=0.02 secs] 
2024-10-09T21:28:56.980+0300: 746.198: Total time for which application threads were stopped: 0.0259689 seconds, Stopping threads took: 0.0001482 seconds
2024-10-09T21:28:57.152+0300: 746.366: Application time: 0.1685654 seconds
2024-10-09T21:28:57.152+0300: 746.367: [GC (Allocation Failure) 2024-10-09T21:28:57.152+0300: 746.367: [ParNew: 460096K->40827K(460096K), 0.0274092 secs] 3608374K->3216361K(4143232K), 0.0275084 secs] [Times: user=0.03 sys=0.00, real=0.03 secs] 
2024-10-09T21:28:57.184+0300: 746.394: Total time for which application threads were stopped: 0.0277990 seconds, Stopping threads took: 0.0001581 seconds
2024-10-09T21:28:57.372+0300: 746.584: Application time: 0.1899377 seconds
2024-10-09T21:28:57.372+0300: 746.584: [GC (Allocation Failure) 2024-10-09T21:28:57.372+0300: 746.584: [ParNew: 449851K->51072K(460096K), 0.0231405 secs] 3625385K->3230005K(4143232K), 0.0232212 secs] [Times: user=0.03 sys=0.00, real=0.03 secs] 
2024-10-09T21:28:57.403+0300: 746.608: Total time for which application threads were stopped: 0.0234775 seconds, Stopping threads took: 0.0001272 seconds
2024-10-09T21:28:57.576+0300: 746.790: Application time: 0.1825158 seconds
2024-10-09T21:28:57.576+0300: 746.790: [GC (Allocation Failure) 2024-10-09T21:28:57.576+0300: 746.790: [ParNew: 460096K->51072K(460096K), 0.0310985 secs] 3639029K->3253756K(4143232K), 0.0311984 secs] [Times: user=0.05 sys=0.00, real=0.03 secs] 
2024-10-09T21:28:57.607+0300: 746.822: Total time for which application threads were stopped: 0.0315456 seconds, Stopping threads took: 0.0001736 seconds
2024-10-09T21:28:57.780+0300: 746.996: Application time: 0.1742979 seconds
2024-10-09T21:28:57.780+0300: 746.996: [GC (Allocation Failure) 2024-10-09T21:28:57.780+0300: 746.996: [ParNew: 460096K->48301K(460096K), 0.0256625 secs] 3662780K->3272278K(4143232K), 0.0257612 secs] [Times: user=0.03 sys=0.00, real=0.03 secs] 
2024-10-09T21:28:57.811+0300: 747.022: Total time for which application threads were stopped: 0.0260340 seconds, Stopping threads took: 0.0001463 seconds
2024-10-09T21:28:57.984+0300: 747.197: Application time: 0.1750295 seconds
2024-10-09T21:28:57.984+0300: 747.197: [GC (Allocation Failure) 2024-10-09T21:28:57.984+0300: 747.197: [ParNew: 457325K->51072K(460096K), 0.0249116 secs] 3681302K->3289775K(4143232K), 0.0249961 secs] [Times: user=0.03 sys=0.00, real=0.03 secs] 
2024-10-09T21:28:58.015+0300: 747.222: Total time for which application threads were stopped: 0.0252684 seconds, Stopping threads took: 0.0001478 seconds
2024-10-09T21:28:58.188+0300: 747.406: Application time: 0.1837631 seconds
2024-10-09T21:28:58.188+0300: 747.406: [GC (Allocation Failure) 2024-10-09T21:28:58.188+0300: 747.406: [ParNew: 460096K->51072K(460096K), 0.0240620 secs] 3698799K->3301198K(4143232K), 0.0241458 secs] [Times: user=0.03 sys=0.00, real=0.03 secs] 
2024-10-09T21:28:58.219+0300: 747.430: Total time for which application threads were stopped: 0.0244588 seconds, Stopping threads took: 0.0001743 seconds
2024-10-09T21:28:58.408+0300: 747.613: Application time: 0.1821284 seconds
2024-10-09T21:28:58.408+0300: 747.613: [GC (Allocation Failure) 2024-10-09T21:28:58.408+0300: 747.613: [ParNew: 460096K->51072K(460096K), 0.0266109 secs] 3710222K->3321724K(4143232K), 0.0266957 secs] [Times: user=0.01 sys=0.00, real=0.02 secs] 
2024-10-09T21:28:58.423+0300: 747.640: Total time for which application threads were stopped: 0.0269617 seconds, Stopping threads took: 0.0001437 seconds
2024-10-09T21:28:58.596+0300: 747.811: Application time: 0.1710394 seconds
2024-10-09T21:28:58.596+0300: 747.811: [GC (Allocation Failure) 2024-10-09T21:28:58.596+0300: 747.811: [ParNew: 460096K->51072K(460096K), 0.0248179 secs] 3730748K->3338046K(4143232K), 0.0249141 secs] [Times: user=0.16 sys=0.00, real=0.03 secs] 
2024-10-09T21:28:58.627+0300: 747.836: Total time for which application threads were stopped: 0.0252527 seconds, Stopping threads took: 0.0001759 seconds
2024-10-09T21:28:58.816+0300: 748.019: Application time: 0.1834080 seconds
2024-10-09T21:28:58.816+0300: 748.019: [GC (Allocation Failure) 2024-10-09T21:28:58.816+0300: 748.020: [ParNew: 460096K->51072K(460096K), 0.0250094 secs] 3747070K->3355515K(4143232K), 0.0250968 secs] [Times: user=0.02 sys=0.00, real=0.02 secs] 
2024-10-09T21:28:58.831+0300: 748.045: Total time for which application threads were stopped: 0.0253748 seconds, Stopping threads took: 0.0001529 seconds
2024-10-09T21:28:59.020+0300: 748.237: Application time: 0.1928500 seconds
2024-10-09T21:28:59.020+0300: 748.238: [GC (Allocation Failure) 2024-10-09T21:28:59.020+0300: 748.238: [ParNew: 460096K->51072K(460096K), 0.0265235 secs] 3764539K->3374239K(4143232K), 0.0266169 secs] [Times: user=0.03 sys=0.00, real=0.03 secs] 
2024-10-09T21:28:59.051+0300: 748.264: Total time for which application threads were stopped: 0.0269012 seconds, Stopping threads took: 0.0001561 seconds
2024-10-09T21:28:59.224+0300: 748.433: Application time: 0.1686920 seconds
2024-10-09T21:28:59.224+0300: 748.433: [GC (Allocation Failure) 2024-10-09T21:28:59.224+0300: 748.433: [ParNew: 460096K->51072K(460096K), 0.0248218 secs] 3783263K->3387290K(4143232K), 0.0249012 secs] [Times: user=0.02 sys=0.00, real=0.03 secs] 
2024-10-09T21:28:59.249+0300: 748.458: Total time for which application threads were stopped: 0.0251844 seconds, Stopping threads took: 0.0001554 seconds
2024-10-09T21:28:59.427+0300: 748.633: Application time: 0.1749164 seconds
2024-10-09T21:28:59.427+0300: 748.633: [GC (Allocation Failure) 2024-10-09T21:28:59.427+0300: 748.633: [ParNew: 460096K->44092K(460096K), 0.0295890 secs] 3796314K->3409141K(4143232K), 0.0296763 secs] [Times: user=0.05 sys=0.00, real=0.03 secs] 
2024-10-09T21:28:59.459+0300: 748.663: Total time for which application threads were stopped: 0.0299578 seconds, Stopping threads took: 0.0001533 seconds
2024-10-09T21:28:59.459+0300: 748.663: Application time: 0.0001585 seconds
2024-10-09T21:28:59.459+0300: 748.663: [GC (CMS Initial Mark) [1 CMS-initial-mark: 3365049K(3683136K)] 3417260K(4143232K), 0.0040719 secs] [Times: user=0.00 sys=0.00, real=0.00 secs] 
2024-10-09T21:28:59.459+0300: 748.668: Total time for which application threads were stopped: 0.0043269 seconds, Stopping threads took: 0.0001370 seconds
2024-10-09T21:28:59.459+0300: 748.668: [CMS-concurrent-mark-start]
2024-10-09T21:28:59.474+0300: 748.689: [CMS-concurrent-mark: 0.021/0.021 secs] [Times: user=0.01 sys=0.00, real=0.01 secs] 
2024-10-09T21:28:59.474+0300: 748.689: [CMS-concurrent-preclean-start]
2024-10-09T21:28:59.490+0300: 748.693: [CMS-concurrent-preclean: 0.004/0.004 secs] [Times: user=0.02 sys=0.00, real=0.02 secs] 
2024-10-09T21:28:59.490+0300: 748.693: [CMS-concurrent-abortable-preclean-start]
2024-10-09T21:28:59.692+0300: 748.895: Application time: 0.2272823 seconds
2024-10-09T21:28:59.692+0300: 748.895: [GC (Allocation Failure) 2024-10-09T21:28:59.692+0300: 748.895: [ParNew: 453116K->46733K(460096K), 0.0276450 secs] 3818165K->3427890K(4143232K), 0.0277390 secs] [Times: user=0.01 sys=0.00, real=0.02 secs] 
2024-10-09T21:28:59.710+0300: 748.923: Total time for which application threads were stopped: 0.0280125 seconds, Stopping threads took: 0.0001354 seconds
2024-10-09T21:28:59.914+0300: 749.129: Application time: 0.2059298 seconds
2024-10-09T21:28:59.914+0300: 749.129: [GC (Allocation Failure) 2024-10-09T21:28:59.914+0300: 749.129: [ParNew: 455757K->51072K(460096K), 0.0306861 secs] 3836914K->3455608K(4143232K), 0.0307791 secs] [Times: user=0.05 sys=0.00, real=0.04 secs] 
2024-10-09T21:28:59.957+0300: 749.160: Total time for which application threads were stopped: 0.0310605 seconds, Stopping threads took: 0.0001378 seconds
2024-10-09T21:28:59.957+0300: 749.160: [CMS-concurrent-abortable-preclean: 0.407/0.467 secs] [Times: user=2.59 sys=0.00, real=0.47 secs] 
2024-10-09T21:28:59.977+0300: 749.195: Application time: 0.0349486 seconds
2024-10-09T21:28:59.992+0300: 749.196: [GC (CMS Final Remark) [YG occupancy: 151237 K (460096 K)]2024-10-09T21:28:59.992+0300: 749.196: [Rescan (parallel) , 0.0186310 secs]2024-10-09T21:29:00.008+0300: 749.214: [weak refs processing, 0.0000223 secs]2024-10-09T21:29:00.008+0300: 749.214: [class unloading, 0.0024997 secs]2024-10-09T21:29:00.008+0300: 749.217: [scrub symbol table, 0.0011017 secs]2024-10-09T21:29:00.008+0300: 749.218: [scrub string table, 0.0002413 secs][1 CMS-remark: 3404536K(3683136K)] 3555773K(4143232K), 0.0226751 secs] [Times: user=0.09 sys=0.00, real=0.02 secs] 
2024-10-09T21:29:00.008+0300: 749.218: Total time for which application threads were stopped: 0.0233515 seconds, Stopping threads took: 0.0005609 seconds
2024-10-09T21:29:00.008+0300: 749.218: [CMS-concurrent-sweep-start]
2024-10-09T21:29:00.181+0300: 749.392: Application time: 0.1741859 seconds
2024-10-09T21:29:00.181+0300: 749.393: [GC (Allocation Failure) 2024-10-09T21:29:00.181+0300: 749.393: [ParNew: 460096K->51072K(460096K), 0.0265920 secs] 3521485K->3125850K(4143232K), 0.0266850 secs] [Times: user=0.06 sys=0.00, real=0.03 secs] 
2024-10-09T21:29:00.212+0300: 749.419: Total time for which application threads were stopped: 0.0270263 seconds, Stopping threads took: 0.0002103 seconds
2024-10-09T21:29:00.400+0300: 749.616: Application time: 0.1963623 seconds
2024-10-09T21:29:00.400+0300: 749.616: [GC (Allocation Failure) 2024-10-09T21:29:00.400+0300: 749.616: [ParNew: 460096K->48219K(460096K), 0.0284795 secs] 3154324K->2767623K(4143232K), 0.0285742 secs] [Times: user=0.06 sys=0.00, real=0.03 secs] 
2024-10-09T21:29:00.432+0300: 749.645: Total time for which application threads were stopped: 0.0288709 seconds, Stopping threads took: 0.0001662 seconds
2024-10-09T21:29:00.667+0300: 749.878: Application time: 0.2330178 seconds
2024-10-09T21:29:00.667+0300: 749.878: [GC (Allocation Failure) 2024-10-09T21:29:00.667+0300: 749.878: [ParNew: 457243K->51072K(460096K), 0.0230500 secs] 2733976K->2337999K(4143232K), 0.0231533 secs] [Times: user=0.02 sys=0.00, real=0.02 secs] 
2024-10-09T21:29:00.683+0300: 749.901: Total time for which application threads were stopped: 0.0235048 seconds, Stopping threads took: 0.0001636 seconds
2024-10-09T21:29:00.903+0300: 750.111: Application time: 0.2097025 seconds
2024-10-09T21:29:00.903+0300: 750.111: [GC (Allocation Failure) 2024-10-09T21:29:00.903+0300: 750.111: [ParNew: 460096K->51072K(460096K), 0.0275124 secs] 2354157K->1964580K(4143232K), 0.0276189 secs] [Times: user=0.11 sys=0.00, real=0.03 secs] 
2024-10-09T21:29:00.934+0300: 750.139: Total time for which application threads were stopped: 0.0280393 seconds, Stopping threads took: 0.0002337 seconds
2024-10-09T21:29:01.138+0300: 750.350: Application time: 0.2115056 seconds
2024-10-09T21:29:01.138+0300: 750.351: [GC (Allocation Failure) 2024-10-09T21:29:01.138+0300: 750.351: [ParNew: 460096K->51072K(460096K), 0.0285962 secs] 1958233K->1570940K(4143232K), 0.0286864 secs] [Times: user=0.05 sys=0.00, real=0.03 secs] 
2024-10-09T21:29:01.170+0300: 750.380: Total time for which application threads were stopped: 0.0290446 seconds, Stopping threads took: 0.0001921 seconds
2024-10-09T21:29:01.389+0300: 750.593: Application time: 0.2136080 seconds
2024-10-09T21:29:01.389+0300: 750.594: [GC (Allocation Failure) 2024-10-09T21:29:01.389+0300: 750.594: [ParNew: 460096K->51072K(460096K), 0.0243045 secs] 1575677K->1183254K(4143232K), 0.0243992 secs] [Times: user=0.17 sys=0.00, real=0.03 secs] 
2024-10-09T21:29:01.414+0300: 750.618: Total time for which application threads were stopped: 0.0249401 seconds, Stopping threads took: 0.0003862 seconds
2024-10-09T21:29:01.640+0300: 750.844: Application time: 0.2258820 seconds
2024-10-09T21:29:01.640+0300: 750.844: [GC (Allocation Failure) 2024-10-09T21:29:01.640+0300: 750.844: [ParNew: 460096K->51072K(460096K), 0.0245034 secs] 1153928K->756667K(4143232K), 0.0246000 secs] [Times: user=0.03 sys=0.00, real=0.02 secs] 
2024-10-09T21:29:01.656+0300: 750.869: Total time for which application threads were stopped: 0.0248912 seconds, Stopping threads took: 0.0001357 seconds
2024-10-09T21:29:01.876+0300: 751.082: Application time: 0.2129538 seconds
2024-10-09T21:29:01.876+0300: 751.082: [GC (Allocation Failure) 2024-10-09T21:29:01.876+0300: 751.082: [ParNew: 460096K->51072K(460096K), 0.0324521 secs] 763014K->385087K(4143232K), 0.0325360 secs] [Times: user=0.02 sys=0.00, real=0.03 secs] 
2024-10-09T21:29:01.907+0300: 751.115: Total time for which application threads were stopped: 0.0327774 seconds, Stopping threads took: 0.0001208 seconds
2024-10-09T21:29:01.954+0300: 751.173: [CMS-concurrent-sweep: 1.735/1.954 secs] [Times: user=10.20 sys=0.00, real=1.95 secs] 
2024-10-09T21:29:01.954+0300: 751.173: [CMS-concurrent-reset-start]
2024-10-09T21:29:01.970+0300: 751.181: [CMS-concurrent-reset: 0.008/0.008 secs] [Times: user=0.09 sys=0.00, real=0.02 secs] 
2024-10-09T21:29:02.095+0300: 751.302: Application time: 0.1872152 seconds
2024-10-09T21:29:02.095+0300: 751.302: [GC (Allocation Failure) 2024-10-09T21:29:02.095+0300: 751.302: [ParNew: 460096K->51072K(460096K), 0.0243680 secs] 690185K->297317K(4143232K), 0.0244573 secs] [Times: user=0.02 sys=0.00, real=0.02 secs] 
2024-10-09T21:29:02.111+0300: 751.327: Total time for which application threads were stopped: 0.0247243 seconds, Stopping threads took: 0.0001382 seconds
2024-10-09T21:29:02.299+0300: 751.507: Application time: 0.1808989 seconds
2024-10-09T21:29:02.299+0300: 751.508: [GC (Allocation Failure) 2024-10-09T21:29:02.299+0300: 751.508: [ParNew: 460096K->51072K(460096K), 0.0231406 secs] 706341K->307907K(4143232K), 0.0232228 secs] [Times: user=0.02 sys=0.00, real=0.02 secs] 
2024-10-09T21:29:02.315+0300: 751.531: Total time for which application threads were stopped: 0.0235246 seconds, Stopping threads took: 0.0001484 seconds
2024-10-09T21:29:02.504+0300: 751.707: Application time: 0.1763581 seconds
2024-10-09T21:29:02.504+0300: 751.708: [GC (Allocation Failure) 2024-10-09T21:29:02.504+0300: 751.708: [ParNew: 460096K->51072K(460096K), 0.0308766 secs] 716931K->340200K(4143232K), 0.0309685 secs] [Times: user=0.03 sys=0.00, real=0.03 secs] 
2024-10-09T21:29:02.535+0300: 751.739: Total time for which application threads were stopped: 0.0312255 seconds, Stopping threads took: 0.0001353 seconds
2024-10-09T21:29:02.723+0300: 751.928: Application time: 0.1894634 seconds
2024-10-09T21:29:02.723+0300: 751.928: [GC (Allocation Failure) 2024-10-09T21:29:02.723+0300: 751.928: [ParNew: 460096K->51072K(460096K), 0.0231328 secs] 749224K->350246K(4143232K), 0.0232230 secs] [Times: user=0.02 sys=0.00, real=0.02 secs] 
2024-10-09T21:29:02.739+0300: 751.952: Total time for which application threads were stopped: 0.0235247 seconds, Stopping threads took: 0.0001504 seconds
2024-10-09T21:29:02.912+0300: 752.128: Application time: 0.1769563 seconds
2024-10-09T21:29:02.912+0300: 752.129: [GC (Allocation Failure) 2024-10-09T21:29:02.912+0300: 752.129: [ParNew: 460096K->51072K(460096K), 0.0236859 secs] 759270K->364650K(4143232K), 0.0237603 secs] [Times: user=0.03 sys=0.00, real=0.03 secs] 
2024-10-09T21:29:02.943+0300: 752.152: Total time for which application threads were stopped: 0.0240063 seconds, Stopping threads took: 0.0001290 seconds
2024-10-09T21:29:03.116+0300: 752.329: Application time: 0.1769424 seconds
2024-10-09T21:29:03.116+0300: 752.330: [GC (Allocation Failure) 2024-10-09T21:29:03.116+0300: 752.330: [ParNew: 460096K->51072K(460096K), 0.0260078 secs] 773674K->384378K(4143232K), 0.0260951 secs] [Times: user=0.02 sys=0.00, real=0.03 secs] 
2024-10-09T21:29:03.147+0300: 752.356: Total time for which application threads were stopped: 0.0263385 seconds, Stopping threads took: 0.0001212 seconds
2024-10-09T21:29:03.320+0300: 752.534: Application time: 0.1785543 seconds
2024-10-09T21:29:03.320+0300: 752.535: [GC (Allocation Failure) 2024-10-09T21:29:03.320+0300: 752.535: [ParNew: 460096K->51072K(460096K), 0.0280257 secs] 793402K->405840K(4143232K), 0.0281106 secs] [Times: user=0.05 sys=0.00, real=0.04 secs] 
2024-10-09T21:29:03.357+0300: 752.563: Total time for which application threads were stopped: 0.0283870 seconds, Stopping threads took: 0.0001459 seconds
2024-10-09T21:29:03.524+0300: 752.740: Application time: 0.1774537 seconds
2024-10-09T21:29:03.524+0300: 752.740: [GC (Allocation Failure) 2024-10-09T21:29:03.524+0300: 752.740: [ParNew: 460096K->51072K(460096K), 0.0253794 secs] 814864K->423608K(4143232K), 0.0254643 secs] [Times: user=0.03 sys=0.00, real=0.03 secs] 
2024-10-09T21:29:03.558+0300: 752.766: Total time for which application threads were stopped: 0.0257273 seconds, Stopping threads took: 0.0001377 seconds
2024-10-09T21:29:03.743+0300: 752.954: Application time: 0.1876197 seconds
2024-10-09T21:29:03.743+0300: 752.954: [GC (Allocation Failure) 2024-10-09T21:29:03.743+0300: 752.954: [ParNew: 460096K->51072K(460096K), 0.0276573 secs] 832632K->442942K(4143232K), 0.0277500 secs] [Times: user=0.06 sys=0.00, real=0.03 secs] 
2024-10-09T21:29:03.775+0300: 752.982: Total time for which application threads were stopped: 0.0281409 seconds, Stopping threads took: 0.0002577 seconds
2024-10-09T21:29:03.947+0300: 753.151: Application time: 0.1696842 seconds
2024-10-09T21:29:03.947+0300: 753.152: [GC (Allocation Failure) 2024-10-09T21:29:03.947+0300: 753.152: [ParNew: 460096K->51072K(460096K), 0.0289787 secs] 851966K->468896K(4143232K), 0.0290678 secs] [Times: user=0.02 sys=0.00, real=0.02 secs] 
2024-10-09T21:29:03.963+0300: 753.181: Total time for which application threads were stopped: 0.0293180 seconds, Stopping threads took: 0.0001290 seconds
2024-10-09T21:29:04.159+0300: 753.364: Application time: 0.1828324 seconds
2024-10-09T21:29:04.159+0300: 753.364: [GC (Allocation Failure) 2024-10-09T21:29:04.159+0300: 753.364: [ParNew: 460096K->47857K(460096K), 0.0262902 secs] 877920K->486742K(4143232K), 0.0263870 secs] [Times: user=0.02 sys=0.00, real=0.02 secs] 
2024-10-09T21:29:04.183+0300: 753.390: Total time for which application threads were stopped: 0.0266494 seconds, Stopping threads took: 0.0001344 seconds
2024-10-09T21:29:04.360+0300: 753.572: Application time: 0.1813505 seconds
2024-10-09T21:29:04.360+0300: 753.572: [GC (Allocation Failure) 2024-10-09T21:29:04.360+0300: 753.572: [ParNew: 456881K->51072K(460096K), 0.0243471 secs] 895766K->501580K(4143232K), 0.0244291 secs] [Times: user=0.06 sys=0.00, real=0.03 secs] 
2024-10-09T21:29:04.387+0300: 753.596: Total time for which application threads were stopped: 0.0247226 seconds, Stopping threads took: 0.0001630 seconds
2024-10-09T21:29:04.560+0300: 753.770: Application time: 0.1737006 seconds
2024-10-09T21:29:04.560+0300: 753.770: [GC (Allocation Failure) 2024-10-09T21:29:04.560+0300: 753.770: [ParNew: 460096K->51072K(460096K), 0.0334956 secs] 910604K->531465K(4143232K), 0.0335841 secs] [Times: user=0.03 sys=0.00, real=0.03 secs] 
2024-10-09T21:29:04.591+0300: 753.804: Total time for which application threads were stopped: 0.0338733 seconds, Stopping threads took: 0.0001647 seconds
2024-10-09T21:29:04.780+0300: 753.984: Application time: 0.1805938 seconds
2024-10-09T21:29:04.780+0300: 753.985: [GC (Allocation Failure) 2024-10-09T21:29:04.780+0300: 753.985: [ParNew: 460096K->51072K(460096K), 0.0268679 secs] 940489K->557239K(4143232K), 0.0269555 secs] [Times: user=0.02 sys=0.00, real=0.02 secs] 
2024-10-09T21:29:04.796+0300: 754.012: Total time for which application threads were stopped: 0.0272317 seconds, Stopping threads took: 0.0001549 seconds
2024-10-09T21:29:04.984+0300: 754.202: Application time: 0.1898827 seconds
2024-10-09T21:29:04.984+0300: 754.202: [GC (Allocation Failure) 2024-10-09T21:29:04.984+0300: 754.202: [ParNew: 460096K->51072K(460096K), 0.0242968 secs] 966263K->569985K(4143232K), 0.0243892 secs] [Times: user=0.03 sys=0.00, real=0.03 secs] 
2024-10-09T21:29:05.015+0300: 754.226: Total time for which application threads were stopped: 0.0246852 seconds, Stopping threads took: 0.0001379 seconds
2024-10-09T21:29:05.188+0300: 754.402: Application time: 0.1759724 seconds
2024-10-09T21:29:05.188+0300: 754.402: [GC (Allocation Failure) 2024-10-09T21:29:05.188+0300: 754.402: [ParNew: 460096K->51072K(460096K), 0.0247578 secs] 979009K->584427K(4143232K), 0.0248393 secs] [Times: user=0.03 sys=0.00, real=0.03 secs] 
2024-10-09T21:29:05.219+0300: 754.427: Total time for which application threads were stopped: 0.0251136 seconds, Stopping threads took: 0.0001542 seconds
2024-10-09T21:29:05.392+0300: 754.598: Application time: 0.1706967 seconds
2024-10-09T21:29:05.392+0300: 754.598: [GC (Allocation Failure) 2024-10-09T21:29:05.392+0300: 754.598: [ParNew: 460096K->51072K(460096K), 0.0291866 secs] 993451K->612225K(4143232K), 0.0292728 secs] [Times: user=0.05 sys=0.00, real=0.03 secs] 
2024-10-09T21:29:05.423+0300: 754.628: Total time for which application threads were stopped: 0.0295389 seconds, Stopping threads took: 0.0001340 seconds
2024-10-09T21:29:05.596+0300: 754.809: Application time: 0.1815725 seconds
2024-10-09T21:29:05.596+0300: 754.809: [GC (Allocation Failure) 2024-10-09T21:29:05.596+0300: 754.809: [ParNew: 460096K->51072K(460096K), 0.0247985 secs] 1021249K->628164K(4143232K), 0.0248958 secs] [Times: user=0.06 sys=0.00, real=0.03 secs] 
2024-10-09T21:29:05.627+0300: 754.834: Total time for which application threads were stopped: 0.0252278 seconds, Stopping threads took: 0.0001776 seconds
2024-10-09T21:29:05.804+0300: 755.017: Application time: 0.1830387 seconds
2024-10-09T21:29:05.804+0300: 755.018: [GC (Allocation Failure) 2024-10-09T21:29:05.804+0300: 755.018: [ParNew: 460096K->51072K(460096K), 0.0252604 secs] 1037188K->642821K(4143232K), 0.0253485 secs] [Times: user=0.03 sys=0.00, real=0.03 secs] 
2024-10-09T21:29:05.832+0300: 755.043: Total time for which application threads were stopped: 0.0256169 seconds, Stopping threads took: 0.0001423 seconds
2024-10-09T21:29:06.004+0300: 755.216: Application time: 0.1734129 seconds
2024-10-09T21:29:06.004+0300: 755.217: [GC (Allocation Failure) 2024-10-09T21:29:06.004+0300: 755.217: [ParNew: 460096K->46127K(460096K), 0.0315358 secs] 1051845K->668461K(4143232K), 0.0316848 secs] [Times: user=0.06 sys=0.00, real=0.03 secs] 
2024-10-09T21:29:06.035+0300: 755.248: Total time for which application threads were stopped: 0.0319603 seconds, Stopping threads took: 0.0001519 seconds
2024-10-09T21:29:06.223+0300: 755.430: Application time: 0.1813189 seconds
2024-10-09T21:29:06.223+0300: 755.430: [GC (Allocation Failure) 2024-10-09T21:29:06.223+0300: 755.430: [ParNew: 455151K->45921K(460096K), 0.0243675 secs] 1077485K->687716K(4143232K), 0.0244572 secs] [Times: user=0.01 sys=0.00, real=0.02 secs] 
2024-10-09T21:29:06.239+0300: 755.454: Total time for which application threads were stopped: 0.0247436 seconds, Stopping threads took: 0.0001385 seconds
2024-10-09T21:29:06.428+0300: 755.635: Application time: 0.1808686 seconds
2024-10-09T21:29:06.428+0300: 755.636: [GC (Allocation Failure) 2024-10-09T21:29:06.428+0300: 755.636: [ParNew: 454945K->51072K(460096K), 0.0225741 secs] 1096740K->701729K(4143232K), 0.0226593 secs] [Times: user=0.02 sys=0.00, real=0.02 secs] 
2024-10-09T21:29:06.444+0300: 755.658: Total time for which application threads were stopped: 0.0229187 seconds, Stopping threads took: 0.0001331 seconds
2024-10-09T21:29:06.631+0300: 755.836: Application time: 0.1775205 seconds
2024-10-09T21:29:06.631+0300: 755.836: [GC (Allocation Failure) 2024-10-09T21:29:06.631+0300: 755.836: [ParNew: 460096K->51072K(460096K), 0.0277298 secs] 1110753K->724505K(4143232K), 0.0278250 secs] [Times: user=0.03 sys=0.00, real=0.02 secs] 
2024-10-09T21:29:06.647+0300: 755.864: Total time for which application threads were stopped: 0.0280719 seconds, Stopping threads took: 0.0001036 seconds
2024-10-09T21:29:06.835+0300: 756.041: Application time: 0.1775093 seconds
2024-10-09T21:29:06.835+0300: 756.042: [GC (Allocation Failure) 2024-10-09T21:29:06.835+0300: 756.042: [ParNew: 460096K->51072K(460096K), 0.0239121 secs] 1133529K->738957K(4143232K), 0.0240101 secs] [Times: user=0.02 sys=0.00, real=0.02 secs] 
2024-10-09T21:29:06.851+0300: 756.066: Total time for which application threads were stopped: 0.0242331 seconds, Stopping threads took: 0.0000979 seconds
2024-10-09T21:29:07.039+0300: 756.247: Application time: 0.1810256 seconds
2024-10-09T21:29:07.039+0300: 756.247: [GC (Allocation Failure) 2024-10-09T21:29:07.039+0300: 756.247: [ParNew: 460096K->51072K(460096K), 0.0309736 secs] 1147981K->765651K(4143232K), 0.0310568 secs] [Times: user=0.03 sys=0.00, real=0.03 secs] 
2024-10-09T21:29:07.071+0300: 756.278: Total time for which application threads were stopped: 0.0313476 seconds, Stopping threads took: 0.0001660 seconds
2024-10-09T21:29:07.243+0300: 756.455: Application time: 0.1765762 seconds
2024-10-09T21:29:07.243+0300: 756.455: [GC (Allocation Failure) 2024-10-09T21:29:07.243+0300: 756.455: [ParNew: 460096K->51072K(460096K), 0.0243787 secs] 1174675K->780997K(4143232K), 0.0244644 secs] [Times: user=0.03 sys=0.00, real=0.03 secs] 
2024-10-09T21:29:07.275+0300: 756.479: Total time for which application threads were stopped: 0.0247184 seconds, Stopping threads took: 0.0001301 seconds
2024-10-09T21:29:07.448+0300: 756.656: Application time: 0.1766116 seconds
2024-10-09T21:29:07.448+0300: 756.656: [GC (Allocation Failure) 2024-10-09T21:29:07.448+0300: 756.656: [ParNew: 460096K->51072K(460096K), 0.0248503 secs] 1190021K->796342K(4143232K), 0.0249388 secs] [Times: user=0.02 sys=0.00, real=0.02 secs] 
2024-10-09T21:29:07.466+0300: 756.681: Total time for which application threads were stopped: 0.0252781 seconds, Stopping threads took: 0.0002017 seconds
2024-10-09T21:29:07.652+0300: 756.859: Application time: 0.1781372 seconds
2024-10-09T21:29:07.652+0300: 756.860: [GC (Allocation Failure) 2024-10-09T21:29:07.652+0300: 756.860: [ParNew: 460096K->51072K(460096K), 0.0284533 secs] 1205366K->818603K(4143232K), 0.0285410 secs] [Times: user=0.02 sys=0.00, real=0.03 secs] 
2024-10-09T21:29:07.684+0300: 756.888: Total time for which application threads were stopped: 0.0288243 seconds, Stopping threads took: 0.0001367 seconds
2024-10-09T21:29:07.856+0300: 757.067: Application time: 0.1786017 seconds
2024-10-09T21:29:07.856+0300: 757.067: [GC (Allocation Failure) 2024-10-09T21:29:07.856+0300: 757.067: [ParNew: 460096K->50054K(460096K), 0.0309876 secs] 1227627K->845159K(4143232K), 0.0310726 secs] [Times: user=0.03 sys=0.00, real=0.04 secs] 
2024-10-09T21:29:07.894+0300: 757.098: Total time for which application threads were stopped: 0.0313261 seconds, Stopping threads took: 0.0001352 seconds
2024-10-09T21:29:08.076+0300: 757.283: Application time: 0.1844765 seconds
2024-10-09T21:29:08.076+0300: 757.283: [GC (Allocation Failure) 2024-10-09T21:29:08.076+0300: 757.283: [ParNew: 459078K->51072K(460096K), 0.0247078 secs] 1254183K->860384K(4143232K), 0.0247917 secs] [Times: user=0.02 sys=0.00, real=0.02 secs] 
2024-10-09T21:29:08.092+0300: 757.308: Total time for which application threads were stopped: 0.0250655 seconds, Stopping threads took: 0.0001541 seconds
2024-10-09T21:29:08.267+0300: 757.476: Application time: 0.1682187 seconds
2024-10-09T21:29:08.267+0300: 757.476: [GC (Allocation Failure) 2024-10-09T21:29:08.267+0300: 757.476: [ParNew: 460096K->51072K(460096K), 0.0260847 secs] 1269408K->879936K(4143232K), 0.0261720 secs] [Times: user=0.02 sys=0.00, real=0.03 secs] 
2024-10-09T21:29:08.296+0300: 757.502: Total time for which application threads were stopped: 0.0264194 seconds, Stopping threads took: 0.0001251 seconds
2024-10-09T21:29:08.469+0300: 757.679: Application time: 0.1768758 seconds
2024-10-09T21:29:08.469+0300: 757.679: [GC (Allocation Failure) 2024-10-09T21:29:08.469+0300: 757.679: [ParNew: 460096K->51072K(460096K), 0.0236288 secs] 1288960K->896952K(4143232K), 0.0237160 secs] [Times: user=0.01 sys=0.00, real=0.02 secs] 
2024-10-09T21:29:08.485+0300: 757.703: Total time for which application threads were stopped: 0.0239798 seconds, Stopping threads took: 0.0001333 seconds
2024-10-09T21:29:08.689+0300: 757.901: Application time: 0.1976965 seconds
2024-10-09T21:29:08.689+0300: 757.901: [GC (Allocation Failure) 2024-10-09T21:29:08.689+0300: 757.901: [ParNew: 460096K->51072K(460096K), 0.0237040 secs] 1305976K->908981K(4143232K), 0.0237940 secs] [Times: user=0.02 sys=0.00, real=0.03 secs] 
2024-10-09T21:29:08.720+0300: 757.925: Total time for which application threads were stopped: 0.0240840 seconds, Stopping threads took: 0.0001397 seconds
2024-10-09T21:29:08.877+0300: 758.095: Application time: 0.1704999 seconds
2024-10-09T21:29:08.877+0300: 758.096: [GC (Allocation Failure) 2024-10-09T21:29:08.877+0300: 758.096: [ParNew: 460096K->51072K(460096K), 0.0309928 secs] 1318005K->934153K(4143232K), 0.0310805 secs] [Times: user=0.03 sys=0.00, real=0.03 secs] 
2024-10-09T21:29:08.908+0300: 758.127: Total time for which application threads were stopped: 0.0313706 seconds, Stopping threads took: 0.0001627 seconds
2024-10-09T21:29:09.097+0300: 758.301: Application time: 0.1746223 seconds
2024-10-09T21:29:09.097+0300: 758.302: [GC (Allocation Failure) 2024-10-09T21:29:09.097+0300: 758.302: [ParNew: 460096K->46454K(460096K), 0.0246884 secs] 1343177K->950530K(4143232K), 0.0247768 secs] [Times: user=0.01 sys=0.00, real=0.02 secs] 
2024-10-09T21:29:09.112+0300: 758.326: Total time for which application threads were stopped: 0.0250425 seconds, Stopping threads took: 0.0001382 seconds
2024-10-09T21:29:09.316+0300: 758.521: Application time: 0.1949680 seconds
2024-10-09T21:29:09.316+0300: 758.522: [GC (Allocation Failure) 2024-10-09T21:29:09.316+0300: 758.522: [ParNew: 455478K->51072K(460096K), 0.0239452 secs] 1359554K->967373K(4143232K), 0.0240345 secs] [Times: user=0.01 sys=0.00, real=0.02 secs] 
2024-10-09T21:29:09.332+0300: 758.546: Total time for which application threads were stopped: 0.0242949 seconds, Stopping threads took: 0.0001338 seconds
2024-10-09T21:29:09.505+0300: 758.713: Application time: 0.1674244 seconds
2024-10-09T21:29:09.505+0300: 758.713: [GC (Allocation Failure) 2024-10-09T21:29:09.505+0300: 758.713: [ParNew: 460096K->51072K(460096K), 0.0272283 secs] 1376397K->986133K(4143232K), 0.0273161 secs] [Times: user=0.03 sys=0.00, real=0.03 secs] 
2024-10-09T21:29:09.536+0300: 758.741: Total time for which application threads were stopped: 0.0275625 seconds, Stopping threads took: 0.0001236 seconds
2024-10-09T21:29:09.709+0300: 758.920: Application time: 0.1795171 seconds
2024-10-09T21:29:09.709+0300: 758.921: [GC (Allocation Failure) 2024-10-09T21:29:09.709+0300: 758.921: [ParNew: 460096K->51072K(460096K), 0.0275988 secs] 1395157K->1013708K(4143232K), 0.0277004 secs] [Times: user=0.08 sys=0.00, real=0.03 secs] 
2024-10-09T21:29:09.740+0300: 758.948: Total time for which application threads were stopped: 0.0280514 seconds, Stopping threads took: 0.0001878 seconds
2024-10-09T21:29:09.928+0300: 759.141: Application time: 0.1925899 seconds
2024-10-09T21:29:09.928+0300: 759.141: [GC (Allocation Failure) 2024-10-09T21:29:09.928+0300: 759.141: [ParNew: 460096K->51072K(460096K), 0.0217106 secs] 1422732K->1017573K(4143232K), 0.0217972 secs] [Times: user=0.03 sys=0.00, real=0.03 secs] 
2024-10-09T21:29:09.960+0300: 759.163: Total time for which application threads were stopped: 0.0220548 seconds, Stopping threads took: 0.0001231 seconds
2024-10-09T21:29:10.132+0300: 759.337: Application time: 0.1740079 seconds
2024-10-09T21:29:10.132+0300: 759.337: [GC (Allocation Failure) 2024-10-09T21:29:10.132+0300: 759.337: [ParNew: 460096K->51072K(460096K), 0.0325496 secs] 1426597K->1049673K(4143232K), 0.0326320 secs] [Times: user=0.03 sys=0.00, real=0.03 secs] 
2024-10-09T21:29:10.164+0300: 759.370: Total time for which application threads were stopped: 0.0329063 seconds, Stopping threads took: 0.0001395 seconds
2024-10-09T21:29:10.337+0300: 759.545: Application time: 0.1754237 seconds
2024-10-09T21:29:10.337+0300: 759.545: [GC (Allocation Failure) 2024-10-09T21:29:10.337+0300: 759.546: [ParNew: 460096K->41898K(460096K), 0.0250124 secs] 1458697K->1062261K(4143232K), 0.0250987 secs] [Times: user=0.02 sys=0.00, real=0.02 secs] 
2024-10-09T21:29:10.352+0300: 759.571: Total time for which application threads were stopped: 0.0253612 seconds, Stopping threads took: 0.0001321 seconds
2024-10-09T21:29:10.556+0300: 759.766: Application time: 0.1950249 seconds
2024-10-09T21:29:10.556+0300: 759.766: [GC (Allocation Failure) 2024-10-09T21:29:10.556+0300: 759.766: [ParNew: 450922K->51072K(460096K), 0.0226656 secs] 1471285K->1077021K(4143232K), 0.0227538 secs] [Times: user=0.02 sys=0.00, real=0.02 secs] 
2024-10-09T21:29:10.572+0300: 759.789: Total time for which application threads were stopped: 0.0230236 seconds, Stopping threads took: 0.0001456 seconds
2024-10-09T21:29:10.760+0300: 759.968: Application time: 0.1790936 seconds
2024-10-09T21:29:10.760+0300: 759.968: [GC (Allocation Failure) 2024-10-09T21:29:10.760+0300: 759.968: [ParNew: 460096K->49416K(460096K), 0.0306622 secs] 1486045K->1101627K(4143232K), 0.0307523 secs] [Times: user=0.02 sys=0.00, real=0.03 secs] 
2024-10-09T21:29:10.792+0300: 759.999: Total time for which application threads were stopped: 0.0310642 seconds, Stopping threads took: 0.0001650 seconds
2024-10-09T21:29:10.973+0300: 760.180: Application time: 0.1809081 seconds
2024-10-09T21:29:10.973+0300: 760.180: [GC (Allocation Failure) 2024-10-09T21:29:10.973+0300: 760.180: [ParNew: 458440K->38636K(460096K), 0.0250756 secs] 1510651K->1113546K(4143232K), 0.0251643 secs] [Times: user=0.03 sys=0.00, real=0.02 secs] 
2024-10-09T21:29:10.996+0300: 760.205: Total time for which application threads were stopped: 0.0253906 seconds, Stopping threads took: 0.0000999 seconds
2024-10-09T21:29:11.185+0300: 760.400: Application time: 0.1945230 seconds
2024-10-09T21:29:11.185+0300: 760.400: [GC (Allocation Failure) 2024-10-09T21:29:11.185+0300: 760.400: [ParNew: 447660K->51072K(460096K), 0.0237839 secs] 1522570K->1136986K(4143232K), 0.0238741 secs] [Times: user=0.03 sys=0.00, real=0.03 secs] 
2024-10-09T21:29:11.216+0300: 760.424: Total time for which application threads were stopped: 0.0241325 seconds, Stopping threads took: 0.0001291 seconds
2024-10-09T21:29:11.374+0300: 760.588: Application time: 0.1643028 seconds
2024-10-09T21:29:11.374+0300: 760.588: [GC (Allocation Failure) 2024-10-09T21:29:11.374+0300: 760.588: [ParNew: 460096K->51072K(460096K), 0.0300375 secs] 1546010K->1159704K(4143232K), 0.0301367 secs] [Times: user=0.05 sys=0.00, real=0.03 secs] 
2024-10-09T21:29:11.404+0300: 760.619: Total time for which application threads were stopped: 0.0303939 seconds, Stopping threads took: 0.0001294 seconds
2024-10-09T21:29:11.577+0300: 760.793: Application time: 0.1744482 seconds
2024-10-09T21:29:11.577+0300: 760.793: [GC (Allocation Failure) 2024-10-09T21:29:11.577+0300: 760.793: [ParNew: 460096K->51072K(460096K), 0.0271261 secs] 1568728K->1186051K(4143232K), 0.0272221 secs] [Times: user=0.06 sys=0.00, real=0.03 secs] 
2024-10-09T21:29:11.608+0300: 760.821: Total time for which application threads were stopped: 0.0275970 seconds, Stopping threads took: 0.0001968 seconds
2024-10-09T21:29:11.797+0300: 761.014: Application time: 0.1936285 seconds
2024-10-09T21:29:11.797+0300: 761.014: [GC (Allocation Failure) 2024-10-09T21:29:11.797+0300: 761.014: [ParNew: 460096K->51072K(460096K), 0.0222675 secs] 1595075K->1193455K(4143232K), 0.0223576 secs] [Times: user=0.03 sys=0.00, real=0.03 secs] 
2024-10-09T21:29:11.828+0300: 761.037: Total time for which application threads were stopped: 0.0226344 seconds, Stopping threads took: 0.0001490 seconds
2024-10-09T21:29:12.001+0300: 761.208: Application time: 0.1711865 seconds
2024-10-09T21:29:12.001+0300: 761.208: [GC (Allocation Failure) 2024-10-09T21:29:12.001+0300: 761.208: [ParNew: 460096K->51072K(460096K), 0.0244806 secs] 1602479K->1204969K(4143232K), 0.0245803 secs] [Times: user=0.02 sys=0.00, real=0.02 secs] 
2024-10-09T21:29:12.016+0300: 761.233: Total time for which application threads were stopped: 0.0249024 seconds, Stopping threads took: 0.0001688 seconds
2024-10-09T21:29:12.205+0300: 761.413: Application time: 0.1801761 seconds
2024-10-09T21:29:12.205+0300: 761.413: [GC (Allocation Failure) 2024-10-09T21:29:12.205+0300: 761.413: [ParNew: 460096K->40400K(460096K), 0.0269262 secs] 1613993K->1218974K(4143232K), 0.0270091 secs] [Times: user=0.03 sys=0.00, real=0.03 secs] 
2024-10-09T21:29:12.236+0300: 761.440: Total time for which application threads were stopped: 0.0272732 seconds, Stopping threads took: 0.0001420 seconds
2024-10-09T21:29:12.408+0300: 761.626: Application time: 0.1856869 seconds
2024-10-09T21:29:12.408+0300: 761.626: [GC (Allocation Failure) 2024-10-09T21:29:12.408+0300: 761.626: [ParNew: 449424K->51072K(460096K), 0.0245522 secs] 1627998K->1243125K(4143232K), 0.0246571 secs] [Times: user=0.06 sys=0.00, real=0.03 secs] 
2024-10-09T21:29:12.440+0300: 761.651: Total time for which application threads were stopped: 0.0249657 seconds, Stopping threads took: 0.0001640 seconds
2024-10-09T21:29:12.613+0300: 761.824: Application time: 0.1725147 seconds
2024-10-09T21:29:12.613+0300: 761.824: [GC (Allocation Failure) 2024-10-09T21:29:12.613+0300: 761.824: [ParNew: 460096K->51072K(460096K), 0.0255382 secs] 1652149K->1257137K(4143232K), 0.0256294 secs] [Times: user=0.09 sys=0.00, real=0.03 secs] 
2024-10-09T21:29:12.644+0300: 761.849: Total time for which application threads were stopped: 0.0259304 seconds, Stopping threads took: 0.0001530 seconds
2024-10-09T21:29:12.817+0300: 762.032: Application time: 0.1828182 seconds
2024-10-09T21:29:12.817+0300: 762.033: [GC (Allocation Failure) 2024-10-09T21:29:12.817+0300: 762.033: [ParNew: 460096K->44082K(460096K), 0.0249149 secs] 1666161K->1269071K(4143232K), 0.0250062 secs] [Times: user=0.03 sys=0.00, real=0.03 secs] 
2024-10-09T21:29:12.848+0300: 762.058: Total time for which application threads were stopped: 0.0252807 seconds, Stopping threads took: 0.0001423 seconds
2024-10-09T21:29:13.036+0300: 762.242: Application time: 0.1848615 seconds
2024-10-09T21:29:13.036+0300: 762.243: [GC (Allocation Failure) 2024-10-09T21:29:13.036+0300: 762.243: [ParNew: 453106K->51072K(460096K), 0.0237727 secs] 1678095K->1287541K(4143232K), 0.0238656 secs] [Times: user=0.02 sys=0.00, real=0.02 secs] 
2024-10-09T21:29:13.052+0300: 762.267: Total time for which application threads were stopped: 0.0241186 seconds, Stopping threads took: 0.0001317 seconds
2024-10-09T21:29:13.224+0300: 762.430: Application time: 0.1636955 seconds
2024-10-09T21:29:13.224+0300: 762.430: [GC (Allocation Failure) 2024-10-09T21:29:13.224+0300: 762.431: [ParNew: 460096K->46583K(460096K), 0.0322705 secs] 1696565K->1319088K(4143232K), 0.0323452 secs] [Times: user=0.03 sys=0.00, real=0.03 secs] 
2024-10-09T21:29:13.255+0300: 762.463: Total time for which application threads were stopped: 0.0326151 seconds, Stopping threads took: 0.0001561 seconds
2024-10-09T21:29:13.444+0300: 762.654: Application time: 0.1909130 seconds
2024-10-09T21:29:13.444+0300: 762.654: [GC (Allocation Failure) 2024-10-09T21:29:13.444+0300: 762.654: [ParNew: 455607K->46817K(460096K), 0.0240481 secs] 1728112K->1334090K(4143232K), 0.0241310 secs] [Times: user=0.02 sys=0.00, real=0.02 secs] 
2024-10-09T21:29:13.460+0300: 762.678: Total time for which application threads were stopped: 0.0243756 seconds, Stopping threads took: 0.0001232 seconds
2024-10-09T21:29:13.664+0300: 762.874: Application time: 0.1959975 seconds
2024-10-09T21:29:13.664+0300: 762.874: [GC (Allocation Failure) 2024-10-09T21:29:13.664+0300: 762.874: [ParNew: 455841K->51072K(460096K), 0.0262014 secs] 1743114K->1352175K(4143232K), 0.0262967 secs] [Times: user=0.03 sys=0.00, real=0.03 secs] 
2024-10-09T21:29:13.696+0300: 762.901: Total time for which application threads were stopped: 0.0266092 seconds, Stopping threads took: 0.0001420 seconds
2024-10-09T21:29:13.852+0300: 763.058: Application time: 0.1575814 seconds
2024-10-09T21:29:13.852+0300: 763.059: [GC (Allocation Failure) 2024-10-09T21:29:13.852+0300: 763.059: [ParNew: 460096K->48767K(460096K), 0.0267889 secs] 1761199K->1374434K(4143232K), 0.0268774 secs] [Times: user=0.02 sys=0.00, real=0.03 secs] 
2024-10-09T21:29:13.879+0300: 763.086: Total time for which application threads were stopped: 0.0271797 seconds, Stopping threads took: 0.0001583 seconds
2024-10-09T21:29:14.072+0300: 763.279: Application time: 0.1932149 seconds
2024-10-09T21:29:14.072+0300: 763.279: [GC (Allocation Failure) 2024-10-09T21:29:14.072+0300: 763.279: [ParNew: 457791K->43481K(460096K), 0.0239870 secs] 1783458K->1387987K(4143232K), 0.0240722 secs] [Times: user=0.02 sys=0.00, real=0.02 secs] 
2024-10-09T21:29:14.088+0300: 763.303: Total time for which application threads were stopped: 0.0243193 seconds, Stopping threads took: 0.0001269 seconds
2024-10-09T21:29:14.292+0300: 763.504: Application time: 0.2005608 seconds
2024-10-09T21:29:14.292+0300: 763.504: [GC (Allocation Failure) 2024-10-09T21:29:14.292+0300: 763.504: [ParNew: 452505K->51072K(460096K), 0.0239833 secs] 1797011K->1403240K(4143232K), 0.0240707 secs] [Times: user=0.03 sys=0.00, real=0.03 secs] 
2024-10-09T21:29:14.324+0300: 763.528: Total time for which application threads were stopped: 0.0243644 seconds, Stopping threads took: 0.0001322 seconds
2024-10-09T21:29:14.480+0300: 763.692: Application time: 0.1642584 seconds
2024-10-09T21:29:14.480+0300: 763.693: [GC (Allocation Failure) 2024-10-09T21:29:14.480+0300: 763.693: [ParNew: 460096K->51072K(460096K), 0.0335262 secs] 1812264K->1434956K(4143232K), 0.0336123 secs] [Times: user=0.03 sys=0.00, real=0.03 secs] 
2024-10-09T21:29:14.512+0300: 763.726: Total time for which application threads were stopped: 0.0338955 seconds, Stopping threads took: 0.0001601 seconds
2024-10-09T21:29:14.700+0300: 763.910: Application time: 0.1838959 seconds
2024-10-09T21:29:14.700+0300: 763.910: [GC (Allocation Failure) 2024-10-09T21:29:14.700+0300: 763.910: [ParNew: 460096K->39820K(460096K), 0.0257306 secs] 1843980K->1449514K(4143232K), 0.0258152 secs] [Times: user=0.06 sys=0.00, real=0.03 secs] 
2024-10-09T21:29:14.732+0300: 763.936: Total time for which application threads were stopped: 0.0261979 seconds, Stopping threads took: 0.0002336 seconds
2024-10-09T21:29:14.920+0300: 764.134: Application time: 0.1982162 seconds
2024-10-09T21:29:14.920+0300: 764.135: [GC (Allocation Failure) 2024-10-09T21:29:14.920+0300: 764.135: [ParNew: 448844K->51072K(460096K), 0.0270449 secs] 1858538K->1468204K(4143232K), 0.0271405 secs] [Times: user=0.03 sys=0.00, real=0.03 secs] 
2024-10-09T21:29:14.952+0300: 764.162: Total time for which application threads were stopped: 0.0274033 seconds, Stopping threads took: 0.0001337 seconds
2024-10-09T21:29:15.109+0300: 764.324: Application time: 0.1624682 seconds
2024-10-09T21:29:15.109+0300: 764.325: [GC (Allocation Failure) 2024-10-09T21:29:15.109+0300: 764.325: [ParNew: 460096K->51072K(460096K), 0.0295493 secs] 1877228K->1490099K(4143232K), 0.0296307 secs] [Times: user=0.03 sys=0.00, real=0.03 secs] 
2024-10-09T21:29:15.140+0300: 764.354: Total time for which application threads were stopped: 0.0300210 seconds, Stopping threads took: 0.0002579 seconds
2024-10-09T21:29:15.329+0300: 764.533: Application time: 0.1783282 seconds
2024-10-09T21:29:15.329+0300: 764.533: [GC (Allocation Failure) 2024-10-09T21:29:15.329+0300: 764.533: [ParNew: 460096K->42753K(460096K), 0.0276820 secs] 1899123K->1513530K(4143232K), 0.0277688 secs] [Times: user=0.02 sys=0.00, real=0.02 secs] 
2024-10-09T21:29:15.344+0300: 764.561: Total time for which application threads were stopped: 0.0279955 seconds, Stopping threads took: 0.0001054 seconds
2024-10-09T21:29:15.548+0300: 764.753: Application time: 0.1921428 seconds
2024-10-09T21:29:15.548+0300: 764.753: [GC (Allocation Failure) 2024-10-09T21:29:15.548+0300: 764.753: [ParNew: 451777K->51072K(460096K), 0.0234033 secs] 1922554K->1525018K(4143232K), 0.0234839 secs] [Times: user=0.03 sys=0.00, real=0.02 secs] 
2024-10-09T21:29:15.564+0300: 764.777: Total time for which application threads were stopped: 0.0237124 seconds, Stopping threads took: 0.0001061 seconds
2024-10-09T21:29:15.737+0300: 764.951: Application time: 0.1748412 seconds
2024-10-09T21:29:15.737+0300: 764.952: [GC (Allocation Failure) 2024-10-09T21:29:15.737+0300: 764.952: [ParNew: 460096K->51072K(460096K), 0.0306959 secs] 1934042K->1550922K(4143232K), 0.0307882 secs] [Times: user=0.03 sys=0.00, real=0.03 secs] 
2024-10-09T21:29:15.768+0300: 764.983: Total time for which application threads were stopped: 0.0311429 seconds, Stopping threads took: 0.0002108 seconds
2024-10-09T21:29:15.957+0300: 765.162: Application time: 0.1792998 seconds
2024-10-09T21:29:15.957+0300: 765.162: [GC (Allocation Failure) 2024-10-09T21:29:15.957+0300: 765.162: [ParNew: 460096K->45337K(460096K), 0.0268906 secs] 1959946K->1575421K(4143232K), 0.0269896 secs] [Times: user=0.01 sys=0.00, real=0.03 secs] 
2024-10-09T21:29:15.983+0300: 765.189: Total time for which application threads were stopped: 0.0272656 seconds, Stopping threads took: 0.0001445 seconds
2024-10-09T21:29:16.176+0300: 765.385: Application time: 0.1954861 seconds
2024-10-09T21:29:16.176+0300: 765.385: [GC (Allocation Failure) 2024-10-09T21:29:16.176+0300: 765.385: [ParNew: 454361K->51072K(460096K), 0.0216591 secs] 1984445K->1582406K(4143232K), 0.0217341 secs] [Times: user=0.01 sys=0.00, real=0.02 secs] 
2024-10-09T21:29:16.192+0300: 765.407: Total time for which application threads were stopped: 0.0220014 seconds, Stopping threads took: 0.0001469 seconds
2024-10-09T21:29:16.365+0300: 765.570: Application time: 0.1630310 seconds
2024-10-09T21:29:16.365+0300: 765.570: [GC (Allocation Failure) 2024-10-09T21:29:16.365+0300: 765.570: [ParNew: 460096K->51072K(460096K), 0.0268309 secs] 1991430K->1601437K(4143232K), 0.0269135 secs] [Times: user=0.05 sys=0.00, real=0.02 secs] 
2024-10-09T21:29:16.384+0300: 765.597: Total time for which application threads were stopped: 0.0271600 seconds, Stopping threads took: 0.0001234 seconds
2024-10-09T21:29:16.569+0300: 765.779: Application time: 0.1820861 seconds
2024-10-09T21:29:16.569+0300: 765.779: [GC (Allocation Failure) 2024-10-09T21:29:16.569+0300: 765.779: [ParNew: 460096K->46176K(460096K), 0.0284402 secs] 2010461K->1624535K(4143232K), 0.0285354 secs] [Times: user=0.01 sys=0.00, real=0.03 secs] 
2024-10-09T21:29:16.600+0300: 765.808: Total time for which application threads were stopped: 0.0288344 seconds, Stopping threads took: 0.0001488 seconds
2024-10-09T21:29:16.788+0300: 766.004: Application time: 0.1962909 seconds
2024-10-09T21:29:16.788+0300: 766.004: [GC (Allocation Failure) 2024-10-09T21:29:16.788+0300: 766.004: [ParNew: 455200K->51072K(460096K), 0.0269130 secs] 2033559K->1645248K(4143232K), 0.0270055 secs] [Times: user=0.03 sys=0.00, real=0.03 secs] 
2024-10-09T21:29:16.820+0300: 766.031: Total time for which application threads were stopped: 0.0272903 seconds, Stopping threads took: 0.0001522 seconds
2024-10-09T21:29:16.985+0300: 766.194: Application time: 0.1630439 seconds
2024-10-09T21:29:16.985+0300: 766.195: [GC (Allocation Failure) 2024-10-09T21:29:16.985+0300: 766.195: [ParNew: 460096K->51072K(460096K), 0.0286399 secs] 2054272K->1665082K(4143232K), 0.0287301 secs] [Times: user=0.08 sys=0.00, real=0.02 secs] 
2024-10-09T21:29:17.008+0300: 766.223: Total time for which application threads were stopped: 0.0289964 seconds, Stopping threads took: 0.0001424 seconds
2024-10-09T21:29:17.196+0300: 766.400: Application time: 0.1765536 seconds
2024-10-09T21:29:17.196+0300: 766.400: [GC (Allocation Failure) 2024-10-09T21:29:17.196+0300: 766.400: [ParNew: 460096K->40075K(460096K), 0.0290060 secs] 2074106K->1685607K(4143232K), 0.0290932 secs] [Times: user=0.01 sys=0.00, real=0.02 secs] 
2024-10-09T21:29:17.212+0300: 766.429: Total time for which application threads were stopped: 0.0293552 seconds, Stopping threads took: 0.0001328 seconds
2024-10-09T21:29:17.416+0300: 766.621: Application time: 0.1918000 seconds
2024-10-09T21:29:17.416+0300: 766.621: [GC (Allocation Failure) 2024-10-09T21:29:17.416+0300: 766.621: [ParNew: 449099K->51072K(460096K), 0.0214402 secs] 2094631K->1698708K(4143232K), 0.0215148 secs] [Times: user=0.02 sys=0.00, real=0.02 secs] 
2024-10-09T21:29:17.440+0300: 766.643: Total time for which application threads were stopped: 0.0217929 seconds, Stopping threads took: 0.0001399 seconds
2024-10-09T21:29:17.605+0300: 766.814: Application time: 0.1715376 seconds
2024-10-09T21:29:17.605+0300: 766.815: [GC (Allocation Failure) 2024-10-09T21:29:17.605+0300: 766.815: [ParNew: 460096K->51072K(460096K), 0.0351768 secs] 2107732K->1717764K(4143232K), 0.0352663 secs] [Times: user=0.17 sys=0.00, real=0.03 secs] 
2024-10-09T21:29:17.637+0300: 766.850: Total time for which application threads were stopped: 0.0356807 seconds, Stopping threads took: 0.0002862 seconds
2024-10-09T21:29:17.809+0300: 767.025: Application time: 0.1752257 seconds
2024-10-09T21:29:17.809+0300: 767.026: [GC (Allocation Failure) 2024-10-09T21:29:17.809+0300: 767.026: [ParNew: 460096K->42723K(460096K), 0.0280142 secs] 2126788K->1736228K(4143232K), 0.0281033 secs] [Times: user=0.03 sys=0.00, real=0.03 secs] 
2024-10-09T21:29:17.841+0300: 767.054: Total time for which application threads were stopped: 0.0284559 seconds, Stopping threads took: 0.0002236 seconds
2024-10-09T21:29:18.028+0300: 767.241: Application time: 0.1869240 seconds
2024-10-09T21:29:18.028+0300: 767.241: [GC (Allocation Failure) 2024-10-09T21:29:18.028+0300: 767.241: [ParNew: 451747K->51072K(460096K), 0.0235136 secs] 2145252K->1757309K(4143232K), 0.0236022 secs] [Times: user=0.02 sys=0.00, real=0.03 secs] 
2024-10-09T21:29:18.060+0300: 767.265: Total time for which application threads were stopped: 0.0238749 seconds, Stopping threads took: 0.0001436 seconds
2024-10-09T21:29:18.232+0300: 767.437: Application time: 0.1728543 seconds
2024-10-09T21:29:18.232+0300: 767.438: [GC (Allocation Failure) 2024-10-09T21:29:18.232+0300: 767.438: [ParNew: 460096K->51072K(460096K), 0.0238960 secs] 2166333K->1770235K(4143232K), 0.0239750 secs] [Times: user=0.03 sys=0.00, real=0.03 secs] 
2024-10-09T21:29:18.258+0300: 767.462: Total time for which application threads were stopped: 0.0242358 seconds, Stopping threads took: 0.0001370 seconds
2024-10-09T21:29:18.437+0300: 767.642: Application time: 0.1800112 seconds
2024-10-09T21:29:18.437+0300: 767.642: [GC (Allocation Failure) 2024-10-09T21:29:18.437+0300: 767.642: [ParNew: 460096K->45163K(460096K), 0.0250410 secs] 2179259K->1784806K(4143232K), 0.0251254 secs] [Times: user=0.01 sys=0.00, real=0.01 secs] 
2024-10-09T21:29:18.452+0300: 767.667: Total time for which application threads were stopped: 0.0253843 seconds, Stopping threads took: 0.0001406 seconds
2024-10-09T21:29:18.641+0300: 767.853: Application time: 0.1857206 seconds
2024-10-09T21:29:18.641+0300: 767.853: [GC (Allocation Failure) 2024-10-09T21:29:18.641+0300: 767.853: [ParNew: 454187K->51072K(460096K), 0.0222933 secs] 2193830K->1800129K(4143232K), 0.0223771 secs] [Times: user=0.02 sys=0.00, real=0.03 secs] 
2024-10-09T21:29:18.672+0300: 767.876: Total time for which application threads were stopped: 0.0226866 seconds, Stopping threads took: 0.0001501 seconds
2024-10-09T21:29:18.829+0300: 768.047: Application time: 0.1716887 seconds
2024-10-09T21:29:18.829+0300: 768.047: [GC (Allocation Failure) 2024-10-09T21:29:18.829+0300: 768.047: [ParNew: 460096K->51072K(460096K), 0.0247428 secs] 2209153K->1815776K(4143232K), 0.0248359 secs] [Times: user=0.03 sys=0.00, real=0.03 secs] 
2024-10-09T21:29:18.860+0300: 768.072: Total time for which application threads were stopped: 0.0251460 seconds, Stopping threads took: 0.0001483 seconds
2024-10-09T21:29:19.033+0300: 768.250: Application time: 0.1771886 seconds
2024-10-09T21:29:19.033+0300: 768.250: [GC (Allocation Failure) 2024-10-09T21:29:19.033+0300: 768.250: [ParNew: 460096K->43133K(460096K), 0.0272457 secs] 2224800K->1830498K(4143232K), 0.0273392 secs] [Times: user=0.03 sys=0.00, real=0.03 secs] 
2024-10-09T21:29:19.064+0300: 768.277: Total time for which application threads were stopped: 0.0276570 seconds, Stopping threads took: 0.0001490 seconds
2024-10-09T21:29:19.253+0300: 768.458: Application time: 0.1808698 seconds
2024-10-09T21:29:19.253+0300: 768.458: [GC (Allocation Failure) 2024-10-09T21:29:19.253+0300: 768.458: [ParNew: 452157K->51072K(460096K), 0.0234654 secs] 2239522K->1848794K(4143232K), 0.0235573 secs] [Times: user=0.02 sys=0.00, real=0.01 secs] 
2024-10-09T21:29:19.268+0300: 768.482: Total time for which application threads were stopped: 0.0238298 seconds, Stopping threads took: 0.0001365 seconds
2024-10-09T21:29:19.441+0300: 768.648: Application time: 0.1665526 seconds
2024-10-09T21:29:19.441+0300: 768.649: [GC (Allocation Failure) 2024-10-09T21:29:19.441+0300: 768.649: [ParNew: 460096K->51072K(460096K), 0.0245296 secs] 2257818K->1868523K(4143232K), 0.0246259 secs] [Times: user=0.02 sys=0.00, real=0.02 secs] 
2024-10-09T21:29:19.457+0300: 768.673: Total time for which application threads were stopped: 0.0249252 seconds, Stopping threads took: 0.0001656 seconds
2024-10-09T21:29:19.661+0300: 768.865: Application time: 0.1913088 seconds
2024-10-09T21:29:19.661+0300: 768.865: [GC (Allocation Failure) 2024-10-09T21:29:19.661+0300: 768.865: [ParNew: 460096K->50355K(460096K), 0.0251593 secs] 2277547K->1886592K(4143232K), 0.0252500 secs] [Times: user=0.02 sys=0.00, real=0.02 secs] 
2024-10-09T21:29:19.676+0300: 768.890: Total time for which application threads were stopped: 0.0255497 seconds, Stopping threads took: 0.0001582 seconds
2024-10-09T21:29:19.865+0300: 769.070: Application time: 0.1795340 seconds
2024-10-09T21:29:19.865+0300: 769.070: [GC (Allocation Failure) 2024-10-09T21:29:19.865+0300: 769.070: [ParNew: 459379K->51072K(460096K), 0.0233637 secs] 2295616K->1896322K(4143232K), 0.0234474 secs] [Times: user=0.02 sys=0.00, real=0.02 secs] 
2024-10-09T21:29:19.880+0300: 769.093: Total time for which application threads were stopped: 0.0236953 seconds, Stopping threads took: 0.0001253 seconds
2024-10-09T21:29:20.037+0300: 769.254: Application time: 0.1605366 seconds
2024-10-09T21:29:20.037+0300: 769.254: [GC (Allocation Failure) 2024-10-09T21:29:20.037+0300: 769.254: [ParNew: 460096K->47829K(460096K), 0.0281550 secs] 2305346K->1918938K(4143232K), 0.0282437 secs] [Times: user=0.03 sys=0.00, real=0.03 secs] 
2024-10-09T21:29:20.069+0300: 769.283: Total time for which application threads were stopped: 0.0285291 seconds, Stopping threads took: 0.0001601 seconds
2024-10-09T21:29:20.257+0300: 769.474: Application time: 0.1919289 seconds
2024-10-09T21:29:20.257+0300: 769.475: [GC (Allocation Failure) 2024-10-09T21:29:20.257+0300: 769.475: [ParNew: 456853K->51072K(460096K), 0.0249602 secs] 2327962K->1940982K(4143232K), 0.0250523 secs] [Times: user=0.05 sys=0.00, real=0.04 secs] 
2024-10-09T21:29:20.292+0300: 769.500: Total time for which application threads were stopped: 0.0252952 seconds, Stopping threads took: 0.0001146 seconds
2024-10-09T21:29:20.477+0300: 769.685: Application time: 0.1848386 seconds
2024-10-09T21:29:20.477+0300: 769.685: [GC (Allocation Failure) 2024-10-09T21:29:20.477+0300: 769.685: [ParNew: 460096K->51072K(460096K), 0.0262430 secs] 2350006K->1955115K(4143232K), 0.0263323 secs] [Times: user=0.02 sys=0.00, real=0.02 secs] 
2024-10-09T21:29:20.493+0300: 769.711: Total time for which application threads were stopped: 0.0266071 seconds, Stopping threads took: 0.0001548 seconds
2024-10-09T21:29:20.665+0300: 769.884: Application time: 0.1724688 seconds
2024-10-09T21:29:20.681+0300: 769.884: [GC (Allocation Failure) 2024-10-09T21:29:20.681+0300: 769.884: [ParNew: 460096K->51072K(460096K), 0.0328808 secs] 2364139K->1986345K(4143232K), 0.0329780 secs] [Times: user=0.14 sys=0.00, real=0.03 secs] 
2024-10-09T21:29:20.713+0300: 769.917: Total time for which application threads were stopped: 0.0333898 seconds, Stopping threads took: 0.0001845 seconds
2024-10-09T21:29:20.901+0300: 770.105: Application time: 0.1880888 seconds
2024-10-09T21:29:20.901+0300: 770.105: [GC (Allocation Failure) 2024-10-09T21:29:20.901+0300: 770.105: [ParNew: 460096K->51072K(460096K), 0.0259036 secs] 2395369K->2002194K(4143232K), 0.0259980 secs] [Times: user=0.02 sys=0.00, real=0.02 secs] 
2024-10-09T21:29:20.917+0300: 770.131: Total time for which application threads were stopped: 0.0262664 seconds, Stopping threads took: 0.0001411 seconds
2024-10-09T21:29:21.105+0300: 770.316: Application time: 0.1848228 seconds
2024-10-09T21:29:21.105+0300: 770.317: [GC (Allocation Failure) 2024-10-09T21:29:21.105+0300: 770.317: [ParNew: 460096K->51072K(460096K), 0.0309183 secs] 2411218K->2027017K(4143232K), 0.0310133 secs] [Times: user=0.03 sys=0.00, real=0.03 secs] 
2024-10-09T21:29:21.136+0300: 770.348: Total time for which application threads were stopped: 0.0313304 seconds, Stopping threads took: 0.0001792 seconds
2024-10-09T21:29:21.309+0300: 770.520: Application time: 0.1724115 seconds
2024-10-09T21:29:21.309+0300: 770.520: [GC (Allocation Failure) 2024-10-09T21:29:21.309+0300: 770.520: [ParNew: 460096K->51072K(460096K), 0.0265405 secs] 2436041K->2047231K(4143232K), 0.0266447 secs] [Times: user=0.02 sys=0.00, real=0.03 secs] 
2024-10-09T21:29:21.340+0300: 770.547: Total time for which application threads were stopped: 0.0269282 seconds, Stopping threads took: 0.0001554 seconds
2024-10-09T21:29:21.513+0300: 770.731: Application time: 0.1840901 seconds
2024-10-09T21:29:21.513+0300: 770.731: [GC (Allocation Failure) 2024-10-09T21:29:21.513+0300: 770.731: [ParNew: 460096K->51072K(460096K), 0.0239912 secs] 2456255K->2062540K(4143232K), 0.0240829 secs] [Times: user=0.03 sys=0.00, real=0.04 secs] 
2024-10-09T21:29:21.552+0300: 770.755: Total time for which application threads were stopped: 0.0243744 seconds, Stopping threads took: 0.0001601 seconds
2024-10-09T21:29:21.733+0300: 770.940: Application time: 0.1849571 seconds
2024-10-09T21:29:21.733+0300: 770.941: [GC (Allocation Failure) 2024-10-09T21:29:21.733+0300: 770.941: [ParNew: 460096K->51072K(460096K), 0.0248928 secs] 2471564K->2077600K(4143232K), 0.0249864 secs] [Times: user=0.05 sys=0.00, real=0.02 secs] 
2024-10-09T21:29:21.749+0300: 770.966: Total time for which application threads were stopped: 0.0252589 seconds, Stopping threads took: 0.0001288 seconds
2024-10-09T21:29:21.921+0300: 771.139: Application time: 0.1732768 seconds
2024-10-09T21:29:21.921+0300: 771.139: [GC (Allocation Failure) 2024-10-09T21:29:21.921+0300: 771.139: [ParNew: 460096K->51072K(460096K), 0.0286012 secs] 2486624K->2099689K(4143232K), 0.0286948 secs] [Times: user=0.03 sys=0.00, real=0.03 secs] 
2024-10-09T21:29:21.952+0300: 771.168: Total time for which application threads were stopped: 0.0290224 seconds, Stopping threads took: 0.0001826 seconds
2024-10-09T21:29:22.141+0300: 771.354: Application time: 0.1856926 seconds
2024-10-09T21:29:22.141+0300: 771.354: [GC (Allocation Failure) 2024-10-09T21:29:22.141+0300: 771.354: [ParNew: 460096K->51072K(460096K), 0.0307127 secs] 2508713K->2128600K(4143232K), 0.0308020 secs] [Times: user=0.03 sys=0.00, real=0.03 secs] 
2024-10-09T21:29:22.172+0300: 771.385: Total time for which application threads were stopped: 0.0311334 seconds, Stopping threads took: 0.0001841 seconds
2024-10-09T21:29:22.361+0300: 771.564: Application time: 0.1793825 seconds
2024-10-09T21:29:22.361+0300: 771.564: [GC (Allocation Failure) 2024-10-09T21:29:22.361+0300: 771.564: [ParNew: 460096K->51072K(460096K), 0.0251185 secs] 2537624K->2142637K(4143232K), 0.0252101 secs] [Times: user=0.03 sys=0.00, real=0.01 secs] 
2024-10-09T21:29:22.376+0300: 771.590: Total time for which application threads were stopped: 0.0254736 seconds, Stopping threads took: 0.0001398 seconds
2024-10-09T21:29:22.549+0300: 771.764: Application time: 0.1741905 seconds
2024-10-09T21:29:22.549+0300: 771.764: [GC (Allocation Failure) 2024-10-09T21:29:22.549+0300: 771.764: [ParNew: 460096K->51072K(460096K), 0.0289222 secs] 2551661K->2166515K(4143232K), 0.0290101 secs] [Times: user=0.03 sys=0.00, real=0.03 secs] 
2024-10-09T21:29:22.581+0300: 771.793: Total time for which application threads were stopped: 0.0293709 seconds, Stopping threads took: 0.0002214 seconds
2024-10-09T21:29:22.769+0300: 771.980: Application time: 0.1865993 seconds
2024-10-09T21:29:22.769+0300: 771.980: [GC (Allocation Failure) 2024-10-09T21:29:22.769+0300: 771.980: [ParNew: 460096K->51072K(460096K), 0.0256289 secs] 2575539K->2187573K(4143232K), 0.0257162 secs] [Times: user=0.03 sys=0.00, real=0.03 secs] 
2024-10-09T21:29:22.801+0300: 772.006: Total time for which application threads were stopped: 0.0259683 seconds, Stopping threads took: 0.0001253 seconds
2024-10-09T21:29:22.973+0300: 772.186: Application time: 0.1798313 seconds
2024-10-09T21:29:22.973+0300: 772.186: [GC (Allocation Failure) 2024-10-09T21:29:22.973+0300: 772.186: [ParNew: 460096K->51072K(460096K), 0.0238587 secs] 2596597K->2198909K(4143232K), 0.0239469 secs] [Times: user=0.03 sys=0.00, real=0.03 secs] 
2024-10-09T21:29:23.005+0300: 772.210: Total time for which application threads were stopped: 0.0242094 seconds, Stopping threads took: 0.0001386 seconds
2024-10-09T21:29:23.177+0300: 772.382: Application time: 0.1725827 seconds
2024-10-09T21:29:23.177+0300: 772.383: [GC (Allocation Failure) 2024-10-09T21:29:23.177+0300: 772.383: [ParNew: 460096K->51072K(460096K), 0.0274232 secs] 2607933K->2221379K(4143232K), 0.0275159 secs] [Times: user=0.03 sys=0.00, real=0.02 secs] 
2024-10-09T21:29:23.198+0300: 772.410: Total time for which application threads were stopped: 0.0277992 seconds, Stopping threads took: 0.0001423 seconds
2024-10-09T21:29:23.381+0300: 772.592: Application time: 0.1821527 seconds
2024-10-09T21:29:23.381+0300: 772.593: [GC (Allocation Failure) 2024-10-09T21:29:23.381+0300: 772.593: [ParNew: 460096K->51072K(460096K), 0.0248192 secs] 2630403K->2238482K(4143232K), 0.0249028 secs] [Times: user=0.05 sys=0.00, real=0.03 secs] 
2024-10-09T21:29:23.413+0300: 772.618: Total time for which application threads were stopped: 0.0251610 seconds, Stopping threads took: 0.0001251 seconds
2024-10-09T21:29:23.585+0300: 772.798: Application time: 0.1809235 seconds
2024-10-09T21:29:23.585+0300: 772.799: [GC (Allocation Failure) 2024-10-09T21:29:23.585+0300: 772.799: [ParNew: 460096K->51072K(460096K), 0.0295951 secs] 2647506K->2261794K(4143232K), 0.0296916 secs] [Times: user=0.06 sys=0.00, real=0.03 secs] 
2024-10-09T21:29:23.617+0300: 772.828: Total time for which application threads were stopped: 0.0299524 seconds, Stopping threads took: 0.0001053 seconds
2024-10-09T21:29:23.789+0300: 773.000: Application time: 0.1715669 seconds
2024-10-09T21:29:23.789+0300: 773.000: [GC (Allocation Failure) 2024-10-09T21:29:23.789+0300: 773.000: [ParNew: 460096K->51072K(460096K), 0.0243997 secs] 2670818K->2275490K(4143232K), 0.0244894 secs] [Times: user=0.03 sys=0.00, real=0.03 secs] 
2024-10-09T21:29:23.821+0300: 773.025: Total time for which application threads were stopped: 0.0247831 seconds, Stopping threads took: 0.0001677 seconds
2024-10-09T21:29:24.000+0300: 773.208: Application time: 0.1831422 seconds
2024-10-09T21:29:24.000+0300: 773.208: [GC (Allocation Failure) 2024-10-09T21:29:24.000+0300: 773.208: [ParNew: 460096K->50700K(460096K), 0.0264765 secs] 2684514K->2297149K(4143232K), 0.0265656 secs] [Times: user=0.02 sys=0.00, real=0.03 secs] 
2024-10-09T21:29:24.025+0300: 773.235: Total time for which application threads were stopped: 0.0268400 seconds, Stopping threads took: 0.0001489 seconds
2024-10-09T21:29:24.201+0300: 773.413: Application time: 0.1786321 seconds
2024-10-09T21:29:24.201+0300: 773.414: [GC (Allocation Failure) 2024-10-09T21:29:24.201+0300: 773.414: [ParNew: 459724K->48453K(460096K), 0.0239086 secs] 2706173K->2308466K(4143232K), 0.0239976 secs] [Times: user=0.03 sys=0.00, real=0.03 secs] 
2024-10-09T21:29:24.229+0300: 773.438: Total time for which application threads were stopped: 0.0242860 seconds, Stopping threads took: 0.0001469 seconds
2024-10-09T21:29:24.401+0300: 773.605: Application time: 0.1674439 seconds
2024-10-09T21:29:24.401+0300: 773.605: [GC (Allocation Failure) 2024-10-09T21:29:24.401+0300: 773.605: [ParNew: 457477K->51072K(460096K), 0.0238111 secs] 2717490K->2323599K(4143232K), 0.0238950 secs] [Times: user=0.02 sys=0.00, real=0.02 secs] 
2024-10-09T21:29:24.417+0300: 773.629: Total time for which application threads were stopped: 0.0241503 seconds, Stopping threads took: 0.0001265 seconds
2024-10-09T21:29:24.605+0300: 773.812: Application time: 0.1828640 seconds
2024-10-09T21:29:24.605+0300: 773.812: [GC (Allocation Failure) 2024-10-09T21:29:24.605+0300: 773.812: [ParNew: 460096K->50455K(460096K), 0.0339019 secs] 2732623K->2350001K(4143232K), 0.0339933 secs] [Times: user=0.09 sys=0.00, real=0.03 secs] 
2024-10-09T21:29:24.636+0300: 773.846: Total time for which application threads were stopped: 0.0342622 seconds, Stopping threads took: 0.0001328 seconds
2024-10-09T21:29:24.809+0300: 774.025: Application time: 0.1783401 seconds
2024-10-09T21:29:24.809+0300: 774.025: [GC (Allocation Failure) 2024-10-09T21:29:24.809+0300: 774.025: [ParNew: 459479K->51072K(460096K), 0.0261280 secs] 2759025K->2368800K(4143232K), 0.0262119 secs] [Times: user=0.02 sys=0.00, real=0.03 secs] 
2024-10-09T21:29:24.840+0300: 774.051: Total time for which application threads were stopped: 0.0264605 seconds, Stopping threads took: 0.0001280 seconds
2024-10-09T21:29:25.013+0300: 774.221: Application time: 0.1701872 seconds
2024-10-09T21:29:25.013+0300: 774.222: [GC (Allocation Failure) 2024-10-09T21:29:25.013+0300: 774.222: [ParNew: 460096K->51072K(460096K), 0.0260293 secs] 2777824K->2385536K(4143232K), 0.0261292 secs] [Times: user=0.03 sys=0.00, real=0.03 secs] 
2024-10-09T21:29:25.044+0300: 774.248: Total time for which application threads were stopped: 0.0263961 seconds, Stopping threads took: 0.0001344 seconds
2024-10-09T21:29:25.217+0300: 774.433: Application time: 0.1853830 seconds
2024-10-09T21:29:25.217+0300: 774.433: [GC (Allocation Failure) 2024-10-09T21:29:25.217+0300: 774.433: [ParNew: 460096K->51072K(460096K), 0.0277430 secs] 2794560K->2406309K(4143232K), 0.0278304 secs] [Times: user=0.05 sys=0.00, real=0.04 secs] 
2024-10-09T21:29:25.258+0300: 774.461: Total time for which application threads were stopped: 0.0281385 seconds, Stopping threads took: 0.0001713 seconds
2024-10-09T21:29:25.421+0300: 774.634: Application time: 0.1724955 seconds
2024-10-09T21:29:25.421+0300: 774.634: [GC (Allocation Failure) 2024-10-09T21:29:25.421+0300: 774.634: [ParNew: 460096K->51072K(460096K), 0.0258291 secs] 2815333K->2423931K(4143232K), 0.0259192 secs] [Times: user=0.03 sys=0.00, real=0.03 secs] 
2024-10-09T21:29:25.452+0300: 774.660: Total time for which application threads were stopped: 0.0261832 seconds, Stopping threads took: 0.0001341 seconds
2024-10-09T21:29:25.625+0300: 774.844: Application time: 0.1836768 seconds
2024-10-09T21:29:25.641+0300: 774.844: [GC (Allocation Failure) 2024-10-09T21:29:25.641+0300: 774.844: [ParNew: 460096K->48928K(460096K), 0.0264258 secs] 2832955K->2443708K(4143232K), 0.0265356 secs] [Times: user=0.05 sys=0.00, real=0.01 secs] 
2024-10-09T21:29:25.656+0300: 774.871: Total time for which application threads were stopped: 0.0269202 seconds, Stopping threads took: 0.0002344 seconds
2024-10-09T21:29:25.845+0300: 775.056: Application time: 0.1851981 seconds
2024-10-09T21:29:25.845+0300: 775.056: [GC (Allocation Failure) 2024-10-09T21:29:25.845+0300: 775.056: [ParNew: 457952K->51072K(460096K), 0.0239221 secs] 2852732K->2456018K(4143232K), 0.0240071 secs] [Times: user=0.01 sys=0.00, real=0.03 secs] 
2024-10-09T21:29:25.876+0300: 775.080: Total time for which application threads were stopped: 0.0243140 seconds, Stopping threads took: 0.0001781 seconds
2024-10-09T21:29:26.033+0300: 775.250: Application time: 0.1698854 seconds
2024-10-09T21:29:26.033+0300: 775.250: [GC (Allocation Failure) 2024-10-09T21:29:26.033+0300: 775.250: [ParNew: 460096K->51072K(460096K), 0.0326535 secs] 2865042K->2484526K(4143232K), 0.0328236 secs] [Times: user=0.05 sys=0.00, real=0.05 secs] 
2024-10-09T21:29:26.080+0300: 775.283: Total time for which application threads were stopped: 0.0331409 seconds, Stopping threads took: 0.0001852 seconds
2024-10-09T21:29:26.252+0300: 775.462: Application time: 0.1785741 seconds
2024-10-09T21:29:26.252+0300: 775.462: [GC (Allocation Failure) 2024-10-09T21:29:26.252+0300: 775.462: [ParNew: 460096K->46366K(460096K), 0.0262938 secs] 2893550K->2506120K(4143232K), 0.0263813 secs] [Times: user=0.02 sys=0.00, real=0.03 secs] 
2024-10-09T21:29:26.283+0300: 775.488: Total time for which application threads were stopped: 0.0266776 seconds, Stopping threads took: 0.0001621 seconds
2024-10-09T21:29:26.472+0300: 775.676: Application time: 0.1875697 seconds
2024-10-09T21:29:26.472+0300: 775.676: [GC (Allocation Failure) 2024-10-09T21:29:26.472+0300: 775.676: [ParNew: 455390K->51072K(460096K), 0.0216385 secs] 2915144K->2513112K(4143232K), 0.0217268 secs] [Times: user=0.02 sys=0.00, real=0.02 secs] 
2024-10-09T21:29:26.487+0300: 775.698: Total time for which application threads were stopped: 0.0219870 seconds, Stopping threads took: 0.0001348 seconds
2024-10-09T21:29:26.676+0300: 775.883: Application time: 0.1848792 seconds
2024-10-09T21:29:26.676+0300: 775.883: [GC (Allocation Failure) 2024-10-09T21:29:26.676+0300: 775.883: [ParNew: 460096K->51072K(460096K), 0.0292344 secs] 2922136K->2534412K(4143232K), 0.0293255 secs] [Times: user=0.16 sys=0.00, real=0.03 secs] 
2024-10-09T21:29:26.708+0300: 775.913: Total time for which application threads were stopped: 0.0296703 seconds, Stopping threads took: 0.0002049 seconds
2024-10-09T21:29:26.880+0300: 776.088: Application time: 0.1750131 seconds
2024-10-09T21:29:26.880+0300: 776.088: [GC (Allocation Failure) 2024-10-09T21:29:26.880+0300: 776.088: [ParNew: 460096K->51072K(460096K), 0.0268393 secs] 2943436K->2555715K(4143232K), 0.0269289 secs] [Times: user=0.03 sys=0.00, real=0.03 secs] 
2024-10-09T21:29:26.907+0300: 776.115: Total time for which application threads were stopped: 0.0271750 seconds, Stopping threads took: 0.0001232 seconds
2024-10-09T21:29:27.084+0300: 776.297: Application time: 0.1824351 seconds
2024-10-09T21:29:27.084+0300: 776.297: [GC (Allocation Failure) 2024-10-09T21:29:27.084+0300: 776.297: [ParNew: 460096K->49848K(460096K), 0.0261158 secs] 2964739K->2575652K(4143232K), 0.0262036 secs] [Times: user=0.03 sys=0.00, real=0.03 secs] 
2024-10-09T21:29:27.116+0300: 776.324: Total time for which application threads were stopped: 0.0265060 seconds, Stopping threads took: 0.0001744 seconds
2024-10-09T21:29:27.288+0300: 776.501: Application time: 0.1770386 seconds
2024-10-09T21:29:27.288+0300: 776.501: [GC (Allocation Failure) 2024-10-09T21:29:27.288+0300: 776.501: [ParNew: 458872K->51072K(460096K), 0.0241421 secs] 2984676K->2588974K(4143232K), 0.0242340 secs] [Times: user=0.03 sys=0.00, real=0.03 secs] 
2024-10-09T21:29:27.320+0300: 776.525: Total time for which application threads were stopped: 0.0244881 seconds, Stopping threads took: 0.0001302 seconds
2024-10-09T21:29:27.492+0300: 776.709: Application time: 0.1838316 seconds
2024-10-09T21:29:27.492+0300: 776.709: [GC (Allocation Failure) 2024-10-09T21:29:27.492+0300: 776.709: [ParNew: 460096K->51072K(460096K), 0.0295344 secs] 2997998K->2615156K(4143232K), 0.0296202 secs] [Times: user=0.03 sys=0.00, real=0.03 secs] 
2024-10-09T21:29:27.524+0300: 776.739: Total time for which application threads were stopped: 0.0299131 seconds, Stopping threads took: 0.0001697 seconds
2024-10-09T21:29:27.708+0300: 776.914: Application time: 0.1753613 seconds
2024-10-09T21:29:27.708+0300: 776.915: [GC (Allocation Failure) 2024-10-09T21:29:27.708+0300: 776.915: [ParNew: 460096K->51072K(460096K), 0.0278406 secs] 3024180K->2638608K(4143232K), 0.0279287 secs] [Times: user=0.03 sys=0.00, real=0.02 secs] 
2024-10-09T21:29:27.728+0300: 776.943: Total time for which application threads were stopped: 0.0283514 seconds, Stopping threads took: 0.0002958 seconds
2024-10-09T21:29:27.916+0300: 777.128: Application time: 0.1849562 seconds
2024-10-09T21:29:27.916+0300: 777.128: [GC (Allocation Failure) 2024-10-09T21:29:27.916+0300: 777.128: [ParNew: 460096K->51072K(460096K), 0.0284967 secs] 3047632K->2660323K(4143232K), 0.0285810 secs] [Times: user=0.03 sys=0.00, real=0.03 secs] 
2024-10-09T21:29:27.948+0300: 777.156: Total time for which application threads were stopped: 0.0288265 seconds, Stopping threads took: 0.0001217 seconds
2024-10-09T21:29:28.136+0300: 777.348: Application time: 0.1913972 seconds
2024-10-09T21:29:28.136+0300: 777.348: [GC (Allocation Failure) 2024-10-09T21:29:28.136+0300: 777.348: [ParNew: 460096K->51072K(460096K), 0.0307426 secs] 3069347K->2685973K(4143232K), 0.0308529 secs] [Times: user=0.03 sys=0.00, real=0.03 secs] 
2024-10-09T21:29:28.168+0300: 777.379: Total time for which application threads were stopped: 0.0311158 seconds, Stopping threads took: 0.0001255 seconds
2024-10-09T21:29:28.340+0300: 777.547: Application time: 0.1677789 seconds
2024-10-09T21:29:28.340+0300: 777.547: [GC (Allocation Failure) 2024-10-09T21:29:28.340+0300: 777.547: [ParNew: 460096K->51072K(460096K), 0.0248807 secs] 3094997K->2700350K(4143232K), 0.0249674 secs] [Times: user=0.02 sys=0.00, real=0.02 secs] 
2024-10-09T21:29:28.356+0300: 777.572: Total time for which application threads were stopped: 0.0252518 seconds, Stopping threads took: 0.0001630 seconds
2024-10-09T21:29:28.544+0300: 777.750: Application time: 0.1780743 seconds
2024-10-09T21:29:28.544+0300: 777.750: [GC (Allocation Failure) 2024-10-09T21:29:28.544+0300: 777.750: [ParNew: 460096K->46402K(460096K), 0.0261795 secs] 3109374K->2720434K(4143232K), 0.0262690 secs] [Times: user=0.02 sys=0.00, real=0.02 secs] 
2024-10-09T21:29:28.560+0300: 777.777: Total time for which application threads were stopped: 0.0265151 seconds, Stopping threads took: 0.0001200 seconds
2024-10-09T21:29:28.779+0300: 777.984: Application time: 0.2076624 seconds
2024-10-09T21:29:28.779+0300: 777.984: [GC (Allocation Failure) 2024-10-09T21:29:28.779+0300: 777.984: [ParNew: 455426K->49872K(460096K), 0.0260398 secs] 3129458K->2739878K(4143232K), 0.0261295 secs] [Times: user=0.01 sys=0.00, real=0.02 secs] 
2024-10-09T21:29:28.795+0300: 778.011: Total time for which application threads were stopped: 0.0263930 seconds, Stopping threads took: 0.0001361 seconds
2024-10-09T21:29:28.968+0300: 778.180: Application time: 0.1692292 seconds
2024-10-09T21:29:28.968+0300: 778.180: [GC (Allocation Failure) 2024-10-09T21:29:28.968+0300: 778.180: [ParNew: 458896K->51072K(460096K), 0.0235099 secs] 3148902K->2749153K(4143232K), 0.0236014 secs] [Times: user=0.01 sys=0.00, real=0.03 secs] 
2024-10-09T21:29:28.999+0300: 778.204: Total time for which application threads were stopped: 0.0238770 seconds, Stopping threads took: 0.0001414 seconds
2024-10-09T21:29:29.156+0300: 778.372: Application time: 0.1685592 seconds
2024-10-09T21:29:29.156+0300: 778.373: [GC (Allocation Failure) 2024-10-09T21:29:29.156+0300: 778.373: [ParNew: 460096K->41712K(460096K), 0.0301963 secs] 3158177K->2775897K(4143232K), 0.0302888 secs] [Times: user=0.03 sys=0.00, real=0.03 secs] 
2024-10-09T21:29:29.187+0300: 778.403: Total time for which application threads were stopped: 0.0305712 seconds, Stopping threads took: 0.0001562 seconds
2024-10-09T21:29:29.391+0300: 778.602: Application time: 0.1991747 seconds
2024-10-09T21:29:29.391+0300: 778.602: [GC (Allocation Failure) 2024-10-09T21:29:29.391+0300: 778.602: [ParNew: 450736K->51072K(460096K), 0.0221876 secs] 3184921K->2787394K(4143232K), 0.0222707 secs] [Times: user=0.02 sys=0.00, real=0.02 secs] 
2024-10-09T21:29:29.412+0300: 778.625: Total time for which application threads were stopped: 0.0225662 seconds, Stopping threads took: 0.0001622 seconds
2024-10-09T21:29:29.595+0300: 778.803: Application time: 0.1779362 seconds
2024-10-09T21:29:29.595+0300: 778.803: [GC (Allocation Failure) 2024-10-09T21:29:29.595+0300: 778.803: [ParNew: 460096K->51072K(460096K), 0.0321004 secs] 3196418K->2809024K(4143232K), 0.0321946 secs] [Times: user=0.14 sys=0.00, real=0.03 secs] 
2024-10-09T21:29:29.627+0300: 778.835: Total time for which application threads were stopped: 0.0324977 seconds, Stopping threads took: 0.0001557 seconds
2024-10-09T21:29:29.799+0300: 779.004: Application time: 0.1686231 seconds
2024-10-09T21:29:29.799+0300: 779.004: [GC (Allocation Failure) 2024-10-09T21:29:29.799+0300: 779.004: [ParNew: 460096K->46170K(460096K), 0.0291503 secs] 3218048K->2840513K(4143232K), 0.0292322 secs] [Times: user=0.02 sys=0.00, real=0.02 secs] 
2024-10-09T21:29:29.815+0300: 779.033: Total time for which application threads were stopped: 0.0294830 seconds, Stopping threads took: 0.0001301 seconds
2024-10-09T21:29:30.019+0300: 779.230: Application time: 0.1970891 seconds
2024-10-09T21:29:30.019+0300: 779.230: [GC (Allocation Failure) 2024-10-09T21:29:30.019+0300: 779.231: [ParNew: 455194K->51072K(460096K), 0.0224788 secs] 3249537K->2848249K(4143232K), 0.0225599 secs] [Times: user=0.03 sys=0.00, real=0.02 secs] 
2024-10-09T21:29:30.035+0300: 779.253: Total time for which application threads were stopped: 0.0228193 seconds, Stopping threads took: 0.0001377 seconds
2024-10-09T21:29:30.224+0300: 779.428: Application time: 0.1744374 seconds
2024-10-09T21:29:30.224+0300: 779.428: [GC (Allocation Failure) 2024-10-09T21:29:30.224+0300: 779.428: [ParNew: 460096K->51072K(460096K), 0.0268414 secs] 3257273K->2864367K(4143232K), 0.0269290 secs] [Times: user=0.01 sys=0.00, real=0.02 secs] 
2024-10-09T21:29:30.239+0300: 779.455: Total time for which application threads were stopped: 0.0271937 seconds, Stopping threads took: 0.0001414 seconds
2024-10-09T21:29:30.414+0300: 779.629: Application time: 0.1741965 seconds
2024-10-09T21:29:30.414+0300: 779.629: [GC (Allocation Failure) 2024-10-09T21:29:30.414+0300: 779.629: [ParNew: 460096K->42794K(460096K), 0.0294888 secs] 3273391K->2888379K(4143232K), 0.0295796 secs] [Times: user=0.03 sys=0.00, real=0.03 secs] 
2024-10-09T21:29:30.444+0300: 779.659: Total time for which application threads were stopped: 0.0298926 seconds, Stopping threads took: 0.0001836 seconds
2024-10-09T21:29:30.648+0300: 779.861: Application time: 0.2021970 seconds
2024-10-09T21:29:30.648+0300: 779.861: [GC (Allocation Failure) 2024-10-09T21:29:30.648+0300: 779.861: [ParNew: 451818K->51072K(460096K), 0.0224855 secs] 3297403K->2899674K(4143232K), 0.0225760 secs] [Times: user=0.03 sys=0.00, real=0.03 secs] 
2024-10-09T21:29:30.679+0300: 779.884: Total time for which application threads were stopped: 0.0229155 seconds, Stopping threads took: 0.0001701 seconds
2024-10-09T21:29:30.836+0300: 780.054: Application time: 0.1696188 seconds
2024-10-09T21:29:30.836+0300: 780.054: [GC (Allocation Failure) 2024-10-09T21:29:30.836+0300: 780.054: [ParNew: 460096K->51072K(460096K), 0.0314803 secs] 3308698K->2922992K(4143232K), 0.0315681 secs] [Times: user=0.03 sys=0.00, real=0.03 secs] 
2024-10-09T21:29:30.868+0300: 780.085: Total time for which application threads were stopped: 0.0318548 seconds, Stopping threads took: 0.0001647 seconds
2024-10-09T21:29:31.056+0300: 780.265: Application time: 0.1793464 seconds
2024-10-09T21:29:31.056+0300: 780.265: [GC (Allocation Failure) 2024-10-09T21:29:31.056+0300: 780.265: [ParNew: 460096K->43640K(460096K), 0.0271869 secs] 3332016K->2945533K(4143232K), 0.0272742 secs] [Times: user=0.03 sys=0.00, real=0.03 secs] 
2024-10-09T21:29:31.087+0300: 780.292: Total time for which application threads were stopped: 0.0275285 seconds, Stopping threads took: 0.0001316 seconds
2024-10-09T21:29:31.276+0300: 780.489: Application time: 0.1967023 seconds
2024-10-09T21:29:31.276+0300: 780.489: [GC (Allocation Failure) 2024-10-09T21:29:31.276+0300: 780.489: [ParNew: 452664K->51072K(460096K), 0.0221218 secs] 3354557K->2954614K(4143232K), 0.0221970 secs] [Times: user=0.03 sys=0.00, real=0.03 secs] 
2024-10-09T21:29:31.307+0300: 780.511: Total time for which application threads were stopped: 0.0224514 seconds, Stopping threads took: 0.0001340 seconds
2024-10-09T21:29:31.464+0300: 780.678: Application time: 0.1666635 seconds
2024-10-09T21:29:31.464+0300: 780.678: [GC (Allocation Failure) 2024-10-09T21:29:31.464+0300: 780.678: [ParNew: 460096K->51072K(460096K), 0.0259882 secs] 3363638K->2971396K(4143232K), 0.0260764 secs] [Times: user=0.03 sys=0.00, real=0.03 secs] 
2024-10-09T21:29:31.495+0300: 780.704: Total time for which application threads were stopped: 0.0263822 seconds, Stopping threads took: 0.0001842 seconds
2024-10-09T21:29:31.684+0300: 780.894: Application time: 0.1896552 seconds
2024-10-09T21:29:31.684+0300: 780.894: [GC (Allocation Failure) 2024-10-09T21:29:31.684+0300: 780.895: [ParNew: 460096K->40272K(460096K), 0.0249864 secs] 3380420K->2986037K(4143232K), 0.0250788 secs] [Times: user=0.06 sys=0.00, real=0.03 secs] 
2024-10-09T21:29:31.715+0300: 780.920: Total time for which application threads were stopped: 0.0254282 seconds, Stopping threads took: 0.0001974 seconds
2024-10-09T21:29:31.903+0300: 781.111: Application time: 0.1917010 seconds
2024-10-09T21:29:31.903+0300: 781.111: [GC (Allocation Failure) 2024-10-09T21:29:31.903+0300: 781.112: [ParNew: 449296K->51072K(460096K), 0.0221496 secs] 3395061K->2999995K(4143232K), 0.0222363 secs] [Times: user=0.02 sys=0.00, real=0.02 secs] 
2024-10-09T21:29:31.919+0300: 781.134: Total time for which application threads were stopped: 0.0224872 seconds, Stopping threads took: 0.0001228 seconds
2024-10-09T21:29:32.092+0300: 781.300: Application time: 0.1663015 seconds
2024-10-09T21:29:32.092+0300: 781.300: [GC (Allocation Failure) 2024-10-09T21:29:32.092+0300: 781.300: [ParNew: 460096K->51072K(460096K), 0.0287655 secs] 3409019K->3020261K(4143232K), 0.0288483 secs] [Times: user=0.03 sys=0.00, real=0.03 secs] 
2024-10-09T21:29:32.123+0300: 781.329: Total time for which application threads were stopped: 0.0291589 seconds, Stopping threads took: 0.0001912 seconds
2024-10-09T21:29:32.296+0300: 781.510: Application time: 0.1805470 seconds
2024-10-09T21:29:32.296+0300: 781.510: [GC (Allocation Failure) 2024-10-09T21:29:32.296+0300: 781.510: [ParNew: 460096K->39781K(460096K), 0.0262271 secs] 3429285K->3036423K(4143232K), 0.0263150 secs] [Times: user=0.03 sys=0.00, real=0.03 secs] 
2024-10-09T21:29:32.327+0300: 781.536: Total time for which application threads were stopped: 0.0265714 seconds, Stopping threads took: 0.0001296 seconds
2024-10-09T21:29:32.518+0300: 781.729: Application time: 0.1921762 seconds
2024-10-09T21:29:32.518+0300: 781.729: [GC (Allocation Failure) 2024-10-09T21:29:32.518+0300: 781.729: [ParNew: 448805K->51072K(460096K), 0.0231030 secs] 3445447K->3050247K(4143232K), 0.0231845 secs] [Times: user=0.03 sys=0.00, real=0.03 secs] 
2024-10-09T21:29:32.548+0300: 781.752: Total time for which application threads were stopped: 0.0234489 seconds, Stopping threads took: 0.0001367 seconds
2024-10-09T21:29:32.720+0300: 781.932: Application time: 0.1804344 seconds
2024-10-09T21:29:32.720+0300: 781.933: [GC (Allocation Failure) 2024-10-09T21:29:32.720+0300: 781.933: [ParNew: 460096K->51072K(460096K), 0.0323023 secs] 3459271K->3080921K(4143232K), 0.0324103 secs] [Times: user=0.06 sys=0.00, real=0.03 secs] 
2024-10-09T21:29:32.752+0300: 781.965: Total time for which application threads were stopped: 0.0327502 seconds, Stopping threads took: 0.0001918 seconds
2024-10-09T21:29:32.924+0300: 782.143: Application time: 0.1775738 seconds
2024-10-09T21:29:32.924+0300: 782.143: [GC (Allocation Failure) 2024-10-09T21:29:32.924+0300: 782.143: [ParNew: 460096K->49184K(460096K), 0.0247580 secs] 3489945K->3100102K(4143232K), 0.0248446 secs] [Times: user=0.02 sys=0.00, real=0.03 secs] 
2024-10-09T21:29:32.956+0300: 782.168: Total time for which application threads were stopped: 0.0250812 seconds, Stopping threads took: 0.0001093 seconds
2024-10-09T21:29:33.144+0300: 782.361: Application time: 0.1928599 seconds
2024-10-09T21:29:33.144+0300: 782.361: [GC (Allocation Failure) 2024-10-09T21:29:33.144+0300: 782.361: [ParNew: 458208K->50655K(460096K), 0.0245691 secs] 3509126K->3110504K(4143232K), 0.0246564 secs] [Times: user=0.03 sys=0.00, real=0.03 secs] 
2024-10-09T21:29:33.176+0300: 782.386: Total time for which application threads were stopped: 0.0249260 seconds, Stopping threads took: 0.0001403 seconds
2024-10-09T21:29:33.333+0300: 782.550: Application time: 0.1644422 seconds
2024-10-09T21:29:33.333+0300: 782.550: [GC (Allocation Failure) 2024-10-09T21:29:33.333+0300: 782.550: [ParNew: 459679K->51072K(460096K), 0.0253634 secs] 3519528K->3129373K(4143232K), 0.0254494 secs] [Times: user=0.03 sys=0.00, real=0.03 secs] 
2024-10-09T21:29:33.364+0300: 782.576: Total time for which application threads were stopped: 0.0257469 seconds, Stopping threads took: 0.0001735 seconds
2024-10-09T21:29:33.552+0300: 782.757: Application time: 0.1810331 seconds
2024-10-09T21:29:33.552+0300: 782.757: [GC (Allocation Failure) 2024-10-09T21:29:33.552+0300: 782.757: [ParNew: 460096K->42748K(460096K), 0.0281880 secs] 3538397K->3149108K(4143232K), 0.0282783 secs] [Times: user=0.02 sys=0.00, real=0.01 secs] 
2024-10-09T21:29:33.567+0300: 782.785: Total time for which application threads were stopped: 0.0285346 seconds, Stopping threads took: 0.0001250 seconds
2024-10-09T21:29:33.771+0300: 782.986: Application time: 0.2006510 seconds
2024-10-09T21:29:33.771+0300: 782.986: [GC (Allocation Failure) 2024-10-09T21:29:33.771+0300: 782.986: [ParNew: 451772K->51072K(460096K), 0.0250673 secs] 3558132K->3168338K(4143232K), 0.0251640 secs] [Times: user=0.03 sys=0.00, real=0.03 secs] 
2024-10-09T21:29:33.803+0300: 783.012: Total time for which application threads were stopped: 0.0255040 seconds, Stopping threads took: 0.0001819 seconds
2024-10-09T21:29:33.960+0300: 783.173: Application time: 0.1617915 seconds
2024-10-09T21:29:33.960+0300: 783.174: [GC (Allocation Failure) 2024-10-09T21:29:33.960+0300: 783.174: [ParNew: 460096K->51072K(460096K), 0.0316208 secs] 3577362K->3193235K(4143232K), 0.0317056 secs] [Times: user=0.03 sys=0.00, real=0.03 secs] 
2024-10-09T21:29:33.991+0300: 783.205: Total time for which application threads were stopped: 0.0319653 seconds, Stopping threads took: 0.0001386 seconds
2024-10-09T21:29:34.179+0300: 783.385: Application time: 0.1800125 seconds
2024-10-09T21:29:34.179+0300: 783.386: [GC (Allocation Failure) 2024-10-09T21:29:34.179+0300: 783.386: [ParNew: 460096K->42391K(460096K), 0.0305765 secs] 3602259K->3224080K(4143232K), 0.0306548 secs] [Times: user=0.03 sys=0.00, real=0.03 secs] 
2024-10-09T21:29:34.211+0300: 783.416: Total time for which application threads were stopped: 0.0309368 seconds, Stopping threads took: 0.0001581 seconds
2024-10-09T21:29:34.399+0300: 783.612: Application time: 0.1955645 seconds
2024-10-09T21:29:34.399+0300: 783.612: [GC (Allocation Failure) 2024-10-09T21:29:34.399+0300: 783.612: [ParNew: 451415K->51072K(460096K), 0.0228591 secs] 3633104K->3235425K(4143232K), 0.0230435 secs] [Times: user=0.03 sys=0.00, real=0.03 secs] 
2024-10-09T21:29:34.431+0300: 783.635: Total time for which application threads were stopped: 0.0233318 seconds, Stopping threads took: 0.0001634 seconds
2024-10-09T21:29:34.603+0300: 783.813: Application time: 0.1775672 seconds
2024-10-09T21:29:34.603+0300: 783.813: [GC (Allocation Failure) 2024-10-09T21:29:34.603+0300: 783.813: [ParNew: 460096K->51072K(460096K), 0.0343677 secs] 3644449K->3257511K(4143232K), 0.0344610 secs] [Times: user=0.06 sys=0.00, real=0.03 secs] 
2024-10-09T21:29:34.635+0300: 783.848: Total time for which application threads were stopped: 0.0348919 seconds, Stopping threads took: 0.0002752 seconds
2024-10-09T21:29:34.807+0300: 784.015: Application time: 0.1670918 seconds
2024-10-09T21:29:34.807+0300: 784.015: [GC (Allocation Failure) 2024-10-09T21:29:34.807+0300: 784.015: [ParNew: 460096K->44933K(460096K), 0.0308073 secs] 3666535K->3286774K(4143232K), 0.0308947 secs] [Times: user=0.03 sys=0.00, real=0.03 secs] 
2024-10-09T21:29:34.839+0300: 784.046: Total time for which application threads were stopped: 0.0311787 seconds, Stopping threads took: 0.0001607 seconds
2024-10-09T21:29:35.028+0300: 784.244: Application time: 0.1984196 seconds
2024-10-09T21:29:35.028+0300: 784.245: [GC (Allocation Failure) 2024-10-09T21:29:35.028+0300: 784.245: [ParNew: 453957K->51072K(460096K), 0.0216852 secs] 3695798K->3295314K(4143232K), 0.0217671 secs] [Times: user=0.03 sys=0.00, real=0.03 secs] 
2024-10-09T21:29:35.059+0300: 784.266: Total time for which application threads were stopped: 0.0220427 seconds, Stopping threads took: 0.0001347 seconds
2024-10-09T21:29:35.232+0300: 784.445: Application time: 0.1788955 seconds
2024-10-09T21:29:35.232+0300: 784.445: [GC (Allocation Failure) 2024-10-09T21:29:35.232+0300: 784.446: [ParNew: 460096K->51072K(460096K), 0.0346121 secs] 3704338K->3323726K(4143232K), 0.0346987 secs] [Times: user=0.03 sys=0.00, real=0.03 secs] 
2024-10-09T21:29:35.263+0300: 784.480: Total time for which application threads were stopped: 0.0349425 seconds, Stopping threads took: 0.0001206 seconds
2024-10-09T21:29:35.436+0300: 784.645: Application time: 0.1650297 seconds
2024-10-09T21:29:35.436+0300: 784.645: [GC (Allocation Failure) 2024-10-09T21:29:35.436+0300: 784.646: [ParNew: 460096K->51072K(460096K), 0.0283460 secs] 3732750K->3351764K(4143232K), 0.0284340 secs] [Times: user=0.02 sys=0.00, real=0.03 secs] 
2024-10-09T21:29:35.467+0300: 784.674: Total time for which application threads were stopped: 0.0287029 seconds, Stopping threads took: 0.0001423 seconds
2024-10-09T21:29:35.467+0300: 784.674: Application time: 0.0000972 seconds
2024-10-09T21:29:35.467+0300: 784.674: [GC (CMS Initial Mark) [1 CMS-initial-mark: 3300692K(3683136K)] 3357092K(4143232K), 0.0043604 secs] [Times: user=0.00 sys=0.00, real=0.00 secs] 
2024-10-09T21:29:35.467+0300: 784.679: Total time for which application threads were stopped: 0.0046184 seconds, Stopping threads took: 0.0001262 seconds
2024-10-09T21:29:35.467+0300: 784.679: [CMS-concurrent-mark-start]
2024-10-09T21:29:35.483+0300: 784.700: [CMS-concurrent-mark: 0.021/0.021 secs] [Times: user=0.02 sys=0.00, real=0.02 secs] 
2024-10-09T21:29:35.483+0300: 784.700: [CMS-concurrent-preclean-start]
2024-10-09T21:29:35.498+0300: 784.704: [CMS-concurrent-preclean: 0.004/0.004 secs] [Times: user=0.02 sys=0.00, real=0.01 secs] 
2024-10-09T21:29:35.498+0300: 784.704: [CMS-concurrent-abortable-preclean-start]
2024-10-09T21:29:35.702+0300: 784.912: Application time: 0.2328761 seconds
2024-10-09T21:29:35.702+0300: 784.912: [GC (Allocation Failure) 2024-10-09T21:29:35.702+0300: 784.912: [ParNew: 460096K->46436K(460096K), 0.0245173 secs] 3760788K->3359002K(4143232K), 0.0246054 secs] [Times: user=0.01 sys=0.00, real=0.02 secs] 
2024-10-09T21:29:35.725+0300: 784.936: Total time for which application threads were stopped: 0.0248988 seconds, Stopping threads took: 0.0001517 seconds
2024-10-09T21:29:35.938+0300: 785.141: Application time: 0.2048033 seconds
2024-10-09T21:29:35.938+0300: 785.142: [GC (Allocation Failure) 2024-10-09T21:29:35.938+0300: 785.144: [ParNew: 455460K->51072K(460096K), 0.0246442 secs] 3768026K->3374986K(4143232K), 0.0268480 secs] [Times: user=0.01 sys=0.00, real=0.02 secs] 
2024-10-09T21:29:35.954+0300: 785.168: Total time for which application threads were stopped: 0.0271345 seconds, Stopping threads took: 0.0001658 seconds
2024-10-09T21:29:35.969+0300: 785.181: [CMS-concurrent-abortable-preclean: 0.423/0.476 secs] [Times: user=2.45 sys=0.03, real=0.47 secs] 
2024-10-09T21:29:35.969+0300: 785.181: Application time: 0.0123905 seconds
2024-10-09T21:29:35.969+0300: 785.181: [GC (CMS Final Remark) [YG occupancy: 74136 K (460096 K)]2024-10-09T21:29:35.969+0300: 785.181: [Rescan (parallel) , 0.0069864 secs]2024-10-09T21:29:35.985+0300: 785.188: [weak refs processing, 0.0000184 secs]2024-10-09T21:29:35.985+0300: 785.188: [class unloading, 0.0020739 secs]2024-10-09T21:29:35.985+0300: 785.190: [scrub symbol table, 0.0007261 secs]2024-10-09T21:29:35.985+0300: 785.191: [scrub string table, 0.0002013 secs][1 CMS-remark: 3323914K(3683136K)] 3398051K(4143232K), 0.0101277 secs] [Times: user=0.00 sys=0.02, real=0.02 secs] 
2024-10-09T21:29:35.985+0300: 785.191: Total time for which application threads were stopped: 0.0103776 seconds, Stopping threads took: 0.0001617 seconds
2024-10-09T21:29:35.985+0300: 785.191: [CMS-concurrent-sweep-start]
2024-10-09T21:29:36.173+0300: 785.384: Application time: 0.1927256 seconds
2024-10-09T21:29:36.173+0300: 785.384: [GC (Allocation Failure) 2024-10-09T21:29:36.173+0300: 785.384: [ParNew: 460096K->51072K(460096K), 0.0317220 secs] 3395796K->3021046K(4143232K), 0.0318125 secs] [Times: user=0.03 sys=0.00, real=0.03 secs] 
2024-10-09T21:29:36.205+0300: 785.416: Total time for which application threads were stopped: 0.0321952 seconds, Stopping threads took: 0.0002286 seconds
2024-10-09T21:29:36.427+0300: 785.640: Application time: 0.2236538 seconds
2024-10-09T21:29:36.427+0300: 785.640: [GC (Allocation Failure) 2024-10-09T21:29:36.427+0300: 785.640: [ParNew: 460096K->51072K(460096K), 0.0235786 secs] 2997211K->2592193K(4143232K), 0.0236677 secs] [Times: user=0.03 sys=0.00, real=0.03 secs] 
2024-10-09T21:29:36.456+0300: 785.664: Total time for which application threads were stopped: 0.0240743 seconds, Stopping threads took: 0.0002269 seconds
2024-10-09T21:29:36.660+0300: 785.871: Application time: 0.2069007 seconds
2024-10-09T21:29:36.660+0300: 785.871: [GC (Allocation Failure) 2024-10-09T21:29:36.660+0300: 785.871: [ParNew: 460096K->50068K(460096K), 0.0323036 secs] 2623193K->2236497K(4143232K), 0.0324065 secs] [Times: user=0.05 sys=0.00, real=0.03 secs] 
2024-10-09T21:29:36.691+0300: 785.904: Total time for which application threads were stopped: 0.0328035 seconds, Stopping threads took: 0.0002304 seconds
2024-10-09T21:29:36.911+0300: 786.119: Application time: 0.2159702 seconds
2024-10-09T21:29:36.911+0300: 786.120: [GC (Allocation Failure) 2024-10-09T21:29:36.911+0300: 786.120: [ParNew: 459092K->42202K(460096K), 0.0293298 secs] 2237569K->1850885K(4143232K), 0.0294177 secs] [Times: user=0.01 sys=0.00, real=0.03 secs] 
2024-10-09T21:29:36.943+0300: 786.149: Total time for which application threads were stopped: 0.0297631 seconds, Stopping threads took: 0.0002086 seconds
2024-10-09T21:29:37.178+0300: 786.385: Application time: 0.2357154 seconds
2024-10-09T21:29:37.178+0300: 786.385: [GC (Allocation Failure) 2024-10-09T21:29:37.178+0300: 786.385: [ParNew: 451226K->51072K(460096K), 0.0246022 secs] 1804019K->1408399K(4143232K), 0.0246838 secs] [Times: user=0.02 sys=0.00, real=0.02 secs] 
2024-10-09T21:29:37.193+0300: 786.410: Total time for which application threads were stopped: 0.0249463 seconds, Stopping threads took: 0.0001426 seconds
2024-10-09T21:29:37.382+0300: 786.596: Application time: 0.1864007 seconds
2024-10-09T21:29:37.382+0300: 786.597: [GC (Allocation Failure) 2024-10-09T21:29:37.382+0300: 786.597: [ParNew: 460096K->51072K(460096K), 0.0348525 secs] 1452478K->1078427K(4143232K), 0.0349417 secs] [Times: user=0.03 sys=0.00, real=0.03 secs] 
2024-10-09T21:29:37.413+0300: 786.632: Total time for which application threads were stopped: 0.0352888 seconds, Stopping threads took: 0.0002111 seconds
2024-10-09T21:29:37.649+0300: 786.856: Application time: 0.2244048 seconds
2024-10-09T21:29:37.649+0300: 786.856: [GC (Allocation Failure) 2024-10-09T21:29:37.649+0300: 786.857: [ParNew: 460096K->42192K(460096K), 0.0247919 secs] 1054706K->655836K(4143232K), 0.0248883 secs] [Times: user=0.03 sys=0.00, real=0.02 secs] 
2024-10-09T21:29:37.665+0300: 786.881: Total time for which application threads were stopped: 0.0253772 seconds, Stopping threads took: 0.0003217 seconds
2024-10-09T21:29:37.885+0300: 787.103: Application time: 0.2218468 seconds
2024-10-09T21:29:37.900+0300: 787.104: [GC (Allocation Failure) 2024-10-09T21:29:37.900+0300: 787.104: [ParNew: 451216K->51072K(460096K), 0.0234346 secs] 683037K->293075K(4143232K), 0.0235237 secs] [Times: user=0.02 sys=0.00, real=0.02 secs] 
2024-10-09T21:29:37.916+0300: 787.127: Total time for which application threads were stopped: 0.0238475 seconds, Stopping threads took: 0.0001349 seconds
2024-10-09T21:29:37.932+0300: 787.137: [CMS-concurrent-sweep: 1.717/1.946 secs] [Times: user=10.16 sys=0.05, real=1.95 secs] 
2024-10-09T21:29:37.932+0300: 787.137: [CMS-concurrent-reset-start]
2024-10-09T21:29:37.932+0300: 787.145: [CMS-concurrent-reset: 0.008/0.008 secs] [Times: user=0.00 sys=0.00, real=0.00 secs] 
2024-10-09T21:29:38.092+0300: 787.296: Application time: 0.1684257 seconds
2024-10-09T21:29:38.092+0300: 787.296: [GC (Allocation Failure) 2024-10-09T21:29:38.092+0300: 787.296: [ParNew: 460096K->51072K(460096K), 0.0225483 secs] 686269K->289484K(4143232K), 0.0226303 secs] [Times: user=0.01 sys=0.00, real=0.02 secs] 
2024-10-09T21:29:38.114+0300: 787.318: Total time for which application threads were stopped: 0.0228832 seconds, Stopping threads took: 0.0001315 seconds
2024-10-09T21:29:38.293+0300: 787.507: Application time: 0.1890285 seconds
2024-10-09T21:29:38.293+0300: 787.508: [GC (Allocation Failure) 2024-10-09T21:29:38.293+0300: 787.508: [ParNew: 460096K->51072K(460096K), 0.0284666 secs] 698508K->315329K(4143232K), 0.0285515 secs] [Times: user=0.03 sys=0.00, real=0.04 secs] 
2024-10-09T21:29:38.332+0300: 787.536: Total time for which application threads were stopped: 0.0288287 seconds, Stopping threads took: 0.0001481 seconds
2024-10-09T21:29:38.513+0300: 787.720: Application time: 0.1834759 seconds
2024-10-09T21:29:38.513+0300: 787.720: [GC (Allocation Failure) 2024-10-09T21:29:38.513+0300: 787.720: [ParNew: 460096K->51072K(460096K), 0.0263385 secs] 724353K->331578K(4143232K), 0.0264274 secs] [Times: user=0.02 sys=0.00, real=0.02 secs] 
2024-10-09T21:29:38.532+0300: 787.746: Total time for which application threads were stopped: 0.0267181 seconds, Stopping threads took: 0.0001574 seconds
2024-10-09T21:29:38.702+0300: 787.919: Application time: 0.1723905 seconds
2024-10-09T21:29:38.702+0300: 787.919: [GC (Allocation Failure) 2024-10-09T21:29:38.702+0300: 787.919: [ParNew: 460096K->46500K(460096K), 0.0290287 secs] 740602K->355470K(4143232K), 0.0291211 secs] [Times: user=0.03 sys=0.00, real=0.03 secs] 
2024-10-09T21:29:38.733+0300: 787.948: Total time for which application threads were stopped: 0.0294421 seconds, Stopping threads took: 0.0001799 seconds
2024-10-09T21:29:38.921+0300: 788.132: Application time: 0.1838336 seconds
2024-10-09T21:29:38.921+0300: 788.132: [GC (Allocation Failure) 2024-10-09T21:29:38.921+0300: 788.132: [ParNew: 455524K->51072K(460096K), 0.0249840 secs] 764494K->377209K(4143232K), 0.0250804 secs] [Times: user=0.02 sys=0.00, real=0.03 secs] 
2024-10-09T21:29:38.953+0300: 788.158: Total time for which application threads were stopped: 0.0253841 seconds, Stopping threads took: 0.0001470 seconds
2024-10-09T21:29:39.133+0300: 788.341: Application time: 0.1830727 seconds
2024-10-09T21:29:39.133+0300: 788.341: [GC (Allocation Failure) 2024-10-09T21:29:39.133+0300: 788.341: [ParNew: 460096K->51072K(460096K), 0.0252784 secs] 786233K->390816K(4143232K), 0.0253638 secs] [Times: user=0.02 sys=0.00, real=0.03 secs] 
2024-10-09T21:29:39.158+0300: 788.366: Total time for which application threads were stopped: 0.0256452 seconds, Stopping threads took: 0.0001440 seconds
2024-10-09T21:29:39.314+0300: 788.532: Application time: 0.1661221 seconds
2024-10-09T21:29:39.314+0300: 788.533: [GC (Allocation Failure) 2024-10-09T21:29:39.314+0300: 788.533: [ParNew: 460096K->47137K(460096K), 0.0286144 secs] 799840K->412139K(4143232K), 0.0286981 secs] [Times: user=0.03 sys=0.00, real=0.03 secs] 
2024-10-09T21:29:39.346+0300: 788.561: Total time for which application threads were stopped: 0.0289816 seconds, Stopping threads took: 0.0001611 seconds
2024-10-09T21:29:39.534+0300: 788.743: Application time: 0.1811572 seconds
2024-10-09T21:29:39.534+0300: 788.743: [GC (Allocation Failure) 2024-10-09T21:29:39.534+0300: 788.743: [ParNew: 456161K->51072K(460096K), 0.0241402 secs] 821163K->433944K(4143232K), 0.0242269 secs] [Times: user=0.01 sys=0.00, real=0.02 secs] 
2024-10-09T21:29:39.550+0300: 788.767: Total time for which application threads were stopped: 0.0244886 seconds, Stopping threads took: 0.0001373 seconds
2024-10-09T21:29:39.739+0300: 788.955: Application time: 0.1879860 seconds
2024-10-09T21:29:39.739+0300: 788.955: [GC (Allocation Failure) 2024-10-09T21:29:39.739+0300: 788.955: [ParNew: 460096K->51072K(460096K), 0.0280719 secs] 842968K->453929K(4143232K), 0.0281618 secs] [Times: user=0.03 sys=0.00, real=0.03 secs] 
2024-10-09T21:29:39.770+0300: 788.984: Total time for which application threads were stopped: 0.0285006 seconds, Stopping threads took: 0.0001832 seconds
2024-10-09T21:29:39.943+0300: 789.157: Application time: 0.1735674 seconds
2024-10-09T21:29:39.943+0300: 789.157: [GC (Allocation Failure) 2024-10-09T21:29:39.943+0300: 789.157: [ParNew: 460096K->51072K(460096K), 0.0284177 secs] 862953K->474767K(4143232K), 0.0285074 secs] [Times: user=0.01 sys=0.02, real=0.03 secs] 
2024-10-09T21:29:39.974+0300: 789.186: Total time for which application threads were stopped: 0.0288140 seconds, Stopping threads took: 0.0001836 seconds
2024-10-09T21:29:40.147+0300: 789.365: Application time: 0.1787923 seconds
2024-10-09T21:29:40.147+0300: 789.365: [GC (Allocation Failure) 2024-10-09T21:29:40.147+0300: 789.365: [ParNew: 460096K->51072K(460096K), 0.0241837 secs] 883791K->490020K(4143232K), 0.0242808 secs] [Times: user=0.03 sys=0.00, real=0.03 secs] 
2024-10-09T21:29:40.178+0300: 789.389: Total time for which application threads were stopped: 0.0246170 seconds, Stopping threads took: 0.0002039 seconds
2024-10-09T21:29:40.361+0300: 789.565: Application time: 0.1756363 seconds
2024-10-09T21:29:40.362+0300: 789.565: [GC (Allocation Failure) 2024-10-09T21:29:40.362+0300: 789.565: [ParNew: 460096K->50707K(460096K), 0.0261504 secs] 899044K->511773K(4143232K), 0.0262348 secs] [Times: user=0.02 sys=0.00, real=0.02 secs] 
2024-10-09T21:29:40.382+0300: 789.591: Total time for which application threads were stopped: 0.0265072 seconds, Stopping threads took: 0.0001459 seconds
2024-10-09T21:29:40.555+0300: 789.768: Application time: 0.1766141 seconds
2024-10-09T21:29:40.555+0300: 789.768: [GC (Allocation Failure) 2024-10-09T21:29:40.555+0300: 789.768: [ParNew: 459731K->51072K(460096K), 0.0248294 secs] 920797K->524176K(4143232K), 0.0249257 secs] [Times: user=0.03 sys=0.00, real=0.03 secs] 
2024-10-09T21:29:40.586+0300: 789.793: Total time for which application threads were stopped: 0.0251805 seconds, Stopping threads took: 0.0001240 seconds
2024-10-09T21:29:40.775+0300: 789.979: Application time: 0.1858035 seconds
2024-10-09T21:29:40.775+0300: 789.979: [GC (Allocation Failure) 2024-10-09T21:29:40.775+0300: 789.979: [ParNew: 460096K->51072K(460096K), 0.0264104 secs] 933200K->542946K(4143232K), 0.0264919 secs] [Times: user=0.01 sys=0.00, real=0.01 secs] 
2024-10-09T21:29:40.790+0300: 790.006: Total time for which application threads were stopped: 0.0267503 seconds, Stopping threads took: 0.0001370 seconds
2024-10-09T21:29:40.963+0300: 790.172: Application time: 0.1664540 seconds
2024-10-09T21:29:40.963+0300: 790.172: [GC (Allocation Failure) 2024-10-09T21:29:40.963+0300: 790.173: [ParNew: 460096K->51072K(460096K), 0.0259772 secs] 951970K->565117K(4143232K), 0.0260677 secs] [Times: user=0.02 sys=0.00, real=0.03 secs] 
2024-10-09T21:29:40.994+0300: 790.199: Total time for which application threads were stopped: 0.0263004 seconds, Stopping threads took: 0.0001089 seconds
2024-10-09T21:29:41.167+0300: 790.382: Application time: 0.1833554 seconds
2024-10-09T21:29:41.167+0300: 790.382: [GC (Allocation Failure) 2024-10-09T21:29:41.167+0300: 790.382: [ParNew: 460096K->51072K(460096K), 0.0244237 secs] 974141K->579243K(4143232K), 0.0245112 secs] [Times: user=0.03 sys=0.00, real=0.03 secs] 
2024-10-09T21:29:41.198+0300: 790.407: Total time for which application threads were stopped: 0.0247691 seconds, Stopping threads took: 0.0001363 seconds
2024-10-09T21:29:41.386+0300: 790.596: Application time: 0.1895876 seconds
2024-10-09T21:29:41.386+0300: 790.597: [GC (Allocation Failure) 2024-10-09T21:29:41.386+0300: 790.597: [ParNew: 460096K->51072K(460096K), 0.0279496 secs] 988267K->600658K(4143232K), 0.0286748 secs] [Times: user=0.03 sys=0.00, real=0.03 secs] 
2024-10-09T21:29:41.418+0300: 790.625: Total time for which application threads were stopped: 0.0289296 seconds, Stopping threads took: 0.0001313 seconds
2024-10-09T21:29:41.590+0300: 790.796: Application time: 0.1708653 seconds
2024-10-09T21:29:41.590+0300: 790.796: [GC (Allocation Failure) 2024-10-09T21:29:41.590+0300: 790.796: [ParNew: 460096K->51072K(460096K), 0.0303419 secs] 1009682K->621555K(4143232K), 0.0304310 secs] [Times: user=0.12 sys=0.00, real=0.03 secs] 
2024-10-09T21:29:41.622+0300: 790.827: Total time for which application threads were stopped: 0.0307080 seconds, Stopping threads took: 0.0001370 seconds
2024-10-09T21:29:41.794+0300: 791.003: Application time: 0.1764632 seconds
2024-10-09T21:29:41.794+0300: 791.003: [GC (Allocation Failure) 2024-10-09T21:29:41.794+0300: 791.004: [ParNew: 460096K->45229K(460096K), 0.0244758 secs] 1030579K->637744K(4143232K), 0.0245600 secs] [Times: user=0.02 sys=0.00, real=0.02 secs] 
2024-10-09T21:29:41.810+0300: 791.028: Total time for which application threads were stopped: 0.0248038 seconds, Stopping threads took: 0.0001203 seconds
2024-10-09T21:29:42.014+0300: 791.220: Application time: 0.1918175 seconds
2024-10-09T21:29:42.014+0300: 791.220: [GC (Allocation Failure) 2024-10-09T21:29:42.014+0300: 791.220: [ParNew: 454253K->51072K(460096K), 0.0233146 secs] 1046768K->653740K(4143232K), 0.0234000 secs] [Times: user=0.05 sys=0.00, real=0.03 secs] 
2024-10-09T21:29:42.040+0300: 791.244: Total time for which application threads were stopped: 0.0236742 seconds, Stopping threads took: 0.0001532 seconds
2024-10-09T21:29:42.202+0300: 791.413: Application time: 0.1694711 seconds
2024-10-09T21:29:42.202+0300: 791.413: [GC (Allocation Failure) 2024-10-09T21:29:42.202+0300: 791.413: [ParNew: 460096K->51072K(460096K), 0.0275813 secs] 1062764K->672903K(4143232K), 0.0276693 secs] [Times: user=0.03 sys=0.00, real=0.03 secs] 
2024-10-09T21:29:42.234+0300: 791.441: Total time for which application threads were stopped: 0.0279345 seconds, Stopping threads took: 0.0001403 seconds
2024-10-09T21:29:42.406+0300: 791.614: Application time: 0.1729413 seconds
2024-10-09T21:29:42.406+0300: 791.614: [GC (Allocation Failure) 2024-10-09T21:29:42.406+0300: 791.614: [ParNew: 460096K->47493K(460096K), 0.0254206 secs] 1081927K->691590K(4143232K), 0.0255126 secs] [Times: user=0.03 sys=0.00, real=0.02 secs] 
2024-10-09T21:29:42.422+0300: 791.640: Total time for which application threads were stopped: 0.0257881 seconds, Stopping threads took: 0.0001230 seconds
2024-10-09T21:29:42.610+0300: 791.829: Application time: 0.1889345 seconds
2024-10-09T21:29:42.610+0300: 791.829: [GC (Allocation Failure) 2024-10-09T21:29:42.610+0300: 791.829: [ParNew: 456517K->51072K(460096K), 0.0356731 secs] 1100614K->712725K(4143232K), 0.0357661 secs] [Times: user=0.09 sys=0.00, real=0.05 secs] 
2024-10-09T21:29:42.658+0300: 791.865: Total time for which application threads were stopped: 0.0360403 seconds, Stopping threads took: 0.0001248 seconds
2024-10-09T21:29:42.830+0300: 792.039: Application time: 0.1748061 seconds
2024-10-09T21:29:42.830+0300: 792.040: [GC (Allocation Failure) 2024-10-09T21:29:42.830+0300: 792.040: [ParNew: 460096K->51072K(460096K), 0.0228267 secs] 1121749K->720928K(4143232K), 0.0229198 secs] [Times: user=0.02 sys=0.00, real=0.02 secs] 
2024-10-09T21:29:42.846+0300: 792.063: Total time for which application threads were stopped: 0.0231693 seconds, Stopping threads took: 0.0001137 seconds
2024-10-09T21:29:43.034+0300: 792.241: Application time: 0.1785150 seconds
2024-10-09T21:29:43.034+0300: 792.241: [GC (Allocation Failure) 2024-10-09T21:29:43.034+0300: 792.241: [ParNew: 460096K->48899K(460096K), 0.0261803 secs] 1129952K->742901K(4143232K), 0.0262688 secs] [Times: user=0.01 sys=0.00, real=0.02 secs] 
2024-10-09T21:29:43.050+0300: 792.268: Total time for which application threads were stopped: 0.0265297 seconds, Stopping threads took: 0.0001397 seconds
2024-10-09T21:29:43.242+0300: 792.453: Application time: 0.1848818 seconds
2024-10-09T21:29:43.242+0300: 792.453: [GC (Allocation Failure) 2024-10-09T21:29:43.242+0300: 792.453: [ParNew: 457923K->51072K(460096K), 0.0235514 secs] 1151925K->755506K(4143232K), 0.0236429 secs] [Times: user=0.03 sys=0.00, real=0.03 secs] 
2024-10-09T21:29:43.269+0300: 792.477: Total time for which application threads were stopped: 0.0239332 seconds, Stopping threads took: 0.0001633 seconds
2024-10-09T21:29:43.442+0300: 792.650: Application time: 0.1734229 seconds
2024-10-09T21:29:43.442+0300: 792.650: [GC (Allocation Failure) 2024-10-09T21:29:43.442+0300: 792.650: [ParNew: 460096K->51072K(460096K), 0.0255179 secs] 1164530K->772631K(4143232K), 0.0256168 secs] [Times: user=0.01 sys=0.00, real=0.02 secs] 
2024-10-09T21:29:43.458+0300: 792.676: Total time for which application threads were stopped: 0.0259122 seconds, Stopping threads took: 0.0001589 seconds
2024-10-09T21:29:43.662+0300: 792.870: Application time: 0.1942137 seconds
2024-10-09T21:29:43.662+0300: 792.870: [GC (Allocation Failure) 2024-10-09T21:29:43.662+0300: 792.870: [ParNew: 460096K->51072K(460096K), 0.0289717 secs] 1181655K->799606K(4143232K), 0.0290620 secs] [Times: user=0.05 sys=0.00, real=0.03 secs] 
2024-10-09T21:29:43.693+0300: 792.899: Total time for which application threads were stopped: 0.0293532 seconds, Stopping threads took: 0.0001469 seconds
2024-10-09T21:29:43.866+0300: 793.078: Application time: 0.1786179 seconds
2024-10-09T21:29:43.866+0300: 793.078: [GC (Allocation Failure) 2024-10-09T21:29:43.866+0300: 793.078: [ParNew: 460096K->51072K(460096K), 0.0239168 secs] 1208630K->813316K(4143232K), 0.0239992 secs] [Times: user=0.03 sys=0.00, real=0.03 secs] 
2024-10-09T21:29:43.897+0300: 793.102: Total time for which application threads were stopped: 0.0242397 seconds, Stopping threads took: 0.0001158 seconds
2024-10-09T21:29:44.055+0300: 793.272: Application time: 0.1701545 seconds
2024-10-09T21:29:44.055+0300: 793.273: [GC (Allocation Failure) 2024-10-09T21:29:44.055+0300: 793.273: [ParNew: 460096K->51072K(460096K), 0.0222331 secs] 1222340K->824104K(4143232K), 0.0223165 secs] [Times: user=0.03 sys=0.00, real=0.03 secs] 
2024-10-09T21:29:44.086+0300: 793.295: Total time for which application threads were stopped: 0.0225933 seconds, Stopping threads took: 0.0001517 seconds
2024-10-09T21:29:44.274+0300: 793.485: Application time: 0.1899469 seconds
2024-10-09T21:29:44.274+0300: 793.485: [GC (Allocation Failure) 2024-10-09T21:29:44.274+0300: 793.485: [ParNew: 460096K->51072K(460096K), 0.0283051 secs] 1233128K->850930K(4143232K), 0.0283917 secs] [Times: user=0.03 sys=0.00, real=0.03 secs] 
2024-10-09T21:29:44.305+0300: 793.514: Total time for which application threads were stopped: 0.0286283 seconds, Stopping threads took: 0.0001149 seconds
2024-10-09T21:29:44.479+0300: 793.696: Application time: 0.1819536 seconds
2024-10-09T21:29:44.479+0300: 793.696: [GC (Allocation Failure) 2024-10-09T21:29:44.479+0300: 793.696: [ParNew: 460096K->48608K(460096K), 0.0239995 secs] 1259954K->859732K(4143232K), 0.0240890 secs] [Times: user=0.03 sys=0.00, real=0.03 secs] 
2024-10-09T21:29:44.510+0300: 793.720: Total time for which application threads were stopped: 0.0243620 seconds, Stopping threads took: 0.0001397 seconds
2024-10-09T21:29:44.698+0300: 793.909: Application time: 0.1892364 seconds
2024-10-09T21:29:44.698+0300: 793.910: [GC (Allocation Failure) 2024-10-09T21:29:44.698+0300: 793.910: [ParNew: 457632K->51072K(460096K), 0.0244809 secs] 1268756K->874808K(4143232K), 0.0245714 secs] [Times: user=0.06 sys=0.00, real=0.03 secs] 
2024-10-09T21:29:44.730+0300: 793.934: Total time for which application threads were stopped: 0.0249976 seconds, Stopping threads took: 0.0002757 seconds
2024-10-09T21:29:44.918+0300: 794.123: Application time: 0.1892714 seconds
2024-10-09T21:29:44.918+0300: 794.124: [GC (Allocation Failure) 2024-10-09T21:29:44.918+0300: 794.124: [ParNew: 460096K->51072K(460096K), 0.0276889 secs] 1283832K->901506K(4143232K), 0.0277764 secs] [Times: user=0.03 sys=0.00, real=0.03 secs] 
2024-10-09T21:29:44.946+0300: 794.152: Total time for which application threads were stopped: 0.0280649 seconds, Stopping threads took: 0.0001505 seconds
2024-10-09T21:29:45.138+0300: 794.349: Application time: 0.1971562 seconds
2024-10-09T21:29:45.138+0300: 794.349: [GC (Allocation Failure) 2024-10-09T21:29:45.146+0300: 794.349: [ParNew: 460096K->51072K(460096K), 0.0232040 secs] 1310530K->911055K(4143232K), 0.0232972 secs] [Times: user=0.09 sys=0.00, real=0.02 secs] 
2024-10-09T21:29:45.154+0300: 794.372: Total time for which application threads were stopped: 0.0235910 seconds, Stopping threads took: 0.0001395 seconds
2024-10-09T21:29:45.326+0300: 794.544: Application time: 0.1718890 seconds
2024-10-09T21:29:45.326+0300: 794.544: [GC (Allocation Failure) 2024-10-09T21:29:45.326+0300: 794.545: [ParNew: 460096K->51072K(460096K), 0.0272182 secs] 1320079K->930491K(4143232K), 0.0273170 secs] [Times: user=0.19 sys=0.00, real=0.03 secs] 
2024-10-09T21:29:45.358+0300: 794.572: Total time for which application threads were stopped: 0.0276466 seconds, Stopping threads took: 0.0001683 seconds
2024-10-09T21:29:45.530+0300: 794.749: Application time: 0.1766878 seconds
2024-10-09T21:29:45.530+0300: 794.749: [GC (Allocation Failure) 2024-10-09T21:29:45.547+0300: 794.751: [ParNew: 460096K->50621K(460096K), 0.0271177 secs] 1339515K->953873K(4143232K), 0.0295383 secs] [Times: user=0.03 sys=0.00, real=0.03 secs] 
2024-10-09T21:29:45.562+0300: 794.778: Total time for which application threads were stopped: 0.0298353 seconds, Stopping threads took: 0.0001536 seconds
2024-10-09T21:29:45.750+0300: 794.967: Application time: 0.1889717 seconds
2024-10-09T21:29:45.750+0300: 794.968: [GC (Allocation Failure) 2024-10-09T21:29:45.750+0300: 794.968: [ParNew: 459645K->51072K(460096K), 0.0231180 secs] 1362897K->964627K(4143232K), 0.0232018 secs] [Times: user=0.12 sys=0.00, real=0.03 secs] 
2024-10-09T21:29:45.782+0300: 794.991: Total time for which application threads were stopped: 0.0235765 seconds, Stopping threads took: 0.0002400 seconds
2024-10-09T21:29:45.954+0300: 795.164: Application time: 0.1727782 seconds
2024-10-09T21:29:45.954+0300: 795.164: [GC (Allocation Failure) 2024-10-09T21:29:45.954+0300: 795.164: [ParNew: 460096K->51072K(460096K), 0.0316805 secs] 1373651K->993177K(4143232K), 0.0317749 secs] [Times: user=0.03 sys=0.00, real=0.03 secs] 
2024-10-09T21:29:45.986+0300: 795.196: Total time for which application threads were stopped: 0.0321070 seconds, Stopping threads took: 0.0001727 seconds
2024-10-09T21:29:46.173+0300: 795.381: Application time: 0.1854290 seconds
2024-10-09T21:29:46.173+0300: 795.381: [GC (Allocation Failure) 2024-10-09T21:29:46.173+0300: 795.382: [ParNew: 460096K->51072K(460096K), 0.0256574 secs] 1402201K->1011413K(4143232K), 0.0257532 secs] [Times: user=0.12 sys=0.00, real=0.02 secs] 
2024-10-09T21:29:46.189+0300: 795.407: Total time for which application threads were stopped: 0.0260397 seconds, Stopping threads took: 0.0001420 seconds
2024-10-09T21:29:46.377+0300: 795.584: Application time: 0.1769783 seconds
2024-10-09T21:29:46.377+0300: 795.584: [GC (Allocation Failure) 2024-10-09T21:29:46.377+0300: 795.584: [ParNew: 460096K->51072K(460096K), 0.0225773 secs] 1420437K->1020399K(4143232K), 0.0226685 secs] [Times: user=0.09 sys=0.00, real=0.02 secs] 
2024-10-09T21:29:46.393+0300: 795.607: Total time for which application threads were stopped: 0.0228984 seconds, Stopping threads took: 0.0001069 seconds
2024-10-09T21:29:46.566+0300: 795.782: Application time: 0.1749399 seconds
2024-10-09T21:29:46.566+0300: 795.782: [GC (Allocation Failure) 2024-10-09T21:29:46.566+0300: 795.782: [ParNew: 460096K->51072K(460096K), 0.0335884 secs] 1429423K->1051160K(4143232K), 0.0336798 secs] [Times: user=0.09 sys=0.00, real=0.05 secs] 
2024-10-09T21:29:46.613+0300: 795.816: Total time for which application threads were stopped: 0.0339383 seconds, Stopping threads took: 0.0001147 seconds
2024-10-09T21:29:46.801+0300: 796.005: Application time: 0.1888028 seconds
2024-10-09T21:29:46.801+0300: 796.005: [GC (Allocation Failure) 2024-10-09T21:29:46.801+0300: 796.005: [ParNew: 460096K->51072K(460096K), 0.0270933 secs] 1460184K->1072142K(4143232K), 0.0271785 secs] [Times: user=0.11 sys=0.00, real=0.02 secs] 
2024-10-09T21:29:46.817+0300: 796.032: Total time for which application threads were stopped: 0.0274389 seconds, Stopping threads took: 0.0001328 seconds
2024-10-09T21:29:47.010+0300: 796.214: Application time: 0.1816232 seconds
2024-10-09T21:29:47.011+0300: 796.214: [GC (Allocation Failure) 2024-10-09T21:29:47.011+0300: 796.214: [ParNew: 460096K->51072K(460096K), 0.0238510 secs] 1481166K->1080583K(4143232K), 0.0239350 secs] [Times: user=0.16 sys=0.00, real=0.01 secs] 
2024-10-09T21:29:47.021+0300: 796.238: Total time for which application threads were stopped: 0.0241895 seconds, Stopping threads took: 0.0001249 seconds
2024-10-09T21:29:47.194+0300: 796.408: Application time: 0.1698770 seconds
2024-10-09T21:29:47.194+0300: 796.408: [GC (Allocation Failure) 2024-10-09T21:29:47.194+0300: 796.408: [ParNew: 460096K->48349K(460096K), 0.0303384 secs] 1489607K->1108634K(4143232K), 0.0304287 secs] [Times: user=0.17 sys=0.00, real=0.03 secs] 
2024-10-09T21:29:47.225+0300: 796.439: Total time for which application threads were stopped: 0.0306963 seconds, Stopping threads took: 0.0001318 seconds
2024-10-09T21:29:47.414+0300: 796.627: Application time: 0.1882158 seconds
2024-10-09T21:29:47.414+0300: 796.627: [GC (Allocation Failure) 2024-10-09T21:29:47.414+0300: 796.627: [ParNew: 457373K->51072K(460096K), 0.0257412 secs] 1517658K->1129978K(4143232K), 0.0258363 secs] [Times: user=0.16 sys=0.00, real=0.03 secs] 
2024-10-09T21:29:47.445+0300: 796.653: Total time for which application threads were stopped: 0.0261438 seconds, Stopping threads took: 0.0001551 seconds
2024-10-09T21:29:47.633+0300: 796.846: Application time: 0.1930447 seconds
2024-10-09T21:29:47.633+0300: 796.846: [GC (Allocation Failure) 2024-10-09T21:29:47.633+0300: 796.847: [ParNew: 460096K->51072K(460096K), 0.0237904 secs] 1539002K->1136423K(4143232K), 0.0238730 secs] [Times: user=0.11 sys=0.00, real=0.03 secs] 
2024-10-09T21:29:47.665+0300: 796.870: Total time for which application threads were stopped: 0.0242919 seconds, Stopping threads took: 0.0002683 seconds
2024-10-09T21:29:47.822+0300: 797.028: Application time: 0.1576472 seconds
2024-10-09T21:29:47.822+0300: 797.028: [GC (Allocation Failure) 2024-10-09T21:29:47.822+0300: 797.028: [ParNew: 460096K->50298K(460096K), 0.0303105 secs] 1545447K->1164417K(4143232K), 0.0303955 secs] [Times: user=0.11 sys=0.00, real=0.03 secs] 
2024-10-09T21:29:47.853+0300: 797.059: Total time for which application threads were stopped: 0.0306886 seconds, Stopping threads took: 0.0001635 seconds
2024-10-09T21:29:48.041+0300: 797.251: Application time: 0.1925255 seconds
2024-10-09T21:29:48.041+0300: 797.251: [GC (Allocation Failure) 2024-10-09T21:29:48.041+0300: 797.252: [ParNew: 459322K->44696K(460096K), 0.0238020 secs] 1573441K->1176628K(4143232K), 0.0238877 secs] [Times: user=0.09 sys=0.02, real=0.02 secs] 
2024-10-09T21:29:48.057+0300: 797.275: Total time for which application threads were stopped: 0.0241594 seconds, Stopping threads took: 0.0001347 seconds
2024-10-09T21:29:48.261+0300: 797.471: Application time: 0.1958566 seconds
2024-10-09T21:29:48.261+0300: 797.471: [GC (Allocation Failure) 2024-10-09T21:29:48.261+0300: 797.472: [ParNew: 453720K->51072K(460096K), 0.0271658 secs] 1585652K->1195294K(4143232K), 0.0272538 secs] [Times: user=0.12 sys=0.00, real=0.03 secs] 
2024-10-09T21:29:48.293+0300: 797.499: Total time for which application threads were stopped: 0.0275057 seconds, Stopping threads took: 0.0001186 seconds
2024-10-09T21:29:48.453+0300: 797.659: Application time: 0.1604390 seconds
2024-10-09T21:29:48.453+0300: 797.660: [GC (Allocation Failure) 2024-10-09T21:29:48.453+0300: 797.660: [ParNew: 460096K->43035K(460096K), 0.0355131 secs] 1604318K->1222205K(4143232K), 0.0356063 secs] [Times: user=0.05 sys=0.00, real=0.03 secs] 
2024-10-09T21:29:48.481+0300: 797.695: Total time for which application threads were stopped: 0.0359235 seconds, Stopping threads took: 0.0001646 seconds
2024-10-09T21:29:48.685+0300: 797.890: Application time: 0.1944444 seconds
2024-10-09T21:29:48.685+0300: 797.890: [GC (Allocation Failure) 2024-10-09T21:29:48.685+0300: 797.890: [ParNew: 452059K->37052K(460096K), 0.0263101 secs] 1631229K->1241907K(4143232K), 0.0264067 secs] [Times: user=0.06 sys=0.00, real=0.02 secs] 
2024-10-09T21:29:48.701+0300: 797.916: Total time for which application threads were stopped: 0.0266967 seconds, Stopping threads took: 0.0001382 seconds
2024-10-09T21:29:48.889+0300: 798.108: Application time: 0.1915969 seconds
2024-10-09T21:29:48.905+0300: 798.108: [GC (Allocation Failure) 2024-10-09T21:29:48.905+0300: 798.108: [ParNew: 446076K->51072K(460096K), 0.0223954 secs] 1650931K->1261514K(4143232K), 0.0224851 secs] [Times: user=0.02 sys=0.00, real=0.02 secs] 
2024-10-09T21:29:48.921+0300: 798.131: Total time for which application threads were stopped: 0.0227807 seconds, Stopping threads took: 0.0001515 seconds
2024-10-09T21:29:49.078+0300: 798.293: Application time: 0.1619317 seconds
2024-10-09T21:29:49.078+0300: 798.293: [GC (Allocation Failure) 2024-10-09T21:29:49.078+0300: 798.293: [ParNew: 460096K->51072K(460096K), 0.0337839 secs] 1670538K->1294009K(4143232K), 0.0338653 secs] [Times: user=0.03 sys=0.00, real=0.03 secs] 
2024-10-09T21:29:49.109+0300: 798.327: Total time for which application threads were stopped: 0.0341705 seconds, Stopping threads took: 0.0001804 seconds
2024-10-09T21:29:49.297+0300: 798.509: Application time: 0.1822634 seconds
2024-10-09T21:29:49.297+0300: 798.509: [GC (Allocation Failure) 2024-10-09T21:29:49.297+0300: 798.509: [ParNew: 460096K->39107K(460096K), 0.0258910 secs] 1703033K->1306823K(4143232K), 0.0259849 secs] [Times: user=0.03 sys=0.00, real=0.03 secs] 
2024-10-09T21:29:49.329+0300: 798.535: Total time for which application threads were stopped: 0.0262534 seconds, Stopping threads took: 0.0001176 seconds
2024-10-09T21:29:49.517+0300: 798.724: Application time: 0.1891360 seconds
2024-10-09T21:29:49.517+0300: 798.725: [GC (Allocation Failure) 2024-10-09T21:29:49.517+0300: 798.725: [ParNew: 448131K->51072K(460096K), 0.0224092 secs] 1715847K->1323168K(4143232K), 0.0224881 secs] [Times: user=0.02 sys=0.00, real=0.02 secs] 
2024-10-09T21:29:49.533+0300: 798.747: Total time for which application threads were stopped: 0.0227529 seconds, Stopping threads took: 0.0001358 seconds
2024-10-09T21:29:49.705+0300: 798.923: Application time: 0.1755859 seconds
2024-10-09T21:29:49.705+0300: 798.923: [GC (Allocation Failure) 2024-10-09T21:29:49.705+0300: 798.923: [ParNew: 460096K->51072K(460096K), 0.0349997 secs] 1732192K->1359862K(4143232K), 0.0350904 secs] [Times: user=0.03 sys=0.00, real=0.05 secs] 
2024-10-09T21:29:49.752+0300: 798.958: Total time for which application threads were stopped: 0.0353337 seconds, Stopping threads took: 0.0001134 seconds
2024-10-09T21:29:49.925+0300: 799.144: Application time: 0.1856090 seconds
2024-10-09T21:29:49.925+0300: 799.144: [GC (Allocation Failure) 2024-10-09T21:29:49.925+0300: 799.144: [ParNew: 460096K->48471K(460096K), 0.0270289 secs] 1768886K->1385681K(4143232K), 0.0271245 secs] [Times: user=0.02 sys=0.00, real=0.03 secs] 
2024-10-09T21:29:49.957+0300: 799.171: Total time for which application threads were stopped: 0.0273825 seconds, Stopping threads took: 0.0001288 seconds
2024-10-09T21:29:50.157+0300: 799.363: Application time: 0.1920367 seconds
2024-10-09T21:29:50.157+0300: 799.363: [GC (Allocation Failure) 2024-10-09T21:29:50.157+0300: 799.363: [ParNew: 457495K->51072K(460096K), 0.0233310 secs] 1794705K->1392177K(4143232K), 0.0234161 secs] [Times: user=0.02 sys=0.00, real=0.02 secs] 
2024-10-09T21:29:50.176+0300: 799.387: Total time for which application threads were stopped: 0.0236801 seconds, Stopping threads took: 0.0001418 seconds
2024-10-09T21:29:50.333+0300: 799.546: Application time: 0.1588695 seconds
2024-10-09T21:29:50.333+0300: 799.546: [GC (Allocation Failure) 2024-10-09T21:29:50.333+0300: 799.546: [ParNew: 460096K->49990K(460096K), 0.0290398 secs] 1801201K->1418472K(4143232K), 0.0291261 secs] [Times: user=0.03 sys=0.00, real=0.03 secs] 
2024-10-09T21:29:50.365+0300: 799.575: Total time for which application threads were stopped: 0.0293915 seconds, Stopping threads took: 0.0001390 seconds
2024-10-09T21:29:50.553+0300: 799.760: Application time: 0.1849355 seconds
2024-10-09T21:29:50.553+0300: 799.760: [GC (Allocation Failure) 2024-10-09T21:29:50.553+0300: 799.760: [ParNew: 459014K->51072K(460096K), 0.0254771 secs] 1827496K->1438567K(4143232K), 0.0255689 secs] [Times: user=0.03 sys=0.00, real=0.02 secs] 
2024-10-09T21:29:50.569+0300: 799.786: Total time for which application threads were stopped: 0.0258664 seconds, Stopping threads took: 0.0001421 seconds
2024-10-09T21:29:50.773+0300: 799.983: Application time: 0.1969114 seconds
2024-10-09T21:29:50.773+0300: 799.983: [GC (Allocation Failure) 2024-10-09T21:29:50.773+0300: 799.983: [ParNew: 460096K->51072K(460096K), 0.0276177 secs] 1847591K->1455315K(4143232K), 0.0277136 secs] [Times: user=0.03 sys=0.00, real=0.03 secs] 
2024-10-09T21:29:50.804+0300: 800.011: Total time for which application threads were stopped: 0.0280762 seconds, Stopping threads took: 0.0002042 seconds
2024-10-09T21:29:50.961+0300: 800.177: Application time: 0.1660929 seconds
2024-10-09T21:29:50.961+0300: 800.177: [GC (Allocation Failure) 2024-10-09T21:29:50.961+0300: 800.177: [ParNew: 460096K->51072K(460096K), 0.0267060 secs] 1864339K->1475045K(4143232K), 0.0267978 secs] [Times: user=0.03 sys=0.00, real=0.03 secs] 
2024-10-09T21:29:50.992+0300: 800.204: Total time for which application threads were stopped: 0.0270931 seconds, Stopping threads took: 0.0001714 seconds
2024-10-09T21:29:51.181+0300: 800.393: Application time: 0.1886546 seconds
2024-10-09T21:29:51.181+0300: 800.393: [GC (Allocation Failure) 2024-10-09T21:29:51.181+0300: 800.393: [ParNew: 460096K->43508K(460096K), 0.0275556 secs] 1884069K->1493219K(4143232K), 0.0276482 secs] [Times: user=0.03 sys=0.00, real=0.03 secs] 
2024-10-09T21:29:51.212+0300: 800.421: Total time for which application threads were stopped: 0.0279055 seconds, Stopping threads took: 0.0001321 seconds
2024-10-09T21:29:51.400+0300: 800.607: Application time: 0.1867451 seconds
2024-10-09T21:29:51.400+0300: 800.608: [GC (Allocation Failure) 2024-10-09T21:29:51.400+0300: 800.608: [ParNew: 452532K->51072K(460096K), 0.0242134 secs] 1902243K->1509946K(4143232K), 0.0242976 secs] [Times: user=0.02 sys=0.00, real=0.02 secs] 
2024-10-09T21:29:51.416+0300: 800.632: Total time for which application threads were stopped: 0.0245574 seconds, Stopping threads took: 0.0001354 seconds
2024-10-09T21:29:51.589+0300: 800.805: Application time: 0.1727581 seconds
2024-10-09T21:29:51.589+0300: 800.805: [GC (Allocation Failure) 2024-10-09T21:29:51.589+0300: 800.805: [ParNew: 460096K->51061K(460096K), 0.0307774 secs] 1918970K->1534793K(4143232K), 0.0308720 secs] [Times: user=0.17 sys=0.00, real=0.03 secs] 
2024-10-09T21:29:51.620+0300: 800.836: Total time for which application threads were stopped: 0.0311991 seconds, Stopping threads took: 0.0001816 seconds
2024-10-09T21:29:51.809+0300: 801.026: Application time: 0.1905746 seconds
2024-10-09T21:29:51.809+0300: 801.027: [GC (Allocation Failure) 2024-10-09T21:29:51.809+0300: 801.027: [ParNew: 460085K->51072K(460096K), 0.0255006 secs] 1943817K->1555418K(4143232K), 0.0255950 secs] [Times: user=0.03 sys=0.00, real=0.03 secs] 
2024-10-09T21:29:51.840+0300: 801.052: Total time for which application threads were stopped: 0.0258483 seconds, Stopping threads took: 0.0001283 seconds
2024-10-09T21:29:52.028+0300: 801.239: Application time: 0.1869513 seconds
2024-10-09T21:29:52.028+0300: 801.240: [GC (Allocation Failure) 2024-10-09T21:29:52.028+0300: 801.240: [ParNew: 460096K->51072K(460096K), 0.0271522 secs] 1964442K->1570084K(4143232K), 0.0272394 secs] [Times: user=0.03 sys=0.00, real=0.03 secs] 
2024-10-09T21:29:52.061+0300: 801.267: Total time for which application threads were stopped: 0.0275015 seconds, Stopping threads took: 0.0001368 seconds
2024-10-09T21:29:52.217+0300: 801.433: Application time: 0.1661306 seconds
2024-10-09T21:29:52.217+0300: 801.433: [GC (Allocation Failure) 2024-10-09T21:29:52.217+0300: 801.433: [ParNew: 460096K->48400K(460096K), 0.0307560 secs] 1979108K->1598803K(4143232K), 0.0308429 secs] [Times: user=0.03 sys=0.00, real=0.03 secs] 
2024-10-09T21:29:52.248+0300: 801.464: Total time for which application threads were stopped: 0.0311133 seconds, Stopping threads took: 0.0001447 seconds
2024-10-09T21:29:52.452+0300: 801.656: Application time: 0.1920613 seconds
2024-10-09T21:29:52.452+0300: 801.656: [GC (Allocation Failure) 2024-10-09T21:29:52.452+0300: 801.656: [ParNew: 457424K->51072K(460096K), 0.0226743 secs] 2007827K->1613581K(4143232K), 0.0227596 secs] [Times: user=0.02 sys=0.00, real=0.02 secs] 
2024-10-09T21:29:52.468+0300: 801.679: Total time for which application threads were stopped: 0.0230259 seconds, Stopping threads took: 0.0001397 seconds
2024-10-09T21:29:52.663+0300: 801.869: Application time: 0.1900177 seconds
2024-10-09T21:29:52.663+0300: 801.869: [GC (Allocation Failure) 2024-10-09T21:29:52.663+0300: 801.869: [ParNew: 460096K->51072K(460096K), 0.0255013 secs] 2022605K->1625584K(4143232K), 0.0255882 secs] [Times: user=0.03 sys=0.00, real=0.02 secs] 
2024-10-09T21:29:52.688+0300: 801.895: Total time for which application threads were stopped: 0.0258368 seconds, Stopping threads took: 0.0001301 seconds
2024-10-09T21:29:52.845+0300: 802.062: Application time: 0.1669254 seconds
2024-10-09T21:29:52.845+0300: 802.062: [GC (Allocation Failure) 2024-10-09T21:29:52.845+0300: 802.062: [ParNew: 460096K->42394K(460096K), 0.0290489 secs] 2034608K->1647929K(4143232K), 0.0291374 secs] [Times: user=0.03 sys=0.00, real=0.03 secs] 
2024-10-09T21:29:52.876+0300: 802.091: Total time for which application threads were stopped: 0.0294646 seconds, Stopping threads took: 0.0002068 seconds
2024-10-09T21:29:53.080+0300: 802.284: Application time: 0.1923790 seconds
2024-10-09T21:29:53.080+0300: 802.284: [GC (Allocation Failure) 2024-10-09T21:29:53.080+0300: 802.284: [ParNew: 451418K->51072K(460096K), 0.0231727 secs] 2056953K->1660595K(4143232K), 0.0232593 secs] [Times: user=0.01 sys=0.00, real=0.02 secs] 
2024-10-09T21:29:53.096+0300: 802.307: Total time for which application threads were stopped: 0.0235149 seconds, Stopping threads took: 0.0001289 seconds
2024-10-09T21:29:53.285+0300: 802.493: Application time: 0.1852325 seconds
2024-10-09T21:29:53.285+0300: 802.493: [GC (Allocation Failure) 2024-10-09T21:29:53.285+0300: 802.493: [ParNew: 460096K->51072K(460096K), 0.0300167 secs] 2069619K->1682965K(4143232K), 0.0301067 secs] [Times: user=0.02 sys=0.00, real=0.03 secs] 
2024-10-09T21:29:53.316+0300: 802.523: Total time for which application threads were stopped: 0.0303579 seconds, Stopping threads took: 0.0001280 seconds
2024-10-09T21:29:53.473+0300: 802.687: Application time: 0.1643726 seconds
2024-10-09T21:29:53.473+0300: 802.688: [GC (Allocation Failure) 2024-10-09T21:29:53.473+0300: 802.688: [ParNew: 460096K->48884K(460096K), 0.0301962 secs] 2091989K->1715431K(4143232K), 0.0302867 secs] [Times: user=0.03 sys=0.00, real=0.03 secs] 
2024-10-09T21:29:53.504+0300: 802.718: Total time for which application threads were stopped: 0.0305641 seconds, Stopping threads took: 0.0001551 seconds
2024-10-09T21:29:53.708+0300: 802.913: Application time: 0.1956040 seconds
2024-10-09T21:29:53.708+0300: 802.914: [GC (Allocation Failure) 2024-10-09T21:29:53.708+0300: 802.916: [ParNew: 457908K->51072K(460096K), 0.0218490 secs] 2124455K->1719686K(4143232K), 0.0241935 secs] [Times: user=0.02 sys=0.00, real=0.02 secs] 
2024-10-09T21:29:53.724+0300: 802.938: Total time for which application threads were stopped: 0.0244753 seconds, Stopping threads took: 0.0001328 seconds
2024-10-09T21:29:53.913+0300: 803.117: Application time: 0.1791537 seconds
2024-10-09T21:29:53.913+0300: 803.117: [GC (Allocation Failure) 2024-10-09T21:29:53.913+0300: 803.117: [ParNew: 460096K->51072K(460096K), 0.0284950 secs] 2128710K->1739165K(4143232K), 0.0285862 secs] [Times: user=0.02 sys=0.00, real=0.01 secs] 
2024-10-09T21:29:53.928+0300: 803.146: Total time for which application threads were stopped: 0.0288409 seconds, Stopping threads took: 0.0001219 seconds
2024-10-09T21:29:54.101+0300: 803.316: Application time: 0.1704361 seconds
2024-10-09T21:29:54.101+0300: 803.317: [GC (Allocation Failure) 2024-10-09T21:29:54.101+0300: 803.317: [ParNew: 460096K->48970K(460096K), 0.0279036 secs] 2148189K->1760867K(4143232K), 0.0279950 secs] [Times: user=0.03 sys=0.00, real=0.03 secs] 
2024-10-09T21:29:54.132+0300: 803.345: Total time for which application threads were stopped: 0.0283087 seconds, Stopping threads took: 0.0001745 seconds
2024-10-09T21:29:54.305+0300: 803.523: Application time: 0.1780811 seconds
2024-10-09T21:29:54.305+0300: 803.523: [GC (Allocation Failure) 2024-10-09T21:29:54.305+0300: 803.523: [ParNew: 457994K->47029K(460096K), 0.0253053 secs] 2169891K->1779153K(4143232K), 0.0253939 secs] [Times: user=0.03 sys=0.00, real=0.03 secs] 
2024-10-09T21:29:54.336+0300: 803.548: Total time for which application threads were stopped: 0.0256921 seconds, Stopping threads took: 0.0001726 seconds
2024-10-09T21:29:54.525+0300: 803.731: Application time: 0.1827610 seconds
2024-10-09T21:29:54.525+0300: 803.731: [GC (Allocation Failure) 2024-10-09T21:29:54.525+0300: 803.731: [ParNew: 456053K->51072K(460096K), 0.0262516 secs] 2188177K->1799234K(4143232K), 0.0263409 secs] [Times: user=0.05 sys=0.00, real=0.01 secs] 
2024-10-09T21:29:54.540+0300: 803.758: Total time for which application threads were stopped: 0.0266242 seconds, Stopping threads took: 0.0001482 seconds
2024-10-09T21:29:54.729+0300: 803.939: Application time: 0.1810597 seconds
2024-10-09T21:29:54.729+0300: 803.939: [GC (Allocation Failure) 2024-10-09T21:29:54.729+0300: 803.939: [ParNew: 460096K->51072K(460096K), 0.0267295 secs] 2208258K->1817331K(4143232K), 0.0268275 secs] [Times: user=0.01 sys=0.00, real=0.03 secs] 
2024-10-09T21:29:54.760+0300: 803.966: Total time for which application threads were stopped: 0.0271314 seconds, Stopping threads took: 0.0001517 seconds
2024-10-09T21:29:54.933+0300: 804.137: Application time: 0.1714051 seconds
2024-10-09T21:29:54.933+0300: 804.138: [GC (Allocation Failure) 2024-10-09T21:29:54.933+0300: 804.138: [ParNew: 460096K->51072K(460096K), 0.0288855 secs] 2226355K->1844680K(4143232K), 0.0289783 secs] [Times: user=0.01 sys=0.00, real=0.01 secs] 
2024-10-09T21:29:54.948+0300: 804.167: Total time for which application threads were stopped: 0.0292461 seconds, Stopping threads took: 0.0001339 seconds
2024-10-09T21:29:55.137+0300: 804.349: Application time: 0.1822520 seconds
2024-10-09T21:29:55.137+0300: 804.349: [GC (Allocation Failure) 2024-10-09T21:29:55.137+0300: 804.349: [ParNew: 460096K->46266K(460096K), 0.0248791 secs] 2253704K->1856076K(4143232K), 0.0249688 secs] [Times: user=0.03 sys=0.00, real=0.03 secs] 
2024-10-09T21:29:55.168+0300: 804.374: Total time for which application threads were stopped: 0.0252614 seconds, Stopping threads took: 0.0001418 seconds
2024-10-09T21:29:55.341+0300: 804.555: Application time: 0.1810142 seconds
2024-10-09T21:29:55.341+0300: 804.555: [GC (Allocation Failure) 2024-10-09T21:29:55.341+0300: 804.556: [ParNew: 455290K->51072K(460096K), 0.0234824 secs] 2265100K->1870605K(4143232K), 0.0235760 secs] [Times: user=0.03 sys=0.00, real=0.03 secs] 
2024-10-09T21:29:55.372+0300: 804.579: Total time for which application threads were stopped: 0.0238876 seconds, Stopping threads took: 0.0001684 seconds
2024-10-09T21:29:55.545+0300: 804.749: Application time: 0.1696837 seconds
2024-10-09T21:29:55.545+0300: 804.749: [GC (Allocation Failure) 2024-10-09T21:29:55.545+0300: 804.749: [ParNew: 460096K->51072K(460096K), 0.0303341 secs] 2279629K->1898981K(4143232K), 0.0304209 secs] [Times: user=0.02 sys=0.00, real=0.02 secs] 
2024-10-09T21:29:55.569+0300: 804.779: Total time for which application threads were stopped: 0.0306963 seconds, Stopping threads took: 0.0001499 seconds
2024-10-09T21:29:55.749+0300: 804.962: Application time: 0.1829142 seconds
2024-10-09T21:29:55.749+0300: 804.963: [GC (Allocation Failure) 2024-10-09T21:29:55.749+0300: 804.963: [ParNew: 460096K->51072K(460096K), 0.0264803 secs] 2308005K->1919200K(4143232K), 0.0265763 secs] [Times: user=0.03 sys=0.00, real=0.03 secs] 
2024-10-09T21:29:55.781+0300: 804.989: Total time for which application threads were stopped: 0.0268810 seconds, Stopping threads took: 0.0001587 seconds
2024-10-09T21:29:55.970+0300: 805.174: Application time: 0.1850371 seconds
2024-10-09T21:29:55.970+0300: 805.175: [GC (Allocation Failure) 2024-10-09T21:29:55.970+0300: 805.175: [ParNew: 460096K->51072K(460096K), 0.0248780 secs] 2328224K->1934460K(4143232K), 0.0249675 secs] [Times: user=0.02 sys=0.00, real=0.01 secs] 
2024-10-09T21:29:55.985+0300: 805.200: Total time for which application threads were stopped: 0.0252288 seconds, Stopping threads took: 0.0001376 seconds
2024-10-09T21:29:56.157+0300: 805.373: Application time: 0.1738107 seconds
2024-10-09T21:29:56.171+0300: 805.374: [GC (Allocation Failure) 2024-10-09T21:29:56.171+0300: 805.374: [ParNew: 460096K->51072K(460096K), 0.0281775 secs] 2343484K->1955821K(4143232K), 0.0282633 secs] [Times: user=0.01 sys=0.00, real=0.02 secs] 
2024-10-09T21:29:56.189+0300: 805.402: Total time for which application threads were stopped: 0.0285934 seconds, Stopping threads took: 0.0001995 seconds
2024-10-09T21:29:56.371+0300: 805.579: Application time: 0.1768712 seconds
2024-10-09T21:29:56.371+0300: 805.579: [GC (Allocation Failure) 2024-10-09T21:29:56.371+0300: 805.579: [ParNew: 460096K->44368K(460096K), 0.0280237 secs] 2364845K->1972552K(4143232K), 0.0281208 secs] [Times: user=0.03 sys=0.00, real=0.02 secs] 
2024-10-09T21:29:56.393+0300: 805.607: Total time for which application threads were stopped: 0.0283658 seconds, Stopping threads took: 0.0001087 seconds
2024-10-09T21:29:56.581+0300: 805.792: Application time: 0.1845704 seconds
2024-10-09T21:29:56.581+0300: 805.792: [GC (Allocation Failure) 2024-10-09T21:29:56.581+0300: 805.792: [ParNew: 453392K->51072K(460096K), 0.0269136 secs] 2381576K->1998263K(4143232K), 0.0270190 secs] [Times: user=0.08 sys=0.00, real=0.03 secs] 
2024-10-09T21:29:56.612+0300: 805.819: Total time for which application threads were stopped: 0.0272939 seconds, Stopping threads took: 0.0001279 seconds
2024-10-09T21:29:56.785+0300: 805.999: Application time: 0.1797719 seconds
2024-10-09T21:29:56.785+0300: 805.999: [GC (Allocation Failure) 2024-10-09T21:29:56.785+0300: 805.999: [ParNew: 460096K->51072K(460096K), 0.0220035 secs] 2407287K->2008019K(4143232K), 0.0220904 secs] [Times: user=0.03 sys=0.00, real=0.03 secs] 
2024-10-09T21:29:56.816+0300: 806.021: Total time for which application threads were stopped: 0.0223534 seconds, Stopping threads took: 0.0001365 seconds
2024-10-09T21:29:56.989+0300: 806.196: Application time: 0.1746275 seconds
2024-10-09T21:29:56.989+0300: 806.196: [GC (Allocation Failure) 2024-10-09T21:29:56.989+0300: 806.196: [ParNew: 460096K->51072K(460096K), 0.0262275 secs] 2417043K->2028289K(4143232K), 0.0263170 secs] [Times: user=0.01 sys=0.00, real=0.02 secs] 
2024-10-09T21:29:57.005+0300: 806.222: Total time for which application threads were stopped: 0.0265681 seconds, Stopping threads took: 0.0001196 seconds
2024-10-09T21:29:57.192+0300: 806.404: Application time: 0.1818990 seconds
2024-10-09T21:29:57.192+0300: 806.405: [GC (Allocation Failure) 2024-10-09T21:29:57.192+0300: 806.405: [ParNew: 460096K->51072K(460096K), 0.0268303 secs] 2437313K->2043941K(4143232K), 0.0269375 secs] [Times: user=0.03 sys=0.00, real=0.03 secs] 
2024-10-09T21:29:57.223+0300: 806.432: Total time for which application threads were stopped: 0.0272201 seconds, Stopping threads took: 0.0001530 seconds
2024-10-09T21:29:57.396+0300: 806.604: Application time: 0.1721579 seconds
2024-10-09T21:29:57.396+0300: 806.604: [GC (Allocation Failure) 2024-10-09T21:29:57.396+0300: 806.604: [ParNew: 460096K->51072K(460096K), 0.0311747 secs] 2452965K->2071971K(4143232K), 0.0312733 secs] [Times: user=0.05 sys=0.00, real=0.03 secs] 
2024-10-09T21:29:57.427+0300: 806.635: Total time for which application threads were stopped: 0.0315649 seconds, Stopping threads took: 0.0001398 seconds
2024-10-09T21:29:57.600+0300: 806.819: Application time: 0.1833640 seconds
2024-10-09T21:29:57.616+0300: 806.819: [GC (Allocation Failure) 2024-10-09T21:29:57.616+0300: 806.819: [ParNew: 460096K->48541K(460096K), 0.0260593 secs] 2480995K->2085863K(4143232K), 0.0261606 secs] [Times: user=0.14 sys=0.00, real=0.02 secs] 
2024-10-09T21:29:57.631+0300: 806.845: Total time for which application threads were stopped: 0.0265481 seconds, Stopping threads took: 0.0002236 seconds
2024-10-09T21:29:57.820+0300: 807.031: Application time: 0.1859170 seconds
2024-10-09T21:29:57.820+0300: 807.031: [GC (Allocation Failure) 2024-10-09T21:29:57.820+0300: 807.031: [ParNew: 457565K->51072K(460096K), 0.0234426 secs] 2494887K->2100448K(4143232K), 0.0235283 secs] [Times: user=0.03 sys=0.00, real=0.03 secs] 
2024-10-09T21:29:57.851+0300: 807.055: Total time for which application threads were stopped: 0.0237907 seconds, Stopping threads took: 0.0001422 seconds
2024-10-09T21:29:58.008+0300: 807.221: Application time: 0.1657049 seconds
2024-10-09T21:29:58.008+0300: 807.221: [GC (Allocation Failure) 2024-10-09T21:29:58.008+0300: 807.221: [ParNew: 460096K->51072K(460096K), 0.0279952 secs] 2509472K->2121316K(4143232K), 0.0280785 secs] [Times: user=0.03 sys=0.00, real=0.03 secs] 
2024-10-09T21:29:58.039+0300: 807.249: Total time for which application threads were stopped: 0.0283371 seconds, Stopping threads took: 0.0001333 seconds
2024-10-09T21:29:58.212+0300: 807.430: Application time: 0.1813429 seconds
2024-10-09T21:29:58.212+0300: 807.431: [GC (Allocation Failure) 2024-10-09T21:29:58.212+0300: 807.431: [ParNew: 460096K->50081K(460096K), 0.0309713 secs] 2530340K->2151716K(4143232K), 0.0310601 secs] [Times: user=0.03 sys=0.00, real=0.03 secs] 
2024-10-09T21:29:58.244+0300: 807.462: Total time for which application threads were stopped: 0.0313565 seconds, Stopping threads took: 0.0001640 seconds
2024-10-09T21:29:58.448+0300: 807.652: Application time: 0.1905316 seconds
2024-10-09T21:29:58.448+0300: 807.652: [GC (Allocation Failure) 2024-10-09T21:29:58.448+0300: 807.652: [ParNew: 459105K->51072K(460096K), 0.0257738 secs] 2560740K->2165753K(4143232K), 0.0258546 secs] [Times: user=0.02 sys=0.00, real=0.02 secs] 
2024-10-09T21:29:58.463+0300: 807.678: Total time for which application threads were stopped: 0.0261031 seconds, Stopping threads took: 0.0001249 seconds
2024-10-09T21:29:58.636+0300: 807.850: Application time: 0.1720491 seconds
2024-10-09T21:29:58.636+0300: 807.851: [GC (Allocation Failure) 2024-10-09T21:29:58.636+0300: 807.851: [ParNew: 460096K->51072K(460096K), 0.0260867 secs] 2574777K->2182059K(4143232K), 0.0261787 secs] [Times: user=0.03 sys=0.00, real=0.03 secs] 
2024-10-09T21:29:58.667+0300: 807.877: Total time for which application threads were stopped: 0.0265442 seconds, Stopping threads took: 0.0002174 seconds
2024-10-09T21:29:58.840+0300: 808.051: Application time: 0.1741430 seconds
2024-10-09T21:29:58.840+0300: 808.051: [GC (Allocation Failure) 2024-10-09T21:29:58.840+0300: 808.051: [ParNew: 460096K->44871K(460096K), 0.0302872 secs] 2591083K->2209328K(4143232K), 0.0303817 secs] [Times: user=0.03 sys=0.00, real=0.04 secs] 
2024-10-09T21:29:58.877+0300: 808.082: Total time for which application threads were stopped: 0.0306539 seconds, Stopping threads took: 0.0001449 seconds
2024-10-09T21:29:59.059+0300: 808.272: Application time: 0.1903393 seconds
2024-10-09T21:29:59.059+0300: 808.272: [GC (Allocation Failure) 2024-10-09T21:29:59.059+0300: 808.272: [ParNew: 453895K->51072K(460096K), 0.0245688 secs] 2618352K->2224655K(4143232K), 0.0246578 secs] [Times: user=0.03 sys=0.00, real=0.03 secs] 
2024-10-09T21:29:59.091+0300: 808.297: Total time for which application threads were stopped: 0.0249361 seconds, Stopping threads took: 0.0001460 seconds
2024-10-09T21:29:59.248+0300: 808.464: Application time: 0.1671892 seconds
2024-10-09T21:29:59.248+0300: 808.464: [GC (Allocation Failure) 2024-10-09T21:29:59.248+0300: 808.464: [ParNew: 460096K->51072K(460096K), 0.0337638 secs] 2633679K->2254233K(4143232K), 0.0338487 secs] [Times: user=0.03 sys=0.00, real=0.03 secs] 
2024-10-09T21:29:59.295+0300: 808.498: Total time for which application threads were stopped: 0.0342075 seconds, Stopping threads took: 0.0001625 seconds
2024-10-09T21:29:59.468+0300: 808.675: Application time: 0.1763109 seconds
2024-10-09T21:29:59.468+0300: 808.675: [GC (Allocation Failure) 2024-10-09T21:29:59.468+0300: 808.675: [ParNew: 460096K->47842K(460096K), 0.0270554 secs] 2663257K->2277446K(4143232K), 0.0271476 secs] [Times: user=0.02 sys=0.00, real=0.02 secs] 
2024-10-09T21:29:59.484+0300: 808.702: Total time for which application threads were stopped: 0.0274068 seconds, Stopping threads took: 0.0001247 seconds
2024-10-09T21:29:59.688+0300: 808.900: Application time: 0.1981209 seconds
2024-10-09T21:29:59.688+0300: 808.900: [GC (Allocation Failure) 2024-10-09T21:29:59.688+0300: 808.901: [ParNew: 456866K->51072K(460096K), 0.0251048 secs] 2686470K->2292123K(4143232K), 0.0252003 secs] [Times: user=0.03 sys=0.00, real=0.03 secs] 
2024-10-09T21:29:59.719+0300: 808.926: Total time for which application threads were stopped: 0.0255144 seconds, Stopping threads took: 0.0001656 seconds
2024-10-09T21:29:59.879+0300: 809.094: Application time: 0.1682248 seconds
2024-10-09T21:29:59.879+0300: 809.094: [GC (Allocation Failure) 2024-10-09T21:29:59.879+0300: 809.094: [ParNew: 460096K->51072K(460096K), 0.0300756 secs] 2701147K->2315616K(4143232K), 0.0301645 secs] [Times: user=0.03 sys=0.00, real=0.03 secs] 
2024-10-09T21:29:59.908+0300: 809.124: Total time for which application threads were stopped: 0.0304531 seconds, Stopping threads took: 0.0001597 seconds
2024-10-09T21:30:00.096+0300: 809.306: Application time: 0.1815893 seconds
2024-10-09T21:30:00.096+0300: 809.306: [GC (Allocation Failure) 2024-10-09T21:30:00.096+0300: 809.306: [ParNew: 460096K->51072K(460096K), 0.0282046 secs] 2724640K->2342272K(4143232K), 0.0282964 secs] [Times: user=0.06 sys=0.00, real=0.03 secs] 
2024-10-09T21:30:00.127+0300: 809.335: Total time for which application threads were stopped: 0.0285467 seconds, Stopping threads took: 0.0001197 seconds
2024-10-09T21:30:00.316+0300: 809.520: Application time: 0.1859361 seconds
2024-10-09T21:30:00.316+0300: 809.521: [GC (Allocation Failure) 2024-10-09T21:30:00.316+0300: 809.521: [ParNew: 460096K->51072K(460096K), 0.0250669 secs] 2751296K->2357715K(4143232K), 0.0251611 secs] [Times: user=0.02 sys=0.00, real=0.02 secs] 
2024-10-09T21:30:00.331+0300: 809.546: Total time for which application threads were stopped: 0.0254181 seconds, Stopping threads took: 0.0001334 seconds
2024-10-09T21:30:00.504+0300: 809.715: Application time: 0.1690998 seconds
2024-10-09T21:30:00.504+0300: 809.715: [GC (Allocation Failure) 2024-10-09T21:30:00.504+0300: 809.715: [ParNew: 460096K->49596K(460096K), 0.0262798 secs] 2766739K->2374476K(4143232K), 0.0263782 secs] [Times: user=0.03 sys=0.00, real=0.03 secs] 
2024-10-09T21:30:00.535+0300: 809.742: Total time for which application threads were stopped: 0.0267132 seconds, Stopping threads took: 0.0001728 seconds
2024-10-09T21:30:00.724+0300: 809.930: Application time: 0.1880295 seconds
2024-10-09T21:30:00.724+0300: 809.930: [GC (Allocation Failure) 2024-10-09T21:30:00.724+0300: 809.930: [ParNew: 458620K->51072K(460096K), 0.0240121 secs] 2783500K->2390078K(4143232K), 0.0241092 secs] [Times: user=0.03 sys=0.00, real=0.02 secs] 
2024-10-09T21:30:00.739+0300: 809.954: Total time for which application threads were stopped: 0.0243964 seconds, Stopping threads took: 0.0001297 seconds
2024-10-09T21:30:00.928+0300: 810.137: Application time: 0.1831301 seconds
2024-10-09T21:30:00.928+0300: 810.138: [GC (Allocation Failure) 2024-10-09T21:30:00.928+0300: 810.138: [ParNew: 460096K->51072K(460096K), 0.0262442 secs] 2799102K->2408972K(4143232K), 0.0263387 secs] [Times: user=0.03 sys=0.00, real=0.03 secs] 
2024-10-09T21:30:00.959+0300: 810.164: Total time for which application threads were stopped: 0.0266108 seconds, Stopping threads took: 0.0001401 seconds
2024-10-09T21:30:01.116+0300: 810.329: Application time: 0.1651415 seconds
2024-10-09T21:30:01.116+0300: 810.329: [GC (Allocation Failure) 2024-10-09T21:30:01.116+0300: 810.329: [ParNew: 460096K->51072K(460096K), 0.0236956 secs] 2817996K->2426392K(4143232K), 0.0237749 secs] [Times: user=0.03 sys=0.00, real=0.03 secs] 
2024-10-09T21:30:01.147+0300: 810.353: Total time for which application threads were stopped: 0.0240679 seconds, Stopping threads took: 0.0001723 seconds
2024-10-09T21:30:01.336+0300: 810.542: Application time: 0.1887580 seconds
2024-10-09T21:30:01.336+0300: 810.542: [GC (Allocation Failure) 2024-10-09T21:30:01.336+0300: 810.542: [ParNew: 460096K->51072K(460096K), 0.0227008 secs] 2835416K->2437908K(4143232K), 0.0227891 secs] [Times: user=0.02 sys=0.00, real=0.02 secs] 
2024-10-09T21:30:01.351+0300: 810.565: Total time for which application threads were stopped: 0.0230712 seconds, Stopping threads took: 0.0001537 seconds
2024-10-09T21:30:01.540+0300: 810.747: Application time: 0.1818249 seconds
2024-10-09T21:30:01.540+0300: 810.747: [GC (Allocation Failure) 2024-10-09T21:30:01.540+0300: 810.747: [ParNew: 460096K->51072K(460096K), 0.0255634 secs] 2846932K->2452056K(4143232K), 0.0256499 secs] [Times: user=0.05 sys=0.00, real=0.02 secs] 
2024-10-09T21:30:01.555+0300: 810.773: Total time for which application threads were stopped: 0.0259291 seconds, Stopping threads took: 0.0001486 seconds
2024-10-09T21:30:01.728+0300: 810.941: Application time: 0.1686479 seconds
2024-10-09T21:30:01.728+0300: 810.942: [GC (Allocation Failure) 2024-10-09T21:30:01.728+0300: 810.942: [ParNew: 460096K->51072K(460096K), 0.0261773 secs] 2861080K->2473378K(4143232K), 0.0262669 secs] [Times: user=0.03 sys=0.00, real=0.03 secs] 
2024-10-09T21:30:01.760+0300: 810.968: Total time for which application threads were stopped: 0.0266349 seconds, Stopping threads took: 0.0002168 seconds
2024-10-09T21:30:01.948+0300: 811.155: Application time: 0.1870535 seconds
2024-10-09T21:30:01.948+0300: 811.155: [GC (Allocation Failure) 2024-10-09T21:30:01.948+0300: 811.155: [ParNew: 460096K->46383K(460096K), 0.0236845 secs] 2882402K->2485142K(4143232K), 0.0237748 secs] [Times: user=0.02 sys=0.00, real=0.02 secs] 
2024-10-09T21:30:01.964+0300: 811.179: Total time for which application threads were stopped: 0.0240965 seconds, Stopping threads took: 0.0001884 seconds
2024-10-09T21:30:02.152+0300: 811.363: Application time: 0.1837968 seconds
2024-10-09T21:30:02.152+0300: 811.363: [GC (Allocation Failure) 2024-10-09T21:30:02.152+0300: 811.363: [ParNew: 455407K->51072K(460096K), 0.0278804 secs] 2894166K->2506298K(4143232K), 0.0279644 secs] [Times: user=0.03 sys=0.00, real=0.04 secs] 
2024-10-09T21:30:02.188+0300: 811.391: Total time for which application threads were stopped: 0.0282670 seconds, Stopping threads took: 0.0001731 seconds
2024-10-09T21:30:02.340+0300: 811.558: Application time: 0.1671685 seconds
2024-10-09T21:30:02.340+0300: 811.559: [GC (Allocation Failure) 2024-10-09T21:30:02.340+0300: 811.559: [ParNew: 460096K->51072K(460096K), 0.0276521 secs] 2915322K->2528079K(4143232K), 0.0277911 secs] [Times: user=0.03 sys=0.00, real=0.03 secs] 
2024-10-09T21:30:02.372+0300: 811.586: Total time for which application threads were stopped: 0.0280666 seconds, Stopping threads took: 0.0001545 seconds
2024-10-09T21:30:02.560+0300: 811.770: Application time: 0.1832738 seconds
2024-10-09T21:30:02.560+0300: 811.770: [GC (Allocation Failure) 2024-10-09T21:30:02.560+0300: 811.770: [ParNew: 460096K->50143K(460096K), 0.0241792 secs] 2937103K->2542497K(4143232K), 0.0242680 secs] [Times: user=0.01 sys=0.00, real=0.03 secs] 
2024-10-09T21:30:02.585+0300: 811.794: Total time for which application threads were stopped: 0.0245511 seconds, Stopping threads took: 0.0001502 seconds
2024-10-09T21:30:02.780+0300: 811.985: Application time: 0.1908067 seconds
2024-10-09T21:30:02.780+0300: 811.985: [GC (Allocation Failure) 2024-10-09T21:30:02.780+0300: 811.985: [ParNew: 459167K->51072K(460096K), 0.0301781 secs] 2951521K->2568376K(4143232K), 0.0302692 secs] [Times: user=0.03 sys=0.00, real=0.03 secs] 
2024-10-09T21:30:02.811+0300: 812.016: Total time for which application threads were stopped: 0.0305342 seconds, Stopping threads took: 0.0001333 seconds
2024-10-09T21:30:02.984+0300: 812.188: Application time: 0.1721641 seconds
2024-10-09T21:30:02.984+0300: 812.188: [GC (Allocation Failure) 2024-10-09T21:30:02.984+0300: 812.188: [ParNew: 460096K->51072K(460096K), 0.0254443 secs] 2977400K->2585712K(4143232K), 0.0255271 secs] [Times: user=0.01 sys=0.00, real=0.02 secs] 
2024-10-09T21:30:03.000+0300: 812.214: Total time for which application threads were stopped: 0.0258017 seconds, Stopping threads took: 0.0001477 seconds
2024-10-09T21:30:03.188+0300: 812.393: Application time: 0.1791225 seconds
2024-10-09T21:30:03.188+0300: 812.393: [GC (Allocation Failure) 2024-10-09T21:30:03.188+0300: 812.393: [ParNew: 460096K->51072K(460096K), 0.0288299 secs] 2994736K->2609547K(4143232K), 0.0289118 secs] [Times: user=0.02 sys=0.00, real=0.02 secs] 
2024-10-09T21:30:03.204+0300: 812.422: Total time for which application threads were stopped: 0.0291690 seconds, Stopping threads took: 0.0001297 seconds
2024-10-09T21:30:03.392+0300: 812.601: Application time: 0.1792875 seconds
2024-10-09T21:30:03.392+0300: 812.601: [GC (Allocation Failure) 2024-10-09T21:30:03.392+0300: 812.601: [ParNew: 460096K->51072K(460096K), 0.0232753 secs] 3018571K->2624521K(4143232K), 0.0233604 secs] [Times: user=0.02 sys=0.00, real=0.02 secs] 
2024-10-09T21:30:03.408+0300: 812.625: Total time for which application threads were stopped: 0.0236263 seconds, Stopping threads took: 0.0001407 seconds
2024-10-09T21:30:03.596+0300: 812.809: Application time: 0.1840482 seconds
2024-10-09T21:30:03.596+0300: 812.809: [GC (Allocation Failure) 2024-10-09T21:30:03.596+0300: 812.809: [ParNew: 460096K->51072K(460096K), 0.0329416 secs] 3033545K->2639054K(4143232K), 0.0330317 secs] [Times: user=0.08 sys=0.00, real=0.03 secs] 
2024-10-09T21:30:03.628+0300: 812.842: Total time for which application threads were stopped: 0.0333237 seconds, Stopping threads took: 0.0001642 seconds
2024-10-09T21:30:03.816+0300: 813.021: Application time: 0.1788578 seconds
2024-10-09T21:30:03.816+0300: 813.021: [GC (Allocation Failure) 2024-10-09T21:30:03.816+0300: 813.021: [ParNew: 460096K->51072K(460096K), 0.0259769 secs] 3048078K->2656810K(4143232K), 0.0260661 secs] [Times: user=0.01 sys=0.00, real=0.02 secs] 
2024-10-09T21:30:03.832+0300: 813.047: Total time for which application threads were stopped: 0.0262967 seconds, Stopping threads took: 0.0001006 seconds
2024-10-09T21:30:04.005+0300: 813.220: Application time: 0.1728151 seconds
2024-10-09T21:30:04.005+0300: 813.220: [GC (Allocation Failure) 2024-10-09T21:30:04.005+0300: 813.220: [ParNew: 460096K->51072K(460096K), 0.0275947 secs] 3065834K->2675845K(4143232K), 0.0276780 secs] [Times: user=0.06 sys=0.00, real=0.03 secs] 
2024-10-09T21:30:04.036+0300: 813.248: Total time for which application threads were stopped: 0.0279588 seconds, Stopping threads took: 0.0001592 seconds
2024-10-09T21:30:04.209+0300: 813.425: Application time: 0.1768522 seconds
2024-10-09T21:30:04.209+0300: 813.425: [GC (Allocation Failure) 2024-10-09T21:30:04.209+0300: 813.425: [ParNew: 460096K->51072K(460096K), 0.0275464 secs] 3084869K->2699910K(4143232K), 0.0276390 secs] [Times: user=0.05 sys=0.00, real=0.03 secs] 
2024-10-09T21:30:04.240+0300: 813.453: Total time for which application threads were stopped: 0.0278999 seconds, Stopping threads took: 0.0001300 seconds
2024-10-09T21:30:04.428+0300: 813.633: Application time: 0.1796826 seconds
2024-10-09T21:30:04.428+0300: 813.633: [GC (Allocation Failure) 2024-10-09T21:30:04.428+0300: 813.633: [ParNew: 460096K->51072K(460096K), 0.0253283 secs] 3108934K->2712913K(4143232K), 0.0254207 secs] [Times: user=0.03 sys=0.00, real=0.02 secs] 
2024-10-09T21:30:04.444+0300: 813.658: Total time for which application threads were stopped: 0.0256844 seconds, Stopping threads took: 0.0001307 seconds
2024-10-09T21:30:04.632+0300: 813.840: Application time: 0.1821092 seconds
2024-10-09T21:30:04.632+0300: 813.841: [GC (Allocation Failure) 2024-10-09T21:30:04.632+0300: 813.841: [ParNew: 460096K->51072K(460096K), 0.0325616 secs] 3121937K->2742527K(4143232K), 0.0326596 secs] [Times: user=0.06 sys=0.00, real=0.03 secs] 
2024-10-09T21:30:04.664+0300: 813.873: Total time for which application threads were stopped: 0.0329767 seconds, Stopping threads took: 0.0001734 seconds
2024-10-09T21:30:04.836+0300: 814.045: Application time: 0.1714932 seconds
2024-10-09T21:30:04.836+0300: 814.045: [GC (Allocation Failure) 2024-10-09T21:30:04.836+0300: 814.045: [ParNew: 460096K->51072K(460096K), 0.0275999 secs] 3151551K->2765205K(4143232K), 0.0276898 secs] [Times: user=0.03 sys=0.00, real=0.03 secs] 
2024-10-09T21:30:04.868+0300: 814.073: Total time for which application threads were stopped: 0.0279733 seconds, Stopping threads took: 0.0001562 seconds
2024-10-09T21:30:05.056+0300: 814.260: Application time: 0.1868139 seconds
2024-10-09T21:30:05.056+0300: 814.260: [GC (Allocation Failure) 2024-10-09T21:30:05.056+0300: 814.260: [ParNew: 460096K->51072K(460096K), 0.0273628 secs] 3174229K->2786810K(4143232K), 0.0274451 secs] [Times: user=0.02 sys=0.00, real=0.02 secs] 
2024-10-09T21:30:05.072+0300: 814.287: Total time for which application threads were stopped: 0.0276998 seconds, Stopping threads took: 0.0001303 seconds
2024-10-09T21:30:05.261+0300: 814.464: Application time: 0.1771562 seconds
2024-10-09T21:30:05.261+0300: 814.465: [GC (Allocation Failure) 2024-10-09T21:30:05.261+0300: 814.465: [ParNew: 460096K->51072K(460096K), 0.0289425 secs] 3195834K->2806230K(4143232K), 0.0290217 secs] [Times: user=0.05 sys=0.00, real=0.03 secs] 
2024-10-09T21:30:05.291+0300: 814.494: Total time for which application threads were stopped: 0.0292558 seconds, Stopping threads took: 0.0001107 seconds
2024-10-09T21:30:05.449+0300: 814.662: Application time: 0.1682824 seconds
2024-10-09T21:30:05.449+0300: 814.662: [GC (Allocation Failure) 2024-10-09T21:30:05.449+0300: 814.662: [ParNew: 460096K->51030K(460096K), 0.0234143 secs] 3215254K->2821091K(4143232K), 0.0235053 secs] [Times: user=0.06 sys=0.00, real=0.03 secs] 
2024-10-09T21:30:05.480+0300: 814.686: Total time for which application threads were stopped: 0.0238366 seconds, Stopping threads took: 0.0001852 seconds
2024-10-09T21:30:05.653+0300: 814.870: Application time: 0.1843158 seconds
2024-10-09T21:30:05.653+0300: 814.870: [GC (Allocation Failure) 2024-10-09T21:30:05.653+0300: 814.871: [ParNew: 460054K->51072K(460096K), 0.0234444 secs] 3230115K->2836878K(4143232K), 0.0235430 secs] [Times: user=0.03 sys=0.00, real=0.03 secs] 
2024-10-09T21:30:05.684+0300: 814.894: Total time for which application threads were stopped: 0.0239018 seconds, Stopping threads took: 0.0001890 seconds
2024-10-09T21:30:05.857+0300: 815.074: Application time: 0.1796091 seconds
2024-10-09T21:30:05.857+0300: 815.074: [GC (Allocation Failure) 2024-10-09T21:30:05.857+0300: 815.074: [ParNew: 460096K->51072K(460096K), 0.0279647 secs] 3245902K->2856267K(4143232K), 0.0280587 secs] [Times: user=0.03 sys=0.00, real=0.03 secs] 
2024-10-09T21:30:05.892+0300: 815.102: Total time for which application threads were stopped: 0.0283257 seconds, Stopping threads took: 0.0001421 seconds
2024-10-09T21:30:06.061+0300: 815.276: Application time: 0.1738571 seconds
2024-10-09T21:30:06.061+0300: 815.276: [GC (Allocation Failure) 2024-10-09T21:30:06.061+0300: 815.276: [ParNew: 460096K->51072K(460096K), 0.0286246 secs] 3265291K->2881678K(4143232K), 0.0287099 secs] [Times: user=0.03 sys=0.00, real=0.03 secs] 
2024-10-09T21:30:06.092+0300: 815.305: Total time for which application threads were stopped: 0.0290035 seconds, Stopping threads took: 0.0001680 seconds
2024-10-09T21:30:06.280+0300: 815.489: Application time: 0.1842445 seconds
2024-10-09T21:30:06.280+0300: 815.489: [GC (Allocation Failure) 2024-10-09T21:30:06.280+0300: 815.489: [ParNew: 460096K->51072K(460096K), 0.0251362 secs] 3290702K->2895065K(4143232K), 0.0252220 secs] [Times: user=0.05 sys=0.00, real=0.02 secs] 
2024-10-09T21:30:06.296+0300: 815.515: Total time for which application threads were stopped: 0.0254881 seconds, Stopping threads took: 0.0001364 seconds
2024-10-09T21:30:06.469+0300: 815.685: Application time: 0.1699730 seconds
2024-10-09T21:30:06.469+0300: 815.685: [GC (Allocation Failure) 2024-10-09T21:30:06.469+0300: 815.685: [ParNew: 460096K->51072K(460096K), 0.0349404 secs] 3304089K->2929883K(4143232K), 0.0350237 secs] [Times: user=0.05 sys=0.00, real=0.05 secs] 
2024-10-09T21:30:06.516+0300: 815.720: Total time for which application threads were stopped: 0.0353207 seconds, Stopping threads took: 0.0001634 seconds
2024-10-09T21:30:06.694+0300: 815.907: Application time: 0.1874002 seconds
2024-10-09T21:30:06.704+0300: 815.908: [GC (Allocation Failure) 2024-10-09T21:30:06.704+0300: 815.908: [ParNew: 460096K->48641K(460096K), 0.0269367 secs] 3338907K->2950508K(4143232K), 0.0270360 secs] [Times: user=0.05 sys=0.00, real=0.02 secs] 
2024-10-09T21:30:06.720+0300: 815.935: Total time for which application threads were stopped: 0.0274009 seconds, Stopping threads took: 0.0002103 seconds
2024-10-09T21:30:06.908+0300: 816.122: Application time: 0.1872468 seconds
2024-10-09T21:30:06.908+0300: 816.122: [GC (Allocation Failure) 2024-10-09T21:30:06.908+0300: 816.122: [ParNew: 457665K->51072K(460096K), 0.0233766 secs] 3359532K->2962741K(4143232K), 0.0234612 secs] [Times: user=0.03 sys=0.00, real=0.03 secs] 
2024-10-09T21:30:06.940+0300: 816.146: Total time for which application threads were stopped: 0.0237387 seconds, Stopping threads took: 0.0001516 seconds
2024-10-09T21:30:07.097+0300: 816.315: Application time: 0.1697453 seconds
2024-10-09T21:30:07.112+0300: 816.316: [GC (Allocation Failure) 2024-10-09T21:30:07.112+0300: 816.316: [ParNew: 460096K->51072K(460096K), 0.0276747 secs] 3371765K->2983063K(4143232K), 0.0277624 secs] [Times: user=0.02 sys=0.00, real=0.02 secs] 
2024-10-09T21:30:07.128+0300: 816.344: Total time for which application threads were stopped: 0.0280798 seconds, Stopping threads took: 0.0001532 seconds
2024-10-09T21:30:07.316+0300: 816.524: Application time: 0.1804865 seconds
2024-10-09T21:30:07.316+0300: 816.524: [GC (Allocation Failure) 2024-10-09T21:30:07.316+0300: 816.524: [ParNew: 460096K->50826K(460096K), 0.0265826 secs] 3392087K->3009081K(4143232K), 0.0289375 secs] [Times: user=0.03 sys=0.00, real=0.03 secs] 
2024-10-09T21:30:07.348+0300: 816.553: Total time for which application threads were stopped: 0.0292420 seconds, Stopping threads took: 0.0001404 seconds
2024-10-09T21:30:07.536+0300: 816.743: Application time: 0.1899270 seconds
2024-10-09T21:30:07.536+0300: 816.743: [GC (Allocation Failure) 2024-10-09T21:30:07.536+0300: 816.743: [ParNew: 459850K->51072K(460096K), 0.0229095 secs] 3418105K->3016955K(4143232K), 0.0229962 secs] [Times: user=0.05 sys=0.00, real=0.02 secs] 
2024-10-09T21:30:07.551+0300: 816.766: Total time for which application threads were stopped: 0.0232597 seconds, Stopping threads took: 0.0001369 seconds
2024-10-09T21:30:07.740+0300: 816.948: Application time: 0.1819015 seconds
2024-10-09T21:30:07.740+0300: 816.949: [GC (Allocation Failure) 2024-10-09T21:30:07.740+0300: 816.949: [ParNew: 460096K->51072K(460096K), 0.0242152 secs] 3425979K->3029647K(4143232K), 0.0243234 secs] [Times: user=0.02 sys=0.00, real=0.02 secs] 
2024-10-09T21:30:07.755+0300: 816.973: Total time for which application threads were stopped: 0.0247061 seconds, Stopping threads took: 0.0002514 seconds
2024-10-09T21:30:07.928+0300: 817.145: Application time: 0.1720440 seconds
2024-10-09T21:30:07.928+0300: 817.145: [GC (Allocation Failure) 2024-10-09T21:30:07.928+0300: 817.145: [ParNew: 460096K->51072K(460096K), 0.0295250 secs] 3438671K->3057118K(4143232K), 0.0296124 secs] [Times: user=0.03 sys=0.00, real=0.03 secs] 
2024-10-09T21:30:07.959+0300: 817.175: Total time for which application threads were stopped: 0.0299074 seconds, Stopping threads took: 0.0001682 seconds
2024-10-09T21:30:08.147+0300: 817.359: Application time: 0.1838643 seconds
2024-10-09T21:30:08.147+0300: 817.359: [GC (Allocation Failure) 2024-10-09T21:30:08.147+0300: 817.359: [ParNew: 460096K->50336K(460096K), 0.0245099 secs] 3466142K->3072709K(4143232K), 0.0245956 secs] [Times: user=0.03 sys=0.00, real=0.03 secs] 
2024-10-09T21:30:08.178+0300: 817.384: Total time for which application threads were stopped: 0.0248387 seconds, Stopping threads took: 0.0001266 seconds
2024-10-09T21:30:08.351+0300: 817.563: Application time: 0.1792386 seconds
2024-10-09T21:30:08.351+0300: 817.563: [GC (Allocation Failure) 2024-10-09T21:30:08.351+0300: 817.563: [ParNew: 459360K->51072K(460096K), 0.0258020 secs] 3481733K->3088182K(4143232K), 0.0258863 secs] [Times: user=0.03 sys=0.00, real=0.03 secs] 
2024-10-09T21:30:08.382+0300: 817.589: Total time for which application threads were stopped: 0.0261482 seconds, Stopping threads took: 0.0001322 seconds
2024-10-09T21:30:08.571+0300: 817.775: Application time: 0.1863530 seconds
2024-10-09T21:30:08.571+0300: 817.776: [GC (Allocation Failure) 2024-10-09T21:30:08.571+0300: 817.776: [ParNew: 460096K->51072K(460096K), 0.0288452 secs] 3497206K->3111380K(4143232K), 0.0289362 secs] [Times: user=0.03 sys=0.00, real=0.03 secs] 
2024-10-09T21:30:08.598+0300: 817.805: Total time for which application threads were stopped: 0.0292047 seconds, Stopping threads took: 0.0001425 seconds
2024-10-09T21:30:08.775+0300: 817.986: Application time: 0.1810657 seconds
2024-10-09T21:30:08.775+0300: 817.986: [GC (Allocation Failure) 2024-10-09T21:30:08.775+0300: 817.986: [ParNew: 460096K->51072K(460096K), 0.0274254 secs] 3520404K->3132863K(4143232K), 0.0275167 secs] [Times: user=0.03 sys=0.00, real=0.03 secs] 
2024-10-09T21:30:08.807+0300: 818.014: Total time for which application threads were stopped: 0.0278162 seconds, Stopping threads took: 0.0001442 seconds
2024-10-09T21:30:08.979+0300: 818.192: Application time: 0.1782518 seconds
2024-10-09T21:30:08.979+0300: 818.192: [GC (Allocation Failure) 2024-10-09T21:30:08.979+0300: 818.192: [ParNew: 460096K->41820K(460096K), 0.0268780 secs] 3541887K->3147415K(4143232K), 0.0269629 secs] [Times: user=0.01 sys=0.00, real=0.03 secs] 
2024-10-09T21:30:09.011+0300: 818.219: Total time for which application threads were stopped: 0.0272369 seconds, Stopping threads took: 0.0001465 seconds
2024-10-09T21:30:09.200+0300: 818.411: Application time: 0.1918443 seconds
2024-10-09T21:30:09.200+0300: 818.411: [GC (Allocation Failure) 2024-10-09T21:30:09.200+0300: 818.411: [ParNew: 450844K->51072K(460096K), 0.0236244 secs] 3556439K->3168382K(4143232K), 0.0237115 secs] [Times: user=0.02 sys=0.00, real=0.03 secs] 
2024-10-09T21:30:09.230+0300: 818.435: Total time for which application threads were stopped: 0.0239617 seconds, Stopping threads took: 0.0001239 seconds
2024-10-09T21:30:09.403+0300: 818.612: Application time: 0.1769447 seconds
2024-10-09T21:30:09.403+0300: 818.612: [GC (Allocation Failure) 2024-10-09T21:30:09.403+0300: 818.612: [ParNew: 460096K->51072K(460096K), 0.0269366 secs] 3577406K->3186576K(4143232K), 0.0270203 secs] [Times: user=0.03 sys=0.00, real=0.03 secs] 
2024-10-09T21:30:09.434+0300: 818.639: Total time for which application threads were stopped: 0.0273087 seconds, Stopping threads took: 0.0001540 seconds
2024-10-09T21:30:09.607+0300: 818.815: Application time: 0.1758360 seconds
2024-10-09T21:30:09.607+0300: 818.815: [GC (Allocation Failure) 2024-10-09T21:30:09.607+0300: 818.815: [ParNew: 460096K->45272K(460096K), 0.0284822 secs] 3595600K->3203023K(4143232K), 0.0285700 secs] [Times: user=0.08 sys=0.00, real=0.03 secs] 
2024-10-09T21:30:09.638+0300: 818.844: Total time for which application threads were stopped: 0.0288412 seconds, Stopping threads took: 0.0001291 seconds
2024-10-09T21:30:09.826+0300: 819.032: Application time: 0.1881340 seconds
2024-10-09T21:30:09.826+0300: 819.032: [GC (Allocation Failure) 2024-10-09T21:30:09.826+0300: 819.032: [ParNew: 454296K->51072K(460096K), 0.0250267 secs] 3612047K->3223882K(4143232K), 0.0251169 secs] [Times: user=0.02 sys=0.00, real=0.02 secs] 
2024-10-09T21:30:09.842+0300: 819.057: Total time for which application threads were stopped: 0.0254103 seconds, Stopping threads took: 0.0001380 seconds
2024-10-09T21:30:10.015+0300: 819.232: Application time: 0.1742107 seconds
2024-10-09T21:30:10.015+0300: 819.232: [GC (Allocation Failure) 2024-10-09T21:30:10.015+0300: 819.232: [ParNew: 460096K->51072K(460096K), 0.0315422 secs] 3632906K->3246026K(4143232K), 0.0316309 secs] [Times: user=0.05 sys=0.00, real=0.03 secs] 
2024-10-09T21:30:10.046+0300: 819.264: Total time for which application threads were stopped: 0.0319412 seconds, Stopping threads took: 0.0001720 seconds
2024-10-09T21:30:10.219+0300: 819.432: Application time: 0.1680510 seconds
2024-10-09T21:30:10.219+0300: 819.432: [GC (Allocation Failure) 2024-10-09T21:30:10.219+0300: 819.432: [ParNew: 460096K->46373K(460096K), 0.0318096 secs] 3655050K->3274546K(4143232K), 0.0319007 secs] [Times: user=0.01 sys=0.00, real=0.03 secs] 
2024-10-09T21:30:10.250+0300: 819.464: Total time for which application threads were stopped: 0.0321795 seconds, Stopping threads took: 0.0001551 seconds
2024-10-09T21:30:10.439+0300: 819.648: Application time: 0.1842380 seconds
2024-10-09T21:30:10.439+0300: 819.648: [GC (Allocation Failure) 2024-10-09T21:30:10.439+0300: 819.648: [ParNew: 455397K->51072K(460096K), 0.0248368 secs] 3683570K->3293931K(4143232K), 0.0249238 secs] [Times: user=0.02 sys=0.00, real=0.03 secs] 
2024-10-09T21:30:10.470+0300: 819.673: Total time for which application threads were stopped: 0.0251818 seconds, Stopping threads took: 0.0001282 seconds
2024-10-09T21:30:10.643+0300: 819.852: Application time: 0.1792586 seconds
2024-10-09T21:30:10.643+0300: 819.853: [GC (Allocation Failure) 2024-10-09T21:30:10.643+0300: 819.853: [ParNew: 460096K->51072K(460096K), 0.0230742 secs] 3702955K->3302200K(4143232K), 0.0231639 secs] [Times: user=0.02 sys=0.00, real=0.02 secs] 
2024-10-09T21:30:10.658+0300: 819.876: Total time for which application threads were stopped: 0.0234676 seconds, Stopping threads took: 0.0001676 seconds
2024-10-09T21:30:10.831+0300: 820.049: Application time: 0.1727424 seconds
2024-10-09T21:30:10.831+0300: 820.049: [GC (Allocation Failure) 2024-10-09T21:30:10.831+0300: 820.049: [ParNew: 460096K->51072K(460096K), 0.0253180 secs] 3711224K->3323291K(4143232K), 0.0254088 secs] [Times: user=0.03 sys=0.00, real=0.03 secs] 
2024-10-09T21:30:10.862+0300: 820.074: Total time for which application threads were stopped: 0.0256810 seconds, Stopping threads took: 0.0001387 seconds
2024-10-09T21:30:11.051+0300: 820.259: Application time: 0.1846238 seconds
2024-10-09T21:30:11.051+0300: 820.259: [GC (Allocation Failure) 2024-10-09T21:30:11.051+0300: 820.259: [ParNew: 460096K->51072K(460096K), 0.0218774 secs] 3732315K->3330306K(4143232K), 0.0219630 secs] [Times: user=0.01 sys=0.00, real=0.01 secs] 
2024-10-09T21:30:11.066+0300: 820.281: Total time for which application threads were stopped: 0.0221947 seconds, Stopping threads took: 0.0001090 seconds
2024-10-09T21:30:11.255+0300: 820.459: Application time: 0.1773618 seconds
2024-10-09T21:30:11.255+0300: 820.459: [GC (Allocation Failure) 2024-10-09T21:30:11.255+0300: 820.459: [ParNew: 460096K->51072K(460096K), 0.0266540 secs] 3739330K->3347044K(4143232K), 0.0267422 secs] [Times: user=0.02 sys=0.00, real=0.01 secs] 
2024-10-09T21:30:11.270+0300: 820.486: Total time for which application threads were stopped: 0.0270152 seconds, Stopping threads took: 0.0001403 seconds
2024-10-09T21:30:11.443+0300: 820.656: Application time: 0.1708922 seconds
2024-10-09T21:30:11.443+0300: 820.657: [GC (Allocation Failure) 2024-10-09T21:30:11.443+0300: 820.657: [ParNew: 460096K->51072K(460096K), 0.0302919 secs] 3756068K->3377354K(4143232K), 0.0303835 secs] [Times: user=0.03 sys=0.00, real=0.03 secs] 
2024-10-09T21:30:11.474+0300: 820.687: Total time for which application threads were stopped: 0.0306663 seconds, Stopping threads took: 0.0001576 seconds
2024-10-09T21:30:11.474+0300: 820.687: Application time: 0.0001033 seconds
2024-10-09T21:30:11.474+0300: 820.688: [GC (CMS Initial Mark) [1 CMS-initial-mark: 3326282K(3683136K)] 3385481K(4143232K), 0.0040773 secs] [Times: user=0.00 sys=0.00, real=0.00 secs] 
2024-10-09T21:30:11.474+0300: 820.692: Total time for which application threads were stopped: 0.0043928 seconds, Stopping threads took: 0.0001832 seconds
2024-10-09T21:30:11.474+0300: 820.692: [CMS-concurrent-mark-start]
2024-10-09T21:30:11.506+0300: 820.713: [CMS-concurrent-mark: 0.021/0.021 secs] [Times: user=0.03 sys=0.00, real=0.03 secs] 
2024-10-09T21:30:11.506+0300: 820.713: [CMS-concurrent-preclean-start]
2024-10-09T21:30:11.506+0300: 820.717: [CMS-concurrent-preclean: 0.004/0.004 secs] [Times: user=0.00 sys=0.00, real=0.00 secs] 
2024-10-09T21:30:11.506+0300: 820.717: [CMS-concurrent-abortable-preclean-start]
2024-10-09T21:30:11.721+0300: 820.926: Application time: 0.2341805 seconds
2024-10-09T21:30:11.721+0300: 820.926: [GC (Allocation Failure) 2024-10-09T21:30:11.721+0300: 820.926: [ParNew: 460096K->51072K(460096K), 0.0236582 secs] 3786378K->3384622K(4143232K), 0.0237434 secs] [Times: user=0.14 sys=0.00, real=0.02 secs] 
2024-10-09T21:30:11.742+0300: 820.950: Total time for which application threads were stopped: 0.0240399 seconds, Stopping threads took: 0.0001377 seconds
2024-10-09T21:30:11.930+0300: 821.142: Application time: 0.1926120 seconds
2024-10-09T21:30:11.930+0300: 821.143: [GC (Allocation Failure) 2024-10-09T21:30:11.930+0300: 821.143: [ParNew: 460096K->51072K(460096K), 0.0262181 secs] 3793646K->3400534K(4143232K), 0.0263033 secs] [Times: user=0.03 sys=0.00, real=0.03 secs] 
2024-10-09T21:30:11.961+0300: 821.169: Total time for which application threads were stopped: 0.0265554 seconds, Stopping threads took: 0.0001276 seconds
2024-10-09T21:30:11.977+0300: 821.184: [CMS-concurrent-abortable-preclean: 0.416/0.467 secs] [Times: user=2.73 sys=0.00, real=0.47 secs] 
2024-10-09T21:30:11.977+0300: 821.184: Application time: 0.0152868 seconds
2024-10-09T21:30:11.977+0300: 821.184: [GC (CMS Final Remark) [YG occupancy: 77537 K (460096 K)]2024-10-09T21:30:11.977+0300: 821.185: [Rescan (parallel) , 0.0069059 secs]2024-10-09T21:30:11.977+0300: 821.191: [weak refs processing, 0.0000195 secs]2024-10-09T21:30:11.977+0300: 821.191: [class unloading, 0.0020900 secs]2024-10-09T21:30:11.977+0300: 821.194: [scrub symbol table, 0.0007282 secs]2024-10-09T21:30:11.977+0300: 821.194: [scrub string table, 0.0002007 secs][1 CMS-remark: 3349462K(3683136K)] 3427000K(4143232K), 0.0100651 secs] [Times: user=0.00 sys=0.00, real=0.00 secs] 
2024-10-09T21:30:11.977+0300: 821.195: Total time for which application threads were stopped: 0.0102793 seconds, Stopping threads took: 0.0001222 seconds
2024-10-09T21:30:11.977+0300: 821.195: [CMS-concurrent-sweep-start]
2024-10-09T21:30:12.196+0300: 821.408: Application time: 0.2131159 seconds
2024-10-09T21:30:12.196+0300: 821.408: [GC (Allocation Failure) 2024-10-09T21:30:12.196+0300: 821.408: [ParNew: 460096K->45771K(460096K), 0.0322479 secs] 3382653K->2999734K(4143232K), 0.0323428 secs] [Times: user=0.03 sys=0.00, real=0.03 secs] 
2024-10-09T21:30:12.228+0300: 821.440: Total time for which application threads were stopped: 0.0327432 seconds, Stopping threads took: 0.0002509 seconds
2024-10-09T21:30:12.432+0300: 821.643: Application time: 0.2025389 seconds
2024-10-09T21:30:12.432+0300: 821.643: [GC (Allocation Failure) 2024-10-09T21:30:12.432+0300: 821.643: [ParNew: 454795K->51072K(460096K), 0.0279825 secs] 3010758K->2624263K(4143232K), 0.0280794 secs] [Times: user=0.03 sys=0.00, real=0.03 secs] 
2024-10-09T21:30:12.463+0300: 821.671: Total time for which application threads were stopped: 0.0284750 seconds, Stopping threads took: 0.0002507 seconds
2024-10-09T21:30:12.683+0300: 821.887: Application time: 0.2157514 seconds
2024-10-09T21:30:12.683+0300: 821.887: [GC (Allocation Failure) 2024-10-09T21:30:12.683+0300: 821.888: [ParNew: 460096K->51072K(460096K), 0.0311089 secs] 2611825K->2234396K(4143232K), 0.0312044 secs] [Times: user=0.05 sys=0.00, real=0.03 secs] 
2024-10-09T21:30:12.715+0300: 821.919: Total time for which application threads were stopped: 0.0314895 seconds, Stopping threads took: 0.0001403 seconds
2024-10-09T21:30:12.934+0300: 822.139: Application time: 0.2207834 seconds
2024-10-09T21:30:12.934+0300: 822.140: [GC (Allocation Failure) 2024-10-09T21:30:12.934+0300: 822.140: [ParNew: 460096K->47630K(460096K), 0.0268185 secs] 2214118K->1818697K(4143232K), 0.0269101 secs] [Times: user=0.02 sys=0.00, real=0.02 secs] 
2024-10-09T21:30:12.950+0300: 822.167: Total time for which application threads were stopped: 0.0272192 seconds, Stopping threads took: 0.0001592 seconds
2024-10-09T21:30:13.170+0300: 822.378: Application time: 0.2117098 seconds
2024-10-09T21:30:13.170+0300: 822.379: [GC (Allocation Failure) 2024-10-09T21:30:13.170+0300: 822.379: [ParNew: 456654K->51072K(460096K), 0.0257807 secs] 1815351K->1427371K(4143232K), 0.0258686 secs] [Times: user=0.03 sys=0.00, real=0.03 secs] 
2024-10-09T21:30:13.201+0300: 822.405: Total time for which application threads were stopped: 0.0261501 seconds, Stopping threads took: 0.0001565 seconds
2024-10-09T21:30:13.421+0300: 822.625: Application time: 0.2201039 seconds
2024-10-09T21:30:13.421+0300: 822.625: [GC (Allocation Failure) 2024-10-09T21:30:13.421+0300: 822.625: [ParNew: 460096K->51072K(460096K), 0.0235411 secs] 1414762K->1016656K(4143232K), 0.0236361 secs] [Times: user=0.03 sys=0.00, real=0.02 secs] 
2024-10-09T21:30:13.437+0300: 822.649: Total time for which application threads were stopped: 0.0239333 seconds, Stopping threads took: 0.0001574 seconds
2024-10-09T21:30:13.640+0300: 822.852: Application time: 0.2038137 seconds
2024-10-09T21:30:13.640+0300: 822.853: [GC (Allocation Failure) 2024-10-09T21:30:13.640+0300: 822.853: [ParNew: 460096K->51072K(460096K), 0.0261439 secs] 1051921K->658601K(4143232K), 0.0262393 secs] [Times: user=0.03 sys=0.00, real=0.03 secs] 
2024-10-09T21:30:13.671+0300: 822.879: Total time for which application threads were stopped: 0.0266814 seconds, Stopping threads took: 0.0002645 seconds
2024-10-09T21:30:13.875+0300: 823.091: Application time: 0.2117697 seconds
2024-10-09T21:30:13.875+0300: 823.091: [GC (Allocation Failure) 2024-10-09T21:30:13.875+0300: 823.091: [ParNew: 460096K->38861K(460096K), 0.0304235 secs] 686966K->298327K(4143232K), 0.0305157 secs] [Times: user=0.05 sys=0.00, real=0.04 secs] 
2024-10-09T21:30:13.917+0300: 823.122: Total time for which application threads were stopped: 0.0308918 seconds, Stopping threads took: 0.0001857 seconds
2024-10-09T21:30:13.922+0300: 823.129: [CMS-concurrent-sweep: 1.707/1.935 secs] [Times: user=9.95 sys=0.00, real=1.94 secs] 
2024-10-09T21:30:13.922+0300: 823.129: [CMS-concurrent-reset-start]
2024-10-09T21:30:13.922+0300: 823.137: [CMS-concurrent-reset: 0.008/0.008 secs] [Times: user=0.00 sys=0.00, real=0.00 secs] 
2024-10-09T21:30:14.111+0300: 823.315: Application time: 0.1928952 seconds
2024-10-09T21:30:14.111+0300: 823.315: [GC (Allocation Failure) 2024-10-09T21:30:14.111+0300: 823.315: [ParNew: 447885K->51072K(460096K), 0.0226044 secs] 685060K->291867K(4143232K), 0.0226817 secs] [Times: user=0.05 sys=0.00, real=0.02 secs] 
2024-10-09T21:30:14.127+0300: 823.338: Total time for which application threads were stopped: 0.0229505 seconds, Stopping threads took: 0.0001413 seconds
2024-10-09T21:30:14.315+0300: 823.519: Application time: 0.1810562 seconds
2024-10-09T21:30:14.315+0300: 823.519: [GC (Allocation Failure) 2024-10-09T21:30:14.315+0300: 823.519: [ParNew: 460096K->51072K(460096K), 0.0347770 secs] 700891K->326865K(4143232K), 0.0348729 secs] [Times: user=0.06 sys=0.00, real=0.03 secs] 
2024-10-09T21:30:14.346+0300: 823.554: Total time for which application threads were stopped: 0.0351468 seconds, Stopping threads took: 0.0001422 seconds
2024-10-09T21:30:14.519+0300: 823.731: Application time: 0.1771315 seconds
2024-10-09T21:30:14.519+0300: 823.731: [GC (Allocation Failure) 2024-10-09T21:30:14.519+0300: 823.731: [ParNew: 460096K->51072K(460096K), 0.0253223 secs] 735889K->347232K(4143232K), 0.0254139 secs] [Times: user=0.05 sys=0.00, real=0.03 secs] 
2024-10-09T21:30:14.550+0300: 823.757: Total time for which application threads were stopped: 0.0256900 seconds, Stopping threads took: 0.0001453 seconds
2024-10-09T21:30:14.739+0300: 823.955: Application time: 0.1980402 seconds
2024-10-09T21:30:14.739+0300: 823.955: [GC (Allocation Failure) 2024-10-09T21:30:14.739+0300: 823.955: [ParNew: 460096K->51072K(460096K), 0.0252642 secs] 756256K->361626K(4143232K), 0.0253620 secs] [Times: user=0.05 sys=0.00, real=0.03 secs] 
2024-10-09T21:30:14.771+0300: 823.980: Total time for which application threads were stopped: 0.0256489 seconds, Stopping threads took: 0.0001491 seconds
2024-10-09T21:30:14.943+0300: 824.154: Application time: 0.1732781 seconds
2024-10-09T21:30:14.943+0300: 824.154: [GC (Allocation Failure) 2024-10-09T21:30:14.943+0300: 824.154: [ParNew: 460096K->51072K(460096K), 0.0230737 secs] 770650K->369026K(4143232K), 0.0231687 secs] [Times: user=0.03 sys=0.00, real=0.02 secs] 
2024-10-09T21:30:14.959+0300: 824.177: Total time for which application threads were stopped: 0.0234744 seconds, Stopping threads took: 0.0001683 seconds
2024-10-09T21:30:15.147+0300: 824.354: Application time: 0.1772010 seconds
2024-10-09T21:30:15.147+0300: 824.355: [GC (Allocation Failure) 2024-10-09T21:30:15.147+0300: 824.355: [ParNew: 460096K->50029K(460096K), 0.0338865 secs] 778050K->404880K(4143232K), 0.0339825 secs] [Times: user=0.05 sys=0.00, real=0.03 secs] 
2024-10-09T21:30:15.179+0300: 824.389: Total time for which application threads were stopped: 0.0342664 seconds, Stopping threads took: 0.0001511 seconds
2024-10-09T21:30:15.367+0300: 824.572: Application time: 0.1837088 seconds
2024-10-09T21:30:15.367+0300: 824.573: [GC (Allocation Failure) 2024-10-09T21:30:15.367+0300: 824.573: [ParNew: 459053K->51072K(460096K), 0.0226273 secs] 813904K->414245K(4143232K), 0.0227258 secs] [Times: user=0.03 sys=0.00, real=0.02 secs] 
2024-10-09T21:30:15.383+0300: 824.595: Total time for which application threads were stopped: 0.0230132 seconds, Stopping threads took: 0.0001519 seconds
2024-10-09T21:30:15.556+0300: 824.769: Application time: 0.1734031 seconds
2024-10-09T21:30:15.556+0300: 824.769: [GC (Allocation Failure) 2024-10-09T21:30:15.556+0300: 824.769: [ParNew: 460096K->51072K(460096K), 0.0284557 secs] 823269K->431932K(4143232K), 0.0285516 secs] [Times: user=0.05 sys=0.00, real=0.03 secs] 
2024-10-09T21:30:15.587+0300: 824.798: Total time for which application threads were stopped: 0.0288559 seconds, Stopping threads took: 0.0001649 seconds
2024-10-09T21:30:15.775+0300: 824.981: Application time: 0.1834357 seconds
2024-10-09T21:30:15.775+0300: 824.981: [GC (Allocation Failure) 2024-10-09T21:30:15.775+0300: 824.981: [ParNew: 460096K->40208K(460096K), 0.0301295 secs] 840956K->452084K(4143232K), 0.0302208 secs] [Times: user=0.08 sys=0.00, real=0.03 secs] 
2024-10-09T21:30:15.807+0300: 825.012: Total time for which application threads were stopped: 0.0304775 seconds, Stopping threads took: 0.0001223 seconds
2024-10-09T21:30:15.980+0300: 825.198: Application time: 0.1864156 seconds
2024-10-09T21:30:15.980+0300: 825.198: [GC (Allocation Failure) 2024-10-09T21:30:15.980+0300: 825.198: [ParNew: 449232K->51072K(460096K), 0.0242533 secs] 861108K->466488K(4143232K), 0.0243639 secs] [Times: user=0.06 sys=0.00, real=0.04 secs] 
2024-10-09T21:30:16.015+0300: 825.223: Total time for which application threads were stopped: 0.0246902 seconds, Stopping threads took: 0.0001727 seconds
2024-10-09T21:30:16.184+0300: 825.396: Application time: 0.1736546 seconds
2024-10-09T21:30:16.184+0300: 825.397: [GC (Allocation Failure) 2024-10-09T21:30:16.184+0300: 825.397: [ParNew: 460096K->51072K(460096K), 0.0248430 secs] 875512K->481567K(4143232K), 0.0249626 secs] [Times: user=0.03 sys=0.00, real=0.03 secs] 
2024-10-09T21:30:16.216+0300: 825.422: Total time for which application threads were stopped: 0.0252512 seconds, Stopping threads took: 0.0001471 seconds
2024-10-09T21:30:16.420+0300: 825.627: Application time: 0.2050270 seconds
2024-10-09T21:30:16.420+0300: 825.627: [GC (Allocation Failure) 2024-10-09T21:30:16.420+0300: 825.627: [ParNew: 460096K->45543K(460096K), 0.0278813 secs] 890591K->499417K(4143232K), 0.0279658 secs] [Times: user=0.03 sys=0.00, real=0.03 secs] 
2024-10-09T21:30:16.451+0300: 825.655: Total time for which application threads were stopped: 0.0282128 seconds, Stopping threads took: 0.0001233 seconds
2024-10-09T21:30:16.655+0300: 825.868: Application time: 0.2127431 seconds
2024-10-09T21:30:16.655+0300: 825.868: [GC (Allocation Failure) 2024-10-09T21:30:16.655+0300: 825.868: [ParNew: 454567K->51072K(460096K), 0.0226215 secs] 908441K->513081K(4143232K), 0.0227070 secs] [Times: user=0.03 sys=0.00, real=0.03 secs] 
2024-10-09T21:30:16.686+0300: 825.890: Total time for which application threads were stopped: 0.0229632 seconds, Stopping threads took: 0.0001352 seconds
2024-10-09T21:30:16.828+0300: 826.046: Application time: 0.1556279 seconds
2024-10-09T21:30:16.843+0300: 826.046: [GC (Allocation Failure) 2024-10-09T21:30:16.843+0300: 826.046: [ParNew: 460096K->51072K(460096K), 0.0320994 secs] 922105K->545102K(4143232K), 0.0321935 secs] [Times: user=0.06 sys=0.00, real=0.03 secs] 
2024-10-09T21:30:16.874+0300: 826.079: Total time for which application threads were stopped: 0.0325127 seconds, Stopping threads took: 0.0001222 seconds
2024-10-09T21:30:17.063+0300: 826.274: Application time: 0.1952925 seconds
2024-10-09T21:30:17.063+0300: 826.274: [GC (Allocation Failure) 2024-10-09T21:30:17.063+0300: 826.274: [ParNew: 460096K->46213K(460096K), 0.0244447 secs] 954126K->555220K(4143232K), 0.0245314 secs] [Times: user=0.05 sys=0.00, real=0.03 secs] 
2024-10-09T21:30:17.094+0300: 826.299: Total time for which application threads were stopped: 0.0247899 seconds, Stopping threads took: 0.0001253 seconds
2024-10-09T21:30:17.267+0300: 826.480: Application time: 0.1809041 seconds
2024-10-09T21:30:17.267+0300: 826.480: [GC (Allocation Failure) 2024-10-09T21:30:17.267+0300: 826.480: [ParNew: 455237K->51072K(460096K), 0.0266848 secs] 964244K->572685K(4143232K), 0.0267773 secs] [Times: user=0.05 sys=0.00, real=0.03 secs] 
2024-10-09T21:30:17.298+0300: 826.507: Total time for which application threads were stopped: 0.0270561 seconds, Stopping threads took: 0.0001347 seconds
2024-10-09T21:30:17.455+0300: 826.672: Application time: 0.1648753 seconds
2024-10-09T21:30:17.455+0300: 826.672: [GC (Allocation Failure) 2024-10-09T21:30:17.455+0300: 826.672: [ParNew: 460096K->49870K(460096K), 0.0313444 secs] 981709K->603406K(4143232K), 0.0314531 secs] [Times: user=0.06 sys=0.00, real=0.03 secs] 
2024-10-09T21:30:17.486+0300: 826.703: Total time for which application threads were stopped: 0.0318275 seconds, Stopping threads took: 0.0002249 seconds
2024-10-09T21:30:17.722+0300: 826.927: Application time: 0.2239589 seconds
2024-10-09T21:30:17.722+0300: 826.928: [GC (Allocation Failure) 2024-10-09T21:30:17.722+0300: 826.928: [ParNew: 458894K->51072K(460096K), 0.0272251 secs] 1012430K->624065K(4143232K), 0.0273193 secs] [Times: user=0.02 sys=0.00, real=0.02 secs] 
2024-10-09T21:30:17.738+0300: 826.955: Total time for which application threads were stopped: 0.0275930 seconds, Stopping threads took: 0.0001429 seconds
2024-10-09T21:30:17.918+0300: 827.127: Application time: 0.1724860 seconds
2024-10-09T21:30:17.918+0300: 827.128: [GC (Allocation Failure) 2024-10-09T21:30:17.918+0300: 827.128: [ParNew: 460096K->51072K(460096K), 0.0269015 secs] 1033089K->637417K(4143232K), 0.0270005 secs] [Times: user=0.02 sys=0.00, real=0.02 secs] 
2024-10-09T21:30:17.942+0300: 827.155: Total time for which application threads were stopped: 0.0272802 seconds, Stopping threads took: 0.0001401 seconds
2024-10-09T21:30:18.130+0300: 827.333: Application time: 0.1783704 seconds
2024-10-09T21:30:18.130+0300: 827.333: [GC (Allocation Failure) 2024-10-09T21:30:18.130+0300: 827.333: [ParNew: 460096K->45462K(460096K), 0.0287822 secs] 1046441K->662441K(4143232K), 0.0288780 secs] [Times: user=0.02 sys=0.00, real=0.02 secs] 
2024-10-09T21:30:18.146+0300: 827.362: Total time for which application threads were stopped: 0.0291834 seconds, Stopping threads took: 0.0001589 seconds
2024-10-09T21:30:18.365+0300: 827.574: Application time: 0.2112348 seconds
2024-10-09T21:30:18.365+0300: 827.574: [GC (Allocation Failure) 2024-10-09T21:30:18.365+0300: 827.574: [ParNew: 454486K->51072K(460096K), 0.0225902 secs] 1071465K->673043K(4143232K), 0.0226852 secs] [Times: user=0.05 sys=0.00, real=0.02 secs] 
2024-10-09T21:30:18.381+0300: 827.596: Total time for which application threads were stopped: 0.0229843 seconds, Stopping threads took: 0.0001704 seconds
2024-10-09T21:30:18.554+0300: 827.765: Application time: 0.1683358 seconds
2024-10-09T21:30:18.554+0300: 827.765: [GC (Allocation Failure) 2024-10-09T21:30:18.554+0300: 827.765: [ParNew: 460096K->47665K(460096K), 0.0288859 secs] 1082067K->693595K(4143232K), 0.0289788 secs] [Times: user=0.05 sys=0.00, real=0.03 secs] 
2024-10-09T21:30:18.585+0300: 827.794: Total time for which application threads were stopped: 0.0292782 seconds, Stopping threads took: 0.0001732 seconds
2024-10-09T21:30:18.773+0300: 827.981: Application time: 0.1871117 seconds
2024-10-09T21:30:18.773+0300: 827.981: [GC (Allocation Failure) 2024-10-09T21:30:18.773+0300: 827.982: [ParNew: 456689K->46966K(460096K), 0.0276621 secs] 1102619K->712569K(4143232K), 0.0277440 secs] [Times: user=0.05 sys=0.00, real=0.03 secs] 
2024-10-09T21:30:18.804+0300: 828.009: Total time for which application threads were stopped: 0.0280496 seconds, Stopping threads took: 0.0001730 seconds
2024-10-09T21:30:19.009+0300: 828.219: Application time: 0.2100315 seconds
2024-10-09T21:30:19.009+0300: 828.220: [GC (Allocation Failure) 2024-10-09T21:30:19.009+0300: 828.220: [ParNew: 455990K->51072K(460096K), 0.0234517 secs] 1121593K->726237K(4143232K), 0.0235475 secs] [Times: user=0.03 sys=0.00, real=0.02 secs] 
2024-10-09T21:30:19.025+0300: 828.243: Total time for which application threads were stopped: 0.0238475 seconds, Stopping threads took: 0.0001634 seconds
2024-10-09T21:30:19.229+0300: 828.447: Application time: 0.2039606 seconds
2024-10-09T21:30:19.244+0300: 828.447: [GC (Allocation Failure) 2024-10-09T21:30:19.244+0300: 828.447: [ParNew: 460096K->51072K(460096K), 0.0279670 secs] 1135261K->752514K(4143232K), 0.0280572 secs] [Times: user=0.01 sys=0.00, real=0.02 secs] 
2024-10-09T21:30:19.260+0300: 828.476: Total time for which application threads were stopped: 0.0283895 seconds, Stopping threads took: 0.0002013 seconds
2024-10-09T21:30:19.496+0300: 828.701: Application time: 0.2251194 seconds
2024-10-09T21:30:19.496+0300: 828.701: [GC (Allocation Failure) 2024-10-09T21:30:19.496+0300: 828.701: [ParNew: 460096K->51072K(460096K), 0.0223696 secs] 1161538K->760356K(4143232K), 0.0224582 secs] [Times: user=0.03 sys=0.00, real=0.01 secs] 
2024-10-09T21:30:19.511+0300: 828.723: Total time for which application threads were stopped: 0.0227213 seconds, Stopping threads took: 0.0001336 seconds
2024-10-09T21:30:19.684+0300: 828.894: Application time: 0.1702840 seconds
2024-10-09T21:30:19.684+0300: 828.894: [GC (Allocation Failure) 2024-10-09T21:30:19.684+0300: 828.894: [ParNew: 460096K->51072K(460096K), 0.0312900 secs] 1169380K->788002K(4143232K), 0.0313910 secs] [Times: user=0.06 sys=0.00, real=0.03 secs] 
2024-10-09T21:30:19.715+0300: 828.925: Total time for which application threads were stopped: 0.0317284 seconds, Stopping threads took: 0.0001812 seconds
2024-10-09T21:30:19.904+0300: 829.109: Application time: 0.1836945 seconds
2024-10-09T21:30:19.904+0300: 829.109: [GC (Allocation Failure) 2024-10-09T21:30:19.904+0300: 829.109: [ParNew: 460096K->43550K(460096K), 0.0277110 secs] 1197026K->811021K(4143232K), 0.0277921 secs] [Times: user=0.05 sys=0.00, real=0.02 secs] 
2024-10-09T21:30:19.923+0300: 829.137: Total time for which application threads were stopped: 0.0280697 seconds, Stopping threads took: 0.0001521 seconds
2024-10-09T21:30:20.124+0300: 829.333: Application time: 0.1962135 seconds
2024-10-09T21:30:20.124+0300: 829.334: [GC (Allocation Failure) 2024-10-09T21:30:20.124+0300: 829.334: [ParNew: 452574K->51072K(460096K), 0.0264417 secs] 1220045K->824599K(4143232K), 0.0265348 secs] [Times: user=0.05 sys=0.00, real=0.03 secs] 
2024-10-09T21:30:20.155+0300: 829.360: Total time for which application threads were stopped: 0.0268203 seconds, Stopping threads took: 0.0001529 seconds
2024-10-09T21:30:20.343+0300: 829.557: Application time: 0.1967166 seconds
2024-10-09T21:30:20.343+0300: 829.557: [GC (Allocation Failure) 2024-10-09T21:30:20.343+0300: 829.557: [ParNew: 460096K->51072K(460096K), 0.0519829 secs] 1233623K->849160K(4143232K), 0.0520745 secs] [Times: user=0.06 sys=0.00, real=0.06 secs] 
2024-10-09T21:30:20.405+0300: 829.609: Total time for which application threads were stopped: 0.0523273 seconds, Stopping threads took: 0.0001194 seconds
2024-10-09T21:30:20.609+0300: 829.814: Application time: 0.2044417 seconds
2024-10-09T21:30:20.609+0300: 829.814: [GC (Allocation Failure) 2024-10-09T21:30:20.609+0300: 829.814: [ParNew: 460096K->46067K(460096K), 0.0307994 secs] 1258184K->880140K(4143232K), 0.0308926 secs] [Times: user=0.14 sys=0.00, real=0.03 secs] 
2024-10-09T21:30:20.641+0300: 829.845: Total time for which application threads were stopped: 0.0312865 seconds, Stopping threads took: 0.0002436 seconds
2024-10-09T21:30:20.892+0300: 830.105: Application time: 0.2600640 seconds
2024-10-09T21:30:20.892+0300: 830.105: [GC (Allocation Failure) 2024-10-09T21:30:20.892+0300: 830.105: [ParNew: 455091K->51072K(460096K), 0.0218085 secs] 1289164K->886400K(4143232K), 0.0219530 secs] [Times: user=0.08 sys=0.00, real=0.03 secs] 
2024-10-09T21:30:20.923+0300: 830.127: Total time for which application threads were stopped: 0.0222404 seconds, Stopping threads took: 0.0001001 seconds
2024-10-09T21:30:21.096+0300: 830.304: Application time: 0.1767725 seconds
2024-10-09T21:30:21.096+0300: 830.304: [GC (Allocation Failure) 2024-10-09T21:30:21.096+0300: 830.304: [ParNew: 460096K->51072K(460096K), 0.0400634 secs] 1295424K->908945K(4143232K), 0.0402096 secs] [Times: user=0.09 sys=0.00, real=0.03 secs] 
2024-10-09T21:30:21.128+0300: 830.345: Total time for which application threads were stopped: 0.0405524 seconds, Stopping threads took: 0.0001629 seconds
2024-10-09T21:30:21.300+0300: 830.516: Application time: 0.1718367 seconds
2024-10-09T21:30:21.300+0300: 830.517: [GC (Allocation Failure) 2024-10-09T21:30:21.300+0300: 830.517: [ParNew: 460096K->45385K(460096K), 0.0344581 secs] 1317969K->943501K(4143232K), 0.0345459 secs] [Times: user=0.09 sys=0.00, real=0.05 secs] 
2024-10-09T21:30:21.347+0300: 830.551: Total time for which application threads were stopped: 0.0348429 seconds, Stopping threads took: 0.0001537 seconds
2024-10-09T21:30:21.551+0300: 830.768: Application time: 0.2167974 seconds
2024-10-09T21:30:21.551+0300: 830.768: [GC (Allocation Failure) 2024-10-09T21:30:21.551+0300: 830.768: [ParNew: 454409K->51072K(460096K), 0.0207084 secs] 1352525K->950620K(4143232K), 0.0208050 secs] [Times: user=0.05 sys=0.00, real=0.03 secs] 
2024-10-09T21:30:21.583+0300: 830.789: Total time for which application threads were stopped: 0.0210986 seconds, Stopping threads took: 0.0001547 seconds
2024-10-09T21:30:21.787+0300: 830.997: Application time: 0.2083178 seconds
2024-10-09T21:30:21.787+0300: 830.998: [GC (Allocation Failure) 2024-10-09T21:30:21.787+0300: 830.998: [ParNew: 460096K->51072K(460096K), 0.0325339 secs] 1359644K->977602K(4143232K), 0.0326312 secs] [Times: user=0.05 sys=0.02, real=0.04 secs] 
2024-10-09T21:30:21.827+0300: 831.030: Total time for which application threads were stopped: 0.0329117 seconds, Stopping threads took: 0.0001513 seconds
2024-10-09T21:30:22.007+0300: 831.211: Application time: 0.1804214 seconds
2024-10-09T21:30:22.007+0300: 831.211: [GC (Allocation Failure) 2024-10-09T21:30:22.007+0300: 831.211: [ParNew: 460096K->51072K(460096K), 0.0285171 secs] 1386626K->998493K(4143232K), 0.0286068 secs] [Times: user=0.06 sys=0.00, real=0.02 secs] 
2024-10-09T21:30:22.028+0300: 831.240: Total time for which application threads were stopped: 0.0288983 seconds, Stopping threads took: 0.0001583 seconds
2024-10-09T21:30:22.211+0300: 831.419: Application time: 0.1796884 seconds
2024-10-09T21:30:22.211+0300: 831.420: [GC (Allocation Failure) 2024-10-09T21:30:22.211+0300: 831.420: [ParNew: 460096K->51072K(460096K), 0.0295913 secs] 1407517K->1024455K(4143232K), 0.0296810 secs] [Times: user=0.06 sys=0.00, real=0.03 secs] 
2024-10-09T21:30:22.242+0300: 831.449: Total time for which application threads were stopped: 0.0299489 seconds, Stopping threads took: 0.0001439 seconds
2024-10-09T21:30:22.415+0300: 831.629: Application time: 0.1800371 seconds
2024-10-09T21:30:22.415+0300: 831.630: [GC (Allocation Failure) 2024-10-09T21:30:22.415+0300: 831.630: [ParNew: 460096K->51072K(460096K), 0.0283805 secs] 1433479K->1047009K(4143232K), 0.0284737 secs] [Times: user=0.06 sys=0.00, real=0.03 secs] 
2024-10-09T21:30:22.447+0300: 831.658: Total time for which application threads were stopped: 0.0287748 seconds, Stopping threads took: 0.0001691 seconds
2024-10-09T21:30:22.666+0300: 831.882: Application time: 0.2241720 seconds
2024-10-09T21:30:22.666+0300: 831.883: [GC (Allocation Failure) 2024-10-09T21:30:22.666+0300: 831.883: [ParNew: 460096K->51072K(460096K), 0.0235704 secs] 1456033K->1056390K(4143232K), 0.0236571 secs] [Times: user=0.03 sys=0.00, real=0.03 secs] 
2024-10-09T21:30:22.698+0300: 831.906: Total time for which application threads were stopped: 0.0239535 seconds, Stopping threads took: 0.0001571 seconds
2024-10-09T21:30:22.886+0300: 832.091: Application time: 0.1848481 seconds
2024-10-09T21:30:22.886+0300: 832.091: [GC (Allocation Failure) 2024-10-09T21:30:22.886+0300: 832.091: [ParNew: 460096K->51072K(460096K), 0.0293886 secs] 1465414K->1080498K(4143232K), 0.0294770 secs] [Times: user=0.01 sys=0.00, real=0.03 secs] 
2024-10-09T21:30:22.917+0300: 832.121: Total time for which application threads were stopped: 0.0297546 seconds, Stopping threads took: 0.0001429 seconds
2024-10-09T21:30:23.075+0300: 832.290: Application time: 0.1693129 seconds
2024-10-09T21:30:23.075+0300: 832.291: [GC (Allocation Failure) 2024-10-09T21:30:23.075+0300: 832.291: [ParNew: 460096K->51072K(460096K), 0.0274119 secs] 1489522K->1105420K(4143232K), 0.0275083 secs] [Times: user=0.03 sys=0.00, real=0.03 secs] 
2024-10-09T21:30:23.106+0300: 832.318: Total time for which application threads were stopped: 0.0278199 seconds, Stopping threads took: 0.0001596 seconds
2024-10-09T21:30:23.294+0300: 832.501: Application time: 0.1832327 seconds
2024-10-09T21:30:23.294+0300: 832.502: [GC (Allocation Failure) 2024-10-09T21:30:23.294+0300: 832.502: [ParNew: 460096K->47383K(460096K), 0.0264007 secs] 1514444K->1119962K(4143232K), 0.0264916 secs] [Times: user=0.02 sys=0.00, real=0.02 secs] 
2024-10-09T21:30:23.310+0300: 832.528: Total time for which application threads were stopped: 0.0267593 seconds, Stopping threads took: 0.0001370 seconds
2024-10-09T21:30:23.498+0300: 832.711: Application time: 0.1827331 seconds
2024-10-09T21:30:23.498+0300: 832.711: [GC (Allocation Failure) 2024-10-09T21:30:23.498+0300: 832.711: [ParNew: 456407K->51072K(460096K), 0.0256901 secs] 1528986K->1140413K(4143232K), 0.0257846 secs] [Times: user=0.05 sys=0.00, real=0.03 secs] 
2024-10-09T21:30:23.531+0300: 832.737: Total time for which application threads were stopped: 0.0260878 seconds, Stopping threads took: 0.0001589 seconds
2024-10-09T21:30:23.703+0300: 832.916: Application time: 0.1794503 seconds
2024-10-09T21:30:23.703+0300: 832.917: [GC (Allocation Failure) 2024-10-09T21:30:23.703+0300: 832.917: [ParNew: 460096K->51072K(460096K), 0.0242885 secs] 1549437K->1157561K(4143232K), 0.0244002 secs] [Times: user=0.05 sys=0.00, real=0.03 secs] 
2024-10-09T21:30:23.734+0300: 832.941: Total time for which application threads were stopped: 0.0246915 seconds, Stopping threads took: 0.0001173 seconds
2024-10-09T21:30:23.914+0300: 833.118: Application time: 0.1772491 seconds
2024-10-09T21:30:23.914+0300: 833.119: [GC (Allocation Failure) 2024-10-09T21:30:23.914+0300: 833.119: [ParNew: 460096K->51072K(460096K), 0.0247571 secs] 1566585K->1172027K(4143232K), 0.0248528 secs] [Times: user=0.05 sys=0.00, real=0.02 secs] 
2024-10-09T21:30:23.939+0300: 833.143: Total time for which application threads were stopped: 0.0251196 seconds, Stopping threads took: 0.0001423 seconds
2024-10-09T21:30:24.132+0300: 833.336: Application time: 0.1927318 seconds
2024-10-09T21:30:24.132+0300: 833.336: [GC (Allocation Failure) 2024-10-09T21:30:24.132+0300: 833.336: [ParNew: 460096K->50451K(460096K), 0.0249254 secs] 1581051K->1191131K(4143232K), 0.0250182 secs] [Times: user=0.03 sys=0.00, real=0.01 secs] 
2024-10-09T21:30:24.143+0300: 833.361: Total time for which application threads were stopped: 0.0253059 seconds, Stopping threads took: 0.0001593 seconds
2024-10-09T21:30:24.332+0300: 833.544: Application time: 0.1823494 seconds
2024-10-09T21:30:24.332+0300: 833.544: [GC (Allocation Failure) 2024-10-09T21:30:24.332+0300: 833.544: [ParNew: 459475K->51072K(460096K), 0.0241149 secs] 1600155K->1206355K(4143232K), 0.0242030 secs] [Times: user=0.06 sys=0.00, real=0.03 secs] 
2024-10-09T21:30:24.363+0300: 833.568: Total time for which application threads were stopped: 0.0245011 seconds, Stopping threads took: 0.0001640 seconds
2024-10-09T21:30:24.533+0300: 833.739: Application time: 0.1705979 seconds
2024-10-09T21:30:24.536+0300: 833.739: [GC (Allocation Failure) 2024-10-09T21:30:24.536+0300: 833.739: [ParNew: 460096K->51072K(460096K), 0.0237193 secs] 1615379K->1220556K(4143232K), 0.0238094 secs] [Times: user=0.02 sys=0.00, real=0.02 secs] 
2024-10-09T21:30:24.552+0300: 833.763: Total time for which application threads were stopped: 0.0240785 seconds, Stopping threads took: 0.0001443 seconds
2024-10-09T21:30:24.740+0300: 833.949: Application time: 0.1862850 seconds
2024-10-09T21:30:24.740+0300: 833.950: [GC (Allocation Failure) 2024-10-09T21:30:24.740+0300: 833.950: [ParNew: 460096K->51072K(460096K), 0.0262423 secs] 1629580K->1241776K(4143232K), 0.0263390 secs] [Times: user=0.06 sys=0.00, real=0.03 secs] 
2024-10-09T21:30:24.771+0300: 833.976: Total time for which application threads were stopped: 0.0266688 seconds, Stopping threads took: 0.0001584 seconds
2024-10-09T21:30:24.943+0300: 834.160: Application time: 0.1838951 seconds
2024-10-09T21:30:24.943+0300: 834.160: [GC (Allocation Failure) 2024-10-09T21:30:24.943+0300: 834.160: [ParNew: 460096K->51072K(460096K), 0.0277110 secs] 1650800K->1262744K(4143232K), 0.0277961 secs] [Times: user=0.03 sys=0.00, real=0.03 secs] 
2024-10-09T21:30:24.975+0300: 834.188: Total time for which application threads were stopped: 0.0280811 seconds, Stopping threads took: 0.0001596 seconds
2024-10-09T21:30:25.147+0300: 834.362: Application time: 0.1738658 seconds
2024-10-09T21:30:25.147+0300: 834.362: [GC (Allocation Failure) 2024-10-09T21:30:25.147+0300: 834.364: [ParNew: 460096K->50694K(460096K), 0.0237492 secs] 1671768K->1275167K(4143232K), 0.0260441 secs] [Times: user=0.03 sys=0.00, real=0.03 secs] 
2024-10-09T21:30:25.179+0300: 834.388: Total time for which application threads were stopped: 0.0263093 seconds, Stopping threads took: 0.0001383 seconds
2024-10-09T21:30:25.367+0300: 834.572: Application time: 0.1834748 seconds
2024-10-09T21:30:25.367+0300: 834.572: [GC (Allocation Failure) 2024-10-09T21:30:25.367+0300: 834.572: [ParNew: 459718K->51072K(460096K), 0.0262021 secs] 1684191K->1297646K(4143232K), 0.0263021 secs] [Times: user=0.02 sys=0.00, real=0.02 secs] 
2024-10-09T21:30:25.383+0300: 834.598: Total time for which application threads were stopped: 0.0265987 seconds, Stopping threads took: 0.0001382 seconds
2024-10-09T21:30:25.571+0300: 834.779: Application time: 0.1806657 seconds
2024-10-09T21:30:25.571+0300: 834.779: [GC (Allocation Failure) 2024-10-09T21:30:25.571+0300: 834.779: [ParNew: 460096K->51072K(460096K), 0.0245720 secs] 1706670K->1315131K(4143232K), 0.0246614 secs] [Times: user=0.09 sys=0.00, real=0.02 secs] 
2024-10-09T21:30:25.587+0300: 834.804: Total time for which application threads were stopped: 0.0249552 seconds, Stopping threads took: 0.0001432 seconds
2024-10-09T21:30:25.775+0300: 834.986: Application time: 0.1824929 seconds
2024-10-09T21:30:25.775+0300: 834.987: [GC (Allocation Failure) 2024-10-09T21:30:25.775+0300: 834.987: [ParNew: 460096K->51072K(460096K), 0.0265996 secs] 1724155K->1332462K(4143232K), 0.0266917 secs] [Times: user=0.03 sys=0.00, real=0.03 secs] 
2024-10-09T21:30:25.806+0300: 835.013: Total time for which application threads were stopped: 0.0269727 seconds, Stopping threads took: 0.0001482 seconds
2024-10-09T21:30:25.979+0300: 835.197: Application time: 0.1833670 seconds
2024-10-09T21:30:25.979+0300: 835.197: [GC (Allocation Failure) 2024-10-09T21:30:25.979+0300: 835.197: [ParNew: 460096K->46228K(460096K), 0.0264195 secs] 1741486K->1348290K(4143232K), 0.0265074 secs] [Times: user=0.03 sys=0.00, real=0.03 secs] 
2024-10-09T21:30:26.010+0300: 835.223: Total time for which application threads were stopped: 0.0268103 seconds, Stopping threads took: 0.0001739 seconds
2024-10-09T21:30:26.198+0300: 835.404: Application time: 0.1803868 seconds
2024-10-09T21:30:26.198+0300: 835.404: [GC (Allocation Failure) 2024-10-09T21:30:26.198+0300: 835.404: [ParNew: 455252K->51072K(460096K), 0.0240329 secs] 1757314K->1369343K(4143232K), 0.0241317 secs] [Times: user=0.02 sys=0.00, real=0.02 secs] 
2024-10-09T21:30:26.214+0300: 835.428: Total time for which application threads were stopped: 0.0244157 seconds, Stopping threads took: 0.0001530 seconds
2024-10-09T21:30:26.387+0300: 835.601: Application time: 0.1730184 seconds
2024-10-09T21:30:26.387+0300: 835.602: [GC (Allocation Failure) 2024-10-09T21:30:26.387+0300: 835.602: [ParNew: 460096K->51072K(460096K), 0.0297643 secs] 1778367K->1393572K(4143232K), 0.0298580 secs] [Times: user=0.03 sys=0.00, real=0.03 secs] 
2024-10-09T21:30:26.418+0300: 835.631: Total time for which application threads were stopped: 0.0301628 seconds, Stopping threads took: 0.0001775 seconds
2024-10-09T21:30:26.607+0300: 835.813: Application time: 0.1814096 seconds
2024-10-09T21:30:26.607+0300: 835.813: [GC (Allocation Failure) 2024-10-09T21:30:26.607+0300: 835.813: [ParNew: 460096K->45211K(460096K), 0.0259179 secs] 1802596K->1410005K(4143232K), 0.0260163 secs] [Times: user=0.11 sys=0.00, real=0.01 secs] 
2024-10-09T21:30:26.622+0300: 835.839: Total time for which application threads were stopped: 0.0264356 seconds, Stopping threads took: 0.0002787 seconds
2024-10-09T21:30:26.811+0300: 836.028: Application time: 0.1887046 seconds
2024-10-09T21:30:26.811+0300: 836.028: [GC (Allocation Failure) 2024-10-09T21:30:26.811+0300: 836.028: [ParNew: 454235K->51072K(460096K), 0.0230822 secs] 1819029K->1427912K(4143232K), 0.0231625 secs] [Times: user=0.03 sys=0.00, real=0.03 secs] 
2024-10-09T21:30:26.842+0300: 836.051: Total time for which application threads were stopped: 0.0234524 seconds, Stopping threads took: 0.0001634 seconds
2024-10-09T21:30:27.015+0300: 836.227: Application time: 0.1752856 seconds
2024-10-09T21:30:27.015+0300: 836.227: [GC (Allocation Failure) 2024-10-09T21:30:27.015+0300: 836.227: [ParNew: 460096K->51072K(460096K), 0.0298952 secs] 1836936K->1449062K(4143232K), 0.0299829 secs] [Times: user=0.03 sys=0.00, real=0.03 secs] 
2024-10-09T21:30:27.046+0300: 836.257: Total time for which application threads were stopped: 0.0302564 seconds, Stopping threads took: 0.0001439 seconds
2024-10-09T21:30:27.218+0300: 836.430: Application time: 0.1731705 seconds
2024-10-09T21:30:27.218+0300: 836.430: [GC (Allocation Failure) 2024-10-09T21:30:27.218+0300: 836.430: [ParNew: 460096K->41293K(460096K), 0.0284146 secs] 1858086K->1467503K(4143232K), 0.0285068 secs] [Times: user=0.03 sys=0.00, real=0.03 secs] 
2024-10-09T21:30:27.250+0300: 836.459: Total time for which application threads were stopped: 0.0287678 seconds, Stopping threads took: 0.0001374 seconds
2024-10-09T21:30:27.439+0300: 836.647: Application time: 0.1882284 seconds
2024-10-09T21:30:27.439+0300: 836.647: [GC (Allocation Failure) 2024-10-09T21:30:27.439+0300: 836.647: [ParNew: 450317K->51072K(460096K), 0.0247461 secs] 1876527K->1495917K(4143232K), 0.0248397 secs] [Times: user=0.02 sys=0.00, real=0.02 secs] 
2024-10-09T21:30:27.454+0300: 836.672: Total time for which application threads were stopped: 0.0250983 seconds, Stopping threads took: 0.0001267 seconds
2024-10-09T21:30:27.642+0300: 836.854: Application time: 0.1818202 seconds
2024-10-09T21:30:27.642+0300: 836.854: [GC (Allocation Failure) 2024-10-09T21:30:27.642+0300: 836.854: [ParNew: 460096K->51072K(460096K), 0.0246663 secs] 1904941K->1505556K(4143232K), 0.0247586 secs] [Times: user=0.09 sys=0.00, real=0.03 secs] 
2024-10-09T21:30:27.674+0300: 836.879: Total time for which application threads were stopped: 0.0250591 seconds, Stopping threads took: 0.0001505 seconds
2024-10-09T21:30:27.847+0300: 837.051: Application time: 0.1717172 seconds
2024-10-09T21:30:27.847+0300: 837.051: [GC (Allocation Failure) 2024-10-09T21:30:27.847+0300: 837.051: [ParNew: 460096K->47200K(460096K), 0.0258229 secs] 1914580K->1522250K(4143232K), 0.0259077 secs] [Times: user=0.02 sys=0.00, real=0.02 secs] 
2024-10-09T21:30:27.862+0300: 837.077: Total time for which application threads were stopped: 0.0261520 seconds, Stopping threads took: 0.0001218 seconds
2024-10-09T21:30:28.051+0300: 837.261: Application time: 0.1838544 seconds
2024-10-09T21:30:28.051+0300: 837.261: [GC (Allocation Failure) 2024-10-09T21:30:28.051+0300: 837.261: [ParNew: 456224K->51072K(460096K), 0.0235671 secs] 1931274K->1544786K(4143232K), 0.0236514 secs] [Times: user=0.02 sys=0.00, real=0.01 secs] 
2024-10-09T21:30:28.066+0300: 837.285: Total time for which application threads were stopped: 0.0239164 seconds, Stopping threads took: 0.0001420 seconds
2024-10-09T21:30:28.255+0300: 837.467: Application time: 0.1818626 seconds
2024-10-09T21:30:28.255+0300: 837.467: [GC (Allocation Failure) 2024-10-09T21:30:28.255+0300: 837.467: [ParNew: 460096K->51072K(460096K), 0.0230014 secs] 1953810K->1554270K(4143232K), 0.0230766 secs] [Times: user=0.03 sys=0.00, real=0.03 secs] 
2024-10-09T21:30:28.286+0300: 837.490: Total time for which application threads were stopped: 0.0232959 seconds, Stopping threads took: 0.0001019 seconds
2024-10-09T21:30:28.459+0300: 837.668: Application time: 0.1780696 seconds
2024-10-09T21:30:28.459+0300: 837.668: [GC (Allocation Failure) 2024-10-09T21:30:28.459+0300: 837.668: [ParNew: 460096K->51072K(460096K), 0.0284516 secs] 1963294K->1576095K(4143232K), 0.0285409 secs] [Times: user=0.03 sys=0.00, real=0.03 secs] 
2024-10-09T21:30:28.490+0300: 837.697: Total time for which application threads were stopped: 0.0288192 seconds, Stopping threads took: 0.0001432 seconds
2024-10-09T21:30:28.663+0300: 837.871: Application time: 0.1737025 seconds
2024-10-09T21:30:28.663+0300: 837.871: [GC (Allocation Failure) 2024-10-09T21:30:28.663+0300: 837.871: [ParNew: 460096K->51072K(460096K), 0.0267814 secs] 1985119K->1599414K(4143232K), 0.0268726 secs] [Times: user=0.02 sys=0.00, real=0.03 secs] 
2024-10-09T21:30:28.694+0300: 837.898: Total time for which application threads were stopped: 0.0271886 seconds, Stopping threads took: 0.0001794 seconds
2024-10-09T21:30:28.867+0300: 838.080: Application time: 0.1825228 seconds
2024-10-09T21:30:28.867+0300: 838.081: [GC (Allocation Failure) 2024-10-09T21:30:28.867+0300: 838.081: [ParNew: 460096K->51072K(460096K), 0.0279914 secs] 2008438K->1620553K(4143232K), 0.0280899 secs] [Times: user=0.03 sys=0.00, real=0.03 secs] 
2024-10-09T21:30:28.898+0300: 838.109: Total time for which application threads were stopped: 0.0283594 seconds, Stopping threads took: 0.0001391 seconds
2024-10-09T21:30:29.087+0300: 838.291: Application time: 0.1820762 seconds
2024-10-09T21:30:29.087+0300: 838.291: [GC (Allocation Failure) 2024-10-09T21:30:29.087+0300: 838.291: [ParNew: 460096K->51072K(460096K), 0.0278781 secs] 2029577K->1641231K(4143232K), 0.0279596 secs] [Times: user=0.02 sys=0.00, real=0.02 secs] 
2024-10-09T21:30:29.102+0300: 838.319: Total time for which application threads were stopped: 0.0282079 seconds, Stopping threads took: 0.0001260 seconds
2024-10-09T21:30:29.275+0300: 838.493: Application time: 0.1738130 seconds
2024-10-09T21:30:29.275+0300: 838.493: [GC (Allocation Failure) 2024-10-09T21:30:29.275+0300: 838.493: [ParNew: 460096K->51072K(460096K), 0.0230266 secs] 2050255K->1655081K(4143232K), 0.0231193 secs] [Times: user=0.03 sys=0.00, real=0.03 secs] 
2024-10-09T21:30:29.306+0300: 838.516: Total time for which application threads were stopped: 0.0233745 seconds, Stopping threads took: 0.0001344 seconds
2024-10-09T21:30:29.479+0300: 838.691: Application time: 0.1747816 seconds
2024-10-09T21:30:29.479+0300: 838.691: [GC (Allocation Failure) 2024-10-09T21:30:29.479+0300: 838.691: [ParNew: 460096K->51072K(460096K), 0.0316871 secs] 2064105K->1686645K(4143232K), 0.0317766 secs] [Times: user=0.03 sys=0.00, real=0.03 secs] 
2024-10-09T21:30:29.510+0300: 838.723: Total time for which application threads were stopped: 0.0320512 seconds, Stopping threads took: 0.0001510 seconds
2024-10-09T21:30:29.699+0300: 838.916: Application time: 0.1925913 seconds
2024-10-09T21:30:29.699+0300: 838.916: [GC (Allocation Failure) 2024-10-09T21:30:29.699+0300: 838.916: [ParNew: 460096K->51072K(460096K), 0.0248863 secs] 2095669K->1701408K(4143232K), 0.0249751 secs] [Times: user=0.05 sys=0.00, real=0.03 secs] 
2024-10-09T21:30:29.730+0300: 838.941: Total time for which application threads were stopped: 0.0252883 seconds, Stopping threads took: 0.0001575 seconds
2024-10-09T21:30:29.903+0300: 839.113: Application time: 0.1717293 seconds
2024-10-09T21:30:29.903+0300: 839.113: [GC (Allocation Failure) 2024-10-09T21:30:29.903+0300: 839.113: [ParNew: 460096K->51072K(460096K), 0.0276865 secs] 2110432K->1718894K(4143232K), 0.0277769 secs] [Times: user=0.03 sys=0.00, real=0.03 secs] 
2024-10-09T21:30:29.934+0300: 839.141: Total time for which application threads were stopped: 0.0280738 seconds, Stopping threads took: 0.0001610 seconds
2024-10-09T21:30:30.107+0300: 839.311: Application time: 0.1700848 seconds
2024-10-09T21:30:30.107+0300: 839.311: [GC (Allocation Failure) 2024-10-09T21:30:30.107+0300: 839.311: [ParNew: 460096K->47706K(460096K), 0.0295783 secs] 2127918K->1744721K(4143232K), 0.0296649 secs] [Times: user=0.01 sys=0.00, real=0.02 secs] 
2024-10-09T21:30:30.123+0300: 839.341: Total time for which application threads were stopped: 0.0299310 seconds, Stopping threads took: 0.0001396 seconds
2024-10-09T21:30:30.311+0300: 839.528: Application time: 0.1875976 seconds
2024-10-09T21:30:30.311+0300: 839.529: [GC (Allocation Failure) 2024-10-09T21:30:30.311+0300: 839.529: [ParNew: 456730K->51072K(460096K), 0.0250454 secs] 2153745K->1765171K(4143232K), 0.0251326 secs] [Times: user=0.03 sys=0.00, real=0.03 secs] 
2024-10-09T21:30:30.345+0300: 839.554: Total time for which application threads were stopped: 0.0254035 seconds, Stopping threads took: 0.0001428 seconds
2024-10-09T21:30:30.531+0300: 839.734: Application time: 0.1803195 seconds
2024-10-09T21:30:30.531+0300: 839.734: [GC (Allocation Failure) 2024-10-09T21:30:30.531+0300: 839.734: [ParNew: 460096K->51072K(460096K), 0.0245386 secs] 2174195K->1777504K(4143232K), 0.0246213 secs] [Times: user=0.02 sys=0.00, real=0.02 secs] 
2024-10-09T21:30:30.547+0300: 839.759: Total time for which application threads were stopped: 0.0249002 seconds, Stopping threads took: 0.0001561 seconds
2024-10-09T21:30:30.719+0300: 839.935: Application time: 0.1757559 seconds
2024-10-09T21:30:30.719+0300: 839.935: [GC (Allocation Failure) 2024-10-09T21:30:30.719+0300: 839.935: [ParNew: 460096K->48057K(460096K), 0.0261234 secs] 2186528K->1798329K(4143232K), 0.0262631 secs] [Times: user=0.03 sys=0.00, real=0.03 secs] 
2024-10-09T21:30:30.751+0300: 839.961: Total time for which application threads were stopped: 0.0265203 seconds, Stopping threads took: 0.0001324 seconds
2024-10-09T21:30:30.939+0300: 840.145: Application time: 0.1834362 seconds
2024-10-09T21:30:30.939+0300: 840.145: [GC (Allocation Failure) 2024-10-09T21:30:30.939+0300: 840.145: [ParNew: 457081K->51072K(460096K), 0.0230723 secs] 2207353K->1811540K(4143232K), 0.0231598 secs] [Times: user=0.02 sys=0.00, real=0.02 secs] 
2024-10-09T21:30:30.955+0300: 840.168: Total time for which application threads were stopped: 0.0234112 seconds, Stopping threads took: 0.0001259 seconds
2024-10-09T21:30:31.143+0300: 840.350: Application time: 0.1819510 seconds
2024-10-09T21:30:31.143+0300: 840.350: [GC (Allocation Failure) 2024-10-09T21:30:31.143+0300: 840.350: [ParNew: 460096K->51072K(460096K), 0.0287523 secs] 2220564K->1835043K(4143232K), 0.0288361 secs] [Times: user=0.03 sys=0.00, real=0.03 secs] 
2024-10-09T21:30:31.174+0300: 840.379: Total time for which application threads were stopped: 0.0290874 seconds, Stopping threads took: 0.0001284 seconds
2024-10-09T21:30:31.347+0300: 840.551: Application time: 0.1716778 seconds
2024-10-09T21:30:31.347+0300: 840.551: [GC (Allocation Failure) 2024-10-09T21:30:31.347+0300: 840.551: [ParNew: 460096K->51072K(460096K), 0.0288763 secs] 2244067K->1863003K(4143232K), 0.0289634 secs] [Times: user=0.01 sys=0.00, real=0.02 secs] 
2024-10-09T21:30:31.362+0300: 840.580: Total time for which application threads were stopped: 0.0292359 seconds, Stopping threads took: 0.0001455 seconds
2024-10-09T21:30:31.551+0300: 840.769: Application time: 0.1889354 seconds
2024-10-09T21:30:31.551+0300: 840.769: [GC (Allocation Failure) 2024-10-09T21:30:31.551+0300: 840.769: [ParNew: 460096K->51072K(460096K), 0.0237181 secs] 2272027K->1871927K(4143232K), 0.0238043 secs] [Times: user=0.03 sys=0.00, real=0.03 secs] 
2024-10-09T21:30:31.582+0300: 840.793: Total time for which application threads were stopped: 0.0241279 seconds, Stopping threads took: 0.0001754 seconds
2024-10-09T21:30:31.755+0300: 840.970: Application time: 0.1766856 seconds
2024-10-09T21:30:31.755+0300: 840.970: [GC (Allocation Failure) 2024-10-09T21:30:31.755+0300: 840.970: [ParNew: 460096K->51072K(460096K), 0.0308088 secs] 2280951K->1898477K(4143232K), 0.0308946 secs] [Times: user=0.03 sys=0.00, real=0.03 secs] 
2024-10-09T21:30:31.786+0300: 841.001: Total time for which application threads were stopped: 0.0311694 seconds, Stopping threads took: 0.0001550 seconds
2024-10-09T21:30:31.959+0300: 841.176: Application time: 0.1753336 seconds
2024-10-09T21:30:31.959+0300: 841.177: [GC (Allocation Failure) 2024-10-09T21:30:31.975+0300: 841.179: [ParNew: 460096K->46118K(460096K), 0.0285732 secs] 2307501K->1919836K(4143232K), 0.0308380 secs] [Times: user=0.02 sys=0.00, real=0.03 secs] 
2024-10-09T21:30:31.990+0300: 841.207: Total time for which application threads were stopped: 0.0311277 seconds, Stopping threads took: 0.0001592 seconds
2024-10-09T21:30:32.179+0300: 841.395: Application time: 0.1875609 seconds
2024-10-09T21:30:32.179+0300: 841.395: [GC (Allocation Failure) 2024-10-09T21:30:32.179+0300: 841.395: [ParNew: 455142K->51072K(460096K), 0.0288201 secs] 2328860K->1945848K(4143232K), 0.0289149 secs] [Times: user=0.03 sys=0.00, real=0.03 secs] 
2024-10-09T21:30:32.210+0300: 841.424: Total time for which application threads were stopped: 0.0292151 seconds, Stopping threads took: 0.0001531 seconds
2024-10-09T21:30:32.383+0300: 841.597: Application time: 0.1730653 seconds
2024-10-09T21:30:32.383+0300: 841.598: [GC (Allocation Failure) 2024-10-09T21:30:32.383+0300: 841.598: [ParNew: 460096K->51072K(460096K), 0.0251208 secs] 2354872K->1959764K(4143232K), 0.0252027 secs] [Times: user=0.03 sys=0.00, real=0.03 secs] 
2024-10-09T21:30:32.414+0300: 841.623: Total time for which application threads were stopped: 0.0255153 seconds, Stopping threads took: 0.0001858 seconds
2024-10-09T21:30:32.587+0300: 841.794: Application time: 0.1714973 seconds
2024-10-09T21:30:32.587+0300: 841.795: [GC (Allocation Failure) 2024-10-09T21:30:32.587+0300: 841.795: [ParNew: 460096K->47849K(460096K), 0.0343499 secs] 2368788K->1992489K(4143232K), 0.0344559 secs] [Times: user=0.09 sys=0.02, real=0.03 secs] 
2024-10-09T21:30:32.618+0300: 841.829: Total time for which application threads were stopped: 0.0347628 seconds, Stopping threads took: 0.0001407 seconds
2024-10-09T21:30:32.806+0300: 842.019: Application time: 0.1897861 seconds
2024-10-09T21:30:32.806+0300: 842.019: [GC (Allocation Failure) 2024-10-09T21:30:32.806+0300: 842.019: [ParNew: 456873K->51072K(460096K), 0.0248486 secs] 2401513K->2010637K(4143232K), 0.0249347 secs] [Times: user=0.03 sys=0.00, real=0.03 secs] 
2024-10-09T21:30:32.838+0300: 842.044: Total time for which application threads were stopped: 0.0251982 seconds, Stopping threads took: 0.0001354 seconds
2024-10-09T21:30:33.010+0300: 842.220: Application time: 0.1761878 seconds
2024-10-09T21:30:33.010+0300: 842.220: [GC (Allocation Failure) 2024-10-09T21:30:33.010+0300: 842.220: [ParNew: 460096K->51072K(460096K), 0.0225118 secs] 2419661K->2018367K(4143232K), 0.0226116 secs] [Times: user=0.02 sys=0.00, real=0.02 secs] 
2024-10-09T21:30:33.026+0300: 842.243: Total time for which application threads were stopped: 0.0229145 seconds, Stopping threads took: 0.0001659 seconds
2024-10-09T21:30:33.199+0300: 842.414: Application time: 0.1708592 seconds
2024-10-09T21:30:33.199+0300: 842.414: [GC (Allocation Failure) 2024-10-09T21:30:33.199+0300: 842.414: [ParNew: 460096K->41464K(460096K), 0.0286121 secs] 2427391K->2037011K(4143232K), 0.0286964 secs] [Times: user=0.02 sys=0.00, real=0.03 secs] 
2024-10-09T21:30:33.230+0300: 842.443: Total time for which application threads were stopped: 0.0289775 seconds, Stopping threads took: 0.0001626 seconds
2024-10-09T21:30:33.418+0300: 842.629: Application time: 0.1859310 seconds
2024-10-09T21:30:33.418+0300: 842.629: [GC (Allocation Failure) 2024-10-09T21:30:33.418+0300: 842.629: [ParNew: 450488K->51072K(460096K), 0.0260675 secs] 2446035K->2067721K(4143232K), 0.0261548 secs] [Times: user=0.03 sys=0.00, real=0.03 secs] 
2024-10-09T21:30:33.452+0300: 842.655: Total time for which application threads were stopped: 0.0264488 seconds, Stopping threads took: 0.0001435 seconds
2024-10-09T21:30:33.638+0300: 842.843: Application time: 0.1873848 seconds
2024-10-09T21:30:33.638+0300: 842.843: [GC (Allocation Failure) 2024-10-09T21:30:33.638+0300: 842.843: [ParNew: 460096K->51072K(460096K), 0.0270869 secs] 2476745K->2078268K(4143232K), 0.0271824 secs] [Times: user=0.05 sys=0.00, real=0.02 secs] 
2024-10-09T21:30:33.654+0300: 842.870: Total time for which application threads were stopped: 0.0274793 seconds, Stopping threads took: 0.0001432 seconds
2024-10-09T21:30:33.827+0300: 843.040: Application time: 0.1699279 seconds
2024-10-09T21:30:33.827+0300: 843.040: [GC (Allocation Failure) 2024-10-09T21:30:33.827+0300: 843.040: [ParNew: 460096K->51072K(460096K), 0.0324858 secs] 2487292K->2114219K(4143232K), 0.0325750 secs] [Times: user=0.03 sys=0.00, real=0.03 secs] 
2024-10-09T21:30:33.858+0300: 843.073: Total time for which application threads were stopped: 0.0328338 seconds, Stopping threads took: 0.0001222 seconds
2024-10-09T21:30:34.055+0300: 843.258: Application time: 0.1852263 seconds
2024-10-09T21:30:34.055+0300: 843.258: [GC (Allocation Failure) 2024-10-09T21:30:34.055+0300: 843.258: [ParNew: 460096K->51072K(460096K), 0.0277319 secs] 2523243K->2135495K(4143232K), 0.0278177 secs] [Times: user=0.03 sys=0.00, real=0.02 secs] 
2024-10-09T21:30:34.077+0300: 843.286: Total time for which application threads were stopped: 0.0280888 seconds, Stopping threads took: 0.0001354 seconds
2024-10-09T21:30:34.253+0300: 843.466: Application time: 0.1794768 seconds
2024-10-09T21:30:34.253+0300: 843.466: [GC (Allocation Failure) 2024-10-09T21:30:34.253+0300: 843.466: [ParNew: 460096K->51072K(460096K), 0.0252717 secs] 2544519K->2149026K(4143232K), 0.0253613 secs] [Times: user=0.03 sys=0.00, real=0.03 secs] 
2024-10-09T21:30:34.281+0300: 843.491: Total time for which application threads were stopped: 0.0256367 seconds, Stopping threads took: 0.0001502 seconds
2024-10-09T21:30:34.453+0300: 843.665: Application time: 0.1730956 seconds
2024-10-09T21:30:34.453+0300: 843.665: [GC (Allocation Failure) 2024-10-09T21:30:34.453+0300: 843.665: [ParNew: 460096K->51072K(460096K), 0.0298963 secs] 2558050K->2177880K(4143232K), 0.0299781 secs] [Times: user=0.03 sys=0.00, real=0.03 secs] 
2024-10-09T21:30:34.485+0300: 843.695: Total time for which application threads were stopped: 0.0302522 seconds, Stopping threads took: 0.0001464 seconds
2024-10-09T21:30:34.673+0300: 843.886: Application time: 0.1910056 seconds
2024-10-09T21:30:34.673+0300: 843.886: [GC (Allocation Failure) 2024-10-09T21:30:34.673+0300: 843.886: [ParNew: 460096K->51072K(460096K), 0.0249651 secs] 2586904K->2191889K(4143232K), 0.0250439 secs] [Times: user=0.03 sys=0.00, real=0.03 secs] 
2024-10-09T21:30:34.704+0300: 843.911: Total time for which application threads were stopped: 0.0253870 seconds, Stopping threads took: 0.0002030 seconds
2024-10-09T21:30:34.877+0300: 844.081: Application time: 0.1696858 seconds
2024-10-09T21:30:34.877+0300: 844.081: [GC (Allocation Failure) 2024-10-09T21:30:34.877+0300: 844.081: [ParNew: 460096K->51072K(460096K), 0.0258023 secs] 2600913K->2209540K(4143232K), 0.0258881 secs] [Times: user=0.02 sys=0.00, real=0.02 secs] 
2024-10-09T21:30:34.893+0300: 844.107: Total time for which application threads were stopped: 0.0261428 seconds, Stopping threads took: 0.0001334 seconds
2024-10-09T21:30:35.081+0300: 844.285: Application time: 0.1777122 seconds
2024-10-09T21:30:35.081+0300: 844.285: [GC (Allocation Failure) 2024-10-09T21:30:35.081+0300: 844.285: [ParNew: 460096K->49056K(460096K), 0.0298601 secs] 2618564K->2236507K(4143232K), 0.0299422 secs] [Times: user=0.02 sys=0.00, real=0.02 secs] 
2024-10-09T21:30:35.097+0300: 844.315: Total time for which application threads were stopped: 0.0302024 seconds, Stopping threads took: 0.0001381 seconds
2024-10-09T21:30:35.301+0300: 844.504: Application time: 0.1889632 seconds
2024-10-09T21:30:35.301+0300: 844.504: [GC (Allocation Failure) 2024-10-09T21:30:35.301+0300: 844.504: [ParNew: 458080K->51072K(460096K), 0.0234933 secs] 2645531K->2250536K(4143232K), 0.0235802 secs] [Times: user=0.02 sys=0.00, real=0.01 secs] 
2024-10-09T21:30:35.316+0300: 844.528: Total time for which application threads were stopped: 0.0238367 seconds, Stopping threads took: 0.0001256 seconds
2024-10-09T21:30:35.489+0300: 844.695: Application time: 0.1670704 seconds
2024-10-09T21:30:35.489+0300: 844.695: [GC (Allocation Failure) 2024-10-09T21:30:35.489+0300: 844.695: [ParNew: 460096K->51072K(460096K), 0.0271889 secs] 2659560K->2270266K(4143232K), 0.0272679 secs] [Times: user=0.02 sys=0.00, real=0.01 secs] 
2024-10-09T21:30:35.504+0300: 844.722: Total time for which application threads were stopped: 0.0275410 seconds, Stopping threads took: 0.0001501 seconds
2024-10-09T21:30:35.693+0300: 844.906: Application time: 0.1840877 seconds
2024-10-09T21:30:35.693+0300: 844.907: [GC (Allocation Failure) 2024-10-09T21:30:35.693+0300: 844.907: [ParNew: 460096K->46376K(460096K), 0.0294870 secs] 2679290K->2296905K(4143232K), 0.0295891 secs] [Times: user=0.12 sys=0.00, real=0.03 secs] 
2024-10-09T21:30:35.724+0300: 844.936: Total time for which application threads were stopped: 0.0298897 seconds, Stopping threads took: 0.0001432 seconds
2024-10-09T21:30:35.912+0300: 845.127: Application time: 0.1907382 seconds
2024-10-09T21:30:35.912+0300: 845.127: [GC (Allocation Failure) 2024-10-09T21:30:35.912+0300: 845.127: [ParNew: 455400K->49696K(460096K), 0.0257920 secs] 2705929K->2316255K(4143232K), 0.0258797 secs] [Times: user=0.03 sys=0.00, real=0.03 secs] 
2024-10-09T21:30:35.944+0300: 845.153: Total time for which application threads were stopped: 0.0261399 seconds, Stopping threads took: 0.0001288 seconds
2024-10-09T21:30:36.116+0300: 845.331: Application time: 0.1779412 seconds
2024-10-09T21:30:36.116+0300: 845.331: [GC (Allocation Failure) 2024-10-09T21:30:36.116+0300: 845.331: [ParNew: 458720K->51072K(460096K), 0.0230139 secs] 2725279K->2325666K(4143232K), 0.0231104 secs] [Times: user=0.02 sys=0.02, real=0.03 secs] 
2024-10-09T21:30:36.148+0300: 845.355: Total time for which application threads were stopped: 0.0233670 seconds, Stopping threads took: 0.0001260 seconds
2024-10-09T21:30:36.304+0300: 845.516: Application time: 0.1610299 seconds
2024-10-09T21:30:36.304+0300: 845.516: [GC (Allocation Failure) 2024-10-09T21:30:36.304+0300: 845.516: [ParNew: 460096K->42193K(460096K), 0.0271307 secs] 2734690K->2345973K(4143232K), 0.0272137 secs] [Times: user=0.03 sys=0.00, real=0.03 secs] 
2024-10-09T21:30:36.336+0300: 845.543: Total time for which application threads were stopped: 0.0275065 seconds, Stopping threads took: 0.0001654 seconds
2024-10-09T21:30:36.540+0300: 845.744: Application time: 0.2011100 seconds
2024-10-09T21:30:36.540+0300: 845.744: [GC (Allocation Failure) 2024-10-09T21:30:36.540+0300: 845.744: [ParNew: 451217K->51072K(460096K), 0.0222959 secs] 2754997K->2357509K(4143232K), 0.0223735 secs] [Times: user=0.02 sys=0.00, real=0.02 secs] 
2024-10-09T21:30:36.558+0300: 845.767: Total time for which application threads were stopped: 0.0225938 seconds, Stopping threads took: 0.0001039 seconds
2024-10-09T21:30:36.744+0300: 845.959: Application time: 0.1925923 seconds
2024-10-09T21:30:36.744+0300: 845.960: [GC (Allocation Failure) 2024-10-09T21:30:36.744+0300: 845.960: [ParNew: 460096K->51072K(460096K), 0.0277347 secs] 2766533K->2371415K(4143232K), 0.0278214 secs] [Times: user=0.03 sys=0.00, real=0.03 secs] 
2024-10-09T21:30:36.776+0300: 845.988: Total time for which application threads were stopped: 0.0281654 seconds, Stopping threads took: 0.0002052 seconds
2024-10-09T21:30:36.948+0300: 846.151: Application time: 0.1634963 seconds
2024-10-09T21:30:36.948+0300: 846.151: [GC (Allocation Failure) 2024-10-09T21:30:36.948+0300: 846.151: [ParNew: 460096K->46508K(460096K), 0.0320187 secs] 2780439K->2403870K(4143232K), 0.0321044 secs] [Times: user=0.02 sys=0.00, real=0.03 secs] 
2024-10-09T21:30:36.979+0300: 846.183: Total time for which application threads were stopped: 0.0323731 seconds, Stopping threads took: 0.0001391 seconds
2024-10-09T21:30:37.168+0300: 846.375: Application time: 0.1911783 seconds
2024-10-09T21:30:37.168+0300: 846.375: [GC (Allocation Failure) 2024-10-09T21:30:37.168+0300: 846.375: [ParNew: 455532K->51072K(460096K), 0.0210796 secs] 2812894K->2410968K(4143232K), 0.0211551 secs] [Times: user=0.01 sys=0.00, real=0.02 secs] 
2024-10-09T21:30:37.183+0300: 846.396: Total time for which application threads were stopped: 0.0214008 seconds, Stopping threads took: 0.0001280 seconds
2024-10-09T21:30:37.372+0300: 846.581: Application time: 0.1854682 seconds
2024-10-09T21:30:37.372+0300: 846.582: [GC (Allocation Failure) 2024-10-09T21:30:37.372+0300: 846.582: [ParNew: 460096K->51072K(460096K), 0.0290066 secs] 2819992K->2430813K(4143232K), 0.0290950 secs] [Times: user=0.03 sys=0.00, real=0.03 secs] 
2024-10-09T21:30:37.403+0300: 846.611: Total time for which application threads were stopped: 0.0293794 seconds, Stopping threads took: 0.0001624 seconds
2024-10-09T21:30:37.576+0300: 846.781: Application time: 0.1705216 seconds
2024-10-09T21:30:37.576+0300: 846.782: [GC (Allocation Failure) 2024-10-09T21:30:37.576+0300: 846.782: [ParNew: 460096K->51072K(460096K), 0.0320887 secs] 2839837K->2462153K(4143232K), 0.0321849 secs] [Times: user=0.08 sys=0.00, real=0.03 secs] 
2024-10-09T21:30:37.607+0300: 846.814: Total time for which application threads were stopped: 0.0324068 seconds, Stopping threads took: 0.0000927 seconds
2024-10-09T21:30:37.795+0300: 847.006: Application time: 0.1924401 seconds
2024-10-09T21:30:37.795+0300: 847.006: [GC (Allocation Failure) 2024-10-09T21:30:37.795+0300: 847.006: [ParNew: 460096K->51072K(460096K), 0.0242853 secs] 2871177K->2479041K(4143232K), 0.0243787 secs] [Times: user=0.01 sys=0.00, real=0.03 secs] 
2024-10-09T21:30:37.827+0300: 847.031: Total time for which application threads were stopped: 0.0246191 seconds, Stopping threads took: 0.0001055 seconds
2024-10-09T21:30:37.999+0300: 847.207: Application time: 0.1759758 seconds
2024-10-09T21:30:37.999+0300: 847.207: [GC (Allocation Failure) 2024-10-09T21:30:37.999+0300: 847.207: [ParNew: 460096K->51072K(460096K), 0.0245798 secs] 2888065K->2491812K(4143232K), 0.0246662 secs] [Times: user=0.02 sys=0.00, real=0.02 secs] 
2024-10-09T21:30:38.015+0300: 847.232: Total time for which application threads were stopped: 0.0249177 seconds, Stopping threads took: 0.0001272 seconds
2024-10-09T21:30:38.204+0300: 847.409: Application time: 0.1776263 seconds
2024-10-09T21:30:38.204+0300: 847.410: [GC (Allocation Failure) 2024-10-09T21:30:38.204+0300: 847.410: [ParNew: 460096K->51072K(460096K), 0.0313801 secs] 2900836K->2521133K(4143232K), 0.0314658 secs] [Times: user=0.02 sys=0.00, real=0.03 secs] 
2024-10-09T21:30:38.235+0300: 847.441: Total time for which application threads were stopped: 0.0317332 seconds, Stopping threads took: 0.0001395 seconds
2024-10-09T21:30:38.408+0300: 847.622: Application time: 0.1807538 seconds
2024-10-09T21:30:38.408+0300: 847.622: [GC (Allocation Failure) 2024-10-09T21:30:38.408+0300: 847.622: [ParNew: 460096K->51072K(460096K), 0.0250941 secs] 2930157K->2538852K(4143232K), 0.0251764 secs] [Times: user=0.03 sys=0.00, real=0.03 secs] 
2024-10-09T21:30:38.439+0300: 847.647: Total time for which application threads were stopped: 0.0254650 seconds, Stopping threads took: 0.0001657 seconds
2024-10-09T21:30:38.627+0300: 847.831: Application time: 0.1833385 seconds
2024-10-09T21:30:38.627+0300: 847.831: [GC (Allocation Failure) 2024-10-09T21:30:38.627+0300: 847.831: [ParNew: 460096K->51072K(460096K), 0.0268559 secs] 2947876K->2553205K(4143232K), 0.0269595 secs] [Times: user=0.05 sys=0.00, real=0.02 secs] 
2024-10-09T21:30:38.643+0300: 847.858: Total time for which application threads were stopped: 0.0272260 seconds, Stopping threads took: 0.0001145 seconds
2024-10-09T21:30:38.815+0300: 848.029: Application time: 0.1706293 seconds
2024-10-09T21:30:38.815+0300: 848.029: [GC (Allocation Failure) 2024-10-09T21:30:38.815+0300: 848.029: [ParNew: 460096K->47576K(460096K), 0.0331013 secs] 2962229K->2585118K(4143232K), 0.0331958 secs] [Times: user=0.03 sys=0.00, real=0.03 secs] 
2024-10-09T21:30:38.847+0300: 848.062: Total time for which application threads were stopped: 0.0335120 seconds, Stopping threads took: 0.0001896 seconds
2024-10-09T21:30:39.039+0300: 848.247: Application time: 0.1853692 seconds
2024-10-09T21:30:39.039+0300: 848.248: [GC (Allocation Failure) 2024-10-09T21:30:39.039+0300: 848.248: [ParNew: 456600K->51072K(460096K), 0.0238055 secs] 2994142K->2601095K(4143232K), 0.0238908 secs] [Times: user=0.06 sys=0.00, real=0.03 secs] 
2024-10-09T21:30:39.068+0300: 848.272: Total time for which application threads were stopped: 0.0241594 seconds, Stopping threads took: 0.0001379 seconds
2024-10-09T21:30:39.240+0300: 848.453: Application time: 0.1818248 seconds
2024-10-09T21:30:39.240+0300: 848.454: [GC (Allocation Failure) 2024-10-09T21:30:39.240+0300: 848.454: [ParNew: 460096K->51072K(460096K), 0.0244355 secs] 3010119K->2613725K(4143232K), 0.0245223 secs] [Times: user=0.03 sys=0.00, real=0.03 secs] 
2024-10-09T21:30:39.272+0300: 848.478: Total time for which application threads were stopped: 0.0247406 seconds, Stopping threads took: 0.0000968 seconds
2024-10-09T21:30:39.444+0300: 848.650: Application time: 0.1719730 seconds
2024-10-09T21:30:39.444+0300: 848.650: [GC (Allocation Failure) 2024-10-09T21:30:39.444+0300: 848.650: [ParNew: 460096K->51072K(460096K), 0.0309173 secs] 3022749K->2643172K(4143232K), 0.0309991 secs] [Times: user=0.03 sys=0.00, real=0.03 secs] 
2024-10-09T21:30:39.476+0300: 848.681: Total time for which application threads were stopped: 0.0312688 seconds, Stopping threads took: 0.0001499 seconds
2024-10-09T21:30:39.664+0300: 848.873: Application time: 0.1914393 seconds
2024-10-09T21:30:39.664+0300: 848.873: [GC (Allocation Failure) 2024-10-09T21:30:39.664+0300: 848.873: [ParNew: 460096K->51072K(460096K), 0.0246124 secs] 3052196K->2659279K(4143232K), 0.0247178 secs] [Times: user=0.01 sys=0.00, real=0.02 secs] 
2024-10-09T21:30:39.680+0300: 848.898: Total time for which application threads were stopped: 0.0250904 seconds, Stopping threads took: 0.0002351 seconds
2024-10-09T21:30:39.868+0300: 849.074: Application time: 0.1759809 seconds
2024-10-09T21:30:39.868+0300: 849.074: [GC (Allocation Failure) 2024-10-09T21:30:39.868+0300: 849.074: [ParNew: 460096K->51072K(460096K), 0.0239288 secs] 3068303K->2675057K(4143232K), 0.0240160 secs] [Times: user=0.02 sys=0.00, real=0.02 secs] 
2024-10-09T21:30:39.884+0300: 849.098: Total time for which application threads were stopped: 0.0242702 seconds, Stopping threads took: 0.0001357 seconds
2024-10-09T21:30:40.072+0300: 849.278: Application time: 0.1797138 seconds
2024-10-09T21:30:40.072+0300: 849.278: [GC (Allocation Failure) 2024-10-09T21:30:40.072+0300: 849.278: [ParNew: 460096K->48397K(460096K), 0.0254005 secs] 3084081K->2691647K(4143232K), 0.0254888 secs] [Times: user=0.01 sys=0.00, real=0.02 secs] 
2024-10-09T21:30:40.088+0300: 849.304: Total time for which application threads were stopped: 0.0257835 seconds, Stopping threads took: 0.0001644 seconds
2024-10-09T21:30:40.276+0300: 849.484: Application time: 0.1806171 seconds
2024-10-09T21:30:40.276+0300: 849.484: [GC (Allocation Failure) 2024-10-09T21:30:40.276+0300: 849.485: [ParNew: 457421K->51072K(460096K), 0.0219676 secs] 3100671K->2702645K(4143232K), 0.0220529 secs] [Times: user=0.02 sys=0.00, real=0.02 secs] 
2024-10-09T21:30:40.292+0300: 849.507: Total time for which application threads were stopped: 0.0222987 seconds, Stopping threads took: 0.0001262 seconds
2024-10-09T21:30:40.466+0300: 849.679: Application time: 0.1727862 seconds
2024-10-09T21:30:40.466+0300: 849.680: [GC (Allocation Failure) 2024-10-09T21:30:40.466+0300: 849.680: [ParNew: 460096K->40486K(460096K), 0.0316548 secs] 3111669K->2726202K(4143232K), 0.0317456 secs] [Times: user=0.03 sys=0.00, real=0.03 secs] 
2024-10-09T21:30:40.496+0300: 849.711: Total time for which application threads were stopped: 0.0320259 seconds, Stopping threads took: 0.0001540 seconds
2024-10-09T21:30:40.700+0300: 849.907: Application time: 0.1953294 seconds
2024-10-09T21:30:40.700+0300: 849.907: [GC (Allocation Failure) 2024-10-09T21:30:40.700+0300: 849.907: [ParNew: 449510K->51072K(460096K), 0.0271183 secs] 3135226K->2755875K(4143232K), 0.0272051 secs] [Times: user=0.02 sys=0.00, real=0.02 secs] 
2024-10-09T21:30:40.716+0300: 849.934: Total time for which application threads were stopped: 0.0274540 seconds, Stopping threads took: 0.0001228 seconds
2024-10-09T21:30:40.904+0300: 850.112: Application time: 0.1781757 seconds
2024-10-09T21:30:40.904+0300: 850.113: [GC (Allocation Failure) 2024-10-09T21:30:40.904+0300: 850.113: [ParNew: 460096K->51072K(460096K), 0.0243671 secs] 3164899K->2766483K(4143232K), 0.0244543 secs] [Times: user=0.02 sys=0.00, real=0.02 secs] 
2024-10-09T21:30:40.920+0300: 850.137: Total time for which application threads were stopped: 0.0247170 seconds, Stopping threads took: 0.0001401 seconds
2024-10-09T21:30:41.093+0300: 850.303: Application time: 0.1654196 seconds
2024-10-09T21:30:41.093+0300: 850.303: [GC (Allocation Failure) 2024-10-09T21:30:41.093+0300: 850.303: [ParNew: 460096K->42572K(460096K), 0.0308475 secs] 3175507K->2791921K(4143232K), 0.0309352 secs] [Times: user=0.03 sys=0.00, real=0.03 secs] 
2024-10-09T21:30:41.124+0300: 850.334: Total time for which application threads were stopped: 0.0312191 seconds, Stopping threads took: 0.0001653 seconds
2024-10-09T21:30:41.312+0300: 850.524: Application time: 0.1904344 seconds
2024-10-09T21:30:41.312+0300: 850.524: [GC (Allocation Failure) 2024-10-09T21:30:41.312+0300: 850.524: [ParNew: 451596K->51072K(460096K), 0.0242163 secs] 3200945K->2812884K(4143232K), 0.0243162 secs] [Times: user=0.03 sys=0.00, real=0.03 secs] 
2024-10-09T21:30:41.344+0300: 850.549: Total time for which application threads were stopped: 0.0246439 seconds, Stopping threads took: 0.0001757 seconds
2024-10-09T21:30:41.532+0300: 850.736: Application time: 0.1870441 seconds
2024-10-09T21:30:41.532+0300: 850.736: [GC (Allocation Failure) 2024-10-09T21:30:41.532+0300: 850.736: [ParNew: 460096K->51072K(460096K), 0.0302256 secs] 3221908K->2831801K(4143232K), 0.0303829 secs] [Times: user=0.02 sys=0.02, real=0.03 secs] 
2024-10-09T21:30:41.563+0300: 850.767: Total time for which application threads were stopped: 0.0306553 seconds, Stopping threads took: 0.0001427 seconds
2024-10-09T21:30:41.720+0300: 850.939: Application time: 0.1720114 seconds
2024-10-09T21:30:41.720+0300: 850.939: [GC (Allocation Failure) 2024-10-09T21:30:41.720+0300: 850.939: [ParNew: 460096K->43335K(460096K), 0.0289135 secs] 3240825K->2851634K(4143232K), 0.0290039 secs] [Times: user=0.03 sys=0.00, real=0.03 secs] 
2024-10-09T21:30:41.752+0300: 850.968: Total time for which application threads were stopped: 0.0293088 seconds, Stopping threads took: 0.0001555 seconds
2024-10-09T21:30:41.940+0300: 851.154: Application time: 0.1858574 seconds
2024-10-09T21:30:41.940+0300: 851.154: [GC (Allocation Failure) 2024-10-09T21:30:41.940+0300: 851.154: [ParNew: 452359K->49181K(460096K), 0.0248375 secs] 3260658K->2877060K(4143232K), 0.0249244 secs] [Times: user=0.03 sys=0.00, real=0.03 secs] 
2024-10-09T21:30:41.972+0300: 851.179: Total time for which application threads were stopped: 0.0251526 seconds, Stopping threads took: 0.0001064 seconds
2024-10-09T21:30:42.160+0300: 851.371: Application time: 0.1919841 seconds
2024-10-09T21:30:42.160+0300: 851.371: [GC (Allocation Failure) 2024-10-09T21:30:42.160+0300: 851.371: [ParNew: 458205K->51072K(460096K), 0.0231751 secs] 3286084K->2888846K(4143232K), 0.0232583 secs] [Times: user=0.01 sys=0.00, real=0.02 secs] 
2024-10-09T21:30:42.176+0300: 851.394: Total time for which application threads were stopped: 0.0235398 seconds, Stopping threads took: 0.0001550 seconds
2024-10-09T21:30:42.364+0300: 851.569: Application time: 0.1741392 seconds
2024-10-09T21:30:42.364+0300: 851.569: [GC (Allocation Failure) 2024-10-09T21:30:42.364+0300: 851.569: [ParNew: 460096K->51072K(460096K), 0.0309613 secs] 3297870K->2916219K(4143232K), 0.0310503 secs] [Times: user=0.03 sys=0.00, real=0.03 secs] 
2024-10-09T21:30:42.395+0300: 851.600: Total time for which application threads were stopped: 0.0312997 seconds, Stopping threads took: 0.0001237 seconds
2024-10-09T21:30:42.571+0300: 851.776: Application time: 0.1766375 seconds
2024-10-09T21:30:42.571+0300: 851.777: [GC (Allocation Failure) 2024-10-09T21:30:42.571+0300: 851.777: [ParNew: 460096K->51072K(460096K), 0.0256381 secs] 3325243K->2933852K(4143232K), 0.0257344 secs] [Times: user=0.00 sys=0.02, real=0.03 secs] 
2024-10-09T21:30:42.599+0300: 851.803: Total time for which application threads were stopped: 0.0260862 seconds, Stopping threads took: 0.0001290 seconds
2024-10-09T21:30:42.772+0300: 851.985: Application time: 0.1822507 seconds
2024-10-09T21:30:42.772+0300: 851.985: [GC (Allocation Failure) 2024-10-09T21:30:42.772+0300: 851.985: [ParNew: 460096K->51072K(460096K), 0.0245066 secs] 3342876K->2948982K(4143232K), 0.0245926 secs] [Times: user=0.03 sys=0.00, real=0.03 secs] 
2024-10-09T21:30:42.803+0300: 852.010: Total time for which application threads were stopped: 0.0248336 seconds, Stopping threads took: 0.0001177 seconds
2024-10-09T21:30:42.976+0300: 852.189: Application time: 0.1793973 seconds
2024-10-09T21:30:42.976+0300: 852.189: [GC (Allocation Failure) 2024-10-09T21:30:42.976+0300: 852.189: [ParNew: 460096K->51072K(460096K), 0.0294197 secs] 3358006K->2970626K(4143232K), 0.0295113 secs] [Times: user=0.02 sys=0.00, real=0.03 secs] 
2024-10-09T21:30:43.007+0300: 852.219: Total time for which application threads were stopped: 0.0297940 seconds, Stopping threads took: 0.0001511 seconds
2024-10-09T21:30:43.180+0300: 852.393: Application time: 0.1742596 seconds
2024-10-09T21:30:43.180+0300: 852.393: [GC (Allocation Failure) 2024-10-09T21:30:43.180+0300: 852.393: [ParNew: 460096K->51072K(460096K), 0.0324831 secs] 3379650K->2999595K(4143232K), 0.0325772 secs] [Times: user=0.03 sys=0.00, real=0.03 secs] 
2024-10-09T21:30:43.211+0300: 852.426: Total time for which application threads were stopped: 0.0328227 seconds, Stopping threads took: 0.0001216 seconds
2024-10-09T21:30:43.384+0300: 852.600: Application time: 0.1741829 seconds
2024-10-09T21:30:43.384+0300: 852.600: [GC (Allocation Failure) 2024-10-09T21:30:43.384+0300: 852.600: [ParNew: 460096K->44021K(460096K), 0.0246315 secs] 3408619K->3009285K(4143232K), 0.0247194 secs] [Times: user=0.03 sys=0.00, real=0.03 secs] 
2024-10-09T21:30:43.415+0300: 852.625: Total time for which application threads were stopped: 0.0249810 seconds, Stopping threads took: 0.0001387 seconds
2024-10-09T21:30:43.604+0300: 852.815: Application time: 0.1897755 seconds
2024-10-09T21:30:43.604+0300: 852.815: [GC (Allocation Failure) 2024-10-09T21:30:43.604+0300: 852.815: [ParNew: 453045K->51072K(460096K), 0.0296580 secs] 3418309K->3030555K(4143232K), 0.0297532 secs] [Times: user=0.12 sys=0.01, real=0.03 secs] 
2024-10-09T21:30:43.635+0300: 852.845: Total time for which application threads were stopped: 0.0300513 seconds, Stopping threads took: 0.0001496 seconds
2024-10-09T21:30:43.808+0300: 853.024: Application time: 0.1788506 seconds
2024-10-09T21:30:43.808+0300: 853.024: [GC (Allocation Failure) 2024-10-09T21:30:43.808+0300: 853.024: [ParNew: 460096K->51072K(460096K), 0.0290009 secs] 3439579K->3054607K(4143232K), 0.0290910 secs] [Times: user=0.03 sys=0.00, real=0.03 secs] 
2024-10-09T21:30:43.839+0300: 853.053: Total time for which application threads were stopped: 0.0293741 seconds, Stopping threads took: 0.0001542 seconds
2024-10-09T21:30:44.012+0300: 853.227: Application time: 0.1734092 seconds
2024-10-09T21:30:44.012+0300: 853.227: [GC (Allocation Failure) 2024-10-09T21:30:44.012+0300: 853.227: [ParNew: 460096K->48312K(460096K), 0.0243437 secs] 3463631K->3068065K(4143232K), 0.0244298 secs] [Times: user=0.03 sys=0.00, real=0.03 secs] 
2024-10-09T21:30:44.043+0300: 853.251: Total time for which application threads were stopped: 0.0246837 seconds, Stopping threads took: 0.0001335 seconds
2024-10-09T21:30:44.217+0300: 853.431: Application time: 0.1798415 seconds
2024-10-09T21:30:44.217+0300: 853.431: [GC (Allocation Failure) 2024-10-09T21:30:44.217+0300: 853.431: [ParNew: 457336K->51072K(460096K), 0.0249502 secs] 3477089K->3088875K(4143232K), 0.0250375 secs] [Times: user=0.03 sys=0.00, real=0.03 secs] 
2024-10-09T21:30:44.248+0300: 853.456: Total time for which application threads were stopped: 0.0253177 seconds, Stopping threads took: 0.0001574 seconds
2024-10-09T21:30:44.421+0300: 853.637: Application time: 0.1810508 seconds
2024-10-09T21:30:44.421+0300: 853.638: [GC (Allocation Failure) 2024-10-09T21:30:44.421+0300: 853.638: [ParNew: 460096K->51072K(460096K), 0.0303682 secs] 3497899K->3115815K(4143232K), 0.0304573 secs] [Times: user=0.03 sys=0.00, real=0.03 secs] 
2024-10-09T21:30:44.452+0300: 853.668: Total time for which application threads were stopped: 0.0307425 seconds, Stopping threads took: 0.0001607 seconds
2024-10-09T21:30:44.640+0300: 853.849: Application time: 0.1811110 seconds
2024-10-09T21:30:44.640+0300: 853.850: [GC (Allocation Failure) 2024-10-09T21:30:44.640+0300: 853.850: [ParNew: 460096K->51072K(460096K), 0.0272568 secs] 3524839K->3131968K(4143232K), 0.0273581 secs] [Times: user=0.05 sys=0.00, real=0.03 secs] 
2024-10-09T21:30:44.671+0300: 853.877: Total time for which application threads were stopped: 0.0276746 seconds, Stopping threads took: 0.0001649 seconds
2024-10-09T21:30:44.844+0300: 854.055: Application time: 0.1776257 seconds
2024-10-09T21:30:44.844+0300: 854.055: [GC (Allocation Failure) 2024-10-09T21:30:44.844+0300: 854.055: [ParNew: 460096K->51072K(460096K), 0.0252218 secs] 3540992K->3149706K(4143232K), 0.0253046 secs] [Times: user=0.03 sys=0.00, real=0.03 secs] 
2024-10-09T21:30:44.876+0300: 854.080: Total time for which application threads were stopped: 0.0255780 seconds, Stopping threads took: 0.0001509 seconds
2024-10-09T21:30:45.048+0300: 854.259: Application time: 0.1785432 seconds
2024-10-09T21:30:45.048+0300: 854.259: [GC (Allocation Failure) 2024-10-09T21:30:45.048+0300: 854.259: [ParNew: 460096K->51072K(460096K), 0.0284625 secs] 3558730K->3176125K(4143232K), 0.0285506 secs] [Times: user=0.03 sys=0.00, real=0.03 secs] 
2024-10-09T21:30:45.080+0300: 854.288: Total time for which application threads were stopped: 0.0288116 seconds, Stopping threads took: 0.0001371 seconds
2024-10-09T21:30:45.252+0300: 854.465: Application time: 0.1772057 seconds
2024-10-09T21:30:45.252+0300: 854.465: [GC (Allocation Failure) 2024-10-09T21:30:45.252+0300: 854.465: [ParNew: 460096K->51072K(460096K), 0.0234892 secs] 3585149K->3186537K(4143232K), 0.0235743 secs] [Times: user=0.03 sys=0.00, real=0.03 secs] 
2024-10-09T21:30:45.284+0300: 854.489: Total time for which application threads were stopped: 0.0238598 seconds, Stopping threads took: 0.0001551 seconds
2024-10-09T21:30:45.456+0300: 854.665: Application time: 0.1763913 seconds
2024-10-09T21:30:45.456+0300: 854.665: [GC (Allocation Failure) 2024-10-09T21:30:45.456+0300: 854.665: [ParNew: 460096K->51072K(460096K), 0.0277581 secs] 3595561K->3207980K(4143232K), 0.0278422 secs] [Times: user=0.03 sys=0.00, real=0.03 secs] 
2024-10-09T21:30:45.488+0300: 854.693: Total time for which application threads were stopped: 0.0280812 seconds, Stopping threads took: 0.0001192 seconds
2024-10-09T21:30:45.660+0300: 854.873: Application time: 0.1800393 seconds
2024-10-09T21:30:45.660+0300: 854.873: [GC (Allocation Failure) 2024-10-09T21:30:45.660+0300: 854.873: [ParNew: 460096K->51072K(460096K), 0.0269089 secs] 3617004K->3229093K(4143232K), 0.0270016 secs] [Times: user=0.03 sys=0.00, real=0.03 secs] 
2024-10-09T21:30:45.692+0300: 854.900: Total time for which application threads were stopped: 0.0273327 seconds, Stopping threads took: 0.0001615 seconds
2024-10-09T21:30:45.880+0300: 855.090: Application time: 0.1892002 seconds
2024-10-09T21:30:45.880+0300: 855.090: [GC (Allocation Failure) 2024-10-09T21:30:45.880+0300: 855.090: [ParNew: 460096K->51072K(460096K), 0.0238137 secs] 3638117K->3241860K(4143232K), 0.0239014 secs] [Times: user=0.02 sys=0.00, real=0.02 secs] 
2024-10-09T21:30:45.896+0300: 855.114: Total time for which application threads were stopped: 0.0241627 seconds, Stopping threads took: 0.0001424 seconds
2024-10-09T21:30:46.079+0300: 855.284: Application time: 0.1706286 seconds
2024-10-09T21:30:46.079+0300: 855.285: [GC (Allocation Failure) 2024-10-09T21:30:46.079+0300: 855.285: [ParNew: 460096K->51072K(460096K), 0.0275610 secs] 3650884K->3261652K(4143232K), 0.0276439 secs] [Times: user=0.02 sys=0.00, real=0.02 secs] 
2024-10-09T21:30:46.100+0300: 855.312: Total time for which application threads were stopped: 0.0279331 seconds, Stopping threads took: 0.0001686 seconds
2024-10-09T21:30:46.279+0300: 855.486: Application time: 0.1731214 seconds
2024-10-09T21:30:46.279+0300: 855.486: [GC (Allocation Failure) 2024-10-09T21:30:46.279+0300: 855.486: [ParNew: 460096K->45636K(460096K), 0.0260406 secs] 3670676K->3280389K(4143232K), 0.0261293 secs] [Times: user=0.02 sys=0.00, real=0.02 secs] 
2024-10-09T21:30:46.304+0300: 855.512: Total time for which application threads were stopped: 0.0264103 seconds, Stopping threads took: 0.0001598 seconds
2024-10-09T21:30:46.480+0300: 855.695: Application time: 0.1835272 seconds
2024-10-09T21:30:46.480+0300: 855.696: [GC (Allocation Failure) 2024-10-09T21:30:46.480+0300: 855.696: [ParNew: 454660K->51072K(460096K), 0.0246277 secs] 3689413K->3298913K(4143232K), 0.0247153 secs] [Times: user=0.02 sys=0.00, real=0.03 secs] 
2024-10-09T21:30:46.508+0300: 855.721: Total time for which application threads were stopped: 0.0250045 seconds, Stopping threads took: 0.0001635 seconds
2024-10-09T21:30:46.697+0300: 855.904: Application time: 0.1838593 seconds
2024-10-09T21:30:46.697+0300: 855.905: [GC (Allocation Failure) 2024-10-09T21:30:46.697+0300: 855.905: [ParNew: 460096K->51072K(460096K), 0.0253689 secs] 3707937K->3314708K(4143232K), 0.0254666 secs] [Times: user=0.03 sys=0.01, real=0.01 secs] 
2024-10-09T21:30:46.712+0300: 855.930: Total time for which application threads were stopped: 0.0257287 seconds, Stopping threads took: 0.0000997 seconds
2024-10-09T21:30:46.901+0300: 856.108: Application time: 0.1775143 seconds
2024-10-09T21:30:46.901+0300: 856.108: [GC (Allocation Failure) 2024-10-09T21:30:46.901+0300: 856.108: [ParNew: 460096K->51072K(460096K), 0.0290403 secs] 3723732K->3343548K(4143232K), 0.0291450 secs] [Times: user=0.03 sys=0.00, real=0.03 secs] 
2024-10-09T21:30:46.932+0300: 856.137: Total time for which application threads were stopped: 0.0293931 seconds, Stopping threads took: 0.0001186 seconds
2024-10-09T21:30:47.120+0300: 856.326: Application time: 0.1893923 seconds
2024-10-09T21:30:47.120+0300: 856.327: [GC (Allocation Failure) 2024-10-09T21:30:47.120+0300: 856.327: [ParNew: 460096K->51072K(460096K), 0.0227393 secs] 3752572K->3349911K(4143232K), 0.0228259 secs] [Times: user=0.02 sys=0.00, real=0.02 secs] 
2024-10-09T21:30:47.136+0300: 856.349: Total time for which application threads were stopped: 0.0230734 seconds, Stopping threads took: 0.0001223 seconds
2024-10-09T21:30:47.309+0300: 856.523: Application time: 0.1730416 seconds
2024-10-09T21:30:47.309+0300: 856.523: [GC (Allocation Failure) 2024-10-09T21:30:47.309+0300: 856.523: [ParNew: 460096K->51072K(460096K), 0.0300302 secs] 3758935K->3376623K(4143232K), 0.0301173 secs] [Times: user=0.03 sys=0.00, real=0.03 secs] 
2024-10-09T21:30:47.340+0300: 856.553: Total time for which application threads were stopped: 0.0304284 seconds, Stopping threads took: 0.0001918 seconds
2024-10-09T21:30:47.528+0300: 856.732: Application time: 0.1787847 seconds
2024-10-09T21:30:47.528+0300: 856.732: [GC (Allocation Failure) 2024-10-09T21:30:47.528+0300: 856.732: [ParNew: 460096K->47967K(460096K), 0.0252408 secs] 3785647K->3394057K(4143232K), 0.0253267 secs] [Times: user=0.02 sys=0.00, real=0.02 secs] 
2024-10-09T21:30:47.544+0300: 856.757: Total time for which application threads were stopped: 0.0255763 seconds, Stopping threads took: 0.0001222 seconds
2024-10-09T21:30:47.748+0300: 856.956: Application time: 0.1990318 seconds
2024-10-09T21:30:47.748+0300: 856.957: [GC (Allocation Failure) 2024-10-09T21:30:47.748+0300: 856.957: [ParNew: 456991K->51072K(460096K), 0.0236323 secs] 3803081K->3405560K(4143232K), 0.0237205 secs] [Times: user=0.01 sys=0.00, real=0.02 secs] 
2024-10-09T21:30:47.764+0300: 856.980: Total time for which application threads were stopped: 0.0239946 seconds, Stopping threads took: 0.0001303 seconds
2024-10-09T21:30:47.936+0300: 857.151: Application time: 0.1703738 seconds
2024-10-09T21:30:47.936+0300: 857.151: [GC (Allocation Failure) 2024-10-09T21:30:47.936+0300: 857.151: [ParNew: 460096K->51072K(460096K), 0.0277006 secs] 3814584K->3425085K(4143232K), 0.0277886 secs] [Times: user=0.03 sys=0.00, real=0.03 secs] 
2024-10-09T21:30:47.968+0300: 857.179: Total time for which application threads were stopped: 0.0280800 seconds, Stopping threads took: 0.0001679 seconds
2024-10-09T21:30:48.140+0300: 857.352: Application time: 0.1735959 seconds
2024-10-09T21:30:48.140+0300: 857.353: [GC (Allocation Failure) 2024-10-09T21:30:48.140+0300: 857.353: [ParNew: 460096K->45942K(460096K), 0.0306599 secs] 3834109K->3452433K(4143232K), 0.0307769 secs] [Times: user=0.03 sys=0.00, real=0.03 secs] 
2024-10-09T21:30:48.171+0300: 857.383: Total time for which application threads were stopped: 0.0310845 seconds, Stopping threads took: 0.0001460 seconds
2024-10-09T21:30:48.171+0300: 857.384: Application time: 0.0001434 seconds
2024-10-09T21:30:48.171+0300: 857.384: [GC (CMS Initial Mark) [1 CMS-initial-mark: 3406490K(3683136K)] 3459180K(4143232K), 0.0042248 secs] [Times: user=0.00 sys=0.00, real=0.01 secs] 
2024-10-09T21:30:48.184+0300: 857.388: Total time for which application threads were stopped: 0.0045267 seconds, Stopping threads took: 0.0001596 seconds
2024-10-09T21:30:48.184+0300: 857.388: [CMS-concurrent-mark-start]
2024-10-09T21:30:48.203+0300: 857.419: [CMS-concurrent-mark: 0.031/0.031 secs] [Times: user=0.02 sys=0.00, real=0.02 secs] 
2024-10-09T21:30:48.203+0300: 857.419: [CMS-concurrent-preclean-start]
2024-10-09T21:30:48.218+0300: 857.424: [CMS-concurrent-preclean: 0.004/0.004 secs] [Times: user=0.02 sys=0.00, real=0.01 secs] 
2024-10-09T21:30:48.218+0300: 857.424: [CMS-concurrent-abortable-preclean-start]
2024-10-09T21:30:48.407+0300: 857.615: Application time: 0.2267083 seconds
2024-10-09T21:30:48.407+0300: 857.615: [GC (Allocation Failure) 2024-10-09T21:30:48.407+0300: 857.615: [ParNew: 454966K->51072K(460096K), 0.0222488 secs] 3861457K->3459548K(4143232K), 0.0223270 secs] [Times: user=0.02 sys=0.00, real=0.01 secs] 
2024-10-09T21:30:48.422+0300: 857.637: Total time for which application threads were stopped: 0.0226027 seconds, Stopping threads took: 0.0001535 seconds
2024-10-09T21:30:48.642+0300: 857.854: Application time: 0.2166247 seconds
2024-10-09T21:30:48.642+0300: 857.854: [GC (Allocation Failure) 2024-10-09T21:30:48.642+0300: 857.854: [ParNew: 460096K->51072K(460096K), 0.0328669 secs] 3868572K->3482755K(4143232K), 0.0329520 secs] [Times: user=0.05 sys=0.00, real=0.03 secs] 
2024-10-09T21:30:48.673+0300: 857.887: Total time for which application threads were stopped: 0.0332344 seconds, Stopping threads took: 0.0001403 seconds
2024-10-09T21:30:48.689+0300: 857.906: [CMS-concurrent-abortable-preclean: 0.426/0.482 secs] [Times: user=2.47 sys=0.00, real=0.47 secs] 
2024-10-09T21:30:48.705+0300: 857.911: Application time: 0.0232218 seconds
2024-10-09T21:30:48.705+0300: 857.911: [GC (CMS Final Remark) [YG occupancy: 92696 K (460096 K)]2024-10-09T21:30:48.705+0300: 857.911: [Rescan (parallel) , 0.0093748 secs]2024-10-09T21:30:48.705+0300: 857.920: [weak refs processing, 0.0000230 secs]2024-10-09T21:30:48.705+0300: 857.920: [class unloading, 0.0021475 secs]2024-10-09T21:30:48.705+0300: 857.922: [scrub symbol table, 0.0008196 secs]2024-10-09T21:30:48.705+0300: 857.923: [scrub string table, 0.0002164 secs][1 CMS-remark: 3431683K(3683136K)] 3524379K(4143232K), 0.0127304 secs] [Times: user=0.00 sys=0.00, real=0.00 secs] 
2024-10-09T21:30:48.705+0300: 857.924: Total time for which application threads were stopped: 0.0129914 seconds, Stopping threads took: 0.0001434 seconds
2024-10-09T21:30:48.721+0300: 857.924: [CMS-concurrent-sweep-start]
2024-10-09T21:30:48.909+0300: 858.119: Application time: 0.1954399 seconds
2024-10-09T21:30:48.909+0300: 858.119: [GC (Allocation Failure) 2024-10-09T21:30:48.909+0300: 858.120: [ParNew: 460096K->51072K(460096K), 0.0278726 secs] 3523961K->3140922K(4143232K), 0.0279641 secs] [Times: user=0.11 sys=0.00, real=0.03 secs] 
2024-10-09T21:30:48.940+0300: 858.147: Total time for which application threads were stopped: 0.0284865 seconds, Stopping threads took: 0.0003814 seconds
2024-10-09T21:30:49.160+0300: 858.379: Application time: 0.2310207 seconds
2024-10-09T21:30:49.160+0300: 858.379: [GC (Allocation Failure) 2024-10-09T21:30:49.160+0300: 858.379: [ParNew: 460096K->51072K(460096K), 0.0218417 secs] 3111410K->2704949K(4143232K), 0.0219225 secs] [Times: user=0.19 sys=0.00, real=0.03 secs] 
2024-10-09T21:30:49.192+0300: 858.401: Total time for which application threads were stopped: 0.0222073 seconds, Stopping threads took: 0.0001361 seconds
2024-10-09T21:30:49.411+0300: 858.615: Application time: 0.2139846 seconds
2024-10-09T21:30:49.411+0300: 858.615: [GC (Allocation Failure) 2024-10-09T21:30:49.411+0300: 858.615: [ParNew: 460096K->41364K(460096K), 0.0274585 secs] 2720827K->2328456K(4143232K), 0.0275285 secs] [Times: user=0.11 sys=0.00, real=0.02 secs] 
2024-10-09T21:30:49.427+0300: 858.643: Total time for which application threads were stopped: 0.0279478 seconds, Stopping threads took: 0.0002818 seconds
2024-10-09T21:30:49.662+0300: 858.877: Application time: 0.2347695 seconds
2024-10-09T21:30:49.662+0300: 858.878: [GC (Allocation Failure) 2024-10-09T21:30:49.662+0300: 858.878: [ParNew: 450388K->51072K(460096K), 0.0234047 secs] 2285051K->1890138K(4143232K), 0.0234891 secs] [Times: user=0.27 sys=0.00, real=0.03 secs] 
2024-10-09T21:30:49.694+0300: 858.901: Total time for which application threads were stopped: 0.0240569 seconds, Stopping threads took: 0.0004105 seconds
2024-10-09T21:30:49.898+0300: 859.107: Application time: 0.2053311 seconds
2024-10-09T21:30:49.898+0300: 859.107: [GC (Allocation Failure) 2024-10-09T21:30:49.898+0300: 859.107: [ParNew: 460096K->51072K(460096K), 0.0266937 secs] 1914059K->1526523K(4143232K), 0.0267729 secs] [Times: user=0.03 sys=0.00, real=0.03 secs] 
2024-10-09T21:30:49.929+0300: 859.134: Total time for which application threads were stopped: 0.0270827 seconds, Stopping threads took: 0.0001590 seconds
2024-10-09T21:30:50.133+0300: 859.347: Application time: 0.2131065 seconds
2024-10-09T21:30:50.133+0300: 859.347: [GC (Allocation Failure) 2024-10-09T21:30:50.133+0300: 859.347: [ParNew: 460096K->51072K(460096K), 0.0246126 secs] 1538021K->1140034K(4143232K), 0.0247037 secs] [Times: user=0.08 sys=0.00, real=0.03 secs] 
2024-10-09T21:30:50.164+0300: 859.372: Total time for which application threads were stopped: 0.0250945 seconds, Stopping threads took: 0.0002259 seconds
2024-10-09T21:30:50.368+0300: 859.582: Application time: 0.2095024 seconds
2024-10-09T21:30:50.368+0300: 859.582: [GC (Allocation Failure) 2024-10-09T21:30:50.368+0300: 859.582: [ParNew: 460096K->51072K(460096K), 0.0315275 secs] 1141148K->762835K(4143232K), 0.0316145 secs] [Times: user=0.11 sys=0.00, real=0.03 secs] 
