OpenJDK 64-Bit Server VM (25.422-b05) for windows-amd64 JRE (1.8.0_422-422-b05), built on Jul 18 2024 05:34:18 by "Administrator" with MS VC++ 16.10 / 16.11 (VS2019)
Memory: 4k page, physical 15965620k(10879764k free), swap 17079732k(10832000k free)
CommandLine flags: -XX:InitialHeapSize=8589934592 -XX:MaxHeapSize=8589934592 -XX:MaxNewSize=523452416 -XX:MaxTenuringThreshold=6 -XX:NewSize=523452416 -XX:OldPLABSize=16 -XX:OldSize=1046904832 -XX:+PrintGC -XX:+PrintGCApplicationConcurrentTime -XX:+PrintGCApplicationStoppedTime -XX:+PrintGCDateStamps -XX:+PrintGCDetails -XX:+PrintGCTimeStamps -XX:+UnlockExperimentalVMOptions -XX:+UseCompressedClassPointers -XX:+UseCompressedOops -XX:+UseConcMarkSweepGC -XX:-UseLargePagesIndividualAllocation -XX:+UseParNewGC 
2024-10-09T21:36:57.241+0300: 0.082: Application time: 0.0179113 seconds
2024-10-09T21:36:57.241+0300: 0.082: Total time for which application threads were stopped: 0.0001170 seconds, Stopping threads took: 0.0000436 seconds
2024-10-09T21:36:57.429+0300: 0.267: Application time: 0.1852712 seconds
2024-10-09T21:36:57.429+0300: 0.268: [Full GC (System.gc()) 2024-10-09T21:36:57.429+0300: 0.268: [CMS: 0K->3742K(7877440K), 0.0492182 secs] 32721K->3742K(8337536K), [Metaspace: 7071K->7071K(1056768K)], 0.0500826 secs] [Times: user=0.08 sys=0.02, real=0.05 secs] 
2024-10-09T21:36:57.482+0300: 0.318: Total time for which application threads were stopped: 0.0502679 seconds, Stopping threads took: 0.0000330 seconds
2024-10-09T21:36:57.492+0300: 0.318: Application time: 0.0002216 seconds
2024-10-09T21:36:57.492+0300: 0.318: [Full GC (System.gc()) 2024-10-09T21:36:57.492+0300: 0.318: [CMS: 3742K->3742K(7877440K), 0.0126075 secs] 3742K->3742K(8337536K), [Metaspace: 7071K->7071K(1056768K)], 0.0132636 secs] [Times: user=0.00 sys=0.00, real=0.00 secs] 
2024-10-09T21:36:57.492+0300: 0.331: Total time for which application threads were stopped: 0.0134411 seconds, Stopping threads took: 0.0000864 seconds
2024-10-09T21:36:57.539+0300: 0.367: Application time: 0.0358895 seconds
2024-10-09T21:36:57.539+0300: 0.367: Total time for which application threads were stopped: 0.0001307 seconds, Stopping threads took: 0.0000205 seconds
2024-10-09T21:36:57.570+0300: 0.396: Application time: 0.0286360 seconds
2024-10-09T21:36:57.570+0300: 0.396: Total time for which application threads were stopped: 0.0001648 seconds, Stopping threads took: 0.0000314 seconds
2024-10-09T21:36:57.570+0300: 0.406: Application time: 0.0096204 seconds
2024-10-09T21:36:57.570+0300: 0.406: Total time for which application threads were stopped: 0.0001516 seconds, Stopping threads took: 0.0000300 seconds
2024-10-09T21:36:57.806+0300: 0.635: Application time: 0.2293835 seconds
2024-10-09T21:36:57.806+0300: 0.636: Total time for which application threads were stopped: 0.0003546 seconds, Stopping threads took: 0.0001213 seconds
2024-10-09T21:36:57.806+0300: 0.638: Application time: 0.0018168 seconds
2024-10-09T21:36:57.806+0300: 0.638: Total time for which application threads were stopped: 0.0003009 seconds, Stopping threads took: 0.0001220 seconds
2024-10-09T21:36:57.806+0300: 0.639: Application time: 0.0016418 seconds
2024-10-09T21:36:57.806+0300: 0.640: Total time for which application threads were stopped: 0.0003213 seconds, Stopping threads took: 0.0001320 seconds
2024-10-09T21:36:57.806+0300: 0.641: Application time: 0.0008695 seconds
2024-10-09T21:36:57.806+0300: 0.641: Total time for which application threads were stopped: 0.0002452 seconds, Stopping threads took: 0.0000839 seconds
2024-10-09T21:36:57.806+0300: 0.641: Application time: 0.0005529 seconds
2024-10-09T21:36:57.806+0300: 0.642: Total time for which application threads were stopped: 0.0001873 seconds, Stopping threads took: 0.0000798 seconds
2024-10-09T21:36:57.900+0300: 0.739: Application time: 0.0972973 seconds
2024-10-09T21:36:57.900+0300: 0.739: Total time for which application threads were stopped: 0.0004374 seconds, Stopping threads took: 0.0001376 seconds
2024-10-09T21:36:58.308+0300: 1.137: Application time: 0.3980032 seconds
2024-10-09T21:36:58.308+0300: 1.138: Total time for which application threads were stopped: 0.0002930 seconds, Stopping threads took: 0.0001386 seconds
2024-10-09T21:36:58.465+0300: 1.299: Application time: 0.1614716 seconds
2024-10-09T21:36:58.465+0300: 1.299: Total time for which application threads were stopped: 0.0002846 seconds, Stopping threads took: 0.0001237 seconds
2024-10-09T21:36:58.543+0300: 1.378: Application time: 0.0781883 seconds
2024-10-09T21:36:58.543+0300: 1.378: Total time for which application threads were stopped: 0.0005669 seconds, Stopping threads took: 0.0001876 seconds
2024-10-09T21:36:58.653+0300: 1.482: Application time: 0.1036529 seconds
2024-10-09T21:36:58.653+0300: 1.482: Total time for which application threads were stopped: 0.0002691 seconds, Stopping threads took: 0.0000962 seconds
2024-10-09T21:36:58.716+0300: 1.551: Application time: 0.0683605 seconds
2024-10-09T21:36:58.716+0300: 1.551: [GC (Allocation Failure) 2024-10-09T21:36:58.716+0300: 1.551: [ParNew: 409024K->51072K(460096K), 0.0535733 secs] 412766K->60443K(8337536K), 0.0537326 secs] [Times: user=0.16 sys=0.06, real=0.06 secs] 
2024-10-09T21:36:58.779+0300: 1.605: Total time for which application threads were stopped: 0.0541200 seconds, Stopping threads took: 0.0001982 seconds
2024-10-09T21:36:58.885+0300: 1.712: Application time: 0.1075739 seconds
2024-10-09T21:36:58.885+0300: 1.712: Total time for which application threads were stopped: 0.0002021 seconds, Stopping threads took: 0.0000451 seconds
2024-10-09T21:36:59.125+0300: 1.962: Application time: 0.2498827 seconds
2024-10-09T21:36:59.125+0300: 1.963: [GC (Allocation Failure) 2024-10-09T21:36:59.125+0300: 1.963: [ParNew: 460096K->51072K(460096K), 0.0440964 secs] 469467K->86596K(8337536K), 0.0442083 secs] [Times: user=0.09 sys=0.00, real=0.05 secs] 
2024-10-09T21:36:59.172+0300: 2.007: Total time for which application threads were stopped: 0.0445124 seconds, Stopping threads took: 0.0001183 seconds
2024-10-09T21:36:59.611+0300: 2.450: Application time: 0.4435450 seconds
2024-10-09T21:36:59.611+0300: 2.451: [GC (Allocation Failure) 2024-10-09T21:36:59.611+0300: 2.451: [ParNew: 460096K->51072K(460096K), 0.0382264 secs] 495620K->95017K(8337536K), 0.0383297 secs] [Times: user=0.11 sys=0.00, real=0.05 secs] 
2024-10-09T21:36:59.658+0300: 2.489: Total time for which application threads were stopped: 0.0386782 seconds, Stopping threads took: 0.0001385 seconds
2024-10-09T21:36:59.862+0300: 2.690: Application time: 0.2010771 seconds
2024-10-09T21:36:59.862+0300: 2.690: Total time for which application threads were stopped: 0.0003250 seconds, Stopping threads took: 0.0001461 seconds
2024-10-09T21:36:59.957+0300: 2.786: Application time: 0.0953567 seconds
2024-10-09T21:36:59.957+0300: 2.786: [GC (Allocation Failure) 2024-10-09T21:36:59.957+0300: 2.787: [ParNew: 460096K->41650K(460096K), 0.0435855 secs] 504041K->115313K(8337536K), 0.0437009 secs] [Times: user=0.12 sys=0.00, real=0.05 secs] 
2024-10-09T21:37:00.003+0300: 2.830: Total time for which application threads were stopped: 0.0444194 seconds, Stopping threads took: 0.0005466 seconds
2024-10-09T21:37:00.254+0300: 3.089: Application time: 0.2592234 seconds
2024-10-09T21:37:00.254+0300: 3.090: [GC (Allocation Failure) 2024-10-09T21:37:00.254+0300: 3.090: [ParNew: 450674K->51072K(460096K), 0.0337981 secs] 524337K->127740K(8337536K), 0.0339036 secs] [Times: user=0.09 sys=0.00, real=0.04 secs] 
2024-10-09T21:37:00.289+0300: 3.124: Total time for which application threads were stopped: 0.0342987 seconds, Stopping threads took: 0.0002008 seconds
2024-10-09T21:37:00.474+0300: 3.301: Application time: 0.1777046 seconds
2024-10-09T21:37:00.474+0300: 3.302: [GC (Allocation Failure) 2024-10-09T21:37:00.474+0300: 3.302: [ParNew: 460096K->51072K(460096K), 0.0437804 secs] 536764K->154411K(8337536K), 0.0438806 secs] [Times: user=0.06 sys=0.02, real=0.03 secs] 
2024-10-09T21:37:00.506+0300: 3.346: Total time for which application threads were stopped: 0.0441833 seconds, Stopping threads took: 0.0001521 seconds
2024-10-09T21:37:00.710+0300: 3.536: Application time: 0.1906234 seconds
2024-10-09T21:37:00.710+0300: 3.537: [GC (Allocation Failure) 2024-10-09T21:37:00.710+0300: 3.537: [ParNew: 460096K->51072K(460096K), 0.0370879 secs] 563435K->172454K(8337536K), 0.0371870 secs] [Times: user=0.06 sys=0.00, real=0.03 secs] 
2024-10-09T21:37:00.741+0300: 3.574: Total time for which application threads were stopped: 0.0374443 seconds, Stopping threads took: 0.0001368 seconds
2024-10-09T21:37:00.914+0300: 3.750: Application time: 0.1763313 seconds
2024-10-09T21:37:00.914+0300: 3.750: [GC (Allocation Failure) 2024-10-09T21:37:00.914+0300: 3.750: [ParNew: 460096K->51072K(460096K), 0.0368232 secs] 581478K->184636K(8337536K), 0.0369287 secs] [Times: user=0.11 sys=0.02, real=0.05 secs] 
2024-10-09T21:37:00.961+0300: 3.787: Total time for which application threads were stopped: 0.0372215 seconds, Stopping threads took: 0.0001352 seconds
2024-10-09T21:37:01.102+0300: 3.943: Application time: 0.1554579 seconds
2024-10-09T21:37:01.102+0300: 3.943: [GC (Allocation Failure) 2024-10-09T21:37:01.102+0300: 3.943: [ParNew: 460096K->47310K(460096K), 0.0418879 secs] 593660K->206377K(8337536K), 0.0419908 secs] [Times: user=0.06 sys=0.00, real=0.05 secs] 
2024-10-09T21:37:01.149+0300: 3.985: Total time for which application threads were stopped: 0.0423025 seconds, Stopping threads took: 0.0001772 seconds
2024-10-09T21:37:01.290+0300: 4.116: Application time: 0.1307895 seconds
2024-10-09T21:37:01.290+0300: 4.116: Total time for which application threads were stopped: 0.0002664 seconds, Stopping threads took: 0.0001510 seconds
2024-10-09T21:37:01.322+0300: 4.161: Application time: 0.0451648 seconds
2024-10-09T21:37:01.322+0300: 4.162: [GC (Allocation Failure) 2024-10-09T21:37:01.322+0300: 4.162: [ParNew: 456334K->48295K(460096K), 0.0393434 secs] 615401K->233903K(8337536K), 0.0394401 secs] [Times: user=0.06 sys=0.00, real=0.05 secs] 
2024-10-09T21:37:01.369+0300: 4.201: Total time for which application threads were stopped: 0.0397145 seconds, Stopping threads took: 0.0001581 seconds
2024-10-09T21:37:01.541+0300: 4.379: Application time: 0.1779918 seconds
2024-10-09T21:37:01.541+0300: 4.379: [GC (Allocation Failure) 2024-10-09T21:37:01.541+0300: 4.379: [ParNew: 457319K->51072K(460096K), 0.0335862 secs] 642927K->239717K(8337536K), 0.0336785 secs] [Times: user=0.06 sys=0.00, real=0.03 secs] 
2024-10-09T21:37:01.573+0300: 4.413: Total time for which application threads were stopped: 0.0339396 seconds, Stopping threads took: 0.0001379 seconds
2024-10-09T21:37:01.730+0300: 4.571: Application time: 0.1576176 seconds
2024-10-09T21:37:01.730+0300: 4.571: [GC (Allocation Failure) 2024-10-09T21:37:01.730+0300: 4.571: [ParNew: 460096K->51072K(460096K), 0.0448415 secs] 648741K->271668K(8337536K), 0.0449506 secs] [Times: user=0.22 sys=0.00, real=0.05 secs] 
2024-10-09T21:37:01.777+0300: 4.616: Total time for which application threads were stopped: 0.0452355 seconds, Stopping threads took: 0.0001583 seconds
2024-10-09T21:37:01.964+0300: 4.794: Application time: 0.1783021 seconds
2024-10-09T21:37:01.964+0300: 4.794: [GC (Allocation Failure) 2024-10-09T21:37:01.964+0300: 4.794: [ParNew: 460096K->39604K(460096K), 0.0389881 secs] 680692K->285697K(8337536K), 0.0390919 secs] [Times: user=0.06 sys=0.00, real=0.03 secs] 
2024-10-09T21:37:01.996+0300: 4.833: Total time for which application threads were stopped: 0.0393667 seconds, Stopping threads took: 0.0001491 seconds
2024-10-09T21:37:02.184+0300: 5.011: Application time: 0.1779762 seconds
2024-10-09T21:37:02.184+0300: 5.012: [GC (Allocation Failure) 2024-10-09T21:37:02.184+0300: 5.012: [ParNew: 448628K->51072K(460096K), 0.0388100 secs] 694721K->305317K(8337536K), 0.0389254 secs] [Times: user=0.05 sys=0.00, real=0.03 secs] 
2024-10-09T21:37:02.216+0300: 5.051: Total time for which application threads were stopped: 0.0391983 seconds, Stopping threads took: 0.0001343 seconds
2024-10-09T21:37:02.373+0300: 5.200: Application time: 0.1492239 seconds
2024-10-09T21:37:02.373+0300: 5.200: [GC (Allocation Failure) 2024-10-09T21:37:02.373+0300: 5.200: [ParNew: 460096K->51072K(460096K), 0.0451116 secs] 714341K->333778K(8337536K), 0.0452115 secs] [Times: user=0.05 sys=0.00, real=0.03 secs] 
2024-10-09T21:37:02.404+0300: 5.245: Total time for which application threads were stopped: 0.0454571 seconds, Stopping threads took: 0.0001345 seconds
2024-10-09T21:37:02.594+0300: 5.420: Application time: 0.1745410 seconds
2024-10-09T21:37:02.594+0300: 5.420: [GC (Allocation Failure) 2024-10-09T21:37:02.594+0300: 5.420: [ParNew: 460096K->48012K(460096K), 0.0418578 secs] 742802K->360156K(8337536K), 0.0419537 secs] [Times: user=0.06 sys=0.00, real=0.03 secs] 
2024-10-09T21:37:02.624+0300: 5.462: Total time for which application threads were stopped: 0.0421790 seconds, Stopping threads took: 0.0001104 seconds
2024-10-09T21:37:02.813+0300: 5.645: Application time: 0.1832110 seconds
2024-10-09T21:37:02.813+0300: 5.646: [GC (Allocation Failure) 2024-10-09T21:37:02.813+0300: 5.646: [ParNew: 457036K->51072K(460096K), 0.0341876 secs] 769180K->370633K(8337536K), 0.0342871 secs] [Times: user=0.09 sys=0.00, real=0.03 secs] 
2024-10-09T21:37:02.844+0300: 5.680: Total time for which application threads were stopped: 0.0345537 seconds, Stopping threads took: 0.0001271 seconds
2024-10-09T21:37:03.001+0300: 5.832: Application time: 0.1525557 seconds
2024-10-09T21:37:03.001+0300: 5.833: [GC (Allocation Failure) 2024-10-09T21:37:03.001+0300: 5.833: [ParNew: 460096K->51072K(460096K), 0.0380334 secs] 779657K->385674K(8337536K), 0.0381359 secs] [Times: user=0.06 sys=0.00, real=0.03 secs] 
2024-10-09T21:37:03.032+0300: 5.871: Total time for which application threads were stopped: 0.0384055 seconds, Stopping threads took: 0.0001525 seconds
2024-10-09T21:37:03.205+0300: 6.032: Application time: 0.1616890 seconds
2024-10-09T21:37:03.205+0300: 6.033: [GC (Allocation Failure) 2024-10-09T21:37:03.205+0300: 6.033: [ParNew: 460096K->50871K(460096K), 0.0398234 secs] 794698K->408362K(8337536K), 0.0399240 secs] [Times: user=0.06 sys=0.00, real=0.03 secs] 
2024-10-09T21:37:03.236+0300: 6.073: Total time for which application threads were stopped: 0.0401771 seconds, Stopping threads took: 0.0001387 seconds
2024-10-09T21:37:03.409+0300: 6.248: Application time: 0.1751236 seconds
2024-10-09T21:37:03.409+0300: 6.248: [GC (Allocation Failure) 2024-10-09T21:37:03.409+0300: 6.248: [ParNew: 459895K->46993K(460096K), 0.0346974 secs] 817386K->416930K(8337536K), 0.0348000 secs] [Times: user=0.08 sys=0.00, real=0.05 secs] 
2024-10-09T21:37:03.456+0300: 6.283: Total time for which application threads were stopped: 0.0350995 seconds, Stopping threads took: 0.0001589 seconds
2024-10-09T21:37:03.597+0300: 6.436: Application time: 0.1529093 seconds
2024-10-09T21:37:03.597+0300: 6.436: [GC (Allocation Failure) 2024-10-09T21:37:03.597+0300: 6.436: [ParNew: 456017K->51072K(460096K), 0.0371291 secs] 825954K->436856K(8337536K), 0.0372265 secs] [Times: user=0.08 sys=0.00, real=0.05 secs] 
2024-10-09T21:37:03.647+0300: 6.473: Total time for which application threads were stopped: 0.0374930 seconds, Stopping threads took: 0.0001457 seconds
2024-10-09T21:37:03.816+0300: 6.646: Application time: 0.1724711 seconds
2024-10-09T21:37:03.816+0300: 6.646: [GC (Allocation Failure) 2024-10-09T21:37:03.816+0300: 6.646: [ParNew: 460096K->49168K(460096K), 0.0379251 secs] 845880K->456532K(8337536K), 0.0380318 secs] [Times: user=0.14 sys=0.00, real=0.03 secs] 
2024-10-09T21:37:03.847+0300: 6.684: Total time for which application threads were stopped: 0.0382880 seconds, Stopping threads took: 0.0001197 seconds
2024-10-09T21:37:04.020+0300: 6.855: Application time: 0.1708406 seconds
2024-10-09T21:37:04.020+0300: 6.855: [GC (Allocation Failure) 2024-10-09T21:37:04.020+0300: 6.855: [ParNew: 458192K->51072K(460096K), 0.0353882 secs] 865556K->470771K(8337536K), 0.0354877 secs] [Times: user=0.05 sys=0.02, real=0.03 secs] 
2024-10-09T21:37:04.051+0300: 6.891: Total time for which application threads were stopped: 0.0357637 seconds, Stopping threads took: 0.0001494 seconds
2024-10-09T21:37:04.209+0300: 7.044: Application time: 0.1531074 seconds
2024-10-09T21:37:04.209+0300: 7.044: [GC (Allocation Failure) 2024-10-09T21:37:04.209+0300: 7.044: [ParNew: 460096K->51072K(460096K), 0.0369670 secs] 879795K->486031K(8337536K), 0.0371197 secs] [Times: user=0.06 sys=0.00, real=0.03 secs] 
2024-10-09T21:37:04.240+0300: 7.081: Total time for which application threads were stopped: 0.0373891 seconds, Stopping threads took: 0.0001553 seconds
2024-10-09T21:37:04.412+0300: 7.253: Application time: 0.1714823 seconds
2024-10-09T21:37:04.412+0300: 7.253: [GC (Allocation Failure) 2024-10-09T21:37:04.412+0300: 7.253: [ParNew: 460096K->51072K(460096K), 0.0375488 secs] 895055K->506273K(8337536K), 0.0376488 secs] [Times: user=0.09 sys=0.00, real=0.05 secs] 
2024-10-09T21:37:04.459+0300: 7.291: Total time for which application threads were stopped: 0.0379201 seconds, Stopping threads took: 0.0001477 seconds
2024-10-09T21:37:04.632+0300: 7.462: Application time: 0.1716524 seconds
2024-10-09T21:37:04.632+0300: 7.462: [GC (Allocation Failure) 2024-10-09T21:37:04.632+0300: 7.462: [ParNew: 460096K->51072K(460096K), 0.0346642 secs] 915297K->516260K(8337536K), 0.0347592 secs] [Times: user=0.06 sys=0.00, real=0.03 secs] 
2024-10-09T21:37:04.663+0300: 7.497: Total time for which application threads were stopped: 0.0350163 seconds, Stopping threads took: 0.0001373 seconds
2024-10-09T21:37:04.820+0300: 7.661: Application time: 0.1636522 seconds
2024-10-09T21:37:04.820+0300: 7.661: [GC (Allocation Failure) 2024-10-09T21:37:04.820+0300: 7.661: [ParNew: 460096K->51072K(460096K), 0.0439752 secs] 925284K->548015K(8337536K), 0.0440780 secs] [Times: user=0.14 sys=0.00, real=0.05 secs] 
2024-10-09T21:37:04.867+0300: 7.705: Total time for which application threads were stopped: 0.0444390 seconds, Stopping threads took: 0.0002284 seconds
2024-10-09T21:37:05.040+0300: 7.874: Application time: 0.1686020 seconds
2024-10-09T21:37:05.040+0300: 7.874: [GC (Allocation Failure) 2024-10-09T21:37:05.040+0300: 7.874: [ParNew: 460096K->51072K(460096K), 0.0393105 secs] 957039K->566652K(8337536K), 0.0394081 secs] [Times: user=0.11 sys=0.00, real=0.05 secs] 
2024-10-09T21:37:05.087+0300: 7.914: Total time for which application threads were stopped: 0.0396917 seconds, Stopping threads took: 0.0001393 seconds
2024-10-09T21:37:05.244+0300: 8.078: Application time: 0.1647409 seconds
2024-10-09T21:37:05.244+0300: 8.079: [GC (Allocation Failure) 2024-10-09T21:37:05.244+0300: 8.079: [ParNew: 460096K->51072K(460096K), 0.0377435 secs] 975676K->580636K(8337536K), 0.0378432 secs] [Times: user=0.06 sys=0.00, real=0.03 secs] 
2024-10-09T21:37:05.275+0300: 8.116: Total time for which application threads were stopped: 0.0380858 seconds, Stopping threads took: 0.0001225 seconds
2024-10-09T21:37:05.432+0300: 8.268: Application time: 0.1516195 seconds
2024-10-09T21:37:05.432+0300: 8.268: [GC (Allocation Failure) 2024-10-09T21:37:05.432+0300: 8.268: [ParNew: 460096K->49264K(460096K), 0.0432501 secs] 989660K->610676K(8337536K), 0.0433471 secs] [Times: user=0.08 sys=0.01, real=0.05 secs] 
2024-10-09T21:37:05.479+0300: 8.312: Total time for which application threads were stopped: 0.0435751 seconds, Stopping threads took: 0.0001089 seconds
2024-10-09T21:37:05.652+0300: 8.481: Application time: 0.1691449 seconds
2024-10-09T21:37:05.652+0300: 8.481: [GC (Allocation Failure) 2024-10-09T21:37:05.652+0300: 8.481: [ParNew: 458288K->48141K(460096K), 0.0350565 secs] 1019700K->623452K(8337536K), 0.0351582 secs] [Times: user=0.19 sys=0.00, real=0.03 secs] 
2024-10-09T21:37:05.683+0300: 8.516: Total time for which application threads were stopped: 0.0354455 seconds, Stopping threads took: 0.0001416 seconds
2024-10-09T21:37:05.856+0300: 8.696: Application time: 0.1801490 seconds
2024-10-09T21:37:05.856+0300: 8.697: [GC (Allocation Failure) 2024-10-09T21:37:05.856+0300: 8.697: [ParNew: 457165K->51072K(460096K), 0.0372778 secs] 1032476K->640376K(8337536K), 0.0373774 secs] [Times: user=0.08 sys=0.00, real=0.05 secs] 
2024-10-09T21:37:05.903+0300: 8.734: Total time for which application threads were stopped: 0.0376406 seconds, Stopping threads took: 0.0001189 seconds
2024-10-09T21:37:06.044+0300: 8.886: Application time: 0.1515419 seconds
2024-10-09T21:37:06.060+0300: 8.886: [GC (Allocation Failure) 2024-10-09T21:37:06.060+0300: 8.888: [ParNew: 460096K->51072K(460096K), 0.0432683 secs] 1049400K->668060K(8337536K), 0.0455419 secs] [Times: user=0.05 sys=0.00, real=0.04 secs] 
2024-10-09T21:37:06.101+0300: 8.932: Total time for which application threads were stopped: 0.0459536 seconds, Stopping threads took: 0.0002845 seconds
2024-10-09T21:37:06.264+0300: 9.100: Application time: 0.1686773 seconds
2024-10-09T21:37:06.264+0300: 9.101: [GC (Allocation Failure) 2024-10-09T21:37:06.264+0300: 9.101: [ParNew: 460096K->47686K(460096K), 0.0419200 secs] 1077084K->689029K(8337536K), 0.0420103 secs] [Times: user=0.08 sys=0.00, real=0.05 secs] 
2024-10-09T21:37:06.311+0300: 9.143: Total time for which application threads were stopped: 0.0423079 seconds, Stopping threads took: 0.0001790 seconds
2024-10-09T21:37:06.483+0300: 9.323: Application time: 0.1802987 seconds
2024-10-09T21:37:06.483+0300: 9.323: [GC (Allocation Failure) 2024-10-09T21:37:06.483+0300: 9.323: [ParNew: 456710K->51072K(460096K), 0.0387545 secs] 1098053K->710106K(8337536K), 0.0388531 secs] [Times: user=0.08 sys=0.00, real=0.05 secs] 
2024-10-09T21:37:06.531+0300: 9.362: Total time for which application threads were stopped: 0.0391260 seconds, Stopping threads took: 0.0001502 seconds
2024-10-09T21:37:06.688+0300: 9.519: Application time: 0.1573564 seconds
2024-10-09T21:37:06.688+0300: 9.520: [GC (Allocation Failure) 2024-10-09T21:37:06.688+0300: 9.520: [ParNew: 460096K->51072K(460096K), 0.0403490 secs] 1119130K->733693K(8337536K), 0.0404743 secs] [Times: user=0.14 sys=0.00, real=0.03 secs] 
2024-10-09T21:37:06.719+0300: 9.560: Total time for which application threads were stopped: 0.0407331 seconds, Stopping threads took: 0.0001262 seconds
2024-10-09T21:37:06.908+0300: 9.737: Application time: 0.1766370 seconds
2024-10-09T21:37:06.908+0300: 9.737: [GC (Allocation Failure) 2024-10-09T21:37:06.908+0300: 9.737: [ParNew: 460096K->47601K(460096K), 0.0413865 secs] 1142717K->757614K(8337536K), 0.0414833 secs] [Times: user=0.08 sys=0.00, real=0.03 secs] 
2024-10-09T21:37:06.939+0300: 9.779: Total time for which application threads were stopped: 0.0417632 seconds, Stopping threads took: 0.0001615 seconds
2024-10-09T21:37:07.127+0300: 9.956: Application time: 0.1774095 seconds
2024-10-09T21:37:07.127+0300: 9.956: [GC (Allocation Failure) 2024-10-09T21:37:07.127+0300: 9.956: [ParNew: 456625K->51072K(460096K), 0.0372272 secs] 1166638K->775821K(8337536K), 0.0373312 secs] [Times: user=0.06 sys=0.00, real=0.03 secs] 
2024-10-09T21:37:07.159+0300: 9.993: Total time for which application threads were stopped: 0.0375498 seconds, Stopping threads took: 0.0001029 seconds
2024-10-09T21:37:07.304+0300: 10.140: Application time: 0.1461705 seconds
2024-10-09T21:37:07.304+0300: 10.140: [GC (Allocation Failure) 2024-10-09T21:37:07.304+0300: 10.140: [ParNew: 460096K->51072K(460096K), 0.0405756 secs] 1184845K->795339K(8337536K), 0.0406713 secs] [Times: user=0.11 sys=0.00, real=0.04 secs] 
2024-10-09T21:37:07.347+0300: 10.181: Total time for which application threads were stopped: 0.0409613 seconds, Stopping threads took: 0.0001706 seconds
2024-10-09T21:37:07.520+0300: 10.358: Application time: 0.1772557 seconds
2024-10-09T21:37:07.520+0300: 10.358: [GC (Allocation Failure) 2024-10-09T21:37:07.520+0300: 10.358: [ParNew: 460096K->45537K(460096K), 0.0393464 secs] 1204363K->815766K(8337536K), 0.0394432 secs] [Times: user=0.08 sys=0.00, real=0.05 secs] 
2024-10-09T21:37:07.567+0300: 10.398: Total time for which application threads were stopped: 0.0396755 seconds, Stopping threads took: 0.0001166 seconds
2024-10-09T21:37:07.740+0300: 10.579: Application time: 0.1819404 seconds
2024-10-09T21:37:07.740+0300: 10.580: [GC (Allocation Failure) 2024-10-09T21:37:07.740+0300: 10.580: [ParNew: 454561K->45772K(460096K), 0.0364613 secs] 1224790K->830981K(8337536K), 0.0365613 secs] [Times: user=0.12 sys=0.00, real=0.05 secs] 
2024-10-09T21:37:07.787+0300: 10.616: Total time for which application threads were stopped: 0.0368343 seconds, Stopping threads took: 0.0001304 seconds
2024-10-09T21:37:07.944+0300: 10.777: Application time: 0.1605753 seconds
2024-10-09T21:37:07.944+0300: 10.777: [GC (Allocation Failure) 2024-10-09T21:37:07.944+0300: 10.777: [ParNew: 454796K->51072K(460096K), 0.0342044 secs] 1240005K->848749K(8337536K), 0.0343053 secs] [Times: user=0.06 sys=0.00, real=0.03 secs] 
2024-10-09T21:37:07.975+0300: 10.811: Total time for which application threads were stopped: 0.0345806 seconds, Stopping threads took: 0.0001479 seconds
2024-10-09T21:37:08.148+0300: 10.981: Application time: 0.1693737 seconds
2024-10-09T21:37:08.148+0300: 10.981: [GC (Allocation Failure) 2024-10-09T21:37:08.148+0300: 10.981: [ParNew: 460096K->51072K(460096K), 0.0365414 secs] 1257773K->867514K(8337536K), 0.0366425 secs] [Times: user=0.06 sys=0.00, real=0.03 secs] 
2024-10-09T21:37:08.179+0300: 11.018: Total time for which application threads were stopped: 0.0369055 seconds, Stopping threads took: 0.0001383 seconds
2024-10-09T21:37:08.352+0300: 11.185: Application time: 0.1671654 seconds
2024-10-09T21:37:08.352+0300: 11.185: [GC (Allocation Failure) 2024-10-09T21:37:08.352+0300: 11.185: [ParNew: 460096K->51072K(460096K), 0.0355715 secs] 1276538K->885358K(8337536K), 0.0356620 secs] [Times: user=0.06 sys=0.00, real=0.03 secs] 
2024-10-09T21:37:08.383+0300: 11.221: Total time for which application threads were stopped: 0.0358952 seconds, Stopping threads took: 0.0001169 seconds
2024-10-09T21:37:08.556+0300: 11.383: Application time: 0.1621092 seconds
2024-10-09T21:37:08.556+0300: 11.383: [GC (Allocation Failure) 2024-10-09T21:37:08.556+0300: 11.383: [ParNew: 460096K->51072K(460096K), 0.0354497 secs] 1294382K->897060K(8337536K), 0.0355424 secs] [Times: user=0.06 sys=0.00, real=0.03 secs] 
2024-10-09T21:37:08.588+0300: 11.419: Total time for which application threads were stopped: 0.0358083 seconds, Stopping threads took: 0.0001418 seconds
2024-10-09T21:37:08.761+0300: 11.594: Application time: 0.1756067 seconds
2024-10-09T21:37:08.761+0300: 11.595: [GC (Allocation Failure) 2024-10-09T21:37:08.761+0300: 11.595: [ParNew: 460096K->51072K(460096K), 0.0381095 secs] 1306084K->920046K(8337536K), 0.0382017 secs] [Times: user=0.06 sys=0.03, real=0.05 secs] 
2024-10-09T21:37:08.807+0300: 11.633: Total time for which application threads were stopped: 0.0384422 seconds, Stopping threads took: 0.0001009 seconds
2024-10-09T21:37:08.965+0300: 11.794: Application time: 0.1610290 seconds
2024-10-09T21:37:08.965+0300: 11.794: [GC (Allocation Failure) 2024-10-09T21:37:08.965+0300: 11.794: [ParNew: 460096K->47541K(460096K), 0.0371311 secs] 1329070K->937554K(8337536K), 0.0372229 secs] [Times: user=0.06 sys=0.00, real=0.03 secs] 
2024-10-09T21:37:08.996+0300: 11.831: Total time for which application threads were stopped: 0.0374684 seconds, Stopping threads took: 0.0001264 seconds
2024-10-09T21:37:09.169+0300: 12.003: Application time: 0.1712652 seconds
2024-10-09T21:37:09.169+0300: 12.003: [GC (Allocation Failure) 2024-10-09T21:37:09.169+0300: 12.003: [ParNew: 456565K->51072K(460096K), 0.0312682 secs] 1346578K->947088K(8337536K), 0.0313605 secs] [Times: user=0.06 sys=0.00, real=0.04 secs] 
2024-10-09T21:37:09.208+0300: 12.034: Total time for which application threads were stopped: 0.0316553 seconds, Stopping threads took: 0.0001719 seconds
2024-10-09T21:37:09.357+0300: 12.196: Application time: 0.1621848 seconds
2024-10-09T21:37:09.357+0300: 12.197: [GC (Allocation Failure) 2024-10-09T21:37:09.357+0300: 12.197: [ParNew: 460096K->51072K(460096K), 0.0346412 secs] 1356112K->963787K(8337536K), 0.0347333 secs] [Times: user=0.06 sys=0.00, real=0.05 secs] 
2024-10-09T21:37:09.404+0300: 12.231: Total time for which application threads were stopped: 0.0350213 seconds, Stopping threads took: 0.0001642 seconds
2024-10-09T21:37:09.561+0300: 12.392: Application time: 0.1610587 seconds
2024-10-09T21:37:09.561+0300: 12.393: [GC (Allocation Failure) 2024-10-09T21:37:09.561+0300: 12.393: [ParNew: 460096K->48324K(460096K), 0.0388814 secs] 1372811K->979700K(8337536K), 0.0389804 secs] [Times: user=0.06 sys=0.00, real=0.03 secs] 
2024-10-09T21:37:09.593+0300: 12.432: Total time for which application threads were stopped: 0.0392264 seconds, Stopping threads took: 0.0001300 seconds
2024-10-09T21:37:09.781+0300: 12.608: Application time: 0.1757853 seconds
2024-10-09T21:37:09.781+0300: 12.608: [GC (Allocation Failure) 2024-10-09T21:37:09.781+0300: 12.608: [ParNew: 457348K->51072K(460096K), 0.0344157 secs] 1388724K->995856K(8337536K), 0.0345077 secs] [Times: user=0.16 sys=0.00, real=0.03 secs] 
2024-10-09T21:37:09.813+0300: 12.642: Total time for which application threads were stopped: 0.0347477 seconds, Stopping threads took: 0.0001075 seconds
2024-10-09T21:37:09.969+0300: 12.808: Application time: 0.1660727 seconds
2024-10-09T21:37:09.969+0300: 12.809: [GC (Allocation Failure) 2024-10-09T21:37:09.969+0300: 12.809: [ParNew: 460096K->51072K(460096K), 0.0372701 secs] 1404880K->1013056K(8337536K), 0.0373693 secs] [Times: user=0.08 sys=0.00, real=0.05 secs] 
2024-10-09T21:37:10.017+0300: 12.846: Total time for which application threads were stopped: 0.0376480 seconds, Stopping threads took: 0.0001545 seconds
2024-10-09T21:37:10.173+0300: 13.010: Application time: 0.1645064 seconds
2024-10-09T21:37:10.173+0300: 13.011: [GC (Allocation Failure) 2024-10-09T21:37:10.173+0300: 13.011: [ParNew: 460096K->50030K(460096K), 0.0411776 secs] 1422080K->1037844K(8337536K), 0.0412759 secs] [Times: user=0.08 sys=0.00, real=0.05 secs] 
2024-10-09T21:37:10.221+0300: 13.052: Total time for which application threads were stopped: 0.0415536 seconds, Stopping threads took: 0.0001356 seconds
2024-10-09T21:37:10.377+0300: 13.217: Application time: 0.1653402 seconds
2024-10-09T21:37:10.377+0300: 13.218: [GC (Allocation Failure) 2024-10-09T21:37:10.377+0300: 13.218: [ParNew: 459054K->51072K(460096K), 0.0354445 secs] 1446868K->1053615K(8337536K), 0.0355345 secs] [Times: user=0.08 sys=0.00, real=0.05 secs] 
2024-10-09T21:37:10.425+0300: 13.253: Total time for which application threads were stopped: 0.0357865 seconds, Stopping threads took: 0.0001346 seconds
2024-10-09T21:37:10.597+0300: 13.423: Application time: 0.1699936 seconds
2024-10-09T21:37:10.597+0300: 13.423: [GC (Allocation Failure) 2024-10-09T21:37:10.597+0300: 13.423: [ParNew: 460096K->51072K(460096K), 0.0377760 secs] 1462639K->1074759K(8337536K), 0.0378724 secs] [Times: user=0.06 sys=0.00, real=0.03 secs] 
2024-10-09T21:37:10.629+0300: 13.461: Total time for which application threads were stopped: 0.0380995 seconds, Stopping threads took: 0.0001081 seconds
2024-10-09T21:37:10.801+0300: 13.627: Application time: 0.1660645 seconds
2024-10-09T21:37:10.801+0300: 13.628: [GC (Allocation Failure) 2024-10-09T21:37:10.801+0300: 13.628: [ParNew: 460096K->51072K(460096K), 0.0331929 secs] 1483783K->1087943K(8337536K), 0.0332882 secs] [Times: user=0.08 sys=0.02, real=0.03 secs] 
2024-10-09T21:37:10.833+0300: 13.661: Total time for which application threads were stopped: 0.0335453 seconds, Stopping threads took: 0.0001143 seconds
2024-10-09T21:37:11.005+0300: 13.831: Application time: 0.1705084 seconds
2024-10-09T21:37:11.005+0300: 13.832: [GC (Allocation Failure) 2024-10-09T21:37:11.005+0300: 13.832: [ParNew: 460096K->49812K(460096K), 0.0366220 secs] 1496967K->1106446K(8337536K), 0.0367179 secs] [Times: user=0.06 sys=0.00, real=0.03 secs] 
2024-10-09T21:37:11.037+0300: 13.868: Total time for which application threads were stopped: 0.0370219 seconds, Stopping threads took: 0.0001748 seconds
2024-10-09T21:37:11.193+0300: 14.033: Application time: 0.1644375 seconds
2024-10-09T21:37:11.193+0300: 14.033: [GC (Allocation Failure) 2024-10-09T21:37:11.193+0300: 14.033: [ParNew: 458836K->51072K(460096K), 0.0370502 secs] 1515470K->1126956K(8337536K), 0.0371406 secs] [Times: user=0.06 sys=0.01, real=0.05 secs] 
2024-10-09T21:37:11.241+0300: 14.070: Total time for which application threads were stopped: 0.0374354 seconds, Stopping threads took: 0.0001743 seconds
2024-10-09T21:37:11.397+0300: 14.231: Application time: 0.1604506 seconds
2024-10-09T21:37:11.397+0300: 14.231: [GC (Allocation Failure) 2024-10-09T21:37:11.397+0300: 14.231: [ParNew: 460096K->51072K(460096K), 0.0396532 secs] 1535980K->1148871K(8337536K), 0.0398119 secs] [Times: user=0.06 sys=0.00, real=0.05 secs] 
2024-10-09T21:37:11.444+0300: 14.271: Total time for which application threads were stopped: 0.0400928 seconds, Stopping threads took: 0.0001540 seconds
2024-10-09T21:37:11.601+0300: 14.437: Application time: 0.1660739 seconds
2024-10-09T21:37:11.601+0300: 14.437: [GC (Allocation Failure) 2024-10-09T21:37:11.601+0300: 14.437: [ParNew: 460096K->51072K(460096K), 0.0378808 secs] 1557895K->1164327K(8337536K), 0.0380357 secs] [Times: user=0.09 sys=0.00, real=0.05 secs] 
2024-10-09T21:37:11.649+0300: 14.475: Total time for which application threads were stopped: 0.0384375 seconds, Stopping threads took: 0.0002326 seconds
2024-10-09T21:37:11.821+0300: 14.653: Application time: 0.1778444 seconds
2024-10-09T21:37:11.821+0300: 14.653: [GC (Allocation Failure) 2024-10-09T21:37:11.821+0300: 14.654: [ParNew: 460096K->51072K(460096K), 0.0406435 secs] 1573351K->1185064K(8337536K), 0.0407925 secs] [Times: user=0.08 sys=0.00, real=0.05 secs] 
2024-10-09T21:37:11.868+0300: 14.694: Total time for which application threads were stopped: 0.0411100 seconds, Stopping threads took: 0.0001553 seconds
2024-10-09T21:37:12.025+0300: 14.859: Application time: 0.1642513 seconds
2024-10-09T21:37:12.025+0300: 14.859: [GC (Allocation Failure) 2024-10-09T21:37:12.025+0300: 14.859: [ParNew: 460096K->51072K(460096K), 0.0350766 secs] 1594088K->1194968K(8337536K), 0.0351603 secs] [Times: user=0.19 sys=0.00, real=0.03 secs] 
2024-10-09T21:37:12.057+0300: 14.894: Total time for which application threads were stopped: 0.0355464 seconds, Stopping threads took: 0.0002594 seconds
2024-10-09T21:37:12.232+0300: 15.064: Application time: 0.1702499 seconds
2024-10-09T21:37:12.232+0300: 15.065: [GC (Allocation Failure) 2024-10-09T21:37:12.232+0300: 15.065: [ParNew: 460096K->47120K(460096K), 0.0400569 secs] 1603992K->1217551K(8337536K), 0.0401367 secs] [Times: user=0.02 sys=0.02, real=0.04 secs] 
2024-10-09T21:37:12.276+0300: 15.105: Total time for which application threads were stopped: 0.0404099 seconds, Stopping threads took: 0.0001443 seconds
2024-10-09T21:37:12.449+0300: 15.283: Application time: 0.1777290 seconds
2024-10-09T21:37:12.449+0300: 15.283: [GC (Allocation Failure) 2024-10-09T21:37:12.449+0300: 15.283: [ParNew: 456144K->48986K(460096K), 0.0361247 secs] 1626575K->1238830K(8337536K), 0.0362028 secs] [Times: user=0.16 sys=0.03, real=0.03 secs] 
2024-10-09T21:37:12.480+0300: 15.319: Total time for which application threads were stopped: 0.0364669 seconds, Stopping threads took: 0.0001476 seconds
2024-10-09T21:37:12.653+0300: 15.486: Application time: 0.1669929 seconds
2024-10-09T21:37:12.653+0300: 15.486: [GC (Allocation Failure) 2024-10-09T21:37:12.653+0300: 15.486: [ParNew: 458010K->51072K(460096K), 0.0339972 secs] 1647854K->1251232K(8337536K), 0.0340908 secs] [Times: user=0.17 sys=0.02, real=0.03 secs] 
2024-10-09T21:37:12.684+0300: 15.520: Total time for which application threads were stopped: 0.0343562 seconds, Stopping threads took: 0.0001209 seconds
2024-10-09T21:37:12.857+0300: 15.695: Application time: 0.1745754 seconds
2024-10-09T21:37:12.857+0300: 15.695: [GC (Allocation Failure) 2024-10-09T21:37:12.857+0300: 15.695: [ParNew: 460096K->51072K(460096K), 0.0412861 secs] 1660256K->1278883K(8337536K), 0.0413796 secs] [Times: user=0.28 sys=0.00, real=0.05 secs] 
2024-10-09T21:37:12.904+0300: 15.737: Total time for which application threads were stopped: 0.0416424 seconds, Stopping threads took: 0.0001317 seconds
2024-10-09T21:37:13.092+0300: 15.925: Application time: 0.1881389 seconds
2024-10-09T21:37:13.092+0300: 15.925: [GC (Allocation Failure) 2024-10-09T21:37:13.092+0300: 15.925: [ParNew: 460096K->41058K(460096K), 0.0356342 secs] 1687907K->1293984K(8337536K), 0.0357151 secs] [Times: user=0.02 sys=0.01, real=0.03 secs] 
2024-10-09T21:37:13.124+0300: 15.961: Total time for which application threads were stopped: 0.0358947 seconds, Stopping threads took: 0.0000494 seconds
2024-10-09T21:37:13.218+0300: 16.045: Application time: 0.0845658 seconds
2024-10-09T21:37:13.218+0300: 16.046: Total time for which application threads were stopped: 0.0003378 seconds, Stopping threads took: 0.0002940 seconds
2024-10-09T21:37:13.374+0300: 16.212: Application time: 0.1667360 seconds
2024-10-09T21:37:13.374+0300: 16.212: [GC (Allocation Failure) 2024-10-09T21:37:13.374+0300: 16.213: [ParNew: 450082K->51072K(460096K), 0.0318096 secs] 1703008K->1307191K(8337536K), 0.0319017 secs] [Times: user=0.08 sys=0.00, real=0.04 secs] 
2024-10-09T21:37:13.417+0300: 16.244: Total time for which application threads were stopped: 0.0321509 seconds, Stopping threads took: 0.0001278 seconds
2024-10-09T21:37:13.563+0300: 16.398: Application time: 0.1535138 seconds
2024-10-09T21:37:13.563+0300: 16.398: [GC (Allocation Failure) 2024-10-09T21:37:13.563+0300: 16.398: [ParNew: 460096K->51072K(460096K), 0.0408858 secs] 1716215K->1328665K(8337536K), 0.0409887 secs] [Times: user=0.05 sys=0.00, real=0.05 secs] 
2024-10-09T21:37:13.610+0300: 16.439: Total time for which application threads were stopped: 0.0413456 seconds, Stopping threads took: 0.0002077 seconds
2024-10-09T21:37:13.767+0300: 16.607: Application time: 0.1675710 seconds
2024-10-09T21:37:13.767+0300: 16.607: [GC (Allocation Failure) 2024-10-09T21:37:13.767+0300: 16.607: [ParNew: 460096K->40024K(460096K), 0.0402553 secs] 1737689K->1354139K(8337536K), 0.0403484 secs] [Times: user=0.05 sys=0.00, real=0.05 secs] 
2024-10-09T21:37:13.818+0300: 16.647: Total time for which application threads were stopped: 0.0405977 seconds, Stopping threads took: 0.0001158 seconds
2024-10-09T21:37:14.002+0300: 16.829: Application time: 0.1811358 seconds
2024-10-09T21:37:14.002+0300: 16.829: [GC (Allocation Failure) 2024-10-09T21:37:14.002+0300: 16.829: [ParNew: 449048K->51072K(460096K), 0.0312648 secs] 1763163K->1366419K(8337536K), 0.0313520 secs] [Times: user=0.03 sys=0.00, real=0.03 secs] 
2024-10-09T21:37:14.034+0300: 16.860: Total time for which application threads were stopped: 0.0315910 seconds, Stopping threads took: 0.0001231 seconds
2024-10-09T21:37:14.175+0300: 17.016: Application time: 0.1561145 seconds
2024-10-09T21:37:14.191+0300: 17.017: [GC (Allocation Failure) 2024-10-09T21:37:14.191+0300: 17.017: [ParNew: 460096K->51072K(460096K), 0.0386061 secs] 1775443K->1384071K(8337536K), 0.0386965 secs] [Times: user=0.03 sys=0.00, real=0.03 secs] 
2024-10-09T21:37:14.222+0300: 17.055: Total time for which application threads were stopped: 0.0390126 seconds, Stopping threads took: 0.0001930 seconds
2024-10-09T21:37:14.379+0300: 17.206: Application time: 0.1504271 seconds
2024-10-09T21:37:14.379+0300: 17.206: [GC (Allocation Failure) 2024-10-09T21:37:14.379+0300: 17.206: [ParNew: 460096K->44112K(460096K), 0.0379291 secs] 1793095K->1411254K(8337536K), 0.0380152 secs] [Times: user=0.02 sys=0.00, real=0.03 secs] 
2024-10-09T21:37:14.410+0300: 17.244: Total time for which application threads were stopped: 0.0382758 seconds, Stopping threads took: 0.0001362 seconds
2024-10-09T21:37:14.599+0300: 17.426: Application time: 0.1824379 seconds
2024-10-09T21:37:14.599+0300: 17.427: [GC (Allocation Failure) 2024-10-09T21:37:14.599+0300: 17.427: [ParNew: 453136K->51072K(460096K), 0.0307969 secs] 1820278K->1420707K(8337536K), 0.0308779 secs] [Times: user=0.03 sys=0.00, real=0.03 secs] 
2024-10-09T21:37:14.631+0300: 17.458: Total time for which application threads were stopped: 0.0311289 seconds, Stopping threads took: 0.0001430 seconds
2024-10-09T21:37:14.787+0300: 17.628: Application time: 0.1705768 seconds
2024-10-09T21:37:14.787+0300: 17.628: [GC (Allocation Failure) 2024-10-09T21:37:14.787+0300: 17.628: [ParNew: 460096K->51072K(460096K), 0.0406868 secs] 1829731K->1440996K(8337536K), 0.0407768 secs] [Times: user=0.05 sys=0.00, real=0.05 secs] 
2024-10-09T21:37:14.835+0300: 17.669: Total time for which application threads were stopped: 0.0410697 seconds, Stopping threads took: 0.0001780 seconds
2024-10-09T21:37:14.976+0300: 17.814: Application time: 0.1444329 seconds
2024-10-09T21:37:14.976+0300: 17.814: [GC (Allocation Failure) 2024-10-09T21:37:14.976+0300: 17.814: [ParNew: 460096K->51072K(460096K), 0.0416009 secs] 1850020K->1478289K(8337536K), 0.0416963 secs] [Times: user=0.05 sys=0.00, real=0.05 secs] 
2024-10-09T21:37:15.023+0300: 17.856: Total time for which application threads were stopped: 0.0419295 seconds, Stopping threads took: 0.0001220 seconds
2024-10-09T21:37:15.212+0300: 18.037: Application time: 0.1817135 seconds
2024-10-09T21:37:15.212+0300: 18.038: [GC (Allocation Failure) 2024-10-09T21:37:15.212+0300: 18.038: [ParNew: 460096K->51072K(460096K), 0.0308205 secs] 1887313K->1481136K(8337536K), 0.0309085 secs] [Times: user=0.02 sys=0.00, real=0.02 secs] 
2024-10-09T21:37:15.228+0300: 18.068: Total time for which application threads were stopped: 0.0311616 seconds, Stopping threads took: 0.0001301 seconds
2024-10-09T21:37:15.400+0300: 18.235: Application time: 0.1660936 seconds
2024-10-09T21:37:15.400+0300: 18.235: [GC (Allocation Failure) 2024-10-09T21:37:15.400+0300: 18.235: [ParNew: 460096K->51072K(460096K), 0.0433024 secs] 1890160K->1506381K(8337536K), 0.0433907 secs] [Times: user=0.05 sys=0.00, real=0.05 secs] 
2024-10-09T21:37:15.447+0300: 18.278: Total time for which application threads were stopped: 0.0436710 seconds, Stopping threads took: 0.0001708 seconds
2024-10-09T21:37:15.588+0300: 18.421: Application time: 0.1426178 seconds
2024-10-09T21:37:15.588+0300: 18.421: [GC (Allocation Failure) 2024-10-09T21:37:15.588+0300: 18.421: [ParNew: 460096K->51072K(460096K), 0.0352389 secs] 1915405K->1533204K(8337536K), 0.0353247 secs] [Times: user=0.03 sys=0.00, real=0.03 secs] 
2024-10-09T21:37:15.623+0300: 18.456: Total time for which application threads were stopped: 0.0355674 seconds, Stopping threads took: 0.0001297 seconds
2024-10-09T21:37:15.808+0300: 18.644: Application time: 0.1879593 seconds
2024-10-09T21:37:15.808+0300: 18.645: [GC (Allocation Failure) 2024-10-09T21:37:15.808+0300: 18.645: [ParNew: 460096K->51072K(460096K), 0.0293793 secs] 1942228K->1534527K(8337536K), 0.0294739 secs] [Times: user=0.06 sys=0.00, real=0.03 secs] 
2024-10-09T21:37:15.840+0300: 18.674: Total time for which application threads were stopped: 0.0298911 seconds, Stopping threads took: 0.0002790 seconds
2024-10-09T21:37:16.012+0300: 18.847: Application time: 0.1723035 seconds
2024-10-09T21:37:16.012+0300: 18.847: [GC (Allocation Failure) 2024-10-09T21:37:16.012+0300: 18.847: [ParNew: 460096K->51072K(460096K), 0.0372771 secs] 1943551K->1548700K(8337536K), 0.0373601 secs] [Times: user=0.03 sys=0.00, real=0.03 secs] 
2024-10-09T21:37:16.043+0300: 18.884: Total time for which application threads were stopped: 0.0376446 seconds, Stopping threads took: 0.0001675 seconds
2024-10-09T21:37:16.200+0300: 19.026: Application time: 0.1421205 seconds
2024-10-09T21:37:16.200+0300: 19.027: [GC (Allocation Failure) 2024-10-09T21:37:16.200+0300: 19.027: [ParNew: 460096K->46714K(460096K), 0.0378370 secs] 1957724K->1571153K(8337536K), 0.0379230 secs] [Times: user=0.03 sys=0.00, real=0.03 secs] 
2024-10-09T21:37:16.232+0300: 19.065: Total time for which application threads were stopped: 0.0381855 seconds, Stopping threads took: 0.0001501 seconds
2024-10-09T21:37:16.404+0300: 19.237: Application time: 0.1723329 seconds
2024-10-09T21:37:16.404+0300: 19.237: [GC (Allocation Failure) 2024-10-09T21:37:16.404+0300: 19.237: [ParNew: 455738K->40222K(460096K), 0.0357163 secs] 1980177K->1587294K(8337536K), 0.0357986 secs] [Times: user=0.02 sys=0.02, real=0.03 secs] 
2024-10-09T21:37:16.436+0300: 19.273: Total time for which application threads were stopped: 0.0360649 seconds, Stopping threads took: 0.0001471 seconds
2024-10-09T21:37:16.608+0300: 19.446: Application time: 0.1730878 seconds
2024-10-09T21:37:16.608+0300: 19.446: [GC (Allocation Failure) 2024-10-09T21:37:16.608+0300: 19.446: [ParNew: 449246K->51072K(460096K), 0.0351813 secs] 1996318K->1607885K(8337536K), 0.0352826 secs] [Times: user=0.03 sys=0.00, real=0.05 secs] 
2024-10-09T21:37:16.655+0300: 19.482: Total time for which application threads were stopped: 0.0355441 seconds, Stopping threads took: 0.0001334 seconds
2024-10-09T21:37:16.796+0300: 19.633: Application time: 0.1515673 seconds
2024-10-09T21:37:16.796+0300: 19.633: [GC (Allocation Failure) 2024-10-09T21:37:16.796+0300: 19.633: [ParNew: 460096K->51072K(460096K), 0.0427415 secs] 2016909K->1642457K(8337536K), 0.0428305 secs] [Times: user=0.03 sys=0.02, real=0.05 secs] 
2024-10-09T21:37:16.844+0300: 19.676: Total time for which application threads were stopped: 0.0431037 seconds, Stopping threads took: 0.0001613 seconds
2024-10-09T21:37:17.016+0300: 19.844: Application time: 0.1678342 seconds
2024-10-09T21:37:17.016+0300: 19.844: [GC (Allocation Failure) 2024-10-09T21:37:17.016+0300: 19.847: [ParNew: 460096K->39288K(460096K), 0.0347746 secs] 2051481K->1650308K(8337536K), 0.0370678 secs] [Times: user=0.03 sys=0.00, real=0.03 secs] 
2024-10-09T21:37:17.048+0300: 19.881: Total time for which application threads were stopped: 0.0373586 seconds, Stopping threads took: 0.0001679 seconds
2024-10-09T21:37:17.226+0300: 20.054: Application time: 0.1721869 seconds
2024-10-09T21:37:17.226+0300: 20.054: [GC (Allocation Failure) 2024-10-09T21:37:17.226+0300: 20.054: [ParNew: 448312K->51072K(460096K), 0.0360753 secs] 2059332K->1677392K(8337536K), 0.0361637 secs] [Times: user=0.03 sys=0.00, real=0.02 secs] 
2024-10-09T21:37:17.251+0300: 20.090: Total time for which application threads were stopped: 0.0364262 seconds, Stopping threads took: 0.0001462 seconds
2024-10-09T21:37:17.408+0300: 20.239: Application time: 0.1493619 seconds
2024-10-09T21:37:17.408+0300: 20.240: [GC (Allocation Failure) 2024-10-09T21:37:17.408+0300: 20.240: [ParNew: 460096K->51072K(460096K), 0.0385013 secs] 2086416K->1701274K(8337536K), 0.0385933 secs] [Times: user=0.03 sys=0.00, real=0.03 secs] 
2024-10-09T21:37:17.440+0300: 20.278: Total time for which application threads were stopped: 0.0388202 seconds, Stopping threads took: 0.0001128 seconds
2024-10-09T21:37:17.612+0300: 20.442: Application time: 0.1634178 seconds
2024-10-09T21:37:17.612+0300: 20.442: [GC (Allocation Failure) 2024-10-09T21:37:17.612+0300: 20.442: [ParNew: 460096K->51072K(460096K), 0.0356308 secs] 2110298K->1718039K(8337536K), 0.0357220 secs] [Times: user=0.06 sys=0.00, real=0.03 secs] 
2024-10-09T21:37:17.644+0300: 20.478: Total time for which application threads were stopped: 0.0359859 seconds, Stopping threads took: 0.0001409 seconds
2024-10-09T21:37:17.816+0300: 20.647: Application time: 0.1693676 seconds
2024-10-09T21:37:17.816+0300: 20.647: [GC (Allocation Failure) 2024-10-09T21:37:17.816+0300: 20.647: [ParNew: 460096K->51072K(460096K), 0.0344843 secs] 2127063K->1731737K(8337536K), 0.0345797 secs] [Times: user=0.09 sys=0.02, real=0.03 secs] 
2024-10-09T21:37:17.848+0300: 20.682: Total time for which application threads were stopped: 0.0349238 seconds, Stopping threads took: 0.0002107 seconds
2024-10-09T21:37:18.004+0300: 20.837: Application time: 0.1549575 seconds
2024-10-09T21:37:18.004+0300: 20.837: [GC (Allocation Failure) 2024-10-09T21:37:18.004+0300: 20.837: [ParNew: 460096K->47201K(460096K), 0.0389423 secs] 2140761K->1752232K(8337536K), 0.0390312 secs] [Times: user=0.03 sys=0.00, real=0.03 secs] 
2024-10-09T21:37:18.036+0300: 20.876: Total time for which application threads were stopped: 0.0393102 seconds, Stopping threads took: 0.0001593 seconds
2024-10-09T21:37:18.208+0300: 21.034: Application time: 0.1582320 seconds
2024-10-09T21:37:18.208+0300: 21.035: [GC (Allocation Failure) 2024-10-09T21:37:18.208+0300: 21.035: [ParNew: 456225K->51072K(460096K), 0.0330608 secs] 2161256K->1771653K(8337536K), 0.0331458 secs] [Times: user=0.03 sys=0.00, real=0.03 secs] 
2024-10-09T21:37:18.240+0300: 21.068: Total time for which application threads were stopped: 0.0333860 seconds, Stopping threads took: 0.0001245 seconds
2024-10-09T21:37:18.397+0300: 21.231: Application time: 0.1627627 seconds
2024-10-09T21:37:18.397+0300: 21.231: [GC (Allocation Failure) 2024-10-09T21:37:18.397+0300: 21.231: [ParNew: 460096K->51072K(460096K), 0.0425361 secs] 2180677K->1799513K(8337536K), 0.0426315 secs] [Times: user=0.05 sys=0.00, real=0.05 secs] 
2024-10-09T21:37:18.444+0300: 21.274: Total time for which application threads were stopped: 0.0428906 seconds, Stopping threads took: 0.0001432 seconds
2024-10-09T21:37:18.601+0300: 21.427: Application time: 0.1530712 seconds
2024-10-09T21:37:18.601+0300: 21.427: [GC (Allocation Failure) 2024-10-09T21:37:18.601+0300: 21.427: [ParNew: 460096K->51072K(460096K), 0.0358302 secs] 2208537K->1822050K(8337536K), 0.0359201 secs] [Times: user=0.03 sys=0.00, real=0.03 secs] 
2024-10-09T21:37:18.632+0300: 21.463: Total time for which application threads were stopped: 0.0361963 seconds, Stopping threads took: 0.0001556 seconds
2024-10-09T21:37:18.804+0300: 21.632: Application time: 0.1693046 seconds
2024-10-09T21:37:18.804+0300: 21.632: [GC (Allocation Failure) 2024-10-09T21:37:18.804+0300: 21.632: [ParNew: 460096K->51072K(460096K), 0.0300923 secs] 2231074K->1828683K(8337536K), 0.0301749 secs] [Times: user=0.05 sys=0.00, real=0.03 secs] 
2024-10-09T21:37:18.836+0300: 21.663: Total time for which application threads were stopped: 0.0304403 seconds, Stopping threads took: 0.0001410 seconds
2024-10-09T21:37:18.992+0300: 21.826: Application time: 0.1635065 seconds
2024-10-09T21:37:18.992+0300: 21.826: [GC (Allocation Failure) 2024-10-09T21:37:18.992+0300: 21.826: [ParNew: 460096K->51072K(460096K), 0.0366948 secs] 2237707K->1849054K(8337536K), 0.0367847 secs] [Times: user=0.03 sys=0.00, real=0.04 secs] 
2024-10-09T21:37:19.030+0300: 21.863: Total time for which application threads were stopped: 0.0370280 seconds, Stopping threads took: 0.0001220 seconds
2024-10-09T21:37:19.196+0300: 22.024: Application time: 0.1611767 seconds
2024-10-09T21:37:19.196+0300: 22.024: [GC (Allocation Failure) 2024-10-09T21:37:19.196+0300: 22.025: [ParNew: 460096K->51072K(460096K), 0.0366261 secs] 2258078K->1872616K(8337536K), 0.0367191 secs] [Times: user=0.03 sys=0.00, real=0.03 secs] 
2024-10-09T21:37:19.230+0300: 22.061: Total time for which application threads were stopped: 0.0369756 seconds, Stopping threads took: 0.0001275 seconds
2024-10-09T21:37:19.385+0300: 22.226: Application time: 0.1647233 seconds
2024-10-09T21:37:19.385+0300: 22.226: [GC (Allocation Failure) 2024-10-09T21:37:19.385+0300: 22.226: [ParNew: 460096K->51072K(460096K), 0.0319292 secs] 2281640K->1882314K(8337536K), 0.0320198 secs] [Times: user=0.05 sys=0.00, real=0.05 secs] 
2024-10-09T21:37:19.432+0300: 22.258: Total time for which application threads were stopped: 0.0322657 seconds, Stopping threads took: 0.0001315 seconds
2024-10-09T21:37:19.589+0300: 22.420: Application time: 0.1616643 seconds
2024-10-09T21:37:19.589+0300: 22.420: [GC (Allocation Failure) 2024-10-09T21:37:19.589+0300: 22.420: [ParNew: 460096K->51072K(460096K), 0.0362249 secs] 2291338K->1903549K(8337536K), 0.0363147 secs] [Times: user=0.03 sys=0.00, real=0.03 secs] 
2024-10-09T21:37:19.620+0300: 22.456: Total time for which application threads were stopped: 0.0365698 seconds, Stopping threads took: 0.0001392 seconds
2024-10-09T21:37:19.793+0300: 22.624: Application time: 0.1673529 seconds
2024-10-09T21:37:19.793+0300: 22.624: [GC (Allocation Failure) 2024-10-09T21:37:19.793+0300: 22.624: [ParNew: 460096K->51072K(460096K), 0.0353078 secs] 2312573K->1925047K(8337536K), 0.0354047 secs] [Times: user=0.02 sys=0.01, real=0.04 secs] 
2024-10-09T21:37:19.832+0300: 22.660: Total time for which application threads were stopped: 0.0356978 seconds, Stopping threads took: 0.0001564 seconds
2024-10-09T21:37:19.997+0300: 22.824: Application time: 0.1648388 seconds
2024-10-09T21:37:19.997+0300: 22.825: [GC (Allocation Failure) 2024-10-09T21:37:19.997+0300: 22.825: [ParNew: 460096K->51072K(460096K), 0.0314629 secs] 2334071K->1931792K(8337536K), 0.0315529 secs] [Times: user=0.03 sys=0.00, real=0.03 secs] 
2024-10-09T21:37:20.029+0300: 22.856: Total time for which application threads were stopped: 0.0318048 seconds, Stopping threads took: 0.0001351 seconds
2024-10-09T21:37:20.170+0300: 23.007: Application time: 0.1505004 seconds
2024-10-09T21:37:20.170+0300: 23.007: [GC (Allocation Failure) 2024-10-09T21:37:20.170+0300: 23.007: [ParNew: 460096K->51072K(460096K), 0.0450018 secs] 2340816K->1969063K(8337536K), 0.0450933 secs] [Times: user=0.05 sys=0.00, real=0.05 secs] 
2024-10-09T21:37:20.217+0300: 23.052: Total time for which application threads were stopped: 0.0453676 seconds, Stopping threads took: 0.0001616 seconds
2024-10-09T21:37:20.389+0300: 23.217: Application time: 0.1652510 seconds
2024-10-09T21:37:20.389+0300: 23.218: [GC (Allocation Failure) 2024-10-09T21:37:20.389+0300: 23.218: [ParNew: 460096K->51072K(460096K), 0.0328974 secs] 2378087K->1985725K(8337536K), 0.0329971 secs] [Times: user=0.03 sys=0.00, real=0.03 secs] 
2024-10-09T21:37:20.421+0300: 23.251: Total time for which application threads were stopped: 0.0332759 seconds, Stopping threads took: 0.0001593 seconds
2024-10-09T21:37:20.578+0300: 23.416: Application time: 0.1654275 seconds
2024-10-09T21:37:20.578+0300: 23.416: [GC (Allocation Failure) 2024-10-09T21:37:20.578+0300: 23.416: [ParNew: 460096K->51072K(460096K), 0.0341782 secs] 2394749K->1999513K(8337536K), 0.0342707 secs] [Times: user=0.03 sys=0.00, real=0.05 secs] 
2024-10-09T21:37:20.625+0300: 23.451: Total time for which application threads were stopped: 0.0345272 seconds, Stopping threads took: 0.0001364 seconds
2024-10-09T21:37:20.782+0300: 23.615: Application time: 0.1641394 seconds
2024-10-09T21:37:20.782+0300: 23.615: [GC (Allocation Failure) 2024-10-09T21:37:20.782+0300: 23.615: [ParNew: 460096K->51072K(460096K), 0.0343975 secs] 2408537K->2016661K(8337536K), 0.0344843 secs] [Times: user=0.06 sys=0.00, real=0.03 secs] 
2024-10-09T21:37:20.813+0300: 23.649: Total time for which application threads were stopped: 0.0347804 seconds, Stopping threads took: 0.0001703 seconds
2024-10-09T21:37:20.981+0300: 23.810: Application time: 0.1606807 seconds
2024-10-09T21:37:20.981+0300: 23.810: [GC (Allocation Failure) 2024-10-09T21:37:20.981+0300: 23.810: [ParNew: 460096K->49101K(460096K), 0.0360990 secs] 2425685K->2037413K(8337536K), 0.0361888 secs] [Times: user=0.03 sys=0.00, real=0.04 secs] 
2024-10-09T21:37:21.017+0300: 23.847: Total time for which application threads were stopped: 0.0364554 seconds, Stopping threads took: 0.0001508 seconds
2024-10-09T21:37:21.174+0300: 24.009: Application time: 0.1622161 seconds
2024-10-09T21:37:21.174+0300: 24.009: [GC (Allocation Failure) 2024-10-09T21:37:21.174+0300: 24.009: [ParNew: 458125K->51072K(460096K), 0.0354497 secs] 2446437K->2058686K(8337536K), 0.0355329 secs] [Times: user=0.03 sys=0.00, real=0.03 secs] 
2024-10-09T21:37:21.206+0300: 24.045: Total time for which application threads were stopped: 0.0357922 seconds, Stopping threads took: 0.0001500 seconds
2024-10-09T21:37:21.378+0300: 24.206: Application time: 0.1609403 seconds
2024-10-09T21:37:21.378+0300: 24.206: [GC (Allocation Failure) 2024-10-09T21:37:21.378+0300: 24.206: [ParNew: 460096K->51072K(460096K), 0.0342696 secs] 2467710K->2073596K(8337536K), 0.0343559 secs] [Times: user=0.02 sys=0.00, real=0.03 secs] 
2024-10-09T21:37:21.410+0300: 24.240: Total time for which application threads were stopped: 0.0346101 seconds, Stopping threads took: 0.0001442 seconds
2024-10-09T21:37:21.567+0300: 24.402: Application time: 0.1616728 seconds
2024-10-09T21:37:21.567+0300: 24.402: [GC (Allocation Failure) 2024-10-09T21:37:21.567+0300: 24.402: [ParNew: 460096K->50887K(460096K), 0.0376332 secs] 2482620K->2099028K(8337536K), 0.0377182 secs] [Times: user=0.03 sys=0.00, real=0.05 secs] 
2024-10-09T21:37:21.614+0300: 24.440: Total time for which application threads were stopped: 0.0379952 seconds, Stopping threads took: 0.0001668 seconds
2024-10-09T21:37:21.786+0300: 24.612: Application time: 0.1722439 seconds
2024-10-09T21:37:21.786+0300: 24.612: [GC (Allocation Failure) 2024-10-09T21:37:21.786+0300: 24.612: [ParNew: 459911K->51072K(460096K), 0.0332103 secs] 2508052K->2112097K(8337536K), 0.0333069 secs] [Times: user=0.05 sys=0.00, real=0.03 secs] 
2024-10-09T21:37:21.819+0300: 24.646: Total time for which application threads were stopped: 0.0335851 seconds, Stopping threads took: 0.0001360 seconds
2024-10-09T21:37:21.975+0300: 24.809: Application time: 0.1628780 seconds
2024-10-09T21:37:21.975+0300: 24.809: [GC (Allocation Failure) 2024-10-09T21:37:21.975+0300: 24.809: [ParNew: 460096K->51072K(460096K), 0.0366207 secs] 2521121K->2134937K(8337536K), 0.0367135 secs] [Times: user=0.03 sys=0.00, real=0.03 secs] 
2024-10-09T21:37:22.006+0300: 24.846: Total time for which application threads were stopped: 0.0369671 seconds, Stopping threads took: 0.0001366 seconds
2024-10-09T21:37:22.183+0300: 25.009: Application time: 0.1635749 seconds
2024-10-09T21:37:22.183+0300: 25.009: [GC (Allocation Failure) 2024-10-09T21:37:22.183+0300: 25.009: [ParNew: 460096K->51072K(460096K), 0.0341741 secs] 2543961K->2155490K(8337536K), 0.0342577 secs] [Times: user=0.02 sys=0.00, real=0.03 secs] 
2024-10-09T21:37:22.210+0300: 25.044: Total time for which application threads were stopped: 0.0344948 seconds, Stopping threads took: 0.0001219 seconds
2024-10-09T21:37:22.383+0300: 25.214: Application time: 0.1706451 seconds
2024-10-09T21:37:22.383+0300: 25.214: [GC (Allocation Failure) 2024-10-09T21:37:22.383+0300: 25.215: [ParNew: 460096K->51072K(460096K), 0.0310644 secs] 2564514K->2162509K(8337536K), 0.0311534 secs] [Times: user=0.02 sys=0.00, real=0.03 secs] 
2024-10-09T21:37:22.414+0300: 25.246: Total time for which application threads were stopped: 0.0314229 seconds, Stopping threads took: 0.0001555 seconds
2024-10-09T21:37:22.571+0300: 25.398: Application time: 0.1524720 seconds
2024-10-09T21:37:22.571+0300: 25.398: [GC (Allocation Failure) 2024-10-09T21:37:22.571+0300: 25.398: [ParNew: 460096K->51072K(460096K), 0.0365301 secs] 2571533K->2185775K(8337536K), 0.0366257 secs] [Times: user=0.06 sys=0.00, real=0.03 secs] 
2024-10-09T21:37:22.603+0300: 25.435: Total time for which application threads were stopped: 0.0369381 seconds, Stopping threads took: 0.0001911 seconds
2024-10-09T21:37:22.760+0300: 25.601: Application time: 0.1655851 seconds
2024-10-09T21:37:22.760+0300: 25.601: [GC (Allocation Failure) 2024-10-09T21:37:22.760+0300: 25.601: [ParNew: 460096K->48424K(460096K), 0.0373131 secs] 2594799K->2211137K(8337536K), 0.0374005 secs] [Times: user=0.08 sys=0.00, real=0.05 secs] 
2024-10-09T21:37:22.807+0300: 25.638: Total time for which application threads were stopped: 0.0376684 seconds, Stopping threads took: 0.0001548 seconds
2024-10-09T21:37:22.979+0300: 25.813: Application time: 0.1742212 seconds
2024-10-09T21:37:22.979+0300: 25.813: [GC (Allocation Failure) 2024-10-09T21:37:22.979+0300: 25.813: [ParNew: 457448K->51072K(460096K), 0.0296084 secs] 2620161K->2219161K(8337536K), 0.0296926 secs] [Times: user=0.03 sys=0.00, real=0.03 secs] 
2024-10-09T21:37:23.010+0300: 25.843: Total time for which application threads were stopped: 0.0299670 seconds, Stopping threads took: 0.0001559 seconds
2024-10-09T21:37:23.167+0300: 25.996: Application time: 0.1538988 seconds
2024-10-09T21:37:23.167+0300: 25.997: [GC (Allocation Failure) 2024-10-09T21:37:23.167+0300: 25.997: [ParNew: 460096K->51072K(460096K), 0.0412888 secs] 2628185K->2244647K(8337536K), 0.0413747 secs] [Times: user=0.03 sys=0.00, real=0.03 secs] 
2024-10-09T21:37:23.198+0300: 26.038: Total time for which application threads were stopped: 0.0416281 seconds, Stopping threads took: 0.0001404 seconds
2024-10-09T21:37:23.356+0300: 26.197: Application time: 0.1586828 seconds
2024-10-09T21:37:23.371+0300: 26.197: [GC (Allocation Failure) 2024-10-09T21:37:23.371+0300: 26.197: [ParNew: 460096K->48948K(460096K), 0.0389460 secs] 2653671K->2277480K(8337536K), 0.0390323 secs] [Times: user=0.03 sys=0.00, real=0.03 secs] 
2024-10-09T21:37:23.402+0300: 26.236: Total time for which application threads were stopped: 0.0393485 seconds, Stopping threads took: 0.0002074 seconds
2024-10-09T21:37:23.575+0300: 26.414: Application time: 0.1773895 seconds
2024-10-09T21:37:23.575+0300: 26.414: [GC (Allocation Failure) 2024-10-09T21:37:23.575+0300: 26.414: [ParNew: 457972K->51072K(460096K), 0.0295651 secs] 2686504K->2282341K(8337536K), 0.0296549 secs] [Times: user=0.06 sys=0.00, real=0.03 secs] 
2024-10-09T21:37:23.606+0300: 26.443: Total time for which application threads were stopped: 0.0299045 seconds, Stopping threads took: 0.0001381 seconds
2024-10-09T21:37:23.779+0300: 26.606: Application time: 0.1627303 seconds
2024-10-09T21:37:23.779+0300: 26.606: [GC (Allocation Failure) 2024-10-09T21:37:23.779+0300: 26.606: [ParNew: 460096K->51072K(460096K), 0.0347772 secs] 2691365K->2298979K(8337536K), 0.0348651 secs] [Times: user=0.03 sys=0.00, real=0.03 secs] 
2024-10-09T21:37:23.811+0300: 26.641: Total time for which application threads were stopped: 0.0351142 seconds, Stopping threads took: 0.0001311 seconds
2024-10-09T21:37:23.968+0300: 26.794: Application time: 0.1524637 seconds
2024-10-09T21:37:23.968+0300: 26.794: [GC (Allocation Failure) 2024-10-09T21:37:23.968+0300: 26.794: [ParNew: 460096K->51072K(460096K), 0.0342515 secs] 2708003K->2322270K(8337536K), 0.0343477 secs] [Times: user=0.06 sys=0.00, real=0.03 secs] 
2024-10-09T21:37:23.999+0300: 26.828: Total time for which application threads were stopped: 0.0346424 seconds, Stopping threads took: 0.0001742 seconds
2024-10-09T21:37:24.172+0300: 27.007: Application time: 0.1786995 seconds
2024-10-09T21:37:24.172+0300: 27.007: [GC (Allocation Failure) 2024-10-09T21:37:24.172+0300: 27.007: [ParNew: 460096K->50811K(460096K), 0.0305519 secs] 2731294K->2333054K(8337536K), 0.0306396 secs] [Times: user=0.03 sys=0.00, real=0.03 secs] 
2024-10-09T21:37:24.203+0300: 27.038: Total time for which application threads were stopped: 0.0308541 seconds, Stopping threads took: 0.0001007 seconds
2024-10-09T21:37:24.360+0300: 27.193: Application time: 0.1550999 seconds
2024-10-09T21:37:24.360+0300: 27.193: [GC (Allocation Failure) 2024-10-09T21:37:24.360+0300: 27.193: [ParNew: 459835K->51072K(460096K), 0.0298279 secs] 2742078K->2340790K(8337536K), 0.0299164 secs] [Times: user=0.03 sys=0.00, real=0.03 secs] 
2024-10-09T21:37:24.392+0300: 27.223: Total time for which application threads were stopped: 0.0301936 seconds, Stopping threads took: 0.0001636 seconds
2024-10-09T21:37:24.549+0300: 27.378: Application time: 0.1546410 seconds
2024-10-09T21:37:24.549+0300: 27.378: [GC (Allocation Failure) 2024-10-09T21:37:24.549+0300: 27.378: [ParNew: 460096K->51072K(460096K), 0.0384302 secs] 2749814K->2370997K(8337536K), 0.0385198 secs] [Times: user=0.03 sys=0.00, real=0.03 secs] 
2024-10-09T21:37:24.580+0300: 27.417: Total time for which application threads were stopped: 0.0387662 seconds, Stopping threads took: 0.0001318 seconds
2024-10-09T21:37:24.769+0300: 27.607: Application time: 0.1905387 seconds
2024-10-09T21:37:24.769+0300: 27.607: [GC (Allocation Failure) 2024-10-09T21:37:24.769+0300: 27.608: [ParNew: 460096K->51072K(460096K), 0.0299074 secs] 2780021K->2374841K(8337536K), 0.0299856 secs] [Times: user=0.03 sys=0.00, real=0.03 secs] 
2024-10-09T21:37:24.800+0300: 27.637: Total time for which application threads were stopped: 0.0302959 seconds, Stopping threads took: 0.0001893 seconds
2024-10-09T21:37:24.973+0300: 27.801: Application time: 0.1636062 seconds
2024-10-09T21:37:24.973+0300: 27.801: [GC (Allocation Failure) 2024-10-09T21:37:24.973+0300: 27.801: [ParNew: 460096K->51072K(460096K), 0.0399879 secs] 2783865K->2399040K(8337536K), 0.0400792 secs] [Times: user=0.03 sys=0.00, real=0.03 secs] 
2024-10-09T21:37:25.004+0300: 27.841: Total time for which application threads were stopped: 0.0403235 seconds, Stopping threads took: 0.0001321 seconds
2024-10-09T21:37:25.161+0300: 27.993: Application time: 0.1515376 seconds
2024-10-09T21:37:25.161+0300: 27.993: [GC (Allocation Failure) 2024-10-09T21:37:25.161+0300: 27.993: [ParNew: 460096K->47892K(460096K), 0.0331461 secs] 2808064K->2412155K(8337536K), 0.0332293 secs] [Times: user=0.03 sys=0.00, real=0.03 secs] 
2024-10-09T21:37:25.192+0300: 28.026: Total time for which application threads were stopped: 0.0334867 seconds, Stopping threads took: 0.0001427 seconds
2024-10-09T21:37:25.365+0300: 28.194: Application time: 0.1679816 seconds
2024-10-09T21:37:25.365+0300: 28.195: [GC (Allocation Failure) 2024-10-09T21:37:25.365+0300: 28.195: [ParNew: 456916K->51072K(460096K), 0.0329538 secs] 2821179K->2435048K(8337536K), 0.0331059 secs] [Times: user=0.03 sys=0.00, real=0.03 secs] 
2024-10-09T21:37:25.396+0300: 28.228: Total time for which application threads were stopped: 0.0333508 seconds, Stopping threads took: 0.0001302 seconds
2024-10-09T21:37:25.553+0300: 28.392: Application time: 0.1640881 seconds
2024-10-09T21:37:25.553+0300: 28.392: [GC (Allocation Failure) 2024-10-09T21:37:25.553+0300: 28.392: [ParNew: 460096K->51072K(460096K), 0.0331691 secs] 2844072K->2451256K(8337536K), 0.0332547 secs] [Times: user=0.03 sys=0.00, real=0.03 secs] 
2024-10-09T21:37:25.585+0300: 28.425: Total time for which application threads were stopped: 0.0334955 seconds, Stopping threads took: 0.0001263 seconds
2024-10-09T21:37:25.757+0300: 28.588: Application time: 0.1627363 seconds
2024-10-09T21:37:25.757+0300: 28.588: [GC (Allocation Failure) 2024-10-09T21:37:25.757+0300: 28.588: [ParNew: 460096K->51072K(460096K), 0.0312606 secs] 2860280K->2465062K(8337536K), 0.0313443 secs] [Times: user=0.03 sys=0.00, real=0.03 secs] 
2024-10-09T21:37:25.789+0300: 28.620: Total time for which application threads were stopped: 0.0315715 seconds, Stopping threads took: 0.0001176 seconds
2024-10-09T21:37:25.946+0300: 28.781: Application time: 0.1610470 seconds
2024-10-09T21:37:25.946+0300: 28.781: [GC (Allocation Failure) 2024-10-09T21:37:25.946+0300: 28.781: [ParNew: 460096K->51072K(460096K), 0.0367568 secs] 2874086K->2490374K(8337536K), 0.0368488 secs] [Times: user=0.03 sys=0.00, real=0.04 secs] 
2024-10-09T21:37:25.989+0300: 28.818: Total time for which application threads were stopped: 0.0370957 seconds, Stopping threads took: 0.0001084 seconds
2024-10-09T21:37:26.150+0300: 28.982: Application time: 0.1641231 seconds
2024-10-09T21:37:26.150+0300: 28.982: [GC (Allocation Failure) 2024-10-09T21:37:26.150+0300: 28.982: [ParNew: 460096K->51072K(460096K), 0.0329118 secs] 2899398K->2506935K(8337536K), 0.0329964 secs] [Times: user=0.03 sys=0.00, real=0.03 secs] 
2024-10-09T21:37:26.181+0300: 29.015: Total time for which application threads were stopped: 0.0332590 seconds, Stopping threads took: 0.0001510 seconds
2024-10-09T21:37:26.346+0300: 29.175: Application time: 0.1601611 seconds
2024-10-09T21:37:26.346+0300: 29.176: [GC (Allocation Failure) 2024-10-09T21:37:26.346+0300: 29.176: [ParNew: 460096K->51072K(460096K), 0.0317816 secs] 2915959K->2518567K(8337536K), 0.0318695 secs] [Times: user=0.03 sys=0.00, real=0.02 secs] 
2024-10-09T21:37:26.370+0300: 29.208: Total time for which application threads were stopped: 0.0321586 seconds, Stopping threads took: 0.0001772 seconds
2024-10-09T21:37:26.526+0300: 29.365: Application time: 0.1579220 seconds
2024-10-09T21:37:26.526+0300: 29.366: [GC (Allocation Failure) 2024-10-09T21:37:26.526+0300: 29.366: [ParNew: 460096K->51072K(460096K), 0.0411805 secs] 2927591K->2549759K(8337536K), 0.0412694 secs] [Times: user=0.03 sys=0.02, real=0.05 secs] 
2024-10-09T21:37:26.574+0300: 29.407: Total time for which application threads were stopped: 0.0415328 seconds, Stopping threads took: 0.0001456 seconds
2024-10-09T21:37:26.747+0300: 29.573: Application time: 0.1662327 seconds
2024-10-09T21:37:26.747+0300: 29.573: [GC (Allocation Failure) 2024-10-09T21:37:26.747+0300: 29.574: [ParNew: 460096K->51072K(460096K), 0.0330943 secs] 2958783K->2563706K(8337536K), 0.0331961 secs] [Times: user=0.06 sys=0.00, real=0.03 secs] 
2024-10-09T21:37:26.778+0300: 29.607: Total time for which application threads were stopped: 0.0334571 seconds, Stopping threads took: 0.0001289 seconds
2024-10-09T21:37:26.934+0300: 29.768: Application time: 0.1611203 seconds
2024-10-09T21:37:26.934+0300: 29.768: [GC (Allocation Failure) 2024-10-09T21:37:26.934+0300: 29.768: [ParNew: 460096K->46212K(460096K), 0.0389426 secs] 2972730K->2585052K(8337536K), 0.0390359 secs] [Times: user=0.06 sys=0.00, real=0.03 secs] 
2024-10-09T21:37:26.966+0300: 29.807: Total time for which application threads were stopped: 0.0392940 seconds, Stopping threads took: 0.0001424 seconds
2024-10-09T21:37:27.138+0300: 29.965: Application time: 0.1579954 seconds
2024-10-09T21:37:27.138+0300: 29.965: [GC (Allocation Failure) 2024-10-09T21:37:27.138+0300: 29.965: [ParNew: 455236K->51072K(460096K), 0.0338964 secs] 2994076K->2608498K(8337536K), 0.0339869 secs] [Times: user=0.01 sys=0.02, real=0.03 secs] 
2024-10-09T21:37:27.170+0300: 29.999: Total time for which application threads were stopped: 0.0342081 seconds, Stopping threads took: 0.0001098 seconds
2024-10-09T21:37:27.326+0300: 30.163: Application time: 0.1637180 seconds
2024-10-09T21:37:27.326+0300: 30.163: [GC (Allocation Failure) 2024-10-09T21:37:27.326+0300: 30.163: [ParNew: 460096K->51072K(460096K), 0.0335812 secs] 3017522K->2626309K(8337536K), 0.0336709 secs] [Times: user=0.03 sys=0.00, real=0.03 secs] 
2024-10-09T21:37:27.358+0300: 30.197: Total time for which application threads were stopped: 0.0339309 seconds, Stopping threads took: 0.0001482 seconds
2024-10-09T21:37:27.530+0300: 30.359: Application time: 0.1620756 seconds
2024-10-09T21:37:27.530+0300: 30.359: [GC (Allocation Failure) 2024-10-09T21:37:27.530+0300: 30.359: [ParNew: 460096K->48941K(460096K), 0.0350713 secs] 3035333K->2645192K(8337536K), 0.0351588 secs] [Times: user=0.03 sys=0.00, real=0.03 secs] 
2024-10-09T21:37:27.562+0300: 30.394: Total time for which application threads were stopped: 0.0353918 seconds, Stopping threads took: 0.0001151 seconds
2024-10-09T21:37:27.734+0300: 30.561: Application time: 0.1660755 seconds
2024-10-09T21:37:27.734+0300: 30.561: [GC (Allocation Failure) 2024-10-09T21:37:27.734+0300: 30.561: [ParNew: 457965K->51072K(460096K), 0.0332654 secs] 3054216K->2663096K(8337536K), 0.0333577 secs] [Times: user=0.02 sys=0.00, real=0.03 secs] 
2024-10-09T21:37:27.766+0300: 30.594: Total time for which application threads were stopped: 0.0336361 seconds, Stopping threads took: 0.0001585 seconds
2024-10-09T21:37:27.923+0300: 30.752: Application time: 0.1582497 seconds
2024-10-09T21:37:27.923+0300: 30.753: [GC (Allocation Failure) 2024-10-09T21:37:27.923+0300: 30.753: [ParNew: 460096K->51072K(460096K), 0.0320329 secs] 3072120K->2679473K(8337536K), 0.0321186 secs] [Times: user=0.03 sys=0.00, real=0.03 secs] 
2024-10-09T21:37:27.954+0300: 30.785: Total time for which application threads were stopped: 0.0323842 seconds, Stopping threads took: 0.0001396 seconds
2024-10-09T21:37:28.111+0300: 30.949: Application time: 0.1643272 seconds
2024-10-09T21:37:28.111+0300: 30.949: [GC (Allocation Failure) 2024-10-09T21:37:28.111+0300: 30.949: [ParNew: 460096K->51072K(460096K), 0.0329647 secs] 3088497K->2699118K(8337536K), 0.0330555 secs] [Times: user=0.05 sys=0.00, real=0.04 secs] 
2024-10-09T21:37:28.150+0300: 30.982: Total time for which application threads were stopped: 0.0333478 seconds, Stopping threads took: 0.0001594 seconds
2024-10-09T21:37:28.315+0300: 31.144: Application time: 0.1613834 seconds
2024-10-09T21:37:28.315+0300: 31.144: [GC (Allocation Failure) 2024-10-09T21:37:28.315+0300: 31.144: [ParNew: 460096K->51072K(460096K), 0.0318214 secs] 3108142K->2712609K(8337536K), 0.0319060 secs] [Times: user=0.03 sys=0.00, real=0.03 secs] 
2024-10-09T21:37:28.346+0300: 31.176: Total time for which application threads were stopped: 0.0321283 seconds, Stopping threads took: 0.0001085 seconds
2024-10-09T21:37:28.503+0300: 31.332: Application time: 0.1560112 seconds
2024-10-09T21:37:28.503+0300: 31.332: [GC (Allocation Failure) 2024-10-09T21:37:28.503+0300: 31.332: [ParNew: 460096K->51072K(460096K), 0.0377123 secs] 3121633K->2738636K(8337536K), 0.0378000 secs] [Times: user=0.03 sys=0.00, real=0.03 secs] 
2024-10-09T21:37:28.535+0300: 31.370: Total time for which application threads were stopped: 0.0380503 seconds, Stopping threads took: 0.0001396 seconds
2024-10-09T21:37:28.707+0300: 31.540: Application time: 0.1699886 seconds
2024-10-09T21:37:28.707+0300: 31.540: [GC (Allocation Failure) 2024-10-09T21:37:28.707+0300: 31.540: [ParNew: 460096K->51072K(460096K), 0.0344850 secs] 3147660K->2757170K(8337536K), 0.0345744 secs] [Times: user=0.12 sys=0.00, real=0.03 secs] 
2024-10-09T21:37:28.739+0300: 31.575: Total time for which application threads were stopped: 0.0348610 seconds, Stopping threads took: 0.0001631 seconds
2024-10-09T21:37:28.912+0300: 31.738: Application time: 0.1631303 seconds
2024-10-09T21:37:28.912+0300: 31.738: [GC (Allocation Failure) 2024-10-09T21:37:28.912+0300: 31.738: [ParNew: 460096K->51072K(460096K), 0.0322060 secs] 3166194K->2771788K(8337536K), 0.0322959 secs] [Times: user=0.02 sys=0.00, real=0.03 secs] 
2024-10-09T21:37:28.943+0300: 31.771: Total time for which application threads were stopped: 0.0325512 seconds, Stopping threads took: 0.0001442 seconds
2024-10-09T21:37:29.100+0300: 31.929: Application time: 0.1582955 seconds
2024-10-09T21:37:29.100+0300: 31.929: [GC (Allocation Failure) 2024-10-09T21:37:29.100+0300: 31.929: [ParNew: 460096K->51072K(460096K), 0.0395878 secs] 3180812K->2800512K(8337536K), 0.0396684 secs] [Times: user=0.03 sys=0.00, real=0.03 secs] 
2024-10-09T21:37:29.131+0300: 31.969: Total time for which application threads were stopped: 0.0399335 seconds, Stopping threads took: 0.0001414 seconds
2024-10-09T21:37:29.304+0300: 32.132: Application time: 0.1631612 seconds
2024-10-09T21:37:29.304+0300: 32.132: [GC (Allocation Failure) 2024-10-09T21:37:29.304+0300: 32.132: [ParNew: 460096K->51072K(460096K), 0.0344427 secs] 3209536K->2821632K(8337536K), 0.0345359 secs] [Times: user=0.03 sys=0.00, real=0.03 secs] 
2024-10-09T21:37:29.335+0300: 32.167: Total time for which application threads were stopped: 0.0348244 seconds, Stopping threads took: 0.0001662 seconds
2024-10-09T21:37:29.492+0300: 32.329: Application time: 0.1623340 seconds
2024-10-09T21:37:29.492+0300: 32.329: [GC (Allocation Failure) 2024-10-09T21:37:29.492+0300: 32.329: [ParNew: 460096K->50723K(460096K), 0.0302407 secs] 3230656K->2831538K(8337536K), 0.0303317 secs] [Times: user=0.03 sys=0.00, real=0.03 secs] 
2024-10-09T21:37:29.524+0300: 32.360: Total time for which application threads were stopped: 0.0305843 seconds, Stopping threads took: 0.0001373 seconds
2024-10-09T21:37:29.681+0300: 32.521: Application time: 0.1614624 seconds
2024-10-09T21:37:29.681+0300: 32.521: [GC (Allocation Failure) 2024-10-09T21:37:29.681+0300: 32.521: [ParNew: 459747K->51072K(460096K), 0.0376261 secs] 3240562K->2859720K(8337536K), 0.0377244 secs] [Times: user=0.08 sys=0.03, real=0.05 secs] 
2024-10-09T21:37:29.728+0300: 32.559: Total time for which application threads were stopped: 0.0379524 seconds, Stopping threads took: 0.0001008 seconds
2024-10-09T21:37:29.885+0300: 32.725: Application time: 0.1661445 seconds
2024-10-09T21:37:29.885+0300: 32.726: [GC (Allocation Failure) 2024-10-09T21:37:29.885+0300: 32.726: [ParNew: 460096K->51072K(460096K), 0.0309645 secs] 3268744K->2871536K(8337536K), 0.0310545 secs] [Times: user=0.03 sys=0.00, real=0.03 secs] 
2024-10-09T21:37:29.916+0300: 32.757: Total time for which application threads were stopped: 0.0313422 seconds, Stopping threads took: 0.0001680 seconds
2024-10-09T21:37:30.089+0300: 32.918: Application time: 0.1614802 seconds
2024-10-09T21:37:30.089+0300: 32.918: [GC (Allocation Failure) 2024-10-09T21:37:30.089+0300: 32.918: [ParNew: 460096K->51072K(460096K), 0.0307928 secs] 3280560K->2885563K(8337536K), 0.0308787 secs] [Times: user=0.02 sys=0.01, real=0.03 secs] 
2024-10-09T21:37:30.120+0300: 32.949: Total time for which application threads were stopped: 0.0311193 seconds, Stopping threads took: 0.0001215 seconds
2024-10-09T21:37:30.277+0300: 33.106: Application time: 0.1570523 seconds
2024-10-09T21:37:30.277+0300: 33.107: [GC (Allocation Failure) 2024-10-09T21:37:30.277+0300: 33.107: [ParNew: 460096K->50273K(460096K), 0.0309880 secs] 3294587K->2899321K(8337536K), 0.0310859 secs] [Times: user=0.03 sys=0.00, real=0.03 secs] 
2024-10-09T21:37:30.308+0300: 33.138: Total time for which application threads were stopped: 0.0313165 seconds, Stopping threads took: 0.0001134 seconds
2024-10-09T21:37:30.465+0300: 33.303: Application time: 0.1652619 seconds
2024-10-09T21:37:30.465+0300: 33.303: [GC (Allocation Failure) 2024-10-09T21:37:30.465+0300: 33.303: [ParNew: 459297K->51072K(460096K), 0.0319693 secs] 3308345K->2917425K(8337536K), 0.0320604 secs] [Times: user=0.03 sys=0.00, real=0.03 secs] 
2024-10-09T21:37:30.497+0300: 33.335: Total time for which application threads were stopped: 0.0323155 seconds, Stopping threads took: 0.0001248 seconds
2024-10-09T21:37:30.669+0300: 33.497: Application time: 0.1621941 seconds
2024-10-09T21:37:30.669+0300: 33.498: [GC (Allocation Failure) 2024-10-09T21:37:30.669+0300: 33.498: [ParNew: 460096K->51072K(460096K), 0.0363358 secs] 3326449K->2931363K(8337536K), 0.0364253 secs] [Times: user=0.06 sys=0.00, real=0.03 secs] 
2024-10-09T21:37:30.701+0300: 33.534: Total time for which application threads were stopped: 0.0366857 seconds, Stopping threads took: 0.0001418 seconds
2024-10-09T21:37:30.858+0300: 33.692: Application time: 0.1574547 seconds
2024-10-09T21:37:30.858+0300: 33.692: [GC (Allocation Failure) 2024-10-09T21:37:30.858+0300: 33.692: [ParNew: 460096K->45081K(460096K), 0.0318849 secs] 3340387K->2941668K(8337536K), 0.0319744 secs] [Times: user=0.03 sys=0.00, real=0.03 secs] 
2024-10-09T21:37:30.889+0300: 33.724: Total time for which application threads were stopped: 0.0322403 seconds, Stopping threads took: 0.0001570 seconds
2024-10-09T21:37:31.062+0300: 33.892: Application time: 0.1680245 seconds
2024-10-09T21:37:31.062+0300: 33.892: [GC (Allocation Failure) 2024-10-09T21:37:31.062+0300: 33.892: [ParNew: 454105K->47296K(460096K), 0.0345903 secs] 3350692K->2966195K(8337536K), 0.0346775 secs] [Times: user=0.03 sys=0.00, real=0.03 secs] 
2024-10-09T21:37:31.093+0300: 33.927: Total time for which application threads were stopped: 0.0349210 seconds, Stopping threads took: 0.0001298 seconds
2024-10-09T21:37:31.257+0300: 34.089: Application time: 0.1623476 seconds
2024-10-09T21:37:31.257+0300: 34.089: [GC (Allocation Failure) 2024-10-09T21:37:31.257+0300: 34.089: [ParNew: 456320K->51072K(460096K), 0.0304886 secs] 3375219K->2981312K(8337536K), 0.0305714 secs] [Times: user=0.03 sys=0.00, real=0.02 secs] 
2024-10-09T21:37:31.281+0300: 34.120: Total time for which application threads were stopped: 0.0308304 seconds, Stopping threads took: 0.0001515 seconds
2024-10-09T21:37:31.438+0300: 34.276: Application time: 0.1559225 seconds
2024-10-09T21:37:31.438+0300: 34.276: [GC (Allocation Failure) 2024-10-09T21:37:31.438+0300: 34.276: [ParNew: 460096K->51072K(460096K), 0.0322651 secs] 3390336K->3000680K(8337536K), 0.0323523 secs] [Times: user=0.03 sys=0.00, real=0.03 secs] 
2024-10-09T21:37:31.470+0300: 34.308: Total time for which application threads were stopped: 0.0325611 seconds, Stopping threads took: 0.0001017 seconds
2024-10-09T21:37:31.642+0300: 34.478: Application time: 0.1692624 seconds
2024-10-09T21:37:31.642+0300: 34.478: [GC (Allocation Failure) 2024-10-09T21:37:31.642+0300: 34.478: [ParNew: 460096K->51064K(460096K), 0.0327968 secs] 3409704K->3020278K(8337536K), 0.0328935 secs] [Times: user=0.14 sys=0.00, real=0.03 secs] 
2024-10-09T21:37:31.673+0300: 34.511: Total time for which application threads were stopped: 0.0331723 seconds, Stopping threads took: 0.0001429 seconds
2024-10-09T21:37:31.846+0300: 34.675: Application time: 0.1645726 seconds
2024-10-09T21:37:31.846+0300: 34.676: [GC (Allocation Failure) 2024-10-09T21:37:31.846+0300: 34.676: [ParNew: 460088K->51072K(460096K), 0.0300358 secs] 3429302K->3031246K(8337536K), 0.0301219 secs] [Times: user=0.03 sys=0.00, real=0.03 secs] 
2024-10-09T21:37:31.877+0300: 34.706: Total time for which application threads were stopped: 0.0303888 seconds, Stopping threads took: 0.0001537 seconds
2024-10-09T21:37:32.034+0300: 34.867: Application time: 0.1610661 seconds
2024-10-09T21:37:32.034+0300: 34.867: [GC (Allocation Failure) 2024-10-09T21:37:32.034+0300: 34.867: [ParNew: 460096K->51072K(460096K), 0.0319457 secs] 3440270K->3047760K(8337536K), 0.0320387 secs] [Times: user=0.03 sys=0.00, real=0.03 secs] 
2024-10-09T21:37:32.066+0300: 34.899: Total time for which application threads were stopped: 0.0323129 seconds, Stopping threads took: 0.0001634 seconds
2024-10-09T21:37:32.222+0300: 35.060: Application time: 0.1606847 seconds
2024-10-09T21:37:32.222+0300: 35.060: [GC (Allocation Failure) 2024-10-09T21:37:32.222+0300: 35.060: [ParNew: 460096K->51072K(460096K), 0.0300763 secs] 3456784K->3060626K(8337536K), 0.0301653 secs] [Times: user=0.05 sys=0.00, real=0.04 secs] 
2024-10-09T21:37:32.259+0300: 35.090: Total time for which application threads were stopped: 0.0304001 seconds, Stopping threads took: 0.0001211 seconds
2024-10-09T21:37:32.427+0300: 35.252: Application time: 0.1621692 seconds
2024-10-09T21:37:32.427+0300: 35.253: [GC (Allocation Failure) 2024-10-09T21:37:32.427+0300: 35.253: [ParNew: 460096K->49489K(460096K), 0.0310977 secs] 3469650K->3073367K(8337536K), 0.0311911 secs] [Times: user=0.02 sys=0.00, real=0.03 secs] 
2024-10-09T21:37:32.458+0300: 35.284: Total time for which application threads were stopped: 0.0314481 seconds, Stopping threads took: 0.0001230 seconds
2024-10-09T21:37:32.615+0300: 35.442: Application time: 0.1583844 seconds
2024-10-09T21:37:32.615+0300: 35.443: [GC (Allocation Failure) 2024-10-09T21:37:32.615+0300: 35.443: [ParNew: 458513K->51072K(460096K), 0.0333057 secs] 3482391K->3093223K(8337536K), 0.0333993 secs] [Times: user=0.03 sys=0.00, real=0.03 secs] 
2024-10-09T21:37:32.646+0300: 35.476: Total time for which application threads were stopped: 0.0336551 seconds, Stopping threads took: 0.0001435 seconds
2024-10-09T21:37:32.803+0300: 35.639: Application time: 0.1633150 seconds
2024-10-09T21:37:32.803+0300: 35.639: [GC (Allocation Failure) 2024-10-09T21:37:32.803+0300: 35.640: [ParNew: 460096K->51072K(460096K), 0.0314080 secs] 3502247K->3108840K(8337536K), 0.0314967 secs] [Times: user=0.03 sys=0.00, real=0.03 secs] 
2024-10-09T21:37:32.835+0300: 35.671: Total time for which application threads were stopped: 0.0317396 seconds, Stopping threads took: 0.0001322 seconds
2024-10-09T21:37:33.007+0300: 35.837: Application time: 0.1655925 seconds
2024-10-09T21:37:33.007+0300: 35.837: [GC (Allocation Failure) 2024-10-09T21:37:33.007+0300: 35.837: [ParNew: 460096K->51072K(460096K), 0.0329499 secs] 3517864K->3123454K(8337536K), 0.0330398 secs] [Times: user=0.03 sys=0.00, real=0.03 secs] 
2024-10-09T21:37:33.038+0300: 35.870: Total time for which application threads were stopped: 0.0332693 seconds, Stopping threads took: 0.0001151 seconds
2024-10-09T21:37:33.196+0300: 36.029: Application time: 0.1593161 seconds
2024-10-09T21:37:33.196+0300: 36.029: [GC (Allocation Failure) 2024-10-09T21:37:33.196+0300: 36.029: [ParNew: 460096K->51072K(460096K), 0.0332283 secs] 3532478K->3137974K(8337536K), 0.0333187 secs] [Times: user=0.03 sys=0.00, real=0.03 secs] 
2024-10-09T21:37:33.227+0300: 36.063: Total time for which application threads were stopped: 0.0335617 seconds, Stopping threads took: 0.0001300 seconds
2024-10-09T21:37:33.384+0300: 36.218: Application time: 0.1555822 seconds
2024-10-09T21:37:33.384+0300: 36.219: [GC (Allocation Failure) 2024-10-09T21:37:33.384+0300: 36.219: [ParNew: 460096K->51072K(460096K), 0.0359642 secs] 3546998K->3163129K(8337536K), 0.0360549 secs] [Times: user=0.01 sys=0.00, real=0.03 secs] 
2024-10-09T21:37:33.415+0300: 36.255: Total time for which application threads were stopped: 0.0363136 seconds, Stopping threads took: 0.0001431 seconds
2024-10-09T21:37:33.588+0300: 36.417: Application time: 0.1622155 seconds
2024-10-09T21:37:33.588+0300: 36.417: [GC (Allocation Failure) 2024-10-09T21:37:33.588+0300: 36.417: [ParNew: 460096K->51072K(460096K), 0.0305545 secs] 3572153K->3176964K(8337536K), 0.0306450 secs] [Times: user=0.06 sys=0.00, real=0.03 secs] 
2024-10-09T21:37:33.619+0300: 36.448: Total time for which application threads were stopped: 0.0309098 seconds, Stopping threads took: 0.0001456 seconds
2024-10-09T21:37:33.776+0300: 36.616: Application time: 0.1680684 seconds
2024-10-09T21:37:33.776+0300: 36.616: [GC (Allocation Failure) 2024-10-09T21:37:33.776+0300: 36.616: [ParNew: 460096K->51072K(460096K), 0.0342618 secs] 3585988K->3195110K(8337536K), 0.0343576 secs] [Times: user=0.14 sys=0.00, real=0.05 secs] 
2024-10-09T21:37:33.825+0300: 36.651: Total time for which application threads were stopped: 0.0346247 seconds, Stopping threads took: 0.0001277 seconds
2024-10-09T21:37:33.981+0300: 36.810: Application time: 0.1592194 seconds
2024-10-09T21:37:33.981+0300: 36.810: [GC (Allocation Failure) 2024-10-09T21:37:33.981+0300: 36.810: [ParNew: 460096K->51072K(460096K), 0.0334961 secs] 3604134K->3215335K(8337536K), 0.0335818 secs] [Times: user=0.02 sys=0.01, real=0.03 secs] 
2024-10-09T21:37:34.012+0300: 36.844: Total time for which application threads were stopped: 0.0338302 seconds, Stopping threads took: 0.0001320 seconds
2024-10-09T21:37:34.169+0300: 37.008: Application time: 0.1639893 seconds
2024-10-09T21:37:34.169+0300: 37.008: [GC (Allocation Failure) 2024-10-09T21:37:34.169+0300: 37.008: [ParNew: 460096K->51072K(460096K), 0.0348844 secs] 3624359K->3237618K(8337536K), 0.0349676 secs] [Times: user=0.05 sys=0.00, real=0.05 secs] 
2024-10-09T21:37:34.216+0300: 37.043: Total time for which application threads were stopped: 0.0352046 seconds, Stopping threads took: 0.0001259 seconds
2024-10-09T21:37:34.373+0300: 37.206: Application time: 0.1634223 seconds
2024-10-09T21:37:34.373+0300: 37.206: [GC (Allocation Failure) 2024-10-09T21:37:34.373+0300: 37.206: [ParNew: 460096K->51072K(460096K), 0.0309004 secs] 3646642K->3252111K(8337536K), 0.0309847 secs] [Times: user=0.03 sys=0.00, real=0.03 secs] 
2024-10-09T21:37:34.404+0300: 37.237: Total time for which application threads were stopped: 0.0312442 seconds, Stopping threads took: 0.0001487 seconds
2024-10-09T21:37:34.564+0300: 37.392: Application time: 0.1546104 seconds
2024-10-09T21:37:34.564+0300: 37.392: [GC (Allocation Failure) 2024-10-09T21:37:34.564+0300: 37.392: [ParNew: 460096K->51072K(460096K), 0.0324041 secs] 3661135K->3268598K(8337536K), 0.0324929 secs] [Times: user=0.03 sys=0.00, real=0.03 secs] 
2024-10-09T21:37:34.593+0300: 37.425: Total time for which application threads were stopped: 0.0327580 seconds, Stopping threads took: 0.0001548 seconds
2024-10-09T21:37:34.764+0300: 37.591: Application time: 0.1666525 seconds
2024-10-09T21:37:34.766+0300: 37.592: [GC (Allocation Failure) 2024-10-09T21:37:34.766+0300: 37.592: [ParNew: 460096K->51072K(460096K), 0.0340846 secs] 3677622K->3289159K(8337536K), 0.0341942 secs] [Times: user=0.02 sys=0.02, real=0.03 secs] 
2024-10-09T21:37:34.797+0300: 37.626: Total time for which application threads were stopped: 0.0344356 seconds, Stopping threads took: 0.0001101 seconds
2024-10-09T21:37:34.954+0300: 37.788: Application time: 0.1622141 seconds
2024-10-09T21:37:34.954+0300: 37.788: [GC (Allocation Failure) 2024-10-09T21:37:34.954+0300: 37.788: [ParNew: 460096K->51072K(460096K), 0.0314395 secs] 3698183K->3304796K(8337536K), 0.0315350 secs] [Times: user=0.03 sys=0.00, real=0.03 secs] 
2024-10-09T21:37:34.986+0300: 37.820: Total time for which application threads were stopped: 0.0318190 seconds, Stopping threads took: 0.0001525 seconds
2024-10-09T21:37:35.142+0300: 37.978: Application time: 0.1577267 seconds
2024-10-09T21:37:35.142+0300: 37.978: [GC (Allocation Failure) 2024-10-09T21:37:35.142+0300: 37.978: [ParNew: 460096K->51072K(460096K), 0.0333614 secs] 3713820K->3320877K(8337536K), 0.0334427 secs] [Times: user=0.03 sys=0.00, real=0.03 secs] 
2024-10-09T21:37:35.174+0300: 38.011: Total time for which application threads were stopped: 0.0336879 seconds, Stopping threads took: 0.0001349 seconds
2024-10-09T21:37:35.331+0300: 38.169: Application time: 0.1574487 seconds
2024-10-09T21:37:35.331+0300: 38.169: [GC (Allocation Failure) 2024-10-09T21:37:35.331+0300: 38.169: [ParNew: 460096K->51072K(460096K), 0.0342254 secs] 3729901K->3343926K(8337536K), 0.0343156 secs] [Times: user=0.03 sys=0.00, real=0.03 secs] 
2024-10-09T21:37:35.365+0300: 38.203: Total time for which application threads were stopped: 0.0345768 seconds, Stopping threads took: 0.0001365 seconds
2024-10-09T21:37:35.535+0300: 38.369: Application time: 0.1660091 seconds
2024-10-09T21:37:35.535+0300: 38.370: [GC (Allocation Failure) 2024-10-09T21:37:35.535+0300: 38.370: [ParNew: 460096K->51072K(460096K), 0.0311720 secs] 3752950K->3361904K(8337536K), 0.0312659 secs] [Times: user=0.02 sys=0.02, real=0.03 secs] 
2024-10-09T21:37:35.566+0300: 38.401: Total time for which application threads were stopped: 0.0315324 seconds, Stopping threads took: 0.0001581 seconds
2024-10-09T21:37:35.738+0300: 38.568: Application time: 0.1668162 seconds
2024-10-09T21:37:35.738+0300: 38.568: [GC (Allocation Failure) 2024-10-09T21:37:35.738+0300: 38.568: [ParNew: 460096K->51072K(460096K), 0.0308893 secs] 3770928K->3372440K(8337536K), 0.0309788 secs] [Times: user=0.03 sys=0.00, real=0.03 secs] 
2024-10-09T21:37:35.770+0300: 38.599: Total time for which application threads were stopped: 0.0312763 seconds, Stopping threads took: 0.0001623 seconds
2024-10-09T21:37:35.911+0300: 38.750: Application time: 0.1506572 seconds
2024-10-09T21:37:35.911+0300: 38.750: [GC (Allocation Failure) 2024-10-09T21:37:35.911+0300: 38.750: [ParNew: 460096K->51072K(460096K), 0.0348300 secs] 3781464K->3396991K(8337536K), 0.0349189 secs] [Times: user=0.03 sys=0.00, real=0.05 secs] 
2024-10-09T21:37:35.958+0300: 38.785: Total time for which application threads were stopped: 0.0352136 seconds, Stopping threads took: 0.0001771 seconds
2024-10-09T21:37:36.115+0300: 38.953: Application time: 0.1682281 seconds
2024-10-09T21:37:36.115+0300: 38.953: [GC (Allocation Failure) 2024-10-09T21:37:36.115+0300: 38.953: [ParNew: 460096K->51072K(460096K), 0.0309993 secs] 3806015K->3414872K(8337536K), 0.0311179 secs] [Times: user=0.03 sys=0.00, real=0.03 secs] 
2024-10-09T21:37:36.146+0300: 38.984: Total time for which application threads were stopped: 0.0313343 seconds, Stopping threads took: 0.0000882 seconds
2024-10-09T21:37:36.319+0300: 39.151: Application time: 0.1661434 seconds
2024-10-09T21:37:36.319+0300: 39.151: [GC (Allocation Failure) 2024-10-09T21:37:36.319+0300: 39.151: [ParNew: 460096K->51072K(460096K), 0.0304904 secs] 3823896K->3425978K(8337536K), 0.0305790 secs] [Times: user=0.03 sys=0.00, real=0.03 secs] 
2024-10-09T21:37:36.350+0300: 39.181: Total time for which application threads were stopped: 0.0308579 seconds, Stopping threads took: 0.0001605 seconds
2024-10-09T21:37:36.507+0300: 39.339: Application time: 0.1570595 seconds
2024-10-09T21:37:36.507+0300: 39.339: [GC (Allocation Failure) 2024-10-09T21:37:36.507+0300: 39.339: [ParNew: 460096K->51072K(460096K), 0.0338621 secs] 3835002K->3447869K(8337536K), 0.0339557 secs] [Times: user=0.03 sys=0.00, real=0.03 secs] 
2024-10-09T21:37:36.539+0300: 39.373: Total time for which application threads were stopped: 0.0342426 seconds, Stopping threads took: 0.0001588 seconds
2024-10-09T21:37:36.711+0300: 39.542: Application time: 0.1688267 seconds
2024-10-09T21:37:36.711+0300: 39.542: [GC (Allocation Failure) 2024-10-09T21:37:36.711+0300: 39.542: [ParNew: 460096K->51072K(460096K), 0.0324609 secs] 3856893K->3464986K(8337536K), 0.0325536 secs] [Times: user=0.06 sys=0.00, real=0.03 secs] 
2024-10-09T21:37:36.743+0300: 39.574: Total time for which application threads were stopped: 0.0328419 seconds, Stopping threads took: 0.0001527 seconds
2024-10-09T21:37:36.900+0300: 39.738: Application time: 0.1640263 seconds
2024-10-09T21:37:36.900+0300: 39.739: [GC (Allocation Failure) 2024-10-09T21:37:36.900+0300: 39.739: [ParNew: 460096K->51072K(460096K), 0.0285337 secs] 3874010K->3473234K(8337536K), 0.0286216 secs] [Times: user=0.03 sys=0.00, real=0.03 secs] 
2024-10-09T21:37:36.931+0300: 39.767: Total time for which application threads were stopped: 0.0289135 seconds, Stopping threads took: 0.0001571 seconds
2024-10-09T21:37:37.088+0300: 39.920: Application time: 0.1522373 seconds
2024-10-09T21:37:37.088+0300: 39.920: [GC (Allocation Failure) 2024-10-09T21:37:37.088+0300: 39.920: [ParNew: 460096K->51072K(460096K), 0.0325163 secs] 3882258K->3493246K(8337536K), 0.0326057 secs] [Times: user=0.01 sys=0.02, real=0.03 secs] 
2024-10-09T21:37:37.119+0300: 39.953: Total time for which application threads were stopped: 0.0328816 seconds, Stopping threads took: 0.0001618 seconds
2024-10-09T21:37:37.276+0300: 40.117: Application time: 0.1645570 seconds
2024-10-09T21:37:37.276+0300: 40.117: [GC (Allocation Failure) 2024-10-09T21:37:37.276+0300: 40.117: [ParNew: 460096K->51072K(460096K), 0.0355673 secs] 3902270K->3514775K(8337536K), 0.0356592 secs] [Times: user=0.03 sys=0.00, real=0.05 secs] 
2024-10-09T21:37:37.323+0300: 40.153: Total time for which application threads were stopped: 0.0359835 seconds, Stopping threads took: 0.0001871 seconds
2024-10-09T21:37:37.481+0300: 40.319: Application time: 0.1657641 seconds
2024-10-09T21:37:37.481+0300: 40.319: [GC (Allocation Failure) 2024-10-09T21:37:37.481+0300: 40.319: [ParNew: 460096K->51072K(460096K), 0.0359176 secs] 3923799K->3535888K(8337536K), 0.0360076 secs] [Times: user=0.05 sys=0.00, real=0.05 secs] 
2024-10-09T21:37:37.527+0300: 40.355: Total time for which application threads were stopped: 0.0362807 seconds, Stopping threads took: 0.0001594 seconds
2024-10-09T21:37:37.685+0300: 40.515: Application time: 0.1603691 seconds
2024-10-09T21:37:37.685+0300: 40.516: [GC (Allocation Failure) 2024-10-09T21:37:37.685+0300: 40.516: [ParNew: 460096K->51072K(460096K), 0.0327922 secs] 3944912K->3551320K(8337536K), 0.0328882 secs] [Times: user=0.12 sys=0.02, real=0.03 secs] 
2024-10-09T21:37:37.716+0300: 40.549: Total time for which application threads were stopped: 0.0331359 seconds, Stopping threads took: 0.0001195 seconds
2024-10-09T21:37:37.873+0300: 40.713: Application time: 0.1644105 seconds
2024-10-09T21:37:37.873+0300: 40.713: [GC (Allocation Failure) 2024-10-09T21:37:37.873+0300: 40.713: [ParNew: 460096K->50488K(460096K), 0.0382116 secs] 3960344K->3578031K(8337536K), 0.0382981 secs] [Times: user=0.03 sys=0.00, real=0.05 secs] 
2024-10-09T21:37:37.920+0300: 40.752: Total time for which application threads were stopped: 0.0385878 seconds, Stopping threads took: 0.0001695 seconds
2024-10-09T21:37:38.077+0300: 40.913: Application time: 0.1612751 seconds
2024-10-09T21:37:38.077+0300: 40.913: [GC (Allocation Failure) 2024-10-09T21:37:38.077+0300: 40.913: [ParNew: 459512K->44867K(460096K), 0.0315991 secs] 3987055K->3586710K(8337536K), 0.0316863 secs] [Times: user=0.01 sys=0.01, real=0.03 secs] 
2024-10-09T21:37:38.109+0300: 40.945: Total time for which application threads were stopped: 0.0319327 seconds, Stopping threads took: 0.0001323 seconds
2024-10-09T21:37:38.272+0300: 41.103: Application time: 0.1579422 seconds
2024-10-09T21:37:38.272+0300: 41.103: [GC (Allocation Failure) 2024-10-09T21:37:38.272+0300: 41.103: [ParNew: 453891K->51072K(460096K), 0.0320644 secs] 3995734K->3607544K(8337536K), 0.0321520 secs] [Times: user=0.03 sys=0.00, real=0.02 secs] 
2024-10-09T21:37:38.297+0300: 41.135: Total time for which application threads were stopped: 0.0324215 seconds, Stopping threads took: 0.0001511 seconds
2024-10-09T21:37:38.472+0300: 41.303: Application time: 0.1675544 seconds
2024-10-09T21:37:38.472+0300: 41.303: [GC (Allocation Failure) 2024-10-09T21:37:38.472+0300: 41.303: [ParNew: 460096K->51072K(460096K), 0.0326790 secs] 4016568K->3627765K(8337536K), 0.0327655 secs] [Times: user=0.01 sys=0.00, real=0.03 secs] 
2024-10-09T21:37:38.501+0300: 41.336: Total time for which application threads were stopped: 0.0330187 seconds, Stopping threads took: 0.0001344 seconds
2024-10-09T21:37:38.674+0300: 41.501: Application time: 0.1655846 seconds
2024-10-09T21:37:38.674+0300: 41.502: [GC (Allocation Failure) 2024-10-09T21:37:38.674+0300: 41.502: [ParNew: 460096K->51072K(460096K), 0.0331252 secs] 4036789K->3638993K(8337536K), 0.0332156 secs] [Times: user=0.14 sys=0.00, real=0.03 secs] 
2024-10-09T21:37:38.705+0300: 41.535: Total time for which application threads were stopped: 0.0334650 seconds, Stopping threads took: 0.0001200 seconds
2024-10-09T21:37:38.862+0300: 41.694: Application time: 0.1591311 seconds
2024-10-09T21:37:38.862+0300: 41.694: [GC (Allocation Failure) 2024-10-09T21:37:38.862+0300: 41.694: [ParNew: 460096K->51072K(460096K), 0.0331999 secs] 4048017K->3657067K(8337536K), 0.0332938 secs] [Times: user=0.03 sys=0.00, real=0.03 secs] 
2024-10-09T21:37:38.894+0300: 41.728: Total time for which application threads were stopped: 0.0335406 seconds, Stopping threads took: 0.0001286 seconds
2024-10-09T21:37:39.066+0300: 41.893: Application time: 0.1651750 seconds
2024-10-09T21:37:39.066+0300: 41.893: [GC (Allocation Failure) 2024-10-09T21:37:39.066+0300: 41.893: [ParNew: 460096K->51072K(460096K), 0.0368053 secs] 4066091K->3682537K(8337536K), 0.0368983 secs] [Times: user=0.01 sys=0.00, real=0.03 secs] 
2024-10-09T21:37:39.098+0300: 41.930: Total time for which application threads were stopped: 0.0371386 seconds, Stopping threads took: 0.0001228 seconds
2024-10-09T21:37:39.254+0300: 42.092: Application time: 0.1622028 seconds
2024-10-09T21:37:39.254+0300: 42.092: [GC (Allocation Failure) 2024-10-09T21:37:39.254+0300: 42.092: [ParNew: 460096K->50248K(460096K), 0.0307575 secs] 4091561K->3693261K(8337536K), 0.0308438 secs] [Times: user=0.03 sys=0.00, real=0.03 secs] 
2024-10-09T21:37:39.286+0300: 42.123: Total time for which application threads were stopped: 0.0311242 seconds, Stopping threads took: 0.0001659 seconds
2024-10-09T21:37:39.459+0300: 42.285: Application time: 0.1621340 seconds
2024-10-09T21:37:39.459+0300: 42.286: [GC (Allocation Failure) 2024-10-09T21:37:39.459+0300: 42.286: [ParNew: 459272K->51072K(460096K), 0.0334783 secs] 4102285K->3712523K(8337536K), 0.0335669 secs] [Times: user=0.03 sys=0.00, real=0.03 secs] 
2024-10-09T21:37:39.490+0300: 42.319: Total time for which application threads were stopped: 0.0338237 seconds, Stopping threads took: 0.0001401 seconds
2024-10-09T21:37:39.647+0300: 42.476: Application time: 0.1569279 seconds
2024-10-09T21:37:39.647+0300: 42.476: [GC (Allocation Failure) 2024-10-09T21:37:39.647+0300: 42.476: [ParNew: 460096K->51072K(460096K), 0.0379168 secs] 4121547K->3735057K(8337536K), 0.0380128 secs] [Times: user=0.09 sys=0.03, real=0.03 secs] 
2024-10-09T21:37:39.678+0300: 42.514: Total time for which application threads were stopped: 0.0382458 seconds, Stopping threads took: 0.0001102 seconds
2024-10-09T21:37:39.850+0300: 42.680: Application time: 0.1655384 seconds
2024-10-09T21:37:39.850+0300: 42.680: [GC (Allocation Failure) 2024-10-09T21:37:39.850+0300: 42.680: [ParNew: 460096K->51072K(460096K), 0.0322454 secs] 4144081K->3752149K(8337536K), 0.0323356 secs] [Times: user=0.03 sys=0.00, real=0.03 secs] 
2024-10-09T21:37:39.882+0300: 42.712: Total time for which application threads were stopped: 0.0325952 seconds, Stopping threads took: 0.0001464 seconds
2024-10-09T21:37:40.039+0300: 42.874: Application time: 0.1611109 seconds
2024-10-09T21:37:40.039+0300: 42.874: [GC (Allocation Failure) 2024-10-09T21:37:40.039+0300: 42.874: [ParNew: 460096K->46902K(460096K), 0.0317740 secs] 4161173K->3762991K(8337536K), 0.0318558 secs] [Times: user=0.03 sys=0.00, real=0.04 secs] 
2024-10-09T21:37:40.079+0300: 42.906: Total time for which application threads were stopped: 0.0321095 seconds, Stopping threads took: 0.0001434 seconds
2024-10-09T21:37:40.242+0300: 43.069: Application time: 0.1636345 seconds
2024-10-09T21:37:40.242+0300: 43.070: [GC (Allocation Failure) 2024-10-09T21:37:40.242+0300: 43.070: [ParNew: 455926K->51072K(460096K), 0.0281229 secs] 4172015K->3774693K(8337536K), 0.0282049 secs] [Times: user=0.01 sys=0.00, real=0.02 secs] 
2024-10-09T21:37:40.258+0300: 43.098: Total time for which application threads were stopped: 0.0284723 seconds, Stopping threads took: 0.0001552 seconds
2024-10-09T21:37:40.431+0300: 43.258: Application time: 0.1600715 seconds
2024-10-09T21:37:40.431+0300: 43.258: [GC (Allocation Failure) 2024-10-09T21:37:40.431+0300: 43.258: [ParNew: 460096K->51072K(460096K), 0.0356645 secs] 4183717K->3795906K(8337536K), 0.0357503 secs] [Times: user=0.03 sys=0.00, real=0.04 secs] 
2024-10-09T21:37:40.467+0300: 43.294: Total time for which application threads were stopped: 0.0360048 seconds, Stopping threads took: 0.0001261 seconds
2024-10-09T21:37:40.620+0300: 43.456: Application time: 0.1626352 seconds
2024-10-09T21:37:40.620+0300: 43.457: [GC (Allocation Failure) 2024-10-09T21:37:40.620+0300: 43.457: [ParNew: 460096K->51072K(460096K), 0.0352914 secs] 4204930K->3813424K(8337536K), 0.0353822 secs] [Times: user=0.03 sys=0.00, real=0.03 secs] 
2024-10-09T21:37:40.651+0300: 43.492: Total time for which application threads were stopped: 0.0356479 seconds, Stopping threads took: 0.0001403 seconds
2024-10-09T21:37:40.824+0300: 43.665: Application time: 0.1727340 seconds
2024-10-09T21:37:40.824+0300: 43.665: [GC (Allocation Failure) 2024-10-09T21:37:40.839+0300: 43.665: [ParNew: 460096K->51072K(460096K), 0.0352942 secs] 4222448K->3832179K(8337536K), 0.0354339 secs] [Times: user=0.03 sys=0.02, real=0.05 secs] 
2024-10-09T21:37:40.871+0300: 43.701: Total time for which application threads were stopped: 0.0357034 seconds, Stopping threads took: 0.0001505 seconds
2024-10-09T21:37:41.028+0300: 43.860: Application time: 0.1589314 seconds
2024-10-09T21:37:41.028+0300: 43.860: [GC (Allocation Failure) 2024-10-09T21:37:41.028+0300: 43.860: [ParNew: 460096K->51072K(460096K), 0.0371960 secs] 4241203K->3857023K(8337536K), 0.0372789 secs] [Times: user=0.03 sys=0.00, real=0.03 secs] 
2024-10-09T21:37:41.059+0300: 43.897: Total time for which application threads were stopped: 0.0375345 seconds, Stopping threads took: 0.0001392 seconds
2024-10-09T21:37:41.216+0300: 44.057: Application time: 0.1598699 seconds
2024-10-09T21:37:41.216+0300: 44.057: [GC (Allocation Failure) 2024-10-09T21:37:41.216+0300: 44.057: [ParNew: 460096K->51072K(460096K), 0.0323169 secs] 4266047K->3870833K(8337536K), 0.0323992 secs] [Times: user=0.05 sys=0.00, real=0.05 secs] 
2024-10-09T21:37:41.263+0300: 44.090: Total time for which application threads were stopped: 0.0326846 seconds, Stopping threads took: 0.0001695 seconds
2024-10-09T21:37:41.420+0300: 44.256: Application time: 0.1664579 seconds
2024-10-09T21:37:41.420+0300: 44.256: [GC (Allocation Failure) 2024-10-09T21:37:41.420+0300: 44.256: [ParNew: 460096K->51072K(460096K), 0.0381827 secs] 4279857K->3895078K(8337536K), 0.0382650 secs] [Times: user=0.05 sys=0.00, real=0.05 secs] 
2024-10-09T21:37:41.469+0300: 44.295: Total time for which application threads were stopped: 0.0385174 seconds, Stopping threads took: 0.0001369 seconds
2024-10-09T21:37:41.609+0300: 44.449: Application time: 0.1542892 seconds
2024-10-09T21:37:41.609+0300: 44.449: [GC (Allocation Failure) 2024-10-09T21:37:41.609+0300: 44.449: [ParNew: 460096K->50247K(460096K), 0.0374084 secs] 4304102K->3917915K(8337536K), 0.0374893 secs] [Times: user=0.05 sys=0.00, real=0.05 secs] 
2024-10-09T21:37:41.656+0300: 44.487: Total time for which application threads were stopped: 0.0378215 seconds, Stopping threads took: 0.0002146 seconds
2024-10-09T21:37:41.829+0300: 44.656: Application time: 0.1690850 seconds
2024-10-09T21:37:41.829+0300: 44.656: [GC (Allocation Failure) 2024-10-09T21:37:41.829+0300: 44.656: [ParNew: 459271K->51072K(460096K), 0.0316888 secs] 4326939K->3933428K(8337536K), 0.0317777 secs] [Times: user=0.02 sys=0.00, real=0.03 secs] 
2024-10-09T21:37:41.860+0300: 44.688: Total time for which application threads were stopped: 0.0320423 seconds, Stopping threads took: 0.0001425 seconds
2024-10-09T21:37:42.017+0300: 44.858: Application time: 0.1700223 seconds
2024-10-09T21:37:42.017+0300: 44.858: [GC (Allocation Failure) 2024-10-09T21:37:42.017+0300: 44.858: [ParNew: 460096K->48264K(460096K), 0.0360080 secs] 4342452K->3950596K(8337536K), 0.0360969 secs] [Times: user=0.05 sys=0.00, real=0.05 secs] 
2024-10-09T21:37:42.064+0300: 44.894: Total time for which application threads were stopped: 0.0363621 seconds, Stopping threads took: 0.0001360 seconds
2024-10-09T21:37:42.205+0300: 45.044: Application time: 0.1497651 seconds
2024-10-09T21:37:42.205+0300: 45.044: [GC (Allocation Failure) 2024-10-09T21:37:42.205+0300: 45.044: [ParNew: 457288K->51072K(460096K), 0.0340713 secs] 4359620K->3974614K(8337536K), 0.0341619 secs] [Times: user=0.05 sys=0.00, real=0.05 secs] 
2024-10-09T21:37:42.252+0300: 45.078: Total time for which application threads were stopped: 0.0344214 seconds, Stopping threads took: 0.0001465 seconds
2024-10-09T21:37:42.410+0300: 45.246: Application time: 0.1674730 seconds
2024-10-09T21:37:42.410+0300: 45.246: [GC (Allocation Failure) 2024-10-09T21:37:42.410+0300: 45.246: [ParNew: 460096K->51072K(460096K), 0.0317620 secs] 4383638K->3989186K(8337536K), 0.0318501 secs] [Times: user=0.03 sys=0.00, real=0.03 secs] 
2024-10-09T21:37:42.441+0300: 45.278: Total time for which application threads were stopped: 0.0321409 seconds, Stopping threads took: 0.0001752 seconds
2024-10-09T21:37:42.614+0300: 45.442: Application time: 0.1640045 seconds
2024-10-09T21:37:42.614+0300: 45.442: [GC (Allocation Failure) 2024-10-09T21:37:42.614+0300: 45.442: [ParNew: 460096K->51072K(460096K), 0.0328107 secs] 4398210K->4003551K(8337536K), 0.0328949 secs] [Times: user=0.05 sys=0.00, real=0.03 secs] 
2024-10-09T21:37:42.645+0300: 45.475: Total time for which application threads were stopped: 0.0331613 seconds, Stopping threads took: 0.0001465 seconds
2024-10-09T21:37:42.645+0300: 45.475: Application time: 0.0000881 seconds
2024-10-09T21:37:42.645+0300: 45.475: [GC (CMS Initial Mark) [1 CMS-initial-mark: 3952479K(7877440K)] 4007640K(8337536K), 0.0050374 secs] [Times: user=0.00 sys=0.00, real=0.00 secs] 
2024-10-09T21:37:42.645+0300: 45.481: Total time for which application threads were stopped: 0.0052599 seconds, Stopping threads took: 0.0001035 seconds
2024-10-09T21:37:42.645+0300: 45.481: [CMS-concurrent-mark-start]
2024-10-09T21:37:42.661+0300: 45.494: [CMS-concurrent-mark: 0.013/0.013 secs] [Times: user=0.00 sys=0.00, real=0.02 secs] 
2024-10-09T21:37:42.661+0300: 45.494: [CMS-concurrent-preclean-start]
2024-10-09T21:37:42.661+0300: 45.501: [CMS-concurrent-preclean: 0.008/0.008 secs] [Times: user=0.00 sys=0.00, real=0.00 secs] 
2024-10-09T21:37:42.661+0300: 45.501: [CMS-concurrent-abortable-preclean-start]
2024-10-09T21:37:42.833+0300: 45.665: Application time: 0.1847596 seconds
2024-10-09T21:37:42.833+0300: 45.666: [GC (Allocation Failure) 2024-10-09T21:37:42.833+0300: 45.666: [ParNew: 460096K->51072K(460096K), 0.0343667 secs] 4412575K->4026238K(8337536K), 0.0344593 secs] [Times: user=0.03 sys=0.00, real=0.03 secs] 
2024-10-09T21:37:42.865+0300: 45.700: Total time for which application threads were stopped: 0.0347220 seconds, Stopping threads took: 0.0001489 seconds
2024-10-09T21:37:42.896+0300: 45.722: [CMS-concurrent-abortable-preclean: 0.185/0.221 secs] [Times: user=1.08 sys=0.00, real=0.23 secs] 
2024-10-09T21:37:42.912+0300: 45.738: Application time: 0.0380074 seconds
2024-10-09T21:37:42.912+0300: 45.738: [GC (CMS Final Remark) [YG occupancy: 132037 K (460096 K)]2024-10-09T21:37:42.912+0300: 45.738: [Rescan (parallel) , 0.0131321 secs]2024-10-09T21:37:42.912+0300: 45.752: [weak refs processing, 0.0000198 secs]2024-10-09T21:37:42.912+0300: 45.752: [class unloading, 0.0021900 secs]2024-10-09T21:37:42.928+0300: 45.754: [scrub symbol table, 0.0007469 secs]2024-10-09T21:37:42.928+0300: 45.754: [scrub string table, 0.0002021 secs][1 CMS-remark: 3975166K(7877440K)] 4107204K(8337536K), 0.0163963 secs] [Times: user=0.00 sys=0.00, real=0.02 secs] 
2024-10-09T21:37:42.928+0300: 45.755: Total time for which application threads were stopped: 0.0166583 seconds, Stopping threads took: 0.0001724 seconds
2024-10-09T21:37:42.928+0300: 45.755: [CMS-concurrent-sweep-start]
2024-10-09T21:37:43.069+0300: 45.905: Application time: 0.1502680 seconds
2024-10-09T21:37:43.069+0300: 45.905: [GC (Allocation Failure) 2024-10-09T21:37:43.069+0300: 45.905: [ParNew: 460096K->45640K(460096K), 0.0309956 secs] 4206403K->3806769K(8337536K), 0.0310935 secs] [Times: user=0.03 sys=0.00, real=0.03 secs] 
2024-10-09T21:37:43.100+0300: 45.936: Total time for which application threads were stopped: 0.0313494 seconds, Stopping threads took: 0.0001261 seconds
2024-10-09T21:37:43.304+0300: 46.135: Application time: 0.1989244 seconds
2024-10-09T21:37:43.304+0300: 46.136: [GC (Allocation Failure) 2024-10-09T21:37:43.304+0300: 46.136: [ParNew: 454664K->51072K(460096K), 0.0306257 secs] 3963755K->3576074K(8337536K), 0.0307368 secs] [Times: user=0.03 sys=0.00, real=0.03 secs] 
2024-10-09T21:37:43.336+0300: 46.166: Total time for which application threads were stopped: 0.0310584 seconds, Stopping threads took: 0.0001138 seconds
2024-10-09T21:37:43.524+0300: 46.350: Application time: 0.1838701 seconds
2024-10-09T21:37:43.524+0300: 46.350: [GC (Allocation Failure) 2024-10-09T21:37:43.524+0300: 46.350: [ParNew: 460096K->51072K(460096K), 0.0359021 secs] 3774457K->3394366K(8337536K), 0.0359916 secs] [Times: user=0.02 sys=0.00, real=0.03 secs] 
2024-10-09T21:37:43.555+0300: 46.386: Total time for which application threads were stopped: 0.0362303 seconds, Stopping threads took: 0.0001164 seconds
2024-10-09T21:37:43.759+0300: 46.596: Application time: 0.2099994 seconds
2024-10-09T21:37:43.759+0300: 46.597: [GC (Allocation Failure) 2024-10-09T21:37:43.759+0300: 46.597: [ParNew: 460096K->51072K(460096K), 0.0305852 secs] 3563741K->3168489K(8337536K), 0.0306848 secs] [Times: user=0.09 sys=0.00, real=0.03 secs] 
2024-10-09T21:37:43.791+0300: 46.628: Total time for which application threads were stopped: 0.0310601 seconds, Stopping threads took: 0.0002038 seconds
2024-10-09T21:37:43.984+0300: 46.815: Application time: 0.1875876 seconds
2024-10-09T21:37:43.984+0300: 46.815: [GC (Allocation Failure) 2024-10-09T21:37:43.984+0300: 46.815: [ParNew: 460096K->51072K(460096K), 0.0345876 secs] 3369325K->2978575K(8337536K), 0.0346751 secs] [Times: user=0.03 sys=0.00, real=0.03 secs] 
2024-10-09T21:37:44.011+0300: 46.850: Total time for which application threads were stopped: 0.0349401 seconds, Stopping threads took: 0.0001470 seconds
2024-10-09T21:37:44.199+0300: 47.029: Application time: 0.1793941 seconds
2024-10-09T21:37:44.199+0300: 47.030: [GC (Allocation Failure) 2024-10-09T21:37:44.199+0300: 47.030: [ParNew: 460096K->51072K(460096K), 0.0330482 secs] 3165614K->2787965K(8337536K), 0.0331297 secs] [Times: user=0.03 sys=0.00, real=0.03 secs] 
2024-10-09T21:37:44.230+0300: 47.063: Total time for which application threads were stopped: 0.0334335 seconds, Stopping threads took: 0.0001869 seconds
2024-10-09T21:37:44.434+0300: 47.261: Application time: 0.1977432 seconds
2024-10-09T21:37:44.434+0300: 47.261: [GC (Allocation Failure) 2024-10-09T21:37:44.434+0300: 47.261: [ParNew: 460096K->51072K(460096K), 0.0266007 secs] 2974319K->2567462K(8337536K), 0.0266746 secs] [Times: user=0.01 sys=0.00, real=0.02 secs] 
2024-10-09T21:37:44.450+0300: 47.288: Total time for which application threads were stopped: 0.0269047 seconds, Stopping threads took: 0.0001202 seconds
2024-10-09T21:37:44.654+0300: 47.482: Application time: 0.1941680 seconds
2024-10-09T21:37:44.654+0300: 47.482: [GC (Allocation Failure) 2024-10-09T21:37:44.654+0300: 47.482: [ParNew: 460096K->51072K(460096K), 0.0318498 secs] 2744785K->2352494K(8337536K), 0.0319541 secs] [Times: user=0.19 sys=0.00, real=0.03 secs] 
2024-10-09T21:37:44.686+0300: 47.514: Total time for which application threads were stopped: 0.0322586 seconds, Stopping threads took: 0.0001400 seconds
2024-10-09T21:37:44.874+0300: 47.704: Application time: 0.1901797 seconds
2024-10-09T21:37:44.874+0300: 47.704: [GC (Allocation Failure) 2024-10-09T21:37:44.874+0300: 47.704: [ParNew: 460096K->46580K(460096K), 0.0297782 secs] 2540529K->2144156K(8337536K), 0.0298781 secs] [Times: user=0.05 sys=0.00, real=0.03 secs] 
2024-10-09T21:37:44.906+0300: 47.734: Total time for which application threads were stopped: 0.0301748 seconds, Stopping threads took: 0.0001569 seconds
2024-10-09T21:37:45.100+0300: 47.926: Application time: 0.1917196 seconds
2024-10-09T21:37:45.100+0300: 47.926: [GC (Allocation Failure) 2024-10-09T21:37:45.100+0300: 47.926: [ParNew: 455604K->51072K(460096K), 0.0285240 secs] 2328696K->1935105K(8337536K), 0.0286116 secs] [Times: user=0.03 sys=0.00, real=0.03 secs] 
2024-10-09T21:37:45.125+0300: 47.955: Total time for which application threads were stopped: 0.0288559 seconds, Stopping threads took: 0.0001161 seconds
2024-10-09T21:37:45.313+0300: 48.145: Application time: 0.1905046 seconds
2024-10-09T21:37:45.313+0300: 48.146: [GC (Allocation Failure) 2024-10-09T21:37:45.313+0300: 48.146: [ParNew: 460096K->51072K(460096K), 0.0323428 secs] 2122410K->1735229K(8337536K), 0.0324493 secs] [Times: user=0.03 sys=0.00, real=0.03 secs] 
2024-10-09T21:37:45.345+0300: 48.178: Total time for which application threads were stopped: 0.0328120 seconds, Stopping threads took: 0.0002154 seconds
2024-10-09T21:37:45.533+0300: 48.361: Application time: 0.1831983 seconds
2024-10-09T21:37:45.533+0300: 48.362: [GC (Allocation Failure) 2024-10-09T21:37:45.533+0300: 48.362: [ParNew: 460096K->48389K(460096K), 0.0279732 secs] 1936820K->1541018K(8337536K), 0.0280634 secs] [Times: user=0.02 sys=0.00, real=0.02 secs] 
2024-10-09T21:37:45.549+0300: 48.390: Total time for which application threads were stopped: 0.0282875 seconds, Stopping threads took: 0.0001128 seconds
2024-10-09T21:37:45.768+0300: 48.597: Application time: 0.2073825 seconds
2024-10-09T21:37:45.768+0300: 48.597: [GC (Allocation Failure) 2024-10-09T21:37:45.768+0300: 48.597: [ParNew: 457413K->51072K(460096K), 0.0287762 secs] 1708325K->1312933K(8337536K), 0.0288598 secs] [Times: user=0.03 sys=0.00, real=0.03 secs] 
2024-10-09T21:37:45.800+0300: 48.626: Total time for which application threads were stopped: 0.0291466 seconds, Stopping threads took: 0.0001562 seconds
2024-10-09T21:37:45.973+0300: 48.810: Application time: 0.1836110 seconds
2024-10-09T21:37:45.973+0300: 48.810: [GC (Allocation Failure) 2024-10-09T21:37:45.973+0300: 48.810: [ParNew: 460096K->48054K(460096K), 0.0374106 secs] 1505055K->1124660K(8337536K), 0.0374973 secs] [Times: user=0.05 sys=0.00, real=0.05 secs] 
2024-10-09T21:37:46.020+0300: 48.848: Total time for which application threads were stopped: 0.0377427 seconds, Stopping threads took: 0.0001289 seconds
2024-10-09T21:37:46.209+0300: 49.035: Application time: 0.1869235 seconds
2024-10-09T21:37:46.209+0300: 49.035: [GC (Allocation Failure) 2024-10-09T21:37:46.209+0300: 49.035: [ParNew: 457078K->49123K(460096K), 0.0322103 secs] 1328243K->942512K(8337536K), 0.0322943 secs] [Times: user=0.03 sys=0.00, real=0.03 secs] 
2024-10-09T21:37:46.240+0300: 49.067: Total time for which application threads were stopped: 0.0325591 seconds, Stopping threads took: 0.0001381 seconds
2024-10-09T21:37:46.428+0300: 49.254: Application time: 0.1869892 seconds
2024-10-09T21:37:46.428+0300: 49.254: [GC (Allocation Failure) 2024-10-09T21:37:46.428+0300: 49.254: [ParNew: 458147K->51072K(460096K), 0.0380224 secs] 1123071K->729466K(8337536K), 0.0381028 secs] [Times: user=0.05 sys=0.00, real=0.04 secs] 
2024-10-09T21:37:46.466+0300: 49.293: Total time for which application threads were stopped: 0.0384818 seconds, Stopping threads took: 0.0002543 seconds
2024-10-09T21:37:46.664+0300: 49.493: Application time: 0.2006438 seconds
2024-10-09T21:37:46.664+0300: 49.493: [GC (Allocation Failure) 2024-10-09T21:37:46.664+0300: 49.494: [ParNew: 460096K->51072K(460096K), 0.0356712 secs] 891774K->502673K(8337536K), 0.0357740 secs] [Times: user=0.09 sys=0.00, real=0.03 secs] 
2024-10-09T21:37:46.695+0300: 49.529: Total time for which application threads were stopped: 0.0360689 seconds, Stopping threads took: 0.0001507 seconds
2024-10-09T21:37:46.773+0300: 49.613: [CMS-concurrent-sweep: 3.306/3.859 secs] [Times: user=19.59 sys=0.00, real=3.85 secs] 
2024-10-09T21:37:46.773+0300: 49.613: [CMS-concurrent-reset-start]
2024-10-09T21:37:46.791+0300: 49.630: [CMS-concurrent-reset: 0.016/0.016 secs] [Times: user=0.19 sys=0.00, real=0.02 secs] 
2024-10-09T21:37:46.868+0300: 49.708: Application time: 0.1786842 seconds
2024-10-09T21:37:46.868+0300: 49.708: [GC (Allocation Failure) 2024-10-09T21:37:46.868+0300: 49.708: [ParNew: 460096K->51072K(460096K), 0.0289499 secs] 812384K->413726K(8337536K), 0.0290357 secs] [Times: user=0.03 sys=0.00, real=0.03 secs] 
2024-10-09T21:37:46.899+0300: 49.737: Total time for which application threads were stopped: 0.0293274 seconds, Stopping threads took: 0.0001678 seconds
2024-10-09T21:37:47.056+0300: 49.888: Application time: 0.1511229 seconds
2024-10-09T21:37:47.056+0300: 49.889: [GC (Allocation Failure) 2024-10-09T21:37:47.056+0300: 49.889: [ParNew: 460096K->41108K(460096K), 0.0325344 secs] 822750K->433281K(8337536K), 0.0326189 secs] [Times: user=0.03 sys=0.00, real=0.04 secs] 
2024-10-09T21:37:47.092+0300: 49.921: Total time for which application threads were stopped: 0.0328681 seconds, Stopping threads took: 0.0001373 seconds
2024-10-09T21:37:47.260+0300: 50.097: Application time: 0.1759998 seconds
2024-10-09T21:37:47.260+0300: 50.097: [GC (Allocation Failure) 2024-10-09T21:37:47.260+0300: 50.098: [ParNew: 450132K->51072K(460096K), 0.0272867 secs] 842305K->446330K(8337536K), 0.0273676 secs] [Times: user=0.03 sys=0.00, real=0.03 secs] 
2024-10-09T21:37:47.292+0300: 50.125: Total time for which application threads were stopped: 0.0276014 seconds, Stopping threads took: 0.0001188 seconds
2024-10-09T21:37:47.448+0300: 50.277: Application time: 0.1525071 seconds
2024-10-09T21:37:47.448+0300: 50.278: [GC (Allocation Failure) 2024-10-09T21:37:47.448+0300: 50.278: [ParNew: 460096K->51072K(460096K), 0.0355211 secs] 855354K->470022K(8337536K), 0.0356137 secs] [Times: user=0.03 sys=0.00, real=0.03 secs] 
2024-10-09T21:37:47.480+0300: 50.313: Total time for which application threads were stopped: 0.0359290 seconds, Stopping threads took: 0.0001944 seconds
2024-10-09T21:37:47.637+0300: 50.469: Application time: 0.1559186 seconds
2024-10-09T21:37:47.637+0300: 50.470: [GC (Allocation Failure) 2024-10-09T21:37:47.637+0300: 50.470: [ParNew: 460096K->41803K(460096K), 0.0367369 secs] 879046K->492545K(8337536K), 0.0368300 secs] [Times: user=0.09 sys=0.00, real=0.03 secs] 
2024-10-09T21:37:47.668+0300: 50.506: Total time for which application threads were stopped: 0.0371754 seconds, Stopping threads took: 0.0002088 seconds
2024-10-09T21:37:47.857+0300: 50.685: Application time: 0.1782431 seconds
2024-10-09T21:37:47.857+0300: 50.685: [GC (Allocation Failure) 2024-10-09T21:37:47.857+0300: 50.685: [ParNew: 450827K->51072K(460096K), 0.0294528 secs] 901569K->506964K(8337536K), 0.0295331 secs] [Times: user=0.03 sys=0.00, real=0.03 secs] 
2024-10-09T21:37:47.888+0300: 50.714: Total time for which application threads were stopped: 0.0297687 seconds, Stopping threads took: 0.0001149 seconds
2024-10-09T21:37:48.045+0300: 50.872: Application time: 0.1579827 seconds
2024-10-09T21:37:48.045+0300: 50.873: [GC (Allocation Failure) 2024-10-09T21:37:48.045+0300: 50.873: [ParNew: 460096K->51072K(460096K), 0.0355152 secs] 915988K->527457K(8337536K), 0.0356028 secs] [Times: user=0.03 sys=0.00, real=0.03 secs] 
2024-10-09T21:37:48.076+0300: 50.908: Total time for which application threads were stopped: 0.0358589 seconds, Stopping threads took: 0.0001406 seconds
2024-10-09T21:37:48.234+0300: 51.063: Application time: 0.1545547 seconds
2024-10-09T21:37:48.234+0300: 51.063: [GC (Allocation Failure) 2024-10-09T21:37:48.234+0300: 51.063: [ParNew: 460096K->43809K(460096K), 0.0347175 secs] 936481K->553472K(8337536K), 0.0348082 secs] [Times: user=0.03 sys=0.00, real=0.03 secs] 
2024-10-09T21:37:48.265+0300: 51.098: Total time for which application threads were stopped: 0.0350439 seconds, Stopping threads took: 0.0001225 seconds
2024-10-09T21:37:48.438+0300: 51.266: Application time: 0.1680309 seconds
2024-10-09T21:37:48.438+0300: 51.266: [GC (Allocation Failure) 2024-10-09T21:37:48.438+0300: 51.266: [ParNew: 452833K->51072K(460096K), 0.0254598 secs] 962496K->563455K(8337536K), 0.0255461 secs] [Times: user=0.02 sys=0.00, real=0.02 secs] 
2024-10-09T21:37:48.454+0300: 51.292: Total time for which application threads were stopped: 0.0258137 seconds, Stopping threads took: 0.0001439 seconds
2024-10-09T21:37:48.626+0300: 51.454: Application time: 0.1618729 seconds
2024-10-09T21:37:48.626+0300: 51.454: [GC (Allocation Failure) 2024-10-09T21:37:48.626+0300: 51.454: [ParNew: 460096K->51072K(460096K), 0.0341958 secs] 972479K->582420K(8337536K), 0.0343078 secs] [Times: user=0.09 sys=0.00, real=0.03 secs] 
2024-10-09T21:37:48.658+0300: 51.488: Total time for which application threads were stopped: 0.0345817 seconds, Stopping threads took: 0.0001406 seconds
2024-10-09T21:37:48.815+0300: 51.647: Application time: 0.1587980 seconds
2024-10-09T21:37:48.815+0300: 51.647: [GC (Allocation Failure) 2024-10-09T21:37:48.815+0300: 51.647: [ParNew: 460096K->49217K(460096K), 0.0358441 secs] 991444K->614595K(8337536K), 0.0359358 secs] [Times: user=0.03 sys=0.00, real=0.04 secs] 
2024-10-09T21:37:48.857+0300: 51.683: Total time for which application threads were stopped: 0.0361865 seconds, Stopping threads took: 0.0001352 seconds
2024-10-09T21:37:49.019+0300: 51.856: Application time: 0.1731028 seconds
2024-10-09T21:37:49.019+0300: 51.857: [GC (Allocation Failure) 2024-10-09T21:37:49.019+0300: 51.857: [ParNew: 458241K->51072K(460096K), 0.0264264 secs] 1023619K->619808K(8337536K), 0.0265193 secs] [Times: user=0.03 sys=0.00, real=0.03 secs] 
2024-10-09T21:37:49.050+0300: 51.883: Total time for which application threads were stopped: 0.0267840 seconds, Stopping threads took: 0.0001472 seconds
2024-10-09T21:37:49.211+0300: 52.037: Application time: 0.1541894 seconds
2024-10-09T21:37:49.211+0300: 52.037: [GC (Allocation Failure) 2024-10-09T21:37:49.211+0300: 52.038: [ParNew: 460096K->51072K(460096K), 0.0338676 secs] 1028832K->640708K(8337536K), 0.0339543 secs] [Times: user=0.03 sys=0.00, real=0.03 secs] 
2024-10-09T21:37:49.238+0300: 52.071: Total time for which application threads were stopped: 0.0341828 seconds, Stopping threads took: 0.0001142 seconds
2024-10-09T21:37:49.397+0300: 52.232: Application time: 0.1606235 seconds
2024-10-09T21:37:49.397+0300: 52.232: [GC (Allocation Failure) 2024-10-09T21:37:49.397+0300: 52.232: [ParNew: 460096K->46819K(460096K), 0.0321279 secs] 1049732K->662295K(8337536K), 0.0322140 secs] [Times: user=0.03 sys=0.00, real=0.03 secs] 
2024-10-09T21:37:49.427+0300: 52.265: Total time for which application threads were stopped: 0.0324493 seconds, Stopping threads took: 0.0001190 seconds
2024-10-09T21:37:49.599+0300: 52.432: Application time: 0.1679384 seconds
2024-10-09T21:37:49.599+0300: 52.433: [GC (Allocation Failure) 2024-10-09T21:37:49.599+0300: 52.433: [ParNew: 455843K->51072K(460096K), 0.0275300 secs] 1071319K->673579K(8337536K), 0.0276211 secs] [Times: user=0.05 sys=0.00, real=0.03 secs] 
2024-10-09T21:37:49.631+0300: 52.460: Total time for which application threads were stopped: 0.0279014 seconds, Stopping threads took: 0.0001538 seconds
2024-10-09T21:37:49.787+0300: 52.622: Application time: 0.1613787 seconds
2024-10-09T21:37:49.787+0300: 52.622: [GC (Allocation Failure) 2024-10-09T21:37:49.787+0300: 52.622: [ParNew: 460096K->51072K(460096K), 0.0354663 secs] 1082603K->697792K(8337536K), 0.0355585 secs] [Times: user=0.06 sys=0.00, real=0.03 secs] 
2024-10-09T21:37:49.819+0300: 52.658: Total time for which application threads were stopped: 0.0358749 seconds, Stopping threads took: 0.0001886 seconds
2024-10-09T21:37:49.998+0300: 52.825: Application time: 0.1676475 seconds
2024-10-09T21:37:49.998+0300: 52.825: [GC (Allocation Failure) 2024-10-09T21:37:49.998+0300: 52.826: [ParNew: 460096K->45495K(460096K), 0.0292696 secs] 1106816K->711234K(8337536K), 0.0293579 secs] [Times: user=0.02 sys=0.00, real=0.03 secs] 
2024-10-09T21:37:50.023+0300: 52.855: Total time for which application threads were stopped: 0.0295951 seconds, Stopping threads took: 0.0001268 seconds
2024-10-09T21:37:50.198+0300: 53.028: Application time: 0.1729863 seconds
2024-10-09T21:37:50.198+0300: 53.028: [GC (Allocation Failure) 2024-10-09T21:37:50.198+0300: 53.028: [ParNew: 454519K->51072K(460096K), 0.0311733 secs] 1120258K->732540K(8337536K), 0.0312695 secs] [Times: user=0.03 sys=0.00, real=0.03 secs] 
2024-10-09T21:37:50.227+0300: 53.059: Total time for which application threads were stopped: 0.0315399 seconds, Stopping threads took: 0.0001461 seconds
2024-10-09T21:37:50.384+0300: 53.214: Application time: 0.1548637 seconds
2024-10-09T21:37:50.384+0300: 53.215: [GC (Allocation Failure) 2024-10-09T21:37:50.384+0300: 53.215: [ParNew: 460096K->51072K(460096K), 0.0318030 secs] 1141564K->750676K(8337536K), 0.0318921 secs] [Times: user=0.03 sys=0.00, real=0.03 secs] 
2024-10-09T21:37:50.415+0300: 53.246: Total time for which application threads were stopped: 0.0321491 seconds, Stopping threads took: 0.0001456 seconds
2024-10-09T21:37:50.575+0300: 53.408: Application time: 0.1611121 seconds
2024-10-09T21:37:50.575+0300: 53.408: [GC (Allocation Failure) 2024-10-09T21:37:50.575+0300: 53.408: [ParNew: 460096K->51072K(460096K), 0.0306943 secs] 1159700K->772722K(8337536K), 0.0307824 secs] [Times: user=0.03 sys=0.00, real=0.03 secs] 
2024-10-09T21:37:50.604+0300: 53.439: Total time for which application threads were stopped: 0.0310438 seconds, Stopping threads took: 0.0001485 seconds
2024-10-09T21:37:50.777+0300: 53.610: Application time: 0.1716164 seconds
2024-10-09T21:37:50.777+0300: 53.610: [GC (Allocation Failure) 2024-10-09T21:37:50.777+0300: 53.611: [ParNew: 460096K->45351K(460096K), 0.0288022 secs] 1181746K->781446K(8337536K), 0.0289050 secs] [Times: user=0.03 sys=0.00, real=0.03 secs] 
2024-10-09T21:37:50.808+0300: 53.639: Total time for which application threads were stopped: 0.0292099 seconds, Stopping threads took: 0.0001734 seconds
2024-10-09T21:37:50.965+0300: 53.798: Application time: 0.1587764 seconds
2024-10-09T21:37:50.965+0300: 53.798: [GC (Allocation Failure) 2024-10-09T21:37:50.965+0300: 53.798: [ParNew: 454375K->51072K(460096K), 0.0291979 secs] 1190470K->800652K(8337536K), 0.0292835 secs] [Times: user=0.03 sys=0.00, real=0.04 secs] 
2024-10-09T21:37:51.000+0300: 53.828: Total time for which application threads were stopped: 0.0295372 seconds, Stopping threads took: 0.0001414 seconds
2024-10-09T21:37:51.154+0300: 53.992: Application time: 0.1644459 seconds
2024-10-09T21:37:51.154+0300: 53.992: [GC (Allocation Failure) 2024-10-09T21:37:51.154+0300: 53.992: [ParNew: 460096K->49744K(460096K), 0.0305511 secs] 1209676K->821013K(8337536K), 0.0306402 secs] [Times: user=0.03 sys=0.00, real=0.03 secs] 
2024-10-09T21:37:51.185+0300: 54.023: Total time for which application threads were stopped: 0.0309182 seconds, Stopping threads took: 0.0001526 seconds
2024-10-09T21:37:51.358+0300: 54.184: Application time: 0.1612854 seconds
2024-10-09T21:37:51.358+0300: 54.185: [GC (Allocation Failure) 2024-10-09T21:37:51.358+0300: 54.185: [ParNew: 458768K->51072K(460096K), 0.0289076 secs] 1230037K->837016K(8337536K), 0.0289970 secs] [Times: user=0.02 sys=0.00, real=0.02 secs] 
2024-10-09T21:37:51.374+0300: 54.214: Total time for which application threads were stopped: 0.0292576 seconds, Stopping threads took: 0.0001266 seconds
2024-10-09T21:37:51.546+0300: 54.374: Application time: 0.1598383 seconds
2024-10-09T21:37:51.546+0300: 54.374: [GC (Allocation Failure) 2024-10-09T21:37:51.546+0300: 54.374: [ParNew: 460096K->51072K(460096K), 0.0286112 secs] 1246040K->848534K(8337536K), 0.0287035 secs] [Times: user=0.02 sys=0.00, real=0.02 secs] 
2024-10-09T21:37:51.562+0300: 54.402: Total time for which application threads were stopped: 0.0289499 seconds, Stopping threads took: 0.0001219 seconds
2024-10-09T21:37:51.735+0300: 54.570: Application time: 0.1671044 seconds
2024-10-09T21:37:51.735+0300: 54.570: [GC (Allocation Failure) 2024-10-09T21:37:51.735+0300: 54.570: [ParNew: 460096K->51072K(460096K), 0.0327543 secs] 1257558K->868454K(8337536K), 0.0328493 secs] [Times: user=0.03 sys=0.00, real=0.03 secs] 
2024-10-09T21:37:51.766+0300: 54.603: Total time for which application threads were stopped: 0.0331690 seconds, Stopping threads took: 0.0001675 seconds
2024-10-09T21:37:51.934+0300: 54.762: Application time: 0.1595008 seconds
2024-10-09T21:37:51.934+0300: 54.762: [GC (Allocation Failure) 2024-10-09T21:37:51.934+0300: 54.762: [ParNew: 460096K->51072K(460096K), 0.0294880 secs] 1277478K->883973K(8337536K), 0.0295644 secs] [Times: user=0.02 sys=0.00, real=0.02 secs] 
2024-10-09T21:37:51.955+0300: 54.792: Total time for which application threads were stopped: 0.0298772 seconds, Stopping threads took: 0.0001277 seconds
2024-10-09T21:37:52.112+0300: 54.952: Application time: 0.1597516 seconds
2024-10-09T21:37:52.112+0300: 54.952: [GC (Allocation Failure) 2024-10-09T21:37:52.112+0300: 54.952: [ParNew: 460096K->51072K(460096K), 0.0309197 secs] 1292997K->904084K(8337536K), 0.0310111 secs] [Times: user=0.03 sys=0.00, real=0.03 secs] 
2024-10-09T21:37:52.143+0300: 54.983: Total time for which application threads were stopped: 0.0312544 seconds, Stopping threads took: 0.0001254 seconds
2024-10-09T21:37:52.316+0300: 55.149: Application time: 0.1661451 seconds
2024-10-09T21:37:52.316+0300: 55.149: [GC (Allocation Failure) 2024-10-09T21:37:52.316+0300: 55.150: [ParNew: 460096K->51072K(460096K), 0.0312609 secs] 1313108K->923086K(8337536K), 0.0313518 secs] [Times: user=0.03 sys=0.00, real=0.03 secs] 
2024-10-09T21:37:52.347+0300: 55.181: Total time for which application threads were stopped: 0.0316107 seconds, Stopping threads took: 0.0001431 seconds
2024-10-09T21:37:52.505+0300: 55.338: Application time: 0.1568316 seconds
2024-10-09T21:37:52.505+0300: 55.338: [GC (Allocation Failure) 2024-10-09T21:37:52.505+0300: 55.338: [ParNew: 460096K->51072K(460096K), 0.0275102 secs] 1332110K->934799K(8337536K), 0.0276010 secs] [Times: user=0.03 sys=0.00, real=0.03 secs] 
2024-10-09T21:37:52.536+0300: 55.366: Total time for which application threads were stopped: 0.0278835 seconds, Stopping threads took: 0.0001480 seconds
2024-10-09T21:37:52.709+0300: 55.535: Application time: 0.1694015 seconds
2024-10-09T21:37:52.709+0300: 55.535: [GC (Allocation Failure) 2024-10-09T21:37:52.709+0300: 55.535: [ParNew: 460096K->50438K(460096K), 0.0307691 secs] 1343823K->953600K(8337536K), 0.0308561 secs] [Times: user=0.03 sys=0.00, real=0.03 secs] 
2024-10-09T21:37:52.740+0300: 55.566: Total time for which application threads were stopped: 0.0311243 seconds, Stopping threads took: 0.0001483 seconds
2024-10-09T21:37:52.905+0300: 55.737: Application time: 0.1704128 seconds
2024-10-09T21:37:52.905+0300: 55.737: [GC (Allocation Failure) 2024-10-09T21:37:52.905+0300: 55.737: [ParNew: 459462K->51072K(460096K), 0.0302426 secs] 1362624K->970356K(8337536K), 0.0303276 secs] [Times: user=0.01 sys=0.00, real=0.02 secs] 
2024-10-09T21:37:52.928+0300: 55.767: Total time for which application threads were stopped: 0.0305933 seconds, Stopping threads took: 0.0001545 seconds
2024-10-09T21:37:53.085+0300: 55.923: Application time: 0.1560945 seconds
2024-10-09T21:37:53.085+0300: 55.924: [GC (Allocation Failure) 2024-10-09T21:37:53.085+0300: 55.924: [ParNew: 460096K->51072K(460096K), 0.0320732 secs] 1379380K->988275K(8337536K), 0.0321685 secs] [Times: user=0.08 sys=0.00, real=0.03 secs] 
2024-10-09T21:37:53.117+0300: 55.956: Total time for which application threads were stopped: 0.0324899 seconds, Stopping threads took: 0.0001822 seconds
2024-10-09T21:37:53.289+0300: 56.115: Application time: 0.1595641 seconds
2024-10-09T21:37:53.289+0300: 56.116: [GC (Allocation Failure) 2024-10-09T21:37:53.289+0300: 56.116: [ParNew: 460096K->50738K(460096K), 0.0319006 secs] 1397299K->1010071K(8337536K), 0.0319867 secs] [Times: user=0.03 sys=0.00, real=0.03 secs] 
2024-10-09T21:37:53.321+0300: 56.148: Total time for which application threads were stopped: 0.0322735 seconds, Stopping threads took: 0.0001619 seconds
2024-10-09T21:37:53.478+0300: 56.317: Application time: 0.1693156 seconds
2024-10-09T21:37:53.478+0300: 56.317: [GC (Allocation Failure) 2024-10-09T21:37:53.478+0300: 56.317: [ParNew: 459762K->51072K(460096K), 0.0302693 secs] 1419095K->1027271K(8337536K), 0.0303564 secs] [Times: user=0.03 sys=0.00, real=0.03 secs] 
2024-10-09T21:37:53.509+0300: 56.348: Total time for which application threads were stopped: 0.0305939 seconds, Stopping threads took: 0.0001189 seconds
2024-10-09T21:37:53.682+0300: 56.509: Application time: 0.1618147 seconds
2024-10-09T21:37:53.682+0300: 56.510: [GC (Allocation Failure) 2024-10-09T21:37:53.682+0300: 56.510: [ParNew: 460096K->51072K(460096K), 0.0320057 secs] 1436295K->1035102K(8337536K), 0.0321022 secs] [Times: user=0.16 sys=0.02, real=0.03 secs] 
2024-10-09T21:37:53.714+0300: 56.542: Total time for which application threads were stopped: 0.0323734 seconds, Stopping threads took: 0.0001349 seconds
2024-10-09T21:37:53.871+0300: 56.697: Application time: 0.1553001 seconds
2024-10-09T21:37:53.871+0300: 56.697: [GC (Allocation Failure) 2024-10-09T21:37:53.871+0300: 56.697: [ParNew: 460096K->51063K(460096K), 0.0330341 secs] 1444126K->1065685K(8337536K), 0.0331160 secs] [Times: user=0.03 sys=0.00, real=0.03 secs] 
2024-10-09T21:37:53.902+0300: 56.730: Total time for which application threads were stopped: 0.0333582 seconds, Stopping threads took: 0.0001271 seconds
2024-10-09T21:37:54.075+0300: 56.906: Application time: 0.1759399 seconds
2024-10-09T21:37:54.075+0300: 56.906: [GC (Allocation Failure) 2024-10-09T21:37:54.075+0300: 56.907: [ParNew: 460087K->51072K(460096K), 0.0269575 secs] 1474709K->1070650K(8337536K), 0.0270393 secs] [Times: user=0.03 sys=0.00, real=0.03 secs] 
2024-10-09T21:37:54.107+0300: 56.934: Total time for which application threads were stopped: 0.0272561 seconds, Stopping threads took: 0.0001059 seconds
2024-10-09T21:37:54.264+0300: 57.097: Application time: 0.1634806 seconds
2024-10-09T21:37:54.264+0300: 57.097: [GC (Allocation Failure) 2024-10-09T21:37:54.264+0300: 57.097: [ParNew: 460096K->51072K(460096K), 0.0296013 secs] 1479674K->1078346K(8337536K), 0.0296909 secs] [Times: user=0.03 sys=0.00, real=0.03 secs] 
2024-10-09T21:37:54.295+0300: 57.127: Total time for which application threads were stopped: 0.0299667 seconds, Stopping threads took: 0.0001561 seconds
2024-10-09T21:37:54.436+0300: 57.269: Application time: 0.1424463 seconds
2024-10-09T21:37:54.436+0300: 57.270: [GC (Allocation Failure) 2024-10-09T21:37:54.436+0300: 57.270: [ParNew: 460096K->45053K(460096K), 0.0324681 secs] 1487370K->1105361K(8337536K), 0.0325510 secs] [Times: user=0.03 sys=0.00, real=0.03 secs] 
2024-10-09T21:37:54.468+0300: 57.302: Total time for which application threads were stopped: 0.0328137 seconds, Stopping threads took: 0.0001502 seconds
2024-10-09T21:37:54.656+0300: 57.486: Application time: 0.1835395 seconds
2024-10-09T21:37:54.656+0300: 57.486: [GC (Allocation Failure) 2024-10-09T21:37:54.656+0300: 57.486: [ParNew: 454077K->51072K(460096K), 0.0266525 secs] 1514385K->1112747K(8337536K), 0.0267333 secs] [Times: user=0.17 sys=0.00, real=0.02 secs] 
2024-10-09T21:37:54.672+0300: 57.513: Total time for which application threads were stopped: 0.0270349 seconds, Stopping threads took: 0.0001576 seconds
2024-10-09T21:37:54.860+0300: 57.689: Application time: 0.1759786 seconds
2024-10-09T21:37:54.860+0300: 57.689: [GC (Allocation Failure) 2024-10-09T21:37:54.860+0300: 57.689: [ParNew: 460096K->51072K(460096K), 0.0393667 secs] 1521771K->1138683K(8337536K), 0.0394486 secs] [Times: user=0.03 sys=0.00, real=0.03 secs] 
2024-10-09T21:37:54.892+0300: 57.729: Total time for which application threads were stopped: 0.0397011 seconds, Stopping threads took: 0.0001338 seconds
2024-10-09T21:37:55.033+0300: 57.866: Application time: 0.1374862 seconds
2024-10-09T21:37:55.033+0300: 57.866: [GC (Allocation Failure) 2024-10-09T21:37:55.033+0300: 57.866: [ParNew: 460096K->51072K(460096K), 0.0349998 secs] 1547707K->1173217K(8337536K), 0.0350879 secs] [Times: user=0.02 sys=0.02, real=0.03 secs] 
2024-10-09T21:37:55.064+0300: 57.901: Total time for which application threads were stopped: 0.0353867 seconds, Stopping threads took: 0.0001866 seconds
2024-10-09T21:37:55.253+0300: 58.081: Application time: 0.1799604 seconds
2024-10-09T21:37:55.253+0300: 58.082: [GC (Allocation Failure) 2024-10-09T21:37:55.253+0300: 58.082: [ParNew: 460096K->51072K(460096K), 0.0268304 secs] 1582241K->1176245K(8337536K), 0.0269038 secs] [Times: user=0.02 sys=0.00, real=0.01 secs] 
2024-10-09T21:37:55.268+0300: 58.109: Total time for which application threads were stopped: 0.0271476 seconds, Stopping threads took: 0.0001302 seconds
2024-10-09T21:37:55.445+0300: 58.282: Application time: 0.1735281 seconds
2024-10-09T21:37:55.445+0300: 58.282: [GC (Allocation Failure) 2024-10-09T21:37:55.445+0300: 58.282: [ParNew: 460096K->51072K(460096K), 0.0334603 secs] 1585269K->1189958K(8337536K), 0.0335492 secs] [Times: user=0.03 sys=0.00, real=0.04 secs] 
2024-10-09T21:37:55.489+0300: 58.316: Total time for which application threads were stopped: 0.0337878 seconds, Stopping threads took: 0.0001238 seconds
2024-10-09T21:37:55.630+0300: 58.457: Application time: 0.1408381 seconds
2024-10-09T21:37:55.630+0300: 58.457: [GC (Allocation Failure) 2024-10-09T21:37:55.630+0300: 58.457: [ParNew: 460096K->51072K(460096K), 0.0345331 secs] 1598982K->1216145K(8337536K), 0.0346189 secs] [Times: user=0.02 sys=0.00, real=0.03 secs] 
2024-10-09T21:37:55.662+0300: 58.492: Total time for which application threads were stopped: 0.0348900 seconds, Stopping threads took: 0.0001564 seconds
2024-10-09T21:37:55.850+0300: 58.676: Application time: 0.1848863 seconds
2024-10-09T21:37:55.850+0300: 58.677: [GC (Allocation Failure) 2024-10-09T21:37:55.850+0300: 58.677: [ParNew: 460096K->47283K(460096K), 0.0313170 secs] 1625169K->1233945K(8337536K), 0.0314251 secs] [Times: user=0.17 sys=0.00, real=0.03 secs] 
2024-10-09T21:37:55.881+0300: 58.708: Total time for which application threads were stopped: 0.0316589 seconds, Stopping threads took: 0.0000948 seconds
2024-10-09T21:37:56.054+0300: 58.880: Application time: 0.1717508 seconds
2024-10-09T21:37:56.054+0300: 58.880: [GC (Allocation Failure) 2024-10-09T21:37:56.054+0300: 58.880: [ParNew: 456307K->51072K(460096K), 0.0332112 secs] 1642969K->1255949K(8337536K), 0.0332950 secs] [Times: user=0.03 sys=0.00, real=0.03 secs] 
2024-10-09T21:37:56.085+0300: 58.913: Total time for which application threads were stopped: 0.0336031 seconds, Stopping threads took: 0.0001746 seconds
2024-10-09T21:37:56.227+0300: 59.062: Application time: 0.1481611 seconds
2024-10-09T21:37:56.227+0300: 59.062: [GC (Allocation Failure) 2024-10-09T21:37:56.227+0300: 59.062: [ParNew: 460096K->51072K(460096K), 0.0322219 secs] 1664973K->1277049K(8337536K), 0.0323079 secs] [Times: user=0.03 sys=0.00, real=0.03 secs] 
2024-10-09T21:37:56.258+0300: 59.094: Total time for which application threads were stopped: 0.0325698 seconds, Stopping threads took: 0.0001499 seconds
2024-10-09T21:37:56.431+0300: 59.264: Application time: 0.1694370 seconds
2024-10-09T21:37:56.431+0300: 59.264: [GC (Allocation Failure) 2024-10-09T21:37:56.431+0300: 59.264: [ParNew: 460096K->49187K(460096K), 0.0337438 secs] 1686073K->1301079K(8337536K), 0.0338311 secs] [Times: user=0.03 sys=0.00, real=0.03 secs] 
2024-10-09T21:37:56.462+0300: 59.298: Total time for which application threads were stopped: 0.0340916 seconds, Stopping threads took: 0.0001455 seconds
2024-10-09T21:37:56.635+0300: 59.472: Application time: 0.1738012 seconds
2024-10-09T21:37:56.635+0300: 59.472: [GC (Allocation Failure) 2024-10-09T21:37:56.635+0300: 59.472: [ParNew: 458211K->51072K(460096K), 0.0333342 secs] 1710103K->1322401K(8337536K), 0.0334321 secs] [Times: user=0.20 sys=0.00, real=0.04 secs] 
2024-10-09T21:37:56.678+0300: 59.505: Total time for which application threads were stopped: 0.0336990 seconds, Stopping threads took: 0.0001098 seconds
2024-10-09T21:37:56.838+0300: 59.665: Application time: 0.1596129 seconds
2024-10-09T21:37:56.838+0300: 59.665: [GC (Allocation Failure) 2024-10-09T21:37:56.838+0300: 59.665: [ParNew: 460096K->51072K(460096K), 0.0329206 secs] 1731425K->1344554K(8337536K), 0.0330083 secs] [Times: user=0.02 sys=0.00, real=0.03 secs] 
2024-10-09T21:37:56.870+0300: 59.698: Total time for which application threads were stopped: 0.0332824 seconds, Stopping threads took: 0.0001520 seconds
2024-10-09T21:37:57.027+0300: 59.868: Application time: 0.1698721 seconds
2024-10-09T21:37:57.042+0300: 59.868: [GC (Allocation Failure) 2024-10-09T21:37:57.042+0300: 59.868: [ParNew: 460096K->51072K(460096K), 0.0307967 secs] 1753578K->1365857K(8337536K), 0.0308912 secs] [Times: user=0.01 sys=0.00, real=0.02 secs] 
2024-10-09T21:37:57.058+0300: 59.899: Total time for which application threads were stopped: 0.0312166 seconds, Stopping threads took: 0.0001832 seconds
2024-10-09T21:37:57.231+0300: 60.062: Application time: 0.1625989 seconds
2024-10-09T21:37:57.231+0300: 60.062: [GC (Allocation Failure) 2024-10-09T21:37:57.231+0300: 60.062: [ParNew: 460096K->51072K(460096K), 0.0312823 secs] 1774881K->1383840K(8337536K), 0.0313755 secs] [Times: user=0.03 sys=0.00, real=0.03 secs] 
2024-10-09T21:37:57.262+0300: 60.094: Total time for which application threads were stopped: 0.0316510 seconds, Stopping threads took: 0.0001601 seconds
2024-10-09T21:37:57.420+0300: 60.253: Application time: 0.1593578 seconds
2024-10-09T21:37:57.420+0300: 60.253: [GC (Allocation Failure) 2024-10-09T21:37:57.420+0300: 60.253: [ParNew: 460096K->51072K(460096K), 0.0277828 secs] 1792864K->1393596K(8337536K), 0.0278659 secs] [Times: user=0.03 sys=0.00, real=0.03 secs] 
2024-10-09T21:37:57.450+0300: 60.281: Total time for which application threads were stopped: 0.0281454 seconds, Stopping threads took: 0.0001610 seconds
2024-10-09T21:37:57.614+0300: 60.445: Application time: 0.1637476 seconds
2024-10-09T21:37:57.614+0300: 60.445: [GC (Allocation Failure) 2024-10-09T21:37:57.614+0300: 60.445: [ParNew: 460096K->46370K(460096K), 0.0335999 secs] 1802620K->1412607K(8337536K), 0.0336921 secs] [Times: user=0.03 sys=0.00, real=0.02 secs] 
2024-10-09T21:37:57.639+0300: 60.479: Total time for which application threads were stopped: 0.0339569 seconds, Stopping threads took: 0.0001327 seconds
2024-10-09T21:37:57.815+0300: 60.645: Application time: 0.1661736 seconds
2024-10-09T21:37:57.815+0300: 60.645: [GC (Allocation Failure) 2024-10-09T21:37:57.815+0300: 60.645: [ParNew: 455394K->51072K(460096K), 0.0311914 secs] 1821631K->1433889K(8337536K), 0.0312836 secs] [Times: user=0.03 sys=0.00, real=0.03 secs] 
2024-10-09T21:37:57.843+0300: 60.676: Total time for which application threads were stopped: 0.0315589 seconds, Stopping threads took: 0.0001548 seconds
2024-10-09T21:37:57.999+0300: 60.837: Application time: 0.1606050 seconds
2024-10-09T21:37:57.999+0300: 60.837: [GC (Allocation Failure) 2024-10-09T21:37:57.999+0300: 60.837: [ParNew: 460096K->51072K(460096K), 0.0371146 secs] 1842913K->1460986K(8337536K), 0.0372048 secs] [Times: user=0.03 sys=0.00, real=0.05 secs] 
2024-10-09T21:37:58.047+0300: 60.875: Total time for which application threads were stopped: 0.0374485 seconds, Stopping threads took: 0.0001226 seconds
2024-10-09T21:37:58.203+0300: 61.038: Application time: 0.1639108 seconds
2024-10-09T21:37:58.203+0300: 61.039: [GC (Allocation Failure) 2024-10-09T21:37:58.203+0300: 61.039: [ParNew: 460096K->49659K(460096K), 0.0308907 secs] 1870010K->1478507K(8337536K), 0.0309884 secs] [Times: user=0.06 sys=0.00, real=0.03 secs] 
2024-10-09T21:37:58.235+0300: 61.070: Total time for which application threads were stopped: 0.0312282 seconds, Stopping threads took: 0.0001037 seconds
2024-10-09T21:37:58.407+0300: 61.233: Application time: 0.1636625 seconds
2024-10-09T21:37:58.407+0300: 61.234: [GC (Allocation Failure) 2024-10-09T21:37:58.407+0300: 61.234: [ParNew: 458683K->51072K(460096K), 0.0296393 secs] 1887531K->1494167K(8337536K), 0.0297344 secs] [Times: user=0.02 sys=0.00, real=0.02 secs] 
2024-10-09T21:37:58.423+0300: 61.263: Total time for which application threads were stopped: 0.0300043 seconds, Stopping threads took: 0.0001408 seconds
2024-10-09T21:37:58.596+0300: 61.422: Application time: 0.1590288 seconds
2024-10-09T21:37:58.596+0300: 61.423: [GC (Allocation Failure) 2024-10-09T21:37:58.596+0300: 61.423: [ParNew: 460096K->51072K(460096K), 0.0331751 secs] 1903191K->1514432K(8337536K), 0.0332652 secs] [Times: user=0.00 sys=0.02, real=0.03 secs] 
2024-10-09T21:37:58.627+0300: 61.456: Total time for which application threads were stopped: 0.0335009 seconds, Stopping threads took: 0.0001104 seconds
2024-10-09T21:37:58.784+0300: 61.625: Application time: 0.1691308 seconds
2024-10-09T21:37:58.784+0300: 61.625: [GC (Allocation Failure) 2024-10-09T21:37:58.784+0300: 61.625: [ParNew: 460096K->51072K(460096K), 0.0336363 secs] 1923456K->1536196K(8337536K), 0.0337428 secs] [Times: user=0.06 sys=0.00, real=0.05 secs] 
2024-10-09T21:37:58.832+0300: 61.659: Total time for which application threads were stopped: 0.0341097 seconds, Stopping threads took: 0.0002167 seconds
2024-10-09T21:37:58.992+0300: 61.818: Application time: 0.1593390 seconds
2024-10-09T21:37:58.992+0300: 61.819: [GC (Allocation Failure) 2024-10-09T21:37:58.992+0300: 61.819: [ParNew: 460096K->51072K(460096K), 0.0348323 secs] 1945220K->1559738K(8337536K), 0.0349224 secs] [Times: user=0.05 sys=0.00, real=0.03 secs] 
2024-10-09T21:37:59.021+0300: 61.854: Total time for which application threads were stopped: 0.0351625 seconds, Stopping threads took: 0.0001213 seconds
2024-10-09T21:37:59.177+0300: 62.014: Application time: 0.1608453 seconds
2024-10-09T21:37:59.177+0300: 62.015: [GC (Allocation Failure) 2024-10-09T21:37:59.177+0300: 62.015: [ParNew: 460096K->51072K(460096K), 0.0294772 secs] 1968762K->1575400K(8337536K), 0.0295656 secs] [Times: user=0.05 sys=0.00, real=0.04 secs] 
2024-10-09T21:37:59.218+0300: 62.044: Total time for which application threads were stopped: 0.0298075 seconds, Stopping threads took: 0.0001254 seconds
2024-10-09T21:37:59.381+0300: 62.208: Application time: 0.1638888 seconds
2024-10-09T21:37:59.381+0300: 62.208: [GC (Allocation Failure) 2024-10-09T21:37:59.381+0300: 62.208: [ParNew: 460096K->51072K(460096K), 0.0305821 secs] 1984424K->1593338K(8337536K), 0.0306703 secs] [Times: user=0.03 sys=0.00, real=0.03 secs] 
2024-10-09T21:37:59.412+0300: 62.239: Total time for which application threads were stopped: 0.0309140 seconds, Stopping threads took: 0.0001273 seconds
2024-10-09T21:37:59.569+0300: 62.406: Application time: 0.1673308 seconds
2024-10-09T21:37:59.569+0300: 62.407: [GC (Allocation Failure) 2024-10-09T21:37:59.569+0300: 62.407: [ParNew: 460096K->51072K(460096K), 0.0292839 secs] 2002362K->1608482K(8337536K), 0.0293701 secs] [Times: user=0.03 sys=0.00, real=0.03 secs] 
2024-10-09T21:37:59.600+0300: 62.436: Total time for which application threads were stopped: 0.0296121 seconds, Stopping threads took: 0.0001314 seconds
2024-10-09T21:37:59.758+0300: 62.597: Application time: 0.1611990 seconds
2024-10-09T21:37:59.758+0300: 62.597: [GC (Allocation Failure) 2024-10-09T21:37:59.758+0300: 62.598: [ParNew: 460096K->51072K(460096K), 0.0341497 secs] 2017506K->1634687K(8337536K), 0.0342434 secs] [Times: user=0.03 sys=0.00, real=0.05 secs] 
2024-10-09T21:37:59.804+0300: 62.632: Total time for which application threads were stopped: 0.0345300 seconds, Stopping threads took: 0.0001535 seconds
2024-10-09T21:37:59.961+0300: 62.801: Application time: 0.1694505 seconds
2024-10-09T21:37:59.961+0300: 62.801: [GC (Allocation Failure) 2024-10-09T21:37:59.961+0300: 62.802: [ParNew: 460096K->51072K(460096K), 0.0303800 secs] 2043711K->1652135K(8337536K), 0.0305016 secs] [Times: user=0.06 sys=0.00, real=0.03 secs] 
2024-10-09T21:37:59.993+0300: 62.832: Total time for which application threads were stopped: 0.0307794 seconds, Stopping threads took: 0.0001471 seconds
2024-10-09T21:38:00.165+0300: 62.996: Application time: 0.1635946 seconds
2024-10-09T21:38:00.165+0300: 62.996: [GC (Allocation Failure) 2024-10-09T21:38:00.165+0300: 62.996: [ParNew: 460096K->51072K(460096K), 0.0346108 secs] 2061159K->1670425K(8337536K), 0.0346946 secs] [Times: user=0.03 sys=0.00, real=0.03 secs] 
2024-10-09T21:38:00.197+0300: 63.031: Total time for which application threads were stopped: 0.0349372 seconds, Stopping threads took: 0.0001302 seconds
2024-10-09T21:38:00.354+0300: 63.184: Application time: 0.1532027 seconds
2024-10-09T21:38:00.354+0300: 63.184: [GC (Allocation Failure) 2024-10-09T21:38:00.354+0300: 63.184: [ParNew: 460096K->51072K(460096K), 0.0292283 secs] 2079449K->1684362K(8337536K), 0.0293117 secs] [Times: user=0.03 sys=0.00, real=0.03 secs] 
2024-10-09T21:38:00.385+0300: 63.213: Total time for which application threads were stopped: 0.0295749 seconds, Stopping threads took: 0.0001514 seconds
2024-10-09T21:38:00.558+0300: 63.384: Application time: 0.1704224 seconds
2024-10-09T21:38:00.558+0300: 63.384: [GC (Allocation Failure) 2024-10-09T21:38:00.558+0300: 63.384: [ParNew: 460096K->50525K(460096K), 0.0304939 secs] 2093386K->1704658K(8337536K), 0.0306098 secs] [Times: user=0.05 sys=0.00, real=0.02 secs] 
2024-10-09T21:38:00.574+0300: 63.415: Total time for which application threads were stopped: 0.0308671 seconds, Stopping threads took: 0.0001277 seconds
2024-10-09T21:38:00.746+0300: 63.580: Application time: 0.1654747 seconds
2024-10-09T21:38:00.746+0300: 63.580: [GC (Allocation Failure) 2024-10-09T21:38:00.746+0300: 63.580: [ParNew: 459549K->51072K(460096K), 0.0297023 secs] 2113682K->1717463K(8337536K), 0.0297999 secs] [Times: user=0.06 sys=0.00, real=0.03 secs] 
2024-10-09T21:38:00.777+0300: 63.610: Total time for which application threads were stopped: 0.0300850 seconds, Stopping threads took: 0.0001468 seconds
2024-10-09T21:38:00.935+0300: 63.765: Application time: 0.1545357 seconds
2024-10-09T21:38:00.935+0300: 63.765: [GC (Allocation Failure) 2024-10-09T21:38:00.935+0300: 63.765: [ParNew: 460096K->44610K(460096K), 0.0361459 secs] 2126487K->1740443K(8337536K), 0.0362391 secs] [Times: user=0.03 sys=0.00, real=0.03 secs] 
2024-10-09T21:38:00.966+0300: 63.801: Total time for which application threads were stopped: 0.0365389 seconds, Stopping threads took: 0.0001672 seconds
2024-10-09T21:38:01.138+0300: 63.971: Application time: 0.1696119 seconds
2024-10-09T21:38:01.138+0300: 63.971: [GC (Allocation Failure) 2024-10-09T21:38:01.138+0300: 63.971: [ParNew: 453634K->51072K(460096K), 0.0308144 secs] 2149467K->1766722K(8337536K), 0.0309038 secs] [Times: user=0.06 sys=0.00, real=0.03 secs] 
2024-10-09T21:38:01.169+0300: 64.002: Total time for which application threads were stopped: 0.0311616 seconds, Stopping threads took: 0.0001359 seconds
2024-10-09T21:38:01.327+0300: 64.163: Application time: 0.1607027 seconds
2024-10-09T21:38:01.327+0300: 64.163: [GC (Allocation Failure) 2024-10-09T21:38:01.327+0300: 64.163: [ParNew: 460096K->51072K(460096K), 0.0293326 secs] 2175746K->1778130K(8337536K), 0.0294168 secs] [Times: user=0.03 sys=0.00, real=0.03 secs] 
2024-10-09T21:38:01.359+0300: 64.192: Total time for which application threads were stopped: 0.0296909 seconds, Stopping threads took: 0.0001619 seconds
2024-10-09T21:38:01.515+0300: 64.347: Application time: 0.1550087 seconds
2024-10-09T21:38:01.515+0300: 64.348: [GC (Allocation Failure) 2024-10-09T21:38:01.515+0300: 64.348: [ParNew: 460096K->51072K(460096K), 0.0383789 secs] 2187154K->1811932K(8337536K), 0.0384685 secs] [Times: user=0.03 sys=0.00, real=0.03 secs] 
2024-10-09T21:38:01.547+0300: 64.386: Total time for which application threads were stopped: 0.0386984 seconds, Stopping threads took: 0.0001142 seconds
2024-10-09T21:38:01.735+0300: 64.563: Application time: 0.1769746 seconds
2024-10-09T21:38:01.735+0300: 64.563: [GC (Allocation Failure) 2024-10-09T21:38:01.735+0300: 64.563: [ParNew: 460096K->51072K(460096K), 0.0289354 secs] 2220956K->1825085K(8337536K), 0.0290769 secs] [Times: user=0.05 sys=0.00, real=0.03 secs] 
2024-10-09T21:38:01.767+0300: 64.592: Total time for which application threads were stopped: 0.0293470 seconds, Stopping threads took: 0.0001326 seconds
2024-10-09T21:38:01.923+0300: 64.749: Application time: 0.1566633 seconds
2024-10-09T21:38:01.923+0300: 64.749: [GC (Allocation Failure) 2024-10-09T21:38:01.923+0300: 64.749: [ParNew: 460096K->44026K(460096K), 0.0322915 secs] 2234109K->1837632K(8337536K), 0.0323858 secs] [Times: user=0.06 sys=0.00, real=0.03 secs] 
2024-10-09T21:38:01.955+0300: 64.782: Total time for which application threads were stopped: 0.0326718 seconds, Stopping threads took: 0.0001555 seconds
2024-10-09T21:38:02.112+0300: 64.948: Application time: 0.1666674 seconds
2024-10-09T21:38:02.112+0300: 64.949: [GC (Allocation Failure) 2024-10-09T21:38:02.112+0300: 64.949: [ParNew: 453050K->50049K(460096K), 0.0315932 secs] 2246656K->1861097K(8337536K), 0.0316911 secs] [Times: user=0.06 sys=0.00, real=0.03 secs] 
2024-10-09T21:38:02.143+0300: 64.980: Total time for which application threads were stopped: 0.0319827 seconds, Stopping threads took: 0.0001568 seconds
2024-10-09T21:38:02.325+0300: 65.153: Application time: 0.1722040 seconds
2024-10-09T21:38:02.325+0300: 65.153: [GC (Allocation Failure) 2024-10-09T21:38:02.325+0300: 65.153: [ParNew: 459073K->51072K(460096K), 0.0310205 secs] 2270121K->1877830K(8337536K), 0.0311160 secs] [Times: user=0.01 sys=0.00, real=0.02 secs] 
2024-10-09T21:38:02.347+0300: 65.184: Total time for which application threads were stopped: 0.0313928 seconds, Stopping threads took: 0.0001535 seconds
2024-10-09T21:38:02.504+0300: 65.337: Application time: 0.1529693 seconds
2024-10-09T21:38:02.504+0300: 65.337: [GC (Allocation Failure) 2024-10-09T21:38:02.504+0300: 65.337: [ParNew: 460096K->51072K(460096K), 0.0294950 secs] 2286854K->1891842K(8337536K), 0.0295795 secs] [Times: user=0.03 sys=0.00, real=0.03 secs] 
2024-10-09T21:38:02.536+0300: 65.367: Total time for which application threads were stopped: 0.0298731 seconds, Stopping threads took: 0.0001800 seconds
2024-10-09T21:38:02.692+0300: 65.530: Application time: 0.1634242 seconds
2024-10-09T21:38:02.692+0300: 65.531: [GC (Allocation Failure) 2024-10-09T21:38:02.692+0300: 65.531: [ParNew: 460096K->51072K(460096K), 0.0342756 secs] 2300866K->1919118K(8337536K), 0.0343629 secs] [Times: user=0.08 sys=0.00, real=0.03 secs] 
2024-10-09T21:38:02.726+0300: 65.565: Total time for which application threads were stopped: 0.0346428 seconds, Stopping threads took: 0.0001327 seconds
2024-10-09T21:38:02.896+0300: 65.734: Application time: 0.1692957 seconds
2024-10-09T21:38:02.896+0300: 65.735: [GC (Allocation Failure) 2024-10-09T21:38:02.896+0300: 65.735: [ParNew: 460096K->51072K(460096K), 0.0282909 secs] 2328142K->1931392K(8337536K), 0.0283853 secs] [Times: user=0.03 sys=0.00, real=0.03 secs] 
2024-10-09T21:38:02.928+0300: 65.763: Total time for which application threads were stopped: 0.0286809 seconds, Stopping threads took: 0.0001473 seconds
2024-10-09T21:38:03.085+0300: 65.922: Application time: 0.1585872 seconds
2024-10-09T21:38:03.085+0300: 65.922: [GC (Allocation Failure) 2024-10-09T21:38:03.085+0300: 65.922: [ParNew: 460096K->51072K(460096K), 0.0312229 secs] 2340416K->1945263K(8337536K), 0.0313050 secs] [Times: user=0.05 sys=0.00, real=0.04 secs] 
2024-10-09T21:38:03.127+0300: 65.953: Total time for which application threads were stopped: 0.0315993 seconds, Stopping threads took: 0.0001783 seconds
2024-10-09T21:38:03.274+0300: 66.112: Application time: 0.1588487 seconds
2024-10-09T21:38:03.274+0300: 66.112: [GC (Allocation Failure) 2024-10-09T21:38:03.274+0300: 66.112: [ParNew: 460096K->51072K(460096K), 0.0352008 secs] 2354287K->1977168K(8337536K), 0.0352855 secs] [Times: user=0.05 sys=0.00, real=0.05 secs] 
2024-10-09T21:38:03.320+0300: 66.148: Total time for which application threads were stopped: 0.0355512 seconds, Stopping threads took: 0.0001466 seconds
2024-10-09T21:38:03.478+0300: 66.317: Application time: 0.1693719 seconds
2024-10-09T21:38:03.478+0300: 66.317: [GC (Allocation Failure) 2024-10-09T21:38:03.478+0300: 66.317: [ParNew: 460096K->47688K(460096K), 0.0310767 secs] 2386192K->1991690K(8337536K), 0.0311622 secs] [Times: user=0.03 sys=0.00, real=0.03 secs] 
2024-10-09T21:38:03.509+0300: 66.348: Total time for which application threads were stopped: 0.0314248 seconds, Stopping threads took: 0.0001414 seconds
2024-10-09T21:38:03.682+0300: 66.517: Application time: 0.1687532 seconds
2024-10-09T21:38:03.682+0300: 66.517: [GC (Allocation Failure) 2024-10-09T21:38:03.682+0300: 66.517: [ParNew: 456712K->51072K(460096K), 0.0312529 secs] 2400714K->2005489K(8337536K), 0.0313543 secs] [Times: user=0.11 sys=0.00, real=0.03 secs] 
2024-10-09T21:38:03.713+0300: 66.549: Total time for which application threads were stopped: 0.0316841 seconds, Stopping threads took: 0.0001767 seconds
2024-10-09T21:38:03.870+0300: 66.700: Application time: 0.1516249 seconds
2024-10-09T21:38:03.870+0300: 66.701: [GC (Allocation Failure) 2024-10-09T21:38:03.870+0300: 66.701: [ParNew: 460096K->48838K(460096K), 0.0397197 secs] 2414513K->2044955K(8337536K), 0.0398161 secs] [Times: user=0.03 sys=0.00, real=0.03 secs] 
2024-10-09T21:38:03.901+0300: 66.740: Total time for which application threads were stopped: 0.0400552 seconds, Stopping threads took: 0.0001201 seconds
2024-10-09T21:38:04.089+0300: 66.917: Application time: 0.1760925 seconds
2024-10-09T21:38:04.089+0300: 66.917: [GC (Allocation Failure) 2024-10-09T21:38:04.089+0300: 66.917: [ParNew: 457862K->51072K(460096K), 0.0256824 secs] 2453979K->2049713K(8337536K), 0.0257577 secs] [Times: user=0.01 sys=0.00, real=0.02 secs] 
2024-10-09T21:38:04.105+0300: 66.943: Total time for which application threads were stopped: 0.0260140 seconds, Stopping threads took: 0.0001420 seconds
2024-10-09T21:38:04.278+0300: 67.108: Application time: 0.1652975 seconds
2024-10-09T21:38:04.278+0300: 67.108: [GC (Allocation Failure) 2024-10-09T21:38:04.278+0300: 67.108: [ParNew: 460096K->51072K(460096K), 0.0299485 secs] 2458737K->2060049K(8337536K), 0.0300384 secs] [Times: user=0.03 sys=0.00, real=0.03 secs] 
2024-10-09T21:38:04.309+0300: 67.138: Total time for which application threads were stopped: 0.0303029 seconds, Stopping threads took: 0.0001461 seconds
2024-10-09T21:38:04.451+0300: 67.285: Application time: 0.1465093 seconds
2024-10-09T21:38:04.451+0300: 67.285: [GC (Allocation Failure) 2024-10-09T21:38:04.451+0300: 67.285: [ParNew: 460096K->51072K(460096K), 0.0340627 secs] 2469073K->2090099K(8337536K), 0.0341484 secs] [Times: user=0.03 sys=0.00, real=0.03 secs] 
2024-10-09T21:38:04.482+0300: 67.319: Total time for which application threads were stopped: 0.0343916 seconds, Stopping threads took: 0.0001263 seconds
2024-10-09T21:38:04.655+0300: 67.493: Application time: 0.1739028 seconds
2024-10-09T21:38:04.655+0300: 67.493: [GC (Allocation Failure) 2024-10-09T21:38:04.655+0300: 67.493: [ParNew: 460096K->47716K(460096K), 0.0338140 secs] 2499123K->2105352K(8337536K), 0.0339079 secs] [Times: user=0.17 sys=0.00, real=0.03 secs] 
2024-10-09T21:38:04.686+0300: 67.527: Total time for which application threads were stopped: 0.0341502 seconds, Stopping threads took: 0.0001098 seconds
2024-10-09T21:38:04.859+0300: 67.692: Application time: 0.1646570 seconds
2024-10-09T21:38:04.859+0300: 67.692: [GC (Allocation Failure) 2024-10-09T21:38:04.859+0300: 67.692: [ParNew: 456740K->51072K(460096K), 0.0282071 secs] 2514376K->2116204K(8337536K), 0.0282949 secs] [Times: user=0.03 sys=0.00, real=0.03 secs] 
2024-10-09T21:38:04.890+0300: 67.720: Total time for which application threads were stopped: 0.0285659 seconds, Stopping threads took: 0.0001502 seconds
2024-10-09T21:38:05.031+0300: 67.866: Application time: 0.1460386 seconds
2024-10-09T21:38:05.031+0300: 67.867: [GC (Allocation Failure) 2024-10-09T21:38:05.031+0300: 67.867: [ParNew: 460096K->51072K(460096K), 0.0386451 secs] 2525228K->2149695K(8337536K), 0.0387407 secs] [Times: user=0.06 sys=0.00, real=0.05 secs] 
2024-10-09T21:38:05.078+0300: 67.905: Total time for which application threads were stopped: 0.0390006 seconds, Stopping threads took: 0.0001377 seconds
2024-10-09T21:38:05.235+0300: 68.073: Application time: 0.1677698 seconds
2024-10-09T21:38:05.235+0300: 68.073: [GC (Allocation Failure) 2024-10-09T21:38:05.235+0300: 68.073: [ParNew: 460096K->51072K(460096K), 0.0302666 secs] 2558719K->2169247K(8337536K), 0.0303591 secs] [Times: user=0.03 sys=0.00, real=0.03 secs] 
2024-10-09T21:38:05.266+0300: 68.104: Total time for which application threads were stopped: 0.0306021 seconds, Stopping threads took: 0.0001250 seconds
2024-10-09T21:38:05.439+0300: 68.274: Application time: 0.1697646 seconds
2024-10-09T21:38:05.439+0300: 68.274: [GC (Allocation Failure) 2024-10-09T21:38:05.439+0300: 68.274: [ParNew: 460096K->51072K(460096K), 0.0321822 secs] 2578271K->2182676K(8337536K), 0.0322628 secs] [Times: user=0.03 sys=0.00, real=0.03 secs] 
2024-10-09T21:38:05.470+0300: 68.306: Total time for which application threads were stopped: 0.0324996 seconds, Stopping threads took: 0.0001197 seconds
2024-10-09T21:38:05.627+0300: 68.453: Application time: 0.1471440 seconds
2024-10-09T21:38:05.627+0300: 68.453: [GC (Allocation Failure) 2024-10-09T21:38:05.627+0300: 68.454: [ParNew: 460096K->51072K(460096K), 0.0296972 secs] 2591700K->2197156K(8337536K), 0.0297878 secs] [Times: user=0.02 sys=0.00, real=0.02 secs] 
2024-10-09T21:38:05.643+0300: 68.483: Total time for which application threads were stopped: 0.0300726 seconds, Stopping threads took: 0.0001460 seconds
2024-10-09T21:38:05.815+0300: 68.650: Application time: 0.1671024 seconds
2024-10-09T21:38:05.815+0300: 68.651: [GC (Allocation Failure) 2024-10-09T21:38:05.815+0300: 68.651: [ParNew: 460096K->44884K(460096K), 0.0329840 secs] 2606180K->2217002K(8337536K), 0.0330912 secs] [Times: user=0.03 sys=0.00, real=0.03 secs] 
2024-10-09T21:38:05.847+0300: 68.684: Total time for which application threads were stopped: 0.0333739 seconds, Stopping threads took: 0.0001316 seconds
2024-10-09T21:38:06.019+0300: 68.854: Application time: 0.1704902 seconds
2024-10-09T21:38:06.019+0300: 68.855: [GC (Allocation Failure) 2024-10-09T21:38:06.019+0300: 68.855: [ParNew: 453908K->51072K(460096K), 0.0288167 secs] 2626026K->2233021K(8337536K), 0.0289070 secs] [Times: user=0.03 sys=0.00, real=0.03 secs] 
2024-10-09T21:38:06.051+0300: 68.884: Total time for which application threads were stopped: 0.0292064 seconds, Stopping threads took: 0.0001757 seconds
2024-10-09T21:38:06.192+0300: 69.033: Application time: 0.1496703 seconds
2024-10-09T21:38:06.192+0300: 69.033: [GC (Allocation Failure) 2024-10-09T21:38:06.192+0300: 69.033: [ParNew: 460096K->40698K(460096K), 0.0308592 secs] 2642045K->2239973K(8337536K), 0.0309448 secs] [Times: user=0.03 sys=0.00, real=0.04 secs] 
2024-10-09T21:38:06.233+0300: 69.064: Total time for which application threads were stopped: 0.0312045 seconds, Stopping threads took: 0.0001407 seconds
2024-10-09T21:38:06.396+0300: 69.225: Application time: 0.1609219 seconds
2024-10-09T21:38:06.396+0300: 69.226: [GC (Allocation Failure) 2024-10-09T21:38:06.396+0300: 69.226: [ParNew: 449722K->51072K(460096K), 0.0316896 secs] 2648997K->2274327K(8337536K), 0.0317768 secs] [Times: user=0.01 sys=0.02, real=0.03 secs] 
2024-10-09T21:38:06.427+0300: 69.257: Total time for which application threads were stopped: 0.0320115 seconds, Stopping threads took: 0.0001240 seconds
2024-10-09T21:38:06.585+0300: 69.424: Application time: 0.1671473 seconds
2024-10-09T21:38:06.585+0300: 69.425: [GC (Allocation Failure) 2024-10-09T21:38:06.585+0300: 69.425: [ParNew: 460096K->47804K(460096K), 0.0288087 secs] 2683351K->2283085K(8337536K), 0.0288915 secs] [Times: user=0.03 sys=0.00, real=0.03 secs] 
2024-10-09T21:38:06.616+0300: 69.454: Total time for which application threads were stopped: 0.0291469 seconds, Stopping threads took: 0.0001327 seconds
2024-10-09T21:38:06.773+0300: 69.615: Application time: 0.1609498 seconds
2024-10-09T21:38:06.789+0300: 69.615: [GC (Allocation Failure) 2024-10-09T21:38:06.789+0300: 69.615: [ParNew: 456828K->51072K(460096K), 0.0266040 secs] 2692109K->2291767K(8337536K), 0.0267055 secs] [Times: user=0.02 sys=0.00, real=0.02 secs] 
2024-10-09T21:38:06.805+0300: 69.642: Total time for which application threads were stopped: 0.0270717 seconds, Stopping threads took: 0.0002273 seconds
2024-10-09T21:38:06.962+0300: 69.797: Application time: 0.1556839 seconds
2024-10-09T21:38:06.962+0300: 69.798: [GC (Allocation Failure) 2024-10-09T21:38:06.962+0300: 69.798: [ParNew: 460096K->41936K(460096K), 0.0304600 secs] 2700791K->2304305K(8337536K), 0.0305465 secs] [Times: user=0.03 sys=0.00, real=0.03 secs] 
2024-10-09T21:38:06.993+0300: 69.828: Total time for which application threads were stopped: 0.0307554 seconds, Stopping threads took: 0.0000960 seconds
2024-10-09T21:38:07.166+0300: 70.000: Application time: 0.1714265 seconds
2024-10-09T21:38:07.166+0300: 70.000: [GC (Allocation Failure) 2024-10-09T21:38:07.166+0300: 70.000: [ParNew: 450960K->51072K(460096K), 0.0320500 secs] 2713329K->2333638K(8337536K), 0.0321360 secs] [Times: user=0.03 sys=0.00, real=0.03 secs] 
2024-10-09T21:38:07.197+0300: 70.032: Total time for which application threads were stopped: 0.0324089 seconds, Stopping threads took: 0.0001420 seconds
2024-10-09T21:38:07.354+0300: 70.191: Application time: 0.1594196 seconds
2024-10-09T21:38:07.354+0300: 70.192: [GC (Allocation Failure) 2024-10-09T21:38:07.354+0300: 70.192: [ParNew: 460096K->51072K(460096K), 0.0288249 secs] 2742662K->2342606K(8337536K), 0.0289284 secs] [Times: user=0.03 sys=0.00, real=0.03 secs] 
2024-10-09T21:38:07.386+0300: 70.221: Total time for which application threads were stopped: 0.0292217 seconds, Stopping threads took: 0.0001542 seconds
2024-10-09T21:38:07.543+0300: 70.376: Application time: 0.1553148 seconds
2024-10-09T21:38:07.543+0300: 70.376: [GC (Allocation Failure) 2024-10-09T21:38:07.543+0300: 70.376: [ParNew: 460096K->51072K(460096K), 0.0340263 secs] 2751630K->2371063K(8337536K), 0.0341080 secs] [Times: user=0.03 sys=0.00, real=0.03 secs] 
2024-10-09T21:38:07.574+0300: 70.410: Total time for which application threads were stopped: 0.0343598 seconds, Stopping threads took: 0.0001412 seconds
2024-10-09T21:38:07.746+0300: 70.583: Application time: 0.1728179 seconds
2024-10-09T21:38:07.746+0300: 70.583: [GC (Allocation Failure) 2024-10-09T21:38:07.746+0300: 70.583: [ParNew: 460096K->45027K(460096K), 0.0296784 secs] 2780087K->2382783K(8337536K), 0.0297716 secs] [Times: user=0.03 sys=0.00, real=0.03 secs] 
2024-10-09T21:38:07.778+0300: 70.613: Total time for which application threads were stopped: 0.0300849 seconds, Stopping threads took: 0.0001745 seconds
2024-10-09T21:38:07.937+0300: 70.775: Application time: 0.1622650 seconds
2024-10-09T21:38:07.937+0300: 70.776: [GC (Allocation Failure) 2024-10-09T21:38:07.937+0300: 70.776: [ParNew: 454051K->51072K(460096K), 0.0280323 secs] 2791807K->2395127K(8337536K), 0.0281142 secs] [Times: user=0.03 sys=0.00, real=0.03 secs] 
2024-10-09T21:38:07.966+0300: 70.804: Total time for which application threads were stopped: 0.0283674 seconds, Stopping threads took: 0.0001397 seconds
2024-10-09T21:38:08.123+0300: 70.959: Application time: 0.1556089 seconds
2024-10-09T21:38:08.123+0300: 70.960: [GC (Allocation Failure) 2024-10-09T21:38:08.123+0300: 70.960: [ParNew: 460096K->49209K(460096K), 0.0317188 secs] 2804151K->2415602K(8337536K), 0.0318111 secs] [Times: user=0.03 sys=0.00, real=0.03 secs] 
2024-10-09T21:38:08.155+0300: 70.992: Total time for which application threads were stopped: 0.0320785 seconds, Stopping threads took: 0.0001477 seconds
2024-10-09T21:38:08.327+0300: 71.154: Application time: 0.1627361 seconds
2024-10-09T21:38:08.327+0300: 71.154: [GC (Allocation Failure) 2024-10-09T21:38:08.327+0300: 71.154: [ParNew: 458233K->51072K(460096K), 0.0296762 secs] 2824626K->2434860K(8337536K), 0.0297633 secs] [Times: user=0.02 sys=0.00, real=0.02 secs] 
2024-10-09T21:38:08.343+0300: 71.184: Total time for which application threads were stopped: 0.0300046 seconds, Stopping threads took: 0.0001265 seconds
2024-10-09T21:38:08.515+0300: 71.349: Application time: 0.1643367 seconds
2024-10-09T21:38:08.515+0300: 71.349: [GC (Allocation Failure) 2024-10-09T21:38:08.515+0300: 71.349: [ParNew: 460096K->51072K(460096K), 0.0306192 secs] 2843884K->2450567K(8337536K), 0.0307048 secs] [Times: user=0.03 sys=0.00, real=0.03 secs] 
2024-10-09T21:38:08.547+0300: 71.380: Total time for which application threads were stopped: 0.0309910 seconds, Stopping threads took: 0.0001727 seconds
2024-10-09T21:38:08.704+0300: 71.540: Application time: 0.1604397 seconds
2024-10-09T21:38:08.704+0300: 71.540: [GC (Allocation Failure) 2024-10-09T21:38:08.704+0300: 71.540: [ParNew: 460096K->51072K(460096K), 0.0311771 secs] 2859591K->2468841K(8337536K), 0.0312697 secs] [Times: user=0.09 sys=0.00, real=0.04 secs] 
2024-10-09T21:38:08.739+0300: 71.572: Total time for which application threads were stopped: 0.0315141 seconds, Stopping threads took: 0.0001153 seconds
2024-10-09T21:38:08.908+0300: 71.737: Application time: 0.1652253 seconds
2024-10-09T21:38:08.908+0300: 71.737: [GC (Allocation Failure) 2024-10-09T21:38:08.908+0300: 71.737: [ParNew: 460096K->51072K(460096K), 0.0296443 secs] 2877865K->2485224K(8337536K), 0.0297278 secs] [Times: user=0.03 sys=0.00, real=0.03 secs] 
2024-10-09T21:38:08.941+0300: 71.767: Total time for which application threads were stopped: 0.0299795 seconds, Stopping threads took: 0.0001342 seconds
2024-10-09T21:38:09.096+0300: 71.928: Application time: 0.1616014 seconds
2024-10-09T21:38:09.096+0300: 71.929: [GC (Allocation Failure) 2024-10-09T21:38:09.096+0300: 71.929: [ParNew: 460096K->51072K(460096K), 0.0332578 secs] 2894248K->2507570K(8337536K), 0.0333494 secs] [Times: user=0.03 sys=0.00, real=0.03 secs] 
2024-10-09T21:38:09.127+0300: 71.962: Total time for which application threads were stopped: 0.0336140 seconds, Stopping threads took: 0.0001506 seconds
2024-10-09T21:38:09.284+0300: 72.121: Application time: 0.1589028 seconds
2024-10-09T21:38:09.284+0300: 72.121: [GC (Allocation Failure) 2024-10-09T21:38:09.284+0300: 72.121: [ParNew: 460096K->51072K(460096K), 0.0298768 secs] 2916594K->2524136K(8337536K), 0.0299704 secs] [Times: user=0.03 sys=0.00, real=0.03 secs] 
2024-10-09T21:38:09.316+0300: 72.151: Total time for which application threads were stopped: 0.0302596 seconds, Stopping threads took: 0.0001671 seconds
2024-10-09T21:38:09.488+0300: 72.316: Application time: 0.1653127 seconds
2024-10-09T21:38:09.488+0300: 72.317: [GC (Allocation Failure) 2024-10-09T21:38:09.488+0300: 72.317: [ParNew: 460096K->51072K(460096K), 0.0293024 secs] 2933160K->2537880K(8337536K), 0.0293944 secs] [Times: user=0.03 sys=0.00, real=0.03 secs] 
2024-10-09T21:38:09.520+0300: 72.346: Total time for which application threads were stopped: 0.0296417 seconds, Stopping threads took: 0.0001265 seconds
2024-10-09T21:38:09.677+0300: 72.503: Application time: 0.1572405 seconds
2024-10-09T21:38:09.677+0300: 72.504: [GC (Allocation Failure) 2024-10-09T21:38:09.677+0300: 72.504: [ParNew: 460096K->51072K(460096K), 0.0334865 secs] 2946904K->2561769K(8337536K), 0.0335821 secs] [Times: user=0.17 sys=0.00, real=0.03 secs] 
2024-10-09T21:38:09.708+0300: 72.537: Total time for which application threads were stopped: 0.0338744 seconds, Stopping threads took: 0.0001662 seconds
2024-10-09T21:38:09.865+0300: 72.705: Application time: 0.1680485 seconds
2024-10-09T21:38:09.865+0300: 72.706: [GC (Allocation Failure) 2024-10-09T21:38:09.865+0300: 72.706: [ParNew: 460096K->51072K(460096K), 0.0297429 secs] 2970793K->2578517K(8337536K), 0.0298361 secs] [Times: user=0.03 sys=0.00, real=0.03 secs] 
2024-10-09T21:38:09.897+0300: 72.735: Total time for which application threads were stopped: 0.0301159 seconds, Stopping threads took: 0.0001600 seconds
2024-10-09T21:38:10.069+0300: 72.901: Application time: 0.1660880 seconds
2024-10-09T21:38:10.069+0300: 72.902: [GC (Allocation Failure) 2024-10-09T21:38:10.069+0300: 72.902: [ParNew: 460096K->51072K(460096K), 0.0316175 secs] 2987541K->2595792K(8337536K), 0.0317039 secs] [Times: user=0.03 sys=0.00, real=0.03 secs] 
2024-10-09T21:38:10.100+0300: 72.933: Total time for which application threads were stopped: 0.0319739 seconds, Stopping threads took: 0.0001518 seconds
2024-10-09T21:38:10.258+0300: 73.088: Application time: 0.1549945 seconds
2024-10-09T21:38:10.258+0300: 73.089: [GC (Allocation Failure) 2024-10-09T21:38:10.258+0300: 73.089: [ParNew: 460096K->51072K(460096K), 0.0352961 secs] 3004816K->2620468K(8337536K), 0.0353817 secs] [Times: user=0.03 sys=0.00, real=0.03 secs] 
2024-10-09T21:38:10.289+0300: 73.124: Total time for which application threads were stopped: 0.0356508 seconds, Stopping threads took: 0.0001528 seconds
2024-10-09T21:38:10.462+0300: 73.291: Application time: 0.1665380 seconds
2024-10-09T21:38:10.462+0300: 73.291: [GC (Allocation Failure) 2024-10-09T21:38:10.462+0300: 73.291: [ParNew: 460096K->51072K(460096K), 0.0327842 secs] 3029492K->2645523K(8337536K), 0.0328751 secs] [Times: user=0.03 sys=0.00, real=0.03 secs] 
2024-10-09T21:38:10.493+0300: 73.324: Total time for which application threads were stopped: 0.0331215 seconds, Stopping threads took: 0.0001276 seconds
2024-10-09T21:38:10.666+0300: 73.496: Application time: 0.1724867 seconds
2024-10-09T21:38:10.666+0300: 73.496: [GC (Allocation Failure) 2024-10-09T21:38:10.666+0300: 73.497: [ParNew: 460096K->51072K(460096K), 0.0359913 secs] 3054547K->2666913K(8337536K), 0.0360945 secs] [Times: user=0.19 sys=0.00, real=0.03 secs] 
2024-10-09T21:38:10.697+0300: 73.533: Total time for which application threads were stopped: 0.0363669 seconds, Stopping threads took: 0.0001243 seconds
2024-10-09T21:38:10.854+0300: 73.688: Application time: 0.1558121 seconds
2024-10-09T21:38:10.854+0300: 73.689: [GC (Allocation Failure) 2024-10-09T21:38:10.854+0300: 73.689: [ParNew: 460096K->51072K(460096K), 0.0317466 secs] 3075937K->2683177K(8337536K), 0.0318382 secs] [Times: user=0.03 sys=0.00, real=0.03 secs] 
2024-10-09T21:38:10.886+0300: 73.721: Total time for which application threads were stopped: 0.0321138 seconds, Stopping threads took: 0.0001594 seconds
2024-10-09T21:38:11.061+0300: 73.888: Application time: 0.1670955 seconds
2024-10-09T21:38:11.061+0300: 73.888: [GC (Allocation Failure) 2024-10-09T21:38:11.061+0300: 73.888: [ParNew: 460096K->51072K(460096K), 0.0347878 secs] 3092201K->2713886K(8337536K), 0.0348737 secs] [Times: user=0.03 sys=0.00, real=0.03 secs] 
2024-10-09T21:38:11.090+0300: 73.923: Total time for which application threads were stopped: 0.0351290 seconds, Stopping threads took: 0.0001427 seconds
2024-10-09T21:38:11.262+0300: 74.093: Application time: 0.1700152 seconds
2024-10-09T21:38:11.262+0300: 74.093: [GC (Allocation Failure) 2024-10-09T21:38:11.262+0300: 74.093: [ParNew: 460096K->51072K(460096K), 0.0279587 secs] 3122910K->2722414K(8337536K), 0.0280484 secs] [Times: user=0.03 sys=0.00, real=0.03 secs] 
2024-10-09T21:38:11.294+0300: 74.121: Total time for which application threads were stopped: 0.0282943 seconds, Stopping threads took: 0.0001304 seconds
2024-10-09T21:38:11.451+0300: 74.279: Application time: 0.1574563 seconds
2024-10-09T21:38:11.451+0300: 74.279: [GC (Allocation Failure) 2024-10-09T21:38:11.451+0300: 74.279: [ParNew: 460096K->51072K(460096K), 0.0292423 secs] 3131438K->2738765K(8337536K), 0.0293232 secs] [Times: user=0.02 sys=0.00, real=0.02 secs] 
2024-10-09T21:38:11.467+0300: 74.308: Total time for which application threads were stopped: 0.0295753 seconds, Stopping threads took: 0.0001391 seconds
2024-10-09T21:38:11.645+0300: 74.473: Application time: 0.1646270 seconds
2024-10-09T21:38:11.645+0300: 74.473: [GC (Allocation Failure) 2024-10-09T21:38:11.645+0300: 74.473: [ParNew: 460096K->48496K(460096K), 0.0310953 secs] 3147789K->2759278K(8337536K), 0.0312015 secs] [Times: user=0.12 sys=0.00, real=0.03 secs] 
2024-10-09T21:38:11.670+0300: 74.504: Total time for which application threads were stopped: 0.0315327 seconds, Stopping threads took: 0.0001960 seconds
2024-10-09T21:38:11.846+0300: 74.678: Application time: 0.1736326 seconds
2024-10-09T21:38:11.846+0300: 74.678: [GC (Allocation Failure) 2024-10-09T21:38:11.846+0300: 74.678: [ParNew: 457520K->51072K(460096K), 0.0272421 secs] 3168302K->2765789K(8337536K), 0.0273216 secs] [Times: user=0.03 sys=0.00, real=0.03 secs] 
2024-10-09T21:38:11.875+0300: 74.706: Total time for which application threads were stopped: 0.0276065 seconds, Stopping threads took: 0.0001563 seconds
2024-10-09T21:38:12.031+0300: 74.858: Application time: 0.1525836 seconds
2024-10-09T21:38:12.031+0300: 74.858: [GC (Allocation Failure) 2024-10-09T21:38:12.031+0300: 74.858: [ParNew: 460096K->51072K(460096K), 0.0329454 secs] 3174813K->2790019K(8337536K), 0.0330344 secs] [Times: user=0.02 sys=0.00, real=0.03 secs] 
2024-10-09T21:38:12.063+0300: 74.891: Total time for which application threads were stopped: 0.0333235 seconds, Stopping threads took: 0.0001725 seconds
2024-10-09T21:38:12.220+0300: 75.056: Application time: 0.1648263 seconds
2024-10-09T21:38:12.220+0300: 75.056: [GC (Allocation Failure) 2024-10-09T21:38:12.220+0300: 75.056: [ParNew: 460096K->46347K(460096K), 0.0305030 secs] 3199043K->2805123K(8337536K), 0.0305957 secs] [Times: user=0.03 sys=0.00, real=0.03 secs] 
2024-10-09T21:38:12.251+0300: 75.087: Total time for which application threads were stopped: 0.0308084 seconds, Stopping threads took: 0.0000917 seconds
2024-10-09T21:38:12.424+0300: 75.253: Application time: 0.1662208 seconds
2024-10-09T21:38:12.424+0300: 75.254: [GC (Allocation Failure) 2024-10-09T21:38:12.424+0300: 75.254: [ParNew: 455371K->51072K(460096K), 0.0277745 secs] 3214147K->2816863K(8337536K), 0.0278635 secs] [Times: user=0.03 sys=0.00, real=0.03 secs] 
2024-10-09T21:38:12.455+0300: 75.281: Total time for which application threads were stopped: 0.0281233 seconds, Stopping threads took: 0.0001391 seconds
2024-10-09T21:38:12.596+0300: 75.436: Application time: 0.1543847 seconds
2024-10-09T21:38:12.596+0300: 75.436: [GC (Allocation Failure) 2024-10-09T21:38:12.596+0300: 75.436: [ParNew: 460096K->51072K(460096K), 0.0343128 secs] 3225887K->2843247K(8337536K), 0.0344067 secs] [Times: user=0.03 sys=0.00, real=0.05 secs] 
2024-10-09T21:38:12.643+0300: 75.471: Total time for which application threads were stopped: 0.0347149 seconds, Stopping threads took: 0.0001841 seconds
2024-10-09T21:38:12.800+0300: 75.638: Application time: 0.1674926 seconds
2024-10-09T21:38:12.800+0300: 75.638: [GC (Allocation Failure) 2024-10-09T21:38:12.800+0300: 75.638: [ParNew: 460096K->48208K(460096K), 0.0321432 secs] 3252271K->2861596K(8337536K), 0.0322505 secs] [Times: user=0.03 sys=0.00, real=0.03 secs] 
2024-10-09T21:38:12.832+0300: 75.671: Total time for which application threads were stopped: 0.0325627 seconds, Stopping threads took: 0.0001596 seconds
2024-10-09T21:38:13.004+0300: 75.834: Application time: 0.1630346 seconds
2024-10-09T21:38:13.004+0300: 75.834: [GC (Allocation Failure) 2024-10-09T21:38:13.004+0300: 75.834: [ParNew: 457232K->51072K(460096K), 0.0287983 secs] 3270620K->2875866K(8337536K), 0.0288810 secs] [Times: user=0.03 sys=0.00, real=0.03 secs] 
2024-10-09T21:38:13.036+0300: 75.863: Total time for which application threads were stopped: 0.0291253 seconds, Stopping threads took: 0.0001318 seconds
2024-10-09T21:38:13.193+0300: 76.020: Application time: 0.1567718 seconds
2024-10-09T21:38:13.193+0300: 76.020: [GC (Allocation Failure) 2024-10-09T21:38:13.193+0300: 76.020: [ParNew: 460096K->51072K(460096K), 0.0368556 secs] 3284890K->2903789K(8337536K), 0.0369278 secs] [Times: user=0.09 sys=0.00, real=0.03 secs] 
2024-10-09T21:38:13.224+0300: 76.057: Total time for which application threads were stopped: 0.0371832 seconds, Stopping threads took: 0.0001337 seconds
2024-10-09T21:38:13.397+0300: 76.224: Application time: 0.1670576 seconds
2024-10-09T21:38:13.397+0300: 76.224: [GC (Allocation Failure) 2024-10-09T21:38:13.397+0300: 76.224: [ParNew: 460096K->51072K(460096K), 0.0308809 secs] 3312813K->2918668K(8337536K), 0.0309698 secs] [Times: user=0.19 sys=0.00, real=0.03 secs] 
2024-10-09T21:38:13.428+0300: 76.255: Total time for which application threads were stopped: 0.0312386 seconds, Stopping threads took: 0.0001396 seconds
2024-10-09T21:38:13.585+0300: 76.421: Application time: 0.1662691 seconds
2024-10-09T21:38:13.585+0300: 76.422: [GC (Allocation Failure) 2024-10-09T21:38:13.585+0300: 76.422: [ParNew: 460096K->51072K(460096K), 0.0302779 secs] 3327692K->2933682K(8337536K), 0.0303640 secs] [Times: user=0.09 sys=0.00, real=0.03 secs] 
2024-10-09T21:38:13.617+0300: 76.452: Total time for which application threads were stopped: 0.0306185 seconds, Stopping threads took: 0.0001378 seconds
2024-10-09T21:38:13.794+0300: 76.620: Application time: 0.1682409 seconds
2024-10-09T21:38:13.794+0300: 76.620: [GC (Allocation Failure) 2024-10-09T21:38:13.794+0300: 76.620: [ParNew: 460096K->51072K(460096K), 0.0291261 secs] 3342706K->2946710K(8337536K), 0.0292296 secs] [Times: user=0.19 sys=0.00, real=0.03 secs] 
2024-10-09T21:38:13.823+0300: 76.650: Total time for which application threads were stopped: 0.0294950 seconds, Stopping threads took: 0.0001209 seconds
2024-10-09T21:38:13.993+0300: 76.825: Application time: 0.1749680 seconds
2024-10-09T21:38:13.993+0300: 76.825: [GC (Allocation Failure) 2024-10-09T21:38:13.993+0300: 76.825: [ParNew: 460096K->51072K(460096K), 0.0303336 secs] 3355734K->2965308K(8337536K), 0.0304095 secs] [Times: user=0.16 sys=0.00, real=0.03 secs] 
2024-10-09T21:38:14.024+0300: 76.855: Total time for which application threads were stopped: 0.0306461 seconds, Stopping threads took: 0.0001156 seconds
2024-10-09T21:38:14.182+0300: 77.014: Application time: 0.1588905 seconds
2024-10-09T21:38:14.182+0300: 77.014: [GC (Allocation Failure) 2024-10-09T21:38:14.182+0300: 77.014: [ParNew: 460096K->51072K(460096K), 0.0302181 secs] 3374332K->2979538K(8337536K), 0.0303084 secs] [Times: user=0.14 sys=0.00, real=0.03 secs] 
2024-10-09T21:38:14.213+0300: 77.045: Total time for which application threads were stopped: 0.0305621 seconds, Stopping threads took: 0.0001233 seconds
2024-10-09T21:38:14.370+0300: 77.206: Application time: 0.1616147 seconds
2024-10-09T21:38:14.370+0300: 77.207: [GC (Allocation Failure) 2024-10-09T21:38:14.370+0300: 77.207: [ParNew: 460096K->49942K(460096K), 0.0306493 secs] 3388562K->2999965K(8337536K), 0.0307302 secs] [Times: user=0.14 sys=0.00, real=0.03 secs] 
2024-10-09T21:38:14.401+0300: 77.237: Total time for which application threads were stopped: 0.0309791 seconds, Stopping threads took: 0.0001207 seconds
2024-10-09T21:38:14.574+0300: 77.403: Application time: 0.1661479 seconds
2024-10-09T21:38:14.574+0300: 77.404: [GC (Allocation Failure) 2024-10-09T21:38:14.574+0300: 77.404: [ParNew: 458966K->51072K(460096K), 0.0291969 secs] 3408989K->3013181K(8337536K), 0.0292771 secs] [Times: user=0.19 sys=0.00, real=0.03 secs] 
2024-10-09T21:38:14.605+0300: 77.433: Total time for which application threads were stopped: 0.0295098 seconds, Stopping threads took: 0.0001131 seconds
2024-10-09T21:38:14.762+0300: 77.601: Application time: 0.1675882 seconds
2024-10-09T21:38:14.762+0300: 77.601: [GC (Allocation Failure) 2024-10-09T21:38:14.762+0300: 77.601: [ParNew: 460096K->51072K(460096K), 0.0297283 secs] 3422205K->3024469K(8337536K), 0.0298117 secs] [Times: user=0.19 sys=0.00, real=0.03 secs] 
2024-10-09T21:38:14.793+0300: 77.631: Total time for which application threads were stopped: 0.0301482 seconds, Stopping threads took: 0.0002059 seconds
2024-10-09T21:38:14.966+0300: 77.796: Application time: 0.1656372 seconds
2024-10-09T21:38:14.966+0300: 77.797: [GC (Allocation Failure) 2024-10-09T21:38:14.966+0300: 77.797: [ParNew: 460096K->47232K(460096K), 0.0354262 secs] 3433493K->3051087K(8337536K), 0.0355234 secs] [Times: user=0.19 sys=0.00, real=0.03 secs] 
2024-10-09T21:38:14.997+0300: 77.832: Total time for which application threads were stopped: 0.0357836 seconds, Stopping threads took: 0.0001226 seconds
2024-10-09T21:38:15.170+0300: 78.000: Application time: 0.1679285 seconds
2024-10-09T21:38:15.170+0300: 78.000: [GC (Allocation Failure) 2024-10-09T21:38:15.170+0300: 78.000: [ParNew: 456256K->51072K(460096K), 0.0300537 secs] 3460111K->3068545K(8337536K), 0.0301422 secs] [Times: user=0.19 sys=0.00, real=0.03 secs] 
2024-10-09T21:38:15.201+0300: 78.031: Total time for which application threads were stopped: 0.0304076 seconds, Stopping threads took: 0.0001409 seconds
2024-10-09T21:38:15.358+0300: 78.192: Application time: 0.1619127 seconds
2024-10-09T21:38:15.358+0300: 78.193: [GC (Allocation Failure) 2024-10-09T21:38:15.358+0300: 78.193: [ParNew: 460096K->51072K(460096K), 0.0289636 secs] 3477569K->3078181K(8337536K), 0.0290419 secs] [Times: user=0.11 sys=0.00, real=0.03 secs] 
2024-10-09T21:38:15.389+0300: 78.222: Total time for which application threads were stopped: 0.0293361 seconds, Stopping threads took: 0.0001674 seconds
2024-10-09T21:38:15.554+0300: 78.384: Application time: 0.1619777 seconds
2024-10-09T21:38:15.554+0300: 78.384: [GC (Allocation Failure) 2024-10-09T21:38:15.554+0300: 78.384: [ParNew: 460096K->51072K(460096K), 0.0364631 secs] 3487205K->3113597K(8337536K), 0.0365556 secs] [Times: user=0.20 sys=0.00, real=0.04 secs] 
2024-10-09T21:38:15.593+0300: 78.421: Total time for which application threads were stopped: 0.0368100 seconds, Stopping threads took: 0.0001322 seconds
2024-10-09T21:38:15.766+0300: 78.600: Application time: 0.1797088 seconds
2024-10-09T21:38:15.766+0300: 78.601: [GC (Allocation Failure) 2024-10-09T21:38:15.766+0300: 78.601: [ParNew: 460096K->51072K(460096K), 0.0292559 secs] 3522621K->3121271K(8337536K), 0.0293506 secs] [Times: user=0.19 sys=0.00, real=0.03 secs] 
2024-10-09T21:38:15.798+0300: 78.630: Total time for which application threads were stopped: 0.0296319 seconds, Stopping threads took: 0.0001531 seconds
2024-10-09T21:38:15.955+0300: 78.796: Application time: 0.1661992 seconds
2024-10-09T21:38:15.970+0300: 78.796: [GC (Allocation Failure) 2024-10-09T21:38:15.970+0300: 78.797: [ParNew: 460096K->51072K(460096K), 0.0370897 secs] 3530295K->3148154K(8337536K), 0.0371742 secs] [Times: user=0.19 sys=0.00, real=0.03 secs] 
2024-10-09T21:38:16.002+0300: 78.834: Total time for which application threads were stopped: 0.0375995 seconds, Stopping threads took: 0.0002909 seconds
2024-10-09T21:38:16.155+0300: 78.984: Application time: 0.1507751 seconds
2024-10-09T21:38:16.159+0300: 78.985: [GC (Allocation Failure) 2024-10-09T21:38:16.159+0300: 78.985: [ParNew: 460096K->51072K(460096K), 0.0324552 secs] 3557178K->3169679K(8337536K), 0.0325537 secs] [Times: user=0.19 sys=0.00, real=0.03 secs] 
2024-10-09T21:38:16.190+0300: 79.018: Total time for which application threads were stopped: 0.0330192 seconds, Stopping threads took: 0.0003248 seconds
2024-10-09T21:38:16.356+0300: 79.184: Application time: 0.1665976 seconds
2024-10-09T21:38:16.356+0300: 79.184: [GC (Allocation Failure) 2024-10-09T21:38:16.356+0300: 79.184: [ParNew: 460096K->49729K(460096K), 0.0274562 secs] 3578703K->3179880K(8337536K), 0.0275334 secs] [Times: user=0.17 sys=0.00, real=0.02 secs] 
2024-10-09T21:38:16.379+0300: 79.212: Total time for which application threads were stopped: 0.0277970 seconds, Stopping threads took: 0.0001325 seconds
2024-10-09T21:38:16.551+0300: 79.381: Application time: 0.1688480 seconds
2024-10-09T21:38:16.551+0300: 79.381: [GC (Allocation Failure) 2024-10-09T21:38:16.551+0300: 79.381: [ParNew: 458753K->51072K(460096K), 0.0310946 secs] 3588904K->3196439K(8337536K), 0.0311680 secs] [Times: user=0.19 sys=0.00, real=0.03 secs] 
2024-10-09T21:38:16.582+0300: 79.412: Total time for which application threads were stopped: 0.0314113 seconds, Stopping threads took: 0.0001275 seconds
2024-10-09T21:38:16.739+0300: 79.567: Application time: 0.1545553 seconds
2024-10-09T21:38:16.739+0300: 79.567: [GC (Allocation Failure) 2024-10-09T21:38:16.739+0300: 79.567: [ParNew: 460096K->51072K(460096K), 0.0307149 secs] 3605463K->3212483K(8337536K), 0.0308006 secs] [Times: user=0.19 sys=0.00, real=0.03 secs] 
2024-10-09T21:38:16.771+0300: 79.598: Total time for which application threads were stopped: 0.0311479 seconds, Stopping threads took: 0.0002230 seconds
2024-10-09T21:38:16.928+0300: 79.763: Application time: 0.1646456 seconds
2024-10-09T21:38:16.928+0300: 79.763: [GC (Allocation Failure) 2024-10-09T21:38:16.928+0300: 79.763: [ParNew: 460096K->50533K(460096K), 0.0328270 secs] 3621507K->3237405K(8337536K), 0.0329151 secs] [Times: user=0.03 sys=0.00, real=0.03 secs] 
2024-10-09T21:38:16.959+0300: 79.796: Total time for which application threads were stopped: 0.0331783 seconds, Stopping threads took: 0.0001377 seconds
2024-10-09T21:38:17.132+0300: 79.966: Application time: 0.1705492 seconds
2024-10-09T21:38:17.132+0300: 79.966: [GC (Allocation Failure) 2024-10-09T21:38:17.132+0300: 79.967: [ParNew: 459557K->51072K(460096K), 0.0305215 secs] 3646429K->3253051K(8337536K), 0.0306061 secs] [Times: user=0.03 sys=0.00, real=0.03 secs] 
2024-10-09T21:38:17.163+0300: 79.997: Total time for which application threads were stopped: 0.0308918 seconds, Stopping threads took: 0.0001656 seconds
2024-10-09T21:38:17.320+0300: 80.150: Application time: 0.1528153 seconds
2024-10-09T21:38:17.320+0300: 80.150: [GC (Allocation Failure) 2024-10-09T21:38:17.320+0300: 80.150: [ParNew: 460096K->51072K(460096K), 0.0301184 secs] 3662075K->3268724K(8337536K), 0.0302061 secs] [Times: user=0.03 sys=0.00, real=0.03 secs] 
2024-10-09T21:38:17.351+0300: 80.180: Total time for which application threads were stopped: 0.0304791 seconds, Stopping threads took: 0.0001474 seconds
2024-10-09T21:38:17.509+0300: 80.341: Application time: 0.1602271 seconds
2024-10-09T21:38:17.509+0300: 80.341: [GC (Allocation Failure) 2024-10-09T21:38:17.509+0300: 80.341: [ParNew: 460096K->50221K(460096K), 0.0327513 secs] 3677748K->3294950K(8337536K), 0.0328501 secs] [Times: user=0.05 sys=0.00, real=0.03 secs] 
2024-10-09T21:38:17.540+0300: 80.374: Total time for which application threads were stopped: 0.0330977 seconds, Stopping threads took: 0.0001176 seconds
2024-10-09T21:38:17.728+0300: 80.555: Application time: 0.1813356 seconds
2024-10-09T21:38:17.728+0300: 80.555: [GC (Allocation Failure) 2024-10-09T21:38:17.728+0300: 80.555: [ParNew: 459245K->49724K(460096K), 0.0287564 secs] 3703974K->3306313K(8337536K), 0.0288503 secs] [Times: user=0.08 sys=0.00, real=0.02 secs] 
2024-10-09T21:38:17.744+0300: 80.584: Total time for which application threads were stopped: 0.0291070 seconds, Stopping threads took: 0.0001261 seconds
2024-10-09T21:38:17.901+0300: 80.742: Application time: 0.1574777 seconds
2024-10-09T21:38:17.901+0300: 80.742: [GC (Allocation Failure) 2024-10-09T21:38:17.901+0300: 80.742: [ParNew: 458748K->51072K(460096K), 0.0316986 secs] 3715337K->3321321K(8337536K), 0.0317897 secs] [Times: user=0.06 sys=0.00, real=0.03 secs] 
2024-10-09T21:38:17.933+0300: 80.774: Total time for which application threads were stopped: 0.0320595 seconds, Stopping threads took: 0.0001504 seconds
2024-10-09T21:38:18.090+0300: 80.925: Application time: 0.1512060 seconds
2024-10-09T21:38:18.090+0300: 80.925: [GC (Allocation Failure) 2024-10-09T21:38:18.090+0300: 80.925: [ParNew: 460096K->46005K(460096K), 0.0321379 secs] 3730345K->3340127K(8337536K), 0.0322261 secs] [Times: user=0.03 sys=0.00, real=0.03 secs] 
2024-10-09T21:38:18.122+0300: 80.957: Total time for which application threads were stopped: 0.0324949 seconds, Stopping threads took: 0.0001484 seconds
2024-10-09T21:38:18.294+0300: 81.134: Application time: 0.1768850 seconds
2024-10-09T21:38:18.294+0300: 81.135: [GC (Allocation Failure) 2024-10-09T21:38:18.294+0300: 81.135: [ParNew: 455029K->51072K(460096K), 0.0296626 secs] 3749151K->3362960K(8337536K), 0.0297554 secs] [Times: user=0.03 sys=0.00, real=0.03 secs] 
2024-10-09T21:38:18.326+0300: 81.164: Total time for which application threads were stopped: 0.0300206 seconds, Stopping threads took: 0.0001505 seconds
2024-10-09T21:38:18.498+0300: 81.327: Application time: 0.1630599 seconds
2024-10-09T21:38:18.498+0300: 81.328: [GC (Allocation Failure) 2024-10-09T21:38:18.498+0300: 81.328: [ParNew: 460096K->51072K(460096K), 0.0305036 secs] 3771984K->3375507K(8337536K), 0.0305902 secs] [Times: user=0.03 sys=0.00, real=0.03 secs] 
2024-10-09T21:38:18.530+0300: 81.358: Total time for which application threads were stopped: 0.0308332 seconds, Stopping threads took: 0.0001267 seconds
2024-10-09T21:38:18.671+0300: 81.512: Application time: 0.1535305 seconds
2024-10-09T21:38:18.671+0300: 81.512: [GC (Allocation Failure) 2024-10-09T21:38:18.671+0300: 81.512: [ParNew: 460096K->51072K(460096K), 0.0326003 secs] 3784531K->3395422K(8337536K), 0.0327028 secs] [Times: user=0.14 sys=0.00, real=0.05 secs] 
2024-10-09T21:38:18.718+0300: 81.545: Total time for which application threads were stopped: 0.0330323 seconds, Stopping threads took: 0.0001798 seconds
2024-10-09T21:38:18.894+0300: 81.720: Application time: 0.1747577 seconds
2024-10-09T21:38:18.894+0300: 81.720: [GC (Allocation Failure) 2024-10-09T21:38:18.894+0300: 81.720: [ParNew: 460096K->51072K(460096K), 0.0314979 secs] 3804446K->3416019K(8337536K), 0.0315873 secs] [Times: user=0.03 sys=0.00, real=0.03 secs] 
2024-10-09T21:38:18.925+0300: 81.751: Total time for which application threads were stopped: 0.0318479 seconds, Stopping threads took: 0.0001417 seconds
2024-10-09T21:38:19.079+0300: 81.919: Application time: 0.1676011 seconds
2024-10-09T21:38:19.079+0300: 81.919: [GC (Allocation Failure) 2024-10-09T21:38:19.079+0300: 81.919: [ParNew: 460096K->51072K(460096K), 0.0296561 secs] 3825043K->3425998K(8337536K), 0.0298079 secs] [Times: user=0.03 sys=0.00, real=0.03 secs] 
2024-10-09T21:38:19.110+0300: 81.949: Total time for which application threads were stopped: 0.0300678 seconds, Stopping threads took: 0.0001388 seconds
2024-10-09T21:38:19.268+0300: 82.097: Application time: 0.1475225 seconds
2024-10-09T21:38:19.268+0300: 82.097: [GC (Allocation Failure) 2024-10-09T21:38:19.268+0300: 82.097: [ParNew: 460096K->51072K(460096K), 0.0324684 secs] 3835022K->3449907K(8337536K), 0.0325574 secs] [Times: user=0.03 sys=0.00, real=0.03 secs] 
2024-10-09T21:38:19.299+0300: 82.129: Total time for which application threads were stopped: 0.0328286 seconds, Stopping threads took: 0.0001612 seconds
2024-10-09T21:38:19.472+0300: 82.304: Application time: 0.1740472 seconds
2024-10-09T21:38:19.472+0300: 82.304: [GC (Allocation Failure) 2024-10-09T21:38:19.472+0300: 82.304: [ParNew: 460096K->45046K(460096K), 0.0333366 secs] 3858931K->3468774K(8337536K), 0.0334283 secs] [Times: user=0.03 sys=0.00, real=0.03 secs] 
2024-10-09T21:38:19.503+0300: 82.337: Total time for which application threads were stopped: 0.0336622 seconds, Stopping threads took: 0.0001143 seconds
2024-10-09T21:38:19.676+0300: 82.510: Application time: 0.1725789 seconds
2024-10-09T21:38:19.676+0300: 82.510: [GC (Allocation Failure) 2024-10-09T21:38:19.676+0300: 82.510: [ParNew: 454070K->51072K(460096K), 0.0328926 secs] 3877798K->3485646K(8337536K), 0.0329802 secs] [Times: user=0.19 sys=0.00, real=0.03 secs] 
2024-10-09T21:38:19.707+0300: 82.543: Total time for which application threads were stopped: 0.0332808 seconds, Stopping threads took: 0.0001648 seconds
2024-10-09T21:38:19.865+0300: 82.691: Application time: 0.1478513 seconds
2024-10-09T21:38:19.865+0300: 82.691: [GC (Allocation Failure) 2024-10-09T21:38:19.865+0300: 82.691: [ParNew: 460096K->50512K(460096K), 0.0333774 secs] 3894670K->3510537K(8337536K), 0.0334769 secs] [Times: user=0.03 sys=0.00, real=0.03 secs] 
2024-10-09T21:38:19.896+0300: 82.725: Total time for which application threads were stopped: 0.0337634 seconds, Stopping threads took: 0.0001435 seconds
2024-10-09T21:38:20.064+0300: 82.892: Application time: 0.1671748 seconds
2024-10-09T21:38:20.064+0300: 82.892: [GC (Allocation Failure) 2024-10-09T21:38:20.064+0300: 82.892: [ParNew: 459536K->43443K(460096K), 0.0301387 secs] 3919561K->3521785K(8337536K), 0.0302278 secs] [Times: user=0.02 sys=0.00, real=0.02 secs] 
2024-10-09T21:38:20.084+0300: 82.922: Total time for which application threads were stopped: 0.0304746 seconds, Stopping threads took: 0.0001248 seconds
2024-10-09T21:38:20.257+0300: 83.087: Application time: 0.1646389 seconds
2024-10-09T21:38:20.257+0300: 83.087: [GC (Allocation Failure) 2024-10-09T21:38:20.257+0300: 83.087: [ParNew: 452467K->51072K(460096K), 0.0296060 secs] 3930809K->3541544K(8337536K), 0.0296888 secs] [Times: user=0.03 sys=0.00, real=0.03 secs] 
2024-10-09T21:38:20.288+0300: 83.117: Total time for which application threads were stopped: 0.0299475 seconds, Stopping threads took: 0.0001451 seconds
2024-10-09T21:38:20.430+0300: 83.269: Application time: 0.1516561 seconds
2024-10-09T21:38:20.430+0300: 83.269: [GC (Allocation Failure) 2024-10-09T21:38:20.430+0300: 83.269: [ParNew: 460096K->51072K(460096K), 0.0336094 secs] 3950568K->3568258K(8337536K), 0.0336995 secs] [Times: user=0.03 sys=0.00, real=0.03 secs] 
2024-10-09T21:38:20.465+0300: 83.303: Total time for which application threads were stopped: 0.0340005 seconds, Stopping threads took: 0.0001797 seconds
2024-10-09T21:38:20.634+0300: 83.466: Application time: 0.1638789 seconds
2024-10-09T21:38:20.634+0300: 83.467: [GC (Allocation Failure) 2024-10-09T21:38:20.634+0300: 83.467: [ParNew: 460096K->51072K(460096K), 0.0311666 secs] 3977282K->3587394K(8337536K), 0.0312615 secs] [Times: user=0.12 sys=0.00, real=0.03 secs] 
2024-10-09T21:38:20.666+0300: 83.498: Total time for which application threads were stopped: 0.0315542 seconds, Stopping threads took: 0.0001494 seconds
2024-10-09T21:38:20.838+0300: 83.664: Application time: 0.1663951 seconds
2024-10-09T21:38:20.838+0300: 83.665: [GC (Allocation Failure) 2024-10-09T21:38:20.838+0300: 83.665: [ParNew: 460096K->51072K(460096K), 0.0328409 secs] 3996418K->3604919K(8337536K), 0.0329315 secs] [Times: user=0.03 sys=0.00, real=0.03 secs] 
2024-10-09T21:38:20.870+0300: 83.698: Total time for which application threads were stopped: 0.0331949 seconds, Stopping threads took: 0.0001398 seconds
2024-10-09T21:38:21.026+0300: 83.854: Application time: 0.1563842 seconds
2024-10-09T21:38:21.026+0300: 83.854: [GC (Allocation Failure) 2024-10-09T21:38:21.026+0300: 83.854: [ParNew: 460096K->51072K(460096K), 0.0321958 secs] 4013943K->3626200K(8337536K), 0.0322827 secs] [Times: user=0.03 sys=0.00, real=0.03 secs] 
2024-10-09T21:38:21.058+0300: 83.887: Total time for which application threads were stopped: 0.0325786 seconds, Stopping threads took: 0.0001631 seconds
2024-10-09T21:38:21.215+0300: 84.052: Application time: 0.1652377 seconds
2024-10-09T21:38:21.215+0300: 84.052: [GC (Allocation Failure) 2024-10-09T21:38:21.215+0300: 84.052: [ParNew: 460096K->51072K(460096K), 0.0284333 secs] 4035224K->3636757K(8337536K), 0.0285151 secs] [Times: user=0.03 sys=0.00, real=0.03 secs] 
2024-10-09T21:38:21.246+0300: 84.081: Total time for which application threads were stopped: 0.0288174 seconds, Stopping threads took: 0.0001874 seconds
2024-10-09T21:38:21.403+0300: 84.243: Application time: 0.1628423 seconds
2024-10-09T21:38:21.403+0300: 84.244: [GC (Allocation Failure) 2024-10-09T21:38:21.403+0300: 84.244: [ParNew: 460096K->51072K(460096K), 0.0329970 secs] 4045781K->3657231K(8337536K), 0.0330821 secs] [Times: user=0.03 sys=0.00, real=0.05 secs] 
2024-10-09T21:38:21.450+0300: 84.277: Total time for which application threads were stopped: 0.0333366 seconds, Stopping threads took: 0.0001382 seconds
2024-10-09T21:38:21.592+0300: 84.432: Application time: 0.1551694 seconds
2024-10-09T21:38:21.592+0300: 84.432: [GC (Allocation Failure) 2024-10-09T21:38:21.592+0300: 84.432: [ParNew: 460096K->39711K(460096K), 0.0330354 secs] 4066255K->3670443K(8337536K), 0.0331273 secs] [Times: user=0.05 sys=0.00, real=0.05 secs] 
2024-10-09T21:38:21.638+0300: 84.465: Total time for which application threads were stopped: 0.0334217 seconds, Stopping threads took: 0.0001640 seconds
2024-10-09T21:38:21.796+0300: 84.636: Application time: 0.1703312 seconds
2024-10-09T21:38:21.796+0300: 84.636: [GC (Allocation Failure) 2024-10-09T21:38:21.796+0300: 84.636: [ParNew: 448735K->51072K(460096K), 0.0302325 secs] 4079467K->3696246K(8337536K), 0.0303204 secs] [Times: user=0.06 sys=0.00, real=0.03 secs] 
2024-10-09T21:38:21.827+0300: 84.666: Total time for which application threads were stopped: 0.0306383 seconds, Stopping threads took: 0.0001721 seconds
2024-10-09T21:38:21.990+0300: 84.825: Application time: 0.1583082 seconds
2024-10-09T21:38:21.990+0300: 84.825: [GC (Allocation Failure) 2024-10-09T21:38:21.990+0300: 84.825: [ParNew: 460096K->51072K(460096K), 0.0357943 secs] 4105270K->3722535K(8337536K), 0.0358787 secs] [Times: user=0.05 sys=0.00, real=0.04 secs] 
2024-10-09T21:38:22.031+0300: 84.861: Total time for which application threads were stopped: 0.0361105 seconds, Stopping threads took: 0.0001161 seconds
2024-10-09T21:38:22.188+0300: 85.023: Application time: 0.1618896 seconds
2024-10-09T21:38:22.188+0300: 85.023: [GC (Allocation Failure) 2024-10-09T21:38:22.188+0300: 85.023: [ParNew: 460096K->51072K(460096K), 0.0287398 secs] 4131559K->3738287K(8337536K), 0.0288270 secs] [Times: user=0.03 sys=0.00, real=0.03 secs] 
2024-10-09T21:38:22.219+0300: 85.052: Total time for which application threads were stopped: 0.0290800 seconds, Stopping threads took: 0.0001391 seconds
2024-10-09T21:38:22.377+0300: 85.216: Application time: 0.1643111 seconds
2024-10-09T21:38:22.377+0300: 85.216: [GC (Allocation Failure) 2024-10-09T21:38:22.377+0300: 85.216: [ParNew: 460096K->51072K(460096K), 0.0305928 secs] 4147311K->3755229K(8337536K), 0.0306856 secs] [Times: user=0.03 sys=0.00, real=0.03 secs] 
2024-10-09T21:38:22.408+0300: 85.247: Total time for which application threads were stopped: 0.0309433 seconds, Stopping threads took: 0.0001298 seconds
2024-10-09T21:38:22.581+0300: 85.408: Application time: 0.1613090 seconds
2024-10-09T21:38:22.581+0300: 85.409: [GC (Allocation Failure) 2024-10-09T21:38:22.581+0300: 85.409: [ParNew: 460096K->51072K(460096K), 0.0305296 secs] 4164253K->3771134K(8337536K), 0.0306177 secs] [Times: user=0.03 sys=0.00, real=0.03 secs] 
2024-10-09T21:38:22.612+0300: 85.439: Total time for which application threads were stopped: 0.0308719 seconds, Stopping threads took: 0.0001370 seconds
2024-10-09T21:38:22.770+0300: 85.601: Application time: 0.1616142 seconds
2024-10-09T21:38:22.770+0300: 85.601: [GC (Allocation Failure) 2024-10-09T21:38:22.770+0300: 85.601: [ParNew: 460096K->51072K(460096K), 0.0351491 secs] 4180158K->3795109K(8337536K), 0.0352548 secs] [Times: user=0.06 sys=0.00, real=0.03 secs] 
2024-10-09T21:38:22.800+0300: 85.636: Total time for which application threads were stopped: 0.0355627 seconds, Stopping threads took: 0.0001703 seconds
2024-10-09T21:38:22.970+0300: 85.797: Application time: 0.1606590 seconds
2024-10-09T21:38:22.970+0300: 85.797: [GC (Allocation Failure) 2024-10-09T21:38:22.970+0300: 85.797: [ParNew: 460096K->51072K(460096K), 0.0296538 secs] 4204133K->3812133K(8337536K), 0.0297461 secs] [Times: user=0.01 sys=0.00, real=0.02 secs] 
2024-10-09T21:38:22.989+0300: 85.827: Total time for which application threads were stopped: 0.0299904 seconds, Stopping threads took: 0.0001224 seconds
2024-10-09T21:38:23.161+0300: 85.990: Application time: 0.1630820 seconds
2024-10-09T21:38:23.161+0300: 85.990: [GC (Allocation Failure) 2024-10-09T21:38:23.161+0300: 85.990: [ParNew: 460096K->51072K(460096K), 0.0312972 secs] 4221157K->3830717K(8337536K), 0.0313865 secs] [Times: user=0.03 sys=0.00, real=0.03 secs] 
2024-10-09T21:38:23.193+0300: 86.022: Total time for which application threads were stopped: 0.0316558 seconds, Stopping threads took: 0.0001484 seconds
2024-10-09T21:38:23.349+0300: 86.183: Application time: 0.1608158 seconds
2024-10-09T21:38:23.349+0300: 86.183: [GC (Allocation Failure) 2024-10-09T21:38:23.349+0300: 86.183: [ParNew: 460096K->51072K(460096K), 0.0291462 secs] 4239741K->3843940K(8337536K), 0.0292335 secs] [Times: user=0.03 sys=0.00, real=0.03 secs] 
2024-10-09T21:38:23.381+0300: 86.212: Total time for which application threads were stopped: 0.0294979 seconds, Stopping threads took: 0.0001374 seconds
2024-10-09T21:38:23.538+0300: 86.373: Application time: 0.1606391 seconds
2024-10-09T21:38:23.538+0300: 86.373: [GC (Allocation Failure) 2024-10-09T21:38:23.538+0300: 86.373: [ParNew: 460096K->51072K(460096K), 0.0308453 secs] 4252964K->3864961K(8337536K), 0.0309380 secs] [Times: user=0.05 sys=0.00, real=0.03 secs] 
2024-10-09T21:38:23.572+0300: 86.404: Total time for which application threads were stopped: 0.0311874 seconds, Stopping threads took: 0.0001335 seconds
2024-10-09T21:38:23.742+0300: 86.572: Application time: 0.1684766 seconds
2024-10-09T21:38:23.742+0300: 86.573: [GC (Allocation Failure) 2024-10-09T21:38:23.742+0300: 86.573: [ParNew: 460096K->49216K(460096K), 0.0291727 secs] 4273985K->3876766K(8337536K), 0.0292688 secs] [Times: user=0.09 sys=0.02, real=0.03 secs] 
2024-10-09T21:38:23.773+0300: 86.602: Total time for which application threads were stopped: 0.0295934 seconds, Stopping threads took: 0.0001803 seconds
2024-10-09T21:38:23.930+0300: 86.763: Application time: 0.1610588 seconds
2024-10-09T21:38:23.930+0300: 86.763: [GC (Allocation Failure) 2024-10-09T21:38:23.930+0300: 86.763: [ParNew: 458240K->51072K(460096K), 0.0289035 secs] 4285790K->3890875K(8337536K), 0.0289901 secs] [Times: user=0.03 sys=0.00, real=0.03 secs] 
2024-10-09T21:38:23.961+0300: 86.792: Total time for which application threads were stopped: 0.0292415 seconds, Stopping threads took: 0.0001349 seconds
2024-10-09T21:38:24.119+0300: 86.954: Application time: 0.1616706 seconds
2024-10-09T21:38:24.119+0300: 86.954: [GC (Allocation Failure) 2024-10-09T21:38:24.119+0300: 86.954: [ParNew: 460096K->51072K(460096K), 0.0302573 secs] 4299899K->3907894K(8337536K), 0.0303543 secs] [Times: user=0.03 sys=0.00, real=0.03 secs] 
2024-10-09T21:38:24.150+0300: 86.985: Total time for which application threads were stopped: 0.0305786 seconds, Stopping threads took: 0.0001067 seconds
2024-10-09T21:38:24.307+0300: 87.143: Application time: 0.1586774 seconds
2024-10-09T21:38:24.307+0300: 87.143: [GC (Allocation Failure) 2024-10-09T21:38:24.307+0300: 87.144: [ParNew: 460096K->51072K(460096K), 0.0329720 secs] 4316918K->3927725K(8337536K), 0.0330596 secs] [Times: user=0.03 sys=0.00, real=0.03 secs] 
2024-10-09T21:38:24.338+0300: 87.177: Total time for which application threads were stopped: 0.0333102 seconds, Stopping threads took: 0.0001406 seconds
2024-10-09T21:38:24.495+0300: 87.336: Application time: 0.1598539 seconds
2024-10-09T21:38:24.495+0300: 87.337: [GC (Allocation Failure) 2024-10-09T21:38:24.495+0300: 87.337: [ParNew: 460096K->51072K(460096K), 0.0327217 secs] 4336749K->3947446K(8337536K), 0.0328127 secs] [Times: user=0.03 sys=0.01, real=0.05 secs] 
2024-10-09T21:38:24.542+0300: 87.370: Total time for which application threads were stopped: 0.0331143 seconds, Stopping threads took: 0.0001754 seconds
2024-10-09T21:38:24.715+0300: 87.542: Application time: 0.1727494 seconds
2024-10-09T21:38:24.715+0300: 87.543: [GC (Allocation Failure) 2024-10-09T21:38:24.715+0300: 87.543: [ParNew: 460096K->51072K(460096K), 0.0334046 secs] 4356470K->3968592K(8337536K), 0.0334949 secs] [Times: user=0.03 sys=0.00, real=0.03 secs] 
2024-10-09T21:38:24.746+0300: 87.576: Total time for which application threads were stopped: 0.0337579 seconds, Stopping threads took: 0.0001401 seconds
2024-10-09T21:38:24.904+0300: 87.736: Application time: 0.1594434 seconds
2024-10-09T21:38:24.904+0300: 87.736: [GC (Allocation Failure) 2024-10-09T21:38:24.904+0300: 87.736: [ParNew: 460096K->51072K(460096K), 0.0281507 secs] 4377616K->3977731K(8337536K), 0.0282337 secs] [Times: user=0.03 sys=0.00, real=0.03 secs] 
2024-10-09T21:38:24.935+0300: 87.764: Total time for which application threads were stopped: 0.0284986 seconds, Stopping threads took: 0.0001507 seconds
2024-10-09T21:38:25.092+0300: 87.919: Application time: 0.1552071 seconds
2024-10-09T21:38:25.092+0300: 87.919: [GC (Allocation Failure) 2024-10-09T21:38:25.092+0300: 87.919: [ParNew: 460096K->47141K(460096K), 0.0348595 secs] 4386755K->4003371K(8337536K), 0.0349428 secs] [Times: user=0.03 sys=0.00, real=0.03 secs] 
2024-10-09T21:38:25.123+0300: 87.954: Total time for which application threads were stopped: 0.0351848 seconds, Stopping threads took: 0.0001279 seconds
2024-10-09T21:38:25.280+0300: 88.119: Application time: 0.1647265 seconds
2024-10-09T21:38:25.280+0300: 88.119: [GC (Allocation Failure) 2024-10-09T21:38:25.280+0300: 88.119: [ParNew: 456165K->51072K(460096K), 0.0295172 secs] 4412395K->4021780K(8337536K), 0.0296146 secs] [Times: user=0.03 sys=0.00, real=0.03 secs] 
2024-10-09T21:38:25.312+0300: 88.149: Total time for which application threads were stopped: 0.0299092 seconds, Stopping threads took: 0.0001684 seconds
2024-10-09T21:38:25.476+0300: 88.307: Application time: 0.1583847 seconds
2024-10-09T21:38:25.476+0300: 88.308: [GC (Allocation Failure) 2024-10-09T21:38:25.476+0300: 88.308: [ParNew: 460096K->51072K(460096K), 0.0286921 secs] 4430804K->4032796K(8337536K), 0.0287771 secs] [Times: user=0.03 sys=0.00, real=0.02 secs] 
2024-10-09T21:38:25.500+0300: 88.336: Total time for which application threads were stopped: 0.0290147 seconds, Stopping threads took: 0.0001285 seconds
2024-10-09T21:38:25.657+0300: 88.494: Application time: 0.1576556 seconds
2024-10-09T21:38:25.657+0300: 88.494: [GC (Allocation Failure) 2024-10-09T21:38:25.657+0300: 88.494: [ParNew: 460096K->51072K(460096K), 0.0392929 secs] 4441820K->4060751K(8337536K), 0.0393886 secs] [Times: user=0.19 sys=0.02, real=0.05 secs] 
2024-10-09T21:38:25.704+0300: 88.534: Total time for which application threads were stopped: 0.0396321 seconds, Stopping threads took: 0.0001164 seconds
2024-10-09T21:38:25.861+0300: 88.699: Application time: 0.1654118 seconds
2024-10-09T21:38:25.861+0300: 88.699: [GC (Allocation Failure) 2024-10-09T21:38:25.861+0300: 88.699: [ParNew: 460096K->51072K(460096K), 0.0289144 secs] 4469775K->4070152K(8337536K), 0.0290067 secs] [Times: user=0.03 sys=0.00, real=0.03 secs] 
2024-10-09T21:38:25.892+0300: 88.728: Total time for which application threads were stopped: 0.0292844 seconds, Stopping threads took: 0.0001597 seconds
2024-10-09T21:38:26.065+0300: 88.891: Application time: 0.1629915 seconds
2024-10-09T21:38:26.065+0300: 88.892: [GC (Allocation Failure) 2024-10-09T21:38:26.065+0300: 88.892: [ParNew: 460096K->51072K(460096K), 0.0297743 secs] 4479176K->4082010K(8337536K), 0.0298619 secs] [Times: user=0.01 sys=0.00, real=0.02 secs] 
2024-10-09T21:38:26.081+0300: 88.922: Total time for which application threads were stopped: 0.0300971 seconds, Stopping threads took: 0.0001140 seconds
2024-10-09T21:38:26.238+0300: 89.074: Application time: 0.1525591 seconds
2024-10-09T21:38:26.238+0300: 89.074: [GC (Allocation Failure) 2024-10-09T21:38:26.238+0300: 89.074: [ParNew: 460096K->51072K(460096K), 0.0371927 secs] 4491034K->4107529K(8337536K), 0.0372774 secs] [Times: user=0.05 sys=0.00, real=0.05 secs] 
2024-10-09T21:38:26.286+0300: 89.112: Total time for which application threads were stopped: 0.0375691 seconds, Stopping threads took: 0.0001770 seconds
2024-10-09T21:38:26.442+0300: 89.278: Application time: 0.1665767 seconds
2024-10-09T21:38:26.442+0300: 89.278: [GC (Allocation Failure) 2024-10-09T21:38:26.442+0300: 89.279: [ParNew: 460096K->51072K(460096K), 0.0309873 secs] 4516553K->4120575K(8337536K), 0.0310728 secs] [Times: user=0.01 sys=0.00, real=0.04 secs] 
2024-10-09T21:38:26.478+0300: 89.310: Total time for which application threads were stopped: 0.0313438 seconds, Stopping threads took: 0.0001527 seconds
2024-10-09T21:38:26.630+0300: 89.468: Application time: 0.1580631 seconds
2024-10-09T21:38:26.630+0300: 89.468: [GC (Allocation Failure) 2024-10-09T21:38:26.630+0300: 89.468: [ParNew: 460096K->51072K(460096K), 0.0350484 secs] 4529599K->4137692K(8337536K), 0.0351481 secs] [Times: user=0.08 sys=0.00, real=0.05 secs] 
2024-10-09T21:38:26.677+0300: 89.503: Total time for which application threads were stopped: 0.0354284 seconds, Stopping threads took: 0.0001538 seconds
2024-10-09T21:38:26.834+0300: 89.662: Application time: 0.1587367 seconds
2024-10-09T21:38:26.834+0300: 89.662: [GC (Allocation Failure) 2024-10-09T21:38:26.834+0300: 89.662: [ParNew: 460096K->51072K(460096K), 0.0323418 secs] 4546716K->4156664K(8337536K), 0.0324335 secs] [Times: user=0.06 sys=0.00, real=0.03 secs] 
2024-10-09T21:38:26.865+0300: 89.695: Total time for which application threads were stopped: 0.0326618 seconds, Stopping threads took: 0.0000946 seconds
2024-10-09T21:38:27.039+0300: 89.867: Application time: 0.1727667 seconds
2024-10-09T21:38:27.039+0300: 89.867: [GC (Allocation Failure) 2024-10-09T21:38:27.039+0300: 89.868: [ParNew: 460096K->51072K(460096K), 0.0328474 secs] 4565688K->4172884K(8337536K), 0.0329371 secs] [Times: user=0.03 sys=0.00, real=0.03 secs] 
2024-10-09T21:38:27.070+0300: 89.900: Total time for which application threads were stopped: 0.0331884 seconds, Stopping threads took: 0.0001351 seconds
2024-10-09T21:38:27.227+0300: 90.061: Application time: 0.1609706 seconds
2024-10-09T21:38:27.227+0300: 90.062: [GC (Allocation Failure) 2024-10-09T21:38:27.227+0300: 90.062: [ParNew: 460096K->51072K(460096K), 0.0363740 secs] 4581908K->4193604K(8337536K), 0.0364614 secs] [Times: user=0.03 sys=0.00, real=0.03 secs] 
2024-10-09T21:38:27.258+0300: 90.098: Total time for which application threads were stopped: 0.0367001 seconds, Stopping threads took: 0.0001186 seconds
2024-10-09T21:38:27.415+0300: 90.252: Application time: 0.1540032 seconds
2024-10-09T21:38:27.415+0300: 90.252: [GC (Allocation Failure) 2024-10-09T21:38:27.415+0300: 90.252: [ParNew: 460096K->51072K(460096K), 0.0363077 secs] 4602628K->4210904K(8337536K), 0.0363910 secs] [Times: user=0.06 sys=0.00, real=0.05 secs] 
2024-10-09T21:38:27.462+0300: 90.289: Total time for which application threads were stopped: 0.0366655 seconds, Stopping threads took: 0.0001471 seconds
2024-10-09T21:38:27.619+0300: 90.453: Application time: 0.1642285 seconds
2024-10-09T21:38:27.619+0300: 90.453: [GC (Allocation Failure) 2024-10-09T21:38:27.619+0300: 90.453: [ParNew: 460096K->51072K(460096K), 0.0324007 secs] 4619928K->4227086K(8337536K), 0.0324915 secs] [Times: user=0.03 sys=0.00, real=0.03 secs] 
2024-10-09T21:38:27.650+0300: 90.486: Total time for which application threads were stopped: 0.0327621 seconds, Stopping threads took: 0.0001427 seconds
2024-10-09T21:38:27.823+0300: 90.649: Application time: 0.1631732 seconds
2024-10-09T21:38:27.823+0300: 90.649: [GC (Allocation Failure) 2024-10-09T21:38:27.823+0300: 90.649: [ParNew: 460096K->51072K(460096K), 0.0370035 secs] 4636110K->4249525K(8337536K), 0.0370899 secs] [Times: user=0.03 sys=0.00, real=0.04 secs] 
2024-10-09T21:38:27.860+0300: 90.686: Total time for which application threads were stopped: 0.0373759 seconds, Stopping threads took: 0.0001707 seconds
2024-10-09T21:38:28.012+0300: 90.844: Application time: 0.1580338 seconds
2024-10-09T21:38:28.012+0300: 90.845: [GC (Allocation Failure) 2024-10-09T21:38:28.012+0300: 90.845: [ParNew: 460096K->51072K(460096K), 0.0323010 secs] 4658549K->4265097K(8337536K), 0.0323957 secs] [Times: user=0.03 sys=0.00, real=0.03 secs] 
2024-10-09T21:38:28.043+0300: 90.877: Total time for which application threads were stopped: 0.0327653 seconds, Stopping threads took: 0.0002419 seconds
2024-10-09T21:38:28.216+0300: 91.044: Application time: 0.1664273 seconds
2024-10-09T21:38:28.216+0300: 91.044: [GC (Allocation Failure) 2024-10-09T21:38:28.216+0300: 91.044: [ParNew: 460096K->49635K(460096K), 0.0380276 secs] 4674121K->4287701K(8337536K), 0.0381182 secs] [Times: user=0.03 sys=0.00, real=0.03 secs] 
2024-10-09T21:38:28.247+0300: 91.082: Total time for which application threads were stopped: 0.0383541 seconds, Stopping threads took: 0.0001183 seconds
2024-10-09T21:38:28.405+0300: 91.242: Application time: 0.1598329 seconds
2024-10-09T21:38:28.405+0300: 91.242: [GC (Allocation Failure) 2024-10-09T21:38:28.405+0300: 91.242: [ParNew: 458659K->51072K(460096K), 0.0376122 secs] 4696725K->4313641K(8337536K), 0.0376924 secs] [Times: user=0.03 sys=0.00, real=0.05 secs] 
2024-10-09T21:38:28.451+0300: 91.280: Total time for which application threads were stopped: 0.0379582 seconds, Stopping threads took: 0.0001487 seconds
2024-10-09T21:38:28.608+0300: 91.436: Application time: 0.1563540 seconds
2024-10-09T21:38:28.608+0300: 91.436: [GC (Allocation Failure) 2024-10-09T21:38:28.608+0300: 91.436: [ParNew: 460096K->49258K(460096K), 0.0382551 secs] 4722665K->4336565K(8337536K), 0.0383481 secs] [Times: user=0.02 sys=0.02, real=0.03 secs] 
2024-10-09T21:38:28.639+0300: 91.475: Total time for which application threads were stopped: 0.0386106 seconds, Stopping threads took: 0.0001416 seconds
2024-10-09T21:38:28.812+0300: 91.645: Application time: 0.1706770 seconds
2024-10-09T21:38:28.812+0300: 91.646: [GC (Allocation Failure) 2024-10-09T21:38:28.812+0300: 91.646: [ParNew: 458282K->51072K(460096K), 0.0343105 secs] 4745589K->4357232K(8337536K), 0.0344035 secs] [Times: user=0.03 sys=0.00, real=0.03 secs] 
2024-10-09T21:38:28.843+0300: 91.680: Total time for which application threads were stopped: 0.0346724 seconds, Stopping threads took: 0.0001527 seconds
2024-10-09T21:38:29.001+0300: 91.838: Application time: 0.1575536 seconds
2024-10-09T21:38:29.001+0300: 91.838: [GC (Allocation Failure) 2024-10-09T21:38:29.001+0300: 91.838: [ParNew: 460096K->51072K(460096K), 0.0348208 secs] 4766256K->4377096K(8337536K), 0.0349089 secs] [Times: user=0.03 sys=0.00, real=0.03 secs] 
2024-10-09T21:38:29.032+0300: 91.873: Total time for which application threads were stopped: 0.0352305 seconds, Stopping threads took: 0.0002082 seconds
2024-10-09T21:38:29.205+0300: 92.032: Application time: 0.1593793 seconds
2024-10-09T21:38:29.205+0300: 92.032: [GC (Allocation Failure) 2024-10-09T21:38:29.205+0300: 92.032: [ParNew: 460096K->51072K(460096K), 0.0327537 secs] 4786120K->4395911K(8337536K), 0.0328453 secs] [Times: user=0.03 sys=0.00, real=0.03 secs] 
2024-10-09T21:38:29.236+0300: 92.065: Total time for which application threads were stopped: 0.0330729 seconds, Stopping threads took: 0.0001147 seconds
2024-10-09T21:38:29.393+0300: 92.227: Application time: 0.1621339 seconds
2024-10-09T21:38:29.393+0300: 92.228: [GC (Allocation Failure) 2024-10-09T21:38:29.393+0300: 92.228: [ParNew: 460096K->51072K(460096K), 0.0331747 secs] 4804935K->4414467K(8337536K), 0.0332635 secs] [Times: user=0.03 sys=0.00, real=0.03 secs] 
2024-10-09T21:38:29.424+0300: 92.261: Total time for which application threads were stopped: 0.0335103 seconds, Stopping threads took: 0.0001275 seconds
2024-10-09T21:38:29.585+0300: 92.419: Application time: 0.1577188 seconds
2024-10-09T21:38:29.585+0300: 92.419: [GC (Allocation Failure) 2024-10-09T21:38:29.585+0300: 92.419: [ParNew: 460096K->51072K(460096K), 0.0345664 secs] 4823491K->4433707K(8337536K), 0.0346634 secs] [Times: user=0.01 sys=0.00, real=0.03 secs] 
2024-10-09T21:38:29.613+0300: 92.454: Total time for which application threads were stopped: 0.0349375 seconds, Stopping threads took: 0.0001502 seconds
2024-10-09T21:38:29.786+0300: 92.619: Application time: 0.1655524 seconds
2024-10-09T21:38:29.786+0300: 92.619: [GC (Allocation Failure) 2024-10-09T21:38:29.786+0300: 92.619: [ParNew: 460096K->51072K(460096K), 0.0306588 secs] 4842731K->4449214K(8337536K), 0.0307496 secs] [Times: user=0.06 sys=0.00, real=0.03 secs] 
2024-10-09T21:38:29.817+0300: 92.650: Total time for which application threads were stopped: 0.0310646 seconds, Stopping threads took: 0.0001760 seconds
2024-10-09T21:38:29.986+0300: 92.814: Application time: 0.1637632 seconds
2024-10-09T21:38:29.986+0300: 92.814: [GC (Allocation Failure) 2024-10-09T21:38:29.986+0300: 92.814: [ParNew: 460096K->51072K(460096K), 0.0328668 secs] 4858238K->4468363K(8337536K), 0.0329501 secs] [Times: user=0.01 sys=0.00, real=0.03 secs] 
2024-10-09T21:38:30.021+0300: 92.847: Total time for which application threads were stopped: 0.0331951 seconds, Stopping threads took: 0.0001258 seconds
2024-10-09T21:38:30.178+0300: 93.006: Application time: 0.1583891 seconds
2024-10-09T21:38:30.178+0300: 93.006: [GC (Allocation Failure) 2024-10-09T21:38:30.178+0300: 93.006: [ParNew: 460096K->51072K(460096K), 0.0304318 secs] 4877387K->4480238K(8337536K), 0.0305152 secs] [Times: user=0.01 sys=0.00, real=0.03 secs] 
2024-10-09T21:38:30.210+0300: 93.036: Total time for which application threads were stopped: 0.0307564 seconds, Stopping threads took: 0.0001253 seconds
2024-10-09T21:38:30.367+0300: 93.195: Application time: 0.1588813 seconds
2024-10-09T21:38:30.367+0300: 93.195: [GC (Allocation Failure) 2024-10-09T21:38:30.367+0300: 93.196: [ParNew: 460096K->51072K(460096K), 0.0403315 secs] 4889262K->4510547K(8337536K), 0.0404139 secs] [Times: user=0.03 sys=0.00, real=0.03 secs] 
2024-10-09T21:38:30.398+0300: 93.236: Total time for which application threads were stopped: 0.0406840 seconds, Stopping threads took: 0.0001524 seconds
2024-10-09T21:38:30.571+0300: 93.401: Application time: 0.1653961 seconds
2024-10-09T21:38:30.571+0300: 93.402: [GC (Allocation Failure) 2024-10-09T21:38:30.571+0300: 93.402: [ParNew: 460096K->51072K(460096K), 0.0342657 secs] 4919571K->4527693K(8337536K), 0.0343488 secs] [Times: user=0.03 sys=0.00, real=0.03 secs] 
2024-10-09T21:38:30.602+0300: 93.436: Total time for which application threads were stopped: 0.0346087 seconds, Stopping threads took: 0.0001441 seconds
2024-10-09T21:38:30.759+0300: 93.599: Application time: 0.1626191 seconds
2024-10-09T21:38:30.759+0300: 93.599: [GC (Allocation Failure) 2024-10-09T21:38:30.759+0300: 93.599: [ParNew: 460096K->51072K(460096K), 0.0360593 secs] 4936717K->4549922K(8337536K), 0.0361523 secs] [Times: user=0.06 sys=0.00, real=0.05 secs] 
2024-10-09T21:38:30.806+0300: 93.635: Total time for which application threads were stopped: 0.0364125 seconds, Stopping threads took: 0.0001145 seconds
2024-10-09T21:38:30.963+0300: 93.795: Application time: 0.1604166 seconds
2024-10-09T21:38:30.963+0300: 93.796: [GC (Allocation Failure) 2024-10-09T21:38:30.963+0300: 93.796: [ParNew: 460096K->51072K(460096K), 0.0352728 secs] 4958946K->4572353K(8337536K), 0.0353694 secs] [Times: user=0.03 sys=0.00, real=0.03 secs] 
2024-10-09T21:38:30.995+0300: 93.831: Total time for which application threads were stopped: 0.0356139 seconds, Stopping threads took: 0.0001288 seconds
2024-10-09T21:38:31.168+0300: 93.997: Application time: 0.1660941 seconds
2024-10-09T21:38:31.168+0300: 93.997: [GC (Allocation Failure) 2024-10-09T21:38:31.168+0300: 93.997: [ParNew: 460096K->46728K(460096K), 0.0357285 secs] 4981377K->4590282K(8337536K), 0.0358171 secs] [Times: user=0.03 sys=0.00, real=0.03 secs] 
2024-10-09T21:38:31.199+0300: 94.033: Total time for which application threads were stopped: 0.0360629 seconds, Stopping threads took: 0.0001323 seconds
2024-10-09T21:38:31.356+0300: 94.190: Application time: 0.1570031 seconds
2024-10-09T21:38:31.356+0300: 94.190: [GC (Allocation Failure) 2024-10-09T21:38:31.356+0300: 94.190: [ParNew: 455752K->51072K(460096K), 0.0331741 secs] 4999306K->4612238K(8337536K), 0.0332618 secs] [Times: user=0.03 sys=0.00, real=0.03 secs] 
2024-10-09T21:38:31.389+0300: 94.224: Total time for which application threads were stopped: 0.0335382 seconds, Stopping threads took: 0.0001589 seconds
2024-10-09T21:38:31.545+0300: 94.385: Application time: 0.1609518 seconds
2024-10-09T21:38:31.545+0300: 94.385: [GC (Allocation Failure) 2024-10-09T21:38:31.545+0300: 94.385: [ParNew: 460096K->51072K(460096K), 0.0387700 secs] 5021262K->4639578K(8337536K), 0.0388623 secs] [Times: user=0.05 sys=0.00, real=0.05 secs] 
2024-10-09T21:38:31.592+0300: 94.424: Total time for which application threads were stopped: 0.0391087 seconds, Stopping threads took: 0.0001291 seconds
2024-10-09T21:38:31.765+0300: 94.592: Application time: 0.1683289 seconds
2024-10-09T21:38:31.765+0300: 94.592: [GC (Allocation Failure) 2024-10-09T21:38:31.765+0300: 94.592: [ParNew: 460096K->51072K(460096K), 0.0310141 secs] 5048602K->4656167K(8337536K), 0.0311043 secs] [Times: user=0.05 sys=0.00, real=0.03 secs] 
2024-10-09T21:38:31.796+0300: 94.624: Total time for which application threads were stopped: 0.0313868 seconds, Stopping threads took: 0.0001594 seconds
2024-10-09T21:38:31.953+0300: 94.780: Application time: 0.1560973 seconds
2024-10-09T21:38:31.953+0300: 94.780: [GC (Allocation Failure) 2024-10-09T21:38:31.953+0300: 94.780: [ParNew: 460096K->51072K(460096K), 0.0341754 secs] 5065191K->4679919K(8337536K), 0.0342665 secs] [Times: user=0.03 sys=0.00, real=0.03 secs] 
2024-10-09T21:38:31.984+0300: 94.814: Total time for which application threads were stopped: 0.0344943 seconds, Stopping threads took: 0.0001115 seconds
2024-10-09T21:38:32.141+0300: 94.980: Application time: 0.1654421 seconds
2024-10-09T21:38:32.141+0300: 94.980: [GC (Allocation Failure) 2024-10-09T21:38:32.141+0300: 94.980: [ParNew: 460096K->51072K(460096K), 0.0297982 secs] 5088943K->4692783K(8337536K), 0.0298871 secs] [Times: user=0.03 sys=0.00, real=0.03 secs] 
2024-10-09T21:38:32.172+0300: 95.010: Total time for which application threads were stopped: 0.0301548 seconds, Stopping threads took: 0.0001513 seconds
2024-10-09T21:38:32.329+0300: 95.165: Application time: 0.1552305 seconds
2024-10-09T21:38:32.329+0300: 95.165: [GC (Allocation Failure) 2024-10-09T21:38:32.329+0300: 95.165: [ParNew: 460096K->51072K(460096K), 0.0315872 secs] 5101807K->4709903K(8337536K), 0.0316796 secs] [Times: user=0.03 sys=0.00, real=0.03 secs] 
2024-10-09T21:38:32.361+0300: 95.197: Total time for which application threads were stopped: 0.0319426 seconds, Stopping threads took: 0.0001434 seconds
2024-10-09T21:38:32.518+0300: 95.355: Application time: 0.1585163 seconds
2024-10-09T21:38:32.518+0300: 95.356: [GC (Allocation Failure) 2024-10-09T21:38:32.518+0300: 95.356: [ParNew: 460096K->51072K(460096K), 0.0319438 secs] 5118927K->4728796K(8337536K), 0.0320363 secs] [Times: user=0.02 sys=0.00, real=0.03 secs] 
2024-10-09T21:38:32.549+0300: 95.388: Total time for which application threads were stopped: 0.0323873 seconds, Stopping threads took: 0.0002129 seconds
2024-10-09T21:38:32.722+0300: 95.559: Application time: 0.1711472 seconds
2024-10-09T21:38:32.722+0300: 95.559: [GC (Allocation Failure) 2024-10-09T21:38:32.722+0300: 95.559: [ParNew: 460096K->51072K(460096K), 0.0315677 secs] 5137820K->4741963K(8337536K), 0.0316604 secs] [Times: user=0.06 sys=0.00, real=0.03 secs] 
2024-10-09T21:38:32.753+0300: 95.591: Total time for which application threads were stopped: 0.0320042 seconds, Stopping threads took: 0.0002051 seconds
2024-10-09T21:38:32.910+0300: 95.748: Application time: 0.1574846 seconds
2024-10-09T21:38:32.910+0300: 95.749: [GC (Allocation Failure) 2024-10-09T21:38:32.910+0300: 95.749: [ParNew: 460096K->51072K(460096K), 0.0372371 secs] 5150987K->4765415K(8337536K), 0.0373246 secs] [Times: user=0.03 sys=0.02, real=0.05 secs] 
2024-10-09T21:38:32.957+0300: 95.786: Total time for which application threads were stopped: 0.0376053 seconds, Stopping threads took: 0.0001603 seconds
2024-10-09T21:38:33.114+0300: 95.947: Application time: 0.1609320 seconds
2024-10-09T21:38:33.114+0300: 95.947: [GC (Allocation Failure) 2024-10-09T21:38:33.114+0300: 95.947: [ParNew: 460096K->51072K(460096K), 0.0378324 secs] 5174439K->4794497K(8337536K), 0.0379178 secs] [Times: user=0.01 sys=0.00, real=0.03 secs] 
2024-10-09T21:38:33.145+0300: 95.985: Total time for which application threads were stopped: 0.0381801 seconds, Stopping threads took: 0.0001461 seconds
2024-10-09T21:38:33.318+0300: 96.151: Application time: 0.1657742 seconds
2024-10-09T21:38:33.318+0300: 96.151: [GC (Allocation Failure) 2024-10-09T21:38:33.318+0300: 96.151: [ParNew: 460096K->51072K(460096K), 0.0295734 secs] 5203521K->4803263K(8337536K), 0.0296556 secs] [Times: user=0.03 sys=0.00, real=0.03 secs] 
2024-10-09T21:38:33.349+0300: 96.181: Total time for which application threads were stopped: 0.0299414 seconds, Stopping threads took: 0.0001696 seconds
2024-10-09T21:38:33.507+0300: 96.340: Application time: 0.1592936 seconds
2024-10-09T21:38:33.507+0300: 96.340: [GC (Allocation Failure) 2024-10-09T21:38:33.507+0300: 96.340: [ParNew: 460096K->51072K(460096K), 0.0332134 secs] 5212287K->4822305K(8337536K), 0.0333034 secs] [Times: user=0.03 sys=0.00, real=0.03 secs] 
2024-10-09T21:38:33.538+0300: 96.374: Total time for which application threads were stopped: 0.0336126 seconds, Stopping threads took: 0.0001886 seconds
2024-10-09T21:38:33.711+0300: 96.538: Application time: 0.1639948 seconds
2024-10-09T21:38:33.711+0300: 96.538: [GC (Allocation Failure) 2024-10-09T21:38:33.711+0300: 96.538: [ParNew: 460096K->51072K(460096K), 0.0317373 secs] 5231329K->4839755K(8337536K), 0.0318350 secs] [Times: user=0.05 sys=0.01, real=0.03 secs] 
2024-10-09T21:38:33.742+0300: 96.570: Total time for which application threads were stopped: 0.0320907 seconds, Stopping threads took: 0.0001194 seconds
2024-10-09T21:38:33.899+0300: 96.734: Application time: 0.1643927 seconds
2024-10-09T21:38:33.899+0300: 96.735: [GC (Allocation Failure) 2024-10-09T21:38:33.899+0300: 96.735: [ParNew: 460096K->51072K(460096K), 0.0389926 secs] 5248779K->4862570K(8337536K), 0.0390818 secs] [Times: user=0.06 sys=0.02, real=0.05 secs] 
2024-10-09T21:38:33.946+0300: 96.774: Total time for which application threads were stopped: 0.0393672 seconds, Stopping threads took: 0.0001657 seconds
2024-10-09T21:38:34.104+0300: 96.942: Application time: 0.1683001 seconds
2024-10-09T21:38:34.104+0300: 96.942: [GC (Allocation Failure) 2024-10-09T21:38:34.104+0300: 96.942: [ParNew: 460096K->51072K(460096K), 0.0342420 secs] 5271594K->4881059K(8337536K), 0.0343408 secs] [Times: user=0.12 sys=0.00, real=0.03 secs] 
2024-10-09T21:38:34.135+0300: 96.977: Total time for which application threads were stopped: 0.0346405 seconds, Stopping threads took: 0.0001502 seconds
2024-10-09T21:38:34.295+0300: 97.131: Application time: 0.1540303 seconds
2024-10-09T21:38:34.295+0300: 97.131: [GC (Allocation Failure) 2024-10-09T21:38:34.295+0300: 97.131: [ParNew: 460096K->51072K(460096K), 0.0325195 secs] 5290083K->4897633K(8337536K), 0.0326294 secs] [Times: user=0.14 sys=0.00, real=0.03 secs] 
2024-10-09T21:38:34.324+0300: 97.164: Total time for which application threads were stopped: 0.0329111 seconds, Stopping threads took: 0.0001461 seconds
2024-10-09T21:38:34.497+0300: 97.325: Application time: 0.1616480 seconds
2024-10-09T21:38:34.497+0300: 97.325: [GC (Allocation Failure) 2024-10-09T21:38:34.497+0300: 97.325: [ParNew: 460096K->51072K(460096K), 0.0336655 secs] 5306657K->4915913K(8337536K), 0.0337562 secs] [Times: user=0.05 sys=0.01, real=0.03 secs] 
2024-10-09T21:38:34.528+0300: 97.359: Total time for which application threads were stopped: 0.0340215 seconds, Stopping threads took: 0.0001446 seconds
2024-10-09T21:38:34.701+0300: 97.530: Application time: 0.1712070 seconds
2024-10-09T21:38:34.701+0300: 97.531: [GC (Allocation Failure) 2024-10-09T21:38:34.701+0300: 97.531: [ParNew: 460096K->51072K(460096K), 0.0321014 secs] 5324937K->4930305K(8337536K), 0.0322016 secs] [Times: user=0.14 sys=0.00, real=0.03 secs] 
2024-10-09T21:38:34.732+0300: 97.563: Total time for which application threads were stopped: 0.0324506 seconds, Stopping threads took: 0.0001209 seconds
2024-10-09T21:38:34.889+0300: 97.716: Application time: 0.1533770 seconds
2024-10-09T21:38:34.889+0300: 97.716: [GC (Allocation Failure) 2024-10-09T21:38:34.889+0300: 97.717: [ParNew: 460096K->51072K(460096K), 0.0346056 secs] 5339329K->4947320K(8337536K), 0.0347167 secs] [Times: user=0.14 sys=0.00, real=0.03 secs] 
2024-10-09T21:38:34.921+0300: 97.751: Total time for which application threads were stopped: 0.0350044 seconds, Stopping threads took: 0.0001598 seconds
2024-10-09T21:38:35.077+0300: 97.911: Application time: 0.1595853 seconds
2024-10-09T21:38:35.077+0300: 97.911: [GC (Allocation Failure) 2024-10-09T21:38:35.077+0300: 97.911: [ParNew: 460096K->51072K(460096K), 0.0334239 secs] 5356344K->4966402K(8337536K), 0.0335267 secs] [Times: user=0.12 sys=0.00, real=0.03 secs] 
2024-10-09T21:38:35.109+0300: 97.945: Total time for which application threads were stopped: 0.0337694 seconds, Stopping threads took: 0.0001031 seconds
2024-10-09T21:38:35.281+0300: 98.109: Application time: 0.1642690 seconds
2024-10-09T21:38:35.281+0300: 98.109: [GC (Allocation Failure) 2024-10-09T21:38:35.281+0300: 98.109: [ParNew: 460096K->51072K(460096K), 0.0374395 secs] 5375426K->4987569K(8337536K), 0.0375386 secs] [Times: user=0.16 sys=0.02, real=0.03 secs] 
2024-10-09T21:38:35.313+0300: 98.147: Total time for which application threads were stopped: 0.0377535 seconds, Stopping threads took: 0.0000817 seconds
2024-10-09T21:38:35.470+0300: 98.302: Application time: 0.1552451 seconds
2024-10-09T21:38:35.470+0300: 98.302: [GC (Allocation Failure) 2024-10-09T21:38:35.470+0300: 98.302: [ParNew: 460096K->51072K(460096K), 0.0426300 secs] 5396593K->5015423K(8337536K), 0.0427357 secs] [Times: user=0.22 sys=0.00, real=0.05 secs] 
2024-10-09T21:38:35.517+0300: 98.345: Total time for which application threads were stopped: 0.0430432 seconds, Stopping threads took: 0.0001577 seconds
2024-10-09T21:38:35.674+0300: 98.503: Application time: 0.1583438 seconds
2024-10-09T21:38:35.674+0300: 98.504: [GC (Allocation Failure) 2024-10-09T21:38:35.674+0300: 98.504: [ParNew: 460096K->48102K(460096K), 0.0354620 secs] 5424447K->5032807K(8337536K), 0.0355513 secs] [Times: user=0.20 sys=0.00, real=0.03 secs] 
2024-10-09T21:38:35.706+0300: 98.539: Total time for which application threads were stopped: 0.0358673 seconds, Stopping threads took: 0.0001724 seconds
2024-10-09T21:38:35.878+0300: 98.708: Application time: 0.1690820 seconds
2024-10-09T21:38:35.878+0300: 98.708: [GC (Allocation Failure) 2024-10-09T21:38:35.878+0300: 98.709: [ParNew: 457126K->51072K(460096K), 0.0289889 secs] 5441831K->5044864K(8337536K), 0.0290974 secs] [Times: user=0.03 sys=0.00, real=0.03 secs] 
2024-10-09T21:38:35.910+0300: 98.738: Total time for which application threads were stopped: 0.0293775 seconds, Stopping threads took: 0.0001513 seconds
2024-10-09T21:38:36.051+0300: 98.892: Application time: 0.1542126 seconds
2024-10-09T21:38:36.066+0300: 98.892: [GC (Allocation Failure) 2024-10-09T21:38:36.066+0300: 98.892: [ParNew: 460096K->51072K(460096K), 0.0309403 secs] 5453888K->5061333K(8337536K), 0.0310575 secs] [Times: user=0.16 sys=0.00, real=0.02 secs] 
2024-10-09T21:38:36.082+0300: 98.923: Total time for which application threads were stopped: 0.0314145 seconds, Stopping threads took: 0.0001517 seconds
2024-10-09T21:38:36.255+0300: 99.083: Application time: 0.1593120 seconds
2024-10-09T21:38:36.255+0300: 99.083: [GC (Allocation Failure) 2024-10-09T21:38:36.255+0300: 99.083: [ParNew: 460096K->51072K(460096K), 0.0390402 secs] 5470357K->5083493K(8337536K), 0.0391468 secs] [Times: user=0.14 sys=0.00, real=0.03 secs] 
2024-10-09T21:38:36.286+0300: 99.122: Total time for which application threads were stopped: 0.0394334 seconds, Stopping threads took: 0.0001400 seconds
2024-10-09T21:38:36.459+0300: 99.287: Application time: 0.1652667 seconds
2024-10-09T21:38:36.459+0300: 99.287: [GC (Allocation Failure) 2024-10-09T21:38:36.459+0300: 99.287: [ParNew: 460096K->51072K(460096K), 0.0303740 secs] 5492517K->5095608K(8337536K), 0.0304712 secs] [Times: user=0.12 sys=0.00, real=0.03 secs] 
2024-10-09T21:38:36.490+0300: 99.318: Total time for which application threads were stopped: 0.0307096 seconds, Stopping threads took: 0.0001019 seconds
2024-10-09T21:38:36.647+0300: 99.474: Application time: 0.1564472 seconds
2024-10-09T21:38:36.647+0300: 99.475: [GC (Allocation Failure) 2024-10-09T21:38:36.647+0300: 99.475: [ParNew: 460096K->51072K(460096K), 0.0429588 secs] 5504632K->5119780K(8337536K), 0.0430569 secs] [Times: user=0.20 sys=0.02, real=0.03 secs] 
2024-10-09T21:38:36.678+0300: 99.518: Total time for which application threads were stopped: 0.0433219 seconds, Stopping threads took: 0.0001352 seconds
2024-10-09T21:38:36.835+0300: 99.674: Application time: 0.1558084 seconds
2024-10-09T21:38:36.835+0300: 99.674: [GC (Allocation Failure) 2024-10-09T21:38:36.835+0300: 99.674: [ParNew: 460096K->51072K(460096K), 0.0375709 secs] 5528804K->5143196K(8337536K), 0.0376832 secs] [Times: user=0.12 sys=0.00, real=0.05 secs] 
2024-10-09T21:38:36.882+0300: 99.712: Total time for which application threads were stopped: 0.0379831 seconds, Stopping threads took: 0.0001711 seconds
2024-10-09T21:38:37.040+0300: 99.880: Application time: 0.1686243 seconds
2024-10-09T21:38:37.040+0300: 99.880: [GC (Allocation Failure) 2024-10-09T21:38:37.040+0300: 99.880: [ParNew: 460096K->51072K(460096K), 0.0326525 secs] 5552220K->5160280K(8337536K), 0.0327422 secs] [Times: user=0.14 sys=0.00, real=0.05 secs] 
2024-10-09T21:38:37.087+0300: 99.913: Total time for which application threads were stopped: 0.0330041 seconds, Stopping threads took: 0.0001364 seconds
2024-10-09T21:38:37.244+0300: 100.072: Application time: 0.1591042 seconds
2024-10-09T21:38:37.244+0300: 100.073: [GC (Allocation Failure) 2024-10-09T21:38:37.244+0300: 100.073: [ParNew: 460096K->51072K(460096K), 0.0323711 secs] 5569304K->5174799K(8337536K), 0.0324747 secs] [Times: user=0.11 sys=0.00, real=0.03 secs] 
2024-10-09T21:38:37.275+0300: 100.105: Total time for which application threads were stopped: 0.0327748 seconds, Stopping threads took: 0.0001643 seconds
2024-10-09T21:38:37.417+0300: 100.257: Application time: 0.1524237 seconds
2024-10-09T21:38:37.417+0300: 100.258: [GC (Allocation Failure) 2024-10-09T21:38:37.417+0300: 100.258: [ParNew: 460096K->51072K(460096K), 0.0315528 secs] 5583823K->5192951K(8337536K), 0.0316650 secs] [Times: user=0.19 sys=0.00, real=0.05 secs] 
2024-10-09T21:38:37.463+0300: 100.289: Total time for which application threads were stopped: 0.0319621 seconds, Stopping threads took: 0.0001619 seconds
2024-10-09T21:38:37.621+0300: 100.455: Application time: 0.1655851 seconds
2024-10-09T21:38:37.621+0300: 100.455: [GC (Allocation Failure) 2024-10-09T21:38:37.621+0300: 100.455: [ParNew: 460096K->50905K(460096K), 0.0344901 secs] 5601975K->5211976K(8337536K), 0.0345927 secs] [Times: user=0.11 sys=0.00, real=0.03 secs] 
2024-10-09T21:38:37.652+0300: 100.490: Total time for which application threads were stopped: 0.0348668 seconds, Stopping threads took: 0.0001423 seconds
2024-10-09T21:38:37.825+0300: 100.656: Application time: 0.1664486 seconds
2024-10-09T21:38:37.825+0300: 100.657: [GC (Allocation Failure) 2024-10-09T21:38:37.825+0300: 100.657: [ParNew: 459929K->51072K(460096K), 0.0285625 secs] 5621000K->5220546K(8337536K), 0.0286589 secs] [Times: user=0.05 sys=0.00, real=0.03 secs] 
2024-10-09T21:38:37.856+0300: 100.685: Total time for which application threads were stopped: 0.0289580 seconds, Stopping threads took: 0.0001641 seconds
2024-10-09T21:38:38.004+0300: 100.837: Application time: 0.1517029 seconds
2024-10-09T21:38:38.004+0300: 100.837: [GC (Allocation Failure) 2024-10-09T21:38:38.004+0300: 100.837: [ParNew: 460096K->51072K(460096K), 0.0331818 secs] 5629570K->5240712K(8337536K), 0.0332684 secs] [Times: user=0.05 sys=0.00, real=0.04 secs] 
2024-10-09T21:38:38.044+0300: 100.871: Total time for which application threads were stopped: 0.0335542 seconds, Stopping threads took: 0.0001648 seconds
2024-10-09T21:38:38.204+0300: 101.035: Application time: 0.1640067 seconds
2024-10-09T21:38:38.204+0300: 101.035: [GC (Allocation Failure) 2024-10-09T21:38:38.204+0300: 101.035: [ParNew: 460096K->46792K(460096K), 0.0377723 secs] 5649736K->5263448K(8337536K), 0.0378711 secs] [Times: user=0.06 sys=0.01, real=0.03 secs] 
2024-10-09T21:38:38.233+0300: 101.073: Total time for which application threads were stopped: 0.0381471 seconds, Stopping threads took: 0.0001440 seconds
2024-10-09T21:38:38.406+0300: 101.239: Application time: 0.1667020 seconds
2024-10-09T21:38:38.406+0300: 101.240: [GC (Allocation Failure) 2024-10-09T21:38:38.406+0300: 101.240: [ParNew: 455816K->51072K(460096K), 0.0310328 secs] 5672472K->5279651K(8337536K), 0.0311390 secs] [Times: user=0.14 sys=0.02, real=0.03 secs] 
2024-10-09T21:38:38.437+0300: 101.271: Total time for which application threads were stopped: 0.0314132 seconds, Stopping threads took: 0.0001208 seconds
2024-10-09T21:38:38.594+0300: 101.422: Application time: 0.1516378 seconds
2024-10-09T21:38:38.594+0300: 101.423: [GC (Allocation Failure) 2024-10-09T21:38:38.594+0300: 101.423: [ParNew: 460096K->51072K(460096K), 0.0375370 secs] 5688675K->5304923K(8337536K), 0.0376289 secs] [Times: user=0.08 sys=0.01, real=0.03 secs] 
2024-10-09T21:38:38.626+0300: 101.460: Total time for which application threads were stopped: 0.0378868 seconds, Stopping threads took: 0.0001219 seconds
2024-10-09T21:38:38.798+0300: 101.630: Application time: 0.1695425 seconds
2024-10-09T21:38:38.798+0300: 101.630: [GC (Allocation Failure) 2024-10-09T21:38:38.798+0300: 101.630: [ParNew: 460096K->51072K(460096K), 0.0306158 secs] 5713947K->5319914K(8337536K), 0.0307072 secs] [Times: user=0.16 sys=0.02, real=0.03 secs] 
2024-10-09T21:38:38.830+0300: 101.661: Total time for which application threads were stopped: 0.0310034 seconds, Stopping threads took: 0.0001592 seconds
2024-10-09T21:38:39.002+0300: 101.828: Application time: 0.1674526 seconds
2024-10-09T21:38:39.002+0300: 101.829: [GC (Allocation Failure) 2024-10-09T21:38:39.002+0300: 101.829: [ParNew: 460096K->51072K(460096K), 0.0331809 secs] 5728938K->5337386K(8337536K), 0.0332757 secs] [Times: user=0.16 sys=0.02, real=0.03 secs] 
2024-10-09T21:38:39.034+0300: 101.862: Total time for which application threads were stopped: 0.0335447 seconds, Stopping threads took: 0.0001281 seconds
2024-10-09T21:38:39.191+0300: 102.017: Application time: 0.1549271 seconds
2024-10-09T21:38:39.191+0300: 102.017: [GC (Allocation Failure) 2024-10-09T21:38:39.191+0300: 102.017: [ParNew: 460096K->51072K(460096K), 0.0290385 secs] 5746410K->5350442K(8337536K), 0.0291258 secs] [Times: user=0.02 sys=0.00, real=0.02 secs] 
2024-10-09T21:38:39.206+0300: 102.046: Total time for which application threads were stopped: 0.0293765 seconds, Stopping threads took: 0.0001382 seconds
2024-10-09T21:38:39.379+0300: 102.209: Application time: 0.1625932 seconds
2024-10-09T21:38:39.379+0300: 102.209: [GC (Allocation Failure) 2024-10-09T21:38:39.379+0300: 102.209: [ParNew: 460096K->48998K(460096K), 0.0392785 secs] 5759466K->5377648K(8337536K), 0.0393679 secs] [Times: user=0.03 sys=0.00, real=0.03 secs] 
2024-10-09T21:38:39.411+0300: 102.249: Total time for which application threads were stopped: 0.0396611 seconds, Stopping threads took: 0.0001757 seconds
2024-10-09T21:38:39.583+0300: 102.410: Application time: 0.1610150 seconds
2024-10-09T21:38:39.583+0300: 102.410: [GC (Allocation Failure) 2024-10-09T21:38:39.583+0300: 102.410: [ParNew: 458022K->51072K(460096K), 0.0320841 secs] 5786672K->5397746K(8337536K), 0.0321759 secs] [Times: user=0.03 sys=0.00, real=0.03 secs] 
2024-10-09T21:38:39.615+0300: 102.442: Total time for which application threads were stopped: 0.0324496 seconds, Stopping threads took: 0.0001385 seconds
2024-10-09T21:38:39.772+0300: 102.609: Application time: 0.1670117 seconds
2024-10-09T21:38:39.772+0300: 102.609: [GC (Allocation Failure) 2024-10-09T21:38:39.772+0300: 102.609: [ParNew: 460096K->51010K(460096K), 0.0350698 secs] 5806770K->5416114K(8337536K), 0.0351692 secs] [Times: user=0.08 sys=0.00, real=0.04 secs] 
2024-10-09T21:38:39.808+0300: 102.644: Total time for which application threads were stopped: 0.0354619 seconds, Stopping threads took: 0.0001543 seconds
2024-10-09T21:38:39.976+0300: 102.802: Application time: 0.1575055 seconds
2024-10-09T21:38:39.976+0300: 102.802: [GC (Allocation Failure) 2024-10-09T21:38:39.976+0300: 102.802: [ParNew: 460034K->51072K(460096K), 0.0368251 secs] 5825138K->5439638K(8337536K), 0.0369237 secs] [Times: user=0.03 sys=0.02, real=0.03 secs] 
2024-10-09T21:38:40.008+0300: 102.839: Total time for which application threads were stopped: 0.0371910 seconds, Stopping threads took: 0.0001400 seconds
2024-10-09T21:38:40.164+0300: 103.005: Application time: 0.1663090 seconds
2024-10-09T21:38:40.180+0300: 103.006: [GC (Allocation Failure) 2024-10-09T21:38:40.180+0300: 103.006: [ParNew: 460096K->51072K(460096K), 0.0369470 secs] 5848662K->5463178K(8337536K), 0.0370535 secs] [Times: user=0.06 sys=0.00, real=0.03 secs] 
2024-10-09T21:38:40.211+0300: 103.043: Total time for which application threads were stopped: 0.0373590 seconds, Stopping threads took: 0.0001680 seconds
2024-10-09T21:38:40.368+0300: 103.206: Application time: 0.1630167 seconds
2024-10-09T21:38:40.368+0300: 103.206: [GC (Allocation Failure) 2024-10-09T21:38:40.368+0300: 103.206: [ParNew: 460096K->51072K(460096K), 0.0316495 secs] 5872202K->5475556K(8337536K), 0.0317421 secs] [Times: user=0.05 sys=0.00, real=0.04 secs] 
2024-10-09T21:38:40.409+0300: 103.238: Total time for which application threads were stopped: 0.0320257 seconds, Stopping threads took: 0.0001565 seconds
2024-10-09T21:38:40.556+0300: 103.395: Application time: 0.1573513 seconds
2024-10-09T21:38:40.556+0300: 103.395: [GC (Allocation Failure) 2024-10-09T21:38:40.556+0300: 103.395: [ParNew: 460096K->51072K(460096K), 0.0423234 secs] 5884580K->5508376K(8337536K), 0.0424153 secs] [Times: user=0.09 sys=0.00, real=0.05 secs] 
2024-10-09T21:38:40.609+0300: 103.438: Total time for which application threads were stopped: 0.0426782 seconds, Stopping threads took: 0.0001371 seconds
2024-10-09T21:38:40.776+0300: 103.608: Application time: 0.1705477 seconds
2024-10-09T21:38:40.776+0300: 103.609: [GC (Allocation Failure) 2024-10-09T21:38:40.776+0300: 103.609: [ParNew: 460096K->44223K(460096K), 0.0326373 secs] 5917400K->5517854K(8337536K), 0.0327438 secs] [Times: user=0.11 sys=0.00, real=0.03 secs] 
2024-10-09T21:38:40.810+0300: 103.642: Total time for which application threads were stopped: 0.0330627 seconds, Stopping threads took: 0.0001549 seconds
2024-10-09T21:38:40.980+0300: 103.807: Application time: 0.1650668 seconds
2024-10-09T21:38:40.980+0300: 103.807: [GC (Allocation Failure) 2024-10-09T21:38:40.980+0300: 103.807: [ParNew: 453247K->51072K(460096K), 0.0287063 secs] 5926878K->5533637K(8337536K), 0.0288105 secs] [Times: user=0.05 sys=0.00, real=0.01 secs] 
2024-10-09T21:38:40.995+0300: 103.836: Total time for which application threads were stopped: 0.0290908 seconds, Stopping threads took: 0.0001462 seconds
2024-10-09T21:38:41.154+0300: 103.989: Application time: 0.1533510 seconds
2024-10-09T21:38:41.154+0300: 103.989: [GC (Allocation Failure) 2024-10-09T21:38:41.154+0300: 103.989: [ParNew: 460096K->51072K(460096K), 0.0360920 secs] 5942661K->5559266K(8337536K), 0.0361871 secs] [Times: user=0.05 sys=0.00, real=0.03 secs] 
2024-10-09T21:38:41.185+0300: 104.026: Total time for which application threads were stopped: 0.0364975 seconds, Stopping threads took: 0.0001853 seconds
2024-10-09T21:38:41.358+0300: 104.192: Application time: 0.1666520 seconds
2024-10-09T21:38:41.358+0300: 104.192: [GC (Allocation Failure) 2024-10-09T21:38:41.358+0300: 104.192: [ParNew: 460096K->48858K(460096K), 0.0323168 secs] 5968290K->5575006K(8337536K), 0.0324078 secs] [Times: user=0.06 sys=0.00, real=0.03 secs] 
2024-10-09T21:38:41.389+0300: 104.225: Total time for which application threads were stopped: 0.0327005 seconds, Stopping threads took: 0.0001658 seconds
2024-10-09T21:38:41.562+0300: 104.388: Application time: 0.1629069 seconds
2024-10-09T21:38:41.562+0300: 104.388: [GC (Allocation Failure) 2024-10-09T21:38:41.562+0300: 104.388: [ParNew: 457882K->51072K(460096K), 0.0371144 secs] 5984030K->5599120K(8337536K), 0.0372095 secs] [Times: user=0.05 sys=0.00, real=0.03 secs] 
2024-10-09T21:38:41.593+0300: 104.425: Total time for which application threads were stopped: 0.0374732 seconds, Stopping threads took: 0.0001409 seconds
2024-10-09T21:38:41.750+0300: 104.588: Application time: 0.1631390 seconds
2024-10-09T21:38:41.750+0300: 104.589: [GC (Allocation Failure) 2024-10-09T21:38:41.750+0300: 104.589: [ParNew: 460096K->51072K(460096K), 0.0391406 secs] 6008144K->5626081K(8337536K), 0.0392378 secs] [Times: user=0.09 sys=0.02, real=0.05 secs] 
2024-10-09T21:38:41.797+0300: 104.628: Total time for which application threads were stopped: 0.0395295 seconds, Stopping threads took: 0.0001662 seconds
2024-10-09T21:38:41.954+0300: 104.795: Application time: 0.1669358 seconds
2024-10-09T21:38:41.954+0300: 104.795: [GC (Allocation Failure) 2024-10-09T21:38:41.954+0300: 104.795: [ParNew: 460096K->51072K(460096K), 0.0331806 secs] 6035105K->5643542K(8337536K), 0.0332729 secs] [Times: user=0.05 sys=0.00, real=0.05 secs] 
2024-10-09T21:38:42.001+0300: 104.828: Total time for which application threads were stopped: 0.0335356 seconds, Stopping threads took: 0.0001329 seconds
2024-10-09T21:38:42.158+0300: 104.990: Application time: 0.1614276 seconds
2024-10-09T21:38:42.158+0300: 104.990: [GC (Allocation Failure) 2024-10-09T21:38:42.158+0300: 104.990: [ParNew: 460096K->51072K(460096K), 0.0398449 secs] 6052566K->5670636K(8337536K), 0.0399400 secs] [Times: user=0.08 sys=0.02, real=0.03 secs] 
2024-10-09T21:38:42.189+0300: 105.030: Total time for which application threads were stopped: 0.0402416 seconds, Stopping threads took: 0.0001767 seconds
2024-10-09T21:38:42.346+0300: 105.184: Application time: 0.1538047 seconds
2024-10-09T21:38:42.346+0300: 105.184: [GC (Allocation Failure) 2024-10-09T21:38:42.346+0300: 105.184: [ParNew: 460096K->51072K(460096K), 0.0336248 secs] 6079660K->5689732K(8337536K), 0.0337227 secs] [Times: user=0.09 sys=0.00, real=0.03 secs] 
2024-10-09T21:38:42.378+0300: 105.218: Total time for which application threads were stopped: 0.0340202 seconds, Stopping threads took: 0.0001738 seconds
2024-10-09T21:38:42.551+0300: 105.381: Application time: 0.1634567 seconds
2024-10-09T21:38:42.551+0300: 105.382: [GC (Allocation Failure) 2024-10-09T21:38:42.551+0300: 105.382: [ParNew: 460096K->51072K(460096K), 0.0343615 secs] 6098756K->5711947K(8337536K), 0.0344533 secs] [Times: user=0.05 sys=0.00, real=0.03 secs] 
2024-10-09T21:38:42.582+0300: 105.416: Total time for which application threads were stopped: 0.0347315 seconds, Stopping threads took: 0.0001471 seconds
2024-10-09T21:38:42.755+0300: 105.584: Application time: 0.1683782 seconds
2024-10-09T21:38:42.755+0300: 105.585: [GC (Allocation Failure) 2024-10-09T21:38:42.755+0300: 105.585: [ParNew: 460096K->51072K(460096K), 0.0292724 secs] 6120971K->5722184K(8337536K), 0.0293845 secs] [Times: user=0.11 sys=0.00, real=0.03 secs] 
2024-10-09T21:38:42.786+0300: 105.614: Total time for which application threads were stopped: 0.0296731 seconds, Stopping threads took: 0.0001455 seconds
2024-10-09T21:38:42.943+0300: 105.771: Application time: 0.1566488 seconds
2024-10-09T21:38:42.943+0300: 105.771: [GC (Allocation Failure) 2024-10-09T21:38:42.943+0300: 105.771: [ParNew: 460096K->51072K(460096K), 0.0343464 secs] 6131208K->5741817K(8337536K), 0.0344360 secs] [Times: user=0.08 sys=0.00, real=0.03 secs] 
2024-10-09T21:38:42.974+0300: 105.806: Total time for which application threads were stopped: 0.0347173 seconds, Stopping threads took: 0.0001560 seconds
2024-10-09T21:38:43.131+0300: 105.966: Application time: 0.1604727 seconds
2024-10-09T21:38:43.131+0300: 105.966: [GC (Allocation Failure) 2024-10-09T21:38:43.131+0300: 105.966: [ParNew: 460096K->48555K(460096K), 0.0336407 secs] 6150841K->5760807K(8337536K), 0.0337314 secs] [Times: user=0.06 sys=0.00, real=0.03 secs] 
2024-10-09T21:38:43.163+0300: 106.000: Total time for which application threads were stopped: 0.0339390 seconds, Stopping threads took: 0.0000779 seconds
2024-10-09T21:38:43.335+0300: 106.164: Application time: 0.1645162 seconds
2024-10-09T21:38:43.335+0300: 106.165: [GC (Allocation Failure) 2024-10-09T21:38:43.335+0300: 106.165: [ParNew: 457579K->51072K(460096K), 0.0286379 secs] 6169831K->5772668K(8337536K), 0.0287330 secs] [Times: user=0.08 sys=0.00, real=0.03 secs] 
2024-10-09T21:38:43.367+0300: 106.193: Total time for which application threads were stopped: 0.0289840 seconds, Stopping threads took: 0.0001266 seconds
2024-10-09T21:38:43.516+0300: 106.343: Application time: 0.1491945 seconds
2024-10-09T21:38:43.516+0300: 106.343: [GC (Allocation Failure) 2024-10-09T21:38:43.516+0300: 106.343: [ParNew: 460096K->51072K(460096K), 0.0349649 secs] 6181692K->5794524K(8337536K), 0.0350528 secs] [Times: user=0.08 sys=0.00, real=0.02 secs] 
2024-10-09T21:38:43.539+0300: 106.378: Total time for which application threads were stopped: 0.0352757 seconds, Stopping threads took: 0.0000972 seconds
2024-10-09T21:38:43.716+0300: 106.545: Application time: 0.1667935 seconds
2024-10-09T21:38:43.716+0300: 106.545: [GC (Allocation Failure) 2024-10-09T21:38:43.716+0300: 106.545: [ParNew: 460096K->51072K(460096K), 0.0351031 secs] 6203548K->5816968K(8337536K), 0.0351947 secs] [Times: user=0.08 sys=0.00, real=0.03 secs] 
2024-10-09T21:38:43.743+0300: 106.580: Total time for which application threads were stopped: 0.0354521 seconds, Stopping threads took: 0.0001209 seconds
2024-10-09T21:38:43.917+0300: 106.748: Application time: 0.1676567 seconds
2024-10-09T21:38:43.917+0300: 106.748: [GC (Allocation Failure) 2024-10-09T21:38:43.917+0300: 106.748: [ParNew: 460096K->51072K(460096K), 0.0311548 secs] 6225992K->5832303K(8337536K), 0.0312428 secs] [Times: user=0.06 sys=0.00, real=0.03 secs] 
2024-10-09T21:38:43.948+0300: 106.779: Total time for which application threads were stopped: 0.0315023 seconds, Stopping threads took: 0.0001375 seconds
2024-10-09T21:38:44.105+0300: 106.935: Application time: 0.1555602 seconds
2024-10-09T21:38:44.105+0300: 106.935: [GC (Allocation Failure) 2024-10-09T21:38:44.105+0300: 106.935: [ParNew: 460096K->51072K(460096K), 0.0315720 secs] 6241327K->5849853K(8337536K), 0.0316687 secs] [Times: user=0.06 sys=0.00, real=0.03 secs] 
2024-10-09T21:38:44.136+0300: 106.967: Total time for which application threads were stopped: 0.0319462 seconds, Stopping threads took: 0.0001391 seconds
2024-10-09T21:38:44.293+0300: 107.124: Application time: 0.1571608 seconds
2024-10-09T21:38:44.293+0300: 107.124: [GC (Allocation Failure) 2024-10-09T21:38:44.293+0300: 107.124: [ParNew: 460096K->51072K(460096K), 0.0377457 secs] 6258877K->5872903K(8337536K), 0.0378441 secs] [Times: user=0.03 sys=0.00, real=0.03 secs] 
2024-10-09T21:38:44.325+0300: 107.162: Total time for which application threads were stopped: 0.0381283 seconds, Stopping threads took: 0.0001422 seconds
2024-10-09T21:38:44.497+0300: 107.327: Application time: 0.1652832 seconds
2024-10-09T21:38:44.497+0300: 107.328: [GC (Allocation Failure) 2024-10-09T21:38:44.497+0300: 107.328: [ParNew: 460096K->51072K(460096K), 0.0332987 secs] 6281927K->5890564K(8337536K), 0.0334016 secs] [Times: user=0.06 sys=0.00, real=0.03 secs] 
2024-10-09T21:38:44.529+0300: 107.361: Total time for which application threads were stopped: 0.0336743 seconds, Stopping threads took: 0.0001460 seconds
2024-10-09T21:38:44.686+0300: 107.523: Application time: 0.1620246 seconds
2024-10-09T21:38:44.686+0300: 107.523: [GC (Allocation Failure) 2024-10-09T21:38:44.686+0300: 107.523: [ParNew: 460096K->51072K(460096K), 0.0353974 secs] 6299588K->5911877K(8337536K), 0.0354912 secs] [Times: user=0.17 sys=0.00, real=0.05 secs] 
2024-10-09T21:38:44.733+0300: 107.559: Total time for which application threads were stopped: 0.0357669 seconds, Stopping threads took: 0.0001329 seconds
2024-10-09T21:38:44.890+0300: 107.718: Application time: 0.1588725 seconds
2024-10-09T21:38:44.890+0300: 107.718: [GC (Allocation Failure) 2024-10-09T21:38:44.890+0300: 107.718: [ParNew: 460096K->51072K(460096K), 0.0330414 secs] 6320901K->5928951K(8337536K), 0.0331232 secs] [Times: user=0.03 sys=0.00, real=0.03 secs] 
2024-10-09T21:38:44.921+0300: 107.751: Total time for which application threads were stopped: 0.0334196 seconds, Stopping threads took: 0.0001579 seconds
2024-10-09T21:38:45.078+0300: 107.916: Application time: 0.1650098 seconds
2024-10-09T21:38:45.078+0300: 107.916: [GC (Allocation Failure) 2024-10-09T21:38:45.078+0300: 107.917: [ParNew: 460096K->51072K(460096K), 0.0315369 secs] 6337975K->5944092K(8337536K), 0.0316142 secs] [Times: user=0.06 sys=0.00, real=0.04 secs] 
2024-10-09T21:38:45.119+0300: 107.948: Total time for which application threads were stopped: 0.0319059 seconds, Stopping threads took: 0.0001521 seconds
2024-10-09T21:38:45.266+0300: 108.107: Application time: 0.1583948 seconds
2024-10-09T21:38:45.266+0300: 108.107: [GC (Allocation Failure) 2024-10-09T21:38:45.266+0300: 108.107: [ParNew: 460096K->51072K(460096K), 0.0391842 secs] 6353116K->5963796K(8337536K), 0.0392806 secs] [Times: user=0.05 sys=0.01, real=0.05 secs] 
2024-10-09T21:38:45.320+0300: 108.146: Total time for which application threads were stopped: 0.0396048 seconds, Stopping threads took: 0.0001894 seconds
2024-10-09T21:38:45.470+0300: 108.308: Application time: 0.1614368 seconds
2024-10-09T21:38:45.470+0300: 108.308: [GC (Allocation Failure) 2024-10-09T21:38:45.470+0300: 108.308: [ParNew: 460096K->51072K(460096K), 0.0397498 secs] 6372820K->5988337K(8337536K), 0.0398410 secs] [Times: user=0.02 sys=0.02, real=0.05 secs] 
2024-10-09T21:38:45.520+0300: 108.348: Total time for which application threads were stopped: 0.0401037 seconds, Stopping threads took: 0.0001373 seconds
2024-10-09T21:38:45.690+0300: 108.518: Application time: 0.1706911 seconds
2024-10-09T21:38:45.690+0300: 108.519: [GC (Allocation Failure) 2024-10-09T21:38:45.690+0300: 108.519: [ParNew: 460096K->51072K(460096K), 0.0315860 secs] 6397361K->6000373K(8337536K), 0.0316789 secs] [Times: user=0.06 sys=0.00, real=0.03 secs] 
2024-10-09T21:38:45.721+0300: 108.550: Total time for which application threads were stopped: 0.0319616 seconds, Stopping threads took: 0.0001387 seconds
2024-10-09T21:38:45.878+0300: 108.704: Application time: 0.1540643 seconds
2024-10-09T21:38:45.878+0300: 108.705: [GC (Allocation Failure) 2024-10-09T21:38:45.878+0300: 108.705: [ParNew: 460096K->51072K(460096K), 0.0352171 secs] 6409397K->6019281K(8337536K), 0.0353028 secs] [Times: user=0.02 sys=0.00, real=0.03 secs] 
2024-10-09T21:38:45.909+0300: 108.740: Total time for which application threads were stopped: 0.0355555 seconds, Stopping threads took: 0.0001315 seconds
2024-10-09T21:38:46.067+0300: 108.903: Application time: 0.1630438 seconds
2024-10-09T21:38:46.067+0300: 108.903: [GC (Allocation Failure) 2024-10-09T21:38:46.067+0300: 108.903: [ParNew: 460096K->48045K(460096K), 0.0344834 secs] 6428305K->6033256K(8337536K), 0.0346685 secs] [Times: user=0.01 sys=0.00, real=0.03 secs] 
2024-10-09T21:38:46.098+0300: 108.938: Total time for which application threads were stopped: 0.0348993 seconds, Stopping threads took: 0.0001116 seconds
2024-10-09T21:38:46.271+0300: 109.108: Application time: 0.1696795 seconds
2024-10-09T21:38:46.271+0300: 109.108: [GC (Allocation Failure) 2024-10-09T21:38:46.271+0300: 109.108: [ParNew: 457069K->51072K(460096K), 0.0312281 secs] 6442280K->6050530K(8337536K), 0.0313155 secs] [Times: user=0.02 sys=0.01, real=0.03 secs] 
2024-10-09T21:38:46.302+0300: 109.139: Total time for which application threads were stopped: 0.0315941 seconds, Stopping threads took: 0.0001541 seconds
2024-10-09T21:38:46.459+0300: 109.293: Application time: 0.1542418 seconds
2024-10-09T21:38:46.459+0300: 109.294: [GC (Allocation Failure) 2024-10-09T21:38:46.459+0300: 109.294: [ParNew: 460096K->51072K(460096K), 0.0317184 secs] 6459554K->6065647K(8337536K), 0.0318277 secs] [Times: user=0.12 sys=0.02, real=0.04 secs] 
2024-10-09T21:38:46.495+0300: 109.326: Total time for which application threads were stopped: 0.0321768 seconds, Stopping threads took: 0.0001920 seconds
2024-10-09T21:38:46.663+0300: 109.497: Application time: 0.1710409 seconds
2024-10-09T21:38:46.663+0300: 109.497: [GC (Allocation Failure) 2024-10-09T21:38:46.663+0300: 109.497: [ParNew: 460096K->51072K(460096K), 0.0422113 secs] 6474671K->6082779K(8337536K), 0.0423074 secs] [Times: user=0.14 sys=0.00, real=0.05 secs] 
2024-10-09T21:38:46.710+0300: 109.539: Total time for which application threads were stopped: 0.0425635 seconds, Stopping threads took: 0.0001277 seconds
2024-10-09T21:38:46.867+0300: 109.705: Application time: 0.1656407 seconds
2024-10-09T21:38:46.867+0300: 109.705: [GC (Allocation Failure) 2024-10-09T21:38:46.867+0300: 109.705: [ParNew: 460096K->51072K(460096K), 0.0293145 secs] 6491803K->6096667K(8337536K), 0.0293995 secs] [Times: user=0.03 sys=0.00, real=0.03 secs] 
2024-10-09T21:38:46.898+0300: 109.734: Total time for which application threads were stopped: 0.0296284 seconds, Stopping threads took: 0.0001091 seconds
2024-10-09T21:38:47.054+0300: 109.895: Application time: 0.1604545 seconds
2024-10-09T21:38:47.054+0300: 109.895: [GC (Allocation Failure) 2024-10-09T21:38:47.054+0300: 109.895: [ParNew: 460096K->51072K(460096K), 0.0320291 secs] 6505691K->6113917K(8337536K), 0.0321232 secs] [Times: user=0.08 sys=0.00, real=0.05 secs] 
2024-10-09T21:38:47.101+0300: 109.927: Total time for which application threads were stopped: 0.0323756 seconds, Stopping threads took: 0.0001305 seconds
2024-10-09T21:38:47.259+0300: 110.086: Application time: 0.1581838 seconds
2024-10-09T21:38:47.259+0300: 110.086: [GC (Allocation Failure) 2024-10-09T21:38:47.259+0300: 110.086: [ParNew: 460096K->51072K(460096K), 0.0306091 secs] 6522941K->6129088K(8337536K), 0.0306911 secs] [Times: user=0.02 sys=0.02, real=0.03 secs] 
2024-10-09T21:38:47.290+0300: 110.116: Total time for which application threads were stopped: 0.0309304 seconds, Stopping threads took: 0.0001232 seconds
2024-10-09T21:38:47.447+0300: 110.277: Application time: 0.1604212 seconds
2024-10-09T21:38:47.447+0300: 110.277: [GC (Allocation Failure) 2024-10-09T21:38:47.447+0300: 110.277: [ParNew: 460096K->50922K(460096K), 0.0373631 secs] 6538112K->6156393K(8337536K), 0.0374532 secs] [Times: user=0.02 sys=0.00, real=0.03 secs] 
2024-10-09T21:38:47.478+0300: 110.315: Total time for which application threads were stopped: 0.0377115 seconds, Stopping threads took: 0.0001427 seconds
2024-10-09T21:38:47.635+0300: 110.474: Application time: 0.1594510 seconds
2024-10-09T21:38:47.635+0300: 110.474: [GC (Allocation Failure) 2024-10-09T21:38:47.635+0300: 110.474: [ParNew: 459946K->51072K(460096K), 0.0303496 secs] 6565417K->6169031K(8337536K), 0.0304401 secs] [Times: user=0.09 sys=0.00, real=0.03 secs] 
2024-10-09T21:38:47.667+0300: 110.505: Total time for which application threads were stopped: 0.0307463 seconds, Stopping threads took: 0.0001632 seconds
2024-10-09T21:38:47.839+0300: 110.669: Application time: 0.1645152 seconds
2024-10-09T21:38:47.839+0300: 110.670: [GC (Allocation Failure) 2024-10-09T21:38:47.839+0300: 110.670: [ParNew: 460096K->51072K(460096K), 0.0347597 secs] 6578055K->6191523K(8337536K), 0.0348678 secs] [Times: user=0.03 sys=0.00, real=0.03 secs] 
2024-10-09T21:38:47.871+0300: 110.704: Total time for which application threads were stopped: 0.0351268 seconds, Stopping threads took: 0.0001229 seconds
2024-10-09T21:38:48.028+0300: 110.863: Application time: 0.1589035 seconds
2024-10-09T21:38:48.028+0300: 110.864: [GC (Allocation Failure) 2024-10-09T21:38:48.028+0300: 110.864: [ParNew: 460096K->51072K(460096K), 0.0385061 secs] 6600547K->6216630K(8337536K), 0.0385942 secs] [Times: user=0.05 sys=0.00, real=0.05 secs] 
2024-10-09T21:38:48.075+0300: 110.902: Total time for which application threads were stopped: 0.0388905 seconds, Stopping threads took: 0.0001895 seconds
2024-10-09T21:38:48.232+0300: 111.065: Application time: 0.1624680 seconds
2024-10-09T21:38:48.232+0300: 111.065: [GC (Allocation Failure) 2024-10-09T21:38:48.232+0300: 111.065: [ParNew: 460096K->51072K(460096K), 0.0303806 secs] 6625654K->6229850K(8337536K), 0.0304674 secs] [Times: user=0.02 sys=0.00, real=0.03 secs] 
2024-10-09T21:38:48.263+0300: 111.095: Total time for which application threads were stopped: 0.0307416 seconds, Stopping threads took: 0.0001606 seconds
2024-10-09T21:38:48.427+0300: 111.257: Application time: 0.1617799 seconds
2024-10-09T21:38:48.427+0300: 111.257: [GC (Allocation Failure) 2024-10-09T21:38:48.427+0300: 111.257: [ParNew: 460096K->51072K(460096K), 0.0383921 secs] 6638874K->6255057K(8337536K), 0.0384816 secs] [Times: user=0.03 sys=0.00, real=0.04 secs] 
2024-10-09T21:38:48.467+0300: 111.296: Total time for which application threads were stopped: 0.0387416 seconds, Stopping threads took: 0.0001413 seconds
2024-10-09T21:38:48.627+0300: 111.454: Application time: 0.1576189 seconds
2024-10-09T21:38:48.627+0300: 111.454: [GC (Allocation Failure) 2024-10-09T21:38:48.627+0300: 111.454: [ParNew: 460096K->51072K(460096K), 0.0324272 secs] 6664081K->6270261K(8337536K), 0.0325177 secs] [Times: user=0.02 sys=0.00, real=0.03 secs] 
2024-10-09T21:38:48.655+0300: 111.486: Total time for which application threads were stopped: 0.0327679 seconds, Stopping threads took: 0.0001280 seconds
2024-10-09T21:38:48.828+0300: 111.656: Application time: 0.1696818 seconds
2024-10-09T21:38:48.828+0300: 111.656: [GC (Allocation Failure) 2024-10-09T21:38:48.828+0300: 111.656: [ParNew: 460096K->51072K(460096K), 0.0349857 secs] 6679285K->6290985K(8337536K), 0.0350727 secs] [Times: user=0.03 sys=0.00, real=0.03 secs] 
2024-10-09T21:38:48.859+0300: 111.691: Total time for which application threads were stopped: 0.0353207 seconds, Stopping threads took: 0.0001333 seconds
2024-10-09T21:38:49.016+0300: 111.854: Application time: 0.1624028 seconds
2024-10-09T21:38:49.028+0300: 111.854: [GC (Allocation Failure) 2024-10-09T21:38:49.028+0300: 111.854: [ParNew: 460096K->51072K(460096K), 0.0359102 secs] 6700009K->6312925K(8337536K), 0.0359943 secs] [Times: user=0.03 sys=0.00, real=0.04 secs] 
2024-10-09T21:38:49.064+0300: 111.890: Total time for which application threads were stopped: 0.0362659 seconds, Stopping threads took: 0.0001520 seconds
2024-10-09T21:38:49.220+0300: 112.051: Application time: 0.1606756 seconds
2024-10-09T21:38:49.220+0300: 112.051: [GC (Allocation Failure) 2024-10-09T21:38:49.220+0300: 112.051: [ParNew: 460096K->51072K(460096K), 0.0313831 secs] 6721949K->6326051K(8337536K), 0.0314677 secs] [Times: user=0.03 sys=0.00, real=0.03 secs] 
2024-10-09T21:38:49.251+0300: 112.082: Total time for which application threads were stopped: 0.0317606 seconds, Stopping threads took: 0.0001770 seconds
2024-10-09T21:38:49.408+0300: 112.249: Application time: 0.1667643 seconds
2024-10-09T21:38:49.408+0300: 112.249: [GC (Allocation Failure) 2024-10-09T21:38:49.408+0300: 112.249: [ParNew: 460096K->51072K(460096K), 0.0366650 secs] 6735075K->6351992K(8337536K), 0.0367531 secs] [Times: user=0.05 sys=0.00, real=0.05 secs] 
2024-10-09T21:38:49.456+0300: 112.286: Total time for which application threads were stopped: 0.0370165 seconds, Stopping threads took: 0.0001374 seconds
2024-10-09T21:38:49.612+0300: 112.451: Application time: 0.1645346 seconds
2024-10-09T21:38:49.612+0300: 112.451: [GC (Allocation Failure) 2024-10-09T21:38:49.612+0300: 112.451: [ParNew: 460096K->51072K(460096K), 0.0318974 secs] 6761016K->6368239K(8337536K), 0.0319944 secs] [Times: user=0.02 sys=0.00, real=0.03 secs] 
2024-10-09T21:38:49.644+0300: 112.483: Total time for which application threads were stopped: 0.0322396 seconds, Stopping threads took: 0.0001200 seconds
2024-10-09T21:38:49.816+0300: 112.648: Application time: 0.1650774 seconds
2024-10-09T21:38:49.816+0300: 112.648: [GC (Allocation Failure) 2024-10-09T21:38:49.816+0300: 112.648: [ParNew: 460096K->51072K(460096K), 0.0289372 secs] 6777263K->6378742K(8337536K), 0.0290228 secs] [Times: user=0.03 sys=0.00, real=0.03 secs] 
2024-10-09T21:38:49.848+0300: 112.677: Total time for which application threads were stopped: 0.0293209 seconds, Stopping threads took: 0.0001823 seconds
2024-10-09T21:38:50.005+0300: 112.833: Application time: 0.1550829 seconds
2024-10-09T21:38:50.005+0300: 112.833: [GC (Allocation Failure) 2024-10-09T21:38:50.005+0300: 112.833: [ParNew: 460096K->51072K(460096K), 0.0393473 secs] 6787766K->6407536K(8337536K), 0.0394483 secs] [Times: user=0.05 sys=0.00, real=0.03 secs] 
2024-10-09T21:38:50.036+0300: 112.872: Total time for which application threads were stopped: 0.0397408 seconds, Stopping threads took: 0.0001633 seconds
2024-10-09T21:38:50.208+0300: 113.035: Application time: 0.1629005 seconds
2024-10-09T21:38:50.208+0300: 113.035: [GC (Allocation Failure) 2024-10-09T21:38:50.208+0300: 113.035: [ParNew: 460096K->51072K(460096K), 0.0307465 secs] 6816560K->6423655K(8337536K), 0.0308446 secs] [Times: user=0.03 sys=0.00, real=0.03 secs] 
2024-10-09T21:38:50.240+0300: 113.066: Total time for which application threads were stopped: 0.0311291 seconds, Stopping threads took: 0.0001560 seconds
2024-10-09T21:38:50.397+0300: 113.223: Application time: 0.1567764 seconds
2024-10-09T21:38:50.397+0300: 113.223: [GC (Allocation Failure) 2024-10-09T21:38:50.397+0300: 113.223: [ParNew: 460096K->51072K(460096K), 0.0338127 secs] 6832679K->6442734K(8337536K), 0.0338981 secs] [Times: user=0.00 sys=0.01, real=0.03 secs] 
2024-10-09T21:38:50.431+0300: 113.257: Total time for which application threads were stopped: 0.0341471 seconds, Stopping threads took: 0.0001339 seconds
2024-10-09T21:38:50.585+0300: 113.415: Application time: 0.1578978 seconds
2024-10-09T21:38:50.585+0300: 113.415: [GC (Allocation Failure) 2024-10-09T21:38:50.585+0300: 113.415: [ParNew: 460096K->51072K(460096K), 0.0397982 secs] 6851758K->6473353K(8337536K), 0.0398856 secs] [Times: user=0.05 sys=0.00, real=0.03 secs] 
2024-10-09T21:38:50.616+0300: 113.455: Total time for which application threads were stopped: 0.0401333 seconds, Stopping threads took: 0.0001277 seconds
2024-10-09T21:38:50.790+0300: 113.626: Application time: 0.1708318 seconds
2024-10-09T21:38:50.790+0300: 113.626: [GC (Allocation Failure) 2024-10-09T21:38:50.790+0300: 113.626: [ParNew: 460096K->51072K(460096K), 0.0287724 secs] 6882377K->6483845K(8337536K), 0.0288756 secs] [Times: user=0.09 sys=0.00, real=0.03 secs] 
2024-10-09T21:38:50.822+0300: 113.655: Total time for which application threads were stopped: 0.0291835 seconds, Stopping threads took: 0.0001466 seconds
2024-10-09T21:38:50.979+0300: 113.808: Application time: 0.1525571 seconds
2024-10-09T21:38:50.979+0300: 113.808: [GC (Allocation Failure) 2024-10-09T21:38:50.979+0300: 113.808: [ParNew: 460096K->51072K(460096K), 0.0349792 secs] 6892869K->6504915K(8337536K), 0.0350651 secs] [Times: user=0.03 sys=0.00, real=0.03 secs] 
2024-10-09T21:38:51.010+0300: 113.843: Total time for which application threads were stopped: 0.0353468 seconds, Stopping threads took: 0.0001616 seconds
2024-10-09T21:38:51.167+0300: 114.002: Application time: 0.1587741 seconds
2024-10-09T21:38:51.167+0300: 114.002: [GC (Allocation Failure) 2024-10-09T21:38:51.167+0300: 114.002: [ParNew: 460096K->44056K(460096K), 0.0393879 secs] 6913939K->6527692K(8337536K), 0.0394780 secs] [Times: user=0.05 sys=0.00, real=0.05 secs] 
2024-10-09T21:38:51.214+0300: 114.042: Total time for which application threads were stopped: 0.0397634 seconds, Stopping threads took: 0.0001682 seconds
2024-10-09T21:38:51.371+0300: 114.207: Application time: 0.1650681 seconds
2024-10-09T21:38:51.371+0300: 114.207: [GC (Allocation Failure) 2024-10-09T21:38:51.371+0300: 114.207: [ParNew: 453080K->51072K(460096K), 0.0311200 secs] 6936716K->6547746K(8337536K), 0.0312310 secs] [Times: user=0.02 sys=0.00, real=0.03 secs] 
2024-10-09T21:38:51.403+0300: 114.238: Total time for which application threads were stopped: 0.0315098 seconds, Stopping threads took: 0.0001519 seconds
2024-10-09T21:38:51.560+0300: 114.394: Application time: 0.1556507 seconds
2024-10-09T21:38:51.560+0300: 114.394: [GC (Allocation Failure) 2024-10-09T21:38:51.560+0300: 114.394: [ParNew: 460096K->51072K(460096K), 0.0341049 secs] 6956770K->6566305K(8337536K), 0.0341943 secs] [Times: user=0.03 sys=0.00, real=0.03 secs] 
2024-10-09T21:38:51.591+0300: 114.428: Total time for which application threads were stopped: 0.0344671 seconds, Stopping threads took: 0.0001513 seconds
2024-10-09T21:38:51.764+0300: 114.592: Application time: 0.1630736 seconds
2024-10-09T21:38:51.764+0300: 114.592: [GC (Allocation Failure) 2024-10-09T21:38:51.764+0300: 114.592: [ParNew: 460096K->51072K(460096K), 0.0344831 secs] 6975329K->6589677K(8337536K), 0.0345684 secs] [Times: user=0.03 sys=0.00, real=0.03 secs] 
2024-10-09T21:38:51.795+0300: 114.626: Total time for which application threads were stopped: 0.0348543 seconds, Stopping threads took: 0.0001664 seconds
2024-10-09T21:38:51.952+0300: 114.793: Application time: 0.1668572 seconds
2024-10-09T21:38:51.968+0300: 114.794: [GC (Allocation Failure) 2024-10-09T21:38:51.968+0300: 114.794: [ParNew: 460096K->51072K(460096K), 0.0317711 secs] 6998701K->6607571K(8337536K), 0.0318647 secs] [Times: user=0.02 sys=0.00, real=0.03 secs] 
2024-10-09T21:38:51.999+0300: 114.825: Total time for which application threads were stopped: 0.0321622 seconds, Stopping threads took: 0.0001724 seconds
2024-10-09T21:38:52.156+0300: 114.986: Application time: 0.1606700 seconds
2024-10-09T21:38:52.156+0300: 114.986: [GC (Allocation Failure) 2024-10-09T21:38:52.156+0300: 114.986: [ParNew: 460096K->51072K(460096K), 0.0316552 secs] 7016595K->6622180K(8337536K), 0.0317413 secs] [Times: user=0.03 sys=0.00, real=0.03 secs] 
2024-10-09T21:38:52.188+0300: 115.018: Total time for which application threads were stopped: 0.0319945 seconds, Stopping threads took: 0.0001366 seconds
2024-10-09T21:38:52.345+0300: 115.173: Application time: 0.1550443 seconds
2024-10-09T21:38:52.345+0300: 115.173: [GC (Allocation Failure) 2024-10-09T21:38:52.345+0300: 115.173: [ParNew: 460096K->51072K(460096K), 0.0358463 secs] 7031204K->6646458K(8337536K), 0.0359350 secs] [Times: user=0.03 sys=0.00, real=0.03 secs] 
2024-10-09T21:38:52.376+0300: 115.209: Total time for which application threads were stopped: 0.0361962 seconds, Stopping threads took: 0.0001441 seconds
2024-10-09T21:38:52.549+0300: 115.376: Application time: 0.1665679 seconds
2024-10-09T21:38:52.549+0300: 115.376: [GC (Allocation Failure) 2024-10-09T21:38:52.549+0300: 115.376: [ParNew: 460096K->51072K(460096K), 0.0315013 secs] 7055482K->6667045K(8337536K), 0.0315853 secs] [Times: user=0.03 sys=0.00, real=0.03 secs] 
2024-10-09T21:38:52.580+0300: 115.408: Total time for which application threads were stopped: 0.0318469 seconds, Stopping threads took: 0.0001267 seconds
2024-10-09T21:38:52.737+0300: 115.576: Application time: 0.1683163 seconds
2024-10-09T21:38:52.737+0300: 115.576: [GC (Allocation Failure) 2024-10-09T21:38:52.737+0300: 115.576: [ParNew: 460096K->51072K(460096K), 0.0289954 secs] 7076069K->6677857K(8337536K), 0.0290903 secs] [Times: user=0.03 sys=0.00, real=0.03 secs] 
2024-10-09T21:38:52.768+0300: 115.605: Total time for which application threads were stopped: 0.0293540 seconds, Stopping threads took: 0.0001449 seconds
2024-10-09T21:38:52.925+0300: 115.759: Application time: 0.1540017 seconds
2024-10-09T21:38:52.925+0300: 115.760: [GC (Allocation Failure) 2024-10-09T21:38:52.925+0300: 115.760: [ParNew: 460096K->51072K(460096K), 0.0361529 secs] 7086881K->6703651K(8337536K), 0.0362505 secs] [Times: user=0.03 sys=0.00, real=0.03 secs] 
2024-10-09T21:38:52.957+0300: 115.796: Total time for which application threads were stopped: 0.0365383 seconds, Stopping threads took: 0.0001665 seconds
2024-10-09T21:38:53.129+0300: 115.960: Application time: 0.1638870 seconds
2024-10-09T21:38:53.129+0300: 115.960: [GC (Allocation Failure) 2024-10-09T21:38:53.129+0300: 115.960: [ParNew: 460096K->45750K(460096K), 0.0313516 secs] 7112675K->6717151K(8337536K), 0.0314382 secs] [Times: user=0.03 sys=0.00, real=0.03 secs] 
2024-10-09T21:38:53.161+0300: 115.992: Total time for which application threads were stopped: 0.0316530 seconds, Stopping threads took: 0.0000977 seconds
2024-10-09T21:38:53.333+0300: 116.160: Application time: 0.1686043 seconds
2024-10-09T21:38:53.333+0300: 116.160: [GC (Allocation Failure) 2024-10-09T21:38:53.333+0300: 116.160: [ParNew: 454774K->51072K(460096K), 0.0279642 secs] 7126175K->6731950K(8337536K), 0.0280460 secs] [Times: user=0.02 sys=0.00, real=0.02 secs] 
2024-10-09T21:38:53.349+0300: 116.188: Total time for which application threads were stopped: 0.0283160 seconds, Stopping threads took: 0.0001513 seconds
2024-10-09T21:38:53.506+0300: 116.342: Application time: 0.1536423 seconds
2024-10-09T21:38:53.506+0300: 116.342: [GC (Allocation Failure) 2024-10-09T21:38:53.506+0300: 116.342: [ParNew: 460096K->51072K(460096K), 0.0283209 secs] 7140974K->6745288K(8337536K), 0.0284107 secs] [Times: user=0.03 sys=0.00, real=0.03 secs] 
2024-10-09T21:38:53.537+0300: 116.371: Total time for which application threads were stopped: 0.0287068 seconds, Stopping threads took: 0.0001793 seconds
2024-10-09T21:38:53.710+0300: 116.542: Application time: 0.1715105 seconds
2024-10-09T21:38:53.710+0300: 116.543: [GC (Allocation Failure) 2024-10-09T21:38:53.710+0300: 116.543: [ParNew: 460096K->51072K(460096K), 0.0336847 secs] 7154312K->6768594K(8337536K), 0.0337823 secs] [Times: user=0.09 sys=0.00, real=0.03 secs] 
2024-10-09T21:38:53.741+0300: 116.576: Total time for which application threads were stopped: 0.0340443 seconds, Stopping threads took: 0.0001176 seconds
2024-10-09T21:38:53.914+0300: 116.741: Application time: 0.1642128 seconds
2024-10-09T21:38:53.914+0300: 116.741: [GC (Allocation Failure) 2024-10-09T21:38:53.914+0300: 116.741: [ParNew: 460096K->50310K(460096K), 0.0330473 secs] 7177618K->6780336K(8337536K), 0.0331497 secs] [Times: user=0.03 sys=0.00, real=0.03 secs] 
2024-10-09T21:38:53.948+0300: 116.774: Total time for which application threads were stopped: 0.0334359 seconds, Stopping threads took: 0.0001328 seconds
2024-10-09T21:38:54.087+0300: 116.927: Application time: 0.1529806 seconds
2024-10-09T21:38:54.087+0300: 116.927: [GC (Allocation Failure) 2024-10-09T21:38:54.087+0300: 116.927: [ParNew: 459334K->51072K(460096K), 0.0334296 secs] 7189360K->6798513K(8337536K), 0.0335191 secs] [Times: user=0.08 sys=0.00, real=0.05 secs] 
2024-10-09T21:38:54.134+0300: 116.961: Total time for which application threads were stopped: 0.0337960 seconds, Stopping threads took: 0.0001495 seconds
2024-10-09T21:38:54.291+0300: 117.122: Application time: 0.1608080 seconds
2024-10-09T21:38:54.291+0300: 117.122: [GC (Allocation Failure) 2024-10-09T21:38:54.291+0300: 117.122: [ParNew: 460096K->51072K(460096K), 0.0324144 secs] 7207537K->6816929K(8337536K), 0.0325105 secs] [Times: user=0.05 sys=0.02, real=0.03 secs] 
2024-10-09T21:38:54.322+0300: 117.154: Total time for which application threads were stopped: 0.0327775 seconds, Stopping threads took: 0.0001407 seconds
2024-10-09T21:38:54.479+0300: 117.321: Application time: 0.1662404 seconds
2024-10-09T21:38:54.495+0300: 117.321: [GC (Allocation Failure) 2024-10-09T21:38:54.495+0300: 117.321: [ParNew: 460096K->51072K(460096K), 0.0303373 secs] 7225953K->6829095K(8337536K), 0.0304430 secs] [Times: user=0.02 sys=0.00, real=0.02 secs] 
2024-10-09T21:38:54.511+0300: 117.351: Total time for which application threads were stopped: 0.0307611 seconds, Stopping threads took: 0.0001800 seconds
2024-10-09T21:38:54.683+0300: 117.516: Application time: 0.1646894 seconds
2024-10-09T21:38:54.683+0300: 117.516: [GC (Allocation Failure) 2024-10-09T21:38:54.683+0300: 117.516: [ParNew: 460096K->51072K(460096K), 0.0360461 secs] 7238119K->6848582K(8337536K), 0.0361356 secs] [Times: user=0.14 sys=0.01, real=0.03 secs] 
2024-10-09T21:38:54.715+0300: 117.553: Total time for which application threads were stopped: 0.0365201 seconds, Stopping threads took: 0.0002515 seconds
2024-10-09T21:38:54.872+0300: 117.713: Application time: 0.1604479 seconds
2024-10-09T21:38:54.887+0300: 117.713: [GC (Allocation Failure) 2024-10-09T21:38:54.887+0300: 117.713: [ParNew: 460096K->51072K(460096K), 0.0357233 secs] 7257606K->6872837K(8337536K), 0.0358215 secs] [Times: user=0.19 sys=0.00, real=0.03 secs] 
2024-10-09T21:38:54.919+0300: 117.749: Total time for which application threads were stopped: 0.0361713 seconds, Stopping threads took: 0.0002113 seconds
2024-10-09T21:38:55.076+0300: 117.910: Application time: 0.1606359 seconds
2024-10-09T21:38:55.076+0300: 117.910: [GC (Allocation Failure) 2024-10-09T21:38:55.076+0300: 117.910: [ParNew: 460096K->51072K(460096K), 0.0331829 secs] 7281861K->6890031K(8337536K), 0.0332873 secs] [Times: user=0.05 sys=0.00, real=0.03 secs] 
2024-10-09T21:38:55.107+0300: 117.943: Total time for which application threads were stopped: 0.0335546 seconds, Stopping threads took: 0.0001181 seconds
2024-10-09T21:38:55.264+0300: 118.103: Application time: 0.1591529 seconds
2024-10-09T21:38:55.264+0300: 118.103: [GC (Allocation Failure) 2024-10-09T21:38:55.264+0300: 118.103: [ParNew: 460096K->51072K(460096K), 0.0380441 secs] 7299055K->6913536K(8337536K), 0.0381381 secs] [Times: user=0.16 sys=0.00, real=0.05 secs] 
2024-10-09T21:38:55.311+0300: 118.141: Total time for which application threads were stopped: 0.0384197 seconds, Stopping threads took: 0.0001491 seconds
2024-10-09T21:38:55.469+0300: 118.301: Application time: 0.1598854 seconds
2024-10-09T21:38:55.469+0300: 118.301: [GC (Allocation Failure) 2024-10-09T21:38:55.469+0300: 118.301: [ParNew: 460096K->51072K(460096K), 0.0335676 secs] 7322560K->6933122K(8337536K), 0.0336711 secs] [Times: user=0.06 sys=0.00, real=0.03 secs] 
2024-10-09T21:38:55.500+0300: 118.335: Total time for which application threads were stopped: 0.0339370 seconds, Stopping threads took: 0.0001393 seconds
2024-10-09T21:38:55.657+0300: 118.496: Application time: 0.1614362 seconds
2024-10-09T21:38:55.657+0300: 118.496: [GC (Allocation Failure) 2024-10-09T21:38:55.657+0300: 118.496: [ParNew: 460096K->51072K(460096K), 0.0413677 secs] 7342146K->6956891K(8337536K), 0.0414705 secs] [Times: user=0.14 sys=0.00, real=0.05 secs] 
2024-10-09T21:38:55.704+0300: 118.538: Total time for which application threads were stopped: 0.0417340 seconds, Stopping threads took: 0.0001314 seconds
2024-10-09T21:38:55.861+0300: 118.700: Application time: 0.1616142 seconds
2024-10-09T21:38:55.861+0300: 118.700: [GC (Allocation Failure) 2024-10-09T21:38:55.861+0300: 118.700: [ParNew: 460096K->51072K(460096K), 0.0420657 secs] 7365915K->6986284K(8337536K), 0.0421624 secs] [Times: user=0.05 sys=0.00, real=0.05 secs] 
2024-10-09T21:38:55.908+0300: 118.742: Total time for which application threads were stopped: 0.0424314 seconds, Stopping threads took: 0.0001475 seconds
2024-10-09T21:38:56.065+0300: 118.904: Application time: 0.1619089 seconds
2024-10-09T21:38:56.065+0300: 118.904: [GC (Allocation Failure) 2024-10-09T21:38:56.065+0300: 118.904: [ParNew: 460096K->51072K(460096K), 0.0347783 secs] 7395308K->7005993K(8337536K), 0.0348751 secs] [Times: user=0.16 sys=0.00, real=0.05 secs] 
2024-10-09T21:38:56.112+0300: 118.939: Total time for which application threads were stopped: 0.0351687 seconds, Stopping threads took: 0.0001609 seconds
2024-10-09T21:38:56.269+0300: 119.097: Application time: 0.1576159 seconds
2024-10-09T21:38:56.269+0300: 119.097: [GC (Allocation Failure) 2024-10-09T21:38:56.269+0300: 119.097: [ParNew: 460096K->51072K(460096K), 0.0339008 secs] 7415017K->7023221K(8337536K), 0.0340122 secs] [Times: user=0.16 sys=0.00, real=0.03 secs] 
2024-10-09T21:38:56.300+0300: 119.131: Total time for which application threads were stopped: 0.0342705 seconds, Stopping threads took: 0.0001256 seconds
2024-10-09T21:38:56.457+0300: 119.290: Application time: 0.1590943 seconds
2024-10-09T21:38:56.457+0300: 119.290: [GC (Allocation Failure) 2024-10-09T21:38:56.457+0300: 119.290: [ParNew: 460096K->51072K(460096K), 0.0390621 secs] 7432245K->7051473K(8337536K), 0.0391569 secs] [Times: user=0.12 sys=0.02, real=0.03 secs] 
2024-10-09T21:38:56.489+0300: 119.330: Total time for which application threads were stopped: 0.0394152 seconds, Stopping threads took: 0.0001204 seconds
2024-10-09T21:38:56.661+0300: 119.499: Application time: 0.1690074 seconds
2024-10-09T21:38:56.661+0300: 119.499: [GC (Allocation Failure) 2024-10-09T21:38:56.661+0300: 119.499: [ParNew: 460096K->51072K(460096K), 0.0357788 secs] 7460497K->7065308K(8337536K), 0.0358808 secs] [Times: user=0.12 sys=0.00, real=0.05 secs] 
2024-10-09T21:38:56.708+0300: 119.535: Total time for which application threads were stopped: 0.0361751 seconds, Stopping threads took: 0.0001595 seconds
2024-10-09T21:38:56.850+0300: 119.690: Application time: 0.1551733 seconds
2024-10-09T21:38:56.850+0300: 119.690: [GC (Allocation Failure) 2024-10-09T21:38:56.850+0300: 119.690: [ParNew: 460096K->51072K(460096K), 0.0359603 secs] 7474332K->7083813K(8337536K), 0.0360759 secs] [Times: user=0.06 sys=0.00, real=0.05 secs] 
2024-10-09T21:38:56.897+0300: 119.726: Total time for which application threads were stopped: 0.0363912 seconds, Stopping threads took: 0.0001649 seconds
2024-10-09T21:38:57.054+0300: 119.886: Application time: 0.1594793 seconds
2024-10-09T21:38:57.054+0300: 119.886: [GC (Allocation Failure) 2024-10-09T21:38:57.054+0300: 119.886: [ParNew: 460096K->46919K(460096K), 0.0379668 secs] 7492837K->7108079K(8337536K), 0.0380670 secs] [Times: user=0.05 sys=0.00, real=0.03 secs] 
2024-10-09T21:38:57.085+0300: 119.924: Total time for which application threads were stopped: 0.0383540 seconds, Stopping threads took: 0.0001481 seconds
2024-10-09T21:38:57.258+0300: 120.087: Application time: 0.1631189 seconds
2024-10-09T21:38:57.258+0300: 120.087: [GC (Allocation Failure) 2024-10-09T21:38:57.258+0300: 120.087: [ParNew: 455943K->51072K(460096K), 0.0329175 secs] 7517103K->7128665K(8337536K), 0.0330113 secs] [Times: user=0.03 sys=0.00, real=0.03 secs] 
2024-10-09T21:38:57.289+0300: 120.121: Total time for which application threads were stopped: 0.0332748 seconds, Stopping threads took: 0.0001398 seconds
2024-10-09T21:38:57.446+0300: 120.275: Application time: 0.1547298 seconds
2024-10-09T21:38:57.446+0300: 120.275: [GC (Allocation Failure) 2024-10-09T21:38:57.446+0300: 120.275: [ParNew: 460096K->51072K(460096K), 0.0317683 secs] 7537689K->7144379K(8337536K), 0.0318571 secs] [Times: user=0.03 sys=0.00, real=0.03 secs] 
2024-10-09T21:38:57.481+0300: 120.307: Total time for which application threads were stopped: 0.0321040 seconds, Stopping threads took: 0.0001264 seconds
2024-10-09T21:38:57.634+0300: 120.470: Application time: 0.1631201 seconds
2024-10-09T21:38:57.634+0300: 120.471: [GC (Allocation Failure) 2024-10-09T21:38:57.634+0300: 120.471: [ParNew: 460096K->51072K(460096K), 0.0384145 secs] 7553403K->7165630K(8337536K), 0.0385042 secs] [Times: user=0.14 sys=0.00, real=0.05 secs] 
2024-10-09T21:38:57.681+0300: 120.509: Total time for which application threads were stopped: 0.0388553 seconds, Stopping threads took: 0.0002088 seconds
2024-10-09T21:38:57.847+0300: 120.674: Application time: 0.1641880 seconds
2024-10-09T21:38:57.847+0300: 120.674: [GC (Allocation Failure) 2024-10-09T21:38:57.847+0300: 120.674: [ParNew: 460096K->51072K(460096K), 0.0303811 secs] 7574654K->7179974K(8337536K), 0.0304722 secs] [Times: user=0.03 sys=0.00, real=0.02 secs] 
2024-10-09T21:38:57.870+0300: 120.704: Total time for which application threads were stopped: 0.0307275 seconds, Stopping threads took: 0.0001280 seconds
2024-10-09T21:38:58.027+0300: 120.858: Application time: 0.1539177 seconds
2024-10-09T21:38:58.027+0300: 120.858: [GC (Allocation Failure) 2024-10-09T21:38:58.027+0300: 120.858: [ParNew: 460096K->51072K(460096K), 0.0290557 secs] 7588998K->7191565K(8337536K), 0.0291404 secs] [Times: user=0.02 sys=0.00, real=0.03 secs] 
2024-10-09T21:38:58.058+0300: 120.888: Total time for which application threads were stopped: 0.0294251 seconds, Stopping threads took: 0.0001669 seconds
2024-10-09T21:38:58.215+0300: 121.045: Application time: 0.1572695 seconds
2024-10-09T21:38:58.215+0300: 121.045: [GC (Allocation Failure) 2024-10-09T21:38:58.215+0300: 121.045: [ParNew: 460096K->51072K(460096K), 0.0365895 secs] 7600589K->7220102K(8337536K), 0.0366731 secs] [Times: user=0.02 sys=0.00, real=0.03 secs] 
2024-10-09T21:38:58.248+0300: 121.082: Total time for which application threads were stopped: 0.0369521 seconds, Stopping threads took: 0.0001638 seconds
2024-10-09T21:38:58.420+0300: 121.251: Application time: 0.1694682 seconds
2024-10-09T21:38:58.420+0300: 121.251: [GC (Allocation Failure) 2024-10-09T21:38:58.420+0300: 121.252: [ParNew: 460096K->51072K(460096K), 0.0296932 secs] 7629126K->7233166K(8337536K), 0.0297788 secs] [Times: user=0.03 sys=0.00, real=0.03 secs] 
2024-10-09T21:38:58.451+0300: 121.281: Total time for which application threads were stopped: 0.0300034 seconds, Stopping threads took: 0.0001105 seconds
2024-10-09T21:38:58.608+0300: 121.435: Application time: 0.1535870 seconds
2024-10-09T21:38:58.608+0300: 121.435: [GC (Allocation Failure) 2024-10-09T21:38:58.608+0300: 121.435: [ParNew: 460096K->51072K(460096K), 0.0305909 secs] 7642190K->7245185K(8337536K), 0.0306809 secs] [Times: user=0.03 sys=0.00, real=0.03 secs] 
2024-10-09T21:38:58.639+0300: 121.466: Total time for which application threads were stopped: 0.0309314 seconds, Stopping threads took: 0.0001369 seconds
2024-10-09T21:38:58.796+0300: 121.629: Application time: 0.1634346 seconds
2024-10-09T21:38:58.796+0300: 121.629: [GC (Allocation Failure) 2024-10-09T21:38:58.796+0300: 121.629: [ParNew: 460096K->48549K(460096K), 0.0337902 secs] 7654209K->7265765K(8337536K), 0.0338969 secs] [Times: user=0.09 sys=0.00, real=0.03 secs] 
2024-10-09T21:38:58.827+0300: 121.663: Total time for which application threads were stopped: 0.0341332 seconds, Stopping threads took: 0.0000982 seconds
2024-10-09T21:38:59.000+0300: 121.834: Application time: 0.1709319 seconds
2024-10-09T21:38:59.000+0300: 121.835: [GC (Allocation Failure) 2024-10-09T21:38:59.000+0300: 121.835: [ParNew: 457573K->45340K(460096K), 0.0335372 secs] 7674789K->7281969K(8337536K), 0.0336422 secs] [Times: user=0.06 sys=0.00, real=0.03 secs] 
2024-10-09T21:38:59.031+0300: 121.868: Total time for which application threads were stopped: 0.0339088 seconds, Stopping threads took: 0.0001131 seconds
2024-10-09T21:38:59.204+0300: 122.032: Application time: 0.1641692 seconds
2024-10-09T21:38:59.204+0300: 122.033: [GC (Allocation Failure) 2024-10-09T21:38:59.204+0300: 122.033: [ParNew: 454364K->51072K(460096K), 0.0280307 secs] 7690993K->7294092K(8337536K), 0.0281329 secs] [Times: user=0.11 sys=0.00, real=0.02 secs] 
2024-10-09T21:38:59.220+0300: 122.061: Total time for which application threads were stopped: 0.0284110 seconds, Stopping threads took: 0.0001492 seconds
2024-10-09T21:38:59.377+0300: 122.214: Application time: 0.1534770 seconds
2024-10-09T21:38:59.377+0300: 122.215: [GC (Allocation Failure) 2024-10-09T21:38:59.377+0300: 122.215: [ParNew: 460096K->51072K(460096K), 0.0383041 secs] 7703116K->7324595K(8337536K), 0.0384068 secs] [Times: user=0.03 sys=0.03, real=0.05 secs] 
2024-10-09T21:38:59.424+0300: 122.253: Total time for which application threads were stopped: 0.0387324 seconds, Stopping threads took: 0.0001955 seconds
2024-10-09T21:38:59.424+0300: 122.253: Application time: 0.0000923 seconds
2024-10-09T21:38:59.424+0300: 122.253: [GC (CMS Initial Mark) [1 CMS-initial-mark: 7273523K(7877440K)] 7329960K(8337536K), 0.0039940 secs] [Times: user=0.00 sys=0.00, real=0.00 secs] 
2024-10-09T21:38:59.424+0300: 122.257: Total time for which application threads were stopped: 0.0042819 seconds, Stopping threads took: 0.0001310 seconds
2024-10-09T21:38:59.424+0300: 122.257: [CMS-concurrent-mark-start]
2024-10-09T21:38:59.455+0300: 122.285: [CMS-concurrent-mark: 0.027/0.027 secs] [Times: user=0.03 sys=0.00, real=0.03 secs] 
2024-10-09T21:38:59.455+0300: 122.285: [CMS-concurrent-preclean-start]
2024-10-09T21:38:59.455+0300: 122.293: [CMS-concurrent-preclean: 0.008/0.008 secs] [Times: user=0.00 sys=0.00, real=0.00 secs] 
2024-10-09T21:38:59.455+0300: 122.293: [CMS-concurrent-abortable-preclean-start]
2024-10-09T21:38:59.628+0300: 122.460: Application time: 0.2030051 seconds
2024-10-09T21:38:59.628+0300: 122.461: [GC (Allocation Failure) 2024-10-09T21:38:59.628+0300: 122.461: [ParNew: 460096K->47463K(460096K), 0.0376751 secs] 7733619K->7338722K(8337536K), 0.0377760 secs] [Times: user=0.19 sys=0.00, real=0.04 secs] 
2024-10-09T21:38:59.672+0300: 122.498: Total time for which application threads were stopped: 0.0380336 seconds, Stopping threads took: 0.0001029 seconds
2024-10-09T21:38:59.864+0300: 122.695: Application time: 0.1961918 seconds
2024-10-09T21:38:59.864+0300: 122.695: [GC (Allocation Failure) 2024-10-09T21:38:59.864+0300: 122.695: [ParNew: 456487K->51072K(460096K), 0.0286611 secs] 7747746K->7348427K(8337536K), 0.0287565 secs] [Times: user=0.03 sys=0.00, real=0.03 secs] 
2024-10-09T21:38:59.895+0300: 122.724: Total time for which application threads were stopped: 0.0289103 seconds, Stopping threads took: 0.0000220 seconds
2024-10-09T21:38:59.895+0300: 122.724: [CMS-concurrent-abortable-preclean: 0.364/0.431 secs] [Times: user=2.34 sys=0.00, real=0.44 secs] 
2024-10-09T21:38:59.895+0300: 122.724: Application time: 0.0007102 seconds
2024-10-09T21:38:59.895+0300: 122.724: [GC (CMS Final Remark) [YG occupancy: 57727 K (460096 K)]2024-10-09T21:38:59.895+0300: 122.724: [Rescan (parallel) , 0.0092615 secs]2024-10-09T21:38:59.895+0300: 122.734: [weak refs processing, 0.0000168 secs]2024-10-09T21:38:59.895+0300: 122.734: [class unloading, 0.0022034 secs]2024-10-09T21:38:59.895+0300: 122.736: [scrub symbol table, 0.0010395 secs]2024-10-09T21:38:59.911+0300: 122.737: [scrub string table, 0.0002211 secs][1 CMS-remark: 7297355K(7877440K)] 7355082K(8337536K), 0.0128805 secs] [Times: user=0.02 sys=0.00, real=0.02 secs] 
2024-10-09T21:38:59.911+0300: 122.737: Total time for which application threads were stopped: 0.0130539 seconds, Stopping threads took: 0.0000980 seconds
2024-10-09T21:38:59.911+0300: 122.737: [CMS-concurrent-sweep-start]
2024-10-09T21:39:00.083+0300: 122.923: Application time: 0.1860312 seconds
2024-10-09T21:39:00.083+0300: 122.924: [GC (Allocation Failure) 2024-10-09T21:39:00.083+0300: 122.924: [ParNew: 460096K->50037K(460096K), 0.0323729 secs] 7473188K->7087212K(8337536K), 0.0324779 secs] [Times: user=0.09 sys=0.00, real=0.05 secs] 
2024-10-09T21:39:00.130+0300: 122.956: Total time for which application threads were stopped: 0.0328657 seconds, Stopping threads took: 0.0002205 seconds
2024-10-09T21:39:00.318+0300: 123.155: Application time: 0.1989738 seconds
2024-10-09T21:39:00.318+0300: 123.155: [GC (Allocation Failure) 2024-10-09T21:39:00.318+0300: 123.155: [ParNew: 459061K->43883K(460096K), 0.0288201 secs] 7215006K->6816140K(8337536K), 0.0289112 secs] [Times: user=0.14 sys=0.00, real=0.03 secs] 
2024-10-09T21:39:00.352+0300: 123.184: Total time for which application threads were stopped: 0.0292007 seconds, Stopping threads took: 0.0001682 seconds
2024-10-09T21:39:00.538+0300: 123.373: Application time: 0.1882742 seconds
2024-10-09T21:39:00.538+0300: 123.373: [GC (Allocation Failure) 2024-10-09T21:39:00.538+0300: 123.373: [ParNew: 452907K->51072K(460096K), 0.0305814 secs] 6977437K->6589718K(8337536K), 0.0307017 secs] [Times: user=0.03 sys=0.00, real=0.03 secs] 
2024-10-09T21:39:00.570+0300: 123.404: Total time for which application threads were stopped: 0.0310074 seconds, Stopping threads took: 0.0001635 seconds
2024-10-09T21:39:00.774+0300: 123.609: Application time: 0.2051540 seconds
2024-10-09T21:39:00.774+0300: 123.609: [GC (Allocation Failure) 2024-10-09T21:39:00.774+0300: 123.609: [ParNew: 460096K->51072K(460096K), 0.0295885 secs] 6732824K->6339615K(8337536K), 0.0296844 secs] [Times: user=0.06 sys=0.00, real=0.03 secs] 
2024-10-09T21:39:00.805+0300: 123.639: Total time for which application threads were stopped: 0.0300623 seconds, Stopping threads took: 0.0002414 seconds
2024-10-09T21:39:00.993+0300: 123.825: Application time: 0.1856367 seconds
2024-10-09T21:39:00.993+0300: 123.825: [GC (Allocation Failure) 2024-10-09T21:39:00.993+0300: 123.825: [ParNew: 460096K->43396K(460096K), 0.0336989 secs] 6488633K->6098865K(8337536K), 0.0337859 secs] [Times: user=0.03 sys=0.00, real=0.03 secs] 
2024-10-09T21:39:01.025+0300: 123.859: Total time for which application threads were stopped: 0.0340644 seconds, Stopping threads took: 0.0001566 seconds
2024-10-09T21:39:01.213+0300: 124.047: Application time: 0.1879035 seconds
2024-10-09T21:39:01.213+0300: 124.047: [GC (Allocation Failure) 2024-10-09T21:39:01.213+0300: 124.047: [ParNew: 452420K->51072K(460096K), 0.0265621 secs] 6272778K->5878708K(8337536K), 0.0266503 secs] [Times: user=0.03 sys=0.00, real=0.03 secs] 
2024-10-09T21:39:01.244+0300: 124.073: Total time for which application threads were stopped: 0.0269524 seconds, Stopping threads took: 0.0001771 seconds
2024-10-09T21:39:01.432+0300: 124.265: Application time: 0.1915932 seconds
2024-10-09T21:39:01.432+0300: 124.265: [GC (Allocation Failure) 2024-10-09T21:39:01.432+0300: 124.265: [ParNew: 460096K->48718K(460096K), 0.0316980 secs] 6044931K->5657420K(8337536K), 0.0317863 secs] [Times: user=0.03 sys=0.00, real=0.03 secs] 
2024-10-09T21:39:01.464+0300: 124.297: Total time for which application threads were stopped: 0.0320888 seconds, Stopping threads took: 0.0001824 seconds
2024-10-09T21:39:01.664+0300: 124.490: Application time: 0.1925206 seconds
2024-10-09T21:39:01.664+0300: 124.490: [GC (Allocation Failure) 2024-10-09T21:39:01.664+0300: 124.490: [ParNew: 457742K->51072K(460096K), 0.0286319 secs] 5838525K->5440850K(8337536K), 0.0287260 secs] [Times: user=0.16 sys=0.00, real=0.02 secs] 
2024-10-09T21:39:01.684+0300: 124.519: Total time for which application threads were stopped: 0.0290001 seconds, Stopping threads took: 0.0001264 seconds
2024-10-09T21:39:01.888+0300: 124.715: Application time: 0.1964838 seconds
2024-10-09T21:39:01.888+0300: 124.715: [GC (Allocation Failure) 2024-10-09T21:39:01.888+0300: 124.715: [ParNew: 460096K->51072K(460096K), 0.0330475 secs] 5597451K->5209751K(8337536K), 0.0331304 secs] [Times: user=0.02 sys=0.00, real=0.03 secs] 
2024-10-09T21:39:01.919+0300: 124.749: Total time for which application threads were stopped: 0.0333930 seconds, Stopping threads took: 0.0001490 seconds
2024-10-09T21:39:02.107+0300: 124.933: Application time: 0.1848284 seconds
2024-10-09T21:39:02.107+0300: 124.934: [GC (Allocation Failure) 2024-10-09T21:39:02.107+0300: 124.934: [ParNew: 460096K->51072K(460096K), 0.0347501 secs] 5366169K->4987892K(8337536K), 0.0348391 secs] [Times: user=0.02 sys=0.00, real=0.03 secs] 
2024-10-09T21:39:02.139+0300: 124.968: Total time for which application threads were stopped: 0.0350771 seconds, Stopping threads took: 0.0001183 seconds
2024-10-09T21:39:02.327+0300: 125.159: Application time: 0.1903416 seconds
2024-10-09T21:39:02.327+0300: 125.159: [GC (Allocation Failure) 2024-10-09T21:39:02.327+0300: 125.159: [ParNew: 460096K->38156K(460096K), 0.0302007 secs] 5143176K->4742542K(8337536K), 0.0302936 secs] [Times: user=0.03 sys=0.00, real=0.03 secs] 
2024-10-09T21:39:02.359+0300: 125.190: Total time for which application threads were stopped: 0.0306714 seconds, Stopping threads took: 0.0001959 seconds
2024-10-09T21:39:02.557+0300: 125.385: Application time: 0.1952001 seconds
2024-10-09T21:39:02.557+0300: 125.385: [GC (Allocation Failure) 2024-10-09T21:39:02.557+0300: 125.385: [ParNew: 447180K->51072K(460096K), 0.0275073 secs] 4890534K->4505103K(8337536K), 0.0276014 secs] [Times: user=0.02 sys=0.00, real=0.02 secs] 
2024-10-09T21:39:02.578+0300: 125.413: Total time for which application threads were stopped: 0.0278738 seconds, Stopping threads took: 0.0001489 seconds
2024-10-09T21:39:02.767+0300: 125.607: Application time: 0.1940769 seconds
2024-10-09T21:39:02.767+0300: 125.607: [GC (Allocation Failure) 2024-10-09T21:39:02.767+0300: 125.607: [ParNew: 460096K->51072K(460096K), 0.0305121 secs] 4649338K->4258208K(8337536K), 0.0306157 secs] [Times: user=0.12 sys=0.00, real=0.03 secs] 
2024-10-09T21:39:02.798+0300: 125.638: Total time for which application threads were stopped: 0.0310495 seconds, Stopping threads took: 0.0002780 seconds
2024-10-09T21:39:02.986+0300: 125.827: Application time: 0.1893151 seconds
2024-10-09T21:39:02.986+0300: 125.827: [GC (Allocation Failure) 2024-10-09T21:39:02.986+0300: 125.827: [ParNew: 460096K->51072K(460096K), 0.0355040 secs] 4412402K->4029709K(8337536K), 0.0355905 secs] [Times: user=0.06 sys=0.00, real=0.05 secs] 
2024-10-09T21:39:03.033+0300: 125.863: Total time for which application threads were stopped: 0.0358362 seconds, Stopping threads took: 0.0001238 seconds
2024-10-09T21:39:03.222+0300: 126.055: Application time: 0.1916717 seconds
2024-10-09T21:39:03.222+0300: 126.055: [GC (Allocation Failure) 2024-10-09T21:39:03.222+0300: 126.055: [ParNew: 460096K->51072K(460096K), 0.0320824 secs] 4186410K->3798411K(8337536K), 0.0321764 secs] [Times: user=0.05 sys=0.00, real=0.04 secs] 
2024-10-09T21:39:03.259+0300: 126.087: Total time for which application threads were stopped: 0.0324133 seconds, Stopping threads took: 0.0001188 seconds
2024-10-09T21:39:03.442+0300: 126.278: Application time: 0.1912204 seconds
2024-10-09T21:39:03.442+0300: 126.278: [GC (Allocation Failure) 2024-10-09T21:39:03.442+0300: 126.278: [ParNew: 460096K->51072K(460096K), 0.0275874 secs] 3972426K->3571791K(8337536K), 0.0276763 secs] [Times: user=0.03 sys=0.00, real=0.03 secs] 
2024-10-09T21:39:03.474+0300: 126.306: Total time for which application threads were stopped: 0.0279590 seconds, Stopping threads took: 0.0001623 seconds
2024-10-09T21:39:03.659+0300: 126.487: Application time: 0.1806943 seconds
2024-10-09T21:39:03.659+0300: 126.487: [GC (Allocation Failure) 2024-10-09T21:39:03.659+0300: 126.487: [ParNew: 460096K->42131K(460096K), 0.0341690 secs] 3783369K->3398834K(8337536K), 0.0342645 secs] [Times: user=0.11 sys=0.00, real=0.03 secs] 
2024-10-09T21:39:03.693+0300: 126.521: Total time for which application threads were stopped: 0.0345382 seconds, Stopping threads took: 0.0001397 seconds
2024-10-09T21:39:03.897+0300: 126.727: Application time: 0.2060186 seconds
2024-10-09T21:39:03.897+0300: 126.728: [GC (Allocation Failure) 2024-10-09T21:39:03.897+0300: 126.728: [ParNew: 451155K->51072K(460096K), 0.0249100 secs] 3585607K->3188237K(8337536K), 0.0249954 secs] [Times: user=0.02 sys=0.00, real=0.02 secs] 
2024-10-09T21:39:03.913+0300: 126.753: Total time for which application threads were stopped: 0.0253006 seconds, Stopping threads took: 0.0001870 seconds
2024-10-09T21:39:04.101+0300: 126.938: Application time: 0.1855614 seconds
2024-10-09T21:39:04.101+0300: 126.939: [GC (Allocation Failure) 2024-10-09T21:39:04.101+0300: 126.939: [ParNew: 460096K->51072K(460096K), 0.0359379 secs] 3401016K->3018233K(8337536K), 0.0360276 secs] [Times: user=0.03 sys=0.00, real=0.05 secs] 
2024-10-09T21:39:04.148+0300: 126.975: Total time for which application threads were stopped: 0.0363385 seconds, Stopping threads took: 0.0001705 seconds
2024-10-09T21:39:04.337+0300: 127.165: Application time: 0.1903368 seconds
2024-10-09T21:39:04.337+0300: 127.165: [GC (Allocation Failure) 2024-10-09T21:39:04.337+0300: 127.165: [ParNew: 460096K->51072K(460096K), 0.0313667 secs] 3207756K->2821812K(8337536K), 0.0314516 secs] [Times: user=0.02 sys=0.00, real=0.03 secs] 
2024-10-09T21:39:04.371+0300: 127.197: Total time for which application threads were stopped: 0.0317024 seconds, Stopping threads took: 0.0001313 seconds
2024-10-09T21:39:04.556+0300: 127.385: Application time: 0.1884341 seconds
2024-10-09T21:39:04.556+0300: 127.385: [GC (Allocation Failure) 2024-10-09T21:39:04.556+0300: 127.385: [ParNew: 460096K->51072K(460096K), 0.0341056 secs] 3021802K->2633851K(8337536K), 0.0342014 secs] [Times: user=0.03 sys=0.00, real=0.03 secs] 
2024-10-09T21:39:04.588+0300: 127.420: Total time for which application threads were stopped: 0.0344485 seconds, Stopping threads took: 0.0001325 seconds
2024-10-09T21:39:04.776+0300: 127.614: Application time: 0.1942489 seconds
2024-10-09T21:39:04.776+0300: 127.614: [GC (Allocation Failure) 2024-10-09T21:39:04.776+0300: 127.614: [ParNew: 460096K->51072K(460096K), 0.0339011 secs] 2822405K->2439095K(8337536K), 0.0340001 secs] [Times: user=0.06 sys=0.00, real=0.03 secs] 
2024-10-09T21:39:04.808+0300: 127.648: Total time for which application threads were stopped: 0.0342982 seconds, Stopping threads took: 0.0001690 seconds
2024-10-09T21:39:04.997+0300: 127.837: Application time: 0.1890608 seconds
2024-10-09T21:39:04.997+0300: 127.837: [GC (Allocation Failure) 2024-10-09T21:39:04.997+0300: 127.837: [ParNew: 460096K->47911K(460096K), 0.0331549 secs] 2632546K->2246016K(8337536K), 0.0332432 secs] [Times: user=0.03 sys=0.00, real=0.05 secs] 
2024-10-09T21:39:05.043+0300: 127.871: Total time for which application threads were stopped: 0.0334884 seconds, Stopping threads took: 0.0001279 seconds
2024-10-09T21:39:05.232+0300: 128.061: Application time: 0.1899704 seconds
2024-10-09T21:39:05.232+0300: 128.061: [GC (Allocation Failure) 2024-10-09T21:39:05.232+0300: 128.061: [ParNew: 456935K->51072K(460096K), 0.0273661 secs] 2433589K->2036205K(8337536K), 0.0274498 secs] [Times: user=0.02 sys=0.00, real=0.01 secs] 
2024-10-09T21:39:05.247+0300: 128.088: Total time for which application threads were stopped: 0.0277045 seconds, Stopping threads took: 0.0001448 seconds
2024-10-09T21:39:05.451+0300: 128.278: Application time: 0.1894761 seconds
2024-10-09T21:39:05.451+0300: 128.278: [GC (Allocation Failure) 2024-10-09T21:39:05.451+0300: 128.278: [ParNew: 460096K->47391K(460096K), 0.0338973 secs] 2225779K->1844949K(8337536K), 0.0339824 secs] [Times: user=0.03 sys=0.00, real=0.03 secs] 
2024-10-09T21:39:05.483+0300: 128.312: Total time for which application threads were stopped: 0.0342344 seconds, Stopping threads took: 0.0001263 seconds
2024-10-09T21:39:05.687+0300: 128.514: Application time: 0.2014735 seconds
2024-10-09T21:39:05.687+0300: 128.514: [GC (Allocation Failure) 2024-10-09T21:39:05.687+0300: 128.514: [ParNew: 456415K->51072K(460096K), 0.0297708 secs] 2033860K->1632550K(8337536K), 0.0298586 secs] [Times: user=0.16 sys=0.00, real=0.01 secs] 
2024-10-09T21:39:05.702+0300: 128.544: Total time for which application threads were stopped: 0.0301725 seconds, Stopping threads took: 0.0001915 seconds
2024-10-09T21:39:05.891+0300: 128.731: Application time: 0.1877396 seconds
2024-10-09T21:39:05.891+0300: 128.732: [GC (Allocation Failure) 2024-10-09T21:39:05.891+0300: 128.732: [ParNew: 460096K->51072K(460096K), 0.0339753 secs] 1827076K->1444469K(8337536K), 0.0340639 secs] [Times: user=0.05 sys=0.00, real=0.05 secs] 
2024-10-09T21:39:05.938+0300: 128.766: Total time for which application threads were stopped: 0.0343784 seconds, Stopping threads took: 0.0001940 seconds
2024-10-09T21:39:06.127+0300: 128.964: Application time: 0.1981050 seconds
2024-10-09T21:39:06.127+0300: 128.964: [GC (Allocation Failure) 2024-10-09T21:39:06.127+0300: 128.964: [ParNew: 460096K->51072K(460096K), 0.0293533 secs] 1623225K->1226768K(8337536K), 0.0294413 secs] [Times: user=0.05 sys=0.00, real=0.04 secs] 
2024-10-09T21:39:06.165+0300: 128.994: Total time for which application threads were stopped: 0.0297312 seconds, Stopping threads took: 0.0001750 seconds
2024-10-09T21:39:06.331+0300: 129.166: Application time: 0.1726218 seconds
2024-10-09T21:39:06.331+0300: 129.166: [GC (Allocation Failure) 2024-10-09T21:39:06.331+0300: 129.167: [ParNew: 460096K->42081K(460096K), 0.0337110 secs] 1443200K->1056644K(8337536K), 0.0338072 secs] [Times: user=0.03 sys=0.00, real=0.03 secs] 
2024-10-09T21:39:06.366+0300: 129.200: Total time for which application threads were stopped: 0.0340626 seconds, Stopping threads took: 0.0001308 seconds
2024-10-09T21:39:06.566+0300: 129.396: Application time: 0.1953467 seconds
2024-10-09T21:39:06.566+0300: 129.396: [GC (Allocation Failure) 2024-10-09T21:39:06.566+0300: 129.396: [ParNew: 451105K->50537K(460096K), 0.0307175 secs] 1238595K->856647K(8337536K), 0.0308024 secs] [Times: user=0.03 sys=0.00, real=0.03 secs] 
2024-10-09T21:39:06.597+0300: 129.427: Total time for which application threads were stopped: 0.0310815 seconds, Stopping threads took: 0.0001594 seconds
2024-10-09T21:39:06.723+0300: 129.563: [CMS-concurrent-sweep: 5.873/6.826 secs] [Times: user=34.94 sys=0.20, real=6.81 secs] 
2024-10-09T21:39:06.723+0300: 129.563: [CMS-concurrent-reset-start]
2024-10-09T21:39:06.738+0300: 129.580: [CMS-concurrent-reset: 0.016/0.016 secs] [Times: user=0.09 sys=0.00, real=0.01 secs] 
2024-10-09T21:39:06.786+0300: 129.625: Application time: 0.1979905 seconds
2024-10-09T21:39:06.786+0300: 129.625: [GC (Allocation Failure) 2024-10-09T21:39:06.786+0300: 129.625: [ParNew: 459561K->51072K(460096K), 0.0265977 secs] 1112272K->712290K(8337536K), 0.0266876 secs] [Times: user=0.03 sys=0.00, real=0.03 secs] 
2024-10-09T21:39:06.817+0300: 129.652: Total time for which application threads were stopped: 0.0269769 seconds, Stopping threads took: 0.0001681 seconds
2024-10-09T21:39:06.974+0300: 129.804: Application time: 0.1521584 seconds
2024-10-09T21:39:06.974+0300: 129.804: [GC (Allocation Failure) 2024-10-09T21:39:06.974+0300: 129.804: [ParNew: 460096K->51072K(460096K), 0.0318536 secs] 1121314K->738255K(8337536K), 0.0319465 secs] [Times: user=0.02 sys=0.00, real=0.03 secs] 
2024-10-09T21:39:07.005+0300: 129.836: Total time for which application threads were stopped: 0.0322256 seconds, Stopping threads took: 0.0001357 seconds
2024-10-09T21:39:07.178+0300: 130.008: Application time: 0.1722272 seconds
2024-10-09T21:39:07.178+0300: 130.009: [GC (Allocation Failure) 2024-10-09T21:39:07.178+0300: 130.009: [ParNew: 460096K->51072K(460096K), 0.0273296 secs] 1147279K->748189K(8337536K), 0.0274084 secs] [Times: user=0.03 sys=0.00, real=0.03 secs] 
2024-10-09T21:39:07.210+0300: 130.036: Total time for which application threads were stopped: 0.0276514 seconds, Stopping threads took: 0.0001280 seconds
2024-10-09T21:39:07.368+0300: 130.194: Application time: 0.1575550 seconds
2024-10-09T21:39:07.368+0300: 130.194: [GC (Allocation Failure) 2024-10-09T21:39:07.368+0300: 130.194: [ParNew: 460096K->51072K(460096K), 0.0345820 secs] 1157213K->776018K(8337536K), 0.0346662 secs] [Times: user=0.02 sys=0.00, real=0.03 secs] 
2024-10-09T21:39:07.398+0300: 130.229: Total time for which application threads were stopped: 0.0349326 seconds, Stopping threads took: 0.0001485 seconds
2024-10-09T21:39:07.555+0300: 130.382: Application time: 0.1539686 seconds
2024-10-09T21:39:07.555+0300: 130.383: [GC (Allocation Failure) 2024-10-09T21:39:07.555+0300: 130.383: [ParNew: 460096K->50379K(460096K), 0.0339527 secs] 1185042K->807453K(8337536K), 0.0340323 secs] [Times: user=0.05 sys=0.00, real=0.03 secs] 
2024-10-09T21:39:07.586+0300: 130.417: Total time for which application threads were stopped: 0.0342739 seconds, Stopping threads took: 0.0001283 seconds
2024-10-09T21:39:07.769+0300: 130.597: Application time: 0.1799742 seconds
2024-10-09T21:39:07.769+0300: 130.597: [GC (Allocation Failure) 2024-10-09T21:39:07.769+0300: 130.597: [ParNew: 459403K->51072K(460096K), 0.0265646 secs] 1216477K->815486K(8337536K), 0.0266538 secs] [Times: user=0.03 sys=0.00, real=0.02 secs] 
2024-10-09T21:39:07.790+0300: 130.624: Total time for which application threads were stopped: 0.0269651 seconds, Stopping threads took: 0.0001821 seconds
2024-10-09T21:39:07.947+0300: 130.778: Application time: 0.1545578 seconds
2024-10-09T21:39:07.947+0300: 130.779: [GC (Allocation Failure) 2024-10-09T21:39:07.947+0300: 130.779: [ParNew: 460096K->51072K(460096K), 0.0349568 secs] 1224510K->843056K(8337536K), 0.0350542 secs] [Times: user=0.03 sys=0.00, real=0.03 secs] 
2024-10-09T21:39:07.979+0300: 130.814: Total time for which application threads were stopped: 0.0353382 seconds, Stopping threads took: 0.0001661 seconds
2024-10-09T21:39:08.135+0300: 130.969: Application time: 0.1550049 seconds
2024-10-09T21:39:08.135+0300: 130.969: [GC (Allocation Failure) 2024-10-09T21:39:08.135+0300: 130.969: [ParNew: 460096K->49876K(460096K), 0.0322205 secs] 1252080K->866656K(8337536K), 0.0323113 secs] [Times: user=0.03 sys=0.00, real=0.04 secs] 
2024-10-09T21:39:08.170+0300: 131.001: Total time for which application threads were stopped: 0.0326376 seconds, Stopping threads took: 0.0002050 seconds
2024-10-09T21:39:08.339+0300: 131.176: Application time: 0.1748971 seconds
2024-10-09T21:39:08.339+0300: 131.176: [GC (Allocation Failure) 2024-10-09T21:39:08.339+0300: 131.176: [ParNew: 458900K->51072K(460096K), 0.0281691 secs] 1275680K->882543K(8337536K), 0.0282663 secs] [Times: user=0.03 sys=0.00, real=0.03 secs] 
2024-10-09T21:39:08.371+0300: 131.205: Total time for which application threads were stopped: 0.0285308 seconds, Stopping threads took: 0.0001462 seconds
2024-10-09T21:39:08.528+0300: 131.358: Application time: 0.1533747 seconds
2024-10-09T21:39:08.528+0300: 131.358: [GC (Allocation Failure) 2024-10-09T21:39:08.528+0300: 131.358: [ParNew: 460096K->51072K(460096K), 0.0308329 secs] 1291567K->898530K(8337536K), 0.0309230 secs] [Times: user=0.03 sys=0.00, real=0.03 secs] 
2024-10-09T21:39:08.560+0300: 131.389: Total time for which application threads were stopped: 0.0311688 seconds, Stopping threads took: 0.0001314 seconds
2024-10-09T21:39:08.717+0300: 131.549: Application time: 0.1602307 seconds
2024-10-09T21:39:08.717+0300: 131.550: [GC (Allocation Failure) 2024-10-09T21:39:08.717+0300: 131.550: [ParNew: 460096K->51072K(460096K), 0.0299639 secs] 1307554K->923766K(8337536K), 0.0300597 secs] [Times: user=0.03 sys=0.00, real=0.03 secs] 
2024-10-09T21:39:08.748+0300: 131.580: Total time for which application threads were stopped: 0.0303237 seconds, Stopping threads took: 0.0001309 seconds
2024-10-09T21:39:08.921+0300: 131.755: Application time: 0.1751942 seconds
2024-10-09T21:39:08.921+0300: 131.755: [GC (Allocation Failure) 2024-10-09T21:39:08.921+0300: 131.755: [ParNew: 460096K->51072K(460096K), 0.0280438 secs] 1332790K->936313K(8337536K), 0.0281287 secs] [Times: user=0.03 sys=0.00, real=0.03 secs] 
2024-10-09T21:39:08.952+0300: 131.783: Total time for which application threads were stopped: 0.0283731 seconds, Stopping threads took: 0.0001290 seconds
2024-10-09T21:39:09.109+0300: 131.937: Application time: 0.1534563 seconds
2024-10-09T21:39:09.109+0300: 131.937: [GC (Allocation Failure) 2024-10-09T21:39:09.109+0300: 131.937: [ParNew: 460096K->51072K(460096K), 0.0308879 secs] 1345337K->950321K(8337536K), 0.0309753 secs] [Times: user=0.02 sys=0.00, real=0.03 secs] 
2024-10-09T21:39:09.140+0300: 131.968: Total time for which application threads were stopped: 0.0312395 seconds, Stopping threads took: 0.0001534 seconds
2024-10-09T21:39:09.282+0300: 132.122: Application time: 0.1542075 seconds
2024-10-09T21:39:09.282+0300: 132.122: [GC (Allocation Failure) 2024-10-09T21:39:09.282+0300: 132.123: [ParNew: 460096K->47588K(460096K), 0.0304413 secs] 1359345K->976261K(8337536K), 0.0305286 secs] [Times: user=0.03 sys=0.00, real=0.03 secs] 
2024-10-09T21:39:09.313+0300: 132.153: Total time for which application threads were stopped: 0.0307546 seconds, Stopping threads took: 0.0001133 seconds
2024-10-09T21:39:09.486+0300: 132.326: Application time: 0.1730207 seconds
2024-10-09T21:39:09.486+0300: 132.326: [GC (Allocation Failure) 2024-10-09T21:39:09.486+0300: 132.326: [ParNew: 456612K->51072K(460096K), 0.0256044 secs] 1385285K->982664K(8337536K), 0.0256833 secs] [Times: user=0.03 sys=0.00, real=0.03 secs] 
2024-10-09T21:39:09.517+0300: 132.352: Total time for which application threads were stopped: 0.0259128 seconds, Stopping threads took: 0.0001156 seconds
2024-10-09T21:39:09.674+0300: 132.513: Application time: 0.1610656 seconds
2024-10-09T21:39:09.674+0300: 132.513: [GC (Allocation Failure) 2024-10-09T21:39:09.674+0300: 132.513: [ParNew: 460096K->51072K(460096K), 0.0346606 secs] 1391688K->1000887K(8337536K), 0.0347566 secs] [Times: user=0.09 sys=0.00, real=0.05 secs] 
2024-10-09T21:39:09.721+0300: 132.548: Total time for which application threads were stopped: 0.0350756 seconds, Stopping threads took: 0.0001786 seconds
2024-10-09T21:39:09.863+0300: 132.696: Application time: 0.1479731 seconds
2024-10-09T21:39:09.863+0300: 132.696: [GC (Allocation Failure) 2024-10-09T21:39:09.863+0300: 132.696: [ParNew: 460096K->45720K(460096K), 0.0333584 secs] 1409911K->1029013K(8337536K), 0.0334495 secs] [Times: user=0.03 sys=0.00, real=0.03 secs] 
2024-10-09T21:39:09.894+0300: 132.730: Total time for which application threads were stopped: 0.0336925 seconds, Stopping threads took: 0.0001192 seconds
2024-10-09T21:39:10.083+0300: 132.911: Application time: 0.1810209 seconds
2024-10-09T21:39:10.083+0300: 132.911: [GC (Allocation Failure) 2024-10-09T21:39:10.083+0300: 132.911: [ParNew: 454744K->51072K(460096K), 0.0276135 secs] 1438037K->1037003K(8337536K), 0.0276980 secs] [Times: user=0.03 sys=0.00, real=0.02 secs] 
2024-10-09T21:39:10.098+0300: 132.939: Total time for which application threads were stopped: 0.0279433 seconds, Stopping threads took: 0.0001234 seconds
2024-10-09T21:39:10.271+0300: 133.098: Application time: 0.1594001 seconds
2024-10-09T21:39:10.271+0300: 133.098: [GC (Allocation Failure) 2024-10-09T21:39:10.271+0300: 133.098: [ParNew: 460096K->51072K(460096K), 0.0329534 secs] 1446027K->1057474K(8337536K), 0.0330413 secs] [Times: user=0.02 sys=0.00, real=0.03 secs] 
2024-10-09T21:39:10.303+0300: 133.131: Total time for which application threads were stopped: 0.0333267 seconds, Stopping threads took: 0.0001465 seconds
2024-10-09T21:39:10.444+0300: 133.281: Application time: 0.1494877 seconds
2024-10-09T21:39:10.444+0300: 133.281: [GC (Allocation Failure) 2024-10-09T21:39:10.444+0300: 133.281: [ParNew: 460096K->49158K(460096K), 0.0293808 secs] 1466498K->1080189K(8337536K), 0.0294693 secs] [Times: user=0.03 sys=0.00, real=0.03 secs] 
2024-10-09T21:39:10.475+0300: 133.311: Total time for which application threads were stopped: 0.0297174 seconds, Stopping threads took: 0.0001179 seconds
2024-10-09T21:39:10.647+0300: 133.488: Application time: 0.1776842 seconds
2024-10-09T21:39:10.663+0300: 133.489: [GC (Allocation Failure) 2024-10-09T21:39:10.663+0300: 133.489: [ParNew: 458182K->47698K(460096K), 0.0283047 secs] 1489213K->1092056K(8337536K), 0.0284062 secs] [Times: user=0.11 sys=0.00, real=0.02 secs] 
2024-10-09T21:39:10.679+0300: 133.517: Total time for which application threads were stopped: 0.0287443 seconds, Stopping threads took: 0.0001727 seconds
2024-10-09T21:39:10.851+0300: 133.683: Application time: 0.1662864 seconds
2024-10-09T21:39:10.851+0300: 133.684: [GC (Allocation Failure) 2024-10-09T21:39:10.851+0300: 133.684: [ParNew: 456722K->51072K(460096K), 0.0274100 secs] 1501080K->1107281K(8337536K), 0.0274979 secs] [Times: user=0.06 sys=0.00, real=0.03 secs] 
2024-10-09T21:39:10.883+0300: 133.711: Total time for which application threads were stopped: 0.0277564 seconds, Stopping threads took: 0.0001399 seconds
2024-10-09T21:39:11.040+0300: 133.870: Application time: 0.1589703 seconds
2024-10-09T21:39:11.040+0300: 133.870: [GC (Allocation Failure) 2024-10-09T21:39:11.040+0300: 133.870: [ParNew: 460096K->51072K(460096K), 0.0333501 secs] 1516305K->1139636K(8337536K), 0.0334353 secs] [Times: user=0.03 sys=0.00, real=0.04 secs] 
2024-10-09T21:39:11.077+0300: 133.904: Total time for which application threads were stopped: 0.0336768 seconds, Stopping threads took: 0.0001226 seconds
2024-10-09T21:39:11.244+0300: 134.074: Application time: 0.1703759 seconds
2024-10-09T21:39:11.244+0300: 134.074: [GC (Allocation Failure) 2024-10-09T21:39:11.244+0300: 134.074: [ParNew: 460096K->51072K(460096K), 0.0252190 secs] 1548660K->1142350K(8337536K), 0.0252998 secs] [Times: user=0.01 sys=0.00, real=0.02 secs] 
2024-10-09T21:39:11.260+0300: 134.100: Total time for which application threads were stopped: 0.0255530 seconds, Stopping threads took: 0.0001309 seconds
2024-10-09T21:39:11.417+0300: 134.258: Application time: 0.1584144 seconds
2024-10-09T21:39:11.433+0300: 134.259: [GC (Allocation Failure) 2024-10-09T21:39:11.433+0300: 134.259: [ParNew: 460096K->51072K(460096K), 0.0342343 secs] 1551374K->1163606K(8337536K), 0.0343331 secs] [Times: user=0.02 sys=0.00, real=0.03 secs] 
2024-10-09T21:39:11.464+0300: 134.293: Total time for which application threads were stopped: 0.0347375 seconds, Stopping threads took: 0.0002604 seconds
2024-10-09T21:39:11.605+0300: 134.445: Application time: 0.1520138 seconds
2024-10-09T21:39:11.605+0300: 134.445: [GC (Allocation Failure) 2024-10-09T21:39:11.605+0300: 134.445: [ParNew: 460096K->51072K(460096K), 0.0322613 secs] 1572630K->1189969K(8337536K), 0.0323646 secs] [Times: user=0.03 sys=0.00, real=0.03 secs] 
2024-10-09T21:39:11.637+0300: 134.478: Total time for which application threads were stopped: 0.0326606 seconds, Stopping threads took: 0.0001701 seconds
2024-10-09T21:39:11.809+0300: 134.650: Application time: 0.1727002 seconds
2024-10-09T21:39:11.809+0300: 134.651: [GC (Allocation Failure) 2024-10-09T21:39:11.809+0300: 134.651: [ParNew: 460096K->51072K(460096K), 0.0253439 secs] 1598993K->1192081K(8337536K), 0.0254266 secs] [Times: user=0.03 sys=0.00, real=0.03 secs] 
2024-10-09T21:39:11.841+0300: 134.676: Total time for which application threads were stopped: 0.0257180 seconds, Stopping threads took: 0.0001756 seconds
2024-10-09T21:39:11.998+0300: 134.837: Application time: 0.1608556 seconds
2024-10-09T21:39:11.998+0300: 134.837: [GC (Allocation Failure) 2024-10-09T21:39:11.998+0300: 134.837: [ParNew: 460096K->51072K(460096K), 0.0343045 secs] 1601105K->1214929K(8337536K), 0.0343872 secs] [Times: user=0.05 sys=0.00, real=0.05 secs] 
2024-10-09T21:39:12.045+0300: 134.872: Total time for which application threads were stopped: 0.0346805 seconds, Stopping threads took: 0.0001804 seconds
2024-10-09T21:39:12.186+0300: 135.023: Application time: 0.1511774 seconds
2024-10-09T21:39:12.186+0300: 135.023: [GC (Allocation Failure) 2024-10-09T21:39:12.186+0300: 135.023: [ParNew: 460096K->49049K(460096K), 0.0342714 secs] 1623953K->1245026K(8337536K), 0.0343646 secs] [Times: user=0.03 sys=0.00, real=0.03 secs] 
2024-10-09T21:39:12.217+0300: 135.057: Total time for which application threads were stopped: 0.0346523 seconds, Stopping threads took: 0.0001613 seconds
2024-10-09T21:39:12.390+0300: 135.224: Application time: 0.1666954 seconds
2024-10-09T21:39:12.390+0300: 135.224: [GC (Allocation Failure) 2024-10-09T21:39:12.390+0300: 135.224: [ParNew: 458073K->47506K(460096K), 0.0271095 secs] 1654050K->1255936K(8337536K), 0.0272049 secs] [Times: user=0.03 sys=0.00, real=0.03 secs] 
2024-10-09T21:39:12.421+0300: 135.252: Total time for which application threads were stopped: 0.0274713 seconds, Stopping threads took: 0.0001403 seconds
2024-10-09T21:39:12.587+0300: 135.413: Application time: 0.1617015 seconds
2024-10-09T21:39:12.587+0300: 135.413: [GC (Allocation Failure) 2024-10-09T21:39:12.587+0300: 135.414: [ParNew: 456530K->51072K(460096K), 0.0281595 secs] 1664960K->1272231K(8337536K), 0.0282452 secs] [Times: user=0.02 sys=0.00, real=0.02 secs] 
2024-10-09T21:39:12.609+0300: 135.442: Total time for which application threads were stopped: 0.0285072 seconds, Stopping threads took: 0.0001445 seconds
2024-10-09T21:39:12.766+0300: 135.605: Application time: 0.1630179 seconds
2024-10-09T21:39:12.766+0300: 135.605: [GC (Allocation Failure) 2024-10-09T21:39:12.766+0300: 135.605: [ParNew: 460096K->51072K(460096K), 0.0296852 secs] 1681255K->1294514K(8337536K), 0.0297810 secs] [Times: user=0.06 sys=0.00, real=0.03 secs] 
2024-10-09T21:39:12.798+0300: 135.635: Total time for which application threads were stopped: 0.0300630 seconds, Stopping threads took: 0.0001261 seconds
2024-10-09T21:39:12.970+0300: 135.803: Application time: 0.1678785 seconds
2024-10-09T21:39:12.970+0300: 135.803: [GC (Allocation Failure) 2024-10-09T21:39:12.970+0300: 135.803: [ParNew: 460096K->49543K(460096K), 0.0264913 secs] 1703538K->1301914K(8337536K), 0.0266426 secs] [Times: user=0.03 sys=0.00, real=0.03 secs] 
2024-10-09T21:39:13.002+0300: 135.830: Total time for which application threads were stopped: 0.0268976 seconds, Stopping threads took: 0.0001338 seconds
2024-10-09T21:39:13.158+0300: 135.990: Application time: 0.1599547 seconds
2024-10-09T21:39:13.158+0300: 135.990: [GC (Allocation Failure) 2024-10-09T21:39:13.158+0300: 135.990: [ParNew: 458567K->51072K(460096K), 0.0307242 secs] 1710938K->1323426K(8337536K), 0.0308147 secs] [Times: user=0.03 sys=0.00, real=0.03 secs] 
2024-10-09T21:39:13.190+0300: 136.021: Total time for which application threads were stopped: 0.0310754 seconds, Stopping threads took: 0.0001409 seconds
2024-10-09T21:39:13.347+0300: 136.178: Application time: 0.1568376 seconds
2024-10-09T21:39:13.347+0300: 136.178: [GC (Allocation Failure) 2024-10-09T21:39:13.347+0300: 136.178: [ParNew: 460096K->49970K(460096K), 0.0292288 secs] 1732450K->1343024K(8337536K), 0.0293136 secs] [Times: user=0.01 sys=0.00, real=0.03 secs] 
2024-10-09T21:39:13.378+0300: 136.207: Total time for which application threads were stopped: 0.0295603 seconds, Stopping threads took: 0.0001318 seconds
2024-10-09T21:39:13.551+0300: 136.377: Application time: 0.1699998 seconds
2024-10-09T21:39:13.551+0300: 136.377: [GC (Allocation Failure) 2024-10-09T21:39:13.551+0300: 136.377: [ParNew: 458994K->51072K(460096K), 0.0268660 secs] 1752048K->1356220K(8337536K), 0.0269466 secs] [Times: user=0.02 sys=0.00, real=0.01 secs] 
2024-10-09T21:39:13.566+0300: 136.404: Total time for which application threads were stopped: 0.0271899 seconds, Stopping threads took: 0.0001268 seconds
2024-10-09T21:39:13.739+0300: 136.568: Application time: 0.1633484 seconds
2024-10-09T21:39:13.739+0300: 136.568: [GC (Allocation Failure) 2024-10-09T21:39:13.739+0300: 136.568: [ParNew: 460096K->51072K(460096K), 0.0364023 secs] 1765244K->1383693K(8337536K), 0.0364937 secs] [Times: user=0.03 sys=0.00, real=0.03 secs] 
2024-10-09T21:39:13.770+0300: 136.604: Total time for which application threads were stopped: 0.0367767 seconds, Stopping threads took: 0.0001517 seconds
2024-10-09T21:39:13.927+0300: 136.759: Application time: 0.1548147 seconds
2024-10-09T21:39:13.927+0300: 136.759: [GC (Allocation Failure) 2024-10-09T21:39:13.927+0300: 136.759: [ParNew: 460096K->46172K(460096K), 0.0316418 secs] 1792717K->1406584K(8337536K), 0.0317304 secs] [Times: user=0.03 sys=0.00, real=0.03 secs] 
2024-10-09T21:39:13.962+0300: 136.791: Total time for which application threads were stopped: 0.0319983 seconds, Stopping threads took: 0.0001494 seconds
2024-10-09T21:39:14.131+0300: 136.963: Application time: 0.1718063 seconds
2024-10-09T21:39:14.131+0300: 136.963: [GC (Allocation Failure) 2024-10-09T21:39:14.131+0300: 136.963: [ParNew: 455196K->46725K(460096K), 0.0278349 secs] 1815608K->1419828K(8337536K), 0.0279155 secs] [Times: user=0.03 sys=0.00, real=0.03 secs] 
2024-10-09T21:39:14.162+0300: 136.991: Total time for which application threads were stopped: 0.0281529 seconds, Stopping threads took: 0.0001215 seconds
2024-10-09T21:39:14.320+0300: 137.152: Application time: 0.1610720 seconds
2024-10-09T21:39:14.320+0300: 137.152: [GC (Allocation Failure) 2024-10-09T21:39:14.320+0300: 137.153: [ParNew: 455749K->51072K(460096K), 0.0279276 secs] 1828852K->1435822K(8337536K), 0.0280149 secs] [Times: user=0.03 sys=0.00, real=0.03 secs] 
2024-10-09T21:39:14.351+0300: 137.181: Total time for which application threads were stopped: 0.0282945 seconds, Stopping threads took: 0.0001599 seconds
2024-10-09T21:39:14.493+0300: 137.330: Application time: 0.1496132 seconds
2024-10-09T21:39:14.493+0300: 137.330: [GC (Allocation Failure) 2024-10-09T21:39:14.493+0300: 137.330: [ParNew: 460096K->47558K(460096K), 0.0303709 secs] 1844846K->1457458K(8337536K), 0.0304576 secs] [Times: user=0.03 sys=0.00, real=0.03 secs] 
2024-10-09T21:39:14.524+0300: 137.361: Total time for which application threads were stopped: 0.0307179 seconds, Stopping threads took: 0.0001503 seconds
2024-10-09T21:39:14.712+0300: 137.538: Application time: 0.1774961 seconds
2024-10-09T21:39:14.712+0300: 137.539: [GC (Allocation Failure) 2024-10-09T21:39:14.712+0300: 137.539: [ParNew: 456582K->48314K(460096K), 0.0282664 secs] 1866482K->1472986K(8337536K), 0.0283562 secs] [Times: user=0.06 sys=0.00, real=0.02 secs] 
2024-10-09T21:39:14.728+0300: 137.567: Total time for which application threads were stopped: 0.0285876 seconds, Stopping threads took: 0.0001010 seconds
2024-10-09T21:39:14.916+0300: 137.742: Application time: 0.1747347 seconds
2024-10-09T21:39:14.916+0300: 137.742: [GC (Allocation Failure) 2024-10-09T21:39:14.916+0300: 137.742: [ParNew: 457338K->51072K(460096K), 0.0298944 secs] 1882010K->1488495K(8337536K), 0.0299773 secs] [Times: user=0.05 sys=0.00, real=0.02 secs] 
2024-10-09T21:39:14.932+0300: 137.772: Total time for which application threads were stopped: 0.0302041 seconds, Stopping threads took: 0.0000879 seconds
2024-10-09T21:39:15.089+0300: 137.921: Application time: 0.1486231 seconds
2024-10-09T21:39:15.089+0300: 137.921: [GC (Allocation Failure) 2024-10-09T21:39:15.089+0300: 137.921: [ParNew: 460096K->51072K(460096K), 0.0280665 secs] 1897519K->1506165K(8337536K), 0.0281568 secs] [Times: user=0.02 sys=0.00, real=0.03 secs] 
2024-10-09T21:39:15.120+0300: 137.949: Total time for which application threads were stopped: 0.0284529 seconds, Stopping threads took: 0.0001753 seconds
2024-10-09T21:39:15.277+0300: 138.111: Application time: 0.1617716 seconds
2024-10-09T21:39:15.277+0300: 138.111: [GC (Allocation Failure) 2024-10-09T21:39:15.277+0300: 138.111: [ParNew: 460096K->51072K(460096K), 0.0275579 secs] 1915189K->1519987K(8337536K), 0.0276361 secs] [Times: user=0.05 sys=0.00, real=0.03 secs] 
2024-10-09T21:39:15.309+0300: 138.139: Total time for which application threads were stopped: 0.0278752 seconds, Stopping threads took: 0.0001163 seconds
2024-10-09T21:39:15.481+0300: 138.308: Application time: 0.1688718 seconds
2024-10-09T21:39:15.481+0300: 138.308: [GC (Allocation Failure) 2024-10-09T21:39:15.481+0300: 138.308: [ParNew: 460096K->51072K(460096K), 0.0329393 secs] 1929011K->1539656K(8337536K), 0.0330339 secs] [Times: user=0.05 sys=0.00, real=0.03 secs] 
2024-10-09T21:39:15.513+0300: 138.341: Total time for which application threads were stopped: 0.0333406 seconds, Stopping threads took: 0.0001581 seconds
2024-10-09T21:39:15.670+0300: 138.496: Application time: 0.1546966 seconds
2024-10-09T21:39:15.670+0300: 138.496: [GC (Allocation Failure) 2024-10-09T21:39:15.670+0300: 138.496: [ParNew: 460096K->51072K(460096K), 0.0344179 secs] 1948680K->1564568K(8337536K), 0.0345071 secs] [Times: user=0.19 sys=0.00, real=0.03 secs] 
2024-10-09T21:39:15.701+0300: 138.531: Total time for which application threads were stopped: 0.0350863 seconds, Stopping threads took: 0.0004444 seconds
2024-10-09T21:39:15.858+0300: 138.698: Application time: 0.1670590 seconds
2024-10-09T21:39:15.858+0300: 138.698: [GC (Allocation Failure) 2024-10-09T21:39:15.858+0300: 138.698: [ParNew: 460096K->51072K(460096K), 0.0322483 secs] 1973592K->1582186K(8337536K), 0.0323489 secs] [Times: user=0.09 sys=0.00, real=0.03 secs] 
2024-10-09T21:39:15.890+0300: 138.730: Total time for which application threads were stopped: 0.0326930 seconds, Stopping threads took: 0.0002060 seconds
2024-10-09T21:39:16.078+0300: 138.905: Application time: 0.1743305 seconds
2024-10-09T21:39:16.078+0300: 138.905: [GC (Allocation Failure) 2024-10-09T21:39:16.078+0300: 138.905: [ParNew: 460096K->51072K(460096K), 0.0267075 secs] 1991210K->1591633K(8337536K), 0.0268237 secs] [Times: user=0.09 sys=0.00, real=0.02 secs] 
2024-10-09T21:39:16.094+0300: 138.932: Total time for which application threads were stopped: 0.0270595 seconds, Stopping threads took: 0.0000844 seconds
2024-10-09T21:39:16.250+0300: 139.084: Application time: 0.1522983 seconds
2024-10-09T21:39:16.250+0300: 139.084: [GC (Allocation Failure) 2024-10-09T21:39:16.250+0300: 139.084: [ParNew: 460096K->51072K(460096K), 0.0304997 secs] 2000657K->1607026K(8337536K), 0.0306008 secs] [Times: user=0.12 sys=0.00, real=0.04 secs] 
2024-10-09T21:39:16.288+0300: 139.115: Total time for which application threads were stopped: 0.0309336 seconds, Stopping threads took: 0.0001916 seconds
2024-10-09T21:39:16.439+0300: 139.273: Application time: 0.1574833 seconds
2024-10-09T21:39:16.439+0300: 139.273: [GC (Allocation Failure) 2024-10-09T21:39:16.439+0300: 139.273: [ParNew: 460096K->51072K(460096K), 0.0296673 secs] 2016050K->1633562K(8337536K), 0.0297543 secs] [Times: user=0.03 sys=0.00, real=0.03 secs] 
2024-10-09T21:39:16.470+0300: 139.303: Total time for which application threads were stopped: 0.0300483 seconds, Stopping threads took: 0.0001785 seconds
2024-10-09T21:39:16.643+0300: 139.477: Application time: 0.1745617 seconds
2024-10-09T21:39:16.643+0300: 139.477: [GC (Allocation Failure) 2024-10-09T21:39:16.643+0300: 139.477: [ParNew: 460096K->51072K(460096K), 0.0278870 secs] 2042586K->1638922K(8337536K), 0.0279820 secs] [Times: user=0.12 sys=0.00, real=0.04 secs] 
2024-10-09T21:39:16.679+0300: 139.505: Total time for which application threads were stopped: 0.0282696 seconds, Stopping threads took: 0.0001474 seconds
2024-10-09T21:39:16.831+0300: 139.669: Application time: 0.1633678 seconds
2024-10-09T21:39:16.831+0300: 139.669: [GC (Allocation Failure) 2024-10-09T21:39:16.831+0300: 139.669: [ParNew: 460096K->51072K(460096K), 0.0343012 secs] 2047946K->1658282K(8337536K), 0.0343841 secs] [Times: user=0.09 sys=0.00, real=0.03 secs] 
2024-10-09T21:39:16.862+0300: 139.703: Total time for which application threads were stopped: 0.0346876 seconds, Stopping threads took: 0.0001651 seconds
2024-10-09T21:39:17.035+0300: 139.864: Application time: 0.1607905 seconds
2024-10-09T21:39:17.035+0300: 139.865: [GC (Allocation Failure) 2024-10-09T21:39:17.035+0300: 139.865: [ParNew: 460096K->43732K(460096K), 0.0365559 secs] 2067306K->1687934K(8337536K), 0.0366583 secs] [Times: user=0.08 sys=0.00, real=0.03 secs] 
2024-10-09T21:39:17.066+0300: 139.901: Total time for which application threads were stopped: 0.0370853 seconds, Stopping threads took: 0.0002597 seconds
2024-10-09T21:39:17.255+0300: 140.083: Application time: 0.1818714 seconds
2024-10-09T21:39:17.255+0300: 140.083: [GC (Allocation Failure) 2024-10-09T21:39:17.255+0300: 140.083: [ParNew: 452756K->51072K(460096K), 0.0264634 secs] 2096958K->1698622K(8337536K), 0.0265514 secs] [Times: user=0.17 sys=0.00, real=0.01 secs] 
2024-10-09T21:39:17.270+0300: 140.110: Total time for which application threads were stopped: 0.0267684 seconds, Stopping threads took: 0.0001005 seconds
2024-10-09T21:39:17.443+0300: 140.277: Application time: 0.1667542 seconds
2024-10-09T21:39:17.443+0300: 140.277: [GC (Allocation Failure) 2024-10-09T21:39:17.443+0300: 140.277: [ParNew: 460096K->51072K(460096K), 0.0328909 secs] 2107646K->1716293K(8337536K), 0.0329974 secs] [Times: user=0.17 sys=0.00, real=0.03 secs] 
2024-10-09T21:39:17.474+0300: 140.310: Total time for which application threads were stopped: 0.0333206 seconds, Stopping threads took: 0.0001903 seconds
2024-10-09T21:39:17.631+0300: 140.458: Application time: 0.1474590 seconds
2024-10-09T21:39:17.631+0300: 140.458: [GC (Allocation Failure) 2024-10-09T21:39:17.631+0300: 140.458: [ParNew: 460096K->44828K(460096K), 0.0283235 secs] 2125317K->1728600K(8337536K), 0.0284021 secs] [Times: user=0.11 sys=0.00, real=0.03 secs] 
2024-10-09T21:39:17.660+0300: 140.486: Total time for which application threads were stopped: 0.0286909 seconds, Stopping threads took: 0.0001729 seconds
2024-10-09T21:39:17.836+0300: 140.665: Application time: 0.1787689 seconds
2024-10-09T21:39:17.836+0300: 140.665: [GC (Allocation Failure) 2024-10-09T21:39:17.836+0300: 140.665: [ParNew: 453852K->51072K(460096K), 0.0278672 secs] 2137624K->1748984K(8337536K), 0.0279574 secs] [Times: user=0.12 sys=0.00, real=0.03 secs] 
2024-10-09T21:39:17.867+0300: 140.693: Total time for which application threads were stopped: 0.0282453 seconds, Stopping threads took: 0.0001430 seconds
2024-10-09T21:39:18.025+0300: 140.858: Application time: 0.1643625 seconds
2024-10-09T21:39:18.025+0300: 140.858: [GC (Allocation Failure) 2024-10-09T21:39:18.025+0300: 140.858: [ParNew: 460096K->51072K(460096K), 0.0338875 secs] 2158008K->1765100K(8337536K), 0.0339681 secs] [Times: user=0.16 sys=0.00, real=0.03 secs] 
2024-10-09T21:39:18.056+0300: 140.892: Total time for which application threads were stopped: 0.0342271 seconds, Stopping threads took: 0.0001354 seconds
2024-10-09T21:39:18.213+0300: 141.042: Application time: 0.1496649 seconds
2024-10-09T21:39:18.213+0300: 141.042: [GC (Allocation Failure) 2024-10-09T21:39:18.213+0300: 141.042: [ParNew: 460096K->51072K(460096K), 0.0287430 secs] 2174124K->1784360K(8337536K), 0.0288207 secs] [Times: user=0.06 sys=0.00, real=0.03 secs] 
2024-10-09T21:39:18.244+0300: 141.071: Total time for which application threads were stopped: 0.0290521 seconds, Stopping threads took: 0.0001065 seconds
2024-10-09T21:39:18.417+0300: 141.244: Application time: 0.1732653 seconds
2024-10-09T21:39:18.417+0300: 141.244: [GC (Allocation Failure) 2024-10-09T21:39:18.417+0300: 141.244: [ParNew: 460096K->45650K(460096K), 0.0284491 secs] 2193384K->1796520K(8337536K), 0.0285298 secs] [Times: user=0.17 sys=0.00, real=0.02 secs] 
2024-10-09T21:39:18.433+0300: 141.273: Total time for which application threads were stopped: 0.0288105 seconds, Stopping threads took: 0.0001441 seconds
2024-10-09T21:39:18.605+0300: 141.435: Application time: 0.1625511 seconds
2024-10-09T21:39:18.605+0300: 141.435: [GC (Allocation Failure) 2024-10-09T21:39:18.605+0300: 141.435: [ParNew: 454674K->51072K(460096K), 0.0278246 secs] 2205544K->1812562K(8337536K), 0.0279142 secs] [Times: user=0.12 sys=0.00, real=0.03 secs] 
2024-10-09T21:39:18.637+0300: 141.463: Total time for which application threads were stopped: 0.0281962 seconds, Stopping threads took: 0.0001378 seconds
2024-10-09T21:39:18.794+0300: 141.626: Application time: 0.1628486 seconds
2024-10-09T21:39:18.794+0300: 141.626: [GC (Allocation Failure) 2024-10-09T21:39:18.794+0300: 141.627: [ParNew: 460096K->51072K(460096K), 0.0304693 secs] 2221586K->1837408K(8337536K), 0.0305688 secs] [Times: user=0.14 sys=0.00, real=0.03 secs] 
2024-10-09T21:39:18.825+0300: 141.657: Total time for which application threads were stopped: 0.0308462 seconds, Stopping threads took: 0.0001412 seconds
2024-10-09T21:39:18.998+0300: 141.828: Application time: 0.1711859 seconds
2024-10-09T21:39:18.998+0300: 141.829: [GC (Allocation Failure) 2024-10-09T21:39:18.998+0300: 141.829: [ParNew: 460096K->51072K(460096K), 0.0264879 secs] 2246432K->1846704K(8337536K), 0.0265590 secs] [Times: user=0.17 sys=0.00, real=0.03 secs] 
2024-10-09T21:39:19.029+0300: 141.855: Total time for which application threads were stopped: 0.0268233 seconds, Stopping threads took: 0.0001449 seconds
2024-10-09T21:39:19.186+0300: 142.016: Application time: 0.1605779 seconds
2024-10-09T21:39:19.186+0300: 142.016: [GC (Allocation Failure) 2024-10-09T21:39:19.186+0300: 142.016: [ParNew: 460096K->51072K(460096K), 0.0301848 secs] 2255728K->1862864K(8337536K), 0.0302685 secs] [Times: user=0.14 sys=0.00, real=0.03 secs] 
2024-10-09T21:39:19.218+0300: 142.046: Total time for which application threads were stopped: 0.0306002 seconds, Stopping threads took: 0.0001835 seconds
2024-10-09T21:39:19.359+0300: 142.200: Application time: 0.1537310 seconds
2024-10-09T21:39:19.359+0300: 142.200: [GC (Allocation Failure) 2024-10-09T21:39:19.375+0300: 142.200: [ParNew: 460096K->51072K(460096K), 0.0347542 secs] 2271888K->1895014K(8337536K), 0.0348424 secs] [Times: user=0.17 sys=0.00, real=0.05 secs] 
2024-10-09T21:39:19.406+0300: 142.235: Total time for which application threads were stopped: 0.0351245 seconds, Stopping threads took: 0.0001599 seconds
2024-10-09T21:39:19.579+0300: 142.406: Application time: 0.1705406 seconds
2024-10-09T21:39:19.579+0300: 142.406: [GC (Allocation Failure) 2024-10-09T21:39:19.579+0300: 142.406: [ParNew: 460096K->51072K(460096K), 0.0289567 secs] 2304038K->1908400K(8337536K), 0.0290518 secs] [Times: user=0.16 sys=0.00, real=0.02 secs] 
2024-10-09T21:39:19.596+0300: 142.435: Total time for which application threads were stopped: 0.0292789 seconds, Stopping threads took: 0.0001020 seconds
2024-10-09T21:39:19.767+0300: 142.600: Application time: 0.1653715 seconds
2024-10-09T21:39:19.767+0300: 142.601: [GC (Allocation Failure) 2024-10-09T21:39:19.767+0300: 142.601: [ParNew: 460096K->51072K(460096K), 0.0306736 secs] 2317424K->1926700K(8337536K), 0.0307626 secs] [Times: user=0.22 sys=0.00, real=0.03 secs] 
2024-10-09T21:39:19.799+0300: 142.631: Total time for which application threads were stopped: 0.0310341 seconds, Stopping threads took: 0.0001345 seconds
2024-10-09T21:39:19.955+0300: 142.791: Application time: 0.1592170 seconds
2024-10-09T21:39:19.955+0300: 142.791: [GC (Allocation Failure) 2024-10-09T21:39:19.955+0300: 142.791: [ParNew: 460096K->45538K(460096K), 0.0284939 secs] 2335724K->1940709K(8337536K), 0.0285786 secs] [Times: user=0.12 sys=0.00, real=0.03 secs] 
2024-10-09T21:39:19.987+0300: 142.819: Total time for which application threads were stopped: 0.0288029 seconds, Stopping threads took: 0.0001016 seconds
2024-10-09T21:39:20.159+0300: 142.989: Application time: 0.1699538 seconds
2024-10-09T21:39:20.159+0300: 142.990: [GC (Allocation Failure) 2024-10-09T21:39:20.159+0300: 142.990: [ParNew: 454562K->51072K(460096K), 0.0288230 secs] 2349733K->1959996K(8337536K), 0.0289145 secs] [Times: user=0.19 sys=0.00, real=0.03 secs] 
2024-10-09T21:39:20.191+0300: 143.019: Total time for which application threads were stopped: 0.0292067 seconds, Stopping threads took: 0.0001589 seconds
2024-10-09T21:39:20.348+0300: 143.175: Application time: 0.1561274 seconds
2024-10-09T21:39:20.348+0300: 143.175: [GC (Allocation Failure) 2024-10-09T21:39:20.348+0300: 143.175: [ParNew: 460096K->51072K(460096K), 0.0326723 secs] 2369020K->1980997K(8337536K), 0.0327522 secs] [Times: user=0.19 sys=0.00, real=0.03 secs] 
2024-10-09T21:39:20.382+0300: 143.208: Total time for which application threads were stopped: 0.0330149 seconds, Stopping threads took: 0.0001337 seconds
2024-10-09T21:39:20.536+0300: 143.371: Application time: 0.1637133 seconds
2024-10-09T21:39:20.536+0300: 143.372: [GC (Allocation Failure) 2024-10-09T21:39:20.536+0300: 143.372: [ParNew: 460096K->51072K(460096K), 0.0343368 secs] 2390021K->2012097K(8337536K), 0.0344233 secs] [Times: user=0.06 sys=0.00, real=0.03 secs] 
2024-10-09T21:39:20.568+0300: 143.406: Total time for which application threads were stopped: 0.0346607 seconds, Stopping threads took: 0.0001200 seconds
2024-10-09T21:39:20.756+0300: 143.586: Application time: 0.1801537 seconds
2024-10-09T21:39:20.756+0300: 143.587: [GC (Allocation Failure) 2024-10-09T21:39:20.756+0300: 143.587: [ParNew: 460096K->51072K(460096K), 0.0297508 secs] 2421121K->2022041K(8337536K), 0.0298601 secs] [Times: user=0.19 sys=0.00, real=0.03 secs] 
2024-10-09T21:39:20.787+0300: 143.616: Total time for which application threads were stopped: 0.0301611 seconds, Stopping threads took: 0.0001225 seconds
2024-10-09T21:39:20.929+0300: 143.764: Application time: 0.1480354 seconds
2024-10-09T21:39:20.929+0300: 143.765: [GC (Allocation Failure) 2024-10-09T21:39:20.929+0300: 143.765: [ParNew: 460096K->51072K(460096K), 0.0318022 secs] 2431065K->2044574K(8337536K), 0.0319076 secs] [Times: user=0.08 sys=0.00, real=0.03 secs] 
2024-10-09T21:39:20.960+0300: 143.797: Total time for which application threads were stopped: 0.0322192 seconds, Stopping threads took: 0.0001728 seconds
2024-10-09T21:39:21.133+0300: 143.959: Application time: 0.1624309 seconds
2024-10-09T21:39:21.133+0300: 143.959: [GC (Allocation Failure) 2024-10-09T21:39:21.133+0300: 143.959: [ParNew: 460096K->51072K(460096K), 0.0301291 secs] 2453598K->2069582K(8337536K), 0.0302336 secs] [Times: user=0.03 sys=0.00, real=0.02 secs] 
2024-10-09T21:39:21.148+0300: 143.990: Total time for which application threads were stopped: 0.0305590 seconds, Stopping threads took: 0.0001036 seconds
2024-10-09T21:39:21.321+0300: 144.161: Application time: 0.1712539 seconds
2024-10-09T21:39:21.321+0300: 144.161: [GC (Allocation Failure) 2024-10-09T21:39:21.321+0300: 144.161: [ParNew: 460096K->50606K(460096K), 0.0275602 secs] 2478606K->2078549K(8337536K), 0.0276544 secs] [Times: user=0.05 sys=0.00, real=0.03 secs] 
2024-10-09T21:39:21.352+0300: 144.189: Total time for which application threads were stopped: 0.0279381 seconds, Stopping threads took: 0.0001464 seconds
2024-10-09T21:39:21.509+0300: 144.339: Application time: 0.1497598 seconds
2024-10-09T21:39:21.509+0300: 144.339: [GC (Allocation Failure) 2024-10-09T21:39:21.509+0300: 144.339: [ParNew: 459630K->51072K(460096K), 0.0283296 secs] 2487573K->2091968K(8337536K), 0.0284109 secs] [Times: user=0.05 sys=0.00, real=0.03 secs] 
2024-10-09T21:39:21.541+0300: 144.367: Total time for which application threads were stopped: 0.0286662 seconds, Stopping threads took: 0.0001368 seconds
2024-10-09T21:39:21.700+0300: 144.536: Application time: 0.1687892 seconds
2024-10-09T21:39:21.700+0300: 144.536: [GC (Allocation Failure) 2024-10-09T21:39:21.700+0300: 144.537: [ParNew: 460096K->45713K(460096K), 0.0332562 secs] 2500992K->2114284K(8337536K), 0.0333542 secs] [Times: user=0.12 sys=0.00, real=0.03 secs] 
2024-10-09T21:39:21.729+0300: 144.570: Total time for which application threads were stopped: 0.0337456 seconds, Stopping threads took: 0.0002499 seconds
2024-10-09T21:39:21.902+0300: 144.742: Application time: 0.1723547 seconds
2024-10-09T21:39:21.902+0300: 144.742: [GC (Allocation Failure) 2024-10-09T21:39:21.902+0300: 144.743: [ParNew: 454737K->51072K(460096K), 0.0270736 secs] 2523308K->2130521K(8337536K), 0.0271606 secs] [Times: user=0.03 sys=0.00, real=0.03 secs] 
2024-10-09T21:39:21.933+0300: 144.770: Total time for which application threads were stopped: 0.0274768 seconds, Stopping threads took: 0.0001884 seconds
2024-10-09T21:39:22.090+0300: 144.922: Application time: 0.1519229 seconds
2024-10-09T21:39:22.090+0300: 144.922: [GC (Allocation Failure) 2024-10-09T21:39:22.090+0300: 144.922: [ParNew: 460096K->51072K(460096K), 0.0297154 secs] 2539545K->2144863K(8337536K), 0.0298088 secs] [Times: user=0.03 sys=0.00, real=0.04 secs] 
2024-10-09T21:39:22.126+0300: 144.952: Total time for which application threads were stopped: 0.0300684 seconds, Stopping threads took: 0.0001202 seconds
2024-10-09T21:39:22.278+0300: 145.109: Application time: 0.1572897 seconds
2024-10-09T21:39:22.278+0300: 145.109: [GC (Allocation Failure) 2024-10-09T21:39:22.278+0300: 145.109: [ParNew: 460096K->48557K(460096K), 0.0308728 secs] 2553887K->2169654K(8337536K), 0.0309540 secs] [Times: user=0.03 sys=0.00, real=0.03 secs] 
2024-10-09T21:39:22.310+0300: 145.140: Total time for which application threads were stopped: 0.0312028 seconds, Stopping threads took: 0.0001361 seconds
2024-10-09T21:39:22.482+0300: 145.310: Application time: 0.1701696 seconds
2024-10-09T21:39:22.482+0300: 145.311: [GC (Allocation Failure) 2024-10-09T21:39:22.482+0300: 145.311: [ParNew: 457581K->51072K(460096K), 0.0259075 secs] 2578678K->2175615K(8337536K), 0.0259873 secs] [Times: user=0.02 sys=0.00, real=0.02 secs] 
2024-10-09T21:39:22.502+0300: 145.337: Total time for which application threads were stopped: 0.0262516 seconds, Stopping threads took: 0.0001464 seconds
2024-10-09T21:39:22.655+0300: 145.491: Application time: 0.1544535 seconds
2024-10-09T21:39:22.655+0300: 145.491: [GC (Allocation Failure) 2024-10-09T21:39:22.655+0300: 145.491: [ParNew: 460096K->51072K(460096K), 0.0359400 secs] 2584639K->2198054K(8337536K), 0.0360367 secs] [Times: user=0.12 sys=0.00, real=0.03 secs] 
2024-10-09T21:39:22.686+0300: 145.527: Total time for which application threads were stopped: 0.0364109 seconds, Stopping threads took: 0.0002204 seconds
2024-10-09T21:39:22.859+0300: 145.685: Application time: 0.1578503 seconds
2024-10-09T21:39:22.859+0300: 145.686: [GC (Allocation Failure) 2024-10-09T21:39:22.859+0300: 145.686: [ParNew: 460096K->51072K(460096K), 0.0294830 secs] 2607078K->2225611K(8337536K), 0.0295632 secs] [Times: user=0.02 sys=0.00, real=0.02 secs] 
2024-10-09T21:39:22.875+0300: 145.715: Total time for which application threads were stopped: 0.0298117 seconds, Stopping threads took: 0.0001290 seconds
2024-10-09T21:39:23.048+0300: 145.886: Application time: 0.1709122 seconds
2024-10-09T21:39:23.048+0300: 145.886: [GC (Allocation Failure) 2024-10-09T21:39:23.048+0300: 145.886: [ParNew: 460096K->51072K(460096K), 0.0261072 secs] 2634635K->2227481K(8337536K), 0.0261942 secs] [Times: user=0.03 sys=0.00, real=0.03 secs] 
2024-10-09T21:39:23.079+0300: 145.913: Total time for which application threads were stopped: 0.0264554 seconds, Stopping threads took: 0.0001474 seconds
2024-10-09T21:39:23.236+0300: 146.068: Application time: 0.1558363 seconds
2024-10-09T21:39:23.236+0300: 146.069: [GC (Allocation Failure) 2024-10-09T21:39:23.236+0300: 146.069: [ParNew: 460096K->51072K(460096K), 0.0322610 secs] 2636505K->2247089K(8337536K), 0.0323522 secs] [Times: user=0.03 sys=0.00, real=0.03 secs] 
2024-10-09T21:39:23.267+0300: 146.101: Total time for which application threads were stopped: 0.0327142 seconds, Stopping threads took: 0.0002347 seconds
2024-10-09T21:39:23.425+0300: 146.255: Application time: 0.1534409 seconds
2024-10-09T21:39:23.425+0300: 146.255: [GC (Allocation Failure) 2024-10-09T21:39:23.425+0300: 146.255: [ParNew: 460096K->42131K(460096K), 0.0306864 secs] 2656113K->2266158K(8337536K), 0.0307666 secs] [Times: user=0.03 sys=0.00, real=0.03 secs] 
2024-10-09T21:39:23.456+0300: 146.286: Total time for which application threads were stopped: 0.0310300 seconds, Stopping threads took: 0.0001469 seconds
2024-10-09T21:39:23.628+0300: 146.459: Application time: 0.1730185 seconds
2024-10-09T21:39:23.628+0300: 146.459: [GC (Allocation Failure) 2024-10-09T21:39:23.628+0300: 146.459: [ParNew: 451155K->51072K(460096K), 0.0252182 secs] 2675182K->2278451K(8337536K), 0.0253018 secs] [Times: user=0.02 sys=0.00, real=0.02 secs] 
2024-10-09T21:39:23.644+0300: 146.484: Total time for which application threads were stopped: 0.0255343 seconds, Stopping threads took: 0.0001094 seconds
2024-10-09T21:39:23.805+0300: 146.642: Application time: 0.1577300 seconds
2024-10-09T21:39:23.805+0300: 146.642: [GC (Allocation Failure) 2024-10-09T21:39:23.805+0300: 146.642: [ParNew: 460096K->51072K(460096K), 0.0309583 secs] 2687475K->2294296K(8337536K), 0.0311505 secs] [Times: user=0.02 sys=0.00, real=0.03 secs] 
2024-10-09T21:39:23.832+0300: 146.673: Total time for which application threads were stopped: 0.0314666 seconds, Stopping threads took: 0.0001793 seconds
2024-10-09T21:39:24.006+0300: 146.833: Application time: 0.1598519 seconds
2024-10-09T21:39:24.006+0300: 146.833: [GC (Allocation Failure) 2024-10-09T21:39:24.006+0300: 146.833: [ParNew: 460096K->51072K(460096K), 0.0303273 secs] 2703320K->2318295K(8337536K), 0.0304255 secs] [Times: user=0.03 sys=0.00, real=0.03 secs] 
2024-10-09T21:39:24.036+0300: 146.864: Total time for which application threads were stopped: 0.0306934 seconds, Stopping threads took: 0.0001344 seconds
2024-10-09T21:39:24.209+0300: 147.036: Application time: 0.1718308 seconds
2024-10-09T21:39:24.209+0300: 147.036: [GC (Allocation Failure) 2024-10-09T21:39:24.209+0300: 147.036: [ParNew: 460096K->51072K(460096K), 0.0266921 secs] 2727319K->2329178K(8337536K), 0.0268055 secs] [Times: user=0.01 sys=0.00, real=0.02 secs] 
2024-10-09T21:39:24.225+0300: 147.063: Total time for which application threads were stopped: 0.0270575 seconds, Stopping threads took: 0.0001323 seconds
2024-10-09T21:39:24.381+0300: 147.217: Application time: 0.1543406 seconds
2024-10-09T21:39:24.381+0300: 147.217: [GC (Allocation Failure) 2024-10-09T21:39:24.381+0300: 147.217: [ParNew: 460096K->51072K(460096K), 0.0264256 secs] 2738202K->2335564K(8337536K), 0.0265123 secs] [Times: user=0.03 sys=0.00, real=0.03 secs] 
2024-10-09T21:39:24.413+0300: 147.244: Total time for which application threads were stopped: 0.0268536 seconds, Stopping threads took: 0.0001946 seconds
2024-10-09T21:39:24.570+0300: 147.401: Application time: 0.1569004 seconds
2024-10-09T21:39:24.570+0300: 147.401: [GC (Allocation Failure) 2024-10-09T21:39:24.570+0300: 147.401: [ParNew: 460096K->48489K(460096K), 0.0304195 secs] 2744588K->2358850K(8337536K), 0.0305119 secs] [Times: user=0.03 sys=0.00, real=0.03 secs] 
2024-10-09T21:39:24.601+0300: 147.432: Total time for which application threads were stopped: 0.0307518 seconds, Stopping threads took: 0.0001267 seconds
2024-10-09T21:39:24.774+0300: 147.611: Application time: 0.1793095 seconds
2024-10-09T21:39:24.774+0300: 147.611: [GC (Allocation Failure) 2024-10-09T21:39:24.774+0300: 147.611: [ParNew: 457513K->47150K(460096K), 0.0286618 secs] 2767874K->2371589K(8337536K), 0.0287602 secs] [Times: user=0.06 sys=0.00, real=0.03 secs] 
2024-10-09T21:39:24.807+0300: 147.640: Total time for which application threads were stopped: 0.0290476 seconds, Stopping threads took: 0.0001316 seconds
2024-10-09T21:39:24.962+0300: 147.797: Application time: 0.1571325 seconds
2024-10-09T21:39:24.962+0300: 147.797: [GC (Allocation Failure) 2024-10-09T21:39:24.962+0300: 147.797: [ParNew: 456174K->51072K(460096K), 0.0273010 secs] 2780613K->2383926K(8337536K), 0.0273829 secs] [Times: user=0.03 sys=0.00, real=0.03 secs] 
2024-10-09T21:39:24.993+0300: 147.825: Total time for which application threads were stopped: 0.0276614 seconds, Stopping threads took: 0.0001642 seconds
2024-10-09T21:39:25.151+0300: 147.983: Application time: 0.1581220 seconds
2024-10-09T21:39:25.151+0300: 147.983: [GC (Allocation Failure) 2024-10-09T21:39:25.151+0300: 147.983: [ParNew: 460096K->42273K(460096K), 0.0329799 secs] 2792950K->2406200K(8337536K), 0.0330709 secs] [Times: user=0.03 sys=0.00, real=0.03 secs] 
2024-10-09T21:39:25.182+0300: 148.016: Total time for which application threads were stopped: 0.0333741 seconds, Stopping threads took: 0.0001724 seconds
2024-10-09T21:39:25.355+0300: 148.185: Application time: 0.1685449 seconds
2024-10-09T21:39:25.355+0300: 148.185: [GC (Allocation Failure) 2024-10-09T21:39:25.355+0300: 148.185: [ParNew: 451297K->51072K(460096K), 0.0277411 secs] 2815224K->2424880K(8337536K), 0.0278225 secs] [Times: user=0.03 sys=0.00, real=0.03 secs] 
2024-10-09T21:39:25.386+0300: 148.213: Total time for which application threads were stopped: 0.0280648 seconds, Stopping threads took: 0.0001316 seconds
2024-10-09T21:39:25.543+0300: 148.370: Application time: 0.1572335 seconds
2024-10-09T21:39:25.543+0300: 148.370: [GC (Allocation Failure) 2024-10-09T21:39:25.543+0300: 148.370: [ParNew: 460096K->51072K(460096K), 0.0329664 secs] 2833904K->2444977K(8337536K), 0.0330538 secs] [Times: user=0.02 sys=0.00, real=0.03 secs] 
2024-10-09T21:39:25.574+0300: 148.404: Total time for which application threads were stopped: 0.0334155 seconds, Stopping threads took: 0.0002427 seconds
2024-10-09T21:39:25.738+0300: 148.565: Application time: 0.1613219 seconds
2024-10-09T21:39:25.739+0300: 148.565: [GC (Allocation Failure) 2024-10-09T21:39:25.739+0300: 148.565: [ParNew: 460096K->47823K(460096K), 0.0300928 secs] 2854001K->2464654K(8337536K), 0.0301899 secs] [Times: user=0.05 sys=0.01, real=0.02 secs] 
2024-10-09T21:39:25.763+0300: 148.595: Total time for which application threads were stopped: 0.0304455 seconds, Stopping threads took: 0.0000999 seconds
2024-10-09T21:39:25.936+0300: 148.765: Application time: 0.1698643 seconds
2024-10-09T21:39:25.936+0300: 148.765: [GC (Allocation Failure) 2024-10-09T21:39:25.936+0300: 148.765: [ParNew: 456847K->51072K(460096K), 0.0274766 secs] 2873678K->2483739K(8337536K), 0.0275646 secs] [Times: user=0.02 sys=0.00, real=0.02 secs] 
2024-10-09T21:39:25.952+0300: 148.793: Total time for which application threads were stopped: 0.0278053 seconds, Stopping threads took: 0.0001183 seconds
2024-10-09T21:39:26.124+0300: 148.956: Application time: 0.1627353 seconds
2024-10-09T21:39:26.124+0300: 148.956: [GC (Allocation Failure) 2024-10-09T21:39:26.124+0300: 148.956: [ParNew: 460096K->51072K(460096K), 0.0303620 secs] 2892763K->2498174K(8337536K), 0.0304487 secs] [Times: user=0.03 sys=0.00, real=0.03 secs] 
2024-10-09T21:39:26.156+0300: 148.986: Total time for which application threads were stopped: 0.0306822 seconds, Stopping threads took: 0.0001112 seconds
2024-10-09T21:39:26.313+0300: 149.140: Application time: 0.1533048 seconds
2024-10-09T21:39:26.313+0300: 149.140: [GC (Allocation Failure) 2024-10-09T21:39:26.313+0300: 149.140: [ParNew: 460096K->40634K(460096K), 0.0290497 secs] 2907198K->2510600K(8337536K), 0.0291446 secs] [Times: user=0.01 sys=0.00, real=0.02 secs] 
2024-10-09T21:39:26.328+0300: 149.169: Total time for which application threads were stopped: 0.0293915 seconds, Stopping threads took: 0.0001234 seconds
2024-10-09T21:39:26.501+0300: 149.336: Application time: 0.1664800 seconds
2024-10-09T21:39:26.501+0300: 149.336: [GC (Allocation Failure) 2024-10-09T21:39:26.501+0300: 149.336: [ParNew: 449658K->51072K(460096K), 0.0273899 secs] 2919624K->2533953K(8337536K), 0.0274786 secs] [Times: user=0.03 sys=0.00, real=0.03 secs] 
2024-10-09T21:39:26.532+0300: 149.363: Total time for which application threads were stopped: 0.0277557 seconds, Stopping threads took: 0.0001517 seconds
2024-10-09T21:39:26.701+0300: 149.527: Application time: 0.1639622 seconds
2024-10-09T21:39:26.701+0300: 149.528: [GC (Allocation Failure) 2024-10-09T21:39:26.701+0300: 149.528: [ParNew: 460096K->51072K(460096K), 0.0319574 secs] 2942977K->2554671K(8337536K), 0.0320425 secs] [Times: user=0.08 sys=0.00, real=0.02 secs] 
2024-10-09T21:39:26.721+0300: 149.560: Total time for which application threads were stopped: 0.0323367 seconds, Stopping threads took: 0.0001725 seconds
2024-10-09T21:39:26.894+0300: 149.720: Application time: 0.1601715 seconds
2024-10-09T21:39:26.894+0300: 149.720: [GC (Allocation Failure) 2024-10-09T21:39:26.894+0300: 149.720: [ParNew: 460096K->51072K(460096K), 0.0310183 secs] 2963695K->2577725K(8337536K), 0.0311035 secs] [Times: user=0.02 sys=0.00, real=0.03 secs] 
2024-10-09T21:39:26.925+0300: 149.751: Total time for which application threads were stopped: 0.0313926 seconds, Stopping threads took: 0.0001262 seconds
2024-10-09T21:39:27.082+0300: 149.917: Application time: 0.1662182 seconds
2024-10-09T21:39:27.082+0300: 149.918: [GC (Allocation Failure) 2024-10-09T21:39:27.082+0300: 149.918: [ParNew: 460096K->50396K(460096K), 0.0310850 secs] 2986749K->2598818K(8337536K), 0.0311795 secs] [Times: user=0.03 sys=0.00, real=0.03 secs] 
2024-10-09T21:39:27.114+0300: 149.949: Total time for which application threads were stopped: 0.0314712 seconds, Stopping threads took: 0.0001674 seconds
2024-10-09T21:39:27.270+0300: 150.111: Application time: 0.1624610 seconds
2024-10-09T21:39:27.270+0300: 150.112: [GC (Allocation Failure) 2024-10-09T21:39:27.270+0300: 150.112: [ParNew: 459420K->51072K(460096K), 0.0272536 secs] 3007842K->2607659K(8337536K), 0.0273398 secs] [Times: user=0.05 sys=0.00, real=0.04 secs] 
2024-10-09T21:39:27.313+0300: 150.139: Total time for which application threads were stopped: 0.0275980 seconds, Stopping threads took: 0.0001469 seconds
2024-10-09T21:39:27.459+0300: 150.290: Application time: 0.1514701 seconds
2024-10-09T21:39:27.459+0300: 150.291: [GC (Allocation Failure) 2024-10-09T21:39:27.459+0300: 150.291: [ParNew: 460096K->51072K(460096K), 0.0348262 secs] 3016683K->2641625K(8337536K), 0.0349051 secs] [Times: user=0.03 sys=0.00, real=0.03 secs] 
2024-10-09T21:39:27.490+0300: 150.326: Total time for which application threads were stopped: 0.0352011 seconds, Stopping threads took: 0.0001691 seconds
2024-10-09T21:39:27.663+0300: 150.491: Application time: 0.1650597 seconds
2024-10-09T21:39:27.663+0300: 150.491: [GC (Allocation Failure) 2024-10-09T21:39:27.663+0300: 150.491: [ParNew: 460096K->46537K(460096K), 0.0330747 secs] 3050649K->2652332K(8337536K), 0.0331722 secs] [Times: user=0.11 sys=0.00, real=0.03 secs] 
2024-10-09T21:39:27.694+0300: 150.524: Total time for which application threads were stopped: 0.0334128 seconds, Stopping threads took: 0.0000994 seconds
2024-10-09T21:39:27.867+0300: 150.695: Application time: 0.1713299 seconds
2024-10-09T21:39:27.867+0300: 150.696: [GC (Allocation Failure) 2024-10-09T21:39:27.867+0300: 150.696: [ParNew: 455561K->51072K(460096K), 0.0303314 secs] 3061356K->2671293K(8337536K), 0.0304218 secs] [Times: user=0.05 sys=0.00, real=0.03 secs] 
2024-10-09T21:39:27.898+0300: 150.726: Total time for which application threads were stopped: 0.0306720 seconds, Stopping threads took: 0.0001379 seconds
2024-10-09T21:39:28.040+0300: 150.875: Application time: 0.1492245 seconds
2024-10-09T21:39:28.040+0300: 150.876: [GC (Allocation Failure) 2024-10-09T21:39:28.040+0300: 150.876: [ParNew: 460096K->47487K(460096K), 0.0337688 secs] 3080317K->2697912K(8337536K), 0.0338554 secs] [Times: user=0.03 sys=0.00, real=0.03 secs] 
2024-10-09T21:39:28.071+0300: 150.909: Total time for which application threads were stopped: 0.0341100 seconds, Stopping threads took: 0.0001371 seconds
2024-10-09T21:39:28.244+0300: 151.074: Application time: 0.1649253 seconds
2024-10-09T21:39:28.244+0300: 151.075: [GC (Allocation Failure) 2024-10-09T21:39:28.244+0300: 151.075: [ParNew: 456511K->50183K(460096K), 0.0295366 secs] 3106936K->2722217K(8337536K), 0.0296154 secs] [Times: user=0.03 sys=0.00, real=0.03 secs] 
2024-10-09T21:39:28.275+0300: 151.104: Total time for which application threads were stopped: 0.0298726 seconds, Stopping threads took: 0.0001437 seconds
2024-10-09T21:39:28.448+0300: 151.277: Application time: 0.1723568 seconds
2024-10-09T21:39:28.448+0300: 151.277: [GC (Allocation Failure) 2024-10-09T21:39:28.448+0300: 151.277: [ParNew: 459207K->51072K(460096K), 0.0288399 secs] 3131241K->2732459K(8337536K), 0.0289281 secs] [Times: user=0.05 sys=0.00, real=0.03 secs] 
2024-10-09T21:39:28.479+0300: 151.306: Total time for which application threads were stopped: 0.0291799 seconds, Stopping threads took: 0.0001319 seconds
2024-10-09T21:39:28.621+0300: 151.459: Application time: 0.1531672 seconds
2024-10-09T21:39:28.621+0300: 151.459: [GC (Allocation Failure) 2024-10-09T21:39:28.621+0300: 151.459: [ParNew: 460096K->49992K(460096K), 0.0322513 secs] 3141483K->2752864K(8337536K), 0.0323504 secs] [Times: user=0.03 sys=0.00, real=0.03 secs] 
2024-10-09T21:39:28.652+0300: 151.492: Total time for which application threads were stopped: 0.0326231 seconds, Stopping threads took: 0.0001454 seconds
2024-10-09T21:39:28.825+0300: 151.661: Application time: 0.1691668 seconds
2024-10-09T21:39:28.825+0300: 151.661: [GC (Allocation Failure) 2024-10-09T21:39:28.825+0300: 151.661: [ParNew: 459016K->51072K(460096K), 0.0303644 secs] 3161888K->2769342K(8337536K), 0.0304486 secs] [Times: user=0.05 sys=0.00, real=0.03 secs] 
2024-10-09T21:39:28.856+0300: 151.692: Total time for which application threads were stopped: 0.0307805 seconds, Stopping threads took: 0.0001878 seconds
2024-10-09T21:39:29.029+0300: 151.861: Application time: 0.1696174 seconds
2024-10-09T21:39:29.029+0300: 151.861: [GC (Allocation Failure) 2024-10-09T21:39:29.029+0300: 151.861: [ParNew: 460096K->51072K(460096K), 0.0296106 secs] 3178366K->2787628K(8337536K), 0.0296976 secs] [Times: user=0.06 sys=0.00, real=0.03 secs] 
2024-10-09T21:39:29.060+0300: 151.891: Total time for which application threads were stopped: 0.0299509 seconds, Stopping threads took: 0.0001397 seconds
2024-10-09T21:39:29.218+0300: 152.050: Application time: 0.1584484 seconds
2024-10-09T21:39:29.218+0300: 152.050: [GC (Allocation Failure) 2024-10-09T21:39:29.218+0300: 152.050: [ParNew: 460096K->51072K(460096K), 0.0321205 secs] 3196652K->2811372K(8337536K), 0.0322062 secs] [Times: user=0.05 sys=0.00, real=0.03 secs] 
2024-10-09T21:39:29.248+0300: 152.082: Total time for which application threads were stopped: 0.0324808 seconds, Stopping threads took: 0.0001560 seconds
2024-10-09T21:39:29.405+0300: 152.243: Application time: 0.1604647 seconds
2024-10-09T21:39:29.405+0300: 152.243: [GC (Allocation Failure) 2024-10-09T21:39:29.405+0300: 152.243: [ParNew: 460096K->51072K(460096K), 0.0303743 secs] 3220396K->2828697K(8337536K), 0.0304687 secs] [Times: user=0.06 sys=0.00, real=0.03 secs] 
2024-10-09T21:39:29.437+0300: 152.273: Total time for which application threads were stopped: 0.0307417 seconds, Stopping threads took: 0.0001602 seconds
2024-10-09T21:39:29.609+0300: 152.438: Application time: 0.1651449 seconds
2024-10-09T21:39:29.609+0300: 152.439: [GC (Allocation Failure) 2024-10-09T21:39:29.609+0300: 152.439: [ParNew: 460096K->51072K(460096K), 0.0290207 secs] 3237721K->2846623K(8337536K), 0.0291267 secs] [Times: user=0.05 sys=0.00, real=0.03 secs] 
2024-10-09T21:39:29.641+0300: 152.468: Total time for which application threads were stopped: 0.0294108 seconds, Stopping threads took: 0.0001483 seconds
2024-10-09T21:39:29.808+0300: 152.635: Application time: 0.1667521 seconds
2024-10-09T21:39:29.808+0300: 152.635: [GC (Allocation Failure) 2024-10-09T21:39:29.808+0300: 152.635: [ParNew: 460096K->51072K(460096K), 0.0292898 secs] 3255647K->2864500K(8337536K), 0.0293848 secs] [Times: user=0.08 sys=0.00, real=0.02 secs] 
2024-10-09T21:39:29.829+0300: 152.664: Total time for which application threads were stopped: 0.0296515 seconds, Stopping threads took: 0.0001373 seconds
2024-10-09T21:39:29.985+0300: 152.823: Application time: 0.1583309 seconds
2024-10-09T21:39:29.985+0300: 152.823: [GC (Allocation Failure) 2024-10-09T21:39:29.985+0300: 152.823: [ParNew: 460096K->51072K(460096K), 0.0311177 secs] 3273524K->2881495K(8337536K), 0.0312267 secs] [Times: user=0.06 sys=0.00, real=0.04 secs] 
2024-10-09T21:39:30.028+0300: 152.854: Total time for which application threads were stopped: 0.0315087 seconds, Stopping threads took: 0.0001476 seconds
2024-10-09T21:39:30.173+0300: 153.013: Application time: 0.1587538 seconds
2024-10-09T21:39:30.173+0300: 153.013: [GC (Allocation Failure) 2024-10-09T21:39:30.173+0300: 153.013: [ParNew: 460096K->51072K(460096K), 0.0314773 secs] 3290519K->2904080K(8337536K), 0.0315655 secs] [Times: user=0.03 sys=0.00, real=0.03 secs] 
2024-10-09T21:39:30.205+0300: 153.045: Total time for which application threads were stopped: 0.0318815 seconds, Stopping threads took: 0.0001952 seconds
2024-10-09T21:39:30.377+0300: 153.207: Application time: 0.1621478 seconds
2024-10-09T21:39:30.377+0300: 153.207: [GC (Allocation Failure) 2024-10-09T21:39:30.377+0300: 153.207: [ParNew: 460096K->51072K(460096K), 0.0282786 secs] 3313104K->2921684K(8337536K), 0.0283609 secs] [Times: user=0.01 sys=0.00, real=0.03 secs] 
2024-10-09T21:39:30.409+0300: 153.235: Total time for which application threads were stopped: 0.0286065 seconds, Stopping threads took: 0.0001342 seconds
2024-10-09T21:39:30.566+0300: 153.396: Application time: 0.1602489 seconds
2024-10-09T21:39:30.566+0300: 153.396: [GC (Allocation Failure) 2024-10-09T21:39:30.566+0300: 153.396: [ParNew: 460096K->51072K(460096K), 0.0274665 secs] 3330708K->2930602K(8337536K), 0.0275499 secs] [Times: user=0.03 sys=0.00, real=0.03 secs] 
2024-10-09T21:39:30.597+0300: 153.424: Total time for which application threads were stopped: 0.0278341 seconds, Stopping threads took: 0.0001561 seconds
2024-10-09T21:39:30.754+0300: 153.588: Application time: 0.1646483 seconds
2024-10-09T21:39:30.754+0300: 153.588: [GC (Allocation Failure) 2024-10-09T21:39:30.754+0300: 153.589: [ParNew: 460096K->48379K(460096K), 0.0331988 secs] 3339626K->2956273K(8337536K), 0.0332856 secs] [Times: user=0.06 sys=0.00, real=0.03 secs] 
2024-10-09T21:39:30.785+0300: 153.622: Total time for which application threads were stopped: 0.0335806 seconds, Stopping threads took: 0.0001719 seconds
2024-10-09T21:39:30.958+0300: 153.787: Application time: 0.1650706 seconds
2024-10-09T21:39:30.958+0300: 153.787: [GC (Allocation Failure) 2024-10-09T21:39:30.958+0300: 153.787: [ParNew: 457403K->45607K(460096K), 0.0290853 secs] 3365297K->2972908K(8337536K), 0.0291684 secs] [Times: user=0.03 sys=0.00, real=0.03 secs] 
2024-10-09T21:39:30.989+0300: 153.816: Total time for which application threads were stopped: 0.0294287 seconds, Stopping threads took: 0.0001404 seconds
2024-10-09T21:39:31.147+0300: 153.981: Application time: 0.1647772 seconds
2024-10-09T21:39:31.147+0300: 153.981: [GC (Allocation Failure) 2024-10-09T21:39:31.147+0300: 153.981: [ParNew: 454631K->51072K(460096K), 0.0276754 secs] 3381932K->2985737K(8337536K), 0.0277738 secs] [Times: user=0.03 sys=0.00, real=0.03 secs] 
2024-10-09T21:39:31.178+0300: 154.009: Total time for which application threads were stopped: 0.0281249 seconds, Stopping threads took: 0.0001998 seconds
2024-10-09T21:39:31.335+0300: 154.163: Application time: 0.1533798 seconds
2024-10-09T21:39:31.335+0300: 154.163: [GC (Allocation Failure) 2024-10-09T21:39:31.335+0300: 154.163: [ParNew: 460096K->41973K(460096K), 0.0358220 secs] 3394761K->3009442K(8337536K), 0.0359256 secs] [Times: user=0.08 sys=0.00, real=0.03 secs] 
2024-10-09T21:39:31.367+0300: 154.199: Total time for which application threads were stopped: 0.0364027 seconds, Stopping threads took: 0.0003387 seconds
2024-10-09T21:39:31.524+0300: 154.365: Application time: 0.1660095 seconds
2024-10-09T21:39:31.539+0300: 154.365: [GC (Allocation Failure) 2024-10-09T21:39:31.539+0300: 154.365: [ParNew: 450997K->48491K(460096K), 0.0297414 secs] 3418466K->3036345K(8337536K), 0.0298310 secs] [Times: user=0.02 sys=0.00, real=0.02 secs] 
2024-10-09T21:39:31.555+0300: 154.395: Total time for which application threads were stopped: 0.0301621 seconds, Stopping threads took: 0.0001952 seconds
2024-10-09T21:39:31.744+0300: 154.573: Application time: 0.1776552 seconds
2024-10-09T21:39:31.744+0300: 154.573: [GC (Allocation Failure) 2024-10-09T21:39:31.744+0300: 154.573: [ParNew: 457515K->51072K(460096K), 0.0293998 secs] 3445369K->3050005K(8337536K), 0.0295013 secs] [Times: user=0.16 sys=0.00, real=0.03 secs] 
2024-10-09T21:39:31.775+0300: 154.603: Total time for which application threads were stopped: 0.0297834 seconds, Stopping threads took: 0.0001506 seconds
2024-10-09T21:39:31.923+0300: 154.755: Application time: 0.1525397 seconds
2024-10-09T21:39:31.923+0300: 154.755: [GC (Allocation Failure) 2024-10-09T21:39:31.923+0300: 154.755: [ParNew: 460096K->51072K(460096K), 0.0320829 secs] 3459029K->3073885K(8337536K), 0.0321697 secs] [Times: user=0.03 sys=0.00, real=0.02 secs] 
2024-10-09T21:39:31.948+0300: 154.788: Total time for which application threads were stopped: 0.0324266 seconds, Stopping threads took: 0.0001443 seconds
2024-10-09T21:39:32.124+0300: 154.952: Application time: 0.1642930 seconds
2024-10-09T21:39:32.124+0300: 154.952: [GC (Allocation Failure) 2024-10-09T21:39:32.124+0300: 154.952: [ParNew: 460096K->36857K(460096K), 0.0308138 secs] 3482909K->3086582K(8337536K), 0.0308993 secs] [Times: user=0.03 sys=0.00, real=0.03 secs] 
2024-10-09T21:39:32.152+0300: 154.983: Total time for which application threads were stopped: 0.0311729 seconds, Stopping threads took: 0.0001517 seconds
2024-10-09T21:39:32.324+0300: 155.154: Application time: 0.1711310 seconds
2024-10-09T21:39:32.324+0300: 155.154: [GC (Allocation Failure) 2024-10-09T21:39:32.324+0300: 155.154: [ParNew: 445881K->51072K(460096K), 0.0265359 secs] 3495606K->3104832K(8337536K), 0.0266135 secs] [Times: user=0.01 sys=0.00, real=0.02 secs] 
2024-10-09T21:39:32.340+0300: 155.181: Total time for which application threads were stopped: 0.0268869 seconds, Stopping threads took: 0.0001472 seconds
2024-10-09T21:39:32.497+0300: 155.336: Application time: 0.1552824 seconds
2024-10-09T21:39:32.497+0300: 155.337: [GC (Allocation Failure) 2024-10-09T21:39:32.497+0300: 155.337: [ParNew: 460096K->51072K(460096K), 0.0319229 secs] 3513856K->3122470K(8337536K), 0.0320083 secs] [Times: user=0.03 sys=0.00, real=0.03 secs] 
2024-10-09T21:39:32.528+0300: 155.369: Total time for which application threads were stopped: 0.0322518 seconds, Stopping threads took: 0.0001286 seconds
2024-10-09T21:39:32.701+0300: 155.534: Application time: 0.1654479 seconds
2024-10-09T21:39:32.701+0300: 155.534: [GC (Allocation Failure) 2024-10-09T21:39:32.701+0300: 155.534: [ParNew: 460096K->47307K(460096K), 0.0317881 secs] 3531494K->3145829K(8337536K), 0.0318812 secs] [Times: user=0.06 sys=0.00, real=0.03 secs] 
2024-10-09T21:39:32.732+0300: 155.566: Total time for which application threads were stopped: 0.0322161 seconds, Stopping threads took: 0.0002111 seconds
2024-10-09T21:39:32.905+0300: 155.738: Application time: 0.1718400 seconds
2024-10-09T21:39:32.905+0300: 155.738: [GC (Allocation Failure) 2024-10-09T21:39:32.905+0300: 155.738: [ParNew: 456331K->50214K(460096K), 0.0266297 secs] 3554853K->3157583K(8337536K), 0.0267204 secs] [Times: user=0.03 sys=0.00, real=0.03 secs] 
2024-10-09T21:39:32.936+0300: 155.765: Total time for which application threads were stopped: 0.0269862 seconds, Stopping threads took: 0.0001495 seconds
2024-10-09T21:39:33.078+0300: 155.918: Application time: 0.1528153 seconds
2024-10-09T21:39:33.078+0300: 155.918: [GC (Allocation Failure) 2024-10-09T21:39:33.078+0300: 155.918: [ParNew: 459238K->51072K(460096K), 0.0301184 secs] 3566607K->3175394K(8337536K), 0.0302014 secs] [Times: user=0.03 sys=0.00, real=0.03 secs] 
2024-10-09T21:39:33.109+0300: 155.948: Total time for which application threads were stopped: 0.0305511 seconds, Stopping threads took: 0.0002373 seconds
2024-10-09T21:39:33.266+0300: 156.105: Application time: 0.1563478 seconds
2024-10-09T21:39:33.266+0300: 156.105: [GC (Allocation Failure) 2024-10-09T21:39:33.266+0300: 156.105: [ParNew: 460096K->51072K(460096K), 0.0322241 secs] 3584418K->3203087K(8337536K), 0.0323119 secs] [Times: user=0.05 sys=0.00, real=0.03 secs] 
2024-10-09T21:39:33.297+0300: 156.137: Total time for which application threads were stopped: 0.0325909 seconds, Stopping threads took: 0.0001547 seconds
2024-10-09T21:39:33.471+0300: 156.308: Application time: 0.1703381 seconds
2024-10-09T21:39:33.471+0300: 156.308: [GC (Allocation Failure) 2024-10-09T21:39:33.471+0300: 156.308: [ParNew: 460096K->51072K(460096K), 0.0260972 secs] 3612111K->3206210K(8337536K), 0.0261785 secs] [Times: user=0.03 sys=0.00, real=0.03 secs] 
2024-10-09T21:39:33.502+0300: 156.334: Total time for which application threads were stopped: 0.0264584 seconds, Stopping threads took: 0.0001586 seconds
2024-10-09T21:39:33.659+0300: 156.490: Application time: 0.1560746 seconds
2024-10-09T21:39:33.659+0300: 156.491: [GC (Allocation Failure) 2024-10-09T21:39:33.659+0300: 156.491: [ParNew: 460096K->51072K(460096K), 0.0365323 secs] 3615234K->3233637K(8337536K), 0.0366269 secs] [Times: user=0.19 sys=0.00, real=0.03 secs] 
2024-10-09T21:39:33.691+0300: 156.527: Total time for which application threads were stopped: 0.0371061 seconds, Stopping threads took: 0.0003529 seconds
2024-10-09T21:39:33.848+0300: 156.688: Application time: 0.1602501 seconds
2024-10-09T21:39:33.848+0300: 156.688: [GC (Allocation Failure) 2024-10-09T21:39:33.848+0300: 156.688: [ParNew: 460096K->51072K(460096K), 0.0338297 secs] 3642661K->3260866K(8337536K), 0.0339171 secs] [Times: user=0.05 sys=0.00, real=0.05 secs] 
2024-10-09T21:39:33.895+0300: 156.722: Total time for which application threads were stopped: 0.0341460 seconds, Stopping threads took: 0.0001101 seconds
2024-10-09T21:39:34.052+0300: 156.889: Application time: 0.1674866 seconds
2024-10-09T21:39:34.052+0300: 156.890: [GC (Allocation Failure) 2024-10-09T21:39:34.052+0300: 156.890: [ParNew: 460096K->51072K(460096K), 0.0271101 secs] 3669890K->3270334K(8337536K), 0.0272013 secs] [Times: user=0.03 sys=0.00, real=0.03 secs] 
2024-10-09T21:39:34.083+0300: 156.917: Total time for which application threads were stopped: 0.0274789 seconds, Stopping threads took: 0.0001625 seconds
2024-10-09T21:39:34.240+0300: 157.070: Application time: 0.1532144 seconds
2024-10-09T21:39:34.240+0300: 157.070: [GC (Allocation Failure) 2024-10-09T21:39:34.240+0300: 157.070: [ParNew: 460096K->51072K(460096K), 0.0325614 secs] 3679358K->3295128K(8337536K), 0.0326417 secs] [Times: user=0.03 sys=0.00, real=0.03 secs] 
2024-10-09T21:39:34.272+0300: 157.103: Total time for which application threads were stopped: 0.0329246 seconds, Stopping threads took: 0.0001686 seconds
2024-10-09T21:39:34.428+0300: 157.262: Application time: 0.1595065 seconds
2024-10-09T21:39:34.428+0300: 157.263: [GC (Allocation Failure) 2024-10-09T21:39:34.428+0300: 157.263: [ParNew: 460096K->51072K(460096K), 0.0298332 secs] 3704152K->3316206K(8337536K), 0.0299188 secs] [Times: user=0.05 sys=0.00, real=0.03 secs] 
2024-10-09T21:39:34.460+0300: 157.293: Total time for which application threads were stopped: 0.0301862 seconds, Stopping threads took: 0.0001426 seconds
2024-10-09T21:39:34.633+0300: 157.461: Application time: 0.1682230 seconds
2024-10-09T21:39:34.633+0300: 157.461: [GC (Allocation Failure) 2024-10-09T21:39:34.633+0300: 157.461: [ParNew: 460096K->48268K(460096K), 0.0294532 secs] 3725230K->3326637K(8337536K), 0.0295485 secs] [Times: user=0.02 sys=0.00, real=0.03 secs] 
2024-10-09T21:39:34.664+0300: 157.491: Total time for which application threads were stopped: 0.0297973 seconds, Stopping threads took: 0.0001221 seconds
2024-10-09T21:39:34.821+0300: 157.653: Application time: 0.1619326 seconds
2024-10-09T21:39:34.821+0300: 157.653: [GC (Allocation Failure) 2024-10-09T21:39:34.821+0300: 157.653: [ParNew: 457292K->51072K(460096K), 0.0283668 secs] 3735661K->3347270K(8337536K), 0.0284616 secs] [Times: user=0.03 sys=0.00, real=0.03 secs] 
2024-10-09T21:39:34.852+0300: 157.681: Total time for which application threads were stopped: 0.0288028 seconds, Stopping threads took: 0.0002038 seconds
2024-10-09T21:39:35.009+0300: 157.845: Application time: 0.1633663 seconds
2024-10-09T21:39:35.009+0300: 157.845: [GC (Allocation Failure) 2024-10-09T21:39:35.009+0300: 157.845: [ParNew: 460096K->51072K(460096K), 0.0289547 secs] 3756294K->3364600K(8337536K), 0.0290539 secs] [Times: user=0.16 sys=0.00, real=0.03 secs] 
2024-10-09T21:39:35.041+0300: 157.874: Total time for which application threads were stopped: 0.0293536 seconds, Stopping threads took: 0.0001490 seconds
2024-10-09T21:39:35.198+0300: 158.038: Application time: 0.1635367 seconds
2024-10-09T21:39:35.198+0300: 158.038: [GC (Allocation Failure) 2024-10-09T21:39:35.198+0300: 158.038: [ParNew: 460096K->51072K(460096K), 0.0331092 secs] 3773624K->3385243K(8337536K), 0.0332039 secs] [Times: user=0.05 sys=0.00, real=0.05 secs] 
2024-10-09T21:39:35.245+0300: 158.071: Total time for which application threads were stopped: 0.0334868 seconds, Stopping threads took: 0.0001578 seconds
2024-10-09T21:39:35.386+0300: 158.227: Application time: 0.1557510 seconds
2024-10-09T21:39:35.386+0300: 158.227: [GC (Allocation Failure) 2024-10-09T21:39:35.386+0300: 158.227: [ParNew: 460096K->51072K(460096K), 0.0376030 secs] 3794267K->3419310K(8337536K), 0.0376885 secs] [Times: user=0.05 sys=0.00, real=0.05 secs] 
2024-10-09T21:39:35.434+0300: 158.265: Total time for which application threads were stopped: 0.0379316 seconds, Stopping threads took: 0.0001265 seconds
2024-10-09T21:39:35.590+0300: 158.426: Application time: 0.1610926 seconds
2024-10-09T21:39:35.590+0300: 158.426: [GC (Allocation Failure) 2024-10-09T21:39:35.590+0300: 158.426: [ParNew: 460096K->45509K(460096K), 0.0291893 secs] 3828334K->3429752K(8337536K), 0.0292720 secs] [Times: user=0.03 sys=0.00, real=0.03 secs] 
2024-10-09T21:39:35.622+0300: 158.455: Total time for which application threads were stopped: 0.0295361 seconds, Stopping threads took: 0.0001527 seconds
2024-10-09T21:39:35.805+0300: 158.632: Application time: 0.1767444 seconds
2024-10-09T21:39:35.805+0300: 158.632: [GC (Allocation Failure) 2024-10-09T21:39:35.805+0300: 158.632: [ParNew: 454533K->51072K(460096K), 0.0273344 secs] 3838776K->3446477K(8337536K), 0.0274223 secs] [Times: user=0.02 sys=0.00, real=0.03 secs] 
2024-10-09T21:39:35.831+0300: 158.660: Total time for which application threads were stopped: 0.0277055 seconds, Stopping threads took: 0.0001455 seconds
2024-10-09T21:39:35.982+0300: 158.810: Application time: 0.1501569 seconds
2024-10-09T21:39:35.982+0300: 158.810: [GC (Allocation Failure) 2024-10-09T21:39:35.982+0300: 158.810: [ParNew: 460096K->45388K(460096K), 0.0367727 secs] 3855501K->3475814K(8337536K), 0.0368613 secs] [Times: user=0.03 sys=0.00, real=0.03 secs] 
2024-10-09T21:39:36.014+0300: 158.847: Total time for which application threads were stopped: 0.0371554 seconds, Stopping threads took: 0.0001586 seconds
2024-10-09T21:39:36.186+0300: 159.016: Application time: 0.1687415 seconds
2024-10-09T21:39:36.186+0300: 159.016: [GC (Allocation Failure) 2024-10-09T21:39:36.186+0300: 159.016: [ParNew: 454412K->51072K(460096K), 0.0282557 secs] 3884838K->3500275K(8337536K), 0.0283462 secs] [Times: user=0.02 sys=0.00, real=0.03 secs] 
2024-10-09T21:39:36.218+0300: 159.045: Total time for which application threads were stopped: 0.0285929 seconds, Stopping threads took: 0.0001265 seconds
2024-10-09T21:39:36.375+0300: 159.213: Application time: 0.1683923 seconds
2024-10-09T21:39:36.375+0300: 159.213: [GC (Allocation Failure) 2024-10-09T21:39:36.375+0300: 159.213: [ParNew: 460096K->51072K(460096K), 0.0311373 secs] 3909299K->3517718K(8337536K), 0.0312216 secs] [Times: user=0.03 sys=0.00, real=0.03 secs] 
2024-10-09T21:39:36.406+0300: 159.244: Total time for which application threads were stopped: 0.0315027 seconds, Stopping threads took: 0.0001647 seconds
2024-10-09T21:39:36.563+0300: 159.393: Application time: 0.1487253 seconds
2024-10-09T21:39:36.563+0300: 159.393: [GC (Allocation Failure) 2024-10-09T21:39:36.563+0300: 159.393: [ParNew: 460096K->51072K(460096K), 0.0315024 secs] 3926742K->3541094K(8337536K), 0.0315881 secs] [Times: user=0.03 sys=0.00, real=0.03 secs] 
2024-10-09T21:39:36.594+0300: 159.425: Total time for which application threads were stopped: 0.0318718 seconds, Stopping threads took: 0.0001681 seconds
2024-10-09T21:39:36.767+0300: 159.596: Application time: 0.1713920 seconds
2024-10-09T21:39:36.767+0300: 159.597: [GC (Allocation Failure) 2024-10-09T21:39:36.767+0300: 159.597: [ParNew: 460096K->51072K(460096K), 0.0274795 secs] 3950118K->3556778K(8337536K), 0.0275677 secs] [Times: user=0.03 sys=0.00, real=0.03 secs] 
2024-10-09T21:39:36.798+0300: 159.624: Total time for which application threads were stopped: 0.0278626 seconds, Stopping threads took: 0.0001660 seconds
2024-10-09T21:39:36.955+0300: 159.795: Application time: 0.1702109 seconds
2024-10-09T21:39:36.955+0300: 159.795: [GC (Allocation Failure) 2024-10-09T21:39:36.955+0300: 159.795: [ParNew: 460096K->51072K(460096K), 0.0337760 secs] 3965802K->3578579K(8337536K), 0.0338660 secs] [Times: user=0.05 sys=0.00, real=0.05 secs] 
2024-10-09T21:39:37.002+0300: 159.829: Total time for which application threads were stopped: 0.0341070 seconds, Stopping threads took: 0.0001214 seconds
2024-10-09T21:39:37.144+0300: 159.980: Application time: 0.1514990 seconds
2024-10-09T21:39:37.144+0300: 159.980: [GC (Allocation Failure) 2024-10-09T21:39:37.144+0300: 159.980: [ParNew: 460096K->51072K(460096K), 0.0318732 secs] 3987603K->3598472K(8337536K), 0.0319790 secs] [Times: user=0.03 sys=0.00, real=0.03 secs] 
2024-10-09T21:39:37.175+0300: 160.012: Total time for which application threads were stopped: 0.0322956 seconds, Stopping threads took: 0.0001920 seconds
2024-10-09T21:39:37.348+0300: 160.178: Application time: 0.1653611 seconds
2024-10-09T21:39:37.348+0300: 160.178: [GC (Allocation Failure) 2024-10-09T21:39:37.348+0300: 160.178: [ParNew: 460096K->45953K(460096K), 0.0332597 secs] 4007496K->3622072K(8337536K), 0.0333488 secs] [Times: user=0.06 sys=0.00, real=0.03 secs] 
2024-10-09T21:39:37.379+0300: 160.211: Total time for which application threads were stopped: 0.0336048 seconds, Stopping threads took: 0.0001398 seconds
2024-10-09T21:39:37.536+0300: 160.377: Application time: 0.1655417 seconds
2024-10-09T21:39:37.536+0300: 160.377: [GC (Allocation Failure) 2024-10-09T21:39:37.536+0300: 160.377: [ParNew: 454977K->51072K(460096K), 0.0300924 secs] 4031096K->3644046K(8337536K), 0.0301805 secs] [Times: user=0.03 sys=0.00, real=0.03 secs] 
2024-10-09T21:39:37.567+0300: 160.407: Total time for which application threads were stopped: 0.0304695 seconds, Stopping threads took: 0.0001660 seconds
2024-10-09T21:39:37.740+0300: 160.568: Application time: 0.1602883 seconds
2024-10-09T21:39:37.740+0300: 160.568: [GC (Allocation Failure) 2024-10-09T21:39:37.740+0300: 160.568: [ParNew: 460096K->51072K(460096K), 0.0307603 secs] 4053070K->3660213K(8337536K), 0.0308504 secs] [Times: user=0.06 sys=0.00, real=0.03 secs] 
2024-10-09T21:39:37.771+0300: 160.599: Total time for which application threads were stopped: 0.0311336 seconds, Stopping threads took: 0.0001592 seconds
2024-10-09T21:39:37.928+0300: 160.759: Application time: 0.1596852 seconds
2024-10-09T21:39:37.928+0300: 160.759: [GC (Allocation Failure) 2024-10-09T21:39:37.928+0300: 160.761: [ParNew: 460096K->46851K(460096K), 0.0331866 secs] 4069237K->3685361K(8337536K), 0.0354380 secs] [Times: user=0.03 sys=0.00, real=0.03 secs] 
2024-10-09T21:39:37.960+0300: 160.794: Total time for which application threads were stopped: 0.0356633 seconds, Stopping threads took: 0.0001109 seconds
2024-10-09T21:39:38.132+0300: 160.959: Application time: 0.1652557 seconds
2024-10-09T21:39:38.132+0300: 160.960: [GC (Allocation Failure) 2024-10-09T21:39:38.132+0300: 160.960: [ParNew: 455875K->50940K(460096K), 0.0277925 secs] 4094385K->3700750K(8337536K), 0.0278790 secs] [Times: user=0.02 sys=0.00, real=0.02 secs] 
2024-10-09T21:39:38.148+0300: 160.988: Total time for which application threads were stopped: 0.0281447 seconds, Stopping threads took: 0.0001446 seconds
2024-10-09T21:39:38.321+0300: 161.147: Application time: 0.1590179 seconds
2024-10-09T21:39:38.321+0300: 161.147: [GC (Allocation Failure) 2024-10-09T21:39:38.321+0300: 161.147: [ParNew: 459964K->51072K(460096K), 0.0277966 secs] 4109774K->3712855K(8337536K), 0.0278909 secs] [Times: user=0.01 sys=0.00, real=0.02 secs] 
2024-10-09T21:39:38.337+0300: 161.175: Total time for which application threads were stopped: 0.0281478 seconds, Stopping threads took: 0.0001293 seconds
2024-10-09T21:39:38.493+0300: 161.332: Application time: 0.1574128 seconds
2024-10-09T21:39:38.493+0300: 161.332: [GC (Allocation Failure) 2024-10-09T21:39:38.493+0300: 161.332: [ParNew: 460096K->51072K(460096K), 0.0314153 secs] 4121879K->3740838K(8337536K), 0.0315017 secs] [Times: user=0.03 sys=0.00, real=0.04 secs] 
2024-10-09T21:39:38.537+0300: 161.364: Total time for which application threads were stopped: 0.0317365 seconds, Stopping threads took: 0.0001226 seconds
2024-10-09T21:39:38.697+0300: 161.537: Application time: 0.1727717 seconds
2024-10-09T21:39:38.697+0300: 161.537: [GC (Allocation Failure) 2024-10-09T21:39:38.697+0300: 161.537: [ParNew: 460096K->48802K(460096K), 0.0275025 secs] 4149862K->3748811K(8337536K), 0.0275931 secs] [Times: user=0.05 sys=0.00, real=0.04 secs] 
2024-10-09T21:39:38.738+0300: 161.565: Total time for which application threads were stopped: 0.0278478 seconds, Stopping threads took: 0.0001303 seconds
2024-10-09T21:39:38.886+0300: 161.722: Application time: 0.1578868 seconds
2024-10-09T21:39:38.886+0300: 161.723: [GC (Allocation Failure) 2024-10-09T21:39:38.886+0300: 161.723: [ParNew: 457826K->51072K(460096K), 0.0304183 secs] 4157835K->3766096K(8337536K), 0.0305069 secs] [Times: user=0.03 sys=0.00, real=0.03 secs] 
2024-10-09T21:39:38.917+0300: 161.753: Total time for which application threads were stopped: 0.0307528 seconds, Stopping threads took: 0.0001245 seconds
2024-10-09T21:39:39.074+0300: 161.907: Application time: 0.1538662 seconds
2024-10-09T21:39:39.074+0300: 161.907: [GC (Allocation Failure) 2024-10-09T21:39:39.074+0300: 161.907: [ParNew: 460096K->51072K(460096K), 0.0288531 secs] 4175120K->3790045K(8337536K), 0.0289391 secs] [Times: user=0.03 sys=0.00, real=0.03 secs] 
2024-10-09T21:39:39.105+0300: 161.936: Total time for which application threads were stopped: 0.0292181 seconds, Stopping threads took: 0.0001637 seconds
2024-10-09T21:39:39.262+0300: 162.104: Application time: 0.1672812 seconds
2024-10-09T21:39:39.278+0300: 162.104: [GC (Allocation Failure) 2024-10-09T21:39:39.278+0300: 162.104: [ParNew: 460096K->51072K(460096K), 0.0283757 secs] 4199069K->3802490K(8337536K), 0.0284682 secs] [Times: user=0.02 sys=0.00, real=0.02 secs] 
2024-10-09T21:39:39.294+0300: 162.132: Total time for which application threads were stopped: 0.0287612 seconds, Stopping threads took: 0.0001312 seconds
2024-10-09T21:39:39.466+0300: 162.294: Application time: 0.1619563 seconds
2024-10-09T21:39:39.466+0300: 162.295: [GC (Allocation Failure) 2024-10-09T21:39:39.466+0300: 162.295: [ParNew: 460096K->51072K(460096K), 0.0284666 secs] 4211514K->3816125K(8337536K), 0.0285576 secs] [Times: user=0.02 sys=0.00, real=0.02 secs] 
2024-10-09T21:39:39.482+0300: 162.323: Total time for which application threads were stopped: 0.0288929 seconds, Stopping threads took: 0.0001401 seconds
2024-10-09T21:39:39.640+0300: 162.476: Application time: 0.1524306 seconds
2024-10-09T21:39:39.640+0300: 162.476: [GC (Allocation Failure) 2024-10-09T21:39:39.640+0300: 162.476: [ParNew: 460096K->51072K(460096K), 0.0344101 secs] 4225149K->3845411K(8337536K), 0.0345064 secs] [Times: user=0.14 sys=0.00, real=0.03 secs] 
2024-10-09T21:39:39.670+0300: 162.511: Total time for which application threads were stopped: 0.0348515 seconds, Stopping threads took: 0.0001895 seconds
2024-10-09T21:39:39.843+0300: 162.683: Application time: 0.1726507 seconds
2024-10-09T21:39:39.843+0300: 162.683: [GC (Allocation Failure) 2024-10-09T21:39:39.843+0300: 162.683: [ParNew: 460096K->51072K(460096K), 0.0292489 secs] 4254435K->3859537K(8337536K), 0.0293389 secs] [Times: user=0.05 sys=0.00, real=0.04 secs] 
2024-10-09T21:39:39.887+0300: 162.713: Total time for which application threads were stopped: 0.0296244 seconds, Stopping threads took: 0.0001686 seconds
2024-10-09T21:39:40.041+0300: 162.873: Application time: 0.1600655 seconds
2024-10-09T21:39:40.041+0300: 162.873: [GC (Allocation Failure) 2024-10-09T21:39:40.041+0300: 162.873: [ParNew: 460096K->51072K(460096K), 0.0340037 secs] 4268561K->3885084K(8337536K), 0.0340806 secs] [Times: user=0.03 sys=0.00, real=0.04 secs] 
2024-10-09T21:39:40.079+0300: 162.907: Total time for which application threads were stopped: 0.0343321 seconds, Stopping threads took: 0.0001402 seconds
2024-10-09T21:39:40.236+0300: 163.063: Application time: 0.1555931 seconds
2024-10-09T21:39:40.236+0300: 163.063: [GC (Allocation Failure) 2024-10-09T21:39:40.236+0300: 163.063: [ParNew: 460096K->50160K(460096K), 0.0298348 secs] 4294108K->3905136K(8337536K), 0.0299230 secs] [Times: user=0.02 sys=0.00, real=0.02 secs] 
2024-10-09T21:39:40.267+0300: 163.093: Total time for which application threads were stopped: 0.0302356 seconds, Stopping threads took: 0.0001220 seconds
2024-10-09T21:39:40.424+0300: 163.261: Application time: 0.1675756 seconds
2024-10-09T21:39:40.424+0300: 163.261: [GC (Allocation Failure) 2024-10-09T21:39:40.424+0300: 163.261: [ParNew: 459184K->50850K(460096K), 0.0318865 secs] 4314160K->3925519K(8337536K), 0.0319753 secs] [Times: user=0.03 sys=0.00, real=0.03 secs] 
2024-10-09T21:39:40.456+0300: 163.293: Total time for which application threads were stopped: 0.0322549 seconds, Stopping threads took: 0.0001647 seconds
2024-10-09T21:39:40.612+0300: 163.452: Application time: 0.1593151 seconds
2024-10-09T21:39:40.612+0300: 163.452: [GC (Allocation Failure) 2024-10-09T21:39:40.612+0300: 163.452: [ParNew: 459874K->51072K(460096K), 0.0323139 secs] 4334543K->3947251K(8337536K), 0.0324058 secs] [Times: user=0.03 sys=0.00, real=0.03 secs] 
2024-10-09T21:39:40.644+0300: 163.485: Total time for which application threads were stopped: 0.0326672 seconds, Stopping threads took: 0.0001279 seconds
2024-10-09T21:39:40.816+0300: 163.648: Application time: 0.1630164 seconds
2024-10-09T21:39:40.816+0300: 163.648: [GC (Allocation Failure) 2024-10-09T21:39:40.816+0300: 163.648: [ParNew: 460096K->50020K(460096K), 0.0273746 secs] 4356275K->3959256K(8337536K), 0.0274679 secs] [Times: user=0.06 sys=0.00, real=0.03 secs] 
2024-10-09T21:39:40.848+0300: 163.676: Total time for which application threads were stopped: 0.0277151 seconds, Stopping threads took: 0.0001127 seconds
2024-10-09T21:39:41.005+0300: 163.839: Application time: 0.1637775 seconds
2024-10-09T21:39:41.005+0300: 163.840: [GC (Allocation Failure) 2024-10-09T21:39:41.005+0300: 163.840: [ParNew: 459044K->51072K(460096K), 0.0290026 secs] 4368280K->3977124K(8337536K), 0.0290928 secs] [Times: user=0.03 sys=0.00, real=0.03 secs] 
2024-10-09T21:39:41.036+0300: 163.869: Total time for which application threads were stopped: 0.0293464 seconds, Stopping threads took: 0.0001341 seconds
2024-10-09T21:39:41.193+0300: 164.028: Application time: 0.1594640 seconds
2024-10-09T21:39:41.193+0300: 164.028: [GC (Allocation Failure) 2024-10-09T21:39:41.193+0300: 164.029: [ParNew: 460096K->51072K(460096K), 0.0308437 secs] 4386148K->3995453K(8337536K), 0.0309333 secs] [Times: user=0.03 sys=0.00, real=0.03 secs] 
2024-10-09T21:39:41.224+0300: 164.059: Total time for which application threads were stopped: 0.0312908 seconds, Stopping threads took: 0.0002409 seconds
2024-10-09T21:39:41.381+0300: 164.217: Application time: 0.1573381 seconds
2024-10-09T21:39:41.381+0300: 164.217: [GC (Allocation Failure) 2024-10-09T21:39:41.381+0300: 164.217: [ParNew: 460096K->51072K(460096K), 0.0299875 secs] 4404477K->4013881K(8337536K), 0.0300828 secs] [Times: user=0.03 sys=0.00, real=0.03 secs] 
2024-10-09T21:39:41.413+0300: 164.247: Total time for which application threads were stopped: 0.0303502 seconds, Stopping threads took: 0.0001476 seconds
2024-10-09T21:39:41.569+0300: 164.408: Application time: 0.1606164 seconds
2024-10-09T21:39:41.569+0300: 164.408: [GC (Allocation Failure) 2024-10-09T21:39:41.569+0300: 164.408: [ParNew: 460096K->51072K(460096K), 0.0305166 secs] 4422905K->4030468K(8337536K), 0.0306051 secs] [Times: user=0.03 sys=0.00, real=0.03 secs] 
2024-10-09T21:39:41.601+0300: 164.439: Total time for which application threads were stopped: 0.0308914 seconds, Stopping threads took: 0.0001712 seconds
2024-10-09T21:39:41.773+0300: 164.603: Application time: 0.1642778 seconds
2024-10-09T21:39:41.773+0300: 164.603: [GC (Allocation Failure) 2024-10-09T21:39:41.773+0300: 164.603: [ParNew: 460096K->45419K(460096K), 0.0324650 secs] 4439492K->4051012K(8337536K), 0.0325513 secs] [Times: user=0.03 sys=0.00, real=0.03 secs] 
2024-10-09T21:39:41.805+0300: 164.636: Total time for which application threads were stopped: 0.0328179 seconds, Stopping threads took: 0.0001510 seconds
2024-10-09T21:39:41.962+0300: 164.798: Application time: 0.1617470 seconds
2024-10-09T21:39:41.962+0300: 164.798: [GC (Allocation Failure) 2024-10-09T21:39:41.962+0300: 164.798: [ParNew: 454443K->51072K(460096K), 0.0280980 secs] 4460036K->4071667K(8337536K), 0.0281893 secs] [Times: user=0.03 sys=0.00, real=0.03 secs] 
2024-10-09T21:39:41.993+0300: 164.826: Total time for which application threads were stopped: 0.0284438 seconds, Stopping threads took: 0.0001391 seconds
2024-10-09T21:39:42.150+0300: 164.985: Application time: 0.1593746 seconds
2024-10-09T21:39:42.150+0300: 164.986: [GC (Allocation Failure) 2024-10-09T21:39:42.150+0300: 164.986: [ParNew: 460096K->51072K(460096K), 0.0333754 secs] 4480691K->4088074K(8337536K), 0.0334673 secs] [Times: user=0.03 sys=0.00, real=0.03 secs] 
2024-10-09T21:39:42.181+0300: 165.019: Total time for which application threads were stopped: 0.0337354 seconds, Stopping threads took: 0.0001465 seconds
2024-10-09T21:39:42.346+0300: 165.172: Application time: 0.1527692 seconds
2024-10-09T21:39:42.346+0300: 165.172: [GC (Allocation Failure) 2024-10-09T21:39:42.346+0300: 165.172: [ParNew: 460096K->51072K(460096K), 0.0364580 secs] 4497098K->4122090K(8337536K), 0.0365454 secs] [Times: user=0.03 sys=0.00, real=0.02 secs] 
2024-10-09T21:39:42.370+0300: 165.209: Total time for which application threads were stopped: 0.0367749 seconds, Stopping threads took: 0.0001094 seconds
2024-10-09T21:39:42.547+0300: 165.377: Application time: 0.1680822 seconds
2024-10-09T21:39:42.547+0300: 165.377: [GC (Allocation Failure) 2024-10-09T21:39:42.547+0300: 165.377: [ParNew: 460096K->46958K(460096K), 0.0311544 secs] 4531114K->4137293K(8337536K), 0.0312476 secs] [Times: user=0.03 sys=0.00, real=0.03 secs] 
2024-10-09T21:39:42.574+0300: 165.408: Total time for which application threads were stopped: 0.0315041 seconds, Stopping threads took: 0.0001350 seconds
2024-10-09T21:39:42.747+0300: 165.576: Application time: 0.1679168 seconds
2024-10-09T21:39:42.747+0300: 165.576: [GC (Allocation Failure) 2024-10-09T21:39:42.747+0300: 165.576: [ParNew: 455982K->51072K(460096K), 0.0280396 secs] 4546317K->4152125K(8337536K), 0.0281296 secs] [Times: user=0.05 sys=0.00, real=0.03 secs] 
2024-10-09T21:39:42.778+0300: 165.605: Total time for which application threads were stopped: 0.0284255 seconds, Stopping threads took: 0.0001618 seconds
2024-10-09T21:39:42.919+0300: 165.752: Application time: 0.1476417 seconds
2024-10-09T21:39:42.919+0300: 165.752: [GC (Allocation Failure) 2024-10-09T21:39:42.919+0300: 165.752: [ParNew: 460096K->40349K(460096K), 0.0348974 secs] 4561149K->4174850K(8337536K), 0.0349788 secs] [Times: user=0.03 sys=0.00, real=0.03 secs] 
2024-10-09T21:39:42.951+0300: 165.787: Total time for which application threads were stopped: 0.0351993 seconds, Stopping threads took: 0.0001070 seconds
2024-10-09T21:39:43.123+0300: 165.959: Application time: 0.1713041 seconds
2024-10-09T21:39:43.123+0300: 165.959: [GC (Allocation Failure) 2024-10-09T21:39:43.123+0300: 165.959: [ParNew: 449373K->51072K(460096K), 0.0278666 secs] 4583874K->4199988K(8337536K), 0.0279531 secs] [Times: user=0.03 sys=0.00, real=0.03 secs] 
2024-10-09T21:39:43.155+0300: 165.987: Total time for which application threads were stopped: 0.0281779 seconds, Stopping threads took: 0.0001089 seconds
2024-10-09T21:39:43.312+0300: 166.150: Application time: 0.1629988 seconds
2024-10-09T21:39:43.312+0300: 166.150: [GC (Allocation Failure) 2024-10-09T21:39:43.312+0300: 166.150: [ParNew: 460096K->51072K(460096K), 0.0271253 secs] 4609012K->4209503K(8337536K), 0.0272110 secs] [Times: user=0.03 sys=0.00, real=0.04 secs] 
2024-10-09T21:39:43.349+0300: 166.177: Total time for which application threads were stopped: 0.0274735 seconds, Stopping threads took: 0.0001417 seconds
2024-10-09T21:39:43.485+0300: 166.325: Application time: 0.1477047 seconds
2024-10-09T21:39:43.485+0300: 166.325: [GC (Allocation Failure) 2024-10-09T21:39:43.485+0300: 166.325: [ParNew: 460096K->47570K(460096K), 0.0319615 secs] 4618527K->4231791K(8337536K), 0.0320572 secs] [Times: user=0.03 sys=0.00, real=0.05 secs] 
2024-10-09T21:39:43.531+0300: 166.357: Total time for which application threads were stopped: 0.0323166 seconds, Stopping threads took: 0.0001430 seconds
2024-10-09T21:39:43.704+0300: 166.536: Application time: 0.1790356 seconds
2024-10-09T21:39:43.704+0300: 166.537: [GC (Allocation Failure) 2024-10-09T21:39:43.704+0300: 166.537: [ParNew: 456594K->47408K(460096K), 0.0292175 secs] 4640815K->4248320K(8337536K), 0.0293083 secs] [Times: user=0.03 sys=0.00, real=0.03 secs] 
2024-10-09T21:39:43.735+0300: 166.566: Total time for which application threads were stopped: 0.0295934 seconds, Stopping threads took: 0.0001513 seconds
2024-10-09T21:39:43.893+0300: 166.728: Application time: 0.1615469 seconds
2024-10-09T21:39:43.893+0300: 166.728: [GC (Allocation Failure) 2024-10-09T21:39:43.893+0300: 166.728: [ParNew: 456432K->51072K(460096K), 0.0291323 secs] 4657344K->4265168K(8337536K), 0.0292411 secs] [Times: user=0.03 sys=0.00, real=0.03 secs] 
2024-10-09T21:39:43.924+0300: 166.757: Total time for which application threads were stopped: 0.0295296 seconds, Stopping threads took: 0.0001586 seconds
2024-10-09T21:39:44.065+0300: 166.906: Application time: 0.1489153 seconds
2024-10-09T21:39:44.065+0300: 166.906: [GC (Allocation Failure) 2024-10-09T21:39:44.065+0300: 166.906: [ParNew: 460096K->39750K(460096K), 0.0279663 secs] 4674192K->4273062K(8337536K), 0.0280496 secs] [Times: user=0.03 sys=0.00, real=0.03 secs] 
2024-10-09T21:39:44.097+0300: 166.934: Total time for which application threads were stopped: 0.0283434 seconds, Stopping threads took: 0.0001760 seconds
2024-10-09T21:39:44.269+0300: 167.108: Application time: 0.1736923 seconds
2024-10-09T21:39:44.269+0300: 167.108: [GC (Allocation Failure) 2024-10-09T21:39:44.269+0300: 167.108: [ParNew: 448774K->51072K(460096K), 0.0287733 secs] 4682086K->4300645K(8337536K), 0.0288575 secs] [Times: user=0.03 sys=0.00, real=0.03 secs] 
2024-10-09T21:39:44.301+0300: 167.137: Total time for which application threads were stopped: 0.0291069 seconds, Stopping threads took: 0.0001275 seconds
2024-10-09T21:39:44.473+0300: 167.300: Application time: 0.1629614 seconds
2024-10-09T21:39:44.473+0300: 167.300: [GC (Allocation Failure) 2024-10-09T21:39:44.473+0300: 167.300: [ParNew: 460096K->51072K(460096K), 0.0304943 secs] 4709669K->4313502K(8337536K), 0.0305798 secs] [Times: user=0.03 sys=0.00, real=0.03 secs] 
2024-10-09T21:39:44.505+0300: 167.331: Total time for which application threads were stopped: 0.0308395 seconds, Stopping threads took: 0.0001474 seconds
2024-10-09T21:39:44.652+0300: 167.482: Application time: 0.1513701 seconds
2024-10-09T21:39:44.652+0300: 167.483: [GC (Allocation Failure) 2024-10-09T21:39:44.652+0300: 167.483: [ParNew: 460096K->51072K(460096K), 0.0377031 secs] 4722526K->4346101K(8337536K), 0.0378057 secs] [Times: user=0.09 sys=0.00, real=0.04 secs] 
2024-10-09T21:39:44.693+0300: 167.520: Total time for which application threads were stopped: 0.0380992 seconds, Stopping threads took: 0.0001372 seconds
2024-10-09T21:39:44.865+0300: 167.696: Application time: 0.1760183 seconds
2024-10-09T21:39:44.865+0300: 167.697: [GC (Allocation Failure) 2024-10-09T21:39:44.865+0300: 167.697: [ParNew: 460096K->46454K(460096K), 0.0297188 secs] 4755125K->4360051K(8337536K), 0.0298112 secs] [Times: user=0.03 sys=0.00, real=0.03 secs] 
2024-10-09T21:39:44.897+0300: 167.727: Total time for which application threads were stopped: 0.0300560 seconds, Stopping threads took: 0.0001254 seconds
2024-10-09T21:39:45.054+0300: 167.890: Application time: 0.1631709 seconds
2024-10-09T21:39:45.054+0300: 167.890: [GC (Allocation Failure) 2024-10-09T21:39:45.054+0300: 167.890: [ParNew: 455478K->51072K(460096K), 0.0278295 secs] 4769075K->4375886K(8337536K), 0.0279073 secs] [Times: user=0.05 sys=0.00, real=0.03 secs] 
2024-10-09T21:39:45.085+0300: 167.918: Total time for which application threads were stopped: 0.0281871 seconds, Stopping threads took: 0.0001311 seconds
2024-10-09T21:39:45.242+0300: 168.068: Application time: 0.1501574 seconds
2024-10-09T21:39:45.242+0300: 168.068: [GC (Allocation Failure) 2024-10-09T21:39:45.242+0300: 168.068: [ParNew: 460096K->51072K(460096K), 0.0328153 secs] 4784910K->4402133K(8337536K), 0.0328987 secs] [Times: user=0.02 sys=0.00, real=0.03 secs] 
2024-10-09T21:39:45.273+0300: 168.101: Total time for which application threads were stopped: 0.0331688 seconds, Stopping threads took: 0.0001549 seconds
2024-10-09T21:39:45.430+0300: 168.268: Application time: 0.1669719 seconds
2024-10-09T21:39:45.430+0300: 168.268: [GC (Allocation Failure) 2024-10-09T21:39:45.430+0300: 168.268: [ParNew: 460096K->51072K(460096K), 0.0287600 secs] 4811157K->4420787K(8337536K), 0.0288452 secs] [Times: user=0.03 sys=0.00, real=0.03 secs] 
2024-10-09T21:39:45.462+0300: 168.297: Total time for which application threads were stopped: 0.0291026 seconds, Stopping threads took: 0.0001401 seconds
2024-10-09T21:39:45.619+0300: 168.458: Application time: 0.1608536 seconds
2024-10-09T21:39:45.619+0300: 168.458: [GC (Allocation Failure) 2024-10-09T21:39:45.619+0300: 168.458: [ParNew: 460096K->51072K(460096K), 0.0277903 secs] 4829811K->4433512K(8337536K), 0.0278891 secs] [Times: user=0.03 sys=0.00, real=0.04 secs] 
2024-10-09T21:39:45.654+0300: 168.486: Total time for which application threads were stopped: 0.0281737 seconds, Stopping threads took: 0.0001524 seconds
2024-10-09T21:39:45.823+0300: 168.649: Application time: 0.1629790 seconds
2024-10-09T21:39:45.823+0300: 168.650: [GC (Allocation Failure) 2024-10-09T21:39:45.823+0300: 168.650: [ParNew: 460096K->51072K(460096K), 0.0303176 secs] 4842536K->4455367K(8337536K), 0.0304103 secs] [Times: user=0.03 sys=0.00, real=0.03 secs] 
2024-10-09T21:39:45.854+0300: 168.680: Total time for which application threads were stopped: 0.0306777 seconds, Stopping threads took: 0.0001115 seconds
2024-10-09T21:39:46.011+0300: 168.843: Application time: 0.1631440 seconds
2024-10-09T21:39:46.011+0300: 168.843: [GC (Allocation Failure) 2024-10-09T21:39:46.011+0300: 168.843: [ParNew: 460096K->51072K(460096K), 0.0300224 secs] 4864391K->4469624K(8337536K), 0.0301094 secs] [Times: user=0.03 sys=0.00, real=0.03 secs] 
2024-10-09T21:39:46.042+0300: 168.874: Total time for which application threads were stopped: 0.0303680 seconds, Stopping threads took: 0.0001400 seconds
2024-10-09T21:39:46.200+0300: 169.034: Application time: 0.1600268 seconds
2024-10-09T21:39:46.200+0300: 169.034: [GC (Allocation Failure) 2024-10-09T21:39:46.200+0300: 169.034: [ParNew: 460096K->51072K(460096K), 0.0349226 secs] 4878648K->4497118K(8337536K), 0.0350201 secs] [Times: user=0.03 sys=0.00, real=0.03 secs] 
2024-10-09T21:39:46.231+0300: 169.069: Total time for which application threads were stopped: 0.0353045 seconds, Stopping threads took: 0.0001590 seconds
2024-10-09T21:39:46.404+0300: 169.231: Application time: 0.1626412 seconds
2024-10-09T21:39:46.404+0300: 169.232: [GC (Allocation Failure) 2024-10-09T21:39:46.404+0300: 169.232: [ParNew: 460096K->49608K(460096K), 0.0314205 secs] 4906142K->4520091K(8337536K), 0.0315090 secs] [Times: user=0.03 sys=0.00, real=0.03 secs] 
2024-10-09T21:39:46.435+0300: 169.263: Total time for which application threads were stopped: 0.0317676 seconds, Stopping threads took: 0.0001472 seconds
2024-10-09T21:39:46.592+0300: 169.431: Application time: 0.1674791 seconds
2024-10-09T21:39:46.592+0300: 169.431: [GC (Allocation Failure) 2024-10-09T21:39:46.592+0300: 169.431: [ParNew: 458632K->51072K(460096K), 0.0288959 secs] 4929115K->4533264K(8337536K), 0.0289818 secs] [Times: user=0.03 sys=0.00, real=0.03 secs] 
2024-10-09T21:39:46.623+0300: 169.460: Total time for which application threads were stopped: 0.0292440 seconds, Stopping threads took: 0.0001456 seconds
2024-10-09T21:39:46.780+0300: 169.620: Application time: 0.1595828 seconds
2024-10-09T21:39:46.780+0300: 169.620: [GC (Allocation Failure) 2024-10-09T21:39:46.780+0300: 169.620: [ParNew: 460096K->47912K(460096K), 0.0342801 secs] 4942288K->4557982K(8337536K), 0.0343691 secs] [Times: user=0.06 sys=0.00, real=0.05 secs] 
2024-10-09T21:39:46.827+0300: 169.654: Total time for which application threads were stopped: 0.0346387 seconds, Stopping threads took: 0.0001338 seconds
2024-10-09T21:39:46.984+0300: 169.820: Application time: 0.1658676 seconds
2024-10-09T21:39:46.984+0300: 169.820: [GC (Allocation Failure) 2024-10-09T21:39:46.984+0300: 169.820: [ParNew: 456936K->45215K(460096K), 0.0297145 secs] 4967006K->4578189K(8337536K), 0.0298026 secs] [Times: user=0.03 sys=0.00, real=0.03 secs] 
2024-10-09T21:39:47.016+0300: 169.850: Total time for which application threads were stopped: 0.0300731 seconds, Stopping threads took: 0.0001507 seconds
2024-10-09T21:39:47.188+0300: 170.021: Application time: 0.1708035 seconds
2024-10-09T21:39:47.188+0300: 170.021: [GC (Allocation Failure) 2024-10-09T21:39:47.188+0300: 170.021: [ParNew: 454239K->51072K(460096K), 0.0275402 secs] 4987213K->4591149K(8337536K), 0.0276250 secs] [Times: user=0.03 sys=0.00, real=0.03 secs] 
2024-10-09T21:39:47.220+0300: 170.049: Total time for which application threads were stopped: 0.0279329 seconds, Stopping threads took: 0.0001892 seconds
2024-10-09T21:39:47.361+0300: 170.195: Application time: 0.1459252 seconds
2024-10-09T21:39:47.361+0300: 170.195: [GC (Allocation Failure) 2024-10-09T21:39:47.361+0300: 170.195: [ParNew: 460096K->51072K(460096K), 0.0358435 secs] 5000173K->4623788K(8337536K), 0.0359337 secs] [Times: user=0.03 sys=0.00, real=0.03 secs] 
2024-10-09T21:39:47.392+0300: 170.231: Total time for which application threads were stopped: 0.0362903 seconds, Stopping threads took: 0.0002355 seconds
2024-10-09T21:39:47.565+0300: 170.404: Application time: 0.1723775 seconds
2024-10-09T21:39:47.565+0300: 170.404: [GC (Allocation Failure) 2024-10-09T21:39:47.565+0300: 170.404: [ParNew: 460096K->50492K(460096K), 0.0306486 secs] 5032812K->4649720K(8337536K), 0.0307427 secs] [Times: user=0.03 sys=0.00, real=0.03 secs] 
2024-10-09T21:39:47.596+0300: 170.435: Total time for which application threads were stopped: 0.0309968 seconds, Stopping threads took: 0.0001382 seconds
2024-10-09T21:39:47.784+0300: 170.616: Application time: 0.1815061 seconds
2024-10-09T21:39:47.784+0300: 170.616: [GC (Allocation Failure) 2024-10-09T21:39:47.784+0300: 170.616: [ParNew: 459516K->51072K(460096K), 0.0280253 secs] 5058744K->4655769K(8337536K), 0.0281184 secs] [Times: user=0.06 sys=0.00, real=0.03 secs] 
2024-10-09T21:39:47.816+0300: 170.644: Total time for which application threads were stopped: 0.0283915 seconds, Stopping threads took: 0.0001297 seconds
2024-10-09T21:39:47.960+0300: 170.786: Application time: 0.1416408 seconds
2024-10-09T21:39:47.960+0300: 170.786: [GC (Allocation Failure) 2024-10-09T21:39:47.960+0300: 170.786: [ParNew: 460096K->51072K(460096K), 0.0297506 secs] 5064793K->4674053K(8337536K), 0.0298388 secs] [Times: user=0.01 sys=0.00, real=0.03 secs] 
2024-10-09T21:39:47.988+0300: 170.816: Total time for which application threads were stopped: 0.0301281 seconds, Stopping threads took: 0.0001595 seconds
2024-10-09T21:39:48.160+0300: 170.987: Application time: 0.1703533 seconds
2024-10-09T21:39:48.160+0300: 170.987: [GC (Allocation Failure) 2024-10-09T21:39:48.160+0300: 170.987: [ParNew: 460096K->37322K(460096K), 0.0321988 secs] 5083077K->4693016K(8337536K), 0.0322775 secs] [Times: user=0.03 sys=0.00, real=0.03 secs] 
2024-10-09T21:39:48.192+0300: 171.019: Total time for which application threads were stopped: 0.0325022 seconds, Stopping threads took: 0.0001131 seconds
2024-10-09T21:39:48.366+0300: 171.196: Application time: 0.1769922 seconds
2024-10-09T21:39:48.366+0300: 171.196: [GC (Allocation Failure) 2024-10-09T21:39:48.366+0300: 171.196: [ParNew: 446346K->51072K(460096K), 0.0277514 secs] 5102040K->4710542K(8337536K), 0.0278318 secs] [Times: user=0.03 sys=0.00, real=0.03 secs] 
2024-10-09T21:39:48.397+0300: 171.224: Total time for which application threads were stopped: 0.0280792 seconds, Stopping threads took: 0.0001337 seconds
2024-10-09T21:39:48.538+0300: 171.372: Application time: 0.1480944 seconds
2024-10-09T21:39:48.538+0300: 171.372: [GC (Allocation Failure) 2024-10-09T21:39:48.538+0300: 171.372: [ParNew: 460096K->51072K(460096K), 0.0348152 secs] 5119566K->4733353K(8337536K), 0.0349025 secs] [Times: user=0.03 sys=0.00, real=0.03 secs] 
2024-10-09T21:39:48.570+0300: 171.407: Total time for which application threads were stopped: 0.0351521 seconds, Stopping threads took: 0.0001364 seconds
2024-10-09T21:39:48.742+0300: 171.572: Application time: 0.1643221 seconds
2024-10-09T21:39:48.742+0300: 171.572: [GC (Allocation Failure) 2024-10-09T21:39:48.742+0300: 171.572: [ParNew: 460096K->42308K(460096K), 0.0329496 secs] 5142377K->4757193K(8337536K), 0.0330457 secs] [Times: user=0.12 sys=0.00, real=0.03 secs] 
2024-10-09T21:39:48.774+0300: 171.605: Total time for which application threads were stopped: 0.0332752 seconds, Stopping threads took: 0.0000867 seconds
2024-10-09T21:39:48.946+0300: 171.782: Application time: 0.1772714 seconds
2024-10-09T21:39:48.946+0300: 171.782: [GC (Allocation Failure) 2024-10-09T21:39:48.946+0300: 171.782: [ParNew: 451332K->51072K(460096K), 0.0264701 secs] 5166217K->4769341K(8337536K), 0.0265521 secs] [Times: user=0.03 sys=0.00, real=0.03 secs] 
2024-10-09T21:39:48.978+0300: 171.809: Total time for which application threads were stopped: 0.0268038 seconds, Stopping threads took: 0.0001339 seconds
2024-10-09T21:39:49.134+0300: 171.961: Application time: 0.1515948 seconds
2024-10-09T21:39:49.134+0300: 171.961: [GC (Allocation Failure) 2024-10-09T21:39:49.134+0300: 171.961: [ParNew: 460096K->51072K(460096K), 0.0336306 secs] 5178365K->4790004K(8337536K), 0.0337164 secs] [Times: user=0.03 sys=0.00, real=0.03 secs] 
2024-10-09T21:39:49.166+0300: 171.995: Total time for which application threads were stopped: 0.0339704 seconds, Stopping threads took: 0.0001360 seconds
2024-10-09T21:39:49.323+0300: 172.151: Application time: 0.1568673 seconds
2024-10-09T21:39:49.323+0300: 172.152: [GC (Allocation Failure) 2024-10-09T21:39:49.323+0300: 172.152: [ParNew: 460096K->42850K(460096K), 0.0313336 secs] 5199028K->4809747K(8337536K), 0.0314174 secs] [Times: user=0.03 sys=0.00, real=0.03 secs] 
2024-10-09T21:39:49.354+0300: 172.183: Total time for which application threads were stopped: 0.0316592 seconds, Stopping threads took: 0.0001343 seconds
2024-10-09T21:39:49.527+0300: 172.359: Application time: 0.1763111 seconds
2024-10-09T21:39:49.527+0300: 172.360: [GC (Allocation Failure) 2024-10-09T21:39:49.527+0300: 172.360: [ParNew: 451874K->51072K(460096K), 0.0252832 secs] 5218771K->4820969K(8337536K), 0.0253656 secs] [Times: user=0.03 sys=0.00, real=0.03 secs] 
2024-10-09T21:39:49.558+0300: 172.385: Total time for which application threads were stopped: 0.0256141 seconds, Stopping threads took: 0.0001322 seconds
2024-10-09T21:39:49.715+0300: 172.549: Application time: 0.1638720 seconds
2024-10-09T21:39:49.715+0300: 172.549: [GC (Allocation Failure) 2024-10-09T21:39:49.715+0300: 172.549: [ParNew: 460096K->51072K(460096K), 0.0344301 secs] 5229993K->4840242K(8337536K), 0.0345266 secs] [Times: user=0.09 sys=0.00, real=0.03 secs] 
2024-10-09T21:39:49.747+0300: 172.584: Total time for which application threads were stopped: 0.0348061 seconds, Stopping threads took: 0.0001535 seconds
2024-10-09T21:39:49.904+0300: 172.739: Application time: 0.1549466 seconds
2024-10-09T21:39:49.904+0300: 172.739: [GC (Allocation Failure) 2024-10-09T21:39:49.904+0300: 172.739: [ParNew: 460096K->44500K(460096K), 0.0363918 secs] 5249266K->4869684K(8337536K), 0.0364811 secs] [Times: user=0.03 sys=0.00, real=0.03 secs] 
2024-10-09T21:39:49.935+0300: 172.775: Total time for which application threads were stopped: 0.0367098 seconds, Stopping threads took: 0.0001113 seconds
2024-10-09T21:39:50.108+0300: 172.942: Application time: 0.1670809 seconds
2024-10-09T21:39:50.108+0300: 172.943: [GC (Allocation Failure) 2024-10-09T21:39:50.108+0300: 172.943: [ParNew: 453524K->51072K(460096K), 0.0279957 secs] 5278708K->4887461K(8337536K), 0.0280784 secs] [Times: user=0.03 sys=0.00, real=0.03 secs] 
2024-10-09T21:39:50.139+0300: 172.971: Total time for which application threads were stopped: 0.0283399 seconds, Stopping threads took: 0.0001480 seconds
2024-10-09T21:39:50.296+0300: 173.128: Application time: 0.1574060 seconds
2024-10-09T21:39:50.296+0300: 173.128: [GC (Allocation Failure) 2024-10-09T21:39:50.296+0300: 173.128: [ParNew: 460096K->51072K(460096K), 0.0300242 secs] 5296485K->4903452K(8337536K), 0.0301116 secs] [Times: user=0.03 sys=0.00, real=0.03 secs] 
2024-10-09T21:39:50.327+0300: 173.159: Total time for which application threads were stopped: 0.0303311 seconds, Stopping threads took: 0.0001045 seconds
2024-10-09T21:39:50.484+0300: 173.318: Application time: 0.1595309 seconds
2024-10-09T21:39:50.484+0300: 173.318: [GC (Allocation Failure) 2024-10-09T21:39:50.484+0300: 173.318: [ParNew: 460096K->44379K(460096K), 0.0330834 secs] 5312476K->4923113K(8337536K), 0.0331715 secs] [Times: user=0.03 sys=0.00, real=0.03 secs] 
2024-10-09T21:39:50.516+0300: 173.352: Total time for which application threads were stopped: 0.0333868 seconds, Stopping threads took: 0.0000978 seconds
2024-10-09T21:39:50.688+0300: 173.524: Application time: 0.1723764 seconds
2024-10-09T21:39:50.688+0300: 173.524: [GC (Allocation Failure) 2024-10-09T21:39:50.688+0300: 173.524: [ParNew: 453403K->51072K(460096K), 0.0275885 secs] 5332137K->4940148K(8337536K), 0.0276806 secs] [Times: user=0.12 sys=0.00, real=0.03 secs] 
2024-10-09T21:39:50.720+0300: 173.552: Total time for which application threads were stopped: 0.0279627 seconds, Stopping threads took: 0.0001504 seconds
2024-10-09T21:39:50.877+0300: 173.715: Application time: 0.1629121 seconds
2024-10-09T21:39:50.877+0300: 173.715: [GC (Allocation Failure) 2024-10-09T21:39:50.877+0300: 173.715: [ParNew: 460096K->51039K(460096K), 0.0337996 secs] 5349172K->4964808K(8337536K), 0.0338884 secs] [Times: user=0.03 sys=0.00, real=0.03 secs] 
2024-10-09T21:39:50.908+0300: 173.749: Total time for which application threads were stopped: 0.0342400 seconds, Stopping threads took: 0.0002227 seconds
2024-10-09T21:39:51.081+0300: 173.911: Application time: 0.1623610 seconds
2024-10-09T21:39:51.081+0300: 173.912: [GC (Allocation Failure) 2024-10-09T21:39:51.081+0300: 173.912: [ParNew: 460063K->51072K(460096K), 0.0290599 secs] 5373832K->4984018K(8337536K), 0.0291567 secs] [Times: user=0.03 sys=0.00, real=0.03 secs] 
2024-10-09T21:39:51.112+0300: 173.941: Total time for which application threads were stopped: 0.0294178 seconds, Stopping threads took: 0.0001354 seconds
2024-10-09T21:39:51.270+0300: 174.107: Application time: 0.1660450 seconds
2024-10-09T21:39:51.270+0300: 174.107: [GC (Allocation Failure) 2024-10-09T21:39:51.270+0300: 174.107: [ParNew: 460096K->51072K(460096K), 0.0281792 secs] 5393042K->4997085K(8337536K), 0.0282755 secs] [Times: user=0.03 sys=0.00, real=0.03 secs] 
2024-10-09T21:39:51.301+0300: 174.135: Total time for which application threads were stopped: 0.0285888 seconds, Stopping threads took: 0.0001961 seconds
2024-10-09T21:39:51.458+0300: 174.287: Application time: 0.1518912 seconds
2024-10-09T21:39:51.458+0300: 174.288: [GC (Allocation Failure) 2024-10-09T21:39:51.458+0300: 174.288: [ParNew: 460096K->50369K(460096K), 0.0330945 secs] 5406109K->5022103K(8337536K), 0.0331784 secs] [Times: user=0.03 sys=0.00, real=0.03 secs] 
2024-10-09T21:39:51.489+0300: 174.321: Total time for which application threads were stopped: 0.0334060 seconds, Stopping threads took: 0.0001181 seconds
2024-10-09T21:39:51.646+0300: 174.484: Application time: 0.1634843 seconds
2024-10-09T21:39:51.646+0300: 174.484: [GC (Allocation Failure) 2024-10-09T21:39:51.646+0300: 174.485: [ParNew: 459393K->51072K(460096K), 0.0275604 secs] 5431127K->5037509K(8337536K), 0.0276585 secs] [Times: user=0.09 sys=0.00, real=0.03 secs] 
2024-10-09T21:39:51.678+0300: 174.512: Total time for which application threads were stopped: 0.0279774 seconds, Stopping threads took: 0.0001693 seconds
2024-10-09T21:39:51.850+0300: 174.686: Application time: 0.1734366 seconds
2024-10-09T21:39:51.850+0300: 174.686: [GC (Allocation Failure) 2024-10-09T21:39:51.850+0300: 174.686: [ParNew: 460096K->51072K(460096K), 0.0282207 secs] 5446533K->5048778K(8337536K), 0.0283073 secs] [Times: user=0.03 sys=0.00, real=0.03 secs] 
2024-10-09T21:39:51.882+0300: 174.714: Total time for which application threads were stopped: 0.0285497 seconds, Stopping threads took: 0.0001203 seconds
2024-10-09T21:39:52.023+0300: 174.860: Application time: 0.1461715 seconds
2024-10-09T21:39:52.023+0300: 174.861: [GC (Allocation Failure) 2024-10-09T21:39:52.023+0300: 174.861: [ParNew: 460096K->51072K(460096K), 0.0309751 secs] 5457802K->5071626K(8337536K), 0.0310545 secs] [Times: user=0.03 sys=0.00, real=0.03 secs] 
2024-10-09T21:39:52.055+0300: 174.892: Total time for which application threads were stopped: 0.0313150 seconds, Stopping threads took: 0.0001440 seconds
2024-10-09T21:39:52.228+0300: 175.057: Application time: 0.1654173 seconds
2024-10-09T21:39:52.228+0300: 175.057: [GC (Allocation Failure) 2024-10-09T21:39:52.228+0300: 175.057: [ParNew: 460096K->51072K(460096K), 0.0313635 secs] 5480650K->5094128K(8337536K), 0.0314557 secs] [Times: user=0.02 sys=0.00, real=0.03 secs] 
2024-10-09T21:39:52.259+0300: 175.089: Total time for which application threads were stopped: 0.0317419 seconds, Stopping threads took: 0.0001603 seconds
2024-10-09T21:39:52.416+0300: 175.257: Application time: 0.1680622 seconds
2024-10-09T21:39:52.416+0300: 175.257: [GC (Allocation Failure) 2024-10-09T21:39:52.416+0300: 175.257: [ParNew: 460096K->51072K(460096K), 0.0304121 secs] 5503152K->5110238K(8337536K), 0.0305021 secs] [Times: user=0.03 sys=0.00, real=0.03 secs] 
2024-10-09T21:39:52.448+0300: 175.288: Total time for which application threads were stopped: 0.0307632 seconds, Stopping threads took: 0.0001436 seconds
2024-10-09T21:39:52.605+0300: 175.437: Application time: 0.1495815 seconds
2024-10-09T21:39:52.605+0300: 175.437: [GC (Allocation Failure) 2024-10-09T21:39:52.605+0300: 175.438: [ParNew: 460096K->51072K(460096K), 0.0305842 secs] 5519262K->5126434K(8337536K), 0.0306732 secs] [Times: user=0.03 sys=0.00, real=0.03 secs] 
2024-10-09T21:39:52.636+0300: 175.468: Total time for which application threads were stopped: 0.0309302 seconds, Stopping threads took: 0.0001402 seconds
2024-10-09T21:39:52.793+0300: 175.634: Application time: 0.1657903 seconds
2024-10-09T21:39:52.793+0300: 175.634: [GC (Allocation Failure) 2024-10-09T21:39:52.793+0300: 175.634: [ParNew: 460096K->46846K(460096K), 0.0338912 secs] 5535458K->5153290K(8337536K), 0.0339831 secs] [Times: user=0.05 sys=0.00, real=0.05 secs] 
2024-10-09T21:39:52.840+0300: 175.668: Total time for which application threads were stopped: 0.0342815 seconds, Stopping threads took: 0.0001706 seconds
2024-10-09T21:39:52.997+0300: 175.834: Application time: 0.1659960 seconds
2024-10-09T21:39:52.997+0300: 175.834: [GC (Allocation Failure) 2024-10-09T21:39:52.997+0300: 175.835: [ParNew: 455870K->51072K(460096K), 0.0280631 secs] 5562314K->5166747K(8337536K), 0.0281603 secs] [Times: user=0.03 sys=0.00, real=0.03 secs] 
2024-10-09T21:39:53.029+0300: 175.863: Total time for which application threads were stopped: 0.0284215 seconds, Stopping threads took: 0.0001421 seconds
2024-10-09T21:39:53.186+0300: 176.014: Application time: 0.1516303 seconds
2024-10-09T21:39:53.186+0300: 176.015: [GC (Allocation Failure) 2024-10-09T21:39:53.186+0300: 176.015: [ParNew: 460096K->51072K(460096K), 0.0296500 secs] 5575771K->5184323K(8337536K), 0.0297410 secs] [Times: user=0.06 sys=0.00, real=0.03 secs] 
2024-10-09T21:39:53.217+0300: 176.044: Total time for which application threads were stopped: 0.0300040 seconds, Stopping threads took: 0.0001393 seconds
2024-10-09T21:39:53.374+0300: 176.212: Application time: 0.1672890 seconds
2024-10-09T21:39:53.374+0300: 176.212: [GC (Allocation Failure) 2024-10-09T21:39:53.374+0300: 176.212: [ParNew: 460096K->48918K(460096K), 0.0329624 secs] 5593347K->5213476K(8337536K), 0.0330517 secs] [Times: user=0.03 sys=0.00, real=0.03 secs] 
2024-10-09T21:39:53.405+0300: 176.245: Total time for which application threads were stopped: 0.0332956 seconds, Stopping threads took: 0.0001323 seconds
2024-10-09T21:39:53.586+0300: 176.412: Application time: 0.1670283 seconds
2024-10-09T21:39:53.586+0300: 176.412: [GC (Allocation Failure) 2024-10-09T21:39:53.586+0300: 176.412: [ParNew: 457942K->51072K(460096K), 0.0270615 secs] 5622500K->5223654K(8337536K), 0.0271481 secs] [Times: user=0.03 sys=0.00, real=0.02 secs] 
2024-10-09T21:39:53.610+0300: 176.439: Total time for which application threads were stopped: 0.0273885 seconds, Stopping threads took: 0.0001206 seconds
2024-10-09T21:39:53.766+0300: 176.594: Application time: 0.1551328 seconds
2024-10-09T21:39:53.766+0300: 176.595: [GC (Allocation Failure) 2024-10-09T21:39:53.766+0300: 176.595: [ParNew: 460096K->51072K(460096K), 0.0278301 secs] 5632678K->5239393K(8337536K), 0.0279294 secs] [Times: user=0.14 sys=0.00, real=0.02 secs] 
2024-10-09T21:39:53.782+0300: 176.623: Total time for which application threads were stopped: 0.0282009 seconds, Stopping threads took: 0.0001452 seconds
2024-10-09T21:39:53.955+0300: 176.788: Application time: 0.1657671 seconds
2024-10-09T21:39:53.955+0300: 176.789: [GC (Allocation Failure) 2024-10-09T21:39:53.955+0300: 176.789: [ParNew: 460096K->51072K(460096K), 0.0326419 secs] 5648417K->5268413K(8337536K), 0.0327281 secs] [Times: user=0.03 sys=0.00, real=0.03 secs] 
2024-10-09T21:39:53.986+0300: 176.821: Total time for which application threads were stopped: 0.0330165 seconds, Stopping threads took: 0.0001697 seconds
2024-10-09T21:39:54.159+0300: 176.990: Application time: 0.1681140 seconds
2024-10-09T21:39:54.159+0300: 176.990: [GC (Allocation Failure) 2024-10-09T21:39:54.159+0300: 176.990: [ParNew: 460096K->51072K(460096K), 0.0286306 secs] 5677437K->5276928K(8337536K), 0.0287177 secs] [Times: user=0.03 sys=0.00, real=0.03 secs] 
2024-10-09T21:39:54.190+0300: 177.019: Total time for which application threads were stopped: 0.0289764 seconds, Stopping threads took: 0.0001381 seconds
2024-10-09T21:39:54.331+0300: 177.169: Application time: 0.1506840 seconds
2024-10-09T21:39:54.331+0300: 177.169: [GC (Allocation Failure) 2024-10-09T21:39:54.331+0300: 177.170: [ParNew: 460096K->51072K(460096K), 0.0275460 secs] 5685952K->5291524K(8337536K), 0.0279862 secs] [Times: user=0.03 sys=0.00, real=0.03 secs] 
2024-10-09T21:39:54.362+0300: 177.198: Total time for which application threads were stopped: 0.0282794 seconds, Stopping threads took: 0.0001522 seconds
2024-10-09T21:39:54.535+0300: 177.363: Application time: 0.1653576 seconds
2024-10-09T21:39:54.535+0300: 177.363: [GC (Allocation Failure) 2024-10-09T21:39:54.535+0300: 177.363: [ParNew: 460096K->51072K(460096K), 0.0298377 secs] 5700548K->5313136K(8337536K), 0.0299246 secs] [Times: user=0.03 sys=0.00, real=0.03 secs] 
2024-10-09T21:39:54.566+0300: 177.393: Total time for which application threads were stopped: 0.0301737 seconds, Stopping threads took: 0.0001349 seconds
2024-10-09T21:39:54.739+0300: 177.571: Application time: 0.1775953 seconds
2024-10-09T21:39:54.739+0300: 177.571: [GC (Allocation Failure) 2024-10-09T21:39:54.739+0300: 177.571: [ParNew: 460096K->51072K(460096K), 0.0305976 secs] 5722160K->5326128K(8337536K), 0.0306918 secs] [Times: user=0.03 sys=0.00, real=0.04 secs] 
2024-10-09T21:39:54.775+0300: 177.602: Total time for which application threads were stopped: 0.0310321 seconds, Stopping threads took: 0.0002061 seconds
2024-10-09T21:39:54.912+0300: 177.751: Application time: 0.1496269 seconds
2024-10-09T21:39:54.912+0300: 177.752: [GC (Allocation Failure) 2024-10-09T21:39:54.912+0300: 177.752: [ParNew: 460096K->51072K(460096K), 0.0329470 secs] 5735152K->5350231K(8337536K), 0.0330382 secs] [Times: user=0.03 sys=0.00, real=0.05 secs] 
2024-10-09T21:39:54.959+0300: 177.785: Total time for which application threads were stopped: 0.0333258 seconds, Stopping threads took: 0.0001690 seconds
2024-10-09T21:39:55.116+0300: 177.949: Application time: 0.1641436 seconds
2024-10-09T21:39:55.116+0300: 177.949: [GC (Allocation Failure) 2024-10-09T21:39:55.116+0300: 177.949: [ParNew: 460096K->43851K(460096K), 0.0297703 secs] 5759255K->5366280K(8337536K), 0.0298545 secs] [Times: user=0.03 sys=0.00, real=0.03 secs] 
2024-10-09T21:39:55.147+0300: 177.979: Total time for which application threads were stopped: 0.0300881 seconds, Stopping threads took: 0.0001206 seconds
2024-10-09T21:39:55.320+0300: 178.150: Application time: 0.1710880 seconds
2024-10-09T21:39:55.320+0300: 178.150: [GC (Allocation Failure) 2024-10-09T21:39:55.320+0300: 178.150: [ParNew: 452875K->51072K(460096K), 0.0277227 secs] 5775304K->5385631K(8337536K), 0.0278043 secs] [Times: user=0.02 sys=0.00, real=0.03 secs] 
2024-10-09T21:39:55.351+0300: 178.178: Total time for which application threads were stopped: 0.0280358 seconds, Stopping threads took: 0.0001199 seconds
2024-10-09T21:39:55.492+0300: 178.328: Application time: 0.1500752 seconds
2024-10-09T21:39:55.492+0300: 178.328: [GC (Allocation Failure) 2024-10-09T21:39:55.492+0300: 178.328: [ParNew: 460096K->51072K(460096K), 0.0278865 secs] 5794655K->5399151K(8337536K), 0.0279754 secs] [Times: user=0.03 sys=0.00, real=0.03 secs] 
2024-10-09T21:39:55.523+0300: 178.356: Total time for which application threads were stopped: 0.0283004 seconds, Stopping threads took: 0.0002044 seconds
2024-10-09T21:39:55.696+0300: 178.525: Application time: 0.1685670 seconds
2024-10-09T21:39:55.696+0300: 178.525: [GC (Allocation Failure) 2024-10-09T21:39:55.696+0300: 178.525: [ParNew: 460096K->42795K(460096K), 0.0304434 secs] 5808175K->5414393K(8337536K), 0.0305265 secs] [Times: user=0.08 sys=0.00, real=0.03 secs] 
2024-10-09T21:39:55.727+0300: 178.556: Total time for which application threads were stopped: 0.0307740 seconds, Stopping threads took: 0.0001126 seconds
2024-10-09T21:39:55.884+0300: 178.723: Application time: 0.1673191 seconds
2024-10-09T21:39:55.884+0300: 178.723: [GC (Allocation Failure) 2024-10-09T21:39:55.884+0300: 178.723: [ParNew: 451819K->51072K(460096K), 0.0278135 secs] 5823417K->5433056K(8337536K), 0.0279059 secs] [Times: user=0.03 sys=0.00, real=0.03 secs] 
2024-10-09T21:39:55.916+0300: 178.751: Total time for which application threads were stopped: 0.0281662 seconds, Stopping threads took: 0.0001405 seconds
2024-10-09T21:39:56.072+0300: 178.901: Application time: 0.1502364 seconds
2024-10-09T21:39:56.072+0300: 178.902: [GC (Allocation Failure) 2024-10-09T21:39:56.072+0300: 178.902: [ParNew: 460096K->51072K(460096K), 0.0341875 secs] 5842080K->5457366K(8337536K), 0.0342834 secs] [Times: user=0.03 sys=0.00, real=0.03 secs] 
2024-10-09T21:39:56.104+0300: 178.936: Total time for which application threads were stopped: 0.0345067 seconds, Stopping threads took: 0.0001061 seconds
2024-10-09T21:39:56.261+0300: 179.097: Application time: 0.1613491 seconds
2024-10-09T21:39:56.261+0300: 179.098: [GC (Allocation Failure) 2024-10-09T21:39:56.261+0300: 179.098: [ParNew: 460096K->51072K(460096K), 0.0302513 secs] 5866390K->5482495K(8337536K), 0.0303394 secs] [Times: user=0.03 sys=0.00, real=0.04 secs] 
2024-10-09T21:39:56.301+0300: 179.128: Total time for which application threads were stopped: 0.0305814 seconds, Stopping threads took: 0.0001224 seconds
2024-10-09T21:39:56.465+0300: 179.296: Application time: 0.1679570 seconds
2024-10-09T21:39:56.465+0300: 179.296: [GC (Allocation Failure) 2024-10-09T21:39:56.465+0300: 179.296: [ParNew: 460096K->51072K(460096K), 0.0259549 secs] 5891519K->5484712K(8337536K), 0.0260328 secs] [Times: user=0.02 sys=0.00, real=0.02 secs] 
2024-10-09T21:39:56.481+0300: 179.322: Total time for which application threads were stopped: 0.0262950 seconds, Stopping threads took: 0.0001563 seconds
2024-10-09T21:39:56.638+0300: 179.475: Application time: 0.1524696 seconds
2024-10-09T21:39:56.638+0300: 179.475: [GC (Allocation Failure) 2024-10-09T21:39:56.638+0300: 179.475: [ParNew: 460096K->48714K(460096K), 0.0318291 secs] 5893736K->5503715K(8337536K), 0.0319176 secs] [Times: user=0.14 sys=0.00, real=0.04 secs] 
2024-10-09T21:39:56.679+0300: 179.507: Total time for which application threads were stopped: 0.0324339 seconds, Stopping threads took: 0.0003881 seconds
2024-10-09T21:39:56.842+0300: 179.670: Application time: 0.1625825 seconds
2024-10-09T21:39:56.842+0300: 179.670: [GC (Allocation Failure) 2024-10-09T21:39:56.842+0300: 179.670: [ParNew: 457738K->49637K(460096K), 0.0292317 secs] 5912739K->5525226K(8337536K), 0.0293238 secs] [Times: user=0.03 sys=0.00, real=0.03 secs] 
2024-10-09T21:39:56.873+0300: 179.699: Total time for which application threads were stopped: 0.0295594 seconds, Stopping threads took: 0.0001178 seconds
2024-10-09T21:39:57.030+0300: 179.866: Application time: 0.1671835 seconds
2024-10-09T21:39:57.030+0300: 179.867: [GC (Allocation Failure) 2024-10-09T21:39:57.030+0300: 179.867: [ParNew: 458661K->51072K(460096K), 0.0268609 secs] 5934250K->5534359K(8337536K), 0.0269447 secs] [Times: user=0.03 sys=0.00, real=0.03 secs] 
2024-10-09T21:39:57.061+0300: 179.894: Total time for which application threads were stopped: 0.0271899 seconds, Stopping threads took: 0.0001284 seconds
2024-10-09T21:39:57.219+0300: 180.049: Application time: 0.1557076 seconds
2024-10-09T21:39:57.219+0300: 180.050: [GC (Allocation Failure) 2024-10-09T21:39:57.219+0300: 180.050: [ParNew: 460096K->51072K(460096K), 0.0364088 secs] 5943383K->5563727K(8337536K), 0.0364910 secs] [Times: user=0.03 sys=0.00, real=0.03 secs] 
2024-10-09T21:39:57.250+0300: 180.086: Total time for which application threads were stopped: 0.0367814 seconds, Stopping threads took: 0.0001751 seconds
2024-10-09T21:39:57.407+0300: 180.241: Application time: 0.1551858 seconds
2024-10-09T21:39:57.407+0300: 180.242: [GC (Allocation Failure) 2024-10-09T21:39:57.407+0300: 180.242: [ParNew: 460096K->51072K(460096K), 0.0308667 secs] 5972751K->5589160K(8337536K), 0.0309552 secs] [Times: user=0.03 sys=0.00, real=0.03 secs] 
2024-10-09T21:39:57.439+0300: 180.273: Total time for which application threads were stopped: 0.0312260 seconds, Stopping threads took: 0.0001559 seconds
2024-10-09T21:39:57.611+0300: 180.443: Application time: 0.1706694 seconds
2024-10-09T21:39:57.611+0300: 180.443: [GC (Allocation Failure) 2024-10-09T21:39:57.611+0300: 180.443: [ParNew: 460096K->51072K(460096K), 0.0307660 secs] 5998184K->5603584K(8337536K), 0.0308829 secs] [Times: user=0.03 sys=0.00, real=0.03 secs] 
2024-10-09T21:39:57.643+0300: 180.474: Total time for which application threads were stopped: 0.0311669 seconds, Stopping threads took: 0.0001590 seconds
2024-10-09T21:39:57.800+0300: 180.636: Application time: 0.1621120 seconds
2024-10-09T21:39:57.800+0300: 180.637: [GC (Allocation Failure) 2024-10-09T21:39:57.800+0300: 180.637: [ParNew: 460096K->51072K(460096K), 0.0338562 secs] 6012608K->5625240K(8337536K), 0.0339493 secs] [Times: user=0.03 sys=0.00, real=0.03 secs] 
2024-10-09T21:39:57.831+0300: 180.671: Total time for which application threads were stopped: 0.0342173 seconds, Stopping threads took: 0.0001486 seconds
2024-10-09T21:39:57.989+0300: 180.829: Application time: 0.1579803 seconds
2024-10-09T21:39:57.989+0300: 180.829: [GC (Allocation Failure) 2024-10-09T21:39:57.989+0300: 180.829: [ParNew: 460096K->51072K(460096K), 0.0341558 secs] 6034264K->5655662K(8337536K), 0.0342666 secs] [Times: user=0.03 sys=0.00, real=0.05 secs] 
2024-10-09T21:39:58.035+0300: 180.863: Total time for which application threads were stopped: 0.0345022 seconds, Stopping threads took: 0.0001118 seconds
2024-10-09T21:39:58.208+0300: 181.034: Application time: 0.1704534 seconds
2024-10-09T21:39:58.208+0300: 181.034: [GC (Allocation Failure) 2024-10-09T21:39:58.208+0300: 181.034: [ParNew: 460096K->51072K(460096K), 0.0291330 secs] 6064686K->5668226K(8337536K), 0.0292225 secs] [Times: user=0.02 sys=0.00, real=0.02 secs] 
2024-10-09T21:39:58.223+0300: 181.063: Total time for which application threads were stopped: 0.0294673 seconds, Stopping threads took: 0.0001217 seconds
2024-10-09T21:39:58.383+0300: 181.211: Application time: 0.1478208 seconds
2024-10-09T21:39:58.383+0300: 181.211: [GC (Allocation Failure) 2024-10-09T21:39:58.383+0300: 181.211: [ParNew: 460096K->51072K(460096K), 0.0305461 secs] 6077250K->5684115K(8337536K), 0.0306341 secs] [Times: user=0.01 sys=0.00, real=0.03 secs] 
2024-10-09T21:39:58.412+0300: 181.242: Total time for which application threads were stopped: 0.0309218 seconds, Stopping threads took: 0.0001664 seconds
2024-10-09T21:39:58.568+0300: 181.402: Application time: 0.1602420 seconds
2024-10-09T21:39:58.568+0300: 181.402: [GC (Allocation Failure) 2024-10-09T21:39:58.568+0300: 181.402: [ParNew: 460096K->51072K(460096K), 0.0320430 secs] 6093139K->5713094K(8337536K), 0.0321317 secs] [Times: user=0.03 sys=0.00, real=0.03 secs] 
2024-10-09T21:39:58.600+0300: 181.434: Total time for which application threads were stopped: 0.0323543 seconds, Stopping threads took: 0.0001096 seconds
2024-10-09T21:39:58.784+0300: 181.610: Application time: 0.1760400 seconds
2024-10-09T21:39:58.784+0300: 181.611: [GC (Allocation Failure) 2024-10-09T21:39:58.784+0300: 181.611: [ParNew: 460096K->51072K(460096K), 0.0261908 secs] 6122118K->5717413K(8337536K), 0.0262829 secs] [Times: user=0.01 sys=0.00, real=0.02 secs] 
2024-10-09T21:39:58.804+0300: 181.637: Total time for which application threads were stopped: 0.0265527 seconds, Stopping threads took: 0.0001201 seconds
2024-10-09T21:39:58.961+0300: 181.796: Application time: 0.1585907 seconds
2024-10-09T21:39:58.961+0300: 181.796: [GC (Allocation Failure) 2024-10-09T21:39:58.961+0300: 181.796: [ParNew: 460096K->51072K(460096K), 0.0424212 secs] 6126437K->5751544K(8337536K), 0.0425029 secs] [Times: user=0.05 sys=0.00, real=0.05 secs] 
2024-10-09T21:39:59.009+0300: 181.838: Total time for which application threads were stopped: 0.0427984 seconds, Stopping threads took: 0.0001782 seconds
2024-10-09T21:39:59.165+0300: 181.993: Application time: 0.1548748 seconds
2024-10-09T21:39:59.165+0300: 181.994: [GC (Allocation Failure) 2024-10-09T21:39:59.165+0300: 181.994: [ParNew: 460096K->51072K(460096K), 0.0300978 secs] 6160568K->5775111K(8337536K), 0.0301893 secs] [Times: user=0.03 sys=0.00, real=0.03 secs] 
2024-10-09T21:39:59.197+0300: 182.024: Total time for which application threads were stopped: 0.0304347 seconds, Stopping threads took: 0.0001203 seconds
2024-10-09T21:39:59.354+0300: 182.193: Application time: 0.1688091 seconds
2024-10-09T21:39:59.354+0300: 182.193: [GC (Allocation Failure) 2024-10-09T21:39:59.354+0300: 182.193: [ParNew: 460096K->46301K(460096K), 0.0312664 secs] 6184135K->5790942K(8337536K), 0.0313534 secs] [Times: user=0.03 sys=0.00, real=0.03 secs] 
2024-10-09T21:39:59.385+0300: 182.224: Total time for which application threads were stopped: 0.0316254 seconds, Stopping threads took: 0.0001414 seconds
2024-10-09T21:39:59.542+0300: 182.383: Application time: 0.1589508 seconds
2024-10-09T21:39:59.542+0300: 182.383: [GC (Allocation Failure) 2024-10-09T21:39:59.542+0300: 182.383: [ParNew: 455325K->51072K(460096K), 0.0277302 secs] 6199966K->5803980K(8337536K), 0.0278164 secs] [Times: user=0.03 sys=0.00, real=0.03 secs] 
2024-10-09T21:39:59.574+0300: 182.411: Total time for which application threads were stopped: 0.0281165 seconds, Stopping threads took: 0.0001788 seconds
2024-10-09T21:39:59.746+0300: 182.572: Application time: 0.1609002 seconds
2024-10-09T21:39:59.746+0300: 182.572: [GC (Allocation Failure) 2024-10-09T21:39:59.746+0300: 182.572: [ParNew: 460096K->51072K(460096K), 0.0329922 secs] 6213004K->5829711K(8337536K), 0.0330803 secs] [Times: user=0.08 sys=0.00, real=0.03 secs] 
2024-10-09T21:39:59.778+0300: 182.606: Total time for which application threads were stopped: 0.0333368 seconds, Stopping threads took: 0.0001191 seconds
2024-10-09T21:39:59.935+0300: 182.772: Application time: 0.1668587 seconds
2024-10-09T21:39:59.935+0300: 182.773: [GC (Allocation Failure) 2024-10-09T21:39:59.935+0300: 182.773: [ParNew: 460096K->51072K(460096K), 0.0291721 secs] 6238735K->5847324K(8337536K), 0.0292633 secs] [Times: user=0.03 sys=0.00, real=0.03 secs] 
2024-10-09T21:39:59.966+0300: 182.802: Total time for which application threads were stopped: 0.0295075 seconds, Stopping threads took: 0.0001267 seconds
2024-10-09T21:40:00.124+0300: 182.964: Application time: 0.1617908 seconds
2024-10-09T21:40:00.124+0300: 182.964: [GC (Allocation Failure) 2024-10-09T21:40:00.124+0300: 182.964: [ParNew: 460096K->51072K(460096K), 0.0329696 secs] 6256348K->5867101K(8337536K), 0.0330629 secs] [Times: user=0.08 sys=0.00, real=0.05 secs] 
2024-10-09T21:40:00.170+0300: 182.997: Total time for which application threads were stopped: 0.0333118 seconds, Stopping threads took: 0.0001273 seconds
2024-10-09T21:40:00.312+0300: 183.153: Application time: 0.1560269 seconds
2024-10-09T21:40:00.327+0300: 183.153: [GC (Allocation Failure) 2024-10-09T21:40:00.327+0300: 183.153: [ParNew: 460096K->51072K(460096K), 0.0282893 secs] 6276125K->5884959K(8337536K), 0.0283924 secs] [Times: user=0.02 sys=0.00, real=0.02 secs] 
2024-10-09T21:40:00.343+0300: 183.182: Total time for which application threads were stopped: 0.0287601 seconds, Stopping threads took: 0.0002290 seconds
2024-10-09T21:40:00.516+0300: 183.344: Application time: 0.1625083 seconds
2024-10-09T21:40:00.516+0300: 183.345: [GC (Allocation Failure) 2024-10-09T21:40:00.516+0300: 183.345: [ParNew: 460096K->51072K(460096K), 0.0298143 secs] 6293983K->5906351K(8337536K), 0.0298933 secs] [Times: user=0.03 sys=0.00, real=0.03 secs] 
2024-10-09T21:40:00.547+0300: 183.374: Total time for which application threads were stopped: 0.0301556 seconds, Stopping threads took: 0.0001472 seconds
2024-10-09T21:40:00.704+0300: 183.541: Application time: 0.1661229 seconds
2024-10-09T21:40:00.704+0300: 183.541: [GC (Allocation Failure) 2024-10-09T21:40:00.704+0300: 183.541: [ParNew: 460096K->51072K(460096K), 0.0301897 secs] 6315375K->5922856K(8337536K), 0.0302852 secs] [Times: user=0.06 sys=0.00, real=0.03 secs] 
2024-10-09T21:40:00.735+0300: 183.571: Total time for which application threads were stopped: 0.0306069 seconds, Stopping threads took: 0.0001707 seconds
2024-10-09T21:40:00.908+0300: 183.734: Application time: 0.1626953 seconds
2024-10-09T21:40:00.908+0300: 183.734: [GC (Allocation Failure) 2024-10-09T21:40:00.908+0300: 183.734: [ParNew: 460096K->51072K(460096K), 0.0325223 secs] 6331880K->5943466K(8337536K), 0.0326078 secs] [Times: user=0.02 sys=0.00, real=0.03 secs] 
2024-10-09T21:40:00.939+0300: 183.767: Total time for which application threads were stopped: 0.0328563 seconds, Stopping threads took: 0.0001342 seconds
2024-10-09T21:40:01.096+0300: 183.927: Application time: 0.1602273 seconds
2024-10-09T21:40:01.096+0300: 183.927: [GC (Allocation Failure) 2024-10-09T21:40:01.096+0300: 183.927: [ParNew: 460096K->49286K(460096K), 0.0327536 secs] 6352490K->5964990K(8337536K), 0.0328489 secs] [Times: user=0.03 sys=0.00, real=0.03 secs] 
2024-10-09T21:40:01.127+0300: 183.960: Total time for which application threads were stopped: 0.0331273 seconds, Stopping threads took: 0.0001602 seconds
2024-10-09T21:40:01.290+0300: 184.121: Application time: 0.1613778 seconds
2024-10-09T21:40:01.290+0300: 184.122: [GC (Allocation Failure) 2024-10-09T21:40:01.290+0300: 184.122: [ParNew: 458310K->51072K(460096K), 0.0281257 secs] 6374014K->5982453K(8337536K), 0.0282120 secs] [Times: user=0.02 sys=0.00, real=0.03 secs] 
2024-10-09T21:40:01.316+0300: 184.150: Total time for which application threads were stopped: 0.0284829 seconds, Stopping threads took: 0.0001495 seconds
2024-10-09T21:40:01.473+0300: 184.313: Application time: 0.1631980 seconds
2024-10-09T21:40:01.473+0300: 184.313: [GC (Allocation Failure) 2024-10-09T21:40:01.473+0300: 184.313: [ParNew: 460096K->51072K(460096K), 0.0311818 secs] 6391477K->6002233K(8337536K), 0.0312668 secs] [Times: user=0.03 sys=0.00, real=0.03 secs] 
2024-10-09T21:40:01.504+0300: 184.345: Total time for which application threads were stopped: 0.0315204 seconds, Stopping threads took: 0.0001202 seconds
2024-10-09T21:40:01.677+0300: 184.509: Application time: 0.1640116 seconds
2024-10-09T21:40:01.677+0300: 184.509: [GC (Allocation Failure) 2024-10-09T21:40:01.677+0300: 184.509: [ParNew: 460096K->51072K(460096K), 0.0355573 secs] 6411257K->6026019K(8337536K), 0.0356459 secs] [Times: user=0.16 sys=0.00, real=0.03 secs] 
2024-10-09T21:40:01.708+0300: 184.545: Total time for which application threads were stopped: 0.0360073 seconds, Stopping threads took: 0.0002245 seconds
2024-10-09T21:40:01.881+0300: 184.710: Application time: 0.1654392 seconds
2024-10-09T21:40:01.881+0300: 184.710: [GC (Allocation Failure) 2024-10-09T21:40:01.881+0300: 184.710: [ParNew: 460096K->51072K(460096K), 0.0343690 secs] 6435043K->6051925K(8337536K), 0.0344517 secs] [Times: user=0.03 sys=0.00, real=0.03 secs] 
2024-10-09T21:40:01.912+0300: 184.745: Total time for which application threads were stopped: 0.0346964 seconds, Stopping threads took: 0.0001298 seconds
2024-10-09T21:40:02.069+0300: 184.906: Application time: 0.1609631 seconds
2024-10-09T21:40:02.069+0300: 184.906: [GC (Allocation Failure) 2024-10-09T21:40:02.069+0300: 184.906: [ParNew: 460096K->51072K(460096K), 0.0301423 secs] 6460949K->6069742K(8337536K), 0.0302325 secs] [Times: user=0.03 sys=0.00, real=0.03 secs] 
2024-10-09T21:40:02.101+0300: 184.936: Total time for which application threads were stopped: 0.0304983 seconds, Stopping threads took: 0.0001484 seconds
2024-10-09T21:40:02.257+0300: 185.098: Application time: 0.1619140 seconds
2024-10-09T21:40:02.257+0300: 185.098: [GC (Allocation Failure) 2024-10-09T21:40:02.257+0300: 185.098: [ParNew: 460096K->49346K(460096K), 0.0299382 secs] 6478766K->6086739K(8337536K), 0.0300236 secs] [Times: user=0.05 sys=0.00, real=0.04 secs] 
2024-10-09T21:40:02.292+0300: 185.128: Total time for which application threads were stopped: 0.0302709 seconds, Stopping threads took: 0.0001375 seconds
2024-10-09T21:40:02.446+0300: 185.285: Application time: 0.1567151 seconds
2024-10-09T21:40:02.446+0300: 185.285: [GC (Allocation Failure) 2024-10-09T21:40:02.446+0300: 185.285: [ParNew: 458370K->51072K(460096K), 0.0297875 secs] 6495763K->6107000K(8337536K), 0.0298933 secs] [Times: user=0.03 sys=0.00, real=0.03 secs] 
2024-10-09T21:40:02.477+0300: 185.315: Total time for which application threads were stopped: 0.0301719 seconds, Stopping threads took: 0.0001539 seconds
2024-10-09T21:40:02.650+0300: 185.478: Application time: 0.1625206 seconds
2024-10-09T21:40:02.650+0300: 185.478: [GC (Allocation Failure) 2024-10-09T21:40:02.650+0300: 185.478: [ParNew: 460096K->51072K(460096K), 0.0284637 secs] 6516024K->6123527K(8337536K), 0.0285828 secs] [Times: user=0.09 sys=0.00, real=0.03 secs] 
2024-10-09T21:40:02.681+0300: 185.507: Total time for which application threads were stopped: 0.0289173 seconds, Stopping threads took: 0.0001700 seconds
2024-10-09T21:40:02.838+0300: 185.676: Application time: 0.1693283 seconds
2024-10-09T21:40:02.838+0300: 185.676: [GC (Allocation Failure) 2024-10-09T21:40:02.838+0300: 185.676: [ParNew: 460096K->51072K(460096K), 0.0284590 secs] 6532551K->6140341K(8337536K), 0.0285561 secs] [Times: user=0.03 sys=0.00, real=0.03 secs] 
2024-10-09T21:40:02.869+0300: 185.705: Total time for which application threads were stopped: 0.0288302 seconds, Stopping threads took: 0.0001244 seconds
2024-10-09T21:40:03.026+0300: 185.862: Application time: 0.1572685 seconds
2024-10-09T21:40:03.026+0300: 185.862: [GC (Allocation Failure) 2024-10-09T21:40:03.026+0300: 185.863: [ParNew: 460096K->51072K(460096K), 0.0284533 secs] 6549365K->6156692K(8337536K), 0.0285382 secs] [Times: user=0.05 sys=0.00, real=0.03 secs] 
2024-10-09T21:40:03.058+0300: 185.891: Total time for which application threads were stopped: 0.0287961 seconds, Stopping threads took: 0.0001381 seconds
2024-10-09T21:40:03.215+0300: 186.052: Application time: 0.1610920 seconds
2024-10-09T21:40:03.215+0300: 186.052: [GC (Allocation Failure) 2024-10-09T21:40:03.215+0300: 186.052: [ParNew: 460096K->51072K(460096K), 0.0292107 secs] 6565716K->6172806K(8337536K), 0.0292993 secs] [Times: user=0.03 sys=0.00, real=0.03 secs] 
2024-10-09T21:40:03.246+0300: 186.082: Total time for which application threads were stopped: 0.0295309 seconds, Stopping threads took: 0.0001136 seconds
2024-10-09T21:40:03.419+0300: 186.247: Application time: 0.1654890 seconds
2024-10-09T21:40:03.419+0300: 186.247: [GC (Allocation Failure) 2024-10-09T21:40:03.419+0300: 186.247: [ParNew: 460096K->51072K(460096K), 0.0277062 secs] 6581830K->6185445K(8337536K), 0.0277884 secs] [Times: user=0.01 sys=0.00, real=0.02 secs] 
2024-10-09T21:40:03.435+0300: 186.275: Total time for which application threads were stopped: 0.0280207 seconds, Stopping threads took: 0.0001162 seconds
2024-10-09T21:40:03.595+0300: 186.427: Application time: 0.1516028 seconds
2024-10-09T21:40:03.595+0300: 186.427: [GC (Allocation Failure) 2024-10-09T21:40:03.595+0300: 186.427: [ParNew: 460096K->51072K(460096K), 0.0337495 secs] 6594469K->6209872K(8337536K), 0.0338335 secs] [Times: user=0.03 sys=0.00, real=0.03 secs] 
2024-10-09T21:40:03.623+0300: 186.461: Total time for which application threads were stopped: 0.0342237 seconds, Stopping threads took: 0.0002771 seconds
2024-10-09T21:40:03.796+0300: 186.629: Application time: 0.1675589 seconds
2024-10-09T21:40:03.796+0300: 186.629: [GC (Allocation Failure) 2024-10-09T21:40:03.796+0300: 186.629: [ParNew: 460096K->50233K(460096K), 0.0306079 secs] 6618896K->6235260K(8337536K), 0.0307020 secs] [Times: user=0.03 sys=0.00, real=0.03 secs] 
2024-10-09T21:40:03.827+0300: 186.660: Total time for which application threads were stopped: 0.0309496 seconds, Stopping threads took: 0.0001173 seconds
2024-10-09T21:40:04.000+0300: 186.829: Application time: 0.1695416 seconds
2024-10-09T21:40:04.000+0300: 186.829: [GC (Allocation Failure) 2024-10-09T21:40:04.000+0300: 186.829: [ParNew: 459257K->51072K(460096K), 0.0287064 secs] 6644284K->6246469K(8337536K), 0.0287997 secs] [Times: user=0.05 sys=0.00, real=0.03 secs] 
2024-10-09T21:40:04.031+0300: 186.858: Total time for which application threads were stopped: 0.0290686 seconds, Stopping threads took: 0.0001407 seconds
2024-10-09T21:40:04.172+0300: 187.011: Application time: 0.1527209 seconds
2024-10-09T21:40:04.172+0300: 187.011: [GC (Allocation Failure) 2024-10-09T21:40:04.172+0300: 187.011: [ParNew: 460096K->51072K(460096K), 0.0309020 secs] 6655493K->6263952K(8337536K), 0.0309860 secs] [Times: user=0.03 sys=0.00, real=0.03 secs] 
2024-10-09T21:40:04.204+0300: 187.042: Total time for which application threads were stopped: 0.0312586 seconds, Stopping threads took: 0.0001540 seconds
2024-10-09T21:40:04.376+0300: 187.202: Application time: 0.1603080 seconds
2024-10-09T21:40:04.376+0300: 187.203: [GC (Allocation Failure) 2024-10-09T21:40:04.376+0300: 187.203: [ParNew: 460096K->47508K(460096K), 0.0343307 secs] 6672976K->6293878K(8337536K), 0.0344205 secs] [Times: user=0.06 sys=0.00, real=0.03 secs] 
2024-10-09T21:40:04.408+0300: 187.237: Total time for which application threads were stopped: 0.0346446 seconds, Stopping threads took: 0.0001097 seconds
2024-10-09T21:40:04.580+0300: 187.410: Application time: 0.1727517 seconds
2024-10-09T21:40:04.580+0300: 187.410: [GC (Allocation Failure) 2024-10-09T21:40:04.580+0300: 187.410: [ParNew: 456532K->51072K(460096K), 0.0263456 secs] 6702902K->6301849K(8337536K), 0.0264217 secs] [Times: user=0.02 sys=0.00, real=0.02 secs] 
2024-10-09T21:40:04.596+0300: 187.437: Total time for which application threads were stopped: 0.0266526 seconds, Stopping threads took: 0.0001240 seconds
2024-10-09T21:40:04.769+0300: 187.600: Application time: 0.1635564 seconds
2024-10-09T21:40:04.769+0300: 187.600: [GC (Allocation Failure) 2024-10-09T21:40:04.769+0300: 187.600: [ParNew: 460096K->51072K(460096K), 0.0381220 secs] 6710873K->6330264K(8337536K), 0.0382140 secs] [Times: user=0.03 sys=0.00, real=0.03 secs] 
2024-10-09T21:40:04.800+0300: 187.639: Total time for which application threads were stopped: 0.0384916 seconds, Stopping threads took: 0.0001384 seconds
2024-10-09T21:40:04.957+0300: 187.794: Application time: 0.1555321 seconds
2024-10-09T21:40:04.957+0300: 187.794: [GC (Allocation Failure) 2024-10-09T21:40:04.957+0300: 187.794: [ParNew: 460096K->51072K(460096K), 0.0322541 secs] 6739288K->6359491K(8337536K), 0.0323415 secs] [Times: user=0.05 sys=0.00, real=0.04 secs] 
2024-10-09T21:40:04.997+0300: 187.827: Total time for which application threads were stopped: 0.0325835 seconds, Stopping threads took: 0.0001221 seconds
2024-10-09T21:40:05.161+0300: 188.000: Application time: 0.1733663 seconds
2024-10-09T21:40:05.161+0300: 188.000: [GC (Allocation Failure) 2024-10-09T21:40:05.161+0300: 188.000: [ParNew: 460096K->51072K(460096K), 0.0267521 secs] 6768515K->6362691K(8337536K), 0.0268314 secs] [Times: user=0.05 sys=0.00, real=0.04 secs] 
2024-10-09T21:40:05.198+0300: 188.027: Total time for which application threads were stopped: 0.0270591 seconds, Stopping threads took: 0.0001141 seconds
2024-10-09T21:40:05.349+0300: 188.181: Application time: 0.1536585 seconds
2024-10-09T21:40:05.349+0300: 188.181: [GC (Allocation Failure) 2024-10-09T21:40:05.349+0300: 188.181: [ParNew: 460096K->51072K(460096K), 0.0374819 secs] 6771715K->6390700K(8337536K), 0.0375683 secs] [Times: user=0.03 sys=0.00, real=0.03 secs] 
2024-10-09T21:40:05.381+0300: 188.219: Total time for which application threads were stopped: 0.0378382 seconds, Stopping threads took: 0.0001549 seconds
2024-10-09T21:40:05.538+0300: 188.375: Application time: 0.1561378 seconds
2024-10-09T21:40:05.538+0300: 188.375: [GC (Allocation Failure) 2024-10-09T21:40:05.538+0300: 188.375: [ParNew: 460096K->47246K(460096K), 0.0308258 secs] 6799724K->6411717K(8337536K), 0.0309162 secs] [Times: user=0.03 sys=0.00, real=0.03 secs] 
2024-10-09T21:40:05.569+0300: 188.406: Total time for which application threads were stopped: 0.0312165 seconds, Stopping threads took: 0.0001726 seconds
2024-10-09T21:40:05.742+0300: 188.580: Application time: 0.1737822 seconds
2024-10-09T21:40:05.742+0300: 188.580: [GC (Allocation Failure) 2024-10-09T21:40:05.742+0300: 188.580: [ParNew: 456270K->51072K(460096K), 0.0268827 secs] 6820741K->6422022K(8337536K), 0.0269730 secs] [Times: user=0.05 sys=0.00, real=0.03 secs] 
2024-10-09T21:40:05.773+0300: 188.607: Total time for which application threads were stopped: 0.0272395 seconds, Stopping threads took: 0.0001413 seconds
2024-10-09T21:40:05.930+0300: 188.761: Application time: 0.1537809 seconds
2024-10-09T21:40:05.930+0300: 188.761: [GC (Allocation Failure) 2024-10-09T21:40:05.930+0300: 188.761: [ParNew: 460096K->51072K(460096K), 0.0347155 secs] 6831046K->6447995K(8337536K), 0.0348047 secs] [Times: user=0.03 sys=0.00, real=0.03 secs] 
2024-10-09T21:40:05.961+0300: 188.796: Total time for which application threads were stopped: 0.0350472 seconds, Stopping threads took: 0.0001254 seconds
2024-10-09T21:40:06.135+0300: 188.961: Application time: 0.1648008 seconds
2024-10-09T21:40:06.135+0300: 188.961: [GC (Allocation Failure) 2024-10-09T21:40:06.135+0300: 188.961: [ParNew: 460096K->51072K(460096K), 0.0301727 secs] 6857019K->6469350K(8337536K), 0.0303160 secs] [Times: user=0.02 sys=0.00, real=0.02 secs] 
2024-10-09T21:40:06.150+0300: 188.991: Total time for which application threads were stopped: 0.0305724 seconds, Stopping threads took: 0.0001364 seconds
2024-10-09T21:40:06.323+0300: 189.154: Application time: 0.1625514 seconds
2024-10-09T21:40:06.323+0300: 189.154: [GC (Allocation Failure) 2024-10-09T21:40:06.323+0300: 189.154: [ParNew: 460096K->51072K(460096K), 0.0282498 secs] 6878374K->6482637K(8337536K), 0.0283381 secs] [Times: user=0.05 sys=0.02, real=0.03 secs] 
2024-10-09T21:40:06.354+0300: 189.182: Total time for which application threads were stopped: 0.0286594 seconds, Stopping threads took: 0.0002041 seconds
2024-10-09T21:40:06.501+0300: 189.334: Application time: 0.1513447 seconds
2024-10-09T21:40:06.501+0300: 189.334: [GC (Allocation Failure) 2024-10-09T21:40:06.501+0300: 189.334: [ParNew: 460096K->51072K(460096K), 0.0300552 secs] 6891661K->6502628K(8337536K), 0.0301413 secs] [Times: user=0.03 sys=0.00, real=0.03 secs] 
2024-10-09T21:40:06.527+0300: 189.364: Total time for which application threads were stopped: 0.0304013 seconds, Stopping threads took: 0.0001445 seconds
2024-10-09T21:40:06.701+0300: 189.538: Application time: 0.1735108 seconds
2024-10-09T21:40:06.701+0300: 189.538: [GC (Allocation Failure) 2024-10-09T21:40:06.701+0300: 189.538: [ParNew: 460096K->46760K(460096K), 0.0294919 secs] 6911652K->6515919K(8337536K), 0.0295850 secs] [Times: user=0.03 sys=0.00, real=0.03 secs] 
2024-10-09T21:40:06.731+0300: 189.568: Total time for which application threads were stopped: 0.0298530 seconds, Stopping threads took: 0.0001116 seconds
2024-10-09T21:40:06.901+0300: 189.729: Application time: 0.1614204 seconds
2024-10-09T21:40:06.903+0300: 189.729: [GC (Allocation Failure) 2024-10-09T21:40:06.903+0300: 189.729: [ParNew: 455784K->51072K(460096K), 0.0270069 secs] 6924943K->6525205K(8337536K), 0.0270979 secs] [Times: user=0.03 sys=0.00, real=0.02 secs] 
2024-10-09T21:40:06.919+0300: 189.756: Total time for which application threads were stopped: 0.0273855 seconds, Stopping threads took: 0.0001532 seconds
2024-10-09T21:40:07.076+0300: 189.908: Application time: 0.1518014 seconds
2024-10-09T21:40:07.076+0300: 189.908: [GC (Allocation Failure) 2024-10-09T21:40:07.076+0300: 189.908: [ParNew: 460096K->43086K(460096K), 0.0401832 secs] 6934229K->6556260K(8337536K), 0.0402703 secs] [Times: user=0.03 sys=0.00, real=0.03 secs] 
2024-10-09T21:40:07.123+0300: 189.949: Total time for which application threads were stopped: 0.0405638 seconds, Stopping threads took: 0.0001669 seconds
2024-10-09T21:40:07.280+0300: 190.119: Application time: 0.1705865 seconds
2024-10-09T21:40:07.280+0300: 190.120: [GC (Allocation Failure) 2024-10-09T21:40:07.280+0300: 190.120: [ParNew: 452110K->51072K(460096K), 0.0303657 secs] 6965284K->6582365K(8337536K), 0.0304508 secs] [Times: user=0.03 sys=0.00, real=0.03 secs] 
2024-10-09T21:40:07.312+0300: 190.150: Total time for which application threads were stopped: 0.0307034 seconds, Stopping threads took: 0.0001309 seconds
2024-10-09T21:40:07.484+0300: 190.313: Application time: 0.1633027 seconds
2024-10-09T21:40:07.484+0300: 190.314: [GC (Allocation Failure) 2024-10-09T21:40:07.484+0300: 190.314: [ParNew: 460096K->51072K(460096K), 0.0278729 secs] 6991389K->6591016K(8337536K), 0.0280155 secs] [Times: user=0.02 sys=0.02, real=0.03 secs] 
2024-10-09T21:40:07.516+0300: 190.342: Total time for which application threads were stopped: 0.0282875 seconds, Stopping threads took: 0.0001531 seconds
2024-10-09T21:40:07.657+0300: 190.488: Application time: 0.1461339 seconds
2024-10-09T21:40:07.657+0300: 190.488: [GC (Allocation Failure) 2024-10-09T21:40:07.657+0300: 190.488: [ParNew: 460096K->50145K(460096K), 0.0414429 secs] 7000040K->6622753K(8337536K), 0.0415293 secs] [Times: user=0.11 sys=0.00, real=0.05 secs] 
2024-10-09T21:40:07.703+0300: 190.530: Total time for which application threads were stopped: 0.0418288 seconds, Stopping threads took: 0.0001511 seconds
2024-10-09T21:40:07.877+0300: 190.704: Application time: 0.1740317 seconds
2024-10-09T21:40:07.877+0300: 190.704: [GC (Allocation Failure) 2024-10-09T21:40:07.877+0300: 190.704: [ParNew: 459169K->50036K(460096K), 0.0288419 secs] 7031777K->6638275K(8337536K), 0.0289290 secs] [Times: user=0.03 sys=0.00, real=0.03 secs] 
2024-10-09T21:40:07.904+0300: 190.733: Total time for which application threads were stopped: 0.0291717 seconds, Stopping threads took: 0.0001273 seconds
2024-10-09T21:40:08.065+0300: 190.900: Application time: 0.1674380 seconds
2024-10-09T21:40:08.065+0300: 190.901: [GC (Allocation Failure) 2024-10-09T21:40:08.065+0300: 190.901: [ParNew: 459060K->51072K(460096K), 0.0298976 secs] 7047299K->6651242K(8337536K), 0.0299864 secs] [Times: user=0.03 sys=0.00, real=0.04 secs] 
2024-10-09T21:40:08.104+0300: 190.931: Total time for which application threads were stopped: 0.0302856 seconds, Stopping threads took: 0.0001805 seconds
2024-10-09T21:40:08.254+0300: 191.080: Application time: 0.1495630 seconds
2024-10-09T21:40:08.254+0300: 191.080: [GC (Allocation Failure) 2024-10-09T21:40:08.254+0300: 191.080: [ParNew: 460096K->48654K(460096K), 0.0326161 secs] 7060266K->6675978K(8337536K), 0.0327036 secs] [Times: user=0.01 sys=0.00, real=0.03 secs] 
2024-10-09T21:40:08.285+0300: 191.113: Total time for which application threads were stopped: 0.0329523 seconds, Stopping threads took: 0.0001343 seconds
2024-10-09T21:40:08.458+0300: 191.284: Application time: 0.1705531 seconds
2024-10-09T21:40:08.458+0300: 191.284: [GC (Allocation Failure) 2024-10-09T21:40:08.458+0300: 191.284: [ParNew: 457678K->51072K(460096K), 0.0289944 secs] 7085002K->6696944K(8337536K), 0.0290798 secs] [Times: user=0.02 sys=0.00, real=0.02 secs] 
2024-10-09T21:40:08.473+0300: 191.313: Total time for which application threads were stopped: 0.0293420 seconds, Stopping threads took: 0.0001395 seconds
2024-10-09T21:40:08.646+0300: 191.478: Application time: 0.1649443 seconds
2024-10-09T21:40:08.646+0300: 191.478: [GC (Allocation Failure) 2024-10-09T21:40:08.646+0300: 191.478: [ParNew: 460096K->51072K(460096K), 0.0283134 secs] 7105968K->6707203K(8337536K), 0.0284035 secs] [Times: user=0.19 sys=0.00, real=0.03 secs] 
2024-10-09T21:40:08.677+0300: 191.507: Total time for which application threads were stopped: 0.0286443 seconds, Stopping threads took: 0.0001152 seconds
2024-10-09T21:40:08.819+0300: 191.659: Application time: 0.1526835 seconds
2024-10-09T21:40:08.819+0300: 191.659: [GC (Allocation Failure) 2024-10-09T21:40:08.819+0300: 191.660: [ParNew: 460096K->51072K(460096K), 0.0305179 secs] 7116227K->6727985K(8337536K), 0.0306052 secs] [Times: user=0.03 sys=0.00, real=0.03 secs] 
2024-10-09T21:40:08.850+0300: 191.690: Total time for which application threads were stopped: 0.0308774 seconds, Stopping threads took: 0.0001537 seconds
2024-10-09T21:40:09.023+0300: 191.863: Application time: 0.1731526 seconds
2024-10-09T21:40:09.023+0300: 191.864: [GC (Allocation Failure) 2024-10-09T21:40:09.023+0300: 191.864: [ParNew: 460096K->47173K(460096K), 0.0291663 secs] 7137009K->6744827K(8337536K), 0.0292660 secs] [Times: user=0.05 sys=0.00, real=0.03 secs] 
2024-10-09T21:40:09.054+0300: 191.893: Total time for which application threads were stopped: 0.0295462 seconds, Stopping threads took: 0.0001320 seconds
2024-10-09T21:40:09.227+0300: 192.057: Application time: 0.1640238 seconds
2024-10-09T21:40:09.227+0300: 192.057: [GC (Allocation Failure) 2024-10-09T21:40:09.227+0300: 192.057: [ParNew: 456197K->51072K(460096K), 0.0286834 secs] 7153851K->6756178K(8337536K), 0.0287712 secs] [Times: user=0.05 sys=0.00, real=0.03 secs] 
2024-10-09T21:40:09.258+0300: 192.086: Total time for which application threads were stopped: 0.0290320 seconds, Stopping threads took: 0.0001417 seconds
2024-10-09T21:40:09.407+0300: 192.239: Application time: 0.1534288 seconds
2024-10-09T21:40:09.407+0300: 192.240: [GC (Allocation Failure) 2024-10-09T21:40:09.407+0300: 192.240: [ParNew: 460096K->50325K(460096K), 0.0348493 secs] 7165202K->6785753K(8337536K), 0.0349429 secs] [Times: user=0.05 sys=0.00, real=0.04 secs] 
2024-10-09T21:40:09.447+0300: 192.275: Total time for which application threads were stopped: 0.0351953 seconds, Stopping threads took: 0.0001393 seconds
2024-10-09T21:40:09.607+0300: 192.441: Application time: 0.1663406 seconds
2024-10-09T21:40:09.607+0300: 192.441: [GC (Allocation Failure) 2024-10-09T21:40:09.607+0300: 192.441: [ParNew: 459349K->51072K(460096K), 0.0306668 secs] 7194777K->6804339K(8337536K), 0.0307514 secs] [Times: user=0.03 sys=0.00, real=0.03 secs] 
2024-10-09T21:40:09.635+0300: 192.472: Total time for which application threads were stopped: 0.0310154 seconds, Stopping threads took: 0.0001450 seconds
2024-10-09T21:40:09.808+0300: 192.641: Application time: 0.1694197 seconds
2024-10-09T21:40:09.808+0300: 192.642: [GC (Allocation Failure) 2024-10-09T21:40:09.808+0300: 192.642: [ParNew: 460096K->51072K(460096K), 0.0289093 secs] 7213363K->6817460K(8337536K), 0.0289974 secs] [Times: user=0.03 sys=0.00, real=0.03 secs] 
2024-10-09T21:40:09.839+0300: 192.671: Total time for which application threads were stopped: 0.0292593 seconds, Stopping threads took: 0.0001475 seconds
2024-10-09T21:40:09.996+0300: 192.823: Application time: 0.1525604 seconds
2024-10-09T21:40:09.996+0300: 192.823: [GC (Allocation Failure) 2024-10-09T21:40:09.996+0300: 192.823: [ParNew: 460096K->46274K(460096K), 0.0264926 secs] 7226484K->6826749K(8337536K), 0.0265799 secs] [Times: user=0.01 sys=0.00, real=0.02 secs] 
2024-10-09T21:40:10.012+0300: 192.850: Total time for which application threads were stopped: 0.0268346 seconds, Stopping threads took: 0.0001363 seconds
2024-10-09T21:40:10.184+0300: 193.020: Application time: 0.1703571 seconds
2024-10-09T21:40:10.184+0300: 193.021: [GC (Allocation Failure) 2024-10-09T21:40:10.184+0300: 193.021: [ParNew: 455298K->51072K(460096K), 0.0301082 secs] 7235773K->6852315K(8337536K), 0.0301993 secs] [Times: user=0.06 sys=0.00, real=0.03 secs] 
2024-10-09T21:40:10.216+0300: 193.051: Total time for which application threads were stopped: 0.0305031 seconds, Stopping threads took: 0.0001776 seconds
2024-10-09T21:40:10.372+0300: 193.212: Application time: 0.1616128 seconds
2024-10-09T21:40:10.372+0300: 193.213: [GC (Allocation Failure) 2024-10-09T21:40:10.372+0300: 193.213: [ParNew: 460096K->51072K(460096K), 0.0298340 secs] 7261339K->6866194K(8337536K), 0.0299189 secs] [Times: user=0.03 sys=0.00, real=0.04 secs] 
2024-10-09T21:40:10.409+0300: 193.243: Total time for which application threads were stopped: 0.0301598 seconds, Stopping threads took: 0.0001247 seconds
2024-10-09T21:40:10.561+0300: 193.391: Application time: 0.1480788 seconds
2024-10-09T21:40:10.561+0300: 193.391: [GC (Allocation Failure) 2024-10-09T21:40:10.561+0300: 193.391: [ParNew: 460096K->46949K(460096K), 0.0285423 secs] 7275218K->6882236K(8337536K), 0.0286231 secs] [Times: user=0.03 sys=0.00, real=0.03 secs] 
2024-10-09T21:40:10.592+0300: 193.420: Total time for which application threads were stopped: 0.0288962 seconds, Stopping threads took: 0.0001560 seconds
2024-10-09T21:40:10.765+0300: 193.595: Application time: 0.1755973 seconds
2024-10-09T21:40:10.765+0300: 193.595: [GC (Allocation Failure) 2024-10-09T21:40:10.765+0300: 193.596: [ParNew: 455973K->51072K(460096K), 0.0282984 secs] 7291260K->6899548K(8337536K), 0.0285427 secs] [Times: user=0.06 sys=0.00, real=0.03 secs] 
2024-10-09T21:40:10.796+0300: 193.624: Total time for which application threads were stopped: 0.0288367 seconds, Stopping threads took: 0.0001643 seconds
2024-10-09T21:40:10.953+0300: 193.787: Application time: 0.1633182 seconds
2024-10-09T21:40:10.953+0300: 193.788: [GC (Allocation Failure) 2024-10-09T21:40:10.953+0300: 193.788: [ParNew: 460096K->51072K(460096K), 0.0302302 secs] 7308572K->6912932K(8337536K), 0.0303225 secs] [Times: user=0.03 sys=0.00, real=0.03 secs] 
2024-10-09T21:40:10.984+0300: 193.818: Total time for which application threads were stopped: 0.0305890 seconds, Stopping threads took: 0.0001257 seconds
2024-10-09T21:40:11.126+0300: 193.967: Application time: 0.1490571 seconds
2024-10-09T21:40:11.126+0300: 193.967: [GC (Allocation Failure) 2024-10-09T21:40:11.126+0300: 193.967: [ParNew: 460096K->49974K(460096K), 0.0335482 secs] 7321956K->6945244K(8337536K), 0.0336329 secs] [Times: user=0.03 sys=0.00, real=0.05 secs] 
2024-10-09T21:40:11.173+0300: 194.001: Total time for which application threads were stopped: 0.0339336 seconds, Stopping threads took: 0.0001840 seconds
2024-10-09T21:40:11.346+0300: 194.175: Application time: 0.1742379 seconds
2024-10-09T21:40:11.346+0300: 194.175: [GC (Allocation Failure) 2024-10-09T21:40:11.346+0300: 194.175: [ParNew: 458998K->51072K(460096K), 0.0274457 secs] 7354268K->6950856K(8337536K), 0.0275308 secs] [Times: user=0.02 sys=0.00, real=0.03 secs] 
2024-10-09T21:40:11.377+0300: 194.203: Total time for which application threads were stopped: 0.0277874 seconds, Stopping threads took: 0.0001381 seconds
2024-10-09T21:40:11.534+0300: 194.362: Application time: 0.1592779 seconds
2024-10-09T21:40:11.534+0300: 194.362: [GC (Allocation Failure) 2024-10-09T21:40:11.534+0300: 194.362: [ParNew: 460096K->51072K(460096K), 0.0367938 secs] 7359880K->6976198K(8337536K), 0.0368925 secs] [Times: user=0.03 sys=0.00, real=0.03 secs] 
2024-10-09T21:40:11.566+0300: 194.399: Total time for which application threads were stopped: 0.0371344 seconds, Stopping threads took: 0.0001212 seconds
2024-10-09T21:40:11.723+0300: 194.554: Application time: 0.1546080 seconds
2024-10-09T21:40:11.723+0300: 194.554: [GC (Allocation Failure) 2024-10-09T21:40:11.723+0300: 194.554: [ParNew: 460096K->50144K(460096K), 0.0335847 secs] 7385222K->7006732K(8337536K), 0.0336814 secs] [Times: user=0.06 sys=0.00, real=0.03 secs] 
2024-10-09T21:40:11.754+0300: 194.588: Total time for which application threads were stopped: 0.0339656 seconds, Stopping threads took: 0.0001355 seconds
2024-10-09T21:40:11.754+0300: 194.588: Application time: 0.0001086 seconds
2024-10-09T21:40:11.754+0300: 194.588: [GC (CMS Initial Mark) [1 CMS-initial-mark: 6956587K(7877440K)] 7012115K(8337536K), 0.0045705 secs] [Times: user=0.00 sys=0.00, real=0.00 secs] 
2024-10-09T21:40:11.754+0300: 194.593: Total time for which application threads were stopped: 0.0048801 seconds, Stopping threads took: 0.0001637 seconds
2024-10-09T21:40:11.754+0300: 194.593: [CMS-concurrent-mark-start]
2024-10-09T21:40:11.785+0300: 194.620: [CMS-concurrent-mark: 0.027/0.027 secs] [Times: user=0.03 sys=0.00, real=0.03 secs] 
2024-10-09T21:40:11.785+0300: 194.620: [CMS-concurrent-preclean-start]
2024-10-09T21:40:11.801+0300: 194.628: [CMS-concurrent-preclean: 0.008/0.008 secs] [Times: user=0.01 sys=0.00, real=0.02 secs] 
2024-10-09T21:40:11.801+0300: 194.628: [CMS-concurrent-abortable-preclean-start]
2024-10-09T21:40:11.958+0300: 194.794: Application time: 0.2005984 seconds
2024-10-09T21:40:11.958+0300: 194.794: [GC (Allocation Failure) 2024-10-09T21:40:11.958+0300: 194.794: [ParNew: 459168K->47537K(460096K), 0.0292250 secs] 7415756K->7018684K(8337536K), 0.0293102 secs] [Times: user=0.03 sys=0.00, real=0.03 secs] 
2024-10-09T21:40:11.989+0300: 194.823: Total time for which application threads were stopped: 0.0296271 seconds, Stopping threads took: 0.0001950 seconds
2024-10-09T21:40:12.193+0300: 195.021: Application time: 0.1974690 seconds
2024-10-09T21:40:12.193+0300: 195.021: [GC (Allocation Failure) 2024-10-09T21:40:12.193+0300: 195.021: [ParNew: 456561K->51072K(460096K), 0.0276593 secs] 7427708K->7032580K(8337536K), 0.0277460 secs] [Times: user=0.03 sys=0.00, real=0.02 secs] 
2024-10-09T21:40:12.213+0300: 195.049: Total time for which application threads were stopped: 0.0280018 seconds, Stopping threads took: 0.0001358 seconds
2024-10-09T21:40:12.225+0300: 195.064: [CMS-concurrent-abortable-preclean: 0.378/0.436 secs] [Times: user=2.11 sys=0.01, real=0.42 secs] 
2024-10-09T21:40:12.225+0300: 195.064: Application time: 0.0155448 seconds
2024-10-09T21:40:12.225+0300: 195.064: [GC (CMS Final Remark) [YG occupancy: 90758 K (460096 K)]2024-10-09T21:40:12.225+0300: 195.064: [Rescan (parallel) , 0.0101090 secs]2024-10-09T21:40:12.241+0300: 195.075: [weak refs processing, 0.0000198 secs]2024-10-09T21:40:12.241+0300: 195.075: [class unloading, 0.0020671 secs]2024-10-09T21:40:12.241+0300: 195.077: [scrub symbol table, 0.0007404 secs]2024-10-09T21:40:12.241+0300: 195.078: [scrub string table, 0.0002037 secs][1 CMS-remark: 6981508K(7877440K)] 7072266K(8337536K), 0.0132659 secs] [Times: user=0.01 sys=0.00, real=0.02 secs] 
2024-10-09T21:40:12.241+0300: 195.078: Total time for which application threads were stopped: 0.0135445 seconds, Stopping threads took: 0.0001988 seconds
2024-10-09T21:40:12.241+0300: 195.078: [CMS-concurrent-sweep-start]
2024-10-09T21:40:12.414+0300: 195.247: Application time: 0.1691833 seconds
2024-10-09T21:40:12.414+0300: 195.247: [GC (Allocation Failure) 2024-10-09T21:40:12.414+0300: 195.247: [ParNew: 460096K->51072K(460096K), 0.0319036 secs] 7138489K->6752993K(8337536K), 0.0319993 secs] [Times: user=0.06 sys=0.00, real=0.03 secs] 
2024-10-09T21:40:12.445+0300: 195.279: Total time for which application threads were stopped: 0.0323306 seconds, Stopping threads took: 0.0002144 seconds
2024-10-09T21:40:12.633+0300: 195.473: Application time: 0.1932471 seconds
2024-10-09T21:40:12.633+0300: 195.473: [GC (Allocation Failure) 2024-10-09T21:40:12.633+0300: 195.473: [ParNew: 460096K->51072K(460096K), 0.0292117 secs] 6870033K->6474475K(8337536K), 0.0293082 secs] [Times: user=0.14 sys=0.00, real=0.03 secs] 
2024-10-09T21:40:12.664+0300: 195.502: Total time for which application threads were stopped: 0.0296729 seconds, Stopping threads took: 0.0002100 seconds
2024-10-09T21:40:12.868+0300: 195.702: Application time: 0.1997312 seconds
2024-10-09T21:40:12.868+0300: 195.702: [GC (Allocation Failure) 2024-10-09T21:40:12.868+0300: 195.702: [ParNew: 460096K->51072K(460096K), 0.0340981 secs] 6591726K->6208148K(8337536K), 0.0341849 secs] [Times: user=0.03 sys=0.00, real=0.03 secs] 
2024-10-09T21:40:12.899+0300: 195.736: Total time for which application threads were stopped: 0.0344649 seconds, Stopping threads took: 0.0001617 seconds
2024-10-09T21:40:13.103+0300: 195.932: Application time: 0.1955724 seconds
2024-10-09T21:40:13.103+0300: 195.932: [GC (Allocation Failure) 2024-10-09T21:40:13.103+0300: 195.932: [ParNew: 460096K->51072K(460096K), 0.0313829 secs] 6322047K->5930541K(8337536K), 0.0314733 secs] [Times: user=0.03 sys=0.00, real=0.03 secs] 
2024-10-09T21:40:13.135+0300: 195.964: Total time for which application threads were stopped: 0.0317672 seconds, Stopping threads took: 0.0001763 seconds
2024-10-09T21:40:13.307+0300: 196.135: Application time: 0.1714626 seconds
2024-10-09T21:40:13.307+0300: 196.135: [GC (Allocation Failure) 2024-10-09T21:40:13.307+0300: 196.135: [ParNew: 460096K->51072K(460096K), 0.0314106 secs] 6080952K->5698154K(8337536K), 0.0314977 secs] [Times: user=0.02 sys=0.00, real=0.03 secs] 
2024-10-09T21:40:13.339+0300: 196.167: Total time for which application threads were stopped: 0.0317915 seconds, Stopping threads took: 0.0001765 seconds
2024-10-09T21:40:13.543+0300: 196.377: Application time: 0.2102865 seconds
2024-10-09T21:40:13.543+0300: 196.378: [GC (Allocation Failure) 2024-10-09T21:40:13.543+0300: 196.378: [ParNew: 460096K->45233K(460096K), 0.0279625 secs] 5831504K->5432246K(8337536K), 0.0280526 secs] [Times: user=0.03 sys=0.00, real=0.03 secs] 
2024-10-09T21:40:13.574+0300: 196.406: Total time for which application threads were stopped: 0.0284166 seconds, Stopping threads took: 0.0002449 seconds
2024-10-09T21:40:13.778+0300: 196.608: Application time: 0.2023197 seconds
2024-10-09T21:40:13.778+0300: 196.608: [GC (Allocation Failure) 2024-10-09T21:40:13.778+0300: 196.608: [ParNew: 454257K->51072K(460096K), 0.0288240 secs] 5559165K->5165947K(8337536K), 0.0289264 secs] [Times: user=0.14 sys=0.00, real=0.03 secs] 
2024-10-09T21:40:13.810+0300: 196.637: Total time for which application threads were stopped: 0.0293312 seconds, Stopping threads took: 0.0002583 seconds
2024-10-09T21:40:13.967+0300: 196.806: Application time: 0.1689134 seconds
2024-10-09T21:40:13.967+0300: 196.807: [GC (Allocation Failure) 2024-10-09T21:40:13.967+0300: 196.807: [ParNew: 460096K->48296K(460096K), 0.0369430 secs] 5344374K->4967385K(8337536K), 0.0370285 secs] [Times: user=0.05 sys=0.00, real=0.05 secs] 
2024-10-09T21:40:14.018+0300: 196.844: Total time for which application threads were stopped: 0.0373056 seconds, Stopping threads took: 0.0001601 seconds
2024-10-09T21:40:14.218+0300: 197.049: Application time: 0.2053050 seconds
2024-10-09T21:40:14.218+0300: 197.049: [GC (Allocation Failure) 2024-10-09T21:40:14.218+0300: 197.049: [ParNew: 457320K->38881K(460096K), 0.0309150 secs] 5085048K->4690069K(8337536K), 0.0310047 secs] [Times: user=0.06 sys=0.00, real=0.03 secs] 
2024-10-09T21:40:14.249+0300: 197.080: Total time for which application threads were stopped: 0.0312599 seconds, Stopping threads took: 0.0001365 seconds
2024-10-09T21:40:14.454+0300: 197.286: Application time: 0.2062377 seconds
2024-10-09T21:40:14.454+0300: 197.287: [GC (Allocation Failure) 2024-10-09T21:40:14.454+0300: 197.287: [ParNew: 447905K->51072K(460096K), 0.0304257 secs] 4805085K->4420183K(8337536K), 0.0305086 secs] [Times: user=0.03 sys=0.00, real=0.03 secs] 
2024-10-09T21:40:14.485+0300: 197.317: Total time for which application threads were stopped: 0.0307666 seconds, Stopping threads took: 0.0001447 seconds
2024-10-09T21:40:14.658+0300: 197.492: Application time: 0.1749967 seconds
2024-10-09T21:40:14.658+0300: 197.492: [GC (Allocation Failure) 2024-10-09T21:40:14.658+0300: 197.493: [ParNew: 460096K->51072K(460096K), 0.0308268 secs] 4569756K->4180084K(8337536K), 0.0309254 secs] [Times: user=0.09 sys=0.00, real=0.03 secs] 
2024-10-09T21:40:14.689+0300: 197.523: Total time for which application threads were stopped: 0.0312945 seconds, Stopping threads took: 0.0002175 seconds
2024-10-09T21:40:14.893+0300: 197.725: Application time: 0.2019476 seconds
2024-10-09T21:40:14.893+0300: 197.726: [GC (Allocation Failure) 2024-10-09T21:40:14.893+0300: 197.726: [ParNew: 460096K->48305K(460096K), 0.0315759 secs] 4279424K->3896949K(8337536K), 0.0316650 secs] [Times: user=0.03 sys=0.00, real=0.03 secs] 
2024-10-09T21:40:14.925+0300: 197.757: Total time for which application threads were stopped: 0.0319379 seconds, Stopping threads took: 0.0001373 seconds
2024-10-09T21:40:15.129+0300: 197.963: Application time: 0.2055951 seconds
2024-10-09T21:40:15.129+0300: 197.963: [GC (Allocation Failure) 2024-10-09T21:40:15.129+0300: 197.963: [ParNew: 457329K->51072K(460096K), 0.0267250 secs] 4004114K->3600929K(8337536K), 0.0268068 secs] [Times: user=0.05 sys=0.00, real=0.03 secs] 
2024-10-09T21:40:15.160+0300: 197.990: Total time for which application threads were stopped: 0.0270785 seconds, Stopping threads took: 0.0001434 seconds
2024-10-09T21:40:15.333+0300: 198.172: Application time: 0.1818191 seconds
2024-10-09T21:40:15.333+0300: 198.172: [GC (Allocation Failure) 2024-10-09T21:40:15.333+0300: 198.172: [ParNew: 460096K->51072K(460096K), 0.0344685 secs] 3744246K->3361586K(8337536K), 0.0345468 secs] [Times: user=0.05 sys=0.00, real=0.05 secs] 
2024-10-09T21:40:15.380+0300: 198.207: Total time for which application threads were stopped: 0.0347999 seconds, Stopping threads took: 0.0001366 seconds
2024-10-09T21:40:15.552+0300: 198.392: Application time: 0.1854412 seconds
2024-10-09T21:40:15.552+0300: 198.392: [GC (Allocation Failure) 2024-10-09T21:40:15.552+0300: 198.392: [ParNew: 460096K->51072K(460096K), 0.0316639 secs] 3532765K->3147387K(8337536K), 0.0317575 secs] [Times: user=0.03 sys=0.00, real=0.03 secs] 
2024-10-09T21:40:15.583+0300: 198.424: Total time for which application threads were stopped: 0.0320170 seconds, Stopping threads took: 0.0001434 seconds
2024-10-09T21:40:15.788+0300: 198.624: Application time: 0.1998379 seconds
2024-10-09T21:40:15.788+0300: 198.624: [GC (Allocation Failure) 2024-10-09T21:40:15.788+0300: 198.624: [ParNew: 460096K->51072K(460096K), 0.0341789 secs] 3331233K->2943706K(8337536K), 0.0342709 secs] [Times: user=0.11 sys=0.00, real=0.03 secs] 
2024-10-09T21:40:15.821+0300: 198.658: Total time for which application threads were stopped: 0.0345336 seconds, Stopping threads took: 0.0001273 seconds
2024-10-09T21:40:16.023+0300: 198.853: Application time: 0.1942362 seconds
2024-10-09T21:40:16.023+0300: 198.853: [GC (Allocation Failure) 2024-10-09T21:40:16.023+0300: 198.853: [ParNew: 460096K->51072K(460096K), 0.0282760 secs] 3129008K->2735587K(8337536K), 0.0283599 secs] [Times: user=0.03 sys=0.00, real=0.03 secs] 
2024-10-09T21:40:16.055+0300: 198.881: Total time for which application threads were stopped: 0.0286144 seconds, Stopping threads took: 0.0001354 seconds
2024-10-09T21:40:16.228+0300: 199.065: Application time: 0.1838515 seconds
2024-10-09T21:40:16.228+0300: 199.065: [GC (Allocation Failure) 2024-10-09T21:40:16.228+0300: 199.066: [ParNew: 460096K->51072K(460096K), 0.0291233 secs] 2918288K->2521744K(8337536K), 0.0293415 secs] [Times: user=0.03 sys=0.00, real=0.03 secs] 
2024-10-09T21:40:16.259+0300: 199.095: Total time for which application threads were stopped: 0.0296995 seconds, Stopping threads took: 0.0001732 seconds
2024-10-09T21:40:16.447+0300: 199.285: Application time: 0.1903962 seconds
2024-10-09T21:40:16.447+0300: 199.286: [GC (Allocation Failure) 2024-10-09T21:40:16.447+0300: 199.286: [ParNew: 460096K->51072K(460096K), 0.0372630 secs] 2697348K->2325060K(8337536K), 0.0373532 secs] [Times: user=0.05 sys=0.00, real=0.05 secs] 
2024-10-09T21:40:16.494+0300: 199.323: Total time for which application threads were stopped: 0.0377370 seconds, Stopping threads took: 0.0002593 seconds
2024-10-09T21:40:16.698+0300: 199.530: Application time: 0.2067671 seconds
2024-10-09T21:40:16.698+0300: 199.530: [GC (Allocation Failure) 2024-10-09T21:40:16.698+0300: 199.530: [ParNew: 460096K->51072K(460096K), 0.0309545 secs] 2490083K->2097563K(8337536K), 0.0310451 secs] [Times: user=0.08 sys=0.00, real=0.03 secs] 
2024-10-09T21:40:16.730+0300: 199.561: Total time for which application threads were stopped: 0.0313874 seconds, Stopping threads took: 0.0002206 seconds
2024-10-09T21:40:16.917+0300: 199.743: Application time: 0.1822942 seconds
2024-10-09T21:40:16.917+0300: 199.744: [GC (Allocation Failure) 2024-10-09T21:40:16.917+0300: 199.744: [ParNew: 460096K->51072K(460096K), 0.0337550 secs] 2303615K->1916295K(8337536K), 0.0338356 secs] [Times: user=0.03 sys=0.00, real=0.03 secs] 
2024-10-09T21:40:16.949+0300: 199.778: Total time for which application threads were stopped: 0.0341329 seconds, Stopping threads took: 0.0001635 seconds
2024-10-09T21:40:17.124+0300: 199.962: Application time: 0.1842793 seconds
2024-10-09T21:40:17.124+0300: 199.962: [GC (Allocation Failure) 2024-10-09T21:40:17.124+0300: 199.962: [ParNew: 460096K->46944K(460096K), 0.0308869 secs] 2095762K->1707466K(8337536K), 0.0309717 secs] [Times: user=0.03 sys=0.00, real=0.03 secs] 
2024-10-09T21:40:17.153+0300: 199.993: Total time for which application threads were stopped: 0.0312188 seconds, Stopping threads took: 0.0001345 seconds
2024-10-09T21:40:17.357+0300: 200.192: Application time: 0.1984023 seconds
2024-10-09T21:40:17.357+0300: 200.192: [GC (Allocation Failure) 2024-10-09T21:40:17.357+0300: 200.192: [ParNew: 455968K->51072K(460096K), 0.0292230 secs] 1899775K->1509566K(8337536K), 0.0293126 secs] [Times: user=0.03 sys=0.00, real=0.03 secs] 
2024-10-09T21:40:17.388+0300: 200.221: Total time for which application threads were stopped: 0.0295956 seconds, Stopping threads took: 0.0001474 seconds
2024-10-09T21:40:17.577+0300: 200.409: Application time: 0.1882670 seconds
2024-10-09T21:40:17.577+0300: 200.410: [GC (Allocation Failure) 2024-10-09T21:40:17.577+0300: 200.410: [ParNew: 460096K->51072K(460096K), 0.0304681 secs] 1693769K->1301105K(8337536K), 0.0305469 secs] [Times: user=0.03 sys=0.00, real=0.03 secs] 
2024-10-09T21:40:17.608+0300: 200.440: Total time for which application threads were stopped: 0.0307697 seconds, Stopping threads took: 0.0001148 seconds
2024-10-09T21:40:17.796+0300: 200.638: Application time: 0.1973741 seconds
2024-10-09T21:40:17.812+0300: 200.638: [GC (Allocation Failure) 2024-10-09T21:40:17.812+0300: 200.638: [ParNew: 460096K->46363K(460096K), 0.0290534 secs] 1474867K->1080643K(8337536K), 0.0291528 secs] [Times: user=0.11 sys=0.00, real=0.02 secs] 
2024-10-09T21:40:17.828+0300: 200.667: Total time for which application threads were stopped: 0.0294793 seconds, Stopping threads took: 0.0001540 seconds
2024-10-09T21:40:18.032+0300: 200.860: Application time: 0.1926719 seconds
2024-10-09T21:40:18.032+0300: 200.860: [GC (Allocation Failure) 2024-10-09T21:40:18.032+0300: 200.860: [ParNew: 455387K->51072K(460096K), 0.0273412 secs] 1248994K->857143K(8337536K), 0.0274260 secs] [Times: user=0.02 sys=0.00, real=0.02 secs] 
2024-10-09T21:40:18.048+0300: 200.887: Total time for which application threads were stopped: 0.0277107 seconds, Stopping threads took: 0.0001651 seconds
2024-10-09T21:40:18.236+0300: 201.071: [CMS-concurrent-sweep: 5.172/5.993 secs] [Times: user=30.84 sys=0.02, real=6.00 secs] 
2024-10-09T21:40:18.236+0300: 201.071: [CMS-concurrent-reset-start]
2024-10-09T21:40:18.236+0300: 201.072: Application time: 0.1844308 seconds
2024-10-09T21:40:18.236+0300: 201.072: [GC (Allocation Failure) 2024-10-09T21:40:18.236+0300: 201.072: [ParNew: 460096K->51072K(460096K), 0.0294684 secs] 1044597K->650486K(8337536K), 0.0295568 secs] [Times: user=0.02 sys=0.00, real=0.03 secs] 
2024-10-09T21:40:18.268+0300: 201.102: Total time for which application threads were stopped: 0.0299474 seconds, Stopping threads took: 0.0002551 seconds
2024-10-09T21:40:18.283+0300: 201.118: [CMS-concurrent-reset: 0.017/0.047 secs] [Times: user=0.03 sys=0.00, real=0.05 secs] 
2024-10-09T21:40:18.439+0300: 201.275: Application time: 0.1728998 seconds
2024-10-09T21:40:18.439+0300: 201.275: [GC (Allocation Failure) 2024-10-09T21:40:18.439+0300: 201.275: [ParNew: 460096K->50044K(460096K), 0.0279126 secs] 1059510K->667366K(8337536K), 0.0280011 secs] [Times: user=0.03 sys=0.00, real=0.03 secs] 
2024-10-09T21:40:18.470+0300: 201.303: Total time for which application threads were stopped: 0.0282645 seconds, Stopping threads took: 0.0001441 seconds
2024-10-09T21:40:18.643+0300: 201.483: Application time: 0.1800460 seconds
2024-10-09T21:40:18.643+0300: 201.483: [GC (Allocation Failure) 2024-10-09T21:40:18.643+0300: 201.483: [ParNew: 459068K->50781K(460096K), 0.0314156 secs] 1076390K->689146K(8337536K), 0.0315237 secs] [Times: user=0.19 sys=0.00, real=0.03 secs] 
2024-10-09T21:40:18.674+0300: 201.515: Total time for which application threads were stopped: 0.0318149 seconds, Stopping threads took: 0.0001509 seconds
2024-10-09T21:40:18.863+0300: 201.689: Application time: 0.1741679 seconds
2024-10-09T21:40:18.863+0300: 201.689: [GC (Allocation Failure) 2024-10-09T21:40:18.863+0300: 201.689: [ParNew: 459805K->51072K(460096K), 0.0281885 secs] 1098170K->699691K(8337536K), 0.0282641 secs] [Times: user=0.05 sys=0.00, real=0.02 secs] 
2024-10-09T21:40:18.878+0300: 201.718: Total time for which application threads were stopped: 0.0285575 seconds, Stopping threads took: 0.0001788 seconds
2024-10-09T21:40:19.051+0300: 201.883: Application time: 0.1651627 seconds
2024-10-09T21:40:19.051+0300: 201.883: [GC (Allocation Failure) 2024-10-09T21:40:19.051+0300: 201.883: [ParNew: 460096K->47924K(460096K), 0.0384214 secs] 1108715K->733031K(8337536K), 0.0385064 secs] [Times: user=0.03 sys=0.00, real=0.03 secs] 
2024-10-09T21:40:19.082+0300: 201.922: Total time for which application threads were stopped: 0.0387731 seconds, Stopping threads took: 0.0001528 seconds
2024-10-09T21:40:19.239+0300: 202.081: Application time: 0.1590912 seconds
2024-10-09T21:40:19.255+0300: 202.081: [GC (Allocation Failure) 2024-10-09T21:40:19.255+0300: 202.081: [ParNew: 456948K->51072K(460096K), 0.0297701 secs] 1142055K->757108K(8337536K), 0.0298645 secs] [Times: user=0.02 sys=0.00, real=0.02 secs] 
2024-10-09T21:40:19.271+0300: 202.111: Total time for which application threads were stopped: 0.0302011 seconds, Stopping threads took: 0.0001665 seconds
2024-10-09T21:40:19.444+0300: 202.273: Application time: 0.1626626 seconds
2024-10-09T21:40:19.444+0300: 202.274: [GC (Allocation Failure) 2024-10-09T21:40:19.444+0300: 202.274: [ParNew: 460096K->51072K(460096K), 0.0260980 secs] 1166132K->766365K(8337536K), 0.0261855 secs] [Times: user=0.02 sys=0.00, real=0.02 secs] 
2024-10-09T21:40:19.459+0300: 202.300: Total time for which application threads were stopped: 0.0264578 seconds, Stopping threads took: 0.0001500 seconds
2024-10-09T21:40:19.632+0300: 202.461: Application time: 0.1608552 seconds
2024-10-09T21:40:19.632+0300: 202.461: [GC (Allocation Failure) 2024-10-09T21:40:19.632+0300: 202.461: [ParNew: 460096K->51072K(460096K), 0.0356841 secs] 1175389K->793682K(8337536K), 0.0357710 secs] [Times: user=0.01 sys=0.00, real=0.03 secs] 
2024-10-09T21:40:19.663+0300: 202.497: Total time for which application threads were stopped: 0.0360168 seconds, Stopping threads took: 0.0001278 seconds
2024-10-09T21:40:19.836+0300: 202.663: Application time: 0.1658355 seconds
2024-10-09T21:40:19.836+0300: 202.663: [GC (Allocation Failure) 2024-10-09T21:40:19.836+0300: 202.663: [ParNew: 460096K->51072K(460096K), 0.0271459 secs] 1202706K->805550K(8337536K), 0.0272306 secs] [Times: user=0.01 sys=0.00, real=0.02 secs] 
2024-10-09T21:40:19.852+0300: 202.690: Total time for which application threads were stopped: 0.0274606 seconds, Stopping threads took: 0.0001180 seconds
2024-10-09T21:40:20.024+0300: 202.851: Application time: 0.1604992 seconds
2024-10-09T21:40:20.024+0300: 202.851: [GC (Allocation Failure) 2024-10-09T21:40:20.024+0300: 202.851: [ParNew: 460096K->51072K(460096K), 0.0320242 secs] 1214574K->827833K(8337536K), 0.0321081 secs] [Times: user=0.03 sys=0.00, real=0.03 secs] 
2024-10-09T21:40:20.056+0300: 202.883: Total time for which application threads were stopped: 0.0323575 seconds, Stopping threads took: 0.0001310 seconds
2024-10-09T21:40:20.212+0300: 203.044: Application time: 0.1613489 seconds
2024-10-09T21:40:20.212+0300: 203.045: [GC (Allocation Failure) 2024-10-09T21:40:20.212+0300: 203.045: [ParNew: 460096K->51072K(460096K), 0.0343377 secs] 1236857K->856353K(8337536K), 0.0344283 secs] [Times: user=0.03 sys=0.00, real=0.03 secs] 
2024-10-09T21:40:20.244+0300: 203.079: Total time for which application threads were stopped: 0.0346416 seconds, Stopping threads took: 0.0000923 seconds
2024-10-09T21:40:20.401+0300: 203.236: Application time: 0.1571358 seconds
2024-10-09T21:40:20.401+0300: 203.236: [GC (Allocation Failure) 2024-10-09T21:40:20.401+0300: 203.236: [ParNew: 460096K->51072K(460096K), 0.0279372 secs] 1265377K->868368K(8337536K), 0.0280263 secs] [Times: user=0.03 sys=0.00, real=0.03 secs] 
2024-10-09T21:40:20.433+0300: 203.264: Total time for which application threads were stopped: 0.0282781 seconds, Stopping threads took: 0.0001305 seconds
2024-10-09T21:40:20.590+0300: 203.422: Application time: 0.1578457 seconds
2024-10-09T21:40:20.590+0300: 203.423: [GC (Allocation Failure) 2024-10-09T21:40:20.590+0300: 203.423: [ParNew: 460096K->51072K(460096K), 0.0281906 secs] 1277392K->885317K(8337536K), 0.0282822 secs] [Times: user=0.08 sys=0.00, real=0.03 secs] 
2024-10-09T21:40:20.621+0300: 203.451: Total time for which application threads were stopped: 0.0286041 seconds, Stopping threads took: 0.0001715 seconds
2024-10-09T21:40:20.794+0300: 203.632: Application time: 0.1812033 seconds
2024-10-09T21:40:20.794+0300: 203.632: [GC (Allocation Failure) 2024-10-09T21:40:20.794+0300: 203.632: [ParNew: 460096K->51072K(460096K), 0.0280678 secs] 1294341K->900004K(8337536K), 0.0281573 secs] [Times: user=0.14 sys=0.00, real=0.04 secs] 
2024-10-09T21:40:20.833+0300: 203.661: Total time for which application threads were stopped: 0.0285157 seconds, Stopping threads took: 0.0002315 seconds
2024-10-09T21:40:20.983+0300: 203.822: Application time: 0.1612124 seconds
2024-10-09T21:40:20.983+0300: 203.822: [GC (Allocation Failure) 2024-10-09T21:40:20.983+0300: 203.822: [ParNew: 460096K->51072K(460096K), 0.0299797 secs] 1309028K->917708K(8337536K), 0.0300733 secs] [Times: user=0.14 sys=0.00, real=0.03 secs] 
2024-10-09T21:40:21.014+0300: 203.852: Total time for which application threads were stopped: 0.0303326 seconds, Stopping threads took: 0.0001281 seconds
2024-10-09T21:40:21.171+0300: 204.010: Application time: 0.1577648 seconds
2024-10-09T21:40:21.171+0300: 204.010: [GC (Allocation Failure) 2024-10-09T21:40:21.171+0300: 204.010: [ParNew: 460096K->51072K(460096K), 0.0283156 secs] 1326732K->934031K(8337536K), 0.0284036 secs] [Times: user=0.19 sys=0.00, real=0.03 secs] 
2024-10-09T21:40:21.202+0300: 204.039: Total time for which application threads were stopped: 0.0287189 seconds, Stopping threads took: 0.0001788 seconds
2024-10-09T21:40:21.374+0300: 204.207: Application time: 0.1678957 seconds
2024-10-09T21:40:21.374+0300: 204.207: [GC (Allocation Failure) 2024-10-09T21:40:21.374+0300: 204.207: [ParNew: 460096K->51072K(460096K), 0.0351623 secs] 1343055K->961136K(8337536K), 0.0352688 secs] [Times: user=0.19 sys=0.00, real=0.03 secs] 
2024-10-09T21:40:21.406+0300: 204.242: Total time for which application threads were stopped: 0.0354996 seconds, Stopping threads took: 0.0000918 seconds
2024-10-09T21:40:21.563+0300: 204.402: Application time: 0.1597245 seconds
2024-10-09T21:40:21.563+0300: 204.402: [GC (Allocation Failure) 2024-10-09T21:40:21.563+0300: 204.402: [ParNew: 460096K->51072K(460096K), 0.0287269 secs] 1370160K->973434K(8337536K), 0.0288106 secs] [Times: user=0.12 sys=0.00, real=0.03 secs] 
2024-10-09T21:40:21.594+0300: 204.431: Total time for which application threads were stopped: 0.0290871 seconds, Stopping threads took: 0.0001489 seconds
2024-10-09T21:40:21.767+0300: 204.595: Application time: 0.1637788 seconds
2024-10-09T21:40:21.767+0300: 204.595: [GC (Allocation Failure) 2024-10-09T21:40:21.767+0300: 204.595: [ParNew: 460096K->51072K(460096K), 0.0329682 secs] 1382458K->997957K(8337536K), 0.0330518 secs] [Times: user=0.19 sys=0.00, real=0.03 secs] 
2024-10-09T21:40:21.798+0300: 204.628: Total time for which application threads were stopped: 0.0335953 seconds, Stopping threads took: 0.0004174 seconds
2024-10-09T21:40:21.956+0300: 204.796: Application time: 0.1676599 seconds
2024-10-09T21:40:21.956+0300: 204.796: [GC (Allocation Failure) 2024-10-09T21:40:21.956+0300: 204.796: [ParNew: 460096K->51072K(460096K), 0.0316969 secs] 1406981K->1019407K(8337536K), 0.0317870 secs] [Times: user=0.19 sys=0.00, real=0.03 secs] 
2024-10-09T21:40:21.987+0300: 204.828: Total time for which application threads were stopped: 0.0320595 seconds, Stopping threads took: 0.0001454 seconds
2024-10-09T21:40:22.160+0300: 204.988: Application time: 0.1595999 seconds
2024-10-09T21:40:22.160+0300: 204.988: [GC (Allocation Failure) 2024-10-09T21:40:22.160+0300: 204.988: [ParNew: 460096K->51072K(460096K), 0.0334137 secs] 1428431K->1043620K(8337536K), 0.0335003 secs] [Times: user=0.12 sys=0.00, real=0.03 secs] 
2024-10-09T21:40:22.191+0300: 205.021: Total time for which application threads were stopped: 0.0337341 seconds, Stopping threads took: 0.0001150 seconds
2024-10-09T21:40:22.336+0300: 205.173: Application time: 0.1521395 seconds
2024-10-09T21:40:22.336+0300: 205.174: [GC (Allocation Failure) 2024-10-09T21:40:22.336+0300: 205.174: [ParNew: 460096K->51072K(460096K), 0.0318098 secs] 1452644K->1062458K(8337536K), 0.0318992 secs] [Times: user=0.09 sys=0.00, real=0.04 secs] 
2024-10-09T21:40:22.380+0300: 205.206: Total time for which application threads were stopped: 0.0322014 seconds, Stopping threads took: 0.0001755 seconds
2024-10-09T21:40:22.536+0300: 205.373: Application time: 0.1677686 seconds
2024-10-09T21:40:22.536+0300: 205.374: [GC (Allocation Failure) 2024-10-09T21:40:22.536+0300: 205.374: [ParNew: 460096K->50378K(460096K), 0.0316158 secs] 1471482K->1085998K(8337536K), 0.0317022 secs] [Times: user=0.09 sys=0.00, real=0.03 secs] 
2024-10-09T21:40:22.568+0300: 205.405: Total time for which application threads were stopped: 0.0320088 seconds, Stopping threads took: 0.0001814 seconds
2024-10-09T21:40:22.740+0300: 205.571: Application time: 0.1658175 seconds
2024-10-09T21:40:22.740+0300: 205.571: [GC (Allocation Failure) 2024-10-09T21:40:22.740+0300: 205.572: [ParNew: 459402K->51072K(460096K), 0.0301200 secs] 1495022K->1101020K(8337536K), 0.0302132 secs] [Times: user=0.09 sys=0.02, real=0.03 secs] 
2024-10-09T21:40:22.772+0300: 205.602: Total time for which application threads were stopped: 0.0305224 seconds, Stopping threads took: 0.0001711 seconds
2024-10-09T21:40:22.928+0300: 205.762: Application time: 0.1605159 seconds
2024-10-09T21:40:22.928+0300: 205.762: [GC (Allocation Failure) 2024-10-09T21:40:22.928+0300: 205.762: [ParNew: 460096K->51072K(460096K), 0.0344120 secs] 1510044K->1128900K(8337536K), 0.0344979 secs] [Times: user=0.12 sys=0.00, real=0.03 secs] 
2024-10-09T21:40:22.960+0300: 205.797: Total time for which application threads were stopped: 0.0347380 seconds, Stopping threads took: 0.0001207 seconds
2024-10-09T21:40:23.132+0300: 205.963: Application time: 0.1655458 seconds
2024-10-09T21:40:23.132+0300: 205.963: [GC (Allocation Failure) 2024-10-09T21:40:23.132+0300: 205.963: [ParNew: 460096K->51072K(460096K), 0.0318523 secs] 1537924K->1155206K(8337536K), 0.0319428 secs] [Times: user=0.17 sys=0.00, real=0.03 secs] 
2024-10-09T21:40:23.164+0300: 205.995: Total time for which application threads were stopped: 0.0321817 seconds, Stopping threads took: 0.0001080 seconds
2024-10-09T21:40:23.337+0300: 206.163: Application time: 0.1684347 seconds
2024-10-09T21:40:23.337+0300: 206.163: [GC (Allocation Failure) 2024-10-09T21:40:23.337+0300: 206.163: [ParNew: 460096K->51072K(460096K), 0.0276223 secs] 1564230K->1163046K(8337536K), 0.0277096 secs] [Times: user=0.14 sys=0.00, real=0.02 secs] 
2024-10-09T21:40:23.353+0300: 206.191: Total time for which application threads were stopped: 0.0279813 seconds, Stopping threads took: 0.0001529 seconds
2024-10-09T21:40:23.509+0300: 206.343: Application time: 0.1517100 seconds
2024-10-09T21:40:23.509+0300: 206.343: [GC (Allocation Failure) 2024-10-09T21:40:23.509+0300: 206.343: [ParNew: 460096K->46334K(460096K), 0.0322558 secs] 1572070K->1182777K(8337536K), 0.0323496 secs] [Times: user=0.19 sys=0.00, real=0.03 secs] 
2024-10-09T21:40:23.541+0300: 206.375: Total time for which application threads were stopped: 0.0325876 seconds, Stopping threads took: 0.0001181 seconds
2024-10-09T21:40:23.714+0300: 206.550: Application time: 0.1746032 seconds
2024-10-09T21:40:23.714+0300: 206.550: [GC (Allocation Failure) 2024-10-09T21:40:23.714+0300: 206.550: [ParNew: 455358K->50426K(460096K), 0.0309641 secs] 1591801K->1211529K(8337536K), 0.0310474 secs] [Times: user=0.12 sys=0.00, real=0.03 secs] 
2024-10-09T21:40:23.745+0300: 206.581: Total time for which application threads were stopped: 0.0312785 seconds, Stopping threads took: 0.0001052 seconds
2024-10-09T21:40:23.918+0300: 206.749: Application time: 0.1679621 seconds
2024-10-09T21:40:23.918+0300: 206.749: [GC (Allocation Failure) 2024-10-09T21:40:23.918+0300: 206.750: [ParNew: 459450K->51072K(460096K), 0.0267328 secs] 1620553K->1217739K(8337536K), 0.0268162 secs] [Times: user=0.17 sys=0.00, real=0.03 secs] 
2024-10-09T21:40:23.949+0300: 206.776: Total time for which application threads were stopped: 0.0270429 seconds, Stopping threads took: 0.0001090 seconds
2024-10-09T21:40:24.091+0300: 206.930: Application time: 0.1534025 seconds
2024-10-09T21:40:24.091+0300: 206.930: [GC (Allocation Failure) 2024-10-09T21:40:24.091+0300: 206.930: [ParNew: 460096K->51072K(460096K), 0.0286145 secs] 1626763K->1235150K(8337536K), 0.0287050 secs] [Times: user=0.19 sys=0.00, real=0.03 secs] 
2024-10-09T21:40:24.122+0300: 206.959: Total time for which application threads were stopped: 0.0289637 seconds, Stopping threads took: 0.0001357 seconds
2024-10-09T21:40:24.294+0300: 207.121: Application time: 0.1620459 seconds
2024-10-09T21:40:24.294+0300: 207.121: [GC (Allocation Failure) 2024-10-09T21:40:24.294+0300: 207.121: [ParNew: 460096K->51072K(460096K), 0.0274854 secs] 1644174K->1254687K(8337536K), 0.0275760 secs] [Times: user=0.11 sys=0.00, real=0.02 secs] 
2024-10-09T21:40:24.310+0300: 207.149: Total time for which application threads were stopped: 0.0278000 seconds, Stopping threads took: 0.0000970 seconds
2024-10-09T21:40:24.484+0300: 207.321: Application time: 0.1724021 seconds
2024-10-09T21:40:24.484+0300: 207.321: [GC (Allocation Failure) 2024-10-09T21:40:24.484+0300: 207.321: [ParNew: 460096K->51072K(460096K), 0.0262921 secs] 1663711K->1259924K(8337536K), 0.0263853 secs] [Times: user=0.11 sys=0.00, real=0.03 secs] 
2024-10-09T21:40:24.515+0300: 207.348: Total time for which application threads were stopped: 0.0266332 seconds, Stopping threads took: 0.0001293 seconds
2024-10-09T21:40:24.672+0300: 207.500: Application time: 0.1527149 seconds
2024-10-09T21:40:24.672+0300: 207.501: [GC (Allocation Failure) 2024-10-09T21:40:24.672+0300: 207.501: [ParNew: 460096K->51072K(460096K), 0.0289662 secs] 1668948K->1276182K(8337536K), 0.0290545 secs] [Times: user=0.17 sys=0.00, real=0.03 secs] 
2024-10-09T21:40:24.703+0300: 207.530: Total time for which application threads were stopped: 0.0293067 seconds, Stopping threads took: 0.0001135 seconds
2024-10-09T21:40:24.876+0300: 207.703: Application time: 0.1732970 seconds
2024-10-09T21:40:24.876+0300: 207.703: [GC (Allocation Failure) 2024-10-09T21:40:24.876+0300: 207.703: [ParNew: 460096K->48991K(460096K), 0.0306557 secs] 1685206K->1297820K(8337536K), 0.0307386 secs] [Times: user=0.19 sys=0.00, real=0.03 secs] 
2024-10-09T21:40:24.907+0300: 207.734: Total time for which application threads were stopped: 0.0309897 seconds, Stopping threads took: 0.0001229 seconds
2024-10-09T21:40:25.080+0300: 207.910: Application time: 0.1762429 seconds
2024-10-09T21:40:25.080+0300: 207.910: [GC (Allocation Failure) 2024-10-09T21:40:25.080+0300: 207.910: [ParNew: 458015K->51072K(460096K), 0.0292900 secs] 1706844K->1310676K(8337536K), 0.0293771 secs] [Times: user=0.12 sys=0.00, real=0.03 secs] 
2024-10-09T21:40:25.111+0300: 207.940: Total time for which application threads were stopped: 0.0296401 seconds, Stopping threads took: 0.0001291 seconds
2024-10-09T21:40:25.268+0300: 208.096: Application time: 0.1558088 seconds
2024-10-09T21:40:25.268+0300: 208.096: [GC (Allocation Failure) 2024-10-09T21:40:25.268+0300: 208.096: [ParNew: 460096K->51072K(460096K), 0.0320972 secs] 1719700K->1329667K(8337536K), 0.0321924 secs] [Times: user=0.03 sys=0.00, real=0.03 secs] 
2024-10-09T21:40:25.300+0300: 208.128: Total time for which application threads were stopped: 0.0325018 seconds, Stopping threads took: 0.0001691 seconds
2024-10-09T21:40:25.457+0300: 208.287: Application time: 0.1589240 seconds
2024-10-09T21:40:25.457+0300: 208.287: [GC (Allocation Failure) 2024-10-09T21:40:25.457+0300: 208.287: [ParNew: 460096K->39374K(460096K), 0.0313359 secs] 1738691K->1347072K(8337536K), 0.0314216 secs] [Times: user=0.03 sys=0.00, real=0.03 secs] 
2024-10-09T21:40:25.488+0300: 208.319: Total time for which application threads were stopped: 0.0317011 seconds, Stopping threads took: 0.0001570 seconds
2024-10-09T21:40:25.661+0300: 208.495: Application time: 0.1758035 seconds
2024-10-09T21:40:25.661+0300: 208.495: [GC (Allocation Failure) 2024-10-09T21:40:25.661+0300: 208.495: [ParNew: 448398K->51072K(460096K), 0.0250832 secs] 1756096K->1361345K(8337536K), 0.0251840 secs] [Times: user=0.11 sys=0.00, real=0.03 secs] 
2024-10-09T21:40:25.693+0300: 208.520: Total time for which application threads were stopped: 0.0255032 seconds, Stopping threads took: 0.0001604 seconds
2024-10-09T21:40:25.850+0300: 208.686: Application time: 0.1658378 seconds
2024-10-09T21:40:25.850+0300: 208.686: [GC (Allocation Failure) 2024-10-09T21:40:25.850+0300: 208.686: [ParNew: 460096K->51072K(460096K), 0.0284583 secs] 1770369K->1373453K(8337536K), 0.0285588 secs] [Times: user=0.06 sys=0.00, real=0.03 secs] 
2024-10-09T21:40:25.881+0300: 208.715: Total time for which application threads were stopped: 0.0288784 seconds, Stopping threads took: 0.0001672 seconds
2024-10-09T21:40:26.038+0300: 208.865: Application time: 0.1503774 seconds
2024-10-09T21:40:26.038+0300: 208.865: [GC (Allocation Failure) 2024-10-09T21:40:26.038+0300: 208.865: [ParNew: 460096K->42482K(460096K), 0.0319623 secs] 1782477K->1396111K(8337536K), 0.0320535 secs] [Times: user=0.03 sys=0.00, real=0.03 secs] 
2024-10-09T21:40:26.069+0300: 208.898: Total time for which application threads were stopped: 0.0323390 seconds, Stopping threads took: 0.0001688 seconds
2024-10-09T21:40:26.245+0300: 209.072: Application time: 0.1748464 seconds
2024-10-09T21:40:26.245+0300: 209.073: [GC (Allocation Failure) 2024-10-09T21:40:26.245+0300: 209.073: [ParNew: 451506K->51072K(460096K), 0.0247754 secs] 1805135K->1407409K(8337536K), 0.0248541 secs] [Times: user=0.00 sys=0.00, real=0.01 secs] 
2024-10-09T21:40:26.258+0300: 209.097: Total time for which application threads were stopped: 0.0251096 seconds, Stopping threads took: 0.0001433 seconds
2024-10-09T21:40:26.430+0300: 209.259: Application time: 0.1613413 seconds
2024-10-09T21:40:26.430+0300: 209.259: [GC (Allocation Failure) 2024-10-09T21:40:26.430+0300: 209.259: [ParNew: 460096K->51072K(460096K), 0.0339555 secs] 1816433K->1428266K(8337536K), 0.0340427 secs] [Times: user=0.03 sys=0.00, real=0.03 secs] 
2024-10-09T21:40:26.462+0300: 209.293: Total time for which application threads were stopped: 0.0342861 seconds, Stopping threads took: 0.0001243 seconds
2024-10-09T21:40:26.603+0300: 209.442: Application time: 0.1490344 seconds
2024-10-09T21:40:26.603+0300: 209.442: [GC (Allocation Failure) 2024-10-09T21:40:26.603+0300: 209.442: [ParNew: 460096K->43725K(460096K), 0.0324221 secs] 1837290K->1446880K(8337536K), 0.0325169 secs] [Times: user=0.03 sys=0.00, real=0.04 secs] 
2024-10-09T21:40:26.646+0300: 209.475: Total time for which application threads were stopped: 0.0327959 seconds, Stopping threads took: 0.0001533 seconds
2024-10-09T21:40:26.823+0300: 209.655: Application time: 0.1799071 seconds
2024-10-09T21:40:26.823+0300: 209.655: [GC (Allocation Failure) 2024-10-09T21:40:26.823+0300: 209.655: [ParNew: 452749K->50481K(460096K), 0.0275183 secs] 1855904K->1465786K(8337536K), 0.0275988 secs] [Times: user=0.03 sys=0.00, real=0.03 secs] 
2024-10-09T21:40:26.855+0300: 209.683: Total time for which application threads were stopped: 0.0278415 seconds, Stopping threads took: 0.0001276 seconds
2024-10-09T21:40:27.012+0300: 209.842: Application time: 0.1597254 seconds
2024-10-09T21:40:27.012+0300: 209.843: [GC (Allocation Failure) 2024-10-09T21:40:27.012+0300: 209.843: [ParNew: 459505K->51072K(460096K), 0.0338396 secs] 1874810K->1489590K(8337536K), 0.0339284 secs] [Times: user=0.05 sys=0.00, real=0.03 secs] 
2024-10-09T21:40:27.046+0300: 209.877: Total time for which application threads were stopped: 0.0342071 seconds, Stopping threads took: 0.0001553 seconds
2024-10-09T21:40:27.200+0300: 210.031: Application time: 0.1546134 seconds
2024-10-09T21:40:27.200+0300: 210.031: [GC (Allocation Failure) 2024-10-09T21:40:27.200+0300: 210.032: [ParNew: 460096K->51072K(460096K), 0.0264177 secs] 1898614K->1502742K(8337536K), 0.0265024 secs] [Times: user=0.03 sys=0.00, real=0.03 secs] 
2024-10-09T21:40:27.231+0300: 210.058: Total time for which application threads were stopped: 0.0267951 seconds, Stopping threads took: 0.0001719 seconds
2024-10-09T21:40:27.388+0300: 210.225: Application time: 0.1668205 seconds
2024-10-09T21:40:27.388+0300: 210.225: [GC (Allocation Failure) 2024-10-09T21:40:27.388+0300: 210.225: [ParNew: 460096K->51072K(460096K), 0.0283624 secs] 1911766K->1516808K(8337536K), 0.0284463 secs] [Times: user=0.03 sys=0.00, real=0.03 secs] 
2024-10-09T21:40:27.419+0300: 210.254: Total time for which application threads were stopped: 0.0287063 seconds, Stopping threads took: 0.0001462 seconds
2024-10-09T21:40:27.576+0300: 210.412: Application time: 0.1587645 seconds
2024-10-09T21:40:27.576+0300: 210.413: [GC (Allocation Failure) 2024-10-09T21:40:27.576+0300: 210.413: [ParNew: 460096K->51072K(460096K), 0.0309703 secs] 1925832K->1537834K(8337536K), 0.0310595 secs] [Times: user=0.03 sys=0.00, real=0.03 secs] 
2024-10-09T21:40:27.608+0300: 210.444: Total time for which application threads were stopped: 0.0313176 seconds, Stopping threads took: 0.0001394 seconds
2024-10-09T21:40:27.781+0300: 210.611: Application time: 0.1671732 seconds
2024-10-09T21:40:27.781+0300: 210.611: [GC (Allocation Failure) 2024-10-09T21:40:27.781+0300: 210.611: [ParNew: 460096K->51072K(460096K), 0.0291288 secs] 1946858K->1554781K(8337536K), 0.0292177 secs] [Times: user=0.05 sys=0.00, real=0.03 secs] 
2024-10-09T21:40:27.812+0300: 210.640: Total time for which application threads were stopped: 0.0295344 seconds, Stopping threads took: 0.0001797 seconds
2024-10-09T21:40:27.969+0300: 210.806: Application time: 0.1657538 seconds
2024-10-09T21:40:27.969+0300: 210.806: [GC (Allocation Failure) 2024-10-09T21:40:27.969+0300: 210.806: [ParNew: 460096K->51072K(460096K), 0.0347381 secs] 1963805K->1579938K(8337536K), 0.0348315 secs] [Times: user=0.03 sys=0.00, real=0.03 secs] 
2024-10-09T21:40:28.000+0300: 210.841: Total time for which application threads were stopped: 0.0350533 seconds, Stopping threads took: 0.0001030 seconds
2024-10-09T21:40:28.173+0300: 211.000: Application time: 0.1590173 seconds
2024-10-09T21:40:28.173+0300: 211.000: [GC (Allocation Failure) 2024-10-09T21:40:28.173+0300: 211.000: [ParNew: 460096K->51072K(460096K), 0.0328995 secs] 1988962K->1607180K(8337536K), 0.0329852 secs] [Times: user=0.02 sys=0.00, real=0.03 secs] 
2024-10-09T21:40:28.204+0300: 211.033: Total time for which application threads were stopped: 0.0332448 seconds, Stopping threads took: 0.0001380 seconds
2024-10-09T21:40:28.362+0300: 211.197: Application time: 0.1633535 seconds
2024-10-09T21:40:28.362+0300: 211.197: [GC (Allocation Failure) 2024-10-09T21:40:28.362+0300: 211.197: [ParNew: 460096K->51072K(460096K), 0.0287583 secs] 2016204K->1624732K(8337536K), 0.0288538 secs] [Times: user=0.05 sys=0.00, real=0.03 secs] 
2024-10-09T21:40:28.393+0300: 211.226: Total time for which application threads were stopped: 0.0291132 seconds, Stopping threads took: 0.0001365 seconds
2024-10-09T21:40:28.565+0300: 211.392: Application time: 0.1661198 seconds
2024-10-09T21:40:28.565+0300: 211.392: [GC (Allocation Failure) 2024-10-09T21:40:28.565+0300: 211.394: [ParNew: 460096K->51072K(460096K), 0.0290033 secs] 2033756K->1638104K(8337536K), 0.0306164 secs] [Times: user=0.03 sys=0.00, real=0.03 secs] 
2024-10-09T21:40:28.597+0300: 211.423: Total time for which application threads were stopped: 0.0308411 seconds, Stopping threads took: 0.0001090 seconds
2024-10-09T21:40:28.754+0300: 211.582: Application time: 0.1594757 seconds
2024-10-09T21:40:28.754+0300: 211.583: [GC (Allocation Failure) 2024-10-09T21:40:28.754+0300: 211.583: [ParNew: 460096K->47944K(460096K), 0.0284528 secs] 2047128K->1651325K(8337536K), 0.0285449 secs] [Times: user=0.05 sys=0.00, real=0.03 secs] 
2024-10-09T21:40:28.785+0300: 211.611: Total time for which application threads were stopped: 0.0287936 seconds, Stopping threads took: 0.0001206 seconds
2024-10-09T21:40:28.942+0300: 211.775: Application time: 0.1637870 seconds
2024-10-09T21:40:28.942+0300: 211.775: [GC (Allocation Failure) 2024-10-09T21:40:28.942+0300: 211.775: [ParNew: 456968K->51072K(460096K), 0.0274040 secs] 2060349K->1670274K(8337536K), 0.0274871 secs] [Times: user=0.03 sys=0.00, real=0.03 secs] 
2024-10-09T21:40:28.974+0300: 211.803: Total time for which application threads were stopped: 0.0277220 seconds, Stopping threads took: 0.0001156 seconds
2024-10-09T21:40:29.146+0300: 211.976: Application time: 0.1733001 seconds
2024-10-09T21:40:29.146+0300: 211.976: [GC (Allocation Failure) 2024-10-09T21:40:29.146+0300: 211.976: [ParNew: 460096K->51072K(460096K), 0.0284060 secs] 2079298K->1682783K(8337536K), 0.0284869 secs] [Times: user=0.03 sys=0.00, real=0.03 secs] 
2024-10-09T21:40:29.178+0300: 212.005: Total time for which application threads were stopped: 0.0287027 seconds, Stopping threads took: 0.0001064 seconds
2024-10-09T21:40:29.320+0300: 212.156: Application time: 0.1515593 seconds
2024-10-09T21:40:29.320+0300: 212.157: [GC (Allocation Failure) 2024-10-09T21:40:29.320+0300: 212.157: [ParNew: 460096K->51072K(460096K), 0.0296177 secs] 2091807K->1697506K(8337536K), 0.0297150 secs] [Times: user=0.03 sys=0.00, real=0.03 secs] 
2024-10-09T21:40:29.351+0300: 212.186: Total time for which application threads were stopped: 0.0301037 seconds, Stopping threads took: 0.0002572 seconds
2024-10-09T21:40:29.524+0300: 212.351: Application time: 0.1643986 seconds
2024-10-09T21:40:29.524+0300: 212.351: [GC (Allocation Failure) 2024-10-09T21:40:29.524+0300: 212.351: [ParNew: 460096K->51072K(460096K), 0.0284162 secs] 2106530K->1718513K(8337536K), 0.0285169 secs] [Times: user=0.05 sys=0.00, real=0.03 secs] 
2024-10-09T21:40:29.552+0300: 212.380: Total time for which application threads were stopped: 0.0287724 seconds, Stopping threads took: 0.0001308 seconds
2024-10-09T21:40:29.728+0300: 212.555: Application time: 0.1756648 seconds
2024-10-09T21:40:29.728+0300: 212.555: [GC (Allocation Failure) 2024-10-09T21:40:29.728+0300: 212.555: [ParNew: 460096K->50810K(460096K), 0.0293092 secs] 2127537K->1729007K(8337536K), 0.0294037 secs] [Times: user=0.02 sys=0.00, real=0.02 secs] 
2024-10-09T21:40:29.752+0300: 212.585: Total time for which application threads were stopped: 0.0296795 seconds, Stopping threads took: 0.0001522 seconds
2024-10-09T21:40:29.901+0300: 212.739: Application time: 0.1541130 seconds
2024-10-09T21:40:29.901+0300: 212.739: [GC (Allocation Failure) 2024-10-09T21:40:29.901+0300: 212.739: [ParNew: 459834K->51072K(460096K), 0.0298407 secs] 2138031K->1748083K(8337536K), 0.0299399 secs] [Times: user=0.03 sys=0.00, real=0.03 secs] 
2024-10-09T21:40:29.932+0300: 212.769: Total time for which application threads were stopped: 0.0302409 seconds, Stopping threads took: 0.0001769 seconds
2024-10-09T21:40:30.105+0300: 212.932: Application time: 0.1623496 seconds
2024-10-09T21:40:30.105+0300: 212.932: [GC (Allocation Failure) 2024-10-09T21:40:30.105+0300: 212.932: [ParNew: 460096K->43265K(460096K), 0.0319119 secs] 2157107K->1769372K(8337536K), 0.0319962 secs] [Times: user=0.03 sys=0.00, real=0.03 secs] 
2024-10-09T21:40:30.136+0300: 212.964: Total time for which application threads were stopped: 0.0322109 seconds, Stopping threads took: 0.0001020 seconds
2024-10-09T21:40:30.309+0300: 213.136: Application time: 0.1718274 seconds
2024-10-09T21:40:30.309+0300: 213.136: [GC (Allocation Failure) 2024-10-09T21:40:30.309+0300: 213.136: [ParNew: 452289K->51072K(460096K), 0.0261598 secs] 2178396K->1781306K(8337536K), 0.0262426 secs] [Times: user=0.01 sys=0.00, real=0.01 secs] 
2024-10-09T21:40:30.324+0300: 213.162: Total time for which application threads were stopped: 0.0265017 seconds, Stopping threads took: 0.0001419 seconds
2024-10-09T21:40:30.482+0300: 213.315: Application time: 0.1529722 seconds
2024-10-09T21:40:30.482+0300: 213.315: [GC (Allocation Failure) 2024-10-09T21:40:30.482+0300: 213.315: [ParNew: 460096K->51072K(460096K), 0.0366822 secs] 2190330K->1811254K(8337536K), 0.0367655 secs] [Times: user=0.03 sys=0.00, real=0.03 secs] 
2024-10-09T21:40:30.513+0300: 213.352: Total time for which application threads were stopped: 0.0370644 seconds, Stopping threads took: 0.0001837 seconds
2024-10-09T21:40:30.685+0300: 213.519: Application time: 0.1671252 seconds
2024-10-09T21:40:30.685+0300: 213.520: [GC (Allocation Failure) 2024-10-09T21:40:30.685+0300: 213.520: [ParNew: 460096K->45488K(460096K), 0.0317565 secs] 2220278K->1835460K(8337536K), 0.0318652 secs] [Times: user=0.08 sys=0.02, real=0.03 secs] 
2024-10-09T21:40:30.717+0300: 213.551: Total time for which application threads were stopped: 0.0321346 seconds, Stopping threads took: 0.0001164 seconds
2024-10-09T21:40:30.889+0300: 213.728: Application time: 0.1770293 seconds
2024-10-09T21:40:30.889+0300: 213.729: [GC (Allocation Failure) 2024-10-09T21:40:30.889+0300: 213.729: [ParNew: 454512K->51072K(460096K), 0.0272191 secs] 2244484K->1845439K(8337536K), 0.0273058 secs] [Times: user=0.03 sys=0.00, real=0.03 secs] 
2024-10-09T21:40:30.921+0300: 213.756: Total time for which application threads were stopped: 0.0275655 seconds, Stopping threads took: 0.0001420 seconds
2024-10-09T21:40:31.078+0300: 213.905: Application time: 0.1489484 seconds
2024-10-09T21:40:31.078+0300: 213.905: [GC (Allocation Failure) 2024-10-09T21:40:31.078+0300: 213.905: [ParNew: 460096K->51072K(460096K), 0.0341409 secs] 2254463K->1869032K(8337536K), 0.0342344 secs] [Times: user=0.03 sys=0.00, real=0.03 secs] 
2024-10-09T21:40:31.109+0300: 213.939: Total time for which application threads were stopped: 0.0344999 seconds, Stopping threads took: 0.0001485 seconds
2024-10-09T21:40:31.266+0300: 214.100: Application time: 0.1603017 seconds
2024-10-09T21:40:31.266+0300: 214.100: [GC (Allocation Failure) 2024-10-09T21:40:31.266+0300: 214.100: [ParNew: 460096K->46960K(460096K), 0.0291658 secs] 2278056K->1891076K(8337536K), 0.0292538 secs] [Times: user=0.05 sys=0.00, real=0.03 secs] 
2024-10-09T21:40:31.297+0300: 214.129: Total time for which application threads were stopped: 0.0294750 seconds, Stopping threads took: 0.0001049 seconds
2024-10-09T21:40:31.470+0300: 214.308: Application time: 0.1790262 seconds
2024-10-09T21:40:31.470+0300: 214.309: [GC (Allocation Failure) 2024-10-09T21:40:31.470+0300: 214.309: [ParNew: 455984K->51072K(460096K), 0.0257218 secs] 2300100K->1897997K(8337536K), 0.0257997 secs] [Times: user=0.03 sys=0.00, real=0.03 secs] 
2024-10-09T21:40:31.501+0300: 214.334: Total time for which application threads were stopped: 0.0260463 seconds, Stopping threads took: 0.0001339 seconds
2024-10-09T21:40:31.659+0300: 214.485: Application time: 0.1507739 seconds
2024-10-09T21:40:31.659+0300: 214.485: [GC (Allocation Failure) 2024-10-09T21:40:31.659+0300: 214.486: [ParNew: 460096K->51072K(460096K), 0.0335665 secs] 2307021K->1917984K(8337536K), 0.0336613 secs] [Times: user=0.17 sys=0.00, real=0.03 secs] 
2024-10-09T21:40:31.690+0300: 214.519: Total time for which application threads were stopped: 0.0340641 seconds, Stopping threads took: 0.0002538 seconds
2024-10-09T21:40:31.847+0300: 214.681: Application time: 0.1614716 seconds
2024-10-09T21:40:31.847+0300: 214.681: [GC (Allocation Failure) 2024-10-09T21:40:31.847+0300: 214.681: [ParNew: 460096K->50312K(460096K), 0.0296814 secs] 2327008K->1945615K(8337536K), 0.0297665 secs] [Times: user=0.03 sys=0.00, real=0.03 secs] 
2024-10-09T21:40:31.879+0300: 214.711: Total time for which application threads were stopped: 0.0300161 seconds, Stopping threads took: 0.0001370 seconds
2024-10-09T21:40:32.058+0300: 214.888: Application time: 0.1776830 seconds
2024-10-09T21:40:32.058+0300: 214.889: [GC (Allocation Failure) 2024-10-09T21:40:32.058+0300: 214.889: [ParNew: 459336K->51072K(460096K), 0.0259898 secs] 2354639K->1950351K(8337536K), 0.0260662 secs] [Times: user=0.01 sys=0.00, real=0.02 secs] 
2024-10-09T21:40:32.083+0300: 214.915: Total time for which application threads were stopped: 0.0263127 seconds, Stopping threads took: 0.0001299 seconds
2024-10-09T21:40:32.239+0300: 215.069: Application time: 0.1542532 seconds
2024-10-09T21:40:32.239+0300: 215.069: [GC (Allocation Failure) 2024-10-09T21:40:32.239+0300: 215.069: [ParNew: 460096K->51072K(460096K), 0.0358402 secs] 2359375K->1972983K(8337536K), 0.0359276 secs] [Times: user=0.03 sys=0.00, real=0.03 secs] 
2024-10-09T21:40:32.271+0300: 215.105: Total time for which application threads were stopped: 0.0362198 seconds, Stopping threads took: 0.0001754 seconds
2024-10-09T21:40:32.428+0300: 215.259: Application time: 0.1538883 seconds
2024-10-09T21:40:32.428+0300: 215.259: [GC (Allocation Failure) 2024-10-09T21:40:32.428+0300: 215.259: [ParNew: 460096K->43911K(460096K), 0.0305945 secs] 2382007K->1995081K(8337536K), 0.0306842 secs] [Times: user=0.03 sys=0.00, real=0.03 secs] 
2024-10-09T21:40:32.459+0300: 215.290: Total time for which application threads were stopped: 0.0309505 seconds, Stopping threads took: 0.0001416 seconds
2024-10-09T21:40:32.632+0300: 215.462: Application time: 0.1721002 seconds
2024-10-09T21:40:32.632+0300: 215.462: [GC (Allocation Failure) 2024-10-09T21:40:32.632+0300: 215.462: [ParNew: 452935K->51072K(460096K), 0.0256370 secs] 2404105K->2005681K(8337536K), 0.0257322 secs] [Times: user=0.03 sys=0.00, real=0.03 secs] 
2024-10-09T21:40:32.659+0300: 215.488: Total time for which application threads were stopped: 0.0261087 seconds, Stopping threads took: 0.0001474 seconds
2024-10-09T21:40:32.821+0300: 215.652: Application time: 0.1637532 seconds
2024-10-09T21:40:32.821+0300: 215.652: [GC (Allocation Failure) 2024-10-09T21:40:32.821+0300: 215.652: [ParNew: 460096K->51072K(460096K), 0.0352147 secs] 2414705K->2027247K(8337536K), 0.0353060 secs] [Times: user=0.06 sys=0.00, real=0.04 secs] 
2024-10-09T21:40:32.859+0300: 215.688: Total time for which application threads were stopped: 0.0356693 seconds, Stopping threads took: 0.0002359 seconds
2024-10-09T21:40:33.009+0300: 215.845: Application time: 0.1577025 seconds
2024-10-09T21:40:33.009+0300: 215.846: [GC (Allocation Failure) 2024-10-09T21:40:33.009+0300: 215.846: [ParNew: 460096K->51072K(460096K), 0.0295756 secs] 2436271K->2047471K(8337536K), 0.0296624 secs] [Times: user=0.03 sys=0.00, real=0.03 secs] 
2024-10-09T21:40:33.040+0300: 215.875: Total time for which application threads were stopped: 0.0299108 seconds, Stopping threads took: 0.0001367 seconds
2024-10-09T21:40:33.213+0300: 216.043: Application time: 0.1679239 seconds
2024-10-09T21:40:33.213+0300: 216.043: [GC (Allocation Failure) 2024-10-09T21:40:33.213+0300: 216.043: [ParNew: 460096K->51072K(460096K), 0.0258717 secs] 2456495K->2053700K(8337536K), 0.0259577 secs] [Times: user=0.02 sys=0.00, real=0.02 secs] 
2024-10-09T21:40:33.229+0300: 216.069: Total time for which application threads were stopped: 0.0262241 seconds, Stopping threads took: 0.0001487 seconds
2024-10-09T21:40:33.401+0300: 216.230: Application time: 0.1606067 seconds
2024-10-09T21:40:33.401+0300: 216.230: [GC (Allocation Failure) 2024-10-09T21:40:33.401+0300: 216.230: [ParNew: 460096K->51072K(460096K), 0.0335705 secs] 2462724K->2079509K(8337536K), 0.0336571 secs] [Times: user=0.03 sys=0.00, real=0.03 secs] 
2024-10-09T21:40:33.433+0300: 216.264: Total time for which application threads were stopped: 0.0338890 seconds, Stopping threads took: 0.0001195 seconds
2024-10-09T21:40:33.590+0300: 216.422: Application time: 0.1577798 seconds
2024-10-09T21:40:33.590+0300: 216.422: [GC (Allocation Failure) 2024-10-09T21:40:33.590+0300: 216.422: [ParNew: 460096K->51072K(460096K), 0.0307792 secs] 2488533K->2102182K(8337536K), 0.0308703 secs] [Times: user=0.03 sys=0.00, real=0.03 secs] 
2024-10-09T21:40:33.621+0300: 216.453: Total time for which application threads were stopped: 0.0311083 seconds, Stopping threads took: 0.0001232 seconds
2024-10-09T21:40:33.794+0300: 216.627: Application time: 0.1746352 seconds
2024-10-09T21:40:33.794+0300: 216.628: [GC (Allocation Failure) 2024-10-09T21:40:33.794+0300: 216.628: [ParNew: 460096K->51072K(460096K), 0.0279646 secs] 2511206K->2115485K(8337536K), 0.0280545 secs] [Times: user=0.05 sys=0.00, real=0.03 secs] 
2024-10-09T21:40:33.825+0300: 216.656: Total time for which application threads were stopped: 0.0283649 seconds, Stopping threads took: 0.0001790 seconds
2024-10-09T21:40:33.982+0300: 216.810: Application time: 0.1543668 seconds
2024-10-09T21:40:33.982+0300: 216.810: [GC (Allocation Failure) 2024-10-09T21:40:33.982+0300: 216.810: [ParNew: 460096K->51072K(460096K), 0.0353201 secs] 2524509K->2143766K(8337536K), 0.0354071 secs] [Times: user=0.03 sys=0.00, real=0.03 secs] 
2024-10-09T21:40:34.013+0300: 216.846: Total time for which application threads were stopped: 0.0356759 seconds, Stopping threads took: 0.0001462 seconds
2024-10-09T21:40:34.170+0300: 217.011: Application time: 0.1648054 seconds
2024-10-09T21:40:34.170+0300: 217.011: [GC (Allocation Failure) 2024-10-09T21:40:34.170+0300: 217.011: [ParNew: 460096K->51072K(460096K), 0.0276019 secs] 2552790K->2159286K(8337536K), 0.0276934 secs] [Times: user=0.03 sys=0.00, real=0.03 secs] 
2024-10-09T21:40:34.202+0300: 217.039: Total time for which application threads were stopped: 0.0279604 seconds, Stopping threads took: 0.0001455 seconds
2024-10-09T21:40:34.374+0300: 217.205: Application time: 0.1661170 seconds
2024-10-09T21:40:34.374+0300: 217.205: [GC (Allocation Failure) 2024-10-09T21:40:34.374+0300: 217.205: [ParNew: 460096K->51072K(460096K), 0.0285763 secs] 2568310K->2174291K(8337536K), 0.0286635 secs] [Times: user=0.03 sys=0.00, real=0.03 secs] 
2024-10-09T21:40:34.406+0300: 217.234: Total time for which application threads were stopped: 0.0288973 seconds, Stopping threads took: 0.0001219 seconds
2024-10-09T21:40:34.555+0300: 217.387: Application time: 0.1533044 seconds
2024-10-09T21:40:34.555+0300: 217.387: [GC (Allocation Failure) 2024-10-09T21:40:34.555+0300: 217.387: [ParNew: 460096K->51072K(460096K), 0.0320429 secs] 2583315K->2199810K(8337536K), 0.0321284 secs] [Times: user=0.03 sys=0.00, real=0.02 secs] 
2024-10-09T21:40:34.579+0300: 217.419: Total time for which application threads were stopped: 0.0323802 seconds, Stopping threads took: 0.0001370 seconds
2024-10-09T21:40:34.763+0300: 217.591: Application time: 0.1715998 seconds
2024-10-09T21:40:34.763+0300: 217.591: [GC (Allocation Failure) 2024-10-09T21:40:34.763+0300: 217.591: [ParNew: 460096K->51024K(460096K), 0.0278580 secs] 2608834K->2214192K(8337536K), 0.0279508 secs] [Times: user=0.05 sys=0.00, real=0.02 secs] 
2024-10-09T21:40:34.783+0300: 217.619: Total time for which application threads were stopped: 0.0282369 seconds, Stopping threads took: 0.0001482 seconds
2024-10-09T21:40:34.955+0300: 217.784: Application time: 0.1651696 seconds
2024-10-09T21:40:34.955+0300: 217.785: [GC (Allocation Failure) 2024-10-09T21:40:34.955+0300: 217.785: [ParNew: 460048K->51072K(460096K), 0.0275576 secs] 2623216K->2227496K(8337536K), 0.0276422 secs] [Times: user=0.01 sys=0.00, real=0.02 secs] 
2024-10-09T21:40:34.971+0300: 217.812: Total time for which application threads were stopped: 0.0278865 seconds, Stopping threads took: 0.0001202 seconds
2024-10-09T21:40:35.128+0300: 217.966: Application time: 0.1541187 seconds
2024-10-09T21:40:35.128+0300: 217.967: [GC (Allocation Failure) 2024-10-09T21:40:35.128+0300: 217.967: [ParNew: 460096K->51072K(460096K), 0.0342257 secs] 2636520K->2254089K(8337536K), 0.0343319 secs] [Times: user=0.05 sys=0.00, real=0.05 secs] 
2024-10-09T21:40:35.175+0300: 218.001: Total time for which application threads were stopped: 0.0346838 seconds, Stopping threads took: 0.0002005 seconds
2024-10-09T21:40:35.332+0300: 218.167: Application time: 0.1659957 seconds
2024-10-09T21:40:35.332+0300: 218.167: [GC (Allocation Failure) 2024-10-09T21:40:35.332+0300: 218.167: [ParNew: 460096K->50211K(460096K), 0.0291671 secs] 2663113K->2273277K(8337536K), 0.0292592 secs] [Times: user=0.03 sys=0.00, real=0.03 secs] 
2024-10-09T21:40:35.365+0300: 218.197: Total time for which application threads were stopped: 0.0295273 seconds, Stopping threads took: 0.0001488 seconds
2024-10-09T21:40:35.536+0300: 218.364: Application time: 0.1669628 seconds
2024-10-09T21:40:35.536+0300: 218.364: [GC (Allocation Failure) 2024-10-09T21:40:35.536+0300: 218.364: [ParNew: 459235K->51072K(460096K), 0.0318202 secs] 2682301K->2293390K(8337536K), 0.0318996 secs] [Times: user=0.03 sys=0.00, real=0.03 secs] 
2024-10-09T21:40:35.567+0300: 218.396: Total time for which application threads were stopped: 0.0321197 seconds, Stopping threads took: 0.0001053 seconds
2024-10-09T21:40:35.724+0300: 218.556: Application time: 0.1604868 seconds
2024-10-09T21:40:35.724+0300: 218.556: [GC (Allocation Failure) 2024-10-09T21:40:35.724+0300: 218.556: [ParNew: 460096K->51072K(460096K), 0.0308559 secs] 2702414K->2310916K(8337536K), 0.0309452 secs] [Times: user=0.05 sys=0.00, real=0.03 secs] 
2024-10-09T21:40:35.755+0300: 218.587: Total time for which application threads were stopped: 0.0312407 seconds, Stopping threads took: 0.0001581 seconds
2024-10-09T21:40:35.913+0300: 218.752: Application time: 0.1643078 seconds
2024-10-09T21:40:35.913+0300: 218.752: [GC (Allocation Failure) 2024-10-09T21:40:35.913+0300: 218.752: [ParNew: 460096K->51072K(460096K), 0.0318038 secs] 2719940K->2339364K(8337536K), 0.0318891 secs] [Times: user=0.03 sys=0.00, real=0.03 secs] 
2024-10-09T21:40:35.944+0300: 218.784: Total time for which application threads were stopped: 0.0321255 seconds, Stopping threads took: 0.0001228 seconds
2024-10-09T21:40:36.117+0300: 218.950: Application time: 0.1658561 seconds
2024-10-09T21:40:36.117+0300: 218.950: [GC (Allocation Failure) 2024-10-09T21:40:36.117+0300: 218.950: [ParNew: 460096K->51072K(460096K), 0.0277313 secs] 2748388K->2348502K(8337536K), 0.0278289 secs] [Times: user=0.06 sys=0.00, real=0.03 secs] 
2024-10-09T21:40:36.148+0300: 218.978: Total time for which application threads were stopped: 0.0280965 seconds, Stopping threads took: 0.0001478 seconds
2024-10-09T21:40:36.305+0300: 219.137: Application time: 0.1588671 seconds
2024-10-09T21:40:36.305+0300: 219.137: [GC (Allocation Failure) 2024-10-09T21:40:36.305+0300: 219.137: [ParNew: 460096K->51072K(460096K), 0.0318874 secs] 2757526K->2368820K(8337536K), 0.0319777 secs] [Times: user=0.03 sys=0.00, real=0.03 secs] 
2024-10-09T21:40:36.336+0300: 219.169: Total time for which application threads were stopped: 0.0322650 seconds, Stopping threads took: 0.0001545 seconds
2024-10-09T21:40:36.493+0300: 219.328: Application time: 0.1587931 seconds
2024-10-09T21:40:36.493+0300: 219.328: [GC (Allocation Failure) 2024-10-09T21:40:36.493+0300: 219.328: [ParNew: 460096K->51072K(460096K), 0.0322738 secs] 2777844K->2397414K(8337536K), 0.0323574 secs] [Times: user=0.03 sys=0.00, real=0.03 secs] 
2024-10-09T21:40:36.525+0300: 219.360: Total time for which application threads were stopped: 0.0325998 seconds, Stopping threads took: 0.0001265 seconds
2024-10-09T21:40:36.698+0300: 219.533: Application time: 0.1728396 seconds
2024-10-09T21:40:36.698+0300: 219.533: [GC (Allocation Failure) 2024-10-09T21:40:36.698+0300: 219.533: [ParNew: 460096K->51072K(460096K), 0.0288494 secs] 2806438K->2410268K(8337536K), 0.0289419 secs] [Times: user=0.05 sys=0.00, real=0.03 secs] 
2024-10-09T21:40:36.729+0300: 219.562: Total time for which application threads were stopped: 0.0292727 seconds, Stopping threads took: 0.0001965 seconds
2024-10-09T21:40:36.886+0300: 219.724: Application time: 0.1613860 seconds
2024-10-09T21:40:36.886+0300: 219.724: [GC (Allocation Failure) 2024-10-09T21:40:36.886+0300: 219.724: [ParNew: 460096K->51072K(460096K), 0.0292877 secs] 2819292K->2427116K(8337536K), 0.0293789 secs] [Times: user=0.03 sys=0.00, real=0.03 secs] 
2024-10-09T21:40:36.917+0300: 219.753: Total time for which application threads were stopped: 0.0296206 seconds, Stopping threads took: 0.0001282 seconds
2024-10-09T21:40:37.074+0300: 219.912: Application time: 0.1582945 seconds
2024-10-09T21:40:37.074+0300: 219.912: [GC (Allocation Failure) 2024-10-09T21:40:37.074+0300: 219.912: [ParNew: 460096K->51072K(460096K), 0.0297150 secs] 2836140K->2449467K(8337536K), 0.0298048 secs] [Times: user=0.03 sys=0.00, real=0.03 secs] 
2024-10-09T21:40:37.106+0300: 219.942: Total time for which application threads were stopped: 0.0300500 seconds, Stopping threads took: 0.0001254 seconds
2024-10-09T21:40:37.278+0300: 220.107: Application time: 0.1650794 seconds
2024-10-09T21:40:37.278+0300: 220.107: [GC (Allocation Failure) 2024-10-09T21:40:37.278+0300: 220.107: [ParNew: 460096K->51072K(460096K), 0.0312890 secs] 2858491K->2469825K(8337536K), 0.0313754 secs] [Times: user=0.03 sys=0.00, real=0.03 secs] 
2024-10-09T21:40:37.309+0300: 220.139: Total time for which application threads were stopped: 0.0316603 seconds, Stopping threads took: 0.0001724 seconds
2024-10-09T21:40:37.469+0300: 220.298: Application time: 0.1597813 seconds
2024-10-09T21:40:37.469+0300: 220.299: [GC (Allocation Failure) 2024-10-09T21:40:37.469+0300: 220.299: [ParNew: 460096K->51072K(460096K), 0.0278999 secs] 2878849K->2481808K(8337536K), 0.0279896 secs] [Times: user=0.03 sys=0.00, real=0.03 secs] 
2024-10-09T21:40:37.498+0300: 220.327: Total time for which application threads were stopped: 0.0282489 seconds, Stopping threads took: 0.0001315 seconds
2024-10-09T21:40:37.655+0300: 220.484: Application time: 0.1571896 seconds
2024-10-09T21:40:37.655+0300: 220.484: [GC (Allocation Failure) 2024-10-09T21:40:37.655+0300: 220.484: [ParNew: 460096K->51072K(460096K), 0.0320594 secs] 2890832K->2509210K(8337536K), 0.0321641 secs] [Times: user=0.16 sys=0.00, real=0.03 secs] 
2024-10-09T21:40:37.686+0300: 220.516: Total time for which application threads were stopped: 0.0324266 seconds, Stopping threads took: 0.0001274 seconds
2024-10-09T21:40:37.859+0300: 220.687: Application time: 0.1707615 seconds
2024-10-09T21:40:37.859+0300: 220.687: [GC (Allocation Failure) 2024-10-09T21:40:37.859+0300: 220.687: [ParNew: 460096K->51072K(460096K), 0.0254320 secs] 2918234K->2517468K(8337536K), 0.0255158 secs] [Times: user=0.02 sys=0.00, real=0.02 secs] 
2024-10-09T21:40:37.875+0300: 220.713: Total time for which application threads were stopped: 0.0257817 seconds, Stopping threads took: 0.0001408 seconds
2024-10-09T21:40:38.047+0300: 220.879: Application time: 0.1663659 seconds
2024-10-09T21:40:38.047+0300: 220.879: [GC (Allocation Failure) 2024-10-09T21:40:38.047+0300: 220.879: [ParNew: 460096K->51072K(460096K), 0.0270957 secs] 2926492K->2528758K(8337536K), 0.0271777 secs] [Times: user=0.03 sys=0.00, real=0.03 secs] 
2024-10-09T21:40:38.079+0300: 220.907: Total time for which application threads were stopped: 0.0274080 seconds, Stopping threads took: 0.0001162 seconds
2024-10-09T21:40:38.220+0300: 221.061: Application time: 0.1547728 seconds
2024-10-09T21:40:38.220+0300: 221.062: [GC (Allocation Failure) 2024-10-09T21:40:38.220+0300: 221.062: [ParNew: 460096K->51072K(460096K), 0.0315440 secs] 2937782K->2550090K(8337536K), 0.0316374 secs] [Times: user=0.05 sys=0.00, real=0.05 secs] 
2024-10-09T21:40:38.267+0300: 221.093: Total time for which application threads were stopped: 0.0319085 seconds, Stopping threads took: 0.0001500 seconds
2024-10-09T21:40:38.424+0300: 221.256: Application time: 0.1628689 seconds
2024-10-09T21:40:38.424+0300: 221.256: [GC (Allocation Failure) 2024-10-09T21:40:38.424+0300: 221.256: [ParNew: 460096K->51072K(460096K), 0.0322161 secs] 2959114K->2574897K(8337536K), 0.0323039 secs] [Times: user=0.03 sys=0.00, real=0.03 secs] 
2024-10-09T21:40:38.455+0300: 221.289: Total time for which application threads were stopped: 0.0325406 seconds, Stopping threads took: 0.0001197 seconds
2024-10-09T21:40:38.613+0300: 221.454: Application time: 0.1651709 seconds
2024-10-09T21:40:38.628+0300: 221.454: [GC (Allocation Failure) 2024-10-09T21:40:38.628+0300: 221.454: [ParNew: 460096K->51072K(460096K), 0.0295799 secs] 2983921K->2591923K(8337536K), 0.0296815 secs] [Times: user=0.02 sys=0.00, real=0.02 secs] 
2024-10-09T21:40:38.644+0300: 221.484: Total time for which application threads were stopped: 0.0300331 seconds, Stopping threads took: 0.0002248 seconds
2024-10-09T21:40:38.817+0300: 221.646: Application time: 0.1620749 seconds
2024-10-09T21:40:38.817+0300: 221.646: [GC (Allocation Failure) 2024-10-09T21:40:38.817+0300: 221.646: [ParNew: 460096K->51072K(460096K), 0.0350399 secs] 3000947K->2618674K(8337536K), 0.0351343 secs] [Times: user=0.08 sys=0.00, real=0.04 secs] 
2024-10-09T21:40:38.855+0300: 221.681: Total time for which application threads were stopped: 0.0354010 seconds, Stopping threads took: 0.0001341 seconds
2024-10-09T21:40:39.005+0300: 221.841: Application time: 0.1599271 seconds
2024-10-09T21:40:39.005+0300: 221.841: [GC (Allocation Failure) 2024-10-09T21:40:39.005+0300: 221.841: [ParNew: 460096K->51072K(460096K), 0.0324057 secs] 3027698K->2645185K(8337536K), 0.0324912 secs] [Times: user=0.03 sys=0.00, real=0.03 secs] 
2024-10-09T21:40:39.036+0300: 221.874: Total time for which application threads were stopped: 0.0327316 seconds, Stopping threads took: 0.0001244 seconds
2024-10-09T21:40:39.209+0300: 222.039: Application time: 0.1652098 seconds
2024-10-09T21:40:39.209+0300: 222.039: [GC (Allocation Failure) 2024-10-09T21:40:39.209+0300: 222.039: [ParNew: 460096K->44682K(460096K), 0.0286575 secs] 3054209K->2653919K(8337536K), 0.0287357 secs] [Times: user=0.03 sys=0.00, real=0.03 secs] 
2024-10-09T21:40:39.240+0300: 222.068: Total time for which application threads were stopped: 0.0289817 seconds, Stopping threads took: 0.0001335 seconds
2024-10-09T21:40:39.398+0300: 222.230: Application time: 0.1616905 seconds
2024-10-09T21:40:39.398+0300: 222.230: [GC (Allocation Failure) 2024-10-09T21:40:39.398+0300: 222.230: [ParNew: 453706K->51072K(460096K), 0.0281664 secs] 3062943K->2671668K(8337536K), 0.0282582 secs] [Times: user=0.03 sys=0.00, real=0.03 secs] 
2024-10-09T21:40:39.429+0300: 222.258: Total time for which application threads were stopped: 0.0285167 seconds, Stopping threads took: 0.0001477 seconds
2024-10-09T21:40:39.586+0300: 222.414: Application time: 0.1560485 seconds
2024-10-09T21:40:39.586+0300: 222.415: [GC (Allocation Failure) 2024-10-09T21:40:39.586+0300: 222.415: [ParNew: 460096K->51072K(460096K), 0.0289131 secs] 3080692K->2692531K(8337536K), 0.0289953 secs] [Times: user=0.03 sys=0.00, real=0.03 secs] 
2024-10-09T21:40:39.617+0300: 222.444: Total time for which application threads were stopped: 0.0292346 seconds, Stopping threads took: 0.0001240 seconds
2024-10-09T21:40:39.790+0300: 222.616: Application time: 0.1726555 seconds
2024-10-09T21:40:39.790+0300: 222.617: [GC (Allocation Failure) 2024-10-09T21:40:39.790+0300: 222.617: [ParNew: 460096K->51072K(460096K), 0.0299894 secs] 3101555K->2708285K(8337536K), 0.0300678 secs] [Times: user=0.03 sys=0.00, real=0.02 secs] 
2024-10-09T21:40:39.821+0300: 222.647: Total time for which application threads were stopped: 0.0303509 seconds, Stopping threads took: 0.0001071 seconds
2024-10-09T21:40:39.978+0300: 222.807: Application time: 0.1607864 seconds
2024-10-09T21:40:39.978+0300: 222.808: [GC (Allocation Failure) 2024-10-09T21:40:39.978+0300: 222.808: [ParNew: 460096K->51072K(460096K), 0.0313881 secs] 3117309K->2726602K(8337536K), 0.0314775 secs] [Times: user=0.03 sys=0.00, real=0.03 secs] 
2024-10-09T21:40:40.009+0300: 222.839: Total time for which application threads were stopped: 0.0317656 seconds, Stopping threads took: 0.0001675 seconds
2024-10-09T21:40:40.166+0300: 222.995: Application time: 0.1560191 seconds
2024-10-09T21:40:40.166+0300: 222.995: [GC (Allocation Failure) 2024-10-09T21:40:40.166+0300: 222.995: [ParNew: 460096K->51072K(460096K), 0.0299243 secs] 3135626K->2746077K(8337536K), 0.0300062 secs] [Times: user=0.03 sys=0.00, real=0.03 secs] 
2024-10-09T21:40:40.198+0300: 223.025: Total time for which application threads were stopped: 0.0302355 seconds, Stopping threads took: 0.0001159 seconds
2024-10-09T21:40:40.354+0300: 223.193: Application time: 0.1679503 seconds
2024-10-09T21:40:40.354+0300: 223.194: [GC (Allocation Failure) 2024-10-09T21:40:40.354+0300: 223.194: [ParNew: 460096K->51072K(460096K), 0.0280719 secs] 3155101K->2758451K(8337536K), 0.0281583 secs] [Times: user=0.03 sys=0.00, real=0.03 secs] 
2024-10-09T21:40:40.386+0300: 223.222: Total time for which application threads were stopped: 0.0284258 seconds, Stopping threads took: 0.0001514 seconds
2024-10-09T21:40:40.543+0300: 223.382: Application time: 0.1596671 seconds
2024-10-09T21:40:40.543+0300: 223.382: [GC (Allocation Failure) 2024-10-09T21:40:40.543+0300: 223.382: [ParNew: 460096K->51072K(460096K), 0.0322670 secs] 3167475K->2781925K(8337536K), 0.0323501 secs] [Times: user=0.03 sys=0.00, real=0.03 secs] 
2024-10-09T21:40:40.576+0300: 223.414: Total time for which application threads were stopped: 0.0326361 seconds, Stopping threads took: 0.0001690 seconds
2024-10-09T21:40:40.731+0300: 223.572: Application time: 0.1583484 seconds
2024-10-09T21:40:40.747+0300: 223.573: [GC (Allocation Failure) 2024-10-09T21:40:40.747+0300: 223.573: [ParNew: 460096K->51072K(460096K), 0.0291936 secs] 3190949K->2800449K(8337536K), 0.0292870 secs] [Times: user=0.05 sys=0.00, real=0.02 secs] 
2024-10-09T21:40:40.776+0300: 223.602: Total time for which application threads were stopped: 0.0296684 seconds, Stopping threads took: 0.0001817 seconds
2024-10-09T21:40:40.935+0300: 223.770: Application time: 0.1679295 seconds
2024-10-09T21:40:40.935+0300: 223.770: [GC (Allocation Failure) 2024-10-09T21:40:40.935+0300: 223.770: [ParNew: 460096K->51072K(460096K), 0.0321577 secs] 3209473K->2822525K(8337536K), 0.0322467 secs] [Times: user=0.03 sys=0.00, real=0.03 secs] 
2024-10-09T21:40:40.977+0300: 223.803: Total time for which application threads were stopped: 0.0325017 seconds, Stopping threads took: 0.0001340 seconds
2024-10-09T21:40:41.124+0300: 223.964: Application time: 0.1609038 seconds
2024-10-09T21:40:41.124+0300: 223.964: [GC (Allocation Failure) 2024-10-09T21:40:41.124+0300: 223.964: [ParNew: 460096K->51072K(460096K), 0.0318694 secs] 3231549K->2843283K(8337536K), 0.0319552 secs] [Times: user=0.03 sys=0.00, real=0.03 secs] 
2024-10-09T21:40:41.155+0300: 223.996: Total time for which application threads were stopped: 0.0322157 seconds, Stopping threads took: 0.0001500 seconds
2024-10-09T21:40:41.328+0300: 224.154: Application time: 0.1580879 seconds
2024-10-09T21:40:41.328+0300: 224.154: [GC (Allocation Failure) 2024-10-09T21:40:41.328+0300: 224.154: [ParNew: 460096K->51072K(460096K), 0.0327373 secs] 3252307K->2867003K(8337536K), 0.0328202 secs] [Times: user=0.03 sys=0.00, real=0.03 secs] 
2024-10-09T21:40:41.359+0300: 224.187: Total time for which application threads were stopped: 0.0330852 seconds, Stopping threads took: 0.0001429 seconds
2024-10-09T21:40:41.516+0300: 224.352: Application time: 0.1652996 seconds
2024-10-09T21:40:41.516+0300: 224.353: [GC (Allocation Failure) 2024-10-09T21:40:41.516+0300: 224.353: [ParNew: 460096K->51072K(460096K), 0.0302489 secs] 3276027K->2888230K(8337536K), 0.0303335 secs] [Times: user=0.03 sys=0.00, real=0.03 secs] 
2024-10-09T21:40:41.548+0300: 224.383: Total time for which application threads were stopped: 0.0306859 seconds, Stopping threads took: 0.0002354 seconds
2024-10-09T21:40:41.720+0300: 224.550: Application time: 0.1672172 seconds
2024-10-09T21:40:41.720+0300: 224.550: [GC (Allocation Failure) 2024-10-09T21:40:41.720+0300: 224.550: [ParNew: 460096K->51072K(460096K), 0.0293522 secs] 3297254K->2902500K(8337536K), 0.0294566 secs] [Times: user=0.02 sys=0.00, real=0.03 secs] 
2024-10-09T21:40:41.751+0300: 224.580: Total time for which application threads were stopped: 0.0297394 seconds, Stopping threads took: 0.0001528 seconds
2024-10-09T21:40:41.909+0300: 224.735: Application time: 0.1549804 seconds
2024-10-09T21:40:41.909+0300: 224.735: [GC (Allocation Failure) 2024-10-09T21:40:41.909+0300: 224.735: [ParNew: 460096K->50561K(460096K), 0.0295275 secs] 3311524K->2920550K(8337536K), 0.0296183 secs] [Times: user=0.02 sys=0.00, real=0.02 secs] 
2024-10-09T21:40:41.924+0300: 224.765: Total time for which application threads were stopped: 0.0298644 seconds, Stopping threads took: 0.0001329 seconds
2024-10-09T21:40:42.097+0300: 224.929: Application time: 0.1643987 seconds
2024-10-09T21:40:42.097+0300: 224.929: [GC (Allocation Failure) 2024-10-09T21:40:42.097+0300: 224.929: [ParNew: 459585K->51072K(460096K), 0.0293208 secs] 3329574K->2939403K(8337536K), 0.0294120 secs] [Times: user=0.06 sys=0.00, real=0.03 secs] 
2024-10-09T21:40:42.128+0300: 224.959: Total time for which application threads were stopped: 0.0296603 seconds, Stopping threads took: 0.0001318 seconds
2024-10-09T21:40:42.285+0300: 225.122: Application time: 0.1635358 seconds
2024-10-09T21:40:42.285+0300: 225.123: [GC (Allocation Failure) 2024-10-09T21:40:42.285+0300: 225.123: [ParNew: 460096K->51072K(460096K), 0.0319754 secs] 3348427K->2956296K(8337536K), 0.0320642 secs] [Times: user=0.01 sys=0.00, real=0.03 secs] 
2024-10-09T21:40:42.317+0300: 225.155: Total time for which application threads were stopped: 0.0323389 seconds, Stopping threads took: 0.0001562 seconds
2024-10-09T21:40:42.480+0300: 225.312: Application time: 0.1575331 seconds
2024-10-09T21:40:42.480+0300: 225.312: [GC (Allocation Failure) 2024-10-09T21:40:42.480+0300: 225.313: [ParNew: 460096K->51072K(460096K), 0.0307073 secs] 3365320K->2977322K(8337536K), 0.0308038 secs] [Times: user=0.02 sys=0.00, real=0.03 secs] 
2024-10-09T21:40:42.505+0300: 225.343: Total time for which application threads were stopped: 0.0311180 seconds, Stopping threads took: 0.0001799 seconds
2024-10-09T21:40:42.680+0300: 225.510: Application time: 0.1662351 seconds
2024-10-09T21:40:42.680+0300: 225.510: [GC (Allocation Failure) 2024-10-09T21:40:42.680+0300: 225.510: [ParNew: 460096K->51072K(460096K), 0.0329517 secs] 3386346K->2996923K(8337536K), 0.0330465 secs] [Times: user=0.11 sys=0.00, real=0.03 secs] 
2024-10-09T21:40:42.709+0300: 225.543: Total time for which application threads were stopped: 0.0333905 seconds, Stopping threads took: 0.0002115 seconds
2024-10-09T21:40:42.882+0300: 225.710: Application time: 0.1666835 seconds
2024-10-09T21:40:42.882+0300: 225.710: [GC (Allocation Failure) 2024-10-09T21:40:42.882+0300: 225.710: [ParNew: 460096K->51072K(460096K), 0.0288894 secs] 3405947K->3010253K(8337536K), 0.0289746 secs] [Times: user=0.02 sys=0.00, real=0.02 secs] 
2024-10-09T21:40:42.898+0300: 225.739: Total time for which application threads were stopped: 0.0292079 seconds, Stopping threads took: 0.0001201 seconds
2024-10-09T21:40:43.054+0300: 225.895: Application time: 0.1565268 seconds
2024-10-09T21:40:43.070+0300: 225.896: [GC (Allocation Failure) 2024-10-09T21:40:43.070+0300: 225.896: [ParNew: 460096K->51072K(460096K), 0.0321011 secs] 3419277K->3034893K(8337536K), 0.0322341 secs] [Times: user=0.03 sys=0.00, real=0.03 secs] 
2024-10-09T21:40:43.102+0300: 225.928: Total time for which application threads were stopped: 0.0326020 seconds, Stopping threads took: 0.0001778 seconds
2024-10-09T21:40:43.258+0300: 226.093: Application time: 0.1645877 seconds
2024-10-09T21:40:43.258+0300: 226.093: [GC (Allocation Failure) 2024-10-09T21:40:43.258+0300: 226.093: [ParNew: 460096K->51072K(460096K), 0.0289421 secs] 3443917K->3054831K(8337536K), 0.0290348 secs] [Times: user=0.03 sys=0.00, real=0.03 secs] 
2024-10-09T21:40:43.290+0300: 226.122: Total time for which application threads were stopped: 0.0292884 seconds, Stopping threads took: 0.0001372 seconds
2024-10-09T21:40:43.447+0300: 226.284: Application time: 0.1625051 seconds
2024-10-09T21:40:43.447+0300: 226.285: [GC (Allocation Failure) 2024-10-09T21:40:43.447+0300: 226.285: [ParNew: 460096K->51072K(460096K), 0.0279099 secs] 3463855K->3066435K(8337536K), 0.0279953 secs] [Times: user=0.03 sys=0.00, real=0.04 secs] 
2024-10-09T21:40:43.482+0300: 226.313: Total time for which application threads were stopped: 0.0282491 seconds, Stopping threads took: 0.0001388 seconds
2024-10-09T21:40:43.635+0300: 226.467: Application time: 0.1547790 seconds
2024-10-09T21:40:43.635+0300: 226.468: [GC (Allocation Failure) 2024-10-09T21:40:43.635+0300: 226.468: [ParNew: 460096K->51072K(460096K), 0.0319531 secs] 3475459K->3089890K(8337536K), 0.0320456 secs] [Times: user=0.16 sys=0.00, real=0.03 secs] 
2024-10-09T21:40:43.666+0300: 226.500: Total time for which application threads were stopped: 0.0323369 seconds, Stopping threads took: 0.0001526 seconds
2024-10-09T21:40:43.839+0300: 226.672: Application time: 0.1724754 seconds
2024-10-09T21:40:43.839+0300: 226.672: [GC (Allocation Failure) 2024-10-09T21:40:43.839+0300: 226.672: [ParNew: 460096K->51072K(460096K), 0.0307330 secs] 3498914K->3113426K(8337536K), 0.0308239 secs] [Times: user=0.03 sys=0.00, real=0.03 secs] 
2024-10-09T21:40:43.870+0300: 226.703: Total time for which application threads were stopped: 0.0310800 seconds, Stopping threads took: 0.0001374 seconds
2024-10-09T21:40:44.027+0300: 226.868: Application time: 0.1642680 seconds
2024-10-09T21:40:44.027+0300: 226.868: [GC (Allocation Failure) 2024-10-09T21:40:44.027+0300: 226.868: [ParNew: 460096K->51072K(460096K), 0.0305328 secs] 3522450K->3128700K(8337536K), 0.0306186 secs] [Times: user=0.03 sys=0.00, real=0.03 secs] 
2024-10-09T21:40:44.059+0300: 226.898: Total time for which application threads were stopped: 0.0308952 seconds, Stopping threads took: 0.0001591 seconds
2024-10-09T21:40:44.216+0300: 227.052: Application time: 0.1538706 seconds
2024-10-09T21:40:44.216+0300: 227.053: [GC (Allocation Failure) 2024-10-09T21:40:44.216+0300: 227.053: [ParNew: 460096K->51072K(460096K), 0.0341237 secs] 3537724K->3153893K(8337536K), 0.0342265 secs] [Times: user=0.03 sys=0.00, real=0.03 secs] 
2024-10-09T21:40:44.247+0300: 227.087: Total time for which application threads were stopped: 0.0345499 seconds, Stopping threads took: 0.0001763 seconds
2024-10-09T21:40:44.420+0300: 227.251: Application time: 0.1642680 seconds
2024-10-09T21:40:44.420+0300: 227.251: [GC (Allocation Failure) 2024-10-09T21:40:44.420+0300: 227.251: [ParNew: 460096K->51072K(460096K), 0.0292559 secs] 3562917K->3173383K(8337536K), 0.0293586 secs] [Times: user=0.08 sys=0.00, real=0.03 secs] 
2024-10-09T21:40:44.451+0300: 227.281: Total time for which application threads were stopped: 0.0296285 seconds, Stopping threads took: 0.0001387 seconds
2024-10-09T21:40:44.609+0300: 227.442: Application time: 0.1613100 seconds
2024-10-09T21:40:44.609+0300: 227.442: [GC (Allocation Failure) 2024-10-09T21:40:44.609+0300: 227.442: [ParNew: 460096K->51072K(460096K), 0.0263966 secs] 3582407K->3183484K(8337536K), 0.0264877 secs] [Times: user=0.03 sys=0.00, real=0.03 secs] 
2024-10-09T21:40:44.640+0300: 227.469: Total time for which application threads were stopped: 0.0267627 seconds, Stopping threads took: 0.0001574 seconds
2024-10-09T21:40:44.797+0300: 227.633: Application time: 0.1636312 seconds
2024-10-09T21:40:44.797+0300: 227.633: [GC (Allocation Failure) 2024-10-09T21:40:44.797+0300: 227.633: [ParNew: 460096K->51072K(460096K), 0.0348864 secs] 3592508K->3212210K(8337536K), 0.0349762 secs] [Times: user=0.03 sys=0.00, real=0.03 secs] 
2024-10-09T21:40:44.828+0300: 227.668: Total time for which application threads were stopped: 0.0352650 seconds, Stopping threads took: 0.0001579 seconds
2024-10-09T21:40:45.001+0300: 227.830: Application time: 0.1623568 seconds
2024-10-09T21:40:45.001+0300: 227.830: [GC (Allocation Failure) 2024-10-09T21:40:45.001+0300: 227.830: [ParNew: 460096K->51072K(460096K), 0.0306385 secs] 3621234K->3233507K(8337536K), 0.0307214 secs] [Times: user=0.03 sys=0.00, real=0.03 secs] 
2024-10-09T21:40:45.032+0300: 227.861: Total time for which application threads were stopped: 0.0309552 seconds, Stopping threads took: 0.0001240 seconds
2024-10-09T21:40:45.189+0300: 228.022: Application time: 0.1611104 seconds
2024-10-09T21:40:45.189+0300: 228.022: [GC (Allocation Failure) 2024-10-09T21:40:45.189+0300: 228.022: [ParNew: 460096K->51072K(460096K), 0.0268902 secs] 3642531K->3243778K(8337536K), 0.0269785 secs] [Times: user=0.03 sys=0.00, real=0.03 secs] 
2024-10-09T21:40:45.220+0300: 228.049: Total time for which application threads were stopped: 0.0272578 seconds, Stopping threads took: 0.0001649 seconds
2024-10-09T21:40:45.377+0300: 228.210: Application time: 0.1600274 seconds
2024-10-09T21:40:45.377+0300: 228.210: [GC (Allocation Failure) 2024-10-09T21:40:45.377+0300: 228.210: [ParNew: 460096K->51072K(460096K), 0.0292886 secs] 3652802K->3261734K(8337536K), 0.0293781 secs] [Times: user=0.03 sys=0.00, real=0.03 secs] 
2024-10-09T21:40:45.409+0300: 228.239: Total time for which application threads were stopped: 0.0296454 seconds, Stopping threads took: 0.0001507 seconds
2024-10-09T21:40:45.565+0300: 228.400: Application time: 0.1608453 seconds
2024-10-09T21:40:45.565+0300: 228.400: [GC (Allocation Failure) 2024-10-09T21:40:45.565+0300: 228.400: [ParNew: 460096K->51072K(460096K), 0.0292407 secs] 3670758K->3279623K(8337536K), 0.0293295 secs] [Times: user=0.03 sys=0.00, real=0.03 secs] 
2024-10-09T21:40:45.597+0300: 228.430: Total time for which application threads were stopped: 0.0295523 seconds, Stopping threads took: 0.0001053 seconds
2024-10-09T21:40:45.769+0300: 228.600: Application time: 0.1702513 seconds
2024-10-09T21:40:45.769+0300: 228.600: [GC (Allocation Failure) 2024-10-09T21:40:45.769+0300: 228.600: [ParNew: 460096K->51072K(460096K), 0.0262752 secs] 3688647K->3286606K(8337536K), 0.0263652 secs] [Times: user=0.08 sys=0.00, real=0.02 secs] 
2024-10-09T21:40:45.787+0300: 228.626: Total time for which application threads were stopped: 0.0266370 seconds, Stopping threads took: 0.0001363 seconds
2024-10-09T21:40:45.958+0300: 228.790: Application time: 0.1637700 seconds
2024-10-09T21:40:45.958+0300: 228.790: [GC (Allocation Failure) 2024-10-09T21:40:45.958+0300: 228.790: [ParNew: 460096K->51072K(460096K), 0.0341911 secs] 3695630K->3315582K(8337536K), 0.0342830 secs] [Times: user=0.06 sys=0.00, real=0.03 secs] 
2024-10-09T21:40:45.989+0300: 228.825: Total time for which application threads were stopped: 0.0345459 seconds, Stopping threads took: 0.0001463 seconds
2024-10-09T21:40:46.146+0300: 228.985: Application time: 0.1602935 seconds
2024-10-09T21:40:46.146+0300: 228.985: [GC (Allocation Failure) 2024-10-09T21:40:46.146+0300: 228.985: [ParNew: 460096K->51072K(460096K), 0.0295125 secs] 3724606K->3336823K(8337536K), 0.0296007 secs] [Times: user=0.05 sys=0.00, real=0.04 secs] 
2024-10-09T21:40:46.188+0300: 229.015: Total time for which application threads were stopped: 0.0298347 seconds, Stopping threads took: 0.0001150 seconds
2024-10-09T21:40:46.350+0300: 229.181: Application time: 0.1665584 seconds
2024-10-09T21:40:46.350+0300: 229.182: [GC (Allocation Failure) 2024-10-09T21:40:46.350+0300: 229.184: [ParNew: 460096K->51072K(460096K), 0.0265780 secs] 3745847K->3346697K(8337536K), 0.0288536 secs] [Times: user=0.03 sys=0.00, real=0.03 secs] 
2024-10-09T21:40:46.381+0300: 229.211: Total time for which application threads were stopped: 0.0291055 seconds, Stopping threads took: 0.0001405 seconds
2024-10-09T21:40:46.538+0300: 229.372: Application time: 0.1616921 seconds
2024-10-09T21:40:46.538+0300: 229.372: [GC (Allocation Failure) 2024-10-09T21:40:46.538+0300: 229.373: [ParNew: 460096K->46699K(460096K), 0.0332694 secs] 3755721K->3367618K(8337536K), 0.0333579 secs] [Times: user=0.03 sys=0.00, real=0.03 secs] 
2024-10-09T21:40:46.570+0300: 229.406: Total time for which application threads were stopped: 0.0336062 seconds, Stopping threads took: 0.0001329 seconds
2024-10-09T21:40:46.743+0300: 229.576: Application time: 0.1702000 seconds
2024-10-09T21:40:46.743+0300: 229.576: [GC (Allocation Failure) 2024-10-09T21:40:46.743+0300: 229.576: [ParNew: 455723K->51072K(460096K), 0.0263454 secs] 3776642K->3383475K(8337536K), 0.0264324 secs] [Times: user=0.03 sys=0.00, real=0.03 secs] 
2024-10-09T21:40:46.774+0300: 229.603: Total time for which application threads were stopped: 0.0266929 seconds, Stopping threads took: 0.0001262 seconds
2024-10-09T21:40:46.930+0300: 229.770: Application time: 0.1672168 seconds
2024-10-09T21:40:46.930+0300: 229.770: [GC (Allocation Failure) 2024-10-09T21:40:46.930+0300: 229.770: [ParNew: 460096K->51072K(460096K), 0.0317474 secs] 3792499K->3404044K(8337536K), 0.0318312 secs] [Times: user=0.03 sys=0.00, real=0.03 secs] 
2024-10-09T21:40:46.962+0300: 229.802: Total time for which application threads were stopped: 0.0321559 seconds, Stopping threads took: 0.0002095 seconds
2024-10-09T21:40:47.119+0300: 229.959: Application time: 0.1568254 seconds
2024-10-09T21:40:47.119+0300: 229.959: [GC (Allocation Failure) 2024-10-09T21:40:47.119+0300: 229.959: [ParNew: 460096K->49045K(460096K), 0.0299590 secs] 3813068K->3424703K(8337536K), 0.0300493 secs] [Times: user=0.03 sys=0.00, real=0.03 secs] 
2024-10-09T21:40:47.151+0300: 229.989: Total time for which application threads were stopped: 0.0302997 seconds, Stopping threads took: 0.0001327 seconds
2024-10-09T21:40:47.323+0300: 230.151: Application time: 0.1619283 seconds
2024-10-09T21:40:47.323+0300: 230.151: [GC (Allocation Failure) 2024-10-09T21:40:47.323+0300: 230.151: [ParNew: 458069K->51072K(460096K), 0.0277237 secs] 3833727K->3439061K(8337536K), 0.0278063 secs] [Times: user=0.02 sys=0.00, real=0.02 secs] 
2024-10-09T21:40:47.339+0300: 230.179: Total time for which application threads were stopped: 0.0280557 seconds, Stopping threads took: 0.0001385 seconds
2024-10-09T21:40:47.512+0300: 230.347: Application time: 0.1672864 seconds
2024-10-09T21:40:47.512+0300: 230.347: [GC (Allocation Failure) 2024-10-09T21:40:47.512+0300: 230.347: [ParNew: 460096K->51072K(460096K), 0.0340302 secs] 3848085K->3465002K(8337536K), 0.0341190 secs] [Times: user=0.03 sys=0.00, real=0.03 secs] 
2024-10-09T21:40:47.543+0300: 230.381: Total time for which application threads were stopped: 0.0344053 seconds, Stopping threads took: 0.0001651 seconds
2024-10-09T21:40:47.700+0300: 230.540: Application time: 0.1589506 seconds
2024-10-09T21:40:47.700+0300: 230.540: [GC (Allocation Failure) 2024-10-09T21:40:47.700+0300: 230.540: [ParNew: 460096K->51072K(460096K), 0.0297956 secs] 3874026K->3483884K(8337536K), 0.0298799 secs] [Times: user=0.03 sys=0.00, real=0.03 secs] 
2024-10-09T21:40:47.731+0300: 230.570: Total time for which application threads were stopped: 0.0301367 seconds, Stopping threads took: 0.0001412 seconds
2024-10-09T21:40:47.904+0300: 230.735: Application time: 0.1649631 seconds
2024-10-09T21:40:47.904+0300: 230.735: [GC (Allocation Failure) 2024-10-09T21:40:47.904+0300: 230.735: [ParNew: 460096K->51072K(460096K), 0.0298996 secs] 3892908K->3500899K(8337536K), 0.0299888 secs] [Times: user=0.03 sys=0.00, real=0.03 secs] 
2024-10-09T21:40:47.935+0300: 230.765: Total time for which application threads were stopped: 0.0302411 seconds, Stopping threads took: 0.0001194 seconds
2024-10-09T21:40:48.092+0300: 230.931: Application time: 0.1661413 seconds
2024-10-09T21:40:48.092+0300: 230.932: [GC (Allocation Failure) 2024-10-09T21:40:48.092+0300: 230.932: [ParNew: 460096K->51072K(460096K), 0.0274227 secs] 3909923K->3515299K(8337536K), 0.0275146 secs] [Times: user=0.03 sys=0.00, real=0.03 secs] 
2024-10-09T21:40:48.124+0300: 230.959: Total time for which application threads were stopped: 0.0277823 seconds, Stopping threads took: 0.0001498 seconds
2024-10-09T21:40:48.280+0300: 231.115: Application time: 0.1560205 seconds
2024-10-09T21:40:48.280+0300: 231.115: [GC (Allocation Failure) 2024-10-09T21:40:48.280+0300: 231.116: [ParNew: 460096K->51072K(460096K), 0.0273682 secs] 3924323K->3527994K(8337536K), 0.0274551 secs] [Times: user=0.03 sys=0.00, real=0.03 secs] 
2024-10-09T21:40:48.312+0300: 231.143: Total time for which application threads were stopped: 0.0277427 seconds, Stopping threads took: 0.0001714 seconds
2024-10-09T21:40:48.469+0300: 231.303: Application time: 0.1600704 seconds
2024-10-09T21:40:48.469+0300: 231.303: [GC (Allocation Failure) 2024-10-09T21:40:48.469+0300: 231.303: [ParNew: 460096K->51072K(460096K), 0.0296079 secs] 3937018K->3550253K(8337536K), 0.0296991 secs] [Times: user=0.03 sys=0.00, real=0.03 secs] 
2024-10-09T21:40:48.500+0300: 231.333: Total time for which application threads were stopped: 0.0299447 seconds, Stopping threads took: 0.0001293 seconds
2024-10-09T21:40:48.673+0300: 231.503: Application time: 0.1697840 seconds
2024-10-09T21:40:48.673+0300: 231.503: [GC (Allocation Failure) 2024-10-09T21:40:48.673+0300: 231.503: [ParNew: 460096K->48981K(460096K), 0.0313744 secs] 3959277K->3563144K(8337536K), 0.0314712 secs] [Times: user=0.17 sys=0.00, real=0.03 secs] 
2024-10-09T21:40:48.704+0300: 231.535: Total time for which application threads were stopped: 0.0318908 seconds, Stopping threads took: 0.0002821 seconds
2024-10-09T21:40:48.862+0300: 231.694: Application time: 0.1593945 seconds
2024-10-09T21:40:48.862+0300: 231.694: [GC (Allocation Failure) 2024-10-09T21:40:48.862+0300: 231.694: [ParNew: 458005K->51072K(460096K), 0.0273302 secs] 3972168K->3575154K(8337536K), 0.0274117 secs] [Times: user=0.03 sys=0.00, real=0.03 secs] 
2024-10-09T21:40:48.894+0300: 231.722: Total time for which application threads were stopped: 0.0276783 seconds, Stopping threads took: 0.0001571 seconds
2024-10-09T21:40:49.050+0300: 231.879: Application time: 0.1576766 seconds
2024-10-09T21:40:49.050+0300: 231.880: [GC (Allocation Failure) 2024-10-09T21:40:49.050+0300: 231.880: [ParNew: 460096K->46827K(460096K), 0.0302142 secs] 3984178K->3592913K(8337536K), 0.0303072 secs] [Times: user=0.02 sys=0.00, real=0.03 secs] 
2024-10-09T21:40:49.081+0300: 231.910: Total time for which application threads were stopped: 0.0305898 seconds, Stopping threads took: 0.0001589 seconds
2024-10-09T21:40:49.238+0300: 232.077: Application time: 0.1666965 seconds
2024-10-09T21:40:49.238+0300: 232.077: [GC (Allocation Failure) 2024-10-09T21:40:49.238+0300: 232.077: [ParNew: 455851K->51072K(460096K), 0.0281712 secs] 4001937K->3610017K(8337536K), 0.0282624 secs] [Times: user=0.03 sys=0.00, real=0.03 secs] 
2024-10-09T21:40:49.270+0300: 232.105: Total time for which application threads were stopped: 0.0285780 seconds, Stopping threads took: 0.0001777 seconds
2024-10-09T21:40:49.427+0300: 232.266: Application time: 0.1605124 seconds
2024-10-09T21:40:49.427+0300: 232.266: [GC (Allocation Failure) 2024-10-09T21:40:49.427+0300: 232.266: [ParNew: 460096K->51072K(460096K), 0.0309422 secs] 4019041K->3628899K(8337536K), 0.0310321 secs] [Times: user=0.03 sys=0.00, real=0.03 secs] 
2024-10-09T21:40:49.458+0300: 232.297: Total time for which application threads were stopped: 0.0313028 seconds, Stopping threads took: 0.0001543 seconds
2024-10-09T21:40:49.615+0300: 232.455: Application time: 0.1577996 seconds
2024-10-09T21:40:49.615+0300: 232.455: [GC (Allocation Failure) 2024-10-09T21:40:49.615+0300: 232.455: [ParNew: 460096K->45324K(460096K), 0.0354351 secs] 4037923K->3649739K(8337536K), 0.0355272 secs] [Times: user=0.03 sys=0.00, real=0.05 secs] 
2024-10-09T21:40:49.662+0300: 232.491: Total time for which application threads were stopped: 0.0357945 seconds, Stopping threads took: 0.0001462 seconds
2024-10-09T21:40:49.819+0300: 232.660: Application time: 0.1691208 seconds
2024-10-09T21:40:49.819+0300: 232.660: [GC (Allocation Failure) 2024-10-09T21:40:49.819+0300: 232.660: [ParNew: 454348K->51072K(460096K), 0.0279972 secs] 4058763K->3669360K(8337536K), 0.0280816 secs] [Times: user=0.03 sys=0.00, real=0.03 secs] 
2024-10-09T21:40:49.850+0300: 232.688: Total time for which application threads were stopped: 0.0283573 seconds, Stopping threads took: 0.0001607 seconds
2024-10-09T21:40:50.023+0300: 232.850: Application time: 0.1618687 seconds
2024-10-09T21:40:50.023+0300: 232.850: [GC (Allocation Failure) 2024-10-09T21:40:50.023+0300: 232.850: [ParNew: 460096K->51072K(460096K), 0.0290284 secs] 4078384K->3686623K(8337536K), 0.0291080 secs] [Times: user=0.02 sys=0.00, real=0.02 secs] 
2024-10-09T21:40:50.039+0300: 232.879: Total time for which application threads were stopped: 0.0293556 seconds, Stopping threads took: 0.0001326 seconds
2024-10-09T21:40:50.197+0300: 233.034: Application time: 0.1541309 seconds
2024-10-09T21:40:50.197+0300: 233.034: [GC (Allocation Failure) 2024-10-09T21:40:50.197+0300: 233.034: [ParNew: 460096K->50709K(460096K), 0.0293822 secs] 4095647K->3706805K(8337536K), 0.0294725 secs] [Times: user=0.03 sys=0.00, real=0.03 secs] 
2024-10-09T21:40:50.227+0300: 233.063: Total time for which application threads were stopped: 0.0297760 seconds, Stopping threads took: 0.0001565 seconds
2024-10-09T21:40:50.400+0300: 233.227: Application time: 0.1638676 seconds
2024-10-09T21:40:50.400+0300: 233.227: [GC (Allocation Failure) 2024-10-09T21:40:50.400+0300: 233.227: [ParNew: 459733K->51072K(460096K), 0.0294490 secs] 4115829K->3725827K(8337536K), 0.0318023 secs] [Times: user=0.02 sys=0.00, real=0.03 secs] 
2024-10-09T21:40:50.431+0300: 233.259: Total time for which application threads were stopped: 0.0320493 seconds, Stopping threads took: 0.0001320 seconds
2024-10-09T21:40:50.588+0300: 233.420: Application time: 0.1611594 seconds
2024-10-09T21:40:50.588+0300: 233.421: [GC (Allocation Failure) 2024-10-09T21:40:50.588+0300: 233.421: [ParNew: 460096K->51072K(460096K), 0.0275210 secs] 4134851K->3737410K(8337536K), 0.0276068 secs] [Times: user=0.03 sys=0.00, real=0.03 secs] 
2024-10-09T21:40:50.620+0300: 233.448: Total time for which application threads were stopped: 0.0278671 seconds, Stopping threads took: 0.0001437 seconds
2024-10-09T21:40:50.776+0300: 233.616: Application time: 0.1676275 seconds
2024-10-09T21:40:50.776+0300: 233.616: [GC (Allocation Failure) 2024-10-09T21:40:50.776+0300: 233.616: [ParNew: 460096K->47281K(460096K), 0.0328801 secs] 4146434K->3760163K(8337536K), 0.0329817 secs] [Times: user=0.08 sys=0.00, real=0.03 secs] 
2024-10-09T21:40:50.808+0300: 233.649: Total time for which application threads were stopped: 0.0332626 seconds, Stopping threads took: 0.0001357 seconds
2024-10-09T21:40:50.980+0300: 233.809: Application time: 0.1593413 seconds
2024-10-09T21:40:50.980+0300: 233.809: [GC (Allocation Failure) 2024-10-09T21:40:50.980+0300: 233.809: [ParNew: 456305K->51072K(460096K), 0.0291920 secs] 4169187K->3780503K(8337536K), 0.0292965 secs] [Times: user=0.03 sys=0.00, real=0.03 secs] 
2024-10-09T21:40:51.012+0300: 233.838: Total time for which application threads were stopped: 0.0295344 seconds, Stopping threads took: 0.0001132 seconds
2024-10-09T21:40:51.169+0300: 233.998: Application time: 0.1594986 seconds
2024-10-09T21:40:51.169+0300: 233.998: [GC (Allocation Failure) 2024-10-09T21:40:51.169+0300: 233.998: [ParNew: 459174K->51072K(460096K), 0.0354420 secs] 4188606K->3807914K(8337536K), 0.0355269 secs] [Times: user=0.03 sys=0.00, real=0.03 secs] 
2024-10-09T21:40:51.201+0300: 234.033: Total time for which application threads were stopped: 0.0357554 seconds, Stopping threads took: 0.0001142 seconds
2024-10-09T21:40:51.358+0300: 234.195: Application time: 0.1616664 seconds
2024-10-09T21:40:51.358+0300: 234.195: [GC (Allocation Failure) 2024-10-09T21:40:51.358+0300: 234.195: [ParNew: 460096K->51072K(460096K), 0.0309022 secs] 4216938K->3827919K(8337536K), 0.0309895 secs] [Times: user=0.03 sys=0.00, real=0.04 secs] 
2024-10-09T21:40:51.400+0300: 234.226: Total time for which application threads were stopped: 0.0313011 seconds, Stopping threads took: 0.0001659 seconds
2024-10-09T21:40:51.546+0300: 234.387: Application time: 0.1606117 seconds
2024-10-09T21:40:51.546+0300: 234.387: [GC (Allocation Failure) 2024-10-09T21:40:51.546+0300: 234.387: [ParNew: 460096K->51072K(460096K), 0.0276735 secs] 4236943K->3841629K(8337536K), 0.0277578 secs] [Times: user=0.03 sys=0.00, real=0.03 secs] 
2024-10-09T21:40:51.577+0300: 234.415: Total time for which application threads were stopped: 0.0280209 seconds, Stopping threads took: 0.0001483 seconds
2024-10-09T21:40:51.750+0300: 234.583: Application time: 0.1683570 seconds
2024-10-09T21:40:51.750+0300: 234.584: [GC (Allocation Failure) 2024-10-09T21:40:51.750+0300: 234.584: [ParNew: 460096K->51072K(460096K), 0.0328555 secs] 4250653K->3864607K(8337536K), 0.0329408 secs] [Times: user=0.11 sys=0.00, real=0.04 secs] 
2024-10-09T21:40:51.790+0300: 234.617: Total time for which application threads were stopped: 0.0332404 seconds, Stopping threads took: 0.0001697 seconds
2024-10-09T21:40:51.954+0300: 234.782: Application time: 0.1650734 seconds
2024-10-09T21:40:51.954+0300: 234.782: [GC (Allocation Failure) 2024-10-09T21:40:51.954+0300: 234.782: [ParNew: 460096K->51072K(460096K), 0.0319970 secs] 4273631K->3885599K(8337536K), 0.0320831 secs] [Times: user=0.06 sys=0.00, real=0.03 secs] 
2024-10-09T21:40:51.985+0300: 234.814: Total time for which application threads were stopped: 0.0323177 seconds, Stopping threads took: 0.0001146 seconds
2024-10-09T21:40:52.142+0300: 234.970: Application time: 0.1555877 seconds
2024-10-09T21:40:52.142+0300: 234.970: [GC (Allocation Failure) 2024-10-09T21:40:52.142+0300: 234.970: [ParNew: 460096K->51072K(460096K), 0.0302747 secs] 4294623K->3904862K(8337536K), 0.0303566 secs] [Times: user=0.03 sys=0.00, real=0.03 secs] 
2024-10-09T21:40:52.173+0300: 235.000: Total time for which application threads were stopped: 0.0306425 seconds, Stopping threads took: 0.0001606 seconds
2024-10-09T21:40:52.330+0300: 235.160: Application time: 0.1597687 seconds
2024-10-09T21:40:52.330+0300: 235.160: [GC (Allocation Failure) 2024-10-09T21:40:52.330+0300: 235.160: [ParNew: 460096K->51072K(460096K), 0.0311254 secs] 4313886K->3927157K(8337536K), 0.0312078 secs] [Times: user=0.03 sys=0.00, real=0.03 secs] 
2024-10-09T21:40:52.362+0300: 235.191: Total time for which application threads were stopped: 0.0314479 seconds, Stopping threads took: 0.0001268 seconds
2024-10-09T21:40:52.519+0300: 235.360: Application time: 0.1684693 seconds
2024-10-09T21:40:52.519+0300: 235.360: [GC (Allocation Failure) 2024-10-09T21:40:52.519+0300: 235.360: [ParNew: 460096K->51072K(460096K), 0.0294849 secs] 4336181K->3946183K(8337536K), 0.0295763 secs] [Times: user=0.01 sys=0.00, real=0.03 secs] 
2024-10-09T21:40:52.550+0300: 235.390: Total time for which application threads were stopped: 0.0297814 seconds, Stopping threads took: 0.0000652 seconds
2024-10-09T21:40:52.723+0300: 235.553: Application time: 0.1631219 seconds
2024-10-09T21:40:52.723+0300: 235.553: [GC (Allocation Failure) 2024-10-09T21:40:52.723+0300: 235.553: [ParNew: 460096K->51072K(460096K), 0.0260737 secs] 4355207K->3954454K(8337536K), 0.0261756 secs] [Times: user=0.05 sys=0.00, real=0.01 secs] 
2024-10-09T21:40:52.738+0300: 235.579: Total time for which application threads were stopped: 0.0264872 seconds, Stopping threads took: 0.0001661 seconds
2024-10-09T21:40:52.911+0300: 235.739: Application time: 0.1595939 seconds
2024-10-09T21:40:52.911+0300: 235.739: [GC (Allocation Failure) 2024-10-09T21:40:52.911+0300: 235.739: [ParNew: 460096K->40067K(460096K), 0.0324664 secs] 4363478K->3970167K(8337536K), 0.0325488 secs] [Times: user=0.03 sys=0.00, real=0.03 secs] 
2024-10-09T21:40:52.942+0300: 235.772: Total time for which application threads were stopped: 0.0328066 seconds, Stopping threads took: 0.0001438 seconds
2024-10-09T21:40:53.104+0300: 235.940: Application time: 0.1687335 seconds
2024-10-09T21:40:53.104+0300: 235.941: [GC (Allocation Failure) 2024-10-09T21:40:53.104+0300: 235.941: [ParNew: 449091K->48934K(460096K), 0.0305567 secs] 4379191K->3999212K(8337536K), 0.0306438 secs] [Times: user=0.01 sys=0.00, real=0.03 secs] 
2024-10-09T21:40:53.131+0300: 235.971: Total time for which application threads were stopped: 0.0308913 seconds, Stopping threads took: 0.0001256 seconds
2024-10-09T21:40:53.304+0300: 236.130: Application time: 0.1586628 seconds
2024-10-09T21:40:53.304+0300: 236.130: [GC (Allocation Failure) 2024-10-09T21:40:53.304+0300: 236.130: [ParNew: 457958K->51072K(460096K), 0.0272746 secs] 4408236K->4010779K(8337536K), 0.0273627 secs] [Times: user=0.02 sys=0.00, real=0.02 secs] 
2024-10-09T21:40:53.319+0300: 236.158: Total time for which application threads were stopped: 0.0276289 seconds, Stopping threads took: 0.0001469 seconds
2024-10-09T21:40:53.476+0300: 236.313: Application time: 0.1553693 seconds
2024-10-09T21:40:53.476+0300: 236.313: [GC (Allocation Failure) 2024-10-09T21:40:53.476+0300: 236.313: [ParNew: 460096K->48076K(460096K), 0.0323000 secs] 4419803K->4036397K(8337536K), 0.0323894 secs] [Times: user=0.03 sys=0.00, real=0.03 secs] 
2024-10-09T21:40:53.508+0300: 236.346: Total time for which application threads were stopped: 0.0326899 seconds, Stopping threads took: 0.0001823 seconds
2024-10-09T21:40:53.680+0300: 236.520: Application time: 0.1740106 seconds
2024-10-09T21:40:53.680+0300: 236.520: [GC (Allocation Failure) 2024-10-09T21:40:53.680+0300: 236.520: [ParNew: 457100K->42013K(460096K), 0.0296043 secs] 4445421K->4049421K(8337536K), 0.0297158 secs] [Times: user=0.11 sys=0.00, real=0.03 secs] 
2024-10-09T21:40:53.712+0300: 236.550: Total time for which application threads were stopped: 0.0299775 seconds, Stopping threads took: 0.0001121 seconds
2024-10-09T21:40:53.884+0300: 236.712: Application time: 0.1622188 seconds
2024-10-09T21:40:53.884+0300: 236.712: [GC (Allocation Failure) 2024-10-09T21:40:53.884+0300: 236.712: [ParNew: 451037K->51072K(460096K), 0.0294113 secs] 4458445K->4068958K(8337536K), 0.0295013 secs] [Times: user=0.05 sys=0.00, real=0.02 secs] 
2024-10-09T21:40:53.905+0300: 236.742: Total time for which application threads were stopped: 0.0297570 seconds, Stopping threads took: 0.0001398 seconds
2024-10-09T21:40:54.057+0300: 236.895: Application time: 0.1535796 seconds
2024-10-09T21:40:54.057+0300: 236.895: [GC (Allocation Failure) 2024-10-09T21:40:54.057+0300: 236.896: [ParNew: 460096K->51072K(460096K), 0.0312510 secs] 4477982K->4093348K(8337536K), 0.0313388 secs] [Times: user=0.03 sys=0.00, real=0.03 secs] 
2024-10-09T21:40:54.088+0300: 236.927: Total time for which application threads were stopped: 0.0316591 seconds, Stopping threads took: 0.0002011 seconds
2024-10-09T21:40:54.261+0300: 237.095: Application time: 0.1677477 seconds
2024-10-09T21:40:54.261+0300: 237.095: [GC (Allocation Failure) 2024-10-09T21:40:54.261+0300: 237.095: [ParNew: 460096K->51072K(460096K), 0.0281869 secs] 4502372K->4111494K(8337536K), 0.0282822 secs] [Times: user=0.03 sys=0.00, real=0.03 secs] 
2024-10-09T21:40:54.293+0300: 237.123: Total time for which application threads were stopped: 0.0285484 seconds, Stopping threads took: 0.0001523 seconds
2024-10-09T21:40:54.450+0300: 237.287: Application time: 0.1633735 seconds
2024-10-09T21:40:54.450+0300: 237.287: [GC (Allocation Failure) 2024-10-09T21:40:54.450+0300: 237.287: [ParNew: 460096K->51072K(460096K), 0.0325132 secs] 4520518K->4131164K(8337536K), 0.0325984 secs] [Times: user=0.03 sys=0.00, real=0.03 secs] 
2024-10-09T21:40:54.481+0300: 237.319: Total time for which application threads were stopped: 0.0328427 seconds, Stopping threads took: 0.0001309 seconds
2024-10-09T21:40:54.638+0300: 237.473: Application time: 0.1537196 seconds
2024-10-09T21:40:54.638+0300: 237.473: [GC (Allocation Failure) 2024-10-09T21:40:54.638+0300: 237.473: [ParNew: 460096K->51072K(460096K), 0.0362514 secs] 4540188K->4162507K(8337536K), 0.0363575 secs] [Times: user=0.17 sys=0.00, real=0.03 secs] 
2024-10-09T21:40:54.669+0300: 237.510: Total time for which application threads were stopped: 0.0366306 seconds, Stopping threads took: 0.0001288 seconds
2024-10-09T21:40:54.842+0300: 237.682: Application time: 0.1718167 seconds
2024-10-09T21:40:54.842+0300: 237.682: [GC (Allocation Failure) 2024-10-09T21:40:54.842+0300: 237.682: [ParNew: 460096K->46309K(460096K), 0.0294862 secs] 4571531K->4177738K(8337536K), 0.0295751 secs] [Times: user=0.03 sys=0.00, real=0.03 secs] 
2024-10-09T21:40:54.873+0300: 237.711: Total time for which application threads were stopped: 0.0298247 seconds, Stopping threads took: 0.0001313 seconds
2024-10-09T21:40:55.046+0300: 237.875: Application time: 0.1636519 seconds
2024-10-09T21:40:55.046+0300: 237.875: [GC (Allocation Failure) 2024-10-09T21:40:55.046+0300: 237.875: [ParNew: 455333K->51072K(460096K), 0.0273181 secs] 4586762K->4191624K(8337536K), 0.0274017 secs] [Times: user=0.02 sys=0.00, real=0.02 secs] 
2024-10-09T21:40:55.062+0300: 237.903: Total time for which application threads were stopped: 0.0276211 seconds, Stopping threads took: 0.0001119 seconds
2024-10-09T21:40:55.219+0300: 238.054: Application time: 0.1517042 seconds
2024-10-09T21:40:55.219+0300: 238.055: [GC (Allocation Failure) 2024-10-09T21:40:55.219+0300: 238.055: [ParNew: 460096K->51072K(460096K), 0.0353367 secs] 4600648K->4220231K(8337536K), 0.0354258 secs] [Times: user=0.03 sys=0.00, real=0.03 secs] 
2024-10-09T21:40:55.250+0300: 238.090: Total time for which application threads were stopped: 0.0357076 seconds, Stopping threads took: 0.0001676 seconds
2024-10-09T21:40:55.423+0300: 238.253: Application time: 0.1628408 seconds
2024-10-09T21:40:55.423+0300: 238.253: [GC (Allocation Failure) 2024-10-09T21:40:55.423+0300: 238.253: [ParNew: 460096K->51072K(460096K), 0.0296754 secs] 4629255K->4240689K(8337536K), 0.0297644 secs] [Times: user=0.03 sys=0.00, real=0.03 secs] 
2024-10-09T21:40:55.454+0300: 238.283: Total time for which application threads were stopped: 0.0300504 seconds, Stopping threads took: 0.0001558 seconds
2024-10-09T21:40:55.612+0300: 238.445: Application time: 0.1623772 seconds
2024-10-09T21:40:55.612+0300: 238.446: [GC (Allocation Failure) 2024-10-09T21:40:55.612+0300: 238.446: [ParNew: 460096K->51072K(460096K), 0.0287488 secs] 4649713K->4252582K(8337536K), 0.0288332 secs] [Times: user=0.03 sys=0.00, real=0.03 secs] 
2024-10-09T21:40:55.643+0300: 238.474: Total time for which application threads were stopped: 0.0290829 seconds, Stopping threads took: 0.0001280 seconds
2024-10-09T21:40:55.800+0300: 238.633: Application time: 0.1588627 seconds
2024-10-09T21:40:55.800+0300: 238.634: [GC (Allocation Failure) 2024-10-09T21:40:55.800+0300: 238.634: [ParNew: 460096K->51072K(460096K), 0.0312784 secs] 4661606K->4270570K(8337536K), 0.0313751 secs] [Times: user=0.05 sys=0.00, real=0.03 secs] 
2024-10-09T21:40:55.831+0300: 238.665: Total time for which application threads were stopped: 0.0316721 seconds, Stopping threads took: 0.0001459 seconds
2024-10-09T21:40:56.004+0300: 238.830: Application time: 0.1652166 seconds
2024-10-09T21:40:56.004+0300: 238.830: [GC (Allocation Failure) 2024-10-09T21:40:56.004+0300: 238.831: [ParNew: 460096K->51072K(460096K), 0.0297131 secs] 4679594K->4290260K(8337536K), 0.0298158 secs] [Times: user=0.02 sys=0.00, real=0.02 secs] 
2024-10-09T21:40:56.020+0300: 238.860: Total time for which application threads were stopped: 0.0301267 seconds, Stopping threads took: 0.0001705 seconds
2024-10-09T21:40:56.192+0300: 239.030: Application time: 0.1696336 seconds
2024-10-09T21:40:56.192+0300: 239.030: [GC (Allocation Failure) 2024-10-09T21:40:56.192+0300: 239.030: [ParNew: 460096K->51072K(460096K), 0.0341521 secs] 4699284K->4314529K(8337536K), 0.0342358 secs] [Times: user=0.03 sys=0.00, real=0.03 secs] 
2024-10-09T21:40:56.224+0300: 239.064: Total time for which application threads were stopped: 0.0344983 seconds, Stopping threads took: 0.0001474 seconds
2024-10-09T21:40:56.381+0300: 239.220: Application time: 0.1550766 seconds
2024-10-09T21:40:56.381+0300: 239.220: [GC (Allocation Failure) 2024-10-09T21:40:56.381+0300: 239.220: [ParNew: 460096K->51072K(460096K), 0.0315915 secs] 4723553K->4334426K(8337536K), 0.0316809 secs] [Times: user=0.03 sys=0.00, real=0.03 secs] 
2024-10-09T21:40:56.412+0300: 239.252: Total time for which application threads were stopped: 0.0319601 seconds, Stopping threads took: 0.0001622 seconds
2024-10-09T21:40:56.585+0300: 239.414: Application time: 0.1627266 seconds
2024-10-09T21:40:56.585+0300: 239.414: [GC (Allocation Failure) 2024-10-09T21:40:56.585+0300: 239.414: [ParNew: 460096K->51072K(460096K), 0.0309002 secs] 4743450K->4356340K(8337536K), 0.0309823 secs] [Times: user=0.03 sys=0.00, real=0.03 secs] 
2024-10-09T21:40:56.617+0300: 239.445: Total time for which application threads were stopped: 0.0312139 seconds, Stopping threads took: 0.0001191 seconds
2024-10-09T21:40:56.789+0300: 239.620: Application time: 0.1745702 seconds
2024-10-09T21:40:56.789+0300: 239.620: [GC (Allocation Failure) 2024-10-09T21:40:56.789+0300: 239.620: [ParNew: 460096K->51072K(460096K), 0.0307786 secs] 4765364K->4373459K(8337536K), 0.0308787 secs] [Times: user=0.09 sys=0.00, real=0.03 secs] 
2024-10-09T21:40:56.821+0300: 239.651: Total time for which application threads were stopped: 0.0312055 seconds, Stopping threads took: 0.0001872 seconds
2024-10-09T21:40:56.977+0300: 239.806: Application time: 0.1550290 seconds
2024-10-09T21:40:56.977+0300: 239.806: [GC (Allocation Failure) 2024-10-09T21:40:56.977+0300: 239.807: [ParNew: 460096K->51072K(460096K), 0.0283556 secs] 4782483K->4388881K(8337536K), 0.0284442 secs] [Times: user=0.03 sys=0.00, real=0.03 secs] 
2024-10-09T21:40:57.009+0300: 239.835: Total time for which application threads were stopped: 0.0287258 seconds, Stopping threads took: 0.0001604 seconds
2024-10-09T21:40:57.166+0300: 239.997: Application time: 0.1623775 seconds
2024-10-09T21:40:57.166+0300: 239.998: [GC (Allocation Failure) 2024-10-09T21:40:57.166+0300: 239.998: [ParNew: 460096K->49269K(460096K), 0.0316342 secs] 4797905K->4412399K(8337536K), 0.0317275 secs] [Times: user=0.03 sys=0.00, real=0.03 secs] 
2024-10-09T21:40:57.197+0300: 240.029: Total time for which application threads were stopped: 0.0319809 seconds, Stopping threads took: 0.0001050 seconds
2024-10-09T21:40:57.369+0300: 240.199: Application time: 0.1693140 seconds
2024-10-09T21:40:57.369+0300: 240.199: [GC (Allocation Failure) 2024-10-09T21:40:57.369+0300: 240.199: [ParNew: 458293K->50792K(460096K), 0.0292357 secs] 4821423K->4426954K(8337536K), 0.0293237 secs] [Times: user=0.03 sys=0.00, real=0.03 secs] 
2024-10-09T21:40:57.401+0300: 240.228: Total time for which application threads were stopped: 0.0295729 seconds, Stopping threads took: 0.0001328 seconds
2024-10-09T21:40:57.542+0300: 240.380: Application time: 0.1521315 seconds
2024-10-09T21:40:57.542+0300: 240.381: [GC (Allocation Failure) 2024-10-09T21:40:57.542+0300: 240.381: [ParNew: 459816K->51072K(460096K), 0.0300688 secs] 4835978K->4443494K(8337536K), 0.0301657 secs] [Times: user=0.03 sys=0.00, real=0.03 secs] 
2024-10-09T21:40:57.573+0300: 240.411: Total time for which application threads were stopped: 0.0304827 seconds, Stopping threads took: 0.0001914 seconds
2024-10-09T21:40:57.746+0300: 240.577: Application time: 0.1665684 seconds
2024-10-09T21:40:57.746+0300: 240.578: [GC (Allocation Failure) 2024-10-09T21:40:57.746+0300: 240.578: [ParNew: 460096K->51072K(460096K), 0.0359243 secs] 4852518K->4477814K(8337536K), 0.0360121 secs] [Times: user=0.06 sys=0.00, real=0.03 secs] 
2024-10-09T21:40:57.777+0300: 240.614: Total time for which application threads were stopped: 0.0363401 seconds, Stopping threads took: 0.0001899 seconds
2024-10-09T21:40:57.950+0300: 240.790: Application time: 0.1761265 seconds
2024-10-09T21:40:57.950+0300: 240.790: [GC (Allocation Failure) 2024-10-09T21:40:57.950+0300: 240.790: [ParNew: 460096K->51072K(460096K), 0.0280507 secs] 4886838K->4488533K(8337536K), 0.0281400 secs] [Times: user=0.03 sys=0.00, real=0.03 secs] 
2024-10-09T21:40:57.982+0300: 240.818: Total time for which application threads were stopped: 0.0283906 seconds, Stopping threads took: 0.0001290 seconds
2024-10-09T21:40:58.139+0300: 240.974: Application time: 0.1553240 seconds
2024-10-09T21:40:58.139+0300: 240.974: [GC (Allocation Failure) 2024-10-09T21:40:58.139+0300: 240.974: [ParNew: 460096K->51072K(460096K), 0.0315995 secs] 4897557K->4507722K(8337536K), 0.0316893 secs] [Times: user=0.03 sys=0.00, real=0.03 secs] 
2024-10-09T21:40:58.170+0300: 241.006: Total time for which application threads were stopped: 0.0319947 seconds, Stopping threads took: 0.0001826 seconds
2024-10-09T21:40:58.328+0300: 241.164: Application time: 0.1582069 seconds
2024-10-09T21:40:58.328+0300: 241.164: [GC (Allocation Failure) 2024-10-09T21:40:58.328+0300: 241.164: [ParNew: 460096K->51072K(460096K), 0.0295802 secs] 4916746K->4531650K(8337536K), 0.0296763 secs] [Times: user=0.03 sys=0.00, real=0.03 secs] 
2024-10-09T21:40:58.359+0300: 241.194: Total time for which application threads were stopped: 0.0299572 seconds, Stopping threads took: 0.0001361 seconds
2024-10-09T21:40:58.531+0300: 241.368: Application time: 0.1737624 seconds
2024-10-09T21:40:58.531+0300: 241.368: [GC (Allocation Failure) 2024-10-09T21:40:58.531+0300: 241.368: [ParNew: 460096K->49727K(460096K), 0.0275824 secs] 4940674K->4541472K(8337536K), 0.0276821 secs] [Times: user=0.03 sys=0.00, real=0.03 secs] 
2024-10-09T21:40:58.562+0300: 241.395: Total time for which application threads were stopped: 0.0279409 seconds, Stopping threads took: 0.0001305 seconds
2024-10-09T21:40:58.719+0300: 241.557: Application time: 0.1615033 seconds
2024-10-09T21:40:58.719+0300: 241.557: [GC (Allocation Failure) 2024-10-09T21:40:58.719+0300: 241.557: [ParNew: 458751K->51072K(460096K), 0.0277084 secs] 4950496K->4550758K(8337536K), 0.0277956 secs] [Times: user=0.03 sys=0.00, real=0.03 secs] 
2024-10-09T21:40:58.751+0300: 241.585: Total time for which application threads were stopped: 0.0280992 seconds, Stopping threads took: 0.0001720 seconds
2024-10-09T21:40:58.908+0300: 241.742: Application time: 0.1564976 seconds
2024-10-09T21:40:58.908+0300: 241.742: [GC (Allocation Failure) 2024-10-09T21:40:58.908+0300: 241.742: [ParNew: 460096K->41885K(460096K), 0.0307545 secs] 4959782K->4569948K(8337536K), 0.0308403 secs] [Times: user=0.03 sys=0.00, real=0.03 secs] 
2024-10-09T21:40:58.939+0300: 241.773: Total time for which application threads were stopped: 0.0311206 seconds, Stopping threads took: 0.0001607 seconds
2024-10-09T21:40:59.117+0300: 241.946: Application time: 0.1733706 seconds
2024-10-09T21:40:59.117+0300: 241.946: [GC (Allocation Failure) 2024-10-09T21:40:59.117+0300: 241.946: [ParNew: 450909K->51072K(460096K), 0.0257877 secs] 4978972K->4580634K(8337536K), 0.0258705 secs] [Times: user=0.03 sys=0.00, real=0.03 secs] 
2024-10-09T21:40:59.143+0300: 241.972: Total time for which application threads were stopped: 0.0261411 seconds, Stopping threads took: 0.0001520 seconds
2024-10-09T21:40:59.300+0300: 242.130: Application time: 0.1579221 seconds
2024-10-09T21:40:59.300+0300: 242.130: [GC (Allocation Failure) 2024-10-09T21:40:59.300+0300: 242.131: [ParNew: 460096K->51072K(460096K), 0.0380589 secs] 4989658K->4608975K(8337536K), 0.0382042 secs] [Times: user=0.03 sys=0.00, real=0.03 secs] 
2024-10-09T21:40:59.332+0300: 242.169: Total time for which application threads were stopped: 0.0384887 seconds, Stopping threads took: 0.0001656 seconds
2024-10-09T21:40:59.488+0300: 242.324: Application time: 0.1550642 seconds
2024-10-09T21:40:59.488+0300: 242.324: [GC (Allocation Failure) 2024-10-09T21:40:59.488+0300: 242.324: [ParNew: 460096K->49255K(460096K), 0.0321787 secs] 5017999K->4637350K(8337536K), 0.0322842 secs] [Times: user=0.03 sys=0.00, real=0.03 secs] 
2024-10-09T21:40:59.520+0300: 242.356: Total time for which application threads were stopped: 0.0325437 seconds, Stopping threads took: 0.0001211 seconds
2024-10-09T21:40:59.708+0300: 242.535: Application time: 0.1785214 seconds
2024-10-09T21:40:59.708+0300: 242.535: [GC (Allocation Failure) 2024-10-09T21:40:59.708+0300: 242.535: [ParNew: 458279K->51072K(460096K), 0.0268084 secs] 5046374K->4641997K(8337536K), 0.0269038 secs] [Times: user=0.16 sys=0.00, real=0.02 secs] 
2024-10-09T21:40:59.724+0300: 242.562: Total time for which application threads were stopped: 0.0271694 seconds, Stopping threads took: 0.0001267 seconds
2024-10-09T21:40:59.881+0300: 242.717: Application time: 0.1549646 seconds
2024-10-09T21:40:59.881+0300: 242.717: [GC (Allocation Failure) 2024-10-09T21:40:59.881+0300: 242.717: [ParNew: 460096K->51072K(460096K), 0.0394972 secs] 5051021K->4673580K(8337536K), 0.0395836 secs] [Times: user=0.05 sys=0.00, real=0.05 secs] 
2024-10-09T21:40:59.928+0300: 242.757: Total time for which application threads were stopped: 0.0398732 seconds, Stopping threads took: 0.0001714 seconds
2024-10-09T21:41:00.085+0300: 242.923: Application time: 0.1659032 seconds
2024-10-09T21:41:00.085+0300: 242.923: [GC (Allocation Failure) 2024-10-09T21:41:00.085+0300: 242.923: [ParNew: 460096K->51072K(460096K), 0.0321586 secs] 5082604K->4697777K(8337536K), 0.0322437 secs] [Times: user=0.11 sys=0.00, real=0.03 secs] 
2024-10-09T21:41:00.119+0300: 242.955: Total time for which application threads were stopped: 0.0327818 seconds, Stopping threads took: 0.0003893 seconds
2024-10-09T21:41:00.319+0300: 243.146: Application time: 0.1903617 seconds
2024-10-09T21:41:00.319+0300: 243.146: [GC (Allocation Failure) 2024-10-09T21:41:00.319+0300: 243.146: [ParNew: 460096K->47741K(460096K), 0.0281691 secs] 5106801K->4705905K(8337536K), 0.0282482 secs] [Times: user=0.05 sys=0.01, real=0.02 secs] 
2024-10-09T21:41:00.336+0300: 243.174: Total time for which application threads were stopped: 0.0285407 seconds, Stopping threads took: 0.0001529 seconds
2024-10-09T21:41:00.508+0300: 243.335: Application time: 0.1608530 seconds
2024-10-09T21:41:00.508+0300: 243.335: [GC (Allocation Failure) 2024-10-09T21:41:00.508+0300: 243.336: [ParNew: 456765K->51072K(460096K), 0.0273213 secs] 5114929K->4717398K(8337536K), 0.0273909 secs] [Times: user=0.02 sys=0.00, real=0.02 secs] 
2024-10-09T21:41:00.524+0300: 243.363: Total time for which application threads were stopped: 0.0276668 seconds, Stopping threads took: 0.0001557 seconds
2024-10-09T21:41:00.712+0300: 243.541: Application time: 0.1783375 seconds
2024-10-09T21:41:00.712+0300: 243.542: [GC (Allocation Failure) 2024-10-09T21:41:00.712+0300: 243.542: [ParNew: 460096K->48350K(460096K), 0.0333938 secs] 5126422K->4743993K(8337536K), 0.0334703 secs] [Times: user=0.17 sys=0.00, real=0.03 secs] 
2024-10-09T21:41:00.744+0300: 243.575: Total time for which application threads were stopped: 0.0342116 seconds, Stopping threads took: 0.0006036 seconds
2024-10-09T21:41:00.932+0300: 243.762: Application time: 0.1861537 seconds
2024-10-09T21:41:00.932+0300: 243.762: [GC (Allocation Failure) 2024-10-09T21:41:00.932+0300: 243.762: [ParNew: 457374K->51072K(460096K), 0.0256669 secs] 5153017K->4748807K(8337536K), 0.0257446 secs] [Times: user=0.05 sys=0.00, real=0.02 secs] 
2024-10-09T21:41:00.948+0300: 243.788: Total time for which application threads were stopped: 0.0259977 seconds, Stopping threads took: 0.0001220 seconds
2024-10-09T21:41:01.121+0300: 243.950: Application time: 0.1625678 seconds
2024-10-09T21:41:01.121+0300: 243.950: [GC (Allocation Failure) 2024-10-09T21:41:01.121+0300: 243.950: [ParNew: 460096K->51072K(460096K), 0.0381645 secs] 5157831K->4776410K(8337536K), 0.0382498 secs] [Times: user=0.03 sys=0.00, real=0.03 secs] 
2024-10-09T21:41:01.152+0300: 243.989: Total time for which application threads were stopped: 0.0385298 seconds, Stopping threads took: 0.0001628 seconds
2024-10-09T21:41:01.309+0300: 244.138: Application time: 0.1490013 seconds
2024-10-09T21:41:01.309+0300: 244.138: [GC (Allocation Failure) 2024-10-09T21:41:01.309+0300: 244.138: [ParNew: 460096K->49876K(460096K), 0.0341129 secs] 5185434K->4808003K(8337536K), 0.0342026 secs] [Times: user=0.06 sys=0.00, real=0.03 secs] 
2024-10-09T21:41:01.340+0300: 244.172: Total time for which application threads were stopped: 0.0344624 seconds, Stopping threads took: 0.0001377 seconds
2024-10-09T21:41:01.513+0300: 244.348: Application time: 0.1753859 seconds
2024-10-09T21:41:01.513+0300: 244.348: [GC (Allocation Failure) 2024-10-09T21:41:01.513+0300: 244.348: [ParNew: 458900K->51072K(460096K), 0.0243522 secs] 5217027K->4811227K(8337536K), 0.0244320 secs] [Times: user=0.03 sys=0.00, real=0.03 secs] 
2024-10-09T21:41:01.544+0300: 244.372: Total time for which application threads were stopped: 0.0246751 seconds, Stopping threads took: 0.0001326 seconds
2024-10-09T21:41:01.701+0300: 244.538: Application time: 0.1661373 seconds
2024-10-09T21:41:01.701+0300: 244.539: [GC (Allocation Failure) 2024-10-09T21:41:01.701+0300: 244.539: [ParNew: 460096K->51072K(460096K), 0.0321339 secs] 5220251K->4828110K(8337536K), 0.0322299 secs] [Times: user=0.19 sys=0.00, real=0.03 secs] 
2024-10-09T21:41:01.732+0300: 244.571: Total time for which application threads were stopped: 0.0325511 seconds, Stopping threads took: 0.0001825 seconds
2024-10-09T21:41:01.889+0300: 244.722: Application time: 0.1514841 seconds
2024-10-09T21:41:01.889+0300: 244.723: [GC (Allocation Failure) 2024-10-09T21:41:01.889+0300: 244.723: [ParNew: 460096K->41517K(460096K), 0.0326682 secs] 5237134K->4847936K(8337536K), 0.0327594 secs] [Times: user=0.03 sys=0.00, real=0.03 secs] 
2024-10-09T21:41:01.923+0300: 244.755: Total time for which application threads were stopped: 0.0330054 seconds, Stopping threads took: 0.0001292 seconds
2024-10-09T21:41:02.093+0300: 244.930: Application time: 0.1747033 seconds
2024-10-09T21:41:02.093+0300: 244.930: [GC (Allocation Failure) 2024-10-09T21:41:02.093+0300: 244.930: [ParNew: 450541K->51072K(460096K), 0.0262341 secs] 5256960K->4861122K(8337536K), 0.0263147 secs] [Times: user=0.02 sys=0.02, real=0.03 secs] 
2024-10-09T21:41:02.125+0300: 244.957: Total time for which application threads were stopped: 0.0265417 seconds, Stopping threads took: 0.0001155 seconds
2024-10-09T21:41:02.282+0300: 245.116: Application time: 0.1595811 seconds
2024-10-09T21:41:02.282+0300: 245.117: [GC (Allocation Failure) 2024-10-09T21:41:02.282+0300: 245.117: [ParNew: 460096K->51072K(460096K), 0.0335006 secs] 5270146K->4881492K(8337536K), 0.0335860 secs] [Times: user=0.03 sys=0.00, real=0.04 secs] 
2024-10-09T21:41:02.324+0300: 245.150: Total time for which application threads were stopped: 0.0338501 seconds, Stopping threads took: 0.0001452 seconds
2024-10-09T21:41:02.471+0300: 245.305: Application time: 0.1543732 seconds
2024-10-09T21:41:02.471+0300: 245.305: [GC (Allocation Failure) 2024-10-09T21:41:02.471+0300: 245.305: [ParNew: 460096K->51072K(460096K), 0.0313004 secs] 5290516K->4907358K(8337536K), 0.0313844 secs] [Times: user=0.03 sys=0.00, real=0.03 secs] 
2024-10-09T21:41:02.502+0300: 245.336: Total time for which application threads were stopped: 0.0316810 seconds, Stopping threads took: 0.0001729 seconds
2024-10-09T21:41:02.675+0300: 245.512: Application time: 0.1760902 seconds
2024-10-09T21:41:02.675+0300: 245.513: [GC (Allocation Failure) 2024-10-09T21:41:02.675+0300: 245.513: [ParNew: 460096K->51072K(460096K), 0.0286937 secs] 5316382K->4918319K(8337536K), 0.0287940 secs] [Times: user=0.09 sys=0.00, real=0.03 secs] 
2024-10-09T21:41:02.706+0300: 245.541: Total time for which application threads were stopped: 0.0290984 seconds, Stopping threads took: 0.0001655 seconds
2024-10-09T21:41:02.863+0300: 245.699: Application time: 0.1573093 seconds
2024-10-09T21:41:02.863+0300: 245.699: [GC (Allocation Failure) 2024-10-09T21:41:02.863+0300: 245.699: [ParNew: 460096K->51072K(460096K), 0.0322929 secs] 5327343K->4938579K(8337536K), 0.0323810 secs] [Times: user=0.03 sys=0.00, real=0.03 secs] 
2024-10-09T21:41:02.894+0300: 245.731: Total time for which application threads were stopped: 0.0326563 seconds, Stopping threads took: 0.0001527 seconds
2024-10-09T21:41:03.054+0300: 245.890: Application time: 0.1586673 seconds
2024-10-09T21:41:03.054+0300: 245.890: [GC (Allocation Failure) 2024-10-09T21:41:03.054+0300: 245.890: [ParNew: 460096K->46800K(460096K), 0.0323610 secs] 5347603K->4961698K(8337536K), 0.0324522 secs] [Times: user=0.03 sys=0.00, real=0.03 secs] 
2024-10-09T21:41:03.083+0300: 245.923: Total time for which application threads were stopped: 0.0326984 seconds, Stopping threads took: 0.0001313 seconds
2024-10-09T21:41:03.255+0300: 246.095: Application time: 0.1727078 seconds
2024-10-09T21:41:03.255+0300: 246.096: [GC (Allocation Failure) 2024-10-09T21:41:03.255+0300: 246.096: [ParNew: 455824K->51072K(460096K), 0.0286415 secs] 5370722K->4977111K(8337536K), 0.0287288 secs] [Times: user=0.03 sys=0.00, real=0.03 secs] 
2024-10-09T21:41:03.287+0300: 246.124: Total time for which application threads were stopped: 0.0290025 seconds, Stopping threads took: 0.0001501 seconds
2024-10-09T21:41:03.459+0300: 246.286: Application time: 0.1610598 seconds
2024-10-09T21:41:03.459+0300: 246.286: [GC (Allocation Failure) 2024-10-09T21:41:03.459+0300: 246.286: [ParNew: 460096K->51072K(460096K), 0.0278408 secs] 5386135K->4990761K(8337536K), 0.0279263 secs] [Times: user=0.02 sys=0.00, real=0.02 secs] 
2024-10-09T21:41:03.475+0300: 246.314: Total time for which application threads were stopped: 0.0281765 seconds, Stopping threads took: 0.0001401 seconds
2024-10-09T21:41:03.632+0300: 246.468: Application time: 0.1540323 seconds
2024-10-09T21:41:03.632+0300: 246.468: [GC (Allocation Failure) 2024-10-09T21:41:03.632+0300: 246.468: [ParNew: 460096K->45299K(460096K), 0.0294988 secs] 5399785K->5006313K(8337536K), 0.0295894 secs] [Times: user=0.03 sys=0.00, real=0.03 secs] 
2024-10-09T21:41:03.663+0300: 246.498: Total time for which application threads were stopped: 0.0298305 seconds, Stopping threads took: 0.0001247 seconds
2024-10-09T21:41:03.836+0300: 246.671: Application time: 0.1736261 seconds
2024-10-09T21:41:03.836+0300: 246.671: [GC (Allocation Failure) 2024-10-09T21:41:03.836+0300: 246.671: [ParNew: 454323K->51072K(460096K), 0.0279620 secs] 5415337K->5025290K(8337536K), 0.0280575 secs] [Times: user=0.03 sys=0.00, real=0.03 secs] 
2024-10-09T21:41:03.867+0300: 246.699: Total time for which application threads were stopped: 0.0282962 seconds, Stopping threads took: 0.0001213 seconds
2024-10-09T21:41:04.028+0300: 246.859: Application time: 0.1597093 seconds
2024-10-09T21:41:04.028+0300: 246.859: [GC (Allocation Failure) 2024-10-09T21:41:04.028+0300: 246.859: [ParNew: 460096K->51072K(460096K), 0.0286493 secs] 5434314K->5039314K(8337536K), 0.0287387 secs] [Times: user=0.03 sys=0.00, real=0.03 secs] 
2024-10-09T21:41:04.056+0300: 246.888: Total time for which application threads were stopped: 0.0290160 seconds, Stopping threads took: 0.0001530 seconds
2024-10-09T21:41:04.213+0300: 247.048: Application time: 0.1602146 seconds
2024-10-09T21:41:04.213+0300: 247.049: [GC (Allocation Failure) 2024-10-09T21:41:04.213+0300: 247.049: [ParNew: 460096K->51072K(460096K), 0.0291846 secs] 5448338K->5059929K(8337536K), 0.0292718 secs] [Times: user=0.03 sys=0.00, real=0.03 secs] 
2024-10-09T21:41:04.244+0300: 247.078: Total time for which application threads were stopped: 0.0295023 seconds, Stopping threads took: 0.0001165 seconds
2024-10-09T21:41:04.401+0300: 247.240: Application time: 0.1617296 seconds
2024-10-09T21:41:04.401+0300: 247.240: [GC (Allocation Failure) 2024-10-09T21:41:04.401+0300: 247.240: [ParNew: 460096K->51072K(460096K), 0.0318082 secs] 5468953K->5080076K(8337536K), 0.0318932 secs] [Times: user=0.03 sys=0.00, real=0.03 secs] 
2024-10-09T21:41:04.433+0300: 247.272: Total time for which application threads were stopped: 0.0321726 seconds, Stopping threads took: 0.0001610 seconds
2024-10-09T21:41:04.605+0300: 247.432: Application time: 0.1604217 seconds
2024-10-09T21:41:04.605+0300: 247.432: [GC (Allocation Failure) 2024-10-09T21:41:04.605+0300: 247.433: [ParNew: 460096K->51072K(460096K), 0.0275356 secs] 5489100K->5091108K(8337536K), 0.0276239 secs] [Times: user=0.02 sys=0.00, real=0.03 secs] 
2024-10-09T21:41:04.630+0300: 247.460: Total time for which application threads were stopped: 0.0278766 seconds, Stopping threads took: 0.0001399 seconds
2024-10-09T21:41:04.793+0300: 247.626: Application time: 0.1654825 seconds
2024-10-09T21:41:04.793+0300: 247.626: [GC (Allocation Failure) 2024-10-09T21:41:04.793+0300: 247.626: [ParNew: 460096K->51072K(460096K), 0.0351221 secs] 5500132K->5120543K(8337536K), 0.0352242 secs] [Times: user=0.06 sys=0.00, real=0.04 secs] 
2024-10-09T21:41:04.830+0300: 247.661: Total time for which application threads were stopped: 0.0355465 seconds, Stopping threads took: 0.0001784 seconds
2024-10-09T21:41:04.982+0300: 247.822: Application time: 0.1611886 seconds
2024-10-09T21:41:04.982+0300: 247.823: [GC (Allocation Failure) 2024-10-09T21:41:04.982+0300: 247.823: [ParNew: 460096K->51072K(460096K), 0.0313657 secs] 5529567K->5138402K(8337536K), 0.0314533 secs] [Times: user=0.03 sys=0.00, real=0.03 secs] 
2024-10-09T21:41:05.013+0300: 247.854: Total time for which application threads were stopped: 0.0317441 seconds, Stopping threads took: 0.0001748 seconds
2024-10-09T21:41:05.192+0300: 248.019: Application time: 0.1647869 seconds
2024-10-09T21:41:05.192+0300: 248.019: [GC (Allocation Failure) 2024-10-09T21:41:05.192+0300: 248.019: [ParNew: 460096K->45600K(460096K), 0.0361001 secs] 5547426K->5158587K(8337536K), 0.0361982 secs] [Times: user=0.03 sys=0.00, real=0.03 secs] 
2024-10-09T21:41:05.218+0300: 248.055: Total time for which application threads were stopped: 0.0364615 seconds, Stopping threads took: 0.0001363 seconds
2024-10-09T21:41:05.375+0300: 248.214: Application time: 0.1586874 seconds
2024-10-09T21:41:05.375+0300: 248.214: [GC (Allocation Failure) 2024-10-09T21:41:05.375+0300: 248.214: [ParNew: 454624K->51072K(460096K), 0.0321560 secs] 5567611K->5185592K(8337536K), 0.0322387 secs] [Times: user=0.03 sys=0.00, real=0.03 secs] 
2024-10-09T21:41:05.406+0300: 248.247: Total time for which application threads were stopped: 0.0324785 seconds, Stopping threads took: 0.0001287 seconds
2024-10-09T21:41:05.578+0300: 248.406: Application time: 0.1597158 seconds
2024-10-09T21:41:05.578+0300: 248.406: [GC (Allocation Failure) 2024-10-09T21:41:05.578+0300: 248.406: [ParNew: 460096K->51072K(460096K), 0.0317412 secs] 5594616K->5205155K(8337536K), 0.0318231 secs] [Times: user=0.03 sys=0.00, real=0.03 secs] 
2024-10-09T21:41:05.610+0300: 248.438: Total time for which application threads were stopped: 0.0320604 seconds, Stopping threads took: 0.0001192 seconds
2024-10-09T21:41:05.767+0300: 248.606: Application time: 0.1673068 seconds
2024-10-09T21:41:05.767+0300: 248.606: [GC (Allocation Failure) 2024-10-09T21:41:05.767+0300: 248.606: [ParNew: 460096K->50439K(460096K), 0.0320679 secs] 5614179K->5229696K(8337536K), 0.0321612 secs] [Times: user=0.09 sys=0.00, real=0.03 secs] 
2024-10-09T21:41:05.798+0300: 248.638: Total time for which application threads were stopped: 0.0324919 seconds, Stopping threads took: 0.0001968 seconds
2024-10-09T21:41:05.971+0300: 248.803: Application time: 0.1649498 seconds
2024-10-09T21:41:05.971+0300: 248.803: [GC (Allocation Failure) 2024-10-09T21:41:05.971+0300: 248.803: [ParNew: 459463K->51072K(460096K), 0.0284039 secs] 5638720K->5244731K(8337536K), 0.0284889 secs] [Times: user=0.03 sys=0.00, real=0.03 secs] 
2024-10-09T21:41:06.002+0300: 248.832: Total time for which application threads were stopped: 0.0287030 seconds, Stopping threads took: 0.0001014 seconds
2024-10-09T21:41:06.159+0300: 248.990: Application time: 0.1586873 seconds
2024-10-09T21:41:06.159+0300: 248.991: [GC (Allocation Failure) 2024-10-09T21:41:06.159+0300: 248.991: [ParNew: 460096K->51072K(460096K), 0.0274493 secs] 5653755K->5256393K(8337536K), 0.0275360 secs] [Times: user=0.01 sys=0.00, real=0.03 secs] 
2024-10-09T21:41:06.191+0300: 249.018: Total time for which application threads were stopped: 0.0278287 seconds, Stopping threads took: 0.0001761 seconds
2024-10-09T21:41:06.348+0300: 249.177: Application time: 0.1582874 seconds
2024-10-09T21:41:06.348+0300: 249.177: [GC (Allocation Failure) 2024-10-09T21:41:06.348+0300: 249.177: [ParNew: 460096K->51072K(460096K), 0.0326903 secs] 5665417K->5283307K(8337536K), 0.0327816 secs] [Times: user=0.01 sys=0.00, real=0.03 secs] 
2024-10-09T21:41:06.379+0300: 249.210: Total time for which application threads were stopped: 0.0330538 seconds, Stopping threads took: 0.0001124 seconds
2024-10-09T21:41:06.536+0300: 249.377: Application time: 0.1674770 seconds
2024-10-09T21:41:06.536+0300: 249.377: [GC (Allocation Failure) 2024-10-09T21:41:06.536+0300: 249.377: [ParNew: 460096K->51072K(460096K), 0.0280133 secs] 5692331K->5296190K(8337536K), 0.0280929 secs] [Times: user=0.03 sys=0.00, real=0.03 secs] 
2024-10-09T21:41:06.568+0300: 249.405: Total time for which application threads were stopped: 0.0283489 seconds, Stopping threads took: 0.0001369 seconds
2024-10-09T21:41:06.740+0300: 249.572: Application time: 0.1665880 seconds
2024-10-09T21:41:06.740+0300: 249.572: [GC (Allocation Failure) 2024-10-09T21:41:06.740+0300: 249.572: [ParNew: 460096K->51072K(460096K), 0.0297212 secs] 5705214K->5309758K(8337536K), 0.0298068 secs] [Times: user=0.03 sys=0.00, real=0.03 secs] 
2024-10-09T21:41:06.772+0300: 249.602: Total time for which application threads were stopped: 0.0300951 seconds, Stopping threads took: 0.0001644 seconds
2024-10-09T21:41:06.928+0300: 249.758: Application time: 0.1555687 seconds
2024-10-09T21:41:06.928+0300: 249.758: [GC (Allocation Failure) 2024-10-09T21:41:06.928+0300: 249.758: [ParNew: 460096K->42342K(460096K), 0.0379031 secs] 5718782K->5340334K(8337536K), 0.0379905 secs] [Times: user=0.03 sys=0.00, real=0.03 secs] 
2024-10-09T21:41:06.960+0300: 249.796: Total time for which application threads were stopped: 0.0382870 seconds, Stopping threads took: 0.0001803 seconds
2024-10-09T21:41:07.135+0300: 249.967: Application time: 0.1707558 seconds
2024-10-09T21:41:07.135+0300: 249.967: [GC (Allocation Failure) 2024-10-09T21:41:07.135+0300: 249.967: [ParNew: 451366K->51072K(460096K), 0.0255716 secs] 5749358K->5351080K(8337536K), 0.0256627 secs] [Times: user=0.05 sys=0.00, real=0.03 secs] 
2024-10-09T21:41:07.164+0300: 249.993: Total time for which application threads were stopped: 0.0259390 seconds, Stopping threads took: 0.0001515 seconds
2024-10-09T21:41:07.321+0300: 250.155: Application time: 0.1622059 seconds
2024-10-09T21:41:07.321+0300: 250.155: [GC (Allocation Failure) 2024-10-09T21:41:07.321+0300: 250.155: [ParNew: 460096K->51072K(460096K), 0.0345524 secs] 5760104K->5371629K(8337536K), 0.0346382 secs] [Times: user=0.03 sys=0.00, real=0.03 secs] 
2024-10-09T21:41:07.353+0300: 250.190: Total time for which application threads were stopped: 0.0349005 seconds, Stopping threads took: 0.0001449 seconds
2024-10-09T21:41:07.510+0300: 250.341: Application time: 0.1512724 seconds
2024-10-09T21:41:07.510+0300: 250.341: [GC (Allocation Failure) 2024-10-09T21:41:07.510+0300: 250.341: [ParNew: 460096K->51072K(460096K), 0.0386926 secs] 5780653K->5409500K(8337536K), 0.0387873 secs] [Times: user=0.03 sys=0.00, real=0.03 secs] 
2024-10-09T21:41:07.541+0300: 250.380: Total time for which application threads were stopped: 0.0391356 seconds, Stopping threads took: 0.0002222 seconds
2024-10-09T21:41:07.729+0300: 250.558: Application time: 0.1778278 seconds
2024-10-09T21:41:07.729+0300: 250.558: [GC (Allocation Failure) 2024-10-09T21:41:07.729+0300: 250.558: [ParNew: 460096K->51072K(460096K), 0.0293040 secs] 5818524K->5425231K(8337536K), 0.0293961 secs] [Times: user=0.05 sys=0.00, real=0.03 secs] 
2024-10-09T21:41:07.761+0300: 250.588: Total time for which application threads were stopped: 0.0296683 seconds, Stopping threads took: 0.0001266 seconds
2024-10-09T21:41:07.918+0300: 250.752: Application time: 0.1647111 seconds
2024-10-09T21:41:07.918+0300: 250.753: [GC (Allocation Failure) 2024-10-09T21:41:07.918+0300: 250.753: [ParNew: 460096K->51072K(460096K), 0.0295260 secs] 5834255K->5440376K(8337536K), 0.0296185 secs] [Times: user=0.03 sys=0.00, real=0.03 secs] 
2024-10-09T21:41:07.950+0300: 250.782: Total time for which application threads were stopped: 0.0299025 seconds, Stopping threads took: 0.0001534 seconds
2024-10-09T21:41:08.107+0300: 250.935: Application time: 0.1521788 seconds
2024-10-09T21:41:08.107+0300: 250.935: [GC (Allocation Failure) 2024-10-09T21:41:08.107+0300: 250.935: [ParNew: 460096K->45925K(460096K), 0.0325357 secs] 5849400K->5458720K(8337536K), 0.0326292 secs] [Times: user=0.02 sys=0.00, real=0.03 secs] 
2024-10-09T21:41:08.138+0300: 250.967: Total time for which application threads were stopped: 0.0329115 seconds, Stopping threads took: 0.0001549 seconds
2024-10-09T21:41:08.310+0300: 251.138: Application time: 0.1705106 seconds
2024-10-09T21:41:08.310+0300: 251.138: [GC (Allocation Failure) 2024-10-09T21:41:08.310+0300: 251.138: [ParNew: 454949K->46057K(460096K), 0.0298308 secs] 5867744K->5479989K(8337536K), 0.0299135 secs] [Times: user=0.03 sys=0.00, real=0.03 secs] 
2024-10-09T21:41:08.342+0300: 251.168: Total time for which application threads were stopped: 0.0301588 seconds, Stopping threads took: 0.0001274 seconds
2024-10-09T21:41:08.499+0300: 251.335: Application time: 0.1666699 seconds
2024-10-09T21:41:08.499+0300: 251.335: [GC (Allocation Failure) 2024-10-09T21:41:08.499+0300: 251.335: [ParNew: 455081K->51072K(460096K), 0.0265764 secs] 5889013K->5493025K(8337536K), 0.0266689 secs] [Times: user=0.03 sys=0.00, real=0.03 secs] 
2024-10-09T21:41:08.530+0300: 251.362: Total time for which application threads were stopped: 0.0269529 seconds, Stopping threads took: 0.0001621 seconds
2024-10-09T21:41:08.687+0300: 251.524: Application time: 0.1622897 seconds
2024-10-09T21:41:08.687+0300: 251.524: [GC (Allocation Failure) 2024-10-09T21:41:08.687+0300: 251.524: [ParNew: 460096K->51072K(460096K), 0.0361596 secs] 5902049K->5523617K(8337536K), 0.0362533 secs] [Times: user=0.11 sys=0.00, real=0.05 secs] 
2024-10-09T21:41:08.734+0300: 251.561: Total time for which application threads were stopped: 0.0365200 seconds, Stopping threads took: 0.0001350 seconds
2024-10-09T21:41:08.891+0300: 251.722: Application time: 0.1613085 seconds
2024-10-09T21:41:08.891+0300: 251.722: [GC (Allocation Failure) 2024-10-09T21:41:08.891+0300: 251.722: [ParNew: 460096K->51072K(460096K), 0.0293177 secs] 5932641K->5545030K(8337536K), 0.0294020 secs] [Times: user=0.03 sys=0.00, real=0.03 secs] 
2024-10-09T21:41:08.923+0300: 251.752: Total time for which application threads were stopped: 0.0296567 seconds, Stopping threads took: 0.0001380 seconds
2024-10-09T21:41:09.095+0300: 251.922: Application time: 0.1705783 seconds
2024-10-09T21:41:09.095+0300: 251.922: [GC (Allocation Failure) 2024-10-09T21:41:09.095+0300: 251.922: [ParNew: 460096K->51072K(460096K), 0.0303032 secs] 5954054K->5559377K(8337536K), 0.0303964 secs] [Times: user=0.02 sys=0.00, real=0.03 secs] 
2024-10-09T21:41:09.127+0300: 251.953: Total time for which application threads were stopped: 0.0306552 seconds, Stopping threads took: 0.0001343 seconds
2024-10-09T21:41:09.268+0300: 252.109: Application time: 0.1558901 seconds
2024-10-09T21:41:09.268+0300: 252.109: [GC (Allocation Failure) 2024-10-09T21:41:09.268+0300: 252.109: [ParNew: 460096K->51072K(460096K), 0.0307387 secs] 5968401K->5575826K(8337536K), 0.0308296 secs] [Times: user=0.03 sys=0.00, real=0.03 secs] 
2024-10-09T21:41:09.299+0300: 252.140: Total time for which application threads were stopped: 0.0311474 seconds, Stopping threads took: 0.0001893 seconds
2024-10-09T21:41:09.456+0300: 252.296: Application time: 0.1566085 seconds
2024-10-09T21:41:09.456+0300: 252.297: [GC (Allocation Failure) 2024-10-09T21:41:09.456+0300: 252.297: [ParNew: 460096K->47952K(460096K), 0.0309200 secs] 5984850K->5601334K(8337536K), 0.0310123 secs] [Times: user=0.03 sys=0.00, real=0.03 secs] 
2024-10-09T21:41:09.487+0300: 252.328: Total time for which application threads were stopped: 0.0312565 seconds, Stopping threads took: 0.0001237 seconds
2024-10-09T21:41:09.676+0300: 252.507: Application time: 0.1790070 seconds
2024-10-09T21:41:09.676+0300: 252.507: [GC (Allocation Failure) 2024-10-09T21:41:09.676+0300: 252.507: [ParNew: 456976K->51072K(460096K), 0.0272696 secs] 6010358K->5607027K(8337536K), 0.0273732 secs] [Times: user=0.11 sys=0.00, real=0.03 secs] 
2024-10-09T21:41:09.707+0300: 252.534: Total time for which application threads were stopped: 0.0276750 seconds, Stopping threads took: 0.0001541 seconds
2024-10-09T21:41:09.864+0300: 252.690: Application time: 0.1558392 seconds
2024-10-09T21:41:09.864+0300: 252.690: [GC (Allocation Failure) 2024-10-09T21:41:09.864+0300: 252.690: [ParNew: 460096K->51072K(460096K), 0.0332696 secs] 6016051K->5627255K(8337536K), 0.0333606 secs] [Times: user=0.03 sys=0.00, real=0.03 secs] 
2024-10-09T21:41:09.895+0300: 252.724: Total time for which application threads were stopped: 0.0336290 seconds, Stopping threads took: 0.0001357 seconds
2024-10-09T21:41:10.042+0300: 252.877: Application time: 0.1526870 seconds
2024-10-09T21:41:10.042+0300: 252.877: [GC (Allocation Failure) 2024-10-09T21:41:10.042+0300: 252.877: [ParNew: 460096K->48121K(460096K), 0.0328021 secs] 6036279K->5655419K(8337536K), 0.0328821 secs] [Times: user=0.03 sys=0.00, real=0.04 secs] 
2024-10-09T21:41:10.084+0300: 252.910: Total time for which application threads were stopped: 0.0331645 seconds, Stopping threads took: 0.0001642 seconds
2024-10-09T21:41:10.257+0300: 253.086: Application time: 0.1762803 seconds
2024-10-09T21:41:10.257+0300: 253.086: [GC (Allocation Failure) 2024-10-09T21:41:10.257+0300: 253.086: [ParNew: 457145K->51072K(460096K), 0.0267981 secs] 6064443K->5662261K(8337536K), 0.0268998 secs] [Times: user=0.01 sys=0.00, real=0.02 secs] 
2024-10-09T21:41:10.272+0300: 253.113: Total time for which application threads were stopped: 0.0271544 seconds, Stopping threads took: 0.0001308 seconds
2024-10-09T21:41:10.445+0300: 253.274: Application time: 0.1604478 seconds
2024-10-09T21:41:10.445+0300: 253.274: [GC (Allocation Failure) 2024-10-09T21:41:10.445+0300: 253.274: [ParNew: 460096K->51072K(460096K), 0.0356406 secs] 6071285K->5684988K(8337536K), 0.0357271 secs] [Times: user=0.03 sys=0.00, real=0.03 secs] 
2024-10-09T21:41:10.476+0300: 253.310: Total time for which application threads were stopped: 0.0359946 seconds, Stopping threads took: 0.0001496 seconds
2024-10-09T21:41:10.633+0300: 253.465: Application time: 0.1550463 seconds
2024-10-09T21:41:10.633+0300: 253.465: [GC (Allocation Failure) 2024-10-09T21:41:10.633+0300: 253.465: [ParNew: 460096K->42977K(460096K), 0.0357674 secs] 6094012K->5705626K(8337536K), 0.0358612 secs] [Times: user=0.14 sys=0.00, real=0.03 secs] 
2024-10-09T21:41:10.665+0300: 253.501: Total time for which application threads were stopped: 0.0361811 seconds, Stopping threads took: 0.0001628 seconds
2024-10-09T21:41:10.843+0300: 253.672: Application time: 0.1708795 seconds
2024-10-09T21:41:10.843+0300: 253.672: [GC (Allocation Failure) 2024-10-09T21:41:10.843+0300: 253.672: [ParNew: 452001K->51072K(460096K), 0.0317597 secs] 6114650K->5733443K(8337536K), 0.0318520 secs] [Times: user=0.03 sys=0.00, real=0.03 secs] 
2024-10-09T21:41:10.869+0300: 253.704: Total time for which application threads were stopped: 0.0321320 seconds, Stopping threads took: 0.0001621 seconds
2024-10-09T21:41:11.026+0300: 253.867: Application time: 0.1628094 seconds
2024-10-09T21:41:11.026+0300: 253.867: [GC (Allocation Failure) 2024-10-09T21:41:11.026+0300: 253.867: [ParNew: 460096K->51072K(460096K), 0.0293034 secs] 6142467K->5745405K(8337536K), 0.0294098 secs] [Times: user=0.03 sys=0.00, real=0.03 secs] 
2024-10-09T21:41:11.057+0300: 253.896: Total time for which application threads were stopped: 0.0297226 seconds, Stopping threads took: 0.0001860 seconds
2024-10-09T21:41:11.214+0300: 254.049: Application time: 0.1522898 seconds
2024-10-09T21:41:11.214+0300: 254.049: [GC (Allocation Failure) 2024-10-09T21:41:11.214+0300: 254.049: [ParNew: 460096K->49494K(460096K), 0.0353700 secs] 6154429K->5774160K(8337536K), 0.0354560 secs] [Times: user=0.03 sys=0.00, real=0.03 secs] 
2024-10-09T21:41:11.246+0300: 254.084: Total time for which application threads were stopped: 0.0356938 seconds, Stopping threads took: 0.0001239 seconds
2024-10-09T21:41:11.419+0300: 254.253: Application time: 0.1689136 seconds
2024-10-09T21:41:11.419+0300: 254.253: [GC (Allocation Failure) 2024-10-09T21:41:11.419+0300: 254.254: [ParNew: 458518K->49731K(460096K), 0.0268079 secs] 6183184K->5787520K(8337536K), 0.0268951 secs] [Times: user=0.03 sys=0.00, real=0.03 secs] 
2024-10-09T21:41:11.450+0300: 254.280: Total time for which application threads were stopped: 0.0271296 seconds, Stopping threads took: 0.0001156 seconds
2024-10-09T21:41:11.607+0300: 254.445: Application time: 0.1650508 seconds
2024-10-09T21:41:11.607+0300: 254.446: [GC (Allocation Failure) 2024-10-09T21:41:11.607+0300: 254.446: [ParNew: 458755K->51072K(460096K), 0.0273803 secs] 6196544K->5795420K(8337536K), 0.0274690 secs] [Times: user=0.03 sys=0.00, real=0.04 secs] 
2024-10-09T21:41:11.645+0300: 254.473: Total time for which application threads were stopped: 0.0277123 seconds, Stopping threads took: 0.0001198 seconds
2024-10-09T21:41:11.795+0300: 254.633: Application time: 0.1593973 seconds
2024-10-09T21:41:11.795+0300: 254.633: [GC (Allocation Failure) 2024-10-09T21:41:11.795+0300: 254.633: [ParNew: 460096K->49460K(460096K), 0.0324578 secs] 6204444K->5821823K(8337536K), 0.0325562 secs] [Times: user=0.06 sys=0.00, real=0.03 secs] 
2024-10-09T21:41:11.827+0300: 254.665: Total time for which application threads were stopped: 0.0329046 seconds, Stopping threads took: 0.0002029 seconds
2024-10-09T21:41:12.000+0300: 254.827: Application time: 0.1619107 seconds
2024-10-09T21:41:12.000+0300: 254.828: [GC (Allocation Failure) 2024-10-09T21:41:12.000+0300: 254.828: [ParNew: 458484K->49115K(460096K), 0.0289257 secs] 6230847K->5836659K(8337536K), 0.0290133 secs] [Times: user=0.01 sys=0.00, real=0.02 secs] 
2024-10-09T21:41:12.016+0300: 254.857: Total time for which application threads were stopped: 0.0292833 seconds, Stopping threads took: 0.0001465 seconds
2024-10-09T21:41:12.188+0300: 255.025: Application time: 0.1678928 seconds
2024-10-09T21:41:12.188+0300: 255.025: [GC (Allocation Failure) 2024-10-09T21:41:12.188+0300: 255.025: [ParNew: 458139K->51072K(460096K), 0.0270178 secs] 6245683K->5846173K(8337536K), 0.0271038 secs] [Times: user=0.03 sys=0.00, real=0.03 secs] 
2024-10-09T21:41:12.220+0300: 255.052: Total time for which application threads were stopped: 0.0273743 seconds, Stopping threads took: 0.0001576 seconds
2024-10-09T21:41:12.377+0300: 255.208: Application time: 0.1559548 seconds
2024-10-09T21:41:12.377+0300: 255.208: [GC (Allocation Failure) 2024-10-09T21:41:12.377+0300: 255.208: [ParNew: 460096K->51072K(460096K), 0.0324956 secs] 6255197K->5869802K(8337536K), 0.0325824 secs] [Times: user=0.03 sys=0.00, real=0.03 secs] 
2024-10-09T21:41:12.408+0300: 255.241: Total time for which application threads were stopped: 0.0328697 seconds, Stopping threads took: 0.0001720 seconds
2024-10-09T21:41:12.565+0300: 255.401: Application time: 0.1605133 seconds
2024-10-09T21:41:12.565+0300: 255.402: [GC (Allocation Failure) 2024-10-09T21:41:12.565+0300: 255.402: [ParNew: 460096K->51072K(460096K), 0.0276398 secs] 6278826K->5885996K(8337536K), 0.0277261 secs] [Times: user=0.03 sys=0.00, real=0.03 secs] 
2024-10-09T21:41:12.596+0300: 255.429: Total time for which application threads were stopped: 0.0280054 seconds, Stopping threads took: 0.0001623 seconds
2024-10-09T21:41:12.769+0300: 255.608: Application time: 0.1787751 seconds
2024-10-09T21:41:12.769+0300: 255.608: [GC (Allocation Failure) 2024-10-09T21:41:12.769+0300: 255.608: [ParNew: 460096K->51072K(460096K), 0.0323000 secs] 6295020K->5903834K(8337536K), 0.0323975 secs] [Times: user=0.06 sys=0.00, real=0.03 secs] 
2024-10-09T21:41:12.800+0300: 255.641: Total time for which application threads were stopped: 0.0327129 seconds, Stopping threads took: 0.0001718 seconds
2024-10-09T21:41:12.957+0300: 255.797: Application time: 0.1557742 seconds
2024-10-09T21:41:12.957+0300: 255.797: [GC (Allocation Failure) 2024-10-09T21:41:12.957+0300: 255.797: [ParNew: 460096K->51072K(460096K), 0.0339262 secs] 6312858K->5927714K(8337536K), 0.0340116 secs] [Times: user=0.05 sys=0.00, real=0.05 secs] 
2024-10-09T21:41:13.004+0300: 255.831: Total time for which application threads were stopped: 0.0342943 seconds, Stopping threads took: 0.0001641 seconds
2024-10-09T21:41:13.161+0300: 255.989: Application time: 0.1578070 seconds
2024-10-09T21:41:13.161+0300: 255.989: [GC (Allocation Failure) 2024-10-09T21:41:13.161+0300: 255.989: [ParNew: 460096K->51072K(460096K), 0.0274672 secs] 6336738K->5941353K(8337536K), 0.0275543 secs] [Times: user=0.02 sys=0.00, real=0.02 secs] 
2024-10-09T21:41:13.177+0300: 256.017: Total time for which application threads were stopped: 0.0278161 seconds, Stopping threads took: 0.0001295 seconds
2024-10-09T21:41:13.349+0300: 256.190: Application time: 0.1730692 seconds
2024-10-09T21:41:13.349+0300: 256.190: [GC (Allocation Failure) 2024-10-09T21:41:13.349+0300: 256.190: [ParNew: 460096K->51072K(460096K), 0.0353261 secs] 6350377K->5970028K(8337536K), 0.0354122 secs] [Times: user=0.05 sys=0.00, real=0.05 secs] 
2024-10-09T21:41:13.396+0300: 256.225: Total time for which application threads were stopped: 0.0356903 seconds, Stopping threads took: 0.0001598 seconds
2024-10-09T21:41:13.552+0300: 256.379: Application time: 0.1538713 seconds
2024-10-09T21:41:13.552+0300: 256.379: Total time for which application threads were stopped: 0.0002039 seconds, Stopping threads took: 0.0001442 seconds
2024-10-09T21:41:13.552+0300: 256.391: Application time: 0.0115076 seconds
2024-10-09T21:41:13.552+0300: 256.391: Total time for which application threads were stopped: 0.0001527 seconds, Stopping threads took: 0.0001098 seconds
2024-10-09T21:41:13.568+0300: 256.395: Application time: 0.0038338 seconds
2024-10-09T21:41:13.568+0300: 256.395: [GC (Allocation Failure) 2024-10-09T21:41:13.568+0300: 256.395: [ParNew: 460096K->51072K(460096K), 0.0305871 secs] 6379052K->5994998K(8337536K), 0.0306676 secs] [Times: user=0.03 sys=0.00, real=0.03 secs] 
2024-10-09T21:41:13.599+0300: 256.426: Total time for which application threads were stopped: 0.0308064 seconds, Stopping threads took: 0.0000478 seconds
2024-10-09T21:41:13.678+0300: 256.509: Application time: 0.0836176 seconds
2024-10-09T21:41:13.678+0300: 256.509: Total time for which application threads were stopped: 0.0001398 seconds, Stopping threads took: 0.0000807 seconds
2024-10-09T21:41:13.756+0300: 256.596: Application time: 0.0867816 seconds
2024-10-09T21:41:13.756+0300: 256.597: Total time for which application threads were stopped: 0.0004120 seconds, Stopping threads took: 0.0003558 seconds
2024-10-09T21:41:13.881+0300: 256.709: Application time: 0.1118803 seconds
2024-10-09T21:41:13.881+0300: 256.709: [GC (Allocation Failure) 2024-10-09T21:41:13.881+0300: 256.709: [ParNew: 460096K->51072K(460096K), 0.0250845 secs] 6404022K->5997799K(8337536K), 0.0251675 secs] [Times: user=0.02 sys=0.00, real=0.02 secs] 
2024-10-09T21:41:13.897+0300: 256.734: Total time for which application threads were stopped: 0.0254141 seconds, Stopping threads took: 0.0001345 seconds
2024-10-09T21:41:14.038+0300: 256.866: Application time: 0.1321177 seconds
2024-10-09T21:41:14.038+0300: 256.866: [GC (Allocation Failure) 2024-10-09T21:41:14.038+0300: 256.866: [ParNew: 460096K->49446K(460096K), 0.0300960 secs] 6406823K->6021291K(8337536K), 0.0301796 secs] [Times: user=0.03 sys=0.00, real=0.03 secs] 
2024-10-09T21:41:14.070+0300: 256.896: Total time for which application threads were stopped: 0.0304250 seconds, Stopping threads took: 0.0001372 seconds
2024-10-09T21:41:14.264+0300: 257.090: Application time: 0.1933012 seconds
2024-10-09T21:41:14.264+0300: 257.090: [GC (Allocation Failure) 2024-10-09T21:41:14.264+0300: 257.090: [ParNew: 458470K->40736K(460096K), 0.0305333 secs] 6430315K->6034224K(8337536K), 0.0306193 secs] [Times: user=0.03 sys=0.00, real=0.03 secs] 
2024-10-09T21:41:14.290+0300: 257.121: Total time for which application threads were stopped: 0.0308522 seconds, Stopping threads took: 0.0001086 seconds
2024-10-09T21:41:14.478+0300: 257.306: Application time: 0.1851846 seconds
2024-10-09T21:41:14.478+0300: 257.306: [GC (Allocation Failure) 2024-10-09T21:41:14.478+0300: 257.306: [ParNew: 449760K->51072K(460096K), 0.0340376 secs] 6443248K->6061779K(8337536K), 0.0341218 secs] [Times: user=0.03 sys=0.00, real=0.03 secs] 
2024-10-09T21:41:14.509+0300: 257.340: Total time for which application threads were stopped: 0.0344106 seconds, Stopping threads took: 0.0001738 seconds
2024-10-09T21:41:14.652+0300: 257.484: Application time: 0.1435002 seconds
2024-10-09T21:41:14.652+0300: 257.484: [GC (Allocation Failure) 2024-10-09T21:41:14.652+0300: 257.484: [ParNew: 460096K->50758K(460096K), 0.0366175 secs] 6470803K->6090645K(8337536K), 0.0367077 secs] [Times: user=0.14 sys=0.02, real=0.03 secs] 
2024-10-09T21:41:14.682+0300: 257.521: Total time for which application threads were stopped: 0.0370217 seconds, Stopping threads took: 0.0001712 seconds
2024-10-09T21:41:14.871+0300: 257.709: Application time: 0.1885273 seconds
2024-10-09T21:41:14.871+0300: 257.709: [GC (Allocation Failure) 2024-10-09T21:41:14.871+0300: 257.710: [ParNew: 459782K->47076K(460096K), 0.0296915 secs] 6499669K->6110919K(8337536K), 0.0297828 secs] [Times: user=0.03 sys=0.00, real=0.03 secs] 
2024-10-09T21:41:14.902+0300: 257.739: Total time for which application threads were stopped: 0.0300326 seconds, Stopping threads took: 0.0001303 seconds
2024-10-09T21:41:15.090+0300: 257.919: Application time: 0.1796503 seconds
2024-10-09T21:41:15.090+0300: 257.919: [GC (Allocation Failure) 2024-10-09T21:41:15.090+0300: 257.919: [ParNew: 456100K->51072K(460096K), 0.0298535 secs] 6519943K->6127552K(8337536K), 0.0299340 secs] [Times: user=0.01 sys=0.00, real=0.03 secs] 
2024-10-09T21:41:15.122+0300: 257.949: Total time for which application threads were stopped: 0.0301784 seconds, Stopping threads took: 0.0001227 seconds
2024-10-09T21:41:15.263+0300: 258.100: Application time: 0.1512261 seconds
2024-10-09T21:41:15.263+0300: 258.101: [GC (Allocation Failure) 2024-10-09T21:41:15.263+0300: 258.101: [ParNew: 460096K->51072K(460096K), 0.0328751 secs] 6536576K->6151609K(8337536K), 0.0329646 secs] [Times: user=0.03 sys=0.00, real=0.03 secs] 
2024-10-09T21:41:15.294+0300: 258.134: Total time for which application threads were stopped: 0.0332443 seconds, Stopping threads took: 0.0001628 seconds
2024-10-09T21:41:15.483+0300: 258.312: Application time: 0.1785967 seconds
2024-10-09T21:41:15.483+0300: 258.312: [GC (Allocation Failure) 2024-10-09T21:41:15.483+0300: 258.312: [ParNew: 460096K->46921K(460096K), 0.0302866 secs] 6560633K->6172641K(8337536K), 0.0303763 secs] [Times: user=0.03 sys=0.00, real=0.03 secs] 
2024-10-09T21:41:15.514+0300: 258.343: Total time for which application threads were stopped: 0.0306392 seconds, Stopping threads took: 0.0001367 seconds
2024-10-09T21:41:15.686+0300: 258.526: Application time: 0.1827495 seconds
2024-10-09T21:41:15.686+0300: 258.526: [GC (Allocation Failure) 2024-10-09T21:41:15.686+0300: 258.526: [ParNew: 455945K->51072K(460096K), 0.0255251 secs] 6581665K->6179232K(8337536K), 0.0256008 secs] [Times: user=0.12 sys=0.00, real=0.03 secs] 
2024-10-09T21:41:15.718+0300: 258.552: Total time for which application threads were stopped: 0.0259097 seconds, Stopping threads took: 0.0001604 seconds
2024-10-09T21:41:15.875+0300: 258.707: Application time: 0.1556039 seconds
2024-10-09T21:41:15.875+0300: 258.707: [GC (Allocation Failure) 2024-10-09T21:41:15.875+0300: 258.707: [ParNew: 460096K->51072K(460096K), 0.0334208 secs] 6588256K->6204191K(8337536K), 0.0335140 secs] [Times: user=0.06 sys=0.00, real=0.03 secs] 
2024-10-09T21:41:15.906+0300: 258.741: Total time for which application threads were stopped: 0.0337996 seconds, Stopping threads took: 0.0001545 seconds
2024-10-09T21:41:16.079+0300: 258.915: Application time: 0.1742352 seconds
2024-10-09T21:41:16.079+0300: 258.915: [GC (Allocation Failure) 2024-10-09T21:41:16.079+0300: 258.915: [ParNew: 460096K->47355K(460096K), 0.0300424 secs] 6613215K->6222767K(8337536K), 0.0301307 secs] [Times: user=0.03 sys=0.00, real=0.03 secs] 
2024-10-09T21:41:16.110+0300: 258.946: Total time for which application threads were stopped: 0.0303707 seconds, Stopping threads took: 0.0001234 seconds
2024-10-09T21:41:16.283+0300: 259.119: Application time: 0.1735535 seconds
2024-10-09T21:41:16.283+0300: 259.119: [GC (Allocation Failure) 2024-10-09T21:41:16.283+0300: 259.119: [ParNew: 456379K->51072K(460096K), 0.0290687 secs] 6631791K->6238282K(8337536K), 0.0291598 secs] [Times: user=0.03 sys=0.00, real=0.03 secs] 
2024-10-09T21:41:16.314+0300: 259.149: Total time for which application threads were stopped: 0.0294218 seconds, Stopping threads took: 0.0001379 seconds
2024-10-09T21:41:16.471+0300: 259.303: Application time: 0.1541619 seconds
2024-10-09T21:41:16.471+0300: 259.303: [GC (Allocation Failure) 2024-10-09T21:41:16.471+0300: 259.303: [ParNew: 460096K->48344K(460096K), 0.0365185 secs] 6647306K->6269676K(8337536K), 0.0366033 secs] [Times: user=0.03 sys=0.00, real=0.03 secs] 
2024-10-09T21:41:16.502+0300: 259.340: Total time for which application threads were stopped: 0.0369062 seconds, Stopping threads took: 0.0001931 seconds
2024-10-09T21:41:16.691+0300: 259.527: Application time: 0.1875103 seconds
2024-10-09T21:41:16.691+0300: 259.527: [GC (Allocation Failure) 2024-10-09T21:41:16.691+0300: 259.527: [ParNew: 457368K->49272K(460096K), 0.0297349 secs] 6678700K->6290216K(8337536K), 0.0298295 secs] [Times: user=0.11 sys=0.00, real=0.03 secs] 
2024-10-09T21:41:16.722+0300: 259.557: Total time for which application threads were stopped: 0.0301139 seconds, Stopping threads took: 0.0001450 seconds
2024-10-09T21:41:16.895+0300: 259.729: Application time: 0.1720868 seconds
2024-10-09T21:41:16.895+0300: 259.730: [GC (Allocation Failure) 2024-10-09T21:41:16.895+0300: 259.730: [ParNew: 458296K->51072K(460096K), 0.0293273 secs] 6699240K->6303899K(8337536K), 0.0294170 secs] [Times: user=0.03 sys=0.00, real=0.03 secs] 
2024-10-09T21:41:16.926+0300: 259.759: Total time for which application threads were stopped: 0.0297192 seconds, Stopping threads took: 0.0001828 seconds
2024-10-09T21:41:17.083+0300: 259.911: Application time: 0.1516202 seconds
2024-10-09T21:41:17.083+0300: 259.911: [GC (Allocation Failure) 2024-10-09T21:41:17.083+0300: 259.911: [ParNew: 460096K->49640K(460096K), 0.0307438 secs] 6712923K->6327269K(8337536K), 0.0308247 secs] [Times: user=0.03 sys=0.00, real=0.03 secs] 
2024-10-09T21:41:17.114+0300: 259.942: Total time for which application threads were stopped: 0.0310780 seconds, Stopping threads took: 0.0001402 seconds
2024-10-09T21:41:17.287+0300: 260.124: Application time: 0.1820595 seconds
2024-10-09T21:41:17.287+0300: 260.124: [GC (Allocation Failure) 2024-10-09T21:41:17.287+0300: 260.124: [ParNew: 458664K->42912K(460096K), 0.0294641 secs] 6736293K->6339630K(8337536K), 0.0295498 secs] [Times: user=0.03 sys=0.00, real=0.03 secs] 
2024-10-09T21:41:17.318+0300: 260.154: Total time for which application threads were stopped: 0.0297994 seconds, Stopping threads took: 0.0001299 seconds
2024-10-09T21:41:17.491+0300: 260.328: Application time: 0.1745418 seconds
2024-10-09T21:41:17.491+0300: 260.328: [GC (Allocation Failure) 2024-10-09T21:41:17.491+0300: 260.328: [ParNew: 451936K->51072K(460096K), 0.0323476 secs] 6748654K->6363436K(8337536K), 0.0324383 secs] [Times: user=0.03 sys=0.00, real=0.03 secs] 
2024-10-09T21:41:17.522+0300: 260.361: Total time for which application threads were stopped: 0.0327148 seconds, Stopping threads took: 0.0001390 seconds
2024-10-09T21:41:17.679+0300: 260.515: Application time: 0.1544997 seconds
2024-10-09T21:41:17.679+0300: 260.516: [GC (Allocation Failure) 2024-10-09T21:41:17.679+0300: 260.516: [ParNew: 460096K->51072K(460096K), 0.0338430 secs] 6772460K->6391711K(8337536K), 0.0339392 secs] [Times: user=0.16 sys=0.00, real=0.03 secs] 
2024-10-09T21:41:17.711+0300: 260.550: Total time for which application threads were stopped: 0.0342555 seconds, Stopping threads took: 0.0001772 seconds
2024-10-09T21:41:17.899+0300: 260.732: Application time: 0.1818935 seconds
2024-10-09T21:41:17.899+0300: 260.732: [GC (Allocation Failure) 2024-10-09T21:41:17.899+0300: 260.732: [ParNew: 460096K->40810K(460096K), 0.0292959 secs] 6800735K->6402058K(8337536K), 0.0293821 secs] [Times: user=0.03 sys=0.00, real=0.04 secs] 
2024-10-09T21:41:17.935+0300: 260.761: Total time for which application threads were stopped: 0.0296172 seconds, Stopping threads took: 0.0001145 seconds
2024-10-09T21:41:18.103+0300: 260.941: Application time: 0.1796260 seconds
2024-10-09T21:41:18.103+0300: 260.941: [GC (Allocation Failure) 2024-10-09T21:41:18.103+0300: 260.941: [ParNew: 449834K->51072K(460096K), 0.0273539 secs] 6811082K->6418090K(8337536K), 0.0274448 secs] [Times: user=0.03 sys=0.00, real=0.03 secs] 
2024-10-09T21:41:18.135+0300: 260.968: Total time for which application threads were stopped: 0.0276900 seconds, Stopping threads took: 0.0001199 seconds
2024-10-09T21:41:18.276+0300: 261.113: Application time: 0.1444873 seconds
2024-10-09T21:41:18.276+0300: 261.113: [GC (Allocation Failure) 2024-10-09T21:41:18.276+0300: 261.113: [ParNew: 460096K->51072K(460096K), 0.0291015 secs] 6827114K->6441153K(8337536K), 0.0291907 secs] [Times: user=0.03 sys=0.00, real=0.03 secs] 
2024-10-09T21:41:18.307+0300: 261.142: Total time for which application threads were stopped: 0.0294675 seconds, Stopping threads took: 0.0001616 seconds
2024-10-09T21:41:18.480+0300: 261.321: Application time: 0.1782520 seconds
2024-10-09T21:41:18.480+0300: 261.321: [GC (Allocation Failure) 2024-10-09T21:41:18.480+0300: 261.321: [ParNew: 460096K->39469K(460096K), 0.0303320 secs] 6850177K->6453030K(8337536K), 0.0304205 secs] [Times: user=0.03 sys=0.00, real=0.03 secs] 
2024-10-09T21:41:18.511+0300: 261.351: Total time for which application threads were stopped: 0.0306834 seconds, Stopping threads took: 0.0001390 seconds
2024-10-09T21:41:18.700+0300: 261.533: Application time: 0.1817016 seconds
2024-10-09T21:41:18.700+0300: 261.533: [GC (Allocation Failure) 2024-10-09T21:41:18.700+0300: 261.533: [ParNew: 448493K->51072K(460096K), 0.0306606 secs] 6862054K->6474105K(8337536K), 0.0307564 secs] [Times: user=0.06 sys=0.00, real=0.03 secs] 
2024-10-09T21:41:18.731+0300: 261.564: Total time for which application threads were stopped: 0.0310534 seconds, Stopping threads took: 0.0001477 seconds
2024-10-09T21:41:18.872+0300: 261.711: Application time: 0.1469597 seconds
2024-10-09T21:41:18.872+0300: 261.711: [GC (Allocation Failure) 2024-10-09T21:41:18.872+0300: 261.711: [ParNew: 460096K->51072K(460096K), 0.0334546 secs] 6883129K->6499390K(8337536K), 0.0335489 secs] [Times: user=0.05 sys=0.00, real=0.03 secs] 
2024-10-09T21:41:18.904+0300: 261.745: Total time for which application threads were stopped: 0.0339028 seconds, Stopping threads took: 0.0002250 seconds
2024-10-09T21:41:19.092+0300: 261.918: Application time: 0.1733693 seconds
2024-10-09T21:41:19.092+0300: 261.919: [GC (Allocation Failure) 2024-10-09T21:41:19.092+0300: 261.919: [ParNew: 460096K->51072K(460096K), 0.0320733 secs] 6908414K->6525310K(8337536K), 0.0321572 secs] [Times: user=0.02 sys=0.00, real=0.03 secs] 
2024-10-09T21:41:19.124+0300: 261.951: Total time for which application threads were stopped: 0.0324486 seconds, Stopping threads took: 0.0001775 seconds
2024-10-09T21:41:19.296+0300: 262.129: Application time: 0.1783154 seconds
2024-10-09T21:41:19.296+0300: 262.129: [GC (Allocation Failure) 2024-10-09T21:41:19.296+0300: 262.129: [ParNew: 460096K->51072K(460096K), 0.0286862 secs] 6934334K->6535035K(8337536K), 0.0287818 secs] [Times: user=0.03 sys=0.00, real=0.03 secs] 
2024-10-09T21:41:19.328+0300: 262.158: Total time for which application threads were stopped: 0.0290205 seconds, Stopping threads took: 0.0001192 seconds
2024-10-09T21:41:19.485+0300: 262.311: Application time: 0.1532539 seconds
2024-10-09T21:41:19.485+0300: 262.312: [GC (Allocation Failure) 2024-10-09T21:41:19.485+0300: 262.312: [ParNew: 460096K->51072K(460096K), 0.0364503 secs] 6944059K->6562477K(8337536K), 0.0365353 secs] [Times: user=0.05 sys=0.00, real=0.03 secs] 
2024-10-09T21:41:19.516+0300: 262.348: Total time for which application threads were stopped: 0.0368111 seconds, Stopping threads took: 0.0001538 seconds
2024-10-09T21:41:19.689+0300: 262.520: Application time: 0.1713897 seconds
2024-10-09T21:41:19.689+0300: 262.520: [GC (Allocation Failure) 2024-10-09T21:41:19.689+0300: 262.520: [ParNew: 460096K->39802K(460096K), 0.0316846 secs] 6971501K->6576617K(8337536K), 0.0317741 secs] [Times: user=0.14 sys=0.03, real=0.03 secs] 
2024-10-09T21:41:19.720+0300: 262.552: Total time for which application threads were stopped: 0.0320292 seconds, Stopping threads took: 0.0001132 seconds
2024-10-09T21:41:19.893+0300: 262.730: Application time: 0.1778849 seconds
2024-10-09T21:41:19.893+0300: 262.730: [GC (Allocation Failure) 2024-10-09T21:41:19.893+0300: 262.730: [ParNew: 448826K->51072K(460096K), 0.0297503 secs] 6985641K->6603186K(8337536K), 0.0298358 secs] [Times: user=0.03 sys=0.00, real=0.03 secs] 
2024-10-09T21:41:19.924+0300: 262.760: Total time for which application threads were stopped: 0.0300576 seconds, Stopping threads took: 0.0001037 seconds
2024-10-09T21:41:20.081+0300: 262.917: Application time: 0.1577012 seconds
2024-10-09T21:41:20.081+0300: 262.918: [GC (Allocation Failure) 2024-10-09T21:41:20.081+0300: 262.918: [ParNew: 460096K->51072K(460096K), 0.0276212 secs] 7012210K->6614005K(8337536K), 0.0277138 secs] [Times: user=0.03 sys=0.00, real=0.03 secs] 
2024-10-09T21:41:20.112+0300: 262.945: Total time for which application threads were stopped: 0.0280404 seconds, Stopping threads took: 0.0002066 seconds
2024-10-09T21:41:20.282+0300: 263.109: Application time: 0.1632627 seconds
2024-10-09T21:41:20.282+0300: 263.109: [GC (Allocation Failure) 2024-10-09T21:41:20.282+0300: 263.109: [ParNew: 460096K->47367K(460096K), 0.0317981 secs] 7023029K->6636589K(8337536K), 0.0318890 secs] [Times: user=0.02 sys=0.00, real=0.02 secs] 
2024-10-09T21:41:20.301+0300: 263.141: Total time for which application threads were stopped: 0.0321433 seconds, Stopping threads took: 0.0001365 seconds
2024-10-09T21:41:20.489+0300: 263.316: Application time: 0.1750291 seconds
2024-10-09T21:41:20.489+0300: 263.316: [GC (Allocation Failure) 2024-10-09T21:41:20.489+0300: 263.316: [ParNew: 456391K->44418K(460096K), 0.0303766 secs] 7045613K->6651790K(8337536K), 0.0326358 secs] [Times: user=0.03 sys=0.00, real=0.03 secs] 
2024-10-09T21:41:20.520+0300: 263.349: Total time for which application threads were stopped: 0.0328961 seconds, Stopping threads took: 0.0001187 seconds
2024-10-09T21:41:20.677+0300: 263.516: Application time: 0.1668248 seconds
2024-10-09T21:41:20.677+0300: 263.516: [GC (Allocation Failure) 2024-10-09T21:41:20.677+0300: 263.516: [ParNew: 453442K->51072K(460096K), 0.0290390 secs] 7060814K->6668494K(8337536K), 0.0291348 secs] [Times: user=0.19 sys=0.00, real=0.03 secs] 
2024-10-09T21:41:20.709+0300: 263.545: Total time for which application threads were stopped: 0.0294599 seconds, Stopping threads took: 0.0001841 seconds
2024-10-09T21:41:20.865+0300: 263.705: Application time: 0.1595628 seconds
2024-10-09T21:41:20.865+0300: 263.705: [GC (Allocation Failure) 2024-10-09T21:41:20.865+0300: 263.705: [ParNew: 460096K->47278K(460096K), 0.0390452 secs] 7077518K->6703665K(8337536K), 0.0391349 secs] [Times: user=0.03 sys=0.00, real=0.05 secs] 
2024-10-09T21:41:20.912+0300: 263.744: Total time for which application threads were stopped: 0.0393832 seconds, Stopping threads took: 0.0001324 seconds
2024-10-09T21:41:21.085+0300: 263.917: Application time: 0.1727703 seconds
2024-10-09T21:41:21.085+0300: 263.917: [GC (Allocation Failure) 2024-10-09T21:41:21.085+0300: 263.917: [ParNew: 456302K->44975K(460096K), 0.0307531 secs] 7112689K->6720120K(8337536K), 0.0308429 secs] [Times: user=0.03 sys=0.00, real=0.03 secs] 
2024-10-09T21:41:21.116+0300: 263.948: Total time for which application threads were stopped: 0.0311175 seconds, Stopping threads took: 0.0001540 seconds
2024-10-09T21:41:21.273+0300: 264.110: Application time: 0.1617433 seconds
2024-10-09T21:41:21.273+0300: 264.110: [GC (Allocation Failure) 2024-10-09T21:41:21.273+0300: 264.110: [ParNew: 453999K->51072K(460096K), 0.0285086 secs] 7129144K->6736887K(8337536K), 0.0285926 secs] [Times: user=0.03 sys=0.00, real=0.03 secs] 
2024-10-09T21:41:21.305+0300: 264.138: Total time for which application threads were stopped: 0.0288752 seconds, Stopping threads took: 0.0001649 seconds
2024-10-09T21:41:21.467+0300: 264.301: Application time: 0.1620949 seconds
2024-10-09T21:41:21.467+0300: 264.301: [GC (Allocation Failure) 2024-10-09T21:41:21.467+0300: 264.301: [ParNew: 460096K->51072K(460096K), 0.0336679 secs] 7145911K->6767520K(8337536K), 0.0337484 secs] [Times: user=0.05 sys=0.00, real=0.04 secs] 
2024-10-09T21:41:21.508+0300: 264.335: Total time for which application threads were stopped: 0.0340177 seconds, Stopping threads took: 0.0001465 seconds
2024-10-09T21:41:21.681+0300: 264.511: Application time: 0.1760492 seconds
2024-10-09T21:41:21.681+0300: 264.511: [GC (Allocation Failure) 2024-10-09T21:41:21.681+0300: 264.511: [ParNew: 460096K->51072K(460096K), 0.0282601 secs] 7176544K->6774575K(8337536K), 0.0283469 secs] [Times: user=0.03 sys=0.00, real=0.03 secs] 
2024-10-09T21:41:21.712+0300: 264.539: Total time for which application threads were stopped: 0.0286484 seconds, Stopping threads took: 0.0001711 seconds
2024-10-09T21:41:21.870+0300: 264.706: Application time: 0.1664045 seconds
2024-10-09T21:41:21.870+0300: 264.706: [GC (Allocation Failure) 2024-10-09T21:41:21.870+0300: 264.706: [ParNew: 460096K->51072K(460096K), 0.0337980 secs] 7183599K->6800128K(8337536K), 0.0338913 secs] [Times: user=0.06 sys=0.00, real=0.03 secs] 
2024-10-09T21:41:21.901+0300: 264.740: Total time for which application threads were stopped: 0.0341704 seconds, Stopping threads took: 0.0001567 seconds
2024-10-09T21:41:22.074+0300: 264.905: Application time: 0.1652257 seconds
2024-10-09T21:41:22.074+0300: 264.905: [GC (Allocation Failure) 2024-10-09T21:41:22.074+0300: 264.905: [ParNew: 460096K->51072K(460096K), 0.0322566 secs] 7209152K->6825878K(8337536K), 0.0323390 secs] [Times: user=0.03 sys=0.00, real=0.03 secs] 
2024-10-09T21:41:22.105+0300: 264.938: Total time for which application threads were stopped: 0.0326202 seconds, Stopping threads took: 0.0001568 seconds
2024-10-09T21:41:22.278+0300: 265.113: Application time: 0.1750425 seconds
2024-10-09T21:41:22.278+0300: 265.113: [GC (Allocation Failure) 2024-10-09T21:41:22.278+0300: 265.113: [ParNew: 460096K->51072K(460096K), 0.0288527 secs] 7234902K->6836982K(8337536K), 0.0289419 secs] [Times: user=0.05 sys=0.00, real=0.03 secs] 
2024-10-09T21:41:22.309+0300: 265.142: Total time for which application threads were stopped: 0.0292006 seconds, Stopping threads took: 0.0001459 seconds
2024-10-09T21:41:22.469+0300: 265.305: Application time: 0.1626764 seconds
2024-10-09T21:41:22.469+0300: 265.305: [GC (Allocation Failure) 2024-10-09T21:41:22.469+0300: 265.305: [ParNew: 460096K->51072K(460096K), 0.0323079 secs] 7246006K->6860721K(8337536K), 0.0323964 secs] [Times: user=0.03 sys=0.00, real=0.03 secs] 
2024-10-09T21:41:22.497+0300: 265.337: Total time for which application threads were stopped: 0.0326554 seconds, Stopping threads took: 0.0001389 seconds
2024-10-09T21:41:22.670+0300: 265.511: Application time: 0.1741567 seconds
2024-10-09T21:41:22.686+0300: 265.512: [GC (Allocation Failure) 2024-10-09T21:41:22.686+0300: 265.512: [ParNew: 460096K->51072K(460096K), 0.0297169 secs] 7269745K->6878792K(8337536K), 0.0298222 secs] [Times: user=0.09 sys=0.00, real=0.02 secs] 
2024-10-09T21:41:22.702+0300: 265.542: Total time for which application threads were stopped: 0.0301665 seconds, Stopping threads took: 0.0001841 seconds
2024-10-09T21:41:22.890+0300: 265.721: Application time: 0.1795566 seconds
2024-10-09T21:41:22.890+0300: 265.721: [GC (Allocation Failure) 2024-10-09T21:41:22.890+0300: 265.721: [ParNew: 460096K->51072K(460096K), 0.0329269 secs] 7287816K->6897207K(8337536K), 0.0330072 secs] [Times: user=0.03 sys=0.00, real=0.03 secs] 
2024-10-09T21:41:22.921+0300: 265.754: Total time for which application threads were stopped: 0.0332660 seconds, Stopping threads took: 0.0001505 seconds
2024-10-09T21:41:23.078+0300: 265.909: Application time: 0.1548385 seconds
2024-10-09T21:41:23.078+0300: 265.909: [GC (Allocation Failure) 2024-10-09T21:41:23.078+0300: 265.910: [ParNew: 460096K->51072K(460096K), 0.0318924 secs] 7306231K->6920197K(8337536K), 0.0319825 secs] [Times: user=0.03 sys=0.00, real=0.03 secs] 
2024-10-09T21:41:23.110+0300: 265.942: Total time for which application threads were stopped: 0.0322591 seconds, Stopping threads took: 0.0001593 seconds
2024-10-09T21:41:23.282+0300: 266.113: Application time: 0.1716868 seconds
2024-10-09T21:41:23.282+0300: 266.113: [GC (Allocation Failure) 2024-10-09T21:41:23.282+0300: 266.113: [ParNew: 460096K->48867K(460096K), 0.0256354 secs] 7329221K->6928134K(8337536K), 0.0257192 secs] [Times: user=0.01 sys=0.00, real=0.02 secs] 
2024-10-09T21:41:23.298+0300: 266.139: Total time for which application threads were stopped: 0.0259920 seconds, Stopping threads took: 0.0001499 seconds
2024-10-09T21:41:23.486+0300: 266.319: Application time: 0.1798458 seconds
2024-10-09T21:41:23.486+0300: 266.319: [GC (Allocation Failure) 2024-10-09T21:41:23.486+0300: 266.319: [ParNew: 457891K->50229K(460096K), 0.0309976 secs] 7337158K->6948268K(8337536K), 0.0310953 secs] [Times: user=0.03 sys=0.00, real=0.03 secs] 
2024-10-09T21:41:23.518+0300: 266.350: Total time for which application threads were stopped: 0.0313664 seconds, Stopping threads took: 0.0001368 seconds
2024-10-09T21:41:23.690+0300: 266.517: Application time: 0.1660908 seconds
2024-10-09T21:41:23.690+0300: 266.517: [GC (Allocation Failure) 2024-10-09T21:41:23.690+0300: 266.517: [ParNew: 459253K->45372K(460096K), 0.0350198 secs] 7357292K->6968187K(8337536K), 0.0351134 secs] [Times: user=0.19 sys=0.00, real=0.03 secs] 
2024-10-09T21:41:23.722+0300: 266.552: Total time for which application threads were stopped: 0.0353858 seconds, Stopping threads took: 0.0001337 seconds
2024-10-09T21:41:23.879+0300: 266.718: Application time: 0.1656301 seconds
2024-10-09T21:41:23.879+0300: 266.718: [GC (Allocation Failure) 2024-10-09T21:41:23.879+0300: 266.718: [ParNew: 454396K->51072K(460096K), 0.0279815 secs] 7377211K->6990114K(8337536K), 0.0280714 secs] [Times: user=0.03 sys=0.00, real=0.03 secs] 
2024-10-09T21:41:23.910+0300: 266.746: Total time for which application threads were stopped: 0.0283430 seconds, Stopping threads took: 0.0001542 seconds
2024-10-09T21:41:24.099+0300: 266.926: Application time: 0.1803429 seconds
2024-10-09T21:41:24.099+0300: 266.926: [GC (Allocation Failure) 2024-10-09T21:41:24.099+0300: 266.926: [ParNew: 460096K->47247K(460096K), 0.0303933 secs] 7399138K->7006616K(8337536K), 0.0304778 secs] [Times: user=0.03 sys=0.00, real=0.03 secs] 
2024-10-09T21:41:24.130+0300: 266.957: Total time for which application threads were stopped: 0.0307153 seconds, Stopping threads took: 0.0001205 seconds
2024-10-09T21:41:24.287+0300: 267.117: Application time: 0.1602767 seconds
2024-10-09T21:41:24.287+0300: 267.117: [GC (Allocation Failure) 2024-10-09T21:41:24.287+0300: 267.118: [ParNew: 456271K->51072K(460096K), 0.0261975 secs] 7415640K->7017678K(8337536K), 0.0262771 secs] [Times: user=0.02 sys=0.00, real=0.02 secs] 
2024-10-09T21:41:24.303+0300: 267.144: Total time for which application threads were stopped: 0.0265566 seconds, Stopping threads took: 0.0001661 seconds
2024-10-09T21:41:24.476+0300: 267.307: Application time: 0.1629725 seconds
2024-10-09T21:41:24.476+0300: 267.307: [GC (Allocation Failure) 2024-10-09T21:41:24.476+0300: 267.307: [ParNew: 460096K->41073K(460096K), 0.0321889 secs] 7426702K->7035138K(8337536K), 0.0322820 secs] [Times: user=0.03 sys=0.00, real=0.03 secs] 
2024-10-09T21:41:24.507+0300: 267.339: Total time for which application threads were stopped: 0.0325460 seconds, Stopping threads took: 0.0001488 seconds
2024-10-09T21:41:24.696+0300: 267.522: Application time: 0.1829288 seconds
2024-10-09T21:41:24.696+0300: 267.522: [GC (Allocation Failure) 2024-10-09T21:41:24.696+0300: 267.522: [ParNew: 450097K->51072K(460096K), 0.0316314 secs] 7444162K->7064116K(8337536K), 0.0317229 secs] [Times: user=0.12 sys=0.00, real=0.03 secs] 
2024-10-09T21:41:24.727+0300: 267.554: Total time for which application threads were stopped: 0.0319623 seconds, Stopping threads took: 0.0001030 seconds
2024-10-09T21:41:24.899+0300: 267.725: Application time: 0.1707720 seconds
2024-10-09T21:41:24.899+0300: 267.725: [GC (Allocation Failure) 2024-10-09T21:41:24.899+0300: 267.725: [ParNew: 460096K->51072K(460096K), 0.0300936 secs] 7473140K->7077293K(8337536K), 0.0301783 secs] [Times: user=0.02 sys=0.00, real=0.02 secs] 
2024-10-09T21:41:24.914+0300: 267.755: Total time for which application threads were stopped: 0.0304450 seconds, Stopping threads took: 0.0001540 seconds
2024-10-09T21:41:25.087+0300: 267.916: Application time: 0.1604173 seconds
2024-10-09T21:41:25.087+0300: 267.916: [GC (Allocation Failure) 2024-10-09T21:41:25.087+0300: 267.916: [ParNew: 460096K->48553K(460096K), 0.0339041 secs] 7486317K->7101263K(8337536K), 0.0339931 secs] [Times: user=0.03 sys=0.00, real=0.03 secs] 
2024-10-09T21:41:25.118+0300: 267.950: Total time for which application threads were stopped: 0.0342576 seconds, Stopping threads took: 0.0001482 seconds
2024-10-09T21:41:25.300+0300: 268.126: Application time: 0.1755912 seconds
2024-10-09T21:41:25.300+0300: 268.126: [GC (Allocation Failure) 2024-10-09T21:41:25.300+0300: 268.126: [ParNew: 457577K->48020K(460096K), 0.0313889 secs] 7510287K->7122462K(8337536K), 0.0314721 secs] [Times: user=0.03 sys=0.00, real=0.02 secs] 
2024-10-09T21:41:25.323+0300: 268.157: Total time for which application threads were stopped: 0.0317290 seconds, Stopping threads took: 0.0001349 seconds
2024-10-09T21:41:25.496+0300: 268.326: Application time: 0.1687816 seconds
2024-10-09T21:41:25.496+0300: 268.326: [GC (Allocation Failure) 2024-10-09T21:41:25.496+0300: 268.326: [ParNew: 457044K->51072K(460096K), 0.0301628 secs] 7531486K->7142236K(8337536K), 0.0302492 secs] [Times: user=0.03 sys=0.00, real=0.03 secs] 
2024-10-09T21:41:25.527+0300: 268.357: Total time for which application threads were stopped: 0.0305169 seconds, Stopping threads took: 0.0001271 seconds
2024-10-09T21:41:25.700+0300: 268.538: Application time: 0.1808627 seconds
2024-10-09T21:41:25.700+0300: 268.538: [GC (Allocation Failure) 2024-10-09T21:41:25.700+0300: 268.538: [ParNew: 460096K->51072K(460096K), 0.0276920 secs] 7551260K->7155966K(8337536K), 0.0277835 secs] [Times: user=0.14 sys=0.00, real=0.03 secs] 
2024-10-09T21:41:25.731+0300: 268.566: Total time for which application threads were stopped: 0.0280813 seconds, Stopping threads took: 0.0001570 seconds
2024-10-09T21:41:25.904+0300: 268.732: Application time: 0.1666805 seconds
2024-10-09T21:41:25.904+0300: 268.733: [GC (Allocation Failure) 2024-10-09T21:41:25.904+0300: 268.733: [ParNew: 460096K->51072K(460096K), 0.0366917 secs] 7564990K->7185479K(8337536K), 0.0367770 secs] [Times: user=0.19 sys=0.00, real=0.03 secs] 
2024-10-09T21:41:25.935+0300: 268.769: Total time for which application threads were stopped: 0.0370013 seconds, Stopping threads took: 0.0001065 seconds
2024-10-09T21:41:25.935+0300: 268.769: Application time: 0.0000809 seconds
2024-10-09T21:41:25.935+0300: 268.770: [GC (CMS Initial Mark) [1 CMS-initial-mark: 7134407K(7877440K)] 7189463K(8337536K), 0.0048696 secs] [Times: user=0.00 sys=0.00, real=0.00 secs] 
2024-10-09T21:41:25.935+0300: 268.775: Total time for which application threads were stopped: 0.0051341 seconds, Stopping threads took: 0.0001072 seconds
2024-10-09T21:41:25.935+0300: 268.775: [CMS-concurrent-mark-start]
2024-10-09T21:41:25.966+0300: 268.796: [CMS-concurrent-mark: 0.022/0.022 secs] [Times: user=0.03 sys=0.00, real=0.03 secs] 
2024-10-09T21:41:25.966+0300: 268.796: [CMS-concurrent-preclean-start]
2024-10-09T21:41:25.976+0300: 268.804: [CMS-concurrent-preclean: 0.008/0.008 secs] [Times: user=0.00 sys=0.00, real=0.01 secs] 
2024-10-09T21:41:25.976+0300: 268.804: [CMS-concurrent-abortable-preclean-start]
2024-10-09T21:41:26.154+0300: 268.982: Application time: 0.2071544 seconds
2024-10-09T21:41:26.154+0300: 268.982: [GC (Allocation Failure) 2024-10-09T21:41:26.154+0300: 268.982: [ParNew: 460096K->51072K(460096K), 0.0325386 secs] 7594503K->7205665K(8337536K), 0.0326123 secs] [Times: user=0.12 sys=0.00, real=0.03 secs] 
2024-10-09T21:41:26.186+0300: 269.015: Total time for which application threads were stopped: 0.0328645 seconds, Stopping threads took: 0.0001345 seconds
2024-10-09T21:41:26.377+0300: 269.212: [CMS-concurrent-abortable-preclean: 0.374/0.407 secs] [Times: user=2.38 sys=0.00, real=0.40 secs] 
2024-10-09T21:41:26.377+0300: 269.212: Application time: 0.1972307 seconds
2024-10-09T21:41:26.377+0300: 269.212: [GC (CMS Final Remark) [YG occupancy: 457781 K (460096 K)]2024-10-09T21:41:26.377+0300: 269.212: [Rescan (parallel) , 0.0483550 secs]2024-10-09T21:41:26.421+0300: 269.260: [weak refs processing, 0.0000196 secs]2024-10-09T21:41:26.421+0300: 269.261: [class unloading, 0.0021289 secs]2024-10-09T21:41:26.421+0300: 269.263: [scrub symbol table, 0.0008620 secs]2024-10-09T21:41:26.437+0300: 269.264: [scrub string table, 0.0002162 secs][1 CMS-remark: 7154593K(7877440K)] 7612375K(8337536K), 0.0517015 secs] [Times: user=0.30 sys=0.00, real=0.06 secs] 
2024-10-09T21:41:26.437+0300: 269.264: Total time for which application threads were stopped: 0.0519445 seconds, Stopping threads took: 0.0001526 seconds
2024-10-09T21:41:26.437+0300: 269.264: [CMS-concurrent-sweep-start]
2024-10-09T21:41:26.437+0300: 269.265: Application time: 0.0007829 seconds
2024-10-09T21:41:26.437+0300: 269.265: [GC (Allocation Failure) 2024-10-09T21:41:26.437+0300: 269.265: [ParNew: 460096K->51072K(460096K), 0.0274306 secs] 7614016K->7218153K(8337536K), 0.0274990 secs] [Times: user=0.02 sys=0.00, real=0.02 secs] 
2024-10-09T21:41:26.453+0300: 269.292: Total time for which application threads were stopped: 0.0277207 seconds, Stopping threads took: 0.0001113 seconds
2024-10-09T21:41:26.641+0300: 269.482: Application time: 0.1894123 seconds
2024-10-09T21:41:26.657+0300: 269.483: [GC (Allocation Failure) 2024-10-09T21:41:26.657+0300: 269.483: [ParNew: 460096K->51072K(460096K), 0.0302198 secs] 7272849K->6876846K(8337536K), 0.0303096 secs] [Times: user=0.16 sys=0.00, real=0.02 secs] 
2024-10-09T21:41:26.678+0300: 269.513: Total time for which application threads were stopped: 0.0312231 seconds, Stopping threads took: 0.0007466 seconds
2024-10-09T21:41:26.878+0300: 269.713: Application time: 0.1996502 seconds
2024-10-09T21:41:26.878+0300: 269.713: [GC (Allocation Failure) 2024-10-09T21:41:26.878+0300: 269.713: [ParNew: 460096K->46869K(460096K), 0.0354346 secs] 6944754K->6563837K(8337536K), 0.0355238 secs] [Times: user=0.19 sys=0.00, real=0.03 secs] 
2024-10-09T21:41:26.909+0300: 269.749: Total time for which application threads were stopped: 0.0359339 seconds, Stopping threads took: 0.0002768 seconds
2024-10-09T21:41:27.113+0300: 269.953: Application time: 0.2046493 seconds
2024-10-09T21:41:27.113+0300: 269.954: [GC (Allocation Failure) 2024-10-09T21:41:27.113+0300: 269.954: [ParNew: 455893K->51072K(460096K), 0.0266636 secs] 6615062K->6214022K(8337536K), 0.0267529 secs] [Times: user=0.05 sys=0.00, real=0.03 secs] 
2024-10-09T21:41:27.144+0300: 269.980: Total time for which application threads were stopped: 0.0271233 seconds, Stopping threads took: 0.0001929 seconds
2024-10-09T21:41:27.348+0300: 270.182: Application time: 0.2013974 seconds
2024-10-09T21:41:27.348+0300: 270.182: [GC (Allocation Failure) 2024-10-09T21:41:27.348+0300: 270.182: [ParNew: 460096K->51072K(460096K), 0.0357781 secs] 6280578K->5896931K(8337536K), 0.0358713 secs] [Times: user=0.03 sys=0.00, real=0.03 secs] 
2024-10-09T21:41:27.379+0300: 270.218: Total time for which application threads were stopped: 0.0362217 seconds, Stopping threads took: 0.0002027 seconds
2024-10-09T21:41:27.567+0300: 270.404: Application time: 0.1864257 seconds
2024-10-09T21:41:27.567+0300: 270.405: [GC (Allocation Failure) 2024-10-09T21:41:27.567+0300: 270.405: [ParNew: 460096K->51072K(460096K), 0.0378933 secs] 6014625K->5631573K(8337536K), 0.0379770 secs] [Times: user=0.09 sys=0.00, real=0.05 secs] 
2024-10-09T21:41:27.614+0300: 270.443: Total time for which application threads were stopped: 0.0382924 seconds, Stopping threads took: 0.0001716 seconds
2024-10-09T21:41:27.818+0300: 270.649: Application time: 0.2064140 seconds
2024-10-09T21:41:27.818+0300: 270.649: [GC (Allocation Failure) 2024-10-09T21:41:27.818+0300: 270.649: [ParNew: 460096K->38480K(460096K), 0.0314272 secs] 5710774K->5317256K(8337536K), 0.0315064 secs] [Times: user=0.14 sys=0.00, real=0.03 secs] 
2024-10-09T21:41:27.849+0300: 270.681: Total time for which application threads were stopped: 0.0317948 seconds, Stopping threads took: 0.0001635 seconds
2024-10-09T21:41:28.053+0300: 270.891: Application time: 0.2102128 seconds
2024-10-09T21:41:28.053+0300: 270.891: [GC (Allocation Failure) 2024-10-09T21:41:28.053+0300: 270.891: [ParNew: 447504K->51072K(460096K), 0.0254500 secs] 5379890K->4986447K(8337536K), 0.0255476 secs] [Times: user=0.19 sys=0.00, real=0.03 secs] 
2024-10-09T21:41:28.085+0300: 270.917: Total time for which application threads were stopped: 0.0258349 seconds, Stopping threads took: 0.0001480 seconds
2024-10-09T21:41:28.273+0300: 271.103: Application time: 0.1856476 seconds
2024-10-09T21:41:28.273+0300: 271.103: [GC (Allocation Failure) 2024-10-09T21:41:28.273+0300: 271.103: [ParNew: 460096K->51072K(460096K), 0.0375909 secs] 5110616K->4732232K(8337536K), 0.0376873 secs] [Times: user=0.19 sys=0.00, real=0.03 secs] 
2024-10-09T21:41:28.305+0300: 271.141: Total time for which application threads were stopped: 0.0379761 seconds, Stopping threads took: 0.0001479 seconds
2024-10-09T21:41:28.509+0300: 271.337: Application time: 0.1968648 seconds
2024-10-09T21:41:28.509+0300: 271.338: [GC (Allocation Failure) 2024-10-09T21:41:28.509+0300: 271.338: [ParNew: 460096K->51072K(460096K), 0.0270425 secs] 4811924K->4414068K(8337536K), 0.0271285 secs] [Times: user=0.17 sys=0.00, real=0.01 secs] 
2024-10-09T21:41:28.524+0300: 271.365: Total time for which application threads were stopped: 0.0274781 seconds, Stopping threads took: 0.0001880 seconds
2024-10-09T21:41:28.744+0300: 271.573: Application time: 0.2079898 seconds
2024-10-09T21:41:28.744+0300: 271.573: [GC (Allocation Failure) 2024-10-09T21:41:28.744+0300: 271.573: [ParNew: 460096K->51072K(460096K), 0.0307452 secs] 4460407K->4073264K(8337536K), 0.0308261 secs] [Times: user=0.11 sys=0.00, real=0.03 secs] 
2024-10-09T21:41:28.775+0300: 271.604: Total time for which application threads were stopped: 0.0310965 seconds, Stopping threads took: 0.0001088 seconds
2024-10-09T21:41:28.983+0300: 271.817: Application time: 0.2126727 seconds
2024-10-09T21:41:28.983+0300: 271.817: [GC (Allocation Failure) 2024-10-09T21:41:28.983+0300: 271.817: [ParNew: 460096K->51072K(460096K), 0.0298732 secs] 4116374K->3720550K(8337536K), 0.0299732 secs] [Times: user=0.19 sys=0.00, real=0.03 secs] 
2024-10-09T21:41:29.011+0300: 271.847: Total time for which application threads were stopped: 0.0304260 seconds, Stopping threads took: 0.0002971 seconds
2024-10-09T21:41:29.199+0300: 272.035: Application time: 0.1879331 seconds
2024-10-09T21:41:29.199+0300: 272.035: [GC (Allocation Failure) 2024-10-09T21:41:29.199+0300: 272.035: [ParNew: 460096K->51072K(460096K), 0.0358319 secs] 3825944K->3446070K(8337536K), 0.0359043 secs] [Times: user=0.19 sys=0.00, real=0.03 secs] 
2024-10-09T21:41:29.230+0300: 272.071: Total time for which application threads were stopped: 0.0361867 seconds, Stopping threads took: 0.0001448 seconds
2024-10-09T21:41:29.434+0300: 272.263: Application time: 0.1922375 seconds
2024-10-09T21:41:29.434+0300: 272.264: [GC (Allocation Failure) 2024-10-09T21:41:29.434+0300: 272.264: [ParNew: 460096K->46195K(460096K), 0.0299321 secs] 3575757K->3185017K(8337536K), 0.0300229 secs] [Times: user=0.11 sys=0.00, real=0.03 secs] 
2024-10-09T21:41:29.465+0300: 272.294: Total time for which application threads were stopped: 0.0302571 seconds, Stopping threads took: 0.0001125 seconds
2024-10-09T21:41:29.684+0300: 272.511: Application time: 0.2171648 seconds
2024-10-09T21:41:29.685+0300: 272.511: [GC (Allocation Failure) 2024-10-09T21:41:29.685+0300: 272.511: [ParNew: 455219K->51072K(460096K), 0.0310269 secs] 3284431K->2893937K(8337536K), 0.0311268 secs] [Times: user=0.16 sys=0.00, real=0.02 secs] 
2024-10-09T21:41:29.701+0300: 272.542: Total time for which application threads were stopped: 0.0313663 seconds, Stopping threads took: 0.0001057 seconds
2024-10-09T21:41:29.905+0300: 272.741: Application time: 0.1991809 seconds
2024-10-09T21:41:29.905+0300: 272.742: [GC (Allocation Failure) 2024-10-09T21:41:29.905+0300: 272.742: [ParNew: 460096K->51072K(460096K), 0.0289506 secs] 3015721K->2616438K(8337536K), 0.0290336 secs] [Times: user=0.16 sys=0.00, real=0.03 secs] 
2024-10-09T21:41:29.937+0300: 272.771: Total time for which application threads were stopped: 0.0293627 seconds, Stopping threads took: 0.0001855 seconds
2024-10-09T21:41:30.109+0300: 272.950: Application time: 0.1795399 seconds
2024-10-09T21:41:30.109+0300: 272.951: [GC (Allocation Failure) 2024-10-09T21:41:30.109+0300: 272.951: [ParNew: 460096K->50735K(460096K), 0.0313361 secs] 2773996K->2392052K(8337536K), 0.0314217 secs] [Times: user=0.14 sys=0.00, real=0.03 secs] 
2024-10-09T21:41:30.156+0300: 272.982: Total time for which application threads were stopped: 0.0317129 seconds, Stopping threads took: 0.0001572 seconds
2024-10-09T21:41:30.361+0300: 273.200: Application time: 0.2175614 seconds
2024-10-09T21:41:30.361+0300: 273.200: [GC (Allocation Failure) 2024-10-09T21:41:30.361+0300: 273.200: [ParNew: 459759K->51072K(460096K), 0.0265320 secs] 2503449K->2098130K(8337536K), 0.0266296 secs] [Times: user=0.02 sys=0.02, real=0.03 secs] 
2024-10-09T21:41:30.392+0300: 273.227: Total time for which application threads were stopped: 0.0269370 seconds, Stopping threads took: 0.0001520 seconds
2024-10-09T21:41:30.596+0300: 273.429: Application time: 0.2021075 seconds
2024-10-09T21:41:30.596+0300: 273.429: [GC (Allocation Failure) 2024-10-09T21:41:30.596+0300: 273.429: [ParNew: 460096K->51072K(460096K), 0.0345143 secs] 2226166K->1840141K(8337536K), 0.0346052 secs] [Times: user=0.03 sys=0.00, real=0.03 secs] 
2024-10-09T21:41:30.627+0300: 273.464: Total time for which application threads were stopped: 0.0349045 seconds, Stopping threads took: 0.0001666 seconds
2024-10-09T21:41:30.831+0300: 273.661: Application time: 0.1978508 seconds
2024-10-09T21:41:30.831+0300: 273.662: [GC (Allocation Failure) 2024-10-09T21:41:30.831+0300: 273.662: [ParNew: 460096K->49185K(460096K), 0.0295850 secs] 1971665K->1579846K(8337536K), 0.0297029 secs] [Times: user=0.06 sys=0.00, real=0.03 secs] 
2024-10-09T21:41:30.862+0300: 273.691: Total time for which application threads were stopped: 0.0300601 seconds, Stopping threads took: 0.0001946 seconds
2024-10-09T21:41:31.066+0300: 273.898: Application time: 0.2060596 seconds
2024-10-09T21:41:31.066+0300: 273.898: [GC (Allocation Failure) 2024-10-09T21:41:31.066+0300: 273.898: [ParNew: 458209K->46376K(460096K), 0.0307347 secs] 1694116K->1306837K(8337536K), 0.0308227 secs] [Times: user=0.05 sys=0.00, real=0.03 secs] 
2024-10-09T21:41:31.098+0300: 273.929: Total time for which application threads were stopped: 0.0310886 seconds, Stopping threads took: 0.0001387 seconds
2024-10-09T21:41:31.302+0300: 274.133: Application time: 0.2044346 seconds
2024-10-09T21:41:31.302+0300: 274.133: [GC (Allocation Failure) 2024-10-09T21:41:31.302+0300: 274.133: [ParNew: 455400K->51072K(460096K), 0.0255853 secs] 1423755K->1023098K(8337536K), 0.0256711 secs] [Times: user=0.02 sys=0.00, real=0.02 secs] 
2024-10-09T21:41:31.318+0300: 274.159: Total time for which application threads were stopped: 0.0259401 seconds, Stopping threads took: 0.0001494 seconds
2024-10-09T21:41:31.522+0300: 274.352: Application time: 0.1927512 seconds
2024-10-09T21:41:31.522+0300: 274.352: [GC (Allocation Failure) 2024-10-09T21:41:31.522+0300: 274.352: [ParNew: 460096K->51072K(460096K), 0.0282311 secs] 1150028K->756641K(8337536K), 0.0283171 secs] [Times: user=0.03 sys=0.00, real=0.03 secs] 
2024-10-09T21:41:31.553+0300: 274.380: Total time for which application threads were stopped: 0.0286041 seconds, Stopping threads took: 0.0001680 seconds
2024-10-09T21:41:31.710+0300: 274.551: [CMS-concurrent-sweep: 4.569/5.287 secs] [Times: user=28.83 sys=0.03, real=5.27 secs] 
2024-10-09T21:41:31.710+0300: 274.551: [CMS-concurrent-reset-start]
2024-10-09T21:41:31.741+0300: 274.568: [CMS-concurrent-reset: 0.017/0.017 secs] [Times: user=0.11 sys=0.00, real=0.03 secs] 
2024-10-09T21:41:31.757+0300: 274.588: Application time: 0.2079270 seconds
2024-10-09T21:41:31.757+0300: 274.589: [GC (Allocation Failure) 2024-10-09T21:41:31.757+0300: 274.589: [ParNew: 460096K->51072K(460096K), 0.0272794 secs] 928432K->531824K(8337536K), 0.0273617 secs] [Times: user=0.08 sys=0.00, real=0.03 secs] 
2024-10-09T21:41:31.789+0300: 274.616: Total time for which application threads were stopped: 0.0276603 seconds, Stopping threads took: 0.0001742 seconds
2024-10-09T21:41:31.945+0300: 274.780: Application time: 0.1641404 seconds
2024-10-09T21:41:31.945+0300: 274.780: [GC (Allocation Failure) 2024-10-09T21:41:31.945+0300: 274.780: [ParNew: 460096K->45822K(460096K), 0.0312122 secs] 940848K->553679K(8337536K), 0.0313002 secs] [Times: user=0.03 sys=0.00, real=0.03 secs] 
2024-10-09T21:41:31.977+0300: 274.812: Total time for which application threads were stopped: 0.0315568 seconds, Stopping threads took: 0.0001210 seconds
2024-10-09T21:41:32.151+0300: 274.990: Application time: 0.1782488 seconds
2024-10-09T21:41:32.151+0300: 274.990: [GC (Allocation Failure) 2024-10-09T21:41:32.151+0300: 274.990: [ParNew: 454846K->51072K(460096K), 0.0275265 secs] 962703K->570063K(8337536K), 0.0276150 secs] [Times: user=0.02 sys=0.00, real=0.04 secs] 
2024-10-09T21:41:32.190+0300: 275.018: Total time for which application threads were stopped: 0.0278797 seconds, Stopping threads took: 0.0001436 seconds
2024-10-09T21:41:32.353+0300: 275.181: Application time: 0.1635436 seconds
2024-10-09T21:41:32.353+0300: 275.182: [GC (Allocation Failure) 2024-10-09T21:41:32.353+0300: 275.182: [ParNew: 460096K->51072K(460096K), 0.0291047 secs] 979087K->587140K(8337536K), 0.0291841 secs] [Times: user=0.03 sys=0.00, real=0.03 secs] 
2024-10-09T21:41:32.384+0300: 275.211: Total time for which application threads were stopped: 0.0294519 seconds, Stopping threads took: 0.0001574 seconds
2024-10-09T21:41:32.541+0300: 275.368: Application time: 0.1575455 seconds
2024-10-09T21:41:32.541+0300: 275.369: [GC (Allocation Failure) 2024-10-09T21:41:32.541+0300: 275.369: [ParNew: 460096K->50628K(460096K), 0.0340399 secs] 996164K->619542K(8337536K), 0.0341231 secs] [Times: user=0.03 sys=0.00, real=0.03 secs] 
2024-10-09T21:41:32.573+0300: 275.403: Total time for which application threads were stopped: 0.0343362 seconds, Stopping threads took: 0.0001010 seconds
2024-10-09T21:41:32.746+0300: 275.587: Application time: 0.1842537 seconds
2024-10-09T21:41:32.761+0300: 275.587: [GC (Allocation Failure) 2024-10-09T21:41:32.761+0300: 275.587: [ParNew: 459652K->51072K(460096K), 0.0267028 secs] 1028566K->629095K(8337536K), 0.0267975 secs] [Times: user=0.03 sys=0.00, real=0.02 secs] 
2024-10-09T21:41:32.777+0300: 275.614: Total time for which application threads were stopped: 0.0271669 seconds, Stopping threads took: 0.0002152 seconds
2024-10-09T21:41:32.950+0300: 275.776: Application time: 0.1616317 seconds
2024-10-09T21:41:32.950+0300: 275.776: [GC (Allocation Failure) 2024-10-09T21:41:32.950+0300: 275.776: [ParNew: 460096K->51072K(460096K), 0.0284167 secs] 1038119K->643181K(8337536K), 0.0285134 secs] [Times: user=0.03 sys=0.00, real=0.01 secs] 
2024-10-09T21:41:32.965+0300: 275.805: Total time for which application threads were stopped: 0.0287676 seconds, Stopping threads took: 0.0001304 seconds
2024-10-09T21:41:33.138+0300: 275.966: Application time: 0.1617905 seconds
2024-10-09T21:41:33.138+0300: 275.967: [GC (Allocation Failure) 2024-10-09T21:41:33.138+0300: 275.967: [ParNew: 460096K->51072K(460096K), 0.0308403 secs] 1052205K->667682K(8337536K), 0.0309265 secs] [Times: user=0.03 sys=0.00, real=0.03 secs] 
2024-10-09T21:41:33.169+0300: 275.997: Total time for which application threads were stopped: 0.0311779 seconds, Stopping threads took: 0.0001375 seconds
2024-10-09T21:41:33.342+0300: 276.174: Application time: 0.1764459 seconds
2024-10-09T21:41:33.342+0300: 276.174: [GC (Allocation Failure) 2024-10-09T21:41:33.342+0300: 276.174: [ParNew: 460096K->51072K(460096K), 0.0278593 secs] 1076706K->684891K(8337536K), 0.0279403 secs] [Times: user=0.03 sys=0.00, real=0.03 secs] 
2024-10-09T21:41:33.374+0300: 276.202: Total time for which application threads were stopped: 0.0281805 seconds, Stopping threads took: 0.0001305 seconds
2024-10-09T21:41:33.531+0300: 276.367: Application time: 0.1651553 seconds
2024-10-09T21:41:33.531+0300: 276.368: [GC (Allocation Failure) 2024-10-09T21:41:33.531+0300: 276.368: [ParNew: 460096K->51072K(460096K), 0.0277648 secs] 1093915K->696256K(8337536K), 0.0278489 secs] [Times: user=0.03 sys=0.00, real=0.03 secs] 
2024-10-09T21:41:33.562+0300: 276.395: Total time for which application threads were stopped: 0.0281298 seconds, Stopping threads took: 0.0001648 seconds
2024-10-09T21:41:33.734+0300: 276.563: Application time: 0.1673194 seconds
2024-10-09T21:41:33.734+0300: 276.563: [GC (Allocation Failure) 2024-10-09T21:41:33.734+0300: 276.563: [ParNew: 460096K->51072K(460096K), 0.0355544 secs] 1105280K->729151K(8337536K), 0.0356493 secs] [Times: user=0.03 sys=0.00, real=0.03 secs] 
2024-10-09T21:41:33.766+0300: 276.599: Total time for which application threads were stopped: 0.0359175 seconds, Stopping threads took: 0.0001398 seconds
2024-10-09T21:41:33.939+0300: 276.770: Application time: 0.1710831 seconds
2024-10-09T21:41:33.939+0300: 276.770: [GC (Allocation Failure) 2024-10-09T21:41:33.939+0300: 276.770: [ParNew: 460096K->44761K(460096K), 0.0283967 secs] 1138175K->741486K(8337536K), 0.0284799 secs] [Times: user=0.03 sys=0.00, real=0.03 secs] 
2024-10-09T21:41:33.970+0300: 276.798: Total time for which application threads were stopped: 0.0287266 seconds, Stopping threads took: 0.0001269 seconds
2024-10-09T21:41:34.127+0300: 276.966: Application time: 0.1675533 seconds
2024-10-09T21:41:34.127+0300: 276.966: [GC (Allocation Failure) 2024-10-09T21:41:34.127+0300: 276.966: [ParNew: 453785K->51072K(460096K), 0.0256134 secs] 1150510K->754069K(8337536K), 0.0257043 secs] [Times: user=0.03 sys=0.00, real=0.03 secs] 
2024-10-09T21:41:34.159+0300: 276.992: Total time for which application threads were stopped: 0.0260464 seconds, Stopping threads took: 0.0002064 seconds
2024-10-09T21:41:34.316+0300: 277.146: Application time: 0.1534641 seconds
2024-10-09T21:41:34.316+0300: 277.146: [GC (Allocation Failure) 2024-10-09T21:41:34.316+0300: 277.146: [ParNew: 460096K->48841K(460096K), 0.0357098 secs] 1163093K->786608K(8337536K), 0.0357959 secs] [Times: user=0.03 sys=0.00, real=0.03 secs] 
2024-10-09T21:41:34.347+0300: 277.182: Total time for which application threads were stopped: 0.0360721 seconds, Stopping threads took: 0.0001620 seconds
2024-10-09T21:41:34.520+0300: 277.356: Application time: 0.1748417 seconds
2024-10-09T21:41:34.520+0300: 277.357: [GC (Allocation Failure) 2024-10-09T21:41:34.520+0300: 277.357: [ParNew: 457865K->45703K(460096K), 0.0273602 secs] 1195632K->797961K(8337536K), 0.0274498 secs] [Times: user=0.03 sys=0.00, real=0.03 secs] 
2024-10-09T21:41:34.551+0300: 277.384: Total time for which application threads were stopped: 0.0277271 seconds, Stopping threads took: 0.0001604 seconds
2024-10-09T21:41:34.724+0300: 277.559: Application time: 0.1749008 seconds
2024-10-09T21:41:34.724+0300: 277.559: [GC (Allocation Failure) 2024-10-09T21:41:34.724+0300: 277.559: [ParNew: 454727K->51072K(460096K), 0.0270928 secs] 1206985K->813132K(8337536K), 0.0271838 secs] [Times: user=0.05 sys=0.00, real=0.03 secs] 
2024-10-09T21:41:34.755+0300: 277.587: Total time for which application threads were stopped: 0.0275019 seconds, Stopping threads took: 0.0001797 seconds
2024-10-09T21:41:34.912+0300: 277.745: Application time: 0.1585735 seconds
2024-10-09T21:41:34.912+0300: 277.745: [GC (Allocation Failure) 2024-10-09T21:41:34.912+0300: 277.745: [ParNew: 460096K->51072K(460096K), 0.0326770 secs] 1222156K->839565K(8337536K), 0.0327602 secs] [Times: user=0.03 sys=0.00, real=0.03 secs] 
2024-10-09T21:41:34.943+0300: 277.778: Total time for which application threads were stopped: 0.0330156 seconds, Stopping threads took: 0.0001373 seconds
2024-10-09T21:41:35.117+0300: 277.946: Application time: 0.1679195 seconds
2024-10-09T21:41:35.117+0300: 277.946: [GC (Allocation Failure) 2024-10-09T21:41:35.117+0300: 277.946: [ParNew: 460096K->51072K(460096K), 0.0300132 secs] 1248589K->857173K(8337536K), 0.0301040 secs] [Times: user=0.02 sys=0.00, real=0.03 secs] 
2024-10-09T21:41:35.147+0300: 277.976: Total time for which application threads were stopped: 0.0303753 seconds, Stopping threads took: 0.0001494 seconds
2024-10-09T21:41:35.305+0300: 278.138: Application time: 0.1617832 seconds
2024-10-09T21:41:35.305+0300: 278.138: [GC (Allocation Failure) 2024-10-09T21:41:35.305+0300: 278.139: [ParNew: 460096K->49967K(460096K), 0.0313579 secs] 1266197K->874654K(8337536K), 0.0314428 secs] [Times: user=0.02 sys=0.00, real=0.03 secs] 
2024-10-09T21:41:35.336+0300: 278.170: Total time for which application threads were stopped: 0.0316981 seconds, Stopping threads took: 0.0001333 seconds
2024-10-09T21:41:35.508+0300: 278.337: Application time: 0.1667313 seconds
2024-10-09T21:41:35.508+0300: 278.337: [GC (Allocation Failure) 2024-10-09T21:41:35.508+0300: 278.337: [ParNew: 458991K->51072K(460096K), 0.0312213 secs] 1283678K->900810K(8337536K), 0.0313099 secs] [Times: user=0.03 sys=0.00, real=0.03 secs] 
2024-10-09T21:41:35.539+0300: 278.368: Total time for which application threads were stopped: 0.0315962 seconds, Stopping threads took: 0.0001717 seconds
2024-10-09T21:41:35.712+0300: 278.548: Application time: 0.1793841 seconds
2024-10-09T21:41:35.712+0300: 278.548: [GC (Allocation Failure) 2024-10-09T21:41:35.712+0300: 278.548: [ParNew: 460096K->51072K(460096K), 0.0277593 secs] 1309834K->912954K(8337536K), 0.0278572 secs] [Times: user=0.03 sys=0.00, real=0.03 secs] 
2024-10-09T21:41:35.744+0300: 278.576: Total time for which application threads were stopped: 0.0281562 seconds, Stopping threads took: 0.0001333 seconds
2024-10-09T21:41:35.901+0300: 278.738: Application time: 0.1621874 seconds
2024-10-09T21:41:35.901+0300: 278.738: [GC (Allocation Failure) 2024-10-09T21:41:35.901+0300: 278.738: [ParNew: 460096K->51072K(460096K), 0.0294742 secs] 1321978K->927865K(8337536K), 0.0295635 secs] [Times: user=0.03 sys=0.00, real=0.03 secs] 
2024-10-09T21:41:35.932+0300: 278.768: Total time for which application threads were stopped: 0.0298381 seconds, Stopping threads took: 0.0001554 seconds
2024-10-09T21:41:36.105+0300: 278.933: Application time: 0.1651554 seconds
2024-10-09T21:41:36.105+0300: 278.933: [GC (Allocation Failure) 2024-10-09T21:41:36.105+0300: 278.933: [ParNew: 460096K->51072K(460096K), 0.0293681 secs] 1336889K->950797K(8337536K), 0.0294537 secs] [Times: user=0.01 sys=0.00, real=0.03 secs] 
2024-10-09T21:41:36.136+0300: 278.963: Total time for which application threads were stopped: 0.0296833 seconds, Stopping threads took: 0.0001199 seconds
2024-10-09T21:41:36.309+0300: 279.138: Application time: 0.1753321 seconds
2024-10-09T21:41:36.309+0300: 279.138: [GC (Allocation Failure) 2024-10-09T21:41:36.309+0300: 279.138: [ParNew: 460096K->50302K(460096K), 0.0273242 secs] 1359821K->960586K(8337536K), 0.0274277 secs] [Times: user=0.03 sys=0.00, real=0.03 secs] 
2024-10-09T21:41:36.340+0300: 279.166: Total time for which application threads were stopped: 0.0277361 seconds, Stopping threads took: 0.0001829 seconds
2024-10-09T21:41:36.500+0300: 279.326: Application time: 0.1602990 seconds
2024-10-09T21:41:36.500+0300: 279.326: [GC (Allocation Failure) 2024-10-09T21:41:36.500+0300: 279.326: [ParNew: 459326K->51072K(460096K), 0.0285778 secs] 1369610K->974005K(8337536K), 0.0286589 secs] [Times: user=0.03 sys=0.00, real=0.03 secs] 
2024-10-09T21:41:36.528+0300: 279.355: Total time for which application threads were stopped: 0.0289241 seconds, Stopping threads took: 0.0001485 seconds
2024-10-09T21:41:36.685+0300: 279.519: Application time: 0.1637146 seconds
2024-10-09T21:41:36.685+0300: 279.519: [GC (Allocation Failure) 2024-10-09T21:41:36.685+0300: 279.519: [ParNew: 460096K->47578K(460096K), 0.0314809 secs] 1383029K->995928K(8337536K), 0.0315783 secs] [Times: user=0.06 sys=0.00, real=0.03 secs] 
2024-10-09T21:41:36.717+0300: 279.551: Total time for which application threads were stopped: 0.0319771 seconds, Stopping threads took: 0.0002621 seconds
2024-10-09T21:41:36.905+0300: 279.733: Application time: 0.1820454 seconds
2024-10-09T21:41:36.905+0300: 279.733: [GC (Allocation Failure) 2024-10-09T21:41:36.905+0300: 279.733: [ParNew: 456602K->51072K(460096K), 0.0273091 secs] 1404952K->1013607K(8337536K), 0.0273915 secs] [Times: user=0.02 sys=0.00, real=0.02 secs] 
2024-10-09T21:41:36.921+0300: 279.760: Total time for which application threads were stopped: 0.0276166 seconds, Stopping threads took: 0.0001113 seconds
2024-10-09T21:41:37.101+0300: 279.927: Application time: 0.1663637 seconds
2024-10-09T21:41:37.101+0300: 279.927: [GC (Allocation Failure) 2024-10-09T21:41:37.101+0300: 279.927: [ParNew: 460096K->51072K(460096K), 0.0329545 secs] 1422631K->1030004K(8337536K), 0.0330521 secs] [Times: user=0.06 sys=0.00, real=0.02 secs] 
2024-10-09T21:41:37.125+0300: 279.960: Total time for which application threads were stopped: 0.0333075 seconds, Stopping threads took: 0.0001406 seconds
2024-10-09T21:41:37.281+0300: 280.113: Application time: 0.1530384 seconds
2024-10-09T21:41:37.281+0300: 280.113: [GC (Allocation Failure) 2024-10-09T21:41:37.281+0300: 280.113: [ParNew: 460096K->51072K(460096K), 0.0296093 secs] 1439028K->1056556K(8337536K), 0.0296941 secs] [Times: user=0.03 sys=0.00, real=0.03 secs] 
2024-10-09T21:41:37.313+0300: 280.143: Total time for which application threads were stopped: 0.0299586 seconds, Stopping threads took: 0.0001521 seconds
2024-10-09T21:41:37.501+0300: 280.327: Application time: 0.1843112 seconds
2024-10-09T21:41:37.501+0300: 280.328: [GC (Allocation Failure) 2024-10-09T21:41:37.502+0300: 280.328: [ParNew: 460096K->51072K(460096K), 0.0256967 secs] 1465580K->1060639K(8337536K), 0.0257900 secs] [Times: user=0.01 sys=0.00, real=0.02 secs] 
2024-10-09T21:41:37.517+0300: 280.353: Total time for which application threads were stopped: 0.0260545 seconds, Stopping threads took: 0.0001355 seconds
2024-10-09T21:41:37.689+0300: 280.527: Application time: 0.1735035 seconds
2024-10-09T21:41:37.689+0300: 280.527: [GC (Allocation Failure) 2024-10-09T21:41:37.689+0300: 280.527: [ParNew: 460096K->51072K(460096K), 0.0302354 secs] 1469663K->1069940K(8337536K), 0.0303285 secs] [Times: user=0.06 sys=0.00, real=0.03 secs] 
2024-10-09T21:41:37.721+0300: 280.558: Total time for which application threads were stopped: 0.0306716 seconds, Stopping threads took: 0.0002017 seconds
2024-10-09T21:41:37.878+0300: 280.708: Application time: 0.1507231 seconds
2024-10-09T21:41:37.878+0300: 280.709: [GC (Allocation Failure) 2024-10-09T21:41:37.878+0300: 280.709: [ParNew: 460096K->51072K(460096K), 0.0328807 secs] 1478964K->1102866K(8337536K), 0.0329693 secs] [Times: user=0.03 sys=0.00, real=0.03 secs] 
2024-10-09T21:41:37.909+0300: 280.742: Total time for which application threads were stopped: 0.0332794 seconds, Stopping threads took: 0.0001869 seconds
2024-10-09T21:41:38.097+0300: 280.928: Application time: 0.1868580 seconds
2024-10-09T21:41:38.097+0300: 280.929: [GC (Allocation Failure) 2024-10-09T21:41:38.097+0300: 280.929: [ParNew: 460096K->51072K(460096K), 0.0250658 secs] 1511890K->1106645K(8337536K), 0.0251539 secs] [Times: user=0.02 sys=0.00, real=0.02 secs] 
2024-10-09T21:41:38.113+0300: 280.954: Total time for which application threads were stopped: 0.0254134 seconds, Stopping threads took: 0.0001404 seconds
2024-10-09T21:41:38.301+0300: 281.128: Application time: 0.1737335 seconds
2024-10-09T21:41:38.301+0300: 281.128: [GC (Allocation Failure) 2024-10-09T21:41:38.301+0300: 281.128: [ParNew: 460096K->51072K(460096K), 0.0386752 secs] 1515669K->1132200K(8337536K), 0.0387595 secs] [Times: user=0.03 sys=0.00, real=0.03 secs] 
2024-10-09T21:41:38.333+0300: 281.167: Total time for which application threads were stopped: 0.0390291 seconds, Stopping threads took: 0.0001582 seconds
2024-10-09T21:41:38.489+0300: 281.318: Application time: 0.1511592 seconds
2024-10-09T21:41:38.489+0300: 281.318: [GC (Allocation Failure) 2024-10-09T21:41:38.489+0300: 281.318: [ParNew: 460096K->51072K(460096K), 0.0389302 secs] 1541224K->1175349K(8337536K), 0.0390125 secs] [Times: user=0.03 sys=0.00, real=0.03 secs] 
2024-10-09T21:41:38.521+0300: 281.357: Total time for which application threads were stopped: 0.0392829 seconds, Stopping threads took: 0.0001584 seconds
2024-10-09T21:41:38.709+0300: 281.544: Application time: 0.1867718 seconds
2024-10-09T21:41:38.709+0300: 281.544: [GC (Allocation Failure) 2024-10-09T21:41:38.709+0300: 281.544: [ParNew: 460096K->43764K(460096K), 0.0293455 secs] 1584373K->1187994K(8337536K), 0.0294391 secs] [Times: user=0.05 sys=0.00, real=0.03 secs] 
2024-10-09T21:41:38.741+0300: 281.574: Total time for which application threads were stopped: 0.0297390 seconds, Stopping threads took: 0.0001567 seconds
2024-10-09T21:41:38.913+0300: 281.744: Application time: 0.1702125 seconds
2024-10-09T21:41:38.913+0300: 281.744: [GC (Allocation Failure) 2024-10-09T21:41:38.913+0300: 281.744: [ParNew: 452788K->51072K(460096K), 0.0288036 secs] 1597018K->1204088K(8337536K), 0.0288916 secs] [Times: user=0.03 sys=0.00, real=0.03 secs] 
2024-10-09T21:41:38.945+0300: 281.773: Total time for which application threads were stopped: 0.0291771 seconds, Stopping threads took: 0.0001659 seconds
2024-10-09T21:41:39.086+0300: 281.923: Application time: 0.1496009 seconds
2024-10-09T21:41:39.086+0300: 281.923: [GC (Allocation Failure) 2024-10-09T21:41:39.086+0300: 281.923: [ParNew: 460096K->51072K(460096K), 0.0322745 secs] 1613112K->1228646K(8337536K), 0.0323625 secs] [Times: user=0.03 sys=0.00, real=0.03 secs] 
2024-10-09T21:41:39.117+0300: 281.955: Total time for which application threads were stopped: 0.0326626 seconds, Stopping threads took: 0.0001846 seconds
2024-10-09T21:41:39.306+0300: 282.134: Application time: 0.1792086 seconds
2024-10-09T21:41:39.306+0300: 282.135: [GC (Allocation Failure) 2024-10-09T21:41:39.306+0300: 282.135: [ParNew: 460096K->47655K(460096K), 0.0286277 secs] 1637670K->1243696K(8337536K), 0.0287061 secs] [Times: user=0.03 sys=0.00, real=0.03 secs] 
2024-10-09T21:41:39.337+0300: 282.163: Total time for which application threads were stopped: 0.0289709 seconds, Stopping threads took: 0.0001520 seconds
2024-10-09T21:41:39.510+0300: 282.342: Application time: 0.1786076 seconds
2024-10-09T21:41:39.510+0300: 282.342: [GC (Allocation Failure) 2024-10-09T21:41:39.510+0300: 282.342: [ParNew: 456679K->51072K(460096K), 0.0272325 secs] 1652720K->1256307K(8337536K), 0.0273127 secs] [Times: user=0.03 sys=0.00, real=0.03 secs] 
2024-10-09T21:41:39.541+0300: 282.370: Total time for which application threads were stopped: 0.0275463 seconds, Stopping threads took: 0.0001185 seconds
2024-10-09T21:41:39.698+0300: 282.525: Application time: 0.1555352 seconds
2024-10-09T21:41:39.698+0300: 282.525: [GC (Allocation Failure) 2024-10-09T21:41:39.698+0300: 282.525: [ParNew: 460096K->47587K(460096K), 0.0347588 secs] 1665331K->1279027K(8337536K), 0.0348510 secs] [Times: user=0.03 sys=0.00, real=0.03 secs] 
2024-10-09T21:41:39.729+0300: 282.560: Total time for which application threads were stopped: 0.0351558 seconds, Stopping threads took: 0.0001637 seconds
2024-10-09T21:41:39.902+0300: 282.733: Application time: 0.1727532 seconds
2024-10-09T21:41:39.902+0300: 282.733: [GC (Allocation Failure) 2024-10-09T21:41:39.902+0300: 282.733: [ParNew: 456611K->51072K(460096K), 0.0291562 secs] 1688051K->1305471K(8337536K), 0.0292411 secs] [Times: user=0.03 sys=0.00, real=0.03 secs] 
2024-10-09T21:41:39.933+0300: 282.763: Total time for which application threads were stopped: 0.0294672 seconds, Stopping threads took: 0.0001168 seconds
2024-10-09T21:41:40.108+0300: 282.942: Application time: 0.1791567 seconds
2024-10-09T21:41:40.108+0300: 282.942: [GC (Allocation Failure) 2024-10-09T21:41:40.108+0300: 282.942: [ParNew: 460096K->51072K(460096K), 0.0285251 secs] 1714495K->1319179K(8337536K), 0.0286086 secs] [Times: user=0.03 sys=0.00, real=0.03 secs] 
2024-10-09T21:41:40.137+0300: 282.971: Total time for which application threads were stopped: 0.0288505 seconds, Stopping threads took: 0.0001224 seconds
2024-10-09T21:41:40.294+0300: 283.129: Application time: 0.1579956 seconds
2024-10-09T21:41:40.294+0300: 283.129: [GC (Allocation Failure) 2024-10-09T21:41:40.294+0300: 283.129: [ParNew: 460096K->51072K(460096K), 0.0262918 secs] 1728203K->1330094K(8337536K), 0.0263815 secs] [Times: user=0.03 sys=0.00, real=0.03 secs] 
2024-10-09T21:41:40.326+0300: 283.155: Total time for which application threads were stopped: 0.0266401 seconds, Stopping threads took: 0.0001373 seconds
2024-10-09T21:41:40.497+0300: 283.325: Application time: 0.1702951 seconds
2024-10-09T21:41:40.497+0300: 283.326: [GC (Allocation Failure) 2024-10-09T21:41:40.497+0300: 283.326: [ParNew: 460096K->44933K(460096K), 0.0296682 secs] 1739118K->1348448K(8337536K), 0.0297504 secs] [Times: user=0.03 sys=0.00, real=0.03 secs] 
2024-10-09T21:41:40.529+0300: 283.356: Total time for which application threads were stopped: 0.0300017 seconds, Stopping threads took: 0.0001352 seconds
2024-10-09T21:41:40.709+0300: 283.537: Application time: 0.1811718 seconds
2024-10-09T21:41:40.709+0300: 283.537: [GC (Allocation Failure) 2024-10-09T21:41:40.709+0300: 283.537: [ParNew: 453957K->51072K(460096K), 0.0275036 secs] 1757472K->1363115K(8337536K), 0.0275918 secs] [Times: user=0.09 sys=0.00, real=0.02 secs] 
2024-10-09T21:41:40.733+0300: 283.565: Total time for which application threads were stopped: 0.0278467 seconds, Stopping threads took: 0.0001262 seconds
2024-10-09T21:41:40.889+0300: 283.723: Application time: 0.1580859 seconds
2024-10-09T21:41:40.889+0300: 283.723: [GC (Allocation Failure) 2024-10-09T21:41:40.889+0300: 283.723: [ParNew: 460096K->51072K(460096K), 0.0277645 secs] 1772139K->1377627K(8337536K), 0.0278553 secs] [Times: user=0.03 sys=0.00, real=0.03 secs] 
2024-10-09T21:41:40.921+0300: 283.751: Total time for which application threads were stopped: 0.0281257 seconds, Stopping threads took: 0.0001427 seconds
2024-10-09T21:41:41.094+0300: 283.923: Application time: 0.1721173 seconds
2024-10-09T21:41:41.094+0300: 283.923: [GC (Allocation Failure) 2024-10-09T21:41:41.094+0300: 283.923: [ParNew: 460096K->50630K(460096K), 0.0309564 secs] 1786651K->1403101K(8337536K), 0.0310492 secs] [Times: user=0.05 sys=0.00, real=0.03 secs] 
2024-10-09T21:41:41.125+0300: 283.954: Total time for which application threads were stopped: 0.0313130 seconds, Stopping threads took: 0.0001432 seconds
2024-10-09T21:41:41.298+0300: 284.133: Application time: 0.1793150 seconds
2024-10-09T21:41:41.298+0300: 284.134: [GC (Allocation Failure) 2024-10-09T21:41:41.298+0300: 284.134: [ParNew: 459654K->51072K(460096K), 0.0276464 secs] 1812125K->1414989K(8337536K), 0.0277334 secs] [Times: user=0.03 sys=0.00, real=0.03 secs] 
2024-10-09T21:41:41.329+0300: 284.162: Total time for which application threads were stopped: 0.0280022 seconds, Stopping threads took: 0.0001466 seconds
2024-10-09T21:41:41.486+0300: 284.313: Application time: 0.1518000 seconds
2024-10-09T21:41:41.486+0300: 284.314: [GC (Allocation Failure) 2024-10-09T21:41:41.486+0300: 284.314: [ParNew: 460096K->51072K(460096K), 0.0296167 secs] 1824013K->1432987K(8337536K), 0.0297037 secs] [Times: user=0.03 sys=0.00, real=0.02 secs] 
2024-10-09T21:41:41.511+0300: 284.343: Total time for which application threads were stopped: 0.0299647 seconds, Stopping threads took: 0.0001484 seconds
2024-10-09T21:41:41.691+0300: 284.517: Application time: 0.1733186 seconds
2024-10-09T21:41:41.691+0300: 284.517: [GC (Allocation Failure) 2024-10-09T21:41:41.691+0300: 284.517: [ParNew: 460096K->50332K(460096K), 0.0297913 secs] 1842011K->1452454K(8337536K), 0.0298823 secs] [Times: user=0.16 sys=0.00, real=0.02 secs] 
2024-10-09T21:41:41.712+0300: 284.547: Total time for which application threads were stopped: 0.0301011 seconds, Stopping threads took: 0.0000913 seconds
2024-10-09T21:41:41.894+0300: 284.725: Application time: 0.1784386 seconds
2024-10-09T21:41:41.894+0300: 284.725: [GC (Allocation Failure) 2024-10-09T21:41:41.894+0300: 284.725: [ParNew: 459356K->51072K(460096K), 0.0289919 secs] 1861478K->1468857K(8337536K), 0.0290797 secs] [Times: user=0.02 sys=0.00, real=0.03 secs] 
2024-10-09T21:41:41.926+0300: 284.754: Total time for which application threads were stopped: 0.0293575 seconds, Stopping threads took: 0.0001565 seconds
2024-10-09T21:41:42.082+0300: 284.909: Application time: 0.1547861 seconds
2024-10-09T21:41:42.082+0300: 284.910: [GC (Allocation Failure) 2024-10-09T21:41:42.082+0300: 284.910: [ParNew: 460096K->50213K(460096K), 0.0302167 secs] 1877881K->1485128K(8337536K), 0.0303491 secs] [Times: user=0.03 sys=0.00, real=0.03 secs] 
2024-10-09T21:41:42.114+0300: 284.940: Total time for which application threads were stopped: 0.0306621 seconds, Stopping threads took: 0.0001798 seconds
2024-10-09T21:41:42.287+0300: 285.113: Application time: 0.1727020 seconds
2024-10-09T21:41:42.287+0300: 285.113: [GC (Allocation Failure) 2024-10-09T21:41:42.287+0300: 285.113: [ParNew: 459237K->51072K(460096K), 0.0297620 secs] 1894152K->1510389K(8337536K), 0.0298538 secs] [Times: user=0.03 sys=0.00, real=0.03 secs] 
2024-10-09T21:41:42.313+0300: 285.143: Total time for which application threads were stopped: 0.0300880 seconds, Stopping threads took: 0.0001113 seconds
2024-10-09T21:41:42.491+0300: 285.320: Application time: 0.1772775 seconds
2024-10-09T21:41:42.491+0300: 285.320: [GC (Allocation Failure) 2024-10-09T21:41:42.491+0300: 285.320: [ParNew: 460096K->51072K(460096K), 0.0291652 secs] 1919413K->1525792K(8337536K), 0.0292477 secs] [Times: user=0.03 sys=0.00, real=0.03 secs] 
2024-10-09T21:41:42.523+0300: 285.350: Total time for which application threads were stopped: 0.0294971 seconds, Stopping threads took: 0.0001353 seconds
2024-10-09T21:41:42.679+0300: 285.515: Application time: 0.1655970 seconds
2024-10-09T21:41:42.679+0300: 285.515: [GC (Allocation Failure) 2024-10-09T21:41:42.679+0300: 285.515: [ParNew: 460096K->51072K(460096K), 0.0277839 secs] 1934816K->1535003K(8337536K), 0.0278716 secs] [Times: user=0.14 sys=0.00, real=0.04 secs] 
2024-10-09T21:41:42.714+0300: 285.543: Total time for which application threads were stopped: 0.0281665 seconds, Stopping threads took: 0.0001637 seconds
2024-10-09T21:41:42.868+0300: 285.709: Application time: 0.1657071 seconds
2024-10-09T21:41:42.868+0300: 285.709: [GC (Allocation Failure) 2024-10-09T21:41:42.868+0300: 285.709: [ParNew: 460096K->48131K(460096K), 0.0329286 secs] 1944027K->1565719K(8337536K), 0.0330162 secs] [Times: user=0.03 sys=0.00, real=0.05 secs] 
2024-10-09T21:41:42.915+0300: 285.742: Total time for which application threads were stopped: 0.0332384 seconds, Stopping threads took: 0.0001034 seconds
2024-10-09T21:41:43.088+0300: 285.921: Application time: 0.1783923 seconds
2024-10-09T21:41:43.088+0300: 285.921: [GC (Allocation Failure) 2024-10-09T21:41:43.088+0300: 285.921: [ParNew: 457155K->51072K(460096K), 0.0257117 secs] 1974743K->1571674K(8337536K), 0.0257842 secs] [Times: user=0.03 sys=0.00, real=0.03 secs] 
2024-10-09T21:41:43.121+0300: 285.947: Total time for which application threads were stopped: 0.0260011 seconds, Stopping threads took: 0.0001012 seconds
2024-10-09T21:41:43.276+0300: 286.114: Application time: 0.1675664 seconds
2024-10-09T21:41:43.276+0300: 286.114: [GC (Allocation Failure) 2024-10-09T21:41:43.276+0300: 286.114: [ParNew: 460096K->51072K(460096K), 0.0388867 secs] 1980698K->1601365K(8337536K), 0.0389799 secs] [Times: user=0.05 sys=0.00, real=0.05 secs] 
2024-10-09T21:41:43.324+0300: 286.153: Total time for which application threads were stopped: 0.0392677 seconds, Stopping threads took: 0.0001497 seconds
2024-10-09T21:41:43.480+0300: 286.313: Application time: 0.1590930 seconds
2024-10-09T21:41:43.480+0300: 286.313: [GC (Allocation Failure) 2024-10-09T21:41:43.480+0300: 286.313: [ParNew: 460096K->51072K(460096K), 0.0334374 secs] 2010389K->1634318K(8337536K), 0.0335186 secs] [Times: user=0.03 sys=0.00, real=0.04 secs] 
2024-10-09T21:41:43.516+0300: 286.346: Total time for which application threads were stopped: 0.0337720 seconds, Stopping threads took: 0.0001336 seconds
2024-10-09T21:41:43.700+0300: 286.529: Application time: 0.1822220 seconds
2024-10-09T21:41:43.700+0300: 286.529: [GC (Allocation Failure) 2024-10-09T21:41:43.700+0300: 286.529: [ParNew: 460096K->51072K(460096K), 0.0280369 secs] 2043342K->1645043K(8337536K), 0.0281290 secs] [Times: user=0.05 sys=0.00, real=0.02 secs] 
2024-10-09T21:41:43.716+0300: 286.557: Total time for which application threads were stopped: 0.0284108 seconds, Stopping threads took: 0.0001335 seconds
2024-10-09T21:41:43.888+0300: 286.722: Application time: 0.1650828 seconds
2024-10-09T21:41:43.888+0300: 286.722: [GC (Allocation Failure) 2024-10-09T21:41:43.888+0300: 286.722: [ParNew: 460096K->51072K(460096K), 0.0289619 secs] 2054067K->1659663K(8337536K), 0.0290513 secs] [Times: user=0.03 sys=0.00, real=0.03 secs] 
2024-10-09T21:41:43.920+0300: 286.751: Total time for which application threads were stopped: 0.0293280 seconds, Stopping threads took: 0.0001620 seconds
2024-10-09T21:41:44.077+0300: 286.909: Application time: 0.1576238 seconds
2024-10-09T21:41:44.077+0300: 286.909: [GC (Allocation Failure) 2024-10-09T21:41:44.077+0300: 286.909: [ParNew: 460096K->46402K(460096K), 0.0332431 secs] 2068687K->1686037K(8337536K), 0.0333302 secs] [Times: user=0.03 sys=0.00, real=0.03 secs] 
2024-10-09T21:41:44.108+0300: 286.943: Total time for which application threads were stopped: 0.0335712 seconds, Stopping threads took: 0.0001306 seconds
2024-10-09T21:41:44.281+0300: 287.122: Application time: 0.1790636 seconds
2024-10-09T21:41:44.281+0300: 287.122: [GC (Allocation Failure) 2024-10-09T21:41:44.281+0300: 287.122: [ParNew: 455426K->51072K(460096K), 0.0287980 secs] 2095061K->1706116K(8337536K), 0.0288953 secs] [Times: user=0.03 sys=0.00, real=0.04 secs] 
2024-10-09T21:41:44.318+0300: 287.151: Total time for which application threads were stopped: 0.0291518 seconds, Stopping threads took: 0.0001271 seconds
2024-10-09T21:41:44.485+0300: 287.317: Application time: 0.1662334 seconds
2024-10-09T21:41:44.485+0300: 287.317: [GC (Allocation Failure) 2024-10-09T21:41:44.485+0300: 287.317: [ParNew: 460096K->51072K(460096K), 0.0295550 secs] 2115140K->1719373K(8337536K), 0.0296429 secs] [Times: user=0.03 sys=0.00, real=0.03 secs] 
2024-10-09T21:41:44.518+0300: 287.347: Total time for which application threads were stopped: 0.0298975 seconds, Stopping threads took: 0.0001228 seconds
2024-10-09T21:41:44.673+0300: 287.511: Application time: 0.1636734 seconds
2024-10-09T21:41:44.673+0300: 287.511: [GC (Allocation Failure) 2024-10-09T21:41:44.673+0300: 287.511: [ParNew: 460096K->51072K(460096K), 0.0308386 secs] 2128397K->1744286K(8337536K), 0.0309304 secs] [Times: user=0.01 sys=0.00, real=0.03 secs] 
2024-10-09T21:41:44.705+0300: 287.542: Total time for which application threads were stopped: 0.0312116 seconds, Stopping threads took: 0.0001515 seconds
2024-10-09T21:41:44.893+0300: 287.720: Application time: 0.1783410 seconds
2024-10-09T21:41:44.893+0300: 287.720: [GC (Allocation Failure) 2024-10-09T21:41:44.893+0300: 287.720: [ParNew: 460096K->51072K(460096K), 0.0259905 secs] 2153310K->1751618K(8337536K), 0.0260788 secs] [Times: user=0.03 sys=0.00, real=0.03 secs] 
2024-10-09T21:41:44.919+0300: 287.747: Total time for which application threads were stopped: 0.0263344 seconds, Stopping threads took: 0.0001380 seconds
2024-10-09T21:41:45.081+0300: 287.911: Application time: 0.1645653 seconds
2024-10-09T21:41:45.081+0300: 287.911: [GC (Allocation Failure) 2024-10-09T21:41:45.081+0300: 287.911: [ParNew: 460096K->51072K(460096K), 0.0318273 secs] 2160642K->1772084K(8337536K), 0.0319137 secs] [Times: user=0.03 sys=0.00, real=0.03 secs] 
2024-10-09T21:41:45.113+0300: 287.943: Total time for which application threads were stopped: 0.0321677 seconds, Stopping threads took: 0.0001399 seconds
2024-10-09T21:41:45.270+0300: 288.106: Application time: 0.1628778 seconds
2024-10-09T21:41:45.270+0300: 288.106: [GC (Allocation Failure) 2024-10-09T21:41:45.270+0300: 288.106: [ParNew: 460096K->51072K(460096K), 0.0303723 secs] 2181108K->1797765K(8337536K), 0.0304674 secs] [Times: user=0.03 sys=0.00, real=0.03 secs] 
2024-10-09T21:41:45.301+0300: 288.137: Total time for which application threads were stopped: 0.0307186 seconds, Stopping threads took: 0.0001311 seconds
2024-10-09T21:41:45.490+0300: 288.317: Application time: 0.1801619 seconds
2024-10-09T21:41:45.490+0300: 288.317: [GC (Allocation Failure) 2024-10-09T21:41:45.490+0300: 288.317: [ParNew: 460096K->51072K(460096K), 0.0263544 secs] 2206789K->1806843K(8337536K), 0.0264416 secs] [Times: user=0.02 sys=0.00, real=0.02 secs] 
2024-10-09T21:41:45.505+0300: 288.344: Total time for which application threads were stopped: 0.0266827 seconds, Stopping threads took: 0.0001241 seconds
2024-10-09T21:41:45.678+0300: 288.509: Application time: 0.1655694 seconds
2024-10-09T21:41:45.678+0300: 288.510: [GC (Allocation Failure) 2024-10-09T21:41:45.678+0300: 288.510: [ParNew: 460096K->51072K(460096K), 0.0359657 secs] 2215867K->1828994K(8337536K), 0.0360601 secs] [Times: user=0.11 sys=0.00, real=0.03 secs] 
2024-10-09T21:41:45.709+0300: 288.546: Total time for which application threads were stopped: 0.0363607 seconds, Stopping threads took: 0.0001571 seconds
2024-10-09T21:41:45.882+0300: 288.715: Application time: 0.1691848 seconds
2024-10-09T21:41:45.882+0300: 288.715: [GC (Allocation Failure) 2024-10-09T21:41:45.882+0300: 288.715: [ParNew: 460096K->39505K(460096K), 0.0327208 secs] 2238018K->1848244K(8337536K), 0.0328073 secs] [Times: user=0.05 sys=0.00, real=0.04 secs] 
2024-10-09T21:41:45.921+0300: 288.748: Total time for which application threads were stopped: 0.0330406 seconds, Stopping threads took: 0.0001179 seconds
2024-10-09T21:41:46.087+0300: 288.920: Application time: 0.1719900 seconds
2024-10-09T21:41:46.087+0300: 288.920: [GC (Allocation Failure) 2024-10-09T21:41:46.087+0300: 288.920: [ParNew: 448529K->51072K(460096K), 0.0260294 secs] 2257268K->1864139K(8337536K), 0.0261102 secs] [Times: user=0.03 sys=0.00, real=0.03 secs] 
2024-10-09T21:41:46.118+0300: 288.946: Total time for which application threads were stopped: 0.0263774 seconds, Stopping threads took: 0.0001499 seconds
2024-10-09T21:41:46.275+0300: 289.105: Application time: 0.1582888 seconds
2024-10-09T21:41:46.275+0300: 289.105: [GC (Allocation Failure) 2024-10-09T21:41:46.275+0300: 289.105: [ParNew: 460096K->51072K(460096K), 0.0355468 secs] 2273163K->1892004K(8337536K), 0.0356341 secs] [Times: user=0.03 sys=0.00, real=0.03 secs] 
2024-10-09T21:41:46.306+0300: 289.140: Total time for which application threads were stopped: 0.0359149 seconds, Stopping threads took: 0.0001683 seconds
2024-10-09T21:41:46.479+0300: 289.306: Application time: 0.1659156 seconds
2024-10-09T21:41:46.479+0300: 289.307: [GC (Allocation Failure) 2024-10-09T21:41:46.479+0300: 289.307: [ParNew: 460096K->44424K(460096K), 0.0330535 secs] 2301028K->1916185K(8337536K), 0.0331447 secs] [Times: user=0.03 sys=0.00, real=0.03 secs] 
2024-10-09T21:41:46.511+0300: 289.340: Total time for which application threads were stopped: 0.0333970 seconds, Stopping threads took: 0.0001192 seconds
2024-10-09T21:41:46.699+0300: 289.526: Application time: 0.1859592 seconds
2024-10-09T21:41:46.699+0300: 289.526: [GC (Allocation Failure) 2024-10-09T21:41:46.699+0300: 289.526: [ParNew: 453448K->51072K(460096K), 0.0259908 secs] 2325209K->1925690K(8337536K), 0.0260776 secs] [Times: user=0.05 sys=0.00, real=0.02 secs] 
2024-10-09T21:41:46.723+0300: 289.552: Total time for which application threads were stopped: 0.0263533 seconds, Stopping threads took: 0.0001412 seconds
2024-10-09T21:41:46.887+0300: 289.714: Application time: 0.1614949 seconds
2024-10-09T21:41:46.887+0300: 289.714: [GC (Allocation Failure) 2024-10-09T21:41:46.887+0300: 289.714: [ParNew: 460096K->51072K(460096K), 0.0359297 secs] 2334714K->1954226K(8337536K), 0.0360254 secs] [Times: user=0.06 sys=0.00, real=0.04 secs] 
2024-10-09T21:41:46.924+0300: 289.750: Total time for which application threads were stopped: 0.0362879 seconds, Stopping threads took: 0.0001397 seconds
2024-10-09T21:41:47.091+0300: 289.917: Application time: 0.1674777 seconds
2024-10-09T21:41:47.091+0300: 289.918: [GC (Allocation Failure) 2024-10-09T21:41:47.091+0300: 289.918: [ParNew: 460096K->46878K(460096K), 0.0322617 secs] 2363250K->1982374K(8337536K), 0.0323401 secs] [Times: user=0.03 sys=0.00, real=0.03 secs] 
2024-10-09T21:41:47.124+0300: 289.950: Total time for which application threads were stopped: 0.0325792 seconds, Stopping threads took: 0.0001219 seconds
2024-10-09T21:41:47.295+0300: 290.132: Application time: 0.1823214 seconds
2024-10-09T21:41:47.295+0300: 290.132: [GC (Allocation Failure) 2024-10-09T21:41:47.295+0300: 290.133: [ParNew: 455902K->51072K(460096K), 0.0266550 secs] 2391398K->1988625K(8337536K), 0.0267326 secs] [Times: user=0.03 sys=0.00, real=0.03 secs] 
2024-10-09T21:41:47.327+0300: 290.159: Total time for which application threads were stopped: 0.0270009 seconds, Stopping threads took: 0.0001515 seconds
2024-10-09T21:41:47.484+0300: 290.314: Application time: 0.1546480 seconds
2024-10-09T21:41:47.484+0300: 290.314: [GC (Allocation Failure) 2024-10-09T21:41:47.484+0300: 290.314: [ParNew: 460096K->51072K(460096K), 0.0307682 secs] 2397649K->2006545K(8337536K), 0.0308622 secs] [Times: user=0.03 sys=0.00, real=0.03 secs] 
2024-10-09T21:41:47.515+0300: 290.345: Total time for which application threads were stopped: 0.0311463 seconds, Stopping threads took: 0.0001664 seconds
2024-10-09T21:41:47.687+0300: 290.515: Application time: 0.1699699 seconds
2024-10-09T21:41:47.687+0300: 290.515: [GC (Allocation Failure) 2024-10-09T21:41:47.687+0300: 290.515: [ParNew: 460096K->47574K(460096K), 0.0338824 secs] 2415569K->2036355K(8337536K), 0.0339663 secs] [Times: user=0.05 sys=0.00, real=0.03 secs] 
2024-10-09T21:41:47.719+0300: 290.549: Total time for which application threads were stopped: 0.0342051 seconds, Stopping threads took: 0.0001237 seconds
2024-10-09T21:41:47.891+0300: 290.731: Application time: 0.1813921 seconds
2024-10-09T21:41:47.891+0300: 290.731: [GC (Allocation Failure) 2024-10-09T21:41:47.907+0300: 290.733: [ParNew: 456598K->51072K(460096K), 0.0256754 secs] 2445379K->2043586K(8337536K), 0.0280393 secs] [Times: user=0.01 sys=0.00, real=0.04 secs] 
2024-10-09T21:41:47.926+0300: 290.759: Total time for which application threads were stopped: 0.0283155 seconds, Stopping threads took: 0.0001555 seconds
2024-10-09T21:41:48.080+0300: 290.918: Application time: 0.1587617 seconds
2024-10-09T21:41:48.080+0300: 290.918: [GC (Allocation Failure) 2024-10-09T21:41:48.080+0300: 290.918: [ParNew: 460096K->51072K(460096K), 0.0340749 secs] 2452610K->2065418K(8337536K), 0.0341611 secs] [Times: user=0.03 sys=0.00, real=0.05 secs] 
2024-10-09T21:41:48.126+0300: 290.952: Total time for which application threads were stopped: 0.0344350 seconds, Stopping threads took: 0.0001530 seconds
2024-10-09T21:41:48.284+0300: 291.111: Application time: 0.1589653 seconds
2024-10-09T21:41:48.284+0300: 291.111: [GC (Allocation Failure) 2024-10-09T21:41:48.284+0300: 291.111: [ParNew: 460096K->42672K(460096K), 0.0297403 secs] 2474442K->2082952K(8337536K), 0.0298319 secs] [Times: user=0.03 sys=0.00, real=0.03 secs] 
2024-10-09T21:41:48.315+0300: 291.141: Total time for which application threads were stopped: 0.0300687 seconds, Stopping threads took: 0.0001092 seconds
2024-10-09T21:41:48.488+0300: 291.322: Application time: 0.1806887 seconds
2024-10-09T21:41:48.488+0300: 291.322: [GC (Allocation Failure) 2024-10-09T21:41:48.488+0300: 291.322: [ParNew: 451696K->51072K(460096K), 0.0280819 secs] 2491976K->2096448K(8337536K), 0.0281695 secs] [Times: user=0.03 sys=0.00, real=0.03 secs] 
2024-10-09T21:41:48.519+0300: 291.350: Total time for which application threads were stopped: 0.0284076 seconds, Stopping threads took: 0.0001185 seconds
2024-10-09T21:41:48.677+0300: 291.518: Application time: 0.1672679 seconds
2024-10-09T21:41:48.677+0300: 291.518: [GC (Allocation Failure) 2024-10-09T21:41:48.677+0300: 291.518: [ParNew: 460096K->51072K(460096K), 0.0402001 secs] 2505472K->2127500K(8337536K), 0.0402895 secs] [Times: user=0.03 sys=0.00, real=0.05 secs] 
2024-10-09T21:41:48.727+0300: 291.558: Total time for which application threads were stopped: 0.0405967 seconds, Stopping threads took: 0.0001770 seconds
2024-10-09T21:41:48.881+0300: 291.714: Application time: 0.1559750 seconds
2024-10-09T21:41:48.881+0300: 291.714: [GC (Allocation Failure) 2024-10-09T21:41:48.881+0300: 291.714: [ParNew: 460096K->43557K(460096K), 0.0340840 secs] 2536524K->2154074K(8337536K), 0.0341852 secs] [Times: user=0.03 sys=0.00, real=0.03 secs] 
2024-10-09T21:41:48.912+0300: 291.749: Total time for which application threads were stopped: 0.0344610 seconds, Stopping threads took: 0.0001492 seconds
2024-10-09T21:41:49.084+0300: 291.924: Application time: 0.1757295 seconds
2024-10-09T21:41:49.084+0300: 291.925: [GC (Allocation Failure) 2024-10-09T21:41:49.084+0300: 291.925: [ParNew: 452581K->51072K(460096K), 0.0258048 secs] 2563098K->2165056K(8337536K), 0.0258989 secs] [Times: user=0.03 sys=0.00, real=0.03 secs] 
2024-10-09T21:41:49.116+0300: 291.951: Total time for which application threads were stopped: 0.0261766 seconds, Stopping threads took: 0.0001403 seconds
2024-10-09T21:41:49.288+0300: 292.118: Application time: 0.1675110 seconds
2024-10-09T21:41:49.288+0300: 292.118: [GC (Allocation Failure) 2024-10-09T21:41:49.288+0300: 292.118: [ParNew: 460096K->51072K(460096K), 0.0321484 secs] 2574080K->2182055K(8337536K), 0.0322395 secs] [Times: user=0.03 sys=0.00, real=0.03 secs] 
2024-10-09T21:41:49.320+0300: 292.151: Total time for which application threads were stopped: 0.0324926 seconds, Stopping threads took: 0.0001328 seconds
2024-10-09T21:41:49.477+0300: 292.311: Application time: 0.1603260 seconds
2024-10-09T21:41:49.477+0300: 292.311: [GC (Allocation Failure) 2024-10-09T21:41:49.477+0300: 292.311: [ParNew: 460096K->51072K(460096K), 0.0363448 secs] 2591079K->2218491K(8337536K), 0.0364288 secs] [Times: user=0.03 sys=0.00, real=0.03 secs] 
2024-10-09T21:41:49.509+0300: 292.348: Total time for which application threads were stopped: 0.0366568 seconds, Stopping threads took: 0.0001173 seconds
2024-10-09T21:41:49.697+0300: 292.526: Application time: 0.1781507 seconds
2024-10-09T21:41:49.697+0300: 292.526: [GC (Allocation Failure) 2024-10-09T21:41:49.697+0300: 292.526: [ParNew: 460096K->51072K(460096K), 0.0250780 secs] 2627515K->2225838K(8337536K), 0.0251670 secs] [Times: user=0.16 sys=0.00, real=0.02 secs] 
2024-10-09T21:41:49.713+0300: 292.551: Total time for which application threads were stopped: 0.0254719 seconds, Stopping threads took: 0.0001741 seconds
2024-10-09T21:41:49.885+0300: 292.718: Application time: 0.1670237 seconds
2024-10-09T21:41:49.885+0300: 292.718: [GC (Allocation Failure) 2024-10-09T21:41:49.885+0300: 292.718: [ParNew: 460096K->51072K(460096K), 0.0273959 secs] 2634862K->2237082K(8337536K), 0.0274859 secs] [Times: user=0.03 sys=0.00, real=0.03 secs] 
2024-10-09T21:41:49.917+0300: 292.746: Total time for which application threads were stopped: 0.0277512 seconds, Stopping threads took: 0.0001494 seconds
2024-10-09T21:41:50.074+0300: 292.908: Application time: 0.1619257 seconds
2024-10-09T21:41:50.074+0300: 292.908: [GC (Allocation Failure) 2024-10-09T21:41:50.074+0300: 292.908: [ParNew: 460096K->51072K(460096K), 0.0321659 secs] 2646106K->2265723K(8337536K), 0.0322562 secs] [Times: user=0.03 sys=0.00, real=0.03 secs] 
2024-10-09T21:41:50.105+0300: 292.940: Total time for which application threads were stopped: 0.0324877 seconds, Stopping threads took: 0.0001189 seconds
2024-10-09T21:41:50.278+0300: 293.111: Application time: 0.1709847 seconds
2024-10-09T21:41:50.278+0300: 293.112: [GC (Allocation Failure) 2024-10-09T21:41:50.278+0300: 293.112: [ParNew: 460096K->51072K(460096K), 0.0278270 secs] 2674747K->2277067K(8337536K), 0.0279176 secs] [Times: user=0.03 sys=0.00, real=0.03 secs] 
2024-10-09T21:41:50.309+0300: 293.139: Total time for which application threads were stopped: 0.0281714 seconds, Stopping threads took: 0.0001343 seconds
2024-10-09T21:41:50.466+0300: 293.305: Application time: 0.1656796 seconds
2024-10-09T21:41:50.466+0300: 293.305: [GC (Allocation Failure) 2024-10-09T21:41:50.466+0300: 293.305: [ParNew: 460096K->51072K(460096K), 0.0280731 secs] 2686091K->2291760K(8337536K), 0.0281629 secs] [Times: user=0.03 sys=0.00, real=0.03 secs] 
2024-10-09T21:41:50.497+0300: 293.334: Total time for which application threads were stopped: 0.0284602 seconds, Stopping threads took: 0.0001719 seconds
2024-10-09T21:41:50.670+0300: 293.506: Application time: 0.1718797 seconds
2024-10-09T21:41:50.670+0300: 293.506: [GC (Allocation Failure) 2024-10-09T21:41:50.670+0300: 293.506: [ParNew: 460096K->48798K(460096K), 0.0278407 secs] 2700784K->2305705K(8337536K), 0.0279328 secs] [Times: user=0.05 sys=0.00, real=0.03 secs] 
2024-10-09T21:41:50.702+0300: 293.534: Total time for which application threads were stopped: 0.0281928 seconds, Stopping threads took: 0.0001339 seconds
2024-10-09T21:41:50.874+0300: 293.703: Application time: 0.1697339 seconds
2024-10-09T21:41:50.874+0300: 293.704: [GC (Allocation Failure) 2024-10-09T21:41:50.874+0300: 293.704: [ParNew: 457822K->51072K(460096K), 0.0274894 secs] 2714729K->2321733K(8337536K), 0.0275738 secs] [Times: user=0.02 sys=0.00, real=0.02 secs] 
2024-10-09T21:41:50.890+0300: 293.731: Total time for which application threads were stopped: 0.0278349 seconds, Stopping threads took: 0.0001457 seconds
2024-10-09T21:41:51.063+0300: 293.896: Application time: 0.1644174 seconds
2024-10-09T21:41:51.063+0300: 293.896: [GC (Allocation Failure) 2024-10-09T21:41:51.063+0300: 293.896: [ParNew: 460096K->51072K(460096K), 0.0320774 secs] 2730757K->2345493K(8337536K), 0.0321607 secs] [Times: user=0.03 sys=0.00, real=0.03 secs] 
2024-10-09T21:41:51.094+0300: 293.928: Total time for which application threads were stopped: 0.0323950 seconds, Stopping threads took: 0.0001165 seconds
2024-10-09T21:41:51.267+0300: 294.094: Application time: 0.1660825 seconds
2024-10-09T21:41:51.267+0300: 294.094: [GC (Allocation Failure) 2024-10-09T21:41:51.267+0300: 294.094: [ParNew: 460096K->51072K(460096K), 0.0281390 secs] 2754517K->2363069K(8337536K), 0.0282289 secs] [Times: user=0.02 sys=0.00, real=0.02 secs] 
2024-10-09T21:41:51.283+0300: 294.123: Total time for which application threads were stopped: 0.0284959 seconds, Stopping threads took: 0.0001470 seconds
2024-10-09T21:41:51.456+0300: 294.292: Application time: 0.1698144 seconds
2024-10-09T21:41:51.456+0300: 294.293: [GC (Allocation Failure) 2024-10-09T21:41:51.456+0300: 294.293: [ParNew: 460096K->51072K(460096K), 0.0287583 secs] 2772093K->2379716K(8337536K), 0.0288506 secs] [Times: user=0.03 sys=0.00, real=0.03 secs] 
2024-10-09T21:41:51.487+0300: 294.322: Total time for which application threads were stopped: 0.0291338 seconds, Stopping threads took: 0.0001616 seconds
2024-10-09T21:41:51.660+0300: 294.488: Application time: 0.1666242 seconds
2024-10-09T21:41:51.660+0300: 294.489: [GC (Allocation Failure) 2024-10-09T21:41:51.660+0300: 294.489: [ParNew: 460096K->51072K(460096K), 0.0373488 secs] 2788740K->2407628K(8337536K), 0.0374470 secs] [Times: user=0.12 sys=0.00, real=0.03 secs] 
2024-10-09T21:41:51.691+0300: 294.526: Total time for which application threads were stopped: 0.0377346 seconds, Stopping threads took: 0.0001389 seconds
2024-10-09T21:41:51.848+0300: 294.689: Application time: 0.1630104 seconds
2024-10-09T21:41:51.848+0300: 294.689: [GC (Allocation Failure) 2024-10-09T21:41:51.848+0300: 294.689: [ParNew: 460096K->51072K(460096K), 0.0270589 secs] 2816652K->2420920K(8337536K), 0.0271437 secs] [Times: user=0.02 sys=0.00, real=0.03 secs] 
2024-10-09T21:41:51.879+0300: 294.716: Total time for which application threads were stopped: 0.0274108 seconds, Stopping threads took: 0.0001517 seconds
2024-10-09T21:41:52.052+0300: 294.886: Application time: 0.1694007 seconds
2024-10-09T21:41:52.052+0300: 294.886: [GC (Allocation Failure) 2024-10-09T21:41:52.052+0300: 294.886: [ParNew: 460096K->51072K(460096K), 0.0311782 secs] 2829944K->2443100K(8337536K), 0.0312609 secs] [Times: user=0.03 sys=0.00, real=0.03 secs] 
2024-10-09T21:41:52.083+0300: 294.917: Total time for which application threads were stopped: 0.0315107 seconds, Stopping threads took: 0.0001312 seconds
2024-10-09T21:41:52.240+0300: 295.077: Application time: 0.1595962 seconds
2024-10-09T21:41:52.240+0300: 295.077: [GC (Allocation Failure) 2024-10-09T21:41:52.240+0300: 295.077: [ParNew: 460096K->51072K(460096K), 0.0291573 secs] 2852124K->2459362K(8337536K), 0.0292464 secs] [Times: user=0.03 sys=0.00, real=0.03 secs] 
2024-10-09T21:41:52.272+0300: 295.106: Total time for which application threads were stopped: 0.0294739 seconds, Stopping threads took: 0.0001098 seconds
2024-10-09T21:41:52.435+0300: 295.269: Application time: 0.1630568 seconds
2024-10-09T21:41:52.435+0300: 295.270: [GC (Allocation Failure) 2024-10-09T21:41:52.435+0300: 295.270: [ParNew: 460096K->51072K(460096K), 0.0336455 secs] 2868386K->2485427K(8337536K), 0.0337359 secs] [Times: user=0.02 sys=0.00, real=0.04 secs] 
2024-10-09T21:41:52.476+0300: 295.303: Total time for which application threads were stopped: 0.0339987 seconds, Stopping threads took: 0.0001411 seconds
2024-10-09T21:41:52.636+0300: 295.472: Application time: 0.1681470 seconds
2024-10-09T21:41:52.636+0300: 295.472: [GC (Allocation Failure) 2024-10-09T21:41:52.636+0300: 295.472: [ParNew: 460096K->51072K(460096K), 0.0292678 secs] 2894451K->2504586K(8337536K), 0.0293546 secs] [Times: user=0.00 sys=0.00, real=0.03 secs] 
2024-10-09T21:41:52.664+0300: 295.501: Total time for which application threads were stopped: 0.0296262 seconds, Stopping threads took: 0.0001486 seconds
2024-10-09T21:41:52.852+0300: 295.678: Application time: 0.1767677 seconds
2024-10-09T21:41:52.852+0300: 295.678: [GC (Allocation Failure) 2024-10-09T21:41:52.852+0300: 295.678: [ParNew: 460096K->51072K(460096K), 0.0246817 secs] 2913610K->2512278K(8337536K), 0.0247628 secs] [Times: user=0.02 sys=0.00, real=0.02 secs] 
2024-10-09T21:41:52.868+0300: 295.703: Total time for which application threads were stopped: 0.0250102 seconds, Stopping threads took: 0.0001317 seconds
2024-10-09T21:41:53.040+0300: 295.869: Application time: 0.1661939 seconds
2024-10-09T21:41:53.040+0300: 295.869: [GC (Allocation Failure) 2024-10-09T21:41:53.040+0300: 295.869: [ParNew: 460096K->51072K(460096K), 0.0315362 secs] 2921302K->2536625K(8337536K), 0.0316253 secs] [Times: user=0.02 sys=0.00, real=0.03 secs] 
2024-10-09T21:41:53.072+0300: 295.901: Total time for which application threads were stopped: 0.0318959 seconds, Stopping threads took: 0.0001529 seconds
2024-10-09T21:41:53.244+0300: 296.072: Application time: 0.1708089 seconds
2024-10-09T21:41:53.244+0300: 296.072: [GC (Allocation Failure) 2024-10-09T21:41:53.244+0300: 296.072: [ParNew: 460096K->51072K(460096K), 0.0297622 secs] 2945649K->2558300K(8337536K), 0.0298492 secs] [Times: user=0.03 sys=0.00, real=0.03 secs] 
2024-10-09T21:41:53.275+0300: 296.102: Total time for which application threads were stopped: 0.0300929 seconds, Stopping threads took: 0.0001201 seconds
2024-10-09T21:41:53.448+0300: 296.275: Application time: 0.1732083 seconds
2024-10-09T21:41:53.448+0300: 296.275: [GC (Allocation Failure) 2024-10-09T21:41:53.448+0300: 296.276: [ParNew: 460096K->51072K(460096K), 0.0269244 secs] 2967324K->2566901K(8337536K), 0.0270635 secs] [Times: user=0.02 sys=0.00, real=0.02 secs] 
2024-10-09T21:41:53.464+0300: 296.303: Total time for which application threads were stopped: 0.0273064 seconds, Stopping threads took: 0.0001289 seconds
2024-10-09T21:41:53.621+0300: 296.461: Application time: 0.1582681 seconds
2024-10-09T21:41:53.621+0300: 296.461: [GC (Allocation Failure) 2024-10-09T21:41:53.621+0300: 296.461: [ParNew: 460096K->51072K(460096K), 0.0279808 secs] 2975925K->2582459K(8337536K), 0.0280742 secs] [Times: user=0.03 sys=0.00, real=0.03 secs] 
2024-10-09T21:41:53.652+0300: 296.489: Total time for which application threads were stopped: 0.0283290 seconds, Stopping threads took: 0.0001308 seconds
2024-10-09T21:41:53.825+0300: 296.662: Application time: 0.1730187 seconds
2024-10-09T21:41:53.825+0300: 296.662: [GC (Allocation Failure) 2024-10-09T21:41:53.825+0300: 296.662: [ParNew: 460096K->47399K(460096K), 0.0300988 secs] 2991483K->2603252K(8337536K), 0.0301889 secs] [Times: user=0.06 sys=0.00, real=0.03 secs] 
2024-10-09T21:41:53.856+0300: 296.693: Total time for which application threads were stopped: 0.0304652 seconds, Stopping threads took: 0.0001348 seconds
2024-10-09T21:41:54.039+0300: 296.865: Application time: 0.1722461 seconds
2024-10-09T21:41:54.039+0300: 296.865: [GC (Allocation Failure) 2024-10-09T21:41:54.039+0300: 296.865: [ParNew: 456423K->51072K(460096K), 0.0258810 secs] 3012276K->2612213K(8337536K), 0.0259808 secs] [Times: user=0.06 sys=0.00, real=0.02 secs] 
2024-10-09T21:41:54.060+0300: 296.891: Total time for which application threads were stopped: 0.0262038 seconds, Stopping threads took: 0.0001058 seconds
2024-10-09T21:41:54.233+0300: 297.059: Application time: 0.1682251 seconds
2024-10-09T21:41:54.233+0300: 297.060: [GC (Allocation Failure) 2024-10-09T21:41:54.233+0300: 297.060: [ParNew: 460096K->51072K(460096K), 0.0280100 secs] 3021237K->2628087K(8337536K), 0.0280933 secs] [Times: user=0.02 sys=0.00, real=0.02 secs] 
2024-10-09T21:41:54.249+0300: 297.088: Total time for which application threads were stopped: 0.0283574 seconds, Stopping threads took: 0.0001484 seconds
2024-10-09T21:41:54.406+0300: 297.246: Application time: 0.1586776 seconds
2024-10-09T21:41:54.406+0300: 297.247: [GC (Allocation Failure) 2024-10-09T21:41:54.406+0300: 297.247: [ParNew: 460096K->49407K(460096K), 0.0271822 secs] 3037111K->2644385K(8337536K), 0.0272689 secs] [Times: user=0.03 sys=0.00, real=0.03 secs] 
2024-10-09T21:41:54.440+0300: 297.274: Total time for which application threads were stopped: 0.0275113 seconds, Stopping threads took: 0.0001312 seconds
2024-10-09T21:41:54.610+0300: 297.450: Application time: 0.1757561 seconds
2024-10-09T21:41:54.610+0300: 297.450: [GC (Allocation Failure) 2024-10-09T21:41:54.610+0300: 297.450: [ParNew: 458431K->51072K(460096K), 0.0290585 secs] 3053409K->2658221K(8337536K), 0.0291440 secs] [Times: user=0.03 sys=0.00, real=0.03 secs] 
2024-10-09T21:41:54.641+0300: 297.479: Total time for which application threads were stopped: 0.0294227 seconds, Stopping threads took: 0.0001621 seconds
2024-10-09T21:41:54.814+0300: 297.653: Application time: 0.1735282 seconds
2024-10-09T21:41:54.814+0300: 297.653: [GC (Allocation Failure) 2024-10-09T21:41:54.814+0300: 297.653: [ParNew: 460096K->51072K(460096K), 0.0317936 secs] 3067245K->2676240K(8337536K), 0.0318850 secs] [Times: user=0.03 sys=0.00, real=0.03 secs] 
2024-10-09T21:41:54.845+0300: 297.685: Total time for which application threads were stopped: 0.0321819 seconds, Stopping threads took: 0.0001765 seconds
2024-10-09T21:41:55.017+0300: 297.846: Application time: 0.1615902 seconds
2024-10-09T21:41:55.017+0300: 297.847: [GC (Allocation Failure) 2024-10-09T21:41:55.017+0300: 297.847: [ParNew: 460096K->51072K(460096K), 0.0324962 secs] 3085264K->2703692K(8337536K), 0.0325824 secs] [Times: user=0.03 sys=0.00, real=0.03 secs] 
2024-10-09T21:41:55.049+0300: 297.879: Total time for which application threads were stopped: 0.0328184 seconds, Stopping threads took: 0.0001171 seconds
2024-10-09T21:41:55.222+0300: 298.054: Application time: 0.1750566 seconds
2024-10-09T21:41:55.222+0300: 298.054: [GC (Allocation Failure) 2024-10-09T21:41:55.222+0300: 298.055: [ParNew: 460096K->51072K(460096K), 0.0275785 secs] 3112716K->2713849K(8337536K), 0.0276742 secs] [Times: user=0.02 sys=0.00, real=0.03 secs] 
2024-10-09T21:41:55.253+0300: 298.082: Total time for which application threads were stopped: 0.0279307 seconds, Stopping threads took: 0.0001308 seconds
2024-10-09T21:41:55.410+0300: 298.251: Application time: 0.1684108 seconds
2024-10-09T21:41:55.410+0300: 298.251: [GC (Allocation Failure) 2024-10-09T21:41:55.410+0300: 298.251: [ParNew: 460096K->51072K(460096K), 0.0319741 secs] 3122873K->2736325K(8337536K), 0.0320645 secs] [Times: user=0.03 sys=0.00, real=0.03 secs] 
2024-10-09T21:41:55.457+0300: 298.283: Total time for which application threads were stopped: 0.0323481 seconds, Stopping threads took: 0.0001577 seconds
2024-10-09T21:41:55.614+0300: 298.443: Application time: 0.1605096 seconds
2024-10-09T21:41:55.614+0300: 298.444: [GC (Allocation Failure) 2024-10-09T21:41:55.614+0300: 298.444: [ParNew: 460096K->51072K(460096K), 0.0348346 secs] 3145349K->2764082K(8337536K), 0.0349209 secs] [Times: user=0.03 sys=0.00, real=0.03 secs] 
2024-10-09T21:41:55.646+0300: 298.479: Total time for which application threads were stopped: 0.0352072 seconds, Stopping threads took: 0.0001626 seconds
2024-10-09T21:41:55.818+0300: 298.653: Application time: 0.1742647 seconds
2024-10-09T21:41:55.818+0300: 298.653: [GC (Allocation Failure) 2024-10-09T21:41:55.818+0300: 298.653: [ParNew: 460096K->51072K(460096K), 0.0285285 secs] 3173106K->2779399K(8337536K), 0.0286185 secs] [Times: user=0.03 sys=0.00, real=0.03 secs] 
2024-10-09T21:41:55.850+0300: 298.682: Total time for which application threads were stopped: 0.0288867 seconds, Stopping threads took: 0.0001456 seconds
2024-10-09T21:41:56.022+0300: 298.851: Application time: 0.1696394 seconds
2024-10-09T21:41:56.022+0300: 298.852: [GC (Allocation Failure) 2024-10-09T21:41:56.022+0300: 298.852: [ParNew: 460096K->51072K(460096K), 0.0303508 secs] 3188423K->2794855K(8337536K), 0.0304387 secs] [Times: user=0.03 sys=0.00, real=0.03 secs] 
2024-10-09T21:41:56.054+0300: 298.882: Total time for which application threads were stopped: 0.0307018 seconds, Stopping threads took: 0.0001417 seconds
2024-10-09T21:41:56.211+0300: 299.037: Application time: 0.1551230 seconds
2024-10-09T21:41:56.211+0300: 299.037: [GC (Allocation Failure) 2024-10-09T21:41:56.211+0300: 299.038: [ParNew: 460096K->51072K(460096K), 0.0332744 secs] 3203879K->2820729K(8337536K), 0.0333608 secs] [Times: user=0.05 sys=0.00, real=0.03 secs] 
2024-10-09T21:41:56.244+0300: 299.071: Total time for which application threads were stopped: 0.0335931 seconds, Stopping threads took: 0.0001147 seconds
2024-10-09T21:41:56.399+0300: 299.238: Application time: 0.1674094 seconds
2024-10-09T21:41:56.399+0300: 299.239: [GC (Allocation Failure) 2024-10-09T21:41:56.399+0300: 299.239: [ParNew: 460096K->51072K(460096K), 0.0309487 secs] 3229753K->2842143K(8337536K), 0.0310349 secs] [Times: user=0.03 sys=0.00, real=0.03 secs] 
2024-10-09T21:41:56.430+0300: 299.270: Total time for which application threads were stopped: 0.0313056 seconds, Stopping threads took: 0.0001555 seconds
2024-10-09T21:41:56.603+0300: 299.443: Application time: 0.1731246 seconds
2024-10-09T21:41:56.603+0300: 299.443: [GC (Allocation Failure) 2024-10-09T21:41:56.603+0300: 299.443: [ParNew: 460096K->51072K(460096K), 0.0292387 secs] 3251167K->2856965K(8337536K), 0.0293308 secs] [Times: user=0.05 sys=0.00, real=0.04 secs] 
2024-10-09T21:41:56.645+0300: 299.472: Total time for which application threads were stopped: 0.0295817 seconds, Stopping threads took: 0.0001237 seconds
2024-10-09T21:41:56.807+0300: 299.638: Application time: 0.1660743 seconds
2024-10-09T21:41:56.807+0300: 299.639: [GC (Allocation Failure) 2024-10-09T21:41:56.807+0300: 299.639: [ParNew: 460096K->51072K(460096K), 0.0294560 secs] 3265989K->2874471K(8337536K), 0.0295433 secs] [Times: user=0.06 sys=0.00, real=0.03 secs] 
2024-10-09T21:41:56.839+0300: 299.668: Total time for which application threads were stopped: 0.0297943 seconds, Stopping threads took: 0.0001286 seconds
2024-10-09T21:41:56.996+0300: 299.833: Application time: 0.1646740 seconds
2024-10-09T21:41:56.996+0300: 299.833: [GC (Allocation Failure) 2024-10-09T21:41:56.996+0300: 299.833: [ParNew: 460096K->48950K(460096K), 0.0316871 secs] 3283495K->2896028K(8337536K), 0.0317724 secs] [Times: user=0.03 sys=0.00, real=0.03 secs] 
2024-10-09T21:41:57.027+0300: 299.865: Total time for which application threads were stopped: 0.0320613 seconds, Stopping threads took: 0.0001714 seconds
2024-10-09T21:41:57.201+0300: 300.037: Application time: 0.1723369 seconds
2024-10-09T21:41:57.201+0300: 300.038: [GC (Allocation Failure) 2024-10-09T21:41:57.201+0300: 300.038: [ParNew: 457974K->51072K(460096K), 0.0276312 secs] 3305052K->2911691K(8337536K), 0.0277305 secs] [Times: user=0.03 sys=0.00, real=0.03 secs] 
2024-10-09T21:41:57.232+0300: 300.065: Total time for which application threads were stopped: 0.0280454 seconds, Stopping threads took: 0.0001718 seconds
2024-10-09T21:41:57.389+0300: 300.226: Application time: 0.1607759 seconds
2024-10-09T21:41:57.389+0300: 300.226: [GC (Allocation Failure) 2024-10-09T21:41:57.389+0300: 300.226: [ParNew: 460096K->51072K(460096K), 0.0320165 secs] 3320715K->2933913K(8337536K), 0.0321203 secs] [Times: user=0.03 sys=0.00, real=0.03 secs] 
2024-10-09T21:41:57.420+0300: 300.258: Total time for which application threads were stopped: 0.0323936 seconds, Stopping threads took: 0.0001485 seconds
2024-10-09T21:41:57.593+0300: 300.425: Application time: 0.1668967 seconds
2024-10-09T21:41:57.593+0300: 300.426: [GC (Allocation Failure) 2024-10-09T21:41:57.593+0300: 300.426: [ParNew: 460096K->51072K(460096K), 0.0359394 secs] 3342937K->2964433K(8337536K), 0.0360206 secs] [Times: user=0.03 sys=0.00, real=0.03 secs] 
2024-10-09T21:41:57.624+0300: 300.462: Total time for which application threads were stopped: 0.0362863 seconds, Stopping threads took: 0.0001495 seconds
2024-10-09T21:41:57.813+0300: 300.640: Application time: 0.1780900 seconds
2024-10-09T21:41:57.813+0300: 300.640: [GC (Allocation Failure) 2024-10-09T21:41:57.813+0300: 300.640: [ParNew: 460096K->51072K(460096K), 0.0284466 secs] 3373457K->2981452K(8337536K), 0.0285377 secs] [Times: user=0.03 sys=0.00, real=0.02 secs] 
2024-10-09T21:41:57.829+0300: 300.669: Total time for which application threads were stopped: 0.0288187 seconds, Stopping threads took: 0.0001416 seconds
2024-10-09T21:41:58.001+0300: 300.831: Application time: 0.1620016 seconds
2024-10-09T21:41:58.001+0300: 300.831: [GC (Allocation Failure) 2024-10-09T21:41:58.001+0300: 300.831: [ParNew: 460096K->51072K(460096K), 0.0327322 secs] 3390476K->3002317K(8337536K), 0.0328224 secs] [Times: user=0.05 sys=0.00, real=0.03 secs] 
2024-10-09T21:41:58.033+0300: 300.864: Total time for which application threads were stopped: 0.0331141 seconds, Stopping threads took: 0.0001660 seconds
2024-10-09T21:41:58.190+0300: 301.030: Application time: 0.1660838 seconds
2024-10-09T21:41:58.190+0300: 301.030: [GC (Allocation Failure) 2024-10-09T21:41:58.190+0300: 301.030: [ParNew: 460096K->51072K(460096K), 0.0293029 secs] 3411341K->3020421K(8337536K), 0.0293923 secs] [Times: user=0.03 sys=0.00, real=0.03 secs] 
2024-10-09T21:41:58.221+0300: 301.059: Total time for which application threads were stopped: 0.0296554 seconds, Stopping threads took: 0.0001444 seconds
2024-10-09T21:41:58.394+0300: 301.225: Application time: 0.1652190 seconds
2024-10-09T21:41:58.394+0300: 301.225: [GC (Allocation Failure) 2024-10-09T21:41:58.394+0300: 301.225: [ParNew: 460096K->51072K(460096K), 0.0283817 secs] 3429445K->3033560K(8337536K), 0.0284690 secs] [Times: user=0.01 sys=0.00, real=0.03 secs] 
2024-10-09T21:41:58.425+0300: 301.253: Total time for which application threads were stopped: 0.0287360 seconds, Stopping threads took: 0.0001508 seconds
2024-10-09T21:41:58.582+0300: 301.419: Application time: 0.1652930 seconds
2024-10-09T21:41:58.582+0300: 301.419: [GC (Allocation Failure) 2024-10-09T21:41:58.582+0300: 301.419: [ParNew: 460096K->51072K(460096K), 0.0306994 secs] 3442584K->3054016K(8337536K), 0.0307968 secs] [Times: user=0.03 sys=0.00, real=0.03 secs] 
2024-10-09T21:41:58.614+0300: 301.450: Total time for which application threads were stopped: 0.0310973 seconds, Stopping threads took: 0.0001721 seconds
2024-10-09T21:41:58.786+0300: 301.624: Application time: 0.1738284 seconds
2024-10-09T21:41:58.786+0300: 301.624: [GC (Allocation Failure) 2024-10-09T21:41:58.786+0300: 301.624: [ParNew: 460096K->50150K(460096K), 0.0304609 secs] 3463040K->3072076K(8337536K), 0.0305586 secs] [Times: user=0.08 sys=0.00, real=0.03 secs] 
2024-10-09T21:41:58.818+0300: 301.654: Total time for which application threads were stopped: 0.0308500 seconds, Stopping threads took: 0.0001553 seconds
2024-10-09T21:41:58.991+0300: 301.818: Application time: 0.1634491 seconds
2024-10-09T21:41:58.991+0300: 301.818: [GC (Allocation Failure) 2024-10-09T21:41:58.991+0300: 301.818: [ParNew: 459174K->51072K(460096K), 0.0293054 secs] 3481100K->3084005K(8337536K), 0.0294698 secs] [Times: user=0.14 sys=0.01, real=0.03 secs] 
2024-10-09T21:41:59.022+0300: 301.848: Total time for which application threads were stopped: 0.0299426 seconds, Stopping threads took: 0.0003337 seconds
2024-10-09T21:41:59.179+0300: 302.009: Application time: 0.1613041 seconds
2024-10-09T21:41:59.179+0300: 302.009: [GC (Allocation Failure) 2024-10-09T21:41:59.179+0300: 302.010: [ParNew: 460096K->49772K(460096K), 0.0377524 secs] 3493029K->3121247K(8337536K), 0.0378408 secs] [Times: user=0.03 sys=0.00, real=0.03 secs] 
2024-10-09T21:41:59.211+0300: 302.047: Total time for which application threads were stopped: 0.0381554 seconds, Stopping threads took: 0.0001975 seconds
2024-10-09T21:41:59.383+0300: 302.221: Application time: 0.1732013 seconds
2024-10-09T21:41:59.383+0300: 302.221: [GC (Allocation Failure) 2024-10-09T21:41:59.383+0300: 302.221: [ParNew: 458796K->45807K(460096K), 0.0291641 secs] 3530271K->3135816K(8337536K), 0.0292485 secs] [Times: user=0.03 sys=0.00, real=0.03 secs] 
2024-10-09T21:41:59.415+0300: 302.250: Total time for which application threads were stopped: 0.0295061 seconds, Stopping threads took: 0.0001382 seconds
2024-10-09T21:41:59.588+0300: 302.421: Application time: 0.1707951 seconds
2024-10-09T21:41:59.588+0300: 302.421: [GC (Allocation Failure) 2024-10-09T21:41:59.588+0300: 302.421: [ParNew: 454831K->51072K(460096K), 0.0305751 secs] 3544840K->3154442K(8337536K), 0.0306740 secs] [Times: user=0.03 sys=0.00, real=0.03 secs] 
2024-10-09T21:41:59.619+0300: 302.452: Total time for which application threads were stopped: 0.0309839 seconds, Stopping threads took: 0.0001540 seconds
2024-10-09T21:41:59.776+0300: 302.615: Application time: 0.1628440 seconds
2024-10-09T21:41:59.776+0300: 302.615: [GC (Allocation Failure) 2024-10-09T21:41:59.776+0300: 302.615: [ParNew: 460096K->51072K(460096K), 0.0407930 secs] 3563466K->3196661K(8337536K), 0.0408878 secs] [Times: user=0.11 sys=0.00, real=0.05 secs] 
2024-10-09T21:41:59.824+0300: 302.656: Total time for which application threads were stopped: 0.0411686 seconds, Stopping threads took: 0.0001438 seconds
2024-10-09T21:41:59.996+0300: 302.826: Application time: 0.1698335 seconds
2024-10-09T21:41:59.996+0300: 302.826: [GC (Allocation Failure) 2024-10-09T21:41:59.996+0300: 302.826: [ParNew: 460096K->48340K(460096K), 0.0320970 secs] 3605685K->3215927K(8337536K), 0.0321955 secs] [Times: user=0.01 sys=0.00, real=0.03 secs] 
2024-10-09T21:42:00.028+0300: 302.858: Total time for which application threads were stopped: 0.0324360 seconds, Stopping threads took: 0.0001259 seconds
2024-10-09T21:42:00.200+0300: 303.034: Application time: 0.1761699 seconds
2024-10-09T21:42:00.200+0300: 303.035: [GC (Allocation Failure) 2024-10-09T21:42:00.200+0300: 303.035: [ParNew: 457364K->51072K(460096K), 0.0285960 secs] 3624951K->3229018K(8337536K), 0.0286879 secs] [Times: user=0.03 sys=0.00, real=0.03 secs] 
2024-10-09T21:42:00.232+0300: 303.063: Total time for which application threads were stopped: 0.0289382 seconds, Stopping threads took: 0.0001253 seconds
2024-10-09T21:42:00.389+0300: 303.215: Application time: 0.1514228 seconds
2024-10-09T21:42:00.389+0300: 303.215: [GC (Allocation Failure) 2024-10-09T21:42:00.389+0300: 303.215: [ParNew: 460096K->48817K(460096K), 0.0333105 secs] 3638042K->3253284K(8337536K), 0.0333943 secs] [Times: user=0.03 sys=0.00, real=0.03 secs] 
2024-10-09T21:42:00.420+0300: 303.248: Total time for which application threads were stopped: 0.0336797 seconds, Stopping threads took: 0.0001682 seconds
2024-10-09T21:42:00.593+0300: 303.422: Application time: 0.1732422 seconds
2024-10-09T21:42:00.593+0300: 303.422: [GC (Allocation Failure) 2024-10-09T21:42:00.593+0300: 303.422: [ParNew: 457841K->47469K(460096K), 0.0266495 secs] 3662308K->3268138K(8337536K), 0.0267355 secs] [Times: user=0.02 sys=0.00, real=0.02 secs] 
2024-10-09T21:42:00.608+0300: 303.449: Total time for which application threads were stopped: 0.0269808 seconds, Stopping threads took: 0.0001288 seconds
2024-10-09T21:42:00.797+0300: 303.633: Application time: 0.1846089 seconds
2024-10-09T21:42:00.797+0300: 303.633: [GC (Allocation Failure) 2024-10-09T21:42:00.797+0300: 303.633: [ParNew: 456493K->51072K(460096K), 0.0306228 secs] 3677162K->3286676K(8337536K), 0.0307152 secs] [Times: user=0.06 sys=0.00, real=0.03 secs] 
2024-10-09T21:42:00.828+0300: 303.664: Total time for which application threads were stopped: 0.0310139 seconds, Stopping threads took: 0.0001581 seconds
2024-10-09T21:42:00.985+0300: 303.815: Application time: 0.1511977 seconds
2024-10-09T21:42:00.985+0300: 303.816: [GC (Allocation Failure) 2024-10-09T21:42:00.985+0300: 303.816: [ParNew: 460096K->51072K(460096K), 0.0306460 secs] 3695700K->3304395K(8337536K), 0.0307406 secs] [Times: user=0.06 sys=0.00, real=0.03 secs] 
2024-10-09T21:42:01.016+0300: 303.846: Total time for which application threads were stopped: 0.0310394 seconds, Stopping threads took: 0.0001811 seconds
2024-10-09T21:42:01.173+0300: 304.014: Application time: 0.1679690 seconds
2024-10-09T21:42:01.189+0300: 304.015: [GC (Allocation Failure) 2024-10-09T21:42:01.189+0300: 304.015: [ParNew: 460096K->51072K(460096K), 0.0275144 secs] 3713419K->3324617K(8337536K), 0.0276008 secs] [Times: user=0.02 sys=0.00, real=0.02 secs] 
2024-10-09T21:42:01.205+0300: 304.042: Total time for which application threads were stopped: 0.0279133 seconds, Stopping threads took: 0.0001593 seconds
2024-10-09T21:42:01.393+0300: 304.220: Application time: 0.1776209 seconds
2024-10-09T21:42:01.393+0300: 304.220: [GC (Allocation Failure) 2024-10-09T21:42:01.393+0300: 304.220: [ParNew: 460096K->51072K(460096K), 0.0275018 secs] 3733641K->3335335K(8337536K), 0.0275864 secs] [Times: user=0.02 sys=0.00, real=0.02 secs] 
2024-10-09T21:42:01.409+0300: 304.248: Total time for which application threads were stopped: 0.0278559 seconds, Stopping threads took: 0.0001490 seconds
2024-10-09T21:42:01.566+0300: 304.402: Application time: 0.1537475 seconds
2024-10-09T21:42:01.566+0300: 304.402: [GC (Allocation Failure) 2024-10-09T21:42:01.566+0300: 304.402: [ParNew: 460096K->51072K(460096K), 0.0320856 secs] 3744359K->3357151K(8337536K), 0.0321766 secs] [Times: user=0.03 sys=0.00, real=0.03 secs] 
2024-10-09T21:42:01.597+0300: 304.434: Total time for which application threads were stopped: 0.0324657 seconds, Stopping threads took: 0.0001744 seconds
2024-10-09T21:42:01.785+0300: 304.614: Application time: 0.1801764 seconds
2024-10-09T21:42:01.785+0300: 304.614: [GC (Allocation Failure) 2024-10-09T21:42:01.785+0300: 304.614: [ParNew: 460096K->43835K(460096K), 0.0314016 secs] 3766175K->3376967K(8337536K), 0.0314936 secs] [Times: user=0.17 sys=0.00, real=0.03 secs] 
2024-10-09T21:42:01.817+0300: 304.646: Total time for which application threads were stopped: 0.0317539 seconds, Stopping threads took: 0.0001264 seconds
2024-10-09T21:42:01.989+0300: 304.826: Application time: 0.1798527 seconds
2024-10-09T21:42:01.989+0300: 304.826: [GC (Allocation Failure) 2024-10-09T21:42:01.989+0300: 304.826: [ParNew: 452859K->51072K(460096K), 0.0309517 secs] 3785991K->3402125K(8337536K), 0.0310517 secs] [Times: user=0.03 sys=0.00, real=0.03 secs] 
2024-10-09T21:42:02.021+0300: 304.857: Total time for which application threads were stopped: 0.0312918 seconds, Stopping threads took: 0.0001169 seconds
2024-10-09T21:42:02.178+0300: 305.015: Application time: 0.1580970 seconds
2024-10-09T21:42:02.178+0300: 305.016: [GC (Allocation Failure) 2024-10-09T21:42:02.178+0300: 305.016: [ParNew: 460096K->51072K(460096K), 0.0343125 secs] 3811149K->3424088K(8337536K), 0.0344085 secs] [Times: user=0.03 sys=0.00, real=0.03 secs] 
2024-10-09T21:42:02.209+0300: 305.050: Total time for which application threads were stopped: 0.0347345 seconds, Stopping threads took: 0.0001932 seconds
2024-10-09T21:42:02.382+0300: 305.219: Application time: 0.1692567 seconds
2024-10-09T21:42:02.382+0300: 305.219: [GC (Allocation Failure) 2024-10-09T21:42:02.382+0300: 305.219: [ParNew: 460096K->48947K(460096K), 0.0309887 secs] 3833112K->3449555K(8337536K), 0.0310757 secs] [Times: user=0.03 sys=0.00, real=0.04 secs] 
2024-10-09T21:42:02.424+0300: 305.251: Total time for which application threads were stopped: 0.0313389 seconds, Stopping threads took: 0.0001433 seconds
2024-10-09T21:42:02.602+0300: 305.429: Application time: 0.1779418 seconds
2024-10-09T21:42:02.602+0300: 305.429: [GC (Allocation Failure) 2024-10-09T21:42:02.602+0300: 305.429: [ParNew: 457971K->51072K(460096K), 0.0269100 secs] 3858579K->3460218K(8337536K), 0.0269903 secs] [Times: user=0.01 sys=0.00, real=0.02 secs] 
2024-10-09T21:42:02.617+0300: 305.456: Total time for which application threads were stopped: 0.0272534 seconds, Stopping threads took: 0.0001445 seconds
2024-10-09T21:42:02.790+0300: 305.629: Application time: 0.1735436 seconds
2024-10-09T21:42:02.790+0300: 305.630: [GC (Allocation Failure) 2024-10-09T21:42:02.790+0300: 305.630: [ParNew: 460096K->50863K(460096K), 0.0273565 secs] 3869242K->3471688K(8337536K), 0.0274439 secs] [Times: user=0.03 sys=0.00, real=0.03 secs] 
2024-10-09T21:42:02.821+0300: 305.657: Total time for which application threads were stopped: 0.0277776 seconds, Stopping threads took: 0.0002004 seconds
2024-10-09T21:42:02.994+0300: 305.821: Application time: 0.1640285 seconds
2024-10-09T21:42:02.994+0300: 305.821: [GC (Allocation Failure) 2024-10-09T21:42:02.994+0300: 305.821: [ParNew: 459887K->46939K(460096K), 0.0311191 secs] 3880712K->3495491K(8337536K), 0.0312054 secs] [Times: user=0.03 sys=0.00, real=0.03 secs] 
2024-10-09T21:42:03.025+0300: 305.853: Total time for which application threads were stopped: 0.0314302 seconds, Stopping threads took: 0.0001067 seconds
2024-10-09T21:42:03.198+0300: 306.027: Application time: 0.1743588 seconds
2024-10-09T21:42:03.198+0300: 306.027: [GC (Allocation Failure) 2024-10-09T21:42:03.198+0300: 306.027: [ParNew: 455963K->51072K(460096K), 0.0273652 secs] 3904515K->3509060K(8337536K), 0.0274605 secs] [Times: user=0.02 sys=0.00, real=0.02 secs] 
2024-10-09T21:42:03.214+0300: 306.055: Total time for which application threads were stopped: 0.0277169 seconds, Stopping threads took: 0.0001265 seconds
2024-10-09T21:42:03.371+0300: 306.209: Application time: 0.1545341 seconds
2024-10-09T21:42:03.371+0300: 306.209: [GC (Allocation Failure) 2024-10-09T21:42:03.371+0300: 306.209: [ParNew: 460096K->51072K(460096K), 0.0281821 secs] 3918084K->3524666K(8337536K), 0.0282708 secs] [Times: user=0.03 sys=0.00, real=0.03 secs] 
2024-10-09T21:42:03.402+0300: 306.238: Total time for which application threads were stopped: 0.0285689 seconds, Stopping threads took: 0.0001829 seconds
2024-10-09T21:42:03.575+0300: 306.411: Application time: 0.1730097 seconds
2024-10-09T21:42:03.575+0300: 306.411: [GC (Allocation Failure) 2024-10-09T21:42:03.575+0300: 306.411: [ParNew: 460096K->50035K(460096K), 0.0307977 secs] 3933690K->3547669K(8337536K), 0.0308853 secs] [Times: user=0.03 sys=0.00, real=0.03 secs] 
2024-10-09T21:42:03.606+0300: 306.442: Total time for which application threads were stopped: 0.0311270 seconds, Stopping threads took: 0.0001279 seconds
2024-10-09T21:42:03.794+0300: 306.621: Application time: 0.1788211 seconds
2024-10-09T21:42:03.794+0300: 306.621: [GC (Allocation Failure) 2024-10-09T21:42:03.794+0300: 306.621: [ParNew: 459059K->51072K(460096K), 0.0281042 secs] 3956693K->3559165K(8337536K), 0.0281973 secs] [Times: user=0.08 sys=0.00, real=0.02 secs] 
2024-10-09T21:42:03.810+0300: 306.649: Total time for which application threads were stopped: 0.0284776 seconds, Stopping threads took: 0.0001570 seconds
2024-10-09T21:42:03.967+0300: 306.800: Application time: 0.1505478 seconds
2024-10-09T21:42:03.967+0300: 306.800: [GC (Allocation Failure) 2024-10-09T21:42:03.967+0300: 306.800: [ParNew: 460096K->47814K(460096K), 0.0336307 secs] 3968189K->3583031K(8337536K), 0.0337138 secs] [Times: user=0.03 sys=0.00, real=0.03 secs] 
2024-10-09T21:42:03.998+0300: 306.834: Total time for which application threads were stopped: 0.0339480 seconds, Stopping threads took: 0.0001209 seconds
2024-10-09T21:42:04.171+0300: 307.009: Application time: 0.1754427 seconds
2024-10-09T21:42:04.171+0300: 307.009: [GC (Allocation Failure) 2024-10-09T21:42:04.171+0300: 307.009: [ParNew: 456838K->46667K(460096K), 0.0305668 secs] 3992055K->3607294K(8337536K), 0.0306531 secs] [Times: user=0.03 sys=0.00, real=0.03 secs] 
2024-10-09T21:42:04.202+0300: 307.040: Total time for which application threads were stopped: 0.0308899 seconds, Stopping threads took: 0.0001224 seconds
2024-10-09T21:42:04.390+0300: 307.218: Application time: 0.1778308 seconds
2024-10-09T21:42:04.390+0300: 307.218: [GC (Allocation Failure) 2024-10-09T21:42:04.390+0300: 307.218: [ParNew: 455691K->51072K(460096K), 0.0263420 secs] 4016318K->3615810K(8337536K), 0.0264303 secs] [Times: user=0.02 sys=0.00, real=0.02 secs] 
2024-10-09T21:42:04.406+0300: 307.245: Total time for which application threads were stopped: 0.0267478 seconds, Stopping threads took: 0.0001951 seconds
2024-10-09T21:42:04.563+0300: 307.397: Application time: 0.1521931 seconds
2024-10-09T21:42:04.563+0300: 307.397: [GC (Allocation Failure) 2024-10-09T21:42:04.563+0300: 307.397: [ParNew: 460096K->51072K(460096K), 0.0348891 secs] 4024834K->3645566K(8337536K), 0.0349748 secs] [Times: user=0.06 sys=0.00, real=0.03 secs] 
2024-10-09T21:42:04.594+0300: 307.432: Total time for which application threads were stopped: 0.0352061 seconds, Stopping threads took: 0.0001205 seconds
2024-10-09T21:42:04.783+0300: 307.613: Application time: 0.1813635 seconds
2024-10-09T21:42:04.783+0300: 307.614: [GC (Allocation Failure) 2024-10-09T21:42:04.783+0300: 307.614: [ParNew: 460096K->51072K(460096K), 0.0302172 secs] 4054590K->3665828K(8337536K), 0.0303120 secs] [Times: user=0.03 sys=0.00, real=0.03 secs] 
2024-10-09T21:42:04.814+0300: 307.644: Total time for which application threads were stopped: 0.0305989 seconds, Stopping threads took: 0.0001391 seconds
2024-10-09T21:42:04.987+0300: 307.819: Application time: 0.1751884 seconds
2024-10-09T21:42:04.987+0300: 307.819: [GC (Allocation Failure) 2024-10-09T21:42:04.987+0300: 307.819: [ParNew: 460096K->51072K(460096K), 0.0276034 secs] 4074852K->3676549K(8337536K), 0.0276997 secs] [Times: user=0.03 sys=0.00, real=0.03 secs] 
2024-10-09T21:42:05.018+0300: 307.847: Total time for which application threads were stopped: 0.0279399 seconds, Stopping threads took: 0.0001176 seconds
2024-10-09T21:42:05.168+0300: 307.995: Application time: 0.1475583 seconds
2024-10-09T21:42:05.168+0300: 307.995: [GC (Allocation Failure) 2024-10-09T21:42:05.169+0300: 307.995: [ParNew: 460096K->51072K(460096K), 0.0344149 secs] 4085573K->3699433K(8337536K), 0.0345153 secs] [Times: user=0.02 sys=0.00, real=0.02 secs] 
2024-10-09T21:42:05.191+0300: 308.029: Total time for which application threads were stopped: 0.0348120 seconds, Stopping threads took: 0.0001772 seconds
2024-10-09T21:42:05.363+0300: 308.204: Application time: 0.1741189 seconds
2024-10-09T21:42:05.363+0300: 308.204: [GC (Allocation Failure) 2024-10-09T21:42:05.363+0300: 308.204: [ParNew: 460096K->47925K(460096K), 0.0314207 secs] 4108457K->3726524K(8337536K), 0.0315108 secs] [Times: user=0.03 sys=0.00, real=0.03 secs] 
2024-10-09T21:42:05.395+0300: 308.235: Total time for which application threads were stopped: 0.0317191 seconds, Stopping threads took: 0.0000918 seconds
2024-10-09T21:42:05.583+0300: 308.414: Application time: 0.1786064 seconds
2024-10-09T21:42:05.583+0300: 308.414: [GC (Allocation Failure) 2024-10-09T21:42:05.583+0300: 308.414: [ParNew: 456949K->51072K(460096K), 0.0271396 secs] 4135548K->3733700K(8337536K), 0.0272438 secs] [Times: user=0.03 sys=0.00, real=0.03 secs] 
2024-10-09T21:42:05.614+0300: 308.441: Total time for which application threads were stopped: 0.0275312 seconds, Stopping threads took: 0.0001620 seconds
2024-10-09T21:42:05.772+0300: 308.603: Application time: 0.1617346 seconds
2024-10-09T21:42:05.772+0300: 308.603: [GC (Allocation Failure) 2024-10-09T21:42:05.772+0300: 308.603: [ParNew: 460096K->51072K(460096K), 0.0342855 secs] 4142724K->3754119K(8337536K), 0.0343769 secs] [Times: user=0.09 sys=0.00, real=0.03 secs] 
2024-10-09T21:42:05.803+0300: 308.638: Total time for which application threads were stopped: 0.0346689 seconds, Stopping threads took: 0.0001617 seconds
2024-10-09T21:42:05.976+0300: 308.804: Application time: 0.1663706 seconds
2024-10-09T21:42:05.976+0300: 308.804: [GC (Allocation Failure) 2024-10-09T21:42:05.976+0300: 308.805: [ParNew: 460096K->50344K(460096K), 0.0282462 secs] 4163143K->3778442K(8337536K), 0.0283305 secs] [Times: user=0.03 sys=0.00, real=0.03 secs] 
2024-10-09T21:42:06.007+0300: 308.833: Total time for which application threads were stopped: 0.0285941 seconds, Stopping threads took: 0.0001428 seconds
2024-10-09T21:42:06.180+0300: 309.010: Application time: 0.1770306 seconds
2024-10-09T21:42:06.180+0300: 309.010: [GC (Allocation Failure) 2024-10-09T21:42:06.180+0300: 309.010: [ParNew: 459368K->51072K(460096K), 0.0257512 secs] 4187466K->3780665K(8337536K), 0.0258320 secs] [Times: user=0.01 sys=0.00, real=0.01 secs] 
2024-10-09T21:42:06.195+0300: 309.036: Total time for which application threads were stopped: 0.0260561 seconds, Stopping threads took: 0.0001105 seconds
2024-10-09T21:42:06.368+0300: 309.195: Application time: 0.1586398 seconds
2024-10-09T21:42:06.368+0300: 309.195: [GC (Allocation Failure) 2024-10-09T21:42:06.368+0300: 309.195: [ParNew: 460096K->51072K(460096K), 0.0377617 secs] 4189689K->3811106K(8337536K), 0.0378509 secs] [Times: user=0.03 sys=0.00, real=0.03 secs] 
2024-10-09T21:42:06.399+0300: 309.233: Total time for which application threads were stopped: 0.0380945 seconds, Stopping threads took: 0.0001213 seconds
2024-10-09T21:42:06.566+0300: 309.397: Application time: 0.1648224 seconds
2024-10-09T21:42:06.572+0300: 309.398: [GC (Allocation Failure) 2024-10-09T21:42:06.572+0300: 309.398: [ParNew: 460096K->46757K(460096K), 0.0288839 secs] 4220130K->3828145K(8337536K), 0.0289753 secs] [Times: user=0.02 sys=0.00, real=0.02 secs] 
2024-10-09T21:42:06.588+0300: 309.427: Total time for which application threads were stopped: 0.0292475 seconds, Stopping threads took: 0.0001551 seconds
2024-10-09T21:42:06.776+0300: 309.609: Application time: 0.1822217 seconds
2024-10-09T21:42:06.776+0300: 309.609: [GC (Allocation Failure) 2024-10-09T21:42:06.776+0300: 309.609: [ParNew: 455781K->51072K(460096K), 0.0272501 secs] 4237169K->3844127K(8337536K), 0.0273344 secs] [Times: user=0.03 sys=0.00, real=0.03 secs] 
2024-10-09T21:42:06.807+0300: 309.637: Total time for which application threads were stopped: 0.0275739 seconds, Stopping threads took: 0.0001262 seconds
2024-10-09T21:42:06.967+0300: 309.796: Application time: 0.1594660 seconds
2024-10-09T21:42:06.967+0300: 309.796: [GC (Allocation Failure) 2024-10-09T21:42:06.967+0300: 309.796: [ParNew: 460096K->51072K(460096K), 0.0291765 secs] 4253151K->3859838K(8337536K), 0.0292609 secs] [Times: user=0.03 sys=0.00, real=0.03 secs] 
2024-10-09T21:42:06.996+0300: 309.826: Total time for which application threads were stopped: 0.0294870 seconds, Stopping threads took: 0.0001178 seconds
2024-10-09T21:42:07.152+0300: 309.991: Application time: 0.1656235 seconds
2024-10-09T21:42:07.152+0300: 309.991: [GC (Allocation Failure) 2024-10-09T21:42:07.152+0300: 309.991: [ParNew: 460096K->51072K(460096K), 0.0293520 secs] 4268862K->3882962K(8337536K), 0.0294399 secs] [Times: user=0.03 sys=0.00, real=0.03 secs] 
2024-10-09T21:42:07.184+0300: 310.021: Total time for which application threads were stopped: 0.0296981 seconds, Stopping threads took: 0.0001478 seconds
2024-10-09T21:42:07.356+0300: 310.192: Application time: 0.1713407 seconds
2024-10-09T21:42:07.356+0300: 310.192: [GC (Allocation Failure) 2024-10-09T21:42:07.356+0300: 310.192: [ParNew: 460096K->47612K(460096K), 0.0283462 secs] 4291986K->3893062K(8337536K), 0.0284408 secs] [Times: user=0.03 sys=0.00, real=0.03 secs] 
2024-10-09T21:42:07.388+0300: 310.221: Total time for which application threads were stopped: 0.0286992 seconds, Stopping threads took: 0.0001174 seconds
2024-10-09T21:42:07.545+0300: 310.383: Application time: 0.1618839 seconds
2024-10-09T21:42:07.545+0300: 310.383: [GC (Allocation Failure) 2024-10-09T21:42:07.545+0300: 310.383: [ParNew: 456636K->51072K(460096K), 0.0293120 secs] 4302086K->3909028K(8337536K), 0.0294075 secs] [Times: user=0.03 sys=0.00, real=0.03 secs] 
2024-10-09T21:42:07.576+0300: 310.412: Total time for which application threads were stopped: 0.0296834 seconds, Stopping threads took: 0.0001439 seconds
2024-10-09T21:42:07.749+0300: 310.586: Application time: 0.1738338 seconds
2024-10-09T21:42:07.749+0300: 310.587: [GC (Allocation Failure) 2024-10-09T21:42:07.749+0300: 310.587: [ParNew: 460096K->50731K(460096K), 0.0306483 secs] 4318052K->3927727K(8337536K), 0.0307504 secs] [Times: user=0.12 sys=0.00, real=0.03 secs] 
2024-10-09T21:42:07.780+0300: 310.617: Total time for which application threads were stopped: 0.0310893 seconds, Stopping threads took: 0.0001866 seconds
2024-10-09T21:42:07.953+0300: 310.787: Application time: 0.1692361 seconds
2024-10-09T21:42:07.953+0300: 310.787: [GC (Allocation Failure) 2024-10-09T21:42:07.953+0300: 310.787: [ParNew: 459755K->51072K(460096K), 0.0290248 secs] 4336751K->3944519K(8337536K), 0.0291145 secs] [Times: user=0.06 sys=0.00, real=0.03 secs] 
2024-10-09T21:42:07.984+0300: 310.816: Total time for which application threads were stopped: 0.0293883 seconds, Stopping threads took: 0.0001526 seconds
2024-10-09T21:42:08.141+0300: 310.978: Application time: 0.1617015 seconds
2024-10-09T21:42:08.141+0300: 310.978: [GC (Allocation Failure) 2024-10-09T21:42:08.141+0300: 310.978: [ParNew: 460096K->51072K(460096K), 0.0311189 secs] 4353543K->3963738K(8337536K), 0.0312090 secs] [Times: user=0.03 sys=0.00, real=0.03 secs] 
2024-10-09T21:42:08.173+0300: 311.009: Total time for which application threads were stopped: 0.0314932 seconds, Stopping threads took: 0.0001646 seconds
2024-10-09T21:42:08.345+0300: 311.181: Application time: 0.1721032 seconds
2024-10-09T21:42:08.345+0300: 311.182: [GC (Allocation Failure) 2024-10-09T21:42:08.345+0300: 311.182: [ParNew: 460096K->50342K(460096K), 0.0295461 secs] 4372762K->3981116K(8337536K), 0.0296360 secs] [Times: user=0.08 sys=0.00, real=0.03 secs] 
2024-10-09T21:42:08.377+0300: 311.211: Total time for which application threads were stopped: 0.0298833 seconds, Stopping threads took: 0.0001270 seconds
2024-10-09T21:42:08.549+0300: 311.377: Application time: 0.1658630 seconds
2024-10-09T21:42:08.549+0300: 311.377: [GC (Allocation Failure) 2024-10-09T21:42:08.549+0300: 311.377: [ParNew: 459366K->48829K(460096K), 0.0310853 secs] 4390140K->3999361K(8337536K), 0.0311758 secs] [Times: user=0.03 sys=0.00, real=0.03 secs] 
2024-10-09T21:42:08.580+0300: 311.409: Total time for which application threads were stopped: 0.0314948 seconds, Stopping threads took: 0.0001918 seconds
2024-10-09T21:42:08.737+0300: 311.576: Application time: 0.1672643 seconds
2024-10-09T21:42:08.737+0300: 311.576: [GC (Allocation Failure) 2024-10-09T21:42:08.737+0300: 311.576: [ParNew: 457853K->51072K(460096K), 0.0302495 secs] 4408385K->4022801K(8337536K), 0.0303469 secs] [Times: user=0.03 sys=0.00, real=0.03 secs] 
2024-10-09T21:42:08.771+0300: 311.607: Total time for which application threads were stopped: 0.0306951 seconds, Stopping threads took: 0.0002049 seconds
2024-10-09T21:42:08.941+0300: 311.778: Application time: 0.1715707 seconds
2024-10-09T21:42:08.941+0300: 311.778: [GC (Allocation Failure) 2024-10-09T21:42:08.941+0300: 311.778: [ParNew: 460096K->51072K(460096K), 0.0330004 secs] 4431825K->4046792K(8337536K), 0.0330943 secs] [Times: user=0.03 sys=0.00, real=0.03 secs] 
2024-10-09T21:42:08.973+0300: 311.812: Total time for which application threads were stopped: 0.0334014 seconds, Stopping threads took: 0.0001784 seconds
2024-10-09T21:42:09.145+0300: 311.979: Application time: 0.1675657 seconds
2024-10-09T21:42:09.145+0300: 311.979: [GC (Allocation Failure) 2024-10-09T21:42:09.145+0300: 311.979: [ParNew: 460096K->51072K(460096K), 0.0277864 secs] 4455816K->4061231K(8337536K), 0.0278758 secs] [Times: user=0.03 sys=0.00, real=0.03 secs] 
2024-10-09T21:42:09.177+0300: 312.007: Total time for which application threads were stopped: 0.0281538 seconds, Stopping threads took: 0.0001583 seconds
2024-10-09T21:42:09.333+0300: 312.168: Application time: 0.1610473 seconds
2024-10-09T21:42:09.333+0300: 312.169: [GC (Allocation Failure) 2024-10-09T21:42:09.333+0300: 312.169: [ParNew: 460096K->50944K(460096K), 0.0337462 secs] 4470255K->4088721K(8337536K), 0.0338348 secs] [Times: user=0.03 sys=0.00, real=0.04 secs] 
2024-10-09T21:42:09.373+0300: 312.202: Total time for which application threads were stopped: 0.0341151 seconds, Stopping threads took: 0.0001519 seconds
2024-10-09T21:42:09.537+0300: 312.376: Application time: 0.1734422 seconds
2024-10-09T21:42:09.537+0300: 312.376: [GC (Allocation Failure) 2024-10-09T21:42:09.537+0300: 312.376: [ParNew: 459968K->51072K(460096K), 0.0293017 secs] 4497745K->4106417K(8337536K), 0.0293886 secs] [Times: user=0.05 sys=0.00, real=0.04 secs] 
2024-10-09T21:42:09.573+0300: 312.405: Total time for which application threads were stopped: 0.0296501 seconds, Stopping threads took: 0.0001401 seconds
2024-10-09T21:42:09.741+0300: 312.577: Application time: 0.1715162 seconds
2024-10-09T21:42:09.741+0300: 312.577: [GC (Allocation Failure) 2024-10-09T21:42:09.741+0300: 312.577: [ParNew: 460096K->51072K(460096K), 0.0301270 secs] 4515441K->4119441K(8337536K), 0.0302187 secs] [Times: user=0.05 sys=0.00, real=0.03 secs] 
2024-10-09T21:42:09.774+0300: 312.608: Total time for which application threads were stopped: 0.0305222 seconds, Stopping threads took: 0.0001725 seconds
2024-10-09T21:42:09.930+0300: 312.766: Application time: 0.1586096 seconds
2024-10-09T21:42:09.930+0300: 312.766: [GC (Allocation Failure) 2024-10-09T21:42:09.930+0300: 312.766: [ParNew: 460096K->48160K(460096K), 0.0317651 secs] 4528465K->4141832K(8337536K), 0.0318581 secs] [Times: user=0.03 sys=0.00, real=0.03 secs] 
2024-10-09T21:42:09.961+0300: 312.798: Total time for which application threads were stopped: 0.0321091 seconds, Stopping threads took: 0.0001307 seconds
2024-10-09T21:42:10.134+0300: 312.973: Application time: 0.1747203 seconds
2024-10-09T21:42:10.134+0300: 312.973: [GC (Allocation Failure) 2024-10-09T21:42:10.134+0300: 312.973: [ParNew: 457184K->51072K(460096K), 0.0277826 secs] 4550856K->4158686K(8337536K), 0.0278673 secs] [Times: user=0.03 sys=0.00, real=0.04 secs] 
2024-10-09T21:42:10.174+0300: 313.001: Total time for which application threads were stopped: 0.0281525 seconds, Stopping threads took: 0.0001648 seconds
2024-10-09T21:42:10.338+0300: 313.170: Application time: 0.1686869 seconds
2024-10-09T21:42:10.338+0300: 313.170: [GC (Allocation Failure) 2024-10-09T21:42:10.338+0300: 313.170: [ParNew: 460096K->48170K(460096K), 0.0328246 secs] 4567710K->4177666K(8337536K), 0.0329115 secs] [Times: user=0.03 sys=0.00, real=0.04 secs] 
2024-10-09T21:42:10.375+0300: 313.203: Total time for which application threads were stopped: 0.0331507 seconds, Stopping threads took: 0.0001239 seconds
2024-10-09T21:42:10.527+0300: 313.367: Application time: 0.1644375 seconds
2024-10-09T21:42:10.527+0300: 313.368: [GC (Allocation Failure) 2024-10-09T21:42:10.527+0300: 313.368: [ParNew: 457194K->50256K(460096K), 0.0290205 secs] 4586690K->4198341K(8337536K), 0.0291143 secs] [Times: user=0.03 sys=0.00, real=0.03 secs] 
2024-10-09T21:42:10.558+0300: 313.397: Total time for which application threads were stopped: 0.0293709 seconds, Stopping threads took: 0.0001401 seconds
2024-10-09T21:42:10.746+0300: 313.572: Application time: 0.1756810 seconds
2024-10-09T21:42:10.746+0300: 313.573: [GC (Allocation Failure) 2024-10-09T21:42:10.746+0300: 313.573: [ParNew: 459280K->51072K(460096K), 0.0280410 secs] 4607365K->4213718K(8337536K), 0.0281446 secs] [Times: user=0.09 sys=0.00, real=0.03 secs] 
2024-10-09T21:42:10.775+0300: 313.601: Total time for which application threads were stopped: 0.0284348 seconds, Stopping threads took: 0.0001377 seconds
2024-10-09T21:42:10.935+0300: 313.770: Application time: 0.1691373 seconds
2024-10-09T21:42:10.935+0300: 313.770: [GC (Allocation Failure) 2024-10-09T21:42:10.935+0300: 313.770: [ParNew: 460096K->51072K(460096K), 0.0282798 secs] 4622742K->4230850K(8337536K), 0.0283696 secs] [Times: user=0.03 sys=0.00, real=0.03 secs] 
2024-10-09T21:42:10.966+0300: 313.799: Total time for which application threads were stopped: 0.0286497 seconds, Stopping threads took: 0.0001652 seconds
2024-10-09T21:42:11.139+0300: 313.973: Application time: 0.1744396 seconds
2024-10-09T21:42:11.139+0300: 313.973: [GC (Allocation Failure) 2024-10-09T21:42:11.139+0300: 313.973: [ParNew: 460096K->51072K(460096K), 0.0271060 secs] 4639874K->4243070K(8337536K), 0.0275163 secs] [Times: user=0.03 sys=0.00, real=0.03 secs] 
2024-10-09T21:42:11.170+0300: 314.001: Total time for which application threads were stopped: 0.0278243 seconds, Stopping threads took: 0.0001241 seconds
2024-10-09T21:42:11.327+0300: 314.157: Application time: 0.1559023 seconds
2024-10-09T21:42:11.327+0300: 314.157: [GC (Allocation Failure) 2024-10-09T21:42:11.327+0300: 314.157: [ParNew: 460096K->51072K(460096K), 0.0315506 secs] 4652094K->4260968K(8337536K), 0.0316406 secs] [Times: user=0.03 sys=0.00, real=0.03 secs] 
2024-10-09T21:42:11.359+0300: 314.189: Total time for which application threads were stopped: 0.0319309 seconds, Stopping threads took: 0.0001665 seconds
2024-10-09T21:42:11.516+0300: 314.356: Application time: 0.1672468 seconds
2024-10-09T21:42:11.516+0300: 314.356: [GC (Allocation Failure) 2024-10-09T21:42:11.516+0300: 314.356: [ParNew: 460096K->51072K(460096K), 0.0293450 secs] 4669992K->4281705K(8337536K), 0.0294347 secs] [Times: user=0.03 sys=0.00, real=0.03 secs] 
2024-10-09T21:42:11.547+0300: 314.386: Total time for which application threads were stopped: 0.0296814 seconds, Stopping threads took: 0.0001245 seconds
2024-10-09T21:42:11.735+0300: 314.567: Application time: 0.1808859 seconds
2024-10-09T21:42:11.735+0300: 314.567: [GC (Allocation Failure) 2024-10-09T21:42:11.735+0300: 314.567: [ParNew: 460096K->51072K(460096K), 0.0291332 secs] 4690729K->4296123K(8337536K), 0.0292259 secs] [Times: user=0.16 sys=0.00, real=0.03 secs] 
2024-10-09T21:42:11.767+0300: 314.596: Total time for which application threads were stopped: 0.0295220 seconds, Stopping threads took: 0.0001606 seconds
2024-10-09T21:42:11.924+0300: 314.757: Application time: 0.1611885 seconds
2024-10-09T21:42:11.924+0300: 314.758: [GC (Allocation Failure) 2024-10-09T21:42:11.924+0300: 314.758: [ParNew: 460096K->51072K(460096K), 0.0329291 secs] 4705147K->4316578K(8337536K), 0.0330201 secs] [Times: user=0.03 sys=0.00, real=0.03 secs] 
2024-10-09T21:42:11.955+0300: 314.791: Total time for which application threads were stopped: 0.0332864 seconds, Stopping threads took: 0.0001523 seconds
2024-10-09T21:42:12.128+0300: 314.958: Application time: 0.1677155 seconds
2024-10-09T21:42:12.128+0300: 314.959: [GC (Allocation Failure) 2024-10-09T21:42:12.128+0300: 314.959: [ParNew: 460096K->51072K(460096K), 0.0283607 secs] 4725602K->4337621K(8337536K), 0.0284480 secs] [Times: user=0.02 sys=0.00, real=0.03 secs] 
2024-10-09T21:42:12.159+0300: 314.987: Total time for which application threads were stopped: 0.0286951 seconds, Stopping threads took: 0.0001349 seconds
2024-10-09T21:42:12.332+0300: 315.162: Application time: 0.1753924 seconds
2024-10-09T21:42:12.332+0300: 315.163: [GC (Allocation Failure) 2024-10-09T21:42:12.332+0300: 315.163: [ParNew: 460096K->48596K(460096K), 0.0269560 secs] 4746645K->4345766K(8337536K), 0.0270605 secs] [Times: user=0.03 sys=0.00, real=0.03 secs] 
2024-10-09T21:42:12.363+0300: 315.190: Total time for which application threads were stopped: 0.0272778 seconds, Stopping threads took: 0.0000989 seconds
2024-10-09T21:42:12.520+0300: 315.354: Application time: 0.1640630 seconds
2024-10-09T21:42:12.520+0300: 315.354: [GC (Allocation Failure) 2024-10-09T21:42:12.520+0300: 315.354: [ParNew: 457620K->51072K(460096K), 0.0294171 secs] 4754790K->4360524K(8337536K), 0.0295058 secs] [Times: user=0.03 sys=0.00, real=0.03 secs] 
2024-10-09T21:42:12.551+0300: 315.384: Total time for which application threads were stopped: 0.0297556 seconds, Stopping threads took: 0.0001295 seconds
2024-10-09T21:42:12.708+0300: 315.544: Application time: 0.1609508 seconds
2024-10-09T21:42:12.708+0300: 315.545: [GC (Allocation Failure) 2024-10-09T21:42:12.708+0300: 315.545: [ParNew: 460096K->47666K(460096K), 0.0310537 secs] 4769548K->4382826K(8337536K), 0.0311453 secs] [Times: user=0.03 sys=0.00, real=0.03 secs] 
2024-10-09T21:42:12.739+0300: 315.576: Total time for which application threads were stopped: 0.0314491 seconds, Stopping threads took: 0.0001698 seconds
2024-10-09T21:42:12.928+0300: 315.757: Application time: 0.1805670 seconds
2024-10-09T21:42:12.928+0300: 315.757: [GC (Allocation Failure) 2024-10-09T21:42:12.928+0300: 315.757: [ParNew: 456690K->51072K(460096K), 0.0264837 secs] 4791850K->4397531K(8337536K), 0.0265708 secs] [Times: user=0.02 sys=0.00, real=0.02 secs] 
2024-10-09T21:42:12.943+0300: 315.783: Total time for which application threads were stopped: 0.0268352 seconds, Stopping threads took: 0.0001479 seconds
2024-10-09T21:42:13.117+0300: 315.950: Application time: 0.1662744 seconds
2024-10-09T21:42:13.117+0300: 315.950: [GC (Allocation Failure) 2024-10-09T21:42:13.117+0300: 315.950: [ParNew: 460096K->51072K(460096K), 0.0290479 secs] 4806555K->4409548K(8337536K), 0.0291361 secs] [Times: user=0.03 sys=0.00, real=0.03 secs] 
2024-10-09T21:42:13.148+0300: 315.979: Total time for which application threads were stopped: 0.0294214 seconds, Stopping threads took: 0.0001564 seconds
2024-10-09T21:42:13.305+0300: 316.132: Application time: 0.1534288 seconds
2024-10-09T21:42:13.305+0300: 316.133: [GC (Allocation Failure) 2024-10-09T21:42:13.305+0300: 316.133: [ParNew: 460096K->41587K(460096K), 0.0303860 secs] 4818572K->4429954K(8337536K), 0.0304688 secs] [Times: user=0.03 sys=0.00, real=0.03 secs] 
2024-10-09T21:42:13.336+0300: 316.163: Total time for which application threads were stopped: 0.0307400 seconds, Stopping threads took: 0.0001603 seconds
2024-10-09T21:42:13.509+0300: 316.342: Application time: 0.1788673 seconds
2024-10-09T21:42:13.509+0300: 316.342: [GC (Allocation Failure) 2024-10-09T21:42:13.509+0300: 316.342: [ParNew: 450611K->51072K(460096K), 0.0252261 secs] 4838978K->4441214K(8337536K), 0.0253083 secs] [Times: user=0.03 sys=0.00, real=0.03 secs] 
2024-10-09T21:42:13.541+0300: 316.368: Total time for which application threads were stopped: 0.0256147 seconds, Stopping threads took: 0.0001868 seconds
2024-10-09T21:42:13.713+0300: 316.541: Application time: 0.1736716 seconds
2024-10-09T21:42:13.713+0300: 316.542: [GC (Allocation Failure) 2024-10-09T21:42:13.713+0300: 316.542: [ParNew: 460096K->51072K(460096K), 0.0362933 secs] 4850238K->4466190K(8337536K), 0.0363849 secs] [Times: user=0.19 sys=0.00, real=0.03 secs] 
2024-10-09T21:42:13.744+0300: 316.578: Total time for which application threads were stopped: 0.0367276 seconds, Stopping threads took: 0.0002127 seconds
2024-10-09T21:42:13.901+0300: 316.734: Application time: 0.1555085 seconds
2024-10-09T21:42:13.901+0300: 316.734: [GC (Allocation Failure) 2024-10-09T21:42:13.901+0300: 316.734: [ParNew: 460096K->42382K(460096K), 0.0306225 secs] 4875214K->4488385K(8337536K), 0.0307119 secs] [Times: user=0.03 sys=0.00, real=0.03 secs] 
2024-10-09T21:42:13.933+0300: 316.765: Total time for which application threads were stopped: 0.0309794 seconds, Stopping threads took: 0.0001489 seconds
2024-10-09T21:42:14.121+0300: 316.952: Application time: 0.1873820 seconds
2024-10-09T21:42:14.121+0300: 316.952: [GC (Allocation Failure) 2024-10-09T21:42:14.121+0300: 316.952: [ParNew: 451406K->51072K(460096K), 0.0252412 secs] 4897409K->4499348K(8337536K), 0.0253241 secs] [Times: user=0.06 sys=0.00, real=0.02 secs] 
2024-10-09T21:42:14.137+0300: 316.978: Total time for which application threads were stopped: 0.0255929 seconds, Stopping threads took: 0.0001495 seconds
2024-10-09T21:42:14.309+0300: 317.144: Application time: 0.1668633 seconds
2024-10-09T21:42:14.309+0300: 317.145: [GC (Allocation Failure) 2024-10-09T21:42:14.309+0300: 317.145: [ParNew: 460096K->51072K(460096K), 0.0297821 secs] 4908372K->4510294K(8337536K), 0.0298695 secs] [Times: user=0.03 sys=0.00, real=0.03 secs] 
2024-10-09T21:42:14.341+0300: 317.175: Total time for which application threads were stopped: 0.0301671 seconds, Stopping threads took: 0.0001847 seconds
2024-10-09T21:42:14.498+0300: 317.330: Application time: 0.1558129 seconds
2024-10-09T21:42:14.498+0300: 317.331: [GC (Allocation Failure) 2024-10-09T21:42:14.498+0300: 317.331: [ParNew: 460096K->44887K(460096K), 0.0345674 secs] 4919318K->4538958K(8337536K), 0.0346576 secs] [Times: user=0.03 sys=0.00, real=0.03 secs] 
2024-10-09T21:42:14.529+0300: 317.365: Total time for which application threads were stopped: 0.0349097 seconds, Stopping threads took: 0.0001412 seconds
2024-10-09T21:42:14.717+0300: 317.551: Application time: 0.1858153 seconds
2024-10-09T21:42:14.717+0300: 317.551: [GC (Allocation Failure) 2024-10-09T21:42:14.717+0300: 317.551: [ParNew: 453911K->51072K(460096K), 0.0278778 secs] 4947982K->4548828K(8337536K), 0.0279578 secs] [Times: user=0.06 sys=0.00, real=0.03 secs] 
2024-10-09T21:42:14.749+0300: 317.579: Total time for which application threads were stopped: 0.0282767 seconds, Stopping threads took: 0.0001991 seconds
2024-10-09T21:42:14.906+0300: 317.744: Application time: 0.1644443 seconds
2024-10-09T21:42:14.906+0300: 317.744: [GC (Allocation Failure) 2024-10-09T21:42:14.906+0300: 317.744: [ParNew: 460096K->51072K(460096K), 0.0354931 secs] 4957852K->4574258K(8337536K), 0.0355783 secs] [Times: user=0.05 sys=0.00, real=0.05 secs] 
2024-10-09T21:42:14.953+0300: 317.780: Total time for which application threads were stopped: 0.0358659 seconds, Stopping threads took: 0.0001709 seconds
2024-10-09T21:42:15.110+0300: 317.943: Application time: 0.1627670 seconds
2024-10-09T21:42:15.110+0300: 317.943: [GC (Allocation Failure) 2024-10-09T21:42:15.110+0300: 317.943: [ParNew: 460096K->46439K(460096K), 0.0356954 secs] 4983282K->4603319K(8337536K), 0.0357857 secs] [Times: user=0.01 sys=0.00, real=0.03 secs] 
2024-10-09T21:42:15.141+0300: 317.979: Total time for which application threads were stopped: 0.0360043 seconds, Stopping threads took: 0.0001029 seconds
2024-10-09T21:42:15.314+0300: 318.153: Application time: 0.1748052 seconds
2024-10-09T21:42:15.314+0300: 318.154: [GC (Allocation Failure) 2024-10-09T21:42:15.314+0300: 318.154: [ParNew: 455463K->51072K(460096K), 0.0285646 secs] 5012343K->4622025K(8337536K), 0.0286565 secs] [Times: user=0.03 sys=0.00, real=0.03 secs] 
2024-10-09T21:42:15.345+0300: 318.182: Total time for which application threads were stopped: 0.0289363 seconds, Stopping threads took: 0.0001462 seconds
2024-10-09T21:42:15.502+0300: 318.343: Application time: 0.1607741 seconds
2024-10-09T21:42:15.518+0300: 318.343: [GC (Allocation Failure) 2024-10-09T21:42:15.518+0300: 318.343: [ParNew: 460096K->51072K(460096K), 0.0286381 secs] 5031049K->4637868K(8337536K), 0.0287248 secs] [Times: user=0.02 sys=0.00, real=0.02 secs] 
2024-10-09T21:42:15.533+0300: 318.372: Total time for which application threads were stopped: 0.0290024 seconds, Stopping threads took: 0.0001217 seconds
2024-10-09T21:42:15.706+0300: 318.547: Application time: 0.1752907 seconds
2024-10-09T21:42:15.722+0300: 318.548: [GC (Allocation Failure) 2024-10-09T21:42:15.722+0300: 318.548: [ParNew: 460096K->43557K(460096K), 0.0346917 secs] 5046892K->4660043K(8337536K), 0.0347998 secs] [Times: user=0.17 sys=0.00, real=0.03 secs] 
2024-10-09T21:42:15.753+0300: 318.583: Total time for which application threads were stopped: 0.0352232 seconds, Stopping threads took: 0.0002664 seconds
2024-10-09T21:42:15.926+0300: 318.757: Application time: 0.1749022 seconds
2024-10-09T21:42:15.926+0300: 318.758: [GC (Allocation Failure) 2024-10-09T21:42:15.926+0300: 318.758: [ParNew: 452581K->51072K(460096K), 0.0265336 secs] 5069067K->4676994K(8337536K), 0.0266161 secs] [Times: user=0.05 sys=0.00, real=0.03 secs] 
2024-10-09T21:42:15.957+0300: 318.784: Total time for which application threads were stopped: 0.0268997 seconds, Stopping threads took: 0.0001635 seconds
2024-10-09T21:42:16.099+0300: 318.940: Application time: 0.1554768 seconds
2024-10-09T21:42:16.114+0300: 318.940: [GC (Allocation Failure) 2024-10-09T21:42:16.114+0300: 318.940: [ParNew: 460096K->51072K(460096K), 0.0314886 secs] 5086018K->4700741K(8337536K), 0.0316300 secs] [Times: user=0.02 sys=0.00, real=0.03 secs] 
2024-10-09T21:42:16.145+0300: 318.972: Total time for which application threads were stopped: 0.0319300 seconds, Stopping threads took: 0.0001723 seconds
2024-10-09T21:42:16.318+0300: 319.144: Application time: 0.1726252 seconds
2024-10-09T21:42:16.318+0300: 319.145: [GC (Allocation Failure) 2024-10-09T21:42:16.318+0300: 319.145: [ParNew: 460096K->46838K(460096K), 0.0338098 secs] 5109765K->4723225K(8337536K), 0.0338942 secs] [Times: user=0.02 sys=0.00, real=0.03 secs] 
2024-10-09T21:42:16.349+0300: 319.179: Total time for which application threads were stopped: 0.0341441 seconds, Stopping threads took: 0.0001274 seconds
2024-10-09T21:42:16.522+0300: 319.354: Application time: 0.1750690 seconds
2024-10-09T21:42:16.522+0300: 319.354: [GC (Allocation Failure) 2024-10-09T21:42:16.522+0300: 319.354: [ParNew: 455862K->51072K(460096K), 0.0265380 secs] 5132249K->4736228K(8337536K), 0.0266231 secs] [Times: user=0.03 sys=0.00, real=0.03 secs] 
2024-10-09T21:42:16.553+0300: 319.381: Total time for which application threads were stopped: 0.0268744 seconds, Stopping threads took: 0.0001380 seconds
2024-10-09T21:42:16.711+0300: 319.539: Application time: 0.1580089 seconds
2024-10-09T21:42:16.711+0300: 319.539: [GC (Allocation Failure) 2024-10-09T21:42:16.711+0300: 319.539: [ParNew: 460096K->51072K(460096K), 0.0304268 secs] 5145252K->4754284K(8337536K), 0.0305192 secs] [Times: user=0.06 sys=0.00, real=0.03 secs] 
2024-10-09T21:42:16.742+0300: 319.569: Total time for which application threads were stopped: 0.0308077 seconds, Stopping threads took: 0.0001470 seconds
2024-10-09T21:42:16.914+0300: 319.742: Application time: 0.1725662 seconds
2024-10-09T21:42:16.914+0300: 319.742: [GC (Allocation Failure) 2024-10-09T21:42:16.914+0300: 319.742: [ParNew: 460096K->50627K(460096K), 0.0289344 secs] 5163308K->4775638K(8337536K), 0.0290235 secs] [Times: user=0.02 sys=0.00, real=0.03 secs] 
2024-10-09T21:42:16.945+0300: 319.771: Total time for which application threads were stopped: 0.0293097 seconds, Stopping threads took: 0.0001135 seconds
2024-10-09T21:42:17.118+0300: 319.948: Application time: 0.1767676 seconds
2024-10-09T21:42:17.118+0300: 319.948: [GC (Allocation Failure) 2024-10-09T21:42:17.118+0300: 319.948: [ParNew: 459651K->51072K(460096K), 0.0266869 secs] 5184662K->4786556K(8337536K), 0.0267742 secs] [Times: user=0.01 sys=0.00, real=0.02 secs] 
2024-10-09T21:42:17.134+0300: 319.975: Total time for which application threads were stopped: 0.0270272 seconds, Stopping threads took: 0.0001392 seconds
2024-10-09T21:42:17.291+0300: 320.131: Application time: 0.1561878 seconds
2024-10-09T21:42:17.291+0300: 320.131: [GC (Allocation Failure) 2024-10-09T21:42:17.291+0300: 320.131: [ParNew: 460096K->51072K(460096K), 0.0271369 secs] 5195580K->4797828K(8337536K), 0.0272280 secs] [Times: user=0.03 sys=0.00, real=0.03 secs] 
2024-10-09T21:42:17.322+0300: 320.159: Total time for which application threads were stopped: 0.0275149 seconds, Stopping threads took: 0.0001655 seconds
2024-10-09T21:42:17.501+0300: 320.333: Application time: 0.1746245 seconds
2024-10-09T21:42:17.501+0300: 320.334: [GC (Allocation Failure) 2024-10-09T21:42:17.501+0300: 320.334: [ParNew: 460096K->38731K(460096K), 0.0339462 secs] 5206852K->4814770K(8337536K), 0.0340214 secs] [Times: user=0.05 sys=0.00, real=0.04 secs] 
2024-10-09T21:42:17.542+0300: 320.368: Total time for which application threads were stopped: 0.0343244 seconds, Stopping threads took: 0.0001675 seconds
2024-10-09T21:42:17.714+0300: 320.548: Application time: 0.1799048 seconds
2024-10-09T21:42:17.714+0300: 320.548: [GC (Allocation Failure) 2024-10-09T21:42:17.714+0300: 320.548: [ParNew: 447755K->51072K(460096K), 0.0297766 secs] 5223794K->4840038K(8337536K), 0.0298664 secs] [Times: user=0.12 sys=0.00, real=0.03 secs] 
2024-10-09T21:42:17.746+0300: 320.578: Total time for which application threads were stopped: 0.0301385 seconds, Stopping threads took: 0.0001322 seconds
2024-10-09T21:42:17.903+0300: 320.738: Application time: 0.1603108 seconds
2024-10-09T21:42:17.903+0300: 320.738: [GC (Allocation Failure) 2024-10-09T21:42:17.903+0300: 320.738: [ParNew: 460096K->51072K(460096K), 0.0343314 secs] 5249062K->4864345K(8337536K), 0.0344171 secs] [Times: user=0.06 sys=0.00, real=0.03 secs] 
2024-10-09T21:42:17.935+0300: 320.773: Total time for which application threads were stopped: 0.0346922 seconds, Stopping threads took: 0.0001567 seconds
2024-10-09T21:42:18.107+0300: 320.945: Application time: 0.1720747 seconds
2024-10-09T21:42:18.107+0300: 320.945: [GC (Allocation Failure) 2024-10-09T21:42:18.107+0300: 320.945: [ParNew: 460096K->48253K(460096K), 0.0297169 secs] 5273369K->4885070K(8337536K), 0.0298065 secs] [Times: user=0.06 sys=0.00, real=0.03 secs] 
2024-10-09T21:42:18.139+0300: 320.975: Total time for which application threads were stopped: 0.0300478 seconds, Stopping threads took: 0.0001191 seconds
2024-10-09T21:42:18.311+0300: 321.146: Application time: 0.1706786 seconds
2024-10-09T21:42:18.311+0300: 321.146: [GC (Allocation Failure) 2024-10-09T21:42:18.311+0300: 321.146: [ParNew: 457277K->51072K(460096K), 0.0288188 secs] 5294094K->4900565K(8337536K), 0.0289026 secs] [Times: user=0.05 sys=0.00, real=0.03 secs] 
2024-10-09T21:42:18.343+0300: 321.175: Total time for which application threads were stopped: 0.0291786 seconds, Stopping threads took: 0.0001584 seconds
2024-10-09T21:42:18.500+0300: 321.338: Application time: 0.1637218 seconds
2024-10-09T21:42:18.500+0300: 321.339: [GC (Allocation Failure) 2024-10-09T21:42:18.500+0300: 321.339: [ParNew: 460096K->51072K(460096K), 0.0310139 secs] 5309589K->4919987K(8337536K), 0.0311066 secs] [Times: user=0.03 sys=0.00, real=0.03 secs] 
2024-10-09T21:42:18.531+0300: 321.370: Total time for which application threads were stopped: 0.0314205 seconds, Stopping threads took: 0.0001822 seconds
2024-10-09T21:42:18.720+0300: 321.549: Application time: 0.1792984 seconds
2024-10-09T21:42:18.720+0300: 321.549: [GC (Allocation Failure) 2024-10-09T21:42:18.720+0300: 321.549: [ParNew: 460096K->51072K(460096K), 0.0299705 secs] 5329011K->4941925K(8337536K), 0.0300511 secs] [Times: user=0.05 sys=0.00, real=0.03 secs] 
2024-10-09T21:42:18.751+0300: 321.579: Total time for which application threads were stopped: 0.0303117 seconds, Stopping threads took: 0.0001186 seconds
2024-10-09T21:42:18.908+0300: 321.745: Application time: 0.1655692 seconds
2024-10-09T21:42:18.908+0300: 321.745: [GC (Allocation Failure) 2024-10-09T21:42:18.908+0300: 321.745: [ParNew: 460096K->51072K(460096K), 0.0332203 secs] 5350949K->4954025K(8337536K), 0.0332962 secs] [Times: user=0.03 sys=0.00, real=0.03 secs] 
2024-10-09T21:42:18.939+0300: 321.779: Total time for which application threads were stopped: 0.0335747 seconds, Stopping threads took: 0.0001537 seconds
2024-10-09T21:42:19.112+0300: 321.940: Application time: 0.1616521 seconds
2024-10-09T21:42:19.112+0300: 321.941: [GC (Allocation Failure) 2024-10-09T21:42:19.112+0300: 321.941: [ParNew: 460096K->51072K(460096K), 0.0276928 secs] 5363049K->4967865K(8337536K), 0.0277890 secs] [Times: user=0.02 sys=0.00, real=0.02 secs] 
2024-10-09T21:42:19.128+0300: 321.968: Total time for which application threads were stopped: 0.0280847 seconds, Stopping threads took: 0.0001442 seconds
2024-10-09T21:42:19.301+0300: 322.138: Application time: 0.1696769 seconds
2024-10-09T21:42:19.301+0300: 322.138: [GC (Allocation Failure) 2024-10-09T21:42:19.301+0300: 322.138: [ParNew: 460096K->48705K(460096K), 0.0358997 secs] 5376889K->4996024K(8337536K), 0.0376058 secs] [Times: user=0.06 sys=0.00, real=0.05 secs] 
2024-10-09T21:42:19.348+0300: 322.176: Total time for which application threads were stopped: 0.0378557 seconds, Stopping threads took: 0.0001340 seconds
2024-10-09T21:42:19.520+0300: 322.349: Application time: 0.1733944 seconds
2024-10-09T21:42:19.520+0300: 322.350: [GC (Allocation Failure) 2024-10-09T21:42:19.520+0300: 322.350: [ParNew: 457729K->51072K(460096K), 0.0279091 secs] 5405048K->5010315K(8337536K), 0.0279954 secs] [Times: user=0.03 sys=0.00, real=0.03 secs] 
2024-10-09T21:42:19.551+0300: 322.378: Total time for which application threads were stopped: 0.0283031 seconds, Stopping threads took: 0.0001827 seconds
2024-10-09T21:42:19.724+0300: 322.565: Application time: 0.1873792 seconds
2024-10-09T21:42:19.724+0300: 322.565: [GC (Allocation Failure) 2024-10-09T21:42:19.724+0300: 322.565: [ParNew: 460096K->51072K(460096K), 0.0369790 secs] 5419339K->5036043K(8337536K), 0.0370867 secs] [Times: user=0.05 sys=0.00, real=0.05 secs] 
2024-10-09T21:42:19.771+0300: 322.602: Total time for which application threads were stopped: 0.0374457 seconds, Stopping threads took: 0.0002234 seconds
2024-10-09T21:42:19.960+0300: 322.789: Application time: 0.1861408 seconds
2024-10-09T21:42:19.960+0300: 322.789: [GC (Allocation Failure) 2024-10-09T21:42:19.960+0300: 322.789: [ParNew: 460096K->51072K(460096K), 0.0391212 secs] 5445067K->5058291K(8337536K), 0.0392087 secs] [Times: user=0.03 sys=0.00, real=0.04 secs] 
2024-10-09T21:42:19.996+0300: 322.828: Total time for which application threads were stopped: 0.0394614 seconds, Stopping threads took: 0.0001414 seconds
2024-10-09T21:42:20.164+0300: 322.998: Application time: 0.1696254 seconds
2024-10-09T21:42:20.164+0300: 322.998: [GC (Allocation Failure) 2024-10-09T21:42:20.164+0300: 322.998: [ParNew: 460096K->51072K(460096K), 0.0296850 secs] 5467315K->5074352K(8337536K), 0.0297730 secs] [Times: user=0.06 sys=0.00, real=0.03 secs] 
2024-10-09T21:42:20.196+0300: 323.028: Total time for which application threads were stopped: 0.0300542 seconds, Stopping threads took: 0.0001585 seconds
2024-10-09T21:42:20.352+0300: 323.190: Application time: 0.1622399 seconds
2024-10-09T21:42:20.352+0300: 323.190: [GC (Allocation Failure) 2024-10-09T21:42:20.352+0300: 323.190: [ParNew: 460096K->44810K(460096K), 0.0359973 secs] 5483376K->5097256K(8337536K), 0.0360847 secs] [Times: user=0.03 sys=0.00, real=0.05 secs] 
2024-10-09T21:42:20.399+0300: 323.226: Total time for which application threads were stopped: 0.0363548 seconds, Stopping threads took: 0.0001485 seconds
2024-10-09T21:42:20.572+0300: 323.407: Application time: 0.1808425 seconds
2024-10-09T21:42:20.572+0300: 323.407: [GC (Allocation Failure) 2024-10-09T21:42:20.572+0300: 323.408: [ParNew: 453834K->51072K(460096K), 0.0292393 secs] 5506280K->5116684K(8337536K), 0.0293758 secs] [Times: user=0.03 sys=0.00, real=0.03 secs] 
2024-10-09T21:42:20.603+0300: 323.437: Total time for which application threads were stopped: 0.0296991 seconds, Stopping threads took: 0.0001862 seconds
2024-10-09T21:42:20.775+0300: 323.609: Application time: 0.1720785 seconds
2024-10-09T21:42:20.775+0300: 323.609: [GC (Allocation Failure) 2024-10-09T21:42:20.775+0300: 323.609: [ParNew: 460096K->51072K(460096K), 0.0355969 secs] 5525708K->5141635K(8337536K), 0.0356911 secs] [Times: user=0.05 sys=0.00, real=0.03 secs] 
2024-10-09T21:42:20.807+0300: 323.645: Total time for which application threads were stopped: 0.0361394 seconds, Stopping threads took: 0.0002054 seconds
2024-10-09T21:42:20.979+0300: 323.819: Application time: 0.1734387 seconds
2024-10-09T21:42:20.979+0300: 323.819: [GC (Allocation Failure) 2024-10-09T21:42:20.979+0300: 323.819: [ParNew: 460096K->51072K(460096K), 0.0316838 secs] 5550659K->5164229K(8337536K), 0.0317787 secs] [Times: user=0.03 sys=0.00, real=0.03 secs] 
2024-10-09T21:42:21.011+0300: 323.851: Total time for which application threads were stopped: 0.0320985 seconds, Stopping threads took: 0.0001890 seconds
2024-10-09T21:42:21.183+0300: 324.022: Application time: 0.1708821 seconds
2024-10-09T21:42:21.183+0300: 324.022: [GC (Allocation Failure) 2024-10-09T21:42:21.183+0300: 324.022: [ParNew: 460096K->51072K(460096K), 0.0261276 secs] 5573253K->5172828K(8337536K), 0.0262246 secs] [Times: user=0.06 sys=0.00, real=0.03 secs] 
2024-10-09T21:42:21.215+0300: 324.048: Total time for which application threads were stopped: 0.0265447 seconds, Stopping threads took: 0.0001905 seconds
2024-10-09T21:42:21.387+0300: 324.221: Application time: 0.1732714 seconds
2024-10-09T21:42:21.387+0300: 324.222: [GC (Allocation Failure) 2024-10-09T21:42:21.387+0300: 324.222: [ParNew: 460096K->51072K(460096K), 0.0351160 secs] 5581852K->5198185K(8337536K), 0.0352109 secs] [Times: user=0.06 sys=0.00, real=0.03 secs] 
2024-10-09T21:42:21.419+0300: 324.257: Total time for which application threads were stopped: 0.0355153 seconds, Stopping threads took: 0.0001815 seconds
2024-10-09T21:42:21.576+0300: 324.409: Application time: 0.1524352 seconds
2024-10-09T21:42:21.576+0300: 324.410: [GC (Allocation Failure) 2024-10-09T21:42:21.576+0300: 324.410: [ParNew: 460096K->51072K(460096K), 0.0381609 secs] 5607209K->5229385K(8337536K), 0.0382595 secs] [Times: user=0.08 sys=0.00, real=0.03 secs] 
2024-10-09T21:42:21.607+0300: 324.448: Total time for which application threads were stopped: 0.0385828 seconds, Stopping threads took: 0.0001608 seconds
2024-10-09T21:42:21.799+0300: 324.631: Application time: 0.1826849 seconds
2024-10-09T21:42:21.799+0300: 324.631: [GC (Allocation Failure) 2024-10-09T21:42:21.799+0300: 324.631: [ParNew: 460096K->45196K(460096K), 0.0295176 secs] 5638409K->5237927K(8337536K), 0.0296107 secs] [Times: user=0.09 sys=0.00, real=0.03 secs] 
2024-10-09T21:42:21.827+0300: 324.661: Total time for which application threads were stopped: 0.0299409 seconds, Stopping threads took: 0.0001823 seconds
2024-10-09T21:42:22.023+0300: 324.851: Application time: 0.1906449 seconds
2024-10-09T21:42:22.023+0300: 324.851: [GC (Allocation Failure) 2024-10-09T21:42:22.023+0300: 324.851: [ParNew: 454220K->51072K(460096K), 0.0321298 secs] 5646951K->5254281K(8337536K), 0.0322130 secs] [Times: user=0.05 sys=0.00, real=0.02 secs] 
2024-10-09T21:42:22.047+0300: 324.884: Total time for which application threads were stopped: 0.0325086 seconds, Stopping threads took: 0.0001638 seconds
2024-10-09T21:42:22.204+0300: 325.042: Application time: 0.1578660 seconds
2024-10-09T21:42:22.204+0300: 325.042: [GC (Allocation Failure) 2024-10-09T21:42:22.204+0300: 325.042: [ParNew: 460096K->51072K(460096K), 0.0324769 secs] 5663305K->5282857K(8337536K), 0.0325621 secs] [Times: user=0.05 sys=0.00, real=0.03 secs] 
2024-10-09T21:42:22.235+0300: 325.074: Total time for which application threads were stopped: 0.0328314 seconds, Stopping threads took: 0.0001518 seconds
2024-10-09T21:42:22.408+0300: 325.248: Application time: 0.1736407 seconds
2024-10-09T21:42:22.408+0300: 325.248: [GC (Allocation Failure) 2024-10-09T21:42:22.408+0300: 325.248: [ParNew: 460096K->49537K(460096K), 0.0270062 secs] 5691881K->5292941K(8337536K), 0.0271114 secs] [Times: user=0.03 sys=0.00, real=0.03 secs] 
2024-10-09T21:42:22.439+0300: 325.275: Total time for which application threads were stopped: 0.0274302 seconds, Stopping threads took: 0.0001844 seconds
2024-10-09T21:42:22.612+0300: 325.448: Application time: 0.1722122 seconds
2024-10-09T21:42:22.612+0300: 325.448: [GC (Allocation Failure) 2024-10-09T21:42:22.612+0300: 325.448: [ParNew: 458561K->51072K(460096K), 0.0329604 secs] 5701965K->5314307K(8337536K), 0.0330556 secs] [Times: user=0.05 sys=0.00, real=0.03 secs] 
2024-10-09T21:42:22.643+0300: 325.481: Total time for which application threads were stopped: 0.0333445 seconds, Stopping threads took: 0.0001679 seconds
2024-10-09T21:42:22.816+0300: 325.646: Application time: 0.1652006 seconds
2024-10-09T21:42:22.816+0300: 325.646: [GC (Allocation Failure) 2024-10-09T21:42:22.816+0300: 325.646: [ParNew: 460096K->51072K(460096K), 0.0326964 secs] 5723331K->5331870K(8337536K), 0.0327833 secs] [Times: user=0.05 sys=0.00, real=0.04 secs] 
2024-10-09T21:42:22.853+0300: 325.679: Total time for which application threads were stopped: 0.0330492 seconds, Stopping threads took: 0.0001486 seconds
2024-10-09T21:42:23.020+0300: 325.850: Application time: 0.1705148 seconds
2024-10-09T21:42:23.020+0300: 325.850: [GC (Allocation Failure) 2024-10-09T21:42:23.020+0300: 325.850: [ParNew: 460096K->49616K(460096K), 0.0313480 secs] 5740894K->5353127K(8337536K), 0.0314388 secs] [Times: user=0.06 sys=0.00, real=0.03 secs] 
2024-10-09T21:42:23.051+0300: 325.881: Total time for which application threads were stopped: 0.0317012 seconds, Stopping threads took: 0.0001387 seconds
2024-10-09T21:42:23.225+0300: 326.050: Application time: 0.1688010 seconds
2024-10-09T21:42:23.225+0300: 326.051: [GC (Allocation Failure) 2024-10-09T21:42:23.225+0300: 326.051: [ParNew: 458640K->51072K(460096K), 0.0298448 secs] 5762151K->5372287K(8337536K), 0.0299325 secs] [Times: user=0.05 sys=0.00, real=0.02 secs] 
2024-10-09T21:42:23.240+0300: 326.080: Total time for which application threads were stopped: 0.0301900 seconds, Stopping threads took: 0.0001338 seconds
2024-10-09T21:42:23.413+0300: 326.248: Application time: 0.1672144 seconds
2024-10-09T21:42:23.413+0300: 326.248: [GC (Allocation Failure) 2024-10-09T21:42:23.413+0300: 326.248: [ParNew: 460096K->51072K(460096K), 0.0344809 secs] 5781311K->5390023K(8337536K), 0.0345796 secs] [Times: user=0.05 sys=0.00, real=0.03 secs] 
2024-10-09T21:42:23.444+0300: 326.283: Total time for which application threads were stopped: 0.0348982 seconds, Stopping threads took: 0.0001915 seconds
2024-10-09T21:42:23.633+0300: 326.473: Application time: 0.1902265 seconds
2024-10-09T21:42:23.633+0300: 326.473: [GC (Allocation Failure) 2024-10-09T21:42:23.633+0300: 326.473: [ParNew: 460096K->50915K(460096K), 0.0342266 secs] 5799047K->5413747K(8337536K), 0.0343107 secs] [Times: user=0.03 sys=0.00, real=0.05 secs] 
2024-10-09T21:42:23.679+0300: 326.507: Total time for which application threads were stopped: 0.0345998 seconds, Stopping threads took: 0.0001457 seconds
2024-10-09T21:42:23.852+0300: 326.679: Application time: 0.1712566 seconds
2024-10-09T21:42:23.852+0300: 326.679: [GC (Allocation Failure) 2024-10-09T21:42:23.852+0300: 326.679: [ParNew: 459939K->51072K(460096K), 0.0286016 secs] 5822771K->5426999K(8337536K), 0.0286908 secs] [Times: user=0.05 sys=0.00, real=0.02 secs] 
2024-10-09T21:42:23.868+0300: 326.708: Total time for which application threads were stopped: 0.0289546 seconds, Stopping threads took: 0.0001439 seconds
2024-10-09T21:42:24.041+0300: 326.872: Application time: 0.1643762 seconds
2024-10-09T21:42:24.041+0300: 326.872: [GC (Allocation Failure) 2024-10-09T21:42:24.041+0300: 326.872: [ParNew: 460096K->46235K(460096K), 0.0367877 secs] 5836023K->5448040K(8337536K), 0.0368773 secs] [Times: user=0.03 sys=0.00, real=0.03 secs] 
2024-10-09T21:42:24.072+0300: 326.909: Total time for which application threads were stopped: 0.0371361 seconds, Stopping threads took: 0.0001459 seconds
2024-10-09T21:42:24.260+0300: 327.091: Application time: 0.1822773 seconds
2024-10-09T21:42:24.260+0300: 327.092: [GC (Allocation Failure) 2024-10-09T21:42:24.260+0300: 327.092: [ParNew: 455259K->51072K(460096K), 0.0283138 secs] 5857064K->5468752K(8337536K), 0.0283934 secs] [Times: user=0.02 sys=0.00, real=0.03 secs] 
2024-10-09T21:42:24.292+0300: 327.120: Total time for which application threads were stopped: 0.0286851 seconds, Stopping threads took: 0.0001574 seconds
2024-10-09T21:42:24.449+0300: 327.286: Application time: 0.1656824 seconds
2024-10-09T21:42:24.449+0300: 327.286: [GC (Allocation Failure) 2024-10-09T21:42:24.449+0300: 327.286: [ParNew: 460096K->51072K(460096K), 0.0294765 secs] 5877776K->5480629K(8337536K), 0.0295597 secs] [Times: user=0.03 sys=0.00, real=0.03 secs] 
2024-10-09T21:42:24.480+0300: 327.316: Total time for which application threads were stopped: 0.0298433 seconds, Stopping threads took: 0.0001613 seconds
2024-10-09T21:42:24.637+0300: 327.475: Application time: 0.1598219 seconds
2024-10-09T21:42:24.637+0300: 327.476: [GC (Allocation Failure) 2024-10-09T21:42:24.637+0300: 327.476: [ParNew: 460096K->49895K(460096K), 0.0363911 secs] 5889653K->5514928K(8337536K), 0.0364880 secs] [Times: user=0.12 sys=0.00, real=0.05 secs] 
2024-10-09T21:42:24.684+0300: 327.512: Total time for which application threads were stopped: 0.0367901 seconds, Stopping threads took: 0.0001468 seconds
2024-10-09T21:42:24.857+0300: 327.697: Application time: 0.1848139 seconds
2024-10-09T21:42:24.857+0300: 327.697: [GC (Allocation Failure) 2024-10-09T21:42:24.857+0300: 327.697: [ParNew: 458919K->48771K(460096K), 0.0274155 secs] 5923952K->5526142K(8337536K), 0.0275184 secs] [Times: user=0.06 sys=0.00, real=0.04 secs] 
2024-10-09T21:42:24.898+0300: 327.725: Total time for which application threads were stopped: 0.0277755 seconds, Stopping threads took: 0.0001216 seconds
2024-10-09T21:42:25.061+0300: 327.898: Application time: 0.1733336 seconds
2024-10-09T21:42:25.061+0300: 327.898: [GC (Allocation Failure) 2024-10-09T21:42:25.061+0300: 327.898: [ParNew: 457795K->51072K(460096K), 0.0304404 secs] 5935166K->5543534K(8337536K), 0.0305635 secs] [Times: user=0.03 sys=0.00, real=0.03 secs] 
2024-10-09T21:42:25.092+0300: 327.929: Total time for which application threads were stopped: 0.0308197 seconds, Stopping threads took: 0.0001442 seconds
2024-10-09T21:42:25.250+0300: 328.086: Application time: 0.1565222 seconds
2024-10-09T21:42:25.250+0300: 328.086: [GC (Allocation Failure) 2024-10-09T21:42:25.250+0300: 328.086: [ParNew: 460096K->41802K(460096K), 0.0302022 secs] 5952558K->5560568K(8337536K), 0.0302962 secs] [Times: user=0.05 sys=0.00, real=0.03 secs] 
2024-10-09T21:42:25.281+0300: 328.116: Total time for which application threads were stopped: 0.0305420 seconds, Stopping threads took: 0.0001272 seconds
2024-10-09T21:42:25.469+0300: 328.295: Application time: 0.1793660 seconds
2024-10-09T21:42:25.469+0300: 328.296: [GC (Allocation Failure) 2024-10-09T21:42:25.469+0300: 328.296: [ParNew: 450826K->51072K(460096K), 0.0264926 secs] 5969592K->5573707K(8337536K), 0.0265784 secs] [Times: user=0.03 sys=0.00, real=0.01 secs] 
2024-10-09T21:42:25.484+0300: 328.322: Total time for which application threads were stopped: 0.0268660 seconds, Stopping threads took: 0.0001608 seconds
2024-10-09T21:42:25.657+0300: 328.496: Application time: 0.1732817 seconds
2024-10-09T21:42:25.657+0300: 328.496: [GC (Allocation Failure) 2024-10-09T21:42:25.657+0300: 328.496: [ParNew: 460096K->51072K(460096K), 0.0347966 secs] 5982731K->5594925K(8337536K), 0.0348847 secs] [Times: user=0.17 sys=0.00, real=0.05 secs] 
2024-10-09T21:42:25.704+0300: 328.531: Total time for which application threads were stopped: 0.0354068 seconds, Stopping threads took: 0.0003743 seconds
2024-10-09T21:42:25.877+0300: 328.702: Application time: 0.1714743 seconds
2024-10-09T21:42:25.877+0300: 328.703: [GC (Allocation Failure) 2024-10-09T21:42:25.877+0300: 328.703: [ParNew: 460096K->41895K(460096K), 0.0295741 secs] 6003949K->5607427K(8337536K), 0.0296658 secs] [Times: user=0.05 sys=0.00, real=0.01 secs] 
2024-10-09T21:42:25.892+0300: 328.732: Total time for which application threads were stopped: 0.0299497 seconds, Stopping threads took: 0.0001485 seconds
2024-10-09T21:42:26.081+0300: 328.907: Application time: 0.1745571 seconds
2024-10-09T21:42:26.081+0300: 328.907: [GC (Allocation Failure) 2024-10-09T21:42:26.081+0300: 328.907: [ParNew: 450919K->51072K(460096K), 0.0279779 secs] 6016451K->5626276K(8337536K), 0.0280703 secs] [Times: user=0.05 sys=0.00, real=0.03 secs] 
2024-10-09T21:42:26.108+0300: 328.935: Total time for which application threads were stopped: 0.0283678 seconds, Stopping threads took: 0.0001573 seconds
2024-10-09T21:42:26.269+0300: 329.100: Application time: 0.1648158 seconds
2024-10-09T21:42:26.269+0300: 329.100: [GC (Allocation Failure) 2024-10-09T21:42:26.269+0300: 329.100: [ParNew: 460096K->51072K(460096K), 0.0346730 secs] 6035300K->5647338K(8337536K), 0.0347652 secs] [Times: user=0.06 sys=0.00, real=0.04 secs] 
2024-10-09T21:42:26.308+0300: 329.135: Total time for which application threads were stopped: 0.0350381 seconds, Stopping threads took: 0.0001509 seconds
2024-10-09T21:42:26.457+0300: 329.293: Application time: 0.1581812 seconds
2024-10-09T21:42:26.457+0300: 329.294: [GC (Allocation Failure) 2024-10-09T21:42:26.457+0300: 329.294: [ParNew: 460096K->51072K(460096K), 0.0308470 secs] 6056362K->5669988K(8337536K), 0.0309370 secs] [Times: user=0.06 sys=0.00, real=0.03 secs] 
2024-10-09T21:42:26.489+0300: 329.325: Total time for which application threads were stopped: 0.0312450 seconds, Stopping threads took: 0.0001718 seconds
2024-10-09T21:42:26.677+0300: 329.512: Application time: 0.1872880 seconds
2024-10-09T21:42:26.677+0300: 329.512: [GC (Allocation Failure) 2024-10-09T21:42:26.677+0300: 329.512: [ParNew: 460096K->51072K(460096K), 0.0291204 secs] 6079012K->5680982K(8337536K), 0.0292225 secs] [Times: user=0.17 sys=0.00, real=0.03 secs] 
2024-10-09T21:42:26.709+0300: 329.541: Total time for which application threads were stopped: 0.0295207 seconds, Stopping threads took: 0.0001588 seconds
2024-10-09T21:42:26.881+0300: 329.707: Application time: 0.1651642 seconds
2024-10-09T21:42:26.881+0300: 329.707: [GC (Allocation Failure) 2024-10-09T21:42:26.881+0300: 329.707: [ParNew: 460096K->51072K(460096K), 0.0281564 secs] 6090006K->5692586K(8337536K), 0.0282468 secs] [Times: user=0.01 sys=0.00, real=0.01 secs] 
2024-10-09T21:42:26.896+0300: 329.735: Total time for which application threads were stopped: 0.0285154 seconds, Stopping threads took: 0.0001403 seconds
2024-10-09T21:42:27.054+0300: 329.892: Application time: 0.1572804 seconds
2024-10-09T21:42:27.054+0300: 329.893: [GC (Allocation Failure) 2024-10-09T21:42:27.054+0300: 329.893: [ParNew: 460096K->40735K(460096K), 0.0345594 secs] 6101610K->5716964K(8337536K), 0.0346438 secs] [Times: user=0.05 sys=0.00, real=0.05 secs] 
2024-10-09T21:42:27.100+0300: 329.927: Total time for which application threads were stopped: 0.0349036 seconds, Stopping threads took: 0.0001399 seconds
2024-10-09T21:42:27.273+0300: 330.113: Application time: 0.1859755 seconds
2024-10-09T21:42:27.273+0300: 330.114: [GC (Allocation Failure) 2024-10-09T21:42:27.273+0300: 330.114: [ParNew: 449759K->51072K(460096K), 0.0260310 secs] 6125988K->5729935K(8337536K), 0.0261223 secs] [Times: user=0.08 sys=0.00, real=0.04 secs] 
2024-10-09T21:42:27.310+0300: 330.140: Total time for which application threads were stopped: 0.0263947 seconds, Stopping threads took: 0.0001494 seconds
2024-10-09T21:42:27.477+0300: 330.313: Application time: 0.1733906 seconds
2024-10-09T21:42:27.477+0300: 330.313: [GC (Allocation Failure) 2024-10-09T21:42:27.477+0300: 330.313: [ParNew: 460096K->51072K(460096K), 0.0295318 secs] 6138959K->5742060K(8337536K), 0.0296142 secs] [Times: user=0.03 sys=0.00, real=0.03 secs] 
2024-10-09T21:42:27.511+0300: 330.343: Total time for which application threads were stopped: 0.0299296 seconds, Stopping threads took: 0.0001853 seconds
2024-10-09T21:42:27.665+0300: 330.502: Application time: 0.1588037 seconds
2024-10-09T21:42:27.665+0300: 330.502: [GC (Allocation Failure) 2024-10-09T21:42:27.665+0300: 330.502: [ParNew: 460096K->49782K(460096K), 0.0393430 secs] 6151084K->5772874K(8337536K), 0.0394375 secs] [Times: user=0.22 sys=0.00, real=0.05 secs] 
2024-10-09T21:42:27.712+0300: 330.542: Total time for which application threads were stopped: 0.0396934 seconds, Stopping threads took: 0.0001217 seconds
2024-10-09T21:42:27.885+0300: 330.723: Application time: 0.1811361 seconds
2024-10-09T21:42:27.885+0300: 330.723: [GC (Allocation Failure) 2024-10-09T21:42:27.885+0300: 330.723: [ParNew: 458806K->51072K(460096K), 0.0261579 secs] 6181898K->5777272K(8337536K), 0.0262322 secs] [Times: user=0.03 sys=0.00, real=0.03 secs] 
2024-10-09T21:42:27.916+0300: 330.749: Total time for which application threads were stopped: 0.0265004 seconds, Stopping threads took: 0.0001343 seconds
2024-10-09T21:42:28.074+0300: 330.914: Application time: 0.1646450 seconds
2024-10-09T21:42:28.074+0300: 330.914: [GC (Allocation Failure) 2024-10-09T21:42:28.074+0300: 330.914: [ParNew: 460096K->51072K(460096K), 0.0332512 secs] 6186296K->5795413K(8337536K), 0.0333361 secs] [Times: user=0.03 sys=0.00, real=0.05 secs] 
2024-10-09T21:42:28.121+0300: 330.948: Total time for which application threads were stopped: 0.0336864 seconds, Stopping threads took: 0.0002257 seconds
2024-10-09T21:42:28.278+0300: 331.105: Application time: 0.1578211 seconds
2024-10-09T21:42:28.278+0300: 331.106: [GC (Allocation Failure) 2024-10-09T21:42:28.278+0300: 331.106: [ParNew: 460096K->49851K(460096K), 0.0324547 secs] 6204437K->5820974K(8337536K), 0.0325376 secs] [Times: user=0.03 sys=0.00, real=0.03 secs] 
2024-10-09T21:42:28.309+0300: 331.138: Total time for which application threads were stopped: 0.0327650 seconds, Stopping threads took: 0.0001124 seconds
2024-10-09T21:42:28.482+0300: 331.318: Application time: 0.1796630 seconds
2024-10-09T21:42:28.482+0300: 331.318: [GC (Allocation Failure) 2024-10-09T21:42:28.482+0300: 331.318: [ParNew: 458875K->43417K(460096K), 0.0294608 secs] 6229998K->5831744K(8337536K), 0.0295537 secs] [Times: user=0.03 sys=0.00, real=0.03 secs] 
2024-10-09T21:42:28.513+0300: 331.348: Total time for which application threads were stopped: 0.0298380 seconds, Stopping threads took: 0.0001538 seconds
2024-10-09T21:42:28.686+0300: 331.524: Application time: 0.1768305 seconds
2024-10-09T21:42:28.686+0300: 331.525: [GC (Allocation Failure) 2024-10-09T21:42:28.686+0300: 331.525: [ParNew: 452441K->51072K(460096K), 0.0280680 secs] 6240768K->5847260K(8337536K), 0.0281645 secs] [Times: user=0.09 sys=0.00, real=0.04 secs] 
2024-10-09T21:42:28.727+0300: 331.553: Total time for which application threads were stopped: 0.0285217 seconds, Stopping threads took: 0.0002212 seconds
2024-10-09T21:42:28.875+0300: 331.708: Application time: 0.1551370 seconds
2024-10-09T21:42:28.875+0300: 331.708: [GC (Allocation Failure) 2024-10-09T21:42:28.875+0300: 331.708: [ParNew: 460096K->48122K(460096K), 0.0375241 secs] 6256284K->5877408K(8337536K), 0.0376092 secs] [Times: user=0.05 sys=0.00, real=0.04 secs] 
2024-10-09T21:42:28.914+0300: 331.746: Total time for which application threads were stopped: 0.0379225 seconds, Stopping threads took: 0.0001668 seconds
2024-10-09T21:42:29.094+0300: 331.923: Application time: 0.1773539 seconds
2024-10-09T21:42:29.094+0300: 331.924: [GC (Allocation Failure) 2024-10-09T21:42:29.094+0300: 331.924: [ParNew: 457146K->51072K(460096K), 0.0304835 secs] 6286432K->5902794K(8337536K), 0.0305685 secs] [Times: user=0.05 sys=0.00, real=0.03 secs] 
2024-10-09T21:42:29.126+0300: 331.954: Total time for which application threads were stopped: 0.0308246 seconds, Stopping threads took: 0.0001154 seconds
2024-10-09T21:42:29.299+0300: 332.130: Application time: 0.1760019 seconds
2024-10-09T21:42:29.299+0300: 332.130: [GC (Allocation Failure) 2024-10-09T21:42:29.299+0300: 332.130: [ParNew: 460096K->51072K(460096K), 0.0291245 secs] 6311818K->5914410K(8337536K), 0.0292012 secs] [Times: user=0.05 sys=0.00, real=0.03 secs] 
2024-10-09T21:42:29.330+0300: 332.160: Total time for which application threads were stopped: 0.0294573 seconds, Stopping threads took: 0.0001314 seconds
2024-10-09T21:42:29.487+0300: 332.319: Application time: 0.1591600 seconds
2024-10-09T21:42:29.487+0300: 332.319: [GC (Allocation Failure) 2024-10-09T21:42:29.487+0300: 332.319: [ParNew: 460096K->51072K(460096K), 0.0362447 secs] 6323434K->5936755K(8337536K), 0.0363265 secs] [Times: user=0.06 sys=0.00, real=0.03 secs] 
2024-10-09T21:42:29.519+0300: 332.355: Total time for which application threads were stopped: 0.0365918 seconds, Stopping threads took: 0.0001354 seconds
2024-10-09T21:42:29.691+0300: 332.527: Application time: 0.1715163 seconds
2024-10-09T21:42:29.691+0300: 332.527: [GC (Allocation Failure) 2024-10-09T21:42:29.691+0300: 332.527: [ParNew: 460096K->46164K(460096K), 0.0322375 secs] 6345779K->5953401K(8337536K), 0.0323178 secs] [Times: user=0.20 sys=0.00, real=0.03 secs] 
2024-10-09T21:42:29.722+0300: 332.560: Total time for which application threads were stopped: 0.0325892 seconds, Stopping threads took: 0.0001503 seconds
2024-10-09T21:42:29.894+0300: 332.735: Application time: 0.1756485 seconds
2024-10-09T21:42:29.894+0300: 332.735: [GC (Allocation Failure) 2024-10-09T21:42:29.894+0300: 332.736: [ParNew: 455188K->51072K(460096K), 0.0333644 secs] 6362425K->5977811K(8337536K), 0.0334556 secs] [Times: user=0.11 sys=0.00, real=0.05 secs] 
2024-10-09T21:42:29.942+0300: 332.769: Total time for which application threads were stopped: 0.0337558 seconds, Stopping threads took: 0.0001676 seconds
2024-10-09T21:42:30.098+0300: 332.928: Application time: 0.1591345 seconds
2024-10-09T21:42:30.098+0300: 332.928: [GC (Allocation Failure) 2024-10-09T21:42:30.098+0300: 332.928: [ParNew: 460096K->51072K(460096K), 0.0302799 secs] 6386835K->5991052K(8337536K), 0.0303803 secs] [Times: user=0.06 sys=0.00, real=0.03 secs] 
2024-10-09T21:42:30.130+0300: 332.959: Total time for which application threads were stopped: 0.0306699 seconds, Stopping threads took: 0.0001624 seconds
2024-10-09T21:42:30.287+0300: 333.128: Application time: 0.1687508 seconds
2024-10-09T21:42:30.287+0300: 333.128: [GC (Allocation Failure) 2024-10-09T21:42:30.287+0300: 333.128: [ParNew: 460096K->42078K(460096K), 0.0347079 secs] 6400076K->6009339K(8337536K), 0.0348051 secs] [Times: user=0.12 sys=0.00, real=0.05 secs] 
2024-10-09T21:42:30.334+0300: 333.163: Total time for which application threads were stopped: 0.0350862 seconds, Stopping threads took: 0.0001480 seconds
2024-10-09T21:42:30.518+0300: 333.347: Application time: 0.1842516 seconds
2024-10-09T21:42:30.518+0300: 333.347: [GC (Allocation Failure) 2024-10-09T21:42:30.518+0300: 333.347: [ParNew: 451102K->44452K(460096K), 0.0311846 secs] 6418363K->6031351K(8337536K), 0.0312904 secs] [Times: user=0.11 sys=0.00, real=0.02 secs] 
2024-10-09T21:42:30.538+0300: 333.378: Total time for which application threads were stopped: 0.0315545 seconds, Stopping threads took: 0.0001287 seconds
2024-10-09T21:42:30.727+0300: 333.559: Application time: 0.1809824 seconds
2024-10-09T21:42:30.727+0300: 333.560: [GC (Allocation Failure) 2024-10-09T21:42:30.727+0300: 333.560: [ParNew: 453476K->51072K(460096K), 0.0272298 secs] 6440375K->6046806K(8337536K), 0.0273250 secs] [Times: user=0.16 sys=0.00, real=0.03 secs] 
2024-10-09T21:42:30.758+0300: 333.587: Total time for which application threads were stopped: 0.0277142 seconds, Stopping threads took: 0.0002576 seconds
2024-10-09T21:42:30.931+0300: 333.760: Application time: 0.1732535 seconds
2024-10-09T21:42:30.931+0300: 333.761: [GC (Allocation Failure) 2024-10-09T21:42:30.931+0300: 333.761: [ParNew: 460096K->47544K(460096K), 0.0311112 secs] 6455830K->6062511K(8337536K), 0.0312012 secs] [Times: user=0.16 sys=0.00, real=0.03 secs] 
2024-10-09T21:42:30.962+0300: 333.792: Total time for which application threads were stopped: 0.0314605 seconds, Stopping threads took: 0.0001232 seconds
2024-10-09T21:42:31.135+0300: 333.970: Application time: 0.1781518 seconds
2024-10-09T21:42:31.135+0300: 333.970: [GC (Allocation Failure) 2024-10-09T21:42:31.135+0300: 333.970: [ParNew: 456568K->51072K(460096K), 0.0312018 secs] 6471535K->6086306K(8337536K), 0.0312900 secs] [Times: user=0.17 sys=0.00, real=0.03 secs] 
2024-10-09T21:42:31.166+0300: 334.002: Total time for which application threads were stopped: 0.0315428 seconds, Stopping threads took: 0.0001102 seconds
2024-10-09T21:42:31.339+0300: 334.175: Application time: 0.1737510 seconds
2024-10-09T21:42:31.339+0300: 334.176: [GC (Allocation Failure) 2024-10-09T21:42:31.339+0300: 334.176: [ParNew: 460096K->51072K(460096K), 0.0290033 secs] 6495330K->6099656K(8337536K), 0.0291141 secs] [Times: user=0.14 sys=0.00, real=0.03 secs] 
2024-10-09T21:42:31.370+0300: 334.205: Total time for which application threads were stopped: 0.0295327 seconds, Stopping threads took: 0.0002750 seconds
2024-10-09T21:42:31.543+0300: 334.379: Application time: 0.1744470 seconds
2024-10-09T21:42:31.543+0300: 334.380: [GC (Allocation Failure) 2024-10-09T21:42:31.543+0300: 334.380: [ParNew: 460096K->51072K(460096K), 0.0326015 secs] 6508680K->6119391K(8337536K), 0.0326925 secs] [Times: user=0.14 sys=0.00, real=0.04 secs] 
2024-10-09T21:42:31.585+0300: 334.412: Total time for which application threads were stopped: 0.0329567 seconds, Stopping threads took: 0.0001134 seconds
2024-10-09T21:42:31.763+0300: 334.591: Application time: 0.1784674 seconds
2024-10-09T21:42:31.763+0300: 334.591: [GC (Allocation Failure) 2024-10-09T21:42:31.763+0300: 334.591: [ParNew: 460096K->49850K(460096K), 0.0319270 secs] 6528415K->6140185K(8337536K), 0.0320275 secs] [Times: user=0.17 sys=0.00, real=0.03 secs] 
2024-10-09T21:42:31.794+0300: 334.623: Total time for which application threads were stopped: 0.0322894 seconds, Stopping threads took: 0.0001235 seconds
2024-10-09T21:42:31.951+0300: 334.785: Application time: 0.1623477 seconds
2024-10-09T21:42:31.951+0300: 334.786: [GC (Allocation Failure) 2024-10-09T21:42:31.951+0300: 334.786: [ParNew: 458874K->51072K(460096K), 0.0290226 secs] 6549209K->6155787K(8337536K), 0.0291297 secs] [Times: user=0.17 sys=0.00, real=0.03 secs] 
2024-10-09T21:42:31.982+0300: 334.815: Total time for which application threads were stopped: 0.0294434 seconds, Stopping threads took: 0.0001664 seconds
2024-10-09T21:42:32.155+0300: 334.988: Application time: 0.1729585 seconds
2024-10-09T21:42:32.155+0300: 334.988: [GC (Allocation Failure) 2024-10-09T21:42:32.155+0300: 334.988: [ParNew: 460096K->48407K(460096K), 0.0322630 secs] 6564811K->6172665K(8337536K), 0.0323533 secs] [Times: user=0.17 sys=0.02, real=0.04 secs] 
2024-10-09T21:42:32.193+0300: 335.020: Total time for which application threads were stopped: 0.0326136 seconds, Stopping threads took: 0.0001335 seconds
2024-10-09T21:42:32.359+0300: 335.192: Application time: 0.1718192 seconds
2024-10-09T21:42:32.359+0300: 335.192: [GC (Allocation Failure) 2024-10-09T21:42:32.359+0300: 335.192: [ParNew: 457431K->51072K(460096K), 0.0296239 secs] 6581689K->6191943K(8337536K), 0.0297405 secs] [Times: user=0.17 sys=0.00, real=0.03 secs] 
2024-10-09T21:42:32.391+0300: 335.222: Total time for which application threads were stopped: 0.0300144 seconds, Stopping threads took: 0.0001207 seconds
2024-10-09T21:42:32.548+0300: 335.384: Application time: 0.1616063 seconds
2024-10-09T21:42:32.548+0300: 335.384: [GC (Allocation Failure) 2024-10-09T21:42:32.548+0300: 335.384: [ParNew: 460096K->51072K(460096K), 0.0296859 secs] 6600967K->6208966K(8337536K), 0.0297835 secs] [Times: user=0.11 sys=0.00, real=0.03 secs] 
2024-10-09T21:42:32.579+0300: 335.414: Total time for which application threads were stopped: 0.0301733 seconds, Stopping threads took: 0.0002511 seconds
2024-10-09T21:42:32.767+0300: 335.596: Application time: 0.1817927 seconds
2024-10-09T21:42:32.767+0300: 335.596: [GC (Allocation Failure) 2024-10-09T21:42:32.767+0300: 335.596: [ParNew: 460096K->51072K(460096K), 0.0297106 secs] 6617990K->6225095K(8337536K), 0.0298299 secs] [Times: user=0.19 sys=0.00, real=0.03 secs] 
2024-10-09T21:42:32.800+0300: 335.626: Total time for which application threads were stopped: 0.0301660 seconds, Stopping threads took: 0.0001979 seconds
2024-10-09T21:42:32.972+0300: 335.807: Application time: 0.1805768 seconds
2024-10-09T21:42:32.972+0300: 335.807: [GC (Allocation Failure) 2024-10-09T21:42:32.972+0300: 335.807: [ParNew: 460096K->51072K(460096K), 0.0292108 secs] 6634119K->6241218K(8337536K), 0.0293006 secs] [Times: user=0.16 sys=0.02, real=0.03 secs] 
2024-10-09T21:42:33.003+0300: 335.836: Total time for which application threads were stopped: 0.0296602 seconds, Stopping threads took: 0.0002140 seconds
2024-10-09T21:42:33.176+0300: 336.005: Application time: 0.1690673 seconds
2024-10-09T21:42:33.176+0300: 336.006: [GC (Allocation Failure) 2024-10-09T21:42:33.176+0300: 336.006: [ParNew: 460096K->51072K(460096K), 0.0345966 secs] 6650242K->6264850K(8337536K), 0.0346961 secs] [Times: user=0.14 sys=0.00, real=0.03 secs] 
2024-10-09T21:42:33.207+0300: 336.040: Total time for which application threads were stopped: 0.0350108 seconds, Stopping threads took: 0.0001766 seconds
2024-10-09T21:42:33.380+0300: 336.214: Application time: 0.1734642 seconds
2024-10-09T21:42:33.380+0300: 336.214: [GC (Allocation Failure) 2024-10-09T21:42:33.380+0300: 336.214: [ParNew: 460096K->48954K(460096K), 0.0341194 secs] 6673874K->6285929K(8337536K), 0.0342164 secs] [Times: user=0.16 sys=0.00, real=0.04 secs] 
2024-10-09T21:42:33.422+0300: 336.248: Total time for which application threads were stopped: 0.0344846 seconds, Stopping threads took: 0.0001367 seconds
2024-10-09T21:42:33.584+0300: 336.418: Application time: 0.1696099 seconds
2024-10-09T21:42:33.584+0300: 336.418: [GC (Allocation Failure) 2024-10-09T21:42:33.584+0300: 336.418: [ParNew: 457978K->51072K(460096K), 0.0295890 secs] 6694953K->6302382K(8337536K), 0.0297008 secs] [Times: user=0.14 sys=0.02, real=0.03 secs] 
2024-10-09T21:42:33.615+0300: 336.448: Total time for which application threads were stopped: 0.0299654 seconds, Stopping threads took: 0.0001171 seconds
2024-10-09T21:42:33.787+0300: 336.621: Application time: 0.1728779 seconds
2024-10-09T21:42:33.787+0300: 336.621: [GC (Allocation Failure) 2024-10-09T21:42:33.787+0300: 336.621: [ParNew: 460096K->51072K(460096K), 0.0327526 secs] 6711406K->6325853K(8337536K), 0.0328413 secs] [Times: user=0.22 sys=0.00, real=0.04 secs] 
2024-10-09T21:42:33.825+0300: 336.654: Total time for which application threads were stopped: 0.0331471 seconds, Stopping threads took: 0.0001706 seconds
2024-10-09T21:42:33.995+0300: 336.827: Application time: 0.1733143 seconds
2024-10-09T21:42:33.995+0300: 336.827: [GC (Allocation Failure) 2024-10-09T21:42:33.995+0300: 336.827: [ParNew: 460096K->51072K(460096K), 0.0376881 secs] 6734877K->6354655K(8337536K), 0.0377863 secs] [Times: user=0.17 sys=0.00, real=0.04 secs] 
2024-10-09T21:42:34.039+0300: 336.865: Total time for which application threads were stopped: 0.0380449 seconds, Stopping threads took: 0.0001332 seconds
2024-10-09T21:42:34.212+0300: 337.040: Application time: 0.1751130 seconds
2024-10-09T21:42:34.212+0300: 337.041: [GC (Allocation Failure) 2024-10-09T21:42:34.212+0300: 337.041: [ParNew: 460096K->51072K(460096K), 0.0332505 secs] 6763679K->6376468K(8337536K), 0.0333484 secs] [Times: user=0.16 sys=0.00, real=0.03 secs] 
2024-10-09T21:42:34.243+0300: 337.074: Total time for which application threads were stopped: 0.0335952 seconds, Stopping threads took: 0.0001160 seconds
2024-10-09T21:42:34.400+0300: 337.235: Application time: 0.1615312 seconds
2024-10-09T21:42:34.400+0300: 337.236: [GC (Allocation Failure) 2024-10-09T21:42:34.400+0300: 337.236: [ParNew: 460096K->49687K(460096K), 0.0292718 secs] 6785492K->6393093K(8337536K), 0.0293778 secs] [Times: user=0.05 sys=0.00, real=0.03 secs] 
2024-10-09T21:42:34.432+0300: 337.265: Total time for which application threads were stopped: 0.0296891 seconds, Stopping threads took: 0.0001758 seconds
2024-10-09T21:42:34.620+0300: 337.448: Application time: 0.1825373 seconds
2024-10-09T21:42:34.620+0300: 337.448: [GC (Allocation Failure) 2024-10-09T21:42:34.620+0300: 337.448: [ParNew: 458711K->51072K(460096K), 0.0307916 secs] 6802117K->6411800K(8337536K), 0.0308741 secs] [Times: user=0.05 sys=0.00, real=0.03 secs] 
2024-10-09T21:42:34.652+0300: 337.479: Total time for which application threads were stopped: 0.0311665 seconds, Stopping threads took: 0.0001670 seconds
2024-10-09T21:42:34.856+0300: 337.684: Application time: 0.2050087 seconds
2024-10-09T21:42:34.856+0300: 337.684: [GC (Allocation Failure) 2024-10-09T21:42:34.856+0300: 337.684: [ParNew: 460096K->51072K(460096K), 0.0371385 secs] 6820824K->6428021K(8337536K), 0.0372527 secs] [Times: user=0.19 sys=0.00, real=0.03 secs] 
2024-10-09T21:42:34.887+0300: 337.721: Total time for which application threads were stopped: 0.0375541 seconds, Stopping threads took: 0.0001480 seconds
2024-10-09T21:42:35.075+0300: 337.908: Application time: 0.1861260 seconds
2024-10-09T21:42:35.075+0300: 337.908: [GC (Allocation Failure) 2024-10-09T21:42:35.075+0300: 337.908: [ParNew: 460096K->39341K(460096K), 0.0371662 secs] 6837045K->6447688K(8337536K), 0.0372658 secs] [Times: user=0.12 sys=0.00, real=0.03 secs] 
2024-10-09T21:42:35.107+0300: 337.945: Total time for which application threads were stopped: 0.0375324 seconds, Stopping threads took: 0.0001230 seconds
2024-10-09T21:42:35.295+0300: 338.125: Application time: 0.1803722 seconds
2024-10-09T21:42:35.295+0300: 338.126: [GC (Allocation Failure) 2024-10-09T21:42:35.295+0300: 338.126: [ParNew: 448365K->51072K(460096K), 0.0284093 secs] 6856712K->6464053K(8337536K), 0.0284971 secs] [Times: user=0.19 sys=0.00, real=0.03 secs] 
2024-10-09T21:42:35.328+0300: 338.154: Total time for which application threads were stopped: 0.0287973 seconds, Stopping threads took: 0.0001596 seconds
2024-10-09T21:42:35.484+0300: 338.321: Application time: 0.1670309 seconds
2024-10-09T21:42:35.484+0300: 338.322: [GC (Allocation Failure) 2024-10-09T21:42:35.484+0300: 338.322: [ParNew: 460096K->51072K(460096K), 0.0369647 secs] 6873077K->6492833K(8337536K), 0.0370564 secs] [Times: user=0.20 sys=0.00, real=0.05 secs] 
2024-10-09T21:42:35.531+0300: 338.359: Total time for which application threads were stopped: 0.0374006 seconds, Stopping threads took: 0.0001901 seconds
2024-10-09T21:42:35.704+0300: 338.536: Application time: 0.1774978 seconds
2024-10-09T21:42:35.704+0300: 338.536: [GC (Allocation Failure) 2024-10-09T21:42:35.704+0300: 338.536: [ParNew: 460096K->51072K(460096K), 0.0350109 secs] 6901857K->6520782K(8337536K), 0.0351163 secs] [Times: user=0.12 sys=0.00, real=0.03 secs] 
2024-10-09T21:42:35.735+0300: 338.572: Total time for which application threads were stopped: 0.0353690 seconds, Stopping threads took: 0.0001060 seconds
2024-10-09T21:42:35.923+0300: 338.752: Application time: 0.1804444 seconds
2024-10-09T21:42:35.923+0300: 338.752: [GC (Allocation Failure) 2024-10-09T21:42:35.923+0300: 338.752: [ParNew: 460096K->51072K(460096K), 0.0292786 secs] 6929806K->6526849K(8337536K), 0.0293711 secs] [Times: user=0.06 sys=0.00, real=0.03 secs] 
2024-10-09T21:42:35.954+0300: 338.782: Total time for which application threads were stopped: 0.0296471 seconds, Stopping threads took: 0.0001379 seconds
2024-10-09T21:42:36.111+0300: 338.940: Application time: 0.1579171 seconds
2024-10-09T21:42:36.111+0300: 338.940: [GC (Allocation Failure) 2024-10-09T21:42:36.111+0300: 338.940: [ParNew: 460096K->51072K(460096K), 0.0341368 secs] 6935873K->6551672K(8337536K), 0.0342348 secs] [Times: user=0.03 sys=0.00, real=0.03 secs] 
2024-10-09T21:42:36.143+0300: 338.974: Total time for which application threads were stopped: 0.0345514 seconds, Stopping threads took: 0.0001746 seconds
2024-10-09T21:42:36.316+0300: 339.144: Application time: 0.1702562 seconds
2024-10-09T21:42:36.316+0300: 339.145: [GC (Allocation Failure) 2024-10-09T21:42:36.316+0300: 339.145: [ParNew: 460096K->46479K(460096K), 0.0315827 secs] 6960696K->6573411K(8337536K), 0.0316747 secs] [Times: user=0.05 sys=0.00, real=0.03 secs] 
2024-10-09T21:42:36.347+0300: 339.176: Total time for which application threads were stopped: 0.0319318 seconds, Stopping threads took: 0.0001347 seconds
2024-10-09T21:42:36.531+0300: 339.359: Application time: 0.1831038 seconds
2024-10-09T21:42:36.531+0300: 339.360: [GC (Allocation Failure) 2024-10-09T21:42:36.531+0300: 339.360: [ParNew: 455503K->51072K(460096K), 0.0260270 secs] 6982435K->6580560K(8337536K), 0.0260981 secs] [Times: user=0.05 sys=0.00, real=0.02 secs] 
2024-10-09T21:42:36.551+0300: 339.386: Total time for which application threads were stopped: 0.0263511 seconds, Stopping threads took: 0.0001401 seconds
2024-10-09T21:42:36.708+0300: 339.547: Application time: 0.1608537 seconds
2024-10-09T21:42:36.708+0300: 339.547: [GC (Allocation Failure) 2024-10-09T21:42:36.708+0300: 339.547: [ParNew: 460096K->51072K(460096K), 0.0326621 secs] 6989584K->6603387K(8337536K), 0.0327575 secs] [Times: user=0.19 sys=0.00, real=0.05 secs] 
2024-10-09T21:42:36.753+0300: 339.580: Total time for which application threads were stopped: 0.0330464 seconds, Stopping threads took: 0.0001531 seconds
2024-10-09T21:42:36.928+0300: 339.754: Application time: 0.1743868 seconds
2024-10-09T21:42:36.928+0300: 339.754: [GC (Allocation Failure) 2024-10-09T21:42:36.928+0300: 339.754: [ParNew: 460096K->42427K(460096K), 0.0325509 secs] 7012411K->6625508K(8337536K), 0.0326370 secs] [Times: user=0.06 sys=0.00, real=0.03 secs] 
2024-10-09T21:42:36.960+0300: 339.787: Total time for which application threads were stopped: 0.0328852 seconds, Stopping threads took: 0.0001295 seconds
2024-10-09T21:42:37.132+0300: 339.973: Application time: 0.1855208 seconds
2024-10-09T21:42:37.132+0300: 339.973: [GC (Allocation Failure) 2024-10-09T21:42:37.132+0300: 339.973: [ParNew: 451451K->51072K(460096K), 0.0255855 secs] 7034532K->6635987K(8337536K), 0.0256899 secs] [Times: user=0.06 sys=0.00, real=0.03 secs] 
2024-10-09T21:42:37.163+0300: 339.998: Total time for which application threads were stopped: 0.0259375 seconds, Stopping threads took: 0.0000818 seconds
2024-10-09T21:42:37.320+0300: 340.152: Application time: 0.1533583 seconds
2024-10-09T21:42:37.320+0300: 340.152: [GC (Allocation Failure) 2024-10-09T21:42:37.320+0300: 340.152: [ParNew: 460096K->51072K(460096K), 0.0307865 secs] 7045011K->6653793K(8337536K), 0.0308824 secs] [Times: user=0.05 sys=0.00, real=0.03 secs] 
2024-10-09T21:42:37.352+0300: 340.183: Total time for which application threads were stopped: 0.0311876 seconds, Stopping threads took: 0.0001761 seconds
2024-10-09T21:42:37.524+0300: 340.353: Application time: 0.1696712 seconds
2024-10-09T21:42:37.524+0300: 340.353: [GC (Allocation Failure) 2024-10-09T21:42:37.524+0300: 340.353: [ParNew: 460096K->39653K(460096K), 0.0330967 secs] 7062817K->6677164K(8337536K), 0.0331949 secs] [Times: user=0.05 sys=0.00, real=0.03 secs] 
2024-10-09T21:42:37.556+0300: 340.386: Total time for which application threads were stopped: 0.0334368 seconds, Stopping threads took: 0.0001208 seconds
2024-10-09T21:42:37.744+0300: 340.582: Application time: 0.1959533 seconds
2024-10-09T21:42:37.744+0300: 340.582: [GC (Allocation Failure) 2024-10-09T21:42:37.744+0300: 340.582: [ParNew: 448677K->51072K(460096K), 0.0266479 secs] 7086188K->6692217K(8337536K), 0.0267492 secs] [Times: user=0.19 sys=0.00, real=0.03 secs] 
2024-10-09T21:42:37.776+0300: 340.609: Total time for which application threads were stopped: 0.0270045 seconds, Stopping threads took: 0.0001161 seconds
2024-10-09T21:42:37.934+0300: 340.768: Application time: 0.1589716 seconds
2024-10-09T21:42:37.934+0300: 340.768: [GC (Allocation Failure) 2024-10-09T21:42:37.934+0300: 340.768: [ParNew: 460096K->51072K(460096K), 0.0353571 secs] 7101241K->6711485K(8337536K), 0.0354602 secs] [Times: user=0.06 sys=0.00, real=0.03 secs] 
2024-10-09T21:42:37.964+0300: 340.804: Total time for which application threads were stopped: 0.0357280 seconds, Stopping threads took: 0.0001374 seconds
2024-10-09T21:42:38.134+0300: 340.962: Application time: 0.1582266 seconds
2024-10-09T21:42:38.134+0300: 340.962: [GC (Allocation Failure) 2024-10-09T21:42:38.134+0300: 340.962: [ParNew: 460096K->45291K(460096K), 0.0324405 secs] 7120509K->6739200K(8337536K), 0.0325315 secs] [Times: user=0.05 sys=0.00, real=0.03 secs] 
2024-10-09T21:42:38.168+0300: 340.995: Total time for which application threads were stopped: 0.0327610 seconds, Stopping threads took: 0.0001122 seconds
2024-10-09T21:42:38.341+0300: 341.180: Application time: 0.1847397 seconds
2024-10-09T21:42:38.341+0300: 341.180: [GC (Allocation Failure) 2024-10-09T21:42:38.341+0300: 341.180: [ParNew: 454315K->51072K(460096K), 0.0254356 secs] 7148224K->6747127K(8337536K), 0.0255258 secs] [Times: user=0.06 sys=0.00, real=0.03 secs] 
2024-10-09T21:42:38.372+0300: 341.205: Total time for which application threads were stopped: 0.0258001 seconds, Stopping threads took: 0.0001329 seconds
2024-10-09T21:42:38.535+0300: 341.366: Application time: 0.1609917 seconds
2024-10-09T21:42:38.535+0300: 341.367: [GC (Allocation Failure) 2024-10-09T21:42:38.535+0300: 341.367: [ParNew: 460096K->51072K(460096K), 0.0379778 secs] 7156151K->6766251K(8337536K), 0.0380851 secs] [Times: user=0.01 sys=0.00, real=0.04 secs] 
2024-10-09T21:42:38.577+0300: 341.405: Total time for which application threads were stopped: 0.0384153 seconds, Stopping threads took: 0.0001911 seconds
2024-10-09T21:42:38.733+0300: 341.561: Application time: 0.1564002 seconds
2024-10-09T21:42:38.733+0300: 341.561: [GC (Allocation Failure) 2024-10-09T21:42:38.733+0300: 341.561: [ParNew: 460096K->44205K(460096K), 0.0342582 secs] 7175275K->6797394K(8337536K), 0.0343497 secs] [Times: user=0.08 sys=0.00, real=0.03 secs] 
2024-10-09T21:42:38.765+0300: 341.596: Total time for which application threads were stopped: 0.0346659 seconds, Stopping threads took: 0.0001822 seconds
2024-10-09T21:42:38.953+0300: 341.787: Application time: 0.1911577 seconds
2024-10-09T21:42:38.953+0300: 341.787: [GC (Allocation Failure) 2024-10-09T21:42:38.953+0300: 341.787: [ParNew: 453229K->51072K(460096K), 0.0255214 secs] 7206418K->6806644K(8337536K), 0.0256029 secs] [Times: user=0.05 sys=0.00, real=0.03 secs] 
2024-10-09T21:42:38.985+0300: 341.813: Total time for which application threads were stopped: 0.0258390 seconds, Stopping threads took: 0.0001160 seconds
2024-10-09T21:42:39.157+0300: 341.988: Application time: 0.1754159 seconds
2024-10-09T21:42:39.157+0300: 341.988: [GC (Allocation Failure) 2024-10-09T21:42:39.157+0300: 341.988: [ParNew: 460096K->51072K(460096K), 0.0336390 secs] 7215668K->6821861K(8337536K), 0.0337307 secs] [Times: user=0.05 sys=0.00, real=0.03 secs] 
2024-10-09T21:42:39.189+0300: 342.022: Total time for which application threads were stopped: 0.0339778 seconds, Stopping threads took: 0.0001153 seconds
2024-10-09T21:42:39.337+0300: 342.169: Application time: 0.1468156 seconds
2024-10-09T21:42:39.337+0300: 342.169: [GC (Allocation Failure) 2024-10-09T21:42:39.337+0300: 342.169: [ParNew: 460096K->46437K(460096K), 0.0347198 secs] 7230885K->6851758K(8337536K), 0.0348131 secs] [Times: user=0.02 sys=0.00, real=0.04 secs] 
2024-10-09T21:42:39.377+0300: 342.204: Total time for which application threads were stopped: 0.0351804 seconds, Stopping threads took: 0.0002443 seconds
2024-10-09T21:42:39.565+0300: 342.392: Application time: 0.1882880 seconds
2024-10-09T21:42:39.565+0300: 342.393: [GC (Allocation Failure) 2024-10-09T21:42:39.565+0300: 342.393: [ParNew: 455461K->51072K(460096K), 0.0257328 secs] 7260782K->6858618K(8337536K), 0.0258180 secs] [Times: user=0.05 sys=0.00, real=0.02 secs] 
2024-10-09T21:42:39.581+0300: 342.419: Total time for which application threads were stopped: 0.0260547 seconds, Stopping threads took: 0.0001148 seconds
2024-10-09T21:42:39.769+0300: 342.601: Application time: 0.1827531 seconds
2024-10-09T21:42:39.769+0300: 342.602: [GC (Allocation Failure) 2024-10-09T21:42:39.769+0300: 342.602: [ParNew: 460096K->51072K(460096K), 0.0326115 secs] 7267642K->6874925K(8337536K), 0.0327108 secs] [Times: user=0.09 sys=0.00, real=0.03 secs] 
2024-10-09T21:42:39.800+0300: 342.634: Total time for which application threads were stopped: 0.0330164 seconds, Stopping threads took: 0.0001502 seconds
2024-10-09T21:42:39.957+0300: 342.784: Application time: 0.1499213 seconds
2024-10-09T21:42:39.957+0300: 342.784: [GC (Allocation Failure) 2024-10-09T21:42:39.957+0300: 342.786: [ParNew: 460096K->45743K(460096K), 0.0327404 secs] 7283949K->6897245K(8337536K), 0.0341415 secs] [Times: user=0.03 sys=0.00, real=0.03 secs] 
2024-10-09T21:42:39.989+0300: 342.819: Total time for which application threads were stopped: 0.0343676 seconds, Stopping threads took: 0.0001123 seconds
2024-10-09T21:42:40.161+0300: 343.000: Application time: 0.1810577 seconds
2024-10-09T21:42:40.161+0300: 343.000: [GC (Allocation Failure) 2024-10-09T21:42:40.161+0300: 343.000: [ParNew: 454767K->48965K(460096K), 0.0287915 secs] 7306269K->6918428K(8337536K), 0.0288911 secs] [Times: user=0.02 sys=0.00, real=0.03 secs] 
2024-10-09T21:42:40.193+0300: 343.029: Total time for which application threads were stopped: 0.0291397 seconds, Stopping threads took: 0.0001275 seconds
2024-10-09T21:42:40.365+0300: 343.204: Application time: 0.1753084 seconds
2024-10-09T21:42:40.365+0300: 343.204: [GC (Allocation Failure) 2024-10-09T21:42:40.365+0300: 343.204: [ParNew: 457989K->51072K(460096K), 0.0285376 secs] 7327452K->6930570K(8337536K), 0.0286428 secs] [Times: user=0.03 sys=0.00, real=0.03 secs] 
2024-10-09T21:42:40.397+0300: 343.233: Total time for which application threads were stopped: 0.0289713 seconds, Stopping threads took: 0.0001753 seconds
2024-10-09T21:42:40.554+0300: 343.384: Application time: 0.1509741 seconds
2024-10-09T21:42:40.554+0300: 343.384: [GC (Allocation Failure) 2024-10-09T21:42:40.554+0300: 343.384: [ParNew: 460096K->51072K(460096K), 0.0325217 secs] 7339594K->6955555K(8337536K), 0.0326142 secs] [Times: user=0.03 sys=0.00, real=0.03 secs] 
2024-10-09T21:42:40.585+0300: 343.417: Total time for which application threads were stopped: 0.0328590 seconds, Stopping threads took: 0.0001283 seconds
2024-10-09T21:42:40.776+0300: 343.603: Application time: 0.1857113 seconds
2024-10-09T21:42:40.777+0300: 343.603: [GC (Allocation Failure) 2024-10-09T21:42:40.777+0300: 343.603: [ParNew: 460096K->51072K(460096K), 0.0363035 secs] 7364579K->6983065K(8337536K), 0.0363914 secs] [Times: user=0.19 sys=0.00, real=0.03 secs] 
2024-10-09T21:42:40.805+0300: 343.639: Total time for which application threads were stopped: 0.0366830 seconds, Stopping threads took: 0.0001517 seconds
2024-10-09T21:42:40.978+0300: 343.810: Application time: 0.1706053 seconds
2024-10-09T21:42:40.978+0300: 343.810: [GC (Allocation Failure) 2024-10-09T21:42:40.978+0300: 343.810: [ParNew: 460096K->51072K(460096K), 0.0310741 secs] 7392089K->7001292K(8337536K), 0.0311596 secs] [Times: user=0.03 sys=0.00, real=0.03 secs] 
2024-10-09T21:42:41.009+0300: 343.841: Total time for which application threads were stopped: 0.0314626 seconds, Stopping threads took: 0.0001787 seconds
2024-10-09T21:42:41.166+0300: 344.001: Application time: 0.1597280 seconds
2024-10-09T21:42:41.166+0300: 344.001: [GC (Allocation Failure) 2024-10-09T21:42:41.166+0300: 344.001: [ParNew: 460096K->37822K(460096K), 0.0335925 secs] 7410316K->7014191K(8337536K), 0.0336707 secs] [Times: user=0.06 sys=0.00, real=0.03 secs] 
2024-10-09T21:42:41.197+0300: 344.035: Total time for which application threads were stopped: 0.0339465 seconds, Stopping threads took: 0.0001378 seconds
2024-10-09T21:42:41.386+0300: 344.216: Application time: 0.1811661 seconds
2024-10-09T21:42:41.386+0300: 344.216: [GC (Allocation Failure) 2024-10-09T21:42:41.386+0300: 344.217: [ParNew: 446846K->51072K(460096K), 0.0309172 secs] 7423215K->7043074K(8337536K), 0.0310060 secs] [Times: user=0.06 sys=0.00, real=0.03 secs] 
2024-10-09T21:42:41.417+0300: 344.248: Total time for which application threads were stopped: 0.0312619 seconds, Stopping threads took: 0.0001312 seconds
2024-10-09T21:42:41.574+0300: 344.412: Application time: 0.1642519 seconds
2024-10-09T21:42:41.574+0300: 344.412: [GC (Allocation Failure) 2024-10-09T21:42:41.574+0300: 344.412: [ParNew: 460096K->51072K(460096K), 0.0298478 secs] 7452098K->7057080K(8337536K), 0.0299449 secs] [Times: user=0.12 sys=0.00, real=0.03 secs] 
2024-10-09T21:42:41.605+0300: 344.442: Total time for which application threads were stopped: 0.0301951 seconds, Stopping threads took: 0.0001036 seconds
2024-10-09T21:42:41.794+0300: 344.633: Application time: 0.1914417 seconds
2024-10-09T21:42:41.794+0300: 344.634: [GC (Allocation Failure) 2024-10-09T21:42:41.794+0300: 344.634: [ParNew: 460096K->51072K(460096K), 0.0343867 secs] 7466104K->7084950K(8337536K), 0.0344631 secs] [Times: user=0.11 sys=0.00, real=0.05 secs] 
2024-10-09T21:42:41.841+0300: 344.668: Total time for which application threads were stopped: 0.0349782 seconds, Stopping threads took: 0.0003869 seconds
2024-10-09T21:42:42.029+0300: 344.858: Application time: 0.1892052 seconds
2024-10-09T21:42:42.029+0300: 344.858: [GC (Allocation Failure) 2024-10-09T21:42:42.029+0300: 344.858: [ParNew: 460096K->51072K(460096K), 0.0262526 secs] 7493974K->7091057K(8337536K), 0.0263504 secs] [Times: user=0.05 sys=0.00, real=0.02 secs] 
2024-10-09T21:42:42.045+0300: 344.884: Total time for which application threads were stopped: 0.0266613 seconds, Stopping threads took: 0.0001724 seconds
2024-10-09T21:42:42.217+0300: 345.045: Application time: 0.1603744 seconds
2024-10-09T21:42:42.217+0300: 345.045: [GC (Allocation Failure) 2024-10-09T21:42:42.217+0300: 345.045: [ParNew: 460096K->51072K(460096K), 0.0312380 secs] 7500081K->7109881K(8337536K), 0.0313171 secs] [Times: user=0.08 sys=0.00, real=0.03 secs] 
2024-10-09T21:42:42.249+0300: 345.076: Total time for which application threads were stopped: 0.0316297 seconds, Stopping threads took: 0.0001930 seconds
2024-10-09T21:42:42.422+0300: 345.250: Application time: 0.1735427 seconds
2024-10-09T21:42:42.422+0300: 345.250: [GC (Allocation Failure) 2024-10-09T21:42:42.422+0300: 345.250: [ParNew: 460096K->49186K(460096K), 0.0314587 secs] 7518905K->7130878K(8337536K), 0.0315589 secs] [Times: user=0.05 sys=0.00, real=0.03 secs] 
2024-10-09T21:42:42.453+0300: 345.282: Total time for which application threads were stopped: 0.0318294 seconds, Stopping threads took: 0.0001444 seconds
2024-10-09T21:42:42.626+0300: 345.459: Application time: 0.1778030 seconds
2024-10-09T21:42:42.626+0300: 345.460: [GC (Allocation Failure) 2024-10-09T21:42:42.626+0300: 345.460: [ParNew: 458210K->51072K(460096K), 0.0302551 secs] 7539902K->7147961K(8337536K), 0.0303412 secs] [Times: user=0.02 sys=0.00, real=0.03 secs] 
2024-10-09T21:42:42.657+0300: 345.490: Total time for which application threads were stopped: 0.0306149 seconds, Stopping threads took: 0.0001430 seconds
2024-10-09T21:42:42.830+0300: 345.663: Application time: 0.1730148 seconds
2024-10-09T21:42:42.830+0300: 345.663: [GC (Allocation Failure) 2024-10-09T21:42:42.830+0300: 345.663: [ParNew: 460096K->51072K(460096K), 0.0344636 secs] 7556985K->7172045K(8337536K), 0.0345532 secs] [Times: user=0.09 sys=0.00, real=0.03 secs] 
2024-10-09T21:42:42.861+0300: 345.698: Total time for which application threads were stopped: 0.0348559 seconds, Stopping threads took: 0.0001645 seconds
2024-10-09T21:42:43.050+0300: 345.879: Application time: 0.1811915 seconds
2024-10-09T21:42:43.050+0300: 345.879: [GC (Allocation Failure) 2024-10-09T21:42:43.050+0300: 345.879: [ParNew: 460096K->37713K(460096K), 0.0365967 secs] 7581069K->7191725K(8337536K), 0.0366764 secs] [Times: user=0.03 sys=0.00, real=0.03 secs] 
2024-10-09T21:42:43.081+0300: 345.916: Total time for which application threads were stopped: 0.0370304 seconds, Stopping threads took: 0.0002197 seconds
2024-10-09T21:42:43.081+0300: 345.916: Application time: 0.0000832 seconds
2024-10-09T21:42:43.081+0300: 345.916: [GC (CMS Initial Mark) [1 CMS-initial-mark: 7154011K(7877440K)] 7198412K(8337536K), 0.0029623 secs] [Times: user=0.00 sys=0.00, real=0.00 secs] 
2024-10-09T21:42:43.081+0300: 345.919: Total time for which application threads were stopped: 0.0031789 seconds, Stopping threads took: 0.0001136 seconds
2024-10-09T21:42:43.081+0300: 345.919: [CMS-concurrent-mark-start]
2024-10-09T21:42:43.112+0300: 345.947: [CMS-concurrent-mark: 0.028/0.028 secs] [Times: user=0.03 sys=0.00, real=0.03 secs] 
2024-10-09T21:42:43.112+0300: 345.947: [CMS-concurrent-preclean-start]
2024-10-09T21:42:43.128+0300: 345.956: [CMS-concurrent-preclean: 0.008/0.008 secs] [Times: user=0.02 sys=0.00, real=0.02 secs] 
2024-10-09T21:42:43.128+0300: 345.956: [CMS-concurrent-abortable-preclean-start]
2024-10-09T21:42:43.301+0300: 346.141: Application time: 0.2215755 seconds
2024-10-09T21:42:43.301+0300: 346.141: [GC (Allocation Failure) 2024-10-09T21:42:43.301+0300: 346.141: [ParNew: 446737K->51072K(460096K), 0.0265461 secs] 7600749K->7209212K(8337536K), 0.0266263 secs] [Times: user=0.03 sys=0.00, real=0.03 secs] 
2024-10-09T21:42:43.332+0300: 346.168: Total time for which application threads were stopped: 0.0268827 seconds, Stopping threads took: 0.0001297 seconds
2024-10-09T21:42:43.552+0300: 346.386: Application time: 0.2176507 seconds
2024-10-09T21:42:43.552+0300: 346.386: [GC (Allocation Failure) 2024-10-09T21:42:43.552+0300: 346.386: [ParNew: 460096K->51072K(460096K), 0.0322402 secs] 7618236K->7228543K(8337536K), 0.0323231 secs] [Times: user=0.06 sys=0.00, real=0.04 secs] 
2024-10-09T21:42:43.591+0300: 346.418: Total time for which application threads were stopped: 0.0326117 seconds, Stopping threads took: 0.0001643 seconds
2024-10-09T21:42:43.600+0300: 346.439: [CMS-concurrent-abortable-preclean: 0.423/0.484 secs] [Times: user=2.45 sys=0.00, real=0.47 secs] 
2024-10-09T21:42:43.600+0300: 346.440: Application time: 0.0213647 seconds
2024-10-09T21:42:43.600+0300: 346.440: [GC (CMS Final Remark) [YG occupancy: 100986 K (460096 K)]2024-10-09T21:42:43.600+0300: 346.440: [Rescan (parallel) , 0.0109817 secs]2024-10-09T21:42:43.615+0300: 346.451: [weak refs processing, 0.0000185 secs]2024-10-09T21:42:43.615+0300: 346.451: [class unloading, 0.0021245 secs]2024-10-09T21:42:43.615+0300: 346.453: [scrub symbol table, 0.0007995 secs]2024-10-09T21:42:43.615+0300: 346.454: [scrub string table, 0.0002114 secs][1 CMS-remark: 7177471K(7877440K)] 7278458K(8337536K), 0.0142729 secs] [Times: user=0.02 sys=0.00, real=0.02 secs] 
2024-10-09T21:42:43.615+0300: 346.454: Total time for which application threads were stopped: 0.0145374 seconds, Stopping threads took: 0.0001790 seconds
2024-10-09T21:42:43.615+0300: 346.454: [CMS-concurrent-sweep-start]
2024-10-09T21:42:43.819+0300: 346.660: Application time: 0.2061658 seconds
2024-10-09T21:42:43.835+0300: 346.661: [GC (Allocation Failure) 2024-10-09T21:42:43.835+0300: 346.661: [ParNew: 460096K->51072K(460096K), 0.0284582 secs] 7240700K->6841416K(8337536K), 0.0285676 secs] [Times: user=0.17 sys=0.00, real=0.02 secs] 
2024-10-09T21:42:43.851+0300: 346.689: Total time for which application threads were stopped: 0.0290138 seconds, Stopping threads took: 0.0001897 seconds
2024-10-09T21:42:44.048+0300: 346.877: Application time: 0.1881245 seconds
2024-10-09T21:42:44.048+0300: 346.878: [GC (Allocation Failure) 2024-10-09T21:42:44.048+0300: 346.880: [ParNew: 460096K->51072K(460096K), 0.0329102 secs] 6907636K->6524754K(8337536K), 0.0352340 secs] [Times: user=0.05 sys=0.00, real=0.04 secs] 
2024-10-09T21:42:44.086+0300: 346.913: Total time for which application threads were stopped: 0.0356304 seconds, Stopping threads took: 0.0002263 seconds
2024-10-09T21:42:44.290+0300: 347.119: Application time: 0.2057533 seconds
2024-10-09T21:42:44.290+0300: 347.119: [GC (Allocation Failure) 2024-10-09T21:42:44.290+0300: 347.119: [ParNew: 460096K->51072K(460096K), 0.0282208 secs] 6553361K->6154832K(8337536K), 0.0283270 secs] [Times: user=0.03 sys=0.00, real=0.03 secs] 
2024-10-09T21:42:44.321+0300: 347.148: Total time for which application threads were stopped: 0.0287351 seconds, Stopping threads took: 0.0002422 seconds
2024-10-09T21:42:44.541+0300: 347.372: Application time: 0.2249205 seconds
2024-10-09T21:42:44.541+0300: 347.373: [GC (Allocation Failure) 2024-10-09T21:42:44.541+0300: 347.373: [ParNew: 460096K->49326K(460096K), 0.0331347 secs] 6174523K->5785738K(8337536K), 0.0332254 secs] [Times: user=0.09 sys=0.00, real=0.03 secs] 
2024-10-09T21:42:44.573+0300: 347.406: Total time for which application threads were stopped: 0.0336679 seconds, Stopping threads took: 0.0002954 seconds
2024-10-09T21:42:44.808+0300: 347.634: Application time: 0.2278071 seconds
2024-10-09T21:42:44.808+0300: 347.634: [GC (Allocation Failure) 2024-10-09T21:42:44.808+0300: 347.634: [ParNew: 458350K->51072K(460096K), 0.0291572 secs] 5809276K->5415502K(8337536K), 0.0292603 secs] [Times: user=0.08 sys=0.00, real=0.02 secs] 
2024-10-09T21:42:44.824+0300: 347.664: Total time for which application threads were stopped: 0.0295811 seconds, Stopping threads took: 0.0001433 seconds
2024-10-09T21:42:45.013+0300: 347.849: Application time: 0.1857032 seconds
2024-10-09T21:42:45.013+0300: 347.849: [GC (Allocation Failure) 2024-10-09T21:42:45.013+0300: 347.850: [ParNew: 460096K->51072K(460096K), 0.0325002 secs] 5498716K->5113893K(8337536K), 0.0325985 secs] [Times: user=0.06 sys=0.00, real=0.04 secs] 
2024-10-09T21:42:45.050+0300: 347.882: Total time for which application threads were stopped: 0.0329213 seconds, Stopping threads took: 0.0001785 seconds
2024-10-09T21:42:45.295+0300: 348.132: Application time: 0.2493798 seconds
2024-10-09T21:42:45.295+0300: 348.132: [GC (Allocation Failure) 2024-10-09T21:42:45.295+0300: 348.132: [ParNew: 460096K->44627K(460096K), 0.0315983 secs] 5091960K->4703639K(8337536K), 0.0316843 secs] [Times: user=0.06 sys=0.00, real=0.03 secs] 
2024-10-09T21:42:45.327+0300: 348.164: Total time for which application threads were stopped: 0.0319821 seconds, Stopping threads took: 0.0001310 seconds
2024-10-09T21:42:45.551+0300: 348.385: Application time: 0.2210639 seconds
2024-10-09T21:42:45.551+0300: 348.385: [GC (Allocation Failure) 2024-10-09T21:42:45.551+0300: 348.385: [ParNew: 453651K->51072K(460096K), 0.0294922 secs] 4728464K->4331973K(8337536K), 0.0296043 secs] [Times: user=0.06 sys=0.00, real=0.03 secs] 
2024-10-09T21:42:45.578+0300: 348.415: Total time for which application threads were stopped: 0.0299450 seconds, Stopping threads took: 0.0001803 seconds
2024-10-09T21:42:45.783+0300: 348.609: Application time: 0.1945828 seconds
2024-10-09T21:42:45.783+0300: 348.609: [GC (Allocation Failure) 2024-10-09T21:42:45.783+0300: 348.609: [ParNew: 460096K->51072K(460096K), 0.0372991 secs] 4379931K->4000786K(8337536K), 0.0373928 secs] [Times: user=0.16 sys=0.00, real=0.03 secs] 
2024-10-09T21:42:45.814+0300: 348.647: Total time for which application threads were stopped: 0.0376697 seconds, Stopping threads took: 0.0001222 seconds
2024-10-09T21:42:46.033+0300: 348.870: Application time: 0.2234047 seconds
2024-10-09T21:42:46.033+0300: 348.870: [GC (Allocation Failure) 2024-10-09T21:42:46.033+0300: 348.870: [ParNew: 460096K->51072K(460096K), 0.0295330 secs] 4030208K->3639887K(8337536K), 0.0296027 secs] [Times: user=0.05 sys=0.00, real=0.03 secs] 
2024-10-09T21:42:46.065+0300: 348.900: Total time for which application threads were stopped: 0.0299066 seconds, Stopping threads took: 0.0001511 seconds
2024-10-09T21:42:46.269+0300: 349.109: Application time: 0.2085377 seconds
2024-10-09T21:42:46.269+0300: 349.109: [GC (Allocation Failure) 2024-10-09T21:42:46.269+0300: 349.109: [ParNew: 460096K->51072K(460096K), 0.0282753 secs] 3699298K->3300809K(8337536K), 0.0283738 secs] [Times: user=0.03 sys=0.00, real=0.04 secs] 
2024-10-09T21:42:46.311+0300: 349.137: Total time for which application threads were stopped: 0.0287200 seconds, Stopping threads took: 0.0002171 seconds
2024-10-09T21:42:46.488+0300: 349.326: Application time: 0.1886552 seconds
2024-10-09T21:42:46.488+0300: 349.326: [GC (Allocation Failure) 2024-10-09T21:42:46.488+0300: 349.326: [ParNew: 460096K->48512K(460096K), 0.0308180 secs] 3422999K->3038262K(8337536K), 0.0309058 secs] [Times: user=0.03 sys=0.00, real=0.03 secs] 
2024-10-09T21:42:46.519+0300: 349.357: Total time for which application threads were stopped: 0.0311639 seconds, Stopping threads took: 0.0001332 seconds
2024-10-09T21:42:46.739+0300: 349.579: Application time: 0.2213947 seconds
2024-10-09T21:42:46.739+0300: 349.579: [GC (Allocation Failure) 2024-10-09T21:42:46.739+0300: 349.579: [ParNew: 457536K->51072K(460096K), 0.0272353 secs] 3097495K->2698170K(8337536K), 0.0281258 secs] [Times: user=0.05 sys=0.00, real=0.03 secs] 
2024-10-09T21:42:46.771+0300: 349.607: Total time for which application threads were stopped: 0.0285167 seconds, Stopping threads took: 0.0002166 seconds
2024-10-09T21:42:46.975+0300: 349.803: Application time: 0.1955619 seconds
2024-10-09T21:42:46.975+0300: 349.803: [GC (Allocation Failure) 2024-10-09T21:42:46.975+0300: 349.803: [ParNew: 460096K->51072K(460096K), 0.0300368 secs] 2804606K->2417981K(8337536K), 0.0301310 secs] [Times: user=0.02 sys=0.00, real=0.03 secs] 
2024-10-09T21:42:47.006+0300: 349.833: Total time for which application threads were stopped: 0.0303712 seconds, Stopping threads took: 0.0001185 seconds
2024-10-09T21:42:47.195+0300: 350.033: Application time: 0.1998341 seconds
2024-10-09T21:42:47.195+0300: 350.033: [GC (Allocation Failure) 2024-10-09T21:42:47.195+0300: 350.033: [ParNew: 460096K->51072K(460096K), 0.0278974 secs] 2517278K->2118872K(8337536K), 0.0279898 secs] [Times: user=0.03 sys=0.00, real=0.03 secs] 
2024-10-09T21:42:47.226+0300: 350.061: Total time for which application threads were stopped: 0.0283935 seconds, Stopping threads took: 0.0002718 seconds
2024-10-09T21:42:47.430+0300: 350.260: Application time: 0.1983074 seconds
2024-10-09T21:42:47.430+0300: 350.260: [GC (Allocation Failure) 2024-10-09T21:42:47.430+0300: 350.260: [ParNew: 460096K->51072K(460096K), 0.0266254 secs] 2233252K->1837310K(8337536K), 0.0267219 secs] [Times: user=0.02 sys=0.00, real=0.02 secs] 
2024-10-09T21:42:47.455+0300: 350.287: Total time for which application threads were stopped: 0.0270855 seconds, Stopping threads took: 0.0002367 seconds
2024-10-09T21:42:47.656+0300: 350.485: Application time: 0.1984803 seconds
2024-10-09T21:42:47.656+0300: 350.485: [GC (Allocation Failure) 2024-10-09T21:42:47.656+0300: 350.485: [ParNew: 460096K->48995K(460096K), 0.0325761 secs] 1944069K->1555039K(8337536K), 0.0326718 secs] [Times: user=0.14 sys=0.00, real=0.04 secs] 
2024-10-09T21:42:47.692+0300: 350.518: Total time for which application threads were stopped: 0.0330043 seconds, Stopping threads took: 0.0001794 seconds
2024-10-09T21:42:47.885+0300: 350.722: Application time: 0.2043140 seconds
2024-10-09T21:42:47.885+0300: 350.723: [GC (Allocation Failure) 2024-10-09T21:42:47.885+0300: 350.723: [ParNew: 458019K->46258K(460096K), 0.0298688 secs] 1662558K->1270241K(8337536K), 0.0299717 secs] [Times: user=0.01 sys=0.02, real=0.04 secs] 
2024-10-09T21:42:47.926+0300: 350.753: Total time for which application threads were stopped: 0.0302870 seconds, Stopping threads took: 0.0001844 seconds
2024-10-09T21:42:48.121+0300: 350.959: Application time: 0.2066744 seconds
2024-10-09T21:42:48.121+0300: 350.960: [GC (Allocation Failure) 2024-10-09T21:42:48.121+0300: 350.960: [ParNew: 455282K->51072K(460096K), 0.0263607 secs] 1343998K->947306K(8337536K), 0.0274470 secs] [Times: user=0.03 sys=0.00, real=0.04 secs] 
2024-10-09T21:42:48.157+0300: 350.987: Total time for which application threads were stopped: 0.0278246 seconds, Stopping threads took: 0.0002058 seconds
2024-10-09T21:42:48.341+0300: 351.182: Application time: 0.1946707 seconds
2024-10-09T21:42:48.356+0300: 351.182: [GC (Allocation Failure) 2024-10-09T21:42:48.356+0300: 351.182: [ParNew: 460096K->51072K(460096K), 0.0378606 secs] 1047233K->671668K(8337536K), 0.0379443 secs] [Times: user=0.03 sys=0.00, real=0.03 secs] 
2024-10-09T21:42:48.388+0300: 351.220: Total time for which application threads were stopped: 0.0383399 seconds, Stopping threads took: 0.0002521 seconds
2024-10-09T21:42:48.513+0300: 351.352: [CMS-concurrent-sweep: 4.274/4.898 secs] [Times: user=24.61 sys=0.09, real=4.90 secs] 
2024-10-09T21:42:48.513+0300: 351.352: [CMS-concurrent-reset-start]
2024-10-09T21:42:48.529+0300: 351.369: [CMS-concurrent-reset: 0.017/0.017 secs] [Times: user=0.09 sys=0.00, real=0.02 secs] 
2024-10-09T21:42:48.576+0300: 351.409: Application time: 0.1885457 seconds
2024-10-09T21:42:48.576+0300: 351.409: [GC (Allocation Failure) 2024-10-09T21:42:48.576+0300: 351.409: [ParNew: 460096K->51072K(460096K), 0.0288743 secs] 891869K->504197K(8337536K), 0.0289582 secs] [Times: user=0.03 sys=0.00, real=0.04 secs] 
2024-10-09T21:42:48.612+0300: 351.438: Total time for which application threads were stopped: 0.0292499 seconds, Stopping threads took: 0.0001370 seconds
2024-10-09T21:42:48.780+0300: 351.611: Application time: 0.1733901 seconds
2024-10-09T21:42:48.780+0300: 351.612: [GC (Allocation Failure) 2024-10-09T21:42:48.780+0300: 351.612: [ParNew: 460096K->51072K(460096K), 0.0270766 secs] 913221K->513378K(8337536K), 0.0271733 secs] [Times: user=0.03 sys=0.00, real=0.03 secs] 
2024-10-09T21:42:48.812+0300: 351.639: Total time for which application threads were stopped: 0.0274301 seconds, Stopping threads took: 0.0001168 seconds
2024-10-09T21:42:48.969+0300: 351.803: Application time: 0.1638766 seconds
2024-10-09T21:42:48.969+0300: 351.804: [GC (Allocation Failure) 2024-10-09T21:42:48.969+0300: 351.804: [ParNew: 460096K->51072K(460096K), 0.0956985 secs] 922402K->549649K(8337536K), 0.0960879 secs] [Times: user=0.12 sys=0.00, real=0.09 secs] 
2024-10-09T21:42:49.064+0300: 351.900: Total time for which application threads were stopped: 0.0974015 seconds, Stopping threads took: 0.0005943 seconds
2024-10-09T21:42:49.237+0300: 352.071: Application time: 0.1704922 seconds
2024-10-09T21:42:49.237+0300: 352.077: [GC (Allocation Failure) 2024-10-09T21:42:49.253+0300: 352.080: [ParNew: 460096K->51072K(460096K), 0.0713608 secs] 958673K->560405K(8337536K), 0.0732887 secs] [Times: user=0.03 sys=0.00, real=0.08 secs] 
2024-10-09T21:42:49.316+0300: 352.151: Total time for which application threads were stopped: 0.0801431 seconds, Stopping threads took: 0.0038601 seconds
2024-10-09T21:42:49.473+0300: 352.313: Application time: 0.1622067 seconds
2024-10-09T21:42:49.473+0300: 352.313: [GC (Allocation Failure) 2024-10-09T21:42:49.473+0300: 352.313: [ParNew: 460096K->51072K(460096K), 0.0282910 secs] 969429K->575165K(8337536K), 0.0283848 secs] [Times: user=0.03 sys=0.00, real=0.03 secs] 
2024-10-09T21:42:49.504+0300: 352.342: Total time for which application threads were stopped: 0.0286729 seconds, Stopping threads took: 0.0001639 seconds
2024-10-09T21:42:49.676+0300: 352.510: Application time: 0.1686775 seconds
2024-10-09T21:42:49.676+0300: 352.511: [GC (Allocation Failure) 2024-10-09T21:42:49.676+0300: 352.511: [ParNew: 460096K->51072K(460096K), 0.0345986 secs] 984189K->595498K(8337536K), 0.0346915 secs] [Times: user=0.17 sys=0.01, real=0.04 secs] 
2024-10-09T21:42:49.719+0300: 352.546: Total time for which application threads were stopped: 0.0351536 seconds, Stopping threads took: 0.0003323 seconds
2024-10-09T21:42:49.881+0300: 352.716: Application time: 0.1706908 seconds
2024-10-09T21:42:49.881+0300: 352.717: [GC (Allocation Failure) 2024-10-09T21:42:49.881+0300: 352.717: [ParNew: 460096K->51072K(460096K), 0.0292321 secs] 1004522K->609085K(8337536K), 0.0293228 secs] [Times: user=0.03 sys=0.00, real=0.03 secs] 
2024-10-09T21:42:49.912+0300: 352.746: Total time for which application threads were stopped: 0.0296611 seconds, Stopping threads took: 0.0001975 seconds
2024-10-09T21:42:50.069+0300: 352.905: Application time: 0.1588418 seconds
2024-10-09T21:42:50.069+0300: 352.905: [GC (Allocation Failure) 2024-10-09T21:42:50.069+0300: 352.905: [ParNew: 460096K->51072K(460096K), 0.0337356 secs] 1018109K->634128K(8337536K), 0.0338118 secs] [Times: user=0.03 sys=0.00, real=0.03 secs] 
2024-10-09T21:42:50.100+0300: 352.939: Total time for which application threads were stopped: 0.0340888 seconds, Stopping threads took: 0.0001555 seconds
2024-10-09T21:42:50.273+0300: 353.110: Application time: 0.1708804 seconds
2024-10-09T21:42:50.273+0300: 353.110: [GC (Allocation Failure) 2024-10-09T21:42:50.273+0300: 353.110: [ParNew: 460096K->51072K(460096K), 0.0322691 secs] 1043152K->660463K(8337536K), 0.0323487 secs] [Times: user=0.03 sys=0.00, real=0.03 secs] 
2024-10-09T21:42:50.304+0300: 353.142: Total time for which application threads were stopped: 0.0327328 seconds, Stopping threads took: 0.0002646 seconds
2024-10-09T21:42:50.477+0300: 353.313: Application time: 0.1708127 seconds
2024-10-09T21:42:50.477+0300: 353.313: [GC (Allocation Failure) 2024-10-09T21:42:50.477+0300: 353.314: [ParNew: 460096K->51072K(460096K), 0.0282862 secs] 1069487K->669403K(8337536K), 0.0283730 secs] [Times: user=0.05 sys=0.00, real=0.03 secs] 
2024-10-09T21:42:50.508+0300: 353.342: Total time for which application threads were stopped: 0.0286349 seconds, Stopping threads took: 0.0001434 seconds
2024-10-09T21:42:50.681+0300: 353.507: Application time: 0.1650800 seconds
2024-10-09T21:42:50.681+0300: 353.509: [GC (Allocation Failure) 2024-10-09T21:42:50.681+0300: 353.509: [ParNew: 460096K->51072K(460096K), 0.0371818 secs] 1078427K->697785K(8337536K), 0.0372834 secs] [Times: user=0.17 sys=0.00, real=0.03 secs] 
2024-10-09T21:42:50.712+0300: 353.546: Total time for which application threads were stopped: 0.0388966 seconds, Stopping threads took: 0.0014700 seconds
2024-10-09T21:42:50.885+0300: 353.717: Application time: 0.1708658 seconds
2024-10-09T21:42:50.885+0300: 353.717: [GC (Allocation Failure) 2024-10-09T21:42:50.885+0300: 353.717: [ParNew: 460096K->51072K(460096K), 0.0282441 secs] 1106809K->717769K(8337536K), 0.0283289 secs] [Times: user=0.05 sys=0.00, real=0.03 secs] 
2024-10-09T21:42:50.916+0300: 353.745: Total time for which application threads were stopped: 0.0286093 seconds, Stopping threads took: 0.0001564 seconds
2024-10-09T21:42:51.089+0300: 353.921: Application time: 0.1756833 seconds
2024-10-09T21:42:51.089+0300: 353.921: [GC (Allocation Failure) 2024-10-09T21:42:51.089+0300: 353.921: [ParNew: 460096K->50512K(460096K), 0.0269759 secs] 1126793K->725983K(8337536K), 0.0270569 secs] [Times: user=0.05 sys=0.00, real=0.03 secs] 
2024-10-09T21:42:51.120+0300: 353.948: Total time for which application threads were stopped: 0.0273369 seconds, Stopping threads took: 0.0001616 seconds
2024-10-09T21:42:51.277+0300: 354.113: Application time: 0.1646194 seconds
2024-10-09T21:42:51.277+0300: 354.113: [GC (Allocation Failure) 2024-10-09T21:42:51.277+0300: 354.113: [ParNew: 459536K->50982K(460096K), 0.0296285 secs] 1135007K->745537K(8337536K), 0.0297157 secs] [Times: user=0.05 sys=0.01, real=0.03 secs] 
2024-10-09T21:42:51.309+0300: 354.143: Total time for which application threads were stopped: 0.0300259 seconds, Stopping threads took: 0.0001901 seconds
2024-10-09T21:42:51.466+0300: 354.307: Application time: 0.1636704 seconds
2024-10-09T21:42:51.466+0300: 354.307: [GC (Allocation Failure) 2024-10-09T21:42:51.466+0300: 354.307: [ParNew: 460006K->51072K(460096K), 0.0275076 secs] 1154561K->763428K(8337536K), 0.0275909 secs] [Times: user=0.08 sys=0.00, real=0.03 secs] 
2024-10-09T21:42:51.497+0300: 354.335: Total time for which application threads were stopped: 0.0279034 seconds, Stopping threads took: 0.0001801 seconds
2024-10-09T21:42:51.686+0300: 354.516: Application time: 0.1815611 seconds
2024-10-09T21:42:51.686+0300: 354.516: [GC (Allocation Failure) 2024-10-09T21:42:51.686+0300: 354.516: [ParNew: 460096K->51072K(460096K), 0.0291726 secs] 1172452K->775331K(8337536K), 0.0292755 secs] [Times: user=0.16 sys=0.00, real=0.03 secs] 
2024-10-09T21:42:51.717+0300: 354.546: Total time for which application threads were stopped: 0.0295793 seconds, Stopping threads took: 0.0001685 seconds
2024-10-09T21:42:51.874+0300: 354.712: Application time: 0.1662203 seconds
2024-10-09T21:42:51.874+0300: 354.712: [GC (Allocation Failure) 2024-10-09T21:42:51.874+0300: 354.712: [ParNew: 460096K->51072K(460096K), 0.0303936 secs] 1184355K->793545K(8337536K), 0.0304762 secs] [Times: user=0.03 sys=0.00, real=0.03 secs] 
2024-10-09T21:42:51.906+0300: 354.743: Total time for which application threads were stopped: 0.0307688 seconds, Stopping threads took: 0.0001739 seconds
2024-10-09T21:42:52.066+0300: 354.899: Application time: 0.1564198 seconds
2024-10-09T21:42:52.066+0300: 354.899: [GC (Allocation Failure) 2024-10-09T21:42:52.066+0300: 354.899: [ParNew: 460096K->51072K(460096K), 0.0289545 secs] 1202569K->812442K(8337536K), 0.0290510 secs] [Times: user=0.05 sys=0.00, real=0.03 secs] 
2024-10-09T21:42:52.094+0300: 354.929: Total time for which application threads were stopped: 0.0293248 seconds, Stopping threads took: 0.0001520 seconds
2024-10-09T21:42:52.266+0300: 355.106: Application time: 0.1773500 seconds
2024-10-09T21:42:52.266+0300: 355.106: [GC (Allocation Failure) 2024-10-09T21:42:52.266+0300: 355.106: [ParNew: 460096K->51072K(460096K), 0.0289477 secs] 1221466K->827949K(8337536K), 0.0290382 secs] [Times: user=0.03 sys=0.00, real=0.03 secs] 
2024-10-09T21:42:52.297+0300: 355.135: Total time for which application threads were stopped: 0.0293530 seconds, Stopping threads took: 0.0001695 seconds
2024-10-09T21:42:52.470+0300: 355.303: Application time: 0.1672930 seconds
2024-10-09T21:42:52.470+0300: 355.303: [GC (Allocation Failure) 2024-10-09T21:42:52.470+0300: 355.303: [ParNew: 460096K->51072K(460096K), 0.0306395 secs] 1236973K->846420K(8337536K), 0.0307251 secs] [Times: user=0.03 sys=0.00, real=0.03 secs] 
2024-10-09T21:42:52.501+0300: 355.334: Total time for which application threads were stopped: 0.0310386 seconds, Stopping threads took: 0.0001911 seconds
2024-10-09T21:42:52.674+0300: 355.502: Application time: 0.1685290 seconds
2024-10-09T21:42:52.674+0300: 355.502: [GC (Allocation Failure) 2024-10-09T21:42:52.674+0300: 355.502: [ParNew: 460096K->51072K(460096K), 0.0378093 secs] 1255444K->871262K(8337536K), 0.0379035 secs] [Times: user=0.14 sys=0.00, real=0.03 secs] 
2024-10-09T21:42:52.705+0300: 355.540: Total time for which application threads were stopped: 0.0382238 seconds, Stopping threads took: 0.0001912 seconds
2024-10-09T21:42:52.878+0300: 355.709: Application time: 0.1684278 seconds
2024-10-09T21:42:52.878+0300: 355.709: [GC (Allocation Failure) 2024-10-09T21:42:52.878+0300: 355.709: [ParNew: 460096K->51072K(460096K), 0.0322044 secs] 1280286K->892742K(8337536K), 0.0322957 secs] [Times: user=0.05 sys=0.00, real=0.03 secs] 
2024-10-09T21:42:52.909+0300: 355.741: Total time for which application threads were stopped: 0.0325622 seconds, Stopping threads took: 0.0001464 seconds
2024-10-09T21:42:53.082+0300: 355.911: Application time: 0.1693458 seconds
2024-10-09T21:42:53.082+0300: 355.911: [GC (Allocation Failure) 2024-10-09T21:42:53.082+0300: 355.911: [ParNew: 460096K->51072K(460096K), 0.0296500 secs] 1301766K->906975K(8337536K), 0.0297281 secs] [Times: user=0.05 sys=0.00, real=0.03 secs] 
2024-10-09T21:42:53.113+0300: 355.941: Total time for which application threads were stopped: 0.0300023 seconds, Stopping threads took: 0.0001583 seconds
2024-10-09T21:42:53.270+0300: 356.109: Application time: 0.1683599 seconds
2024-10-09T21:42:53.270+0300: 356.109: [GC (Allocation Failure) 2024-10-09T21:42:53.270+0300: 356.109: [ParNew: 460096K->51072K(460096K), 0.0348281 secs] 1315999K->933168K(8337536K), 0.0349137 secs] [Times: user=0.09 sys=0.00, real=0.05 secs] 
2024-10-09T21:42:53.317+0300: 356.144: Total time for which application threads were stopped: 0.0352287 seconds, Stopping threads took: 0.0001828 seconds
2024-10-09T21:42:53.474+0300: 356.312: Application time: 0.1676308 seconds
2024-10-09T21:42:53.474+0300: 356.312: [GC (Allocation Failure) 2024-10-09T21:42:53.474+0300: 356.312: [ParNew: 460096K->51072K(460096K), 0.0316349 secs] 1342192K->951921K(8337536K), 0.0317520 secs] [Times: user=0.09 sys=0.00, real=0.03 secs] 
2024-10-09T21:42:53.506+0300: 356.344: Total time for which application threads were stopped: 0.0321423 seconds, Stopping threads took: 0.0001557 seconds
2024-10-09T21:42:53.678+0300: 356.511: Application time: 0.1666054 seconds
2024-10-09T21:42:53.678+0300: 356.511: [GC (Allocation Failure) 2024-10-09T21:42:53.678+0300: 356.511: [ParNew: 460096K->51072K(460096K), 0.0379622 secs] 1360945K->973210K(8337536K), 0.0380962 secs] [Times: user=0.09 sys=0.00, real=0.03 secs] 
2024-10-09T21:42:53.710+0300: 356.549: Total time for which application threads were stopped: 0.0385498 seconds, Stopping threads took: 0.0002975 seconds
2024-10-09T21:42:53.882+0300: 356.721: Application time: 0.1721771 seconds
2024-10-09T21:42:53.882+0300: 356.722: [GC (Allocation Failure) 2024-10-09T21:42:53.882+0300: 356.722: [ParNew: 460096K->48007K(460096K), 0.0338998 secs] 1382234K->995635K(8337536K), 0.0340107 secs] [Times: user=0.09 sys=0.00, real=0.05 secs] 
2024-10-09T21:42:53.929+0300: 356.756: Total time for which application threads were stopped: 0.0343521 seconds, Stopping threads took: 0.0001443 seconds
2024-10-09T21:42:54.086+0300: 356.924: Application time: 0.1677964 seconds
2024-10-09T21:42:54.086+0300: 356.924: [GC (Allocation Failure) 2024-10-09T21:42:54.086+0300: 356.924: [ParNew: 457031K->51072K(460096K), 0.0380871 secs] 1404659K->1007838K(8337536K), 0.0381944 secs] [Times: user=0.08 sys=0.00, real=0.05 secs] 
2024-10-09T21:42:54.133+0300: 356.962: Total time for which application threads were stopped: 0.0385080 seconds, Stopping threads took: 0.0001569 seconds
2024-10-09T21:42:54.352+0300: 357.179: Application time: 0.2171089 seconds
2024-10-09T21:42:54.352+0300: 357.179: [GC (Allocation Failure) 2024-10-09T21:42:54.352+0300: 357.179: [ParNew: 460096K->47512K(460096K), 0.0354484 secs] 1416862K->1038787K(8337536K), 0.0355348 secs] [Times: user=0.02 sys=0.00, real=0.03 secs] 
2024-10-09T21:42:54.384+0300: 357.215: Total time for which application threads were stopped: 0.0358111 seconds, Stopping threads took: 0.0001549 seconds
2024-10-09T21:42:54.564+0300: 357.389: Application time: 0.1744713 seconds
2024-10-09T21:42:54.564+0300: 357.390: [GC (Allocation Failure) 2024-10-09T21:42:54.564+0300: 357.390: [ParNew: 456536K->41599K(460096K), 0.0292884 secs] 1447811K->1051555K(8337536K), 0.0293860 secs] [Times: user=0.05 sys=0.00, real=0.02 secs] 
2024-10-09T21:42:54.588+0300: 357.419: Total time for which application threads were stopped: 0.0296334 seconds, Stopping threads took: 0.0000892 seconds
2024-10-09T21:42:54.772+0300: 357.601: Application time: 0.1815876 seconds
2024-10-09T21:42:54.772+0300: 357.601: [GC (Allocation Failure) 2024-10-09T21:42:54.772+0300: 357.601: [ParNew: 450623K->51072K(460096K), 0.0264275 secs] 1460579K->1066824K(8337536K), 0.0265624 secs] [Times: user=0.05 sys=0.00, real=0.02 secs] 
2024-10-09T21:42:54.792+0300: 357.628: Total time for which application threads were stopped: 0.0269465 seconds, Stopping threads took: 0.0002087 seconds
2024-10-09T21:42:54.949+0300: 357.782: Application time: 0.1539715 seconds
2024-10-09T21:42:54.949+0300: 357.782: [GC (Allocation Failure) 2024-10-09T21:42:54.949+0300: 357.782: [ParNew: 460096K->49455K(460096K), 0.0334458 secs] 1475848K->1094290K(8337536K), 0.0335571 secs] [Times: user=0.03 sys=0.00, real=0.03 secs] 
2024-10-09T21:42:54.980+0300: 357.816: Total time for which application threads were stopped: 0.0339227 seconds, Stopping threads took: 0.0002159 seconds
2024-10-09T21:42:55.153+0300: 357.992: Application time: 0.1766042 seconds
2024-10-09T21:42:55.153+0300: 357.992: [GC (Allocation Failure) 2024-10-09T21:42:55.153+0300: 357.992: [ParNew: 458479K->51072K(460096K), 0.0279709 secs] 1503314K->1112980K(8337536K), 0.0280588 secs] [Times: user=0.03 sys=0.00, real=0.03 secs] 
2024-10-09T21:42:55.184+0300: 358.020: Total time for which application threads were stopped: 0.0283080 seconds, Stopping threads took: 0.0001338 seconds
2024-10-09T21:42:55.357+0300: 358.197: Application time: 0.1763862 seconds
2024-10-09T21:42:55.357+0300: 358.197: [GC (Allocation Failure) 2024-10-09T21:42:55.357+0300: 358.197: [ParNew: 460096K->51072K(460096K), 0.0289115 secs] 1522004K->1125625K(8337536K), 0.0289976 secs] [Times: user=0.03 sys=0.00, real=0.03 secs] 
2024-10-09T21:42:55.388+0300: 358.226: Total time for which application threads were stopped: 0.0292596 seconds, Stopping threads took: 0.0001459 seconds
2024-10-09T21:42:55.545+0300: 358.381: Application time: 0.1547890 seconds
2024-10-09T21:42:55.545+0300: 358.381: [GC (Allocation Failure) 2024-10-09T21:42:55.545+0300: 358.381: [ParNew: 460096K->51072K(460096K), 0.0322683 secs] 1534649K->1151743K(8337536K), 0.0323543 secs] [Times: user=0.03 sys=0.00, real=0.03 secs] 
2024-10-09T21:42:55.577+0300: 358.413: Total time for which application threads were stopped: 0.0326141 seconds, Stopping threads took: 0.0001476 seconds
2024-10-09T21:42:55.765+0300: 358.590: Application time: 0.1769785 seconds
2024-10-09T21:42:55.765+0300: 358.591: [GC (Allocation Failure) 2024-10-09T21:42:55.765+0300: 358.591: [ParNew: 460096K->47486K(460096K), 0.0298147 secs] 1560767K->1170385K(8337536K), 0.0299098 secs] [Times: user=0.08 sys=0.00, real=0.02 secs] 
2024-10-09T21:42:55.781+0300: 358.621: Total time for which application threads were stopped: 0.0301576 seconds, Stopping threads took: 0.0001036 seconds
2024-10-09T21:42:55.953+0300: 358.794: Application time: 0.1729067 seconds
2024-10-09T21:42:55.953+0300: 358.794: [GC (Allocation Failure) 2024-10-09T21:42:55.953+0300: 358.794: [ParNew: 456510K->51072K(460096K), 0.0288166 secs] 1579409K->1185847K(8337536K), 0.0289112 secs] [Times: user=0.03 sys=0.00, real=0.03 secs] 
2024-10-09T21:42:55.985+0300: 358.823: Total time for which application threads were stopped: 0.0292178 seconds, Stopping threads took: 0.0001534 seconds
2024-10-09T21:42:56.142+0300: 358.981: Application time: 0.1581287 seconds
2024-10-09T21:42:56.142+0300: 358.981: [GC (Allocation Failure) 2024-10-09T21:42:56.142+0300: 358.981: [ParNew: 460096K->51072K(460096K), 0.0305745 secs] 1594871K->1207405K(8337536K), 0.0306581 secs] [Times: user=0.03 sys=0.00, real=0.03 secs] 
2024-10-09T21:42:56.175+0300: 359.012: Total time for which application threads were stopped: 0.0309238 seconds, Stopping threads took: 0.0001534 seconds
2024-10-09T21:42:56.346+0300: 359.181: Application time: 0.1694104 seconds
2024-10-09T21:42:56.346+0300: 359.181: [GC (Allocation Failure) 2024-10-09T21:42:56.346+0300: 359.181: [ParNew: 460096K->48871K(460096K), 0.0295794 secs] 1616429K->1229148K(8337536K), 0.0296668 secs] [Times: user=0.03 sys=0.00, real=0.03 secs] 
2024-10-09T21:42:56.377+0300: 359.211: Total time for which application threads were stopped: 0.0299244 seconds, Stopping threads took: 0.0001417 seconds
2024-10-09T21:42:56.566+0300: 359.394: Application time: 0.1827675 seconds
2024-10-09T21:42:56.566+0300: 359.394: [GC (Allocation Failure) 2024-10-09T21:42:56.566+0300: 359.394: [ParNew: 457895K->51072K(460096K), 0.0277366 secs] 1638172K->1240551K(8337536K), 0.0278458 secs] [Times: user=0.11 sys=0.00, real=0.02 secs] 
2024-10-09T21:42:56.582+0300: 359.422: Total time for which application threads were stopped: 0.0281137 seconds, Stopping threads took: 0.0001155 seconds
2024-10-09T21:42:56.754+0300: 359.589: Application time: 0.1671102 seconds
2024-10-09T21:42:56.754+0300: 359.589: [GC (Allocation Failure) 2024-10-09T21:42:56.754+0300: 359.589: [ParNew: 460096K->51072K(460096K), 0.0312029 secs] 1649575K->1258321K(8337536K), 0.0312914 secs] [Times: user=0.06 sys=0.00, real=0.03 secs] 
2024-10-09T21:42:56.786+0300: 359.621: Total time for which application threads were stopped: 0.0315953 seconds, Stopping threads took: 0.0001757 seconds
2024-10-09T21:42:56.943+0300: 359.781: Application time: 0.1604339 seconds
2024-10-09T21:42:56.943+0300: 359.781: [GC (Allocation Failure) 2024-10-09T21:42:56.943+0300: 359.781: [ParNew: 460096K->51072K(460096K), 0.0319027 secs] 1667345K->1284723K(8337536K), 0.0319912 secs] [Times: user=0.05 sys=0.00, real=0.03 secs] 
2024-10-09T21:42:56.977+0300: 359.813: Total time for which application threads were stopped: 0.0322517 seconds, Stopping threads took: 0.0001380 seconds
2024-10-09T21:42:57.162+0300: 359.990: Application time: 0.1768487 seconds
2024-10-09T21:42:57.162+0300: 359.990: [GC (Allocation Failure) 2024-10-09T21:42:57.162+0300: 359.991: [ParNew: 460096K->51072K(460096K), 0.0264516 secs] 1693747K->1291889K(8337536K), 0.0265367 secs] [Times: user=0.02 sys=0.00, real=0.02 secs] 
2024-10-09T21:42:57.178+0300: 360.017: Total time for which application threads were stopped: 0.0267950 seconds, Stopping threads took: 0.0001319 seconds
2024-10-09T21:42:57.351+0300: 360.179: Application time: 0.1618106 seconds
2024-10-09T21:42:57.351+0300: 360.179: [GC (Allocation Failure) 2024-10-09T21:42:57.351+0300: 360.179: [ParNew: 460096K->51072K(460096K), 0.0323762 secs] 1700913K->1314895K(8337536K), 0.0324677 secs] [Times: user=0.03 sys=0.00, real=0.03 secs] 
2024-10-09T21:42:57.383+0300: 360.212: Total time for which application threads were stopped: 0.0327238 seconds, Stopping threads took: 0.0001240 seconds
2024-10-09T21:42:57.539+0300: 360.377: Application time: 0.1654063 seconds
2024-10-09T21:42:57.539+0300: 360.377: [GC (Allocation Failure) 2024-10-09T21:42:57.539+0300: 360.377: [ParNew: 460096K->51072K(460096K), 0.0298287 secs] 1723919K->1337417K(8337536K), 0.0299211 secs] [Times: user=0.03 sys=0.00, real=0.04 secs] 
2024-10-09T21:42:57.578+0300: 360.407: Total time for which application threads were stopped: 0.0301843 seconds, Stopping threads took: 0.0001444 seconds
2024-10-09T21:42:57.759+0300: 360.588: Application time: 0.1808391 seconds
2024-10-09T21:42:57.759+0300: 360.588: [GC (Allocation Failure) 2024-10-09T21:42:57.759+0300: 360.588: [ParNew: 460096K->51072K(460096K), 0.0298775 secs] 1746441K->1353148K(8337536K), 0.0299608 secs] [Times: user=0.03 sys=0.00, real=0.03 secs] 
2024-10-09T21:42:57.791+0300: 360.618: Total time for which application threads were stopped: 0.0302285 seconds, Stopping threads took: 0.0001523 seconds
2024-10-09T21:42:57.947+0300: 360.777: Application time: 0.1584244 seconds
2024-10-09T21:42:57.947+0300: 360.777: [GC (Allocation Failure) 2024-10-09T21:42:57.947+0300: 360.777: [ParNew: 460096K->51072K(460096K), 0.0330854 secs] 1762172K->1378373K(8337536K), 0.0331727 secs] [Times: user=0.03 sys=0.00, real=0.03 secs] 
2024-10-09T21:42:57.979+0300: 360.810: Total time for which application threads were stopped: 0.0334062 seconds, Stopping threads took: 0.0001201 seconds
2024-10-09T21:42:58.151+0300: 360.980: Application time: 0.1695648 seconds
2024-10-09T21:42:58.151+0300: 360.980: [GC (Allocation Failure) 2024-10-09T21:42:58.151+0300: 360.980: [ParNew: 460096K->49339K(460096K), 0.0291067 secs] 1787397K->1397647K(8337536K), 0.0291916 secs] [Times: user=0.06 sys=0.00, real=0.03 secs] 
2024-10-09T21:42:58.183+0300: 361.009: Total time for which application threads were stopped: 0.0294443 seconds, Stopping threads took: 0.0001285 seconds
2024-10-09T21:42:58.340+0300: 361.180: Application time: 0.1703944 seconds
2024-10-09T21:42:58.340+0300: 361.180: [GC (Allocation Failure) 2024-10-09T21:42:58.340+0300: 361.180: [ParNew: 458363K->51072K(460096K), 0.0282316 secs] 1806671K->1408433K(8337536K), 0.0283177 secs] [Times: user=0.03 sys=0.00, real=0.04 secs] 
2024-10-09T21:42:58.380+0300: 361.208: Total time for which application threads were stopped: 0.0285652 seconds, Stopping threads took: 0.0001289 seconds
2024-10-09T21:42:58.529+0300: 361.366: Application time: 0.1578853 seconds
2024-10-09T21:42:58.529+0300: 361.366: [GC (Allocation Failure) 2024-10-09T21:42:58.529+0300: 361.366: [ParNew: 460096K->51072K(460096K), 0.0334991 secs] 1817457K->1436923K(8337536K), 0.0335895 secs] [Times: user=0.03 sys=0.00, real=0.03 secs] 
2024-10-09T21:42:58.560+0300: 361.400: Total time for which application threads were stopped: 0.0339034 seconds, Stopping threads took: 0.0001992 seconds
2024-10-09T21:42:58.748+0300: 361.578: Application time: 0.1783981 seconds
2024-10-09T21:42:58.748+0300: 361.579: [GC (Allocation Failure) 2024-10-09T21:42:58.748+0300: 361.579: [ParNew: 460096K->51072K(460096K), 0.0276937 secs] 1845947K->1454948K(8337536K), 0.0277856 secs] [Times: user=0.06 sys=0.00, real=0.03 secs] 
2024-10-09T21:42:58.779+0300: 361.606: Total time for which application threads were stopped: 0.0280581 seconds, Stopping threads took: 0.0001290 seconds
2024-10-09T21:42:58.953+0300: 361.781: Application time: 0.1751084 seconds
2024-10-09T21:42:58.953+0300: 361.782: [GC (Allocation Failure) 2024-10-09T21:42:58.953+0300: 361.782: [ParNew: 460096K->51072K(460096K), 0.0268916 secs] 1863972K->1462372K(8337536K), 0.0269721 secs] [Times: user=0.03 sys=0.00, real=0.03 secs] 
2024-10-09T21:42:58.981+0300: 361.809: Total time for which application threads were stopped: 0.0272000 seconds, Stopping threads took: 0.0001187 seconds
2024-10-09T21:42:59.125+0300: 361.961: Application time: 0.1520093 seconds
2024-10-09T21:42:59.125+0300: 361.961: [GC (Allocation Failure) 2024-10-09T21:42:59.125+0300: 361.961: [ParNew: 460096K->49580K(460096K), 0.0326609 secs] 1871396K->1487236K(8337536K), 0.0327512 secs] [Times: user=0.03 sys=0.00, real=0.03 secs] 
2024-10-09T21:42:59.157+0300: 361.994: Total time for which application threads were stopped: 0.0330276 seconds, Stopping threads took: 0.0001598 seconds
2024-10-09T21:42:59.329+0300: 362.168: Application time: 0.1747849 seconds
2024-10-09T21:42:59.329+0300: 362.169: [GC (Allocation Failure) 2024-10-09T21:42:59.329+0300: 362.169: [ParNew: 458604K->50928K(460096K), 0.0286525 secs] 1896260K->1506335K(8337536K), 0.0287498 secs] [Times: user=0.03 sys=0.00, real=0.03 secs] 
2024-10-09T21:42:59.360+0300: 362.198: Total time for which application threads were stopped: 0.0290535 seconds, Stopping threads took: 0.0001498 seconds
2024-10-09T21:42:59.549+0300: 362.376: Application time: 0.1782253 seconds
2024-10-09T21:42:59.549+0300: 362.376: [GC (Allocation Failure) 2024-10-09T21:42:59.549+0300: 362.376: [ParNew: 459952K->51072K(460096K), 0.0283804 secs] 1915359K->1518061K(8337536K), 0.0284638 secs] [Times: user=0.02 sys=0.00, real=0.01 secs] 
2024-10-09T21:42:59.564+0300: 362.404: Total time for which application threads were stopped: 0.0287030 seconds, Stopping threads took: 0.0001216 seconds
2024-10-09T21:42:59.721+0300: 362.560: Application time: 0.1554090 seconds
2024-10-09T21:42:59.721+0300: 362.560: [GC (Allocation Failure) 2024-10-09T21:42:59.721+0300: 362.560: [ParNew: 460096K->40813K(460096K), 0.0329120 secs] 1927085K->1534250K(8337536K), 0.0330273 secs] [Times: user=0.11 sys=0.00, real=0.03 secs] 
2024-10-09T21:42:59.753+0300: 362.593: Total time for which application threads were stopped: 0.0333742 seconds, Stopping threads took: 0.0001838 seconds
2024-10-09T21:42:59.941+0300: 362.769: Application time: 0.1754737 seconds
2024-10-09T21:42:59.941+0300: 362.769: [GC (Allocation Failure) 2024-10-09T21:42:59.941+0300: 362.769: [ParNew: 449837K->51072K(460096K), 0.0291702 secs] 1943274K->1567391K(8337536K), 0.0292581 secs] [Times: user=0.02 sys=0.00, real=0.03 secs] 
2024-10-09T21:42:59.972+0300: 362.798: Total time for which application threads were stopped: 0.0295744 seconds, Stopping threads took: 0.0001876 seconds
2024-10-09T21:43:00.145+0300: 362.978: Application time: 0.1801640 seconds
2024-10-09T21:43:00.145+0300: 362.979: [GC (Allocation Failure) 2024-10-09T21:43:00.145+0300: 362.979: [ParNew: 460096K->51072K(460096K), 0.0282660 secs] 1976415K->1577481K(8337536K), 0.0283561 secs] [Times: user=0.03 sys=0.00, real=0.03 secs] 
2024-10-09T21:43:00.177+0300: 363.007: Total time for which application threads were stopped: 0.0286306 seconds, Stopping threads took: 0.0001450 seconds
2024-10-09T21:43:00.334+0300: 363.161: Application time: 0.1542099 seconds
2024-10-09T21:43:00.334+0300: 363.162: [GC (Allocation Failure) 2024-10-09T21:43:00.334+0300: 363.162: [ParNew: 460096K->51072K(460096K), 0.0310647 secs] 1986505K->1599207K(8337536K), 0.0311493 secs] [Times: user=0.02 sys=0.00, real=0.03 secs] 
2024-10-09T21:43:00.365+0300: 363.193: Total time for which application threads were stopped: 0.0314323 seconds, Stopping threads took: 0.0001408 seconds
2024-10-09T21:43:00.538+0300: 363.365: Application time: 0.1722202 seconds
2024-10-09T21:43:00.538+0300: 363.365: [GC (Allocation Failure) 2024-10-09T21:43:00.538+0300: 363.365: [ParNew: 460096K->48247K(460096K), 0.0341325 secs] 2008231K->1627953K(8337536K), 0.0342224 secs] [Times: user=0.06 sys=0.00, real=0.03 secs] 
2024-10-09T21:43:00.569+0300: 363.399: Total time for which application threads were stopped: 0.0344951 seconds, Stopping threads took: 0.0001478 seconds
2024-10-09T21:43:00.742+0300: 363.581: Application time: 0.1813042 seconds
2024-10-09T21:43:00.742+0300: 363.581: [GC (Allocation Failure) 2024-10-09T21:43:00.742+0300: 363.581: [ParNew: 457271K->51072K(460096K), 0.0306383 secs] 2036977K->1644689K(8337536K), 0.0307263 secs] [Times: user=0.05 sys=0.00, real=0.04 secs] 
2024-10-09T21:43:00.785+0300: 363.612: Total time for which application threads were stopped: 0.0310286 seconds, Stopping threads took: 0.0001613 seconds
2024-10-09T21:43:00.946+0300: 363.777: Application time: 0.1646900 seconds
2024-10-09T21:43:00.946+0300: 363.777: [GC (Allocation Failure) 2024-10-09T21:43:00.946+0300: 363.777: [ParNew: 460096K->51072K(460096K), 0.0314537 secs] 2053713K->1665943K(8337536K), 0.0315356 secs] [Times: user=0.06 sys=0.00, real=0.03 secs] 
2024-10-09T21:43:00.977+0300: 363.808: Total time for which application threads were stopped: 0.0318388 seconds, Stopping threads took: 0.0001781 seconds
2024-10-09T21:43:01.150+0300: 363.981: Application time: 0.1727240 seconds
2024-10-09T21:43:01.150+0300: 363.981: [GC (Allocation Failure) 2024-10-09T21:43:01.150+0300: 363.981: [ParNew: 460096K->51072K(460096K), 0.0343199 secs] 2074967K->1694975K(8337536K), 0.0344127 secs] [Times: user=0.06 sys=0.00, real=0.04 secs] 
2024-10-09T21:43:01.186+0300: 364.016: Total time for which application threads were stopped: 0.0346572 seconds, Stopping threads took: 0.0001264 seconds
2024-10-09T21:43:01.354+0300: 364.184: Application time: 0.1681126 seconds
2024-10-09T21:43:01.354+0300: 364.184: [GC (Allocation Failure) 2024-10-09T21:43:01.354+0300: 364.184: [ParNew: 460096K->51072K(460096K), 0.0300690 secs] 2103999K->1715926K(8337536K), 0.0301576 secs] [Times: user=0.02 sys=0.00, real=0.03 secs] 
2024-10-09T21:43:01.386+0300: 364.214: Total time for which application threads were stopped: 0.0304298 seconds, Stopping threads took: 0.0001528 seconds
2024-10-09T21:43:01.542+0300: 364.380: Application time: 0.1656484 seconds
2024-10-09T21:43:01.542+0300: 364.380: [GC (Allocation Failure) 2024-10-09T21:43:01.542+0300: 364.380: [ParNew: 460096K->48117K(460096K), 0.0294238 secs] 2124950K->1731142K(8337536K), 0.0295142 secs] [Times: user=0.03 sys=0.00, real=0.03 secs] 
2024-10-09T21:43:01.574+0300: 364.410: Total time for which application threads were stopped: 0.0298336 seconds, Stopping threads took: 0.0001978 seconds
2024-10-09T21:43:01.762+0300: 364.589: Application time: 0.1792606 seconds
2024-10-09T21:43:01.762+0300: 364.589: [GC (Allocation Failure) 2024-10-09T21:43:01.762+0300: 364.589: [ParNew: 457141K->51072K(460096K), 0.0291492 secs] 2140166K->1751797K(8337536K), 0.0292530 secs] [Times: user=0.06 sys=0.00, real=0.02 secs] 
2024-10-09T21:43:01.787+0300: 364.619: Total time for which application threads were stopped: 0.0295491 seconds, Stopping threads took: 0.0001412 seconds
2024-10-09T21:43:01.934+0300: 364.774: Application time: 0.1551786 seconds
2024-10-09T21:43:01.934+0300: 364.774: [GC (Allocation Failure) 2024-10-09T21:43:01.934+0300: 364.774: [ParNew: 460096K->51072K(460096K), 0.0297823 secs] 2160821K->1771481K(8337536K), 0.0298685 secs] [Times: user=0.03 sys=0.00, real=0.03 secs] 
2024-10-09T21:43:01.965+0300: 364.804: Total time for which application threads were stopped: 0.0301661 seconds, Stopping threads took: 0.0001804 seconds
2024-10-09T21:43:02.138+0300: 364.971: Application time: 0.1675673 seconds
2024-10-09T21:43:02.138+0300: 364.972: [GC (Allocation Failure) 2024-10-09T21:43:02.138+0300: 364.972: [ParNew: 460096K->51072K(460096K), 0.0304885 secs] 2180505K->1792562K(8337536K), 0.0305750 secs] [Times: user=0.03 sys=0.00, real=0.03 secs] 
2024-10-09T21:43:02.170+0300: 365.002: Total time for which application threads were stopped: 0.0308167 seconds, Stopping threads took: 0.0001174 seconds
2024-10-09T21:43:02.342+0300: 365.175: Application time: 0.1723041 seconds
2024-10-09T21:43:02.342+0300: 365.175: [GC (Allocation Failure) 2024-10-09T21:43:02.342+0300: 365.175: [ParNew: 460096K->51072K(460096K), 0.0282621 secs] 2201586K->1808311K(8337536K), 0.0283481 secs] [Times: user=0.03 sys=0.00, real=0.03 secs] 
2024-10-09T21:43:02.374+0300: 365.203: Total time for which application threads were stopped: 0.0286056 seconds, Stopping threads took: 0.0001314 seconds
2024-10-09T21:43:02.531+0300: 365.362: Application time: 0.1589803 seconds
2024-10-09T21:43:02.531+0300: 365.362: [GC (Allocation Failure) 2024-10-09T21:43:02.531+0300: 365.362: [ParNew: 460096K->51072K(460096K), 0.0299304 secs] 2217335K->1823606K(8337536K), 0.0300216 secs] [Times: user=0.03 sys=0.00, real=0.03 secs] 
2024-10-09T21:43:02.562+0300: 365.393: Total time for which application threads were stopped: 0.0302899 seconds, Stopping threads took: 0.0001525 seconds
2024-10-09T21:43:02.735+0300: 365.562: Application time: 0.1697109 seconds
2024-10-09T21:43:02.735+0300: 365.562: [GC (Allocation Failure) 2024-10-09T21:43:02.735+0300: 365.563: [ParNew: 460096K->40360K(460096K), 0.0300665 secs] 2232630K->1838371K(8337536K), 0.0301681 secs] [Times: user=0.09 sys=0.00, real=0.03 secs] 
2024-10-09T21:43:02.766+0300: 365.593: Total time for which application threads were stopped: 0.0304521 seconds, Stopping threads took: 0.0001344 seconds
2024-10-09T21:43:02.939+0300: 365.776: Application time: 0.1836425 seconds
2024-10-09T21:43:02.939+0300: 365.777: [GC (Allocation Failure) 2024-10-09T21:43:02.939+0300: 365.777: [ParNew: 449384K->50892K(460096K), 0.0307823 secs] 2247395K->1866959K(8337536K), 0.0308674 secs] [Times: user=0.03 sys=0.00, real=0.03 secs] 
2024-10-09T21:43:02.970+0300: 365.807: Total time for which application threads were stopped: 0.0311059 seconds, Stopping threads took: 0.0001194 seconds
2024-10-09T21:43:03.143+0300: 365.970: Application time: 0.1627717 seconds
2024-10-09T21:43:03.143+0300: 365.970: [GC (Allocation Failure) 2024-10-09T21:43:03.143+0300: 365.970: [ParNew: 459916K->51072K(460096K), 0.0303482 secs] 2275983K->1882585K(8337536K), 0.0304345 secs] [Times: user=0.03 sys=0.00, real=0.03 secs] 
2024-10-09T21:43:03.174+0300: 366.001: Total time for which application threads were stopped: 0.0307050 seconds, Stopping threads took: 0.0001520 seconds
2024-10-09T21:43:03.315+0300: 366.153: Application time: 0.1520131 seconds
2024-10-09T21:43:03.315+0300: 366.153: [GC (Allocation Failure) 2024-10-09T21:43:03.315+0300: 366.153: [ParNew: 460096K->48191K(460096K), 0.0342167 secs] 2291609K->1917239K(8337536K), 0.0343074 secs] [Times: user=0.03 sys=0.00, real=0.03 secs] 
2024-10-09T21:43:03.347+0300: 366.188: Total time for which application threads were stopped: 0.0345702 seconds, Stopping threads took: 0.0001448 seconds
2024-10-09T21:43:03.535+0300: 366.368: Application time: 0.1801193 seconds
2024-10-09T21:43:03.535+0300: 366.368: [GC (Allocation Failure) 2024-10-09T21:43:03.535+0300: 366.368: [ParNew: 457215K->51072K(460096K), 0.0253929 secs] 2326263K->1923555K(8337536K), 0.0254733 secs] [Times: user=0.03 sys=0.00, real=0.03 secs] 
2024-10-09T21:43:03.566+0300: 366.393: Total time for which application threads were stopped: 0.0257261 seconds, Stopping threads took: 0.0001357 seconds
2024-10-09T21:43:03.739+0300: 366.566: Application time: 0.1726961 seconds
2024-10-09T21:43:03.739+0300: 366.566: [GC (Allocation Failure) 2024-10-09T21:43:03.739+0300: 366.566: [ParNew: 460096K->51072K(460096K), 0.0278070 secs] 2332579K->1930312K(8337536K), 0.0279035 secs] [Times: user=0.08 sys=0.00, real=0.02 secs] 
2024-10-09T21:43:03.755+0300: 366.594: Total time for which application threads were stopped: 0.0281990 seconds, Stopping threads took: 0.0001713 seconds
2024-10-09T21:43:03.912+0300: 366.744: Application time: 0.1497442 seconds
2024-10-09T21:43:03.912+0300: 366.744: [GC (Allocation Failure) 2024-10-09T21:43:03.912+0300: 366.744: [ParNew: 460096K->51072K(460096K), 0.0316747 secs] 2339336K->1959517K(8337536K), 0.0317578 secs] [Times: user=0.05 sys=0.00, real=0.04 secs] 
2024-10-09T21:43:03.950+0300: 366.776: Total time for which application threads were stopped: 0.0320583 seconds, Stopping threads took: 0.0001576 seconds
2024-10-09T21:43:04.132+0300: 366.961: Application time: 0.1846358 seconds
2024-10-09T21:43:04.132+0300: 366.961: [GC (Allocation Failure) 2024-10-09T21:43:04.132+0300: 366.961: [ParNew: 460096K->51072K(460096K), 0.0252451 secs] 2368541K->1962372K(8337536K), 0.0253279 secs] [Times: user=0.02 sys=0.00, real=0.02 secs] 
2024-10-09T21:43:04.147+0300: 366.986: Total time for which application threads were stopped: 0.0255463 seconds, Stopping threads took: 0.0001049 seconds
2024-10-09T21:43:04.320+0300: 367.155: Application time: 0.1687425 seconds
2024-10-09T21:43:04.320+0300: 367.155: [GC (Allocation Failure) 2024-10-09T21:43:04.320+0300: 367.155: [ParNew: 460096K->51072K(460096K), 0.0335828 secs] 2371396K->1982073K(8337536K), 0.0336737 secs] [Times: user=0.03 sys=0.00, real=0.03 secs] 
2024-10-09T21:43:04.351+0300: 367.189: Total time for which application threads were stopped: 0.0339298 seconds, Stopping threads took: 0.0001372 seconds
2024-10-09T21:43:04.508+0300: 367.344: Application time: 0.1547084 seconds
2024-10-09T21:43:04.508+0300: 367.344: [GC (Allocation Failure) 2024-10-09T21:43:04.508+0300: 367.344: [ParNew: 460096K->50893K(460096K), 0.0352799 secs] 2391097K->2015093K(8337536K), 0.0353722 secs] [Times: user=0.03 sys=0.00, real=0.03 secs] 
2024-10-09T21:43:04.540+0300: 367.379: Total time for which application threads were stopped: 0.0355885 seconds, Stopping threads took: 0.0001040 seconds
2024-10-09T21:43:04.728+0300: 367.563: Application time: 0.1842201 seconds
2024-10-09T21:43:04.728+0300: 367.564: [GC (Allocation Failure) 2024-10-09T21:43:04.728+0300: 367.564: [ParNew: 459917K->51072K(460096K), 0.0278662 secs] 2424117K->2030824K(8337536K), 0.0279667 secs] [Times: user=0.03 sys=0.00, real=0.03 secs] 
2024-10-09T21:43:04.759+0300: 367.592: Total time for which application threads were stopped: 0.0282965 seconds, Stopping threads took: 0.0001786 seconds
2024-10-09T21:43:04.932+0300: 367.764: Application time: 0.1720073 seconds
2024-10-09T21:43:04.932+0300: 367.764: [GC (Allocation Failure) 2024-10-09T21:43:04.932+0300: 367.764: [ParNew: 460096K->51072K(460096K), 0.0269682 secs] 2439848K->2040537K(8337536K), 0.0270586 secs] [Times: user=0.01 sys=0.00, real=0.03 secs] 
2024-10-09T21:43:04.963+0300: 367.791: Total time for which application threads were stopped: 0.0273616 seconds, Stopping threads took: 0.0001619 seconds
2024-10-09T21:43:05.121+0300: 367.949: Application time: 0.1582745 seconds
2024-10-09T21:43:05.121+0300: 367.950: [GC (Allocation Failure) 2024-10-09T21:43:05.121+0300: 367.950: [ParNew: 460096K->46444K(460096K), 0.0330060 secs] 2449561K->2065049K(8337536K), 0.0330888 secs] [Times: user=0.03 sys=0.00, real=0.03 secs] 
2024-10-09T21:43:05.152+0300: 367.983: Total time for which application threads were stopped: 0.0333162 seconds, Stopping threads took: 0.0001115 seconds
2024-10-09T21:43:05.325+0300: 368.153: Application time: 0.1706028 seconds
2024-10-09T21:43:05.325+0300: 368.154: [GC (Allocation Failure) 2024-10-09T21:43:05.325+0300: 368.154: [ParNew: 455468K->51072K(460096K), 0.0271197 secs] 2474073K->2084834K(8337536K), 0.0272106 secs] [Times: user=0.02 sys=0.00, real=0.01 secs] 
2024-10-09T21:43:05.340+0300: 368.181: Total time for which application threads were stopped: 0.0274980 seconds, Stopping threads took: 0.0001537 seconds
2024-10-09T21:43:05.513+0300: 368.346: Application time: 0.1656512 seconds
2024-10-09T21:43:05.513+0300: 368.347: [GC (Allocation Failure) 2024-10-09T21:43:05.513+0300: 368.347: [ParNew: 460096K->51072K(460096K), 0.0311283 secs] 2493858K->2100560K(8337536K), 0.0312169 secs] [Times: user=0.03 sys=0.00, real=0.03 secs] 
2024-10-09T21:43:05.545+0300: 368.378: Total time for which application threads were stopped: 0.0314966 seconds, Stopping threads took: 0.0001643 seconds
2024-10-09T21:43:05.717+0300: 368.546: Application time: 0.1678127 seconds
2024-10-09T21:43:05.717+0300: 368.546: [GC (Allocation Failure) 2024-10-09T21:43:05.717+0300: 368.546: [ParNew: 460096K->51072K(460096K), 0.0341893 secs] 2509584K->2128665K(8337536K), 0.0342880 secs] [Times: user=0.03 sys=0.00, real=0.03 secs] 
2024-10-09T21:43:05.749+0300: 368.580: Total time for which application threads were stopped: 0.0345898 seconds, Stopping threads took: 0.0001646 seconds
2024-10-09T21:43:05.921+0300: 368.750: Application time: 0.1696389 seconds
2024-10-09T21:43:05.921+0300: 368.750: [GC (Allocation Failure) 2024-10-09T21:43:05.921+0300: 368.750: [ParNew: 460096K->51072K(460096K), 0.0282664 secs] 2537689K->2143379K(8337536K), 0.0283429 secs] [Times: user=0.03 sys=0.00, real=0.03 secs] 
2024-10-09T21:43:05.952+0300: 368.779: Total time for which application threads were stopped: 0.0286071 seconds, Stopping threads took: 0.0001530 seconds
2024-10-09T21:43:06.109+0300: 368.946: Application time: 0.1671079 seconds
2024-10-09T21:43:06.109+0300: 368.946: [GC (Allocation Failure) 2024-10-09T21:43:06.109+0300: 368.946: [ParNew: 460096K->50714K(460096K), 0.0314373 secs] 2552403K->2164931K(8337536K), 0.0315367 secs] [Times: user=0.03 sys=0.00, real=0.03 secs] 
2024-10-09T21:43:06.140+0300: 368.978: Total time for which application threads were stopped: 0.0318280 seconds, Stopping threads took: 0.0001534 seconds
2024-10-09T21:43:06.313+0300: 369.142: Application time: 0.1642271 seconds
2024-10-09T21:43:06.313+0300: 369.142: [GC (Allocation Failure) 2024-10-09T21:43:06.313+0300: 369.142: [ParNew: 459738K->51072K(460096K), 0.0270986 secs] 2573955K->2177139K(8337536K), 0.0271858 secs] [Times: user=0.02 sys=0.00, real=0.02 secs] 
2024-10-09T21:43:06.329+0300: 369.169: Total time for which application threads were stopped: 0.0274677 seconds, Stopping threads took: 0.0001623 seconds
2024-10-09T21:43:06.502+0300: 369.335: Application time: 0.1658838 seconds
2024-10-09T21:43:06.502+0300: 369.335: [GC (Allocation Failure) 2024-10-09T21:43:06.502+0300: 369.335: [ParNew: 460096K->51072K(460096K), 0.0285892 secs] 2586163K->2196157K(8337536K), 0.0286725 secs] [Times: user=0.03 sys=0.00, real=0.03 secs] 
2024-10-09T21:43:06.533+0300: 369.364: Total time for which application threads were stopped: 0.0289435 seconds, Stopping threads took: 0.0001511 seconds
2024-10-09T21:43:06.706+0300: 369.533: Application time: 0.1692852 seconds
2024-10-09T21:43:06.706+0300: 369.534: [GC (Allocation Failure) 2024-10-09T21:43:06.706+0300: 369.534: [ParNew: 460096K->51072K(460096K), 0.0289482 secs] 2605181K->2211959K(8337536K), 0.0290443 secs] [Times: user=0.08 sys=0.00, real=0.03 secs] 
2024-10-09T21:43:06.737+0300: 369.563: Total time for which application threads were stopped: 0.0293030 seconds, Stopping threads took: 0.0001261 seconds
2024-10-09T21:43:06.898+0300: 369.727: Application time: 0.1647950 seconds
2024-10-09T21:43:06.898+0300: 369.728: [GC (Allocation Failure) 2024-10-09T21:43:06.898+0300: 369.728: [ParNew: 460096K->51072K(460096K), 0.0300855 secs] 2620983K->2229446K(8337536K), 0.0301692 secs] [Times: user=0.03 sys=0.00, real=0.03 secs] 
2024-10-09T21:43:06.925+0300: 369.758: Total time for which application threads were stopped: 0.0304075 seconds, Stopping threads took: 0.0001285 seconds
2024-10-09T21:43:07.098+0300: 369.930: Application time: 0.1717278 seconds
2024-10-09T21:43:07.098+0300: 369.930: [GC (Allocation Failure) 2024-10-09T21:43:07.098+0300: 369.930: [ParNew: 460096K->51072K(460096K), 0.0296560 secs] 2638470K->2250305K(8337536K), 0.0297424 secs] [Times: user=0.03 sys=0.00, real=0.03 secs] 
2024-10-09T21:43:07.130+0300: 369.960: Total time for which application threads were stopped: 0.0300598 seconds, Stopping threads took: 0.0002002 seconds
2024-10-09T21:43:07.299+0300: 370.125: Application time: 0.1649089 seconds
2024-10-09T21:43:07.299+0300: 370.125: [GC (Allocation Failure) 2024-10-09T21:43:07.299+0300: 370.125: [ParNew: 460096K->51072K(460096K), 0.0310571 secs] 2659329K->2268995K(8337536K), 0.0311430 secs] [Times: user=0.02 sys=0.00, real=0.02 secs] 
2024-10-09T21:43:07.318+0300: 370.156: Total time for which application threads were stopped: 0.0313851 seconds, Stopping threads took: 0.0001273 seconds
2024-10-09T21:43:07.490+0300: 370.323: Application time: 0.1669700 seconds
2024-10-09T21:43:07.490+0300: 370.323: [GC (Allocation Failure) 2024-10-09T21:43:07.490+0300: 370.323: [ParNew: 460096K->51072K(460096K), 0.0307546 secs] 2678019K->2289823K(8337536K), 0.0308474 secs] [Times: user=0.03 sys=0.00, real=0.03 secs] 
2024-10-09T21:43:07.522+0300: 370.354: Total time for which application threads were stopped: 0.0311410 seconds, Stopping threads took: 0.0001561 seconds
2024-10-09T21:43:07.700+0300: 370.528: Application time: 0.1742000 seconds
2024-10-09T21:43:07.700+0300: 370.529: [GC (Allocation Failure) 2024-10-09T21:43:07.700+0300: 370.529: [ParNew: 460096K->51072K(460096K), 0.0305610 secs] 2698847K->2308200K(8337536K), 0.0306530 secs] [Times: user=0.03 sys=0.00, real=0.03 secs] 
2024-10-09T21:43:07.726+0300: 370.559: Total time for which application threads were stopped: 0.0309505 seconds, Stopping threads took: 0.0001614 seconds
2024-10-09T21:43:07.900+0300: 370.729: Application time: 0.1695593 seconds
2024-10-09T21:43:07.900+0300: 370.729: [GC (Allocation Failure) 2024-10-09T21:43:07.900+0300: 370.729: [ParNew: 460096K->51072K(460096K), 0.0339516 secs] 2717224K->2330439K(8337536K), 0.0340440 secs] [Times: user=0.03 sys=0.00, real=0.03 secs] 
2024-10-09T21:43:07.930+0300: 370.763: Total time for which application threads were stopped: 0.0343219 seconds, Stopping threads took: 0.0001607 seconds
2024-10-09T21:43:08.087+0300: 370.924: Application time: 0.1608873 seconds
2024-10-09T21:43:08.087+0300: 370.924: [GC (Allocation Failure) 2024-10-09T21:43:08.087+0300: 370.924: [ParNew: 460096K->51072K(460096K), 0.0343618 secs] 2739463K->2359962K(8337536K), 0.0344511 secs] [Times: user=0.05 sys=0.00, real=0.03 secs] 
2024-10-09T21:43:08.119+0300: 370.959: Total time for which application threads were stopped: 0.0347376 seconds, Stopping threads took: 0.0001666 seconds
2024-10-09T21:43:08.301+0300: 371.128: Application time: 0.1694908 seconds
2024-10-09T21:43:08.301+0300: 371.129: [GC (Allocation Failure) 2024-10-09T21:43:08.301+0300: 371.129: [ParNew: 460096K->51072K(460096K), 0.0284288 secs] 2768986K->2376690K(8337536K), 0.0285284 secs] [Times: user=0.03 sys=0.00, real=0.02 secs] 
2024-10-09T21:43:08.323+0300: 371.157: Total time for which application threads were stopped: 0.0288053 seconds, Stopping threads took: 0.0001270 seconds
2024-10-09T21:43:08.502+0300: 371.332: Application time: 0.1744441 seconds
2024-10-09T21:43:08.502+0300: 371.332: [GC (Allocation Failure) 2024-10-09T21:43:08.502+0300: 371.332: [ParNew: 460096K->51072K(460096K), 0.0329867 secs] 2785714K->2393194K(8337536K), 0.0330794 secs] [Times: user=0.03 sys=0.00, real=0.02 secs] 
2024-10-09T21:43:08.527+0300: 371.365: Total time for which application threads were stopped: 0.0333657 seconds, Stopping threads took: 0.0001516 seconds
2024-10-09T21:43:08.702+0300: 371.538: Application time: 0.1729918 seconds
2024-10-09T21:43:08.702+0300: 371.538: [GC (Allocation Failure) 2024-10-09T21:43:08.702+0300: 371.538: [ParNew: 460096K->47022K(460096K), 0.0333088 secs] 2802218K->2412672K(8337536K), 0.0333944 secs] [Times: user=0.11 sys=0.00, real=0.03 secs] 
2024-10-09T21:43:08.731+0300: 371.572: Total time for which application threads were stopped: 0.0336478 seconds, Stopping threads took: 0.0001276 seconds
2024-10-09T21:43:08.903+0300: 371.736: Application time: 0.1639985 seconds
2024-10-09T21:43:08.903+0300: 371.736: [GC (Allocation Failure) 2024-10-09T21:43:08.903+0300: 371.736: [ParNew: 456046K->51072K(460096K), 0.0275931 secs] 2821696K->2432558K(8337536K), 0.0276811 secs] [Times: user=0.03 sys=0.00, real=0.03 secs] 
2024-10-09T21:43:08.935+0300: 371.763: Total time for which application threads were stopped: 0.0279216 seconds, Stopping threads took: 0.0001205 seconds
2024-10-09T21:43:09.108+0300: 371.940: Application time: 0.1760609 seconds
2024-10-09T21:43:09.108+0300: 371.940: [GC (Allocation Failure) 2024-10-09T21:43:09.108+0300: 371.940: [ParNew: 460096K->51072K(460096K), 0.0304761 secs] 2841582K->2449813K(8337536K), 0.0305622 secs] [Times: user=0.03 sys=0.00, real=0.03 secs] 
2024-10-09T21:43:09.139+0300: 371.970: Total time for which application threads were stopped: 0.0308173 seconds, Stopping threads took: 0.0001353 seconds
2024-10-09T21:43:09.312+0300: 372.142: Application time: 0.1715890 seconds
2024-10-09T21:43:09.312+0300: 372.142: [GC (Allocation Failure) 2024-10-09T21:43:09.312+0300: 372.142: [ParNew: 460096K->51072K(460096K), 0.0304786 secs] 2858837K->2466901K(8337536K), 0.0305756 secs] [Times: user=0.03 sys=0.00, real=0.03 secs] 
2024-10-09T21:43:09.343+0300: 372.173: Total time for which application threads were stopped: 0.0308369 seconds, Stopping threads took: 0.0001282 seconds
2024-10-09T21:43:09.499+0300: 372.329: Application time: 0.1559748 seconds
2024-10-09T21:43:09.499+0300: 372.329: [GC (Allocation Failure) 2024-10-09T21:43:09.499+0300: 372.329: [ParNew: 460096K->49470K(460096K), 0.0315946 secs] 2875925K->2487680K(8337536K), 0.0317103 secs] [Times: user=0.02 sys=0.00, real=0.03 secs] 
2024-10-09T21:43:09.531+0300: 372.361: Total time for which application threads were stopped: 0.0320166 seconds, Stopping threads took: 0.0001672 seconds
2024-10-09T21:43:09.705+0300: 372.535: Application time: 0.1745227 seconds
2024-10-09T21:43:09.705+0300: 372.536: [GC (Allocation Failure) 2024-10-09T21:43:09.705+0300: 372.536: [ParNew: 458494K->51072K(460096K), 0.0288918 secs] 2896704K->2504156K(8337536K), 0.0289895 secs] [Times: user=0.06 sys=0.00, real=0.03 secs] 
2024-10-09T21:43:09.738+0300: 372.565: Total time for which application threads were stopped: 0.0292801 seconds, Stopping threads took: 0.0001384 seconds
2024-10-09T21:43:09.908+0300: 372.736: Application time: 0.1715510 seconds
2024-10-09T21:43:09.908+0300: 372.736: [GC (Allocation Failure) 2024-10-09T21:43:09.908+0300: 372.736: [ParNew: 460096K->51072K(460096K), 0.0278748 secs] 2913180K->2517776K(8337536K), 0.0279670 secs] [Times: user=0.01 sys=0.00, real=0.02 secs] 
2024-10-09T21:43:09.924+0300: 372.764: Total time for which application threads were stopped: 0.0282286 seconds, Stopping threads took: 0.0001319 seconds
2024-10-09T21:43:10.096+0300: 372.927: Application time: 0.1626176 seconds
2024-10-09T21:43:10.096+0300: 372.927: [GC (Allocation Failure) 2024-10-09T21:43:10.096+0300: 372.929: [ParNew: 460096K->51072K(460096K), 0.0312915 secs] 2926800K->2543331K(8337536K), 0.0336101 secs] [Times: user=0.03 sys=0.00, real=0.03 secs] 
2024-10-09T21:43:10.128+0300: 372.961: Total time for which application threads were stopped: 0.0338982 seconds, Stopping threads took: 0.0001682 seconds
2024-10-09T21:43:10.306+0300: 373.135: Application time: 0.1745649 seconds
2024-10-09T21:43:10.306+0300: 373.136: [GC (Allocation Failure) 2024-10-09T21:43:10.306+0300: 373.136: [ParNew: 460096K->51072K(460096K), 0.0286748 secs] 2952355K->2558264K(8337536K), 0.0287620 secs] [Times: user=0.02 sys=0.00, real=0.03 secs] 
2024-10-09T21:43:10.332+0300: 373.164: Total time for which application threads were stopped: 0.0290460 seconds, Stopping threads took: 0.0001707 seconds
2024-10-09T21:43:10.506+0300: 373.335: Application time: 0.1700173 seconds
2024-10-09T21:43:10.506+0300: 373.335: [GC (Allocation Failure) 2024-10-09T21:43:10.506+0300: 373.335: [ParNew: 460096K->51072K(460096K), 0.0329656 secs] 2967288K->2581799K(8337536K), 0.0330604 secs] [Times: user=0.03 sys=0.00, real=0.03 secs] 
2024-10-09T21:43:10.536+0300: 373.368: Total time for which application threads were stopped: 0.0333278 seconds, Stopping threads took: 0.0001390 seconds
2024-10-09T21:43:10.693+0300: 373.532: Application time: 0.1646062 seconds
2024-10-09T21:43:10.707+0300: 373.533: [GC (Allocation Failure) 2024-10-09T21:43:10.707+0300: 373.533: [ParNew: 460096K->51072K(460096K), 0.0325455 secs] 2990823K->2606602K(8337536K), 0.0326357 secs] [Times: user=0.05 sys=0.00, real=0.02 secs] 
2024-10-09T21:43:10.725+0300: 373.566: Total time for which application threads were stopped: 0.0330570 seconds, Stopping threads took: 0.0002925 seconds
2024-10-09T21:43:10.913+0300: 373.741: Application time: 0.1756105 seconds
2024-10-09T21:43:10.913+0300: 373.741: [GC (Allocation Failure) 2024-10-09T21:43:10.913+0300: 373.741: [ParNew: 460096K->51072K(460096K), 0.0302513 secs] 3015626K->2624545K(8337536K), 0.0303325 secs] [Times: user=0.03 sys=0.00, real=0.03 secs] 
2024-10-09T21:43:10.944+0300: 373.772: Total time for which application threads were stopped: 0.0305879 seconds, Stopping threads took: 0.0001412 seconds
2024-10-09T21:43:11.108+0300: 373.938: Application time: 0.1664505 seconds
2024-10-09T21:43:11.108+0300: 373.938: [GC (Allocation Failure) 2024-10-09T21:43:11.108+0300: 373.938: [ParNew: 460096K->51072K(460096K), 0.0325765 secs] 3033569K->2648506K(8337536K), 0.0326673 secs] [Times: user=0.02 sys=0.00, real=0.02 secs] 
2024-10-09T21:43:11.133+0300: 373.971: Total time for which application threads were stopped: 0.0329357 seconds, Stopping threads took: 0.0001489 seconds
2024-10-09T21:43:11.308+0300: 374.137: Application time: 0.1654403 seconds
2024-10-09T21:43:11.308+0300: 374.137: [GC (Allocation Failure) 2024-10-09T21:43:11.308+0300: 374.137: [ParNew: 460096K->51072K(460096K), 0.0322322 secs] 3057530K->2672733K(8337536K), 0.0323227 secs] [Times: user=0.03 sys=0.00, real=0.03 secs] 
2024-10-09T21:43:11.337+0300: 374.169: Total time for which application threads were stopped: 0.0325610 seconds, Stopping threads took: 0.0001193 seconds
2024-10-09T21:43:11.509+0300: 374.340: Application time: 0.1705407 seconds
2024-10-09T21:43:11.509+0300: 374.340: [GC (Allocation Failure) 2024-10-09T21:43:11.509+0300: 374.340: [ParNew: 460096K->47710K(460096K), 0.0318209 secs] 3081757K->2693724K(8337536K), 0.0319145 secs] [Times: user=0.03 sys=0.00, real=0.03 secs] 
2024-10-09T21:43:11.540+0300: 374.372: Total time for which application threads were stopped: 0.0321971 seconds, Stopping threads took: 0.0001488 seconds
2024-10-09T21:43:11.713+0300: 374.546: Application time: 0.1744038 seconds
2024-10-09T21:43:11.713+0300: 374.547: [GC (Allocation Failure) 2024-10-09T21:43:11.713+0300: 374.547: [ParNew: 456734K->51072K(460096K), 0.0297945 secs] 3102748K->2716665K(8337536K), 0.0298893 secs] [Times: user=0.03 sys=0.00, real=0.03 secs] 
2024-10-09T21:43:11.744+0300: 374.576: Total time for which application threads were stopped: 0.0301890 seconds, Stopping threads took: 0.0001514 seconds
2024-10-09T21:43:11.901+0300: 374.735: Application time: 0.1588406 seconds
2024-10-09T21:43:11.910+0300: 374.736: [GC (Allocation Failure) 2024-10-09T21:43:11.910+0300: 374.736: [ParNew: 460096K->51072K(460096K), 0.0277729 secs] 3125689K->2730768K(8337536K), 0.0278590 secs] [Times: user=0.03 sys=0.00, real=0.02 secs] 
2024-10-09T21:43:11.932+0300: 374.763: Total time for which application threads were stopped: 0.0281544 seconds, Stopping threads took: 0.0001678 seconds
2024-10-09T21:43:12.110+0300: 374.936: Application time: 0.1724013 seconds
2024-10-09T21:43:12.110+0300: 374.936: [GC (Allocation Failure) 2024-10-09T21:43:12.110+0300: 374.936: [ParNew: 460096K->49754K(460096K), 0.0351063 secs] 3139792K->2760495K(8337536K), 0.0351929 secs] [Times: user=0.03 sys=0.00, real=0.03 secs] 
2024-10-09T21:43:12.137+0300: 374.971: Total time for which application threads were stopped: 0.0354180 seconds, Stopping threads took: 0.0001062 seconds
2024-10-09T21:43:12.310+0300: 375.139: Application time: 0.1672706 seconds
2024-10-09T21:43:12.310+0300: 375.139: [GC (Allocation Failure) 2024-10-09T21:43:12.310+0300: 375.139: [ParNew: 458778K->51072K(460096K), 0.0265229 secs] 3169519K->2772580K(8337536K), 0.0266125 secs] [Times: user=0.02 sys=0.00, real=0.02 secs] 
2024-10-09T21:43:12.325+0300: 375.165: Total time for which application threads were stopped: 0.0268997 seconds, Stopping threads took: 0.0001603 seconds
2024-10-09T21:43:12.498+0300: 375.329: Application time: 0.1638480 seconds
2024-10-09T21:43:12.498+0300: 375.330: [GC (Allocation Failure) 2024-10-09T21:43:12.498+0300: 375.330: [ParNew: 460096K->51072K(460096K), 0.0283558 secs] 3181604K->2788301K(8337536K), 0.0284366 secs] [Times: user=0.03 sys=0.00, real=0.03 secs] 
2024-10-09T21:43:12.530+0300: 375.358: Total time for which application threads were stopped: 0.0286765 seconds, Stopping threads took: 0.0001239 seconds
2024-10-09T21:43:12.702+0300: 375.534: Application time: 0.1760815 seconds
2024-10-09T21:43:12.702+0300: 375.534: [GC (Allocation Failure) 2024-10-09T21:43:12.702+0300: 375.534: [ParNew: 460096K->51072K(460096K), 0.0313870 secs] 3197325K->2811278K(8337536K), 0.0314844 secs] [Times: user=0.05 sys=0.00, real=0.03 secs] 
2024-10-09T21:43:12.734+0300: 375.566: Total time for which application threads were stopped: 0.0317720 seconds, Stopping threads took: 0.0001480 seconds
2024-10-09T21:43:12.890+0300: 375.732: Application time: 0.1657315 seconds
2024-10-09T21:43:12.906+0300: 375.732: [GC (Allocation Failure) 2024-10-09T21:43:12.906+0300: 375.732: [ParNew: 460096K->51072K(460096K), 0.0299458 secs] 3220302K->2828749K(8337536K), 0.0300413 secs] [Times: user=0.01 sys=0.00, real=0.02 secs] 
2024-10-09T21:43:12.922+0300: 375.762: Total time for which application threads were stopped: 0.0303606 seconds, Stopping threads took: 0.0001533 seconds
2024-10-09T21:43:13.095+0300: 375.928: Application time: 0.1662246 seconds
2024-10-09T21:43:13.095+0300: 375.928: [GC (Allocation Failure) 2024-10-09T21:43:13.095+0300: 375.928: [ParNew: 460096K->51072K(460096K), 0.0309428 secs] 3237773K->2850979K(8337536K), 0.0310280 secs] [Times: user=0.03 sys=0.00, real=0.03 secs] 
2024-10-09T21:43:13.127+0300: 375.959: Total time for which application threads were stopped: 0.0312869 seconds, Stopping threads took: 0.0001403 seconds
2024-10-09T21:43:13.299+0300: 376.127: Application time: 0.1672858 seconds
2024-10-09T21:43:13.299+0300: 376.127: [GC (Allocation Failure) 2024-10-09T21:43:13.299+0300: 376.127: [ParNew: 460096K->51072K(460096K), 0.0325027 secs] 3260003K->2875131K(8337536K), 0.0325917 secs] [Times: user=0.02 sys=0.00, real=0.03 secs] 
2024-10-09T21:43:13.331+0300: 376.160: Total time for which application threads were stopped: 0.0328295 seconds, Stopping threads took: 0.0001213 seconds
2024-10-09T21:43:13.487+0300: 376.328: Application time: 0.1687861 seconds
2024-10-09T21:43:13.487+0300: 376.329: [GC (Allocation Failure) 2024-10-09T21:43:13.503+0300: 376.329: [ParNew: 460096K->51072K(460096K), 0.0277797 secs] 3284155K->2891390K(8337536K), 0.0279224 secs] [Times: user=0.02 sys=0.02, real=0.03 secs] 
2024-10-09T21:43:13.519+0300: 376.357: Total time for which application threads were stopped: 0.0281765 seconds, Stopping threads took: 0.0001357 seconds
2024-10-09T21:43:13.691+0300: 376.527: Application time: 0.1707057 seconds
2024-10-09T21:43:13.691+0300: 376.527: [GC (Allocation Failure) 2024-10-09T21:43:13.691+0300: 376.528: [ParNew: 460096K->51072K(460096K), 0.0294772 secs] 3300414K->2908869K(8337536K), 0.0295678 secs] [Times: user=0.16 sys=0.00, real=0.03 secs] 
2024-10-09T21:43:13.723+0300: 376.557: Total time for which application threads were stopped: 0.0298263 seconds, Stopping threads took: 0.0001360 seconds
2024-10-09T21:43:13.896+0300: 376.729: Application time: 0.1719679 seconds
2024-10-09T21:43:13.896+0300: 376.729: [GC (Allocation Failure) 2024-10-09T21:43:13.896+0300: 376.729: [ParNew: 460096K->51072K(460096K), 0.0283524 secs] 3317893K->2924781K(8337536K), 0.0284446 secs] [Times: user=0.03 sys=0.00, real=0.03 secs] 
2024-10-09T21:43:13.927+0300: 376.758: Total time for which application threads were stopped: 0.0287272 seconds, Stopping threads took: 0.0001440 seconds
2024-10-09T21:43:14.100+0300: 376.929: Application time: 0.1711393 seconds
2024-10-09T21:43:14.100+0300: 376.929: [GC (Allocation Failure) 2024-10-09T21:43:14.100+0300: 376.929: [ParNew: 460096K->51072K(460096K), 0.0285048 secs] 3333805K->2939690K(8337536K), 0.0285878 secs] [Times: user=0.02 sys=0.00, real=0.03 secs] 
2024-10-09T21:43:14.131+0300: 376.958: Total time for which application threads were stopped: 0.0288374 seconds, Stopping threads took: 0.0001344 seconds
2024-10-09T21:43:14.288+0300: 377.120: Application time: 0.1621109 seconds
2024-10-09T21:43:14.288+0300: 377.120: [GC (Allocation Failure) 2024-10-09T21:43:14.288+0300: 377.120: [ParNew: 460096K->51072K(460096K), 0.0283732 secs] 3348714K->2958791K(8337536K), 0.0284574 secs] [Times: user=0.03 sys=0.00, real=0.03 secs] 
2024-10-09T21:43:14.320+0300: 377.149: Total time for which application threads were stopped: 0.0287130 seconds, Stopping threads took: 0.0001384 seconds
2024-10-09T21:43:14.492+0300: 377.322: Application time: 0.1734785 seconds
2024-10-09T21:43:14.492+0300: 377.322: [GC (Allocation Failure) 2024-10-09T21:43:14.492+0300: 377.322: [ParNew: 460096K->51072K(460096K), 0.0329035 secs] 3367815K->2983408K(8337536K), 0.0329938 secs] [Times: user=0.03 sys=0.00, real=0.03 secs] 
2024-10-09T21:43:14.524+0300: 377.355: Total time for which application threads were stopped: 0.0332543 seconds, Stopping threads took: 0.0001405 seconds
2024-10-09T21:43:14.696+0300: 377.534: Application time: 0.1784635 seconds
2024-10-09T21:43:14.696+0300: 377.534: [GC (Allocation Failure) 2024-10-09T21:43:14.696+0300: 377.534: [ParNew: 460096K->51072K(460096K), 0.0310965 secs] 3392432K->2997717K(8337536K), 0.0312021 secs] [Times: user=0.03 sys=0.00, real=0.03 secs] 
2024-10-09T21:43:14.728+0300: 377.565: Total time for which application threads were stopped: 0.0315370 seconds, Stopping threads took: 0.0001935 seconds
2024-10-09T21:43:14.885+0300: 377.720: Application time: 0.1546261 seconds
2024-10-09T21:43:14.885+0300: 377.720: [GC (Allocation Failure) 2024-10-09T21:43:14.885+0300: 377.720: [ParNew: 460096K->51072K(460096K), 0.0346331 secs] 3406741K->3029631K(8337536K), 0.0347531 secs] [Times: user=0.19 sys=0.00, real=0.03 secs] 
2024-10-09T21:43:14.916+0300: 377.755: Total time for which application threads were stopped: 0.0350888 seconds, Stopping threads took: 0.0001668 seconds
2024-10-09T21:43:15.104+0300: 377.934: Application time: 0.1789769 seconds
2024-10-09T21:43:15.104+0300: 377.934: [GC (Allocation Failure) 2024-10-09T21:43:15.104+0300: 377.934: [ParNew: 460096K->49230K(460096K), 0.0284105 secs] 3438655K->3045062K(8337536K), 0.0285025 secs] [Times: user=0.03 sys=0.00, real=0.03 secs] 
2024-10-09T21:43:15.136+0300: 377.963: Total time for which application threads were stopped: 0.0288571 seconds, Stopping threads took: 0.0002245 seconds
2024-10-09T21:43:15.308+0300: 378.140: Application time: 0.1773422 seconds
2024-10-09T21:43:15.308+0300: 378.140: [GC (Allocation Failure) 2024-10-09T21:43:15.308+0300: 378.141: [ParNew: 458254K->51072K(460096K), 0.0281671 secs] 3454086K->3057145K(8337536K), 0.0282552 secs] [Times: user=0.06 sys=0.00, real=0.03 secs] 
2024-10-09T21:43:15.340+0300: 378.169: Total time for which application threads were stopped: 0.0285652 seconds, Stopping threads took: 0.0001864 seconds
2024-10-09T21:43:15.481+0300: 378.319: Application time: 0.1500657 seconds
2024-10-09T21:43:15.481+0300: 378.319: [GC (Allocation Failure) 2024-10-09T21:43:15.481+0300: 378.319: [ParNew: 460096K->51072K(460096K), 0.0317221 secs] 3466169K->3083097K(8337536K), 0.0318125 secs] [Times: user=0.02 sys=0.01, real=0.04 secs] 
2024-10-09T21:43:15.518+0300: 378.351: Total time for which application threads were stopped: 0.0320838 seconds, Stopping threads took: 0.0001524 seconds
2024-10-09T21:43:15.701+0300: 378.535: Application time: 0.1844445 seconds
2024-10-09T21:43:15.701+0300: 378.536: [GC (Allocation Failure) 2024-10-09T21:43:15.701+0300: 378.536: [ParNew: 460096K->46515K(460096K), 0.0308523 secs] 3492121K->3100242K(8337536K), 0.0309552 secs] [Times: user=0.16 sys=0.00, real=0.04 secs] 
2024-10-09T21:43:15.740+0300: 378.567: Total time for which application threads were stopped: 0.0312659 seconds, Stopping threads took: 0.0001712 seconds
2024-10-09T21:43:15.921+0300: 378.748: Application time: 0.1808393 seconds
2024-10-09T21:43:15.921+0300: 378.748: [GC (Allocation Failure) 2024-10-09T21:43:15.921+0300: 378.748: [ParNew: 455539K->51072K(460096K), 0.0291764 secs] 3509266K->3117449K(8337536K), 0.0292618 secs] [Times: user=0.05 sys=0.00, real=0.02 secs] 
2024-10-09T21:43:15.937+0300: 378.777: Total time for which application threads were stopped: 0.0295457 seconds, Stopping threads took: 0.0001428 seconds
2024-10-09T21:43:16.094+0300: 378.928: Application time: 0.1507300 seconds
2024-10-09T21:43:16.094+0300: 378.928: [GC (Allocation Failure) 2024-10-09T21:43:16.094+0300: 378.928: [ParNew: 460096K->51072K(460096K), 0.0333656 secs] 3526473K->3139342K(8337536K), 0.0334571 secs] [Times: user=0.08 sys=0.00, real=0.03 secs] 
2024-10-09T21:43:16.126+0300: 378.962: Total time for which application threads were stopped: 0.0337496 seconds, Stopping threads took: 0.0001633 seconds
2024-10-09T21:43:16.298+0300: 379.137: Application time: 0.1757981 seconds
2024-10-09T21:43:16.298+0300: 379.138: [GC (Allocation Failure) 2024-10-09T21:43:16.298+0300: 379.138: [ParNew: 460096K->47085K(460096K), 0.0331929 secs] 3548366K->3166830K(8337536K), 0.0332822 secs] [Times: user=0.05 sys=0.00, real=0.03 secs] 
2024-10-09T21:43:16.330+0300: 379.171: Total time for which application threads were stopped: 0.0335358 seconds, Stopping threads took: 0.0001256 seconds
2024-10-09T21:43:16.520+0300: 379.348: Application time: 0.1767574 seconds
2024-10-09T21:43:16.520+0300: 379.348: [GC (Allocation Failure) 2024-10-09T21:43:16.520+0300: 379.348: [ParNew: 456109K->46367K(460096K), 0.0279131 secs] 3575854K->3179934K(8337536K), 0.0280586 secs] [Times: user=0.02 sys=0.00, real=0.03 secs] 
2024-10-09T21:43:16.549+0300: 379.376: Total time for which application threads were stopped: 0.0283181 seconds, Stopping threads took: 0.0001419 seconds
2024-10-09T21:43:16.706+0300: 379.538: Application time: 0.1619074 seconds
2024-10-09T21:43:16.706+0300: 379.538: [GC (Allocation Failure) 2024-10-09T21:43:16.706+0300: 379.538: [ParNew: 455391K->51072K(460096K), 0.0276345 secs] 3588958K->3195587K(8337536K), 0.0277240 secs] [Times: user=0.02 sys=0.00, real=0.03 secs] 
2024-10-09T21:43:16.738+0300: 379.566: Total time for which application threads were stopped: 0.0280334 seconds, Stopping threads took: 0.0001798 seconds
2024-10-09T21:43:16.894+0300: 379.734: Application time: 0.1679707 seconds
2024-10-09T21:43:16.894+0300: 379.734: [GC (Allocation Failure) 2024-10-09T21:43:16.894+0300: 379.734: [ParNew: 460096K->45754K(460096K), 0.0306229 secs] 3604611K->3216261K(8337536K), 0.0307013 secs] [Times: user=0.03 sys=0.00, real=0.03 secs] 
2024-10-09T21:43:16.926+0300: 379.765: Total time for which application threads were stopped: 0.0309411 seconds, Stopping threads took: 0.0001257 seconds
2024-10-09T21:43:17.114+0300: 379.942: Application time: 0.1773361 seconds
2024-10-09T21:43:17.114+0300: 379.942: [GC (Allocation Failure) 2024-10-09T21:43:17.114+0300: 379.942: [ParNew: 454778K->49246K(460096K), 0.0277341 secs] 3625285K->3233424K(8337536K), 0.0278235 secs] [Times: user=0.02 sys=0.00, real=0.02 secs] 
2024-10-09T21:43:17.130+0300: 379.970: Total time for which application threads were stopped: 0.0280579 seconds, Stopping threads took: 0.0001182 seconds
2024-10-09T21:43:17.303+0300: 380.135: Application time: 0.1645201 seconds
2024-10-09T21:43:17.303+0300: 380.135: [GC (Allocation Failure) 2024-10-09T21:43:17.303+0300: 380.135: [ParNew: 458270K->51072K(460096K), 0.0269479 secs] 3642448K->3245420K(8337536K), 0.0270316 secs] [Times: user=0.03 sys=0.00, real=0.03 secs] 
2024-10-09T21:43:17.335+0300: 380.162: Total time for which application threads were stopped: 0.0273078 seconds, Stopping threads took: 0.0001462 seconds
2024-10-09T21:43:17.514+0300: 380.340: Application time: 0.1782807 seconds
2024-10-09T21:43:17.514+0300: 380.341: [GC (Allocation Failure) 2024-10-09T21:43:17.514+0300: 380.341: [ParNew: 460096K->46699K(460096K), 0.0279800 secs] 3654444K->3259795K(8337536K), 0.0280698 secs] [Times: user=0.02 sys=0.00, real=0.03 secs] 
2024-10-09T21:43:17.539+0300: 380.369: Total time for which application threads were stopped: 0.0283691 seconds, Stopping threads took: 0.0001453 seconds
2024-10-09T21:43:17.743+0300: 380.573: Application time: 0.2042513 seconds
2024-10-09T21:43:17.743+0300: 380.573: [GC (Allocation Failure) 2024-10-09T21:43:17.743+0300: 380.574: [ParNew: 455723K->51072K(460096K), 0.0281744 secs] 3668819K->3272490K(8337536K), 0.0282557 secs] [Times: user=0.17 sys=0.00, real=0.03 secs] 
2024-10-09T21:43:17.774+0300: 380.602: Total time for which application threads were stopped: 0.0288210 seconds, Stopping threads took: 0.0004288 seconds
2024-10-09T21:43:17.931+0300: 380.769: Application time: 0.1670485 seconds
2024-10-09T21:43:17.931+0300: 380.769: [GC (Allocation Failure) 2024-10-09T21:43:17.931+0300: 380.769: [ParNew: 460096K->47642K(460096K), 0.0371134 secs] 3681514K->3299345K(8337536K), 0.0371989 secs] [Times: user=0.06 sys=0.00, real=0.05 secs] 
2024-10-09T21:43:17.980+0300: 380.806: Total time for which application threads were stopped: 0.0375310 seconds, Stopping threads took: 0.0001980 seconds
2024-10-09T21:43:18.151+0300: 380.983: Application time: 0.1766509 seconds
2024-10-09T21:43:18.151+0300: 380.983: [GC (Allocation Failure) 2024-10-09T21:43:18.151+0300: 380.983: [ParNew: 456666K->51072K(460096K), 0.0270272 secs] 3708369K->3312824K(8337536K), 0.0271368 secs] [Times: user=0.05 sys=0.00, real=0.03 secs] 
2024-10-09T21:43:18.182+0300: 381.010: Total time for which application threads were stopped: 0.0274201 seconds, Stopping threads took: 0.0001358 seconds
2024-10-09T21:43:18.354+0300: 381.182: Application time: 0.1716185 seconds
2024-10-09T21:43:18.354+0300: 381.182: [GC (Allocation Failure) 2024-10-09T21:43:18.354+0300: 381.183: [ParNew: 460096K->46167K(460096K), 0.0345170 secs] 3721848K->3331446K(8337536K), 0.0352096 secs] [Times: user=0.06 sys=0.00, real=0.03 secs] 
2024-10-09T21:43:18.386+0300: 381.218: Total time for which application threads were stopped: 0.0354588 seconds, Stopping threads took: 0.0001268 seconds
2024-10-09T21:43:18.559+0300: 381.394: Application time: 0.1762615 seconds
2024-10-09T21:43:18.559+0300: 381.394: [GC (Allocation Failure) 2024-10-09T21:43:18.559+0300: 381.394: [ParNew: 455191K->51072K(460096K), 0.0294887 secs] 3740470K->3357275K(8337536K), 0.0295900 secs] [Times: user=0.05 sys=0.00, real=0.03 secs] 
2024-10-09T21:43:18.590+0300: 381.424: Total time for which application threads were stopped: 0.0298872 seconds, Stopping threads took: 0.0001713 seconds
2024-10-09T21:43:18.763+0300: 381.602: Application time: 0.1785368 seconds
2024-10-09T21:43:18.763+0300: 381.602: [GC (Allocation Failure) 2024-10-09T21:43:18.763+0300: 381.603: [ParNew: 460096K->51072K(460096K), 0.0278823 secs] 3766299K->3368401K(8337536K), 0.0279857 secs] [Times: user=0.05 sys=0.00, real=0.03 secs] 
2024-10-09T21:43:18.794+0300: 381.631: Total time for which application threads were stopped: 0.0282885 seconds, Stopping threads took: 0.0001600 seconds
2024-10-09T21:43:18.967+0300: 381.794: Application time: 0.1637423 seconds
2024-10-09T21:43:18.967+0300: 381.794: [GC (Allocation Failure) 2024-10-09T21:43:18.967+0300: 381.794: [ParNew: 460096K->45336K(460096K), 0.0356162 secs] 3777425K->3393510K(8337536K), 0.0356950 secs] [Times: user=0.06 sys=0.00, real=0.03 secs] 
2024-10-09T21:43:18.998+0300: 381.830: Total time for which application threads were stopped: 0.0359347 seconds, Stopping threads took: 0.0001168 seconds
2024-10-09T21:43:19.171+0300: 382.000: Application time: 0.1702933 seconds
2024-10-09T21:43:19.171+0300: 382.001: [GC (Allocation Failure) 2024-10-09T21:43:19.171+0300: 382.001: [ParNew: 454360K->51072K(460096K), 0.0293857 secs] 3802534K->3418707K(8337536K), 0.0294689 secs] [Times: user=0.06 sys=0.00, real=0.03 secs] 
2024-10-09T21:43:19.202+0300: 382.030: Total time for which application threads were stopped: 0.0297376 seconds, Stopping threads took: 0.0001250 seconds
2024-10-09T21:43:19.375+0300: 382.208: Application time: 0.1773929 seconds
2024-10-09T21:43:19.375+0300: 382.208: [GC (Allocation Failure) 2024-10-09T21:43:19.375+0300: 382.208: [ParNew: 460096K->51072K(460096K), 0.0281309 secs] 3827731K->3427731K(8337536K), 0.0282101 secs] [Times: user=0.06 sys=0.00, real=0.03 secs] 
2024-10-09T21:43:19.406+0300: 382.236: Total time for which application threads were stopped: 0.0284678 seconds, Stopping threads took: 0.0001364 seconds
2024-10-09T21:43:19.563+0300: 382.402: Application time: 0.1657034 seconds
2024-10-09T21:43:19.563+0300: 382.402: [GC (Allocation Failure) 2024-10-09T21:43:19.563+0300: 382.402: [ParNew: 460096K->51072K(460096K), 0.0311361 secs] 3836755K->3447379K(8337536K), 0.0312269 secs] [Times: user=0.03 sys=0.00, real=0.03 secs] 
2024-10-09T21:43:19.594+0300: 382.433: Total time for which application threads were stopped: 0.0315431 seconds, Stopping threads took: 0.0001594 seconds
2024-10-09T21:43:19.783+0300: 382.617: Application time: 0.1836725 seconds
2024-10-09T21:43:19.783+0300: 382.617: [GC (Allocation Failure) 2024-10-09T21:43:19.783+0300: 382.617: [ParNew: 460096K->51072K(460096K), 0.0312183 secs] 3856403K->3470063K(8337536K), 0.0313061 secs] [Times: user=0.08 sys=0.02, real=0.03 secs] 
2024-10-09T21:43:19.814+0300: 382.649: Total time for which application threads were stopped: 0.0316110 seconds, Stopping threads took: 0.0001581 seconds
2024-10-09T21:43:19.987+0300: 382.822: Application time: 0.1735183 seconds
2024-10-09T21:43:19.987+0300: 382.822: [GC (Allocation Failure) 2024-10-09T21:43:19.987+0300: 382.822: [ParNew: 460096K->51072K(460096K), 0.0294644 secs] 3879087K->3480232K(8337536K), 0.0295954 secs] [Times: user=0.09 sys=0.00, real=0.03 secs] 
2024-10-09T21:43:20.018+0300: 382.852: Total time for which application threads were stopped: 0.0299010 seconds, Stopping threads took: 0.0001505 seconds
2024-10-09T21:43:20.191+0300: 383.022: Application time: 0.1703946 seconds
2024-10-09T21:43:20.191+0300: 383.023: [GC (Allocation Failure) 2024-10-09T21:43:20.191+0300: 383.023: [ParNew: 460096K->51072K(460096K), 0.0336620 secs] 3889256K->3508822K(8337536K), 0.0337520 secs] [Times: user=0.11 sys=0.00, real=0.04 secs] 
2024-10-09T21:43:20.228+0300: 383.056: Total time for which application threads were stopped: 0.0340139 seconds, Stopping threads took: 0.0001422 seconds
2024-10-09T21:43:20.395+0300: 383.225: Application time: 0.1682032 seconds
2024-10-09T21:43:20.395+0300: 383.225: [GC (Allocation Failure) 2024-10-09T21:43:20.395+0300: 383.225: [ParNew: 460096K->50721K(460096K), 0.0286080 secs] 3917846K->3524862K(8337536K), 0.0286964 secs] [Times: user=0.03 sys=0.00, real=0.03 secs] 
2024-10-09T21:43:20.426+0300: 383.254: Total time for which application threads were stopped: 0.0289696 seconds, Stopping threads took: 0.0001543 seconds
2024-10-09T21:43:20.583+0300: 383.420: Application time: 0.1659180 seconds
2024-10-09T21:43:20.583+0300: 383.420: [GC (Allocation Failure) 2024-10-09T21:43:20.583+0300: 383.420: [ParNew: 459745K->51072K(460096K), 0.0271681 secs] 3933886K->3536428K(8337536K), 0.0272563 secs] [Times: user=0.03 sys=0.00, real=0.03 secs] 
2024-10-09T21:43:20.615+0300: 383.447: Total time for which application threads were stopped: 0.0275100 seconds, Stopping threads took: 0.0001366 seconds
2024-10-09T21:43:20.787+0300: 383.623: Application time: 0.1758774 seconds
2024-10-09T21:43:20.787+0300: 383.623: [GC (Allocation Failure) 2024-10-09T21:43:20.787+0300: 383.623: [ParNew: 460096K->51072K(460096K), 0.0276616 secs] 3945452K->3551407K(8337536K), 0.0277667 secs] [Times: user=0.06 sys=0.00, real=0.03 secs] 
2024-10-09T21:43:20.818+0300: 383.651: Total time for which application threads were stopped: 0.0280749 seconds, Stopping threads took: 0.0001619 seconds
2024-10-09T21:43:20.991+0300: 383.821: Application time: 0.1697797 seconds
2024-10-09T21:43:20.991+0300: 383.821: [GC (Allocation Failure) 2024-10-09T21:43:20.991+0300: 383.821: [ParNew: 460096K->51072K(460096K), 0.0272590 secs] 3960431K->3564492K(8337536K), 0.0273561 secs] [Times: user=0.03 sys=0.00, real=0.03 secs] 
2024-10-09T21:43:21.022+0300: 383.848: Total time for which application threads were stopped: 0.0276294 seconds, Stopping threads took: 0.0001485 seconds
2024-10-09T21:43:21.180+0300: 384.015: Application time: 0.1670186 seconds
2024-10-09T21:43:21.180+0300: 384.016: [GC (Allocation Failure) 2024-10-09T21:43:21.180+0300: 384.016: [ParNew: 460096K->51072K(460096K), 0.0294611 secs] 3973516K->3580066K(8337536K), 0.0295511 secs] [Times: user=0.03 sys=0.00, real=0.03 secs] 
2024-10-09T21:43:21.211+0300: 384.045: Total time for which application threads were stopped: 0.0298105 seconds, Stopping threads took: 0.0001397 seconds
2024-10-09T21:43:21.368+0300: 384.208: Application time: 0.1628783 seconds
2024-10-09T21:43:21.368+0300: 384.208: [GC (Allocation Failure) 2024-10-09T21:43:21.368+0300: 384.208: [ParNew: 460096K->51072K(460096K), 0.0298084 secs] 3989090K->3600306K(8337536K), 0.0298963 secs] [Times: user=0.03 sys=0.00, real=0.03 secs] 
2024-10-09T21:43:21.399+0300: 384.238: Total time for which application threads were stopped: 0.0301449 seconds, Stopping threads took: 0.0001307 seconds
2024-10-09T21:43:21.571+0300: 384.406: Application time: 0.1679044 seconds
2024-10-09T21:43:21.571+0300: 384.406: [GC (Allocation Failure) 2024-10-09T21:43:21.571+0300: 384.406: [ParNew: 460096K->51072K(460096K), 0.0305279 secs] 4009330K->3620608K(8337536K), 0.0306155 secs] [Times: user=0.03 sys=0.00, real=0.03 secs] 
2024-10-09T21:43:21.603+0300: 384.437: Total time for which application threads were stopped: 0.0309178 seconds, Stopping threads took: 0.0001716 seconds
2024-10-09T21:43:21.775+0300: 384.605: Application time: 0.1680580 seconds
2024-10-09T21:43:21.775+0300: 384.605: [GC (Allocation Failure) 2024-10-09T21:43:21.775+0300: 384.605: [ParNew: 460096K->51072K(460096K), 0.0283145 secs] 4029632K->3638017K(8337536K), 0.0284170 secs] [Times: user=0.09 sys=0.00, real=0.03 secs] 
2024-10-09T21:43:21.807+0300: 384.634: Total time for which application threads were stopped: 0.0286851 seconds, Stopping threads took: 0.0001268 seconds
2024-10-09T21:43:21.964+0300: 384.800: Application time: 0.1661408 seconds
2024-10-09T21:43:21.964+0300: 384.800: [GC (Allocation Failure) 2024-10-09T21:43:21.964+0300: 384.800: [ParNew: 460096K->51072K(460096K), 0.0320593 secs] 4047041K->3661302K(8337536K), 0.0321457 secs] [Times: user=0.03 sys=0.00, real=0.03 secs] 
2024-10-09T21:43:21.995+0300: 384.832: Total time for which application threads were stopped: 0.0324120 seconds, Stopping threads took: 0.0001475 seconds
2024-10-09T21:43:22.168+0300: 385.003: Application time: 0.1702155 seconds
2024-10-09T21:43:22.168+0300: 385.003: [GC (Allocation Failure) 2024-10-09T21:43:22.168+0300: 385.003: [ParNew: 460096K->51072K(460096K), 0.0284946 secs] 4070326K->3675515K(8337536K), 0.0285812 secs] [Times: user=0.02 sys=0.00, real=0.03 secs] 
2024-10-09T21:43:22.199+0300: 385.032: Total time for which application threads were stopped: 0.0288444 seconds, Stopping threads took: 0.0001361 seconds
2024-10-09T21:43:22.356+0300: 385.197: Application time: 0.1655206 seconds
2024-10-09T21:43:22.356+0300: 385.197: [GC (Allocation Failure) 2024-10-09T21:43:22.356+0300: 385.197: [ParNew: 460096K->51072K(460096K), 0.0317844 secs] 4084539K->3699847K(8337536K), 0.0318667 secs] [Times: user=0.05 sys=0.00, real=0.05 secs] 
2024-10-09T21:43:22.403+0300: 385.229: Total time for which application threads were stopped: 0.0321015 seconds, Stopping threads took: 0.0001187 seconds
2024-10-09T21:43:22.560+0300: 385.395: Application time: 0.1655205 seconds
2024-10-09T21:43:22.560+0300: 385.395: [GC (Allocation Failure) 2024-10-09T21:43:22.560+0300: 385.395: [ParNew: 460096K->51072K(460096K), 0.0303280 secs] 4108871K->3718670K(8337536K), 0.0304197 secs] [Times: user=0.03 sys=0.00, real=0.03 secs] 
2024-10-09T21:43:22.591+0300: 385.425: Total time for which application threads were stopped: 0.0306992 seconds, Stopping threads took: 0.0001591 seconds
2024-10-09T21:43:22.764+0300: 385.604: Application time: 0.1782354 seconds
2024-10-09T21:43:22.764+0300: 385.604: [GC (Allocation Failure) 2024-10-09T21:43:22.764+0300: 385.604: [ParNew: 460096K->49594K(460096K), 0.0309330 secs] 4127694K->3739449K(8337536K), 0.0310287 secs] [Times: user=0.03 sys=0.00, real=0.03 secs] 
2024-10-09T21:43:22.795+0300: 385.635: Total time for which application threads were stopped: 0.0312986 seconds, Stopping threads took: 0.0001344 seconds
2024-10-09T21:43:22.968+0300: 385.799: Application time: 0.1639324 seconds
2024-10-09T21:43:22.968+0300: 385.799: [GC (Allocation Failure) 2024-10-09T21:43:22.968+0300: 385.799: [ParNew: 458618K->51072K(460096K), 0.0281093 secs] 4148473K->3753824K(8337536K), 0.0281940 secs] [Times: user=0.03 sys=0.00, real=0.03 secs] 
2024-10-09T21:43:22.999+0300: 385.827: Total time for which application threads were stopped: 0.0284961 seconds, Stopping threads took: 0.0001861 seconds
2024-10-09T21:43:23.156+0300: 385.993: Application time: 0.1655749 seconds
2024-10-09T21:43:23.156+0300: 385.993: [GC (Allocation Failure) 2024-10-09T21:43:23.156+0300: 385.993: [ParNew: 460096K->46109K(460096K), 0.0322665 secs] 4162848K->3774811K(8337536K), 0.0323498 secs] [Times: user=0.03 sys=0.00, real=0.03 secs] 
2024-10-09T21:43:23.188+0300: 386.025: Total time for which application threads were stopped: 0.0325592 seconds, Stopping threads took: 0.0000987 seconds
2024-10-09T21:43:23.360+0300: 386.197: Application time: 0.1719390 seconds
2024-10-09T21:43:23.360+0300: 386.198: [GC (Allocation Failure) 2024-10-09T21:43:23.360+0300: 386.198: [ParNew: 455133K->44699K(460096K), 0.0318495 secs] 4183835K->3796046K(8337536K), 0.0319485 secs] [Times: user=0.01 sys=0.00, real=0.03 secs] 
2024-10-09T21:43:23.391+0300: 386.230: Total time for which application threads were stopped: 0.0322360 seconds, Stopping threads took: 0.0001689 seconds
2024-10-09T21:43:23.564+0300: 386.397: Application time: 0.1668674 seconds
2024-10-09T21:43:23.564+0300: 386.397: [GC (Allocation Failure) 2024-10-09T21:43:23.564+0300: 386.397: [ParNew: 453723K->51072K(460096K), 0.0258273 secs] 4205070K->3809356K(8337536K), 0.0259126 secs] [Times: user=0.02 sys=0.00, real=0.03 secs] 
2024-10-09T21:43:23.596+0300: 386.423: Total time for which application threads were stopped: 0.0261632 seconds, Stopping threads took: 0.0001335 seconds
2024-10-09T21:43:23.753+0300: 386.589: Application time: 0.1658912 seconds
2024-10-09T21:43:23.753+0300: 386.589: [GC (Allocation Failure) 2024-10-09T21:43:23.753+0300: 386.589: [ParNew: 460096K->48408K(460096K), 0.0332454 secs] 4218380K->3834704K(8337536K), 0.0333355 secs] [Times: user=0.06 sys=0.00, real=0.03 secs] 
2024-10-09T21:43:23.784+0300: 386.622: Total time for which application threads were stopped: 0.0336970 seconds, Stopping threads took: 0.0002292 seconds
2024-10-09T21:43:23.957+0300: 386.797: Application time: 0.1744509 seconds
2024-10-09T21:43:23.957+0300: 386.797: [GC (Allocation Failure) 2024-10-09T21:43:23.957+0300: 386.797: [ParNew: 457432K->45982K(460096K), 0.0306647 secs] 4243728K->3853657K(8337536K), 0.0307570 secs] [Times: user=0.03 sys=0.00, real=0.03 secs] 
2024-10-09T21:43:23.988+0300: 386.828: Total time for which application threads were stopped: 0.0309878 seconds, Stopping threads took: 0.0001121 seconds
2024-10-09T21:43:24.161+0300: 387.001: Application time: 0.1731543 seconds
2024-10-09T21:43:24.161+0300: 387.001: [GC (Allocation Failure) 2024-10-09T21:43:24.161+0300: 387.001: [ParNew: 455006K->51072K(460096K), 0.0264784 secs] 4262681K->3865842K(8337536K), 0.0265743 secs] [Times: user=0.03 sys=0.00, real=0.03 secs] 
2024-10-09T21:43:24.192+0300: 387.028: Total time for which application threads were stopped: 0.0268508 seconds, Stopping threads took: 0.0001432 seconds
2024-10-09T21:43:24.349+0300: 387.180: Application time: 0.1518345 seconds
2024-10-09T21:43:24.349+0300: 387.180: [GC (Allocation Failure) 2024-10-09T21:43:24.349+0300: 387.180: [ParNew: 460096K->51072K(460096K), 0.0319476 secs] 4274866K->3890295K(8337536K), 0.0320349 secs] [Times: user=0.03 sys=0.00, real=0.03 secs] 
2024-10-09T21:43:24.380+0300: 387.212: Total time for which application threads were stopped: 0.0322998 seconds, Stopping threads took: 0.0001472 seconds
2024-10-09T21:43:24.553+0300: 387.388: Application time: 0.1757079 seconds
2024-10-09T21:43:24.553+0300: 387.388: [GC (Allocation Failure) 2024-10-09T21:43:24.553+0300: 387.388: [ParNew: 460096K->51072K(460096K), 0.0278960 secs] 4299319K->3908422K(8337536K), 0.0279834 secs] [Times: user=0.03 sys=0.00, real=0.03 secs] 
2024-10-09T21:43:24.584+0300: 387.416: Total time for which application threads were stopped: 0.0282202 seconds, Stopping threads took: 0.0001183 seconds
2024-10-09T21:43:24.757+0300: 387.597: Application time: 0.1814606 seconds
2024-10-09T21:43:24.757+0300: 387.598: [GC (Allocation Failure) 2024-10-09T21:43:24.757+0300: 387.598: [ParNew: 460096K->51072K(460096K), 0.0264200 secs] 4317446K->3914861K(8337536K), 0.0265073 secs] [Times: user=0.03 sys=0.00, real=0.03 secs] 
2024-10-09T21:43:24.788+0300: 387.624: Total time for which application threads were stopped: 0.0268294 seconds, Stopping threads took: 0.0001756 seconds
2024-10-09T21:43:24.945+0300: 387.774: Application time: 0.1501107 seconds
2024-10-09T21:43:24.945+0300: 387.774: [GC (Allocation Failure) 2024-10-09T21:43:24.945+0300: 387.774: [ParNew: 460096K->49483K(460096K), 0.0330730 secs] 4323885K->3942243K(8337536K), 0.0331580 secs] [Times: user=0.02 sys=0.00, real=0.03 secs] 
2024-10-09T21:43:24.977+0300: 387.808: Total time for which application threads were stopped: 0.0334390 seconds, Stopping threads took: 0.0001539 seconds
2024-10-09T21:43:25.150+0300: 387.986: Application time: 0.1781275 seconds
2024-10-09T21:43:25.150+0300: 387.986: [GC (Allocation Failure) 2024-10-09T21:43:25.150+0300: 387.986: [ParNew: 458507K->46635K(460096K), 0.0267959 secs] 4351267K->3951642K(8337536K), 0.0268922 secs] [Times: user=0.03 sys=0.00, real=0.03 secs] 
2024-10-09T21:43:25.181+0300: 388.013: Total time for which application threads were stopped: 0.0271691 seconds, Stopping threads took: 0.0001537 seconds
2024-10-09T21:43:25.354+0300: 388.189: Application time: 0.1764537 seconds
2024-10-09T21:43:25.354+0300: 388.190: [GC (Allocation Failure) 2024-10-09T21:43:25.354+0300: 388.190: [ParNew: 455659K->51072K(460096K), 0.0296778 secs] 4360666K->3971898K(8337536K), 0.0297697 secs] [Times: user=0.05 sys=0.00, real=0.03 secs] 
2024-10-09T21:43:25.385+0300: 388.219: Total time for which application threads were stopped: 0.0300150 seconds, Stopping threads took: 0.0001247 seconds
2024-10-09T21:43:25.542+0300: 388.377: Application time: 0.1572525 seconds
2024-10-09T21:43:25.542+0300: 388.377: [GC (Allocation Failure) 2024-10-09T21:43:25.542+0300: 388.377: [ParNew: 460096K->50460K(460096K), 0.0328026 secs] 4380922K->3998023K(8337536K), 0.0328934 secs] [Times: user=0.03 sys=0.00, real=0.03 secs] 
2024-10-09T21:43:25.574+0300: 388.410: Total time for which application threads were stopped: 0.0331606 seconds, Stopping threads took: 0.0001495 seconds
2024-10-09T21:43:25.747+0300: 388.585: Application time: 0.1751044 seconds
2024-10-09T21:43:25.747+0300: 388.585: [GC (Allocation Failure) 2024-10-09T21:43:25.747+0300: 388.585: [ParNew: 459484K->51072K(460096K), 0.0272124 secs] 4407047K->4014243K(8337536K), 0.0273029 secs] [Times: user=0.03 sys=0.00, real=0.03 secs] 
2024-10-09T21:43:25.778+0300: 388.613: Total time for which application threads were stopped: 0.0275578 seconds, Stopping threads took: 0.0001377 seconds
2024-10-09T21:43:25.951+0300: 388.786: Application time: 0.1735707 seconds
2024-10-09T21:43:25.951+0300: 388.786: [GC (Allocation Failure) 2024-10-09T21:43:25.951+0300: 388.786: [ParNew: 460096K->51072K(460096K), 0.0312108 secs] 4423267K->4031321K(8337536K), 0.0313021 secs] [Times: user=0.03 sys=0.00, real=0.03 secs] 
2024-10-09T21:43:25.982+0300: 388.818: Total time for which application threads were stopped: 0.0315767 seconds, Stopping threads took: 0.0001520 seconds
2024-10-09T21:43:26.141+0300: 388.979: Application time: 0.1615178 seconds
2024-10-09T21:43:26.141+0300: 388.979: [GC (Allocation Failure) 2024-10-09T21:43:26.141+0300: 388.979: [ParNew: 460096K->51072K(460096K), 0.0303278 secs] 4440345K->4051868K(8337536K), 0.0304165 secs] [Times: user=0.03 sys=0.00, real=0.03 secs] 
2024-10-09T21:43:26.170+0300: 389.010: Total time for which application threads were stopped: 0.0306986 seconds, Stopping threads took: 0.0001632 seconds
2024-10-09T21:43:26.343+0300: 389.181: Application time: 0.1712166 seconds
2024-10-09T21:43:26.343+0300: 389.181: [GC (Allocation Failure) 2024-10-09T21:43:26.343+0300: 389.181: [ParNew: 460096K->51072K(460096K), 0.0282499 secs] 4460892K->4065233K(8337536K), 0.0283426 secs] [Times: user=0.03 sys=0.00, real=0.03 secs] 
2024-10-09T21:43:26.374+0300: 389.210: Total time for which application threads were stopped: 0.0286352 seconds, Stopping threads took: 0.0001692 seconds
2024-10-09T21:43:26.542+0300: 389.372: Application time: 0.1619258 seconds
2024-10-09T21:43:26.542+0300: 389.372: [GC (Allocation Failure) 2024-10-09T21:43:26.542+0300: 389.372: [ParNew: 460096K->51072K(460096K), 0.0327039 secs] 4474257K->4091314K(8337536K), 0.0327885 secs] [Times: user=0.03 sys=0.00, real=0.04 secs] 
2024-10-09T21:43:26.578+0300: 389.405: Total time for which application threads were stopped: 0.0330236 seconds, Stopping threads took: 0.0001176 seconds
2024-10-09T21:43:26.751+0300: 389.579: Application time: 0.1741288 seconds
2024-10-09T21:43:26.751+0300: 389.579: [GC (Allocation Failure) 2024-10-09T21:43:26.751+0300: 389.579: [ParNew: 460096K->51072K(460096K), 0.0278204 secs] 4500338K->4107533K(8337536K), 0.0279194 secs] [Times: user=0.03 sys=0.00, real=0.02 secs] 
2024-10-09T21:43:26.767+0300: 389.607: Total time for which application threads were stopped: 0.0281958 seconds, Stopping threads took: 0.0001398 seconds
2024-10-09T21:43:26.943+0300: 389.780: Application time: 0.1730684 seconds
2024-10-09T21:43:26.943+0300: 389.780: [GC (Allocation Failure) 2024-10-09T21:43:26.943+0300: 389.780: [ParNew: 460096K->51072K(460096K), 0.0271752 secs] 4516557K->4117868K(8337536K), 0.0272614 secs] [Times: user=0.03 sys=0.00, real=0.03 secs] 
2024-10-09T21:43:26.971+0300: 389.808: Total time for which application threads were stopped: 0.0275420 seconds, Stopping threads took: 0.0001626 seconds
2024-10-09T21:43:27.127+0300: 389.967: Application time: 0.1598611 seconds
2024-10-09T21:43:27.127+0300: 389.968: [GC (Allocation Failure) 2024-10-09T21:43:27.127+0300: 389.968: [ParNew: 460096K->51072K(460096K), 0.0289593 secs] 4526892K->4135942K(8337536K), 0.0290455 secs] [Times: user=0.05 sys=0.00, real=0.04 secs] 
2024-10-09T21:43:27.170+0300: 389.997: Total time for which application threads were stopped: 0.0293121 seconds, Stopping threads took: 0.0001532 seconds
2024-10-09T21:43:27.331+0300: 390.169: Application time: 0.1718874 seconds
2024-10-09T21:43:27.331+0300: 390.169: [GC (Allocation Failure) 2024-10-09T21:43:27.331+0300: 390.169: [ParNew: 460096K->51072K(460096K), 0.0299654 secs] 4544966K->4155295K(8337536K), 0.0300532 secs] [Times: user=0.06 sys=0.00, real=0.03 secs] 
2024-10-09T21:43:27.363+0300: 390.199: Total time for which application threads were stopped: 0.0303751 seconds, Stopping threads took: 0.0001915 seconds
2024-10-09T21:43:27.544+0300: 390.374: Application time: 0.1751311 seconds
2024-10-09T21:43:27.544+0300: 390.374: [GC (Allocation Failure) 2024-10-09T21:43:27.544+0300: 390.374: [ParNew: 460096K->51072K(460096K), 0.0285524 secs] 4564319K->4167111K(8337536K), 0.0286457 secs] [Times: user=0.01 sys=0.00, real=0.02 secs] 
2024-10-09T21:43:27.567+0300: 390.403: Total time for which application threads were stopped: 0.0289346 seconds, Stopping threads took: 0.0001438 seconds
2024-10-09T21:43:27.724+0300: 390.562: Application time: 0.1588694 seconds
2024-10-09T21:43:27.724+0300: 390.562: [GC (Allocation Failure) 2024-10-09T21:43:27.724+0300: 390.562: [ParNew: 460096K->51072K(460096K), 0.0312025 secs] 4576135K->4189680K(8337536K), 0.0312954 secs] [Times: user=0.03 sys=0.00, real=0.03 secs] 
2024-10-09T21:43:27.756+0300: 390.594: Total time for which application threads were stopped: 0.0316082 seconds, Stopping threads took: 0.0001826 seconds
2024-10-09T21:43:27.928+0300: 390.766: Application time: 0.1720391 seconds
2024-10-09T21:43:27.928+0300: 390.766: [GC (Allocation Failure) 2024-10-09T21:43:27.928+0300: 390.766: [ParNew: 460096K->51072K(460096K), 0.0300016 secs] 4598704K->4210780K(8337536K), 0.0300896 secs] [Times: user=0.03 sys=0.00, real=0.03 secs] 
2024-10-09T21:43:27.960+0300: 390.796: Total time for which application threads were stopped: 0.0303400 seconds, Stopping threads took: 0.0001326 seconds
2024-10-09T21:43:28.145+0300: 390.971: Application time: 0.1752179 seconds
2024-10-09T21:43:28.145+0300: 390.971: [GC (Allocation Failure) 2024-10-09T21:43:28.145+0300: 390.971: [ParNew: 460096K->51072K(460096K), 0.0294535 secs] 4619804K->4224160K(8337536K), 0.0295424 secs] [Times: user=0.02 sys=0.00, real=0.02 secs] 
2024-10-09T21:43:28.164+0300: 391.001: Total time for which application threads were stopped: 0.0298017 seconds, Stopping threads took: 0.0001404 seconds
2024-10-09T21:43:28.321+0300: 391.155: Application time: 0.1538406 seconds
2024-10-09T21:43:28.321+0300: 391.155: [GC (Allocation Failure) 2024-10-09T21:43:28.321+0300: 391.155: [ParNew: 460096K->51072K(460096K), 0.0328068 secs] 4633184K->4244611K(8337536K), 0.0328964 secs] [Times: user=0.03 sys=0.00, real=0.03 secs] 
2024-10-09T21:43:28.352+0300: 391.188: Total time for which application threads were stopped: 0.0332081 seconds, Stopping threads took: 0.0001948 seconds
2024-10-09T21:43:28.524+0300: 391.362: Application time: 0.1738735 seconds
2024-10-09T21:43:28.524+0300: 391.362: [GC (Allocation Failure) 2024-10-09T21:43:28.524+0300: 391.362: [ParNew: 460096K->51072K(460096K), 0.0301637 secs] 4653635K->4266953K(8337536K), 0.0302569 secs] [Times: user=0.06 sys=0.00, real=0.03 secs] 
2024-10-09T21:43:28.556+0300: 391.392: Total time for which application threads were stopped: 0.0305083 seconds, Stopping threads took: 0.0001324 seconds
2024-10-09T21:43:28.744+0300: 391.572: Application time: 0.1796475 seconds
2024-10-09T21:43:28.744+0300: 391.572: [GC (Allocation Failure) 2024-10-09T21:43:28.744+0300: 391.572: [ParNew: 460096K->51072K(460096K), 0.0277990 secs] 4675977K->4275177K(8337536K), 0.0278858 secs] [Times: user=0.09 sys=0.00, real=0.02 secs] 
2024-10-09T21:43:28.760+0300: 391.600: Total time for which application threads were stopped: 0.0281665 seconds, Stopping threads took: 0.0001550 seconds
2024-10-09T21:43:28.932+0300: 391.758: Application time: 0.1580243 seconds
2024-10-09T21:43:28.932+0300: 391.759: [GC (Allocation Failure) 2024-10-09T21:43:28.932+0300: 391.759: [ParNew: 460096K->51072K(460096K), 0.0316139 secs] 4684201K->4297547K(8337536K), 0.0317131 secs] [Times: user=0.01 sys=0.00, real=0.03 secs] 
2024-10-09T21:43:28.964+0300: 391.790: Total time for which application threads were stopped: 0.0319763 seconds, Stopping threads took: 0.0001401 seconds
2024-10-09T21:43:29.122+0300: 391.962: Application time: 0.1719853 seconds
2024-10-09T21:43:29.122+0300: 391.963: [GC (Allocation Failure) 2024-10-09T21:43:29.122+0300: 391.963: [ParNew: 460096K->42157K(460096K), 0.0293647 secs] 4706571K->4313686K(8337536K), 0.0294512 secs] [Times: user=0.03 sys=0.00, real=0.03 secs] 
2024-10-09T21:43:29.153+0300: 391.992: Total time for which application threads were stopped: 0.0297139 seconds, Stopping threads took: 0.0001471 seconds
2024-10-09T21:43:29.325+0300: 392.165: Application time: 0.1730722 seconds
2024-10-09T21:43:29.325+0300: 392.165: [GC (Allocation Failure) 2024-10-09T21:43:29.325+0300: 392.165: [ParNew: 451181K->51072K(460096K), 0.0275994 secs] 4722710K->4331562K(8337536K), 0.0276951 secs] [Times: user=0.03 sys=0.00, real=0.03 secs] 
2024-10-09T21:43:29.357+0300: 392.193: Total time for which application threads were stopped: 0.0279590 seconds, Stopping threads took: 0.0001487 seconds
2024-10-09T21:43:29.514+0300: 392.352: Application time: 0.1591792 seconds
2024-10-09T21:43:29.514+0300: 392.352: [GC (Allocation Failure) 2024-10-09T21:43:29.514+0300: 392.353: [ParNew: 460096K->51072K(460096K), 0.0341609 secs] 4740586K->4358041K(8337536K), 0.0342475 secs] [Times: user=0.05 sys=0.00, real=0.04 secs] 
2024-10-09T21:43:29.549+0300: 392.387: Total time for which application threads were stopped: 0.0345541 seconds, Stopping threads took: 0.0001865 seconds
2024-10-09T21:43:29.733+0300: 392.561: Application time: 0.1738885 seconds
2024-10-09T21:43:29.733+0300: 392.561: [GC (Allocation Failure) 2024-10-09T21:43:29.733+0300: 392.561: [ParNew: 460096K->44546K(460096K), 0.0297420 secs] 4767065K->4377840K(8337536K), 0.0298426 secs] [Times: user=0.03 sys=0.00, real=0.03 secs] 
2024-10-09T21:43:29.765+0300: 392.591: Total time for which application threads were stopped: 0.0301416 seconds, Stopping threads took: 0.0001355 seconds
2024-10-09T21:43:29.921+0300: 392.761: Application time: 0.1698111 seconds
2024-10-09T21:43:29.921+0300: 392.761: [GC (Allocation Failure) 2024-10-09T21:43:29.921+0300: 392.761: [ParNew: 453570K->51072K(460096K), 0.0264350 secs] 4786864K->4392008K(8337536K), 0.0265210 secs] [Times: user=0.03 sys=0.00, real=0.03 secs] 
2024-10-09T21:43:29.953+0300: 392.787: Total time for which application threads were stopped: 0.0267740 seconds, Stopping threads took: 0.0001350 seconds
2024-10-09T21:43:30.110+0300: 392.950: Application time: 0.1621637 seconds
2024-10-09T21:43:30.110+0300: 392.950: [GC (Allocation Failure) 2024-10-09T21:43:30.110+0300: 392.950: [ParNew: 460096K->50767K(460096K), 0.0277467 secs] 4801032K->4405502K(8337536K), 0.0278303 secs] [Times: user=0.05 sys=0.00, real=0.04 secs] 
2024-10-09T21:43:30.150+0300: 392.978: Total time for which application threads were stopped: 0.0281194 seconds, Stopping threads took: 0.0001605 seconds
2024-10-09T21:43:30.314+0300: 393.145: Application time: 0.1675944 seconds
2024-10-09T21:43:30.314+0300: 393.145: [GC (Allocation Failure) 2024-10-09T21:43:30.314+0300: 393.145: [ParNew: 459791K->51072K(460096K), 0.0293173 secs] 4814526K->4427969K(8337536K), 0.0293976 secs] [Times: user=0.03 sys=0.00, real=0.03 secs] 
2024-10-09T21:43:30.345+0300: 393.175: Total time for which application threads were stopped: 0.0296077 seconds, Stopping threads took: 0.0000844 seconds
2024-10-09T21:43:30.518+0300: 393.348: Application time: 0.1727221 seconds
2024-10-09T21:43:30.518+0300: 393.348: [GC (Allocation Failure) 2024-10-09T21:43:30.518+0300: 393.348: [ParNew: 460096K->45417K(460096K), 0.0272145 secs] 4836993K->4435164K(8337536K), 0.0273486 secs] [Times: user=0.02 sys=0.02, real=0.03 secs] 
2024-10-09T21:43:30.549+0300: 393.375: Total time for which application threads were stopped: 0.0275866 seconds, Stopping threads took: 0.0001194 seconds
2024-10-09T21:43:30.706+0300: 393.539: Application time: 0.1642410 seconds
2024-10-09T21:43:30.706+0300: 393.540: [GC (Allocation Failure) 2024-10-09T21:43:30.706+0300: 393.540: [ParNew: 454441K->51072K(460096K), 0.0287486 secs] 4844188K->4456688K(8337536K), 0.0288362 secs] [Times: user=0.08 sys=0.00, real=0.03 secs] 
2024-10-09T21:43:30.738+0300: 393.569: Total time for which application threads were stopped: 0.0291115 seconds, Stopping threads took: 0.0001399 seconds
2024-10-09T21:43:30.911+0300: 393.741: Application time: 0.1723281 seconds
2024-10-09T21:43:30.911+0300: 393.741: [GC (Allocation Failure) 2024-10-09T21:43:30.911+0300: 393.741: [ParNew: 460096K->51072K(460096K), 0.0312748 secs] 4865712K->4481580K(8337536K), 0.0313601 secs] [Times: user=0.03 sys=0.00, real=0.03 secs] 
2024-10-09T21:43:30.942+0300: 393.773: Total time for which application threads were stopped: 0.0316198 seconds, Stopping threads took: 0.0001377 seconds
2024-10-09T21:43:31.099+0300: 393.939: Application time: 0.1666239 seconds
2024-10-09T21:43:31.099+0300: 393.939: [GC (Allocation Failure) 2024-10-09T21:43:31.099+0300: 393.939: [ParNew: 460096K->51072K(460096K), 0.0276012 secs] 4890604K->4492362K(8337536K), 0.0276896 secs] [Times: user=0.03 sys=0.00, real=0.03 secs] 
2024-10-09T21:43:31.130+0300: 393.967: Total time for which application threads were stopped: 0.0279932 seconds, Stopping threads took: 0.0001868 seconds
2024-10-09T21:43:31.303+0300: 394.130: Application time: 0.1633434 seconds
2024-10-09T21:43:31.303+0300: 394.131: [GC (Allocation Failure) 2024-10-09T21:43:31.303+0300: 394.131: [ParNew: 460096K->51072K(460096K), 0.0353103 secs] 4901386K->4522341K(8337536K), 0.0354006 secs] [Times: user=0.03 sys=0.00, real=0.03 secs] 
2024-10-09T21:43:31.334+0300: 394.166: Total time for which application threads were stopped: 0.0356686 seconds, Stopping threads took: 0.0001462 seconds
2024-10-09T21:43:31.507+0300: 394.338: Application time: 0.1715855 seconds
2024-10-09T21:43:31.507+0300: 394.338: [GC (Allocation Failure) 2024-10-09T21:43:31.507+0300: 394.338: [ParNew: 460096K->51072K(460096K), 0.0319370 secs] 4931365K->4546045K(8337536K), 0.0320233 secs] [Times: user=0.03 sys=0.00, real=0.03 secs] 
2024-10-09T21:43:31.539+0300: 394.370: Total time for which application threads were stopped: 0.0322422 seconds, Stopping threads took: 0.0001064 seconds
2024-10-09T21:43:31.711+0300: 394.544: Application time: 0.1738328 seconds
2024-10-09T21:43:31.711+0300: 394.544: [GC (Allocation Failure) 2024-10-09T21:43:31.711+0300: 394.544: [ParNew: 460096K->51072K(460096K), 0.0302532 secs] 4955069K->4560254K(8337536K), 0.0303472 secs] [Times: user=0.05 sys=0.00, real=0.03 secs] 
2024-10-09T21:43:31.743+0300: 394.575: Total time for which application threads were stopped: 0.0306950 seconds, Stopping threads took: 0.0002156 seconds
2024-10-09T21:43:31.900+0300: 394.733: Application time: 0.1587220 seconds
2024-10-09T21:43:31.900+0300: 394.733: [GC (Allocation Failure) 2024-10-09T21:43:31.900+0300: 394.733: [ParNew: 460096K->49029K(460096K), 0.0355919 secs] 4969278K->4590098K(8337536K), 0.0356851 secs] [Times: user=0.03 sys=0.00, real=0.03 secs] 
2024-10-09T21:43:31.931+0300: 394.769: Total time for which application threads were stopped: 0.0359333 seconds, Stopping threads took: 0.0001306 seconds
2024-10-09T21:43:32.104+0300: 394.945: Application time: 0.1753626 seconds
2024-10-09T21:43:32.104+0300: 394.945: [GC (Allocation Failure) 2024-10-09T21:43:32.104+0300: 394.945: [ParNew: 458053K->45912K(460096K), 0.0296303 secs] 4999122K->4606602K(8337536K), 0.0297192 secs] [Times: user=0.03 sys=0.00, real=0.03 secs] 
2024-10-09T21:43:32.135+0300: 394.975: Total time for which application threads were stopped: 0.0299688 seconds, Stopping threads took: 0.0001325 seconds
2024-10-09T21:43:32.308+0300: 395.149: Application time: 0.1744822 seconds
2024-10-09T21:43:32.308+0300: 395.149: [GC (Allocation Failure) 2024-10-09T21:43:32.308+0300: 395.149: [ParNew: 454936K->51072K(460096K), 0.0265908 secs] 5015626K->4617376K(8337536K), 0.0266738 secs] [Times: user=0.03 sys=0.00, real=0.03 secs] 
2024-10-09T21:43:32.340+0300: 395.176: Total time for which application threads were stopped: 0.0269329 seconds, Stopping threads took: 0.0001426 seconds
2024-10-09T21:43:32.497+0300: 395.333: Application time: 0.1570086 seconds
2024-10-09T21:43:32.497+0300: 395.333: [GC (Allocation Failure) 2024-10-09T21:43:32.497+0300: 395.333: [ParNew: 460096K->49626K(460096K), 0.0378808 secs] 5026400K->4655636K(8337536K), 0.0379623 secs] [Times: user=0.03 sys=0.00, real=0.05 secs] 
2024-10-09T21:43:32.544+0300: 395.371: Total time for which application threads were stopped: 0.0382166 seconds, Stopping threads took: 0.0001349 seconds
2024-10-09T21:43:32.716+0300: 395.551: Application time: 0.1794957 seconds
2024-10-09T21:43:32.716+0300: 395.551: [GC (Allocation Failure) 2024-10-09T21:43:32.716+0300: 395.551: [ParNew: 458650K->48306K(460096K), 0.0284391 secs] 5064660K->4669266K(8337536K), 0.0285278 secs] [Times: user=0.03 sys=0.00, real=0.03 secs] 
2024-10-09T21:43:32.748+0300: 395.579: Total time for which application threads were stopped: 0.0288297 seconds, Stopping threads took: 0.0001653 seconds
2024-10-09T21:43:32.920+0300: 395.750: Application time: 0.1702488 seconds
2024-10-09T21:43:32.920+0300: 395.750: [GC (Allocation Failure) 2024-10-09T21:43:32.920+0300: 395.750: [ParNew: 457330K->51072K(460096K), 0.0294415 secs] 5078290K->4686201K(8337536K), 0.0295243 secs] [Times: user=0.03 sys=0.00, real=0.03 secs] 
2024-10-09T21:43:32.952+0300: 395.780: Total time for which application threads were stopped: 0.0297793 seconds, Stopping threads took: 0.0001384 seconds
2024-10-09T21:43:33.109+0300: 395.935: Application time: 0.1551906 seconds
2024-10-09T21:43:33.109+0300: 395.935: [GC (Allocation Failure) 2024-10-09T21:43:33.109+0300: 395.935: [ParNew: 460096K->51072K(460096K), 0.0358828 secs] 5095225K->4718416K(8337536K), 0.0359704 secs] [Times: user=0.03 sys=0.00, real=0.03 secs] 
2024-10-09T21:43:33.140+0300: 395.971: Total time for which application threads were stopped: 0.0362165 seconds, Stopping threads took: 0.0001186 seconds
2024-10-09T21:43:33.313+0300: 396.147: Application time: 0.1760715 seconds
2024-10-09T21:43:33.313+0300: 396.147: [GC (Allocation Failure) 2024-10-09T21:43:33.313+0300: 396.147: [ParNew: 460096K->45997K(460096K), 0.0293465 secs] 5127440K->4734081K(8337536K), 0.0294295 secs] [Times: user=0.03 sys=0.00, real=0.03 secs] 
2024-10-09T21:43:33.344+0300: 396.177: Total time for which application threads were stopped: 0.0297010 seconds, Stopping threads took: 0.0001521 seconds
2024-10-09T21:43:33.501+0300: 396.342: Application time: 0.1648056 seconds
2024-10-09T21:43:33.501+0300: 396.342: [GC (Allocation Failure) 2024-10-09T21:43:33.501+0300: 396.342: [ParNew: 455021K->51072K(460096K), 0.0298519 secs] 5143105K->4752953K(8337536K), 0.0299389 secs] [Times: user=0.03 sys=0.00, real=0.03 secs] 
2024-10-09T21:43:33.532+0300: 396.372: Total time for which application threads were stopped: 0.0302134 seconds, Stopping threads took: 0.0001565 seconds
2024-10-09T21:43:33.704+0300: 396.535: Application time: 0.1633170 seconds
2024-10-09T21:43:33.704+0300: 396.535: [GC (Allocation Failure) 2024-10-09T21:43:33.704+0300: 396.535: [ParNew: 460096K->51072K(460096K), 0.0350091 secs] 5161977K->4782305K(8337536K), 0.0351112 secs] [Times: user=0.11 sys=0.00, real=0.03 secs] 
2024-10-09T21:43:33.736+0300: 396.571: Total time for which application threads were stopped: 0.0354412 seconds, Stopping threads took: 0.0001835 seconds
2024-10-09T21:43:33.924+0300: 396.751: Application time: 0.1804775 seconds
2024-10-09T21:43:33.924+0300: 396.751: [GC (Allocation Failure) 2024-10-09T21:43:33.924+0300: 396.751: [ParNew: 460096K->46289K(460096K), 0.0314034 secs] 5191329K->4802045K(8337536K), 0.0314851 secs] [Times: user=0.03 sys=0.00, real=0.03 secs] 
2024-10-09T21:43:33.956+0300: 396.783: Total time for which application threads were stopped: 0.0317394 seconds, Stopping threads took: 0.0001358 seconds
2024-10-09T21:43:34.128+0300: 396.955: Application time: 0.1719659 seconds
2024-10-09T21:43:34.128+0300: 396.955: [GC (Allocation Failure) 2024-10-09T21:43:34.128+0300: 396.955: [ParNew: 455313K->51072K(460096K), 0.0283023 secs] 5211069K->4815146K(8337536K), 0.0283885 secs] [Times: user=0.02 sys=0.00, real=0.02 secs] 
2024-10-09T21:43:34.144+0300: 396.983: Total time for which application threads were stopped: 0.0286447 seconds, Stopping threads took: 0.0001357 seconds
2024-10-09T21:43:34.301+0300: 397.138: Application time: 0.1551000 seconds
2024-10-09T21:43:34.301+0300: 397.139: [GC (Allocation Failure) 2024-10-09T21:43:34.301+0300: 397.139: [ParNew: 460096K->51072K(460096K), 0.0331296 secs] 5224170K->4844501K(8337536K), 0.0332204 secs] [Times: user=0.03 sys=0.00, real=0.03 secs] 
2024-10-09T21:43:34.332+0300: 397.172: Total time for which application threads were stopped: 0.0335371 seconds, Stopping threads took: 0.0001929 seconds
2024-10-09T21:43:34.521+0300: 397.354: Application time: 0.1822186 seconds
2024-10-09T21:43:34.521+0300: 397.355: [GC (Allocation Failure) 2024-10-09T21:43:34.521+0300: 397.355: [ParNew: 460096K->45908K(460096K), 0.0302230 secs] 5253525K->4859366K(8337536K), 0.0303336 secs] [Times: user=0.19 sys=0.00, real=0.03 secs] 
2024-10-09T21:43:34.552+0300: 397.385: Total time for which application threads were stopped: 0.0307138 seconds, Stopping threads took: 0.0001921 seconds
2024-10-09T21:43:34.725+0300: 397.566: Application time: 0.1815583 seconds
2024-10-09T21:43:34.741+0300: 397.567: [GC (Allocation Failure) 2024-10-09T21:43:34.741+0300: 397.567: [ParNew: 454932K->51072K(460096K), 0.0298750 secs] 5268390K->4876154K(8337536K), 0.0299711 secs] [Times: user=0.23 sys=0.00, real=0.02 secs] 
2024-10-09T21:43:34.760+0300: 397.597: Total time for which application threads were stopped: 0.0303573 seconds, Stopping threads took: 0.0002357 seconds
2024-10-09T21:43:34.929+0300: 397.758: Application time: 0.1615141 seconds
2024-10-09T21:43:34.929+0300: 397.759: [GC (Allocation Failure) 2024-10-09T21:43:34.929+0300: 397.759: [ParNew: 460096K->51072K(460096K), 0.0348151 secs] 5285178K->4907550K(8337536K), 0.0349041 secs] [Times: user=0.05 sys=0.00, real=0.03 secs] 
2024-10-09T21:43:34.960+0300: 397.793: Total time for which application threads were stopped: 0.0351401 seconds, Stopping threads took: 0.0001077 seconds
2024-10-09T21:43:35.133+0300: 397.971: Application time: 0.1777464 seconds
2024-10-09T21:43:35.133+0300: 397.971: [GC (Allocation Failure) 2024-10-09T21:43:35.133+0300: 397.972: [ParNew: 460096K->51072K(460096K), 0.0277559 secs] 5316574K->4918308K(8337536K), 0.0278469 secs] [Times: user=0.14 sys=0.00, real=0.03 secs] 
2024-10-09T21:43:35.164+0300: 397.999: Total time for which application threads were stopped: 0.0281319 seconds, Stopping threads took: 0.0001291 seconds
2024-10-09T21:43:35.321+0300: 398.155: Application time: 0.1556786 seconds
2024-10-09T21:43:35.321+0300: 398.155: [GC (Allocation Failure) 2024-10-09T21:43:35.321+0300: 398.155: [ParNew: 460096K->48135K(460096K), 0.0342109 secs] 5327332K->4942143K(8337536K), 0.0342992 secs] [Times: user=0.19 sys=0.01, real=0.04 secs] 
2024-10-09T21:43:35.361+0300: 398.190: Total time for which application threads were stopped: 0.0345575 seconds, Stopping threads took: 0.0001203 seconds
2024-10-09T21:43:35.525+0300: 398.357: Application time: 0.1677002 seconds
2024-10-09T21:43:35.525+0300: 398.358: [GC (Allocation Failure) 2024-10-09T21:43:35.525+0300: 398.358: [ParNew: 457159K->51072K(460096K), 0.0287497 secs] 5351167K->4965400K(8337536K), 0.0288221 secs] [Times: user=0.19 sys=0.00, real=0.03 secs] 
2024-10-09T21:43:35.556+0300: 398.386: Total time for which application threads were stopped: 0.0290784 seconds, Stopping threads took: 0.0001322 seconds
2024-10-09T21:43:35.729+0300: 398.567: Application time: 0.1803886 seconds
2024-10-09T21:43:35.729+0300: 398.567: [GC (Allocation Failure) 2024-10-09T21:43:35.729+0300: 398.567: [ParNew: 460096K->51072K(460096K), 0.0272967 secs] 5374424K->4972692K(8337536K), 0.0273798 secs] [Times: user=0.16 sys=0.00, real=0.03 secs] 
2024-10-09T21:43:35.762+0300: 398.594: Total time for which application threads were stopped: 0.0276839 seconds, Stopping threads took: 0.0001623 seconds
2024-10-09T21:43:35.918+0300: 398.746: Application time: 0.1519205 seconds
2024-10-09T21:43:35.918+0300: 398.747: [GC (Allocation Failure) 2024-10-09T21:43:35.918+0300: 398.747: [ParNew: 460096K->51072K(460096K), 0.0370308 secs] 5381716K->5003982K(8337536K), 0.0371140 secs] [Times: user=0.09 sys=0.00, real=0.03 secs] 
2024-10-09T21:43:35.949+0300: 398.784: Total time for which application threads were stopped: 0.0373457 seconds, Stopping threads took: 0.0001124 seconds
2024-10-09T21:43:36.122+0300: 398.955: Application time: 0.1713715 seconds
2024-10-09T21:43:36.122+0300: 398.955: [GC (Allocation Failure) 2024-10-09T21:43:36.122+0300: 398.955: [ParNew: 460096K->51072K(460096K), 0.0290804 secs] 5413006K->5023802K(8337536K), 0.0291624 secs] [Times: user=0.06 sys=0.00, real=0.03 secs] 
2024-10-09T21:43:36.153+0300: 398.985: Total time for which application threads were stopped: 0.0294213 seconds, Stopping threads took: 0.0001351 seconds
2024-10-09T21:43:36.326+0300: 399.155: Application time: 0.1701853 seconds
2024-10-09T21:43:36.326+0300: 399.155: [GC (Allocation Failure) 2024-10-09T21:43:36.326+0300: 399.155: [ParNew: 460096K->51072K(460096K), 0.0273495 secs] 5432826K->5027397K(8337536K), 0.0274289 secs] [Times: user=0.06 sys=0.00, real=0.02 secs] 
2024-10-09T21:43:36.341+0300: 399.182: Total time for which application threads were stopped: 0.0277071 seconds, Stopping threads took: 0.0001428 seconds
2024-10-09T21:43:36.498+0300: 399.337: Application time: 0.1547880 seconds
2024-10-09T21:43:36.498+0300: 399.337: [GC (Allocation Failure) 2024-10-09T21:43:36.498+0300: 399.337: [ParNew: 460096K->51072K(460096K), 0.0291203 secs] 5436421K->5043585K(8337536K), 0.0291948 secs] [Times: user=0.19 sys=0.00, real=0.03 secs] 
2024-10-09T21:43:36.530+0300: 399.367: Total time for which application threads were stopped: 0.0294618 seconds, Stopping threads took: 0.0001468 seconds
2024-10-09T21:43:36.718+0300: 399.544: Application time: 0.1777921 seconds
2024-10-09T21:43:36.718+0300: 399.545: [GC (Allocation Failure) 2024-10-09T21:43:36.718+0300: 399.545: [ParNew: 460096K->50724K(460096K), 0.0342502 secs] 5452609K->5074141K(8337536K), 0.0343342 secs] [Times: user=0.14 sys=0.02, real=0.03 secs] 
2024-10-09T21:43:36.749+0300: 399.579: Total time for which application threads were stopped: 0.0345861 seconds, Stopping threads took: 0.0001241 seconds
2024-10-09T21:43:36.922+0300: 399.755: Application time: 0.1760689 seconds
2024-10-09T21:43:36.922+0300: 399.755: [GC (Allocation Failure) 2024-10-09T21:43:36.922+0300: 399.755: [ParNew: 459748K->50240K(460096K), 0.0287416 secs] 5483165K->5084604K(8337536K), 0.0288399 secs] [Times: user=0.11 sys=0.00, real=0.03 secs] 
2024-10-09T21:43:36.953+0300: 399.784: Total time for which application threads were stopped: 0.0291155 seconds, Stopping threads took: 0.0001423 seconds
2024-10-09T21:43:37.110+0300: 399.944: Application time: 0.1595205 seconds
2024-10-09T21:43:37.110+0300: 399.944: [GC (Allocation Failure) 2024-10-09T21:43:37.110+0300: 399.944: [ParNew: 459264K->51072K(460096K), 0.0288881 secs] 5493628K->5101080K(8337536K), 0.0289666 secs] [Times: user=0.11 sys=0.00, real=0.03 secs] 
2024-10-09T21:43:37.142+0300: 399.973: Total time for which application threads were stopped: 0.0292021 seconds, Stopping threads took: 0.0001122 seconds
2024-10-09T21:43:37.299+0300: 400.140: Application time: 0.1671576 seconds
2024-10-09T21:43:37.299+0300: 400.140: [GC (Allocation Failure) 2024-10-09T21:43:37.299+0300: 400.140: [ParNew: 460096K->49506K(460096K), 0.0280030 secs] 5510104K->5119370K(8337536K), 0.0280864 secs] [Times: user=0.19 sys=0.00, real=0.03 secs] 
2024-10-09T21:43:37.331+0300: 400.168: Total time for which application threads were stopped: 0.0283249 seconds, Stopping threads took: 0.0001107 seconds
2024-10-09T21:43:37.519+0300: 400.347: Application time: 0.1787228 seconds
2024-10-09T21:43:37.519+0300: 400.347: [GC (Allocation Failure) 2024-10-09T21:43:37.519+0300: 400.347: [ParNew: 458530K->46963K(460096K), 0.0271943 secs] 5528394K->5127798K(8337536K), 0.0272826 secs] [Times: user=0.12 sys=0.00, real=0.02 secs] 
2024-10-09T21:43:37.535+0300: 400.375: Total time for which application threads were stopped: 0.0275089 seconds, Stopping threads took: 0.0000997 seconds
2024-10-09T21:43:37.723+0300: 400.549: Application time: 0.1744301 seconds
2024-10-09T21:43:37.723+0300: 400.549: [GC (Allocation Failure) 2024-10-09T21:43:37.723+0300: 400.549: [ParNew: 455987K->51072K(460096K), 0.0293977 secs] 5536822K->5146557K(8337536K), 0.0294756 secs] [Times: user=0.11 sys=0.00, real=0.02 secs] 
2024-10-09T21:43:37.739+0300: 400.579: Total time for which application threads were stopped: 0.0297517 seconds, Stopping threads took: 0.0001541 seconds
2024-10-09T21:43:37.911+0300: 400.744: Application time: 0.1647748 seconds
2024-10-09T21:43:37.911+0300: 400.744: [GC (Allocation Failure) 2024-10-09T21:43:37.911+0300: 400.744: [ParNew: 460096K->51072K(460096K), 0.0303303 secs] 5555581K->5168016K(8337536K), 0.0304143 secs] [Times: user=0.19 sys=0.00, real=0.03 secs] 
2024-10-09T21:43:37.943+0300: 400.774: Total time for which application threads were stopped: 0.0307561 seconds, Stopping threads took: 0.0002095 seconds
2024-10-09T21:43:38.115+0300: 400.949: Application time: 0.1745549 seconds
2024-10-09T21:43:38.115+0300: 400.949: [GC (Allocation Failure) 2024-10-09T21:43:38.115+0300: 400.949: [ParNew: 460096K->51072K(460096K), 0.0292554 secs] 5577040K->5185151K(8337536K), 0.0293378 secs] [Times: user=0.14 sys=0.00, real=0.03 secs] 
2024-10-09T21:43:38.146+0300: 400.979: Total time for which application threads were stopped: 0.0295768 seconds, Stopping threads took: 0.0001137 seconds
2024-10-09T21:43:38.319+0300: 401.145: Application time: 0.1666685 seconds
2024-10-09T21:43:38.319+0300: 401.146: [GC (Allocation Failure) 2024-10-09T21:43:38.319+0300: 401.146: [ParNew: 460096K->51072K(460096K), 0.0300456 secs] 5594175K->5200619K(8337536K), 0.0301621 secs] [Times: user=0.05 sys=0.00, real=0.02 secs] 
2024-10-09T21:43:38.334+0300: 401.176: Total time for which application threads were stopped: 0.0305546 seconds, Stopping threads took: 0.0001623 seconds
2024-10-09T21:43:38.507+0300: 401.338: Application time: 0.1622292 seconds
2024-10-09T21:43:38.507+0300: 401.338: [GC (Allocation Failure) 2024-10-09T21:43:38.507+0300: 401.338: [ParNew: 460096K->51072K(460096K), 0.0329915 secs] 5609643K->5228638K(8337536K), 0.0330809 secs] [Times: user=0.03 sys=0.00, real=0.03 secs] 
2024-10-09T21:43:38.538+0300: 401.371: Total time for which application threads were stopped: 0.0333429 seconds, Stopping threads took: 0.0001344 seconds
2024-10-09T21:43:38.712+0300: 401.546: Application time: 0.1750316 seconds
2024-10-09T21:43:38.712+0300: 401.547: [GC (Allocation Failure) 2024-10-09T21:43:38.712+0300: 401.547: [ParNew: 460096K->51072K(460096K), 0.0291269 secs] 5637662K->5242673K(8337536K), 0.0292353 secs] [Times: user=0.14 sys=0.00, real=0.03 secs] 
2024-10-09T21:43:38.743+0300: 401.576: Total time for which application threads were stopped: 0.0295076 seconds, Stopping threads took: 0.0001322 seconds
2024-10-09T21:43:38.900+0300: 401.741: Application time: 0.1648946 seconds
2024-10-09T21:43:38.900+0300: 401.741: [GC (Allocation Failure) 2024-10-09T21:43:38.900+0300: 401.741: [ParNew: 460096K->51072K(460096K), 0.0317967 secs] 5651697K->5263733K(8337536K), 0.0318861 secs] [Times: user=0.05 sys=0.00, real=0.05 secs] 
2024-10-09T21:43:38.947+0300: 401.773: Total time for which application threads were stopped: 0.0321553 seconds, Stopping threads took: 0.0001534 seconds
2024-10-09T21:43:39.104+0300: 401.940: Application time: 0.1673951 seconds
2024-10-09T21:43:39.104+0300: 401.941: [GC (Allocation Failure) 2024-10-09T21:43:39.104+0300: 401.941: [ParNew: 460096K->51072K(460096K), 0.0305102 secs] 5672757K->5285769K(8337536K), 0.0305984 secs] [Times: user=0.03 sys=0.00, real=0.03 secs] 
2024-10-09T21:43:39.135+0300: 401.971: Total time for which application threads were stopped: 0.0308859 seconds, Stopping threads took: 0.0001669 seconds
2024-10-09T21:43:39.308+0300: 402.149: Application time: 0.1773513 seconds
2024-10-09T21:43:39.308+0300: 402.149: [GC (Allocation Failure) 2024-10-09T21:43:39.308+0300: 402.149: [ParNew: 460096K->51072K(460096K), 0.0289737 secs] 5694793K->5301427K(8337536K), 0.0290628 secs] [Times: user=0.03 sys=0.00, real=0.03 secs] 
2024-10-09T21:43:39.339+0300: 402.178: Total time for which application threads were stopped: 0.0293268 seconds, Stopping threads took: 0.0001468 seconds
2024-10-09T21:43:39.496+0300: 402.337: Application time: 0.1586045 seconds
2024-10-09T21:43:39.496+0300: 402.337: [GC (Allocation Failure) 2024-10-09T21:43:39.496+0300: 402.337: [ParNew: 460096K->51072K(460096K), 0.0294693 secs] 5710451K->5318405K(8337536K), 0.0295598 secs] [Times: user=0.05 sys=0.00, real=0.03 secs] 
2024-10-09T21:43:39.527+0300: 402.366: Total time for which application threads were stopped: 0.0298362 seconds, Stopping threads took: 0.0001526 seconds
2024-10-09T21:43:39.700+0300: 402.539: Application time: 0.1721155 seconds
2024-10-09T21:43:39.700+0300: 402.539: [GC (Allocation Failure) 2024-10-09T21:43:39.700+0300: 402.539: [ParNew: 460096K->51072K(460096K), 0.0351095 secs] 5727429K->5344255K(8337536K), 0.0351976 secs] [Times: user=0.11 sys=0.00, real=0.05 secs] 
2024-10-09T21:43:39.747+0300: 402.574: Total time for which application threads were stopped: 0.0354806 seconds, Stopping threads took: 0.0001639 seconds
2024-10-09T21:43:39.920+0300: 402.754: Application time: 0.1796053 seconds
2024-10-09T21:43:39.920+0300: 402.754: [GC (Allocation Failure) 2024-10-09T21:43:39.920+0300: 402.754: [ParNew: 460096K->51072K(460096K), 0.0297244 secs] 5753279K->5359114K(8337536K), 0.0298225 secs] [Times: user=0.19 sys=0.00, real=0.03 secs] 
2024-10-09T21:43:39.951+0300: 402.784: Total time for which application threads were stopped: 0.0302314 seconds, Stopping threads took: 0.0002721 seconds
2024-10-09T21:43:40.109+0300: 402.944: Application time: 0.1599269 seconds
2024-10-09T21:43:40.109+0300: 402.944: [GC (Allocation Failure) 2024-10-09T21:43:40.109+0300: 402.944: [ParNew: 460096K->51072K(460096K), 0.0304671 secs] 5768138K->5375591K(8337536K), 0.0305560 secs] [Times: user=0.03 sys=0.00, real=0.03 secs] 
2024-10-09T21:43:40.140+0300: 402.975: Total time for which application threads were stopped: 0.0308214 seconds, Stopping threads took: 0.0001462 seconds
2024-10-09T21:43:40.313+0300: 403.145: Application time: 0.1701519 seconds
2024-10-09T21:43:40.313+0300: 403.145: [GC (Allocation Failure) 2024-10-09T21:43:40.313+0300: 403.145: [ParNew: 460096K->47099K(460096K), 0.0298313 secs] 5784615K->5395800K(8337536K), 0.0299205 secs] [Times: user=0.03 sys=0.00, real=0.03 secs] 
2024-10-09T21:43:40.344+0300: 403.175: Total time for which application threads were stopped: 0.0301655 seconds, Stopping threads took: 0.0001301 seconds
2024-10-09T21:43:40.517+0300: 403.353: Application time: 0.1780345 seconds
2024-10-09T21:43:40.517+0300: 403.353: [GC (Allocation Failure) 2024-10-09T21:43:40.517+0300: 403.353: [ParNew: 455498K->51072K(460096K), 0.0276061 secs] 5804199K->5408983K(8337536K), 0.0277020 secs] [Times: user=0.03 sys=0.00, real=0.03 secs] 
2024-10-09T21:43:40.548+0300: 403.381: Total time for which application threads were stopped: 0.0279672 seconds, Stopping threads took: 0.0001442 seconds
2024-10-09T21:43:40.706+0300: 403.546: Application time: 0.1645929 seconds
2024-10-09T21:43:40.706+0300: 403.546: [GC (Allocation Failure) 2024-10-09T21:43:40.706+0300: 403.546: [ParNew: 460096K->51072K(460096K), 0.0303727 secs] 5818007K->5425047K(8337536K), 0.0304670 secs] [Times: user=0.03 sys=0.00, real=0.03 secs] 
2024-10-09T21:43:40.737+0300: 403.576: Total time for which application threads were stopped: 0.0307451 seconds, Stopping threads took: 0.0001415 seconds
2024-10-09T21:43:40.910+0300: 403.745: Application time: 0.1691540 seconds
2024-10-09T21:43:40.910+0300: 403.746: [GC (Allocation Failure) 2024-10-09T21:43:40.910+0300: 403.746: [ParNew: 460096K->51072K(460096K), 0.0316701 secs] 5834071K->5456511K(8337536K), 0.0317593 secs] [Times: user=0.03 sys=0.00, real=0.03 secs] 
2024-10-09T21:43:40.941+0300: 403.777: Total time for which application threads were stopped: 0.0320233 seconds, Stopping threads took: 0.0001462 seconds
2024-10-09T21:43:41.130+0300: 403.959: Application time: 0.1814856 seconds
2024-10-09T21:43:41.130+0300: 403.959: [GC (Allocation Failure) 2024-10-09T21:43:41.130+0300: 403.959: [ParNew: 460096K->51072K(460096K), 0.0266687 secs] 5865535K->5459153K(8337536K), 0.0267583 secs] [Times: user=0.02 sys=0.00, real=0.01 secs] 
2024-10-09T21:43:41.145+0300: 403.986: Total time for which application threads were stopped: 0.0269818 seconds, Stopping threads took: 0.0000971 seconds
2024-10-09T21:43:41.302+0300: 404.141: Application time: 0.1554021 seconds
2024-10-09T21:43:41.302+0300: 404.142: [GC (Allocation Failure) 2024-10-09T21:43:41.302+0300: 404.142: [ParNew: 460096K->51072K(460096K), 0.0315048 secs] 5868177K->5479110K(8337536K), 0.0315954 secs] [Times: user=0.03 sys=0.00, real=0.03 secs] 
2024-10-09T21:43:41.334+0300: 404.173: Total time for which application threads were stopped: 0.0318941 seconds, Stopping threads took: 0.0001785 seconds
2024-10-09T21:43:41.506+0300: 404.341: Application time: 0.1678653 seconds
2024-10-09T21:43:41.506+0300: 404.341: [GC (Allocation Failure) 2024-10-09T21:43:41.506+0300: 404.341: [ParNew: 460096K->44648K(460096K), 0.0293413 secs] 5888134K->5499824K(8337536K), 0.0294266 secs] [Times: user=0.03 sys=0.00, real=0.03 secs] 
2024-10-09T21:43:41.537+0300: 404.371: Total time for which application threads were stopped: 0.0296793 seconds, Stopping threads took: 0.0001351 seconds
2024-10-09T21:43:41.726+0300: 404.559: Application time: 0.1882416 seconds
2024-10-09T21:43:41.726+0300: 404.559: [GC (Allocation Failure) 2024-10-09T21:43:41.726+0300: 404.559: [ParNew: 453672K->51072K(460096K), 0.0260737 secs] 5908848K->5507674K(8337536K), 0.0261672 secs] [Times: user=0.06 sys=0.00, real=0.03 secs] 
2024-10-09T21:43:41.758+0300: 404.585: Total time for which application threads were stopped: 0.0264097 seconds, Stopping threads took: 0.0001177 seconds
2024-10-09T21:43:41.915+0300: 404.744: Application time: 0.1589485 seconds
2024-10-09T21:43:41.915+0300: 404.745: [GC (Allocation Failure) 2024-10-09T21:43:41.915+0300: 404.745: [ParNew: 460096K->51072K(460096K), 0.0312391 secs] 5916698K->5526481K(8337536K), 0.0313270 secs] [Times: user=0.03 sys=0.00, real=0.03 secs] 
2024-10-09T21:43:41.946+0300: 404.776: Total time for which application threads were stopped: 0.0316344 seconds, Stopping threads took: 0.0001912 seconds
2024-10-09T21:43:42.103+0300: 404.940: Application time: 0.1638544 seconds
2024-10-09T21:43:42.103+0300: 404.940: [GC (Allocation Failure) 2024-10-09T21:43:42.103+0300: 404.940: [ParNew: 460096K->40338K(460096K), 0.0313197 secs] 5935505K->5544354K(8337536K), 0.0314057 secs] [Times: user=0.03 sys=0.00, real=0.03 secs] 
2024-10-09T21:43:42.134+0300: 404.972: Total time for which application threads were stopped: 0.0316951 seconds, Stopping threads took: 0.0001523 seconds
2024-10-09T21:43:42.323+0300: 405.152: Application time: 0.1802529 seconds
2024-10-09T21:43:42.323+0300: 405.152: [GC (Allocation Failure) 2024-10-09T21:43:42.323+0300: 405.152: [ParNew: 449362K->51072K(460096K), 0.0265294 secs] 5953378K->5564304K(8337536K), 0.0266217 secs] [Times: user=0.02 sys=0.00, real=0.02 secs] 
2024-10-09T21:43:42.339+0300: 405.179: Total time for which application threads were stopped: 0.0268735 seconds, Stopping threads took: 0.0001338 seconds
2024-10-09T21:43:42.511+0300: 405.340: Application time: 0.1613069 seconds
2024-10-09T21:43:42.511+0300: 405.340: [GC (Allocation Failure) 2024-10-09T21:43:42.511+0300: 405.340: [ParNew: 460096K->51072K(460096K), 0.0310746 secs] 5973328K->5580049K(8337536K), 0.0311569 secs] [Times: user=0.03 sys=0.00, real=0.03 secs] 
2024-10-09T21:43:42.543+0300: 405.371: Total time for which application threads were stopped: 0.0314141 seconds, Stopping threads took: 0.0001399 seconds
2024-10-09T21:43:42.700+0300: 405.541: Application time: 0.1692119 seconds
2024-10-09T21:43:42.700+0300: 405.541: [GC (Allocation Failure) 2024-10-09T21:43:42.700+0300: 405.541: [ParNew: 460096K->42925K(460096K), 0.0358448 secs] 5989073K->5610963K(8337536K), 0.0359396 secs] [Times: user=0.05 sys=0.00, real=0.05 secs] 
2024-10-09T21:43:42.747+0300: 405.577: Total time for which application threads were stopped: 0.0361799 seconds, Stopping threads took: 0.0001070 seconds
2024-10-09T21:43:42.935+0300: 405.761: Application time: 0.1843762 seconds
2024-10-09T21:43:42.935+0300: 405.761: [GC (Allocation Failure) 2024-10-09T21:43:42.935+0300: 405.761: [ParNew: 451949K->51072K(460096K), 0.0256032 secs] 6019987K->5623072K(8337536K), 0.0256767 secs] [Times: user=0.01 sys=0.00, real=0.02 secs] 
2024-10-09T21:43:42.950+0300: 405.787: Total time for which application threads were stopped: 0.0259352 seconds, Stopping threads took: 0.0001472 seconds
2024-10-09T21:43:43.123+0300: 405.954: Application time: 0.1670057 seconds
2024-10-09T21:43:43.123+0300: 405.954: [GC (Allocation Failure) 2024-10-09T21:43:43.123+0300: 405.954: [ParNew: 460096K->51072K(460096K), 0.0336813 secs] 6032096K->5639864K(8337536K), 0.0337773 secs] [Times: user=0.05 sys=0.00, real=0.03 secs] 
2024-10-09T21:43:43.154+0300: 405.988: Total time for which application threads were stopped: 0.0340492 seconds, Stopping threads took: 0.0001489 seconds
2024-10-09T21:43:43.311+0300: 406.151: Application time: 0.1623693 seconds
2024-10-09T21:43:43.311+0300: 406.151: [GC (Allocation Failure) 2024-10-09T21:43:43.311+0300: 406.151: [ParNew: 460096K->51072K(460096K), 0.0339185 secs] 6048888K->5674483K(8337536K), 0.0340004 secs] [Times: user=0.05 sys=0.00, real=0.05 secs] 
2024-10-09T21:43:43.358+0300: 406.185: Total time for which application threads were stopped: 0.0343618 seconds, Stopping threads took: 0.0002239 seconds
2024-10-09T21:43:43.531+0300: 406.371: Application time: 0.1856108 seconds
2024-10-09T21:43:43.531+0300: 406.371: [GC (Allocation Failure) 2024-10-09T21:43:43.531+0300: 406.371: [ParNew: 460096K->51072K(460096K), 0.0253067 secs] 6083507K->5677773K(8337536K), 0.0253888 secs] [Times: user=0.03 sys=0.00, real=0.03 secs] 
2024-10-09T21:43:43.562+0300: 406.396: Total time for which application threads were stopped: 0.0256217 seconds, Stopping threads took: 0.0001177 seconds
2024-10-09T21:43:43.735+0300: 406.563: Application time: 0.1673415 seconds
2024-10-09T21:43:43.735+0300: 406.564: [GC (Allocation Failure) 2024-10-09T21:43:43.735+0300: 406.564: [ParNew: 460096K->51072K(460096K), 0.0323384 secs] 6086797K->5695286K(8337536K), 0.0324268 secs] [Times: user=0.09 sys=0.00, real=0.03 secs] 
2024-10-09T21:43:43.766+0300: 406.596: Total time for which application threads were stopped: 0.0327101 seconds, Stopping threads took: 0.0001449 seconds
2024-10-09T21:43:43.924+0300: 406.761: Application time: 0.1646178 seconds
2024-10-09T21:43:43.924+0300: 406.761: [GC (Allocation Failure) 2024-10-09T21:43:43.924+0300: 406.761: [ParNew: 460096K->47086K(460096K), 0.0310202 secs] 6104310K->5720379K(8337536K), 0.0311726 secs] [Times: user=0.03 sys=0.00, real=0.03 secs] 
2024-10-09T21:43:43.955+0300: 406.792: Total time for which application threads were stopped: 0.0314593 seconds, Stopping threads took: 0.0001645 seconds
2024-10-09T21:43:44.143+0300: 406.980: Application time: 0.1880417 seconds
2024-10-09T21:43:44.143+0300: 406.981: [GC (Allocation Failure) 2024-10-09T21:43:44.143+0300: 406.981: [ParNew: 456110K->51072K(460096K), 0.0265102 secs] 6129403K->5727343K(8337536K), 0.0265905 secs] [Times: user=0.05 sys=0.00, real=0.04 secs] 
2024-10-09T21:43:44.181+0300: 407.007: Total time for which application threads were stopped: 0.0268191 seconds, Stopping threads took: 0.0001132 seconds
2024-10-09T21:43:44.331+0300: 407.166: Application time: 0.1586058 seconds
2024-10-09T21:43:44.331+0300: 407.166: [GC (Allocation Failure) 2024-10-09T21:43:44.331+0300: 407.166: [ParNew: 460096K->51072K(460096K), 0.0341310 secs] 6136367K->5750925K(8337536K), 0.0342184 secs] [Times: user=0.03 sys=0.00, real=0.03 secs] 
2024-10-09T21:43:44.362+0300: 407.200: Total time for which application threads were stopped: 0.0345143 seconds, Stopping threads took: 0.0001795 seconds
2024-10-09T21:43:44.519+0300: 407.357: Application time: 0.1564567 seconds
2024-10-09T21:43:44.519+0300: 407.357: [GC (Allocation Failure) 2024-10-09T21:43:44.519+0300: 407.357: [ParNew: 460096K->41814K(460096K), 0.0313285 secs] 6159949K->5774041K(8337536K), 0.0314272 secs] [Times: user=0.03 sys=0.00, real=0.03 secs] 
2024-10-09T21:43:44.551+0300: 407.388: Total time for which application threads were stopped: 0.0316835 seconds, Stopping threads took: 0.0001256 seconds
2024-10-09T21:43:44.754+0300: 407.582: Application time: 0.1934722 seconds
2024-10-09T21:43:44.754+0300: 407.582: [GC (Allocation Failure) 2024-10-09T21:43:44.754+0300: 407.582: [ParNew: 450838K->51072K(460096K), 0.0266499 secs] 6183065K->5786750K(8337536K), 0.0267309 secs] [Times: user=0.06 sys=0.00, real=0.03 secs] 
2024-10-09T21:43:44.782+0300: 407.609: Total time for which application threads were stopped: 0.0270165 seconds, Stopping threads took: 0.0001574 seconds
2024-10-09T21:43:44.942+0300: 407.773: Application time: 0.1640623 seconds
2024-10-09T21:43:44.942+0300: 407.773: [GC (Allocation Failure) 2024-10-09T21:43:44.942+0300: 407.773: [ParNew: 460096K->51072K(460096K), 0.0352947 secs] 6195774K->5808574K(8337536K), 0.0353769 secs] [Times: user=0.05 sys=0.00, real=0.04 secs] 
2024-10-09T21:43:44.983+0300: 407.809: Total time for which application threads were stopped: 0.0356557 seconds, Stopping threads took: 0.0001609 seconds
2024-10-09T21:43:45.131+0300: 407.961: Application time: 0.1522070 seconds
2024-10-09T21:43:45.131+0300: 407.961: [GC (Allocation Failure) 2024-10-09T21:43:45.131+0300: 407.961: [ParNew: 460096K->51072K(460096K), 0.0341543 secs] 6217598K->5844770K(8337536K), 0.0342436 secs] [Times: user=0.03 sys=0.00, real=0.03 secs] 
2024-10-09T21:43:45.162+0300: 407.995: Total time for which application threads were stopped: 0.0345050 seconds, Stopping threads took: 0.0001429 seconds
2024-10-09T21:43:45.350+0300: 408.179: Application time: 0.1840487 seconds
2024-10-09T21:43:45.350+0300: 408.180: [GC (Allocation Failure) 2024-10-09T21:43:45.350+0300: 408.180: [ParNew: 460096K->51072K(460096K), 0.0249004 secs] 6253794K->5846402K(8337536K), 0.0249875 secs] [Times: user=0.05 sys=0.00, real=0.02 secs] 
2024-10-09T21:43:45.366+0300: 408.205: Total time for which application threads were stopped: 0.0252155 seconds, Stopping threads took: 0.0001113 seconds
2024-10-09T21:43:45.539+0300: 408.371: Application time: 0.1659258 seconds
2024-10-09T21:43:45.539+0300: 408.371: [GC (Allocation Failure) 2024-10-09T21:43:45.539+0300: 408.371: [ParNew: 460096K->51072K(460096K), 0.0307500 secs] 6255426K->5858211K(8337536K), 0.0308412 secs] [Times: user=0.03 sys=0.00, real=0.03 secs] 
2024-10-09T21:43:45.570+0300: 408.402: Total time for which application threads were stopped: 0.0311651 seconds, Stopping threads took: 0.0001939 seconds
2024-10-09T21:43:45.727+0300: 408.562: Application time: 0.1601772 seconds
2024-10-09T21:43:45.727+0300: 408.562: [GC (Allocation Failure) 2024-10-09T21:43:45.727+0300: 408.562: [ParNew: 460096K->51072K(460096K), 0.0364384 secs] 6267235K->5895609K(8337536K), 0.0365383 secs] [Times: user=0.03 sys=0.00, real=0.03 secs] 
2024-10-09T21:43:45.758+0300: 408.599: Total time for which application threads were stopped: 0.0368330 seconds, Stopping threads took: 0.0001571 seconds
2024-10-09T21:43:45.947+0300: 408.781: Application time: 0.1819782 seconds
2024-10-09T21:43:45.947+0300: 408.781: [GC (Allocation Failure) 2024-10-09T21:43:45.947+0300: 408.781: [ParNew: 460096K->49386K(460096K), 0.0282622 secs] 6304633K->5905872K(8337536K), 0.0283545 secs] [Times: user=0.06 sys=0.00, real=0.03 secs] 
2024-10-09T21:43:45.978+0300: 408.809: Total time for which application threads were stopped: 0.0286304 seconds, Stopping threads took: 0.0001574 seconds
2024-10-09T21:43:46.135+0300: 408.974: Application time: 0.1650216 seconds
2024-10-09T21:43:46.135+0300: 408.975: [GC (Allocation Failure) 2024-10-09T21:43:46.135+0300: 408.975: [ParNew: 458410K->51072K(460096K), 0.0324721 secs] 6314896K->5924601K(8337536K), 0.0325688 secs] [Times: user=0.06 sys=0.00, real=0.03 secs] 
2024-10-09T21:43:46.167+0300: 409.007: Total time for which application threads were stopped: 0.0328848 seconds, Stopping threads took: 0.0001684 seconds
2024-10-09T21:43:46.336+0300: 409.164: Application time: 0.1564308 seconds
2024-10-09T21:43:46.336+0300: 409.164: [GC (Allocation Failure) 2024-10-09T21:43:46.336+0300: 409.164: [ParNew: 460096K->51072K(460096K), 0.0346641 secs] 6333625K->5955232K(8337536K), 0.0347518 secs] [Times: user=0.03 sys=0.00, real=0.04 secs] 
2024-10-09T21:43:46.371+0300: 409.199: Total time for which application threads were stopped: 0.0350177 seconds, Stopping threads took: 0.0001445 seconds
2024-10-09T21:43:46.544+0300: 409.374: Application time: 0.1749297 seconds
2024-10-09T21:43:46.544+0300: 409.374: [GC (Allocation Failure) 2024-10-09T21:43:46.544+0300: 409.374: [ParNew: 460096K->50443K(460096K), 0.0285766 secs] 6364256K->5972409K(8337536K), 0.0286580 secs] [Times: user=0.03 sys=0.00, real=0.03 secs] 
2024-10-09T21:43:46.575+0300: 409.403: Total time for which application threads were stopped: 0.0289337 seconds, Stopping threads took: 0.0001563 seconds
2024-10-09T21:43:46.748+0300: 409.574: Application time: 0.1714408 seconds
2024-10-09T21:43:46.748+0300: 409.574: [GC (Allocation Failure) 2024-10-09T21:43:46.748+0300: 409.574: [ParNew: 459467K->51072K(460096K), 0.0289950 secs] 6381433K->5985514K(8337536K), 0.0290862 secs] [Times: user=0.05 sys=0.00, real=0.02 secs] 
2024-10-09T21:43:46.763+0300: 409.603: Total time for which application threads were stopped: 0.0293168 seconds, Stopping threads took: 0.0001015 seconds
2024-10-09T21:43:46.936+0300: 409.767: Application time: 0.1634938 seconds
2024-10-09T21:43:46.936+0300: 409.767: [GC (Allocation Failure) 2024-10-09T21:43:46.936+0300: 409.767: [ParNew: 460096K->51072K(460096K), 0.0311550 secs] 6394538K->6007649K(8337536K), 0.0312449 secs] [Times: user=0.03 sys=0.02, real=0.03 secs] 
2024-10-09T21:43:46.967+0300: 409.798: Total time for which application threads were stopped: 0.0315110 seconds, Stopping threads took: 0.0001420 seconds
2024-10-09T21:43:47.140+0300: 409.972: Application time: 0.1736721 seconds
2024-10-09T21:43:47.140+0300: 409.972: [GC (Allocation Failure) 2024-10-09T21:43:47.140+0300: 409.972: [ParNew: 460096K->51072K(460096K), 0.0283133 secs] 6416673K->6020823K(8337536K), 0.0284004 secs] [Times: user=0.03 sys=0.00, real=0.03 secs] 
2024-10-09T21:43:47.171+0300: 410.001: Total time for which application threads were stopped: 0.0286755 seconds, Stopping threads took: 0.0001560 seconds
2024-10-09T21:43:47.329+0300: 410.161: Application time: 0.1605871 seconds
2024-10-09T21:43:47.329+0300: 410.161: [GC (Allocation Failure) 2024-10-09T21:43:47.329+0300: 410.162: [ParNew: 460096K->51072K(460096K), 0.0307044 secs] 6429847K->6040215K(8337536K), 0.0307954 secs] [Times: user=0.03 sys=0.00, real=0.03 secs] 
2024-10-09T21:43:47.360+0300: 410.192: Total time for which application threads were stopped: 0.0310317 seconds, Stopping threads took: 0.0001226 seconds
2024-10-09T21:43:47.533+0300: 410.365: Application time: 0.1722386 seconds
2024-10-09T21:43:47.533+0300: 410.365: [GC (Allocation Failure) 2024-10-09T21:43:47.533+0300: 410.365: [ParNew: 460096K->51072K(460096K), 0.0293974 secs] 6449239K->6058152K(8337536K), 0.0294856 secs] [Times: user=0.03 sys=0.00, real=0.03 secs] 
2024-10-09T21:43:47.564+0300: 410.394: Total time for which application threads were stopped: 0.0297188 seconds, Stopping threads took: 0.0001094 seconds
2024-10-09T21:43:47.737+0300: 410.569: Application time: 0.1750731 seconds
2024-10-09T21:43:47.737+0300: 410.570: [GC (Allocation Failure) 2024-10-09T21:43:47.737+0300: 410.570: [ParNew: 460096K->51072K(460096K), 0.0294541 secs] 6467176K->6072829K(8337536K), 0.0295688 secs] [Times: user=0.05 sys=0.00, real=0.03 secs] 
2024-10-09T21:43:47.768+0300: 410.599: Total time for which application threads were stopped: 0.0298185 seconds, Stopping threads took: 0.0001074 seconds
2024-10-09T21:43:47.926+0300: 410.758: Application time: 0.1585464 seconds
2024-10-09T21:43:47.926+0300: 410.758: [GC (Allocation Failure) 2024-10-09T21:43:47.926+0300: 410.758: [ParNew: 460096K->45771K(460096K), 0.0305216 secs] 6481853K->6092403K(8337536K), 0.0306107 secs] [Times: user=0.03 sys=0.00, real=0.03 secs] 
2024-10-09T21:43:47.957+0300: 410.789: Total time for which application threads were stopped: 0.0308883 seconds, Stopping threads took: 0.0001456 seconds
2024-10-09T21:43:48.130+0300: 410.968: Application time: 0.1792365 seconds
2024-10-09T21:43:48.130+0300: 410.968: [GC (Allocation Failure) 2024-10-09T21:43:48.130+0300: 410.968: [ParNew: 454795K->51072K(460096K), 0.0288682 secs] 6501427K->6114620K(8337536K), 0.0289558 secs] [Times: user=0.03 sys=0.00, real=0.03 secs] 
2024-10-09T21:43:48.161+0300: 410.997: Total time for which application threads were stopped: 0.0292087 seconds, Stopping threads took: 0.0001333 seconds
2024-10-09T21:43:48.334+0300: 411.168: Application time: 0.1711749 seconds
2024-10-09T21:43:48.334+0300: 411.168: [GC (Allocation Failure) 2024-10-09T21:43:48.334+0300: 411.168: [ParNew: 460096K->51072K(460096K), 0.0329702 secs] 6523644K->6136149K(8337536K), 0.0330577 secs] [Times: user=0.03 sys=0.00, real=0.03 secs] 
2024-10-09T21:43:48.365+0300: 411.202: Total time for which application threads were stopped: 0.0333090 seconds, Stopping threads took: 0.0001340 seconds
2024-10-09T21:43:48.522+0300: 411.354: Application time: 0.1526845 seconds
2024-10-09T21:43:48.522+0300: 411.354: [GC (Allocation Failure) 2024-10-09T21:43:48.522+0300: 411.355: [ParNew: 460096K->45680K(460096K), 0.0306346 secs] 6545173K->6155809K(8337536K), 0.0307178 secs] [Times: user=0.03 sys=0.00, real=0.03 secs] 
2024-10-09T21:43:48.554+0300: 411.385: Total time for which application threads were stopped: 0.0309997 seconds, Stopping threads took: 0.0001676 seconds
2024-10-09T21:43:48.742+0300: 411.573: Application time: 0.1882187 seconds
2024-10-09T21:43:48.742+0300: 411.574: [GC (Allocation Failure) 2024-10-09T21:43:48.742+0300: 411.574: [ParNew: 454704K->46588K(460096K), 0.0279482 secs] 6564833K->6170245K(8337536K), 0.0280476 secs] [Times: user=0.06 sys=0.00, real=0.03 secs] 
2024-10-09T21:43:48.773+0300: 411.602: Total time for which application threads were stopped: 0.0283319 seconds, Stopping threads took: 0.0001318 seconds
2024-10-09T21:43:48.930+0300: 411.769: Application time: 0.1670421 seconds
2024-10-09T21:43:48.930+0300: 411.769: [GC (Allocation Failure) 2024-10-09T21:43:48.930+0300: 411.769: [ParNew: 455612K->51072K(460096K), 0.0277470 secs] 6579269K->6182219K(8337536K), 0.0278453 secs] [Times: user=0.06 sys=0.00, real=0.03 secs] 
2024-10-09T21:43:48.962+0300: 411.797: Total time for which application threads were stopped: 0.0281229 seconds, Stopping threads took: 0.0001590 seconds
2024-10-09T21:43:49.119+0300: 411.950: Application time: 0.1533739 seconds
2024-10-09T21:43:49.119+0300: 411.951: [GC (Allocation Failure) 2024-10-09T21:43:49.119+0300: 411.951: [ParNew: 460096K->50560K(460096K), 0.0337491 secs] 6591243K->6213267K(8337536K), 0.0338479 secs] [Times: user=0.09 sys=0.00, real=0.03 secs] 
2024-10-09T21:43:49.150+0300: 411.984: Total time for which application threads were stopped: 0.0341380 seconds, Stopping threads took: 0.0001667 seconds
2024-10-09T21:43:49.338+0300: 412.169: Application time: 0.1844592 seconds
2024-10-09T21:43:49.338+0300: 412.169: [GC (Allocation Failure) 2024-10-09T21:43:49.338+0300: 412.169: [ParNew: 459584K->41804K(460096K), 0.0308140 secs] 6622291K->6226047K(8337536K), 0.0309093 secs] [Times: user=0.03 sys=0.00, real=0.03 secs] 
2024-10-09T21:43:49.370+0300: 412.200: Total time for which application threads were stopped: 0.0311695 seconds, Stopping threads took: 0.0001316 seconds
2024-10-09T21:43:49.542+0300: 412.370: Application time: 0.1701249 seconds
2024-10-09T21:43:49.542+0300: 412.370: [GC (Allocation Failure) 2024-10-09T21:43:49.542+0300: 412.370: [ParNew: 450828K->51072K(460096K), 0.0330181 secs] 6635071K->6251628K(8337536K), 0.0331005 secs] [Times: user=0.03 sys=0.00, real=0.03 secs] 
2024-10-09T21:43:49.574+0300: 412.404: Total time for which application threads were stopped: 0.0333397 seconds, Stopping threads took: 0.0001221 seconds
2024-10-09T21:43:49.731+0300: 412.557: Application time: 0.1537521 seconds
2024-10-09T21:43:49.731+0300: 412.558: [GC (Allocation Failure) 2024-10-09T21:43:49.731+0300: 412.558: [ParNew: 460096K->49782K(460096K), 0.0280409 secs] 6660652K->6271921K(8337536K), 0.0281329 secs] [Times: user=0.08 sys=0.00, real=0.02 secs] 
2024-10-09T21:43:49.746+0300: 412.586: Total time for which application threads were stopped: 0.0284029 seconds, Stopping threads took: 0.0001221 seconds
2024-10-09T21:43:49.934+0300: 412.769: Application time: 0.1829559 seconds
2024-10-09T21:43:49.934+0300: 412.769: [GC (Allocation Failure) 2024-10-09T21:43:49.934+0300: 412.769: [ParNew: 458806K->40841K(460096K), 0.0287834 secs] 6680945K->6284168K(8337536K), 0.0288721 secs] [Times: user=0.03 sys=0.00, real=0.03 secs] 
2024-10-09T21:43:49.965+0300: 412.798: Total time for which application threads were stopped: 0.0291229 seconds, Stopping threads took: 0.0001330 seconds
2024-10-09T21:43:50.138+0300: 412.975: Application time: 0.1774958 seconds
2024-10-09T21:43:50.138+0300: 412.976: [GC (Allocation Failure) 2024-10-09T21:43:50.138+0300: 412.976: [ParNew: 449865K->51072K(460096K), 0.0314284 secs] 6693192K->6307345K(8337536K), 0.0315179 secs] [Times: user=0.03 sys=0.00, real=0.03 secs] 
2024-10-09T21:43:50.169+0300: 413.007: Total time for which application threads were stopped: 0.0318068 seconds, Stopping threads took: 0.0001667 seconds
2024-10-09T21:43:50.326+0300: 413.155: Application time: 0.1478987 seconds
2024-10-09T21:43:50.326+0300: 413.155: [GC (Allocation Failure) 2024-10-09T21:43:50.326+0300: 413.155: [ParNew: 460096K->51072K(460096K), 0.0278569 secs] 6716369K->6326947K(8337536K), 0.0279476 secs] [Times: user=0.02 sys=0.00, real=0.02 secs] 
2024-10-09T21:43:50.342+0300: 413.183: Total time for which application threads were stopped: 0.0283085 seconds, Stopping threads took: 0.0002417 seconds
2024-10-09T21:43:50.530+0300: 413.362: Application time: 0.1790339 seconds
2024-10-09T21:43:50.530+0300: 413.363: [GC (Allocation Failure) 2024-10-09T21:43:50.530+0300: 413.363: [ParNew: 460096K->51072K(460096K), 0.0299272 secs] 6735971K->6346334K(8337536K), 0.0300218 secs] [Times: user=0.03 sys=0.00, real=0.03 secs] 
2024-10-09T21:43:50.562+0300: 413.393: Total time for which application threads were stopped: 0.0302515 seconds, Stopping threads took: 0.0001135 seconds
2024-10-09T21:43:50.734+0300: 413.573: Application time: 0.1803173 seconds
2024-10-09T21:43:50.734+0300: 413.573: [GC (Allocation Failure) 2024-10-09T21:43:50.734+0300: 413.573: [ParNew: 460096K->51072K(460096K), 0.0313498 secs] 6755358K->6361659K(8337536K), 0.0314436 secs] [Times: user=0.06 sys=0.00, real=0.03 secs] 
2024-10-09T21:43:50.766+0300: 413.605: Total time for which application threads were stopped: 0.0317611 seconds, Stopping threads took: 0.0001561 seconds
2024-10-09T21:43:50.923+0300: 413.757: Application time: 0.1525126 seconds
2024-10-09T21:43:50.923+0300: 413.757: [GC (Allocation Failure) 2024-10-09T21:43:50.923+0300: 413.758: [ParNew: 460096K->48272K(460096K), 0.0322691 secs] 6770683K->6385280K(8337536K), 0.0323566 secs] [Times: user=0.03 sys=0.00, real=0.03 secs] 
2024-10-09T21:43:50.954+0300: 413.790: Total time for which application threads were stopped: 0.0326306 seconds, Stopping threads took: 0.0001615 seconds
2024-10-09T21:43:51.143+0300: 413.972: Application time: 0.1823168 seconds
2024-10-09T21:43:51.143+0300: 413.972: [GC (Allocation Failure) 2024-10-09T21:43:51.143+0300: 413.972: [ParNew: 457296K->49197K(460096K), 0.0287884 secs] 6794304K->6404016K(8337536K), 0.0288749 secs] [Times: user=0.02 sys=0.00, real=0.03 secs] 
2024-10-09T21:43:51.174+0300: 414.001: Total time for which application threads were stopped: 0.0291381 seconds, Stopping threads took: 0.0001434 seconds
2024-10-09T21:43:51.347+0300: 414.173: Application time: 0.1720254 seconds
2024-10-09T21:43:51.347+0300: 414.174: [GC (Allocation Failure) 2024-10-09T21:43:51.347+0300: 414.174: [ParNew: 458221K->51072K(460096K), 0.0299120 secs] 6813040K->6417049K(8337536K), 0.0299951 secs] [Times: user=0.02 sys=0.00, real=0.02 secs] 
2024-10-09T21:43:51.362+0300: 414.204: Total time for which application threads were stopped: 0.0302550 seconds, Stopping threads took: 0.0001472 seconds
2024-10-09T21:43:51.520+0300: 414.356: Application time: 0.1524659 seconds
2024-10-09T21:43:51.520+0300: 414.356: [GC (Allocation Failure) 2024-10-09T21:43:51.520+0300: 414.356: [ParNew: 460096K->49904K(460096K), 0.0378377 secs] 6826073K->6453585K(8337536K), 0.0379276 secs] [Times: user=0.02 sys=0.02, real=0.05 secs] 
2024-10-09T21:43:51.566+0300: 414.394: Total time for which application threads were stopped: 0.0382507 seconds, Stopping threads took: 0.0001842 seconds
2024-10-09T21:43:51.755+0300: 414.581: Application time: 0.1871501 seconds
2024-10-09T21:43:51.755+0300: 414.582: [GC (Allocation Failure) 2024-10-09T21:43:51.755+0300: 414.582: [ParNew: 458928K->47638K(460096K), 0.0304292 secs] 6862609K->6472369K(8337536K), 0.0305226 secs] [Times: user=0.05 sys=0.00, real=0.03 secs] 
2024-10-09T21:43:51.786+0300: 414.612: Total time for which application threads were stopped: 0.0307719 seconds, Stopping threads took: 0.0001074 seconds
2024-10-09T21:43:51.943+0300: 414.784: Application time: 0.1716042 seconds
2024-10-09T21:43:51.943+0300: 414.784: [GC (Allocation Failure) 2024-10-09T21:43:51.943+0300: 414.784: [ParNew: 456662K->51072K(460096K), 0.0326735 secs] 6881393K->6492273K(8337536K), 0.0327625 secs] [Times: user=0.03 sys=0.00, real=0.05 secs] 
2024-10-09T21:43:51.990+0300: 414.817: Total time for which application threads were stopped: 0.0330604 seconds, Stopping threads took: 0.0001763 seconds
2024-10-09T21:43:52.132+0300: 414.967: Application time: 0.1495825 seconds
2024-10-09T21:43:52.132+0300: 414.967: [GC (Allocation Failure) 2024-10-09T21:43:52.132+0300: 414.967: [ParNew: 460096K->51072K(460096K), 0.0340184 secs] 6901297K->6521548K(8337536K), 0.0341019 secs] [Times: user=0.03 sys=0.00, real=0.03 secs] 
2024-10-09T21:43:52.163+0300: 415.001: Total time for which application threads were stopped: 0.0343576 seconds, Stopping threads took: 0.0001410 seconds
2024-10-09T21:43:52.351+0300: 415.182: Application time: 0.1808910 seconds
2024-10-09T21:43:52.351+0300: 415.182: [GC (Allocation Failure) 2024-10-09T21:43:52.351+0300: 415.182: [ParNew: 460096K->49313K(460096K), 0.0281566 secs] 6930572K->6535697K(8337536K), 0.0282425 secs] [Times: user=0.02 sys=0.00, real=0.03 secs] 
2024-10-09T21:43:52.383+0300: 415.210: Total time for which application threads were stopped: 0.0285006 seconds, Stopping threads took: 0.0001393 seconds
2024-10-09T21:43:52.555+0300: 415.383: Application time: 0.1723738 seconds
2024-10-09T21:43:52.555+0300: 415.383: [GC (Allocation Failure) 2024-10-09T21:43:52.555+0300: 415.383: [ParNew: 458337K->51072K(460096K), 0.0284986 secs] 6944721K->6546897K(8337536K), 0.0291068 secs] [Times: user=0.02 sys=0.00, real=0.02 secs] 
2024-10-09T21:43:52.571+0300: 415.412: Total time for which application threads were stopped: 0.0293785 seconds, Stopping threads took: 0.0001307 seconds
2024-10-09T21:43:52.728+0300: 415.567: Application time: 0.1544815 seconds
2024-10-09T21:43:52.728+0300: 415.567: [GC (Allocation Failure) 2024-10-09T21:43:52.728+0300: 415.567: [ParNew: 460096K->49150K(460096K), 0.0354115 secs] 6955921K->6574252K(8337536K), 0.0355018 secs] [Times: user=0.08 sys=0.00, real=0.05 secs] 
2024-10-09T21:43:52.775+0300: 415.602: Total time for which application threads were stopped: 0.0358215 seconds, Stopping threads took: 0.0001805 seconds
2024-10-09T21:43:52.948+0300: 415.779: Application time: 0.1762685 seconds
2024-10-09T21:43:52.948+0300: 415.779: [GC (Allocation Failure) 2024-10-09T21:43:52.948+0300: 415.779: [ParNew: 458174K->42436K(460096K), 0.0302354 secs] 6983276K->6588264K(8337536K), 0.0303261 secs] [Times: user=0.03 sys=0.00, real=0.03 secs] 
2024-10-09T21:43:52.979+0300: 415.809: Total time for which application threads were stopped: 0.0305872 seconds, Stopping threads took: 0.0001430 seconds
2024-10-09T21:43:53.152+0300: 415.989: Application time: 0.1802481 seconds
2024-10-09T21:43:53.152+0300: 415.990: [GC (Allocation Failure) 2024-10-09T21:43:53.152+0300: 415.990: [ParNew: 451460K->51072K(460096K), 0.0306288 secs] 6997288K->6612209K(8337536K), 0.0307121 secs] [Times: user=0.03 sys=0.00, real=0.03 secs] 
2024-10-09T21:43:53.183+0300: 416.020: Total time for which application threads were stopped: 0.0309495 seconds, Stopping threads took: 0.0001193 seconds
2024-10-09T21:43:53.340+0300: 416.176: Application time: 0.1555818 seconds
2024-10-09T21:43:53.340+0300: 416.176: [GC (Allocation Failure) 2024-10-09T21:43:53.340+0300: 416.176: [ParNew: 460096K->51072K(460096K), 0.0336986 secs] 7021233K->6636784K(8337536K), 0.0337842 secs] [Times: user=0.03 sys=0.00, real=0.03 secs] 
2024-10-09T21:43:53.371+0300: 416.210: Total time for which application threads were stopped: 0.0340698 seconds, Stopping threads took: 0.0001680 seconds
2024-10-09T21:43:53.544+0300: 416.382: Application time: 0.1715574 seconds
2024-10-09T21:43:53.544+0300: 416.382: [GC (Allocation Failure) 2024-10-09T21:43:53.544+0300: 416.382: [ParNew: 460096K->49372K(460096K), 0.0302842 secs] 7045808K->6657176K(8337536K), 0.0303715 secs] [Times: user=0.03 sys=0.00, real=0.03 secs] 
2024-10-09T21:43:53.576+0300: 416.412: Total time for which application threads were stopped: 0.0306061 seconds, Stopping threads took: 0.0001194 seconds
2024-10-09T21:43:53.764+0300: 416.596: Application time: 0.1841340 seconds
2024-10-09T21:43:53.764+0300: 416.597: [GC (Allocation Failure) 2024-10-09T21:43:53.764+0300: 416.597: [ParNew: 458396K->51072K(460096K), 0.0293203 secs] 7066200K->6674603K(8337536K), 0.0294193 secs] [Times: user=0.09 sys=0.00, real=0.03 secs] 
2024-10-09T21:43:53.795+0300: 416.626: Total time for which application threads were stopped: 0.0297023 seconds, Stopping threads took: 0.0001367 seconds
2024-10-09T21:43:53.952+0300: 416.787: Application time: 0.1610051 seconds
2024-10-09T21:43:53.952+0300: 416.787: [GC (Allocation Failure) 2024-10-09T21:43:53.952+0300: 416.787: [ParNew: 460096K->51072K(460096K), 0.0253188 secs] 7083627K->6681917K(8337536K), 0.0254044 secs] [Times: user=0.03 sys=0.00, real=0.03 secs] 
2024-10-09T21:43:53.983+0300: 416.813: Total time for which application threads were stopped: 0.0256527 seconds, Stopping threads took: 0.0001318 seconds
2024-10-09T21:43:54.140+0300: 416.979: Application time: 0.1659723 seconds
2024-10-09T21:43:54.140+0300: 416.979: [GC (Allocation Failure) 2024-10-09T21:43:54.140+0300: 416.979: [ParNew: 460096K->45460K(460096K), 0.0334878 secs] 7090941K->6706461K(8337536K), 0.0335723 secs] [Times: user=0.03 sys=0.00, real=0.03 secs] 
2024-10-09T21:43:54.172+0300: 417.013: Total time for which application threads were stopped: 0.0337988 seconds, Stopping threads took: 0.0001131 seconds
2024-10-09T21:43:54.360+0300: 417.191: Application time: 0.1784236 seconds
2024-10-09T21:43:54.360+0300: 417.191: [GC (Allocation Failure) 2024-10-09T21:43:54.360+0300: 417.191: [ParNew: 454484K->51072K(460096K), 0.0267143 secs] 7115485K->6716854K(8337536K), 0.0268047 secs] [Times: user=0.02 sys=0.00, real=0.03 secs] 
2024-10-09T21:43:54.391+0300: 417.218: Total time for which application threads were stopped: 0.0270310 seconds, Stopping threads took: 0.0001087 seconds
2024-10-09T21:43:54.548+0300: 417.383: Application time: 0.1648124 seconds
2024-10-09T21:43:54.548+0300: 417.383: [GC (Allocation Failure) 2024-10-09T21:43:54.548+0300: 417.383: [ParNew: 460096K->51072K(460096K), 0.0356113 secs] 7125878K->6737927K(8337536K), 0.0356954 secs] [Times: user=0.02 sys=0.00, real=0.03 secs] 
2024-10-09T21:43:54.580+0300: 417.419: Total time for which application threads were stopped: 0.0359686 seconds, Stopping threads took: 0.0001586 seconds
2024-10-09T21:43:54.737+0300: 417.578: Application time: 0.1590718 seconds
2024-10-09T21:43:54.737+0300: 417.578: [GC (Allocation Failure) 2024-10-09T21:43:54.737+0300: 417.578: [ParNew: 460096K->42948K(460096K), 0.0309646 secs] 7146951K->6755994K(8337536K), 0.0310595 secs] [Times: user=0.06 sys=0.00, real=0.03 secs] 
2024-10-09T21:43:54.768+0300: 417.609: Total time for which application threads were stopped: 0.0313291 seconds, Stopping threads took: 0.0001309 seconds
2024-10-09T21:43:54.956+0300: 417.787: Application time: 0.1783007 seconds
2024-10-09T21:43:54.956+0300: 417.788: [GC (Allocation Failure) 2024-10-09T21:43:54.956+0300: 417.788: [ParNew: 451972K->51072K(460096K), 0.0261856 secs] 7165018K->6767193K(8337536K), 0.0262792 secs] [Times: user=0.03 sys=0.00, real=0.03 secs] 
2024-10-09T21:43:54.988+0300: 417.814: Total time for which application threads were stopped: 0.0265474 seconds, Stopping threads took: 0.0001280 seconds
2024-10-09T21:43:55.160+0300: 417.986: Application time: 0.1723987 seconds
2024-10-09T21:43:55.160+0300: 417.987: [GC (Allocation Failure) 2024-10-09T21:43:55.160+0300: 417.987: [ParNew: 460096K->51072K(460096K), 0.0328691 secs] 7176217K->6782566K(8337536K), 0.0329593 secs] [Times: user=0.06 sys=0.00, real=0.03 secs] 
2024-10-09T21:43:55.192+0300: 418.020: Total time for which application threads were stopped: 0.0332502 seconds, Stopping threads took: 0.0001374 seconds
2024-10-09T21:43:55.349+0300: 418.176: Application time: 0.1566429 seconds
2024-10-09T21:43:55.349+0300: 418.177: [GC (Allocation Failure) 2024-10-09T21:43:55.349+0300: 418.177: [ParNew: 460096K->45572K(460096K), 0.0301609 secs] 7191590K->6803024K(8337536K), 0.0302441 secs] [Times: user=0.02 sys=0.00, real=0.03 secs] 
2024-10-09T21:43:55.380+0300: 418.207: Total time for which application threads were stopped: 0.0304922 seconds, Stopping threads took: 0.0001335 seconds
2024-10-09T21:43:55.553+0300: 418.385: Application time: 0.1783468 seconds
2024-10-09T21:43:55.553+0300: 418.385: [GC (Allocation Failure) 2024-10-09T21:43:55.553+0300: 418.385: [ParNew: 454596K->51072K(460096K), 0.0258716 secs] 7212048K->6812950K(8337536K), 0.0259489 secs] [Times: user=0.03 sys=0.00, real=0.03 secs] 
2024-10-09T21:43:55.585+0300: 418.411: Total time for which application threads were stopped: 0.0261950 seconds, Stopping threads took: 0.0001385 seconds
2024-10-09T21:43:55.757+0300: 418.589: Application time: 0.1774560 seconds
2024-10-09T21:43:55.757+0300: 418.589: [GC (Allocation Failure) 2024-10-09T21:43:55.757+0300: 418.589: [ParNew: 460096K->51072K(460096K), 0.0336853 secs] 7221974K->6829727K(8337536K), 0.0337805 secs] [Times: user=0.14 sys=0.00, real=0.04 secs] 
2024-10-09T21:43:55.796+0300: 418.623: Total time for which application threads were stopped: 0.0340325 seconds, Stopping threads took: 0.0001220 seconds
2024-10-09T21:43:55.946+0300: 418.775: Application time: 0.1526444 seconds
2024-10-09T21:43:55.946+0300: 418.776: [GC (Allocation Failure) 2024-10-09T21:43:55.946+0300: 418.776: [ParNew: 460096K->51072K(460096K), 0.0347480 secs] 7238751K->6856229K(8337536K), 0.0348365 secs] [Times: user=0.03 sys=0.00, real=0.03 secs] 
2024-10-09T21:43:55.977+0300: 418.811: Total time for which application threads were stopped: 0.0351410 seconds, Stopping threads took: 0.0001936 seconds
2024-10-09T21:43:56.150+0300: 418.982: Application time: 0.1710071 seconds
2024-10-09T21:43:56.150+0300: 418.982: [GC (Allocation Failure) 2024-10-09T21:43:56.150+0300: 418.982: [ParNew: 460096K->51072K(460096K), 0.0312767 secs] 7265253K->6879954K(8337536K), 0.0313670 secs] [Times: user=0.05 sys=0.00, real=0.03 secs] 
2024-10-09T21:43:56.182+0300: 419.013: Total time for which application threads were stopped: 0.0316322 seconds, Stopping threads took: 0.0001468 seconds
2024-10-09T21:43:56.354+0300: 419.188: Application time: 0.1745127 seconds
2024-10-09T21:43:56.354+0300: 419.188: [GC (Allocation Failure) 2024-10-09T21:43:56.354+0300: 419.188: [ParNew: 460096K->51072K(460096K), 0.0292045 secs] 7288978K->6892245K(8337536K), 0.0292903 secs] [Times: user=0.03 sys=0.00, real=0.03 secs] 
2024-10-09T21:43:56.385+0300: 419.217: Total time for which application threads were stopped: 0.0295543 seconds, Stopping threads took: 0.0001487 seconds
2024-10-09T21:43:56.542+0300: 419.379: Application time: 0.1621067 seconds
2024-10-09T21:43:56.542+0300: 419.380: [GC (Allocation Failure) 2024-10-09T21:43:56.542+0300: 419.380: [ParNew: 460096K->51072K(460096K), 0.0317928 secs] 7301269K->6911598K(8337536K), 0.0318794 secs] [Times: user=0.03 sys=0.00, real=0.03 secs] 
2024-10-09T21:43:56.573+0300: 419.412: Total time for which application threads were stopped: 0.0321601 seconds, Stopping threads took: 0.0001693 seconds
2024-10-09T21:43:56.746+0300: 419.585: Application time: 0.1733733 seconds
2024-10-09T21:43:56.746+0300: 419.585: [GC (Allocation Failure) 2024-10-09T21:43:56.746+0300: 419.585: [ParNew: 460096K->51072K(460096K), 0.0333546 secs] 7320622K->6939947K(8337536K), 0.0334578 secs] [Times: user=0.06 sys=0.00, real=0.03 secs] 
2024-10-09T21:43:56.793+0300: 419.619: Total time for which application threads were stopped: 0.0337932 seconds, Stopping threads took: 0.0001908 seconds
2024-10-09T21:43:56.950+0300: 419.787: Application time: 0.1678376 seconds
2024-10-09T21:43:56.950+0300: 419.787: [GC (Allocation Failure) 2024-10-09T21:43:56.950+0300: 419.787: [ParNew: 460096K->51072K(460096K), 0.0277295 secs] 7348971K->6953965K(8337536K), 0.0278168 secs] [Times: user=0.03 sys=0.00, real=0.03 secs] 
2024-10-09T21:43:56.981+0300: 419.815: Total time for which application threads were stopped: 0.0281101 seconds, Stopping threads took: 0.0001696 seconds
2024-10-09T21:43:57.155+0300: 419.982: Application time: 0.1677066 seconds
2024-10-09T21:43:57.155+0300: 419.983: [GC (Allocation Failure) 2024-10-09T21:43:57.155+0300: 419.983: [ParNew: 460096K->51072K(460096K), 0.0284274 secs] 7362989K->6966468K(8337536K), 0.0285111 secs] [Times: user=0.01 sys=0.00, real=0.02 secs] 
2024-10-09T21:43:57.170+0300: 420.011: Total time for which application threads were stopped: 0.0287739 seconds, Stopping threads took: 0.0001503 seconds
2024-10-09T21:43:57.342+0300: 420.176: Application time: 0.1647813 seconds
2024-10-09T21:43:57.342+0300: 420.176: [GC (Allocation Failure) 2024-10-09T21:43:57.342+0300: 420.176: [ParNew: 460096K->51072K(460096K), 0.0346762 secs] 7375492K->6995781K(8337536K), 0.0347855 secs] [Times: user=0.03 sys=0.00, real=0.03 secs] 
2024-10-09T21:43:57.374+0300: 420.211: Total time for which application threads were stopped: 0.0350218 seconds, Stopping threads took: 0.0001092 seconds
2024-10-09T21:43:57.546+0300: 420.377: Application time: 0.1663406 seconds
2024-10-09T21:43:57.546+0300: 420.378: [GC (Allocation Failure) 2024-10-09T21:43:57.546+0300: 420.378: [ParNew: 460096K->51072K(460096K), 0.0307031 secs] 7404805K->7017433K(8337536K), 0.0307842 secs] [Times: user=0.03 sys=0.00, real=0.03 secs] 
2024-10-09T21:43:57.578+0300: 420.408: Total time for which application threads were stopped: 0.0310582 seconds, Stopping threads took: 0.0001594 seconds
2024-10-09T21:43:57.751+0300: 420.589: Application time: 0.1803892 seconds
2024-10-09T21:43:57.751+0300: 420.589: [GC (Allocation Failure) 2024-10-09T21:43:57.751+0300: 420.589: [ParNew: 460096K->51072K(460096K), 0.0310808 secs] 7426457K->7032298K(8337536K), 0.0311894 secs] [Times: user=0.09 sys=0.00, real=0.03 secs] 
2024-10-09T21:43:57.782+0300: 420.620: Total time for which application threads were stopped: 0.0314795 seconds, Stopping threads took: 0.0001467 seconds
2024-10-09T21:43:57.955+0300: 420.786: Application time: 0.1655043 seconds
2024-10-09T21:43:57.955+0300: 420.786: [GC (Allocation Failure) 2024-10-09T21:43:57.955+0300: 420.786: [ParNew: 460096K->51072K(460096K), 0.0362493 secs] 7441322K->7066139K(8337536K), 0.0363423 secs] [Times: user=0.03 sys=0.00, real=0.03 secs] 
2024-10-09T21:43:57.986+0300: 420.822: Total time for which application threads were stopped: 0.0366043 seconds, Stopping threads took: 0.0001465 seconds
2024-10-09T21:43:57.986+0300: 420.823: Application time: 0.0000948 seconds
2024-10-09T21:43:57.986+0300: 420.823: [GC (CMS Initial Mark) [1 CMS-initial-mark: 7015067K(7877440K)] 7070159K(8337536K), 0.0039492 secs] [Times: user=0.00 sys=0.00, real=0.00 secs] 
2024-10-09T21:43:57.986+0300: 420.827: Total time for which application threads were stopped: 0.0041898 seconds, Stopping threads took: 0.0001274 seconds
2024-10-09T21:43:57.986+0300: 420.827: [CMS-concurrent-mark-start]
2024-10-09T21:43:58.018+0300: 420.849: [CMS-concurrent-mark: 0.023/0.023 secs] [Times: user=0.03 sys=0.00, real=0.03 secs] 
2024-10-09T21:43:58.018+0300: 420.849: [CMS-concurrent-preclean-start]
2024-10-09T21:43:58.018+0300: 420.858: [CMS-concurrent-preclean: 0.008/0.008 secs] [Times: user=0.00 sys=0.00, real=0.00 secs] 
2024-10-09T21:43:58.018+0300: 420.858: [CMS-concurrent-abortable-preclean-start]
2024-10-09T21:43:58.206+0300: 421.032: Application time: 0.2054339 seconds
2024-10-09T21:43:58.206+0300: 421.032: [GC (Allocation Failure) 2024-10-09T21:43:58.206+0300: 421.032: [ParNew: 460096K->51072K(460096K), 0.0289919 secs] 7475163K->7080635K(8337536K), 0.0290861 secs] [Times: user=0.02 sys=0.00, real=0.02 secs] 
2024-10-09T21:43:58.222+0300: 421.061: Total time for which application threads were stopped: 0.0293247 seconds, Stopping threads took: 0.0001226 seconds
2024-10-09T21:43:58.426+0300: 421.255: Application time: 0.1932749 seconds
2024-10-09T21:43:58.426+0300: 421.255: [GC (Allocation Failure) 2024-10-09T21:43:58.426+0300: 421.255: [ParNew: 460096K->51072K(460096K), 0.0299201 secs] 7489659K->7093389K(8337536K), 0.0300062 secs] [Times: user=0.01 sys=0.00, real=0.03 secs] 
2024-10-09T21:43:58.457+0300: 421.285: Total time for which application threads were stopped: 0.0302708 seconds, Stopping threads took: 0.0001511 seconds
2024-10-09T21:43:58.473+0300: 421.302: [CMS-concurrent-abortable-preclean: 0.384/0.444 secs] [Times: user=2.42 sys=0.00, real=0.46 secs] 
2024-10-09T21:43:58.473+0300: 421.302: Application time: 0.0168957 seconds
2024-10-09T21:43:58.473+0300: 421.302: [GC (CMS Final Remark) [YG occupancy: 84620 K (460096 K)]2024-10-09T21:43:58.473+0300: 421.302: [Rescan (parallel) , 0.0095462 secs]2024-10-09T21:43:58.473+0300: 421.312: [weak refs processing, 0.0000177 secs]2024-10-09T21:43:58.473+0300: 421.312: [class unloading, 0.0020938 secs]2024-10-09T21:43:58.473+0300: 421.314: [scrub symbol table, 0.0007847 secs]2024-10-09T21:43:58.488+0300: 421.315: [scrub string table, 0.0002045 secs][1 CMS-remark: 7042317K(7877440K)] 7126938K(8337536K), 0.0127695 secs] [Times: user=0.01 sys=0.00, real=0.01 secs] 
2024-10-09T21:43:58.488+0300: 421.315: Total time for which application threads were stopped: 0.0129699 seconds, Stopping threads took: 0.0001243 seconds
2024-10-09T21:43:58.488+0300: 421.315: [CMS-concurrent-sweep-start]
2024-10-09T21:43:58.661+0300: 421.499: Application time: 0.1836790 seconds
2024-10-09T21:43:58.661+0300: 421.499: [GC (Allocation Failure) 2024-10-09T21:43:58.661+0300: 421.499: [ParNew: 460096K->51072K(460096K), 0.0307809 secs] 7142245K->6751896K(8337536K), 0.0309025 secs] [Times: user=0.17 sys=0.00, real=0.03 secs] 
2024-10-09T21:43:58.693+0300: 421.530: Total time for which application threads were stopped: 0.0312937 seconds, Stopping threads took: 0.0002069 seconds
2024-10-09T21:43:58.896+0300: 421.725: Application time: 0.1949034 seconds
2024-10-09T21:43:58.896+0300: 421.725: [GC (Allocation Failure) 2024-10-09T21:43:58.896+0300: 421.725: [ParNew: 460096K->51072K(460096K), 0.0324381 secs] 6799547K->6409850K(8337536K), 0.0325297 secs] [Times: user=0.03 sys=0.00, real=0.03 secs] 
2024-10-09T21:43:58.928+0300: 421.758: Total time for which application threads were stopped: 0.0328595 seconds, Stopping threads took: 0.0002112 seconds
2024-10-09T21:43:59.117+0300: 421.954: Application time: 0.1967554 seconds
2024-10-09T21:43:59.117+0300: 421.955: [GC (Allocation Failure) 2024-10-09T21:43:59.117+0300: 421.955: [ParNew: 460096K->45083K(460096K), 0.0311594 secs] 6440898K->6052493K(8337536K), 0.0312556 secs] [Times: user=0.06 sys=0.00, real=0.03 secs] 
2024-10-09T21:43:59.148+0300: 421.986: Total time for which application threads were stopped: 0.0315979 seconds, Stopping threads took: 0.0001848 seconds
2024-10-09T21:43:59.367+0300: 422.200: Application time: 0.2138126 seconds
2024-10-09T21:43:59.367+0300: 422.200: [GC (Allocation Failure) 2024-10-09T21:43:59.367+0300: 422.200: [ParNew: 454107K->51072K(460096K), 0.0271613 secs] 6068705K->5673834K(8337536K), 0.0272623 secs] [Times: user=0.19 sys=0.00, real=0.03 secs] 
2024-10-09T21:43:59.399+0300: 422.227: Total time for which application threads were stopped: 0.0275355 seconds, Stopping threads took: 0.0001391 seconds
2024-10-09T21:43:59.603+0300: 422.431: Application time: 0.2040719 seconds
2024-10-09T21:43:59.603+0300: 422.432: [GC (Allocation Failure) 2024-10-09T21:43:59.603+0300: 422.432: [ParNew: 460096K->51072K(460096K), 0.0305185 secs] 5716085K->5322128K(8337536K), 0.0306355 secs] [Times: user=0.08 sys=0.00, real=0.03 secs] 
2024-10-09T21:43:59.634+0300: 422.462: Total time for which application threads were stopped: 0.0309669 seconds, Stopping threads took: 0.0001720 seconds
2024-10-09T21:43:59.823+0300: 422.654: Application time: 0.1913188 seconds
2024-10-09T21:43:59.823+0300: 422.654: [GC (Allocation Failure) 2024-10-09T21:43:59.823+0300: 422.654: [ParNew: 460096K->47154K(460096K), 0.0300527 secs] 5370948K->4980081K(8337536K), 0.0301606 secs] [Times: user=0.03 sys=0.00, real=0.03 secs] 
2024-10-09T21:43:59.854+0300: 422.684: Total time for which application threads were stopped: 0.0305515 seconds, Stopping threads took: 0.0002212 seconds
2024-10-09T21:44:00.074+0300: 422.903: Application time: 0.2190916 seconds
2024-10-09T21:44:00.074+0300: 422.904: [GC (Allocation Failure) 2024-10-09T21:44:00.074+0300: 422.904: [ParNew: 456178K->51072K(460096K), 0.0318571 secs] 4981853K->4593560K(8337536K), 0.0319524 secs] [Times: user=0.03 sys=0.00, real=0.03 secs] 
2024-10-09T21:44:00.106+0300: 422.936: Total time for which application threads were stopped: 0.0323272 seconds, Stopping threads took: 0.0002243 seconds
2024-10-09T21:44:00.293+0300: 423.135: Application time: 0.1990919 seconds
2024-10-09T21:44:00.309+0300: 423.135: [GC (Allocation Failure) 2024-10-09T21:44:00.309+0300: 423.135: [ParNew: 460096K->51072K(460096K), 0.0338321 secs] 4632929K->4244848K(8337536K), 0.0339225 secs] [Times: user=0.01 sys=0.00, real=0.03 secs] 
2024-10-09T21:44:00.341+0300: 423.169: Total time for which application threads were stopped: 0.0343157 seconds, Stopping threads took: 0.0002555 seconds
2024-10-09T21:44:00.529+0300: 423.363: Application time: 0.1936392 seconds
2024-10-09T21:44:00.529+0300: 423.363: [GC (Allocation Failure) 2024-10-09T21:44:00.529+0300: 423.363: [ParNew: 460096K->51072K(460096K), 0.0350193 secs] 4284257K->3904019K(8337536K), 0.0351255 secs] [Times: user=0.03 sys=0.00, real=0.03 secs] 
2024-10-09T21:44:00.560+0300: 423.398: Total time for which application threads were stopped: 0.0355215 seconds, Stopping threads took: 0.0002494 seconds
2024-10-09T21:44:00.764+0300: 423.602: Application time: 0.2035911 seconds
2024-10-09T21:44:00.764+0300: 423.602: [GC (Allocation Failure) 2024-10-09T21:44:00.764+0300: 423.602: [ParNew: 460096K->51072K(460096K), 0.0348495 secs] 3947951K->3568531K(8337536K), 0.0350702 secs] [Times: user=0.08 sys=0.00, real=0.05 secs] 
2024-10-09T21:44:00.811+0300: 423.637: Total time for which application threads were stopped: 0.0353816 seconds, Stopping threads took: 0.0001736 seconds
2024-10-09T21:44:01.000+0300: 423.832: Application time: 0.1945922 seconds
2024-10-09T21:44:01.000+0300: 423.832: [GC (Allocation Failure) 2024-10-09T21:44:01.000+0300: 423.832: [ParNew: 460096K->51072K(460096K), 0.0274905 secs] 3632308K->3235822K(8337536K), 0.0275757 secs] [Times: user=0.02 sys=0.00, real=0.03 secs] 
2024-10-09T21:44:01.031+0300: 423.860: Total time for which application threads were stopped: 0.0279564 seconds, Stopping threads took: 0.0002048 seconds
2024-10-09T21:44:01.220+0300: 424.060: Application time: 0.1998947 seconds
2024-10-09T21:44:01.251+0300: 424.077: [GC (Allocation Failure) 2024-10-09T21:44:01.251+0300: 424.077: [ParNew: 460096K->51072K(460096K), 0.0291874 secs] 3298469K->2908549K(8337536K), 0.0293229 secs] [Times: user=0.02 sys=0.00, real=0.02 secs] 
2024-10-09T21:44:01.267+0300: 424.107: Total time for which application threads were stopped: 0.0469522 seconds, Stopping threads took: 0.0174029 seconds
2024-10-09T21:44:01.471+0300: 424.299: Application time: 0.1919822 seconds
2024-10-09T21:44:01.471+0300: 424.299: [GC (Allocation Failure) 2024-10-09T21:44:01.471+0300: 424.299: [ParNew: 460096K->51072K(460096K), 0.0263838 secs] 2979491K->2582680K(8337536K), 0.0264746 secs] [Times: user=0.01 sys=0.00, real=0.02 secs] 
2024-10-09T21:44:01.486+0300: 424.325: Total time for which application threads were stopped: 0.0267777 seconds, Stopping threads took: 0.0001799 seconds
2024-10-09T21:44:01.690+0300: 424.532: Application time: 0.2061723 seconds
2024-10-09T21:44:01.706+0300: 424.532: [GC (Allocation Failure) 2024-10-09T21:44:01.706+0300: 424.532: [ParNew: 460096K->42532K(460096K), 0.0307617 secs] 2653653K->2257971K(8337536K), 0.0308637 secs] [Times: user=0.17 sys=0.00, real=0.02 secs] 
2024-10-09T21:44:01.722+0300: 424.563: Total time for which application threads were stopped: 0.0313449 seconds, Stopping threads took: 0.0002993 seconds
2024-10-09T21:44:01.927+0300: 424.761: Application time: 0.1980931 seconds
2024-10-09T21:44:01.927+0300: 424.761: [GC (Allocation Failure) 2024-10-09T21:44:01.927+0300: 424.761: [ParNew: 451556K->51072K(460096K), 0.0279130 secs] 2329691K->1939531K(8337536K), 0.0280039 secs] [Times: user=0.05 sys=0.00, real=0.03 secs] 
2024-10-09T21:44:01.958+0300: 424.789: Total time for which application threads were stopped: 0.0283283 seconds, Stopping threads took: 0.0002056 seconds
2024-10-09T21:44:02.147+0300: 424.987: Application time: 0.1973449 seconds
2024-10-09T21:44:02.147+0300: 424.987: [GC (Allocation Failure) 2024-10-09T21:44:02.147+0300: 424.987: [ParNew: 460096K->48048K(460096K), 0.0337000 secs] 1999550K->1613710K(8337536K), 0.0337886 secs] [Times: user=0.06 sys=0.00, real=0.05 secs] 
2024-10-09T21:44:02.193+0300: 425.021: Total time for which application threads were stopped: 0.0342057 seconds, Stopping threads took: 0.0002769 seconds
2024-10-09T21:44:02.397+0300: 425.226: Application time: 0.2045759 seconds
2024-10-09T21:44:02.397+0300: 425.226: [GC (Allocation Failure) 2024-10-09T21:44:02.397+0300: 425.226: [ParNew: 457072K->48079K(460096K), 0.0299377 secs] 1674597K->1285099K(8337536K), 0.0300292 secs] [Times: user=0.03 sys=0.00, real=0.03 secs] 
2024-10-09T21:44:02.429+0300: 425.256: Total time for which application threads were stopped: 0.0303693 seconds, Stopping threads took: 0.0002160 seconds
2024-10-09T21:44:02.621+0300: 425.452: Application time: 0.1959948 seconds
2024-10-09T21:44:02.621+0300: 425.452: [GC (Allocation Failure) 2024-10-09T21:44:02.621+0300: 425.452: [ParNew: 457103K->51072K(460096K), 0.0292022 secs] 1346219K->955552K(8337536K), 0.0293109 secs] [Times: user=0.02 sys=0.00, real=0.03 secs] 
2024-10-09T21:44:02.648+0300: 425.482: Total time for which application threads were stopped: 0.0296886 seconds, Stopping threads took: 0.0002178 seconds
2024-10-09T21:44:02.852+0300: 425.684: Application time: 0.2021077 seconds
2024-10-09T21:44:02.852+0300: 425.684: [GC (Allocation Failure) 2024-10-09T21:44:02.852+0300: 425.684: [ParNew: 460096K->51072K(460096K), 0.0353949 secs] 998773K->623940K(8337536K), 0.0354935 secs] [Times: user=0.03 sys=0.00, real=0.03 secs] 
2024-10-09T21:44:02.884+0300: 425.720: Total time for which application threads were stopped: 0.0358362 seconds, Stopping threads took: 0.0001870 seconds
2024-10-09T21:44:02.978+0300: 425.807: [CMS-concurrent-sweep: 3.877/4.492 secs] [Times: user=23.52 sys=0.01, real=4.49 secs] 
2024-10-09T21:44:02.978+0300: 425.807: [CMS-concurrent-reset-start]
2024-10-09T21:44:02.993+0300: 425.823: [CMS-concurrent-reset: 0.016/0.016 secs] [Times: user=0.09 sys=0.00, real=0.02 secs] 
2024-10-09T21:44:03.088+0300: 425.913: Application time: 0.1938645 seconds
2024-10-09T21:44:03.088+0300: 425.914: [GC (Allocation Failure) 2024-10-09T21:44:03.088+0300: 425.914: [ParNew: 460096K->47968K(460096K), 0.0272276 secs] 902290K->503567K(8337536K), 0.0273185 secs] [Times: user=0.02 sys=0.00, real=0.01 secs] 
2024-10-09T21:44:03.103+0300: 425.941: Total time for which application threads were stopped: 0.0275904 seconds, Stopping threads took: 0.0001356 seconds
2024-10-09T21:44:03.276+0300: 426.104: Application time: 0.1631821 seconds
2024-10-09T21:44:03.276+0300: 426.104: [GC (Allocation Failure) 2024-10-09T21:44:03.276+0300: 426.104: [ParNew: 456992K->51072K(460096K), 0.0315092 secs] 912591K->525696K(8337536K), 0.0315918 secs] [Times: user=0.03 sys=0.00, real=0.03 secs] 
2024-10-09T21:44:03.307+0300: 426.136: Total time for which application threads were stopped: 0.0318173 seconds, Stopping threads took: 0.0000945 seconds
2024-10-09T21:44:03.464+0300: 426.296: Application time: 0.1596609 seconds
2024-10-09T21:44:03.464+0300: 426.296: [GC (Allocation Failure) 2024-10-09T21:44:03.464+0300: 426.296: [ParNew: 460096K->51072K(460096K), 0.0296861 secs] 934720K->548054K(8337536K), 0.0297759 secs] [Times: user=0.03 sys=0.00, real=0.03 secs] 
2024-10-09T21:44:03.495+0300: 426.326: Total time for which application threads were stopped: 0.0300255 seconds, Stopping threads took: 0.0001297 seconds
2024-10-09T21:44:03.668+0300: 426.508: Application time: 0.1826216 seconds
2024-10-09T21:44:03.668+0300: 426.509: [GC (Allocation Failure) 2024-10-09T21:44:03.668+0300: 426.509: [ParNew: 460096K->51072K(460096K), 0.0339704 secs] 957078K->561306K(8337536K), 0.0340676 secs] [Times: user=0.17 sys=0.00, real=0.05 secs] 
2024-10-09T21:44:03.715+0300: 426.543: Total time for which application threads were stopped: 0.0344168 seconds, Stopping threads took: 0.0002140 seconds
2024-10-09T21:44:03.872+0300: 426.703: Application time: 0.1604441 seconds
2024-10-09T21:44:03.872+0300: 426.703: [GC (Allocation Failure) 2024-10-09T21:44:03.872+0300: 426.703: [ParNew: 460096K->51072K(460096K), 0.0322734 secs] 970330K->580436K(8337536K), 0.0323728 secs] [Times: user=0.05 sys=0.00, real=0.03 secs] 
2024-10-09T21:44:03.903+0300: 426.736: Total time for which application threads were stopped: 0.0326189 seconds, Stopping threads took: 0.0001194 seconds
2024-10-09T21:44:04.061+0300: 426.898: Application time: 0.1623059 seconds
2024-10-09T21:44:04.061+0300: 426.898: [GC (Allocation Failure) 2024-10-09T21:44:04.061+0300: 426.898: [ParNew: 460096K->46836K(460096K), 0.0282823 secs] 989460K->599352K(8337536K), 0.0283698 secs] [Times: user=0.05 sys=0.00, real=0.03 secs] 
2024-10-09T21:44:04.092+0300: 426.927: Total time for which application threads were stopped: 0.0286812 seconds, Stopping threads took: 0.0001885 seconds
2024-10-09T21:44:04.265+0300: 427.105: Application time: 0.1782463 seconds
2024-10-09T21:44:04.265+0300: 427.105: [GC (Allocation Failure) 2024-10-09T21:44:04.265+0300: 427.105: [ParNew: 455860K->49646K(460096K), 0.0266344 secs] 1008376K->612891K(8337536K), 0.0267243 secs] [Times: user=0.03 sys=0.00, real=0.03 secs] 
2024-10-09T21:44:04.296+0300: 427.132: Total time for which application threads were stopped: 0.0269804 seconds, Stopping threads took: 0.0001354 seconds
2024-10-09T21:44:04.453+0300: 427.292: Application time: 0.1603347 seconds
2024-10-09T21:44:04.453+0300: 427.293: [GC (Allocation Failure) 2024-10-09T21:44:04.453+0300: 427.293: [ParNew: 458670K->51072K(460096K), 0.0314294 secs] 1021915K->634599K(8337536K), 0.0315204 secs] [Times: user=0.03 sys=0.00, real=0.03 secs] 
2024-10-09T21:44:04.485+0300: 427.324: Total time for which application threads were stopped: 0.0317878 seconds, Stopping threads took: 0.0001466 seconds
2024-10-09T21:44:04.663+0300: 427.489: Application time: 0.1646038 seconds
2024-10-09T21:44:04.663+0300: 427.489: [GC (Allocation Failure) 2024-10-09T21:44:04.663+0300: 427.489: [ParNew: 460096K->51072K(460096K), 0.0288571 secs] 1043623K->657727K(8337536K), 0.0289515 secs] [Times: user=0.09 sys=0.00, real=0.03 secs] 
2024-10-09T21:44:04.692+0300: 427.518: Total time for which application threads were stopped: 0.0291680 seconds, Stopping threads took: 0.0000757 seconds
2024-10-09T21:44:04.861+0300: 427.700: Application time: 0.1825723 seconds
2024-10-09T21:44:04.861+0300: 427.701: [GC (Allocation Failure) 2024-10-09T21:44:04.861+0300: 427.701: [ParNew: 460096K->50169K(460096K), 0.0266493 secs] 1066751K->666092K(8337536K), 0.0267390 secs] [Times: user=0.03 sys=0.00, real=0.03 secs] 
2024-10-09T21:44:04.892+0300: 427.728: Total time for which application threads were stopped: 0.0270711 seconds, Stopping threads took: 0.0002009 seconds
2024-10-09T21:44:05.049+0300: 427.889: Application time: 0.1618486 seconds
2024-10-09T21:44:05.049+0300: 427.890: [GC (Allocation Failure) 2024-10-09T21:44:05.049+0300: 427.890: [ParNew: 459193K->51072K(460096K), 0.0298668 secs] 1075116K->682750K(8337536K), 0.0299555 secs] [Times: user=0.03 sys=0.00, real=0.03 secs] 
2024-10-09T21:44:05.081+0300: 427.920: Total time for which application threads were stopped: 0.0302254 seconds, Stopping threads took: 0.0001511 seconds
2024-10-09T21:44:05.253+0300: 428.081: Application time: 0.1617006 seconds
2024-10-09T21:44:05.253+0300: 428.082: [GC (Allocation Failure) 2024-10-09T21:44:05.253+0300: 428.082: [ParNew: 460096K->46231K(460096K), 0.0315069 secs] 1091774K->707458K(8337536K), 0.0315930 secs] [Times: user=0.03 sys=0.00, real=0.03 secs] 
2024-10-09T21:44:05.285+0300: 428.113: Total time for which application threads were stopped: 0.0318600 seconds, Stopping threads took: 0.0001486 seconds
2024-10-09T21:44:05.457+0300: 428.285: Application time: 0.1718206 seconds
2024-10-09T21:44:05.457+0300: 428.285: [GC (Allocation Failure) 2024-10-09T21:44:05.457+0300: 428.285: [ParNew: 455255K->51072K(460096K), 0.0254526 secs] 1116482K->714775K(8337536K), 0.0255271 secs] [Times: user=0.02 sys=0.00, real=0.02 secs] 
2024-10-09T21:44:05.473+0300: 428.311: Total time for which application threads were stopped: 0.0257662 seconds, Stopping threads took: 0.0001249 seconds
2024-10-09T21:44:05.646+0300: 428.475: Application time: 0.1644006 seconds
2024-10-09T21:44:05.646+0300: 428.475: [GC (Allocation Failure) 2024-10-09T21:44:05.646+0300: 428.475: [ParNew: 460096K->51072K(460096K), 0.0396074 secs] 1123799K->745189K(8337536K), 0.0396969 secs] [Times: user=0.02 sys=0.00, real=0.03 secs] 
2024-10-09T21:44:05.677+0300: 428.515: Total time for which application threads were stopped: 0.0399697 seconds, Stopping threads took: 0.0001552 seconds
2024-10-09T21:44:05.850+0300: 428.677: Application time: 0.1617207 seconds
2024-10-09T21:44:05.850+0300: 428.677: [GC (Allocation Failure) 2024-10-09T21:44:05.850+0300: 428.677: [ParNew: 460096K->42561K(460096K), 0.0298004 secs] 1154213K->760956K(8337536K), 0.0298866 secs] [Times: user=0.03 sys=0.00, real=0.03 secs] 
2024-10-09T21:44:05.881+0300: 428.707: Total time for which application threads were stopped: 0.0301059 seconds, Stopping threads took: 0.0001051 seconds
2024-10-09T21:44:06.054+0300: 428.883: Application time: 0.1759828 seconds
2024-10-09T21:44:06.054+0300: 428.883: [GC (Allocation Failure) 2024-10-09T21:44:06.054+0300: 428.883: [ParNew: 451585K->51072K(460096K), 0.0279551 secs] 1169980K->783235K(8337536K), 0.0280477 secs] [Times: user=0.03 sys=0.00, real=0.03 secs] 
2024-10-09T21:44:06.085+0300: 428.911: Total time for which application threads were stopped: 0.0282860 seconds, Stopping threads took: 0.0001156 seconds
2024-10-09T21:44:06.242+0300: 429.076: Application time: 0.1649600 seconds
2024-10-09T21:44:06.242+0300: 429.076: [GC (Allocation Failure) 2024-10-09T21:44:06.242+0300: 429.076: [ParNew: 460096K->51072K(460096K), 0.0270717 secs] 1192259K->793958K(8337536K), 0.0271561 secs] [Times: user=0.01 sys=0.00, real=0.03 secs] 
2024-10-09T21:44:06.273+0300: 429.104: Total time for which application threads were stopped: 0.0274251 seconds, Stopping threads took: 0.0001576 seconds
2024-10-09T21:44:06.430+0300: 429.263: Application time: 0.1596695 seconds
2024-10-09T21:44:06.430+0300: 429.264: [GC (Allocation Failure) 2024-10-09T21:44:06.430+0300: 429.264: [ParNew: 460096K->46755K(460096K), 0.0288808 secs] 1202982K->811338K(8337536K), 0.0289725 secs] [Times: user=0.05 sys=0.00, real=0.03 secs] 
2024-10-09T21:44:06.461+0300: 429.293: Total time for which application threads were stopped: 0.0292417 seconds, Stopping threads took: 0.0001583 seconds
2024-10-09T21:44:06.634+0300: 429.464: Application time: 0.1713671 seconds
2024-10-09T21:44:06.634+0300: 429.464: [GC (Allocation Failure) 2024-10-09T21:44:06.634+0300: 429.464: [ParNew: 455779K->51072K(460096K), 0.0271243 secs] 1220362K->829200K(8337536K), 0.0272438 secs] [Times: user=0.02 sys=0.00, real=0.03 secs] 
2024-10-09T21:44:06.666+0300: 429.491: Total time for which application threads were stopped: 0.0275180 seconds, Stopping threads took: 0.0001461 seconds
2024-10-09T21:44:06.831+0300: 429.662: Application time: 0.1709273 seconds
2024-10-09T21:44:06.831+0300: 429.663: [GC (Allocation Failure) 2024-10-09T21:44:06.831+0300: 429.663: [ParNew: 460096K->51072K(460096K), 0.0266444 secs] 1238224K->840995K(8337536K), 0.0267401 secs] [Times: user=0.03 sys=0.00, real=0.02 secs] 
2024-10-09T21:44:06.854+0300: 429.689: Total time for which application threads were stopped: 0.0270868 seconds, Stopping threads took: 0.0002006 seconds
2024-10-09T21:44:07.010+0300: 429.848: Application time: 0.1586929 seconds
2024-10-09T21:44:07.010+0300: 429.848: [GC (Allocation Failure) 2024-10-09T21:44:07.010+0300: 429.848: [ParNew: 460096K->46460K(460096K), 0.0276080 secs] 1250019K->852895K(8337536K), 0.0277010 secs] [Times: user=0.03 sys=0.00, real=0.03 secs] 
2024-10-09T21:44:07.042+0300: 429.876: Total time for which application threads were stopped: 0.0279614 seconds, Stopping threads took: 0.0001326 seconds
2024-10-09T21:44:07.214+0300: 430.047: Application time: 0.1712569 seconds
2024-10-09T21:44:07.214+0300: 430.048: [GC (Allocation Failure) 2024-10-09T21:44:07.214+0300: 430.048: [ParNew: 455484K->51072K(460096K), 0.0288814 secs] 1261919K->875615K(8337536K), 0.0289601 secs] [Times: user=0.02 sys=0.00, real=0.03 secs] 
2024-10-09T21:44:07.246+0300: 430.077: Total time for which application threads were stopped: 0.0292233 seconds, Stopping threads took: 0.0001455 seconds
2024-10-09T21:44:07.419+0300: 430.246: Application time: 0.1693521 seconds
2024-10-09T21:44:07.419+0300: 430.246: [GC (Allocation Failure) 2024-10-09T21:44:07.419+0300: 430.246: [ParNew: 460096K->51072K(460096K), 0.0281699 secs] 1284639K->887079K(8337536K), 0.0282520 secs] [Times: user=0.02 sys=0.00, real=0.02 secs] 
2024-10-09T21:44:07.435+0300: 430.274: Total time for which application threads were stopped: 0.0285115 seconds, Stopping threads took: 0.0001430 seconds
2024-10-09T21:44:07.607+0300: 430.436: Application time: 0.1613171 seconds
2024-10-09T21:44:07.607+0300: 430.436: [GC (Allocation Failure) 2024-10-09T21:44:07.607+0300: 430.436: [ParNew: 460096K->48063K(460096K), 0.0342826 secs] 1296103K->912350K(8337536K), 0.0343720 secs] [Times: user=0.03 sys=0.00, real=0.03 secs] 
2024-10-09T21:44:07.639+0300: 430.470: Total time for which application threads were stopped: 0.0346403 seconds, Stopping threads took: 0.0001492 seconds
2024-10-09T21:44:07.811+0300: 430.647: Application time: 0.1764932 seconds
2024-10-09T21:44:07.811+0300: 430.647: [GC (Allocation Failure) 2024-10-09T21:44:07.811+0300: 430.647: [ParNew: 457087K->51072K(460096K), 0.0283370 secs] 1321374K->932086K(8337536K), 0.0284451 secs] [Times: user=0.06 sys=0.00, real=0.03 secs] 
2024-10-09T21:44:07.842+0300: 430.676: Total time for which application threads were stopped: 0.0287579 seconds, Stopping threads took: 0.0001631 seconds
2024-10-09T21:44:08.015+0300: 430.840: Application time: 0.1647365 seconds
2024-10-09T21:44:08.015+0300: 430.841: [GC (Allocation Failure) 2024-10-09T21:44:08.015+0300: 430.841: [ParNew: 460096K->51072K(460096K), 0.0338757 secs] 1341110K->956283K(8337536K), 0.0339713 secs] [Times: user=0.03 sys=0.00, real=0.03 secs] 
2024-10-09T21:44:08.046+0300: 430.875: Total time for which application threads were stopped: 0.0342628 seconds, Stopping threads took: 0.0001603 seconds
2024-10-09T21:44:08.203+0300: 431.039: Application time: 0.1641383 seconds
2024-10-09T21:44:08.203+0300: 431.039: [GC (Allocation Failure) 2024-10-09T21:44:08.203+0300: 431.039: [ParNew: 460096K->51072K(460096K), 0.0287170 secs] 1365307K->975136K(8337536K), 0.0288087 secs] [Times: user=0.06 sys=0.00, real=0.03 secs] 
2024-10-09T21:44:08.235+0300: 431.068: Total time for which application threads were stopped: 0.0291174 seconds, Stopping threads took: 0.0001867 seconds
2024-10-09T21:44:08.407+0300: 431.236: Application time: 0.1675740 seconds
2024-10-09T21:44:08.407+0300: 431.236: [GC (Allocation Failure) 2024-10-09T21:44:08.407+0300: 431.236: [ParNew: 460096K->51072K(460096K), 0.0311197 secs] 1384160K->996135K(8337536K), 0.0312056 secs] [Times: user=0.03 sys=0.00, real=0.03 secs] 
2024-10-09T21:44:08.439+0300: 431.267: Total time for which application threads were stopped: 0.0314413 seconds, Stopping threads took: 0.0001180 seconds
2024-10-09T21:44:08.595+0300: 431.433: Application time: 0.1659968 seconds
2024-10-09T21:44:08.595+0300: 431.433: [GC (Allocation Failure) 2024-10-09T21:44:08.595+0300: 431.433: [ParNew: 460096K->51072K(460096K), 0.0286021 secs] 1405159K->1011172K(8337536K), 0.0286930 secs] [Times: user=0.03 sys=0.00, real=0.04 secs] 
2024-10-09T21:44:08.635+0300: 431.462: Total time for which application threads were stopped: 0.0289773 seconds, Stopping threads took: 0.0001628 seconds
2024-10-09T21:44:08.799+0300: 431.634: Application time: 0.1721864 seconds
2024-10-09T21:44:08.799+0300: 431.634: [GC (Allocation Failure) 2024-10-09T21:44:08.799+0300: 431.635: [ParNew: 460096K->51072K(460096K), 0.0306770 secs] 1420196K->1031237K(8337536K), 0.0307694 secs] [Times: user=0.08 sys=0.00, real=0.04 secs] 
2024-10-09T21:44:08.835+0300: 431.665: Total time for which application threads were stopped: 0.0311129 seconds, Stopping threads took: 0.0001970 seconds
2024-10-09T21:44:09.003+0300: 431.834: Application time: 0.1684855 seconds
2024-10-09T21:44:09.003+0300: 431.834: [GC (Allocation Failure) 2024-10-09T21:44:09.003+0300: 431.834: [ParNew: 460096K->51072K(460096K), 0.0334904 secs] 1440261K->1058591K(8337536K), 0.0335764 secs] [Times: user=0.05 sys=0.00, real=0.03 secs] 
2024-10-09T21:44:09.036+0300: 431.868: Total time for which application threads were stopped: 0.0338449 seconds, Stopping threads took: 0.0001472 seconds
2024-10-09T21:44:09.192+0300: 432.032: Application time: 0.1646523 seconds
2024-10-09T21:44:09.192+0300: 432.032: [GC (Allocation Failure) 2024-10-09T21:44:09.192+0300: 432.033: [ParNew: 460096K->51072K(460096K), 0.0292845 secs] 1467615K->1072628K(8337536K), 0.0293675 secs] [Times: user=0.03 sys=0.00, real=0.03 secs] 
2024-10-09T21:44:09.236+0300: 432.062: Total time for which application threads were stopped: 0.0296837 seconds, Stopping threads took: 0.0001535 seconds
2024-10-09T21:44:09.396+0300: 432.231: Application time: 0.1688308 seconds
2024-10-09T21:44:09.396+0300: 432.231: [GC (Allocation Failure) 2024-10-09T21:44:09.396+0300: 432.231: [ParNew: 460096K->51072K(460096K), 0.0348306 secs] 1481652K->1103819K(8337536K), 0.0349250 secs] [Times: user=0.03 sys=0.00, real=0.04 secs] 
2024-10-09T21:44:09.437+0300: 432.266: Total time for which application threads were stopped: 0.0352068 seconds, Stopping threads took: 0.0001437 seconds
2024-10-09T21:44:09.599+0300: 432.431: Application time: 0.1648487 seconds
2024-10-09T21:44:09.599+0300: 432.431: [GC (Allocation Failure) 2024-10-09T21:44:09.599+0300: 432.431: [ParNew: 460096K->51072K(460096K), 0.0308993 secs] 1512843K->1126344K(8337536K), 0.0309831 secs] [Times: user=0.03 sys=0.00, real=0.03 secs] 
2024-10-09T21:44:09.631+0300: 432.462: Total time for which application threads were stopped: 0.0312399 seconds, Stopping threads took: 0.0001377 seconds
2024-10-09T21:44:09.804+0300: 432.638: Application time: 0.1757693 seconds
2024-10-09T21:44:09.804+0300: 432.638: [GC (Allocation Failure) 2024-10-09T21:44:09.804+0300: 432.638: [ParNew: 460096K->51072K(460096K), 0.0296610 secs] 1535368K->1142065K(8337536K), 0.0297558 secs] [Times: user=0.09 sys=0.00, real=0.03 secs] 
2024-10-09T21:44:09.837+0300: 432.668: Total time for which application threads were stopped: 0.0300739 seconds, Stopping threads took: 0.0001664 seconds
2024-10-09T21:44:10.008+0300: 432.838: Application time: 0.1701677 seconds
2024-10-09T21:44:10.008+0300: 432.838: [GC (Allocation Failure) 2024-10-09T21:44:10.008+0300: 432.838: [ParNew: 460096K->51072K(460096K), 0.0341079 secs] 1551089K->1169651K(8337536K), 0.0341921 secs] [Times: user=0.03 sys=0.00, real=0.04 secs] 
2024-10-09T21:44:10.047+0300: 432.873: Total time for which application threads were stopped: 0.0344631 seconds, Stopping threads took: 0.0001045 seconds
2024-10-09T21:44:10.211+0300: 433.041: Application time: 0.1686695 seconds
2024-10-09T21:44:10.211+0300: 433.042: [GC (Allocation Failure) 2024-10-09T21:44:10.211+0300: 433.042: [ParNew: 460096K->51072K(460096K), 0.0264525 secs] 1578675K->1181309K(8337536K), 0.0265344 secs] [Times: user=0.05 sys=0.00, real=0.03 secs] 
2024-10-09T21:44:10.238+0300: 433.068: Total time for which application threads were stopped: 0.0268327 seconds, Stopping threads took: 0.0001792 seconds
2024-10-09T21:44:10.400+0300: 433.237: Application time: 0.1691990 seconds
2024-10-09T21:44:10.400+0300: 433.238: [GC (Allocation Failure) 2024-10-09T21:44:10.400+0300: 433.238: [ParNew: 460096K->51072K(460096K), 0.0277244 secs] 1590333K->1196208K(8337536K), 0.0278086 secs] [Times: user=0.03 sys=0.00, real=0.04 secs] 
2024-10-09T21:44:10.438+0300: 433.265: Total time for which application threads were stopped: 0.0280893 seconds, Stopping threads took: 0.0001646 seconds
2024-10-09T21:44:10.604+0300: 433.433: Application time: 0.1677630 seconds
2024-10-09T21:44:10.604+0300: 433.433: [GC (Allocation Failure) 2024-10-09T21:44:10.604+0300: 433.433: [ParNew: 460096K->51072K(460096K), 0.0278024 secs] 1605232K->1212969K(8337536K), 0.0278873 secs] [Times: user=0.03 sys=0.00, real=0.03 secs] 
2024-10-09T21:44:10.635+0300: 433.461: Total time for which application threads were stopped: 0.0281745 seconds, Stopping threads took: 0.0001636 seconds
2024-10-09T21:44:10.792+0300: 433.633: Application time: 0.1721648 seconds
2024-10-09T21:44:10.792+0300: 433.634: [GC (Allocation Failure) 2024-10-09T21:44:10.792+0300: 433.634: [ParNew: 460096K->51072K(460096K), 0.0274808 secs] 1621993K->1227890K(8337536K), 0.0275761 secs] [Times: user=0.02 sys=0.00, real=0.03 secs] 
2024-10-09T21:44:10.824+0300: 433.661: Total time for which application threads were stopped: 0.0278624 seconds, Stopping threads took: 0.0001316 seconds
2024-10-09T21:44:10.996+0300: 433.831: Application time: 0.1693024 seconds
2024-10-09T21:44:10.996+0300: 433.831: [GC (Allocation Failure) 2024-10-09T21:44:10.996+0300: 433.831: [ParNew: 460096K->51072K(460096K), 0.0343945 secs] 1636914K->1246348K(8337536K), 0.0344878 secs] [Times: user=0.03 sys=0.00, real=0.03 secs] 
2024-10-09T21:44:11.027+0300: 433.865: Total time for which application threads were stopped: 0.0347462 seconds, Stopping threads took: 0.0001371 seconds
2024-10-09T21:44:11.200+0300: 434.033: Application time: 0.1678293 seconds
2024-10-09T21:44:11.200+0300: 434.033: [GC (Allocation Failure) 2024-10-09T21:44:11.200+0300: 434.034: [ParNew: 460096K->51072K(460096K), 0.0277797 secs] 1655372K->1261644K(8337536K), 0.0280259 secs] [Times: user=0.03 sys=0.00, real=0.03 secs] 
2024-10-09T21:44:11.231+0300: 434.062: Total time for which application threads were stopped: 0.0282923 seconds, Stopping threads took: 0.0001499 seconds
2024-10-09T21:44:11.389+0300: 434.222: Application time: 0.1604991 seconds
2024-10-09T21:44:11.389+0300: 434.222: [GC (Allocation Failure) 2024-10-09T21:44:11.389+0300: 434.222: [ParNew: 460096K->51072K(460096K), 0.0322573 secs] 1670668K->1286569K(8337536K), 0.0323445 secs] [Times: user=0.03 sys=0.00, real=0.03 secs] 
2024-10-09T21:44:11.420+0300: 434.255: Total time for which application threads were stopped: 0.0326034 seconds, Stopping threads took: 0.0001425 seconds
2024-10-09T21:44:11.593+0300: 434.424: Application time: 0.1695876 seconds
2024-10-09T21:44:11.593+0300: 434.425: [GC (Allocation Failure) 2024-10-09T21:44:11.593+0300: 434.425: [ParNew: 460096K->51072K(460096K), 0.0278657 secs] 1695593K->1299591K(8337536K), 0.0279583 secs] [Times: user=0.02 sys=0.02, real=0.03 secs] 
2024-10-09T21:44:11.624+0300: 434.453: Total time for which application threads were stopped: 0.0282998 seconds, Stopping threads took: 0.0001951 seconds
2024-10-09T21:44:11.797+0300: 434.635: Application time: 0.1822961 seconds
2024-10-09T21:44:11.797+0300: 434.635: [GC (Allocation Failure) 2024-10-09T21:44:11.797+0300: 434.635: [ParNew: 460096K->51072K(460096K), 0.0334262 secs] 1708615K->1322981K(8337536K), 0.0335202 secs] [Times: user=0.09 sys=0.00, real=0.05 secs] 
2024-10-09T21:44:11.842+0300: 434.669: Total time for which application threads were stopped: 0.0338649 seconds, Stopping threads took: 0.0001942 seconds
2024-10-09T21:44:12.001+0300: 434.829: Application time: 0.1607825 seconds
2024-10-09T21:44:12.001+0300: 434.830: [GC (Allocation Failure) 2024-10-09T21:44:12.001+0300: 434.830: [ParNew: 460096K->45272K(460096K), 0.0325824 secs] 1732005K->1339500K(8337536K), 0.0326781 secs] [Times: user=0.05 sys=0.00, real=0.03 secs] 
2024-10-09T21:44:12.032+0300: 434.862: Total time for which application threads were stopped: 0.0329164 seconds, Stopping threads took: 0.0000888 seconds
2024-10-09T21:44:12.205+0300: 435.032: Application time: 0.1691872 seconds
2024-10-09T21:44:12.205+0300: 435.032: [GC (Allocation Failure) 2024-10-09T21:44:12.205+0300: 435.032: [ParNew: 454296K->51072K(460096K), 0.0268542 secs] 1748524K->1357422K(8337536K), 0.0269400 secs] [Times: user=0.02 sys=0.00, real=0.02 secs] 
2024-10-09T21:44:12.220+0300: 435.059: Total time for which application threads were stopped: 0.0271988 seconds, Stopping threads took: 0.0001397 seconds
2024-10-09T21:44:12.393+0300: 435.232: Application time: 0.1737018 seconds
2024-10-09T21:44:12.393+0300: 435.233: [GC (Allocation Failure) 2024-10-09T21:44:12.393+0300: 435.233: [ParNew: 460096K->51072K(460096K), 0.0287536 secs] 1766446K->1377582K(8337536K), 0.0288394 secs] [Times: user=0.05 sys=0.00, real=0.04 secs] 
2024-10-09T21:44:12.435+0300: 435.262: Total time for which application threads were stopped: 0.0290692 seconds, Stopping threads took: 0.0001182 seconds
2024-10-09T21:44:12.582+0300: 435.423: Application time: 0.1617677 seconds
2024-10-09T21:44:12.582+0300: 435.424: [GC (Allocation Failure) 2024-10-09T21:44:12.582+0300: 435.424: [ParNew: 460096K->51072K(460096K), 0.0275989 secs] 1786606K->1388992K(8337536K), 0.0276939 secs] [Times: user=0.03 sys=0.00, real=0.03 secs] 
2024-10-09T21:44:12.614+0300: 435.451: Total time for which application threads were stopped: 0.0279579 seconds, Stopping threads took: 0.0001425 seconds
2024-10-09T21:44:12.802+0300: 435.629: Application time: 0.1780894 seconds
2024-10-09T21:44:12.802+0300: 435.630: [GC (Allocation Failure) 2024-10-09T21:44:12.802+0300: 435.630: [ParNew: 460096K->51072K(460096K), 0.0290843 secs] 1798016K->1405776K(8337536K), 0.0291764 secs] [Times: user=0.08 sys=0.00, real=0.02 secs] 
2024-10-09T21:44:12.818+0300: 435.659: Total time for which application threads were stopped: 0.0294335 seconds, Stopping threads took: 0.0001207 seconds
2024-10-09T21:44:12.990+0300: 435.831: Application time: 0.1719423 seconds
2024-10-09T21:44:12.990+0300: 435.831: [GC (Allocation Failure) 2024-10-09T21:44:12.990+0300: 435.831: [ParNew: 460096K->51072K(460096K), 0.0277611 secs] 1814800K->1419697K(8337536K), 0.0278461 secs] [Times: user=0.03 sys=0.00, real=0.03 secs] 
2024-10-09T21:44:13.022+0300: 435.859: Total time for which application threads were stopped: 0.0280856 seconds, Stopping threads took: 0.0001264 seconds
2024-10-09T21:44:13.195+0300: 436.024: Application time: 0.1649213 seconds
2024-10-09T21:44:13.195+0300: 436.024: [GC (Allocation Failure) 2024-10-09T21:44:13.195+0300: 436.024: [ParNew: 460096K->51072K(460096K), 0.0285924 secs] 1828721K->1436915K(8337536K), 0.0304197 secs] [Times: user=0.03 sys=0.00, real=0.03 secs] 
2024-10-09T21:44:13.226+0300: 436.054: Total time for which application threads were stopped: 0.0306906 seconds, Stopping threads took: 0.0001275 seconds
2024-10-09T21:44:13.383+0300: 436.221: Application time: 0.1661239 seconds
2024-10-09T21:44:13.383+0300: 436.221: [GC (Allocation Failure) 2024-10-09T21:44:13.383+0300: 436.221: [ParNew: 460096K->51072K(460096K), 0.0287952 secs] 1845939K->1454929K(8337536K), 0.0288799 secs] [Times: user=0.03 sys=0.00, real=0.03 secs] 
2024-10-09T21:44:13.414+0300: 436.250: Total time for which application threads were stopped: 0.0291121 seconds, Stopping threads took: 0.0001132 seconds
2024-10-09T21:44:13.587+0300: 436.418: Application time: 0.1687565 seconds
2024-10-09T21:44:13.587+0300: 436.419: [GC (Allocation Failure) 2024-10-09T21:44:13.587+0300: 436.419: [ParNew: 460096K->51072K(460096K), 0.0279120 secs] 1863953K->1470293K(8337536K), 0.0279938 secs] [Times: user=0.03 sys=0.00, real=0.03 secs] 
2024-10-09T21:44:13.618+0300: 436.447: Total time for which application threads were stopped: 0.0282541 seconds, Stopping threads took: 0.0001454 seconds
2024-10-09T21:44:13.791+0300: 436.621: Application time: 0.1742102 seconds
2024-10-09T21:44:13.791+0300: 436.621: [GC (Allocation Failure) 2024-10-09T21:44:13.791+0300: 436.621: [ParNew: 460096K->51072K(460096K), 0.0257339 secs] 1879317K->1479745K(8337536K), 0.0258220 secs] [Times: user=0.03 sys=0.00, real=0.02 secs] 
2024-10-09T21:44:13.807+0300: 436.647: Total time for which application threads were stopped: 0.0261376 seconds, Stopping threads took: 0.0001690 seconds
2024-10-09T21:44:13.980+0300: 436.807: Application time: 0.1595426 seconds
2024-10-09T21:44:13.980+0300: 436.807: [GC (Allocation Failure) 2024-10-09T21:44:13.980+0300: 436.807: [ParNew: 460096K->51072K(460096K), 0.0301520 secs] 1888769K->1500031K(8337536K), 0.0302447 secs] [Times: user=0.03 sys=0.00, real=0.03 secs] 
2024-10-09T21:44:14.011+0300: 436.837: Total time for which application threads were stopped: 0.0304714 seconds, Stopping threads took: 0.0001040 seconds
2024-10-09T21:44:14.183+0300: 437.009: Application time: 0.1721517 seconds
2024-10-09T21:44:14.183+0300: 437.009: [GC (Allocation Failure) 2024-10-09T21:44:14.183+0300: 437.009: [ParNew: 460096K->51072K(460096K), 0.0298806 secs] 1909055K->1520616K(8337536K), 0.0299731 secs] [Times: user=0.02 sys=0.00, real=0.02 secs] 
2024-10-09T21:44:14.199+0300: 437.039: Total time for which application threads were stopped: 0.0302287 seconds, Stopping threads took: 0.0001296 seconds
2024-10-09T21:44:14.372+0300: 437.207: Application time: 0.1676242 seconds
2024-10-09T21:44:14.372+0300: 437.207: [GC (Allocation Failure) 2024-10-09T21:44:14.372+0300: 437.207: [ParNew: 460096K->51072K(460096K), 0.0322399 secs] 1929640K->1541345K(8337536K), 0.0323275 secs] [Times: user=0.03 sys=0.00, real=0.03 secs] 
2024-10-09T21:44:14.403+0300: 437.240: Total time for which application threads were stopped: 0.0325739 seconds, Stopping threads took: 0.0001349 seconds
2024-10-09T21:44:14.576+0300: 437.402: Application time: 0.1626183 seconds
2024-10-09T21:44:14.576+0300: 437.403: [GC (Allocation Failure) 2024-10-09T21:44:14.576+0300: 437.403: [ParNew: 460096K->51072K(460096K), 0.0344358 secs] 1950369K->1569205K(8337536K), 0.0345326 secs] [Times: user=0.02 sys=0.00, real=0.03 secs] 
2024-10-09T21:44:14.607+0300: 437.437: Total time for which application threads were stopped: 0.0347814 seconds, Stopping threads took: 0.0001331 seconds
2024-10-09T21:44:14.780+0300: 437.609: Application time: 0.1716253 seconds
2024-10-09T21:44:14.780+0300: 437.609: [GC (Allocation Failure) 2024-10-09T21:44:14.780+0300: 437.609: [ParNew: 460096K->51072K(460096K), 0.0281725 secs] 1978229K->1585231K(8337536K), 0.0282561 secs] [Times: user=0.05 sys=0.00, real=0.03 secs] 
2024-10-09T21:44:14.811+0300: 437.637: Total time for which application threads were stopped: 0.0285338 seconds, Stopping threads took: 0.0001482 seconds
2024-10-09T21:44:14.968+0300: 437.806: Application time: 0.1686063 seconds
2024-10-09T21:44:14.968+0300: 437.806: [GC (Allocation Failure) 2024-10-09T21:44:14.968+0300: 437.806: [ParNew: 460096K->51072K(460096K), 0.0289761 secs] 1994255K->1602301K(8337536K), 0.0290696 secs] [Times: user=0.03 sys=0.00, real=0.03 secs] 
2024-10-09T21:44:14.999+0300: 437.835: Total time for which application threads were stopped: 0.0293769 seconds, Stopping threads took: 0.0001827 seconds
2024-10-09T21:44:15.172+0300: 438.002: Application time: 0.1670782 seconds
2024-10-09T21:44:15.172+0300: 438.003: [GC (Allocation Failure) 2024-10-09T21:44:15.172+0300: 438.003: [ParNew: 460096K->51072K(460096K), 0.0272192 secs] 2011325K->1617225K(8337536K), 0.0273035 secs] [Times: user=0.02 sys=0.00, real=0.03 secs] 
2024-10-09T21:44:15.203+0300: 438.030: Total time for which application threads were stopped: 0.0275587 seconds, Stopping threads took: 0.0001394 seconds
2024-10-09T21:44:15.361+0300: 438.196: Application time: 0.1665525 seconds
2024-10-09T21:44:15.361+0300: 438.197: [GC (Allocation Failure) 2024-10-09T21:44:15.361+0300: 438.197: [ParNew: 460096K->51072K(460096K), 0.0291738 secs] 2026249K->1632565K(8337536K), 0.0292580 secs] [Times: user=0.03 sys=0.00, real=0.03 secs] 
2024-10-09T21:44:15.392+0300: 438.226: Total time for which application threads were stopped: 0.0295177 seconds, Stopping threads took: 0.0001412 seconds
2024-10-09T21:44:15.550+0300: 438.389: Application time: 0.1629799 seconds
2024-10-09T21:44:15.550+0300: 438.389: [GC (Allocation Failure) 2024-10-09T21:44:15.550+0300: 438.389: [ParNew: 460096K->51072K(460096K), 0.0306914 secs] 2041589K->1653215K(8337536K), 0.0307817 secs] [Times: user=0.03 sys=0.00, real=0.03 secs] 
2024-10-09T21:44:15.580+0300: 438.420: Total time for which application threads were stopped: 0.0310338 seconds, Stopping threads took: 0.0001355 seconds
2024-10-09T21:44:15.769+0300: 438.602: Application time: 0.1821971 seconds
2024-10-09T21:44:15.769+0300: 438.602: [GC (Allocation Failure) 2024-10-09T21:44:15.769+0300: 438.602: [ParNew: 460096K->51072K(460096K), 0.0311471 secs] 2062239K->1676715K(8337536K), 0.0312430 secs] [Times: user=0.09 sys=0.00, real=0.03 secs] 
2024-10-09T21:44:15.800+0300: 438.634: Total time for which application threads were stopped: 0.0315075 seconds, Stopping threads took: 0.0001136 seconds
2024-10-09T21:44:15.973+0300: 438.807: Application time: 0.1730697 seconds
2024-10-09T21:44:15.973+0300: 438.807: [GC (Allocation Failure) 2024-10-09T21:44:15.973+0300: 438.807: [ParNew: 460096K->51072K(460096K), 0.0274828 secs] 2085739K->1683658K(8337536K), 0.0275688 secs] [Times: user=0.06 sys=0.00, real=0.03 secs] 
2024-10-09T21:44:16.004+0300: 438.835: Total time for which application threads were stopped: 0.0278286 seconds, Stopping threads took: 0.0001356 seconds
2024-10-09T21:44:16.160+0300: 438.989: Application time: 0.1542888 seconds
2024-10-09T21:44:16.160+0300: 438.989: [GC (Allocation Failure) 2024-10-09T21:44:16.160+0300: 438.989: [ParNew: 460096K->43787K(460096K), 0.0293250 secs] 2092682K->1699268K(8337536K), 0.0294192 secs] [Times: user=0.02 sys=0.00, real=0.03 secs] 
2024-10-09T21:44:16.192+0300: 439.019: Total time for which application threads were stopped: 0.0296992 seconds, Stopping threads took: 0.0001323 seconds
2024-10-09T21:44:16.351+0300: 439.189: Application time: 0.1699868 seconds
2024-10-09T21:44:16.351+0300: 439.189: [GC (Allocation Failure) 2024-10-09T21:44:16.351+0300: 439.189: [ParNew: 452811K->51072K(460096K), 0.0283475 secs] 2108292K->1724500K(8337536K), 0.0284460 secs] [Times: user=0.03 sys=0.00, real=0.03 secs] 
2024-10-09T21:44:16.380+0300: 439.217: Total time for which application threads were stopped: 0.0286783 seconds, Stopping threads took: 0.0001138 seconds
2024-10-09T21:44:16.569+0300: 439.397: Application time: 0.1796738 seconds
2024-10-09T21:44:16.569+0300: 439.397: [GC (Allocation Failure) 2024-10-09T21:44:16.569+0300: 439.397: [ParNew: 460096K->51072K(460096K), 0.0291703 secs] 2133524K->1733687K(8337536K), 0.0292470 secs] [Times: user=0.03 sys=0.00, real=0.03 secs] 
2024-10-09T21:44:16.600+0300: 439.426: Total time for which application threads were stopped: 0.0294938 seconds, Stopping threads took: 0.0001303 seconds
2024-10-09T21:44:16.757+0300: 439.586: Application time: 0.1599196 seconds
2024-10-09T21:44:16.757+0300: 439.587: [GC (Allocation Failure) 2024-10-09T21:44:16.757+0300: 439.587: [ParNew: 460096K->51072K(460096K), 0.0307071 secs] 2142711K->1760355K(8337536K), 0.0307950 secs] [Times: user=0.05 sys=0.00, real=0.03 secs] 
2024-10-09T21:44:16.788+0300: 439.617: Total time for which application threads were stopped: 0.0310762 seconds, Stopping threads took: 0.0001342 seconds
2024-10-09T21:44:16.961+0300: 439.791: Application time: 0.1740338 seconds
2024-10-09T21:44:16.961+0300: 439.792: [GC (Allocation Failure) 2024-10-09T21:44:16.961+0300: 439.792: [ParNew: 460096K->42889K(460096K), 0.0285302 secs] 2169379K->1773896K(8337536K), 0.0286128 secs] [Times: user=0.03 sys=0.00, real=0.03 secs] 
2024-10-09T21:44:16.992+0300: 439.820: Total time for which application threads were stopped: 0.0288518 seconds, Stopping threads took: 0.0001219 seconds
2024-10-09T21:44:17.165+0300: 440.003: Application time: 0.1827108 seconds
2024-10-09T21:44:17.165+0300: 440.003: [GC (Allocation Failure) 2024-10-09T21:44:17.165+0300: 440.003: [ParNew: 451913K->51072K(460096K), 0.0276541 secs] 2182920K->1787708K(8337536K), 0.0277551 secs] [Times: user=0.03 sys=0.00, real=0.03 secs] 
2024-10-09T21:44:17.196+0300: 440.031: Total time for which application threads were stopped: 0.0280330 seconds, Stopping threads took: 0.0001507 seconds
2024-10-09T21:44:17.353+0300: 440.184: Application time: 0.1530270 seconds
2024-10-09T21:44:17.353+0300: 440.184: [GC (Allocation Failure) 2024-10-09T21:44:17.353+0300: 440.184: [ParNew: 460096K->43963K(460096K), 0.0358667 secs] 2196732K->1812221K(8337536K), 0.0359705 secs] [Times: user=0.03 sys=0.00, real=0.03 secs] 
2024-10-09T21:44:17.385+0300: 440.220: Total time for which application threads were stopped: 0.0362673 seconds, Stopping threads took: 0.0001683 seconds
2024-10-09T21:44:17.556+0300: 440.391: Application time: 0.1709011 seconds
2024-10-09T21:44:17.556+0300: 440.391: [GC (Allocation Failure) 2024-10-09T21:44:17.556+0300: 440.391: [ParNew: 452987K->48922K(460096K), 0.0303863 secs] 2221245K->1846973K(8337536K), 0.0304690 secs] [Times: user=0.03 sys=0.00, real=0.03 secs] 
2024-10-09T21:44:17.588+0300: 440.422: Total time for which application threads were stopped: 0.0307061 seconds, Stopping threads took: 0.0001224 seconds
2024-10-09T21:44:17.776+0300: 440.615: Application time: 0.1931547 seconds
2024-10-09T21:44:17.776+0300: 440.615: [GC (Allocation Failure) 2024-10-09T21:44:17.776+0300: 440.615: [ParNew: 457946K->51072K(460096K), 0.0274089 secs] 2255997K->1852512K(8337536K), 0.0274912 secs] [Times: user=0.03 sys=0.00, real=0.03 secs] 
2024-10-09T21:44:17.808+0300: 440.643: Total time for which application threads were stopped: 0.0277982 seconds, Stopping threads took: 0.0001741 seconds
2024-10-09T21:44:17.965+0300: 440.799: Application time: 0.1564488 seconds
2024-10-09T21:44:17.965+0300: 440.800: [GC (Allocation Failure) 2024-10-09T21:44:17.965+0300: 440.800: [ParNew: 460096K->51072K(460096K), 0.0337315 secs] 2261536K->1873675K(8337536K), 0.0338242 secs] [Times: user=0.03 sys=0.00, real=0.03 secs] 
2024-10-09T21:44:17.996+0300: 440.833: Total time for which application threads were stopped: 0.0341230 seconds, Stopping threads took: 0.0001781 seconds
2024-10-09T21:44:18.169+0300: 440.999: Application time: 0.1653553 seconds
2024-10-09T21:44:18.169+0300: 440.999: [GC (Allocation Failure) 2024-10-09T21:44:18.169+0300: 440.999: [ParNew: 460096K->42603K(460096K), 0.0314819 secs] 2282699K->1898245K(8337536K), 0.0315738 secs] [Times: user=0.03 sys=0.00, real=0.03 secs] 
2024-10-09T21:44:18.200+0300: 441.031: Total time for which application threads were stopped: 0.0318144 seconds, Stopping threads took: 0.0001201 seconds
2024-10-09T21:44:18.388+0300: 441.219: Application time: 0.1886721 seconds
2024-10-09T21:44:18.388+0300: 441.220: [GC (Allocation Failure) 2024-10-09T21:44:18.388+0300: 441.220: [ParNew: 451627K->51072K(460096K), 0.0250313 secs] 2307269K->1909111K(8337536K), 0.0251108 secs] [Times: user=0.02 sys=0.00, real=0.02 secs] 
2024-10-09T21:44:18.404+0300: 441.245: Total time for which application threads were stopped: 0.0253483 seconds, Stopping threads took: 0.0001090 seconds
2024-10-09T21:44:18.577+0300: 441.407: Application time: 0.1624507 seconds
2024-10-09T21:44:18.577+0300: 441.407: [GC (Allocation Failure) 2024-10-09T21:44:18.577+0300: 441.407: [ParNew: 460096K->51072K(460096K), 0.0340535 secs] 2318135K->1929127K(8337536K), 0.0341363 secs] [Times: user=0.03 sys=0.00, real=0.03 secs] 
2024-10-09T21:44:18.608+0300: 441.442: Total time for which application threads were stopped: 0.0344045 seconds, Stopping threads took: 0.0001463 seconds
2024-10-09T21:44:18.765+0300: 441.606: Application time: 0.1648383 seconds
2024-10-09T21:44:18.765+0300: 441.607: [GC (Allocation Failure) 2024-10-09T21:44:18.765+0300: 441.607: [ParNew: 460096K->51072K(460096K), 0.0297304 secs] 2338151K->1957986K(8337536K), 0.0298212 secs] [Times: user=0.03 sys=0.00, real=0.03 secs] 
2024-10-09T21:44:18.797+0300: 441.636: Total time for which application threads were stopped: 0.0300537 seconds, Stopping threads took: 0.0001150 seconds
2024-10-09T21:44:18.985+0300: 441.822: Application time: 0.1859262 seconds
2024-10-09T21:44:18.985+0300: 441.823: [GC (Allocation Failure) 2024-10-09T21:44:18.985+0300: 441.823: [ParNew: 460096K->51072K(460096K), 0.0263586 secs] 2367010K->1961031K(8337536K), 0.0264477 secs] [Times: user=0.03 sys=0.00, real=0.03 secs] 
2024-10-09T21:44:19.016+0300: 441.849: Total time for which application threads were stopped: 0.0266944 seconds, Stopping threads took: 0.0001217 seconds
2024-10-09T21:44:19.189+0300: 442.017: Application time: 0.1679911 seconds
2024-10-09T21:44:19.189+0300: 442.017: [GC (Allocation Failure) 2024-10-09T21:44:19.189+0300: 442.017: [ParNew: 460096K->51072K(460096K), 0.0301081 secs] 2370055K->1974487K(8337536K), 0.0301894 secs] [Times: user=0.03 sys=0.00, real=0.03 secs] 
2024-10-09T21:44:19.220+0300: 442.048: Total time for which application threads were stopped: 0.0304534 seconds, Stopping threads took: 0.0001542 seconds
2024-10-09T21:44:19.362+0300: 442.201: Application time: 0.1533973 seconds
2024-10-09T21:44:19.362+0300: 442.201: [GC (Allocation Failure) 2024-10-09T21:44:19.362+0300: 442.201: [ParNew: 460096K->51072K(460096K), 0.0338931 secs] 2383511K->2009421K(8337536K), 0.0339749 secs] [Times: user=0.05 sys=0.00, real=0.05 secs] 
2024-10-09T21:44:19.409+0300: 442.235: Total time for which application threads were stopped: 0.0342448 seconds, Stopping threads took: 0.0001582 seconds
2024-10-09T21:44:19.581+0300: 442.413: Application time: 0.1778999 seconds
2024-10-09T21:44:19.581+0300: 442.413: [GC (Allocation Failure) 2024-10-09T21:44:19.581+0300: 442.413: [ParNew: 460096K->51072K(460096K), 0.0244529 secs] 2418445K->2012079K(8337536K), 0.0245383 secs] [Times: user=0.01 sys=0.00, real=0.02 secs] 
2024-10-09T21:44:19.597+0300: 442.438: Total time for which application threads were stopped: 0.0248510 seconds, Stopping threads took: 0.0001902 seconds
2024-10-09T21:44:19.785+0300: 442.613: Application time: 0.1754940 seconds
2024-10-09T21:44:19.785+0300: 442.614: [GC (Allocation Failure) 2024-10-09T21:44:19.785+0300: 442.614: [ParNew: 460096K->51072K(460096K), 0.0310537 secs] 2421103K->2026575K(8337536K), 0.0311494 secs] [Times: user=0.06 sys=0.00, real=0.03 secs] 
2024-10-09T21:44:19.817+0300: 442.645: Total time for which application threads were stopped: 0.0314350 seconds, Stopping threads took: 0.0001549 seconds
2024-10-09T21:44:19.974+0300: 442.801: Application time: 0.1562407 seconds
2024-10-09T21:44:19.974+0300: 442.801: [GC (Allocation Failure) 2024-10-09T21:44:19.974+0300: 442.801: [ParNew: 460096K->51072K(460096K), 0.0366234 secs] 2435599K->2060831K(8337536K), 0.0367282 secs] [Times: user=0.03 sys=0.00, real=0.03 secs] 
2024-10-09T21:44:20.005+0300: 442.838: Total time for which application threads were stopped: 0.0369757 seconds, Stopping threads took: 0.0001243 seconds
2024-10-09T21:44:20.178+0300: 443.012: Application time: 0.1740999 seconds
2024-10-09T21:44:20.178+0300: 443.012: [GC (Allocation Failure) 2024-10-09T21:44:20.178+0300: 443.012: [ParNew: 460096K->44690K(460096K), 0.0285690 secs] 2469855K->2071784K(8337536K), 0.0286603 secs] [Times: user=0.03 sys=0.00, real=0.03 secs] 
2024-10-09T21:44:20.209+0300: 443.041: Total time for which application threads were stopped: 0.0289394 seconds, Stopping threads took: 0.0001602 seconds
2024-10-09T21:44:20.382+0300: 443.212: Application time: 0.1703944 seconds
2024-10-09T21:44:20.382+0300: 443.212: [GC (Allocation Failure) 2024-10-09T21:44:20.382+0300: 443.212: [ParNew: 453714K->51072K(460096K), 0.0293456 secs] 2480808K->2091961K(8337536K), 0.0294339 secs] [Times: user=0.03 sys=0.00, real=0.03 secs] 
2024-10-09T21:44:20.413+0300: 443.241: Total time for which application threads were stopped: 0.0296835 seconds, Stopping threads took: 0.0001249 seconds
2024-10-09T21:44:20.570+0300: 443.405: Application time: 0.1636155 seconds
2024-10-09T21:44:20.570+0300: 443.405: [GC (Allocation Failure) 2024-10-09T21:44:20.570+0300: 443.405: [ParNew: 460096K->51072K(460096K), 0.0314807 secs] 2500985K->2115683K(8337536K), 0.0315653 secs] [Times: user=0.03 sys=0.00, real=0.03 secs] 
2024-10-09T21:44:20.601+0300: 443.437: Total time for which application threads were stopped: 0.0318159 seconds, Stopping threads took: 0.0001318 seconds
2024-10-09T21:44:20.789+0300: 443.617: Application time: 0.1801605 seconds
2024-10-09T21:44:20.789+0300: 443.617: [GC (Allocation Failure) 2024-10-09T21:44:20.789+0300: 443.617: [ParNew: 460096K->51072K(460096K), 0.0284949 secs] 2524707K->2133950K(8337536K), 0.0285728 secs] [Times: user=0.01 sys=0.00, real=0.02 secs] 
2024-10-09T21:44:20.805+0300: 443.646: Total time for which application threads were stopped: 0.0287977 seconds, Stopping threads took: 0.0001121 seconds
2024-10-09T21:44:20.978+0300: 443.812: Application time: 0.1665976 seconds
2024-10-09T21:44:20.978+0300: 443.812: [GC (Allocation Failure) 2024-10-09T21:44:20.978+0300: 443.812: [ParNew: 460096K->51072K(460096K), 0.0291159 secs] 2542974K->2146826K(8337536K), 0.0292117 secs] [Times: user=0.03 sys=0.00, real=0.03 secs] 
2024-10-09T21:44:21.009+0300: 443.842: Total time for which application threads were stopped: 0.0294693 seconds, Stopping threads took: 0.0001423 seconds
2024-10-09T21:44:21.182+0300: 444.012: Application time: 0.1703996 seconds
2024-10-09T21:44:21.182+0300: 444.012: [GC (Allocation Failure) 2024-10-09T21:44:21.182+0300: 444.012: [ParNew: 460096K->51072K(460096K), 0.0317050 secs] 2555850K->2172043K(8337536K), 0.0317875 secs] [Times: user=0.03 sys=0.00, real=0.03 secs] 
2024-10-09T21:44:21.213+0300: 444.044: Total time for which application threads were stopped: 0.0320222 seconds, Stopping threads took: 0.0001220 seconds
2024-10-09T21:44:21.386+0300: 444.212: Application time: 0.1682420 seconds
2024-10-09T21:44:21.386+0300: 444.213: [GC (Allocation Failure) 2024-10-09T21:44:21.386+0300: 444.213: [ParNew: 460096K->51072K(460096K), 0.0279974 secs] 2581067K->2188092K(8337536K), 0.0280810 secs] [Times: user=0.02 sys=0.00, real=0.02 secs] 
2024-10-09T21:44:21.401+0300: 444.241: Total time for which application threads were stopped: 0.0283261 seconds, Stopping threads took: 0.0001255 seconds
2024-10-09T21:44:21.574+0300: 444.409: Application time: 0.1687434 seconds
2024-10-09T21:44:21.574+0300: 444.410: [GC (Allocation Failure) 2024-10-09T21:44:21.574+0300: 444.410: [ParNew: 460096K->51072K(460096K), 0.0336563 secs] 2597116K->2211083K(8337536K), 0.0337450 secs] [Times: user=0.03 sys=0.00, real=0.03 secs] 
2024-10-09T21:44:21.605+0300: 444.443: Total time for which application threads were stopped: 0.0339916 seconds, Stopping threads took: 0.0001344 seconds
2024-10-09T21:44:21.794+0300: 444.620: Application time: 0.1761356 seconds
2024-10-09T21:44:21.794+0300: 444.620: [GC (Allocation Failure) 2024-10-09T21:44:21.794+0300: 444.620: [ParNew: 460096K->46406K(460096K), 0.0301237 secs] 2620107K->2228930K(8337536K), 0.0302167 secs] [Times: user=0.02 sys=0.00, real=0.02 secs] 
2024-10-09T21:44:21.809+0300: 444.650: Total time for which application threads were stopped: 0.0304994 seconds, Stopping threads took: 0.0001467 seconds
2024-10-09T21:44:21.982+0300: 444.813: Application time: 0.1631306 seconds
2024-10-09T21:44:21.982+0300: 444.813: [GC (Allocation Failure) 2024-10-09T21:44:21.982+0300: 444.813: [ParNew: 455430K->51072K(460096K), 0.0266171 secs] 2637954K->2244161K(8337536K), 0.0267063 secs] [Times: user=0.03 sys=0.00, real=0.03 secs] 
2024-10-09T21:44:22.013+0300: 444.840: Total time for which application threads were stopped: 0.0269499 seconds, Stopping threads took: 0.0001276 seconds
2024-10-09T21:44:22.170+0300: 445.009: Application time: 0.1687495 seconds
2024-10-09T21:44:22.170+0300: 445.009: [GC (Allocation Failure) 2024-10-09T21:44:22.170+0300: 445.009: [ParNew: 460096K->51072K(460096K), 0.0323985 secs] 2653185K->2268073K(8337536K), 0.0324981 secs] [Times: user=0.03 sys=0.00, real=0.03 secs] 
2024-10-09T21:44:22.202+0300: 445.042: Total time for which application threads were stopped: 0.0327967 seconds, Stopping threads took: 0.0001657 seconds
2024-10-09T21:44:22.374+0300: 445.208: Application time: 0.1660978 seconds
2024-10-09T21:44:22.374+0300: 445.208: [GC (Allocation Failure) 2024-10-09T21:44:22.374+0300: 445.208: [ParNew: 460096K->51072K(460096K), 0.0295366 secs] 2677097K->2289085K(8337536K), 0.0296266 secs] [Times: user=0.03 sys=0.00, real=0.03 secs] 
2024-10-09T21:44:22.405+0300: 445.238: Total time for which application threads were stopped: 0.0299045 seconds, Stopping threads took: 0.0001554 seconds
2024-10-09T21:44:22.564+0300: 445.396: Application time: 0.1586042 seconds
2024-10-09T21:44:22.564+0300: 445.397: [GC (Allocation Failure) 2024-10-09T21:44:22.564+0300: 445.397: [ParNew: 460096K->51072K(460096K), 0.0284420 secs] 2698109K->2304645K(8337536K), 0.0285309 secs] [Times: user=0.03 sys=0.00, real=0.03 secs] 
2024-10-09T21:44:22.594+0300: 445.425: Total time for which application threads were stopped: 0.0287932 seconds, Stopping threads took: 0.0001479 seconds
2024-10-09T21:44:22.782+0300: 445.609: Application time: 0.1836336 seconds
2024-10-09T21:44:22.782+0300: 445.609: [GC (Allocation Failure) 2024-10-09T21:44:22.782+0300: 445.609: [ParNew: 460096K->50264K(460096K), 0.0351248 secs] 2713669K->2331700K(8337536K), 0.0352148 secs] [Times: user=0.09 sys=0.00, real=0.03 secs] 
2024-10-09T21:44:22.813+0300: 445.644: Total time for which application threads were stopped: 0.0355634 seconds, Stopping threads took: 0.0002262 seconds
2024-10-09T21:44:22.971+0300: 445.811: Application time: 0.1662678 seconds
2024-10-09T21:44:22.971+0300: 445.811: [GC (Allocation Failure) 2024-10-09T21:44:22.971+0300: 445.811: [ParNew: 459288K->51072K(460096K), 0.0309284 secs] 2740724K->2353184K(8337536K), 0.0310146 secs] [Times: user=0.03 sys=0.00, real=0.03 secs] 
2024-10-09T21:44:23.002+0300: 445.842: Total time for which application threads were stopped: 0.0312532 seconds, Stopping threads took: 0.0001209 seconds
2024-10-09T21:44:23.175+0300: 446.002: Application time: 0.1605440 seconds
2024-10-09T21:44:23.175+0300: 446.003: [GC (Allocation Failure) 2024-10-09T21:44:23.175+0300: 446.003: [ParNew: 460096K->51072K(460096K), 0.0303501 secs] 2762208K->2372866K(8337536K), 0.0304368 secs] [Times: user=0.03 sys=0.00, real=0.03 secs] 
2024-10-09T21:44:23.206+0300: 446.033: Total time for which application threads were stopped: 0.0306624 seconds, Stopping threads took: 0.0001105 seconds
2024-10-09T21:44:23.379+0300: 446.210: Application time: 0.1767066 seconds
2024-10-09T21:44:23.379+0300: 446.210: [GC (Allocation Failure) 2024-10-09T21:44:23.379+0300: 446.210: [ParNew: 460096K->51072K(460096K), 0.0276912 secs] 2781890K->2389603K(8337536K), 0.0277795 secs] [Times: user=0.03 sys=0.00, real=0.03 secs] 
2024-10-09T21:44:23.410+0300: 446.238: Total time for which application threads were stopped: 0.0280354 seconds, Stopping threads took: 0.0001391 seconds
2024-10-09T21:44:23.567+0300: 446.404: Application time: 0.1660396 seconds
2024-10-09T21:44:23.567+0300: 446.404: [GC (Allocation Failure) 2024-10-09T21:44:23.567+0300: 446.404: [ParNew: 460096K->51072K(460096K), 0.0298109 secs] 2798627K->2406836K(8337536K), 0.0298939 secs] [Times: user=0.03 sys=0.00, real=0.03 secs] 
2024-10-09T21:44:23.599+0300: 446.434: Total time for which application threads were stopped: 0.0301378 seconds, Stopping threads took: 0.0001302 seconds
2024-10-09T21:44:23.767+0300: 446.596: Application time: 0.1624922 seconds
2024-10-09T21:44:23.767+0300: 446.597: [GC (Allocation Failure) 2024-10-09T21:44:23.767+0300: 446.597: [ParNew: 460096K->51072K(460096K), 0.0308590 secs] 2815860K->2429306K(8337536K), 0.0309546 secs] [Times: user=0.08 sys=0.00, real=0.02 secs] 
2024-10-09T21:44:23.787+0300: 446.628: Total time for which application threads were stopped: 0.0312523 seconds, Stopping threads took: 0.0001525 seconds
2024-10-09T21:44:23.975+0300: 446.809: Application time: 0.1813889 seconds
2024-10-09T21:44:23.975+0300: 446.809: [GC (Allocation Failure) 2024-10-09T21:44:23.975+0300: 446.809: [ParNew: 460096K->51072K(460096K), 0.0320695 secs] 2838330K->2452320K(8337536K), 0.0321679 secs] [Times: user=0.01 sys=0.00, real=0.03 secs] 
2024-10-09T21:44:24.007+0300: 446.842: Total time for which application threads were stopped: 0.0324256 seconds, Stopping threads took: 0.0001193 seconds
2024-10-09T21:44:24.179+0300: 447.013: Application time: 0.1716596 seconds
2024-10-09T21:44:24.179+0300: 447.013: [GC (Allocation Failure) 2024-10-09T21:44:24.179+0300: 447.013: [ParNew: 460096K->51072K(460096K), 0.0278060 secs] 2861344K->2463865K(8337536K), 0.0278934 secs] [Times: user=0.03 sys=0.00, real=0.03 secs] 
2024-10-09T21:44:24.211+0300: 447.041: Total time for which application threads were stopped: 0.0281413 seconds, Stopping threads took: 0.0001339 seconds
2024-10-09T21:44:24.368+0300: 447.197: Application time: 0.1560303 seconds
2024-10-09T21:44:24.368+0300: 447.198: [GC (Allocation Failure) 2024-10-09T21:44:24.368+0300: 447.198: [ParNew: 460096K->51072K(460096K), 0.0299250 secs] 2872889K->2484857K(8337536K), 0.0300131 secs] [Times: user=0.03 sys=0.00, real=0.03 secs] 
2024-10-09T21:44:24.399+0300: 447.228: Total time for which application threads were stopped: 0.0302694 seconds, Stopping threads took: 0.0001432 seconds
2024-10-09T21:44:24.572+0300: 447.407: Application time: 0.1796675 seconds
2024-10-09T21:44:24.572+0300: 447.407: [GC (Allocation Failure) 2024-10-09T21:44:24.572+0300: 447.408: [ParNew: 460096K->47463K(460096K), 0.0294486 secs] 2893881K->2504391K(8337536K), 0.0295379 secs] [Times: user=0.03 sys=0.00, real=0.03 secs] 
2024-10-09T21:44:24.603+0300: 447.437: Total time for which application threads were stopped: 0.0297678 seconds, Stopping threads took: 0.0001130 seconds
2024-10-09T21:44:24.776+0300: 447.617: Application time: 0.1802922 seconds
2024-10-09T21:44:24.792+0300: 447.618: [GC (Allocation Failure) 2024-10-09T21:44:24.792+0300: 447.618: [ParNew: 456487K->51072K(460096K), 0.0285517 secs] 2913415K->2519721K(8337536K), 0.0286494 secs] [Times: user=0.02 sys=0.00, real=0.01 secs] 
2024-10-09T21:44:24.807+0300: 447.646: Total time for which application threads were stopped: 0.0290310 seconds, Stopping threads took: 0.0002418 seconds
2024-10-09T21:44:24.970+0300: 447.801: Application time: 0.1547956 seconds
2024-10-09T21:44:24.970+0300: 447.801: [GC (Allocation Failure) 2024-10-09T21:44:24.970+0300: 447.801: [ParNew: 460096K->51072K(460096K), 0.0338822 secs] 2928745K->2546223K(8337536K), 0.0339665 secs] [Times: user=0.03 sys=0.00, real=0.03 secs] 
2024-10-09T21:44:24.996+0300: 447.835: Total time for which application threads were stopped: 0.0342430 seconds, Stopping threads took: 0.0001630 seconds
2024-10-09T21:44:25.184+0300: 448.014: Application time: 0.1781993 seconds
2024-10-09T21:44:25.184+0300: 448.014: [GC (Allocation Failure) 2024-10-09T21:44:25.184+0300: 448.014: [ParNew: 460096K->48735K(460096K), 0.0295835 secs] 2955247K->2568291K(8337536K), 0.0296717 secs] [Times: user=0.03 sys=0.00, real=0.03 secs] 
2024-10-09T21:44:25.215+0300: 448.044: Total time for which application threads were stopped: 0.0299602 seconds, Stopping threads took: 0.0001471 seconds
2024-10-09T21:44:25.388+0300: 448.216: Application time: 0.1723905 seconds
2024-10-09T21:44:25.388+0300: 448.216: [GC (Allocation Failure) 2024-10-09T21:44:25.388+0300: 448.216: [ParNew: 457759K->51072K(460096K), 0.0267858 secs] 2977315K->2577479K(8337536K), 0.0268797 secs] [Times: user=0.02 sys=0.00, real=0.02 secs] 
2024-10-09T21:44:25.404+0300: 448.243: Total time for which application threads were stopped: 0.0271875 seconds, Stopping threads took: 0.0001887 seconds
2024-10-09T21:44:25.571+0300: 448.402: Application time: 0.1584936 seconds
2024-10-09T21:44:25.571+0300: 448.402: [GC (Allocation Failure) 2024-10-09T21:44:25.571+0300: 448.402: [ParNew: 460096K->51072K(460096K), 0.0272019 secs] 2986503K->2591410K(8337536K), 0.0272881 secs] [Times: user=0.01 sys=0.00, real=0.02 secs] 
2024-10-09T21:44:25.592+0300: 448.429: Total time for which application threads were stopped: 0.0275375 seconds, Stopping threads took: 0.0001357 seconds
2024-10-09T21:44:25.771+0300: 448.602: Application time: 0.1732094 seconds
2024-10-09T21:44:25.771+0300: 448.603: [GC (Allocation Failure) 2024-10-09T21:44:25.771+0300: 448.603: [ParNew: 460096K->51072K(460096K), 0.0288568 secs] 3000434K->2610008K(8337536K), 0.0289571 secs] [Times: user=0.06 sys=0.00, real=0.03 secs] 
2024-10-09T21:44:25.796+0300: 448.632: Total time for which application threads were stopped: 0.0292506 seconds, Stopping threads took: 0.0001539 seconds
2024-10-09T21:44:25.972+0300: 448.805: Application time: 0.1730950 seconds
2024-10-09T21:44:25.972+0300: 448.805: [GC (Allocation Failure) 2024-10-09T21:44:25.972+0300: 448.805: [ParNew: 460096K->51072K(460096K), 0.0291834 secs] 3019032K->2624858K(8337536K), 0.0292693 secs] [Times: user=0.03 sys=0.00, real=0.03 secs] 
2024-10-09T21:44:26.000+0300: 448.834: Total time for which application threads were stopped: 0.0295283 seconds, Stopping threads took: 0.0001491 seconds
2024-10-09T21:44:26.158+0300: 448.996: Application time: 0.1614747 seconds
2024-10-09T21:44:26.158+0300: 448.996: [GC (Allocation Failure) 2024-10-09T21:44:26.158+0300: 448.996: [ParNew: 460096K->51072K(460096K), 0.0310588 secs] 3033882K->2642444K(8337536K), 0.0311479 secs] [Times: user=0.03 sys=0.00, real=0.03 secs] 
2024-10-09T21:44:26.189+0300: 449.027: Total time for which application threads were stopped: 0.0314448 seconds, Stopping threads took: 0.0001787 seconds
2024-10-09T21:44:26.362+0300: 449.190: Application time: 0.1624630 seconds
2024-10-09T21:44:26.362+0300: 449.190: [GC (Allocation Failure) 2024-10-09T21:44:26.362+0300: 449.190: [ParNew: 460096K->48099K(460096K), 0.0355291 secs] 3051468K->2672323K(8337536K), 0.0356134 secs] [Times: user=0.03 sys=0.00, real=0.03 secs] 
2024-10-09T21:44:26.393+0300: 449.226: Total time for which application threads were stopped: 0.0358909 seconds, Stopping threads took: 0.0001624 seconds
2024-10-09T21:44:26.572+0300: 449.403: Application time: 0.1776200 seconds
2024-10-09T21:44:26.572+0300: 449.403: [GC (Allocation Failure) 2024-10-09T21:44:26.572+0300: 449.403: [ParNew: 457123K->49631K(460096K), 0.0300920 secs] 3081347K->2696333K(8337536K), 0.0301868 secs] [Times: user=0.02 sys=0.00, real=0.02 secs] 
2024-10-09T21:44:26.597+0300: 449.434: Total time for which application threads were stopped: 0.0304316 seconds, Stopping threads took: 0.0001281 seconds
2024-10-09T21:44:26.773+0300: 449.606: Application time: 0.1723628 seconds
2024-10-09T21:44:26.773+0300: 449.606: [GC (Allocation Failure) 2024-10-09T21:44:26.773+0300: 449.606: [ParNew: 458655K->51072K(460096K), 0.0271733 secs] 3105357K->2706156K(8337536K), 0.0272584 secs] [Times: user=0.05 sys=0.00, real=0.03 secs] 
2024-10-09T21:44:26.801+0300: 449.634: Total time for which application threads were stopped: 0.0275270 seconds, Stopping threads took: 0.0001426 seconds
2024-10-09T21:44:26.957+0300: 449.790: Application time: 0.1568070 seconds
2024-10-09T21:44:26.957+0300: 449.791: [GC (Allocation Failure) 2024-10-09T21:44:26.957+0300: 449.791: [ParNew: 460096K->41225K(460096K), 0.0317617 secs] 3115180K->2724284K(8337536K), 0.0318486 secs] [Times: user=0.03 sys=0.00, real=0.03 secs] 
2024-10-09T21:44:26.989+0300: 449.822: Total time for which application threads were stopped: 0.0321137 seconds, Stopping threads took: 0.0001500 seconds
2024-10-09T21:44:27.161+0300: 449.991: Application time: 0.1682107 seconds
2024-10-09T21:44:27.161+0300: 449.991: [GC (Allocation Failure) 2024-10-09T21:44:27.161+0300: 449.991: [ParNew: 450249K->51072K(460096K), 0.0275093 secs] 3133308K->2751895K(8337536K), 0.0275990 secs] [Times: user=0.02 sys=0.00, real=0.02 secs] 
2024-10-09T21:44:27.177+0300: 450.019: Total time for which application threads were stopped: 0.0278403 seconds, Stopping threads took: 0.0001185 seconds
2024-10-09T21:44:27.350+0300: 450.188: Application time: 0.1694065 seconds
2024-10-09T21:44:27.350+0300: 450.188: [GC (Allocation Failure) 2024-10-09T21:44:27.350+0300: 450.188: [ParNew: 460096K->51072K(460096K), 0.0263244 secs] 3160919K->2759761K(8337536K), 0.0264145 secs] [Times: user=0.03 sys=0.00, real=0.03 secs] 
2024-10-09T21:44:27.382+0300: 450.215: Total time for which application threads were stopped: 0.0266746 seconds, Stopping threads took: 0.0001405 seconds
2024-10-09T21:44:27.539+0300: 450.380: Application time: 0.1654501 seconds
2024-10-09T21:44:27.554+0300: 450.380: [GC (Allocation Failure) 2024-10-09T21:44:27.554+0300: 450.380: [ParNew: 460096K->51072K(460096K), 0.0267432 secs] 3168785K->2775574K(8337536K), 0.0268540 secs] [Times: user=0.03 sys=0.00, real=0.02 secs] 
2024-10-09T21:44:27.575+0300: 450.407: Total time for which application threads were stopped: 0.0271744 seconds, Stopping threads took: 0.0001844 seconds
2024-10-09T21:44:27.743+0300: 450.580: Application time: 0.1731275 seconds
2024-10-09T21:44:27.743+0300: 450.581: [GC (Allocation Failure) 2024-10-09T21:44:27.743+0300: 450.581: [ParNew: 460096K->51072K(460096K), 0.0273802 secs] 3184598K->2789555K(8337536K), 0.0274746 secs] [Times: user=0.03 sys=0.00, real=0.03 secs] 
2024-10-09T21:44:27.775+0300: 450.608: Total time for which application threads were stopped: 0.0277806 seconds, Stopping threads took: 0.0001672 seconds
2024-10-09T21:44:27.947+0300: 450.777: Application time: 0.1688081 seconds
2024-10-09T21:44:27.947+0300: 450.777: [GC (Allocation Failure) 2024-10-09T21:44:27.947+0300: 450.777: [ParNew: 460096K->51072K(460096K), 0.0325409 secs] 3198579K->2811957K(8337536K), 0.0326393 secs] [Times: user=0.06 sys=0.00, real=0.03 secs] 
2024-10-09T21:44:27.979+0300: 450.810: Total time for which application threads were stopped: 0.0328838 seconds, Stopping threads took: 0.0001123 seconds
2024-10-09T21:44:28.136+0300: 450.974: Application time: 0.1640197 seconds
2024-10-09T21:44:28.136+0300: 450.974: [GC (Allocation Failure) 2024-10-09T21:44:28.136+0300: 450.974: [ParNew: 460096K->51072K(460096K), 0.0327680 secs] 3220981K->2836960K(8337536K), 0.0328592 secs] [Times: user=0.03 sys=0.00, real=0.04 secs] 
2024-10-09T21:44:28.176+0300: 451.007: Total time for which application threads were stopped: 0.0331139 seconds, Stopping threads took: 0.0001355 seconds
2024-10-09T21:44:28.340+0300: 451.177: Application time: 0.1695584 seconds
2024-10-09T21:44:28.340+0300: 451.177: [GC (Allocation Failure) 2024-10-09T21:44:28.340+0300: 451.177: [ParNew: 460096K->51072K(460096K), 0.0283542 secs] 3245984K->2853102K(8337536K), 0.0284462 secs] [Times: user=0.03 sys=0.00, real=0.04 secs] 
2024-10-09T21:44:28.376+0300: 451.205: Total time for which application threads were stopped: 0.0286925 seconds, Stopping threads took: 0.0001332 seconds
2024-10-09T21:44:28.529+0300: 451.367: Application time: 0.1619528 seconds
2024-10-09T21:44:28.529+0300: 451.367: [GC (Allocation Failure) 2024-10-09T21:44:28.529+0300: 451.367: [ParNew: 460096K->51072K(460096K), 0.0281778 secs] 3262126K->2871265K(8337536K), 0.0282682 secs] [Times: user=0.03 sys=0.00, real=0.03 secs] 
2024-10-09T21:44:28.560+0300: 451.396: Total time for which application threads were stopped: 0.0285097 seconds, Stopping threads took: 0.0001269 seconds
2024-10-09T21:44:28.733+0300: 451.571: Application time: 0.1751346 seconds
2024-10-09T21:44:28.733+0300: 451.571: [GC (Allocation Failure) 2024-10-09T21:44:28.733+0300: 451.571: [ParNew: 460096K->51072K(460096K), 0.0317713 secs] 3280289K->2893834K(8337536K), 0.0318645 secs] [Times: user=0.06 sys=0.00, real=0.04 secs] 
2024-10-09T21:44:28.777+0300: 451.603: Total time for which application threads were stopped: 0.0321575 seconds, Stopping threads took: 0.0001446 seconds
2024-10-09T21:44:28.937+0300: 451.768: Application time: 0.1654389 seconds
2024-10-09T21:44:28.937+0300: 451.769: [GC (Allocation Failure) 2024-10-09T21:44:28.937+0300: 451.769: [ParNew: 460096K->51072K(460096K), 0.0273233 secs] 3302858K->2907759K(8337536K), 0.0274121 secs] [Times: user=0.02 sys=0.00, real=0.03 secs] 
2024-10-09T21:44:28.968+0300: 451.796: Total time for which application threads were stopped: 0.0276708 seconds, Stopping threads took: 0.0001400 seconds
2024-10-09T21:44:29.125+0300: 451.957: Application time: 0.1607985 seconds
2024-10-09T21:44:29.125+0300: 451.957: [GC (Allocation Failure) 2024-10-09T21:44:29.125+0300: 451.957: [ParNew: 460096K->51072K(460096K), 0.0310760 secs] 3316783K->2931652K(8337536K), 0.0311647 secs] [Times: user=0.03 sys=0.00, real=0.03 secs] 
2024-10-09T21:44:29.156+0300: 451.988: Total time for which application threads were stopped: 0.0313994 seconds, Stopping threads took: 0.0001209 seconds
2024-10-09T21:44:29.329+0300: 452.161: Application time: 0.1726855 seconds
2024-10-09T21:44:29.329+0300: 452.161: [GC (Allocation Failure) 2024-10-09T21:44:29.329+0300: 452.161: [ParNew: 460096K->51072K(460096K), 0.0306359 secs] 3340676K->2951919K(8337536K), 0.0307255 secs] [Times: user=0.03 sys=0.00, real=0.03 secs] 
2024-10-09T21:44:29.360+0300: 452.192: Total time for which application threads were stopped: 0.0309919 seconds, Stopping threads took: 0.0001468 seconds
2024-10-09T21:44:29.532+0300: 452.363: Application time: 0.1708457 seconds
2024-10-09T21:44:29.532+0300: 452.363: [GC (Allocation Failure) 2024-10-09T21:44:29.532+0300: 452.363: [ParNew: 460096K->51072K(460096K), 0.0269364 secs] 3360943K->2965038K(8337536K), 0.0270186 secs] [Times: user=0.03 sys=0.00, real=0.03 secs] 
2024-10-09T21:44:29.564+0300: 452.390: Total time for which application threads were stopped: 0.0272933 seconds, Stopping threads took: 0.0001514 seconds
2024-10-09T21:44:29.721+0300: 452.549: Application time: 0.1592859 seconds
2024-10-09T21:44:29.721+0300: 452.550: [GC (Allocation Failure) 2024-10-09T21:44:29.721+0300: 452.550: [ParNew: 460096K->51072K(460096K), 0.0285968 secs] 3374062K->2980489K(8337536K), 0.0286898 secs] [Times: user=0.05 sys=0.00, real=0.03 secs] 
2024-10-09T21:44:29.752+0300: 452.578: Total time for which application threads were stopped: 0.0289856 seconds, Stopping threads took: 0.0001617 seconds
2024-10-09T21:44:29.925+0300: 452.752: Application time: 0.1737561 seconds
2024-10-09T21:44:29.925+0300: 452.752: [GC (Allocation Failure) 2024-10-09T21:44:29.925+0300: 452.752: [ParNew: 460096K->49221K(460096K), 0.0348190 secs] 3389513K->3009764K(8337536K), 0.0349230 secs] [Times: user=0.02 sys=0.00, real=0.03 secs] 
2024-10-09T21:44:29.956+0300: 452.787: Total time for which application threads were stopped: 0.0352152 seconds, Stopping threads took: 0.0001561 seconds
2024-10-09T21:44:30.129+0300: 452.957: Application time: 0.1694585 seconds
2024-10-09T21:44:30.129+0300: 452.957: [GC (Allocation Failure) 2024-10-09T21:44:30.129+0300: 452.957: [ParNew: 458245K->51072K(460096K), 0.0266599 secs] 3418788K->3021593K(8337536K), 0.0267473 secs] [Times: user=0.02 sys=0.00, real=0.02 secs] 
2024-10-09T21:44:30.145+0300: 452.984: Total time for which application threads were stopped: 0.0270071 seconds, Stopping threads took: 0.0001460 seconds
2024-10-09T21:44:30.302+0300: 453.142: Application time: 0.1576450 seconds
2024-10-09T21:44:30.302+0300: 453.142: [GC (Allocation Failure) 2024-10-09T21:44:30.302+0300: 453.142: [ParNew: 460096K->46498K(460096K), 0.0300020 secs] 3430617K->3038632K(8337536K), 0.0300907 secs] [Times: user=0.03 sys=0.00, real=0.03 secs] 
2024-10-09T21:44:30.333+0300: 453.172: Total time for which application threads were stopped: 0.0303764 seconds, Stopping threads took: 0.0001695 seconds
2024-10-09T21:44:30.506+0300: 453.342: Application time: 0.1697176 seconds
2024-10-09T21:44:30.506+0300: 453.342: [GC (Allocation Failure) 2024-10-09T21:44:30.506+0300: 453.342: [ParNew: 455522K->47241K(460096K), 0.0292211 secs] 3447656K->3063125K(8337536K), 0.0293127 secs] [Times: user=0.03 sys=0.00, real=0.03 secs] 
2024-10-09T21:44:30.537+0300: 453.371: Total time for which application threads were stopped: 0.0295161 seconds, Stopping threads took: 0.0000829 seconds
2024-10-09T21:44:30.726+0300: 453.553: Application time: 0.1821416 seconds
2024-10-09T21:44:30.726+0300: 453.554: [GC (Allocation Failure) 2024-10-09T21:44:30.726+0300: 453.554: [ParNew: 456265K->51072K(460096K), 0.0293840 secs] 3472149K->3079079K(8337536K), 0.0294793 secs] [Times: user=0.03 sys=0.00, real=0.03 secs] 
2024-10-09T21:44:30.757+0300: 453.583: Total time for which application threads were stopped: 0.0297552 seconds, Stopping threads took: 0.0001376 seconds
2024-10-09T21:44:30.914+0300: 453.742: Application time: 0.1589477 seconds
2024-10-09T21:44:30.914+0300: 453.742: [GC (Allocation Failure) 2024-10-09T21:44:30.914+0300: 453.742: [ParNew: 460096K->49955K(460096K), 0.0307336 secs] 3488103K->3096568K(8337536K), 0.0308174 secs] [Times: user=0.02 sys=0.00, real=0.03 secs] 
2024-10-09T21:44:30.945+0300: 453.773: Total time for which application threads were stopped: 0.0310715 seconds, Stopping threads took: 0.0001366 seconds
2024-10-09T21:44:31.102+0300: 453.944: Application time: 0.1704878 seconds
2024-10-09T21:44:31.102+0300: 453.944: [GC (Allocation Failure) 2024-10-09T21:44:31.102+0300: 453.944: [ParNew: 458979K->51072K(460096K), 0.0291657 secs] 3505592K->3121204K(8337536K), 0.0292599 secs] [Times: user=0.02 sys=0.00, real=0.03 secs] 
2024-10-09T21:44:31.134+0300: 453.973: Total time for which application threads were stopped: 0.0295217 seconds, Stopping threads took: 0.0001196 seconds
2024-10-09T21:44:31.322+0300: 454.150: Application time: 0.1768866 seconds
2024-10-09T21:44:31.322+0300: 454.150: [GC (Allocation Failure) 2024-10-09T21:44:31.322+0300: 454.150: [ParNew: 460096K->51072K(460096K), 0.0301735 secs] 3530228K->3140052K(8337536K), 0.0302578 secs] [Times: user=0.03 sys=0.00, real=0.03 secs] 
2024-10-09T21:44:31.353+0300: 454.180: Total time for which application threads were stopped: 0.0305005 seconds, Stopping threads took: 0.0001255 seconds
2024-10-09T21:44:31.510+0300: 454.343: Application time: 0.1620503 seconds
2024-10-09T21:44:31.510+0300: 454.343: [GC (Allocation Failure) 2024-10-09T21:44:31.510+0300: 454.343: [ParNew: 460096K->51072K(460096K), 0.0278637 secs] 3549076K->3154367K(8337536K), 0.0279482 secs] [Times: user=0.03 sys=0.00, real=0.03 secs] 
2024-10-09T21:44:31.542+0300: 454.371: Total time for which application threads were stopped: 0.0282225 seconds, Stopping threads took: 0.0001615 seconds
2024-10-09T21:44:31.714+0300: 454.545: Application time: 0.1744039 seconds
2024-10-09T21:44:31.714+0300: 454.545: [GC (Allocation Failure) 2024-10-09T21:44:31.714+0300: 454.545: [ParNew: 460096K->51072K(460096K), 0.0286963 secs] 3563391K->3175911K(8337536K), 0.0287895 secs] [Times: user=0.03 sys=0.00, real=0.03 secs] 
2024-10-09T21:44:31.746+0300: 454.574: Total time for which application threads were stopped: 0.0291072 seconds, Stopping threads took: 0.0001879 seconds
2024-10-09T21:44:31.919+0300: 454.749: Application time: 0.1747132 seconds
2024-10-09T21:44:31.919+0300: 454.749: [GC (Allocation Failure) 2024-10-09T21:44:31.919+0300: 454.749: [ParNew: 460096K->47482K(460096K), 0.0273845 secs] 3584935K->3184300K(8337536K), 0.0274674 secs] [Times: user=0.03 sys=0.00, real=0.03 secs] 
2024-10-09T21:44:31.950+0300: 454.777: Total time for which application threads were stopped: 0.0277196 seconds, Stopping threads took: 0.0001350 seconds
2024-10-09T21:44:32.107+0300: 454.935: Application time: 0.1578823 seconds
2024-10-09T21:44:32.107+0300: 454.935: [GC (Allocation Failure) 2024-10-09T21:44:32.107+0300: 454.935: [ParNew: 456506K->51072K(460096K), 0.0254595 secs] 3593324K->3195031K(8337536K), 0.0255404 secs] [Times: user=0.02 sys=0.00, real=0.02 secs] 
2024-10-09T21:44:32.123+0300: 454.960: Total time for which application threads were stopped: 0.0258061 seconds, Stopping threads took: 0.0001518 seconds
2024-10-09T21:44:32.295+0300: 455.128: Application time: 0.1677648 seconds
2024-10-09T21:44:32.295+0300: 455.128: [GC (Allocation Failure) 2024-10-09T21:44:32.295+0300: 455.128: [ParNew: 460096K->51072K(460096K), 0.0289380 secs] 3604055K->3218572K(8337536K), 0.0290261 secs] [Times: user=0.03 sys=0.00, real=0.03 secs] 
2024-10-09T21:44:32.326+0300: 455.157: Total time for which application threads were stopped: 0.0292989 seconds, Stopping threads took: 0.0001280 seconds
2024-10-09T21:44:32.499+0300: 455.334: Application time: 0.1764124 seconds
2024-10-09T21:44:32.499+0300: 455.334: [GC (Allocation Failure) 2024-10-09T21:44:32.499+0300: 455.334: [ParNew: 460096K->51072K(460096K), 0.0274282 secs] 3627596K->3229984K(8337536K), 0.0275154 secs] [Times: user=0.02 sys=0.00, real=0.03 secs] 
2024-10-09T21:44:32.531+0300: 455.362: Total time for which application threads were stopped: 0.0277658 seconds, Stopping threads took: 0.0001324 seconds
2024-10-09T21:44:32.703+0300: 455.530: Application time: 0.1680517 seconds
2024-10-09T21:44:32.703+0300: 455.530: [GC (Allocation Failure) 2024-10-09T21:44:32.703+0300: 455.530: [ParNew: 460096K->51072K(460096K), 0.0333143 secs] 3639008K->3253390K(8337536K), 0.0334164 secs] [Times: user=0.05 sys=0.00, real=0.03 secs] 
2024-10-09T21:44:32.735+0300: 455.563: Total time for which application threads were stopped: 0.0336721 seconds, Stopping threads took: 0.0001112 seconds
2024-10-09T21:44:32.892+0300: 455.731: Application time: 0.1676369 seconds
2024-10-09T21:44:32.892+0300: 455.731: [GC (Allocation Failure) 2024-10-09T21:44:32.892+0300: 455.731: [ParNew: 460096K->50003K(460096K), 0.0303324 secs] 3662414K->3276173K(8337536K), 0.0304235 secs] [Times: user=0.03 sys=0.00, real=0.03 secs] 
2024-10-09T21:44:32.923+0300: 455.762: Total time for which application threads were stopped: 0.0306843 seconds, Stopping threads took: 0.0001414 seconds
2024-10-09T21:44:33.111+0300: 455.938: Application time: 0.1760884 seconds
2024-10-09T21:44:33.111+0300: 455.938: [GC (Allocation Failure) 2024-10-09T21:44:33.111+0300: 455.938: [ParNew: 459027K->51072K(460096K), 0.0280904 secs] 3685197K->3289228K(8337536K), 0.0281716 secs] [Times: user=0.02 sys=0.00, real=0.02 secs] 
2024-10-09T21:44:33.127+0300: 455.966: Total time for which application threads were stopped: 0.0284273 seconds, Stopping threads took: 0.0001339 seconds
2024-10-09T21:44:33.288+0300: 456.126: Application time: 0.1594863 seconds
2024-10-09T21:44:33.300+0300: 456.126: [GC (Allocation Failure) 2024-10-09T21:44:33.300+0300: 456.126: [ParNew: 460096K->51072K(460096K), 0.0314898 secs] 3698252K->3308959K(8337536K), 0.0315801 secs] [Times: user=0.03 sys=0.00, real=0.03 secs] 
2024-10-09T21:44:33.331+0300: 456.158: Total time for which application threads were stopped: 0.0319277 seconds, Stopping threads took: 0.0002166 seconds
2024-10-09T21:44:33.488+0300: 456.328: Application time: 0.1702788 seconds
2024-10-09T21:44:33.488+0300: 456.328: [GC (Allocation Failure) 2024-10-09T21:44:33.488+0300: 456.328: [ParNew: 460096K->38783K(460096K), 0.0293736 secs] 3717983K->3322325K(8337536K), 0.0294605 secs] [Times: user=0.03 sys=0.00, real=0.03 secs] 
2024-10-09T21:44:33.519+0300: 456.358: Total time for which application threads were stopped: 0.0297598 seconds, Stopping threads took: 0.0001827 seconds
2024-10-09T21:44:33.708+0300: 456.540: Application time: 0.1821345 seconds
2024-10-09T21:44:33.708+0300: 456.540: [GC (Allocation Failure) 2024-10-09T21:44:33.708+0300: 456.540: [ParNew: 447807K->51072K(460096K), 0.0282616 secs] 3731349K->3341964K(8337536K), 0.0291250 secs] [Times: user=0.11 sys=0.00, real=0.03 secs] 
2024-10-09T21:44:33.739+0300: 456.569: Total time for which application threads were stopped: 0.0294745 seconds, Stopping threads took: 0.0002089 seconds
2024-10-09T21:44:33.896+0300: 456.727: Application time: 0.1579900 seconds
2024-10-09T21:44:33.896+0300: 456.728: [GC (Allocation Failure) 2024-10-09T21:44:33.896+0300: 456.728: [ParNew: 460096K->51072K(460096K), 0.0284265 secs] 3750988K->3354378K(8337536K), 0.0285119 secs] [Times: user=0.03 sys=0.00, real=0.03 secs] 
2024-10-09T21:44:33.927+0300: 456.756: Total time for which application threads were stopped: 0.0287727 seconds, Stopping threads took: 0.0001497 seconds
2024-10-09T21:44:34.089+0300: 456.925: Application time: 0.1685690 seconds
2024-10-09T21:44:34.089+0300: 456.925: [GC (Allocation Failure) 2024-10-09T21:44:34.089+0300: 456.925: [ParNew: 460096K->41587K(460096K), 0.0321425 secs] 3763402K->3374903K(8337536K), 0.0322320 secs] [Times: user=0.03 sys=0.00, real=0.04 secs] 
2024-10-09T21:44:34.131+0300: 456.957: Total time for which application threads were stopped: 0.0324995 seconds, Stopping threads took: 0.0001469 seconds
2024-10-09T21:44:34.304+0300: 457.135: Application time: 0.1782573 seconds
2024-10-09T21:44:34.304+0300: 457.136: [GC (Allocation Failure) 2024-10-09T21:44:34.304+0300: 457.136: [ParNew: 450611K->51072K(460096K), 0.0270012 secs] 3783927K->3388701K(8337536K), 0.0270833 secs] [Times: user=0.03 sys=0.00, real=0.03 secs] 
2024-10-09T21:44:34.335+0300: 457.163: Total time for which application threads were stopped: 0.0273128 seconds, Stopping threads took: 0.0001146 seconds
2024-10-09T21:44:34.492+0300: 457.329: Application time: 0.1664245 seconds
2024-10-09T21:44:34.492+0300: 457.329: [GC (Allocation Failure) 2024-10-09T21:44:34.492+0300: 457.329: [ParNew: 460096K->51072K(460096K), 0.0335719 secs] 3797725K->3407651K(8337536K), 0.0336603 secs] [Times: user=0.03 sys=0.00, real=0.03 secs] 
2024-10-09T21:44:34.524+0300: 457.363: Total time for which application threads were stopped: 0.0339296 seconds, Stopping threads took: 0.0001292 seconds
2024-10-09T21:44:34.696+0300: 457.528: Application time: 0.1651157 seconds
2024-10-09T21:44:34.696+0300: 457.528: [GC (Allocation Failure) 2024-10-09T21:44:34.696+0300: 457.528: [ParNew: 460096K->51072K(460096K), 0.0346516 secs] 3816675K->3441846K(8337536K), 0.0347545 secs] [Times: user=0.19 sys=0.00, real=0.03 secs] 
2024-10-09T21:44:34.727+0300: 457.563: Total time for which application threads were stopped: 0.0350361 seconds, Stopping threads took: 0.0001373 seconds
2024-10-09T21:44:34.900+0300: 457.738: Application time: 0.1749278 seconds
2024-10-09T21:44:34.900+0300: 457.738: [GC (Allocation Failure) 2024-10-09T21:44:34.900+0300: 457.738: [ParNew: 460096K->51072K(460096K), 0.0239961 secs] 3850870K->3442739K(8337536K), 0.0240770 secs] [Times: user=0.03 sys=0.00, real=0.03 secs] 
2024-10-09T21:44:34.932+0300: 457.762: Total time for which application threads were stopped: 0.0243172 seconds, Stopping threads took: 0.0001225 seconds
2024-10-09T21:44:35.104+0300: 457.931: Application time: 0.1682445 seconds
2024-10-09T21:44:35.104+0300: 457.931: [GC (Allocation Failure) 2024-10-09T21:44:35.104+0300: 457.931: [ParNew: 460096K->51072K(460096K), 0.0361677 secs] 3851763K->3468674K(8337536K), 0.0362640 secs] [Times: user=0.03 sys=0.00, real=0.03 secs] 
2024-10-09T21:44:35.136+0300: 457.967: Total time for which application threads were stopped: 0.0365417 seconds, Stopping threads took: 0.0001562 seconds
2024-10-09T21:44:35.293+0300: 458.120: Application time: 0.1529407 seconds
2024-10-09T21:44:35.293+0300: 458.120: [GC (Allocation Failure) 2024-10-09T21:44:35.293+0300: 458.120: [ParNew: 460096K->41950K(460096K), 0.0344167 secs] 3877698K->3493707K(8337536K), 0.0344960 secs] [Times: user=0.03 sys=0.00, real=0.03 secs] 
2024-10-09T21:44:35.324+0300: 458.155: Total time for which application threads were stopped: 0.0347492 seconds, Stopping threads took: 0.0001381 seconds
2024-10-09T21:44:35.496+0300: 458.334: Application time: 0.1787486 seconds
2024-10-09T21:44:35.496+0300: 458.334: [GC (Allocation Failure) 2024-10-09T21:44:35.496+0300: 458.334: [ParNew: 450974K->51072K(460096K), 0.0246939 secs] 3902731K->3504859K(8337536K), 0.0247790 secs] [Times: user=0.03 sys=0.00, real=0.03 secs] 
2024-10-09T21:44:35.528+0300: 458.359: Total time for which application threads were stopped: 0.0250528 seconds, Stopping threads took: 0.0001583 seconds
2024-10-09T21:44:35.701+0300: 458.534: Application time: 0.1752309 seconds
2024-10-09T21:44:35.701+0300: 458.534: [GC (Allocation Failure) 2024-10-09T21:44:35.701+0300: 458.534: [ParNew: 460096K->51072K(460096K), 0.0330537 secs] 3913883K->3524224K(8337536K), 0.0331531 secs] [Times: user=0.03 sys=0.00, real=0.03 secs] 
2024-10-09T21:44:35.732+0300: 458.567: Total time for which application threads were stopped: 0.0334535 seconds, Stopping threads took: 0.0001487 seconds
2024-10-09T21:44:35.893+0300: 458.728: Application time: 0.1605279 seconds
2024-10-09T21:44:35.893+0300: 458.728: [GC (Allocation Failure) 2024-10-09T21:44:35.893+0300: 458.728: [ParNew: 460096K->49535K(460096K), 0.0327585 secs] 3933248K->3551164K(8337536K), 0.0328508 secs] [Times: user=0.03 sys=0.00, real=0.03 secs] 
2024-10-09T21:44:35.920+0300: 458.761: Total time for which application threads were stopped: 0.0331126 seconds, Stopping threads took: 0.0001449 seconds
2024-10-09T21:44:36.093+0300: 458.930: Application time: 0.1684643 seconds
2024-10-09T21:44:36.093+0300: 458.930: [GC (Allocation Failure) 2024-10-09T21:44:36.093+0300: 458.930: [ParNew: 458559K->51072K(460096K), 0.0273626 secs] 3960188K->3566377K(8337536K), 0.0274543 secs] [Times: user=0.03 sys=0.00, real=0.03 secs] 
2024-10-09T21:44:36.124+0300: 458.957: Total time for which application threads were stopped: 0.0277510 seconds, Stopping threads took: 0.0001768 seconds
2024-10-09T21:44:36.298+0300: 459.129: Application time: 0.1712294 seconds
2024-10-09T21:44:36.298+0300: 459.129: [GC (Allocation Failure) 2024-10-09T21:44:36.298+0300: 459.129: [ParNew: 460096K->51072K(460096K), 0.0300842 secs] 3975401K->3582085K(8337536K), 0.0301711 secs] [Times: user=0.03 sys=0.00, real=0.03 secs] 
2024-10-09T21:44:36.329+0300: 459.159: Total time for which application threads were stopped: 0.0304673 seconds, Stopping threads took: 0.0001719 seconds
2024-10-09T21:44:36.486+0300: 459.317: Application time: 0.1582364 seconds
2024-10-09T21:44:36.486+0300: 459.317: [GC (Allocation Failure) 2024-10-09T21:44:36.486+0300: 459.318: [ParNew: 460096K->51072K(460096K), 0.0315964 secs] 3991109K->3606638K(8337536K), 0.0316858 secs] [Times: user=0.03 sys=0.00, real=0.03 secs] 
2024-10-09T21:44:36.517+0300: 459.349: Total time for which application threads were stopped: 0.0319566 seconds, Stopping threads took: 0.0001453 seconds
2024-10-09T21:44:36.695+0300: 459.526: Application time: 0.1763818 seconds
2024-10-09T21:44:36.695+0300: 459.526: [GC (Allocation Failure) 2024-10-09T21:44:36.695+0300: 459.526: [ParNew: 460096K->51072K(460096K), 0.0287152 secs] 4015662K->3621093K(8337536K), 0.0288092 secs] [Times: user=0.16 sys=0.00, real=0.03 secs] 
2024-10-09T21:44:36.721+0300: 459.555: Total time for which application threads were stopped: 0.0291919 seconds, Stopping threads took: 0.0002491 seconds
2024-10-09T21:44:36.895+0300: 459.726: Application time: 0.1716268 seconds
2024-10-09T21:44:36.895+0300: 459.727: [GC (Allocation Failure) 2024-10-09T21:44:36.895+0300: 459.727: [ParNew: 460096K->51072K(460096K), 0.0294801 secs] 4030117K->3636734K(8337536K), 0.0295745 secs] [Times: user=0.03 sys=0.00, real=0.03 secs] 
2024-10-09T21:44:36.926+0300: 459.756: Total time for which application threads were stopped: 0.0298675 seconds, Stopping threads took: 0.0001631 seconds
2024-10-09T21:44:37.082+0300: 459.917: Application time: 0.1602521 seconds
2024-10-09T21:44:37.082+0300: 459.917: [GC (Allocation Failure) 2024-10-09T21:44:37.082+0300: 459.917: [ParNew: 460096K->51072K(460096K), 0.0313116 secs] 4045758K->3661627K(8337536K), 0.0313964 secs] [Times: user=0.03 sys=0.00, real=0.03 secs] 
2024-10-09T21:44:37.114+0300: 459.948: Total time for which application threads were stopped: 0.0316497 seconds, Stopping threads took: 0.0001363 seconds
2024-10-09T21:44:37.286+0300: 460.121: Application time: 0.1729486 seconds
2024-10-09T21:44:37.286+0300: 460.121: [GC (Allocation Failure) 2024-10-09T21:44:37.286+0300: 460.121: [ParNew: 460096K->50322K(460096K), 0.0278851 secs] 4070651K->3674728K(8337536K), 0.0279731 secs] [Times: user=0.03 sys=0.00, real=0.03 secs] 
2024-10-09T21:44:37.318+0300: 460.149: Total time for which application threads were stopped: 0.0282372 seconds, Stopping threads took: 0.0001496 seconds
2024-10-09T21:44:37.475+0300: 460.315: Application time: 0.1660795 seconds
2024-10-09T21:44:37.475+0300: 460.316: [GC (Allocation Failure) 2024-10-09T21:44:37.475+0300: 460.316: [ParNew: 459346K->51072K(460096K), 0.0303128 secs] 4083752K->3694303K(8337536K), 0.0304019 secs] [Times: user=0.03 sys=0.00, real=0.03 secs] 
2024-10-09T21:44:37.506+0300: 460.346: Total time for which application threads were stopped: 0.0306797 seconds, Stopping threads took: 0.0001555 seconds
2024-10-09T21:44:37.679+0300: 460.509: Application time: 0.1631072 seconds
2024-10-09T21:44:37.679+0300: 460.510: [GC (Allocation Failure) 2024-10-09T21:44:37.679+0300: 460.510: [ParNew: 460096K->51072K(460096K), 0.0309355 secs] 4103327K->3714867K(8337536K), 0.0310378 secs] [Times: user=0.17 sys=0.00, real=0.03 secs] 
2024-10-09T21:44:37.711+0300: 460.541: Total time for which application threads were stopped: 0.0313282 seconds, Stopping threads took: 0.0001340 seconds
2024-10-09T21:44:37.883+0300: 460.717: Application time: 0.1761452 seconds
2024-10-09T21:44:37.883+0300: 460.717: [GC (Allocation Failure) 2024-10-09T21:44:37.883+0300: 460.717: [ParNew: 460096K->51072K(460096K), 0.0260557 secs] 4123891K->3725354K(8337536K), 0.0261480 secs] [Times: user=0.03 sys=0.00, real=0.03 secs] 
2024-10-09T21:44:37.915+0300: 460.743: Total time for which application threads were stopped: 0.0264903 seconds, Stopping threads took: 0.0002164 seconds
2024-10-09T21:44:38.071+0300: 460.903: Application time: 0.1596457 seconds
2024-10-09T21:44:38.071+0300: 460.903: [GC (Allocation Failure) 2024-10-09T21:44:38.071+0300: 460.903: [ParNew: 460096K->44928K(460096K), 0.0300971 secs] 4134378K->3740006K(8337536K), 0.0301907 secs] [Times: user=0.03 sys=0.00, real=0.03 secs] 
2024-10-09T21:44:38.103+0300: 460.933: Total time for which application threads were stopped: 0.0304783 seconds, Stopping threads took: 0.0001662 seconds
2024-10-09T21:44:38.260+0300: 461.094: Application time: 0.1609091 seconds
2024-10-09T21:44:38.260+0300: 461.095: [GC (Allocation Failure) 2024-10-09T21:44:38.260+0300: 461.095: [ParNew: 453952K->51072K(460096K), 0.0290025 secs] 4149030K->3760560K(8337536K), 0.0290888 secs] [Times: user=0.03 sys=0.00, real=0.03 secs] 
2024-10-09T21:44:38.291+0300: 461.124: Total time for which application threads were stopped: 0.0293588 seconds, Stopping threads took: 0.0001508 seconds
2024-10-09T21:44:38.479+0300: 461.307: Application time: 0.1834523 seconds
2024-10-09T21:44:38.479+0300: 461.307: [GC (Allocation Failure) 2024-10-09T21:44:38.479+0300: 461.307: [ParNew: 460096K->51072K(460096K), 0.0312077 secs] 4169584K->3780154K(8337536K), 0.0313011 secs] [Times: user=0.03 sys=0.00, real=0.03 secs] 
2024-10-09T21:44:38.511+0300: 461.339: Total time for which application threads were stopped: 0.0315948 seconds, Stopping threads took: 0.0001351 seconds
2024-10-09T21:44:38.683+0300: 461.516: Application time: 0.1771674 seconds
2024-10-09T21:44:38.683+0300: 461.516: [GC (Allocation Failure) 2024-10-09T21:44:38.683+0300: 461.516: [ParNew: 460096K->51072K(460096K), 0.0363482 secs] 4189178K->3795692K(8337536K), 0.0364404 secs] [Times: user=0.17 sys=0.00, real=0.03 secs] 
2024-10-09T21:44:38.715+0300: 461.553: Total time for which application threads were stopped: 0.0369937 seconds, Stopping threads took: 0.0004170 seconds
2024-10-09T21:44:38.887+0300: 461.718: Application time: 0.1656268 seconds
2024-10-09T21:44:38.887+0300: 461.719: [GC (Allocation Failure) 2024-10-09T21:44:38.887+0300: 461.719: [ParNew: 460096K->51072K(460096K), 0.0324981 secs] 4204716K->3820402K(8337536K), 0.0325883 secs] [Times: user=0.08 sys=0.02, real=0.03 secs] 
2024-10-09T21:44:38.919+0300: 461.751: Total time for which application threads were stopped: 0.0328348 seconds, Stopping threads took: 0.0001213 seconds
2024-10-09T21:44:39.091+0300: 461.921: Application time: 0.1697721 seconds
2024-10-09T21:44:39.091+0300: 461.921: [GC (Allocation Failure) 2024-10-09T21:44:39.091+0300: 461.921: [ParNew: 460096K->51072K(460096K), 0.0290367 secs] 4229426K->3835686K(8337536K), 0.0291246 secs] [Times: user=0.19 sys=0.00, real=0.03 secs] 
2024-10-09T21:44:39.123+0300: 461.950: Total time for which application threads were stopped: 0.0293579 seconds, Stopping threads took: 0.0001071 seconds
2024-10-09T21:44:39.280+0300: 462.120: Application time: 0.1691098 seconds
2024-10-09T21:44:39.280+0300: 462.120: [GC (Allocation Failure) 2024-10-09T21:44:39.280+0300: 462.120: [ParNew: 460096K->51072K(460096K), 0.0323150 secs] 4244710K->3852423K(8337536K), 0.0324037 secs] [Times: user=0.09 sys=0.00, real=0.03 secs] 
2024-10-09T21:44:39.312+0300: 462.152: Total time for which application threads were stopped: 0.0327167 seconds, Stopping threads took: 0.0001867 seconds
2024-10-09T21:44:39.484+0300: 462.310: Application time: 0.1580943 seconds
2024-10-09T21:44:39.484+0300: 462.311: [GC (Allocation Failure) 2024-10-09T21:44:39.484+0300: 462.311: [ParNew: 460096K->43088K(460096K), 0.0382635 secs] 4261447K->3882531K(8337536K), 0.0383554 secs] [Times: user=0.08 sys=0.00, real=0.03 secs] 
2024-10-09T21:44:39.516+0300: 462.349: Total time for which application threads were stopped: 0.0385980 seconds, Stopping threads took: 0.0001024 seconds
2024-10-09T21:44:39.704+0300: 462.532: Application time: 0.1831220 seconds
2024-10-09T21:44:39.704+0300: 462.532: [GC (Allocation Failure) 2024-10-09T21:44:39.704+0300: 462.533: [ParNew: 452112K->51072K(460096K), 0.0265523 secs] 4291555K->3894579K(8337536K), 0.0266380 secs] [Times: user=0.16 sys=0.00, real=0.02 secs] 
2024-10-09T21:44:39.720+0300: 462.559: Total time for which application threads were stopped: 0.0270651 seconds, Stopping threads took: 0.0002872 seconds
2024-10-09T21:44:39.909+0300: 462.735: Application time: 0.1756779 seconds
2024-10-09T21:44:39.909+0300: 462.735: [GC (Allocation Failure) 2024-10-09T21:44:39.909+0300: 462.735: [ParNew: 460096K->51072K(460096K), 0.0334921 secs] 4303603K->3913086K(8337536K), 0.0335791 secs] [Times: user=0.14 sys=0.00, real=0.03 secs] 
2024-10-09T21:44:39.940+0300: 462.769: Total time for which application threads were stopped: 0.0338744 seconds, Stopping threads took: 0.0001591 seconds
2024-10-09T21:44:40.096+0300: 462.926: Application time: 0.1570477 seconds
2024-10-09T21:44:40.096+0300: 462.926: [GC (Allocation Failure) 2024-10-09T21:44:40.096+0300: 462.926: [ParNew: 460096K->51072K(460096K), 0.0330701 secs] 4322110K->3941823K(8337536K), 0.0331525 secs] [Times: user=0.14 sys=0.00, real=0.03 secs] 
2024-10-09T21:44:40.128+0300: 462.959: Total time for which application threads were stopped: 0.0333946 seconds, Stopping threads took: 0.0001214 seconds
2024-10-09T21:44:40.302+0300: 463.131: Application time: 0.1718617 seconds
2024-10-09T21:44:40.302+0300: 463.131: [GC (Allocation Failure) 2024-10-09T21:44:40.302+0300: 463.131: [ParNew: 460096K->51072K(460096K), 0.0280894 secs] 4350847K->3955684K(8337536K), 0.0282488 secs] [Times: user=0.19 sys=0.00, real=0.03 secs] 
2024-10-09T21:44:40.332+0300: 463.160: Total time for which application threads were stopped: 0.0285030 seconds, Stopping threads took: 0.0001056 seconds
2024-10-09T21:44:40.505+0300: 463.337: Application time: 0.1770720 seconds
2024-10-09T21:44:40.505+0300: 463.337: [GC (Allocation Failure) 2024-10-09T21:44:40.505+0300: 463.337: [ParNew: 460096K->51072K(460096K), 0.0274638 secs] 4364708K->3966411K(8337536K), 0.0275503 secs] [Times: user=0.11 sys=0.00, real=0.03 secs] 
2024-10-09T21:44:40.537+0300: 463.364: Total time for which application threads were stopped: 0.0277958 seconds, Stopping threads took: 0.0001228 seconds
2024-10-09T21:44:40.693+0300: 463.527: Application time: 0.1625091 seconds
2024-10-09T21:44:40.693+0300: 463.528: [GC (Allocation Failure) 2024-10-09T21:44:40.693+0300: 463.528: [ParNew: 460096K->51072K(460096K), 0.0384320 secs] 4375435K->3995867K(8337536K), 0.0385167 secs] [Times: user=0.16 sys=0.00, real=0.03 secs] 
2024-10-09T21:44:40.725+0300: 463.566: Total time for which application threads were stopped: 0.0393745 seconds, Stopping threads took: 0.0007213 seconds
2024-10-09T21:44:40.913+0300: 463.745: Application time: 0.1782420 seconds
2024-10-09T21:44:40.913+0300: 463.745: [GC (Allocation Failure) 2024-10-09T21:44:40.913+0300: 463.745: [ParNew: 460096K->51072K(460096K), 0.0288517 secs] 4404891K->4008881K(8337536K), 0.0289390 secs] [Times: user=0.12 sys=0.00, real=0.03 secs] 
2024-10-09T21:44:40.945+0300: 463.774: Total time for which application threads were stopped: 0.0291970 seconds, Stopping threads took: 0.0001267 seconds
2024-10-09T21:44:41.117+0300: 463.957: Application time: 0.1828443 seconds
2024-10-09T21:44:41.117+0300: 463.957: [GC (Allocation Failure) 2024-10-09T21:44:41.117+0300: 463.957: [ParNew: 460096K->51072K(460096K), 0.0352011 secs] 4417905K->4033616K(8337536K), 0.0352938 secs] [Times: user=0.20 sys=0.00, real=0.05 secs] 
2024-10-09T21:44:41.164+0300: 463.992: Total time for which application threads were stopped: 0.0355754 seconds, Stopping threads took: 0.0001502 seconds
2024-10-09T21:44:41.321+0300: 464.153: Application time: 0.1611205 seconds
2024-10-09T21:44:41.321+0300: 464.154: [GC (Allocation Failure) 2024-10-09T21:44:41.321+0300: 464.154: [ParNew: 460096K->51072K(460096K), 0.0356218 secs] 4442640K->4065224K(8337536K), 0.0357098 secs] [Times: user=0.19 sys=0.00, real=0.03 secs] 
2024-10-09T21:44:41.352+0300: 464.189: Total time for which application threads were stopped: 0.0359646 seconds, Stopping threads took: 0.0001333 seconds
2024-10-09T21:44:41.525+0300: 464.360: Application time: 0.1709940 seconds
2024-10-09T21:44:41.525+0300: 464.361: [GC (Allocation Failure) 2024-10-09T21:44:41.525+0300: 464.361: [ParNew: 460096K->51072K(460096K), 0.0320382 secs] 4474248K->4083943K(8337536K), 0.0321560 secs] [Times: user=0.08 sys=0.00, real=0.03 secs] 
2024-10-09T21:44:41.556+0300: 464.393: Total time for which application threads were stopped: 0.0325208 seconds, Stopping threads took: 0.0002031 seconds
2024-10-09T21:44:41.745+0300: 464.571: Application time: 0.1785296 seconds
2024-10-09T21:44:41.745+0300: 464.572: [GC (Allocation Failure) 2024-10-09T21:44:41.745+0300: 464.572: [ParNew: 460096K->51072K(460096K), 0.0327554 secs] 4492967K->4105039K(8337536K), 0.0328403 secs] [Times: user=0.02 sys=0.00, real=0.03 secs] 
2024-10-09T21:44:41.776+0300: 464.604: Total time for which application threads were stopped: 0.0331080 seconds, Stopping threads took: 0.0001390 seconds
2024-10-09T21:44:41.933+0300: 464.765: Application time: 0.1610180 seconds
2024-10-09T21:44:41.933+0300: 464.766: [GC (Allocation Failure) 2024-10-09T21:44:41.933+0300: 464.766: [ParNew: 460096K->51072K(460096K), 0.0326299 secs] 4514063K->4130082K(8337536K), 0.0327134 secs] [Times: user=0.03 sys=0.00, real=0.03 secs] 
2024-10-09T21:44:41.964+0300: 464.798: Total time for which application threads were stopped: 0.0330363 seconds, Stopping threads took: 0.0001353 seconds
2024-10-09T21:44:42.148+0300: 464.975: Application time: 0.1763588 seconds
2024-10-09T21:44:42.148+0300: 464.975: [GC (Allocation Failure) 2024-10-09T21:44:42.148+0300: 464.975: [ParNew: 460096K->51072K(460096K), 0.0297556 secs] 4539106K->4149663K(8337536K), 0.0298388 secs] [Times: user=0.03 sys=0.00, real=0.02 secs] 
2024-10-09T21:44:42.169+0300: 465.005: Total time for which application threads were stopped: 0.0300564 seconds, Stopping threads took: 0.0000952 seconds
2024-10-09T21:44:42.342+0300: 465.171: Application time: 0.1656884 seconds
2024-10-09T21:44:42.342+0300: 465.171: [GC (Allocation Failure) 2024-10-09T21:44:42.342+0300: 465.171: [ParNew: 460096K->51072K(460096K), 0.0268123 secs] 4558687K->4157873K(8337536K), 0.0269000 secs] [Times: user=0.01 sys=0.00, real=0.02 secs] 
2024-10-09T21:44:42.357+0300: 465.198: Total time for which application threads were stopped: 0.0271564 seconds, Stopping threads took: 0.0001413 seconds
2024-10-09T21:44:42.530+0300: 465.359: Application time: 0.1607996 seconds
2024-10-09T21:44:42.530+0300: 465.359: [GC (Allocation Failure) 2024-10-09T21:44:42.530+0300: 465.359: [ParNew: 460096K->49700K(460096K), 0.0382336 secs] 4566897K->4194591K(8337536K), 0.0383205 secs] [Times: user=0.05 sys=0.00, real=0.04 secs] 
2024-10-09T21:44:42.571+0300: 465.397: Total time for which application threads were stopped: 0.0386309 seconds, Stopping threads took: 0.0001700 seconds
2024-10-09T21:44:42.750+0300: 465.583: Application time: 0.1855137 seconds
2024-10-09T21:44:42.750+0300: 465.583: [GC (Allocation Failure) 2024-10-09T21:44:42.750+0300: 465.583: [ParNew: 458724K->51072K(460096K), 0.0304504 secs] 4603615K->4217981K(8337536K), 0.0305506 secs] [Times: user=0.09 sys=0.00, real=0.03 secs] 
2024-10-09T21:44:42.781+0300: 465.614: Total time for which application threads were stopped: 0.0308013 seconds, Stopping threads took: 0.0001074 seconds
2024-10-09T21:44:42.954+0300: 465.782: Application time: 0.1681683 seconds
2024-10-09T21:44:42.954+0300: 465.782: [GC (Allocation Failure) 2024-10-09T21:44:42.954+0300: 465.782: [ParNew: 460096K->51072K(460096K), 0.0298770 secs] 4627005K->4229210K(8337536K), 0.0299608 secs] [Times: user=0.02 sys=0.00, real=0.03 secs] 
2024-10-09T21:44:42.985+0300: 465.812: Total time for which application threads were stopped: 0.0302110 seconds, Stopping threads took: 0.0001348 seconds
2024-10-09T21:44:43.142+0300: 465.971: Application time: 0.1591447 seconds
2024-10-09T21:44:43.142+0300: 465.971: [GC (Allocation Failure) 2024-10-09T21:44:43.142+0300: 465.971: [ParNew: 460096K->50390K(460096K), 0.0365594 secs] 4638234K->4263603K(8337536K), 0.0366404 secs] [Times: user=0.03 sys=0.00, real=0.03 secs] 
2024-10-09T21:44:43.174+0300: 466.008: Total time for which application threads were stopped: 0.0369107 seconds, Stopping threads took: 0.0001566 seconds
2024-10-09T21:44:43.346+0300: 466.182: Application time: 0.1741555 seconds
2024-10-09T21:44:43.346+0300: 466.182: [GC (Allocation Failure) 2024-10-09T21:44:43.346+0300: 466.182: [ParNew: 459414K->50915K(460096K), 0.0273647 secs] 4672627K->4278216K(8337536K), 0.0274565 secs] [Times: user=0.03 sys=0.00, real=0.03 secs] 
2024-10-09T21:44:43.378+0300: 466.210: Total time for which application threads were stopped: 0.0276984 seconds, Stopping threads took: 0.0001208 seconds
2024-10-09T21:44:43.550+0300: 466.378: Application time: 0.1677671 seconds
2024-10-09T21:44:43.550+0300: 466.378: [GC (Allocation Failure) 2024-10-09T21:44:43.550+0300: 466.378: [ParNew: 459939K->51072K(460096K), 0.0293437 secs] 4687240K->4292422K(8337536K), 0.0294246 secs] [Times: user=0.03 sys=0.00, real=0.03 secs] 
2024-10-09T21:44:43.581+0300: 466.407: Total time for which application threads were stopped: 0.0296752 seconds, Stopping threads took: 0.0001407 seconds
2024-10-09T21:44:43.738+0300: 466.576: Application time: 0.1685131 seconds
2024-10-09T21:44:43.738+0300: 466.576: [GC (Allocation Failure) 2024-10-09T21:44:43.738+0300: 466.576: [ParNew: 460096K->51072K(460096K), 0.0284643 secs] 4701446K->4310783K(8337536K), 0.0286113 secs] [Times: user=0.03 sys=0.00, real=0.03 secs] 
2024-10-09T21:44:43.770+0300: 466.605: Total time for which application threads were stopped: 0.0289277 seconds, Stopping threads took: 0.0001824 seconds
2024-10-09T21:44:43.943+0300: 466.779: Application time: 0.1738012 seconds
2024-10-09T21:44:43.943+0300: 466.779: [GC (Allocation Failure) 2024-10-09T21:44:43.943+0300: 466.779: [ParNew: 460096K->45807K(460096K), 0.0296967 secs] 4719807K->4325268K(8337536K), 0.0297876 secs] [Times: user=0.03 sys=0.00, real=0.03 secs] 
2024-10-09T21:44:43.974+0300: 466.809: Total time for which application threads were stopped: 0.0300351 seconds, Stopping threads took: 0.0001308 seconds
2024-10-09T21:44:44.131+0300: 466.972: Application time: 0.1636355 seconds
2024-10-09T21:44:44.131+0300: 466.972: [GC (Allocation Failure) 2024-10-09T21:44:44.131+0300: 466.972: [ParNew: 454831K->51072K(460096K), 0.0288311 secs] 4734292K->4341230K(8337536K), 0.0289253 secs] [Times: user=0.03 sys=0.00, real=0.03 secs] 
2024-10-09T21:44:44.162+0300: 467.001: Total time for which application threads were stopped: 0.0292039 seconds, Stopping threads took: 0.0001371 seconds
2024-10-09T21:44:44.335+0300: 467.163: Application time: 0.1614540 seconds
2024-10-09T21:44:44.335+0300: 467.163: [GC (Allocation Failure) 2024-10-09T21:44:44.335+0300: 467.163: [ParNew: 460096K->47797K(460096K), 0.0263880 secs] 4750254K->4352566K(8337536K), 0.0264681 secs] [Times: user=0.02 sys=0.00, real=0.02 secs] 
2024-10-09T21:44:44.351+0300: 467.190: Total time for which application threads were stopped: 0.0267398 seconds, Stopping threads took: 0.0001571 seconds
2024-10-09T21:44:44.524+0300: 467.364: Application time: 0.1747124 seconds
2024-10-09T21:44:44.524+0300: 467.365: [GC (Allocation Failure) 2024-10-09T21:44:44.524+0300: 467.365: [ParNew: 456821K->51072K(460096K), 0.0297260 secs] 4761590K->4375850K(8337536K), 0.0298212 secs] [Times: user=0.03 sys=0.00, real=0.03 secs] 
2024-10-09T21:44:44.555+0300: 467.394: Total time for which application threads were stopped: 0.0301278 seconds, Stopping threads took: 0.0001731 seconds
2024-10-09T21:44:44.743+0300: 467.574: Application time: 0.1793981 seconds
2024-10-09T21:44:44.743+0300: 467.574: [GC (Allocation Failure) 2024-10-09T21:44:44.743+0300: 467.574: [ParNew: 460096K->51072K(460096K), 0.0295560 secs] 4784874K->4389356K(8337536K), 0.0296550 secs] [Times: user=0.06 sys=0.00, real=0.03 secs] 
2024-10-09T21:44:44.774+0300: 467.604: Total time for which application threads were stopped: 0.0299501 seconds, Stopping threads took: 0.0001806 seconds
2024-10-09T21:44:44.932+0300: 467.762: Application time: 0.1580523 seconds
2024-10-09T21:44:44.932+0300: 467.762: [GC (Allocation Failure) 2024-10-09T21:44:44.932+0300: 467.762: [ParNew: 460096K->49376K(460096K), 0.0317992 secs] 4798380K->4408490K(8337536K), 0.0318844 secs] [Times: user=0.06 sys=0.00, real=0.03 secs] 
2024-10-09T21:44:44.963+0300: 467.794: Total time for which application threads were stopped: 0.0321596 seconds, Stopping threads took: 0.0001592 seconds
2024-10-09T21:44:45.136+0300: 467.967: Application time: 0.1730069 seconds
2024-10-09T21:44:45.136+0300: 467.967: [GC (Allocation Failure) 2024-10-09T21:44:45.136+0300: 467.967: [ParNew: 458400K->44352K(460096K), 0.0310835 secs] 4817514K->4431632K(8337536K), 0.0311680 secs] [Times: user=0.03 sys=0.00, real=0.03 secs] 
2024-10-09T21:44:45.167+0300: 467.998: Total time for which application threads were stopped: 0.0314126 seconds, Stopping threads took: 0.0001299 seconds
2024-10-09T21:44:45.340+0300: 468.171: Application time: 0.1722447 seconds
2024-10-09T21:44:45.340+0300: 468.171: [GC (Allocation Failure) 2024-10-09T21:44:45.340+0300: 468.171: [ParNew: 453376K->51072K(460096K), 0.0269056 secs] 4840656K->4445442K(8337536K), 0.0269898 secs] [Times: user=0.02 sys=0.00, real=0.03 secs] 
2024-10-09T21:44:45.371+0300: 468.198: Total time for which application threads were stopped: 0.0272592 seconds, Stopping threads took: 0.0001541 seconds
2024-10-09T21:44:45.528+0300: 468.359: Application time: 0.1609871 seconds
2024-10-09T21:44:45.528+0300: 468.359: [GC (Allocation Failure) 2024-10-09T21:44:45.528+0300: 468.359: [ParNew: 460096K->51072K(460096K), 0.0285982 secs] 4854466K->4462506K(8337536K), 0.0287369 secs] [Times: user=0.03 sys=0.00, real=0.03 secs] 
2024-10-09T21:44:45.559+0300: 468.388: Total time for which application threads were stopped: 0.0289657 seconds, Stopping threads took: 0.0001137 seconds
2024-10-09T21:44:45.732+0300: 468.566: Application time: 0.1777831 seconds
2024-10-09T21:44:45.732+0300: 468.566: [GC (Allocation Failure) 2024-10-09T21:44:45.732+0300: 468.566: [ParNew: 460096K->48578K(460096K), 0.0277990 secs] 4871530K->4479563K(8337536K), 0.0278938 secs] [Times: user=0.05 sys=0.00, real=0.03 secs] 
2024-10-09T21:44:45.763+0300: 468.594: Total time for which application threads were stopped: 0.0282117 seconds, Stopping threads took: 0.0001763 seconds
2024-10-09T21:44:45.936+0300: 468.768: Application time: 0.1746003 seconds
2024-10-09T21:44:45.936+0300: 468.769: [GC (Allocation Failure) 2024-10-09T21:44:45.936+0300: 468.769: [ParNew: 457602K->51072K(460096K), 0.0265537 secs] 4888587K->4490527K(8337536K), 0.0266427 secs] [Times: user=0.03 sys=0.00, real=0.03 secs] 
2024-10-09T21:44:45.967+0300: 468.795: Total time for which application threads were stopped: 0.0269340 seconds, Stopping threads took: 0.0001574 seconds
2024-10-09T21:44:46.124+0300: 468.958: Application time: 0.1620918 seconds
2024-10-09T21:44:46.124+0300: 468.958: [GC (Allocation Failure) 2024-10-09T21:44:46.124+0300: 468.958: [ParNew: 460096K->51072K(460096K), 0.0328630 secs] 4899551K->4514623K(8337536K), 0.0329537 secs] [Times: user=0.03 sys=0.00, real=0.03 secs] 
2024-10-09T21:44:46.156+0300: 468.991: Total time for which application threads were stopped: 0.0332281 seconds, Stopping threads took: 0.0001566 seconds
2024-10-09T21:44:46.328+0300: 469.158: Application time: 0.1676311 seconds
2024-10-09T21:44:46.328+0300: 469.159: [GC (Allocation Failure) 2024-10-09T21:44:46.328+0300: 469.159: [ParNew: 460096K->48710K(460096K), 0.0290591 secs] 4923647K->4533373K(8337536K), 0.0291403 secs] [Times: user=0.03 sys=0.00, real=0.03 secs] 
2024-10-09T21:44:46.360+0300: 469.188: Total time for which application threads were stopped: 0.0293791 seconds, Stopping threads took: 0.0001248 seconds
2024-10-09T21:44:46.532+0300: 469.360: Application time: 0.1725115 seconds
2024-10-09T21:44:46.532+0300: 469.361: [GC (Allocation Failure) 2024-10-09T21:44:46.532+0300: 469.361: [ParNew: 457734K->51072K(460096K), 0.0270711 secs] 4942397K->4547539K(8337536K), 0.0271577 secs] [Times: user=0.01 sys=0.00, real=0.01 secs] 
2024-10-09T21:44:46.547+0300: 469.388: Total time for which application threads were stopped: 0.0274247 seconds, Stopping threads took: 0.0001462 seconds
2024-10-09T21:44:46.720+0300: 469.559: Application time: 0.1709503 seconds
2024-10-09T21:44:46.720+0300: 469.559: [GC (Allocation Failure) 2024-10-09T21:44:46.720+0300: 469.559: [ParNew: 460096K->51072K(460096K), 0.0351986 secs] 4956563K->4574595K(8337536K), 0.0352899 secs] [Times: user=0.11 sys=0.00, real=0.05 secs] 
2024-10-09T21:44:46.767+0300: 469.594: Total time for which application threads were stopped: 0.0355875 seconds, Stopping threads took: 0.0001574 seconds
2024-10-09T21:44:46.924+0300: 469.764: Application time: 0.1698534 seconds
2024-10-09T21:44:46.924+0300: 469.764: [GC (Allocation Failure) 2024-10-09T21:44:46.924+0300: 469.764: [ParNew: 460096K->51072K(460096K), 0.0286276 secs] 4983619K->4593976K(8337536K), 0.0287143 secs] [Times: user=0.03 sys=0.00, real=0.03 secs] 
2024-10-09T21:44:46.956+0300: 469.793: Total time for which application threads were stopped: 0.0289724 seconds, Stopping threads took: 0.0001370 seconds
2024-10-09T21:44:47.128+0300: 469.966: Application time: 0.1727295 seconds
2024-10-09T21:44:47.128+0300: 469.966: [GC (Allocation Failure) 2024-10-09T21:44:47.128+0300: 469.966: [ParNew: 460096K->51072K(460096K), 0.0257781 secs] 5003000K->4597479K(8337536K), 0.0258792 secs] [Times: user=0.05 sys=0.00, real=0.03 secs] 
2024-10-09T21:44:47.160+0300: 469.992: Total time for which application threads were stopped: 0.0261758 seconds, Stopping threads took: 0.0001618 seconds
2024-10-09T21:44:47.318+0300: 470.152: Application time: 0.1603980 seconds
2024-10-09T21:44:47.318+0300: 470.153: [GC (Allocation Failure) 2024-10-09T21:44:47.318+0300: 470.153: [ParNew: 460096K->51072K(460096K), 0.0332967 secs] 5006503K->4624921K(8337536K), 0.0333817 secs] [Times: user=0.03 sys=0.00, real=0.03 secs] 
2024-10-09T21:44:47.348+0300: 470.186: Total time for which application threads were stopped: 0.0336380 seconds, Stopping threads took: 0.0001385 seconds
2024-10-09T21:44:47.521+0300: 470.356: Application time: 0.1699573 seconds
2024-10-09T21:44:47.521+0300: 470.356: [GC (Allocation Failure) 2024-10-09T21:44:47.521+0300: 470.356: [ParNew: 460096K->44634K(460096K), 0.0298765 secs] 5033945K->4639939K(8337536K), 0.0299690 secs] [Times: user=0.03 sys=0.00, real=0.03 secs] 
2024-10-09T21:44:47.552+0300: 470.386: Total time for which application threads were stopped: 0.0302407 seconds, Stopping threads took: 0.0001471 seconds
2024-10-09T21:44:47.741+0300: 470.572: Application time: 0.1856969 seconds
2024-10-09T21:44:47.741+0300: 470.572: [GC (Allocation Failure) 2024-10-09T21:44:47.741+0300: 470.572: [ParNew: 453658K->51072K(460096K), 0.0262675 secs] 5048963K->4653437K(8337536K), 0.0263594 secs] [Times: user=0.06 sys=0.00, real=0.03 secs] 
2024-10-09T21:44:47.772+0300: 470.599: Total time for which application threads were stopped: 0.0266317 seconds, Stopping threads took: 0.0001361 seconds
2024-10-09T21:44:47.919+0300: 470.747: Application time: 0.1488939 seconds
2024-10-09T21:44:47.919+0300: 470.748: [GC (Allocation Failure) 2024-10-09T21:44:47.919+0300: 470.748: [ParNew: 460096K->48323K(460096K), 0.0348756 secs] 5062461K->4683093K(8337536K), 0.0349595 secs] [Times: user=0.02 sys=0.00, real=0.03 secs] 
2024-10-09T21:44:47.944+0300: 470.783: Total time for which application threads were stopped: 0.0352348 seconds, Stopping threads took: 0.0001670 seconds
2024-10-09T21:44:48.133+0300: 470.963: Application time: 0.1807287 seconds
2024-10-09T21:44:48.133+0300: 470.964: [GC (Allocation Failure) 2024-10-09T21:44:48.133+0300: 470.964: [ParNew: 457347K->44386K(460096K), 0.0282121 secs] 5092117K->4696054K(8337536K), 0.0282947 secs] [Times: user=0.03 sys=0.00, real=0.03 secs] 
2024-10-09T21:44:48.164+0300: 470.992: Total time for which application threads were stopped: 0.0285024 seconds, Stopping threads took: 0.0000902 seconds
2024-10-09T21:44:48.337+0300: 471.170: Application time: 0.1780583 seconds
2024-10-09T21:44:48.337+0300: 471.170: [GC (Allocation Failure) 2024-10-09T21:44:48.337+0300: 471.170: [ParNew: 453410K->51072K(460096K), 0.0289979 secs] 5105078K->4714461K(8337536K), 0.0290816 secs] [Times: user=0.03 sys=0.00, real=0.03 secs] 
2024-10-09T21:44:48.368+0300: 471.199: Total time for which application threads were stopped: 0.0293275 seconds, Stopping threads took: 0.0001334 seconds
2024-10-09T21:44:48.520+0300: 471.348: Application time: 0.1482186 seconds
2024-10-09T21:44:48.520+0300: 471.348: [GC (Allocation Failure) 2024-10-09T21:44:48.520+0300: 471.348: [ParNew: 460096K->47260K(460096K), 0.0326876 secs] 5123485K->4738038K(8337536K), 0.0327645 secs] [Times: user=0.03 sys=0.00, real=0.02 secs] 
2024-10-09T21:44:48.541+0300: 471.381: Total time for which application threads were stopped: 0.0330233 seconds, Stopping threads took: 0.0001442 seconds
2024-10-09T21:44:48.729+0300: 471.564: Application time: 0.1835002 seconds
2024-10-09T21:44:48.729+0300: 471.564: [GC (Allocation Failure) 2024-10-09T21:44:48.729+0300: 471.564: [ParNew: 456284K->48674K(460096K), 0.0298417 secs] 5147062K->4760741K(8337536K), 0.0299367 secs] [Times: user=0.03 sys=0.00, real=0.03 secs] 
2024-10-09T21:44:48.760+0300: 471.594: Total time for which application threads were stopped: 0.0302239 seconds, Stopping threads took: 0.0001358 seconds
2024-10-09T21:44:48.949+0300: 471.777: Application time: 0.1824108 seconds
2024-10-09T21:44:48.949+0300: 471.777: [GC (Allocation Failure) 2024-10-09T21:44:48.949+0300: 471.777: [ParNew: 457698K->51072K(460096K), 0.0314993 secs] 5169765K->4780359K(8337536K), 0.0316360 secs] [Times: user=0.03 sys=0.00, real=0.03 secs] 
2024-10-09T21:44:48.980+0300: 471.809: Total time for which application threads were stopped: 0.0319122 seconds, Stopping threads took: 0.0001592 seconds
2024-10-09T21:44:49.122+0300: 471.956: Application time: 0.1474644 seconds
2024-10-09T21:44:49.122+0300: 471.956: [GC (Allocation Failure) 2024-10-09T21:44:49.122+0300: 471.956: [ParNew: 460096K->49319K(460096K), 0.0332055 secs] 5189383K->4801739K(8337536K), 0.0332932 secs] [Times: user=0.03 sys=0.00, real=0.03 secs] 
2024-10-09T21:44:49.153+0300: 471.990: Total time for which application threads were stopped: 0.0335690 seconds, Stopping threads took: 0.0001599 seconds
2024-10-09T21:44:49.326+0300: 472.164: Application time: 0.1743192 seconds
2024-10-09T21:44:49.326+0300: 472.164: [GC (Allocation Failure) 2024-10-09T21:44:49.326+0300: 472.164: [ParNew: 458343K->45099K(460096K), 0.0312420 secs] 5210763K->4825028K(8337536K), 0.0313318 secs] [Times: user=0.02 sys=0.00, real=0.03 secs] 
2024-10-09T21:44:49.357+0300: 472.196: Total time for which application threads were stopped: 0.0316039 seconds, Stopping threads took: 0.0001484 seconds
2024-10-09T21:44:49.530+0300: 472.369: Application time: 0.1735940 seconds
2024-10-09T21:44:49.530+0300: 472.369: [GC (Allocation Failure) 2024-10-09T21:44:49.530+0300: 472.369: [ParNew: 454123K->51072K(460096K), 0.0276339 secs] 5234052K->4835869K(8337536K), 0.0277378 secs] [Times: user=0.03 sys=0.00, real=0.03 secs] 
2024-10-09T21:44:49.561+0300: 472.397: Total time for which application threads were stopped: 0.0280252 seconds, Stopping threads took: 0.0001519 seconds
2024-10-09T21:44:49.734+0300: 472.563: Application time: 0.1660761 seconds
2024-10-09T21:44:49.734+0300: 472.564: [GC (Allocation Failure) 2024-10-09T21:44:49.734+0300: 472.564: [ParNew: 460096K->51072K(460096K), 0.0377379 secs] 5244893K->4868448K(8337536K), 0.0378276 secs] [Times: user=0.08 sys=0.00, real=0.03 secs] 
2024-10-09T21:44:49.765+0300: 472.601: Total time for which application threads were stopped: 0.0381226 seconds, Stopping threads took: 0.0001751 seconds
2024-10-09T21:44:49.938+0300: 472.765: Application time: 0.1631253 seconds
2024-10-09T21:44:49.938+0300: 472.765: [GC (Allocation Failure) 2024-10-09T21:44:49.938+0300: 472.765: [ParNew: 460096K->51072K(460096K), 0.0357853 secs] 5277472K->4899280K(8337536K), 0.0358695 secs] [Times: user=0.03 sys=0.00, real=0.03 secs] 
2024-10-09T21:44:49.969+0300: 472.801: Total time for which application threads were stopped: 0.0361414 seconds, Stopping threads took: 0.0001526 seconds
2024-10-09T21:44:50.142+0300: 472.973: Application time: 0.1722574 seconds
2024-10-09T21:44:50.142+0300: 472.973: [GC (Allocation Failure) 2024-10-09T21:44:50.142+0300: 472.973: [ParNew: 460096K->51072K(460096K), 0.0320623 secs] 5308304K->4915083K(8337536K), 0.0321492 secs] [Times: user=0.02 sys=0.00, real=0.03 secs] 
2024-10-09T21:44:50.173+0300: 473.005: Total time for which application threads were stopped: 0.0324100 seconds, Stopping threads took: 0.0001444 seconds
2024-10-09T21:44:50.330+0300: 473.165: Application time: 0.1599102 seconds
2024-10-09T21:44:50.330+0300: 473.165: [GC (Allocation Failure) 2024-10-09T21:44:50.330+0300: 473.166: [ParNew: 460096K->51072K(460096K), 0.0291018 secs] 5324107K->4931098K(8337536K), 0.0291911 secs] [Times: user=0.03 sys=0.00, real=0.03 secs] 
2024-10-09T21:44:50.361+0300: 473.195: Total time for which application threads were stopped: 0.0294482 seconds, Stopping threads took: 0.0001398 seconds
2024-10-09T21:44:50.535+0300: 473.362: Application time: 0.1672831 seconds
2024-10-09T21:44:50.535+0300: 473.362: [GC (Allocation Failure) 2024-10-09T21:44:50.535+0300: 473.362: [ParNew: 460096K->51072K(460096K), 0.0292789 secs] 5340122K->4951408K(8337536K), 0.0295353 secs] [Times: user=0.03 sys=0.00, real=0.03 secs] 
2024-10-09T21:44:50.566+0300: 473.392: Total time for which application threads were stopped: 0.0297995 seconds, Stopping threads took: 0.0001352 seconds
2024-10-09T21:44:50.739+0300: 473.568: Application time: 0.1766682 seconds
2024-10-09T21:44:50.739+0300: 473.569: [GC (Allocation Failure) 2024-10-09T21:44:50.739+0300: 473.569: [ParNew: 460096K->51072K(460096K), 0.0302014 secs] 5360432K->4968656K(8337536K), 0.0302894 secs] [Times: user=0.03 sys=0.00, real=0.03 secs] 
2024-10-09T21:44:50.770+0300: 473.599: Total time for which application threads were stopped: 0.0305783 seconds, Stopping threads took: 0.0001612 seconds
2024-10-09T21:44:50.927+0300: 473.766: Application time: 0.1668497 seconds
2024-10-09T21:44:50.927+0300: 473.766: [GC (Allocation Failure) 2024-10-09T21:44:50.927+0300: 473.766: [ParNew: 460096K->51041K(460096K), 0.0291199 secs] 5377680K->4986034K(8337536K), 0.0292034 secs] [Times: user=0.03 sys=0.00, real=0.03 secs] 
2024-10-09T21:44:50.958+0300: 473.795: Total time for which application threads were stopped: 0.0294487 seconds, Stopping threads took: 0.0001327 seconds
2024-10-09T21:44:51.162+0300: 473.993: Application time: 0.1972379 seconds
2024-10-09T21:44:51.162+0300: 473.996: [GC (Allocation Failure) 2024-10-09T21:44:51.162+0300: 473.996: [ParNew: 460065K->51072K(460096K), 0.0286696 secs] 5395058K->5000927K(8337536K), 0.0287603 secs] [Times: user=0.19 sys=0.00, real=0.03 secs] 
2024-10-09T21:44:51.193+0300: 474.025: Total time for which application threads were stopped: 0.0320364 seconds, Stopping threads took: 0.0031304 seconds
2024-10-09T21:44:51.366+0300: 474.199: Application time: 0.1743022 seconds
2024-10-09T21:44:51.366+0300: 474.199: [GC (Allocation Failure) 2024-10-09T21:44:51.366+0300: 474.199: [ParNew: 460096K->49427K(460096K), 0.0322212 secs] 5409951K->5017780K(8337536K), 0.0323055 secs] [Times: user=0.20 sys=0.00, real=0.04 secs] 
2024-10-09T21:44:51.406+0300: 474.232: Total time for which application threads were stopped: 0.0326320 seconds, Stopping threads took: 0.0001741 seconds
2024-10-09T21:44:51.585+0300: 474.419: Application time: 0.1877849 seconds
2024-10-09T21:44:51.585+0300: 474.421: [GC (Allocation Failure) 2024-10-09T21:44:51.585+0300: 474.421: [ParNew: 458451K->51002K(460096K), 0.0301104 secs] 5426804K->5040022K(8337536K), 0.0302148 secs] [Times: user=0.17 sys=0.00, real=0.04 secs] 
2024-10-09T21:44:51.625+0300: 474.451: Total time for which application threads were stopped: 0.0316185 seconds, Stopping threads took: 0.0012288 seconds
2024-10-09T21:44:51.827+0300: 474.661: Application time: 0.2105036 seconds
2024-10-09T21:44:51.836+0300: 474.664: [GC (Allocation Failure) 2024-10-09T21:44:51.836+0300: 474.664: [ParNew: 460026K->51072K(460096K), 0.0275009 secs] 5449046K->5051715K(8337536K), 0.0275927 secs] [Times: user=0.12 sys=0.00, real=0.02 secs] 
2024-10-09T21:44:51.852+0300: 474.692: Total time for which application threads were stopped: 0.0301936 seconds, Stopping threads took: 0.0024588 seconds
2024-10-09T21:44:52.066+0300: 474.892: Application time: 0.2007949 seconds
2024-10-09T21:44:52.068+0300: 474.894: [GC (Allocation Failure) 2024-10-09T21:44:52.068+0300: 474.894: [ParNew: 460096K->51072K(460096K), 0.0314849 secs] 5460739K->5072119K(8337536K), 0.0315817 secs] [Times: user=0.16 sys=0.00, real=0.02 secs] 
2024-10-09T21:44:52.087+0300: 474.926: Total time for which application threads were stopped: 0.0331743 seconds, Stopping threads took: 0.0014504 seconds
2024-10-09T21:44:52.275+0300: 475.112: Application time: 0.1866455 seconds
2024-10-09T21:44:52.275+0300: 475.113: [GC (Allocation Failure) 2024-10-09T21:44:52.275+0300: 475.113: [ParNew: 460096K->51072K(460096K), 0.0292251 secs] 5481143K->5090278K(8337536K), 0.0293266 secs] [Times: user=0.17 sys=0.00, real=0.03 secs] 
2024-10-09T21:44:52.306+0300: 475.142: Total time for which application threads were stopped: 0.0296616 seconds, Stopping threads took: 0.0001776 seconds
2024-10-09T21:44:52.479+0300: 475.315: Application time: 0.1726229 seconds
2024-10-09T21:44:52.479+0300: 475.315: [GC (Allocation Failure) 2024-10-09T21:44:52.479+0300: 475.315: [ParNew: 460096K->51072K(460096K), 0.0290889 secs] 5499302K->5103368K(8337536K), 0.0292593 secs] [Times: user=0.17 sys=0.00, real=0.03 secs] 
2024-10-09T21:44:52.510+0300: 475.344: Total time for which application threads were stopped: 0.0295556 seconds, Stopping threads took: 0.0001427 seconds
2024-10-09T21:44:52.683+0300: 475.511: Application time: 0.1666588 seconds
2024-10-09T21:44:52.683+0300: 475.511: [GC (Allocation Failure) 2024-10-09T21:44:52.683+0300: 475.511: [ParNew: 460096K->51072K(460096K), 0.0333813 secs] 5512392K->5126568K(8337536K), 0.0334922 secs] [Times: user=0.17 sys=0.00, real=0.03 secs] 
2024-10-09T21:44:52.714+0300: 475.545: Total time for which application threads were stopped: 0.0337765 seconds, Stopping threads took: 0.0001352 seconds
2024-10-09T21:44:52.887+0300: 475.714: Application time: 0.1692976 seconds
2024-10-09T21:44:52.887+0300: 475.714: [GC (Allocation Failure) 2024-10-09T21:44:52.887+0300: 475.714: [ParNew: 460096K->51072K(460096K), 0.0276977 secs] 5535592K->5141964K(8337536K), 0.0278070 secs] [Times: user=0.08 sys=0.00, real=0.02 secs] 
2024-10-09T21:44:52.903+0300: 475.742: Total time for which application threads were stopped: 0.0280790 seconds, Stopping threads took: 0.0001170 seconds
2024-10-09T21:44:53.090+0300: 475.923: Application time: 0.1810014 seconds
2024-10-09T21:44:53.090+0300: 475.924: [GC (Allocation Failure) 2024-10-09T21:44:53.090+0300: 475.924: [ParNew: 460096K->51072K(460096K), 0.0278166 secs] 5550988K->5154634K(8337536K), 0.0279202 secs] [Times: user=0.17 sys=0.00, real=0.03 secs] 
2024-10-09T21:44:53.122+0300: 475.952: Total time for which application threads were stopped: 0.0288767 seconds, Stopping threads took: 0.0008163 seconds
2024-10-09T21:44:53.279+0300: 476.117: Application time: 0.1655823 seconds
2024-10-09T21:44:53.279+0300: 476.118: [GC (Allocation Failure) 2024-10-09T21:44:53.279+0300: 476.118: [ParNew: 460096K->51072K(460096K), 0.0354741 secs] 5563658K->5182009K(8337536K), 0.0355934 secs] [Times: user=0.05 sys=0.02, real=0.05 secs] 
2024-10-09T21:44:53.326+0300: 476.153: Total time for which application threads were stopped: 0.0359124 seconds, Stopping threads took: 0.0001584 seconds
2024-10-09T21:44:53.483+0300: 476.320: Application time: 0.1670659 seconds
2024-10-09T21:44:53.483+0300: 476.321: [GC (Allocation Failure) 2024-10-09T21:44:53.483+0300: 476.321: [ParNew: 460096K->51072K(460096K), 0.0318037 secs] 5591033K->5207447K(8337536K), 0.0318934 secs] [Times: user=0.03 sys=0.00, real=0.03 secs] 
2024-10-09T21:44:53.514+0300: 476.353: Total time for which application threads were stopped: 0.0321395 seconds, Stopping threads took: 0.0001283 seconds
2024-10-09T21:44:53.687+0300: 476.519: Application time: 0.1664774 seconds
2024-10-09T21:44:53.687+0300: 476.519: [GC (Allocation Failure) 2024-10-09T21:44:53.687+0300: 476.519: [ParNew: 460096K->51072K(460096K), 0.0271224 secs] 5616471K->5218384K(8337536K), 0.0272311 secs] [Times: user=0.01 sys=0.00, real=0.03 secs] 
2024-10-09T21:44:53.718+0300: 476.547: Total time for which application threads were stopped: 0.0275330 seconds, Stopping threads took: 0.0001639 seconds
2024-10-09T21:44:53.875+0300: 476.714: Application time: 0.1678934 seconds
2024-10-09T21:44:53.875+0300: 476.715: [GC (Allocation Failure) 2024-10-09T21:44:53.875+0300: 476.715: [ParNew: 460096K->51072K(460096K), 0.0406759 secs] 5627408K->5249663K(8337536K), 0.0407810 secs] [Times: user=0.03 sys=0.00, real=0.05 secs] 
2024-10-09T21:44:53.922+0300: 476.756: Total time for which application threads were stopped: 0.0410681 seconds, Stopping threads took: 0.0001406 seconds
2024-10-09T21:44:54.094+0300: 476.928: Application time: 0.1723199 seconds
2024-10-09T21:44:54.094+0300: 476.928: [GC (Allocation Failure) 2024-10-09T21:44:54.094+0300: 476.928: [ParNew: 460096K->51072K(460096K), 0.0327828 secs] 5658687K->5273048K(8337536K), 0.0328816 secs] [Times: user=0.03 sys=0.01, real=0.04 secs] 
2024-10-09T21:44:54.132+0300: 476.961: Total time for which application threads were stopped: 0.0332111 seconds, Stopping threads took: 0.0001250 seconds
2024-10-09T21:44:54.298+0300: 477.131: Application time: 0.1702016 seconds
2024-10-09T21:44:54.298+0300: 477.132: [GC (Allocation Failure) 2024-10-09T21:44:54.298+0300: 477.132: [ParNew: 460096K->51072K(460096K), 0.0275198 secs] 5682072K->5286360K(8337536K), 0.0276023 secs] [Times: user=0.03 sys=0.00, real=0.03 secs] 
2024-10-09T21:44:54.332+0300: 477.159: Total time for which application threads were stopped: 0.0278647 seconds, Stopping threads took: 0.0001400 seconds
2024-10-09T21:44:54.486+0300: 477.327: Application time: 0.1679655 seconds
2024-10-09T21:44:54.486+0300: 477.327: [GC (Allocation Failure) 2024-10-09T21:44:54.486+0300: 477.327: [ParNew: 460096K->51072K(460096K), 0.0311487 secs] 5695384K->5306684K(8337536K), 0.0312363 secs] [Times: user=0.05 sys=0.00, real=0.05 secs] 
2024-10-09T21:44:54.533+0300: 477.359: Total time for which application threads were stopped: 0.0314917 seconds, Stopping threads took: 0.0001367 seconds
2024-10-09T21:44:54.691+0300: 477.527: Application time: 0.1679555 seconds
2024-10-09T21:44:54.691+0300: 477.527: [GC (Allocation Failure) 2024-10-09T21:44:54.691+0300: 477.527: [ParNew: 460096K->51072K(460096K), 0.0288927 secs] 5715708K->5325829K(8337536K), 0.0289870 secs] [Times: user=0.05 sys=0.00, real=0.03 secs] 
2024-10-09T21:44:54.722+0300: 477.556: Total time for which application threads were stopped: 0.0292548 seconds, Stopping threads took: 0.0001455 seconds
2024-10-09T21:44:54.895+0300: 477.726: Application time: 0.1696938 seconds
2024-10-09T21:44:54.895+0300: 477.726: [GC (Allocation Failure) 2024-10-09T21:44:54.895+0300: 477.726: [ParNew: 460096K->51072K(460096K), 0.0276984 secs] 5734853K->5335275K(8337536K), 0.0277780 secs] [Times: user=0.06 sys=0.00, real=0.03 secs] 
2024-10-09T21:44:54.926+0300: 477.754: Total time for which application threads were stopped: 0.0280365 seconds, Stopping threads took: 0.0001369 seconds
2024-10-09T21:44:55.099+0300: 477.926: Application time: 0.1721998 seconds
2024-10-09T21:44:55.099+0300: 477.926: [GC (Allocation Failure) 2024-10-09T21:44:55.099+0300: 477.926: [ParNew: 460096K->47274K(460096K), 0.0387377 secs] 5744299K->5368982K(8337536K), 0.0388263 secs] [Times: user=0.05 sys=0.00, real=0.04 secs] 
2024-10-09T21:44:55.134+0300: 477.965: Total time for which application threads were stopped: 0.0390690 seconds, Stopping threads took: 0.0001216 seconds
2024-10-09T21:44:55.303+0300: 478.135: Application time: 0.1704978 seconds
2024-10-09T21:44:55.303+0300: 478.136: [GC (Allocation Failure) 2024-10-09T21:44:55.303+0300: 478.136: [ParNew: 456298K->51072K(460096K), 0.0280242 secs] 5778006K->5391602K(8337536K), 0.0281160 secs] [Times: user=0.02 sys=0.00, real=0.03 secs] 
2024-10-09T21:44:55.334+0300: 478.164: Total time for which application threads were stopped: 0.0283419 seconds, Stopping threads took: 0.0001033 seconds
2024-10-09T21:44:55.507+0300: 478.333: Application time: 0.1693883 seconds
2024-10-09T21:44:55.507+0300: 478.333: [GC (Allocation Failure) 2024-10-09T21:44:55.507+0300: 478.333: [ParNew: 460096K->51072K(460096K), 0.0268185 secs] 5800626K->5400120K(8337536K), 0.0268992 secs] [Times: user=0.02 sys=0.00, real=0.02 secs] 
2024-10-09T21:44:55.522+0300: 478.360: Total time for which application threads were stopped: 0.0271494 seconds, Stopping threads took: 0.0001314 seconds
2024-10-09T21:44:55.695+0300: 478.526: Application time: 0.1654650 seconds
2024-10-09T21:44:55.695+0300: 478.526: [GC (Allocation Failure) 2024-10-09T21:44:55.695+0300: 478.526: [ParNew: 460096K->51072K(460096K), 0.0334175 secs] 5809144K->5425857K(8337536K), 0.0335091 secs] [Times: user=0.06 sys=0.00, real=0.03 secs] 
2024-10-09T21:44:55.726+0300: 478.559: Total time for which application threads were stopped: 0.0337615 seconds, Stopping threads took: 0.0001259 seconds
2024-10-09T21:44:55.899+0300: 478.728: Application time: 0.1687724 seconds
2024-10-09T21:44:55.899+0300: 478.728: [GC (Allocation Failure) 2024-10-09T21:44:55.899+0300: 478.729: [ParNew: 460096K->50688K(460096K), 0.0299259 secs] 5834881K->5444953K(8337536K), 0.0300712 secs] [Times: user=0.03 sys=0.00, real=0.03 secs] 
2024-10-09T21:44:55.930+0300: 478.759: Total time for which application threads were stopped: 0.0303444 seconds, Stopping threads took: 0.0001548 seconds
2024-10-09T21:44:56.103+0300: 478.933: Application time: 0.1742379 seconds
2024-10-09T21:44:56.103+0300: 478.933: [GC (Allocation Failure) 2024-10-09T21:44:56.103+0300: 478.933: [ParNew: 459712K->51072K(460096K), 0.0271771 secs] 5853977K->5453550K(8337536K), 0.0272860 secs] [Times: user=0.03 sys=0.00, real=0.03 secs] 
2024-10-09T21:44:56.134+0300: 478.960: Total time for which application threads were stopped: 0.0275866 seconds, Stopping threads took: 0.0001647 seconds
2024-10-09T21:44:56.276+0300: 479.117: Application time: 0.1562464 seconds
2024-10-09T21:44:56.276+0300: 479.117: [GC (Allocation Failure) 2024-10-09T21:44:56.276+0300: 479.117: [ParNew: 460096K->51072K(460096K), 0.0326339 secs] 5862574K->5477891K(8337536K), 0.0327171 secs] [Times: user=0.05 sys=0.00, real=0.05 secs] 
2024-10-09T21:44:56.323+0300: 479.150: Total time for which application threads were stopped: 0.0330006 seconds, Stopping threads took: 0.0001707 seconds
2024-10-09T21:44:56.480+0300: 479.313: Application time: 0.1628391 seconds
2024-10-09T21:44:56.480+0300: 479.313: [GC (Allocation Failure) 2024-10-09T21:44:56.480+0300: 479.313: [ParNew: 460096K->51072K(460096K), 0.0299346 secs] 5886915K->5501388K(8337536K), 0.0300201 secs] [Times: user=0.03 sys=0.00, real=0.03 secs] 
2024-10-09T21:44:56.511+0300: 479.343: Total time for which application threads were stopped: 0.0302648 seconds, Stopping threads took: 0.0001338 seconds
2024-10-09T21:44:56.684+0300: 479.518: Application time: 0.1750646 seconds
2024-10-09T21:44:56.684+0300: 479.518: [GC (Allocation Failure) 2024-10-09T21:44:56.684+0300: 479.518: [ParNew: 460096K->51072K(460096K), 0.0275202 secs] 5910412K->5510305K(8337536K), 0.0276091 secs] [Times: user=0.03 sys=0.00, real=0.03 secs] 
2024-10-09T21:44:56.715+0300: 479.546: Total time for which application threads were stopped: 0.0278431 seconds, Stopping threads took: 0.0001148 seconds
2024-10-09T21:44:56.872+0300: 479.705: Application time: 0.1592724 seconds
2024-10-09T21:44:56.872+0300: 479.705: [GC (Allocation Failure) 2024-10-09T21:44:56.872+0300: 479.705: [ParNew: 460096K->51072K(460096K), 0.0316756 secs] 5919329K->5531962K(8337536K), 0.0317645 secs] [Times: user=0.03 sys=0.00, real=0.03 secs] 
2024-10-09T21:44:56.903+0300: 479.737: Total time for which application threads were stopped: 0.0320138 seconds, Stopping threads took: 0.0001329 seconds
2024-10-09T21:44:57.077+0300: 479.903: Application time: 0.1663636 seconds
2024-10-09T21:44:57.077+0300: 479.904: [GC (Allocation Failure) 2024-10-09T21:44:57.077+0300: 479.904: [ParNew: 460096K->51072K(460096K), 0.0284467 secs] 5940986K->5549851K(8337536K), 0.0285378 secs] [Times: user=0.02 sys=0.00, real=0.02 secs] 
2024-10-09T21:44:57.092+0300: 479.932: Total time for which application threads were stopped: 0.0287926 seconds, Stopping threads took: 0.0001388 seconds
2024-10-09T21:44:57.281+0300: 480.109: Application time: 0.1768094 seconds
2024-10-09T21:44:57.281+0300: 480.109: [GC (Allocation Failure) 2024-10-09T21:44:57.281+0300: 480.109: [ParNew: 460096K->51072K(460096K), 0.0279896 secs] 5958875K->5563332K(8337536K), 0.0280881 secs] [Times: user=0.02 sys=0.00, real=0.02 secs] 
2024-10-09T21:44:57.296+0300: 480.137: Total time for which application threads were stopped: 0.0283394 seconds, Stopping threads took: 0.0001320 seconds
2024-10-09T21:44:57.469+0300: 480.298: Application time: 0.1611073 seconds
2024-10-09T21:44:57.469+0300: 480.299: [GC (Allocation Failure) 2024-10-09T21:44:57.469+0300: 480.299: [ParNew: 460096K->51072K(460096K), 0.0262563 secs] 5972356K->5574558K(8337536K), 0.0263470 secs] [Times: user=0.02 sys=0.00, real=0.02 secs] 
2024-10-09T21:44:57.485+0300: 480.325: Total time for which application threads were stopped: 0.0266191 seconds, Stopping threads took: 0.0001518 seconds
2024-10-09T21:44:57.662+0300: 480.489: Application time: 0.1636518 seconds
2024-10-09T21:44:57.663+0300: 480.489: [GC (Allocation Failure) 2024-10-09T21:44:57.663+0300: 480.489: [ParNew: 460096K->46036K(460096K), 0.0329763 secs] 5983582K->5597122K(8337536K), 0.0331232 secs] [Times: user=0.03 sys=0.00, real=0.03 secs] 
2024-10-09T21:44:57.689+0300: 480.522: Total time for which application threads were stopped: 0.0333866 seconds, Stopping threads took: 0.0001351 seconds
2024-10-09T21:44:57.862+0300: 480.694: Application time: 0.1716713 seconds
2024-10-09T21:44:57.862+0300: 480.694: [GC (Allocation Failure) 2024-10-09T21:44:57.862+0300: 480.694: [ParNew: 455060K->51072K(460096K), 0.0286603 secs] 6006146K->5617101K(8337536K), 0.0287485 secs] [Times: user=0.03 sys=0.00, real=0.03 secs] 
2024-10-09T21:44:57.893+0300: 480.723: Total time for which application threads were stopped: 0.0289817 seconds, Stopping threads took: 0.0001128 seconds
2024-10-09T21:44:58.050+0300: 480.889: Application time: 0.1663010 seconds
2024-10-09T21:44:58.050+0300: 480.889: [GC (Allocation Failure) 2024-10-09T21:44:58.050+0300: 480.889: [ParNew: 460096K->51072K(460096K), 0.0306225 secs] 6026125K->5632877K(8337536K), 0.0307146 secs] [Times: user=0.03 sys=0.00, real=0.03 secs] 
2024-10-09T21:44:58.081+0300: 480.920: Total time for which application threads were stopped: 0.0310054 seconds, Stopping threads took: 0.0001725 seconds
2024-10-09T21:44:58.255+0300: 481.083: Application time: 0.1633910 seconds
2024-10-09T21:44:58.255+0300: 481.084: [GC (Allocation Failure) 2024-10-09T21:44:58.255+0300: 481.084: [ParNew: 460096K->51072K(460096K), 0.0290387 secs] 6041901K->5652495K(8337536K), 0.0291245 secs] [Times: user=0.02 sys=0.00, real=0.03 secs] 
2024-10-09T21:44:58.286+0300: 481.113: Total time for which application threads were stopped: 0.0293944 seconds, Stopping threads took: 0.0001565 seconds
2024-10-09T21:44:58.459+0300: 481.284: Application time: 0.1716007 seconds
2024-10-09T21:44:58.459+0300: 481.285: [GC (Allocation Failure) 2024-10-09T21:44:58.459+0300: 481.285: [ParNew: 460096K->51072K(460096K), 0.0287681 secs] 6061519K->5670390K(8337536K), 0.0288732 secs] [Times: user=0.01 sys=0.00, real=0.01 secs] 
2024-10-09T21:44:58.474+0300: 481.314: Total time for which application threads were stopped: 0.0291360 seconds, Stopping threads took: 0.0001317 seconds
2024-10-09T21:44:58.647+0300: 481.481: Application time: 0.1670253 seconds
2024-10-09T21:44:58.647+0300: 481.481: [GC (Allocation Failure) 2024-10-09T21:44:58.647+0300: 481.481: [ParNew: 460096K->51072K(460096K), 0.0288793 secs] 6079414K->5684784K(8337536K), 0.0289669 secs] [Times: user=0.03 sys=0.00, real=0.03 secs] 
2024-10-09T21:44:58.678+0300: 481.510: Total time for which application threads were stopped: 0.0292144 seconds, Stopping threads took: 0.0001326 seconds
2024-10-09T21:44:58.851+0300: 481.677: Application time: 0.1675635 seconds
2024-10-09T21:44:58.851+0300: 481.678: [GC (Allocation Failure) 2024-10-09T21:44:58.851+0300: 481.678: [ParNew: 460096K->50641K(460096K), 0.0277664 secs] 6093808K->5698176K(8337536K), 0.0278487 secs] [Times: user=0.02 sys=0.00, real=0.02 secs] 
2024-10-09T21:44:58.867+0300: 481.705: Total time for which application threads were stopped: 0.0281005 seconds, Stopping threads took: 0.0001361 seconds
2024-10-09T21:44:59.042+0300: 481.876: Application time: 0.1704485 seconds
2024-10-09T21:44:59.042+0300: 481.876: [GC (Allocation Failure) 2024-10-09T21:44:59.042+0300: 481.876: [ParNew: 459665K->51072K(460096K), 0.0296869 secs] 6107200K->5717953K(8337536K), 0.0297680 secs] [Times: user=0.03 sys=0.00, real=0.03 secs] 
2024-10-09T21:44:59.071+0300: 481.906: Total time for which application threads were stopped: 0.0300237 seconds, Stopping threads took: 0.0001356 seconds
2024-10-09T21:44:59.244+0300: 482.074: Application time: 0.1683311 seconds
2024-10-09T21:44:59.244+0300: 482.075: [GC (Allocation Failure) 2024-10-09T21:44:59.244+0300: 482.075: [ParNew: 460096K->51072K(460096K), 0.0270082 secs] 6126977K->5730110K(8337536K), 0.0271560 secs] [Times: user=0.03 sys=0.00, real=0.03 secs] 
2024-10-09T21:44:59.275+0300: 482.102: Total time for which application threads were stopped: 0.0274360 seconds, Stopping threads took: 0.0001540 seconds
2024-10-09T21:44:59.443+0300: 482.273: Application time: 0.1710314 seconds
2024-10-09T21:44:59.443+0300: 482.273: [GC (Allocation Failure) 2024-10-09T21:44:59.443+0300: 482.273: [ParNew: 460096K->51072K(460096K), 0.0283646 secs] 6139134K->5748249K(8337536K), 0.0284479 secs] [Times: user=0.03 sys=0.00, real=0.02 secs] 
2024-10-09T21:44:59.464+0300: 482.301: Total time for which application threads were stopped: 0.0287104 seconds, Stopping threads took: 0.0001454 seconds
2024-10-09T21:44:59.636+0300: 482.468: Application time: 0.1668900 seconds
2024-10-09T21:44:59.636+0300: 482.469: [GC (Allocation Failure) 2024-10-09T21:44:59.636+0300: 482.469: [ParNew: 460096K->51072K(460096K), 0.0328537 secs] 6157273K->5770941K(8337536K), 0.0329494 secs] [Times: user=0.03 sys=0.00, real=0.03 secs] 
2024-10-09T21:44:59.668+0300: 482.502: Total time for which application threads were stopped: 0.0332323 seconds, Stopping threads took: 0.0001633 seconds
2024-10-09T21:44:59.825+0300: 482.661: Application time: 0.1590593 seconds
2024-10-09T21:44:59.825+0300: 482.661: [GC (Allocation Failure) 2024-10-09T21:44:59.825+0300: 482.661: [ParNew: 460096K->51072K(460096K), 0.0294103 secs] 6179965K->5788001K(8337536K), 0.0295002 secs] [Times: user=0.03 sys=0.00, real=0.03 secs] 
2024-10-09T21:44:59.856+0300: 482.690: Total time for which application threads were stopped: 0.0297553 seconds, Stopping threads took: 0.0001382 seconds
2024-10-09T21:45:00.029+0300: 482.864: Application time: 0.1732803 seconds
2024-10-09T21:45:00.029+0300: 482.864: [GC (Allocation Failure) 2024-10-09T21:45:00.029+0300: 482.864: [ParNew: 460096K->51072K(460096K), 0.0351816 secs] 6197025K->5813669K(8337536K), 0.0352773 secs] [Times: user=0.03 sys=0.00, real=0.03 secs] 
2024-10-09T21:45:00.060+0300: 482.899: Total time for which application threads were stopped: 0.0356154 seconds, Stopping threads took: 0.0001890 seconds
2024-10-09T21:45:00.232+0300: 483.066: Application time: 0.1665230 seconds
2024-10-09T21:45:00.232+0300: 483.066: [GC (Allocation Failure) 2024-10-09T21:45:00.232+0300: 483.066: [ParNew: 460096K->51072K(460096K), 0.0320176 secs] 6222693K->5832544K(8337536K), 0.0321076 secs] [Times: user=0.03 sys=0.00, real=0.03 secs] 
2024-10-09T21:45:00.264+0300: 483.098: Total time for which application threads were stopped: 0.0323528 seconds, Stopping threads took: 0.0001277 seconds
2024-10-09T21:45:00.436+0300: 483.267: Application time: 0.1685171 seconds
2024-10-09T21:45:00.436+0300: 483.267: [GC (Allocation Failure) 2024-10-09T21:45:00.436+0300: 483.267: [ParNew: 460096K->51072K(460096K), 0.0334545 secs] 6241568K->5859834K(8337536K), 0.0335474 secs] [Times: user=0.19 sys=0.00, real=0.03 secs] 
2024-10-09T21:45:00.468+0300: 483.301: Total time for which application threads were stopped: 0.0338969 seconds, Stopping threads took: 0.0002170 seconds
2024-10-09T21:45:00.657+0300: 483.490: Application time: 0.1895698 seconds
2024-10-09T21:45:00.657+0300: 483.490: [GC (Allocation Failure) 2024-10-09T21:45:00.657+0300: 483.490: [ParNew: 460096K->51072K(460096K), 0.0281535 secs] 6268858K->5871055K(8337536K), 0.0282406 secs] [Times: user=0.12 sys=0.00, real=0.03 secs] 
2024-10-09T21:45:00.692+0300: 483.519: Total time for which application threads were stopped: 0.0285337 seconds, Stopping threads took: 0.0001483 seconds
2024-10-09T21:45:00.861+0300: 483.693: Application time: 0.1742150 seconds
2024-10-09T21:45:00.861+0300: 483.693: [GC (Allocation Failure) 2024-10-09T21:45:00.861+0300: 483.693: [ParNew: 460096K->51072K(460096K), 0.0338445 secs] 6280079K->5894766K(8337536K), 0.0339465 secs] [Times: user=0.02 sys=0.00, real=0.03 secs] 
2024-10-09T21:45:00.892+0300: 483.727: Total time for which application threads were stopped: 0.0342730 seconds, Stopping threads took: 0.0001866 seconds
2024-10-09T21:45:01.065+0300: 483.900: Application time: 0.1727183 seconds
2024-10-09T21:45:01.065+0300: 483.900: [GC (Allocation Failure) 2024-10-09T21:45:01.065+0300: 483.903: [ParNew: 460096K->44473K(460096K), 0.0328798 secs] 6303790K->5919058K(8337536K), 0.0352807 secs] [Times: user=0.03 sys=0.00, real=0.03 secs] 
2024-10-09T21:45:01.096+0300: 483.936: Total time for which application threads were stopped: 0.0355801 seconds, Stopping threads took: 0.0001482 seconds
2024-10-09T21:45:01.285+0300: 484.119: Application time: 0.1838581 seconds
2024-10-09T21:45:01.285+0300: 484.120: [GC (Allocation Failure) 2024-10-09T21:45:01.285+0300: 484.120: [ParNew: 453497K->51072K(460096K), 0.0288699 secs] 6328082K->5931342K(8337536K), 0.0289617 secs] [Times: user=0.09 sys=0.00, real=0.03 secs] 
2024-10-09T21:45:01.316+0300: 484.149: Total time for which application threads were stopped: 0.0292606 seconds, Stopping threads took: 0.0001669 seconds
2024-10-09T21:45:01.473+0300: 484.307: Application time: 0.1584851 seconds
2024-10-09T21:45:01.473+0300: 484.308: [GC (Allocation Failure) 2024-10-09T21:45:01.473+0300: 484.308: [ParNew: 460096K->51072K(460096K), 0.0359923 secs] 6340366K->5957421K(8337536K), 0.0360830 secs] [Times: user=0.22 sys=0.00, real=0.03 secs] 
2024-10-09T21:45:01.504+0300: 484.344: Total time for which application threads were stopped: 0.0368666 seconds, Stopping threads took: 0.0006426 seconds
2024-10-09T21:45:01.677+0300: 484.513: Application time: 0.1689860 seconds
2024-10-09T21:45:01.677+0300: 484.513: [GC (Allocation Failure) 2024-10-09T21:45:01.677+0300: 484.513: [ParNew: 460096K->51072K(460096K), 0.0363159 secs] 6366445K->5985903K(8337536K), 0.0364111 secs] [Times: user=0.17 sys=0.00, real=0.05 secs] 
2024-10-09T21:45:01.724+0300: 484.550: Total time for which application threads were stopped: 0.0367505 seconds, Stopping threads took: 0.0001872 seconds
2024-10-09T21:45:01.897+0300: 484.738: Application time: 0.1878796 seconds
2024-10-09T21:45:01.897+0300: 484.738: [GC (Allocation Failure) 2024-10-09T21:45:01.912+0300: 484.738: [ParNew: 460096K->51072K(460096K), 0.0253882 secs] 6394927K->5988152K(8337536K), 0.0254854 secs] [Times: user=0.02 sys=0.00, real=0.03 secs] 
2024-10-09T21:45:01.928+0300: 484.763: Total time for which application threads were stopped: 0.0258349 seconds, Stopping threads took: 0.0001778 seconds
2024-10-09T21:45:02.101+0300: 484.927: Application time: 0.1639640 seconds
2024-10-09T21:45:02.101+0300: 484.928: [GC (Allocation Failure) 2024-10-09T21:45:02.101+0300: 484.928: [ParNew: 460096K->51072K(460096K), 0.0377704 secs] 6397176K->6016725K(8337536K), 0.0378559 secs] [Times: user=0.03 sys=0.00, real=0.03 secs] 
2024-10-09T21:45:02.132+0300: 484.966: Total time for which application threads were stopped: 0.0381392 seconds, Stopping threads took: 0.0001682 seconds
2024-10-09T21:45:02.289+0300: 485.129: Application time: 0.1638600 seconds
2024-10-09T21:45:02.289+0300: 485.130: [GC (Allocation Failure) 2024-10-09T21:45:02.289+0300: 485.130: [ParNew: 460096K->50105K(460096K), 0.0327266 secs] 6425749K->6047273K(8337536K), 0.0328106 secs] [Times: user=0.05 sys=0.00, real=0.05 secs] 
2024-10-09T21:45:02.336+0300: 485.163: Total time for which application threads were stopped: 0.0330887 seconds, Stopping threads took: 0.0001590 seconds
2024-10-09T21:45:02.509+0300: 485.340: Application time: 0.1770766 seconds
2024-10-09T21:45:02.509+0300: 485.340: [GC (Allocation Failure) 2024-10-09T21:45:02.509+0300: 485.340: [ParNew: 459129K->51072K(460096K), 0.0264618 secs] 6456297K->6051271K(8337536K), 0.0265382 secs] [Times: user=0.03 sys=0.00, real=0.03 secs] 
2024-10-09T21:45:02.540+0300: 485.366: Total time for which application threads were stopped: 0.0267677 seconds, Stopping threads took: 0.0001198 seconds
2024-10-09T21:45:02.701+0300: 485.534: Application time: 0.1678847 seconds
2024-10-09T21:45:02.701+0300: 485.535: [GC (Allocation Failure) 2024-10-09T21:45:02.701+0300: 485.535: [ParNew: 460096K->51072K(460096K), 0.0379111 secs] 6460295K->6081098K(8337536K), 0.0380086 secs] [Times: user=0.08 sys=0.00, real=0.04 secs] 
2024-10-09T21:45:02.743+0300: 485.573: Total time for which application threads were stopped: 0.0384465 seconds, Stopping threads took: 0.0002171 seconds
2024-10-09T21:45:02.900+0300: 485.738: Application time: 0.1650298 seconds
2024-10-09T21:45:02.900+0300: 485.738: [GC (Allocation Failure) 2024-10-09T21:45:02.900+0300: 485.738: [ParNew: 460096K->45471K(460096K), 0.0311147 secs] 6490122K->6102998K(8337536K), 0.0312104 secs] [Times: user=0.03 sys=0.00, real=0.03 secs] 
2024-10-09T21:45:02.932+0300: 485.769: Total time for which application threads were stopped: 0.0315134 seconds, Stopping threads took: 0.0001640 seconds
2024-10-09T21:45:03.120+0300: 485.950: Application time: 0.1808118 seconds
2024-10-09T21:45:03.120+0300: 485.950: [GC (Allocation Failure) 2024-10-09T21:45:03.120+0300: 485.950: [ParNew: 454495K->51072K(460096K), 0.0285867 secs] 6512022K->6120446K(8337536K), 0.0286952 secs] [Times: user=0.16 sys=0.00, real=0.03 secs] 
2024-10-09T21:45:03.152+0300: 485.979: Total time for which application threads were stopped: 0.0290423 seconds, Stopping threads took: 0.0001873 seconds
2024-10-09T21:45:03.309+0300: 486.139: Application time: 0.1601690 seconds
2024-10-09T21:45:03.309+0300: 486.140: [GC (Allocation Failure) 2024-10-09T21:45:03.309+0300: 486.140: [ParNew: 460096K->51072K(460096K), 0.0296765 secs] 6529470K->6136538K(8337536K), 0.0297624 secs] [Times: user=0.03 sys=0.00, real=0.03 secs] 
2024-10-09T21:45:03.340+0300: 486.169: Total time for which application threads were stopped: 0.0300405 seconds, Stopping threads took: 0.0001596 seconds
2024-10-09T21:45:03.497+0300: 486.333: Application time: 0.1638974 seconds
2024-10-09T21:45:03.497+0300: 486.333: [GC (Allocation Failure) 2024-10-09T21:45:03.497+0300: 486.333: [ParNew: 460096K->51072K(460096K), 0.0303805 secs] 6545562K->6162399K(8337536K), 0.0304655 secs] [Times: user=0.03 sys=0.00, real=0.03 secs] 
2024-10-09T21:45:03.529+0300: 486.364: Total time for which application threads were stopped: 0.0307385 seconds, Stopping threads took: 0.0001474 seconds
2024-10-09T21:45:03.717+0300: 486.543: Application time: 0.1795070 seconds
2024-10-09T21:45:03.717+0300: 486.544: [GC (Allocation Failure) 2024-10-09T21:45:03.717+0300: 486.544: [ParNew: 460096K->50161K(460096K), 0.0276346 secs] 6571423K->6173603K(8337536K), 0.0277233 secs] [Times: user=0.05 sys=0.00, real=0.02 secs] 
2024-10-09T21:45:03.733+0300: 486.571: Total time for which application threads were stopped: 0.0279939 seconds, Stopping threads took: 0.0001458 seconds
2024-10-09T21:45:03.910+0300: 486.736: Application time: 0.1647399 seconds
2024-10-09T21:45:03.910+0300: 486.736: [GC (Allocation Failure) 2024-10-09T21:45:03.910+0300: 486.736: [ParNew: 459185K->51072K(460096K), 0.0278096 secs] 6582627K->6181846K(8337536K), 0.0278956 secs] [Times: user=0.01 sys=0.00, real=0.03 secs] 
2024-10-09T21:45:03.937+0300: 486.764: Total time for which application threads were stopped: 0.0281574 seconds, Stopping threads took: 0.0001444 seconds
2024-10-09T21:45:04.094+0300: 486.928: Application time: 0.1633866 seconds
2024-10-09T21:45:04.094+0300: 486.928: [GC (Allocation Failure) 2024-10-09T21:45:04.094+0300: 486.928: [ParNew: 460096K->41315K(460096K), 0.0331097 secs] 6590870K->6203453K(8337536K), 0.0332173 secs] [Times: user=0.03 sys=0.00, real=0.03 secs] 
2024-10-09T21:45:04.125+0300: 486.961: Total time for which application threads were stopped: 0.0335136 seconds, Stopping threads took: 0.0001531 seconds
2024-10-09T21:45:04.313+0300: 487.150: Application time: 0.1891439 seconds
2024-10-09T21:45:04.313+0300: 487.151: [GC (Allocation Failure) 2024-10-09T21:45:04.313+0300: 487.151: [ParNew: 450339K->51072K(460096K), 0.0313482 secs] 6612477K->6230532K(8337536K), 0.0314510 secs] [Times: user=0.05 sys=0.00, real=0.04 secs] 
2024-10-09T21:45:04.353+0300: 487.182: Total time for which application threads were stopped: 0.0317708 seconds, Stopping threads took: 0.0001675 seconds
2024-10-09T21:45:04.517+0300: 487.346: Application time: 0.1640931 seconds
2024-10-09T21:45:04.517+0300: 487.347: [GC (Allocation Failure) 2024-10-09T21:45:04.517+0300: 487.347: [ParNew: 460096K->51072K(460096K), 0.0343556 secs] 6639556K->6254621K(8337536K), 0.0344972 secs] [Times: user=0.03 sys=0.00, real=0.04 secs] 
2024-10-09T21:45:04.554+0300: 487.381: Total time for which application threads were stopped: 0.0347553 seconds, Stopping threads took: 0.0001437 seconds
2024-10-09T21:45:04.706+0300: 487.547: Application time: 0.1655267 seconds
2024-10-09T21:45:04.706+0300: 487.547: [GC (Allocation Failure) 2024-10-09T21:45:04.706+0300: 487.547: [ParNew: 460096K->51072K(460096K), 0.0297358 secs] 6663645K->6277456K(8337536K), 0.0298240 secs] [Times: user=0.05 sys=0.00, real=0.03 secs] 
2024-10-09T21:45:04.737+0300: 487.577: Total time for which application threads were stopped: 0.0300584 seconds, Stopping threads took: 0.0001194 seconds
2024-10-09T21:45:04.926+0300: 487.754: Application time: 0.1770247 seconds
2024-10-09T21:45:04.926+0300: 487.754: [GC (Allocation Failure) 2024-10-09T21:45:04.926+0300: 487.754: [ParNew: 460096K->47765K(460096K), 0.0293454 secs] 6686480K->6287937K(8337536K), 0.0294421 secs] [Times: user=0.03 sys=0.00, real=0.03 secs] 
2024-10-09T21:45:04.957+0300: 487.783: Total time for which application threads were stopped: 0.0297203 seconds, Stopping threads took: 0.0001384 seconds
2024-10-09T21:45:05.114+0300: 487.948: Application time: 0.1648233 seconds
2024-10-09T21:45:05.114+0300: 487.948: [GC (Allocation Failure) 2024-10-09T21:45:05.114+0300: 487.948: [ParNew: 456789K->51072K(460096K), 0.0283421 secs] 6696961K->6306054K(8337536K), 0.0284389 secs] [Times: user=0.03 sys=0.00, real=0.03 secs] 
2024-10-09T21:45:05.145+0300: 487.977: Total time for which application threads were stopped: 0.0287214 seconds, Stopping threads took: 0.0001528 seconds
2024-10-09T21:45:05.302+0300: 488.140: Application time: 0.1635451 seconds
2024-10-09T21:45:05.302+0300: 488.141: [GC (Allocation Failure) 2024-10-09T21:45:05.302+0300: 488.141: [ParNew: 460096K->49126K(460096K), 0.0323385 secs] 6715078K->6330798K(8337536K), 0.0324306 secs] [Times: user=0.03 sys=0.00, real=0.03 secs] 
2024-10-09T21:45:05.333+0300: 488.173: Total time for which application threads were stopped: 0.0327287 seconds, Stopping threads took: 0.0001613 seconds
2024-10-09T21:45:05.506+0300: 488.347: Application time: 0.1736532 seconds
2024-10-09T21:45:05.506+0300: 488.347: [GC (Allocation Failure) 2024-10-09T21:45:05.506+0300: 488.347: [ParNew: 458150K->51072K(460096K), 0.0271127 secs] 6739822K->6344737K(8337536K), 0.0272038 secs] [Times: user=0.03 sys=0.00, real=0.03 secs] 
2024-10-09T21:45:05.537+0300: 488.374: Total time for which application threads were stopped: 0.0274912 seconds, Stopping threads took: 0.0001508 seconds
2024-10-09T21:45:05.710+0300: 488.538: Application time: 0.1631696 seconds
2024-10-09T21:45:05.710+0300: 488.538: [GC (Allocation Failure) 2024-10-09T21:45:05.710+0300: 488.538: [ParNew: 460096K->51072K(460096K), 0.0280341 secs] 6753761K->6357730K(8337536K), 0.0281185 secs] [Times: user=0.02 sys=0.00, real=0.02 secs] 
2024-10-09T21:45:05.726+0300: 488.566: Total time for which application threads were stopped: 0.0283653 seconds, Stopping threads took: 0.0001298 seconds
2024-10-09T21:45:05.899+0300: 488.735: Application time: 0.1694846 seconds
2024-10-09T21:45:05.899+0300: 488.736: [GC (Allocation Failure) 2024-10-09T21:45:05.899+0300: 488.736: [ParNew: 460096K->51072K(460096K), 0.0279714 secs] 6766754K->6375881K(8337536K), 0.0280628 secs] [Times: user=0.03 sys=0.00, real=0.03 secs] 
2024-10-09T21:45:05.930+0300: 488.764: Total time for which application threads were stopped: 0.0283078 seconds, Stopping threads took: 0.0001281 seconds
2024-10-09T21:45:06.118+0300: 488.946: Application time: 0.1821584 seconds
2024-10-09T21:45:06.118+0300: 488.946: [GC (Allocation Failure) 2024-10-09T21:45:06.118+0300: 488.946: [ParNew: 460096K->50507K(460096K), 0.0307023 secs] 6784905K->6397648K(8337536K), 0.0307850 secs] [Times: user=0.03 sys=0.00, real=0.03 secs] 
2024-10-09T21:45:06.150+0300: 488.977: Total time for which application threads were stopped: 0.0310116 seconds, Stopping threads took: 0.0001119 seconds
2024-10-09T21:45:06.307+0300: 489.140: Application time: 0.1634009 seconds
2024-10-09T21:45:06.307+0300: 489.140: [GC (Allocation Failure) 2024-10-09T21:45:06.307+0300: 489.141: [ParNew: 459531K->51072K(460096K), 0.0282708 secs] 6806672K->6409497K(8337536K), 0.0283606 secs] [Times: user=0.03 sys=0.00, real=0.03 secs] 
2024-10-09T21:45:06.338+0300: 489.169: Total time for which application threads were stopped: 0.0286120 seconds, Stopping threads took: 0.0001389 seconds
2024-10-09T21:45:06.511+0300: 489.338: Application time: 0.1686325 seconds
2024-10-09T21:45:06.511+0300: 489.338: [GC (Allocation Failure) 2024-10-09T21:45:06.511+0300: 489.338: [ParNew: 460096K->46845K(460096K), 0.0298785 secs] 6818521K->6427626K(8337536K), 0.0299661 secs] [Times: user=0.02 sys=0.00, real=0.02 secs] 
2024-10-09T21:45:06.526+0300: 489.368: Total time for which application threads were stopped: 0.0302139 seconds, Stopping threads took: 0.0001150 seconds
2024-10-09T21:45:06.715+0300: 489.543: Application time: 0.1750604 seconds
2024-10-09T21:45:06.715+0300: 489.543: [GC (Allocation Failure) 2024-10-09T21:45:06.715+0300: 489.543: [ParNew: 455869K->44141K(460096K), 0.0289484 secs] 6836650K->6442889K(8337536K), 0.0290466 secs] [Times: user=0.03 sys=0.00, real=0.03 secs] 
2024-10-09T21:45:06.746+0300: 489.572: Total time for which application threads were stopped: 0.0292808 seconds, Stopping threads took: 0.0001048 seconds
2024-10-09T21:45:06.903+0300: 489.739: Application time: 0.1668757 seconds
2024-10-09T21:45:06.903+0300: 489.739: [GC (Allocation Failure) 2024-10-09T21:45:06.903+0300: 489.739: [ParNew: 453165K->51072K(460096K), 0.0276243 secs] 6851913K->6458943K(8337536K), 0.0277102 secs] [Times: user=0.03 sys=0.00, real=0.03 secs] 
2024-10-09T21:45:06.934+0300: 489.767: Total time for which application threads were stopped: 0.0279789 seconds, Stopping threads took: 0.0001491 seconds
2024-10-09T21:45:07.108+0300: 489.936: Application time: 0.1686885 seconds
2024-10-09T21:45:07.108+0300: 489.936: [GC (Allocation Failure) 2024-10-09T21:45:07.108+0300: 489.936: [ParNew: 460096K->47300K(460096K), 0.0347233 secs] 6867967K->6486425K(8337536K), 0.0348074 secs] [Times: user=0.03 sys=0.00, real=0.03 secs] 
2024-10-09T21:45:07.139+0300: 489.971: Total time for which application threads were stopped: 0.0350572 seconds, Stopping threads took: 0.0001346 seconds
2024-10-09T21:45:07.312+0300: 490.146: Application time: 0.1749343 seconds
2024-10-09T21:45:07.312+0300: 490.146: [GC (Allocation Failure) 2024-10-09T21:45:07.312+0300: 490.146: [ParNew: 456324K->51072K(460096K), 0.0277586 secs] 6895449K->6504879K(8337536K), 0.0278570 secs] [Times: user=0.06 sys=0.00, real=0.03 secs] 
2024-10-09T21:45:07.343+0300: 490.174: Total time for which application threads were stopped: 0.0281754 seconds, Stopping threads took: 0.0001660 seconds
2024-10-09T21:45:07.500+0300: 490.342: Application time: 0.1676959 seconds
2024-10-09T21:45:07.516+0300: 490.342: [GC (Allocation Failure) 2024-10-09T21:45:07.516+0300: 490.342: [ParNew: 460096K->51072K(460096K), 0.0304199 secs] 6913903K->6522650K(8337536K), 0.0305105 secs] [Times: user=0.02 sys=0.00, real=0.01 secs] 
2024-10-09T21:45:07.531+0300: 490.372: Total time for which application threads were stopped: 0.0308181 seconds, Stopping threads took: 0.0001688 seconds
2024-10-09T21:45:07.705+0300: 490.546: Application time: 0.1732125 seconds
2024-10-09T21:45:07.705+0300: 490.546: [GC (Allocation Failure) 2024-10-09T21:45:07.705+0300: 490.546: [ParNew: 460096K->51072K(460096K), 0.0316302 secs] 6931674K->6545004K(8337536K), 0.0317366 secs] [Times: user=0.05 sys=0.00, real=0.03 secs] 
2024-10-09T21:45:07.736+0300: 490.578: Total time for which application threads were stopped: 0.0321463 seconds, Stopping threads took: 0.0001834 seconds
2024-10-09T21:45:07.909+0300: 490.743: Application time: 0.1650361 seconds
2024-10-09T21:45:07.909+0300: 490.743: [GC (Allocation Failure) 2024-10-09T21:45:07.909+0300: 490.743: [ParNew: 460096K->51072K(460096K), 0.0278616 secs] 6954028K->6556824K(8337536K), 0.0281016 secs] [Times: user=0.03 sys=0.00, real=0.03 secs] 
2024-10-09T21:45:07.940+0300: 490.771: Total time for which application threads were stopped: 0.0283717 seconds, Stopping threads took: 0.0001441 seconds
2024-10-09T21:45:08.113+0300: 490.943: Application time: 0.1718854 seconds
2024-10-09T21:45:08.113+0300: 490.943: [GC (Allocation Failure) 2024-10-09T21:45:08.113+0300: 490.943: [ParNew: 460096K->51072K(460096K), 0.0317405 secs] 6965848K->6581122K(8337536K), 0.0318231 secs] [Times: user=0.03 sys=0.00, real=0.03 secs] 
2024-10-09T21:45:08.144+0300: 490.975: Total time for which application threads were stopped: 0.0320888 seconds, Stopping threads took: 0.0001457 seconds
2024-10-09T21:45:08.318+0300: 491.148: Application time: 0.1727423 seconds
2024-10-09T21:45:08.318+0300: 491.148: [GC (Allocation Failure) 2024-10-09T21:45:08.318+0300: 491.148: [ParNew: 460096K->46791K(460096K), 0.0302262 secs] 6990146K->6597045K(8337536K), 0.0303129 secs] [Times: user=0.03 sys=0.00, real=0.03 secs] 
2024-10-09T21:45:08.349+0300: 491.178: Total time for which application threads were stopped: 0.0305557 seconds, Stopping threads took: 0.0001278 seconds
2024-10-09T21:45:08.506+0300: 491.346: Application time: 0.1673592 seconds
2024-10-09T21:45:08.506+0300: 491.346: [GC (Allocation Failure) 2024-10-09T21:45:08.506+0300: 491.346: [ParNew: 455815K->51072K(460096K), 0.0284249 secs] 7006069K->6615485K(8337536K), 0.0285127 secs] [Times: user=0.03 sys=0.00, real=0.03 secs] 
2024-10-09T21:45:08.537+0300: 491.375: Total time for which application threads were stopped: 0.0287809 seconds, Stopping threads took: 0.0001511 seconds
2024-10-09T21:45:08.710+0300: 491.539: Application time: 0.1647979 seconds
2024-10-09T21:45:08.710+0300: 491.540: [GC (Allocation Failure) 2024-10-09T21:45:08.710+0300: 491.540: [ParNew: 460096K->51072K(460096K), 0.0345621 secs] 7024509K->6643849K(8337536K), 0.0346527 secs] [Times: user=0.03 sys=0.00, real=0.03 secs] 
2024-10-09T21:45:08.741+0300: 491.574: Total time for which application threads were stopped: 0.0349415 seconds, Stopping threads took: 0.0001640 seconds
2024-10-09T21:45:08.914+0300: 491.747: Application time: 0.1728446 seconds
2024-10-09T21:45:08.914+0300: 491.747: [GC (Allocation Failure) 2024-10-09T21:45:08.914+0300: 491.747: [ParNew: 460096K->51072K(460096K), 0.0299721 secs] 7052873K->6661972K(8337536K), 0.0300654 secs] [Times: user=0.03 sys=0.00, real=0.03 secs] 
2024-10-09T21:45:08.946+0300: 491.777: Total time for which application threads were stopped: 0.0303293 seconds, Stopping threads took: 0.0001416 seconds
2024-10-09T21:45:09.119+0300: 491.945: Application time: 0.1678442 seconds
2024-10-09T21:45:09.119+0300: 491.946: [GC (Allocation Failure) 2024-10-09T21:45:09.119+0300: 491.946: [ParNew: 460096K->51072K(460096K), 0.0277406 secs] 7070996K->6674069K(8337536K), 0.0278331 secs] [Times: user=0.01 sys=0.00, real=0.02 secs] 
2024-10-09T21:45:09.134+0300: 491.973: Total time for which application threads were stopped: 0.0280968 seconds, Stopping threads took: 0.0001311 seconds
2024-10-09T21:45:09.307+0300: 492.136: Application time: 0.1622675 seconds
2024-10-09T21:45:09.307+0300: 492.136: [GC (Allocation Failure) 2024-10-09T21:45:09.307+0300: 492.136: [ParNew: 460096K->51072K(460096K), 0.0305350 secs] 7083093K->6696970K(8337536K), 0.0306203 secs] [Times: user=0.02 sys=0.00, real=0.03 secs] 
2024-10-09T21:45:09.338+0300: 492.167: Total time for which application threads were stopped: 0.0308663 seconds, Stopping threads took: 0.0001250 seconds
2024-10-09T21:45:09.511+0300: 492.342: Application time: 0.1752653 seconds
2024-10-09T21:45:09.511+0300: 492.342: [GC (Allocation Failure) 2024-10-09T21:45:09.511+0300: 492.342: [ParNew: 460096K->51072K(460096K), 0.0290129 secs] 7105994K->6715977K(8337536K), 0.0291039 secs] [Times: user=0.03 sys=0.00, real=0.03 secs] 
2024-10-09T21:45:09.542+0300: 492.371: Total time for which application threads were stopped: 0.0293374 seconds, Stopping threads took: 0.0001163 seconds
2024-10-09T21:45:09.699+0300: 492.537: Application time: 0.1661442 seconds
2024-10-09T21:45:09.699+0300: 492.538: [GC (Allocation Failure) 2024-10-09T21:45:09.699+0300: 492.538: [ParNew: 460096K->51072K(460096K), 0.0294197 secs] 7125001K->6731241K(8337536K), 0.0295179 secs] [Times: user=0.09 sys=0.00, real=0.03 secs] 
2024-10-09T21:45:09.731+0300: 492.567: Total time for which application threads were stopped: 0.0297983 seconds, Stopping threads took: 0.0001607 seconds
2024-10-09T21:45:09.903+0300: 492.733: Application time: 0.1655497 seconds
2024-10-09T21:45:09.903+0300: 492.733: [GC (Allocation Failure) 2024-10-09T21:45:09.903+0300: 492.733: [ParNew: 460096K->51072K(460096K), 0.0278081 secs] 7140265K->6747734K(8337536K), 0.0279019 secs] [Times: user=0.03 sys=0.00, real=0.03 secs] 
2024-10-09T21:45:09.935+0300: 492.761: Total time for which application threads were stopped: 0.0281491 seconds, Stopping threads took: 0.0001311 seconds
2024-10-09T21:45:10.092+0300: 492.933: Application time: 0.1719506 seconds
2024-10-09T21:45:10.092+0300: 492.933: [GC (Allocation Failure) 2024-10-09T21:45:10.092+0300: 492.933: [ParNew: 460096K->51072K(460096K), 0.0337271 secs] 7156758K->6772679K(8337536K), 0.0338105 secs] [Times: user=0.05 sys=0.00, real=0.05 secs] 
2024-10-09T21:45:10.139+0300: 492.967: Total time for which application threads were stopped: 0.0340685 seconds, Stopping threads took: 0.0001430 seconds
2024-10-09T21:45:10.295+0300: 493.132: Application time: 0.1653727 seconds
2024-10-09T21:45:10.295+0300: 493.132: [GC (Allocation Failure) 2024-10-09T21:45:10.295+0300: 493.132: [ParNew: 460096K->51072K(460096K), 0.0297122 secs] 7181703K->6787399K(8337536K), 0.0298047 secs] [Times: user=0.03 sys=0.00, real=0.03 secs] 
2024-10-09T21:45:10.327+0300: 493.162: Total time for which application threads were stopped: 0.0300646 seconds, Stopping threads took: 0.0001362 seconds
2024-10-09T21:45:10.499+0300: 493.331: Application time: 0.1689649 seconds
2024-10-09T21:45:10.499+0300: 493.331: [GC (Allocation Failure) 2024-10-09T21:45:10.499+0300: 493.331: [ParNew: 460096K->51072K(460096K), 0.0345161 secs] 7196423K->6811296K(8337536K), 0.0346211 secs] [Times: user=0.03 sys=0.00, real=0.03 secs] 
2024-10-09T21:45:10.531+0300: 493.366: Total time for which application threads were stopped: 0.0348970 seconds, Stopping threads took: 0.0001431 seconds
2024-10-09T21:45:10.703+0300: 493.535: Application time: 0.1683819 seconds
2024-10-09T21:45:10.703+0300: 493.535: [GC (Allocation Failure) 2024-10-09T21:45:10.703+0300: 493.535: [ParNew: 460096K->51072K(460096K), 0.0266920 secs] 7220320K->6819497K(8337536K), 0.0268005 secs] [Times: user=0.17 sys=0.00, real=0.03 secs] 
2024-10-09T21:45:10.735+0300: 493.562: Total time for which application threads were stopped: 0.0270946 seconds, Stopping threads took: 0.0001388 seconds
2024-10-09T21:45:10.891+0300: 493.729: Application time: 0.1672077 seconds
2024-10-09T21:45:10.891+0300: 493.729: [GC (Allocation Failure) 2024-10-09T21:45:10.891+0300: 493.729: [ParNew: 460096K->51072K(460096K), 0.0292308 secs] 7228521K->6836060K(8337536K), 0.0293265 secs] [Times: user=0.06 sys=0.00, real=0.03 secs] 
2024-10-09T21:45:10.922+0300: 493.758: Total time for which application threads were stopped: 0.0296404 seconds, Stopping threads took: 0.0001894 seconds
2024-10-09T21:45:11.095+0300: 493.929: Application time: 0.1709561 seconds
2024-10-09T21:45:11.095+0300: 493.930: [GC (Allocation Failure) 2024-10-09T21:45:11.095+0300: 493.930: [ParNew: 460096K->49155K(460096K), 0.0314858 secs] 7245084K->6857089K(8337536K), 0.0315773 secs] [Times: user=0.03 sys=0.00, real=0.03 secs] 
2024-10-09T21:45:11.126+0300: 493.961: Total time for which application threads were stopped: 0.0318251 seconds, Stopping threads took: 0.0001302 seconds
2024-10-09T21:45:11.299+0300: 494.130: Application time: 0.1685911 seconds
2024-10-09T21:45:11.299+0300: 494.130: [GC (Allocation Failure) 2024-10-09T21:45:11.299+0300: 494.130: [ParNew: 458179K->51072K(460096K), 0.0286670 secs] 7266113K->6872149K(8337536K), 0.0287559 secs] [Times: user=0.03 sys=0.00, real=0.03 secs] 
2024-10-09T21:45:11.330+0300: 494.159: Total time for which application threads were stopped: 0.0290030 seconds, Stopping threads took: 0.0001236 seconds
2024-10-09T21:45:11.487+0300: 494.320: Application time: 0.1614383 seconds
2024-10-09T21:45:11.487+0300: 494.320: [GC (Allocation Failure) 2024-10-09T21:45:11.487+0300: 494.321: [ParNew: 460096K->51072K(460096K), 0.0317611 secs] 7281173K->6893134K(8337536K), 0.0318490 secs] [Times: user=0.03 sys=0.00, real=0.03 secs] 
2024-10-09T21:45:11.519+0300: 494.352: Total time for which application threads were stopped: 0.0320939 seconds, Stopping threads took: 0.0001291 seconds
2024-10-09T21:45:11.691+0300: 494.523: Application time: 0.1709729 seconds
2024-10-09T21:45:11.691+0300: 494.524: [GC (Allocation Failure) 2024-10-09T21:45:11.691+0300: 494.524: [ParNew: 460096K->51072K(460096K), 0.0297016 secs] 7302158K->6914383K(8337536K), 0.0297903 secs] [Times: user=0.03 sys=0.00, real=0.03 secs] 
2024-10-09T21:45:11.722+0300: 494.553: Total time for which application threads were stopped: 0.0300049 seconds, Stopping threads took: 0.0000968 seconds
2024-10-09T21:45:11.895+0300: 494.731: Application time: 0.1779254 seconds
2024-10-09T21:45:11.895+0300: 494.732: [GC (Allocation Failure) 2024-10-09T21:45:11.895+0300: 494.732: [ParNew: 458922K->51072K(460096K), 0.0271336 secs] 7322233K->6924822K(8337536K), 0.0272342 secs] [Times: user=0.03 sys=0.00, real=0.03 secs] 
2024-10-09T21:45:11.926+0300: 494.759: Total time for which application threads were stopped: 0.0275461 seconds, Stopping threads took: 0.0001612 seconds
2024-10-09T21:45:12.084+0300: 494.923: Application time: 0.1645315 seconds
2024-10-09T21:45:12.084+0300: 494.924: [GC (Allocation Failure) 2024-10-09T21:45:12.084+0300: 494.924: [ParNew: 460096K->51072K(460096K), 0.0315072 secs] 7333846K->6947442K(8337536K), 0.0316007 secs] [Times: user=0.03 sys=0.00, real=0.03 secs] 
2024-10-09T21:45:12.115+0300: 494.955: Total time for which application threads were stopped: 0.0318879 seconds, Stopping threads took: 0.0001484 seconds
2024-10-09T21:45:12.287+0300: 495.126: Application time: 0.1711251 seconds
2024-10-09T21:45:12.287+0300: 495.127: [GC (Allocation Failure) 2024-10-09T21:45:12.287+0300: 495.127: [ParNew: 460096K->51072K(460096K), 0.0307853 secs] 7356466K->6969816K(8337536K), 0.0308840 secs] [Times: user=0.09 sys=0.00, real=0.03 secs] 
2024-10-09T21:45:12.319+0300: 495.158: Total time for which application threads were stopped: 0.0312468 seconds, Stopping threads took: 0.0002119 seconds
2024-10-09T21:45:12.507+0300: 495.336: Application time: 0.1778698 seconds
2024-10-09T21:45:12.507+0300: 495.336: [GC (Allocation Failure) 2024-10-09T21:45:12.507+0300: 495.336: [ParNew: 460096K->51072K(460096K), 0.0268614 secs] 7378840K->6978465K(8337536K), 0.0269486 secs] [Times: user=0.02 sys=0.00, real=0.02 secs] 
2024-10-09T21:45:12.523+0300: 495.363: Total time for which application threads were stopped: 0.0271830 seconds, Stopping threads took: 0.0001111 seconds
2024-10-09T21:45:12.680+0300: 495.520: Application time: 0.1576403 seconds
2024-10-09T21:45:12.680+0300: 495.521: [GC (Allocation Failure) 2024-10-09T21:45:12.680+0300: 495.521: [ParNew: 460096K->47310K(460096K), 0.0311638 secs] 7387489K->6995521K(8337536K), 0.0312591 secs] [Times: user=0.06 sys=0.00, real=0.03 secs] 
2024-10-09T21:45:12.711+0300: 495.552: Total time for which application threads were stopped: 0.0315444 seconds, Stopping threads took: 0.0001567 seconds
2024-10-09T21:45:12.884+0300: 495.725: Application time: 0.1732667 seconds
2024-10-09T21:45:12.900+0300: 495.725: [GC (Allocation Failure) 2024-10-09T21:45:12.900+0300: 495.726: [ParNew: 456334K->51072K(460096K), 0.0295628 secs] 7404545K->7020475K(8337536K), 0.0296646 secs] [Times: user=0.02 sys=0.00, real=0.01 secs] 
2024-10-09T21:45:12.915+0300: 495.755: Total time for which application threads were stopped: 0.0300241 seconds, Stopping threads took: 0.0001164 seconds
2024-10-09T21:45:13.104+0300: 495.934: Application time: 0.1790288 seconds
2024-10-09T21:45:13.104+0300: 495.934: [GC (Allocation Failure) 2024-10-09T21:45:13.104+0300: 495.934: [ParNew: 460096K->51072K(460096K), 0.0273499 secs] 7429499K->7030429K(8337536K), 0.0274439 secs] [Times: user=0.03 sys=0.00, real=0.03 secs] 
2024-10-09T21:45:13.135+0300: 495.962: Total time for which application threads were stopped: 0.0277090 seconds, Stopping threads took: 0.0001471 seconds
2024-10-09T21:45:13.292+0300: 496.119: Application time: 0.1571520 seconds
2024-10-09T21:45:13.292+0300: 496.119: [GC (Allocation Failure) 2024-10-09T21:45:13.292+0300: 496.119: [ParNew: 460096K->51072K(460096K), 0.0296821 secs] 7439453K->7047720K(8337536K), 0.0297694 secs] [Times: user=0.02 sys=0.00, real=0.02 secs] 
2024-10-09T21:45:13.308+0300: 496.149: Total time for which application threads were stopped: 0.0300081 seconds, Stopping threads took: 0.0001263 seconds
2024-10-09T21:45:13.481+0300: 496.317: Application time: 0.1676678 seconds
2024-10-09T21:45:13.481+0300: 496.317: [GC (Allocation Failure) 2024-10-09T21:45:13.481+0300: 496.317: [ParNew: 460096K->44703K(460096K), 0.0332269 secs] 7456744K->7070515K(8337536K), 0.0333126 secs] [Times: user=0.03 sys=0.00, real=0.03 secs] 
2024-10-09T21:45:13.512+0300: 496.350: Total time for which application threads were stopped: 0.0335464 seconds, Stopping threads took: 0.0001150 seconds
2024-10-09T21:45:13.701+0300: 496.528: Application time: 0.1780986 seconds
2024-10-09T21:45:13.701+0300: 496.529: [GC (Allocation Failure) 2024-10-09T21:45:13.701+0300: 496.529: [ParNew: 453727K->51072K(460096K), 0.0273042 secs] 7479539K->7089079K(8337536K), 0.0273936 secs] [Times: user=0.02 sys=0.00, real=0.02 secs] 
2024-10-09T21:45:13.716+0300: 496.556: Total time for which application threads were stopped: 0.0276457 seconds, Stopping threads took: 0.0001289 seconds
2024-10-09T21:45:13.889+0300: 496.722: Application time: 0.1659908 seconds
2024-10-09T21:45:13.889+0300: 496.722: [GC (Allocation Failure) 2024-10-09T21:45:13.889+0300: 496.722: [ParNew: 460096K->51072K(460096K), 0.0267078 secs] 7498103K->7098222K(8337536K), 0.0268054 secs] [Times: user=0.09 sys=0.00, real=0.03 secs] 
2024-10-09T21:45:13.920+0300: 496.749: Total time for which application threads were stopped: 0.0270781 seconds, Stopping threads took: 0.0001298 seconds
2024-10-09T21:45:14.030+0300: 496.864: Application time: 0.1148816 seconds
2024-10-09T21:45:14.030+0300: 496.864: Total time for which application threads were stopped: 0.0002091 seconds, Stopping threads took: 0.0001533 seconds
2024-10-09T21:45:14.077+0300: 496.918: Application time: 0.0539763 seconds
2024-10-09T21:45:14.093+0300: 496.918: [GC (Allocation Failure) 2024-10-09T21:45:14.093+0300: 496.918: [ParNew: 460096K->40733K(460096K), 0.0343594 secs] 7507246K->7124354K(8337536K), 0.0344582 secs] [Times: user=0.03 sys=0.00, real=0.03 secs] 
2024-10-09T21:45:14.124+0300: 496.953: Total time for which application threads were stopped: 0.0347378 seconds, Stopping threads took: 0.0001114 seconds
2024-10-09T21:45:14.124+0300: 496.953: Application time: 0.0001035 seconds
2024-10-09T21:45:14.124+0300: 496.953: [GC (CMS Initial Mark) [1 CMS-initial-mark: 7083621K(7877440K)] 7131246K(8337536K), 0.0037573 secs] [Times: user=0.00 sys=0.00, real=0.00 secs] 
2024-10-09T21:45:14.124+0300: 496.957: Total time for which application threads were stopped: 0.0040001 seconds, Stopping threads took: 0.0001344 seconds
2024-10-09T21:45:14.124+0300: 496.957: [CMS-concurrent-mark-start]
2024-10-09T21:45:14.140+0300: 496.966: Application time: 0.0092024 seconds
2024-10-09T21:45:14.140+0300: 496.966: Total time for which application threads were stopped: 0.0001360 seconds, Stopping threads took: 0.0000941 seconds
2024-10-09T21:45:14.140+0300: 496.971: Application time: 0.0049642 seconds
2024-10-09T21:45:14.140+0300: 496.971: Total time for which application threads were stopped: 0.0001191 seconds, Stopping threads took: 0.0000797 seconds
2024-10-09T21:45:14.155+0300: 496.981: Application time: 0.0097823 seconds
2024-10-09T21:45:14.155+0300: 496.981: Total time for which application threads were stopped: 0.0001051 seconds, Stopping threads took: 0.0000679 seconds
2024-10-09T21:45:14.187+0300: 497.017: [CMS-concurrent-mark: 0.030/0.060 secs] [Times: user=0.05 sys=0.00, real=0.06 secs] 
2024-10-09T21:45:14.187+0300: 497.017: [CMS-concurrent-preclean-start]
2024-10-09T21:45:14.187+0300: 497.024: [CMS-concurrent-preclean: 0.007/0.008 secs] [Times: user=0.00 sys=0.00, real=0.00 secs] 
2024-10-09T21:45:14.187+0300: 497.024: [CMS-concurrent-abortable-preclean-start]
2024-10-09T21:45:14.312+0300: 497.142: Application time: 0.1607462 seconds
2024-10-09T21:45:14.312+0300: 497.142: Total time for which application threads were stopped: 0.0002447 seconds, Stopping threads took: 0.0001973 seconds
2024-10-09T21:45:14.453+0300: 497.290: Application time: 0.1479039 seconds
2024-10-09T21:45:14.453+0300: 497.291: [GC (Allocation Failure) 2024-10-09T21:45:14.453+0300: 497.291: [ParNew: 449757K->51072K(460096K), 0.0278727 secs] 7533378K->7137835K(8337536K), 0.0279588 secs] [Times: user=0.03 sys=0.00, real=0.03 secs] 
2024-10-09T21:45:14.485+0300: 497.319: Total time for which application threads were stopped: 0.0282795 seconds, Stopping threads took: 0.0001821 seconds
2024-10-09T21:45:14.642+0300: 497.480: Application time: 0.1613457 seconds
2024-10-09T21:45:14.642+0300: 497.480: [GC (Allocation Failure) 2024-10-09T21:45:14.642+0300: 497.480: [ParNew: 460096K->49605K(460096K), 0.0409132 secs] 7546859K->7171830K(8337536K), 0.0410025 secs] [Times: user=0.05 sys=0.00, real=0.05 secs] 
2024-10-09T21:45:14.689+0300: 497.521: Total time for which application threads were stopped: 0.0413028 seconds, Stopping threads took: 0.0001763 seconds
2024-10-09T21:45:14.720+0300: 497.552: [CMS-concurrent-abortable-preclean: 0.457/0.528 secs] [Times: user=2.11 sys=0.06, real=0.53 secs] 
2024-10-09T21:45:14.736+0300: 497.562: Application time: 0.0408471 seconds
2024-10-09T21:45:14.736+0300: 497.562: [GC (CMS Final Remark) [YG occupancy: 120063 K (460096 K)]2024-10-09T21:45:14.736+0300: 497.562: [Rescan (parallel) , 0.0118460 secs]2024-10-09T21:45:14.736+0300: 497.574: [weak refs processing, 0.0000189 secs]2024-10-09T21:45:14.736+0300: 497.574: [class unloading, 0.0021106 secs]2024-10-09T21:45:14.736+0300: 497.576: [scrub symbol table, 0.0007438 secs]2024-10-09T21:45:14.736+0300: 497.577: [scrub string table, 0.0002067 secs][1 CMS-remark: 7122225K(7877440K)] 7242288K(8337536K), 0.0150492 secs] [Times: user=0.00 sys=0.00, real=0.02 secs] 
2024-10-09T21:45:14.752+0300: 497.577: Total time for which application threads were stopped: 0.0152833 seconds, Stopping threads took: 0.0001572 seconds
2024-10-09T21:45:14.752+0300: 497.578: [CMS-concurrent-sweep-start]
2024-10-09T21:45:14.909+0300: 497.739: Application time: 0.1620593 seconds
2024-10-09T21:45:14.909+0300: 497.740: [GC (Allocation Failure) 2024-10-09T21:45:14.909+0300: 497.740: [ParNew: 458629K->46917K(460096K), 0.0297369 secs] 7264825K->6866570K(8337536K), 0.0298510 secs] [Times: user=0.11 sys=0.00, real=0.03 secs] 
2024-10-09T21:45:14.940+0300: 497.770: Total time for which application threads were stopped: 0.0301350 seconds, Stopping threads took: 0.0001101 seconds
2024-10-09T21:45:15.144+0300: 497.984: Application time: 0.2144040 seconds
2024-10-09T21:45:15.144+0300: 497.984: [GC (Allocation Failure) 2024-10-09T21:45:15.144+0300: 497.984: [ParNew: 455941K->51072K(460096K), 0.0338900 secs] 6855089K->6469944K(8337536K), 0.0339771 secs] [Times: user=0.05 sys=0.00, real=0.05 secs] 
2024-10-09T21:45:15.191+0300: 498.018: Total time for which application threads were stopped: 0.0342646 seconds, Stopping threads took: 0.0001700 seconds
2024-10-09T21:45:15.348+0300: 498.189: Application time: 0.1708802 seconds
2024-10-09T21:45:15.364+0300: 498.189: [GC (Allocation Failure) 2024-10-09T21:45:15.364+0300: 498.190: [ParNew: 460096K->51072K(460096K), 0.0339420 secs] 6537342K->6150217K(8337536K), 0.0340382 secs] [Times: user=0.03 sys=0.00, real=0.03 secs] 
2024-10-09T21:45:15.395+0300: 498.224: Total time for which application threads were stopped: 0.0344420 seconds, Stopping threads took: 0.0002764 seconds
2024-10-09T21:45:15.584+0300: 498.423: Application time: 0.1996132 seconds
2024-10-09T21:45:15.584+0300: 498.423: [GC (Allocation Failure) 2024-10-09T21:45:15.584+0300: 498.423: [ParNew: 460096K->51072K(460096K), 0.0357451 secs] 6174894K->5803248K(8337536K), 0.0358381 secs] [Times: user=0.05 sys=0.00, real=0.05 secs] 
2024-10-09T21:45:15.631+0300: 498.459: Total time for which application threads were stopped: 0.0360910 seconds, Stopping threads took: 0.0001292 seconds
2024-10-09T21:45:15.836+0300: 498.677: Application time: 0.2175529 seconds
2024-10-09T21:45:15.836+0300: 498.677: [GC (Allocation Failure) 2024-10-09T21:45:15.836+0300: 498.677: [ParNew: 460096K->51072K(460096K), 0.0260776 secs] 5820695K->5413948K(8337536K), 0.0261677 secs] [Times: user=0.06 sys=0.00, real=0.04 secs] 
2024-10-09T21:45:15.877+0300: 498.703: Total time for which application threads were stopped: 0.0265630 seconds, Stopping threads took: 0.0002247 seconds
2024-10-09T21:45:16.056+0300: 498.889: Application time: 0.1855498 seconds
2024-10-09T21:45:16.056+0300: 498.889: [GC (Allocation Failure) 2024-10-09T21:45:16.056+0300: 498.889: [ParNew: 460096K->51072K(460096K), 0.0362952 secs] 5465405K->5077053K(8337536K), 0.0364139 secs] [Times: user=0.03 sys=0.00, real=0.03 secs] 
2024-10-09T21:45:16.087+0300: 498.926: Total time for which application threads were stopped: 0.0367433 seconds, Stopping threads took: 0.0001825 seconds
2024-10-09T21:45:16.307+0300: 499.138: Application time: 0.2128029 seconds
2024-10-09T21:45:16.307+0300: 499.139: [GC (Allocation Failure) 2024-10-09T21:45:16.307+0300: 499.139: [ParNew: 460096K->49351K(460096K), 0.0322346 secs] 5095425K->4715645K(8337536K), 0.0323334 secs] [Times: user=0.19 sys=0.00, real=0.03 secs] 
2024-10-09T21:45:16.338+0300: 499.171: Total time for which application threads were stopped: 0.0328048 seconds, Stopping threads took: 0.0003195 seconds
2024-10-09T21:45:16.542+0300: 499.380: Application time: 0.2083450 seconds
2024-10-09T21:45:16.542+0300: 499.380: [GC (Allocation Failure) 2024-10-09T21:45:16.542+0300: 499.380: [ParNew: 458375K->51072K(460096K), 0.0259850 secs] 4739985K->4336540K(8337536K), 0.0260703 secs] [Times: user=0.03 sys=0.00, real=0.04 secs] 
2024-10-09T21:45:16.579+0300: 499.406: Total time for which application threads were stopped: 0.0263809 seconds, Stopping threads took: 0.0001924 seconds
2024-10-09T21:45:16.762+0300: 499.601: Application time: 0.1953335 seconds
2024-10-09T21:45:16.762+0300: 499.602: [GC (Allocation Failure) 2024-10-09T21:45:16.762+0300: 499.602: [ParNew: 460096K->51072K(460096K), 0.0348979 secs] 4381904K->3999245K(8337536K), 0.0350026 secs] [Times: user=0.16 sys=0.00, real=0.05 secs] 
2024-10-09T21:45:16.809+0300: 499.637: Total time for which application threads were stopped: 0.0353874 seconds, Stopping threads took: 0.0002225 seconds
2024-10-09T21:45:16.982+0300: 499.822: Application time: 0.1849442 seconds
2024-10-09T21:45:16.982+0300: 499.822: [GC (Allocation Failure) 2024-10-09T21:45:16.982+0300: 499.822: [ParNew: 460096K->51072K(460096K), 0.0309146 secs] 4073938K->3688438K(8337536K), 0.0310319 secs] [Times: user=0.14 sys=0.00, real=0.04 secs] 
2024-10-09T21:45:17.027+0300: 499.853: Total time for which application threads were stopped: 0.0314856 seconds, Stopping threads took: 0.0002876 seconds
2024-10-09T21:45:17.233+0300: 500.063: Application time: 0.2095263 seconds
2024-10-09T21:45:17.233+0300: 500.063: [GC (Allocation Failure) 2024-10-09T21:45:17.233+0300: 500.063: [ParNew: 460096K->47542K(460096K), 0.0275581 secs] 3716688K->3314927K(8337536K), 0.0276437 secs] [Times: user=0.02 sys=0.00, real=0.03 secs] 
2024-10-09T21:45:17.264+0300: 500.091: Total time for which application threads were stopped: 0.0279414 seconds, Stopping threads took: 0.0001774 seconds
2024-10-09T21:45:17.453+0300: 500.288: Application time: 0.1969900 seconds
2024-10-09T21:45:17.453+0300: 500.288: [GC (Allocation Failure) 2024-10-09T21:45:17.453+0300: 500.288: [ParNew: 456566K->51072K(460096K), 0.0289999 secs] 3381655K->2990872K(8337536K), 0.0291181 secs] [Times: user=0.16 sys=0.00, real=0.03 secs] 
2024-10-09T21:45:17.484+0300: 500.317: Total time for which application threads were stopped: 0.0295661 seconds, Stopping threads took: 0.0002815 seconds
2024-10-09T21:45:17.672+0300: 500.505: Application time: 0.1881555 seconds
2024-10-09T21:45:17.672+0300: 500.506: [GC (Allocation Failure) 2024-10-09T21:45:17.672+0300: 500.506: [ParNew: 460096K->45495K(460096K), 0.0351808 secs] 3061119K->2679005K(8337536K), 0.0352897 secs] [Times: user=0.11 sys=0.00, real=0.03 secs] 
2024-10-09T21:45:17.704+0300: 500.541: Total time for which application threads were stopped: 0.0356360 seconds, Stopping threads took: 0.0001628 seconds
2024-10-09T21:45:17.924+0300: 500.757: Application time: 0.2160533 seconds
2024-10-09T21:45:17.924+0300: 500.757: [GC (Allocation Failure) 2024-10-09T21:45:17.924+0300: 500.757: [ParNew: 454519K->51072K(460096K), 0.0270732 secs] 2714999K->2315681K(8337536K), 0.0271624 secs] [Times: user=0.03 sys=0.00, real=0.03 secs] 
2024-10-09T21:45:17.955+0300: 500.785: Total time for which application threads were stopped: 0.0275636 seconds, Stopping threads took: 0.0002618 seconds
2024-10-09T21:45:18.143+0300: 500.973: Application time: 0.1883870 seconds
2024-10-09T21:45:18.143+0300: 500.973: [GC (Allocation Failure) 2024-10-09T21:45:18.143+0300: 500.973: [ParNew: 460096K->51072K(460096K), 0.0378423 secs] 2392315K->2015190K(8337536K), 0.0379266 secs] [Times: user=0.05 sys=0.00, real=0.04 secs] 
2024-10-09T21:45:18.183+0300: 501.011: Total time for which application threads were stopped: 0.0382022 seconds, Stopping threads took: 0.0001560 seconds
2024-10-09T21:45:18.383+0300: 501.213: Application time: 0.2012817 seconds
2024-10-09T21:45:18.383+0300: 501.213: [GC (Allocation Failure) 2024-10-09T21:45:18.383+0300: 501.213: [ParNew: 460096K->51072K(460096K), 0.0312741 secs] 2072534K->1689295K(8337536K), 0.0313854 secs] [Times: user=0.08 sys=0.00, real=0.03 secs] 
2024-10-09T21:45:18.411+0300: 501.244: Total time for which application threads were stopped: 0.0316828 seconds, Stopping threads took: 0.0001416 seconds
2024-10-09T21:45:18.615+0300: 501.445: Application time: 0.2011083 seconds
2024-10-09T21:45:18.615+0300: 501.446: [GC (Allocation Failure) 2024-10-09T21:45:18.615+0300: 501.446: [ParNew: 460096K->51072K(460096K), 0.0250620 secs] 1744917K->1338686K(8337536K), 0.0251462 secs] [Times: user=0.02 sys=0.00, real=0.02 secs] 
2024-10-09T21:45:18.631+0300: 501.471: Total time for which application threads were stopped: 0.0254261 seconds, Stopping threads took: 0.0001554 seconds
2024-10-09T21:45:18.819+0300: 501.660: Application time: 0.1893595 seconds
2024-10-09T21:45:18.835+0300: 501.660: [GC (Allocation Failure) 2024-10-09T21:45:18.835+0300: 501.661: [ParNew: 460096K->51072K(460096K), 0.0331626 secs] 1425995K->1042727K(8337536K), 0.0332706 secs] [Times: user=0.08 sys=0.00, real=0.03 secs] 
2024-10-09T21:45:18.866+0300: 501.694: Total time for which application threads were stopped: 0.0336993 seconds, Stopping threads took: 0.0001999 seconds
2024-10-09T21:45:19.070+0300: 501.898: Application time: 0.2045466 seconds
2024-10-09T21:45:19.070+0300: 501.899: [GC (Allocation Failure) 2024-10-09T21:45:19.070+0300: 501.899: [ParNew: 460096K->51072K(460096K), 0.0291716 secs] 1095915K->703755K(8337536K), 0.0292702 secs] [Times: user=0.03 sys=0.00, real=0.03 secs] 
2024-10-09T21:45:19.102+0300: 501.928: Total time for which application threads were stopped: 0.0296082 seconds, Stopping threads took: 0.0001895 seconds
2024-10-09T21:45:19.227+0300: 502.057: [CMS-concurrent-sweep: 3.875/4.480 secs] [Times: user=23.12 sys=0.02, real=4.47 secs] 
2024-10-09T21:45:19.227+0300: 502.057: [CMS-concurrent-reset-start]
2024-10-09T21:45:19.243+0300: 502.074: [CMS-concurrent-reset: 0.017/0.017 secs] [Times: user=0.09 sys=0.00, real=0.02 secs] 
2024-10-09T21:45:19.285+0300: 502.115: Application time: 0.1865998 seconds
2024-10-09T21:45:19.285+0300: 502.115: [GC (Allocation Failure) 2024-10-09T21:45:19.285+0300: 502.115: [ParNew: 460096K->51072K(460096K), 0.0340277 secs] 913692K->532511K(8337536K), 0.0341212 secs] [Times: user=0.05 sys=0.00, real=0.04 secs] 
2024-10-09T21:45:19.322+0300: 502.149: Total time for which application threads were stopped: 0.0344370 seconds, Stopping threads took: 0.0001914 seconds
2024-10-09T21:45:19.485+0300: 502.315: Application time: 0.1654968 seconds
2024-10-09T21:45:19.485+0300: 502.315: [GC (Allocation Failure) 2024-10-09T21:45:19.485+0300: 502.315: [ParNew: 460096K->51072K(460096K), 0.0345512 secs] 941535K->561463K(8337536K), 0.0346554 secs] [Times: user=0.03 sys=0.00, real=0.03 secs] 
2024-10-09T21:45:19.510+0300: 502.349: Total time for which application threads were stopped: 0.0349379 seconds, Stopping threads took: 0.0001418 seconds
2024-10-09T21:45:19.686+0300: 502.522: Application time: 0.1722856 seconds
2024-10-09T21:45:19.686+0300: 502.522: [GC (Allocation Failure) 2024-10-09T21:45:19.686+0300: 502.522: [ParNew: 460096K->46483K(460096K), 0.0309513 secs] 970487K->572920K(8337536K), 0.0310429 secs] [Times: user=0.03 sys=0.00, real=0.03 secs] 
2024-10-09T21:45:19.714+0300: 502.553: Total time for which application threads were stopped: 0.0313511 seconds, Stopping threads took: 0.0001723 seconds
2024-10-09T21:45:19.887+0300: 502.714: Application time: 0.1604437 seconds
2024-10-09T21:45:19.887+0300: 502.714: [GC (Allocation Failure) 2024-10-09T21:45:19.887+0300: 502.714: [ParNew: 455507K->51072K(460096K), 0.0288634 secs] 981944K->593926K(8337536K), 0.0289478 secs] [Times: user=0.02 sys=0.00, real=0.02 secs] 
2024-10-09T21:45:19.903+0300: 502.743: Total time for which application threads were stopped: 0.0291931 seconds, Stopping threads took: 0.0001333 seconds
2024-10-09T21:45:20.075+0300: 502.906: Application time: 0.1632379 seconds
2024-10-09T21:45:20.075+0300: 502.906: [GC (Allocation Failure) 2024-10-09T21:45:20.075+0300: 502.906: [ParNew: 460096K->50956K(460096K), 0.0313116 secs] 1002950K->617459K(8337536K), 0.0313993 secs] [Times: user=0.03 sys=0.00, real=0.03 secs] 
2024-10-09T21:45:20.107+0300: 502.938: Total time for which application threads were stopped: 0.0316380 seconds, Stopping threads took: 0.0001249 seconds
2024-10-09T21:45:20.264+0300: 503.103: Application time: 0.1651939 seconds
2024-10-09T21:45:20.264+0300: 503.103: [GC (Allocation Failure) 2024-10-09T21:45:20.264+0300: 503.103: [ParNew: 459980K->51072K(460096K), 0.0284444 secs] 1026483K->631151K(8337536K), 0.0285432 secs] [Times: user=0.03 sys=0.00, real=0.03 secs] 
2024-10-09T21:45:20.296+0300: 503.132: Total time for which application threads were stopped: 0.0288564 seconds, Stopping threads took: 0.0001749 seconds
2024-10-09T21:45:20.468+0300: 503.297: Application time: 0.1649045 seconds
2024-10-09T21:45:20.468+0300: 503.297: [GC (Allocation Failure) 2024-10-09T21:45:20.468+0300: 503.297: [ParNew: 460096K->51072K(460096K), 0.0343176 secs] 1040175K->659790K(8337536K), 0.0344101 secs] [Times: user=0.03 sys=0.00, real=0.03 secs] 
2024-10-09T21:45:20.500+0300: 503.331: Total time for which application threads were stopped: 0.0347072 seconds, Stopping threads took: 0.0001530 seconds
2024-10-09T21:45:20.656+0300: 503.494: Application time: 0.1626053 seconds
2024-10-09T21:45:20.656+0300: 503.494: [GC (Allocation Failure) 2024-10-09T21:45:20.656+0300: 503.494: [ParNew: 460096K->51072K(460096K), 0.0298603 secs] 1068814K->674554K(8337536K), 0.0299525 secs] [Times: user=0.05 sys=0.00, real=0.03 secs] 
2024-10-09T21:45:20.688+0300: 503.524: Total time for which application threads were stopped: 0.0302546 seconds, Stopping threads took: 0.0001641 seconds
2024-10-09T21:45:20.861+0300: 503.693: Application time: 0.1689147 seconds
2024-10-09T21:45:20.861+0300: 503.693: [GC (Allocation Failure) 2024-10-09T21:45:20.861+0300: 503.693: [ParNew: 460096K->51072K(460096K), 0.0289415 secs] 1083578K->691977K(8337536K), 0.0290338 secs] [Times: user=0.03 sys=0.00, real=0.03 secs] 
2024-10-09T21:45:20.893+0300: 503.722: Total time for which application threads were stopped: 0.0292982 seconds, Stopping threads took: 0.0001419 seconds
2024-10-09T21:45:21.049+0300: 503.884: Application time: 0.1620031 seconds
2024-10-09T21:45:21.049+0300: 503.885: [GC (Allocation Failure) 2024-10-09T21:45:21.049+0300: 503.885: [ParNew: 460096K->51072K(460096K), 0.0289408 secs] 1101001K->708555K(8337536K), 0.0290332 secs] [Times: user=0.03 sys=0.00, real=0.03 secs] 
2024-10-09T21:45:21.080+0300: 503.914: Total time for which application threads were stopped: 0.0293127 seconds, Stopping threads took: 0.0001624 seconds
2024-10-09T21:45:21.238+0300: 504.077: Application time: 0.1630643 seconds
2024-10-09T21:45:21.238+0300: 504.077: [GC (Allocation Failure) 2024-10-09T21:45:21.238+0300: 504.077: [ParNew: 460096K->51072K(460096K), 0.0286257 secs] 1117579K->725947K(8337536K), 0.0287202 secs] [Times: user=0.03 sys=0.00, real=0.03 secs] 
2024-10-09T21:45:21.269+0300: 504.106: Total time for which application threads were stopped: 0.0289983 seconds, Stopping threads took: 0.0001563 seconds
2024-10-09T21:45:21.442+0300: 504.272: Application time: 0.1665385 seconds
2024-10-09T21:45:21.442+0300: 504.273: [GC (Allocation Failure) 2024-10-09T21:45:21.442+0300: 504.273: [ParNew: 460096K->51072K(460096K), 0.0275367 secs] 1134971K->742455K(8337536K), 0.0276306 secs] [Times: user=0.01 sys=0.00, real=0.03 secs] 
2024-10-09T21:45:21.473+0300: 504.300: Total time for which application threads were stopped: 0.0279123 seconds, Stopping threads took: 0.0001456 seconds
2024-10-09T21:45:21.630+0300: 504.463: Application time: 0.1632601 seconds
2024-10-09T21:45:21.630+0300: 504.464: [GC (Allocation Failure) 2024-10-09T21:45:21.630+0300: 504.464: [ParNew: 460096K->51072K(460096K), 0.0317832 secs] 1151479K->762190K(8337536K), 0.0318749 secs] [Times: user=0.03 sys=0.00, real=0.03 secs] 
2024-10-09T21:45:21.661+0300: 504.496: Total time for which application threads were stopped: 0.0321368 seconds, Stopping threads took: 0.0001514 seconds
2024-10-09T21:45:21.834+0300: 504.663: Application time: 0.1669111 seconds
2024-10-09T21:45:21.834+0300: 504.663: [GC (Allocation Failure) 2024-10-09T21:45:21.834+0300: 504.663: [ParNew: 460096K->51072K(460096K), 0.0264970 secs] 1171214K->774585K(8337536K), 0.0265882 secs] [Times: user=0.05 sys=0.00, real=0.02 secs] 
2024-10-09T21:45:21.850+0300: 504.689: Total time for which application threads were stopped: 0.0268466 seconds, Stopping threads took: 0.0001343 seconds
2024-10-09T21:45:22.022+0300: 504.854: Application time: 0.1649362 seconds
2024-10-09T21:45:22.022+0300: 504.855: [GC (Allocation Failure) 2024-10-09T21:45:22.022+0300: 504.855: [ParNew: 460096K->51072K(460096K), 0.0351186 secs] 1183609K->804328K(8337536K), 0.0352043 secs] [Times: user=0.08 sys=0.00, real=0.03 secs] 
2024-10-09T21:45:22.054+0300: 504.890: Total time for which application threads were stopped: 0.0354675 seconds, Stopping threads took: 0.0001372 seconds
2024-10-09T21:45:22.211+0300: 505.049: Application time: 0.1595648 seconds
2024-10-09T21:45:22.211+0300: 505.050: [GC (Allocation Failure) 2024-10-09T21:45:22.211+0300: 505.050: [ParNew: 460096K->51072K(460096K), 0.0298378 secs] 1213352K->823955K(8337536K), 0.0299223 secs] [Times: user=0.03 sys=0.00, real=0.03 secs] 
2024-10-09T21:45:22.242+0300: 505.079: Total time for which application threads were stopped: 0.0301389 seconds, Stopping threads took: 0.0001005 seconds
2024-10-09T21:45:22.415+0300: 505.243: Application time: 0.1635246 seconds
2024-10-09T21:45:22.415+0300: 505.243: [GC (Allocation Failure) 2024-10-09T21:45:22.415+0300: 505.243: [ParNew: 460096K->51072K(460096K), 0.0276319 secs] 1232979K->839671K(8337536K), 0.0277194 secs] [Times: user=0.02 sys=0.00, real=0.02 secs] 
2024-10-09T21:45:22.430+0300: 505.271: Total time for which application threads were stopped: 0.0279860 seconds, Stopping threads took: 0.0001433 seconds
2024-10-09T21:45:22.610+0300: 505.435: Application time: 0.1642913 seconds
2024-10-09T21:45:22.610+0300: 505.435: [GC (Allocation Failure) 2024-10-09T21:45:22.610+0300: 505.436: [ParNew: 460096K->48886K(460096K), 0.0310677 secs] 1248695K->858653K(8337536K), 0.0311619 secs] [Times: user=0.03 sys=0.00, real=0.03 secs] 
2024-10-09T21:45:22.640+0300: 505.467: Total time for which application threads were stopped: 0.0314065 seconds, Stopping threads took: 0.0000990 seconds
2024-10-09T21:45:22.793+0300: 505.632: Application time: 0.1655182 seconds
2024-10-09T21:45:22.793+0300: 505.633: [GC (Allocation Failure) 2024-10-09T21:45:22.793+0300: 505.633: [ParNew: 457910K->51072K(460096K), 0.0281169 secs] 1267677K->872608K(8337536K), 0.0282070 secs] [Times: user=0.06 sys=0.00, real=0.03 secs] 
2024-10-09T21:45:22.823+0300: 505.661: Total time for which application threads were stopped: 0.0285675 seconds, Stopping threads took: 0.0001995 seconds
2024-10-09T21:45:22.996+0300: 505.824: Application time: 0.1630074 seconds
2024-10-09T21:45:22.996+0300: 505.824: [GC (Allocation Failure) 2024-10-09T21:45:22.996+0300: 505.824: [ParNew: 460096K->47407K(460096K), 0.0323244 secs] 1281632K->894964K(8337536K), 0.0324084 secs] [Times: user=0.03 sys=0.00, real=0.03 secs] 
2024-10-09T21:45:23.028+0300: 505.856: Total time for which application threads were stopped: 0.0326776 seconds, Stopping threads took: 0.0001449 seconds
2024-10-09T21:45:23.193+0300: 506.026: Application time: 0.1693569 seconds
2024-10-09T21:45:23.193+0300: 506.026: [GC (Allocation Failure) 2024-10-09T21:45:23.193+0300: 506.026: [ParNew: 456431K->48416K(460096K), 0.0288034 secs] 1303988K->914073K(8337536K), 0.0289051 secs] [Times: user=0.06 sys=0.00, real=0.02 secs] 
2024-10-09T21:45:23.217+0300: 506.055: Total time for which application threads were stopped: 0.0292014 seconds, Stopping threads took: 0.0001646 seconds
2024-10-09T21:45:23.405+0300: 506.246: Application time: 0.1913629 seconds
2024-10-09T21:45:23.405+0300: 506.247: [GC (Allocation Failure) 2024-10-09T21:45:23.421+0300: 506.247: [ParNew: 457440K->51072K(460096K), 0.0265470 secs] 1323097K->926233K(8337536K), 0.0266870 secs] [Times: user=0.02 sys=0.02, real=0.03 secs] 
2024-10-09T21:45:23.437+0300: 506.273: Total time for which application threads were stopped: 0.0269691 seconds, Stopping threads took: 0.0001540 seconds
2024-10-09T21:45:23.625+0300: 506.453: Application time: 0.1792263 seconds
2024-10-09T21:45:23.625+0300: 506.453: [GC (Allocation Failure) 2024-10-09T21:45:23.625+0300: 506.453: [ParNew: 460096K->51072K(460096K), 0.0356611 secs] 1335257K->957038K(8337536K), 0.0357621 secs] [Times: user=0.05 sys=0.00, real=0.03 secs] 
2024-10-09T21:45:23.656+0300: 506.489: Total time for which application threads were stopped: 0.0360422 seconds, Stopping threads took: 0.0001492 seconds
2024-10-09T21:45:23.829+0300: 506.663: Application time: 0.1740086 seconds
2024-10-09T21:45:23.829+0300: 506.663: [GC (Allocation Failure) 2024-10-09T21:45:23.829+0300: 506.663: [ParNew: 460096K->46522K(460096K), 0.0279494 secs] 1366062K->964390K(8337536K), 0.0280560 secs] [Times: user=0.06 sys=0.00, real=0.03 secs] 
2024-10-09T21:45:23.861+0300: 506.691: Total time for which application threads were stopped: 0.0283052 seconds, Stopping threads took: 0.0001203 seconds
2024-10-09T21:45:24.050+0300: 506.881: Application time: 0.1901581 seconds
2024-10-09T21:45:24.050+0300: 506.881: [GC (Allocation Failure) 2024-10-09T21:45:24.050+0300: 506.881: [ParNew: 455546K->51072K(460096K), 0.0281611 secs] 1373414K->984476K(8337536K), 0.0282534 secs] [Times: user=0.03 sys=0.00, real=0.03 secs] 
2024-10-09T21:45:24.081+0300: 506.910: Total time for which application threads were stopped: 0.0285128 seconds, Stopping threads took: 0.0001407 seconds
2024-10-09T21:45:24.254+0300: 507.087: Application time: 0.1775179 seconds
2024-10-09T21:45:24.254+0300: 507.087: [GC (Allocation Failure) 2024-10-09T21:45:24.254+0300: 507.087: [ParNew: 460096K->48920K(460096K), 0.0319683 secs] 1393500K->1008739K(8337536K), 0.0320681 secs] [Times: user=0.03 sys=0.00, real=0.03 secs] 
2024-10-09T21:45:24.285+0300: 507.120: Total time for which application threads were stopped: 0.0323329 seconds, Stopping threads took: 0.0001402 seconds
2024-10-09T21:45:24.458+0300: 507.291: Application time: 0.1711148 seconds
2024-10-09T21:45:24.458+0300: 507.291: [GC (Allocation Failure) 2024-10-09T21:45:24.458+0300: 507.291: [ParNew: 457944K->51072K(460096K), 0.0322308 secs] 1417763K->1025234K(8337536K), 0.0323296 secs] [Times: user=0.06 sys=0.00, real=0.04 secs] 
2024-10-09T21:45:24.496+0300: 507.323: Total time for which application threads were stopped: 0.0325585 seconds, Stopping threads took: 0.0001050 seconds
2024-10-09T21:45:24.646+0300: 507.486: Application time: 0.1631937 seconds
2024-10-09T21:45:24.646+0300: 507.487: [GC (Allocation Failure) 2024-10-09T21:45:24.646+0300: 507.487: [ParNew: 460096K->51072K(460096K), 0.0384190 secs] 1434258K->1050204K(8337536K), 0.0385166 secs] [Times: user=0.05 sys=0.00, real=0.05 secs] 
2024-10-09T21:45:24.697+0300: 507.525: Total time for which application threads were stopped: 0.0388031 seconds, Stopping threads took: 0.0001617 seconds
2024-10-09T21:45:24.881+0300: 507.714: Application time: 0.1889896 seconds
2024-10-09T21:45:24.881+0300: 507.714: [GC (Allocation Failure) 2024-10-09T21:45:24.881+0300: 507.714: [ParNew: 460096K->51072K(460096K), 0.0307420 secs] 1459228K->1071899K(8337536K), 0.0308349 secs] [Times: user=0.06 sys=0.00, real=0.03 secs] 
2024-10-09T21:45:24.913+0300: 507.745: Total time for which application threads were stopped: 0.0311316 seconds, Stopping threads took: 0.0001483 seconds
2024-10-09T21:45:25.085+0300: 507.916: Application time: 0.1705588 seconds
2024-10-09T21:45:25.085+0300: 507.916: [GC (Allocation Failure) 2024-10-09T21:45:25.085+0300: 507.916: [ParNew: 460096K->47436K(460096K), 0.0591328 secs] 1480923K->1096946K(8337536K), 0.0592295 secs] [Times: user=0.28 sys=0.00, real=0.06 secs] 
2024-10-09T21:45:25.148+0300: 507.975: Total time for which application threads were stopped: 0.0594807 seconds, Stopping threads took: 0.0001269 seconds
2024-10-09T21:45:25.321+0300: 508.147: Application time: 0.1720411 seconds
2024-10-09T21:45:25.321+0300: 508.148: [GC (Allocation Failure) 2024-10-09T21:45:25.321+0300: 508.148: [ParNew: 456460K->51072K(460096K), 0.0266583 secs] 1505970K->1109379K(8337536K), 0.0267621 secs] [Times: user=0.05 sys=0.00, real=0.02 secs] 
2024-10-09T21:45:25.337+0300: 508.174: Total time for which application threads were stopped: 0.0270733 seconds, Stopping threads took: 0.0001715 seconds
2024-10-09T21:45:25.499+0300: 508.326: Application time: 0.1517909 seconds
2024-10-09T21:45:25.499+0300: 508.327: [GC (Allocation Failure) 2024-10-09T21:45:25.499+0300: 508.327: [ParNew: 460096K->51072K(460096K), 0.0287197 secs] 1518403K->1123705K(8337536K), 0.0288075 secs] [Times: user=0.06 sys=0.00, real=0.03 secs] 
2024-10-09T21:45:25.526+0300: 508.355: Total time for which application threads were stopped: 0.0290879 seconds, Stopping threads took: 0.0001618 seconds
2024-10-09T21:45:25.699+0300: 508.526: Application time: 0.1703050 seconds
2024-10-09T21:45:25.699+0300: 508.526: [GC (Allocation Failure) 2024-10-09T21:45:25.699+0300: 508.526: [ParNew: 460096K->49741K(460096K), 0.0378679 secs] 1532729K->1152614K(8337536K), 0.0379672 secs] [Times: user=0.16 sys=0.00, real=0.03 secs] 
2024-10-09T21:45:25.730+0300: 508.564: Total time for which application threads were stopped: 0.0382176 seconds, Stopping threads took: 0.0001088 seconds
2024-10-09T21:45:25.934+0300: 508.762: Application time: 0.1979322 seconds
2024-10-09T21:45:25.934+0300: 508.762: [GC (Allocation Failure) 2024-10-09T21:45:25.934+0300: 508.762: [ParNew: 458765K->51072K(460096K), 0.0269674 secs] 1561638K->1161347K(8337536K), 0.0270583 secs] [Times: user=0.05 sys=0.00, real=0.01 secs] 
2024-10-09T21:45:25.949+0300: 508.789: Total time for which application threads were stopped: 0.0273060 seconds, Stopping threads took: 0.0001298 seconds
2024-10-09T21:45:26.106+0300: 508.942: Application time: 0.1532483 seconds
2024-10-09T21:45:26.106+0300: 508.943: [GC (Allocation Failure) 2024-10-09T21:45:26.106+0300: 508.943: [ParNew: 460096K->49212K(460096K), 0.0382425 secs] 1570371K->1198262K(8337536K), 0.0383360 secs] [Times: user=0.08 sys=0.00, real=0.05 secs] 
2024-10-09T21:45:26.153+0300: 508.981: Total time for which application threads were stopped: 0.0386344 seconds, Stopping threads took: 0.0001533 seconds
2024-10-09T21:45:26.341+0300: 509.179: Application time: 0.1978775 seconds
2024-10-09T21:45:26.341+0300: 509.179: [GC (Allocation Failure) 2024-10-09T21:45:26.341+0300: 509.179: [ParNew: 458236K->44736K(460096K), 0.0291822 secs] 1607286K->1213215K(8337536K), 0.0292889 secs] [Times: user=0.19 sys=0.00, real=0.03 secs] 
2024-10-09T21:45:26.373+0300: 509.209: Total time for which application threads were stopped: 0.0298729 seconds, Stopping threads took: 0.0004403 seconds
2024-10-09T21:45:26.577+0300: 509.409: Application time: 0.1999228 seconds
2024-10-09T21:45:26.577+0300: 509.409: [GC (Allocation Failure) 2024-10-09T21:45:26.577+0300: 509.409: [ParNew: 453760K->51072K(460096K), 0.0278637 secs] 1622239K->1228660K(8337536K), 0.0279580 secs] [Times: user=0.03 sys=0.00, real=0.03 secs] 
2024-10-09T21:45:26.608+0300: 509.437: Total time for which application threads were stopped: 0.0282187 seconds, Stopping threads took: 0.0001328 seconds
2024-10-09T21:45:26.781+0300: 509.619: Application time: 0.1816693 seconds
2024-10-09T21:45:26.781+0300: 509.619: [GC (Allocation Failure) 2024-10-09T21:45:26.781+0300: 509.619: [ParNew: 460096K->51072K(460096K), 0.0324225 secs] 1637684K->1252407K(8337536K), 0.0325208 secs] [Times: user=0.03 sys=0.00, real=0.03 secs] 
2024-10-09T21:45:26.813+0300: 509.651: Total time for which application threads were stopped: 0.0328609 seconds, Stopping threads took: 0.0001960 seconds
2024-10-09T21:45:26.985+0300: 509.822: Application time: 0.1701225 seconds
2024-10-09T21:45:26.985+0300: 509.822: [GC (Allocation Failure) 2024-10-09T21:45:26.985+0300: 509.822: [ParNew: 460096K->51072K(460096K), 0.0299611 secs] 1661431K->1273513K(8337536K), 0.0300541 secs] [Times: user=0.06 sys=0.00, real=0.03 secs] 
2024-10-09T21:45:27.017+0300: 509.852: Total time for which application threads were stopped: 0.0303671 seconds, Stopping threads took: 0.0001866 seconds
2024-10-09T21:45:27.205+0300: 510.043: Application time: 0.1907840 seconds
2024-10-09T21:45:27.205+0300: 510.043: [GC (Allocation Failure) 2024-10-09T21:45:27.205+0300: 510.043: [ParNew: 460096K->51072K(460096K), 0.0279973 secs] 1682537K->1285560K(8337536K), 0.0281003 secs] [Times: user=0.05 sys=0.00, real=0.03 secs] 
2024-10-09T21:45:27.237+0300: 510.071: Total time for which application threads were stopped: 0.0283983 seconds, Stopping threads took: 0.0001581 seconds
2024-10-09T21:45:27.425+0300: 510.252: Application time: 0.1804089 seconds
2024-10-09T21:45:27.425+0300: 510.252: [GC (Allocation Failure) 2024-10-09T21:45:27.425+0300: 510.252: [ParNew: 460096K->51072K(460096K), 0.0308383 secs] 1694584K->1309705K(8337536K), 0.0309304 secs] [Times: user=0.06 sys=0.00, real=0.03 secs] 
2024-10-09T21:45:27.457+0300: 510.283: Total time for which application threads were stopped: 0.0311767 seconds, Stopping threads took: 0.0001233 seconds
2024-10-09T21:45:27.613+0300: 510.448: Application time: 0.1656104 seconds
2024-10-09T21:45:27.613+0300: 510.449: [GC (Allocation Failure) 2024-10-09T21:45:27.613+0300: 510.449: [ParNew: 460096K->51072K(460096K), 0.0306755 secs] 1718729K->1325250K(8337536K), 0.0307962 secs] [Times: user=0.05 sys=0.00, real=0.03 secs] 
2024-10-09T21:45:27.645+0300: 510.480: Total time for which application threads were stopped: 0.0311630 seconds, Stopping threads took: 0.0002010 seconds
2024-10-09T21:45:27.817+0300: 510.652: Application time: 0.1726558 seconds
2024-10-09T21:45:27.817+0300: 510.652: [GC (Allocation Failure) 2024-10-09T21:45:27.817+0300: 510.653: [ParNew: 460096K->51072K(460096K), 0.0314577 secs] 1734274K->1345612K(8337536K), 0.0315587 secs] [Times: user=0.03 sys=0.00, real=0.03 secs] 
2024-10-09T21:45:27.848+0300: 510.684: Total time for which application threads were stopped: 0.0319194 seconds, Stopping threads took: 0.0002257 seconds
2024-10-09T21:45:28.006+0300: 510.847: Application time: 0.1624388 seconds
2024-10-09T21:45:28.006+0300: 510.847: [GC (Allocation Failure) 2024-10-09T21:45:28.006+0300: 510.847: [ParNew: 460096K->51072K(460096K), 0.0323747 secs] 1754636K->1365534K(8337536K), 0.0324826 secs] [Times: user=0.08 sys=0.00, real=0.05 secs] 
2024-10-09T21:45:28.052+0300: 510.879: Total time for which application threads were stopped: 0.0327989 seconds, Stopping threads took: 0.0001850 seconds
2024-10-09T21:45:28.210+0300: 511.046: Application time: 0.1665567 seconds
2024-10-09T21:45:28.210+0300: 511.046: [GC (Allocation Failure) 2024-10-09T21:45:28.210+0300: 511.046: [ParNew: 460096K->51072K(460096K), 0.0303510 secs] 1774558K->1376964K(8337536K), 0.0304430 secs] [Times: user=0.06 sys=0.00, real=0.03 secs] 
2024-10-09T21:45:28.241+0300: 511.077: Total time for which application threads were stopped: 0.0307228 seconds, Stopping threads took: 0.0001556 seconds
2024-10-09T21:45:28.429+0300: 511.263: Application time: 0.1866164 seconds
2024-10-09T21:45:28.429+0300: 511.264: [GC (Allocation Failure) 2024-10-09T21:45:28.429+0300: 511.264: [ParNew: 460096K->51072K(460096K), 0.0307277 secs] 1785988K->1398973K(8337536K), 0.0308228 secs] [Times: user=0.03 sys=0.00, real=0.03 secs] 
2024-10-09T21:45:28.461+0300: 511.294: Total time for which application threads were stopped: 0.0311432 seconds, Stopping threads took: 0.0001902 seconds
2024-10-09T21:45:28.649+0300: 511.486: Application time: 0.1914703 seconds
2024-10-09T21:45:28.649+0300: 511.486: [GC (Allocation Failure) 2024-10-09T21:45:28.649+0300: 511.486: [ParNew: 460096K->51072K(460096K), 0.0306485 secs] 1807997K->1418376K(8337536K), 0.0307402 secs] [Times: user=0.17 sys=0.00, real=0.03 secs] 
2024-10-09T21:45:28.680+0300: 511.517: Total time for which application threads were stopped: 0.0310524 seconds, Stopping threads took: 0.0001771 seconds
2024-10-09T21:45:28.853+0300: 511.691: Application time: 0.1739275 seconds
2024-10-09T21:45:28.853+0300: 511.691: [GC (Allocation Failure) 2024-10-09T21:45:28.853+0300: 511.691: [ParNew: 460096K->51072K(460096K), 0.0362758 secs] 1827400K->1431431K(8337536K), 0.0363670 secs] [Times: user=0.06 sys=0.00, real=0.05 secs] 
2024-10-09T21:45:28.900+0300: 511.727: Total time for which application threads were stopped: 0.0366634 seconds, Stopping threads took: 0.0001699 seconds
2024-10-09T21:45:29.041+0300: 511.879: Application time: 0.1510444 seconds
2024-10-09T21:45:29.041+0300: 511.879: [GC (Allocation Failure) 2024-10-09T21:45:29.041+0300: 511.879: [ParNew: 460096K->48642K(460096K), 0.0333147 secs] 1840455K->1456348K(8337536K), 0.0334097 secs] [Times: user=0.03 sys=0.00, real=0.03 secs] 
2024-10-09T21:45:29.073+0300: 511.912: Total time for which application threads were stopped: 0.0336966 seconds, Stopping threads took: 0.0001675 seconds
2024-10-09T21:45:29.277+0300: 512.110: Application time: 0.1973128 seconds
2024-10-09T21:45:29.277+0300: 512.110: [GC (Allocation Failure) 2024-10-09T21:45:29.277+0300: 512.110: [ParNew: 457666K->44272K(460096K), 0.0304625 secs] 1865372K->1479685K(8337536K), 0.0305500 secs] [Times: user=0.03 sys=0.00, real=0.03 secs] 
2024-10-09T21:45:29.308+0300: 512.140: Total time for which application threads were stopped: 0.0308243 seconds, Stopping threads took: 0.0001560 seconds
2024-10-09T21:45:29.481+0300: 512.318: Application time: 0.1772771 seconds
2024-10-09T21:45:29.481+0300: 512.318: [GC (Allocation Failure) 2024-10-09T21:45:29.481+0300: 512.318: [ParNew: 453296K->51072K(460096K), 0.0300843 secs] 1888709K->1490238K(8337536K), 0.0301688 secs] [Times: user=0.05 sys=0.00, real=0.03 secs] 
2024-10-09T21:45:29.512+0300: 512.348: Total time for which application threads were stopped: 0.0304410 seconds, Stopping threads took: 0.0001522 seconds
2024-10-09T21:45:29.685+0300: 512.526: Application time: 0.1779225 seconds
2024-10-09T21:45:29.685+0300: 512.526: [GC (Allocation Failure) 2024-10-09T21:45:29.685+0300: 512.526: [ParNew: 460096K->51072K(460096K), 0.0396085 secs] 1899262K->1519829K(8337536K), 0.0397020 secs] [Times: user=0.09 sys=0.00, real=0.05 secs] 
2024-10-09T21:45:29.733+0300: 512.566: Total time for which application threads were stopped: 0.0400004 seconds, Stopping threads took: 0.0001715 seconds
2024-10-09T21:45:29.921+0300: 512.754: Application time: 0.1875858 seconds
2024-10-09T21:45:29.921+0300: 512.754: [GC (Allocation Failure) 2024-10-09T21:45:29.921+0300: 512.754: [ParNew: 460096K->44373K(460096K), 0.0337218 secs] 1928853K->1545832K(8337536K), 0.0338299 secs] [Times: user=0.03 sys=0.00, real=0.03 secs] 
2024-10-09T21:45:29.952+0300: 512.788: Total time for which application threads were stopped: 0.0340727 seconds, Stopping threads took: 0.0001133 seconds
2024-10-09T21:45:30.125+0300: 512.966: Application time: 0.1780070 seconds
2024-10-09T21:45:30.125+0300: 512.966: [GC (Allocation Failure) 2024-10-09T21:45:30.125+0300: 512.966: [ParNew: 453397K->51072K(460096K), 0.0265809 secs] 1954856K->1556170K(8337536K), 0.0266691 secs] [Times: user=0.06 sys=0.00, real=0.03 secs] 
2024-10-09T21:45:30.156+0300: 512.993: Total time for which application threads were stopped: 0.0269451 seconds, Stopping threads took: 0.0001512 seconds
2024-10-09T21:45:30.314+0300: 513.147: Application time: 0.1547477 seconds
2024-10-09T21:45:30.314+0300: 513.148: [GC (Allocation Failure) 2024-10-09T21:45:30.314+0300: 513.148: [ParNew: 460096K->51072K(460096K), 0.0321206 secs] 1965194K->1570975K(8337536K), 0.0322186 secs] [Times: user=0.06 sys=0.00, real=0.03 secs] 
2024-10-09T21:45:30.345+0300: 513.180: Total time for which application threads were stopped: 0.0324955 seconds, Stopping threads took: 0.0001551 seconds
2024-10-09T21:45:30.518+0300: 513.351: Application time: 0.1715800 seconds
2024-10-09T21:45:30.518+0300: 513.352: [GC (Allocation Failure) 2024-10-09T21:45:30.518+0300: 513.352: [ParNew: 460096K->42330K(460096K), 0.0345849 secs] 1979999K->1601649K(8337536K), 0.0346733 secs] [Times: user=0.05 sys=0.00, real=0.03 secs] 
2024-10-09T21:45:30.549+0300: 513.386: Total time for which application threads were stopped: 0.0349181 seconds, Stopping threads took: 0.0001264 seconds
2024-10-09T21:45:30.737+0300: 513.568: Application time: 0.1815558 seconds
2024-10-09T21:45:30.737+0300: 513.568: [GC (Allocation Failure) 2024-10-09T21:45:30.737+0300: 513.568: [ParNew: 451354K->51072K(460096K), 0.0290085 secs] 2010673K->1612955K(8337536K), 0.0290874 secs] [Times: user=0.03 sys=0.00, real=0.03 secs] 
2024-10-09T21:45:30.769+0300: 513.597: Total time for which application threads were stopped: 0.0293644 seconds, Stopping threads took: 0.0001649 seconds
2024-10-09T21:45:30.942+0300: 513.782: Application time: 0.1851024 seconds
2024-10-09T21:45:30.942+0300: 513.783: [GC (Allocation Failure) 2024-10-09T21:45:30.942+0300: 513.783: [ParNew: 460096K->51072K(460096K), 0.0307240 secs] 2021979K->1629585K(8337536K), 0.0308133 secs] [Times: user=0.06 sys=0.00, real=0.03 secs] 
2024-10-09T21:45:30.973+0300: 513.813: Total time for which application threads were stopped: 0.0310643 seconds, Stopping threads took: 0.0001285 seconds
2024-10-09T21:45:31.177+0300: 514.004: Application time: 0.1908429 seconds
2024-10-09T21:45:31.177+0300: 514.005: [GC (Allocation Failure) 2024-10-09T21:45:31.177+0300: 514.005: [ParNew: 460096K->51072K(460096K), 0.0344397 secs] 2038609K->1657516K(8337536K), 0.0345296 secs] [Times: user=0.05 sys=0.00, real=0.03 secs] 
2024-10-09T21:45:31.212+0300: 514.039: Total time for which application threads were stopped: 0.0347763 seconds, Stopping threads took: 0.0001307 seconds
2024-10-09T21:45:31.381+0300: 514.218: Application time: 0.1786498 seconds
2024-10-09T21:45:31.381+0300: 514.218: [GC (Allocation Failure) 2024-10-09T21:45:31.381+0300: 514.218: [ParNew: 460096K->51072K(460096K), 0.0329211 secs] 2066540K->1683081K(8337536K), 0.0330267 secs] [Times: user=0.17 sys=0.00, real=0.04 secs] 
2024-10-09T21:45:31.424+0300: 514.251: Total time for which application threads were stopped: 0.0333196 seconds, Stopping threads took: 0.0001417 seconds
2024-10-09T21:45:31.585+0300: 514.413: Application time: 0.1620887 seconds
2024-10-09T21:45:31.585+0300: 514.413: [GC (Allocation Failure) 2024-10-09T21:45:31.585+0300: 514.413: [ParNew: 460096K->51072K(460096K), 0.0516506 secs] 2092105K->1705297K(8337536K), 0.0517447 secs] [Times: user=0.12 sys=0.00, real=0.05 secs] 
2024-10-09T21:45:31.632+0300: 514.465: Total time for which application threads were stopped: 0.0519996 seconds, Stopping threads took: 0.0001252 seconds
2024-10-09T21:45:31.820+0300: 514.658: Application time: 0.1925118 seconds
2024-10-09T21:45:31.820+0300: 514.658: [GC (Allocation Failure) 2024-10-09T21:45:31.820+0300: 514.658: [ParNew: 460096K->51072K(460096K), 0.0347450 secs] 2114321K->1727327K(8337536K), 0.0348421 secs] [Times: user=0.03 sys=0.00, real=0.03 secs] 
2024-10-09T21:45:31.852+0300: 514.693: Total time for which application threads were stopped: 0.0351443 seconds, Stopping threads took: 0.0001661 seconds
2024-10-09T21:45:32.040+0300: 514.873: Application time: 0.1797479 seconds
2024-10-09T21:45:32.040+0300: 514.873: [GC (Allocation Failure) 2024-10-09T21:45:32.040+0300: 514.873: [ParNew: 460096K->51072K(460096K), 0.0288170 secs] 2136351K->1741639K(8337536K), 0.0289087 secs] [Times: user=0.06 sys=0.00, real=0.03 secs] 
2024-10-09T21:45:32.071+0300: 514.902: Total time for which application threads were stopped: 0.0292015 seconds, Stopping threads took: 0.0001641 seconds
2024-10-09T21:45:32.244+0300: 515.071: Application time: 0.1687937 seconds
2024-10-09T21:45:32.244+0300: 515.071: [GC (Allocation Failure) 2024-10-09T21:45:32.244+0300: 515.071: [ParNew: 460096K->51072K(460096K), 0.0338631 secs] 2150663K->1767796K(8337536K), 0.0339479 secs] [Times: user=0.06 sys=0.00, real=0.03 secs] 
2024-10-09T21:45:32.276+0300: 515.105: Total time for which application threads were stopped: 0.0342064 seconds, Stopping threads took: 0.0001407 seconds
2024-10-09T21:45:32.464+0300: 515.296: Application time: 0.1909188 seconds
2024-10-09T21:45:32.464+0300: 515.296: [GC (Allocation Failure) 2024-10-09T21:45:32.464+0300: 515.296: [ParNew: 460096K->51072K(460096K), 0.0266690 secs] 2176820K->1776655K(8337536K), 0.0267595 secs] [Times: user=0.03 sys=0.00, real=0.03 secs] 
2024-10-09T21:45:32.495+0300: 515.323: Total time for which application threads were stopped: 0.0270082 seconds, Stopping threads took: 0.0001314 seconds
2024-10-09T21:45:32.700+0300: 515.527: Application time: 0.2045668 seconds
2024-10-09T21:45:32.700+0300: 515.528: [GC (Allocation Failure) 2024-10-09T21:45:32.700+0300: 515.528: [ParNew: 460096K->51072K(460096K), 0.0320149 secs] 2185679K->1796487K(8337536K), 0.0321145 secs] [Times: user=0.17 sys=0.00, real=0.03 secs] 
2024-10-09T21:45:32.731+0300: 515.560: Total time for which application threads were stopped: 0.0325533 seconds, Stopping threads took: 0.0003111 seconds
2024-10-09T21:45:32.920+0300: 515.757: Application time: 0.1967447 seconds
2024-10-09T21:45:32.920+0300: 515.757: [GC (Allocation Failure) 2024-10-09T21:45:32.920+0300: 515.757: [ParNew: 460096K->45932K(460096K), 0.0279802 secs] 2205511K->1815951K(8337536K), 0.0280875 secs] [Times: user=0.08 sys=0.00, real=0.03 secs] 
2024-10-09T21:45:32.951+0300: 515.785: Total time for which application threads were stopped: 0.0284056 seconds, Stopping threads took: 0.0001710 seconds
2024-10-09T21:45:33.186+0300: 516.015: Application time: 0.2304658 seconds
2024-10-09T21:45:33.186+0300: 516.016: [GC (Allocation Failure) 2024-10-09T21:45:33.186+0300: 516.016: [ParNew: 454956K->51072K(460096K), 0.0253628 secs] 2224975K->1822736K(8337536K), 0.0254526 secs] [Times: user=0.03 sys=0.00, real=0.02 secs] 
2024-10-09T21:45:33.202+0300: 516.041: Total time for which application threads were stopped: 0.0257254 seconds, Stopping threads took: 0.0001565 seconds
2024-10-09T21:45:33.359+0300: 516.199: Application time: 0.1574297 seconds
2024-10-09T21:45:33.359+0300: 516.199: [GC (Allocation Failure) 2024-10-09T21:45:33.359+0300: 516.199: [ParNew: 460096K->51072K(460096K), 0.0325517 secs] 2231760K->1843821K(8337536K), 0.0326482 secs] [Times: user=0.05 sys=0.00, real=0.03 secs] 
2024-10-09T21:45:33.391+0300: 516.232: Total time for which application threads were stopped: 0.0329635 seconds, Stopping threads took: 0.0001886 seconds
2024-10-09T21:45:33.563+0300: 516.391: Application time: 0.1598808 seconds
2024-10-09T21:45:33.563+0300: 516.392: [GC (Allocation Failure) 2024-10-09T21:45:33.563+0300: 516.392: [ParNew: 460096K->41206K(460096K), 0.0307958 secs] 2252845K->1862257K(8337536K), 0.0309502 secs] [Times: user=0.03 sys=0.00, real=0.03 secs] 
2024-10-09T21:45:33.594+0300: 516.423: Total time for which application threads were stopped: 0.0311944 seconds, Stopping threads took: 0.0001253 seconds
2024-10-09T21:45:33.783+0300: 516.612: Application time: 0.1890356 seconds
2024-10-09T21:45:33.783+0300: 516.612: [GC (Allocation Failure) 2024-10-09T21:45:33.783+0300: 516.612: [ParNew: 450230K->51072K(460096K), 0.0239405 secs] 2271281K->1876690K(8337536K), 0.0240348 secs] [Times: user=0.05 sys=0.00, real=0.02 secs] 
2024-10-09T21:45:33.798+0300: 516.636: Total time for which application threads were stopped: 0.0243069 seconds, Stopping threads took: 0.0001378 seconds
2024-10-09T21:45:33.955+0300: 516.792: Application time: 0.1558429 seconds
2024-10-09T21:45:33.955+0300: 516.792: [GC (Allocation Failure) 2024-10-09T21:45:33.955+0300: 516.792: [ParNew: 460096K->51072K(460096K), 0.0350873 secs] 2285714K->1903175K(8337536K), 0.0351823 secs] [Times: user=0.05 sys=0.00, real=0.03 secs] 
2024-10-09T21:45:33.987+0300: 516.827: Total time for which application threads were stopped: 0.0354609 seconds, Stopping threads took: 0.0001454 seconds
2024-10-09T21:45:34.160+0300: 516.994: Application time: 0.1667508 seconds
2024-10-09T21:45:34.160+0300: 516.994: [GC (Allocation Failure) 2024-10-09T21:45:34.160+0300: 516.994: [ParNew: 460096K->51072K(460096K), 0.0284073 secs] 2312199K->1926107K(8337536K), 0.0285192 secs] [Times: user=0.19 sys=0.00, real=0.03 secs] 
2024-10-09T21:45:34.191+0300: 517.023: Total time for which application threads were stopped: 0.0288239 seconds, Stopping threads took: 0.0001597 seconds
2024-10-09T21:45:34.364+0300: 517.192: Application time: 0.1691286 seconds
2024-10-09T21:45:34.364+0300: 517.192: [GC (Allocation Failure) 2024-10-09T21:45:34.364+0300: 517.192: [ParNew: 460096K->49026K(460096K), 0.0266409 secs] 2335131K->1937736K(8337536K), 0.0267365 secs] [Times: user=0.03 sys=0.00, real=0.02 secs] 
2024-10-09T21:45:34.380+0300: 517.219: Total time for which application threads were stopped: 0.0269747 seconds, Stopping threads took: 0.0001116 seconds
2024-10-09T21:45:34.552+0300: 517.378: Application time: 0.1594368 seconds
2024-10-09T21:45:34.552+0300: 517.379: [GC (Allocation Failure) 2024-10-09T21:45:34.552+0300: 517.379: [ParNew: 458050K->51072K(460096K), 0.0268493 secs] 2346760K->1954170K(8337536K), 0.0269423 secs] [Times: user=0.05 sys=0.00, real=0.02 secs] 
2024-10-09T21:45:34.568+0300: 517.406: Total time for which application threads were stopped: 0.0272102 seconds, Stopping threads took: 0.0001305 seconds
2024-10-09T21:45:34.741+0300: 517.574: Application time: 0.1686737 seconds
2024-10-09T21:45:34.741+0300: 517.575: [GC (Allocation Failure) 2024-10-09T21:45:34.741+0300: 517.575: [ParNew: 460096K->49300K(460096K), 0.0277736 secs] 2363194K->1972346K(8337536K), 0.0278819 secs] [Times: user=0.12 sys=0.00, real=0.03 secs] 
2024-10-09T21:45:34.772+0300: 517.603: Total time for which application threads were stopped: 0.0281506 seconds, Stopping threads took: 0.0001340 seconds
2024-10-09T21:45:34.945+0300: 517.773: Application time: 0.1704627 seconds
2024-10-09T21:45:34.945+0300: 517.773: [GC (Allocation Failure) 2024-10-09T21:45:34.945+0300: 517.773: [ParNew: 458324K->51072K(460096K), 0.0259170 secs] 2381370K->1986760K(8337536K), 0.0260031 secs] [Times: user=0.02 sys=0.00, real=0.02 secs] 
2024-10-09T21:45:34.960+0300: 517.799: Total time for which application threads were stopped: 0.0262636 seconds, Stopping threads took: 0.0001406 seconds
2024-10-09T21:45:35.120+0300: 517.956: Application time: 0.1572060 seconds
2024-10-09T21:45:35.120+0300: 517.957: [GC (Allocation Failure) 2024-10-09T21:45:35.120+0300: 517.957: [ParNew: 460096K->51072K(460096K), 0.0275772 secs] 2395784K->2000523K(8337536K), 0.0276727 secs] [Times: user=0.03 sys=0.00, real=0.03 secs] 
2024-10-09T21:45:35.149+0300: 517.984: Total time for which application threads were stopped: 0.0280014 seconds, Stopping threads took: 0.0001963 seconds
2024-10-09T21:45:35.321+0300: 518.153: Application time: 0.1684480 seconds
2024-10-09T21:45:35.321+0300: 518.153: [GC (Allocation Failure) 2024-10-09T21:45:35.321+0300: 518.153: [ParNew: 460096K->51072K(460096K), 0.0306189 secs] 2409547K->2026795K(8337536K), 0.0307201 secs] [Times: user=0.03 sys=0.00, real=0.03 secs] 
2024-10-09T21:45:35.353+0300: 518.184: Total time for which application threads were stopped: 0.0310239 seconds, Stopping threads took: 0.0001698 seconds
2024-10-09T21:45:35.521+0300: 518.350: Application time: 0.1658658 seconds
2024-10-09T21:45:35.521+0300: 518.350: [GC (Allocation Failure) 2024-10-09T21:45:35.521+0300: 518.350: [ParNew: 460096K->50361K(460096K), 0.0271301 secs] 2435819K->2038437K(8337536K), 0.0272263 secs] [Times: user=0.03 sys=0.00, real=0.02 secs] 
2024-10-09T21:45:35.541+0300: 518.377: Total time for which application threads were stopped: 0.0274856 seconds, Stopping threads took: 0.0001366 seconds
2024-10-09T21:45:35.714+0300: 518.541: Application time: 0.1640941 seconds
2024-10-09T21:45:35.714+0300: 518.542: [GC (Allocation Failure) 2024-10-09T21:45:35.714+0300: 518.542: [ParNew: 459385K->51072K(460096K), 0.0279877 secs] 2447461K->2053021K(8337536K), 0.0281381 secs] [Times: user=0.08 sys=0.00, real=0.02 secs] 
2024-10-09T21:45:35.730+0300: 518.570: Total time for which application threads were stopped: 0.0284725 seconds, Stopping threads took: 0.0001553 seconds
2024-10-09T21:45:35.902+0300: 518.732: Application time: 0.1623012 seconds
2024-10-09T21:45:35.902+0300: 518.732: [GC (Allocation Failure) 2024-10-09T21:45:35.902+0300: 518.733: [ParNew: 460096K->51072K(460096K), 0.0312294 secs] 2462045K->2076099K(8337536K), 0.0313600 secs] [Times: user=0.06 sys=0.00, real=0.03 secs] 
2024-10-09T21:45:35.934+0300: 518.764: Total time for which application threads were stopped: 0.0317001 seconds, Stopping threads took: 0.0001724 seconds
2024-10-09T21:45:36.153+0300: 518.988: Application time: 0.2244246 seconds
2024-10-09T21:45:36.153+0300: 518.989: [GC (Allocation Failure) 2024-10-09T21:45:36.153+0300: 518.989: [ParNew: 460096K->51072K(460096K), 0.0281582 secs] 2485123K->2088638K(8337536K), 0.0283364 secs] [Times: user=0.06 sys=0.00, real=0.03 secs] 
2024-10-09T21:45:36.185+0300: 519.017: Total time for which application threads were stopped: 0.0287716 seconds, Stopping threads took: 0.0002244 seconds
2024-10-09T21:45:36.357+0300: 519.186: Application time: 0.1692225 seconds
2024-10-09T21:45:36.357+0300: 519.187: [GC (Allocation Failure) 2024-10-09T21:45:36.357+0300: 519.187: [ParNew: 460096K->51072K(460096K), 0.0287923 secs] 2497662K->2106101K(8337536K), 0.0289143 secs] [Times: user=0.16 sys=0.00, real=0.03 secs] 
2024-10-09T21:45:36.389+0300: 519.216: Total time for which application threads were stopped: 0.0292279 seconds, Stopping threads took: 0.0001330 seconds
2024-10-09T21:45:36.624+0300: 519.452: Application time: 0.2360147 seconds
2024-10-09T21:45:36.624+0300: 519.452: [GC (Allocation Failure) 2024-10-09T21:45:36.624+0300: 519.452: [ParNew: 460096K->51072K(460096K), 0.0316524 secs] 2515125K->2117457K(8337536K), 0.0318251 secs] [Times: user=0.08 sys=0.00, real=0.03 secs] 
2024-10-09T21:45:36.656+0300: 519.484: Total time for which application threads were stopped: 0.0321803 seconds, Stopping threads took: 0.0001556 seconds
2024-10-09T21:45:36.844+0300: 519.670: Application time: 0.1865412 seconds
2024-10-09T21:45:36.844+0300: 519.671: [GC (Allocation Failure) 2024-10-09T21:45:36.844+0300: 519.671: [ParNew: 460096K->51072K(460096K), 0.0453900 secs] 2526481K->2140854K(8337536K), 0.0455739 secs] [Times: user=0.06 sys=0.00, real=0.03 secs] 
2024-10-09T21:45:36.876+0300: 519.716: Total time for which application threads were stopped: 0.0459449 seconds, Stopping threads took: 0.0001681 seconds
2024-10-09T21:45:37.048+0300: 519.880: Application time: 0.1636213 seconds
2024-10-09T21:45:37.048+0300: 519.880: [GC (Allocation Failure) 2024-10-09T21:45:37.048+0300: 519.880: [ParNew: 460096K->51072K(460096K), 0.0303469 secs] 2549878K->2157539K(8337536K), 0.0304835 secs] [Times: user=0.06 sys=0.00, real=0.03 secs] 
2024-10-09T21:45:37.080+0300: 519.911: Total time for which application threads were stopped: 0.0308351 seconds, Stopping threads took: 0.0001799 seconds
2024-10-09T21:45:37.268+0300: 520.096: Application time: 0.1857940 seconds
2024-10-09T21:45:37.268+0300: 520.099: [GC (Allocation Failure) 2024-10-09T21:45:37.268+0300: 520.100: [ParNew: 460096K->51072K(460096K), 0.0285183 secs] 2566563K->2172462K(8337536K), 0.0286724 secs] [Times: user=0.14 sys=0.00, real=0.03 secs] 
2024-10-09T21:45:37.299+0300: 520.128: Total time for which application threads were stopped: 0.0317202 seconds, Stopping threads took: 0.0028206 seconds
2024-10-09T21:45:37.456+0300: 520.290: Application time: 0.1621859 seconds
2024-10-09T21:45:37.456+0300: 520.291: [GC (Allocation Failure) 2024-10-09T21:45:37.456+0300: 520.291: [ParNew: 460096K->51072K(460096K), 0.0315233 secs] 2581486K->2194881K(8337536K), 0.0316646 secs] [Times: user=0.05 sys=0.00, real=0.03 secs] 
2024-10-09T21:45:37.488+0300: 520.322: Total time for which application threads were stopped: 0.0320412 seconds, Stopping threads took: 0.0001976 seconds
2024-10-09T21:45:37.660+0300: 520.492: Application time: 0.1690923 seconds
2024-10-09T21:45:37.660+0300: 520.492: [GC (Allocation Failure) 2024-10-09T21:45:37.660+0300: 520.492: [ParNew: 460096K->51072K(460096K), 0.0271819 secs] 2603905K->2209357K(8337536K), 0.0272756 secs] [Times: user=0.08 sys=0.00, real=0.03 secs] 
2024-10-09T21:45:37.692+0300: 520.519: Total time for which application threads were stopped: 0.0275282 seconds, Stopping threads took: 0.0001202 seconds
2024-10-09T21:45:37.849+0300: 520.684: Application time: 0.1653749 seconds
2024-10-09T21:45:37.849+0300: 520.685: [GC (Allocation Failure) 2024-10-09T21:45:37.849+0300: 520.685: [ParNew: 460096K->51072K(460096K), 0.0272807 secs] 2618381K->2225831K(8337536K), 0.0274031 secs] [Times: user=0.03 sys=0.00, real=0.03 secs] 
2024-10-09T21:45:37.880+0300: 520.712: Total time for which application threads were stopped: 0.0277279 seconds, Stopping threads took: 0.0001601 seconds
2024-10-09T21:45:38.038+0300: 520.876: Application time: 0.1640382 seconds
2024-10-09T21:45:38.038+0300: 520.876: [GC (Allocation Failure) 2024-10-09T21:45:38.038+0300: 520.876: [ParNew: 460096K->51072K(460096K), 0.0297984 secs] 2634855K->2242599K(8337536K), 0.0299070 secs] [Times: user=0.06 sys=0.00, real=0.03 secs] 
2024-10-09T21:45:38.069+0300: 520.906: Total time for which application threads were stopped: 0.0301872 seconds, Stopping threads took: 0.0001345 seconds
2024-10-09T21:45:38.242+0300: 521.076: Application time: 0.1691961 seconds
2024-10-09T21:45:38.242+0300: 521.076: [GC (Allocation Failure) 2024-10-09T21:45:38.242+0300: 521.076: [ParNew: 460096K->51072K(460096K), 0.0294811 secs] 2651623K->2261240K(8337536K), 0.0295728 secs] [Times: user=0.03 sys=0.00, real=0.03 secs] 
2024-10-09T21:45:38.273+0300: 521.105: Total time for which application threads were stopped: 0.0298497 seconds, Stopping threads took: 0.0001314 seconds
2024-10-09T21:45:38.430+0300: 521.260: Application time: 0.1541126 seconds
2024-10-09T21:45:38.430+0300: 521.260: [GC (Allocation Failure) 2024-10-09T21:45:38.430+0300: 521.260: [ParNew: 460096K->51072K(460096K), 0.0259908 secs] 2670264K->2275992K(8337536K), 0.0260735 secs] [Times: user=0.02 sys=0.00, real=0.01 secs] 
2024-10-09T21:45:38.445+0300: 521.286: Total time for which application threads were stopped: 0.0263412 seconds, Stopping threads took: 0.0001522 seconds
2024-10-09T21:45:38.628+0300: 521.455: Application time: 0.1694929 seconds
2024-10-09T21:45:38.628+0300: 521.456: [GC (Allocation Failure) 2024-10-09T21:45:38.628+0300: 521.456: [ParNew: 460096K->51072K(460096K), 0.0276486 secs] 2685016K->2293710K(8337536K), 0.0277337 secs] [Times: user=0.03 sys=0.00, real=0.02 secs] 
2024-10-09T21:45:38.649+0300: 521.483: Total time for which application threads were stopped: 0.0279855 seconds, Stopping threads took: 0.0001415 seconds
2024-10-09T21:45:38.828+0300: 521.656: Application time: 0.1731098 seconds
2024-10-09T21:45:38.828+0300: 521.657: [GC (Allocation Failure) 2024-10-09T21:45:38.828+0300: 521.657: [ParNew: 460096K->51072K(460096K), 0.0296686 secs] 2702734K->2310558K(8337536K), 0.0297689 secs] [Times: user=0.03 sys=0.00, real=0.02 secs] 
2024-10-09T21:45:38.853+0300: 521.687: Total time for which application threads were stopped: 0.0300655 seconds, Stopping threads took: 0.0001577 seconds
2024-10-09T21:45:39.010+0300: 521.840: Application time: 0.1530506 seconds
2024-10-09T21:45:39.010+0300: 521.840: [GC (Allocation Failure) 2024-10-09T21:45:39.010+0300: 521.840: [ParNew: 460096K->48150K(460096K), 0.0296122 secs] 2719582K->2327681K(8337536K), 0.0297007 secs] [Times: user=0.03 sys=0.00, real=0.03 secs] 
2024-10-09T21:45:39.042+0300: 521.870: Total time for which application threads were stopped: 0.0299929 seconds, Stopping threads took: 0.0001777 seconds
2024-10-09T21:45:39.214+0300: 522.041: Application time: 0.1711338 seconds
2024-10-09T21:45:39.214+0300: 522.041: [GC (Allocation Failure) 2024-10-09T21:45:39.214+0300: 522.041: [ParNew: 457174K->51072K(460096K), 0.0283384 secs] 2736705K->2353833K(8337536K), 0.0284345 secs] [Times: user=0.01 sys=0.00, real=0.02 secs] 
2024-10-09T21:45:39.230+0300: 522.069: Total time for which application threads were stopped: 0.0286585 seconds, Stopping threads took: 0.0001104 seconds
2024-10-09T21:45:39.402+0300: 522.238: Application time: 0.1684322 seconds
2024-10-09T21:45:39.402+0300: 522.238: [GC (Allocation Failure) 2024-10-09T21:45:39.402+0300: 522.238: [ParNew: 460096K->50281K(460096K), 0.0262179 secs] 2762857K->2364201K(8337536K), 0.0263042 secs] [Times: user=0.03 sys=0.00, real=0.03 secs] 
2024-10-09T21:45:39.434+0300: 522.264: Total time for which application threads were stopped: 0.0265490 seconds, Stopping threads took: 0.0001339 seconds
2024-10-09T21:45:39.591+0300: 522.418: Application time: 0.1536778 seconds
2024-10-09T21:45:39.591+0300: 522.418: [GC (Allocation Failure) 2024-10-09T21:45:39.591+0300: 522.418: [ParNew: 459305K->51072K(460096K), 0.0266781 secs] 2773225K->2381980K(8337536K), 0.0267714 secs] [Times: user=0.01 sys=0.00, real=0.01 secs] 
2024-10-09T21:45:39.606+0300: 522.445: Total time for which application threads were stopped: 0.0270180 seconds, Stopping threads took: 0.0001119 seconds
2024-10-09T21:45:39.795+0300: 522.629: Application time: 0.1843315 seconds
2024-10-09T21:45:39.795+0300: 522.630: [GC (Allocation Failure) 2024-10-09T21:45:39.795+0300: 522.630: [ParNew: 460096K->51072K(460096K), 0.0282477 secs] 2791004K->2404431K(8337536K), 0.0283402 secs] [Times: user=0.03 sys=0.00, real=0.03 secs] 
2024-10-09T21:45:39.830+0300: 522.658: Total time for which application threads were stopped: 0.0286710 seconds, Stopping threads took: 0.0001935 seconds
2024-10-09T21:45:39.984+0300: 522.825: Application time: 0.1668095 seconds
2024-10-09T21:45:39.999+0300: 522.826: [GC (Allocation Failure) 2024-10-09T21:45:39.999+0300: 522.826: [ParNew: 460096K->51072K(460096K), 0.0232282 secs] 2813455K->2408503K(8337536K), 0.0233210 secs] [Times: user=0.02 sys=0.00, real=0.02 secs] 
2024-10-09T21:45:40.015+0300: 522.849: Total time for which application threads were stopped: 0.0240315 seconds, Stopping threads took: 0.0005908 seconds
2024-10-09T21:45:40.172+0300: 523.001: Application time: 0.1523497 seconds
2024-10-09T21:45:40.172+0300: 523.001: [GC (Allocation Failure) 2024-10-09T21:45:40.172+0300: 523.002: [ParNew: 460096K->46429K(460096K), 0.0306557 secs] 2817527K->2427742K(8337536K), 0.0307398 secs] [Times: user=0.03 sys=0.00, real=0.03 secs] 
2024-10-09T21:45:40.203+0300: 523.032: Total time for which application threads were stopped: 0.0309592 seconds, Stopping threads took: 0.0001135 seconds
2024-10-09T21:45:40.360+0300: 523.200: Application time: 0.1682229 seconds
2024-10-09T21:45:40.360+0300: 523.201: [GC (Allocation Failure) 2024-10-09T21:45:40.360+0300: 523.201: [ParNew: 455453K->47082K(460096K), 0.0299790 secs] 2836766K->2455928K(8337536K), 0.0300790 secs] [Times: user=0.03 sys=0.00, real=0.03 secs] 
2024-10-09T21:45:40.392+0300: 523.231: Total time for which application threads were stopped: 0.0303493 seconds, Stopping threads took: 0.0001414 seconds
2024-10-09T21:45:40.564+0300: 523.400: Application time: 0.1695715 seconds
2024-10-09T21:45:40.564+0300: 523.401: [GC (Allocation Failure) 2024-10-09T21:45:40.564+0300: 523.401: [ParNew: 456106K->51072K(460096K), 0.0251120 secs] 2864952K->2464154K(8337536K), 0.0251909 secs] [Times: user=0.03 sys=0.00, real=0.03 secs] 
2024-10-09T21:45:40.596+0300: 523.426: Total time for which application threads were stopped: 0.0254371 seconds, Stopping threads took: 0.0001367 seconds
2024-10-09T21:45:40.753+0300: 523.585: Application time: 0.1590958 seconds
2024-10-09T21:45:40.753+0300: 523.585: [GC (Allocation Failure) 2024-10-09T21:45:40.753+0300: 523.585: [ParNew: 460096K->51072K(460096K), 0.0350882 secs] 2873178K->2495898K(8337536K), 0.0351853 secs] [Times: user=0.05 sys=0.00, real=0.03 secs] 
2024-10-09T21:45:40.784+0300: 523.620: Total time for which application threads were stopped: 0.0354872 seconds, Stopping threads took: 0.0001599 seconds
2024-10-09T21:45:40.957+0300: 523.789: Application time: 0.1689556 seconds
2024-10-09T21:45:40.957+0300: 523.790: [GC (Allocation Failure) 2024-10-09T21:45:40.957+0300: 523.790: [ParNew: 460096K->42365K(460096K), 0.0293918 secs] 2904922K->2514177K(8337536K), 0.0294883 secs] [Times: user=0.03 sys=0.00, real=0.03 secs] 
2024-10-09T21:45:40.988+0300: 523.819: Total time for which application threads were stopped: 0.0297555 seconds, Stopping threads took: 0.0001488 seconds
2024-10-09T21:45:41.161+0300: 523.995: Application time: 0.1759635 seconds
2024-10-09T21:45:41.161+0300: 523.995: [GC (Allocation Failure) 2024-10-09T21:45:41.161+0300: 523.995: [ParNew: 451389K->51072K(460096K), 0.0257248 secs] 2923201K->2529774K(8337536K), 0.0258102 secs] [Times: user=0.03 sys=0.00, real=0.03 secs] 
2024-10-09T21:45:41.192+0300: 524.021: Total time for which application threads were stopped: 0.0260662 seconds, Stopping threads took: 0.0001382 seconds
2024-10-09T21:45:41.334+0300: 524.174: Application time: 0.1529360 seconds
2024-10-09T21:45:41.334+0300: 524.174: [GC (Allocation Failure) 2024-10-09T21:45:41.334+0300: 524.174: [ParNew: 460096K->50878K(460096K), 0.0310514 secs] 2938798K->2550992K(8337536K), 0.0311414 secs] [Times: user=0.03 sys=0.00, real=0.03 secs] 
2024-10-09T21:45:41.365+0300: 524.206: Total time for which application threads were stopped: 0.0314169 seconds, Stopping threads took: 0.0001471 seconds
2024-10-09T21:45:41.538+0300: 524.376: Application time: 0.1704371 seconds
2024-10-09T21:45:41.538+0300: 524.376: [GC (Allocation Failure) 2024-10-09T21:45:41.538+0300: 524.376: [ParNew: 459902K->43783K(460096K), 0.0299613 secs] 2960016K->2573481K(8337536K), 0.0300531 secs] [Times: user=0.03 sys=0.00, real=0.03 secs] 
2024-10-09T21:45:41.569+0300: 524.406: Total time for which application threads were stopped: 0.0303069 seconds, Stopping threads took: 0.0001292 seconds
2024-10-09T21:45:41.773+0300: 524.603: Application time: 0.1966256 seconds
2024-10-09T21:45:41.773+0300: 524.603: [GC (Allocation Failure) 2024-10-09T21:45:41.773+0300: 524.603: [ParNew: 452807K->51072K(460096K), 0.0237043 secs] 2982505K->2583193K(8337536K), 0.0237909 secs] [Times: user=0.11 sys=0.00, real=0.02 secs] 
2024-10-09T21:45:41.788+0300: 524.627: Total time for which application threads were stopped: 0.0240879 seconds, Stopping threads took: 0.0001660 seconds
2024-10-09T21:45:41.945+0300: 524.782: Application time: 0.1551083 seconds
2024-10-09T21:45:41.945+0300: 524.782: [GC (Allocation Failure) 2024-10-09T21:45:41.945+0300: 524.782: [ParNew: 460096K->48410K(460096K), 0.0265757 secs] 2992217K->2594321K(8337536K), 0.0266673 secs] [Times: user=0.09 sys=0.00, real=0.03 secs] 
2024-10-09T21:45:41.977+0300: 524.809: Total time for which application threads were stopped: 0.0269400 seconds, Stopping threads took: 0.0001504 seconds
2024-10-09T21:45:42.135+0300: 524.974: Application time: 0.1650801 seconds
2024-10-09T21:45:42.135+0300: 524.975: [GC (Allocation Failure) 2024-10-09T21:45:42.135+0300: 524.975: [ParNew: 457434K->43564K(460096K), 0.0292890 secs] 3003345K->2615035K(8337536K), 0.0293763 secs] [Times: user=0.11 sys=0.00, real=0.03 secs] 
2024-10-09T21:45:42.165+0300: 525.004: Total time for which application threads were stopped: 0.0298503 seconds, Stopping threads took: 0.0003385 seconds
2024-10-09T21:45:42.353+0300: 525.190: Application time: 0.1858665 seconds
2024-10-09T21:45:42.353+0300: 525.190: [GC (Allocation Failure) 2024-10-09T21:45:42.353+0300: 525.190: [ParNew: 452588K->51072K(460096K), 0.0250811 secs] 3024059K->2625715K(8337536K), 0.0251666 secs] [Times: user=0.17 sys=0.00, real=0.03 secs] 
2024-10-09T21:45:42.385+0300: 525.215: Total time for which application threads were stopped: 0.0254154 seconds, Stopping threads took: 0.0001133 seconds
2024-10-09T21:45:42.536+0300: 525.367: Application time: 0.1518387 seconds
2024-10-09T21:45:42.536+0300: 525.367: [GC (Allocation Failure) 2024-10-09T21:45:42.536+0300: 525.367: [ParNew: 460096K->51072K(460096K), 0.0361831 secs] 3034739K->2655314K(8337536K), 0.0362702 secs] [Times: user=0.17 sys=0.01, real=0.04 secs] 
2024-10-09T21:45:42.573+0300: 525.404: Total time for which application threads were stopped: 0.0365394 seconds, Stopping threads took: 0.0001523 seconds
2024-10-09T21:45:42.746+0300: 525.574: Application time: 0.1702778 seconds
2024-10-09T21:45:42.746+0300: 525.574: [GC (Allocation Failure) 2024-10-09T21:45:42.746+0300: 525.574: [ParNew: 460096K->47456K(460096K), 0.0317584 secs] 3064338K->2683258K(8337536K), 0.0318566 secs] [Times: user=0.16 sys=0.02, real=0.03 secs] 
2024-10-09T21:45:42.777+0300: 525.606: Total time for which application threads were stopped: 0.0320860 seconds, Stopping threads took: 0.0000928 seconds
2024-10-09T21:45:42.950+0300: 525.780: Application time: 0.1743357 seconds
2024-10-09T21:45:42.950+0300: 525.781: [GC (Allocation Failure) 2024-10-09T21:45:42.950+0300: 525.781: [ParNew: 456480K->51072K(460096K), 0.0242213 secs] 3092282K->2689883K(8337536K), 0.0243003 secs] [Times: user=0.03 sys=0.00, real=0.01 secs] 
2024-10-09T21:45:42.965+0300: 525.805: Total time for which application threads were stopped: 0.0245382 seconds, Stopping threads took: 0.0000976 seconds
2024-10-09T21:45:43.138+0300: 525.966: Application time: 0.1615409 seconds
2024-10-09T21:45:43.138+0300: 525.968: [GC (Allocation Failure) 2024-10-09T21:45:43.138+0300: 525.968: [ParNew: 460096K->51072K(460096K), 0.0322373 secs] 3098907K->2709635K(8337536K), 0.0323296 secs] [Times: user=0.11 sys=0.00, real=0.03 secs] 
2024-10-09T21:45:43.170+0300: 526.000: Total time for which application threads were stopped: 0.0338220 seconds, Stopping threads took: 0.0013417 seconds
2024-10-09T21:45:43.327+0300: 526.160: Application time: 0.1598083 seconds
2024-10-09T21:45:43.327+0300: 526.160: [GC (Allocation Failure) 2024-10-09T21:45:43.327+0300: 526.160: [ParNew: 460096K->49847K(460096K), 0.0314933 secs] 3118659K->2738703K(8337536K), 0.0315801 secs] [Times: user=0.08 sys=0.00, real=0.03 secs] 
2024-10-09T21:45:43.358+0300: 526.192: Total time for which application threads were stopped: 0.0318046 seconds, Stopping threads took: 0.0001051 seconds
2024-10-09T21:45:43.538+0300: 526.367: Application time: 0.1754578 seconds
2024-10-09T21:45:43.538+0300: 526.368: [GC (Allocation Failure) 2024-10-09T21:45:43.538+0300: 526.368: [ParNew: 458871K->51072K(460096K), 0.0253953 secs] 3147727K->2747481K(8337536K), 0.0254937 secs] [Times: user=0.09 sys=0.00, real=0.02 secs] 
2024-10-09T21:45:43.562+0300: 526.393: Total time for which application threads were stopped: 0.0257277 seconds, Stopping threads took: 0.0001033 seconds
2024-10-09T21:45:43.734+0300: 526.561: Application time: 0.1682906 seconds
2024-10-09T21:45:43.734+0300: 526.562: [GC (Allocation Failure) 2024-10-09T21:45:43.734+0300: 526.562: [ParNew: 460096K->51072K(460096K), 0.0304995 secs] 3156505K->2767702K(8337536K), 0.0305821 secs] [Times: user=0.19 sys=0.00, real=0.03 secs] 
2024-10-09T21:45:43.766+0300: 526.592: Total time for which application threads were stopped: 0.0308312 seconds, Stopping threads took: 0.0001131 seconds
2024-10-09T21:45:43.923+0300: 526.761: Application time: 0.1686733 seconds
2024-10-09T21:45:43.923+0300: 526.761: [GC (Allocation Failure) 2024-10-09T21:45:43.923+0300: 526.761: [ParNew: 460096K->50446K(460096K), 0.0294280 secs] 3176726K->2793472K(8337536K), 0.0295209 secs] [Times: user=0.16 sys=0.00, real=0.03 secs] 
2024-10-09T21:45:43.954+0300: 526.791: Total time for which application threads were stopped: 0.0297645 seconds, Stopping threads took: 0.0001111 seconds
2024-10-09T21:45:44.127+0300: 526.961: Application time: 0.1699464 seconds
2024-10-09T21:45:44.127+0300: 526.961: [GC (Allocation Failure) 2024-10-09T21:45:44.127+0300: 526.961: [ParNew: 459470K->51072K(460096K), 0.0254046 secs] 3202496K->2802613K(8337536K), 0.0254952 secs] [Times: user=0.17 sys=0.00, real=0.03 secs] 
2024-10-09T21:45:44.158+0300: 526.986: Total time for which application threads were stopped: 0.0257734 seconds, Stopping threads took: 0.0001360 seconds
2024-10-09T21:45:44.315+0300: 527.143: Application time: 0.1562224 seconds
2024-10-09T21:45:44.315+0300: 527.143: [GC (Allocation Failure) 2024-10-09T21:45:44.315+0300: 527.143: [ParNew: 460096K->51072K(460096K), 0.0275577 secs] 3211637K->2819792K(8337536K), 0.0276404 secs] [Times: user=0.17 sys=0.00, real=0.02 secs] 
2024-10-09T21:45:44.340+0300: 527.170: Total time for which application threads were stopped: 0.0278802 seconds, Stopping threads took: 0.0001205 seconds
2024-10-09T21:45:44.513+0300: 527.339: Application time: 0.1682993 seconds
2024-10-09T21:45:44.513+0300: 527.339: [GC (Allocation Failure) 2024-10-09T21:45:44.513+0300: 527.339: [ParNew: 460096K->47380K(460096K), 0.0322118 secs] 3228816K->2844642K(8337536K), 0.0322864 secs] [Times: user=0.14 sys=0.00, real=0.03 secs] 
2024-10-09T21:45:44.540+0300: 527.371: Total time for which application threads were stopped: 0.0325113 seconds, Stopping threads took: 0.0001101 seconds
2024-10-09T21:45:44.724+0300: 527.550: Application time: 0.1790392 seconds
2024-10-09T21:45:44.724+0300: 527.551: [GC (Allocation Failure) 2024-10-09T21:45:44.724+0300: 527.551: [ParNew: 456404K->51072K(460096K), 0.0249585 secs] 3253666K->2851965K(8337536K), 0.0250617 secs] [Times: user=0.09 sys=0.00, real=0.02 secs] 
2024-10-09T21:45:44.741+0300: 527.576: Total time for which application threads were stopped: 0.0253051 seconds, Stopping threads took: 0.0001143 seconds
2024-10-09T21:45:44.896+0300: 527.732: Application time: 0.1561847 seconds
2024-10-09T21:45:44.896+0300: 527.732: [GC (Allocation Failure) 2024-10-09T21:45:44.896+0300: 527.732: [ParNew: 460096K->51072K(460096K), 0.0320911 secs] 3260989K->2878162K(8337536K), 0.0321702 secs] [Times: user=0.19 sys=0.00, real=0.03 secs] 
2024-10-09T21:45:44.928+0300: 527.764: Total time for which application threads were stopped: 0.0324056 seconds, Stopping threads took: 0.0001101 seconds
2024-10-09T21:45:45.100+0300: 527.930: Application time: 0.1661489 seconds
2024-10-09T21:45:45.100+0300: 527.931: [GC (Allocation Failure) 2024-10-09T21:45:45.100+0300: 527.931: [ParNew: 460096K->51072K(460096K), 0.0292006 secs] 3287186K->2903528K(8337536K), 0.0292983 secs] [Times: user=0.09 sys=0.00, real=0.03 secs] 
2024-10-09T21:45:45.132+0300: 527.960: Total time for which application threads were stopped: 0.0294818 seconds, Stopping threads took: 0.0000589 seconds
2024-10-09T21:45:45.304+0300: 528.134: Application time: 0.1744473 seconds
2024-10-09T21:45:45.304+0300: 528.135: [GC (Allocation Failure) 2024-10-09T21:45:45.304+0300: 528.135: [ParNew: 460096K->51072K(460096K), 0.0238847 secs] 3312552K->2906525K(8337536K), 0.0239776 secs] [Times: user=0.03 sys=0.00, real=0.02 secs] 
2024-10-09T21:45:45.320+0300: 528.159: Total time for which application threads were stopped: 0.0242247 seconds, Stopping threads took: 0.0001230 seconds
2024-10-09T21:45:45.477+0300: 528.309: Application time: 0.1503424 seconds
2024-10-09T21:45:45.477+0300: 528.309: [GC (Allocation Failure) 2024-10-09T21:45:45.477+0300: 528.309: [ParNew: 460096K->51072K(460096K), 0.0271740 secs] 3315549K->2921556K(8337536K), 0.0272693 secs] [Times: user=0.03 sys=0.00, real=0.03 secs] 
2024-10-09T21:45:45.508+0300: 528.336: Total time for which application threads were stopped: 0.0275640 seconds, Stopping threads took: 0.0001695 seconds
2024-10-09T21:45:45.681+0300: 528.509: Application time: 0.1728318 seconds
2024-10-09T21:45:45.681+0300: 528.510: [GC (Allocation Failure) 2024-10-09T21:45:45.681+0300: 528.510: [ParNew: 460096K->51072K(460096K), 0.0299285 secs] 3330580K->2945035K(8337536K), 0.0300243 secs] [Times: user=0.12 sys=0.00, real=0.03 secs] 
2024-10-09T21:45:45.712+0300: 528.540: Total time for which application threads were stopped: 0.0303731 seconds, Stopping threads took: 0.0001998 seconds
2024-10-09T21:45:45.885+0300: 528.715: Application time: 0.1748583 seconds
2024-10-09T21:45:45.885+0300: 528.715: [GC (Allocation Failure) 2024-10-09T21:45:45.885+0300: 528.715: [ParNew: 460096K->51072K(460096K), 0.0267615 secs] 3354059K->2951570K(8337536K), 0.0268493 secs] [Times: user=0.03 sys=0.00, real=0.02 secs] 
2024-10-09T21:45:45.901+0300: 528.742: Total time for which application threads were stopped: 0.0270969 seconds, Stopping threads took: 0.0001278 seconds
2024-10-09T21:45:46.058+0300: 528.891: Application time: 0.1495427 seconds
2024-10-09T21:45:46.058+0300: 528.891: [GC (Allocation Failure) 2024-10-09T21:45:46.058+0300: 528.891: [ParNew: 460096K->51072K(460096K), 0.0333585 secs] 3360594K->2976286K(8337536K), 0.0334473 secs] [Times: user=0.03 sys=0.00, real=0.03 secs] 
2024-10-09T21:45:46.089+0300: 528.925: Total time for which application threads were stopped: 0.0337208 seconds, Stopping threads took: 0.0001569 seconds
2024-10-09T21:45:46.262+0300: 529.090: Application time: 0.1650794 seconds
2024-10-09T21:45:46.262+0300: 529.090: [GC (Allocation Failure) 2024-10-09T21:45:46.262+0300: 529.090: [ParNew: 460096K->48051K(460096K), 0.0302937 secs] 3385310K->3003380K(8337536K), 0.0303750 secs] [Times: user=0.03 sys=0.00, real=0.03 secs] 
2024-10-09T21:45:46.293+0300: 529.121: Total time for which application threads were stopped: 0.0306259 seconds, Stopping threads took: 0.0001338 seconds
2024-10-09T21:45:46.466+0300: 529.299: Application time: 0.1780633 seconds
2024-10-09T21:45:46.466+0300: 529.299: [GC (Allocation Failure) 2024-10-09T21:45:46.466+0300: 529.299: [ParNew: 457075K->51072K(460096K), 0.0260310 secs] 3412404K->3010295K(8337536K), 0.0261162 secs] [Times: user=0.03 sys=0.00, real=0.03 secs] 
2024-10-09T21:45:46.497+0300: 529.325: Total time for which application threads were stopped: 0.0263726 seconds, Stopping threads took: 0.0001376 seconds
2024-10-09T21:45:46.654+0300: 529.480: Application time: 0.1552449 seconds
2024-10-09T21:45:46.654+0300: 529.481: [GC (Allocation Failure) 2024-10-09T21:45:46.654+0300: 529.481: [ParNew: 460096K->50121K(460096K), 0.0329895 secs] 3419319K->3028692K(8337536K), 0.0330786 secs] [Times: user=0.08 sys=0.00, real=0.03 secs] 
2024-10-09T21:45:46.686+0300: 529.514: Total time for which application threads were stopped: 0.0333588 seconds, Stopping threads took: 0.0001514 seconds
2024-10-09T21:45:46.846+0300: 529.681: Application time: 0.1677328 seconds
2024-10-09T21:45:46.846+0300: 529.682: [GC (Allocation Failure) 2024-10-09T21:45:46.846+0300: 529.682: [ParNew: 459145K->43555K(460096K), 0.0287734 secs] 3437716K->3050264K(8337536K), 0.0288643 secs] [Times: user=0.03 sys=0.00, real=0.03 secs] 
2024-10-09T21:45:46.874+0300: 529.711: Total time for which application threads were stopped: 0.0291207 seconds, Stopping threads took: 0.0001433 seconds
2024-10-09T21:45:47.046+0300: 529.886: Application time: 0.1750360 seconds
2024-10-09T21:45:47.046+0300: 529.886: [GC (Allocation Failure) 2024-10-09T21:45:47.046+0300: 529.886: [ParNew: 452579K->51072K(460096K), 0.0232357 secs] 3459288K->3059294K(8337536K), 0.0233155 secs] [Times: user=0.03 sys=0.00, real=0.03 secs] 
2024-10-09T21:45:47.077+0300: 529.909: Total time for which application threads were stopped: 0.0235876 seconds, Stopping threads took: 0.0001574 seconds
2024-10-09T21:45:47.234+0300: 530.065: Application time: 0.1558663 seconds
2024-10-09T21:45:47.234+0300: 530.065: [GC (Allocation Failure) 2024-10-09T21:45:47.234+0300: 530.065: [ParNew: 460096K->51072K(460096K), 0.0366910 secs] 3468318K->3089217K(8337536K), 0.0367851 secs] [Times: user=0.03 sys=0.00, real=0.03 secs] 
2024-10-09T21:45:47.266+0300: 530.102: Total time for which application threads were stopped: 0.0370506 seconds, Stopping threads took: 0.0001507 seconds
2024-10-09T21:45:47.422+0300: 530.263: Application time: 0.1606937 seconds
2024-10-09T21:45:47.422+0300: 530.263: [GC (Allocation Failure) 2024-10-09T21:45:47.422+0300: 530.263: [ParNew: 460096K->40789K(460096K), 0.0301953 secs] 3498241K->3106986K(8337536K), 0.0302867 secs] [Times: user=0.03 sys=0.00, real=0.03 secs] 
2024-10-09T21:45:47.454+0300: 530.293: Total time for which application threads were stopped: 0.0305991 seconds, Stopping threads took: 0.0001817 seconds
2024-10-09T21:45:47.626+0300: 530.466: Application time: 0.1724373 seconds
2024-10-09T21:45:47.626+0300: 530.466: [GC (Allocation Failure) 2024-10-09T21:45:47.626+0300: 530.466: [ParNew: 449813K->51072K(460096K), 0.0249103 secs] 3516010K->3119868K(8337536K), 0.0250006 secs] [Times: user=0.03 sys=0.00, real=0.03 secs] 
2024-10-09T21:45:47.658+0300: 530.491: Total time for which application threads were stopped: 0.0252565 seconds, Stopping threads took: 0.0001418 seconds
2024-10-09T21:45:47.830+0300: 530.657: Application time: 0.1659330 seconds
2024-10-09T21:45:47.830+0300: 530.657: [GC (Allocation Failure) 2024-10-09T21:45:47.830+0300: 530.657: [ParNew: 460096K->51072K(460096K), 0.0278786 secs] 3528892K->3134564K(8337536K), 0.0279680 secs] [Times: user=0.05 sys=0.00, real=0.02 secs] 
2024-10-09T21:45:47.848+0300: 530.685: Total time for which application threads were stopped: 0.0282534 seconds, Stopping threads took: 0.0001657 seconds
2024-10-09T21:45:48.019+0300: 530.846: Application time: 0.1607923 seconds
2024-10-09T21:45:48.019+0300: 530.846: [GC (Allocation Failure) 2024-10-09T21:45:48.019+0300: 530.846: [ParNew: 460096K->48670K(460096K), 0.0298041 secs] 3543588K->3159286K(8337536K), 0.0299527 secs] [Times: user=0.03 sys=0.00, real=0.03 secs] 
2024-10-09T21:45:48.050+0300: 530.876: Total time for which application threads were stopped: 0.0301844 seconds, Stopping threads took: 0.0001068 seconds
2024-10-09T21:45:48.223+0300: 531.051: Application time: 0.1747347 seconds
2024-10-09T21:45:48.223+0300: 531.051: [GC (Allocation Failure) 2024-10-09T21:45:48.223+0300: 531.051: [ParNew: 457694K->51072K(460096K), 0.0233715 secs] 3568310K->3164195K(8337536K), 0.0234661 secs] [Times: user=0.02 sys=0.02, real=0.03 secs] 
2024-10-09T21:45:48.249+0300: 531.075: Total time for which application threads were stopped: 0.0237130 seconds, Stopping threads took: 0.0001364 seconds
2024-10-09T21:45:48.395+0300: 531.232: Application time: 0.1571592 seconds
2024-10-09T21:45:48.395+0300: 531.232: [GC (Allocation Failure) 2024-10-09T21:45:48.395+0300: 531.232: [ParNew: 460096K->51072K(460096K), 0.0364516 secs] 3573219K->3193456K(8337536K), 0.0365411 secs] [Times: user=0.05 sys=0.00, real=0.05 secs] 
2024-10-09T21:45:48.442+0300: 531.269: Total time for which application threads were stopped: 0.0368693 seconds, Stopping threads took: 0.0002015 seconds
2024-10-09T21:45:48.600+0300: 531.432: Application time: 0.1631390 seconds
2024-10-09T21:45:48.600+0300: 531.432: [GC (Allocation Failure) 2024-10-09T21:45:48.600+0300: 531.432: [ParNew: 460096K->46869K(460096K), 0.0276394 secs] 3602480K->3212238K(8337536K), 0.0277344 secs] [Times: user=0.02 sys=0.00, real=0.03 secs] 
2024-10-09T21:45:48.631+0300: 531.460: Total time for which application threads were stopped: 0.0279927 seconds, Stopping threads took: 0.0001221 seconds
2024-10-09T21:45:48.819+0300: 531.646: Application time: 0.1856368 seconds
2024-10-09T21:45:48.819+0300: 531.646: [GC (Allocation Failure) 2024-10-09T21:45:48.819+0300: 531.646: [ParNew: 455893K->51072K(460096K), 0.0258223 secs] 3621262K->3226266K(8337536K), 0.0259182 secs] [Times: user=0.05 sys=0.00, real=0.02 secs] 
2024-10-09T21:45:48.835+0300: 531.672: Total time for which application threads were stopped: 0.0261731 seconds, Stopping threads took: 0.0001224 seconds
2024-10-09T21:45:48.992+0300: 531.828: Application time: 0.1562568 seconds
2024-10-09T21:45:48.992+0300: 531.828: [GC (Allocation Failure) 2024-10-09T21:45:48.992+0300: 531.828: [ParNew: 460096K->51072K(460096K), 0.0315902 secs] 3635290K->3244885K(8337536K), 0.0316792 secs] [Times: user=0.03 sys=0.00, real=0.03 secs] 
2024-10-09T21:45:49.023+0300: 531.860: Total time for which application threads were stopped: 0.0319936 seconds, Stopping threads took: 0.0001921 seconds
2024-10-09T21:45:49.180+0300: 532.020: Application time: 0.1599400 seconds
2024-10-09T21:45:49.180+0300: 532.020: [GC (Allocation Failure) 2024-10-09T21:45:49.180+0300: 532.020: [ParNew: 460096K->41950K(460096K), 0.0280244 secs] 3653909K->3263086K(8337536K), 0.0281144 secs] [Times: user=0.03 sys=0.00, real=0.03 secs] 
2024-10-09T21:45:49.212+0300: 532.048: Total time for which application threads were stopped: 0.0283655 seconds, Stopping threads took: 0.0001374 seconds
2024-10-09T21:45:49.384+0300: 532.225: Application time: 0.1767153 seconds
2024-10-09T21:45:49.384+0300: 532.225: [GC (Allocation Failure) 2024-10-09T21:45:49.384+0300: 532.225: [ParNew: 450974K->51072K(460096K), 0.0253324 secs] 3672110K->3276002K(8337536K), 0.0254090 secs] [Times: user=0.03 sys=0.00, real=0.03 secs] 
2024-10-09T21:45:49.416+0300: 532.251: Total time for which application threads were stopped: 0.0256567 seconds, Stopping threads took: 0.0001314 seconds
2024-10-09T21:45:49.573+0300: 532.413: Application time: 0.1620443 seconds
2024-10-09T21:45:49.573+0300: 532.413: [GC (Allocation Failure) 2024-10-09T21:45:49.573+0300: 532.413: [ParNew: 460096K->51072K(460096K), 0.0346955 secs] 3685026K->3298338K(8337536K), 0.0347868 secs] [Times: user=0.03 sys=0.00, real=0.05 secs] 
2024-10-09T21:45:49.620+0300: 532.448: Total time for which application threads were stopped: 0.0350902 seconds, Stopping threads took: 0.0001807 seconds
2024-10-09T21:45:49.777+0300: 532.610: Application time: 0.1625561 seconds
2024-10-09T21:45:49.777+0300: 532.611: [GC (Allocation Failure) 2024-10-09T21:45:49.777+0300: 532.611: [ParNew: 460096K->44228K(460096K), 0.0350566 secs] 3707362K->3329308K(8337536K), 0.0351510 secs] [Times: user=0.03 sys=0.00, real=0.03 secs] 
2024-10-09T21:45:49.808+0300: 532.646: Total time for which application threads were stopped: 0.0354254 seconds, Stopping threads took: 0.0001375 seconds
2024-10-09T21:45:49.996+0300: 532.823: Application time: 0.1771969 seconds
2024-10-09T21:45:49.996+0300: 532.823: [GC (Allocation Failure) 2024-10-09T21:45:49.996+0300: 532.823: [ParNew: 453252K->51072K(460096K), 0.0238482 secs] 3738332K->3339293K(8337536K), 0.0239372 secs] [Times: user=0.02 sys=0.00, real=0.02 secs] 
2024-10-09T21:45:50.012+0300: 532.847: Total time for which application threads were stopped: 0.0241814 seconds, Stopping threads took: 0.0001229 seconds
2024-10-09T21:45:50.184+0300: 533.014: Application time: 0.1667695 seconds
2024-10-09T21:45:50.184+0300: 533.014: [GC (Allocation Failure) 2024-10-09T21:45:50.184+0300: 533.014: [ParNew: 460096K->51072K(460096K), 0.0348979 secs] 3748317K->3364708K(8337536K), 0.0349856 secs] [Times: user=0.03 sys=0.00, real=0.03 secs] 
2024-10-09T21:45:50.216+0300: 533.049: Total time for which application threads were stopped: 0.0352447 seconds, Stopping threads took: 0.0001391 seconds
2024-10-09T21:45:50.373+0300: 533.202: Application time: 0.1524310 seconds
2024-10-09T21:45:50.373+0300: 533.202: [GC (Allocation Failure) 2024-10-09T21:45:50.373+0300: 533.202: [ParNew: 460096K->48610K(460096K), 0.0358159 secs] 3773732K->3400614K(8337536K), 0.0359065 secs] [Times: user=0.03 sys=0.00, real=0.03 secs] 
2024-10-09T21:45:50.404+0300: 533.238: Total time for which application threads were stopped: 0.0361764 seconds, Stopping threads took: 0.0001570 seconds
2024-10-09T21:45:50.577+0300: 533.410: Application time: 0.1721021 seconds
2024-10-09T21:45:50.577+0300: 533.410: [GC (Allocation Failure) 2024-10-09T21:45:50.577+0300: 533.410: [ParNew: 457634K->46686K(460096K), 0.0265522 secs] 3809638K->3411562K(8337536K), 0.0266483 secs] [Times: user=0.03 sys=0.00, real=0.03 secs] 
2024-10-09T21:45:50.608+0300: 533.437: Total time for which application threads were stopped: 0.0269075 seconds, Stopping threads took: 0.0001376 seconds
2024-10-09T21:45:50.781+0300: 533.613: Application time: 0.1760285 seconds
2024-10-09T21:45:50.781+0300: 533.613: [GC (Allocation Failure) 2024-10-09T21:45:50.781+0300: 533.613: [ParNew: 455710K->51072K(460096K), 0.0272851 secs] 3820586K->3428658K(8337536K), 0.0273790 secs] [Times: user=0.09 sys=0.00, real=0.03 secs] 
2024-10-09T21:45:50.814+0300: 533.640: Total time for which application threads were stopped: 0.0276771 seconds, Stopping threads took: 0.0001569 seconds
2024-10-09T21:45:50.955+0300: 533.793: Application time: 0.1523649 seconds
2024-10-09T21:45:50.955+0300: 533.793: [GC (Allocation Failure) 2024-10-09T21:45:50.955+0300: 533.793: [ParNew: 460096K->51072K(460096K), 0.0264105 secs] 3837682K->3444801K(8337536K), 0.0265022 secs] [Times: user=0.03 sys=0.00, real=0.03 secs] 
2024-10-09T21:45:50.985+0300: 533.820: Total time for which application threads were stopped: 0.0268047 seconds, Stopping threads took: 0.0001737 seconds
2024-10-09T21:45:51.158+0300: 533.990: Application time: 0.1704970 seconds
2024-10-09T21:45:51.158+0300: 533.990: [GC (Allocation Failure) 2024-10-09T21:45:51.158+0300: 533.990: [ParNew: 460096K->51072K(460096K), 0.0257377 secs] 3853825K->3459144K(8337536K), 0.0258288 secs] [Times: user=0.02 sys=0.00, real=0.03 secs] 
2024-10-09T21:45:51.189+0300: 534.016: Total time for which application threads were stopped: 0.0261217 seconds, Stopping threads took: 0.0001586 seconds
2024-10-09T21:45:51.356+0300: 534.186: Application time: 0.1692229 seconds
2024-10-09T21:45:51.356+0300: 534.186: [GC (Allocation Failure) 2024-10-09T21:45:51.356+0300: 534.186: [ParNew: 460096K->51072K(460096K), 0.0268397 secs] 3868168K->3472326K(8337536K), 0.0269254 secs] [Times: user=0.02 sys=0.00, real=0.02 secs] 
2024-10-09T21:45:51.378+0300: 534.213: Total time for which application threads were stopped: 0.0271998 seconds, Stopping threads took: 0.0001527 seconds
2024-10-09T21:45:51.534+0300: 534.366: Application time: 0.1532967 seconds
2024-10-09T21:45:51.534+0300: 534.366: [GC (Allocation Failure) 2024-10-09T21:45:51.534+0300: 534.366: [ParNew: 460096K->51072K(460096K), 0.0331369 secs] 3881350K->3499237K(8337536K), 0.0332213 secs] [Times: user=0.03 sys=0.00, real=0.03 secs] 
2024-10-09T21:45:51.566+0300: 534.399: Total time for which application threads were stopped: 0.0334790 seconds, Stopping threads took: 0.0001412 seconds
2024-10-09T21:45:51.738+0300: 534.572: Application time: 0.1722526 seconds
2024-10-09T21:45:51.738+0300: 534.572: [GC (Allocation Failure) 2024-10-09T21:45:51.738+0300: 534.572: [ParNew: 460096K->49577K(460096K), 0.0292868 secs] 3908261K->3521805K(8337536K), 0.0293832 secs] [Times: user=0.08 sys=0.00, real=0.03 secs] 
2024-10-09T21:45:51.770+0300: 534.601: Total time for which application threads were stopped: 0.0296278 seconds, Stopping threads took: 0.0000938 seconds
2024-10-09T21:45:51.942+0300: 534.771: Application time: 0.1698257 seconds
2024-10-09T21:45:51.942+0300: 534.771: [GC (Allocation Failure) 2024-10-09T21:45:51.942+0300: 534.771: [ParNew: 458601K->51072K(460096K), 0.0271073 secs] 3930829K->3533929K(8337536K), 0.0271981 secs] [Times: user=0.02 sys=0.00, real=0.02 secs] 
2024-10-09T21:45:51.958+0300: 534.799: Total time for which application threads were stopped: 0.0274720 seconds, Stopping threads took: 0.0001572 seconds
2024-10-09T21:45:52.115+0300: 534.956: Application time: 0.1572362 seconds
2024-10-09T21:45:52.115+0300: 534.956: [GC (Allocation Failure) 2024-10-09T21:45:52.115+0300: 534.956: [ParNew: 460096K->51072K(460096K), 0.0264869 secs] 3942953K->3547545K(8337536K), 0.0265792 secs] [Times: user=0.05 sys=0.00, real=0.03 secs] 
2024-10-09T21:45:52.146+0300: 534.983: Total time for which application threads were stopped: 0.0268525 seconds, Stopping threads took: 0.0001448 seconds
2024-10-09T21:45:52.304+0300: 535.144: Application time: 0.1610951 seconds
2024-10-09T21:45:52.304+0300: 535.144: [GC (Allocation Failure) 2024-10-09T21:45:52.304+0300: 535.144: [ParNew: 460096K->51072K(460096K), 0.0296704 secs] 3956569K->3574372K(8337536K), 0.0297621 secs] [Times: user=0.03 sys=0.00, real=0.03 secs] 
2024-10-09T21:45:52.335+0300: 535.174: Total time for which application threads were stopped: 0.0300080 seconds, Stopping threads took: 0.0001238 seconds
2024-10-09T21:45:52.508+0300: 535.348: Application time: 0.1744226 seconds
2024-10-09T21:45:52.508+0300: 535.349: [GC (Allocation Failure) 2024-10-09T21:45:52.508+0300: 535.349: [ParNew: 460096K->51072K(460096K), 0.0255905 secs] 3983396K->3583344K(8337536K), 0.0256820 secs] [Times: user=0.03 sys=0.00, real=0.03 secs] 
2024-10-09T21:45:52.539+0300: 535.374: Total time for which application threads were stopped: 0.0259637 seconds, Stopping threads took: 0.0001600 seconds
2024-10-09T21:45:52.711+0300: 535.538: Application time: 0.1633660 seconds
2024-10-09T21:45:52.712+0300: 535.538: [GC (Allocation Failure) 2024-10-09T21:45:52.712+0300: 535.538: [ParNew: 460096K->51072K(460096K), 0.0307774 secs] 3992368K->3600947K(8337536K), 0.0308673 secs] [Times: user=0.11 sys=0.00, real=0.03 secs] 
2024-10-09T21:45:52.742+0300: 535.569: Total time for which application threads were stopped: 0.0311402 seconds, Stopping threads took: 0.0001385 seconds
2024-10-09T21:45:52.900+0300: 535.730: Application time: 0.1609215 seconds
2024-10-09T21:45:52.900+0300: 535.730: [GC (Allocation Failure) 2024-10-09T21:45:52.900+0300: 535.730: [ParNew: 460096K->47830K(460096K), 0.0331498 secs] 4009971K->3630156K(8337536K), 0.0332417 secs] [Times: user=0.03 sys=0.00, real=0.03 secs] 
2024-10-09T21:45:52.931+0300: 535.763: Total time for which application threads were stopped: 0.0335438 seconds, Stopping threads took: 0.0001758 seconds
2024-10-09T21:45:53.104+0300: 535.937: Application time: 0.1734922 seconds
2024-10-09T21:45:53.104+0300: 535.937: [GC (Allocation Failure) 2024-10-09T21:45:53.104+0300: 535.937: [ParNew: 456854K->47707K(460096K), 0.0301891 secs] 4039180K->3648255K(8337536K), 0.0302839 secs] [Times: user=0.03 sys=0.00, real=0.03 secs] 
2024-10-09T21:45:53.135+0300: 535.967: Total time for which application threads were stopped: 0.0305502 seconds, Stopping threads took: 0.0001417 seconds
2024-10-09T21:45:53.292+0300: 536.132: Application time: 0.1651277 seconds
2024-10-09T21:45:53.292+0300: 536.133: [GC (Allocation Failure) 2024-10-09T21:45:53.292+0300: 536.133: [ParNew: 456731K->51072K(460096K), 0.0273490 secs] 4057279K->3661898K(8337536K), 0.0274547 secs] [Times: user=0.11 sys=0.00, real=0.03 secs] 
2024-10-09T21:45:53.324+0300: 536.160: Total time for which application threads were stopped: 0.0277435 seconds, Stopping threads took: 0.0001354 seconds
2024-10-09T21:45:53.481+0300: 536.319: Application time: 0.1583471 seconds
2024-10-09T21:45:53.481+0300: 536.319: [GC (Allocation Failure) 2024-10-09T21:45:53.481+0300: 536.319: [ParNew: 460096K->49183K(460096K), 0.0325508 secs] 4070922K->3691774K(8337536K), 0.0326416 secs] [Times: user=0.03 sys=0.00, real=0.03 secs] 
2024-10-09T21:45:53.512+0300: 536.351: Total time for which application threads were stopped: 0.0328958 seconds, Stopping threads took: 0.0001425 seconds
2024-10-09T21:45:53.701+0300: 536.527: Application time: 0.1759309 seconds
2024-10-09T21:45:53.701+0300: 536.528: [GC (Allocation Failure) 2024-10-09T21:45:53.701+0300: 536.528: [ParNew: 458207K->42867K(460096K), 0.0264574 secs] 4100798K->3699902K(8337536K), 0.0265584 secs] [Times: user=0.03 sys=0.00, real=0.02 secs] 
2024-10-09T21:45:53.716+0300: 536.554: Total time for which application threads were stopped: 0.0268737 seconds, Stopping threads took: 0.0001784 seconds
2024-10-09T21:45:53.889+0300: 536.719: Application time: 0.1648785 seconds
2024-10-09T21:45:53.889+0300: 536.719: [GC (Allocation Failure) 2024-10-09T21:45:53.889+0300: 536.719: [ParNew: 451891K->51072K(460096K), 0.0281612 secs] 4108926K->3720488K(8337536K), 0.0282532 secs] [Times: user=0.03 sys=0.00, real=0.03 secs] 
2024-10-09T21:45:53.920+0300: 536.748: Total time for which application threads were stopped: 0.0285037 seconds, Stopping threads took: 0.0001366 seconds
2024-10-09T21:45:54.078+0300: 536.908: Application time: 0.1602886 seconds
2024-10-09T21:45:54.078+0300: 536.908: [GC (Allocation Failure) 2024-10-09T21:45:54.078+0300: 536.908: [ParNew: 460096K->51072K(460096K), 0.0341383 secs] 4129512K->3749848K(8337536K), 0.0342260 secs] [Times: user=0.11 sys=0.00, real=0.03 secs] 
2024-10-09T21:45:54.109+0300: 536.943: Total time for which application threads were stopped: 0.0347047 seconds, Stopping threads took: 0.0003433 seconds
2024-10-09T21:45:54.282+0300: 537.120: Application time: 0.1775158 seconds
2024-10-09T21:45:54.282+0300: 537.120: [GC (Allocation Failure) 2024-10-09T21:45:54.282+0300: 537.120: [ParNew: 460096K->51072K(460096K), 0.0295861 secs] 4158872K->3774386K(8337536K), 0.0296734 secs] [Times: user=0.03 sys=0.00, real=0.03 secs] 
2024-10-09T21:45:54.313+0300: 537.150: Total time for which application threads were stopped: 0.0299254 seconds, Stopping threads took: 0.0001319 seconds
2024-10-09T21:45:54.486+0300: 537.322: Application time: 0.1717123 seconds
2024-10-09T21:45:54.486+0300: 537.322: [GC (Allocation Failure) 2024-10-09T21:45:54.486+0300: 537.322: [ParNew: 460096K->51072K(460096K), 0.0249852 secs] 4183410K->3779701K(8337536K), 0.0250690 secs] [Times: user=0.03 sys=0.00, real=0.03 secs] 
2024-10-09T21:45:54.517+0300: 537.347: Total time for which application threads were stopped: 0.0253528 seconds, Stopping threads took: 0.0001680 seconds
2024-10-09T21:45:54.663+0300: 537.499: Application time: 0.1517277 seconds
2024-10-09T21:45:54.663+0300: 537.499: [GC (Allocation Failure) 2024-10-09T21:45:54.663+0300: 537.499: [ParNew: 460096K->51072K(460096K), 0.0353645 secs] 4188725K->3811385K(8337536K), 0.0354592 secs] [Times: user=0.11 sys=0.00, real=0.04 secs] 
2024-10-09T21:45:54.705+0300: 537.535: Total time for which application threads were stopped: 0.0357521 seconds, Stopping threads took: 0.0001444 seconds
2024-10-09T21:45:54.878+0300: 537.713: Application time: 0.1786074 seconds
2024-10-09T21:45:54.878+0300: 537.713: [GC (Allocation Failure) 2024-10-09T21:45:54.878+0300: 537.713: [ParNew: 460096K->46667K(460096K), 0.0294372 secs] 4220409K->3828110K(8337536K), 0.0295282 secs] [Times: user=0.03 sys=0.00, real=0.03 secs] 
2024-10-09T21:45:54.909+0300: 537.743: Total time for which application threads were stopped: 0.0297263 seconds, Stopping threads took: 0.0000850 seconds
2024-10-09T21:45:55.082+0300: 537.915: Application time: 0.1720400 seconds
2024-10-09T21:45:55.082+0300: 537.915: [GC (Allocation Failure) 2024-10-09T21:45:55.082+0300: 537.915: [ParNew: 455691K->51072K(460096K), 0.0256107 secs] 4237134K->3841170K(8337536K), 0.0256960 secs] [Times: user=0.01 sys=0.00, real=0.03 secs] 
2024-10-09T21:45:55.113+0300: 537.941: Total time for which application threads were stopped: 0.0259529 seconds, Stopping threads took: 0.0001442 seconds
2024-10-09T21:45:55.271+0300: 538.099: Application time: 0.1580443 seconds
2024-10-09T21:45:55.271+0300: 538.099: [GC (Allocation Failure) 2024-10-09T21:45:55.271+0300: 538.099: [ParNew: 460096K->51072K(460096K), 0.0322125 secs] 4250194K->3867945K(8337536K), 0.0323136 secs] [Times: user=0.03 sys=0.00, real=0.03 secs] 
2024-10-09T21:45:55.302+0300: 538.132: Total time for which application threads were stopped: 0.0325718 seconds, Stopping threads took: 0.0001236 seconds
2024-10-09T21:45:55.475+0300: 538.301: Application time: 0.1695583 seconds
2024-10-09T21:45:55.475+0300: 538.301: [GC (Allocation Failure) 2024-10-09T21:45:55.475+0300: 538.301: [ParNew: 460096K->50883K(460096K), 0.0281259 secs] 4276969K->3889356K(8337536K), 0.0282173 secs] [Times: user=0.02 sys=0.00, real=0.02 secs] 
2024-10-09T21:45:55.491+0300: 538.330: Total time for which application threads were stopped: 0.0284735 seconds, Stopping threads took: 0.0001148 seconds
2024-10-09T21:45:55.665+0300: 538.503: Application time: 0.1735003 seconds
2024-10-09T21:45:55.665+0300: 538.503: [GC (Allocation Failure) 2024-10-09T21:45:55.665+0300: 538.503: [ParNew: 459907K->51072K(460096K), 0.0281066 secs] 4298380K->3900327K(8337536K), 0.0282161 secs] [Times: user=0.03 sys=0.00, real=0.03 secs] 
2024-10-09T21:45:55.695+0300: 538.532: Total time for which application threads were stopped: 0.0285443 seconds, Stopping threads took: 0.0001830 seconds
2024-10-09T21:45:55.865+0300: 538.692: Application time: 0.1599032 seconds
2024-10-09T21:45:55.865+0300: 538.692: [GC (Allocation Failure) 2024-10-09T21:45:55.865+0300: 538.692: [ParNew: 460096K->45915K(460096K), 0.0270975 secs] 4309351K->3912265K(8337536K), 0.0271916 secs] [Times: user=0.03 sys=0.00, real=0.02 secs] 
2024-10-09T21:45:55.883+0300: 538.719: Total time for which application threads were stopped: 0.0274729 seconds, Stopping threads took: 0.0001589 seconds
2024-10-09T21:45:56.055+0300: 538.882: Application time: 0.1633890 seconds
2024-10-09T21:45:56.055+0300: 538.883: [GC (Allocation Failure) 2024-10-09T21:45:56.055+0300: 538.883: [ParNew: 454939K->51072K(460096K), 0.0273749 secs] 4321289K->3935281K(8337536K), 0.0274599 secs] [Times: user=0.02 sys=0.00, real=0.02 secs] 
2024-10-09T21:45:56.071+0300: 538.910: Total time for which application threads were stopped: 0.0276877 seconds, Stopping threads took: 0.0001182 seconds
2024-10-09T21:45:56.249+0300: 539.081: Application time: 0.1705531 seconds
2024-10-09T21:45:56.259+0300: 539.085: [GC (Allocation Failure) 2024-10-09T21:45:56.259+0300: 539.085: [ParNew: 460096K->51072K(460096K), 0.0271001 secs] 4344305K->3949719K(8337536K), 0.0271962 secs] [Times: user=0.02 sys=0.00, real=0.02 secs] 
2024-10-09T21:45:56.275+0300: 539.113: Total time for which application threads were stopped: 0.0318296 seconds, Stopping threads took: 0.0044989 seconds
2024-10-09T21:45:56.448+0300: 539.274: Application time: 0.1618475 seconds
2024-10-09T21:45:56.448+0300: 539.275: [GC (Allocation Failure) 2024-10-09T21:45:56.448+0300: 539.275: [ParNew: 460096K->51072K(460096K), 0.0303068 secs] 4358743K->3969133K(8337536K), 0.0303937 secs] [Times: user=0.02 sys=0.00, real=0.02 secs] 
2024-10-09T21:45:56.467+0300: 539.305: Total time for which application threads were stopped: 0.0306403 seconds, Stopping threads took: 0.0001356 seconds
2024-10-09T21:45:56.637+0300: 539.468: Application time: 0.1626280 seconds
2024-10-09T21:45:56.637+0300: 539.468: [GC (Allocation Failure) 2024-10-09T21:45:56.637+0300: 539.468: [ParNew: 460096K->51072K(460096K), 0.0349928 secs] 4378157K->3997097K(8337536K), 0.0350792 secs] [Times: user=0.03 sys=0.00, real=0.03 secs] 
2024-10-09T21:45:56.668+0300: 539.503: Total time for which application threads were stopped: 0.0353077 seconds, Stopping threads took: 0.0001147 seconds
2024-10-09T21:45:56.841+0300: 539.679: Application time: 0.1761661 seconds
2024-10-09T21:45:56.841+0300: 539.679: [GC (Allocation Failure) 2024-10-09T21:45:56.841+0300: 539.679: [ParNew: 460096K->51072K(460096K), 0.0318301 secs] 4406121K->4023106K(8337536K), 0.0319176 secs] [Times: user=0.03 sys=0.00, real=0.03 secs] 
2024-10-09T21:45:56.872+0300: 539.711: Total time for which application threads were stopped: 0.0321747 seconds, Stopping threads took: 0.0001372 seconds
2024-10-09T21:45:57.045+0300: 539.877: Application time: 0.1659397 seconds
2024-10-09T21:45:57.045+0300: 539.877: [GC (Allocation Failure) 2024-10-09T21:45:57.045+0300: 539.877: [ParNew: 460096K->51072K(460096K), 0.0262297 secs] 4432130K->4032781K(8337536K), 0.0263178 secs] [Times: user=0.02 sys=0.00, real=0.03 secs] 
2024-10-09T21:45:57.076+0300: 539.904: Total time for which application threads were stopped: 0.0265866 seconds, Stopping threads took: 0.0001571 seconds
2024-10-09T21:45:57.233+0300: 540.059: Application time: 0.1554250 seconds
2024-10-09T21:45:57.233+0300: 540.059: [GC (Allocation Failure) 2024-10-09T21:45:57.233+0300: 540.059: [ParNew: 460096K->51072K(460096K), 0.0344943 secs] 4441805K->4064824K(8337536K), 0.0345851 secs] [Times: user=0.02 sys=0.00, real=0.03 secs] 
2024-10-09T21:45:57.264+0300: 540.094: Total time for which application threads were stopped: 0.0348075 seconds, Stopping threads took: 0.0001078 seconds
2024-10-09T21:45:57.437+0300: 540.271: Application time: 0.1771750 seconds
2024-10-09T21:45:57.437+0300: 540.271: [GC (Allocation Failure) 2024-10-09T21:45:57.437+0300: 540.272: [ParNew: 460096K->51072K(460096K), 0.0300991 secs] 4473848K->4088465K(8337536K), 0.0302025 secs] [Times: user=0.03 sys=0.00, real=0.03 secs] 
2024-10-09T21:45:57.469+0300: 540.302: Total time for which application threads were stopped: 0.0304893 seconds, Stopping threads took: 0.0001449 seconds
2024-10-09T21:45:57.641+0300: 540.467: Application time: 0.1650003 seconds
2024-10-09T21:45:57.641+0300: 540.467: [GC (Allocation Failure) 2024-10-09T21:45:57.641+0300: 540.467: [ParNew: 460096K->51072K(460096K), 0.0264949 secs] 4497489K->4095748K(8337536K), 0.0265982 secs] [Times: user=0.02 sys=0.00, real=0.02 secs] 
2024-10-09T21:45:57.657+0300: 540.494: Total time for which application threads were stopped: 0.0268836 seconds, Stopping threads took: 0.0001495 seconds
2024-10-09T21:45:57.829+0300: 540.656: Application time: 0.1623946 seconds
2024-10-09T21:45:57.829+0300: 540.656: [GC (Allocation Failure) 2024-10-09T21:45:57.829+0300: 540.656: [ParNew: 460096K->42751K(460096K), 0.0268804 secs] 4504772K->4107646K(8337536K), 0.0269796 secs] [Times: user=0.02 sys=0.00, real=0.02 secs] 
2024-10-09T21:45:57.845+0300: 540.683: Total time for which application threads were stopped: 0.0272364 seconds, Stopping threads took: 0.0001182 seconds
2024-10-09T21:45:58.017+0300: 540.857: Application time: 0.1740796 seconds
2024-10-09T21:45:58.017+0300: 540.857: [GC (Allocation Failure) 2024-10-09T21:45:58.017+0300: 540.858: [ParNew: 451775K->48040K(460096K), 0.0283916 secs] 4516670K->4134763K(8337536K), 0.0284837 secs] [Times: user=0.03 sys=0.00, real=0.03 secs] 
2024-10-09T21:45:58.048+0300: 540.886: Total time for which application threads were stopped: 0.0286991 seconds, Stopping threads took: 0.0001058 seconds
2024-10-09T21:45:58.222+0300: 541.059: Application time: 0.1726734 seconds
2024-10-09T21:45:58.222+0300: 541.059: [GC (Allocation Failure) 2024-10-09T21:45:58.222+0300: 541.059: [ParNew: 457064K->51072K(460096K), 0.0275986 secs] 4543787K->4148491K(8337536K), 0.0276865 secs] [Times: user=0.03 sys=0.00, real=0.03 secs] 
2024-10-09T21:45:58.253+0300: 541.087: Total time for which application threads were stopped: 0.0279231 seconds, Stopping threads took: 0.0001178 seconds
2024-10-09T21:45:58.410+0300: 541.240: Application time: 0.1536657 seconds
2024-10-09T21:45:58.410+0300: 541.241: [GC (Allocation Failure) 2024-10-09T21:45:58.410+0300: 541.241: [ParNew: 460096K->41143K(460096K), 0.0269606 secs] 4557515K->4157446K(8337536K), 0.0270373 secs] [Times: user=0.03 sys=0.00, real=0.03 secs] 
2024-10-09T21:45:58.441+0300: 541.268: Total time for which application threads were stopped: 0.0273262 seconds, Stopping threads took: 0.0001772 seconds
2024-10-09T21:45:58.598+0300: 541.436: Application time: 0.1685636 seconds
2024-10-09T21:45:58.598+0300: 541.436: [GC (Allocation Failure) 2024-10-09T21:45:58.598+0300: 541.436: [ParNew: 450167K->43195K(460096K), 0.0282814 secs] 4566470K->4178188K(8337536K), 0.0283747 secs] [Times: user=0.03 sys=0.00, real=0.03 secs] 
2024-10-09T21:45:58.630+0300: 541.465: Total time for which application threads were stopped: 0.0286492 seconds, Stopping threads took: 0.0001558 seconds
2024-10-09T21:45:58.802+0300: 541.640: Application time: 0.1746910 seconds
2024-10-09T21:45:58.802+0300: 541.640: [GC (Allocation Failure) 2024-10-09T21:45:58.802+0300: 541.640: [ParNew: 452219K->51072K(460096K), 0.0301573 secs] 4587212K->4202471K(8337536K), 0.0302594 secs] [Times: user=0.06 sys=0.00, real=0.03 secs] 
2024-10-09T21:45:58.834+0300: 541.670: Total time for which application threads were stopped: 0.0306128 seconds, Stopping threads took: 0.0001958 seconds
2024-10-09T21:45:58.991+0300: 541.822: Application time: 0.1513663 seconds
2024-10-09T21:45:58.991+0300: 541.822: [GC (Allocation Failure) 2024-10-09T21:45:58.991+0300: 541.822: [ParNew: 460096K->47483K(460096K), 0.0309914 secs] 4611495K->4222894K(8337536K), 0.0310857 secs] [Times: user=0.03 sys=0.00, real=0.03 secs] 
2024-10-09T21:45:59.022+0300: 541.853: Total time for which application threads were stopped: 0.0313691 seconds, Stopping threads took: 0.0001627 seconds
2024-10-09T21:45:59.179+0300: 542.017: Application time: 0.1640508 seconds
2024-10-09T21:45:59.179+0300: 542.017: [GC (Allocation Failure) 2024-10-09T21:45:59.179+0300: 542.017: [ParNew: 456507K->51072K(460096K), 0.0271515 secs] 4631918K->4243101K(8337536K), 0.0272406 secs] [Times: user=0.03 sys=0.00, real=0.03 secs] 
2024-10-09T21:45:59.210+0300: 542.044: Total time for which application threads were stopped: 0.0274975 seconds, Stopping threads took: 0.0001402 seconds
2024-10-09T21:45:59.383+0300: 542.215: Application time: 0.1706263 seconds
2024-10-09T21:45:59.383+0300: 542.215: [GC (Allocation Failure) 2024-10-09T21:45:59.383+0300: 542.215: [ParNew: 460096K->51072K(460096K), 0.0308860 secs] 4652125K->4263734K(8337536K), 0.0309708 secs] [Times: user=0.03 sys=0.00, real=0.03 secs] 
2024-10-09T21:45:59.414+0300: 542.246: Total time for which application threads were stopped: 0.0312285 seconds, Stopping threads took: 0.0001398 seconds
2024-10-09T21:45:59.574+0300: 542.399: Application time: 0.1530239 seconds
2024-10-09T21:45:59.574+0300: 542.400: [GC (Allocation Failure) 2024-10-09T21:45:59.574+0300: 542.400: [ParNew: 460096K->51072K(460096K), 0.0286808 secs] 4672758K->4282517K(8337536K), 0.0287634 secs] [Times: user=0.02 sys=0.00, real=0.01 secs] 
2024-10-09T21:45:59.587+0300: 542.428: Total time for which application threads were stopped: 0.0290064 seconds, Stopping threads took: 0.0001316 seconds
2024-10-09T21:45:59.774+0300: 542.601: Application time: 0.1729631 seconds
2024-10-09T21:45:59.776+0300: 542.602: [GC (Allocation Failure) 2024-10-09T21:45:59.776+0300: 542.602: [ParNew: 460096K->51072K(460096K), 0.0279709 secs] 4691541K->4301809K(8337536K), 0.0280702 secs] [Times: user=0.01 sys=0.00, real=0.01 secs] 
2024-10-09T21:45:59.791+0300: 542.630: Total time for which application threads were stopped: 0.0283433 seconds, Stopping threads took: 0.0001247 seconds
2024-10-09T21:45:59.974+0300: 542.801: Application time: 0.1708980 seconds
2024-10-09T21:45:59.974+0300: 542.801: [GC (Allocation Failure) 2024-10-09T21:45:59.974+0300: 542.801: [ParNew: 460096K->51072K(460096K), 0.0287220 secs] 4710833K->4319127K(8337536K), 0.0288111 secs] [Times: user=0.03 sys=0.00, real=0.02 secs] 
2024-10-09T21:45:59.996+0300: 542.830: Total time for which application threads were stopped: 0.0290498 seconds, Stopping threads took: 0.0001204 seconds
2024-10-09T21:46:00.152+0300: 542.993: Application time: 0.1633361 seconds
2024-10-09T21:46:00.152+0300: 542.993: [GC (Allocation Failure) 2024-10-09T21:46:00.152+0300: 542.993: [ParNew: 460096K->51072K(460096K), 0.0296240 secs] 4728151K->4337501K(8337536K), 0.0297173 secs] [Times: user=0.03 sys=0.00, real=0.03 secs] 
2024-10-09T21:46:00.184+0300: 543.023: Total time for which application threads were stopped: 0.0299798 seconds, Stopping threads took: 0.0001464 seconds
2024-10-09T21:46:00.356+0300: 543.186: Application time: 0.1633625 seconds
2024-10-09T21:46:00.356+0300: 543.186: [GC (Allocation Failure) 2024-10-09T21:46:00.356+0300: 543.187: [ParNew: 460096K->51072K(460096K), 0.0281466 secs] 4746525K->4358176K(8337536K), 0.0282284 secs] [Times: user=0.03 sys=0.00, real=0.03 secs] 
2024-10-09T21:46:00.388+0300: 543.215: Total time for which application threads were stopped: 0.0284759 seconds, Stopping threads took: 0.0001298 seconds
2024-10-09T21:46:00.545+0300: 543.378: Application time: 0.1635673 seconds
2024-10-09T21:46:00.545+0300: 543.379: [GC (Allocation Failure) 2024-10-09T21:46:00.545+0300: 543.379: [ParNew: 460096K->51072K(460096K), 0.0313424 secs] 4767200K->4379520K(8337536K), 0.0314295 secs] [Times: user=0.03 sys=0.00, real=0.03 secs] 
2024-10-09T21:46:00.577+0300: 543.410: Total time for which application threads were stopped: 0.0317814 seconds, Stopping threads took: 0.0001301 seconds
2024-10-09T21:46:00.749+0300: 543.579: Application time: 0.1690741 seconds
2024-10-09T21:46:00.749+0300: 543.579: [GC (Allocation Failure) 2024-10-09T21:46:00.749+0300: 543.579: [ParNew: 460096K->51072K(460096K), 0.0308997 secs] 4788544K->4400748K(8337536K), 0.0309851 secs] [Times: user=0.03 sys=0.00, real=0.03 secs] 
2024-10-09T21:46:00.781+0300: 543.610: Total time for which application threads were stopped: 0.0312575 seconds, Stopping threads took: 0.0001581 seconds
2024-10-09T21:46:00.938+0300: 543.778: Application time: 0.1672671 seconds
2024-10-09T21:46:00.938+0300: 543.778: [GC (Allocation Failure) 2024-10-09T21:46:00.938+0300: 543.778: [ParNew: 460096K->50754K(460096K), 0.0305967 secs] 4809772K->4423509K(8337536K), 0.0306873 secs] [Times: user=0.03 sys=0.00, real=0.04 secs] 
2024-10-09T21:46:00.976+0300: 543.809: Total time for which application threads were stopped: 0.0309907 seconds, Stopping threads took: 0.0001609 seconds
2024-10-09T21:46:01.142+0300: 543.977: Application time: 0.1682742 seconds
2024-10-09T21:46:01.142+0300: 543.977: [GC (Allocation Failure) 2024-10-09T21:46:01.142+0300: 543.977: [ParNew: 459778K->51072K(460096K), 0.0310053 secs] 4832533K->4442949K(8337536K), 0.0310913 secs] [Times: user=0.03 sys=0.00, real=0.04 secs] 
2024-10-09T21:46:01.177+0300: 544.008: Total time for which application threads were stopped: 0.0313598 seconds, Stopping threads took: 0.0001523 seconds
2024-10-09T21:46:01.330+0300: 544.169: Application time: 0.1611282 seconds
2024-10-09T21:46:01.330+0300: 544.170: [GC (Allocation Failure) 2024-10-09T21:46:01.330+0300: 544.170: [ParNew: 460096K->51072K(460096K), 0.0261556 secs] 4851973K->4454719K(8337536K), 0.0262394 secs] [Times: user=0.03 sys=0.00, real=0.03 secs] 
2024-10-09T21:46:01.361+0300: 544.196: Total time for which application threads were stopped: 0.0265219 seconds, Stopping threads took: 0.0001657 seconds
2024-10-09T21:46:01.534+0300: 544.360: Application time: 0.1640894 seconds
2024-10-09T21:46:01.534+0300: 544.360: [GC (Allocation Failure) 2024-10-09T21:46:01.534+0300: 544.360: [ParNew: 460096K->39821K(460096K), 0.0334739 secs] 4863743K->4473427K(8337536K), 0.0335594 secs] [Times: user=0.03 sys=0.00, real=0.03 secs] 
2024-10-09T21:46:01.565+0300: 544.394: Total time for which application threads were stopped: 0.0337997 seconds, Stopping threads took: 0.0001246 seconds
2024-10-09T21:46:01.738+0300: 544.567: Application time: 0.1729675 seconds
2024-10-09T21:46:01.738+0300: 544.567: [GC (Allocation Failure) 2024-10-09T21:46:01.738+0300: 544.567: [ParNew: 448845K->51072K(460096K), 0.0257853 secs] 4882451K->4492989K(8337536K), 0.0258730 secs] [Times: user=0.03 sys=0.00, real=0.02 secs] 
2024-10-09T21:46:01.754+0300: 544.593: Total time for which application threads were stopped: 0.0261416 seconds, Stopping threads took: 0.0001394 seconds
2024-10-09T21:46:01.927+0300: 544.756: Application time: 0.1631637 seconds
2024-10-09T21:46:01.927+0300: 544.756: [GC (Allocation Failure) 2024-10-09T21:46:01.927+0300: 544.756: [ParNew: 460096K->51072K(460096K), 0.0376811 secs] 4902013K->4526821K(8337536K), 0.0377719 secs] [Times: user=0.03 sys=0.02, real=0.03 secs] 
2024-10-09T21:46:01.958+0300: 544.794: Total time for which application threads were stopped: 0.0380318 seconds, Stopping threads took: 0.0001444 seconds
2024-10-09T21:46:02.131+0300: 544.958: Application time: 0.1641343 seconds
2024-10-09T21:46:02.131+0300: 544.959: [GC (Allocation Failure) 2024-10-09T21:46:02.131+0300: 544.959: [ParNew: 460096K->51072K(460096K), 0.0287190 secs] 4935845K->4549571K(8337536K), 0.0288056 secs] [Times: user=0.02 sys=0.00, real=0.01 secs] 
2024-10-09T21:46:02.146+0300: 544.987: Total time for which application threads were stopped: 0.0290724 seconds, Stopping threads took: 0.0001495 seconds
2024-10-09T21:46:02.319+0300: 545.153: Application time: 0.1660056 seconds
2024-10-09T21:46:02.319+0300: 545.154: [GC (Allocation Failure) 2024-10-09T21:46:02.319+0300: 545.154: [ParNew: 460096K->51072K(460096K), 0.0259078 secs] 4958595K->4558787K(8337536K), 0.0259985 secs] [Times: user=0.03 sys=0.00, real=0.03 secs] 
2024-10-09T21:46:02.350+0300: 545.180: Total time for which application threads were stopped: 0.0262733 seconds, Stopping threads took: 0.0001589 seconds
2024-10-09T21:46:02.507+0300: 545.337: Application time: 0.1575542 seconds
2024-10-09T21:46:02.507+0300: 545.337: [GC (Allocation Failure) 2024-10-09T21:46:02.507+0300: 545.337: [ParNew: 460096K->51072K(460096K), 0.0283710 secs] 4967811K->4578226K(8337536K), 0.0284555 secs] [Times: user=0.03 sys=0.00, real=0.03 secs] 
2024-10-09T21:46:02.539+0300: 545.366: Total time for which application threads were stopped: 0.0286998 seconds, Stopping threads took: 0.0001339 seconds
2024-10-09T21:46:02.696+0300: 545.537: Application time: 0.1708425 seconds
2024-10-09T21:46:02.711+0300: 545.537: [GC (Allocation Failure) 2024-10-09T21:46:02.711+0300: 545.537: [ParNew: 460096K->51072K(460096K), 0.0294192 secs] 4987250K->4598470K(8337536K), 0.0295191 secs] [Times: user=0.17 sys=0.00, real=0.02 secs] 
2024-10-09T21:46:02.727+0300: 545.567: Total time for which application threads were stopped: 0.0299238 seconds, Stopping threads took: 0.0002497 seconds
2024-10-09T21:46:02.900+0300: 545.738: Application time: 0.1709645 seconds
2024-10-09T21:46:02.900+0300: 545.738: [GC (Allocation Failure) 2024-10-09T21:46:02.900+0300: 545.738: [ParNew: 460096K->51072K(460096K), 0.0267299 secs] 5007494K->4608247K(8337536K), 0.0268193 secs] [Times: user=0.03 sys=0.00, real=0.03 secs] 
2024-10-09T21:46:02.931+0300: 545.765: Total time for which application threads were stopped: 0.0270986 seconds, Stopping threads took: 0.0001575 seconds
2024-10-09T21:46:03.088+0300: 545.921: Application time: 0.1557223 seconds
2024-10-09T21:46:03.088+0300: 545.921: [GC (Allocation Failure) 2024-10-09T21:46:03.088+0300: 545.921: [ParNew: 460096K->51072K(460096K), 0.0303149 secs] 5017271K->4630165K(8337536K), 0.0304117 secs] [Times: user=0.03 sys=0.00, real=0.03 secs] 
2024-10-09T21:46:03.120+0300: 545.951: Total time for which application threads were stopped: 0.0307174 seconds, Stopping threads took: 0.0001614 seconds
2024-10-09T21:46:03.281+0300: 546.116: Application time: 0.1644379 seconds
2024-10-09T21:46:03.281+0300: 546.116: [GC (Allocation Failure) 2024-10-09T21:46:03.281+0300: 546.116: [ParNew: 460096K->51072K(460096K), 0.0279306 secs] 5039189K->4650627K(8337536K), 0.0280187 secs] [Times: user=0.03 sys=0.00, real=0.03 secs] 
2024-10-09T21:46:03.308+0300: 546.144: Total time for which application threads were stopped: 0.0282904 seconds, Stopping threads took: 0.0001535 seconds
2024-10-09T21:46:03.482+0300: 546.317: Application time: 0.1726900 seconds
2024-10-09T21:46:03.482+0300: 546.317: [GC (Allocation Failure) 2024-10-09T21:46:03.482+0300: 546.317: [ParNew: 460096K->51072K(460096K), 0.0255010 secs] 5059651K->4660598K(8337536K), 0.0255873 secs] [Times: user=0.03 sys=0.00, real=0.03 secs] 
2024-10-09T21:46:03.512+0300: 546.342: Total time for which application threads were stopped: 0.0258077 seconds, Stopping threads took: 0.0001107 seconds
2024-10-09T21:46:03.669+0300: 546.498: Application time: 0.1555739 seconds
2024-10-09T21:46:03.669+0300: 546.498: [GC (Allocation Failure) 2024-10-09T21:46:03.669+0300: 546.498: [ParNew: 460096K->51072K(460096K), 0.0405484 secs] 5069622K->4690846K(8337536K), 0.0406461 secs] [Times: user=0.16 sys=0.00, real=0.03 secs] 
2024-10-09T21:46:03.701+0300: 546.539: Total time for which application threads were stopped: 0.0409379 seconds, Stopping threads took: 0.0001558 seconds
2024-10-09T21:46:03.873+0300: 546.703: Application time: 0.1641628 seconds
2024-10-09T21:46:03.873+0300: 546.703: [GC (Allocation Failure) 2024-10-09T21:46:03.873+0300: 546.703: [ParNew: 460096K->51072K(460096K), 0.0267504 secs] 5099870K->4708899K(8337536K), 0.0268356 secs] [Times: user=0.02 sys=0.00, real=0.02 secs] 
2024-10-09T21:46:03.889+0300: 546.730: Total time for which application threads were stopped: 0.0270641 seconds, Stopping threads took: 0.0001092 seconds
2024-10-09T21:46:04.061+0300: 546.902: Application time: 0.1719875 seconds
2024-10-09T21:46:04.061+0300: 546.902: [GC (Allocation Failure) 2024-10-09T21:46:04.061+0300: 546.903: [ParNew: 460096K->51072K(460096K), 0.0279691 secs] 5117923K->4721951K(8337536K), 0.0280550 secs] [Times: user=0.02 sys=0.00, real=0.03 secs] 
2024-10-09T21:46:04.093+0300: 546.931: Total time for which application threads were stopped: 0.0283451 seconds, Stopping threads took: 0.0001684 seconds
2024-10-09T21:46:04.265+0300: 547.093: Application time: 0.1622985 seconds
2024-10-09T21:46:04.265+0300: 547.093: [GC (Allocation Failure) 2024-10-09T21:46:04.265+0300: 547.093: [ParNew: 460096K->51072K(460096K), 0.0321231 secs] 5130975K->4743425K(8337536K), 0.0322227 secs] [Times: user=0.19 sys=0.00, real=0.03 secs] 
2024-10-09T21:46:04.297+0300: 547.125: Total time for which application threads were stopped: 0.0324758 seconds, Stopping threads took: 0.0001127 seconds
2024-10-09T21:46:04.454+0300: 547.285: Application time: 0.1591629 seconds
2024-10-09T21:46:04.454+0300: 547.285: [GC (Allocation Failure) 2024-10-09T21:46:04.454+0300: 547.285: [ParNew: 460096K->46064K(460096K), 0.0292105 secs] 5152449K->4761871K(8337536K), 0.0292960 secs] [Times: user=0.03 sys=0.00, real=0.03 secs] 
2024-10-09T21:46:04.485+0300: 547.314: Total time for which application threads were stopped: 0.0295426 seconds, Stopping threads took: 0.0001311 seconds
2024-10-09T21:46:04.658+0300: 547.489: Application time: 0.1745761 seconds
2024-10-09T21:46:04.658+0300: 547.489: [GC (Allocation Failure) 2024-10-09T21:46:04.658+0300: 547.489: [ParNew: 455088K->51072K(460096K), 0.0254664 secs] 5170895K->4773779K(8337536K), 0.0255652 secs] [Times: user=0.11 sys=0.00, real=0.03 secs] 
2024-10-09T21:46:04.685+0300: 547.514: Total time for which application threads were stopped: 0.0258166 seconds, Stopping threads took: 0.0001072 seconds
2024-10-09T21:46:04.846+0300: 547.680: Application time: 0.1659332 seconds
2024-10-09T21:46:04.846+0300: 547.681: [GC (Allocation Failure) 2024-10-09T21:46:04.846+0300: 547.681: [ParNew: 460096K->51072K(460096K), 0.0341121 secs] 5182803K->4799646K(8337536K), 0.0342049 secs] [Times: user=0.03 sys=0.00, real=0.04 secs] 
2024-10-09T21:46:04.885+0300: 547.715: Total time for which application threads were stopped: 0.0345103 seconds, Stopping threads took: 0.0001872 seconds
2024-10-09T21:46:05.051+0300: 547.878: Application time: 0.1627589 seconds
2024-10-09T21:46:05.051+0300: 547.878: [GC (Allocation Failure) 2024-10-09T21:46:05.051+0300: 547.878: [ParNew: 460096K->45786K(460096K), 0.0306602 secs] 5208670K->4823729K(8337536K), 0.0307436 secs] [Times: user=0.03 sys=0.00, real=0.03 secs] 
2024-10-09T21:46:05.082+0300: 547.909: Total time for which application threads were stopped: 0.0309723 seconds, Stopping threads took: 0.0001137 seconds
2024-10-09T21:46:05.255+0300: 548.087: Application time: 0.1784014 seconds
2024-10-09T21:46:05.255+0300: 548.087: [GC (Allocation Failure) 2024-10-09T21:46:05.255+0300: 548.087: [ParNew: 454810K->51072K(460096K), 0.0249341 secs] 5232753K->4832910K(8337536K), 0.0250143 secs] [Times: user=0.03 sys=0.00, real=0.03 secs] 
2024-10-09T21:46:05.286+0300: 548.112: Total time for which application threads were stopped: 0.0252473 seconds, Stopping threads took: 0.0001236 seconds
2024-10-09T21:46:05.443+0300: 548.275: Application time: 0.1626120 seconds
2024-10-09T21:46:05.443+0300: 548.275: [GC (Allocation Failure) 2024-10-09T21:46:05.443+0300: 548.275: [ParNew: 460096K->51072K(460096K), 0.0296951 secs] 5241934K->4849057K(8337536K), 0.0297851 secs] [Times: user=0.03 sys=0.00, real=0.03 secs] 
2024-10-09T21:46:05.474+0300: 548.305: Total time for which application threads were stopped: 0.0300327 seconds, Stopping threads took: 0.0001351 seconds
2024-10-09T21:46:05.631+0300: 548.459: Application time: 0.1541581 seconds
2024-10-09T21:46:05.631+0300: 548.459: [GC (Allocation Failure) 2024-10-09T21:46:05.631+0300: 548.459: [ParNew: 460096K->51072K(460096K), 0.0306193 secs] 5258081K->4878471K(8337536K), 0.0307170 secs] [Times: user=0.03 sys=0.00, real=0.03 secs] 
2024-10-09T21:46:05.662+0300: 548.490: Total time for which application threads were stopped: 0.0309800 seconds, Stopping threads took: 0.0001463 seconds
2024-10-09T21:46:05.835+0300: 548.671: Application time: 0.1808750 seconds
2024-10-09T21:46:05.835+0300: 548.671: [GC (Allocation Failure) 2024-10-09T21:46:05.835+0300: 548.671: [ParNew: 460096K->49854K(460096K), 0.0263173 secs] 5287495K->4887607K(8337536K), 0.0264083 secs] [Times: user=0.03 sys=0.00, real=0.03 secs] 
2024-10-09T21:46:05.866+0300: 548.698: Total time for which application threads were stopped: 0.0266941 seconds, Stopping threads took: 0.0001432 seconds
2024-10-09T21:46:06.024+0300: 548.860: Application time: 0.1623155 seconds
2024-10-09T21:46:06.024+0300: 548.860: [GC (Allocation Failure) 2024-10-09T21:46:06.024+0300: 548.860: [ParNew: 458878K->51072K(460096K), 0.0283680 secs] 5296631K->4900925K(8337536K), 0.0284538 secs] [Times: user=0.03 sys=0.00, real=0.03 secs] 
2024-10-09T21:46:06.055+0300: 548.889: Total time for which application threads were stopped: 0.0287067 seconds, Stopping threads took: 0.0001388 seconds
2024-10-09T21:46:06.212+0300: 549.043: Application time: 0.1544012 seconds
2024-10-09T21:46:06.212+0300: 549.043: [GC (Allocation Failure) 2024-10-09T21:46:06.212+0300: 549.043: [ParNew: 460096K->51072K(460096K), 0.0332333 secs] 5309949K->4931903K(8337536K), 0.0333219 secs] [Times: user=0.03 sys=0.00, real=0.03 secs] 
2024-10-09T21:46:06.243+0300: 549.077: Total time for which application threads were stopped: 0.0335729 seconds, Stopping threads took: 0.0001370 seconds
2024-10-09T21:46:06.416+0300: 549.251: Application time: 0.1744246 seconds
2024-10-09T21:46:06.416+0300: 549.251: [GC (Allocation Failure) 2024-10-09T21:46:06.416+0300: 549.251: [ParNew: 460096K->45889K(460096K), 0.0269425 secs] 5340927K->4942430K(8337536K), 0.0270304 secs] [Times: user=0.03 sys=0.00, real=0.03 secs] 
2024-10-09T21:46:06.447+0300: 549.278: Total time for which application threads were stopped: 0.0272704 seconds, Stopping threads took: 0.0001207 seconds
2024-10-09T21:46:06.604+0300: 549.445: Application time: 0.1669491 seconds
2024-10-09T21:46:06.604+0300: 549.446: [GC (Allocation Failure) 2024-10-09T21:46:06.604+0300: 549.446: [ParNew: 454913K->51072K(460096K), 0.0275677 secs] 5351454K->4959373K(8337536K), 0.0276573 secs] [Times: user=0.01 sys=0.00, real=0.03 secs] 
2024-10-09T21:46:06.636+0300: 549.473: Total time for which application threads were stopped: 0.0279386 seconds, Stopping threads took: 0.0001537 seconds
2024-10-09T21:46:06.793+0300: 549.630: Application time: 0.1569647 seconds
2024-10-09T21:46:06.793+0300: 549.631: [GC (Allocation Failure) 2024-10-09T21:46:06.793+0300: 549.631: [ParNew: 460096K->48275K(460096K), 0.0288340 secs] 5368397K->4977950K(8337536K), 0.0289335 secs] [Times: user=0.03 sys=0.00, real=0.03 secs] 
2024-10-09T21:46:06.824+0300: 549.659: Total time for which application threads were stopped: 0.0292676 seconds, Stopping threads took: 0.0001752 seconds
2024-10-09T21:46:06.997+0300: 549.834: Application time: 0.1743484 seconds
2024-10-09T21:46:06.997+0300: 549.834: [GC (Allocation Failure) 2024-10-09T21:46:06.997+0300: 549.834: [ParNew: 457299K->51072K(460096K), 0.0282387 secs] 5386974K->4999874K(8337536K), 0.0283257 secs] [Times: user=0.03 sys=0.00, real=0.03 secs] 
2024-10-09T21:46:07.028+0300: 549.862: Total time for which application threads were stopped: 0.0285814 seconds, Stopping threads took: 0.0001337 seconds
2024-10-09T21:46:07.200+0300: 550.028: Application time: 0.1657063 seconds
2024-10-09T21:46:07.200+0300: 550.028: [GC (Allocation Failure) 2024-10-09T21:46:07.200+0300: 550.028: [ParNew: 460096K->51072K(460096K), 0.0271228 secs] 5408898K->5009135K(8337536K), 0.0272124 secs] [Times: user=0.02 sys=0.00, real=0.02 secs] 
2024-10-09T21:46:07.216+0300: 550.056: Total time for which application threads were stopped: 0.0275131 seconds, Stopping threads took: 0.0001774 seconds
2024-10-09T21:46:07.373+0300: 550.208: Application time: 0.1522715 seconds
2024-10-09T21:46:07.373+0300: 550.208: [GC (Allocation Failure) 2024-10-09T21:46:07.373+0300: 550.208: [ParNew: 460096K->51072K(460096K), 0.0325100 secs] 5418159K->5035777K(8337536K), 0.0326036 secs] [Times: user=0.02 sys=0.00, real=0.03 secs] 
2024-10-09T21:46:07.404+0300: 550.241: Total time for which application threads were stopped: 0.0328855 seconds, Stopping threads took: 0.0001706 seconds
2024-10-09T21:46:07.577+0300: 550.414: Application time: 0.1727644 seconds
2024-10-09T21:46:07.577+0300: 550.414: [GC (Allocation Failure) 2024-10-09T21:46:07.577+0300: 550.414: [ParNew: 460096K->40378K(460096K), 0.0305527 secs] 5444801K->5050979K(8337536K), 0.0306461 secs] [Times: user=0.03 sys=0.00, real=0.03 secs] 
2024-10-09T21:46:07.608+0300: 550.445: Total time for which application threads were stopped: 0.0309723 seconds, Stopping threads took: 0.0001996 seconds
2024-10-09T21:46:07.790+0300: 550.617: Application time: 0.1728161 seconds
2024-10-09T21:46:07.792+0300: 550.618: [GC (Allocation Failure) 2024-10-09T21:46:07.792+0300: 550.618: [ParNew: 449402K->51072K(460096K), 0.0266886 secs] 5460003K->5068538K(8337536K), 0.0267719 secs] [Times: user=0.02 sys=0.00, real=0.03 secs] 
2024-10-09T21:46:07.819+0300: 550.644: Total time for which application threads were stopped: 0.0270916 seconds, Stopping threads took: 0.0001649 seconds
2024-10-09T21:46:07.969+0300: 550.798: Application time: 0.1537439 seconds
2024-10-09T21:46:07.969+0300: 550.798: [GC (Allocation Failure) 2024-10-09T21:46:07.969+0300: 550.798: [ParNew: 460096K->51072K(460096K), 0.0318394 secs] 5477562K->5093168K(8337536K), 0.0319214 secs] [Times: user=0.03 sys=0.00, real=0.03 secs] 
2024-10-09T21:46:08.001+0300: 550.830: Total time for which application threads were stopped: 0.0321454 seconds, Stopping threads took: 0.0001121 seconds
2024-10-09T21:46:08.173+0300: 551.001: Application time: 0.1708637 seconds
2024-10-09T21:46:08.173+0300: 551.001: [GC (Allocation Failure) 2024-10-09T21:46:08.173+0300: 551.001: [ParNew: 460096K->46488K(460096K), 0.0265057 secs] 5502192K->5107235K(8337536K), 0.0265975 secs] [Times: user=0.01 sys=0.00, real=0.02 secs] 
2024-10-09T21:46:08.192+0300: 551.028: Total time for which application threads were stopped: 0.0268219 seconds, Stopping threads took: 0.0001072 seconds
2024-10-09T21:46:08.362+0300: 551.199: Application time: 0.1712023 seconds
2024-10-09T21:46:08.362+0300: 551.199: [GC (Allocation Failure) 2024-10-09T21:46:08.362+0300: 551.199: [ParNew: 455512K->51072K(460096K), 0.0253109 secs] 5516259K->5119361K(8337536K), 0.0253991 secs] [Times: user=0.03 sys=0.00, real=0.03 secs] 
2024-10-09T21:46:08.394+0300: 551.225: Total time for which application threads were stopped: 0.0256466 seconds, Stopping threads took: 0.0001313 seconds
2024-10-09T21:46:08.551+0300: 551.378: Application time: 0.1530301 seconds
2024-10-09T21:46:08.551+0300: 551.378: [GC (Allocation Failure) 2024-10-09T21:46:08.551+0300: 551.378: [ParNew: 460096K->48240K(460096K), 0.0290287 secs] 5528385K->5137410K(8337536K), 0.0291197 secs] [Times: user=0.05 sys=0.00, real=0.01 secs] 
2024-10-09T21:46:08.566+0300: 551.407: Total time for which application threads were stopped: 0.0294056 seconds, Stopping threads took: 0.0001638 seconds
2024-10-09T21:46:08.739+0300: 551.579: Application time: 0.1717848 seconds
2024-10-09T21:46:08.739+0300: 551.579: [GC (Allocation Failure) 2024-10-09T21:46:08.739+0300: 551.580: [ParNew: 457264K->46848K(460096K), 0.0287346 secs] 5546434K->5156367K(8337536K), 0.0288340 secs] [Times: user=0.06 sys=0.00, real=0.03 secs] 
2024-10-09T21:46:08.770+0300: 551.608: Total time for which application threads were stopped: 0.0292124 seconds, Stopping threads took: 0.0002316 seconds
2024-10-09T21:46:08.943+0300: 551.781: Application time: 0.1726160 seconds
2024-10-09T21:46:08.943+0300: 551.781: [GC (Allocation Failure) 2024-10-09T21:46:08.943+0300: 551.781: [ParNew: 455872K->51072K(460096K), 0.0263847 secs] 5565391K->5170174K(8337536K), 0.0264827 secs] [Times: user=0.03 sys=0.00, real=0.03 secs] 
2024-10-09T21:46:08.974+0300: 551.808: Total time for which application threads were stopped: 0.0267732 seconds, Stopping threads took: 0.0001688 seconds
2024-10-09T21:46:09.131+0300: 551.966: Application time: 0.1581265 seconds
2024-10-09T21:46:09.131+0300: 551.966: [GC (Allocation Failure) 2024-10-09T21:46:09.131+0300: 551.966: [ParNew: 460096K->51072K(460096K), 0.0331726 secs] 5579198K->5195119K(8337536K), 0.0332631 secs] [Times: user=0.03 sys=0.00, real=0.03 secs] 
2024-10-09T21:46:09.163+0300: 551.999: Total time for which application threads were stopped: 0.0335485 seconds, Stopping threads took: 0.0001719 seconds
2024-10-09T21:46:09.335+0300: 552.161: Application time: 0.1617890 seconds
2024-10-09T21:46:09.335+0300: 552.161: [GC (Allocation Failure) 2024-10-09T21:46:09.335+0300: 552.161: [ParNew: 460096K->50737K(460096K), 0.0299700 secs] 5604143K->5217872K(8337536K), 0.0300533 secs] [Times: user=0.02 sys=0.00, real=0.02 secs] 
2024-10-09T21:46:09.351+0300: 552.192: Total time for which application threads were stopped: 0.0303341 seconds, Stopping threads took: 0.0001488 seconds
2024-10-09T21:46:09.540+0300: 552.366: Application time: 0.1740499 seconds
2024-10-09T21:46:09.540+0300: 552.366: [GC (Allocation Failure) 2024-10-09T21:46:09.540+0300: 552.366: [ParNew: 459761K->51072K(460096K), 0.0273635 secs] 5626896K->5233080K(8337536K), 0.0274583 secs] [Times: user=0.02 sys=0.00, real=0.02 secs] 
2024-10-09T21:46:09.555+0300: 552.393: Total time for which application threads were stopped: 0.0277088 seconds, Stopping threads took: 0.0001227 seconds
2024-10-09T21:46:09.733+0300: 552.559: Application time: 0.1656679 seconds
2024-10-09T21:46:09.733+0300: 552.559: [GC (Allocation Failure) 2024-10-09T21:46:09.733+0300: 552.559: [ParNew: 460096K->51072K(460096K), 0.0338641 secs] 5642104K->5257862K(8337536K), 0.0339619 secs] [Times: user=0.06 sys=0.00, real=0.03 secs] 
2024-10-09T21:46:09.760+0300: 552.593: Total time for which application threads were stopped: 0.0342301 seconds, Stopping threads took: 0.0001204 seconds
2024-10-09T21:46:09.917+0300: 552.752: Application time: 0.1583615 seconds
2024-10-09T21:46:09.917+0300: 552.752: [GC (Allocation Failure) 2024-10-09T21:46:09.917+0300: 552.752: [ParNew: 460096K->45521K(460096K), 0.0338092 secs] 5666886K->5283176K(8337536K), 0.0339032 secs] [Times: user=0.01 sys=0.01, real=0.03 secs] 
2024-10-09T21:46:09.948+0300: 552.786: Total time for which application threads were stopped: 0.0341429 seconds, Stopping threads took: 0.0001152 seconds
2024-10-09T21:46:10.121+0300: 552.960: Application time: 0.1738931 seconds
2024-10-09T21:46:10.121+0300: 552.960: [GC (Allocation Failure) 2024-10-09T21:46:10.121+0300: 552.960: [ParNew: 454545K->51072K(460096K), 0.0285776 secs] 5692200K->5303732K(8337536K), 0.0286661 secs] [Times: user=0.03 sys=0.00, real=0.03 secs] 
2024-10-09T21:46:10.152+0300: 552.989: Total time for which application threads were stopped: 0.0288996 seconds, Stopping threads took: 0.0001100 seconds
2024-10-09T21:46:10.309+0300: 553.150: Application time: 0.1619746 seconds
2024-10-09T21:46:10.325+0300: 553.151: [GC (Allocation Failure) 2024-10-09T21:46:10.325+0300: 553.151: [ParNew: 460096K->51072K(460096K), 0.0278344 secs] 5712756K->5318092K(8337536K), 0.0279242 secs] [Times: user=0.01 sys=0.00, real=0.02 secs] 
2024-10-09T21:46:10.341+0300: 553.179: Total time for which application threads were stopped: 0.0281996 seconds, Stopping threads took: 0.0001400 seconds
2024-10-09T21:46:10.497+0300: 553.332: Application time: 0.1534462 seconds
2024-10-09T21:46:10.497+0300: 553.332: [GC (Allocation Failure) 2024-10-09T21:46:10.497+0300: 553.332: [ParNew: 460096K->46860K(460096K), 0.0321491 secs] 5727116K->5340888K(8337536K), 0.0322373 secs] [Times: user=0.06 sys=0.00, real=0.03 secs] 
2024-10-09T21:46:10.528+0300: 553.365: Total time for which application threads were stopped: 0.0325151 seconds, Stopping threads took: 0.0001595 seconds
2024-10-09T21:46:10.717+0300: 553.547: Application time: 0.1824681 seconds
2024-10-09T21:46:10.717+0300: 553.547: [GC (Allocation Failure) 2024-10-09T21:46:10.717+0300: 553.547: [ParNew: 455884K->51072K(460096K), 0.0287960 secs] 5749912K->5362551K(8337536K), 0.0288879 secs] [Times: user=0.03 sys=0.00, real=0.03 secs] 
2024-10-09T21:46:10.748+0300: 553.576: Total time for which application threads were stopped: 0.0291225 seconds, Stopping threads took: 0.0001181 seconds
2024-10-09T21:46:10.905+0300: 553.743: Application time: 0.1663987 seconds
2024-10-09T21:46:10.905+0300: 553.743: [GC (Allocation Failure) 2024-10-09T21:46:10.905+0300: 553.743: [ParNew: 460096K->51072K(460096K), 0.0287298 secs] 5771575K->5375749K(8337536K), 0.0288128 secs] [Times: user=0.03 sys=0.00, real=0.03 secs] 
2024-10-09T21:46:10.937+0300: 553.772: Total time for which application threads were stopped: 0.0290803 seconds, Stopping threads took: 0.0001506 seconds
2024-10-09T21:46:11.098+0300: 553.925: Application time: 0.1528910 seconds
2024-10-09T21:46:11.098+0300: 553.925: [GC (Allocation Failure) 2024-10-09T21:46:11.098+0300: 553.925: [ParNew: 460096K->49408K(460096K), 0.0304094 secs] 5784773K->5399449K(8337536K), 0.0305025 secs] [Times: user=0.01 sys=0.00, real=0.03 secs] 
2024-10-09T21:46:11.125+0300: 553.955: Total time for which application threads were stopped: 0.0307984 seconds, Stopping threads took: 0.0001563 seconds
2024-10-09T21:46:11.299+0300: 554.132: Application time: 0.1769149 seconds
2024-10-09T21:46:11.299+0300: 554.133: [GC (Allocation Failure) 2024-10-09T21:46:11.299+0300: 554.133: [ParNew: 458432K->43264K(460096K), 0.0292506 secs] 5808473K->5415371K(8337536K), 0.0293385 secs] [Times: user=0.06 sys=0.00, real=0.03 secs] 
2024-10-09T21:46:11.330+0300: 554.162: Total time for which application threads were stopped: 0.0296346 seconds, Stopping threads took: 0.0001766 seconds
2024-10-09T21:46:11.502+0300: 554.330: Application time: 0.1677805 seconds
2024-10-09T21:46:11.502+0300: 554.330: [GC (Allocation Failure) 2024-10-09T21:46:11.502+0300: 554.330: [ParNew: 452288K->51072K(460096K), 0.0254371 secs] 5824395K->5427477K(8337536K), 0.0255232 secs] [Times: user=0.02 sys=0.00, real=0.02 secs] 
2024-10-09T21:46:11.518+0300: 554.356: Total time for which application threads were stopped: 0.0257786 seconds, Stopping threads took: 0.0001227 seconds
2024-10-09T21:46:11.675+0300: 554.505: Application time: 0.1493852 seconds
2024-10-09T21:46:11.675+0300: 554.505: [GC (Allocation Failure) 2024-10-09T21:46:11.675+0300: 554.505: [ParNew: 460096K->51072K(460096K), 0.0378970 secs] 5836501K->5467076K(8337536K), 0.0379877 secs] [Times: user=0.23 sys=0.00, real=0.03 secs] 
2024-10-09T21:46:11.706+0300: 554.543: Total time for which application threads were stopped: 0.0383563 seconds, Stopping threads took: 0.0002225 seconds
2024-10-09T21:46:11.894+0300: 554.723: Application time: 0.1797803 seconds
2024-10-09T21:46:11.894+0300: 554.723: [GC (Allocation Failure) 2024-10-09T21:46:11.894+0300: 554.723: [ParNew: 460096K->42705K(460096K), 0.0278600 secs] 5876100K->5477444K(8337536K), 0.0279442 secs] [Times: user=0.02 sys=0.00, real=0.02 secs] 
2024-10-09T21:46:11.910+0300: 554.751: Total time for which application threads were stopped: 0.0281606 seconds, Stopping threads took: 0.0001034 seconds
2024-10-09T21:46:12.083+0300: 554.921: Application time: 0.1697637 seconds
2024-10-09T21:46:12.083+0300: 554.921: [GC (Allocation Failure) 2024-10-09T21:46:12.083+0300: 554.921: [ParNew: 451729K->51072K(460096K), 0.0274013 secs] 5886468K->5495655K(8337536K), 0.0274880 secs] [Times: user=0.03 sys=0.00, real=0.03 secs] 
2024-10-09T21:46:12.114+0300: 554.949: Total time for which application threads were stopped: 0.0277809 seconds, Stopping threads took: 0.0001694 seconds
2024-10-09T21:46:12.271+0300: 555.098: Application time: 0.1495890 seconds
2024-10-09T21:46:12.271+0300: 555.099: [GC (Allocation Failure) 2024-10-09T21:46:12.271+0300: 555.099: [ParNew: 460096K->51072K(460096K), 0.0311375 secs] 5904679K->5523040K(8337536K), 0.0312231 secs] [Times: user=0.02 sys=0.00, real=0.03 secs] 
2024-10-09T21:46:12.303+0300: 555.130: Total time for which application threads were stopped: 0.0315203 seconds, Stopping threads took: 0.0001491 seconds
2024-10-09T21:46:12.475+0300: 555.304: Application time: 0.1742897 seconds
2024-10-09T21:46:12.475+0300: 555.304: [GC (Allocation Failure) 2024-10-09T21:46:12.475+0300: 555.304: [ParNew: 460096K->48670K(460096K), 0.0277780 secs] 5932064K->5538810K(8337536K), 0.0278667 secs] [Times: user=0.03 sys=0.00, real=0.03 secs] 
2024-10-09T21:46:12.502+0300: 555.332: Total time for which application threads were stopped: 0.0281332 seconds, Stopping threads took: 0.0001459 seconds
2024-10-09T21:46:12.663+0300: 555.500: Application time: 0.1679021 seconds
2024-10-09T21:46:12.663+0300: 555.501: [GC (Allocation Failure) 2024-10-09T21:46:12.663+0300: 555.501: [ParNew: 457694K->51072K(460096K), 0.0285956 secs] 5947834K->5554090K(8337536K), 0.0286931 secs] [Times: user=0.03 sys=0.00, real=0.04 secs] 
2024-10-09T21:46:12.702+0300: 555.529: Total time for which application threads were stopped: 0.0290271 seconds, Stopping threads took: 0.0001759 seconds
2024-10-09T21:46:12.852+0300: 555.686: Application time: 0.1563905 seconds
2024-10-09T21:46:12.852+0300: 555.686: [GC (Allocation Failure) 2024-10-09T21:46:12.852+0300: 555.686: [ParNew: 460096K->51072K(460096K), 0.0325606 secs] 5963114K->5579543K(8337536K), 0.0326509 secs] [Times: user=0.03 sys=0.00, real=0.03 secs] 
2024-10-09T21:46:12.883+0300: 555.719: Total time for which application threads were stopped: 0.0329040 seconds, Stopping threads took: 0.0001344 seconds
2024-10-09T21:46:13.056+0300: 555.888: Application time: 0.1697854 seconds
2024-10-09T21:46:13.056+0300: 555.889: [GC (Allocation Failure) 2024-10-09T21:46:13.056+0300: 555.889: [ParNew: 460096K->51072K(460096K), 0.0273780 secs] 5988567K->5597030K(8337536K), 0.0274623 secs] [Times: user=0.03 sys=0.00, real=0.03 secs] 
2024-10-09T21:46:13.087+0300: 555.916: Total time for which application threads were stopped: 0.0277142 seconds, Stopping threads took: 0.0001349 seconds
2024-10-09T21:46:13.244+0300: 556.084: Application time: 0.1681540 seconds
2024-10-09T21:46:13.244+0300: 556.084: [GC (Allocation Failure) 2024-10-09T21:46:13.244+0300: 556.084: [ParNew: 460096K->51072K(460096K), 0.0293323 secs] 6006054K->5613414K(8337536K), 0.0294172 secs] [Times: user=0.06 sys=0.00, real=0.03 secs] 
2024-10-09T21:46:13.275+0300: 556.114: Total time for which application threads were stopped: 0.0296532 seconds, Stopping threads took: 0.0001040 seconds
2024-10-09T21:46:13.432+0300: 556.268: Application time: 0.1545297 seconds
2024-10-09T21:46:13.432+0300: 556.269: [GC (Allocation Failure) 2024-10-09T21:46:13.432+0300: 556.269: [ParNew: 460096K->51072K(460096K), 0.0301899 secs] 6022438K->5633896K(8337536K), 0.0302796 secs] [Times: user=0.03 sys=0.00, real=0.03 secs] 
2024-10-09T21:46:13.464+0300: 556.299: Total time for which application threads were stopped: 0.0305203 seconds, Stopping threads took: 0.0001229 seconds
2024-10-09T21:46:13.636+0300: 556.468: Application time: 0.1686976 seconds
2024-10-09T21:46:13.636+0300: 556.468: [GC (Allocation Failure) 2024-10-09T21:46:13.636+0300: 556.468: [ParNew: 460096K->51072K(460096K), 0.0289641 secs] 6042920K->5651653K(8337536K), 0.0290611 secs] [Times: user=0.01 sys=0.00, real=0.03 secs] 
2024-10-09T21:46:13.668+0300: 556.497: Total time for which application threads were stopped: 0.0293226 seconds, Stopping threads took: 0.0001400 seconds
2024-10-09T21:46:13.840+0300: 556.667: Application time: 0.1699558 seconds
2024-10-09T21:46:13.840+0300: 556.667: [GC (Allocation Failure) 2024-10-09T21:46:13.840+0300: 556.667: [ParNew: 460096K->51072K(460096K), 0.0276350 secs] 6060677K->5667438K(8337536K), 0.0277262 secs] [Times: user=0.02 sys=0.00, real=0.02 secs] 
2024-10-09T21:46:13.856+0300: 556.695: Total time for which application threads were stopped: 0.0279933 seconds, Stopping threads took: 0.0001457 seconds
2024-10-09T21:46:14.013+0300: 556.851: Application time: 0.1559465 seconds
2024-10-09T21:46:14.013+0300: 556.851: [GC (Allocation Failure) 2024-10-09T21:46:14.013+0300: 556.851: [ParNew: 460096K->51072K(460096K), 0.0274580 secs] 6076462K->5680862K(8337536K), 0.0275480 secs] [Times: user=0.03 sys=0.00, real=0.03 secs] 
2024-10-09T21:46:14.044+0300: 556.879: Total time for which application threads were stopped: 0.0278819 seconds, Stopping threads took: 0.0002034 seconds
2024-10-09T21:46:14.218+0300: 557.046: Application time: 0.1673489 seconds
2024-10-09T21:46:14.218+0300: 557.046: [GC (Allocation Failure) 2024-10-09T21:46:14.218+0300: 557.046: [ParNew: 460096K->51072K(460096K), 0.0332386 secs] 6089886K->5707435K(8337536K), 0.0333240 secs] [Times: user=0.03 sys=0.00, real=0.03 secs] 
2024-10-09T21:46:14.249+0300: 557.080: Total time for which application threads were stopped: 0.0336852 seconds, Stopping threads took: 0.0002363 seconds
2024-10-09T21:46:14.406+0300: 557.245: Application time: 0.1655493 seconds
2024-10-09T21:46:14.406+0300: 557.246: [GC (Allocation Failure) 2024-10-09T21:46:14.406+0300: 557.246: [ParNew: 460096K->51072K(460096K), 0.0291861 secs] 6116459K->5723470K(8337536K), 0.0292765 secs] [Times: user=0.02 sys=0.00, real=0.03 secs] 
2024-10-09T21:46:14.437+0300: 557.275: Total time for which application threads were stopped: 0.0295848 seconds, Stopping threads took: 0.0001709 seconds
2024-10-09T21:46:14.610+0300: 557.436: Application time: 0.1607436 seconds
2024-10-09T21:46:14.610+0300: 557.436: [GC (Allocation Failure) 2024-10-09T21:46:14.610+0300: 557.436: [ParNew: 460096K->51072K(460096K), 0.0296800 secs] 6132494K->5742352K(8337536K), 0.0297692 secs] [Times: user=0.03 sys=0.00, real=0.03 secs] 
2024-10-09T21:46:14.639+0300: 557.466: Total time for which application threads were stopped: 0.0300295 seconds, Stopping threads took: 0.0001313 seconds
2024-10-09T21:46:14.815+0300: 557.646: Application time: 0.1798925 seconds
2024-10-09T21:46:14.815+0300: 557.646: [GC (Allocation Failure) 2024-10-09T21:46:14.815+0300: 557.646: [ParNew: 460096K->51072K(460096K), 0.0296759 secs] 6151376K->5762910K(8337536K), 0.0297685 secs] [Times: user=0.03 sys=0.00, real=0.03 secs] 
2024-10-09T21:46:14.846+0300: 557.676: Total time for which application threads were stopped: 0.0301559 seconds, Stopping threads took: 0.0002526 seconds
2024-10-09T21:46:15.007+0300: 557.836: Application time: 0.1606846 seconds
2024-10-09T21:46:15.007+0300: 557.837: [GC (Allocation Failure) 2024-10-09T21:46:15.007+0300: 557.837: [ParNew: 460096K->51072K(460096K), 0.0364141 secs] 6171934K->5790098K(8337536K), 0.0365067 secs] [Times: user=0.03 sys=0.00, real=0.03 secs] 
2024-10-09T21:46:15.034+0300: 557.873: Total time for which application threads were stopped: 0.0367906 seconds, Stopping threads took: 0.0001612 seconds
2024-10-09T21:46:15.208+0300: 558.035: Application time: 0.1621639 seconds
2024-10-09T21:46:15.208+0300: 558.036: [GC (Allocation Failure) 2024-10-09T21:46:15.208+0300: 558.036: [ParNew: 460096K->51072K(460096K), 0.0340989 secs] 6199122K->5820779K(8337536K), 0.0341889 secs] [Times: user=0.03 sys=0.00, real=0.03 secs] 
2024-10-09T21:46:15.238+0300: 558.070: Total time for which application threads were stopped: 0.0344464 seconds, Stopping threads took: 0.0001415 seconds
2024-10-09T21:46:15.412+0300: 558.245: Application time: 0.1751918 seconds
2024-10-09T21:46:15.412+0300: 558.245: [GC (Allocation Failure) 2024-10-09T21:46:15.412+0300: 558.245: [ParNew: 460096K->45938K(460096K), 0.0279531 secs] 6229803K->5832543K(8337536K), 0.0280445 secs] [Times: user=0.03 sys=0.00, real=0.03 secs] 
2024-10-09T21:46:15.443+0300: 558.273: Total time for which application threads were stopped: 0.0282908 seconds, Stopping threads took: 0.0001257 seconds
2024-10-09T21:46:15.600+0300: 558.432: Application time: 0.1590345 seconds
2024-10-09T21:46:15.600+0300: 558.433: [GC (Allocation Failure) 2024-10-09T21:46:15.600+0300: 558.433: [ParNew: 454962K->51072K(460096K), 0.0277264 secs] 6241567K->5850747K(8337536K), 0.0278097 secs] [Times: user=0.03 sys=0.00, real=0.03 secs] 
2024-10-09T21:46:15.631+0300: 558.460: Total time for which application threads were stopped: 0.0280552 seconds, Stopping threads took: 0.0001288 seconds
2024-10-09T21:46:15.788+0300: 558.629: Application time: 0.1688910 seconds
2024-10-09T21:46:15.804+0300: 558.630: [GC (Allocation Failure) 2024-10-09T21:46:15.804+0300: 558.630: [ParNew: 460096K->45444K(460096K), 0.0275730 secs] 6259771K->5864718K(8337536K), 0.0276819 secs] [Times: user=0.11 sys=0.00, real=0.02 secs] 
2024-10-09T21:46:15.820+0300: 558.657: Total time for which application threads were stopped: 0.0280254 seconds, Stopping threads took: 0.0001769 seconds
2024-10-09T21:46:15.993+0300: 558.831: Application time: 0.1741400 seconds
2024-10-09T21:46:15.993+0300: 558.832: [GC (Allocation Failure) 2024-10-09T21:46:15.993+0300: 558.832: [ParNew: 454468K->49123K(460096K), 0.0276320 secs] 6273742K->5883918K(8337536K), 0.0277156 secs] [Times: user=0.03 sys=0.00, real=0.03 secs] 
2024-10-09T21:46:16.024+0300: 558.859: Total time for which application threads were stopped: 0.0279491 seconds, Stopping threads took: 0.0001171 seconds
2024-10-09T21:46:16.181+0300: 559.020: Application time: 0.1603488 seconds
2024-10-09T21:46:16.181+0300: 559.020: [GC (Allocation Failure) 2024-10-09T21:46:16.181+0300: 559.020: [ParNew: 458147K->51072K(460096K), 0.0293083 secs] 6292942K->5899971K(8337536K), 0.0293977 secs] [Times: user=0.03 sys=0.00, real=0.03 secs] 
2024-10-09T21:46:16.213+0300: 559.049: Total time for which application threads were stopped: 0.0296556 seconds, Stopping threads took: 0.0001346 seconds
2024-10-09T21:46:16.369+0300: 559.205: Application time: 0.1557259 seconds
2024-10-09T21:46:16.369+0300: 559.205: [GC (Allocation Failure) 2024-10-09T21:46:16.369+0300: 559.205: [ParNew: 460096K->48574K(460096K), 0.0281197 secs] 6308995K->5918820K(8337536K), 0.0282029 secs] [Times: user=0.03 sys=0.00, real=0.03 secs] 
2024-10-09T21:46:16.401+0300: 559.234: Total time for which application threads were stopped: 0.0284912 seconds, Stopping threads took: 0.0001729 seconds
2024-10-09T21:46:16.573+0300: 559.412: Application time: 0.1779416 seconds
2024-10-09T21:46:16.573+0300: 559.412: [GC (Allocation Failure) 2024-10-09T21:46:16.573+0300: 559.412: [ParNew: 457598K->45650K(460096K), 0.0293371 secs] 6327844K->5935991K(8337536K), 0.0294398 secs] [Times: user=0.03 sys=0.00, real=0.04 secs] 
2024-10-09T21:46:16.610+0300: 559.441: Total time for which application threads were stopped: 0.0297066 seconds, Stopping threads took: 0.0001246 seconds
2024-10-09T21:46:16.777+0300: 559.618: Application time: 0.1767779 seconds
2024-10-09T21:46:16.777+0300: 559.618: [GC (Allocation Failure) 2024-10-09T21:46:16.777+0300: 559.618: [ParNew: 454674K->51072K(460096K), 0.0290173 secs] 6345015K->5953738K(8337536K), 0.0291068 secs] [Times: user=0.03 sys=0.00, real=0.03 secs] 
2024-10-09T21:46:16.811+0300: 559.647: Total time for which application threads were stopped: 0.0293923 seconds, Stopping threads took: 0.0001675 seconds
2024-10-09T21:46:16.966+0300: 559.795: Application time: 0.1477298 seconds
2024-10-09T21:46:16.966+0300: 559.795: [GC (Allocation Failure) 2024-10-09T21:46:16.966+0300: 559.795: [ParNew: 460096K->42876K(460096K), 0.0316172 secs] 6362762K->5972395K(8337536K), 0.0317031 secs] [Times: user=0.02 sys=0.00, real=0.03 secs] 
2024-10-09T21:46:16.997+0300: 559.827: Total time for which application threads were stopped: 0.0319527 seconds, Stopping threads took: 0.0001363 seconds
2024-10-09T21:46:17.170+0300: 560.010: Application time: 0.1829830 seconds
2024-10-09T21:46:17.170+0300: 560.010: [GC (Allocation Failure) 2024-10-09T21:46:17.170+0300: 560.010: [ParNew: 451900K->48470K(460096K), 0.0304437 secs] 6381419K->6000126K(8337536K), 0.0305322 secs] [Times: user=0.05 sys=0.00, real=0.04 secs] 
2024-10-09T21:46:17.212+0300: 560.041: Total time for which application threads were stopped: 0.0307575 seconds, Stopping threads took: 0.0001048 seconds
2024-10-09T21:46:17.374+0300: 560.214: Application time: 0.1735594 seconds
2024-10-09T21:46:17.374+0300: 560.215: [GC (Allocation Failure) 2024-10-09T21:46:17.374+0300: 560.215: [ParNew: 457494K->51072K(460096K), 0.0261634 secs] 6409150K->6009104K(8337536K), 0.0262521 secs] [Times: user=0.03 sys=0.00, real=0.04 secs] 
2024-10-09T21:46:17.412+0300: 560.241: Total time for which application threads were stopped: 0.0264737 seconds, Stopping threads took: 0.0001104 seconds
2024-10-09T21:46:17.547+0300: 560.385: Application time: 0.1442364 seconds
2024-10-09T21:46:17.547+0300: 560.385: [GC (Allocation Failure) 2024-10-09T21:46:17.547+0300: 560.385: [ParNew: 460096K->49729K(460096K), 0.0342977 secs] 6418128K->6039140K(8337536K), 0.0343817 secs] [Times: user=0.05 sys=0.00, real=0.05 secs] 
2024-10-09T21:46:17.594+0300: 560.420: Total time for which application threads were stopped: 0.0346244 seconds, Stopping threads took: 0.0001292 seconds
2024-10-09T21:46:17.766+0300: 560.607: Application time: 0.1872415 seconds
2024-10-09T21:46:17.766+0300: 560.607: [GC (Allocation Failure) 2024-10-09T21:46:17.766+0300: 560.607: [ParNew: 458753K->38562K(460096K), 0.0290300 secs] 6448164K->6051382K(8337536K), 0.0291268 secs] [Times: user=0.11 sys=0.00, real=0.03 secs] 
2024-10-09T21:46:17.798+0300: 560.637: Total time for which application threads were stopped: 0.0294289 seconds, Stopping threads took: 0.0001425 seconds
2024-10-09T21:46:17.986+0300: 560.813: Application time: 0.1767201 seconds
2024-10-09T21:46:17.986+0300: 560.813: [GC (Allocation Failure) 2024-10-09T21:46:17.986+0300: 560.813: [ParNew: 447586K->51072K(460096K), 0.0267797 secs] 6460406K->6066294K(8337536K), 0.0269287 secs] [Times: user=0.02 sys=0.00, real=0.03 secs] 
2024-10-09T21:46:18.014+0300: 560.840: Total time for which application threads were stopped: 0.0271612 seconds, Stopping threads took: 0.0001166 seconds
2024-10-09T21:46:18.143+0300: 560.981: Application time: 0.1405835 seconds
2024-10-09T21:46:18.143+0300: 560.981: [GC (Allocation Failure) 2024-10-09T21:46:18.143+0300: 560.981: [ParNew: 460096K->44087K(460096K), 0.0354988 secs] 6475318K->6094856K(8337536K), 0.0355827 secs] [Times: user=0.03 sys=0.00, real=0.05 secs] 
2024-10-09T21:46:18.190+0300: 561.017: Total time for which application threads were stopped: 0.0358274 seconds, Stopping threads took: 0.0001276 seconds
2024-10-09T21:46:18.363+0300: 561.195: Application time: 0.1781582 seconds
2024-10-09T21:46:18.363+0300: 561.195: [GC (Allocation Failure) 2024-10-09T21:46:18.363+0300: 561.195: [ParNew: 453111K->46551K(460096K), 0.0295201 secs] 6503880K->6120511K(8337536K), 0.0296102 secs] [Times: user=0.02 sys=0.00, real=0.03 secs] 
2024-10-09T21:46:18.394+0300: 561.225: Total time for which application threads were stopped: 0.0298242 seconds, Stopping threads took: 0.0000936 seconds
2024-10-09T21:46:18.567+0300: 561.404: Application time: 0.1791951 seconds
2024-10-09T21:46:18.567+0300: 561.404: [GC (Allocation Failure) 2024-10-09T21:46:18.567+0300: 561.404: [ParNew: 455575K->51072K(460096K), 0.0290817 secs] 6529535K->6134036K(8337536K), 0.0291707 secs] [Times: user=0.02 sys=0.02, real=0.03 secs] 
2024-10-09T21:46:18.598+0300: 561.433: Total time for which application threads were stopped: 0.0294221 seconds, Stopping threads took: 0.0001314 seconds
2024-10-09T21:46:18.755+0300: 561.585: Application time: 0.1513380 seconds
2024-10-09T21:46:18.755+0300: 561.585: [GC (Allocation Failure) 2024-10-09T21:46:18.755+0300: 561.585: [ParNew: 460096K->51072K(460096K), 0.0316204 secs] 6543060K->6155814K(8337536K), 0.0317161 secs] [Times: user=0.03 sys=0.00, real=0.03 secs] 
2024-10-09T21:46:18.786+0300: 561.617: Total time for which application threads were stopped: 0.0320506 seconds, Stopping threads took: 0.0001939 seconds
2024-10-09T21:46:18.960+0300: 561.791: Application time: 0.1737448 seconds
2024-10-09T21:46:18.960+0300: 561.791: [GC (Allocation Failure) 2024-10-09T21:46:18.960+0300: 561.791: [ParNew: 460096K->39422K(460096K), 0.0306571 secs] 6564838K->6171397K(8337536K), 0.0307477 secs] [Times: user=0.03 sys=0.00, real=0.03 secs] 
2024-10-09T21:46:18.991+0300: 561.822: Total time for which application threads were stopped: 0.0310502 seconds, Stopping threads took: 0.0001526 seconds
2024-10-09T21:46:19.163+0300: 562.001: Application time: 0.1790223 seconds
2024-10-09T21:46:19.163+0300: 562.001: [GC (Allocation Failure) 2024-10-09T21:46:19.163+0300: 562.001: [ParNew: 448446K->51072K(460096K), 0.0270131 secs] 6580421K->6188264K(8337536K), 0.0271104 secs] [Times: user=0.03 sys=0.00, real=0.03 secs] 
2024-10-09T21:46:19.194+0300: 562.028: Total time for which application threads were stopped: 0.0273529 seconds, Stopping threads took: 0.0001268 seconds
2024-10-09T21:46:19.351+0300: 562.179: Application time: 0.1514612 seconds
2024-10-09T21:46:19.351+0300: 562.180: [GC (Allocation Failure) 2024-10-09T21:46:19.351+0300: 562.180: [ParNew: 460096K->51072K(460096K), 0.0328008 secs] 6597288K->6210084K(8337536K), 0.0328878 secs] [Times: user=0.02 sys=0.01, real=0.03 secs] 
2024-10-09T21:46:19.383+0300: 562.213: Total time for which application threads were stopped: 0.0331558 seconds, Stopping threads took: 0.0001527 seconds
2024-10-09T21:46:19.556+0300: 562.382: Application time: 0.1696214 seconds
2024-10-09T21:46:19.556+0300: 562.382: [GC (Allocation Failure) 2024-10-09T21:46:19.556+0300: 562.382: [ParNew: 460096K->48469K(460096K), 0.0304966 secs] 6619108K->6238488K(8337536K), 0.0305947 secs] [Times: user=0.03 sys=0.00, real=0.03 secs] 
2024-10-09T21:46:19.587+0300: 562.413: Total time for which application threads were stopped: 0.0308154 seconds, Stopping threads took: 0.0001006 seconds
2024-10-09T21:46:19.769+0300: 562.594: Application time: 0.1814216 seconds
2024-10-09T21:46:19.769+0300: 562.595: [GC (Allocation Failure) 2024-10-09T21:46:19.769+0300: 562.595: [ParNew: 457493K->51072K(460096K), 0.0251792 secs] 6647512K->6243089K(8337536K), 0.0252880 secs] [Times: user=0.03 sys=0.00, real=0.02 secs] 
2024-10-09T21:46:19.794+0300: 562.620: Total time for which application threads were stopped: 0.0255407 seconds, Stopping threads took: 0.0001176 seconds
2024-10-09T21:46:19.948+0300: 562.774: Application time: 0.1543709 seconds
2024-10-09T21:46:19.948+0300: 562.775: [GC (Allocation Failure) 2024-10-09T21:46:19.948+0300: 562.775: [ParNew: 460096K->51072K(460096K), 0.0319882 secs] 6652113K->6262191K(8337536K), 0.0320739 secs] [Times: user=0.02 sys=0.00, real=0.03 secs] 
2024-10-09T21:46:19.979+0300: 562.807: Total time for which application threads were stopped: 0.0323477 seconds, Stopping threads took: 0.0001538 seconds
2024-10-09T21:46:20.136+0300: 562.972: Application time: 0.1652644 seconds
2024-10-09T21:46:20.136+0300: 562.972: [GC (Allocation Failure) 2024-10-09T21:46:20.136+0300: 562.972: [ParNew: 460096K->43796K(460096K), 0.0338575 secs] 6671215K->6290336K(8337536K), 0.0339509 secs] [Times: user=0.05 sys=0.00, real=0.03 secs] 
2024-10-09T21:46:20.167+0300: 563.006: Total time for which application threads were stopped: 0.0341980 seconds, Stopping threads took: 0.0001096 seconds
2024-10-09T21:46:20.340+0300: 563.179: Application time: 0.1728828 seconds
2024-10-09T21:46:20.340+0300: 563.179: [GC (Allocation Failure) 2024-10-09T21:46:20.340+0300: 563.179: [ParNew: 452820K->51072K(460096K), 0.0253270 secs] 6699360K->6301586K(8337536K), 0.0254102 secs] [Times: user=0.03 sys=0.00, real=0.03 secs] 
2024-10-09T21:46:20.371+0300: 563.205: Total time for which application threads were stopped: 0.0256602 seconds, Stopping threads took: 0.0001319 seconds
2024-10-09T21:46:20.529+0300: 563.365: Application time: 0.1597858 seconds
2024-10-09T21:46:20.529+0300: 563.365: [GC (Allocation Failure) 2024-10-09T21:46:20.529+0300: 563.365: [ParNew: 460096K->48943K(460096K), 0.0337422 secs] 6710610K->6324092K(8337536K), 0.0338269 secs] [Times: user=0.03 sys=0.00, real=0.03 secs] 
2024-10-09T21:46:20.560+0300: 563.399: Total time for which application threads were stopped: 0.0341144 seconds, Stopping threads took: 0.0001723 seconds
2024-10-09T21:46:20.732+0300: 563.568: Application time: 0.1697652 seconds
2024-10-09T21:46:20.732+0300: 563.569: [GC (Allocation Failure) 2024-10-09T21:46:20.732+0300: 563.569: [ParNew: 457967K->51072K(460096K), 0.0298828 secs] 6733116K->6352486K(8337536K), 0.0299853 secs] [Times: user=0.03 sys=0.00, real=0.03 secs] 
2024-10-09T21:46:20.764+0300: 563.599: Total time for which application threads were stopped: 0.0303469 seconds, Stopping threads took: 0.0002124 seconds
2024-10-09T21:46:20.936+0300: 563.776: Application time: 0.1770330 seconds
2024-10-09T21:46:20.936+0300: 563.776: [GC (Allocation Failure) 2024-10-09T21:46:20.936+0300: 563.776: [ParNew: 460096K->51072K(460096K), 0.0246143 secs] 6761510K->6354424K(8337536K), 0.0246986 secs] [Times: user=0.03 sys=0.00, real=0.03 secs] 
2024-10-09T21:46:20.967+0300: 563.801: Total time for which application threads were stopped: 0.0249659 seconds, Stopping threads took: 0.0001473 seconds
2024-10-09T21:46:21.124+0300: 563.956: Application time: 0.1554783 seconds
2024-10-09T21:46:21.124+0300: 563.956: [GC (Allocation Failure) 2024-10-09T21:46:21.124+0300: 563.956: [ParNew: 460096K->49466K(460096K), 0.0333155 secs] 6763448K->6376972K(8337536K), 0.0334027 secs] [Times: user=0.03 sys=0.00, real=0.03 secs] 
2024-10-09T21:46:21.156+0300: 563.990: Total time for which application threads were stopped: 0.0336489 seconds, Stopping threads took: 0.0001283 seconds
2024-10-09T21:46:21.328+0300: 564.156: Application time: 0.1659406 seconds
2024-10-09T21:46:21.328+0300: 564.156: [GC (Allocation Failure) 2024-10-09T21:46:21.328+0300: 564.156: [ParNew: 458490K->51072K(460096K), 0.0299688 secs] 6785996K->6403944K(8337536K), 0.0300551 secs] [Times: user=0.03 sys=0.00, real=0.03 secs] 
2024-10-09T21:46:21.360+0300: 564.186: Total time for which application threads were stopped: 0.0303052 seconds, Stopping threads took: 0.0001356 seconds
2024-10-09T21:46:21.533+0300: 564.363: Application time: 0.1772475 seconds
2024-10-09T21:46:21.533+0300: 564.364: [GC (Allocation Failure) 2024-10-09T21:46:21.533+0300: 564.364: [ParNew: 460096K->51072K(460096K), 0.0254968 secs] 6812968K->6410135K(8337536K), 0.0255796 secs] [Times: user=0.02 sys=0.00, real=0.02 secs] 
2024-10-09T21:46:21.548+0300: 564.389: Total time for which application threads were stopped: 0.0258195 seconds, Stopping threads took: 0.0001267 seconds
2024-10-09T21:46:21.722+0300: 564.549: Application time: 0.1602102 seconds
2024-10-09T21:46:21.722+0300: 564.550: [GC (Allocation Failure) 2024-10-09T21:46:21.722+0300: 564.550: [ParNew: 460096K->51072K(460096K), 0.0339143 secs] 6819159K->6433387K(8337536K), 0.0340116 secs] [Times: user=0.06 sys=0.00, real=0.03 secs] 
2024-10-09T21:46:21.752+0300: 564.584: Total time for which application threads were stopped: 0.0343213 seconds, Stopping threads took: 0.0001534 seconds
2024-10-09T21:46:21.925+0300: 564.752: Application time: 0.1678960 seconds
2024-10-09T21:46:21.925+0300: 564.752: [GC (Allocation Failure) 2024-10-09T21:46:21.925+0300: 564.752: [ParNew: 460096K->47293K(460096K), 0.0307523 secs] 6842411K->6459591K(8337536K), 0.0308370 secs] [Times: user=0.03 sys=0.00, real=0.03 secs] 
2024-10-09T21:46:21.956+0300: 564.783: Total time for which application threads were stopped: 0.0310834 seconds, Stopping threads took: 0.0001279 seconds
2024-10-09T21:46:22.129+0300: 564.959: Application time: 0.1767280 seconds
2024-10-09T21:46:22.129+0300: 564.960: [GC (Allocation Failure) 2024-10-09T21:46:22.129+0300: 564.960: [ParNew: 456317K->51072K(460096K), 0.0247841 secs] 6868615K->6465249K(8337536K), 0.0248622 secs] [Times: user=0.02 sys=0.00, real=0.02 secs] 
2024-10-09T21:46:22.145+0300: 564.985: Total time for which application threads were stopped: 0.0251015 seconds, Stopping threads took: 0.0001263 seconds
2024-10-09T21:46:22.301+0300: 565.142: Application time: 0.1574389 seconds
2024-10-09T21:46:22.301+0300: 565.142: [GC (Allocation Failure) 2024-10-09T21:46:22.301+0300: 565.142: [ParNew: 460096K->51072K(460096K), 0.0366602 secs] 6874273K->6496214K(8337536K), 0.0367478 secs] [Times: user=0.05 sys=0.00, real=0.05 secs] 
2024-10-09T21:46:22.349+0300: 565.179: Total time for which application threads were stopped: 0.0370588 seconds, Stopping threads took: 0.0001908 seconds
2024-10-09T21:46:22.506+0300: 565.342: Application time: 0.1630324 seconds
2024-10-09T21:46:22.506+0300: 565.342: [GC (Allocation Failure) 2024-10-09T21:46:22.506+0300: 565.342: [ParNew: 460096K->45460K(460096K), 0.0326049 secs] 6905238K->6521357K(8337536K), 0.0327047 secs] [Times: user=0.03 sys=0.00, real=0.03 secs] 
2024-10-09T21:46:22.537+0300: 565.375: Total time for which application threads were stopped: 0.0329346 seconds, Stopping threads took: 0.0001099 seconds
2024-10-09T21:46:22.726+0300: 565.554: Application time: 0.1792807 seconds
2024-10-09T21:46:22.726+0300: 565.555: [GC (Allocation Failure) 2024-10-09T21:46:22.726+0300: 565.555: [ParNew: 454484K->51072K(460096K), 0.0273775 secs] 6930381K->6534614K(8337536K), 0.0274627 secs] [Times: user=0.03 sys=0.00, real=0.01 secs] 
2024-10-09T21:46:22.741+0300: 565.582: Total time for which application threads were stopped: 0.0277933 seconds, Stopping threads took: 0.0001972 seconds
2024-10-09T21:46:22.914+0300: 565.743: Application time: 0.1608842 seconds
2024-10-09T21:46:22.914+0300: 565.743: [GC (Allocation Failure) 2024-10-09T21:46:22.914+0300: 565.743: [ParNew: 460096K->51072K(460096K), 0.0283578 secs] 6943638K->6550379K(8337536K), 0.0284525 secs] [Times: user=0.05 sys=0.00, real=0.03 secs] 
2024-10-09T21:46:22.946+0300: 565.772: Total time for which application threads were stopped: 0.0287170 seconds, Stopping threads took: 0.0001386 seconds
2024-10-09T21:46:23.103+0300: 565.934: Application time: 0.1619454 seconds
2024-10-09T21:46:23.103+0300: 565.934: [GC (Allocation Failure) 2024-10-09T21:46:23.103+0300: 565.934: [ParNew: 460096K->43836K(460096K), 0.0330249 secs] 6959403K->6573131K(8337536K), 0.0331153 secs] [Times: user=0.03 sys=0.00, real=0.03 secs] 
2024-10-09T21:46:23.134+0300: 565.967: Total time for which application threads were stopped: 0.0333434 seconds, Stopping threads took: 0.0001141 seconds
2024-10-09T21:46:23.307+0300: 566.142: Application time: 0.1753550 seconds
2024-10-09T21:46:23.307+0300: 566.143: [GC (Allocation Failure) 2024-10-09T21:46:23.307+0300: 566.143: [ParNew: 452860K->51072K(460096K), 0.0259803 secs] 6982155K->6588836K(8337536K), 0.0260683 secs] [Times: user=0.03 sys=0.00, real=0.03 secs] 
2024-10-09T21:46:23.339+0300: 566.169: Total time for which application threads were stopped: 0.0263193 seconds, Stopping threads took: 0.0001302 seconds
2024-10-09T21:46:23.495+0300: 566.329: Application time: 0.1601003 seconds
2024-10-09T21:46:23.495+0300: 566.329: [GC (Allocation Failure) 2024-10-09T21:46:23.495+0300: 566.329: [ParNew: 460096K->51072K(460096K), 0.0271155 secs] 6997860K->6602715K(8337536K), 0.0272025 secs] [Times: user=0.03 sys=0.00, real=0.03 secs] 
2024-10-09T21:46:23.527+0300: 566.356: Total time for which application threads were stopped: 0.0275033 seconds, Stopping threads took: 0.0001848 seconds
2024-10-09T21:46:23.699+0300: 566.526: Application time: 0.1698603 seconds
2024-10-09T21:46:23.699+0300: 566.526: [GC (Allocation Failure) 2024-10-09T21:46:23.699+0300: 566.526: [ParNew: 460096K->51072K(460096K), 0.0308713 secs] 7011739K->6627385K(8337536K), 0.0309603 secs] [Times: user=0.03 sys=0.00, real=0.03 secs] 
2024-10-09T21:46:23.731+0300: 566.557: Total time for which application threads were stopped: 0.0311991 seconds, Stopping threads took: 0.0001067 seconds
2024-10-09T21:46:23.903+0300: 566.732: Application time: 0.1744508 seconds
2024-10-09T21:46:23.903+0300: 566.732: [GC (Allocation Failure) 2024-10-09T21:46:23.903+0300: 566.732: [ParNew: 460096K->51072K(460096K), 0.0258611 secs] 7036409K->6633497K(8337536K), 0.0259430 secs] [Times: user=0.01 sys=0.00, real=0.02 secs] 
2024-10-09T21:46:23.927+0300: 566.758: Total time for which application threads were stopped: 0.0261893 seconds, Stopping threads took: 0.0001312 seconds
2024-10-09T21:46:24.076+0300: 566.915: Application time: 0.1566595 seconds
2024-10-09T21:46:24.076+0300: 566.915: [GC (Allocation Failure) 2024-10-09T21:46:24.076+0300: 566.915: [ParNew: 460096K->51072K(460096K), 0.0343306 secs] 7042521K->6660973K(8337536K), 0.0344173 secs] [Times: user=0.03 sys=0.00, real=0.05 secs] 
2024-10-09T21:46:24.123+0300: 566.949: Total time for which application threads were stopped: 0.0346749 seconds, Stopping threads took: 0.0001409 seconds
2024-10-09T21:46:24.280+0300: 567.114: Application time: 0.1641890 seconds
2024-10-09T21:46:24.280+0300: 567.114: [GC (Allocation Failure) 2024-10-09T21:46:24.280+0300: 567.114: [ParNew: 460096K->48688K(460096K), 0.0284507 secs] 7069997K->6679824K(8337536K), 0.0285452 secs] [Times: user=0.03 sys=0.00, real=0.03 secs] 
2024-10-09T21:46:24.311+0300: 567.142: Total time for which application threads were stopped: 0.0287773 seconds, Stopping threads took: 0.0001149 seconds
2024-10-09T21:46:24.484+0300: 567.315: Application time: 0.1722204 seconds
2024-10-09T21:46:24.484+0300: 567.315: [GC (Allocation Failure) 2024-10-09T21:46:24.484+0300: 567.315: [ParNew: 457712K->51072K(460096K), 0.0257536 secs] 7088848K->6690250K(8337536K), 0.0258339 secs] [Times: user=0.01 sys=0.00, real=0.02 secs] 
2024-10-09T21:46:24.500+0300: 567.341: Total time for which application threads were stopped: 0.0260922 seconds, Stopping threads took: 0.0001387 seconds
2024-10-09T21:46:24.672+0300: 567.499: Application time: 0.1581158 seconds
2024-10-09T21:46:24.672+0300: 567.499: [GC (Allocation Failure) 2024-10-09T21:46:24.672+0300: 567.499: [ParNew: 460096K->51072K(460096K), 0.0343655 secs] 7099274K->6713953K(8337536K), 0.0344635 secs] [Times: user=0.06 sys=0.00, real=0.03 secs] 
2024-10-09T21:46:24.704+0300: 567.534: Total time for which application threads were stopped: 0.0347438 seconds, Stopping threads took: 0.0001375 seconds
2024-10-09T21:46:24.861+0300: 567.701: Application time: 0.1677308 seconds
2024-10-09T21:46:24.861+0300: 567.701: [GC (Allocation Failure) 2024-10-09T21:46:24.861+0300: 567.701: [ParNew: 460096K->48878K(460096K), 0.0285780 secs] 7122977K->6732365K(8337536K), 0.0286666 secs] [Times: user=0.03 sys=0.00, real=0.03 secs] 
2024-10-09T21:46:24.892+0300: 567.730: Total time for which application threads were stopped: 0.0289067 seconds, Stopping threads took: 0.0001209 seconds
2024-10-09T21:46:25.065+0300: 567.900: Application time: 0.1700269 seconds
2024-10-09T21:46:25.065+0300: 567.900: [GC (Allocation Failure) 2024-10-09T21:46:25.065+0300: 567.900: [ParNew: 457902K->51072K(460096K), 0.0267518 secs] 7141389K->6743133K(8337536K), 0.0268426 secs] [Times: user=0.03 sys=0.00, real=0.03 secs] 
2024-10-09T21:46:25.097+0300: 567.927: Total time for which application threads were stopped: 0.0271198 seconds, Stopping threads took: 0.0001545 seconds
2024-10-09T21:46:25.254+0300: 568.082: Application time: 0.1543374 seconds
2024-10-09T21:46:25.254+0300: 568.082: [GC (Allocation Failure) 2024-10-09T21:46:25.254+0300: 568.082: [ParNew: 460096K->51072K(460096K), 0.0281586 secs] 7152157K->6758108K(8337536K), 0.0282481 secs] [Times: user=0.02 sys=0.00, real=0.02 secs] 
2024-10-09T21:46:25.269+0300: 568.110: Total time for which application threads were stopped: 0.0285247 seconds, Stopping threads took: 0.0001599 seconds
2024-10-09T21:46:25.442+0300: 568.277: Application time: 0.1664894 seconds
2024-10-09T21:46:25.442+0300: 568.277: [GC (Allocation Failure) 2024-10-09T21:46:25.442+0300: 568.277: [ParNew: 460096K->51072K(460096K), 0.0263628 secs] 7167132K->6773240K(8337536K), 0.0264502 secs] [Times: user=0.03 sys=0.00, real=0.03 secs] 
2024-10-09T21:46:25.473+0300: 568.303: Total time for which application threads were stopped: 0.0267416 seconds, Stopping threads took: 0.0001747 seconds
2024-10-09T21:46:25.646+0300: 568.474: Application time: 0.1702203 seconds
2024-10-09T21:46:25.646+0300: 568.474: [GC (Allocation Failure) 2024-10-09T21:46:25.646+0300: 568.474: [ParNew: 460096K->51072K(460096K), 0.0334662 secs] 7182264K->6792255K(8337536K), 0.0335479 secs] [Times: user=0.03 sys=0.00, real=0.03 secs] 
2024-10-09T21:46:25.677+0300: 568.507: Total time for which application threads were stopped: 0.0338175 seconds, Stopping threads took: 0.0001536 seconds
2024-10-09T21:46:25.834+0300: 568.669: Application time: 0.1610818 seconds
2024-10-09T21:46:25.834+0300: 568.669: [GC (Allocation Failure) 2024-10-09T21:46:25.834+0300: 568.669: [ParNew: 460096K->51072K(460096K), 0.0324180 secs] 7201279K->6818370K(8337536K), 0.0325107 secs] [Times: user=0.03 sys=0.00, real=0.03 secs] 
2024-10-09T21:46:25.866+0300: 568.701: Total time for which application threads were stopped: 0.0327883 seconds, Stopping threads took: 0.0001616 seconds
2024-10-09T21:46:26.038+0300: 568.866: Application time: 0.1644703 seconds
2024-10-09T21:46:26.038+0300: 568.866: [GC (Allocation Failure) 2024-10-09T21:46:26.038+0300: 568.866: [ParNew: 460096K->51072K(460096K), 0.0283206 secs] 7227394K->6837148K(8337536K), 0.0284121 secs] [Times: user=0.02 sys=0.00, real=0.02 secs] 
2024-10-09T21:46:26.054+0300: 568.895: Total time for which application threads were stopped: 0.0287483 seconds, Stopping threads took: 0.0002057 seconds
2024-10-09T21:46:26.232+0300: 569.064: Application time: 0.1689741 seconds
2024-10-09T21:46:26.232+0300: 569.064: [GC (Allocation Failure) 2024-10-09T21:46:26.232+0300: 569.064: [ParNew: 460096K->51072K(460096K), 0.0299461 secs] 7246172K->6852704K(8337536K), 0.0300336 secs] [Times: user=0.02 sys=0.00, real=0.02 secs] 
2024-10-09T21:46:26.257+0300: 569.094: Total time for which application threads were stopped: 0.0302749 seconds, Stopping threads took: 0.0001266 seconds
2024-10-09T21:46:26.414+0300: 569.252: Application time: 0.1583774 seconds
2024-10-09T21:46:26.414+0300: 569.252: [GC (Allocation Failure) 2024-10-09T21:46:26.414+0300: 569.252: [ParNew: 460096K->51072K(460096K), 0.0318909 secs] 7261728K->6875863K(8337536K), 0.0319825 secs] [Times: user=0.03 sys=0.00, real=0.03 secs] 
2024-10-09T21:46:26.446+0300: 569.284: Total time for which application threads were stopped: 0.0322729 seconds, Stopping threads took: 0.0001713 seconds
2024-10-09T21:46:26.618+0300: 569.449: Application time: 0.1640596 seconds
2024-10-09T21:46:26.618+0300: 569.449: [GC (Allocation Failure) 2024-10-09T21:46:26.618+0300: 569.449: [ParNew: 460096K->51072K(460096K), 0.0315341 secs] 7284887K->6896910K(8337536K), 0.0316168 secs] [Times: user=0.03 sys=0.00, real=0.03 secs] 
2024-10-09T21:46:26.650+0300: 569.480: Total time for which application threads were stopped: 0.0318714 seconds, Stopping threads took: 0.0001371 seconds
2024-10-09T21:46:26.822+0300: 569.653: Application time: 0.1725386 seconds
2024-10-09T21:46:26.822+0300: 569.653: [GC (Allocation Failure) 2024-10-09T21:46:26.822+0300: 569.653: [ParNew: 460096K->51072K(460096K), 0.0295232 secs] 7305934K->6909782K(8337536K), 0.0296142 secs] [Times: user=0.03 sys=0.00, real=0.03 secs] 
2024-10-09T21:46:26.854+0300: 569.683: Total time for which application threads were stopped: 0.0298765 seconds, Stopping threads took: 0.0001284 seconds
2024-10-09T21:46:27.010+0300: 569.837: Application time: 0.1542735 seconds
2024-10-09T21:46:27.010+0300: 569.837: [GC (Allocation Failure) 2024-10-09T21:46:27.010+0300: 569.837: [ParNew: 460096K->51072K(460096K), 0.0357621 secs] 7318806K->6939037K(8337536K), 0.0358487 secs] [Times: user=0.03 sys=0.00, real=0.03 secs] 
2024-10-09T21:46:27.042+0300: 569.873: Total time for which application threads were stopped: 0.0361282 seconds, Stopping threads took: 0.0001648 seconds
2024-10-09T21:46:27.214+0300: 570.042: Application time: 0.1687701 seconds
2024-10-09T21:46:27.214+0300: 570.042: [GC (Allocation Failure) 2024-10-09T21:46:27.214+0300: 570.042: [ParNew: 460096K->51072K(460096K), 0.0300963 secs] 7348061K->6961113K(8337536K), 0.0301844 secs] [Times: user=0.01 sys=0.02, real=0.03 secs] 
2024-10-09T21:46:27.246+0300: 570.072: Total time for which application threads were stopped: 0.0304561 seconds, Stopping threads took: 0.0001523 seconds
2024-10-09T21:46:27.403+0300: 570.241: Application time: 0.1683059 seconds
2024-10-09T21:46:27.403+0300: 570.241: [GC (Allocation Failure) 2024-10-09T21:46:27.403+0300: 570.241: [ParNew: 460096K->51072K(460096K), 0.0294182 secs] 7370137K->6972523K(8337536K), 0.0295096 secs] [Times: user=0.03 sys=0.00, real=0.03 secs] 
2024-10-09T21:46:27.435+0300: 570.271: Total time for which application threads were stopped: 0.0297892 seconds, Stopping threads took: 0.0001392 seconds
2024-10-09T21:46:27.591+0300: 570.422: Application time: 0.1516013 seconds
2024-10-09T21:46:27.591+0300: 570.422: [GC (Allocation Failure) 2024-10-09T21:46:27.591+0300: 570.422: [ParNew: 460096K->51072K(460096K), 0.0388979 secs] 7381547K->7008180K(8337536K), 0.0390456 secs] [Times: user=0.05 sys=0.00, real=0.04 secs] 
2024-10-09T21:46:27.635+0300: 570.461: Total time for which application threads were stopped: 0.0392960 seconds, Stopping threads took: 0.0001302 seconds
2024-10-09T21:46:27.795+0300: 570.636: Application time: 0.1747463 seconds
2024-10-09T21:46:27.811+0300: 570.636: [GC (Allocation Failure) 2024-10-09T21:46:27.811+0300: 570.637: [ParNew: 460096K->47449K(460096K), 0.0281462 secs] 7417204K->7019724K(8337536K), 0.0282443 secs] [Times: user=0.01 sys=0.00, real=0.02 secs] 
2024-10-09T21:46:27.836+0300: 570.665: Total time for which application threads were stopped: 0.0285646 seconds, Stopping threads took: 0.0001594 seconds
2024-10-09T21:46:27.999+0300: 570.837: Application time: 0.1725399 seconds
2024-10-09T21:46:27.999+0300: 570.838: [GC (Allocation Failure) 2024-10-09T21:46:27.999+0300: 570.838: [ParNew: 456473K->51072K(460096K), 0.0301102 secs] 7428748K->7037163K(8337536K), 0.0302001 secs] [Times: user=0.03 sys=0.00, real=0.04 secs] 
2024-10-09T21:46:28.036+0300: 570.868: Total time for which application threads were stopped: 0.0304693 seconds, Stopping threads took: 0.0001478 seconds
2024-10-09T21:46:28.187+0300: 571.020: Application time: 0.1526477 seconds
2024-10-09T21:46:28.187+0300: 571.021: [GC (Allocation Failure) 2024-10-09T21:46:28.187+0300: 571.021: [ParNew: 460096K->51072K(460096K), 0.0329583 secs] 7446187K->7061204K(8337536K), 0.0330500 secs] [Times: user=0.03 sys=0.00, real=0.03 secs] 
2024-10-09T21:46:28.218+0300: 571.054: Total time for which application threads were stopped: 0.0332824 seconds, Stopping threads took: 0.0001172 seconds
2024-10-09T21:46:28.391+0300: 571.217: Application time: 0.1636353 seconds
2024-10-09T21:46:28.391+0300: 571.218: [GC (Allocation Failure) 2024-10-09T21:46:28.391+0300: 571.218: [ParNew: 460096K->49376K(460096K), 0.0277001 secs] 7470228K->7076854K(8337536K), 0.0277880 secs] [Times: user=0.02 sys=0.00, real=0.02 secs] 
2024-10-09T21:46:28.407+0300: 571.245: Total time for which application threads were stopped: 0.0280199 seconds, Stopping threads took: 0.0001128 seconds
2024-10-09T21:46:28.579+0300: 571.420: Application time: 0.1749202 seconds
2024-10-09T21:46:28.579+0300: 571.421: [GC (Allocation Failure) 2024-10-09T21:46:28.595+0300: 571.421: [ParNew: 458400K->51072K(460096K), 0.0293301 secs] 7485878K->7091154K(8337536K), 0.0294593 secs] [Times: user=0.03 sys=0.00, real=0.03 secs] 
2024-10-09T21:46:28.611+0300: 571.450: Total time for which application threads were stopped: 0.0297601 seconds, Stopping threads took: 0.0001536 seconds
2024-10-09T21:46:28.783+0300: 571.609: Application time: 0.1593441 seconds
2024-10-09T21:46:28.783+0300: 571.610: [GC (Allocation Failure) 2024-10-09T21:46:28.783+0300: 571.610: [ParNew: 460096K->51072K(460096K), 0.0301902 secs] 7500178K->7108032K(8337536K), 0.0302806 secs] [Times: user=0.02 sys=0.00, real=0.02 secs] 
2024-10-09T21:46:28.799+0300: 571.640: Total time for which application threads were stopped: 0.0305596 seconds, Stopping threads took: 0.0001417 seconds
2024-10-09T21:46:28.972+0300: 571.806: Application time: 0.1657039 seconds
2024-10-09T21:46:28.972+0300: 571.806: [GC (Allocation Failure) 2024-10-09T21:46:28.972+0300: 571.806: [ParNew: 460096K->51072K(460096K), 0.0338837 secs] 7517056K->7136190K(8337536K), 0.0339744 secs] [Times: user=0.03 sys=0.02, real=0.03 secs] 
2024-10-09T21:46:29.003+0300: 571.840: Total time for which application threads were stopped: 0.0342347 seconds, Stopping threads took: 0.0001441 seconds
2024-10-09T21:46:29.191+0300: 572.020: Application time: 0.1796286 seconds
2024-10-09T21:46:29.191+0300: 572.020: [GC (Allocation Failure) 2024-10-09T21:46:29.191+0300: 572.020: [ParNew: 460096K->48622K(460096K), 0.0274294 secs] 7545214K->7144143K(8337536K), 0.0275228 secs] [Times: user=0.01 sys=0.00, real=0.02 secs] 
2024-10-09T21:46:29.207+0300: 572.047: Total time for which application threads were stopped: 0.0277751 seconds, Stopping threads took: 0.0001235 seconds
2024-10-09T21:46:29.364+0300: 572.202: Application time: 0.1550624 seconds
2024-10-09T21:46:29.364+0300: 572.203: [GC (Allocation Failure) 2024-10-09T21:46:29.364+0300: 572.203: [ParNew: 457646K->51072K(460096K), 0.0310357 secs] 7553167K->7162824K(8337536K), 0.0311266 secs] [Times: user=0.03 sys=0.00, real=0.03 secs] 
2024-10-09T21:46:29.395+0300: 572.234: Total time for which application threads were stopped: 0.0314065 seconds, Stopping threads took: 0.0001642 seconds
2024-10-09T21:46:29.568+0300: 572.396: Application time: 0.1619430 seconds
2024-10-09T21:46:29.568+0300: 572.396: [GC (Allocation Failure) 2024-10-09T21:46:29.568+0300: 572.396: [ParNew: 460096K->51072K(460096K), 0.0330954 secs] 7571848K->7191531K(8337536K), 0.0331800 secs] [Times: user=0.03 sys=0.00, real=0.03 secs] 
2024-10-09T21:46:29.599+0300: 572.429: Total time for which application threads were stopped: 0.0334099 seconds, Stopping threads took: 0.0001179 seconds
2024-10-09T21:46:29.599+0300: 572.429: Application time: 0.0000863 seconds
2024-10-09T21:46:29.599+0300: 572.429: [GC (CMS Initial Mark) [1 CMS-initial-mark: 7140459K(7877440K)] 7197015K(8337536K), 0.0049635 secs] [Times: user=0.00 sys=0.00, real=0.00 secs] 
2024-10-09T21:46:29.599+0300: 572.434: Total time for which application threads were stopped: 0.0052242 seconds, Stopping threads took: 0.0001429 seconds
2024-10-09T21:46:29.599+0300: 572.435: [CMS-concurrent-mark-start]
2024-10-09T21:46:29.647+0300: 572.477: [CMS-concurrent-mark: 0.042/0.042 secs] [Times: user=0.05 sys=0.00, real=0.05 secs] 
2024-10-09T21:46:29.647+0300: 572.477: [CMS-concurrent-preclean-start]
2024-10-09T21:46:29.647+0300: 572.485: [CMS-concurrent-preclean: 0.009/0.009 secs] [Times: user=0.23 sys=0.00, real=0.00 secs] 
2024-10-09T21:46:29.647+0300: 572.485: [CMS-concurrent-abortable-preclean-start]
2024-10-09T21:46:29.803+0300: 572.641: Application time: 0.2065772 seconds
2024-10-09T21:46:29.803+0300: 572.641: [GC (Allocation Failure) 2024-10-09T21:46:29.803+0300: 572.641: [ParNew: 460096K->50014K(460096K), 0.0306179 secs] 7600555K->7205907K(8337536K), 0.0307130 secs] [Times: user=0.08 sys=0.00, real=0.04 secs] 
2024-10-09T21:46:29.846+0300: 572.672: Total time for which application threads were stopped: 0.0310514 seconds, Stopping threads took: 0.0002067 seconds
2024-10-09T21:46:30.040+0300: 572.873: Application time: 0.2011068 seconds
2024-10-09T21:46:30.040+0300: 572.873: [GC (Allocation Failure) 2024-10-09T21:46:30.040+0300: 572.873: [ParNew: 459038K->45531K(460096K), 0.0332831 secs] 7614931K->7223240K(8337536K), 0.0333787 secs] [Times: user=0.03 sys=0.00, real=0.03 secs] 
2024-10-09T21:46:30.071+0300: 572.907: Total time for which application threads were stopped: 0.0336620 seconds, Stopping threads took: 0.0001343 seconds
2024-10-09T21:46:30.102+0300: 572.929: [CMS-concurrent-abortable-preclean: 0.378/0.444 secs] [Times: user=2.06 sys=0.02, real=0.45 secs] 
2024-10-09T21:46:30.102+0300: 572.929: Application time: 0.0224872 seconds
2024-10-09T21:46:30.102+0300: 572.930: [GC (CMS Final Remark) [YG occupancy: 105242 K (460096 K)]2024-10-09T21:46:30.102+0300: 572.930: [Rescan (parallel) , 0.0117903 secs]2024-10-09T21:46:30.102+0300: 572.941: [weak refs processing, 0.0000189 secs]2024-10-09T21:46:30.102+0300: 572.941: [class unloading, 0.0021643 secs]2024-10-09T21:46:30.118+0300: 572.944: [scrub symbol table, 0.0007313 secs]2024-10-09T21:46:30.118+0300: 572.944: [scrub string table, 0.0002047 secs][1 CMS-remark: 7177708K(7877440K)] 7282951K(8337536K), 0.0150326 secs] [Times: user=0.02 sys=0.00, real=0.02 secs] 
2024-10-09T21:46:30.118+0300: 572.945: Total time for which application threads were stopped: 0.0152689 seconds, Stopping threads took: 0.0001448 seconds
2024-10-09T21:46:30.118+0300: 572.945: [CMS-concurrent-sweep-start]
2024-10-09T21:46:30.291+0300: 573.117: Application time: 0.1726471 seconds
2024-10-09T21:46:30.291+0300: 573.117: [GC (Allocation Failure) 2024-10-09T21:46:30.291+0300: 573.118: [ParNew: 454555K->51072K(460096K), 0.0298910 secs] 7326529K->6935831K(8337536K), 0.0299898 secs] [Times: user=0.02 sys=0.00, real=0.02 secs] 
2024-10-09T21:46:30.306+0300: 573.148: Total time for which application threads were stopped: 0.0302381 seconds, Stopping threads took: 0.0001301 seconds
2024-10-09T21:46:30.510+0300: 573.340: Application time: 0.1927441 seconds
2024-10-09T21:46:30.510+0300: 573.341: [GC (Allocation Failure) 2024-10-09T21:46:30.510+0300: 573.341: [ParNew: 460096K->42329K(460096K), 0.0347061 secs] 6999687K->6615813K(8337536K), 0.0347913 secs] [Times: user=0.03 sys=0.00, real=0.03 secs] 
2024-10-09T21:46:30.542+0300: 573.375: Total time for which application threads were stopped: 0.0350571 seconds, Stopping threads took: 0.0001582 seconds
2024-10-09T21:46:30.762+0300: 573.595: Application time: 0.2200708 seconds
2024-10-09T21:46:30.762+0300: 573.596: [GC (Allocation Failure) 2024-10-09T21:46:30.762+0300: 573.596: [ParNew: 451353K->51072K(460096K), 0.0254810 secs] 6628154K->6230658K(8337536K), 0.0255822 secs] [Times: user=0.05 sys=0.00, real=0.03 secs] 
2024-10-09T21:46:30.793+0300: 573.621: Total time for which application threads were stopped: 0.0258704 seconds, Stopping threads took: 0.0001310 seconds
2024-10-09T21:46:30.981+0300: 573.809: Application time: 0.1876114 seconds
2024-10-09T21:46:30.981+0300: 573.809: [GC (Allocation Failure) 2024-10-09T21:46:30.981+0300: 573.809: [ParNew: 460096K->49838K(460096K), 0.0370505 secs] 6279959K->5899825K(8337536K), 0.0371447 secs] [Times: user=0.03 sys=0.00, real=0.03 secs] 
2024-10-09T21:46:31.013+0300: 573.846: Total time for which application threads were stopped: 0.0374915 seconds, Stopping threads took: 0.0002177 seconds
2024-10-09T21:46:31.201+0300: 574.042: Application time: 0.1952559 seconds
2024-10-09T21:46:31.201+0300: 574.042: [GC (Allocation Failure) 2024-10-09T21:46:31.201+0300: 574.042: [ParNew: 458862K->51072K(460096K), 0.0268414 secs] 5955754K->5561158K(8337536K), 0.0269284 secs] [Times: user=0.03 sys=0.00, real=0.04 secs] 
2024-10-09T21:46:31.243+0300: 574.069: Total time for which application threads were stopped: 0.0272451 seconds, Stopping threads took: 0.0001752 seconds
2024-10-09T21:46:31.436+0300: 574.268: Application time: 0.1987912 seconds
2024-10-09T21:46:31.436+0300: 574.268: [GC (Allocation Failure) 2024-10-09T21:46:31.436+0300: 574.268: [ParNew: 460096K->50873K(460096K), 0.0321444 secs] 5596012K->5214849K(8337536K), 0.0322353 secs] [Times: user=0.03 sys=0.00, real=0.03 secs] 
2024-10-09T21:46:31.468+0300: 574.300: Total time for which application threads were stopped: 0.0325818 seconds, Stopping threads took: 0.0002057 seconds
2024-10-09T21:46:31.672+0300: 574.506: Application time: 0.2061894 seconds
2024-10-09T21:46:31.672+0300: 574.507: [GC (Allocation Failure) 2024-10-09T21:46:31.672+0300: 574.507: [ParNew: 459897K->51072K(460096K), 0.0314080 secs] 5223248K->4821421K(8337536K), 0.0315018 secs] [Times: user=0.06 sys=0.00, real=0.03 secs] 
2024-10-09T21:46:31.703+0300: 574.538: Total time for which application threads were stopped: 0.0318030 seconds, Stopping threads took: 0.0001566 seconds
2024-10-09T21:46:31.875+0300: 574.716: Application time: 0.1773503 seconds
2024-10-09T21:46:31.875+0300: 574.716: [GC (Allocation Failure) 2024-10-09T21:46:31.875+0300: 574.716: [ParNew: 460096K->46477K(460096K), 0.0328575 secs] 4910761K->4528069K(8337536K), 0.0329487 secs] [Times: user=0.05 sys=0.00, real=0.05 secs] 
2024-10-09T21:46:31.922+0300: 574.749: Total time for which application threads were stopped: 0.0332408 seconds, Stopping threads took: 0.0001699 seconds
2024-10-09T21:46:32.127+0300: 574.961: Application time: 0.2120954 seconds
2024-10-09T21:46:32.127+0300: 574.961: [GC (Allocation Failure) 2024-10-09T21:46:32.127+0300: 574.961: [ParNew: 455501K->51072K(460096K), 0.0240854 secs] 4543206K->4142223K(8337536K), 0.0241686 secs] [Times: user=0.03 sys=0.00, real=0.03 secs] 
2024-10-09T21:46:32.158+0300: 574.985: Total time for which application threads were stopped: 0.0244463 seconds, Stopping threads took: 0.0001550 seconds
2024-10-09T21:46:32.347+0300: 575.183: Application time: 0.1971285 seconds
2024-10-09T21:46:32.347+0300: 575.183: [GC (Allocation Failure) 2024-10-09T21:46:32.347+0300: 575.183: [ParNew: 460096K->51072K(460096K), 0.0338453 secs] 4195037K->3809044K(8337536K), 0.0339406 secs] [Times: user=0.03 sys=0.00, real=0.03 secs] 
2024-10-09T21:46:32.378+0300: 575.217: Total time for which application threads were stopped: 0.0342295 seconds, Stopping threads took: 0.0001642 seconds
2024-10-09T21:46:32.566+0300: 575.405: Application time: 0.1886899 seconds
2024-10-09T21:46:32.566+0300: 575.406: [GC (Allocation Failure) 2024-10-09T21:46:32.566+0300: 575.406: [ParNew: 460096K->51072K(460096K), 0.0315780 secs] 3866363K->3480928K(8337536K), 0.0316656 secs] [Times: user=0.03 sys=0.00, real=0.03 secs] 
2024-10-09T21:46:32.598+0300: 575.437: Total time for which application threads were stopped: 0.0319617 seconds, Stopping threads took: 0.0001755 seconds
2024-10-09T21:46:32.802+0300: 575.636: Application time: 0.1981654 seconds
2024-10-09T21:46:32.802+0300: 575.636: [GC (Allocation Failure) 2024-10-09T21:46:32.802+0300: 575.636: [ParNew: 460096K->51072K(460096K), 0.0247307 secs] 3534446K->3134928K(8337536K), 0.0248271 secs] [Times: user=0.11 sys=0.00, real=0.03 secs] 
2024-10-09T21:46:32.833+0300: 575.661: Total time for which application threads were stopped: 0.0252852 seconds, Stopping threads took: 0.0003169 seconds
2024-10-09T21:46:33.037+0300: 575.867: Application time: 0.2060187 seconds
2024-10-09T21:46:33.037+0300: 575.867: [GC (Allocation Failure) 2024-10-09T21:46:33.037+0300: 575.867: [ParNew: 460096K->51072K(460096K), 0.0326400 secs] 3175744K->2789365K(8337536K), 0.0327369 secs] [Times: user=0.05 sys=0.00, real=0.03 secs] 
2024-10-09T21:46:33.069+0300: 575.900: Total time for which application threads were stopped: 0.0330748 seconds, Stopping threads took: 0.0001899 seconds
2024-10-09T21:46:33.257+0300: 576.085: Application time: 0.1854310 seconds
2024-10-09T21:46:33.257+0300: 576.086: [GC (Allocation Failure) 2024-10-09T21:46:33.257+0300: 576.086: [ParNew: 460096K->51072K(460096K), 0.0304870 secs] 2861623K->2470881K(8337536K), 0.0305721 secs] [Times: user=0.03 sys=0.00, real=0.03 secs] 
2024-10-09T21:46:33.288+0300: 576.116: Total time for which application threads were stopped: 0.0308814 seconds, Stopping threads took: 0.0001873 seconds
2024-10-09T21:46:33.461+0300: 576.300: Application time: 0.1835190 seconds
2024-10-09T21:46:33.461+0300: 576.300: [GC (Allocation Failure) 2024-10-09T21:46:33.461+0300: 576.300: [ParNew: 460096K->51072K(460096K), 0.0319313 secs] 2561295K->2179280K(8337536K), 0.0320184 secs] [Times: user=0.03 sys=0.00, real=0.03 secs] 
2024-10-09T21:46:33.492+0300: 576.332: Total time for which application threads were stopped: 0.0323380 seconds, Stopping threads took: 0.0001921 seconds
2024-10-09T21:46:33.712+0300: 576.546: Application time: 0.2142191 seconds
2024-10-09T21:46:33.712+0300: 576.547: [GC (Allocation Failure) 2024-10-09T21:46:33.712+0300: 576.547: [ParNew: 460096K->51072K(460096K), 0.0285931 secs] 2216104K->1819243K(8337536K), 0.0286828 secs] [Times: user=0.09 sys=0.00, real=0.04 secs] 
2024-10-09T21:46:33.749+0300: 576.575: Total time for which application threads were stopped: 0.0289448 seconds, Stopping threads took: 0.0001334 seconds
2024-10-09T21:46:33.932+0300: 576.760: Application time: 0.1851003 seconds
2024-10-09T21:46:33.932+0300: 576.761: [GC (Allocation Failure) 2024-10-09T21:46:33.932+0300: 576.761: [ParNew: 460096K->51072K(460096K), 0.0303551 secs] 1905716K->1516943K(8337536K), 0.0304378 secs] [Times: user=0.03 sys=0.00, real=0.03 secs] 
2024-10-09T21:46:33.963+0300: 576.791: Total time for which application threads were stopped: 0.0307428 seconds, Stopping threads took: 0.0001896 seconds
2024-10-09T21:46:34.167+0300: 577.000: Application time: 0.2090909 seconds
2024-10-09T21:46:34.167+0300: 577.000: [GC (Allocation Failure) 2024-10-09T21:46:34.167+0300: 577.001: [ParNew: 460096K->51072K(460096K), 0.0309525 secs] 1553195K->1165344K(8337536K), 0.0310504 secs] [Times: user=0.06 sys=0.00, real=0.03 secs] 
2024-10-09T21:46:34.199+0300: 577.032: Total time for which application threads were stopped: 0.0313121 seconds, Stopping threads took: 0.0001073 seconds
2024-10-09T21:46:34.387+0300: 577.220: Application time: 0.1886768 seconds
2024-10-09T21:46:34.387+0300: 577.221: [GC (Allocation Failure) 2024-10-09T21:46:34.387+0300: 577.221: [ParNew: 460096K->51072K(460096K), 0.0356108 secs] 1242815K->860266K(8337536K), 0.0357007 secs] [Times: user=0.03 sys=0.00, real=0.03 secs] 
2024-10-09T21:46:34.418+0300: 577.256: Total time for which application threads were stopped: 0.0359984 seconds, Stopping threads took: 0.0001829 seconds
2024-10-09T21:46:34.607+0300: 577.441: Application time: 0.1842355 seconds
2024-10-09T21:46:34.607+0300: 577.441: [GC (Allocation Failure) 2024-10-09T21:46:34.607+0300: 577.441: [ParNew: 460096K->46650K(460096K), 0.0297302 secs] 951528K->564280K(8337536K), 0.0298153 secs] [Times: user=0.03 sys=0.00, real=0.03 secs] 
2024-10-09T21:46:34.638+0300: 577.471: Total time for which application threads were stopped: 0.0300552 seconds, Stopping threads took: 0.0001279 seconds
2024-10-09T21:46:34.670+0300: 577.511: [CMS-concurrent-sweep: 3.942/4.566 secs] [Times: user=23.14 sys=0.12, real=4.55 secs] 
2024-10-09T21:46:34.685+0300: 577.511: [CMS-concurrent-reset-start]
2024-10-09T21:46:34.701+0300: 577.529: [CMS-concurrent-reset: 0.018/0.018 secs] [Times: user=0.25 sys=0.00, real=0.02 secs] 
2024-10-09T21:46:34.826+0300: 577.662: Application time: 0.1915322 seconds
2024-10-09T21:46:34.826+0300: 577.662: [GC (Allocation Failure) 2024-10-09T21:46:34.826+0300: 577.662: [ParNew: 455674K->47482K(460096K), 0.0290002 secs] 927017K->536099K(8337536K), 0.0290900 secs] [Times: user=0.03 sys=0.00, real=0.04 secs] 
2024-10-09T21:46:34.865+0300: 577.691: Total time for which application threads were stopped: 0.0293288 seconds, Stopping threads took: 0.0001074 seconds
2024-10-09T21:46:35.030+0300: 577.858: Application time: 0.1668006 seconds
2024-10-09T21:46:35.030+0300: 577.858: [GC (Allocation Failure) 2024-10-09T21:46:35.030+0300: 577.858: [ParNew: 456506K->51072K(460096K), 0.0289555 secs] 945123K->552369K(8337536K), 0.0290409 secs] [Times: user=0.02 sys=0.00, real=0.02 secs] 
2024-10-09T21:46:35.052+0300: 577.888: Total time for which application threads were stopped: 0.0292905 seconds, Stopping threads took: 0.0001309 seconds
2024-10-09T21:46:35.203+0300: 578.044: Application time: 0.1563222 seconds
2024-10-09T21:46:35.203+0300: 578.044: [GC (Allocation Failure) 2024-10-09T21:46:35.203+0300: 578.044: [ParNew: 460096K->51072K(460096K), 0.0373589 secs] 961393K->590309K(8337536K), 0.0374408 secs] [Times: user=0.03 sys=0.00, real=0.05 secs] 
2024-10-09T21:46:35.252+0300: 578.082: Total time for which application threads were stopped: 0.0377665 seconds, Stopping threads took: 0.0002019 seconds
2024-10-09T21:46:35.423+0300: 578.252: Application time: 0.1700187 seconds
2024-10-09T21:46:35.423+0300: 578.252: [GC (Allocation Failure) 2024-10-09T21:46:35.423+0300: 578.252: [ParNew: 460096K->50702K(460096K), 0.0269559 secs] 999333K->605456K(8337536K), 0.0270454 secs] [Times: user=0.03 sys=0.00, real=0.03 secs] 
2024-10-09T21:46:35.453+0300: 578.279: Total time for which application threads were stopped: 0.0273116 seconds, Stopping threads took: 0.0001459 seconds
2024-10-09T21:46:35.611+0300: 578.445: Application time: 0.1660634 seconds
2024-10-09T21:46:35.611+0300: 578.445: [GC (Allocation Failure) 2024-10-09T21:46:35.611+0300: 578.445: [ParNew: 459726K->51072K(460096K), 0.0292840 secs] 1014480K->621696K(8337536K), 0.0293803 secs] [Times: user=0.03 sys=0.00, real=0.03 secs] 
2024-10-09T21:46:35.643+0300: 578.475: Total time for which application threads were stopped: 0.0296478 seconds, Stopping threads took: 0.0001467 seconds
2024-10-09T21:46:35.800+0300: 578.636: Application time: 0.1613121 seconds
2024-10-09T21:46:35.800+0300: 578.636: [GC (Allocation Failure) 2024-10-09T21:46:35.800+0300: 578.636: [ParNew: 460096K->51072K(460096K), 0.0312255 secs] 1030720K->646808K(8337536K), 0.0313277 secs] [Times: user=0.03 sys=0.00, real=0.03 secs] 
2024-10-09T21:46:35.831+0300: 578.668: Total time for which application threads were stopped: 0.0316176 seconds, Stopping threads took: 0.0001535 seconds
2024-10-09T21:46:36.004+0300: 578.840: Application time: 0.1721466 seconds
2024-10-09T21:46:36.004+0300: 578.840: [GC (Allocation Failure) 2024-10-09T21:46:36.004+0300: 578.840: [ParNew: 460096K->51072K(460096K), 0.0287383 secs] 1055832K->667183K(8337536K), 0.0288282 secs] [Times: user=0.03 sys=0.00, real=0.03 secs] 
2024-10-09T21:46:36.035+0300: 578.869: Total time for which application threads were stopped: 0.0290674 seconds, Stopping threads took: 0.0001239 seconds
2024-10-09T21:46:36.208+0300: 579.035: Application time: 0.1663349 seconds
2024-10-09T21:46:36.208+0300: 579.035: [GC (Allocation Failure) 2024-10-09T21:46:36.208+0300: 579.035: [ParNew: 460096K->51072K(460096K), 0.0264591 secs] 1076207K->677226K(8337536K), 0.0265486 secs] [Times: user=0.02 sys=0.00, real=0.02 secs] 
2024-10-09T21:46:36.223+0300: 579.062: Total time for which application threads were stopped: 0.0268006 seconds, Stopping threads took: 0.0001367 seconds
2024-10-09T21:46:36.380+0300: 579.217: Application time: 0.1545409 seconds
2024-10-09T21:46:36.380+0300: 579.217: [GC (Allocation Failure) 2024-10-09T21:46:36.380+0300: 579.217: [ParNew: 460096K->51072K(460096K), 0.0306939 secs] 1086250K->701001K(8337536K), 0.0307804 secs] [Times: user=0.03 sys=0.00, real=0.03 secs] 
2024-10-09T21:46:36.411+0300: 579.248: Total time for which application threads were stopped: 0.0310669 seconds, Stopping threads took: 0.0001668 seconds
2024-10-09T21:46:36.584+0300: 579.417: Application time: 0.1690637 seconds
2024-10-09T21:46:36.584+0300: 579.417: [GC (Allocation Failure) 2024-10-09T21:46:36.584+0300: 579.417: [ParNew: 460096K->51072K(460096K), 0.0279762 secs] 1110025K->721479K(8337536K), 0.0280728 secs] [Times: user=0.03 sys=0.00, real=0.03 secs] 
2024-10-09T21:46:36.615+0300: 579.445: Total time for which application threads were stopped: 0.0283554 seconds, Stopping threads took: 0.0001509 seconds
2024-10-09T21:46:36.772+0300: 579.613: Application time: 0.1684573 seconds
2024-10-09T21:46:36.788+0300: 579.614: [GC (Allocation Failure) 2024-10-09T21:46:36.788+0300: 579.614: [ParNew: 460096K->51072K(460096K), 0.0257310 secs] 1130503K->731829K(8337536K), 0.0258273 secs] [Times: user=0.05 sys=0.00, real=0.02 secs] 
2024-10-09T21:46:36.804+0300: 579.640: Total time for which application threads were stopped: 0.0261884 seconds, Stopping threads took: 0.0001814 seconds
2024-10-09T21:46:36.961+0300: 579.799: Application time: 0.1590916 seconds
2024-10-09T21:46:36.961+0300: 579.799: [GC (Allocation Failure) 2024-10-09T21:46:36.961+0300: 579.799: [ParNew: 460096K->51072K(460096K), 0.0312062 secs] 1140853K->755867K(8337536K), 0.0312952 secs] [Times: user=0.02 sys=0.02, real=0.03 secs] 
2024-10-09T21:46:36.992+0300: 579.830: Total time for which application threads were stopped: 0.0315349 seconds, Stopping threads took: 0.0001220 seconds
2024-10-09T21:46:37.165+0300: 579.997: Application time: 0.1669772 seconds
2024-10-09T21:46:37.165+0300: 579.997: [GC (Allocation Failure) 2024-10-09T21:46:37.165+0300: 579.998: [ParNew: 460096K->51072K(460096K), 0.0301689 secs] 1164891K->776187K(8337536K), 0.0302574 secs] [Times: user=0.06 sys=0.00, real=0.03 secs] 
2024-10-09T21:46:37.196+0300: 580.028: Total time for which application threads were stopped: 0.0305079 seconds, Stopping threads took: 0.0001311 seconds
2024-10-09T21:46:37.357+0300: 580.191: Application time: 0.1633592 seconds
2024-10-09T21:46:37.357+0300: 580.191: [GC (Allocation Failure) 2024-10-09T21:46:37.357+0300: 580.191: [ParNew: 460096K->51072K(460096K), 0.0257261 secs] 1185211K->788184K(8337536K), 0.0258216 secs] [Times: user=0.03 sys=0.00, real=0.03 secs] 
2024-10-09T21:46:37.391+0300: 580.217: Total time for which application threads were stopped: 0.0261619 seconds, Stopping threads took: 0.0001700 seconds
2024-10-09T21:46:37.542+0300: 580.379: Application time: 0.1620993 seconds
2024-10-09T21:46:37.542+0300: 580.380: [GC (Allocation Failure) 2024-10-09T21:46:37.542+0300: 580.380: [ParNew: 460096K->51072K(460096K), 0.0316543 secs] 1197208K->816099K(8337536K), 0.0317478 secs] [Times: user=0.03 sys=0.00, real=0.03 secs] 
2024-10-09T21:46:37.573+0300: 580.411: Total time for which application threads were stopped: 0.0319830 seconds, Stopping threads took: 0.0001156 seconds
2024-10-09T21:46:37.758+0300: 580.586: Application time: 0.1743731 seconds
2024-10-09T21:46:37.758+0300: 580.586: [GC (Allocation Failure) 2024-10-09T21:46:37.758+0300: 580.586: [ParNew: 460096K->48838K(460096K), 0.0267964 secs] 1225123K->828309K(8337536K), 0.0268959 secs] [Times: user=0.06 sys=0.00, real=0.02 secs] 
2024-10-09T21:46:37.777+0300: 580.613: Total time for which application threads were stopped: 0.0271648 seconds, Stopping threads took: 0.0001294 seconds
2024-10-09T21:46:37.934+0300: 580.771: Application time: 0.1584847 seconds
2024-10-09T21:46:37.934+0300: 580.772: [GC (Allocation Failure) 2024-10-09T21:46:37.934+0300: 580.772: [ParNew: 457862K->51072K(460096K), 0.0268772 secs] 1237333K->842658K(8337536K), 0.0269668 secs] [Times: user=0.03 sys=0.00, real=0.03 secs] 
2024-10-09T21:46:37.966+0300: 580.799: Total time for which application threads were stopped: 0.0272194 seconds, Stopping threads took: 0.0001353 seconds
2024-10-09T21:46:38.123+0300: 580.961: Application time: 0.1622261 seconds
2024-10-09T21:46:38.123+0300: 580.961: [GC (Allocation Failure) 2024-10-09T21:46:38.123+0300: 580.961: [ParNew: 460096K->51072K(460096K), 0.0313511 secs] 1251682K->869971K(8337536K), 0.0314392 secs] [Times: user=0.03 sys=0.00, real=0.04 secs] 
2024-10-09T21:46:38.159+0300: 580.993: Total time for which application threads were stopped: 0.0316927 seconds, Stopping threads took: 0.0001337 seconds
2024-10-09T21:46:38.327+0300: 581.161: Application time: 0.1683045 seconds
2024-10-09T21:46:38.327+0300: 581.161: [GC (Allocation Failure) 2024-10-09T21:46:38.327+0300: 581.161: [ParNew: 460096K->49472K(460096K), 0.0256341 secs] 1278995K->876945K(8337536K), 0.0257324 secs] [Times: user=0.03 sys=0.00, real=0.03 secs] 
2024-10-09T21:46:38.359+0300: 581.187: Total time for which application threads were stopped: 0.0260326 seconds, Stopping threads took: 0.0001748 seconds
2024-10-09T21:46:38.515+0300: 581.346: Application time: 0.1595871 seconds
2024-10-09T21:46:38.515+0300: 581.347: [GC (Allocation Failure) 2024-10-09T21:46:38.515+0300: 581.347: [ParNew: 458496K->51072K(460096K), 0.0282746 secs] 1285969K->898511K(8337536K), 0.0283594 secs] [Times: user=0.03 sys=0.00, real=0.03 secs] 
2024-10-09T21:46:38.546+0300: 581.375: Total time for which application threads were stopped: 0.0285963 seconds, Stopping threads took: 0.0001254 seconds
2024-10-09T21:46:38.704+0300: 581.543: Application time: 0.1683891 seconds
2024-10-09T21:46:38.704+0300: 581.544: [GC (Allocation Failure) 2024-10-09T21:46:38.704+0300: 581.544: [ParNew: 460096K->47070K(460096K), 0.0319837 secs] 1307535K->922796K(8337536K), 0.0320870 secs] [Times: user=0.12 sys=0.00, real=0.03 secs] 
2024-10-09T21:46:38.735+0300: 581.576: Total time for which application threads were stopped: 0.0323832 seconds, Stopping threads took: 0.0001528 seconds
2024-10-09T21:46:38.907+0300: 581.745: Application time: 0.1695179 seconds
2024-10-09T21:46:38.907+0300: 581.746: [GC (Allocation Failure) 2024-10-09T21:46:38.907+0300: 581.746: [ParNew: 456094K->51072K(460096K), 0.0278915 secs] 1331820K->940250K(8337536K), 0.0279904 secs] [Times: user=0.03 sys=0.00, real=0.03 secs] 
2024-10-09T21:46:38.938+0300: 581.774: Total time for which application threads were stopped: 0.0282891 seconds, Stopping threads took: 0.0001367 seconds
2024-10-09T21:46:39.095+0300: 581.934: Application time: 0.1601184 seconds
2024-10-09T21:46:39.095+0300: 581.934: [GC (Allocation Failure) 2024-10-09T21:46:39.095+0300: 581.934: [ParNew: 460096K->51072K(460096K), 0.0271115 secs] 1349274K->955270K(8337536K), 0.0272172 secs] [Times: user=0.03 sys=0.00, real=0.03 secs] 
2024-10-09T21:46:39.127+0300: 581.961: Total time for which application threads were stopped: 0.0275005 seconds, Stopping threads took: 0.0001567 seconds
2024-10-09T21:46:39.284+0300: 582.125: Application time: 0.1635440 seconds
2024-10-09T21:46:39.284+0300: 582.125: [GC (Allocation Failure) 2024-10-09T21:46:39.284+0300: 582.125: [ParNew: 460096K->51072K(460096K), 0.0286625 secs] 1364294K->976084K(8337536K), 0.0287439 secs] [Times: user=0.03 sys=0.00, real=0.03 secs] 
2024-10-09T21:46:39.315+0300: 582.154: Total time for which application threads were stopped: 0.0290099 seconds, Stopping threads took: 0.0001471 seconds
2024-10-09T21:46:39.488+0300: 582.324: Application time: 0.1699713 seconds
2024-10-09T21:46:39.488+0300: 582.324: [GC (Allocation Failure) 2024-10-09T21:46:39.488+0300: 582.324: [ParNew: 460096K->51072K(460096K), 0.0264112 secs] 1385108K->984773K(8337536K), 0.0265007 secs] [Times: user=0.03 sys=0.00, real=0.03 secs] 
2024-10-09T21:46:39.519+0300: 582.351: Total time for which application threads were stopped: 0.0267839 seconds, Stopping threads took: 0.0001606 seconds
2024-10-09T21:46:39.676+0300: 582.507: Application time: 0.1561351 seconds
2024-10-09T21:46:39.676+0300: 582.507: [GC (Allocation Failure) 2024-10-09T21:46:39.676+0300: 582.507: [ParNew: 460096K->51072K(460096K), 0.0363214 secs] 1393797K->1014987K(8337536K), 0.0364184 secs] [Times: user=0.09 sys=0.00, real=0.03 secs] 
2024-10-09T21:46:39.707+0300: 582.543: Total time for which application threads were stopped: 0.0367210 seconds, Stopping threads took: 0.0001565 seconds
2024-10-09T21:46:39.880+0300: 582.714: Application time: 0.1708862 seconds
2024-10-09T21:46:39.880+0300: 582.715: [GC (Allocation Failure) 2024-10-09T21:46:39.880+0300: 582.715: [ParNew: 460096K->51072K(460096K), 0.0295970 secs] 1424011K->1038143K(8337536K), 0.0296968 secs] [Times: user=0.03 sys=0.00, real=0.03 secs] 
2024-10-09T21:46:39.912+0300: 582.744: Total time for which application threads were stopped: 0.0299852 seconds, Stopping threads took: 0.0001486 seconds
2024-10-09T21:46:40.085+0300: 582.916: Application time: 0.1711554 seconds
2024-10-09T21:46:40.085+0300: 582.916: [GC (Allocation Failure) 2024-10-09T21:46:40.085+0300: 582.916: [ParNew: 460096K->51072K(460096K), 0.0264552 secs] 1447167K->1047703K(8337536K), 0.0265539 secs] [Times: user=0.02 sys=0.00, real=0.03 secs] 
2024-10-09T21:46:40.116+0300: 582.942: Total time for which application threads were stopped: 0.0268080 seconds, Stopping threads took: 0.0001329 seconds
2024-10-09T21:46:40.273+0300: 583.100: Application time: 0.1572582 seconds
2024-10-09T21:46:40.273+0300: 583.100: [GC (Allocation Failure) 2024-10-09T21:46:40.273+0300: 583.100: [ParNew: 460096K->47956K(460096K), 0.0296123 secs] 1456727K->1067819K(8337536K), 0.0296948 secs] [Times: user=0.02 sys=0.00, real=0.02 secs] 
2024-10-09T21:46:40.289+0300: 583.130: Total time for which application threads were stopped: 0.0299520 seconds, Stopping threads took: 0.0001456 seconds
2024-10-09T21:46:40.464+0300: 583.296: Application time: 0.1665115 seconds
2024-10-09T21:46:40.464+0300: 583.296: [GC (Allocation Failure) 2024-10-09T21:46:40.464+0300: 583.296: [ParNew: 456980K->51072K(460096K), 0.0281651 secs] 1476843K->1090656K(8337536K), 0.0282552 secs] [Times: user=0.03 sys=0.00, real=0.03 secs] 
2024-10-09T21:46:40.493+0300: 583.325: Total time for which application threads were stopped: 0.0285056 seconds, Stopping threads took: 0.0001279 seconds
2024-10-09T21:46:40.665+0300: 583.497: Application time: 0.1722539 seconds
2024-10-09T21:46:40.665+0300: 583.497: [GC (Allocation Failure) 2024-10-09T21:46:40.665+0300: 583.497: [ParNew: 460096K->51072K(460096K), 0.0355282 secs] 1499680K->1111990K(8337536K), 0.0356195 secs] [Times: user=0.17 sys=0.00, real=0.03 secs] 
2024-10-09T21:46:40.697+0300: 583.533: Total time for which application threads were stopped: 0.0359837 seconds, Stopping threads took: 0.0002156 seconds
2024-10-09T21:46:40.853+0300: 583.688: Application time: 0.1549548 seconds
2024-10-09T21:46:40.853+0300: 583.688: [GC (Allocation Failure) 2024-10-09T21:46:40.853+0300: 583.688: [ParNew: 460096K->51072K(460096K), 0.0312827 secs] 1521014K->1135117K(8337536K), 0.0313769 secs] [Times: user=0.03 sys=0.00, real=0.03 secs] 
2024-10-09T21:46:40.885+0300: 583.719: Total time for which application threads were stopped: 0.0316937 seconds, Stopping threads took: 0.0002007 seconds
2024-10-09T21:46:41.057+0300: 583.888: Application time: 0.1680924 seconds
2024-10-09T21:46:41.057+0300: 583.888: [GC (Allocation Failure) 2024-10-09T21:46:41.057+0300: 583.888: [ParNew: 460096K->49886K(460096K), 0.0324654 secs] 1544141K->1162645K(8337536K), 0.0325509 secs] [Times: user=0.05 sys=0.00, real=0.03 secs] 
2024-10-09T21:46:41.089+0300: 583.920: Total time for which application threads were stopped: 0.0328379 seconds, Stopping threads took: 0.0001619 seconds
2024-10-09T21:46:41.261+0300: 584.089: Application time: 0.1686957 seconds
2024-10-09T21:46:41.261+0300: 584.089: [GC (Allocation Failure) 2024-10-09T21:46:41.261+0300: 584.089: [ParNew: 458910K->51072K(460096K), 0.0256587 secs] 1571669K->1170520K(8337536K), 0.0257541 secs] [Times: user=0.02 sys=0.00, real=0.02 secs] 
2024-10-09T21:46:41.277+0300: 584.115: Total time for which application threads were stopped: 0.0260605 seconds, Stopping threads took: 0.0001598 seconds
2024-10-09T21:46:41.434+0300: 584.269: Application time: 0.1536407 seconds
2024-10-09T21:46:41.434+0300: 584.269: [GC (Allocation Failure) 2024-10-09T21:46:41.434+0300: 584.269: [ParNew: 460096K->51072K(460096K), 0.0355173 secs] 1579544K->1203364K(8337536K), 0.0356107 secs] [Times: user=0.03 sys=0.00, real=0.03 secs] 
2024-10-09T21:46:41.466+0300: 584.305: Total time for which application threads were stopped: 0.0358904 seconds, Stopping threads took: 0.0001529 seconds
2024-10-09T21:46:41.638+0300: 584.474: Application time: 0.1690942 seconds
2024-10-09T21:46:41.638+0300: 584.474: [GC (Allocation Failure) 2024-10-09T21:46:41.638+0300: 584.474: [ParNew: 460096K->51072K(460096K), 0.0289827 secs] 1612388K->1223468K(8337536K), 0.0290671 secs] [Times: user=0.03 sys=0.00, real=0.03 secs] 
2024-10-09T21:46:41.670+0300: 584.503: Total time for which application threads were stopped: 0.0293234 seconds, Stopping threads took: 0.0001399 seconds
2024-10-09T21:46:41.842+0300: 584.678: Application time: 0.1748479 seconds
2024-10-09T21:46:41.842+0300: 584.678: [GC (Allocation Failure) 2024-10-09T21:46:41.842+0300: 584.678: [ParNew: 460096K->51072K(460096K), 0.0261475 secs] 1632492K->1232093K(8337536K), 0.0262341 secs] [Times: user=0.03 sys=0.00, real=0.03 secs] 
2024-10-09T21:46:41.874+0300: 584.704: Total time for which application threads were stopped: 0.0264989 seconds, Stopping threads took: 0.0001492 seconds
2024-10-09T21:46:42.030+0300: 584.857: Application time: 0.1526019 seconds
2024-10-09T21:46:42.030+0300: 584.857: [GC (Allocation Failure) 2024-10-09T21:46:42.030+0300: 584.857: [ParNew: 460096K->51072K(460096K), 0.0304700 secs] 1641117K->1254648K(8337536K), 0.0305577 secs] [Times: user=0.02 sys=0.01, real=0.03 secs] 
2024-10-09T21:46:42.061+0300: 584.888: Total time for which application threads were stopped: 0.0307991 seconds, Stopping threads took: 0.0001215 seconds
2024-10-09T21:46:42.219+0300: 585.054: Application time: 0.1666012 seconds
2024-10-09T21:46:42.219+0300: 585.055: [GC (Allocation Failure) 2024-10-09T21:46:42.219+0300: 585.055: [ParNew: 460096K->42219K(460096K), 0.0280450 secs] 1663672K->1268964K(8337536K), 0.0281311 secs] [Times: user=0.03 sys=0.00, real=0.03 secs] 
2024-10-09T21:46:42.250+0300: 585.083: Total time for which application threads were stopped: 0.0283958 seconds, Stopping threads took: 0.0001518 seconds
2024-10-09T21:46:42.423+0300: 585.260: Application time: 0.1770686 seconds
2024-10-09T21:46:42.423+0300: 585.260: [GC (Allocation Failure) 2024-10-09T21:46:42.423+0300: 585.260: [ParNew: 451243K->51072K(460096K), 0.0270077 secs] 1677988K->1287848K(8337536K), 0.0270939 secs] [Times: user=0.03 sys=0.00, real=0.03 secs] 
2024-10-09T21:46:42.454+0300: 585.287: Total time for which application threads were stopped: 0.0273890 seconds, Stopping threads took: 0.0001647 seconds
2024-10-09T21:46:42.611+0300: 585.437: Application time: 0.1495976 seconds
2024-10-09T21:46:42.611+0300: 585.437: [GC (Allocation Failure) 2024-10-09T21:46:42.611+0300: 585.437: [ParNew: 460096K->51072K(460096K), 0.0347398 secs] 1696872K->1315327K(8337536K), 0.0348268 secs] [Times: user=0.03 sys=0.00, real=0.03 secs] 
2024-10-09T21:46:42.642+0300: 585.472: Total time for which application threads were stopped: 0.0351846 seconds, Stopping threads took: 0.0002096 seconds
2024-10-09T21:46:42.815+0300: 585.643: Application time: 0.1707355 seconds
2024-10-09T21:46:42.815+0300: 585.643: [GC (Allocation Failure) 2024-10-09T21:46:42.815+0300: 585.643: [ParNew: 460096K->39794K(460096K), 0.0306294 secs] 1724351K->1336025K(8337536K), 0.0307417 secs] [Times: user=0.06 sys=0.00, real=0.03 secs] 
2024-10-09T21:46:42.847+0300: 585.674: Total time for which application threads were stopped: 0.0309942 seconds, Stopping threads took: 0.0001113 seconds
2024-10-09T21:46:43.019+0300: 585.857: Application time: 0.1830189 seconds
2024-10-09T21:46:43.019+0300: 585.857: [GC (Allocation Failure) 2024-10-09T21:46:43.019+0300: 585.857: [ParNew: 448818K->51072K(460096K), 0.0260941 secs] 1745049K->1350121K(8337536K), 0.0261780 secs] [Times: user=0.03 sys=0.00, real=0.03 secs] 
2024-10-09T21:46:43.051+0300: 585.883: Total time for which application threads were stopped: 0.0264553 seconds, Stopping threads took: 0.0001537 seconds
2024-10-09T21:46:43.192+0300: 586.033: Application time: 0.1499388 seconds
2024-10-09T21:46:43.192+0300: 586.034: [GC (Allocation Failure) 2024-10-09T21:46:43.208+0300: 586.034: [ParNew: 460096K->51072K(460096K), 0.0348713 secs] 1759145K->1373926K(8337536K), 0.0350031 secs] [Times: user=0.02 sys=0.02, real=0.05 secs] 
2024-10-09T21:46:43.239+0300: 586.069: Total time for which application threads were stopped: 0.0353084 seconds, Stopping threads took: 0.0001846 seconds
2024-10-09T21:46:43.396+0300: 586.232: Application time: 0.1636897 seconds
2024-10-09T21:46:43.396+0300: 586.233: [GC (Allocation Failure) 2024-10-09T21:46:43.396+0300: 586.233: [ParNew: 460096K->43674K(460096K), 0.0323022 secs] 1782950K->1404377K(8337536K), 0.0323950 secs] [Times: user=0.03 sys=0.00, real=0.03 secs] 
2024-10-09T21:46:43.427+0300: 586.265: Total time for which application threads were stopped: 0.0327181 seconds, Stopping threads took: 0.0001908 seconds
2024-10-09T21:46:43.616+0300: 586.447: Application time: 0.1825094 seconds
2024-10-09T21:46:43.616+0300: 586.448: [GC (Allocation Failure) 2024-10-09T21:46:43.616+0300: 586.448: [ParNew: 452698K->51072K(460096K), 0.0258968 secs] 1813401K->1414757K(8337536K), 0.0259807 secs] [Times: user=0.03 sys=0.00, real=0.03 secs] 
2024-10-09T21:46:43.647+0300: 586.474: Total time for which application threads were stopped: 0.0262461 seconds, Stopping threads took: 0.0001407 seconds
2024-10-09T21:46:43.804+0300: 586.638: Application time: 0.1638224 seconds
2024-10-09T21:46:43.804+0300: 586.638: [GC (Allocation Failure) 2024-10-09T21:46:43.804+0300: 586.638: [ParNew: 460096K->51072K(460096K), 0.0307293 secs] 1823781K->1429778K(8337536K), 0.0308192 secs] [Times: user=0.03 sys=0.00, real=0.03 secs] 
2024-10-09T21:46:43.835+0300: 586.669: Total time for which application threads were stopped: 0.0311265 seconds, Stopping threads took: 0.0001612 seconds
2024-10-09T21:46:43.993+0300: 586.823: Application time: 0.1543259 seconds
2024-10-09T21:46:43.993+0300: 586.823: [GC (Allocation Failure) 2024-10-09T21:46:43.993+0300: 586.823: [ParNew: 460096K->45362K(460096K), 0.0354638 secs] 1838802K->1465634K(8337536K), 0.0355542 secs] [Times: user=0.03 sys=0.00, real=0.03 secs] 
2024-10-09T21:46:44.024+0300: 586.859: Total time for which application threads were stopped: 0.0358266 seconds, Stopping threads took: 0.0001509 seconds
2024-10-09T21:46:44.212+0300: 587.042: Application time: 0.1833457 seconds
2024-10-09T21:46:44.212+0300: 587.042: [GC (Allocation Failure) 2024-10-09T21:46:44.212+0300: 587.042: [ParNew: 454386K->51072K(460096K), 0.0240984 secs] 1874658K->1473722K(8337536K), 0.0241867 secs] [Times: user=0.02 sys=0.00, real=0.02 secs] 
2024-10-09T21:46:44.228+0300: 587.067: Total time for which application threads were stopped: 0.0244449 seconds, Stopping threads took: 0.0001394 seconds
2024-10-09T21:46:44.400+0300: 587.233: Application time: 0.1660359 seconds
2024-10-09T21:46:44.400+0300: 587.233: [GC (Allocation Failure) 2024-10-09T21:46:44.400+0300: 587.233: [ParNew: 460096K->51072K(460096K), 0.0332924 secs] 1882746K->1492846K(8337536K), 0.0333822 secs] [Times: user=0.03 sys=0.00, real=0.03 secs] 
2024-10-09T21:46:44.432+0300: 587.266: Total time for which application threads were stopped: 0.0336815 seconds, Stopping threads took: 0.0001813 seconds
2024-10-09T21:46:44.573+0300: 587.413: Application time: 0.1467975 seconds
2024-10-09T21:46:44.573+0300: 587.413: [GC (Allocation Failure) 2024-10-09T21:46:44.573+0300: 587.413: [ParNew: 460096K->44705K(460096K), 0.0324249 secs] 1901870K->1524055K(8337536K), 0.0325154 secs] [Times: user=0.11 sys=0.00, real=0.05 secs] 
2024-10-09T21:46:44.620+0300: 587.446: Total time for which application threads were stopped: 0.0328148 seconds, Stopping threads took: 0.0001770 seconds
2024-10-09T21:46:44.808+0300: 587.644: Application time: 0.1982413 seconds
2024-10-09T21:46:44.808+0300: 587.644: [GC (Allocation Failure) 2024-10-09T21:46:44.808+0300: 587.644: [ParNew: 453729K->51072K(460096K), 0.0240032 secs] 1933079K->1532472K(8337536K), 0.0240823 secs] [Times: user=0.06 sys=0.00, real=0.03 secs] 
2024-10-09T21:46:44.839+0300: 587.669: Total time for which application threads were stopped: 0.0243238 seconds, Stopping threads took: 0.0001059 seconds
2024-10-09T21:46:45.012+0300: 587.841: Application time: 0.1727344 seconds
2024-10-09T21:46:45.012+0300: 587.842: [GC (Allocation Failure) 2024-10-09T21:46:45.012+0300: 587.842: [ParNew: 460096K->51072K(460096K), 0.0351362 secs] 1941496K->1554165K(8337536K), 0.0352282 secs] [Times: user=0.03 sys=0.00, real=0.03 secs] 
2024-10-09T21:46:45.043+0300: 587.877: Total time for which application threads were stopped: 0.0354893 seconds, Stopping threads took: 0.0001391 seconds
2024-10-09T21:46:45.184+0300: 588.017: Application time: 0.1402321 seconds
2024-10-09T21:46:45.184+0300: 588.017: [GC (Allocation Failure) 2024-10-09T21:46:45.184+0300: 588.017: [ParNew: 460096K->45458K(460096K), 0.0324189 secs] 1963189K->1583432K(8337536K), 0.0325005 secs] [Times: user=0.03 sys=0.00, real=0.03 secs] 
2024-10-09T21:46:45.216+0300: 588.050: Total time for which application threads were stopped: 0.0327756 seconds, Stopping threads took: 0.0001605 seconds
2024-10-09T21:46:45.404+0300: 588.243: Application time: 0.1936882 seconds
2024-10-09T21:46:45.404+0300: 588.244: [GC (Allocation Failure) 2024-10-09T21:46:45.404+0300: 588.244: [ParNew: 454482K->51072K(460096K), 0.0245419 secs] 1992456K->1590780K(8337536K), 0.0246187 secs] [Times: user=0.09 sys=0.00, real=0.03 secs] 
2024-10-09T21:46:45.435+0300: 588.268: Total time for which application threads were stopped: 0.0248939 seconds, Stopping threads took: 0.0001358 seconds
2024-10-09T21:46:45.624+0300: 588.450: Application time: 0.1811707 seconds
2024-10-09T21:46:45.624+0300: 588.450: [GC (Allocation Failure) 2024-10-09T21:46:45.624+0300: 588.450: [ParNew: 460096K->51072K(460096K), 0.0288609 secs] 1999804K->1601222K(8337536K), 0.0289718 secs] [Times: user=0.08 sys=0.00, real=0.01 secs] 
2024-10-09T21:46:45.639+0300: 588.479: Total time for which application threads were stopped: 0.0292655 seconds, Stopping threads took: 0.0001325 seconds
2024-10-09T21:46:45.796+0300: 588.632: Application time: 0.1527718 seconds
2024-10-09T21:46:45.796+0300: 588.632: [GC (Allocation Failure) 2024-10-09T21:46:45.796+0300: 588.632: [ParNew: 460096K->46222K(460096K), 0.0299147 secs] 2010246K->1618283K(8337536K), 0.0300024 secs] [Times: user=0.08 sys=0.00, real=0.03 secs] 
2024-10-09T21:46:45.828+0300: 588.662: Total time for which application threads were stopped: 0.0303065 seconds, Stopping threads took: 0.0001584 seconds
2024-10-09T21:46:46.016+0300: 588.852: Application time: 0.1901801 seconds
2024-10-09T21:46:46.016+0300: 588.852: [GC (Allocation Failure) 2024-10-09T21:46:46.016+0300: 588.852: [ParNew: 455246K->51072K(460096K), 0.0288059 secs] 2027307K->1643993K(8337536K), 0.0288987 secs] [Times: user=0.12 sys=0.00, real=0.04 secs] 
2024-10-09T21:46:46.055+0300: 588.881: Total time for which application threads were stopped: 0.0291799 seconds, Stopping threads took: 0.0001436 seconds
2024-10-09T21:46:46.220+0300: 589.052: Application time: 0.1709568 seconds
2024-10-09T21:46:46.220+0300: 589.052: [GC (Allocation Failure) 2024-10-09T21:46:46.220+0300: 589.052: [ParNew: 460096K->51072K(460096K), 0.0269323 secs] 2053017K->1653821K(8337536K), 0.0270194 secs] [Times: user=0.17 sys=0.00, real=0.03 secs] 
2024-10-09T21:46:46.252+0300: 589.080: Total time for which application threads were stopped: 0.0272611 seconds, Stopping threads took: 0.0001205 seconds
2024-10-09T21:46:46.393+0300: 589.231: Application time: 0.1515313 seconds
2024-10-09T21:46:46.393+0300: 589.231: [GC (Allocation Failure) 2024-10-09T21:46:46.393+0300: 589.231: [ParNew: 460096K->51072K(460096K), 0.0300716 secs] 2062845K->1675124K(8337536K), 0.0301591 secs] [Times: user=0.17 sys=0.00, real=0.03 secs] 
2024-10-09T21:46:46.424+0300: 589.262: Total time for which application threads were stopped: 0.0304654 seconds, Stopping threads took: 0.0001729 seconds
2024-10-09T21:46:46.613+0300: 589.439: Application time: 0.1770164 seconds
2024-10-09T21:46:46.613+0300: 589.439: [GC (Allocation Failure) 2024-10-09T21:46:46.613+0300: 589.439: [ParNew: 460096K->51072K(460096K), 0.0283852 secs] 2084148K->1698171K(8337536K), 0.0284815 secs] [Times: user=0.09 sys=0.00, real=0.02 secs] 
2024-10-09T21:46:46.628+0300: 589.467: Total time for which application threads were stopped: 0.0287335 seconds, Stopping threads took: 0.0001120 seconds
2024-10-09T21:46:46.817+0300: 589.646: Application time: 0.1785368 seconds
2024-10-09T21:46:46.817+0300: 589.646: [GC (Allocation Failure) 2024-10-09T21:46:46.817+0300: 589.646: [ParNew: 460096K->51072K(460096K), 0.0258191 secs] 2107195K->1702967K(8337536K), 0.0259007 secs] [Times: user=0.09 sys=0.00, real=0.02 secs] 
2024-10-09T21:46:46.832+0300: 589.672: Total time for which application threads were stopped: 0.0261925 seconds, Stopping threads took: 0.0001512 seconds
2024-10-09T21:46:46.989+0300: 589.818: Application time: 0.1462498 seconds
2024-10-09T21:46:46.989+0300: 589.818: [GC (Allocation Failure) 2024-10-09T21:46:46.989+0300: 589.819: [ParNew: 460096K->51072K(460096K), 0.0300559 secs] 2111991K->1725489K(8337536K), 0.0301380 secs] [Times: user=0.05 sys=0.00, real=0.03 secs] 
2024-10-09T21:46:47.021+0300: 589.849: Total time for which application threads were stopped: 0.0304312 seconds, Stopping threads took: 0.0001744 seconds
2024-10-09T21:46:47.193+0300: 590.030: Application time: 0.1810388 seconds
2024-10-09T21:46:47.193+0300: 590.030: [GC (Allocation Failure) 2024-10-09T21:46:47.193+0300: 590.030: [ParNew: 460096K->40309K(460096K), 0.0290960 secs] 2134513K->1741611K(8337536K), 0.0291726 secs] [Times: user=0.09 sys=0.00, real=0.03 secs] 
2024-10-09T21:46:47.225+0300: 590.059: Total time for which application threads were stopped: 0.0294350 seconds, Stopping threads took: 0.0001398 seconds
2024-10-09T21:46:47.398+0300: 590.233: Application time: 0.1739479 seconds
2024-10-09T21:46:47.398+0300: 590.233: [GC (Allocation Failure) 2024-10-09T21:46:47.398+0300: 590.233: [ParNew: 449333K->51072K(460096K), 0.0265031 secs] 2150635K->1756155K(8337536K), 0.0265812 secs] [Times: user=0.08 sys=0.00, real=0.03 secs] 
2024-10-09T21:46:47.429+0300: 590.260: Total time for which application threads were stopped: 0.0268316 seconds, Stopping threads took: 0.0001292 seconds
2024-10-09T21:46:47.570+0300: 590.405: Application time: 0.1451955 seconds
2024-10-09T21:46:47.570+0300: 590.405: [GC (Allocation Failure) 2024-10-09T21:46:47.570+0300: 590.405: [ParNew: 460096K->51072K(460096K), 0.0315103 secs] 2165179K->1780761K(8337536K), 0.0316013 secs] [Times: user=0.08 sys=0.00, real=0.03 secs] 
2024-10-09T21:46:47.602+0300: 590.437: Total time for which application threads were stopped: 0.0318875 seconds, Stopping threads took: 0.0001614 seconds
2024-10-09T21:46:47.790+0300: 590.624: Application time: 0.1870956 seconds
2024-10-09T21:46:47.790+0300: 590.624: [GC (Allocation Failure) 2024-10-09T21:46:47.790+0300: 590.624: [ParNew: 460096K->41131K(460096K), 0.0304302 secs] 2189785K->1799108K(8337536K), 0.0305230 secs] [Times: user=0.17 sys=0.00, real=0.03 secs] 
2024-10-09T21:46:47.821+0300: 590.655: Total time for which application threads were stopped: 0.0308329 seconds, Stopping threads took: 0.0001575 seconds
2024-10-09T21:46:47.994+0300: 590.833: Application time: 0.1784760 seconds
2024-10-09T21:46:47.994+0300: 590.834: [GC (Allocation Failure) 2024-10-09T21:46:48.010+0300: 590.836: [ParNew: 450155K->51072K(460096K), 0.0244205 secs] 2208132K->1811280K(8337536K), 0.0267810 secs] [Times: user=0.03 sys=0.00, real=0.03 secs] 
2024-10-09T21:46:48.025+0300: 590.860: Total time for which application threads were stopped: 0.0270374 seconds, Stopping threads took: 0.0001294 seconds
2024-10-09T21:46:48.182+0300: 591.008: Application time: 0.1474996 seconds
2024-10-09T21:46:48.182+0300: 591.008: [GC (Allocation Failure) 2024-10-09T21:46:48.182+0300: 591.008: [ParNew: 460096K->51072K(460096K), 0.0318253 secs] 2220304K->1834308K(8337536K), 0.0319118 secs] [Times: user=0.16 sys=0.00, real=0.03 secs] 
2024-10-09T21:46:48.213+0300: 591.040: Total time for which application threads were stopped: 0.0321465 seconds, Stopping threads took: 0.0001095 seconds
2024-10-09T21:46:48.385+0300: 591.212: Application time: 0.1721932 seconds
2024-10-09T21:46:48.385+0300: 591.213: [GC (Allocation Failure) 2024-10-09T21:46:48.385+0300: 591.213: [ParNew: 460096K->38194K(460096K), 0.0319319 secs] 2243332K->1854094K(8337536K), 0.0320148 secs] [Times: user=0.19 sys=0.00, real=0.03 secs] 
2024-10-09T21:46:48.417+0300: 591.245: Total time for which application threads were stopped: 0.0322479 seconds, Stopping threads took: 0.0000978 seconds
2024-10-09T21:46:48.589+0300: 591.425: Application time: 0.1804168 seconds
2024-10-09T21:46:48.589+0300: 591.425: [GC (Allocation Failure) 2024-10-09T21:46:48.589+0300: 591.425: [ParNew: 447218K->51072K(460096K), 0.0264886 secs] 2263118K->1871626K(8337536K), 0.0265733 secs] [Times: user=0.17 sys=0.02, real=0.03 secs] 
2024-10-09T21:46:48.621+0300: 591.452: Total time for which application threads were stopped: 0.0268289 seconds, Stopping threads took: 0.0001251 seconds
2024-10-09T21:46:48.782+0300: 591.611: Application time: 0.1595810 seconds
2024-10-09T21:46:48.782+0300: 591.612: [GC (Allocation Failure) 2024-10-09T21:46:48.782+0300: 591.612: [ParNew: 460096K->51072K(460096K), 0.0330928 secs] 2280650K->1892944K(8337536K), 0.0331801 secs] [Times: user=0.14 sys=0.00, real=0.03 secs] 
2024-10-09T21:46:48.809+0300: 591.645: Total time for which application threads were stopped: 0.0334572 seconds, Stopping threads took: 0.0001485 seconds
2024-10-09T21:46:48.983+0300: 591.812: Application time: 0.1668501 seconds
2024-10-09T21:46:48.983+0300: 591.812: [GC (Allocation Failure) 2024-10-09T21:46:48.983+0300: 591.812: [ParNew: 460096K->49856K(460096K), 0.0315462 secs] 2301968K->1923028K(8337536K), 0.0316356 secs] [Times: user=0.14 sys=0.00, real=0.03 secs] 
2024-10-09T21:46:49.013+0300: 591.844: Total time for which application threads were stopped: 0.0319252 seconds, Stopping threads took: 0.0001448 seconds
2024-10-09T21:46:49.186+0300: 592.025: Application time: 0.1808607 seconds
2024-10-09T21:46:49.186+0300: 592.025: [GC (Allocation Failure) 2024-10-09T21:46:49.186+0300: 592.025: [ParNew: 458880K->51072K(460096K), 0.0275275 secs] 2332052K->1929290K(8337536K), 0.0276093 secs] [Times: user=0.17 sys=0.00, real=0.03 secs] 
2024-10-09T21:46:49.217+0300: 592.052: Total time for which application threads were stopped: 0.0278626 seconds, Stopping threads took: 0.0001226 seconds
2024-10-09T21:46:49.374+0300: 592.207: Application time: 0.1550922 seconds
2024-10-09T21:46:49.374+0300: 592.208: [GC (Allocation Failure) 2024-10-09T21:46:49.374+0300: 592.208: [ParNew: 460096K->51072K(460096K), 0.0362376 secs] 2338314K->1955319K(8337536K), 0.0363313 secs] [Times: user=0.20 sys=0.00, real=0.03 secs] 
2024-10-09T21:46:49.405+0300: 592.244: Total time for which application threads were stopped: 0.0366159 seconds, Stopping threads took: 0.0001576 seconds
2024-10-09T21:46:49.578+0300: 592.404: Application time: 0.1595343 seconds
2024-10-09T21:46:49.578+0300: 592.404: [GC (Allocation Failure) 2024-10-09T21:46:49.578+0300: 592.404: [ParNew: 460096K->51072K(460096K), 0.0308504 secs] 2364343K->1986659K(8337536K), 0.0309486 secs] [Times: user=0.06 sys=0.00, real=0.02 secs] 
2024-10-09T21:46:49.594+0300: 592.435: Total time for which application threads were stopped: 0.0311581 seconds, Stopping threads took: 0.0000669 seconds
2024-10-09T21:46:49.785+0300: 592.623: Application time: 0.1879696 seconds
2024-10-09T21:46:49.785+0300: 592.623: [GC (Allocation Failure) 2024-10-09T21:46:49.785+0300: 592.623: [ParNew: 460096K->51072K(460096K), 0.0238446 secs] 2395683K->1990267K(8337536K), 0.0239343 secs] [Times: user=0.05 sys=0.00, real=0.03 secs] 
2024-10-09T21:46:49.813+0300: 592.647: Total time for which application threads were stopped: 0.0242206 seconds, Stopping threads took: 0.0001301 seconds
2024-10-09T21:46:49.986+0300: 592.814: Application time: 0.1665847 seconds
2024-10-09T21:46:49.986+0300: 592.814: [GC (Allocation Failure) 2024-10-09T21:46:49.986+0300: 592.814: [ParNew: 460096K->51072K(460096K), 0.0399965 secs] 2399291K->2019724K(8337536K), 0.0400851 secs] [Times: user=0.03 sys=0.00, real=0.03 secs] 
2024-10-09T21:46:50.017+0300: 592.854: Total time for which application threads were stopped: 0.0403594 seconds, Stopping threads took: 0.0001596 seconds
2024-10-09T21:46:50.174+0300: 593.005: Application time: 0.1511488 seconds
2024-10-09T21:46:50.174+0300: 593.005: [GC (Allocation Failure) 2024-10-09T21:46:50.174+0300: 593.005: [ParNew: 460096K->43670K(460096K), 0.0312436 secs] 2428748K->2041347K(8337536K), 0.0313364 secs] [Times: user=0.03 sys=0.00, real=0.03 secs] 
2024-10-09T21:46:50.206+0300: 593.037: Total time for which application threads were stopped: 0.0316104 seconds, Stopping threads took: 0.0001406 seconds
2024-10-09T21:46:50.386+0300: 593.215: Application time: 0.1787984 seconds
2024-10-09T21:46:50.386+0300: 593.216: [GC (Allocation Failure) 2024-10-09T21:46:50.386+0300: 593.216: [ParNew: 452694K->51072K(460096K), 0.0244839 secs] 2450371K->2051146K(8337536K), 0.0245676 secs] [Times: user=0.02 sys=0.00, real=0.02 secs] 
2024-10-09T21:46:50.410+0300: 593.240: Total time for which application threads were stopped: 0.0248240 seconds, Stopping threads took: 0.0001364 seconds
2024-10-09T21:46:50.567+0300: 593.407: Application time: 0.1665382 seconds
2024-10-09T21:46:50.567+0300: 593.407: [GC (Allocation Failure) 2024-10-09T21:46:50.567+0300: 593.407: [ParNew: 460096K->51072K(460096K), 0.0360542 secs] 2460170K->2075813K(8337536K), 0.0361460 secs] [Times: user=0.05 sys=0.00, real=0.05 secs] 
2024-10-09T21:46:50.614+0300: 593.443: Total time for which application threads were stopped: 0.0364500 seconds, Stopping threads took: 0.0001821 seconds
2024-10-09T21:46:50.771+0300: 593.603: Application time: 0.1598468 seconds
2024-10-09T21:46:50.771+0300: 593.603: [GC (Allocation Failure) 2024-10-09T21:46:50.771+0300: 593.604: [ParNew: 460096K->51072K(460096K), 0.0308729 secs] 2484837K->2102570K(8337536K), 0.0309707 secs] [Times: user=0.05 sys=0.00, real=0.03 secs] 
2024-10-09T21:46:50.802+0300: 593.634: Total time for which application threads were stopped: 0.0313171 seconds, Stopping threads took: 0.0001979 seconds
2024-10-09T21:46:50.975+0300: 593.809: Application time: 0.1749695 seconds
2024-10-09T21:46:50.975+0300: 593.810: [GC (Allocation Failure) 2024-10-09T21:46:50.975+0300: 593.810: [ParNew: 460096K->50524K(460096K), 0.0267106 secs] 2511594K->2116065K(8337536K), 0.0268040 secs] [Times: user=0.03 sys=0.00, real=0.03 secs] 
2024-10-09T21:46:51.006+0300: 593.837: Total time for which application threads were stopped: 0.0270522 seconds, Stopping threads took: 0.0001260 seconds
2024-10-09T21:46:51.179+0300: 594.007: Application time: 0.1701825 seconds
2024-10-09T21:46:51.179+0300: 594.007: [GC (Allocation Failure) 2024-10-09T21:46:51.179+0300: 594.007: [ParNew: 459548K->51072K(460096K), 0.0260383 secs] 2525089K->2125336K(8337536K), 0.0261253 secs] [Times: user=0.01 sys=0.00, real=0.02 secs] 
2024-10-09T21:46:51.195+0300: 594.033: Total time for which application threads were stopped: 0.0263660 seconds, Stopping threads took: 0.0001199 seconds
2024-10-09T21:46:51.351+0300: 594.187: Application time: 0.1535140 seconds
2024-10-09T21:46:51.351+0300: 594.187: [GC (Allocation Failure) 2024-10-09T21:46:51.351+0300: 594.187: [ParNew: 460096K->41009K(460096K), 0.0300964 secs] 2534360K->2141529K(8337536K), 0.0301863 secs] [Times: user=0.03 sys=0.00, real=0.04 secs] 
2024-10-09T21:46:51.389+0300: 594.217: Total time for which application threads were stopped: 0.0304437 seconds, Stopping threads took: 0.0001388 seconds
2024-10-09T21:46:51.555+0300: 594.388: Application time: 0.1710841 seconds
2024-10-09T21:46:51.555+0300: 594.388: [GC (Allocation Failure) 2024-10-09T21:46:51.555+0300: 594.388: [ParNew: 450033K->49569K(460096K), 0.0264297 secs] 2550553K->2164911K(8337536K), 0.0265106 secs] [Times: user=0.03 sys=0.00, real=0.03 secs] 
2024-10-09T21:46:51.589+0300: 594.415: Total time for which application threads were stopped: 0.0267795 seconds, Stopping threads took: 0.0001246 seconds
2024-10-09T21:46:51.759+0300: 594.588: Application time: 0.1734077 seconds
2024-10-09T21:46:51.759+0300: 594.589: [GC (Allocation Failure) 2024-10-09T21:46:51.759+0300: 594.589: [ParNew: 458593K->51072K(460096K), 0.0272217 secs] 2573935K->2179210K(8337536K), 0.0273115 secs] [Times: user=0.02 sys=0.00, real=0.03 secs] 
2024-10-09T21:46:51.789+0300: 594.616: Total time for which application threads were stopped: 0.0275624 seconds, Stopping threads took: 0.0001153 seconds
2024-10-09T21:46:51.932+0300: 594.772: Application time: 0.1561778 seconds
2024-10-09T21:46:51.932+0300: 594.772: [GC (Allocation Failure) 2024-10-09T21:46:51.932+0300: 594.772: [ParNew: 460096K->51072K(460096K), 0.0271939 secs] 2588234K->2195944K(8337536K), 0.0272843 secs] [Times: user=0.03 sys=0.00, real=0.03 secs] 
2024-10-09T21:46:51.963+0300: 594.800: Total time for which application threads were stopped: 0.0275549 seconds, Stopping threads took: 0.0001422 seconds
2024-10-09T21:46:52.136+0300: 594.966: Application time: 0.1662891 seconds
2024-10-09T21:46:52.136+0300: 594.966: [GC (Allocation Failure) 2024-10-09T21:46:52.136+0300: 594.966: [ParNew: 460096K->51072K(460096K), 0.0262940 secs] 2604968K->2210804K(8337536K), 0.0263848 secs] [Times: user=0.02 sys=0.00, real=0.02 secs] 
2024-10-09T21:46:52.151+0300: 594.993: Total time for which application threads were stopped: 0.0266311 seconds, Stopping threads took: 0.0001271 seconds
2024-10-09T21:46:52.324+0300: 595.162: Application time: 0.1693699 seconds
2024-10-09T21:46:52.324+0300: 595.162: [GC (Allocation Failure) 2024-10-09T21:46:52.324+0300: 595.162: [ParNew: 460096K->51072K(460096K), 0.0309604 secs] 2619828K->2230568K(8337536K), 0.0310492 secs] [Times: user=0.03 sys=0.00, real=0.03 secs] 
2024-10-09T21:46:52.355+0300: 595.193: Total time for which application threads were stopped: 0.0312957 seconds, Stopping threads took: 0.0001267 seconds
2024-10-09T21:46:52.512+0300: 595.353: Application time: 0.1595273 seconds
2024-10-09T21:46:52.512+0300: 595.353: [GC (Allocation Failure) 2024-10-09T21:46:52.512+0300: 595.353: [ParNew: 460096K->51072K(460096K), 0.0285829 secs] 2639592K->2249994K(8337536K), 0.0286777 secs] [Times: user=0.03 sys=0.00, real=0.03 secs] 
2024-10-09T21:46:52.543+0300: 595.382: Total time for which application threads were stopped: 0.0289466 seconds, Stopping threads took: 0.0001248 seconds
2024-10-09T21:46:52.716+0300: 595.557: Application time: 0.1750742 seconds
2024-10-09T21:46:52.716+0300: 595.557: [GC (Allocation Failure) 2024-10-09T21:46:52.716+0300: 595.557: [ParNew: 460096K->51072K(460096K), 0.0298819 secs] 2659018K->2270697K(8337536K), 0.0299943 secs] [Times: user=0.05 sys=0.00, real=0.03 secs] 
2024-10-09T21:46:52.747+0300: 595.587: Total time for which application threads were stopped: 0.0302948 seconds, Stopping threads took: 0.0001577 seconds
2024-10-09T21:46:52.919+0300: 595.755: Application time: 0.1675440 seconds
2024-10-09T21:46:52.919+0300: 595.755: [GC (Allocation Failure) 2024-10-09T21:46:52.919+0300: 595.755: [ParNew: 460096K->51072K(460096K), 0.0297793 secs] 2679721K->2285757K(8337536K), 0.0298638 secs] [Times: user=0.03 sys=0.00, real=0.03 secs] 
2024-10-09T21:46:52.951+0300: 595.785: Total time for which application threads were stopped: 0.0301554 seconds, Stopping threads took: 0.0001708 seconds
2024-10-09T21:46:53.107+0300: 595.943: Application time: 0.1584992 seconds
2024-10-09T21:46:53.107+0300: 595.943: [GC (Allocation Failure) 2024-10-09T21:46:53.107+0300: 595.944: [ParNew: 460096K->51072K(460096K), 0.0294933 secs] 2694781K->2308979K(8337536K), 0.0295815 secs] [Times: user=0.03 sys=0.00, real=0.03 secs] 
2024-10-09T21:46:53.139+0300: 595.973: Total time for which application threads were stopped: 0.0298544 seconds, Stopping threads took: 0.0001499 seconds
2024-10-09T21:46:53.311+0300: 596.142: Application time: 0.1688412 seconds
2024-10-09T21:46:53.311+0300: 596.142: [GC (Allocation Failure) 2024-10-09T21:46:53.311+0300: 596.142: [ParNew: 460096K->46640K(460096K), 0.0265766 secs] 2718003K->2319866K(8337536K), 0.0266639 secs] [Times: user=0.02 sys=0.00, real=0.03 secs] 
2024-10-09T21:46:53.343+0300: 596.169: Total time for which application threads were stopped: 0.0268959 seconds, Stopping threads took: 0.0001130 seconds
2024-10-09T21:46:53.500+0300: 596.340: Application time: 0.1711105 seconds
2024-10-09T21:46:53.500+0300: 596.340: [GC (Allocation Failure) 2024-10-09T21:46:53.500+0300: 596.340: [ParNew: 455664K->51072K(460096K), 0.0254141 secs] 2728890K->2330228K(8337536K), 0.0254984 secs] [Times: user=0.03 sys=0.00, real=0.03 secs] 
2024-10-09T21:46:53.531+0300: 596.366: Total time for which application threads were stopped: 0.0258003 seconds, Stopping threads took: 0.0001831 seconds
2024-10-09T21:46:53.704+0300: 596.530: Application time: 0.1642821 seconds
2024-10-09T21:46:53.704+0300: 596.530: [GC (Allocation Failure) 2024-10-09T21:46:53.704+0300: 596.530: [ParNew: 460096K->51072K(460096K), 0.0301071 secs] 2739252K->2353119K(8337536K), 0.0302018 secs] [Times: user=0.02 sys=0.00, real=0.02 secs] 
2024-10-09T21:46:53.719+0300: 596.561: Total time for which application threads were stopped: 0.0305300 seconds, Stopping threads took: 0.0001872 seconds
2024-10-09T21:46:53.894+0300: 596.722: Application time: 0.1613914 seconds
2024-10-09T21:46:53.894+0300: 596.722: [GC (Allocation Failure) 2024-10-09T21:46:53.894+0300: 596.722: [ParNew: 460096K->51072K(460096K), 0.0269517 secs] 2762143K->2366719K(8337536K), 0.0270594 secs] [Times: user=0.02 sys=0.00, real=0.03 secs] 
2024-10-09T21:46:53.923+0300: 596.749: Total time for which application threads were stopped: 0.0273577 seconds, Stopping threads took: 0.0001380 seconds
2024-10-09T21:46:54.096+0300: 596.922: Application time: 0.1731157 seconds
2024-10-09T21:46:54.096+0300: 596.923: [GC (Allocation Failure) 2024-10-09T21:46:54.096+0300: 596.923: [ParNew: 460096K->51072K(460096K), 0.0301256 secs] 2775743K->2386230K(8337536K), 0.0302086 secs] [Times: user=0.02 sys=0.00, real=0.02 secs] 
2024-10-09T21:46:54.112+0300: 596.953: Total time for which application threads were stopped: 0.0304719 seconds, Stopping threads took: 0.0001436 seconds
2024-10-09T21:46:54.285+0300: 597.111: Application time: 0.1585511 seconds
2024-10-09T21:46:54.285+0300: 597.112: [GC (Allocation Failure) 2024-10-09T21:46:54.285+0300: 597.112: [ParNew: 460096K->51072K(460096K), 0.0302929 secs] 2795254K->2409794K(8337536K), 0.0303727 secs] [Times: user=0.02 sys=0.00, real=0.02 secs] 
2024-10-09T21:46:54.301+0300: 597.142: Total time for which application threads were stopped: 0.0306950 seconds, Stopping threads took: 0.0001371 seconds
2024-10-09T21:46:54.473+0300: 597.307: Application time: 0.1651512 seconds
2024-10-09T21:46:54.473+0300: 597.308: [GC (Allocation Failure) 2024-10-09T21:46:54.473+0300: 597.308: [ParNew: 460096K->51072K(460096K), 0.0304881 secs] 2818818K->2428461K(8337536K), 0.0305792 secs] [Times: user=0.03 sys=0.00, real=0.03 secs] 
2024-10-09T21:46:54.504+0300: 597.338: Total time for which application threads were stopped: 0.0308461 seconds, Stopping threads took: 0.0001457 seconds
2024-10-09T21:46:54.677+0300: 597.511: Application time: 0.1729180 seconds
2024-10-09T21:46:54.677+0300: 597.511: [GC (Allocation Failure) 2024-10-09T21:46:54.677+0300: 597.511: [ParNew: 460096K->51072K(460096K), 0.0400628 secs] 2837485K->2458828K(8337536K), 0.0401486 secs] [Times: user=0.19 sys=0.00, real=0.05 secs] 
2024-10-09T21:46:54.724+0300: 597.552: Total time for which application threads were stopped: 0.0405265 seconds, Stopping threads took: 0.0002622 seconds
2024-10-09T21:46:54.881+0300: 597.710: Application time: 0.1586401 seconds
2024-10-09T21:46:54.881+0300: 597.710: [GC (Allocation Failure) 2024-10-09T21:46:54.881+0300: 597.711: [ParNew: 460096K->51072K(460096K), 0.0276711 secs] 2867852K->2473558K(8337536K), 0.0277592 secs] [Times: user=0.02 sys=0.00, real=0.02 secs] 
2024-10-09T21:46:54.897+0300: 597.738: Total time for which application threads were stopped: 0.0280159 seconds, Stopping threads took: 0.0001287 seconds
2024-10-09T21:46:55.070+0300: 597.902: Application time: 0.1632385 seconds
2024-10-09T21:46:55.070+0300: 597.902: [GC (Allocation Failure) 2024-10-09T21:46:55.070+0300: 597.902: [ParNew: 460096K->51072K(460096K), 0.0291577 secs] 2882582K->2493202K(8337536K), 0.0292447 secs] [Times: user=0.03 sys=0.00, real=0.03 secs] 
2024-10-09T21:46:55.102+0300: 597.931: Total time for which application threads were stopped: 0.0295242 seconds, Stopping threads took: 0.0001634 seconds
2024-10-09T21:46:55.259+0300: 598.100: Application time: 0.1688803 seconds
2024-10-09T21:46:55.274+0300: 598.100: [GC (Allocation Failure) 2024-10-09T21:46:55.274+0300: 598.100: [ParNew: 460096K->51072K(460096K), 0.0288117 secs] 2902226K->2513764K(8337536K), 0.0289069 secs] [Times: user=0.02 sys=0.00, real=0.02 secs] 
2024-10-09T21:46:55.296+0300: 598.129: Total time for which application threads were stopped: 0.0291816 seconds, Stopping threads took: 0.0001200 seconds
2024-10-09T21:46:55.463+0300: 598.291: Application time: 0.1622229 seconds
2024-10-09T21:46:55.463+0300: 598.292: [GC (Allocation Failure) 2024-10-09T21:46:55.463+0300: 598.292: [ParNew: 460096K->51072K(460096K), 0.0278327 secs] 2922788K->2526853K(8337536K), 0.0279136 secs] [Times: user=0.02 sys=0.00, real=0.01 secs] 
2024-10-09T21:46:55.478+0300: 598.320: Total time for which application threads were stopped: 0.0281817 seconds, Stopping threads took: 0.0001512 seconds
2024-10-09T21:46:55.651+0300: 598.483: Application time: 0.1632113 seconds
2024-10-09T21:46:55.651+0300: 598.483: [GC (Allocation Failure) 2024-10-09T21:46:55.651+0300: 598.483: [ParNew: 460096K->51072K(460096K), 0.0309616 secs] 2935877K->2552758K(8337536K), 0.0310580 secs] [Times: user=0.17 sys=0.00, real=0.03 secs] 
2024-10-09T21:46:55.682+0300: 598.514: Total time for which application threads were stopped: 0.0313100 seconds, Stopping threads took: 0.0001135 seconds
2024-10-09T21:46:55.855+0300: 598.685: Application time: 0.1707178 seconds
2024-10-09T21:46:55.855+0300: 598.685: [GC (Allocation Failure) 2024-10-09T21:46:55.855+0300: 598.685: [ParNew: 460096K->49758K(460096K), 0.0296336 secs] 2961782K->2569452K(8337536K), 0.0297178 secs] [Times: user=0.03 sys=0.00, real=0.03 secs] 
2024-10-09T21:46:55.886+0300: 598.715: Total time for which application threads were stopped: 0.0299794 seconds, Stopping threads took: 0.0001455 seconds
2024-10-09T21:46:56.043+0300: 598.874: Application time: 0.1595370 seconds
2024-10-09T21:46:56.043+0300: 598.875: [GC (Allocation Failure) 2024-10-09T21:46:56.043+0300: 598.875: [ParNew: 458782K->51072K(460096K), 0.0262158 secs] 2978476K->2583306K(8337536K), 0.0263042 secs] [Times: user=0.02 sys=0.00, real=0.03 secs] 
2024-10-09T21:46:56.075+0300: 598.901: Total time for which application threads were stopped: 0.0265586 seconds, Stopping threads took: 0.0001262 seconds
2024-10-09T21:46:56.232+0300: 599.061: Application time: 0.1597543 seconds
2024-10-09T21:46:56.232+0300: 599.061: [GC (Allocation Failure) 2024-10-09T21:46:56.232+0300: 599.061: [ParNew: 460096K->44892K(460096K), 0.0286950 secs] 2992330K->2597068K(8337536K), 0.0287945 secs] [Times: user=0.11 sys=0.00, real=0.03 secs] 
2024-10-09T21:46:56.263+0300: 599.090: Total time for which application threads were stopped: 0.0290382 seconds, Stopping threads took: 0.0001038 seconds
2024-10-09T21:46:56.420+0300: 599.258: Application time: 0.1681260 seconds
2024-10-09T21:46:56.420+0300: 599.258: [GC (Allocation Failure) 2024-10-09T21:46:56.420+0300: 599.258: [ParNew: 453916K->51072K(460096K), 0.0292834 secs] 3006092K->2617047K(8337536K), 0.0293758 secs] [Times: user=0.03 sys=0.00, real=0.03 secs] 
2024-10-09T21:46:56.451+0300: 599.287: Total time for which application threads were stopped: 0.0296343 seconds, Stopping threads took: 0.0001362 seconds
2024-10-09T21:46:56.609+0300: 599.445: Application time: 0.1575671 seconds
2024-10-09T21:46:56.609+0300: 599.445: [GC (Allocation Failure) 2024-10-09T21:46:56.609+0300: 599.445: [ParNew: 460096K->51072K(460096K), 0.0301638 secs] 3026071K->2635079K(8337536K), 0.0302532 secs] [Times: user=0.03 sys=0.00, real=0.03 secs] 
2024-10-09T21:46:56.640+0300: 599.476: Total time for which application threads were stopped: 0.0305271 seconds, Stopping threads took: 0.0001507 seconds
2024-10-09T21:46:56.812+0300: 599.644: Application time: 0.1687056 seconds
2024-10-09T21:46:56.812+0300: 599.644: [GC (Allocation Failure) 2024-10-09T21:46:56.812+0300: 599.645: [ParNew: 460096K->46142K(460096K), 0.0334060 secs] 3044103K->2662326K(8337536K), 0.0334951 secs] [Times: user=0.06 sys=0.00, real=0.03 secs] 
2024-10-09T21:46:56.844+0300: 599.678: Total time for which application threads were stopped: 0.0338142 seconds, Stopping threads took: 0.0001790 seconds
2024-10-09T21:46:57.017+0300: 599.847: Application time: 0.1686154 seconds
2024-10-09T21:46:57.017+0300: 599.847: [GC (Allocation Failure) 2024-10-09T21:46:57.017+0300: 599.847: [ParNew: 455166K->51072K(460096K), 0.0255742 secs] 3071350K->2673348K(8337536K), 0.0256775 secs] [Times: user=0.01 sys=0.00, real=0.02 secs] 
2024-10-09T21:46:57.033+0300: 599.873: Total time for which application threads were stopped: 0.0259818 seconds, Stopping threads took: 0.0001529 seconds
2024-10-09T21:46:57.201+0300: 600.030: Application time: 0.1576538 seconds
2024-10-09T21:46:57.201+0300: 600.031: [GC (Allocation Failure) 2024-10-09T21:46:57.201+0300: 600.031: [ParNew: 460096K->51072K(460096K), 0.0348892 secs] 3082372K->2700143K(8337536K), 0.0349780 secs] [Times: user=0.01 sys=0.00, real=0.04 secs] 
2024-10-09T21:46:57.237+0300: 600.066: Total time for which application threads were stopped: 0.0352514 seconds, Stopping threads took: 0.0001497 seconds
2024-10-09T21:46:57.394+0300: 600.226: Application time: 0.1607311 seconds
2024-10-09T21:46:57.394+0300: 600.227: [GC (Allocation Failure) 2024-10-09T21:46:57.394+0300: 600.227: [ParNew: 460096K->51072K(460096K), 0.0286751 secs] 3109167K->2721090K(8337536K), 0.0287624 secs] [Times: user=0.03 sys=0.00, real=0.03 secs] 
2024-10-09T21:46:57.425+0300: 600.255: Total time for which application threads were stopped: 0.0290403 seconds, Stopping threads took: 0.0001552 seconds
2024-10-09T21:46:57.582+0300: 600.423: Application time: 0.1678528 seconds
2024-10-09T21:46:57.582+0300: 600.423: [GC (Allocation Failure) 2024-10-09T21:46:57.598+0300: 600.423: [ParNew: 460096K->51072K(460096K), 0.0261804 secs] 3130114K->2732939K(8337536K), 0.0262773 secs] [Times: user=0.02 sys=0.00, real=0.03 secs] 
2024-10-09T21:46:57.614+0300: 600.450: Total time for which application threads were stopped: 0.0265455 seconds, Stopping threads took: 0.0001454 seconds
2024-10-09T21:46:57.786+0300: 600.617: Application time: 0.1668077 seconds
2024-10-09T21:46:57.786+0300: 600.617: [GC (Allocation Failure) 2024-10-09T21:46:57.786+0300: 600.617: [ParNew: 460096K->51072K(460096K), 0.0312093 secs] 3141963K->2753942K(8337536K), 0.0313149 secs] [Times: user=0.06 sys=0.00, real=0.03 secs] 
2024-10-09T21:46:57.818+0300: 600.648: Total time for which application threads were stopped: 0.0316291 seconds, Stopping threads took: 0.0001582 seconds
2024-10-09T21:46:57.974+0300: 600.809: Application time: 0.1607142 seconds
2024-10-09T21:46:57.974+0300: 600.809: [GC (Allocation Failure) 2024-10-09T21:46:57.974+0300: 600.809: [ParNew: 460096K->51072K(460096K), 0.0297725 secs] 3162966K->2774652K(8337536K), 0.0298719 secs] [Times: user=0.03 sys=0.00, real=0.03 secs] 
2024-10-09T21:46:58.006+0300: 600.839: Total time for which application threads were stopped: 0.0301652 seconds, Stopping threads took: 0.0001631 seconds
2024-10-09T21:46:58.163+0300: 601.004: Application time: 0.1646790 seconds
2024-10-09T21:46:58.163+0300: 601.004: [GC (Allocation Failure) 2024-10-09T21:46:58.163+0300: 601.004: [ParNew: 460096K->51072K(460096K), 0.0296034 secs] 3183676K->2795535K(8337536K), 0.0297042 secs] [Times: user=0.05 sys=0.00, real=0.04 secs] 
2024-10-09T21:46:58.203+0300: 601.034: Total time for which application threads were stopped: 0.0299886 seconds, Stopping threads took: 0.0001429 seconds
2024-10-09T21:46:58.367+0300: 601.196: Application time: 0.1620361 seconds
2024-10-09T21:46:58.367+0300: 601.196: [GC (Allocation Failure) 2024-10-09T21:46:58.367+0300: 601.196: [ParNew: 460096K->51072K(460096K), 0.0282442 secs] 3204559K->2811066K(8337536K), 0.0283370 secs] [Times: user=0.01 sys=0.00, real=0.03 secs] 
2024-10-09T21:46:58.399+0300: 601.224: Total time for which application threads were stopped: 0.0286409 seconds, Stopping threads took: 0.0001372 seconds
2024-10-09T21:46:58.556+0300: 601.387: Application time: 0.1627583 seconds
2024-10-09T21:46:58.556+0300: 601.387: [GC (Allocation Failure) 2024-10-09T21:46:58.556+0300: 601.387: [ParNew: 460096K->50779K(460096K), 0.0337629 secs] 3220090K->2839540K(8337536K), 0.0338484 secs] [Times: user=0.03 sys=0.00, real=0.03 secs] 
2024-10-09T21:46:58.587+0300: 601.421: Total time for which application threads were stopped: 0.0340793 seconds, Stopping threads took: 0.0001101 seconds
2024-10-09T21:46:58.760+0300: 601.589: Application time: 0.1677845 seconds
2024-10-09T21:46:58.760+0300: 601.589: [GC (Allocation Failure) 2024-10-09T21:46:58.760+0300: 601.589: [ParNew: 459803K->51072K(460096K), 0.0283191 secs] 3248564K->2861152K(8337536K), 0.0284100 secs] [Times: user=0.05 sys=0.00, real=0.03 secs] 
2024-10-09T21:46:58.791+0300: 601.618: Total time for which application threads were stopped: 0.0286793 seconds, Stopping threads took: 0.0001336 seconds
2024-10-09T21:46:58.948+0300: 601.782: Application time: 0.1647527 seconds
2024-10-09T21:46:58.948+0300: 601.783: [GC (Allocation Failure) 2024-10-09T21:46:58.948+0300: 601.783: [ParNew: 460096K->51072K(460096K), 0.0271035 secs] 3270176K->2873458K(8337536K), 0.0271919 secs] [Times: user=0.03 sys=0.00, real=0.03 secs] 
2024-10-09T21:46:58.980+0300: 601.810: Total time for which application threads were stopped: 0.0274425 seconds, Stopping threads took: 0.0001347 seconds
2024-10-09T21:46:59.136+0300: 601.970: Application time: 0.1598146 seconds
2024-10-09T21:46:59.136+0300: 601.970: [GC (Allocation Failure) 2024-10-09T21:46:59.136+0300: 601.970: [ParNew: 460096K->51072K(460096K), 0.0305649 secs] 3282482K->2895116K(8337536K), 0.0306477 secs] [Times: user=0.03 sys=0.00, real=0.03 secs] 
2024-10-09T21:46:59.168+0300: 602.001: Total time for which application threads were stopped: 0.0308849 seconds, Stopping threads took: 0.0001204 seconds
2024-10-09T21:46:59.324+0300: 602.160: Application time: 0.1594712 seconds
2024-10-09T21:46:59.324+0300: 602.160: [GC (Allocation Failure) 2024-10-09T21:46:59.324+0300: 602.160: [ParNew: 460096K->48774K(460096K), 0.0310005 secs] 3304140K->2916479K(8337536K), 0.0310971 secs] [Times: user=0.03 sys=0.00, real=0.03 secs] 
2024-10-09T21:46:59.356+0300: 602.191: Total time for which application threads were stopped: 0.0313873 seconds, Stopping threads took: 0.0001516 seconds
2024-10-09T21:46:59.513+0300: 602.354: Application time: 0.1626341 seconds
2024-10-09T21:46:59.528+0300: 602.354: [GC (Allocation Failure) 2024-10-09T21:46:59.528+0300: 602.354: [ParNew: 457798K->51072K(460096K), 0.0270482 secs] 3325503K->2934082K(8337536K), 0.0271405 secs] [Times: user=0.01 sys=0.00, real=0.02 secs] 
2024-10-09T21:46:59.544+0300: 602.382: Total time for which application threads were stopped: 0.0274437 seconds, Stopping threads took: 0.0001756 seconds
2024-10-09T21:46:59.717+0300: 602.547: Application time: 0.1658823 seconds
2024-10-09T21:46:59.717+0300: 602.548: [GC (Allocation Failure) 2024-10-09T21:46:59.717+0300: 602.548: [ParNew: 460096K->49086K(460096K), 0.0309628 secs] 3343106K->2954179K(8337536K), 0.0310549 secs] [Times: user=0.06 sys=0.00, real=0.03 secs] 
2024-10-09T21:46:59.748+0300: 602.579: Total time for which application threads were stopped: 0.0313483 seconds, Stopping threads took: 0.0001544 seconds
2024-10-09T21:46:59.906+0300: 602.737: Application time: 0.1586357 seconds
2024-10-09T21:46:59.906+0300: 602.738: [GC (Allocation Failure) 2024-10-09T21:46:59.906+0300: 602.738: [ParNew: 458110K->51072K(460096K), 0.0274648 secs] 3363203K->2973166K(8337536K), 0.0275475 secs] [Times: user=0.03 sys=0.00, real=0.03 secs] 
2024-10-09T21:46:59.937+0300: 602.765: Total time for which application threads were stopped: 0.0277834 seconds, Stopping threads took: 0.0001210 seconds
2024-10-09T21:47:00.109+0300: 602.939: Application time: 0.1738603 seconds
2024-10-09T21:47:00.109+0300: 602.939: [GC (Allocation Failure) 2024-10-09T21:47:00.109+0300: 602.939: [ParNew: 460096K->51072K(460096K), 0.0268630 secs] 3382190K->2986086K(8337536K), 0.0269630 secs] [Times: user=0.02 sys=0.00, real=0.02 secs] 
2024-10-09T21:47:00.125+0300: 602.966: Total time for which application threads were stopped: 0.0272393 seconds, Stopping threads took: 0.0001312 seconds
2024-10-09T21:47:00.297+0300: 603.125: Application time: 0.1584054 seconds
2024-10-09T21:47:00.297+0300: 603.125: [GC (Allocation Failure) 2024-10-09T21:47:00.297+0300: 603.127: [ParNew: 460096K->51072K(460096K), 0.0302037 secs] 3395110K->3006712K(8337536K), 0.0324768 secs] [Times: user=0.03 sys=0.00, real=0.03 secs] 
2024-10-09T21:47:00.329+0300: 603.157: Total time for which application threads were stopped: 0.0327290 seconds, Stopping threads took: 0.0001334 seconds
2024-10-09T21:47:00.485+0300: 603.317: Application time: 0.1599571 seconds
2024-10-09T21:47:00.485+0300: 603.318: [GC (Allocation Failure) 2024-10-09T21:47:00.485+0300: 603.318: [ParNew: 460096K->51072K(460096K), 0.0271662 secs] 3415736K->3023816K(8337536K), 0.0272462 secs] [Times: user=0.03 sys=0.00, real=0.03 secs] 
2024-10-09T21:47:00.517+0300: 603.345: Total time for which application threads were stopped: 0.0275091 seconds, Stopping threads took: 0.0001454 seconds
2024-10-09T21:47:00.674+0300: 603.514: Application time: 0.1693257 seconds
2024-10-09T21:47:00.674+0300: 603.515: [GC (Allocation Failure) 2024-10-09T21:47:00.674+0300: 603.515: [ParNew: 460096K->51072K(460096K), 0.0295642 secs] 3432840K->3037172K(8337536K), 0.0296678 secs] [Times: user=0.17 sys=0.00, real=0.03 secs] 
2024-10-09T21:47:00.708+0300: 603.544: Total time for which application threads were stopped: 0.0299946 seconds, Stopping threads took: 0.0001827 seconds
2024-10-09T21:47:00.878+0300: 603.707: Application time: 0.1626995 seconds
2024-10-09T21:47:00.878+0300: 603.707: [GC (Allocation Failure) 2024-10-09T21:47:00.878+0300: 603.707: [ParNew: 460096K->51072K(460096K), 0.0320619 secs] 3446196K->3058836K(8337536K), 0.0321523 secs] [Times: user=0.06 sys=0.00, real=0.03 secs] 
2024-10-09T21:47:00.909+0300: 603.739: Total time for which application threads were stopped: 0.0324410 seconds, Stopping threads took: 0.0001664 seconds
2024-10-09T21:47:01.066+0300: 603.899: Application time: 0.1594261 seconds
2024-10-09T21:47:01.066+0300: 603.899: [GC (Allocation Failure) 2024-10-09T21:47:01.066+0300: 603.899: [ParNew: 460096K->51072K(460096K), 0.0339235 secs] 3467860K->3087149K(8337536K), 0.0340116 secs] [Times: user=0.03 sys=0.00, real=0.03 secs] 
2024-10-09T21:47:01.097+0300: 603.933: Total time for which application threads were stopped: 0.0342626 seconds, Stopping threads took: 0.0001237 seconds
2024-10-09T21:47:01.270+0300: 604.100: Application time: 0.1665224 seconds
2024-10-09T21:47:01.270+0300: 604.100: [GC (Allocation Failure) 2024-10-09T21:47:01.270+0300: 604.100: [ParNew: 460096K->51072K(460096K), 0.0284723 secs] 3496173K->3106855K(8337536K), 0.0285549 secs] [Times: user=0.03 sys=0.00, real=0.03 secs] 
2024-10-09T21:47:01.301+0300: 604.128: Total time for which application threads were stopped: 0.0288122 seconds, Stopping threads took: 0.0001389 seconds
2024-10-09T21:47:01.459+0300: 604.294: Application time: 0.1659704 seconds
2024-10-09T21:47:01.459+0300: 604.295: [GC (Allocation Failure) 2024-10-09T21:47:01.459+0300: 604.295: [ParNew: 460096K->51072K(460096K), 0.0247116 secs] 3515879K->3113196K(8337536K), 0.0247908 secs] [Times: user=0.03 sys=0.00, real=0.03 secs] 
2024-10-09T21:47:01.490+0300: 604.319: Total time for which application threads were stopped: 0.0250512 seconds, Stopping threads took: 0.0001431 seconds
2024-10-09T21:47:01.647+0300: 604.480: Application time: 0.1602204 seconds
2024-10-09T21:47:01.647+0300: 604.480: [GC (Allocation Failure) 2024-10-09T21:47:01.647+0300: 604.480: [ParNew: 460096K->48604K(460096K), 0.0319072 secs] 3522220K->3134846K(8337536K), 0.0319945 secs] [Times: user=0.03 sys=0.00, real=0.03 secs] 
2024-10-09T21:47:01.678+0300: 604.512: Total time for which application threads were stopped: 0.0322482 seconds, Stopping threads took: 0.0001380 seconds
2024-10-09T21:47:01.851+0300: 604.684: Application time: 0.1723156 seconds
2024-10-09T21:47:01.851+0300: 604.685: [GC (Allocation Failure) 2024-10-09T21:47:01.851+0300: 604.685: [ParNew: 457628K->50744K(460096K), 0.0289033 secs] 3543870K->3157994K(8337536K), 0.0289944 secs] [Times: user=0.06 sys=0.00, real=0.03 secs] 
2024-10-09T21:47:01.882+0300: 604.714: Total time for which application threads were stopped: 0.0292758 seconds, Stopping threads took: 0.0001606 seconds
2024-10-09T21:47:02.055+0300: 604.883: Application time: 0.1696562 seconds
2024-10-09T21:47:02.055+0300: 604.883: [GC (Allocation Failure) 2024-10-09T21:47:02.055+0300: 604.883: [ParNew: 459768K->51072K(460096K), 0.0260585 secs] 3567018K->3165219K(8337536K), 0.0261424 secs] [Times: user=0.05 sys=0.00, real=0.02 secs] 
2024-10-09T21:47:02.071+0300: 604.910: Total time for which application threads were stopped: 0.0264142 seconds, Stopping threads took: 0.0001509 seconds
2024-10-09T21:47:02.243+0300: 605.070: Application time: 0.1600314 seconds
2024-10-09T21:47:02.243+0300: 605.070: [GC (Allocation Failure) 2024-10-09T21:47:02.243+0300: 605.070: [ParNew: 460096K->48982K(460096K), 0.0357499 secs] 3574243K->3197688K(8337536K), 0.0358363 secs] [Times: user=0.03 sys=0.00, real=0.03 secs] 
2024-10-09T21:47:02.274+0300: 605.106: Total time for which application threads were stopped: 0.0360768 seconds, Stopping threads took: 0.0001246 seconds
2024-10-09T21:47:02.431+0300: 605.270: Application time: 0.1647316 seconds
2024-10-09T21:47:02.431+0300: 605.271: [GC (Allocation Failure) 2024-10-09T21:47:02.431+0300: 605.271: [ParNew: 458006K->49614K(460096K), 0.0275509 secs] 3606712K->3217482K(8337536K), 0.0276388 secs] [Times: user=0.03 sys=0.00, real=0.03 secs] 
2024-10-09T21:47:02.463+0300: 605.298: Total time for which application threads were stopped: 0.0278981 seconds, Stopping threads took: 0.0001338 seconds
2024-10-09T21:47:02.635+0300: 605.468: Application time: 0.1691975 seconds
2024-10-09T21:47:02.635+0300: 605.468: [GC (Allocation Failure) 2024-10-09T21:47:02.635+0300: 605.468: [ParNew: 458638K->51072K(460096K), 0.0258593 secs] 3626506K->3225549K(8337536K), 0.0259510 secs] [Times: user=0.03 sys=0.00, real=0.03 secs] 
2024-10-09T21:47:02.667+0300: 605.494: Total time for which application threads were stopped: 0.0262172 seconds, Stopping threads took: 0.0001333 seconds
2024-10-09T21:47:02.824+0300: 605.659: Application time: 0.1656952 seconds
2024-10-09T21:47:02.824+0300: 605.660: [GC (Allocation Failure) 2024-10-09T21:47:02.824+0300: 605.660: [ParNew: 460096K->51072K(460096K), 0.0347098 secs] 3634573K->3258383K(8337536K), 0.0347989 secs] [Times: user=0.06 sys=0.00, real=0.03 secs] 
2024-10-09T21:47:02.855+0300: 605.695: Total time for which application threads were stopped: 0.0350689 seconds, Stopping threads took: 0.0001531 seconds
2024-10-09T21:47:03.028+0300: 605.859: Application time: 0.1642711 seconds
2024-10-09T21:47:03.028+0300: 605.859: [GC (Allocation Failure) 2024-10-09T21:47:03.028+0300: 605.859: [ParNew: 460096K->51072K(460096K), 0.0286360 secs] 3667407K->3275734K(8337536K), 0.0287292 secs] [Times: user=0.03 sys=0.00, real=0.03 secs] 
2024-10-09T21:47:03.059+0300: 605.888: Total time for which application threads were stopped: 0.0290183 seconds, Stopping threads took: 0.0001600 seconds
2024-10-09T21:47:03.216+0300: 606.056: Application time: 0.1677181 seconds
2024-10-09T21:47:03.216+0300: 606.056: [GC (Allocation Failure) 2024-10-09T21:47:03.216+0300: 606.056: [ParNew: 460096K->51072K(460096K), 0.0289294 secs] 3684758K->3289227K(8337536K), 0.0290199 secs] [Times: user=0.03 sys=0.00, real=0.03 secs] 
2024-10-09T21:47:03.247+0300: 606.085: Total time for which application threads were stopped: 0.0292862 seconds, Stopping threads took: 0.0001413 seconds
2024-10-09T21:47:03.414+0300: 606.244: Application time: 0.1590292 seconds
2024-10-09T21:47:03.414+0300: 606.244: [GC (Allocation Failure) 2024-10-09T21:47:03.414+0300: 606.244: [ParNew: 460096K->51072K(460096K), 0.0319489 secs] 3698251K->3316489K(8337536K), 0.0320330 secs] [Times: user=0.02 sys=0.00, real=0.02 secs] 
2024-10-09T21:47:03.436+0300: 606.276: Total time for which application threads were stopped: 0.0323059 seconds, Stopping threads took: 0.0001560 seconds
2024-10-09T21:47:03.615+0300: 606.441: Application time: 0.1645535 seconds
2024-10-09T21:47:03.615+0300: 606.441: [GC (Allocation Failure) 2024-10-09T21:47:03.615+0300: 606.441: [ParNew: 460096K->51072K(460096K), 0.0260929 secs] 3725513K->3328570K(8337536K), 0.0261792 secs] [Times: user=0.02 sys=0.00, real=0.03 secs] 
2024-10-09T21:47:03.640+0300: 606.467: Total time for which application threads were stopped: 0.0264656 seconds, Stopping threads took: 0.0001642 seconds
2024-10-09T21:47:03.815+0300: 606.641: Application time: 0.1737753 seconds
2024-10-09T21:47:03.815+0300: 606.641: [GC (Allocation Failure) 2024-10-09T21:47:03.815+0300: 606.641: [ParNew: 460096K->49957K(460096K), 0.0321274 secs] 3737594K->3348481K(8337536K), 0.0322232 secs] [Times: user=0.02 sys=0.00, real=0.03 secs] 
2024-10-09T21:47:03.844+0300: 606.673: Total time for which application threads were stopped: 0.0324789 seconds, Stopping threads took: 0.0001339 seconds
2024-10-09T21:47:04.001+0300: 606.830: Application time: 0.1563416 seconds
2024-10-09T21:47:04.001+0300: 606.830: [GC (Allocation Failure) 2024-10-09T21:47:04.001+0300: 606.830: [ParNew: 458981K->46980K(460096K), 0.0270061 secs] 3757505K->3361195K(8337536K), 0.0270908 secs] [Times: user=0.02 sys=0.00, real=0.02 secs] 
2024-10-09T21:47:04.017+0300: 606.857: Total time for which application threads were stopped: 0.0273154 seconds, Stopping threads took: 0.0000986 seconds
2024-10-09T21:47:04.189+0300: 607.025: Application time: 0.1683293 seconds
2024-10-09T21:47:04.189+0300: 607.026: [GC (Allocation Failure) 2024-10-09T21:47:04.189+0300: 607.026: [ParNew: 456004K->51072K(460096K), 0.0276799 secs] 3770219K->3380395K(8337536K), 0.0277713 secs] [Times: user=0.03 sys=0.00, real=0.03 secs] 
2024-10-09T21:47:04.221+0300: 607.054: Total time for which application threads were stopped: 0.0280816 seconds, Stopping threads took: 0.0001825 seconds
2024-10-09T21:47:04.393+0300: 607.221: Application time: 0.1674886 seconds
2024-10-09T21:47:04.393+0300: 607.221: [GC (Allocation Failure) 2024-10-09T21:47:04.393+0300: 607.221: [ParNew: 460096K->51072K(460096K), 0.0293824 secs] 3789419K->3395701K(8337536K), 0.0294803 secs] [Times: user=0.17 sys=0.00, real=0.03 secs] 
2024-10-09T21:47:04.425+0300: 607.251: Total time for which application threads were stopped: 0.0299234 seconds, Stopping threads took: 0.0003058 seconds
2024-10-09T21:47:04.582+0300: 607.409: Application time: 0.1580267 seconds
2024-10-09T21:47:04.582+0300: 607.409: [GC (Allocation Failure) 2024-10-09T21:47:04.582+0300: 607.409: [ParNew: 460096K->47044K(460096K), 0.0326627 secs] 3804725K->3419765K(8337536K), 0.0327431 secs] [Times: user=0.03 sys=0.00, real=0.03 secs] 
2024-10-09T21:47:04.614+0300: 607.442: Total time for which application threads were stopped: 0.0329830 seconds, Stopping threads took: 0.0001236 seconds
2024-10-09T21:47:04.787+0300: 607.619: Application time: 0.1772709 seconds
2024-10-09T21:47:04.787+0300: 607.620: [GC (Allocation Failure) 2024-10-09T21:47:04.787+0300: 607.620: [ParNew: 456068K->51072K(460096K), 0.0253620 secs] 3828789K->3434871K(8337536K), 0.0254528 secs] [Times: user=0.05 sys=0.00, real=0.03 secs] 
2024-10-09T21:47:04.818+0300: 607.645: Total time for which application threads were stopped: 0.0257523 seconds, Stopping threads took: 0.0001586 seconds
2024-10-09T21:47:04.975+0300: 607.812: Application time: 0.1666948 seconds
2024-10-09T21:47:04.975+0300: 607.812: [GC (Allocation Failure) 2024-10-09T21:47:04.975+0300: 607.812: [ParNew: 460096K->51072K(460096K), 0.0287684 secs] 3843895K->3449897K(8337536K), 0.0288555 secs] [Times: user=0.03 sys=0.00, real=0.03 secs] 
2024-10-09T21:47:05.006+0300: 607.841: Total time for which application threads were stopped: 0.0291247 seconds, Stopping threads took: 0.0001460 seconds
2024-10-09T21:47:05.164+0300: 608.000: Application time: 0.1590130 seconds
2024-10-09T21:47:05.164+0300: 608.000: [GC (Allocation Failure) 2024-10-09T21:47:05.164+0300: 608.000: [ParNew: 460096K->51072K(460096K), 0.0306918 secs] 3858921K->3477867K(8337536K), 0.0307804 secs] [Times: user=0.03 sys=0.00, real=0.03 secs] 
2024-10-09T21:47:05.195+0300: 608.031: Total time for which application threads were stopped: 0.0310890 seconds, Stopping threads took: 0.0001736 seconds
2024-10-09T21:47:05.368+0300: 608.202: Application time: 0.1710492 seconds
2024-10-09T21:47:05.368+0300: 608.202: [GC (Allocation Failure) 2024-10-09T21:47:05.368+0300: 608.202: [ParNew: 460096K->51072K(460096K), 0.0285855 secs] 3886891K->3492570K(8337536K), 0.0286682 secs] [Times: user=0.03 sys=0.00, real=0.03 secs] 
2024-10-09T21:47:05.399+0300: 608.231: Total time for which application threads were stopped: 0.0289112 seconds, Stopping threads took: 0.0001223 seconds
2024-10-09T21:47:05.557+0300: 608.391: Application time: 0.1601331 seconds
2024-10-09T21:47:05.557+0300: 608.391: [GC (Allocation Failure) 2024-10-09T21:47:05.557+0300: 608.391: [ParNew: 460096K->51072K(460096K), 0.0341721 secs] 3901594K->3518953K(8337536K), 0.0342585 secs] [Times: user=0.03 sys=0.00, real=0.03 secs] 
2024-10-09T21:47:05.588+0300: 608.426: Total time for which application threads were stopped: 0.0345159 seconds, Stopping threads took: 0.0001328 seconds
2024-10-09T21:47:05.760+0300: 608.588: Application time: 0.1626054 seconds
2024-10-09T21:47:05.760+0300: 608.588: [GC (Allocation Failure) 2024-10-09T21:47:05.760+0300: 608.588: [ParNew: 460096K->51072K(460096K), 0.0273015 secs] 3927977K->3539635K(8337536K), 0.0274007 secs] [Times: user=0.03 sys=0.00, real=0.02 secs] 
2024-10-09T21:47:05.776+0300: 608.616: Total time for which application threads were stopped: 0.0277217 seconds, Stopping threads took: 0.0001748 seconds
2024-10-09T21:47:05.964+0300: 608.794: Application time: 0.1785264 seconds
2024-10-09T21:47:05.964+0300: 608.795: [GC (Allocation Failure) 2024-10-09T21:47:05.964+0300: 608.795: [ParNew: 460096K->51072K(460096K), 0.0296455 secs] 3948659K->3556297K(8337536K), 0.0297297 secs] [Times: user=0.03 sys=0.00, real=0.03 secs] 
2024-10-09T21:47:05.996+0300: 608.824: Total time for which application threads were stopped: 0.0299774 seconds, Stopping threads took: 0.0001257 seconds
2024-10-09T21:47:06.153+0300: 608.987: Application time: 0.1623201 seconds
2024-10-09T21:47:06.153+0300: 608.987: [GC (Allocation Failure) 2024-10-09T21:47:06.153+0300: 608.987: [ParNew: 460096K->51072K(460096K), 0.0282956 secs] 3965321K->3569994K(8337536K), 0.0283907 secs] [Times: user=0.03 sys=0.00, real=0.03 secs] 
2024-10-09T21:47:06.184+0300: 609.015: Total time for which application threads were stopped: 0.0286490 seconds, Stopping threads took: 0.0001426 seconds
2024-10-09T21:47:06.341+0300: 609.171: Application time: 0.1554083 seconds
2024-10-09T21:47:06.341+0300: 609.171: [GC (Allocation Failure) 2024-10-09T21:47:06.341+0300: 609.171: [ParNew: 460096K->46798K(460096K), 0.0324957 secs] 3979018K->3597657K(8337536K), 0.0326095 secs] [Times: user=0.05 sys=0.00, real=0.03 secs] 
2024-10-09T21:47:06.372+0300: 609.204: Total time for which application threads were stopped: 0.0328807 seconds, Stopping threads took: 0.0001346 seconds
2024-10-09T21:47:06.561+0300: 609.389: Application time: 0.1851729 seconds
2024-10-09T21:47:06.561+0300: 609.389: [GC (Allocation Failure) 2024-10-09T21:47:06.561+0300: 609.389: [ParNew: 455822K->49457K(460096K), 0.0289266 secs] 4006681K->3613885K(8337536K), 0.0290638 secs] [Times: user=0.16 sys=0.00, real=0.03 secs] 
2024-10-09T21:47:06.592+0300: 609.418: Total time for which application threads were stopped: 0.0293314 seconds, Stopping threads took: 0.0001131 seconds
2024-10-09T21:47:06.796+0300: 609.625: Application time: 0.2072375 seconds
2024-10-09T21:47:06.796+0300: 609.626: [GC (Allocation Failure) 2024-10-09T21:47:06.796+0300: 609.626: [ParNew: 458481K->51072K(460096K), 0.0303111 secs] 4022909K->3631647K(8337536K), 0.0304209 secs] [Times: user=0.16 sys=0.00, real=0.03 secs] 
2024-10-09T21:47:06.828+0300: 609.656: Total time for which application threads were stopped: 0.0308673 seconds, Stopping threads took: 0.0003052 seconds
2024-10-09T21:47:07.000+0300: 609.836: Application time: 0.1794464 seconds
2024-10-09T21:47:07.000+0300: 609.836: [GC (Allocation Failure) 2024-10-09T21:47:07.000+0300: 609.836: [ParNew: 460096K->51072K(460096K), 0.0323481 secs] 4040671K->3657523K(8337536K), 0.0324432 secs] [Times: user=0.14 sys=0.00, real=0.04 secs] 
2024-10-09T21:47:07.042+0300: 609.868: Total time for which application threads were stopped: 0.0327566 seconds, Stopping threads took: 0.0001665 seconds
2024-10-09T21:47:07.222+0300: 610.059: Application time: 0.1910092 seconds
2024-10-09T21:47:07.236+0300: 610.070: [GC (Allocation Failure) 2024-10-09T21:47:07.236+0300: 610.070: [ParNew: 460096K->51072K(460096K), 0.0287112 secs] 4066547K->3676981K(8337536K), 0.0288141 secs] [Times: user=0.14 sys=0.00, real=0.03 secs] 
2024-10-09T21:47:07.268+0300: 610.099: Total time for which application threads were stopped: 0.0392239 seconds, Stopping threads took: 0.0102514 seconds
2024-10-09T21:47:07.456+0300: 610.297: Application time: 0.1979649 seconds
2024-10-09T21:47:07.471+0300: 610.297: [GC (Allocation Failure) 2024-10-09T21:47:07.471+0300: 610.297: [ParNew: 460096K->51072K(460096K), 0.0302142 secs] 4086005K->3690426K(8337536K), 0.0303243 secs] [Times: user=0.14 sys=0.00, real=0.02 secs] 
2024-10-09T21:47:07.487+0300: 610.327: Total time for which application threads were stopped: 0.0306626 seconds, Stopping threads took: 0.0001276 seconds
2024-10-09T21:47:07.660+0300: 610.494: Application time: 0.1667262 seconds
2024-10-09T21:47:07.660+0300: 610.495: [GC (Allocation Failure) 2024-10-09T21:47:07.660+0300: 610.495: [ParNew: 460096K->51072K(460096K), 0.0352669 secs] 4099450K->3719213K(8337536K), 0.0353726 secs] [Times: user=0.19 sys=0.00, real=0.03 secs] 
2024-10-09T21:47:07.691+0300: 610.530: Total time for which application threads were stopped: 0.0360633 seconds, Stopping threads took: 0.0005551 seconds
2024-10-09T21:47:07.879+0300: 610.716: Application time: 0.1855112 seconds
2024-10-09T21:47:07.879+0300: 610.716: [GC (Allocation Failure) 2024-10-09T21:47:07.879+0300: 610.716: [ParNew: 460096K->51072K(460096K), 0.0305663 secs] 4128237K->3742189K(8337536K), 0.0306795 secs] [Times: user=0.19 sys=0.00, real=0.04 secs] 
2024-10-09T21:47:07.921+0300: 610.747: Total time for which application threads were stopped: 0.0310203 seconds, Stopping threads took: 0.0001616 seconds
2024-10-09T21:47:08.099+0300: 610.931: Application time: 0.1847543 seconds
2024-10-09T21:47:08.099+0300: 610.932: [GC (Allocation Failure) 2024-10-09T21:47:08.099+0300: 610.932: [ParNew: 460096K->51072K(460096K), 0.0300107 secs] 4151213K->3756462K(8337536K), 0.0301209 secs] [Times: user=0.19 sys=0.00, real=0.03 secs] 
2024-10-09T21:47:08.131+0300: 610.962: Total time for which application threads were stopped: 0.0304294 seconds, Stopping threads took: 0.0001359 seconds
2024-10-09T21:47:08.287+0300: 611.116: Application time: 0.1542936 seconds
2024-10-09T21:47:08.287+0300: 611.117: [GC (Allocation Failure) 2024-10-09T21:47:08.287+0300: 611.117: [ParNew: 460096K->51072K(460096K), 0.0335218 secs] 4165486K->3778439K(8337536K), 0.0336163 secs] [Times: user=0.14 sys=0.00, real=0.03 secs] 
2024-10-09T21:47:08.319+0300: 611.150: Total time for which application threads were stopped: 0.0340034 seconds, Stopping threads took: 0.0002414 seconds
2024-10-09T21:47:08.491+0300: 611.319: Application time: 0.1683658 seconds
2024-10-09T21:47:08.491+0300: 611.319: [GC (Allocation Failure) 2024-10-09T21:47:08.491+0300: 611.321: [ParNew: 460096K->51072K(460096K), 0.0292136 secs] 4187463K->3800865K(8337536K), 0.0315518 secs] [Times: user=0.09 sys=0.00, real=0.03 secs] 
2024-10-09T21:47:08.523+0300: 611.350: Total time for which application threads were stopped: 0.0318381 seconds, Stopping threads took: 0.0001281 seconds
2024-10-09T21:47:08.711+0300: 611.543: Application time: 0.1921695 seconds
2024-10-09T21:47:08.711+0300: 611.543: [GC (Allocation Failure) 2024-10-09T21:47:08.711+0300: 611.543: [ParNew: 460096K->51072K(460096K), 0.0277971 secs] 4209889K->3813517K(8337536K), 0.0278984 secs] [Times: user=0.09 sys=0.00, real=0.03 secs] 
2024-10-09T21:47:08.744+0300: 611.571: Total time for which application threads were stopped: 0.0281675 seconds, Stopping threads took: 0.0001212 seconds
2024-10-09T21:47:08.915+0300: 611.745: Application time: 0.1738476 seconds
2024-10-09T21:47:08.915+0300: 611.745: [GC (Allocation Failure) 2024-10-09T21:47:08.915+0300: 611.745: [ParNew: 460096K->51072K(460096K), 0.0293206 secs] 4222541K->3825908K(8337536K), 0.0294062 secs] [Times: user=0.11 sys=0.00, real=0.03 secs] 
2024-10-09T21:47:08.947+0300: 611.774: Total time for which application threads were stopped: 0.0297252 seconds, Stopping threads took: 0.0001633 seconds
2024-10-09T21:47:09.104+0300: 611.940: Application time: 0.1660065 seconds
2024-10-09T21:47:09.104+0300: 611.941: [GC (Allocation Failure) 2024-10-09T21:47:09.104+0300: 611.941: [ParNew: 460096K->48593K(460096K), 0.0339388 secs] 4234932K->3852329K(8337536K), 0.0340324 secs] [Times: user=0.19 sys=0.00, real=0.03 secs] 
2024-10-09T21:47:09.136+0300: 611.975: Total time for which application threads were stopped: 0.0349112 seconds, Stopping threads took: 0.0007443 seconds
2024-10-09T21:47:09.328+0300: 612.163: Application time: 0.1880861 seconds
2024-10-09T21:47:09.340+0300: 612.173: [GC (Allocation Failure) 2024-10-09T21:47:09.340+0300: 612.173: [ParNew: 457617K->45329K(460096K), 0.0305867 secs] 4261353K->3868467K(8337536K), 0.0307229 secs] [Times: user=0.17 sys=0.00, real=0.03 secs] 
2024-10-09T21:47:09.371+0300: 612.204: Total time for which application threads were stopped: 0.0404672 seconds, Stopping threads took: 0.0095883 seconds
2024-10-09T21:47:09.559+0300: 612.391: Application time: 0.1869627 seconds
2024-10-09T21:47:09.559+0300: 612.391: [GC (Allocation Failure) 2024-10-09T21:47:09.559+0300: 612.391: [ParNew: 454353K->51072K(460096K), 0.0275014 secs] 4277491K->3882241K(8337536K), 0.0276020 secs] [Times: user=0.17 sys=0.02, real=0.03 secs] 
2024-10-09T21:47:09.590+0300: 612.419: Total time for which application threads were stopped: 0.0279110 seconds, Stopping threads took: 0.0001551 seconds
2024-10-09T21:47:09.779+0300: 612.611: Application time: 0.1925154 seconds
2024-10-09T21:47:09.779+0300: 612.612: [GC (Allocation Failure) 2024-10-09T21:47:09.779+0300: 612.612: [ParNew: 460096K->51072K(460096K), 0.0310385 secs] 4291265K->3907609K(8337536K), 0.0311488 secs] [Times: user=0.19 sys=0.00, real=0.03 secs] 
2024-10-09T21:47:09.810+0300: 612.643: Total time for which application threads were stopped: 0.0320237 seconds, Stopping threads took: 0.0007270 seconds
2024-10-09T21:47:10.014+0300: 612.849: Application time: 0.2059723 seconds
2024-10-09T21:47:10.014+0300: 612.853: [GC (Allocation Failure) 2024-10-09T21:47:10.014+0300: 612.853: [ParNew: 460096K->46865K(460096K), 0.0284958 secs] 4316633K->3919276K(8337536K), 0.0285999 secs] [Times: user=0.14 sys=0.00, real=0.03 secs] 
2024-10-09T21:47:10.046+0300: 612.882: Total time for which application threads were stopped: 0.0326337 seconds, Stopping threads took: 0.0038689 seconds
2024-10-09T21:47:10.234+0300: 613.074: Application time: 0.1917564 seconds
2024-10-09T21:47:10.234+0300: 613.074: [GC (Allocation Failure) 2024-10-09T21:47:10.234+0300: 613.074: [ParNew: 455889K->51072K(460096K), 0.0291652 secs] 4328300K->3936314K(8337536K), 0.0292750 secs] [Times: user=0.11 sys=0.00, real=0.03 secs] 
2024-10-09T21:47:10.265+0300: 613.103: Total time for which application threads were stopped: 0.0295840 seconds, Stopping threads took: 0.0001473 seconds
2024-10-09T21:47:10.454+0300: 613.281: Application time: 0.1780970 seconds
2024-10-09T21:47:10.454+0300: 613.283: [GC (Allocation Failure) 2024-10-09T21:47:10.454+0300: 613.283: [ParNew: 460096K->51072K(460096K), 0.0329624 secs] 4345338K->3961960K(8337536K), 0.0330702 secs] [Times: user=0.19 sys=0.00, real=0.03 secs] 
2024-10-09T21:47:10.485+0300: 613.316: Total time for which application threads were stopped: 0.0344014 seconds, Stopping threads took: 0.0011853 seconds
2024-10-09T21:47:10.705+0300: 613.533: Application time: 0.2176422 seconds
2024-10-09T21:47:10.705+0300: 613.534: [GC (Allocation Failure) 2024-10-09T21:47:10.705+0300: 613.534: [ParNew: 460096K->45992K(460096K), 0.0318153 secs] 4370984K->3975469K(8337536K), 0.0319049 secs] [Times: user=0.25 sys=0.00, real=0.03 secs] 
2024-10-09T21:47:10.736+0300: 613.566: Total time for which application threads were stopped: 0.0326010 seconds, Stopping threads took: 0.0005611 seconds
2024-10-09T21:47:10.940+0300: 613.772: Application time: 0.2059781 seconds
2024-10-09T21:47:10.940+0300: 613.773: [GC (Allocation Failure) 2024-10-09T21:47:10.940+0300: 613.773: [ParNew: 455016K->51072K(460096K), 0.0267810 secs] 4384493K->3988449K(8337536K), 0.0268767 secs] [Times: user=0.11 sys=0.00, real=0.03 secs] 
2024-10-09T21:47:10.971+0300: 613.800: Total time for which application threads were stopped: 0.0279572 seconds, Stopping threads took: 0.0009300 seconds
2024-10-09T21:47:11.144+0300: 613.978: Application time: 0.1782934 seconds
2024-10-09T21:47:11.144+0300: 613.981: [GC (Allocation Failure) 2024-10-09T21:47:11.144+0300: 613.981: [ParNew: 460096K->51072K(460096K), 0.0372529 secs] 4397473K->4021089K(8337536K), 0.0373614 secs] [Times: user=0.11 sys=0.03, real=0.05 secs] 
2024-10-09T21:47:11.191+0300: 614.018: Total time for which application threads were stopped: 0.0399272 seconds, Stopping threads took: 0.0024159 seconds
2024-10-09T21:47:11.364+0300: 614.197: Application time: 0.1784558 seconds
2024-10-09T21:47:11.364+0300: 614.197: [GC (Allocation Failure) 2024-10-09T21:47:11.364+0300: 614.197: [ParNew: 460096K->45605K(460096K), 0.0288684 secs] 4430113K->4033980K(8337536K), 0.0289815 secs] [Times: user=0.19 sys=0.00, real=0.03 secs] 
2024-10-09T21:47:11.395+0300: 614.226: Total time for which application threads were stopped: 0.0292870 seconds, Stopping threads took: 0.0001405 seconds
2024-10-09T21:47:11.568+0300: 614.399: Application time: 0.1729340 seconds
2024-10-09T21:47:11.568+0300: 614.399: [GC (Allocation Failure) 2024-10-09T21:47:11.568+0300: 614.399: [ParNew: 454629K->51072K(460096K), 0.0272796 secs] 4443004K->4049314K(8337536K), 0.0273948 secs] [Times: user=0.17 sys=0.00, real=0.03 secs] 
2024-10-09T21:47:11.599+0300: 614.426: Total time for which application threads were stopped: 0.0276816 seconds, Stopping threads took: 0.0001066 seconds
2024-10-09T21:47:11.773+0300: 614.601: Application time: 0.1749543 seconds
2024-10-09T21:47:11.773+0300: 614.602: [GC (Allocation Failure) 2024-10-09T21:47:11.773+0300: 614.602: [ParNew: 460096K->51072K(460096K), 0.0348681 secs] 4458338K->4077214K(8337536K), 0.0349792 secs] [Times: user=0.20 sys=0.01, real=0.04 secs] 
2024-10-09T21:47:11.811+0300: 614.637: Total time for which application threads were stopped: 0.0356346 seconds, Stopping threads took: 0.0005033 seconds
2024-10-09T21:47:11.977+0300: 614.815: Application time: 0.1780349 seconds
2024-10-09T21:47:11.977+0300: 614.816: [GC (Allocation Failure) 2024-10-09T21:47:11.977+0300: 614.816: [ParNew: 460096K->49001K(460096K), 0.0302999 secs] 4486238K->4094426K(8337536K), 0.0304071 secs] [Times: user=0.19 sys=0.00, real=0.03 secs] 
2024-10-09T21:47:12.008+0300: 614.846: Total time for which application threads were stopped: 0.0312746 seconds, Stopping threads took: 0.0007157 seconds
2024-10-09T21:47:12.181+0300: 615.018: Application time: 0.1717900 seconds
2024-10-09T21:47:12.181+0300: 615.018: [GC (Allocation Failure) 2024-10-09T21:47:12.181+0300: 615.018: [ParNew: 458025K->51072K(460096K), 0.0315355 secs] 4503450K->4115238K(8337536K), 0.0316329 secs] [Times: user=0.19 sys=0.00, real=0.03 secs] 
2024-10-09T21:47:12.212+0300: 615.050: Total time for which application threads were stopped: 0.0319283 seconds, Stopping threads took: 0.0001330 seconds
2024-10-09T21:47:12.384+0300: 615.221: Application time: 0.1708292 seconds
2024-10-09T21:47:12.384+0300: 615.221: [GC (Allocation Failure) 2024-10-09T21:47:12.384+0300: 615.221: [ParNew: 460096K->51072K(460096K), 0.0315373 secs] 4524262K->4135946K(8337536K), 0.0316455 secs] [Times: user=0.19 sys=0.00, real=0.03 secs] 
2024-10-09T21:47:12.415+0300: 615.253: Total time for which application threads were stopped: 0.0320092 seconds, Stopping threads took: 0.0001812 seconds
2024-10-09T21:47:12.588+0300: 615.425: Application time: 0.1724789 seconds
2024-10-09T21:47:12.588+0300: 615.427: [GC (Allocation Failure) 2024-10-09T21:47:12.588+0300: 615.427: [ParNew: 460096K->44913K(460096K), 0.0290875 secs] 4544970K->4148258K(8337536K), 0.0291861 secs] [Times: user=0.19 sys=0.00, real=0.03 secs] 
2024-10-09T21:47:12.619+0300: 615.456: Total time for which application threads were stopped: 0.0303531 seconds, Stopping threads took: 0.0010096 seconds
2024-10-09T21:47:12.823+0300: 615.651: Application time: 0.1953953 seconds
2024-10-09T21:47:12.823+0300: 615.653: [GC (Allocation Failure) 2024-10-09T21:47:12.823+0300: 615.653: [ParNew: 453937K->51072K(460096K), 0.0299592 secs] 4557282K->4172933K(8337536K), 0.0300602 secs] [Times: user=0.14 sys=0.00, real=0.03 secs] 
2024-10-09T21:47:12.855+0300: 615.683: Total time for which application threads were stopped: 0.0322037 seconds, Stopping threads took: 0.0019966 seconds
2024-10-09T21:47:13.034+0300: 615.861: Application time: 0.1780468 seconds
2024-10-09T21:47:13.034+0300: 615.862: [GC (Allocation Failure) 2024-10-09T21:47:13.034+0300: 615.862: [ParNew: 460096K->51072K(460096K), 0.0311437 secs] 4581957K->4191496K(8337536K), 0.0312525 secs] [Times: user=0.16 sys=0.00, real=0.03 secs] 
2024-10-09T21:47:13.059+0300: 615.893: Total time for which application threads were stopped: 0.0315463 seconds, Stopping threads took: 0.0001338 seconds
2024-10-09T21:47:13.235+0300: 616.062: Application time: 0.1688445 seconds
2024-10-09T21:47:13.235+0300: 616.062: [GC (Allocation Failure) 2024-10-09T21:47:13.235+0300: 616.062: [ParNew: 460096K->51072K(460096K), 0.0334861 secs] 4600520K->4217796K(8337536K), 0.0335814 secs] [Times: user=0.14 sys=0.00, real=0.03 secs] 
2024-10-09T21:47:13.263+0300: 616.096: Total time for which application threads were stopped: 0.0338396 seconds, Stopping threads took: 0.0001253 seconds
2024-10-09T21:47:13.436+0300: 616.270: Application time: 0.1741348 seconds
2024-10-09T21:47:13.436+0300: 616.270: [GC (Allocation Failure) 2024-10-09T21:47:13.436+0300: 616.270: [ParNew: 460096K->51072K(460096K), 0.0303293 secs] 4626820K->4238648K(8337536K), 0.0304411 secs] [Times: user=0.19 sys=0.00, real=0.03 secs] 
2024-10-09T21:47:13.468+0300: 616.301: Total time for which application threads were stopped: 0.0309727 seconds, Stopping threads took: 0.0003741 seconds
2024-10-09T21:47:13.641+0300: 616.476: Application time: 0.1748467 seconds
2024-10-09T21:47:13.641+0300: 616.476: [GC (Allocation Failure) 2024-10-09T21:47:13.641+0300: 616.476: [ParNew: 460096K->51072K(460096K), 0.0289327 secs] 4647672K->4253366K(8337536K), 0.0290356 secs] [Times: user=0.11 sys=0.00, real=0.03 secs] 
2024-10-09T21:47:13.672+0300: 616.505: Total time for which application threads were stopped: 0.0293960 seconds, Stopping threads took: 0.0001953 seconds
2024-10-09T21:47:13.845+0300: 616.676: Application time: 0.1707941 seconds
2024-10-09T21:47:13.845+0300: 616.676: [GC (Allocation Failure) 2024-10-09T21:47:13.845+0300: 616.676: [ParNew: 460096K->51072K(460096K), 0.0337240 secs] 4662390K->4277586K(8337536K), 0.0338136 secs] [Times: user=0.11 sys=0.00, real=0.04 secs] 
2024-10-09T21:47:13.880+0300: 616.710: Total time for which application threads were stopped: 0.0341224 seconds, Stopping threads took: 0.0001679 seconds
2024-10-09T21:47:14.049+0300: 616.881: Application time: 0.1712891 seconds
2024-10-09T21:47:14.049+0300: 616.881: [GC (Allocation Failure) 2024-10-09T21:47:14.049+0300: 616.882: [ParNew: 460096K->50074K(460096K), 0.0309971 secs] 4686610K->4298493K(8337536K), 0.0310818 secs] [Times: user=0.09 sys=0.00, real=0.03 secs] 
2024-10-09T21:47:14.080+0300: 616.913: Total time for which application threads were stopped: 0.0313539 seconds, Stopping threads took: 0.0001333 seconds
2024-10-09T21:47:14.284+0300: 617.114: Application time: 0.2012859 seconds
2024-10-09T21:47:14.284+0300: 617.114: [GC (Allocation Failure) 2024-10-09T21:47:14.284+0300: 617.114: [ParNew: 459098K->51072K(460096K), 0.0280077 secs] 4707517K->4305944K(8337536K), 0.0281046 secs] [Times: user=0.06 sys=0.00, real=0.03 secs] 
2024-10-09T21:47:14.315+0300: 617.142: Total time for which application threads were stopped: 0.0283957 seconds, Stopping threads took: 0.0001338 seconds
2024-10-09T21:47:14.488+0300: 617.318: Application time: 0.1762134 seconds
2024-10-09T21:47:14.488+0300: 617.319: [GC (Allocation Failure) 2024-10-09T21:47:14.488+0300: 617.319: [ParNew: 460096K->51072K(460096K), 0.0294100 secs] 4714968K->4325947K(8337536K), 0.0295054 secs] [Times: user=0.06 sys=0.00, real=0.03 secs] 
2024-10-09T21:47:14.519+0300: 617.348: Total time for which application threads were stopped: 0.0298032 seconds, Stopping threads took: 0.0001574 seconds
2024-10-09T21:47:14.692+0300: 617.527: Application time: 0.1787982 seconds
2024-10-09T21:47:14.692+0300: 617.527: [GC (Allocation Failure) 2024-10-09T21:47:14.692+0300: 617.527: [ParNew: 460096K->51072K(460096K), 0.0292570 secs] 4734971K->4342133K(8337536K), 0.0293456 secs] [Times: user=0.12 sys=0.00, real=0.03 secs] 
2024-10-09T21:47:14.723+0300: 617.557: Total time for which application threads were stopped: 0.0297304 seconds, Stopping threads took: 0.0002392 seconds
2024-10-09T21:47:14.896+0300: 617.725: Application time: 0.1684659 seconds
2024-10-09T21:47:14.896+0300: 617.726: [GC (Allocation Failure) 2024-10-09T21:47:14.896+0300: 617.726: [ParNew: 460096K->51072K(460096K), 0.0323021 secs] 4751157K->4362237K(8337536K), 0.0323845 secs] [Times: user=0.05 sys=0.00, real=0.03 secs] 
2024-10-09T21:47:14.927+0300: 617.758: Total time for which application threads were stopped: 0.0326820 seconds, Stopping threads took: 0.0001782 seconds
2024-10-09T21:47:15.096+0300: 617.924: Application time: 0.1662848 seconds
2024-10-09T21:47:15.096+0300: 617.924: [GC (Allocation Failure) 2024-10-09T21:47:15.096+0300: 617.925: [ParNew: 460096K->50981K(460096K), 0.0324812 secs] 4771261K->4382172K(8337536K), 0.0325700 secs] [Times: user=0.05 sys=0.00, real=0.02 secs] 
2024-10-09T21:47:15.116+0300: 617.957: Total time for which application threads were stopped: 0.0328261 seconds, Stopping threads took: 0.0001251 seconds
2024-10-09T21:47:15.305+0300: 618.132: Application time: 0.1751247 seconds
2024-10-09T21:47:15.305+0300: 618.132: [GC (Allocation Failure) 2024-10-09T21:47:15.305+0300: 618.132: [ParNew: 460005K->51072K(460096K), 0.0316395 secs] 4791196K->4405838K(8337536K), 0.0317226 secs] [Times: user=0.06 sys=0.00, real=0.03 secs] 
2024-10-09T21:47:15.336+0300: 618.164: Total time for which application threads were stopped: 0.0319900 seconds, Stopping threads took: 0.0001333 seconds
2024-10-09T21:47:15.493+0300: 618.331: Application time: 0.1672610 seconds
2024-10-09T21:47:15.493+0300: 618.332: [GC (Allocation Failure) 2024-10-09T21:47:15.493+0300: 618.332: [ParNew: 460096K->51072K(460096K), 0.0337631 secs] 4814862K->4423091K(8337536K), 0.0338503 secs] [Times: user=0.06 sys=0.00, real=0.05 secs] 
2024-10-09T21:47:15.540+0300: 618.366: Total time for which application threads were stopped: 0.0341576 seconds, Stopping threads took: 0.0001800 seconds
2024-10-09T21:47:15.697+0300: 618.537: Application time: 0.1717487 seconds
2024-10-09T21:47:15.697+0300: 618.538: [GC (Allocation Failure) 2024-10-09T21:47:15.697+0300: 618.538: [ParNew: 460096K->51072K(460096K), 0.0315586 secs] 4832115K->4445446K(8337536K), 0.0316407 secs] [Times: user=0.16 sys=0.00, real=0.04 secs] 
2024-10-09T21:47:15.740+0300: 618.569: Total time for which application threads were stopped: 0.0319385 seconds, Stopping threads took: 0.0001459 seconds
2024-10-09T21:47:15.902+0300: 618.741: Application time: 0.1719773 seconds
2024-10-09T21:47:15.902+0300: 618.742: [GC (Allocation Failure) 2024-10-09T21:47:15.902+0300: 618.742: [ParNew: 460096K->50997K(460096K), 0.0287036 secs] 4854470K->4462191K(8337536K), 0.0287992 secs] [Times: user=0.06 sys=0.00, real=0.04 secs] 
2024-10-09T21:47:15.940+0300: 618.770: Total time for which application threads were stopped: 0.0290993 seconds, Stopping threads took: 0.0001447 seconds
2024-10-09T21:47:16.106+0300: 618.932: Application time: 0.1619665 seconds
2024-10-09T21:47:16.106+0300: 618.933: [GC (Allocation Failure) 2024-10-09T21:47:16.106+0300: 618.933: [ParNew: 460021K->51072K(460096K), 0.0272098 secs] 4871215K->4473388K(8337536K), 0.0272899 secs] [Times: user=0.00 sys=0.00, real=0.03 secs] 
2024-10-09T21:47:16.134+0300: 618.960: Total time for which application threads were stopped: 0.0275571 seconds, Stopping threads took: 0.0001318 seconds
2024-10-09T21:47:16.294+0300: 619.128: Application time: 0.1678226 seconds
2024-10-09T21:47:16.294+0300: 619.128: [GC (Allocation Failure) 2024-10-09T21:47:16.294+0300: 619.128: [ParNew: 460096K->46852K(460096K), 0.0340256 secs] 4882412K->4500287K(8337536K), 0.0341160 secs] [Times: user=0.06 sys=0.00, real=0.03 secs] 
2024-10-09T21:47:16.325+0300: 619.162: Total time for which application threads were stopped: 0.0343580 seconds, Stopping threads took: 0.0001186 seconds
2024-10-09T21:47:16.498+0300: 619.327: Application time: 0.1645249 seconds
2024-10-09T21:47:16.498+0300: 619.327: [GC (Allocation Failure) 2024-10-09T21:47:16.498+0300: 619.327: [ParNew: 455876K->51072K(460096K), 0.0269642 secs] 4909311K->4519531K(8337536K), 0.0270577 secs] [Times: user=0.05 sys=0.00, real=0.02 secs] 
2024-10-09T21:47:16.513+0300: 619.354: Total time for which application threads were stopped: 0.0273121 seconds, Stopping threads took: 0.0001291 seconds
2024-10-09T21:47:16.686+0300: 619.525: Application time: 0.1708024 seconds
2024-10-09T21:47:16.686+0300: 619.525: [GC (Allocation Failure) 2024-10-09T21:47:16.686+0300: 619.525: [ParNew: 460096K->51072K(460096K), 0.0292121 secs] 4928555K->4531846K(8337536K), 0.0293042 secs] [Times: user=0.08 sys=0.00, real=0.03 secs] 
2024-10-09T21:47:16.717+0300: 619.554: Total time for which application threads were stopped: 0.0296196 seconds, Stopping threads took: 0.0001775 seconds
2024-10-09T21:47:16.890+0300: 619.720: Application time: 0.1652051 seconds
2024-10-09T21:47:16.890+0300: 619.720: [GC (Allocation Failure) 2024-10-09T21:47:16.890+0300: 619.720: [ParNew: 460096K->50840K(460096K), 0.0305850 secs] 4940870K->4554842K(8337536K), 0.0306826 secs] [Times: user=0.03 sys=0.00, real=0.03 secs] 
2024-10-09T21:47:16.921+0300: 619.751: Total time for which application threads were stopped: 0.0309973 seconds, Stopping threads took: 0.0001798 seconds
2024-10-09T21:47:17.079+0300: 619.915: Application time: 0.1645288 seconds
2024-10-09T21:47:17.079+0300: 619.916: [GC (Allocation Failure) 2024-10-09T21:47:17.079+0300: 619.916: [ParNew: 459864K->51072K(460096K), 0.0283194 secs] 4963866K->4571890K(8337536K), 0.0284247 secs] [Times: user=0.09 sys=0.00, real=0.03 secs] 
2024-10-09T21:47:17.110+0300: 619.944: Total time for which application threads were stopped: 0.0288802 seconds, Stopping threads took: 0.0002741 seconds
2024-10-09T21:47:17.283+0300: 620.111: Application time: 0.1671850 seconds
2024-10-09T21:47:17.283+0300: 620.111: [GC (Allocation Failure) 2024-10-09T21:47:17.283+0300: 620.111: [ParNew: 460096K->51072K(460096K), 0.0263275 secs] 4980914K->4583743K(8337536K), 0.0264099 secs] [Times: user=0.02 sys=0.00, real=0.02 secs] 
2024-10-09T21:47:17.298+0300: 620.138: Total time for which application threads were stopped: 0.0266729 seconds, Stopping threads took: 0.0001425 seconds
2024-10-09T21:47:17.471+0300: 620.304: Application time: 0.1664210 seconds
2024-10-09T21:47:17.471+0300: 620.305: [GC (Allocation Failure) 2024-10-09T21:47:17.471+0300: 620.305: [ParNew: 460096K->51039K(460096K), 0.0311691 secs] 4992767K->4607086K(8337536K), 0.0312656 secs] [Times: user=0.05 sys=0.00, real=0.04 secs] 
2024-10-09T21:47:17.510+0300: 620.336: Total time for which application threads were stopped: 0.0315989 seconds, Stopping threads took: 0.0001878 seconds
2024-10-09T21:47:17.660+0300: 620.495: Application time: 0.1595022 seconds
2024-10-09T21:47:17.660+0300: 620.496: [GC (Allocation Failure) 2024-10-09T21:47:17.660+0300: 620.496: [ParNew: 460063K->51072K(460096K), 0.0254894 secs] 5016110K->4615073K(8337536K), 0.0255855 secs] [Times: user=0.08 sys=0.00, real=0.03 secs] 
2024-10-09T21:47:17.691+0300: 620.521: Total time for which application threads were stopped: 0.0259434 seconds, Stopping threads took: 0.0002066 seconds
2024-10-09T21:47:17.848+0300: 620.689: Application time: 0.1678240 seconds
2024-10-09T21:47:17.864+0300: 620.689: [GC (Allocation Failure) 2024-10-09T21:47:17.864+0300: 620.690: [ParNew: 460096K->51072K(460096K), 0.0318141 secs] 5024097K->4640526K(8337536K), 0.0319029 secs] [Times: user=0.03 sys=0.00, real=0.03 secs] 
2024-10-09T21:47:17.895+0300: 620.721: Total time for which application threads were stopped: 0.0322534 seconds, Stopping threads took: 0.0002240 seconds
2024-10-09T21:47:18.052+0300: 620.886: Application time: 0.1645526 seconds
2024-10-09T21:47:18.052+0300: 620.886: [GC (Allocation Failure) 2024-10-09T21:47:18.052+0300: 620.886: [ParNew: 460096K->50536K(460096K), 0.0295895 secs] 5049550K->4660482K(8337536K), 0.0296833 secs] [Times: user=0.03 sys=0.00, real=0.03 secs] 
2024-10-09T21:47:18.083+0300: 620.916: Total time for which application threads were stopped: 0.0299202 seconds, Stopping threads took: 0.0001129 seconds
2024-10-09T21:47:18.256+0300: 621.082: Application time: 0.1664480 seconds
2024-10-09T21:47:18.256+0300: 621.083: [GC (Allocation Failure) 2024-10-09T21:47:18.256+0300: 621.083: [ParNew: 459560K->51072K(460096K), 0.0254915 secs] 5069506K->4668068K(8337536K), 0.0255850 secs] [Times: user=0.02 sys=0.00, real=0.02 secs] 
2024-10-09T21:47:18.272+0300: 621.108: Total time for which application threads were stopped: 0.0258682 seconds, Stopping threads took: 0.0001697 seconds
2024-10-09T21:47:18.429+0300: 621.267: Application time: 0.1587416 seconds
2024-10-09T21:47:18.429+0300: 621.267: [GC (Allocation Failure) 2024-10-09T21:47:18.429+0300: 621.267: [ParNew: 460096K->51072K(460096K), 0.0313721 secs] 5077092K->4691415K(8337536K), 0.0314575 secs] [Times: user=0.03 sys=0.00, real=0.03 secs] 
2024-10-09T21:47:18.460+0300: 621.299: Total time for which application threads were stopped: 0.0317142 seconds, Stopping threads took: 0.0001394 seconds
2024-10-09T21:47:18.633+0300: 621.468: Application time: 0.1689806 seconds
2024-10-09T21:47:18.633+0300: 621.468: [GC (Allocation Failure) 2024-10-09T21:47:18.633+0300: 621.468: [ParNew: 460096K->51072K(460096K), 0.0320923 secs] 5100439K->4715373K(8337536K), 0.0321989 secs] [Times: user=0.05 sys=0.00, real=0.03 secs] 
2024-10-09T21:47:18.664+0300: 621.500: Total time for which application threads were stopped: 0.0324776 seconds, Stopping threads took: 0.0001478 seconds
2024-10-09T21:47:18.847+0300: 621.676: Application time: 0.1759858 seconds
2024-10-09T21:47:18.847+0300: 621.676: [GC (Allocation Failure) 2024-10-09T21:47:18.847+0300: 621.676: [ParNew: 460096K->51072K(460096K), 0.0257917 secs] 5124397K->4719599K(8337536K), 0.0258668 secs] [Times: user=0.03 sys=0.00, real=0.03 secs] 
2024-10-09T21:47:18.876+0300: 621.702: Total time for which application threads were stopped: 0.0261781 seconds, Stopping threads took: 0.0001628 seconds
2024-10-09T21:47:19.025+0300: 621.855: Application time: 0.1524639 seconds
2024-10-09T21:47:19.025+0300: 621.855: [GC (Allocation Failure) 2024-10-09T21:47:19.025+0300: 621.855: [ParNew: 460096K->51072K(460096K), 0.0351222 secs] 5128623K->4749866K(8337536K), 0.0352098 secs] [Times: user=0.03 sys=0.00, real=0.03 secs] 
2024-10-09T21:47:19.057+0300: 621.890: Total time for which application threads were stopped: 0.0354938 seconds, Stopping threads took: 0.0001610 seconds
2024-10-09T21:47:19.229+0300: 622.059: Application time: 0.1685612 seconds
2024-10-09T21:47:19.229+0300: 622.059: [GC (Allocation Failure) 2024-10-09T21:47:19.229+0300: 622.059: [ParNew: 460096K->51072K(460096K), 0.0288539 secs] 5158890K->4774232K(8337536K), 0.0289426 secs] [Times: user=0.03 sys=0.00, real=0.03 secs] 
2024-10-09T21:47:19.261+0300: 622.088: Total time for which application threads were stopped: 0.0291989 seconds, Stopping threads took: 0.0001364 seconds
2024-10-09T21:47:19.433+0300: 622.264: Application time: 0.1757826 seconds
2024-10-09T21:47:19.433+0300: 622.264: [GC (Allocation Failure) 2024-10-09T21:47:19.433+0300: 622.264: [ParNew: 460096K->51072K(460096K), 0.0253392 secs] 5183256K->4777610K(8337536K), 0.0254277 secs] [Times: user=0.02 sys=0.00, real=0.02 secs] 
2024-10-09T21:47:19.449+0300: 622.290: Total time for which application threads were stopped: 0.0257012 seconds, Stopping threads took: 0.0001460 seconds
2024-10-09T21:47:19.606+0300: 622.439: Application time: 0.1492466 seconds
2024-10-09T21:47:19.606+0300: 622.439: [GC (Allocation Failure) 2024-10-09T21:47:19.606+0300: 622.439: [ParNew: 460096K->48531K(460096K), 0.0312605 secs] 5186634K->4799492K(8337536K), 0.0313460 secs] [Times: user=0.03 sys=0.00, real=0.03 secs] 
2024-10-09T21:47:19.638+0300: 622.470: Total time for which application threads were stopped: 0.0316166 seconds, Stopping threads took: 0.0001550 seconds
2024-10-09T21:47:19.810+0300: 622.646: Application time: 0.1754277 seconds
2024-10-09T21:47:19.810+0300: 622.646: [GC (Allocation Failure) 2024-10-09T21:47:19.810+0300: 622.646: [ParNew: 457555K->51072K(460096K), 0.0269624 secs] 5208516K->4821556K(8337536K), 0.0270565 secs] [Times: user=0.06 sys=0.00, real=0.03 secs] 
2024-10-09T21:47:19.842+0300: 622.673: Total time for which application threads were stopped: 0.0273129 seconds, Stopping threads took: 0.0001234 seconds
2024-10-09T21:47:20.014+0300: 622.852: Application time: 0.1792921 seconds
2024-10-09T21:47:20.014+0300: 622.853: [GC (Allocation Failure) 2024-10-09T21:47:20.014+0300: 622.853: [ParNew: 460096K->51072K(460096K), 0.0253370 secs] 5230580K->4826281K(8337536K), 0.0254211 secs] [Times: user=0.03 sys=0.00, real=0.04 secs] 
2024-10-09T21:47:20.050+0300: 622.878: Total time for which application threads were stopped: 0.0257162 seconds, Stopping threads took: 0.0001706 seconds
2024-10-09T21:47:20.188+0300: 623.026: Application time: 0.1473551 seconds
2024-10-09T21:47:20.188+0300: 623.026: [GC (Allocation Failure) 2024-10-09T21:47:20.188+0300: 623.026: [ParNew: 460096K->51072K(460096K), 0.0312746 secs] 5235305K->4849227K(8337536K), 0.0313620 secs] [Times: user=0.03 sys=0.00, real=0.03 secs] 
2024-10-09T21:47:20.219+0300: 623.057: Total time for which application threads were stopped: 0.0316635 seconds, Stopping threads took: 0.0001810 seconds
2024-10-09T21:47:20.392+0300: 623.225: Application time: 0.1674366 seconds
2024-10-09T21:47:20.392+0300: 623.225: [GC (Allocation Failure) 2024-10-09T21:47:20.392+0300: 623.225: [ParNew: 460096K->48283K(460096K), 0.0305014 secs] 5258251K->4871373K(8337536K), 0.0305903 secs] [Times: user=0.03 sys=0.00, real=0.03 secs] 
2024-10-09T21:47:20.423+0300: 623.256: Total time for which application threads were stopped: 0.0308841 seconds, Stopping threads took: 0.0001625 seconds
2024-10-09T21:47:20.596+0300: 623.432: Application time: 0.1761574 seconds
2024-10-09T21:47:20.596+0300: 623.432: [GC (Allocation Failure) 2024-10-09T21:47:20.596+0300: 623.432: [ParNew: 457307K->51072K(460096K), 0.0302047 secs] 5280397K->4891626K(8337536K), 0.0302954 secs] [Times: user=0.03 sys=0.00, real=0.03 secs] 
2024-10-09T21:47:20.627+0300: 623.462: Total time for which application threads were stopped: 0.0305647 seconds, Stopping threads took: 0.0001186 seconds
2024-10-09T21:47:20.785+0300: 623.624: Application time: 0.1613361 seconds
2024-10-09T21:47:20.785+0300: 623.624: [GC (Allocation Failure) 2024-10-09T21:47:20.785+0300: 623.624: [ParNew: 460096K->51072K(460096K), 0.0302664 secs] 5300650K->4909173K(8337536K), 0.0303565 secs] [Times: user=0.03 sys=0.00, real=0.03 secs] 
2024-10-09T21:47:20.816+0300: 623.654: Total time for which application threads were stopped: 0.0306417 seconds, Stopping threads took: 0.0001476 seconds
2024-10-09T21:47:20.988+0300: 623.817: Application time: 0.1626216 seconds
2024-10-09T21:47:20.988+0300: 623.817: [GC (Allocation Failure) 2024-10-09T21:47:20.988+0300: 623.817: [ParNew: 460096K->51072K(460096K), 0.0295651 secs] 5318197K->4934690K(8337536K), 0.0296476 secs] [Times: user=0.03 sys=0.00, real=0.03 secs] 
2024-10-09T21:47:21.020+0300: 623.847: Total time for which application threads were stopped: 0.0298827 seconds, Stopping threads took: 0.0001140 seconds
2024-10-09T21:47:21.193+0300: 624.022: Application time: 0.1751907 seconds
2024-10-09T21:47:21.193+0300: 624.022: [GC (Allocation Failure) 2024-10-09T21:47:21.193+0300: 624.022: [ParNew: 460096K->50403K(460096K), 0.0272054 secs] 5343714K->4947727K(8337536K), 0.0272867 secs] [Times: user=0.02 sys=0.00, real=0.01 secs] 
2024-10-09T21:47:21.208+0300: 624.049: Total time for which application threads were stopped: 0.0275395 seconds, Stopping threads took: 0.0001400 seconds
2024-10-09T21:47:21.381+0300: 624.207: Application time: 0.1579907 seconds
2024-10-09T21:47:21.381+0300: 624.208: [GC (Allocation Failure) 2024-10-09T21:47:21.381+0300: 624.208: [ParNew: 459427K->51072K(460096K), 0.0271570 secs] 5356751K->4958015K(8337536K), 0.0272491 secs] [Times: user=0.03 sys=0.00, real=0.02 secs] 
2024-10-09T21:47:21.397+0300: 624.235: Total time for which application threads were stopped: 0.0274988 seconds, Stopping threads took: 0.0001265 seconds
2024-10-09T21:47:21.569+0300: 624.396: Application time: 0.1607549 seconds
2024-10-09T21:47:21.569+0300: 624.396: [GC (Allocation Failure) 2024-10-09T21:47:21.569+0300: 624.396: [ParNew: 460096K->40976K(460096K), 0.0320496 secs] 5367039K->4978909K(8337536K), 0.0321319 secs] [Times: user=0.03 sys=0.00, real=0.03 secs] 
2024-10-09T21:47:21.600+0300: 624.428: Total time for which application threads were stopped: 0.0323965 seconds, Stopping threads took: 0.0001405 seconds
2024-10-09T21:47:21.773+0300: 624.610: Application time: 0.1823733 seconds
2024-10-09T21:47:21.773+0300: 624.611: [GC (Allocation Failure) 2024-10-09T21:47:21.773+0300: 624.611: [ParNew: 450000K->51072K(460096K), 0.0250812 secs] 5387933K->4992831K(8337536K), 0.0251622 secs] [Times: user=0.03 sys=0.00, real=0.03 secs] 
2024-10-09T21:47:21.804+0300: 624.636: Total time for which application threads were stopped: 0.0254030 seconds, Stopping threads took: 0.0001183 seconds
2024-10-09T21:47:21.962+0300: 624.795: Application time: 0.1589376 seconds
2024-10-09T21:47:21.962+0300: 624.795: [GC (Allocation Failure) 2024-10-09T21:47:21.962+0300: 624.795: [ParNew: 460096K->50753K(460096K), 0.0333319 secs] 5401855K->5015237K(8337536K), 0.0334735 secs] [Times: user=0.03 sys=0.00, real=0.03 secs] 
2024-10-09T21:47:21.993+0300: 624.829: Total time for which application threads were stopped: 0.0337350 seconds, Stopping threads took: 0.0001459 seconds
2024-10-09T21:47:22.154+0300: 624.985: Application time: 0.1566893 seconds
2024-10-09T21:47:22.154+0300: 624.985: [GC (Allocation Failure) 2024-10-09T21:47:22.154+0300: 624.986: [ParNew: 459777K->51072K(460096K), 0.0287158 secs] 5424261K->5039589K(8337536K), 0.0297557 secs] [Times: user=0.03 sys=0.00, real=0.03 secs] 
2024-10-09T21:47:22.181+0300: 625.015: Total time for which application threads were stopped: 0.0299949 seconds, Stopping threads took: 0.0001169 seconds
2024-10-09T21:47:22.354+0300: 625.189: Application time: 0.1737487 seconds
2024-10-09T21:47:22.354+0300: 625.189: [GC (Allocation Failure) 2024-10-09T21:47:22.354+0300: 625.189: [ParNew: 460096K->48117K(460096K), 0.0267007 secs] 5448613K->5049529K(8337536K), 0.0267879 secs] [Times: user=0.03 sys=0.00, real=0.03 secs] 
2024-10-09T21:47:22.385+0300: 625.216: Total time for which application threads were stopped: 0.0270182 seconds, Stopping threads took: 0.0001170 seconds
2024-10-09T21:47:22.542+0300: 625.378: Application time: 0.1615420 seconds
2024-10-09T21:47:22.542+0300: 625.378: [GC (Allocation Failure) 2024-10-09T21:47:22.542+0300: 625.378: [ParNew: 457141K->51072K(460096K), 0.0282482 secs] 5458553K->5066344K(8337536K), 0.0283342 secs] [Times: user=0.03 sys=0.00, real=0.03 secs] 
2024-10-09T21:47:22.574+0300: 625.406: Total time for which application threads were stopped: 0.0285720 seconds, Stopping threads took: 0.0001213 seconds
2024-10-09T21:47:22.731+0300: 625.569: Application time: 0.1626841 seconds
2024-10-09T21:47:22.731+0300: 625.569: [GC (Allocation Failure) 2024-10-09T21:47:22.731+0300: 625.569: [ParNew: 460096K->45315K(460096K), 0.0285831 secs] 5475368K->5081621K(8337536K), 0.0286900 secs] [Times: user=0.06 sys=0.00, real=0.03 secs] 
2024-10-09T21:47:22.762+0300: 625.598: Total time for which application threads were stopped: 0.0289887 seconds, Stopping threads took: 0.0001456 seconds
2024-10-09T21:47:22.935+0300: 625.770: Application time: 0.1717547 seconds
2024-10-09T21:47:22.935+0300: 625.770: [GC (Allocation Failure) 2024-10-09T21:47:22.935+0300: 625.770: [ParNew: 454339K->51072K(460096K), 0.0267339 secs] 5490645K->5100852K(8337536K), 0.0268226 secs] [Times: user=0.03 sys=0.00, real=0.03 secs] 
2024-10-09T21:47:22.966+0300: 625.797: Total time for which application threads were stopped: 0.0271066 seconds, Stopping threads took: 0.0001600 seconds
2024-10-09T21:47:23.124+0300: 625.959: Application time: 0.1624990 seconds
2024-10-09T21:47:23.124+0300: 625.959: [GC (Allocation Failure) 2024-10-09T21:47:23.124+0300: 625.959: [ParNew: 460096K->51072K(460096K), 0.0266300 secs] 5509876K->5111989K(8337536K), 0.0267124 secs] [Times: user=0.03 sys=0.00, real=0.03 secs] 
2024-10-09T21:47:23.156+0300: 625.986: Total time for which application threads were stopped: 0.0269731 seconds, Stopping threads took: 0.0001439 seconds
2024-10-09T21:47:23.312+0300: 626.144: Application time: 0.1579216 seconds
2024-10-09T21:47:23.312+0300: 626.144: [GC (Allocation Failure) 2024-10-09T21:47:23.312+0300: 626.144: [ParNew: 460096K->51072K(460096K), 0.0293110 secs] 5521013K->5132857K(8337536K), 0.0294060 secs] [Times: user=0.03 sys=0.00, real=0.03 secs] 
2024-10-09T21:47:23.343+0300: 626.174: Total time for which application threads were stopped: 0.0296595 seconds, Stopping threads took: 0.0001307 seconds
2024-10-09T21:47:23.516+0300: 626.345: Application time: 0.1708994 seconds
2024-10-09T21:47:23.516+0300: 626.345: [GC (Allocation Failure) 2024-10-09T21:47:23.516+0300: 626.345: [ParNew: 460096K->51072K(460096K), 0.0264865 secs] 5541881K->5142620K(8337536K), 0.0265665 secs] [Times: user=0.02 sys=0.00, real=0.02 secs] 
2024-10-09T21:47:23.532+0300: 626.371: Total time for which application threads were stopped: 0.0268362 seconds, Stopping threads took: 0.0001452 seconds
2024-10-09T21:47:23.719+0300: 626.546: Application time: 0.1748609 seconds
2024-10-09T21:47:23.719+0300: 626.547: [GC (Allocation Failure) 2024-10-09T21:47:23.719+0300: 626.547: [ParNew: 460096K->51072K(460096K), 0.0360458 secs] 5551644K->5172122K(8337536K), 0.0361385 secs] [Times: user=0.09 sys=0.00, real=0.03 secs] 
2024-10-09T21:47:23.751+0300: 626.583: Total time for which application threads were stopped: 0.0364041 seconds, Stopping threads took: 0.0001288 seconds
2024-10-09T21:47:23.908+0300: 626.748: Application time: 0.1654395 seconds
2024-10-09T21:47:23.908+0300: 626.748: [GC (Allocation Failure) 2024-10-09T21:47:23.908+0300: 626.748: [ParNew: 460096K->50272K(460096K), 0.0284810 secs] 5581146K->5189224K(8337536K), 0.0285785 secs] [Times: user=0.06 sys=0.00, real=0.03 secs] 
2024-10-09T21:47:23.939+0300: 626.777: Total time for which application threads were stopped: 0.0288383 seconds, Stopping threads took: 0.0001077 seconds
2024-10-09T21:47:24.112+0300: 626.947: Application time: 0.1703310 seconds
2024-10-09T21:47:24.112+0300: 626.948: [GC (Allocation Failure) 2024-10-09T21:47:24.112+0300: 626.948: [ParNew: 459296K->51072K(460096K), 0.0265263 secs] 5598248K->5203056K(8337536K), 0.0266165 secs] [Times: user=0.06 sys=0.00, real=0.03 secs] 
2024-10-09T21:47:24.143+0300: 626.974: Total time for which application threads were stopped: 0.0269136 seconds, Stopping threads took: 0.0001727 seconds
2024-10-09T21:47:24.300+0300: 627.131: Application time: 0.1570602 seconds
2024-10-09T21:47:24.300+0300: 627.132: [GC (Allocation Failure) 2024-10-09T21:47:24.300+0300: 627.132: [ParNew: 460096K->51072K(460096K), 0.0311147 secs] 5612080K->5225475K(8337536K), 0.0311996 secs] [Times: user=0.06 sys=0.00, real=0.03 secs] 
2024-10-09T21:47:24.331+0300: 627.163: Total time for which application threads were stopped: 0.0314619 seconds, Stopping threads took: 0.0001405 seconds
2024-10-09T21:47:24.489+0300: 627.327: Application time: 0.1637106 seconds
2024-10-09T21:47:24.489+0300: 627.327: [GC (Allocation Failure) 2024-10-09T21:47:24.489+0300: 627.327: [ParNew: 460096K->51072K(460096K), 0.0279004 secs] 5634499K->5242476K(8337536K), 0.0279928 secs] [Times: user=0.03 sys=0.00, real=0.03 secs] 
2024-10-09T21:47:24.520+0300: 627.355: Total time for which application threads were stopped: 0.0282726 seconds, Stopping threads took: 0.0001461 seconds
2024-10-09T21:47:24.693+0300: 627.531: Application time: 0.1762247 seconds
2024-10-09T21:47:24.693+0300: 627.531: [GC (Allocation Failure) 2024-10-09T21:47:24.693+0300: 627.531: [ParNew: 460096K->51072K(460096K), 0.0275032 secs] 5651500K->5255492K(8337536K), 0.0276004 secs] [Times: user=0.08 sys=0.00, real=0.03 secs] 
2024-10-09T21:47:24.724+0300: 627.559: Total time for which application threads were stopped: 0.0278786 seconds, Stopping threads took: 0.0001277 seconds
2024-10-09T21:47:24.881+0300: 627.719: Application time: 0.1599184 seconds
2024-10-09T21:47:24.881+0300: 627.719: [GC (Allocation Failure) 2024-10-09T21:47:24.881+0300: 627.719: [ParNew: 460096K->51072K(460096K), 0.0261848 secs] 5664516K->5266264K(8337536K), 0.0262712 secs] [Times: user=0.03 sys=0.00, real=0.03 secs] 
2024-10-09T21:47:24.913+0300: 627.745: Total time for which application threads were stopped: 0.0265342 seconds, Stopping threads took: 0.0001504 seconds
2024-10-09T21:47:25.070+0300: 627.907: Application time: 0.1612292 seconds
2024-10-09T21:47:25.070+0300: 627.907: [GC (Allocation Failure) 2024-10-09T21:47:25.070+0300: 627.907: [ParNew: 460096K->46943K(460096K), 0.0348511 secs] 5675288K->5291615K(8337536K), 0.0349388 secs] [Times: user=0.03 sys=0.00, real=0.03 secs] 
2024-10-09T21:47:25.101+0300: 627.942: Total time for which application threads were stopped: 0.0352425 seconds, Stopping threads took: 0.0001619 seconds
2024-10-09T21:47:25.289+0300: 628.117: Application time: 0.1750098 seconds
2024-10-09T21:47:25.289+0300: 628.117: [GC (Allocation Failure) 2024-10-09T21:47:25.289+0300: 628.117: [ParNew: 455967K->51072K(460096K), 0.0320217 secs] 5700639K->5318746K(8337536K), 0.0321151 secs] [Times: user=0.03 sys=0.00, real=0.03 secs] 
2024-10-09T21:47:25.321+0300: 628.149: Total time for which application threads were stopped: 0.0323817 seconds, Stopping threads took: 0.0001364 seconds
2024-10-09T21:47:25.478+0300: 628.318: Application time: 0.1684752 seconds
2024-10-09T21:47:25.478+0300: 628.318: [GC (Allocation Failure) 2024-10-09T21:47:25.478+0300: 628.318: [ParNew: 460096K->51072K(460096K), 0.0284170 secs] 5727770K->5329717K(8337536K), 0.0285026 secs] [Times: user=0.03 sys=0.00, real=0.03 secs] 
2024-10-09T21:47:25.509+0300: 628.346: Total time for which application threads were stopped: 0.0287666 seconds, Stopping threads took: 0.0001468 seconds
2024-10-09T21:47:25.682+0300: 628.511: Application time: 0.1646254 seconds
2024-10-09T21:47:25.682+0300: 628.511: [GC (Allocation Failure) 2024-10-09T21:47:25.682+0300: 628.511: [ParNew: 460096K->49553K(460096K), 0.0384000 secs] 5738741K->5363921K(8337536K), 0.0384941 secs] [Times: user=0.16 sys=0.00, real=0.03 secs] 
2024-10-09T21:47:25.713+0300: 628.550: Total time for which application threads were stopped: 0.0388067 seconds, Stopping threads took: 0.0001737 seconds
2024-10-09T21:47:25.886+0300: 628.724: Application time: 0.1737239 seconds
2024-10-09T21:47:25.886+0300: 628.724: [GC (Allocation Failure) 2024-10-09T21:47:25.886+0300: 628.724: [ParNew: 458577K->42550K(460096K), 0.0289743 secs] 5772945K->5377070K(8337536K), 0.0290622 secs] [Times: user=0.05 sys=0.00, real=0.03 secs] 
2024-10-09T21:47:25.917+0300: 628.753: Total time for which application threads were stopped: 0.0293379 seconds, Stopping threads took: 0.0001495 seconds
2024-10-09T21:47:26.090+0300: 628.920: Application time: 0.1674812 seconds
2024-10-09T21:47:26.090+0300: 628.921: [GC (Allocation Failure) 2024-10-09T21:47:26.090+0300: 628.921: [ParNew: 451574K->51072K(460096K), 0.0279427 secs] 5786094K->5395799K(8337536K), 0.0280373 secs] [Times: user=0.03 sys=0.00, real=0.03 secs] 
2024-10-09T21:47:26.121+0300: 628.949: Total time for which application threads were stopped: 0.0283321 seconds, Stopping threads took: 0.0001538 seconds
2024-10-09T21:47:26.278+0300: 629.108: Application time: 0.1589919 seconds
2024-10-09T21:47:26.278+0300: 629.108: [GC (Allocation Failure) 2024-10-09T21:47:26.278+0300: 629.108: [ParNew: 460096K->51072K(460096K), 0.0301441 secs] 5804823K->5419525K(8337536K), 0.0302310 secs] [Times: user=0.02 sys=0.00, real=0.03 secs] 
2024-10-09T21:47:26.309+0300: 629.138: Total time for which application threads were stopped: 0.0304907 seconds, Stopping threads took: 0.0001378 seconds
2024-10-09T21:47:26.466+0300: 629.307: Application time: 0.1682826 seconds
2024-10-09T21:47:26.466+0300: 629.307: [GC (Allocation Failure) 2024-10-09T21:47:26.466+0300: 629.307: [ParNew: 460096K->51072K(460096K), 0.0292052 secs] 5828549K->5441969K(8337536K), 0.0292945 secs] [Times: user=0.03 sys=0.00, real=0.03 secs] 
2024-10-09T21:47:26.498+0300: 629.336: Total time for which application threads were stopped: 0.0295516 seconds, Stopping threads took: 0.0001325 seconds
2024-10-09T21:47:26.670+0300: 629.508: Application time: 0.1722773 seconds
2024-10-09T21:47:26.670+0300: 629.509: [GC (Allocation Failure) 2024-10-09T21:47:26.670+0300: 629.509: [ParNew: 460096K->51072K(460096K), 0.0279405 secs] 5850993K->5450716K(8337536K), 0.0280289 secs] [Times: user=0.11 sys=0.00, real=0.03 secs] 
2024-10-09T21:47:26.702+0300: 629.537: Total time for which application threads were stopped: 0.0283835 seconds, Stopping threads took: 0.0002233 seconds
2024-10-09T21:47:26.864+0300: 629.695: Application time: 0.1579807 seconds
2024-10-09T21:47:26.864+0300: 629.695: [GC (Allocation Failure) 2024-10-09T21:47:26.864+0300: 629.695: [ParNew: 460096K->49044K(460096K), 0.0285777 secs] 5859740K->5468544K(8337536K), 0.0286711 secs] [Times: user=0.03 sys=0.00, real=0.03 secs] 
2024-10-09T21:47:26.890+0300: 629.724: Total time for which application threads were stopped: 0.0289390 seconds, Stopping threads took: 0.0001509 seconds
2024-10-09T21:47:27.062+0300: 629.890: Application time: 0.1665188 seconds
2024-10-09T21:47:27.062+0300: 629.890: [GC (Allocation Failure) 2024-10-09T21:47:27.062+0300: 629.890: [ParNew: 458068K->48299K(460096K), 0.0275591 secs] 5877568K->5487969K(8337536K), 0.0276530 secs] [Times: user=0.02 sys=0.00, real=0.02 secs] 
2024-10-09T21:47:27.078+0300: 629.918: Total time for which application threads were stopped: 0.0278855 seconds, Stopping threads took: 0.0001176 seconds
2024-10-09T21:47:27.250+0300: 630.091: Application time: 0.1725224 seconds
2024-10-09T21:47:27.250+0300: 630.091: [GC (Allocation Failure) 2024-10-09T21:47:27.250+0300: 630.091: [ParNew: 457323K->51072K(460096K), 0.0275490 secs] 5896993K->5502461K(8337536K), 0.0276372 secs] [Times: user=0.03 sys=0.00, real=0.03 secs] 
2024-10-09T21:47:27.282+0300: 630.119: Total time for which application threads were stopped: 0.0279373 seconds, Stopping threads took: 0.0001788 seconds
2024-10-09T21:47:27.439+0300: 630.276: Application time: 0.1574741 seconds
2024-10-09T21:47:27.439+0300: 630.276: [GC (Allocation Failure) 2024-10-09T21:47:27.439+0300: 630.276: [ParNew: 460096K->51072K(460096K), 0.0265259 secs] 5911485K->5516719K(8337536K), 0.0266164 secs] [Times: user=0.03 sys=0.00, real=0.03 secs] 
2024-10-09T21:47:27.470+0300: 630.303: Total time for which application threads were stopped: 0.0268567 seconds, Stopping threads took: 0.0001206 seconds
2024-10-09T21:47:27.643+0300: 630.469: Application time: 0.1664222 seconds
2024-10-09T21:47:27.643+0300: 630.470: [GC (Allocation Failure) 2024-10-09T21:47:27.643+0300: 630.470: [ParNew: 460096K->51072K(460096K), 0.0300385 secs] 5925743K->5537061K(8337536K), 0.0301239 secs] [Times: user=0.02 sys=0.00, real=0.02 secs] 
2024-10-09T21:47:27.666+0300: 630.500: Total time for which application threads were stopped: 0.0303800 seconds, Stopping threads took: 0.0001383 seconds
2024-10-09T21:47:27.832+0300: 630.673: Application time: 0.1730011 seconds
2024-10-09T21:47:27.847+0300: 630.673: [GC (Allocation Failure) 2024-10-09T21:47:27.847+0300: 630.673: [ParNew: 460096K->51072K(460096K), 0.0310620 secs] 5946085K->5553959K(8337536K), 0.0311673 secs] [Times: user=0.01 sys=0.00, real=0.02 secs] 
2024-10-09T21:47:27.867+0300: 630.704: Total time for which application threads were stopped: 0.0315557 seconds, Stopping threads took: 0.0001684 seconds
2024-10-09T21:47:28.036+0300: 630.864: Application time: 0.1595672 seconds
2024-10-09T21:47:28.036+0300: 630.864: [GC (Allocation Failure) 2024-10-09T21:47:28.036+0300: 630.864: [ParNew: 460096K->51072K(460096K), 0.0338813 secs] 5962983K->5584547K(8337536K), 0.0339669 secs] [Times: user=0.01 sys=0.02, real=0.03 secs] 
2024-10-09T21:47:28.067+0300: 630.898: Total time for which application threads were stopped: 0.0342324 seconds, Stopping threads took: 0.0001448 seconds
2024-10-09T21:47:28.224+0300: 631.065: Application time: 0.1670635 seconds
2024-10-09T21:47:28.240+0300: 631.065: [GC (Allocation Failure) 2024-10-09T21:47:28.240+0300: 631.065: [ParNew: 460096K->51072K(460096K), 0.0273477 secs] 5993571K->5598392K(8337536K), 0.0274422 secs] [Times: user=0.02 sys=0.00, real=0.02 secs] 
2024-10-09T21:47:28.255+0300: 631.093: Total time for which application threads were stopped: 0.0277681 seconds, Stopping threads took: 0.0001865 seconds
2024-10-09T21:47:28.428+0300: 631.262: Application time: 0.1691991 seconds
2024-10-09T21:47:28.428+0300: 631.262: [GC (Allocation Failure) 2024-10-09T21:47:28.428+0300: 631.262: [ParNew: 460096K->51072K(460096K), 0.0385566 secs] 6007416K->5629586K(8337536K), 0.0386634 secs] [Times: user=0.05 sys=0.00, real=0.05 secs] 
2024-10-09T21:47:28.475+0300: 631.301: Total time for which application threads were stopped: 0.0390183 seconds, Stopping threads took: 0.0001729 seconds
2024-10-09T21:47:28.616+0300: 631.457: Application time: 0.1563197 seconds
2024-10-09T21:47:28.632+0300: 631.458: [GC (Allocation Failure) 2024-10-09T21:47:28.632+0300: 631.458: [ParNew: 460096K->51072K(460096K), 0.0332734 secs] 6038610K->5657934K(8337536K), 0.0333766 secs] [Times: user=0.05 sys=0.00, real=0.03 secs] 
2024-10-09T21:47:28.663+0300: 631.491: Total time for which application threads were stopped: 0.0337762 seconds, Stopping threads took: 0.0001912 seconds
2024-10-09T21:47:28.836+0300: 631.665: Application time: 0.1733329 seconds
2024-10-09T21:47:28.836+0300: 631.665: [GC (Allocation Failure) 2024-10-09T21:47:28.836+0300: 631.665: [ParNew: 460096K->51072K(460096K), 0.0270074 secs] 6066958K->5669135K(8337536K), 0.0270950 secs] [Times: user=0.05 sys=0.00, real=0.02 secs] 
2024-10-09T21:47:28.852+0300: 631.692: Total time for which application threads were stopped: 0.0273994 seconds, Stopping threads took: 0.0001663 seconds
2024-10-09T21:47:29.025+0300: 631.862: Application time: 0.1696930 seconds
2024-10-09T21:47:29.025+0300: 631.862: [GC (Allocation Failure) 2024-10-09T21:47:29.025+0300: 631.862: [ParNew: 460096K->51072K(460096K), 0.0276911 secs] 6078159K->5682545K(8337536K), 0.0277789 secs] [Times: user=0.03 sys=0.00, real=0.03 secs] 
2024-10-09T21:47:29.056+0300: 631.890: Total time for which application threads were stopped: 0.0280683 seconds, Stopping threads took: 0.0001600 seconds
2024-10-09T21:47:29.213+0300: 632.047: Application time: 0.1574256 seconds
2024-10-09T21:47:29.213+0300: 632.047: [GC (Allocation Failure) 2024-10-09T21:47:29.213+0300: 632.047: [ParNew: 460096K->51072K(460096K), 0.0290970 secs] 6091569K->5704316K(8337536K), 0.0291845 secs] [Times: user=0.03 sys=0.00, real=0.03 secs] 
2024-10-09T21:47:29.244+0300: 632.077: Total time for which application threads were stopped: 0.0294183 seconds, Stopping threads took: 0.0001145 seconds
2024-10-09T21:47:29.417+0300: 632.245: Application time: 0.1681643 seconds
2024-10-09T21:47:29.417+0300: 632.245: [GC (Allocation Failure) 2024-10-09T21:47:29.417+0300: 632.245: [ParNew: 460096K->51072K(460096K), 0.0279648 secs] 6113340K->5719332K(8337536K), 0.0280506 secs] [Times: user=0.01 sys=0.00, real=0.02 secs] 
2024-10-09T21:47:29.433+0300: 632.273: Total time for which application threads were stopped: 0.0283045 seconds, Stopping threads took: 0.0001305 seconds
2024-10-09T21:47:29.606+0300: 632.442: Application time: 0.1687221 seconds
2024-10-09T21:47:29.606+0300: 632.442: [GC (Allocation Failure) 2024-10-09T21:47:29.606+0300: 632.442: [ParNew: 460096K->51072K(460096K), 0.0329095 secs] 6128356K->5741605K(8337536K), 0.0330006 secs] [Times: user=0.03 sys=0.00, real=0.03 secs] 
2024-10-09T21:47:29.637+0300: 632.475: Total time for which application threads were stopped: 0.0332797 seconds, Stopping threads took: 0.0001534 seconds
2024-10-09T21:47:29.810+0300: 632.640: Application time: 0.1646303 seconds
2024-10-09T21:47:29.810+0300: 632.640: [GC (Allocation Failure) 2024-10-09T21:47:29.810+0300: 632.640: [ParNew: 460096K->51072K(460096K), 0.0274906 secs] 6150629K->5757459K(8337536K), 0.0275827 secs] [Times: user=0.02 sys=0.00, real=0.03 secs] 
2024-10-09T21:47:29.841+0300: 632.668: Total time for which application threads were stopped: 0.0279032 seconds, Stopping threads took: 0.0001772 seconds
2024-10-09T21:47:29.998+0300: 632.830: Application time: 0.1624890 seconds
2024-10-09T21:47:29.998+0300: 632.830: [GC (Allocation Failure) 2024-10-09T21:47:29.998+0300: 632.830: [ParNew: 460096K->51072K(460096K), 0.0292756 secs] 6166483K->5773406K(8337536K), 0.0293611 secs] [Times: user=0.03 sys=0.00, real=0.03 secs] 
2024-10-09T21:47:30.030+0300: 632.860: Total time for which application threads were stopped: 0.0296449 seconds, Stopping threads took: 0.0001602 seconds
2024-10-09T21:47:30.202+0300: 633.031: Application time: 0.1711045 seconds
2024-10-09T21:47:30.202+0300: 633.031: [GC (Allocation Failure) 2024-10-09T21:47:30.202+0300: 633.031: [ParNew: 460096K->51072K(460096K), 0.0315903 secs] 6182430K->5797306K(8337536K), 0.0316795 secs] [Times: user=0.03 sys=0.00, real=0.03 secs] 
2024-10-09T21:47:30.234+0300: 633.063: Total time for which application threads were stopped: 0.0319250 seconds, Stopping threads took: 0.0001236 seconds
2024-10-09T21:47:30.391+0300: 633.222: Application time: 0.1593282 seconds
2024-10-09T21:47:30.391+0300: 633.222: [GC (Allocation Failure) 2024-10-09T21:47:30.391+0300: 633.222: [ParNew: 460096K->51072K(460096K), 0.0273745 secs] 6206330K->5812359K(8337536K), 0.0274607 secs] [Times: user=0.03 sys=0.00, real=0.03 secs] 
2024-10-09T21:47:30.422+0300: 633.250: Total time for which application threads were stopped: 0.0277361 seconds, Stopping threads took: 0.0001584 seconds
2024-10-09T21:47:30.579+0300: 633.416: Application time: 0.1660988 seconds
2024-10-09T21:47:30.579+0300: 633.416: [GC (Allocation Failure) 2024-10-09T21:47:30.579+0300: 633.416: [ParNew: 460096K->51072K(460096K), 0.0300754 secs] 6221383K->5832390K(8337536K), 0.0301655 secs] [Times: user=0.03 sys=0.00, real=0.03 secs] 
2024-10-09T21:47:30.610+0300: 633.446: Total time for which application threads were stopped: 0.0304006 seconds, Stopping threads took: 0.0001138 seconds
2024-10-09T21:47:30.783+0300: 633.618: Application time: 0.1716041 seconds
2024-10-09T21:47:30.783+0300: 633.618: [GC (Allocation Failure) 2024-10-09T21:47:30.783+0300: 633.618: [ParNew: 460096K->51072K(460096K), 0.0295001 secs] 6241414K->5854484K(8337536K), 0.0295903 secs] [Times: user=0.03 sys=0.00, real=0.03 secs] 
2024-10-09T21:47:30.814+0300: 633.648: Total time for which application threads were stopped: 0.0299507 seconds, Stopping threads took: 0.0002267 seconds
2024-10-09T21:47:30.987+0300: 633.814: Application time: 0.1658593 seconds
2024-10-09T21:47:30.987+0300: 633.814: [GC (Allocation Failure) 2024-10-09T21:47:30.987+0300: 633.814: [ParNew: 460096K->51072K(460096K), 0.0264972 secs] 6263508K->5865582K(8337536K), 0.0265968 secs] [Times: user=0.01 sys=0.00, real=0.02 secs] 
2024-10-09T21:47:31.002+0300: 633.841: Total time for which application threads were stopped: 0.0268745 seconds, Stopping threads took: 0.0001424 seconds
2024-10-09T21:47:31.174+0300: 634.001: Application time: 0.1599077 seconds
2024-10-09T21:47:31.175+0300: 634.001: [GC (Allocation Failure) 2024-10-09T21:47:31.175+0300: 634.001: [ParNew: 460096K->51072K(460096K), 0.0284815 secs] 6274606K->5881666K(8337536K), 0.0285724 secs] [Times: user=0.02 sys=0.00, real=0.02 secs] 
2024-10-09T21:47:31.191+0300: 634.029: Total time for which application threads were stopped: 0.0288884 seconds, Stopping threads took: 0.0001782 seconds
2024-10-09T21:47:31.363+0300: 634.193: Application time: 0.1630818 seconds
2024-10-09T21:47:31.363+0300: 634.193: [GC (Allocation Failure) 2024-10-09T21:47:31.363+0300: 634.193: [ParNew: 460096K->42744K(460096K), 0.0291122 secs] 6290690K->5893216K(8337536K), 0.0291984 secs] [Times: user=0.02 sys=0.00, real=0.03 secs] 
2024-10-09T21:47:31.395+0300: 634.222: Total time for which application threads were stopped: 0.0294390 seconds, Stopping threads took: 0.0001220 seconds
2024-10-09T21:47:31.552+0300: 634.388: Application time: 0.1660246 seconds
2024-10-09T21:47:31.552+0300: 634.388: [GC (Allocation Failure) 2024-10-09T21:47:31.552+0300: 634.388: [ParNew: 451768K->51072K(460096K), 0.0273290 secs] 6302240K->5912750K(8337536K), 0.0274107 secs] [Times: user=0.03 sys=0.00, real=0.03 secs] 
2024-10-09T21:47:31.583+0300: 634.416: Total time for which application threads were stopped: 0.0276740 seconds, Stopping threads took: 0.0001464 seconds
2024-10-09T21:47:31.756+0300: 634.588: Application time: 0.1722836 seconds
2024-10-09T21:47:31.756+0300: 634.588: [GC (Allocation Failure) 2024-10-09T21:47:31.756+0300: 634.588: [ParNew: 460096K->51072K(460096K), 0.0307197 secs] 6321774K->5932991K(8337536K), 0.0308171 secs] [Times: user=0.08 sys=0.00, real=0.03 secs] 
2024-10-09T21:47:31.787+0300: 634.619: Total time for which application threads were stopped: 0.0311462 seconds, Stopping threads took: 0.0001949 seconds
2024-10-09T21:47:31.944+0300: 634.779: Application time: 0.1598918 seconds
2024-10-09T21:47:31.944+0300: 634.779: [GC (Allocation Failure) 2024-10-09T21:47:31.944+0300: 634.779: [ParNew: 460096K->51072K(460096K), 0.0313701 secs] 6342015K->5960512K(8337536K), 0.0314561 secs] [Times: user=0.03 sys=0.00, real=0.03 secs] 
2024-10-09T21:47:31.976+0300: 634.811: Total time for which application threads were stopped: 0.0317533 seconds, Stopping threads took: 0.0001633 seconds
2024-10-09T21:47:32.148+0300: 634.982: Application time: 0.1707192 seconds
2024-10-09T21:47:32.148+0300: 634.982: [GC (Allocation Failure) 2024-10-09T21:47:32.148+0300: 634.982: [ParNew: 460096K->51072K(460096K), 0.0284220 secs] 6369536K->5970716K(8337536K), 0.0285196 secs] [Times: user=0.05 sys=0.00, real=0.03 secs] 
2024-10-09T21:47:32.180+0300: 635.010: Total time for which application threads were stopped: 0.0288859 seconds, Stopping threads took: 0.0002355 seconds
2024-10-09T21:47:32.337+0300: 635.170: Application time: 0.1592794 seconds
2024-10-09T21:47:32.337+0300: 635.170: [GC (Allocation Failure) 2024-10-09T21:47:32.337+0300: 635.170: [ParNew: 460096K->51072K(460096K), 0.0338201 secs] 6379740K->5997881K(8337536K), 0.0339037 secs] [Times: user=0.03 sys=0.00, real=0.04 secs] 
2024-10-09T21:47:32.377+0300: 635.204: Total time for which application threads were stopped: 0.0341545 seconds, Stopping threads took: 0.0001332 seconds
2024-10-09T21:47:32.525+0300: 635.363: Application time: 0.1595743 seconds
2024-10-09T21:47:32.525+0300: 635.364: [GC (Allocation Failure) 2024-10-09T21:47:32.525+0300: 635.364: [ParNew: 460096K->48914K(460096K), 0.0306778 secs] 6406905K->6020372K(8337536K), 0.0307703 secs] [Times: user=0.03 sys=0.00, real=0.03 secs] 
2024-10-09T21:47:32.556+0300: 635.394: Total time for which application threads were stopped: 0.0310200 seconds, Stopping threads took: 0.0001252 seconds
2024-10-09T21:47:32.745+0300: 635.574: Application time: 0.1797542 seconds
2024-10-09T21:47:32.745+0300: 635.574: [GC (Allocation Failure) 2024-10-09T21:47:32.745+0300: 635.574: [ParNew: 457938K->51072K(460096K), 0.0284523 secs] 6429396K->6033117K(8337536K), 0.0285411 secs] [Times: user=0.03 sys=0.00, real=0.03 secs] 
2024-10-09T21:47:32.776+0300: 635.603: Total time for which application threads were stopped: 0.0287883 seconds, Stopping threads took: 0.0001256 seconds
2024-10-09T21:47:32.933+0300: 635.765: Application time: 0.1623701 seconds
2024-10-09T21:47:32.933+0300: 635.766: [GC (Allocation Failure) 2024-10-09T21:47:32.933+0300: 635.766: [ParNew: 460096K->51072K(460096K), 0.0322925 secs] 6442141K->6056698K(8337536K), 0.0323848 secs] [Times: user=0.03 sys=0.00, real=0.03 secs] 
2024-10-09T21:47:32.964+0300: 635.798: Total time for which application threads were stopped: 0.0326172 seconds, Stopping threads took: 0.0001177 seconds
2024-10-09T21:47:33.121+0300: 635.958: Application time: 0.1599230 seconds
2024-10-09T21:47:33.121+0300: 635.958: [GC (Allocation Failure) 2024-10-09T21:47:33.121+0300: 635.958: [ParNew: 460096K->51072K(460096K), 0.0277558 secs] 6465722K->6074375K(8337536K), 0.0278476 secs] [Times: user=0.03 sys=0.00, real=0.03 secs] 
2024-10-09T21:47:33.153+0300: 635.986: Total time for which application threads were stopped: 0.0280920 seconds, Stopping threads took: 0.0001265 seconds
2024-10-09T21:47:33.325+0300: 636.162: Application time: 0.1757850 seconds
2024-10-09T21:47:33.325+0300: 636.162: [GC (Allocation Failure) 2024-10-09T21:47:33.325+0300: 636.162: [ParNew: 460096K->51072K(460096K), 0.0302343 secs] 6483399K->6095321K(8337536K), 0.0303251 secs] [Times: user=0.03 sys=0.00, real=0.03 secs] 
2024-10-09T21:47:33.357+0300: 636.192: Total time for which application threads were stopped: 0.0305827 seconds, Stopping threads took: 0.0001375 seconds
2024-10-09T21:47:33.530+0300: 636.358: Application time: 0.1659441 seconds
2024-10-09T21:47:33.530+0300: 636.359: [GC (Allocation Failure) 2024-10-09T21:47:33.530+0300: 636.359: [ParNew: 460096K->51072K(460096K), 0.0311097 secs] 6504345K->6116059K(8337536K), 0.0311993 secs] [Times: user=0.02 sys=0.00, real=0.03 secs] 
2024-10-09T21:47:33.561+0300: 636.390: Total time for which application threads were stopped: 0.0314465 seconds, Stopping threads took: 0.0001267 seconds
2024-10-09T21:47:33.718+0300: 636.552: Application time: 0.1627409 seconds
2024-10-09T21:47:33.718+0300: 636.553: [GC (Allocation Failure) 2024-10-09T21:47:33.718+0300: 636.553: [ParNew: 460096K->51072K(460096K), 0.0311280 secs] 6525083K->6139975K(8337536K), 0.0312208 secs] [Times: user=0.06 sys=0.00, real=0.03 secs] 
2024-10-09T21:47:33.749+0300: 636.584: Total time for which application threads were stopped: 0.0314884 seconds, Stopping threads took: 0.0001325 seconds
2024-10-09T21:47:33.922+0300: 636.756: Application time: 0.1715184 seconds
2024-10-09T21:47:33.922+0300: 636.756: [GC (Allocation Failure) 2024-10-09T21:47:33.922+0300: 636.756: [ParNew: 460096K->51072K(460096K), 0.0309591 secs] 6548999K->6162810K(8337536K), 0.0310438 secs] [Times: user=0.03 sys=0.00, real=0.03 secs] 
2024-10-09T21:47:33.953+0300: 636.787: Total time for which application threads were stopped: 0.0313140 seconds, Stopping threads took: 0.0001523 seconds
2024-10-09T21:47:34.126+0300: 636.955: Application time: 0.1681620 seconds
2024-10-09T21:47:34.126+0300: 636.955: [GC (Allocation Failure) 2024-10-09T21:47:34.126+0300: 636.955: [ParNew: 460096K->51072K(460096K), 0.0294132 secs] 6571834K->6178241K(8337536K), 0.0295003 secs] [Times: user=0.01 sys=0.00, real=0.03 secs] 
2024-10-09T21:47:34.158+0300: 636.985: Total time for which application threads were stopped: 0.0298117 seconds, Stopping threads took: 0.0001871 seconds
2024-10-09T21:47:34.315+0300: 637.142: Application time: 0.1569778 seconds
2024-10-09T21:47:34.315+0300: 637.142: [GC (Allocation Failure) 2024-10-09T21:47:34.315+0300: 637.142: [ParNew: 460096K->46900K(460096K), 0.0304206 secs] 6587265K->6198138K(8337536K), 0.0304962 secs] [Times: user=0.03 sys=0.00, real=0.03 secs] 
2024-10-09T21:47:34.346+0300: 637.173: Total time for which application threads were stopped: 0.0307685 seconds, Stopping threads took: 0.0001565 seconds
2024-10-09T21:47:34.503+0300: 637.343: Application time: 0.1707941 seconds
2024-10-09T21:47:34.503+0300: 637.344: [GC (Allocation Failure) 2024-10-09T21:47:34.503+0300: 637.344: [ParNew: 455924K->50358K(460096K), 0.0294707 secs] 6607162K->6221047K(8337536K), 0.0295618 secs] [Times: user=0.03 sys=0.00, real=0.03 secs] 
2024-10-09T21:47:34.535+0300: 637.373: Total time for which application threads were stopped: 0.0298743 seconds, Stopping threads took: 0.0001784 seconds
2024-10-09T21:47:34.707+0300: 637.547: Application time: 0.1735743 seconds
2024-10-09T21:47:34.707+0300: 637.547: [GC (Allocation Failure) 2024-10-09T21:47:34.707+0300: 637.547: [ParNew: 459382K->51072K(460096K), 0.0327163 secs] 6630071K->6241500K(8337536K), 0.0328738 secs] [Times: user=0.03 sys=0.01, real=0.05 secs] 
2024-10-09T21:47:34.754+0300: 637.580: Total time for which application threads were stopped: 0.0331885 seconds, Stopping threads took: 0.0001637 seconds
2024-10-09T21:47:34.896+0300: 637.734: Application time: 0.1538191 seconds
2024-10-09T21:47:34.896+0300: 637.734: [GC (Allocation Failure) 2024-10-09T21:47:34.896+0300: 637.734: [ParNew: 460096K->45931K(460096K), 0.0264158 secs] 6650524K->6252513K(8337536K), 0.0265067 secs] [Times: user=0.03 sys=0.00, real=0.03 secs] 
2024-10-09T21:47:34.927+0300: 637.761: Total time for which application threads were stopped: 0.0268108 seconds, Stopping threads took: 0.0001826 seconds
2024-10-09T21:47:35.100+0300: 637.932: Application time: 0.1713373 seconds
2024-10-09T21:47:35.100+0300: 637.932: [GC (Allocation Failure) 2024-10-09T21:47:35.100+0300: 637.932: [ParNew: 454955K->51072K(460096K), 0.0265556 secs] 6661537K->6272630K(8337536K), 0.0266431 secs] [Times: user=0.03 sys=0.00, real=0.03 secs] 
2024-10-09T21:47:35.131+0300: 637.959: Total time for which application threads were stopped: 0.0269105 seconds, Stopping threads took: 0.0001524 seconds
2024-10-09T21:47:35.288+0300: 638.128: Application time: 0.1691216 seconds
2024-10-09T21:47:35.288+0300: 638.128: [GC (Allocation Failure) 2024-10-09T21:47:35.288+0300: 638.128: [ParNew: 460096K->51072K(460096K), 0.0339437 secs] 6681654K->6297334K(8337536K), 0.0340326 secs] [Times: user=0.05 sys=0.00, real=0.05 secs] 
2024-10-09T21:47:35.335+0300: 638.162: Total time for which application threads were stopped: 0.0342828 seconds, Stopping threads took: 0.0001303 seconds
2024-10-09T21:47:35.484+0300: 638.315: Application time: 0.1527156 seconds
2024-10-09T21:47:35.484+0300: 638.315: [GC (Allocation Failure) 2024-10-09T21:47:35.484+0300: 638.315: [ParNew: 460096K->51072K(460096K), 0.0311858 secs] 6706358K->6318383K(8337536K), 0.0312804 secs] [Times: user=0.01 sys=0.00, real=0.02 secs] 
2024-10-09T21:47:35.508+0300: 638.347: Total time for which application threads were stopped: 0.0315651 seconds, Stopping threads took: 0.0001640 seconds
2024-10-09T21:47:35.696+0300: 638.522: Application time: 0.1755229 seconds
2024-10-09T21:47:35.696+0300: 638.523: [GC (Allocation Failure) 2024-10-09T21:47:35.696+0300: 638.523: [ParNew: 460096K->48796K(460096K), 0.0290938 secs] 6727407K->6335209K(8337536K), 0.0291835 secs] [Times: user=0.03 sys=0.00, real=0.02 secs] 
2024-10-09T21:47:35.712+0300: 638.552: Total time for which application threads were stopped: 0.0298535 seconds, Stopping threads took: 0.0005402 seconds
2024-10-09T21:47:35.885+0300: 638.719: Application time: 0.1667073 seconds
2024-10-09T21:47:35.885+0300: 638.719: [GC (Allocation Failure) 2024-10-09T21:47:35.885+0300: 638.719: [ParNew: 457820K->51072K(460096K), 0.0300032 secs] 6744233K->6354896K(8337536K), 0.0300940 secs] [Times: user=0.03 sys=0.00, real=0.03 secs] 
2024-10-09T21:47:35.916+0300: 638.749: Total time for which application threads were stopped: 0.0303519 seconds, Stopping threads took: 0.0001385 seconds
2024-10-09T21:47:36.073+0300: 638.908: Application time: 0.1593690 seconds
2024-10-09T21:47:36.073+0300: 638.909: [GC (Allocation Failure) 2024-10-09T21:47:36.073+0300: 638.909: [ParNew: 460096K->51072K(460096K), 0.0289773 secs] 6763920K->6372443K(8337536K), 0.0290607 secs] [Times: user=0.03 sys=0.00, real=0.03 secs] 
2024-10-09T21:47:36.104+0300: 638.938: Total time for which application threads were stopped: 0.0293077 seconds, Stopping threads took: 0.0001285 seconds
2024-10-09T21:47:36.277+0300: 639.108: Application time: 0.1702322 seconds
2024-10-09T21:47:36.277+0300: 639.108: [GC (Allocation Failure) 2024-10-09T21:47:36.277+0300: 639.108: [ParNew: 460096K->51072K(460096K), 0.0294495 secs] 6781467K->6389595K(8337536K), 0.0295354 secs] [Times: user=0.03 sys=0.00, real=0.03 secs] 
2024-10-09T21:47:36.308+0300: 639.138: Total time for which application threads were stopped: 0.0297952 seconds, Stopping threads took: 0.0001406 seconds
2024-10-09T21:47:36.465+0300: 639.301: Application time: 0.1635707 seconds
2024-10-09T21:47:36.465+0300: 639.302: [GC (Allocation Failure) 2024-10-09T21:47:36.465+0300: 639.302: [ParNew: 460096K->51072K(460096K), 0.0304694 secs] 6798619K->6409743K(8337536K), 0.0305571 secs] [Times: user=0.03 sys=0.00, real=0.03 secs] 
2024-10-09T21:47:36.497+0300: 639.332: Total time for which application threads were stopped: 0.0308487 seconds, Stopping threads took: 0.0001759 seconds
2024-10-09T21:47:36.669+0300: 639.495: Application time: 0.1631347 seconds
2024-10-09T21:47:36.669+0300: 639.496: [GC (Allocation Failure) 2024-10-09T21:47:36.669+0300: 639.496: [ParNew: 460096K->51072K(460096K), 0.0306782 secs] 6818767K->6428816K(8337536K), 0.0307780 secs] [Times: user=0.14 sys=0.00, real=0.02 secs] 
2024-10-09T21:47:36.687+0300: 639.526: Total time for which application threads were stopped: 0.0310642 seconds, Stopping threads took: 0.0001415 seconds
2024-10-09T21:47:36.873+0300: 639.702: Application time: 0.1760633 seconds
2024-10-09T21:47:36.873+0300: 639.703: [GC (Allocation Failure) 2024-10-09T21:47:36.873+0300: 639.703: [ParNew: 460096K->51072K(460096K), 0.0338115 secs] 6837840K->6457027K(8337536K), 0.0338959 secs] [Times: user=0.03 sys=0.00, real=0.03 secs] 
2024-10-09T21:47:36.905+0300: 639.737: Total time for which application threads were stopped: 0.0341349 seconds, Stopping threads took: 0.0001236 seconds
2024-10-09T21:47:37.061+0300: 639.895: Application time: 0.1586788 seconds
2024-10-09T21:47:37.061+0300: 639.895: [GC (Allocation Failure) 2024-10-09T21:47:37.061+0300: 639.895: [ParNew: 460096K->51072K(460096K), 0.0322656 secs] 6866051K->6481378K(8337536K), 0.0323542 secs] [Times: user=0.03 sys=0.00, real=0.03 secs] 
2024-10-09T21:47:37.093+0300: 639.928: Total time for which application threads were stopped: 0.0325812 seconds, Stopping threads took: 0.0001110 seconds
2024-10-09T21:47:37.250+0300: 640.091: Application time: 0.1629725 seconds
2024-10-09T21:47:37.250+0300: 640.091: [GC (Allocation Failure) 2024-10-09T21:47:37.250+0300: 640.091: [ParNew: 460096K->51072K(460096K), 0.0267177 secs] 6890402K->6494180K(8337536K), 0.0268070 secs] [Times: user=0.02 sys=0.00, real=0.04 secs] 
2024-10-09T21:47:37.288+0300: 640.118: Total time for which application threads were stopped: 0.0271103 seconds, Stopping threads took: 0.0001798 seconds
2024-10-09T21:47:37.454+0300: 640.289: Application time: 0.1707172 seconds
2024-10-09T21:47:37.454+0300: 640.289: [GC (Allocation Failure) 2024-10-09T21:47:37.454+0300: 640.289: [ParNew: 460096K->51072K(460096K), 0.0287519 secs] 6903204K->6513146K(8337536K), 0.0288393 secs] [Times: user=0.01 sys=0.00, real=0.03 secs] 
2024-10-09T21:47:37.488+0300: 640.318: Total time for which application threads were stopped: 0.0291014 seconds, Stopping threads took: 0.0001447 seconds
2024-10-09T21:47:37.642+0300: 640.475: Application time: 0.1571830 seconds
2024-10-09T21:47:37.642+0300: 640.475: [GC (Allocation Failure) 2024-10-09T21:47:37.642+0300: 640.475: [ParNew: 460096K->51072K(460096K), 0.0313744 secs] 6922170K->6532785K(8337536K), 0.0314940 secs] [Times: user=0.03 sys=0.00, real=0.03 secs] 
2024-10-09T21:47:37.674+0300: 640.507: Total time for which application threads were stopped: 0.0317469 seconds, Stopping threads took: 0.0001177 seconds
2024-10-09T21:47:37.846+0300: 640.676: Application time: 0.1689426 seconds
2024-10-09T21:47:37.846+0300: 640.676: [GC (Allocation Failure) 2024-10-09T21:47:37.846+0300: 640.676: [ParNew: 460096K->44639K(460096K), 0.0326082 secs] 6941809K->6555103K(8337536K), 0.0327085 secs] [Times: user=0.11 sys=0.00, real=0.03 secs] 
2024-10-09T21:47:37.878+0300: 640.709: Total time for which application threads were stopped: 0.0329710 seconds, Stopping threads took: 0.0001142 seconds
2024-10-09T21:47:38.050+0300: 640.878: Application time: 0.1693198 seconds
2024-10-09T21:47:38.050+0300: 640.878: [GC (Allocation Failure) 2024-10-09T21:47:38.050+0300: 640.878: [ParNew: 453663K->51072K(460096K), 0.0269095 secs] 6964127K->6577209K(8337536K), 0.0269951 secs] [Times: user=0.02 sys=0.00, real=0.02 secs] 
2024-10-09T21:47:38.066+0300: 640.905: Total time for which application threads were stopped: 0.0272533 seconds, Stopping threads took: 0.0001387 seconds
2024-10-09T21:47:38.223+0300: 641.064: Application time: 0.1592274 seconds
2024-10-09T21:47:38.239+0300: 641.065: [GC (Allocation Failure) 2024-10-09T21:47:38.239+0300: 641.065: [ParNew: 460096K->51072K(460096K), 0.0293522 secs] 6986233K->6594840K(8337536K), 0.0294498 secs] [Times: user=0.02 sys=0.00, real=0.01 secs] 
2024-10-09T21:47:38.254+0300: 641.094: Total time for which application threads were stopped: 0.0297759 seconds, Stopping threads took: 0.0002013 seconds
2024-10-09T21:47:38.427+0300: 641.255: Application time: 0.1611740 seconds
2024-10-09T21:47:38.427+0300: 641.256: [GC (Allocation Failure) 2024-10-09T21:47:38.427+0300: 641.256: [ParNew: 460096K->50594K(460096K), 0.0306783 secs] 7003864K->6615661K(8337536K), 0.0307620 secs] [Times: user=0.02 sys=0.00, real=0.03 secs] 
2024-10-09T21:47:38.460+0300: 641.286: Total time for which application threads were stopped: 0.0310470 seconds, Stopping threads took: 0.0001353 seconds
2024-10-09T21:47:38.616+0300: 641.454: Application time: 0.1673870 seconds
2024-10-09T21:47:38.616+0300: 641.454: [GC (Allocation Failure) 2024-10-09T21:47:38.616+0300: 641.454: [ParNew: 459618K->51072K(460096K), 0.0293836 secs] 7024685K->6635356K(8337536K), 0.0294665 secs] [Times: user=0.03 sys=0.00, real=0.03 secs] 
2024-10-09T21:47:38.647+0300: 641.484: Total time for which application threads were stopped: 0.0297535 seconds, Stopping threads took: 0.0001663 seconds
2024-10-09T21:47:38.820+0300: 641.651: Application time: 0.1678346 seconds
2024-10-09T21:47:38.820+0300: 641.652: [GC (Allocation Failure) 2024-10-09T21:47:38.820+0300: 641.652: [ParNew: 460096K->51072K(460096K), 0.0285785 secs] 7044380K->6649998K(8337536K), 0.0286800 secs] [Times: user=0.03 sys=0.00, real=0.03 secs] 
2024-10-09T21:47:38.851+0300: 641.680: Total time for which application threads were stopped: 0.0289622 seconds, Stopping threads took: 0.0001350 seconds
2024-10-09T21:47:39.008+0300: 641.840: Application time: 0.1592312 seconds
2024-10-09T21:47:39.008+0300: 641.840: [GC (Allocation Failure) 2024-10-09T21:47:39.008+0300: 641.840: [ParNew: 460096K->51072K(460096K), 0.0338491 secs] 7059022K->6677293K(8337536K), 0.0339450 secs] [Times: user=0.03 sys=0.00, real=0.03 secs] 
2024-10-09T21:47:39.040+0300: 641.874: Total time for which application threads were stopped: 0.0342110 seconds, Stopping threads took: 0.0001354 seconds
2024-10-09T21:47:39.197+0300: 642.038: Application time: 0.1640986 seconds
2024-10-09T21:47:39.197+0300: 642.038: [GC (Allocation Failure) 2024-10-09T21:47:39.197+0300: 642.038: [ParNew: 460096K->51072K(460096K), 0.0264559 secs] 7086317K->6690564K(8337536K), 0.0265403 secs] [Times: user=0.02 sys=0.02, real=0.03 secs] 
2024-10-09T21:47:39.228+0300: 642.065: Total time for which application threads were stopped: 0.0268013 seconds, Stopping threads took: 0.0001459 seconds
2024-10-09T21:47:39.401+0300: 642.227: Application time: 0.1623232 seconds
2024-10-09T21:47:39.401+0300: 642.227: [GC (Allocation Failure) 2024-10-09T21:47:39.401+0300: 642.227: [ParNew: 460096K->51072K(460096K), 0.0344437 secs] 7099588K->6717503K(8337536K), 0.0345298 secs] [Times: user=0.03 sys=0.00, real=0.03 secs] 
2024-10-09T21:47:39.432+0300: 642.262: Total time for which application threads were stopped: 0.0347873 seconds, Stopping threads took: 0.0001416 seconds
2024-10-09T21:47:39.593+0300: 642.422: Application time: 0.1598045 seconds
2024-10-09T21:47:39.593+0300: 642.422: [GC (Allocation Failure) 2024-10-09T21:47:39.593+0300: 642.422: [ParNew: 460096K->49485K(460096K), 0.0320027 secs] 7126527K->6740075K(8337536K), 0.0320918 secs] [Times: user=0.03 sys=0.00, real=0.03 secs] 
2024-10-09T21:47:39.620+0300: 642.454: Total time for which application threads were stopped: 0.0323418 seconds, Stopping threads took: 0.0001296 seconds
2024-10-09T21:47:39.793+0300: 642.629: Application time: 0.1753429 seconds
2024-10-09T21:47:39.793+0300: 642.630: [GC (Allocation Failure) 2024-10-09T21:47:39.793+0300: 642.630: [ParNew: 458509K->51072K(460096K), 0.0316975 secs] 7149099K->6763495K(8337536K), 0.0317889 secs] [Times: user=0.03 sys=0.00, real=0.03 secs] 
2024-10-09T21:47:39.824+0300: 642.661: Total time for which application threads were stopped: 0.0320830 seconds, Stopping threads took: 0.0001788 seconds
2024-10-09T21:47:39.997+0300: 642.827: Application time: 0.1659635 seconds
2024-10-09T21:47:39.997+0300: 642.828: [GC (Allocation Failure) 2024-10-09T21:47:39.997+0300: 642.828: [ParNew: 460096K->51072K(460096K), 0.0327278 secs] 7172519K->6786797K(8337536K), 0.0328181 secs] [Times: user=0.03 sys=0.00, real=0.03 secs] 
2024-10-09T21:47:40.028+0300: 642.861: Total time for which application threads were stopped: 0.0331438 seconds, Stopping threads took: 0.0001918 seconds
2024-10-09T21:47:40.185+0300: 643.018: Application time: 0.1573566 seconds
2024-10-09T21:47:40.185+0300: 643.018: [GC (Allocation Failure) 2024-10-09T21:47:40.185+0300: 643.018: [ParNew: 460096K->51072K(460096K), 0.0325131 secs] 7195821K->6811490K(8337536K), 0.0326035 secs] [Times: user=0.03 sys=0.00, real=0.03 secs] 
2024-10-09T21:47:40.217+0300: 643.051: Total time for which application threads were stopped: 0.0328693 seconds, Stopping threads took: 0.0001459 seconds
2024-10-09T21:47:40.390+0300: 643.218: Application time: 0.1669845 seconds
2024-10-09T21:47:40.390+0300: 643.218: [GC (Allocation Failure) 2024-10-09T21:47:40.390+0300: 643.218: [ParNew: 460096K->51072K(460096K), 0.0333886 secs] 7220514K->6836201K(8337536K), 0.0334740 secs] [Times: user=0.02 sys=0.00, real=0.03 secs] 
2024-10-09T21:47:40.421+0300: 643.251: Total time for which application threads were stopped: 0.0337260 seconds, Stopping threads took: 0.0001230 seconds
2024-10-09T21:47:40.578+0300: 643.414: Application time: 0.1626975 seconds
2024-10-09T21:47:40.578+0300: 643.414: [GC (Allocation Failure) 2024-10-09T21:47:40.578+0300: 643.414: [ParNew: 460096K->49014K(460096K), 0.0280853 secs] 7245225K->6851252K(8337536K), 0.0281699 secs] [Times: user=0.03 sys=0.00, real=0.03 secs] 
2024-10-09T21:47:40.610+0300: 643.443: Total time for which application threads were stopped: 0.0284254 seconds, Stopping threads took: 0.0001273 seconds
2024-10-09T21:47:40.782+0300: 643.612: Application time: 0.1698356 seconds
2024-10-09T21:47:40.782+0300: 643.613: [GC (Allocation Failure) 2024-10-09T21:47:40.782+0300: 643.613: [ParNew: 458038K->51072K(460096K), 0.0282495 secs] 7260276K->6868890K(8337536K), 0.0283419 secs] [Times: user=0.06 sys=0.00, real=0.03 secs] 
2024-10-09T21:47:40.814+0300: 643.641: Total time for which application threads were stopped: 0.0286362 seconds, Stopping threads took: 0.0001542 seconds
2024-10-09T21:47:40.971+0300: 643.807: Application time: 0.1656270 seconds
2024-10-09T21:47:40.971+0300: 643.807: [GC (Allocation Failure) 2024-10-09T21:47:40.971+0300: 643.807: [ParNew: 460096K->51072K(460096K), 0.0292115 secs] 7277914K->6886403K(8337536K), 0.0292981 secs] [Times: user=0.03 sys=0.00, real=0.03 secs] 
2024-10-09T21:47:41.003+0300: 643.836: Total time for which application threads were stopped: 0.0295877 seconds, Stopping threads took: 0.0001732 seconds
2024-10-09T21:47:41.159+0300: 643.999: Application time: 0.1629850 seconds
2024-10-09T21:47:41.159+0300: 644.000: [GC (Allocation Failure) 2024-10-09T21:47:41.159+0300: 644.000: [ParNew: 460096K->51072K(460096K), 0.0264112 secs] 7295427K->6901139K(8337536K), 0.0265041 secs] [Times: user=0.06 sys=0.00, real=0.04 secs] 
2024-10-09T21:47:41.196+0300: 644.026: Total time for which application threads were stopped: 0.0267970 seconds, Stopping threads took: 0.0001668 seconds
2024-10-09T21:47:41.365+0300: 644.194: Application time: 0.1677550 seconds
2024-10-09T21:47:41.368+0300: 644.194: [GC (Allocation Failure) 2024-10-09T21:47:41.368+0300: 644.194: [ParNew: 460096K->51072K(460096K), 0.0347861 secs] 7310163K->6928156K(8337536K), 0.0348720 secs] [Times: user=0.02 sys=0.00, real=0.03 secs] 
2024-10-09T21:47:41.396+0300: 644.229: Total time for which application threads were stopped: 0.0351289 seconds, Stopping threads took: 0.0001357 seconds
2024-10-09T21:47:41.568+0300: 644.396: Application time: 0.1667129 seconds
2024-10-09T21:47:41.568+0300: 644.396: [GC (Allocation Failure) 2024-10-09T21:47:41.568+0300: 644.396: [ParNew: 460096K->51072K(460096K), 0.0333208 secs] 7337180K->6951367K(8337536K), 0.0334128 secs] [Times: user=0.03 sys=0.00, real=0.03 secs] 
2024-10-09T21:47:41.599+0300: 644.429: Total time for which application threads were stopped: 0.0336398 seconds, Stopping threads took: 0.0001068 seconds
2024-10-09T21:47:41.756+0300: 644.595: Application time: 0.1657558 seconds
2024-10-09T21:47:41.756+0300: 644.595: [GC (Allocation Failure) 2024-10-09T21:47:41.756+0300: 644.595: [ParNew: 460096K->51072K(460096K), 0.0315974 secs] 7360391K->6972676K(8337536K), 0.0316923 secs] [Times: user=0.11 sys=0.00, real=0.04 secs] 
2024-10-09T21:47:41.797+0300: 644.627: Total time for which application threads were stopped: 0.0320120 seconds, Stopping threads took: 0.0001741 seconds
2024-10-09T21:47:41.960+0300: 644.796: Application time: 0.1685943 seconds
2024-10-09T21:47:41.960+0300: 644.796: [GC (Allocation Failure) 2024-10-09T21:47:41.960+0300: 644.796: [ParNew: 460096K->51072K(460096K), 0.0287048 secs] 7381700K->6988969K(8337536K), 0.0287935 secs] [Times: user=0.06 sys=0.00, real=0.04 secs] 
2024-10-09T21:47:41.998+0300: 644.825: Total time for which application threads were stopped: 0.0290638 seconds, Stopping threads took: 0.0001471 seconds
2024-10-09T21:47:42.148+0300: 644.989: Application time: 0.1646274 seconds
2024-10-09T21:47:42.148+0300: 644.990: [GC (Allocation Failure) 2024-10-09T21:47:42.148+0300: 644.990: [ParNew: 460096K->48396K(460096K), 0.0332900 secs] 7397993K->7011352K(8337536K), 0.0333836 secs] [Times: user=0.05 sys=0.00, real=0.05 secs] 
2024-10-09T21:47:42.195+0300: 645.023: Total time for which application threads were stopped: 0.0336273 seconds, Stopping threads took: 0.0001243 seconds
2024-10-09T21:47:42.353+0300: 645.185: Application time: 0.1616776 seconds
2024-10-09T21:47:42.353+0300: 645.185: [GC (Allocation Failure) 2024-10-09T21:47:42.353+0300: 645.185: [ParNew: 457420K->51072K(460096K), 0.0278191 secs] 7420376K->7028518K(8337536K), 0.0278980 secs] [Times: user=0.03 sys=0.00, real=0.03 secs] 
2024-10-09T21:47:42.384+0300: 645.213: Total time for which application threads were stopped: 0.0281627 seconds, Stopping threads took: 0.0001476 seconds
2024-10-09T21:47:42.541+0300: 645.379: Application time: 0.1658778 seconds
2024-10-09T21:47:42.541+0300: 645.379: [GC (Allocation Failure) 2024-10-09T21:47:42.541+0300: 645.379: [ParNew: 460096K->51072K(460096K), 0.0313950 secs] 7437542K->7050625K(8337536K), 0.0314843 secs] [Times: user=0.03 sys=0.00, real=0.03 secs] 
2024-10-09T21:47:42.572+0300: 645.410: Total time for which application threads were stopped: 0.0317406 seconds, Stopping threads took: 0.0001369 seconds
2024-10-09T21:47:42.745+0300: 645.584: Application time: 0.1736602 seconds
2024-10-09T21:47:42.745+0300: 645.584: [GC (Allocation Failure) 2024-10-09T21:47:42.745+0300: 645.584: [ParNew: 460096K->51072K(460096K), 0.0293192 secs] 7459649K->7067995K(8337536K), 0.0294093 secs] [Times: user=0.05 sys=0.00, real=0.03 secs] 
2024-10-09T21:47:42.776+0300: 645.614: Total time for which application threads were stopped: 0.0296633 seconds, Stopping threads took: 0.0001136 seconds
2024-10-09T21:47:42.949+0300: 645.776: Application time: 0.1623112 seconds
2024-10-09T21:47:42.949+0300: 645.776: [GC (Allocation Failure) 2024-10-09T21:47:42.949+0300: 645.776: [ParNew: 460096K->51072K(460096K), 0.0270628 secs] 7477019K->7078588K(8337536K), 0.0271456 secs] [Times: user=0.02 sys=0.00, real=0.02 secs] 
2024-10-09T21:47:42.965+0300: 645.803: Total time for which application threads were stopped: 0.0273875 seconds, Stopping threads took: 0.0001255 seconds
2024-10-09T21:47:43.138+0300: 645.971: Application time: 0.1676371 seconds
2024-10-09T21:47:43.138+0300: 645.971: [GC (Allocation Failure) 2024-10-09T21:47:43.138+0300: 645.971: [ParNew: 460096K->51072K(460096K), 0.0313932 secs] 7487612K->7101689K(8337536K), 0.0314833 secs] [Times: user=0.03 sys=0.00, real=0.03 secs] 
2024-10-09T21:47:43.169+0300: 646.003: Total time for which application threads were stopped: 0.0317741 seconds, Stopping threads took: 0.0001724 seconds
2024-10-09T21:47:43.342+0300: 646.168: Application time: 0.1652075 seconds
2024-10-09T21:47:43.342+0300: 646.168: [GC (Allocation Failure) 2024-10-09T21:47:43.342+0300: 646.168: [ParNew: 460096K->50923K(460096K), 0.0285594 secs] 7510713K->7117337K(8337536K), 0.0286503 secs] [Times: user=0.01 sys=0.00, real=0.02 secs] 
2024-10-09T21:47:43.357+0300: 646.197: Total time for which application threads were stopped: 0.0288887 seconds, Stopping threads took: 0.0000924 seconds
2024-10-09T21:47:43.530+0300: 646.361: Application time: 0.1634993 seconds
2024-10-09T21:47:43.530+0300: 646.361: [GC (Allocation Failure) 2024-10-09T21:47:43.530+0300: 646.361: [ParNew: 459947K->51072K(460096K), 0.0273705 secs] 7526361K->7130412K(8337536K), 0.0274481 secs] [Times: user=0.03 sys=0.00, real=0.03 secs] 
2024-10-09T21:47:43.561+0300: 646.388: Total time for which application threads were stopped: 0.0276773 seconds, Stopping threads took: 0.0001139 seconds
2024-10-09T21:47:43.734+0300: 646.562: Application time: 0.1736470 seconds
2024-10-09T21:47:43.734+0300: 646.562: [GC (Allocation Failure) 2024-10-09T21:47:43.734+0300: 646.562: [ParNew: 460096K->51072K(460096K), 0.0289316 secs] 7539436K->7151431K(8337536K), 0.0291029 secs] [Times: user=0.06 sys=0.00, real=0.03 secs] 
2024-10-09T21:47:43.765+0300: 646.591: Total time for which application threads were stopped: 0.0293743 seconds, Stopping threads took: 0.0001171 seconds
2024-10-09T21:47:43.923+0300: 646.757: Application time: 0.1656469 seconds
2024-10-09T21:47:43.923+0300: 646.757: [GC (Allocation Failure) 2024-10-09T21:47:43.923+0300: 646.757: [ParNew: 460096K->51072K(460096K), 0.0293219 secs] 7560455K->7165758K(8337536K), 0.0294156 secs] [Times: user=0.03 sys=0.00, real=0.03 secs] 
2024-10-09T21:47:43.954+0300: 646.787: Total time for which application threads were stopped: 0.0296996 seconds, Stopping threads took: 0.0001581 seconds
2024-10-09T21:47:44.111+0300: 646.945: Application time: 0.1589332 seconds
2024-10-09T21:47:44.111+0300: 646.946: [GC (Allocation Failure) 2024-10-09T21:47:44.111+0300: 646.946: [ParNew: 460096K->51072K(460096K), 0.0330111 secs] 7574782K->7190399K(8337536K), 0.0331035 secs] [Times: user=0.02 sys=0.02, real=0.03 secs] 
2024-10-09T21:47:44.142+0300: 646.979: Total time for which application threads were stopped: 0.0333521 seconds, Stopping threads took: 0.0001292 seconds
2024-10-09T21:47:44.315+0300: 647.146: Application time: 0.1669851 seconds
2024-10-09T21:47:44.315+0300: 647.146: [GC (Allocation Failure) 2024-10-09T21:47:44.315+0300: 647.146: [ParNew: 460096K->51072K(460096K), 0.0302913 secs] 7599423K->7212026K(8337536K), 0.0303813 secs] [Times: user=0.03 sys=0.00, real=0.03 secs] 
2024-10-09T21:47:44.346+0300: 647.176: Total time for which application threads were stopped: 0.0306435 seconds, Stopping threads took: 0.0001406 seconds
2024-10-09T21:47:44.503+0300: 647.343: Application time: 0.1660243 seconds
2024-10-09T21:47:44.503+0300: 647.343: [GC (Allocation Failure) 2024-10-09T21:47:44.503+0300: 647.343: [ParNew: 460096K->51072K(460096K), 0.0272289 secs] 7621050K->7222165K(8337536K), 0.0273312 secs] [Times: user=0.06 sys=0.00, real=0.03 secs] 
2024-10-09T21:47:44.534+0300: 647.370: Total time for which application threads were stopped: 0.0276170 seconds, Stopping threads took: 0.0001445 seconds
2024-10-09T21:47:44.691+0300: 647.528: Application time: 0.1582238 seconds
2024-10-09T21:47:44.691+0300: 647.529: [GC (Allocation Failure) 2024-10-09T21:47:44.691+0300: 647.529: [ParNew: 460096K->51072K(460096K), 0.0381093 secs] 7631189K->7247542K(8337536K), 0.0382016 secs] [Times: user=0.17 sys=0.00, real=0.05 secs] 
2024-10-09T21:47:44.738+0300: 647.567: Total time for which application threads were stopped: 0.0385234 seconds, Stopping threads took: 0.0001919 seconds
2024-10-09T21:47:44.904+0300: 647.732: Application time: 0.1653892 seconds
2024-10-09T21:47:44.904+0300: 647.733: [GC (Allocation Failure) 2024-10-09T21:47:44.904+0300: 647.733: [ParNew: 460096K->51072K(460096K), 0.0300510 secs] 7656566K->7265288K(8337536K), 0.0301413 secs] [Times: user=0.02 sys=0.00, real=0.02 secs] 
2024-10-09T21:47:44.927+0300: 647.763: Total time for which application threads were stopped: 0.0304043 seconds, Stopping threads took: 0.0001480 seconds
2024-10-09T21:47:45.105+0300: 647.931: Application time: 0.1686387 seconds
2024-10-09T21:47:45.105+0300: 647.932: [GC (Allocation Failure) 2024-10-09T21:47:45.105+0300: 647.932: [ParNew: 460096K->51072K(460096K), 0.0305843 secs] 7674312K->7283699K(8337536K), 0.0306734 secs] [Times: user=0.00 sys=0.02, real=0.03 secs] 
2024-10-09T21:47:45.131+0300: 647.962: Total time for which application threads were stopped: 0.0309440 seconds, Stopping threads took: 0.0001473 seconds
2024-10-09T21:47:45.288+0300: 648.120: Application time: 0.1582001 seconds
2024-10-09T21:47:45.288+0300: 648.121: [GC (Allocation Failure) 2024-10-09T21:47:45.288+0300: 648.121: [ParNew: 460096K->51072K(460096K), 0.0321945 secs] 7692723K->7303225K(8337536K), 0.0322841 secs] [Times: user=0.03 sys=0.00, real=0.03 secs] 
2024-10-09T21:47:45.320+0300: 648.153: Total time for which application threads were stopped: 0.0325151 seconds, Stopping threads took: 0.0001135 seconds
2024-10-09T21:47:45.320+0300: 648.153: Application time: 0.0001174 seconds
2024-10-09T21:47:45.320+0300: 648.153: [GC (CMS Initial Mark) [1 CMS-initial-mark: 7252153K(7877440K)] 7311346K(8337536K), 0.0045908 secs] [Times: user=0.00 sys=0.00, real=0.00 secs] 
2024-10-09T21:47:45.320+0300: 648.158: Total time for which application threads were stopped: 0.0048718 seconds, Stopping threads took: 0.0001586 seconds
2024-10-09T21:47:45.320+0300: 648.158: [CMS-concurrent-mark-start]
2024-10-09T21:47:45.351+0300: 648.178: [CMS-concurrent-mark: 0.020/0.020 secs] [Times: user=0.03 sys=0.00, real=0.03 secs] 
2024-10-09T21:47:45.351+0300: 648.178: [CMS-concurrent-preclean-start]
2024-10-09T21:47:45.351+0300: 648.186: [CMS-concurrent-preclean: 0.008/0.008 secs] [Times: user=0.00 sys=0.00, real=0.00 secs] 
2024-10-09T21:47:45.351+0300: 648.186: [CMS-concurrent-abortable-preclean-start]
2024-10-09T21:47:45.524+0300: 648.354: Application time: 0.1960566 seconds
2024-10-09T21:47:45.524+0300: 648.354: [GC (Allocation Failure) 2024-10-09T21:47:45.524+0300: 648.354: [ParNew: 460096K->50456K(460096K), 0.0327336 secs] 7712249K->7328994K(8337536K), 0.0328197 secs] [Times: user=0.03 sys=0.00, real=0.03 secs] 
2024-10-09T21:47:45.555+0300: 648.387: Total time for which application threads were stopped: 0.0330537 seconds, Stopping threads took: 0.0001184 seconds
2024-10-09T21:47:45.571+0300: 648.411: [CMS-concurrent-abortable-preclean: 0.192/0.225 secs] [Times: user=1.25 sys=0.00, real=0.22 secs] 
2024-10-09T21:47:45.571+0300: 648.412: Application time: 0.0249783 seconds
2024-10-09T21:47:45.586+0300: 648.412: [GC (CMS Final Remark) [YG occupancy: 116005 K (460096 K)]2024-10-09T21:47:45.586+0300: 648.412: [Rescan (parallel) , 0.0113113 secs]2024-10-09T21:47:45.586+0300: 648.424: [weak refs processing, 0.0000175 secs]2024-10-09T21:47:45.586+0300: 648.424: [class unloading, 0.0021041 secs]2024-10-09T21:47:45.586+0300: 648.426: [scrub symbol table, 0.0007358 secs]2024-10-09T21:47:45.586+0300: 648.427: [scrub string table, 0.0002040 secs][1 CMS-remark: 7278538K(7877440K)] 7394543K(8337536K), 0.0144820 secs] [Times: user=0.00 sys=0.00, real=0.00 secs] 
2024-10-09T21:47:45.586+0300: 648.427: Total time for which application threads were stopped: 0.0147362 seconds, Stopping threads took: 0.0001581 seconds
2024-10-09T21:47:45.586+0300: 648.427: [CMS-concurrent-sweep-start]
2024-10-09T21:47:45.775+0300: 648.610: Application time: 0.1832472 seconds
2024-10-09T21:47:45.775+0300: 648.610: [GC (Allocation Failure) 2024-10-09T21:47:45.775+0300: 648.611: [ParNew: 459480K->51072K(460096K), 0.0282227 secs] 7374873K->6975709K(8337536K), 0.0283323 secs] [Times: user=0.09 sys=0.00, real=0.03 secs] 
2024-10-09T21:47:45.807+0300: 648.639: Total time for which application threads were stopped: 0.0287609 seconds, Stopping threads took: 0.0002586 seconds
2024-10-09T21:47:45.995+0300: 648.831: Application time: 0.1917253 seconds
2024-10-09T21:47:45.995+0300: 648.831: [GC (Allocation Failure) 2024-10-09T21:47:45.995+0300: 648.831: [ParNew: 460096K->51072K(460096K), 0.0308859 secs] 7008001K->6616397K(8337536K), 0.0309745 secs] [Times: user=0.05 sys=0.00, real=0.03 secs] 
2024-10-09T21:47:46.027+0300: 648.862: Total time for which application threads were stopped: 0.0313242 seconds, Stopping threads took: 0.0002102 seconds
2024-10-09T21:47:46.215+0300: 649.051: Application time: 0.1894041 seconds
2024-10-09T21:47:46.215+0300: 649.051: [GC (Allocation Failure) 2024-10-09T21:47:46.215+0300: 649.052: [ParNew: 460096K->51072K(460096K), 0.0288332 secs] 6653720K->6263251K(8337536K), 0.0289245 secs] [Times: user=0.03 sys=0.00, real=0.03 secs] 
2024-10-09T21:47:46.246+0300: 649.080: Total time for which application threads were stopped: 0.0291535 seconds, Stopping threads took: 0.0001119 seconds
2024-10-09T21:47:46.450+0300: 649.281: Application time: 0.2007381 seconds
2024-10-09T21:47:46.450+0300: 649.281: [GC (Allocation Failure) 2024-10-09T21:47:46.450+0300: 649.281: [ParNew: 460096K->51072K(460096K), 0.0276749 secs] 6294314K->5898658K(8337536K), 0.0277580 secs] [Times: user=0.02 sys=0.00, real=0.03 secs] 
2024-10-09T21:47:46.482+0300: 649.309: Total time for which application threads were stopped: 0.0280529 seconds, Stopping threads took: 0.0001483 seconds
2024-10-09T21:47:46.670+0300: 649.504: Application time: 0.1948876 seconds
2024-10-09T21:47:46.670+0300: 649.504: [GC (Allocation Failure) 2024-10-09T21:47:46.670+0300: 649.505: [ParNew: 460096K->51072K(460096K), 0.0346095 secs] 5941681K->5554430K(8337536K), 0.0347128 secs] [Times: user=0.06 sys=0.00, real=0.04 secs] 
2024-10-09T21:47:46.708+0300: 649.539: Total time for which application threads were stopped: 0.0351123 seconds, Stopping threads took: 0.0002446 seconds
2024-10-09T21:47:46.909+0300: 649.737: Application time: 0.1976590 seconds
2024-10-09T21:47:46.909+0300: 649.737: [GC (Allocation Failure) 2024-10-09T21:47:46.909+0300: 649.737: [ParNew: 460096K->51072K(460096K), 0.0311763 secs] 5581617K->5195590K(8337536K), 0.0312684 secs] [Times: user=0.06 sys=0.00, real=0.03 secs] 
2024-10-09T21:47:46.937+0300: 649.768: Total time for which application threads were stopped: 0.0315585 seconds, Stopping threads took: 0.0001569 seconds
2024-10-09T21:47:47.141+0300: 649.977: Application time: 0.2088590 seconds
2024-10-09T21:47:47.141+0300: 649.978: [GC (Allocation Failure) 2024-10-09T21:47:47.141+0300: 649.978: [ParNew: 460096K->51072K(460096K), 0.0308807 secs] 5212506K->4816324K(8337536K), 0.0309572 secs] [Times: user=0.05 sys=0.00, real=0.03 secs] 
2024-10-09T21:47:47.173+0300: 650.009: Total time for which application threads were stopped: 0.0312532 seconds, Stopping threads took: 0.0001723 seconds
2024-10-09T21:47:47.377+0300: 650.208: Application time: 0.1990989 seconds
2024-10-09T21:47:47.377+0300: 650.208: [GC (Allocation Failure) 2024-10-09T21:47:47.377+0300: 650.208: [ParNew: 460096K->51072K(460096K), 0.0329304 secs] 4867294K->4483752K(8337536K), 0.0330376 secs] [Times: user=0.03 sys=0.00, real=0.03 secs] 
2024-10-09T21:47:47.410+0300: 650.241: Total time for which application threads were stopped: 0.0333786 seconds, Stopping threads took: 0.0001821 seconds
2024-10-09T21:47:47.612+0300: 650.444: Application time: 0.2028658 seconds
2024-10-09T21:47:47.612+0300: 650.444: [GC (Allocation Failure) 2024-10-09T21:47:47.612+0300: 650.444: [ParNew: 460096K->51072K(460096K), 0.0283917 secs] 4493305K->4099654K(8337536K), 0.0284866 secs] [Times: user=0.03 sys=0.00, real=0.03 secs] 
2024-10-09T21:47:47.644+0300: 650.473: Total time for which application threads were stopped: 0.0288190 seconds, Stopping threads took: 0.0001940 seconds
2024-10-09T21:47:47.832+0300: 650.667: Application time: 0.1943778 seconds
2024-10-09T21:47:47.832+0300: 650.668: [GC (Allocation Failure) 2024-10-09T21:47:47.832+0300: 650.668: [ParNew: 460096K->51072K(460096K), 0.0272569 secs] 4155574K->3758496K(8337536K), 0.0273567 secs] [Times: user=0.12 sys=0.00, real=0.03 secs] 
2024-10-09T21:47:47.863+0300: 650.695: Total time for which application threads were stopped: 0.0277596 seconds, Stopping threads took: 0.0002145 seconds
2024-10-09T21:47:48.052+0300: 650.882: Application time: 0.1868479 seconds
2024-10-09T21:47:48.052+0300: 650.882: [GC (Allocation Failure) 2024-10-09T21:47:48.052+0300: 650.882: [ParNew: 460096K->51072K(460096K), 0.0259694 secs] 3811450K->3412720K(8337536K), 0.0260530 secs] [Times: user=0.02 sys=0.00, real=0.01 secs] 
2024-10-09T21:47:48.067+0300: 650.908: Total time for which application threads were stopped: 0.0263499 seconds, Stopping threads took: 0.0001807 seconds
2024-10-09T21:47:48.271+0300: 651.107: Application time: 0.1993096 seconds
2024-10-09T21:47:48.271+0300: 651.108: [GC (Allocation Failure) 2024-10-09T21:47:48.271+0300: 651.108: [ParNew: 460096K->46108K(460096K), 0.0332221 secs] 3462012K->3080248K(8337536K), 0.0333144 secs] [Times: user=0.03 sys=0.00, real=0.04 secs] 
2024-10-09T21:47:48.312+0300: 651.141: Total time for which application threads were stopped: 0.0336239 seconds, Stopping threads took: 0.0001799 seconds
2024-10-09T21:47:48.513+0300: 651.342: Application time: 0.2005469 seconds
2024-10-09T21:47:48.513+0300: 651.342: [GC (Allocation Failure) 2024-10-09T21:47:48.513+0300: 651.342: [ParNew: 455132K->51072K(460096K), 0.0238947 secs] 3143923K->2741174K(8337536K), 0.0240847 secs] [Times: user=0.02 sys=0.00, real=0.03 secs] 
2024-10-09T21:47:48.538+0300: 651.366: Total time for which application threads were stopped: 0.0243827 seconds, Stopping threads took: 0.0001704 seconds
2024-10-09T21:47:48.726+0300: 651.561: Application time: 0.1948504 seconds
2024-10-09T21:47:48.726+0300: 651.561: [GC (Allocation Failure) 2024-10-09T21:47:48.726+0300: 651.561: [ParNew: 460096K->51072K(460096K), 0.0359455 secs] 2808565K->2426645K(8337536K), 0.0360359 secs] [Times: user=0.03 sys=0.00, real=0.03 secs] 
2024-10-09T21:47:48.758+0300: 651.597: Total time for which application threads were stopped: 0.0364138 seconds, Stopping threads took: 0.0002233 seconds
2024-10-09T21:47:48.961+0300: 651.791: Application time: 0.1938403 seconds
2024-10-09T21:47:48.961+0300: 651.791: [GC (Allocation Failure) 2024-10-09T21:47:48.961+0300: 651.791: [ParNew: 460096K->40658K(460096K), 0.0314678 secs] 2500155K->2109565K(8337536K), 0.0315590 secs] [Times: user=0.02 sys=0.00, real=0.03 secs] 
2024-10-09T21:47:48.993+0300: 651.823: Total time for which application threads were stopped: 0.0318947 seconds, Stopping threads took: 0.0001571 seconds
2024-10-09T21:47:49.197+0300: 652.024: Application time: 0.2011276 seconds
2024-10-09T21:47:49.197+0300: 652.024: [GC (Allocation Failure) 2024-10-09T21:47:49.197+0300: 652.024: [ParNew: 449682K->51072K(460096K), 0.0265243 secs] 2166730K->1773101K(8337536K), 0.0266046 secs] [Times: user=0.03 sys=0.00, real=0.02 secs] 
2024-10-09T21:47:49.214+0300: 652.051: Total time for which application threads were stopped: 0.0269571 seconds, Stopping threads took: 0.0002185 seconds
2024-10-09T21:47:49.401+0300: 652.234: Application time: 0.1828191 seconds
2024-10-09T21:47:49.401+0300: 652.234: [GC (Allocation Failure) 2024-10-09T21:47:49.401+0300: 652.234: [ParNew: 460096K->51072K(460096K), 0.0385507 secs] 1851764K->1474175K(8337536K), 0.0386370 secs] [Times: user=0.03 sys=0.00, real=0.03 secs] 
2024-10-09T21:47:49.433+0300: 652.273: Total time for which application threads were stopped: 0.0389373 seconds, Stopping threads took: 0.0001871 seconds
2024-10-09T21:47:49.636+0300: 652.465: Application time: 0.1925985 seconds
2024-10-09T21:47:49.636+0300: 652.466: [GC (Allocation Failure) 2024-10-09T21:47:49.636+0300: 652.466: [ParNew: 460096K->44156K(460096K), 0.0305051 secs] 1540988K->1147965K(8337536K), 0.0305919 secs] [Times: user=0.02 sys=0.00, real=0.03 secs] 
2024-10-09T21:47:49.668+0300: 652.496: Total time for which application threads were stopped: 0.0308926 seconds, Stopping threads took: 0.0001733 seconds
2024-10-09T21:47:49.888+0300: 652.728: Application time: 0.2313080 seconds
2024-10-09T21:47:49.888+0300: 652.728: [GC (Allocation Failure) 2024-10-09T21:47:49.888+0300: 652.728: [ParNew: 453180K->51072K(460096K), 0.0265003 secs] 1141230K->748036K(8337536K), 0.0266092 secs] [Times: user=0.12 sys=0.00, real=0.03 secs] 
2024-10-09T21:47:49.920+0300: 652.755: Total time for which application threads were stopped: 0.0269329 seconds, Stopping threads took: 0.0001566 seconds
2024-10-09T21:47:50.117+0300: 652.945: [CMS-concurrent-sweep: 3.936/4.518 secs] [Times: user=23.09 sys=0.06, real=4.53 secs] 
2024-10-09T21:47:50.117+0300: 652.945: [CMS-concurrent-reset-start]
2024-10-09T21:47:50.117+0300: 652.945: Application time: 0.1908339 seconds
2024-10-09T21:47:50.117+0300: 652.946: [GC (Allocation Failure) 2024-10-09T21:47:50.117+0300: 652.946: [ParNew: 460096K->51072K(460096K), 0.0293416 secs] 854896K->460575K(8337536K), 0.0294433 secs] [Times: user=0.05 sys=0.00, real=0.02 secs] 
2024-10-09T21:47:50.139+0300: 652.975: Total time for which application threads were stopped: 0.0296797 seconds, Stopping threads took: 0.0001035 seconds
2024-10-09T21:47:50.155+0300: 652.990: [CMS-concurrent-reset: 0.015/0.045 secs] [Times: user=0.06 sys=0.00, real=0.04 secs] 
2024-10-09T21:47:50.317+0300: 653.153: Application time: 0.1783417 seconds
2024-10-09T21:47:50.328+0300: 653.154: [GC (Allocation Failure) 2024-10-09T21:47:50.328+0300: 653.154: [ParNew: 460096K->47338K(460096K), 0.0318978 secs] 869599K->489681K(8337536K), 0.0319766 secs] [Times: user=0.11 sys=0.00, real=0.03 secs] 
2024-10-09T21:47:50.359+0300: 653.186: Total time for which application threads were stopped: 0.0322731 seconds, Stopping threads took: 0.0001477 seconds
2024-10-09T21:47:50.532+0300: 653.361: Application time: 0.1747834 seconds
2024-10-09T21:47:50.532+0300: 653.361: [GC (Allocation Failure) 2024-10-09T21:47:50.532+0300: 653.361: [ParNew: 456362K->51072K(460096K), 0.0245218 secs] 898705K->495559K(8337536K), 0.0245940 secs] [Times: user=0.09 sys=0.00, real=0.02 secs] 
2024-10-09T21:47:50.548+0300: 653.385: Total time for which application threads were stopped: 0.0248331 seconds, Stopping threads took: 0.0001167 seconds
2024-10-09T21:47:50.720+0300: 653.550: Application time: 0.1646579 seconds
2024-10-09T21:47:50.720+0300: 653.550: [GC (Allocation Failure) 2024-10-09T21:47:50.720+0300: 653.550: [ParNew: 460096K->51072K(460096K), 0.0302665 secs] 904583K->509206K(8337536K), 0.0303580 secs] [Times: user=0.11 sys=0.00, real=0.03 secs] 
2024-10-09T21:47:50.751+0300: 653.581: Total time for which application threads were stopped: 0.0305948 seconds, Stopping threads took: 0.0000941 seconds
2024-10-09T21:47:50.908+0300: 653.741: Application time: 0.1608580 seconds
2024-10-09T21:47:50.908+0300: 653.742: [GC (Allocation Failure) 2024-10-09T21:47:50.908+0300: 653.742: [ParNew: 460096K->43919K(460096K), 0.0325181 secs] 918230K->534415K(8337536K), 0.0325977 secs] [Times: user=0.11 sys=0.00, real=0.03 secs] 
2024-10-09T21:47:50.940+0300: 653.774: Total time for which application threads were stopped: 0.0327990 seconds, Stopping threads took: 0.0000838 seconds
2024-10-09T21:47:51.119+0300: 653.951: Application time: 0.1765293 seconds
2024-10-09T21:47:51.119+0300: 653.951: [GC (Allocation Failure) 2024-10-09T21:47:51.119+0300: 653.951: [ParNew: 452943K->51072K(460096K), 0.0270219 secs] 943439K->545404K(8337536K), 0.0271052 secs] [Times: user=0.05 sys=0.00, real=0.03 secs] 
2024-10-09T21:47:51.144+0300: 653.978: Total time for which application threads were stopped: 0.0274097 seconds, Stopping threads took: 0.0001763 seconds
2024-10-09T21:47:51.301+0300: 654.138: Application time: 0.1600472 seconds
2024-10-09T21:47:51.301+0300: 654.139: [GC (Allocation Failure) 2024-10-09T21:47:51.301+0300: 654.139: [ParNew: 460096K->51072K(460096K), 0.0302043 secs] 954428K->563346K(8337536K), 0.0302901 secs] [Times: user=0.11 sys=0.00, real=0.03 secs] 
2024-10-09T21:47:51.332+0300: 654.169: Total time for which application threads were stopped: 0.0305859 seconds, Stopping threads took: 0.0001700 seconds
2024-10-09T21:47:51.505+0300: 654.331: Application time: 0.1617140 seconds
2024-10-09T21:47:51.505+0300: 654.331: [GC (Allocation Failure) 2024-10-09T21:47:51.505+0300: 654.331: [ParNew: 460096K->51072K(460096K), 0.0288455 secs] 972370K->588833K(8337536K), 0.0289384 secs] [Times: user=0.09 sys=0.00, real=0.02 secs] 
2024-10-09T21:47:51.521+0300: 654.360: Total time for which application threads were stopped: 0.0291935 seconds, Stopping threads took: 0.0001130 seconds
2024-10-09T21:47:51.709+0300: 654.542: Application time: 0.1825482 seconds
2024-10-09T21:47:51.709+0300: 654.543: [GC (Allocation Failure) 2024-10-09T21:47:51.709+0300: 654.543: [ParNew: 460096K->49535K(460096K), 0.0260497 secs] 997857K->594912K(8337536K), 0.0261407 secs] [Times: user=0.17 sys=0.02, real=0.03 secs] 
2024-10-09T21:47:51.740+0300: 654.569: Total time for which application threads were stopped: 0.0264778 seconds, Stopping threads took: 0.0002060 seconds
2024-10-09T21:47:51.897+0300: 654.729: Application time: 0.1603564 seconds
2024-10-09T21:47:51.897+0300: 654.729: [GC (Allocation Failure) 2024-10-09T21:47:51.897+0300: 654.729: [ParNew: 458559K->51072K(460096K), 0.0284929 secs] 1003936K->610864K(8337536K), 0.0285744 secs] [Times: user=0.19 sys=0.00, real=0.03 secs] 
2024-10-09T21:47:51.929+0300: 654.758: Total time for which application threads were stopped: 0.0288094 seconds, Stopping threads took: 0.0001069 seconds
2024-10-09T21:47:52.085+0300: 654.919: Application time: 0.1609307 seconds
2024-10-09T21:47:52.085+0300: 654.919: [GC (Allocation Failure) 2024-10-09T21:47:52.085+0300: 654.919: [ParNew: 460096K->50876K(460096K), 0.0291114 secs] 1019888K->636721K(8337536K), 0.0292053 secs] [Times: user=0.11 sys=0.00, real=0.04 secs] 
2024-10-09T21:47:52.121+0300: 654.948: Total time for which application threads were stopped: 0.0294636 seconds, Stopping threads took: 0.0001317 seconds
2024-10-09T21:47:52.290+0300: 655.124: Application time: 0.1757909 seconds
2024-10-09T21:47:52.290+0300: 655.124: [GC (Allocation Failure) 2024-10-09T21:47:52.290+0300: 655.124: [ParNew: 459900K->51072K(460096K), 0.0246140 secs] 1045745K->639578K(8337536K), 0.0265343 secs] [Times: user=0.11 sys=0.00, real=0.03 secs] 
2024-10-09T21:47:52.322+0300: 655.151: Total time for which application threads were stopped: 0.0268004 seconds, Stopping threads took: 0.0001380 seconds
2024-10-09T21:47:52.478+0300: 655.312: Application time: 0.1614567 seconds
2024-10-09T21:47:52.478+0300: 655.313: [GC (Allocation Failure) 2024-10-09T21:47:52.478+0300: 655.313: [ParNew: 460096K->51072K(460096K), 0.0309064 secs] 1048602K->658049K(8337536K), 0.0309808 secs] [Times: user=0.11 sys=0.00, real=0.03 secs] 
2024-10-09T21:47:52.509+0300: 655.344: Total time for which application threads were stopped: 0.0312014 seconds, Stopping threads took: 0.0001035 seconds
2024-10-09T21:47:52.667+0300: 655.503: Application time: 0.1594985 seconds
2024-10-09T21:47:52.667+0300: 655.504: [GC (Allocation Failure) 2024-10-09T21:47:52.667+0300: 655.504: [ParNew: 460096K->47225K(460096K), 0.0315924 secs] 1067073K->682053K(8337536K), 0.0316767 secs] [Times: user=0.11 sys=0.00, real=0.03 secs] 
2024-10-09T21:47:52.698+0300: 655.535: Total time for which application threads were stopped: 0.0321457 seconds, Stopping threads took: 0.0003405 seconds
2024-10-09T21:47:52.885+0300: 655.720: Application time: 0.1851471 seconds
2024-10-09T21:47:52.885+0300: 655.721: [GC (Allocation Failure) 2024-10-09T21:47:52.885+0300: 655.721: [ParNew: 456249K->51072K(460096K), 0.0252334 secs] 1091077K->693428K(8337536K), 0.0253112 secs] [Times: user=0.17 sys=0.00, real=0.03 secs] 
2024-10-09T21:47:52.916+0300: 655.746: Total time for which application threads were stopped: 0.0255922 seconds, Stopping threads took: 0.0001459 seconds
2024-10-09T21:47:53.073+0300: 655.907: Application time: 0.1608625 seconds
2024-10-09T21:47:53.073+0300: 655.907: [GC (Allocation Failure) 2024-10-09T21:47:53.073+0300: 655.907: [ParNew: 460096K->51072K(460096K), 0.0342214 secs] 1102452K->717519K(8337536K), 0.0343086 secs] [Times: user=0.14 sys=0.00, real=0.03 secs] 
2024-10-09T21:47:53.105+0300: 655.941: Total time for which application threads were stopped: 0.0345538 seconds, Stopping threads took: 0.0001207 seconds
2024-10-09T21:47:53.261+0300: 656.097: Application time: 0.1559994 seconds
2024-10-09T21:47:53.261+0300: 656.098: [GC (Allocation Failure) 2024-10-09T21:47:53.261+0300: 656.098: [ParNew: 460096K->47288K(460096K), 0.0348208 secs] 1126543K->749081K(8337536K), 0.0349375 secs] [Times: user=0.05 sys=0.00, real=0.03 secs] 
2024-10-09T21:47:53.293+0300: 656.133: Total time for which application threads were stopped: 0.0352612 seconds, Stopping threads took: 0.0001752 seconds
2024-10-09T21:47:53.481+0300: 656.311: Application time: 0.1778778 seconds
2024-10-09T21:47:53.481+0300: 656.311: [GC (Allocation Failure) 2024-10-09T21:47:53.481+0300: 656.311: [ParNew: 456312K->51072K(460096K), 0.0242529 secs] 1158105K->755287K(8337536K), 0.0243362 secs] [Times: user=0.02 sys=0.00, real=0.02 secs] 
2024-10-09T21:47:53.497+0300: 656.335: Total time for which application threads were stopped: 0.0245906 seconds, Stopping threads took: 0.0001412 seconds
2024-10-09T21:47:53.670+0300: 656.498: Application time: 0.1631161 seconds
2024-10-09T21:47:53.670+0300: 656.499: [GC (Allocation Failure) 2024-10-09T21:47:53.670+0300: 656.499: [ParNew: 460096K->51072K(460096K), 0.0369157 secs] 1164311K->785514K(8337536K), 0.0370068 secs] [Times: user=0.19 sys=0.00, real=0.03 secs] 
2024-10-09T21:47:53.701+0300: 656.536: Total time for which application threads were stopped: 0.0373700 seconds, Stopping threads took: 0.0002314 seconds
2024-10-09T21:47:53.858+0300: 656.694: Application time: 0.1586141 seconds
2024-10-09T21:47:53.858+0300: 656.694: [GC (Allocation Failure) 2024-10-09T21:47:53.858+0300: 656.695: [ParNew: 460096K->40067K(460096K), 0.0266371 secs] 1194538K->795597K(8337536K), 0.0267263 secs] [Times: user=0.03 sys=0.00, real=0.03 secs] 
2024-10-09T21:47:53.889+0300: 656.721: Total time for which application threads were stopped: 0.0269760 seconds, Stopping threads took: 0.0001300 seconds
2024-10-09T21:47:54.063+0300: 656.900: Application time: 0.1789091 seconds
2024-10-09T21:47:54.063+0300: 656.900: [GC (Allocation Failure) 2024-10-09T21:47:54.063+0300: 656.900: [ParNew: 449091K->51072K(460096K), 0.0252274 secs] 1204621K->812105K(8337536K), 0.0253173 secs] [Times: user=0.03 sys=0.00, real=0.03 secs] 
2024-10-09T21:47:54.094+0300: 656.926: Total time for which application threads were stopped: 0.0255652 seconds, Stopping threads took: 0.0001286 seconds
2024-10-09T21:47:54.250+0300: 657.089: Application time: 0.1629697 seconds
2024-10-09T21:47:54.250+0300: 657.089: [GC (Allocation Failure) 2024-10-09T21:47:54.250+0300: 657.089: [ParNew: 460096K->51072K(460096K), 0.0376386 secs] 1221129K->841111K(8337536K), 0.0377245 secs] [Times: user=0.05 sys=0.00, real=0.05 secs] 
2024-10-09T21:47:54.297+0300: 657.127: Total time for which application threads were stopped: 0.0380029 seconds, Stopping threads took: 0.0001596 seconds
2024-10-09T21:47:54.439+0300: 657.276: Application time: 0.1495445 seconds
2024-10-09T21:47:54.439+0300: 657.276: [GC (Allocation Failure) 2024-10-09T21:47:54.439+0300: 657.277: [ParNew: 460096K->51072K(460096K), 0.0337849 secs] 1250135K->874515K(8337536K), 0.0338712 secs] [Times: user=0.03 sys=0.00, real=0.03 secs] 
2024-10-09T21:47:54.470+0300: 657.310: Total time for which application threads were stopped: 0.0341528 seconds, Stopping threads took: 0.0001627 seconds
2024-10-09T21:47:54.658+0300: 657.488: Application time: 0.1772071 seconds
2024-10-09T21:47:54.658+0300: 657.488: [GC (Allocation Failure) 2024-10-09T21:47:54.658+0300: 657.488: [ParNew: 460096K->48986K(460096K), 0.0281399 secs] 1283539K->888574K(8337536K), 0.0282318 secs] [Times: user=0.11 sys=0.00, real=0.03 secs] 
2024-10-09T21:47:54.690+0300: 657.516: Total time for which application threads were stopped: 0.0284886 seconds, Stopping threads took: 0.0001158 seconds
2024-10-09T21:47:54.847+0300: 657.686: Application time: 0.1694496 seconds
2024-10-09T21:47:54.847+0300: 657.686: [GC (Allocation Failure) 2024-10-09T21:47:54.847+0300: 657.686: [ParNew: 458010K->51072K(460096K), 0.0279251 secs] 1297598K->903352K(8337536K), 0.0280120 secs] [Times: user=0.06 sys=0.00, real=0.03 secs] 
2024-10-09T21:47:54.878+0300: 657.714: Total time for which application threads were stopped: 0.0282950 seconds, Stopping threads took: 0.0001591 seconds
2024-10-09T21:47:55.035+0300: 657.870: Application time: 0.1564045 seconds
2024-10-09T21:47:55.035+0300: 657.871: [GC (Allocation Failure) 2024-10-09T21:47:55.035+0300: 657.871: [ParNew: 460096K->51072K(460096K), 0.0332993 secs] 1312376K->931152K(8337536K), 0.0333923 secs] [Times: user=0.03 sys=0.00, real=0.03 secs] 
2024-10-09T21:47:55.066+0300: 657.904: Total time for which application threads were stopped: 0.0336753 seconds, Stopping threads took: 0.0001613 seconds
2024-10-09T21:47:55.239+0300: 658.073: Application time: 0.1693797 seconds
2024-10-09T21:47:55.239+0300: 658.074: [GC (Allocation Failure) 2024-10-09T21:47:55.239+0300: 658.074: [ParNew: 460096K->51072K(460096K), 0.0282146 secs] 1340176K->951055K(8337536K), 0.0283030 secs] [Times: user=0.03 sys=0.00, real=0.04 secs] 
2024-10-09T21:47:55.276+0300: 658.102: Total time for which application threads were stopped: 0.0285783 seconds, Stopping threads took: 0.0001556 seconds
2024-10-09T21:47:55.443+0300: 658.273: Application time: 0.1710946 seconds
2024-10-09T21:47:55.443+0300: 658.273: [GC (Allocation Failure) 2024-10-09T21:47:55.443+0300: 658.273: [ParNew: 460096K->51072K(460096K), 0.0270899 secs] 1360079K->960676K(8337536K), 0.0272335 secs] [Times: user=0.03 sys=0.00, real=0.03 secs] 
2024-10-09T21:47:55.475+0300: 658.301: Total time for which application threads were stopped: 0.0275119 seconds, Stopping threads took: 0.0001556 seconds
2024-10-09T21:47:55.628+0300: 658.455: Application time: 0.1544564 seconds
2024-10-09T21:47:55.628+0300: 658.455: [GC (Allocation Failure) 2024-10-09T21:47:55.628+0300: 658.455: [ParNew: 460096K->43068K(460096K), 0.0310388 secs] 1369700K->977293K(8337536K), 0.0311235 secs] [Times: user=0.02 sys=0.00, real=0.02 secs] 
2024-10-09T21:47:55.647+0300: 658.486: Total time for which application threads were stopped: 0.0313901 seconds, Stopping threads took: 0.0001456 seconds
2024-10-09T21:47:55.836+0300: 658.664: Application time: 0.1771918 seconds
2024-10-09T21:47:55.836+0300: 658.664: [GC (Allocation Failure) 2024-10-09T21:47:55.836+0300: 658.664: [ParNew: 452092K->51072K(460096K), 0.0290349 secs] 1386317K->1003428K(8337536K), 0.0291293 secs] [Times: user=0.05 sys=0.00, real=0.03 secs] 
2024-10-09T21:47:55.867+0300: 658.693: Total time for which application threads were stopped: 0.0295029 seconds, Stopping threads took: 0.0002433 seconds
2024-10-09T21:47:56.024+0300: 658.852: Application time: 0.1587145 seconds
2024-10-09T21:47:56.024+0300: 658.852: [GC (Allocation Failure) 2024-10-09T21:47:56.024+0300: 658.852: [ParNew: 460096K->51072K(460096K), 0.0304439 secs] 1412452K->1018249K(8337536K), 0.0305314 secs] [Times: user=0.03 sys=0.00, real=0.03 secs] 
2024-10-09T21:47:56.055+0300: 658.883: Total time for which application threads were stopped: 0.0308275 seconds, Stopping threads took: 0.0001688 seconds
2024-10-09T21:47:56.212+0300: 659.042: Application time: 0.1592523 seconds
2024-10-09T21:47:56.212+0300: 659.042: [GC (Allocation Failure) 2024-10-09T21:47:56.212+0300: 659.042: [ParNew: 460096K->51072K(460096K), 0.0314200 secs] 1427273K->1046442K(8337536K), 0.0315047 secs] [Times: user=0.03 sys=0.00, real=0.03 secs] 
2024-10-09T21:47:56.244+0300: 659.074: Total time for which application threads were stopped: 0.0317593 seconds, Stopping threads took: 0.0001347 seconds
2024-10-09T21:47:56.401+0300: 659.242: Application time: 0.1679390 seconds
2024-10-09T21:47:56.401+0300: 659.242: [GC (Allocation Failure) 2024-10-09T21:47:56.416+0300: 659.242: [ParNew: 460096K->51031K(460096K), 0.0285084 secs] 1455466K->1060700K(8337536K), 0.0286141 secs] [Times: user=0.05 sys=0.00, real=0.03 secs] 
2024-10-09T21:47:56.432+0300: 659.271: Total time for which application threads were stopped: 0.0289587 seconds, Stopping threads took: 0.0001964 seconds
2024-10-09T21:47:56.605+0300: 659.433: Application time: 0.1624169 seconds
2024-10-09T21:47:56.605+0300: 659.433: [GC (Allocation Failure) 2024-10-09T21:47:56.605+0300: 659.433: [ParNew: 460055K->51072K(460096K), 0.0267901 secs] 1469724K->1072467K(8337536K), 0.0268739 secs] [Times: user=0.02 sys=0.00, real=0.03 secs] 
2024-10-09T21:47:56.631+0300: 659.460: Total time for which application threads were stopped: 0.0271514 seconds, Stopping threads took: 0.0001487 seconds
2024-10-09T21:47:56.793+0300: 659.626: Application time: 0.1663818 seconds
2024-10-09T21:47:56.793+0300: 659.627: [GC (Allocation Failure) 2024-10-09T21:47:56.793+0300: 659.627: [ParNew: 460096K->51072K(460096K), 0.0368399 secs] 1481491K->1106621K(8337536K), 0.0369317 secs] [Times: user=0.03 sys=0.00, real=0.04 secs] 
2024-10-09T21:47:56.831+0300: 659.664: Total time for which application threads were stopped: 0.0372723 seconds, Stopping threads took: 0.0001948 seconds
2024-10-09T21:47:56.997+0300: 659.829: Application time: 0.1651876 seconds
2024-10-09T21:47:56.997+0300: 659.829: [GC (Allocation Failure) 2024-10-09T21:47:56.997+0300: 659.829: [ParNew: 460096K->51072K(460096K), 0.0297228 secs] 1515645K->1127042K(8337536K), 0.0298110 secs] [Times: user=0.03 sys=0.00, real=0.04 secs] 
2024-10-09T21:47:57.032+0300: 659.859: Total time for which application threads were stopped: 0.0301254 seconds, Stopping threads took: 0.0001634 seconds
2024-10-09T21:47:57.185+0300: 660.024: Application time: 0.1647636 seconds
2024-10-09T21:47:57.185+0300: 660.024: [GC (Allocation Failure) 2024-10-09T21:47:57.185+0300: 660.024: [ParNew: 460096K->51072K(460096K), 0.0302214 secs] 1536066K->1147734K(8337536K), 0.0303147 secs] [Times: user=0.03 sys=0.00, real=0.03 secs] 
2024-10-09T21:47:57.217+0300: 660.054: Total time for which application threads were stopped: 0.0305762 seconds, Stopping threads took: 0.0001445 seconds
2024-10-09T21:47:57.373+0300: 660.211: Application time: 0.1563295 seconds
2024-10-09T21:47:57.373+0300: 660.211: [GC (Allocation Failure) 2024-10-09T21:47:57.373+0300: 660.211: [ParNew: 460096K->51072K(460096K), 0.0294448 secs] 1556758K->1168458K(8337536K), 0.0295285 secs] [Times: user=0.03 sys=0.00, real=0.03 secs] 
2024-10-09T21:47:57.404+0300: 660.241: Total time for which application threads were stopped: 0.0298024 seconds, Stopping threads took: 0.0001609 seconds
2024-10-09T21:47:57.562+0300: 660.403: Application time: 0.1625325 seconds
2024-10-09T21:47:57.577+0300: 660.403: [GC (Allocation Failure) 2024-10-09T21:47:57.577+0300: 660.403: [ParNew: 460096K->51072K(460096K), 0.0274539 secs] 1577482K->1186021K(8337536K), 0.0275434 secs] [Times: user=0.02 sys=0.00, real=0.02 secs] 
2024-10-09T21:47:57.593+0300: 660.431: Total time for which application threads were stopped: 0.0278287 seconds, Stopping threads took: 0.0001612 seconds
2024-10-09T21:47:57.766+0300: 660.605: Application time: 0.1745710 seconds
2024-10-09T21:47:57.781+0300: 660.607: [GC (Allocation Failure) 2024-10-09T21:47:57.781+0300: 660.607: [ParNew: 460096K->51072K(460096K), 0.0308754 secs] 1595045K->1204487K(8337536K), 0.0309841 secs] [Times: user=0.14 sys=0.00, real=0.02 secs] 
2024-10-09T21:47:57.797+0300: 660.638: Total time for which application threads were stopped: 0.0328027 seconds, Stopping threads took: 0.0016574 seconds
2024-10-09T21:47:57.970+0300: 660.797: Application time: 0.1582298 seconds
2024-10-09T21:47:57.970+0300: 660.797: [GC (Allocation Failure) 2024-10-09T21:47:57.970+0300: 660.797: [ParNew: 460096K->51072K(460096K), 0.0329326 secs] 1613511K->1230350K(8337536K), 0.0330316 secs] [Times: user=0.03 sys=0.00, real=0.03 secs] 
2024-10-09T21:47:58.001+0300: 660.830: Total time for which application threads were stopped: 0.0333323 seconds, Stopping threads took: 0.0001728 seconds
2024-10-09T21:47:58.159+0300: 660.991: Application time: 0.1610359 seconds
2024-10-09T21:47:58.159+0300: 660.991: [GC (Allocation Failure) 2024-10-09T21:47:58.159+0300: 660.991: [ParNew: 460096K->51072K(460096K), 0.0321832 secs] 1639374K->1254280K(8337536K), 0.0322672 secs] [Times: user=0.03 sys=0.00, real=0.03 secs] 
2024-10-09T21:47:58.190+0300: 661.023: Total time for which application threads were stopped: 0.0325090 seconds, Stopping threads took: 0.0001170 seconds
2024-10-09T21:47:58.363+0300: 661.189: Application time: 0.1659546 seconds
2024-10-09T21:47:58.363+0300: 661.190: [GC (Allocation Failure) 2024-10-09T21:47:58.363+0300: 661.190: [ParNew: 460096K->51072K(460096K), 0.0288762 secs] 1663304K->1269760K(8337536K), 0.0289682 secs] [Times: user=0.02 sys=0.00, real=0.02 secs] 
2024-10-09T21:47:58.378+0300: 661.219: Total time for which application threads were stopped: 0.0292531 seconds, Stopping threads took: 0.0001613 seconds
2024-10-09T21:47:58.550+0300: 661.381: Application time: 0.1623749 seconds
2024-10-09T21:47:58.550+0300: 661.381: [GC (Allocation Failure) 2024-10-09T21:47:58.550+0300: 661.381: [ParNew: 460096K->51072K(460096K), 0.0296796 secs] 1678784K->1289699K(8337536K), 0.0297647 secs] [Times: user=0.03 sys=0.00, real=0.03 secs] 
2024-10-09T21:47:58.582+0300: 661.411: Total time for which application threads were stopped: 0.0300198 seconds, Stopping threads took: 0.0001388 seconds
2024-10-09T21:47:58.739+0300: 661.579: Application time: 0.1683918 seconds
2024-10-09T21:47:58.739+0300: 661.580: [GC (Allocation Failure) 2024-10-09T21:47:58.739+0300: 661.580: [ParNew: 460096K->51072K(460096K), 0.0286414 secs] 1698723K->1306921K(8337536K), 0.0287352 secs] [Times: user=0.06 sys=0.00, real=0.03 secs] 
2024-10-09T21:47:58.770+0300: 661.608: Total time for which application threads were stopped: 0.0290560 seconds, Stopping threads took: 0.0001626 seconds
2024-10-09T21:47:58.943+0300: 661.778: Application time: 0.1690836 seconds
2024-10-09T21:47:58.943+0300: 661.778: [GC (Allocation Failure) 2024-10-09T21:47:58.943+0300: 661.778: [ParNew: 460096K->51072K(460096K), 0.0349900 secs] 1715945K->1337989K(8337536K), 0.0350779 secs] [Times: user=0.03 sys=0.00, real=0.03 secs] 
2024-10-09T21:47:58.974+0300: 661.813: Total time for which application threads were stopped: 0.0353564 seconds, Stopping threads took: 0.0001520 seconds
2024-10-09T21:47:59.147+0300: 661.981: Application time: 0.1676153 seconds
2024-10-09T21:47:59.147+0300: 661.981: [GC (Allocation Failure) 2024-10-09T21:47:59.147+0300: 661.983: [ParNew: 460096K->51072K(460096K), 0.0283915 secs] 1747013K->1356191K(8337536K), 0.0305716 secs] [Times: user=0.03 sys=0.00, real=0.03 secs] 
2024-10-09T21:47:59.178+0300: 662.011: Total time for which application threads were stopped: 0.0308769 seconds, Stopping threads took: 0.0001816 seconds
2024-10-09T21:47:59.337+0300: 662.173: Application time: 0.1615298 seconds
2024-10-09T21:47:59.337+0300: 662.173: [GC (Allocation Failure) 2024-10-09T21:47:59.337+0300: 662.173: [ParNew: 460096K->51072K(460096K), 0.0308106 secs] 1765215K->1376804K(8337536K), 0.0309009 secs] [Times: user=0.02 sys=0.00, real=0.03 secs] 
2024-10-09T21:47:59.367+0300: 662.204: Total time for which application threads were stopped: 0.0311614 seconds, Stopping threads took: 0.0001402 seconds
2024-10-09T21:47:59.543+0300: 662.370: Application time: 0.1655092 seconds
2024-10-09T21:47:59.543+0300: 662.370: [GC (Allocation Failure) 2024-10-09T21:47:59.543+0300: 662.370: [ParNew: 460096K->51072K(460096K), 0.0286845 secs] 1785828K->1397211K(8337536K), 0.0287662 secs] [Times: user=0.03 sys=0.00, real=0.03 secs] 
2024-10-09T21:47:59.571+0300: 662.399: Total time for which application threads were stopped: 0.0289959 seconds, Stopping threads took: 0.0001172 seconds
2024-10-09T21:47:59.744+0300: 662.573: Application time: 0.1742472 seconds
2024-10-09T21:47:59.744+0300: 662.573: [GC (Allocation Failure) 2024-10-09T21:47:59.744+0300: 662.573: [ParNew: 460096K->51072K(460096K), 0.0273789 secs] 1806235K->1412514K(8337536K), 0.0274764 secs] [Times: user=0.02 sys=0.00, real=0.02 secs] 
2024-10-09T21:47:59.759+0300: 662.601: Total time for which application threads were stopped: 0.0277428 seconds, Stopping threads took: 0.0001194 seconds
2024-10-09T21:47:59.938+0300: 662.764: Application time: 0.1634605 seconds
2024-10-09T21:47:59.938+0300: 662.764: [GC (Allocation Failure) 2024-10-09T21:47:59.938+0300: 662.764: [ParNew: 460096K->51072K(460096K), 0.0266256 secs] 1821538K->1424127K(8337536K), 0.0267141 secs] [Times: user=0.01 sys=0.00, real=0.03 secs] 
2024-10-09T21:47:59.963+0300: 662.791: Total time for which application threads were stopped: 0.0269815 seconds, Stopping threads took: 0.0001456 seconds
2024-10-09T21:48:00.119+0300: 662.954: Application time: 0.1627722 seconds
2024-10-09T21:48:00.119+0300: 662.954: [GC (Allocation Failure) 2024-10-09T21:48:00.119+0300: 662.954: [ParNew: 460096K->46172K(460096K), 0.0295719 secs] 1833151K->1442877K(8337536K), 0.0296660 secs] [Times: user=0.03 sys=0.00, real=0.03 secs] 
2024-10-09T21:48:00.151+0300: 662.984: Total time for which application threads were stopped: 0.0299349 seconds, Stopping threads took: 0.0001368 seconds
2024-10-09T21:48:00.324+0300: 663.159: Application time: 0.1751839 seconds
2024-10-09T21:48:00.324+0300: 663.159: [GC (Allocation Failure) 2024-10-09T21:48:00.324+0300: 663.159: [ParNew: 455196K->51072K(460096K), 0.0267358 secs] 1851901K->1459742K(8337536K), 0.0268329 secs] [Times: user=0.05 sys=0.00, real=0.03 secs] 
2024-10-09T21:48:00.355+0300: 663.186: Total time for which application threads were stopped: 0.0270765 seconds, Stopping threads took: 0.0001129 seconds
2024-10-09T21:48:00.512+0300: 663.350: Application time: 0.1640236 seconds
2024-10-09T21:48:00.512+0300: 663.350: [GC (Allocation Failure) 2024-10-09T21:48:00.512+0300: 663.350: [ParNew: 460096K->51072K(460096K), 0.0264377 secs] 1868766K->1471543K(8337536K), 0.0265344 secs] [Times: user=0.03 sys=0.00, real=0.03 secs] 
2024-10-09T21:48:00.544+0300: 663.377: Total time for which application threads were stopped: 0.0268123 seconds, Stopping threads took: 0.0001566 seconds
2024-10-09T21:48:00.716+0300: 663.543: Application time: 0.1657930 seconds
2024-10-09T21:48:00.716+0300: 663.543: [GC (Allocation Failure) 2024-10-09T21:48:00.716+0300: 663.543: [ParNew: 460096K->39636K(460096K), 0.0324122 secs] 1880567K->1486542K(8337536K), 0.0325069 secs] [Times: user=0.06 sys=0.00, real=0.03 secs] 
2024-10-09T21:48:00.748+0300: 663.575: Total time for which application threads were stopped: 0.0327795 seconds, Stopping threads took: 0.0001250 seconds
2024-10-09T21:48:00.904+0300: 663.746: Application time: 0.1700669 seconds
2024-10-09T21:48:00.904+0300: 663.746: [GC (Allocation Failure) 2024-10-09T21:48:00.920+0300: 663.746: [ParNew: 448660K->51072K(460096K), 0.0269759 secs] 1895566K->1510800K(8337536K), 0.0271049 secs] [Times: user=0.01 sys=0.01, real=0.04 secs] 
2024-10-09T21:48:00.940+0300: 663.773: Total time for which application threads were stopped: 0.0273681 seconds, Stopping threads took: 0.0001404 seconds
2024-10-09T21:48:01.108+0300: 663.934: Application time: 0.1614756 seconds
2024-10-09T21:48:01.108+0300: 663.935: [GC (Allocation Failure) 2024-10-09T21:48:01.108+0300: 663.935: [ParNew: 460096K->51072K(460096K), 0.0259998 secs] 1919824K->1519417K(8337536K), 0.0260852 secs] [Times: user=0.02 sys=0.00, real=0.02 secs] 
2024-10-09T21:48:01.124+0300: 663.961: Total time for which application threads were stopped: 0.0263673 seconds, Stopping threads took: 0.0001509 seconds
2024-10-09T21:48:01.281+0300: 664.118: Application time: 0.1569679 seconds
2024-10-09T21:48:01.281+0300: 664.118: [GC (Allocation Failure) 2024-10-09T21:48:01.281+0300: 664.118: [ParNew: 460096K->48565K(460096K), 0.0350896 secs] 1928441K->1551867K(8337536K), 0.0351793 secs] [Times: user=0.05 sys=0.00, real=0.03 secs] 
2024-10-09T21:48:01.312+0300: 664.153: Total time for which application threads were stopped: 0.0354801 seconds, Stopping threads took: 0.0001792 seconds
2024-10-09T21:48:01.485+0300: 664.321: Application time: 0.1680242 seconds
2024-10-09T21:48:01.485+0300: 664.322: [GC (Allocation Failure) 2024-10-09T21:48:01.485+0300: 664.322: [ParNew: 457589K->51072K(460096K), 0.0276110 secs] 1960891K->1567843K(8337536K), 0.0277155 secs] [Times: user=0.03 sys=0.00, real=0.03 secs] 
2024-10-09T21:48:01.516+0300: 664.349: Total time for which application threads were stopped: 0.0280635 seconds, Stopping threads took: 0.0001923 seconds
2024-10-09T21:48:01.689+0300: 664.517: Application time: 0.1675921 seconds
2024-10-09T21:48:01.689+0300: 664.517: [GC (Allocation Failure) 2024-10-09T21:48:01.689+0300: 664.517: [ParNew: 460096K->51072K(460096K), 0.0389376 secs] 1976867K->1585212K(8337536K), 0.0390301 secs] [Times: user=0.08 sys=0.00, real=0.03 secs] 
2024-10-09T21:48:01.720+0300: 664.556: Total time for which application threads were stopped: 0.0392568 seconds, Stopping threads took: 0.0000935 seconds
2024-10-09T21:48:01.877+0300: 664.714: Application time: 0.1579415 seconds
2024-10-09T21:48:01.877+0300: 664.714: [GC (Allocation Failure) 2024-10-09T21:48:01.877+0300: 664.716: [ParNew: 460096K->51072K(460096K), 0.0313868 secs] 1994236K->1615129K(8337536K), 0.0330454 secs] [Times: user=0.03 sys=0.00, real=0.03 secs] 
2024-10-09T21:48:01.908+0300: 664.747: Total time for which application threads were stopped: 0.0332817 seconds, Stopping threads took: 0.0001150 seconds
2024-10-09T21:48:02.081+0300: 664.920: Application time: 0.1727241 seconds
2024-10-09T21:48:02.081+0300: 664.920: [GC (Allocation Failure) 2024-10-09T21:48:02.081+0300: 664.920: [ParNew: 460096K->51072K(460096K), 0.0277693 secs] 2024153K->1629379K(8337536K), 0.0278551 secs] [Times: user=0.03 sys=0.00, real=0.03 secs] 
2024-10-09T21:48:02.112+0300: 664.948: Total time for which application threads were stopped: 0.0281103 seconds, Stopping threads took: 0.0001286 seconds
2024-10-09T21:48:02.285+0300: 665.112: Application time: 0.1641115 seconds
2024-10-09T21:48:02.285+0300: 665.113: [GC (Allocation Failure) 2024-10-09T21:48:02.285+0300: 665.113: [ParNew: 460096K->51072K(460096K), 0.0303471 secs] 2038403K->1646725K(8337536K), 0.0304279 secs] [Times: user=0.05 sys=0.00, real=0.03 secs] 
2024-10-09T21:48:02.316+0300: 665.143: Total time for which application threads were stopped: 0.0307143 seconds, Stopping threads took: 0.0001391 seconds
2024-10-09T21:48:02.458+0300: 665.296: Application time: 0.1528417 seconds
2024-10-09T21:48:02.458+0300: 665.296: [GC (Allocation Failure) 2024-10-09T21:48:02.458+0300: 665.296: [ParNew: 460096K->51072K(460096K), 0.0380567 secs] 2055749K->1681567K(8337536K), 0.0381418 secs] [Times: user=0.06 sys=0.00, real=0.05 secs] 
2024-10-09T21:48:02.508+0300: 665.334: Total time for which application threads were stopped: 0.0384297 seconds, Stopping threads took: 0.0001642 seconds
2024-10-09T21:48:02.678+0300: 665.506: Application time: 0.1715575 seconds
2024-10-09T21:48:02.678+0300: 665.506: [GC (Allocation Failure) 2024-10-09T21:48:02.678+0300: 665.506: [ParNew: 460096K->51072K(460096K), 0.0285151 secs] 2090591K->1690206K(8337536K), 0.0286178 secs] [Times: user=0.01 sys=0.00, real=0.03 secs] 
2024-10-09T21:48:02.709+0300: 665.535: Total time for which application threads were stopped: 0.0289768 seconds, Stopping threads took: 0.0002303 seconds
2024-10-09T21:48:02.866+0300: 665.700: Application time: 0.1653428 seconds
2024-10-09T21:48:02.866+0300: 665.700: [GC (Allocation Failure) 2024-10-09T21:48:02.866+0300: 665.701: [ParNew: 460096K->51072K(460096K), 0.0292851 secs] 2099230K->1706027K(8337536K), 0.0293777 secs] [Times: user=0.06 sys=0.00, real=0.03 secs] 
2024-10-09T21:48:02.897+0300: 665.730: Total time for which application threads were stopped: 0.0296759 seconds, Stopping threads took: 0.0001762 seconds
2024-10-09T21:48:03.054+0300: 665.886: Application time: 0.1557321 seconds
2024-10-09T21:48:03.054+0300: 665.886: [GC (Allocation Failure) 2024-10-09T21:48:03.054+0300: 665.886: [ParNew: 460096K->51072K(460096K), 0.0318444 secs] 2115051K->1735389K(8337536K), 0.0319385 secs] [Times: user=0.03 sys=0.00, real=0.03 secs] 
2024-10-09T21:48:03.086+0300: 665.918: Total time for which application threads were stopped: 0.0322262 seconds, Stopping threads took: 0.0001619 seconds
2024-10-09T21:48:03.258+0300: 666.090: Application time: 0.1720849 seconds
2024-10-09T21:48:03.258+0300: 666.090: [GC (Allocation Failure) 2024-10-09T21:48:03.258+0300: 666.090: [ParNew: 460096K->51072K(460096K), 0.0295951 secs] 2144413K->1751793K(8337536K), 0.0296860 secs] [Times: user=0.03 sys=0.00, real=0.03 secs] 
2024-10-09T21:48:03.290+0300: 666.120: Total time for which application threads were stopped: 0.0299321 seconds, Stopping threads took: 0.0001267 seconds
2024-10-09T21:48:03.446+0300: 666.285: Application time: 0.1650765 seconds
2024-10-09T21:48:03.446+0300: 666.285: [GC (Allocation Failure) 2024-10-09T21:48:03.446+0300: 666.285: [ParNew: 460096K->51072K(460096K), 0.0309706 secs] 2160817K->1768132K(8337536K), 0.0310575 secs] [Times: user=0.03 sys=0.00, real=0.03 secs] 
2024-10-09T21:48:03.477+0300: 666.316: Total time for which application threads were stopped: 0.0312939 seconds, Stopping threads took: 0.0001196 seconds
2024-10-09T21:48:03.634+0300: 666.471: Application time: 0.1544213 seconds
2024-10-09T21:48:03.634+0300: 666.471: [GC (Allocation Failure) 2024-10-09T21:48:03.634+0300: 666.471: [ParNew: 460096K->51072K(460096K), 0.0324933 secs] 2177156K->1794405K(8337536K), 0.0325867 secs] [Times: user=0.03 sys=0.00, real=0.03 secs] 
2024-10-09T21:48:03.666+0300: 666.504: Total time for which application threads were stopped: 0.0328814 seconds, Stopping threads took: 0.0001688 seconds
2024-10-09T21:48:03.847+0300: 666.677: Application time: 0.1729578 seconds
2024-10-09T21:48:03.847+0300: 666.677: [GC (Allocation Failure) 2024-10-09T21:48:03.847+0300: 666.677: [ParNew: 460096K->45190K(460096K), 0.0270643 secs] 2203429K->1807355K(8337536K), 0.0271579 secs] [Times: user=0.03 sys=0.00, real=0.02 secs] 
2024-10-09T21:48:03.870+0300: 666.704: Total time for which application threads were stopped: 0.0274259 seconds, Stopping threads took: 0.0001253 seconds
2024-10-09T21:48:04.048+0300: 666.874: Application time: 0.1698510 seconds
2024-10-09T21:48:04.048+0300: 666.874: [GC (Allocation Failure) 2024-10-09T21:48:04.048+0300: 666.874: [ParNew: 454214K->51072K(460096K), 0.0270242 secs] 2216379K->1821537K(8337536K), 0.0271112 secs] [Times: user=0.03 sys=0.00, real=0.03 secs] 
2024-10-09T21:48:04.074+0300: 666.901: Total time for which application threads were stopped: 0.0273946 seconds, Stopping threads took: 0.0001624 seconds
2024-10-09T21:48:04.215+0300: 667.050: Application time: 0.1489563 seconds
2024-10-09T21:48:04.215+0300: 667.050: [GC (Allocation Failure) 2024-10-09T21:48:04.215+0300: 667.050: [ParNew: 460096K->51072K(460096K), 0.0355219 secs] 2230561K->1854140K(8337536K), 0.0356086 secs] [Times: user=0.03 sys=0.00, real=0.03 secs] 
2024-10-09T21:48:04.248+0300: 667.086: Total time for which application threads were stopped: 0.0358473 seconds, Stopping threads took: 0.0001218 seconds
2024-10-09T21:48:04.419+0300: 667.256: Application time: 0.1696337 seconds
2024-10-09T21:48:04.419+0300: 667.256: [GC (Allocation Failure) 2024-10-09T21:48:04.419+0300: 667.256: [ParNew: 460096K->51072K(460096K), 0.0280831 secs] 2263164K->1873420K(8337536K), 0.0281734 secs] [Times: user=0.03 sys=0.00, real=0.03 secs] 
2024-10-09T21:48:04.451+0300: 667.284: Total time for which application threads were stopped: 0.0284767 seconds, Stopping threads took: 0.0001656 seconds
2024-10-09T21:48:04.623+0300: 667.456: Application time: 0.1718702 seconds
2024-10-09T21:48:04.623+0300: 667.456: [GC (Allocation Failure) 2024-10-09T21:48:04.623+0300: 667.456: [ParNew: 460096K->51072K(460096K), 0.0309239 secs] 2282444K->1887526K(8337536K), 0.0310283 secs] [Times: user=0.06 sys=0.00, real=0.03 secs] 
2024-10-09T21:48:04.655+0300: 667.487: Total time for which application threads were stopped: 0.0313147 seconds, Stopping threads took: 0.0001419 seconds
2024-10-09T21:48:04.812+0300: 667.645: Application time: 0.1580501 seconds
2024-10-09T21:48:04.812+0300: 667.646: [GC (Allocation Failure) 2024-10-09T21:48:04.812+0300: 667.646: [ParNew: 460096K->51072K(460096K), 0.0306842 secs] 2296550K->1907874K(8337536K), 0.0307738 secs] [Times: user=0.09 sys=0.00, real=0.04 secs] 
2024-10-09T21:48:04.849+0300: 667.676: Total time for which application threads were stopped: 0.0310733 seconds, Stopping threads took: 0.0001710 seconds
2024-10-09T21:48:05.016+0300: 667.842: Application time: 0.1659044 seconds
2024-10-09T21:48:05.016+0300: 667.843: [GC (Allocation Failure) 2024-10-09T21:48:05.016+0300: 667.843: [ParNew: 460096K->51052K(460096K), 0.0285152 secs] 2316898K->1929279K(8337536K), 0.0286025 secs] [Times: user=0.05 sys=0.00, real=0.01 secs] 
2024-10-09T21:48:05.031+0300: 667.871: Total time for which application threads were stopped: 0.0288482 seconds, Stopping threads took: 0.0001249 seconds
2024-10-09T21:48:05.204+0300: 668.040: Application time: 0.1689860 seconds
2024-10-09T21:48:05.204+0300: 668.040: [GC (Allocation Failure) 2024-10-09T21:48:05.204+0300: 668.040: [ParNew: 460076K->49035K(460096K), 0.0271456 secs] 2338303K->1940575K(8337536K), 0.0272361 secs] [Times: user=0.03 sys=0.00, real=0.03 secs] 
2024-10-09T21:48:05.235+0300: 668.068: Total time for which application threads were stopped: 0.0275135 seconds, Stopping threads took: 0.0001546 seconds
2024-10-09T21:48:05.392+0300: 668.225: Application time: 0.1570809 seconds
2024-10-09T21:48:05.392+0300: 668.225: [GC (Allocation Failure) 2024-10-09T21:48:05.392+0300: 668.225: [ParNew: 458059K->51072K(460096K), 0.0276106 secs] 2349599K->1957667K(8337536K), 0.0276926 secs] [Times: user=0.03 sys=0.00, real=0.03 secs] 
2024-10-09T21:48:05.424+0300: 668.253: Total time for which application threads were stopped: 0.0279267 seconds, Stopping threads took: 0.0001093 seconds
2024-10-09T21:48:05.581+0300: 668.416: Application time: 0.1628716 seconds
2024-10-09T21:48:05.581+0300: 668.416: [GC (Allocation Failure) 2024-10-09T21:48:05.581+0300: 668.416: [ParNew: 460096K->36591K(460096K), 0.0319256 secs] 2366691K->1970912K(8337536K), 0.0320189 secs] [Times: user=0.03 sys=0.00, real=0.03 secs] 
2024-10-09T21:48:05.612+0300: 668.448: Total time for which application threads were stopped: 0.0322662 seconds, Stopping threads took: 0.0001269 seconds
2024-10-09T21:48:05.785+0300: 668.621: Application time: 0.1726637 seconds
2024-10-09T21:48:05.785+0300: 668.621: [GC (Allocation Failure) 2024-10-09T21:48:05.785+0300: 668.621: [ParNew: 445615K->51072K(460096K), 0.0268176 secs] 2379936K->1997502K(8337536K), 0.0269056 secs] [Times: user=0.02 sys=0.02, real=0.03 secs] 
2024-10-09T21:48:05.816+0300: 668.648: Total time for which application threads were stopped: 0.0272057 seconds, Stopping threads took: 0.0001622 seconds
2024-10-09T21:48:05.973+0300: 668.805: Application time: 0.1577401 seconds
2024-10-09T21:48:05.973+0300: 668.806: [GC (Allocation Failure) 2024-10-09T21:48:05.973+0300: 668.806: [ParNew: 460096K->51072K(460096K), 0.0278459 secs] 2406526K->2011279K(8337536K), 0.0279383 secs] [Times: user=0.03 sys=0.00, real=0.03 secs] 
2024-10-09T21:48:06.004+0300: 668.834: Total time for which application threads were stopped: 0.0282604 seconds, Stopping threads took: 0.0001968 seconds
2024-10-09T21:48:06.161+0300: 669.001: Application time: 0.1671227 seconds
2024-10-09T21:48:06.161+0300: 669.001: [GC (Allocation Failure) 2024-10-09T21:48:06.161+0300: 669.001: [ParNew: 460096K->51072K(460096K), 0.0335878 secs] 2420303K->2039641K(8337536K), 0.0336714 secs] [Times: user=0.03 sys=0.00, real=0.05 secs] 
2024-10-09T21:48:06.208+0300: 669.035: Total time for which application threads were stopped: 0.0339543 seconds, Stopping threads took: 0.0001623 seconds
2024-10-09T21:48:06.365+0300: 669.199: Application time: 0.1646681 seconds
2024-10-09T21:48:06.365+0300: 669.200: [GC (Allocation Failure) 2024-10-09T21:48:06.365+0300: 669.200: [ParNew: 460096K->51072K(460096K), 0.0324261 secs] 2448665K->2063047K(8337536K), 0.0325167 secs] [Times: user=0.03 sys=0.00, real=0.03 secs] 
2024-10-09T21:48:06.397+0300: 669.232: Total time for which application threads were stopped: 0.0327519 seconds, Stopping threads took: 0.0001203 seconds
2024-10-09T21:48:06.553+0300: 669.391: Application time: 0.1590745 seconds
2024-10-09T21:48:06.553+0300: 669.392: [GC (Allocation Failure) 2024-10-09T21:48:06.553+0300: 669.392: [ParNew: 460096K->51072K(460096K), 0.0283429 secs] 2472071K->2079195K(8337536K), 0.0284295 secs] [Times: user=0.03 sys=0.00, real=0.03 secs] 
2024-10-09T21:48:06.585+0300: 669.420: Total time for which application threads were stopped: 0.0286930 seconds, Stopping threads took: 0.0001409 seconds
2024-10-09T21:48:06.757+0300: 669.598: Application time: 0.1775496 seconds
2024-10-09T21:48:06.757+0300: 669.598: [GC (Allocation Failure) 2024-10-09T21:48:06.757+0300: 669.598: [ParNew: 460096K->50154K(460096K), 0.0324297 secs] 2488219K->2104556K(8337536K), 0.0325211 secs] [Times: user=0.06 sys=0.00, real=0.05 secs] 
2024-10-09T21:48:06.804+0300: 669.631: Total time for which application threads were stopped: 0.0329893 seconds, Stopping threads took: 0.0003286 seconds
2024-10-09T21:48:06.961+0300: 669.789: Application time: 0.1585520 seconds
2024-10-09T21:48:06.961+0300: 669.789: [GC (Allocation Failure) 2024-10-09T21:48:06.961+0300: 669.789: [ParNew: 459178K->51072K(460096K), 0.0278541 secs] 2513580K->2122042K(8337536K), 0.0279412 secs] [Times: user=0.01 sys=0.00, real=0.02 secs] 
2024-10-09T21:48:06.977+0300: 669.817: Total time for which application threads were stopped: 0.0282103 seconds, Stopping threads took: 0.0001526 seconds
2024-10-09T21:48:07.149+0300: 669.977: Application time: 0.1593529 seconds
2024-10-09T21:48:07.149+0300: 669.977: [GC (Allocation Failure) 2024-10-09T21:48:07.149+0300: 669.977: [ParNew: 460096K->51072K(460096K), 0.0256088 secs] 2531066K->2133940K(8337536K), 0.0257005 secs] [Times: user=0.01 sys=0.00, real=0.02 secs] 
2024-10-09T21:48:07.165+0300: 670.003: Total time for which application threads were stopped: 0.0259638 seconds, Stopping threads took: 0.0001322 seconds
2024-10-09T21:48:07.338+0300: 670.173: Application time: 0.1704832 seconds
2024-10-09T21:48:07.338+0300: 670.173: [GC (Allocation Failure) 2024-10-09T21:48:07.338+0300: 670.173: [ParNew: 460096K->51072K(460096K), 0.0306871 secs] 2542964K->2156603K(8337536K), 0.0307729 secs] [Times: user=0.03 sys=0.00, real=0.03 secs] 
2024-10-09T21:48:07.369+0300: 670.204: Total time for which application threads were stopped: 0.0310379 seconds, Stopping threads took: 0.0001446 seconds
2024-10-09T21:48:07.526+0300: 670.363: Application time: 0.1588720 seconds
2024-10-09T21:48:07.526+0300: 670.363: [GC (Allocation Failure) 2024-10-09T21:48:07.526+0300: 670.363: [ParNew: 460096K->51072K(460096K), 0.0311273 secs] 2565627K->2176491K(8337536K), 0.0312147 secs] [Times: user=0.03 sys=0.00, real=0.04 secs] 
2024-10-09T21:48:07.569+0300: 670.395: Total time for which application threads were stopped: 0.0315004 seconds, Stopping threads took: 0.0001578 seconds
2024-10-09T21:48:07.730+0300: 670.559: Application time: 0.1646940 seconds
2024-10-09T21:48:07.730+0300: 670.559: [GC (Allocation Failure) 2024-10-09T21:48:07.730+0300: 670.560: [ParNew: 460096K->51072K(460096K), 0.0275120 secs] 2585515K->2194185K(8337536K), 0.0276100 secs] [Times: user=0.03 sys=0.00, real=0.03 secs] 
2024-10-09T21:48:07.756+0300: 670.587: Total time for which application threads were stopped: 0.0278802 seconds, Stopping threads took: 0.0001283 seconds
2024-10-09T21:48:07.919+0300: 670.757: Application time: 0.1703857 seconds
2024-10-09T21:48:07.919+0300: 670.758: [GC (Allocation Failure) 2024-10-09T21:48:07.919+0300: 670.758: [ParNew: 460096K->51072K(460096K), 0.0289111 secs] 2603209K->2212484K(8337536K), 0.0290006 secs] [Times: user=0.03 sys=0.00, real=0.04 secs] 
2024-10-09T21:48:07.957+0300: 670.787: Total time for which application threads were stopped: 0.0292797 seconds, Stopping threads took: 0.0001545 seconds
2024-10-09T21:48:08.107+0300: 670.946: Application time: 0.1595388 seconds
2024-10-09T21:48:08.107+0300: 670.947: [GC (Allocation Failure) 2024-10-09T21:48:08.107+0300: 670.947: [ParNew: 460096K->51072K(460096K), 0.0313633 secs] 2621508K->2232010K(8337536K), 0.0314473 secs] [Times: user=0.03 sys=0.00, real=0.03 secs] 
2024-10-09T21:48:08.139+0300: 670.978: Total time for which application threads were stopped: 0.0317016 seconds, Stopping threads took: 0.0001383 seconds
2024-10-09T21:48:08.296+0300: 671.137: Application time: 0.1590573 seconds
2024-10-09T21:48:08.296+0300: 671.137: [GC (Allocation Failure) 2024-10-09T21:48:08.296+0300: 671.137: [ParNew: 460096K->47707K(460096K), 0.0300083 secs] 2641034K->2251842K(8337536K), 0.0300964 secs] [Times: user=0.02 sys=0.00, real=0.03 secs] 
2024-10-09T21:48:08.327+0300: 671.167: Total time for which application threads were stopped: 0.0303877 seconds, Stopping threads took: 0.0001703 seconds
2024-10-09T21:48:08.500+0300: 671.337: Application time: 0.1692348 seconds
2024-10-09T21:48:08.500+0300: 671.337: [GC (Allocation Failure) 2024-10-09T21:48:08.500+0300: 671.337: [ParNew: 456731K->51072K(460096K), 0.0295362 secs] 2660866K->2273120K(8337536K), 0.0296125 secs] [Times: user=0.03 sys=0.00, real=0.03 secs] 
2024-10-09T21:48:08.531+0300: 671.367: Total time for which application threads were stopped: 0.0298936 seconds, Stopping threads took: 0.0001450 seconds
2024-10-09T21:48:08.688+0300: 671.527: Application time: 0.1602696 seconds
2024-10-09T21:48:08.688+0300: 671.527: [GC (Allocation Failure) 2024-10-09T21:48:08.688+0300: 671.527: [ParNew: 460096K->50835K(460096K), 0.0365189 secs] 2682144K->2297992K(8337536K), 0.0365991 secs] [Times: user=0.19 sys=0.00, real=0.05 secs] 
2024-10-09T21:48:08.735+0300: 671.564: Total time for which application threads were stopped: 0.0369891 seconds, Stopping threads took: 0.0002585 seconds
2024-10-09T21:48:08.893+0300: 671.725: Application time: 0.1613322 seconds
2024-10-09T21:48:08.893+0300: 671.725: [GC (Allocation Failure) 2024-10-09T21:48:08.893+0300: 671.725: [ParNew: 459859K->51072K(460096K), 0.0310809 secs] 2707016K->2326932K(8337536K), 0.0311694 secs] [Times: user=0.03 sys=0.00, real=0.03 secs] 
2024-10-09T21:48:08.924+0300: 671.757: Total time for which application threads were stopped: 0.0314248 seconds, Stopping threads took: 0.0001412 seconds
2024-10-09T21:48:09.097+0300: 671.928: Application time: 0.1712377 seconds
2024-10-09T21:48:09.097+0300: 671.928: [GC (Allocation Failure) 2024-10-09T21:48:09.097+0300: 671.928: [ParNew: 460096K->48000K(460096K), 0.0274131 secs] 2735956K->2337068K(8337536K), 0.0274964 secs] [Times: user=0.03 sys=0.00, real=0.03 secs] 
2024-10-09T21:48:09.128+0300: 671.956: Total time for which application threads were stopped: 0.0277621 seconds, Stopping threads took: 0.0001445 seconds
2024-10-09T21:48:09.285+0300: 672.113: Application time: 0.1570960 seconds
2024-10-09T21:48:09.285+0300: 672.113: [GC (Allocation Failure) 2024-10-09T21:48:09.285+0300: 672.113: [ParNew: 457024K->51072K(460096K), 0.0305885 secs] 2746092K->2358677K(8337536K), 0.0306725 secs] [Times: user=0.03 sys=0.00, real=0.03 secs] 
2024-10-09T21:48:09.316+0300: 672.144: Total time for which application threads were stopped: 0.0309093 seconds, Stopping threads took: 0.0001259 seconds
2024-10-09T21:48:09.473+0300: 672.304: Application time: 0.1607331 seconds
2024-10-09T21:48:09.473+0300: 672.305: [GC (Allocation Failure) 2024-10-09T21:48:09.473+0300: 672.305: [ParNew: 460096K->51072K(460096K), 0.0285477 secs] 2767701K->2382036K(8337536K), 0.0286414 secs] [Times: user=0.03 sys=0.00, real=0.03 secs] 
2024-10-09T21:48:09.504+0300: 672.333: Total time for which application threads were stopped: 0.0289219 seconds, Stopping threads took: 0.0001465 seconds
2024-10-09T21:48:09.677+0300: 672.506: Application time: 0.1728239 seconds
2024-10-09T21:48:09.677+0300: 672.506: [GC (Allocation Failure) 2024-10-09T21:48:09.677+0300: 672.507: [ParNew: 460096K->49485K(460096K), 0.0279467 secs] 2791060K->2394591K(8337536K), 0.0280306 secs] [Times: user=0.11 sys=0.00, real=0.03 secs] 
2024-10-09T21:48:09.708+0300: 672.535: Total time for which application threads were stopped: 0.0284034 seconds, Stopping threads took: 0.0002529 seconds
2024-10-09T21:48:09.865+0300: 672.698: Application time: 0.1634274 seconds
2024-10-09T21:48:09.865+0300: 672.698: [GC (Allocation Failure) 2024-10-09T21:48:09.865+0300: 672.698: [ParNew: 458509K->51072K(460096K), 0.0299954 secs] 2803615K->2413520K(8337536K), 0.0300865 secs] [Times: user=0.06 sys=0.00, real=0.03 secs] 
2024-10-09T21:48:09.897+0300: 672.728: Total time for which application threads were stopped: 0.0303399 seconds, Stopping threads took: 0.0001337 seconds
2024-10-09T21:48:10.061+0300: 672.888: Application time: 0.1595155 seconds
2024-10-09T21:48:10.061+0300: 672.888: [GC (Allocation Failure) 2024-10-09T21:48:10.061+0300: 672.888: [ParNew: 460096K->51072K(460096K), 0.0294100 secs] 2822544K->2435755K(8337536K), 0.0294891 secs] [Times: user=0.01 sys=0.00, real=0.02 secs] 
2024-10-09T21:48:10.085+0300: 672.918: Total time for which application threads were stopped: 0.0297076 seconds, Stopping threads took: 0.0001026 seconds
2024-10-09T21:48:10.257+0300: 673.086: Application time: 0.1681371 seconds
2024-10-09T21:48:10.257+0300: 673.086: [GC (Allocation Failure) 2024-10-09T21:48:10.257+0300: 673.086: [ParNew: 460096K->49659K(460096K), 0.0252524 secs] 2844779K->2441853K(8337536K), 0.0253371 secs] [Times: user=0.02 sys=0.00, real=0.02 secs] 
2024-10-09T21:48:10.273+0300: 673.111: Total time for which application threads were stopped: 0.0255985 seconds, Stopping threads took: 0.0001431 seconds
2024-10-09T21:48:10.446+0300: 673.275: Application time: 0.1636247 seconds
2024-10-09T21:48:10.446+0300: 673.275: [GC (Allocation Failure) 2024-10-09T21:48:10.446+0300: 673.275: [ParNew: 458683K->51072K(460096K), 0.0306767 secs] 2850877K->2460770K(8337536K), 0.0307717 secs] [Times: user=0.01 sys=0.00, real=0.03 secs] 
2024-10-09T21:48:10.478+0300: 673.306: Total time for which application threads were stopped: 0.0310761 seconds, Stopping threads took: 0.0001813 seconds
2024-10-09T21:48:10.634+0300: 673.466: Application time: 0.1602384 seconds
2024-10-09T21:48:10.634+0300: 673.466: [GC (Allocation Failure) 2024-10-09T21:48:10.634+0300: 673.466: [ParNew: 460096K->51072K(460096K), 0.0338625 secs] 2869794K->2491755K(8337536K), 0.0339465 secs] [Times: user=0.03 sys=0.00, real=0.03 secs] 
2024-10-09T21:48:10.666+0300: 673.500: Total time for which application threads were stopped: 0.0342138 seconds, Stopping threads took: 0.0001452 seconds
2024-10-09T21:48:10.838+0300: 673.674: Application time: 0.1734405 seconds
2024-10-09T21:48:10.838+0300: 673.674: [GC (Allocation Failure) 2024-10-09T21:48:10.838+0300: 673.674: [ParNew: 460096K->51072K(460096K), 0.0253529 secs] 2900779K->2497327K(8337536K), 0.0254459 secs] [Times: user=0.03 sys=0.00, real=0.03 secs] 
2024-10-09T21:48:10.870+0300: 673.700: Total time for which application threads were stopped: 0.0257212 seconds, Stopping threads took: 0.0001543 seconds
2024-10-09T21:48:11.027+0300: 673.865: Application time: 0.1656149 seconds
2024-10-09T21:48:11.027+0300: 673.865: [GC (Allocation Failure) 2024-10-09T21:48:11.027+0300: 673.865: [ParNew: 460096K->51072K(460096K), 0.0302710 secs] 2906351K->2517411K(8337536K), 0.0303531 secs] [Times: user=0.03 sys=0.00, real=0.04 secs] 
2024-10-09T21:48:11.069+0300: 673.896: Total time for which application threads were stopped: 0.0306222 seconds, Stopping threads took: 0.0001511 seconds
2024-10-09T21:48:11.230+0300: 674.057: Application time: 0.1616535 seconds
2024-10-09T21:48:11.230+0300: 674.058: [GC (Allocation Failure) 2024-10-09T21:48:11.230+0300: 674.058: [ParNew: 460096K->51072K(460096K), 0.0293529 secs] 2926435K->2541342K(8337536K), 0.0294349 secs] [Times: user=0.02 sys=0.00, real=0.02 secs] 
2024-10-09T21:48:11.246+0300: 674.087: Total time for which application threads were stopped: 0.0296772 seconds, Stopping threads took: 0.0001267 seconds
2024-10-09T21:48:11.419+0300: 674.256: Application time: 0.1684408 seconds
2024-10-09T21:48:11.419+0300: 674.256: [GC (Allocation Failure) 2024-10-09T21:48:11.419+0300: 674.256: [ParNew: 459222K->51072K(460096K), 0.0267913 secs] 2949492K->2552752K(8337536K), 0.0268797 secs] [Times: user=0.03 sys=0.00, real=0.03 secs] 
2024-10-09T21:48:11.450+0300: 674.283: Total time for which application threads were stopped: 0.0271410 seconds, Stopping threads took: 0.0001439 seconds
2024-10-09T21:48:11.607+0300: 674.444: Application time: 0.1617111 seconds
2024-10-09T21:48:11.607+0300: 674.445: [GC (Allocation Failure) 2024-10-09T21:48:11.607+0300: 674.445: [ParNew: 460096K->51072K(460096K), 0.0283451 secs] 2961776K->2569916K(8337536K), 0.0284387 secs] [Times: user=0.03 sys=0.00, real=0.03 secs] 
2024-10-09T21:48:11.638+0300: 674.473: Total time for which application threads were stopped: 0.0287110 seconds, Stopping threads took: 0.0001460 seconds
2024-10-09T21:48:11.811+0300: 674.643: Application time: 0.1694420 seconds
2024-10-09T21:48:11.811+0300: 674.643: [GC (Allocation Failure) 2024-10-09T21:48:11.811+0300: 674.643: [ParNew: 460096K->47658K(460096K), 0.0286092 secs] 2978940K->2586865K(8337536K), 0.0287063 secs] [Times: user=0.09 sys=0.00, real=0.03 secs] 
2024-10-09T21:48:11.842+0300: 674.672: Total time for which application threads were stopped: 0.0289751 seconds, Stopping threads took: 0.0001235 seconds
2024-10-09T21:48:11.999+0300: 674.841: Application time: 0.1689894 seconds
2024-10-09T21:48:12.015+0300: 674.841: [GC (Allocation Failure) 2024-10-09T21:48:12.015+0300: 674.841: [ParNew: 456682K->51072K(460096K), 0.0272834 secs] 2995889K->2600477K(8337536K), 0.0273834 secs] [Times: user=0.02 sys=0.00, real=0.02 secs] 
2024-10-09T21:48:12.031+0300: 674.868: Total time for which application threads were stopped: 0.0277378 seconds, Stopping threads took: 0.0002122 seconds
2024-10-09T21:48:12.203+0300: 675.034: Application time: 0.1654022 seconds
2024-10-09T21:48:12.203+0300: 675.034: [GC (Allocation Failure) 2024-10-09T21:48:12.203+0300: 675.034: [ParNew: 460096K->51072K(460096K), 0.0280578 secs] 3009501K->2616229K(8337536K), 0.0281454 secs] [Times: user=0.02 sys=0.00, real=0.03 secs] 
2024-10-09T21:48:12.235+0300: 675.062: Total time for which application threads were stopped: 0.0284010 seconds, Stopping threads took: 0.0001420 seconds
2024-10-09T21:48:12.392+0300: 675.219: Application time: 0.1566990 seconds
2024-10-09T21:48:12.392+0300: 675.219: [GC (Allocation Failure) 2024-10-09T21:48:12.392+0300: 675.219: [ParNew: 460096K->49672K(460096K), 0.0310184 secs] 3025253K->2641354K(8337536K), 0.0311045 secs] [Times: user=0.02 sys=0.00, real=0.03 secs] 
2024-10-09T21:48:12.423+0300: 675.250: Total time for which application threads were stopped: 0.0313745 seconds, Stopping threads took: 0.0001504 seconds
2024-10-09T21:48:12.580+0300: 675.414: Application time: 0.1639069 seconds
2024-10-09T21:48:12.580+0300: 675.414: [GC (Allocation Failure) 2024-10-09T21:48:12.580+0300: 675.414: [ParNew: 458696K->51072K(460096K), 0.0276382 secs] 3050378K->2656552K(8337536K), 0.0277302 secs] [Times: user=0.03 sys=0.00, real=0.03 secs] 
2024-10-09T21:48:12.611+0300: 675.442: Total time for which application threads were stopped: 0.0279817 seconds, Stopping threads took: 0.0001318 seconds
2024-10-09T21:48:12.784+0300: 675.612: Application time: 0.1702343 seconds
2024-10-09T21:48:12.784+0300: 675.613: [GC (Allocation Failure) 2024-10-09T21:48:12.784+0300: 675.613: [ParNew: 460096K->51072K(460096K), 0.0338151 secs] 3065576K->2683257K(8337536K), 0.0339077 secs] [Times: user=0.09 sys=0.00, real=0.03 secs] 
2024-10-09T21:48:12.815+0300: 675.647: Total time for which application threads were stopped: 0.0342103 seconds, Stopping threads took: 0.0001784 seconds
2024-10-09T21:48:12.973+0300: 675.807: Application time: 0.1600928 seconds
2024-10-09T21:48:12.973+0300: 675.807: [GC (Allocation Failure) 2024-10-09T21:48:12.973+0300: 675.807: [ParNew: 460096K->51072K(460096K), 0.0334881 secs] 3092281K->2711884K(8337536K), 0.0335749 secs] [Times: user=0.03 sys=0.00, real=0.03 secs] 
2024-10-09T21:48:13.004+0300: 675.840: Total time for which application threads were stopped: 0.0338020 seconds, Stopping threads took: 0.0001051 seconds
2024-10-09T21:48:13.177+0300: 676.010: Application time: 0.1694007 seconds
2024-10-09T21:48:13.177+0300: 676.010: [GC (Allocation Failure) 2024-10-09T21:48:13.177+0300: 676.010: [ParNew: 460096K->51072K(460096K), 0.0288680 secs] 3120908K->2726280K(8337536K), 0.0289552 secs] [Times: user=0.03 sys=0.00, real=0.03 secs] 
2024-10-09T21:48:13.208+0300: 676.039: Total time for which application threads were stopped: 0.0292568 seconds, Stopping threads took: 0.0001744 seconds
2024-10-09T21:48:13.369+0300: 676.200: Application time: 0.1603899 seconds
2024-10-09T21:48:13.369+0300: 676.200: [GC (Allocation Failure) 2024-10-09T21:48:13.369+0300: 676.200: [ParNew: 460096K->51072K(460096K), 0.0324132 secs] 3135304K->2748180K(8337536K), 0.0324984 secs] [Times: user=0.03 sys=0.00, real=0.03 secs] 
2024-10-09T21:48:13.396+0300: 676.232: Total time for which application threads were stopped: 0.0327553 seconds, Stopping threads took: 0.0001356 seconds
2024-10-09T21:48:13.553+0300: 676.394: Application time: 0.1615608 seconds
2024-10-09T21:48:13.553+0300: 676.394: [GC (Allocation Failure) 2024-10-09T21:48:13.553+0300: 676.394: [ParNew: 460096K->51072K(460096K), 0.0296922 secs] 3157204K->2774360K(8337536K), 0.0297864 secs] [Times: user=0.03 sys=0.00, real=0.03 secs] 
2024-10-09T21:48:13.585+0300: 676.424: Total time for which application threads were stopped: 0.0300554 seconds, Stopping threads took: 0.0001420 seconds
2024-10-09T21:48:13.773+0300: 676.601: Application time: 0.1774364 seconds
2024-10-09T21:48:13.773+0300: 676.602: [GC (Allocation Failure) 2024-10-09T21:48:13.773+0300: 676.602: [ParNew: 460096K->51072K(460096K), 0.0293139 secs] 3183384K->2786141K(8337536K), 0.0294005 secs] [Times: user=0.06 sys=0.00, real=0.03 secs] 
2024-10-09T21:48:13.805+0300: 676.631: Total time for which application threads were stopped: 0.0297127 seconds, Stopping threads took: 0.0001806 seconds
2024-10-09T21:48:13.961+0300: 676.788: Application time: 0.1568504 seconds
2024-10-09T21:48:13.961+0300: 676.788: [GC (Allocation Failure) 2024-10-09T21:48:13.961+0300: 676.788: [ParNew: 460096K->51072K(460096K), 0.0281454 secs] 3195165K->2804541K(8337536K), 0.0282312 secs] [Times: user=0.02 sys=0.00, real=0.02 secs] 
2024-10-09T21:48:13.977+0300: 676.816: Total time for which application threads were stopped: 0.0285385 seconds, Stopping threads took: 0.0001902 seconds
2024-10-09T21:48:14.150+0300: 676.979: Application time: 0.1620624 seconds
2024-10-09T21:48:14.150+0300: 676.979: [GC (Allocation Failure) 2024-10-09T21:48:14.150+0300: 676.979: [ParNew: 460096K->48923K(460096K), 0.0320485 secs] 3213565K->2830192K(8337536K), 0.0321300 secs] [Times: user=0.03 sys=0.00, real=0.03 secs] 
2024-10-09T21:48:14.182+0300: 677.011: Total time for which application threads were stopped: 0.0323872 seconds, Stopping threads took: 0.0001259 seconds
2024-10-09T21:48:14.354+0300: 677.180: Application time: 0.1688692 seconds
2024-10-09T21:48:14.354+0300: 677.180: [GC (Allocation Failure) 2024-10-09T21:48:14.354+0300: 677.180: [ParNew: 457947K->51072K(460096K), 0.0262958 secs] 3239216K->2840755K(8337536K), 0.0263812 secs] [Times: user=0.05 sys=0.00, real=0.02 secs] 
2024-10-09T21:48:14.372+0300: 677.206: Total time for which application threads were stopped: 0.0266344 seconds, Stopping threads took: 0.0001249 seconds
2024-10-09T21:48:14.527+0300: 677.363: Application time: 0.1570689 seconds
2024-10-09T21:48:14.527+0300: 677.364: [GC (Allocation Failure) 2024-10-09T21:48:14.527+0300: 677.364: [ParNew: 460096K->51072K(460096K), 0.0326258 secs] 3249779K->2865514K(8337536K), 0.0327129 secs] [Times: user=0.03 sys=0.00, real=0.03 secs] 
2024-10-09T21:48:14.558+0300: 677.396: Total time for which application threads were stopped: 0.0330064 seconds, Stopping threads took: 0.0001634 seconds
2024-10-09T21:48:14.731+0300: 677.563: Application time: 0.1661351 seconds
2024-10-09T21:48:14.731+0300: 677.563: [GC (Allocation Failure) 2024-10-09T21:48:14.731+0300: 677.563: [ParNew: 460096K->49886K(460096K), 0.0289802 secs] 3274538K->2885014K(8337536K), 0.0290693 secs] [Times: user=0.03 sys=0.00, real=0.03 secs] 
2024-10-09T21:48:14.762+0300: 677.592: Total time for which application threads were stopped: 0.0293624 seconds, Stopping threads took: 0.0001496 seconds
2024-10-09T21:48:14.919+0300: 677.760: Application time: 0.1676551 seconds
2024-10-09T21:48:14.919+0300: 677.760: [GC (Allocation Failure) 2024-10-09T21:48:14.919+0300: 677.760: [ParNew: 458910K->51072K(460096K), 0.0279030 secs] 3294038K->2895055K(8337536K), 0.0279937 secs] [Times: user=0.03 sys=0.00, real=0.03 secs] 
2024-10-09T21:48:14.950+0300: 677.788: Total time for which application threads were stopped: 0.0282636 seconds, Stopping threads took: 0.0001467 seconds
2024-10-09T21:48:15.107+0300: 677.945: Application time: 0.1571306 seconds
2024-10-09T21:48:15.107+0300: 677.945: [GC (Allocation Failure) 2024-10-09T21:48:15.107+0300: 677.945: [ParNew: 460096K->50890K(460096K), 0.0309034 secs] 3304079K->2919962K(8337536K), 0.0309922 secs] [Times: user=0.01 sys=0.02, real=0.03 secs] 
2024-10-09T21:48:15.139+0300: 677.976: Total time for which application threads were stopped: 0.0312755 seconds, Stopping threads took: 0.0001615 seconds
2024-10-09T21:48:15.312+0300: 678.142: Application time: 0.1651850 seconds
2024-10-09T21:48:15.312+0300: 678.142: [GC (Allocation Failure) 2024-10-09T21:48:15.312+0300: 678.142: [ParNew: 459914K->51072K(460096K), 0.0309853 secs] 3328986K->2942988K(8337536K), 0.0310714 secs] [Times: user=0.03 sys=0.00, real=0.03 secs] 
2024-10-09T21:48:15.343+0300: 678.173: Total time for which application threads were stopped: 0.0313440 seconds, Stopping threads took: 0.0001513 seconds
2024-10-09T21:48:15.516+0300: 678.343: Application time: 0.1705769 seconds
2024-10-09T21:48:15.516+0300: 678.344: [GC (Allocation Failure) 2024-10-09T21:48:15.516+0300: 678.344: [ParNew: 460096K->51072K(460096K), 0.0257813 secs] 3352012K->2949749K(8337536K), 0.0259284 secs] [Times: user=0.02 sys=0.00, real=0.01 secs] 
2024-10-09T21:48:15.531+0300: 678.370: Total time for which application threads were stopped: 0.0262041 seconds, Stopping threads took: 0.0001559 seconds
2024-10-09T21:48:15.704+0300: 678.535: Application time: 0.1653351 seconds
2024-10-09T21:48:15.704+0300: 678.535: [GC (Allocation Failure) 2024-10-09T21:48:15.704+0300: 678.535: [ParNew: 460096K->51072K(460096K), 0.0362266 secs] 3358773K->2980846K(8337536K), 0.0363140 secs] [Times: user=0.09 sys=0.00, real=0.03 secs] 
2024-10-09T21:48:15.736+0300: 678.572: Total time for which application threads were stopped: 0.0365868 seconds, Stopping threads took: 0.0001382 seconds
2024-10-09T21:48:15.898+0300: 678.733: Application time: 0.1616932 seconds
2024-10-09T21:48:15.898+0300: 678.734: [GC (Allocation Failure) 2024-10-09T21:48:15.898+0300: 678.734: [ParNew: 460096K->50595K(460096K), 0.0322752 secs] 3389870K->3006945K(8337536K), 0.0324232 secs] [Times: user=0.03 sys=0.02, real=0.04 secs] 
2024-10-09T21:48:15.940+0300: 678.766: Total time for which application threads were stopped: 0.0327164 seconds, Stopping threads took: 0.0001745 seconds
2024-10-09T21:48:16.113+0300: 678.941: Application time: 0.1745529 seconds
2024-10-09T21:48:16.113+0300: 678.941: [GC (Allocation Failure) 2024-10-09T21:48:16.113+0300: 678.941: [ParNew: 459619K->51072K(460096K), 0.0272907 secs] 3415969K->3019367K(8337536K), 0.0273800 secs] [Times: user=0.02 sys=0.00, real=0.02 secs] 
2024-10-09T21:48:16.129+0300: 678.968: Total time for which application threads were stopped: 0.0276734 seconds, Stopping threads took: 0.0001434 seconds
2024-10-09T21:48:16.285+0300: 679.121: Application time: 0.1527374 seconds
2024-10-09T21:48:16.285+0300: 679.121: [GC (Allocation Failure) 2024-10-09T21:48:16.285+0300: 679.121: [ParNew: 460096K->45976K(460096K), 0.0331829 secs] 3428391K->3039883K(8337536K), 0.0332715 secs] [Times: user=0.03 sys=0.00, real=0.03 secs] 
2024-10-09T21:48:16.316+0300: 679.154: Total time for which application threads were stopped: 0.0335238 seconds, Stopping threads took: 0.0001304 seconds
2024-10-09T21:48:16.489+0300: 679.315: Application time: 0.1606009 seconds
2024-10-09T21:48:16.489+0300: 679.315: [GC (Allocation Failure) 2024-10-09T21:48:16.489+0300: 679.315: [ParNew: 455000K->42546K(460096K), 0.0270007 secs] 3448907K->3054313K(8337536K), 0.0270825 secs] [Times: user=0.02 sys=0.00, real=0.02 secs] 
2024-10-09T21:48:16.505+0300: 679.342: Total time for which application threads were stopped: 0.0273476 seconds, Stopping threads took: 0.0001435 seconds
2024-10-09T21:48:16.678+0300: 679.516: Application time: 0.1739739 seconds
2024-10-09T21:48:16.678+0300: 679.517: [GC (Allocation Failure) 2024-10-09T21:48:16.678+0300: 679.517: [ParNew: 451570K->51072K(460096K), 0.0287215 secs] 3463337K->3076044K(8337536K), 0.0288132 secs] [Times: user=0.09 sys=0.00, real=0.03 secs] 
2024-10-09T21:48:16.709+0300: 679.546: Total time for which application threads were stopped: 0.0291666 seconds, Stopping threads took: 0.0002093 seconds
2024-10-09T21:48:16.876+0300: 679.704: Application time: 0.1582164 seconds
2024-10-09T21:48:16.876+0300: 679.704: [GC (Allocation Failure) 2024-10-09T21:48:16.876+0300: 679.706: [ParNew: 460096K->51072K(460096K), 0.0342492 secs] 3485068K->3099312K(8337536K), 0.0366286 secs] [Times: user=0.02 sys=0.00, real=0.04 secs] 
2024-10-09T21:48:16.913+0300: 679.741: Total time for which application threads were stopped: 0.0369264 seconds, Stopping threads took: 0.0001657 seconds
2024-10-09T21:48:17.070+0300: 679.900: Application time: 0.1595188 seconds
2024-10-09T21:48:17.070+0300: 679.900: [GC (Allocation Failure) 2024-10-09T21:48:17.070+0300: 679.900: [ParNew: 460096K->47164K(460096K), 0.0298699 secs] 3508336K->3122007K(8337536K), 0.0299558 secs] [Times: user=0.03 sys=0.00, real=0.03 secs] 
2024-10-09T21:48:17.102+0300: 679.930: Total time for which application threads were stopped: 0.0301936 seconds, Stopping threads took: 0.0001209 seconds
2024-10-09T21:48:17.277+0300: 680.110: Application time: 0.1797013 seconds
2024-10-09T21:48:17.277+0300: 680.110: [GC (Allocation Failure) 2024-10-09T21:48:17.277+0300: 680.110: [ParNew: 456188K->47378K(460096K), 0.0294445 secs] 3531031K->3138924K(8337536K), 0.0295674 secs] [Times: user=0.06 sys=0.00, real=0.03 secs] 
2024-10-09T21:48:17.306+0300: 680.140: Total time for which application threads were stopped: 0.0298421 seconds, Stopping threads took: 0.0001210 seconds
2024-10-09T21:48:17.463+0300: 680.302: Application time: 0.1617506 seconds
2024-10-09T21:48:17.463+0300: 680.302: [GC (Allocation Failure) 2024-10-09T21:48:17.463+0300: 680.302: [ParNew: 456402K->51072K(460096K), 0.0292190 secs] 3547948K->3154787K(8337536K), 0.0293067 secs] [Times: user=0.03 sys=0.00, real=0.03 secs] 
2024-10-09T21:48:17.494+0300: 680.331: Total time for which application threads were stopped: 0.0295809 seconds, Stopping threads took: 0.0001575 seconds
2024-10-09T21:48:17.651+0300: 680.484: Application time: 0.1531263 seconds
2024-10-09T21:48:17.651+0300: 680.485: [GC (Allocation Failure) 2024-10-09T21:48:17.651+0300: 680.485: [ParNew: 460096K->51072K(460096K), 0.0388035 secs] 3563811K->3187024K(8337536K), 0.0388963 secs] [Times: user=0.14 sys=0.00, real=0.03 secs] 
2024-10-09T21:48:17.683+0300: 680.524: Total time for which application threads were stopped: 0.0391817 seconds, Stopping threads took: 0.0001394 seconds
2024-10-09T21:48:17.879+0300: 680.712: Application time: 0.1885831 seconds
2024-10-09T21:48:17.879+0300: 680.713: [GC (Allocation Failure) 2024-10-09T21:48:17.887+0300: 680.713: [ParNew: 460096K->47336K(460096K), 0.0285621 secs] 3596048K->3201362K(8337536K), 0.0287146 secs] [Times: user=0.06 sys=0.02, real=0.02 secs] 
2024-10-09T21:48:17.902+0300: 680.741: Total time for which application threads were stopped: 0.0290420 seconds, Stopping threads took: 0.0001504 seconds
2024-10-09T21:48:18.079+0300: 680.909: Application time: 0.1674997 seconds
2024-10-09T21:48:18.079+0300: 680.909: [GC (Allocation Failure) 2024-10-09T21:48:18.079+0300: 680.909: [ParNew: 456360K->51072K(460096K), 0.0283443 secs] 3610386K->3215592K(8337536K), 0.0284268 secs] [Times: user=0.03 sys=0.00, real=0.03 secs] 
2024-10-09T21:48:18.106+0300: 680.937: Total time for which application threads were stopped: 0.0286758 seconds, Stopping threads took: 0.0001319 seconds
2024-10-09T21:48:18.248+0300: 681.084: Application time: 0.1469880 seconds
2024-10-09T21:48:18.248+0300: 681.085: [GC (Allocation Failure) 2024-10-09T21:48:18.248+0300: 681.085: [ParNew: 460096K->50166K(460096K), 0.0309380 secs] 3624616K->3242329K(8337536K), 0.0310366 secs] [Times: user=0.05 sys=0.00, real=0.03 secs] 
2024-10-09T21:48:18.280+0300: 681.116: Total time for which application threads were stopped: 0.0313095 seconds, Stopping threads took: 0.0001391 seconds
2024-10-09T21:48:18.467+0300: 681.294: Application time: 0.1785337 seconds
2024-10-09T21:48:18.467+0300: 681.295: [GC (Allocation Failure) 2024-10-09T21:48:18.467+0300: 681.295: [ParNew: 459190K->51072K(460096K), 0.0246797 secs] 3651353K->3245770K(8337536K), 0.0247620 secs] [Times: user=0.02 sys=0.00, real=0.02 secs] 
2024-10-09T21:48:18.483+0300: 681.319: Total time for which application threads were stopped: 0.0250170 seconds, Stopping threads took: 0.0001110 seconds
2024-10-09T21:48:18.656+0300: 681.490: Application time: 0.1707314 seconds
2024-10-09T21:48:18.656+0300: 681.490: [GC (Allocation Failure) 2024-10-09T21:48:18.656+0300: 681.490: [ParNew: 460096K->51072K(460096K), 0.0346595 secs] 3654794K->3266344K(8337536K), 0.0347589 secs] [Times: user=0.22 sys=0.00, real=0.03 secs] 
2024-10-09T21:48:18.687+0300: 681.525: Total time for which application threads were stopped: 0.0350500 seconds, Stopping threads took: 0.0001436 seconds
2024-10-09T21:48:18.843+0300: 681.676: Application time: 0.1513413 seconds
2024-10-09T21:48:18.843+0300: 681.677: [GC (Allocation Failure) 2024-10-09T21:48:18.843+0300: 681.677: [ParNew: 460096K->51072K(460096K), 0.0325184 secs] 3675368K->3294684K(8337536K), 0.0326144 secs] [Times: user=0.03 sys=0.00, real=0.04 secs] 
2024-10-09T21:48:18.881+0300: 681.709: Total time for which application threads were stopped: 0.0328994 seconds, Stopping threads took: 0.0001691 seconds
2024-10-09T21:48:19.047+0300: 681.883: Application time: 0.1739877 seconds
2024-10-09T21:48:19.047+0300: 681.884: [GC (Allocation Failure) 2024-10-09T21:48:19.047+0300: 681.884: [ParNew: 460096K->39440K(460096K), 0.0299981 secs] 3703708K->3306940K(8337536K), 0.0300869 secs] [Times: user=0.03 sys=0.00, real=0.04 secs] 
2024-10-09T21:48:19.082+0300: 681.914: Total time for which application threads were stopped: 0.0303247 seconds, Stopping threads took: 0.0001161 seconds
2024-10-09T21:48:19.252+0300: 682.087: Application time: 0.1729599 seconds
2024-10-09T21:48:19.252+0300: 682.087: [GC (Allocation Failure) 2024-10-09T21:48:19.252+0300: 682.087: [ParNew: 448464K->51072K(460096K), 0.0266479 secs] 3715964K->3323200K(8337536K), 0.0267322 secs] [Times: user=0.03 sys=0.00, real=0.03 secs] 
2024-10-09T21:48:19.283+0300: 682.114: Total time for which application threads were stopped: 0.0269887 seconds, Stopping threads took: 0.0001383 seconds
2024-10-09T21:48:19.425+0300: 682.258: Application time: 0.1447356 seconds
2024-10-09T21:48:19.425+0300: 682.259: [GC (Allocation Failure) 2024-10-09T21:48:19.425+0300: 682.259: [ParNew: 460096K->50745K(460096K), 0.0346523 secs] 3732224K->3355275K(8337536K), 0.0347368 secs] [Times: user=0.03 sys=0.00, real=0.03 secs] 
2024-10-09T21:48:19.456+0300: 682.293: Total time for which application threads were stopped: 0.0350048 seconds, Stopping threads took: 0.0001518 seconds
2024-10-09T21:48:19.628+0300: 682.466: Application time: 0.1723289 seconds
2024-10-09T21:48:19.628+0300: 682.466: [GC (Allocation Failure) 2024-10-09T21:48:19.628+0300: 682.466: [ParNew: 459769K->51072K(460096K), 0.0280751 secs] 3764299K->3375629K(8337536K), 0.0281712 secs] [Times: user=0.03 sys=0.00, real=0.03 secs] 
2024-10-09T21:48:19.660+0300: 682.494: Total time for which application threads were stopped: 0.0284543 seconds, Stopping threads took: 0.0001372 seconds
2024-10-09T21:48:19.832+0300: 682.674: Application time: 0.1797143 seconds
2024-10-09T21:48:19.848+0300: 682.674: [GC (Allocation Failure) 2024-10-09T21:48:19.848+0300: 682.674: [ParNew: 460096K->51072K(460096K), 0.0289512 secs] 3784653K->3387557K(8337536K), 0.0290498 secs] [Times: user=0.05 sys=0.00, real=0.02 secs] 
2024-10-09T21:48:19.864+0300: 682.703: Total time for which application threads were stopped: 0.0293359 seconds, Stopping threads took: 0.0001528 seconds
2024-10-09T21:48:20.021+0300: 682.852: Application time: 0.1489953 seconds
2024-10-09T21:48:20.021+0300: 682.852: [GC (Allocation Failure) 2024-10-09T21:48:20.021+0300: 682.852: [ParNew: 460096K->51072K(460096K), 0.0339701 secs] 3796581K->3414167K(8337536K), 0.0340603 secs] [Times: user=0.03 sys=0.00, real=0.03 secs] 
2024-10-09T21:48:20.052+0300: 682.887: Total time for which application threads were stopped: 0.0343175 seconds, Stopping threads took: 0.0001418 seconds
2024-10-09T21:48:20.225+0300: 683.060: Application time: 0.1734210 seconds
2024-10-09T21:48:20.225+0300: 683.060: [GC (Allocation Failure) 2024-10-09T21:48:20.225+0300: 683.060: [ParNew: 460096K->44102K(460096K), 0.0315734 secs] 3823191K->3435124K(8337536K), 0.0316781 secs] [Times: user=0.08 sys=0.00, real=0.03 secs] 
2024-10-09T21:48:20.256+0300: 683.092: Total time for which application threads were stopped: 0.0319505 seconds, Stopping threads took: 0.0001323 seconds
2024-10-09T21:48:20.428+0300: 683.267: Application time: 0.1755626 seconds
2024-10-09T21:48:20.428+0300: 683.268: [GC (Allocation Failure) 2024-10-09T21:48:20.428+0300: 683.268: [ParNew: 453126K->51072K(460096K), 0.0267196 secs] 3844148K->3453743K(8337536K), 0.0268018 secs] [Times: user=0.03 sys=0.00, real=0.03 secs] 
2024-10-09T21:48:20.460+0300: 683.295: Total time for which application threads were stopped: 0.0270499 seconds, Stopping threads took: 0.0001293 seconds
2024-10-09T21:48:20.617+0300: 683.447: Application time: 0.1526800 seconds
2024-10-09T21:48:20.617+0300: 683.447: [GC (Allocation Failure) 2024-10-09T21:48:20.617+0300: 683.447: [ParNew: 460096K->51072K(460096K), 0.0331479 secs] 3862767K->3476534K(8337536K), 0.0332374 secs] [Times: user=0.03 sys=0.00, real=0.03 secs] 
2024-10-09T21:48:20.648+0300: 683.481: Total time for which application threads were stopped: 0.0335290 seconds, Stopping threads took: 0.0001769 seconds
2024-10-09T21:48:20.821+0300: 683.657: Application time: 0.1760222 seconds
2024-10-09T21:48:20.821+0300: 683.657: [GC (Allocation Failure) 2024-10-09T21:48:20.821+0300: 683.657: [ParNew: 460096K->46375K(460096K), 0.0296539 secs] 3885558K->3497080K(8337536K), 0.0297581 secs] [Times: user=0.05 sys=0.00, real=0.03 secs] 
2024-10-09T21:48:20.852+0300: 683.687: Total time for which application threads were stopped: 0.0300292 seconds, Stopping threads took: 0.0001218 seconds
2024-10-09T21:48:21.025+0300: 683.859: Application time: 0.1726619 seconds
2024-10-09T21:48:21.025+0300: 683.860: [GC (Allocation Failure) 2024-10-09T21:48:21.025+0300: 683.860: [ParNew: 455399K->49629K(460096K), 0.0281677 secs] 3906104K->3513709K(8337536K), 0.0282552 secs] [Times: user=0.03 sys=0.00, real=0.03 secs] 
2024-10-09T21:48:21.056+0300: 683.888: Total time for which application threads were stopped: 0.0285335 seconds, Stopping threads took: 0.0001548 seconds
2024-10-09T21:48:21.213+0300: 684.045: Application time: 0.1575080 seconds
2024-10-09T21:48:21.213+0300: 684.046: [GC (Allocation Failure) 2024-10-09T21:48:21.213+0300: 684.046: [ParNew: 458653K->51072K(460096K), 0.0268306 secs] 3922733K->3526254K(8337536K), 0.0269144 secs] [Times: user=0.06 sys=0.00, real=0.03 secs] 
2024-10-09T21:48:21.244+0300: 684.073: Total time for which application threads were stopped: 0.0271991 seconds, Stopping threads took: 0.0001610 seconds
2024-10-09T21:48:21.402+0300: 684.240: Application time: 0.1675920 seconds
2024-10-09T21:48:21.402+0300: 684.240: [GC (Allocation Failure) 2024-10-09T21:48:21.402+0300: 684.241: [ParNew: 460096K->46270K(460096K), 0.0318234 secs] 3935278K->3551303K(8337536K), 0.0319140 secs] [Times: user=0.03 sys=0.00, real=0.03 secs] 
2024-10-09T21:48:21.433+0300: 684.272: Total time for which application threads were stopped: 0.0321545 seconds, Stopping threads took: 0.0001210 seconds
2024-10-09T21:48:21.606+0300: 684.443: Application time: 0.1709516 seconds
2024-10-09T21:48:21.606+0300: 684.444: [GC (Allocation Failure) 2024-10-09T21:48:21.606+0300: 684.444: [ParNew: 455294K->51072K(460096K), 0.0278079 secs] 3960327K->3569720K(8337536K), 0.0278948 secs] [Times: user=0.03 sys=0.00, real=0.03 secs] 
2024-10-09T21:48:21.637+0300: 684.472: Total time for which application threads were stopped: 0.0281699 seconds, Stopping threads took: 0.0001531 seconds
2024-10-09T21:48:21.810+0300: 684.636: Application time: 0.1645135 seconds
2024-10-09T21:48:21.810+0300: 684.636: [GC (Allocation Failure) 2024-10-09T21:48:21.810+0300: 684.636: [ParNew: 460096K->51072K(460096K), 0.0293693 secs] 3978744K->3585277K(8337536K), 0.0294705 secs] [Times: user=0.05 sys=0.00, real=0.02 secs] 
2024-10-09T21:48:21.825+0300: 684.666: Total time for which application threads were stopped: 0.0297911 seconds, Stopping threads took: 0.0001595 seconds
2024-10-09T21:48:21.997+0300: 684.828: Application time: 0.1617275 seconds
2024-10-09T21:48:21.997+0300: 684.828: [GC (Allocation Failure) 2024-10-09T21:48:21.997+0300: 684.828: [ParNew: 460096K->47312K(460096K), 0.0310894 secs] 3994301K->3609488K(8337536K), 0.0311735 secs] [Times: user=0.03 sys=0.00, real=0.03 secs] 
2024-10-09T21:48:22.029+0300: 684.859: Total time for which application threads were stopped: 0.0314291 seconds, Stopping threads took: 0.0001338 seconds
2024-10-09T21:48:22.188+0300: 685.026: Application time: 0.1665729 seconds
2024-10-09T21:48:22.188+0300: 685.026: [GC (Allocation Failure) 2024-10-09T21:48:22.188+0300: 685.026: [ParNew: 456336K->51072K(460096K), 0.0246789 secs] 4018512K->3618701K(8337536K), 0.0247674 secs] [Times: user=0.03 sys=0.00, real=0.03 secs] 
2024-10-09T21:48:22.217+0300: 685.051: Total time for which application threads were stopped: 0.0250595 seconds, Stopping threads took: 0.0001606 seconds
2024-10-09T21:48:22.374+0300: 685.214: Application time: 0.1632432 seconds
2024-10-09T21:48:22.374+0300: 685.214: [GC (Allocation Failure) 2024-10-09T21:48:22.374+0300: 685.214: [ParNew: 460096K->51072K(460096K), 0.0360950 secs] 4027725K->3647488K(8337536K), 0.0361831 secs] [Times: user=0.05 sys=0.00, real=0.05 secs] 
2024-10-09T21:48:22.421+0300: 685.250: Total time for which application threads were stopped: 0.0364700 seconds, Stopping threads took: 0.0001630 seconds
2024-10-09T21:48:22.578+0300: 685.410: Application time: 0.1597592 seconds
2024-10-09T21:48:22.578+0300: 685.410: [GC (Allocation Failure) 2024-10-09T21:48:22.578+0300: 685.410: [ParNew: 460096K->51072K(460096K), 0.0342567 secs] 4056512K->3679059K(8337536K), 0.0343454 secs] [Times: user=0.03 sys=0.00, real=0.04 secs] 
2024-10-09T21:48:22.619+0300: 685.445: Total time for which application threads were stopped: 0.0346112 seconds, Stopping threads took: 0.0001488 seconds
2024-10-09T21:48:22.790+0300: 685.618: Application time: 0.1728668 seconds
2024-10-09T21:48:22.790+0300: 685.618: [GC (Allocation Failure) 2024-10-09T21:48:22.790+0300: 685.618: [ParNew: 460096K->51072K(460096K), 0.0271501 secs] 4088083K->3690157K(8337536K), 0.0272493 secs] [Times: user=0.06 sys=0.00, real=0.02 secs] 
2024-10-09T21:48:22.814+0300: 685.645: Total time for which application threads were stopped: 0.0275296 seconds, Stopping threads took: 0.0001392 seconds
2024-10-09T21:48:22.970+0300: 685.808: Application time: 0.1624931 seconds
2024-10-09T21:48:22.970+0300: 685.808: [GC (Allocation Failure) 2024-10-09T21:48:22.970+0300: 685.808: [ParNew: 460096K->51072K(460096K), 0.0282794 secs] 4099181K->3707333K(8337536K), 0.0283856 secs] [Times: user=0.03 sys=0.00, real=0.03 secs] 
2024-10-09T21:48:23.002+0300: 685.836: Total time for which application threads were stopped: 0.0286704 seconds, Stopping threads took: 0.0001526 seconds
2024-10-09T21:48:23.159+0300: 685.998: Application time: 0.1618528 seconds
2024-10-09T21:48:23.159+0300: 685.998: [GC (Allocation Failure) 2024-10-09T21:48:23.159+0300: 685.998: [ParNew: 460096K->51072K(460096K), 0.0285730 secs] 4116357K->3726900K(8337536K), 0.0286722 secs] [Times: user=0.03 sys=0.00, real=0.03 secs] 
2024-10-09T21:48:23.191+0300: 686.027: Total time for which application threads were stopped: 0.0289114 seconds, Stopping threads took: 0.0001135 seconds
2024-10-09T21:48:23.362+0300: 686.194: Application time: 0.1669488 seconds
2024-10-09T21:48:23.362+0300: 686.194: [GC (Allocation Failure) 2024-10-09T21:48:23.362+0300: 686.194: [ParNew: 460096K->51072K(460096K), 0.0268991 secs] 4135924K->3738247K(8337536K), 0.0269826 secs] [Times: user=0.03 sys=0.00, real=0.03 secs] 
2024-10-09T21:48:23.394+0300: 686.221: Total time for which application threads were stopped: 0.0272738 seconds, Stopping threads took: 0.0001757 seconds
2024-10-09T21:48:23.550+0300: 686.381: Application time: 0.1600703 seconds
2024-10-09T21:48:23.550+0300: 686.382: [GC (Allocation Failure) 2024-10-09T21:48:23.550+0300: 686.382: [ParNew: 460096K->51072K(460096K), 0.0305200 secs] 4147271K->3760445K(8337536K), 0.0306085 secs] [Times: user=0.03 sys=0.00, real=0.03 secs] 
2024-10-09T21:48:23.582+0300: 686.412: Total time for which application threads were stopped: 0.0308257 seconds, Stopping threads took: 0.0001068 seconds
2024-10-09T21:48:23.755+0300: 686.585: Application time: 0.1732086 seconds
2024-10-09T21:48:23.755+0300: 686.586: [GC (Allocation Failure) 2024-10-09T21:48:23.755+0300: 686.586: [ParNew: 460096K->51072K(460096K), 0.0300362 secs] 4169469K->3780124K(8337536K), 0.0301451 secs] [Times: user=0.05 sys=0.00, real=0.03 secs] 
2024-10-09T21:48:23.786+0300: 686.616: Total time for which application threads were stopped: 0.0304033 seconds, Stopping threads took: 0.0001102 seconds
2024-10-09T21:48:23.943+0300: 686.777: Application time: 0.1613384 seconds
2024-10-09T21:48:23.943+0300: 686.777: [GC (Allocation Failure) 2024-10-09T21:48:23.943+0300: 686.777: [ParNew: 460096K->51072K(460096K), 0.0272388 secs] 4189148K->3790847K(8337536K), 0.0273275 secs] [Times: user=0.03 sys=0.00, real=0.03 secs] 
2024-10-09T21:48:23.974+0300: 686.805: Total time for which application threads were stopped: 0.0275979 seconds, Stopping threads took: 0.0001583 seconds
2024-10-09T21:48:24.132+0300: 686.962: Application time: 0.1571031 seconds
2024-10-09T21:48:24.132+0300: 686.962: [GC (Allocation Failure) 2024-10-09T21:48:24.132+0300: 686.962: [ParNew: 460096K->48121K(460096K), 0.0297591 secs] 4199871K->3811546K(8337536K), 0.0298534 secs] [Times: user=0.02 sys=0.00, real=0.03 secs] 
2024-10-09T21:48:24.163+0300: 686.992: Total time for which application threads were stopped: 0.0301177 seconds, Stopping threads took: 0.0001442 seconds
2024-10-09T21:48:24.336+0300: 687.165: Application time: 0.1727285 seconds
2024-10-09T21:48:24.336+0300: 687.165: [GC (Allocation Failure) 2024-10-09T21:48:24.336+0300: 687.165: [ParNew: 457145K->51072K(460096K), 0.0273486 secs] 4220570K->3829579K(8337536K), 0.0274398 secs] [Times: user=0.02 sys=0.00, real=0.02 secs] 
2024-10-09T21:48:24.352+0300: 687.192: Total time for which application threads were stopped: 0.0277125 seconds, Stopping threads took: 0.0001563 seconds
2024-10-09T21:48:24.524+0300: 687.355: Application time: 0.1621644 seconds
2024-10-09T21:48:24.524+0300: 687.355: [GC (Allocation Failure) 2024-10-09T21:48:24.524+0300: 687.355: [ParNew: 460096K->51072K(460096K), 0.0270827 secs] 4238603K->3841697K(8337536K), 0.0271630 secs] [Times: user=0.03 sys=0.00, real=0.03 secs] 
2024-10-09T21:48:24.556+0300: 687.382: Total time for which application threads were stopped: 0.0274102 seconds, Stopping threads took: 0.0001232 seconds
2024-10-09T21:48:24.713+0300: 687.545: Application time: 0.1626818 seconds
2024-10-09T21:48:24.713+0300: 687.545: [GC (Allocation Failure) 2024-10-09T21:48:24.713+0300: 687.545: [ParNew: 460096K->51072K(460096K), 0.0264181 secs] 4250721K->3858859K(8337536K), 0.0265013 secs] [Times: user=0.03 sys=0.00, real=0.03 secs] 
2024-10-09T21:48:24.744+0300: 687.571: Total time for which application threads were stopped: 0.0267578 seconds, Stopping threads took: 0.0001442 seconds
2024-10-09T21:48:24.917+0300: 687.744: Application time: 0.1729903 seconds
2024-10-09T21:48:24.917+0300: 687.745: [GC (Allocation Failure) 2024-10-09T21:48:24.917+0300: 687.745: [ParNew: 460096K->51072K(460096K), 0.0289800 secs] 4267883K->3877377K(8337536K), 0.0290617 secs] [Times: user=0.03 sys=0.00, real=0.02 secs] 
2024-10-09T21:48:24.933+0300: 687.774: Total time for which application threads were stopped: 0.0293210 seconds, Stopping threads took: 0.0001380 seconds
2024-10-09T21:48:25.105+0300: 687.932: Application time: 0.1585173 seconds
2024-10-09T21:48:25.105+0300: 687.933: [GC (Allocation Failure) 2024-10-09T21:48:25.105+0300: 687.933: [ParNew: 460096K->51072K(460096K), 0.0321206 secs] 4286401K->3897386K(8337536K), 0.0322079 secs] [Times: user=0.02 sys=0.00, real=0.03 secs] 
2024-10-09T21:48:25.137+0300: 687.965: Total time for which application threads were stopped: 0.0324523 seconds, Stopping threads took: 0.0001223 seconds
2024-10-09T21:48:25.295+0300: 688.125: Application time: 0.1597561 seconds
2024-10-09T21:48:25.295+0300: 688.125: [GC (Allocation Failure) 2024-10-09T21:48:25.295+0300: 688.125: [ParNew: 460096K->51072K(460096K), 0.0293402 secs] 4306410K->3918584K(8337536K), 0.0294284 secs] [Times: user=0.03 sys=0.00, real=0.03 secs] 
2024-10-09T21:48:25.325+0300: 688.154: Total time for which application threads were stopped: 0.0296984 seconds, Stopping threads took: 0.0001521 seconds
2024-10-09T21:48:25.498+0300: 688.328: Application time: 0.1741729 seconds
2024-10-09T21:48:25.498+0300: 688.329: [GC (Allocation Failure) 2024-10-09T21:48:25.498+0300: 688.329: [ParNew: 460096K->51072K(460096K), 0.0306212 secs] 4327608K->3939331K(8337536K), 0.0307063 secs] [Times: user=0.06 sys=0.00, real=0.03 secs] 
2024-10-09T21:48:25.529+0300: 688.359: Total time for which application threads were stopped: 0.0309289 seconds, Stopping threads took: 0.0001054 seconds
2024-10-09T21:48:25.696+0300: 688.526: Application time: 0.1668637 seconds
2024-10-09T21:48:25.696+0300: 688.526: [GC (Allocation Failure) 2024-10-09T21:48:25.696+0300: 688.526: [ParNew: 460096K->51072K(460096K), 0.0314732 secs] 4348355K->3958508K(8337536K), 0.0315654 secs] [Times: user=0.05 sys=0.00, real=0.02 secs] 
2024-10-09T21:48:25.718+0300: 688.558: Total time for which application threads were stopped: 0.0318279 seconds, Stopping threads took: 0.0001435 seconds
2024-10-09T21:48:25.890+0300: 688.721: Application time: 0.1633217 seconds
2024-10-09T21:48:25.890+0300: 688.722: [GC (Allocation Failure) 2024-10-09T21:48:25.890+0300: 688.722: [ParNew: 460096K->51072K(460096K), 0.0288034 secs] 4367532K->3978792K(8337536K), 0.0288948 secs] [Times: user=0.02 sys=0.00, real=0.03 secs] 
2024-10-09T21:48:25.922+0300: 688.751: Total time for which application threads were stopped: 0.0291493 seconds, Stopping threads took: 0.0001287 seconds
2024-10-09T21:48:26.094+0300: 688.923: Application time: 0.1720282 seconds
2024-10-09T21:48:26.097+0300: 688.923: [GC (Allocation Failure) 2024-10-09T21:48:26.097+0300: 688.923: [ParNew: 460096K->51072K(460096K), 0.0286707 secs] 4387816K->3994843K(8337536K), 0.0287610 secs] [Times: user=0.03 sys=0.00, real=0.03 secs] 
2024-10-09T21:48:26.126+0300: 688.952: Total time for which application threads were stopped: 0.0290042 seconds, Stopping threads took: 0.0001157 seconds
2024-10-09T21:48:26.267+0300: 689.107: Application time: 0.1552787 seconds
2024-10-09T21:48:26.267+0300: 689.107: [GC (Allocation Failure) 2024-10-09T21:48:26.267+0300: 689.107: [ParNew: 460096K->51072K(460096K), 0.0299629 secs] 4403867K->4012408K(8337536K), 0.0300472 secs] [Times: user=0.03 sys=0.00, real=0.03 secs] 
2024-10-09T21:48:26.298+0300: 689.137: Total time for which application threads were stopped: 0.0303112 seconds, Stopping threads took: 0.0001409 seconds
2024-10-09T21:48:26.471+0300: 689.302: Application time: 0.1645108 seconds
2024-10-09T21:48:26.471+0300: 689.302: [GC (Allocation Failure) 2024-10-09T21:48:26.471+0300: 689.302: [ParNew: 460096K->51072K(460096K), 0.0295314 secs] 4421432K->4034612K(8337536K), 0.0296161 secs] [Times: user=0.03 sys=0.00, real=0.03 secs] 
2024-10-09T21:48:26.502+0300: 689.332: Total time for which application threads were stopped: 0.0298859 seconds, Stopping threads took: 0.0001490 seconds
2024-10-09T21:48:26.675+0300: 689.503: Application time: 0.1712972 seconds
2024-10-09T21:48:26.675+0300: 689.503: [GC (Allocation Failure) 2024-10-09T21:48:26.675+0300: 689.503: [ParNew: 460096K->49154K(460096K), 0.0299170 secs] 4443636K->4046381K(8337536K), 0.0300216 secs] [Times: user=0.12 sys=0.02, real=0.03 secs] 
2024-10-09T21:48:26.707+0300: 689.533: Total time for which application threads were stopped: 0.0303065 seconds, Stopping threads took: 0.0001487 seconds
2024-10-09T21:48:26.863+0300: 689.691: Application time: 0.1575183 seconds
2024-10-09T21:48:26.863+0300: 689.691: [GC (Allocation Failure) 2024-10-09T21:48:26.863+0300: 689.691: [ParNew: 458178K->51072K(460096K), 0.0278263 secs] 4455405K->4063277K(8337536K), 0.0279147 secs] [Times: user=0.08 sys=0.00, real=0.02 secs] 
2024-10-09T21:48:26.879+0300: 689.719: Total time for which application threads were stopped: 0.0281626 seconds, Stopping threads took: 0.0001208 seconds
2024-10-09T21:48:27.052+0300: 689.883: Application time: 0.1639193 seconds
2024-10-09T21:48:27.052+0300: 689.883: [GC (Allocation Failure) 2024-10-09T21:48:27.052+0300: 689.883: [ParNew: 460096K->48938K(460096K), 0.0304665 secs] 4472301K->4085358K(8337536K), 0.0305570 secs] [Times: user=0.03 sys=0.00, real=0.03 secs] 
2024-10-09T21:48:27.083+0300: 689.914: Total time for which application threads were stopped: 0.0307917 seconds, Stopping threads took: 0.0001160 seconds
2024-10-09T21:48:27.241+0300: 690.082: Application time: 0.1682685 seconds
2024-10-09T21:48:27.256+0300: 690.082: [GC (Allocation Failure) 2024-10-09T21:48:27.256+0300: 690.082: [ParNew: 457962K->51072K(460096K), 0.0264261 secs] 4494382K->4098474K(8337536K), 0.0265247 secs] [Times: user=0.01 sys=0.00, real=0.02 secs] 
2024-10-09T21:48:27.272+0300: 690.109: Total time for which application threads were stopped: 0.0268622 seconds, Stopping threads took: 0.0002111 seconds
2024-10-09T21:48:27.429+0300: 690.269: Application time: 0.1599805 seconds
2024-10-09T21:48:27.429+0300: 690.269: [GC (Allocation Failure) 2024-10-09T21:48:27.429+0300: 690.269: [ParNew: 460096K->51072K(460096K), 0.0354451 secs] 4507498K->4128532K(8337536K), 0.0355515 secs] [Times: user=0.03 sys=0.00, real=0.05 secs] 
2024-10-09T21:48:27.475+0300: 690.305: Total time for which application threads were stopped: 0.0358692 seconds, Stopping threads took: 0.0001752 seconds
2024-10-09T21:48:27.648+0300: 690.479: Application time: 0.1741568 seconds
2024-10-09T21:48:27.648+0300: 690.479: [GC (Allocation Failure) 2024-10-09T21:48:27.648+0300: 690.479: [ParNew: 460096K->48229K(460096K), 0.0311547 secs] 4537556K->4147035K(8337536K), 0.0312582 secs] [Times: user=0.01 sys=0.00, real=0.03 secs] 
2024-10-09T21:48:27.679+0300: 690.510: Total time for which application threads were stopped: 0.0315189 seconds, Stopping threads took: 0.0001164 seconds
2024-10-09T21:48:27.852+0300: 690.685: Application time: 0.1746045 seconds
2024-10-09T21:48:27.852+0300: 690.685: [GC (Allocation Failure) 2024-10-09T21:48:27.852+0300: 690.685: [ParNew: 457253K->51072K(460096K), 0.0291670 secs] 4556059K->4163348K(8337536K), 0.0292584 secs] [Times: user=0.06 sys=0.00, real=0.03 secs] 
2024-10-09T21:48:27.883+0300: 690.714: Total time for which application threads were stopped: 0.0295585 seconds, Stopping threads took: 0.0001776 seconds
2024-10-09T21:48:28.041+0300: 690.877: Application time: 0.1629573 seconds
2024-10-09T21:48:28.041+0300: 690.878: [GC (Allocation Failure) 2024-10-09T21:48:28.041+0300: 690.878: [ParNew: 460096K->51072K(460096K), 0.0306922 secs] 4572372K->4183625K(8337536K), 0.0307924 secs] [Times: user=0.06 sys=0.00, real=0.03 secs] 
2024-10-09T21:48:28.072+0300: 690.908: Total time for which application threads were stopped: 0.0310624 seconds, Stopping threads took: 0.0001315 seconds
2024-10-09T21:48:28.245+0300: 691.074: Application time: 0.1659651 seconds
2024-10-09T21:48:28.245+0300: 691.075: [GC (Allocation Failure) 2024-10-09T21:48:28.245+0300: 691.075: [ParNew: 460096K->50052K(460096K), 0.0314487 secs] 4592649K->4210698K(8337536K), 0.0315281 secs] [Times: user=0.03 sys=0.00, real=0.03 secs] 
2024-10-09T21:48:28.276+0300: 691.106: Total time for which application threads were stopped: 0.0317611 seconds, Stopping threads took: 0.0001150 seconds
2024-10-09T21:48:28.449+0300: 691.275: Application time: 0.1691107 seconds
2024-10-09T21:48:28.449+0300: 691.276: [GC (Allocation Failure) 2024-10-09T21:48:28.449+0300: 691.276: [ParNew: 459076K->51072K(460096K), 0.0251325 secs] 4619722K->4216381K(8337536K), 0.0252259 secs] [Times: user=0.02 sys=0.00, real=0.02 secs] 
2024-10-09T21:48:28.465+0300: 691.301: Total time for which application threads were stopped: 0.0255158 seconds, Stopping threads took: 0.0001562 seconds
2024-10-09T21:48:28.622+0300: 691.458: Application time: 0.1572906 seconds
2024-10-09T21:48:28.622+0300: 691.458: [GC (Allocation Failure) 2024-10-09T21:48:28.622+0300: 691.458: [ParNew: 460096K->46209K(460096K), 0.0348516 secs] 4625405K->4239832K(8337536K), 0.0349357 secs] [Times: user=0.03 sys=0.00, real=0.03 secs] 
2024-10-09T21:48:28.653+0300: 691.493: Total time for which application threads were stopped: 0.0352351 seconds, Stopping threads took: 0.0001797 seconds
2024-10-09T21:48:28.826+0300: 691.662: Application time: 0.1689511 seconds
2024-10-09T21:48:28.826+0300: 691.662: [GC (Allocation Failure) 2024-10-09T21:48:28.826+0300: 691.663: [ParNew: 455233K->47448K(460096K), 0.0290574 secs] 4648856K->4262834K(8337536K), 0.0291534 secs] [Times: user=0.06 sys=0.00, real=0.03 secs] 
2024-10-09T21:48:28.857+0300: 691.692: Total time for which application threads were stopped: 0.0294074 seconds, Stopping threads took: 0.0001274 seconds
2024-10-09T21:48:29.030+0300: 691.863: Application time: 0.1718242 seconds
2024-10-09T21:48:29.030+0300: 691.864: [GC (Allocation Failure) 2024-10-09T21:48:29.030+0300: 691.864: [ParNew: 456472K->51072K(460096K), 0.0265353 secs] 4671858K->4274999K(8337536K), 0.0266267 secs] [Times: user=0.01 sys=0.00, real=0.03 secs] 
2024-10-09T21:48:29.061+0300: 691.890: Total time for which application threads were stopped: 0.0268369 seconds, Stopping threads took: 0.0000987 seconds
2024-10-09T21:48:29.204+0300: 692.044: Application time: 0.1533050 seconds
2024-10-09T21:48:29.204+0300: 692.044: [GC (Allocation Failure) 2024-10-09T21:48:29.204+0300: 692.044: [ParNew: 460096K->51072K(460096K), 0.0307907 secs] 4684023K->4295050K(8337536K), 0.0308884 secs] [Times: user=0.03 sys=0.00, real=0.03 secs] 
2024-10-09T21:48:29.234+0300: 692.075: Total time for which application threads were stopped: 0.0311858 seconds, Stopping threads took: 0.0001615 seconds
2024-10-09T21:48:29.407+0300: 692.244: Application time: 0.1696103 seconds
2024-10-09T21:48:29.407+0300: 692.245: [GC (Allocation Failure) 2024-10-09T21:48:29.407+0300: 692.245: [ParNew: 460096K->48828K(460096K), 0.0293212 secs] 4704074K->4317280K(8337536K), 0.0294096 secs] [Times: user=0.03 sys=0.00, real=0.03 secs] 
2024-10-09T21:48:29.438+0300: 692.274: Total time for which application threads were stopped: 0.0296452 seconds, Stopping threads took: 0.0001210 seconds
2024-10-09T21:48:29.611+0300: 692.445: Application time: 0.1706679 seconds
2024-10-09T21:48:29.611+0300: 692.445: [GC (Allocation Failure) 2024-10-09T21:48:29.611+0300: 692.445: [ParNew: 457852K->51072K(460096K), 0.0269385 secs] 4726304K->4329982K(8337536K), 0.0270233 secs] [Times: user=0.03 sys=0.00, real=0.03 secs] 
2024-10-09T21:48:29.643+0300: 692.472: Total time for which application threads were stopped: 0.0273037 seconds, Stopping threads took: 0.0001572 seconds
2024-10-09T21:48:29.805+0300: 692.635: Application time: 0.1624339 seconds
2024-10-09T21:48:29.805+0300: 692.635: [GC (Allocation Failure) 2024-10-09T21:48:29.805+0300: 692.635: [ParNew: 460096K->50157K(460096K), 0.0306257 secs] 4739006K->4349068K(8337536K), 0.0307243 secs] [Times: user=0.02 sys=0.00, real=0.03 secs] 
2024-10-09T21:48:29.831+0300: 692.666: Total time for which application threads were stopped: 0.0310050 seconds, Stopping threads took: 0.0001600 seconds
2024-10-09T21:48:30.005+0300: 692.834: Application time: 0.1688756 seconds
2024-10-09T21:48:30.005+0300: 692.835: [GC (Allocation Failure) 2024-10-09T21:48:30.005+0300: 692.835: [ParNew: 459181K->49644K(460096K), 0.0303512 secs] 4758092K->4374712K(8337536K), 0.0304386 secs] [Times: user=0.01 sys=0.00, real=0.03 secs] 
2024-10-09T21:48:30.035+0300: 692.865: Total time for which application threads were stopped: 0.0307052 seconds, Stopping threads took: 0.0001480 seconds
2024-10-09T21:48:30.206+0300: 693.033: Application time: 0.1678472 seconds
2024-10-09T21:48:30.206+0300: 693.033: [GC (Allocation Failure) 2024-10-09T21:48:30.206+0300: 693.033: [ParNew: 458668K->51072K(460096K), 0.0272442 secs] 4783736K->4385263K(8337536K), 0.0273308 secs] [Times: user=0.01 sys=0.00, real=0.02 secs] 
2024-10-09T21:48:30.224+0300: 693.061: Total time for which application threads were stopped: 0.0276107 seconds, Stopping threads took: 0.0001632 seconds
2024-10-09T21:48:30.381+0300: 693.217: Application time: 0.1562511 seconds
2024-10-09T21:48:30.381+0300: 693.217: [GC (Allocation Failure) 2024-10-09T21:48:30.381+0300: 693.217: [ParNew: 460096K->51072K(460096K), 0.0353007 secs] 4794287K->4412134K(8337536K), 0.0353797 secs] [Times: user=0.03 sys=0.00, real=0.03 secs] 
2024-10-09T21:48:30.412+0300: 693.252: Total time for which application threads were stopped: 0.0356668 seconds, Stopping threads took: 0.0001695 seconds
2024-10-09T21:48:30.585+0300: 693.422: Application time: 0.1690729 seconds
2024-10-09T21:48:30.585+0300: 693.422: [GC (Allocation Failure) 2024-10-09T21:48:30.585+0300: 693.422: [ParNew: 460096K->51072K(460096K), 0.0316850 secs] 4821158K->4441770K(8337536K), 0.0317823 secs] [Times: user=0.03 sys=0.00, real=0.03 secs] 
2024-10-09T21:48:30.617+0300: 693.454: Total time for which application threads were stopped: 0.0320242 seconds, Stopping threads took: 0.0001221 seconds
2024-10-09T21:48:30.805+0300: 693.632: Application time: 0.1782721 seconds
2024-10-09T21:48:30.805+0300: 693.632: [GC (Allocation Failure) 2024-10-09T21:48:30.805+0300: 693.632: [ParNew: 460096K->51072K(460096K), 0.0285068 secs] 4850794K->4451156K(8337536K), 0.0285960 secs] [Times: user=0.02 sys=0.00, real=0.02 secs] 
2024-10-09T21:48:30.821+0300: 693.661: Total time for which application threads were stopped: 0.0288513 seconds, Stopping threads took: 0.0001391 seconds
2024-10-09T21:48:30.978+0300: 693.814: Application time: 0.1536300 seconds
2024-10-09T21:48:30.978+0300: 693.815: [GC (Allocation Failure) 2024-10-09T21:48:30.978+0300: 693.815: [ParNew: 460096K->51072K(460096K), 0.0296110 secs] 4860180K->4469681K(8337536K), 0.0297013 secs] [Times: user=0.03 sys=0.00, real=0.03 secs] 
2024-10-09T21:48:31.009+0300: 693.844: Total time for which application threads were stopped: 0.0299924 seconds, Stopping threads took: 0.0001728 seconds
2024-10-09T21:48:31.182+0300: 694.010: Application time: 0.1660890 seconds
2024-10-09T21:48:31.182+0300: 694.011: [GC (Allocation Failure) 2024-10-09T21:48:31.182+0300: 694.011: [ParNew: 460096K->37195K(460096K), 0.0287514 secs] 4878705K->4480709K(8337536K), 0.0288339 secs] [Times: user=0.03 sys=0.00, real=0.03 secs] 
2024-10-09T21:48:31.213+0300: 694.040: Total time for which application threads were stopped: 0.0290882 seconds, Stopping threads took: 0.0001400 seconds
2024-10-09T21:48:31.370+0300: 694.209: Application time: 0.1691732 seconds
2024-10-09T21:48:31.370+0300: 694.209: [GC (Allocation Failure) 2024-10-09T21:48:31.370+0300: 694.209: [ParNew: 446219K->51072K(460096K), 0.0273705 secs] 4889733K->4503753K(8337536K), 0.0274646 secs] [Times: user=0.06 sys=0.00, real=0.04 secs] 
2024-10-09T21:48:31.408+0300: 694.236: Total time for which application threads were stopped: 0.0277111 seconds, Stopping threads took: 0.0001207 seconds
2024-10-09T21:48:31.559+0300: 694.391: Application time: 0.1545456 seconds
2024-10-09T21:48:31.559+0300: 694.391: [GC (Allocation Failure) 2024-10-09T21:48:31.559+0300: 694.391: [ParNew: 460096K->51072K(460096K), 0.0307494 secs] 4912777K->4522327K(8337536K), 0.0308525 secs] [Times: user=0.06 sys=0.00, real=0.03 secs] 
2024-10-09T21:48:31.590+0300: 694.422: Total time for which application threads were stopped: 0.0311378 seconds, Stopping threads took: 0.0001539 seconds
2024-10-09T21:48:31.763+0300: 694.592: Application time: 0.1703267 seconds
2024-10-09T21:48:31.763+0300: 694.593: [GC (Allocation Failure) 2024-10-09T21:48:31.763+0300: 694.593: [ParNew: 460096K->51072K(460096K), 0.0302695 secs] 4931351K->4547967K(8337536K), 0.0303591 secs] [Times: user=0.03 sys=0.00, real=0.03 secs] 
2024-10-09T21:48:31.794+0300: 694.623: Total time for which application threads were stopped: 0.0306521 seconds, Stopping threads took: 0.0001521 seconds
2024-10-09T21:48:31.952+0300: 694.792: Application time: 0.1690720 seconds
2024-10-09T21:48:31.952+0300: 694.792: [GC (Allocation Failure) 2024-10-09T21:48:31.952+0300: 694.792: [ParNew: 460096K->51072K(460096K), 0.0268128 secs] 4956991K->4558620K(8337536K), 0.0269033 secs] [Times: user=0.03 sys=0.00, real=0.03 secs] 
2024-10-09T21:48:31.983+0300: 694.819: Total time for which application threads were stopped: 0.0271529 seconds, Stopping threads took: 0.0001272 seconds
2024-10-09T21:48:32.140+0300: 694.977: Application time: 0.1578178 seconds
2024-10-09T21:48:32.140+0300: 694.977: [GC (Allocation Failure) 2024-10-09T21:48:32.140+0300: 694.977: [ParNew: 460096K->51072K(460096K), 0.0286911 secs] 4967644K->4573713K(8337536K), 0.0287777 secs] [Times: user=0.03 sys=0.00, real=0.03 secs] 
2024-10-09T21:48:32.171+0300: 695.006: Total time for which application threads were stopped: 0.0290563 seconds, Stopping threads took: 0.0001569 seconds
2024-10-09T21:48:32.328+0300: 695.169: Application time: 0.1623784 seconds
2024-10-09T21:48:32.328+0300: 695.169: [GC (Allocation Failure) 2024-10-09T21:48:32.328+0300: 695.169: [ParNew: 460096K->51072K(460096K), 0.0266594 secs] 4982737K->4587624K(8337536K), 0.0267514 secs] [Times: user=0.03 sys=0.00, real=0.03 secs] 
2024-10-09T21:48:32.360+0300: 695.196: Total time for which application threads were stopped: 0.0271008 seconds, Stopping threads took: 0.0002300 seconds
2024-10-09T21:48:32.533+0300: 695.366: Application time: 0.1706557 seconds
2024-10-09T21:48:32.533+0300: 695.367: [GC (Allocation Failure) 2024-10-09T21:48:32.533+0300: 695.367: [ParNew: 460096K->51072K(460096K), 0.0330250 secs] 4996648K->4612534K(8337536K), 0.0331249 secs] [Times: user=0.03 sys=0.00, real=0.03 secs] 
2024-10-09T21:48:32.564+0300: 695.400: Total time for which application threads were stopped: 0.0334347 seconds, Stopping threads took: 0.0001638 seconds
2024-10-09T21:48:32.736+0300: 695.565: Application time: 0.1650026 seconds
2024-10-09T21:48:32.736+0300: 695.565: [GC (Allocation Failure) 2024-10-09T21:48:32.736+0300: 695.565: [ParNew: 460096K->51072K(460096K), 0.0289971 secs] 5021558K->4627732K(8337536K), 0.0290882 secs] [Times: user=0.08 sys=0.00, real=0.03 secs] 
2024-10-09T21:48:32.768+0300: 695.594: Total time for which application threads were stopped: 0.0293879 seconds, Stopping threads took: 0.0001603 seconds
2024-10-09T21:48:32.924+0300: 695.757: Application time: 0.1624278 seconds
2024-10-09T21:48:32.924+0300: 695.757: [GC (Allocation Failure) 2024-10-09T21:48:32.924+0300: 695.757: [ParNew: 460096K->51072K(460096K), 0.0300233 secs] 5036756K->4648758K(8337536K), 0.0301142 secs] [Times: user=0.03 sys=0.00, real=0.03 secs] 
2024-10-09T21:48:32.956+0300: 695.787: Total time for which application threads were stopped: 0.0303850 seconds, Stopping threads took: 0.0001432 seconds
2024-10-09T21:48:33.129+0300: 695.957: Application time: 0.1702897 seconds
2024-10-09T21:48:33.129+0300: 695.957: [GC (Allocation Failure) 2024-10-09T21:48:33.129+0300: 695.958: [ParNew: 460096K->51072K(460096K), 0.0298038 secs] 5057782K->4669017K(8337536K), 0.0298862 secs] [Times: user=0.03 sys=0.00, real=0.03 secs] 
2024-10-09T21:48:33.160+0300: 695.987: Total time for which application threads were stopped: 0.0301317 seconds, Stopping threads took: 0.0001338 seconds
2024-10-09T21:48:33.317+0300: 696.147: Application time: 0.1599861 seconds
2024-10-09T21:48:33.317+0300: 696.148: [GC (Allocation Failure) 2024-10-09T21:48:33.317+0300: 696.148: [ParNew: 460096K->51072K(460096K), 0.0321885 secs] 5078041K->4692853K(8337536K), 0.0322702 secs] [Times: user=0.03 sys=0.00, real=0.03 secs] 
2024-10-09T21:48:33.349+0300: 696.180: Total time for which application threads were stopped: 0.0325055 seconds, Stopping threads took: 0.0001233 seconds
2024-10-09T21:48:33.512+0300: 696.345: Application time: 0.1651124 seconds
2024-10-09T21:48:33.512+0300: 696.345: [GC (Allocation Failure) 2024-10-09T21:48:33.512+0300: 696.345: [ParNew: 460096K->51072K(460096K), 0.0319364 secs] 5101877K->4716738K(8337536K), 0.0320252 secs] [Times: user=0.01 sys=0.00, real=0.02 secs] 
2024-10-09T21:48:33.537+0300: 696.377: Total time for which application threads were stopped: 0.0323087 seconds, Stopping threads took: 0.0001639 seconds
2024-10-09T21:48:33.713+0300: 696.551: Application time: 0.1733369 seconds
2024-10-09T21:48:33.713+0300: 696.551: [GC (Allocation Failure) 2024-10-09T21:48:33.713+0300: 696.551: [ParNew: 460096K->49054K(460096K), 0.0312272 secs] 5125762K->4736397K(8337536K), 0.0313304 secs] [Times: user=0.03 sys=0.00, real=0.03 secs] 
2024-10-09T21:48:33.741+0300: 696.582: Total time for which application threads were stopped: 0.0316031 seconds, Stopping threads took: 0.0001238 seconds
2024-10-09T21:48:33.898+0300: 696.738: Application time: 0.1561553 seconds
2024-10-09T21:48:33.898+0300: 696.739: [GC (Allocation Failure) 2024-10-09T21:48:33.898+0300: 696.739: [ParNew: 458078K->51072K(460096K), 0.0304881 secs] 5145421K->4761468K(8337536K), 0.0305746 secs] [Times: user=0.03 sys=0.00, real=0.03 secs] 
2024-10-09T21:48:33.929+0300: 696.769: Total time for which application threads were stopped: 0.0308659 seconds, Stopping threads took: 0.0001481 seconds
2024-10-09T21:48:34.101+0300: 696.933: Application time: 0.1638500 seconds
2024-10-09T21:48:34.101+0300: 696.933: [GC (Allocation Failure) 2024-10-09T21:48:34.101+0300: 696.933: [ParNew: 460096K->51072K(460096K), 0.0279017 secs] 5170492K->4777290K(8337536K), 0.0279934 secs] [Times: user=0.02 sys=0.00, real=0.03 secs] 
2024-10-09T21:48:34.133+0300: 696.961: Total time for which application threads were stopped: 0.0282561 seconds, Stopping threads took: 0.0001432 seconds
2024-10-09T21:48:34.305+0300: 697.132: Application time: 0.1703780 seconds
2024-10-09T21:48:34.305+0300: 697.132: [GC (Allocation Failure) 2024-10-09T21:48:34.305+0300: 697.132: [ParNew: 460096K->51072K(460096K), 0.0337114 secs] 5186314K->4804479K(8337536K), 0.0338012 secs] [Times: user=0.01 sys=0.00, real=0.03 secs] 
2024-10-09T21:48:34.337+0300: 697.166: Total time for which application threads were stopped: 0.0340938 seconds, Stopping threads took: 0.0001693 seconds
2024-10-09T21:48:34.494+0300: 697.325: Application time: 0.1594767 seconds
2024-10-09T21:48:34.494+0300: 697.326: [GC (Allocation Failure) 2024-10-09T21:48:34.494+0300: 697.326: [ParNew: 460096K->51072K(460096K), 0.0281215 secs] 5213503K->4819760K(8337536K), 0.0282084 secs] [Times: user=0.02 sys=0.01, real=0.03 secs] 
2024-10-09T21:48:34.525+0300: 697.354: Total time for which application threads were stopped: 0.0284579 seconds, Stopping threads took: 0.0001348 seconds
2024-10-09T21:48:34.698+0300: 697.525: Application time: 0.1709426 seconds
2024-10-09T21:48:34.698+0300: 697.525: [GC (Allocation Failure) 2024-10-09T21:48:34.698+0300: 697.527: [ParNew: 460096K->51072K(460096K), 0.0312175 secs] 5228784K->4841727K(8337536K), 0.0334796 secs] [Times: user=0.02 sys=0.00, real=0.03 secs] 
2024-10-09T21:48:34.729+0300: 697.559: Total time for which application threads were stopped: 0.0337821 seconds, Stopping threads took: 0.0001709 seconds
2024-10-09T21:48:34.886+0300: 697.727: Application time: 0.1686942 seconds
2024-10-09T21:48:34.902+0300: 697.728: [GC (Allocation Failure) 2024-10-09T21:48:34.902+0300: 697.728: [ParNew: 460096K->51072K(460096K), 0.0308697 secs] 5250751K->4862918K(8337536K), 0.0309642 secs] [Times: user=0.02 sys=0.00, real=0.02 secs] 
2024-10-09T21:48:34.918+0300: 697.759: Total time for which application threads were stopped: 0.0312979 seconds, Stopping threads took: 0.0002093 seconds
2024-10-09T21:48:35.090+0300: 697.919: Application time: 0.1600423 seconds
2024-10-09T21:48:35.090+0300: 697.919: [GC (Allocation Failure) 2024-10-09T21:48:35.090+0300: 697.919: [ParNew: 460096K->51072K(460096K), 0.0272034 secs] 5271942K->4877960K(8337536K), 0.0272936 secs] [Times: user=0.02 sys=0.00, real=0.03 secs] 
2024-10-09T21:48:35.116+0300: 697.946: Total time for which application threads were stopped: 0.0275665 seconds, Stopping threads took: 0.0001534 seconds
2024-10-09T21:48:35.278+0300: 698.112: Application time: 0.1658644 seconds
2024-10-09T21:48:35.278+0300: 698.112: [GC (Allocation Failure) 2024-10-09T21:48:35.278+0300: 698.112: [ParNew: 460096K->51072K(460096K), 0.0291769 secs] 5286984K->4898722K(8337536K), 0.0292673 secs] [Times: user=0.03 sys=0.00, real=0.03 secs] 
2024-10-09T21:48:35.310+0300: 698.142: Total time for which application threads were stopped: 0.0295112 seconds, Stopping threads took: 0.0001241 seconds
2024-10-09T21:48:35.484+0300: 698.310: Application time: 0.1680555 seconds
2024-10-09T21:48:35.484+0300: 698.310: [GC (Allocation Failure) 2024-10-09T21:48:35.484+0300: 698.310: [ParNew: 460096K->51072K(460096K), 0.0290897 secs] 5307746K->4914375K(8337536K), 0.0291744 secs] [Times: user=0.02 sys=0.00, real=0.02 secs] 
2024-10-09T21:48:35.504+0300: 698.339: Total time for which application threads were stopped: 0.0294268 seconds, Stopping threads took: 0.0001353 seconds
2024-10-09T21:48:35.672+0300: 698.499: Application time: 0.1594869 seconds
2024-10-09T21:48:35.672+0300: 698.499: [GC (Allocation Failure) 2024-10-09T21:48:35.672+0300: 698.499: [ParNew: 460096K->49190K(460096K), 0.0276456 secs] 5323399K->4925435K(8337536K), 0.0277378 secs] [Times: user=0.11 sys=0.00, real=0.02 secs] 
2024-10-09T21:48:35.687+0300: 698.527: Total time for which application threads were stopped: 0.0280262 seconds, Stopping threads took: 0.0001531 seconds
2024-10-09T21:48:35.860+0300: 698.695: Application time: 0.1680999 seconds
2024-10-09T21:48:35.860+0300: 698.695: [GC (Allocation Failure) 2024-10-09T21:48:35.860+0300: 698.695: [ParNew: 458214K->50783K(460096K), 0.0290465 secs] 5334459K->4948357K(8337536K), 0.0291399 secs] [Times: user=0.03 sys=0.00, real=0.03 secs] 
2024-10-09T21:48:35.891+0300: 698.724: Total time for which application threads were stopped: 0.0293771 seconds, Stopping threads took: 0.0001070 seconds
2024-10-09T21:48:36.064+0300: 698.893: Application time: 0.1688154 seconds
2024-10-09T21:48:36.064+0300: 698.893: [GC (Allocation Failure) 2024-10-09T21:48:36.064+0300: 698.893: [ParNew: 459807K->51072K(460096K), 0.0269177 secs] 5357381K->4961331K(8337536K), 0.0270103 secs] [Times: user=0.02 sys=0.00, real=0.02 secs] 
2024-10-09T21:48:36.080+0300: 698.920: Total time for which application threads were stopped: 0.0272618 seconds, Stopping threads took: 0.0001026 seconds
2024-10-09T21:48:36.237+0300: 699.074: Application time: 0.1540416 seconds
2024-10-09T21:48:36.237+0300: 699.074: [GC (Allocation Failure) 2024-10-09T21:48:36.237+0300: 699.074: [ParNew: 460096K->51072K(460096K), 0.0274881 secs] 5370355K->4974566K(8337536K), 0.0275744 secs] [Times: user=0.03 sys=0.00, real=0.03 secs] 
2024-10-09T21:48:36.268+0300: 699.102: Total time for which application threads were stopped: 0.0278636 seconds, Stopping threads took: 0.0001678 seconds
2024-10-09T21:48:36.441+0300: 699.270: Application time: 0.1678389 seconds
2024-10-09T21:48:36.441+0300: 699.270: [GC (Allocation Failure) 2024-10-09T21:48:36.441+0300: 699.270: [ParNew: 460096K->51072K(460096K), 0.0290297 secs] 5383590K->4997618K(8337536K), 0.0291176 secs] [Times: user=0.03 sys=0.00, real=0.03 secs] 
2024-10-09T21:48:36.472+0300: 699.299: Total time for which application threads were stopped: 0.0293637 seconds, Stopping threads took: 0.0001096 seconds
2024-10-09T21:48:36.644+0300: 699.471: Application time: 0.1721397 seconds
2024-10-09T21:48:36.644+0300: 699.472: [GC (Allocation Failure) 2024-10-09T21:48:36.644+0300: 699.472: [ParNew: 460096K->48887K(460096K), 0.0300676 secs] 5406642K->5013279K(8337536K), 0.0301561 secs] [Times: user=0.02 sys=0.00, real=0.03 secs] 
2024-10-09T21:48:36.675+0300: 699.502: Total time for which application threads were stopped: 0.0304005 seconds, Stopping threads took: 0.0001334 seconds
2024-10-09T21:48:36.833+0300: 699.664: Application time: 0.1626467 seconds
2024-10-09T21:48:36.833+0300: 699.665: [GC (Allocation Failure) 2024-10-09T21:48:36.833+0300: 699.665: [ParNew: 457911K->51072K(460096K), 0.0292302 secs] 5422303K->5029391K(8337536K), 0.0293218 secs] [Times: user=0.03 sys=0.00, real=0.03 secs] 
2024-10-09T21:48:36.864+0300: 699.694: Total time for which application threads were stopped: 0.0295997 seconds, Stopping threads took: 0.0001438 seconds
2024-10-09T21:48:37.021+0300: 699.858: Application time: 0.1643447 seconds
2024-10-09T21:48:37.021+0300: 699.859: [GC (Allocation Failure) 2024-10-09T21:48:37.021+0300: 699.859: [ParNew: 460096K->48157K(460096K), 0.0347123 secs] 5438415K->5060178K(8337536K), 0.0348039 secs] [Times: user=0.03 sys=0.00, real=0.03 secs] 
2024-10-09T21:48:37.052+0300: 699.893: Total time for which application threads were stopped: 0.0350900 seconds, Stopping threads took: 0.0001661 seconds
2024-10-09T21:48:37.225+0300: 700.064: Application time: 0.1705779 seconds
2024-10-09T21:48:37.225+0300: 700.064: [GC (Allocation Failure) 2024-10-09T21:48:37.225+0300: 700.064: [ParNew: 457181K->42112K(460096K), 0.0281446 secs] 5469202K->5073086K(8337536K), 0.0282331 secs] [Times: user=0.03 sys=0.00, real=0.03 secs] 
2024-10-09T21:48:37.256+0300: 700.093: Total time for which application threads were stopped: 0.0285041 seconds, Stopping threads took: 0.0001500 seconds
2024-10-09T21:48:37.429+0300: 700.256: Application time: 0.1631814 seconds
2024-10-09T21:48:37.429+0300: 700.256: [GC (Allocation Failure) 2024-10-09T21:48:37.429+0300: 700.256: [ParNew: 451136K->51072K(460096K), 0.0265796 secs] 5482110K->5089026K(8337536K), 0.0266665 secs] [Times: user=0.02 sys=0.00, real=0.02 secs] 
2024-10-09T21:48:37.445+0300: 700.283: Total time for which application threads were stopped: 0.0269453 seconds, Stopping threads took: 0.0001640 seconds
2024-10-09T21:48:37.633+0300: 700.461: Application time: 0.1782499 seconds
2024-10-09T21:48:37.633+0300: 700.469: [GC (Allocation Failure) 2024-10-09T21:48:37.633+0300: 700.469: [ParNew: 460096K->48464K(460096K), 0.0297231 secs] 5498050K->5108107K(8337536K), 0.0298287 secs] [Times: user=0.17 sys=0.00, real=0.03 secs] 
2024-10-09T21:48:37.664+0300: 700.499: Total time for which application threads were stopped: 0.0381578 seconds, Stopping threads took: 0.0081723 seconds
2024-10-09T21:48:37.853+0300: 700.685: Application time: 0.1862913 seconds
2024-10-09T21:48:37.853+0300: 700.686: [GC (Allocation Failure) 2024-10-09T21:48:37.853+0300: 700.686: [ParNew: 457488K->51072K(460096K), 0.0266482 secs] 5517131K->5123463K(8337536K), 0.0267591 secs] [Times: user=0.17 sys=0.00, real=0.03 secs] 
2024-10-09T21:48:37.884+0300: 700.712: Total time for which application threads were stopped: 0.0270612 seconds, Stopping threads took: 0.0001311 seconds
2024-10-09T21:48:38.057+0300: 700.895: Application time: 0.1821929 seconds
2024-10-09T21:48:38.057+0300: 700.895: [GC (Allocation Failure) 2024-10-09T21:48:38.057+0300: 700.895: [ParNew: 460096K->51072K(460096K), 0.0268935 secs] 5532487K->5132939K(8337536K), 0.0269994 secs] [Times: user=0.12 sys=0.00, real=0.03 secs] 
2024-10-09T21:48:38.089+0300: 700.922: Total time for which application threads were stopped: 0.0273202 seconds, Stopping threads took: 0.0001593 seconds
2024-10-09T21:48:38.261+0300: 701.098: Application time: 0.1762393 seconds
2024-10-09T21:48:38.277+0300: 701.108: [GC (Allocation Failure) 2024-10-09T21:48:38.277+0300: 701.108: [ParNew: 460096K->51072K(460096K), 0.0321320 secs] 5541963K->5157108K(8337536K), 0.0322332 secs] [Times: user=0.17 sys=0.00, real=0.03 secs] 
2024-10-09T21:48:38.308+0300: 701.140: Total time for which application threads were stopped: 0.0418935 seconds, Stopping threads took: 0.0095175 seconds
2024-10-09T21:48:38.512+0300: 701.340: Application time: 0.2002982 seconds
2024-10-09T21:48:38.512+0300: 701.341: [GC (Allocation Failure) 2024-10-09T21:48:38.512+0300: 701.341: [ParNew: 460096K->51072K(460096K), 0.0299086 secs] 5566132K->5175572K(8337536K), 0.0300064 secs] [Times: user=0.19 sys=0.00, real=0.03 secs] 
2024-10-09T21:48:38.544+0300: 701.371: Total time for which application threads were stopped: 0.0307184 seconds, Stopping threads took: 0.0005459 seconds
2024-10-09T21:48:38.732+0300: 701.565: Application time: 0.1939826 seconds
2024-10-09T21:48:38.732+0300: 701.570: [GC (Allocation Failure) 2024-10-09T21:48:38.732+0300: 701.570: [ParNew: 460096K->51072K(460096K), 0.0299156 secs] 5584596K->5189115K(8337536K), 0.0300274 secs] [Times: user=0.11 sys=0.00, real=0.03 secs] 
2024-10-09T21:48:38.764+0300: 701.600: Total time for which application threads were stopped: 0.0345066 seconds, Stopping threads took: 0.0043250 seconds
2024-10-09T21:48:38.936+0300: 701.775: Application time: 0.1749534 seconds
2024-10-09T21:48:38.936+0300: 701.775: [GC (Allocation Failure) 2024-10-09T21:48:38.936+0300: 701.775: [ParNew: 460096K->51072K(460096K), 0.0327681 secs] 5598139K->5212464K(8337536K), 0.0328763 secs] [Times: user=0.19 sys=0.00, real=0.03 secs] 
2024-10-09T21:48:38.968+0300: 701.808: Total time for which application threads were stopped: 0.0331743 seconds, Stopping threads took: 0.0001538 seconds
2024-10-09T21:48:39.141+0300: 701.981: Application time: 0.1729438 seconds
2024-10-09T21:48:39.141+0300: 701.981: [GC (Allocation Failure) 2024-10-09T21:48:39.141+0300: 701.981: [ParNew: 460096K->51072K(460096K), 0.0301522 secs] 5621488K->5236050K(8337536K), 0.0302685 secs] [Times: user=0.17 sys=0.00, real=0.03 secs] 
2024-10-09T21:48:39.172+0300: 702.011: Total time for which application threads were stopped: 0.0305672 seconds, Stopping threads took: 0.0001291 seconds
2024-10-09T21:48:39.345+0300: 702.180: Application time: 0.1690520 seconds
2024-10-09T21:48:39.345+0300: 702.181: [GC (Allocation Failure) 2024-10-09T21:48:39.345+0300: 702.181: [ParNew: 460096K->50623K(460096K), 0.0330920 secs] 5645074K->5254598K(8337536K), 0.0331854 secs] [Times: user=0.06 sys=0.00, real=0.03 secs] 
2024-10-09T21:48:39.376+0300: 702.214: Total time for which application threads were stopped: 0.0334631 seconds, Stopping threads took: 0.0001514 seconds
2024-10-09T21:48:39.549+0300: 702.375: Application time: 0.1615694 seconds
2024-10-09T21:48:39.549+0300: 702.376: [GC (Allocation Failure) 2024-10-09T21:48:39.549+0300: 702.376: [ParNew: 459647K->51072K(460096K), 0.0266193 secs] 5663622K->5267379K(8337536K), 0.0267195 secs] [Times: user=0.01 sys=0.00, real=0.02 secs] 
2024-10-09T21:48:39.565+0300: 702.402: Total time for which application threads were stopped: 0.0269899 seconds, Stopping threads took: 0.0001377 seconds
2024-10-09T21:48:39.725+0300: 702.563: Application time: 0.1604578 seconds
2024-10-09T21:48:39.725+0300: 702.563: [GC (Allocation Failure) 2024-10-09T21:48:39.725+0300: 702.563: [ParNew: 460096K->51072K(460096K), 0.0281661 secs] 5676403K->5289265K(8337536K), 0.0282567 secs] [Times: user=0.02 sys=0.00, real=0.03 secs] 
2024-10-09T21:48:39.753+0300: 702.591: Total time for which application threads were stopped: 0.0285396 seconds, Stopping threads took: 0.0001627 seconds
2024-10-09T21:48:39.926+0300: 702.758: Application time: 0.1668053 seconds
2024-10-09T21:48:39.926+0300: 702.758: [GC (Allocation Failure) 2024-10-09T21:48:39.926+0300: 702.758: [ParNew: 460096K->48578K(460096K), 0.0282522 secs] 5698289K->5300903K(8337536K), 0.0283494 secs] [Times: user=0.03 sys=0.00, real=0.03 secs] 
2024-10-09T21:48:39.957+0300: 702.787: Total time for which application threads were stopped: 0.0286153 seconds, Stopping threads took: 0.0001441 seconds
2024-10-09T21:48:40.114+0300: 702.949: Application time: 0.1619263 seconds
2024-10-09T21:48:40.114+0300: 702.949: [GC (Allocation Failure) 2024-10-09T21:48:40.114+0300: 702.949: [ParNew: 457602K->51072K(460096K), 0.0295291 secs] 5709927K->5319634K(8337536K), 0.0296215 secs] [Times: user=0.03 sys=0.00, real=0.03 secs] 
2024-10-09T21:48:40.145+0300: 702.979: Total time for which application threads were stopped: 0.0298849 seconds, Stopping threads took: 0.0001447 seconds
2024-10-09T21:48:40.302+0300: 703.138: Application time: 0.1596679 seconds
2024-10-09T21:48:40.302+0300: 703.138: [GC (Allocation Failure) 2024-10-09T21:48:40.302+0300: 703.139: [ParNew: 460096K->45018K(460096K), 0.0299738 secs] 5728658K->5336585K(8337536K), 0.0300571 secs] [Times: user=0.03 sys=0.00, real=0.03 secs] 
2024-10-09T21:48:40.334+0300: 703.169: Total time for which application threads were stopped: 0.0303206 seconds, Stopping threads took: 0.0001337 seconds
2024-10-09T21:48:40.507+0300: 703.343: Application time: 0.1748732 seconds
2024-10-09T21:48:40.507+0300: 703.344: [GC (Allocation Failure) 2024-10-09T21:48:40.507+0300: 703.344: [ParNew: 454042K->51072K(460096K), 0.0262491 secs] 5745609K->5350271K(8337536K), 0.0263468 secs] [Times: user=0.06 sys=0.00, real=0.03 secs] 
2024-10-09T21:48:40.538+0300: 703.370: Total time for which application threads were stopped: 0.0266191 seconds, Stopping threads took: 0.0001376 seconds
2024-10-09T21:48:40.711+0300: 703.539: Application time: 0.1691657 seconds
2024-10-09T21:48:40.711+0300: 703.539: [GC (Allocation Failure) 2024-10-09T21:48:40.711+0300: 703.540: [ParNew: 460096K->51072K(460096K), 0.0348527 secs] 5759295K->5375093K(8337536K), 0.0349564 secs] [Times: user=0.28 sys=0.00, real=0.03 secs] 
2024-10-09T21:48:40.742+0300: 703.574: Total time for which application threads were stopped: 0.0352452 seconds, Stopping threads took: 0.0001366 seconds
2024-10-09T21:48:40.899+0300: 703.731: Application time: 0.1564433 seconds
2024-10-09T21:48:40.899+0300: 703.731: [GC (Allocation Failure) 2024-10-09T21:48:40.899+0300: 703.731: [ParNew: 460096K->46174K(460096K), 0.0317970 secs] 5784117K->5395704K(8337536K), 0.0319027 secs] [Times: user=0.05 sys=0.00, real=0.03 secs] 
2024-10-09T21:48:40.931+0300: 703.763: Total time for which application threads were stopped: 0.0321873 seconds, Stopping threads took: 0.0001254 seconds
2024-10-09T21:48:41.104+0300: 703.936: Application time: 0.1731440 seconds
2024-10-09T21:48:41.104+0300: 703.936: [GC (Allocation Failure) 2024-10-09T21:48:41.104+0300: 703.937: [ParNew: 455198K->51072K(460096K), 0.0271816 secs] 5804728K->5409031K(8337536K), 0.0272651 secs] [Times: user=0.06 sys=0.00, real=0.03 secs] 
2024-10-09T21:48:41.135+0300: 703.964: Total time for which application threads were stopped: 0.0275231 seconds, Stopping threads took: 0.0001279 seconds
2024-10-09T21:48:41.292+0300: 704.131: Application time: 0.1675389 seconds
2024-10-09T21:48:41.292+0300: 704.132: [GC (Allocation Failure) 2024-10-09T21:48:41.292+0300: 704.132: [ParNew: 460096K->51072K(460096K), 0.0286615 secs] 5818055K->5423452K(8337536K), 0.0287614 secs] [Times: user=0.19 sys=0.00, real=0.04 secs] 
2024-10-09T21:48:41.329+0300: 704.160: Total time for which application threads were stopped: 0.0291073 seconds, Stopping threads took: 0.0001858 seconds
2024-10-09T21:48:41.495+0300: 704.323: Application time: 0.1630158 seconds
2024-10-09T21:48:41.495+0300: 704.324: [GC (Allocation Failure) 2024-10-09T21:48:41.495+0300: 704.324: [ParNew: 460096K->46610K(460096K), 0.0319511 secs] 5832476K->5446144K(8337536K), 0.0320405 secs] [Times: user=0.05 sys=0.00, real=0.04 secs] 
2024-10-09T21:48:41.530+0300: 704.356: Total time for which application threads were stopped: 0.0322940 seconds, Stopping threads took: 0.0001339 seconds
2024-10-09T21:48:41.700+0300: 704.526: Application time: 0.1703249 seconds
2024-10-09T21:48:41.700+0300: 704.526: [GC (Allocation Failure) 2024-10-09T21:48:41.700+0300: 704.526: [ParNew: 455634K->50869K(460096K), 0.0290997 secs] 5855168K->5464174K(8337536K), 0.0291968 secs] [Times: user=0.05 sys=0.00, real=0.01 secs] 
2024-10-09T21:48:41.715+0300: 704.556: Total time for which application threads were stopped: 0.0294521 seconds, Stopping threads took: 0.0001260 seconds
2024-10-09T21:48:41.888+0300: 704.717: Application time: 0.1619320 seconds
2024-10-09T21:48:41.888+0300: 704.718: [GC (Allocation Failure) 2024-10-09T21:48:41.888+0300: 704.718: [ParNew: 459893K->51072K(460096K), 0.0293833 secs] 5873198K->5480361K(8337536K), 0.0294769 secs] [Times: user=0.06 sys=0.00, real=0.03 secs] 
2024-10-09T21:48:41.919+0300: 704.747: Total time for which application threads were stopped: 0.0297908 seconds, Stopping threads took: 0.0001697 seconds
2024-10-09T21:48:42.076+0300: 704.909: Application time: 0.1617254 seconds
2024-10-09T21:48:42.076+0300: 704.909: [GC (Allocation Failure) 2024-10-09T21:48:42.076+0300: 704.909: [ParNew: 460096K->51072K(460096K), 0.0324765 secs] 5889385K->5508709K(8337536K), 0.0325731 secs] [Times: user=0.14 sys=0.00, real=0.03 secs] 
2024-10-09T21:48:42.107+0300: 704.942: Total time for which application threads were stopped: 0.0328215 seconds, Stopping threads took: 0.0000948 seconds
2024-10-09T21:48:42.280+0300: 705.115: Application time: 0.1727583 seconds
2024-10-09T21:48:42.280+0300: 705.115: [GC (Allocation Failure) 2024-10-09T21:48:42.280+0300: 705.115: [ParNew: 460096K->50844K(460096K), 0.0284522 secs] 5917733K->5522416K(8337536K), 0.0285486 secs] [Times: user=0.03 sys=0.00, real=0.03 secs] 
2024-10-09T21:48:42.311+0300: 705.143: Total time for which application threads were stopped: 0.0288095 seconds, Stopping threads took: 0.0001331 seconds
2024-10-09T21:48:42.469+0300: 705.306: Application time: 0.1627321 seconds
2024-10-09T21:48:42.469+0300: 705.306: [GC (Allocation Failure) 2024-10-09T21:48:42.469+0300: 705.306: [ParNew: 459868K->51072K(460096K), 0.0306619 secs] 5931440K->5539107K(8337536K), 0.0307428 secs] [Times: user=0.06 sys=0.00, real=0.03 secs] 
2024-10-09T21:48:42.500+0300: 705.337: Total time for which application threads were stopped: 0.0310728 seconds, Stopping threads took: 0.0001491 seconds
2024-10-09T21:48:42.657+0300: 705.495: Application time: 0.1575848 seconds
2024-10-09T21:48:42.657+0300: 705.495: [GC (Allocation Failure) 2024-10-09T21:48:42.657+0300: 705.495: [ParNew: 460096K->51072K(460096K), 0.0284075 secs] 5948131K->5557548K(8337536K), 0.0285006 secs] [Times: user=0.03 sys=0.00, real=0.03 secs] 
2024-10-09T21:48:42.688+0300: 705.524: Total time for which application threads were stopped: 0.0287774 seconds, Stopping threads took: 0.0001469 seconds
2024-10-09T21:48:42.861+0300: 705.697: Application time: 0.1729555 seconds
2024-10-09T21:48:42.861+0300: 705.697: [GC (Allocation Failure) 2024-10-09T21:48:42.861+0300: 705.697: [ParNew: 460096K->45958K(460096K), 0.0310434 secs] 5966572K->5573281K(8337536K), 0.0311543 secs] [Times: user=0.06 sys=0.00, real=0.03 secs] 
2024-10-09T21:48:42.892+0300: 705.728: Total time for which application threads were stopped: 0.0314739 seconds, Stopping threads took: 0.0001580 seconds
2024-10-09T21:48:43.065+0300: 705.896: Application time: 0.1680919 seconds
2024-10-09T21:48:43.065+0300: 705.896: [GC (Allocation Failure) 2024-10-09T21:48:43.065+0300: 705.896: [ParNew: 454982K->51072K(460096K), 0.0305153 secs] 5982305K->5596178K(8337536K), 0.0305997 secs] [Times: user=0.03 sys=0.00, real=0.03 secs] 
2024-10-09T21:48:43.096+0300: 705.927: Total time for which application threads were stopped: 0.0308658 seconds, Stopping threads took: 0.0001477 seconds
2024-10-09T21:48:43.254+0300: 706.084: Application time: 0.1570321 seconds
2024-10-09T21:48:43.254+0300: 706.084: [GC (Allocation Failure) 2024-10-09T21:48:43.254+0300: 706.084: [ParNew: 460096K->51072K(460096K), 0.0313014 secs] 6005202K->5618452K(8337536K), 0.0313960 secs] [Times: user=0.03 sys=0.00, real=0.03 secs] 
2024-10-09T21:48:43.285+0300: 706.116: Total time for which application threads were stopped: 0.0316534 seconds, Stopping threads took: 0.0001391 seconds
2024-10-09T21:48:43.442+0300: 706.283: Application time: 0.1677581 seconds
2024-10-09T21:48:43.458+0300: 706.284: [GC (Allocation Failure) 2024-10-09T21:48:43.458+0300: 706.284: [ParNew: 460096K->51072K(460096K), 0.0282929 secs] 6027476K->5636637K(8337536K), 0.0283854 secs] [Times: user=0.02 sys=0.00, real=0.02 secs] 
2024-10-09T21:48:43.473+0300: 706.312: Total time for which application threads were stopped: 0.0286319 seconds, Stopping threads took: 0.0001184 seconds
2024-10-09T21:48:43.646+0300: 706.479: Application time: 0.1664463 seconds
2024-10-09T21:48:43.646+0300: 706.479: [GC (Allocation Failure) 2024-10-09T21:48:43.646+0300: 706.479: [ParNew: 460096K->51072K(460096K), 0.0289733 secs] 6045661K->5653753K(8337536K), 0.0290561 secs] [Times: user=0.03 sys=0.00, real=0.03 secs] 
2024-10-09T21:48:43.677+0300: 706.508: Total time for which application threads were stopped: 0.0293180 seconds, Stopping threads took: 0.0001429 seconds
2024-10-09T21:48:43.835+0300: 706.665: Application time: 0.1571251 seconds
2024-10-09T21:48:43.835+0300: 706.665: [GC (Allocation Failure) 2024-10-09T21:48:43.835+0300: 706.665: [ParNew: 460096K->48804K(460096K), 0.0308120 secs] 6062777K->5671006K(8337536K), 0.0309018 secs] [Times: user=0.03 sys=0.00, real=0.03 secs] 
2024-10-09T21:48:43.866+0300: 706.696: Total time for which application threads were stopped: 0.0311396 seconds, Stopping threads took: 0.0001178 seconds
2024-10-09T21:48:44.035+0300: 706.862: Application time: 0.1656170 seconds
2024-10-09T21:48:44.035+0300: 706.862: [GC (Allocation Failure) 2024-10-09T21:48:44.035+0300: 706.862: [ParNew: 457828K->51072K(460096K), 0.0313688 secs] 6080030K->5699111K(8337536K), 0.0314583 secs] [Times: user=0.02 sys=0.00, real=0.02 secs] 
2024-10-09T21:48:44.054+0300: 706.893: Total time for which application threads were stopped: 0.0317123 seconds, Stopping threads took: 0.0001383 seconds
2024-10-09T21:48:44.227+0300: 707.059: Application time: 0.1659889 seconds
2024-10-09T21:48:44.227+0300: 707.060: [GC (Allocation Failure) 2024-10-09T21:48:44.227+0300: 707.060: [ParNew: 460096K->51072K(460096K), 0.0281469 secs] 6108135K->5713940K(8337536K), 0.0282430 secs] [Times: user=0.03 sys=0.00, real=0.03 secs] 
2024-10-09T21:48:44.258+0300: 707.088: Total time for which application threads were stopped: 0.0285915 seconds, Stopping threads took: 0.0002193 seconds
2024-10-09T21:48:44.416+0300: 707.248: Application time: 0.1597699 seconds
2024-10-09T21:48:44.416+0300: 707.248: [GC (Allocation Failure) 2024-10-09T21:48:44.416+0300: 707.248: [ParNew: 460096K->51072K(460096K), 0.0308314 secs] 6122964K->5733022K(8337536K), 0.0309231 secs] [Times: user=0.03 sys=0.00, real=0.03 secs] 
2024-10-09T21:48:44.447+0300: 707.279: Total time for which application threads were stopped: 0.0311914 seconds, Stopping threads took: 0.0001478 seconds
2024-10-09T21:48:44.604+0300: 707.442: Application time: 0.1634440 seconds
2024-10-09T21:48:44.604+0300: 707.443: [GC (Allocation Failure) 2024-10-09T21:48:44.604+0300: 707.443: [ParNew: 460096K->51072K(460096K), 0.0281830 secs] 6142046K->5750991K(8337536K), 0.0282718 secs] [Times: user=0.06 sys=0.00, real=0.03 secs] 
2024-10-09T21:48:44.637+0300: 707.471: Total time for which application threads were stopped: 0.0284710 seconds, Stopping threads took: 0.0000763 seconds
2024-10-09T21:48:44.808+0300: 707.637: Application time: 0.1664508 seconds
2024-10-09T21:48:44.808+0300: 707.638: [GC (Allocation Failure) 2024-10-09T21:48:44.808+0300: 707.638: [ParNew: 460096K->51072K(460096K), 0.0272878 secs] 6160015K->5762553K(8337536K), 0.0273805 secs] [Times: user=0.05 sys=0.00, real=0.03 secs] 
2024-10-09T21:48:44.837+0300: 707.665: Total time for which application threads were stopped: 0.0276401 seconds, Stopping threads took: 0.0001398 seconds
2024-10-09T21:48:44.996+0300: 707.824: Application time: 0.1591733 seconds
2024-10-09T21:48:44.996+0300: 707.824: [GC (Allocation Failure) 2024-10-09T21:48:44.996+0300: 707.824: [ParNew: 460096K->51072K(460096K), 0.0373796 secs] 6171577K->5795173K(8337536K), 0.0374643 secs] [Times: user=0.03 sys=0.00, real=0.03 secs] 
2024-10-09T21:48:45.028+0300: 707.862: Total time for which application threads were stopped: 0.0377403 seconds, Stopping threads took: 0.0001585 seconds
2024-10-09T21:48:45.185+0300: 708.023: Application time: 0.1612317 seconds
2024-10-09T21:48:45.185+0300: 708.023: [GC (Allocation Failure) 2024-10-09T21:48:45.185+0300: 708.023: [ParNew: 460096K->49347K(460096K), 0.0313176 secs] 6204197K->5817911K(8337536K), 0.0314072 secs] [Times: user=0.03 sys=0.00, real=0.03 secs] 
2024-10-09T21:48:45.216+0300: 708.055: Total time for which application threads were stopped: 0.0316387 seconds, Stopping threads took: 0.0001134 seconds
2024-10-09T21:48:45.389+0300: 708.220: Application time: 0.1648138 seconds
2024-10-09T21:48:45.389+0300: 708.220: [GC (Allocation Failure) 2024-10-09T21:48:45.389+0300: 708.220: [ParNew: 458371K->51072K(460096K), 0.0300345 secs] 6226935K->5839434K(8337536K), 0.0301358 secs] [Times: user=0.03 sys=0.00, real=0.03 secs] 
2024-10-09T21:48:45.420+0300: 708.250: Total time for which application threads were stopped: 0.0304249 seconds, Stopping threads took: 0.0001619 seconds
2024-10-09T21:48:45.577+0300: 708.415: Application time: 0.1654007 seconds
2024-10-09T21:48:45.577+0300: 708.416: [GC (Allocation Failure) 2024-10-09T21:48:45.577+0300: 708.416: [ParNew: 460096K->51072K(460096K), 0.0264202 secs] 6248458K->5849287K(8337536K), 0.0265033 secs] [Times: user=0.03 sys=0.00, real=0.03 secs] 
2024-10-09T21:48:45.609+0300: 708.442: Total time for which application threads were stopped: 0.0267608 seconds, Stopping threads took: 0.0001455 seconds
2024-10-09T21:48:45.766+0300: 708.601: Application time: 0.1584178 seconds
2024-10-09T21:48:45.766+0300: 708.601: [GC (Allocation Failure) 2024-10-09T21:48:45.766+0300: 708.601: [ParNew: 460096K->51072K(460096K), 0.0296722 secs] 6258311K->5869270K(8337536K), 0.0297633 secs] [Times: user=0.03 sys=0.00, real=0.03 secs] 
2024-10-09T21:48:45.797+0300: 708.631: Total time for which application threads were stopped: 0.0300561 seconds, Stopping threads took: 0.0001762 seconds
2024-10-09T21:48:45.954+0300: 708.795: Application time: 0.1643067 seconds
2024-10-09T21:48:45.954+0300: 708.795: [GC (Allocation Failure) 2024-10-09T21:48:45.954+0300: 708.795: [ParNew: 460096K->51072K(460096K), 0.0285193 secs] 6278294K->5888246K(8337536K), 0.0286117 secs] [Times: user=0.03 sys=0.00, real=0.03 secs] 
2024-10-09T21:48:45.985+0300: 708.824: Total time for which application threads were stopped: 0.0288500 seconds, Stopping threads took: 0.0001169 seconds
2024-10-09T21:48:46.158+0300: 708.990: Application time: 0.1663672 seconds
2024-10-09T21:48:46.158+0300: 708.990: [GC (Allocation Failure) 2024-10-09T21:48:46.158+0300: 708.990: [ParNew: 460096K->51072K(460096K), 0.0286357 secs] 6297270K->5903164K(8337536K), 0.0287211 secs] [Times: user=0.03 sys=0.00, real=0.03 secs] 
2024-10-09T21:48:46.189+0300: 709.019: Total time for which application threads were stopped: 0.0289691 seconds, Stopping threads took: 0.0001259 seconds
2024-10-09T21:48:46.346+0300: 709.188: Application time: 0.1685517 seconds
2024-10-09T21:48:46.362+0300: 709.188: [GC (Allocation Failure) 2024-10-09T21:48:46.362+0300: 709.188: [ParNew: 460096K->51072K(460096K), 0.0287293 secs] 6312188K->5921144K(8337536K), 0.0288331 secs] [Times: user=0.17 sys=0.00, real=0.02 secs] 
2024-10-09T21:48:46.378+0300: 709.217: Total time for which application threads were stopped: 0.0292100 seconds, Stopping threads took: 0.0002189 seconds
2024-10-09T21:48:46.566+0300: 709.394: Application time: 0.1766243 seconds
2024-10-09T21:48:46.566+0300: 709.394: [GC (Allocation Failure) 2024-10-09T21:48:46.566+0300: 709.394: [ParNew: 460096K->46934K(460096K), 0.0309396 secs] 6330168K->5938339K(8337536K), 0.0310225 secs] [Times: user=0.05 sys=0.00, real=0.03 secs] 
2024-10-09T21:48:46.598+0300: 709.425: Total time for which application threads were stopped: 0.0312518 seconds, Stopping threads took: 0.0000966 seconds
2024-10-09T21:48:46.786+0300: 709.615: Application time: 0.1905297 seconds
2024-10-09T21:48:46.786+0300: 709.616: [GC (Allocation Failure) 2024-10-09T21:48:46.786+0300: 709.616: [ParNew: 455958K->51072K(460096K), 0.0274295 secs] 6347363K->5952150K(8337536K), 0.0275884 secs] [Times: user=0.11 sys=0.02, real=0.03 secs] 
2024-10-09T21:48:46.817+0300: 709.643: Total time for which application threads were stopped: 0.0278971 seconds, Stopping threads took: 0.0001557 seconds
2024-10-09T21:48:46.975+0300: 709.805: Application time: 0.1617105 seconds
2024-10-09T21:48:46.975+0300: 709.805: [GC (Allocation Failure) 2024-10-09T21:48:46.975+0300: 709.805: [ParNew: 460096K->51072K(460096K), 0.0289663 secs] 6361174K->5970095K(8337536K), 0.0290671 secs] [Times: user=0.05 sys=0.00, real=0.03 secs] 
2024-10-09T21:48:47.006+0300: 709.834: Total time for which application threads were stopped: 0.0293435 seconds, Stopping threads took: 0.0001517 seconds
2024-10-09T21:48:47.164+0300: 710.003: Application time: 0.1686454 seconds
2024-10-09T21:48:47.164+0300: 710.004: [GC (Allocation Failure) 2024-10-09T21:48:47.164+0300: 710.004: [ParNew: 460096K->51072K(460096K), 0.0286253 secs] 6379119K->5988297K(8337536K), 0.0287239 secs] [Times: user=0.09 sys=0.00, real=0.03 secs] 
2024-10-09T21:48:47.195+0300: 710.032: Total time for which application threads were stopped: 0.0293057 seconds, Stopping threads took: 0.0004444 seconds
2024-10-09T21:48:47.367+0300: 710.205: Application time: 0.1723856 seconds
2024-10-09T21:48:47.367+0300: 710.205: [GC (Allocation Failure) 2024-10-09T21:48:47.367+0300: 710.205: [ParNew: 460096K->51072K(460096K), 0.0344873 secs] 6397321K->6013635K(8337536K), 0.0345954 secs] [Times: user=0.16 sys=0.00, real=0.03 secs] 
2024-10-09T21:48:47.398+0300: 710.240: Total time for which application threads were stopped: 0.0349473 seconds, Stopping threads took: 0.0001736 seconds
2024-10-09T21:48:47.571+0300: 710.401: Application time: 0.1609709 seconds
2024-10-09T21:48:47.571+0300: 710.401: [GC (Allocation Failure) 2024-10-09T21:48:47.571+0300: 710.401: [ParNew: 460096K->51072K(460096K), 0.0287622 secs] 6422659K->6029379K(8337536K), 0.0288535 secs] [Times: user=0.03 sys=0.00, real=0.03 secs] 
2024-10-09T21:48:47.602+0300: 710.430: Total time for which application threads were stopped: 0.0291359 seconds, Stopping threads took: 0.0001520 seconds
2024-10-09T21:48:47.760+0300: 710.599: Application time: 0.1694594 seconds
2024-10-09T21:48:47.760+0300: 710.599: [GC (Allocation Failure) 2024-10-09T21:48:47.760+0300: 710.599: [ParNew: 460096K->51072K(460096K), 0.0347482 secs] 6438403K->6057972K(8337536K), 0.0348425 secs] [Times: user=0.14 sys=0.00, real=0.05 secs] 
2024-10-09T21:48:47.806+0300: 710.634: Total time for which application threads were stopped: 0.0351402 seconds, Stopping threads took: 0.0001494 seconds
2024-10-09T21:48:47.964+0300: 710.802: Application time: 0.1672460 seconds
2024-10-09T21:48:47.964+0300: 710.802: [GC (Allocation Failure) 2024-10-09T21:48:47.964+0300: 710.802: [ParNew: 460096K->51072K(460096K), 0.0285294 secs] 6466996K->6075823K(8337536K), 0.0286138 secs] [Times: user=0.03 sys=0.00, real=0.03 secs] 
2024-10-09T21:48:47.995+0300: 710.830: Total time for which application threads were stopped: 0.0289042 seconds, Stopping threads took: 0.0001588 seconds
2024-10-09T21:48:48.168+0300: 710.996: Application time: 0.1650445 seconds
2024-10-09T21:48:48.168+0300: 710.996: [GC (Allocation Failure) 2024-10-09T21:48:48.168+0300: 710.996: [ParNew: 460096K->51072K(460096K), 0.0310196 secs] 6484847K->6094622K(8337536K), 0.0311088 secs] [Times: user=0.03 sys=0.00, real=0.03 secs] 
2024-10-09T21:48:48.199+0300: 711.027: Total time for which application threads were stopped: 0.0313704 seconds, Stopping threads took: 0.0001455 seconds
2024-10-09T21:48:48.356+0300: 711.186: Application time: 0.1591236 seconds
2024-10-09T21:48:48.356+0300: 711.186: [GC (Allocation Failure) 2024-10-09T21:48:48.356+0300: 711.186: [ParNew: 460096K->51072K(460096K), 0.0299050 secs] 6503646K->6114432K(8337536K), 0.0299934 secs] [Times: user=0.01 sys=0.00, real=0.03 secs] 
2024-10-09T21:48:48.387+0300: 711.216: Total time for which application threads were stopped: 0.0302447 seconds, Stopping threads took: 0.0001288 seconds
2024-10-09T21:48:48.545+0300: 711.380: Application time: 0.1637699 seconds
2024-10-09T21:48:48.545+0300: 711.380: [GC (Allocation Failure) 2024-10-09T21:48:48.545+0300: 711.380: [ParNew: 460096K->51072K(460096K), 0.0299479 secs] 6523456K->6134547K(8337536K), 0.0300398 secs] [Times: user=0.03 sys=0.00, real=0.03 secs] 
2024-10-09T21:48:48.576+0300: 711.410: Total time for which application threads were stopped: 0.0303166 seconds, Stopping threads took: 0.0001567 seconds
2024-10-09T21:48:48.748+0300: 711.583: Application time: 0.1722544 seconds
2024-10-09T21:48:48.748+0300: 711.583: [GC (Allocation Failure) 2024-10-09T21:48:48.748+0300: 711.583: [ParNew: 460096K->51072K(460096K), 0.0293199 secs] 6543571K->6148671K(8337536K), 0.0294137 secs] [Times: user=0.06 sys=0.00, real=0.03 secs] 
2024-10-09T21:48:48.780+0300: 711.612: Total time for which application threads were stopped: 0.0297018 seconds, Stopping threads took: 0.0001537 seconds
2024-10-09T21:48:48.936+0300: 711.771: Application time: 0.1583566 seconds
2024-10-09T21:48:48.936+0300: 711.771: [GC (Allocation Failure) 2024-10-09T21:48:48.936+0300: 711.771: [ParNew: 460096K->51072K(460096K), 0.0303617 secs] 6557695K->6168810K(8337536K), 0.0304491 secs] [Times: user=0.05 sys=0.00, real=0.03 secs] 
2024-10-09T21:48:48.968+0300: 711.801: Total time for which application threads were stopped: 0.0307146 seconds, Stopping threads took: 0.0001424 seconds
2024-10-09T21:48:49.140+0300: 711.970: Application time: 0.1686077 seconds
2024-10-09T21:48:49.140+0300: 711.970: [GC (Allocation Failure) 2024-10-09T21:48:49.140+0300: 711.970: [ParNew: 460096K->51072K(460096K), 0.0277560 secs] 6577834K->6183557K(8337536K), 0.0278508 secs] [Times: user=0.17 sys=0.00, real=0.03 secs] 
2024-10-09T21:48:49.172+0300: 711.998: Total time for which application threads were stopped: 0.0281321 seconds, Stopping threads took: 0.0001300 seconds
2024-10-09T21:48:49.329+0300: 712.165: Application time: 0.1672084 seconds
2024-10-09T21:48:49.329+0300: 712.166: [GC (Allocation Failure) 2024-10-09T21:48:49.329+0300: 712.166: [ParNew: 460096K->51072K(460096K), 0.0315022 secs] 6592581K->6202593K(8337536K), 0.0315954 secs] [Times: user=0.09 sys=0.00, real=0.03 secs] 
2024-10-09T21:48:49.360+0300: 712.197: Total time for which application threads were stopped: 0.0318886 seconds, Stopping threads took: 0.0001536 seconds
2024-10-09T21:48:49.517+0300: 712.355: Application time: 0.1580199 seconds
2024-10-09T21:48:49.517+0300: 712.356: [GC (Allocation Failure) 2024-10-09T21:48:49.517+0300: 712.356: [ParNew: 460096K->51072K(460096K), 0.0319022 secs] 6611617K->6226402K(8337536K), 0.0319889 secs] [Times: user=0.03 sys=0.00, real=0.03 secs] 
2024-10-09T21:48:49.549+0300: 712.388: Total time for which application threads were stopped: 0.0322665 seconds, Stopping threads took: 0.0001607 seconds
2024-10-09T21:48:49.721+0300: 712.552: Application time: 0.1649009 seconds
2024-10-09T21:48:49.721+0300: 712.553: [GC (Allocation Failure) 2024-10-09T21:48:49.721+0300: 712.553: [ParNew: 460096K->51072K(460096K), 0.0329561 secs] 6635426K->6252087K(8337536K), 0.0330492 secs] [Times: user=0.08 sys=0.00, real=0.03 secs] 
2024-10-09T21:48:49.753+0300: 712.586: Total time for which application threads were stopped: 0.0333265 seconds, Stopping threads took: 0.0001445 seconds
2024-10-09T21:48:49.925+0300: 712.753: Application time: 0.1672642 seconds
2024-10-09T21:48:49.925+0300: 712.753: [GC (Allocation Failure) 2024-10-09T21:48:49.925+0300: 712.753: [ParNew: 460096K->51072K(460096K), 0.0300775 secs] 6661111K->6272532K(8337536K), 0.0301605 secs] [Times: user=0.03 sys=0.00, real=0.03 secs] 
2024-10-09T21:48:49.957+0300: 712.783: Total time for which application threads were stopped: 0.0304226 seconds, Stopping threads took: 0.0001483 seconds
2024-10-09T21:48:50.113+0300: 712.945: Application time: 0.1615100 seconds
2024-10-09T21:48:50.113+0300: 712.945: [GC (Allocation Failure) 2024-10-09T21:48:50.113+0300: 712.945: [ParNew: 460096K->51072K(460096K), 0.0272370 secs] 6681556K->6285234K(8337536K), 0.0273241 secs] [Times: user=0.01 sys=0.00, real=0.03 secs] 
2024-10-09T21:48:50.145+0300: 712.973: Total time for which application threads were stopped: 0.0275917 seconds, Stopping threads took: 0.0001497 seconds
2024-10-09T21:48:50.302+0300: 713.136: Application time: 0.1630676 seconds
2024-10-09T21:48:50.302+0300: 713.136: [GC (Allocation Failure) 2024-10-09T21:48:50.302+0300: 713.136: [ParNew: 460096K->45238K(460096K), 0.0357127 secs] 6694258K->6311133K(8337536K), 0.0358106 secs] [Times: user=0.03 sys=0.00, real=0.03 secs] 
2024-10-09T21:48:50.333+0300: 713.172: Total time for which application threads were stopped: 0.0360578 seconds, Stopping threads took: 0.0001229 seconds
2024-10-09T21:48:50.521+0300: 713.349: Application time: 0.1774793 seconds
2024-10-09T21:48:50.521+0300: 713.349: [GC (Allocation Failure) 2024-10-09T21:48:50.521+0300: 713.349: [ParNew: 454262K->51072K(460096K), 0.0270864 secs] 6720157K->6325758K(8337536K), 0.0271764 secs] [Times: user=0.09 sys=0.00, real=0.03 secs] 
2024-10-09T21:48:50.550+0300: 713.377: Total time for which application threads were stopped: 0.0274630 seconds, Stopping threads took: 0.0001496 seconds
2024-10-09T21:48:50.710+0300: 713.545: Application time: 0.1681951 seconds
2024-10-09T21:48:50.710+0300: 713.545: [GC (Allocation Failure) 2024-10-09T21:48:50.710+0300: 713.545: [ParNew: 460096K->51072K(460096K), 0.0343754 secs] 6734782K->6350979K(8337536K), 0.0344649 secs] [Times: user=0.06 sys=0.00, real=0.04 secs] 
2024-10-09T21:48:50.750+0300: 713.580: Total time for which application threads were stopped: 0.0348575 seconds, Stopping threads took: 0.0002570 seconds
2024-10-09T21:48:50.914+0300: 713.741: Application time: 0.1608489 seconds
2024-10-09T21:48:50.914+0300: 713.741: [GC (Allocation Failure) 2024-10-09T21:48:50.914+0300: 713.741: [ParNew: 460096K->51072K(460096K), 0.0288551 secs] 6760003K->6372323K(8337536K), 0.0289438 secs] [Times: user=0.02 sys=0.00, real=0.02 secs] 
2024-10-09T21:48:50.930+0300: 713.770: Total time for which application threads were stopped: 0.0291876 seconds, Stopping threads took: 0.0001126 seconds
2024-10-09T21:48:51.111+0300: 713.937: Application time: 0.1675316 seconds
2024-10-09T21:48:51.111+0300: 713.938: [GC (Allocation Failure) 2024-10-09T21:48:51.111+0300: 713.938: [ParNew: 460096K->45723K(460096K), 0.0306505 secs] 6781347K->6384572K(8337536K), 0.0307545 secs] [Times: user=0.06 sys=0.00, real=0.02 secs] 
2024-10-09T21:48:51.134+0300: 713.968: Total time for which application threads were stopped: 0.0310880 seconds, Stopping threads took: 0.0001913 seconds
2024-10-09T21:48:51.291+0300: 714.132: Application time: 0.1635300 seconds
2024-10-09T21:48:51.291+0300: 714.132: [GC (Allocation Failure) 2024-10-09T21:48:51.291+0300: 714.132: [ParNew: 454747K->51072K(460096K), 0.0274882 secs] 6793596K->6403393K(8337536K), 0.0275735 secs] [Times: user=0.03 sys=0.00, real=0.03 secs] 
2024-10-09T21:48:51.322+0300: 714.160: Total time for which application threads were stopped: 0.0278390 seconds, Stopping threads took: 0.0001499 seconds
2024-10-09T21:48:51.495+0300: 714.324: Application time: 0.1640261 seconds
2024-10-09T21:48:51.495+0300: 714.324: [GC (Allocation Failure) 2024-10-09T21:48:51.495+0300: 714.324: [ParNew: 460096K->51072K(460096K), 0.0313218 secs] 6812417K->6428613K(8337536K), 0.0314117 secs] [Times: user=0.03 sys=0.00, real=0.03 secs] 
2024-10-09T21:48:51.526+0300: 714.355: Total time for which application threads were stopped: 0.0316629 seconds, Stopping threads took: 0.0001309 seconds
2024-10-09T21:48:51.683+0300: 714.523: Application time: 0.1676951 seconds
2024-10-09T21:48:51.683+0300: 714.523: [GC (Allocation Failure) 2024-10-09T21:48:51.683+0300: 714.523: [ParNew: 460096K->51072K(460096K), 0.0278533 secs] 6837637K->6440968K(8337536K), 0.0279414 secs] [Times: user=0.06 sys=0.00, real=0.03 secs] 
2024-10-09T21:48:51.715+0300: 714.551: Total time for which application threads were stopped: 0.0282479 seconds, Stopping threads took: 0.0001746 seconds
2024-10-09T21:48:51.887+0300: 714.720: Application time: 0.1686542 seconds
2024-10-09T21:48:51.887+0300: 714.720: [GC (Allocation Failure) 2024-10-09T21:48:51.887+0300: 714.720: [ParNew: 460096K->51072K(460096K), 0.0374645 secs] 6849992K->6474656K(8337536K), 0.0375712 secs] [Times: user=0.17 sys=0.00, real=0.03 secs] 
2024-10-09T21:48:51.919+0300: 714.758: Total time for which application threads were stopped: 0.0378902 seconds, Stopping threads took: 0.0001827 seconds
2024-10-09T21:48:52.091+0300: 714.918: Application time: 0.1601312 seconds
2024-10-09T21:48:52.091+0300: 714.918: [GC (Allocation Failure) 2024-10-09T21:48:52.091+0300: 714.918: [ParNew: 460096K->51072K(460096K), 0.0286185 secs] 6883680K->6494886K(8337536K), 0.0287082 secs] [Times: user=0.02 sys=0.00, real=0.02 secs] 
2024-10-09T21:48:52.107+0300: 714.947: Total time for which application threads were stopped: 0.0289895 seconds, Stopping threads took: 0.0001533 seconds
2024-10-09T21:48:52.280+0300: 715.110: Application time: 0.1631822 seconds
2024-10-09T21:48:52.280+0300: 715.110: [GC (Allocation Failure) 2024-10-09T21:48:52.280+0300: 715.111: [ParNew: 460096K->51072K(460096K), 0.0265354 secs] 6903910K->6506871K(8337536K), 0.0266167 secs] [Times: user=0.03 sys=0.00, real=0.03 secs] 
2024-10-09T21:48:52.311+0300: 715.137: Total time for which application threads were stopped: 0.0268780 seconds, Stopping threads took: 0.0001457 seconds
2024-10-09T21:48:52.468+0300: 715.303: Application time: 0.1658037 seconds
2024-10-09T21:48:52.468+0300: 715.303: [GC (Allocation Failure) 2024-10-09T21:48:52.468+0300: 715.303: [ParNew: 460096K->51072K(460096K), 0.0275296 secs] 6915895K->6522988K(8337536K), 0.0276204 secs] [Times: user=0.03 sys=0.00, real=0.03 secs] 
2024-10-09T21:48:52.499+0300: 715.331: Total time for which application threads were stopped: 0.0279280 seconds, Stopping threads took: 0.0001832 seconds
2024-10-09T21:48:52.656+0300: 715.492: Application time: 0.1612485 seconds
2024-10-09T21:48:52.656+0300: 715.492: [GC (Allocation Failure) 2024-10-09T21:48:52.656+0300: 715.492: [ParNew: 460096K->42680K(460096K), 0.0276705 secs] 6932012K->6529376K(8337536K), 0.0277718 secs] [Times: user=0.11 sys=0.00, real=0.03 secs] 
2024-10-09T21:48:52.688+0300: 715.520: Total time for which application threads were stopped: 0.0280515 seconds, Stopping threads took: 0.0001352 seconds
2024-10-09T21:48:52.860+0300: 715.687: Application time: 0.1664796 seconds
2024-10-09T21:48:52.860+0300: 715.687: [GC (Allocation Failure) 2024-10-09T21:48:52.860+0300: 715.687: [ParNew: 451704K->51072K(460096K), 0.0271960 secs] 6938400K->6550152K(8337536K), 0.0272805 secs] [Times: user=0.05 sys=0.00, real=0.02 secs] 
2024-10-09T21:48:52.876+0300: 715.714: Total time for which application threads were stopped: 0.0275742 seconds, Stopping threads took: 0.0001702 seconds
2024-10-09T21:48:53.048+0300: 715.879: Application time: 0.1648459 seconds
2024-10-09T21:48:53.048+0300: 715.879: [GC (Allocation Failure) 2024-10-09T21:48:53.048+0300: 715.879: [ParNew: 460096K->50666K(460096K), 0.0286110 secs] 6959176K->6569449K(8337536K), 0.0287010 secs] [Times: user=0.03 sys=0.00, real=0.03 secs] 
2024-10-09T21:48:53.080+0300: 715.908: Total time for which application threads were stopped: 0.0289485 seconds, Stopping threads took: 0.0001191 seconds
2024-10-09T21:48:53.256+0300: 716.084: Application time: 0.1759315 seconds
2024-10-09T21:48:53.256+0300: 716.084: [GC (Allocation Failure) 2024-10-09T21:48:53.256+0300: 716.085: [ParNew: 459690K->50567K(460096K), 0.0284013 secs] 6978473K->6584963K(8337536K), 0.0284814 secs] [Times: user=0.11 sys=0.00, real=0.03 secs] 
2024-10-09T21:48:53.285+0300: 716.113: Total time for which application threads were stopped: 0.0290420 seconds, Stopping threads took: 0.0004303 seconds
2024-10-09T21:48:53.441+0300: 716.280: Application time: 0.1668222 seconds
2024-10-09T21:48:53.441+0300: 716.280: [GC (Allocation Failure) 2024-10-09T21:48:53.441+0300: 716.280: [ParNew: 459591K->51072K(460096K), 0.0266365 secs] 6993987K->6596040K(8337536K), 0.0267324 secs] [Times: user=0.11 sys=0.00, real=0.03 secs] 
2024-10-09T21:48:53.473+0300: 716.307: Total time for which application threads were stopped: 0.0270162 seconds, Stopping threads took: 0.0001435 seconds
2024-10-09T21:48:53.630+0300: 716.467: Application time: 0.1606060 seconds
2024-10-09T21:48:53.630+0300: 716.468: [GC (Allocation Failure) 2024-10-09T21:48:53.630+0300: 716.468: [ParNew: 460096K->46984K(460096K), 0.0310647 secs] 7005064K->6614713K(8337536K), 0.0311537 secs] [Times: user=0.03 sys=0.00, real=0.03 secs] 
2024-10-09T21:48:53.661+0300: 716.499: Total time for which application threads were stopped: 0.0314052 seconds, Stopping threads took: 0.0001145 seconds
2024-10-09T21:48:53.865+0300: 716.694: Application time: 0.1949344 seconds
2024-10-09T21:48:53.865+0300: 716.694: [GC (Allocation Failure) 2024-10-09T21:48:53.865+0300: 716.694: [ParNew: 456008K->51072K(460096K), 0.0270072 secs] 7023737K->6629458K(8337536K), 0.0271077 secs] [Times: user=0.08 sys=0.00, real=0.02 secs] 
2024-10-09T21:48:53.881+0300: 716.721: Total time for which application threads were stopped: 0.0273690 seconds, Stopping threads took: 0.0001177 seconds
2024-10-09T21:48:54.058+0300: 716.886: Application time: 0.1648282 seconds
2024-10-09T21:48:54.058+0300: 716.886: [GC (Allocation Failure) 2024-10-09T21:48:54.058+0300: 716.886: [ParNew: 460096K->51072K(460096K), 0.0357331 secs] 7038482K->6659207K(8337536K), 0.0358138 secs] [Times: user=0.17 sys=0.00, real=0.03 secs] 
2024-10-09T21:48:54.085+0300: 716.922: Total time for which application threads were stopped: 0.0360418 seconds, Stopping threads took: 0.0001038 seconds
2024-10-09T21:48:54.242+0300: 717.083: Application time: 0.1609532 seconds
2024-10-09T21:48:54.257+0300: 717.083: [GC (Allocation Failure) 2024-10-09T21:48:54.257+0300: 717.083: [ParNew: 460096K->51072K(460096K), 0.0286574 secs] 7068231K->6681328K(8337536K), 0.0287473 secs] [Times: user=0.17 sys=0.00, real=0.02 secs] 
2024-10-09T21:48:54.273+0300: 717.112: Total time for which application threads were stopped: 0.0290927 seconds, Stopping threads took: 0.0002136 seconds
2024-10-09T21:48:54.446+0300: 717.281: Application time: 0.1687916 seconds
2024-10-09T21:48:54.446+0300: 717.281: [GC (Allocation Failure) 2024-10-09T21:48:54.446+0300: 717.281: [ParNew: 460096K->51072K(460096K), 0.0265975 secs] 7090352K->6690038K(8337536K), 0.0266942 secs] [Times: user=0.08 sys=0.00, real=0.03 secs] 
2024-10-09T21:48:54.477+0300: 717.308: Total time for which application threads were stopped: 0.0269662 seconds, Stopping threads took: 0.0001494 seconds
2024-10-09T21:48:54.634+0300: 717.468: Application time: 0.1605858 seconds
2024-10-09T21:48:54.634+0300: 717.469: [GC (Allocation Failure) 2024-10-09T21:48:54.634+0300: 717.469: [ParNew: 460096K->51072K(460096K), 0.0282941 secs] 7099062K->6704437K(8337536K), 0.0283761 secs] [Times: user=0.06 sys=0.00, real=0.03 secs] 
2024-10-09T21:48:54.666+0300: 717.497: Total time for which application threads were stopped: 0.0286849 seconds, Stopping threads took: 0.0001822 seconds
2024-10-09T21:48:54.823+0300: 717.664: Application time: 0.1672642 seconds
2024-10-09T21:48:54.839+0300: 717.665: [GC (Allocation Failure) 2024-10-09T21:48:54.839+0300: 717.665: [ParNew: 460096K->51072K(460096K), 0.0305679 secs] 7113461K->6727159K(8337536K), 0.0306481 secs] [Times: user=0.11 sys=0.00, real=0.02 secs] 
2024-10-09T21:48:54.859+0300: 717.695: Total time for which application threads were stopped: 0.0309981 seconds, Stopping threads took: 0.0002133 seconds
2024-10-09T21:48:55.043+0300: 717.869: Application time: 0.1736288 seconds
2024-10-09T21:48:55.043+0300: 717.869: [GC (Allocation Failure) 2024-10-09T21:48:55.043+0300: 717.869: [ParNew: 460096K->51072K(460096K), 0.0314818 secs] 7136183K->6747213K(8337536K), 0.0315630 secs] [Times: user=0.06 sys=0.00, real=0.03 secs] 
2024-10-09T21:48:55.074+0300: 717.901: Total time for which application threads were stopped: 0.0318217 seconds, Stopping threads took: 0.0001387 seconds
2024-10-09T21:48:55.231+0300: 718.060: Application time: 0.1588732 seconds
2024-10-09T21:48:55.231+0300: 718.060: [GC (Allocation Failure) 2024-10-09T21:48:55.231+0300: 718.060: [ParNew: 460096K->51072K(460096K), 0.0335775 secs] 7156237K->6770000K(8337536K), 0.0336648 secs] [Times: user=0.08 sys=0.00, real=0.03 secs] 
2024-10-09T21:48:55.263+0300: 718.094: Total time for which application threads were stopped: 0.0339899 seconds, Stopping threads took: 0.0001817 seconds
2024-10-09T21:48:55.420+0300: 718.251: Application time: 0.1575526 seconds
2024-10-09T21:48:55.420+0300: 718.251: [GC (Allocation Failure) 2024-10-09T21:48:55.420+0300: 718.251: [ParNew: 460096K->46707K(460096K), 0.0277998 secs] 7179024K->6784467K(8337536K), 0.0278900 secs] [Times: user=0.16 sys=0.00, real=0.03 secs] 
2024-10-09T21:48:55.451+0300: 718.279: Total time for which application threads were stopped: 0.0281194 seconds, Stopping threads took: 0.0001013 seconds
2024-10-09T21:48:55.623+0300: 718.458: Application time: 0.1784377 seconds
2024-10-09T21:48:55.623+0300: 718.458: [GC (Allocation Failure) 2024-10-09T21:48:55.623+0300: 718.458: [ParNew: 455731K->48817K(460096K), 0.0290064 secs] 7193491K->6802964K(8337536K), 0.0291025 secs] [Times: user=0.16 sys=0.00, real=0.04 secs] 
2024-10-09T21:48:55.661+0300: 718.487: Total time for which application threads were stopped: 0.0293817 seconds, Stopping threads took: 0.0001490 seconds
2024-10-09T21:48:55.827+0300: 718.658: Application time: 0.1706029 seconds
2024-10-09T21:48:55.827+0300: 718.658: [GC (Allocation Failure) 2024-10-09T21:48:55.827+0300: 718.658: [ParNew: 457841K->51072K(460096K), 0.0283312 secs] 7211988K->6817395K(8337536K), 0.0284236 secs] [Times: user=0.16 sys=0.00, real=0.03 secs] 
2024-10-09T21:48:55.859+0300: 718.687: Total time for which application threads were stopped: 0.0286795 seconds, Stopping threads took: 0.0001195 seconds
2024-10-09T21:48:56.000+0300: 718.841: Application time: 0.1541958 seconds
2024-10-09T21:48:56.000+0300: 718.841: [GC (Allocation Failure) 2024-10-09T21:48:56.000+0300: 718.841: [ParNew: 460096K->51072K(460096K), 0.0290949 secs] 7226419K->6839494K(8337536K), 0.0291851 secs] [Times: user=0.17 sys=0.02, real=0.03 secs] 
2024-10-09T21:48:56.031+0300: 718.870: Total time for which application threads were stopped: 0.0295514 seconds, Stopping threads took: 0.0002267 seconds
2024-10-09T21:48:56.205+0300: 719.045: Application time: 0.1743632 seconds
2024-10-09T21:48:56.205+0300: 719.045: [GC (Allocation Failure) 2024-10-09T21:48:56.205+0300: 719.045: [ParNew: 460096K->49041K(460096K), 0.0273929 secs] 7248518K->6852203K(8337536K), 0.0274879 secs] [Times: user=0.12 sys=0.00, real=0.03 secs] 
2024-10-09T21:48:56.236+0300: 719.072: Total time for which application threads were stopped: 0.0277650 seconds, Stopping threads took: 0.0001366 seconds
2024-10-09T21:48:56.409+0300: 719.238: Application time: 0.1651507 seconds
2024-10-09T21:48:56.409+0300: 719.238: [GC (Allocation Failure) 2024-10-09T21:48:56.409+0300: 719.238: [ParNew: 458065K->51072K(460096K), 0.0294112 secs] 7261227K->6866832K(8337536K), 0.0294999 secs] [Times: user=0.19 sys=0.00, real=0.03 secs] 
2024-10-09T21:48:56.440+0300: 719.267: Total time for which application threads were stopped: 0.0297558 seconds, Stopping threads took: 0.0001294 seconds
2024-10-09T21:48:56.597+0300: 719.424: Application time: 0.1566812 seconds
2024-10-09T21:48:56.597+0300: 719.424: [GC (Allocation Failure) 2024-10-09T21:48:56.597+0300: 719.424: [ParNew: 460096K->48395K(460096K), 0.0323036 secs] 7275856K->6889991K(8337536K), 0.0323933 secs] [Times: user=0.17 sys=0.00, real=0.03 secs] 
2024-10-09T21:48:56.629+0300: 719.457: Total time for which application threads were stopped: 0.0326396 seconds, Stopping threads took: 0.0001194 seconds
2024-10-09T21:48:56.801+0300: 719.634: Application time: 0.1770922 seconds
2024-10-09T21:48:56.801+0300: 719.634: [GC (Allocation Failure) 2024-10-09T21:48:56.801+0300: 719.634: [ParNew: 457419K->51072K(460096K), 0.0306941 secs] 7299015K->6915605K(8337536K), 0.0307975 secs] [Times: user=0.12 sys=0.00, real=0.03 secs] 
2024-10-09T21:48:56.833+0300: 719.665: Total time for which application threads were stopped: 0.0310476 seconds, Stopping threads took: 0.0001100 seconds
2024-10-09T21:48:57.005+0300: 719.834: Application time: 0.1690172 seconds
2024-10-09T21:48:57.005+0300: 719.834: [GC (Allocation Failure) 2024-10-09T21:48:57.005+0300: 719.834: [ParNew: 460096K->51072K(460096K), 0.0269059 secs] 7324629K->6922254K(8337536K), 0.0269891 secs] [Times: user=0.16 sys=0.00, real=0.02 secs] 
2024-10-09T21:48:57.021+0300: 719.861: Total time for which application threads were stopped: 0.0272120 seconds, Stopping threads took: 0.0001062 seconds
2024-10-09T21:48:57.178+0300: 720.016: Application time: 0.1551872 seconds
2024-10-09T21:48:57.178+0300: 720.016: [GC (Allocation Failure) 2024-10-09T21:48:57.178+0300: 720.016: [ParNew: 460096K->51072K(460096K), 0.0358807 secs] 7331278K->6956902K(8337536K), 0.0359787 secs] [Times: user=0.17 sys=0.00, real=0.05 secs] 
2024-10-09T21:48:57.225+0300: 720.052: Total time for which application threads were stopped: 0.0362547 seconds, Stopping threads took: 0.0001385 seconds
2024-10-09T21:48:57.398+0300: 720.224: Application time: 0.1719274 seconds
2024-10-09T21:48:57.398+0300: 720.225: [GC (Allocation Failure) 2024-10-09T21:48:57.398+0300: 720.225: [ParNew: 460096K->43227K(460096K), 0.0302681 secs] 7365926K->6969737K(8337536K), 0.0303689 secs] [Times: user=0.12 sys=0.02, real=0.03 secs] 
2024-10-09T21:48:57.429+0300: 720.255: Total time for which application threads were stopped: 0.0306126 seconds, Stopping threads took: 0.0001055 seconds
2024-10-09T21:48:57.602+0300: 720.430: Application time: 0.1752604 seconds
2024-10-09T21:48:57.602+0300: 720.431: [GC (Allocation Failure) 2024-10-09T21:48:57.602+0300: 720.431: [ParNew: 452251K->51072K(460096K), 0.0275418 secs] 7378761K->6985030K(8337536K), 0.0276370 secs] [Times: user=0.01 sys=0.00, real=0.02 secs] 
2024-10-09T21:48:57.618+0300: 720.458: Total time for which application threads were stopped: 0.0279243 seconds, Stopping threads took: 0.0001510 seconds
2024-10-09T21:48:57.790+0300: 720.617: Application time: 0.1588110 seconds
2024-10-09T21:48:57.790+0300: 720.617: [GC (Allocation Failure) 2024-10-09T21:48:57.790+0300: 720.617: [ParNew: 460096K->50099K(460096K), 0.0320688 secs] 7394054K->7010649K(8337536K), 0.0321649 secs] [Times: user=0.05 sys=0.00, real=0.03 secs] 
2024-10-09T21:48:57.822+0300: 720.649: Total time for which application threads were stopped: 0.0324581 seconds, Stopping threads took: 0.0001613 seconds
2024-10-09T21:48:57.979+0300: 720.818: Application time: 0.1685874 seconds
2024-10-09T21:48:57.979+0300: 720.818: [GC (Allocation Failure) 2024-10-09T21:48:57.979+0300: 720.818: [ParNew: 459123K->45059K(460096K), 0.0301602 secs] 7419673K->7030834K(8337536K), 0.0302557 secs] [Times: user=0.03 sys=0.00, real=0.03 secs] 
2024-10-09T21:48:58.010+0300: 720.849: Total time for which application threads were stopped: 0.0305122 seconds, Stopping threads took: 0.0001286 seconds
2024-10-09T21:48:58.198+0300: 721.026: Application time: 0.1777168 seconds
2024-10-09T21:48:58.198+0300: 721.027: [GC (Allocation Failure) 2024-10-09T21:48:58.198+0300: 721.027: [ParNew: 454083K->51072K(460096K), 0.0295693 secs] 7439858K->7046650K(8337536K), 0.0296824 secs] [Times: user=0.17 sys=0.00, real=0.03 secs] 
2024-10-09T21:48:58.229+0300: 721.057: Total time for which application threads were stopped: 0.0304981 seconds, Stopping threads took: 0.0006623 seconds
2024-10-09T21:48:58.371+0300: 721.210: Application time: 0.1533366 seconds
2024-10-09T21:48:58.371+0300: 721.210: [GC (Allocation Failure) 2024-10-09T21:48:58.371+0300: 721.210: [ParNew: 460096K->51072K(460096K), 0.0330095 secs] 7455674K->7072135K(8337536K), 0.0331026 secs] [Times: user=0.06 sys=0.00, real=0.05 secs] 
2024-10-09T21:48:58.417+0300: 721.244: Total time for which application threads were stopped: 0.0334523 seconds, Stopping threads took: 0.0002234 seconds
2024-10-09T21:48:58.575+0300: 721.409: Application time: 0.1653072 seconds
2024-10-09T21:48:58.575+0300: 721.409: [GC (Allocation Failure) 2024-10-09T21:48:58.575+0300: 721.409: [ParNew: 460096K->49373K(460096K), 0.0310269 secs] 7481159K->7095530K(8337536K), 0.0311113 secs] [Times: user=0.03 sys=0.00, real=0.03 secs] 
2024-10-09T21:48:58.606+0300: 721.440: Total time for which application threads were stopped: 0.0313793 seconds, Stopping threads took: 0.0001455 seconds
2024-10-09T21:48:58.794+0300: 721.628: Application time: 0.1877986 seconds
2024-10-09T21:48:58.794+0300: 721.628: [GC (Allocation Failure) 2024-10-09T21:48:58.794+0300: 721.628: [ParNew: 458397K->51072K(460096K), 0.0288102 secs] 7504554K->7108738K(8337536K), 0.0288900 secs] [Times: user=0.03 sys=0.00, real=0.03 secs] 
2024-10-09T21:48:58.825+0300: 721.657: Total time for which application threads were stopped: 0.0291604 seconds, Stopping threads took: 0.0001388 seconds
2024-10-09T21:48:58.983+0300: 721.811: Application time: 0.1536341 seconds
2024-10-09T21:48:58.983+0300: 721.811: [GC (Allocation Failure) 2024-10-09T21:48:58.983+0300: 721.811: [ParNew: 460096K->51072K(460096K), 0.0316149 secs] 7517762K->7130663K(8337536K), 0.0316962 secs] [Times: user=0.01 sys=0.00, real=0.03 secs] 
2024-10-09T21:48:59.014+0300: 721.843: Total time for which application threads were stopped: 0.0319445 seconds, Stopping threads took: 0.0001345 seconds
2024-10-09T21:48:59.171+0300: 722.006: Application time: 0.1636359 seconds
2024-10-09T21:48:59.171+0300: 722.007: [GC (Allocation Failure) 2024-10-09T21:48:59.171+0300: 722.007: [ParNew: 460096K->51072K(460096K), 0.0281326 secs] 7539687K->7152615K(8337536K), 0.0282226 secs] [Times: user=0.03 sys=0.00, real=0.03 secs] 
2024-10-09T21:48:59.203+0300: 722.035: Total time for which application threads were stopped: 0.0284711 seconds, Stopping threads took: 0.0001313 seconds
2024-10-09T21:48:59.376+0300: 722.215: Application time: 0.1802384 seconds
2024-10-09T21:48:59.376+0300: 722.215: [GC (Allocation Failure) 2024-10-09T21:48:59.376+0300: 722.215: [ParNew: 460096K->51072K(460096K), 0.0318101 secs] 7561639K->7170171K(8337536K), 0.0319046 secs] [Times: user=0.03 sys=0.00, real=0.03 secs] 
2024-10-09T21:48:59.407+0300: 722.247: Total time for which application threads were stopped: 0.0321454 seconds, Stopping threads took: 0.0001236 seconds
2024-10-09T21:48:59.570+0300: 722.404: Application time: 0.1564474 seconds
2024-10-09T21:48:59.570+0300: 722.404: [GC (Allocation Failure) 2024-10-09T21:48:59.570+0300: 722.404: [ParNew: 460096K->51072K(460096K), 0.0340167 secs] 7579195K->7190494K(8337536K), 0.0341046 secs] [Times: user=0.03 sys=0.00, real=0.04 secs] 
2024-10-09T21:48:59.611+0300: 722.438: Total time for which application threads were stopped: 0.0343812 seconds, Stopping threads took: 0.0001579 seconds
2024-10-09T21:48:59.770+0300: 722.605: Application time: 0.1671983 seconds
2024-10-09T21:48:59.770+0300: 722.606: [GC (Allocation Failure) 2024-10-09T21:48:59.770+0300: 722.606: [ParNew: 460096K->49724K(460096K), 0.0328884 secs] 7599518K->7218879K(8337536K), 0.0329811 secs] [Times: user=0.05 sys=0.00, real=0.03 secs] 
2024-10-09T21:48:59.799+0300: 722.639: Total time for which application threads were stopped: 0.0333171 seconds, Stopping threads took: 0.0001976 seconds
2024-10-09T21:48:59.799+0300: 722.639: Application time: 0.0002297 seconds
2024-10-09T21:48:59.799+0300: 722.639: [GC (CMS Initial Mark) [1 CMS-initial-mark: 7169155K(7877440K)] 7227002K(8337536K), 0.0041769 secs] [Times: user=0.02 sys=0.00, real=0.02 secs] 
2024-10-09T21:48:59.815+0300: 722.643: Total time for which application threads were stopped: 0.0044722 seconds, Stopping threads took: 0.0001607 seconds
2024-10-09T21:48:59.815+0300: 722.643: [CMS-concurrent-mark-start]
2024-10-09T21:48:59.830+0300: 722.670: [CMS-concurrent-mark: 0.026/0.026 secs] [Times: user=0.02 sys=0.00, real=0.01 secs] 
2024-10-09T21:48:59.830+0300: 722.670: [CMS-concurrent-preclean-start]
2024-10-09T21:48:59.846+0300: 722.678: [CMS-concurrent-preclean: 0.008/0.008 secs] [Times: user=0.01 sys=0.00, real=0.02 secs] 
2024-10-09T21:48:59.846+0300: 722.678: [CMS-concurrent-abortable-preclean-start]
2024-10-09T21:49:00.019+0300: 722.848: Application time: 0.2048346 seconds
2024-10-09T21:49:00.019+0300: 722.848: [GC (Allocation Failure) 2024-10-09T21:49:00.019+0300: 722.848: [ParNew: 458748K->51072K(460096K), 0.0261631 secs] 7627903K->7222933K(8337536K), 0.0262754 secs] [Times: user=0.14 sys=0.00, real=0.01 secs] 
2024-10-09T21:49:00.034+0300: 722.875: Total time for which application threads were stopped: 0.0265256 seconds, Stopping threads took: 0.0001109 seconds
2024-10-09T21:49:00.238+0300: 723.074: Application time: 0.1989220 seconds
2024-10-09T21:49:00.238+0300: 723.074: [GC (Allocation Failure) 2024-10-09T21:49:00.238+0300: 723.074: [ParNew: 460096K->51072K(460096K), 0.0378382 secs] 7631957K->7249224K(8337536K), 0.0379375 secs] [Times: user=0.03 sys=0.00, real=0.05 secs] 
2024-10-09T21:49:00.285+0300: 723.112: Total time for which application threads were stopped: 0.0381954 seconds, Stopping threads took: 0.0001382 seconds
2024-10-09T21:49:00.301+0300: 723.137: [CMS-concurrent-abortable-preclean: 0.394/0.460 secs] [Times: user=2.50 sys=0.00, real=0.46 secs] 
2024-10-09T21:49:00.332+0300: 723.158: Application time: 0.0463192 seconds
2024-10-09T21:49:00.332+0300: 723.158: [GC (CMS Final Remark) [YG occupancy: 171820 K (460096 K)]2024-10-09T21:49:00.332+0300: 723.158: [Rescan (parallel) , 0.0190743 secs]2024-10-09T21:49:00.348+0300: 723.178: [weak refs processing, 0.0000213 secs]2024-10-09T21:49:00.348+0300: 723.178: [class unloading, 0.0021046 secs]2024-10-09T21:49:00.348+0300: 723.180: [scrub symbol table, 0.0007338 secs]2024-10-09T21:49:00.348+0300: 723.180: [scrub string table, 0.0002092 secs][1 CMS-remark: 7198152K(7877440K)] 7369973K(8337536K), 0.0222732 secs] [Times: user=0.08 sys=0.00, real=0.02 secs] 
2024-10-09T21:49:00.348+0300: 723.181: Total time for which application threads were stopped: 0.0225273 seconds, Stopping threads took: 0.0001669 seconds
2024-10-09T21:49:00.348+0300: 723.181: [CMS-concurrent-sweep-start]
2024-10-09T21:49:00.474+0300: 723.314: Application time: 0.1328880 seconds
2024-10-09T21:49:00.474+0300: 723.314: [GC (Allocation Failure) 2024-10-09T21:49:00.474+0300: 723.314: [ParNew: 460096K->51072K(460096K), 0.0331840 secs] 7396557K->7011958K(8337536K), 0.0332706 secs] [Times: user=0.05 sys=0.00, real=0.05 secs] 
2024-10-09T21:49:00.521+0300: 723.347: Total time for which application threads were stopped: 0.0335599 seconds, Stopping threads took: 0.0001744 seconds
2024-10-09T21:49:00.709+0300: 723.550: Application time: 0.2032763 seconds
2024-10-09T21:49:00.709+0300: 723.551: [GC (Allocation Failure) 2024-10-09T21:49:00.725+0300: 723.551: [ParNew: 460096K->51072K(460096K), 0.0307207 secs] 7019034K->6632502K(8337536K), 0.0308250 secs] [Times: user=0.05 sys=0.00, real=0.03 secs] 
2024-10-09T21:49:00.741+0300: 723.582: Total time for which application threads were stopped: 0.0312007 seconds, Stopping threads took: 0.0002168 seconds
2024-10-09T21:49:00.944+0300: 723.782: Application time: 0.2007618 seconds
2024-10-09T21:49:00.944+0300: 723.783: [GC (Allocation Failure) 2024-10-09T21:49:00.944+0300: 723.783: [ParNew: 460096K->51072K(460096K), 0.0268498 secs] 6648832K->6249554K(8337536K), 0.0269463 secs] [Times: user=0.06 sys=0.00, real=0.03 secs] 
2024-10-09T21:49:00.976+0300: 723.810: Total time for which application threads were stopped: 0.0272576 seconds, Stopping threads took: 0.0001773 seconds
2024-10-09T21:49:01.173+0300: 724.000: Application time: 0.1906396 seconds
2024-10-09T21:49:01.173+0300: 724.001: [GC (Allocation Failure) 2024-10-09T21:49:01.173+0300: 724.001: [ParNew: 460096K->51072K(460096K), 0.0277554 secs] 6292258K->5896805K(8337536K), 0.0278377 secs] [Times: user=0.03 sys=0.00, real=0.02 secs] 
2024-10-09T21:49:01.196+0300: 724.028: Total time for which application threads were stopped: 0.0281113 seconds, Stopping threads took: 0.0001600 seconds
2024-10-09T21:49:01.400+0300: 724.230: Application time: 0.2018546 seconds
2024-10-09T21:49:01.400+0300: 724.231: [GC (Allocation Failure) 2024-10-09T21:49:01.400+0300: 724.231: [ParNew: 460096K->51072K(460096K), 0.0279928 secs] 5950714K->5556152K(8337536K), 0.0280870 secs] [Times: user=0.02 sys=0.00, real=0.03 secs] 
2024-10-09T21:49:01.431+0300: 724.259: Total time for which application threads were stopped: 0.0284277 seconds, Stopping threads took: 0.0001653 seconds
2024-10-09T21:49:01.620+0300: 724.447: Application time: 0.1880534 seconds
2024-10-09T21:49:01.620+0300: 724.447: [GC (Allocation Failure) 2024-10-09T21:49:01.620+0300: 724.447: [ParNew: 460096K->51072K(460096K), 0.0273981 secs] 5620105K->5225193K(8337536K), 0.0274892 secs] [Times: user=0.05 sys=0.00, real=0.02 secs] 
2024-10-09T21:49:01.636+0300: 724.475: Total time for which application threads were stopped: 0.0278089 seconds, Stopping threads took: 0.0001786 seconds
2024-10-09T21:49:01.840+0300: 724.677: Application time: 0.2025482 seconds
2024-10-09T21:49:01.840+0300: 724.678: [GC (Allocation Failure) 2024-10-09T21:49:01.840+0300: 724.678: [ParNew: 460096K->51072K(460096K), 0.0339129 secs] 5246432K->4866646K(8337536K), 0.0340152 secs] [Times: user=0.06 sys=0.00, real=0.04 secs] 
2024-10-09T21:49:01.875+0300: 724.712: Total time for which application threads were stopped: 0.0344526 seconds, Stopping threads took: 0.0002568 seconds
2024-10-09T21:49:02.091+0300: 724.917: Application time: 0.2057134 seconds
2024-10-09T21:49:02.091+0300: 724.918: [GC (Allocation Failure) 2024-10-09T21:49:02.091+0300: 724.918: [ParNew: 460096K->51072K(460096K), 0.0274067 secs] 4904770K->4506177K(8337536K), 0.0274958 secs] [Times: user=0.02 sys=0.00, real=0.01 secs] 
2024-10-09T21:49:02.106+0300: 724.945: Total time for which application threads were stopped: 0.0278136 seconds, Stopping threads took: 0.0001534 seconds
2024-10-09T21:49:02.295+0300: 725.125: Application time: 0.1800683 seconds
2024-10-09T21:49:02.295+0300: 725.125: [GC (Allocation Failure) 2024-10-09T21:49:02.295+0300: 725.125: [ParNew: 460096K->51072K(460096K), 0.0311849 secs] 4575142K->4190252K(8337536K), 0.0312742 secs] [Times: user=0.02 sys=0.02, real=0.03 secs] 
2024-10-09T21:49:02.326+0300: 725.157: Total time for which application threads were stopped: 0.0315892 seconds, Stopping threads took: 0.0001882 seconds
2024-10-09T21:49:02.515+0300: 725.356: Application time: 0.1989686 seconds
2024-10-09T21:49:02.530+0300: 725.356: [GC (Allocation Failure) 2024-10-09T21:49:02.530+0300: 725.356: [ParNew: 460096K->45330K(460096K), 0.0293144 secs] 4229074K->3832568K(8337536K), 0.0294277 secs] [Times: user=0.02 sys=0.00, real=0.02 secs] 
2024-10-09T21:49:02.546+0300: 725.386: Total time for which application threads were stopped: 0.0298199 seconds, Stopping threads took: 0.0002098 seconds
2024-10-09T21:49:02.750+0300: 725.591: Application time: 0.2054763 seconds
2024-10-09T21:49:02.766+0300: 725.591: [GC (Allocation Failure) 2024-10-09T21:49:02.766+0300: 725.591: [ParNew: 454354K->51072K(460096K), 0.0285415 secs] 3844183K->3458433K(8337536K), 0.0286542 secs] [Times: user=0.08 sys=0.00, real=0.02 secs] 
2024-10-09T21:49:02.782+0300: 725.620: Total time for which application threads were stopped: 0.0290007 seconds, Stopping threads took: 0.0001465 seconds
2024-10-09T21:49:02.986+0300: 725.819: Application time: 0.1992263 seconds
2024-10-09T21:49:02.986+0300: 725.820: [GC (Allocation Failure) 2024-10-09T21:49:02.986+0300: 725.820: [ParNew: 460096K->51072K(460096K), 0.0304551 secs] 3509103K->3114974K(8337536K), 0.0305443 secs] [Times: user=0.03 sys=0.00, real=0.03 secs] 
2024-10-09T21:49:03.017+0300: 725.850: Total time for which application threads were stopped: 0.0308935 seconds, Stopping threads took: 0.0002084 seconds
2024-10-09T21:49:03.205+0300: 726.032: Application time: 0.1820516 seconds
2024-10-09T21:49:03.205+0300: 726.033: [GC (Allocation Failure) 2024-10-09T21:49:03.205+0300: 726.033: [ParNew: 460096K->49184K(460096K), 0.0343609 secs] 3192913K->2813205K(8337536K), 0.0344512 secs] [Times: user=0.02 sys=0.00, real=0.03 secs] 
2024-10-09T21:49:03.237+0300: 726.067: Total time for which application threads were stopped: 0.0348136 seconds, Stopping threads took: 0.0002359 seconds
2024-10-09T21:49:03.425+0300: 726.265: Application time: 0.1977352 seconds
2024-10-09T21:49:03.425+0300: 726.265: [GC (Allocation Failure) 2024-10-09T21:49:03.425+0300: 726.265: [ParNew: 458208K->48662K(460096K), 0.0282797 secs] 2874895K->2480237K(8337536K), 0.0283853 secs] [Times: user=0.03 sys=0.00, real=0.03 secs] 
2024-10-09T21:49:03.456+0300: 726.294: Total time for which application threads were stopped: 0.0287567 seconds, Stopping threads took: 0.0002086 seconds
2024-10-09T21:49:03.660+0300: 726.487: Application time: 0.1934446 seconds
2024-10-09T21:49:03.660+0300: 726.487: [GC (Allocation Failure) 2024-10-09T21:49:03.660+0300: 726.487: [ParNew: 457686K->51072K(460096K), 0.0313264 secs] 2531679K->2143420K(8337536K), 0.0314132 secs] [Times: user=0.05 sys=0.00, real=0.03 secs] 
2024-10-09T21:49:03.691+0300: 726.519: Total time for which application threads were stopped: 0.0316972 seconds, Stopping threads took: 0.0001448 seconds
2024-10-09T21:49:03.896+0300: 726.728: Application time: 0.2090517 seconds
2024-10-09T21:49:03.896+0300: 726.728: [GC (Allocation Failure) 2024-10-09T21:49:03.896+0300: 726.728: [ParNew: 460096K->51072K(460096K), 0.0280227 secs] 2170804K->1779812K(8337536K), 0.0281148 secs] [Times: user=0.03 sys=0.00, real=0.03 secs] 
2024-10-09T21:49:03.927+0300: 726.756: Total time for which application threads were stopped: 0.0284658 seconds, Stopping threads took: 0.0002224 seconds
2024-10-09T21:49:04.116+0300: 726.943: Application time: 0.1864324 seconds
2024-10-09T21:49:04.116+0300: 726.943: [GC (Allocation Failure) 2024-10-09T21:49:04.116+0300: 726.943: [ParNew: 460096K->51072K(460096K), 0.0316032 secs] 1858813K->1471499K(8337536K), 0.0316824 secs] [Times: user=0.03 sys=0.00, real=0.03 secs] 
2024-10-09T21:49:04.147+0300: 726.975: Total time for which application threads were stopped: 0.0319525 seconds, Stopping threads took: 0.0001460 seconds
2024-10-09T21:49:04.335+0300: 727.170: Application time: 0.1953148 seconds
2024-10-09T21:49:04.335+0300: 727.170: [GC (Allocation Failure) 2024-10-09T21:49:04.335+0300: 727.170: [ParNew: 460096K->50513K(460096K), 0.0295103 secs] 1515460K->1130389K(8337536K), 0.0295976 secs] [Times: user=0.03 sys=0.00, real=0.03 secs] 
2024-10-09T21:49:04.367+0300: 727.200: Total time for which application threads were stopped: 0.0299258 seconds, Stopping threads took: 0.0002036 seconds
2024-10-09T21:49:04.581+0300: 727.406: Application time: 0.2065685 seconds
2024-10-09T21:49:04.581+0300: 727.407: [GC (Allocation Failure) 2024-10-09T21:49:04.581+0300: 727.407: [ParNew: 459537K->51072K(460096K), 0.0255482 secs] 1164071K->760894K(8337536K), 0.0256285 secs] [Times: user=0.03 sys=0.00, real=0.02 secs] 
2024-10-09T21:49:04.602+0300: 727.432: Total time for which application threads were stopped: 0.0258977 seconds, Stopping threads took: 0.0001536 seconds
2024-10-09T21:49:04.781+0300: 727.609: [CMS-concurrent-sweep: 3.856/4.429 secs] [Times: user=22.94 sys=0.08, real=4.43 secs] 
2024-10-09T21:49:04.781+0300: 727.609: [CMS-concurrent-reset-start]
2024-10-09T21:49:04.791+0300: 727.625: [CMS-concurrent-reset: 0.015/0.015 secs] [Times: user=0.09 sys=0.00, real=0.01 secs] 
2024-10-09T21:49:04.791+0300: 727.630: Application time: 0.1977963 seconds
2024-10-09T21:49:04.791+0300: 727.630: [GC (Allocation Failure) 2024-10-09T21:49:04.791+0300: 727.631: [ParNew: 460096K->51072K(460096K), 0.0363915 secs] 879005K->504981K(8337536K), 0.0364880 secs] [Times: user=0.14 sys=0.00, real=0.05 secs] 
2024-10-09T21:49:04.838+0300: 727.667: Total time for which application threads were stopped: 0.0368706 seconds, Stopping threads took: 0.0002387 seconds
2024-10-09T21:49:04.995+0300: 727.832: Application time: 0.1647717 seconds
2024-10-09T21:49:04.995+0300: 727.832: [GC (Allocation Failure) 2024-10-09T21:49:04.995+0300: 727.832: [ParNew: 460096K->51072K(460096K), 0.0326686 secs] 914005K->532181K(8337536K), 0.0327631 secs] [Times: user=0.03 sys=0.00, real=0.03 secs] 
2024-10-09T21:49:05.026+0300: 727.865: Total time for which application threads were stopped: 0.0330621 seconds, Stopping threads took: 0.0001579 seconds
2024-10-09T21:49:05.199+0300: 728.035: Application time: 0.1696939 seconds
2024-10-09T21:49:05.199+0300: 728.035: [GC (Allocation Failure) 2024-10-09T21:49:05.199+0300: 728.035: [ParNew: 460096K->51072K(460096K), 0.0256960 secs] 941205K->541635K(8337536K), 0.0257867 secs] [Times: user=0.03 sys=0.00, real=0.03 secs] 
2024-10-09T21:49:05.230+0300: 728.061: Total time for which application threads were stopped: 0.0260780 seconds, Stopping threads took: 0.0001673 seconds
2024-10-09T21:49:05.387+0300: 728.221: Application time: 0.1603362 seconds
2024-10-09T21:49:05.387+0300: 728.221: [GC (Allocation Failure) 2024-10-09T21:49:05.387+0300: 728.221: [ParNew: 460096K->51072K(460096K), 0.0308551 secs] 950659K->564369K(8337536K), 0.0309472 secs] [Times: user=0.03 sys=0.00, real=0.03 secs] 
2024-10-09T21:49:05.418+0300: 728.252: Total time for which application threads were stopped: 0.0312043 seconds, Stopping threads took: 0.0001388 seconds
2024-10-09T21:49:05.591+0300: 728.419: Application time: 0.1667397 seconds
2024-10-09T21:49:05.591+0300: 728.419: [GC (Allocation Failure) 2024-10-09T21:49:05.591+0300: 728.419: [ParNew: 460096K->51072K(460096K), 0.0263573 secs] 973393K->578825K(8337536K), 0.0264379 secs] [Times: user=0.05 sys=0.00, real=0.02 secs] 
2024-10-09T21:49:05.607+0300: 728.446: Total time for which application threads were stopped: 0.0266729 seconds, Stopping threads took: 0.0001130 seconds
2024-10-09T21:49:05.795+0300: 728.622: Application time: 0.1769014 seconds
2024-10-09T21:49:05.795+0300: 728.623: [GC (Allocation Failure) 2024-10-09T21:49:05.795+0300: 728.623: [ParNew: 460096K->51072K(460096K), 0.0325541 secs] 987849K->598766K(8337536K), 0.0326397 secs] [Times: user=0.05 sys=0.00, real=0.03 secs] 
2024-10-09T21:49:05.827+0300: 728.655: Total time for which application threads were stopped: 0.0329138 seconds, Stopping threads took: 0.0001511 seconds
2024-10-09T21:49:05.983+0300: 728.809: Application time: 0.1538281 seconds
2024-10-09T21:49:05.983+0300: 728.809: [GC (Allocation Failure) 2024-10-09T21:49:05.984+0300: 728.809: [ParNew: 460096K->48743K(460096K), 0.0302990 secs] 1007790K->622021K(8337536K), 0.0303991 secs] [Times: user=0.02 sys=0.00, real=0.02 secs] 
2024-10-09T21:49:05.999+0300: 728.840: Total time for which application threads were stopped: 0.0306599 seconds, Stopping threads took: 0.0001442 seconds
2024-10-09T21:49:06.172+0300: 729.007: Application time: 0.1674358 seconds
2024-10-09T21:49:06.172+0300: 729.008: [GC (Allocation Failure) 2024-10-09T21:49:06.172+0300: 729.008: [ParNew: 457767K->51072K(460096K), 0.0275122 secs] 1031045K->641656K(8337536K), 0.0275963 secs] [Times: user=0.03 sys=0.00, real=0.03 secs] 
2024-10-09T21:49:06.203+0300: 729.035: Total time for which application threads were stopped: 0.0278639 seconds, Stopping threads took: 0.0001446 seconds
2024-10-09T21:49:06.376+0300: 729.208: Application time: 0.1725502 seconds
2024-10-09T21:49:06.376+0300: 729.208: [GC (Allocation Failure) 2024-10-09T21:49:06.376+0300: 729.208: [ParNew: 460096K->51072K(460096K), 0.0284158 secs] 1050680K->655452K(8337536K), 0.0285079 secs] [Times: user=0.03 sys=0.00, real=0.03 secs] 
2024-10-09T21:49:06.407+0300: 729.237: Total time for which application threads were stopped: 0.0287810 seconds, Stopping threads took: 0.0001467 seconds
2024-10-09T21:49:06.564+0300: 729.391: Application time: 0.1543755 seconds
2024-10-09T21:49:06.564+0300: 729.391: [GC (Allocation Failure) 2024-10-09T21:49:06.564+0300: 729.391: [ParNew: 460096K->51072K(460096K), 0.0336515 secs] 1064476K->683068K(8337536K), 0.0337389 secs] [Times: user=0.03 sys=0.00, real=0.03 secs] 
2024-10-09T21:49:06.596+0300: 729.425: Total time for which application threads were stopped: 0.0339826 seconds, Stopping threads took: 0.0001263 seconds
2024-10-09T21:49:06.768+0300: 729.598: Application time: 0.1734419 seconds
2024-10-09T21:49:06.768+0300: 729.599: [GC (Allocation Failure) 2024-10-09T21:49:06.768+0300: 729.599: [ParNew: 460096K->51072K(460096K), 0.0258995 secs] 1092092K->694619K(8337536K), 0.0259841 secs] [Times: user=0.01 sys=0.00, real=0.02 secs] 
2024-10-09T21:49:06.785+0300: 729.625: Total time for which application threads were stopped: 0.0262349 seconds, Stopping threads took: 0.0001339 seconds
2024-10-09T21:49:06.972+0300: 729.800: Application time: 0.1757552 seconds
2024-10-09T21:49:06.972+0300: 729.801: [GC (Allocation Failure) 2024-10-09T21:49:06.972+0300: 729.801: [ParNew: 460096K->51072K(460096K), 0.0326324 secs] 1103643K->716113K(8337536K), 0.0327172 secs] [Times: user=0.02 sys=0.00, real=0.03 secs] 
2024-10-09T21:49:07.004+0300: 729.833: Total time for which application threads were stopped: 0.0329411 seconds, Stopping threads took: 0.0001077 seconds
2024-10-09T21:49:07.161+0300: 729.988: Application time: 0.1547303 seconds
2024-10-09T21:49:07.161+0300: 729.988: [GC (Allocation Failure) 2024-10-09T21:49:07.161+0300: 729.988: [ParNew: 460096K->51072K(460096K), 0.0307733 secs] 1125137K->742823K(8337536K), 0.0308688 secs] [Times: user=0.03 sys=0.00, real=0.03 secs] 
2024-10-09T21:49:07.193+0300: 730.019: Total time for which application threads were stopped: 0.0311695 seconds, Stopping threads took: 0.0001760 seconds
2024-10-09T21:49:07.349+0300: 730.185: Application time: 0.1661811 seconds
2024-10-09T21:49:07.349+0300: 730.186: [GC (Allocation Failure) 2024-10-09T21:49:07.349+0300: 730.186: [ParNew: 460096K->51072K(460096K), 0.0280758 secs] 1151847K->758831K(8337536K), 0.0281601 secs] [Times: user=0.05 sys=0.00, real=0.04 secs] 
2024-10-09T21:49:07.387+0300: 730.214: Total time for which application threads were stopped: 0.0284163 seconds, Stopping threads took: 0.0001352 seconds
2024-10-09T21:49:07.553+0300: 730.391: Application time: 0.1767879 seconds
2024-10-09T21:49:07.553+0300: 730.391: [GC (Allocation Failure) 2024-10-09T21:49:07.553+0300: 730.391: [ParNew: 460096K->51072K(460096K), 0.0344384 secs] 1167855K->786697K(8337536K), 0.0345187 secs] [Times: user=0.05 sys=0.00, real=0.03 secs] 
2024-10-09T21:49:07.587+0300: 730.425: Total time for which application threads were stopped: 0.0348164 seconds, Stopping threads took: 0.0001540 seconds
2024-10-09T21:49:07.757+0300: 730.591: Application time: 0.1656461 seconds
2024-10-09T21:49:07.757+0300: 730.591: [GC (Allocation Failure) 2024-10-09T21:49:07.757+0300: 730.591: [ParNew: 460096K->51072K(460096K), 0.0322528 secs] 1195721K->812823K(8337536K), 0.0323471 secs] [Times: user=0.03 sys=0.00, real=0.03 secs] 
2024-10-09T21:49:07.788+0300: 730.624: Total time for which application threads were stopped: 0.0326149 seconds, Stopping threads took: 0.0001479 seconds
2024-10-09T21:49:07.961+0300: 730.788: Application time: 0.1638598 seconds
2024-10-09T21:49:07.961+0300: 730.788: [GC (Allocation Failure) 2024-10-09T21:49:07.961+0300: 730.788: [ParNew: 460096K->48784K(460096K), 0.0262398 secs] 1221847K->825921K(8337536K), 0.0263254 secs] [Times: user=0.02 sys=0.00, real=0.03 secs] 
2024-10-09T21:49:07.988+0300: 730.814: Total time for which application threads were stopped: 0.0265819 seconds, Stopping threads took: 0.0001390 seconds
2024-10-09T21:49:08.150+0300: 730.988: Application time: 0.1738769 seconds
2024-10-09T21:49:08.150+0300: 730.988: [GC (Allocation Failure) 2024-10-09T21:49:08.150+0300: 730.988: [ParNew: 457808K->46709K(460096K), 0.0318869 secs] 1234945K->848401K(8337536K), 0.0319795 secs] [Times: user=0.03 sys=0.00, real=0.04 secs] 
2024-10-09T21:49:08.188+0300: 731.020: Total time for which application threads were stopped: 0.0322482 seconds, Stopping threads took: 0.0001522 seconds
2024-10-09T21:49:08.338+0300: 731.179: Application time: 0.1584193 seconds
2024-10-09T21:49:08.338+0300: 731.179: [GC (Allocation Failure) 2024-10-09T21:49:08.338+0300: 731.179: [ParNew: 455733K->51072K(460096K), 0.0259075 secs] 1257425K->861373K(8337536K), 0.0260083 secs] [Times: user=0.03 sys=0.00, real=0.03 secs] 
2024-10-09T21:49:08.370+0300: 731.205: Total time for which application threads were stopped: 0.0262803 seconds, Stopping threads took: 0.0001444 seconds
2024-10-09T21:49:08.527+0300: 731.364: Application time: 0.1591090 seconds
2024-10-09T21:49:08.527+0300: 731.364: [GC (Allocation Failure) 2024-10-09T21:49:08.527+0300: 731.364: [ParNew: 460096K->48066K(460096K), 0.0313619 secs] 1270397K->887261K(8337536K), 0.0314463 secs] [Times: user=0.03 sys=0.00, real=0.03 secs] 
2024-10-09T21:49:08.558+0300: 731.396: Total time for which application threads were stopped: 0.0316806 seconds, Stopping threads took: 0.0001207 seconds
2024-10-09T21:49:08.746+0300: 731.576: Application time: 0.1798099 seconds
2024-10-09T21:49:08.746+0300: 731.576: [GC (Allocation Failure) 2024-10-09T21:49:08.746+0300: 731.576: [ParNew: 457090K->51072K(460096K), 0.0273412 secs] 1296285K->903792K(8337536K), 0.0274325 secs] [Times: user=0.17 sys=0.00, real=0.03 secs] 
2024-10-09T21:49:08.777+0300: 731.604: Total time for which application threads were stopped: 0.0280840 seconds, Stopping threads took: 0.0005220 seconds
2024-10-09T21:49:08.934+0300: 731.763: Application time: 0.1589942 seconds
2024-10-09T21:49:08.934+0300: 731.763: [GC (Allocation Failure) 2024-10-09T21:49:08.934+0300: 731.763: [ParNew: 460096K->51072K(460096K), 0.0268897 secs] 1312816K->916378K(8337536K), 0.0269737 secs] [Times: user=0.02 sys=0.00, real=0.02 secs] 
2024-10-09T21:49:08.950+0300: 731.790: Total time for which application threads were stopped: 0.0272347 seconds, Stopping threads took: 0.0001433 seconds
2024-10-09T21:49:09.107+0300: 731.948: Application time: 0.1579460 seconds
2024-10-09T21:49:09.107+0300: 731.948: [GC (Allocation Failure) 2024-10-09T21:49:09.107+0300: 731.948: [ParNew: 460096K->45875K(460096K), 0.0287534 secs] 1325402K->933938K(8337536K), 0.0288312 secs] [Times: user=0.03 sys=0.00, real=0.03 secs] 
2024-10-09T21:49:09.138+0300: 731.977: Total time for which application threads were stopped: 0.0290656 seconds, Stopping threads took: 0.0001172 seconds
2024-10-09T21:49:09.311+0300: 732.148: Application time: 0.1709349 seconds
2024-10-09T21:49:09.311+0300: 732.148: [GC (Allocation Failure) 2024-10-09T21:49:09.311+0300: 732.148: [ParNew: 454899K->51072K(460096K), 0.0278974 secs] 1342962K->953212K(8337536K), 0.0279884 secs] [Times: user=0.03 sys=0.00, real=0.03 secs] 
2024-10-09T21:49:09.342+0300: 732.176: Total time for which application threads were stopped: 0.0282983 seconds, Stopping threads took: 0.0001880 seconds
2024-10-09T21:49:09.499+0300: 732.332: Application time: 0.1561760 seconds
2024-10-09T21:49:09.499+0300: 732.333: [GC (Allocation Failure) 2024-10-09T21:49:09.499+0300: 732.333: [ParNew: 460096K->51072K(460096K), 0.0302576 secs] 1362236K->972545K(8337536K), 0.0303474 secs] [Times: user=0.03 sys=0.00, real=0.03 secs] 
2024-10-09T21:49:09.530+0300: 732.363: Total time for which application threads were stopped: 0.0306358 seconds, Stopping threads took: 0.0001715 seconds
2024-10-09T21:49:09.692+0300: 732.526: Application time: 0.1629960 seconds
2024-10-09T21:49:09.692+0300: 732.526: [GC (Allocation Failure) 2024-10-09T21:49:09.692+0300: 732.526: [ParNew: 460096K->51072K(460096K), 0.0278543 secs] 1381569K->990987K(8337536K), 0.0279489 secs] [Times: user=0.06 sys=0.00, real=0.03 secs] 
2024-10-09T21:49:09.719+0300: 732.554: Total time for which application threads were stopped: 0.0282062 seconds, Stopping threads took: 0.0001251 seconds
2024-10-09T21:49:09.892+0300: 732.729: Application time: 0.1745768 seconds
2024-10-09T21:49:09.892+0300: 732.729: [GC (Allocation Failure) 2024-10-09T21:49:09.892+0300: 732.729: [ParNew: 460096K->42494K(460096K), 0.0317828 secs] 1400011K->1005369K(8337536K), 0.0318824 secs] [Times: user=0.03 sys=0.00, real=0.03 secs] 
2024-10-09T21:49:09.923+0300: 732.761: Total time for which application threads were stopped: 0.0321606 seconds, Stopping threads took: 0.0001559 seconds
2024-10-09T21:49:10.092+0300: 732.921: Application time: 0.1598403 seconds
2024-10-09T21:49:10.092+0300: 732.921: [GC (Allocation Failure) 2024-10-09T21:49:10.092+0300: 732.921: [ParNew: 451518K->51072K(460096K), 0.0279652 secs] 1414393K->1027941K(8337536K), 0.0280471 secs] [Times: user=0.02 sys=0.00, real=0.02 secs] 
2024-10-09T21:49:10.112+0300: 732.949: Total time for which application threads were stopped: 0.0283001 seconds, Stopping threads took: 0.0001378 seconds
2024-10-09T21:49:10.268+0300: 733.107: Application time: 0.1580260 seconds
2024-10-09T21:49:10.268+0300: 733.107: [GC (Allocation Failure) 2024-10-09T21:49:10.268+0300: 733.107: [ParNew: 460096K->51072K(460096K), 0.0282136 secs] 1436965K->1046697K(8337536K), 0.0283029 secs] [Times: user=0.03 sys=0.00, real=0.03 secs] 
2024-10-09T21:49:10.300+0300: 733.136: Total time for which application threads were stopped: 0.0285533 seconds, Stopping threads took: 0.0001280 seconds
2024-10-09T21:49:10.472+0300: 733.306: Application time: 0.1703684 seconds
2024-10-09T21:49:10.472+0300: 733.306: [GC (Allocation Failure) 2024-10-09T21:49:10.472+0300: 733.306: [ParNew: 460096K->51072K(460096K), 0.0275496 secs] 1455721K->1064461K(8337536K), 0.0276382 secs] [Times: user=0.03 sys=0.00, real=0.03 secs] 
2024-10-09T21:49:10.504+0300: 733.334: Total time for which application threads were stopped: 0.0278987 seconds, Stopping threads took: 0.0001370 seconds
2024-10-09T21:49:10.661+0300: 733.502: Application time: 0.1678173 seconds
2024-10-09T21:49:10.661+0300: 733.502: [GC (Allocation Failure) 2024-10-09T21:49:10.661+0300: 733.502: [ParNew: 460096K->51072K(460096K), 0.0286685 secs] 1473485K->1070672K(8337536K), 0.0287548 secs] [Times: user=0.05 sys=0.00, real=0.03 secs] 
2024-10-09T21:49:10.694+0300: 733.531: Total time for which application threads were stopped: 0.0290739 seconds, Stopping threads took: 0.0001894 seconds
2024-10-09T21:49:10.849+0300: 733.690: Application time: 0.1592719 seconds
2024-10-09T21:49:10.849+0300: 733.690: [GC (Allocation Failure) 2024-10-09T21:49:10.849+0300: 733.690: [ParNew: 460096K->51072K(460096K), 0.0364983 secs] 1479696K->1106742K(8337536K), 0.0365817 secs] [Times: user=0.05 sys=0.00, real=0.05 secs] 
2024-10-09T21:49:10.897+0300: 733.727: Total time for which application threads were stopped: 0.0368332 seconds, Stopping threads took: 0.0001301 seconds
2024-10-09T21:49:11.069+0300: 733.895: Application time: 0.1685858 seconds
2024-10-09T21:49:11.069+0300: 733.896: [GC (Allocation Failure) 2024-10-09T21:49:11.069+0300: 733.896: [ParNew: 460096K->40198K(460096K), 0.0283072 secs] 1515766K->1116586K(8337536K), 0.0283949 secs] [Times: user=0.06 sys=0.00, real=0.03 secs] 
2024-10-09T21:49:11.095+0300: 733.924: Total time for which application threads were stopped: 0.0286438 seconds, Stopping threads took: 0.0001305 seconds
2024-10-09T21:49:11.273+0300: 734.101: Application time: 0.1771213 seconds
2024-10-09T21:49:11.273+0300: 734.101: [GC (Allocation Failure) 2024-10-09T21:49:11.273+0300: 734.101: [ParNew: 449222K->51072K(460096K), 0.0268253 secs] 1525610K->1136428K(8337536K), 0.0269067 secs] [Times: user=0.03 sys=0.00, real=0.02 secs] 
2024-10-09T21:49:11.295+0300: 734.128: Total time for which application threads were stopped: 0.0271600 seconds, Stopping threads took: 0.0001422 seconds
2024-10-09T21:49:11.445+0300: 734.285: Application time: 0.1561931 seconds
2024-10-09T21:49:11.445+0300: 734.285: [GC (Allocation Failure) 2024-10-09T21:49:11.445+0300: 734.285: [ParNew: 460096K->51072K(460096K), 0.0320223 secs] 1545452K->1163873K(8337536K), 0.0321077 secs] [Times: user=0.03 sys=0.00, real=0.03 secs] 
2024-10-09T21:49:11.477+0300: 734.317: Total time for which application threads were stopped: 0.0323688 seconds, Stopping threads took: 0.0001437 seconds
2024-10-09T21:49:11.649+0300: 734.484: Application time: 0.1669521 seconds
2024-10-09T21:49:11.649+0300: 734.484: [GC (Allocation Failure) 2024-10-09T21:49:11.649+0300: 734.484: [ParNew: 460096K->44948K(460096K), 0.0299346 secs] 1572897K->1182268K(8337536K), 0.0300370 secs] [Times: user=0.08 sys=0.00, real=0.03 secs] 
2024-10-09T21:49:11.681+0300: 734.514: Total time for which application threads were stopped: 0.0302981 seconds, Stopping threads took: 0.0001113 seconds
2024-10-09T21:49:11.853+0300: 734.689: Application time: 0.1744798 seconds
2024-10-09T21:49:11.853+0300: 734.689: [GC (Allocation Failure) 2024-10-09T21:49:11.853+0300: 734.689: [ParNew: 453972K->51072K(460096K), 0.0255834 secs] 1591292K->1193147K(8337536K), 0.0256863 secs] [Times: user=0.05 sys=0.00, real=0.03 secs] 
2024-10-09T21:49:11.885+0300: 734.715: Total time for which application threads were stopped: 0.0259557 seconds, Stopping threads took: 0.0001468 seconds
2024-10-09T21:49:12.026+0300: 734.867: Application time: 0.1523195 seconds
2024-10-09T21:49:12.026+0300: 734.867: [GC (Allocation Failure) 2024-10-09T21:49:12.026+0300: 734.867: [ParNew: 460096K->51072K(460096K), 0.0339881 secs] 1602171K->1223136K(8337536K), 0.0340721 secs] [Times: user=0.05 sys=0.00, real=0.05 secs] 
2024-10-09T21:49:12.073+0300: 734.901: Total time for which application threads were stopped: 0.0343549 seconds, Stopping threads took: 0.0001666 seconds
2024-10-09T21:49:12.230+0300: 735.067: Application time: 0.1654759 seconds
2024-10-09T21:49:12.230+0300: 735.067: [GC (Allocation Failure) 2024-10-09T21:49:12.230+0300: 735.067: [ParNew: 460096K->51072K(460096K), 0.0294256 secs] 1632160K->1247421K(8337536K), 0.0295073 secs] [Times: user=0.03 sys=0.00, real=0.03 secs] 
2024-10-09T21:49:12.261+0300: 735.097: Total time for which application threads were stopped: 0.0297499 seconds, Stopping threads took: 0.0001218 seconds
2024-10-09T21:49:12.435+0300: 735.267: Application time: 0.1706597 seconds
2024-10-09T21:49:12.435+0300: 735.267: [GC (Allocation Failure) 2024-10-09T21:49:12.435+0300: 735.267: [ParNew: 460096K->51072K(460096K), 0.0286905 secs] 1656445K->1258288K(8337536K), 0.0287747 secs] [Times: user=0.03 sys=0.00, real=0.03 secs] 
2024-10-09T21:49:12.466+0300: 735.296: Total time for which application threads were stopped: 0.0290157 seconds, Stopping threads took: 0.0001278 seconds
2024-10-09T21:49:12.607+0300: 735.447: Application time: 0.1507097 seconds
2024-10-09T21:49:12.607+0300: 735.447: [GC (Allocation Failure) 2024-10-09T21:49:12.607+0300: 735.447: [ParNew: 460096K->51072K(460096K), 0.0324846 secs] 1667312K->1283861K(8337536K), 0.0325701 secs] [Times: user=0.03 sys=0.00, real=0.03 secs] 
2024-10-09T21:49:12.639+0300: 735.480: Total time for which application threads were stopped: 0.0328542 seconds, Stopping threads took: 0.0001544 seconds
2024-10-09T21:49:12.811+0300: 735.652: Application time: 0.1726408 seconds
2024-10-09T21:49:12.827+0300: 735.653: [GC (Allocation Failure) 2024-10-09T21:49:12.827+0300: 735.653: [ParNew: 460096K->48736K(460096K), 0.0318132 secs] 1692885K->1310419K(8337536K), 0.0319081 secs] [Times: user=0.00 sys=0.00, real=0.03 secs] 
2024-10-09T21:49:12.858+0300: 735.685: Total time for which application threads were stopped: 0.0322871 seconds, Stopping threads took: 0.0002419 seconds
2024-10-09T21:49:13.015+0300: 735.856: Application time: 0.1710791 seconds
2024-10-09T21:49:13.015+0300: 735.856: [GC (Allocation Failure) 2024-10-09T21:49:13.015+0300: 735.856: [ParNew: 457760K->51072K(460096K), 0.0276451 secs] 1719443K->1323225K(8337536K), 0.0277684 secs] [Times: user=0.03 sys=0.00, real=0.03 secs] 
2024-10-09T21:49:13.047+0300: 735.884: Total time for which application threads were stopped: 0.0281010 seconds, Stopping threads took: 0.0001694 seconds
2024-10-09T21:49:13.204+0300: 736.038: Application time: 0.1542333 seconds
2024-10-09T21:49:13.204+0300: 736.038: [GC (Allocation Failure) 2024-10-09T21:49:13.204+0300: 736.038: [ParNew: 460096K->51072K(460096K), 0.0269409 secs] 1732249K->1338004K(8337536K), 0.0270240 secs] [Times: user=0.03 sys=0.00, real=0.03 secs] 
2024-10-09T21:49:13.235+0300: 736.065: Total time for which application threads were stopped: 0.0272920 seconds, Stopping threads took: 0.0001579 seconds
2024-10-09T21:49:13.400+0300: 736.233: Application time: 0.1672443 seconds
2024-10-09T21:49:13.400+0300: 736.233: [GC (Allocation Failure) 2024-10-09T21:49:13.400+0300: 736.233: [ParNew: 460096K->49793K(460096K), 0.0350679 secs] 1747028K->1370167K(8337536K), 0.0351598 secs] [Times: user=0.06 sys=0.00, real=0.04 secs] 
2024-10-09T21:49:13.439+0300: 736.268: Total time for which application threads were stopped: 0.0354417 seconds, Stopping threads took: 0.0001578 seconds
2024-10-09T21:49:13.612+0300: 736.440: Application time: 0.1716009 seconds
2024-10-09T21:49:13.612+0300: 736.440: [GC (Allocation Failure) 2024-10-09T21:49:13.612+0300: 736.440: [ParNew: 458817K->51072K(460096K), 0.0265027 secs] 1779191K->1383725K(8337536K), 0.0265890 secs] [Times: user=0.02 sys=0.00, real=0.02 secs] 
2024-10-09T21:49:13.628+0300: 736.467: Total time for which application threads were stopped: 0.0268518 seconds, Stopping threads took: 0.0001454 seconds
2024-10-09T21:49:13.800+0300: 736.633: Application time: 0.1664910 seconds
2024-10-09T21:49:13.800+0300: 736.633: [GC (Allocation Failure) 2024-10-09T21:49:13.800+0300: 736.633: [ParNew: 460096K->51072K(460096K), 0.0275776 secs] 1792749K->1399752K(8337536K), 0.0276643 secs] [Times: user=0.03 sys=0.00, real=0.03 secs] 
2024-10-09T21:49:13.832+0300: 736.661: Total time for which application threads were stopped: 0.0279415 seconds, Stopping threads took: 0.0001579 seconds
2024-10-09T21:49:14.004+0300: 736.833: Application time: 0.1722495 seconds
2024-10-09T21:49:14.004+0300: 736.833: [GC (Allocation Failure) 2024-10-09T21:49:14.004+0300: 736.834: [ParNew: 460096K->51072K(460096K), 0.0325155 secs] 1808776K->1427248K(8337536K), 0.0326032 secs] [Times: user=0.03 sys=0.00, real=0.03 secs] 
2024-10-09T21:49:14.036+0300: 736.866: Total time for which application threads were stopped: 0.0328433 seconds, Stopping threads took: 0.0001249 seconds
2024-10-09T21:49:14.205+0300: 737.031: Application time: 0.1648222 seconds
2024-10-09T21:49:14.205+0300: 737.031: [GC (Allocation Failure) 2024-10-09T21:49:14.205+0300: 737.031: [ParNew: 460096K->51072K(460096K), 0.0282811 secs] 1836272K->1440920K(8337536K), 0.0283693 secs] [Times: user=0.03 sys=0.00, real=0.02 secs] 
2024-10-09T21:49:14.224+0300: 737.060: Total time for which application threads were stopped: 0.0286206 seconds, Stopping threads took: 0.0001085 seconds
2024-10-09T21:49:14.381+0300: 737.216: Application time: 0.1560075 seconds
2024-10-09T21:49:14.381+0300: 737.216: [GC (Allocation Failure) 2024-10-09T21:49:14.381+0300: 737.216: [ParNew: 460096K->51072K(460096K), 0.0362598 secs] 1849944K->1470780K(8337536K), 0.0363611 secs] [Times: user=0.08 sys=0.00, real=0.03 secs] 
2024-10-09T21:49:14.412+0300: 737.252: Total time for which application threads were stopped: 0.0366812 seconds, Stopping threads took: 0.0001943 seconds
2024-10-09T21:49:14.600+0300: 737.426: Application time: 0.1739210 seconds
2024-10-09T21:49:14.600+0300: 737.426: [GC (Allocation Failure) 2024-10-09T21:49:14.600+0300: 737.426: [ParNew: 460096K->44356K(460096K), 0.0310848 secs] 1879804K->1496430K(8337536K), 0.0311803 secs] [Times: user=0.03 sys=0.00, real=0.02 secs] 
2024-10-09T21:49:14.616+0300: 737.458: Total time for which application threads were stopped: 0.0314259 seconds, Stopping threads took: 0.0001168 seconds
2024-10-09T21:49:14.632+0300: 737.466: Application time: 0.0088202 seconds
2024-10-09T21:49:14.632+0300: 737.467: Total time for which application threads were stopped: 0.0001664 seconds, Stopping threads took: 0.0001084 seconds
2024-10-09T21:49:14.663+0300: 737.492: Application time: 0.0254958 seconds
2024-10-09T21:49:14.663+0300: 737.492: Total time for which application threads were stopped: 0.0001482 seconds, Stopping threads took: 0.0000841 seconds
2024-10-09T21:49:14.663+0300: 737.495: Application time: 0.0029467 seconds
2024-10-09T21:49:14.663+0300: 737.495: Total time for which application threads were stopped: 0.0000923 seconds, Stopping threads took: 0.0000510 seconds
2024-10-09T21:49:14.773+0300: 737.608: Application time: 0.1125187 seconds
2024-10-09T21:49:14.773+0300: 737.608: Total time for which application threads were stopped: 0.0004649 seconds, Stopping threads took: 0.0004006 seconds
2024-10-09T21:49:14.903+0300: 737.738: Application time: 0.1296648 seconds
2024-10-09T21:49:14.903+0300: 737.738: [GC (Allocation Failure) 2024-10-09T21:49:14.903+0300: 737.738: [ParNew: 453380K->51072K(460096K), 0.0244996 secs] 1905454K->1506375K(8337536K), 0.0245741 secs] [Times: user=0.03 sys=0.00, real=0.03 secs] 
2024-10-09T21:49:14.930+0300: 737.763: Total time for which application threads were stopped: 0.0248136 seconds, Stopping threads took: 0.0001275 seconds
2024-10-09T21:49:15.071+0300: 737.904: Application time: 0.1408635 seconds
2024-10-09T21:49:15.071+0300: 737.904: [GC (Allocation Failure) 2024-10-09T21:49:15.071+0300: 737.904: [ParNew: 460096K->51072K(460096K), 0.0354581 secs] 1915399K->1535297K(8337536K), 0.0355438 secs] [Times: user=0.03 sys=0.00, real=0.03 secs] 
2024-10-09T21:49:15.103+0300: 737.939: Total time for which application threads were stopped: 0.0358024 seconds, Stopping threads took: 0.0001482 seconds
2024-10-09T21:49:15.276+0300: 738.114: Application time: 0.1741956 seconds
2024-10-09T21:49:15.276+0300: 738.114: [GC (Allocation Failure) 2024-10-09T21:49:15.276+0300: 738.114: [ParNew: 460096K->37382K(460096K), 0.0303521 secs] 1944321K->1555518K(8337536K), 0.0304469 secs] [Times: user=0.03 sys=0.00, real=0.03 secs] 
2024-10-09T21:49:15.307+0300: 738.144: Total time for which application threads were stopped: 0.0307004 seconds, Stopping threads took: 0.0001218 seconds
2024-10-09T21:49:15.495+0300: 738.325: Application time: 0.1806066 seconds
2024-10-09T21:49:15.495+0300: 738.325: [GC (Allocation Failure) 2024-10-09T21:49:15.495+0300: 738.325: [ParNew: 446406K->51072K(460096K), 0.0247577 secs] 1964542K->1570921K(8337536K), 0.0248385 secs] [Times: user=0.03 sys=0.00, real=0.02 secs] 
2024-10-09T21:49:15.511+0300: 738.350: Total time for which application threads were stopped: 0.0251193 seconds, Stopping threads took: 0.0001595 seconds
2024-10-09T21:49:15.668+0300: 738.497: Application time: 0.1469911 seconds
2024-10-09T21:49:15.668+0300: 738.497: [GC (Allocation Failure) 2024-10-09T21:49:15.668+0300: 738.497: [ParNew: 460096K->51072K(460096K), 0.0382008 secs] 1979945K->1590186K(8337536K), 0.0382825 secs] [Times: user=0.17 sys=0.00, real=0.04 secs] 
2024-10-09T21:49:15.704+0300: 738.536: Total time for which application threads were stopped: 0.0385584 seconds, Stopping threads took: 0.0001453 seconds
2024-10-09T21:49:15.873+0300: 738.701: Application time: 0.1652188 seconds
2024-10-09T21:49:15.873+0300: 738.701: [GC (Allocation Failure) 2024-10-09T21:49:15.873+0300: 738.701: [ParNew: 460096K->40907K(460096K), 0.0284808 secs] 1999210K->1608529K(8337536K), 0.0285773 secs] [Times: user=0.02 sys=0.00, real=0.02 secs] 
2024-10-09T21:49:15.888+0300: 738.730: Total time for which application threads were stopped: 0.0287884 seconds, Stopping threads took: 0.0000946 seconds
2024-10-09T21:49:16.077+0300: 738.909: Application time: 0.1790219 seconds
2024-10-09T21:49:16.077+0300: 738.909: [GC (Allocation Failure) 2024-10-09T21:49:16.077+0300: 738.909: [ParNew: 449931K->51072K(460096K), 0.0260871 secs] 2017553K->1621116K(8337536K), 0.0261669 secs] [Times: user=0.03 sys=0.00, real=0.03 secs] 
2024-10-09T21:49:16.108+0300: 738.935: Total time for which application threads were stopped: 0.0264295 seconds, Stopping threads took: 0.0001462 seconds
2024-10-09T21:49:16.250+0300: 739.088: Application time: 0.1525502 seconds
2024-10-09T21:49:16.250+0300: 739.088: [GC (Allocation Failure) 2024-10-09T21:49:16.250+0300: 739.088: [ParNew: 460096K->51072K(460096K), 0.0352071 secs] 2030140K->1647607K(8337536K), 0.0352923 secs] [Times: user=0.05 sys=0.00, real=0.05 secs] 
2024-10-09T21:49:16.296+0300: 739.123: Total time for which application threads were stopped: 0.0355665 seconds, Stopping threads took: 0.0001556 seconds
2024-10-09T21:49:16.438+0300: 739.276: Application time: 0.1530428 seconds
2024-10-09T21:49:16.438+0300: 739.277: [GC (Allocation Failure) 2024-10-09T21:49:16.438+0300: 739.277: [ParNew: 460096K->49121K(460096K), 0.0292281 secs] 2056631K->1673381K(8337536K), 0.0293225 secs] [Times: user=0.03 sys=0.00, real=0.03 secs] 
2024-10-09T21:49:16.469+0300: 739.306: Total time for which application threads were stopped: 0.0296395 seconds, Stopping threads took: 0.0001641 seconds
2024-10-09T21:49:16.642+0300: 739.478: Application time: 0.1723346 seconds
2024-10-09T21:49:16.642+0300: 739.478: [GC (Allocation Failure) 2024-10-09T21:49:16.642+0300: 739.479: [ParNew: 458145K->51072K(460096K), 0.0236156 secs] 2082405K->1677677K(8337536K), 0.0237057 secs] [Times: user=0.03 sys=0.00, real=0.03 secs] 
2024-10-09T21:49:16.673+0300: 739.502: Total time for which application threads were stopped: 0.0239592 seconds, Stopping threads took: 0.0001319 seconds
2024-10-09T21:49:16.830+0300: 739.665: Application time: 0.1630751 seconds
2024-10-09T21:49:16.830+0300: 739.666: [GC (Allocation Failure) 2024-10-09T21:49:16.830+0300: 739.666: [ParNew: 460096K->51072K(460096K), 0.0330192 secs] 2086701K->1698376K(8337536K), 0.0331158 secs] [Times: user=0.06 sys=0.00, real=0.03 secs] 
2024-10-09T21:49:16.862+0300: 739.699: Total time for which application threads were stopped: 0.0334251 seconds, Stopping threads took: 0.0001738 seconds
2024-10-09T21:49:17.019+0300: 739.857: Application time: 0.1577907 seconds
2024-10-09T21:49:17.019+0300: 739.857: [GC (Allocation Failure) 2024-10-09T21:49:17.019+0300: 739.857: [ParNew: 460096K->48565K(460096K), 0.0309870 secs] 2107400K->1726669K(8337536K), 0.0310720 secs] [Times: user=0.03 sys=0.00, real=0.03 secs] 
2024-10-09T21:49:17.050+0300: 739.888: Total time for which application threads were stopped: 0.0313162 seconds, Stopping threads took: 0.0001224 seconds
2024-10-09T21:49:17.223+0300: 740.062: Application time: 0.1744439 seconds
2024-10-09T21:49:17.223+0300: 740.063: [GC (Allocation Failure) 2024-10-09T21:49:17.223+0300: 740.063: [ParNew: 457589K->51072K(460096K), 0.0256239 secs] 2135693K->1732584K(8337536K), 0.0257037 secs] [Times: user=0.03 sys=0.00, real=0.03 secs] 
2024-10-09T21:49:17.254+0300: 740.088: Total time for which application threads were stopped: 0.0259898 seconds, Stopping threads took: 0.0001694 seconds
2024-10-09T21:49:17.411+0300: 740.242: Application time: 0.1532430 seconds
2024-10-09T21:49:17.411+0300: 740.242: [GC (Allocation Failure) 2024-10-09T21:49:17.411+0300: 740.242: [ParNew: 460096K->51072K(460096K), 0.0366838 secs] 2141608K->1761496K(8337536K), 0.0367709 secs] [Times: user=0.03 sys=0.00, real=0.03 secs] 
2024-10-09T21:49:17.442+0300: 740.279: Total time for which application threads were stopped: 0.0370115 seconds, Stopping threads took: 0.0001289 seconds
2024-10-09T21:49:17.608+0300: 740.435: Application time: 0.1565487 seconds
2024-10-09T21:49:17.608+0300: 740.435: [GC (Allocation Failure) 2024-10-09T21:49:17.608+0300: 740.435: [ParNew: 460096K->47459K(460096K), 0.0318141 secs] 2170520K->1786766K(8337536K), 0.0319043 secs] [Times: user=0.01 sys=0.00, real=0.02 secs] 
2024-10-09T21:49:17.631+0300: 740.467: Total time for which application threads were stopped: 0.0321568 seconds, Stopping threads took: 0.0001246 seconds
2024-10-09T21:49:17.818+0300: 740.648: Application time: 0.1808959 seconds
2024-10-09T21:49:17.818+0300: 740.648: [GC (Allocation Failure) 2024-10-09T21:49:17.818+0300: 740.648: [ParNew: 456483K->51072K(460096K), 0.0264044 secs] 2195790K->1800898K(8337536K), 0.0264935 secs] [Times: user=0.02 sys=0.00, real=0.02 secs] 
2024-10-09T21:49:17.834+0300: 740.675: Total time for which application threads were stopped: 0.0267953 seconds, Stopping threads took: 0.0001624 seconds
2024-10-09T21:49:17.991+0300: 740.828: Application time: 0.1529353 seconds
2024-10-09T21:49:17.991+0300: 740.828: [GC (Allocation Failure) 2024-10-09T21:49:17.991+0300: 740.828: [ParNew: 460096K->51072K(460096K), 0.0253118 secs] 2209922K->1809380K(8337536K), 0.0254003 secs] [Times: user=0.03 sys=0.00, real=0.03 secs] 
2024-10-09T21:49:18.023+0300: 740.854: Total time for which application threads were stopped: 0.0257090 seconds, Stopping threads took: 0.0001844 seconds
2024-10-09T21:49:18.179+0300: 741.012: Application time: 0.1585487 seconds
2024-10-09T21:49:18.179+0300: 741.012: [GC (Allocation Failure) 2024-10-09T21:49:18.179+0300: 741.012: [ParNew: 460096K->51072K(460096K), 0.0307933 secs] 2218404K->1837088K(8337536K), 0.0308822 secs] [Times: user=0.05 sys=0.00, real=0.03 secs] 
2024-10-09T21:49:18.211+0300: 741.043: Total time for which application threads were stopped: 0.0311382 seconds, Stopping threads took: 0.0001392 seconds
2024-10-09T21:49:18.383+0300: 741.218: Application time: 0.1742281 seconds
2024-10-09T21:49:18.383+0300: 741.218: [GC (Allocation Failure) 2024-10-09T21:49:18.383+0300: 741.218: [ParNew: 460096K->51072K(460096K), 0.0294891 secs] 2246112K->1855148K(8337536K), 0.0295816 secs] [Times: user=0.03 sys=0.00, real=0.03 secs] 
2024-10-09T21:49:18.415+0300: 741.247: Total time for which application threads were stopped: 0.0298174 seconds, Stopping threads took: 0.0001141 seconds
2024-10-09T21:49:18.572+0300: 741.405: Application time: 0.1580190 seconds
2024-10-09T21:49:18.572+0300: 741.406: [GC (Allocation Failure) 2024-10-09T21:49:18.572+0300: 741.406: [ParNew: 460096K->51072K(460096K), 0.0279986 secs] 2264172K->1866286K(8337536K), 0.0280907 secs] [Times: user=0.03 sys=0.00, real=0.03 secs] 
2024-10-09T21:49:18.603+0300: 741.434: Total time for which application threads were stopped: 0.0283707 seconds, Stopping threads took: 0.0001638 seconds
2024-10-09T21:49:18.760+0300: 741.595: Application time: 0.1615720 seconds
2024-10-09T21:49:18.760+0300: 741.596: [GC (Allocation Failure) 2024-10-09T21:49:18.760+0300: 741.596: [ParNew: 460096K->51072K(460096K), 0.0290792 secs] 2275310K->1890673K(8337536K), 0.0291730 secs] [Times: user=0.03 sys=0.00, real=0.03 secs] 
2024-10-09T21:49:18.792+0300: 741.625: Total time for which application threads were stopped: 0.0294387 seconds, Stopping threads took: 0.0001411 seconds
2024-10-09T21:49:18.965+0300: 741.799: Application time: 0.1746346 seconds
2024-10-09T21:49:18.965+0300: 741.800: [GC (Allocation Failure) 2024-10-09T21:49:18.965+0300: 741.800: [ParNew: 460096K->44352K(460096K), 0.0278147 secs] 2299697K->1901255K(8337536K), 0.0279066 secs] [Times: user=0.03 sys=0.00, real=0.03 secs] 
2024-10-09T21:49:18.996+0300: 741.828: Total time for which application threads were stopped: 0.0281619 seconds, Stopping threads took: 0.0001325 seconds
2024-10-09T21:49:19.153+0300: 741.989: Application time: 0.1618251 seconds
2024-10-09T21:49:19.153+0300: 741.990: [GC (Allocation Failure) 2024-10-09T21:49:19.153+0300: 741.990: [ParNew: 453376K->51072K(460096K), 0.0269169 secs] 2310279K->1916335K(8337536K), 0.0270041 secs] [Times: user=0.03 sys=0.00, real=0.03 secs] 
2024-10-09T21:49:19.184+0300: 742.017: Total time for which application threads were stopped: 0.0272637 seconds, Stopping threads took: 0.0001444 seconds
2024-10-09T21:49:19.341+0300: 742.168: Application time: 0.1516776 seconds
2024-10-09T21:49:19.341+0300: 742.168: [GC (Allocation Failure) 2024-10-09T21:49:19.341+0300: 742.169: [ParNew: 460096K->47504K(460096K), 0.0289048 secs] 2325359K->1935158K(8337536K), 0.0289842 secs] [Times: user=0.03 sys=0.00, real=0.03 secs] 
2024-10-09T21:49:19.371+0300: 742.198: Total time for which application threads were stopped: 0.0292055 seconds, Stopping threads took: 0.0001088 seconds
2024-10-09T21:49:19.528+0300: 742.369: Application time: 0.1713077 seconds
2024-10-09T21:49:19.528+0300: 742.369: [GC (Allocation Failure) 2024-10-09T21:49:19.528+0300: 742.369: [ParNew: 456528K->48300K(460096K), 0.0275227 secs] 2344182K->1953998K(8337536K), 0.0276156 secs] [Times: user=0.03 sys=0.00, real=0.03 secs] 
2024-10-09T21:49:19.560+0300: 742.397: Total time for which application threads were stopped: 0.0278621 seconds, Stopping threads took: 0.0001217 seconds
2024-10-09T21:49:19.732+0300: 742.572: Application time: 0.1753080 seconds
2024-10-09T21:49:19.732+0300: 742.572: [GC (Allocation Failure) 2024-10-09T21:49:19.732+0300: 742.572: [ParNew: 457324K->51072K(460096K), 0.0263797 secs] 2363022K->1961471K(8337536K), 0.0264635 secs] [Times: user=0.03 sys=0.00, real=0.03 secs] 
2024-10-09T21:49:19.764+0300: 742.599: Total time for which application threads were stopped: 0.0267290 seconds, Stopping threads took: 0.0001261 seconds
2024-10-09T21:49:19.921+0300: 742.747: Application time: 0.1484998 seconds
2024-10-09T21:49:19.921+0300: 742.747: [GC (Allocation Failure) 2024-10-09T21:49:19.921+0300: 742.747: [ParNew: 460096K->50684K(460096K), 0.0304991 secs] 2370495K->1985766K(8337536K), 0.0305860 secs] [Times: user=0.03 sys=0.00, real=0.03 secs] 
2024-10-09T21:49:19.952+0300: 742.778: Total time for which application threads were stopped: 0.0308406 seconds, Stopping threads took: 0.0001367 seconds
2024-10-09T21:49:20.114+0300: 742.949: Application time: 0.1706815 seconds
2024-10-09T21:49:20.114+0300: 742.949: [GC (Allocation Failure) 2024-10-09T21:49:20.114+0300: 742.949: [ParNew: 459708K->40378K(460096K), 0.0288335 secs] 2394790K->1998755K(8337536K), 0.0289204 secs] [Times: user=0.03 sys=0.00, real=0.03 secs] 
2024-10-09T21:49:20.141+0300: 742.978: Total time for which application threads were stopped: 0.0291408 seconds, Stopping threads took: 0.0000998 seconds
2024-10-09T21:49:20.315+0300: 743.150: Application time: 0.1716254 seconds
2024-10-09T21:49:20.315+0300: 743.150: [GC (Allocation Failure) 2024-10-09T21:49:20.315+0300: 743.150: [ParNew: 449402K->51072K(460096K), 0.0266561 secs] 2407779K->2015825K(8337536K), 0.0267403 secs] [Times: user=0.03 sys=0.00, real=0.03 secs] 
2024-10-09T21:49:20.345+0300: 743.177: Total time for which application threads were stopped: 0.0270265 seconds, Stopping threads took: 0.0001657 seconds
2024-10-09T21:49:20.501+0300: 743.329: Application time: 0.1521352 seconds
2024-10-09T21:49:20.501+0300: 743.329: [GC (Allocation Failure) 2024-10-09T21:49:20.501+0300: 743.329: [ParNew: 460096K->51072K(460096K), 0.0291394 secs] 2424849K->2036535K(8337536K), 0.0292241 secs] [Times: user=0.02 sys=0.00, real=0.02 secs] 
2024-10-09T21:49:20.518+0300: 743.358: Total time for which application threads were stopped: 0.0295012 seconds, Stopping threads took: 0.0001628 seconds
2024-10-09T21:49:20.690+0300: 743.527: Application time: 0.1685497 seconds
2024-10-09T21:49:20.690+0300: 743.527: [GC (Allocation Failure) 2024-10-09T21:49:20.690+0300: 743.527: [ParNew: 460096K->51072K(460096K), 0.0292318 secs] 2445559K->2056884K(8337536K), 0.0293274 secs] [Times: user=0.02 sys=0.00, real=0.03 secs] 
2024-10-09T21:49:20.722+0300: 743.556: Total time for which application threads were stopped: 0.0296327 seconds, Stopping threads took: 0.0001522 seconds
2024-10-09T21:49:20.894+0300: 743.728: Application time: 0.1714808 seconds
2024-10-09T21:49:20.894+0300: 743.728: [GC (Allocation Failure) 2024-10-09T21:49:20.894+0300: 743.728: [ParNew: 460096K->51072K(460096K), 0.0260310 secs] 2465908K->2064956K(8337536K), 0.0261228 secs] [Times: user=0.03 sys=0.00, real=0.03 secs] 
2024-10-09T21:49:20.925+0300: 743.754: Total time for which application threads were stopped: 0.0264290 seconds, Stopping threads took: 0.0001512 seconds
2024-10-09T21:49:21.066+0300: 743.907: Application time: 0.1528961 seconds
2024-10-09T21:49:21.066+0300: 743.907: [GC (Allocation Failure) 2024-10-09T21:49:21.066+0300: 743.907: [ParNew: 460096K->51072K(460096K), 0.0291761 secs] 2473980K->2085014K(8337536K), 0.0292669 secs] [Times: user=0.03 sys=0.00, real=0.03 secs] 
2024-10-09T21:49:21.098+0300: 743.937: Total time for which application threads were stopped: 0.0295376 seconds, Stopping threads took: 0.0001533 seconds
2024-10-09T21:49:21.270+0300: 744.100: Application time: 0.1629313 seconds
2024-10-09T21:49:21.270+0300: 744.100: [GC (Allocation Failure) 2024-10-09T21:49:21.270+0300: 744.102: [ParNew: 460096K->51072K(460096K), 0.0292222 secs] 2494038K->2108317K(8337536K), 0.0315021 secs] [Times: user=0.02 sys=0.00, real=0.03 secs] 
2024-10-09T21:49:21.302+0300: 744.131: Total time for which application threads were stopped: 0.0317556 seconds, Stopping threads took: 0.0001324 seconds
2024-10-09T21:49:21.474+0300: 744.301: Application time: 0.1696566 seconds
2024-10-09T21:49:21.474+0300: 744.301: [GC (Allocation Failure) 2024-10-09T21:49:21.474+0300: 744.301: [ParNew: 460096K->51072K(460096K), 0.0270232 secs] 2517341K->2118159K(8337536K), 0.0271052 secs] [Times: user=0.02 sys=0.00, real=0.02 secs] 
2024-10-09T21:49:21.490+0300: 744.328: Total time for which application threads were stopped: 0.0273589 seconds, Stopping threads took: 0.0001338 seconds
2024-10-09T21:49:21.647+0300: 744.483: Application time: 0.1541151 seconds
2024-10-09T21:49:21.647+0300: 744.483: [GC (Allocation Failure) 2024-10-09T21:49:21.647+0300: 744.483: [ParNew: 460096K->51072K(460096K), 0.0266809 secs] 2527183K->2128944K(8337536K), 0.0267743 secs] [Times: user=0.03 sys=0.00, real=0.03 secs] 
2024-10-09T21:49:21.678+0300: 744.510: Total time for which application threads were stopped: 0.0270581 seconds, Stopping threads took: 0.0001624 seconds
2024-10-09T21:49:21.835+0300: 744.674: Application time: 0.1644956 seconds
2024-10-09T21:49:21.835+0300: 744.674: [GC (Allocation Failure) 2024-10-09T21:49:21.835+0300: 744.674: [ParNew: 460096K->51072K(460096K), 0.0295299 secs] 2537968K->2151325K(8337536K), 0.0296194 secs] [Times: user=0.05 sys=0.00, real=0.03 secs] 
2024-10-09T21:49:21.867+0300: 744.704: Total time for which application threads were stopped: 0.0299249 seconds, Stopping threads took: 0.0001772 seconds
2024-10-09T21:49:22.039+0300: 744.872: Application time: 0.1679534 seconds
2024-10-09T21:49:22.039+0300: 744.872: [GC (Allocation Failure) 2024-10-09T21:49:22.039+0300: 744.872: [ParNew: 460096K->51072K(460096K), 0.0279151 secs] 2560349K->2167330K(8337536K), 0.0280079 secs] [Times: user=0.06 sys=0.00, real=0.03 secs] 
2024-10-09T21:49:22.071+0300: 744.900: Total time for which application threads were stopped: 0.0283255 seconds, Stopping threads took: 0.0001955 seconds
2024-10-09T21:49:22.228+0300: 745.063: Application time: 0.1626278 seconds
2024-10-09T21:49:22.228+0300: 745.063: [GC (Allocation Failure) 2024-10-09T21:49:22.228+0300: 745.063: [ParNew: 460096K->51072K(460096K), 0.0307484 secs] 2576354K->2187875K(8337536K), 0.0308377 secs] [Times: user=0.03 sys=0.00, real=0.03 secs] 
2024-10-09T21:49:22.259+0300: 745.094: Total time for which application threads were stopped: 0.0311227 seconds, Stopping threads took: 0.0001694 seconds
2024-10-09T21:49:22.419+0300: 745.254: Application time: 0.1597727 seconds
2024-10-09T21:49:22.419+0300: 745.254: [GC (Allocation Failure) 2024-10-09T21:49:22.419+0300: 745.254: [ParNew: 460096K->51072K(460096K), 0.0270648 secs] 2596899K->2202945K(8337536K), 0.0271584 secs] [Times: user=0.03 sys=0.00, real=0.03 secs] 
2024-10-09T21:49:22.448+0300: 745.281: Total time for which application threads were stopped: 0.0274882 seconds, Stopping threads took: 0.0002101 seconds
2024-10-09T21:49:22.604+0300: 745.443: Application time: 0.1613343 seconds
2024-10-09T21:49:22.604+0300: 745.443: [GC (Allocation Failure) 2024-10-09T21:49:22.604+0300: 745.443: [ParNew: 460096K->51072K(460096K), 0.0281831 secs] 2611969K->2220408K(8337536K), 0.0282667 secs] [Times: user=0.03 sys=0.00, real=0.03 secs] 
2024-10-09T21:49:22.636+0300: 745.471: Total time for which application threads were stopped: 0.0285667 seconds, Stopping threads took: 0.0001737 seconds
2024-10-09T21:49:22.808+0300: 745.641: Application time: 0.1697228 seconds
2024-10-09T21:49:22.808+0300: 745.641: [GC (Allocation Failure) 2024-10-09T21:49:22.808+0300: 745.641: [ParNew: 460096K->51072K(460096K), 0.0268734 secs] 2629432K->2234939K(8337536K), 0.0269617 secs] [Times: user=0.03 sys=0.00, real=0.03 secs] 
2024-10-09T21:49:22.840+0300: 745.668: Total time for which application threads were stopped: 0.0272520 seconds, Stopping threads took: 0.0001664 seconds
2024-10-09T21:49:22.997+0300: 745.829: Application time: 0.1607076 seconds
2024-10-09T21:49:22.997+0300: 745.829: [GC (Allocation Failure) 2024-10-09T21:49:22.997+0300: 745.829: [ParNew: 460096K->51072K(460096K), 0.0280810 secs] 2643963K->2248279K(8337536K), 0.0281643 secs] [Times: user=0.03 sys=0.00, real=0.03 secs] 
2024-10-09T21:49:23.028+0300: 745.857: Total time for which application threads were stopped: 0.0284513 seconds, Stopping threads took: 0.0001711 seconds
2024-10-09T21:49:23.185+0300: 746.020: Application time: 0.1627280 seconds
2024-10-09T21:49:23.185+0300: 746.020: [GC (Allocation Failure) 2024-10-09T21:49:23.185+0300: 746.020: [ParNew: 460096K->51072K(460096K), 0.0343305 secs] 2657303K->2274938K(8337536K), 0.0344259 secs] [Times: user=0.03 sys=0.00, real=0.04 secs] 
2024-10-09T21:49:23.221+0300: 746.055: Total time for which application threads were stopped: 0.0347270 seconds, Stopping threads took: 0.0001696 seconds
2024-10-09T21:49:23.389+0300: 746.219: Application time: 0.1641714 seconds
2024-10-09T21:49:23.389+0300: 746.219: [GC (Allocation Failure) 2024-10-09T21:49:23.389+0300: 746.219: [ParNew: 460096K->49471K(460096K), 0.0299592 secs] 2683962K->2296031K(8337536K), 0.0300472 secs] [Times: user=0.01 sys=0.00, real=0.03 secs] 
2024-10-09T21:49:23.421+0300: 746.249: Total time for which application threads were stopped: 0.0303125 seconds, Stopping threads took: 0.0001481 seconds
2024-10-09T21:49:23.578+0300: 746.414: Application time: 0.1647979 seconds
2024-10-09T21:49:23.578+0300: 746.414: [GC (Allocation Failure) 2024-10-09T21:49:23.578+0300: 746.414: [ParNew: 458495K->51072K(460096K), 0.0282174 secs] 2705055K->2311783K(8337536K), 0.0283044 secs] [Times: user=0.03 sys=0.00, real=0.03 secs] 
2024-10-09T21:49:23.609+0300: 746.443: Total time for which application threads were stopped: 0.0285379 seconds, Stopping threads took: 0.0001190 seconds
2024-10-09T21:49:23.782+0300: 746.612: Application time: 0.1694974 seconds
2024-10-09T21:49:23.782+0300: 746.612: [GC (Allocation Failure) 2024-10-09T21:49:23.782+0300: 746.612: [ParNew: 460096K->51072K(460096K), 0.0310945 secs] 2720807K->2334642K(8337536K), 0.0311924 secs] [Times: user=0.03 sys=0.00, real=0.03 secs] 
2024-10-09T21:49:23.813+0300: 746.644: Total time for which application threads were stopped: 0.0314742 seconds, Stopping threads took: 0.0001389 seconds
2024-10-09T21:49:23.955+0300: 746.792: Application time: 0.1485810 seconds
2024-10-09T21:49:23.955+0300: 746.793: [GC (Allocation Failure) 2024-10-09T21:49:23.955+0300: 746.793: [ParNew: 460096K->47853K(460096K), 0.0313730 secs] 2743666K->2356241K(8337536K), 0.0314591 secs] [Times: user=0.03 sys=0.00, real=0.03 secs] 
2024-10-09T21:49:23.986+0300: 746.824: Total time for which application threads were stopped: 0.0317497 seconds, Stopping threads took: 0.0001709 seconds
2024-10-09T21:49:24.159+0300: 746.990: Application time: 0.1664812 seconds
2024-10-09T21:49:24.159+0300: 746.991: [GC (Allocation Failure) 2024-10-09T21:49:24.159+0300: 746.991: [ParNew: 456877K->51072K(460096K), 0.0273218 secs] 2765265K->2375748K(8337536K), 0.0274088 secs] [Times: user=0.03 sys=0.00, real=0.03 secs] 
2024-10-09T21:49:24.190+0300: 747.018: Total time for which application threads were stopped: 0.0276822 seconds, Stopping threads took: 0.0001550 seconds
2024-10-09T21:49:24.347+0300: 747.182: Application time: 0.1633289 seconds
2024-10-09T21:49:24.347+0300: 747.182: [GC (Allocation Failure) 2024-10-09T21:49:24.347+0300: 747.182: [ParNew: 460096K->51072K(460096K), 0.0310230 secs] 2784772K->2395637K(8337536K), 0.0311084 secs] [Times: user=0.03 sys=0.00, real=0.03 secs] 
2024-10-09T21:49:24.378+0300: 747.213: Total time for which application threads were stopped: 0.0313951 seconds, Stopping threads took: 0.0001683 seconds
2024-10-09T21:49:24.535+0300: 747.363: Application time: 0.1498372 seconds
2024-10-09T21:49:24.535+0300: 747.363: [GC (Allocation Failure) 2024-10-09T21:49:24.535+0300: 747.363: [ParNew: 460096K->51072K(460096K), 0.0299269 secs] 2804661K->2416137K(8337536K), 0.0300032 secs] [Times: user=0.03 sys=0.00, real=0.03 secs] 
2024-10-09T21:49:24.567+0300: 747.393: Total time for which application threads were stopped: 0.0302529 seconds, Stopping threads took: 0.0001336 seconds
2024-10-09T21:49:24.739+0300: 747.567: Application time: 0.1735725 seconds
2024-10-09T21:49:24.739+0300: 747.567: [GC (Allocation Failure) 2024-10-09T21:49:24.739+0300: 747.567: [ParNew: 460096K->47460K(460096K), 0.0317729 secs] 2825161K->2436776K(8337536K), 0.0318607 secs] [Times: user=0.03 sys=0.00, real=0.03 secs] 
2024-10-09T21:49:24.771+0300: 747.599: Total time for which application threads were stopped: 0.0321179 seconds, Stopping threads took: 0.0001334 seconds
2024-10-09T21:49:24.928+0300: 747.766: Application time: 0.1678021 seconds
2024-10-09T21:49:24.928+0300: 747.767: [GC (Allocation Failure) 2024-10-09T21:49:24.928+0300: 747.767: [ParNew: 456484K->51072K(460096K), 0.0290842 secs] 2845800K->2457334K(8337536K), 0.0291729 secs] [Times: user=0.03 sys=0.00, real=0.03 secs] 
2024-10-09T21:49:24.959+0300: 747.796: Total time for which application threads were stopped: 0.0294202 seconds, Stopping threads took: 0.0001247 seconds
2024-10-09T21:49:25.116+0300: 747.949: Application time: 0.1531819 seconds
2024-10-09T21:49:25.116+0300: 747.949: [GC (Allocation Failure) 2024-10-09T21:49:25.116+0300: 747.949: [ParNew: 460096K->51072K(460096K), 0.0301672 secs] 2866358K->2477517K(8337536K), 0.0302519 secs] [Times: user=0.03 sys=0.00, real=0.03 secs] 
2024-10-09T21:49:25.148+0300: 747.980: Total time for which application threads were stopped: 0.0305258 seconds, Stopping threads took: 0.0001596 seconds
2024-10-09T21:49:25.319+0300: 748.147: Application time: 0.1673259 seconds
2024-10-09T21:49:25.319+0300: 748.147: [GC (Allocation Failure) 2024-10-09T21:49:25.319+0300: 748.147: [ParNew: 460096K->49333K(460096K), 0.0284409 secs] 2886541K->2495220K(8337536K), 0.0285255 secs] [Times: user=0.02 sys=0.00, real=0.02 secs] 
2024-10-09T21:49:25.335+0300: 748.176: Total time for which application threads were stopped: 0.0287939 seconds, Stopping threads took: 0.0001465 seconds
2024-10-09T21:49:25.508+0300: 748.344: Application time: 0.1684594 seconds
2024-10-09T21:49:25.508+0300: 748.344: [GC (Allocation Failure) 2024-10-09T21:49:25.508+0300: 748.345: [ParNew: 458357K->51072K(460096K), 0.0282872 secs] 2904244K->2512049K(8337536K), 0.0283917 secs] [Times: user=0.06 sys=0.00, real=0.03 secs] 
2024-10-09T21:49:25.540+0300: 748.373: Total time for which application threads were stopped: 0.0286869 seconds, Stopping threads took: 0.0001647 seconds
2024-10-09T21:49:25.697+0300: 748.537: Application time: 0.1637927 seconds
2024-10-09T21:49:25.697+0300: 748.537: [GC (Allocation Failure) 2024-10-09T21:49:25.697+0300: 748.537: [ParNew: 460096K->51072K(460096K), 0.0291739 secs] 2921073K->2528156K(8337536K), 0.0292645 secs] [Times: user=0.03 sys=0.00, real=0.03 secs] 
2024-10-09T21:49:25.728+0300: 748.566: Total time for which application threads were stopped: 0.0295583 seconds, Stopping threads took: 0.0001416 seconds
2024-10-09T21:49:25.901+0300: 748.727: Application time: 0.1608294 seconds
2024-10-09T21:49:25.901+0300: 748.727: [GC (Allocation Failure) 2024-10-09T21:49:25.901+0300: 748.727: [ParNew: 460096K->51072K(460096K), 0.0298615 secs] 2937180K->2549550K(8337536K), 0.0299503 secs] [Times: user=0.03 sys=0.00, real=0.03 secs] 
2024-10-09T21:49:25.927+0300: 748.757: Total time for which application threads were stopped: 0.0301869 seconds, Stopping threads took: 0.0001121 seconds
2024-10-09T21:49:26.090+0300: 748.922: Application time: 0.1650173 seconds
2024-10-09T21:49:26.090+0300: 748.923: [GC (Allocation Failure) 2024-10-09T21:49:26.090+0300: 748.923: [ParNew: 460096K->51072K(460096K), 0.0294910 secs] 2958574K->2568817K(8337536K), 0.0295786 secs] [Times: user=0.03 sys=0.00, real=0.03 secs] 
2024-10-09T21:49:26.121+0300: 748.952: Total time for which application threads were stopped: 0.0298192 seconds, Stopping threads took: 0.0001216 seconds
2024-10-09T21:49:26.278+0300: 749.116: Application time: 0.1637300 seconds
2024-10-09T21:49:26.278+0300: 749.116: [GC (Allocation Failure) 2024-10-09T21:49:26.278+0300: 749.116: [ParNew: 460096K->51072K(460096K), 0.0281349 secs] 2977841K->2583888K(8337536K), 0.0282267 secs] [Times: user=0.03 sys=0.00, real=0.03 secs] 
2024-10-09T21:49:26.309+0300: 749.144: Total time for which application threads were stopped: 0.0284869 seconds, Stopping threads took: 0.0001361 seconds
2024-10-09T21:49:26.466+0300: 749.307: Application time: 0.1624118 seconds
2024-10-09T21:49:26.466+0300: 749.307: [GC (Allocation Failure) 2024-10-09T21:49:26.466+0300: 749.307: [ParNew: 460096K->51072K(460096K), 0.0288544 secs] 2992912K->2599896K(8337536K), 0.0289438 secs] [Times: user=0.03 sys=0.00, real=0.03 secs] 
2024-10-09T21:49:26.498+0300: 749.336: Total time for which application threads were stopped: 0.0292255 seconds, Stopping threads took: 0.0001576 seconds
2024-10-09T21:49:26.655+0300: 749.496: Application time: 0.1596177 seconds
2024-10-09T21:49:26.655+0300: 749.496: [GC (Allocation Failure) 2024-10-09T21:49:26.655+0300: 749.496: [ParNew: 460096K->51072K(460096K), 0.0292528 secs] 3008920K->2617701K(8337536K), 0.0293530 secs] [Times: user=0.12 sys=0.00, real=0.03 secs] 
2024-10-09T21:49:26.686+0300: 749.525: Total time for which application threads were stopped: 0.0296845 seconds, Stopping threads took: 0.0001797 seconds
2024-10-09T21:49:26.859+0300: 749.697: Application time: 0.1713908 seconds
2024-10-09T21:49:26.859+0300: 749.697: [GC (Allocation Failure) 2024-10-09T21:49:26.859+0300: 749.697: [ParNew: 460096K->49575K(460096K), 0.0316123 secs] 3026725K->2641412K(8337536K), 0.0317001 secs] [Times: user=0.03 sys=0.00, real=0.03 secs] 
2024-10-09T21:49:26.890+0300: 749.729: Total time for which application threads were stopped: 0.0319609 seconds, Stopping threads took: 0.0001368 seconds
2024-10-09T21:49:27.063+0300: 749.891: Application time: 0.1618816 seconds
2024-10-09T21:49:27.063+0300: 749.891: [GC (Allocation Failure) 2024-10-09T21:49:27.063+0300: 749.891: [ParNew: 458599K->51072K(460096K), 0.0291447 secs] 3050436K->2656989K(8337536K), 0.0292275 secs] [Times: user=0.02 sys=0.00, real=0.02 secs] 
2024-10-09T21:49:27.079+0300: 749.920: Total time for which application threads were stopped: 0.0294662 seconds, Stopping threads took: 0.0001253 seconds
2024-10-09T21:49:27.236+0300: 750.072: Application time: 0.1524917 seconds
2024-10-09T21:49:27.236+0300: 750.073: [GC (Allocation Failure) 2024-10-09T21:49:27.236+0300: 750.073: [ParNew: 460096K->47676K(460096K), 0.0319980 secs] 3066013K->2678504K(8337536K), 0.0320905 secs] [Times: user=0.06 sys=0.00, real=0.03 secs] 
2024-10-09T21:49:27.267+0300: 750.105: Total time for which application threads were stopped: 0.0324132 seconds, Stopping threads took: 0.0001968 seconds
2024-10-09T21:49:27.440+0300: 750.273: Application time: 0.1680377 seconds
2024-10-09T21:49:27.440+0300: 750.273: [GC (Allocation Failure) 2024-10-09T21:49:27.440+0300: 750.273: [ParNew: 456700K->51072K(460096K), 0.0270315 secs] 3087528K->2699459K(8337536K), 0.0271250 secs] [Times: user=0.03 sys=0.00, real=0.03 secs] 
2024-10-09T21:49:27.471+0300: 750.300: Total time for which application threads were stopped: 0.0273910 seconds, Stopping threads took: 0.0001444 seconds
2024-10-09T21:49:27.644+0300: 750.471: Application time: 0.1705070 seconds
2024-10-09T21:49:27.644+0300: 750.471: [GC (Allocation Failure) 2024-10-09T21:49:27.644+0300: 750.471: [ParNew: 460096K->51072K(460096K), 0.0310672 secs] 3108483K->2713750K(8337536K), 0.0311503 secs] [Times: user=0.02 sys=0.00, real=0.03 secs] 
2024-10-09T21:49:27.675+0300: 750.502: Total time for which application threads were stopped: 0.0313904 seconds, Stopping threads took: 0.0001272 seconds
2024-10-09T21:49:27.816+0300: 750.656: Application time: 0.1542159 seconds
2024-10-09T21:49:27.831+0300: 750.657: [GC (Allocation Failure) 2024-10-09T21:49:27.831+0300: 750.657: [ParNew: 460096K->49549K(460096K), 0.0296346 secs] 3122774K->2734326K(8337536K), 0.0297254 secs] [Times: user=0.02 sys=0.00, real=0.02 secs] 
2024-10-09T21:49:27.848+0300: 750.687: Total time for which application threads were stopped: 0.0301097 seconds, Stopping threads took: 0.0002031 seconds
2024-10-09T21:49:28.020+0300: 750.850: Application time: 0.1635091 seconds
2024-10-09T21:49:28.020+0300: 750.850: [GC (Allocation Failure) 2024-10-09T21:49:28.020+0300: 750.850: [ParNew: 458573K->51072K(460096K), 0.0315151 secs] 3143350K->2761442K(8337536K), 0.0316029 secs] [Times: user=0.02 sys=0.00, real=0.03 secs] 
2024-10-09T21:49:28.052+0300: 750.882: Total time for which application threads were stopped: 0.0318529 seconds, Stopping threads took: 0.0001345 seconds
2024-10-09T21:49:28.224+0300: 751.056: Application time: 0.1739833 seconds
2024-10-09T21:49:28.224+0300: 751.056: [GC (Allocation Failure) 2024-10-09T21:49:28.224+0300: 751.056: [ParNew: 460096K->51072K(460096K), 0.0294165 secs] 3170466K->2774371K(8337536K), 0.0295079 secs] [Times: user=0.03 sys=0.00, real=0.03 secs] 
2024-10-09T21:49:28.256+0300: 751.086: Total time for which application threads were stopped: 0.0297617 seconds, Stopping threads took: 0.0001343 seconds
2024-10-09T21:49:28.398+0300: 751.236: Application time: 0.1499295 seconds
2024-10-09T21:49:28.398+0300: 751.236: [GC (Allocation Failure) 2024-10-09T21:49:28.398+0300: 751.236: [ParNew: 460096K->51072K(460096K), 0.0328874 secs] 3183395K->2799176K(8337536K), 0.0329739 secs] [Times: user=0.05 sys=0.00, real=0.03 secs] 
2024-10-09T21:49:28.432+0300: 751.269: Total time for which application threads were stopped: 0.0332315 seconds, Stopping threads took: 0.0001347 seconds
2024-10-09T21:49:28.586+0300: 751.426: Application time: 0.1571542 seconds
2024-10-09T21:49:28.586+0300: 751.426: [GC (Allocation Failure) 2024-10-09T21:49:28.586+0300: 751.426: [ParNew: 460096K->49223K(460096K), 0.0287295 secs] 3208200K->2820914K(8337536K), 0.0288105 secs] [Times: user=0.03 sys=0.00, real=0.03 secs] 
2024-10-09T21:49:28.617+0300: 751.455: Total time for which application threads were stopped: 0.0290305 seconds, Stopping threads took: 0.0001100 seconds
2024-10-09T21:49:28.805+0300: 751.635: Application time: 0.1804190 seconds
2024-10-09T21:49:28.805+0300: 751.636: [GC (Allocation Failure) 2024-10-09T21:49:28.805+0300: 751.636: [ParNew: 458247K->51072K(460096K), 0.0278347 secs] 3229938K->2831231K(8337536K), 0.0279249 secs] [Times: user=0.06 sys=0.00, real=0.03 secs] 
2024-10-09T21:49:28.837+0300: 751.664: Total time for which application threads were stopped: 0.0282168 seconds, Stopping threads took: 0.0001624 seconds
2024-10-09T21:49:28.978+0300: 751.816: Application time: 0.1525873 seconds
2024-10-09T21:49:28.978+0300: 751.817: [GC (Allocation Failure) 2024-10-09T21:49:28.978+0300: 751.817: [ParNew: 460096K->51072K(460096K), 0.0307596 secs] 3240255K->2850433K(8337536K), 0.0308534 secs] [Times: user=0.03 sys=0.00, real=0.03 secs] 
2024-10-09T21:49:29.009+0300: 751.847: Total time for which application threads were stopped: 0.0311228 seconds, Stopping threads took: 0.0001449 seconds
2024-10-09T21:49:29.166+0300: 752.005: Application time: 0.1578487 seconds
2024-10-09T21:49:29.166+0300: 752.006: [GC (Allocation Failure) 2024-10-09T21:49:29.166+0300: 752.006: [ParNew: 460096K->45963K(460096K), 0.0301795 secs] 3259457K->2873618K(8337536K), 0.0302638 secs] [Times: user=0.03 sys=0.00, real=0.03 secs] 
2024-10-09T21:49:29.198+0300: 752.036: Total time for which application threads were stopped: 0.0305450 seconds, Stopping threads took: 0.0001592 seconds
2024-10-09T21:49:29.386+0300: 752.213: Application time: 0.1771381 seconds
2024-10-09T21:49:29.386+0300: 752.213: [GC (Allocation Failure) 2024-10-09T21:49:29.386+0300: 752.213: [ParNew: 454987K->51072K(460096K), 0.0252255 secs] 3282642K->2881769K(8337536K), 0.0253070 secs] [Times: user=0.01 sys=0.00, real=0.02 secs] 
2024-10-09T21:49:29.402+0300: 752.239: Total time for which application threads were stopped: 0.0255557 seconds, Stopping threads took: 0.0001339 seconds
2024-10-09T21:49:29.559+0300: 752.391: Application time: 0.1521066 seconds
2024-10-09T21:49:29.559+0300: 752.391: [GC (Allocation Failure) 2024-10-09T21:49:29.559+0300: 752.391: [ParNew: 460096K->51072K(460096K), 0.0351536 secs] 3290793K->2906718K(8337536K), 0.0352445 secs] [Times: user=0.03 sys=0.00, real=0.03 secs] 
2024-10-09T21:49:29.590+0300: 752.426: Total time for which application threads were stopped: 0.0355092 seconds, Stopping threads took: 0.0001423 seconds
2024-10-09T21:49:29.747+0300: 752.586: Application time: 0.1595232 seconds
2024-10-09T21:49:29.747+0300: 752.586: [GC (Allocation Failure) 2024-10-09T21:49:29.747+0300: 752.586: [ParNew: 460096K->47524K(460096K), 0.0353945 secs] 3315742K->2939891K(8337536K), 0.0354801 secs] [Times: user=0.03 sys=0.00, real=0.05 secs] 
2024-10-09T21:49:29.795+0300: 752.621: Total time for which application threads were stopped: 0.0358303 seconds, Stopping threads took: 0.0002029 seconds
2024-10-09T21:49:29.967+0300: 752.798: Application time: 0.1767759 seconds
2024-10-09T21:49:29.967+0300: 752.799: [GC (Allocation Failure) 2024-10-09T21:49:29.967+0300: 752.799: [ParNew: 456548K->51072K(460096K), 0.0277596 secs] 3348915K->2949174K(8337536K), 0.0278485 secs] [Times: user=0.03 sys=0.00, real=0.03 secs] 
2024-10-09T21:49:29.998+0300: 752.826: Total time for which application threads were stopped: 0.0281578 seconds, Stopping threads took: 0.0001829 seconds
2024-10-09T21:49:30.156+0300: 752.988: Application time: 0.1614667 seconds
2024-10-09T21:49:30.156+0300: 752.988: [GC (Allocation Failure) 2024-10-09T21:49:30.156+0300: 752.988: [ParNew: 460096K->51072K(460096K), 0.0343106 secs] 3358198K->2969726K(8337536K), 0.0344121 secs] [Times: user=0.03 sys=0.00, real=0.03 secs] 
2024-10-09T21:49:30.187+0300: 753.023: Total time for which application threads were stopped: 0.0347055 seconds, Stopping threads took: 0.0001711 seconds
2024-10-09T21:49:30.344+0300: 753.171: Application time: 0.1486209 seconds
2024-10-09T21:49:30.344+0300: 753.171: [GC (Allocation Failure) 2024-10-09T21:49:30.344+0300: 753.171: [ParNew: 460096K->44591K(460096K), 0.0325237 secs] 3378750K->2994414K(8337536K), 0.0326121 secs] [Times: user=0.02 sys=0.00, real=0.03 secs] 
2024-10-09T21:49:30.375+0300: 753.204: Total time for which application threads were stopped: 0.0328761 seconds, Stopping threads took: 0.0001454 seconds
2024-10-09T21:49:30.548+0300: 753.376: Application time: 0.1718796 seconds
2024-10-09T21:49:30.548+0300: 753.376: [GC (Allocation Failure) 2024-10-09T21:49:30.548+0300: 753.376: [ParNew: 453615K->51072K(460096K), 0.0244035 secs] 3403438K->3003791K(8337536K), 0.0244780 secs] [Times: user=0.02 sys=0.00, real=0.02 secs] 
2024-10-09T21:49:30.564+0300: 753.401: Total time for which application threads were stopped: 0.0246976 seconds, Stopping threads took: 0.0001118 seconds
2024-10-09T21:49:30.738+0300: 753.570: Application time: 0.1697006 seconds
2024-10-09T21:49:30.738+0300: 753.571: [GC (Allocation Failure) 2024-10-09T21:49:30.738+0300: 753.571: [ParNew: 460096K->51072K(460096K), 0.0334174 secs] 3412815K->3021733K(8337536K), 0.0335225 secs] [Times: user=0.03 sys=0.00, real=0.03 secs] 
2024-10-09T21:49:30.768+0300: 753.604: Total time for which application threads were stopped: 0.0338471 seconds, Stopping threads took: 0.0001731 seconds
2024-10-09T21:49:30.909+0300: 753.748: Application time: 0.1434343 seconds
2024-10-09T21:49:30.909+0300: 753.748: [GC (Allocation Failure) 2024-10-09T21:49:30.909+0300: 753.748: [ParNew: 460096K->51072K(460096K), 0.0347761 secs] 3430757K->3052666K(8337536K), 0.0348622 secs] [Times: user=0.05 sys=0.00, real=0.05 secs] 
2024-10-09T21:49:30.956+0300: 753.783: Total time for which application threads were stopped: 0.0351239 seconds, Stopping threads took: 0.0001431 seconds
2024-10-09T21:49:31.128+0300: 753.955: Application time: 0.1723664 seconds
2024-10-09T21:49:31.128+0300: 753.955: [GC (Allocation Failure) 2024-10-09T21:49:31.128+0300: 753.955: [ParNew: 460096K->43271K(460096K), 0.0281648 secs] 3461690K->3067171K(8337536K), 0.0282592 secs] [Times: user=0.02 sys=0.00, real=0.02 secs] 
2024-10-09T21:49:31.144+0300: 753.984: Total time for which application threads were stopped: 0.0284635 seconds, Stopping threads took: 0.0000862 seconds
2024-10-09T21:49:31.317+0300: 754.145: Application time: 0.1609842 seconds
2024-10-09T21:49:31.317+0300: 754.145: [GC (Allocation Failure) 2024-10-09T21:49:31.317+0300: 754.145: [ParNew: 452295K->51072K(460096K), 0.0260282 secs] 3476195K->3080414K(8337536K), 0.0261098 secs] [Times: user=0.03 sys=0.00, real=0.02 secs] 
2024-10-09T21:49:31.339+0300: 754.171: Total time for which application threads were stopped: 0.0263858 seconds, Stopping threads took: 0.0001483 seconds
2024-10-09T21:49:31.489+0300: 754.316: Application time: 0.1451055 seconds
2024-10-09T21:49:31.489+0300: 754.316: [GC (Allocation Failure) 2024-10-09T21:49:31.489+0300: 754.316: [ParNew: 460096K->49381K(460096K), 0.0381763 secs] 3489438K->3116381K(8337536K), 0.0382731 secs] [Times: user=0.05 sys=0.00, real=0.03 secs] 
2024-10-09T21:49:31.521+0300: 754.355: Total time for which application threads were stopped: 0.0385453 seconds, Stopping threads took: 0.0001434 seconds
2024-10-09T21:49:31.693+0300: 754.522: Application time: 0.1678104 seconds
2024-10-09T21:49:31.693+0300: 754.523: [GC (Allocation Failure) 2024-10-09T21:49:31.693+0300: 754.523: [ParNew: 458405K->49353K(460096K), 0.0319091 secs] 3525405K->3141869K(8337536K), 0.0320052 secs] [Times: user=0.17 sys=0.00, real=0.03 secs] 
2024-10-09T21:49:31.725+0300: 754.555: Total time for which application threads were stopped: 0.0323545 seconds, Stopping threads took: 0.0002018 seconds
2024-10-09T21:49:31.881+0300: 754.721: Application time: 0.1661253 seconds
2024-10-09T21:49:31.881+0300: 754.721: [GC (Allocation Failure) 2024-10-09T21:49:31.881+0300: 754.721: [ParNew: 458377K->51072K(460096K), 0.0254919 secs] 3550893K->3148597K(8337536K), 0.0255760 secs] [Times: user=0.03 sys=0.00, real=0.03 secs] 
2024-10-09T21:49:31.913+0300: 754.747: Total time for which application threads were stopped: 0.0258845 seconds, Stopping threads took: 0.0001869 seconds
2024-10-09T21:49:32.070+0300: 754.897: Application time: 0.1504788 seconds
2024-10-09T21:49:32.070+0300: 754.898: [GC (Allocation Failure) 2024-10-09T21:49:32.070+0300: 754.898: [ParNew: 460096K->47118K(460096K), 0.0368731 secs] 3557621K->3179232K(8337536K), 0.0369598 secs] [Times: user=0.03 sys=0.00, real=0.03 secs] 
2024-10-09T21:49:32.101+0300: 754.935: Total time for which application threads were stopped: 0.0372121 seconds, Stopping threads took: 0.0001327 seconds
2024-10-09T21:49:32.258+0300: 755.094: Application time: 0.1592729 seconds
2024-10-09T21:49:32.258+0300: 755.094: [GC (Allocation Failure) 2024-10-09T21:49:32.258+0300: 755.094: [ParNew: 456142K->47124K(460096K), 0.0274946 secs] 3588256K->3196239K(8337536K), 0.0275844 secs] [Times: user=0.03 sys=0.00, real=0.03 secs] 
2024-10-09T21:49:32.289+0300: 755.122: Total time for which application threads were stopped: 0.0278420 seconds, Stopping threads took: 0.0001294 seconds
2024-10-09T21:49:32.462+0300: 755.290: Application time: 0.1684552 seconds
2024-10-09T21:49:32.462+0300: 755.290: [GC (Allocation Failure) 2024-10-09T21:49:32.462+0300: 755.290: [ParNew: 456148K->51072K(460096K), 0.0270079 secs] 3605263K->3211827K(8337536K), 0.0271017 secs] [Times: user=0.01 sys=0.00, real=0.02 secs] 
2024-10-09T21:49:32.478+0300: 755.317: Total time for which application threads were stopped: 0.0273305 seconds, Stopping threads took: 0.0001073 seconds
2024-10-09T21:49:32.634+0300: 755.467: Application time: 0.1491449 seconds
2024-10-09T21:49:32.634+0300: 755.467: [GC (Allocation Failure) 2024-10-09T21:49:32.634+0300: 755.467: [ParNew: 460096K->51072K(460096K), 0.0361567 secs] 3620851K->3242416K(8337536K), 0.0362469 secs] [Times: user=0.03 sys=0.00, real=0.03 secs] 
2024-10-09T21:49:32.666+0300: 755.503: Total time for which application threads were stopped: 0.0364989 seconds, Stopping threads took: 0.0001326 seconds
2024-10-09T21:49:32.823+0300: 755.663: Application time: 0.1602097 seconds
2024-10-09T21:49:32.823+0300: 755.664: [GC (Allocation Failure) 2024-10-09T21:49:32.823+0300: 755.664: [ParNew: 460096K->51072K(460096K), 0.0301641 secs] 3651440K->3264086K(8337536K), 0.0302546 secs] [Times: user=0.03 sys=0.00, real=0.03 secs] 
2024-10-09T21:49:32.854+0300: 755.694: Total time for which application threads were stopped: 0.0305263 seconds, Stopping threads took: 0.0001442 seconds
2024-10-09T21:49:33.027+0300: 755.860: Application time: 0.1664035 seconds
2024-10-09T21:49:33.027+0300: 755.860: [GC (Allocation Failure) 2024-10-09T21:49:33.027+0300: 755.860: [ParNew: 460096K->51072K(460096K), 0.0271064 secs] 3673110K->3274985K(8337536K), 0.0271892 secs] [Times: user=0.03 sys=0.00, real=0.03 secs] 
2024-10-09T21:49:33.059+0300: 755.888: Total time for which application threads were stopped: 0.0274337 seconds, Stopping threads took: 0.0001305 seconds
2024-10-09T21:49:33.215+0300: 756.042: Application time: 0.1544710 seconds
2024-10-09T21:49:33.215+0300: 756.042: [GC (Allocation Failure) 2024-10-09T21:49:33.215+0300: 756.042: [ParNew: 460096K->51072K(460096K), 0.0329699 secs] 3684009K->3300409K(8337536K), 0.0330560 secs] [Times: user=0.03 sys=0.00, real=0.03 secs] 
2024-10-09T21:49:33.247+0300: 756.075: Total time for which application threads were stopped: 0.0333359 seconds, Stopping threads took: 0.0001604 seconds
2024-10-09T21:49:33.404+0300: 756.240: Application time: 0.1642979 seconds
2024-10-09T21:49:33.404+0300: 756.240: [GC (Allocation Failure) 2024-10-09T21:49:33.404+0300: 756.240: [ParNew: 460096K->51072K(460096K), 0.0309593 secs] 3709433K->3323883K(8337536K), 0.0310501 secs] [Times: user=0.03 sys=0.00, real=0.04 secs] 
2024-10-09T21:49:33.444+0300: 756.271: Total time for which application threads were stopped: 0.0313085 seconds, Stopping threads took: 0.0001346 seconds
2024-10-09T21:49:33.608+0300: 756.438: Application time: 0.1672007 seconds
2024-10-09T21:49:33.608+0300: 756.439: [GC (Allocation Failure) 2024-10-09T21:49:33.608+0300: 756.439: [ParNew: 460096K->51072K(460096K), 0.0288979 secs] 3732907K->3338189K(8337536K), 0.0289698 secs] [Times: user=0.03 sys=0.00, real=0.03 secs] 
2024-10-09T21:49:33.639+0300: 756.468: Total time for which application threads were stopped: 0.0292092 seconds, Stopping threads took: 0.0001296 seconds
2024-10-09T21:49:33.797+0300: 756.628: Application time: 0.1605451 seconds
2024-10-09T21:49:33.797+0300: 756.628: [GC (Allocation Failure) 2024-10-09T21:49:33.797+0300: 756.628: [ParNew: 460096K->51072K(460096K), 0.0305276 secs] 3747213K->3359959K(8337536K), 0.0306249 secs] [Times: user=0.06 sys=0.00, real=0.03 secs] 
2024-10-09T21:49:33.828+0300: 756.659: Total time for which application threads were stopped: 0.0309105 seconds, Stopping threads took: 0.0001500 seconds
2024-10-09T21:49:34.001+0300: 756.830: Application time: 0.1709281 seconds
2024-10-09T21:49:34.001+0300: 756.830: [GC (Allocation Failure) 2024-10-09T21:49:34.001+0300: 756.830: [ParNew: 460096K->48311K(460096K), 0.0293126 secs] 3768983K->3380354K(8337536K), 0.0294105 secs] [Times: user=0.02 sys=0.00, real=0.03 secs] 
2024-10-09T21:49:34.032+0300: 756.860: Total time for which application threads were stopped: 0.0296596 seconds, Stopping threads took: 0.0001222 seconds
2024-10-09T21:49:34.189+0300: 757.028: Application time: 0.1681628 seconds
2024-10-09T21:49:34.189+0300: 757.028: [GC (Allocation Failure) 2024-10-09T21:49:34.189+0300: 757.028: [ParNew: 457335K->51072K(460096K), 0.0270937 secs] 3789378K->3391679K(8337536K), 0.0271729 secs] [Times: user=0.03 sys=0.00, real=0.03 secs] 
2024-10-09T21:49:34.220+0300: 757.055: Total time for which application threads were stopped: 0.0274294 seconds, Stopping threads took: 0.0001457 seconds
2024-10-09T21:49:34.362+0300: 757.203: Application time: 0.1474621 seconds
2024-10-09T21:49:34.362+0300: 757.203: [GC (Allocation Failure) 2024-10-09T21:49:34.362+0300: 757.203: [ParNew: 460096K->51072K(460096K), 0.0347292 secs] 3800703K->3420500K(8337536K), 0.0348156 secs] [Times: user=0.05 sys=0.00, real=0.05 secs] 
2024-10-09T21:49:34.408+0300: 757.238: Total time for which application threads were stopped: 0.0350371 seconds, Stopping threads took: 0.0001092 seconds
2024-10-09T21:49:34.581+0300: 757.413: Application time: 0.1757287 seconds
2024-10-09T21:49:34.581+0300: 757.414: [GC (Allocation Failure) 2024-10-09T21:49:34.581+0300: 757.414: [ParNew: 460096K->41537K(460096K), 0.0285684 secs] 3829524K->3434397K(8337536K), 0.0286538 secs] [Times: user=0.02 sys=0.00, real=0.03 secs] 
2024-10-09T21:49:34.613+0300: 757.442: Total time for which application threads were stopped: 0.0289139 seconds, Stopping threads took: 0.0001357 seconds
2024-10-09T21:49:34.785+0300: 757.619: Application time: 0.1764333 seconds
2024-10-09T21:49:34.785+0300: 757.619: [GC (Allocation Failure) 2024-10-09T21:49:34.785+0300: 757.619: [ParNew: 450561K->51072K(460096K), 0.0246875 secs] 3843421K->3448855K(8337536K), 0.0247697 secs] [Times: user=0.05 sys=0.00, real=0.03 secs] 
2024-10-09T21:49:34.817+0300: 757.644: Total time for which application threads were stopped: 0.0250228 seconds, Stopping threads took: 0.0001278 seconds
2024-10-09T21:49:34.958+0300: 757.792: Application time: 0.1483554 seconds
2024-10-09T21:49:34.958+0300: 757.792: [GC (Allocation Failure) 2024-10-09T21:49:34.958+0300: 757.792: [ParNew: 460096K->51072K(460096K), 0.0360718 secs] 3857879K->3478724K(8337536K), 0.0361619 secs] [Times: user=0.03 sys=0.00, real=0.03 secs] 
2024-10-09T21:49:34.990+0300: 757.829: Total time for which application threads were stopped: 0.0364650 seconds, Stopping threads took: 0.0001655 seconds
2024-10-09T21:49:35.162+0300: 758.003: Application time: 0.1740881 seconds
2024-10-09T21:49:35.162+0300: 758.003: [GC (Allocation Failure) 2024-10-09T21:49:35.162+0300: 758.003: [ParNew: 460096K->49690K(460096K), 0.0319551 secs] 3887748K->3508224K(8337536K), 0.0320453 secs] [Times: user=0.03 sys=0.00, real=0.03 secs] 
2024-10-09T21:49:35.194+0300: 758.035: Total time for which application threads were stopped: 0.0323037 seconds, Stopping threads took: 0.0001387 seconds
2024-10-09T21:49:35.366+0300: 758.204: Application time: 0.1691658 seconds
2024-10-09T21:49:35.366+0300: 758.204: [GC (Allocation Failure) 2024-10-09T21:49:35.366+0300: 758.204: [ParNew: 458714K->51072K(460096K), 0.0262730 secs] 3917248K->3512695K(8337536K), 0.0263562 secs] [Times: user=0.03 sys=0.00, real=0.03 secs] 
2024-10-09T21:49:35.398+0300: 758.231: Total time for which application threads were stopped: 0.0266330 seconds, Stopping threads took: 0.0001573 seconds
2024-10-09T21:49:35.549+0300: 758.376: Application time: 0.1450443 seconds
2024-10-09T21:49:35.549+0300: 758.376: [GC (Allocation Failure) 2024-10-09T21:49:35.549+0300: 758.376: [ParNew: 460096K->51072K(460096K), 0.0347940 secs] 3921719K->3540804K(8337536K), 0.0348797 secs] [Times: user=0.03 sys=0.00, real=0.02 secs] 
2024-10-09T21:49:35.571+0300: 758.411: Total time for which application threads were stopped: 0.0351454 seconds, Stopping threads took: 0.0001449 seconds
2024-10-09T21:49:35.756+0300: 758.583: Application time: 0.1720549 seconds
2024-10-09T21:49:35.757+0300: 758.583: [GC (Allocation Failure) 2024-10-09T21:49:35.757+0300: 758.583: [ParNew: 460096K->49679K(460096K), 0.0295931 secs] 3949828K->3564638K(8337536K), 0.0298224 secs] [Times: user=0.05 sys=0.00, real=0.02 secs] 
2024-10-09T21:49:35.774+0300: 758.613: Total time for which application threads were stopped: 0.0300964 seconds, Stopping threads took: 0.0001240 seconds
2024-10-09T21:49:35.950+0300: 758.784: Application time: 0.1709599 seconds
2024-10-09T21:49:35.950+0300: 758.784: [GC (Allocation Failure) 2024-10-09T21:49:35.950+0300: 758.784: [ParNew: 458703K->51072K(460096K), 0.0257908 secs] 3973662K->3573333K(8337536K), 0.0258880 secs] [Times: user=0.03 sys=0.00, real=0.03 secs] 
2024-10-09T21:49:35.978+0300: 758.810: Total time for which application threads were stopped: 0.0261922 seconds, Stopping threads took: 0.0001620 seconds
2024-10-09T21:49:36.135+0300: 758.969: Application time: 0.1586345 seconds
2024-10-09T21:49:36.135+0300: 758.969: [GC (Allocation Failure) 2024-10-09T21:49:36.135+0300: 758.969: [ParNew: 460096K->51072K(460096K), 0.0298497 secs] 3982357K->3589674K(8337536K), 0.0299334 secs] [Times: user=0.06 sys=0.00, real=0.03 secs] 
2024-10-09T21:49:36.167+0300: 758.999: Total time for which application threads were stopped: 0.0302110 seconds, Stopping threads took: 0.0001440 seconds
2024-10-09T21:49:36.371+0300: 759.208: Application time: 0.2093236 seconds
2024-10-09T21:49:36.371+0300: 759.209: [GC (Allocation Failure) 2024-10-09T21:49:36.371+0300: 759.209: [ParNew: 460096K->51072K(460096K), 0.0293513 secs] 3998698K->3608350K(8337536K), 0.0294586 secs] [Times: user=0.09 sys=0.00, real=0.03 secs] 
2024-10-09T21:49:36.402+0300: 759.238: Total time for which application threads were stopped: 0.0299974 seconds, Stopping threads took: 0.0003897 seconds
2024-10-09T21:49:36.575+0300: 759.412: Application time: 0.1732457 seconds
2024-10-09T21:49:36.575+0300: 759.412: [GC (Allocation Failure) 2024-10-09T21:49:36.575+0300: 759.412: [ParNew: 460096K->51072K(460096K), 0.0258380 secs] 4017374K->3616365K(8337536K), 0.0259382 secs] [Times: user=0.09 sys=0.00, real=0.03 secs] 
2024-10-09T21:49:36.606+0300: 759.438: Total time for which application threads were stopped: 0.0262843 seconds, Stopping threads took: 0.0002034 seconds
2024-10-09T21:49:36.779+0300: 759.608: Application time: 0.1698955 seconds
2024-10-09T21:49:36.779+0300: 759.608: [GC (Allocation Failure) 2024-10-09T21:49:36.779+0300: 759.608: [ParNew: 460096K->51072K(460096K), 0.0362971 secs] 4025389K->3642732K(8337536K), 0.0363809 secs] [Times: user=0.19 sys=0.00, real=0.03 secs] 
2024-10-09T21:49:36.810+0300: 759.645: Total time for which application threads were stopped: 0.0366801 seconds, Stopping threads took: 0.0001567 seconds
2024-10-09T21:49:36.983+0300: 759.816: Application time: 0.1712140 seconds
2024-10-09T21:49:36.983+0300: 759.816: [GC (Allocation Failure) 2024-10-09T21:49:36.983+0300: 759.816: [ParNew: 460096K->51072K(460096K), 0.0332296 secs] 4051756K->3663152K(8337536K), 0.0333162 secs] [Times: user=0.06 sys=0.00, real=0.03 secs] 
2024-10-09T21:49:37.014+0300: 759.849: Total time for which application threads were stopped: 0.0335950 seconds, Stopping threads took: 0.0001513 seconds
2024-10-09T21:49:37.187+0300: 760.021: Application time: 0.1720824 seconds
2024-10-09T21:49:37.187+0300: 760.022: [GC (Allocation Failure) 2024-10-09T21:49:37.187+0300: 760.022: [ParNew: 460096K->51072K(460096K), 0.0305229 secs] 4072176K->3678777K(8337536K), 0.0306064 secs] [Times: user=0.12 sys=0.02, real=0.03 secs] 
2024-10-09T21:49:37.218+0300: 760.053: Total time for which application threads were stopped: 0.0310258 seconds, Stopping threads took: 0.0002801 seconds
2024-10-09T21:49:37.391+0300: 760.223: Application time: 0.1703941 seconds
2024-10-09T21:49:37.391+0300: 760.223: [GC (Allocation Failure) 2024-10-09T21:49:37.391+0300: 760.223: [ParNew: 460096K->51072K(460096K), 0.0314998 secs] 4087801K->3701507K(8337536K), 0.0315896 secs] [Times: user=0.08 sys=0.00, real=0.03 secs] 
2024-10-09T21:49:37.422+0300: 760.255: Total time for which application threads were stopped: 0.0319025 seconds, Stopping threads took: 0.0001830 seconds
2024-10-09T21:49:37.595+0300: 760.428: Application time: 0.1726993 seconds
2024-10-09T21:49:37.595+0300: 760.428: [GC (Allocation Failure) 2024-10-09T21:49:37.595+0300: 760.428: [ParNew: 460096K->51072K(460096K), 0.0354333 secs] 4110531K->3726076K(8337536K), 0.0355275 secs] [Times: user=0.11 sys=0.00, real=0.03 secs] 
2024-10-09T21:49:37.626+0300: 760.463: Total time for which application threads were stopped: 0.0358285 seconds, Stopping threads took: 0.0001535 seconds
2024-10-09T21:49:37.799+0300: 760.630: Application time: 0.1666777 seconds
2024-10-09T21:49:37.799+0300: 760.630: [GC (Allocation Failure) 2024-10-09T21:49:37.799+0300: 760.630: [ParNew: 460096K->51072K(460096K), 0.0289466 secs] 4135100K->3743490K(8337536K), 0.0290432 secs] [Times: user=0.19 sys=0.00, real=0.03 secs] 
2024-10-09T21:49:37.830+0300: 760.659: Total time for which application threads were stopped: 0.0293281 seconds, Stopping threads took: 0.0001460 seconds
2024-10-09T21:49:38.003+0300: 760.830: Application time: 0.1701459 seconds
2024-10-09T21:49:38.003+0300: 760.830: [GC (Allocation Failure) 2024-10-09T21:49:38.003+0300: 760.830: [ParNew: 460096K->51072K(460096K), 0.0266962 secs] 4152514K->3754692K(8337536K), 0.0267800 secs] [Times: user=0.08 sys=0.00, real=0.02 secs] 
2024-10-09T21:49:38.019+0300: 760.857: Total time for which application threads were stopped: 0.0270678 seconds, Stopping threads took: 0.0001617 seconds
2024-10-09T21:49:38.191+0300: 761.026: Application time: 0.1693725 seconds
2024-10-09T21:49:38.191+0300: 761.026: [GC (Allocation Failure) 2024-10-09T21:49:38.191+0300: 761.026: [ParNew: 460096K->51072K(460096K), 0.0351685 secs] 4163716K->3784096K(8337536K), 0.0352445 secs] [Times: user=0.03 sys=0.00, real=0.03 secs] 
2024-10-09T21:49:38.223+0300: 761.061: Total time for which application threads were stopped: 0.0355261 seconds, Stopping threads took: 0.0001428 seconds
2024-10-09T21:49:38.395+0300: 761.224: Application time: 0.1629891 seconds
2024-10-09T21:49:38.395+0300: 761.225: [GC (Allocation Failure) 2024-10-09T21:49:38.395+0300: 761.225: [ParNew: 460096K->51072K(460096K), 0.0296902 secs] 4193120K->3799768K(8337536K), 0.0297830 secs] [Times: user=0.06 sys=0.00, real=0.03 secs] 
2024-10-09T21:49:38.427+0300: 761.255: Total time for which application threads were stopped: 0.0300950 seconds, Stopping threads took: 0.0001792 seconds
2024-10-09T21:49:38.584+0300: 761.415: Application time: 0.1600277 seconds
2024-10-09T21:49:38.584+0300: 761.415: [GC (Allocation Failure) 2024-10-09T21:49:38.584+0300: 761.415: [ParNew: 460096K->51072K(460096K), 0.0395741 secs] 4208792K->3834946K(8337536K), 0.0396556 secs] [Times: user=0.06 sys=0.00, real=0.03 secs] 
2024-10-09T21:49:38.615+0300: 761.455: Total time for which application threads were stopped: 0.0399172 seconds, Stopping threads took: 0.0001410 seconds
2024-10-09T21:49:38.804+0300: 761.635: Application time: 0.1804029 seconds
2024-10-09T21:49:38.804+0300: 761.635: [GC (Allocation Failure) 2024-10-09T21:49:38.804+0300: 761.635: [ParNew: 460096K->46753K(460096K), 0.0325946 secs] 4243970K->3858831K(8337536K), 0.0326960 secs] [Times: user=0.06 sys=0.00, real=0.03 secs] 
2024-10-09T21:49:38.835+0300: 761.668: Total time for which application threads were stopped: 0.0329874 seconds, Stopping threads took: 0.0001363 seconds
2024-10-09T21:49:39.008+0300: 761.834: Application time: 0.1660498 seconds
2024-10-09T21:49:39.008+0300: 761.834: [GC (Allocation Failure) 2024-10-09T21:49:39.008+0300: 761.834: [ParNew: 455777K->51072K(460096K), 0.0276299 secs] 4267855K->3867711K(8337536K), 0.0277251 secs] [Times: user=0.03 sys=0.00, real=0.02 secs] 
2024-10-09T21:49:39.023+0300: 761.862: Total time for which application threads were stopped: 0.0280193 seconds, Stopping threads took: 0.0001590 seconds
2024-10-09T21:49:39.197+0300: 762.023: Application time: 0.1610245 seconds
2024-10-09T21:49:39.197+0300: 762.023: [GC (Allocation Failure) 2024-10-09T21:49:39.197+0300: 762.023: [ParNew: 460096K->51072K(460096K), 0.0356371 secs] 4276735K->3896643K(8337536K), 0.0357352 secs] [Times: user=0.06 sys=0.00, real=0.03 secs] 
2024-10-09T21:49:39.228+0300: 762.059: Total time for which application threads were stopped: 0.0360383 seconds, Stopping threads took: 0.0001845 seconds
2024-10-09T21:49:39.385+0300: 762.218: Application time: 0.1584792 seconds
2024-10-09T21:49:39.385+0300: 762.218: [GC (Allocation Failure) 2024-10-09T21:49:39.385+0300: 762.218: [ParNew: 460096K->46262K(460096K), 0.0306226 secs] 4305667K->3916961K(8337536K), 0.0307079 secs] [Times: user=0.03 sys=0.00, real=0.03 secs] 
2024-10-09T21:49:39.416+0300: 762.249: Total time for which application threads were stopped: 0.0309693 seconds, Stopping threads took: 0.0001488 seconds
2024-10-09T21:49:39.589+0300: 762.416: Application time: 0.1675571 seconds
2024-10-09T21:49:39.589+0300: 762.416: [GC (Allocation Failure) 2024-10-09T21:49:39.589+0300: 762.416: [ParNew: 455286K->51072K(460096K), 0.0274375 secs] 4325985K->3932459K(8337536K), 0.0275250 secs] [Times: user=0.01 sys=0.00, real=0.02 secs] 
2024-10-09T21:49:39.604+0300: 762.444: Total time for which application threads were stopped: 0.0277585 seconds, Stopping threads took: 0.0001139 seconds
2024-10-09T21:49:39.777+0300: 762.605: Application time: 0.1608066 seconds
2024-10-09T21:49:39.777+0300: 762.605: [GC (Allocation Failure) 2024-10-09T21:49:39.777+0300: 762.605: [ParNew: 460096K->51072K(460096K), 0.0369235 secs] 4341483K->3960444K(8337536K), 0.0370053 secs] [Times: user=0.14 sys=0.00, real=0.03 secs] 
2024-10-09T21:49:39.808+0300: 762.642: Total time for which application threads were stopped: 0.0372656 seconds, Stopping threads took: 0.0001226 seconds
2024-10-09T21:49:39.981+0300: 762.814: Application time: 0.1722974 seconds
2024-10-09T21:49:39.981+0300: 762.814: [GC (Allocation Failure) 2024-10-09T21:49:39.981+0300: 762.814: [ParNew: 460096K->44325K(460096K), 0.0371301 secs] 4369468K->3983213K(8337536K), 0.0372287 secs] [Times: user=0.06 sys=0.00, real=0.03 secs] 
2024-10-09T21:49:40.013+0300: 762.852: Total time for which application threads were stopped: 0.0375013 seconds, Stopping threads took: 0.0001383 seconds
2024-10-09T21:49:40.201+0300: 763.030: Application time: 0.1780890 seconds
2024-10-09T21:49:40.201+0300: 763.030: [GC (Allocation Failure) 2024-10-09T21:49:40.201+0300: 763.030: [ParNew: 453349K->51072K(460096K), 0.0287554 secs] 4392237K->4003618K(8337536K), 0.0288441 secs] [Times: user=0.03 sys=0.00, real=0.03 secs] 
2024-10-09T21:49:40.232+0300: 763.059: Total time for which application threads were stopped: 0.0290923 seconds, Stopping threads took: 0.0001292 seconds
2024-10-09T21:49:40.389+0300: 763.218: Application time: 0.1589712 seconds
2024-10-09T21:49:40.389+0300: 763.218: [GC (Allocation Failure) 2024-10-09T21:49:40.389+0300: 763.218: [ParNew: 460096K->51072K(460096K), 0.0309377 secs] 4412642K->4022360K(8337536K), 0.0310225 secs] [Times: user=0.01 sys=0.00, real=0.03 secs] 
2024-10-09T21:49:40.421+0300: 763.249: Total time for which application threads were stopped: 0.0312808 seconds, Stopping threads took: 0.0001423 seconds
2024-10-09T21:49:40.578+0300: 763.406: Application time: 0.1565759 seconds
2024-10-09T21:49:40.578+0300: 763.406: [GC (Allocation Failure) 2024-10-09T21:49:40.578+0300: 763.406: [ParNew: 460096K->51072K(460096K), 0.0340140 secs] 4431384K->4055590K(8337536K), 0.0340924 secs] [Times: user=0.03 sys=0.00, real=0.04 secs] 
2024-10-09T21:49:40.614+0300: 763.440: Total time for which application threads were stopped: 0.0343381 seconds, Stopping threads took: 0.0001295 seconds
2024-10-09T21:49:40.782+0300: 763.622: Application time: 0.1823221 seconds
2024-10-09T21:49:40.782+0300: 763.623: [GC (Allocation Failure) 2024-10-09T21:49:40.782+0300: 763.623: [ParNew: 460096K->51072K(460096K), 0.0255831 secs] 4464614K->4058121K(8337536K), 0.0256806 secs] [Times: user=0.03 sys=0.00, real=0.03 secs] 
2024-10-09T21:49:40.813+0300: 763.648: Total time for which application threads were stopped: 0.0260270 seconds, Stopping threads took: 0.0001839 seconds
2024-10-09T21:49:40.970+0300: 763.806: Application time: 0.1577657 seconds
2024-10-09T21:49:40.970+0300: 763.806: [GC (Allocation Failure) 2024-10-09T21:49:40.970+0300: 763.806: [ParNew: 460096K->51072K(460096K), 0.0345821 secs] 4467145K->4082588K(8337536K), 0.0346781 secs] [Times: user=0.06 sys=0.00, real=0.03 secs] 
2024-10-09T21:49:41.001+0300: 763.841: Total time for which application threads were stopped: 0.0349345 seconds, Stopping threads took: 0.0001312 seconds
2024-10-09T21:49:41.161+0300: 763.995: Application time: 0.1538090 seconds
2024-10-09T21:49:41.161+0300: 763.995: [GC (Allocation Failure) 2024-10-09T21:49:41.161+0300: 763.995: [ParNew: 460096K->51072K(460096K), 0.0287352 secs] 4491612K->4106613K(8337536K), 0.0288263 secs] [Times: user=0.03 sys=0.00, real=0.03 secs] 
2024-10-09T21:49:41.189+0300: 764.024: Total time for which application threads were stopped: 0.0290787 seconds, Stopping threads took: 0.0001371 seconds
2024-10-09T21:49:41.362+0300: 764.198: Application time: 0.1743320 seconds
2024-10-09T21:49:41.362+0300: 764.199: [GC (Allocation Failure) 2024-10-09T21:49:41.362+0300: 764.199: [ParNew: 460096K->51072K(460096K), 0.0271918 secs] 4515637K->4118577K(8337536K), 0.0272751 secs] [Times: user=0.03 sys=0.00, real=0.03 secs] 
2024-10-09T21:49:41.393+0300: 764.226: Total time for which application threads were stopped: 0.0275319 seconds, Stopping threads took: 0.0001415 seconds
2024-10-09T21:49:41.550+0300: 764.385: Application time: 0.1593808 seconds
2024-10-09T21:49:41.550+0300: 764.386: [GC (Allocation Failure) 2024-10-09T21:49:41.550+0300: 764.386: [ParNew: 460096K->51072K(460096K), 0.0278236 secs] 4527601K->4131227K(8337536K), 0.0279084 secs] [Times: user=0.03 sys=0.00, real=0.03 secs] 
2024-10-09T21:49:41.582+0300: 764.413: Total time for which application threads were stopped: 0.0281942 seconds, Stopping threads took: 0.0001681 seconds
2024-10-09T21:49:41.738+0300: 764.573: Application time: 0.1595211 seconds
2024-10-09T21:49:41.738+0300: 764.573: [GC (Allocation Failure) 2024-10-09T21:49:41.738+0300: 764.573: [ParNew: 460096K->40787K(460096K), 0.0334219 secs] 4540251K->4152179K(8337536K), 0.0335205 secs] [Times: user=0.05 sys=0.00, real=0.03 secs] 
2024-10-09T21:49:41.770+0300: 764.607: Total time for which application threads were stopped: 0.0338027 seconds, Stopping threads took: 0.0001490 seconds
2024-10-09T21:49:41.942+0300: 764.783: Application time: 0.1760140 seconds
2024-10-09T21:49:41.942+0300: 764.783: [GC (Allocation Failure) 2024-10-09T21:49:41.942+0300: 764.783: [ParNew: 449811K->51072K(460096K), 0.0270282 secs] 4561203K->4167425K(8337536K), 0.0271158 secs] [Times: user=0.03 sys=0.00, real=0.03 secs] 
2024-10-09T21:49:41.974+0300: 764.810: Total time for which application threads were stopped: 0.0273484 seconds, Stopping threads took: 0.0001099 seconds
2024-10-09T21:49:42.146+0300: 764.974: Application time: 0.1633516 seconds
2024-10-09T21:49:42.146+0300: 764.974: [GC (Allocation Failure) 2024-10-09T21:49:42.146+0300: 764.974: [ParNew: 460096K->51072K(460096K), 0.0348565 secs] 4576449K->4189009K(8337536K), 0.0349442 secs] [Times: user=0.03 sys=0.00, real=0.03 secs] 
2024-10-09T21:49:42.178+0300: 765.009: Total time for which application threads were stopped: 0.0351964 seconds, Stopping threads took: 0.0001332 seconds
2024-10-09T21:49:42.319+0300: 765.155: Application time: 0.1464670 seconds
2024-10-09T21:49:42.319+0300: 765.155: [GC (Allocation Failure) 2024-10-09T21:49:42.319+0300: 765.155: [ParNew: 460096K->45688K(460096K), 0.0375787 secs] 4598033K->4225166K(8337536K), 0.0376654 secs] [Times: user=0.05 sys=0.00, real=0.05 secs] 
2024-10-09T21:49:42.366+0300: 765.193: Total time for which application threads were stopped: 0.0378840 seconds, Stopping threads took: 0.0001075 seconds
2024-10-09T21:49:42.539+0300: 765.369: Application time: 0.1759602 seconds
2024-10-09T21:49:42.539+0300: 765.369: [GC (Allocation Failure) 2024-10-09T21:49:42.539+0300: 765.369: [ParNew: 454712K->51072K(460096K), 0.0246846 secs] 4634190K->4233055K(8337536K), 0.0247707 secs] [Times: user=0.03 sys=0.00, real=0.02 secs] 
2024-10-09T21:49:42.564+0300: 765.394: Total time for which application threads were stopped: 0.0250167 seconds, Stopping threads took: 0.0001294 seconds
2024-10-09T21:49:42.742+0300: 765.569: Application time: 0.1754200 seconds
2024-10-09T21:49:42.742+0300: 765.570: [GC (Allocation Failure) 2024-10-09T21:49:42.742+0300: 765.570: [ParNew: 460096K->51072K(460096K), 0.0317182 secs] 4642079K->4247020K(8337536K), 0.0318072 secs] [Times: user=0.02 sys=0.00, real=0.03 secs] 
2024-10-09T21:49:42.774+0300: 765.602: Total time for which application threads were stopped: 0.0320933 seconds, Stopping threads took: 0.0001521 seconds
2024-10-09T21:49:42.915+0300: 765.745: Application time: 0.1429585 seconds
2024-10-09T21:49:42.915+0300: 765.745: [GC (Allocation Failure) 2024-10-09T21:49:42.915+0300: 765.745: [ParNew: 460096K->51072K(460096K), 0.0365928 secs] 4656044K->4286489K(8337536K), 0.0366791 secs] [Times: user=0.03 sys=0.00, real=0.03 secs] 
2024-10-09T21:49:42.946+0300: 765.781: Total time for which application threads were stopped: 0.0369265 seconds, Stopping threads took: 0.0001300 seconds
2024-10-09T21:49:43.119+0300: 765.953: Application time: 0.1711948 seconds
2024-10-09T21:49:43.119+0300: 765.953: [GC (Allocation Failure) 2024-10-09T21:49:43.119+0300: 765.953: [ParNew: 460096K->51072K(460096K), 0.0247803 secs] 4695513K->4288852K(8337536K), 0.0248835 secs] [Times: user=0.03 sys=0.00, real=0.03 secs] 
2024-10-09T21:49:43.150+0300: 765.978: Total time for which application threads were stopped: 0.0251106 seconds, Stopping threads took: 0.0001046 seconds
2024-10-09T21:49:43.307+0300: 766.145: Application time: 0.1668888 seconds
2024-10-09T21:49:43.307+0300: 766.145: [GC (Allocation Failure) 2024-10-09T21:49:43.307+0300: 766.145: [ParNew: 460096K->51072K(460096K), 0.0289327 secs] 4697876K->4299875K(8337536K), 0.0290194 secs] [Times: user=0.03 sys=0.00, real=0.03 secs] 
2024-10-09T21:49:43.339+0300: 766.174: Total time for which application threads were stopped: 0.0292876 seconds, Stopping threads took: 0.0001512 seconds
2024-10-09T21:49:43.480+0300: 766.315: Application time: 0.1412938 seconds
2024-10-09T21:49:43.480+0300: 766.316: [GC (Allocation Failure) 2024-10-09T21:49:43.480+0300: 766.316: [ParNew: 460096K->51072K(460096K), 0.0339919 secs] 4708899K->4329931K(8337536K), 0.0340778 secs] [Times: user=0.03 sys=0.00, real=0.03 secs] 
2024-10-09T21:49:43.511+0300: 766.350: Total time for which application threads were stopped: 0.0343767 seconds, Stopping threads took: 0.0001763 seconds
2024-10-09T21:49:43.700+0300: 766.531: Application time: 0.1810343 seconds
2024-10-09T21:49:43.700+0300: 766.531: [GC (Allocation Failure) 2024-10-09T21:49:43.700+0300: 766.531: [ParNew: 460096K->51072K(460096K), 0.0292577 secs] 4738955K->4348913K(8337536K), 0.0293474 secs] [Times: user=0.05 sys=0.00, real=0.03 secs] 
2024-10-09T21:49:43.731+0300: 766.560: Total time for which application threads were stopped: 0.0296609 seconds, Stopping threads took: 0.0001921 seconds
2024-10-09T21:49:43.904+0300: 766.734: Application time: 0.1732686 seconds
2024-10-09T21:49:43.904+0300: 766.734: [GC (Allocation Failure) 2024-10-09T21:49:43.904+0300: 766.734: [ParNew: 460096K->51072K(460096K), 0.0284812 secs] 4757937K->4358577K(8337536K), 0.0285671 secs] [Times: user=0.03 sys=0.00, real=0.03 secs] 
2024-10-09T21:49:43.935+0300: 766.762: Total time for which application threads were stopped: 0.0288493 seconds, Stopping threads took: 0.0001562 seconds
2024-10-09T21:49:44.081+0300: 766.907: Application time: 0.1444699 seconds
2024-10-09T21:49:44.081+0300: 766.907: [GC (Allocation Failure) 2024-10-09T21:49:44.081+0300: 766.907: [ParNew: 460096K->51072K(460096K), 0.0271291 secs] 4767601K->4372724K(8337536K), 0.0272198 secs] [Times: user=0.03 sys=0.00, real=0.03 secs] 
2024-10-09T21:49:44.108+0300: 766.934: Total time for which application threads were stopped: 0.0274949 seconds, Stopping threads took: 0.0001505 seconds
2024-10-09T21:49:44.268+0300: 767.106: Application time: 0.1719977 seconds
2024-10-09T21:49:44.268+0300: 767.107: [GC (Allocation Failure) 2024-10-09T21:49:44.268+0300: 767.107: [ParNew: 460096K->43769K(460096K), 0.0291853 secs] 4781748K->4391181K(8337536K), 0.0292823 secs] [Times: user=0.03 sys=0.00, real=0.03 secs] 
2024-10-09T21:49:44.297+0300: 767.136: Total time for which application threads were stopped: 0.0295904 seconds, Stopping threads took: 0.0001639 seconds
2024-10-09T21:49:44.470+0300: 767.308: Application time: 0.1715525 seconds
2024-10-09T21:49:44.470+0300: 767.308: [GC (Allocation Failure) 2024-10-09T21:49:44.470+0300: 767.308: [ParNew: 452793K->51072K(460096K), 0.0284644 secs] 4800205K->4410813K(8337536K), 0.0285553 secs] [Times: user=0.03 sys=0.00, real=0.03 secs] 
2024-10-09T21:49:44.501+0300: 767.336: Total time for which application threads were stopped: 0.0288066 seconds, Stopping threads took: 0.0001292 seconds
2024-10-09T21:49:44.657+0300: 767.485: Application time: 0.1486458 seconds
2024-10-09T21:49:44.657+0300: 767.485: [GC (Allocation Failure) 2024-10-09T21:49:44.657+0300: 767.485: [ParNew: 460096K->51072K(460096K), 0.0308019 secs] 4819837K->4428017K(8337536K), 0.0308876 secs] [Times: user=0.06 sys=0.00, real=0.03 secs] 
2024-10-09T21:49:44.689+0300: 767.516: Total time for which application threads were stopped: 0.0311290 seconds, Stopping threads took: 0.0001230 seconds
2024-10-09T21:49:44.846+0300: 767.686: Application time: 0.1693687 seconds
2024-10-09T21:49:44.846+0300: 767.686: [GC (Allocation Failure) 2024-10-09T21:49:44.846+0300: 767.686: [ParNew: 460096K->39741K(460096K), 0.0304419 secs] 4837041K->4445813K(8337536K), 0.0305319 secs] [Times: user=0.03 sys=0.00, real=0.03 secs] 
2024-10-09T21:49:44.878+0300: 767.716: Total time for which application threads were stopped: 0.0307570 seconds, Stopping threads took: 0.0001116 seconds
2024-10-09T21:49:45.050+0300: 767.885: Application time: 0.1690307 seconds
2024-10-09T21:49:45.050+0300: 767.886: [GC (Allocation Failure) 2024-10-09T21:49:45.050+0300: 767.886: [ParNew: 448765K->51072K(460096K), 0.0248887 secs] 4854837K->4459173K(8337536K), 0.0249718 secs] [Times: user=0.03 sys=0.00, real=0.03 secs] 
2024-10-09T21:49:45.082+0300: 767.911: Total time for which application threads were stopped: 0.0252409 seconds, Stopping threads took: 0.0001499 seconds
2024-10-09T21:49:45.223+0300: 768.062: Application time: 0.1515944 seconds
2024-10-09T21:49:45.223+0300: 768.062: [GC (Allocation Failure) 2024-10-09T21:49:45.223+0300: 768.062: [ParNew: 460096K->51072K(460096K), 0.0343260 secs] 4868197K->4482964K(8337536K), 0.0344124 secs] [Times: user=0.05 sys=0.00, real=0.05 secs] 
2024-10-09T21:49:45.271+0300: 768.097: Total time for which application threads were stopped: 0.0347132 seconds, Stopping threads took: 0.0001816 seconds
2024-10-09T21:49:45.427+0300: 768.257: Application time: 0.1602490 seconds
2024-10-09T21:49:45.427+0300: 768.257: [GC (Allocation Failure) 2024-10-09T21:49:45.427+0300: 768.257: [ParNew: 460096K->47326K(460096K), 0.0306222 secs] 4891988K->4506404K(8337536K), 0.0307172 secs] [Times: user=0.02 sys=0.00, real=0.03 secs] 
2024-10-09T21:49:45.458+0300: 768.288: Total time for which application threads were stopped: 0.0309530 seconds, Stopping threads took: 0.0001051 seconds
2024-10-09T21:49:45.631+0300: 768.457: Application time: 0.1691605 seconds
2024-10-09T21:49:45.631+0300: 768.457: [GC (Allocation Failure) 2024-10-09T21:49:45.631+0300: 768.457: [ParNew: 456350K->51072K(460096K), 0.0259799 secs] 4915428K->4519768K(8337536K), 0.0260705 secs] [Times: user=0.02 sys=0.00, real=0.02 secs] 
2024-10-09T21:49:45.647+0300: 768.484: Total time for which application threads were stopped: 0.0262880 seconds, Stopping threads took: 0.0000981 seconds
2024-10-09T21:49:45.804+0300: 768.645: Application time: 0.1611426 seconds
2024-10-09T21:49:45.804+0300: 768.645: [GC (Allocation Failure) 2024-10-09T21:49:45.804+0300: 768.645: [ParNew: 460096K->51072K(460096K), 0.0273767 secs] 4928792K->4533174K(8337536K), 0.0274662 secs] [Times: user=0.03 sys=0.00, real=0.03 secs] 
2024-10-09T21:49:45.835+0300: 768.673: Total time for which application threads were stopped: 0.0278986 seconds, Stopping threads took: 0.0003073 seconds
2024-10-09T21:49:46.008+0300: 768.836: Application time: 0.1632379 seconds
2024-10-09T21:49:46.008+0300: 768.836: [GC (Allocation Failure) 2024-10-09T21:49:46.008+0300: 768.836: [ParNew: 460096K->51072K(460096K), 0.0303504 secs] 4942198K->4558075K(8337536K), 0.0304353 secs] [Times: user=0.03 sys=0.00, real=0.03 secs] 
2024-10-09T21:49:46.039+0300: 768.867: Total time for which application threads were stopped: 0.0306824 seconds, Stopping threads took: 0.0001293 seconds
2024-10-09T21:49:46.196+0300: 769.032: Application time: 0.1653605 seconds
2024-10-09T21:49:46.196+0300: 769.032: [GC (Allocation Failure) 2024-10-09T21:49:46.196+0300: 769.032: [ParNew: 460096K->51072K(460096K), 0.0279063 secs] 4967099K->4568846K(8337536K), 0.0279898 secs] [Times: user=0.03 sys=0.00, real=0.03 secs] 
2024-10-09T21:49:46.227+0300: 769.060: Total time for which application threads were stopped: 0.0282425 seconds, Stopping threads took: 0.0001393 seconds
2024-10-09T21:49:46.389+0300: 769.216: Application time: 0.1556431 seconds
2024-10-09T21:49:46.389+0300: 769.216: [GC (Allocation Failure) 2024-10-09T21:49:46.389+0300: 769.216: [ParNew: 460096K->51072K(460096K), 0.0303465 secs] 4977870K->4588884K(8337536K), 0.0304347 secs] [Times: user=0.03 sys=0.00, real=0.03 secs] 
2024-10-09T21:49:46.416+0300: 769.246: Total time for which application threads were stopped: 0.0307207 seconds, Stopping threads took: 0.0001666 seconds
2024-10-09T21:49:46.573+0300: 769.412: Application time: 0.1655741 seconds
2024-10-09T21:49:46.573+0300: 769.412: [GC (Allocation Failure) 2024-10-09T21:49:46.573+0300: 769.412: [ParNew: 460096K->49218K(460096K), 0.0323622 secs] 4997908K->4614906K(8337536K), 0.0324575 secs] [Times: user=0.03 sys=0.00, real=0.03 secs] 
2024-10-09T21:49:46.604+0300: 769.445: Total time for which application threads were stopped: 0.0327594 seconds, Stopping threads took: 0.0001710 seconds
2024-10-09T21:49:46.793+0300: 769.621: Application time: 0.1762365 seconds
2024-10-09T21:49:46.793+0300: 769.621: [GC (Allocation Failure) 2024-10-09T21:49:46.793+0300: 769.621: [ParNew: 458242K->51072K(460096K), 0.0266288 secs] 5023930K->4623425K(8337536K), 0.0267152 secs] [Times: user=0.03 sys=0.00, real=0.02 secs] 
2024-10-09T21:49:46.809+0300: 769.648: Total time for which application threads were stopped: 0.0269978 seconds, Stopping threads took: 0.0001476 seconds
2024-10-09T21:49:46.974+0300: 769.802: Application time: 0.1539806 seconds
2024-10-09T21:49:46.974+0300: 769.802: [GC (Allocation Failure) 2024-10-09T21:49:46.974+0300: 769.802: [ParNew: 460096K->42196K(460096K), 0.0334493 secs] 5032449K->4643369K(8337536K), 0.0335333 secs] [Times: user=0.03 sys=0.00, real=0.02 secs] 
2024-10-09T21:49:46.997+0300: 769.836: Total time for which application threads were stopped: 0.0337917 seconds, Stopping threads took: 0.0001441 seconds
2024-10-09T21:49:47.169+0300: 769.998: Application time: 0.1622916 seconds
2024-10-09T21:49:47.169+0300: 769.998: [GC (Allocation Failure) 2024-10-09T21:49:47.169+0300: 769.998: [ParNew: 451220K->45928K(460096K), 0.0292985 secs] 5052393K->4672513K(8337536K), 0.0293795 secs] [Times: user=0.05 sys=0.00, real=0.03 secs] 
2024-10-09T21:49:47.201+0300: 770.028: Total time for which application threads were stopped: 0.0296476 seconds, Stopping threads took: 0.0001485 seconds
2024-10-09T21:49:47.375+0300: 770.203: Application time: 0.1750808 seconds
2024-10-09T21:49:47.375+0300: 770.203: [GC (Allocation Failure) 2024-10-09T21:49:47.375+0300: 770.203: [ParNew: 454952K->51072K(460096K), 0.0255671 secs] 5081537K->4680351K(8337536K), 0.0256504 secs] [Times: user=0.05 sys=0.00, real=0.02 secs] 
2024-10-09T21:49:47.390+0300: 770.229: Total time for which application threads were stopped: 0.0259205 seconds, Stopping threads took: 0.0001522 seconds
2024-10-09T21:49:47.546+0300: 770.380: Application time: 0.1509377 seconds
2024-10-09T21:49:47.546+0300: 770.380: [GC (Allocation Failure) 2024-10-09T21:49:47.546+0300: 770.380: [ParNew: 460096K->42083K(460096K), 0.0321191 secs] 5089375K->4696692K(8337536K), 0.0322064 secs] [Times: user=0.05 sys=0.00, real=0.03 secs] 
2024-10-09T21:49:47.578+0300: 770.412: Total time for which application threads were stopped: 0.0325008 seconds, Stopping threads took: 0.0001634 seconds
2024-10-09T21:49:47.750+0300: 770.585: Application time: 0.1730327 seconds
2024-10-09T21:49:47.750+0300: 770.586: [GC (Allocation Failure) 2024-10-09T21:49:47.750+0300: 770.586: [ParNew: 451107K->45737K(460096K), 0.0306197 secs] 5105716K->4726475K(8337536K), 0.0307075 secs] [Times: user=0.03 sys=0.00, real=0.03 secs] 
2024-10-09T21:49:47.782+0300: 770.616: Total time for which application threads were stopped: 0.0310287 seconds, Stopping threads took: 0.0001784 seconds
2024-10-09T21:49:47.954+0300: 770.796: Application time: 0.1794038 seconds
2024-10-09T21:49:47.970+0300: 770.796: [GC (Allocation Failure) 2024-10-09T21:49:47.970+0300: 770.796: [ParNew: 454761K->51072K(460096K), 0.0253507 secs] 5135499K->4734421K(8337536K), 0.0254353 secs] [Times: user=0.05 sys=0.00, real=0.02 secs] 
2024-10-09T21:49:47.986+0300: 770.821: Total time for which application threads were stopped: 0.0257052 seconds, Stopping threads took: 0.0001456 seconds
2024-10-09T21:49:48.143+0300: 770.971: Application time: 0.1494952 seconds
2024-10-09T21:49:48.143+0300: 770.971: [GC (Allocation Failure) 2024-10-09T21:49:48.143+0300: 770.971: [ParNew: 460096K->48701K(460096K), 0.0338525 secs] 5143445K->4756245K(8337536K), 0.0339370 secs] [Times: user=0.02 sys=0.02, real=0.03 secs] 
2024-10-09T21:49:48.177+0300: 771.005: Total time for which application threads were stopped: 0.0342524 seconds, Stopping threads took: 0.0001969 seconds
2024-10-09T21:49:48.331+0300: 771.167: Application time: 0.1617888 seconds
2024-10-09T21:49:48.331+0300: 771.167: [GC (Allocation Failure) 2024-10-09T21:49:48.331+0300: 771.167: [ParNew: 457725K->46291K(460096K), 0.0303645 secs] 5165269K->4782855K(8337536K), 0.0304544 secs] [Times: user=0.02 sys=0.00, real=0.03 secs] 
2024-10-09T21:49:48.363+0300: 771.198: Total time for which application threads were stopped: 0.0306659 seconds, Stopping threads took: 0.0000972 seconds
2024-10-09T21:49:48.536+0300: 771.372: Application time: 0.1747151 seconds
2024-10-09T21:49:48.536+0300: 771.373: [GC (Allocation Failure) 2024-10-09T21:49:48.536+0300: 771.373: [ParNew: 455315K->51072K(460096K), 0.0284892 secs] 5191879K->4792603K(8337536K), 0.0285740 secs] [Times: user=0.03 sys=0.00, real=0.03 secs] 
2024-10-09T21:49:48.567+0300: 771.401: Total time for which application threads were stopped: 0.0288503 seconds, Stopping threads took: 0.0001515 seconds
2024-10-09T21:49:48.724+0300: 771.560: Application time: 0.1590185 seconds
2024-10-09T21:49:48.724+0300: 771.560: [GC (Allocation Failure) 2024-10-09T21:49:48.724+0300: 771.561: [ParNew: 460096K->51072K(460096K), 0.0298388 secs] 5201627K->4805167K(8337536K), 0.0299332 secs] [Times: user=0.03 sys=0.00, real=0.03 secs] 
2024-10-09T21:49:48.755+0300: 771.590: Total time for which application threads were stopped: 0.0302293 seconds, Stopping threads took: 0.0001535 seconds
2024-10-09T21:49:48.913+0300: 771.747: Application time: 0.1564721 seconds
2024-10-09T21:49:48.913+0300: 771.747: [GC (Allocation Failure) 2024-10-09T21:49:48.913+0300: 771.747: [ParNew: 460096K->44322K(460096K), 0.0295896 secs] 5214191K->4827422K(8337536K), 0.0296827 secs] [Times: user=0.06 sys=0.00, real=0.03 secs] 
2024-10-09T21:49:48.944+0300: 771.777: Total time for which application threads were stopped: 0.0298914 seconds, Stopping threads took: 0.0000807 seconds
2024-10-09T21:49:49.117+0300: 771.956: Application time: 0.1794492 seconds
2024-10-09T21:49:49.117+0300: 771.956: [GC (Allocation Failure) 2024-10-09T21:49:49.117+0300: 771.956: [ParNew: 453346K->51072K(460096K), 0.0251204 secs] 5236446K->4836538K(8337536K), 0.0251999 secs] [Times: user=0.03 sys=0.00, real=0.03 secs] 
2024-10-09T21:49:49.148+0300: 771.982: Total time for which application threads were stopped: 0.0254446 seconds, Stopping threads took: 0.0001206 seconds
2024-10-09T21:49:49.304+0300: 772.140: Application time: 0.1583739 seconds
2024-10-09T21:49:49.304+0300: 772.140: [GC (Allocation Failure) 2024-10-09T21:49:49.304+0300: 772.140: [ParNew: 460096K->51072K(460096K), 0.0354504 secs] 5245562K->4858525K(8337536K), 0.0355369 secs] [Times: user=0.03 sys=0.00, real=0.03 secs] 
2024-10-09T21:49:49.336+0300: 772.176: Total time for which application threads were stopped: 0.0358631 seconds, Stopping threads took: 0.0002043 seconds
2024-10-09T21:49:49.493+0300: 772.327: Application time: 0.1506028 seconds
2024-10-09T21:49:49.493+0300: 772.327: [GC (Allocation Failure) 2024-10-09T21:49:49.493+0300: 772.327: [ParNew: 460096K->51072K(460096K), 0.0367617 secs] 5267549K->4898165K(8337536K), 0.0368475 secs] [Times: user=0.03 sys=0.00, real=0.03 secs] 
2024-10-09T21:49:49.524+0300: 772.364: Total time for which application threads were stopped: 0.0371099 seconds, Stopping threads took: 0.0001486 seconds
2024-10-09T21:49:49.712+0300: 772.544: Application time: 0.1806271 seconds
2024-10-09T21:49:49.712+0300: 772.545: [GC (Allocation Failure) 2024-10-09T21:49:49.712+0300: 772.545: [ParNew: 460096K->51072K(460096K), 0.0252262 secs] 5307189K->4900008K(8337536K), 0.0253215 secs] [Times: user=0.03 sys=0.00, real=0.03 secs] 
2024-10-09T21:49:49.744+0300: 772.570: Total time for which application threads were stopped: 0.0255795 seconds, Stopping threads took: 0.0001258 seconds
2024-10-09T21:49:49.901+0300: 772.735: Application time: 0.1655683 seconds
2024-10-09T21:49:49.901+0300: 772.736: [GC (Allocation Failure) 2024-10-09T21:49:49.901+0300: 772.736: [ParNew: 460096K->51072K(460096K), 0.0364269 secs] 5309032K->4923141K(8337536K), 0.0365211 secs] [Times: user=0.19 sys=0.00, real=0.03 secs] 
2024-10-09T21:49:49.932+0300: 772.772: Total time for which application threads were stopped: 0.0368179 seconds, Stopping threads took: 0.0001473 seconds
2024-10-09T21:49:50.089+0300: 772.927: Application time: 0.1551854 seconds
2024-10-09T21:49:50.089+0300: 772.928: [GC (Allocation Failure) 2024-10-09T21:49:50.089+0300: 772.928: [ParNew: 460096K->51072K(460096K), 0.0271322 secs] 5332165K->4941641K(8337536K), 0.0272185 secs] [Times: user=0.03 sys=0.00, real=0.03 secs] 
2024-10-09T21:49:50.120+0300: 772.955: Total time for which application threads were stopped: 0.0274665 seconds, Stopping threads took: 0.0001284 seconds
2024-10-09T21:49:50.293+0300: 773.122: Application time: 0.1667606 seconds
2024-10-09T21:49:50.293+0300: 773.122: [GC (Allocation Failure) 2024-10-09T21:49:50.293+0300: 773.122: [ParNew: 460096K->41881K(460096K), 0.0266329 secs] 5350665K->4948088K(8337536K), 0.0267216 secs] [Times: user=0.01 sys=0.00, real=0.02 secs] 
2024-10-09T21:49:50.309+0300: 773.149: Total time for which application threads were stopped: 0.0269839 seconds, Stopping threads took: 0.0001437 seconds
2024-10-09T21:49:50.482+0300: 773.314: Application time: 0.1648558 seconds
2024-10-09T21:49:50.482+0300: 773.314: [GC (Allocation Failure) 2024-10-09T21:49:50.482+0300: 773.314: [ParNew: 450905K->51072K(460096K), 0.0283728 secs] 5357112K->4968060K(8337536K), 0.0284601 secs] [Times: user=0.03 sys=0.00, real=0.03 secs] 
2024-10-09T21:49:50.513+0300: 773.342: Total time for which application threads were stopped: 0.0287262 seconds, Stopping threads took: 0.0001495 seconds
2024-10-09T21:49:50.670+0300: 773.502: Application time: 0.1596055 seconds
2024-10-09T21:49:50.670+0300: 773.502: [GC (Allocation Failure) 2024-10-09T21:49:50.670+0300: 773.502: [ParNew: 460096K->51072K(460096K), 0.0350786 secs] 5377084K->4991116K(8337536K), 0.0351740 secs] [Times: user=0.08 sys=0.00, real=0.03 secs] 
2024-10-09T21:49:50.702+0300: 773.537: Total time for which application threads were stopped: 0.0354273 seconds, Stopping threads took: 0.0001168 seconds
2024-10-09T21:49:50.858+0300: 773.697: Application time: 0.1594449 seconds
2024-10-09T21:49:50.858+0300: 773.697: [GC (Allocation Failure) 2024-10-09T21:49:50.858+0300: 773.697: [ParNew: 460096K->51072K(460096K), 0.0289688 secs] 5400140K->5012959K(8337536K), 0.0290609 secs] [Times: user=0.05 sys=0.00, real=0.04 secs] 
2024-10-09T21:49:50.900+0300: 773.726: Total time for which application threads were stopped: 0.0293244 seconds, Stopping threads took: 0.0001445 seconds
2024-10-09T21:49:51.061+0300: 773.897: Application time: 0.1706224 seconds
2024-10-09T21:49:51.061+0300: 773.897: [GC (Allocation Failure) 2024-10-09T21:49:51.061+0300: 773.897: [ParNew: 460096K->51072K(460096K), 0.0271417 secs] 5421983K->5023791K(8337536K), 0.0272300 secs] [Times: user=0.03 sys=0.00, real=0.03 secs] 
2024-10-09T21:49:51.093+0300: 773.924: Total time for which application threads were stopped: 0.0275036 seconds, Stopping threads took: 0.0001512 seconds
2024-10-09T21:49:51.250+0300: 774.082: Application time: 0.1580580 seconds
2024-10-09T21:49:51.250+0300: 774.082: [GC (Allocation Failure) 2024-10-09T21:49:51.250+0300: 774.083: [ParNew: 460096K->48904K(460096K), 0.0353445 secs] 5432815K->5049837K(8337536K), 0.0354365 secs] [Times: user=0.03 sys=0.00, real=0.03 secs] 
2024-10-09T21:49:51.284+0300: 774.118: Total time for which application threads were stopped: 0.0357144 seconds, Stopping threads took: 0.0001496 seconds
2024-10-09T21:49:51.438+0300: 774.272: Application time: 0.1535664 seconds
2024-10-09T21:49:51.438+0300: 774.272: [GC (Allocation Failure) 2024-10-09T21:49:51.438+0300: 774.272: [ParNew: 457928K->51072K(460096K), 0.0259526 secs] 5458861K->5065421K(8337536K), 0.0260365 secs] [Times: user=0.03 sys=0.00, real=0.03 secs] 
2024-10-09T21:49:51.470+0300: 774.298: Total time for which application threads were stopped: 0.0263237 seconds, Stopping threads took: 0.0001683 seconds
2024-10-09T21:49:51.627+0300: 774.466: Application time: 0.1683485 seconds
2024-10-09T21:49:51.627+0300: 774.466: [GC (Allocation Failure) 2024-10-09T21:49:51.627+0300: 774.466: [ParNew: 460096K->51072K(460096K), 0.0280667 secs] 5474445K->5080548K(8337536K), 0.0281586 secs] [Times: user=0.03 sys=0.00, real=0.03 secs] 
2024-10-09T21:49:51.658+0300: 774.495: Total time for which application threads were stopped: 0.0284258 seconds, Stopping threads took: 0.0001363 seconds
2024-10-09T21:49:51.831+0300: 774.660: Application time: 0.1650658 seconds
2024-10-09T21:49:51.831+0300: 774.660: [GC (Allocation Failure) 2024-10-09T21:49:51.831+0300: 774.660: [ParNew: 460096K->51072K(460096K), 0.0317408 secs] 5489572K->5100858K(8337536K), 0.0318392 secs] [Times: user=0.17 sys=0.00, real=0.03 secs] 
2024-10-09T21:49:51.862+0300: 774.692: Total time for which application threads were stopped: 0.0320941 seconds, Stopping threads took: 0.0001159 seconds
2024-10-09T21:49:52.019+0300: 774.852: Application time: 0.1601095 seconds
2024-10-09T21:49:52.019+0300: 774.852: [GC (Allocation Failure) 2024-10-09T21:49:52.019+0300: 774.852: [ParNew: 460096K->51072K(460096K), 0.0321315 secs] 5509882K->5122716K(8337536K), 0.0322266 secs] [Times: user=0.19 sys=0.00, real=0.03 secs] 
2024-10-09T21:49:52.051+0300: 774.884: Total time for which application threads were stopped: 0.0324891 seconds, Stopping threads took: 0.0001098 seconds
2024-10-09T21:49:52.224+0300: 775.054: Application time: 0.1695576 seconds
2024-10-09T21:49:52.224+0300: 775.054: [GC (Allocation Failure) 2024-10-09T21:49:52.224+0300: 775.054: [ParNew: 460096K->51072K(460096K), 0.0300131 secs] 5531740K->5145759K(8337536K), 0.0301003 secs] [Times: user=0.02 sys=0.00, real=0.03 secs] 
2024-10-09T21:49:52.255+0300: 775.084: Total time for which application threads were stopped: 0.0303600 seconds, Stopping threads took: 0.0001394 seconds
2024-10-09T21:49:52.412+0300: 775.245: Application time: 0.1603915 seconds
2024-10-09T21:49:52.412+0300: 775.245: [GC (Allocation Failure) 2024-10-09T21:49:52.412+0300: 775.245: [ParNew: 460096K->51072K(460096K), 0.0275620 secs] 5554783K->5157475K(8337536K), 0.0276481 secs] [Times: user=0.03 sys=0.00, real=0.03 secs] 
2024-10-09T21:49:52.443+0300: 775.273: Total time for which application threads were stopped: 0.0278887 seconds, Stopping threads took: 0.0001218 seconds
2024-10-09T21:49:52.601+0300: 775.428: Application time: 0.1550387 seconds
2024-10-09T21:49:52.601+0300: 775.428: [GC (Allocation Failure) 2024-10-09T21:49:52.601+0300: 775.428: [ParNew: 460096K->51072K(460096K), 0.0284482 secs] 5566499K->5176567K(8337536K), 0.0285377 secs] [Times: user=0.02 sys=0.00, real=0.01 secs] 
2024-10-09T21:49:52.616+0300: 775.456: Total time for which application threads were stopped: 0.0287847 seconds, Stopping threads took: 0.0001285 seconds
2024-10-09T21:49:52.789+0300: 775.628: Application time: 0.1715991 seconds
2024-10-09T21:49:52.789+0300: 775.628: [GC (Allocation Failure) 2024-10-09T21:49:52.789+0300: 775.628: [ParNew: 460096K->50952K(460096K), 0.0312725 secs] 5585591K->5201028K(8337536K), 0.0313644 secs] [Times: user=0.08 sys=0.00, real=0.03 secs] 
2024-10-09T21:49:52.820+0300: 775.660: Total time for which application threads were stopped: 0.0316752 seconds, Stopping threads took: 0.0001651 seconds
2024-10-09T21:49:52.993+0300: 775.824: Application time: 0.1639791 seconds
2024-10-09T21:49:52.993+0300: 775.824: [GC (Allocation Failure) 2024-10-09T21:49:52.993+0300: 775.824: [ParNew: 459976K->51072K(460096K), 0.0275442 secs] 5610052K->5210481K(8337536K), 0.0276306 secs] [Times: user=0.02 sys=0.00, real=0.03 secs] 
2024-10-09T21:49:53.024+0300: 775.852: Total time for which application threads were stopped: 0.0278769 seconds, Stopping threads took: 0.0001341 seconds
2024-10-09T21:49:53.165+0300: 776.006: Application time: 0.1546725 seconds
2024-10-09T21:49:53.165+0300: 776.007: [GC (Allocation Failure) 2024-10-09T21:49:53.181+0300: 776.007: [ParNew: 460096K->46933K(460096K), 0.0307706 secs] 5619505K->5228199K(8337536K), 0.0309036 secs] [Times: user=0.02 sys=0.01, real=0.03 secs] 
2024-10-09T21:49:53.197+0300: 776.037: Total time for which application threads were stopped: 0.0312013 seconds, Stopping threads took: 0.0001783 seconds
2024-10-09T21:49:53.369+0300: 776.200: Application time: 0.1625839 seconds
2024-10-09T21:49:53.369+0300: 776.200: [GC (Allocation Failure) 2024-10-09T21:49:53.369+0300: 776.200: [ParNew: 455957K->51072K(460096K), 0.0268794 secs] 5637223K->5248086K(8337536K), 0.0269643 secs] [Times: user=0.02 sys=0.00, real=0.03 secs] 
2024-10-09T21:49:53.401+0300: 776.227: Total time for which application threads were stopped: 0.0272238 seconds, Stopping threads took: 0.0001401 seconds
2024-10-09T21:49:53.558+0300: 776.390: Application time: 0.1624500 seconds
2024-10-09T21:49:53.558+0300: 776.390: [GC (Allocation Failure) 2024-10-09T21:49:53.558+0300: 776.390: [ParNew: 460096K->51072K(460096K), 0.0270487 secs] 5657110K->5258537K(8337536K), 0.0271326 secs] [Times: user=0.03 sys=0.00, real=0.03 secs] 
2024-10-09T21:49:53.590+0300: 776.417: Total time for which application threads were stopped: 0.0273798 seconds, Stopping threads took: 0.0001271 seconds
2024-10-09T21:49:53.746+0300: 776.577: Application time: 0.1602505 seconds
2024-10-09T21:49:53.746+0300: 776.578: [GC (Allocation Failure) 2024-10-09T21:49:53.746+0300: 776.578: [ParNew: 460096K->51072K(460096K), 0.0360978 secs] 5667561K->5289574K(8337536K), 0.0361866 secs] [Times: user=0.03 sys=0.00, real=0.03 secs] 
2024-10-09T21:49:53.777+0300: 776.614: Total time for which application threads were stopped: 0.0364739 seconds, Stopping threads took: 0.0001593 seconds
2024-10-09T21:49:53.935+0300: 776.775: Application time: 0.1615041 seconds
2024-10-09T21:49:53.935+0300: 776.776: [GC (Allocation Failure) 2024-10-09T21:49:53.935+0300: 776.776: [ParNew: 460096K->51072K(460096K), 0.0281874 secs] 5698598K->5306180K(8337536K), 0.0282741 secs] [Times: user=0.03 sys=0.00, real=0.03 secs] 
2024-10-09T21:49:53.966+0300: 776.804: Total time for which application threads were stopped: 0.0285537 seconds, Stopping threads took: 0.0001590 seconds
2024-10-09T21:49:54.139+0300: 776.971: Application time: 0.1669121 seconds
2024-10-09T21:49:54.139+0300: 776.971: [GC (Allocation Failure) 2024-10-09T21:49:54.139+0300: 776.971: [ParNew: 460096K->51072K(460096K), 0.0331099 secs] 5715204K->5331428K(8337536K), 0.0331958 secs] [Times: user=0.03 sys=0.00, real=0.03 secs] 
2024-10-09T21:49:54.170+0300: 777.004: Total time for which application threads were stopped: 0.0334396 seconds, Stopping threads took: 0.0001282 seconds
2024-10-09T21:49:54.327+0300: 777.159: Application time: 0.1545096 seconds
2024-10-09T21:49:54.327+0300: 777.159: [GC (Allocation Failure) 2024-10-09T21:49:54.327+0300: 777.159: [ParNew: 460096K->51072K(460096K), 0.0315181 secs] 5740452K->5351757K(8337536K), 0.0316086 secs] [Times: user=0.03 sys=0.00, real=0.03 secs] 
2024-10-09T21:49:54.358+0300: 777.191: Total time for which application threads were stopped: 0.0319190 seconds, Stopping threads took: 0.0001877 seconds
2024-10-09T21:49:54.516+0300: 777.350: Application time: 0.1593309 seconds
2024-10-09T21:49:54.516+0300: 777.350: [GC (Allocation Failure) 2024-10-09T21:49:54.516+0300: 777.350: [ParNew: 460096K->43508K(460096K), 0.0319712 secs] 5760781K->5368643K(8337536K), 0.0320612 secs] [Times: user=0.03 sys=0.00, real=0.03 secs] 
2024-10-09T21:49:54.547+0300: 777.382: Total time for which application threads were stopped: 0.0323239 seconds, Stopping threads took: 0.0001511 seconds
2024-10-09T21:49:54.720+0300: 777.550: Application time: 0.1679646 seconds
2024-10-09T21:49:54.720+0300: 777.551: [GC (Allocation Failure) 2024-10-09T21:49:54.720+0300: 777.551: [ParNew: 452532K->51072K(460096K), 0.0289810 secs] 5777667K->5391086K(8337536K), 0.0290795 secs] [Times: user=0.03 sys=0.00, real=0.03 secs] 
2024-10-09T21:49:54.751+0300: 777.580: Total time for which application threads were stopped: 0.0293780 seconds, Stopping threads took: 0.0001527 seconds
2024-10-09T21:49:54.908+0300: 777.736: Application time: 0.1566977 seconds
2024-10-09T21:49:54.908+0300: 777.737: [GC (Allocation Failure) 2024-10-09T21:49:54.908+0300: 777.737: [ParNew: 460096K->51072K(460096K), 0.0320314 secs] 5800110K->5411950K(8337536K), 0.0321361 secs] [Times: user=0.17 sys=0.00, real=0.03 secs] 
2024-10-09T21:49:54.939+0300: 777.769: Total time for which application threads were stopped: 0.0323910 seconds, Stopping threads took: 0.0001231 seconds
2024-10-09T21:49:55.096+0300: 777.931: Application time: 0.1626554 seconds
2024-10-09T21:49:55.096+0300: 777.932: [GC (Allocation Failure) 2024-10-09T21:49:55.096+0300: 777.932: [ParNew: 460096K->51072K(460096K), 0.0327253 secs] 5820974K->5438036K(8337536K), 0.0328148 secs] [Times: user=0.03 sys=0.00, real=0.03 secs] 
2024-10-09T21:49:55.128+0300: 777.965: Total time for which application threads were stopped: 0.0330958 seconds, Stopping threads took: 0.0001616 seconds
2024-10-09T21:49:55.300+0300: 778.129: Application time: 0.1642476 seconds
2024-10-09T21:49:55.300+0300: 778.129: [GC (Allocation Failure) 2024-10-09T21:49:55.300+0300: 778.129: [ParNew: 460096K->51072K(460096K), 0.0285902 secs] 5847060K->5452730K(8337536K), 0.0286711 secs] [Times: user=0.03 sys=0.00, real=0.03 secs] 
2024-10-09T21:49:55.332+0300: 778.158: Total time for which application threads were stopped: 0.0289147 seconds, Stopping threads took: 0.0001172 seconds
2024-10-09T21:49:55.473+0300: 778.314: Application time: 0.1560471 seconds
2024-10-09T21:49:55.473+0300: 778.314: [GC (Allocation Failure) 2024-10-09T21:49:55.473+0300: 778.314: [ParNew: 460096K->51072K(460096K), 0.0321220 secs] 5861754K->5474968K(8337536K), 0.0322033 secs] [Times: user=0.03 sys=0.02, real=0.05 secs] 
2024-10-09T21:49:55.520+0300: 778.346: Total time for which application threads were stopped: 0.0324962 seconds, Stopping threads took: 0.0001751 seconds
2024-10-09T21:49:55.677+0300: 778.516: Application time: 0.1696494 seconds
2024-10-09T21:49:55.677+0300: 778.516: [GC (Allocation Failure) 2024-10-09T21:49:55.677+0300: 778.516: [ParNew: 460096K->44535K(460096K), 0.0314075 secs] 5883992K->5488406K(8337536K), 0.0315034 secs] [Times: user=0.17 sys=0.00, real=0.03 secs] 
2024-10-09T21:49:55.709+0300: 778.548: Total time for which application threads were stopped: 0.0317605 seconds, Stopping threads took: 0.0001237 seconds
2024-10-09T21:49:55.881+0300: 778.713: Application time: 0.1649529 seconds
2024-10-09T21:49:55.881+0300: 778.713: [GC (Allocation Failure) 2024-10-09T21:49:55.881+0300: 778.713: [ParNew: 453559K->51072K(460096K), 0.0283898 secs] 5897430K->5507757K(8337536K), 0.0284811 secs] [Times: user=0.03 sys=0.00, real=0.03 secs] 
2024-10-09T21:49:55.913+0300: 778.741: Total time for which application threads were stopped: 0.0287430 seconds, Stopping threads took: 0.0001463 seconds
2024-10-09T21:49:56.054+0300: 778.895: Application time: 0.1537893 seconds
2024-10-09T21:49:56.070+0300: 778.896: [GC (Allocation Failure) 2024-10-09T21:49:56.070+0300: 778.896: [ParNew: 460096K->51072K(460096K), 0.0291258 secs] 5916781K->5524131K(8337536K), 0.0292146 secs] [Times: user=0.03 sys=0.00, real=0.02 secs] 
2024-10-09T21:49:56.094+0300: 778.925: Total time for which application threads were stopped: 0.0295920 seconds, Stopping threads took: 0.0002586 seconds
2024-10-09T21:49:56.258+0300: 779.089: Application time: 0.1639001 seconds
2024-10-09T21:49:56.258+0300: 779.089: [GC (Allocation Failure) 2024-10-09T21:49:56.258+0300: 779.089: [ParNew: 460096K->50684K(460096K), 0.0310146 secs] 5933155K->5547775K(8337536K), 0.0311031 secs] [Times: user=0.03 sys=0.00, real=0.03 secs] 
2024-10-09T21:49:56.289+0300: 779.120: Total time for which application threads were stopped: 0.0313575 seconds, Stopping threads took: 0.0001365 seconds
2024-10-09T21:49:56.447+0300: 779.288: Application time: 0.1676555 seconds
2024-10-09T21:49:56.447+0300: 779.288: [GC (Allocation Failure) 2024-10-09T21:49:56.447+0300: 779.288: [ParNew: 459708K->51072K(460096K), 0.0266006 secs] 5956799K->5557680K(8337536K), 0.0266945 secs] [Times: user=0.06 sys=0.00, real=0.03 secs] 
2024-10-09T21:49:56.478+0300: 779.315: Total time for which application threads were stopped: 0.0269549 seconds, Stopping threads took: 0.0001393 seconds
2024-10-09T21:49:56.635+0300: 779.469: Application time: 0.1539401 seconds
2024-10-09T21:49:56.635+0300: 779.469: [GC (Allocation Failure) 2024-10-09T21:49:56.635+0300: 779.469: [ParNew: 460096K->51072K(460096K), 0.0340024 secs] 5966704K->5580245K(8337536K), 0.0340871 secs] [Times: user=0.03 sys=0.00, real=0.03 secs] 
2024-10-09T21:49:56.666+0300: 779.503: Total time for which application threads were stopped: 0.0344170 seconds, Stopping threads took: 0.0002098 seconds
2024-10-09T21:49:56.839+0300: 779.668: Application time: 0.1654751 seconds
2024-10-09T21:49:56.839+0300: 779.669: [GC (Allocation Failure) 2024-10-09T21:49:56.839+0300: 779.669: [ParNew: 460096K->51072K(460096K), 0.0353488 secs] 5989269K->5612952K(8337536K), 0.0354413 secs] [Times: user=0.03 sys=0.00, real=0.03 secs] 
2024-10-09T21:49:56.870+0300: 779.704: Total time for which application threads were stopped: 0.0356974 seconds, Stopping threads took: 0.0001335 seconds
2024-10-09T21:49:57.043+0300: 779.873: Application time: 0.1684785 seconds
2024-10-09T21:49:57.043+0300: 779.873: [GC (Allocation Failure) 2024-10-09T21:49:57.043+0300: 779.873: [ParNew: 460096K->51072K(460096K), 0.0279084 secs] 6021976K->5627766K(8337536K), 0.0279895 secs] [Times: user=0.03 sys=0.00, real=0.03 secs] 
2024-10-09T21:49:57.074+0300: 779.901: Total time for which application threads were stopped: 0.0282238 seconds, Stopping threads took: 0.0001226 seconds
2024-10-09T21:49:57.231+0300: 780.059: Application time: 0.1584606 seconds
2024-10-09T21:49:57.231+0300: 780.060: [GC (Allocation Failure) 2024-10-09T21:49:57.231+0300: 780.060: [ParNew: 460096K->51072K(460096K), 0.0324442 secs] 6036790K->5647284K(8337536K), 0.0325418 secs] [Times: user=0.08 sys=0.00, real=0.03 secs] 
2024-10-09T21:49:57.263+0300: 780.092: Total time for which application threads were stopped: 0.0328179 seconds, Stopping threads took: 0.0001289 seconds
2024-10-09T21:49:57.420+0300: 780.249: Application time: 0.1571638 seconds
2024-10-09T21:49:57.420+0300: 780.250: [GC (Allocation Failure) 2024-10-09T21:49:57.420+0300: 780.250: [ParNew: 460096K->39639K(460096K), 0.0305755 secs] 6056308K->5659192K(8337536K), 0.0306890 secs] [Times: user=0.03 sys=0.00, real=0.03 secs] 
2024-10-09T21:49:57.451+0300: 780.280: Total time for which application threads were stopped: 0.0309584 seconds, Stopping threads took: 0.0001370 seconds
2024-10-09T21:49:57.624+0300: 780.458: Application time: 0.1780157 seconds
2024-10-09T21:49:57.624+0300: 780.459: [GC (Allocation Failure) 2024-10-09T21:49:57.624+0300: 780.459: [ParNew: 448663K->48166K(460096K), 0.0325903 secs] 6068216K->5688815K(8337536K), 0.0326918 secs] [Times: user=0.03 sys=0.00, real=0.03 secs] 
2024-10-09T21:49:57.655+0300: 780.491: Total time for which application threads were stopped: 0.0329782 seconds, Stopping threads took: 0.0001298 seconds
2024-10-09T21:49:57.828+0300: 780.667: Application time: 0.1758392 seconds
2024-10-09T21:49:57.828+0300: 780.667: [GC (Allocation Failure) 2024-10-09T21:49:57.828+0300: 780.667: [ParNew: 457190K->51072K(460096K), 0.0265139 secs] 6097839K->5697390K(8337536K), 0.0265888 secs] [Times: user=0.11 sys=0.00, real=0.03 secs] 
2024-10-09T21:49:57.860+0300: 780.694: Total time for which application threads were stopped: 0.0268494 seconds, Stopping threads took: 0.0001410 seconds
2024-10-09T21:49:58.017+0300: 780.857: Application time: 0.1632533 seconds
2024-10-09T21:49:58.017+0300: 780.857: [GC (Allocation Failure) 2024-10-09T21:49:58.017+0300: 780.858: [ParNew: 460096K->43055K(460096K), 0.0334360 secs] 6106414K->5717897K(8337536K), 0.0335347 secs] [Times: user=0.19 sys=0.00, real=0.05 secs] 
2024-10-09T21:49:58.063+0300: 780.891: Total time for which application threads were stopped: 0.0338042 seconds, Stopping threads took: 0.0001383 seconds
2024-10-09T21:49:58.236+0300: 781.062: Application time: 0.1711829 seconds
2024-10-09T21:49:58.236+0300: 781.062: [GC (Allocation Failure) 2024-10-09T21:49:58.236+0300: 781.062: [ParNew: 452079K->51072K(460096K), 0.0270943 secs] 6126921K->5740565K(8337536K), 0.0271882 secs] [Times: user=0.17 sys=0.00, real=0.02 secs] 
2024-10-09T21:49:58.252+0300: 781.090: Total time for which application threads were stopped: 0.0274120 seconds, Stopping threads took: 0.0000875 seconds
2024-10-09T21:49:58.425+0300: 781.259: Application time: 0.1698517 seconds
2024-10-09T21:49:58.425+0300: 781.260: [GC (Allocation Failure) 2024-10-09T21:49:58.425+0300: 781.260: [ParNew: 460096K->51072K(460096K), 0.0290772 secs] 6149589K->5752627K(8337536K), 0.0291659 secs] [Times: user=0.19 sys=0.00, real=0.03 secs] 
2024-10-09T21:49:58.456+0300: 781.289: Total time for which application threads were stopped: 0.0294652 seconds, Stopping threads took: 0.0001745 seconds
2024-10-09T21:49:58.600+0300: 781.438: Application time: 0.1492972 seconds
2024-10-09T21:49:58.600+0300: 781.438: [GC (Allocation Failure) 2024-10-09T21:49:58.600+0300: 781.439: [ParNew: 460096K->51072K(460096K), 0.0290651 secs] 6161651K->5772832K(8337536K), 0.0291568 secs] [Times: user=0.16 sys=0.00, real=0.03 secs] 
2024-10-09T21:49:58.629+0300: 781.468: Total time for which application threads were stopped: 0.0294115 seconds, Stopping threads took: 0.0001328 seconds
2024-10-09T21:49:58.817+0300: 781.646: Application time: 0.1783305 seconds
2024-10-09T21:49:58.817+0300: 781.646: [GC (Allocation Failure) 2024-10-09T21:49:58.817+0300: 781.646: [ParNew: 460096K->44908K(460096K), 0.0294194 secs] 6181856K->5791425K(8337536K), 0.0295094 secs] [Times: user=0.11 sys=0.00, real=0.03 secs] 
2024-10-09T21:49:58.848+0300: 781.676: Total time for which application threads were stopped: 0.0297836 seconds, Stopping threads took: 0.0001380 seconds
2024-10-09T21:49:59.021+0300: 781.855: Application time: 0.1794585 seconds
2024-10-09T21:49:59.021+0300: 781.855: [GC (Allocation Failure) 2024-10-09T21:49:59.021+0300: 781.856: [ParNew: 453932K->51072K(460096K), 0.0257993 secs] 6200449K->5801845K(8337536K), 0.0258854 secs] [Times: user=0.14 sys=0.00, real=0.03 secs] 
2024-10-09T21:49:59.052+0300: 781.881: Total time for which application threads were stopped: 0.0261395 seconds, Stopping threads took: 0.0001314 seconds
2024-10-09T21:49:59.193+0300: 782.026: Application time: 0.1443677 seconds
2024-10-09T21:49:59.193+0300: 782.026: [GC (Allocation Failure) 2024-10-09T21:49:59.193+0300: 782.026: [ParNew: 460096K->51072K(460096K), 0.0305624 secs] 6210869K->5822509K(8337536K), 0.0306545 secs] [Times: user=0.12 sys=0.00, real=0.03 secs] 
2024-10-09T21:49:59.225+0300: 782.057: Total time for which application threads were stopped: 0.0309123 seconds, Stopping threads took: 0.0001337 seconds
2024-10-09T21:49:59.382+0300: 782.222: Application time: 0.1648663 seconds
2024-10-09T21:49:59.382+0300: 782.222: [GC (Allocation Failure) 2024-10-09T21:49:59.382+0300: 782.222: [ParNew: 460096K->43111K(460096K), 0.0310832 secs] 6231533K->5844772K(8337536K), 0.0311769 secs] [Times: user=0.16 sys=0.00, real=0.03 secs] 
2024-10-09T21:49:59.413+0300: 782.253: Total time for which application threads were stopped: 0.0314001 seconds, Stopping threads took: 0.0000898 seconds
2024-10-09T21:49:59.602+0300: 782.434: Application time: 0.1814542 seconds
2024-10-09T21:49:59.602+0300: 782.435: [GC (Allocation Failure) 2024-10-09T21:49:59.602+0300: 782.435: [ParNew: 452135K->51072K(460096K), 0.0244593 secs] 6253796K->5854435K(8337536K), 0.0245452 secs] [Times: user=0.14 sys=0.03, real=0.03 secs] 
2024-10-09T21:49:59.633+0300: 782.459: Total time for which application threads were stopped: 0.0247886 seconds, Stopping threads took: 0.0001168 seconds
2024-10-09T21:49:59.790+0300: 782.622: Application time: 0.1629461 seconds
2024-10-09T21:49:59.790+0300: 782.623: [GC (Allocation Failure) 2024-10-09T21:49:59.790+0300: 782.623: [ParNew: 460096K->51072K(460096K), 0.0276050 secs] 6263459K->5864299K(8337536K), 0.0276922 secs] [Times: user=0.12 sys=0.00, real=0.03 secs] 
2024-10-09T21:49:59.821+0300: 782.650: Total time for which application threads were stopped: 0.0283417 seconds, Stopping threads took: 0.0005238 seconds
2024-10-09T21:49:59.978+0300: 782.809: Application time: 0.1588438 seconds
2024-10-09T21:49:59.978+0300: 782.810: [GC (Allocation Failure) 2024-10-09T21:49:59.978+0300: 782.810: [ParNew: 460096K->50312K(460096K), 0.0324676 secs] 6273323K->5897690K(8337536K), 0.0325683 secs] [Times: user=0.19 sys=0.00, real=0.03 secs] 
2024-10-09T21:50:00.010+0300: 782.842: Total time for which application threads were stopped: 0.0328164 seconds, Stopping threads took: 0.0001134 seconds
2024-10-09T21:50:00.198+0300: 783.027: Application time: 0.1844261 seconds
2024-10-09T21:50:00.198+0300: 783.027: [GC (Allocation Failure) 2024-10-09T21:50:00.198+0300: 783.027: [ParNew: 459336K->51072K(460096K), 0.0260510 secs] 6306714K->5900973K(8337536K), 0.0261321 secs] [Times: user=0.14 sys=0.00, real=0.02 secs] 
2024-10-09T21:50:00.214+0300: 783.053: Total time for which application threads were stopped: 0.0263530 seconds, Stopping threads took: 0.0000920 seconds
2024-10-09T21:50:00.386+0300: 783.214: Application time: 0.1614245 seconds
2024-10-09T21:50:00.386+0300: 783.215: [GC (Allocation Failure) 2024-10-09T21:50:00.386+0300: 783.215: [ParNew: 460096K->51072K(460096K), 0.0338930 secs] 6309997K->5920992K(8337536K), 0.0339848 secs] [Times: user=0.12 sys=0.00, real=0.03 secs] 
2024-10-09T21:50:00.418+0300: 783.249: Total time for which application threads were stopped: 0.0343030 seconds, Stopping threads took: 0.0001895 seconds
2024-10-09T21:50:00.559+0300: 783.400: Application time: 0.1512793 seconds
2024-10-09T21:50:00.559+0300: 783.400: [GC (Allocation Failure) 2024-10-09T21:50:00.559+0300: 783.400: [ParNew: 460096K->44237K(460096K), 0.0330638 secs] 6330016K->5949722K(8337536K), 0.0331576 secs] [Times: user=0.17 sys=0.00, real=0.05 secs] 
2024-10-09T21:50:00.606+0300: 783.433: Total time for which application threads were stopped: 0.0334224 seconds, Stopping threads took: 0.0001391 seconds
2024-10-09T21:50:00.794+0300: 783.625: Application time: 0.1911849 seconds
2024-10-09T21:50:00.794+0300: 783.625: [GC (Allocation Failure) 2024-10-09T21:50:00.794+0300: 783.625: [ParNew: 453261K->51072K(460096K), 0.0250769 secs] 6358746K->5959003K(8337536K), 0.0252004 secs] [Times: user=0.03 sys=0.00, real=0.02 secs] 
2024-10-09T21:50:00.810+0300: 783.650: Total time for which application threads were stopped: 0.0254659 seconds, Stopping threads took: 0.0001260 seconds
2024-10-09T21:50:00.983+0300: 783.812: Application time: 0.1620923 seconds
2024-10-09T21:50:00.983+0300: 783.812: [GC (Allocation Failure) 2024-10-09T21:50:00.983+0300: 783.812: [ParNew: 460096K->51072K(460096K), 0.0363246 secs] 6368027K->5981442K(8337536K), 0.0364223 secs] [Times: user=0.05 sys=0.00, real=0.03 secs] 
2024-10-09T21:50:01.014+0300: 783.849: Total time for which application threads were stopped: 0.0367056 seconds, Stopping threads took: 0.0001509 seconds
2024-10-09T21:50:01.156+0300: 783.992: Application time: 0.1434297 seconds
2024-10-09T21:50:01.156+0300: 783.993: [GC (Allocation Failure) 2024-10-09T21:50:01.156+0300: 783.993: [ParNew: 460096K->51072K(460096K), 0.0338458 secs] 6390466K->6017750K(8337536K), 0.0339365 secs] [Times: user=0.03 sys=0.00, real=0.03 secs] 
2024-10-09T21:50:01.187+0300: 784.026: Total time for which application threads were stopped: 0.0342071 seconds, Stopping threads took: 0.0001536 seconds
2024-10-09T21:50:01.375+0300: 784.206: Application time: 0.1799017 seconds
2024-10-09T21:50:01.375+0300: 784.207: [GC (Allocation Failure) 2024-10-09T21:50:01.375+0300: 784.207: [ParNew: 460096K->51072K(460096K), 0.0262949 secs] 6426774K->6020829K(8337536K), 0.0263720 secs] [Times: user=0.03 sys=0.00, real=0.03 secs] 
2024-10-09T21:50:01.406+0300: 784.233: Total time for which application threads were stopped: 0.0266220 seconds, Stopping threads took: 0.0001324 seconds
2024-10-09T21:50:01.563+0300: 784.401: Application time: 0.1678995 seconds
2024-10-09T21:50:01.563+0300: 784.401: [GC (Allocation Failure) 2024-10-09T21:50:01.563+0300: 784.401: [ParNew: 460096K->51072K(460096K), 0.0356667 secs] 6429853K->6041159K(8337536K), 0.0357555 secs] [Times: user=0.08 sys=0.00, real=0.05 secs] 
2024-10-09T21:50:01.611+0300: 784.437: Total time for which application threads were stopped: 0.0360618 seconds, Stopping threads took: 0.0001680 seconds
2024-10-09T21:50:01.752+0300: 784.589: Application time: 0.1518287 seconds
2024-10-09T21:50:01.752+0300: 784.589: [GC (Allocation Failure) 2024-10-09T21:50:01.752+0300: 784.589: [ParNew: 460096K->48053K(460096K), 0.0307564 secs] 6450183K->6065547K(8337536K), 0.0308529 secs] [Times: user=0.03 sys=0.00, real=0.03 secs] 
2024-10-09T21:50:01.783+0300: 784.620: Total time for which application threads were stopped: 0.0311709 seconds, Stopping threads took: 0.0001770 seconds
2024-10-09T21:50:01.956+0300: 784.794: Application time: 0.1744088 seconds
2024-10-09T21:50:01.956+0300: 784.795: [GC (Allocation Failure) 2024-10-09T21:50:01.956+0300: 784.795: [ParNew: 457077K->39953K(460096K), 0.0293414 secs] 6474571K->6077768K(8337536K), 0.0294620 secs] [Times: user=0.12 sys=0.00, real=0.03 secs] 
2024-10-09T21:50:01.987+0300: 784.824: Total time for which application threads were stopped: 0.0298020 seconds, Stopping threads took: 0.0001596 seconds
2024-10-09T21:50:02.160+0300: 784.993: Application time: 0.1686169 seconds
2024-10-09T21:50:02.160+0300: 784.993: [GC (Allocation Failure) 2024-10-09T21:50:02.160+0300: 784.993: [ParNew: 448977K->51072K(460096K), 0.0278355 secs] 6486792K->6096719K(8337536K), 0.0279247 secs] [Times: user=0.03 sys=0.00, real=0.03 secs] 
2024-10-09T21:50:02.191+0300: 785.021: Total time for which application threads were stopped: 0.0282353 seconds, Stopping threads took: 0.0001885 seconds
2024-10-09T21:50:02.332+0300: 785.169: Application time: 0.1481101 seconds
2024-10-09T21:50:02.332+0300: 785.169: [GC (Allocation Failure) 2024-10-09T21:50:02.332+0300: 785.169: [ParNew: 460096K->51072K(460096K), 0.0285440 secs] 6505743K->6115572K(8337536K), 0.0286334 secs] [Times: user=0.05 sys=0.00, real=0.03 secs] 
2024-10-09T21:50:02.364+0300: 785.198: Total time for which application threads were stopped: 0.0289371 seconds, Stopping threads took: 0.0001836 seconds
2024-10-09T21:50:02.536+0300: 785.365: Application time: 0.1673363 seconds
2024-10-09T21:50:02.536+0300: 785.366: [GC (Allocation Failure) 2024-10-09T21:50:02.536+0300: 785.366: [ParNew: 460096K->48089K(460096K), 0.0279034 secs] 6524596K->6131010K(8337536K), 0.0280572 secs] [Times: user=0.02 sys=0.00, real=0.03 secs] 
2024-10-09T21:50:02.568+0300: 785.394: Total time for which application threads were stopped: 0.0283264 seconds, Stopping threads took: 0.0001467 seconds
2024-10-09T21:50:02.740+0300: 785.568: Application time: 0.1738675 seconds
2024-10-09T21:50:02.740+0300: 785.568: [GC (Allocation Failure) 2024-10-09T21:50:02.740+0300: 785.568: [ParNew: 457113K->51072K(460096K), 0.0277024 secs] 6540034K->6144062K(8337536K), 0.0277886 secs] [Times: user=0.02 sys=0.00, real=0.02 secs] 
2024-10-09T21:50:02.756+0300: 785.596: Total time for which application threads were stopped: 0.0280841 seconds, Stopping threads took: 0.0001748 seconds
2024-10-09T21:50:02.913+0300: 785.741: Application time: 0.1450137 seconds
2024-10-09T21:50:02.913+0300: 785.741: [GC (Allocation Failure) 2024-10-09T21:50:02.913+0300: 785.741: [ParNew: 460096K->51072K(460096K), 0.0321316 secs] 6553086K->6168189K(8337536K), 0.0322207 secs] [Times: user=0.01 sys=0.00, real=0.03 secs] 
2024-10-09T21:50:02.944+0300: 785.773: Total time for which application threads were stopped: 0.0324812 seconds, Stopping threads took: 0.0001346 seconds
2024-10-09T21:50:03.110+0300: 785.943: Application time: 0.1693669 seconds
2024-10-09T21:50:03.110+0300: 785.943: [GC (Allocation Failure) 2024-10-09T21:50:03.117+0300: 785.943: [ParNew: 460096K->51072K(460096K), 0.0295700 secs] 6577213K->6190410K(8337536K), 0.0296885 secs] [Times: user=0.02 sys=0.00, real=0.02 secs] 
2024-10-09T21:50:03.133+0300: 785.973: Total time for which application threads were stopped: 0.0299901 seconds, Stopping threads took: 0.0001565 seconds
2024-10-09T21:50:03.311+0300: 786.137: Application time: 0.1643707 seconds
2024-10-09T21:50:03.311+0300: 786.137: [GC (Allocation Failure) 2024-10-09T21:50:03.311+0300: 786.137: [ParNew: 460096K->51072K(460096K), 0.0313508 secs] 6599434K->6207963K(8337536K), 0.0314397 secs] [Times: user=0.03 sys=0.00, real=0.03 secs] 
2024-10-09T21:50:03.337+0300: 786.169: Total time for which application threads were stopped: 0.0316859 seconds, Stopping threads took: 0.0001253 seconds
2024-10-09T21:50:03.493+0300: 786.323: Application time: 0.1539125 seconds
2024-10-09T21:50:03.493+0300: 786.323: [GC (Allocation Failure) 2024-10-09T21:50:03.493+0300: 786.323: [ParNew: 460096K->51072K(460096K), 0.0297044 secs] 6616987K->6226110K(8337536K), 0.0297863 secs] [Times: user=0.03 sys=0.00, real=0.03 secs] 
2024-10-09T21:50:03.525+0300: 786.353: Total time for which application threads were stopped: 0.0300575 seconds, Stopping threads took: 0.0001561 seconds
2024-10-09T21:50:03.682+0300: 786.521: Application time: 0.1687747 seconds
2024-10-09T21:50:03.682+0300: 786.522: [GC (Allocation Failure) 2024-10-09T21:50:03.682+0300: 786.522: [ParNew: 460096K->50690K(460096K), 0.0335195 secs] 6635134K->6250551K(8337536K), 0.0336222 secs] [Times: user=0.19 sys=0.00, real=0.05 secs] 
2024-10-09T21:50:03.729+0300: 786.555: Total time for which application threads were stopped: 0.0339206 seconds, Stopping threads took: 0.0001396 seconds
2024-10-09T21:50:03.886+0300: 786.722: Application time: 0.1667495 seconds
2024-10-09T21:50:03.886+0300: 786.722: [GC (Allocation Failure) 2024-10-09T21:50:03.886+0300: 786.722: [ParNew: 459714K->51072K(460096K), 0.0276528 secs] 6659575K->6262578K(8337536K), 0.0277444 secs] [Times: user=0.03 sys=0.00, real=0.03 secs] 
2024-10-09T21:50:03.918+0300: 786.750: Total time for which application threads were stopped: 0.0280343 seconds, Stopping threads took: 0.0001629 seconds
2024-10-09T21:50:04.074+0300: 786.907: Application time: 0.1566523 seconds
2024-10-09T21:50:04.074+0300: 786.907: [GC (Allocation Failure) 2024-10-09T21:50:04.074+0300: 786.907: [ParNew: 460096K->51072K(460096K), 0.0314665 secs] 6671602K->6284088K(8337536K), 0.0315537 secs] [Times: user=0.03 sys=0.00, real=0.04 secs] 
2024-10-09T21:50:04.112+0300: 786.939: Total time for which application threads were stopped: 0.0318148 seconds, Stopping threads took: 0.0001485 seconds
2024-10-09T21:50:04.263+0300: 787.099: Application time: 0.1601295 seconds
2024-10-09T21:50:04.263+0300: 787.099: [GC (Allocation Failure) 2024-10-09T21:50:04.263+0300: 787.099: [ParNew: 460096K->49793K(460096K), 0.0323216 secs] 6693112K->6310731K(8337536K), 0.0324621 secs] [Times: user=0.03 sys=0.00, real=0.03 secs] 
2024-10-09T21:50:04.294+0300: 787.131: Total time for which application threads were stopped: 0.0327103 seconds, Stopping threads took: 0.0001388 seconds
2024-10-09T21:50:04.467+0300: 787.298: Application time: 0.1665937 seconds
2024-10-09T21:50:04.467+0300: 787.298: [GC (Allocation Failure) 2024-10-09T21:50:04.467+0300: 787.298: [ParNew: 458817K->51072K(460096K), 0.0269229 secs] 6719755K->6323087K(8337536K), 0.0270095 secs] [Times: user=0.01 sys=0.00, real=0.03 secs] 
2024-10-09T21:50:04.498+0300: 787.325: Total time for which application threads were stopped: 0.0272785 seconds, Stopping threads took: 0.0001425 seconds
2024-10-09T21:50:04.640+0300: 787.479: Application time: 0.1532796 seconds
2024-10-09T21:50:04.640+0300: 787.479: [GC (Allocation Failure) 2024-10-09T21:50:04.640+0300: 787.479: [ParNew: 460096K->51072K(460096K), 0.0379215 secs] 6732111K->6349092K(8337536K), 0.0380091 secs] [Times: user=0.03 sys=0.00, real=0.05 secs] 
2024-10-09T21:50:04.687+0300: 787.517: Total time for which application threads were stopped: 0.0383041 seconds, Stopping threads took: 0.0001742 seconds
2024-10-09T21:50:04.844+0300: 787.680: Application time: 0.1630321 seconds
2024-10-09T21:50:04.844+0300: 787.680: [GC (Allocation Failure) 2024-10-09T21:50:04.844+0300: 787.680: [ParNew: 460096K->51072K(460096K), 0.0275489 secs] 6758116K->6365406K(8337536K), 0.0276286 secs] [Times: user=0.03 sys=0.00, real=0.03 secs] 
2024-10-09T21:50:04.875+0300: 787.708: Total time for which application threads were stopped: 0.0278766 seconds, Stopping threads took: 0.0001305 seconds
2024-10-09T21:50:05.048+0300: 787.874: Application time: 0.1666700 seconds
2024-10-09T21:50:05.048+0300: 787.875: [GC (Allocation Failure) 2024-10-09T21:50:05.048+0300: 787.875: [ParNew: 460096K->51072K(460096K), 0.0281033 secs] 6774430K->6381002K(8337536K), 0.0281886 secs] [Times: user=0.02 sys=0.00, real=0.02 secs] 
2024-10-09T21:50:05.064+0300: 787.903: Total time for which application threads were stopped: 0.0284248 seconds, Stopping threads took: 0.0001181 seconds
2024-10-09T21:50:05.221+0300: 788.057: Application time: 0.1546067 seconds
2024-10-09T21:50:05.221+0300: 788.058: [GC (Allocation Failure) 2024-10-09T21:50:05.221+0300: 788.058: [ParNew: 460096K->51072K(460096K), 0.0328790 secs] 6790026K->6408306K(8337536K), 0.0329696 secs] [Times: user=0.03 sys=0.00, real=0.03 secs] 
2024-10-09T21:50:05.253+0300: 788.091: Total time for which application threads were stopped: 0.0332616 seconds, Stopping threads took: 0.0001481 seconds
2024-10-09T21:50:05.425+0300: 788.252: Application time: 0.1609944 seconds
2024-10-09T21:50:05.425+0300: 788.252: [GC (Allocation Failure) 2024-10-09T21:50:05.425+0300: 788.252: [ParNew: 460096K->51072K(460096K), 0.0314290 secs] 6817330K->6431902K(8337536K), 0.0315177 secs] [Times: user=0.03 sys=0.00, real=0.03 secs] 
2024-10-09T21:50:05.456+0300: 788.284: Total time for which application threads were stopped: 0.0317597 seconds, Stopping threads took: 0.0001166 seconds
2024-10-09T21:50:05.616+0300: 788.448: Application time: 0.1647157 seconds
2024-10-09T21:50:05.616+0300: 788.448: [GC (Allocation Failure) 2024-10-09T21:50:05.616+0300: 788.449: [ParNew: 460096K->51072K(460096K), 0.0268737 secs] 6840926K->6444421K(8337536K), 0.0269630 secs] [Times: user=0.03 sys=0.00, real=0.03 secs] 
2024-10-09T21:50:05.644+0300: 788.475: Total time for which application threads were stopped: 0.0272269 seconds, Stopping threads took: 0.0001452 seconds
2024-10-09T21:50:05.801+0300: 788.637: Application time: 0.1619351 seconds
2024-10-09T21:50:05.801+0300: 788.638: [GC (Allocation Failure) 2024-10-09T21:50:05.801+0300: 788.638: [ParNew: 460096K->51072K(460096K), 0.0326645 secs] 6853445K->6467983K(8337536K), 0.0327577 secs] [Times: user=0.03 sys=0.00, real=0.03 secs] 
2024-10-09T21:50:05.833+0300: 788.670: Total time for which application threads were stopped: 0.0330329 seconds, Stopping threads took: 0.0001547 seconds
2024-10-09T21:50:06.005+0300: 788.831: Application time: 0.1610368 seconds
2024-10-09T21:50:06.005+0300: 788.832: [GC (Allocation Failure) 2024-10-09T21:50:06.005+0300: 788.832: [ParNew: 460096K->51072K(460096K), 0.0265657 secs] 6877007K->6480061K(8337536K), 0.0266476 secs] [Times: user=0.02 sys=0.00, real=0.02 secs] 
2024-10-09T21:50:06.021+0300: 788.858: Total time for which application threads were stopped: 0.0269030 seconds, Stopping threads took: 0.0001387 seconds
2024-10-09T21:50:06.193+0300: 789.024: Application time: 0.1660346 seconds
2024-10-09T21:50:06.193+0300: 789.025: [GC (Allocation Failure) 2024-10-09T21:50:06.193+0300: 789.025: [ParNew: 460096K->51072K(460096K), 0.0333873 secs] 6889085K->6505436K(8337536K), 0.0334748 secs] [Times: user=0.03 sys=0.00, real=0.03 secs] 
2024-10-09T21:50:06.225+0300: 789.058: Total time for which application threads were stopped: 0.0337549 seconds, Stopping threads took: 0.0001598 seconds
2024-10-09T21:50:06.382+0300: 789.214: Application time: 0.1559853 seconds
2024-10-09T21:50:06.382+0300: 789.214: [GC (Allocation Failure) 2024-10-09T21:50:06.382+0300: 789.214: [ParNew: 460096K->50926K(460096K), 0.0338771 secs] 6914460K->6528298K(8337536K), 0.0339618 secs] [Times: user=0.03 sys=0.00, real=0.04 secs] 
2024-10-09T21:50:06.418+0300: 789.248: Total time for which application threads were stopped: 0.0342535 seconds, Stopping threads took: 0.0001749 seconds
2024-10-09T21:50:06.571+0300: 789.406: Application time: 0.1573720 seconds
2024-10-09T21:50:06.571+0300: 789.406: [GC (Allocation Failure) 2024-10-09T21:50:06.571+0300: 789.406: [ParNew: 459950K->51072K(460096K), 0.0303702 secs] 6937322K->6551761K(8337536K), 0.0304625 secs] [Times: user=0.03 sys=0.00, real=0.03 secs] 
2024-10-09T21:50:06.602+0300: 789.437: Total time for which application threads were stopped: 0.0307032 seconds, Stopping threads took: 0.0001183 seconds
2024-10-09T21:50:06.775+0300: 789.611: Application time: 0.1744413 seconds
2024-10-09T21:50:06.775+0300: 789.611: [GC (Allocation Failure) 2024-10-09T21:50:06.775+0300: 789.611: [ParNew: 460096K->51072K(460096K), 0.0312408 secs] 6960785K->6573416K(8337536K), 0.0313332 secs] [Times: user=0.03 sys=0.00, real=0.03 secs] 
2024-10-09T21:50:06.806+0300: 789.643: Total time for which application threads were stopped: 0.0315976 seconds, Stopping threads took: 0.0001403 seconds
2024-10-09T21:50:06.963+0300: 789.803: Application time: 0.1604621 seconds
2024-10-09T21:50:06.963+0300: 789.803: [GC (Allocation Failure) 2024-10-09T21:50:06.963+0300: 789.803: [ParNew: 460096K->51072K(460096K), 0.0263989 secs] 6982440K->6582670K(8337536K), 0.0264827 secs] [Times: user=0.03 sys=0.00, real=0.03 secs] 
2024-10-09T21:50:06.994+0300: 789.830: Total time for which application threads were stopped: 0.0267537 seconds, Stopping threads took: 0.0001518 seconds
2024-10-09T21:50:07.151+0300: 789.983: Application time: 0.1531981 seconds
2024-10-09T21:50:07.151+0300: 789.983: [GC (Allocation Failure) 2024-10-09T21:50:07.151+0300: 789.983: [ParNew: 460096K->47859K(460096K), 0.0318315 secs] 6991694K->6604722K(8337536K), 0.0319221 secs] [Times: user=0.03 sys=0.00, real=0.03 secs] 
2024-10-09T21:50:07.183+0300: 790.015: Total time for which application threads were stopped: 0.0321999 seconds, Stopping threads took: 0.0001545 seconds
2024-10-09T21:50:07.356+0300: 790.184: Application time: 0.1685101 seconds
2024-10-09T21:50:07.356+0300: 790.184: [GC (Allocation Failure) 2024-10-09T21:50:07.356+0300: 790.184: [ParNew: 456883K->51072K(460096K), 0.0292939 secs] 7013746K->6626032K(8337536K), 0.0293800 secs] [Times: user=0.01 sys=0.00, real=0.03 secs] 
2024-10-09T21:50:07.387+0300: 790.213: Total time for which application threads were stopped: 0.0296132 seconds, Stopping threads took: 0.0001099 seconds
2024-10-09T21:50:07.544+0300: 790.378: Application time: 0.1646235 seconds
2024-10-09T21:50:07.544+0300: 790.378: [GC (Allocation Failure) 2024-10-09T21:50:07.544+0300: 790.378: [ParNew: 460096K->51072K(460096K), 0.0286871 secs] 7035056K->6638132K(8337536K), 0.0288321 secs] [Times: user=0.03 sys=0.00, real=0.03 secs] 
2024-10-09T21:50:07.575+0300: 790.407: Total time for which application threads were stopped: 0.0291291 seconds, Stopping threads took: 0.0001593 seconds
2024-10-09T21:50:07.732+0300: 790.566: Application time: 0.1587181 seconds
2024-10-09T21:50:07.732+0300: 790.566: [GC (Allocation Failure) 2024-10-09T21:50:07.732+0300: 790.566: [ParNew: 460096K->51072K(460096K), 0.0299885 secs] 7047156K->6658703K(8337536K), 0.0300848 secs] [Times: user=0.06 sys=0.00, real=0.03 secs] 
2024-10-09T21:50:07.764+0300: 790.596: Total time for which application threads were stopped: 0.0304065 seconds, Stopping threads took: 0.0001869 seconds
2024-10-09T21:50:07.936+0300: 790.767: Application time: 0.1705740 seconds
2024-10-09T21:50:07.936+0300: 790.767: [GC (Allocation Failure) 2024-10-09T21:50:07.936+0300: 790.767: [ParNew: 460096K->47900K(460096K), 0.0332856 secs] 7067727K->6684181K(8337536K), 0.0333823 secs] [Times: user=0.03 sys=0.00, real=0.03 secs] 
2024-10-09T21:50:07.967+0300: 790.800: Total time for which application threads were stopped: 0.0336481 seconds, Stopping threads took: 0.0001410 seconds
2024-10-09T21:50:08.140+0300: 790.968: Application time: 0.1671813 seconds
2024-10-09T21:50:08.140+0300: 790.968: [GC (Allocation Failure) 2024-10-09T21:50:08.140+0300: 790.968: [ParNew: 456924K->51072K(460096K), 0.0293616 secs] 7093205K->6702382K(8337536K), 0.0294600 secs] [Times: user=0.02 sys=0.00, real=0.03 secs] 
2024-10-09T21:50:08.172+0300: 790.997: Total time for which application threads were stopped: 0.0297456 seconds, Stopping threads took: 0.0001419 seconds
2024-10-09T21:50:08.322+0300: 791.151: Application time: 0.1536195 seconds
2024-10-09T21:50:08.322+0300: 791.151: [GC (Allocation Failure) 2024-10-09T21:50:08.322+0300: 791.151: [ParNew: 460096K->51072K(460096K), 0.0303508 secs] 7111406K->6721770K(8337536K), 0.0304412 secs] [Times: user=0.02 sys=0.00, real=0.02 secs] 
2024-10-09T21:50:08.344+0300: 791.182: Total time for which application threads were stopped: 0.0307353 seconds, Stopping threads took: 0.0001780 seconds
2024-10-09T21:50:08.516+0300: 791.347: Application time: 0.1657753 seconds
2024-10-09T21:50:08.516+0300: 791.348: [GC (Allocation Failure) 2024-10-09T21:50:08.516+0300: 791.348: [ParNew: 460096K->51072K(460096K), 0.0345801 secs] 7130794K->6752851K(8337536K), 0.0346713 secs] [Times: user=0.03 sys=0.00, real=0.03 secs] 
2024-10-09T21:50:08.548+0300: 791.382: Total time for which application threads were stopped: 0.0349362 seconds, Stopping threads took: 0.0001472 seconds
2024-10-09T21:50:08.723+0300: 791.554: Application time: 0.1713067 seconds
2024-10-09T21:50:08.723+0300: 791.554: [GC (Allocation Failure) 2024-10-09T21:50:08.723+0300: 791.554: [ParNew: 460096K->48644K(460096K), 0.0290969 secs] 7161875K->6763724K(8337536K), 0.0291968 secs] [Times: user=0.06 sys=0.00, real=0.03 secs] 
2024-10-09T21:50:08.752+0300: 791.583: Total time for which application threads were stopped: 0.0294890 seconds, Stopping threads took: 0.0001525 seconds
2024-10-09T21:50:08.909+0300: 791.739: Application time: 0.1561747 seconds
2024-10-09T21:50:08.909+0300: 791.740: [GC (Allocation Failure) 2024-10-09T21:50:08.909+0300: 791.740: [ParNew: 457668K->51072K(460096K), 0.0286046 secs] 7172748K->6781874K(8337536K), 0.0286943 secs] [Times: user=0.06 sys=0.00, real=0.03 secs] 
2024-10-09T21:50:08.940+0300: 791.768: Total time for which application threads were stopped: 0.0289821 seconds, Stopping threads took: 0.0001637 seconds
2024-10-09T21:50:09.097+0300: 791.933: Application time: 0.1642371 seconds
2024-10-09T21:50:09.097+0300: 791.933: [GC (Allocation Failure) 2024-10-09T21:50:09.097+0300: 791.933: [ParNew: 460096K->50093K(460096K), 0.0293326 secs] 7190898K->6801109K(8337536K), 0.0294205 secs] [Times: user=0.03 sys=0.00, real=0.03 secs] 
2024-10-09T21:50:09.129+0300: 791.962: Total time for which application threads were stopped: 0.0297369 seconds, Stopping threads took: 0.0001269 seconds
2024-10-09T21:50:09.285+0300: 792.125: Application time: 0.1628050 seconds
2024-10-09T21:50:09.285+0300: 792.125: [GC (Allocation Failure) 2024-10-09T21:50:09.285+0300: 792.125: [ParNew: 459117K->51072K(460096K), 0.0280821 secs] 7210133K->6817691K(8337536K), 0.0281760 secs] [Times: user=0.05 sys=0.00, real=0.04 secs] 
2024-10-09T21:50:09.324+0300: 792.154: Total time for which application threads were stopped: 0.0284564 seconds, Stopping threads took: 0.0001598 seconds
2024-10-09T21:50:09.474+0300: 792.310: Application time: 0.1565856 seconds
2024-10-09T21:50:09.474+0300: 792.310: [GC (Allocation Failure) 2024-10-09T21:50:09.474+0300: 792.311: [ParNew: 460096K->49919K(460096K), 0.0306797 secs] 7226715K->6834700K(8337536K), 0.0307703 secs] [Times: user=0.03 sys=0.00, real=0.03 secs] 
2024-10-09T21:50:09.505+0300: 792.341: Total time for which application threads were stopped: 0.0310581 seconds, Stopping threads took: 0.0001679 seconds
2024-10-09T21:50:09.662+0300: 792.503: Application time: 0.1618297 seconds
2024-10-09T21:50:09.662+0300: 792.503: [GC (Allocation Failure) 2024-10-09T21:50:09.662+0300: 792.503: [ParNew: 458943K->51072K(460096K), 0.0320217 secs] 7243724K->6862065K(8337536K), 0.0321170 secs] [Times: user=0.11 sys=0.00, real=0.05 secs] 
2024-10-09T21:50:09.709+0300: 792.535: Total time for which application threads were stopped: 0.0323747 seconds, Stopping threads took: 0.0001177 seconds
2024-10-09T21:50:09.866+0300: 792.701: Application time: 0.1659112 seconds
2024-10-09T21:50:09.866+0300: 792.702: [GC (Allocation Failure) 2024-10-09T21:50:09.866+0300: 792.702: [ParNew: 460096K->51072K(460096K), 0.0259187 secs] 7271089K->6871522K(8337536K), 0.0260269 secs] [Times: user=0.03 sys=0.00, real=0.03 secs] 
2024-10-09T21:50:09.897+0300: 792.728: Total time for which application threads were stopped: 0.0263014 seconds, Stopping threads took: 0.0001379 seconds
2024-10-09T21:50:10.054+0300: 792.888: Application time: 0.1601343 seconds
2024-10-09T21:50:10.054+0300: 792.888: [GC (Allocation Failure) 2024-10-09T21:50:10.054+0300: 792.888: [ParNew: 460096K->51072K(460096K), 0.0304769 secs] 7280546K->6890953K(8337536K), 0.0305677 secs] [Times: user=0.03 sys=0.00, real=0.03 secs] 
2024-10-09T21:50:10.086+0300: 792.919: Total time for which application threads were stopped: 0.0307980 seconds, Stopping threads took: 0.0001116 seconds
2024-10-09T21:50:10.243+0300: 793.077: Application time: 0.1583539 seconds
2024-10-09T21:50:10.243+0300: 793.077: [GC (Allocation Failure) 2024-10-09T21:50:10.243+0300: 793.077: [ParNew: 460096K->50784K(460096K), 0.0319098 secs] 7299977K->6915040K(8337536K), 0.0319958 secs] [Times: user=0.03 sys=0.00, real=0.03 secs] 
2024-10-09T21:50:10.274+0300: 793.109: Total time for which application threads were stopped: 0.0322665 seconds, Stopping threads took: 0.0001581 seconds
2024-10-09T21:50:10.431+0300: 793.271: Application time: 0.1616621 seconds
2024-10-09T21:50:10.431+0300: 793.271: [GC (Allocation Failure) 2024-10-09T21:50:10.431+0300: 793.271: [ParNew: 459808K->51072K(460096K), 0.0291648 secs] 7324064K->6932522K(8337536K), 0.0292535 secs] [Times: user=0.03 sys=0.00, real=0.03 secs] 
2024-10-09T21:50:10.462+0300: 793.300: Total time for which application threads were stopped: 0.0295488 seconds, Stopping threads took: 0.0001747 seconds
2024-10-09T21:50:10.635+0300: 793.464: Application time: 0.1631399 seconds
2024-10-09T21:50:10.635+0300: 793.464: [GC (Allocation Failure) 2024-10-09T21:50:10.635+0300: 793.464: [ParNew: 460096K->51072K(460096K), 0.0285850 secs] 7341546K->6947538K(8337536K), 0.0286769 secs] [Times: user=0.02 sys=0.00, real=0.03 secs] 
2024-10-09T21:50:10.666+0300: 793.493: Total time for which application threads were stopped: 0.0289528 seconds, Stopping threads took: 0.0001563 seconds
2024-10-09T21:50:10.827+0300: 793.654: Application time: 0.1611835 seconds
2024-10-09T21:50:10.827+0300: 793.654: [GC (Allocation Failure) 2024-10-09T21:50:10.827+0300: 793.656: [ParNew: 460096K->51072K(460096K), 0.0271680 secs] 7356562K->6960861K(8337536K), 0.0296596 secs] [Times: user=0.03 sys=0.00, real=0.03 secs] 
2024-10-09T21:50:10.855+0300: 793.684: Total time for which application threads were stopped: 0.0299457 seconds, Stopping threads took: 0.0001439 seconds
2024-10-09T21:50:11.012+0300: 793.846: Application time: 0.1617911 seconds
2024-10-09T21:50:11.012+0300: 793.846: [GC (Allocation Failure) 2024-10-09T21:50:11.012+0300: 793.846: [ParNew: 460096K->51072K(460096K), 0.0331324 secs] 7369885K->6987525K(8337536K), 0.0332307 secs] [Times: user=0.03 sys=0.00, real=0.03 secs] 
2024-10-09T21:50:11.043+0300: 793.879: Total time for which application threads were stopped: 0.0335356 seconds, Stopping threads took: 0.0001715 seconds
2024-10-09T21:50:11.216+0300: 794.045: Application time: 0.1662312 seconds
2024-10-09T21:50:11.216+0300: 794.045: [GC (Allocation Failure) 2024-10-09T21:50:11.216+0300: 794.046: [ParNew: 460096K->51072K(460096K), 0.0276402 secs] 7396549K->7001777K(8337536K), 0.0277233 secs] [Times: user=0.05 sys=0.00, real=0.02 secs] 
2024-10-09T21:50:11.232+0300: 794.073: Total time for which application threads were stopped: 0.0279547 seconds, Stopping threads took: 0.0001156 seconds
2024-10-09T21:50:11.400+0300: 794.228: Application time: 0.1544454 seconds
2024-10-09T21:50:11.400+0300: 794.228: [GC (Allocation Failure) 2024-10-09T21:50:11.400+0300: 794.228: [ParNew: 460096K->51072K(460096K), 0.0280575 secs] 7410801K->7016184K(8337536K), 0.0281368 secs] [Times: user=0.02 sys=0.00, real=0.03 secs] 
2024-10-09T21:50:11.428+0300: 794.256: Total time for which application threads were stopped: 0.0283756 seconds, Stopping threads took: 0.0001224 seconds
2024-10-09T21:50:11.578+0300: 794.418: Application time: 0.1619659 seconds
2024-10-09T21:50:11.578+0300: 794.418: [GC (Allocation Failure) 2024-10-09T21:50:11.578+0300: 794.418: [ParNew: 460096K->50582K(460096K), 0.0287659 secs] 7425208K->7036027K(8337536K), 0.0288560 secs] [Times: user=0.02 sys=0.00, real=0.03 secs] 
2024-10-09T21:50:11.609+0300: 794.447: Total time for which application threads were stopped: 0.0291178 seconds, Stopping threads took: 0.0001381 seconds
2024-10-09T21:50:11.782+0300: 794.620: Application time: 0.1723657 seconds
2024-10-09T21:50:11.782+0300: 794.620: [GC (Allocation Failure) 2024-10-09T21:50:11.782+0300: 794.620: [ParNew: 459606K->51072K(460096K), 0.0257427 secs] 7445051K->7045998K(8337536K), 0.0258318 secs] [Times: user=0.03 sys=0.00, real=0.03 secs] 
2024-10-09T21:50:11.813+0300: 794.646: Total time for which application threads were stopped: 0.0261416 seconds, Stopping threads took: 0.0001727 seconds
2024-10-09T21:50:11.970+0300: 794.800: Application time: 0.1546970 seconds
2024-10-09T21:50:11.970+0300: 794.801: [GC (Allocation Failure) 2024-10-09T21:50:11.970+0300: 794.801: [ParNew: 460096K->51072K(460096K), 0.0293784 secs] 7455022K->7061440K(8337536K), 0.0295403 secs] [Times: user=0.02 sys=0.02, real=0.03 secs] 
2024-10-09T21:50:12.001+0300: 794.830: Total time for which application threads were stopped: 0.0297961 seconds, Stopping threads took: 0.0001370 seconds
2024-10-09T21:50:12.159+0300: 794.992: Application time: 0.1622902 seconds
2024-10-09T21:50:12.159+0300: 794.993: [GC (Allocation Failure) 2024-10-09T21:50:12.159+0300: 794.993: [ParNew: 460096K->51072K(460096K), 0.0304526 secs] 7470464K->7085515K(8337536K), 0.0305397 secs] [Times: user=0.03 sys=0.00, real=0.03 secs] 
2024-10-09T21:50:12.190+0300: 795.023: Total time for which application threads were stopped: 0.0307859 seconds, Stopping threads took: 0.0001271 seconds
2024-10-09T21:50:12.347+0300: 795.186: Application time: 0.1632053 seconds
2024-10-09T21:50:12.347+0300: 795.187: [GC (Allocation Failure) 2024-10-09T21:50:12.347+0300: 795.187: [ParNew: 460096K->51072K(460096K), 0.0288099 secs] 7494539K->7098280K(8337536K), 0.0288973 secs] [Times: user=0.03 sys=0.00, real=0.03 secs] 
2024-10-09T21:50:12.378+0300: 795.216: Total time for which application threads were stopped: 0.0291570 seconds, Stopping threads took: 0.0001406 seconds
2024-10-09T21:50:12.535+0300: 795.368: Application time: 0.1524754 seconds
2024-10-09T21:50:12.535+0300: 795.368: [GC (Allocation Failure) 2024-10-09T21:50:12.535+0300: 795.368: [ParNew: 460096K->51072K(460096K), 0.0323908 secs] 7507304K->7122089K(8337536K), 0.0324789 secs] [Times: user=0.03 sys=0.00, real=0.03 secs] 
2024-10-09T21:50:12.567+0300: 795.401: Total time for which application threads were stopped: 0.0327379 seconds, Stopping threads took: 0.0001450 seconds
2024-10-09T21:50:12.739+0300: 795.571: Application time: 0.1696791 seconds
2024-10-09T21:50:12.739+0300: 795.571: [GC (Allocation Failure) 2024-10-09T21:50:12.739+0300: 795.571: [ParNew: 460096K->48084K(460096K), 0.0313848 secs] 7531113K->7146455K(8337536K), 0.0314703 secs] [Times: user=0.02 sys=0.00, real=0.03 secs] 
2024-10-09T21:50:12.774+0300: 795.602: Total time for which application threads were stopped: 0.0317249 seconds, Stopping threads took: 0.0001192 seconds
2024-10-09T21:50:12.932+0300: 795.766: Application time: 0.1634664 seconds
2024-10-09T21:50:12.932+0300: 795.766: [GC (Allocation Failure) 2024-10-09T21:50:12.932+0300: 795.766: [ParNew: 457108K->51072K(460096K), 0.0269463 secs] 7555479K->7156063K(8337536K), 0.0270386 secs] [Times: user=0.03 sys=0.00, real=0.03 secs] 
2024-10-09T21:50:12.960+0300: 795.793: Total time for which application threads were stopped: 0.0273224 seconds, Stopping threads took: 0.0001625 seconds
2024-10-09T21:50:13.117+0300: 795.949: Application time: 0.1556059 seconds
2024-10-09T21:50:13.117+0300: 795.949: [GC (Allocation Failure) 2024-10-09T21:50:13.117+0300: 795.949: [ParNew: 460096K->51072K(460096K), 0.0320976 secs] 7565087K->7180448K(8337536K), 0.0321886 secs] [Times: user=0.03 sys=0.00, real=0.03 secs] 
2024-10-09T21:50:13.148+0300: 795.981: Total time for which application threads were stopped: 0.0324594 seconds, Stopping threads took: 0.0001565 seconds
2024-10-09T21:50:13.305+0300: 796.142: Application time: 0.1609208 seconds
2024-10-09T21:50:13.305+0300: 796.142: [GC (Allocation Failure) 2024-10-09T21:50:13.305+0300: 796.142: [ParNew: 460096K->41157K(460096K), 0.0270762 secs] 7589472K->7188382K(8337536K), 0.0271571 secs] [Times: user=0.05 sys=0.00, real=0.03 secs] 
2024-10-09T21:50:13.336+0300: 796.169: Total time for which application threads were stopped: 0.0273817 seconds, Stopping threads took: 0.0001101 seconds
2024-10-09T21:50:13.509+0300: 796.336: Application time: 0.1665437 seconds
2024-10-09T21:50:13.509+0300: 796.336: [GC (Allocation Failure) 2024-10-09T21:50:13.509+0300: 796.336: [ParNew: 450181K->51072K(460096K), 0.0275830 secs] 7597406K->7207641K(8337536K), 0.0276688 secs] [Times: user=0.02 sys=0.00, real=0.02 secs] 
2024-10-09T21:50:13.533+0300: 796.364: Total time for which application threads were stopped: 0.0279472 seconds, Stopping threads took: 0.0001574 seconds
2024-10-09T21:50:13.697+0300: 796.524: Application time: 0.1606007 seconds
2024-10-09T21:50:13.697+0300: 796.525: [GC (Allocation Failure) 2024-10-09T21:50:13.697+0300: 796.525: [ParNew: 460096K->51072K(460096K), 0.0325592 secs] 7616665K->7230949K(8337536K), 0.0326495 secs] [Times: user=0.09 sys=0.00, real=0.03 secs] 
2024-10-09T21:50:13.729+0300: 796.557: Total time for which application threads were stopped: 0.0329357 seconds, Stopping threads took: 0.0001516 seconds
2024-10-09T21:50:13.886+0300: 796.722: Application time: 0.1643549 seconds
2024-10-09T21:50:13.886+0300: 796.722: [GC (Allocation Failure) 2024-10-09T21:50:13.886+0300: 796.722: [ParNew: 460096K->49180K(460096K), 0.0293386 secs] 7639973K->7250411K(8337536K), 0.0294281 secs] [Times: user=0.03 sys=0.00, real=0.03 secs] 
2024-10-09T21:50:13.917+0300: 796.752: Total time for which application threads were stopped: 0.0297117 seconds, Stopping threads took: 0.0001607 seconds
2024-10-09T21:50:14.075+0300: 796.915: Application time: 0.1639896 seconds
2024-10-09T21:50:14.075+0300: 796.916: [GC (Allocation Failure) 2024-10-09T21:50:14.075+0300: 796.916: [ParNew: 458204K->51072K(460096K), 0.0278056 secs] 7659435K->7263753K(8337536K), 0.0278996 secs] [Times: user=0.03 sys=0.00, real=0.03 secs] 
2024-10-09T21:50:14.106+0300: 796.944: Total time for which application threads were stopped: 0.0281714 seconds, Stopping threads took: 0.0001511 seconds
2024-10-09T21:50:14.263+0300: 797.098: Application time: 0.1538358 seconds
2024-10-09T21:50:14.263+0300: 797.098: [GC (Allocation Failure) 2024-10-09T21:50:14.263+0300: 797.098: [ParNew: 460096K->51072K(460096K), 0.0307039 secs] 7672777K->7282519K(8337536K), 0.0307965 secs] [Times: user=0.03 sys=0.00, real=0.03 secs] 
2024-10-09T21:50:14.295+0300: 797.129: Total time for which application threads were stopped: 0.0311074 seconds, Stopping threads took: 0.0001765 seconds
2024-10-09T21:50:14.452+0300: 797.291: Application time: 0.1627995 seconds
2024-10-09T21:50:14.452+0300: 797.292: [GC (Allocation Failure) 2024-10-09T21:50:14.452+0300: 797.292: [ParNew: 460096K->51072K(460096K), 0.0301979 secs] 7691543K->7302124K(8337536K), 0.0302855 secs] [Times: user=0.03 sys=0.00, real=0.03 secs] 
2024-10-09T21:50:14.483+0300: 797.322: Total time for which application threads were stopped: 0.0305786 seconds, Stopping threads took: 0.0001731 seconds
2024-10-09T21:50:14.483+0300: 797.322: Application time: 0.0001162 seconds
2024-10-09T21:50:14.483+0300: 797.322: [GC (CMS Initial Mark) [1 CMS-initial-mark: 7251052K(7877440K)] 7308958K(8337536K), 0.0045306 secs] [Times: user=0.02 sys=0.00, real=0.02 secs] 
2024-10-09T21:50:14.499+0300: 797.327: Total time for which application threads were stopped: 0.0047829 seconds, Stopping threads took: 0.0001512 seconds
2024-10-09T21:50:14.499+0300: 797.327: [CMS-concurrent-mark-start]
2024-10-09T21:50:14.514+0300: 797.347: [CMS-concurrent-mark: 0.020/0.020 secs] [Times: user=0.01 sys=0.00, real=0.01 secs] 
2024-10-09T21:50:14.514+0300: 797.347: [CMS-concurrent-preclean-start]
2024-10-09T21:50:14.514+0300: 797.355: [CMS-concurrent-preclean: 0.008/0.008 secs] [Times: user=0.00 sys=0.00, real=0.00 secs] 
2024-10-09T21:50:14.514+0300: 797.355: [CMS-concurrent-abortable-preclean-start]
2024-10-09T21:50:14.687+0300: 797.526: Application time: 0.1988586 seconds
2024-10-09T21:50:14.687+0300: 797.526: [GC (Allocation Failure) 2024-10-09T21:50:14.687+0300: 797.526: [ParNew: 460096K->51072K(460096K), 0.0340859 secs] 7711148K->7323127K(8337536K), 0.0341737 secs] [Times: user=0.08 sys=0.00, real=0.05 secs] 
2024-10-09T21:50:14.734+0300: 797.560: Total time for which application threads were stopped: 0.0345017 seconds, Stopping threads took: 0.0002107 seconds
2024-10-09T21:50:14.922+0300: 797.751: Application time: 0.1911723 seconds
2024-10-09T21:50:14.922+0300: 797.752: [GC (Allocation Failure) 2024-10-09T21:50:14.922+0300: 797.752: [ParNew: 460096K->51072K(460096K), 0.0302847 secs] 7732151K->7338622K(8337536K), 0.0303701 secs] [Times: user=0.05 sys=0.00, real=0.03 secs] 
2024-10-09T21:50:14.954+0300: 797.782: Total time for which application threads were stopped: 0.0306406 seconds, Stopping threads took: 0.0001365 seconds
2024-10-09T21:50:14.970+0300: 797.800: [CMS-concurrent-abortable-preclean: 0.379/0.445 secs] [Times: user=2.33 sys=0.00, real=0.46 secs] 
2024-10-09T21:50:14.985+0300: 797.820: Application time: 0.0378037 seconds
2024-10-09T21:50:14.985+0300: 797.820: [GC (CMS Final Remark) [YG occupancy: 136316 K (460096 K)]2024-10-09T21:50:14.985+0300: 797.820: [Rescan (parallel) , 0.0152257 secs]2024-10-09T21:50:15.001+0300: 797.835: [weak refs processing, 0.0000176 secs]2024-10-09T21:50:15.001+0300: 797.835: [class unloading, 0.0021417 secs]2024-10-09T21:50:15.001+0300: 797.838: [scrub symbol table, 0.0007449 secs]2024-10-09T21:50:15.001+0300: 797.838: [scrub string table, 0.0002037 secs][1 CMS-remark: 7287550K(7877440K)] 7423867K(8337536K), 0.0184498 secs] [Times: user=0.02 sys=0.00, real=0.02 secs] 
2024-10-09T21:50:15.001+0300: 797.839: Total time for which application threads were stopped: 0.0187196 seconds, Stopping threads took: 0.0001808 seconds
2024-10-09T21:50:15.001+0300: 797.839: [CMS-concurrent-sweep-start]
2024-10-09T21:50:15.142+0300: 797.981: Application time: 0.1425325 seconds
2024-10-09T21:50:15.142+0300: 797.981: [GC (Allocation Failure) 2024-10-09T21:50:15.142+0300: 797.981: [ParNew: 460096K->40541K(460096K), 0.0361554 secs] 7461000K->7074001K(8337536K), 0.0362455 secs] [Times: user=0.03 sys=0.00, real=0.05 secs] 
2024-10-09T21:50:15.189+0300: 798.018: Total time for which application threads were stopped: 0.0365321 seconds, Stopping threads took: 0.0001533 seconds
2024-10-09T21:50:15.378+0300: 798.211: Application time: 0.1936091 seconds
2024-10-09T21:50:15.378+0300: 798.212: [GC (Allocation Failure) 2024-10-09T21:50:15.378+0300: 798.212: [ParNew: 449565K->51072K(460096K), 0.0263504 secs] 7106213K->6711280K(8337536K), 0.0264286 secs] [Times: user=0.03 sys=0.00, real=0.03 secs] 
2024-10-09T21:50:15.409+0300: 798.238: Total time for which application threads were stopped: 0.0267022 seconds, Stopping threads took: 0.0001578 seconds
2024-10-09T21:50:15.613+0300: 798.439: Application time: 0.2006857 seconds
2024-10-09T21:50:15.613+0300: 798.439: [GC (Allocation Failure) 2024-10-09T21:50:15.613+0300: 798.439: [ParNew: 460096K->51072K(460096K), 0.0386959 secs] 6720006K->6345072K(8337536K), 0.0388129 secs] [Times: user=0.05 sys=0.00, real=0.03 secs] 
2024-10-09T21:50:15.645+0300: 798.478: Total time for which application threads were stopped: 0.0391436 seconds, Stopping threads took: 0.0001972 seconds
2024-10-09T21:50:15.848+0300: 798.681: Application time: 0.2030068 seconds
2024-10-09T21:50:15.848+0300: 798.681: [GC (Allocation Failure) 2024-10-09T21:50:15.848+0300: 798.681: [ParNew: 460096K->51072K(460096K), 0.0282710 secs] 6361769K->5965898K(8337536K), 0.0283722 secs] [Times: user=0.09 sys=0.00, real=0.03 secs] 
2024-10-09T21:50:15.879+0300: 798.710: Total time for which application threads were stopped: 0.0287748 seconds, Stopping threads took: 0.0002096 seconds
2024-10-09T21:50:16.068+0300: 798.899: Application time: 0.1896333 seconds
2024-10-09T21:50:16.068+0300: 798.900: [GC (Allocation Failure) 2024-10-09T21:50:16.068+0300: 798.900: [ParNew: 460096K->51072K(460096K), 0.0346586 secs] 6028982K->5642832K(8337536K), 0.0347619 secs] [Times: user=0.03 sys=0.00, real=0.03 secs] 
2024-10-09T21:50:16.099+0300: 798.934: Total time for which application threads were stopped: 0.0351162 seconds, Stopping threads took: 0.0002116 seconds
2024-10-09T21:50:16.287+0300: 799.128: Application time: 0.1939224 seconds
2024-10-09T21:50:16.287+0300: 799.129: [GC (Allocation Failure) 2024-10-09T21:50:16.287+0300: 799.129: [ParNew: 460096K->51072K(460096K), 0.0338412 secs] 5690105K->5307784K(8337536K), 0.0339332 secs] [Times: user=0.03 sys=0.00, real=0.05 secs] 
2024-10-09T21:50:16.334+0300: 799.163: Total time for which application threads were stopped: 0.0342183 seconds, Stopping threads took: 0.0001605 seconds
2024-10-09T21:50:16.507+0300: 799.340: Application time: 0.1779039 seconds
2024-10-09T21:50:16.507+0300: 799.341: [GC (Allocation Failure) 2024-10-09T21:50:16.507+0300: 799.341: [ParNew: 460096K->51072K(460096K), 0.0308280 secs] 5387683K->4998504K(8337536K), 0.0309181 secs] [Times: user=0.05 sys=0.00, real=0.03 secs] 
2024-10-09T21:50:16.540+0300: 799.372: Total time for which application threads were stopped: 0.0312906 seconds, Stopping threads took: 0.0002458 seconds
2024-10-09T21:50:16.743+0300: 799.570: Application time: 0.1978623 seconds
2024-10-09T21:50:16.743+0300: 799.570: [GC (Allocation Failure) 2024-10-09T21:50:16.743+0300: 799.570: [ParNew: 460096K->48956K(460096K), 0.0289010 secs] 5050307K->4659965K(8337536K), 0.0289917 secs] [Times: user=0.05 sys=0.00, real=0.02 secs] 
2024-10-09T21:50:16.759+0300: 799.599: Total time for which application threads were stopped: 0.0292882 seconds, Stopping threads took: 0.0001468 seconds
2024-10-09T21:50:16.963+0300: 799.794: Application time: 0.1953775 seconds
2024-10-09T21:50:16.963+0300: 799.795: [GC (Allocation Failure) 2024-10-09T21:50:16.963+0300: 799.795: [ParNew: 457980K->48487K(460096K), 0.0287560 secs] 4701653K->4310056K(8337536K), 0.0288478 secs] [Times: user=0.03 sys=0.00, real=0.03 secs] 
2024-10-09T21:50:16.994+0300: 799.823: Total time for which application threads were stopped: 0.0291369 seconds, Stopping threads took: 0.0001472 seconds
2024-10-09T21:50:17.198+0300: 800.031: Application time: 0.2072740 seconds
2024-10-09T21:50:17.198+0300: 800.031: [GC (Allocation Failure) 2024-10-09T21:50:17.198+0300: 800.031: [ParNew: 457511K->51072K(460096K), 0.0274506 secs] 4332404K->3936962K(8337536K), 0.0275350 secs] [Times: user=0.03 sys=0.00, real=0.03 secs] 
2024-10-09T21:50:17.229+0300: 800.059: Total time for which application threads were stopped: 0.0278668 seconds, Stopping threads took: 0.0002130 seconds
2024-10-09T21:50:17.402+0300: 800.242: Application time: 0.1838770 seconds
2024-10-09T21:50:17.402+0300: 800.243: [GC (Allocation Failure) 2024-10-09T21:50:17.402+0300: 800.243: [ParNew: 460096K->51072K(460096K), 0.0338093 secs] 3987062K->3602237K(8337536K), 0.0343629 secs] [Times: user=0.03 sys=0.00, real=0.05 secs] 
2024-10-09T21:50:17.449+0300: 800.277: Total time for which application threads were stopped: 0.0348040 seconds, Stopping threads took: 0.0001856 seconds
2024-10-09T21:50:17.642+0300: 800.474: Application time: 0.1969059 seconds
2024-10-09T21:50:17.642+0300: 800.474: [GC (Allocation Failure) 2024-10-09T21:50:17.642+0300: 800.474: [ParNew: 460096K->51072K(460096K), 0.0283882 secs] 3642153K->3247282K(8337536K), 0.0284841 secs] [Times: user=0.05 sys=0.00, real=0.03 secs] 
2024-10-09T21:50:17.669+0300: 800.503: Total time for which application threads were stopped: 0.0288165 seconds, Stopping threads took: 0.0002086 seconds
2024-10-09T21:50:17.873+0300: 800.701: Application time: 0.1984622 seconds
2024-10-09T21:50:17.873+0300: 800.702: [GC (Allocation Failure) 2024-10-09T21:50:17.873+0300: 800.702: [ParNew: 460096K->45979K(460096K), 0.0296110 secs] 3299154K->2912665K(8337536K), 0.0297118 secs] [Times: user=0.03 sys=0.00, real=0.03 secs] 
2024-10-09T21:50:17.904+0300: 800.731: Total time for which application threads were stopped: 0.0300686 seconds, Stopping threads took: 0.0001806 seconds
2024-10-09T21:50:18.108+0300: 800.935: Application time: 0.2035245 seconds
2024-10-09T21:50:18.108+0300: 800.935: [GC (Allocation Failure) 2024-10-09T21:50:18.108+0300: 800.935: [ParNew: 455003K->51072K(460096K), 0.0267537 secs] 2948262K->2547888K(8337536K), 0.0268318 secs] [Times: user=0.02 sys=0.00, real=0.02 secs] 
2024-10-09T21:50:18.124+0300: 800.962: Total time for which application threads were stopped: 0.0270848 seconds, Stopping threads took: 0.0001418 seconds
2024-10-09T21:50:18.312+0300: 801.144: Application time: 0.1819848 seconds
2024-10-09T21:50:18.312+0300: 801.144: [GC (Allocation Failure) 2024-10-09T21:50:18.312+0300: 801.144: [ParNew: 460096K->49722K(460096K), 0.0283263 secs] 2629529K->2236843K(8337536K), 0.0284157 secs] [Times: user=0.03 sys=0.00, real=0.03 secs] 
2024-10-09T21:50:18.344+0300: 801.173: Total time for which application threads were stopped: 0.0286903 seconds, Stopping threads took: 0.0001536 seconds
2024-10-09T21:50:18.544+0300: 801.372: Application time: 0.1990865 seconds
2024-10-09T21:50:18.544+0300: 801.372: [GC (Allocation Failure) 2024-10-09T21:50:18.544+0300: 801.372: [ParNew: 458746K->51072K(460096K), 0.0279862 secs] 2300317K->1906830K(8337536K), 0.0280774 secs] [Times: user=0.02 sys=0.00, real=0.02 secs] 
2024-10-09T21:50:18.564+0300: 801.400: Total time for which application threads were stopped: 0.0283553 seconds, Stopping threads took: 0.0001592 seconds
2024-10-09T21:50:18.752+0300: 801.581: Application time: 0.1810828 seconds
2024-10-09T21:50:18.752+0300: 801.582: [GC (Allocation Failure) 2024-10-09T21:50:18.752+0300: 801.582: [ParNew: 460096K->49856K(460096K), 0.0305248 secs] 1986486K->1596114K(8337536K), 0.0306164 secs] [Times: user=0.03 sys=0.00, real=0.03 secs] 
2024-10-09T21:50:18.783+0300: 801.612: Total time for which application threads were stopped: 0.0310200 seconds, Stopping threads took: 0.0002482 seconds
2024-10-09T21:50:18.972+0300: 801.812: Application time: 0.1995096 seconds
2024-10-09T21:50:18.972+0300: 801.812: [GC (Allocation Failure) 2024-10-09T21:50:18.972+0300: 801.812: [ParNew: 458880K->51072K(460096K), 0.0297062 secs] 1649164K->1261172K(8337536K), 0.0298056 secs] [Times: user=0.03 sys=0.00, real=0.03 secs] 
2024-10-09T21:50:19.003+0300: 801.842: Total time for which application threads were stopped: 0.0301292 seconds, Stopping threads took: 0.0001726 seconds
2024-10-09T21:50:19.207+0300: 802.040: Application time: 0.1983325 seconds
2024-10-09T21:50:19.207+0300: 802.041: [GC (Allocation Failure) 2024-10-09T21:50:19.207+0300: 802.041: [ParNew: 460096K->51072K(460096K), 0.0334540 secs] 1317257K->929005K(8337536K), 0.0335476 secs] [Times: user=0.03 sys=0.00, real=0.04 secs] 
2024-10-09T21:50:19.246+0300: 802.074: Total time for which application threads were stopped: 0.0338968 seconds, Stopping threads took: 0.0002067 seconds
2024-10-09T21:50:19.427+0300: 802.256: Application time: 0.1819054 seconds
2024-10-09T21:50:19.427+0300: 802.256: [GC (Allocation Failure) 2024-10-09T21:50:19.427+0300: 802.256: [ParNew: 460096K->47825K(460096K), 0.0305489 secs] 1028096K->639354K(8337536K), 0.0306444 secs] [Times: user=0.08 sys=0.00, real=0.03 secs] 
2024-10-09T21:50:19.459+0300: 802.287: Total time for which application threads were stopped: 0.0310078 seconds, Stopping threads took: 0.0002324 seconds
2024-10-09T21:50:19.553+0300: 802.384: [CMS-concurrent-sweep: 3.922/4.546 secs] [Times: user=23.25 sys=0.00, real=4.55 secs] 
2024-10-09T21:50:19.553+0300: 802.384: [CMS-concurrent-reset-start]
2024-10-09T21:50:19.569+0300: 802.401: [CMS-concurrent-reset: 0.016/0.016 secs] [Times: user=0.09 sys=0.00, real=0.02 secs] 
2024-10-09T21:50:19.631+0300: 802.465: Application time: 0.1781917 seconds
2024-10-09T21:50:19.631+0300: 802.466: [GC (Allocation Failure) 2024-10-09T21:50:19.631+0300: 802.466: [ParNew: 456849K->51072K(460096K), 0.0282774 secs] 907758K->518212K(8337536K), 0.0283711 secs] [Times: user=0.03 sys=0.00, real=0.03 secs] 
2024-10-09T21:50:19.662+0300: 802.494: Total time for which application threads were stopped: 0.0286323 seconds, Stopping threads took: 0.0001374 seconds
2024-10-09T21:50:19.835+0300: 802.668: Application time: 0.1743860 seconds
2024-10-09T21:50:19.835+0300: 802.669: [GC (Allocation Failure) 2024-10-09T21:50:19.835+0300: 802.669: [ParNew: 460096K->46744K(460096K), 0.0288583 secs] 927236K->533642K(8337536K), 0.0289621 secs] [Times: user=0.09 sys=0.00, real=0.03 secs] 
2024-10-09T21:50:19.866+0300: 802.698: Total time for which application threads were stopped: 0.0292137 seconds, Stopping threads took: 0.0000932 seconds
2024-10-09T21:50:20.023+0300: 802.857: Application time: 0.1592813 seconds
2024-10-09T21:50:20.023+0300: 802.857: [GC (Allocation Failure) 2024-10-09T21:50:20.023+0300: 802.857: [ParNew: 455768K->51072K(460096K), 0.0261321 secs] 942666K->548094K(8337536K), 0.0262161 secs] [Times: user=0.03 sys=0.00, real=0.03 secs] 
2024-10-09T21:50:20.055+0300: 802.883: Total time for which application threads were stopped: 0.0264792 seconds, Stopping threads took: 0.0001429 seconds
2024-10-09T21:50:20.212+0300: 803.043: Application time: 0.1600077 seconds
2024-10-09T21:50:20.212+0300: 803.044: [GC (Allocation Failure) 2024-10-09T21:50:20.212+0300: 803.044: [ParNew: 460096K->51072K(460096K), 0.0310217 secs] 957118K->572584K(8337536K), 0.0311142 secs] [Times: user=0.03 sys=0.00, real=0.04 secs] 
2024-10-09T21:50:20.248+0300: 803.075: Total time for which application threads were stopped: 0.0313567 seconds, Stopping threads took: 0.0001259 seconds
2024-10-09T21:50:20.416+0300: 803.244: Application time: 0.1688232 seconds
2024-10-09T21:50:20.416+0300: 803.244: [GC (Allocation Failure) 2024-10-09T21:50:20.416+0300: 803.244: [ParNew: 460096K->51072K(460096K), 0.0276859 secs] 981608K->586910K(8337536K), 0.0277718 secs] [Times: user=0.02 sys=0.00, real=0.02 secs] 
2024-10-09T21:50:20.431+0300: 803.272: Total time for which application threads were stopped: 0.0280032 seconds, Stopping threads took: 0.0001137 seconds
2024-10-09T21:50:20.604+0300: 803.431: Application time: 0.1596277 seconds
2024-10-09T21:50:20.604+0300: 803.431: [GC (Allocation Failure) 2024-10-09T21:50:20.604+0300: 803.431: [ParNew: 460096K->51072K(460096K), 0.0306036 secs] 995934K->606496K(8337536K), 0.0306916 secs] [Times: user=0.03 sys=0.00, real=0.03 secs] 
2024-10-09T21:50:20.635+0300: 803.462: Total time for which application threads were stopped: 0.0309359 seconds, Stopping threads took: 0.0001246 seconds
2024-10-09T21:50:20.793+0300: 803.628: Application time: 0.1662077 seconds
2024-10-09T21:50:20.793+0300: 803.629: [GC (Allocation Failure) 2024-10-09T21:50:20.793+0300: 803.629: [ParNew: 460096K->51072K(460096K), 0.0324872 secs] 1015520K->633196K(8337536K), 0.0325773 secs] [Times: user=0.06 sys=0.00, real=0.03 secs] 
2024-10-09T21:50:20.824+0300: 803.661: Total time for which application threads were stopped: 0.0328831 seconds, Stopping threads took: 0.0001752 seconds
2024-10-09T21:50:20.997+0300: 803.830: Application time: 0.1688727 seconds
2024-10-09T21:50:20.997+0300: 803.830: [GC (Allocation Failure) 2024-10-09T21:50:20.997+0300: 803.830: [ParNew: 460096K->51072K(460096K), 0.0275046 secs] 1042220K->648620K(8337536K), 0.0275985 secs] [Times: user=0.03 sys=0.00, real=0.03 secs] 
2024-10-09T21:50:21.028+0300: 803.858: Total time for which application threads were stopped: 0.0278746 seconds, Stopping threads took: 0.0001435 seconds
2024-10-09T21:50:21.185+0300: 804.016: Application time: 0.1577679 seconds
2024-10-09T21:50:21.185+0300: 804.016: [GC (Allocation Failure) 2024-10-09T21:50:21.185+0300: 804.016: [ParNew: 460096K->48314K(460096K), 0.0286598 secs] 1057644K->661910K(8337536K), 0.0287426 secs] [Times: user=0.03 sys=0.00, real=0.03 secs] 
2024-10-09T21:50:21.217+0300: 804.045: Total time for which application threads were stopped: 0.0290232 seconds, Stopping threads took: 0.0001690 seconds
2024-10-09T21:50:21.374+0300: 804.210: Application time: 0.1654806 seconds
2024-10-09T21:50:21.374+0300: 804.210: [GC (Allocation Failure) 2024-10-09T21:50:21.374+0300: 804.210: [ParNew: 457338K->45797K(460096K), 0.0278371 secs] 1070934K->676500K(8337536K), 0.0279278 secs] [Times: user=0.03 sys=0.00, real=0.03 secs] 
2024-10-09T21:50:21.405+0300: 804.238: Total time for which application threads were stopped: 0.0281958 seconds, Stopping threads took: 0.0001494 seconds
2024-10-09T21:50:21.562+0300: 804.403: Application time: 0.1641542 seconds
2024-10-09T21:50:21.562+0300: 804.403: [GC (Allocation Failure) 2024-10-09T21:50:21.562+0300: 804.403: [ParNew: 454821K->51072K(460096K), 0.0279325 secs] 1085524K->700151K(8337536K), 0.0280238 secs] [Times: user=0.03 sys=0.00, real=0.03 secs] 
2024-10-09T21:50:21.593+0300: 804.431: Total time for which application threads were stopped: 0.0282972 seconds, Stopping threads took: 0.0001517 seconds
2024-10-09T21:50:21.766+0300: 804.594: Application time: 0.1627848 seconds
2024-10-09T21:50:21.766+0300: 804.594: [GC (Allocation Failure) 2024-10-09T21:50:21.766+0300: 804.594: [ParNew: 460096K->51072K(460096K), 0.0277794 secs] 1109175K->713507K(8337536K), 0.0278687 secs] [Times: user=0.05 sys=0.00, real=0.02 secs] 
2024-10-09T21:50:21.782+0300: 804.622: Total time for which application threads were stopped: 0.0281351 seconds, Stopping threads took: 0.0001325 seconds
2024-10-09T21:50:21.954+0300: 804.783: Application time: 0.1611058 seconds
2024-10-09T21:50:21.954+0300: 804.783: [GC (Allocation Failure) 2024-10-09T21:50:21.954+0300: 804.783: [ParNew: 460096K->51072K(460096K), 0.0276744 secs] 1122531K->731330K(8337536K), 0.0277642 secs] [Times: user=0.02 sys=0.00, real=0.02 secs] 
2024-10-09T21:50:21.970+0300: 804.811: Total time for which application threads were stopped: 0.0280489 seconds, Stopping threads took: 0.0001591 seconds
2024-10-09T21:50:22.142+0300: 804.973: Application time: 0.1617750 seconds
2024-10-09T21:50:22.142+0300: 804.973: [GC (Allocation Failure) 2024-10-09T21:50:22.142+0300: 804.973: [ParNew: 460096K->51072K(460096K), 0.0282498 secs] 1140354K->750005K(8337536K), 0.0283572 secs] [Times: user=0.03 sys=0.00, real=0.03 secs] 
2024-10-09T21:50:22.176+0300: 805.001: Total time for which application threads were stopped: 0.0286319 seconds, Stopping threads took: 0.0001505 seconds
2024-10-09T21:50:22.332+0300: 805.161: Application time: 0.1595494 seconds
2024-10-09T21:50:22.332+0300: 805.161: [GC (Allocation Failure) 2024-10-09T21:50:22.332+0300: 805.161: [ParNew: 460096K->51072K(460096K), 0.0296887 secs] 1159029K->764700K(8337536K), 0.0297755 secs] [Times: user=0.03 sys=0.00, real=0.03 secs] 
2024-10-09T21:50:22.363+0300: 805.191: Total time for which application threads were stopped: 0.0300389 seconds, Stopping threads took: 0.0001487 seconds
2024-10-09T21:50:22.520+0300: 805.355: Application time: 0.1639529 seconds
2024-10-09T21:50:22.520+0300: 805.355: [GC (Allocation Failure) 2024-10-09T21:50:22.520+0300: 805.355: [ParNew: 460096K->40972K(460096K), 0.0295745 secs] 1173724K->777404K(8337536K), 0.0296607 secs] [Times: user=0.03 sys=0.00, real=0.03 secs] 
2024-10-09T21:50:22.553+0300: 805.385: Total time for which application threads were stopped: 0.0299208 seconds, Stopping threads took: 0.0001439 seconds
2024-10-09T21:50:22.724+0300: 805.557: Application time: 0.1718086 seconds
2024-10-09T21:50:22.724+0300: 805.557: [GC (Allocation Failure) 2024-10-09T21:50:22.724+0300: 805.557: [ParNew: 449996K->49765K(460096K), 0.0286243 secs] 1186428K->805742K(8337536K), 0.0287192 secs] [Times: user=0.03 sys=0.00, real=0.03 secs] 
2024-10-09T21:50:22.756+0300: 805.586: Total time for which application threads were stopped: 0.0290663 seconds, Stopping threads took: 0.0002125 seconds
2024-10-09T21:50:22.912+0300: 805.745: Application time: 0.1589807 seconds
2024-10-09T21:50:22.912+0300: 805.745: [GC (Allocation Failure) 2024-10-09T21:50:22.912+0300: 805.745: [ParNew: 458789K->51072K(460096K), 0.0267239 secs] 1214766K->815582K(8337536K), 0.0268162 secs] [Times: user=0.03 sys=0.00, real=0.03 secs] 
2024-10-09T21:50:22.944+0300: 805.772: Total time for which application threads were stopped: 0.0270989 seconds, Stopping threads took: 0.0001519 seconds
2024-10-09T21:50:23.101+0300: 805.928: Application time: 0.1565993 seconds
2024-10-09T21:50:23.101+0300: 805.929: [GC (Allocation Failure) 2024-10-09T21:50:23.101+0300: 805.929: [ParNew: 460096K->41723K(460096K), 0.0298090 secs] 1224606K->830243K(8337536K), 0.0298898 secs] [Times: user=0.03 sys=0.00, real=0.03 secs] 
2024-10-09T21:50:23.132+0300: 805.959: Total time for which application threads were stopped: 0.0301461 seconds, Stopping threads took: 0.0001411 seconds
2024-10-09T21:50:23.289+0300: 806.126: Application time: 0.1678776 seconds
2024-10-09T21:50:23.289+0300: 806.127: [GC (Allocation Failure) 2024-10-09T21:50:23.289+0300: 806.127: [ParNew: 450747K->51072K(460096K), 0.0269814 secs] 1239267K->853836K(8337536K), 0.0270720 secs] [Times: user=0.03 sys=0.00, real=0.03 secs] 
2024-10-09T21:50:23.320+0300: 806.154: Total time for which application threads were stopped: 0.0273235 seconds, Stopping threads took: 0.0001293 seconds
2024-10-09T21:50:23.478+0300: 806.318: Application time: 0.1646135 seconds
2024-10-09T21:50:23.478+0300: 806.319: [GC (Allocation Failure) 2024-10-09T21:50:23.478+0300: 806.319: [ParNew: 460096K->51072K(460096K), 0.0259348 secs] 1262860K->862952K(8337536K), 0.0260214 secs] [Times: user=0.03 sys=0.00, real=0.03 secs] 
2024-10-09T21:50:23.509+0300: 806.345: Total time for which application threads were stopped: 0.0263008 seconds, Stopping threads took: 0.0001511 seconds
2024-10-09T21:50:23.665+0300: 806.499: Application time: 0.1545707 seconds
2024-10-09T21:50:23.665+0300: 806.499: [GC (Allocation Failure) 2024-10-09T21:50:23.665+0300: 806.500: [ParNew: 460096K->47839K(460096K), 0.0365205 secs] 1271976K->889522K(8337536K), 0.0366140 secs] [Times: user=0.03 sys=0.00, real=0.03 secs] 
2024-10-09T21:50:23.697+0300: 806.536: Total time for which application threads were stopped: 0.0368876 seconds, Stopping threads took: 0.0001273 seconds
2024-10-09T21:50:23.869+0300: 806.706: Application time: 0.1695775 seconds
2024-10-09T21:50:23.869+0300: 806.706: [GC (Allocation Failure) 2024-10-09T21:50:23.869+0300: 806.706: [ParNew: 456863K->51072K(460096K), 0.0275341 secs] 1298546K->909354K(8337536K), 0.0276351 secs] [Times: user=0.03 sys=0.00, real=0.03 secs] 
2024-10-09T21:50:23.901+0300: 806.734: Total time for which application threads were stopped: 0.0278998 seconds, Stopping threads took: 0.0001206 seconds
2024-10-09T21:50:24.073+0300: 806.901: Application time: 0.1676426 seconds
2024-10-09T21:50:24.073+0300: 806.902: [GC (Allocation Failure) 2024-10-09T21:50:24.073+0300: 806.902: [ParNew: 460096K->51072K(460096K), 0.0278841 secs] 1318378K->922798K(8337536K), 0.0279767 secs] [Times: user=0.02 sys=0.00, real=0.02 secs] 
2024-10-09T21:50:24.089+0300: 806.930: Total time for which application threads were stopped: 0.0282420 seconds, Stopping threads took: 0.0001388 seconds
2024-10-09T21:50:24.262+0300: 807.090: Application time: 0.1605380 seconds
2024-10-09T21:50:24.262+0300: 807.090: [GC (Allocation Failure) 2024-10-09T21:50:24.262+0300: 807.090: [ParNew: 460096K->51072K(460096K), 0.0286064 secs] 1331822K->939195K(8337536K), 0.0309047 secs] [Times: user=0.03 sys=0.00, real=0.03 secs] 
2024-10-09T21:50:24.293+0300: 807.121: Total time for which application threads were stopped: 0.0311789 seconds, Stopping threads took: 0.0001363 seconds
2024-10-09T21:50:24.450+0300: 807.281: Application time: 0.1602525 seconds
2024-10-09T21:50:24.450+0300: 807.282: [GC (Allocation Failure) 2024-10-09T21:50:24.450+0300: 807.282: [ParNew: 460096K->51072K(460096K), 0.0277493 secs] 1348219K->958638K(8337536K), 0.0278323 secs] [Times: user=0.03 sys=0.00, real=0.03 secs] 
2024-10-09T21:50:24.481+0300: 807.310: Total time for which application threads were stopped: 0.0280826 seconds, Stopping threads took: 0.0001327 seconds
2024-10-09T21:50:24.638+0300: 807.469: Application time: 0.1594003 seconds
2024-10-09T21:50:24.638+0300: 807.469: [GC (Allocation Failure) 2024-10-09T21:50:24.638+0300: 807.469: [ParNew: 460096K->51072K(460096K), 0.0274148 secs] 1367662K->970205K(8337536K), 0.0274975 secs] [Times: user=0.03 sys=0.00, real=0.03 secs] 
2024-10-09T21:50:24.670+0300: 807.497: Total time for which application threads were stopped: 0.0277525 seconds, Stopping threads took: 0.0001359 seconds
2024-10-09T21:50:24.826+0300: 807.663: Application time: 0.1658205 seconds
2024-10-09T21:50:24.826+0300: 807.663: [GC (Allocation Failure) 2024-10-09T21:50:24.826+0300: 807.663: [ParNew: 460096K->51072K(460096K), 0.0310374 secs] 1379229K->990003K(8337536K), 0.0311315 secs] [Times: user=0.06 sys=0.00, real=0.04 secs] 
2024-10-09T21:50:24.868+0300: 807.694: Total time for which application threads were stopped: 0.0314722 seconds, Stopping threads took: 0.0001538 seconds
2024-10-09T21:50:25.015+0300: 807.854: Application time: 0.1603760 seconds
2024-10-09T21:50:25.015+0300: 807.855: [GC (Allocation Failure) 2024-10-09T21:50:25.015+0300: 807.855: [ParNew: 460096K->51072K(460096K), 0.0315993 secs] 1399027K->1012011K(8337536K), 0.0316937 secs] [Times: user=0.05 sys=0.00, real=0.04 secs] 
2024-10-09T21:50:25.059+0300: 807.886: Total time for which application threads were stopped: 0.0319977 seconds, Stopping threads took: 0.0001728 seconds
2024-10-09T21:50:25.219+0300: 808.052: Application time: 0.1657235 seconds
2024-10-09T21:50:25.219+0300: 808.052: [GC (Allocation Failure) 2024-10-09T21:50:25.219+0300: 808.052: [ParNew: 460096K->51072K(460096K), 0.0291913 secs] 1421035K->1029138K(8337536K), 0.0292744 secs] [Times: user=0.03 sys=0.00, real=0.03 secs] 
2024-10-09T21:50:25.250+0300: 808.082: Total time for which application threads were stopped: 0.0295083 seconds, Stopping threads took: 0.0001184 seconds
2024-10-09T21:50:25.407+0300: 808.245: Application time: 0.1632919 seconds
2024-10-09T21:50:25.407+0300: 808.245: [GC (Allocation Failure) 2024-10-09T21:50:25.407+0300: 808.245: [ParNew: 460096K->51072K(460096K), 0.0323290 secs] 1438162K->1053502K(8337536K), 0.0324161 secs] [Times: user=0.01 sys=0.02, real=0.03 secs] 
2024-10-09T21:50:25.438+0300: 808.278: Total time for which application threads were stopped: 0.0327078 seconds, Stopping threads took: 0.0001695 seconds
2024-10-09T21:50:25.611+0300: 808.437: Application time: 0.1593567 seconds
2024-10-09T21:50:25.611+0300: 808.437: [GC (Allocation Failure) 2024-10-09T21:50:25.611+0300: 808.437: [ParNew: 460096K->51072K(460096K), 0.0281490 secs] 1462526K->1068361K(8337536K), 0.0282287 secs] [Times: user=0.02 sys=0.00, real=0.01 secs] 
2024-10-09T21:50:25.626+0300: 808.466: Total time for which application threads were stopped: 0.0284832 seconds, Stopping threads took: 0.0001348 seconds
2024-10-09T21:50:25.799+0300: 808.636: Application time: 0.1703024 seconds
2024-10-09T21:50:25.799+0300: 808.636: [GC (Allocation Failure) 2024-10-09T21:50:25.799+0300: 808.636: [ParNew: 460096K->51072K(460096K), 0.0322655 secs] 1477385K->1094102K(8337536K), 0.0323547 secs] [Times: user=0.03 sys=0.00, real=0.03 secs] 
2024-10-09T21:50:25.830+0300: 808.668: Total time for which application threads were stopped: 0.0326503 seconds, Stopping threads took: 0.0001633 seconds
2024-10-09T21:50:26.003+0300: 808.835: Application time: 0.1663269 seconds
2024-10-09T21:50:26.003+0300: 808.835: [GC (Allocation Failure) 2024-10-09T21:50:26.003+0300: 808.835: [ParNew: 460096K->51072K(460096K), 0.0325268 secs] 1503126K->1115434K(8337536K), 0.0326139 secs] [Times: user=0.03 sys=0.00, real=0.03 secs] 
2024-10-09T21:50:26.035+0300: 808.868: Total time for which application threads were stopped: 0.0328625 seconds, Stopping threads took: 0.0001337 seconds
2024-10-09T21:50:26.192+0300: 809.027: Application time: 0.1592947 seconds
2024-10-09T21:50:26.192+0300: 809.027: [GC (Allocation Failure) 2024-10-09T21:50:26.192+0300: 809.027: [ParNew: 460096K->51072K(460096K), 0.0274127 secs] 1524458K->1129761K(8337536K), 0.0275096 secs] [Times: user=0.03 sys=0.00, real=0.03 secs] 
2024-10-09T21:50:26.223+0300: 809.055: Total time for which application threads were stopped: 0.0277832 seconds, Stopping threads took: 0.0001363 seconds
2024-10-09T21:50:26.380+0300: 809.213: Application time: 0.1579599 seconds
2024-10-09T21:50:26.380+0300: 809.213: [GC (Allocation Failure) 2024-10-09T21:50:26.380+0300: 809.213: [ParNew: 460096K->51042K(460096K), 0.0296209 secs] 1538785K->1149833K(8337536K), 0.0297059 secs] [Times: user=0.03 sys=0.00, real=0.03 secs] 
2024-10-09T21:50:26.411+0300: 809.243: Total time for which application threads were stopped: 0.0299552 seconds, Stopping threads took: 0.0001315 seconds
2024-10-09T21:50:26.585+0300: 809.412: Application time: 0.1694451 seconds
2024-10-09T21:50:26.585+0300: 809.412: [GC (Allocation Failure) 2024-10-09T21:50:26.585+0300: 809.412: [ParNew: 460066K->51072K(460096K), 0.0299561 secs] 1558857K->1170538K(8337536K), 0.0300397 secs] [Times: user=0.02 sys=0.00, real=0.03 secs] 
2024-10-09T21:50:26.616+0300: 809.442: Total time for which application threads were stopped: 0.0302678 seconds, Stopping threads took: 0.0001095 seconds
2024-10-09T21:50:26.772+0300: 809.607: Application time: 0.1648843 seconds
2024-10-09T21:50:26.772+0300: 809.608: [GC (Allocation Failure) 2024-10-09T21:50:26.772+0300: 809.608: [ParNew: 460096K->51072K(460096K), 0.0288444 secs] 1579562K->1184357K(8337536K), 0.0289386 secs] [Times: user=0.03 sys=0.00, real=0.03 secs] 
2024-10-09T21:50:26.804+0300: 809.637: Total time for which application threads were stopped: 0.0292544 seconds, Stopping threads took: 0.0001791 seconds
2024-10-09T21:50:26.963+0300: 809.794: Application time: 0.1573516 seconds
2024-10-09T21:50:26.963+0300: 809.794: [GC (Allocation Failure) 2024-10-09T21:50:26.963+0300: 809.794: [ParNew: 460096K->51072K(460096K), 0.0339517 secs] 1593381K->1215424K(8337536K), 0.0340351 secs] [Times: user=0.02 sys=0.00, real=0.03 secs] 
2024-10-09T21:50:26.992+0300: 809.828: Total time for which application threads were stopped: 0.0343044 seconds, Stopping threads took: 0.0001536 seconds
2024-10-09T21:50:27.165+0300: 810.001: Application time: 0.1726270 seconds
2024-10-09T21:50:27.165+0300: 810.001: [GC (Allocation Failure) 2024-10-09T21:50:27.165+0300: 810.001: [ParNew: 460096K->50618K(460096K), 0.0275208 secs] 1624448K->1231734K(8337536K), 0.0276105 secs] [Times: user=0.03 sys=0.00, real=0.04 secs] 
2024-10-09T21:50:27.202+0300: 810.029: Total time for which application threads were stopped: 0.0278548 seconds, Stopping threads took: 0.0001247 seconds
2024-10-09T21:50:27.364+0300: 810.192: Application time: 0.1631219 seconds
2024-10-09T21:50:27.364+0300: 810.192: [GC (Allocation Failure) 2024-10-09T21:50:27.364+0300: 810.192: [ParNew: 459642K->51072K(460096K), 0.0277307 secs] 1640758K->1246159K(8337536K), 0.0278181 secs] [Times: user=0.03 sys=0.00, real=0.02 secs] 
2024-10-09T21:50:27.385+0300: 810.220: Total time for which application threads were stopped: 0.0280912 seconds, Stopping threads took: 0.0001541 seconds
2024-10-09T21:50:27.541+0300: 810.377: Application time: 0.1569110 seconds
2024-10-09T21:50:27.541+0300: 810.377: [GC (Allocation Failure) 2024-10-09T21:50:27.541+0300: 810.377: [ParNew: 460096K->44257K(460096K), 0.0288499 secs] 1655183K->1261680K(8337536K), 0.0289349 secs] [Times: user=0.03 sys=0.00, real=0.03 secs] 
2024-10-09T21:50:27.573+0300: 810.406: Total time for which application threads were stopped: 0.0291784 seconds, Stopping threads took: 0.0001197 seconds
2024-10-09T21:50:27.746+0300: 810.584: Application time: 0.1778495 seconds
2024-10-09T21:50:27.746+0300: 810.584: [GC (Allocation Failure) 2024-10-09T21:50:27.746+0300: 810.584: [ParNew: 453281K->51072K(460096K), 0.0263887 secs] 1670704K->1277389K(8337536K), 0.0264784 secs] [Times: user=0.03 sys=0.00, real=0.03 secs] 
2024-10-09T21:50:27.777+0300: 810.611: Total time for which application threads were stopped: 0.0267689 seconds, Stopping threads took: 0.0001589 seconds
2024-10-09T21:50:27.934+0300: 810.768: Application time: 0.1570342 seconds
2024-10-09T21:50:27.934+0300: 810.768: [GC (Allocation Failure) 2024-10-09T21:50:27.934+0300: 810.768: [ParNew: 460096K->51072K(460096K), 0.0293811 secs] 1686413K->1295952K(8337536K), 0.0294716 secs] [Times: user=0.03 sys=0.00, real=0.03 secs] 
2024-10-09T21:50:27.966+0300: 810.797: Total time for which application threads were stopped: 0.0297539 seconds, Stopping threads took: 0.0001559 seconds
2024-10-09T21:50:28.122+0300: 810.960: Application time: 0.1621868 seconds
2024-10-09T21:50:28.122+0300: 810.960: [GC (Allocation Failure) 2024-10-09T21:50:28.122+0300: 810.960: [ParNew: 460096K->50027K(460096K), 0.0292294 secs] 1704976K->1318500K(8337536K), 0.0293141 secs] [Times: user=0.03 sys=0.00, real=0.03 secs] 
2024-10-09T21:50:28.154+0300: 810.989: Total time for which application threads were stopped: 0.0295819 seconds, Stopping threads took: 0.0001450 seconds
2024-10-09T21:50:28.326+0300: 811.161: Application time: 0.1723194 seconds
2024-10-09T21:50:28.326+0300: 811.162: [GC (Allocation Failure) 2024-10-09T21:50:28.326+0300: 811.162: [ParNew: 459051K->51072K(460096K), 0.0269913 secs] 1727524K->1329613K(8337536K), 0.0270794 secs] [Times: user=0.03 sys=0.00, real=0.03 secs] 
2024-10-09T21:50:28.358+0300: 811.189: Total time for which application threads were stopped: 0.0273213 seconds, Stopping threads took: 0.0001189 seconds
2024-10-09T21:50:28.499+0300: 811.340: Application time: 0.1507064 seconds
2024-10-09T21:50:28.499+0300: 811.340: [GC (Allocation Failure) 2024-10-09T21:50:28.499+0300: 811.340: [ParNew: 460096K->51072K(460096K), 0.0345194 secs] 1738637K->1355695K(8337536K), 0.0346071 secs] [Times: user=0.05 sys=0.00, real=0.05 secs] 
2024-10-09T21:50:28.546+0300: 811.374: Total time for which application threads were stopped: 0.0349177 seconds, Stopping threads took: 0.0001883 seconds
2024-10-09T21:50:28.703+0300: 811.541: Application time: 0.1666459 seconds
2024-10-09T21:50:28.703+0300: 811.541: [GC (Allocation Failure) 2024-10-09T21:50:28.703+0300: 811.541: [ParNew: 460096K->43684K(460096K), 0.0302739 secs] 1764719K->1374931K(8337536K), 0.0303708 secs] [Times: user=0.03 sys=0.00, real=0.03 secs] 
2024-10-09T21:50:28.734+0300: 811.572: Total time for which application threads were stopped: 0.0306832 seconds, Stopping threads took: 0.0001607 seconds
2024-10-09T21:50:28.908+0300: 811.745: Application time: 0.1732798 seconds
2024-10-09T21:50:28.908+0300: 811.745: [GC (Allocation Failure) 2024-10-09T21:50:28.908+0300: 811.745: [ParNew: 452708K->51072K(460096K), 0.0259002 secs] 1783955K->1388482K(8337536K), 0.0259935 secs] [Times: user=0.03 sys=0.00, real=0.03 secs] 
2024-10-09T21:50:28.939+0300: 811.771: Total time for which application threads were stopped: 0.0262396 seconds, Stopping threads took: 0.0001258 seconds
2024-10-09T21:50:29.096+0300: 811.924: Application time: 0.1523390 seconds
2024-10-09T21:50:29.096+0300: 811.924: [GC (Allocation Failure) 2024-10-09T21:50:29.096+0300: 811.924: [ParNew: 460096K->51072K(460096K), 0.0302086 secs] 1797506K->1404526K(8337536K), 0.0302984 secs] [Times: user=0.03 sys=0.00, real=0.03 secs] 
2024-10-09T21:50:29.127+0300: 811.954: Total time for which application threads were stopped: 0.0305526 seconds, Stopping threads took: 0.0001394 seconds
2024-10-09T21:50:29.284+0300: 812.117: Application time: 0.1627693 seconds
2024-10-09T21:50:29.284+0300: 812.117: [GC (Allocation Failure) 2024-10-09T21:50:29.284+0300: 812.117: [ParNew: 460096K->41258K(460096K), 0.0300111 secs] 1813550K->1423218K(8337536K), 0.0301001 secs] [Times: user=0.03 sys=0.00, real=0.03 secs] 
2024-10-09T21:50:29.316+0300: 812.147: Total time for which application threads were stopped: 0.0303445 seconds, Stopping threads took: 0.0001188 seconds
2024-10-09T21:50:29.492+0300: 812.322: Application time: 0.1746116 seconds
2024-10-09T21:50:29.492+0300: 812.322: [GC (Allocation Failure) 2024-10-09T21:50:29.492+0300: 812.322: [ParNew: 450282K->51072K(460096K), 0.0256383 secs] 1832242K->1436947K(8337536K), 0.0257179 secs] [Times: user=0.03 sys=0.00, real=0.03 secs] 
2024-10-09T21:50:29.520+0300: 812.348: Total time for which application threads were stopped: 0.0259612 seconds, Stopping threads took: 0.0001308 seconds
2024-10-09T21:50:29.670+0300: 812.499: Application time: 0.1511728 seconds
2024-10-09T21:50:29.670+0300: 812.499: [GC (Allocation Failure) 2024-10-09T21:50:29.670+0300: 812.499: [ParNew: 460096K->51072K(460096K), 0.0352853 secs] 1845971K->1457773K(8337536K), 0.0353821 secs] [Times: user=0.03 sys=0.00, real=0.04 secs] 
2024-10-09T21:50:29.709+0300: 812.535: Total time for which application threads were stopped: 0.0356673 seconds, Stopping threads took: 0.0001464 seconds
2024-10-09T21:50:29.865+0300: 812.695: Application time: 0.1602159 seconds
2024-10-09T21:50:29.865+0300: 812.695: [GC (Allocation Failure) 2024-10-09T21:50:29.865+0300: 812.695: [ParNew: 460096K->45041K(460096K), 0.0309300 secs] 1866797K->1482192K(8337536K), 0.0310140 secs] [Times: user=0.05 sys=0.00, real=0.03 secs] 
2024-10-09T21:50:29.897+0300: 812.726: Total time for which application threads were stopped: 0.0312030 seconds, Stopping threads took: 0.0000728 seconds
2024-10-09T21:50:30.071+0300: 812.904: Application time: 0.1778095 seconds
2024-10-09T21:50:30.071+0300: 812.904: [GC (Allocation Failure) 2024-10-09T21:50:30.071+0300: 812.904: [ParNew: 454065K->51072K(460096K), 0.0250433 secs] 1891216K->1490087K(8337536K), 0.0251218 secs] [Times: user=0.03 sys=0.00, real=0.03 secs] 
2024-10-09T21:50:30.104+0300: 812.929: Total time for which application threads were stopped: 0.0254100 seconds, Stopping threads took: 0.0001480 seconds
2024-10-09T21:50:30.242+0300: 813.078: Application time: 0.1489112 seconds
2024-10-09T21:50:30.242+0300: 813.079: [GC (Allocation Failure) 2024-10-09T21:50:30.242+0300: 813.079: [ParNew: 460096K->51072K(460096K), 0.0309662 secs] 1899111K->1506911K(8337536K), 0.0310609 secs] [Times: user=0.03 sys=0.00, real=0.03 secs] 
2024-10-09T21:50:30.274+0300: 813.110: Total time for which application threads were stopped: 0.0313234 seconds, Stopping threads took: 0.0001433 seconds
2024-10-09T21:50:30.431+0300: 813.265: Application time: 0.1553510 seconds
2024-10-09T21:50:30.431+0300: 813.265: [GC (Allocation Failure) 2024-10-09T21:50:30.431+0300: 813.265: [ParNew: 460096K->41763K(460096K), 0.0302287 secs] 1915935K->1526295K(8337536K), 0.0303142 secs] [Times: user=0.03 sys=0.00, real=0.03 secs] 
2024-10-09T21:50:30.462+0300: 813.296: Total time for which application threads were stopped: 0.0306039 seconds, Stopping threads took: 0.0001434 seconds
2024-10-09T21:50:30.634+0300: 813.472: Application time: 0.1768710 seconds
2024-10-09T21:50:30.634+0300: 813.473: [GC (Allocation Failure) 2024-10-09T21:50:30.634+0300: 813.473: [ParNew: 450787K->51072K(460096K), 0.0248058 secs] 1935319K->1537766K(8337536K), 0.0249015 secs] [Times: user=0.03 sys=0.00, real=0.03 secs] 
2024-10-09T21:50:30.666+0300: 813.498: Total time for which application threads were stopped: 0.0252138 seconds, Stopping threads took: 0.0001641 seconds
2024-10-09T21:50:30.823+0300: 813.659: Application time: 0.1612607 seconds
2024-10-09T21:50:30.823+0300: 813.659: [GC (Allocation Failure) 2024-10-09T21:50:30.823+0300: 813.659: [ParNew: 460096K->51072K(460096K), 0.0301811 secs] 1946790K->1553869K(8337536K), 0.0302636 secs] [Times: user=0.03 sys=0.00, real=0.03 secs] 
2024-10-09T21:50:30.854+0300: 813.690: Total time for which application threads were stopped: 0.0305696 seconds, Stopping threads took: 0.0001709 seconds
2024-10-09T21:50:31.011+0300: 813.844: Application time: 0.1547866 seconds
2024-10-09T21:50:31.011+0300: 813.845: [GC (Allocation Failure) 2024-10-09T21:50:31.011+0300: 813.845: [ParNew: 460096K->51072K(460096K), 0.0311088 secs] 1962893K->1579526K(8337536K), 0.0312017 secs] [Times: user=0.03 sys=0.00, real=0.03 secs] 
2024-10-09T21:50:31.042+0300: 813.876: Total time for which application threads were stopped: 0.0314743 seconds, Stopping threads took: 0.0001442 seconds
2024-10-09T21:50:31.215+0300: 814.055: Application time: 0.1788412 seconds
2024-10-09T21:50:31.215+0300: 814.055: [GC (Allocation Failure) 2024-10-09T21:50:31.215+0300: 814.055: [ParNew: 460096K->45771K(460096K), 0.0304568 secs] 1988550K->1594192K(8337536K), 0.0305435 secs] [Times: user=0.03 sys=0.00, real=0.03 secs] 
2024-10-09T21:50:31.246+0300: 814.085: Total time for which application threads were stopped: 0.0307716 seconds, Stopping threads took: 0.0001080 seconds
2024-10-09T21:50:31.419+0300: 814.246: Application time: 0.1602041 seconds
2024-10-09T21:50:31.419+0300: 814.246: [GC (Allocation Failure) 2024-10-09T21:50:31.419+0300: 814.246: [ParNew: 454795K->51072K(460096K), 0.0278073 secs] 2003216K->1609973K(8337536K), 0.0278936 secs] [Times: user=0.02 sys=0.00, real=0.02 secs] 
2024-10-09T21:50:31.435+0300: 814.274: Total time for which application threads were stopped: 0.0281371 seconds, Stopping threads took: 0.0001208 seconds
2024-10-09T21:50:31.592+0300: 814.427: Application time: 0.1529050 seconds
2024-10-09T21:50:31.592+0300: 814.427: [GC (Allocation Failure) 2024-10-09T21:50:31.592+0300: 814.427: [ParNew: 460096K->51072K(460096K), 0.0319374 secs] 2018997K->1639253K(8337536K), 0.0320292 secs] [Times: user=0.03 sys=0.00, real=0.03 secs] 
2024-10-09T21:50:31.623+0300: 814.459: Total time for which application threads were stopped: 0.0322789 seconds, Stopping threads took: 0.0001335 seconds
2024-10-09T21:50:31.811+0300: 814.639: Application time: 0.1804526 seconds
2024-10-09T21:50:31.811+0300: 814.640: [GC (Allocation Failure) 2024-10-09T21:50:31.811+0300: 814.640: [ParNew: 460096K->40968K(460096K), 0.0276351 secs] 2048277K->1646722K(8337536K), 0.0277310 secs] [Times: user=0.02 sys=0.00, real=0.02 secs] 
2024-10-09T21:50:31.827+0300: 814.667: Total time for which application threads were stopped: 0.0280418 seconds, Stopping threads took: 0.0001767 seconds
2024-10-09T21:50:32.000+0300: 814.832: Application time: 0.1646622 seconds
2024-10-09T21:50:32.000+0300: 814.832: [GC (Allocation Failure) 2024-10-09T21:50:32.000+0300: 814.832: [ParNew: 449992K->51072K(460096K), 0.0263312 secs] 2055746K->1663686K(8337536K), 0.0264201 secs] [Times: user=0.06 sys=0.00, real=0.03 secs] 
2024-10-09T21:50:32.032+0300: 814.859: Total time for which application threads were stopped: 0.0267032 seconds, Stopping threads took: 0.0001553 seconds
2024-10-09T21:50:32.175+0300: 815.010: Application time: 0.1513633 seconds
2024-10-09T21:50:32.175+0300: 815.010: [GC (Allocation Failure) 2024-10-09T21:50:32.175+0300: 815.010: [ParNew: 460096K->49685K(460096K), 0.0289555 secs] 2072710K->1686405K(8337536K), 0.0290448 secs] [Times: user=0.03 sys=0.00, real=0.03 secs] 
2024-10-09T21:50:32.205+0300: 815.039: Total time for which application threads were stopped: 0.0292981 seconds, Stopping threads took: 0.0001355 seconds
2024-10-09T21:50:32.378+0300: 815.215: Application time: 0.1756250 seconds
2024-10-09T21:50:32.378+0300: 815.215: [GC (Allocation Failure) 2024-10-09T21:50:32.378+0300: 815.215: [ParNew: 458709K->47893K(460096K), 0.0270343 secs] 2095429K->1697217K(8337536K), 0.0271283 secs] [Times: user=0.05 sys=0.00, real=0.03 secs] 
2024-10-09T21:50:32.409+0300: 815.242: Total time for which application threads were stopped: 0.0273955 seconds, Stopping threads took: 0.0001322 seconds
2024-10-09T21:50:32.576+0300: 815.403: Application time: 0.1604927 seconds
2024-10-09T21:50:32.576+0300: 815.403: [GC (Allocation Failure) 2024-10-09T21:50:32.576+0300: 815.403: [ParNew: 456917K->51072K(460096K), 0.0298034 secs] 2106241K->1717176K(8337536K), 0.0298898 secs] [Times: user=0.02 sys=0.00, real=0.02 secs] 
2024-10-09T21:50:32.598+0300: 815.433: Total time for which application threads were stopped: 0.0301551 seconds, Stopping threads took: 0.0001421 seconds
2024-10-09T21:50:32.754+0300: 815.594: Application time: 0.1606612 seconds
2024-10-09T21:50:32.754+0300: 815.594: [GC (Allocation Failure) 2024-10-09T21:50:32.754+0300: 815.594: [ParNew: 460096K->51072K(460096K), 0.0316726 secs] 2126200K->1742326K(8337536K), 0.0317633 secs] [Times: user=0.06 sys=0.00, real=0.03 secs] 
2024-10-09T21:50:32.786+0300: 815.626: Total time for which application threads were stopped: 0.0320388 seconds, Stopping threads took: 0.0001401 seconds
2024-10-09T21:50:32.958+0300: 815.793: Application time: 0.1676409 seconds
2024-10-09T21:50:32.958+0300: 815.794: [GC (Allocation Failure) 2024-10-09T21:50:32.958+0300: 815.794: [ParNew: 460096K->51072K(460096K), 0.0280940 secs] 2151350K->1761645K(8337536K), 0.0281828 secs] [Times: user=0.03 sys=0.00, real=0.03 secs] 
2024-10-09T21:50:32.990+0300: 815.822: Total time for which application threads were stopped: 0.0284440 seconds, Stopping threads took: 0.0001299 seconds
2024-10-09T21:50:33.147+0300: 815.984: Application time: 0.1621924 seconds
2024-10-09T21:50:33.147+0300: 815.984: [GC (Allocation Failure) 2024-10-09T21:50:33.147+0300: 815.984: [ParNew: 460096K->51072K(460096K), 0.0298947 secs] 2170669K->1779008K(8337536K), 0.0299874 secs] [Times: user=0.03 sys=0.00, real=0.03 secs] 
2024-10-09T21:50:33.178+0300: 816.014: Total time for which application threads were stopped: 0.0302728 seconds, Stopping threads took: 0.0001643 seconds
2024-10-09T21:50:33.335+0300: 816.172: Application time: 0.1574354 seconds
2024-10-09T21:50:33.335+0300: 816.172: [GC (Allocation Failure) 2024-10-09T21:50:33.335+0300: 816.172: [ParNew: 460096K->51072K(460096K), 0.0280050 secs] 2188032K->1797194K(8337536K), 0.0280885 secs] [Times: user=0.03 sys=0.00, real=0.03 secs] 
2024-10-09T21:50:33.366+0300: 816.200: Total time for which application threads were stopped: 0.0283426 seconds, Stopping threads took: 0.0001339 seconds
2024-10-09T21:50:33.539+0300: 816.369: Application time: 0.1684325 seconds
2024-10-09T21:50:33.539+0300: 816.369: [GC (Allocation Failure) 2024-10-09T21:50:33.539+0300: 816.369: [ParNew: 460096K->51072K(460096K), 0.0279309 secs] 2206218K->1815120K(8337536K), 0.0280100 secs] [Times: user=0.03 sys=0.00, real=0.03 secs] 
2024-10-09T21:50:33.570+0300: 816.397: Total time for which application threads were stopped: 0.0282659 seconds, Stopping threads took: 0.0001368 seconds
2024-10-09T21:50:33.727+0300: 816.567: Application time: 0.1697650 seconds
2024-10-09T21:50:33.727+0300: 816.567: [GC (Allocation Failure) 2024-10-09T21:50:33.727+0300: 816.567: [ParNew: 460096K->51072K(460096K), 0.0294411 secs] 2224144K->1826359K(8337536K), 0.0295359 secs] [Times: user=0.03 sys=0.00, real=0.03 secs] 
2024-10-09T21:50:33.759+0300: 816.596: Total time for which application threads were stopped: 0.0298425 seconds, Stopping threads took: 0.0001745 seconds
2024-10-09T21:50:33.916+0300: 816.746: Application time: 0.1499645 seconds
2024-10-09T21:50:33.916+0300: 816.747: [GC (Allocation Failure) 2024-10-09T21:50:33.916+0300: 816.747: [ParNew: 460096K->50651K(460096K), 0.0293527 secs] 2235383K->1849649K(8337536K), 0.0294469 secs] [Times: user=0.05 sys=0.00, real=0.03 secs] 
2024-10-09T21:50:33.947+0300: 816.776: Total time for which application threads were stopped: 0.0297242 seconds, Stopping threads took: 0.0001460 seconds
2024-10-09T21:50:34.120+0300: 816.946: Application time: 0.1698255 seconds
2024-10-09T21:50:34.120+0300: 816.946: [GC (Allocation Failure) 2024-10-09T21:50:34.120+0300: 816.946: [ParNew: 459675K->47463K(460096K), 0.0258484 secs] 2258673K->1860346K(8337536K), 0.0259344 secs] [Times: user=0.02 sys=0.00, real=0.02 secs] 
2024-10-09T21:50:34.135+0300: 816.972: Total time for which application threads were stopped: 0.0261899 seconds, Stopping threads took: 0.0001375 seconds
2024-10-09T21:50:34.309+0300: 817.139: Application time: 0.1666799 seconds
2024-10-09T21:50:34.309+0300: 817.139: [GC (Allocation Failure) 2024-10-09T21:50:34.309+0300: 817.139: [ParNew: 456487K->51072K(460096K), 0.0283560 secs] 2269370K->1875443K(8337536K), 0.0284387 secs] [Times: user=0.03 sys=0.00, real=0.03 secs] 
2024-10-09T21:50:34.340+0300: 817.168: Total time for which application threads were stopped: 0.0287054 seconds, Stopping threads took: 0.0001477 seconds
2024-10-09T21:50:34.481+0300: 817.318: Application time: 0.1508413 seconds
2024-10-09T21:50:34.481+0300: 817.319: [GC (Allocation Failure) 2024-10-09T21:50:34.481+0300: 817.319: [ParNew: 460096K->51072K(460096K), 0.0309478 secs] 2284467K->1903223K(8337536K), 0.0310382 secs] [Times: user=0.03 sys=0.00, real=0.03 secs] 
2024-10-09T21:50:34.512+0300: 817.350: Total time for which application threads were stopped: 0.0313175 seconds, Stopping threads took: 0.0001593 seconds
2024-10-09T21:50:34.685+0300: 817.524: Application time: 0.1746959 seconds
2024-10-09T21:50:34.685+0300: 817.525: [GC (Allocation Failure) 2024-10-09T21:50:34.685+0300: 817.525: [ParNew: 460096K->48274K(460096K), 0.0274609 secs] 2312247K->1915382K(8337536K), 0.0275502 secs] [Times: user=0.03 sys=0.00, real=0.03 secs] 
2024-10-09T21:50:34.716+0300: 817.552: Total time for which application threads were stopped: 0.0278116 seconds, Stopping threads took: 0.0001315 seconds
2024-10-09T21:50:34.889+0300: 817.720: Application time: 0.1674769 seconds
2024-10-09T21:50:34.889+0300: 817.720: [GC (Allocation Failure) 2024-10-09T21:50:34.889+0300: 817.720: [ParNew: 457298K->51072K(460096K), 0.0287847 secs] 2324406K->1932444K(8337536K), 0.0288721 secs] [Times: user=0.02 sys=0.00, real=0.03 secs] 
2024-10-09T21:50:34.921+0300: 817.749: Total time for which application threads were stopped: 0.0291323 seconds, Stopping threads took: 0.0001373 seconds
2024-10-09T21:50:35.062+0300: 817.899: Application time: 0.1500643 seconds
2024-10-09T21:50:35.062+0300: 817.899: [GC (Allocation Failure) 2024-10-09T21:50:35.062+0300: 817.899: [ParNew: 460096K->51072K(460096K), 0.0312131 secs] 2341468K->1959295K(8337536K), 0.0313129 secs] [Times: user=0.03 sys=0.00, real=0.03 secs] 
2024-10-09T21:50:35.093+0300: 817.931: Total time for which application threads were stopped: 0.0315888 seconds, Stopping threads took: 0.0001366 seconds
2024-10-09T21:50:35.266+0300: 818.099: Application time: 0.1683579 seconds
2024-10-09T21:50:35.266+0300: 818.099: [GC (Allocation Failure) 2024-10-09T21:50:35.266+0300: 818.099: [ParNew: 460096K->45662K(460096K), 0.0277555 secs] 2368319K->1971494K(8337536K), 0.0278456 secs] [Times: user=0.03 sys=0.00, real=0.03 secs] 
2024-10-09T21:50:35.297+0300: 818.127: Total time for which application threads were stopped: 0.0280933 seconds, Stopping threads took: 0.0001289 seconds
2024-10-09T21:50:35.455+0300: 818.294: Application time: 0.1674066 seconds
2024-10-09T21:50:35.455+0300: 818.295: [GC (Allocation Failure) 2024-10-09T21:50:35.455+0300: 818.295: [ParNew: 454686K->51072K(460096K), 0.0270239 secs] 2380518K->1986529K(8337536K), 0.0271173 secs] [Times: user=0.03 sys=0.00, real=0.03 secs] 
2024-10-09T21:50:35.486+0300: 818.322: Total time for which application threads were stopped: 0.0273953 seconds, Stopping threads took: 0.0001545 seconds
2024-10-09T21:50:35.643+0300: 818.475: Application time: 0.1530895 seconds
2024-10-09T21:50:35.643+0300: 818.475: [GC (Allocation Failure) 2024-10-09T21:50:35.643+0300: 818.475: [ParNew: 460096K->51072K(460096K), 0.0287372 secs] 2395553K->2006443K(8337536K), 0.0288273 secs] [Times: user=0.02 sys=0.00, real=0.03 secs] 
2024-10-09T21:50:35.674+0300: 818.504: Total time for which application threads were stopped: 0.0291130 seconds, Stopping threads took: 0.0001571 seconds
2024-10-09T21:50:35.847+0300: 818.676: Application time: 0.1716026 seconds
2024-10-09T21:50:35.847+0300: 818.676: [GC (Allocation Failure) 2024-10-09T21:50:35.847+0300: 818.676: [ParNew: 460096K->50905K(460096K), 0.0278136 secs] 2415467K->2025271K(8337536K), 0.0279051 secs] [Times: user=0.02 sys=0.00, real=0.02 secs] 
2024-10-09T21:50:35.863+0300: 818.704: Total time for which application threads were stopped: 0.0281426 seconds, Stopping threads took: 0.0001149 seconds
2024-10-09T21:50:36.035+0300: 818.873: Application time: 0.1694162 seconds
2024-10-09T21:50:36.035+0300: 818.873: [GC (Allocation Failure) 2024-10-09T21:50:36.035+0300: 818.873: [ParNew: 459929K->51072K(460096K), 0.0287074 secs] 2434295K->2035689K(8337536K), 0.0287953 secs] [Times: user=0.03 sys=0.00, real=0.03 secs] 
2024-10-09T21:50:36.067+0300: 818.902: Total time for which application threads were stopped: 0.0290954 seconds, Stopping threads took: 0.0001796 seconds
2024-10-09T21:50:36.224+0300: 819.059: Application time: 0.1565751 seconds
2024-10-09T21:50:36.224+0300: 819.059: [GC (Allocation Failure) 2024-10-09T21:50:36.224+0300: 819.059: [ParNew: 460096K->50520K(460096K), 0.0323568 secs] 2444713K->2060035K(8337536K), 0.0324653 secs] [Times: user=0.03 sys=0.00, real=0.03 secs] 
2024-10-09T21:50:36.255+0300: 819.092: Total time for which application threads were stopped: 0.0327530 seconds, Stopping threads took: 0.0001627 seconds
2024-10-09T21:50:36.428+0300: 819.256: Application time: 0.1641225 seconds
2024-10-09T21:50:36.428+0300: 819.256: [GC (Allocation Failure) 2024-10-09T21:50:36.428+0300: 819.256: [ParNew: 459544K->49141K(460096K), 0.0313009 secs] 2469059K->2082755K(8337536K), 0.0314070 secs] [Times: user=0.03 sys=0.02, real=0.03 secs] 
2024-10-09T21:50:36.462+0300: 819.287: Total time for which application threads were stopped: 0.0316722 seconds, Stopping threads took: 0.0001490 seconds
2024-10-09T21:50:36.616+0300: 819.457: Application time: 0.1697720 seconds
2024-10-09T21:50:36.632+0300: 819.457: [GC (Allocation Failure) 2024-10-09T21:50:36.632+0300: 819.458: [ParNew: 458165K->51072K(460096K), 0.0289090 secs] 2491779K->2097770K(8337536K), 0.0290055 secs] [Times: user=0.02 sys=0.00, real=0.02 secs] 
2024-10-09T21:50:36.647+0300: 819.487: Total time for which application threads were stopped: 0.0293212 seconds, Stopping threads took: 0.0001853 seconds
2024-10-09T21:50:36.820+0300: 819.649: Application time: 0.1622247 seconds
2024-10-09T21:50:36.820+0300: 819.649: [GC (Allocation Failure) 2024-10-09T21:50:36.820+0300: 819.649: [ParNew: 460096K->48388K(460096K), 0.0365906 secs] 2506794K->2130200K(8337536K), 0.0366780 secs] [Times: user=0.03 sys=0.00, real=0.03 secs] 
2024-10-09T21:50:36.851+0300: 819.686: Total time for which application threads were stopped: 0.0369599 seconds, Stopping threads took: 0.0001590 seconds
2024-10-09T21:50:37.008+0300: 819.846: Application time: 0.1602354 seconds
2024-10-09T21:50:37.008+0300: 819.846: [GC (Allocation Failure) 2024-10-09T21:50:37.008+0300: 819.846: [ParNew: 457412K->51072K(460096K), 0.0301984 secs] 2539224K->2152937K(8337536K), 0.0302872 secs] [Times: user=0.03 sys=0.00, real=0.03 secs] 
2024-10-09T21:50:37.040+0300: 819.877: Total time for which application threads were stopped: 0.0305714 seconds, Stopping threads took: 0.0001513 seconds
2024-10-09T21:50:37.213+0300: 820.041: Application time: 0.1641100 seconds
2024-10-09T21:50:37.213+0300: 820.041: [GC (Allocation Failure) 2024-10-09T21:50:37.213+0300: 820.041: [ParNew: 460096K->51072K(460096K), 0.0295342 secs] 2561961K->2168926K(8337536K), 0.0296228 secs] [Times: user=0.02 sys=0.00, real=0.03 secs] 
2024-10-09T21:50:37.244+0300: 820.071: Total time for which application threads were stopped: 0.0298853 seconds, Stopping threads took: 0.0001375 seconds
2024-10-09T21:50:37.401+0300: 820.233: Application time: 0.1627077 seconds
2024-10-09T21:50:37.401+0300: 820.233: [GC (Allocation Failure) 2024-10-09T21:50:37.401+0300: 820.234: [ParNew: 460096K->51072K(460096K), 0.0343994 secs] 2577950K->2198023K(8337536K), 0.0344802 secs] [Times: user=0.03 sys=0.00, real=0.03 secs] 
2024-10-09T21:50:37.433+0300: 820.268: Total time for which application threads were stopped: 0.0347851 seconds, Stopping threads took: 0.0001572 seconds
2024-10-09T21:50:37.590+0300: 820.431: Application time: 0.1629086 seconds
2024-10-09T21:50:37.605+0300: 820.431: [GC (Allocation Failure) 2024-10-09T21:50:37.605+0300: 820.431: [ParNew: 460096K->51072K(460096K), 0.0256627 secs] 2607047K->2206665K(8337536K), 0.0257590 secs] [Times: user=0.02 sys=0.00, real=0.02 secs] 
2024-10-09T21:50:37.621+0300: 820.457: Total time for which application threads were stopped: 0.0261082 seconds, Stopping threads took: 0.0002135 seconds
2024-10-09T21:50:37.794+0300: 820.626: Application time: 0.1688054 seconds
2024-10-09T21:50:37.794+0300: 820.626: [GC (Allocation Failure) 2024-10-09T21:50:37.794+0300: 820.626: [ParNew: 460096K->51072K(460096K), 0.0374872 secs] 2615689K->2241988K(8337536K), 0.0375785 secs] [Times: user=0.03 sys=0.00, real=0.03 secs] 
2024-10-09T21:50:37.825+0300: 820.664: Total time for which application threads were stopped: 0.0378988 seconds, Stopping threads took: 0.0001691 seconds
2024-10-09T21:50:37.988+0300: 820.822: Application time: 0.1587059 seconds
2024-10-09T21:50:37.988+0300: 820.823: [GC (Allocation Failure) 2024-10-09T21:50:37.998+0300: 820.825: [ParNew: 460096K->51072K(460096K), 0.0283941 secs] 2651012K->2260889K(8337536K), 0.0306502 secs] [Times: user=0.02 sys=0.00, real=0.03 secs] 
2024-10-09T21:50:38.013+0300: 820.853: Total time for which application threads were stopped: 0.0309206 seconds, Stopping threads took: 0.0001368 seconds
2024-10-09T21:50:38.189+0300: 821.017: Application time: 0.1633124 seconds
2024-10-09T21:50:38.189+0300: 821.017: [GC (Allocation Failure) 2024-10-09T21:50:38.189+0300: 821.017: [ParNew: 460096K->51072K(460096K), 0.0297662 secs] 2669913K->2278334K(8337536K), 0.0298541 secs] [Times: user=0.03 sys=0.00, real=0.03 secs] 
2024-10-09T21:50:38.217+0300: 821.047: Total time for which application threads were stopped: 0.0300976 seconds, Stopping threads took: 0.0001244 seconds
2024-10-09T21:50:38.374+0300: 821.202: Application time: 0.1556864 seconds
2024-10-09T21:50:38.374+0300: 821.203: [GC (Allocation Failure) 2024-10-09T21:50:38.374+0300: 821.203: [ParNew: 460096K->45033K(460096K), 0.0281364 secs] 2687358K->2290402K(8337536K), 0.0282290 secs] [Times: user=0.02 sys=0.00, real=0.02 secs] 
2024-10-09T21:50:38.390+0300: 821.231: Total time for which application threads were stopped: 0.0286538 seconds, Stopping threads took: 0.0002938 seconds
2024-10-09T21:50:38.562+0300: 821.395: Application time: 0.1642866 seconds
2024-10-09T21:50:38.562+0300: 821.396: [GC (Allocation Failure) 2024-10-09T21:50:38.562+0300: 821.396: [ParNew: 454057K->51072K(460096K), 0.0277513 secs] 2699426K->2316974K(8337536K), 0.0278507 secs] [Times: user=0.03 sys=0.00, real=0.03 secs] 
2024-10-09T21:50:38.594+0300: 821.424: Total time for which application threads were stopped: 0.0281226 seconds, Stopping threads took: 0.0001498 seconds
2024-10-09T21:50:38.766+0300: 821.593: Application time: 0.1698471 seconds
2024-10-09T21:50:38.766+0300: 821.594: [GC (Allocation Failure) 2024-10-09T21:50:38.766+0300: 821.594: [ParNew: 460096K->51072K(460096K), 0.0266079 secs] 2725998K->2328061K(8337536K), 0.0267027 secs] [Times: user=0.06 sys=0.00, real=0.02 secs] 
2024-10-09T21:50:38.790+0300: 821.620: Total time for which application threads were stopped: 0.0269785 seconds, Stopping threads took: 0.0001199 seconds
2024-10-09T21:50:38.939+0300: 821.776: Application time: 0.1556706 seconds
2024-10-09T21:50:38.939+0300: 821.776: [GC (Allocation Failure) 2024-10-09T21:50:38.939+0300: 821.776: [ParNew: 460096K->51072K(460096K), 0.0273121 secs] 2737085K->2345674K(8337536K), 0.0274040 secs] [Times: user=0.06 sys=0.00, real=0.03 secs] 
2024-10-09T21:50:38.970+0300: 821.804: Total time for which application threads were stopped: 0.0277152 seconds, Stopping threads took: 0.0001853 seconds
2024-10-09T21:50:39.128+0300: 821.967: Application time: 0.1627696 seconds
2024-10-09T21:50:39.128+0300: 821.967: [GC (Allocation Failure) 2024-10-09T21:50:39.128+0300: 821.967: [ParNew: 460096K->51072K(460096K), 0.0278562 secs] 2754698K->2366139K(8337536K), 0.0279421 secs] [Times: user=0.03 sys=0.00, real=0.03 secs] 
2024-10-09T21:50:39.159+0300: 821.995: Total time for which application threads were stopped: 0.0282069 seconds, Stopping threads took: 0.0001411 seconds
2024-10-09T21:50:39.316+0300: 822.156: Application time: 0.1615383 seconds
2024-10-09T21:50:39.316+0300: 822.156: [GC (Allocation Failure) 2024-10-09T21:50:39.316+0300: 822.157: [ParNew: 460096K->51072K(460096K), 0.0263842 secs] 2775163K->2374659K(8337536K), 0.0264709 secs] [Times: user=0.03 sys=0.00, real=0.03 secs] 
2024-10-09T21:50:39.347+0300: 822.183: Total time for which application threads were stopped: 0.0267283 seconds, Stopping threads took: 0.0001356 seconds
2024-10-09T21:50:39.504+0300: 822.340: Application time: 0.1574662 seconds
2024-10-09T21:50:39.504+0300: 822.341: [GC (Allocation Failure) 2024-10-09T21:50:39.504+0300: 822.341: [ParNew: 460096K->51072K(460096K), 0.0314390 secs] 2783683K->2398988K(8337536K), 0.0315263 secs] [Times: user=0.03 sys=0.00, real=0.03 secs] 
2024-10-09T21:50:39.536+0300: 822.372: Total time for which application threads were stopped: 0.0318141 seconds, Stopping threads took: 0.0001616 seconds
2024-10-09T21:50:39.708+0300: 822.539: Application time: 0.1671424 seconds
2024-10-09T21:50:39.708+0300: 822.540: [GC (Allocation Failure) 2024-10-09T21:50:39.708+0300: 822.540: [ParNew: 460096K->51072K(460096K), 0.0286320 secs] 2808012K->2417009K(8337536K), 0.0287314 secs] [Times: user=0.16 sys=0.00, real=0.03 secs] 
2024-10-09T21:50:39.739+0300: 822.568: Total time for which application threads were stopped: 0.0290279 seconds, Stopping threads took: 0.0001468 seconds
2024-10-09T21:50:39.896+0300: 822.736: Application time: 0.1676331 seconds
2024-10-09T21:50:39.896+0300: 822.736: [GC (Allocation Failure) 2024-10-09T21:50:39.896+0300: 822.736: [ParNew: 460096K->51072K(460096K), 0.0279501 secs] 2826033K->2423279K(8337536K), 0.0280304 secs] [Times: user=0.03 sys=0.00, real=0.03 secs] 
2024-10-09T21:50:39.928+0300: 822.764: Total time for which application threads were stopped: 0.0283074 seconds, Stopping threads took: 0.0001567 seconds
2024-10-09T21:50:40.084+0300: 822.918: Application time: 0.1533093 seconds
2024-10-09T21:50:40.084+0300: 822.918: [GC (Allocation Failure) 2024-10-09T21:50:40.084+0300: 822.918: [ParNew: 460096K->51072K(460096K), 0.0355104 secs] 2832303K->2455295K(8337536K), 0.0356026 secs] [Times: user=0.03 sys=0.00, real=0.03 secs] 
2024-10-09T21:50:40.116+0300: 822.954: Total time for which application threads were stopped: 0.0358554 seconds, Stopping threads took: 0.0001349 seconds
2024-10-09T21:50:40.288+0300: 823.116: Application time: 0.1620762 seconds
2024-10-09T21:50:40.288+0300: 823.116: [GC (Allocation Failure) 2024-10-09T21:50:40.288+0300: 823.116: [ParNew: 460096K->51072K(460096K), 0.0277811 secs] 2864319K->2472125K(8337536K), 0.0278708 secs] [Times: user=0.01 sys=0.00, real=0.02 secs] 
2024-10-09T21:50:40.304+0300: 823.144: Total time for which application threads were stopped: 0.0281395 seconds, Stopping threads took: 0.0001411 seconds
2024-10-09T21:50:40.477+0300: 823.312: Application time: 0.1682926 seconds
2024-10-09T21:50:40.477+0300: 823.312: [GC (Allocation Failure) 2024-10-09T21:50:40.477+0300: 823.312: [ParNew: 460096K->51072K(460096K), 0.0283224 secs] 2881149K->2485129K(8337536K), 0.0284222 secs] [Times: user=0.06 sys=0.00, real=0.03 secs] 
2024-10-09T21:50:40.508+0300: 823.341: Total time for which application threads were stopped: 0.0287036 seconds, Stopping threads took: 0.0001599 seconds
2024-10-09T21:50:40.665+0300: 823.499: Application time: 0.1579273 seconds
2024-10-09T21:50:40.665+0300: 823.499: [GC (Allocation Failure) 2024-10-09T21:50:40.665+0300: 823.499: [ParNew: 460096K->48094K(460096K), 0.0355892 secs] 2894153K->2508400K(8337536K), 0.0356830 secs] [Times: user=0.03 sys=0.00, real=0.03 secs] 
2024-10-09T21:50:40.697+0300: 823.535: Total time for which application threads were stopped: 0.0359534 seconds, Stopping threads took: 0.0001363 seconds
2024-10-09T21:50:40.870+0300: 823.703: Application time: 0.1685199 seconds
2024-10-09T21:50:40.870+0300: 823.703: [GC (Allocation Failure) 2024-10-09T21:50:40.870+0300: 823.703: [ParNew: 457118K->48518K(460096K), 0.0303771 secs] 2917424K->2531246K(8337536K), 0.0304766 secs] [Times: user=0.06 sys=0.00, real=0.03 secs] 
2024-10-09T21:50:40.901+0300: 823.734: Total time for which application threads were stopped: 0.0307557 seconds, Stopping threads took: 0.0001418 seconds
2024-10-09T21:50:41.073+0300: 823.900: Application time: 0.1660931 seconds
2024-10-09T21:50:41.073+0300: 823.900: [GC (Allocation Failure) 2024-10-09T21:50:41.073+0300: 823.900: [ParNew: 457542K->51072K(460096K), 0.0279189 secs] 2940270K->2545933K(8337536K), 0.0280004 secs] [Times: user=0.02 sys=0.00, real=0.02 secs] 
2024-10-09T21:50:41.095+0300: 823.928: Total time for which application threads were stopped: 0.0282571 seconds, Stopping threads took: 0.0001392 seconds
2024-10-09T21:50:41.246+0300: 824.082: Application time: 0.1535927 seconds
2024-10-09T21:50:41.246+0300: 824.082: [GC (Allocation Failure) 2024-10-09T21:50:41.246+0300: 824.082: [ParNew: 460096K->51072K(460096K), 0.0274080 secs] 2954957K->2562422K(8337536K), 0.0274999 secs] [Times: user=0.03 sys=0.00, real=0.03 secs] 
2024-10-09T21:50:41.277+0300: 824.110: Total time for which application threads were stopped: 0.0277950 seconds, Stopping threads took: 0.0001761 seconds
2024-10-09T21:50:41.450+0300: 824.277: Application time: 0.1672615 seconds
2024-10-09T21:50:41.450+0300: 824.277: [GC (Allocation Failure) 2024-10-09T21:50:41.450+0300: 824.277: [ParNew: 460096K->48818K(460096K), 0.0291809 secs] 2971446K->2582470K(8337536K), 0.0292723 secs] [Times: user=0.01 sys=0.00, real=0.02 secs] 
2024-10-09T21:50:41.466+0300: 824.307: Total time for which application threads were stopped: 0.0295355 seconds, Stopping threads took: 0.0001268 seconds
2024-10-09T21:50:41.639+0300: 824.474: Application time: 0.1677436 seconds
2024-10-09T21:50:41.639+0300: 824.475: [GC (Allocation Failure) 2024-10-09T21:50:41.639+0300: 824.475: [ParNew: 457842K->51072K(460096K), 0.0273075 secs] 2991494K->2591637K(8337536K), 0.0274072 secs] [Times: user=0.03 sys=0.00, real=0.03 secs] 
2024-10-09T21:50:41.670+0300: 824.502: Total time for which application threads were stopped: 0.0277045 seconds, Stopping threads took: 0.0001668 seconds
2024-10-09T21:50:41.827+0300: 824.654: Application time: 0.1522436 seconds
2024-10-09T21:50:41.827+0300: 824.654: [GC (Allocation Failure) 2024-10-09T21:50:41.827+0300: 824.655: [ParNew: 460096K->49993K(460096K), 0.0366258 secs] 3000661K->2625453K(8337536K), 0.0367156 secs] [Times: user=0.03 sys=0.00, real=0.03 secs] 
2024-10-09T21:50:41.858+0300: 824.691: Total time for which application threads were stopped: 0.0370088 seconds, Stopping threads took: 0.0001550 seconds
2024-10-09T21:50:42.031+0300: 824.860: Application time: 0.1689454 seconds
2024-10-09T21:50:42.031+0300: 824.860: [GC (Allocation Failure) 2024-10-09T21:50:42.031+0300: 824.860: [ParNew: 459017K->50740K(460096K), 0.0280992 secs] 3034477K->2643380K(8337536K), 0.0301807 secs] [Times: user=0.08 sys=0.00, real=0.03 secs] 
2024-10-09T21:50:42.062+0300: 824.891: Total time for which application threads were stopped: 0.0304880 seconds, Stopping threads took: 0.0001671 seconds
2024-10-09T21:50:42.219+0300: 825.059: Application time: 0.1685123 seconds
2024-10-09T21:50:42.219+0300: 825.059: [GC (Allocation Failure) 2024-10-09T21:50:42.219+0300: 825.059: [ParNew: 459764K->51072K(460096K), 0.0270756 secs] 3052404K->2653226K(8337536K), 0.0271673 secs] [Times: user=0.03 sys=0.00, real=0.03 secs] 
2024-10-09T21:50:42.251+0300: 825.087: Total time for which application threads were stopped: 0.0274654 seconds, Stopping threads took: 0.0001779 seconds
2024-10-09T21:50:42.408+0300: 825.235: Application time: 0.1484466 seconds
2024-10-09T21:50:42.408+0300: 825.235: [GC (Allocation Failure) 2024-10-09T21:50:42.408+0300: 825.235: [ParNew: 460096K->48274K(460096K), 0.0323039 secs] 3062250K->2678332K(8337536K), 0.0323864 secs] [Times: user=0.03 sys=0.00, real=0.03 secs] 
2024-10-09T21:50:42.439+0300: 825.268: Total time for which application threads were stopped: 0.0326323 seconds, Stopping threads took: 0.0001292 seconds
2024-10-09T21:50:42.612+0300: 825.440: Application time: 0.1725629 seconds
2024-10-09T21:50:42.612+0300: 825.440: [GC (Allocation Failure) 2024-10-09T21:50:42.612+0300: 825.441: [ParNew: 457298K->49754K(460096K), 0.0287643 secs] 3087356K->2699884K(8337536K), 0.0288594 secs] [Times: user=0.03 sys=0.00, real=0.03 secs] 
2024-10-09T21:50:42.643+0300: 825.469: Total time for which application threads were stopped: 0.0290658 seconds, Stopping threads took: 0.0000855 seconds
2024-10-09T21:50:42.816+0300: 825.645: Application time: 0.1761004 seconds
2024-10-09T21:50:42.816+0300: 825.646: [GC (Allocation Failure) 2024-10-09T21:50:42.816+0300: 825.646: [ParNew: 458778K->51072K(460096K), 0.0258049 secs] 3108908K->2708707K(8337536K), 0.0258916 secs] [Times: user=0.02 sys=0.00, real=0.02 secs] 
2024-10-09T21:50:42.832+0300: 825.672: Total time for which application threads were stopped: 0.0261738 seconds, Stopping threads took: 0.0001564 seconds
2024-10-09T21:50:42.989+0300: 825.819: Application time: 0.1470446 seconds
2024-10-09T21:50:42.989+0300: 825.819: [GC (Allocation Failure) 2024-10-09T21:50:42.989+0300: 825.819: [ParNew: 460096K->48581K(460096K), 0.0337082 secs] 3117731K->2735642K(8337536K), 0.0337954 secs] [Times: user=0.03 sys=0.00, real=0.03 secs] 
2024-10-09T21:50:43.020+0300: 825.853: Total time for which application threads were stopped: 0.0340668 seconds, Stopping threads took: 0.0001548 seconds
2024-10-09T21:50:43.200+0300: 826.028: Application time: 0.1749032 seconds
2024-10-09T21:50:43.200+0300: 826.028: [GC (Allocation Failure) 2024-10-09T21:50:43.200+0300: 826.028: [ParNew: 457605K->44155K(460096K), 0.0277226 secs] 3144666K->2751398K(8337536K), 0.0278135 secs] [Times: user=0.01 sys=0.00, real=0.02 secs] 
2024-10-09T21:50:43.225+0300: 826.056: Total time for which application threads were stopped: 0.0280973 seconds, Stopping threads took: 0.0001585 seconds
2024-10-09T21:50:43.397+0300: 826.225: Application time: 0.1692734 seconds
2024-10-09T21:50:43.397+0300: 826.225: [GC (Allocation Failure) 2024-10-09T21:50:43.397+0300: 826.225: [ParNew: 453179K->51072K(460096K), 0.0293586 secs] 3160422K->2770771K(8337536K), 0.0317125 secs] [Times: user=0.03 sys=0.00, real=0.03 secs] 
2024-10-09T21:50:43.429+0300: 826.257: Total time for which application threads were stopped: 0.0319586 seconds, Stopping threads took: 0.0001108 seconds
2024-10-09T21:50:43.570+0300: 826.405: Application time: 0.1479915 seconds
2024-10-09T21:50:43.570+0300: 826.405: [GC (Allocation Failure) 2024-10-09T21:50:43.570+0300: 826.405: [ParNew: 460096K->49858K(460096K), 0.0356277 secs] 3179795K->2800407K(8337536K), 0.0357152 secs] [Times: user=0.03 sys=0.00, real=0.03 secs] 
2024-10-09T21:50:43.601+0300: 826.441: Total time for which application threads were stopped: 0.0359840 seconds, Stopping threads took: 0.0001480 seconds
2024-10-09T21:50:43.789+0300: 826.620: Application time: 0.1793705 seconds
2024-10-09T21:50:43.789+0300: 826.621: [GC (Allocation Failure) 2024-10-09T21:50:43.789+0300: 826.621: [ParNew: 458882K->51072K(460096K), 0.0308175 secs] 3209431K->2829836K(8337536K), 0.0309098 secs] [Times: user=0.03 sys=0.00, real=0.03 secs] 
2024-10-09T21:50:43.821+0300: 826.652: Total time for which application threads were stopped: 0.0311649 seconds, Stopping threads took: 0.0001207 seconds
2024-10-09T21:50:43.993+0300: 826.821: Application time: 0.1697693 seconds
2024-10-09T21:50:43.993+0300: 826.822: [GC (Allocation Failure) 2024-10-09T21:50:43.993+0300: 826.822: [ParNew: 460096K->51072K(460096K), 0.0275669 secs] 3238860K->2837947K(8337536K), 0.0276605 secs] [Times: user=0.02 sys=0.00, real=0.02 secs] 
2024-10-09T21:50:44.009+0300: 826.849: Total time for which application threads were stopped: 0.0279369 seconds, Stopping threads took: 0.0001544 seconds
2024-10-09T21:50:44.166+0300: 826.999: Application time: 0.1501756 seconds
2024-10-09T21:50:44.166+0300: 827.000: [GC (Allocation Failure) 2024-10-09T21:50:44.166+0300: 827.000: [ParNew: 460096K->51072K(460096K), 0.0325127 secs] 3246971K->2865201K(8337536K), 0.0326017 secs] [Times: user=0.03 sys=0.00, real=0.04 secs] 
2024-10-09T21:50:44.203+0300: 827.032: Total time for which application threads were stopped: 0.0328906 seconds, Stopping threads took: 0.0001697 seconds
2024-10-09T21:50:44.370+0300: 827.200: Application time: 0.1677470 seconds
2024-10-09T21:50:44.370+0300: 827.200: [GC (Allocation Failure) 2024-10-09T21:50:44.370+0300: 827.200: [ParNew: 460096K->51072K(460096K), 0.0278870 secs] 3274225K->2886035K(8337536K), 0.0279737 secs] [Times: user=0.02 sys=0.00, real=0.03 secs] 
2024-10-09T21:50:44.401+0300: 827.228: Total time for which application threads were stopped: 0.0282255 seconds, Stopping threads took: 0.0001331 seconds
2024-10-09T21:50:44.574+0300: 827.400: Application time: 0.1721605 seconds
2024-10-09T21:50:44.574+0300: 827.401: [GC (Allocation Failure) 2024-10-09T21:50:44.574+0300: 827.401: [ParNew: 460096K->51072K(460096K), 0.0272727 secs] 3295059K->2896771K(8337536K), 0.0273645 secs] [Times: user=0.02 sys=0.00, real=0.02 secs] 
2024-10-09T21:50:44.590+0300: 827.428: Total time for which application threads were stopped: 0.0276153 seconds, Stopping threads took: 0.0001245 seconds
2024-10-09T21:50:44.747+0300: 827.583: Application time: 0.1552999 seconds
2024-10-09T21:50:44.747+0300: 827.584: [GC (Allocation Failure) 2024-10-09T21:50:44.747+0300: 827.584: [ParNew: 460096K->51072K(460096K), 0.0343513 secs] 3305795K->2925609K(8337536K), 0.0344439 secs] [Times: user=0.03 sys=0.00, real=0.03 secs] 
2024-10-09T21:50:44.778+0300: 827.618: Total time for which application threads were stopped: 0.0347631 seconds, Stopping threads took: 0.0001785 seconds
2024-10-09T21:50:44.951+0300: 827.790: Application time: 0.1719993 seconds
2024-10-09T21:50:44.951+0300: 827.790: [GC (Allocation Failure) 2024-10-09T21:50:44.951+0300: 827.790: [ParNew: 460096K->47432K(460096K), 0.0290251 secs] 3334633K->2946021K(8337536K), 0.0291220 secs] [Times: user=0.05 sys=0.00, real=0.03 secs] 
2024-10-09T21:50:44.982+0300: 827.820: Total time for which application threads were stopped: 0.0293912 seconds, Stopping threads took: 0.0001354 seconds
2024-10-09T21:50:45.155+0300: 827.989: Application time: 0.1699545 seconds
2024-10-09T21:50:45.155+0300: 827.990: [GC (Allocation Failure) 2024-10-09T21:50:45.155+0300: 827.990: [ParNew: 456456K->51072K(460096K), 0.0272775 secs] 3355045K->2958456K(8337536K), 0.0273666 secs] [Times: user=0.03 sys=0.00, real=0.03 secs] 
2024-10-09T21:50:45.186+0300: 828.017: Total time for which application threads were stopped: 0.0276538 seconds, Stopping threads took: 0.0001636 seconds
2024-10-09T21:50:45.327+0300: 828.165: Application time: 0.1478826 seconds
2024-10-09T21:50:45.327+0300: 828.165: [GC (Allocation Failure) 2024-10-09T21:50:45.327+0300: 828.165: [ParNew: 460096K->51072K(460096K), 0.0356879 secs] 3367480K->2990267K(8337536K), 0.0357720 secs] [Times: user=0.03 sys=0.00, real=0.05 secs] 
2024-10-09T21:50:45.374+0300: 828.201: Total time for which application threads were stopped: 0.0361361 seconds, Stopping threads took: 0.0002441 seconds
2024-10-09T21:50:45.532+0300: 828.371: Application time: 0.1699914 seconds
2024-10-09T21:50:45.532+0300: 828.371: [GC (Allocation Failure) 2024-10-09T21:50:45.532+0300: 828.371: [ParNew: 460096K->38820K(460096K), 0.0312586 secs] 3399291K->3005108K(8337536K), 0.0313532 secs] [Times: user=0.03 sys=0.00, real=0.03 secs] 
2024-10-09T21:50:45.563+0300: 828.403: Total time for which application threads were stopped: 0.0315883 seconds, Stopping threads took: 0.0001106 seconds
2024-10-09T21:50:45.751+0300: 828.581: Application time: 0.1784647 seconds
2024-10-09T21:50:45.751+0300: 828.581: [GC (Allocation Failure) 2024-10-09T21:50:45.751+0300: 828.581: [ParNew: 447844K->51072K(460096K), 0.0284252 secs] 3414132K->3027810K(8337536K), 0.0285134 secs] [Times: user=0.03 sys=0.00, real=0.03 secs] 
2024-10-09T21:50:45.783+0300: 828.610: Total time for which application threads were stopped: 0.0288074 seconds, Stopping threads took: 0.0001618 seconds
2024-10-09T21:50:45.924+0300: 828.755: Application time: 0.1453797 seconds
2024-10-09T21:50:45.924+0300: 828.756: [GC (Allocation Failure) 2024-10-09T21:50:45.924+0300: 828.756: [ParNew: 460096K->51072K(460096K), 0.0298384 secs] 3436834K->3050950K(8337536K), 0.0299261 secs] [Times: user=0.03 sys=0.00, real=0.03 secs] 
2024-10-09T21:50:45.955+0300: 828.786: Total time for which application threads were stopped: 0.0301798 seconds, Stopping threads took: 0.0001395 seconds
2024-10-09T21:50:46.129+0300: 828.961: Application time: 0.1757341 seconds
2024-10-09T21:50:46.129+0300: 828.962: [GC (Allocation Failure) 2024-10-09T21:50:46.129+0300: 828.962: [ParNew: 460096K->33416K(460096K), 0.0293170 secs] 3459974K->3059313K(8337536K), 0.0294049 secs] [Times: user=0.03 sys=0.00, real=0.03 secs] 
2024-10-09T21:50:46.160+0300: 828.991: Total time for which application threads were stopped: 0.0297033 seconds, Stopping threads took: 0.0001803 seconds
2024-10-09T21:50:46.332+0300: 829.162: Application time: 0.1707864 seconds
2024-10-09T21:50:46.332+0300: 829.162: [GC (Allocation Failure) 2024-10-09T21:50:46.332+0300: 829.162: [ParNew: 442440K->51072K(460096K), 0.0280618 secs] 3468337K->3083597K(8337536K), 0.0281495 secs] [Times: user=0.03 sys=0.00, real=0.03 secs] 
2024-10-09T21:50:46.363+0300: 829.190: Total time for which application threads were stopped: 0.0284228 seconds, Stopping threads took: 0.0001540 seconds
2024-10-09T21:50:46.505+0300: 829.332: Application time: 0.1420974 seconds
2024-10-09T21:50:46.505+0300: 829.333: [GC (Allocation Failure) 2024-10-09T21:50:46.505+0300: 829.333: [ParNew: 460096K->51072K(460096K), 0.0308757 secs] 3492621K->3106425K(8337536K), 0.0309559 secs] [Times: user=0.03 sys=0.00, real=0.03 secs] 
2024-10-09T21:50:46.536+0300: 829.364: Total time for which application threads were stopped: 0.0311943 seconds, Stopping threads took: 0.0001277 seconds
2024-10-09T21:50:46.709+0300: 829.545: Application time: 0.1818673 seconds
2024-10-09T21:50:46.709+0300: 829.546: [GC (Allocation Failure) 2024-10-09T21:50:46.709+0300: 829.546: [ParNew: 460096K->42189K(460096K), 0.0308576 secs] 3515449K->3127659K(8337536K), 0.0309501 secs] [Times: user=0.19 sys=0.00, real=0.03 secs] 
2024-10-09T21:50:46.740+0300: 829.577: Total time for which application threads were stopped: 0.0313228 seconds, Stopping threads took: 0.0002371 seconds
2024-10-09T21:50:46.929+0300: 829.758: Application time: 0.1808531 seconds
2024-10-09T21:50:46.929+0300: 829.758: [GC (Allocation Failure) 2024-10-09T21:50:46.929+0300: 829.758: [ParNew: 451213K->51072K(460096K), 0.0301351 secs] 3536683K->3142865K(8337536K), 0.0302198 secs] [Times: user=0.06 sys=0.00, real=0.03 secs] 
2024-10-09T21:50:46.960+0300: 829.788: Total time for which application threads were stopped: 0.0304848 seconds, Stopping threads took: 0.0001422 seconds
2024-10-09T21:50:47.101+0300: 829.934: Application time: 0.1457665 seconds
2024-10-09T21:50:47.101+0300: 829.934: [GC (Allocation Failure) 2024-10-09T21:50:47.101+0300: 829.934: [ParNew: 460096K->49721K(460096K), 0.0343868 secs] 3551889K->3166588K(8337536K), 0.0344754 secs] [Times: user=0.05 sys=0.00, real=0.03 secs] 
2024-10-09T21:50:47.133+0300: 829.969: Total time for which application threads were stopped: 0.0347303 seconds, Stopping threads took: 0.0001363 seconds
2024-10-09T21:50:47.313+0300: 830.139: Application time: 0.1707343 seconds
2024-10-09T21:50:47.313+0300: 830.139: [GC (Allocation Failure) 2024-10-09T21:50:47.313+0300: 830.140: [ParNew: 458745K->47535K(460096K), 0.0301828 secs] 3575612K->3195097K(8337536K), 0.0302746 secs] [Times: user=0.03 sys=0.00, real=0.03 secs] 
2024-10-09T21:50:47.342+0300: 830.170: Total time for which application threads were stopped: 0.0305082 seconds, Stopping threads took: 0.0001053 seconds
2024-10-09T21:50:47.509+0300: 830.350: Application time: 0.1799149 seconds
2024-10-09T21:50:47.509+0300: 830.350: [GC (Allocation Failure) 2024-10-09T21:50:47.509+0300: 830.350: [ParNew: 456559K->51072K(460096K), 0.0258389 secs] 3604121K->3201639K(8337536K), 0.0259866 secs] [Times: user=0.03 sys=0.00, real=0.03 secs] 
2024-10-09T21:50:47.541+0300: 830.376: Total time for which application threads were stopped: 0.0262555 seconds, Stopping threads took: 0.0001521 seconds
2024-10-09T21:50:47.697+0300: 830.534: Application time: 0.1583040 seconds
2024-10-09T21:50:47.697+0300: 830.535: [GC (Allocation Failure) 2024-10-09T21:50:47.697+0300: 830.535: [ParNew: 460096K->51072K(460096K), 0.0364600 secs] 3610663K->3229733K(8337536K), 0.0365456 secs] [Times: user=0.11 sys=0.00, real=0.05 secs] 
