[0.022s][info][gc] Using Concurrent Mark Sweep
[0.022s][info][gc,heap,coops] Heap address: 0x0000000080000000, size: 2048 MB, Compressed Oops mode: 32-bit
[21.689s][info][gc,start     ] GC(0) Pause Full (System.gc())
[21.689s][info][gc,phases,start] GC(0) Phase 1: Mark live objects
[21.693s][info][gc,phases      ] GC(0) Phase 1: Mark live objects 4.039ms
[21.693s][info][gc,phases,start] GC(0) Phase 2: Compute new object addresses
[21.695s][info][gc,phases      ] GC(0) Phase 2: Compute new object addresses 1.742ms
[21.695s][info][gc,phases,start] GC(0) Phase 3: Adjust pointers
[21.698s][info][gc,phases      ] GC(0) Phase 3: Adjust pointers 3.163ms
[21.703s][info][gc,phases,start] GC(0) Phase 4: Move objects
[21.705s][info][gc,phases      ] GC(0) Phase 4: Move objects 2.000ms
[21.708s][info][gc,heap        ] GC(0) ParNew: 24541K->0K(460096K)
[21.708s][info][gc,heap        ] GC(0) CMS: 0K->2664K(1585984K)
[21.708s][info][gc,metaspace   ] GC(0) Metaspace: 9668K(10240K)->9668K(10240K) NonClass: 8797K(9216K)->8797K(9216K) Class: 870K(1024K)->870K(1024K)
[21.709s][info][gc             ] GC(0) Pause Full (System.gc()) 23M->2M(1998M) 19.717ms
[21.709s][info][gc,cpu         ] GC(0) User=0.00s Sys=0.00s Real=0.02s
[23.520s][info][gc,start       ] GC(1) Pause Young (Allocation Failure)
[23.521s][info][gc,task        ] GC(1) Using 6 workers of 6 for evacuation
[23.528s][info][gc,heap        ] GC(1) ParNew: 409024K->15650K(460096K)
[23.528s][info][gc,heap        ] GC(1) CMS: 2664K->2664K(1585984K)
[23.528s][info][gc,metaspace   ] GC(1) Metaspace: 15641K(16384K)->15641K(16384K) NonClass: 14113K(14592K)->14113K(14592K) Class: 1528K(1792K)->1528K(1792K)
[23.528s][info][gc             ] GC(1) Pause Young (Allocation Failure) 402M->17M(1998M) 7.540ms
[23.528s][info][gc,cpu         ] GC(1) User=0.00s Sys=0.00s Real=0.01s
[24.950s][info][gc,start       ] GC(2) Pause Young (Allocation Failure)
[24.950s][info][gc,task        ] GC(2) Using 6 workers of 6 for evacuation
[24.955s][info][gc,heap        ] GC(2) ParNew: 424674K->7010K(460096K)
[24.955s][info][gc,heap        ] GC(2) CMS: 2664K->2664K(1585984K)
[24.955s][info][gc,metaspace   ] GC(2) Metaspace: 16965K(17792K)->16965K(17792K) NonClass: 15297K(15872K)->15297K(15872K) Class: 1667K(1920K)->1667K(1920K)
[24.955s][info][gc             ] GC(2) Pause Young (Allocation Failure) 417M->9M(1998M) 5.403ms
[24.955s][info][gc,cpu         ] GC(2) User=0.00s Sys=0.02s Real=0.01s
[26.198s][info][gc,start       ] GC(3) Pause Young (Allocation Failure)
[26.198s][info][gc,task        ] GC(3) Using 6 workers of 6 for evacuation
[26.203s][info][gc,heap        ] GC(3) ParNew: 416034K->16849K(460096K)
[26.203s][info][gc,heap        ] GC(3) CMS: 2664K->2664K(1585984K)
[26.203s][info][gc,metaspace   ] GC(3) Metaspace: 16974K(17792K)->16974K(17792K) NonClass: 15306K(15872K)->15306K(15872K) Class: 1667K(1920K)->1667K(1920K)
[26.203s][info][gc             ] GC(3) Pause Young (Allocation Failure) 408M->19M(1998M) 4.960ms
[26.203s][info][gc,cpu         ] GC(3) User=0.00s Sys=0.00s Real=0.01s
[27.305s][info][gc,start       ] GC(4) Pause Young (Allocation Failure)
[27.305s][info][gc,task        ] GC(4) Using 6 workers of 6 for evacuation
[27.309s][info][gc,heap        ] GC(4) ParNew: 425873K->10366K(460096K)
[27.309s][info][gc,heap        ] GC(4) CMS: 2664K->2664K(1585984K)
[27.309s][info][gc,metaspace   ] GC(4) Metaspace: 17083K(17792K)->17083K(17792K) NonClass: 15407K(15872K)->15407K(15872K) Class: 1676K(1920K)->1676K(1920K)
[27.309s][info][gc             ] GC(4) Pause Young (Allocation Failure) 418M->12M(1998M) 4.062ms
[27.309s][info][gc,cpu         ] GC(4) User=0.00s Sys=0.00s Real=0.00s
[28.376s][info][gc,start       ] GC(5) Pause Young (Allocation Failure)
[28.376s][info][gc,task        ] GC(5) Using 6 workers of 6 for evacuation
[28.379s][info][gc,heap        ] GC(5) ParNew: 419390K->3080K(460096K)
[28.379s][info][gc,heap        ] GC(5) CMS: 2664K->2664K(1585984K)
[28.379s][info][gc,metaspace   ] GC(5) Metaspace: 18205K(19072K)->18205K(19072K) NonClass: 16396K(16896K)->16396K(16896K) Class: 1808K(2176K)->1808K(2176K)
[28.379s][info][gc             ] GC(5) Pause Young (Allocation Failure) 412M->5M(1998M) 3.451ms
[28.379s][info][gc,cpu         ] GC(5) User=0.00s Sys=0.00s Real=0.00s
[28.667s][info][gc,start       ] GC(6) Pause Full (System.gc())
[28.667s][info][gc,phases,start] GC(6) Phase 1: Mark live objects
[28.674s][info][gc,phases      ] GC(6) Phase 1: Mark live objects 6.344ms
[28.674s][info][gc,phases,start] GC(6) Phase 2: Compute new object addresses
[28.684s][info][gc,phases      ] GC(6) Phase 2: Compute new object addresses 10.502ms
[28.684s][info][gc,phases,start] GC(6) Phase 3: Adjust pointers
[28.689s][info][gc,phases      ] GC(6) Phase 3: Adjust pointers 4.813ms
[28.689s][info][gc,phases,start] GC(6) Phase 4: Move objects
[28.692s][info][gc,phases      ] GC(6) Phase 4: Move objects 2.531ms
[28.695s][info][gc,heap        ] GC(6) ParNew: 181813K->0K(460096K)
[28.695s][info][gc,heap        ] GC(6) CMS: 2664K->4084K(1585984K)
[28.695s][info][gc,metaspace   ] GC(6) Metaspace: 18381K(19328K)->18381K(19328K) NonClass: 16546K(17152K)->16546K(17152K) Class: 1835K(2176K)->1835K(2176K)
[28.695s][info][gc             ] GC(6) Pause Full (System.gc()) 180M->3M(1998M) 27.926ms
[28.695s][info][gc,cpu         ] GC(6) User=0.05s Sys=0.02s Real=0.03s
[29.978s][info][gc,start       ] GC(7) Pause Young (Allocation Failure)
[29.978s][info][gc,task        ] GC(7) Using 6 workers of 6 for evacuation
[29.982s][info][gc,heap        ] GC(7) ParNew: 409024K->14831K(460096K)
[29.982s][info][gc,heap        ] GC(7) CMS: 4084K->4084K(1585984K)
[29.982s][info][gc,metaspace   ] GC(7) Metaspace: 18382K(19328K)->18382K(19328K) NonClass: 16547K(17152K)->16547K(17152K) Class: 1835K(2176K)->1835K(2176K)
[29.982s][info][gc             ] GC(7) Pause Young (Allocation Failure) 403M->18M(1998M) 4.467ms
[29.982s][info][gc,cpu         ] GC(7) User=0.00s Sys=0.00s Real=0.02s
[30.947s][info][gc,start       ] GC(8) Pause Young (Allocation Failure)
[30.947s][info][gc,task        ] GC(8) Using 6 workers of 6 for evacuation
[30.949s][info][gc,heap        ] GC(8) ParNew: 423855K->5897K(460096K)
[30.949s][info][gc,heap        ] GC(8) CMS: 4084K->4084K(1585984K)
[30.949s][info][gc,metaspace   ] GC(8) Metaspace: 18384K(19328K)->18384K(19328K) NonClass: 16549K(17152K)->16549K(17152K) Class: 1835K(2176K)->1835K(2176K)
[30.949s][info][gc             ] GC(8) Pause Young (Allocation Failure) 417M->9M(1998M) 2.423ms
[30.949s][info][gc,cpu         ] GC(8) User=0.00s Sys=0.00s Real=0.00s
[32.376s][info][gc,start       ] GC(9) Pause Young (Allocation Failure)
[32.376s][info][gc,task        ] GC(9) Using 6 workers of 6 for evacuation
[32.382s][info][gc,heap        ] GC(9) ParNew: 414921K->23145K(460096K)
[32.382s][info][gc,heap        ] GC(9) CMS: 4084K->4084K(1585984K)
[32.382s][info][gc,metaspace   ] GC(9) Metaspace: 18391K(19328K)->18391K(19328K) NonClass: 16556K(17152K)->16556K(17152K) Class: 1835K(2176K)->1835K(2176K)
[32.382s][info][gc             ] GC(9) Pause Young (Allocation Failure) 409M->26M(1998M) 5.961ms
[32.382s][info][gc,cpu         ] GC(9) User=0.00s Sys=0.00s Real=0.01s
[33.287s][info][gc,start       ] GC(10) Pause Young (Allocation Failure)
[33.287s][info][gc,task        ] GC(10) Using 6 workers of 6 for evacuation
[33.291s][info][gc,heap        ] GC(10) ParNew: 432169K->9079K(460096K)
[33.291s][info][gc,heap        ] GC(10) CMS: 4084K->4084K(1585984K)
[33.291s][info][gc,metaspace   ] GC(10) Metaspace: 18398K(19328K)->18398K(19328K) NonClass: 16562K(17152K)->16562K(17152K) Class: 1835K(2176K)->1835K(2176K)
[33.291s][info][gc             ] GC(10) Pause Young (Allocation Failure) 426M->12M(1998M) 3.679ms
[33.291s][info][gc,cpu         ] GC(10) User=0.00s Sys=0.00s Real=0.00s
[33.867s][info][gc,start       ] GC(11) Pause Young (Allocation Failure)
[33.867s][info][gc,task        ] GC(11) Using 6 workers of 6 for evacuation
[33.869s][info][gc,heap        ] GC(11) ParNew: 418103K->819K(460096K)
[33.869s][info][gc,heap        ] GC(11) CMS: 4084K->4084K(1585984K)
[33.869s][info][gc,metaspace   ] GC(11) Metaspace: 18418K(19328K)->18418K(19328K) NonClass: 16582K(17152K)->16582K(17152K) Class: 1835K(2176K)->1835K(2176K)
[33.870s][info][gc             ] GC(11) Pause Young (Allocation Failure) 412M->4M(1998M) 2.466ms
[33.870s][info][gc,cpu         ] GC(11) User=0.00s Sys=0.00s Real=0.00s
[34.043s][info][gc,start       ] GC(12) Pause Full (System.gc())
[34.043s][info][gc,phases,start] GC(12) Phase 1: Mark live objects
[34.050s][info][gc,phases      ] GC(12) Phase 1: Mark live objects 6.474ms
[34.050s][info][gc,phases,start] GC(12) Phase 2: Compute new object addresses
[34.061s][info][gc,phases      ] GC(12) Phase 2: Compute new object addresses 10.893ms
[34.061s][info][gc,phases,start] GC(12) Phase 3: Adjust pointers
[34.065s][info][gc,phases      ] GC(12) Phase 3: Adjust pointers 4.519ms
[34.065s][info][gc,phases,start] GC(12) Phase 4: Move objects
[34.066s][info][gc,phases      ] GC(12) Phase 4: Move objects 1.221ms
[34.068s][info][gc,heap        ] GC(12) ParNew: 133899K->0K(460096K)
[34.068s][info][gc,heap        ] GC(12) CMS: 4084K->4084K(1585984K)
[34.068s][info][gc,metaspace   ] GC(12) Metaspace: 18445K(19328K)->18445K(19328K) NonClass: 16609K(17152K)->16609K(17152K) Class: 1835K(2176K)->1835K(2176K)
[34.069s][info][gc             ] GC(12) Pause Full (System.gc()) 134M->3M(1998M) 25.490ms
[34.069s][info][gc,cpu         ] GC(12) User=0.06s Sys=0.00s Real=0.03s
[35.286s][info][gc,start       ] GC(13) Pause Young (Allocation Failure)
[35.286s][info][gc,task        ] GC(13) Using 6 workers of 6 for evacuation
[35.290s][info][gc,heap        ] GC(13) ParNew: 409024K->14076K(460096K)
[35.290s][info][gc,heap        ] GC(13) CMS: 4084K->4084K(1585984K)
[35.290s][info][gc,metaspace   ] GC(13) Metaspace: 18446K(19328K)->18446K(19328K) NonClass: 16611K(17152K)->16611K(17152K) Class: 1835K(2176K)->1835K(2176K)
[35.290s][info][gc             ] GC(13) Pause Young (Allocation Failure) 403M->17M(1998M) 3.813ms
[35.290s][info][gc,cpu         ] GC(13) User=0.00s Sys=0.00s Real=0.00s
[36.199s][info][gc,start       ] GC(14) Pause Young (Allocation Failure)
[36.199s][info][gc,task        ] GC(14) Using 6 workers of 6 for evacuation
[36.202s][info][gc,heap        ] GC(14) ParNew: 423100K->5349K(460096K)
[36.202s][info][gc,heap        ] GC(14) CMS: 4084K->4084K(1585984K)
[36.202s][info][gc,metaspace   ] GC(14) Metaspace: 18450K(19328K)->18450K(19328K) NonClass: 16615K(17152K)->16615K(17152K) Class: 1835K(2176K)->1835K(2176K)
[36.202s][info][gc             ] GC(14) Pause Young (Allocation Failure) 417M->9M(1998M) 2.645ms
[36.202s][info][gc,cpu         ] GC(14) User=0.00s Sys=0.00s Real=0.00s
[37.539s][info][gc,start       ] GC(15) Pause Young (Allocation Failure)
[37.539s][info][gc,task        ] GC(15) Using 6 workers of 6 for evacuation
[37.545s][info][gc,heap        ] GC(15) ParNew: 414373K->22999K(460096K)
[37.545s][info][gc,heap        ] GC(15) CMS: 4084K->4084K(1585984K)
[37.545s][info][gc,metaspace   ] GC(15) Metaspace: 18453K(19328K)->18453K(19328K) NonClass: 16617K(17152K)->16617K(17152K) Class: 1835K(2176K)->1835K(2176K)
[37.545s][info][gc             ] GC(15) Pause Young (Allocation Failure) 408M->26M(1998M) 6.410ms
[37.545s][info][gc,cpu         ] GC(15) User=0.00s Sys=0.00s Real=0.02s
[38.362s][info][gc,start       ] GC(16) Pause Young (Allocation Failure)
[38.362s][info][gc,task        ] GC(16) Using 6 workers of 6 for evacuation
[38.365s][info][gc,heap        ] GC(16) ParNew: 432023K->7434K(460096K)
[38.365s][info][gc,heap        ] GC(16) CMS: 4084K->4084K(1585984K)
[38.365s][info][gc,metaspace   ] GC(16) Metaspace: 18466K(19328K)->18466K(19328K) NonClass: 16630K(17152K)->16630K(17152K) Class: 1836K(2176K)->1836K(2176K)
[38.365s][info][gc             ] GC(16) Pause Young (Allocation Failure) 425M->11M(1998M) 3.350ms
[38.365s][info][gc,cpu         ] GC(16) User=0.00s Sys=0.00s Real=0.02s
[38.942s][info][gc,start       ] GC(17) Pause Young (Allocation Failure)
[38.942s][info][gc,task        ] GC(17) Using 6 workers of 6 for evacuation
[38.944s][info][gc,heap        ] GC(17) ParNew: 416458K->743K(460096K)
[38.944s][info][gc,heap        ] GC(17) CMS: 4084K->4084K(1585984K)
[38.944s][info][gc,metaspace   ] GC(17) Metaspace: 18476K(19328K)->18476K(19328K) NonClass: 16640K(17152K)->16640K(17152K) Class: 1836K(2176K)->1836K(2176K)
[38.944s][info][gc             ] GC(17) Pause Young (Allocation Failure) 410M->4M(1998M) 2.067ms
[38.944s][info][gc,cpu         ] GC(17) User=0.00s Sys=0.00s Real=0.00s
[39.102s][info][gc,start       ] GC(18) Pause Full (System.gc())
[39.102s][info][gc,phases,start] GC(18) Phase 1: Mark live objects
[39.107s][info][gc,phases      ] GC(18) Phase 1: Mark live objects 5.268ms
[39.107s][info][gc,phases,start] GC(18) Phase 2: Compute new object addresses
[39.117s][info][gc,phases      ] GC(18) Phase 2: Compute new object addresses 9.375ms
[39.117s][info][gc,phases,start] GC(18) Phase 3: Adjust pointers
[39.122s][info][gc,phases      ] GC(18) Phase 3: Adjust pointers 5.050ms
[39.122s][info][gc,phases,start] GC(18) Phase 4: Move objects
[39.123s][info][gc,phases      ] GC(18) Phase 4: Move objects 0.571ms
[39.125s][info][gc,heap        ] GC(18) ParNew: 125344K->0K(460096K)
[39.125s][info][gc,heap        ] GC(18) CMS: 4084K->4084K(1585984K)
[39.125s][info][gc,metaspace   ] GC(18) Metaspace: 18485K(19328K)->18485K(19328K) NonClass: 16649K(17152K)->16649K(17152K) Class: 1836K(2176K)->1836K(2176K)
[39.125s][info][gc             ] GC(18) Pause Full (System.gc()) 126M->3M(1998M) 23.170ms
[39.125s][info][gc,cpu         ] GC(18) User=0.02s Sys=0.00s Real=0.03s
[40.323s][info][gc,start       ] GC(19) Pause Young (Allocation Failure)
[40.324s][info][gc,task        ] GC(19) Using 6 workers of 6 for evacuation
[40.328s][info][gc,heap        ] GC(19) ParNew: 409024K->13957K(460096K)
[40.328s][info][gc,heap        ] GC(19) CMS: 4084K->4084K(1585984K)
[40.328s][info][gc,metaspace   ] GC(19) Metaspace: 18486K(19328K)->18486K(19328K) NonClass: 16650K(17152K)->16650K(17152K) Class: 1836K(2176K)->1836K(2176K)
[40.328s][info][gc             ] GC(19) Pause Young (Allocation Failure) 403M->17M(1998M) 4.144ms
[40.328s][info][gc,cpu         ] GC(19) User=0.00s Sys=0.00s Real=0.01s
[41.360s][info][gc,start       ] GC(20) Pause Young (Allocation Failure)
[41.361s][info][gc,task        ] GC(20) Using 6 workers of 6 for evacuation
[41.363s][info][gc,heap        ] GC(20) ParNew: 422981K->5324K(460096K)
[41.363s][info][gc,heap        ] GC(20) CMS: 4084K->4084K(1585984K)
[41.363s][info][gc,metaspace   ] GC(20) Metaspace: 18494K(19328K)->18494K(19328K) NonClass: 16658K(17152K)->16658K(17152K) Class: 1836K(2176K)->1836K(2176K)
[41.363s][info][gc             ] GC(20) Pause Young (Allocation Failure) 417M->9M(1998M) 2.683ms
[41.363s][info][gc,cpu         ] GC(20) User=0.00s Sys=0.00s Real=0.00s
[42.738s][info][gc,start       ] GC(21) Pause Young (Allocation Failure)
[42.738s][info][gc,task        ] GC(21) Using 6 workers of 6 for evacuation
[42.743s][info][gc,heap        ] GC(21) ParNew: 414348K->23071K(460096K)
[42.743s][info][gc,heap        ] GC(21) CMS: 4084K->4084K(1585984K)
[42.743s][info][gc,metaspace   ] GC(21) Metaspace: 18496K(19328K)->18496K(19328K) NonClass: 16660K(17152K)->16660K(17152K) Class: 1836K(2176K)->1836K(2176K)
[42.743s][info][gc             ] GC(21) Pause Young (Allocation Failure) 408M->26M(1998M) 5.322ms
[42.743s][info][gc,cpu         ] GC(21) User=0.00s Sys=0.00s Real=0.01s
[43.621s][info][gc,start       ] GC(22) Pause Young (Allocation Failure)
[43.622s][info][gc,task        ] GC(22) Using 6 workers of 6 for evacuation
[43.624s][info][gc,heap        ] GC(22) ParNew: 432095K->8943K(460096K)
[43.625s][info][gc,heap        ] GC(22) CMS: 4084K->4084K(1585984K)
[43.625s][info][gc,metaspace   ] GC(22) Metaspace: 18500K(19328K)->18500K(19328K) NonClass: 16664K(17152K)->16664K(17152K) Class: 1836K(2176K)->1836K(2176K)
[43.625s][info][gc             ] GC(22) Pause Young (Allocation Failure) 425M->12M(1998M) 3.125ms
[43.625s][info][gc,cpu         ] GC(22) User=0.00s Sys=0.00s Real=0.01s
[44.154s][info][gc,start       ] GC(23) Pause Young (Allocation Failure)
[44.155s][info][gc,task        ] GC(23) Using 6 workers of 6 for evacuation
[44.157s][info][gc,heap        ] GC(23) ParNew: 417967K->812K(460096K)
[44.157s][info][gc,heap        ] GC(23) CMS: 4084K->4084K(1585984K)
[44.157s][info][gc,metaspace   ] GC(23) Metaspace: 18513K(19328K)->18513K(19328K) NonClass: 16676K(17152K)->16676K(17152K) Class: 1836K(2176K)->1836K(2176K)
[44.157s][info][gc             ] GC(23) Pause Young (Allocation Failure) 412M->4M(1998M) 2.685ms
[44.157s][info][gc,cpu         ] GC(23) User=0.02s Sys=0.06s Real=0.00s
[44.309s][info][gc,start       ] GC(24) Pause Full (System.gc())
[44.309s][info][gc,phases,start] GC(24) Phase 1: Mark live objects
[44.315s][info][gc,phases      ] GC(24) Phase 1: Mark live objects 5.999ms
[44.315s][info][gc,phases,start] GC(24) Phase 2: Compute new object addresses
[44.323s][info][gc,phases      ] GC(24) Phase 2: Compute new object addresses 7.356ms
[44.323s][info][gc,phases,start] GC(24) Phase 3: Adjust pointers
[44.328s][info][gc,phases      ] GC(24) Phase 3: Adjust pointers 5.271ms
[44.328s][info][gc,phases,start] GC(24) Phase 4: Move objects
[44.329s][info][gc,phases      ] GC(24) Phase 4: Move objects 0.898ms
[44.331s][info][gc,heap        ] GC(24) ParNew: 125100K->0K(460096K)
[44.331s][info][gc,heap        ] GC(24) CMS: 4084K->4084K(1585984K)
[44.331s][info][gc,metaspace   ] GC(24) Metaspace: 18524K(19328K)->18524K(19328K) NonClass: 16687K(17152K)->16687K(17152K) Class: 1836K(2176K)->1836K(2176K)
[44.332s][info][gc             ] GC(24) Pause Full (System.gc()) 126M->3M(1998M) 22.245ms
[44.332s][info][gc,cpu         ] GC(24) User=0.03s Sys=0.00s Real=0.02s
[45.527s][info][gc,start       ] GC(25) Pause Young (Allocation Failure)
[45.527s][info][gc,task        ] GC(25) Using 6 workers of 6 for evacuation
[45.531s][info][gc,heap        ] GC(25) ParNew: 409024K->13885K(460096K)
[45.531s][info][gc,heap        ] GC(25) CMS: 4084K->4084K(1585984K)
[45.531s][info][gc,metaspace   ] GC(25) Metaspace: 18526K(19328K)->18526K(19328K) NonClass: 16690K(17152K)->16690K(17152K) Class: 1836K(2176K)->1836K(2176K)
[45.531s][info][gc             ] GC(25) Pause Young (Allocation Failure) 403M->17M(1998M) 3.940ms
[45.531s][info][gc,cpu         ] GC(25) User=0.00s Sys=0.00s Real=0.00s
[46.530s][info][gc,start       ] GC(26) Pause Young (Allocation Failure)
[46.530s][info][gc,task        ] GC(26) Using 6 workers of 6 for evacuation
[46.532s][info][gc,heap        ] GC(26) ParNew: 422909K->5680K(460096K)
[46.532s][info][gc,heap        ] GC(26) CMS: 4084K->4084K(1585984K)
[46.532s][info][gc,metaspace   ] GC(26) Metaspace: 18527K(19328K)->18527K(19328K) NonClass: 16691K(17152K)->16691K(17152K) Class: 1836K(2176K)->1836K(2176K)
[46.532s][info][gc             ] GC(26) Pause Young (Allocation Failure) 416M->9M(1998M) 2.495ms
[46.532s][info][gc,cpu         ] GC(26) User=0.08s Sys=0.02s Real=0.01s
[47.961s][info][gc,start       ] GC(27) Pause Young (Allocation Failure)
[47.961s][info][gc,task        ] GC(27) Using 6 workers of 6 for evacuation
[47.965s][info][gc,heap        ] GC(27) ParNew: 414704K->23056K(460096K)
[47.965s][info][gc,heap        ] GC(27) CMS: 4084K->4084K(1585984K)
[47.965s][info][gc,metaspace   ] GC(27) Metaspace: 18531K(19328K)->18531K(19328K) NonClass: 16695K(17152K)->16695K(17152K) Class: 1836K(2176K)->1836K(2176K)
[47.965s][info][gc             ] GC(27) Pause Young (Allocation Failure) 408M->26M(1998M) 4.578ms
[47.965s][info][gc,cpu         ] GC(27) User=0.00s Sys=0.00s Real=0.01s
[48.798s][info][gc,start       ] GC(28) Pause Young (Allocation Failure)
[48.798s][info][gc,task        ] GC(28) Using 6 workers of 6 for evacuation
[48.801s][info][gc,heap        ] GC(28) ParNew: 432080K->8921K(460096K)
[48.801s][info][gc,heap        ] GC(28) CMS: 4084K->4084K(1585984K)
[48.801s][info][gc,metaspace   ] GC(28) Metaspace: 18535K(19328K)->18535K(19328K) NonClass: 16698K(17152K)->16698K(17152K) Class: 1836K(2176K)->1836K(2176K)
[48.801s][info][gc             ] GC(28) Pause Young (Allocation Failure) 425M->12M(1998M) 3.136ms
[48.801s][info][gc,cpu         ] GC(28) User=0.00s Sys=0.00s Real=0.00s
[49.336s][info][gc,start       ] GC(29) Pause Young (Allocation Failure)
[49.336s][info][gc,task        ] GC(29) Using 6 workers of 6 for evacuation
[49.339s][info][gc,heap        ] GC(29) ParNew: 417945K->775K(460096K)
[49.339s][info][gc,heap        ] GC(29) CMS: 4084K->4084K(1585984K)
[49.339s][info][gc,metaspace   ] GC(29) Metaspace: 18555K(19328K)->18555K(19328K) NonClass: 16719K(17152K)->16719K(17152K) Class: 1836K(2176K)->1836K(2176K)
[49.339s][info][gc             ] GC(29) Pause Young (Allocation Failure) 412M->4M(1998M) 2.627ms
[49.339s][info][gc,cpu         ] GC(29) User=0.00s Sys=0.00s Real=0.00s
[49.487s][info][gc,start       ] GC(30) Pause Full (System.gc())
[49.487s][info][gc,phases,start] GC(30) Phase 1: Mark live objects
[49.495s][info][gc,phases      ] GC(30) Phase 1: Mark live objects 7.280ms
[49.495s][info][gc,phases,start] GC(30) Phase 2: Compute new object addresses
[49.502s][info][gc,phases      ] GC(30) Phase 2: Compute new object addresses 7.448ms
[49.502s][info][gc,phases,start] GC(30) Phase 3: Adjust pointers
[49.508s][info][gc,phases      ] GC(30) Phase 3: Adjust pointers 5.261ms
[49.508s][info][gc,phases,start] GC(30) Phase 4: Move objects
[49.508s][info][gc,phases      ] GC(30) Phase 4: Move objects 0.797ms
[49.510s][info][gc,heap        ] GC(30) ParNew: 124986K->0K(460096K)
[49.510s][info][gc,heap        ] GC(30) CMS: 4084K->4084K(1585984K)
[49.510s][info][gc,metaspace   ] GC(30) Metaspace: 18558K(19328K)->18558K(19328K) NonClass: 16722K(17152K)->16722K(17152K) Class: 1836K(2176K)->1836K(2176K)
[49.511s][info][gc             ] GC(30) Pause Full (System.gc()) 126M->3M(1998M) 23.428ms
[49.511s][info][gc,cpu         ] GC(30) User=0.02s Sys=0.00s Real=0.03s
[50.745s][info][gc,start       ] GC(31) Pause Young (Allocation Failure)
[50.745s][info][gc,task        ] GC(31) Using 6 workers of 6 for evacuation
[50.749s][info][gc,heap        ] GC(31) ParNew: 409024K->14043K(460096K)
[50.749s][info][gc,heap        ] GC(31) CMS: 4084K->4084K(1585984K)
[50.749s][info][gc,metaspace   ] GC(31) Metaspace: 18564K(19328K)->18564K(19328K) NonClass: 16728K(17152K)->16728K(17152K) Class: 1836K(2176K)->1836K(2176K)
[50.749s][info][gc             ] GC(31) Pause Young (Allocation Failure) 403M->17M(1998M) 4.471ms
[50.749s][info][gc,cpu         ] GC(31) User=0.00s Sys=0.00s Real=0.01s
[51.732s][info][gc,start       ] GC(32) Pause Young (Allocation Failure)
[51.732s][info][gc,task        ] GC(32) Using 6 workers of 6 for evacuation
[51.735s][info][gc,heap        ] GC(32) ParNew: 423067K->5311K(460096K)
[51.735s][info][gc,heap        ] GC(32) CMS: 4084K->4084K(1585984K)
[51.735s][info][gc,metaspace   ] GC(32) Metaspace: 18573K(19328K)->18573K(19328K) NonClass: 16737K(17152K)->16737K(17152K) Class: 1836K(2176K)->1836K(2176K)
[51.735s][info][gc             ] GC(32) Pause Young (Allocation Failure) 417M->9M(1998M) 2.780ms
[51.735s][info][gc,cpu         ] GC(32) User=0.06s Sys=0.00s Real=0.02s
[53.092s][info][gc,start       ] GC(33) Pause Young (Allocation Failure)
[53.092s][info][gc,task        ] GC(33) Using 6 workers of 6 for evacuation
[53.097s][info][gc,heap        ] GC(33) ParNew: 414335K->21931K(460096K)
[53.097s][info][gc,heap        ] GC(33) CMS: 4084K->4084K(1585984K)
[53.097s][info][gc,metaspace   ] GC(33) Metaspace: 18574K(19328K)->18574K(19328K) NonClass: 16738K(17152K)->16738K(17152K) Class: 1836K(2176K)->1836K(2176K)
[53.097s][info][gc             ] GC(33) Pause Young (Allocation Failure) 408M->25M(1998M) 4.577ms
[53.097s][info][gc,cpu         ] GC(33) User=0.08s Sys=0.00s Real=0.00s
[53.975s][info][gc,start       ] GC(34) Pause Young (Allocation Failure)
[53.975s][info][gc,task        ] GC(34) Using 6 workers of 6 for evacuation
[53.978s][info][gc,heap        ] GC(34) ParNew: 430955K->8924K(460096K)
[53.978s][info][gc,heap        ] GC(34) CMS: 4084K->4084K(1585984K)
[53.978s][info][gc,metaspace   ] GC(34) Metaspace: 18576K(19328K)->18576K(19328K) NonClass: 16739K(17152K)->16739K(17152K) Class: 1836K(2176K)->1836K(2176K)
[53.978s][info][gc             ] GC(34) Pause Young (Allocation Failure) 424M->12M(1998M) 3.246ms
[53.978s][info][gc,cpu         ] GC(34) User=0.00s Sys=0.00s Real=0.00s
[54.502s][info][gc,start       ] GC(35) Pause Young (Allocation Failure)
[54.502s][info][gc,task        ] GC(35) Using 6 workers of 6 for evacuation
[54.504s][info][gc,heap        ] GC(35) ParNew: 417948K->757K(460096K)
[54.504s][info][gc,heap        ] GC(35) CMS: 4084K->4084K(1585984K)
[54.504s][info][gc,metaspace   ] GC(35) Metaspace: 18581K(19328K)->18581K(19328K) NonClass: 16745K(17152K)->16745K(17152K) Class: 1836K(2176K)->1836K(2176K)
[54.504s][info][gc             ] GC(35) Pause Young (Allocation Failure) 412M->4M(1998M) 2.584ms
[54.504s][info][gc,cpu         ] GC(35) User=0.00s Sys=0.00s Real=0.00s
[54.656s][info][gc,start       ] GC(36) Pause Full (System.gc())
[54.656s][info][gc,phases,start] GC(36) Phase 1: Mark live objects
[54.662s][info][gc,phases      ] GC(36) Phase 1: Mark live objects 5.442ms
[54.662s][info][gc,phases,start] GC(36) Phase 2: Compute new object addresses
[54.671s][info][gc,phases      ] GC(36) Phase 2: Compute new object addresses 9.468ms
[54.671s][info][gc,phases,start] GC(36) Phase 3: Adjust pointers
[54.676s][info][gc,phases      ] GC(36) Phase 3: Adjust pointers 4.460ms
[54.676s][info][gc,phases,start] GC(36) Phase 4: Move objects
[54.676s][info][gc,phases      ] GC(36) Phase 4: Move objects 0.252ms
[54.677s][info][gc,heap        ] GC(36) ParNew: 125254K->0K(460096K)
[54.677s][info][gc,heap        ] GC(36) CMS: 4084K->4084K(1585984K)
[54.677s][info][gc,metaspace   ] GC(36) Metaspace: 18586K(19328K)->18586K(19328K) NonClass: 16750K(17152K)->16750K(17152K) Class: 1836K(2176K)->1836K(2176K)
[54.678s][info][gc             ] GC(36) Pause Full (System.gc()) 126M->3M(1998M) 21.901ms
[54.678s][info][gc,cpu         ] GC(36) User=0.03s Sys=0.00s Real=0.02s
[55.875s][info][gc,start       ] GC(37) Pause Young (Allocation Failure)
[55.875s][info][gc,task        ] GC(37) Using 6 workers of 6 for evacuation
[55.879s][info][gc,heap        ] GC(37) ParNew: 409024K->13960K(460096K)
[55.879s][info][gc,heap        ] GC(37) CMS: 4084K->4084K(1585984K)
[55.879s][info][gc,metaspace   ] GC(37) Metaspace: 18587K(19328K)->18587K(19328K) NonClass: 16751K(17152K)->16751K(17152K) Class: 1836K(2176K)->1836K(2176K)
[55.879s][info][gc             ] GC(37) Pause Young (Allocation Failure) 403M->17M(1998M) 4.595ms
[55.879s][info][gc,cpu         ] GC(37) User=0.06s Sys=0.02s Real=0.01s
[56.964s][info][gc,start       ] GC(38) Pause Young (Allocation Failure)
[56.964s][info][gc,task        ] GC(38) Using 6 workers of 6 for evacuation
[56.967s][info][gc,heap        ] GC(38) ParNew: 422984K->5792K(460096K)
[56.967s][info][gc,heap        ] GC(38) CMS: 4084K->4084K(1585984K)
[56.967s][info][gc,metaspace   ] GC(38) Metaspace: 18588K(19328K)->18588K(19328K) NonClass: 16752K(17152K)->16752K(17152K) Class: 1836K(2176K)->1836K(2176K)
[56.967s][info][gc             ] GC(38) Pause Young (Allocation Failure) 417M->9M(1998M) 2.656ms
[56.967s][info][gc,cpu         ] GC(38) User=0.00s Sys=0.00s Real=0.00s
[58.312s][info][gc,start       ] GC(39) Pause Young (Allocation Failure)
[58.312s][info][gc,task        ] GC(39) Using 6 workers of 6 for evacuation
[58.317s][info][gc,heap        ] GC(39) ParNew: 414816K->26119K(460096K)
[58.317s][info][gc,heap        ] GC(39) CMS: 4084K->4084K(1585984K)
[58.317s][info][gc,metaspace   ] GC(39) Metaspace: 18588K(19328K)->18588K(19328K) NonClass: 16752K(17152K)->16752K(17152K) Class: 1836K(2176K)->1836K(2176K)
[58.318s][info][gc             ] GC(39) Pause Young (Allocation Failure) 409M->29M(1998M) 5.434ms
[58.318s][info][gc,cpu         ] GC(39) User=0.08s Sys=0.00s Real=0.01s
[59.225s][info][gc,start       ] GC(40) Pause Young (Allocation Failure)
[59.225s][info][gc,task        ] GC(40) Using 6 workers of 6 for evacuation
[59.228s][info][gc,heap        ] GC(40) ParNew: 435143K->8961K(460096K)
[59.228s][info][gc,heap        ] GC(40) CMS: 4084K->4114K(1585984K)
[59.228s][info][gc,metaspace   ] GC(40) Metaspace: 18592K(19328K)->18592K(19328K) NonClass: 16756K(17152K)->16756K(17152K) Class: 1836K(2176K)->1836K(2176K)
[59.228s][info][gc             ] GC(40) Pause Young (Allocation Failure) 428M->12M(1998M) 3.374ms
[59.228s][info][gc,cpu         ] GC(40) User=0.00s Sys=0.00s Real=0.01s
[59.770s][info][gc,start       ] GC(41) Pause Young (Allocation Failure)
[59.770s][info][gc,task        ] GC(41) Using 6 workers of 6 for evacuation
[59.773s][info][gc,heap        ] GC(41) ParNew: 417985K->863K(460096K)
[59.773s][info][gc,heap        ] GC(41) CMS: 4114K->4114K(1585984K)
[59.773s][info][gc,metaspace   ] GC(41) Metaspace: 18602K(19328K)->18602K(19328K) NonClass: 16766K(17152K)->16766K(17152K) Class: 1836K(2176K)->1836K(2176K)
[59.773s][info][gc             ] GC(41) Pause Young (Allocation Failure) 412M->4M(1998M) 2.616ms
[59.773s][info][gc,cpu         ] GC(41) User=0.00s Sys=0.00s Real=0.00s
[59.920s][info][gc,start       ] GC(42) Pause Full (System.gc())
[59.920s][info][gc,phases,start] GC(42) Phase 1: Mark live objects
[59.926s][info][gc,phases      ] GC(42) Phase 1: Mark live objects 5.496ms
[59.926s][info][gc,phases,start] GC(42) Phase 2: Compute new object addresses
[59.933s][info][gc,phases      ] GC(42) Phase 2: Compute new object addresses 7.842ms
[59.933s][info][gc,phases,start] GC(42) Phase 3: Adjust pointers
[59.939s][info][gc,phases      ] GC(42) Phase 3: Adjust pointers 5.100ms
[59.939s][info][gc,phases,start] GC(42) Phase 4: Move objects
[59.939s][info][gc,phases      ] GC(42) Phase 4: Move objects 0.230ms
[59.941s][info][gc,heap        ] GC(42) ParNew: 125195K->0K(460096K)
[59.941s][info][gc,heap        ] GC(42) CMS: 4114K->4084K(1585984K)
[59.941s][info][gc,metaspace   ] GC(42) Metaspace: 18607K(19328K)->18607K(19328K) NonClass: 16770K(17152K)->16770K(17152K) Class: 1836K(2176K)->1836K(2176K)
[59.942s][info][gc             ] GC(42) Pause Full (System.gc()) 126M->3M(1998M) 21.714ms
[59.942s][info][gc,cpu         ] GC(42) User=0.03s Sys=0.00s Real=0.03s
[61.162s][info][gc,start       ] GC(43) Pause Young (Allocation Failure)
[61.162s][info][gc,task        ] GC(43) Using 6 workers of 6 for evacuation
[61.166s][info][gc,heap        ] GC(43) ParNew: 409024K->13962K(460096K)
[61.166s][info][gc,heap        ] GC(43) CMS: 4084K->4084K(1585984K)
[61.166s][info][gc,metaspace   ] GC(43) Metaspace: 18608K(19328K)->18608K(19328K) NonClass: 16772K(17152K)->16772K(17152K) Class: 1836K(2176K)->1836K(2176K)
[61.166s][info][gc             ] GC(43) Pause Young (Allocation Failure) 403M->17M(1998M) 3.947ms
[61.166s][info][gc,cpu         ] GC(43) User=0.00s Sys=0.00s Real=0.00s
[62.155s][info][gc,start       ] GC(44) Pause Young (Allocation Failure)
[62.155s][info][gc,task        ] GC(44) Using 6 workers of 6 for evacuation
[62.157s][info][gc,heap        ] GC(44) ParNew: 422986K->5349K(460096K)
[62.157s][info][gc,heap        ] GC(44) CMS: 4084K->4084K(1585984K)
[62.157s][info][gc,metaspace   ] GC(44) Metaspace: 18613K(19328K)->18613K(19328K) NonClass: 16777K(17152K)->16777K(17152K) Class: 1836K(2176K)->1836K(2176K)
[62.157s][info][gc             ] GC(44) Pause Young (Allocation Failure) 417M->9M(1998M) 2.645ms
[62.157s][info][gc,cpu         ] GC(44) User=0.08s Sys=0.02s Real=0.00s
[63.567s][info][gc,start       ] GC(45) Pause Young (Allocation Failure)
[63.567s][info][gc,task        ] GC(45) Using 6 workers of 6 for evacuation
[63.572s][info][gc,heap        ] GC(45) ParNew: 414373K->23008K(460096K)
[63.572s][info][gc,heap        ] GC(45) CMS: 4084K->4084K(1585984K)
[63.572s][info][gc,metaspace   ] GC(45) Metaspace: 18614K(19328K)->18614K(19328K) NonClass: 16778K(17152K)->16778K(17152K) Class: 1836K(2176K)->1836K(2176K)
[63.572s][info][gc             ] GC(45) Pause Young (Allocation Failure) 408M->26M(1998M) 5.055ms
[63.572s][info][gc,cpu         ] GC(45) User=0.00s Sys=0.00s Real=0.01s
[64.451s][info][gc,start       ] GC(46) Pause Young (Allocation Failure)
[64.451s][info][gc,task        ] GC(46) Using 6 workers of 6 for evacuation
[64.454s][info][gc,heap        ] GC(46) ParNew: 432032K->8954K(460096K)
[64.454s][info][gc,heap        ] GC(46) CMS: 4084K->4084K(1585984K)
[64.454s][info][gc,metaspace   ] GC(46) Metaspace: 18621K(19328K)->18621K(19328K) NonClass: 16785K(17152K)->16785K(17152K) Class: 1836K(2176K)->1836K(2176K)
[64.454s][info][gc             ] GC(46) Pause Young (Allocation Failure) 425M->12M(1998M) 3.085ms
[64.454s][info][gc,cpu         ] GC(46) User=0.08s Sys=0.00s Real=0.00s
[65.004s][info][gc,start       ] GC(47) Pause Young (Allocation Failure)
[65.004s][info][gc,task        ] GC(47) Using 6 workers of 6 for evacuation
[65.006s][info][gc,heap        ] GC(47) ParNew: 417978K->740K(460096K)
[65.006s][info][gc,heap        ] GC(47) CMS: 4084K->4084K(1585984K)
[65.006s][info][gc,metaspace   ] GC(47) Metaspace: 18632K(19328K)->18632K(19328K) NonClass: 16796K(17152K)->16796K(17152K) Class: 1836K(2176K)->1836K(2176K)
[65.006s][info][gc             ] GC(47) Pause Young (Allocation Failure) 412M->4M(1998M) 2.118ms
[65.006s][info][gc,cpu         ] GC(47) User=0.00s Sys=0.00s Real=0.00s
[65.167s][info][gc,start       ] GC(48) Pause Full (System.gc())
[65.167s][info][gc,phases,start] GC(48) Phase 1: Mark live objects
[65.172s][info][gc,phases      ] GC(48) Phase 1: Mark live objects 5.396ms
[65.172s][info][gc,phases,start] GC(48) Phase 2: Compute new object addresses
[65.183s][info][gc,phases      ] GC(48) Phase 2: Compute new object addresses 10.274ms
[65.183s][info][gc,phases,start] GC(48) Phase 3: Adjust pointers
[65.188s][info][gc,phases      ] GC(48) Phase 3: Adjust pointers 5.041ms
[65.188s][info][gc,phases,start] GC(48) Phase 4: Move objects
[65.188s][info][gc,phases      ] GC(48) Phase 4: Move objects 0.651ms
[65.190s][info][gc,heap        ] GC(48) ParNew: 125102K->0K(460096K)
[65.190s][info][gc,heap        ] GC(48) CMS: 4084K->4087K(1585984K)
[65.190s][info][gc,metaspace   ] GC(48) Metaspace: 18636K(19328K)->18636K(19328K) NonClass: 16799K(17152K)->16799K(17152K) Class: 1836K(2176K)->1836K(2176K)
[65.190s][info][gc             ] GC(48) Pause Full (System.gc()) 126M->3M(1998M) 23.703ms
[65.190s][info][gc,cpu         ] GC(48) User=0.03s Sys=0.00s Real=0.03s
[66.414s][info][gc,start       ] GC(49) Pause Young (Allocation Failure)
[66.415s][info][gc,task        ] GC(49) Using 6 workers of 6 for evacuation
[66.418s][info][gc,heap        ] GC(49) ParNew: 409024K->13971K(460096K)
[66.418s][info][gc,heap        ] GC(49) CMS: 4087K->4087K(1585984K)
[66.418s][info][gc,metaspace   ] GC(49) Metaspace: 18636K(19328K)->18636K(19328K) NonClass: 16800K(17152K)->16800K(17152K) Class: 1836K(2176K)->1836K(2176K)
[66.418s][info][gc             ] GC(49) Pause Young (Allocation Failure) 403M->17M(1998M) 3.979ms
[66.418s][info][gc,cpu         ] GC(49) User=0.00s Sys=0.00s Real=0.00s
[67.446s][info][gc,start       ] GC(50) Pause Young (Allocation Failure)
[67.446s][info][gc,task        ] GC(50) Using 6 workers of 6 for evacuation
[67.448s][info][gc,heap        ] GC(50) ParNew: 422995K->5717K(460096K)
[67.448s][info][gc,heap        ] GC(50) CMS: 4087K->4087K(1585984K)
[67.448s][info][gc,metaspace   ] GC(50) Metaspace: 18642K(19328K)->18642K(19328K) NonClass: 16805K(17152K)->16805K(17152K) Class: 1836K(2176K)->1836K(2176K)
[67.448s][info][gc             ] GC(50) Pause Young (Allocation Failure) 417M->9M(1998M) 2.722ms
[67.448s][info][gc,cpu         ] GC(50) User=0.00s Sys=0.00s Real=0.01s
[68.913s][info][gc,start       ] GC(51) Pause Young (Allocation Failure)
[68.913s][info][gc,task        ] GC(51) Using 6 workers of 6 for evacuation
[68.918s][info][gc,heap        ] GC(51) ParNew: 414741K->23083K(460096K)
[68.918s][info][gc,heap        ] GC(51) CMS: 4087K->4087K(1585984K)
[68.918s][info][gc,metaspace   ] GC(51) Metaspace: 18642K(19328K)->18642K(19328K) NonClass: 16805K(17152K)->16805K(17152K) Class: 1836K(2176K)->1836K(2176K)
[68.918s][info][gc             ] GC(51) Pause Young (Allocation Failure) 409M->26M(1998M) 4.792ms
[68.918s][info][gc,cpu         ] GC(51) User=0.00s Sys=0.00s Real=0.01s
[69.774s][info][gc,start       ] GC(52) Pause Young (Allocation Failure)
[69.775s][info][gc,task        ] GC(52) Using 6 workers of 6 for evacuation
[69.778s][info][gc,heap        ] GC(52) ParNew: 432107K->9020K(460096K)
[69.778s][info][gc,heap        ] GC(52) CMS: 4087K->4087K(1585984K)
[69.778s][info][gc,metaspace   ] GC(52) Metaspace: 18647K(19328K)->18647K(19328K) NonClass: 16810K(17152K)->16810K(17152K) Class: 1836K(2176K)->1836K(2176K)
[69.778s][info][gc             ] GC(52) Pause Young (Allocation Failure) 425M->12M(1998M) 3.354ms
[69.778s][info][gc,cpu         ] GC(52) User=0.00s Sys=0.00s Real=0.00s
[70.318s][info][gc,start       ] GC(53) Pause Young (Allocation Failure)
[70.318s][info][gc,task        ] GC(53) Using 6 workers of 6 for evacuation
[70.320s][info][gc,heap        ] GC(53) ParNew: 418044K->781K(460096K)
[70.320s][info][gc,heap        ] GC(53) CMS: 4087K->4087K(1585984K)
[70.320s][info][gc,metaspace   ] GC(53) Metaspace: 18652K(19328K)->18652K(19328K) NonClass: 16815K(17152K)->16815K(17152K) Class: 1836K(2176K)->1836K(2176K)
[70.320s][info][gc             ] GC(53) Pause Young (Allocation Failure) 412M->4M(1998M) 2.233ms
[70.320s][info][gc,cpu         ] GC(53) User=0.00s Sys=0.00s Real=0.01s
[70.476s][info][gc,start       ] GC(54) Pause Full (System.gc())
[70.476s][info][gc,phases,start] GC(54) Phase 1: Mark live objects
[70.482s][info][gc,phases      ] GC(54) Phase 1: Mark live objects 5.731ms
[70.482s][info][gc,phases,start] GC(54) Phase 2: Compute new object addresses
[70.490s][info][gc,phases      ] GC(54) Phase 2: Compute new object addresses 8.276ms
[70.490s][info][gc,phases,start] GC(54) Phase 3: Adjust pointers
[70.496s][info][gc,phases      ] GC(54) Phase 3: Adjust pointers 5.751ms
[70.496s][info][gc,phases,start] GC(54) Phase 4: Move objects
[70.496s][info][gc,phases      ] GC(54) Phase 4: Move objects 0.231ms
[70.498s][info][gc,heap        ] GC(54) ParNew: 124514K->0K(460096K)
[70.498s][info][gc,heap        ] GC(54) CMS: 4087K->4087K(1585984K)
[70.498s][info][gc,metaspace   ] GC(54) Metaspace: 18658K(19584K)->18658K(19584K) NonClass: 16821K(17408K)->16821K(17408K) Class: 1836K(2176K)->1836K(2176K)
[70.498s][info][gc             ] GC(54) Pause Full (System.gc()) 125M->3M(1998M) 22.113ms
[70.498s][info][gc,cpu         ] GC(54) User=0.02s Sys=0.00s Real=0.02s
[71.687s][info][gc,start       ] GC(55) Pause Young (Allocation Failure)
[71.687s][info][gc,task        ] GC(55) Using 6 workers of 6 for evacuation
[71.690s][info][gc,heap        ] GC(55) ParNew: 409024K->14023K(460096K)
[71.690s][info][gc,heap        ] GC(55) CMS: 4087K->4087K(1585984K)
[71.690s][info][gc,metaspace   ] GC(55) Metaspace: 18659K(19584K)->18659K(19584K) NonClass: 16822K(17408K)->16822K(17408K) Class: 1836K(2176K)->1836K(2176K)
[71.690s][info][gc             ] GC(55) Pause Young (Allocation Failure) 403M->17M(1998M) 3.814ms
[71.690s][info][gc,cpu         ] GC(55) User=0.09s Sys=0.00s Real=0.00s
[72.638s][info][gc,start       ] GC(56) Pause Young (Allocation Failure)
[72.638s][info][gc,task        ] GC(56) Using 6 workers of 6 for evacuation
[72.640s][info][gc,heap        ] GC(56) ParNew: 423047K->5345K(460096K)
[72.640s][info][gc,heap        ] GC(56) CMS: 4087K->4087K(1585984K)
[72.640s][info][gc,metaspace   ] GC(56) Metaspace: 18662K(19584K)->18662K(19584K) NonClass: 16825K(17408K)->16825K(17408K) Class: 1836K(2176K)->1836K(2176K)
[72.640s][info][gc             ] GC(56) Pause Young (Allocation Failure) 417M->9M(1998M) 2.653ms
[72.640s][info][gc,cpu         ] GC(56) User=0.00s Sys=0.00s Real=0.00s
[74.076s][info][gc,start       ] GC(57) Pause Young (Allocation Failure)
[74.076s][info][gc,task        ] GC(57) Using 6 workers of 6 for evacuation
[74.080s][info][gc,heap        ] GC(57) ParNew: 414369K->17854K(460096K)
[74.080s][info][gc,heap        ] GC(57) CMS: 4087K->4087K(1585984K)
[74.080s][info][gc,metaspace   ] GC(57) Metaspace: 18662K(19584K)->18662K(19584K) NonClass: 16825K(17408K)->16825K(17408K) Class: 1836K(2176K)->1836K(2176K)
[74.080s][info][gc             ] GC(57) Pause Young (Allocation Failure) 408M->21M(1998M) 4.200ms
[74.080s][info][gc,cpu         ] GC(57) User=0.08s Sys=0.02s Real=0.00s
[74.903s][info][gc,start       ] GC(58) Pause Young (Allocation Failure)
[74.903s][info][gc,task        ] GC(58) Using 6 workers of 6 for evacuation
[74.907s][info][gc,heap        ] GC(58) ParNew: 426878K->7535K(460096K)
[74.907s][info][gc,heap        ] GC(58) CMS: 4087K->4087K(1585984K)
[74.907s][info][gc,metaspace   ] GC(58) Metaspace: 18663K(19584K)->18663K(19584K) NonClass: 16826K(17408K)->16826K(17408K) Class: 1836K(2176K)->1836K(2176K)
[74.907s][info][gc             ] GC(58) Pause Young (Allocation Failure) 420M->11M(1998M) 3.597ms
[74.907s][info][gc,cpu         ] GC(58) User=0.03s Sys=0.02s Real=0.00s
[75.436s][info][gc,start       ] GC(59) Pause Young (Allocation Failure)
[75.436s][info][gc,task        ] GC(59) Using 6 workers of 6 for evacuation
[75.439s][info][gc,heap        ] GC(59) ParNew: 416559K->693K(460096K)
[75.439s][info][gc,heap        ] GC(59) CMS: 4087K->4087K(1585984K)
[75.439s][info][gc,metaspace   ] GC(59) Metaspace: 18669K(19584K)->18669K(19584K) NonClass: 16832K(17408K)->16832K(17408K) Class: 1836K(2176K)->1836K(2176K)
[75.439s][info][gc             ] GC(59) Pause Young (Allocation Failure) 410M->4M(1998M) 2.336ms
[75.439s][info][gc,cpu         ] GC(59) User=0.09s Sys=0.00s Real=0.00s
[75.598s][info][gc,heap,exit   ] Heap
[75.598s][info][gc,heap,exit   ]  par new generation   total 460096K, used 129174K [0x0000000080000000, 0x000000009f330000, 0x000000009f330000)
[75.598s][info][gc,heap,exit   ]   eden space 409024K,  31% used [0x0000000080000000, 0x0000000087d781e0, 0x0000000098f70000)
[75.598s][info][gc,heap,exit   ]   from space 51072K,   1% used [0x0000000098f70000, 0x000000009901d680, 0x000000009c150000)
[75.598s][info][gc,heap,exit   ]   to   space 51072K,   0% used [0x000000009c150000, 0x000000009c150000, 0x000000009f330000)
[75.598s][info][gc,heap,exit   ]  concurrent mark-sweep generation total 1585984K, used 4087K [0x000000009f330000, 0x0000000100000000, 0x0000000100000000)
[75.599s][info][gc,heap,exit   ]  Metaspace       used 18672K, capacity 19320K, committed 19584K, reserved 1067008K
[75.599s][info][gc,heap,exit   ]   class space    used 1836K, capacity 2105K, committed 2176K, reserved 1048576K
