[0.038s][info][gc] Using Concurrent Mark Sweep
[0.039s][info][gc,heap,coops] Heap address: 0x0000000600000000, size: 8192 MB, Compressed Oops mode: Zero based, Oop shift amount: 3
[22.040s][info][gc,start     ] GC(0) Pause Full (System.gc())
[22.041s][info][gc,phases,start] GC(0) Phase 1: Mark live objects
[22.044s][info][gc,phases      ] GC(0) Phase 1: Mark live objects 3.614ms
[22.044s][info][gc,phases,start] GC(0) Phase 2: Compute new object addresses
[22.046s][info][gc,phases      ] GC(0) Phase 2: Compute new object addresses 1.448ms
[22.046s][info][gc,phases,start] GC(0) Phase 3: Adjust pointers
[22.048s][info][gc,phases      ] GC(0) Phase 3: Adjust pointers 1.733ms
[22.052s][info][gc,phases,start] GC(0) Phase 4: Move objects
[22.054s][info][gc,phases      ] GC(0) Phase 4: Move objects 2.026ms
[22.069s][info][gc,heap        ] GC(0) ParNew: 24541K->0K(460096K)
[22.069s][info][gc,heap        ] GC(0) CMS: 0K->2663K(7877440K)
[22.069s][info][gc,metaspace   ] GC(0) Metaspace: 9673K(10240K)->9673K(10240K) NonClass: 8804K(9216K)->8804K(9216K) Class: 869K(1024K)->869K(1024K)
[22.070s][info][gc             ] GC(0) Pause Full (System.gc()) 23M->2M(8142M) 29.444ms
[22.070s][info][gc,cpu         ] GC(0) User=0.02s Sys=0.02s Real=0.02s
[23.973s][info][gc,start       ] GC(1) Pause Young (Allocation Failure)
[23.974s][info][gc,task        ] GC(1) Using 6 workers of 6 for evacuation
[23.995s][info][gc,heap        ] GC(1) ParNew: 409024K->14729K(460096K)
[23.995s][info][gc,heap        ] GC(1) CMS: 2663K->2663K(7877440K)
[23.995s][info][gc,metaspace   ] GC(1) Metaspace: 15644K(16384K)->15644K(16384K) NonClass: 14115K(14592K)->14115K(14592K) Class: 1528K(1792K)->1528K(1792K)
[23.995s][info][gc             ] GC(1) Pause Young (Allocation Failure) 402M->16M(8142M) 21.549ms
[23.995s][info][gc,cpu         ] GC(1) User=0.03s Sys=0.06s Real=0.03s
[25.516s][info][gc,start       ] GC(2) Pause Young (Allocation Failure)
[25.516s][info][gc,task        ] GC(2) Using 6 workers of 6 for evacuation
[25.533s][info][gc,heap        ] GC(2) ParNew: 423753K->7141K(460096K)
[25.533s][info][gc,heap        ] GC(2) CMS: 2663K->2663K(7877440K)
[25.533s][info][gc,metaspace   ] GC(2) Metaspace: 16971K(17792K)->16971K(17792K) NonClass: 15303K(15872K)->15303K(15872K) Class: 1667K(1920K)->1667K(1920K)
[25.533s][info][gc             ] GC(2) Pause Young (Allocation Failure) 416M->9M(8142M) 16.567ms
[25.533s][info][gc,cpu         ] GC(2) User=0.03s Sys=0.05s Real=0.02s
[26.886s][info][gc,start       ] GC(3) Pause Young (Allocation Failure)
[26.887s][info][gc,task        ] GC(3) Using 6 workers of 6 for evacuation
[26.904s][info][gc,heap        ] GC(3) ParNew: 416165K->17039K(460096K)
[26.904s][info][gc,heap        ] GC(3) CMS: 2663K->2663K(7877440K)
[26.904s][info][gc,metaspace   ] GC(3) Metaspace: 16973K(17792K)->16973K(17792K) NonClass: 15305K(15872K)->15305K(15872K) Class: 1667K(1920K)->1667K(1920K)
[26.904s][info][gc             ] GC(3) Pause Young (Allocation Failure) 409M->19M(8142M) 17.132ms
[26.904s][info][gc,cpu         ] GC(3) User=0.06s Sys=0.03s Real=0.02s
[28.153s][info][gc,start       ] GC(4) Pause Young (Allocation Failure)
[28.153s][info][gc,task        ] GC(4) Using 6 workers of 6 for evacuation
[28.170s][info][gc,heap        ] GC(4) ParNew: 426063K->8812K(460096K)
[28.170s][info][gc,heap        ] GC(4) CMS: 2663K->2663K(7877440K)
[28.170s][info][gc,metaspace   ] GC(4) Metaspace: 17084K(17792K)->17084K(17792K) NonClass: 15408K(15872K)->15408K(15872K) Class: 1676K(1920K)->1676K(1920K)
[28.170s][info][gc             ] GC(4) Pause Young (Allocation Failure) 418M->11M(8142M) 17.352ms
[28.170s][info][gc,cpu         ] GC(4) User=0.09s Sys=0.00s Real=0.02s
[29.231s][info][gc,start       ] GC(5) Pause Young (Allocation Failure)
[29.231s][info][gc,task        ] GC(5) Using 6 workers of 6 for evacuation
[29.248s][info][gc,heap        ] GC(5) ParNew: 417836K->3214K(460096K)
[29.248s][info][gc,heap        ] GC(5) CMS: 2663K->2663K(7877440K)
[29.248s][info][gc,metaspace   ] GC(5) Metaspace: 18222K(19072K)->18222K(19072K) NonClass: 16414K(16896K)->16414K(16896K) Class: 1808K(2176K)->1808K(2176K)
[29.248s][info][gc             ] GC(5) Pause Young (Allocation Failure) 410M->5M(8142M) 17.341ms
[29.248s][info][gc,cpu         ] GC(5) User=0.08s Sys=0.02s Real=0.02s
[29.559s][info][gc,start       ] GC(6) Pause Full (System.gc())
[29.559s][info][gc,phases,start] GC(6) Phase 1: Mark live objects
[29.566s][info][gc,phases      ] GC(6) Phase 1: Mark live objects 6.600ms
[29.566s][info][gc,phases,start] GC(6) Phase 2: Compute new object addresses
[29.575s][info][gc,phases      ] GC(6) Phase 2: Compute new object addresses 9.909ms
[29.576s][info][gc,phases,start] GC(6) Phase 3: Adjust pointers
[29.581s][info][gc,phases      ] GC(6) Phase 3: Adjust pointers 5.205ms
[29.581s][info][gc,phases,start] GC(6) Phase 4: Move objects
[29.583s][info][gc,phases      ] GC(6) Phase 4: Move objects 2.022ms
[29.589s][info][gc,heap        ] GC(6) ParNew: 178587K->0K(460096K)
[29.589s][info][gc,heap        ] GC(6) CMS: 2663K->4083K(7877440K)
[29.589s][info][gc,metaspace   ] GC(6) Metaspace: 18389K(19328K)->18389K(19328K) NonClass: 16554K(17152K)->16554K(17152K) Class: 1835K(2176K)->1835K(2176K)
[29.590s][info][gc             ] GC(6) Pause Full (System.gc()) 177M->3M(8142M) 31.166ms
[29.590s][info][gc,cpu         ] GC(6) User=0.03s Sys=0.02s Real=0.04s
[30.947s][info][gc,start       ] GC(7) Pause Young (Allocation Failure)
[30.947s][info][gc,task        ] GC(7) Using 6 workers of 6 for evacuation
[30.966s][info][gc,heap        ] GC(7) ParNew: 409024K->15257K(460096K)
[30.966s][info][gc,heap        ] GC(7) CMS: 4083K->4083K(7877440K)
[30.966s][info][gc,metaspace   ] GC(7) Metaspace: 18390K(19328K)->18390K(19328K) NonClass: 16554K(17152K)->16554K(17152K) Class: 1835K(2176K)->1835K(2176K)
[30.966s][info][gc             ] GC(7) Pause Young (Allocation Failure) 403M->18M(8142M) 18.816ms
[30.966s][info][gc,cpu         ] GC(7) User=0.08s Sys=0.00s Real=0.02s
[32.072s][info][gc,start       ] GC(8) Pause Young (Allocation Failure)
[32.072s][info][gc,task        ] GC(8) Using 6 workers of 6 for evacuation
[32.088s][info][gc,heap        ] GC(8) ParNew: 424281K->5668K(460096K)
[32.088s][info][gc,heap        ] GC(8) CMS: 4083K->4083K(7877440K)
[32.088s][info][gc,metaspace   ] GC(8) Metaspace: 18394K(19328K)->18394K(19328K) NonClass: 16558K(17152K)->16558K(17152K) Class: 1835K(2176K)->1835K(2176K)
[32.088s][info][gc             ] GC(8) Pause Young (Allocation Failure) 418M->9M(8142M) 16.381ms
[32.088s][info][gc,cpu         ] GC(8) User=0.09s Sys=0.00s Real=0.02s
[33.638s][info][gc,start       ] GC(9) Pause Young (Allocation Failure)
[33.638s][info][gc,task        ] GC(9) Using 6 workers of 6 for evacuation
[33.660s][info][gc,heap        ] GC(9) ParNew: 414692K->22034K(460096K)
[33.660s][info][gc,heap        ] GC(9) CMS: 4083K->4083K(7877440K)
[33.660s][info][gc,metaspace   ] GC(9) Metaspace: 18400K(19328K)->18400K(19328K) NonClass: 16564K(17152K)->16564K(17152K) Class: 1835K(2176K)->1835K(2176K)
[33.661s][info][gc             ] GC(9) Pause Young (Allocation Failure) 408M->25M(8142M) 22.708ms
[33.661s][info][gc,cpu         ] GC(9) User=0.14s Sys=0.02s Real=0.02s
[34.557s][info][gc,start       ] GC(10) Pause Young (Allocation Failure)
[34.557s][info][gc,task        ] GC(10) Using 6 workers of 6 for evacuation
[34.574s][info][gc,heap        ] GC(10) ParNew: 431058K->8503K(460096K)
[34.574s][info][gc,heap        ] GC(10) CMS: 4083K->4083K(7877440K)
[34.574s][info][gc,metaspace   ] GC(10) Metaspace: 18404K(19328K)->18404K(19328K) NonClass: 16568K(17152K)->16568K(17152K) Class: 1835K(2176K)->1835K(2176K)
[34.574s][info][gc             ] GC(10) Pause Young (Allocation Failure) 424M->12M(8142M) 17.032ms
[34.574s][info][gc,cpu         ] GC(10) User=0.08s Sys=0.02s Real=0.02s
[35.175s][info][gc,start       ] GC(11) Pause Young (Allocation Failure)
[35.175s][info][gc,task        ] GC(11) Using 6 workers of 6 for evacuation
[35.194s][info][gc,heap        ] GC(11) ParNew: 417527K->879K(460096K)
[35.194s][info][gc,heap        ] GC(11) CMS: 4083K->4083K(7877440K)
[35.194s][info][gc,metaspace   ] GC(11) Metaspace: 18418K(19328K)->18418K(19328K) NonClass: 16583K(17152K)->16583K(17152K) Class: 1835K(2176K)->1835K(2176K)
[35.194s][info][gc             ] GC(11) Pause Young (Allocation Failure) 411M->4M(8142M) 19.534ms
[35.194s][info][gc,cpu         ] GC(11) User=0.09s Sys=0.00s Real=0.02s
[35.372s][info][gc,start       ] GC(12) Pause Full (System.gc())
[35.373s][info][gc,phases,start] GC(12) Phase 1: Mark live objects
[35.379s][info][gc,phases      ] GC(12) Phase 1: Mark live objects 6.111ms
[35.379s][info][gc,phases,start] GC(12) Phase 2: Compute new object addresses
[35.388s][info][gc,phases      ] GC(12) Phase 2: Compute new object addresses 9.272ms
[35.388s][info][gc,phases,start] GC(12) Phase 3: Adjust pointers
[35.393s][info][gc,phases      ] GC(12) Phase 3: Adjust pointers 5.427ms
[35.393s][info][gc,phases,start] GC(12) Phase 4: Move objects
[35.395s][info][gc,phases      ] GC(12) Phase 4: Move objects 1.788ms
[35.401s][info][gc,heap        ] GC(12) ParNew: 133224K->0K(460096K)
[35.401s][info][gc,heap        ] GC(12) CMS: 4083K->4083K(7877440K)
[35.401s][info][gc,metaspace   ] GC(12) Metaspace: 18445K(19328K)->18445K(19328K) NonClass: 16609K(17152K)->16609K(17152K) Class: 1835K(2176K)->1835K(2176K)
[35.402s][info][gc             ] GC(12) Pause Full (System.gc()) 134M->3M(8142M) 29.525ms
[35.402s][info][gc,cpu         ] GC(12) User=0.03s Sys=0.00s Real=0.03s
[36.676s][info][gc,start       ] GC(13) Pause Young (Allocation Failure)
[36.676s][info][gc,task        ] GC(13) Using 6 workers of 6 for evacuation
[36.694s][info][gc,heap        ] GC(13) ParNew: 409024K->13984K(460096K)
[36.694s][info][gc,heap        ] GC(13) CMS: 4083K->4083K(7877440K)
[36.694s][info][gc,metaspace   ] GC(13) Metaspace: 18446K(19328K)->18446K(19328K) NonClass: 16611K(17152K)->16611K(17152K) Class: 1835K(2176K)->1835K(2176K)
[36.694s][info][gc             ] GC(13) Pause Young (Allocation Failure) 403M->17M(8142M) 17.986ms
[36.694s][info][gc,cpu         ] GC(13) User=0.09s Sys=0.00s Real=0.03s
[37.780s][info][gc,start       ] GC(14) Pause Young (Allocation Failure)
[37.780s][info][gc,task        ] GC(14) Using 6 workers of 6 for evacuation
[37.797s][info][gc,heap        ] GC(14) ParNew: 423008K->5304K(460096K)
[37.797s][info][gc,heap        ] GC(14) CMS: 4083K->4083K(7877440K)
[37.797s][info][gc,metaspace   ] GC(14) Metaspace: 18450K(19328K)->18450K(19328K) NonClass: 16615K(17152K)->16615K(17152K) Class: 1835K(2176K)->1835K(2176K)
[37.797s][info][gc             ] GC(14) Pause Young (Allocation Failure) 417M->9M(8142M) 16.817ms
[37.797s][info][gc,cpu         ] GC(14) User=0.00s Sys=0.00s Real=0.01s
[39.256s][info][gc,start       ] GC(15) Pause Young (Allocation Failure)
[39.256s][info][gc,task        ] GC(15) Using 6 workers of 6 for evacuation
[39.273s][info][gc,heap        ] GC(15) ParNew: 414328K->21981K(460096K)
[39.273s][info][gc,heap        ] GC(15) CMS: 4083K->4083K(7877440K)
[39.273s][info][gc,metaspace   ] GC(15) Metaspace: 18453K(19328K)->18453K(19328K) NonClass: 16617K(17152K)->16617K(17152K) Class: 1835K(2176K)->1835K(2176K)
[39.273s][info][gc             ] GC(15) Pause Young (Allocation Failure) 408M->25M(8142M) 17.489ms
[39.273s][info][gc,cpu         ] GC(15) User=0.09s Sys=0.00s Real=0.03s
[40.189s][info][gc,start       ] GC(16) Pause Young (Allocation Failure)
[40.189s][info][gc,task        ] GC(16) Using 6 workers of 6 for evacuation
[40.207s][info][gc,heap        ] GC(16) ParNew: 431005K->7450K(460096K)
[40.207s][info][gc,heap        ] GC(16) CMS: 4083K->4083K(7877440K)
[40.207s][info][gc,metaspace   ] GC(16) Metaspace: 18467K(19328K)->18467K(19328K) NonClass: 16631K(17152K)->16631K(17152K) Class: 1836K(2176K)->1836K(2176K)
[40.207s][info][gc             ] GC(16) Pause Young (Allocation Failure) 424M->11M(8142M) 18.168ms
[40.207s][info][gc,cpu         ] GC(16) User=0.09s Sys=0.00s Real=0.03s
[40.797s][info][gc,start       ] GC(17) Pause Young (Allocation Failure)
[40.797s][info][gc,task        ] GC(17) Using 6 workers of 6 for evacuation
[40.815s][info][gc,heap        ] GC(17) ParNew: 416474K->768K(460096K)
[40.815s][info][gc,heap        ] GC(17) CMS: 4083K->4083K(7877440K)
[40.815s][info][gc,metaspace   ] GC(17) Metaspace: 18475K(19328K)->18475K(19328K) NonClass: 16639K(17152K)->16639K(17152K) Class: 1836K(2176K)->1836K(2176K)
[40.815s][info][gc             ] GC(17) Pause Young (Allocation Failure) 410M->4M(8142M) 18.014ms
[40.815s][info][gc,cpu         ] GC(17) User=0.09s Sys=0.00s Real=0.02s
[40.991s][info][gc,start       ] GC(18) Pause Full (System.gc())
[40.991s][info][gc,phases,start] GC(18) Phase 1: Mark live objects
[40.997s][info][gc,phases      ] GC(18) Phase 1: Mark live objects 5.644ms
[40.997s][info][gc,phases,start] GC(18) Phase 2: Compute new object addresses
[41.008s][info][gc,phases      ] GC(18) Phase 2: Compute new object addresses 10.918ms
[41.008s][info][gc,phases,start] GC(18) Phase 3: Adjust pointers
[41.012s][info][gc,phases      ] GC(18) Phase 3: Adjust pointers 4.380ms
[41.012s][info][gc,phases,start] GC(18) Phase 4: Move objects
[41.013s][info][gc,phases      ] GC(18) Phase 4: Move objects 1.054ms
[41.021s][info][gc,heap        ] GC(18) ParNew: 132823K->0K(460096K)
[41.021s][info][gc,heap        ] GC(18) CMS: 4083K->4082K(7877440K)
[41.021s][info][gc,metaspace   ] GC(18) Metaspace: 18487K(19328K)->18487K(19328K) NonClass: 16651K(17152K)->16651K(17152K) Class: 1836K(2176K)->1836K(2176K)
[41.022s][info][gc             ] GC(18) Pause Full (System.gc()) 133M->3M(8142M) 30.795ms
[41.022s][info][gc,cpu         ] GC(18) User=0.03s Sys=0.00s Real=0.04s
[42.300s][info][gc,start       ] GC(19) Pause Young (Allocation Failure)
[42.300s][info][gc,task        ] GC(19) Using 6 workers of 6 for evacuation
[42.318s][info][gc,heap        ] GC(19) ParNew: 409024K->14050K(460096K)
[42.318s][info][gc,heap        ] GC(19) CMS: 4082K->4082K(7877440K)
[42.318s][info][gc,metaspace   ] GC(19) Metaspace: 18488K(19328K)->18488K(19328K) NonClass: 16652K(17152K)->16652K(17152K) Class: 1836K(2176K)->1836K(2176K)
[42.318s][info][gc             ] GC(19) Pause Young (Allocation Failure) 403M->17M(8142M) 18.055ms
[42.318s][info][gc,cpu         ] GC(19) User=0.09s Sys=0.00s Real=0.02s
[43.389s][info][gc,start       ] GC(20) Pause Young (Allocation Failure)
[43.389s][info][gc,task        ] GC(20) Using 6 workers of 6 for evacuation
[43.406s][info][gc,heap        ] GC(20) ParNew: 423074K->5438K(460096K)
[43.406s][info][gc,heap        ] GC(20) CMS: 4082K->4082K(7877440K)
[43.406s][info][gc,metaspace   ] GC(20) Metaspace: 18496K(19328K)->18496K(19328K) NonClass: 16660K(17152K)->16660K(17152K) Class: 1836K(2176K)->1836K(2176K)
[43.407s][info][gc             ] GC(20) Pause Young (Allocation Failure) 417M->9M(8142M) 17.570ms
[43.407s][info][gc,cpu         ] GC(20) User=0.05s Sys=0.00s Real=0.02s
[44.822s][info][gc,start       ] GC(21) Pause Young (Allocation Failure)
[44.822s][info][gc,task        ] GC(21) Using 6 workers of 6 for evacuation
[44.838s][info][gc,heap        ] GC(21) ParNew: 414462K->17894K(460096K)
[44.838s][info][gc,heap        ] GC(21) CMS: 4082K->4082K(7877440K)
[44.838s][info][gc,metaspace   ] GC(21) Metaspace: 18498K(19328K)->18498K(19328K) NonClass: 16662K(17152K)->16662K(17152K) Class: 1836K(2176K)->1836K(2176K)
[44.838s][info][gc             ] GC(21) Pause Young (Allocation Failure) 408M->21M(8142M) 16.743ms
[44.838s][info][gc,cpu         ] GC(21) User=0.09s Sys=0.00s Real=0.01s
[45.720s][info][gc,start       ] GC(22) Pause Young (Allocation Failure)
[45.720s][info][gc,task        ] GC(22) Using 6 workers of 6 for evacuation
[45.736s][info][gc,heap        ] GC(22) ParNew: 426918K->7396K(460096K)
[45.736s][info][gc,heap        ] GC(22) CMS: 4082K->4082K(7877440K)
[45.736s][info][gc,metaspace   ] GC(22) Metaspace: 18502K(19328K)->18502K(19328K) NonClass: 16666K(17152K)->16666K(17152K) Class: 1836K(2176K)->1836K(2176K)
[45.736s][info][gc             ] GC(22) Pause Young (Allocation Failure) 420M->11M(8142M) 16.432ms
[45.736s][info][gc,cpu         ] GC(22) User=0.09s Sys=0.00s Real=0.02s
[46.309s][info][gc,start       ] GC(23) Pause Young (Allocation Failure)
[46.309s][info][gc,task        ] GC(23) Using 6 workers of 6 for evacuation
[46.328s][info][gc,heap        ] GC(23) ParNew: 416420K->721K(460096K)
[46.328s][info][gc,heap        ] GC(23) CMS: 4082K->4082K(7877440K)
[46.328s][info][gc,metaspace   ] GC(23) Metaspace: 18514K(19328K)->18514K(19328K) NonClass: 16678K(17152K)->16678K(17152K) Class: 1836K(2176K)->1836K(2176K)
[46.328s][info][gc             ] GC(23) Pause Young (Allocation Failure) 410M->4M(8142M) 18.516ms
[46.328s][info][gc,cpu         ] GC(23) User=0.14s Sys=0.00s Real=0.02s
[46.499s][info][gc,start       ] GC(24) Pause Full (System.gc())
[46.499s][info][gc,phases,start] GC(24) Phase 1: Mark live objects
[46.505s][info][gc,phases      ] GC(24) Phase 1: Mark live objects 6.288ms
[46.505s][info][gc,phases,start] GC(24) Phase 2: Compute new object addresses
[46.516s][info][gc,phases      ] GC(24) Phase 2: Compute new object addresses 11.186ms
[46.517s][info][gc,phases,start] GC(24) Phase 3: Adjust pointers
[46.521s][info][gc,phases      ] GC(24) Phase 3: Adjust pointers 4.528ms
[46.521s][info][gc,phases,start] GC(24) Phase 4: Move objects
[46.522s][info][gc,phases      ] GC(24) Phase 4: Move objects 0.740ms
[46.528s][info][gc,heap        ] GC(24) ParNew: 132396K->0K(460096K)
[46.528s][info][gc,heap        ] GC(24) CMS: 4082K->4082K(7877440K)
[46.528s][info][gc,metaspace   ] GC(24) Metaspace: 18523K(19328K)->18523K(19328K) NonClass: 16687K(17152K)->16687K(17152K) Class: 1836K(2176K)->1836K(2176K)
[46.529s][info][gc             ] GC(24) Pause Full (System.gc()) 133M->3M(8142M) 30.421ms
[46.529s][info][gc,cpu         ] GC(24) User=0.02s Sys=0.00s Real=0.03s
[47.763s][info][gc,start       ] GC(25) Pause Young (Allocation Failure)
[47.764s][info][gc,task        ] GC(25) Using 6 workers of 6 for evacuation
[47.781s][info][gc,heap        ] GC(25) ParNew: 409024K->14067K(460096K)
[47.781s][info][gc,heap        ] GC(25) CMS: 4082K->4082K(7877440K)
[47.781s][info][gc,metaspace   ] GC(25) Metaspace: 18525K(19328K)->18525K(19328K) NonClass: 16689K(17152K)->16689K(17152K) Class: 1836K(2176K)->1836K(2176K)
[47.781s][info][gc             ] GC(25) Pause Young (Allocation Failure) 403M->17M(8142M) 17.306ms
[47.781s][info][gc,cpu         ] GC(25) User=0.09s Sys=0.00s Real=0.02s
[48.839s][info][gc,start       ] GC(26) Pause Young (Allocation Failure)
[48.839s][info][gc,task        ] GC(26) Using 6 workers of 6 for evacuation
[48.855s][info][gc,heap        ] GC(26) ParNew: 423091K->5452K(460096K)
[48.855s][info][gc,heap        ] GC(26) CMS: 4082K->4082K(7877440K)
[48.855s][info][gc,metaspace   ] GC(26) Metaspace: 18527K(19328K)->18527K(19328K) NonClass: 16691K(17152K)->16691K(17152K) Class: 1836K(2176K)->1836K(2176K)
[48.855s][info][gc             ] GC(26) Pause Young (Allocation Failure) 417M->9M(8142M) 16.774ms
[48.855s][info][gc,cpu         ] GC(26) User=0.08s Sys=0.00s Real=0.02s
[50.364s][info][gc,start       ] GC(27) Pause Young (Allocation Failure)
[50.365s][info][gc,task        ] GC(27) Using 6 workers of 6 for evacuation
[50.382s][info][gc,heap        ] GC(27) ParNew: 414476K->21965K(460096K)
[50.382s][info][gc,heap        ] GC(27) CMS: 4082K->4082K(7877440K)
[50.382s][info][gc,metaspace   ] GC(27) Metaspace: 18531K(19328K)->18531K(19328K) NonClass: 16695K(17152K)->16695K(17152K) Class: 1836K(2176K)->1836K(2176K)
[50.382s][info][gc             ] GC(27) Pause Young (Allocation Failure) 408M->25M(8142M) 17.523ms
[50.382s][info][gc,cpu         ] GC(27) User=0.09s Sys=0.00s Real=0.02s
[51.293s][info][gc,start       ] GC(28) Pause Young (Allocation Failure)
[51.293s][info][gc,task        ] GC(28) Using 6 workers of 6 for evacuation
[51.309s][info][gc,heap        ] GC(28) ParNew: 430989K->8423K(460096K)
[51.309s][info][gc,heap        ] GC(28) CMS: 4082K->4082K(7877440K)
[51.309s][info][gc,metaspace   ] GC(28) Metaspace: 18535K(19328K)->18535K(19328K) NonClass: 16699K(17152K)->16699K(17152K) Class: 1836K(2176K)->1836K(2176K)
[51.309s][info][gc             ] GC(28) Pause Young (Allocation Failure) 424M->12M(8142M) 16.004ms
[51.309s][info][gc,cpu         ] GC(28) User=0.09s Sys=0.00s Real=0.02s
[51.891s][info][gc,start       ] GC(29) Pause Young (Allocation Failure)
[51.891s][info][gc,task        ] GC(29) Using 6 workers of 6 for evacuation
[51.908s][info][gc,heap        ] GC(29) ParNew: 417447K->766K(460096K)
[51.908s][info][gc,heap        ] GC(29) CMS: 4082K->4082K(7877440K)
[51.908s][info][gc,metaspace   ] GC(29) Metaspace: 18557K(19328K)->18557K(19328K) NonClass: 16721K(17152K)->16721K(17152K) Class: 1836K(2176K)->1836K(2176K)
[51.908s][info][gc             ] GC(29) Pause Young (Allocation Failure) 411M->4M(8142M) 16.308ms
[51.908s][info][gc,cpu         ] GC(29) User=0.08s Sys=0.00s Real=0.02s
[52.078s][info][gc,start       ] GC(30) Pause Full (System.gc())
[52.078s][info][gc,phases,start] GC(30) Phase 1: Mark live objects
[52.084s][info][gc,phases      ] GC(30) Phase 1: Mark live objects 5.982ms
[52.084s][info][gc,phases,start] GC(30) Phase 2: Compute new object addresses
[52.094s][info][gc,phases      ] GC(30) Phase 2: Compute new object addresses 10.265ms
[52.094s][info][gc,phases,start] GC(30) Phase 3: Adjust pointers
[52.099s][info][gc,phases      ] GC(30) Phase 3: Adjust pointers 4.894ms
[52.099s][info][gc,phases,start] GC(30) Phase 4: Move objects
[52.100s][info][gc,phases      ] GC(30) Phase 4: Move objects 0.766ms
[52.106s][info][gc,heap        ] GC(30) ParNew: 132417K->0K(460096K)
[52.106s][info][gc,heap        ] GC(30) CMS: 4082K->4085K(7877440K)
[52.106s][info][gc,metaspace   ] GC(30) Metaspace: 18560K(19328K)->18560K(19328K) NonClass: 16724K(17152K)->16724K(17152K) Class: 1836K(2176K)->1836K(2176K)
[52.107s][info][gc             ] GC(30) Pause Full (System.gc()) 133M->3M(8142M) 29.019ms
[52.107s][info][gc,cpu         ] GC(30) User=0.02s Sys=0.00s Real=0.03s
[53.366s][info][gc,start       ] GC(31) Pause Young (Allocation Failure)
[53.366s][info][gc,task        ] GC(31) Using 6 workers of 6 for evacuation
[53.382s][info][gc,heap        ] GC(31) ParNew: 409024K->14054K(460096K)
[53.382s][info][gc,heap        ] GC(31) CMS: 4085K->4085K(7877440K)
[53.382s][info][gc,metaspace   ] GC(31) Metaspace: 18566K(19328K)->18566K(19328K) NonClass: 16730K(17152K)->16730K(17152K) Class: 1836K(2176K)->1836K(2176K)
[53.382s][info][gc             ] GC(31) Pause Young (Allocation Failure) 403M->17M(8142M) 16.824ms
[53.382s][info][gc,cpu         ] GC(31) User=0.09s Sys=0.00s Real=0.02s
[54.462s][info][gc,start       ] GC(32) Pause Young (Allocation Failure)
[54.462s][info][gc,task        ] GC(32) Using 6 workers of 6 for evacuation
[54.479s][info][gc,heap        ] GC(32) ParNew: 423078K->5232K(460096K)
[54.479s][info][gc,heap        ] GC(32) CMS: 4085K->4085K(7877440K)
[54.479s][info][gc,metaspace   ] GC(32) Metaspace: 18575K(19328K)->18575K(19328K) NonClass: 16739K(17152K)->16739K(17152K) Class: 1836K(2176K)->1836K(2176K)
[54.479s][info][gc             ] GC(32) Pause Young (Allocation Failure) 417M->9M(8142M) 16.942ms
[54.479s][info][gc,cpu         ] GC(32) User=0.09s Sys=0.00s Real=0.02s
[56.010s][info][gc,start       ] GC(33) Pause Young (Allocation Failure)
[56.010s][info][gc,task        ] GC(33) Using 6 workers of 6 for evacuation
[56.028s][info][gc,heap        ] GC(33) ParNew: 414256K->23090K(460096K)
[56.028s][info][gc,heap        ] GC(33) CMS: 4085K->4085K(7877440K)
[56.028s][info][gc,metaspace   ] GC(33) Metaspace: 18576K(19328K)->18576K(19328K) NonClass: 16740K(17152K)->16740K(17152K) Class: 1836K(2176K)->1836K(2176K)
[56.028s][info][gc             ] GC(33) Pause Young (Allocation Failure) 408M->26M(8142M) 17.731ms
[56.028s][info][gc,cpu         ] GC(33) User=0.09s Sys=0.00s Real=0.02s
[56.927s][info][gc,start       ] GC(34) Pause Young (Allocation Failure)
[56.927s][info][gc,task        ] GC(34) Using 6 workers of 6 for evacuation
[56.945s][info][gc,heap        ] GC(34) ParNew: 432114K->8464K(460096K)
[56.945s][info][gc,heap        ] GC(34) CMS: 4085K->4085K(7877440K)
[56.945s][info][gc,metaspace   ] GC(34) Metaspace: 18578K(19328K)->18578K(19328K) NonClass: 16741K(17152K)->16741K(17152K) Class: 1836K(2176K)->1836K(2176K)
[56.945s][info][gc             ] GC(34) Pause Young (Allocation Failure) 425M->12M(8142M) 17.712ms
[56.945s][info][gc,cpu         ] GC(34) User=0.06s Sys=0.02s Real=0.02s
[57.508s][info][gc,start       ] GC(35) Pause Young (Allocation Failure)
[57.508s][info][gc,task        ] GC(35) Using 6 workers of 6 for evacuation
[57.525s][info][gc,heap        ] GC(35) ParNew: 417488K->739K(460096K)
[57.525s][info][gc,heap        ] GC(35) CMS: 4085K->4085K(7877440K)
[57.525s][info][gc,metaspace   ] GC(35) Metaspace: 18584K(19328K)->18584K(19328K) NonClass: 16747K(17152K)->16747K(17152K) Class: 1836K(2176K)->1836K(2176K)
[57.525s][info][gc             ] GC(35) Pause Young (Allocation Failure) 411M->4M(8142M) 17.158ms
[57.525s][info][gc,cpu         ] GC(35) User=0.09s Sys=0.00s Real=0.02s
[57.695s][info][gc,start       ] GC(36) Pause Full (System.gc())
[57.695s][info][gc,phases,start] GC(36) Phase 1: Mark live objects
[57.702s][info][gc,phases      ] GC(36) Phase 1: Mark live objects 6.222ms
[57.702s][info][gc,phases,start] GC(36) Phase 2: Compute new object addresses
[57.711s][info][gc,phases      ] GC(36) Phase 2: Compute new object addresses 9.580ms
[57.711s][info][gc,phases,start] GC(36) Phase 3: Adjust pointers
[57.716s][info][gc,phases      ] GC(36) Phase 3: Adjust pointers 4.543ms
[57.716s][info][gc,phases,start] GC(36) Phase 4: Move objects
[57.717s][info][gc,phases      ] GC(36) Phase 4: Move objects 0.754ms
[57.725s][info][gc,heap        ] GC(36) ParNew: 132514K->0K(460096K)
[57.725s][info][gc,heap        ] GC(36) CMS: 4085K->4085K(7877440K)
[57.725s][info][gc,metaspace   ] GC(36) Metaspace: 18588K(19328K)->18588K(19328K) NonClass: 16752K(17152K)->16752K(17152K) Class: 1836K(2176K)->1836K(2176K)
[57.726s][info][gc             ] GC(36) Pause Full (System.gc()) 133M->3M(8142M) 30.842ms
[57.726s][info][gc,cpu         ] GC(36) User=0.03s Sys=0.00s Real=0.03s
[59.017s][info][gc,start       ] GC(37) Pause Young (Allocation Failure)
[59.017s][info][gc,task        ] GC(37) Using 6 workers of 6 for evacuation
[59.034s][info][gc,heap        ] GC(37) ParNew: 409024K->14093K(460096K)
[59.034s][info][gc,heap        ] GC(37) CMS: 4085K->4085K(7877440K)
[59.034s][info][gc,metaspace   ] GC(37) Metaspace: 18589K(19328K)->18589K(19328K) NonClass: 16753K(17152K)->16753K(17152K) Class: 1836K(2176K)->1836K(2176K)
[59.034s][info][gc             ] GC(37) Pause Young (Allocation Failure) 403M->17M(8142M) 16.964ms
[59.034s][info][gc,cpu         ] GC(37) User=0.09s Sys=0.00s Real=0.02s
[60.102s][info][gc,start       ] GC(38) Pause Young (Allocation Failure)
[60.102s][info][gc,task        ] GC(38) Using 6 workers of 6 for evacuation
[60.119s][info][gc,heap        ] GC(38) ParNew: 423117K->5377K(460096K)
[60.119s][info][gc,heap        ] GC(38) CMS: 4085K->4085K(7877440K)
[60.119s][info][gc,metaspace   ] GC(38) Metaspace: 18591K(19328K)->18591K(19328K) NonClass: 16754K(17152K)->16754K(17152K) Class: 1836K(2176K)->1836K(2176K)
[60.119s][info][gc             ] GC(38) Pause Young (Allocation Failure) 417M->9M(8142M) 17.043ms
[60.119s][info][gc,cpu         ] GC(38) User=0.09s Sys=0.00s Real=0.02s
[61.665s][info][gc,start       ] GC(39) Pause Young (Allocation Failure)
[61.665s][info][gc,task        ] GC(39) Using 6 workers of 6 for evacuation
[61.683s][info][gc,heap        ] GC(39) ParNew: 414401K->23030K(460096K)
[61.683s][info][gc,heap        ] GC(39) CMS: 4085K->4085K(7877440K)
[61.683s][info][gc,metaspace   ] GC(39) Metaspace: 18591K(19328K)->18591K(19328K) NonClass: 16754K(17152K)->16754K(17152K) Class: 1836K(2176K)->1836K(2176K)
[61.683s][info][gc             ] GC(39) Pause Young (Allocation Failure) 408M->26M(8142M) 17.943ms
[61.683s][info][gc,cpu         ] GC(39) User=0.09s Sys=0.00s Real=0.01s
[62.585s][info][gc,start       ] GC(40) Pause Young (Allocation Failure)
[62.585s][info][gc,task        ] GC(40) Using 6 workers of 6 for evacuation
[62.606s][info][gc,heap        ] GC(40) ParNew: 432054K->7422K(460096K)
[62.606s][info][gc,heap        ] GC(40) CMS: 4085K->4085K(7877440K)
[62.606s][info][gc,metaspace   ] GC(40) Metaspace: 18595K(19328K)->18595K(19328K) NonClass: 16759K(17152K)->16759K(17152K) Class: 1836K(2176K)->1836K(2176K)
[62.606s][info][gc             ] GC(40) Pause Young (Allocation Failure) 425M->11M(8142M) 21.361ms
[62.607s][info][gc,cpu         ] GC(40) User=0.08s Sys=0.00s Real=0.02s
[63.179s][info][gc,start       ] GC(41) Pause Young (Allocation Failure)
[63.179s][info][gc,task        ] GC(41) Using 6 workers of 6 for evacuation
[63.196s][info][gc,heap        ] GC(41) ParNew: 416446K->651K(460096K)
[63.196s][info][gc,heap        ] GC(41) CMS: 4085K->4085K(7877440K)
[63.196s][info][gc,metaspace   ] GC(41) Metaspace: 18605K(19328K)->18605K(19328K) NonClass: 16769K(17152K)->16769K(17152K) Class: 1836K(2176K)->1836K(2176K)
[63.196s][info][gc             ] GC(41) Pause Young (Allocation Failure) 410M->4M(8142M) 17.230ms
[63.196s][info][gc,cpu         ] GC(41) User=0.09s Sys=0.00s Real=0.01s
[63.365s][info][gc,start       ] GC(42) Pause Full (System.gc())
[63.366s][info][gc,phases,start] GC(42) Phase 1: Mark live objects
[63.372s][info][gc,phases      ] GC(42) Phase 1: Mark live objects 6.662ms
[63.372s][info][gc,phases,start] GC(42) Phase 2: Compute new object addresses
[63.381s][info][gc,phases      ] GC(42) Phase 2: Compute new object addresses 8.633ms
[63.381s][info][gc,phases,start] GC(42) Phase 3: Adjust pointers
[63.387s][info][gc,phases      ] GC(42) Phase 3: Adjust pointers 5.791ms
[63.387s][info][gc,phases,start] GC(42) Phase 4: Move objects
[63.388s][info][gc,phases      ] GC(42) Phase 4: Move objects 0.707ms
[63.394s][info][gc,heap        ] GC(42) ParNew: 132325K->0K(460096K)
[63.394s][info][gc,heap        ] GC(42) CMS: 4085K->4085K(7877440K)
[63.394s][info][gc,metaspace   ] GC(42) Metaspace: 18610K(19328K)->18610K(19328K) NonClass: 16773K(17152K)->16773K(17152K) Class: 1836K(2176K)->1836K(2176K)
[63.395s][info][gc             ] GC(42) Pause Full (System.gc()) 133M->3M(8142M) 29.254ms
[63.395s][info][gc,cpu         ] GC(42) User=0.03s Sys=0.00s Real=0.03s
[64.698s][info][gc,start       ] GC(43) Pause Young (Allocation Failure)
[64.698s][info][gc,task        ] GC(43) Using 6 workers of 6 for evacuation
[64.716s][info][gc,heap        ] GC(43) ParNew: 409024K->13951K(460096K)
[64.716s][info][gc,heap        ] GC(43) CMS: 4085K->4085K(7877440K)
[64.716s][info][gc,metaspace   ] GC(43) Metaspace: 18611K(19328K)->18611K(19328K) NonClass: 16775K(17152K)->16775K(17152K) Class: 1836K(2176K)->1836K(2176K)
[64.716s][info][gc             ] GC(43) Pause Young (Allocation Failure) 403M->17M(8142M) 17.797ms
[64.716s][info][gc,cpu         ] GC(43) User=0.08s Sys=0.02s Real=0.02s
[65.817s][info][gc,start       ] GC(44) Pause Young (Allocation Failure)
[65.817s][info][gc,task        ] GC(44) Using 6 workers of 6 for evacuation
[65.834s][info][gc,heap        ] GC(44) ParNew: 422975K->5772K(460096K)
[65.834s][info][gc,heap        ] GC(44) CMS: 4085K->4085K(7877440K)
[65.834s][info][gc,metaspace   ] GC(44) Metaspace: 18616K(19328K)->18616K(19328K) NonClass: 16780K(17152K)->16780K(17152K) Class: 1836K(2176K)->1836K(2176K)
[65.834s][info][gc             ] GC(44) Pause Young (Allocation Failure) 417M->9M(8142M) 16.769ms
[65.834s][info][gc,cpu         ] GC(44) User=0.09s Sys=0.00s Real=0.02s
[67.376s][info][gc,start       ] GC(45) Pause Young (Allocation Failure)
[67.376s][info][gc,task        ] GC(45) Using 6 workers of 6 for evacuation
[67.392s][info][gc,heap        ] GC(45) ParNew: 414796K->17873K(460096K)
[67.392s][info][gc,heap        ] GC(45) CMS: 4085K->4085K(7877440K)
[67.392s][info][gc,metaspace   ] GC(45) Metaspace: 18617K(19328K)->18617K(19328K) NonClass: 16781K(17152K)->16781K(17152K) Class: 1836K(2176K)->1836K(2176K)
[67.392s][info][gc             ] GC(45) Pause Young (Allocation Failure) 409M->21M(8142M) 16.863ms
[67.392s][info][gc,cpu         ] GC(45) User=0.06s Sys=0.00s Real=0.02s
[68.308s][info][gc,start       ] GC(46) Pause Young (Allocation Failure)
[68.308s][info][gc,task        ] GC(46) Using 6 workers of 6 for evacuation
[68.325s][info][gc,heap        ] GC(46) ParNew: 426897K->7468K(460096K)
[68.325s][info][gc,heap        ] GC(46) CMS: 4085K->4085K(7877440K)
[68.325s][info][gc,metaspace   ] GC(46) Metaspace: 18624K(19328K)->18624K(19328K) NonClass: 16788K(17152K)->16788K(17152K) Class: 1836K(2176K)->1836K(2176K)
[68.325s][info][gc             ] GC(46) Pause Young (Allocation Failure) 420M->11M(8142M) 17.302ms
[68.325s][info][gc,cpu         ] GC(46) User=0.09s Sys=0.00s Real=0.03s
[68.903s][info][gc,start       ] GC(47) Pause Young (Allocation Failure)
[68.903s][info][gc,task        ] GC(47) Using 6 workers of 6 for evacuation
[68.920s][info][gc,heap        ] GC(47) ParNew: 416492K->793K(460096K)
[68.920s][info][gc,heap        ] GC(47) CMS: 4085K->4085K(7877440K)
[68.920s][info][gc,metaspace   ] GC(47) Metaspace: 18635K(19328K)->18635K(19328K) NonClass: 16799K(17152K)->16799K(17152K) Class: 1836K(2176K)->1836K(2176K)
[68.920s][info][gc             ] GC(47) Pause Young (Allocation Failure) 410M->4M(8142M) 16.653ms
[68.920s][info][gc,cpu         ] GC(47) User=0.11s Sys=0.00s Real=0.02s
[69.091s][info][gc,start       ] GC(48) Pause Full (System.gc())
[69.091s][info][gc,phases,start] GC(48) Phase 1: Mark live objects
[69.098s][info][gc,phases      ] GC(48) Phase 1: Mark live objects 6.718ms
[69.098s][info][gc,phases,start] GC(48) Phase 2: Compute new object addresses
[69.107s][info][gc,phases      ] GC(48) Phase 2: Compute new object addresses 8.387ms
[69.107s][info][gc,phases,start] GC(48) Phase 3: Adjust pointers
[69.112s][info][gc,phases      ] GC(48) Phase 3: Adjust pointers 5.190ms
[69.112s][info][gc,phases,start] GC(48) Phase 4: Move objects
[69.114s][info][gc,phases      ] GC(48) Phase 4: Move objects 1.931ms
[69.120s][info][gc,heap        ] GC(48) ParNew: 132561K->0K(460096K)
[69.120s][info][gc,heap        ] GC(48) CMS: 4085K->4087K(7877440K)
[69.120s][info][gc,metaspace   ] GC(48) Metaspace: 18639K(19328K)->18639K(19328K) NonClass: 16803K(17152K)->16803K(17152K) Class: 1836K(2176K)->1836K(2176K)
[69.121s][info][gc             ] GC(48) Pause Full (System.gc()) 133M->3M(8142M) 29.501ms
[69.121s][info][gc,cpu         ] GC(48) User=0.03s Sys=0.00s Real=0.03s
[70.424s][info][gc,start       ] GC(49) Pause Young (Allocation Failure)
[70.425s][info][gc,task        ] GC(49) Using 6 workers of 6 for evacuation
[70.440s][info][gc,heap        ] GC(49) ParNew: 409024K->14007K(460096K)
[70.440s][info][gc,heap        ] GC(49) CMS: 4087K->4087K(7877440K)
[70.440s][info][gc,metaspace   ] GC(49) Metaspace: 18640K(19328K)->18640K(19328K) NonClass: 16803K(17152K)->16803K(17152K) Class: 1836K(2176K)->1836K(2176K)
[70.440s][info][gc             ] GC(49) Pause Young (Allocation Failure) 403M->17M(8142M) 16.009ms
[70.440s][info][gc,cpu         ] GC(49) User=0.09s Sys=0.00s Real=0.01s
[71.546s][info][gc,start       ] GC(50) Pause Young (Allocation Failure)
[71.546s][info][gc,task        ] GC(50) Using 6 workers of 6 for evacuation
[71.563s][info][gc,heap        ] GC(50) ParNew: 423031K->5335K(460096K)
[71.563s][info][gc,heap        ] GC(50) CMS: 4087K->4087K(7877440K)
[71.563s][info][gc,metaspace   ] GC(50) Metaspace: 18645K(19328K)->18645K(19328K) NonClass: 16809K(17152K)->16809K(17152K) Class: 1836K(2176K)->1836K(2176K)
[71.563s][info][gc             ] GC(50) Pause Young (Allocation Failure) 417M->9M(8142M) 17.152ms
[71.563s][info][gc,cpu         ] GC(50) User=0.09s Sys=0.00s Real=0.02s
[73.078s][info][gc,start       ] GC(51) Pause Young (Allocation Failure)
[73.078s][info][gc,task        ] GC(51) Using 6 workers of 6 for evacuation
[73.094s][info][gc,heap        ] GC(51) ParNew: 414359K->23028K(460096K)
[73.094s][info][gc,heap        ] GC(51) CMS: 4087K->4087K(7877440K)
[73.094s][info][gc,metaspace   ] GC(51) Metaspace: 18645K(19328K)->18645K(19328K) NonClass: 16809K(17152K)->16809K(17152K) Class: 1836K(2176K)->1836K(2176K)
[73.094s][info][gc             ] GC(51) Pause Young (Allocation Failure) 408M->26M(8142M) 16.475ms
[73.094s][info][gc,cpu         ] GC(51) User=0.09s Sys=0.00s Real=0.02s
[73.946s][info][gc,start       ] GC(52) Pause Young (Allocation Failure)
[73.946s][info][gc,task        ] GC(52) Using 6 workers of 6 for evacuation
[73.963s][info][gc,heap        ] GC(52) ParNew: 432052K->7400K(460096K)
[73.963s][info][gc,heap        ] GC(52) CMS: 4087K->4087K(7877440K)
[73.963s][info][gc,metaspace   ] GC(52) Metaspace: 18650K(19328K)->18650K(19328K) NonClass: 16813K(17152K)->16813K(17152K) Class: 1836K(2176K)->1836K(2176K)
[73.964s][info][gc             ] GC(52) Pause Young (Allocation Failure) 425M->11M(8142M) 17.115ms
[73.964s][info][gc,cpu         ] GC(52) User=0.08s Sys=0.00s Real=0.03s
[74.537s][info][gc,start       ] GC(53) Pause Young (Allocation Failure)
[74.537s][info][gc,task        ] GC(53) Using 6 workers of 6 for evacuation
[74.552s][info][gc,heap        ] GC(53) ParNew: 416424K->649K(460096K)
[74.552s][info][gc,heap        ] GC(53) CMS: 4087K->4087K(7877440K)
[74.552s][info][gc,metaspace   ] GC(53) Metaspace: 18654K(19584K)->18654K(19584K) NonClass: 16818K(17408K)->16818K(17408K) Class: 1836K(2176K)->1836K(2176K)
[74.552s][info][gc             ] GC(53) Pause Young (Allocation Failure) 410M->4M(8142M) 15.425ms
[74.552s][info][gc,cpu         ] GC(53) User=0.09s Sys=0.00s Real=0.01s
[74.721s][info][gc,start       ] GC(54) Pause Full (System.gc())
[74.721s][info][gc,phases,start] GC(54) Phase 1: Mark live objects
[74.728s][info][gc,phases      ] GC(54) Phase 1: Mark live objects 7.202ms
[74.729s][info][gc,phases,start] GC(54) Phase 2: Compute new object addresses
[74.736s][info][gc,phases      ] GC(54) Phase 2: Compute new object addresses 7.764ms
[74.736s][info][gc,phases,start] GC(54) Phase 3: Adjust pointers
[74.743s][info][gc,phases      ] GC(54) Phase 3: Adjust pointers 6.382ms
[74.743s][info][gc,phases,start] GC(54) Phase 4: Move objects
[74.743s][info][gc,phases      ] GC(54) Phase 4: Move objects 0.739ms
[74.750s][info][gc,heap        ] GC(54) ParNew: 129887K->0K(460096K)
[74.750s][info][gc,heap        ] GC(54) CMS: 4087K->4089K(7877440K)
[74.750s][info][gc,metaspace   ] GC(54) Metaspace: 18660K(19584K)->18660K(19584K) NonClass: 16823K(17408K)->16823K(17408K) Class: 1836K(2176K)->1836K(2176K)
[74.750s][info][gc             ] GC(54) Pause Full (System.gc()) 130M->3M(8142M) 29.228ms
[74.750s][info][gc,cpu         ] GC(54) User=0.03s Sys=0.00s Real=0.04s
[76.032s][info][gc,start       ] GC(55) Pause Young (Allocation Failure)
[76.032s][info][gc,task        ] GC(55) Using 6 workers of 6 for evacuation
[76.048s][info][gc,heap        ] GC(55) ParNew: 409024K->14099K(460096K)
[76.048s][info][gc,heap        ] GC(55) CMS: 4089K->4089K(7877440K)
[76.048s][info][gc,metaspace   ] GC(55) Metaspace: 18661K(19584K)->18661K(19584K) NonClass: 16825K(17408K)->16825K(17408K) Class: 1836K(2176K)->1836K(2176K)
[76.048s][info][gc             ] GC(55) Pause Young (Allocation Failure) 403M->17M(8142M) 16.001ms
[76.048s][info][gc,cpu         ] GC(55) User=0.09s Sys=0.00s Real=0.01s
[77.092s][info][gc,start       ] GC(56) Pause Young (Allocation Failure)
[77.092s][info][gc,task        ] GC(56) Using 6 workers of 6 for evacuation
[77.109s][info][gc,heap        ] GC(56) ParNew: 423123K->5420K(460096K)
[77.109s][info][gc,heap        ] GC(56) CMS: 4089K->4089K(7877440K)
[77.109s][info][gc,metaspace   ] GC(56) Metaspace: 18663K(19584K)->18663K(19584K) NonClass: 16826K(17408K)->16826K(17408K) Class: 1836K(2176K)->1836K(2176K)
[77.109s][info][gc             ] GC(56) Pause Young (Allocation Failure) 417M->9M(8142M) 17.070ms
[77.109s][info][gc,cpu         ] GC(56) User=0.02s Sys=0.00s Real=0.01s
[78.638s][info][gc,start       ] GC(57) Pause Young (Allocation Failure)
[78.638s][info][gc,task        ] GC(57) Using 6 workers of 6 for evacuation
[78.656s][info][gc,heap        ] GC(57) ParNew: 414444K->17869K(460096K)
[78.656s][info][gc,heap        ] GC(57) CMS: 4089K->4089K(7877440K)
[78.656s][info][gc,metaspace   ] GC(57) Metaspace: 18663K(19584K)->18663K(19584K) NonClass: 16826K(17408K)->16826K(17408K) Class: 1836K(2176K)->1836K(2176K)
[78.656s][info][gc             ] GC(57) Pause Young (Allocation Failure) 408M->21M(8142M) 17.775ms
[78.656s][info][gc,cpu         ] GC(57) User=0.05s Sys=0.00s Real=0.02s
[79.524s][info][gc,start       ] GC(58) Pause Young (Allocation Failure)
[79.524s][info][gc,task        ] GC(58) Using 6 workers of 6 for evacuation
[79.544s][info][gc,heap        ] GC(58) ParNew: 426893K->7505K(460096K)
[79.545s][info][gc,heap        ] GC(58) CMS: 4089K->4089K(7877440K)
[79.545s][info][gc,metaspace   ] GC(58) Metaspace: 18664K(19584K)->18664K(19584K) NonClass: 16827K(17408K)->16827K(17408K) Class: 1836K(2176K)->1836K(2176K)
[79.545s][info][gc             ] GC(58) Pause Young (Allocation Failure) 420M->11M(8142M) 20.329ms
[79.545s][info][gc,cpu         ] GC(58) User=0.08s Sys=0.00s Real=0.02s
[80.107s][info][gc,start       ] GC(59) Pause Young (Allocation Failure)
[80.107s][info][gc,task        ] GC(59) Using 6 workers of 6 for evacuation
[80.123s][info][gc,heap        ] GC(59) ParNew: 416529K->694K(460096K)
[80.123s][info][gc,heap        ] GC(59) CMS: 4089K->4089K(7877440K)
[80.123s][info][gc,metaspace   ] GC(59) Metaspace: 18672K(19584K)->18672K(19584K) NonClass: 16835K(17408K)->16835K(17408K) Class: 1836K(2176K)->1836K(2176K)
[80.123s][info][gc             ] GC(59) Pause Young (Allocation Failure) 410M->4M(8142M) 16.663ms
[80.123s][info][gc,cpu         ] GC(59) User=0.09s Sys=0.00s Real=0.02s
[80.293s][info][gc,heap,exit   ] Heap
[80.293s][info][gc,heap,exit   ]  par new generation   total 460096K, used 140651K [0x0000000600000000, 0x000000061f330000, 0x000000061f330000)
[80.293s][info][gc,heap,exit   ]   eden space 409024K,  34% used [0x0000000600000000, 0x00000006088ad448, 0x0000000618f70000)
[80.293s][info][gc,heap,exit   ]   from space 51072K,   1% used [0x0000000618f70000, 0x000000061901da60, 0x000000061c150000)
[80.293s][info][gc,heap,exit   ]   to   space 51072K,   0% used [0x000000061c150000, 0x000000061c150000, 0x000000061f330000)
[80.293s][info][gc,heap,exit   ]  concurrent mark-sweep generation total 7877440K, used 4089K [0x000000061f330000, 0x0000000800000000, 0x0000000800000000)
[80.293s][info][gc,heap,exit   ]  Metaspace       used 18675K, capacity 19320K, committed 19584K, reserved 1067008K
[80.293s][info][gc,heap,exit   ]   class space    used 1836K, capacity 2105K, committed 2176K, reserved 1048576K
