[0.014s][info][gc] Using Concurrent Mark Sweep
[0.014s][info][gc,heap,coops] Heap address: 0x00000000c0000000, size: 1024 MB, Compressed Oops mode: 32-bit
[21.575s][info][gc,start     ] GC(0) Pause Full (System.gc())
[21.576s][info][gc,phases,start] GC(0) Phase 1: Mark live objects
[21.579s][info][gc,phases      ] GC(0) Phase 1: Mark live objects 3.367ms
[21.579s][info][gc,phases,start] GC(0) Phase 2: Compute new object addresses
[21.580s][info][gc,phases      ] GC(0) Phase 2: Compute new object addresses 1.106ms
[21.580s][info][gc,phases,start] GC(0) Phase 3: Adjust pointers
[21.582s][info][gc,phases      ] GC(0) Phase 3: Adjust pointers 1.575ms
[21.582s][info][gc,phases,start] GC(0) Phase 4: Move objects
[21.584s][info][gc,phases      ] GC(0) Phase 4: Move objects 1.436ms
[21.586s][info][gc,heap        ] GC(0) ParNew: 22433K->0K(314560K)
[21.586s][info][gc,heap        ] GC(0) CMS: 0K->2664K(699072K)
[21.586s][info][gc,metaspace   ] GC(0) Metaspace: 9668K(10240K)->9668K(10240K) NonClass: 8798K(9216K)->8798K(9216K) Class: 870K(1024K)->870K(1024K)
[21.586s][info][gc             ] GC(0) Pause Full (System.gc()) 21M->2M(989M) 10.826ms
[21.586s][info][gc,cpu         ] GC(0) User=0.02s Sys=0.00s Real=0.01s
[22.976s][info][gc,start       ] GC(1) Pause Young (Allocation Failure)
[22.977s][info][gc,task        ] GC(1) Using 6 workers of 6 for evacuation
[22.982s][info][gc,heap        ] GC(1) ParNew: 279616K->12058K(314560K)
[22.982s][info][gc,heap        ] GC(1) CMS: 2664K->2664K(699072K)
[22.982s][info][gc,metaspace   ] GC(1) Metaspace: 15603K(16128K)->15603K(16128K) NonClass: 14081K(14336K)->14081K(14336K) Class: 1522K(1792K)->1522K(1792K)
[22.982s][info][gc             ] GC(1) Pause Young (Allocation Failure) 275M->14M(989M) 6.384ms
[22.982s][info][gc,cpu         ] GC(1) User=0.00s Sys=0.00s Real=0.01s
[24.268s][info][gc,start       ] GC(2) Pause Young (Allocation Failure)
[24.268s][info][gc,task        ] GC(2) Using 6 workers of 6 for evacuation
[24.279s][info][gc,heap        ] GC(2) ParNew: 291674K->24226K(314560K)
[24.279s][info][gc,heap        ] GC(2) CMS: 2664K->2664K(699072K)
[24.279s][info][gc,metaspace   ] GC(2) Metaspace: 16658K(17280K)->16658K(17280K) NonClass: 15037K(15360K)->15037K(15360K) Class: 1621K(1920K)->1621K(1920K)
[24.279s][info][gc             ] GC(2) Pause Young (Allocation Failure) 287M->26M(989M) 10.923ms
[24.279s][info][gc,cpu         ] GC(2) User=0.03s Sys=0.06s Real=0.01s
[25.025s][info][gc,start       ] GC(3) Pause Young (Allocation Failure)
[25.025s][info][gc,task        ] GC(3) Using 6 workers of 6 for evacuation
[25.030s][info][gc,heap        ] GC(3) ParNew: 303842K->6099K(314560K)
[25.030s][info][gc,heap        ] GC(3) CMS: 2664K->3975K(699072K)
[25.031s][info][gc,metaspace   ] GC(3) Metaspace: 16970K(17792K)->16970K(17792K) NonClass: 15302K(15872K)->15302K(15872K) Class: 1667K(1920K)->1667K(1920K)
[25.031s][info][gc             ] GC(3) Pause Young (Allocation Failure) 299M->9M(989M) 5.331ms
[25.031s][info][gc,cpu         ] GC(3) User=0.00s Sys=0.00s Real=0.01s
[25.930s][info][gc,start       ] GC(4) Pause Young (Allocation Failure)
[25.930s][info][gc,task        ] GC(4) Using 6 workers of 6 for evacuation
[25.934s][info][gc,heap        ] GC(4) ParNew: 285156K->15735K(314560K)
[25.934s][info][gc,heap        ] GC(4) CMS: 3975K->3975K(699072K)
[25.934s][info][gc,metaspace   ] GC(4) Metaspace: 16972K(17792K)->16972K(17792K) NonClass: 15304K(15872K)->15304K(15872K) Class: 1667K(1920K)->1667K(1920K)
[25.934s][info][gc             ] GC(4) Pause Young (Allocation Failure) 282M->19M(989M) 3.925ms
[25.934s][info][gc,cpu         ] GC(4) User=0.00s Sys=0.00s Real=0.00s
[26.811s][info][gc,start       ] GC(5) Pause Young (Allocation Failure)
[26.811s][info][gc,task        ] GC(5) Using 6 workers of 6 for evacuation
[26.815s][info][gc,heap        ] GC(5) ParNew: 295351K->18157K(314560K)
[26.815s][info][gc,heap        ] GC(5) CMS: 3975K->3975K(699072K)
[26.815s][info][gc,metaspace   ] GC(5) Metaspace: 17071K(17792K)->17071K(17792K) NonClass: 15394K(15872K)->15394K(15872K) Class: 1676K(1920K)->1676K(1920K)
[26.815s][info][gc             ] GC(5) Pause Young (Allocation Failure) 292M->21M(989M) 4.357ms
[26.815s][info][gc,cpu         ] GC(5) User=0.00s Sys=0.00s Real=0.00s
[27.576s][info][gc,start       ] GC(6) Pause Young (Allocation Failure)
[27.576s][info][gc,task        ] GC(6) Using 6 workers of 6 for evacuation
[27.579s][info][gc,heap        ] GC(6) ParNew: 297773K->8511K(314560K)
[27.579s][info][gc,heap        ] GC(6) CMS: 3975K->4091K(699072K)
[27.579s][info][gc,metaspace   ] GC(6) Metaspace: 17100K(17792K)->17100K(17792K) NonClass: 15422K(15872K)->15422K(15872K) Class: 1678K(1920K)->1678K(1920K)
[27.579s][info][gc             ] GC(6) Pause Young (Allocation Failure) 294M->12M(989M) 2.668ms
[27.579s][info][gc,cpu         ] GC(6) User=0.00s Sys=0.00s Real=0.00s
[28.598s][info][gc,start       ] GC(7) Pause Young (Allocation Failure)
[28.598s][info][gc,task        ] GC(7) Using 6 workers of 6 for evacuation
[28.600s][info][gc,heap        ] GC(7) ParNew: 288127K->984K(314560K)
[28.600s][info][gc,heap        ] GC(7) CMS: 4091K->4091K(699072K)
[28.600s][info][gc,metaspace   ] GC(7) Metaspace: 18211K(19072K)->18211K(19072K) NonClass: 16402K(16896K)->16402K(16896K) Class: 1808K(2176K)->1808K(2176K)
[28.600s][info][gc             ] GC(7) Pause Young (Allocation Failure) 285M->4M(989M) 1.635ms
[28.600s][info][gc,cpu         ] GC(7) User=0.00s Sys=0.00s Real=0.00s
[29.013s][info][gc,start       ] GC(8) Pause Full (System.gc())
[29.013s][info][gc,phases,start] GC(8) Phase 1: Mark live objects
[29.020s][info][gc,phases      ] GC(8) Phase 1: Mark live objects 6.661ms
[29.020s][info][gc,phases,start] GC(8) Phase 2: Compute new object addresses
[29.036s][info][gc,phases      ] GC(8) Phase 2: Compute new object addresses 16.345ms
[29.036s][info][gc,phases,start] GC(8) Phase 3: Adjust pointers
[29.041s][info][gc,phases      ] GC(8) Phase 3: Adjust pointers 4.691ms
[29.041s][info][gc,phases,start] GC(8) Phase 4: Move objects
[29.042s][info][gc,phases      ] GC(8) Phase 4: Move objects 1.221ms
[29.043s][info][gc,heap        ] GC(8) ParNew: 258504K->0K(314560K)
[29.043s][info][gc,heap        ] GC(8) CMS: 4091K->4083K(699072K)
[29.043s][info][gc,metaspace   ] GC(8) Metaspace: 18388K(19328K)->18388K(19328K) NonClass: 16553K(17152K)->16553K(17152K) Class: 1835K(2176K)->1835K(2176K)
[29.043s][info][gc             ] GC(8) Pause Full (System.gc()) 256M->3M(989M) 30.216ms
[29.043s][info][gc,cpu         ] GC(8) User=0.03s Sys=0.02s Real=0.03s
[29.916s][info][gc,start       ] GC(9) Pause Young (Allocation Failure)
[29.916s][info][gc,task        ] GC(9) Using 6 workers of 6 for evacuation
[29.918s][info][gc,heap        ] GC(9) ParNew: 279616K->11840K(314560K)
[29.918s][info][gc,heap        ] GC(9) CMS: 4083K->4083K(699072K)
[29.918s][info][gc,metaspace   ] GC(9) Metaspace: 18389K(19328K)->18389K(19328K) NonClass: 16554K(17152K)->16554K(17152K) Class: 1835K(2176K)->1835K(2176K)
[29.918s][info][gc             ] GC(9) Pause Young (Allocation Failure) 277M->15M(989M) 2.833ms
[29.919s][info][gc,cpu         ] GC(9) User=0.00s Sys=0.00s Real=0.01s
[30.898s][info][gc,start       ] GC(10) Pause Young (Allocation Failure)
[30.898s][info][gc,task        ] GC(10) Using 6 workers of 6 for evacuation
[30.903s][info][gc,heap        ] GC(10) ParNew: 291456K->25999K(314560K)
[30.903s][info][gc,heap        ] GC(10) CMS: 4083K->4083K(699072K)
[30.903s][info][gc,metaspace   ] GC(10) Metaspace: 18389K(19328K)->18389K(19328K) NonClass: 16554K(17152K)->16554K(17152K) Class: 1835K(2176K)->1835K(2176K)
[30.903s][info][gc             ] GC(10) Pause Young (Allocation Failure) 288M->29M(989M) 5.152ms
[30.903s][info][gc,cpu         ] GC(10) User=0.00s Sys=0.00s Real=0.01s
[31.512s][info][gc,start       ] GC(11) Pause Young (Allocation Failure)
[31.512s][info][gc,task        ] GC(11) Using 6 workers of 6 for evacuation
[31.514s][info][gc,heap        ] GC(11) ParNew: 305615K->5936K(314560K)
[31.514s][info][gc,heap        ] GC(11) CMS: 4083K->4136K(699072K)
[31.514s][info][gc,metaspace   ] GC(11) Metaspace: 18389K(19328K)->18389K(19328K) NonClass: 16554K(17152K)->16554K(17152K) Class: 1835K(2176K)->1835K(2176K)
[31.514s][info][gc             ] GC(11) Pause Young (Allocation Failure) 302M->9M(989M) 1.909ms
[31.514s][info][gc,cpu         ] GC(11) User=0.00s Sys=0.00s Real=0.00s
[32.430s][info][gc,start       ] GC(12) Pause Young (Allocation Failure)
[32.430s][info][gc,task        ] GC(12) Using 6 workers of 6 for evacuation
[32.433s][info][gc,heap        ] GC(12) ParNew: 285552K->13726K(314560K)
[32.433s][info][gc,heap        ] GC(12) CMS: 4136K->4136K(699072K)
[32.433s][info][gc,metaspace   ] GC(12) Metaspace: 18394K(19328K)->18394K(19328K) NonClass: 16559K(17152K)->16559K(17152K) Class: 1835K(2176K)->1835K(2176K)
[32.433s][info][gc             ] GC(12) Pause Young (Allocation Failure) 282M->17M(989M) 2.884ms
[32.433s][info][gc,cpu         ] GC(12) User=0.00s Sys=0.00s Real=0.00s
[33.203s][info][gc,start       ] GC(13) Pause Young (Allocation Failure)
[33.203s][info][gc,task        ] GC(13) Using 6 workers of 6 for evacuation
[33.207s][info][gc,heap        ] GC(13) ParNew: 293342K->17970K(314560K)
[33.207s][info][gc,heap        ] GC(13) CMS: 4136K->4136K(699072K)
[33.207s][info][gc,metaspace   ] GC(13) Metaspace: 18399K(19328K)->18399K(19328K) NonClass: 16563K(17152K)->16563K(17152K) Class: 1835K(2176K)->1835K(2176K)
[33.207s][info][gc             ] GC(13) Pause Young (Allocation Failure) 290M->21M(989M) 3.709ms
[33.207s][info][gc,cpu         ] GC(13) User=0.05s Sys=0.03s Real=0.00s
[33.977s][info][gc,start       ] GC(14) Pause Young (Allocation Failure)
[33.977s][info][gc,task        ] GC(14) Using 6 workers of 6 for evacuation
[33.979s][info][gc,heap        ] GC(14) ParNew: 297586K->9054K(314560K)
[33.979s][info][gc,heap        ] GC(14) CMS: 4136K->4138K(699072K)
[33.979s][info][gc,metaspace   ] GC(14) Metaspace: 18405K(19328K)->18405K(19328K) NonClass: 16569K(17152K)->16569K(17152K) Class: 1835K(2176K)->1835K(2176K)
[33.979s][info][gc             ] GC(14) Pause Young (Allocation Failure) 294M->12M(989M) 2.376ms
[33.979s][info][gc,cpu         ] GC(14) User=0.00s Sys=0.00s Real=0.00s
[34.451s][info][gc,start       ] GC(15) Pause Young (Allocation Failure)
[34.452s][info][gc,task        ] GC(15) Using 6 workers of 6 for evacuation
[34.453s][info][gc,heap        ] GC(15) ParNew: 288670K->790K(314560K)
[34.453s][info][gc,heap        ] GC(15) CMS: 4138K->4138K(699072K)
[34.453s][info][gc,metaspace   ] GC(15) Metaspace: 18420K(19328K)->18420K(19328K) NonClass: 16584K(17152K)->16584K(17152K) Class: 1835K(2176K)->1835K(2176K)
[34.453s][info][gc             ] GC(15) Pause Young (Allocation Failure) 285M->4M(989M) 1.670ms
[34.453s][info][gc,cpu         ] GC(15) User=0.00s Sys=0.00s Real=0.00s
[34.733s][info][gc,start       ] GC(16) Pause Full (System.gc())
[34.733s][info][gc,phases,start] GC(16) Phase 1: Mark live objects
[34.740s][info][gc,phases      ] GC(16) Phase 1: Mark live objects 7.216ms
[34.740s][info][gc,phases,start] GC(16) Phase 2: Compute new object addresses
[34.759s][info][gc,phases      ] GC(16) Phase 2: Compute new object addresses 18.825ms
[34.759s][info][gc,phases,start] GC(16) Phase 3: Adjust pointers
[34.765s][info][gc,phases      ] GC(16) Phase 3: Adjust pointers 5.797ms
[34.765s][info][gc,phases,start] GC(16) Phase 4: Move objects
[34.766s][info][gc,phases      ] GC(16) Phase 4: Move objects 1.144ms
[34.767s][info][gc,heap        ] GC(16) ParNew: 214035K->0K(314560K)
[34.767s][info][gc,heap        ] GC(16) CMS: 4138K->4082K(699072K)
[34.767s][info][gc,metaspace   ] GC(16) Metaspace: 18447K(19328K)->18447K(19328K) NonClass: 16611K(17152K)->16611K(17152K) Class: 1835K(2176K)->1835K(2176K)
[34.767s][info][gc             ] GC(16) Pause Full (System.gc()) 213M->3M(989M) 34.491ms
[34.767s][info][gc,cpu         ] GC(16) User=0.03s Sys=0.00s Real=0.03s
[35.614s][info][gc,start       ] GC(17) Pause Young (Allocation Failure)
[35.614s][info][gc,task        ] GC(17) Using 6 workers of 6 for evacuation
[35.617s][info][gc,heap        ] GC(17) ParNew: 279616K->11873K(314560K)
[35.617s][info][gc,heap        ] GC(17) CMS: 4082K->4082K(699072K)
[35.617s][info][gc,metaspace   ] GC(17) Metaspace: 18448K(19328K)->18448K(19328K) NonClass: 16613K(17152K)->16613K(17152K) Class: 1835K(2176K)->1835K(2176K)
[35.617s][info][gc             ] GC(17) Pause Young (Allocation Failure) 277M->15M(989M) 2.900ms
[35.617s][info][gc,cpu         ] GC(17) User=0.00s Sys=0.00s Real=0.01s
[36.540s][info][gc,start       ] GC(18) Pause Young (Allocation Failure)
[36.540s][info][gc,task        ] GC(18) Using 6 workers of 6 for evacuation
[36.544s][info][gc,heap        ] GC(18) ParNew: 291489K->22960K(314560K)
[36.544s][info][gc,heap        ] GC(18) CMS: 4082K->4082K(699072K)
[36.544s][info][gc,metaspace   ] GC(18) Metaspace: 18450K(19328K)->18450K(19328K) NonClass: 16614K(17152K)->16614K(17152K) Class: 1835K(2176K)->1835K(2176K)
[36.544s][info][gc             ] GC(18) Pause Young (Allocation Failure) 288M->26M(989M) 3.992ms
[36.544s][info][gc,cpu         ] GC(18) User=0.00s Sys=0.00s Real=0.01s
[37.110s][info][gc,start       ] GC(19) Pause Young (Allocation Failure)
[37.110s][info][gc,task        ] GC(19) Using 6 workers of 6 for evacuation
[37.112s][info][gc,heap        ] GC(19) ParNew: 302576K->6295K(314560K)
[37.112s][info][gc,heap        ] GC(19) CMS: 4082K->4135K(699072K)
[37.112s][info][gc,metaspace   ] GC(19) Metaspace: 18452K(19328K)->18452K(19328K) NonClass: 16617K(17152K)->16617K(17152K) Class: 1835K(2176K)->1835K(2176K)
[37.112s][info][gc             ] GC(19) Pause Young (Allocation Failure) 299M->10M(989M) 1.899ms
[37.112s][info][gc,cpu         ] GC(19) User=0.02s Sys=0.00s Real=0.00s
[37.954s][info][gc,start       ] GC(20) Pause Young (Allocation Failure)
[37.954s][info][gc,task        ] GC(20) Using 6 workers of 6 for evacuation
[37.957s][info][gc,heap        ] GC(20) ParNew: 285911K->13733K(314560K)
[37.957s][info][gc,heap        ] GC(20) CMS: 4135K->4135K(699072K)
[37.957s][info][gc,metaspace   ] GC(20) Metaspace: 18453K(19328K)->18453K(19328K) NonClass: 16617K(17152K)->16617K(17152K) Class: 1835K(2176K)->1835K(2176K)
[37.957s][info][gc             ] GC(20) Pause Young (Allocation Failure) 283M->17M(989M) 3.243ms
[37.957s][info][gc,cpu         ] GC(20) User=0.08s Sys=0.00s Real=0.00s
[38.662s][info][gc,start       ] GC(21) Pause Young (Allocation Failure)
[38.662s][info][gc,task        ] GC(21) Using 6 workers of 6 for evacuation
[38.666s][info][gc,heap        ] GC(21) ParNew: 293349K->21998K(314560K)
[38.666s][info][gc,heap        ] GC(21) CMS: 4135K->4135K(699072K)
[38.666s][info][gc,metaspace   ] GC(21) Metaspace: 18455K(19328K)->18455K(19328K) NonClass: 16619K(17152K)->16619K(17152K) Class: 1835K(2176K)->1835K(2176K)
[38.666s][info][gc             ] GC(21) Pause Young (Allocation Failure) 290M->25M(989M) 3.648ms
[38.666s][info][gc,cpu         ] GC(21) User=0.00s Sys=0.00s Real=0.01s
[39.383s][info][gc,start       ] GC(22) Pause Young (Allocation Failure)
[39.383s][info][gc,task        ] GC(22) Using 6 workers of 6 for evacuation
[39.386s][info][gc,heap        ] GC(22) ParNew: 301614K->9007K(314560K)
[39.386s][info][gc,heap        ] GC(22) CMS: 4135K->4136K(699072K)
[39.386s][info][gc,metaspace   ] GC(22) Metaspace: 18469K(19328K)->18469K(19328K) NonClass: 16633K(17152K)->16633K(17152K) Class: 1836K(2176K)->1836K(2176K)
[39.386s][info][gc             ] GC(22) Pause Young (Allocation Failure) 298M->12M(989M) 2.491ms
[39.386s][info][gc,cpu         ] GC(22) User=0.00s Sys=0.00s Real=0.00s
[39.805s][info][gc,start       ] GC(23) Pause Young (Allocation Failure)
[39.805s][info][gc,task        ] GC(23) Using 6 workers of 6 for evacuation
[39.806s][info][gc,heap        ] GC(23) ParNew: 288623K->772K(314560K)
[39.806s][info][gc,heap        ] GC(23) CMS: 4136K->4136K(699072K)
[39.806s][info][gc,metaspace   ] GC(23) Metaspace: 18479K(19328K)->18479K(19328K) NonClass: 16643K(17152K)->16643K(17152K) Class: 1836K(2176K)->1836K(2176K)
[39.806s][info][gc             ] GC(23) Pause Young (Allocation Failure) 285M->4M(989M) 1.357ms
[39.806s][info][gc,cpu         ] GC(23) User=0.00s Sys=0.00s Real=0.00s
[40.084s][info][gc,start       ] GC(24) Pause Full (System.gc())
[40.084s][info][gc,phases,start] GC(24) Phase 1: Mark live objects
[40.091s][info][gc,phases      ] GC(24) Phase 1: Mark live objects 7.168ms
[40.091s][info][gc,phases,start] GC(24) Phase 2: Compute new object addresses
[40.107s][info][gc,phases      ] GC(24) Phase 2: Compute new object addresses 15.322ms
[40.107s][info][gc,phases,start] GC(24) Phase 3: Adjust pointers
[40.111s][info][gc,phases      ] GC(24) Phase 3: Adjust pointers 4.720ms
[40.111s][info][gc,phases,start] GC(24) Phase 4: Move objects
[40.112s][info][gc,phases      ] GC(24) Phase 4: Move objects 0.176ms
[40.112s][info][gc,heap        ] GC(24) ParNew: 213926K->0K(314560K)
[40.112s][info][gc,heap        ] GC(24) CMS: 4136K->4082K(699072K)
[40.112s][info][gc,metaspace   ] GC(24) Metaspace: 18487K(19328K)->18487K(19328K) NonClass: 16650K(17152K)->16650K(17152K) Class: 1836K(2176K)->1836K(2176K)
[40.112s][info][gc             ] GC(24) Pause Full (System.gc()) 212M->3M(989M) 28.492ms
[40.112s][info][gc,cpu         ] GC(24) User=0.02s Sys=0.00s Real=0.03s
[40.956s][info][gc,start       ] GC(25) Pause Young (Allocation Failure)
[40.956s][info][gc,task        ] GC(25) Using 6 workers of 6 for evacuation
[40.958s][info][gc,heap        ] GC(25) ParNew: 279616K->11788K(314560K)
[40.958s][info][gc,heap        ] GC(25) CMS: 4082K->4082K(699072K)
[40.958s][info][gc,metaspace   ] GC(25) Metaspace: 18488K(19328K)->18488K(19328K) NonClass: 16652K(17152K)->16652K(17152K) Class: 1836K(2176K)->1836K(2176K)
[40.958s][info][gc             ] GC(25) Pause Young (Allocation Failure) 277M->15M(989M) 2.685ms
[40.958s][info][gc,cpu         ] GC(25) User=0.02s Sys=0.00s Real=0.00s
[41.870s][info][gc,start       ] GC(26) Pause Young (Allocation Failure)
[41.870s][info][gc,task        ] GC(26) Using 6 workers of 6 for evacuation
[41.874s][info][gc,heap        ] GC(26) ParNew: 291404K->22929K(314560K)
[41.874s][info][gc,heap        ] GC(26) CMS: 4082K->4082K(699072K)
[41.874s][info][gc,metaspace   ] GC(26) Metaspace: 18491K(19328K)->18491K(19328K) NonClass: 16655K(17152K)->16655K(17152K) Class: 1836K(2176K)->1836K(2176K)
[41.874s][info][gc             ] GC(26) Pause Young (Allocation Failure) 288M->26M(989M) 3.673ms
[41.874s][info][gc,cpu         ] GC(26) User=0.00s Sys=0.00s Real=0.00s
[42.413s][info][gc,start       ] GC(27) Pause Young (Allocation Failure)
[42.413s][info][gc,task        ] GC(27) Using 6 workers of 6 for evacuation
[42.414s][info][gc,heap        ] GC(27) ParNew: 302545K->5800K(314560K)
[42.414s][info][gc,heap        ] GC(27) CMS: 4082K->4132K(699072K)
[42.414s][info][gc,metaspace   ] GC(27) Metaspace: 18496K(19328K)->18496K(19328K) NonClass: 16660K(17152K)->16660K(17152K) Class: 1836K(2176K)->1836K(2176K)
[42.414s][info][gc             ] GC(27) Pause Young (Allocation Failure) 299M->9M(989M) 1.779ms
[42.414s][info][gc,cpu         ] GC(27) User=0.00s Sys=0.00s Real=0.00s
[43.304s][info][gc,start       ] GC(28) Pause Young (Allocation Failure)
[43.304s][info][gc,task        ] GC(28) Using 6 workers of 6 for evacuation
[43.307s][info][gc,heap        ] GC(28) ParNew: 285416K->13708K(314560K)
[43.307s][info][gc,heap        ] GC(28) CMS: 4132K->4132K(699072K)
[43.307s][info][gc,metaspace   ] GC(28) Metaspace: 18496K(19328K)->18496K(19328K) NonClass: 16660K(17152K)->16660K(17152K) Class: 1836K(2176K)->1836K(2176K)
[43.307s][info][gc             ] GC(28) Pause Young (Allocation Failure) 282M->17M(989M) 2.833ms
[43.307s][info][gc,cpu         ] GC(28) User=0.00s Sys=0.00s Real=0.00s
[44.032s][info][gc,start       ] GC(29) Pause Young (Allocation Failure)
[44.032s][info][gc,task        ] GC(29) Using 6 workers of 6 for evacuation
[44.035s][info][gc,heap        ] GC(29) ParNew: 293324K->22135K(314560K)
[44.035s][info][gc,heap        ] GC(29) CMS: 4132K->4132K(699072K)
[44.035s][info][gc,metaspace   ] GC(29) Metaspace: 18498K(19328K)->18498K(19328K) NonClass: 16662K(17152K)->16662K(17152K) Class: 1836K(2176K)->1836K(2176K)
[44.035s][info][gc             ] GC(29) Pause Young (Allocation Failure) 290M->25M(989M) 3.670ms
[44.035s][info][gc,cpu         ] GC(29) User=0.05s Sys=0.05s Real=0.00s
[44.743s][info][gc,start       ] GC(30) Pause Young (Allocation Failure)
[44.743s][info][gc,task        ] GC(30) Using 6 workers of 6 for evacuation
[44.746s][info][gc,heap        ] GC(30) ParNew: 301751K->9030K(314560K)
[44.746s][info][gc,heap        ] GC(30) CMS: 4132K->4134K(699072K)
[44.746s][info][gc,metaspace   ] GC(30) Metaspace: 18502K(19328K)->18502K(19328K) NonClass: 16666K(17152K)->16666K(17152K) Class: 1836K(2176K)->1836K(2176K)
[44.746s][info][gc             ] GC(30) Pause Young (Allocation Failure) 298M->12M(989M) 2.541ms
[44.746s][info][gc,cpu         ] GC(30) User=0.00s Sys=0.00s Real=0.00s
[45.164s][info][gc,start       ] GC(31) Pause Young (Allocation Failure)
[45.164s][info][gc,task        ] GC(31) Using 6 workers of 6 for evacuation
[45.165s][info][gc,heap        ] GC(31) ParNew: 288646K->748K(314560K)
[45.165s][info][gc,heap        ] GC(31) CMS: 4134K->4134K(699072K)
[45.165s][info][gc,metaspace   ] GC(31) Metaspace: 18513K(19328K)->18513K(19328K) NonClass: 16676K(17152K)->16676K(17152K) Class: 1836K(2176K)->1836K(2176K)
[45.165s][info][gc             ] GC(31) Pause Young (Allocation Failure) 285M->4M(989M) 1.218ms
[45.165s][info][gc,cpu         ] GC(31) User=0.00s Sys=0.00s Real=0.00s
[45.447s][info][gc,start       ] GC(32) Pause Full (System.gc())
[45.447s][info][gc,phases,start] GC(32) Phase 1: Mark live objects
[45.454s][info][gc,phases      ] GC(32) Phase 1: Mark live objects 7.035ms
[45.454s][info][gc,phases,start] GC(32) Phase 2: Compute new object addresses
[45.469s][info][gc,phases      ] GC(32) Phase 2: Compute new object addresses 15.404ms
[45.469s][info][gc,phases,start] GC(32) Phase 3: Adjust pointers
[45.474s][info][gc,phases      ] GC(32) Phase 3: Adjust pointers 5.006ms
[45.474s][info][gc,phases,start] GC(32) Phase 4: Move objects
[45.475s][info][gc,phases      ] GC(32) Phase 4: Move objects 0.166ms
[45.475s][info][gc,heap        ] GC(32) ParNew: 213642K->0K(314560K)
[45.475s][info][gc,heap        ] GC(32) CMS: 4134K->4082K(699072K)
[45.475s][info][gc,metaspace   ] GC(32) Metaspace: 18524K(19328K)->18524K(19328K) NonClass: 16688K(17152K)->16688K(17152K) Class: 1836K(2176K)->1836K(2176K)
[45.476s][info][gc             ] GC(32) Pause Full (System.gc()) 212M->3M(989M) 28.952ms
[45.476s][info][gc,cpu         ] GC(32) User=0.03s Sys=0.00s Real=0.03s
[46.291s][info][gc,start       ] GC(33) Pause Young (Allocation Failure)
[46.291s][info][gc,task        ] GC(33) Using 6 workers of 6 for evacuation
[46.294s][info][gc,heap        ] GC(33) ParNew: 279616K->11015K(314560K)
[46.294s][info][gc,heap        ] GC(33) CMS: 4082K->4082K(699072K)
[46.294s][info][gc,metaspace   ] GC(33) Metaspace: 18526K(19328K)->18526K(19328K) NonClass: 16690K(17152K)->16690K(17152K) Class: 1836K(2176K)->1836K(2176K)
[46.294s][info][gc             ] GC(33) Pause Young (Allocation Failure) 277M->14M(989M) 2.738ms
[46.294s][info][gc,cpu         ] GC(33) User=0.00s Sys=0.00s Real=0.00s
[47.249s][info][gc,start       ] GC(34) Pause Young (Allocation Failure)
[47.249s][info][gc,task        ] GC(34) Using 6 workers of 6 for evacuation
[47.253s][info][gc,heap        ] GC(34) ParNew: 290631K->22955K(314560K)
[47.253s][info][gc,heap        ] GC(34) CMS: 4082K->4082K(699072K)
[47.253s][info][gc,metaspace   ] GC(34) Metaspace: 18527K(19328K)->18527K(19328K) NonClass: 16690K(17152K)->16690K(17152K) Class: 1836K(2176K)->1836K(2176K)
[47.253s][info][gc             ] GC(34) Pause Young (Allocation Failure) 287M->26M(989M) 4.057ms
[47.253s][info][gc,cpu         ] GC(34) User=0.06s Sys=0.00s Real=0.00s
[47.841s][info][gc,start       ] GC(35) Pause Young (Allocation Failure)
[47.841s][info][gc,task        ] GC(35) Using 6 workers of 6 for evacuation
[47.843s][info][gc,heap        ] GC(35) ParNew: 302571K->5902K(314560K)
[47.843s][info][gc,heap        ] GC(35) CMS: 4082K->4130K(699072K)
[47.843s][info][gc,metaspace   ] GC(35) Metaspace: 18527K(19328K)->18527K(19328K) NonClass: 16691K(17152K)->16691K(17152K) Class: 1836K(2176K)->1836K(2176K)
[47.843s][info][gc             ] GC(35) Pause Young (Allocation Failure) 299M->9M(989M) 1.722ms
[47.843s][info][gc,cpu         ] GC(35) User=0.00s Sys=0.00s Real=0.00s
[48.731s][info][gc,start       ] GC(36) Pause Young (Allocation Failure)
[48.731s][info][gc,task        ] GC(36) Using 6 workers of 6 for evacuation
[48.734s][info][gc,heap        ] GC(36) ParNew: 285518K->14641K(314560K)
[48.734s][info][gc,heap        ] GC(36) CMS: 4130K->4130K(699072K)
[48.734s][info][gc,metaspace   ] GC(36) Metaspace: 18527K(19328K)->18527K(19328K) NonClass: 16691K(17152K)->16691K(17152K) Class: 1836K(2176K)->1836K(2176K)
[48.734s][info][gc             ] GC(36) Pause Young (Allocation Failure) 282M->18M(989M) 3.113ms
[48.734s][info][gc,cpu         ] GC(36) User=0.00s Sys=0.00s Real=0.01s
[49.452s][info][gc,start       ] GC(37) Pause Young (Allocation Failure)
[49.453s][info][gc,task        ] GC(37) Using 6 workers of 6 for evacuation
[49.456s][info][gc,heap        ] GC(37) ParNew: 294257K->23095K(314560K)
[49.456s][info][gc,heap        ] GC(37) CMS: 4130K->4130K(699072K)
[49.456s][info][gc,metaspace   ] GC(37) Metaspace: 18532K(19328K)->18532K(19328K) NonClass: 16695K(17152K)->16695K(17152K) Class: 1836K(2176K)->1836K(2176K)
[49.456s][info][gc             ] GC(37) Pause Young (Allocation Failure) 291M->26M(989M) 3.547ms
[49.456s][info][gc,cpu         ] GC(37) User=0.02s Sys=0.00s Real=0.00s
[50.167s][info][gc,start       ] GC(38) Pause Young (Allocation Failure)
[50.167s][info][gc,task        ] GC(38) Using 6 workers of 6 for evacuation
[50.170s][info][gc,heap        ] GC(38) ParNew: 302711K->8477K(314560K)
[50.170s][info][gc,heap        ] GC(38) CMS: 4130K->4136K(699072K)
[50.170s][info][gc,metaspace   ] GC(38) Metaspace: 18535K(19328K)->18535K(19328K) NonClass: 16699K(17152K)->16699K(17152K) Class: 1836K(2176K)->1836K(2176K)
[50.170s][info][gc             ] GC(38) Pause Young (Allocation Failure) 299M->12M(989M) 2.568ms
[50.170s][info][gc,cpu         ] GC(38) User=0.00s Sys=0.00s Real=0.00s
[50.580s][info][gc,start       ] GC(39) Pause Young (Allocation Failure)
[50.580s][info][gc,task        ] GC(39) Using 6 workers of 6 for evacuation
[50.581s][info][gc,heap        ] GC(39) ParNew: 288093K->771K(314560K)
[50.581s][info][gc,heap        ] GC(39) CMS: 4136K->4136K(699072K)
[50.581s][info][gc,metaspace   ] GC(39) Metaspace: 18556K(19328K)->18556K(19328K) NonClass: 16719K(17152K)->16719K(17152K) Class: 1836K(2176K)->1836K(2176K)
[50.581s][info][gc             ] GC(39) Pause Young (Allocation Failure) 285M->4M(989M) 1.112ms
[50.581s][info][gc,cpu         ] GC(39) User=0.08s Sys=0.02s Real=0.00s
[50.862s][info][gc,start       ] GC(40) Pause Full (System.gc())
[50.862s][info][gc,phases,start] GC(40) Phase 1: Mark live objects
[50.870s][info][gc,phases      ] GC(40) Phase 1: Mark live objects 7.260ms
[50.870s][info][gc,phases,start] GC(40) Phase 2: Compute new object addresses
[50.884s][info][gc,phases      ] GC(40) Phase 2: Compute new object addresses 14.032ms
[50.884s][info][gc,phases,start] GC(40) Phase 3: Adjust pointers
[50.889s][info][gc,phases      ] GC(40) Phase 3: Adjust pointers 5.271ms
[50.889s][info][gc,phases,start] GC(40) Phase 4: Move objects
[50.889s][info][gc,phases      ] GC(40) Phase 4: Move objects 0.118ms
[50.890s][info][gc,heap        ] GC(40) ParNew: 213710K->0K(314560K)
[50.890s][info][gc,heap        ] GC(40) CMS: 4136K->4084K(699072K)
[50.890s][info][gc,metaspace   ] GC(40) Metaspace: 18560K(19328K)->18560K(19328K) NonClass: 16724K(17152K)->16724K(17152K) Class: 1836K(2176K)->1836K(2176K)
[50.890s][info][gc             ] GC(40) Pause Full (System.gc()) 212M->3M(989M) 28.098ms
[50.890s][info][gc,cpu         ] GC(40) User=0.02s Sys=0.00s Real=0.03s
[51.686s][info][gc,start       ] GC(41) Pause Young (Allocation Failure)
[51.686s][info][gc,task        ] GC(41) Using 6 workers of 6 for evacuation
[51.689s][info][gc,heap        ] GC(41) ParNew: 279616K->11811K(314560K)
[51.689s][info][gc,heap        ] GC(41) CMS: 4084K->4084K(699072K)
[51.689s][info][gc,metaspace   ] GC(41) Metaspace: 18565K(19328K)->18565K(19328K) NonClass: 16729K(17152K)->16729K(17152K) Class: 1836K(2176K)->1836K(2176K)
[51.689s][info][gc             ] GC(41) Pause Young (Allocation Failure) 277M->15M(989M) 2.656ms
[51.689s][info][gc,cpu         ] GC(41) User=0.00s Sys=0.00s Real=0.00s
[52.587s][info][gc,start       ] GC(42) Pause Young (Allocation Failure)
[52.587s][info][gc,task        ] GC(42) Using 6 workers of 6 for evacuation
[52.591s][info][gc,heap        ] GC(42) ParNew: 291427K->22936K(314560K)
[52.591s][info][gc,heap        ] GC(42) CMS: 4084K->4084K(699072K)
[52.591s][info][gc,metaspace   ] GC(42) Metaspace: 18567K(19328K)->18567K(19328K) NonClass: 16730K(17152K)->16730K(17152K) Class: 1836K(2176K)->1836K(2176K)
[52.591s][info][gc             ] GC(42) Pause Young (Allocation Failure) 288M->26M(989M) 4.053ms
[52.591s][info][gc,cpu         ] GC(42) User=0.00s Sys=0.00s Real=0.00s
[53.186s][info][gc,start       ] GC(43) Pause Young (Allocation Failure)
[53.186s][info][gc,task        ] GC(43) Using 6 workers of 6 for evacuation
[53.188s][info][gc,heap        ] GC(43) ParNew: 302552K->6185K(314560K)
[53.188s][info][gc,heap        ] GC(43) CMS: 4084K->4137K(699072K)
[53.188s][info][gc,metaspace   ] GC(43) Metaspace: 18576K(19328K)->18576K(19328K) NonClass: 16740K(17152K)->16740K(17152K) Class: 1836K(2176K)->1836K(2176K)
[53.188s][info][gc             ] GC(43) Pause Young (Allocation Failure) 299M->10M(989M) 2.157ms
[53.188s][info][gc,cpu         ] GC(43) User=0.00s Sys=0.00s Real=0.00s
[54.074s][info][gc,start       ] GC(44) Pause Young (Allocation Failure)
[54.074s][info][gc,task        ] GC(44) Using 6 workers of 6 for evacuation
[54.077s][info][gc,heap        ] GC(44) ParNew: 285801K->13766K(314560K)
[54.077s][info][gc,heap        ] GC(44) CMS: 4137K->4137K(699072K)
[54.077s][info][gc,metaspace   ] GC(44) Metaspace: 18576K(19328K)->18576K(19328K) NonClass: 16740K(17152K)->16740K(17152K) Class: 1836K(2176K)->1836K(2176K)
[54.077s][info][gc             ] GC(44) Pause Young (Allocation Failure) 283M->17M(989M) 2.966ms
[54.077s][info][gc,cpu         ] GC(44) User=0.00s Sys=0.00s Real=0.00s
[54.794s][info][gc,start       ] GC(45) Pause Young (Allocation Failure)
[54.794s][info][gc,task        ] GC(45) Using 6 workers of 6 for evacuation
[54.798s][info][gc,heap        ] GC(45) ParNew: 293382K->27194K(314560K)
[54.798s][info][gc,heap        ] GC(45) CMS: 4137K->4137K(699072K)
[54.798s][info][gc,metaspace   ] GC(45) Metaspace: 18577K(19328K)->18577K(19328K) NonClass: 16741K(17152K)->16741K(17152K) Class: 1836K(2176K)->1836K(2176K)
[54.798s][info][gc             ] GC(45) Pause Young (Allocation Failure) 290M->30M(989M) 4.314ms
[54.798s][info][gc,cpu         ] GC(45) User=0.00s Sys=0.00s Real=0.01s
[55.540s][info][gc,start       ] GC(46) Pause Young (Allocation Failure)
[55.540s][info][gc,task        ] GC(46) Using 6 workers of 6 for evacuation
[55.542s][info][gc,heap        ] GC(46) ParNew: 306810K->8943K(314560K)
[55.542s][info][gc,heap        ] GC(46) CMS: 4137K->4138K(699072K)
[55.542s][info][gc,metaspace   ] GC(46) Metaspace: 18578K(19328K)->18578K(19328K) NonClass: 16742K(17152K)->16742K(17152K) Class: 1836K(2176K)->1836K(2176K)
[55.542s][info][gc             ] GC(46) Pause Young (Allocation Failure) 303M->12M(989M) 2.130ms
[55.542s][info][gc,cpu         ] GC(46) User=0.00s Sys=0.00s Real=0.01s
[55.957s][info][gc,start       ] GC(47) Pause Young (Allocation Failure)
[55.957s][info][gc,task        ] GC(47) Using 6 workers of 6 for evacuation
[55.958s][info][gc,heap        ] GC(47) ParNew: 288559K->686K(314560K)
[55.958s][info][gc,heap        ] GC(47) CMS: 4138K->4138K(699072K)
[55.958s][info][gc,metaspace   ] GC(47) Metaspace: 18584K(19328K)->18584K(19328K) NonClass: 16748K(17152K)->16748K(17152K) Class: 1836K(2176K)->1836K(2176K)
[55.958s][info][gc             ] GC(47) Pause Young (Allocation Failure) 285M->4M(989M) 1.576ms
[55.958s][info][gc,cpu         ] GC(47) User=0.00s Sys=0.00s Real=0.00s
[56.230s][info][gc,start       ] GC(48) Pause Full (System.gc())
[56.230s][info][gc,phases,start] GC(48) Phase 1: Mark live objects
[56.236s][info][gc,phases      ] GC(48) Phase 1: Mark live objects 6.165ms
[56.236s][info][gc,phases,start] GC(48) Phase 2: Compute new object addresses
[56.250s][info][gc,phases      ] GC(48) Phase 2: Compute new object addresses 13.619ms
[56.250s][info][gc,phases,start] GC(48) Phase 3: Adjust pointers
[56.255s][info][gc,phases      ] GC(48) Phase 3: Adjust pointers 4.971ms
[56.255s][info][gc,phases,start] GC(48) Phase 4: Move objects
[56.255s][info][gc,phases      ] GC(48) Phase 4: Move objects 0.098ms
[56.256s][info][gc,heap        ] GC(48) ParNew: 213755K->0K(314560K)
[56.256s][info][gc,heap        ] GC(48) CMS: 4138K->4084K(699072K)
[56.256s][info][gc,metaspace   ] GC(48) Metaspace: 18589K(19328K)->18589K(19328K) NonClass: 16753K(17152K)->16753K(17152K) Class: 1836K(2176K)->1836K(2176K)
[56.256s][info][gc             ] GC(48) Pause Full (System.gc()) 212M->3M(989M) 26.064ms
[56.256s][info][gc,cpu         ] GC(48) User=0.03s Sys=0.00s Real=0.02s
[57.062s][info][gc,start       ] GC(49) Pause Young (Allocation Failure)
[57.062s][info][gc,task        ] GC(49) Using 6 workers of 6 for evacuation
[57.064s][info][gc,heap        ] GC(49) ParNew: 279616K->11056K(314560K)
[57.064s][info][gc,heap        ] GC(49) CMS: 4084K->4084K(699072K)
[57.064s][info][gc,metaspace   ] GC(49) Metaspace: 18590K(19328K)->18590K(19328K) NonClass: 16753K(17152K)->16753K(17152K) Class: 1836K(2176K)->1836K(2176K)
[57.064s][info][gc             ] GC(49) Pause Young (Allocation Failure) 277M->14M(989M) 2.553ms
[57.064s][info][gc,cpu         ] GC(49) User=0.00s Sys=0.00s Real=0.00s
[57.997s][info][gc,start       ] GC(50) Pause Young (Allocation Failure)
[57.997s][info][gc,task        ] GC(50) Using 6 workers of 6 for evacuation
[58.000s][info][gc,heap        ] GC(50) ParNew: 290672K->21894K(314560K)
[58.000s][info][gc,heap        ] GC(50) CMS: 4084K->4084K(699072K)
[58.000s][info][gc,metaspace   ] GC(50) Metaspace: 18590K(19328K)->18590K(19328K) NonClass: 16753K(17152K)->16753K(17152K) Class: 1836K(2176K)->1836K(2176K)
[58.001s][info][gc             ] GC(50) Pause Young (Allocation Failure) 287M->25M(989M) 3.495ms
[58.001s][info][gc,cpu         ] GC(50) User=0.00s Sys=0.00s Real=0.00s
[58.551s][info][gc,start       ] GC(51) Pause Young (Allocation Failure)
[58.552s][info][gc,task        ] GC(51) Using 6 workers of 6 for evacuation
[58.554s][info][gc,heap        ] GC(51) ParNew: 301510K->5805K(314560K)
[58.554s][info][gc,heap        ] GC(51) CMS: 4084K->4137K(699072K)
[58.554s][info][gc,metaspace   ] GC(51) Metaspace: 18590K(19328K)->18590K(19328K) NonClass: 16754K(17152K)->16754K(17152K) Class: 1836K(2176K)->1836K(2176K)
[58.554s][info][gc             ] GC(51) Pause Young (Allocation Failure) 298M->9M(989M) 2.228ms
[58.554s][info][gc,cpu         ] GC(51) User=0.00s Sys=0.00s Real=0.00s
[59.465s][info][gc,start       ] GC(52) Pause Young (Allocation Failure)
[59.465s][info][gc,task        ] GC(52) Using 6 workers of 6 for evacuation
[59.468s][info][gc,heap        ] GC(52) ParNew: 285421K->14671K(314560K)
[59.468s][info][gc,heap        ] GC(52) CMS: 4137K->4137K(699072K)
[59.468s][info][gc,metaspace   ] GC(52) Metaspace: 18590K(19328K)->18590K(19328K) NonClass: 16754K(17152K)->16754K(17152K) Class: 1836K(2176K)->1836K(2176K)
[59.468s][info][gc             ] GC(52) Pause Young (Allocation Failure) 282M->18M(989M) 3.233ms
[59.468s][info][gc,cpu         ] GC(52) User=0.00s Sys=0.00s Real=0.02s
[60.190s][info][gc,start       ] GC(53) Pause Young (Allocation Failure)
[60.190s][info][gc,task        ] GC(53) Using 6 workers of 6 for evacuation
[60.194s][info][gc,heap        ] GC(53) ParNew: 294287K->27205K(314560K)
[60.194s][info][gc,heap        ] GC(53) CMS: 4137K->4137K(699072K)
[60.194s][info][gc,metaspace   ] GC(53) Metaspace: 18590K(19328K)->18590K(19328K) NonClass: 16754K(17152K)->16754K(17152K) Class: 1836K(2176K)->1836K(2176K)
[60.194s][info][gc             ] GC(53) Pause Young (Allocation Failure) 291M->30M(989M) 4.281ms
[60.194s][info][gc,cpu         ] GC(53) User=0.09s Sys=0.00s Real=0.00s
[60.873s][info][gc,start       ] GC(54) Pause Young (Allocation Failure)
[60.873s][info][gc,task        ] GC(54) Using 6 workers of 6 for evacuation
[60.876s][info][gc,heap        ] GC(54) ParNew: 306821K->9049K(314560K)
[60.876s][info][gc,heap        ] GC(54) CMS: 4137K->4139K(699072K)
[60.876s][info][gc,metaspace   ] GC(54) Metaspace: 18596K(19328K)->18596K(19328K) NonClass: 16760K(17152K)->16760K(17152K) Class: 1836K(2176K)->1836K(2176K)
[60.876s][info][gc             ] GC(54) Pause Young (Allocation Failure) 303M->12M(989M) 2.683ms
[60.876s][info][gc,cpu         ] GC(54) User=0.00s Sys=0.00s Real=0.00s
[61.284s][info][gc,start       ] GC(55) Pause Young (Allocation Failure)
[61.284s][info][gc,task        ] GC(55) Using 6 workers of 6 for evacuation
[61.286s][info][gc,heap        ] GC(55) ParNew: 288665K->740K(314560K)
[61.286s][info][gc,heap        ] GC(55) CMS: 4139K->4139K(699072K)
[61.286s][info][gc,metaspace   ] GC(55) Metaspace: 18606K(19328K)->18606K(19328K) NonClass: 16770K(17152K)->16770K(17152K) Class: 1836K(2176K)->1836K(2176K)
[61.286s][info][gc             ] GC(55) Pause Young (Allocation Failure) 285M->4M(989M) 1.670ms
[61.286s][info][gc,cpu         ] GC(55) User=0.00s Sys=0.00s Real=0.00s
[61.559s][info][gc,start       ] GC(56) Pause Full (System.gc())
[61.559s][info][gc,phases,start] GC(56) Phase 1: Mark live objects
[61.565s][info][gc,phases      ] GC(56) Phase 1: Mark live objects 6.026ms
[61.565s][info][gc,phases,start] GC(56) Phase 2: Compute new object addresses
[61.579s][info][gc,phases      ] GC(56) Phase 2: Compute new object addresses 13.302ms
[61.579s][info][gc,phases,start] GC(56) Phase 3: Adjust pointers
[61.584s][info][gc,phases      ] GC(56) Phase 3: Adjust pointers 5.040ms
[61.584s][info][gc,phases,start] GC(56) Phase 4: Move objects
[61.584s][info][gc,phases      ] GC(56) Phase 4: Move objects 0.111ms
[61.585s][info][gc,heap        ] GC(56) ParNew: 213892K->0K(314560K)
[61.585s][info][gc,heap        ] GC(56) CMS: 4139K->4084K(699072K)
[61.585s][info][gc,metaspace   ] GC(56) Metaspace: 18610K(19328K)->18610K(19328K) NonClass: 16773K(17152K)->16773K(17152K) Class: 1836K(2176K)->1836K(2176K)
[61.585s][info][gc             ] GC(56) Pause Full (System.gc()) 212M->3M(989M) 25.698ms
[61.585s][info][gc,cpu         ] GC(56) User=0.03s Sys=0.00s Real=0.02s
[62.425s][info][gc,start       ] GC(57) Pause Young (Allocation Failure)
[62.425s][info][gc,task        ] GC(57) Using 6 workers of 6 for evacuation
[62.427s][info][gc,heap        ] GC(57) ParNew: 279616K->11069K(314560K)
[62.427s][info][gc,heap        ] GC(57) CMS: 4084K->4084K(699072K)
[62.427s][info][gc,metaspace   ] GC(57) Metaspace: 18611K(19328K)->18611K(19328K) NonClass: 16775K(17152K)->16775K(17152K) Class: 1836K(2176K)->1836K(2176K)
[62.428s][info][gc             ] GC(57) Pause Young (Allocation Failure) 277M->14M(989M) 2.480ms
[62.428s][info][gc,cpu         ] GC(57) User=0.00s Sys=0.00s Real=0.00s
[63.410s][info][gc,start       ] GC(58) Pause Young (Allocation Failure)
[63.410s][info][gc,task        ] GC(58) Using 6 workers of 6 for evacuation
[63.414s][info][gc,heap        ] GC(58) ParNew: 290685K->27050K(314560K)
[63.414s][info][gc,heap        ] GC(58) CMS: 4084K->4084K(699072K)
[63.414s][info][gc,metaspace   ] GC(58) Metaspace: 18614K(19328K)->18614K(19328K) NonClass: 16778K(17152K)->16778K(17152K) Class: 1836K(2176K)->1836K(2176K)
[63.414s][info][gc             ] GC(58) Pause Young (Allocation Failure) 287M->30M(989M) 3.960ms
[63.414s][info][gc,cpu         ] GC(58) User=0.00s Sys=0.00s Real=0.00s
[64.016s][info][gc,start       ] GC(59) Pause Young (Allocation Failure)
[64.016s][info][gc,task        ] GC(59) Using 6 workers of 6 for evacuation
[64.018s][info][gc,heap        ] GC(59) ParNew: 306666K->6222K(314560K)
[64.019s][info][gc,heap        ] GC(59) CMS: 4084K->4137K(699072K)
[64.019s][info][gc,metaspace   ] GC(59) Metaspace: 18616K(19328K)->18616K(19328K) NonClass: 16780K(17152K)->16780K(17152K) Class: 1836K(2176K)->1836K(2176K)
[64.019s][info][gc             ] GC(59) Pause Young (Allocation Failure) 303M->10M(989M) 2.256ms
[64.019s][info][gc,cpu         ] GC(59) User=0.02s Sys=0.00s Real=0.00s
[64.960s][info][gc,start       ] GC(60) Pause Young (Allocation Failure)
[64.960s][info][gc,task        ] GC(60) Using 6 workers of 6 for evacuation
[64.963s][info][gc,heap        ] GC(60) ParNew: 285838K->13749K(314560K)
[64.963s][info][gc,heap        ] GC(60) CMS: 4137K->4137K(699072K)
[64.963s][info][gc,metaspace   ] GC(60) Metaspace: 18617K(19328K)->18617K(19328K) NonClass: 16781K(17152K)->16781K(17152K) Class: 1836K(2176K)->1836K(2176K)
[64.963s][info][gc             ] GC(60) Pause Young (Allocation Failure) 283M->17M(989M) 2.987ms
[64.963s][info][gc,cpu         ] GC(60) User=0.00s Sys=0.00s Real=0.02s
[65.570s][info][gc,start       ] GC(61) Pause Young (Allocation Failure)
[65.570s][info][gc,task        ] GC(61) Using 6 workers of 6 for evacuation
[65.574s][info][gc,heap        ] GC(61) ParNew: 293365K->23046K(314560K)
[65.574s][info][gc,heap        ] GC(61) CMS: 4137K->4137K(699072K)
[65.574s][info][gc,metaspace   ] GC(61) Metaspace: 18618K(19328K)->18618K(19328K) NonClass: 16782K(17152K)->16782K(17152K) Class: 1836K(2176K)->1836K(2176K)
[65.574s][info][gc             ] GC(61) Pause Young (Allocation Failure) 290M->26M(989M) 4.178ms
[65.574s][info][gc,cpu         ] GC(61) User=0.00s Sys=0.00s Real=0.01s
[66.282s][info][gc,start       ] GC(62) Pause Young (Allocation Failure)
[66.282s][info][gc,task        ] GC(62) Using 6 workers of 6 for evacuation
[66.285s][info][gc,heap        ] GC(62) ParNew: 302662K->9007K(314560K)
[66.285s][info][gc,heap        ] GC(62) CMS: 4137K->4139K(699072K)
[66.285s][info][gc,metaspace   ] GC(62) Metaspace: 18624K(19328K)->18624K(19328K) NonClass: 16788K(17152K)->16788K(17152K) Class: 1836K(2176K)->1836K(2176K)
[66.285s][info][gc             ] GC(62) Pause Young (Allocation Failure) 299M->12M(989M) 2.418ms
[66.285s][info][gc,cpu         ] GC(62) User=0.06s Sys=0.02s Real=0.00s
[66.692s][info][gc,start       ] GC(63) Pause Young (Allocation Failure)
[66.692s][info][gc,task        ] GC(63) Using 6 workers of 6 for evacuation
[66.694s][info][gc,heap        ] GC(63) ParNew: 288623K->730K(314560K)
[66.694s][info][gc,heap        ] GC(63) CMS: 4139K->4139K(699072K)
[66.694s][info][gc,metaspace   ] GC(63) Metaspace: 18635K(19328K)->18635K(19328K) NonClass: 16799K(17152K)->16799K(17152K) Class: 1836K(2176K)->1836K(2176K)
[66.694s][info][gc             ] GC(63) Pause Young (Allocation Failure) 285M->4M(989M) 1.854ms
[66.694s][info][gc,cpu         ] GC(63) User=0.00s Sys=0.00s Real=0.00s
[66.974s][info][gc,start       ] GC(64) Pause Full (System.gc())
[66.974s][info][gc,phases,start] GC(64) Phase 1: Mark live objects
[66.981s][info][gc,phases      ] GC(64) Phase 1: Mark live objects 6.255ms
[66.981s][info][gc,phases,start] GC(64) Phase 2: Compute new object addresses
[66.994s][info][gc,phases      ] GC(64) Phase 2: Compute new object addresses 12.818ms
[66.994s][info][gc,phases,start] GC(64) Phase 3: Adjust pointers
[66.999s][info][gc,phases      ] GC(64) Phase 3: Adjust pointers 5.653ms
[66.999s][info][gc,phases,start] GC(64) Phase 4: Move objects
[67.000s][info][gc,phases      ] GC(64) Phase 4: Move objects 0.523ms
[67.001s][info][gc,heap        ] GC(64) ParNew: 213788K->0K(314560K)
[67.001s][info][gc,heap        ] GC(64) CMS: 4139K->4086K(699072K)
[67.001s][info][gc,metaspace   ] GC(64) Metaspace: 18640K(19328K)->18640K(19328K) NonClass: 16803K(17152K)->16803K(17152K) Class: 1836K(2176K)->1836K(2176K)
[67.001s][info][gc             ] GC(64) Pause Full (System.gc()) 212M->3M(989M) 26.760ms
[67.001s][info][gc,cpu         ] GC(64) User=0.02s Sys=0.00s Real=0.03s
[67.814s][info][gc,start       ] GC(65) Pause Young (Allocation Failure)
[67.814s][info][gc,task        ] GC(65) Using 6 workers of 6 for evacuation
[67.817s][info][gc,heap        ] GC(65) ParNew: 279616K->11823K(314560K)
[67.817s][info][gc,heap        ] GC(65) CMS: 4086K->4086K(699072K)
[67.817s][info][gc,metaspace   ] GC(65) Metaspace: 18641K(19328K)->18641K(19328K) NonClass: 16804K(17152K)->16804K(17152K) Class: 1836K(2176K)->1836K(2176K)
[67.817s][info][gc             ] GC(65) Pause Young (Allocation Failure) 277M->15M(989M) 3.183ms
[67.817s][info][gc,cpu         ] GC(65) User=0.06s Sys=0.00s Real=0.00s
[68.729s][info][gc,start       ] GC(66) Pause Young (Allocation Failure)
[68.729s][info][gc,task        ] GC(66) Using 6 workers of 6 for evacuation
[68.733s][info][gc,heap        ] GC(66) ParNew: 291439K->21888K(314560K)
[68.733s][info][gc,heap        ] GC(66) CMS: 4086K->4086K(699072K)
[68.733s][info][gc,metaspace   ] GC(66) Metaspace: 18641K(19328K)->18641K(19328K) NonClass: 16804K(17152K)->16804K(17152K) Class: 1836K(2176K)->1836K(2176K)
[68.733s][info][gc             ] GC(66) Pause Young (Allocation Failure) 288M->25M(989M) 3.866ms
[68.733s][info][gc,cpu         ] GC(66) User=0.00s Sys=0.00s Real=0.00s
[69.317s][info][gc,start       ] GC(67) Pause Young (Allocation Failure)
[69.317s][info][gc,task        ] GC(67) Using 6 workers of 6 for evacuation
[69.319s][info][gc,heap        ] GC(67) ParNew: 301504K->5786K(314560K)
[69.319s][info][gc,heap        ] GC(67) CMS: 4086K->4134K(699072K)
[69.319s][info][gc,metaspace   ] GC(67) Metaspace: 18647K(19584K)->18647K(19584K) NonClass: 16810K(17408K)->16810K(17408K) Class: 1836K(2176K)->1836K(2176K)
[69.319s][info][gc             ] GC(67) Pause Young (Allocation Failure) 298M->9M(989M) 2.491ms
[69.319s][info][gc,cpu         ] GC(67) User=0.00s Sys=0.00s Real=0.00s
[70.200s][info][gc,start       ] GC(68) Pause Young (Allocation Failure)
[70.200s][info][gc,task        ] GC(68) Using 6 workers of 6 for evacuation
[70.203s][info][gc,heap        ] GC(68) ParNew: 285402K->14690K(314560K)
[70.203s][info][gc,heap        ] GC(68) CMS: 4134K->4134K(699072K)
[70.203s][info][gc,metaspace   ] GC(68) Metaspace: 18647K(19584K)->18647K(19584K) NonClass: 16810K(17408K)->16810K(17408K) Class: 1836K(2176K)->1836K(2176K)
[70.203s][info][gc             ] GC(68) Pause Young (Allocation Failure) 282M->18M(989M) 3.205ms
[70.203s][info][gc,cpu         ] GC(68) User=0.00s Sys=0.00s Real=0.01s
[70.926s][info][gc,start       ] GC(69) Pause Young (Allocation Failure)
[70.926s][info][gc,task        ] GC(69) Using 6 workers of 6 for evacuation
[70.929s][info][gc,heap        ] GC(69) ParNew: 294306K->22033K(314560K)
[70.929s][info][gc,heap        ] GC(69) CMS: 4134K->4134K(699072K)
[70.929s][info][gc,metaspace   ] GC(69) Metaspace: 18647K(19584K)->18647K(19584K) NonClass: 16810K(17408K)->16810K(17408K) Class: 1836K(2176K)->1836K(2176K)
[70.929s][info][gc             ] GC(69) Pause Young (Allocation Failure) 291M->25M(989M) 3.838ms
[70.929s][info][gc,cpu         ] GC(69) User=0.00s Sys=0.00s Real=0.01s
[71.634s][info][gc,start       ] GC(70) Pause Young (Allocation Failure)
[71.634s][info][gc,task        ] GC(70) Using 6 workers of 6 for evacuation
[71.636s][info][gc,heap        ] GC(70) ParNew: 301649K->10004K(314560K)
[71.636s][info][gc,heap        ] GC(70) CMS: 4134K->4140K(699072K)
[71.636s][info][gc,metaspace   ] GC(70) Metaspace: 18652K(19584K)->18652K(19584K) NonClass: 16815K(17408K)->16815K(17408K) Class: 1836K(2176K)->1836K(2176K)
[71.636s][info][gc             ] GC(70) Pause Young (Allocation Failure) 298M->13M(989M) 2.403ms
[71.636s][info][gc,cpu         ] GC(70) User=0.00s Sys=0.00s Real=0.01s
[72.049s][info][gc,start       ] GC(71) Pause Young (Allocation Failure)
[72.049s][info][gc,task        ] GC(71) Using 6 workers of 6 for evacuation
[72.050s][info][gc,heap        ] GC(71) ParNew: 289620K->736K(314560K)
[72.050s][info][gc,heap        ] GC(71) CMS: 4140K->4140K(699072K)
[72.050s][info][gc,metaspace   ] GC(71) Metaspace: 18656K(19584K)->18656K(19584K) NonClass: 16820K(17408K)->16820K(17408K) Class: 1836K(2176K)->1836K(2176K)
[72.050s][info][gc             ] GC(71) Pause Young (Allocation Failure) 286M->4M(989M) 1.293ms
[72.050s][info][gc,cpu         ] GC(71) User=0.09s Sys=0.00s Real=0.00s
[72.322s][info][gc,start       ] GC(72) Pause Full (System.gc())
[72.322s][info][gc,phases,start] GC(72) Phase 1: Mark live objects
[72.329s][info][gc,phases      ] GC(72) Phase 1: Mark live objects 6.928ms
[72.329s][info][gc,phases,start] GC(72) Phase 2: Compute new object addresses
[72.341s][info][gc,phases      ] GC(72) Phase 2: Compute new object addresses 11.970ms
[72.341s][info][gc,phases,start] GC(72) Phase 3: Adjust pointers
[72.348s][info][gc,phases      ] GC(72) Phase 3: Adjust pointers 6.555ms
[72.348s][info][gc,phases,start] GC(72) Phase 4: Move objects
[72.348s][info][gc,phases      ] GC(72) Phase 4: Move objects 0.104ms
[72.349s][info][gc,heap        ] GC(72) ParNew: 213786K->0K(314560K)
[72.349s][info][gc,heap        ] GC(72) CMS: 4140K->4088K(699072K)
[72.349s][info][gc,metaspace   ] GC(72) Metaspace: 18660K(19584K)->18660K(19584K) NonClass: 16824K(17408K)->16824K(17408K) Class: 1836K(2176K)->1836K(2176K)
[72.349s][info][gc             ] GC(72) Pause Full (System.gc()) 212M->3M(989M) 26.713ms
[72.349s][info][gc,cpu         ] GC(72) User=0.03s Sys=0.00s Real=0.04s
[73.167s][info][gc,start       ] GC(73) Pause Young (Allocation Failure)
[73.167s][info][gc,task        ] GC(73) Using 6 workers of 6 for evacuation
[73.170s][info][gc,heap        ] GC(73) ParNew: 279616K->11816K(314560K)
[73.170s][info][gc,heap        ] GC(73) CMS: 4088K->4088K(699072K)
[73.170s][info][gc,metaspace   ] GC(73) Metaspace: 18662K(19584K)->18662K(19584K) NonClass: 16825K(17408K)->16825K(17408K) Class: 1836K(2176K)->1836K(2176K)
[73.170s][info][gc             ] GC(73) Pause Young (Allocation Failure) 277M->15M(989M) 2.763ms
[73.170s][info][gc,cpu         ] GC(73) User=0.00s Sys=0.00s Real=0.00s
[74.140s][info][gc,start       ] GC(74) Pause Young (Allocation Failure)
[74.140s][info][gc,task        ] GC(74) Using 6 workers of 6 for evacuation
[74.144s][info][gc,heap        ] GC(74) ParNew: 291432K->27076K(314560K)
[74.144s][info][gc,heap        ] GC(74) CMS: 4088K->4088K(699072K)
[74.144s][info][gc,metaspace   ] GC(74) Metaspace: 18662K(19584K)->18662K(19584K) NonClass: 16825K(17408K)->16825K(17408K) Class: 1836K(2176K)->1836K(2176K)
[74.144s][info][gc             ] GC(74) Pause Young (Allocation Failure) 288M->30M(989M) 3.707ms
[74.144s][info][gc,cpu         ] GC(74) User=0.06s Sys=0.00s Real=0.01s
[74.727s][info][gc,start       ] GC(75) Pause Young (Allocation Failure)
[74.727s][info][gc,task        ] GC(75) Using 6 workers of 6 for evacuation
[74.729s][info][gc,heap        ] GC(75) ParNew: 306692K->6169K(314560K)
[74.729s][info][gc,heap        ] GC(75) CMS: 4088K->4138K(699072K)
[74.729s][info][gc,metaspace   ] GC(75) Metaspace: 18665K(19584K)->18665K(19584K) NonClass: 16828K(17408K)->16828K(17408K) Class: 1836K(2176K)->1836K(2176K)
[74.729s][info][gc             ] GC(75) Pause Young (Allocation Failure) 303M->10M(989M) 1.953ms
[74.729s][info][gc,cpu         ] GC(75) User=0.00s Sys=0.00s Real=0.01s
[75.648s][info][gc,start       ] GC(76) Pause Young (Allocation Failure)
[75.648s][info][gc,task        ] GC(76) Using 6 workers of 6 for evacuation
[75.651s][info][gc,heap        ] GC(76) ParNew: 285785K->14681K(314560K)
[75.651s][info][gc,heap        ] GC(76) CMS: 4138K->4138K(699072K)
[75.651s][info][gc,metaspace   ] GC(76) Metaspace: 18665K(19584K)->18665K(19584K) NonClass: 16828K(17408K)->16828K(17408K) Class: 1836K(2176K)->1836K(2176K)
[75.651s][info][gc             ] GC(76) Pause Young (Allocation Failure) 283M->18M(989M) 3.096ms
[75.651s][info][gc,cpu         ] GC(76) User=0.00s Sys=0.00s Real=0.00s
[76.376s][info][gc,start       ] GC(77) Pause Young (Allocation Failure)
[76.376s][info][gc,task        ] GC(77) Using 6 workers of 6 for evacuation
[76.380s][info][gc,heap        ] GC(77) ParNew: 294297K->22056K(314560K)
[76.380s][info][gc,heap        ] GC(77) CMS: 4138K->4138K(699072K)
[76.380s][info][gc,metaspace   ] GC(77) Metaspace: 18665K(19584K)->18665K(19584K) NonClass: 16828K(17408K)->16828K(17408K) Class: 1836K(2176K)->1836K(2176K)
[76.380s][info][gc             ] GC(77) Pause Young (Allocation Failure) 291M->25M(989M) 3.598ms
[76.380s][info][gc,cpu         ] GC(77) User=0.09s Sys=0.00s Real=0.00s
[77.110s][info][gc,start       ] GC(78) Pause Young (Allocation Failure)
[77.110s][info][gc,task        ] GC(78) Using 6 workers of 6 for evacuation
[77.112s][info][gc,heap        ] GC(78) ParNew: 301672K->8956K(314560K)
[77.112s][info][gc,heap        ] GC(78) CMS: 4138K->4142K(699072K)
[77.112s][info][gc,metaspace   ] GC(78) Metaspace: 18666K(19584K)->18666K(19584K) NonClass: 16829K(17408K)->16829K(17408K) Class: 1836K(2176K)->1836K(2176K)
[77.112s][info][gc             ] GC(78) Pause Young (Allocation Failure) 298M->12M(989M) 2.344ms
[77.112s][info][gc,cpu         ] GC(78) User=0.00s Sys=0.00s Real=0.01s
[77.523s][info][gc,start       ] GC(79) Pause Young (Allocation Failure)
[77.523s][info][gc,task        ] GC(79) Using 6 workers of 6 for evacuation
[77.524s][info][gc,heap        ] GC(79) ParNew: 288572K->835K(314560K)
[77.524s][info][gc,heap        ] GC(79) CMS: 4142K->4142K(699072K)
[77.524s][info][gc,metaspace   ] GC(79) Metaspace: 18672K(19584K)->18672K(19584K) NonClass: 16836K(17408K)->16836K(17408K) Class: 1836K(2176K)->1836K(2176K)
[77.524s][info][gc             ] GC(79) Pause Young (Allocation Failure) 285M->4M(989M) 1.327ms
[77.524s][info][gc,cpu         ] GC(79) User=0.00s Sys=0.00s Real=0.00s
[77.805s][info][gc,heap,exit   ] Heap
[77.805s][info][gc,heap,exit   ]  par new generation   total 314560K, used 216524K [0x00000000c0000000, 0x00000000d5550000, 0x00000000d5550000)
[77.805s][info][gc,heap,exit   ]   eden space 279616K,  77% used [0x00000000c0000000, 0x00000000cd2a23f8, 0x00000000d1110000)
[77.805s][info][gc,heap,exit   ]   from space 34944K,   2% used [0x00000000d1110000, 0x00000000d11e0ed8, 0x00000000d3330000)
[77.805s][info][gc,heap,exit   ]   to   space 34944K,   0% used [0x00000000d3330000, 0x00000000d3330000, 0x00000000d5550000)
[77.805s][info][gc,heap,exit   ]  concurrent mark-sweep generation total 699072K, used 4142K [0x00000000d5550000, 0x0000000100000000, 0x0000000100000000)
[77.805s][info][gc,heap,exit   ]  Metaspace       used 18676K, capacity 19320K, committed 19584K, reserved 1067008K
[77.805s][info][gc,heap,exit   ]   class space    used 1836K, capacity 2105K, committed 2176K, reserved 1048576K
